🤖 Continuous MEV Bot Runner
============================
🤖 Initializing MEV Bot Runner...
[2m2025-12-10T10:07:58.063889Z[0m [32m INFO[0m [2methereum_transaction_pool_monitor::eth_client[0m[2m:[0m 🔗 Initializing Ethereum client
[2m2025-12-10T10:07:58.063937Z[0m [34mDEBUG[0m [2methereum_transaction_pool_monitor::eth_client[0m[2m:[0m 📡 RPC URL: http://192.168.0.14:8545
[2m2025-12-10T10:07:58.067173Z[0m [34mDEBUG[0m [2mhyper::client::connect::http[0m[2m:[0m connecting to 192.168.0.14:8545
[2m2025-12-10T10:07:58.070400Z[0m [34mDEBUG[0m [2mhyper::client::connect::http[0m[2m:[0m connected to 192.168.0.14:8545
[2m2025-12-10T10:07:58.070574Z[0m [34mDEBUG[0m [2mhyper::proto::h1::io[0m[2m:[0m flushed 172 bytes
[2m2025-12-10T10:07:58.075724Z[0m [34mDEBUG[0m [2mhyper::proto::h1::io[0m[2m:[0m parsed 4 headers
[2m2025-12-10T10:07:58.075739Z[0m [34mDEBUG[0m [2mhyper::proto::h1::conn[0m[2m:[0m incoming body is content-length (45 bytes)
[2m2025-12-10T10:07:58.075749Z[0m [34mDEBUG[0m [2mhyper::proto::h1::conn[0m[2m:[0m incoming body completed
[2m2025-12-10T10:07:58.075757Z[0m [34mDEBUG[0m [2mhyper::client::pool[0m[2m:[0m pooling idle connection for ("http", 192.168.0.14:8545)
[2m2025-12-10T10:07:58.075869Z[0m [32m INFO[0m [2methereum_transaction_pool_monitor::eth_client[0m[2m:[0m ✅ Ethereum client connected - Current block: 23981613
[2m2025-12-10T10:07:58.075887Z[0m [34mDEBUG[0m [2methereum_transaction_pool_monitor::pool_db[0m[2m:[0m 🗄️  Opening database at path: ./dex_pools.db
[2m2025-12-10T10:07:58.076257Z[0m [32m INFO[0m [2methereum_transaction_pool_monitor::pool_db[0m[2m:[0m ✅ Database connection established successfully
[2m2025-12-10T10:07:58.076263Z[0m [34mDEBUG[0m [2methereum_transaction_pool_monitor::pool_db[0m[2m:[0m 🔧 Initializing database schema...
[2m2025-12-10T10:07:58.076267Z[0m [34mDEBUG[0m [2methereum_transaction_pool_monitor::pool_db[0m[2m:[0m 🔨 Creating database tables and indexes...
[2m2025-12-10T10:07:58.076691Z[0m [34mDEBUG[0m [2methereum_transaction_pool_monitor::pool_db[0m[2m:[0m ✅ Database schema creation completed
[2m2025-12-10T10:07:58.076696Z[0m [32m INFO[0m [2methereum_transaction_pool_monitor::pool_db[0m[2m:[0m ✅ Database schema initialized
[2m2025-12-10T10:07:58.078171Z[0m [32m INFO[0m [2methereum_transaction_pool_monitor::pool_db[0m[2m:[0m 📊 Database contains 545308 pools
📊 Loading pool database...
✅ Pool database loaded: 545308 pools
⚙️  Bot Configuration:
   • Min Profit: 0.0100 ETH
   • Max Gas Price: 50 gwei
   • Execution Mode: Simulation Only
   • Stats Interval: 30s
📝 Running in SIMULATION mode - no actual transactions will be sent
[2m2025-12-10T10:07:58.079167Z[0m [32m INFO[0m [2methereum_transaction_pool_monitor::bot_runner[0m[2m:[0m 🚀 Initializing MEV bot runner...
[2m2025-12-10T10:07:58.079171Z[0m [34mDEBUG[0m [2methereum_transaction_pool_monitor::bot_runner[0m[2m:[0m 🔧 Bot configuration: min_profit=0.0100 ETH, max_gas=50.0 gwei
[2m2025-12-10T10:07:58.079176Z[0m [34mDEBUG[0m [2methereum_transaction_pool_monitor::bot_runner[0m[2m:[0m 🔗 RPC URL: http://192.168.0.14:8545
[2m2025-12-10T10:07:58.079180Z[0m [34mDEBUG[0m [2methereum_transaction_pool_monitor::bot_runner[0m[2m:[0m 🗄️  Database: ./dex_pools.db
[2m2025-12-10T10:07:58.079184Z[0m [32m INFO[0m [2methereum_transaction_pool_monitor::bot_runner[0m[2m:[0m ✅ MEV bot runner initialized
[2m2025-12-10T10:07:58.079187Z[0m [34mDEBUG[0m [2methereum_transaction_pool_monitor::bot_runner[0m[2m:[0m 📊 Initial stats: uptime started, 0 transactions processed

🚀 Starting MEV bot runner...
   Press Ctrl+C to stop gracefully

[2m2025-12-10T10:07:58.079206Z[0m [32m INFO[0m [2methereum_transaction_pool_monitor::bot_runner[0m[2m:[0m Starting MEV bot runner...
[2m2025-12-10T10:07:58.079210Z[0m [32m INFO[0m [2methereum_transaction_pool_monitor::bot_runner[0m[2m:[0m ╔══════════════════════════════════════════════════════════════╗
[2m2025-12-10T10:07:58.079224Z[0m [32m INFO[0m [2methereum_transaction_pool_monitor::bot_runner[0m[2m:[0m ║                  MEV BOT RUNNER STARTED                     ║
[2m2025-12-10T10:07:58.079227Z[0m [32m INFO[0m [2methereum_transaction_pool_monitor::bot_runner[0m[2m:[0m ╠══════════════════════════════════════════════════════════════╣
[2m2025-12-10T10:07:58.079235Z[0m [32m INFO[0m [2methereum_transaction_pool_monitor::bot_runner[0m[2m:[0m ║ Min Profit Threshold: 0.0100 ETH                           ║
[2m2025-12-10T10:07:58.079249Z[0m [32m INFO[0m [2methereum_transaction_pool_monitor::bot_runner[0m[2m:[0m ║ Max Gas Price: 50 gwei                                  ║
[2m2025-12-10T10:07:58.079262Z[0m [32m INFO[0m [2methereum_transaction_pool_monitor::bot_runner[0m[2m:[0m ║ Max Concurrent Bundles: 5                                ║
[2m2025-12-10T10:07:58.079266Z[0m [32m INFO[0m [2methereum_transaction_pool_monitor::bot_runner[0m[2m:[0m ║ Flashbots Enabled: false                                    ║
[2m2025-12-10T10:07:58.080296Z[0m [32m INFO[0m [2methereum_transaction_pool_monitor::bot_runner[0m[2m:[0m ║ Pool Database: 545308 pools loaded                         ║
[2m2025-12-10T10:07:58.080306Z[0m [32m INFO[0m [2methereum_transaction_pool_monitor::bot_runner[0m[2m:[0m ╚══════════════════════════════════════════════════════════════╝
[2m2025-12-10T10:07:58.080311Z[0m [32m INFO[0m [2methereum_transaction_pool_monitor::mempool_monitor[0m[2m:[0m 🚀 Initializing MEV mempool monitor...
[2m2025-12-10T10:07:58.080315Z[0m [34mDEBUG[0m [2methereum_transaction_pool_monitor::mempool_monitor[0m[2m:[0m 🔗 Connecting to RPC: http://192.168.0.14:8545
[2m2025-12-10T10:07:58.080318Z[0m [34mDEBUG[0m [2methereum_transaction_pool_monitor::mempool_monitor[0m[2m:[0m 🗄️  Database path: ./dex_pools.db
[2m2025-12-10T10:07:58.080321Z[0m [32m INFO[0m [2methereum_transaction_pool_monitor::eth_client[0m[2m:[0m 🔗 Initializing Ethereum client
[2m2025-12-10T10:07:58.080324Z[0m [34mDEBUG[0m [2methereum_transaction_pool_monitor::eth_client[0m[2m:[0m 📡 RPC URL: http://192.168.0.14:8545
[2m2025-12-10T10:07:58.080359Z[0m [34mDEBUG[0m [2mhyper::client::connect::http[0m[2m:[0m connecting to 192.168.0.14:8545
[2m2025-12-10T10:07:58.084088Z[0m [34mDEBUG[0m [2mhyper::client::connect::http[0m[2m:[0m connected to 192.168.0.14:8545
[2m2025-12-10T10:07:58.084155Z[0m [34mDEBUG[0m [2mhyper::proto::h1::io[0m[2m:[0m flushed 172 bytes
[2m2025-12-10T10:07:58.090792Z[0m [34mDEBUG[0m [2mhyper::proto::h1::io[0m[2m:[0m parsed 4 headers
[2m2025-12-10T10:07:58.090803Z[0m [34mDEBUG[0m [2mhyper::proto::h1::conn[0m[2m:[0m incoming body is content-length (45 bytes)
[2m2025-12-10T10:07:58.090812Z[0m [34mDEBUG[0m [2mhyper::proto::h1::conn[0m[2m:[0m incoming body completed
[2m2025-12-10T10:07:58.090824Z[0m [34mDEBUG[0m [2mhyper::client::pool[0m[2m:[0m pooling idle connection for ("http", 192.168.0.14:8545)
[2m2025-12-10T10:07:58.090847Z[0m [32m INFO[0m [2methereum_transaction_pool_monitor::eth_client[0m[2m:[0m ✅ Ethereum client connected - Current block: 23981613
[2m2025-12-10T10:07:58.090853Z[0m [32m INFO[0m [2methereum_transaction_pool_monitor::mempool_monitor[0m[2m:[0m ✅ Ethereum client connected
[2m2025-12-10T10:07:58.090856Z[0m [34mDEBUG[0m [2methereum_transaction_pool_monitor::pool_db[0m[2m:[0m 🗄️  Opening database at path: ./dex_pools.db
[2m2025-12-10T10:07:58.090943Z[0m [32m INFO[0m [2methereum_transaction_pool_monitor::pool_db[0m[2m:[0m ✅ Database connection established successfully
[2m2025-12-10T10:07:58.090951Z[0m [34mDEBUG[0m [2methereum_transaction_pool_monitor::pool_db[0m[2m:[0m 🔧 Initializing database schema...
[2m2025-12-10T10:07:58.090954Z[0m [34mDEBUG[0m [2methereum_transaction_pool_monitor::pool_db[0m[2m:[0m 🔨 Creating database tables and indexes...
[2m2025-12-10T10:07:58.091028Z[0m [34mDEBUG[0m [2methereum_transaction_pool_monitor::pool_db[0m[2m:[0m ✅ Database schema creation completed
[2m2025-12-10T10:07:58.091033Z[0m [32m INFO[0m [2methereum_transaction_pool_monitor::pool_db[0m[2m:[0m ✅ Database schema initialized
[2m2025-12-10T10:07:58.092465Z[0m [32m INFO[0m [2methereum_transaction_pool_monitor::pool_db[0m[2m:[0m 📊 Database contains 545308 pools
[2m2025-12-10T10:07:58.092470Z[0m [32m INFO[0m [2methereum_transaction_pool_monitor::mempool_monitor[0m[2m:[0m ✅ Pool database loaded
[2m2025-12-10T10:07:58.092473Z[0m [34mDEBUG[0m [2methereum_transaction_pool_monitor::mempool_monitor[0m[2m:[0m 🧠 Initializing sandwich simulator...
[2m2025-12-10T10:07:58.092507Z[0m [34mDEBUG[0m [2methereum_transaction_pool_monitor::pool_db[0m[2m:[0m 🗄️  Opening database at path: ./dex_pools.db
[2m2025-12-10T10:07:58.092569Z[0m [32m INFO[0m [2methereum_transaction_pool_monitor::pool_db[0m[2m:[0m ✅ Database connection established successfully
[2m2025-12-10T10:07:58.092572Z[0m [34mDEBUG[0m [2methereum_transaction_pool_monitor::pool_db[0m[2m:[0m 🔧 Initializing database schema...
[2m2025-12-10T10:07:58.092575Z[0m [34mDEBUG[0m [2methereum_transaction_pool_monitor::pool_db[0m[2m:[0m 🔨 Creating database tables and indexes...
[2m2025-12-10T10:07:58.092638Z[0m [34mDEBUG[0m [2methereum_transaction_pool_monitor::pool_db[0m[2m:[0m ✅ Database schema creation completed
[2m2025-12-10T10:07:58.092641Z[0m [32m INFO[0m [2methereum_transaction_pool_monitor::pool_db[0m[2m:[0m ✅ Database schema initialized
[2m2025-12-10T10:07:58.094073Z[0m [32m INFO[0m [2methereum_transaction_pool_monitor::pool_db[0m[2m:[0m 📊 Database contains 545308 pools
[2m2025-12-10T10:07:58.094083Z[0m [32m INFO[0m [2methereum_transaction_pool_monitor::mempool_monitor[0m[2m:[0m ✅ Enhanced sandwich simulator ready
[2m2025-12-10T10:07:58.094087Z[0m [34mDEBUG[0m [2methereum_transaction_pool_monitor::mempool_monitor[0m[2m:[0m 📚 Loading known pool addresses for mempool filtering...
[2m2025-12-10T10:07:58.094175Z[0m [32m INFO[0m [2methereum_transaction_pool_monitor::mempool_monitor[0m[2m:[0m ✅ Loaded 0 known pool addresses for mempool filtering
[2m2025-12-10T10:07:58.094290Z[0m [32m INFO[0m [2methereum_transaction_pool_monitor::bot_runner[0m[2m:[0m All MEV bot components started successfully
[2m2025-12-10T10:07:58.094281Z[0m [32m INFO[0m [2methereum_transaction_pool_monitor::mempool_monitor[0m[2m:[0m 🔍 Starting real-time mempool monitoring for MEV opportunities
[2m2025-12-10T10:07:58.094310Z[0m [32m INFO[0m [2methereum_transaction_pool_monitor::mempool_monitor[0m[2m:[0m 📊 Config: min_value=$1000, max_gas=50 gwei, min_profit=0.01 ETH
[2m2025-12-10T10:07:58.094316Z[0m [32m INFO[0m [2methereum_transaction_pool_monitor::mempool_monitor[0m[2m:[0m 🎯 Monitoring 3 protocols: ["UniswapV2", "UniswapV3", "SushiSwap"]
[2m2025-12-10T10:07:58.094320Z[0m [34mDEBUG[0m [2methereum_transaction_pool_monitor::mempool_monitor[0m[2m:[0m 📡 Attempting to subscribe to pending transactions stream...
[2m2025-12-10T10:07:58.094324Z[0m [32m INFO[0m [2methereum_transaction_pool_monitor::eth_client[0m[2m:[0m 🔌 Setting up custom WebSocket subscription for pending transactions
[2m2025-12-10T10:07:58.094330Z[0m [34mDEBUG[0m [2methereum_transaction_pool_monitor::eth_client[0m[2m:[0m 📡 WebSocket URL: ws://192.168.0.14:8547
[2m2025-12-10T10:07:58.094340Z[0m [32m INFO[0m [2methereum_transaction_pool_monitor::mempool_monitor[0m[2m:[0m ✅ Successfully subscribed to mempool transactions
[2m2025-12-10T10:07:58.094359Z[0m [34mDEBUG[0m [2methereum_transaction_pool_monitor::eth_client[0m[2m:[0m 🔗 Establishing WebSocket connection...
[2m2025-12-10T10:07:58.095503Z[0m [32m INFO[0m [2methereum_transaction_pool_monitor::bot_runner[0m[2m:[0m 🤖 MEV Bot Stats | Uptime: 0.0h | Opportunities: 0 | Bundles: 0/0 (0.0%) | Profit: 0.0000 ETH | Rate: 0.00/h
[2m2025-12-10T10:07:58.095527Z[0m [34mDEBUG[0m [2mhyper::client::pool[0m[2m:[0m reuse idle connection for ("http", 192.168.0.14:8545)
[2m2025-12-10T10:07:58.095563Z[0m [34mDEBUG[0m [2mhyper::proto::h1::io[0m[2m:[0m flushed 172 bytes
[2m2025-12-10T10:07:58.103289Z[0m [34mDEBUG[0m [2mhyper::proto::h1::io[0m[2m:[0m parsed 4 headers
[2m2025-12-10T10:07:58.103299Z[0m [34mDEBUG[0m [2mhyper::proto::h1::conn[0m[2m:[0m incoming body is content-length (45 bytes)
[2m2025-12-10T10:07:58.103305Z[0m [34mDEBUG[0m [2mhyper::proto::h1::conn[0m[2m:[0m incoming body completed
[2m2025-12-10T10:07:58.103317Z[0m [34mDEBUG[0m [2mhyper::client::pool[0m[2m:[0m pooling idle connection for ("http", 192.168.0.14:8545)
[2m2025-12-10T10:07:58.106452Z[0m [32m INFO[0m [2methereum_transaction_pool_monitor::eth_client[0m[2m:[0m ✅ WebSocket connection established
[2m2025-12-10T10:07:58.106459Z[0m [34mDEBUG[0m [2methereum_transaction_pool_monitor::eth_client[0m[2m:[0m 📡 Sending subscription request...
[2m2025-12-10T10:07:58.106489Z[0m [32m INFO[0m [2methereum_transaction_pool_monitor::eth_client[0m[2m:[0m 🔄 Starting custom WebSocket message processing loop...
[2m2025-12-10T10:07:58.110179Z[0m [34mDEBUG[0m [2methereum_transaction_pool_monitor::eth_client[0m[2m:[0m 📨 Received WebSocket message: {"jsonrpc":"2.0","id":1,"result":"0xbed0a0851463e895960a451075a301a9"}
[2m2025-12-10T10:07:58.110189Z[0m [32m INFO[0m [2methereum_transaction_pool_monitor::eth_client[0m[2m:[0m ✅ WebSocket subscription established with ID: 0xbed0a0851463e895960a451075a301a9
[2m2025-12-10T10:07:58.159410Z[0m [34mDEBUG[0m [2methereum_transaction_pool_monitor::eth_client[0m[2m:[0m 📨 Received WebSocket message: {"jsonrpc":"2.0","method":"eth_subscription","params":{"subscription":"0xbed0a0851463e895960a451075a301a9","result":"0x5b2d1a31ac6fcdec93194e99615d9e50b75d3446e6cbcfc620207dd2e3e61f09"}}
[2m2025-12-10T10:07:58.159430Z[0m [34mDEBUG[0m [2methereum_transaction_pool_monitor::eth_client[0m[2m:[0m 📨 Received pending transaction: 0x5b2d1a31ac6fcdec93194e99615d9e50b75d3446e6cbcfc620207dd2e3e61f09
[2m2025-12-10T10:07:58.159440Z[0m [34mDEBUG[0m [2methereum_transaction_pool_monitor::mempool_monitor[0m[2m:[0m 📨 Processing new pending transaction: 0x5b2d1a31ac6fcdec93194e99615d9e50b75d3446e6cbcfc620207dd2e3e61f09
[2m2025-12-10T10:07:58.159468Z[0m [34mDEBUG[0m [2methereum_transaction_pool_monitor::mempool_monitor[0m[2m:[0m 🔍 Fetching transaction details for: 0x5b2d1a31ac6fcdec93194e99615d9e50b75d3446e6cbcfc620207dd2e3e61f09
[2m2025-12-10T10:07:58.159472Z[0m [34mDEBUG[0m [2methereum_transaction_pool_monitor::eth_client[0m[2m:[0m 🔍 Fetching transaction details for hash: 0x5b2d1a31ac6fcdec93194e99615d9e50b75d3446e6cbcfc620207dd2e3e61f09
[2m2025-12-10T10:07:58.159495Z[0m [34mDEBUG[0m [2mhyper::client::pool[0m[2m:[0m reuse idle connection for ("http", 192.168.0.14:8545)
[2m2025-12-10T10:07:58.159530Z[0m [34mDEBUG[0m [2mhyper::proto::h1::io[0m[2m:[0m flushed 250 bytes
[2m2025-12-10T10:07:58.165871Z[0m [34mDEBUG[0m [2mhyper::proto::h1::io[0m[2m:[0m parsed 4 headers
[2m2025-12-10T10:07:58.165895Z[0m [34mDEBUG[0m [2mhyper::proto::h1::conn[0m[2m:[0m incoming body is content-length (649 bytes)
[2m2025-12-10T10:07:58.165905Z[0m [34mDEBUG[0m [2mhyper::proto::h1::conn[0m[2m:[0m incoming body completed
[2m2025-12-10T10:07:58.165931Z[0m [34mDEBUG[0m [2mhyper::client::pool[0m[2m:[0m pooling idle connection for ("http", 192.168.0.14:8545)
[2m2025-12-10T10:07:58.165951Z[0m [34mDEBUG[0m [2methereum_transaction_pool_monitor::eth_client[0m[2m:[0m 📡 Transaction fetch RPC completed in 6.474458ms
[2m2025-12-10T10:07:58.239357Z[0m [34mDEBUG[0m [2methereum_transaction_pool_monitor::eth_client[0m[2m:[0m ✅ Transaction 0x5b2d1a31ac6fcdec93194e99615d9e50b75d3446e6cbcfc620207dd2e3e61f09 fetched and parsed in 79.876833ms
[2m2025-12-10T10:07:58.239406Z[0m [34mDEBUG[0m [2methereum_transaction_pool_monitor::mempool_monitor[0m[2m:[0m 🔍 Skipping tx 0x5b2d1a31ac6fcdec93194e99615d9e50b75d3446e6cbcfc620207dd2e3e61f09 - not a DEX interaction (target: 0x1c99bbF359ed396a804B1Df1D2CbdF03144EC01a)
[2m2025-12-10T10:07:58.239472Z[0m [34mDEBUG[0m [2mhyper::client::pool[0m[2m:[0m reuse idle connection for ("http", 192.168.0.14:8545)
[2m2025-12-10T10:07:58.239546Z[0m [34mDEBUG[0m [2mhyper::proto::h1::io[0m[2m:[0m flushed 172 bytes
[2m2025-12-10T10:07:58.243256Z[0m [34mDEBUG[0m [2mhyper::proto::h1::io[0m[2m:[0m parsed 4 headers
[2m2025-12-10T10:07:58.243261Z[0m [34mDEBUG[0m [2mhyper::proto::h1::conn[0m[2m:[0m incoming body is content-length (45 bytes)
[2m2025-12-10T10:07:58.243268Z[0m [34mDEBUG[0m [2mhyper::proto::h1::conn[0m[2m:[0m incoming body completed
[2m2025-12-10T10:07:58.243277Z[0m [34mDEBUG[0m [2mhyper::client::pool[0m[2m:[0m pooling idle connection for ("http", 192.168.0.14:8545)
[2m2025-12-10T10:07:58.296342Z[0m [34mDEBUG[0m [2mhyper::client::pool[0m[2m:[0m reuse idle connection for ("http", 192.168.0.14:8545)
[2m2025-12-10T10:07:58.296396Z[0m [34mDEBUG[0m [2mhyper::proto::h1::io[0m[2m:[0m flushed 172 bytes
[2m2025-12-10T10:07:58.300103Z[0m [34mDEBUG[0m [2mhyper::proto::h1::io[0m[2m:[0m parsed 4 headers
[2m2025-12-10T10:07:58.300112Z[0m [34mDEBUG[0m [2mhyper::proto::h1::conn[0m[2m:[0m incoming body is content-length (45 bytes)
[2m2025-12-10T10:07:58.300121Z[0m [34mDEBUG[0m [2mhyper::proto::h1::conn[0m[2m:[0m incoming body completed
[2m2025-12-10T10:07:58.300129Z[0m [34mDEBUG[0m [2mhyper::client::pool[0m[2m:[0m pooling idle connection for ("http", 192.168.0.14:8545)
[2m2025-12-10T10:07:58.396459Z[0m [34mDEBUG[0m [2mhyper::client::pool[0m[2m:[0m reuse idle connection for ("http", 192.168.0.14:8545)
[2m2025-12-10T10:07:58.396528Z[0m [34mDEBUG[0m [2mhyper::proto::h1::io[0m[2m:[0m flushed 172 bytes
[2m2025-12-10T10:07:58.400092Z[0m [34mDEBUG[0m [2mhyper::proto::h1::io[0m[2m:[0m parsed 4 headers
[2m2025-12-10T10:07:58.400109Z[0m [34mDEBUG[0m [2mhyper::proto::h1::conn[0m[2m:[0m incoming body is content-length (45 bytes)
[2m2025-12-10T10:07:58.400123Z[0m [34mDEBUG[0m [2mhyper::proto::h1::conn[0m[2m:[0m incoming body completed
[2m2025-12-10T10:07:58.400133Z[0m [34mDEBUG[0m [2mhyper::client::pool[0m[2m:[0m pooling idle connection for ("http", 192.168.0.14:8545)
[2m2025-12-10T10:07:58.495904Z[0m [34mDEBUG[0m [2mhyper::client::pool[0m[2m:[0m reuse idle connection for ("http", 192.168.0.14:8545)
[2m2025-12-10T10:07:58.496060Z[0m [34mDEBUG[0m [2mhyper::proto::h1::io[0m[2m:[0m flushed 172 bytes
[2m2025-12-10T10:07:58.499022Z[0m [34mDEBUG[0m [2mhyper::proto::h1::io[0m[2m:[0m parsed 4 headers
[2m2025-12-10T10:07:58.499045Z[0m [34mDEBUG[0m [2mhyper::proto::h1::conn[0m[2m:[0m incoming body is content-length (45 bytes)
[2m2025-12-10T10:07:58.499058Z[0m [34mDEBUG[0m [2mhyper::proto::h1::conn[0m[2m:[0m incoming body completed
[2m2025-12-10T10:07:58.499071Z[0m [34mDEBUG[0m [2mhyper::client::pool[0m[2m:[0m pooling idle connection for ("http", 192.168.0.14:8545)
[2m2025-12-10T10:07:58.596183Z[0m [34mDEBUG[0m [2mhyper::client::pool[0m[2m:[0m reuse idle connection for ("http", 192.168.0.14:8545)
[2m2025-12-10T10:07:58.596327Z[0m [34mDEBUG[0m [2mhyper::proto::h1::io[0m[2m:[0m flushed 172 bytes
[2m2025-12-10T10:07:58.600257Z[0m [34mDEBUG[0m [2mhyper::proto::h1::io[0m[2m:[0m parsed 4 headers
[2m2025-12-10T10:07:58.600282Z[0m [34mDEBUG[0m [2mhyper::proto::h1::conn[0m[2m:[0m incoming body is content-length (45 bytes)
[2m2025-12-10T10:07:58.600300Z[0m [34mDEBUG[0m [2mhyper::proto::h1::conn[0m[2m:[0m incoming body completed
[2m2025-12-10T10:07:58.600342Z[0m [34mDEBUG[0m [2mhyper::client::pool[0m[2m:[0m pooling idle connection for ("http", 192.168.0.14:8545)
[2m2025-12-10T10:07:58.629111Z[0m [34mDEBUG[0m [2methereum_transaction_pool_monitor::eth_client[0m[2m:[0m 📨 Received WebSocket message: {"jsonrpc":"2.0","method":"eth_subscription","params":{"subscription":"0xbed0a0851463e895960a451075a301a9","result":"0x293ebc78bffcf63fa0de6083880384d7d479031604bff0e79c48c477a57704fd"}}
[2m2025-12-10T10:07:58.629173Z[0m [34mDEBUG[0m [2methereum_transaction_pool_monitor::eth_client[0m[2m:[0m 📨 Received pending transaction: 0x293ebc78bffcf63fa0de6083880384d7d479031604bff0e79c48c477a57704fd
[2m2025-12-10T10:07:58.629192Z[0m [34mDEBUG[0m [2methereum_transaction_pool_monitor::mempool_monitor[0m[2m:[0m 📨 Processing new pending transaction: 0x293ebc78bffcf63fa0de6083880384d7d479031604bff0e79c48c477a57704fd
[2m2025-12-10T10:07:58.629202Z[0m [34mDEBUG[0m [2methereum_transaction_pool_monitor::mempool_monitor[0m[2m:[0m 🔍 Fetching transaction details for: 0x293ebc78bffcf63fa0de6083880384d7d479031604bff0e79c48c477a57704fd
[2m2025-12-10T10:07:58.629210Z[0m [34mDEBUG[0m [2methereum_transaction_pool_monitor::eth_client[0m[2m:[0m 🔍 Fetching transaction details for hash: 0x293ebc78bffcf63fa0de6083880384d7d479031604bff0e79c48c477a57704fd
[2m2025-12-10T10:07:58.629252Z[0m [34mDEBUG[0m [2mhyper::client::pool[0m[2m:[0m reuse idle connection for ("http", 192.168.0.14:8545)
[2m2025-12-10T10:07:58.629307Z[0m [34mDEBUG[0m [2mhyper::proto::h1::io[0m[2m:[0m flushed 250 bytes
[2m2025-12-10T10:07:58.635818Z[0m [34mDEBUG[0m [2mhyper::proto::h1::io[0m[2m:[0m parsed 4 headers
[2m2025-12-10T10:07:58.635852Z[0m [34mDEBUG[0m [2mhyper::proto::h1::conn[0m[2m:[0m incoming body is content-length (2321 bytes)
[2m2025-12-10T10:07:58.635883Z[0m [34mDEBUG[0m [2mhyper::proto::h1::conn[0m[2m:[0m incoming body completed
[2m2025-12-10T10:07:58.635922Z[0m [34mDEBUG[0m [2mhyper::client::pool[0m[2m:[0m pooling idle connection for ("http", 192.168.0.14:8545)
[2m2025-12-10T10:07:58.635950Z[0m [34mDEBUG[0m [2methereum_transaction_pool_monitor::eth_client[0m[2m:[0m 📡 Transaction fetch RPC completed in 6.732917ms
[2m2025-12-10T10:07:58.718390Z[0m [34mDEBUG[0m [2methereum_transaction_pool_monitor::eth_client[0m[2m:[0m ✅ Transaction 0x293ebc78bffcf63fa0de6083880384d7d479031604bff0e79c48c477a57704fd fetched and parsed in 89.168458ms
[2m2025-12-10T10:07:58.718413Z[0m [34mDEBUG[0m [2methereum_transaction_pool_monitor::mempool_monitor[0m[2m:[0m 🔍 Skipping tx 0x293ebc78bffcf63fa0de6083880384d7d479031604bff0e79c48c477a57704fd - not a DEX interaction (target: 0x66a9893cC07D91D95644AEDD05D03f95e1dBA8Af)
[2m2025-12-10T10:07:58.718510Z[0m [34mDEBUG[0m [2mhyper::client::pool[0m[2m:[0m reuse idle connection for ("http", 192.168.0.14:8545)
[2m2025-12-10T10:07:58.718548Z[0m [34mDEBUG[0m [2mhyper::proto::h1::io[0m[2m:[0m flushed 172 bytes
[2m2025-12-10T10:07:58.718562Z[0m [34mDEBUG[0m [2methereum_transaction_pool_monitor::eth_client[0m[2m:[0m 📨 Received WebSocket message: {"jsonrpc":"2.0","method":"eth_subscription","params":{"subscription":"0xbed0a0851463e895960a451075a301a9","result":"0x9253e36749068814436c8892cefd3fcded9d2db9e33473ecf535f3d1cd02cda4"}}
[2m2025-12-10T10:07:58.718569Z[0m [34mDEBUG[0m [2methereum_transaction_pool_monitor::eth_client[0m[2m:[0m 📨 Received pending transaction: 0x9253e36749068814436c8892cefd3fcded9d2db9e33473ecf535f3d1cd02cda4
[2m2025-12-10T10:07:58.718574Z[0m [34mDEBUG[0m [2methereum_transaction_pool_monitor::mempool_monitor[0m[2m:[0m 📨 Processing new pending transaction: 0x9253e36749068814436c8892cefd3fcded9d2db9e33473ecf535f3d1cd02cda4
[2m2025-12-10T10:07:58.718578Z[0m [34mDEBUG[0m [2methereum_transaction_pool_monitor::mempool_monitor[0m[2m:[0m 🔍 Fetching transaction details for: 0x9253e36749068814436c8892cefd3fcded9d2db9e33473ecf535f3d1cd02cda4
[2m2025-12-10T10:07:58.718591Z[0m [34mDEBUG[0m [2methereum_transaction_pool_monitor::eth_client[0m[2m:[0m 🔍 Fetching transaction details for hash: 0x9253e36749068814436c8892cefd3fcded9d2db9e33473ecf535f3d1cd02cda4
[2m2025-12-10T10:07:58.718601Z[0m [34mDEBUG[0m [2mhyper::client::pool[0m[2m:[0m reuse idle connection for ("http", 192.168.0.14:8545)
[2m2025-12-10T10:07:58.718620Z[0m [34mDEBUG[0m [2mhyper::proto::h1::io[0m[2m:[0m flushed 250 bytes
[2m2025-12-10T10:07:58.723241Z[0m [34mDEBUG[0m [2mhyper::proto::h1::io[0m[2m:[0m parsed 4 headers
[2m2025-12-10T10:07:58.723259Z[0m [34mDEBUG[0m [2mhyper::proto::h1::conn[0m[2m:[0m incoming body is content-length (45 bytes)
[2m2025-12-10T10:07:58.723268Z[0m [34mDEBUG[0m [2mhyper::proto::h1::conn[0m[2m:[0m incoming body completed
[2m2025-12-10T10:07:58.723280Z[0m [34mDEBUG[0m [2mhyper::client::pool[0m[2m:[0m pooling idle connection for ("http", 192.168.0.14:8545)
[2m2025-12-10T10:07:58.728275Z[0m [34mDEBUG[0m [2mhyper::proto::h1::io[0m[2m:[0m parsed 4 headers
[2m2025-12-10T10:07:58.728289Z[0m [34mDEBUG[0m [2mhyper::proto::h1::conn[0m[2m:[0m incoming body is content-length (764 bytes)
[2m2025-12-10T10:07:58.728295Z[0m [34mDEBUG[0m [2mhyper::proto::h1::conn[0m[2m:[0m incoming body completed
[2m2025-12-10T10:07:58.728304Z[0m [34mDEBUG[0m [2mhyper::client::pool[0m[2m:[0m pooling idle connection for ("http", 192.168.0.14:8545)
[2m2025-12-10T10:07:58.728309Z[0m [34mDEBUG[0m [2methereum_transaction_pool_monitor::eth_client[0m[2m:[0m 📡 Transaction fetch RPC completed in 9.714667ms
[2m2025-12-10T10:07:58.728326Z[0m [34mDEBUG[0m [2methereum_transaction_pool_monitor::eth_client[0m[2m:[0m DeFi transaction detected - Address: 0x514910771af9ca656af840dff83e8264ecf986ca, Type: TokenContract, Value: 0 ETH, Gas: 0.34 Gwei
[2m2025-12-10T10:07:58.728366Z[0m [34mDEBUG[0m [2methereum_transaction_pool_monitor::eth_client[0m[2m:[0m ✅ Transaction 0x9253e36749068814436c8892cefd3fcded9d2db9e33473ecf535f3d1cd02cda4 fetched and parsed in 9.771125ms
[2m2025-12-10T10:07:58.728371Z[0m [34mDEBUG[0m [2methereum_transaction_pool_monitor::mempool_monitor[0m[2m:[0m 🔍 Skipping tx 0x9253e36749068814436c8892cefd3fcded9d2db9e33473ecf535f3d1cd02cda4 - not a DEX interaction (target: 0x514910771AF9Ca656af840dff83E8264EcF986CA)
[2m2025-12-10T10:07:58.755793Z[0m [34mDEBUG[0m [2methereum_transaction_pool_monitor::eth_client[0m[2m:[0m 📨 Received WebSocket message: {"jsonrpc":"2.0","method":"eth_subscription","params":{"subscription":"0xbed0a0851463e895960a451075a301a9","result":"0x90cab286ecf79cca65b99a5039ce23e014105a131e1f011301bea204190a99b0"}}
[2m2025-12-10T10:07:58.755823Z[0m [34mDEBUG[0m [2methereum_transaction_pool_monitor::eth_client[0m[2m:[0m 📨 Received pending transaction: 0x90cab286ecf79cca65b99a5039ce23e014105a131e1f011301bea204190a99b0
[2m2025-12-10T10:07:58.755831Z[0m [34mDEBUG[0m [2methereum_transaction_pool_monitor::mempool_monitor[0m[2m:[0m 📨 Processing new pending transaction: 0x90cab286ecf79cca65b99a5039ce23e014105a131e1f011301bea204190a99b0
[2m2025-12-10T10:07:58.755836Z[0m [34mDEBUG[0m [2methereum_transaction_pool_monitor::mempool_monitor[0m[2m:[0m 🔍 Fetching transaction details for: 0x90cab286ecf79cca65b99a5039ce23e014105a131e1f011301bea204190a99b0
[2m2025-12-10T10:07:58.755840Z[0m [34mDEBUG[0m [2methereum_transaction_pool_monitor::eth_client[0m[2m:[0m 🔍 Fetching transaction details for hash: 0x90cab286ecf79cca65b99a5039ce23e014105a131e1f011301bea204190a99b0
[2m2025-12-10T10:07:58.755863Z[0m [34mDEBUG[0m [2mhyper::client::pool[0m[2m:[0m reuse idle connection for ("http", 192.168.0.14:8545)
[2m2025-12-10T10:07:58.755895Z[0m [34mDEBUG[0m [2mhyper::proto::h1::io[0m[2m:[0m flushed 250 bytes
[2m2025-12-10T10:07:58.766796Z[0m [34mDEBUG[0m [2mhyper::proto::h1::io[0m[2m:[0m parsed 4 headers
[2m2025-12-10T10:07:58.766817Z[0m [34mDEBUG[0m [2mhyper::proto::h1::conn[0m[2m:[0m incoming body is content-length (772 bytes)
[2m2025-12-10T10:07:58.766840Z[0m [34mDEBUG[0m [2mhyper::proto::h1::conn[0m[2m:[0m incoming body completed
[2m2025-12-10T10:07:58.766850Z[0m [34mDEBUG[0m [2mhyper::client::pool[0m[2m:[0m pooling idle connection for ("http", 192.168.0.14:8545)
[2m2025-12-10T10:07:58.766859Z[0m [34mDEBUG[0m [2methereum_transaction_pool_monitor::eth_client[0m[2m:[0m 📡 Transaction fetch RPC completed in 11.014042ms
[2m2025-12-10T10:07:58.766879Z[0m [34mDEBUG[0m [2methereum_transaction_pool_monitor::eth_client[0m[2m:[0m DeFi transaction detected - Address: 0xdac17f958d2ee523a2206206994597c13d831ec7, Type: Stablecoin, Value: 0 ETH, Gas: 0.27 Gwei
[2m2025-12-10T10:07:58.766896Z[0m [34mDEBUG[0m [2methereum_transaction_pool_monitor::eth_client[0m[2m:[0m ✅ Transaction 0x90cab286ecf79cca65b99a5039ce23e014105a131e1f011301bea204190a99b0 fetched and parsed in 11.052084ms
[2m2025-12-10T10:07:58.766903Z[0m [34mDEBUG[0m [2methereum_transaction_pool_monitor::mempool_monitor[0m[2m:[0m 🔍 Skipping tx 0x90cab286ecf79cca65b99a5039ce23e014105a131e1f011301bea204190a99b0 - not a DEX interaction (target: 0xdAC17F958D2ee523a2206206994597C13D831ec7)
[2m2025-12-10T10:07:58.795998Z[0m [34mDEBUG[0m [2mhyper::client::pool[0m[2m:[0m reuse idle connection for ("http", 192.168.0.14:8545)
[2m2025-12-10T10:07:58.796053Z[0m [34mDEBUG[0m [2mhyper::proto::h1::io[0m[2m:[0m flushed 172 bytes
[2m2025-12-10T10:07:58.798909Z[0m [34mDEBUG[0m [2mhyper::proto::h1::io[0m[2m:[0m parsed 4 headers
[2m2025-12-10T10:07:58.798921Z[0m [34mDEBUG[0m [2mhyper::proto::h1::conn[0m[2m:[0m incoming body is content-length (45 bytes)
[2m2025-12-10T10:07:58.798933Z[0m [34mDEBUG[0m [2mhyper::proto::h1::conn[0m[2m:[0m incoming body completed
[2m2025-12-10T10:07:58.798948Z[0m [34mDEBUG[0m [2mhyper::client::pool[0m[2m:[0m pooling idle connection for ("http", 192.168.0.14:8545)
[2m2025-12-10T10:07:58.860035Z[0m [34mDEBUG[0m [2methereum_transaction_pool_monitor::eth_client[0m[2m:[0m 📨 Received WebSocket message: {"jsonrpc":"2.0","method":"eth_subscription","params":{"subscription":"0xbed0a0851463e895960a451075a301a9","result":"0x053b8a65ce6f2c2c0b912724abf82dcb1ab361388e800970b1c551624556e395"}}
[2m2025-12-10T10:07:58.860054Z[0m [34mDEBUG[0m [2methereum_transaction_pool_monitor::eth_client[0m[2m:[0m 📨 Received pending transaction: 0x053b8a65ce6f2c2c0b912724abf82dcb1ab361388e800970b1c551624556e395
[2m2025-12-10T10:07:58.860063Z[0m [34mDEBUG[0m [2methereum_transaction_pool_monitor::mempool_monitor[0m[2m:[0m 📨 Processing new pending transaction: 0x053b8a65ce6f2c2c0b912724abf82dcb1ab361388e800970b1c551624556e395
[2m2025-12-10T10:07:58.860066Z[0m [34mDEBUG[0m [2methereum_transaction_pool_monitor::mempool_monitor[0m[2m:[0m 🔍 Fetching transaction details for: 0x053b8a65ce6f2c2c0b912724abf82dcb1ab361388e800970b1c551624556e395
[2m2025-12-10T10:07:58.860070Z[0m [34mDEBUG[0m [2methereum_transaction_pool_monitor::eth_client[0m[2m:[0m 🔍 Fetching transaction details for hash: 0x053b8a65ce6f2c2c0b912724abf82dcb1ab361388e800970b1c551624556e395
[2m2025-12-10T10:07:58.860088Z[0m [34mDEBUG[0m [2mhyper::client::pool[0m[2m:[0m reuse idle connection for ("http", 192.168.0.14:8545)
[2m2025-12-10T10:07:58.860120Z[0m [34mDEBUG[0m [2mhyper::proto::h1::io[0m[2m:[0m flushed 250 bytes
[2m2025-12-10T10:07:58.863783Z[0m [34mDEBUG[0m [2mhyper::proto::h1::io[0m[2m:[0m parsed 4 headers
[2m2025-12-10T10:07:58.863794Z[0m [34mDEBUG[0m [2mhyper::proto::h1::conn[0m[2m:[0m incoming body is content-length (770 bytes)
[2m2025-12-10T10:07:58.863801Z[0m [34mDEBUG[0m [2mhyper::proto::h1::conn[0m[2m:[0m incoming body completed
[2m2025-12-10T10:07:58.863811Z[0m [34mDEBUG[0m [2mhyper::client::pool[0m[2m:[0m pooling idle connection for ("http", 192.168.0.14:8545)
[2m2025-12-10T10:07:58.863818Z[0m [34mDEBUG[0m [2methereum_transaction_pool_monitor::eth_client[0m[2m:[0m 📡 Transaction fetch RPC completed in 3.745ms
[2m2025-12-10T10:07:58.936466Z[0m [34mDEBUG[0m [2methereum_transaction_pool_monitor::eth_client[0m[2m:[0m ✅ Transaction 0x053b8a65ce6f2c2c0b912724abf82dcb1ab361388e800970b1c551624556e395 fetched and parsed in 76.390792ms
[2m2025-12-10T10:07:58.936501Z[0m [34mDEBUG[0m [2methereum_transaction_pool_monitor::mempool_monitor[0m[2m:[0m 🔍 Skipping tx 0x053b8a65ce6f2c2c0b912724abf82dcb1ab361388e800970b1c551624556e395 - not a DEX interaction (target: 0x5FA487BCa6158c64046B2813623e20755091DA0b)
[2m2025-12-10T10:07:58.936582Z[0m [34mDEBUG[0m [2methereum_transaction_pool_monitor::eth_client[0m[2m:[0m 📨 Received WebSocket message: {"jsonrpc":"2.0","method":"eth_subscription","params":{"subscription":"0xbed0a0851463e895960a451075a301a9","result":"0x70f594cd1d970018608c0e3f771a98cd60a54823c640a274de47260153c57398"}}
[2m2025-12-10T10:07:58.936590Z[0m [34mDEBUG[0m [2mhyper::client::pool[0m[2m:[0m reuse idle connection for ("http", 192.168.0.14:8545)
[2m2025-12-10T10:07:58.936621Z[0m [34mDEBUG[0m [2methereum_transaction_pool_monitor::eth_client[0m[2m:[0m 📨 Received pending transaction: 0x70f594cd1d970018608c0e3f771a98cd60a54823c640a274de47260153c57398
[2m2025-12-10T10:07:58.936636Z[0m [34mDEBUG[0m [2methereum_transaction_pool_monitor::eth_client[0m[2m:[0m 📨 Received WebSocket message: {"jsonrpc":"2.0","method":"eth_subscription","params":{"subscription":"0xbed0a0851463e895960a451075a301a9","result":"0x12bead0233a365f6dd5cefe492b2b2ba35c6a5370be78fce9492ae6761967882"}}
[2m2025-12-10T10:07:58.936642Z[0m [34mDEBUG[0m [2mhyper::proto::h1::io[0m[2m:[0m flushed 172 bytes
[2m2025-12-10T10:07:58.936657Z[0m [34mDEBUG[0m [2methereum_transaction_pool_monitor::eth_client[0m[2m:[0m 📨 Received pending transaction: 0x12bead0233a365f6dd5cefe492b2b2ba35c6a5370be78fce9492ae6761967882
[2m2025-12-10T10:07:58.936690Z[0m [34mDEBUG[0m [2methereum_transaction_pool_monitor::mempool_monitor[0m[2m:[0m 📨 Processing new pending transaction: 0x70f594cd1d970018608c0e3f771a98cd60a54823c640a274de47260153c57398
[2m2025-12-10T10:07:58.936716Z[0m [34mDEBUG[0m [2methereum_transaction_pool_monitor::mempool_monitor[0m[2m:[0m 🔍 Fetching transaction details for: 0x70f594cd1d970018608c0e3f771a98cd60a54823c640a274de47260153c57398
[2m2025-12-10T10:07:58.936722Z[0m [34mDEBUG[0m [2methereum_transaction_pool_monitor::eth_client[0m[2m:[0m 🔍 Fetching transaction details for hash: 0x70f594cd1d970018608c0e3f771a98cd60a54823c640a274de47260153c57398
[2m2025-12-10T10:07:58.936744Z[0m [34mDEBUG[0m [2mhyper::client::pool[0m[2m:[0m reuse idle connection for ("http", 192.168.0.14:8545)
[2m2025-12-10T10:07:58.936761Z[0m [34mDEBUG[0m [2mhyper::proto::h1::io[0m[2m:[0m flushed 250 bytes
[2m2025-12-10T10:07:58.940475Z[0m [34mDEBUG[0m [2mhyper::proto::h1::io[0m[2m:[0m parsed 4 headers
[2m2025-12-10T10:07:58.940484Z[0m [34mDEBUG[0m [2mhyper::proto::h1::conn[0m[2m:[0m incoming body is content-length (45 bytes)
[2m2025-12-10T10:07:58.940493Z[0m [34mDEBUG[0m [2mhyper::proto::h1::conn[0m[2m:[0m incoming body completed
[2m2025-12-10T10:07:58.940503Z[0m [34mDEBUG[0m [2mhyper::client::pool[0m[2m:[0m pooling idle connection for ("http", 192.168.0.14:8545)
[2m2025-12-10T10:07:58.942960Z[0m [34mDEBUG[0m [2mhyper::proto::h1::io[0m[2m:[0m parsed 4 headers
[2m2025-12-10T10:07:58.942974Z[0m [34mDEBUG[0m [2mhyper::proto::h1::conn[0m[2m:[0m incoming body is content-length (771 bytes)
[2m2025-12-10T10:07:58.942981Z[0m [34mDEBUG[0m [2mhyper::proto::h1::conn[0m[2m:[0m incoming body completed
[2m2025-12-10T10:07:58.942990Z[0m [34mDEBUG[0m [2mhyper::client::pool[0m[2m:[0m pooling idle connection for ("http", 192.168.0.14:8545)
[2m2025-12-10T10:07:58.943001Z[0m [34mDEBUG[0m [2methereum_transaction_pool_monitor::eth_client[0m[2m:[0m 📡 Transaction fetch RPC completed in 6.276041ms
[2m2025-12-10T10:07:58.943017Z[0m [34mDEBUG[0m [2methereum_transaction_pool_monitor::eth_client[0m[2m:[0m DeFi transaction detected - Address: 0xdac17f958d2ee523a2206206994597c13d831ec7, Type: Stablecoin, Value: 0 ETH, Gas: 0.32 Gwei
[2m2025-12-10T10:07:58.943040Z[0m [34mDEBUG[0m [2methereum_transaction_pool_monitor::eth_client[0m[2m:[0m ✅ Transaction 0x70f594cd1d970018608c0e3f771a98cd60a54823c640a274de47260153c57398 fetched and parsed in 6.314916ms
[2m2025-12-10T10:07:58.943046Z[0m [34mDEBUG[0m [2methereum_transaction_pool_monitor::mempool_monitor[0m[2m:[0m 🔍 Skipping tx 0x70f594cd1d970018608c0e3f771a98cd60a54823c640a274de47260153c57398 - not a DEX interaction (target: 0xdAC17F958D2ee523a2206206994597C13D831ec7)
[2m2025-12-10T10:07:58.943056Z[0m [34mDEBUG[0m [2methereum_transaction_pool_monitor::mempool_monitor[0m[2m:[0m 📨 Processing new pending transaction: 0x12bead0233a365f6dd5cefe492b2b2ba35c6a5370be78fce9492ae6761967882
[2m2025-12-10T10:07:58.943059Z[0m [34mDEBUG[0m [2methereum_transaction_pool_monitor::mempool_monitor[0m[2m:[0m 🔍 Fetching transaction details for: 0x12bead0233a365f6dd5cefe492b2b2ba35c6a5370be78fce9492ae6761967882
[2m2025-12-10T10:07:58.943062Z[0m [34mDEBUG[0m [2methereum_transaction_pool_monitor::eth_client[0m[2m:[0m 🔍 Fetching transaction details for hash: 0x12bead0233a365f6dd5cefe492b2b2ba35c6a5370be78fce9492ae6761967882
[2m2025-12-10T10:07:58.943076Z[0m [34mDEBUG[0m [2mhyper::client::pool[0m[2m:[0m reuse idle connection for ("http", 192.168.0.14:8545)
[2m2025-12-10T10:07:58.943105Z[0m [34mDEBUG[0m [2mhyper::proto::h1::io[0m[2m:[0m flushed 250 bytes
[2m2025-12-10T10:07:58.952107Z[0m [34mDEBUG[0m [2methereum_transaction_pool_monitor::eth_client[0m[2m:[0m 📨 Received WebSocket message: {"jsonrpc":"2.0","method":"eth_subscription","params":{"subscription":"0xbed0a0851463e895960a451075a301a9","result":"0x5446d9ef09b150f2902f89b88d13ec756d6d31b1f63adde8d5093e9c55a1068d"}}
[2m2025-12-10T10:07:58.952127Z[0m [34mDEBUG[0m [2mhyper::proto::h1::io[0m[2m:[0m parsed 4 headers
[2m2025-12-10T10:07:58.952164Z[0m [34mDEBUG[0m [2methereum_transaction_pool_monitor::eth_client[0m[2m:[0m 📨 Received pending transaction: 0x5446d9ef09b150f2902f89b88d13ec756d6d31b1f63adde8d5093e9c55a1068d
[2m2025-12-10T10:07:58.952180Z[0m [34mDEBUG[0m [2mhyper::proto::h1::conn[0m[2m:[0m incoming body is content-length (675 bytes)
[2m2025-12-10T10:07:58.952198Z[0m [34mDEBUG[0m [2mhyper::proto::h1::conn[0m[2m:[0m incoming body completed
[2m2025-12-10T10:07:58.952206Z[0m [34mDEBUG[0m [2mhyper::client::pool[0m[2m:[0m pooling idle connection for ("http", 192.168.0.14:8545)
[2m2025-12-10T10:07:58.952222Z[0m [34mDEBUG[0m [2methereum_transaction_pool_monitor::eth_client[0m[2m:[0m 📡 Transaction fetch RPC completed in 9.156666ms
[2m2025-12-10T10:07:58.952245Z[0m [34mDEBUG[0m [2methereum_transaction_pool_monitor::eth_client[0m[2m:[0m DeFi transaction detected - Address: 0xdac17f958d2ee523a2206206994597c13d831ec7, Type: Stablecoin, Value: 0 ETH, Gas: 1.00 Gwei
[2m2025-12-10T10:07:58.952257Z[0m [34mDEBUG[0m [2methereum_transaction_pool_monitor::eth_client[0m[2m:[0m ✅ Transaction 0x12bead0233a365f6dd5cefe492b2b2ba35c6a5370be78fce9492ae6761967882 fetched and parsed in 9.192041ms
[2m2025-12-10T10:07:58.952262Z[0m [34mDEBUG[0m [2methereum_transaction_pool_monitor::mempool_monitor[0m[2m:[0m 🔍 Skipping tx 0x12bead0233a365f6dd5cefe492b2b2ba35c6a5370be78fce9492ae6761967882 - not a DEX interaction (target: 0xdAC17F958D2ee523a2206206994597C13D831ec7)
[2m2025-12-10T10:07:58.952269Z[0m [34mDEBUG[0m [2methereum_transaction_pool_monitor::mempool_monitor[0m[2m:[0m 📨 Processing new pending transaction: 0x5446d9ef09b150f2902f89b88d13ec756d6d31b1f63adde8d5093e9c55a1068d
[2m2025-12-10T10:07:58.952272Z[0m [34mDEBUG[0m [2methereum_transaction_pool_monitor::mempool_monitor[0m[2m:[0m 🔍 Fetching transaction details for: 0x5446d9ef09b150f2902f89b88d13ec756d6d31b1f63adde8d5093e9c55a1068d
[2m2025-12-10T10:07:58.952275Z[0m [34mDEBUG[0m [2methereum_transaction_pool_monitor::eth_client[0m[2m:[0m 🔍 Fetching transaction details for hash: 0x5446d9ef09b150f2902f89b88d13ec756d6d31b1f63adde8d5093e9c55a1068d
[2m2025-12-10T10:07:58.952298Z[0m [34mDEBUG[0m [2mhyper::client::pool[0m[2m:[0m reuse idle connection for ("http", 192.168.0.14:8545)
[2m2025-12-10T10:07:58.952323Z[0m [34mDEBUG[0m [2mhyper::proto::h1::io[0m[2m:[0m flushed 250 bytes
[2m2025-12-10T10:07:58.958531Z[0m [34mDEBUG[0m [2mhyper::proto::h1::io[0m[2m:[0m parsed 4 headers
[2m2025-12-10T10:07:58.958554Z[0m [34mDEBUG[0m [2mhyper::proto::h1::conn[0m[2m:[0m incoming body is content-length (674 bytes)
[2m2025-12-10T10:07:58.958567Z[0m [34mDEBUG[0m [2mhyper::proto::h1::conn[0m[2m:[0m incoming body completed
[2m2025-12-10T10:07:58.958577Z[0m [34mDEBUG[0m [2mhyper::client::pool[0m[2m:[0m pooling idle connection for ("http", 192.168.0.14:8545)
[2m2025-12-10T10:07:58.958583Z[0m [34mDEBUG[0m [2methereum_transaction_pool_monitor::eth_client[0m[2m:[0m 📡 Transaction fetch RPC completed in 6.297541ms
[2m2025-12-10T10:07:59.030107Z[0m [34mDEBUG[0m [2methereum_transaction_pool_monitor::eth_client[0m[2m:[0m ✅ Transaction 0x5446d9ef09b150f2902f89b88d13ec756d6d31b1f63adde8d5093e9c55a1068d fetched and parsed in 77.819666ms
[2m2025-12-10T10:07:59.030135Z[0m [34mDEBUG[0m [2methereum_transaction_pool_monitor::mempool_monitor[0m[2m:[0m 🔍 Skipping tx 0x5446d9ef09b150f2902f89b88d13ec756d6d31b1f63adde8d5093e9c55a1068d - not a DEX interaction (target: 0xA0b86991c6218b36c1d19D4a2e9Eb0cE3606eB48)
[2m2025-12-10T10:07:59.030181Z[0m [34mDEBUG[0m [2mhyper::client::pool[0m[2m:[0m reuse idle connection for ("http", 192.168.0.14:8545)
[2m2025-12-10T10:07:59.030209Z[0m [34mDEBUG[0m [2mhyper::proto::h1::io[0m[2m:[0m flushed 172 bytes
[2m2025-12-10T10:07:59.030216Z[0m [34mDEBUG[0m [2methereum_transaction_pool_monitor::eth_client[0m[2m:[0m 📨 Received WebSocket message: {"jsonrpc":"2.0","method":"eth_subscription","params":{"subscription":"0xbed0a0851463e895960a451075a301a9","result":"0xc047cce168a053ca4383084eae57ef9e6bb3004bb26413e237d243a710a5f193"}}
[2m2025-12-10T10:07:59.030229Z[0m [34mDEBUG[0m [2methereum_transaction_pool_monitor::eth_client[0m[2m:[0m 📨 Received pending transaction: 0xc047cce168a053ca4383084eae57ef9e6bb3004bb26413e237d243a710a5f193
[2m2025-12-10T10:07:59.030236Z[0m [34mDEBUG[0m [2methereum_transaction_pool_monitor::mempool_monitor[0m[2m:[0m 📨 Processing new pending transaction: 0xc047cce168a053ca4383084eae57ef9e6bb3004bb26413e237d243a710a5f193
[2m2025-12-10T10:07:59.030242Z[0m [34mDEBUG[0m [2methereum_transaction_pool_monitor::mempool_monitor[0m[2m:[0m 🔍 Fetching transaction details for: 0xc047cce168a053ca4383084eae57ef9e6bb3004bb26413e237d243a710a5f193
[2m2025-12-10T10:07:59.030248Z[0m [34mDEBUG[0m [2methereum_transaction_pool_monitor::eth_client[0m[2m:[0m 🔍 Fetching transaction details for hash: 0xc047cce168a053ca4383084eae57ef9e6bb3004bb26413e237d243a710a5f193
[2m2025-12-10T10:07:59.030259Z[0m [34mDEBUG[0m [2mhyper::client::pool[0m[2m:[0m reuse idle connection for ("http", 192.168.0.14:8545)
[2m2025-12-10T10:07:59.030274Z[0m [34mDEBUG[0m [2mhyper::proto::h1::io[0m[2m:[0m flushed 250 bytes
[2m2025-12-10T10:07:59.033752Z[0m [34mDEBUG[0m [2mhyper::proto::h1::io[0m[2m:[0m parsed 4 headers
[2m2025-12-10T10:07:59.033757Z[0m [34mDEBUG[0m [2mhyper::proto::h1::conn[0m[2m:[0m incoming body is content-length (45 bytes)
[2m2025-12-10T10:07:59.033762Z[0m [34mDEBUG[0m [2mhyper::proto::h1::conn[0m[2m:[0m incoming body completed
[2m2025-12-10T10:07:59.033767Z[0m [34mDEBUG[0m [2mhyper::client::pool[0m[2m:[0m pooling idle connection for ("http", 192.168.0.14:8545)
[2m2025-12-10T10:07:59.033783Z[0m [34mDEBUG[0m [2mhyper::proto::h1::io[0m[2m:[0m parsed 4 headers
[2m2025-12-10T10:07:59.033786Z[0m [34mDEBUG[0m [2mhyper::proto::h1::conn[0m[2m:[0m incoming body is content-length (552 bytes)
[2m2025-12-10T10:07:59.033790Z[0m [34mDEBUG[0m [2mhyper::proto::h1::conn[0m[2m:[0m incoming body completed
[2m2025-12-10T10:07:59.033794Z[0m [34mDEBUG[0m [2mhyper::client::pool[0m[2m:[0m pooling idle connection for ("http", 192.168.0.14:8545)
[2m2025-12-10T10:07:59.033808Z[0m [34mDEBUG[0m [2methereum_transaction_pool_monitor::eth_client[0m[2m:[0m 📡 Transaction fetch RPC completed in 3.554375ms
[2m2025-12-10T10:07:59.105665Z[0m [34mDEBUG[0m [2methereum_transaction_pool_monitor::eth_client[0m[2m:[0m ✅ Transaction 0xc047cce168a053ca4383084eae57ef9e6bb3004bb26413e237d243a710a5f193 fetched and parsed in 75.40825ms
[2m2025-12-10T10:07:59.105696Z[0m [34mDEBUG[0m [2methereum_transaction_pool_monitor::mempool_monitor[0m[2m:[0m 🔍 Skipping tx 0xc047cce168a053ca4383084eae57ef9e6bb3004bb26413e237d243a710a5f193 - not a DEX interaction (target: 0x54eeA437d20b528FC431c61ff071fAaE1634EE2c)
[2m2025-12-10T10:07:59.105747Z[0m [34mDEBUG[0m [2mhyper::client::pool[0m[2m:[0m reuse idle connection for ("http", 192.168.0.14:8545)
[2m2025-12-10T10:07:59.105769Z[0m [34mDEBUG[0m [2methereum_transaction_pool_monitor::eth_client[0m[2m:[0m 📨 Received WebSocket message: {"jsonrpc":"2.0","method":"eth_subscription","params":{"subscription":"0xbed0a0851463e895960a451075a301a9","result":"0xc1c386c2fe7b7fc3ede1136ff43e09108f75cb17cad772762022f148995b2a1f"}}
[2m2025-12-10T10:07:59.105781Z[0m [34mDEBUG[0m [2methereum_transaction_pool_monitor::eth_client[0m[2m:[0m 📨 Received pending transaction: 0xc1c386c2fe7b7fc3ede1136ff43e09108f75cb17cad772762022f148995b2a1f
[2m2025-12-10T10:07:59.105789Z[0m [34mDEBUG[0m [2methereum_transaction_pool_monitor::mempool_monitor[0m[2m:[0m 📨 Processing new pending transaction: 0xc1c386c2fe7b7fc3ede1136ff43e09108f75cb17cad772762022f148995b2a1f
[2m2025-12-10T10:07:59.105793Z[0m [34mDEBUG[0m [2methereum_transaction_pool_monitor::mempool_monitor[0m[2m:[0m 🔍 Fetching transaction details for: 0xc1c386c2fe7b7fc3ede1136ff43e09108f75cb17cad772762022f148995b2a1f
[2m2025-12-10T10:07:59.105796Z[0m [34mDEBUG[0m [2methereum_transaction_pool_monitor::eth_client[0m[2m:[0m 🔍 Fetching transaction details for hash: 0xc1c386c2fe7b7fc3ede1136ff43e09108f75cb17cad772762022f148995b2a1f
[2m2025-12-10T10:07:59.105807Z[0m [34mDEBUG[0m [2mhyper::client::pool[0m[2m:[0m reuse idle connection for ("http", 192.168.0.14:8545)
[2m2025-12-10T10:07:59.105819Z[0m [34mDEBUG[0m [2mhyper::proto::h1::io[0m[2m:[0m flushed 172 bytes
[2m2025-12-10T10:07:59.105823Z[0m [34mDEBUG[0m [2mhyper::proto::h1::io[0m[2m:[0m flushed 250 bytes
[2m2025-12-10T10:07:59.109559Z[0m [34mDEBUG[0m [2mhyper::proto::h1::io[0m[2m:[0m parsed 4 headers
[2m2025-12-10T10:07:59.109570Z[0m [34mDEBUG[0m [2mhyper::proto::h1::conn[0m[2m:[0m incoming body is content-length (45 bytes)
[2m2025-12-10T10:07:59.109578Z[0m [34mDEBUG[0m [2mhyper::proto::h1::conn[0m[2m:[0m incoming body completed
[2m2025-12-10T10:07:59.109588Z[0m [34mDEBUG[0m [2mhyper::client::pool[0m[2m:[0m pooling idle connection for ("http", 192.168.0.14:8545)
[2m2025-12-10T10:07:59.110306Z[0m [34mDEBUG[0m [2mhyper::proto::h1::io[0m[2m:[0m parsed 4 headers
[2m2025-12-10T10:07:59.110313Z[0m [34mDEBUG[0m [2mhyper::proto::h1::conn[0m[2m:[0m incoming body is content-length (771 bytes)
[2m2025-12-10T10:07:59.110319Z[0m [34mDEBUG[0m [2mhyper::proto::h1::conn[0m[2m:[0m incoming body completed
[2m2025-12-10T10:07:59.110326Z[0m [34mDEBUG[0m [2mhyper::client::pool[0m[2m:[0m pooling idle connection for ("http", 192.168.0.14:8545)
[2m2025-12-10T10:07:59.110332Z[0m [34mDEBUG[0m [2methereum_transaction_pool_monitor::eth_client[0m[2m:[0m 📡 Transaction fetch RPC completed in 4.532417ms
[2m2025-12-10T10:07:59.182230Z[0m [34mDEBUG[0m [2methereum_transaction_pool_monitor::eth_client[0m[2m:[0m ✅ Transaction 0xc1c386c2fe7b7fc3ede1136ff43e09108f75cb17cad772762022f148995b2a1f fetched and parsed in 76.428083ms
[2m2025-12-10T10:07:59.182251Z[0m [34mDEBUG[0m [2methereum_transaction_pool_monitor::mempool_monitor[0m[2m:[0m 🔍 Skipping tx 0xc1c386c2fe7b7fc3ede1136ff43e09108f75cb17cad772762022f148995b2a1f - not a DEX interaction (target: 0xB8f28C60dD8240141185a192fa4156A23E189305)
[2m2025-12-10T10:07:59.195678Z[0m [34mDEBUG[0m [2mhyper::client::pool[0m[2m:[0m reuse idle connection for ("http", 192.168.0.14:8545)
[2m2025-12-10T10:07:59.195734Z[0m [34mDEBUG[0m [2mhyper::proto::h1::io[0m[2m:[0m flushed 172 bytes
[2m2025-12-10T10:07:59.196893Z[0m [34mDEBUG[0m [2methereum_transaction_pool_monitor::eth_client[0m[2m:[0m 📨 Received WebSocket message: {"jsonrpc":"2.0","method":"eth_subscription","params":{"subscription":"0xbed0a0851463e895960a451075a301a9","result":"0xfd2e4c402c733b6be49d1f89d90fbdc4cd1af762ab661de43827699687fef36d"}}
[2m2025-12-10T10:07:59.196918Z[0m [34mDEBUG[0m [2methereum_transaction_pool_monitor::eth_client[0m[2m:[0m 📨 Received pending transaction: 0xfd2e4c402c733b6be49d1f89d90fbdc4cd1af762ab661de43827699687fef36d
[2m2025-12-10T10:07:59.196927Z[0m [34mDEBUG[0m [2methereum_transaction_pool_monitor::mempool_monitor[0m[2m:[0m 📨 Processing new pending transaction: 0xfd2e4c402c733b6be49d1f89d90fbdc4cd1af762ab661de43827699687fef36d
[2m2025-12-10T10:07:59.196930Z[0m [34mDEBUG[0m [2methereum_transaction_pool_monitor::mempool_monitor[0m[2m:[0m 🔍 Fetching transaction details for: 0xfd2e4c402c733b6be49d1f89d90fbdc4cd1af762ab661de43827699687fef36d
[2m2025-12-10T10:07:59.196934Z[0m [34mDEBUG[0m [2methereum_transaction_pool_monitor::eth_client[0m[2m:[0m 🔍 Fetching transaction details for hash: 0xfd2e4c402c733b6be49d1f89d90fbdc4cd1af762ab661de43827699687fef36d
[2m2025-12-10T10:07:59.196948Z[0m [34mDEBUG[0m [2mhyper::client::pool[0m[2m:[0m reuse idle connection for ("http", 192.168.0.14:8545)
[2m2025-12-10T10:07:59.196964Z[0m [34mDEBUG[0m [2mhyper::proto::h1::io[0m[2m:[0m flushed 250 bytes
[2m2025-12-10T10:07:59.200178Z[0m [34mDEBUG[0m [2mhyper::proto::h1::io[0m[2m:[0m parsed 4 headers
[2m2025-12-10T10:07:59.200183Z[0m [34mDEBUG[0m [2mhyper::proto::h1::conn[0m[2m:[0m incoming body is content-length (45 bytes)
[2m2025-12-10T10:07:59.200190Z[0m [34mDEBUG[0m [2mhyper::proto::h1::conn[0m[2m:[0m incoming body completed
[2m2025-12-10T10:07:59.200198Z[0m [34mDEBUG[0m [2mhyper::client::pool[0m[2m:[0m pooling idle connection for ("http", 192.168.0.14:8545)
[2m2025-12-10T10:07:59.206070Z[0m [34mDEBUG[0m [2mhyper::proto::h1::io[0m[2m:[0m parsed 4 headers
[2m2025-12-10T10:07:59.206082Z[0m [34mDEBUG[0m [2mhyper::proto::h1::conn[0m[2m:[0m incoming body is content-length (773 bytes)
[2m2025-12-10T10:07:59.206090Z[0m [34mDEBUG[0m [2mhyper::proto::h1::conn[0m[2m:[0m incoming body completed
[2m2025-12-10T10:07:59.206099Z[0m [34mDEBUG[0m [2mhyper::client::pool[0m[2m:[0m pooling idle connection for ("http", 192.168.0.14:8545)
[2m2025-12-10T10:07:59.206105Z[0m [34mDEBUG[0m [2methereum_transaction_pool_monitor::eth_client[0m[2m:[0m 📡 Transaction fetch RPC completed in 9.163458ms
[2m2025-12-10T10:07:59.277897Z[0m [34mDEBUG[0m [2methereum_transaction_pool_monitor::eth_client[0m[2m:[0m ✅ Transaction 0xfd2e4c402c733b6be49d1f89d90fbdc4cd1af762ab661de43827699687fef36d fetched and parsed in 80.95225ms
[2m2025-12-10T10:07:59.277917Z[0m [34mDEBUG[0m [2methereum_transaction_pool_monitor::mempool_monitor[0m[2m:[0m 🔍 Skipping tx 0xfd2e4c402c733b6be49d1f89d90fbdc4cd1af762ab661de43827699687fef36d - not a DEX interaction (target: 0x7448c7456a97769F6cD04F1E83A4a23cCdC46aBD)
[2m2025-12-10T10:07:59.277944Z[0m [34mDEBUG[0m [2methereum_transaction_pool_monitor::eth_client[0m[2m:[0m 📨 Received WebSocket message: {"jsonrpc":"2.0","method":"eth_subscription","params":{"subscription":"0xbed0a0851463e895960a451075a301a9","result":"0x17fcd29063150b2ff71af1fee24861908ac528a925e9e2cab51e68ca3279614e"}}
[2m2025-12-10T10:07:59.277956Z[0m [34mDEBUG[0m [2methereum_transaction_pool_monitor::eth_client[0m[2m:[0m 📨 Received pending transaction: 0x17fcd29063150b2ff71af1fee24861908ac528a925e9e2cab51e68ca3279614e
[2m2025-12-10T10:07:59.277961Z[0m [34mDEBUG[0m [2methereum_transaction_pool_monitor::eth_client[0m[2m:[0m 📨 Received WebSocket message: {"jsonrpc":"2.0","method":"eth_subscription","params":{"subscription":"0xbed0a0851463e895960a451075a301a9","result":"0x6de08428054350724eb1624429a40d62fb25ed5df22daba35d11e72008df766c"}}
[2m2025-12-10T10:07:59.277971Z[0m [34mDEBUG[0m [2methereum_transaction_pool_monitor::eth_client[0m[2m:[0m 📨 Received pending transaction: 0x6de08428054350724eb1624429a40d62fb25ed5df22daba35d11e72008df766c
[2m2025-12-10T10:07:59.277978Z[0m [34mDEBUG[0m [2methereum_transaction_pool_monitor::mempool_monitor[0m[2m:[0m 📨 Processing new pending transaction: 0x17fcd29063150b2ff71af1fee24861908ac528a925e9e2cab51e68ca3279614e
[2m2025-12-10T10:07:59.277981Z[0m [34mDEBUG[0m [2methereum_transaction_pool_monitor::mempool_monitor[0m[2m:[0m 🔍 Fetching transaction details for: 0x17fcd29063150b2ff71af1fee24861908ac528a925e9e2cab51e68ca3279614e
[2m2025-12-10T10:07:59.277984Z[0m [34mDEBUG[0m [2methereum_transaction_pool_monitor::eth_client[0m[2m:[0m 🔍 Fetching transaction details for hash: 0x17fcd29063150b2ff71af1fee24861908ac528a925e9e2cab51e68ca3279614e
[2m2025-12-10T10:07:59.278004Z[0m [34mDEBUG[0m [2mhyper::client::pool[0m[2m:[0m reuse idle connection for ("http", 192.168.0.14:8545)
[2m2025-12-10T10:07:59.278044Z[0m [34mDEBUG[0m [2mhyper::proto::h1::io[0m[2m:[0m flushed 250 bytes
[2m2025-12-10T10:07:59.281876Z[0m [34mDEBUG[0m [2mhyper::proto::h1::io[0m[2m:[0m parsed 4 headers
[2m2025-12-10T10:07:59.281886Z[0m [34mDEBUG[0m [2mhyper::proto::h1::conn[0m[2m:[0m incoming body is content-length (771 bytes)
[2m2025-12-10T10:07:59.281896Z[0m [34mDEBUG[0m [2mhyper::proto::h1::conn[0m[2m:[0m incoming body completed
[2m2025-12-10T10:07:59.281907Z[0m [34mDEBUG[0m [2mhyper::client::pool[0m[2m:[0m pooling idle connection for ("http", 192.168.0.14:8545)
[2m2025-12-10T10:07:59.281916Z[0m [34mDEBUG[0m [2methereum_transaction_pool_monitor::eth_client[0m[2m:[0m 📡 Transaction fetch RPC completed in 3.929208ms
[2m2025-12-10T10:07:59.353759Z[0m [34mDEBUG[0m [2methereum_transaction_pool_monitor::eth_client[0m[2m:[0m ✅ Transaction 0x17fcd29063150b2ff71af1fee24861908ac528a925e9e2cab51e68ca3279614e fetched and parsed in 75.769333ms
[2m2025-12-10T10:07:59.353789Z[0m [34mDEBUG[0m [2methereum_transaction_pool_monitor::mempool_monitor[0m[2m:[0m 🔍 Skipping tx 0x17fcd29063150b2ff71af1fee24861908ac528a925e9e2cab51e68ca3279614e - not a DEX interaction (target: 0xB8f28C60dD8240141185a192fa4156A23E189305)
[2m2025-12-10T10:07:59.353800Z[0m [34mDEBUG[0m [2methereum_transaction_pool_monitor::mempool_monitor[0m[2m:[0m 📨 Processing new pending transaction: 0x6de08428054350724eb1624429a40d62fb25ed5df22daba35d11e72008df766c
[2m2025-12-10T10:07:59.353806Z[0m [34mDEBUG[0m [2methereum_transaction_pool_monitor::mempool_monitor[0m[2m:[0m 🔍 Fetching transaction details for: 0x6de08428054350724eb1624429a40d62fb25ed5df22daba35d11e72008df766c
[2m2025-12-10T10:07:59.353810Z[0m [34mDEBUG[0m [2methereum_transaction_pool_monitor::eth_client[0m[2m:[0m 🔍 Fetching transaction details for hash: 0x6de08428054350724eb1624429a40d62fb25ed5df22daba35d11e72008df766c
[2m2025-12-10T10:07:59.353831Z[0m [34mDEBUG[0m [2mhyper::client::pool[0m[2m:[0m reuse idle connection for ("http", 192.168.0.14:8545)
[2m2025-12-10T10:07:59.353890Z[0m [34mDEBUG[0m [2mhyper::proto::h1::io[0m[2m:[0m flushed 250 bytes
[2m2025-12-10T10:07:59.353912Z[0m [34mDEBUG[0m [2mhyper::client::pool[0m[2m:[0m reuse idle connection for ("http", 192.168.0.14:8545)
[2m2025-12-10T10:07:59.353927Z[0m [34mDEBUG[0m [2mhyper::proto::h1::io[0m[2m:[0m flushed 172 bytes
[2m2025-12-10T10:07:59.353977Z[0m [34mDEBUG[0m [2methereum_transaction_pool_monitor::eth_client[0m[2m:[0m 📨 Received WebSocket message: {"jsonrpc":"2.0","method":"eth_subscription","params":{"subscription":"0xbed0a0851463e895960a451075a301a9","result":"0x584fc63806ddd80176241db717f1f80fd467412adcb4d2524dd567bf1cd9bef8"}}
[2m2025-12-10T10:07:59.353997Z[0m [34mDEBUG[0m [2methereum_transaction_pool_monitor::eth_client[0m[2m:[0m 📨 Received pending transaction: 0x584fc63806ddd80176241db717f1f80fd467412adcb4d2524dd567bf1cd9bef8
[2m2025-12-10T10:07:59.354003Z[0m [34mDEBUG[0m [2methereum_transaction_pool_monitor::eth_client[0m[2m:[0m 📨 Received WebSocket message: {"jsonrpc":"2.0","method":"eth_subscription","params":{"subscription":"0xbed0a0851463e895960a451075a301a9","result":"0x1dd9fb942b966e747c2d39a512aebe7d43284f4fa92bcf939b5b1dc23bc2fae1"}}
[2m2025-12-10T10:07:59.354012Z[0m [34mDEBUG[0m [2methereum_transaction_pool_monitor::eth_client[0m[2m:[0m 📨 Received pending transaction: 0x1dd9fb942b966e747c2d39a512aebe7d43284f4fa92bcf939b5b1dc23bc2fae1
[2m2025-12-10T10:07:59.359211Z[0m [34mDEBUG[0m [2mhyper::proto::h1::io[0m[2m:[0m parsed 4 headers
[2m2025-12-10T10:07:59.359220Z[0m [34mDEBUG[0m [2mhyper::proto::h1::conn[0m[2m:[0m incoming body is content-length (644 bytes)
[2m2025-12-10T10:07:59.359228Z[0m [34mDEBUG[0m [2mhyper::proto::h1::conn[0m[2m:[0m incoming body completed
[2m2025-12-10T10:07:59.359237Z[0m [34mDEBUG[0m [2mhyper::client::pool[0m[2m:[0m pooling idle connection for ("http", 192.168.0.14:8545)
[2m2025-12-10T10:07:59.359244Z[0m [34mDEBUG[0m [2methereum_transaction_pool_monitor::eth_client[0m[2m:[0m 📡 Transaction fetch RPC completed in 5.430459ms
[2m2025-12-10T10:07:59.429858Z[0m [34mDEBUG[0m [2methereum_transaction_pool_monitor::eth_client[0m[2m:[0m ✅ Transaction 0x6de08428054350724eb1624429a40d62fb25ed5df22daba35d11e72008df766c fetched and parsed in 76.041584ms
[2m2025-12-10T10:07:59.429882Z[0m [34mDEBUG[0m [2methereum_transaction_pool_monitor::mempool_monitor[0m[2m:[0m 🔍 Skipping tx 0x6de08428054350724eb1624429a40d62fb25ed5df22daba35d11e72008df766c - not a DEX interaction (target: 0x17E5545B11b468072283Cee1F066a059Fb0dbF24)
[2m2025-12-10T10:07:59.429893Z[0m [34mDEBUG[0m [2methereum_transaction_pool_monitor::mempool_monitor[0m[2m:[0m 📨 Processing new pending transaction: 0x584fc63806ddd80176241db717f1f80fd467412adcb4d2524dd567bf1cd9bef8
[2m2025-12-10T10:07:59.429897Z[0m [34mDEBUG[0m [2methereum_transaction_pool_monitor::mempool_monitor[0m[2m:[0m 🔍 Fetching transaction details for: 0x584fc63806ddd80176241db717f1f80fd467412adcb4d2524dd567bf1cd9bef8
[2m2025-12-10T10:07:59.429902Z[0m [34mDEBUG[0m [2methereum_transaction_pool_monitor::eth_client[0m[2m:[0m 🔍 Fetching transaction details for hash: 0x584fc63806ddd80176241db717f1f80fd467412adcb4d2524dd567bf1cd9bef8
[2m2025-12-10T10:07:59.429924Z[0m [34mDEBUG[0m [2mhyper::client::pool[0m[2m:[0m reuse idle connection for ("http", 192.168.0.14:8545)
[2m2025-12-10T10:07:59.429975Z[0m [34mDEBUG[0m [2mhyper::proto::h1::io[0m[2m:[0m flushed 250 bytes
[2m2025-12-10T10:07:59.430000Z[0m [34mDEBUG[0m [2methereum_transaction_pool_monitor::eth_client[0m[2m:[0m 📨 Received WebSocket message: {"jsonrpc":"2.0","method":"eth_subscription","params":{"subscription":"0xbed0a0851463e895960a451075a301a9","result":"0xb62bc1061b9322edc2d9612a1d92b959d2f31a95a173122efb854264f5e3af2b"}}
[2m2025-12-10T10:07:59.430003Z[0m [34mDEBUG[0m [2mhyper::proto::h1::io[0m[2m:[0m parsed 4 headers
[2m2025-12-10T10:07:59.430007Z[0m [34mDEBUG[0m [2methereum_transaction_pool_monitor::eth_client[0m[2m:[0m 📨 Received pending transaction: 0xb62bc1061b9322edc2d9612a1d92b959d2f31a95a173122efb854264f5e3af2b
[2m2025-12-10T10:07:59.430015Z[0m [34mDEBUG[0m [2mhyper::proto::h1::conn[0m[2m:[0m incoming body is content-length (45 bytes)
[2m2025-12-10T10:07:59.430024Z[0m [34mDEBUG[0m [2methereum_transaction_pool_monitor::eth_client[0m[2m:[0m 📨 Received WebSocket message: {"jsonrpc":"2.0","method":"eth_subscription","params":{"subscription":"0xbed0a0851463e895960a451075a301a9","result":"0xd69d6bd96af95ebd764e097703655408196e7f366d71b02b420d95c05e5d112d"}}
[2m2025-12-10T10:07:59.430035Z[0m [34mDEBUG[0m [2mhyper::proto::h1::conn[0m[2m:[0m incoming body completed
[2m2025-12-10T10:07:59.430039Z[0m [34mDEBUG[0m [2methereum_transaction_pool_monitor::eth_client[0m[2m:[0m 📨 Received pending transaction: 0xd69d6bd96af95ebd764e097703655408196e7f366d71b02b420d95c05e5d112d
[2m2025-12-10T10:07:59.430055Z[0m [34mDEBUG[0m [2mhyper::client::pool[0m[2m:[0m pooling idle connection for ("http", 192.168.0.14:8545)
[2m2025-12-10T10:07:59.430056Z[0m [34mDEBUG[0m [2methereum_transaction_pool_monitor::eth_client[0m[2m:[0m 📨 Received WebSocket message: {"jsonrpc":"2.0","method":"eth_subscription","params":{"subscription":"0xbed0a0851463e895960a451075a301a9","result":"0xf4873230fc84e5f68172307f41468f401c47fca0c7f64091eeaa3146b8da6dc3"}}
[2m2025-12-10T10:07:59.430071Z[0m [34mDEBUG[0m [2methereum_transaction_pool_monitor::eth_client[0m[2m:[0m 📨 Received pending transaction: 0xf4873230fc84e5f68172307f41468f401c47fca0c7f64091eeaa3146b8da6dc3
[2m2025-12-10T10:07:59.430077Z[0m [34mDEBUG[0m [2mhyper::client::pool[0m[2m:[0m reuse idle connection for ("http", 192.168.0.14:8545)
[2m2025-12-10T10:07:59.430097Z[0m [34mDEBUG[0m [2mhyper::proto::h1::io[0m[2m:[0m flushed 172 bytes
[2m2025-12-10T10:07:59.434232Z[0m [34mDEBUG[0m [2mhyper::proto::h1::io[0m[2m:[0m parsed 4 headers
[2m2025-12-10T10:07:59.434262Z[0m [34mDEBUG[0m [2mhyper::proto::h1::conn[0m[2m:[0m incoming body is content-length (45 bytes)
[2m2025-12-10T10:07:59.434299Z[0m [34mDEBUG[0m [2mhyper::proto::h1::conn[0m[2m:[0m incoming body completed
[2m2025-12-10T10:07:59.434309Z[0m [34mDEBUG[0m [2mhyper::client::pool[0m[2m:[0m pooling idle connection for ("http", 192.168.0.14:8545)
[2m2025-12-10T10:07:59.439882Z[0m [34mDEBUG[0m [2mhyper::proto::h1::io[0m[2m:[0m parsed 4 headers
[2m2025-12-10T10:07:59.442422Z[0m [34mDEBUG[0m [2mhyper::proto::h1::conn[0m[2m:[0m incoming body is content-length (774 bytes)
[2m2025-12-10T10:07:59.442431Z[0m [34mDEBUG[0m [2mhyper::proto::h1::conn[0m[2m:[0m incoming body completed
[2m2025-12-10T10:07:59.442443Z[0m [34mDEBUG[0m [2mhyper::client::pool[0m[2m:[0m pooling idle connection for ("http", 192.168.0.14:8545)
[2m2025-12-10T10:07:59.442451Z[0m [34mDEBUG[0m [2methereum_transaction_pool_monitor::eth_client[0m[2m:[0m 📡 Transaction fetch RPC completed in 12.545333ms
[2m2025-12-10T10:07:59.442468Z[0m [34mDEBUG[0m [2methereum_transaction_pool_monitor::eth_client[0m[2m:[0m DeFi transaction detected - Address: 0xdac17f958d2ee523a2206206994597c13d831ec7, Type: Stablecoin, Value: 0 ETH, Gas: 2.55 Gwei
[2m2025-12-10T10:07:59.442482Z[0m [34mDEBUG[0m [2methereum_transaction_pool_monitor::eth_client[0m[2m:[0m ✅ Transaction 0x584fc63806ddd80176241db717f1f80fd467412adcb4d2524dd567bf1cd9bef8 fetched and parsed in 12.576ms
[2m2025-12-10T10:07:59.442489Z[0m [34mDEBUG[0m [2methereum_transaction_pool_monitor::mempool_monitor[0m[2m:[0m 🔍 Skipping tx 0x584fc63806ddd80176241db717f1f80fd467412adcb4d2524dd567bf1cd9bef8 - not a DEX interaction (target: 0xdAC17F958D2ee523a2206206994597C13D831ec7)
[2m2025-12-10T10:07:59.442497Z[0m [34mDEBUG[0m [2methereum_transaction_pool_monitor::mempool_monitor[0m[2m:[0m 📨 Processing new pending transaction: 0x1dd9fb942b966e747c2d39a512aebe7d43284f4fa92bcf939b5b1dc23bc2fae1
[2m2025-12-10T10:07:59.442501Z[0m [34mDEBUG[0m [2methereum_transaction_pool_monitor::mempool_monitor[0m[2m:[0m 🔍 Fetching transaction details for: 0x1dd9fb942b966e747c2d39a512aebe7d43284f4fa92bcf939b5b1dc23bc2fae1
[2m2025-12-10T10:07:59.442506Z[0m [34mDEBUG[0m [2methereum_transaction_pool_monitor::eth_client[0m[2m:[0m 🔍 Fetching transaction details for hash: 0x1dd9fb942b966e747c2d39a512aebe7d43284f4fa92bcf939b5b1dc23bc2fae1
[2m2025-12-10T10:07:59.442520Z[0m [34mDEBUG[0m [2mhyper::client::pool[0m[2m:[0m reuse idle connection for ("http", 192.168.0.14:8545)
[2m2025-12-10T10:07:59.442561Z[0m [34mDEBUG[0m [2mhyper::proto::h1::io[0m[2m:[0m flushed 250 bytes
[2m2025-12-10T10:07:59.446629Z[0m [34mDEBUG[0m [2mhyper::proto::h1::io[0m[2m:[0m parsed 4 headers
[2m2025-12-10T10:07:59.446666Z[0m [34mDEBUG[0m [2mhyper::proto::h1::conn[0m[2m:[0m incoming body is content-length (675 bytes)
[2m2025-12-10T10:07:59.446675Z[0m [34mDEBUG[0m [2mhyper::proto::h1::conn[0m[2m:[0m incoming body completed
[2m2025-12-10T10:07:59.446687Z[0m [34mDEBUG[0m [2mhyper::client::pool[0m[2m:[0m pooling idle connection for ("http", 192.168.0.14:8545)
[2m2025-12-10T10:07:59.446694Z[0m [34mDEBUG[0m [2methereum_transaction_pool_monitor::eth_client[0m[2m:[0m 📡 Transaction fetch RPC completed in 4.184708ms
[2m2025-12-10T10:07:59.518486Z[0m [34mDEBUG[0m [2methereum_transaction_pool_monitor::eth_client[0m[2m:[0m ✅ Transaction 0x1dd9fb942b966e747c2d39a512aebe7d43284f4fa92bcf939b5b1dc23bc2fae1 fetched and parsed in 75.974417ms
[2m2025-12-10T10:07:59.518511Z[0m [34mDEBUG[0m [2methereum_transaction_pool_monitor::mempool_monitor[0m[2m:[0m 🔍 Skipping tx 0x1dd9fb942b966e747c2d39a512aebe7d43284f4fa92bcf939b5b1dc23bc2fae1 - not a DEX interaction (target: 0xba83b5ed3f12Bfa44f066f03eE0433419B74f469)
[2m2025-12-10T10:07:59.518523Z[0m [34mDEBUG[0m [2methereum_transaction_pool_monitor::mempool_monitor[0m[2m:[0m 📨 Processing new pending transaction: 0xb62bc1061b9322edc2d9612a1d92b959d2f31a95a173122efb854264f5e3af2b
[2m2025-12-10T10:07:59.518529Z[0m [34mDEBUG[0m [2methereum_transaction_pool_monitor::mempool_monitor[0m[2m:[0m 🔍 Fetching transaction details for: 0xb62bc1061b9322edc2d9612a1d92b959d2f31a95a173122efb854264f5e3af2b
[2m2025-12-10T10:07:59.518532Z[0m [34mDEBUG[0m [2methereum_transaction_pool_monitor::eth_client[0m[2m:[0m 🔍 Fetching transaction details for hash: 0xb62bc1061b9322edc2d9612a1d92b959d2f31a95a173122efb854264f5e3af2b
[2m2025-12-10T10:07:59.518552Z[0m [34mDEBUG[0m [2mhyper::client::pool[0m[2m:[0m reuse idle connection for ("http", 192.168.0.14:8545)
[2m2025-12-10T10:07:59.518604Z[0m [34mDEBUG[0m [2mhyper::proto::h1::io[0m[2m:[0m flushed 250 bytes
[2m2025-12-10T10:07:59.518656Z[0m [34mDEBUG[0m [2mhyper::client::pool[0m[2m:[0m reuse idle connection for ("http", 192.168.0.14:8545)
[2m2025-12-10T10:07:59.518674Z[0m [34mDEBUG[0m [2mhyper::proto::h1::io[0m[2m:[0m flushed 172 bytes
[2m2025-12-10T10:07:59.523663Z[0m [34mDEBUG[0m [2mhyper::proto::h1::io[0m[2m:[0m parsed 4 headers
[2m2025-12-10T10:07:59.523674Z[0m [34mDEBUG[0m [2mhyper::proto::h1::conn[0m[2m:[0m incoming body is content-length (763 bytes)
[2m2025-12-10T10:07:59.523681Z[0m [34mDEBUG[0m [2mhyper::proto::h1::conn[0m[2m:[0m incoming body completed
[2m2025-12-10T10:07:59.523688Z[0m [34mDEBUG[0m [2mhyper::client::pool[0m[2m:[0m pooling idle connection for ("http", 192.168.0.14:8545)
[2m2025-12-10T10:07:59.523694Z[0m [34mDEBUG[0m [2methereum_transaction_pool_monitor::eth_client[0m[2m:[0m 📡 Transaction fetch RPC completed in 5.158667ms
[2m2025-12-10T10:07:59.594944Z[0m [34mDEBUG[0m [2methereum_transaction_pool_monitor::eth_client[0m[2m:[0m ✅ Transaction 0xb62bc1061b9322edc2d9612a1d92b959d2f31a95a173122efb854264f5e3af2b fetched and parsed in 76.4045ms
[2m2025-12-10T10:07:59.594969Z[0m [34mDEBUG[0m [2methereum_transaction_pool_monitor::mempool_monitor[0m[2m:[0m 🔍 Skipping tx 0xb62bc1061b9322edc2d9612a1d92b959d2f31a95a173122efb854264f5e3af2b - not a DEX interaction (target: 0xA0b86991c6218b36c1d19D4a2e9Eb0cE3606eB48)
[2m2025-12-10T10:07:59.594981Z[0m [34mDEBUG[0m [2methereum_transaction_pool_monitor::mempool_monitor[0m[2m:[0m 📨 Processing new pending transaction: 0xd69d6bd96af95ebd764e097703655408196e7f366d71b02b420d95c05e5d112d
[2m2025-12-10T10:07:59.594987Z[0m [34mDEBUG[0m [2methereum_transaction_pool_monitor::mempool_monitor[0m[2m:[0m 🔍 Fetching transaction details for: 0xd69d6bd96af95ebd764e097703655408196e7f366d71b02b420d95c05e5d112d
[2m2025-12-10T10:07:59.594991Z[0m [34mDEBUG[0m [2methereum_transaction_pool_monitor::eth_client[0m[2m:[0m 🔍 Fetching transaction details for hash: 0xd69d6bd96af95ebd764e097703655408196e7f366d71b02b420d95c05e5d112d
[2m2025-12-10T10:07:59.595024Z[0m [34mDEBUG[0m [2mhyper::client::pool[0m[2m:[0m reuse idle connection for ("http", 192.168.0.14:8545)
[2m2025-12-10T10:07:59.595058Z[0m [34mDEBUG[0m [2mhyper::proto::h1::io[0m[2m:[0m flushed 250 bytes
[2m2025-12-10T10:07:59.595085Z[0m [34mDEBUG[0m [2methereum_transaction_pool_monitor::eth_client[0m[2m:[0m 📨 Received WebSocket message: {"jsonrpc":"2.0","method":"eth_subscription","params":{"subscription":"0xbed0a0851463e895960a451075a301a9","result":"0xdad8596396b98320f7a2f40a2cf511e75d2b73dbb70afb85b6008344db0138dd"}}
[2m2025-12-10T10:07:59.595095Z[0m [34mDEBUG[0m [2methereum_transaction_pool_monitor::eth_client[0m[2m:[0m 📨 Received pending transaction: 0xdad8596396b98320f7a2f40a2cf511e75d2b73dbb70afb85b6008344db0138dd
[2m2025-12-10T10:07:59.595106Z[0m [34mDEBUG[0m [2mhyper::proto::h1::io[0m[2m:[0m parsed 4 headers
[2m2025-12-10T10:07:59.595110Z[0m [34mDEBUG[0m [2mhyper::proto::h1::conn[0m[2m:[0m incoming body is content-length (45 bytes)
[2m2025-12-10T10:07:59.595119Z[0m [34mDEBUG[0m [2mhyper::proto::h1::conn[0m[2m:[0m incoming body completed
[2m2025-12-10T10:07:59.595126Z[0m [34mDEBUG[0m [2mhyper::client::pool[0m[2m:[0m pooling idle connection for ("http", 192.168.0.14:8545)
[2m2025-12-10T10:07:59.595141Z[0m [34mDEBUG[0m [2mhyper::client::pool[0m[2m:[0m reuse idle connection for ("http", 192.168.0.14:8545)
[2m2025-12-10T10:07:59.595155Z[0m [34mDEBUG[0m [2mhyper::proto::h1::io[0m[2m:[0m flushed 172 bytes
[2m2025-12-10T10:07:59.599115Z[0m [34mDEBUG[0m [2mhyper::proto::h1::io[0m[2m:[0m parsed 4 headers
[2m2025-12-10T10:07:59.599119Z[0m [34mDEBUG[0m [2mhyper::proto::h1::conn[0m[2m:[0m incoming body is content-length (45 bytes)
[2m2025-12-10T10:07:59.599123Z[0m [34mDEBUG[0m [2mhyper::proto::h1::conn[0m[2m:[0m incoming body completed
[2m2025-12-10T10:07:59.599128Z[0m [34mDEBUG[0m [2mhyper::client::pool[0m[2m:[0m pooling idle connection for ("http", 192.168.0.14:8545)
[2m2025-12-10T10:07:59.604670Z[0m [34mDEBUG[0m [2mhyper::proto::h1::io[0m[2m:[0m parsed 4 headers
[2m2025-12-10T10:07:59.604678Z[0m [34mDEBUG[0m [2mhyper::proto::h1::conn[0m[2m:[0m incoming body is content-length (763 bytes)
[2m2025-12-10T10:07:59.604684Z[0m [34mDEBUG[0m [2mhyper::proto::h1::conn[0m[2m:[0m incoming body completed
[2m2025-12-10T10:07:59.604692Z[0m [34mDEBUG[0m [2mhyper::client::pool[0m[2m:[0m pooling idle connection for ("http", 192.168.0.14:8545)
[2m2025-12-10T10:07:59.604697Z[0m [34mDEBUG[0m [2methereum_transaction_pool_monitor::eth_client[0m[2m:[0m 📡 Transaction fetch RPC completed in 9.692583ms
[2m2025-12-10T10:07:59.675917Z[0m [34mDEBUG[0m [2methereum_transaction_pool_monitor::eth_client[0m[2m:[0m ✅ Transaction 0xd69d6bd96af95ebd764e097703655408196e7f366d71b02b420d95c05e5d112d fetched and parsed in 80.909167ms
[2m2025-12-10T10:07:59.675945Z[0m [34mDEBUG[0m [2methereum_transaction_pool_monitor::mempool_monitor[0m[2m:[0m 🔍 Skipping tx 0xd69d6bd96af95ebd764e097703655408196e7f366d71b02b420d95c05e5d112d - not a DEX interaction (target: 0xA0b86991c6218b36c1d19D4a2e9Eb0cE3606eB48)
[2m2025-12-10T10:07:59.675956Z[0m [34mDEBUG[0m [2methereum_transaction_pool_monitor::mempool_monitor[0m[2m:[0m 📨 Processing new pending transaction: 0xf4873230fc84e5f68172307f41468f401c47fca0c7f64091eeaa3146b8da6dc3
[2m2025-12-10T10:07:59.675961Z[0m [34mDEBUG[0m [2methereum_transaction_pool_monitor::mempool_monitor[0m[2m:[0m 🔍 Fetching transaction details for: 0xf4873230fc84e5f68172307f41468f401c47fca0c7f64091eeaa3146b8da6dc3
[2m2025-12-10T10:07:59.675965Z[0m [34mDEBUG[0m [2methereum_transaction_pool_monitor::eth_client[0m[2m:[0m 🔍 Fetching transaction details for hash: 0xf4873230fc84e5f68172307f41468f401c47fca0c7f64091eeaa3146b8da6dc3
[2m2025-12-10T10:07:59.675989Z[0m [34mDEBUG[0m [2mhyper::client::pool[0m[2m:[0m reuse idle connection for ("http", 192.168.0.14:8545)
[2m2025-12-10T10:07:59.676042Z[0m [34mDEBUG[0m [2mhyper::proto::h1::io[0m[2m:[0m flushed 250 bytes
[2m2025-12-10T10:07:59.676065Z[0m [34mDEBUG[0m [2methereum_transaction_pool_monitor::eth_client[0m[2m:[0m 📨 Received WebSocket message: {"jsonrpc":"2.0","method":"eth_subscription","params":{"subscription":"0xbed0a0851463e895960a451075a301a9","result":"0xf9a0d4c0cedad8b81a87268997f79614c6ba2fcaae85afae67981ac4ace06cb3"}}
[2m2025-12-10T10:07:59.676073Z[0m [34mDEBUG[0m [2methereum_transaction_pool_monitor::eth_client[0m[2m:[0m 📨 Received pending transaction: 0xf9a0d4c0cedad8b81a87268997f79614c6ba2fcaae85afae67981ac4ace06cb3
[2m2025-12-10T10:07:59.676084Z[0m [34mDEBUG[0m [2methereum_transaction_pool_monitor::eth_client[0m[2m:[0m 📨 Received WebSocket message: {"jsonrpc":"2.0","method":"eth_subscription","params":{"subscription":"0xbed0a0851463e895960a451075a301a9","result":"0xc3e921e6b31d567aeee643fb3ad5b74c4c6c9ae22f25459a3346ef78c094c1ee"}}
[2m2025-12-10T10:07:59.676090Z[0m [34mDEBUG[0m [2methereum_transaction_pool_monitor::eth_client[0m[2m:[0m 📨 Received pending transaction: 0xc3e921e6b31d567aeee643fb3ad5b74c4c6c9ae22f25459a3346ef78c094c1ee
[2m2025-12-10T10:07:59.679813Z[0m [34mDEBUG[0m [2mhyper::proto::h1::io[0m[2m:[0m parsed 4 headers
[2m2025-12-10T10:07:59.679829Z[0m [34mDEBUG[0m [2mhyper::proto::h1::conn[0m[2m:[0m incoming body is content-length (674 bytes)
[2m2025-12-10T10:07:59.679838Z[0m [34mDEBUG[0m [2mhyper::proto::h1::conn[0m[2m:[0m incoming body completed
[2m2025-12-10T10:07:59.679849Z[0m [34mDEBUG[0m [2mhyper::client::pool[0m[2m:[0m pooling idle connection for ("http", 192.168.0.14:8545)
[2m2025-12-10T10:07:59.679857Z[0m [34mDEBUG[0m [2methereum_transaction_pool_monitor::eth_client[0m[2m:[0m 📡 Transaction fetch RPC completed in 3.888625ms
[2m2025-12-10T10:07:59.751688Z[0m [34mDEBUG[0m [2methereum_transaction_pool_monitor::eth_client[0m[2m:[0m ✅ Transaction 0xf4873230fc84e5f68172307f41468f401c47fca0c7f64091eeaa3146b8da6dc3 fetched and parsed in 75.716541ms
[2m2025-12-10T10:07:59.751714Z[0m [34mDEBUG[0m [2methereum_transaction_pool_monitor::mempool_monitor[0m[2m:[0m 🔍 Skipping tx 0xf4873230fc84e5f68172307f41468f401c47fca0c7f64091eeaa3146b8da6dc3 - not a DEX interaction (target: 0xA0b86991c6218b36c1d19D4a2e9Eb0cE3606eB48)
[2m2025-12-10T10:07:59.751723Z[0m [34mDEBUG[0m [2methereum_transaction_pool_monitor::mempool_monitor[0m[2m:[0m 📨 Processing new pending transaction: 0xdad8596396b98320f7a2f40a2cf511e75d2b73dbb70afb85b6008344db0138dd
[2m2025-12-10T10:07:59.751729Z[0m [34mDEBUG[0m [2methereum_transaction_pool_monitor::mempool_monitor[0m[2m:[0m 🔍 Fetching transaction details for: 0xdad8596396b98320f7a2f40a2cf511e75d2b73dbb70afb85b6008344db0138dd
[2m2025-12-10T10:07:59.751733Z[0m [34mDEBUG[0m [2methereum_transaction_pool_monitor::eth_client[0m[2m:[0m 🔍 Fetching transaction details for hash: 0xdad8596396b98320f7a2f40a2cf511e75d2b73dbb70afb85b6008344db0138dd
[2m2025-12-10T10:07:59.751758Z[0m [34mDEBUG[0m [2mhyper::client::pool[0m[2m:[0m reuse idle connection for ("http", 192.168.0.14:8545)
[2m2025-12-10T10:07:59.751807Z[0m [34mDEBUG[0m [2mhyper::proto::h1::io[0m[2m:[0m flushed 250 bytes
[2m2025-12-10T10:07:59.751828Z[0m [34mDEBUG[0m [2mhyper::client::pool[0m[2m:[0m reuse idle connection for ("http", 192.168.0.14:8545)
[2m2025-12-10T10:07:59.751843Z[0m [34mDEBUG[0m [2mhyper::proto::h1::io[0m[2m:[0m flushed 172 bytes
[2m2025-12-10T10:07:59.751878Z[0m [34mDEBUG[0m [2methereum_transaction_pool_monitor::eth_client[0m[2m:[0m 📨 Received WebSocket message: {"jsonrpc":"2.0","method":"eth_subscription","params":{"subscription":"0xbed0a0851463e895960a451075a301a9","result":"0x176f62306abb6e308b80317029c5bd9de36a9cc84d727058d5e211958d255b4d"}}
[2m2025-12-10T10:07:59.751886Z[0m [34mDEBUG[0m [2methereum_transaction_pool_monitor::eth_client[0m[2m:[0m 📨 Received pending transaction: 0x176f62306abb6e308b80317029c5bd9de36a9cc84d727058d5e211958d255b4d
[2m2025-12-10T10:07:59.755976Z[0m [34mDEBUG[0m [2mhyper::proto::h1::io[0m[2m:[0m parsed 4 headers
[2m2025-12-10T10:07:59.755986Z[0m [34mDEBUG[0m [2mhyper::proto::h1::conn[0m[2m:[0m incoming body is content-length (45 bytes)
[2m2025-12-10T10:07:59.755994Z[0m [34mDEBUG[0m [2mhyper::proto::h1::conn[0m[2m:[0m incoming body completed
[2m2025-12-10T10:07:59.756002Z[0m [34mDEBUG[0m [2mhyper::client::pool[0m[2m:[0m pooling idle connection for ("http", 192.168.0.14:8545)
[2m2025-12-10T10:07:59.757638Z[0m [34mDEBUG[0m [2mhyper::proto::h1::io[0m[2m:[0m parsed 4 headers
[2m2025-12-10T10:07:59.757645Z[0m [34mDEBUG[0m [2mhyper::proto::h1::conn[0m[2m:[0m incoming body is content-length (935 bytes)
[2m2025-12-10T10:07:59.757650Z[0m [34mDEBUG[0m [2mhyper::proto::h1::conn[0m[2m:[0m incoming body completed
[2m2025-12-10T10:07:59.757656Z[0m [34mDEBUG[0m [2mhyper::client::pool[0m[2m:[0m pooling idle connection for ("http", 192.168.0.14:8545)
[2m2025-12-10T10:07:59.757661Z[0m [34mDEBUG[0m [2methereum_transaction_pool_monitor::eth_client[0m[2m:[0m 📡 Transaction fetch RPC completed in 5.923875ms
[2m2025-12-10T10:07:59.828380Z[0m [34mDEBUG[0m [2methereum_transaction_pool_monitor::eth_client[0m[2m:[0m ✅ Transaction 0xdad8596396b98320f7a2f40a2cf511e75d2b73dbb70afb85b6008344db0138dd fetched and parsed in 76.639917ms
[2m2025-12-10T10:07:59.828406Z[0m [34mDEBUG[0m [2methereum_transaction_pool_monitor::mempool_monitor[0m[2m:[0m 🔍 Skipping tx 0xdad8596396b98320f7a2f40a2cf511e75d2b73dbb70afb85b6008344db0138dd - not a DEX interaction (target: 0xcE200515520e0AF0738DE6034fB223fd2B387C3e)
[2m2025-12-10T10:07:59.828416Z[0m [34mDEBUG[0m [2methereum_transaction_pool_monitor::mempool_monitor[0m[2m:[0m 📨 Processing new pending transaction: 0xf9a0d4c0cedad8b81a87268997f79614c6ba2fcaae85afae67981ac4ace06cb3
[2m2025-12-10T10:07:59.828421Z[0m [34mDEBUG[0m [2methereum_transaction_pool_monitor::mempool_monitor[0m[2m:[0m 🔍 Fetching transaction details for: 0xf9a0d4c0cedad8b81a87268997f79614c6ba2fcaae85afae67981ac4ace06cb3
[2m2025-12-10T10:07:59.828425Z[0m [34mDEBUG[0m [2methereum_transaction_pool_monitor::eth_client[0m[2m:[0m 🔍 Fetching transaction details for hash: 0xf9a0d4c0cedad8b81a87268997f79614c6ba2fcaae85afae67981ac4ace06cb3
[2m2025-12-10T10:07:59.828445Z[0m [34mDEBUG[0m [2mhyper::client::pool[0m[2m:[0m reuse idle connection for ("http", 192.168.0.14:8545)
[2m2025-12-10T10:07:59.828492Z[0m [34mDEBUG[0m [2mhyper::proto::h1::io[0m[2m:[0m flushed 250 bytes
[2m2025-12-10T10:07:59.828510Z[0m [34mDEBUG[0m [2mhyper::client::pool[0m[2m:[0m reuse idle connection for ("http", 192.168.0.14:8545)
[2m2025-12-10T10:07:59.828523Z[0m [34mDEBUG[0m [2mhyper::proto::h1::io[0m[2m:[0m flushed 172 bytes
[2m2025-12-10T10:07:59.828562Z[0m [34mDEBUG[0m [2methereum_transaction_pool_monitor::eth_client[0m[2m:[0m 📨 Received WebSocket message: {"jsonrpc":"2.0","method":"eth_subscription","params":{"subscription":"0xbed0a0851463e895960a451075a301a9","result":"0x97308d15c9bc6e5d32f74513af5d10269fed6635b78b40c195d8ff4f2ad88194"}}
[2m2025-12-10T10:07:59.828569Z[0m [34mDEBUG[0m [2methereum_transaction_pool_monitor::eth_client[0m[2m:[0m 📨 Received pending transaction: 0x97308d15c9bc6e5d32f74513af5d10269fed6635b78b40c195d8ff4f2ad88194
[2m2025-12-10T10:07:59.828574Z[0m [34mDEBUG[0m [2methereum_transaction_pool_monitor::eth_client[0m[2m:[0m 📨 Received WebSocket message: {"jsonrpc":"2.0","method":"eth_subscription","params":{"subscription":"0xbed0a0851463e895960a451075a301a9","result":"0x11e471d23613d92c441727ffa4eba5207f75943134c34ddb6bfc32806f820812"}}
[2m2025-12-10T10:07:59.828578Z[0m [34mDEBUG[0m [2methereum_transaction_pool_monitor::eth_client[0m[2m:[0m 📨 Received pending transaction: 0x11e471d23613d92c441727ffa4eba5207f75943134c34ddb6bfc32806f820812
[2m2025-12-10T10:07:59.832407Z[0m [34mDEBUG[0m [2mhyper::proto::h1::io[0m[2m:[0m parsed 4 headers
[2m2025-12-10T10:07:59.832411Z[0m [34mDEBUG[0m [2mhyper::proto::h1::conn[0m[2m:[0m incoming body is content-length (45 bytes)
[2m2025-12-10T10:07:59.832419Z[0m [34mDEBUG[0m [2mhyper::proto::h1::conn[0m[2m:[0m incoming body completed
[2m2025-12-10T10:07:59.832426Z[0m [34mDEBUG[0m [2mhyper::client::pool[0m[2m:[0m pooling idle connection for ("http", 192.168.0.14:8545)
[2m2025-12-10T10:07:59.833180Z[0m [34mDEBUG[0m [2mhyper::proto::h1::io[0m[2m:[0m parsed 4 headers
[2m2025-12-10T10:07:59.833215Z[0m [34mDEBUG[0m [2mhyper::proto::h1::conn[0m[2m:[0m incoming body is content-length (768 bytes)
[2m2025-12-10T10:07:59.833244Z[0m [34mDEBUG[0m [2mhyper::proto::h1::conn[0m[2m:[0m incoming body completed
[2m2025-12-10T10:07:59.833249Z[0m [34mDEBUG[0m [2mhyper::client::pool[0m[2m:[0m pooling idle connection for ("http", 192.168.0.14:8545)
[2m2025-12-10T10:07:59.833253Z[0m [34mDEBUG[0m [2methereum_transaction_pool_monitor::eth_client[0m[2m:[0m 📡 Transaction fetch RPC completed in 4.824792ms
[2m2025-12-10T10:07:59.833267Z[0m [34mDEBUG[0m [2methereum_transaction_pool_monitor::eth_client[0m[2m:[0m DeFi transaction detected - Address: 0xdac17f958d2ee523a2206206994597c13d831ec7, Type: Stablecoin, Value: 0 ETH, Gas: 0.34 Gwei
[2m2025-12-10T10:07:59.833285Z[0m [34mDEBUG[0m [2methereum_transaction_pool_monitor::eth_client[0m[2m:[0m ✅ Transaction 0xf9a0d4c0cedad8b81a87268997f79614c6ba2fcaae85afae67981ac4ace06cb3 fetched and parsed in 4.856667ms
[2m2025-12-10T10:07:59.833290Z[0m [34mDEBUG[0m [2methereum_transaction_pool_monitor::mempool_monitor[0m[2m:[0m 🔍 Skipping tx 0xf9a0d4c0cedad8b81a87268997f79614c6ba2fcaae85afae67981ac4ace06cb3 - not a DEX interaction (target: 0xdAC17F958D2ee523a2206206994597C13D831ec7)
[2m2025-12-10T10:07:59.833296Z[0m [34mDEBUG[0m [2methereum_transaction_pool_monitor::mempool_monitor[0m[2m:[0m 📨 Processing new pending transaction: 0xc3e921e6b31d567aeee643fb3ad5b74c4c6c9ae22f25459a3346ef78c094c1ee
[2m2025-12-10T10:07:59.833299Z[0m [34mDEBUG[0m [2methereum_transaction_pool_monitor::mempool_monitor[0m[2m:[0m 🔍 Fetching transaction details for: 0xc3e921e6b31d567aeee643fb3ad5b74c4c6c9ae22f25459a3346ef78c094c1ee
[2m2025-12-10T10:07:59.833301Z[0m [34mDEBUG[0m [2methereum_transaction_pool_monitor::eth_client[0m[2m:[0m 🔍 Fetching transaction details for hash: 0xc3e921e6b31d567aeee643fb3ad5b74c4c6c9ae22f25459a3346ef78c094c1ee
[2m2025-12-10T10:07:59.833308Z[0m [34mDEBUG[0m [2mhyper::client::pool[0m[2m:[0m reuse idle connection for ("http", 192.168.0.14:8545)
[2m2025-12-10T10:07:59.833324Z[0m [34mDEBUG[0m [2mhyper::proto::h1::io[0m[2m:[0m flushed 250 bytes
[2m2025-12-10T10:07:59.841799Z[0m [34mDEBUG[0m [2mhyper::proto::h1::io[0m[2m:[0m parsed 4 headers
[2m2025-12-10T10:07:59.841804Z[0m [34mDEBUG[0m [2mhyper::proto::h1::conn[0m[2m:[0m incoming body is content-length (2320 bytes)
[2m2025-12-10T10:07:59.841809Z[0m [34mDEBUG[0m [2mhyper::proto::h1::conn[0m[2m:[0m incoming body completed
[2m2025-12-10T10:07:59.841814Z[0m [34mDEBUG[0m [2mhyper::client::pool[0m[2m:[0m pooling idle connection for ("http", 192.168.0.14:8545)
[2m2025-12-10T10:07:59.841818Z[0m [34mDEBUG[0m [2methereum_transaction_pool_monitor::eth_client[0m[2m:[0m 📡 Transaction fetch RPC completed in 8.51425ms
[2m2025-12-10T10:07:59.912224Z[0m [34mDEBUG[0m [2methereum_transaction_pool_monitor::eth_client[0m[2m:[0m ✅ Transaction 0xc3e921e6b31d567aeee643fb3ad5b74c4c6c9ae22f25459a3346ef78c094c1ee fetched and parsed in 78.916333ms
[2m2025-12-10T10:07:59.912246Z[0m [34mDEBUG[0m [2methereum_transaction_pool_monitor::mempool_monitor[0m[2m:[0m 🔍 Skipping tx 0xc3e921e6b31d567aeee643fb3ad5b74c4c6c9ae22f25459a3346ef78c094c1ee - not a DEX interaction (target: 0xF6801D319497789f934ec7F83E142a9536312B08)
[2m2025-12-10T10:07:59.912256Z[0m [34mDEBUG[0m [2methereum_transaction_pool_monitor::mempool_monitor[0m[2m:[0m 📨 Processing new pending transaction: 0x176f62306abb6e308b80317029c5bd9de36a9cc84d727058d5e211958d255b4d
[2m2025-12-10T10:07:59.912261Z[0m [34mDEBUG[0m [2methereum_transaction_pool_monitor::mempool_monitor[0m[2m:[0m 🔍 Fetching transaction details for: 0x176f62306abb6e308b80317029c5bd9de36a9cc84d727058d5e211958d255b4d
[2m2025-12-10T10:07:59.912266Z[0m [34mDEBUG[0m [2methereum_transaction_pool_monitor::eth_client[0m[2m:[0m 🔍 Fetching transaction details for hash: 0x176f62306abb6e308b80317029c5bd9de36a9cc84d727058d5e211958d255b4d
[2m2025-12-10T10:07:59.912285Z[0m [34mDEBUG[0m [2mhyper::client::pool[0m[2m:[0m reuse idle connection for ("http", 192.168.0.14:8545)
[2m2025-12-10T10:07:59.912325Z[0m [34mDEBUG[0m [2mhyper::proto::h1::io[0m[2m:[0m flushed 250 bytes
[2m2025-12-10T10:07:59.912343Z[0m [34mDEBUG[0m [2mhyper::client::pool[0m[2m:[0m reuse idle connection for ("http", 192.168.0.14:8545)
[2m2025-12-10T10:07:59.912354Z[0m [34mDEBUG[0m [2methereum_transaction_pool_monitor::eth_client[0m[2m:[0m 📨 Received WebSocket message: {"jsonrpc":"2.0","method":"eth_subscription","params":{"subscription":"0xbed0a0851463e895960a451075a301a9","result":"0xc0e7d66be8ccf67303a26f04d0a16169b29f26c787f8a602f5a0dbbb3b6ec189"}}
[2m2025-12-10T10:07:59.912356Z[0m [34mDEBUG[0m [2mhyper::proto::h1::io[0m[2m:[0m flushed 172 bytes
[2m2025-12-10T10:07:59.912365Z[0m [34mDEBUG[0m [2methereum_transaction_pool_monitor::eth_client[0m[2m:[0m 📨 Received pending transaction: 0xc0e7d66be8ccf67303a26f04d0a16169b29f26c787f8a602f5a0dbbb3b6ec189
[2m2025-12-10T10:07:59.912372Z[0m [34mDEBUG[0m [2methereum_transaction_pool_monitor::eth_client[0m[2m:[0m 📨 Received WebSocket message: {"jsonrpc":"2.0","method":"eth_subscription","params":{"subscription":"0xbed0a0851463e895960a451075a301a9","result":"0xf7ad55810a9a87677a747572a530d5f84bc9e4dba6d18a6ef7511b2e994e68ba"}}
[2m2025-12-10T10:07:59.912377Z[0m [34mDEBUG[0m [2methereum_transaction_pool_monitor::eth_client[0m[2m:[0m 📨 Received pending transaction: 0xf7ad55810a9a87677a747572a530d5f84bc9e4dba6d18a6ef7511b2e994e68ba
[2m2025-12-10T10:07:59.912381Z[0m [34mDEBUG[0m [2methereum_transaction_pool_monitor::eth_client[0m[2m:[0m 📨 Received WebSocket message: {"jsonrpc":"2.0","method":"eth_subscription","params":{"subscription":"0xbed0a0851463e895960a451075a301a9","result":"0x9d389de3c957dc8eba9233d438cdb79e38fc6a227d357ecf16e9bbe38350caf0"}}
[2m2025-12-10T10:07:59.912386Z[0m [34mDEBUG[0m [2methereum_transaction_pool_monitor::eth_client[0m[2m:[0m 📨 Received pending transaction: 0x9d389de3c957dc8eba9233d438cdb79e38fc6a227d357ecf16e9bbe38350caf0
[2m2025-12-10T10:07:59.912389Z[0m [34mDEBUG[0m [2methereum_transaction_pool_monitor::eth_client[0m[2m:[0m 📨 Received WebSocket message: {"jsonrpc":"2.0","method":"eth_subscription","params":{"subscription":"0xbed0a0851463e895960a451075a301a9","result":"0x3598b40a7fb9a20f44c7992c3e54fac4123012103ad281f52aa8efffbce09630"}}
[2m2025-12-10T10:07:59.912393Z[0m [34mDEBUG[0m [2methereum_transaction_pool_monitor::eth_client[0m[2m:[0m 📨 Received pending transaction: 0x3598b40a7fb9a20f44c7992c3e54fac4123012103ad281f52aa8efffbce09630
[2m2025-12-10T10:07:59.915909Z[0m [34mDEBUG[0m [2methereum_transaction_pool_monitor::eth_client[0m[2m:[0m 📨 Received WebSocket message: {"jsonrpc":"2.0","method":"eth_subscription","params":{"subscription":"0xbed0a0851463e895960a451075a301a9","result":"0x6944f190718f883e8470382de0e001c334073e1275bcc61ad7a7032b69aa38dc"}}
[2m2025-12-10T10:07:59.915921Z[0m [34mDEBUG[0m [2methereum_transaction_pool_monitor::eth_client[0m[2m:[0m 📨 Received pending transaction: 0x6944f190718f883e8470382de0e001c334073e1275bcc61ad7a7032b69aa38dc
[2m2025-12-10T10:07:59.916138Z[0m [34mDEBUG[0m [2mhyper::proto::h1::io[0m[2m:[0m parsed 4 headers
[2m2025-12-10T10:07:59.916144Z[0m [34mDEBUG[0m [2mhyper::proto::h1::conn[0m[2m:[0m incoming body is content-length (45 bytes)
[2m2025-12-10T10:07:59.916149Z[0m [34mDEBUG[0m [2mhyper::proto::h1::conn[0m[2m:[0m incoming body completed
[2m2025-12-10T10:07:59.916157Z[0m [34mDEBUG[0m [2mhyper::client::pool[0m[2m:[0m pooling idle connection for ("http", 192.168.0.14:8545)
[2m2025-12-10T10:07:59.917115Z[0m [34mDEBUG[0m [2methereum_transaction_pool_monitor::eth_client[0m[2m:[0m 📨 Received WebSocket message: {"jsonrpc":"2.0","method":"eth_subscription","params":{"subscription":"0xbed0a0851463e895960a451075a301a9","result":"0xe1793ebf55bfd93782f32eab38c1c90660e4ab0983380cafe50507668acf9209"}}
[2m2025-12-10T10:07:59.917118Z[0m [34mDEBUG[0m [2mhyper::proto::h1::io[0m[2m:[0m parsed 4 headers
[2m2025-12-10T10:07:59.917127Z[0m [34mDEBUG[0m [2methereum_transaction_pool_monitor::eth_client[0m[2m:[0m 📨 Received pending transaction: 0xe1793ebf55bfd93782f32eab38c1c90660e4ab0983380cafe50507668acf9209
[2m2025-12-10T10:07:59.917136Z[0m [34mDEBUG[0m [2mhyper::proto::h1::conn[0m[2m:[0m incoming body is content-length (646 bytes)
[2m2025-12-10T10:07:59.917142Z[0m [34mDEBUG[0m [2mhyper::proto::h1::conn[0m[2m:[0m incoming body completed
[2m2025-12-10T10:07:59.917160Z[0m [34mDEBUG[0m [2mhyper::client::pool[0m[2m:[0m pooling idle connection for ("http", 192.168.0.14:8545)
[2m2025-12-10T10:07:59.917164Z[0m [34mDEBUG[0m [2methereum_transaction_pool_monitor::eth_client[0m[2m:[0m 📡 Transaction fetch RPC completed in 4.894916ms
[2m2025-12-10T10:07:59.988596Z[0m [34mDEBUG[0m [2methereum_transaction_pool_monitor::eth_client[0m[2m:[0m ✅ Transaction 0x176f62306abb6e308b80317029c5bd9de36a9cc84d727058d5e211958d255b4d fetched and parsed in 76.324416ms
[2m2025-12-10T10:07:59.988620Z[0m [34mDEBUG[0m [2methereum_transaction_pool_monitor::mempool_monitor[0m[2m:[0m 🔍 Skipping tx 0x176f62306abb6e308b80317029c5bd9de36a9cc84d727058d5e211958d255b4d - not a DEX interaction (target: 0x8b9b8cc281F615331158f02d67F4033aa7460d07)
[2m2025-12-10T10:07:59.988629Z[0m [34mDEBUG[0m [2methereum_transaction_pool_monitor::mempool_monitor[0m[2m:[0m 📨 Processing new pending transaction: 0x97308d15c9bc6e5d32f74513af5d10269fed6635b78b40c195d8ff4f2ad88194
[2m2025-12-10T10:07:59.988633Z[0m [34mDEBUG[0m [2methereum_transaction_pool_monitor::mempool_monitor[0m[2m:[0m 🔍 Fetching transaction details for: 0x97308d15c9bc6e5d32f74513af5d10269fed6635b78b40c195d8ff4f2ad88194
[2m2025-12-10T10:07:59.988638Z[0m [34mDEBUG[0m [2methereum_transaction_pool_monitor::eth_client[0m[2m:[0m 🔍 Fetching transaction details for hash: 0x97308d15c9bc6e5d32f74513af5d10269fed6635b78b40c195d8ff4f2ad88194
[2m2025-12-10T10:07:59.988656Z[0m [34mDEBUG[0m [2mhyper::client::pool[0m[2m:[0m reuse idle connection for ("http", 192.168.0.14:8545)
[2m2025-12-10T10:07:59.988708Z[0m [34mDEBUG[0m [2mhyper::proto::h1::io[0m[2m:[0m flushed 250 bytes
[2m2025-12-10T10:07:59.995039Z[0m [34mDEBUG[0m [2mhyper::client::pool[0m[2m:[0m reuse idle connection for ("http", 192.168.0.14:8545)
[2m2025-12-10T10:07:59.995054Z[0m [34mDEBUG[0m [2mhyper::proto::h1::io[0m[2m:[0m parsed 4 headers
[2m2025-12-10T10:07:59.995063Z[0m [34mDEBUG[0m [2mhyper::proto::h1::conn[0m[2m:[0m incoming body is content-length (773 bytes)
[2m2025-12-10T10:07:59.995088Z[0m [34mDEBUG[0m [2mhyper::proto::h1::conn[0m[2m:[0m incoming body completed
[2m2025-12-10T10:07:59.995096Z[0m [34mDEBUG[0m [2mhyper::proto::h1::io[0m[2m:[0m flushed 172 bytes
[2m2025-12-10T10:07:59.995097Z[0m [34mDEBUG[0m [2mhyper::client::pool[0m[2m:[0m pooling idle connection for ("http", 192.168.0.14:8545)
[2m2025-12-10T10:07:59.995105Z[0m [34mDEBUG[0m [2methereum_transaction_pool_monitor::eth_client[0m[2m:[0m 📡 Transaction fetch RPC completed in 6.463583ms
[2m2025-12-10T10:07:59.998686Z[0m [34mDEBUG[0m [2mhyper::proto::h1::io[0m[2m:[0m parsed 4 headers
[2m2025-12-10T10:07:59.998692Z[0m [34mDEBUG[0m [2mhyper::proto::h1::conn[0m[2m:[0m incoming body is content-length (45 bytes)
[2m2025-12-10T10:07:59.998697Z[0m [34mDEBUG[0m [2mhyper::proto::h1::conn[0m[2m:[0m incoming body completed
[2m2025-12-10T10:07:59.998703Z[0m [34mDEBUG[0m [2mhyper::client::pool[0m[2m:[0m pooling idle connection for ("http", 192.168.0.14:8545)
[2m2025-12-10T10:08:00.040422Z[0m [34mDEBUG[0m [2methereum_transaction_pool_monitor::eth_client[0m[2m:[0m 📨 Received WebSocket message: {"jsonrpc":"2.0","method":"eth_subscription","params":{"subscription":"0xbed0a0851463e895960a451075a301a9","result":"0xb6547e71a54a18fc4baf31b4750d0e5e60aad7c1d9215366f016c223ba112a45"}}
[2m2025-12-10T10:08:00.040444Z[0m [34mDEBUG[0m [2methereum_transaction_pool_monitor::eth_client[0m[2m:[0m 📨 Received pending transaction: 0xb6547e71a54a18fc4baf31b4750d0e5e60aad7c1d9215366f016c223ba112a45
[2m2025-12-10T10:08:00.043533Z[0m [34mDEBUG[0m [2methereum_transaction_pool_monitor::eth_client[0m[2m:[0m 📨 Received WebSocket message: {"jsonrpc":"2.0","method":"eth_subscription","params":{"subscription":"0xbed0a0851463e895960a451075a301a9","result":"0x785fb64904a8af15d65a623fbdb9265a676f7d72cbfc75221ce6ae6de6f5877c"}}
[2m2025-12-10T10:08:00.043550Z[0m [34mDEBUG[0m [2methereum_transaction_pool_monitor::eth_client[0m[2m:[0m 📨 Received pending transaction: 0x785fb64904a8af15d65a623fbdb9265a676f7d72cbfc75221ce6ae6de6f5877c
[2m2025-12-10T10:08:00.065417Z[0m [34mDEBUG[0m [2methereum_transaction_pool_monitor::eth_client[0m[2m:[0m ✅ Transaction 0x97308d15c9bc6e5d32f74513af5d10269fed6635b78b40c195d8ff4f2ad88194 fetched and parsed in 76.773167ms
[2m2025-12-10T10:08:00.065444Z[0m [34mDEBUG[0m [2methereum_transaction_pool_monitor::mempool_monitor[0m[2m:[0m 🔍 Skipping tx 0x97308d15c9bc6e5d32f74513af5d10269fed6635b78b40c195d8ff4f2ad88194 - not a DEX interaction (target: 0xe53EC727dbDEB9E2d5456c3be40cFF031AB40A55)
[2m2025-12-10T10:08:00.065454Z[0m [34mDEBUG[0m [2methereum_transaction_pool_monitor::mempool_monitor[0m[2m:[0m 📨 Processing new pending transaction: 0x11e471d23613d92c441727ffa4eba5207f75943134c34ddb6bfc32806f820812
[2m2025-12-10T10:08:00.065458Z[0m [34mDEBUG[0m [2methereum_transaction_pool_monitor::mempool_monitor[0m[2m:[0m 🔍 Fetching transaction details for: 0x11e471d23613d92c441727ffa4eba5207f75943134c34ddb6bfc32806f820812
[2m2025-12-10T10:08:00.065463Z[0m [34mDEBUG[0m [2methereum_transaction_pool_monitor::eth_client[0m[2m:[0m 🔍 Fetching transaction details for hash: 0x11e471d23613d92c441727ffa4eba5207f75943134c34ddb6bfc32806f820812
[2m2025-12-10T10:08:00.065481Z[0m [34mDEBUG[0m [2mhyper::client::pool[0m[2m:[0m reuse idle connection for ("http", 192.168.0.14:8545)
[2m2025-12-10T10:08:00.065533Z[0m [34mDEBUG[0m [2mhyper::proto::h1::io[0m[2m:[0m flushed 250 bytes
[2m2025-12-10T10:08:00.073936Z[0m [34mDEBUG[0m [2mhyper::proto::h1::io[0m[2m:[0m parsed 4 headers
[2m2025-12-10T10:08:00.073963Z[0m [34mDEBUG[0m [2mhyper::proto::h1::conn[0m[2m:[0m incoming body is content-length (776 bytes)
[2m2025-12-10T10:08:00.073983Z[0m [34mDEBUG[0m [2mhyper::proto::h1::conn[0m[2m:[0m incoming body completed
[2m2025-12-10T10:08:00.074006Z[0m [34mDEBUG[0m [2mhyper::client::pool[0m[2m:[0m pooling idle connection for ("http", 192.168.0.14:8545)
[2m2025-12-10T10:08:00.074013Z[0m [34mDEBUG[0m [2methereum_transaction_pool_monitor::eth_client[0m[2m:[0m 📡 Transaction fetch RPC completed in 8.546417ms
[2m2025-12-10T10:08:00.144304Z[0m [34mDEBUG[0m [2methereum_transaction_pool_monitor::eth_client[0m[2m:[0m ✅ Transaction 0x11e471d23613d92c441727ffa4eba5207f75943134c34ddb6bfc32806f820812 fetched and parsed in 78.834958ms
[2m2025-12-10T10:08:00.144329Z[0m [34mDEBUG[0m [2methereum_transaction_pool_monitor::mempool_monitor[0m[2m:[0m 🔍 Skipping tx 0x11e471d23613d92c441727ffa4eba5207f75943134c34ddb6bfc32806f820812 - not a DEX interaction (target: 0x5A98FcBEA516Cf06857215779Fd812CA3beF1B32)
[2m2025-12-10T10:08:00.144339Z[0m [34mDEBUG[0m [2methereum_transaction_pool_monitor::mempool_monitor[0m[2m:[0m 📨 Processing new pending transaction: 0xc0e7d66be8ccf67303a26f04d0a16169b29f26c787f8a602f5a0dbbb3b6ec189
[2m2025-12-10T10:08:00.144344Z[0m [34mDEBUG[0m [2methereum_transaction_pool_monitor::mempool_monitor[0m[2m:[0m 🔍 Fetching transaction details for: 0xc0e7d66be8ccf67303a26f04d0a16169b29f26c787f8a602f5a0dbbb3b6ec189
[2m2025-12-10T10:08:00.144350Z[0m [34mDEBUG[0m [2methereum_transaction_pool_monitor::eth_client[0m[2m:[0m 🔍 Fetching transaction details for hash: 0xc0e7d66be8ccf67303a26f04d0a16169b29f26c787f8a602f5a0dbbb3b6ec189
[2m2025-12-10T10:08:00.144374Z[0m [34mDEBUG[0m [2mhyper::client::pool[0m[2m:[0m reuse idle connection for ("http", 192.168.0.14:8545)
[2m2025-12-10T10:08:00.144415Z[0m [34mDEBUG[0m [2mhyper::proto::h1::io[0m[2m:[0m flushed 250 bytes
[2m2025-12-10T10:08:00.144435Z[0m [34mDEBUG[0m [2mhyper::client::pool[0m[2m:[0m reuse idle connection for ("http", 192.168.0.14:8545)
[2m2025-12-10T10:08:00.144444Z[0m [34mDEBUG[0m [2methereum_transaction_pool_monitor::eth_client[0m[2m:[0m 📨 Received WebSocket message: {"jsonrpc":"2.0","method":"eth_subscription","params":{"subscription":"0xbed0a0851463e895960a451075a301a9","result":"0x3d8fbb486d7e878b542ef8cac38cc46fdfa7f075cb171d1e17199d20cab54278"}}
[2m2025-12-10T10:08:00.144448Z[0m [34mDEBUG[0m [2mhyper::proto::h1::io[0m[2m:[0m flushed 172 bytes
[2m2025-12-10T10:08:00.144454Z[0m [34mDEBUG[0m [2methereum_transaction_pool_monitor::eth_client[0m[2m:[0m 📨 Received pending transaction: 0x3d8fbb486d7e878b542ef8cac38cc46fdfa7f075cb171d1e17199d20cab54278
[2m2025-12-10T10:08:00.149898Z[0m [34mDEBUG[0m [2mhyper::proto::h1::io[0m[2m:[0m parsed 4 headers
[2m2025-12-10T10:08:00.149903Z[0m [34mDEBUG[0m [2mhyper::proto::h1::conn[0m[2m:[0m incoming body is content-length (45 bytes)
[2m2025-12-10T10:08:00.149909Z[0m [34mDEBUG[0m [2mhyper::proto::h1::conn[0m[2m:[0m incoming body completed
[2m2025-12-10T10:08:00.149915Z[0m [34mDEBUG[0m [2mhyper::client::pool[0m[2m:[0m pooling idle connection for ("http", 192.168.0.14:8545)
[2m2025-12-10T10:08:00.150694Z[0m [34mDEBUG[0m [2mhyper::proto::h1::io[0m[2m:[0m parsed 4 headers
[2m2025-12-10T10:08:00.150710Z[0m [34mDEBUG[0m [2mhyper::proto::h1::conn[0m[2m:[0m incoming body is content-length (775 bytes)
[2m2025-12-10T10:08:00.150737Z[0m [34mDEBUG[0m [2mhyper::proto::h1::conn[0m[2m:[0m incoming body completed
[2m2025-12-10T10:08:00.150749Z[0m [34mDEBUG[0m [2mhyper::client::pool[0m[2m:[0m pooling idle connection for ("http", 192.168.0.14:8545)
[2m2025-12-10T10:08:00.150754Z[0m [34mDEBUG[0m [2methereum_transaction_pool_monitor::eth_client[0m[2m:[0m 📡 Transaction fetch RPC completed in 6.39975ms
[2m2025-12-10T10:08:00.150776Z[0m [34mDEBUG[0m [2methereum_transaction_pool_monitor::eth_client[0m[2m:[0m DeFi transaction detected - Address: 0xdac17f958d2ee523a2206206994597c13d831ec7, Type: Stablecoin, Value: 0 ETH, Gas: 200.00 Gwei
[2m2025-12-10T10:08:00.150791Z[0m [34mDEBUG[0m [2methereum_transaction_pool_monitor::eth_client[0m[2m:[0m ✅ Transaction 0xc0e7d66be8ccf67303a26f04d0a16169b29f26c787f8a602f5a0dbbb3b6ec189 fetched and parsed in 6.437542ms
[2m2025-12-10T10:08:00.150796Z[0m [34mDEBUG[0m [2methereum_transaction_pool_monitor::mempool_monitor[0m[2m:[0m 🔍 Skipping tx 0xc0e7d66be8ccf67303a26f04d0a16169b29f26c787f8a602f5a0dbbb3b6ec189 - not a DEX interaction (target: 0xdAC17F958D2ee523a2206206994597C13D831ec7)
[2m2025-12-10T10:08:00.150803Z[0m [34mDEBUG[0m [2methereum_transaction_pool_monitor::mempool_monitor[0m[2m:[0m 📨 Processing new pending transaction: 0xf7ad55810a9a87677a747572a530d5f84bc9e4dba6d18a6ef7511b2e994e68ba
[2m2025-12-10T10:08:00.150808Z[0m [34mDEBUG[0m [2methereum_transaction_pool_monitor::mempool_monitor[0m[2m:[0m 🔍 Fetching transaction details for: 0xf7ad55810a9a87677a747572a530d5f84bc9e4dba6d18a6ef7511b2e994e68ba
[2m2025-12-10T10:08:00.150813Z[0m [34mDEBUG[0m [2methereum_transaction_pool_monitor::eth_client[0m[2m:[0m 🔍 Fetching transaction details for hash: 0xf7ad55810a9a87677a747572a530d5f84bc9e4dba6d18a6ef7511b2e994e68ba
[2m2025-12-10T10:08:00.150821Z[0m [34mDEBUG[0m [2mhyper::client::pool[0m[2m:[0m reuse idle connection for ("http", 192.168.0.14:8545)
[2m2025-12-10T10:08:00.150835Z[0m [34mDEBUG[0m [2mhyper::proto::h1::io[0m[2m:[0m flushed 250 bytes
[2m2025-12-10T10:08:00.158639Z[0m [34mDEBUG[0m [2mhyper::proto::h1::io[0m[2m:[0m parsed 4 headers
[2m2025-12-10T10:08:00.158644Z[0m [34mDEBUG[0m [2mhyper::proto::h1::conn[0m[2m:[0m incoming body is content-length (778 bytes)
[2m2025-12-10T10:08:00.158648Z[0m [34mDEBUG[0m [2mhyper::proto::h1::conn[0m[2m:[0m incoming body completed
[2m2025-12-10T10:08:00.158657Z[0m [34mDEBUG[0m [2mhyper::client::pool[0m[2m:[0m pooling idle connection for ("http", 192.168.0.14:8545)
[2m2025-12-10T10:08:00.158661Z[0m [34mDEBUG[0m [2methereum_transaction_pool_monitor::eth_client[0m[2m:[0m 📡 Transaction fetch RPC completed in 7.84475ms
[2m2025-12-10T10:08:00.158675Z[0m [34mDEBUG[0m [2methereum_transaction_pool_monitor::eth_client[0m[2m:[0m DeFi transaction detected - Address: 0xdac17f958d2ee523a2206206994597c13d831ec7, Type: Stablecoin, Value: 0 ETH, Gas: 200.00 Gwei
[2m2025-12-10T10:08:00.158686Z[0m [34mDEBUG[0m [2methereum_transaction_pool_monitor::eth_client[0m[2m:[0m ✅ Transaction 0xf7ad55810a9a87677a747572a530d5f84bc9e4dba6d18a6ef7511b2e994e68ba fetched and parsed in 7.869167ms
[2m2025-12-10T10:08:00.158690Z[0m [34mDEBUG[0m [2methereum_transaction_pool_monitor::mempool_monitor[0m[2m:[0m 🔍 Skipping tx 0xf7ad55810a9a87677a747572a530d5f84bc9e4dba6d18a6ef7511b2e994e68ba - not a DEX interaction (target: 0xdAC17F958D2ee523a2206206994597C13D831ec7)
[2m2025-12-10T10:08:00.158694Z[0m [34mDEBUG[0m [2methereum_transaction_pool_monitor::mempool_monitor[0m[2m:[0m 📨 Processing new pending transaction: 0x9d389de3c957dc8eba9233d438cdb79e38fc6a227d357ecf16e9bbe38350caf0
[2m2025-12-10T10:08:00.158697Z[0m [34mDEBUG[0m [2methereum_transaction_pool_monitor::mempool_monitor[0m[2m:[0m 🔍 Fetching transaction details for: 0x9d389de3c957dc8eba9233d438cdb79e38fc6a227d357ecf16e9bbe38350caf0
[2m2025-12-10T10:08:00.158699Z[0m [34mDEBUG[0m [2methereum_transaction_pool_monitor::eth_client[0m[2m:[0m 🔍 Fetching transaction details for hash: 0x9d389de3c957dc8eba9233d438cdb79e38fc6a227d357ecf16e9bbe38350caf0
[2m2025-12-10T10:08:00.158706Z[0m [34mDEBUG[0m [2mhyper::client::pool[0m[2m:[0m reuse idle connection for ("http", 192.168.0.14:8545)
[2m2025-12-10T10:08:00.158717Z[0m [34mDEBUG[0m [2mhyper::proto::h1::io[0m[2m:[0m flushed 250 bytes
[2m2025-12-10T10:08:00.162843Z[0m [34mDEBUG[0m [2mhyper::proto::h1::io[0m[2m:[0m parsed 4 headers
[2m2025-12-10T10:08:00.162858Z[0m [34mDEBUG[0m [2mhyper::proto::h1::conn[0m[2m:[0m incoming body is content-length (776 bytes)
[2m2025-12-10T10:08:00.162871Z[0m [34mDEBUG[0m [2mhyper::proto::h1::conn[0m[2m:[0m incoming body completed
[2m2025-12-10T10:08:00.162886Z[0m [34mDEBUG[0m [2mhyper::client::pool[0m[2m:[0m pooling idle connection for ("http", 192.168.0.14:8545)
[2m2025-12-10T10:08:00.162897Z[0m [34mDEBUG[0m [2methereum_transaction_pool_monitor::eth_client[0m[2m:[0m 📡 Transaction fetch RPC completed in 4.194709ms
[2m2025-12-10T10:08:00.162904Z[0m [34mDEBUG[0m [2methereum_transaction_pool_monitor::eth_client[0m[2m:[0m DeFi transaction detected - Address: 0xdac17f958d2ee523a2206206994597c13d831ec7, Type: Stablecoin, Value: 0 ETH, Gas: 200.00 Gwei
[2m2025-12-10T10:08:00.162910Z[0m [34mDEBUG[0m [2methereum_transaction_pool_monitor::eth_client[0m[2m:[0m ✅ Transaction 0x9d389de3c957dc8eba9233d438cdb79e38fc6a227d357ecf16e9bbe38350caf0 fetched and parsed in 4.208ms
[2m2025-12-10T10:08:00.162914Z[0m [34mDEBUG[0m [2methereum_transaction_pool_monitor::mempool_monitor[0m[2m:[0m 🔍 Skipping tx 0x9d389de3c957dc8eba9233d438cdb79e38fc6a227d357ecf16e9bbe38350caf0 - not a DEX interaction (target: 0xdAC17F958D2ee523a2206206994597C13D831ec7)
[2m2025-12-10T10:08:00.162918Z[0m [34mDEBUG[0m [2methereum_transaction_pool_monitor::mempool_monitor[0m[2m:[0m 📨 Processing new pending transaction: 0x3598b40a7fb9a20f44c7992c3e54fac4123012103ad281f52aa8efffbce09630
[2m2025-12-10T10:08:00.162921Z[0m [34mDEBUG[0m [2methereum_transaction_pool_monitor::mempool_monitor[0m[2m:[0m 🔍 Fetching transaction details for: 0x3598b40a7fb9a20f44c7992c3e54fac4123012103ad281f52aa8efffbce09630
[2m2025-12-10T10:08:00.162923Z[0m [34mDEBUG[0m [2methereum_transaction_pool_monitor::eth_client[0m[2m:[0m 🔍 Fetching transaction details for hash: 0x3598b40a7fb9a20f44c7992c3e54fac4123012103ad281f52aa8efffbce09630
[2m2025-12-10T10:08:00.162931Z[0m [34mDEBUG[0m [2mhyper::client::pool[0m[2m:[0m reuse idle connection for ("http", 192.168.0.14:8545)
[2m2025-12-10T10:08:00.162944Z[0m [34mDEBUG[0m [2mhyper::proto::h1::io[0m[2m:[0m flushed 250 bytes
[2m2025-12-10T10:08:00.169207Z[0m [34mDEBUG[0m [2mhyper::proto::h1::io[0m[2m:[0m parsed 4 headers
[2m2025-12-10T10:08:00.169211Z[0m [34mDEBUG[0m [2mhyper::proto::h1::conn[0m[2m:[0m incoming body is content-length (778 bytes)
[2m2025-12-10T10:08:00.169214Z[0m [34mDEBUG[0m [2mhyper::proto::h1::conn[0m[2m:[0m incoming body completed
[2m2025-12-10T10:08:00.169218Z[0m [34mDEBUG[0m [2mhyper::client::pool[0m[2m:[0m pooling idle connection for ("http", 192.168.0.14:8545)
[2m2025-12-10T10:08:00.169221Z[0m [34mDEBUG[0m [2methereum_transaction_pool_monitor::eth_client[0m[2m:[0m 📡 Transaction fetch RPC completed in 6.293084ms
[2m2025-12-10T10:08:00.240267Z[0m [34mDEBUG[0m [2methereum_transaction_pool_monitor::eth_client[0m[2m:[0m ✅ Transaction 0x3598b40a7fb9a20f44c7992c3e54fac4123012103ad281f52aa8efffbce09630 fetched and parsed in 77.3355ms
[2m2025-12-10T10:08:00.240292Z[0m [34mDEBUG[0m [2methereum_transaction_pool_monitor::mempool_monitor[0m[2m:[0m 🔍 Skipping tx 0x3598b40a7fb9a20f44c7992c3e54fac4123012103ad281f52aa8efffbce09630 - not a DEX interaction (target: 0x4c9EDD5852cd905f086C759E8383e09bff1E68B3)
[2m2025-12-10T10:08:00.240303Z[0m [34mDEBUG[0m [2methereum_transaction_pool_monitor::mempool_monitor[0m[2m:[0m 📨 Processing new pending transaction: 0x6944f190718f883e8470382de0e001c334073e1275bcc61ad7a7032b69aa38dc
[2m2025-12-10T10:08:00.240308Z[0m [34mDEBUG[0m [2methereum_transaction_pool_monitor::mempool_monitor[0m[2m:[0m 🔍 Fetching transaction details for: 0x6944f190718f883e8470382de0e001c334073e1275bcc61ad7a7032b69aa38dc
[2m2025-12-10T10:08:00.240312Z[0m [34mDEBUG[0m [2methereum_transaction_pool_monitor::eth_client[0m[2m:[0m 🔍 Fetching transaction details for hash: 0x6944f190718f883e8470382de0e001c334073e1275bcc61ad7a7032b69aa38dc
[2m2025-12-10T10:08:00.240332Z[0m [34mDEBUG[0m [2mhyper::client::pool[0m[2m:[0m reuse idle connection for ("http", 192.168.0.14:8545)
[2m2025-12-10T10:08:00.240377Z[0m [34mDEBUG[0m [2mhyper::proto::h1::io[0m[2m:[0m flushed 250 bytes
[2m2025-12-10T10:08:00.240406Z[0m [34mDEBUG[0m [2mhyper::client::pool[0m[2m:[0m reuse idle connection for ("http", 192.168.0.14:8545)
[2m2025-12-10T10:08:00.240422Z[0m [34mDEBUG[0m [2mhyper::proto::h1::io[0m[2m:[0m flushed 172 bytes
[2m2025-12-10T10:08:00.245886Z[0m [34mDEBUG[0m [2mhyper::proto::h1::io[0m[2m:[0m parsed 4 headers
[2m2025-12-10T10:08:00.245889Z[0m [34mDEBUG[0m [2mhyper::proto::h1::conn[0m[2m:[0m incoming body is content-length (45 bytes)
[2m2025-12-10T10:08:00.245900Z[0m [34mDEBUG[0m [2mhyper::proto::h1::conn[0m[2m:[0m incoming body completed
[2m2025-12-10T10:08:00.245906Z[0m [34mDEBUG[0m [2mhyper::client::pool[0m[2m:[0m pooling idle connection for ("http", 192.168.0.14:8545)
[2m2025-12-10T10:08:00.245923Z[0m [34mDEBUG[0m [2mhyper::proto::h1::io[0m[2m:[0m parsed 4 headers
[2m2025-12-10T10:08:00.245926Z[0m [34mDEBUG[0m [2mhyper::proto::h1::conn[0m[2m:[0m incoming body is content-length (776 bytes)
[2m2025-12-10T10:08:00.245931Z[0m [34mDEBUG[0m [2mhyper::proto::h1::conn[0m[2m:[0m incoming body completed
[2m2025-12-10T10:08:00.245934Z[0m [34mDEBUG[0m [2mhyper::client::pool[0m[2m:[0m pooling idle connection for ("http", 192.168.0.14:8545)
[2m2025-12-10T10:08:00.245937Z[0m [34mDEBUG[0m [2methereum_transaction_pool_monitor::eth_client[0m[2m:[0m 📡 Transaction fetch RPC completed in 5.622083ms
[2m2025-12-10T10:08:00.245951Z[0m [34mDEBUG[0m [2methereum_transaction_pool_monitor::eth_client[0m[2m:[0m DeFi transaction detected - Address: 0xdac17f958d2ee523a2206206994597c13d831ec7, Type: Stablecoin, Value: 0 ETH, Gas: 200.00 Gwei
[2m2025-12-10T10:08:00.245964Z[0m [34mDEBUG[0m [2methereum_transaction_pool_monitor::eth_client[0m[2m:[0m ✅ Transaction 0x6944f190718f883e8470382de0e001c334073e1275bcc61ad7a7032b69aa38dc fetched and parsed in 5.648291ms
[2m2025-12-10T10:08:00.245977Z[0m [34mDEBUG[0m [2methereum_transaction_pool_monitor::mempool_monitor[0m[2m:[0m 🔍 Skipping tx 0x6944f190718f883e8470382de0e001c334073e1275bcc61ad7a7032b69aa38dc - not a DEX interaction (target: 0xdAC17F958D2ee523a2206206994597C13D831ec7)
[2m2025-12-10T10:08:00.245982Z[0m [34mDEBUG[0m [2methereum_transaction_pool_monitor::mempool_monitor[0m[2m:[0m 📨 Processing new pending transaction: 0xe1793ebf55bfd93782f32eab38c1c90660e4ab0983380cafe50507668acf9209
[2m2025-12-10T10:08:00.245986Z[0m [34mDEBUG[0m [2methereum_transaction_pool_monitor::mempool_monitor[0m[2m:[0m 🔍 Fetching transaction details for: 0xe1793ebf55bfd93782f32eab38c1c90660e4ab0983380cafe50507668acf9209
[2m2025-12-10T10:08:00.245990Z[0m [34mDEBUG[0m [2methereum_transaction_pool_monitor::eth_client[0m[2m:[0m 🔍 Fetching transaction details for hash: 0xe1793ebf55bfd93782f32eab38c1c90660e4ab0983380cafe50507668acf9209
[2m2025-12-10T10:08:00.245996Z[0m [34mDEBUG[0m [2mhyper::client::pool[0m[2m:[0m reuse idle connection for ("http", 192.168.0.14:8545)
[2m2025-12-10T10:08:00.246008Z[0m [34mDEBUG[0m [2mhyper::proto::h1::io[0m[2m:[0m flushed 250 bytes
[2m2025-12-10T10:08:00.250772Z[0m [34mDEBUG[0m [2mhyper::proto::h1::io[0m[2m:[0m parsed 4 headers
[2m2025-12-10T10:08:00.250788Z[0m [34mDEBUG[0m [2mhyper::proto::h1::conn[0m[2m:[0m incoming body is content-length (779 bytes)
[2m2025-12-10T10:08:00.250803Z[0m [34mDEBUG[0m [2mhyper::proto::h1::conn[0m[2m:[0m incoming body completed
[2m2025-12-10T10:08:00.250819Z[0m [34mDEBUG[0m [2mhyper::client::pool[0m[2m:[0m pooling idle connection for ("http", 192.168.0.14:8545)
[2m2025-12-10T10:08:00.250827Z[0m [34mDEBUG[0m [2methereum_transaction_pool_monitor::eth_client[0m[2m:[0m 📡 Transaction fetch RPC completed in 4.833834ms
[2m2025-12-10T10:08:00.250837Z[0m [34mDEBUG[0m [2methereum_transaction_pool_monitor::eth_client[0m[2m:[0m DeFi transaction detected - Address: 0xdac17f958d2ee523a2206206994597c13d831ec7, Type: Stablecoin, Value: 0 ETH, Gas: 200.00 Gwei
[2m2025-12-10T10:08:00.250858Z[0m [34mDEBUG[0m [2methereum_transaction_pool_monitor::eth_client[0m[2m:[0m ✅ Transaction 0xe1793ebf55bfd93782f32eab38c1c90660e4ab0983380cafe50507668acf9209 fetched and parsed in 4.864875ms
[2m2025-12-10T10:08:00.250862Z[0m [34mDEBUG[0m [2methereum_transaction_pool_monitor::mempool_monitor[0m[2m:[0m 🔍 Skipping tx 0xe1793ebf55bfd93782f32eab38c1c90660e4ab0983380cafe50507668acf9209 - not a DEX interaction (target: 0xdAC17F958D2ee523a2206206994597C13D831ec7)
[2m2025-12-10T10:08:00.250867Z[0m [34mDEBUG[0m [2methereum_transaction_pool_monitor::mempool_monitor[0m[2m:[0m 📨 Processing new pending transaction: 0xb6547e71a54a18fc4baf31b4750d0e5e60aad7c1d9215366f016c223ba112a45
[2m2025-12-10T10:08:00.250869Z[0m [34mDEBUG[0m [2methereum_transaction_pool_monitor::mempool_monitor[0m[2m:[0m 🔍 Fetching transaction details for: 0xb6547e71a54a18fc4baf31b4750d0e5e60aad7c1d9215366f016c223ba112a45
[2m2025-12-10T10:08:00.250872Z[0m [34mDEBUG[0m [2methereum_transaction_pool_monitor::eth_client[0m[2m:[0m 🔍 Fetching transaction details for hash: 0xb6547e71a54a18fc4baf31b4750d0e5e60aad7c1d9215366f016c223ba112a45
[2m2025-12-10T10:08:00.250877Z[0m [34mDEBUG[0m [2mhyper::client::pool[0m[2m:[0m reuse idle connection for ("http", 192.168.0.14:8545)
[2m2025-12-10T10:08:00.250891Z[0m [34mDEBUG[0m [2mhyper::proto::h1::io[0m[2m:[0m flushed 250 bytes
[2m2025-12-10T10:08:00.254981Z[0m [34mDEBUG[0m [2mhyper::proto::h1::io[0m[2m:[0m parsed 4 headers
[2m2025-12-10T10:08:00.254986Z[0m [34mDEBUG[0m [2mhyper::proto::h1::conn[0m[2m:[0m incoming body is content-length (657 bytes)
[2m2025-12-10T10:08:00.254990Z[0m [34mDEBUG[0m [2mhyper::proto::h1::conn[0m[2m:[0m incoming body completed
[2m2025-12-10T10:08:00.254993Z[0m [34mDEBUG[0m [2mhyper::client::pool[0m[2m:[0m pooling idle connection for ("http", 192.168.0.14:8545)
[2m2025-12-10T10:08:00.255001Z[0m [34mDEBUG[0m [2methereum_transaction_pool_monitor::eth_client[0m[2m:[0m 📡 Transaction fetch RPC completed in 4.126ms
[2m2025-12-10T10:08:00.326010Z[0m [34mDEBUG[0m [2methereum_transaction_pool_monitor::eth_client[0m[2m:[0m ✅ Transaction 0xb6547e71a54a18fc4baf31b4750d0e5e60aad7c1d9215366f016c223ba112a45 fetched and parsed in 75.132042ms
[2m2025-12-10T10:08:00.326031Z[0m [34mDEBUG[0m [2methereum_transaction_pool_monitor::mempool_monitor[0m[2m:[0m 🔍 Skipping tx 0xb6547e71a54a18fc4baf31b4750d0e5e60aad7c1d9215366f016c223ba112a45 - not a DEX interaction (target: 0xB24a39d64919508743b03bC8558a410C5B96Bb6a)
[2m2025-12-10T10:08:00.326040Z[0m [34mDEBUG[0m [2methereum_transaction_pool_monitor::mempool_monitor[0m[2m:[0m 📨 Processing new pending transaction: 0x785fb64904a8af15d65a623fbdb9265a676f7d72cbfc75221ce6ae6de6f5877c
[2m2025-12-10T10:08:00.326047Z[0m [34mDEBUG[0m [2methereum_transaction_pool_monitor::mempool_monitor[0m[2m:[0m 🔍 Fetching transaction details for: 0x785fb64904a8af15d65a623fbdb9265a676f7d72cbfc75221ce6ae6de6f5877c
[2m2025-12-10T10:08:00.326051Z[0m [34mDEBUG[0m [2methereum_transaction_pool_monitor::eth_client[0m[2m:[0m 🔍 Fetching transaction details for hash: 0x785fb64904a8af15d65a623fbdb9265a676f7d72cbfc75221ce6ae6de6f5877c
[2m2025-12-10T10:08:00.326070Z[0m [34mDEBUG[0m [2mhyper::client::pool[0m[2m:[0m reuse idle connection for ("http", 192.168.0.14:8545)
[2m2025-12-10T10:08:00.326126Z[0m [34mDEBUG[0m [2mhyper::proto::h1::io[0m[2m:[0m flushed 250 bytes
[2m2025-12-10T10:08:00.326151Z[0m [34mDEBUG[0m [2mhyper::client::pool[0m[2m:[0m reuse idle connection for ("http", 192.168.0.14:8545)
[2m2025-12-10T10:08:00.326163Z[0m [34mDEBUG[0m [2mhyper::proto::h1::io[0m[2m:[0m flushed 172 bytes
[2m2025-12-10T10:08:00.331670Z[0m [34mDEBUG[0m [2mhyper::proto::h1::io[0m[2m:[0m parsed 4 headers
[2m2025-12-10T10:08:00.331677Z[0m [34mDEBUG[0m [2mhyper::proto::h1::conn[0m[2m:[0m incoming body is content-length (45 bytes)
[2m2025-12-10T10:08:00.331687Z[0m [34mDEBUG[0m [2mhyper::proto::h1::conn[0m[2m:[0m incoming body completed
[2m2025-12-10T10:08:00.331700Z[0m [34mDEBUG[0m [2mhyper::client::pool[0m[2m:[0m pooling idle connection for ("http", 192.168.0.14:8545)
[2m2025-12-10T10:08:00.335455Z[0m [34mDEBUG[0m [2mhyper::proto::h1::io[0m[2m:[0m parsed 4 headers
[2m2025-12-10T10:08:00.335460Z[0m [34mDEBUG[0m [2mhyper::proto::h1::conn[0m[2m:[0m incoming body is content-length (1219 bytes)
[2m2025-12-10T10:08:00.335463Z[0m [34mDEBUG[0m [2mhyper::proto::h1::conn[0m[2m:[0m incoming body completed
[2m2025-12-10T10:08:00.335468Z[0m [34mDEBUG[0m [2mhyper::client::pool[0m[2m:[0m pooling idle connection for ("http", 192.168.0.14:8545)
[2m2025-12-10T10:08:00.335472Z[0m [34mDEBUG[0m [2methereum_transaction_pool_monitor::eth_client[0m[2m:[0m 📡 Transaction fetch RPC completed in 9.417209ms
[2m2025-12-10T10:08:00.404218Z[0m [34mDEBUG[0m [2methereum_transaction_pool_monitor::eth_client[0m[2m:[0m ✅ Transaction 0x785fb64904a8af15d65a623fbdb9265a676f7d72cbfc75221ce6ae6de6f5877c fetched and parsed in 78.160125ms
[2m2025-12-10T10:08:00.404243Z[0m [34mDEBUG[0m [2methereum_transaction_pool_monitor::mempool_monitor[0m[2m:[0m 🔍 Skipping tx 0x785fb64904a8af15d65a623fbdb9265a676f7d72cbfc75221ce6ae6de6f5877c - not a DEX interaction (target: 0xF6801D319497789f934ec7F83E142a9536312B08)
[2m2025-12-10T10:08:00.404254Z[0m [34mDEBUG[0m [2methereum_transaction_pool_monitor::mempool_monitor[0m[2m:[0m 📨 Processing new pending transaction: 0x3d8fbb486d7e878b542ef8cac38cc46fdfa7f075cb171d1e17199d20cab54278
[2m2025-12-10T10:08:00.404258Z[0m [34mDEBUG[0m [2methereum_transaction_pool_monitor::mempool_monitor[0m[2m:[0m 🔍 Fetching transaction details for: 0x3d8fbb486d7e878b542ef8cac38cc46fdfa7f075cb171d1e17199d20cab54278
[2m2025-12-10T10:08:00.404270Z[0m [34mDEBUG[0m [2methereum_transaction_pool_monitor::eth_client[0m[2m:[0m 🔍 Fetching transaction details for hash: 0x3d8fbb486d7e878b542ef8cac38cc46fdfa7f075cb171d1e17199d20cab54278
[2m2025-12-10T10:08:00.404291Z[0m [34mDEBUG[0m [2mhyper::client::pool[0m[2m:[0m reuse idle connection for ("http", 192.168.0.14:8545)
[2m2025-12-10T10:08:00.404334Z[0m [34mDEBUG[0m [2mhyper::proto::h1::io[0m[2m:[0m flushed 250 bytes
[2m2025-12-10T10:08:00.404364Z[0m [34mDEBUG[0m [2mhyper::client::pool[0m[2m:[0m reuse idle connection for ("http", 192.168.0.14:8545)
[2m2025-12-10T10:08:00.404378Z[0m [34mDEBUG[0m [2mhyper::proto::h1::io[0m[2m:[0m flushed 172 bytes
[2m2025-12-10T10:08:00.410166Z[0m [34mDEBUG[0m [2mhyper::proto::h1::io[0m[2m:[0m parsed 4 headers
[2m2025-12-10T10:08:00.410186Z[0m [34mDEBUG[0m [2mhyper::proto::h1::conn[0m[2m:[0m incoming body is content-length (45 bytes)
[2m2025-12-10T10:08:00.410215Z[0m [34mDEBUG[0m [2mhyper::proto::h1::conn[0m[2m:[0m incoming body completed
[2m2025-12-10T10:08:00.410241Z[0m [34mDEBUG[0m [2mhyper::client::pool[0m[2m:[0m pooling idle connection for ("http", 192.168.0.14:8545)
[2m2025-12-10T10:08:00.411502Z[0m [34mDEBUG[0m [2mhyper::proto::h1::io[0m[2m:[0m parsed 4 headers
[2m2025-12-10T10:08:00.411509Z[0m [34mDEBUG[0m [2mhyper::proto::h1::conn[0m[2m:[0m incoming body is content-length (552 bytes)
[2m2025-12-10T10:08:00.411515Z[0m [34mDEBUG[0m [2mhyper::proto::h1::conn[0m[2m:[0m incoming body completed
[2m2025-12-10T10:08:00.411526Z[0m [34mDEBUG[0m [2mhyper::client::pool[0m[2m:[0m pooling idle connection for ("http", 192.168.0.14:8545)
[2m2025-12-10T10:08:00.411532Z[0m [34mDEBUG[0m [2methereum_transaction_pool_monitor::eth_client[0m[2m:[0m 📡 Transaction fetch RPC completed in 7.258416ms
[2m2025-12-10T10:08:00.481891Z[0m [34mDEBUG[0m [2methereum_transaction_pool_monitor::eth_client[0m[2m:[0m ✅ Transaction 0x3d8fbb486d7e878b542ef8cac38cc46fdfa7f075cb171d1e17199d20cab54278 fetched and parsed in 77.614541ms
[2m2025-12-10T10:08:00.481914Z[0m [34mDEBUG[0m [2methereum_transaction_pool_monitor::mempool_monitor[0m[2m:[0m 🔍 Skipping tx 0x3d8fbb486d7e878b542ef8cac38cc46fdfa7f075cb171d1e17199d20cab54278 - not a DEX interaction (target: 0x0C6699FA9C10FCd24eb2645e59660Bf09EA278D0)
[2m2025-12-10T10:08:00.481973Z[0m [34mDEBUG[0m [2methereum_transaction_pool_monitor::eth_client[0m[2m:[0m 📨 Received WebSocket message: {"jsonrpc":"2.0","method":"eth_subscription","params":{"subscription":"0xbed0a0851463e895960a451075a301a9","result":"0xd13781e0e0a5e5388391a5cdc5c5d203170c704e16d5bb92f3be037170a0b41f"}}
[2m2025-12-10T10:08:00.481981Z[0m [34mDEBUG[0m [2methereum_transaction_pool_monitor::eth_client[0m[2m:[0m 📨 Received pending transaction: 0xd13781e0e0a5e5388391a5cdc5c5d203170c704e16d5bb92f3be037170a0b41f
[2m2025-12-10T10:08:00.481987Z[0m [34mDEBUG[0m [2methereum_transaction_pool_monitor::mempool_monitor[0m[2m:[0m 📨 Processing new pending transaction: 0xd13781e0e0a5e5388391a5cdc5c5d203170c704e16d5bb92f3be037170a0b41f
[2m2025-12-10T10:08:00.481992Z[0m [34mDEBUG[0m [2methereum_transaction_pool_monitor::mempool_monitor[0m[2m:[0m 🔍 Fetching transaction details for: 0xd13781e0e0a5e5388391a5cdc5c5d203170c704e16d5bb92f3be037170a0b41f
[2m2025-12-10T10:08:00.481997Z[0m [34mDEBUG[0m [2methereum_transaction_pool_monitor::eth_client[0m[2m:[0m 🔍 Fetching transaction details for hash: 0xd13781e0e0a5e5388391a5cdc5c5d203170c704e16d5bb92f3be037170a0b41f
[2m2025-12-10T10:08:00.482018Z[0m [34mDEBUG[0m [2mhyper::client::pool[0m[2m:[0m reuse idle connection for ("http", 192.168.0.14:8545)
[2m2025-12-10T10:08:00.482044Z[0m [34mDEBUG[0m [2mhyper::proto::h1::io[0m[2m:[0m flushed 250 bytes
[2m2025-12-10T10:08:00.490218Z[0m [34mDEBUG[0m [2methereum_transaction_pool_monitor::eth_client[0m[2m:[0m 📨 Received WebSocket message: {"jsonrpc":"2.0","method":"eth_subscription","params":{"subscription":"0xbed0a0851463e895960a451075a301a9","result":"0x02bd523eaed4b494419d1cf7445ca4e4d62ee614451e6b6122218ac0c0728336"}}
[2m2025-12-10T10:08:00.490266Z[0m [34mDEBUG[0m [2methereum_transaction_pool_monitor::eth_client[0m[2m:[0m 📨 Received pending transaction: 0x02bd523eaed4b494419d1cf7445ca4e4d62ee614451e6b6122218ac0c0728336
[2m2025-12-10T10:08:00.491403Z[0m [34mDEBUG[0m [2mhyper::proto::h1::io[0m[2m:[0m parsed 4 headers
[2m2025-12-10T10:08:00.491419Z[0m [34mDEBUG[0m [2mhyper::proto::h1::conn[0m[2m:[0m incoming body is content-length (712 bytes)
[2m2025-12-10T10:08:00.491446Z[0m [34mDEBUG[0m [2mhyper::proto::h1::conn[0m[2m:[0m incoming body completed
[2m2025-12-10T10:08:00.491471Z[0m [34mDEBUG[0m [2mhyper::client::pool[0m[2m:[0m pooling idle connection for ("http", 192.168.0.14:8545)
[2m2025-12-10T10:08:00.491477Z[0m [34mDEBUG[0m [2methereum_transaction_pool_monitor::eth_client[0m[2m:[0m 📡 Transaction fetch RPC completed in 9.476666ms
[2m2025-12-10T10:08:00.561893Z[0m [34mDEBUG[0m [2methereum_transaction_pool_monitor::eth_client[0m[2m:[0m ✅ Transaction 0xd13781e0e0a5e5388391a5cdc5c5d203170c704e16d5bb92f3be037170a0b41f fetched and parsed in 79.889958ms
[2m2025-12-10T10:08:00.561921Z[0m [34mDEBUG[0m [2methereum_transaction_pool_monitor::mempool_monitor[0m[2m:[0m 🔍 Skipping tx 0xd13781e0e0a5e5388391a5cdc5c5d203170c704e16d5bb92f3be037170a0b41f - not a DEX interaction (target: 0xbBA244f7f174d0353a1bBd73bF2341Ba4E4BeB0c)
[2m2025-12-10T10:08:00.561931Z[0m [34mDEBUG[0m [2methereum_transaction_pool_monitor::mempool_monitor[0m[2m:[0m 📨 Processing new pending transaction: 0x02bd523eaed4b494419d1cf7445ca4e4d62ee614451e6b6122218ac0c0728336
[2m2025-12-10T10:08:00.561936Z[0m [34mDEBUG[0m [2methereum_transaction_pool_monitor::mempool_monitor[0m[2m:[0m 🔍 Fetching transaction details for: 0x02bd523eaed4b494419d1cf7445ca4e4d62ee614451e6b6122218ac0c0728336
[2m2025-12-10T10:08:00.561941Z[0m [34mDEBUG[0m [2methereum_transaction_pool_monitor::eth_client[0m[2m:[0m 🔍 Fetching transaction details for hash: 0x02bd523eaed4b494419d1cf7445ca4e4d62ee614451e6b6122218ac0c0728336
[2m2025-12-10T10:08:00.561959Z[0m [34mDEBUG[0m [2mhyper::client::pool[0m[2m:[0m reuse idle connection for ("http", 192.168.0.14:8545)
[2m2025-12-10T10:08:00.562018Z[0m [34mDEBUG[0m [2mhyper::proto::h1::io[0m[2m:[0m flushed 250 bytes
[2m2025-12-10T10:08:00.562039Z[0m [34mDEBUG[0m [2mhyper::client::pool[0m[2m:[0m reuse idle connection for ("http", 192.168.0.14:8545)
[2m2025-12-10T10:08:00.562053Z[0m [34mDEBUG[0m [2mhyper::proto::h1::io[0m[2m:[0m flushed 172 bytes
[2m2025-12-10T10:08:00.562056Z[0m [34mDEBUG[0m [2methereum_transaction_pool_monitor::eth_client[0m[2m:[0m 📨 Received WebSocket message: {"jsonrpc":"2.0","method":"eth_subscription","params":{"subscription":"0xbed0a0851463e895960a451075a301a9","result":"0xa5bf33de7da1d75c897d0f89befdf8ac91a2ee660cee265d062ab8084b876578"}}
[2m2025-12-10T10:08:00.562066Z[0m [34mDEBUG[0m [2methereum_transaction_pool_monitor::eth_client[0m[2m:[0m 📨 Received pending transaction: 0xa5bf33de7da1d75c897d0f89befdf8ac91a2ee660cee265d062ab8084b876578
[2m2025-12-10T10:08:00.562071Z[0m [34mDEBUG[0m [2methereum_transaction_pool_monitor::eth_client[0m[2m:[0m 📨 Received WebSocket message: {"jsonrpc":"2.0","method":"eth_subscription","params":{"subscription":"0xbed0a0851463e895960a451075a301a9","result":"0xdf4cdfb3f740b179269190abef962907909ac03da41ee6556a13793e6df4ead5"}}
[2m2025-12-10T10:08:00.562077Z[0m [34mDEBUG[0m [2methereum_transaction_pool_monitor::eth_client[0m[2m:[0m 📨 Received pending transaction: 0xdf4cdfb3f740b179269190abef962907909ac03da41ee6556a13793e6df4ead5
[2m2025-12-10T10:08:00.567987Z[0m [34mDEBUG[0m [2mhyper::proto::h1::io[0m[2m:[0m parsed 4 headers
[2m2025-12-10T10:08:00.567995Z[0m [34mDEBUG[0m [2mhyper::proto::h1::conn[0m[2m:[0m incoming body is content-length (45 bytes)
[2m2025-12-10T10:08:00.568004Z[0m [34mDEBUG[0m [2mhyper::proto::h1::conn[0m[2m:[0m incoming body completed
[2m2025-12-10T10:08:00.568025Z[0m [34mDEBUG[0m [2mhyper::client::pool[0m[2m:[0m pooling idle connection for ("http", 192.168.0.14:8545)
[2m2025-12-10T10:08:00.568926Z[0m [34mDEBUG[0m [2mhyper::proto::h1::io[0m[2m:[0m parsed 4 headers
[2m2025-12-10T10:08:00.568942Z[0m [34mDEBUG[0m [2mhyper::proto::h1::conn[0m[2m:[0m incoming body is content-length (657 bytes)
[2m2025-12-10T10:08:00.568957Z[0m [34mDEBUG[0m [2mhyper::proto::h1::conn[0m[2m:[0m incoming body completed
[2m2025-12-10T10:08:00.568991Z[0m [34mDEBUG[0m [2mhyper::client::pool[0m[2m:[0m pooling idle connection for ("http", 192.168.0.14:8545)
[2m2025-12-10T10:08:00.568999Z[0m [34mDEBUG[0m [2methereum_transaction_pool_monitor::eth_client[0m[2m:[0m 📡 Transaction fetch RPC completed in 7.055333ms
[2m2025-12-10T10:08:00.639232Z[0m [34mDEBUG[0m [2methereum_transaction_pool_monitor::eth_client[0m[2m:[0m ✅ Transaction 0x02bd523eaed4b494419d1cf7445ca4e4d62ee614451e6b6122218ac0c0728336 fetched and parsed in 77.285625ms
[2m2025-12-10T10:08:00.639256Z[0m [34mDEBUG[0m [2methereum_transaction_pool_monitor::mempool_monitor[0m[2m:[0m 🔍 Skipping tx 0x02bd523eaed4b494419d1cf7445ca4e4d62ee614451e6b6122218ac0c0728336 - not a DEX interaction (target: 0x6B07B418a50AAE59C8D73E006E8699Cd056144c6)
[2m2025-12-10T10:08:00.639264Z[0m [34mDEBUG[0m [2methereum_transaction_pool_monitor::mempool_monitor[0m[2m:[0m 📨 Processing new pending transaction: 0xa5bf33de7da1d75c897d0f89befdf8ac91a2ee660cee265d062ab8084b876578
[2m2025-12-10T10:08:00.639269Z[0m [34mDEBUG[0m [2methereum_transaction_pool_monitor::mempool_monitor[0m[2m:[0m 🔍 Fetching transaction details for: 0xa5bf33de7da1d75c897d0f89befdf8ac91a2ee660cee265d062ab8084b876578
[2m2025-12-10T10:08:00.639273Z[0m [34mDEBUG[0m [2methereum_transaction_pool_monitor::eth_client[0m[2m:[0m 🔍 Fetching transaction details for hash: 0xa5bf33de7da1d75c897d0f89befdf8ac91a2ee660cee265d062ab8084b876578
[2m2025-12-10T10:08:00.639291Z[0m [34mDEBUG[0m [2mhyper::client::pool[0m[2m:[0m reuse idle connection for ("http", 192.168.0.14:8545)
[2m2025-12-10T10:08:00.639335Z[0m [34mDEBUG[0m [2mhyper::proto::h1::io[0m[2m:[0m flushed 250 bytes
[2m2025-12-10T10:08:00.639354Z[0m [34mDEBUG[0m [2mhyper::client::pool[0m[2m:[0m reuse idle connection for ("http", 192.168.0.14:8545)
[2m2025-12-10T10:08:00.639366Z[0m [34mDEBUG[0m [2methereum_transaction_pool_monitor::eth_client[0m[2m:[0m 📨 Received WebSocket message: {"jsonrpc":"2.0","method":"eth_subscription","params":{"subscription":"0xbed0a0851463e895960a451075a301a9","result":"0x10ce22cc95f0da9bf22fc6b464801f87c6696dfb243b594b8d773203d27a17cd"}}
[2m2025-12-10T10:08:00.639367Z[0m [34mDEBUG[0m [2mhyper::proto::h1::io[0m[2m:[0m flushed 172 bytes
[2m2025-12-10T10:08:00.639378Z[0m [34mDEBUG[0m [2methereum_transaction_pool_monitor::eth_client[0m[2m:[0m 📨 Received pending transaction: 0x10ce22cc95f0da9bf22fc6b464801f87c6696dfb243b594b8d773203d27a17cd
[2m2025-12-10T10:08:00.644169Z[0m [34mDEBUG[0m [2mhyper::proto::h1::io[0m[2m:[0m parsed 4 headers
[2m2025-12-10T10:08:00.644190Z[0m [34mDEBUG[0m [2mhyper::proto::h1::conn[0m[2m:[0m incoming body is content-length (45 bytes)
[2m2025-12-10T10:08:00.644215Z[0m [34mDEBUG[0m [2mhyper::proto::h1::conn[0m[2m:[0m incoming body completed
[2m2025-12-10T10:08:00.644239Z[0m [34mDEBUG[0m [2mhyper::client::pool[0m[2m:[0m pooling idle connection for ("http", 192.168.0.14:8545)
[2m2025-12-10T10:08:00.644929Z[0m [34mDEBUG[0m [2mhyper::proto::h1::io[0m[2m:[0m parsed 4 headers
[2m2025-12-10T10:08:00.644935Z[0m [34mDEBUG[0m [2mhyper::proto::h1::conn[0m[2m:[0m incoming body is content-length (656 bytes)
[2m2025-12-10T10:08:00.644940Z[0m [34mDEBUG[0m [2mhyper::proto::h1::conn[0m[2m:[0m incoming body completed
[2m2025-12-10T10:08:00.644946Z[0m [34mDEBUG[0m [2mhyper::client::pool[0m[2m:[0m pooling idle connection for ("http", 192.168.0.14:8545)
[2m2025-12-10T10:08:00.644960Z[0m [34mDEBUG[0m [2methereum_transaction_pool_monitor::eth_client[0m[2m:[0m 📡 Transaction fetch RPC completed in 5.683291ms
[2m2025-12-10T10:08:00.716194Z[0m [34mDEBUG[0m [2methereum_transaction_pool_monitor::eth_client[0m[2m:[0m ✅ Transaction 0xa5bf33de7da1d75c897d0f89befdf8ac91a2ee660cee265d062ab8084b876578 fetched and parsed in 76.914041ms
[2m2025-12-10T10:08:00.716216Z[0m [34mDEBUG[0m [2methereum_transaction_pool_monitor::mempool_monitor[0m[2m:[0m 🔍 Skipping tx 0xa5bf33de7da1d75c897d0f89befdf8ac91a2ee660cee265d062ab8084b876578 - not a DEX interaction (target: 0xFb5930137b9A76033a426fbfCC1bE3E735B59038)
[2m2025-12-10T10:08:00.716224Z[0m [34mDEBUG[0m [2methereum_transaction_pool_monitor::mempool_monitor[0m[2m:[0m 📨 Processing new pending transaction: 0xdf4cdfb3f740b179269190abef962907909ac03da41ee6556a13793e6df4ead5
[2m2025-12-10T10:08:00.716228Z[0m [34mDEBUG[0m [2methereum_transaction_pool_monitor::mempool_monitor[0m[2m:[0m 🔍 Fetching transaction details for: 0xdf4cdfb3f740b179269190abef962907909ac03da41ee6556a13793e6df4ead5
[2m2025-12-10T10:08:00.716232Z[0m [34mDEBUG[0m [2methereum_transaction_pool_monitor::eth_client[0m[2m:[0m 🔍 Fetching transaction details for hash: 0xdf4cdfb3f740b179269190abef962907909ac03da41ee6556a13793e6df4ead5
[2m2025-12-10T10:08:00.716251Z[0m [34mDEBUG[0m [2mhyper::client::pool[0m[2m:[0m reuse idle connection for ("http", 192.168.0.14:8545)
[2m2025-12-10T10:08:00.716298Z[0m [34mDEBUG[0m [2mhyper::proto::h1::io[0m[2m:[0m flushed 250 bytes
[2m2025-12-10T10:08:00.716331Z[0m [34mDEBUG[0m [2mhyper::client::pool[0m[2m:[0m reuse idle connection for ("http", 192.168.0.14:8545)
[2m2025-12-10T10:08:00.716351Z[0m [34mDEBUG[0m [2mhyper::proto::h1::io[0m[2m:[0m flushed 172 bytes
[2m2025-12-10T10:08:00.717716Z[0m [34mDEBUG[0m [2methereum_transaction_pool_monitor::eth_client[0m[2m:[0m 📨 Received WebSocket message: {"jsonrpc":"2.0","method":"eth_subscription","params":{"subscription":"0xbed0a0851463e895960a451075a301a9","result":"0xe1f7ddb95aaeb9ebb09977ba105668bf1502d6bcd1092e98fff477122a35781c"}}
[2m2025-12-10T10:08:00.717725Z[0m [34mDEBUG[0m [2methereum_transaction_pool_monitor::eth_client[0m[2m:[0m 📨 Received pending transaction: 0xe1f7ddb95aaeb9ebb09977ba105668bf1502d6bcd1092e98fff477122a35781c
[2m2025-12-10T10:08:00.726534Z[0m [34mDEBUG[0m [2methereum_transaction_pool_monitor::eth_client[0m[2m:[0m 📨 Received WebSocket message: {"jsonrpc":"2.0","method":"eth_subscription","params":{"subscription":"0xbed0a0851463e895960a451075a301a9","result":"0x4a111f9147aafb35458d188be0f623c844c19a1db926f9c526ec1df6a19b843f"}}
[2m2025-12-10T10:08:00.726544Z[0m [34mDEBUG[0m [2methereum_transaction_pool_monitor::eth_client[0m[2m:[0m 📨 Received pending transaction: 0x4a111f9147aafb35458d188be0f623c844c19a1db926f9c526ec1df6a19b843f
[2m2025-12-10T10:08:00.726560Z[0m [34mDEBUG[0m [2mhyper::proto::h1::io[0m[2m:[0m parsed 4 headers
[2m2025-12-10T10:08:00.726565Z[0m [34mDEBUG[0m [2mhyper::proto::h1::conn[0m[2m:[0m incoming body is content-length (583 bytes)
[2m2025-12-10T10:08:00.726574Z[0m [34mDEBUG[0m [2mhyper::proto::h1::conn[0m[2m:[0m incoming body completed
[2m2025-12-10T10:08:00.726582Z[0m [34mDEBUG[0m [2mhyper::client::pool[0m[2m:[0m pooling idle connection for ("http", 192.168.0.14:8545)
[2m2025-12-10T10:08:00.726587Z[0m [34mDEBUG[0m [2methereum_transaction_pool_monitor::eth_client[0m[2m:[0m 📡 Transaction fetch RPC completed in 10.35075ms
[2m2025-12-10T10:08:00.797022Z[0m [34mDEBUG[0m [2methereum_transaction_pool_monitor::eth_client[0m[2m:[0m ✅ Transaction 0xdf4cdfb3f740b179269190abef962907909ac03da41ee6556a13793e6df4ead5 fetched and parsed in 80.782792ms
[2m2025-12-10T10:08:00.797055Z[0m [34mDEBUG[0m [2methereum_transaction_pool_monitor::mempool_monitor[0m[2m:[0m 🔍 Skipping tx 0xdf4cdfb3f740b179269190abef962907909ac03da41ee6556a13793e6df4ead5 - not a DEX interaction (target: 0xC1b0d8E1E837B3c6Afa2712f3dE75913a851c319)
[2m2025-12-10T10:08:00.797071Z[0m [34mDEBUG[0m [2methereum_transaction_pool_monitor::mempool_monitor[0m[2m:[0m 📨 Processing new pending transaction: 0x10ce22cc95f0da9bf22fc6b464801f87c6696dfb243b594b8d773203d27a17cd
[2m2025-12-10T10:08:00.797076Z[0m [34mDEBUG[0m [2methereum_transaction_pool_monitor::mempool_monitor[0m[2m:[0m 🔍 Fetching transaction details for: 0x10ce22cc95f0da9bf22fc6b464801f87c6696dfb243b594b8d773203d27a17cd
[2m2025-12-10T10:08:00.797079Z[0m [34mDEBUG[0m [2methereum_transaction_pool_monitor::eth_client[0m[2m:[0m 🔍 Fetching transaction details for hash: 0x10ce22cc95f0da9bf22fc6b464801f87c6696dfb243b594b8d773203d27a17cd
[2m2025-12-10T10:08:00.797097Z[0m [34mDEBUG[0m [2mhyper::client::pool[0m[2m:[0m reuse idle connection for ("http", 192.168.0.14:8545)
[2m2025-12-10T10:08:00.797137Z[0m [34mDEBUG[0m [2mhyper::proto::h1::io[0m[2m:[0m flushed 250 bytes
[2m2025-12-10T10:08:00.797158Z[0m [34mDEBUG[0m [2methereum_transaction_pool_monitor::eth_client[0m[2m:[0m 📨 Received WebSocket message: {"jsonrpc":"2.0","method":"eth_subscription","params":{"subscription":"0xbed0a0851463e895960a451075a301a9","result":"0x8d99d6b76a5acff7178bcf8abcf92e7630ab582b371cf7431eced11911add936"}}
[2m2025-12-10T10:08:00.797166Z[0m [34mDEBUG[0m [2methereum_transaction_pool_monitor::eth_client[0m[2m:[0m 📨 Received pending transaction: 0x8d99d6b76a5acff7178bcf8abcf92e7630ab582b371cf7431eced11911add936
[2m2025-12-10T10:08:00.797167Z[0m [34mDEBUG[0m [2mhyper::proto::h1::io[0m[2m:[0m parsed 4 headers
[2m2025-12-10T10:08:00.797172Z[0m [34mDEBUG[0m [2methereum_transaction_pool_monitor::eth_client[0m[2m:[0m 📨 Received WebSocket message: {"jsonrpc":"2.0","method":"eth_subscription","params":{"subscription":"0xbed0a0851463e895960a451075a301a9","result":"0x88e692213891cd2f3930070389dd85d1d40a8131feb0f2b3d049b46762c173d7"}}
[2m2025-12-10T10:08:00.797175Z[0m [34mDEBUG[0m [2mhyper::proto::h1::conn[0m[2m:[0m incoming body is content-length (45 bytes)
[2m2025-12-10T10:08:00.797179Z[0m [34mDEBUG[0m [2methereum_transaction_pool_monitor::eth_client[0m[2m:[0m 📨 Received pending transaction: 0x88e692213891cd2f3930070389dd85d1d40a8131feb0f2b3d049b46762c173d7
[2m2025-12-10T10:08:00.797183Z[0m [34mDEBUG[0m [2mhyper::proto::h1::conn[0m[2m:[0m incoming body completed
[2m2025-12-10T10:08:00.797193Z[0m [34mDEBUG[0m [2mhyper::client::pool[0m[2m:[0m pooling idle connection for ("http", 192.168.0.14:8545)
[2m2025-12-10T10:08:00.797213Z[0m [34mDEBUG[0m [2mhyper::client::pool[0m[2m:[0m reuse idle connection for ("http", 192.168.0.14:8545)
[2m2025-12-10T10:08:00.797231Z[0m [34mDEBUG[0m [2mhyper::proto::h1::io[0m[2m:[0m flushed 172 bytes
[2m2025-12-10T10:08:00.807249Z[0m [34mDEBUG[0m [2mhyper::proto::h1::io[0m[2m:[0m parsed 4 headers
[2m2025-12-10T10:08:00.807275Z[0m [34mDEBUG[0m [2mhyper::proto::h1::conn[0m[2m:[0m incoming body is content-length (674 bytes)
[2m2025-12-10T10:08:00.807299Z[0m [34mDEBUG[0m [2mhyper::proto::h1::conn[0m[2m:[0m incoming body completed
[2m2025-12-10T10:08:00.807320Z[0m [34mDEBUG[0m [2mhyper::client::pool[0m[2m:[0m pooling idle connection for ("http", 192.168.0.14:8545)
[2m2025-12-10T10:08:00.807325Z[0m [34mDEBUG[0m [2methereum_transaction_pool_monitor::eth_client[0m[2m:[0m 📡 Transaction fetch RPC completed in 10.242792ms
[2m2025-12-10T10:08:00.807338Z[0m [34mDEBUG[0m [2methereum_transaction_pool_monitor::eth_client[0m[2m:[0m DeFi transaction detected - Address: 0xdac17f958d2ee523a2206206994597c13d831ec7, Type: Stablecoin, Value: 0 ETH, Gas: 0.24 Gwei
[2m2025-12-10T10:08:00.807359Z[0m [34mDEBUG[0m [2methereum_transaction_pool_monitor::eth_client[0m[2m:[0m ✅ Transaction 0x10ce22cc95f0da9bf22fc6b464801f87c6696dfb243b594b8d773203d27a17cd fetched and parsed in 10.276292ms
[2m2025-12-10T10:08:00.807364Z[0m [34mDEBUG[0m [2methereum_transaction_pool_monitor::mempool_monitor[0m[2m:[0m 🔍 Skipping tx 0x10ce22cc95f0da9bf22fc6b464801f87c6696dfb243b594b8d773203d27a17cd - not a DEX interaction (target: 0xdAC17F958D2ee523a2206206994597C13D831ec7)
[2m2025-12-10T10:08:00.807373Z[0m [34mDEBUG[0m [2methereum_transaction_pool_monitor::mempool_monitor[0m[2m:[0m 📨 Processing new pending transaction: 0xe1f7ddb95aaeb9ebb09977ba105668bf1502d6bcd1092e98fff477122a35781c
[2m2025-12-10T10:08:00.807377Z[0m [34mDEBUG[0m [2methereum_transaction_pool_monitor::mempool_monitor[0m[2m:[0m 🔍 Fetching transaction details for: 0xe1f7ddb95aaeb9ebb09977ba105668bf1502d6bcd1092e98fff477122a35781c
[2m2025-12-10T10:08:00.807379Z[0m [34mDEBUG[0m [2methereum_transaction_pool_monitor::eth_client[0m[2m:[0m 🔍 Fetching transaction details for hash: 0xe1f7ddb95aaeb9ebb09977ba105668bf1502d6bcd1092e98fff477122a35781c
[2m2025-12-10T10:08:00.807390Z[0m [34mDEBUG[0m [2mhyper::client::pool[0m[2m:[0m reuse idle connection for ("http", 192.168.0.14:8545)
[2m2025-12-10T10:08:00.807404Z[0m [34mDEBUG[0m [2mhyper::proto::h1::io[0m[2m:[0m flushed 250 bytes
[2m2025-12-10T10:08:00.807411Z[0m [34mDEBUG[0m [2mhyper::proto::h1::io[0m[2m:[0m parsed 4 headers
[2m2025-12-10T10:08:00.807414Z[0m [34mDEBUG[0m [2mhyper::proto::h1::conn[0m[2m:[0m incoming body is content-length (45 bytes)
[2m2025-12-10T10:08:00.807417Z[0m [34mDEBUG[0m [2mhyper::proto::h1::conn[0m[2m:[0m incoming body completed
[2m2025-12-10T10:08:00.807422Z[0m [34mDEBUG[0m [2mhyper::client::pool[0m[2m:[0m pooling idle connection for ("http", 192.168.0.14:8545)
[2m2025-12-10T10:08:00.817231Z[0m [34mDEBUG[0m [2mhyper::proto::h1::io[0m[2m:[0m parsed 4 headers
[2m2025-12-10T10:08:00.817236Z[0m [34mDEBUG[0m [2mhyper::proto::h1::conn[0m[2m:[0m incoming body is content-length (770 bytes)
[2m2025-12-10T10:08:00.817240Z[0m [34mDEBUG[0m [2mhyper::proto::h1::conn[0m[2m:[0m incoming body completed
[2m2025-12-10T10:08:00.817244Z[0m [34mDEBUG[0m [2mhyper::client::pool[0m[2m:[0m pooling idle connection for ("http", 192.168.0.14:8545)
[2m2025-12-10T10:08:00.817247Z[0m [34mDEBUG[0m [2methereum_transaction_pool_monitor::eth_client[0m[2m:[0m 📡 Transaction fetch RPC completed in 9.864833ms
[2m2025-12-10T10:08:00.885425Z[0m [34mDEBUG[0m [2methereum_transaction_pool_monitor::eth_client[0m[2m:[0m ✅ Transaction 0xe1f7ddb95aaeb9ebb09977ba105668bf1502d6bcd1092e98fff477122a35781c fetched and parsed in 78.040958ms
[2m2025-12-10T10:08:00.885449Z[0m [34mDEBUG[0m [2methereum_transaction_pool_monitor::mempool_monitor[0m[2m:[0m 🔍 Skipping tx 0xe1f7ddb95aaeb9ebb09977ba105668bf1502d6bcd1092e98fff477122a35781c - not a DEX interaction (target: 0xA0b86991c6218b36c1d19D4a2e9Eb0cE3606eB48)
[2m2025-12-10T10:08:00.885458Z[0m [34mDEBUG[0m [2methereum_transaction_pool_monitor::mempool_monitor[0m[2m:[0m 📨 Processing new pending transaction: 0x4a111f9147aafb35458d188be0f623c844c19a1db926f9c526ec1df6a19b843f
[2m2025-12-10T10:08:00.885461Z[0m [34mDEBUG[0m [2methereum_transaction_pool_monitor::mempool_monitor[0m[2m:[0m 🔍 Fetching transaction details for: 0x4a111f9147aafb35458d188be0f623c844c19a1db926f9c526ec1df6a19b843f
[2m2025-12-10T10:08:00.885465Z[0m [34mDEBUG[0m [2methereum_transaction_pool_monitor::eth_client[0m[2m:[0m 🔍 Fetching transaction details for hash: 0x4a111f9147aafb35458d188be0f623c844c19a1db926f9c526ec1df6a19b843f
[2m2025-12-10T10:08:00.885483Z[0m [34mDEBUG[0m [2mhyper::client::pool[0m[2m:[0m reuse idle connection for ("http", 192.168.0.14:8545)
[2m2025-12-10T10:08:00.885532Z[0m [34mDEBUG[0m [2mhyper::proto::h1::io[0m[2m:[0m flushed 250 bytes
[2m2025-12-10T10:08:00.885546Z[0m [34mDEBUG[0m [2methereum_transaction_pool_monitor::eth_client[0m[2m:[0m 📨 Received WebSocket message: {"jsonrpc":"2.0","method":"eth_subscription","params":{"subscription":"0xbed0a0851463e895960a451075a301a9","result":"0x60664260dd62aaf289fb46638b671b6a3ed3fe1f5d647746c80b82f5ee8d2219"}}
[2m2025-12-10T10:08:00.885551Z[0m [34mDEBUG[0m [2methereum_transaction_pool_monitor::eth_client[0m[2m:[0m 📨 Received pending transaction: 0x60664260dd62aaf289fb46638b671b6a3ed3fe1f5d647746c80b82f5ee8d2219
[2m2025-12-10T10:08:00.890248Z[0m [34mDEBUG[0m [2mhyper::proto::h1::io[0m[2m:[0m parsed 4 headers
[2m2025-12-10T10:08:00.890267Z[0m [34mDEBUG[0m [2mhyper::proto::h1::conn[0m[2m:[0m incoming body is content-length (771 bytes)
[2m2025-12-10T10:08:00.890288Z[0m [34mDEBUG[0m [2mhyper::proto::h1::conn[0m[2m:[0m incoming body completed
[2m2025-12-10T10:08:00.890316Z[0m [34mDEBUG[0m [2mhyper::client::pool[0m[2m:[0m pooling idle connection for ("http", 192.168.0.14:8545)
[2m2025-12-10T10:08:00.890322Z[0m [34mDEBUG[0m [2methereum_transaction_pool_monitor::eth_client[0m[2m:[0m 📡 Transaction fetch RPC completed in 4.853958ms
[2m2025-12-10T10:08:00.959723Z[0m [34mDEBUG[0m [2methereum_transaction_pool_monitor::eth_client[0m[2m:[0m ✅ Transaction 0x4a111f9147aafb35458d188be0f623c844c19a1db926f9c526ec1df6a19b843f fetched and parsed in 74.252625ms
[2m2025-12-10T10:08:00.959748Z[0m [34mDEBUG[0m [2methereum_transaction_pool_monitor::mempool_monitor[0m[2m:[0m 🔍 Skipping tx 0x4a111f9147aafb35458d188be0f623c844c19a1db926f9c526ec1df6a19b843f - not a DEX interaction (target: 0xA0b86991c6218b36c1d19D4a2e9Eb0cE3606eB48)
[2m2025-12-10T10:08:00.959756Z[0m [34mDEBUG[0m [2methereum_transaction_pool_monitor::mempool_monitor[0m[2m:[0m 📨 Processing new pending transaction: 0x8d99d6b76a5acff7178bcf8abcf92e7630ab582b371cf7431eced11911add936
[2m2025-12-10T10:08:00.959760Z[0m [34mDEBUG[0m [2methereum_transaction_pool_monitor::mempool_monitor[0m[2m:[0m 🔍 Fetching transaction details for: 0x8d99d6b76a5acff7178bcf8abcf92e7630ab582b371cf7431eced11911add936
[2m2025-12-10T10:08:00.959764Z[0m [34mDEBUG[0m [2methereum_transaction_pool_monitor::eth_client[0m[2m:[0m 🔍 Fetching transaction details for hash: 0x8d99d6b76a5acff7178bcf8abcf92e7630ab582b371cf7431eced11911add936
[2m2025-12-10T10:08:00.959780Z[0m [34mDEBUG[0m [2mhyper::client::pool[0m[2m:[0m reuse idle connection for ("http", 192.168.0.14:8545)
[2m2025-12-10T10:08:00.959822Z[0m [34mDEBUG[0m [2mhyper::proto::h1::io[0m[2m:[0m flushed 250 bytes
[2m2025-12-10T10:08:00.959838Z[0m [34mDEBUG[0m [2mhyper::client::pool[0m[2m:[0m reuse idle connection for ("http", 192.168.0.14:8545)
[2m2025-12-10T10:08:00.959853Z[0m [34mDEBUG[0m [2mhyper::proto::h1::io[0m[2m:[0m flushed 172 bytes
[2m2025-12-10T10:08:00.959855Z[0m [34mDEBUG[0m [2methereum_transaction_pool_monitor::eth_client[0m[2m:[0m 📨 Received WebSocket message: {"jsonrpc":"2.0","method":"eth_subscription","params":{"subscription":"0xbed0a0851463e895960a451075a301a9","result":"0x3a01ca20052495edb5151cad285661b48968186476cdf6eda2d019fa96b20da4"}}
[2m2025-12-10T10:08:00.959866Z[0m [34mDEBUG[0m [2methereum_transaction_pool_monitor::eth_client[0m[2m:[0m 📨 Received pending transaction: 0x3a01ca20052495edb5151cad285661b48968186476cdf6eda2d019fa96b20da4
[2m2025-12-10T10:08:00.963752Z[0m [34mDEBUG[0m [2mhyper::proto::h1::io[0m[2m:[0m parsed 4 headers
[2m2025-12-10T10:08:00.966312Z[0m [34mDEBUG[0m [2mhyper::proto::h1::conn[0m[2m:[0m incoming body is content-length (45 bytes)
[2m2025-12-10T10:08:00.966326Z[0m [34mDEBUG[0m [2mhyper::proto::h1::conn[0m[2m:[0m incoming body completed
[2m2025-12-10T10:08:00.966341Z[0m [34mDEBUG[0m [2mhyper::client::pool[0m[2m:[0m pooling idle connection for ("http", 192.168.0.14:8545)
[2m2025-12-10T10:08:00.966363Z[0m [34mDEBUG[0m [2mhyper::proto::h1::io[0m[2m:[0m parsed 4 headers
[2m2025-12-10T10:08:00.966369Z[0m [34mDEBUG[0m [2mhyper::proto::h1::conn[0m[2m:[0m incoming body is content-length (770 bytes)
[2m2025-12-10T10:08:00.966377Z[0m [34mDEBUG[0m [2mhyper::proto::h1::conn[0m[2m:[0m incoming body completed
[2m2025-12-10T10:08:00.966382Z[0m [34mDEBUG[0m [2mhyper::client::pool[0m[2m:[0m pooling idle connection for ("http", 192.168.0.14:8545)
[2m2025-12-10T10:08:00.966388Z[0m [34mDEBUG[0m [2methereum_transaction_pool_monitor::eth_client[0m[2m:[0m 📡 Transaction fetch RPC completed in 6.620375ms
[2m2025-12-10T10:08:01.038117Z[0m [34mDEBUG[0m [2methereum_transaction_pool_monitor::eth_client[0m[2m:[0m ✅ Transaction 0x8d99d6b76a5acff7178bcf8abcf92e7630ab582b371cf7431eced11911add936 fetched and parsed in 78.347167ms
[2m2025-12-10T10:08:01.038138Z[0m [34mDEBUG[0m [2methereum_transaction_pool_monitor::mempool_monitor[0m[2m:[0m 🔍 Skipping tx 0x8d99d6b76a5acff7178bcf8abcf92e7630ab582b371cf7431eced11911add936 - not a DEX interaction (target: 0xA0b86991c6218b36c1d19D4a2e9Eb0cE3606eB48)
[2m2025-12-10T10:08:01.038146Z[0m [34mDEBUG[0m [2methereum_transaction_pool_monitor::mempool_monitor[0m[2m:[0m 📨 Processing new pending transaction: 0x88e692213891cd2f3930070389dd85d1d40a8131feb0f2b3d049b46762c173d7
[2m2025-12-10T10:08:01.038152Z[0m [34mDEBUG[0m [2methereum_transaction_pool_monitor::mempool_monitor[0m[2m:[0m 🔍 Fetching transaction details for: 0x88e692213891cd2f3930070389dd85d1d40a8131feb0f2b3d049b46762c173d7
[2m2025-12-10T10:08:01.038158Z[0m [34mDEBUG[0m [2methereum_transaction_pool_monitor::eth_client[0m[2m:[0m 🔍 Fetching transaction details for hash: 0x88e692213891cd2f3930070389dd85d1d40a8131feb0f2b3d049b46762c173d7
[2m2025-12-10T10:08:01.038177Z[0m [34mDEBUG[0m [2mhyper::client::pool[0m[2m:[0m reuse idle connection for ("http", 192.168.0.14:8545)
[2m2025-12-10T10:08:01.038227Z[0m [34mDEBUG[0m [2mhyper::proto::h1::io[0m[2m:[0m flushed 250 bytes
[2m2025-12-10T10:08:01.038255Z[0m [34mDEBUG[0m [2mhyper::client::pool[0m[2m:[0m reuse idle connection for ("http", 192.168.0.14:8545)
[2m2025-12-10T10:08:01.038269Z[0m [34mDEBUG[0m [2mhyper::proto::h1::io[0m[2m:[0m flushed 172 bytes
[2m2025-12-10T10:08:01.046978Z[0m [34mDEBUG[0m [2methereum_transaction_pool_monitor::eth_client[0m[2m:[0m 📨 Received WebSocket message: {"jsonrpc":"2.0","method":"eth_subscription","params":{"subscription":"0xbed0a0851463e895960a451075a301a9","result":"0xcfc47031da25edeb545e01381c0d1e073f8ebefa1e4068c810f5c4ba0249e749"}}
[2m2025-12-10T10:08:01.047015Z[0m [34mDEBUG[0m [2methereum_transaction_pool_monitor::eth_client[0m[2m:[0m 📨 Received pending transaction: 0xcfc47031da25edeb545e01381c0d1e073f8ebefa1e4068c810f5c4ba0249e749
[2m2025-12-10T10:08:01.049413Z[0m [34mDEBUG[0m [2mhyper::proto::h1::io[0m[2m:[0m parsed 4 headers
[2m2025-12-10T10:08:01.049422Z[0m [34mDEBUG[0m [2mhyper::proto::h1::conn[0m[2m:[0m incoming body is content-length (45 bytes)
[2m2025-12-10T10:08:01.049428Z[0m [34mDEBUG[0m [2mhyper::proto::h1::conn[0m[2m:[0m incoming body completed
[2m2025-12-10T10:08:01.049437Z[0m [34mDEBUG[0m [2mhyper::client::pool[0m[2m:[0m pooling idle connection for ("http", 192.168.0.14:8545)
[2m2025-12-10T10:08:01.049455Z[0m [34mDEBUG[0m [2mhyper::proto::h1::io[0m[2m:[0m parsed 4 headers
[2m2025-12-10T10:08:01.049458Z[0m [34mDEBUG[0m [2mhyper::proto::h1::conn[0m[2m:[0m incoming body is content-length (772 bytes)
[2m2025-12-10T10:08:01.049466Z[0m [34mDEBUG[0m [2mhyper::proto::h1::conn[0m[2m:[0m incoming body completed
[2m2025-12-10T10:08:01.049473Z[0m [34mDEBUG[0m [2mhyper::client::pool[0m[2m:[0m pooling idle connection for ("http", 192.168.0.14:8545)
[2m2025-12-10T10:08:01.049477Z[0m [34mDEBUG[0m [2methereum_transaction_pool_monitor::eth_client[0m[2m:[0m 📡 Transaction fetch RPC completed in 11.31525ms
[2m2025-12-10T10:08:01.121505Z[0m [34mDEBUG[0m [2methereum_transaction_pool_monitor::eth_client[0m[2m:[0m ✅ Transaction 0x88e692213891cd2f3930070389dd85d1d40a8131feb0f2b3d049b46762c173d7 fetched and parsed in 83.3405ms
[2m2025-12-10T10:08:01.121529Z[0m [34mDEBUG[0m [2methereum_transaction_pool_monitor::mempool_monitor[0m[2m:[0m 🔍 Skipping tx 0x88e692213891cd2f3930070389dd85d1d40a8131feb0f2b3d049b46762c173d7 - not a DEX interaction (target: 0xA0b86991c6218b36c1d19D4a2e9Eb0cE3606eB48)
[2m2025-12-10T10:08:01.121537Z[0m [34mDEBUG[0m [2methereum_transaction_pool_monitor::mempool_monitor[0m[2m:[0m 📨 Processing new pending transaction: 0x60664260dd62aaf289fb46638b671b6a3ed3fe1f5d647746c80b82f5ee8d2219
[2m2025-12-10T10:08:01.121549Z[0m [34mDEBUG[0m [2methereum_transaction_pool_monitor::mempool_monitor[0m[2m:[0m 🔍 Fetching transaction details for: 0x60664260dd62aaf289fb46638b671b6a3ed3fe1f5d647746c80b82f5ee8d2219
[2m2025-12-10T10:08:01.121553Z[0m [34mDEBUG[0m [2methereum_transaction_pool_monitor::eth_client[0m[2m:[0m 🔍 Fetching transaction details for hash: 0x60664260dd62aaf289fb46638b671b6a3ed3fe1f5d647746c80b82f5ee8d2219
[2m2025-12-10T10:08:01.121570Z[0m [34mDEBUG[0m [2mhyper::client::pool[0m[2m:[0m reuse idle connection for ("http", 192.168.0.14:8545)
[2m2025-12-10T10:08:01.121622Z[0m [34mDEBUG[0m [2mhyper::proto::h1::io[0m[2m:[0m flushed 250 bytes
[2m2025-12-10T10:08:01.121641Z[0m [34mDEBUG[0m [2mhyper::client::pool[0m[2m:[0m reuse idle connection for ("http", 192.168.0.14:8545)
[2m2025-12-10T10:08:01.121655Z[0m [34mDEBUG[0m [2mhyper::proto::h1::io[0m[2m:[0m flushed 172 bytes
[2m2025-12-10T10:08:01.121657Z[0m [34mDEBUG[0m [2methereum_transaction_pool_monitor::eth_client[0m[2m:[0m 📨 Received WebSocket message: {"jsonrpc":"2.0","method":"eth_subscription","params":{"subscription":"0xbed0a0851463e895960a451075a301a9","result":"0x4faf1f7c217033b346b318d952f449577a54932f2de4fa9c93b73b7e65786b57"}}
[2m2025-12-10T10:08:01.121669Z[0m [34mDEBUG[0m [2methereum_transaction_pool_monitor::eth_client[0m[2m:[0m 📨 Received pending transaction: 0x4faf1f7c217033b346b318d952f449577a54932f2de4fa9c93b73b7e65786b57
[2m2025-12-10T10:08:01.127603Z[0m [34mDEBUG[0m [2mhyper::proto::h1::io[0m[2m:[0m parsed 4 headers
[2m2025-12-10T10:08:01.127609Z[0m [34mDEBUG[0m [2mhyper::proto::h1::conn[0m[2m:[0m incoming body is content-length (45 bytes)
[2m2025-12-10T10:08:01.127616Z[0m [34mDEBUG[0m [2mhyper::proto::h1::conn[0m[2m:[0m incoming body completed
[2m2025-12-10T10:08:01.127625Z[0m [34mDEBUG[0m [2mhyper::client::pool[0m[2m:[0m pooling idle connection for ("http", 192.168.0.14:8545)
[2m2025-12-10T10:08:01.127646Z[0m [34mDEBUG[0m [2methereum_transaction_pool_monitor::eth_client[0m[2m:[0m 📨 Received WebSocket message: {"jsonrpc":"2.0","method":"eth_subscription","params":{"subscription":"0xbed0a0851463e895960a451075a301a9","result":"0xf9e8f1be885bd3b42db9baf4715cf76f216ee6faa7a1f6798f61a4ee1c987288"}}
[2m2025-12-10T10:08:01.127651Z[0m [34mDEBUG[0m [2methereum_transaction_pool_monitor::eth_client[0m[2m:[0m 📨 Received pending transaction: 0xf9e8f1be885bd3b42db9baf4715cf76f216ee6faa7a1f6798f61a4ee1c987288
[2m2025-12-10T10:08:01.128017Z[0m [34mDEBUG[0m [2mhyper::proto::h1::io[0m[2m:[0m parsed 4 headers
[2m2025-12-10T10:08:01.128022Z[0m [34mDEBUG[0m [2mhyper::proto::h1::conn[0m[2m:[0m incoming body is content-length (552 bytes)
[2m2025-12-10T10:08:01.128027Z[0m [34mDEBUG[0m [2mhyper::proto::h1::conn[0m[2m:[0m incoming body completed
[2m2025-12-10T10:08:01.128033Z[0m [34mDEBUG[0m [2mhyper::client::pool[0m[2m:[0m pooling idle connection for ("http", 192.168.0.14:8545)
[2m2025-12-10T10:08:01.128036Z[0m [34mDEBUG[0m [2methereum_transaction_pool_monitor::eth_client[0m[2m:[0m 📡 Transaction fetch RPC completed in 6.48ms
[2m2025-12-10T10:08:01.200047Z[0m [34mDEBUG[0m [2methereum_transaction_pool_monitor::eth_client[0m[2m:[0m ✅ Transaction 0x60664260dd62aaf289fb46638b671b6a3ed3fe1f5d647746c80b82f5ee8d2219 fetched and parsed in 78.487417ms
[2m2025-12-10T10:08:01.200068Z[0m [34mDEBUG[0m [2methereum_transaction_pool_monitor::mempool_monitor[0m[2m:[0m 🔍 Skipping tx 0x60664260dd62aaf289fb46638b671b6a3ed3fe1f5d647746c80b82f5ee8d2219 - not a DEX interaction (target: 0x376aAA90AA601319e9F3bfCf7d48052ed16afdce)
[2m2025-12-10T10:08:01.200078Z[0m [34mDEBUG[0m [2methereum_transaction_pool_monitor::mempool_monitor[0m[2m:[0m 📨 Processing new pending transaction: 0x3a01ca20052495edb5151cad285661b48968186476cdf6eda2d019fa96b20da4
[2m2025-12-10T10:08:01.200083Z[0m [34mDEBUG[0m [2methereum_transaction_pool_monitor::mempool_monitor[0m[2m:[0m 🔍 Fetching transaction details for: 0x3a01ca20052495edb5151cad285661b48968186476cdf6eda2d019fa96b20da4
[2m2025-12-10T10:08:01.200094Z[0m [34mDEBUG[0m [2methereum_transaction_pool_monitor::eth_client[0m[2m:[0m 🔍 Fetching transaction details for hash: 0x3a01ca20052495edb5151cad285661b48968186476cdf6eda2d019fa96b20da4
[2m2025-12-10T10:08:01.200115Z[0m [34mDEBUG[0m [2mhyper::client::pool[0m[2m:[0m reuse idle connection for ("http", 192.168.0.14:8545)
[2m2025-12-10T10:08:01.200166Z[0m [34mDEBUG[0m [2mhyper::proto::h1::io[0m[2m:[0m flushed 250 bytes
[2m2025-12-10T10:08:01.200187Z[0m [34mDEBUG[0m [2mhyper::client::pool[0m[2m:[0m reuse idle connection for ("http", 192.168.0.14:8545)
[2m2025-12-10T10:08:01.200208Z[0m [34mDEBUG[0m [2mhyper::proto::h1::io[0m[2m:[0m flushed 172 bytes
[2m2025-12-10T10:08:01.200221Z[0m [34mDEBUG[0m [2methereum_transaction_pool_monitor::eth_client[0m[2m:[0m 📨 Received WebSocket message: {"jsonrpc":"2.0","method":"eth_subscription","params":{"subscription":"0xbed0a0851463e895960a451075a301a9","result":"0x9cec7d9b485bc9dfe6cbc077d6f40e4adb5d9e4a5d1656afcf6144e2f83f2a49"}}
[2m2025-12-10T10:08:01.200228Z[0m [34mDEBUG[0m [2methereum_transaction_pool_monitor::eth_client[0m[2m:[0m 📨 Received pending transaction: 0x9cec7d9b485bc9dfe6cbc077d6f40e4adb5d9e4a5d1656afcf6144e2f83f2a49
[2m2025-12-10T10:08:01.200232Z[0m [34mDEBUG[0m [2methereum_transaction_pool_monitor::eth_client[0m[2m:[0m 📨 Received WebSocket message: {"jsonrpc":"2.0","method":"eth_subscription","params":{"subscription":"0xbed0a0851463e895960a451075a301a9","result":"0xdad61266cf0d7467e773a95cc6c3af4d79eb98477cdb355292847fd9cbf1797f"}}
[2m2025-12-10T10:08:01.200236Z[0m [34mDEBUG[0m [2methereum_transaction_pool_monitor::eth_client[0m[2m:[0m 📨 Received pending transaction: 0xdad61266cf0d7467e773a95cc6c3af4d79eb98477cdb355292847fd9cbf1797f
[2m2025-12-10T10:08:01.200239Z[0m [34mDEBUG[0m [2methereum_transaction_pool_monitor::eth_client[0m[2m:[0m 📨 Received WebSocket message: {"jsonrpc":"2.0","method":"eth_subscription","params":{"subscription":"0xbed0a0851463e895960a451075a301a9","result":"0x84540e8d4f2f6c88c3bbd058b2b5b710124fccfc893bfa2914c3b0614b584655"}}
[2m2025-12-10T10:08:01.200243Z[0m [34mDEBUG[0m [2methereum_transaction_pool_monitor::eth_client[0m[2m:[0m 📨 Received pending transaction: 0x84540e8d4f2f6c88c3bbd058b2b5b710124fccfc893bfa2914c3b0614b584655
[2m2025-12-10T10:08:01.210205Z[0m [34mDEBUG[0m [2mhyper::proto::h1::io[0m[2m:[0m parsed 4 headers
[2m2025-12-10T10:08:01.210218Z[0m [34mDEBUG[0m [2mhyper::proto::h1::conn[0m[2m:[0m incoming body is content-length (5186 bytes)
[2m2025-12-10T10:08:01.210230Z[0m [34mDEBUG[0m [2mhyper::proto::h1::conn[0m[2m:[0m incoming body completed
[2m2025-12-10T10:08:01.210245Z[0m [34mDEBUG[0m [2mhyper::client::pool[0m[2m:[0m pooling idle connection for ("http", 192.168.0.14:8545)
[2m2025-12-10T10:08:01.210253Z[0m [34mDEBUG[0m [2methereum_transaction_pool_monitor::eth_client[0m[2m:[0m 📡 Transaction fetch RPC completed in 10.154792ms
[2m2025-12-10T10:08:01.281991Z[0m [34mDEBUG[0m [2methereum_transaction_pool_monitor::eth_client[0m[2m:[0m ✅ Transaction 0x3a01ca20052495edb5151cad285661b48968186476cdf6eda2d019fa96b20da4 fetched and parsed in 81.890042ms
[2m2025-12-10T10:08:01.282016Z[0m [34mDEBUG[0m [2methereum_transaction_pool_monitor::mempool_monitor[0m[2m:[0m 🔍 Skipping tx 0x3a01ca20052495edb5151cad285661b48968186476cdf6eda2d019fa96b20da4 - not a DEX interaction (target: 0xF6801D319497789f934ec7F83E142a9536312B08)
[2m2025-12-10T10:08:01.282025Z[0m [34mDEBUG[0m [2methereum_transaction_pool_monitor::mempool_monitor[0m[2m:[0m 📨 Processing new pending transaction: 0xcfc47031da25edeb545e01381c0d1e073f8ebefa1e4068c810f5c4ba0249e749
[2m2025-12-10T10:08:01.282030Z[0m [34mDEBUG[0m [2methereum_transaction_pool_monitor::mempool_monitor[0m[2m:[0m 🔍 Fetching transaction details for: 0xcfc47031da25edeb545e01381c0d1e073f8ebefa1e4068c810f5c4ba0249e749
[2m2025-12-10T10:08:01.282042Z[0m [34mDEBUG[0m [2methereum_transaction_pool_monitor::eth_client[0m[2m:[0m 🔍 Fetching transaction details for hash: 0xcfc47031da25edeb545e01381c0d1e073f8ebefa1e4068c810f5c4ba0249e749
[2m2025-12-10T10:08:01.282062Z[0m [34mDEBUG[0m [2mhyper::client::pool[0m[2m:[0m reuse idle connection for ("http", 192.168.0.14:8545)
[2m2025-12-10T10:08:01.282116Z[0m [34mDEBUG[0m [2mhyper::proto::h1::io[0m[2m:[0m flushed 250 bytes
[2m2025-12-10T10:08:01.282132Z[0m [34mDEBUG[0m [2mhyper::proto::h1::io[0m[2m:[0m parsed 4 headers
[2m2025-12-10T10:08:01.282135Z[0m [34mDEBUG[0m [2mhyper::proto::h1::conn[0m[2m:[0m incoming body is content-length (45 bytes)
[2m2025-12-10T10:08:01.282140Z[0m [34mDEBUG[0m [2mhyper::proto::h1::conn[0m[2m:[0m incoming body completed
[2m2025-12-10T10:08:01.282147Z[0m [34mDEBUG[0m [2mhyper::client::pool[0m[2m:[0m pooling idle connection for ("http", 192.168.0.14:8545)
[2m2025-12-10T10:08:01.287085Z[0m [34mDEBUG[0m [2mhyper::proto::h1::io[0m[2m:[0m parsed 4 headers
[2m2025-12-10T10:08:01.287098Z[0m [34mDEBUG[0m [2mhyper::proto::h1::conn[0m[2m:[0m incoming body is content-length (5960 bytes)
[2m2025-12-10T10:08:01.287114Z[0m [34mDEBUG[0m [2methereum_transaction_pool_monitor::eth_client[0m[2m:[0m 📡 Transaction fetch RPC completed in 5.067375ms
[2m2025-12-10T10:08:01.287607Z[0m [34mDEBUG[0m [2mhyper::proto::h1::conn[0m[2m:[0m incoming body completed
[2m2025-12-10T10:08:01.287617Z[0m [34mDEBUG[0m [2mhyper::client::pool[0m[2m:[0m pooling idle connection for ("http", 192.168.0.14:8545)
[2m2025-12-10T10:08:01.296655Z[0m [34mDEBUG[0m [2mhyper::client::pool[0m[2m:[0m reuse idle connection for ("http", 192.168.0.14:8545)
[2m2025-12-10T10:08:01.296720Z[0m [34mDEBUG[0m [2mhyper::proto::h1::io[0m[2m:[0m flushed 172 bytes
[2m2025-12-10T10:08:01.301018Z[0m [34mDEBUG[0m [2mhyper::proto::h1::io[0m[2m:[0m parsed 4 headers
[2m2025-12-10T10:08:01.301052Z[0m [34mDEBUG[0m [2mhyper::proto::h1::conn[0m[2m:[0m incoming body is content-length (45 bytes)
[2m2025-12-10T10:08:01.301067Z[0m [34mDEBUG[0m [2mhyper::proto::h1::conn[0m[2m:[0m incoming body completed
[2m2025-12-10T10:08:01.301086Z[0m [34mDEBUG[0m [2mhyper::client::pool[0m[2m:[0m pooling idle connection for ("http", 192.168.0.14:8545)
[2m2025-12-10T10:08:01.359218Z[0m [34mDEBUG[0m [2methereum_transaction_pool_monitor::eth_client[0m[2m:[0m ✅ Transaction 0xcfc47031da25edeb545e01381c0d1e073f8ebefa1e4068c810f5c4ba0249e749 fetched and parsed in 77.168666ms
[2m2025-12-10T10:08:01.359242Z[0m [34mDEBUG[0m [2methereum_transaction_pool_monitor::mempool_monitor[0m[2m:[0m 🔍 Skipping tx 0xcfc47031da25edeb545e01381c0d1e073f8ebefa1e4068c810f5c4ba0249e749 - not a DEX interaction (target: 0xA9D1e08C7793af67e9d92fe308d5697FB81d3E43)
[2m2025-12-10T10:08:01.359251Z[0m [34mDEBUG[0m [2methereum_transaction_pool_monitor::mempool_monitor[0m[2m:[0m 📨 Processing new pending transaction: 0x4faf1f7c217033b346b318d952f449577a54932f2de4fa9c93b73b7e65786b57
[2m2025-12-10T10:08:01.359257Z[0m [34mDEBUG[0m [2methereum_transaction_pool_monitor::mempool_monitor[0m[2m:[0m 🔍 Fetching transaction details for: 0x4faf1f7c217033b346b318d952f449577a54932f2de4fa9c93b73b7e65786b57
[2m2025-12-10T10:08:01.359261Z[0m [34mDEBUG[0m [2methereum_transaction_pool_monitor::eth_client[0m[2m:[0m 🔍 Fetching transaction details for hash: 0x4faf1f7c217033b346b318d952f449577a54932f2de4fa9c93b73b7e65786b57
[2m2025-12-10T10:08:01.359282Z[0m [34mDEBUG[0m [2mhyper::client::pool[0m[2m:[0m reuse idle connection for ("http", 192.168.0.14:8545)
[2m2025-12-10T10:08:01.359328Z[0m [34mDEBUG[0m [2mhyper::proto::h1::io[0m[2m:[0m flushed 250 bytes
[2m2025-12-10T10:08:01.366356Z[0m [34mDEBUG[0m [2mhyper::proto::h1::io[0m[2m:[0m parsed 4 headers
[2m2025-12-10T10:08:01.366370Z[0m [34mDEBUG[0m [2mhyper::proto::h1::conn[0m[2m:[0m incoming body is content-length (835 bytes)
[2m2025-12-10T10:08:01.366385Z[0m [34mDEBUG[0m [2mhyper::proto::h1::conn[0m[2m:[0m incoming body completed
[2m2025-12-10T10:08:01.366393Z[0m [34mDEBUG[0m [2mhyper::client::pool[0m[2m:[0m pooling idle connection for ("http", 192.168.0.14:8545)
[2m2025-12-10T10:08:01.366398Z[0m [34mDEBUG[0m [2methereum_transaction_pool_monitor::eth_client[0m[2m:[0m 📡 Transaction fetch RPC completed in 7.132084ms
[2m2025-12-10T10:08:01.438084Z[0m [34mDEBUG[0m [2methereum_transaction_pool_monitor::eth_client[0m[2m:[0m ✅ Transaction 0x4faf1f7c217033b346b318d952f449577a54932f2de4fa9c93b73b7e65786b57 fetched and parsed in 78.813667ms
[2m2025-12-10T10:08:01.438115Z[0m [34mDEBUG[0m [2methereum_transaction_pool_monitor::mempool_monitor[0m[2m:[0m 🔍 Skipping tx 0x4faf1f7c217033b346b318d952f449577a54932f2de4fa9c93b73b7e65786b57 - not a DEX interaction (target: 0x87870Bca3F3fD6335C3F4ce8392D69350B4fA4E2)
[2m2025-12-10T10:08:01.438126Z[0m [34mDEBUG[0m [2methereum_transaction_pool_monitor::mempool_monitor[0m[2m:[0m 📨 Processing new pending transaction: 0xf9e8f1be885bd3b42db9baf4715cf76f216ee6faa7a1f6798f61a4ee1c987288
[2m2025-12-10T10:08:01.438131Z[0m [34mDEBUG[0m [2methereum_transaction_pool_monitor::mempool_monitor[0m[2m:[0m 🔍 Fetching transaction details for: 0xf9e8f1be885bd3b42db9baf4715cf76f216ee6faa7a1f6798f61a4ee1c987288
[2m2025-12-10T10:08:01.438135Z[0m [34mDEBUG[0m [2methereum_transaction_pool_monitor::eth_client[0m[2m:[0m 🔍 Fetching transaction details for hash: 0xf9e8f1be885bd3b42db9baf4715cf76f216ee6faa7a1f6798f61a4ee1c987288
[2m2025-12-10T10:08:01.438169Z[0m [34mDEBUG[0m [2mhyper::client::pool[0m[2m:[0m reuse idle connection for ("http", 192.168.0.14:8545)
[2m2025-12-10T10:08:01.438226Z[0m [34mDEBUG[0m [2mhyper::proto::h1::io[0m[2m:[0m flushed 250 bytes
[2m2025-12-10T10:08:01.438255Z[0m [34mDEBUG[0m [2mhyper::client::pool[0m[2m:[0m reuse idle connection for ("http", 192.168.0.14:8545)
[2m2025-12-10T10:08:01.438269Z[0m [34mDEBUG[0m [2mhyper::proto::h1::io[0m[2m:[0m flushed 172 bytes
[2m2025-12-10T10:08:01.444995Z[0m [34mDEBUG[0m [2mhyper::proto::h1::io[0m[2m:[0m parsed 4 headers
[2m2025-12-10T10:08:01.445007Z[0m [34mDEBUG[0m [2mhyper::proto::h1::conn[0m[2m:[0m incoming body is content-length (769 bytes)
[2m2025-12-10T10:08:01.445014Z[0m [34mDEBUG[0m [2mhyper::proto::h1::conn[0m[2m:[0m incoming body completed
[2m2025-12-10T10:08:01.445023Z[0m [34mDEBUG[0m [2mhyper::client::pool[0m[2m:[0m pooling idle connection for ("http", 192.168.0.14:8545)
[2m2025-12-10T10:08:01.445031Z[0m [34mDEBUG[0m [2methereum_transaction_pool_monitor::eth_client[0m[2m:[0m 📡 Transaction fetch RPC completed in 6.879833ms
[2m2025-12-10T10:08:01.516712Z[0m [34mDEBUG[0m [2methereum_transaction_pool_monitor::eth_client[0m[2m:[0m ✅ Transaction 0xf9e8f1be885bd3b42db9baf4715cf76f216ee6faa7a1f6798f61a4ee1c987288 fetched and parsed in 78.558458ms
[2m2025-12-10T10:08:01.516740Z[0m [34mDEBUG[0m [2methereum_transaction_pool_monitor::mempool_monitor[0m[2m:[0m 🔍 Skipping tx 0xf9e8f1be885bd3b42db9baf4715cf76f216ee6faa7a1f6798f61a4ee1c987288 - not a DEX interaction (target: 0x1121AcC14c63f3C872BFcA497d10926A6098AAc5)
[2m2025-12-10T10:08:01.516751Z[0m [34mDEBUG[0m [2methereum_transaction_pool_monitor::mempool_monitor[0m[2m:[0m 📨 Processing new pending transaction: 0x9cec7d9b485bc9dfe6cbc077d6f40e4adb5d9e4a5d1656afcf6144e2f83f2a49
[2m2025-12-10T10:08:01.516757Z[0m [34mDEBUG[0m [2methereum_transaction_pool_monitor::mempool_monitor[0m[2m:[0m 🔍 Fetching transaction details for: 0x9cec7d9b485bc9dfe6cbc077d6f40e4adb5d9e4a5d1656afcf6144e2f83f2a49
[2m2025-12-10T10:08:01.516760Z[0m [34mDEBUG[0m [2methereum_transaction_pool_monitor::eth_client[0m[2m:[0m 🔍 Fetching transaction details for hash: 0x9cec7d9b485bc9dfe6cbc077d6f40e4adb5d9e4a5d1656afcf6144e2f83f2a49
[2m2025-12-10T10:08:01.516784Z[0m [34mDEBUG[0m [2mhyper::client::pool[0m[2m:[0m reuse idle connection for ("http", 192.168.0.14:8545)
[2m2025-12-10T10:08:01.516840Z[0m [34mDEBUG[0m [2mhyper::proto::h1::io[0m[2m:[0m flushed 250 bytes
[2m2025-12-10T10:08:01.516857Z[0m [34mDEBUG[0m [2mhyper::proto::h1::io[0m[2m:[0m parsed 4 headers
[2m2025-12-10T10:08:01.516861Z[0m [34mDEBUG[0m [2mhyper::proto::h1::conn[0m[2m:[0m incoming body is content-length (45 bytes)
[2m2025-12-10T10:08:01.516869Z[0m [34mDEBUG[0m [2mhyper::proto::h1::conn[0m[2m:[0m incoming body completed
[2m2025-12-10T10:08:01.516879Z[0m [34mDEBUG[0m [2mhyper::client::pool[0m[2m:[0m pooling idle connection for ("http", 192.168.0.14:8545)
[2m2025-12-10T10:08:01.516898Z[0m [34mDEBUG[0m [2mhyper::client::pool[0m[2m:[0m reuse idle connection for ("http", 192.168.0.14:8545)
[2m2025-12-10T10:08:01.516918Z[0m [34mDEBUG[0m [2mhyper::proto::h1::io[0m[2m:[0m flushed 172 bytes
[2m2025-12-10T10:08:01.522269Z[0m [34mDEBUG[0m [2mhyper::proto::h1::io[0m[2m:[0m parsed 4 headers
[2m2025-12-10T10:08:01.522281Z[0m [34mDEBUG[0m [2mhyper::proto::h1::conn[0m[2m:[0m incoming body is content-length (45 bytes)
[2m2025-12-10T10:08:01.522287Z[0m [34mDEBUG[0m [2mhyper::proto::h1::conn[0m[2m:[0m incoming body completed
[2m2025-12-10T10:08:01.522295Z[0m [34mDEBUG[0m [2mhyper::client::pool[0m[2m:[0m pooling idle connection for ("http", 192.168.0.14:8545)
[2m2025-12-10T10:08:01.523017Z[0m [34mDEBUG[0m [2mhyper::proto::h1::io[0m[2m:[0m parsed 4 headers
[2m2025-12-10T10:08:01.523026Z[0m [34mDEBUG[0m [2mhyper::proto::h1::conn[0m[2m:[0m incoming body is content-length (1219 bytes)
[2m2025-12-10T10:08:01.523032Z[0m [34mDEBUG[0m [2mhyper::proto::h1::conn[0m[2m:[0m incoming body completed
[2m2025-12-10T10:08:01.523039Z[0m [34mDEBUG[0m [2mhyper::client::pool[0m[2m:[0m pooling idle connection for ("http", 192.168.0.14:8545)
[2m2025-12-10T10:08:01.523044Z[0m [34mDEBUG[0m [2methereum_transaction_pool_monitor::eth_client[0m[2m:[0m 📡 Transaction fetch RPC completed in 6.280083ms
[2m2025-12-10T10:08:01.596100Z[0m [34mDEBUG[0m [2methereum_transaction_pool_monitor::eth_client[0m[2m:[0m ✅ Transaction 0x9cec7d9b485bc9dfe6cbc077d6f40e4adb5d9e4a5d1656afcf6144e2f83f2a49 fetched and parsed in 79.332583ms
[2m2025-12-10T10:08:01.596121Z[0m [34mDEBUG[0m [2methereum_transaction_pool_monitor::mempool_monitor[0m[2m:[0m 🔍 Skipping tx 0x9cec7d9b485bc9dfe6cbc077d6f40e4adb5d9e4a5d1656afcf6144e2f83f2a49 - not a DEX interaction (target: 0xF6801D319497789f934ec7F83E142a9536312B08)
[2m2025-12-10T10:08:01.596131Z[0m [34mDEBUG[0m [2methereum_transaction_pool_monitor::mempool_monitor[0m[2m:[0m 📨 Processing new pending transaction: 0xdad61266cf0d7467e773a95cc6c3af4d79eb98477cdb355292847fd9cbf1797f
[2m2025-12-10T10:08:01.596135Z[0m [34mDEBUG[0m [2methereum_transaction_pool_monitor::mempool_monitor[0m[2m:[0m 🔍 Fetching transaction details for: 0xdad61266cf0d7467e773a95cc6c3af4d79eb98477cdb355292847fd9cbf1797f
[2m2025-12-10T10:08:01.596138Z[0m [34mDEBUG[0m [2methereum_transaction_pool_monitor::eth_client[0m[2m:[0m 🔍 Fetching transaction details for hash: 0xdad61266cf0d7467e773a95cc6c3af4d79eb98477cdb355292847fd9cbf1797f
[2m2025-12-10T10:08:01.596159Z[0m [34mDEBUG[0m [2mhyper::client::pool[0m[2m:[0m reuse idle connection for ("http", 192.168.0.14:8545)
[2m2025-12-10T10:08:01.596188Z[0m [34mDEBUG[0m [2mhyper::proto::h1::io[0m[2m:[0m flushed 250 bytes
[2m2025-12-10T10:08:01.596206Z[0m [34mDEBUG[0m [2mhyper::client::pool[0m[2m:[0m reuse idle connection for ("http", 192.168.0.14:8545)
[2m2025-12-10T10:08:01.596215Z[0m [34mDEBUG[0m [2methereum_transaction_pool_monitor::eth_client[0m[2m:[0m 📨 Received WebSocket message: {"jsonrpc":"2.0","method":"eth_subscription","params":{"subscription":"0xbed0a0851463e895960a451075a301a9","result":"0x7217fb6111d929673075a920abd82c9f641f0befe8a9058a299633b09fe10ea7"}}
[2m2025-12-10T10:08:01.596218Z[0m [34mDEBUG[0m [2mhyper::proto::h1::io[0m[2m:[0m flushed 172 bytes
[2m2025-12-10T10:08:01.596225Z[0m [34mDEBUG[0m [2methereum_transaction_pool_monitor::eth_client[0m[2m:[0m 📨 Received pending transaction: 0x7217fb6111d929673075a920abd82c9f641f0befe8a9058a299633b09fe10ea7
[2m2025-12-10T10:08:01.596235Z[0m [34mDEBUG[0m [2methereum_transaction_pool_monitor::eth_client[0m[2m:[0m 📨 Received WebSocket message: {"jsonrpc":"2.0","method":"eth_subscription","params":{"subscription":"0xbed0a0851463e895960a451075a301a9","result":"0x6dead44f33d722d6364f3d46054cd542844f6c6dfefda3564b0cb9688bfca0ac"}}
[2m2025-12-10T10:08:01.596239Z[0m [34mDEBUG[0m [2methereum_transaction_pool_monitor::eth_client[0m[2m:[0m 📨 Received pending transaction: 0x6dead44f33d722d6364f3d46054cd542844f6c6dfefda3564b0cb9688bfca0ac
[2m2025-12-10T10:08:01.596243Z[0m [34mDEBUG[0m [2methereum_transaction_pool_monitor::eth_client[0m[2m:[0m 📨 Received WebSocket message: {"jsonrpc":"2.0","method":"eth_subscription","params":{"subscription":"0xbed0a0851463e895960a451075a301a9","result":"0x323b8dbcd96b54f8b1a0b6a988f63668dd55e230116e2ec797db40abf891c5db"}}
[2m2025-12-10T10:08:01.596246Z[0m [34mDEBUG[0m [2methereum_transaction_pool_monitor::eth_client[0m[2m:[0m 📨 Received pending transaction: 0x323b8dbcd96b54f8b1a0b6a988f63668dd55e230116e2ec797db40abf891c5db
[2m2025-12-10T10:08:01.596249Z[0m [34mDEBUG[0m [2methereum_transaction_pool_monitor::eth_client[0m[2m:[0m 📨 Received WebSocket message: {"jsonrpc":"2.0","method":"eth_subscription","params":{"subscription":"0xbed0a0851463e895960a451075a301a9","result":"0x5a1b18b33aee79120809ce7fffd72fb33afb58aeb17f67d99b9e8b2fa6d2a78d"}}
[2m2025-12-10T10:08:01.596253Z[0m [34mDEBUG[0m [2methereum_transaction_pool_monitor::eth_client[0m[2m:[0m 📨 Received pending transaction: 0x5a1b18b33aee79120809ce7fffd72fb33afb58aeb17f67d99b9e8b2fa6d2a78d
[2m2025-12-10T10:08:01.596256Z[0m [34mDEBUG[0m [2methereum_transaction_pool_monitor::eth_client[0m[2m:[0m 📨 Received WebSocket message: {"jsonrpc":"2.0","method":"eth_subscription","params":{"subscription":"0xbed0a0851463e895960a451075a301a9","result":"0x4be96168d2f8d4faf97886cddcd0259cec2708d598c670943868572680bc76f3"}}
[2m2025-12-10T10:08:01.596259Z[0m [34mDEBUG[0m [2methereum_transaction_pool_monitor::eth_client[0m[2m:[0m 📨 Received pending transaction: 0x4be96168d2f8d4faf97886cddcd0259cec2708d598c670943868572680bc76f3
[2m2025-12-10T10:08:01.596262Z[0m [34mDEBUG[0m [2methereum_transaction_pool_monitor::eth_client[0m[2m:[0m 📨 Received WebSocket message: {"jsonrpc":"2.0","method":"eth_subscription","params":{"subscription":"0xbed0a0851463e895960a451075a301a9","result":"0x553c9123c1bd965e224926ee9f278af177869a0aebae3bebef35fd2508bfa44b"}}
[2m2025-12-10T10:08:01.596266Z[0m [34mDEBUG[0m [2methereum_transaction_pool_monitor::eth_client[0m[2m:[0m 📨 Received pending transaction: 0x553c9123c1bd965e224926ee9f278af177869a0aebae3bebef35fd2508bfa44b
[2m2025-12-10T10:08:01.596268Z[0m [34mDEBUG[0m [2methereum_transaction_pool_monitor::eth_client[0m[2m:[0m 📨 Received WebSocket message: {"jsonrpc":"2.0","method":"eth_subscription","params":{"subscription":"0xbed0a0851463e895960a451075a301a9","result":"0x19eaa5fd488fb7cdc3be4f4dc9daf58e6691cf5fbdd06cdc39839eac4296d200"}}
[2m2025-12-10T10:08:01.596272Z[0m [34mDEBUG[0m [2methereum_transaction_pool_monitor::eth_client[0m[2m:[0m 📨 Received pending transaction: 0x19eaa5fd488fb7cdc3be4f4dc9daf58e6691cf5fbdd06cdc39839eac4296d200
[2m2025-12-10T10:08:01.596275Z[0m [34mDEBUG[0m [2methereum_transaction_pool_monitor::eth_client[0m[2m:[0m 📨 Received WebSocket message: {"jsonrpc":"2.0","method":"eth_subscription","params":{"subscription":"0xbed0a0851463e895960a451075a301a9","result":"0x17aa5c30cdbe55dba4d178a33105a1c1a9dc8c6d50d10412b9adeff9c56a462e"}}
[2m2025-12-10T10:08:01.596278Z[0m [34mDEBUG[0m [2methereum_transaction_pool_monitor::eth_client[0m[2m:[0m 📨 Received pending transaction: 0x17aa5c30cdbe55dba4d178a33105a1c1a9dc8c6d50d10412b9adeff9c56a462e
[2m2025-12-10T10:08:01.596283Z[0m [34mDEBUG[0m [2methereum_transaction_pool_monitor::eth_client[0m[2m:[0m 📨 Received WebSocket message: {"jsonrpc":"2.0","method":"eth_subscription","params":{"subscription":"0xbed0a0851463e895960a451075a301a9","result":"0xd64d2eb1c0143babe25c81775a669ce28b110e1cbbd723f7224ad976683be715"}}
[2m2025-12-10T10:08:01.596287Z[0m [34mDEBUG[0m [2methereum_transaction_pool_monitor::eth_client[0m[2m:[0m 📨 Received pending transaction: 0xd64d2eb1c0143babe25c81775a669ce28b110e1cbbd723f7224ad976683be715
[2m2025-12-10T10:08:01.596290Z[0m [34mDEBUG[0m [2methereum_transaction_pool_monitor::eth_client[0m[2m:[0m 📨 Received WebSocket message: {"jsonrpc":"2.0","method":"eth_subscription","params":{"subscription":"0xbed0a0851463e895960a451075a301a9","result":"0xefdd156be4dae4f24d0217152450a0509d5e55e35b36d41f1c6f2d822c6c04eb"}}
[2m2025-12-10T10:08:01.596293Z[0m [34mDEBUG[0m [2methereum_transaction_pool_monitor::eth_client[0m[2m:[0m 📨 Received pending transaction: 0xefdd156be4dae4f24d0217152450a0509d5e55e35b36d41f1c6f2d822c6c04eb
[2m2025-12-10T10:08:01.596296Z[0m [34mDEBUG[0m [2methereum_transaction_pool_monitor::eth_client[0m[2m:[0m 📨 Received WebSocket message: {"jsonrpc":"2.0","method":"eth_subscription","params":{"subscription":"0xbed0a0851463e895960a451075a301a9","result":"0xff6de2daf1bb4272c7ba1efbc694ecb1f153e6d89d86dc7db9efa415034a1674"}}
[2m2025-12-10T10:08:01.596300Z[0m [34mDEBUG[0m [2methereum_transaction_pool_monitor::eth_client[0m[2m:[0m 📨 Received pending transaction: 0xff6de2daf1bb4272c7ba1efbc694ecb1f153e6d89d86dc7db9efa415034a1674
[2m2025-12-10T10:08:01.596302Z[0m [34mDEBUG[0m [2methereum_transaction_pool_monitor::eth_client[0m[2m:[0m 📨 Received WebSocket message: {"jsonrpc":"2.0","method":"eth_subscription","params":{"subscription":"0xbed0a0851463e895960a451075a301a9","result":"0xaff7a5a7e1d61f7c2ec1381f5a63019e591b1bceabd608edb5f875db6fde1735"}}
[2m2025-12-10T10:08:01.596306Z[0m [34mDEBUG[0m [2methereum_transaction_pool_monitor::eth_client[0m[2m:[0m 📨 Received pending transaction: 0xaff7a5a7e1d61f7c2ec1381f5a63019e591b1bceabd608edb5f875db6fde1735
[2m2025-12-10T10:08:01.596309Z[0m [34mDEBUG[0m [2methereum_transaction_pool_monitor::eth_client[0m[2m:[0m 📨 Received WebSocket message: {"jsonrpc":"2.0","method":"eth_subscription","params":{"subscription":"0xbed0a0851463e895960a451075a301a9","result":"0x08904404d1c7a3bde878cfa333b2f3fd4d62a6dc26321f60e52ab021876c2288"}}
[2m2025-12-10T10:08:01.596312Z[0m [34mDEBUG[0m [2methereum_transaction_pool_monitor::eth_client[0m[2m:[0m 📨 Received pending transaction: 0x08904404d1c7a3bde878cfa333b2f3fd4d62a6dc26321f60e52ab021876c2288
[2m2025-12-10T10:08:01.596315Z[0m [34mDEBUG[0m [2methereum_transaction_pool_monitor::eth_client[0m[2m:[0m 📨 Received WebSocket message: {"jsonrpc":"2.0","method":"eth_subscription","params":{"subscription":"0xbed0a0851463e895960a451075a301a9","result":"0x6363be5c2d2edfb61c94fabbacdb7ee29c62b2cebfe9d7c3bcd963014fbfc6cd"}}
[2m2025-12-10T10:08:01.596318Z[0m [34mDEBUG[0m [2methereum_transaction_pool_monitor::eth_client[0m[2m:[0m 📨 Received pending transaction: 0x6363be5c2d2edfb61c94fabbacdb7ee29c62b2cebfe9d7c3bcd963014fbfc6cd
[2m2025-12-10T10:08:01.596321Z[0m [34mDEBUG[0m [2methereum_transaction_pool_monitor::eth_client[0m[2m:[0m 📨 Received WebSocket message: {"jsonrpc":"2.0","method":"eth_subscription","params":{"subscription":"0xbed0a0851463e895960a451075a301a9","result":"0x715d885df4905d0ee34ed57de2f5537cc83ff5a437205f1f67b4278e6882fa11"}}
[2m2025-12-10T10:08:01.596325Z[0m [34mDEBUG[0m [2methereum_transaction_pool_monitor::eth_client[0m[2m:[0m 📨 Received pending transaction: 0x715d885df4905d0ee34ed57de2f5537cc83ff5a437205f1f67b4278e6882fa11
[2m2025-12-10T10:08:01.596329Z[0m [34mDEBUG[0m [2methereum_transaction_pool_monitor::eth_client[0m[2m:[0m 📨 Received WebSocket message: {"jsonrpc":"2.0","method":"eth_subscription","params":{"subscription":"0xbed0a0851463e895960a451075a301a9","result":"0x28abc0426975265ed36f9de5bd285400aa69ea5570f1b62b5b97baf1d5fbed79"}}
[2m2025-12-10T10:08:01.596334Z[0m [34mDEBUG[0m [2methereum_transaction_pool_monitor::eth_client[0m[2m:[0m 📨 Received pending transaction: 0x28abc0426975265ed36f9de5bd285400aa69ea5570f1b62b5b97baf1d5fbed79
[2m2025-12-10T10:08:01.596337Z[0m [34mDEBUG[0m [2methereum_transaction_pool_monitor::eth_client[0m[2m:[0m 📨 Received WebSocket message: {"jsonrpc":"2.0","method":"eth_subscription","params":{"subscription":"0xbed0a0851463e895960a451075a301a9","result":"0x8b26ebf16c6d98d61ee319189bcc161cf0a3ba9a0684d18465c844727b5d525d"}}
[2m2025-12-10T10:08:01.596341Z[0m [34mDEBUG[0m [2methereum_transaction_pool_monitor::eth_client[0m[2m:[0m 📨 Received pending transaction: 0x8b26ebf16c6d98d61ee319189bcc161cf0a3ba9a0684d18465c844727b5d525d
[2m2025-12-10T10:08:01.596344Z[0m [34mDEBUG[0m [2methereum_transaction_pool_monitor::eth_client[0m[2m:[0m 📨 Received WebSocket message: {"jsonrpc":"2.0","method":"eth_subscription","params":{"subscription":"0xbed0a0851463e895960a451075a301a9","result":"0x282f255c24431b4c447c2f450d92c102283f5566f9e772c8302b8995866a7e64"}}
[2m2025-12-10T10:08:01.596347Z[0m [34mDEBUG[0m [2methereum_transaction_pool_monitor::eth_client[0m[2m:[0m 📨 Received pending transaction: 0x282f255c24431b4c447c2f450d92c102283f5566f9e772c8302b8995866a7e64
[2m2025-12-10T10:08:01.596350Z[0m [34mDEBUG[0m [2methereum_transaction_pool_monitor::eth_client[0m[2m:[0m 📨 Received WebSocket message: {"jsonrpc":"2.0","method":"eth_subscription","params":{"subscription":"0xbed0a0851463e895960a451075a301a9","result":"0x2941d1d757c7ef6aee9779de31329ad2e55c3a059ce6d0e6e7b8d871e1d38d9f"}}
[2m2025-12-10T10:08:01.596353Z[0m [34mDEBUG[0m [2methereum_transaction_pool_monitor::eth_client[0m[2m:[0m 📨 Received pending transaction: 0x2941d1d757c7ef6aee9779de31329ad2e55c3a059ce6d0e6e7b8d871e1d38d9f
[2m2025-12-10T10:08:01.596356Z[0m [34mDEBUG[0m [2methereum_transaction_pool_monitor::eth_client[0m[2m:[0m 📨 Received WebSocket message: {"jsonrpc":"2.0","method":"eth_subscription","params":{"subscription":"0xbed0a0851463e895960a451075a301a9","result":"0xe6f7f50bf5ef88b75c420ebe8dc5dfede33763628d62f311f164d8e3e121aa13"}}
[2m2025-12-10T10:08:01.596360Z[0m [34mDEBUG[0m [2methereum_transaction_pool_monitor::eth_client[0m[2m:[0m 📨 Received pending transaction: 0xe6f7f50bf5ef88b75c420ebe8dc5dfede33763628d62f311f164d8e3e121aa13
[2m2025-12-10T10:08:01.596362Z[0m [34mDEBUG[0m [2methereum_transaction_pool_monitor::eth_client[0m[2m:[0m 📨 Received WebSocket message: {"jsonrpc":"2.0","method":"eth_subscription","params":{"subscription":"0xbed0a0851463e895960a451075a301a9","result":"0x44d3ec81b17209cd62ea2488278ca3d9da70b98ca325491aa1b8d1c66ccad01a"}}
[2m2025-12-10T10:08:01.596366Z[0m [34mDEBUG[0m [2methereum_transaction_pool_monitor::eth_client[0m[2m:[0m 📨 Received pending transaction: 0x44d3ec81b17209cd62ea2488278ca3d9da70b98ca325491aa1b8d1c66ccad01a
[2m2025-12-10T10:08:01.596375Z[0m [34mDEBUG[0m [2methereum_transaction_pool_monitor::eth_client[0m[2m:[0m 📨 Received WebSocket message: {"jsonrpc":"2.0","method":"eth_subscription","params":{"subscription":"0xbed0a0851463e895960a451075a301a9","result":"0x6f9a4995226898599cf71f7cae26d244793015400acea08aec67790833eea831"}}
[2m2025-12-10T10:08:01.596380Z[0m [34mDEBUG[0m [2methereum_transaction_pool_monitor::eth_client[0m[2m:[0m 📨 Received pending transaction: 0x6f9a4995226898599cf71f7cae26d244793015400acea08aec67790833eea831
[2m2025-12-10T10:08:01.596383Z[0m [34mDEBUG[0m [2methereum_transaction_pool_monitor::eth_client[0m[2m:[0m 📨 Received WebSocket message: {"jsonrpc":"2.0","method":"eth_subscription","params":{"subscription":"0xbed0a0851463e895960a451075a301a9","result":"0x52934da7b3219e1d43bf2043b2849b1bb6f91e07c40cd90637904f6fce3e0f34"}}
[2m2025-12-10T10:08:01.596386Z[0m [34mDEBUG[0m [2methereum_transaction_pool_monitor::eth_client[0m[2m:[0m 📨 Received pending transaction: 0x52934da7b3219e1d43bf2043b2849b1bb6f91e07c40cd90637904f6fce3e0f34
[2m2025-12-10T10:08:01.596390Z[0m [34mDEBUG[0m [2methereum_transaction_pool_monitor::eth_client[0m[2m:[0m 📨 Received WebSocket message: {"jsonrpc":"2.0","method":"eth_subscription","params":{"subscription":"0xbed0a0851463e895960a451075a301a9","result":"0x68926ee5b0daef0080cc4660351b5129f89f2b99a4b214379a5b85ccdabe2b26"}}
[2m2025-12-10T10:08:01.596394Z[0m [34mDEBUG[0m [2methereum_transaction_pool_monitor::eth_client[0m[2m:[0m 📨 Received pending transaction: 0x68926ee5b0daef0080cc4660351b5129f89f2b99a4b214379a5b85ccdabe2b26
[2m2025-12-10T10:08:01.596397Z[0m [34mDEBUG[0m [2methereum_transaction_pool_monitor::eth_client[0m[2m:[0m 📨 Received WebSocket message: {"jsonrpc":"2.0","method":"eth_subscription","params":{"subscription":"0xbed0a0851463e895960a451075a301a9","result":"0xaeb49453a335f53fbc343e319ac1324ac275d448c9f133bea3f6a00456bc56f0"}}
[2m2025-12-10T10:08:01.596400Z[0m [34mDEBUG[0m [2methereum_transaction_pool_monitor::eth_client[0m[2m:[0m 📨 Received pending transaction: 0xaeb49453a335f53fbc343e319ac1324ac275d448c9f133bea3f6a00456bc56f0
[2m2025-12-10T10:08:01.603521Z[0m [34mDEBUG[0m [2mhyper::proto::h1::io[0m[2m:[0m parsed 4 headers
[2m2025-12-10T10:08:01.606054Z[0m [34mDEBUG[0m [2mhyper::proto::h1::conn[0m[2m:[0m incoming body is content-length (45 bytes)
[2m2025-12-10T10:08:01.606066Z[0m [34mDEBUG[0m [2mhyper::proto::h1::conn[0m[2m:[0m incoming body completed
[2m2025-12-10T10:08:01.606080Z[0m [34mDEBUG[0m [2mhyper::client::pool[0m[2m:[0m pooling idle connection for ("http", 192.168.0.14:8545)
[2m2025-12-10T10:08:01.609122Z[0m [34mDEBUG[0m [2mhyper::proto::h1::io[0m[2m:[0m parsed 4 headers
[2m2025-12-10T10:08:01.609129Z[0m [34mDEBUG[0m [2mhyper::proto::h1::conn[0m[2m:[0m incoming body is content-length (832 bytes)
[2m2025-12-10T10:08:01.609133Z[0m [34mDEBUG[0m [2mhyper::proto::h1::conn[0m[2m:[0m incoming body completed
[2m2025-12-10T10:08:01.609139Z[0m [34mDEBUG[0m [2mhyper::client::pool[0m[2m:[0m pooling idle connection for ("http", 192.168.0.14:8545)
[2m2025-12-10T10:08:01.609144Z[0m [34mDEBUG[0m [2methereum_transaction_pool_monitor::eth_client[0m[2m:[0m 📡 Transaction fetch RPC completed in 13.00275ms
[2m2025-12-10T10:08:01.680522Z[0m [34mDEBUG[0m [2methereum_transaction_pool_monitor::eth_client[0m[2m:[0m ✅ Transaction 0xdad61266cf0d7467e773a95cc6c3af4d79eb98477cdb355292847fd9cbf1797f fetched and parsed in 84.378917ms
[2m2025-12-10T10:08:01.680547Z[0m [34mDEBUG[0m [2methereum_transaction_pool_monitor::mempool_monitor[0m[2m:[0m 🔍 Skipping tx 0xdad61266cf0d7467e773a95cc6c3af4d79eb98477cdb355292847fd9cbf1797f - not a DEX interaction (target: 0x3B4D794a66304F130a4Db8F2551B0070dfCf5ca7)
[2m2025-12-10T10:08:01.680558Z[0m [34mDEBUG[0m [2methereum_transaction_pool_monitor::mempool_monitor[0m[2m:[0m 📨 Processing new pending transaction: 0x84540e8d4f2f6c88c3bbd058b2b5b710124fccfc893bfa2914c3b0614b584655
[2m2025-12-10T10:08:01.680563Z[0m [34mDEBUG[0m [2methereum_transaction_pool_monitor::mempool_monitor[0m[2m:[0m 🔍 Fetching transaction details for: 0x84540e8d4f2f6c88c3bbd058b2b5b710124fccfc893bfa2914c3b0614b584655
[2m2025-12-10T10:08:01.680567Z[0m [34mDEBUG[0m [2methereum_transaction_pool_monitor::eth_client[0m[2m:[0m 🔍 Fetching transaction details for hash: 0x84540e8d4f2f6c88c3bbd058b2b5b710124fccfc893bfa2914c3b0614b584655
[2m2025-12-10T10:08:01.680587Z[0m [34mDEBUG[0m [2mhyper::client::pool[0m[2m:[0m reuse idle connection for ("http", 192.168.0.14:8545)
[2m2025-12-10T10:08:01.680644Z[0m [34mDEBUG[0m [2mhyper::proto::h1::io[0m[2m:[0m flushed 250 bytes
[2m2025-12-10T10:08:01.680664Z[0m [34mDEBUG[0m [2methereum_transaction_pool_monitor::eth_client[0m[2m:[0m 📨 Received WebSocket message: {"jsonrpc":"2.0","method":"eth_subscription","params":{"subscription":"0xbed0a0851463e895960a451075a301a9","result":"0x840421e0c6e51cd0a6f180810f1a4a6e5678a6ebd68caae3249b73242b369a2f"}}
[2m2025-12-10T10:08:01.680671Z[0m [34mDEBUG[0m [2methereum_transaction_pool_monitor::eth_client[0m[2m:[0m 📨 Received pending transaction: 0x840421e0c6e51cd0a6f180810f1a4a6e5678a6ebd68caae3249b73242b369a2f
[2m2025-12-10T10:08:01.680684Z[0m [34mDEBUG[0m [2methereum_transaction_pool_monitor::eth_client[0m[2m:[0m 📨 Received WebSocket message: {"jsonrpc":"2.0","method":"eth_subscription","params":{"subscription":"0xbed0a0851463e895960a451075a301a9","result":"0xe7c8986d5624753010520961df905870e2d8ed22cd4063e7a16005bc715b6de2"}}
[2m2025-12-10T10:08:01.680689Z[0m [34mDEBUG[0m [2methereum_transaction_pool_monitor::eth_client[0m[2m:[0m 📨 Received pending transaction: 0xe7c8986d5624753010520961df905870e2d8ed22cd4063e7a16005bc715b6de2
[2m2025-12-10T10:08:01.685003Z[0m [34mDEBUG[0m [2mhyper::proto::h1::io[0m[2m:[0m parsed 4 headers
[2m2025-12-10T10:08:01.685017Z[0m [34mDEBUG[0m [2mhyper::proto::h1::conn[0m[2m:[0m incoming body is content-length (770 bytes)
[2m2025-12-10T10:08:01.685026Z[0m [34mDEBUG[0m [2mhyper::proto::h1::conn[0m[2m:[0m incoming body completed
[2m2025-12-10T10:08:01.685038Z[0m [34mDEBUG[0m [2mhyper::client::pool[0m[2m:[0m pooling idle connection for ("http", 192.168.0.14:8545)
[2m2025-12-10T10:08:01.685045Z[0m [34mDEBUG[0m [2methereum_transaction_pool_monitor::eth_client[0m[2m:[0m 📡 Transaction fetch RPC completed in 4.474083ms
[2m2025-12-10T10:08:01.685061Z[0m [34mDEBUG[0m [2methereum_transaction_pool_monitor::eth_client[0m[2m:[0m DeFi transaction detected - Address: 0xdac17f958d2ee523a2206206994597c13d831ec7, Type: Stablecoin, Value: 0 ETH, Gas: 0.27 Gwei
[2m2025-12-10T10:08:01.685073Z[0m [34mDEBUG[0m [2methereum_transaction_pool_monitor::eth_client[0m[2m:[0m ✅ Transaction 0x84540e8d4f2f6c88c3bbd058b2b5b710124fccfc893bfa2914c3b0614b584655 fetched and parsed in 4.502875ms
[2m2025-12-10T10:08:01.685079Z[0m [34mDEBUG[0m [2methereum_transaction_pool_monitor::mempool_monitor[0m[2m:[0m 🔍 Skipping tx 0x84540e8d4f2f6c88c3bbd058b2b5b710124fccfc893bfa2914c3b0614b584655 - not a DEX interaction (target: 0xdAC17F958D2ee523a2206206994597C13D831ec7)
[2m2025-12-10T10:08:01.685085Z[0m [34mDEBUG[0m [2methereum_transaction_pool_monitor::mempool_monitor[0m[2m:[0m 📨 Processing new pending transaction: 0x7217fb6111d929673075a920abd82c9f641f0befe8a9058a299633b09fe10ea7
[2m2025-12-10T10:08:01.685088Z[0m [34mDEBUG[0m [2methereum_transaction_pool_monitor::mempool_monitor[0m[2m:[0m 🔍 Fetching transaction details for: 0x7217fb6111d929673075a920abd82c9f641f0befe8a9058a299633b09fe10ea7
[2m2025-12-10T10:08:01.685091Z[0m [34mDEBUG[0m [2methereum_transaction_pool_monitor::eth_client[0m[2m:[0m 🔍 Fetching transaction details for hash: 0x7217fb6111d929673075a920abd82c9f641f0befe8a9058a299633b09fe10ea7
[2m2025-12-10T10:08:01.685105Z[0m [34mDEBUG[0m [2mhyper::client::pool[0m[2m:[0m reuse idle connection for ("http", 192.168.0.14:8545)
[2m2025-12-10T10:08:01.685134Z[0m [34mDEBUG[0m [2mhyper::proto::h1::io[0m[2m:[0m flushed 250 bytes
[2m2025-12-10T10:08:01.691236Z[0m [34mDEBUG[0m [2mhyper::proto::h1::io[0m[2m:[0m parsed 4 headers
[2m2025-12-10T10:08:01.691252Z[0m [34mDEBUG[0m [2mhyper::proto::h1::conn[0m[2m:[0m incoming body is content-length (641 bytes)
[2m2025-12-10T10:08:01.691259Z[0m [34mDEBUG[0m [2mhyper::proto::h1::conn[0m[2m:[0m incoming body completed
[2m2025-12-10T10:08:01.691269Z[0m [34mDEBUG[0m [2mhyper::client::pool[0m[2m:[0m pooling idle connection for ("http", 192.168.0.14:8545)
[2m2025-12-10T10:08:01.691276Z[0m [34mDEBUG[0m [2methereum_transaction_pool_monitor::eth_client[0m[2m:[0m 📡 Transaction fetch RPC completed in 6.182125ms
[2m2025-12-10T10:08:01.762096Z[0m [34mDEBUG[0m [2methereum_transaction_pool_monitor::eth_client[0m[2m:[0m ✅ Transaction 0x7217fb6111d929673075a920abd82c9f641f0befe8a9058a299633b09fe10ea7 fetched and parsed in 76.998875ms
[2m2025-12-10T10:08:01.762123Z[0m [34mDEBUG[0m [2methereum_transaction_pool_monitor::mempool_monitor[0m[2m:[0m 🔍 Skipping tx 0x7217fb6111d929673075a920abd82c9f641f0befe8a9058a299633b09fe10ea7 - not a DEX interaction (target: 0x1A798049Ca9321F6c72C1c5f9C82dBFDC1d28072)
[2m2025-12-10T10:08:01.762139Z[0m [34mDEBUG[0m [2methereum_transaction_pool_monitor::mempool_monitor[0m[2m:[0m 📨 Processing new pending transaction: 0x6dead44f33d722d6364f3d46054cd542844f6c6dfefda3564b0cb9688bfca0ac
[2m2025-12-10T10:08:01.762145Z[0m [34mDEBUG[0m [2methereum_transaction_pool_monitor::mempool_monitor[0m[2m:[0m 🔍 Fetching transaction details for: 0x6dead44f33d722d6364f3d46054cd542844f6c6dfefda3564b0cb9688bfca0ac
[2m2025-12-10T10:08:01.762149Z[0m [34mDEBUG[0m [2methereum_transaction_pool_monitor::eth_client[0m[2m:[0m 🔍 Fetching transaction details for hash: 0x6dead44f33d722d6364f3d46054cd542844f6c6dfefda3564b0cb9688bfca0ac
[2m2025-12-10T10:08:01.762170Z[0m [34mDEBUG[0m [2mhyper::client::pool[0m[2m:[0m reuse idle connection for ("http", 192.168.0.14:8545)
[2m2025-12-10T10:08:01.762229Z[0m [34mDEBUG[0m [2mhyper::proto::h1::io[0m[2m:[0m flushed 250 bytes
[2m2025-12-10T10:08:01.762248Z[0m [34mDEBUG[0m [2mhyper::client::pool[0m[2m:[0m reuse idle connection for ("http", 192.168.0.14:8545)
[2m2025-12-10T10:08:01.762263Z[0m [34mDEBUG[0m [2mhyper::proto::h1::io[0m[2m:[0m flushed 172 bytes
[2m2025-12-10T10:08:01.762263Z[0m [34mDEBUG[0m [2methereum_transaction_pool_monitor::eth_client[0m[2m:[0m 📨 Received WebSocket message: {"jsonrpc":"2.0","method":"eth_subscription","params":{"subscription":"0xbed0a0851463e895960a451075a301a9","result":"0xc9bf3d9219c7fd83f5fe653763fd03477b92b9dcce5401f9736da276c1514098"}}
[2m2025-12-10T10:08:01.762278Z[0m [34mDEBUG[0m [2methereum_transaction_pool_monitor::eth_client[0m[2m:[0m 📨 Received pending transaction: 0xc9bf3d9219c7fd83f5fe653763fd03477b92b9dcce5401f9736da276c1514098
[2m2025-12-10T10:08:01.762284Z[0m [34mDEBUG[0m [2methereum_transaction_pool_monitor::eth_client[0m[2m:[0m 📨 Received WebSocket message: {"jsonrpc":"2.0","method":"eth_subscription","params":{"subscription":"0xbed0a0851463e895960a451075a301a9","result":"0x4fbe8c66661bdde70152255aec93fefe90d407324daa9b303f735353c610aee3"}}
[2m2025-12-10T10:08:01.762289Z[0m [34mDEBUG[0m [2methereum_transaction_pool_monitor::eth_client[0m[2m:[0m 📨 Received pending transaction: 0x4fbe8c66661bdde70152255aec93fefe90d407324daa9b303f735353c610aee3
[2m2025-12-10T10:08:01.762294Z[0m [34mDEBUG[0m [2methereum_transaction_pool_monitor::eth_client[0m[2m:[0m 📨 Received WebSocket message: {"jsonrpc":"2.0","method":"eth_subscription","params":{"subscription":"0xbed0a0851463e895960a451075a301a9","result":"0xdb1de73d6326b16f8e5908b8c7fb9458d7b2e27af08cd80f6480a8a2d6a9c3ee"}}
[2m2025-12-10T10:08:01.762298Z[0m [34mDEBUG[0m [2methereum_transaction_pool_monitor::eth_client[0m[2m:[0m 📨 Received pending transaction: 0xdb1de73d6326b16f8e5908b8c7fb9458d7b2e27af08cd80f6480a8a2d6a9c3ee
[2m2025-12-10T10:08:01.767849Z[0m [34mDEBUG[0m [2mhyper::proto::h1::io[0m[2m:[0m parsed 4 headers
[2m2025-12-10T10:08:01.767856Z[0m [34mDEBUG[0m [2mhyper::proto::h1::conn[0m[2m:[0m incoming body is content-length (642 bytes)
[2m2025-12-10T10:08:01.767863Z[0m [34mDEBUG[0m [2mhyper::proto::h1::conn[0m[2m:[0m incoming body completed
[2m2025-12-10T10:08:01.767872Z[0m [34mDEBUG[0m [2mhyper::client::pool[0m[2m:[0m pooling idle connection for ("http", 192.168.0.14:8545)
[2m2025-12-10T10:08:01.767878Z[0m [34mDEBUG[0m [2methereum_transaction_pool_monitor::eth_client[0m[2m:[0m 📡 Transaction fetch RPC completed in 5.726541ms
[2m2025-12-10T10:08:01.838430Z[0m [34mDEBUG[0m [2methereum_transaction_pool_monitor::eth_client[0m[2m:[0m ✅ Transaction 0x6dead44f33d722d6364f3d46054cd542844f6c6dfefda3564b0cb9688bfca0ac fetched and parsed in 76.27525ms
[2m2025-12-10T10:08:01.838458Z[0m [34mDEBUG[0m [2methereum_transaction_pool_monitor::mempool_monitor[0m[2m:[0m 🔍 Skipping tx 0x6dead44f33d722d6364f3d46054cd542844f6c6dfefda3564b0cb9688bfca0ac - not a DEX interaction (target: 0xD698d8016902De15c28564801D5c15D65C22C727)
[2m2025-12-10T10:08:01.838559Z[0m [34mDEBUG[0m [2methereum_transaction_pool_monitor::mempool_monitor[0m[2m:[0m 📨 Processing new pending transaction: 0x323b8dbcd96b54f8b1a0b6a988f63668dd55e230116e2ec797db40abf891c5db
[2m2025-12-10T10:08:01.838568Z[0m [34mDEBUG[0m [2methereum_transaction_pool_monitor::mempool_monitor[0m[2m:[0m 🔍 Fetching transaction details for: 0x323b8dbcd96b54f8b1a0b6a988f63668dd55e230116e2ec797db40abf891c5db
[2m2025-12-10T10:08:01.838572Z[0m [34mDEBUG[0m [2methereum_transaction_pool_monitor::eth_client[0m[2m:[0m 🔍 Fetching transaction details for hash: 0x323b8dbcd96b54f8b1a0b6a988f63668dd55e230116e2ec797db40abf891c5db
[2m2025-12-10T10:08:01.838595Z[0m [34mDEBUG[0m [2mhyper::client::pool[0m[2m:[0m reuse idle connection for ("http", 192.168.0.14:8545)
[2m2025-12-10T10:08:01.838642Z[0m [34mDEBUG[0m [2mhyper::proto::h1::io[0m[2m:[0m flushed 250 bytes
[2m2025-12-10T10:08:01.838665Z[0m [34mDEBUG[0m [2methereum_transaction_pool_monitor::eth_client[0m[2m:[0m 📨 Received WebSocket message: {"jsonrpc":"2.0","method":"eth_subscription","params":{"subscription":"0xbed0a0851463e895960a451075a301a9","result":"0x8b91d3fdc5e781174a10b296d4ac4ba0667a9acff2720d34968b9ef659a9676f"}}
[2m2025-12-10T10:08:01.838673Z[0m [34mDEBUG[0m [2methereum_transaction_pool_monitor::eth_client[0m[2m:[0m 📨 Received pending transaction: 0x8b91d3fdc5e781174a10b296d4ac4ba0667a9acff2720d34968b9ef659a9676f
[2m2025-12-10T10:08:01.838692Z[0m [34mDEBUG[0m [2mhyper::proto::h1::io[0m[2m:[0m parsed 4 headers
[2m2025-12-10T10:08:01.838696Z[0m [34mDEBUG[0m [2mhyper::proto::h1::conn[0m[2m:[0m incoming body is content-length (45 bytes)
[2m2025-12-10T10:08:01.838704Z[0m [34mDEBUG[0m [2mhyper::proto::h1::conn[0m[2m:[0m incoming body completed
[2m2025-12-10T10:08:01.838711Z[0m [34mDEBUG[0m [2mhyper::client::pool[0m[2m:[0m pooling idle connection for ("http", 192.168.0.14:8545)
[2m2025-12-10T10:08:01.838727Z[0m [34mDEBUG[0m [2mhyper::client::pool[0m[2m:[0m reuse idle connection for ("http", 192.168.0.14:8545)
[2m2025-12-10T10:08:01.838740Z[0m [34mDEBUG[0m [2mhyper::proto::h1::io[0m[2m:[0m flushed 172 bytes
[2m2025-12-10T10:08:01.845733Z[0m [34mDEBUG[0m [2mhyper::proto::h1::io[0m[2m:[0m parsed 4 headers
[2m2025-12-10T10:08:01.845742Z[0m [34mDEBUG[0m [2mhyper::proto::h1::conn[0m[2m:[0m incoming body is content-length (1060 bytes)
[2m2025-12-10T10:08:01.845749Z[0m [34mDEBUG[0m [2mhyper::proto::h1::conn[0m[2m:[0m incoming body completed
[2m2025-12-10T10:08:01.845760Z[0m [34mDEBUG[0m [2mhyper::client::pool[0m[2m:[0m pooling idle connection for ("http", 192.168.0.14:8545)
[2m2025-12-10T10:08:01.845766Z[0m [34mDEBUG[0m [2methereum_transaction_pool_monitor::eth_client[0m[2m:[0m 📡 Transaction fetch RPC completed in 7.189833ms
[2m2025-12-10T10:08:01.845784Z[0m [34mDEBUG[0m [2methereum_transaction_pool_monitor::eth_client[0m[2m:[0m DeFi transaction detected - Address: 0xe592427a0aece92de3edee1f18e0157c05861564, Type: DexRouter, Value: 0 ETH, Gas: 0.21 Gwei
[2m2025-12-10T10:08:01.845801Z[0m [34mDEBUG[0m [2methereum_transaction_pool_monitor::eth_client[0m[2m:[0m ✅ Transaction 0x323b8dbcd96b54f8b1a0b6a988f63668dd55e230116e2ec797db40abf891c5db fetched and parsed in 7.224375ms
[2m2025-12-10T10:08:01.845807Z[0m [34mDEBUG[0m [2methereum_transaction_pool_monitor::mempool_monitor[0m[2m:[0m 🔍 Skipping tx 0x323b8dbcd96b54f8b1a0b6a988f63668dd55e230116e2ec797db40abf891c5db - not a DEX interaction (target: 0xE592427A0AEce92De3Edee1F18E0157C05861564)
[2m2025-12-10T10:08:01.845823Z[0m [34mDEBUG[0m [2methereum_transaction_pool_monitor::mempool_monitor[0m[2m:[0m 📨 Processing new pending transaction: 0x5a1b18b33aee79120809ce7fffd72fb33afb58aeb17f67d99b9e8b2fa6d2a78d
[2m2025-12-10T10:08:01.845826Z[0m [34mDEBUG[0m [2methereum_transaction_pool_monitor::mempool_monitor[0m[2m:[0m 🔍 Fetching transaction details for: 0x5a1b18b33aee79120809ce7fffd72fb33afb58aeb17f67d99b9e8b2fa6d2a78d
[2m2025-12-10T10:08:01.845832Z[0m [34mDEBUG[0m [2methereum_transaction_pool_monitor::eth_client[0m[2m:[0m 🔍 Fetching transaction details for hash: 0x5a1b18b33aee79120809ce7fffd72fb33afb58aeb17f67d99b9e8b2fa6d2a78d
[2m2025-12-10T10:08:01.845845Z[0m [34mDEBUG[0m [2mhyper::client::pool[0m[2m:[0m reuse idle connection for ("http", 192.168.0.14:8545)
[2m2025-12-10T10:08:01.845863Z[0m [34mDEBUG[0m [2mhyper::proto::h1::io[0m[2m:[0m flushed 250 bytes
[2m2025-12-10T10:08:01.845873Z[0m [34mDEBUG[0m [2mhyper::proto::h1::io[0m[2m:[0m parsed 4 headers
[2m2025-12-10T10:08:01.845876Z[0m [34mDEBUG[0m [2mhyper::proto::h1::conn[0m[2m:[0m incoming body is content-length (45 bytes)
[2m2025-12-10T10:08:01.845881Z[0m [34mDEBUG[0m [2mhyper::proto::h1::conn[0m[2m:[0m incoming body completed
[2m2025-12-10T10:08:01.845886Z[0m [34mDEBUG[0m [2mhyper::client::pool[0m[2m:[0m pooling idle connection for ("http", 192.168.0.14:8545)
[2m2025-12-10T10:08:01.854031Z[0m [34mDEBUG[0m [2mhyper::proto::h1::io[0m[2m:[0m parsed 4 headers
[2m2025-12-10T10:08:01.854039Z[0m [34mDEBUG[0m [2mhyper::proto::h1::conn[0m[2m:[0m incoming body is content-length (767 bytes)
[2m2025-12-10T10:08:01.854045Z[0m [34mDEBUG[0m [2mhyper::proto::h1::conn[0m[2m:[0m incoming body completed
[2m2025-12-10T10:08:01.854052Z[0m [34mDEBUG[0m [2mhyper::client::pool[0m[2m:[0m pooling idle connection for ("http", 192.168.0.14:8545)
[2m2025-12-10T10:08:01.854057Z[0m [34mDEBUG[0m [2methereum_transaction_pool_monitor::eth_client[0m[2m:[0m 📡 Transaction fetch RPC completed in 8.221833ms
[2m2025-12-10T10:08:01.924947Z[0m [34mDEBUG[0m [2methereum_transaction_pool_monitor::eth_client[0m[2m:[0m ✅ Transaction 0x5a1b18b33aee79120809ce7fffd72fb33afb58aeb17f67d99b9e8b2fa6d2a78d fetched and parsed in 79.10875ms
[2m2025-12-10T10:08:01.924970Z[0m [34mDEBUG[0m [2methereum_transaction_pool_monitor::mempool_monitor[0m[2m:[0m 🔍 Skipping tx 0x5a1b18b33aee79120809ce7fffd72fb33afb58aeb17f67d99b9e8b2fa6d2a78d - not a DEX interaction (target: 0xA0b86991c6218b36c1d19D4a2e9Eb0cE3606eB48)
[2m2025-12-10T10:08:01.924979Z[0m [34mDEBUG[0m [2methereum_transaction_pool_monitor::mempool_monitor[0m[2m:[0m 📨 Processing new pending transaction: 0x4be96168d2f8d4faf97886cddcd0259cec2708d598c670943868572680bc76f3
[2m2025-12-10T10:08:01.924984Z[0m [34mDEBUG[0m [2methereum_transaction_pool_monitor::mempool_monitor[0m[2m:[0m 🔍 Fetching transaction details for: 0x4be96168d2f8d4faf97886cddcd0259cec2708d598c670943868572680bc76f3
[2m2025-12-10T10:08:01.924988Z[0m [34mDEBUG[0m [2methereum_transaction_pool_monitor::eth_client[0m[2m:[0m 🔍 Fetching transaction details for hash: 0x4be96168d2f8d4faf97886cddcd0259cec2708d598c670943868572680bc76f3
[2m2025-12-10T10:08:01.925007Z[0m [34mDEBUG[0m [2mhyper::client::pool[0m[2m:[0m reuse idle connection for ("http", 192.168.0.14:8545)
[2m2025-12-10T10:08:01.925060Z[0m [34mDEBUG[0m [2mhyper::proto::h1::io[0m[2m:[0m flushed 250 bytes
[2m2025-12-10T10:08:01.925087Z[0m [34mDEBUG[0m [2mhyper::client::pool[0m[2m:[0m reuse idle connection for ("http", 192.168.0.14:8545)
[2m2025-12-10T10:08:01.925101Z[0m [34mDEBUG[0m [2mhyper::proto::h1::io[0m[2m:[0m flushed 172 bytes
[2m2025-12-10T10:08:01.929639Z[0m [34mDEBUG[0m [2mhyper::proto::h1::io[0m[2m:[0m parsed 4 headers
[2m2025-12-10T10:08:01.929665Z[0m [34mDEBUG[0m [2mhyper::proto::h1::conn[0m[2m:[0m incoming body is content-length (45 bytes)
[2m2025-12-10T10:08:01.929690Z[0m [34mDEBUG[0m [2mhyper::proto::h1::conn[0m[2m:[0m incoming body completed
[2m2025-12-10T10:08:01.929701Z[0m [34mDEBUG[0m [2mhyper::client::pool[0m[2m:[0m pooling idle connection for ("http", 192.168.0.14:8545)
[2m2025-12-10T10:08:01.930719Z[0m [34mDEBUG[0m [2mhyper::proto::h1::io[0m[2m:[0m parsed 4 headers
[2m2025-12-10T10:08:01.930757Z[0m [34mDEBUG[0m [2mhyper::proto::h1::conn[0m[2m:[0m incoming body is content-length (763 bytes)
[2m2025-12-10T10:08:01.930770Z[0m [34mDEBUG[0m [2mhyper::proto::h1::conn[0m[2m:[0m incoming body completed
[2m2025-12-10T10:08:01.930776Z[0m [34mDEBUG[0m [2mhyper::client::pool[0m[2m:[0m pooling idle connection for ("http", 192.168.0.14:8545)
[2m2025-12-10T10:08:01.930781Z[0m [34mDEBUG[0m [2methereum_transaction_pool_monitor::eth_client[0m[2m:[0m 📡 Transaction fetch RPC completed in 5.789375ms
[2m2025-12-10T10:08:01.930796Z[0m [34mDEBUG[0m [2methereum_transaction_pool_monitor::eth_client[0m[2m:[0m DeFi transaction detected - Address: 0xdac17f958d2ee523a2206206994597c13d831ec7, Type: Stablecoin, Value: 0 ETH, Gas: 0.21 Gwei
[2m2025-12-10T10:08:01.930811Z[0m [34mDEBUG[0m [2methereum_transaction_pool_monitor::eth_client[0m[2m:[0m ✅ Transaction 0x4be96168d2f8d4faf97886cddcd0259cec2708d598c670943868572680bc76f3 fetched and parsed in 5.819125ms
[2m2025-12-10T10:08:01.930816Z[0m [34mDEBUG[0m [2methereum_transaction_pool_monitor::mempool_monitor[0m[2m:[0m 🔍 Skipping tx 0x4be96168d2f8d4faf97886cddcd0259cec2708d598c670943868572680bc76f3 - not a DEX interaction (target: 0xdAC17F958D2ee523a2206206994597C13D831ec7)
[2m2025-12-10T10:08:01.930823Z[0m [34mDEBUG[0m [2methereum_transaction_pool_monitor::mempool_monitor[0m[2m:[0m 📨 Processing new pending transaction: 0x553c9123c1bd965e224926ee9f278af177869a0aebae3bebef35fd2508bfa44b
[2m2025-12-10T10:08:01.930826Z[0m [34mDEBUG[0m [2methereum_transaction_pool_monitor::mempool_monitor[0m[2m:[0m 🔍 Fetching transaction details for: 0x553c9123c1bd965e224926ee9f278af177869a0aebae3bebef35fd2508bfa44b
[2m2025-12-10T10:08:01.930829Z[0m [34mDEBUG[0m [2methereum_transaction_pool_monitor::eth_client[0m[2m:[0m 🔍 Fetching transaction details for hash: 0x553c9123c1bd965e224926ee9f278af177869a0aebae3bebef35fd2508bfa44b
[2m2025-12-10T10:08:01.930842Z[0m [34mDEBUG[0m [2mhyper::client::pool[0m[2m:[0m reuse idle connection for ("http", 192.168.0.14:8545)
[2m2025-12-10T10:08:01.930866Z[0m [34mDEBUG[0m [2mhyper::proto::h1::io[0m[2m:[0m flushed 250 bytes
[2m2025-12-10T10:08:01.936197Z[0m [34mDEBUG[0m [2mhyper::proto::h1::io[0m[2m:[0m parsed 4 headers
[2m2025-12-10T10:08:01.936208Z[0m [34mDEBUG[0m [2mhyper::proto::h1::conn[0m[2m:[0m incoming body is content-length (830 bytes)
[2m2025-12-10T10:08:01.936213Z[0m [34mDEBUG[0m [2mhyper::proto::h1::conn[0m[2m:[0m incoming body completed
[2m2025-12-10T10:08:01.936219Z[0m [34mDEBUG[0m [2mhyper::client::pool[0m[2m:[0m pooling idle connection for ("http", 192.168.0.14:8545)
[2m2025-12-10T10:08:01.936224Z[0m [34mDEBUG[0m [2methereum_transaction_pool_monitor::eth_client[0m[2m:[0m 📡 Transaction fetch RPC completed in 5.391959ms
[2m2025-12-10T10:08:02.007925Z[0m [34mDEBUG[0m [2methereum_transaction_pool_monitor::eth_client[0m[2m:[0m ✅ Transaction 0x553c9123c1bd965e224926ee9f278af177869a0aebae3bebef35fd2508bfa44b fetched and parsed in 77.090375ms
[2m2025-12-10T10:08:02.007949Z[0m [34mDEBUG[0m [2methereum_transaction_pool_monitor::mempool_monitor[0m[2m:[0m 🔍 Skipping tx 0x553c9123c1bd965e224926ee9f278af177869a0aebae3bebef35fd2508bfa44b - not a DEX interaction (target: 0x3B4D794a66304F130a4Db8F2551B0070dfCf5ca7)
[2m2025-12-10T10:08:02.007958Z[0m [34mDEBUG[0m [2methereum_transaction_pool_monitor::mempool_monitor[0m[2m:[0m 📨 Processing new pending transaction: 0x19eaa5fd488fb7cdc3be4f4dc9daf58e6691cf5fbdd06cdc39839eac4296d200
[2m2025-12-10T10:08:02.007963Z[0m [34mDEBUG[0m [2methereum_transaction_pool_monitor::mempool_monitor[0m[2m:[0m 🔍 Fetching transaction details for: 0x19eaa5fd488fb7cdc3be4f4dc9daf58e6691cf5fbdd06cdc39839eac4296d200
[2m2025-12-10T10:08:02.007967Z[0m [34mDEBUG[0m [2methereum_transaction_pool_monitor::eth_client[0m[2m:[0m 🔍 Fetching transaction details for hash: 0x19eaa5fd488fb7cdc3be4f4dc9daf58e6691cf5fbdd06cdc39839eac4296d200
[2m2025-12-10T10:08:02.007990Z[0m [34mDEBUG[0m [2mhyper::client::pool[0m[2m:[0m reuse idle connection for ("http", 192.168.0.14:8545)
[2m2025-12-10T10:08:02.008037Z[0m [34mDEBUG[0m [2mhyper::proto::h1::io[0m[2m:[0m flushed 250 bytes
[2m2025-12-10T10:08:02.008066Z[0m [34mDEBUG[0m [2mhyper::client::pool[0m[2m:[0m reuse idle connection for ("http", 192.168.0.14:8545)
[2m2025-12-10T10:08:02.008080Z[0m [34mDEBUG[0m [2mhyper::proto::h1::io[0m[2m:[0m flushed 172 bytes
[2m2025-12-10T10:08:02.016890Z[0m [34mDEBUG[0m [2mhyper::proto::h1::io[0m[2m:[0m parsed 4 headers
[2m2025-12-10T10:08:02.016899Z[0m [34mDEBUG[0m [2mhyper::proto::h1::conn[0m[2m:[0m incoming body is content-length (830 bytes)
[2m2025-12-10T10:08:02.016905Z[0m [34mDEBUG[0m [2mhyper::proto::h1::conn[0m[2m:[0m incoming body completed
[2m2025-12-10T10:08:02.016913Z[0m [34mDEBUG[0m [2mhyper::client::pool[0m[2m:[0m pooling idle connection for ("http", 192.168.0.14:8545)
[2m2025-12-10T10:08:02.016919Z[0m [34mDEBUG[0m [2methereum_transaction_pool_monitor::eth_client[0m[2m:[0m 📡 Transaction fetch RPC completed in 8.94775ms
[2m2025-12-10T10:08:02.087645Z[0m [34mDEBUG[0m [2methereum_transaction_pool_monitor::eth_client[0m[2m:[0m ✅ Transaction 0x19eaa5fd488fb7cdc3be4f4dc9daf58e6691cf5fbdd06cdc39839eac4296d200 fetched and parsed in 79.672167ms
[2m2025-12-10T10:08:02.087671Z[0m [34mDEBUG[0m [2methereum_transaction_pool_monitor::mempool_monitor[0m[2m:[0m 🔍 Skipping tx 0x19eaa5fd488fb7cdc3be4f4dc9daf58e6691cf5fbdd06cdc39839eac4296d200 - not a DEX interaction (target: 0x3B4D794a66304F130a4Db8F2551B0070dfCf5ca7)
[2m2025-12-10T10:08:02.087680Z[0m [34mDEBUG[0m [2methereum_transaction_pool_monitor::mempool_monitor[0m[2m:[0m 📨 Processing new pending transaction: 0x17aa5c30cdbe55dba4d178a33105a1c1a9dc8c6d50d10412b9adeff9c56a462e
[2m2025-12-10T10:08:02.087687Z[0m [34mDEBUG[0m [2methereum_transaction_pool_monitor::mempool_monitor[0m[2m:[0m 🔍 Fetching transaction details for: 0x17aa5c30cdbe55dba4d178a33105a1c1a9dc8c6d50d10412b9adeff9c56a462e
[2m2025-12-10T10:08:02.087691Z[0m [34mDEBUG[0m [2methereum_transaction_pool_monitor::eth_client[0m[2m:[0m 🔍 Fetching transaction details for hash: 0x17aa5c30cdbe55dba4d178a33105a1c1a9dc8c6d50d10412b9adeff9c56a462e
[2m2025-12-10T10:08:02.087710Z[0m [34mDEBUG[0m [2mhyper::client::pool[0m[2m:[0m reuse idle connection for ("http", 192.168.0.14:8545)
[2m2025-12-10T10:08:02.087753Z[0m [34mDEBUG[0m [2mhyper::proto::h1::io[0m[2m:[0m flushed 250 bytes
[2m2025-12-10T10:08:02.087778Z[0m [34mDEBUG[0m [2methereum_transaction_pool_monitor::eth_client[0m[2m:[0m 📨 Received WebSocket message: {"jsonrpc":"2.0","method":"eth_subscription","params":{"subscription":"0xbed0a0851463e895960a451075a301a9","result":"0x957262effc638a26442dee3bb3cf0736321d3dc4b775264aaf519482e886d8a2"}}
[2m2025-12-10T10:08:02.087786Z[0m [34mDEBUG[0m [2methereum_transaction_pool_monitor::eth_client[0m[2m:[0m 📨 Received pending transaction: 0x957262effc638a26442dee3bb3cf0736321d3dc4b775264aaf519482e886d8a2
[2m2025-12-10T10:08:02.087792Z[0m [34mDEBUG[0m [2methereum_transaction_pool_monitor::eth_client[0m[2m:[0m 📨 Received WebSocket message: {"jsonrpc":"2.0","method":"eth_subscription","params":{"subscription":"0xbed0a0851463e895960a451075a301a9","result":"0x3caa387349b243ead8a52bdafc70984d61f423bb1b169ed9d77920595c386666"}}
[2m2025-12-10T10:08:02.087797Z[0m [34mDEBUG[0m [2methereum_transaction_pool_monitor::eth_client[0m[2m:[0m 📨 Received pending transaction: 0x3caa387349b243ead8a52bdafc70984d61f423bb1b169ed9d77920595c386666
[2m2025-12-10T10:08:02.087802Z[0m [34mDEBUG[0m [2methereum_transaction_pool_monitor::eth_client[0m[2m:[0m 📨 Received WebSocket message: {"jsonrpc":"2.0","method":"eth_subscription","params":{"subscription":"0xbed0a0851463e895960a451075a301a9","result":"0x760d01696399984311a392bd9091273e9b212379ee86753ca26ed5016ca2c977"}}
[2m2025-12-10T10:08:02.087811Z[0m [34mDEBUG[0m [2methereum_transaction_pool_monitor::eth_client[0m[2m:[0m 📨 Received pending transaction: 0x760d01696399984311a392bd9091273e9b212379ee86753ca26ed5016ca2c977
[2m2025-12-10T10:08:02.087814Z[0m [34mDEBUG[0m [2mhyper::proto::h1::io[0m[2m:[0m parsed 4 headers
[2m2025-12-10T10:08:02.087823Z[0m [34mDEBUG[0m [2methereum_transaction_pool_monitor::eth_client[0m[2m:[0m 📨 Received WebSocket message: {"jsonrpc":"2.0","method":"eth_subscription","params":{"subscription":"0xbed0a0851463e895960a451075a301a9","result":"0x558148072ba80f67e10c4dd75f48e5a711b73c9078562f9c024ccfa7658536ab"}}
[2m2025-12-10T10:08:02.087850Z[0m [34mDEBUG[0m [2mhyper::proto::h1::conn[0m[2m:[0m incoming body is content-length (45 bytes)
[2m2025-12-10T10:08:02.087881Z[0m [34mDEBUG[0m [2methereum_transaction_pool_monitor::eth_client[0m[2m:[0m 📨 Received pending transaction: 0x558148072ba80f67e10c4dd75f48e5a711b73c9078562f9c024ccfa7658536ab
[2m2025-12-10T10:08:02.087886Z[0m [34mDEBUG[0m [2mhyper::proto::h1::conn[0m[2m:[0m incoming body completed
[2m2025-12-10T10:08:02.087886Z[0m [34mDEBUG[0m [2methereum_transaction_pool_monitor::eth_client[0m[2m:[0m 📨 Received WebSocket message: {"jsonrpc":"2.0","method":"eth_subscription","params":{"subscription":"0xbed0a0851463e895960a451075a301a9","result":"0xfdfeb530c3801d6f89410e51306edeaf028828738b41caa3f01f93141d677aa5"}}
[2m2025-12-10T10:08:02.087896Z[0m [34mDEBUG[0m [2methereum_transaction_pool_monitor::eth_client[0m[2m:[0m 📨 Received pending transaction: 0xfdfeb530c3801d6f89410e51306edeaf028828738b41caa3f01f93141d677aa5
[2m2025-12-10T10:08:02.087897Z[0m [34mDEBUG[0m [2mhyper::client::pool[0m[2m:[0m pooling idle connection for ("http", 192.168.0.14:8545)
[2m2025-12-10T10:08:02.095781Z[0m [34mDEBUG[0m [2mhyper::proto::h1::io[0m[2m:[0m parsed 4 headers
[2m2025-12-10T10:08:02.095793Z[0m [34mDEBUG[0m [2mhyper::proto::h1::conn[0m[2m:[0m incoming body is content-length (830 bytes)
[2m2025-12-10T10:08:02.095780Z[0m [34mDEBUG[0m [2mhyper::client::pool[0m[2m:[0m reuse idle connection for ("http", 192.168.0.14:8545)
[2m2025-12-10T10:08:02.095802Z[0m [34mDEBUG[0m [2mhyper::proto::h1::conn[0m[2m:[0m incoming body completed
[2m2025-12-10T10:08:02.095813Z[0m [34mDEBUG[0m [2mhyper::client::pool[0m[2m:[0m pooling idle connection for ("http", 192.168.0.14:8545)
[2m2025-12-10T10:08:02.095818Z[0m [34mDEBUG[0m [2methereum_transaction_pool_monitor::eth_client[0m[2m:[0m 📡 Transaction fetch RPC completed in 8.123667ms
[2m2025-12-10T10:08:02.095828Z[0m [34mDEBUG[0m [2mhyper::proto::h1::io[0m[2m:[0m flushed 172 bytes
[2m2025-12-10T10:08:02.101263Z[0m [34mDEBUG[0m [2mhyper::proto::h1::io[0m[2m:[0m parsed 4 headers
[2m2025-12-10T10:08:02.101301Z[0m [34mDEBUG[0m [2mhyper::proto::h1::conn[0m[2m:[0m incoming body is content-length (45 bytes)
[2m2025-12-10T10:08:02.101316Z[0m [34mDEBUG[0m [2mhyper::proto::h1::conn[0m[2m:[0m incoming body completed
[2m2025-12-10T10:08:02.101336Z[0m [34mDEBUG[0m [2mhyper::client::pool[0m[2m:[0m pooling idle connection for ("http", 192.168.0.14:8545)
[2m2025-12-10T10:08:02.151026Z[0m [34mDEBUG[0m [2methereum_transaction_pool_monitor::eth_client[0m[2m:[0m 📨 Received WebSocket message: {"jsonrpc":"2.0","method":"eth_subscription","params":{"subscription":"0xbed0a0851463e895960a451075a301a9","result":"0x672a274f0c4f272198ad192e20710c1c4914dd1a6658d8f90586a60ed25f4c73"}}
[2m2025-12-10T10:08:02.151050Z[0m [34mDEBUG[0m [2methereum_transaction_pool_monitor::eth_client[0m[2m:[0m 📨 Received pending transaction: 0x672a274f0c4f272198ad192e20710c1c4914dd1a6658d8f90586a60ed25f4c73
[2m2025-12-10T10:08:02.163426Z[0m [34mDEBUG[0m [2methereum_transaction_pool_monitor::eth_client[0m[2m:[0m ✅ Transaction 0x17aa5c30cdbe55dba4d178a33105a1c1a9dc8c6d50d10412b9adeff9c56a462e fetched and parsed in 75.7285ms
[2m2025-12-10T10:08:02.163444Z[0m [34mDEBUG[0m [2methereum_transaction_pool_monitor::mempool_monitor[0m[2m:[0m 🔍 Skipping tx 0x17aa5c30cdbe55dba4d178a33105a1c1a9dc8c6d50d10412b9adeff9c56a462e - not a DEX interaction (target: 0x3B4D794a66304F130a4Db8F2551B0070dfCf5ca7)
[2m2025-12-10T10:08:02.163461Z[0m [34mDEBUG[0m [2methereum_transaction_pool_monitor::mempool_monitor[0m[2m:[0m 📨 Processing new pending transaction: 0xd64d2eb1c0143babe25c81775a669ce28b110e1cbbd723f7224ad976683be715
[2m2025-12-10T10:08:02.163467Z[0m [34mDEBUG[0m [2methereum_transaction_pool_monitor::mempool_monitor[0m[2m:[0m 🔍 Fetching transaction details for: 0xd64d2eb1c0143babe25c81775a669ce28b110e1cbbd723f7224ad976683be715
[2m2025-12-10T10:08:02.163471Z[0m [34mDEBUG[0m [2methereum_transaction_pool_monitor::eth_client[0m[2m:[0m 🔍 Fetching transaction details for hash: 0xd64d2eb1c0143babe25c81775a669ce28b110e1cbbd723f7224ad976683be715
[2m2025-12-10T10:08:02.163487Z[0m [34mDEBUG[0m [2mhyper::client::pool[0m[2m:[0m reuse idle connection for ("http", 192.168.0.14:8545)
[2m2025-12-10T10:08:02.163538Z[0m [34mDEBUG[0m [2mhyper::proto::h1::io[0m[2m:[0m flushed 250 bytes
[2m2025-12-10T10:08:02.170896Z[0m [34mDEBUG[0m [2mhyper::proto::h1::io[0m[2m:[0m parsed 4 headers
[2m2025-12-10T10:08:02.170906Z[0m [34mDEBUG[0m [2mhyper::proto::h1::conn[0m[2m:[0m incoming body is content-length (830 bytes)
[2m2025-12-10T10:08:02.170913Z[0m [34mDEBUG[0m [2mhyper::proto::h1::conn[0m[2m:[0m incoming body completed
[2m2025-12-10T10:08:02.170923Z[0m [34mDEBUG[0m [2mhyper::client::pool[0m[2m:[0m pooling idle connection for ("http", 192.168.0.14:8545)
[2m2025-12-10T10:08:02.170928Z[0m [34mDEBUG[0m [2methereum_transaction_pool_monitor::eth_client[0m[2m:[0m 📡 Transaction fetch RPC completed in 7.454083ms
[2m2025-12-10T10:08:02.240144Z[0m [34mDEBUG[0m [2methereum_transaction_pool_monitor::eth_client[0m[2m:[0m ✅ Transaction 0xd64d2eb1c0143babe25c81775a669ce28b110e1cbbd723f7224ad976683be715 fetched and parsed in 76.6675ms
[2m2025-12-10T10:08:02.240167Z[0m [34mDEBUG[0m [2methereum_transaction_pool_monitor::mempool_monitor[0m[2m:[0m 🔍 Skipping tx 0xd64d2eb1c0143babe25c81775a669ce28b110e1cbbd723f7224ad976683be715 - not a DEX interaction (target: 0x3B4D794a66304F130a4Db8F2551B0070dfCf5ca7)
[2m2025-12-10T10:08:02.240176Z[0m [34mDEBUG[0m [2methereum_transaction_pool_monitor::mempool_monitor[0m[2m:[0m 📨 Processing new pending transaction: 0xefdd156be4dae4f24d0217152450a0509d5e55e35b36d41f1c6f2d822c6c04eb
[2m2025-12-10T10:08:02.240183Z[0m [34mDEBUG[0m [2methereum_transaction_pool_monitor::mempool_monitor[0m[2m:[0m 🔍 Fetching transaction details for: 0xefdd156be4dae4f24d0217152450a0509d5e55e35b36d41f1c6f2d822c6c04eb
[2m2025-12-10T10:08:02.240187Z[0m [34mDEBUG[0m [2methereum_transaction_pool_monitor::eth_client[0m[2m:[0m 🔍 Fetching transaction details for hash: 0xefdd156be4dae4f24d0217152450a0509d5e55e35b36d41f1c6f2d822c6c04eb
[2m2025-12-10T10:08:02.240205Z[0m [34mDEBUG[0m [2mhyper::client::pool[0m[2m:[0m reuse idle connection for ("http", 192.168.0.14:8545)
[2m2025-12-10T10:08:02.240252Z[0m [34mDEBUG[0m [2mhyper::proto::h1::io[0m[2m:[0m flushed 250 bytes
[2m2025-12-10T10:08:02.240284Z[0m [34mDEBUG[0m [2mhyper::client::pool[0m[2m:[0m reuse idle connection for ("http", 192.168.0.14:8545)
[2m2025-12-10T10:08:02.240301Z[0m [34mDEBUG[0m [2mhyper::proto::h1::io[0m[2m:[0m flushed 172 bytes
[2m2025-12-10T10:08:02.245736Z[0m [34mDEBUG[0m [2mhyper::proto::h1::io[0m[2m:[0m parsed 4 headers
[2m2025-12-10T10:08:02.245748Z[0m [34mDEBUG[0m [2mhyper::proto::h1::conn[0m[2m:[0m incoming body is content-length (45 bytes)
[2m2025-12-10T10:08:02.245755Z[0m [34mDEBUG[0m [2mhyper::proto::h1::conn[0m[2m:[0m incoming body completed
[2m2025-12-10T10:08:02.245764Z[0m [34mDEBUG[0m [2mhyper::client::pool[0m[2m:[0m pooling idle connection for ("http", 192.168.0.14:8545)
[2m2025-12-10T10:08:02.247157Z[0m [34mDEBUG[0m [2mhyper::proto::h1::io[0m[2m:[0m parsed 4 headers
[2m2025-12-10T10:08:02.247164Z[0m [34mDEBUG[0m [2mhyper::proto::h1::conn[0m[2m:[0m incoming body is content-length (830 bytes)
[2m2025-12-10T10:08:02.247168Z[0m [34mDEBUG[0m [2mhyper::proto::h1::conn[0m[2m:[0m incoming body completed
[2m2025-12-10T10:08:02.247183Z[0m [34mDEBUG[0m [2mhyper::client::pool[0m[2m:[0m pooling idle connection for ("http", 192.168.0.14:8545)
[2m2025-12-10T10:08:02.247188Z[0m [34mDEBUG[0m [2methereum_transaction_pool_monitor::eth_client[0m[2m:[0m 📡 Transaction fetch RPC completed in 6.997292ms
[2m2025-12-10T10:08:02.318806Z[0m [34mDEBUG[0m [2methereum_transaction_pool_monitor::eth_client[0m[2m:[0m ✅ Transaction 0xefdd156be4dae4f24d0217152450a0509d5e55e35b36d41f1c6f2d822c6c04eb fetched and parsed in 78.612209ms
[2m2025-12-10T10:08:02.318830Z[0m [34mDEBUG[0m [2methereum_transaction_pool_monitor::mempool_monitor[0m[2m:[0m 🔍 Skipping tx 0xefdd156be4dae4f24d0217152450a0509d5e55e35b36d41f1c6f2d822c6c04eb - not a DEX interaction (target: 0x3B4D794a66304F130a4Db8F2551B0070dfCf5ca7)
[2m2025-12-10T10:08:02.318840Z[0m [34mDEBUG[0m [2methereum_transaction_pool_monitor::mempool_monitor[0m[2m:[0m 📨 Processing new pending transaction: 0xff6de2daf1bb4272c7ba1efbc694ecb1f153e6d89d86dc7db9efa415034a1674
[2m2025-12-10T10:08:02.318845Z[0m [34mDEBUG[0m [2methereum_transaction_pool_monitor::mempool_monitor[0m[2m:[0m 🔍 Fetching transaction details for: 0xff6de2daf1bb4272c7ba1efbc694ecb1f153e6d89d86dc7db9efa415034a1674
[2m2025-12-10T10:08:02.318850Z[0m [34mDEBUG[0m [2methereum_transaction_pool_monitor::eth_client[0m[2m:[0m 🔍 Fetching transaction details for hash: 0xff6de2daf1bb4272c7ba1efbc694ecb1f153e6d89d86dc7db9efa415034a1674
[2m2025-12-10T10:08:02.318871Z[0m [34mDEBUG[0m [2mhyper::client::pool[0m[2m:[0m reuse idle connection for ("http", 192.168.0.14:8545)
[2m2025-12-10T10:08:02.318918Z[0m [34mDEBUG[0m [2mhyper::proto::h1::io[0m[2m:[0m flushed 250 bytes
[2m2025-12-10T10:08:02.318949Z[0m [34mDEBUG[0m [2mhyper::client::pool[0m[2m:[0m reuse idle connection for ("http", 192.168.0.14:8545)
[2m2025-12-10T10:08:02.318962Z[0m [34mDEBUG[0m [2mhyper::proto::h1::io[0m[2m:[0m flushed 172 bytes
[2m2025-12-10T10:08:02.324020Z[0m [34mDEBUG[0m [2mhyper::proto::h1::io[0m[2m:[0m parsed 4 headers
[2m2025-12-10T10:08:02.324029Z[0m [34mDEBUG[0m [2mhyper::proto::h1::conn[0m[2m:[0m incoming body is content-length (45 bytes)
[2m2025-12-10T10:08:02.324036Z[0m [34mDEBUG[0m [2mhyper::proto::h1::conn[0m[2m:[0m incoming body completed
[2m2025-12-10T10:08:02.324046Z[0m [34mDEBUG[0m [2mhyper::client::pool[0m[2m:[0m pooling idle connection for ("http", 192.168.0.14:8545)
[2m2025-12-10T10:08:02.328082Z[0m [34mDEBUG[0m [2mhyper::proto::h1::io[0m[2m:[0m parsed 4 headers
[2m2025-12-10T10:08:02.328094Z[0m [34mDEBUG[0m [2mhyper::proto::h1::conn[0m[2m:[0m incoming body is content-length (830 bytes)
[2m2025-12-10T10:08:02.328100Z[0m [34mDEBUG[0m [2mhyper::proto::h1::conn[0m[2m:[0m incoming body completed
[2m2025-12-10T10:08:02.328110Z[0m [34mDEBUG[0m [2mhyper::client::pool[0m[2m:[0m pooling idle connection for ("http", 192.168.0.14:8545)
[2m2025-12-10T10:08:02.328116Z[0m [34mDEBUG[0m [2methereum_transaction_pool_monitor::eth_client[0m[2m:[0m 📡 Transaction fetch RPC completed in 9.2615ms
[2m2025-12-10T10:08:02.398879Z[0m [34mDEBUG[0m [2methereum_transaction_pool_monitor::eth_client[0m[2m:[0m ✅ Transaction 0xff6de2daf1bb4272c7ba1efbc694ecb1f153e6d89d86dc7db9efa415034a1674 fetched and parsed in 80.022ms
[2m2025-12-10T10:08:02.398902Z[0m [34mDEBUG[0m [2methereum_transaction_pool_monitor::mempool_monitor[0m[2m:[0m 🔍 Skipping tx 0xff6de2daf1bb4272c7ba1efbc694ecb1f153e6d89d86dc7db9efa415034a1674 - not a DEX interaction (target: 0x3B4D794a66304F130a4Db8F2551B0070dfCf5ca7)
[2m2025-12-10T10:08:02.398911Z[0m [34mDEBUG[0m [2methereum_transaction_pool_monitor::mempool_monitor[0m[2m:[0m 📨 Processing new pending transaction: 0xaff7a5a7e1d61f7c2ec1381f5a63019e591b1bceabd608edb5f875db6fde1735
[2m2025-12-10T10:08:02.398917Z[0m [34mDEBUG[0m [2methereum_transaction_pool_monitor::mempool_monitor[0m[2m:[0m 🔍 Fetching transaction details for: 0xaff7a5a7e1d61f7c2ec1381f5a63019e591b1bceabd608edb5f875db6fde1735
[2m2025-12-10T10:08:02.398928Z[0m [34mDEBUG[0m [2methereum_transaction_pool_monitor::eth_client[0m[2m:[0m 🔍 Fetching transaction details for hash: 0xaff7a5a7e1d61f7c2ec1381f5a63019e591b1bceabd608edb5f875db6fde1735
[2m2025-12-10T10:08:02.398948Z[0m [34mDEBUG[0m [2mhyper::client::pool[0m[2m:[0m reuse idle connection for ("http", 192.168.0.14:8545)
[2m2025-12-10T10:08:02.398991Z[0m [34mDEBUG[0m [2mhyper::proto::h1::io[0m[2m:[0m flushed 250 bytes
[2m2025-12-10T10:08:02.399012Z[0m [34mDEBUG[0m [2mhyper::client::pool[0m[2m:[0m reuse idle connection for ("http", 192.168.0.14:8545)
[2m2025-12-10T10:08:02.399023Z[0m [34mDEBUG[0m [2methereum_transaction_pool_monitor::eth_client[0m[2m:[0m 📨 Received WebSocket message: {"jsonrpc":"2.0","method":"eth_subscription","params":{"subscription":"0xbed0a0851463e895960a451075a301a9","result":"0xdb4e8a43fbcb2c026d7e938d9e2f44ced7ce9a628cc32f92fd24fb4f405553ee"}}
[2m2025-12-10T10:08:02.399026Z[0m [34mDEBUG[0m [2mhyper::proto::h1::io[0m[2m:[0m flushed 172 bytes
[2m2025-12-10T10:08:02.399037Z[0m [34mDEBUG[0m [2methereum_transaction_pool_monitor::eth_client[0m[2m:[0m 📨 Received pending transaction: 0xdb4e8a43fbcb2c026d7e938d9e2f44ced7ce9a628cc32f92fd24fb4f405553ee
[2m2025-12-10T10:08:02.404206Z[0m [34mDEBUG[0m [2mhyper::proto::h1::io[0m[2m:[0m parsed 4 headers
[2m2025-12-10T10:08:02.404212Z[0m [34mDEBUG[0m [2mhyper::proto::h1::conn[0m[2m:[0m incoming body is content-length (830 bytes)
[2m2025-12-10T10:08:02.404223Z[0m [34mDEBUG[0m [2mhyper::proto::h1::conn[0m[2m:[0m incoming body completed
[2m2025-12-10T10:08:02.404239Z[0m [34mDEBUG[0m [2mhyper::client::pool[0m[2m:[0m pooling idle connection for ("http", 192.168.0.14:8545)
[2m2025-12-10T10:08:02.404250Z[0m [34mDEBUG[0m [2methereum_transaction_pool_monitor::eth_client[0m[2m:[0m 📡 Transaction fetch RPC completed in 5.317417ms
[2m2025-12-10T10:08:02.475274Z[0m [34mDEBUG[0m [2methereum_transaction_pool_monitor::eth_client[0m[2m:[0m ✅ Transaction 0xaff7a5a7e1d61f7c2ec1381f5a63019e591b1bceabd608edb5f875db6fde1735 fetched and parsed in 76.338542ms
[2m2025-12-10T10:08:02.478686Z[0m [34mDEBUG[0m [2methereum_transaction_pool_monitor::mempool_monitor[0m[2m:[0m 🔍 Skipping tx 0xaff7a5a7e1d61f7c2ec1381f5a63019e591b1bceabd608edb5f875db6fde1735 - not a DEX interaction (target: 0x3B4D794a66304F130a4Db8F2551B0070dfCf5ca7)
[2m2025-12-10T10:08:02.478715Z[0m [34mDEBUG[0m [2methereum_transaction_pool_monitor::mempool_monitor[0m[2m:[0m 📨 Processing new pending transaction: 0x08904404d1c7a3bde878cfa333b2f3fd4d62a6dc26321f60e52ab021876c2288
[2m2025-12-10T10:08:02.478720Z[0m [34mDEBUG[0m [2methereum_transaction_pool_monitor::mempool_monitor[0m[2m:[0m 🔍 Fetching transaction details for: 0x08904404d1c7a3bde878cfa333b2f3fd4d62a6dc26321f60e52ab021876c2288
[2m2025-12-10T10:08:02.478724Z[0m [34mDEBUG[0m [2methereum_transaction_pool_monitor::eth_client[0m[2m:[0m 🔍 Fetching transaction details for hash: 0x08904404d1c7a3bde878cfa333b2f3fd4d62a6dc26321f60e52ab021876c2288
[2m2025-12-10T10:08:02.478752Z[0m [34mDEBUG[0m [2mhyper::client::pool[0m[2m:[0m reuse idle connection for ("http", 192.168.0.14:8545)
[2m2025-12-10T10:08:02.478799Z[0m [34mDEBUG[0m [2mhyper::proto::h1::io[0m[2m:[0m flushed 250 bytes
[2m2025-12-10T10:08:02.478828Z[0m [34mDEBUG[0m [2mhyper::proto::h1::io[0m[2m:[0m parsed 4 headers
[2m2025-12-10T10:08:02.478839Z[0m [34mDEBUG[0m [2mhyper::proto::h1::conn[0m[2m:[0m incoming body is content-length (45 bytes)
[2m2025-12-10T10:08:02.478829Z[0m [34mDEBUG[0m [2methereum_transaction_pool_monitor::eth_client[0m[2m:[0m 📨 Received WebSocket message: {"jsonrpc":"2.0","method":"eth_subscription","params":{"subscription":"0xbed0a0851463e895960a451075a301a9","result":"0x211e6dafe18f49465d1e78be36a78b3591ddb9f92396bf1e2ce4823041f63d8b"}}
[2m2025-12-10T10:08:02.478850Z[0m [34mDEBUG[0m [2mhyper::proto::h1::conn[0m[2m:[0m incoming body completed
[2m2025-12-10T10:08:02.478862Z[0m [34mDEBUG[0m [2methereum_transaction_pool_monitor::eth_client[0m[2m:[0m 📨 Received pending transaction: 0x211e6dafe18f49465d1e78be36a78b3591ddb9f92396bf1e2ce4823041f63d8b
[2m2025-12-10T10:08:02.478881Z[0m [34mDEBUG[0m [2mhyper::client::pool[0m[2m:[0m pooling idle connection for ("http", 192.168.0.14:8545)
[2m2025-12-10T10:08:02.483783Z[0m [34mDEBUG[0m [2methereum_transaction_pool_monitor::eth_client[0m[2m:[0m 📨 Received WebSocket message: {"jsonrpc":"2.0","method":"eth_subscription","params":{"subscription":"0xbed0a0851463e895960a451075a301a9","result":"0xff10b4f3c29bae043aed94bed69bebf610e3a34783611fd58318e308f742b4f8"}}
[2m2025-12-10T10:08:02.485683Z[0m [34mDEBUG[0m [2methereum_transaction_pool_monitor::eth_client[0m[2m:[0m 📨 Received pending transaction: 0xff10b4f3c29bae043aed94bed69bebf610e3a34783611fd58318e308f742b4f8
[2m2025-12-10T10:08:02.496031Z[0m [34mDEBUG[0m [2mhyper::client::pool[0m[2m:[0m reuse idle connection for ("http", 192.168.0.14:8545)
[2m2025-12-10T10:08:02.496082Z[0m [34mDEBUG[0m [2mhyper::proto::h1::io[0m[2m:[0m flushed 172 bytes
[2m2025-12-10T10:08:02.497528Z[0m [34mDEBUG[0m [2mhyper::proto::h1::io[0m[2m:[0m parsed 4 headers
[2m2025-12-10T10:08:02.497532Z[0m [34mDEBUG[0m [2mhyper::proto::h1::conn[0m[2m:[0m incoming body is content-length (830 bytes)
[2m2025-12-10T10:08:02.497537Z[0m [34mDEBUG[0m [2mhyper::proto::h1::conn[0m[2m:[0m incoming body completed
[2m2025-12-10T10:08:02.497543Z[0m [34mDEBUG[0m [2mhyper::client::pool[0m[2m:[0m pooling idle connection for ("http", 192.168.0.14:8545)
[2m2025-12-10T10:08:02.497548Z[0m [34mDEBUG[0m [2methereum_transaction_pool_monitor::eth_client[0m[2m:[0m 📡 Transaction fetch RPC completed in 18.820042ms
[2m2025-12-10T10:08:02.567205Z[0m [34mDEBUG[0m [2methereum_transaction_pool_monitor::eth_client[0m[2m:[0m ✅ Transaction 0x08904404d1c7a3bde878cfa333b2f3fd4d62a6dc26321f60e52ab021876c2288 fetched and parsed in 88.475042ms
[2m2025-12-10T10:08:02.567228Z[0m [34mDEBUG[0m [2methereum_transaction_pool_monitor::mempool_monitor[0m[2m:[0m 🔍 Skipping tx 0x08904404d1c7a3bde878cfa333b2f3fd4d62a6dc26321f60e52ab021876c2288 - not a DEX interaction (target: 0x3B4D794a66304F130a4Db8F2551B0070dfCf5ca7)
[2m2025-12-10T10:08:02.567237Z[0m [34mDEBUG[0m [2methereum_transaction_pool_monitor::mempool_monitor[0m[2m:[0m 📨 Processing new pending transaction: 0x6363be5c2d2edfb61c94fabbacdb7ee29c62b2cebfe9d7c3bcd963014fbfc6cd
[2m2025-12-10T10:08:02.567243Z[0m [34mDEBUG[0m [2methereum_transaction_pool_monitor::mempool_monitor[0m[2m:[0m 🔍 Fetching transaction details for: 0x6363be5c2d2edfb61c94fabbacdb7ee29c62b2cebfe9d7c3bcd963014fbfc6cd
[2m2025-12-10T10:08:02.567247Z[0m [34mDEBUG[0m [2methereum_transaction_pool_monitor::eth_client[0m[2m:[0m 🔍 Fetching transaction details for hash: 0x6363be5c2d2edfb61c94fabbacdb7ee29c62b2cebfe9d7c3bcd963014fbfc6cd
[2m2025-12-10T10:08:02.567265Z[0m [34mDEBUG[0m [2mhyper::client::pool[0m[2m:[0m reuse idle connection for ("http", 192.168.0.14:8545)
[2m2025-12-10T10:08:02.567314Z[0m [34mDEBUG[0m [2mhyper::proto::h1::io[0m[2m:[0m flushed 250 bytes
[2m2025-12-10T10:08:02.567330Z[0m [34mDEBUG[0m [2mhyper::proto::h1::io[0m[2m:[0m parsed 4 headers
[2m2025-12-10T10:08:02.567333Z[0m [34mDEBUG[0m [2mhyper::proto::h1::conn[0m[2m:[0m incoming body is content-length (45 bytes)
[2m2025-12-10T10:08:02.567339Z[0m [34mDEBUG[0m [2mhyper::proto::h1::conn[0m[2m:[0m incoming body completed
[2m2025-12-10T10:08:02.567346Z[0m [34mDEBUG[0m [2mhyper::client::pool[0m[2m:[0m pooling idle connection for ("http", 192.168.0.14:8545)
[2m2025-12-10T10:08:02.573534Z[0m [34mDEBUG[0m [2mhyper::proto::h1::io[0m[2m:[0m parsed 4 headers
[2m2025-12-10T10:08:02.573539Z[0m [34mDEBUG[0m [2mhyper::proto::h1::conn[0m[2m:[0m incoming body is content-length (829 bytes)
[2m2025-12-10T10:08:02.573543Z[0m [34mDEBUG[0m [2mhyper::proto::h1::conn[0m[2m:[0m incoming body completed
[2m2025-12-10T10:08:02.573556Z[0m [34mDEBUG[0m [2mhyper::client::pool[0m[2m:[0m pooling idle connection for ("http", 192.168.0.14:8545)
[2m2025-12-10T10:08:02.573560Z[0m [34mDEBUG[0m [2methereum_transaction_pool_monitor::eth_client[0m[2m:[0m 📡 Transaction fetch RPC completed in 6.30925ms
[2m2025-12-10T10:08:02.643773Z[0m [34mDEBUG[0m [2methereum_transaction_pool_monitor::eth_client[0m[2m:[0m ✅ Transaction 0x6363be5c2d2edfb61c94fabbacdb7ee29c62b2cebfe9d7c3bcd963014fbfc6cd fetched and parsed in 76.520292ms
[2m2025-12-10T10:08:02.643794Z[0m [34mDEBUG[0m [2methereum_transaction_pool_monitor::mempool_monitor[0m[2m:[0m 🔍 Skipping tx 0x6363be5c2d2edfb61c94fabbacdb7ee29c62b2cebfe9d7c3bcd963014fbfc6cd - not a DEX interaction (target: 0x3B4D794a66304F130a4Db8F2551B0070dfCf5ca7)
[2m2025-12-10T10:08:02.643804Z[0m [34mDEBUG[0m [2methereum_transaction_pool_monitor::mempool_monitor[0m[2m:[0m 📨 Processing new pending transaction: 0x715d885df4905d0ee34ed57de2f5537cc83ff5a437205f1f67b4278e6882fa11
[2m2025-12-10T10:08:02.643808Z[0m [34mDEBUG[0m [2methereum_transaction_pool_monitor::mempool_monitor[0m[2m:[0m 🔍 Fetching transaction details for: 0x715d885df4905d0ee34ed57de2f5537cc83ff5a437205f1f67b4278e6882fa11
[2m2025-12-10T10:08:02.643812Z[0m [34mDEBUG[0m [2methereum_transaction_pool_monitor::eth_client[0m[2m:[0m 🔍 Fetching transaction details for hash: 0x715d885df4905d0ee34ed57de2f5537cc83ff5a437205f1f67b4278e6882fa11
[2m2025-12-10T10:08:02.643831Z[0m [34mDEBUG[0m [2mhyper::client::pool[0m[2m:[0m reuse idle connection for ("http", 192.168.0.14:8545)
[2m2025-12-10T10:08:02.643878Z[0m [34mDEBUG[0m [2mhyper::proto::h1::io[0m[2m:[0m flushed 250 bytes
[2m2025-12-10T10:08:02.643907Z[0m [34mDEBUG[0m [2mhyper::client::pool[0m[2m:[0m reuse idle connection for ("http", 192.168.0.14:8545)
[2m2025-12-10T10:08:02.643923Z[0m [34mDEBUG[0m [2mhyper::proto::h1::io[0m[2m:[0m flushed 172 bytes
[2m2025-12-10T10:08:02.648061Z[0m [34mDEBUG[0m [2mhyper::proto::h1::io[0m[2m:[0m parsed 4 headers
[2m2025-12-10T10:08:02.648065Z[0m [34mDEBUG[0m [2mhyper::proto::h1::conn[0m[2m:[0m incoming body is content-length (45 bytes)
[2m2025-12-10T10:08:02.648071Z[0m [34mDEBUG[0m [2mhyper::proto::h1::conn[0m[2m:[0m incoming body completed
[2m2025-12-10T10:08:02.648077Z[0m [34mDEBUG[0m [2mhyper::client::pool[0m[2m:[0m pooling idle connection for ("http", 192.168.0.14:8545)
[2m2025-12-10T10:08:02.648567Z[0m [34mDEBUG[0m [2mhyper::proto::h1::io[0m[2m:[0m parsed 4 headers
[2m2025-12-10T10:08:02.648572Z[0m [34mDEBUG[0m [2mhyper::proto::h1::conn[0m[2m:[0m incoming body is content-length (830 bytes)
[2m2025-12-10T10:08:02.648579Z[0m [34mDEBUG[0m [2mhyper::proto::h1::conn[0m[2m:[0m incoming body completed
[2m2025-12-10T10:08:02.648584Z[0m [34mDEBUG[0m [2mhyper::client::pool[0m[2m:[0m pooling idle connection for ("http", 192.168.0.14:8545)
[2m2025-12-10T10:08:02.648588Z[0m [34mDEBUG[0m [2methereum_transaction_pool_monitor::eth_client[0m[2m:[0m 📡 Transaction fetch RPC completed in 4.771542ms
[2m2025-12-10T10:08:02.719107Z[0m [34mDEBUG[0m [2methereum_transaction_pool_monitor::eth_client[0m[2m:[0m ✅ Transaction 0x715d885df4905d0ee34ed57de2f5537cc83ff5a437205f1f67b4278e6882fa11 fetched and parsed in 75.287459ms
[2m2025-12-10T10:08:02.719131Z[0m [34mDEBUG[0m [2methereum_transaction_pool_monitor::mempool_monitor[0m[2m:[0m 🔍 Skipping tx 0x715d885df4905d0ee34ed57de2f5537cc83ff5a437205f1f67b4278e6882fa11 - not a DEX interaction (target: 0x3B4D794a66304F130a4Db8F2551B0070dfCf5ca7)
[2m2025-12-10T10:08:02.719142Z[0m [34mDEBUG[0m [2methereum_transaction_pool_monitor::mempool_monitor[0m[2m:[0m 📨 Processing new pending transaction: 0x28abc0426975265ed36f9de5bd285400aa69ea5570f1b62b5b97baf1d5fbed79
[2m2025-12-10T10:08:02.719148Z[0m [34mDEBUG[0m [2methereum_transaction_pool_monitor::mempool_monitor[0m[2m:[0m 🔍 Fetching transaction details for: 0x28abc0426975265ed36f9de5bd285400aa69ea5570f1b62b5b97baf1d5fbed79
[2m2025-12-10T10:08:02.719159Z[0m [34mDEBUG[0m [2methereum_transaction_pool_monitor::eth_client[0m[2m:[0m 🔍 Fetching transaction details for hash: 0x28abc0426975265ed36f9de5bd285400aa69ea5570f1b62b5b97baf1d5fbed79
[2m2025-12-10T10:08:02.719177Z[0m [34mDEBUG[0m [2mhyper::client::pool[0m[2m:[0m reuse idle connection for ("http", 192.168.0.14:8545)
[2m2025-12-10T10:08:02.719218Z[0m [34mDEBUG[0m [2mhyper::proto::h1::io[0m[2m:[0m flushed 250 bytes
[2m2025-12-10T10:08:02.719247Z[0m [34mDEBUG[0m [2mhyper::client::pool[0m[2m:[0m reuse idle connection for ("http", 192.168.0.14:8545)
[2m2025-12-10T10:08:02.719266Z[0m [34mDEBUG[0m [2mhyper::proto::h1::io[0m[2m:[0m flushed 172 bytes
[2m2025-12-10T10:08:02.724453Z[0m [34mDEBUG[0m [2mhyper::proto::h1::io[0m[2m:[0m parsed 4 headers
[2m2025-12-10T10:08:02.724458Z[0m [34mDEBUG[0m [2mhyper::proto::h1::conn[0m[2m:[0m incoming body is content-length (45 bytes)
[2m2025-12-10T10:08:02.724466Z[0m [34mDEBUG[0m [2mhyper::proto::h1::conn[0m[2m:[0m incoming body completed
[2m2025-12-10T10:08:02.724473Z[0m [34mDEBUG[0m [2mhyper::client::pool[0m[2m:[0m pooling idle connection for ("http", 192.168.0.14:8545)
[2m2025-12-10T10:08:02.725421Z[0m [34mDEBUG[0m [2mhyper::proto::h1::io[0m[2m:[0m parsed 4 headers
[2m2025-12-10T10:08:02.725450Z[0m [34mDEBUG[0m [2mhyper::proto::h1::conn[0m[2m:[0m incoming body is content-length (830 bytes)
[2m2025-12-10T10:08:02.725462Z[0m [34mDEBUG[0m [2mhyper::proto::h1::conn[0m[2m:[0m incoming body completed
[2m2025-12-10T10:08:02.725468Z[0m [34mDEBUG[0m [2mhyper::client::pool[0m[2m:[0m pooling idle connection for ("http", 192.168.0.14:8545)
[2m2025-12-10T10:08:02.725473Z[0m [34mDEBUG[0m [2methereum_transaction_pool_monitor::eth_client[0m[2m:[0m 📡 Transaction fetch RPC completed in 6.310125ms
[2m2025-12-10T10:08:02.796292Z[0m [34mDEBUG[0m [2methereum_transaction_pool_monitor::eth_client[0m[2m:[0m ✅ Transaction 0x28abc0426975265ed36f9de5bd285400aa69ea5570f1b62b5b97baf1d5fbed79 fetched and parsed in 77.126792ms
[2m2025-12-10T10:08:02.796312Z[0m [34mDEBUG[0m [2methereum_transaction_pool_monitor::mempool_monitor[0m[2m:[0m 🔍 Skipping tx 0x28abc0426975265ed36f9de5bd285400aa69ea5570f1b62b5b97baf1d5fbed79 - not a DEX interaction (target: 0x3B4D794a66304F130a4Db8F2551B0070dfCf5ca7)
[2m2025-12-10T10:08:02.796321Z[0m [34mDEBUG[0m [2methereum_transaction_pool_monitor::mempool_monitor[0m[2m:[0m 📨 Processing new pending transaction: 0x8b26ebf16c6d98d61ee319189bcc161cf0a3ba9a0684d18465c844727b5d525d
[2m2025-12-10T10:08:02.796327Z[0m [34mDEBUG[0m [2methereum_transaction_pool_monitor::mempool_monitor[0m[2m:[0m 🔍 Fetching transaction details for: 0x8b26ebf16c6d98d61ee319189bcc161cf0a3ba9a0684d18465c844727b5d525d
[2m2025-12-10T10:08:02.796331Z[0m [34mDEBUG[0m [2methereum_transaction_pool_monitor::eth_client[0m[2m:[0m 🔍 Fetching transaction details for hash: 0x8b26ebf16c6d98d61ee319189bcc161cf0a3ba9a0684d18465c844727b5d525d
[2m2025-12-10T10:08:02.796348Z[0m [34mDEBUG[0m [2mhyper::client::pool[0m[2m:[0m reuse idle connection for ("http", 192.168.0.14:8545)
[2m2025-12-10T10:08:02.796392Z[0m [34mDEBUG[0m [2mhyper::proto::h1::io[0m[2m:[0m flushed 250 bytes
[2m2025-12-10T10:08:02.796413Z[0m [34mDEBUG[0m [2mhyper::client::pool[0m[2m:[0m reuse idle connection for ("http", 192.168.0.14:8545)
[2m2025-12-10T10:08:02.796428Z[0m [34mDEBUG[0m [2mhyper::proto::h1::io[0m[2m:[0m flushed 172 bytes
[2m2025-12-10T10:08:02.796427Z[0m [34mDEBUG[0m [2methereum_transaction_pool_monitor::eth_client[0m[2m:[0m 📨 Received WebSocket message: {"jsonrpc":"2.0","method":"eth_subscription","params":{"subscription":"0xbed0a0851463e895960a451075a301a9","result":"0xeb739707d8103d7baa2c02dcd8d0cd97dc0101125af3c41101198503d2e9e50c"}}
[2m2025-12-10T10:08:02.796441Z[0m [34mDEBUG[0m [2methereum_transaction_pool_monitor::eth_client[0m[2m:[0m 📨 Received pending transaction: 0xeb739707d8103d7baa2c02dcd8d0cd97dc0101125af3c41101198503d2e9e50c
[2m2025-12-10T10:08:02.802457Z[0m [34mDEBUG[0m [2mhyper::proto::h1::io[0m[2m:[0m parsed 4 headers
[2m2025-12-10T10:08:02.802480Z[0m [34mDEBUG[0m [2mhyper::proto::h1::io[0m[2m:[0m parsed 4 headers
[2m2025-12-10T10:08:02.802479Z[0m [34mDEBUG[0m [2mhyper::proto::h1::conn[0m[2m:[0m incoming body is content-length (674 bytes)
[2m2025-12-10T10:08:02.802504Z[0m [34mDEBUG[0m [2mhyper::proto::h1::conn[0m[2m:[0m incoming body is content-length (45 bytes)
[2m2025-12-10T10:08:02.802530Z[0m [34mDEBUG[0m [2mhyper::proto::h1::conn[0m[2m:[0m incoming body completed
[2m2025-12-10T10:08:02.802533Z[0m [34mDEBUG[0m [2mhyper::proto::h1::conn[0m[2m:[0m incoming body completed
[2m2025-12-10T10:08:02.802540Z[0m [34mDEBUG[0m [2mhyper::client::pool[0m[2m:[0m pooling idle connection for ("http", 192.168.0.14:8545)
[2m2025-12-10T10:08:02.802540Z[0m [34mDEBUG[0m [2mhyper::client::pool[0m[2m:[0m pooling idle connection for ("http", 192.168.0.14:8545)
[2m2025-12-10T10:08:02.802549Z[0m [34mDEBUG[0m [2methereum_transaction_pool_monitor::eth_client[0m[2m:[0m 📡 Transaction fetch RPC completed in 6.213541ms
[2m2025-12-10T10:08:02.802570Z[0m [34mDEBUG[0m [2methereum_transaction_pool_monitor::eth_client[0m[2m:[0m DeFi transaction detected - Address: 0xdac17f958d2ee523a2206206994597c13d831ec7, Type: Stablecoin, Value: 0 ETH, Gas: 0.21 Gwei
[2m2025-12-10T10:08:02.802582Z[0m [34mDEBUG[0m [2methereum_transaction_pool_monitor::eth_client[0m[2m:[0m ✅ Transaction 0x8b26ebf16c6d98d61ee319189bcc161cf0a3ba9a0684d18465c844727b5d525d fetched and parsed in 6.2475ms
[2m2025-12-10T10:08:02.802588Z[0m [34mDEBUG[0m [2methereum_transaction_pool_monitor::mempool_monitor[0m[2m:[0m 🔍 Skipping tx 0x8b26ebf16c6d98d61ee319189bcc161cf0a3ba9a0684d18465c844727b5d525d - not a DEX interaction (target: 0xdAC17F958D2ee523a2206206994597C13D831ec7)
[2m2025-12-10T10:08:02.802594Z[0m [34mDEBUG[0m [2methereum_transaction_pool_monitor::mempool_monitor[0m[2m:[0m 📨 Processing new pending transaction: 0x282f255c24431b4c447c2f450d92c102283f5566f9e772c8302b8995866a7e64
[2m2025-12-10T10:08:02.802598Z[0m [34mDEBUG[0m [2methereum_transaction_pool_monitor::mempool_monitor[0m[2m:[0m 🔍 Fetching transaction details for: 0x282f255c24431b4c447c2f450d92c102283f5566f9e772c8302b8995866a7e64
[2m2025-12-10T10:08:02.802601Z[0m [34mDEBUG[0m [2methereum_transaction_pool_monitor::eth_client[0m[2m:[0m 🔍 Fetching transaction details for hash: 0x282f255c24431b4c447c2f450d92c102283f5566f9e772c8302b8995866a7e64
[2m2025-12-10T10:08:02.802611Z[0m [34mDEBUG[0m [2mhyper::client::pool[0m[2m:[0m reuse idle connection for ("http", 192.168.0.14:8545)
[2m2025-12-10T10:08:02.802625Z[0m [34mDEBUG[0m [2mhyper::proto::h1::io[0m[2m:[0m flushed 250 bytes
[2m2025-12-10T10:08:02.809226Z[0m [34mDEBUG[0m [2mhyper::proto::h1::io[0m[2m:[0m parsed 4 headers
[2m2025-12-10T10:08:02.809229Z[0m [34mDEBUG[0m [2mhyper::proto::h1::conn[0m[2m:[0m incoming body is content-length (675 bytes)
[2m2025-12-10T10:08:02.809233Z[0m [34mDEBUG[0m [2mhyper::proto::h1::conn[0m[2m:[0m incoming body completed
[2m2025-12-10T10:08:02.809237Z[0m [34mDEBUG[0m [2mhyper::client::pool[0m[2m:[0m pooling idle connection for ("http", 192.168.0.14:8545)
[2m2025-12-10T10:08:02.809241Z[0m [34mDEBUG[0m [2methereum_transaction_pool_monitor::eth_client[0m[2m:[0m 📡 Transaction fetch RPC completed in 6.636125ms
[2m2025-12-10T10:08:02.809251Z[0m [34mDEBUG[0m [2methereum_transaction_pool_monitor::eth_client[0m[2m:[0m DeFi transaction detected - Address: 0xdac17f958d2ee523a2206206994597c13d831ec7, Type: Stablecoin, Value: 0 ETH, Gas: 0.21 Gwei
[2m2025-12-10T10:08:02.809260Z[0m [34mDEBUG[0m [2methereum_transaction_pool_monitor::eth_client[0m[2m:[0m ✅ Transaction 0x282f255c24431b4c447c2f450d92c102283f5566f9e772c8302b8995866a7e64 fetched and parsed in 6.65575ms
[2m2025-12-10T10:08:02.809270Z[0m [34mDEBUG[0m [2methereum_transaction_pool_monitor::mempool_monitor[0m[2m:[0m 🔍 Skipping tx 0x282f255c24431b4c447c2f450d92c102283f5566f9e772c8302b8995866a7e64 - not a DEX interaction (target: 0xdAC17F958D2ee523a2206206994597C13D831ec7)
[2m2025-12-10T10:08:02.809274Z[0m [34mDEBUG[0m [2methereum_transaction_pool_monitor::mempool_monitor[0m[2m:[0m 📨 Processing new pending transaction: 0x2941d1d757c7ef6aee9779de31329ad2e55c3a059ce6d0e6e7b8d871e1d38d9f
[2m2025-12-10T10:08:02.809277Z[0m [34mDEBUG[0m [2methereum_transaction_pool_monitor::mempool_monitor[0m[2m:[0m 🔍 Fetching transaction details for: 0x2941d1d757c7ef6aee9779de31329ad2e55c3a059ce6d0e6e7b8d871e1d38d9f
[2m2025-12-10T10:08:02.809280Z[0m [34mDEBUG[0m [2methereum_transaction_pool_monitor::eth_client[0m[2m:[0m 🔍 Fetching transaction details for hash: 0x2941d1d757c7ef6aee9779de31329ad2e55c3a059ce6d0e6e7b8d871e1d38d9f
[2m2025-12-10T10:08:02.809287Z[0m [34mDEBUG[0m [2mhyper::client::pool[0m[2m:[0m reuse idle connection for ("http", 192.168.0.14:8545)
[2m2025-12-10T10:08:02.809299Z[0m [34mDEBUG[0m [2mhyper::proto::h1::io[0m[2m:[0m flushed 250 bytes
[2m2025-12-10T10:08:02.814849Z[0m [34mDEBUG[0m [2mhyper::proto::h1::io[0m[2m:[0m parsed 4 headers
[2m2025-12-10T10:08:02.814854Z[0m [34mDEBUG[0m [2mhyper::proto::h1::conn[0m[2m:[0m incoming body is content-length (831 bytes)
[2m2025-12-10T10:08:02.814858Z[0m [34mDEBUG[0m [2mhyper::proto::h1::conn[0m[2m:[0m incoming body completed
[2m2025-12-10T10:08:02.814862Z[0m [34mDEBUG[0m [2mhyper::client::pool[0m[2m:[0m pooling idle connection for ("http", 192.168.0.14:8545)
[2m2025-12-10T10:08:02.814866Z[0m [34mDEBUG[0m [2methereum_transaction_pool_monitor::eth_client[0m[2m:[0m 📡 Transaction fetch RPC completed in 5.583916ms
[2m2025-12-10T10:08:02.887234Z[0m [34mDEBUG[0m [2methereum_transaction_pool_monitor::eth_client[0m[2m:[0m ✅ Transaction 0x2941d1d757c7ef6aee9779de31329ad2e55c3a059ce6d0e6e7b8d871e1d38d9f fetched and parsed in 77.949166ms
[2m2025-12-10T10:08:02.887259Z[0m [34mDEBUG[0m [2methereum_transaction_pool_monitor::mempool_monitor[0m[2m:[0m 🔍 Skipping tx 0x2941d1d757c7ef6aee9779de31329ad2e55c3a059ce6d0e6e7b8d871e1d38d9f - not a DEX interaction (target: 0xCe6Ced23118EDEb23054E06118a702797b13fc2F)
[2m2025-12-10T10:08:02.887269Z[0m [34mDEBUG[0m [2methereum_transaction_pool_monitor::mempool_monitor[0m[2m:[0m 📨 Processing new pending transaction: 0xe6f7f50bf5ef88b75c420ebe8dc5dfede33763628d62f311f164d8e3e121aa13
[2m2025-12-10T10:08:02.887273Z[0m [34mDEBUG[0m [2methereum_transaction_pool_monitor::mempool_monitor[0m[2m:[0m 🔍 Fetching transaction details for: 0xe6f7f50bf5ef88b75c420ebe8dc5dfede33763628d62f311f164d8e3e121aa13
[2m2025-12-10T10:08:02.887277Z[0m [34mDEBUG[0m [2methereum_transaction_pool_monitor::eth_client[0m[2m:[0m 🔍 Fetching transaction details for hash: 0xe6f7f50bf5ef88b75c420ebe8dc5dfede33763628d62f311f164d8e3e121aa13
[2m2025-12-10T10:08:02.887296Z[0m [34mDEBUG[0m [2mhyper::client::pool[0m[2m:[0m reuse idle connection for ("http", 192.168.0.14:8545)
[2m2025-12-10T10:08:02.887344Z[0m [34mDEBUG[0m [2mhyper::proto::h1::io[0m[2m:[0m flushed 250 bytes
[2m2025-12-10T10:08:02.887365Z[0m [34mDEBUG[0m [2methereum_transaction_pool_monitor::eth_client[0m[2m:[0m 📨 Received WebSocket message: {"jsonrpc":"2.0","method":"eth_subscription","params":{"subscription":"0xbed0a0851463e895960a451075a301a9","result":"0xc02aca72b14731047281c43b3e35ca0c6900e4d68f48afadef8105e7f5e996c5"}}
[2m2025-12-10T10:08:02.887372Z[0m [34mDEBUG[0m [2methereum_transaction_pool_monitor::eth_client[0m[2m:[0m 📨 Received pending transaction: 0xc02aca72b14731047281c43b3e35ca0c6900e4d68f48afadef8105e7f5e996c5
[2m2025-12-10T10:08:02.892646Z[0m [34mDEBUG[0m [2mhyper::proto::h1::io[0m[2m:[0m parsed 4 headers
[2m2025-12-10T10:08:02.892670Z[0m [34mDEBUG[0m [2mhyper::proto::h1::conn[0m[2m:[0m incoming body is content-length (765 bytes)
[2m2025-12-10T10:08:02.892702Z[0m [34mDEBUG[0m [2mhyper::proto::h1::conn[0m[2m:[0m incoming body completed
[2m2025-12-10T10:08:02.892712Z[0m [34mDEBUG[0m [2mhyper::client::pool[0m[2m:[0m pooling idle connection for ("http", 192.168.0.14:8545)
[2m2025-12-10T10:08:02.892717Z[0m [34mDEBUG[0m [2methereum_transaction_pool_monitor::eth_client[0m[2m:[0m 📡 Transaction fetch RPC completed in 5.435667ms
[2m2025-12-10T10:08:02.963227Z[0m [34mDEBUG[0m [2methereum_transaction_pool_monitor::eth_client[0m[2m:[0m ✅ Transaction 0xe6f7f50bf5ef88b75c420ebe8dc5dfede33763628d62f311f164d8e3e121aa13 fetched and parsed in 75.942375ms
[2m2025-12-10T10:08:02.963318Z[0m [34mDEBUG[0m [2methereum_transaction_pool_monitor::mempool_monitor[0m[2m:[0m 🔍 Skipping tx 0xe6f7f50bf5ef88b75c420ebe8dc5dfede33763628d62f311f164d8e3e121aa13 - not a DEX interaction (target: 0xA0b86991c6218b36c1d19D4a2e9Eb0cE3606eB48)
[2m2025-12-10T10:08:02.963329Z[0m [34mDEBUG[0m [2methereum_transaction_pool_monitor::mempool_monitor[0m[2m:[0m 📨 Processing new pending transaction: 0x44d3ec81b17209cd62ea2488278ca3d9da70b98ca325491aa1b8d1c66ccad01a
[2m2025-12-10T10:08:02.963333Z[0m [34mDEBUG[0m [2methereum_transaction_pool_monitor::mempool_monitor[0m[2m:[0m 🔍 Fetching transaction details for: 0x44d3ec81b17209cd62ea2488278ca3d9da70b98ca325491aa1b8d1c66ccad01a
[2m2025-12-10T10:08:02.963338Z[0m [34mDEBUG[0m [2methereum_transaction_pool_monitor::eth_client[0m[2m:[0m 🔍 Fetching transaction details for hash: 0x44d3ec81b17209cd62ea2488278ca3d9da70b98ca325491aa1b8d1c66ccad01a
[2m2025-12-10T10:08:02.963358Z[0m [34mDEBUG[0m [2mhyper::client::pool[0m[2m:[0m reuse idle connection for ("http", 192.168.0.14:8545)
[2m2025-12-10T10:08:02.963386Z[0m [34mDEBUG[0m [2mhyper::proto::h1::io[0m[2m:[0m flushed 250 bytes
[2m2025-12-10T10:08:02.963404Z[0m [34mDEBUG[0m [2mhyper::client::pool[0m[2m:[0m reuse idle connection for ("http", 192.168.0.14:8545)
[2m2025-12-10T10:08:02.963420Z[0m [34mDEBUG[0m [2mhyper::proto::h1::io[0m[2m:[0m flushed 172 bytes
[2m2025-12-10T10:08:02.963431Z[0m [34mDEBUG[0m [2methereum_transaction_pool_monitor::eth_client[0m[2m:[0m 📨 Received WebSocket message: {"jsonrpc":"2.0","method":"eth_subscription","params":{"subscription":"0xbed0a0851463e895960a451075a301a9","result":"0xc162b2ebffb929a2ddab8b6945bd1f60e84f07201e7701ec3f80aa578ea57cd8"}}
[2m2025-12-10T10:08:02.963443Z[0m [34mDEBUG[0m [2methereum_transaction_pool_monitor::eth_client[0m[2m:[0m 📨 Received pending transaction: 0xc162b2ebffb929a2ddab8b6945bd1f60e84f07201e7701ec3f80aa578ea57cd8
[2m2025-12-10T10:08:02.963448Z[0m [34mDEBUG[0m [2methereum_transaction_pool_monitor::eth_client[0m[2m:[0m 📨 Received WebSocket message: {"jsonrpc":"2.0","method":"eth_subscription","params":{"subscription":"0xbed0a0851463e895960a451075a301a9","result":"0x7d5b1d781c9393f060629be801abfd3470402d9c0bda1599f1b623eeb4a1a2f0"}}
[2m2025-12-10T10:08:02.963453Z[0m [34mDEBUG[0m [2methereum_transaction_pool_monitor::eth_client[0m[2m:[0m 📨 Received pending transaction: 0x7d5b1d781c9393f060629be801abfd3470402d9c0bda1599f1b623eeb4a1a2f0
[2m2025-12-10T10:08:02.963456Z[0m [34mDEBUG[0m [2methereum_transaction_pool_monitor::eth_client[0m[2m:[0m 📨 Received WebSocket message: {"jsonrpc":"2.0","method":"eth_subscription","params":{"subscription":"0xbed0a0851463e895960a451075a301a9","result":"0x37919d92c3ec4a899aa87af2cccd9710e21494fc013b53b967d5a8664a9d1303"}}
[2m2025-12-10T10:08:02.963460Z[0m [34mDEBUG[0m [2methereum_transaction_pool_monitor::eth_client[0m[2m:[0m 📨 Received pending transaction: 0x37919d92c3ec4a899aa87af2cccd9710e21494fc013b53b967d5a8664a9d1303
[2m2025-12-10T10:08:02.968920Z[0m [34mDEBUG[0m [2mhyper::proto::h1::io[0m[2m:[0m parsed 4 headers
[2m2025-12-10T10:08:02.968940Z[0m [34mDEBUG[0m [2mhyper::proto::h1::conn[0m[2m:[0m incoming body is content-length (45 bytes)
[2m2025-12-10T10:08:02.968962Z[0m [34mDEBUG[0m [2mhyper::proto::h1::conn[0m[2m:[0m incoming body completed
[2m2025-12-10T10:08:02.969000Z[0m [34mDEBUG[0m [2mhyper::client::pool[0m[2m:[0m pooling idle connection for ("http", 192.168.0.14:8545)
[2m2025-12-10T10:08:02.972531Z[0m [34mDEBUG[0m [2mhyper::proto::h1::io[0m[2m:[0m parsed 4 headers
[2m2025-12-10T10:08:02.972535Z[0m [34mDEBUG[0m [2mhyper::proto::h1::conn[0m[2m:[0m incoming body is content-length (551 bytes)
[2m2025-12-10T10:08:02.972539Z[0m [34mDEBUG[0m [2mhyper::proto::h1::conn[0m[2m:[0m incoming body completed
[2m2025-12-10T10:08:02.972543Z[0m [34mDEBUG[0m [2mhyper::client::pool[0m[2m:[0m pooling idle connection for ("http", 192.168.0.14:8545)
[2m2025-12-10T10:08:02.972547Z[0m [34mDEBUG[0m [2methereum_transaction_pool_monitor::eth_client[0m[2m:[0m 📡 Transaction fetch RPC completed in 9.204792ms
[2m2025-12-10T10:08:03.042977Z[0m [34mDEBUG[0m [2methereum_transaction_pool_monitor::eth_client[0m[2m:[0m ✅ Transaction 0x44d3ec81b17209cd62ea2488278ca3d9da70b98ca325491aa1b8d1c66ccad01a fetched and parsed in 79.631542ms
[2m2025-12-10T10:08:03.042999Z[0m [34mDEBUG[0m [2methereum_transaction_pool_monitor::mempool_monitor[0m[2m:[0m 🔍 Skipping tx 0x44d3ec81b17209cd62ea2488278ca3d9da70b98ca325491aa1b8d1c66ccad01a - not a DEX interaction (target: 0xCEfC6c684E5c9d2a5E7d6BdAa273bb2211963258)
[2m2025-12-10T10:08:03.043009Z[0m [34mDEBUG[0m [2methereum_transaction_pool_monitor::mempool_monitor[0m[2m:[0m 📨 Processing new pending transaction: 0x6f9a4995226898599cf71f7cae26d244793015400acea08aec67790833eea831
[2m2025-12-10T10:08:03.043014Z[0m [34mDEBUG[0m [2methereum_transaction_pool_monitor::mempool_monitor[0m[2m:[0m 🔍 Fetching transaction details for: 0x6f9a4995226898599cf71f7cae26d244793015400acea08aec67790833eea831
[2m2025-12-10T10:08:03.043018Z[0m [34mDEBUG[0m [2methereum_transaction_pool_monitor::eth_client[0m[2m:[0m 🔍 Fetching transaction details for hash: 0x6f9a4995226898599cf71f7cae26d244793015400acea08aec67790833eea831
[2m2025-12-10T10:08:03.043039Z[0m [34mDEBUG[0m [2mhyper::client::pool[0m[2m:[0m reuse idle connection for ("http", 192.168.0.14:8545)
[2m2025-12-10T10:08:03.043078Z[0m [34mDEBUG[0m [2mhyper::proto::h1::io[0m[2m:[0m flushed 250 bytes
[2m2025-12-10T10:08:03.043098Z[0m [34mDEBUG[0m [2mhyper::client::pool[0m[2m:[0m reuse idle connection for ("http", 192.168.0.14:8545)
[2m2025-12-10T10:08:03.043110Z[0m [34mDEBUG[0m [2mhyper::proto::h1::io[0m[2m:[0m flushed 172 bytes
[2m2025-12-10T10:08:03.043110Z[0m [34mDEBUG[0m [2methereum_transaction_pool_monitor::eth_client[0m[2m:[0m 📨 Received WebSocket message: {"jsonrpc":"2.0","method":"eth_subscription","params":{"subscription":"0xbed0a0851463e895960a451075a301a9","result":"0xe322a5375c64433d172af86584d49cc6dd20918a05a207f93624cc382f0792a1"}}
[2m2025-12-10T10:08:03.043126Z[0m [34mDEBUG[0m [2methereum_transaction_pool_monitor::eth_client[0m[2m:[0m 📨 Received pending transaction: 0xe322a5375c64433d172af86584d49cc6dd20918a05a207f93624cc382f0792a1
[2m2025-12-10T10:08:03.043133Z[0m [34mDEBUG[0m [2methereum_transaction_pool_monitor::eth_client[0m[2m:[0m 📨 Received WebSocket message: {"jsonrpc":"2.0","method":"eth_subscription","params":{"subscription":"0xbed0a0851463e895960a451075a301a9","result":"0xef2a5afac91a196a046e2713b46eb362e1ea7f285e0576a9211e65100e04ef95"}}
[2m2025-12-10T10:08:03.043139Z[0m [34mDEBUG[0m [2methereum_transaction_pool_monitor::eth_client[0m[2m:[0m 📨 Received pending transaction: 0xef2a5afac91a196a046e2713b46eb362e1ea7f285e0576a9211e65100e04ef95
[2m2025-12-10T10:08:03.043243Z[0m [34mDEBUG[0m [2methereum_transaction_pool_monitor::eth_client[0m[2m:[0m 📨 Received WebSocket message: {"jsonrpc":"2.0","method":"eth_subscription","params":{"subscription":"0xbed0a0851463e895960a451075a301a9","result":"0x92ee1471c806a8af4d50e396966ab39673b4718283ef1e2815e53525cb39077f"}}
[2m2025-12-10T10:08:03.043248Z[0m [34mDEBUG[0m [2methereum_transaction_pool_monitor::eth_client[0m[2m:[0m 📨 Received pending transaction: 0x92ee1471c806a8af4d50e396966ab39673b4718283ef1e2815e53525cb39077f
[2m2025-12-10T10:08:03.047652Z[0m [34mDEBUG[0m [2mhyper::proto::h1::io[0m[2m:[0m parsed 4 headers
[2m2025-12-10T10:08:03.047659Z[0m [34mDEBUG[0m [2mhyper::proto::h1::conn[0m[2m:[0m incoming body is content-length (45 bytes)
[2m2025-12-10T10:08:03.047666Z[0m [34mDEBUG[0m [2mhyper::proto::h1::conn[0m[2m:[0m incoming body completed
[2m2025-12-10T10:08:03.047672Z[0m [34mDEBUG[0m [2mhyper::client::pool[0m[2m:[0m pooling idle connection for ("http", 192.168.0.14:8545)
[2m2025-12-10T10:08:03.047689Z[0m [34mDEBUG[0m [2mhyper::proto::h1::io[0m[2m:[0m parsed 4 headers
[2m2025-12-10T10:08:03.047693Z[0m [34mDEBUG[0m [2mhyper::proto::h1::conn[0m[2m:[0m incoming body is content-length (701 bytes)
[2m2025-12-10T10:08:03.047696Z[0m [34mDEBUG[0m [2mhyper::proto::h1::conn[0m[2m:[0m incoming body completed
[2m2025-12-10T10:08:03.047700Z[0m [34mDEBUG[0m [2mhyper::client::pool[0m[2m:[0m pooling idle connection for ("http", 192.168.0.14:8545)
[2m2025-12-10T10:08:03.047704Z[0m [34mDEBUG[0m [2methereum_transaction_pool_monitor::eth_client[0m[2m:[0m 📡 Transaction fetch RPC completed in 4.681625ms
[2m2025-12-10T10:08:03.118076Z[0m [34mDEBUG[0m [2methereum_transaction_pool_monitor::eth_client[0m[2m:[0m ✅ Transaction 0x6f9a4995226898599cf71f7cae26d244793015400acea08aec67790833eea831 fetched and parsed in 75.051834ms
[2m2025-12-10T10:08:03.118098Z[0m [34mDEBUG[0m [2methereum_transaction_pool_monitor::mempool_monitor[0m[2m:[0m 🔍 Skipping tx 0x6f9a4995226898599cf71f7cae26d244793015400acea08aec67790833eea831 - not a DEX interaction (target: 0xa148491DCD060d20E836cB9be518f6C30608e3d5)
[2m2025-12-10T10:08:03.118106Z[0m [34mDEBUG[0m [2methereum_transaction_pool_monitor::mempool_monitor[0m[2m:[0m 📨 Processing new pending transaction: 0x52934da7b3219e1d43bf2043b2849b1bb6f91e07c40cd90637904f6fce3e0f34
[2m2025-12-10T10:08:03.118111Z[0m [34mDEBUG[0m [2methereum_transaction_pool_monitor::mempool_monitor[0m[2m:[0m 🔍 Fetching transaction details for: 0x52934da7b3219e1d43bf2043b2849b1bb6f91e07c40cd90637904f6fce3e0f34
[2m2025-12-10T10:08:03.118115Z[0m [34mDEBUG[0m [2methereum_transaction_pool_monitor::eth_client[0m[2m:[0m 🔍 Fetching transaction details for hash: 0x52934da7b3219e1d43bf2043b2849b1bb6f91e07c40cd90637904f6fce3e0f34
[2m2025-12-10T10:08:03.118135Z[0m [34mDEBUG[0m [2mhyper::client::pool[0m[2m:[0m reuse idle connection for ("http", 192.168.0.14:8545)
[2m2025-12-10T10:08:03.118180Z[0m [34mDEBUG[0m [2mhyper::proto::h1::io[0m[2m:[0m flushed 250 bytes
[2m2025-12-10T10:08:03.118201Z[0m [34mDEBUG[0m [2mhyper::client::pool[0m[2m:[0m reuse idle connection for ("http", 192.168.0.14:8545)
[2m2025-12-10T10:08:03.118213Z[0m [34mDEBUG[0m [2mhyper::proto::h1::io[0m[2m:[0m flushed 172 bytes
[2m2025-12-10T10:08:03.118214Z[0m [34mDEBUG[0m [2methereum_transaction_pool_monitor::eth_client[0m[2m:[0m 📨 Received WebSocket message: {"jsonrpc":"2.0","method":"eth_subscription","params":{"subscription":"0xbed0a0851463e895960a451075a301a9","result":"0x7a693c22c3514290cacc0adc24b95dfd2f61680a4199552c92b31f5df9676490"}}
[2m2025-12-10T10:08:03.118230Z[0m [34mDEBUG[0m [2methereum_transaction_pool_monitor::eth_client[0m[2m:[0m 📨 Received pending transaction: 0x7a693c22c3514290cacc0adc24b95dfd2f61680a4199552c92b31f5df9676490
[2m2025-12-10T10:08:03.118236Z[0m [34mDEBUG[0m [2methereum_transaction_pool_monitor::eth_client[0m[2m:[0m 📨 Received WebSocket message: {"jsonrpc":"2.0","method":"eth_subscription","params":{"subscription":"0xbed0a0851463e895960a451075a301a9","result":"0x31bb8de174f313f9d46b8e0deae5e2d6b02c6775105a5f0f04bd072eec8e40e5"}}
[2m2025-12-10T10:08:03.118244Z[0m [34mDEBUG[0m [2methereum_transaction_pool_monitor::eth_client[0m[2m:[0m 📨 Received pending transaction: 0x31bb8de174f313f9d46b8e0deae5e2d6b02c6775105a5f0f04bd072eec8e40e5
[2m2025-12-10T10:08:03.118247Z[0m [34mDEBUG[0m [2methereum_transaction_pool_monitor::eth_client[0m[2m:[0m 📨 Received WebSocket message: {"jsonrpc":"2.0","method":"eth_subscription","params":{"subscription":"0xbed0a0851463e895960a451075a301a9","result":"0xcda75eea2a597aa716fe54ebae1f90e954c80e1226a30adca134c18dd9598951"}}
[2m2025-12-10T10:08:03.118258Z[0m [34mDEBUG[0m [2methereum_transaction_pool_monitor::eth_client[0m[2m:[0m 📨 Received pending transaction: 0xcda75eea2a597aa716fe54ebae1f90e954c80e1226a30adca134c18dd9598951
[2m2025-12-10T10:08:03.123346Z[0m [34mDEBUG[0m [2mhyper::proto::h1::io[0m[2m:[0m parsed 4 headers
[2m2025-12-10T10:08:03.123351Z[0m [34mDEBUG[0m [2mhyper::proto::h1::conn[0m[2m:[0m incoming body is content-length (45 bytes)
[2m2025-12-10T10:08:03.123358Z[0m [34mDEBUG[0m [2mhyper::proto::h1::conn[0m[2m:[0m incoming body completed
[2m2025-12-10T10:08:03.123366Z[0m [34mDEBUG[0m [2mhyper::client::pool[0m[2m:[0m pooling idle connection for ("http", 192.168.0.14:8545)
[2m2025-12-10T10:08:03.134420Z[0m [34mDEBUG[0m [2methereum_transaction_pool_monitor::eth_client[0m[2m:[0m 📨 Received WebSocket message: {"jsonrpc":"2.0","method":"eth_subscription","params":{"subscription":"0xbed0a0851463e895960a451075a301a9","result":"0x79a5e4a675d8067f12545218be2ee7a824c893ecca74242bf3d95284dbe7b54f"}}
[2m2025-12-10T10:08:03.134432Z[0m [34mDEBUG[0m [2methereum_transaction_pool_monitor::eth_client[0m[2m:[0m 📨 Received pending transaction: 0x79a5e4a675d8067f12545218be2ee7a824c893ecca74242bf3d95284dbe7b54f
[2m2025-12-10T10:08:03.134448Z[0m [34mDEBUG[0m [2methereum_transaction_pool_monitor::eth_client[0m[2m:[0m 📨 Received WebSocket message: {"jsonrpc":"2.0","method":"eth_subscription","params":{"subscription":"0xbed0a0851463e895960a451075a301a9","result":"0x80f0c23701925863894aac7ea8db891946ccbea4e3a7ea3155cdb449818feb88"}}
[2m2025-12-10T10:08:03.134453Z[0m [34mDEBUG[0m [2methereum_transaction_pool_monitor::eth_client[0m[2m:[0m 📨 Received pending transaction: 0x80f0c23701925863894aac7ea8db891946ccbea4e3a7ea3155cdb449818feb88
[2m2025-12-10T10:08:03.134464Z[0m [34mDEBUG[0m [2mhyper::proto::h1::io[0m[2m:[0m parsed 4 headers
[2m2025-12-10T10:08:03.134468Z[0m [34mDEBUG[0m [2mhyper::proto::h1::conn[0m[2m:[0m incoming body is content-length (1855 bytes)
[2m2025-12-10T10:08:03.134474Z[0m [34mDEBUG[0m [2mhyper::proto::h1::conn[0m[2m:[0m incoming body completed
[2m2025-12-10T10:08:03.134481Z[0m [34mDEBUG[0m [2mhyper::client::pool[0m[2m:[0m pooling idle connection for ("http", 192.168.0.14:8545)
[2m2025-12-10T10:08:03.134486Z[0m [34mDEBUG[0m [2methereum_transaction_pool_monitor::eth_client[0m[2m:[0m 📡 Transaction fetch RPC completed in 16.366875ms
[2m2025-12-10T10:08:03.196182Z[0m [34mDEBUG[0m [2mhyper::client::pool[0m[2m:[0m reuse idle connection for ("http", 192.168.0.14:8545)
[2m2025-12-10T10:08:03.196220Z[0m [34mDEBUG[0m [2mhyper::proto::h1::io[0m[2m:[0m flushed 172 bytes
[2m2025-12-10T10:08:03.199318Z[0m [34mDEBUG[0m [2mhyper::proto::h1::io[0m[2m:[0m parsed 4 headers
[2m2025-12-10T10:08:03.199323Z[0m [34mDEBUG[0m [2mhyper::proto::h1::conn[0m[2m:[0m incoming body is content-length (45 bytes)
[2m2025-12-10T10:08:03.199329Z[0m [34mDEBUG[0m [2mhyper::proto::h1::conn[0m[2m:[0m incoming body completed
[2m2025-12-10T10:08:03.199335Z[0m [34mDEBUG[0m [2mhyper::client::pool[0m[2m:[0m pooling idle connection for ("http", 192.168.0.14:8545)
[2m2025-12-10T10:08:03.205066Z[0m [34mDEBUG[0m [2methereum_transaction_pool_monitor::eth_client[0m[2m:[0m ✅ Transaction 0x52934da7b3219e1d43bf2043b2849b1bb6f91e07c40cd90637904f6fce3e0f34 fetched and parsed in 86.945875ms
[2m2025-12-10T10:08:03.205089Z[0m [34mDEBUG[0m [2methereum_transaction_pool_monitor::mempool_monitor[0m[2m:[0m 🔍 Skipping tx 0x52934da7b3219e1d43bf2043b2849b1bb6f91e07c40cd90637904f6fce3e0f34 - not a DEX interaction (target: 0x762340B8a40Cdd5BFC3eDD94265899FDa345D0E3)
[2m2025-12-10T10:08:03.205099Z[0m [34mDEBUG[0m [2methereum_transaction_pool_monitor::mempool_monitor[0m[2m:[0m 📨 Processing new pending transaction: 0x68926ee5b0daef0080cc4660351b5129f89f2b99a4b214379a5b85ccdabe2b26
[2m2025-12-10T10:08:03.205107Z[0m [34mDEBUG[0m [2methereum_transaction_pool_monitor::mempool_monitor[0m[2m:[0m 🔍 Fetching transaction details for: 0x68926ee5b0daef0080cc4660351b5129f89f2b99a4b214379a5b85ccdabe2b26
[2m2025-12-10T10:08:03.205110Z[0m [34mDEBUG[0m [2methereum_transaction_pool_monitor::eth_client[0m[2m:[0m 🔍 Fetching transaction details for hash: 0x68926ee5b0daef0080cc4660351b5129f89f2b99a4b214379a5b85ccdabe2b26
[2m2025-12-10T10:08:03.205123Z[0m [34mDEBUG[0m [2mhyper::client::pool[0m[2m:[0m reuse idle connection for ("http", 192.168.0.14:8545)
[2m2025-12-10T10:08:03.205149Z[0m [34mDEBUG[0m [2mhyper::proto::h1::io[0m[2m:[0m flushed 250 bytes
[2m2025-12-10T10:08:03.210607Z[0m [34mDEBUG[0m [2mhyper::proto::h1::io[0m[2m:[0m parsed 4 headers
[2m2025-12-10T10:08:03.210614Z[0m [34mDEBUG[0m [2mhyper::proto::h1::conn[0m[2m:[0m incoming body is content-length (643 bytes)
[2m2025-12-10T10:08:03.210621Z[0m [34mDEBUG[0m [2mhyper::proto::h1::conn[0m[2m:[0m incoming body completed
[2m2025-12-10T10:08:03.210629Z[0m [34mDEBUG[0m [2mhyper::client::pool[0m[2m:[0m pooling idle connection for ("http", 192.168.0.14:8545)
[2m2025-12-10T10:08:03.210634Z[0m [34mDEBUG[0m [2methereum_transaction_pool_monitor::eth_client[0m[2m:[0m 📡 Transaction fetch RPC completed in 5.52075ms
[2m2025-12-10T10:08:03.280601Z[0m [34mDEBUG[0m [2methereum_transaction_pool_monitor::eth_client[0m[2m:[0m ✅ Transaction 0x68926ee5b0daef0080cc4660351b5129f89f2b99a4b214379a5b85ccdabe2b26 fetched and parsed in 75.485125ms
[2m2025-12-10T10:08:03.280623Z[0m [34mDEBUG[0m [2methereum_transaction_pool_monitor::mempool_monitor[0m[2m:[0m 🔍 Skipping tx 0x68926ee5b0daef0080cc4660351b5129f89f2b99a4b214379a5b85ccdabe2b26 - not a DEX interaction (target: 0xf342Ea57172735D54dCFeB793EdC9538385D9D91)
[2m2025-12-10T10:08:03.280636Z[0m [34mDEBUG[0m [2methereum_transaction_pool_monitor::mempool_monitor[0m[2m:[0m 📨 Processing new pending transaction: 0xaeb49453a335f53fbc343e319ac1324ac275d448c9f133bea3f6a00456bc56f0
[2m2025-12-10T10:08:03.280643Z[0m [34mDEBUG[0m [2methereum_transaction_pool_monitor::mempool_monitor[0m[2m:[0m 🔍 Fetching transaction details for: 0xaeb49453a335f53fbc343e319ac1324ac275d448c9f133bea3f6a00456bc56f0
[2m2025-12-10T10:08:03.280649Z[0m [34mDEBUG[0m [2methereum_transaction_pool_monitor::eth_client[0m[2m:[0m 🔍 Fetching transaction details for hash: 0xaeb49453a335f53fbc343e319ac1324ac275d448c9f133bea3f6a00456bc56f0
[2m2025-12-10T10:08:03.280672Z[0m [34mDEBUG[0m [2mhyper::client::pool[0m[2m:[0m reuse idle connection for ("http", 192.168.0.14:8545)
[2m2025-12-10T10:08:03.280718Z[0m [34mDEBUG[0m [2mhyper::proto::h1::io[0m[2m:[0m flushed 250 bytes
[2m2025-12-10T10:08:03.288760Z[0m [34mDEBUG[0m [2mhyper::proto::h1::io[0m[2m:[0m parsed 4 headers
[2m2025-12-10T10:08:03.288769Z[0m [34mDEBUG[0m [2mhyper::proto::h1::conn[0m[2m:[0m incoming body is content-length (2943 bytes)
[2m2025-12-10T10:08:03.288785Z[0m [34mDEBUG[0m [2methereum_transaction_pool_monitor::eth_client[0m[2m:[0m 📡 Transaction fetch RPC completed in 8.129292ms
[2m2025-12-10T10:08:03.290813Z[0m [34mDEBUG[0m [2mhyper::proto::h1::conn[0m[2m:[0m incoming body completed
[2m2025-12-10T10:08:03.290823Z[0m [34mDEBUG[0m [2mhyper::client::pool[0m[2m:[0m pooling idle connection for ("http", 192.168.0.14:8545)
[2m2025-12-10T10:08:03.296476Z[0m [34mDEBUG[0m [2mhyper::client::pool[0m[2m:[0m reuse idle connection for ("http", 192.168.0.14:8545)
[2m2025-12-10T10:08:03.296508Z[0m [34mDEBUG[0m [2mhyper::proto::h1::io[0m[2m:[0m flushed 172 bytes
[2m2025-12-10T10:08:03.299622Z[0m [34mDEBUG[0m [2mhyper::proto::h1::io[0m[2m:[0m parsed 4 headers
[2m2025-12-10T10:08:03.299680Z[0m [34mDEBUG[0m [2mhyper::proto::h1::conn[0m[2m:[0m incoming body is content-length (45 bytes)
[2m2025-12-10T10:08:03.299697Z[0m [34mDEBUG[0m [2mhyper::proto::h1::conn[0m[2m:[0m incoming body completed
[2m2025-12-10T10:08:03.299717Z[0m [34mDEBUG[0m [2mhyper::client::pool[0m[2m:[0m pooling idle connection for ("http", 192.168.0.14:8545)
[2m2025-12-10T10:08:03.311427Z[0m [34mDEBUG[0m [2methereum_transaction_pool_monitor::eth_client[0m[2m:[0m 📨 Received WebSocket message: {"jsonrpc":"2.0","method":"eth_subscription","params":{"subscription":"0xbed0a0851463e895960a451075a301a9","result":"0xaf88807e10718c7635bd472017388a7d1f1eddb956d86cafae0d1ba2336dfd07"}}
[2m2025-12-10T10:08:03.311457Z[0m [34mDEBUG[0m [2methereum_transaction_pool_monitor::eth_client[0m[2m:[0m 📨 Received pending transaction: 0xaf88807e10718c7635bd472017388a7d1f1eddb956d86cafae0d1ba2336dfd07
[2m2025-12-10T10:08:03.323325Z[0m [34mDEBUG[0m [2methereum_transaction_pool_monitor::eth_client[0m[2m:[0m 📨 Received WebSocket message: {"jsonrpc":"2.0","method":"eth_subscription","params":{"subscription":"0xbed0a0851463e895960a451075a301a9","result":"0x07ca195d36e8f1b7ea270da60e27f64d9960a605cf29cccbc4b2f864c287b289"}}
[2m2025-12-10T10:08:03.323350Z[0m [34mDEBUG[0m [2methereum_transaction_pool_monitor::eth_client[0m[2m:[0m 📨 Received pending transaction: 0x07ca195d36e8f1b7ea270da60e27f64d9960a605cf29cccbc4b2f864c287b289
[2m2025-12-10T10:08:03.327678Z[0m [34mDEBUG[0m [2methereum_transaction_pool_monitor::eth_client[0m[2m:[0m 📨 Received WebSocket message: {"jsonrpc":"2.0","method":"eth_subscription","params":{"subscription":"0xbed0a0851463e895960a451075a301a9","result":"0xf17d7dfeb37b9fed9188268977081cad8a7cf42fdf8256fc1224d7424124ba80"}}
[2m2025-12-10T10:08:03.327691Z[0m [34mDEBUG[0m [2methereum_transaction_pool_monitor::eth_client[0m[2m:[0m 📨 Received pending transaction: 0xf17d7dfeb37b9fed9188268977081cad8a7cf42fdf8256fc1224d7424124ba80
[2m2025-12-10T10:08:03.360694Z[0m [34mDEBUG[0m [2methereum_transaction_pool_monitor::eth_client[0m[2m:[0m 📨 Received WebSocket message: {"jsonrpc":"2.0","method":"eth_subscription","params":{"subscription":"0xbed0a0851463e895960a451075a301a9","result":"0x92195db7bacffea58fdd506587aff6c1926a255df2ba8d5dff2aef9f5f7a4129"}}
[2m2025-12-10T10:08:03.360726Z[0m [34mDEBUG[0m [2methereum_transaction_pool_monitor::eth_client[0m[2m:[0m 📨 Received pending transaction: 0x92195db7bacffea58fdd506587aff6c1926a255df2ba8d5dff2aef9f5f7a4129
[2m2025-12-10T10:08:03.362699Z[0m [34mDEBUG[0m [2methereum_transaction_pool_monitor::eth_client[0m[2m:[0m ✅ Transaction 0xaeb49453a335f53fbc343e319ac1324ac275d448c9f133bea3f6a00456bc56f0 fetched and parsed in 82.042167ms
[2m2025-12-10T10:08:03.365488Z[0m [34mDEBUG[0m [2methereum_transaction_pool_monitor::mempool_monitor[0m[2m:[0m 🔍 Skipping tx 0xaeb49453a335f53fbc343e319ac1324ac275d448c9f133bea3f6a00456bc56f0 - not a DEX interaction (target: 0x618892aE551eB5bB2DE8911057b3714274b5FFe1)
[2m2025-12-10T10:08:03.365506Z[0m [34mDEBUG[0m [2methereum_transaction_pool_monitor::mempool_monitor[0m[2m:[0m 📨 Processing new pending transaction: 0x840421e0c6e51cd0a6f180810f1a4a6e5678a6ebd68caae3249b73242b369a2f
[2m2025-12-10T10:08:03.365514Z[0m [34mDEBUG[0m [2methereum_transaction_pool_monitor::mempool_monitor[0m[2m:[0m 🔍 Fetching transaction details for: 0x840421e0c6e51cd0a6f180810f1a4a6e5678a6ebd68caae3249b73242b369a2f
[2m2025-12-10T10:08:03.365520Z[0m [34mDEBUG[0m [2methereum_transaction_pool_monitor::eth_client[0m[2m:[0m 🔍 Fetching transaction details for hash: 0x840421e0c6e51cd0a6f180810f1a4a6e5678a6ebd68caae3249b73242b369a2f
[2m2025-12-10T10:08:03.365556Z[0m [34mDEBUG[0m [2mhyper::client::pool[0m[2m:[0m reuse idle connection for ("http", 192.168.0.14:8545)
[2m2025-12-10T10:08:03.365596Z[0m [34mDEBUG[0m [2mhyper::proto::h1::io[0m[2m:[0m flushed 250 bytes
[2m2025-12-10T10:08:03.369786Z[0m [34mDEBUG[0m [2mhyper::proto::h1::io[0m[2m:[0m parsed 4 headers
[2m2025-12-10T10:08:03.369792Z[0m [34mDEBUG[0m [2mhyper::proto::h1::conn[0m[2m:[0m incoming body is content-length (649 bytes)
[2m2025-12-10T10:08:03.369800Z[0m [34mDEBUG[0m [2mhyper::proto::h1::conn[0m[2m:[0m incoming body completed
[2m2025-12-10T10:08:03.369809Z[0m [34mDEBUG[0m [2mhyper::client::pool[0m[2m:[0m pooling idle connection for ("http", 192.168.0.14:8545)
[2m2025-12-10T10:08:03.369816Z[0m [34mDEBUG[0m [2methereum_transaction_pool_monitor::eth_client[0m[2m:[0m 📡 Transaction fetch RPC completed in 4.287875ms
[2m2025-12-10T10:08:03.438793Z[0m [34mDEBUG[0m [2methereum_transaction_pool_monitor::eth_client[0m[2m:[0m ✅ Transaction 0x840421e0c6e51cd0a6f180810f1a4a6e5678a6ebd68caae3249b73242b369a2f fetched and parsed in 73.262292ms
[2m2025-12-10T10:08:03.438827Z[0m [34mDEBUG[0m [2methereum_transaction_pool_monitor::mempool_monitor[0m[2m:[0m 🔍 Skipping tx 0x840421e0c6e51cd0a6f180810f1a4a6e5678a6ebd68caae3249b73242b369a2f - not a DEX interaction (target: 0xb334A61a6209F14b5fA5f1684a4eD7621f66e1eF)
[2m2025-12-10T10:08:03.438839Z[0m [34mDEBUG[0m [2methereum_transaction_pool_monitor::mempool_monitor[0m[2m:[0m 📨 Processing new pending transaction: 0xe7c8986d5624753010520961df905870e2d8ed22cd4063e7a16005bc715b6de2
[2m2025-12-10T10:08:03.438846Z[0m [34mDEBUG[0m [2methereum_transaction_pool_monitor::mempool_monitor[0m[2m:[0m 🔍 Fetching transaction details for: 0xe7c8986d5624753010520961df905870e2d8ed22cd4063e7a16005bc715b6de2
[2m2025-12-10T10:08:03.438853Z[0m [34mDEBUG[0m [2methereum_transaction_pool_monitor::eth_client[0m[2m:[0m 🔍 Fetching transaction details for hash: 0xe7c8986d5624753010520961df905870e2d8ed22cd4063e7a16005bc715b6de2
[2m2025-12-10T10:08:03.438873Z[0m [34mDEBUG[0m [2mhyper::client::pool[0m[2m:[0m reuse idle connection for ("http", 192.168.0.14:8545)
[2m2025-12-10T10:08:03.438923Z[0m [34mDEBUG[0m [2mhyper::proto::h1::io[0m[2m:[0m flushed 250 bytes
[2m2025-12-10T10:08:03.438944Z[0m [34mDEBUG[0m [2mhyper::client::pool[0m[2m:[0m reuse idle connection for ("http", 192.168.0.14:8545)
[2m2025-12-10T10:08:03.438956Z[0m [34mDEBUG[0m [2methereum_transaction_pool_monitor::eth_client[0m[2m:[0m 📨 Received WebSocket message: {"jsonrpc":"2.0","method":"eth_subscription","params":{"subscription":"0xbed0a0851463e895960a451075a301a9","result":"0x7c15a6feb521e8e24a7c64bc4b350c2604cb7bcebcd878e899a5cc8aedbf1e55"}}
[2m2025-12-10T10:08:03.438959Z[0m [34mDEBUG[0m [2mhyper::proto::h1::io[0m[2m:[0m flushed 172 bytes
[2m2025-12-10T10:08:03.438969Z[0m [34mDEBUG[0m [2methereum_transaction_pool_monitor::eth_client[0m[2m:[0m 📨 Received pending transaction: 0x7c15a6feb521e8e24a7c64bc4b350c2604cb7bcebcd878e899a5cc8aedbf1e55
[2m2025-12-10T10:08:03.438976Z[0m [34mDEBUG[0m [2methereum_transaction_pool_monitor::eth_client[0m[2m:[0m 📨 Received WebSocket message: {"jsonrpc":"2.0","method":"eth_subscription","params":{"subscription":"0xbed0a0851463e895960a451075a301a9","result":"0xac388d65c98a21941e93548f43f9fb70475702125e3c1bfd112a0908a5660218"}}
[2m2025-12-10T10:08:03.438983Z[0m [34mDEBUG[0m [2methereum_transaction_pool_monitor::eth_client[0m[2m:[0m 📨 Received pending transaction: 0xac388d65c98a21941e93548f43f9fb70475702125e3c1bfd112a0908a5660218
[2m2025-12-10T10:08:03.447475Z[0m [34mDEBUG[0m [2mhyper::proto::h1::io[0m[2m:[0m parsed 4 headers
[2m2025-12-10T10:08:03.447504Z[0m [34mDEBUG[0m [2mhyper::proto::h1::conn[0m[2m:[0m incoming body is content-length (45 bytes)
[2m2025-12-10T10:08:03.447484Z[0m [34mDEBUG[0m [2mhyper::proto::h1::io[0m[2m:[0m parsed 4 headers
[2m2025-12-10T10:08:03.447535Z[0m [34mDEBUG[0m [2mhyper::proto::h1::conn[0m[2m:[0m incoming body completed
[2m2025-12-10T10:08:03.447551Z[0m [34mDEBUG[0m [2mhyper::client::pool[0m[2m:[0m pooling idle connection for ("http", 192.168.0.14:8545)
[2m2025-12-10T10:08:03.447535Z[0m [34mDEBUG[0m [2mhyper::proto::h1::conn[0m[2m:[0m incoming body is content-length (763 bytes)
[2m2025-12-10T10:08:03.447574Z[0m [34mDEBUG[0m [2mhyper::proto::h1::conn[0m[2m:[0m incoming body completed
[2m2025-12-10T10:08:03.447824Z[0m [34mDEBUG[0m [2mhyper::client::pool[0m[2m:[0m pooling idle connection for ("http", 192.168.0.14:8545)
[2m2025-12-10T10:08:03.447830Z[0m [34mDEBUG[0m [2methereum_transaction_pool_monitor::eth_client[0m[2m:[0m 📡 Transaction fetch RPC completed in 8.972417ms
[2m2025-12-10T10:08:03.456501Z[0m [34mDEBUG[0m [2methereum_transaction_pool_monitor::eth_client[0m[2m:[0m 📨 Received WebSocket message: {"jsonrpc":"2.0","method":"eth_subscription","params":{"subscription":"0xbed0a0851463e895960a451075a301a9","result":"0xfb38d8f98afcb65983ab4d3cedba744738fa86045efe8b9e3b7aef5bd9c59654"}}
[2m2025-12-10T10:08:03.456517Z[0m [34mDEBUG[0m [2methereum_transaction_pool_monitor::eth_client[0m[2m:[0m 📨 Received pending transaction: 0xfb38d8f98afcb65983ab4d3cedba744738fa86045efe8b9e3b7aef5bd9c59654
[2m2025-12-10T10:08:03.487876Z[0m [34mDEBUG[0m [2methereum_transaction_pool_monitor::eth_client[0m[2m:[0m 📨 Received WebSocket message: {"jsonrpc":"2.0","method":"eth_subscription","params":{"subscription":"0xbed0a0851463e895960a451075a301a9","result":"0xeb29ab78c1b9e6ff107350aa9ef005145290340c530db922431287b389a304d1"}}
[2m2025-12-10T10:08:03.487927Z[0m [34mDEBUG[0m [2methereum_transaction_pool_monitor::eth_client[0m[2m:[0m 📨 Received pending transaction: 0xeb29ab78c1b9e6ff107350aa9ef005145290340c530db922431287b389a304d1
[2m2025-12-10T10:08:03.496978Z[0m [34mDEBUG[0m [2mhyper::client::pool[0m[2m:[0m reuse idle connection for ("http", 192.168.0.14:8545)
[2m2025-12-10T10:08:03.497045Z[0m [34mDEBUG[0m [2mhyper::proto::h1::io[0m[2m:[0m flushed 172 bytes
[2m2025-12-10T10:08:03.502558Z[0m [34mDEBUG[0m [2mhyper::proto::h1::io[0m[2m:[0m parsed 4 headers
[2m2025-12-10T10:08:03.502568Z[0m [34mDEBUG[0m [2mhyper::proto::h1::conn[0m[2m:[0m incoming body is content-length (45 bytes)
[2m2025-12-10T10:08:03.502576Z[0m [34mDEBUG[0m [2mhyper::proto::h1::conn[0m[2m:[0m incoming body completed
[2m2025-12-10T10:08:03.502584Z[0m [34mDEBUG[0m [2mhyper::client::pool[0m[2m:[0m pooling idle connection for ("http", 192.168.0.14:8545)
[2m2025-12-10T10:08:03.518721Z[0m [34mDEBUG[0m [2methereum_transaction_pool_monitor::eth_client[0m[2m:[0m ✅ Transaction 0xe7c8986d5624753010520961df905870e2d8ed22cd4063e7a16005bc715b6de2 fetched and parsed in 79.860959ms
[2m2025-12-10T10:08:03.518747Z[0m [34mDEBUG[0m [2methereum_transaction_pool_monitor::mempool_monitor[0m[2m:[0m 🔍 Skipping tx 0xe7c8986d5624753010520961df905870e2d8ed22cd4063e7a16005bc715b6de2 - not a DEX interaction (target: 0xd50370bEE8bFf23Bbb30ca558a1d0207DBc96ef2)
[2m2025-12-10T10:08:03.518759Z[0m [34mDEBUG[0m [2methereum_transaction_pool_monitor::mempool_monitor[0m[2m:[0m 📨 Processing new pending transaction: 0xc9bf3d9219c7fd83f5fe653763fd03477b92b9dcce5401f9736da276c1514098
[2m2025-12-10T10:08:03.518766Z[0m [34mDEBUG[0m [2methereum_transaction_pool_monitor::mempool_monitor[0m[2m:[0m 🔍 Fetching transaction details for: 0xc9bf3d9219c7fd83f5fe653763fd03477b92b9dcce5401f9736da276c1514098
[2m2025-12-10T10:08:03.518771Z[0m [34mDEBUG[0m [2methereum_transaction_pool_monitor::eth_client[0m[2m:[0m 🔍 Fetching transaction details for hash: 0xc9bf3d9219c7fd83f5fe653763fd03477b92b9dcce5401f9736da276c1514098
[2m2025-12-10T10:08:03.518791Z[0m [34mDEBUG[0m [2mhyper::client::pool[0m[2m:[0m reuse idle connection for ("http", 192.168.0.14:8545)
[2m2025-12-10T10:08:03.518835Z[0m [34mDEBUG[0m [2mhyper::proto::h1::io[0m[2m:[0m flushed 250 bytes
[2m2025-12-10T10:08:03.523879Z[0m [34mDEBUG[0m [2mhyper::proto::h1::io[0m[2m:[0m parsed 4 headers
[2m2025-12-10T10:08:03.523894Z[0m [34mDEBUG[0m [2mhyper::proto::h1::conn[0m[2m:[0m incoming body is content-length (778 bytes)
[2m2025-12-10T10:08:03.523904Z[0m [34mDEBUG[0m [2mhyper::proto::h1::conn[0m[2m:[0m incoming body completed
[2m2025-12-10T10:08:03.523915Z[0m [34mDEBUG[0m [2mhyper::client::pool[0m[2m:[0m pooling idle connection for ("http", 192.168.0.14:8545)
[2m2025-12-10T10:08:03.523923Z[0m [34mDEBUG[0m [2methereum_transaction_pool_monitor::eth_client[0m[2m:[0m 📡 Transaction fetch RPC completed in 5.147333ms
[2m2025-12-10T10:08:03.523939Z[0m [34mDEBUG[0m [2methereum_transaction_pool_monitor::eth_client[0m[2m:[0m DeFi transaction detected - Address: 0xdac17f958d2ee523a2206206994597c13d831ec7, Type: Stablecoin, Value: 0 ETH, Gas: 127.50 Gwei
[2m2025-12-10T10:08:03.523950Z[0m [34mDEBUG[0m [2methereum_transaction_pool_monitor::eth_client[0m[2m:[0m ✅ Transaction 0xc9bf3d9219c7fd83f5fe653763fd03477b92b9dcce5401f9736da276c1514098 fetched and parsed in 5.175ms
[2m2025-12-10T10:08:03.523956Z[0m [34mDEBUG[0m [2methereum_transaction_pool_monitor::mempool_monitor[0m[2m:[0m 🔍 Skipping tx 0xc9bf3d9219c7fd83f5fe653763fd03477b92b9dcce5401f9736da276c1514098 - not a DEX interaction (target: 0xdAC17F958D2ee523a2206206994597C13D831ec7)
[2m2025-12-10T10:08:03.523963Z[0m [34mDEBUG[0m [2methereum_transaction_pool_monitor::mempool_monitor[0m[2m:[0m 📨 Processing new pending transaction: 0x4fbe8c66661bdde70152255aec93fefe90d407324daa9b303f735353c610aee3
[2m2025-12-10T10:08:03.523967Z[0m [34mDEBUG[0m [2methereum_transaction_pool_monitor::mempool_monitor[0m[2m:[0m 🔍 Fetching transaction details for: 0x4fbe8c66661bdde70152255aec93fefe90d407324daa9b303f735353c610aee3
[2m2025-12-10T10:08:03.523970Z[0m [34mDEBUG[0m [2methereum_transaction_pool_monitor::eth_client[0m[2m:[0m 🔍 Fetching transaction details for hash: 0x4fbe8c66661bdde70152255aec93fefe90d407324daa9b303f735353c610aee3
[2m2025-12-10T10:08:03.523983Z[0m [34mDEBUG[0m [2mhyper::client::pool[0m[2m:[0m reuse idle connection for ("http", 192.168.0.14:8545)
[2m2025-12-10T10:08:03.524009Z[0m [34mDEBUG[0m [2mhyper::proto::h1::io[0m[2m:[0m flushed 250 bytes
[2m2025-12-10T10:08:03.528772Z[0m [34mDEBUG[0m [2mhyper::proto::h1::io[0m[2m:[0m parsed 4 headers
[2m2025-12-10T10:08:03.528784Z[0m [34mDEBUG[0m [2mhyper::proto::h1::conn[0m[2m:[0m incoming body is content-length (839 bytes)
[2m2025-12-10T10:08:03.528791Z[0m [34mDEBUG[0m [2mhyper::proto::h1::conn[0m[2m:[0m incoming body completed
[2m2025-12-10T10:08:03.528799Z[0m [34mDEBUG[0m [2mhyper::client::pool[0m[2m:[0m pooling idle connection for ("http", 192.168.0.14:8545)
[2m2025-12-10T10:08:03.528805Z[0m [34mDEBUG[0m [2methereum_transaction_pool_monitor::eth_client[0m[2m:[0m 📡 Transaction fetch RPC completed in 4.830542ms
[2m2025-12-10T10:08:03.599793Z[0m [34mDEBUG[0m [2methereum_transaction_pool_monitor::eth_client[0m[2m:[0m ✅ Transaction 0x4fbe8c66661bdde70152255aec93fefe90d407324daa9b303f735353c610aee3 fetched and parsed in 75.816584ms
[2m2025-12-10T10:08:03.599823Z[0m [34mDEBUG[0m [2methereum_transaction_pool_monitor::mempool_monitor[0m[2m:[0m 🔍 Skipping tx 0x4fbe8c66661bdde70152255aec93fefe90d407324daa9b303f735353c610aee3 - not a DEX interaction (target: 0xe53EC727dbDEB9E2d5456c3be40cFF031AB40A55)
[2m2025-12-10T10:08:03.599834Z[0m [34mDEBUG[0m [2methereum_transaction_pool_monitor::mempool_monitor[0m[2m:[0m 📨 Processing new pending transaction: 0xdb1de73d6326b16f8e5908b8c7fb9458d7b2e27af08cd80f6480a8a2d6a9c3ee
[2m2025-12-10T10:08:03.599843Z[0m [34mDEBUG[0m [2methereum_transaction_pool_monitor::mempool_monitor[0m[2m:[0m 🔍 Fetching transaction details for: 0xdb1de73d6326b16f8e5908b8c7fb9458d7b2e27af08cd80f6480a8a2d6a9c3ee
[2m2025-12-10T10:08:03.599854Z[0m [34mDEBUG[0m [2methereum_transaction_pool_monitor::eth_client[0m[2m:[0m 🔍 Fetching transaction details for hash: 0xdb1de73d6326b16f8e5908b8c7fb9458d7b2e27af08cd80f6480a8a2d6a9c3ee
[2m2025-12-10T10:08:03.599876Z[0m [34mDEBUG[0m [2mhyper::client::pool[0m[2m:[0m reuse idle connection for ("http", 192.168.0.14:8545)
[2m2025-12-10T10:08:03.599923Z[0m [34mDEBUG[0m [2mhyper::proto::h1::io[0m[2m:[0m flushed 250 bytes
[2m2025-12-10T10:08:03.599943Z[0m [34mDEBUG[0m [2mhyper::client::pool[0m[2m:[0m reuse idle connection for ("http", 192.168.0.14:8545)
[2m2025-12-10T10:08:03.599956Z[0m [34mDEBUG[0m [2methereum_transaction_pool_monitor::eth_client[0m[2m:[0m 📨 Received WebSocket message: {"jsonrpc":"2.0","method":"eth_subscription","params":{"subscription":"0xbed0a0851463e895960a451075a301a9","result":"0xbf4f0da5f5e95fd25482b7202711a0028f5e04d93501b2c5018ed6aa3eb8957c"}}
[2m2025-12-10T10:08:03.599960Z[0m [34mDEBUG[0m [2mhyper::proto::h1::io[0m[2m:[0m flushed 172 bytes
[2m2025-12-10T10:08:03.599971Z[0m [34mDEBUG[0m [2methereum_transaction_pool_monitor::eth_client[0m[2m:[0m 📨 Received pending transaction: 0xbf4f0da5f5e95fd25482b7202711a0028f5e04d93501b2c5018ed6aa3eb8957c
[2m2025-12-10T10:08:03.607690Z[0m [34mDEBUG[0m [2mhyper::proto::h1::io[0m[2m:[0m parsed 4 headers
[2m2025-12-10T10:08:03.607701Z[0m [34mDEBUG[0m [2mhyper::proto::h1::conn[0m[2m:[0m incoming body is content-length (45 bytes)
[2m2025-12-10T10:08:03.607708Z[0m [34mDEBUG[0m [2mhyper::proto::h1::conn[0m[2m:[0m incoming body completed
[2m2025-12-10T10:08:03.607716Z[0m [34mDEBUG[0m [2mhyper::client::pool[0m[2m:[0m pooling idle connection for ("http", 192.168.0.14:8545)
[2m2025-12-10T10:08:03.608535Z[0m [34mDEBUG[0m [2mhyper::proto::h1::io[0m[2m:[0m parsed 4 headers
[2m2025-12-10T10:08:03.608541Z[0m [34mDEBUG[0m [2mhyper::proto::h1::conn[0m[2m:[0m incoming body is content-length (675 bytes)
[2m2025-12-10T10:08:03.608546Z[0m [34mDEBUG[0m [2mhyper::proto::h1::conn[0m[2m:[0m incoming body completed
[2m2025-12-10T10:08:03.608553Z[0m [34mDEBUG[0m [2mhyper::client::pool[0m[2m:[0m pooling idle connection for ("http", 192.168.0.14:8545)
[2m2025-12-10T10:08:03.608560Z[0m [34mDEBUG[0m [2methereum_transaction_pool_monitor::eth_client[0m[2m:[0m 📡 Transaction fetch RPC completed in 8.6985ms
[2m2025-12-10T10:08:03.608574Z[0m [34mDEBUG[0m [2methereum_transaction_pool_monitor::eth_client[0m[2m:[0m DeFi transaction detected - Address: 0xdac17f958d2ee523a2206206994597c13d831ec7, Type: Stablecoin, Value: 0 ETH, Gas: 1.00 Gwei
[2m2025-12-10T10:08:03.608588Z[0m [34mDEBUG[0m [2methereum_transaction_pool_monitor::eth_client[0m[2m:[0m ✅ Transaction 0xdb1de73d6326b16f8e5908b8c7fb9458d7b2e27af08cd80f6480a8a2d6a9c3ee fetched and parsed in 8.726916ms
[2m2025-12-10T10:08:03.608595Z[0m [34mDEBUG[0m [2methereum_transaction_pool_monitor::mempool_monitor[0m[2m:[0m 🔍 Skipping tx 0xdb1de73d6326b16f8e5908b8c7fb9458d7b2e27af08cd80f6480a8a2d6a9c3ee - not a DEX interaction (target: 0xdAC17F958D2ee523a2206206994597C13D831ec7)
[2m2025-12-10T10:08:03.608604Z[0m [34mDEBUG[0m [2methereum_transaction_pool_monitor::mempool_monitor[0m[2m:[0m 📨 Processing new pending transaction: 0x8b91d3fdc5e781174a10b296d4ac4ba0667a9acff2720d34968b9ef659a9676f
[2m2025-12-10T10:08:03.608608Z[0m [34mDEBUG[0m [2methereum_transaction_pool_monitor::mempool_monitor[0m[2m:[0m 🔍 Fetching transaction details for: 0x8b91d3fdc5e781174a10b296d4ac4ba0667a9acff2720d34968b9ef659a9676f
[2m2025-12-10T10:08:03.608615Z[0m [34mDEBUG[0m [2methereum_transaction_pool_monitor::eth_client[0m[2m:[0m 🔍 Fetching transaction details for hash: 0x8b91d3fdc5e781174a10b296d4ac4ba0667a9acff2720d34968b9ef659a9676f
[2m2025-12-10T10:08:03.608626Z[0m [34mDEBUG[0m [2mhyper::client::pool[0m[2m:[0m reuse idle connection for ("http", 192.168.0.14:8545)
[2m2025-12-10T10:08:03.608654Z[0m [34mDEBUG[0m [2mhyper::proto::h1::io[0m[2m:[0m flushed 250 bytes
[2m2025-12-10T10:08:03.612108Z[0m [34mDEBUG[0m [2methereum_transaction_pool_monitor::eth_client[0m[2m:[0m 📨 Received WebSocket message: {"jsonrpc":"2.0","method":"eth_subscription","params":{"subscription":"0xbed0a0851463e895960a451075a301a9","result":"0xec867d6757a3a5a00c5a11a6e0a21339feea3a12b82589e80ed03e0d2e935157"}}
[2m2025-12-10T10:08:03.612121Z[0m [34mDEBUG[0m [2methereum_transaction_pool_monitor::eth_client[0m[2m:[0m 📨 Received pending transaction: 0xec867d6757a3a5a00c5a11a6e0a21339feea3a12b82589e80ed03e0d2e935157
[2m2025-12-10T10:08:03.612463Z[0m [34mDEBUG[0m [2mhyper::proto::h1::io[0m[2m:[0m parsed 4 headers
[2m2025-12-10T10:08:03.612469Z[0m [34mDEBUG[0m [2mhyper::proto::h1::conn[0m[2m:[0m incoming body is content-length (653 bytes)
[2m2025-12-10T10:08:03.612476Z[0m [34mDEBUG[0m [2mhyper::proto::h1::conn[0m[2m:[0m incoming body completed
[2m2025-12-10T10:08:03.612484Z[0m [34mDEBUG[0m [2mhyper::client::pool[0m[2m:[0m pooling idle connection for ("http", 192.168.0.14:8545)
[2m2025-12-10T10:08:03.612489Z[0m [34mDEBUG[0m [2methereum_transaction_pool_monitor::eth_client[0m[2m:[0m 📡 Transaction fetch RPC completed in 3.870209ms
[2m2025-12-10T10:08:03.683872Z[0m [34mDEBUG[0m [2methereum_transaction_pool_monitor::eth_client[0m[2m:[0m ✅ Transaction 0x8b91d3fdc5e781174a10b296d4ac4ba0667a9acff2720d34968b9ef659a9676f fetched and parsed in 75.249834ms
[2m2025-12-10T10:08:03.683899Z[0m [34mDEBUG[0m [2methereum_transaction_pool_monitor::mempool_monitor[0m[2m:[0m 🔍 Skipping tx 0x8b91d3fdc5e781174a10b296d4ac4ba0667a9acff2720d34968b9ef659a9676f - not a DEX interaction (target: 0x7efee6891181029c9E1EFa46D0ae540311E3aabc)
[2m2025-12-10T10:08:03.683909Z[0m [34mDEBUG[0m [2methereum_transaction_pool_monitor::mempool_monitor[0m[2m:[0m 📨 Processing new pending transaction: 0x957262effc638a26442dee3bb3cf0736321d3dc4b775264aaf519482e886d8a2
[2m2025-12-10T10:08:03.683916Z[0m [34mDEBUG[0m [2methereum_transaction_pool_monitor::mempool_monitor[0m[2m:[0m 🔍 Fetching transaction details for: 0x957262effc638a26442dee3bb3cf0736321d3dc4b775264aaf519482e886d8a2
[2m2025-12-10T10:08:03.683922Z[0m [34mDEBUG[0m [2methereum_transaction_pool_monitor::eth_client[0m[2m:[0m 🔍 Fetching transaction details for hash: 0x957262effc638a26442dee3bb3cf0736321d3dc4b775264aaf519482e886d8a2
[2m2025-12-10T10:08:03.683944Z[0m [34mDEBUG[0m [2mhyper::client::pool[0m[2m:[0m reuse idle connection for ("http", 192.168.0.14:8545)
[2m2025-12-10T10:08:03.683993Z[0m [34mDEBUG[0m [2mhyper::proto::h1::io[0m[2m:[0m flushed 250 bytes
[2m2025-12-10T10:08:03.687808Z[0m [34mDEBUG[0m [2mhyper::proto::h1::io[0m[2m:[0m parsed 4 headers
[2m2025-12-10T10:08:03.687814Z[0m [34mDEBUG[0m [2mhyper::proto::h1::conn[0m[2m:[0m incoming body is content-length (676 bytes)
[2m2025-12-10T10:08:03.687822Z[0m [34mDEBUG[0m [2mhyper::proto::h1::conn[0m[2m:[0m incoming body completed
[2m2025-12-10T10:08:03.687833Z[0m [34mDEBUG[0m [2mhyper::client::pool[0m[2m:[0m pooling idle connection for ("http", 192.168.0.14:8545)
[2m2025-12-10T10:08:03.687839Z[0m [34mDEBUG[0m [2methereum_transaction_pool_monitor::eth_client[0m[2m:[0m 📡 Transaction fetch RPC completed in 3.913125ms
[2m2025-12-10T10:08:03.687855Z[0m [34mDEBUG[0m [2methereum_transaction_pool_monitor::eth_client[0m[2m:[0m DeFi transaction detected - Address: 0xdac17f958d2ee523a2206206994597c13d831ec7, Type: Stablecoin, Value: 0 ETH, Gas: 1.00 Gwei
[2m2025-12-10T10:08:03.687867Z[0m [34mDEBUG[0m [2methereum_transaction_pool_monitor::eth_client[0m[2m:[0m ✅ Transaction 0x957262effc638a26442dee3bb3cf0736321d3dc4b775264aaf519482e886d8a2 fetched and parsed in 3.940666ms
[2m2025-12-10T10:08:03.687872Z[0m [34mDEBUG[0m [2methereum_transaction_pool_monitor::mempool_monitor[0m[2m:[0m 🔍 Skipping tx 0x957262effc638a26442dee3bb3cf0736321d3dc4b775264aaf519482e886d8a2 - not a DEX interaction (target: 0xdAC17F958D2ee523a2206206994597C13D831ec7)
[2m2025-12-10T10:08:03.687879Z[0m [34mDEBUG[0m [2methereum_transaction_pool_monitor::mempool_monitor[0m[2m:[0m 📨 Processing new pending transaction: 0x3caa387349b243ead8a52bdafc70984d61f423bb1b169ed9d77920595c386666
[2m2025-12-10T10:08:03.687884Z[0m [34mDEBUG[0m [2methereum_transaction_pool_monitor::mempool_monitor[0m[2m:[0m 🔍 Fetching transaction details for: 0x3caa387349b243ead8a52bdafc70984d61f423bb1b169ed9d77920595c386666
[2m2025-12-10T10:08:03.687888Z[0m [34mDEBUG[0m [2methereum_transaction_pool_monitor::eth_client[0m[2m:[0m 🔍 Fetching transaction details for hash: 0x3caa387349b243ead8a52bdafc70984d61f423bb1b169ed9d77920595c386666
[2m2025-12-10T10:08:03.688605Z[0m [34mDEBUG[0m [2mhyper::client::pool[0m[2m:[0m reuse idle connection for ("http", 192.168.0.14:8545)
[2m2025-12-10T10:08:03.688628Z[0m [34mDEBUG[0m [2mhyper::proto::h1::io[0m[2m:[0m flushed 250 bytes
[2m2025-12-10T10:08:03.695879Z[0m [34mDEBUG[0m [2mhyper::client::pool[0m[2m:[0m reuse idle connection for ("http", 192.168.0.14:8545)
[2m2025-12-10T10:08:03.695922Z[0m [34mDEBUG[0m [2mhyper::proto::h1::io[0m[2m:[0m flushed 172 bytes
[2m2025-12-10T10:08:03.696767Z[0m [34mDEBUG[0m [2mhyper::proto::h1::io[0m[2m:[0m parsed 4 headers
[2m2025-12-10T10:08:03.696774Z[0m [34mDEBUG[0m [2mhyper::proto::h1::conn[0m[2m:[0m incoming body is content-length (772 bytes)
[2m2025-12-10T10:08:03.696780Z[0m [34mDEBUG[0m [2mhyper::proto::h1::conn[0m[2m:[0m incoming body completed
[2m2025-12-10T10:08:03.696786Z[0m [34mDEBUG[0m [2mhyper::client::pool[0m[2m:[0m pooling idle connection for ("http", 192.168.0.14:8545)
[2m2025-12-10T10:08:03.696792Z[0m [34mDEBUG[0m [2methereum_transaction_pool_monitor::eth_client[0m[2m:[0m 📡 Transaction fetch RPC completed in 8.1955ms
[2m2025-12-10T10:08:03.696804Z[0m [34mDEBUG[0m [2methereum_transaction_pool_monitor::eth_client[0m[2m:[0m DeFi transaction detected - Address: 0xdac17f958d2ee523a2206206994597c13d831ec7, Type: Stablecoin, Value: 0 ETH, Gas: 0.28 Gwei
[2m2025-12-10T10:08:03.696814Z[0m [34mDEBUG[0m [2methereum_transaction_pool_monitor::eth_client[0m[2m:[0m ✅ Transaction 0x3caa387349b243ead8a52bdafc70984d61f423bb1b169ed9d77920595c386666 fetched and parsed in 8.217625ms
[2m2025-12-10T10:08:03.696819Z[0m [34mDEBUG[0m [2methereum_transaction_pool_monitor::mempool_monitor[0m[2m:[0m 🔍 Skipping tx 0x3caa387349b243ead8a52bdafc70984d61f423bb1b169ed9d77920595c386666 - not a DEX interaction (target: 0xdAC17F958D2ee523a2206206994597C13D831ec7)
[2m2025-12-10T10:08:03.696825Z[0m [34mDEBUG[0m [2methereum_transaction_pool_monitor::mempool_monitor[0m[2m:[0m 📨 Processing new pending transaction: 0x760d01696399984311a392bd9091273e9b212379ee86753ca26ed5016ca2c977
[2m2025-12-10T10:08:03.696829Z[0m [34mDEBUG[0m [2methereum_transaction_pool_monitor::mempool_monitor[0m[2m:[0m 🔍 Fetching transaction details for: 0x760d01696399984311a392bd9091273e9b212379ee86753ca26ed5016ca2c977
[2m2025-12-10T10:08:03.696833Z[0m [34mDEBUG[0m [2methereum_transaction_pool_monitor::eth_client[0m[2m:[0m 🔍 Fetching transaction details for hash: 0x760d01696399984311a392bd9091273e9b212379ee86753ca26ed5016ca2c977
[2m2025-12-10T10:08:03.696842Z[0m [34mDEBUG[0m [2mhyper::client::pool[0m[2m:[0m reuse idle connection for ("http", 192.168.0.14:8545)
[2m2025-12-10T10:08:03.696856Z[0m [34mDEBUG[0m [2mhyper::proto::h1::io[0m[2m:[0m flushed 250 bytes
[2m2025-12-10T10:08:03.702770Z[0m [34mDEBUG[0m [2mhyper::proto::h1::io[0m[2m:[0m parsed 4 headers
[2m2025-12-10T10:08:03.702796Z[0m [34mDEBUG[0m [2mhyper::proto::h1::conn[0m[2m:[0m incoming body is content-length (45 bytes)
[2m2025-12-10T10:08:03.702816Z[0m [34mDEBUG[0m [2mhyper::proto::h1::conn[0m[2m:[0m incoming body completed
[2m2025-12-10T10:08:03.702830Z[0m [34mDEBUG[0m [2mhyper::client::pool[0m[2m:[0m pooling idle connection for ("http", 192.168.0.14:8545)
[2m2025-12-10T10:08:03.704907Z[0m [34mDEBUG[0m [2mhyper::proto::h1::io[0m[2m:[0m parsed 4 headers
[2m2025-12-10T10:08:03.704914Z[0m [34mDEBUG[0m [2mhyper::proto::h1::conn[0m[2m:[0m incoming body is content-length (766 bytes)
[2m2025-12-10T10:08:03.704921Z[0m [34mDEBUG[0m [2mhyper::proto::h1::conn[0m[2m:[0m incoming body completed
[2m2025-12-10T10:08:03.704927Z[0m [34mDEBUG[0m [2mhyper::client::pool[0m[2m:[0m pooling idle connection for ("http", 192.168.0.14:8545)
[2m2025-12-10T10:08:03.704932Z[0m [34mDEBUG[0m [2methereum_transaction_pool_monitor::eth_client[0m[2m:[0m 📡 Transaction fetch RPC completed in 8.095708ms
[2m2025-12-10T10:08:03.776382Z[0m [34mDEBUG[0m [2methereum_transaction_pool_monitor::eth_client[0m[2m:[0m ✅ Transaction 0x760d01696399984311a392bd9091273e9b212379ee86753ca26ed5016ca2c977 fetched and parsed in 79.543208ms
[2m2025-12-10T10:08:03.776410Z[0m [34mDEBUG[0m [2methereum_transaction_pool_monitor::mempool_monitor[0m[2m:[0m 🔍 Skipping tx 0x760d01696399984311a392bd9091273e9b212379ee86753ca26ed5016ca2c977 - not a DEX interaction (target: 0x1CDD2EaB61112697626F7b4bB0e23Da4FeBF7B7C)
[2m2025-12-10T10:08:03.776421Z[0m [34mDEBUG[0m [2methereum_transaction_pool_monitor::mempool_monitor[0m[2m:[0m 📨 Processing new pending transaction: 0x558148072ba80f67e10c4dd75f48e5a711b73c9078562f9c024ccfa7658536ab
[2m2025-12-10T10:08:03.776429Z[0m [34mDEBUG[0m [2methereum_transaction_pool_monitor::mempool_monitor[0m[2m:[0m 🔍 Fetching transaction details for: 0x558148072ba80f67e10c4dd75f48e5a711b73c9078562f9c024ccfa7658536ab
[2m2025-12-10T10:08:03.776434Z[0m [34mDEBUG[0m [2methereum_transaction_pool_monitor::eth_client[0m[2m:[0m 🔍 Fetching transaction details for hash: 0x558148072ba80f67e10c4dd75f48e5a711b73c9078562f9c024ccfa7658536ab
[2m2025-12-10T10:08:03.776454Z[0m [34mDEBUG[0m [2mhyper::client::pool[0m[2m:[0m reuse idle connection for ("http", 192.168.0.14:8545)
[2m2025-12-10T10:08:03.776497Z[0m [34mDEBUG[0m [2mhyper::proto::h1::io[0m[2m:[0m flushed 250 bytes
[2m2025-12-10T10:08:03.781392Z[0m [34mDEBUG[0m [2mhyper::proto::h1::io[0m[2m:[0m parsed 4 headers
[2m2025-12-10T10:08:03.784015Z[0m [34mDEBUG[0m [2mhyper::proto::h1::conn[0m[2m:[0m incoming body is content-length (767 bytes)
[2m2025-12-10T10:08:03.784034Z[0m [34mDEBUG[0m [2mhyper::proto::h1::conn[0m[2m:[0m incoming body completed
[2m2025-12-10T10:08:03.784058Z[0m [34mDEBUG[0m [2mhyper::client::pool[0m[2m:[0m pooling idle connection for ("http", 192.168.0.14:8545)
[2m2025-12-10T10:08:03.784074Z[0m [34mDEBUG[0m [2methereum_transaction_pool_monitor::eth_client[0m[2m:[0m 📡 Transaction fetch RPC completed in 7.635583ms
[2m2025-12-10T10:08:03.784098Z[0m [34mDEBUG[0m [2methereum_transaction_pool_monitor::eth_client[0m[2m:[0m DeFi transaction detected - Address: 0xdac17f958d2ee523a2206206994597c13d831ec7, Type: Stablecoin, Value: 0 ETH, Gas: 0.33 Gwei
[2m2025-12-10T10:08:03.784121Z[0m [34mDEBUG[0m [2methereum_transaction_pool_monitor::eth_client[0m[2m:[0m ✅ Transaction 0x558148072ba80f67e10c4dd75f48e5a711b73c9078562f9c024ccfa7658536ab fetched and parsed in 7.6825ms
[2m2025-12-10T10:08:03.784131Z[0m [34mDEBUG[0m [2methereum_transaction_pool_monitor::mempool_monitor[0m[2m:[0m 🔍 Skipping tx 0x558148072ba80f67e10c4dd75f48e5a711b73c9078562f9c024ccfa7658536ab - not a DEX interaction (target: 0xdAC17F958D2ee523a2206206994597C13D831ec7)
[2m2025-12-10T10:08:03.784143Z[0m [34mDEBUG[0m [2methereum_transaction_pool_monitor::mempool_monitor[0m[2m:[0m 📨 Processing new pending transaction: 0xfdfeb530c3801d6f89410e51306edeaf028828738b41caa3f01f93141d677aa5
[2m2025-12-10T10:08:03.784150Z[0m [34mDEBUG[0m [2methereum_transaction_pool_monitor::mempool_monitor[0m[2m:[0m 🔍 Fetching transaction details for: 0xfdfeb530c3801d6f89410e51306edeaf028828738b41caa3f01f93141d677aa5
[2m2025-12-10T10:08:03.784158Z[0m [34mDEBUG[0m [2methereum_transaction_pool_monitor::eth_client[0m[2m:[0m 🔍 Fetching transaction details for hash: 0xfdfeb530c3801d6f89410e51306edeaf028828738b41caa3f01f93141d677aa5
[2m2025-12-10T10:08:03.784176Z[0m [34mDEBUG[0m [2mhyper::client::pool[0m[2m:[0m reuse idle connection for ("http", 192.168.0.14:8545)
[2m2025-12-10T10:08:03.784197Z[0m [34mDEBUG[0m [2mhyper::proto::h1::io[0m[2m:[0m flushed 250 bytes
[2m2025-12-10T10:08:03.791635Z[0m [34mDEBUG[0m [2mhyper::proto::h1::io[0m[2m:[0m parsed 4 headers
[2m2025-12-10T10:08:03.791644Z[0m [34mDEBUG[0m [2mhyper::proto::h1::conn[0m[2m:[0m incoming body is content-length (767 bytes)
[2m2025-12-10T10:08:03.791650Z[0m [34mDEBUG[0m [2mhyper::proto::h1::conn[0m[2m:[0m incoming body completed
[2m2025-12-10T10:08:03.791657Z[0m [34mDEBUG[0m [2mhyper::client::pool[0m[2m:[0m pooling idle connection for ("http", 192.168.0.14:8545)
[2m2025-12-10T10:08:03.791663Z[0m [34mDEBUG[0m [2methereum_transaction_pool_monitor::eth_client[0m[2m:[0m 📡 Transaction fetch RPC completed in 7.499ms
[2m2025-12-10T10:08:03.791674Z[0m [34mDEBUG[0m [2methereum_transaction_pool_monitor::eth_client[0m[2m:[0m DeFi transaction detected - Address: 0xdac17f958d2ee523a2206206994597c13d831ec7, Type: Stablecoin, Value: 0 ETH, Gas: 0.33 Gwei
[2m2025-12-10T10:08:03.791684Z[0m [34mDEBUG[0m [2methereum_transaction_pool_monitor::eth_client[0m[2m:[0m ✅ Transaction 0xfdfeb530c3801d6f89410e51306edeaf028828738b41caa3f01f93141d677aa5 fetched and parsed in 7.520083ms
[2m2025-12-10T10:08:03.791689Z[0m [34mDEBUG[0m [2methereum_transaction_pool_monitor::mempool_monitor[0m[2m:[0m 🔍 Skipping tx 0xfdfeb530c3801d6f89410e51306edeaf028828738b41caa3f01f93141d677aa5 - not a DEX interaction (target: 0xdAC17F958D2ee523a2206206994597C13D831ec7)
[2m2025-12-10T10:08:03.791696Z[0m [34mDEBUG[0m [2methereum_transaction_pool_monitor::mempool_monitor[0m[2m:[0m 📨 Processing new pending transaction: 0x672a274f0c4f272198ad192e20710c1c4914dd1a6658d8f90586a60ed25f4c73
[2m2025-12-10T10:08:03.791700Z[0m [34mDEBUG[0m [2methereum_transaction_pool_monitor::mempool_monitor[0m[2m:[0m 🔍 Fetching transaction details for: 0x672a274f0c4f272198ad192e20710c1c4914dd1a6658d8f90586a60ed25f4c73
[2m2025-12-10T10:08:03.791704Z[0m [34mDEBUG[0m [2methereum_transaction_pool_monitor::eth_client[0m[2m:[0m 🔍 Fetching transaction details for hash: 0x672a274f0c4f272198ad192e20710c1c4914dd1a6658d8f90586a60ed25f4c73
[2m2025-12-10T10:08:03.791715Z[0m [34mDEBUG[0m [2mhyper::client::pool[0m[2m:[0m reuse idle connection for ("http", 192.168.0.14:8545)
[2m2025-12-10T10:08:03.791735Z[0m [34mDEBUG[0m [2mhyper::proto::h1::io[0m[2m:[0m flushed 250 bytes
[2m2025-12-10T10:08:03.796299Z[0m [34mDEBUG[0m [2mhyper::client::pool[0m[2m:[0m reuse idle connection for ("http", 192.168.0.14:8545)
[2m2025-12-10T10:08:03.796451Z[0m [34mDEBUG[0m [2mhyper::proto::h1::io[0m[2m:[0m flushed 172 bytes
[2m2025-12-10T10:08:03.797766Z[0m [34mDEBUG[0m [2mhyper::proto::h1::io[0m[2m:[0m parsed 4 headers
[2m2025-12-10T10:08:03.797773Z[0m [34mDEBUG[0m [2mhyper::proto::h1::conn[0m[2m:[0m incoming body is content-length (553 bytes)
[2m2025-12-10T10:08:03.797780Z[0m [34mDEBUG[0m [2mhyper::proto::h1::conn[0m[2m:[0m incoming body completed
[2m2025-12-10T10:08:03.797789Z[0m [34mDEBUG[0m [2mhyper::client::pool[0m[2m:[0m pooling idle connection for ("http", 192.168.0.14:8545)
[2m2025-12-10T10:08:03.797795Z[0m [34mDEBUG[0m [2methereum_transaction_pool_monitor::eth_client[0m[2m:[0m 📡 Transaction fetch RPC completed in 6.087667ms
[2m2025-12-10T10:08:03.868458Z[0m [34mDEBUG[0m [2methereum_transaction_pool_monitor::eth_client[0m[2m:[0m ✅ Transaction 0x672a274f0c4f272198ad192e20710c1c4914dd1a6658d8f90586a60ed25f4c73 fetched and parsed in 76.747584ms
[2m2025-12-10T10:08:03.868486Z[0m [34mDEBUG[0m [2methereum_transaction_pool_monitor::mempool_monitor[0m[2m:[0m 🔍 Skipping tx 0x672a274f0c4f272198ad192e20710c1c4914dd1a6658d8f90586a60ed25f4c73 - not a DEX interaction (target: 0x81E87d0C8F3e5551cDD9e2569CD71C5C770be64E)
[2m2025-12-10T10:08:03.868497Z[0m [34mDEBUG[0m [2methereum_transaction_pool_monitor::mempool_monitor[0m[2m:[0m 📨 Processing new pending transaction: 0xdb4e8a43fbcb2c026d7e938d9e2f44ced7ce9a628cc32f92fd24fb4f405553ee
[2m2025-12-10T10:08:03.868504Z[0m [34mDEBUG[0m [2methereum_transaction_pool_monitor::mempool_monitor[0m[2m:[0m 🔍 Fetching transaction details for: 0xdb4e8a43fbcb2c026d7e938d9e2f44ced7ce9a628cc32f92fd24fb4f405553ee
[2m2025-12-10T10:08:03.868510Z[0m [34mDEBUG[0m [2methereum_transaction_pool_monitor::eth_client[0m[2m:[0m 🔍 Fetching transaction details for hash: 0xdb4e8a43fbcb2c026d7e938d9e2f44ced7ce9a628cc32f92fd24fb4f405553ee
[2m2025-12-10T10:08:03.868529Z[0m [34mDEBUG[0m [2mhyper::client::pool[0m[2m:[0m reuse idle connection for ("http", 192.168.0.14:8545)
[2m2025-12-10T10:08:03.868574Z[0m [34mDEBUG[0m [2mhyper::proto::h1::io[0m[2m:[0m flushed 250 bytes
[2m2025-12-10T10:08:03.868595Z[0m [34mDEBUG[0m [2mhyper::proto::h1::io[0m[2m:[0m parsed 4 headers
[2m2025-12-10T10:08:03.868603Z[0m [34mDEBUG[0m [2mhyper::proto::h1::conn[0m[2m:[0m incoming body is content-length (45 bytes)
[2m2025-12-10T10:08:03.868614Z[0m [34mDEBUG[0m [2mhyper::proto::h1::conn[0m[2m:[0m incoming body completed
[2m2025-12-10T10:08:03.868624Z[0m [34mDEBUG[0m [2mhyper::client::pool[0m[2m:[0m pooling idle connection for ("http", 192.168.0.14:8545)
[2m2025-12-10T10:08:03.872823Z[0m [34mDEBUG[0m [2mhyper::proto::h1::io[0m[2m:[0m parsed 4 headers
[2m2025-12-10T10:08:03.872829Z[0m [34mDEBUG[0m [2mhyper::proto::h1::conn[0m[2m:[0m incoming body is content-length (1731 bytes)
[2m2025-12-10T10:08:03.872838Z[0m [34mDEBUG[0m [2methereum_transaction_pool_monitor::eth_client[0m[2m:[0m 📡 Transaction fetch RPC completed in 4.323916ms
[2m2025-12-10T10:08:03.873404Z[0m [34mDEBUG[0m [2mhyper::proto::h1::conn[0m[2m:[0m incoming body completed
[2m2025-12-10T10:08:03.873412Z[0m [34mDEBUG[0m [2mhyper::client::pool[0m[2m:[0m pooling idle connection for ("http", 192.168.0.14:8545)
[2m2025-12-10T10:08:03.895816Z[0m [34mDEBUG[0m [2mhyper::client::pool[0m[2m:[0m reuse idle connection for ("http", 192.168.0.14:8545)
[2m2025-12-10T10:08:03.895876Z[0m [34mDEBUG[0m [2mhyper::proto::h1::io[0m[2m:[0m flushed 172 bytes
[2m2025-12-10T10:08:03.901397Z[0m [34mDEBUG[0m [2mhyper::proto::h1::io[0m[2m:[0m parsed 4 headers
[2m2025-12-10T10:08:03.901414Z[0m [34mDEBUG[0m [2mhyper::proto::h1::conn[0m[2m:[0m incoming body is content-length (45 bytes)
[2m2025-12-10T10:08:03.901421Z[0m [34mDEBUG[0m [2mhyper::proto::h1::conn[0m[2m:[0m incoming body completed
[2m2025-12-10T10:08:03.901431Z[0m [34mDEBUG[0m [2mhyper::client::pool[0m[2m:[0m pooling idle connection for ("http", 192.168.0.14:8545)
[2m2025-12-10T10:08:03.945756Z[0m [34mDEBUG[0m [2methereum_transaction_pool_monitor::eth_client[0m[2m:[0m ✅ Transaction 0xdb4e8a43fbcb2c026d7e938d9e2f44ced7ce9a628cc32f92fd24fb4f405553ee fetched and parsed in 77.2385ms
[2m2025-12-10T10:08:03.945784Z[0m [34mDEBUG[0m [2methereum_transaction_pool_monitor::mempool_monitor[0m[2m:[0m 🔍 Skipping tx 0xdb4e8a43fbcb2c026d7e938d9e2f44ced7ce9a628cc32f92fd24fb4f405553ee - not a DEX interaction (target: 0x601a2aD6CB5949f0529735254189Ba3194221EDF)
[2m2025-12-10T10:08:03.945796Z[0m [34mDEBUG[0m [2methereum_transaction_pool_monitor::mempool_monitor[0m[2m:[0m 📨 Processing new pending transaction: 0x211e6dafe18f49465d1e78be36a78b3591ddb9f92396bf1e2ce4823041f63d8b
[2m2025-12-10T10:08:03.945803Z[0m [34mDEBUG[0m [2methereum_transaction_pool_monitor::mempool_monitor[0m[2m:[0m 🔍 Fetching transaction details for: 0x211e6dafe18f49465d1e78be36a78b3591ddb9f92396bf1e2ce4823041f63d8b
[2m2025-12-10T10:08:03.945808Z[0m [34mDEBUG[0m [2methereum_transaction_pool_monitor::eth_client[0m[2m:[0m 🔍 Fetching transaction details for hash: 0x211e6dafe18f49465d1e78be36a78b3591ddb9f92396bf1e2ce4823041f63d8b
[2m2025-12-10T10:08:03.945827Z[0m [34mDEBUG[0m [2mhyper::client::pool[0m[2m:[0m reuse idle connection for ("http", 192.168.0.14:8545)
[2m2025-12-10T10:08:03.945869Z[0m [34mDEBUG[0m [2mhyper::proto::h1::io[0m[2m:[0m flushed 250 bytes
[2m2025-12-10T10:08:03.952265Z[0m [34mDEBUG[0m [2mhyper::proto::h1::io[0m[2m:[0m parsed 4 headers
[2m2025-12-10T10:08:03.952280Z[0m [34mDEBUG[0m [2mhyper::proto::h1::conn[0m[2m:[0m incoming body is content-length (644 bytes)
[2m2025-12-10T10:08:03.952288Z[0m [34mDEBUG[0m [2mhyper::proto::h1::conn[0m[2m:[0m incoming body completed
[2m2025-12-10T10:08:03.952299Z[0m [34mDEBUG[0m [2mhyper::client::pool[0m[2m:[0m pooling idle connection for ("http", 192.168.0.14:8545)
[2m2025-12-10T10:08:03.952305Z[0m [34mDEBUG[0m [2methereum_transaction_pool_monitor::eth_client[0m[2m:[0m 📡 Transaction fetch RPC completed in 6.492667ms
[2m2025-12-10T10:08:04.023240Z[0m [34mDEBUG[0m [2methereum_transaction_pool_monitor::eth_client[0m[2m:[0m ✅ Transaction 0x211e6dafe18f49465d1e78be36a78b3591ddb9f92396bf1e2ce4823041f63d8b fetched and parsed in 77.424625ms
[2m2025-12-10T10:08:04.023270Z[0m [34mDEBUG[0m [2methereum_transaction_pool_monitor::mempool_monitor[0m[2m:[0m 🔍 Skipping tx 0x211e6dafe18f49465d1e78be36a78b3591ddb9f92396bf1e2ce4823041f63d8b - not a DEX interaction (target: 0x17E5545B11b468072283Cee1F066a059Fb0dbF24)
[2m2025-12-10T10:08:04.023281Z[0m [34mDEBUG[0m [2methereum_transaction_pool_monitor::mempool_monitor[0m[2m:[0m 📨 Processing new pending transaction: 0xff10b4f3c29bae043aed94bed69bebf610e3a34783611fd58318e308f742b4f8
[2m2025-12-10T10:08:04.023294Z[0m [34mDEBUG[0m [2methereum_transaction_pool_monitor::mempool_monitor[0m[2m:[0m 🔍 Fetching transaction details for: 0xff10b4f3c29bae043aed94bed69bebf610e3a34783611fd58318e308f742b4f8
[2m2025-12-10T10:08:04.023304Z[0m [34mDEBUG[0m [2methereum_transaction_pool_monitor::eth_client[0m[2m:[0m 🔍 Fetching transaction details for hash: 0xff10b4f3c29bae043aed94bed69bebf610e3a34783611fd58318e308f742b4f8
[2m2025-12-10T10:08:04.023325Z[0m [34mDEBUG[0m [2mhyper::client::pool[0m[2m:[0m reuse idle connection for ("http", 192.168.0.14:8545)
[2m2025-12-10T10:08:04.023369Z[0m [34mDEBUG[0m [2mhyper::proto::h1::io[0m[2m:[0m flushed 250 bytes
[2m2025-12-10T10:08:04.023401Z[0m [34mDEBUG[0m [2mhyper::client::pool[0m[2m:[0m reuse idle connection for ("http", 192.168.0.14:8545)
[2m2025-12-10T10:08:04.023417Z[0m [34mDEBUG[0m [2mhyper::proto::h1::io[0m[2m:[0m flushed 172 bytes
[2m2025-12-10T10:08:04.028960Z[0m [34mDEBUG[0m [2mhyper::proto::h1::io[0m[2m:[0m parsed 4 headers
[2m2025-12-10T10:08:04.032906Z[0m [34mDEBUG[0m [2mhyper::proto::h1::conn[0m[2m:[0m incoming body is content-length (45 bytes)
[2m2025-12-10T10:08:04.032918Z[0m [34mDEBUG[0m [2mhyper::proto::h1::conn[0m[2m:[0m incoming body completed
[2m2025-12-10T10:08:04.032929Z[0m [34mDEBUG[0m [2mhyper::client::pool[0m[2m:[0m pooling idle connection for ("http", 192.168.0.14:8545)
[2m2025-12-10T10:08:04.033657Z[0m [34mDEBUG[0m [2mhyper::proto::h1::io[0m[2m:[0m parsed 4 headers
[2m2025-12-10T10:08:04.033662Z[0m [34mDEBUG[0m [2mhyper::proto::h1::conn[0m[2m:[0m incoming body is content-length (8119 bytes)
[2m2025-12-10T10:08:04.033671Z[0m [34mDEBUG[0m [2methereum_transaction_pool_monitor::eth_client[0m[2m:[0m 📡 Transaction fetch RPC completed in 10.361292ms
[2m2025-12-10T10:08:04.036483Z[0m [34mDEBUG[0m [2mhyper::proto::h1::conn[0m[2m:[0m incoming body completed
[2m2025-12-10T10:08:04.036508Z[0m [34mDEBUG[0m [2mhyper::client::pool[0m[2m:[0m pooling idle connection for ("http", 192.168.0.14:8545)
[2m2025-12-10T10:08:04.085042Z[0m [34mDEBUG[0m [2methereum_transaction_pool_monitor::eth_client[0m[2m:[0m 📨 Received WebSocket message: {"jsonrpc":"2.0","method":"eth_subscription","params":{"subscription":"0xbed0a0851463e895960a451075a301a9","result":"0xf93c21c54128d8bf63761cdc3ff2a6f1499470d5e5f5277967cd5d6853909f3a"}}
[2m2025-12-10T10:08:04.085066Z[0m [34mDEBUG[0m [2methereum_transaction_pool_monitor::eth_client[0m[2m:[0m 📨 Received pending transaction: 0xf93c21c54128d8bf63761cdc3ff2a6f1499470d5e5f5277967cd5d6853909f3a
[2m2025-12-10T10:08:04.095916Z[0m [34mDEBUG[0m [2mhyper::client::pool[0m[2m:[0m reuse idle connection for ("http", 192.168.0.14:8545)
[2m2025-12-10T10:08:04.095969Z[0m [34mDEBUG[0m [2mhyper::proto::h1::io[0m[2m:[0m flushed 172 bytes
[2m2025-12-10T10:08:04.100501Z[0m [34mDEBUG[0m [2mhyper::proto::h1::io[0m[2m:[0m parsed 4 headers
[2m2025-12-10T10:08:04.100541Z[0m [34mDEBUG[0m [2mhyper::proto::h1::conn[0m[2m:[0m incoming body is content-length (45 bytes)
[2m2025-12-10T10:08:04.100559Z[0m [34mDEBUG[0m [2mhyper::proto::h1::conn[0m[2m:[0m incoming body completed
[2m2025-12-10T10:08:04.100581Z[0m [34mDEBUG[0m [2mhyper::client::pool[0m[2m:[0m pooling idle connection for ("http", 192.168.0.14:8545)
[2m2025-12-10T10:08:04.108212Z[0m [34mDEBUG[0m [2methereum_transaction_pool_monitor::eth_client[0m[2m:[0m ✅ Transaction 0xff10b4f3c29bae043aed94bed69bebf610e3a34783611fd58318e308f742b4f8 fetched and parsed in 84.9ms
[2m2025-12-10T10:08:04.108235Z[0m [34mDEBUG[0m [2methereum_transaction_pool_monitor::mempool_monitor[0m[2m:[0m 🔍 Skipping tx 0xff10b4f3c29bae043aed94bed69bebf610e3a34783611fd58318e308f742b4f8 - not a DEX interaction (target: 0xcA11bde05977b3631167028862bE2a173976CA11)
[2m2025-12-10T10:08:04.108245Z[0m [34mDEBUG[0m [2methereum_transaction_pool_monitor::mempool_monitor[0m[2m:[0m 📨 Processing new pending transaction: 0xeb739707d8103d7baa2c02dcd8d0cd97dc0101125af3c41101198503d2e9e50c
[2m2025-12-10T10:08:04.108252Z[0m [34mDEBUG[0m [2methereum_transaction_pool_monitor::mempool_monitor[0m[2m:[0m 🔍 Fetching transaction details for: 0xeb739707d8103d7baa2c02dcd8d0cd97dc0101125af3c41101198503d2e9e50c
[2m2025-12-10T10:08:04.108258Z[0m [34mDEBUG[0m [2methereum_transaction_pool_monitor::eth_client[0m[2m:[0m 🔍 Fetching transaction details for hash: 0xeb739707d8103d7baa2c02dcd8d0cd97dc0101125af3c41101198503d2e9e50c
[2m2025-12-10T10:08:04.108277Z[0m [34mDEBUG[0m [2mhyper::client::pool[0m[2m:[0m reuse idle connection for ("http", 192.168.0.14:8545)
[2m2025-12-10T10:08:04.108316Z[0m [34mDEBUG[0m [2mhyper::proto::h1::io[0m[2m:[0m flushed 250 bytes
[2m2025-12-10T10:08:04.114882Z[0m [34mDEBUG[0m [2mhyper::proto::h1::io[0m[2m:[0m parsed 4 headers
[2m2025-12-10T10:08:04.114897Z[0m [34mDEBUG[0m [2mhyper::proto::h1::conn[0m[2m:[0m incoming body is content-length (765 bytes)
[2m2025-12-10T10:08:04.114904Z[0m [34mDEBUG[0m [2mhyper::proto::h1::conn[0m[2m:[0m incoming body completed
[2m2025-12-10T10:08:04.114915Z[0m [34mDEBUG[0m [2mhyper::client::pool[0m[2m:[0m pooling idle connection for ("http", 192.168.0.14:8545)
[2m2025-12-10T10:08:04.114923Z[0m [34mDEBUG[0m [2methereum_transaction_pool_monitor::eth_client[0m[2m:[0m 📡 Transaction fetch RPC completed in 6.660042ms
[2m2025-12-10T10:08:04.114938Z[0m [34mDEBUG[0m [2methereum_transaction_pool_monitor::eth_client[0m[2m:[0m DeFi transaction detected - Address: 0xdac17f958d2ee523a2206206994597c13d831ec7, Type: Stablecoin, Value: 0 ETH, Gas: 0.32 Gwei
[2m2025-12-10T10:08:04.114950Z[0m [34mDEBUG[0m [2methereum_transaction_pool_monitor::eth_client[0m[2m:[0m ✅ Transaction 0xeb739707d8103d7baa2c02dcd8d0cd97dc0101125af3c41101198503d2e9e50c fetched and parsed in 6.68725ms
[2m2025-12-10T10:08:04.114955Z[0m [34mDEBUG[0m [2methereum_transaction_pool_monitor::mempool_monitor[0m[2m:[0m 🔍 Skipping tx 0xeb739707d8103d7baa2c02dcd8d0cd97dc0101125af3c41101198503d2e9e50c - not a DEX interaction (target: 0xdAC17F958D2ee523a2206206994597C13D831ec7)
[2m2025-12-10T10:08:04.114962Z[0m [34mDEBUG[0m [2methereum_transaction_pool_monitor::mempool_monitor[0m[2m:[0m 📨 Processing new pending transaction: 0xc02aca72b14731047281c43b3e35ca0c6900e4d68f48afadef8105e7f5e996c5
[2m2025-12-10T10:08:04.114966Z[0m [34mDEBUG[0m [2methereum_transaction_pool_monitor::mempool_monitor[0m[2m:[0m 🔍 Fetching transaction details for: 0xc02aca72b14731047281c43b3e35ca0c6900e4d68f48afadef8105e7f5e996c5
[2m2025-12-10T10:08:04.114969Z[0m [34mDEBUG[0m [2methereum_transaction_pool_monitor::eth_client[0m[2m:[0m 🔍 Fetching transaction details for hash: 0xc02aca72b14731047281c43b3e35ca0c6900e4d68f48afadef8105e7f5e996c5
[2m2025-12-10T10:08:04.114982Z[0m [34mDEBUG[0m [2mhyper::client::pool[0m[2m:[0m reuse idle connection for ("http", 192.168.0.14:8545)
[2m2025-12-10T10:08:04.115007Z[0m [34mDEBUG[0m [2mhyper::proto::h1::io[0m[2m:[0m flushed 250 bytes
[2m2025-12-10T10:08:04.120570Z[0m [34mDEBUG[0m [2mhyper::proto::h1::io[0m[2m:[0m parsed 4 headers
[2m2025-12-10T10:08:04.120583Z[0m [34mDEBUG[0m [2mhyper::proto::h1::conn[0m[2m:[0m incoming body is content-length (558 bytes)
[2m2025-12-10T10:08:04.120590Z[0m [34mDEBUG[0m [2mhyper::proto::h1::conn[0m[2m:[0m incoming body completed
[2m2025-12-10T10:08:04.120600Z[0m [34mDEBUG[0m [2mhyper::client::pool[0m[2m:[0m pooling idle connection for ("http", 192.168.0.14:8545)
[2m2025-12-10T10:08:04.120607Z[0m [34mDEBUG[0m [2methereum_transaction_pool_monitor::eth_client[0m[2m:[0m 📡 Transaction fetch RPC completed in 5.633791ms
[2m2025-12-10T10:08:04.191203Z[0m [34mDEBUG[0m [2methereum_transaction_pool_monitor::eth_client[0m[2m:[0m ✅ Transaction 0xc02aca72b14731047281c43b3e35ca0c6900e4d68f48afadef8105e7f5e996c5 fetched and parsed in 76.227958ms
[2m2025-12-10T10:08:04.191230Z[0m [34mDEBUG[0m [2methereum_transaction_pool_monitor::mempool_monitor[0m[2m:[0m 🔍 Skipping tx 0xc02aca72b14731047281c43b3e35ca0c6900e4d68f48afadef8105e7f5e996c5 - not a DEX interaction (target: 0xB685760EBD368a891F27ae547391F4E2A289895b)
[2m2025-12-10T10:08:04.191240Z[0m [34mDEBUG[0m [2methereum_transaction_pool_monitor::mempool_monitor[0m[2m:[0m 📨 Processing new pending transaction: 0xc162b2ebffb929a2ddab8b6945bd1f60e84f07201e7701ec3f80aa578ea57cd8
[2m2025-12-10T10:08:04.191248Z[0m [34mDEBUG[0m [2methereum_transaction_pool_monitor::mempool_monitor[0m[2m:[0m 🔍 Fetching transaction details for: 0xc162b2ebffb929a2ddab8b6945bd1f60e84f07201e7701ec3f80aa578ea57cd8
[2m2025-12-10T10:08:04.191255Z[0m [34mDEBUG[0m [2methereum_transaction_pool_monitor::eth_client[0m[2m:[0m 🔍 Fetching transaction details for hash: 0xc162b2ebffb929a2ddab8b6945bd1f60e84f07201e7701ec3f80aa578ea57cd8
[2m2025-12-10T10:08:04.191274Z[0m [34mDEBUG[0m [2mhyper::client::pool[0m[2m:[0m reuse idle connection for ("http", 192.168.0.14:8545)
[2m2025-12-10T10:08:04.191319Z[0m [34mDEBUG[0m [2mhyper::proto::h1::io[0m[2m:[0m flushed 250 bytes
[2m2025-12-10T10:08:04.191342Z[0m [34mDEBUG[0m [2methereum_transaction_pool_monitor::eth_client[0m[2m:[0m 📨 Received WebSocket message: {"jsonrpc":"2.0","method":"eth_subscription","params":{"subscription":"0xbed0a0851463e895960a451075a301a9","result":"0xa304ac19f878672e853be11ef819c7f550a7ed98b50a934e979a457419d7f04e"}}
[2m2025-12-10T10:08:04.191351Z[0m [34mDEBUG[0m [2methereum_transaction_pool_monitor::eth_client[0m[2m:[0m 📨 Received pending transaction: 0xa304ac19f878672e853be11ef819c7f550a7ed98b50a934e979a457419d7f04e
[2m2025-12-10T10:08:04.195883Z[0m [34mDEBUG[0m [2mhyper::client::pool[0m[2m:[0m reuse idle connection for ("http", 192.168.0.14:8545)
[2m2025-12-10T10:08:04.195936Z[0m [34mDEBUG[0m [2mhyper::proto::h1::io[0m[2m:[0m flushed 172 bytes
[2m2025-12-10T10:08:04.205136Z[0m [34mDEBUG[0m [2mhyper::proto::h1::io[0m[2m:[0m parsed 4 headers
[2m2025-12-10T10:08:04.205194Z[0m [34mDEBUG[0m [2mhyper::proto::h1::conn[0m[2m:[0m incoming body is content-length (5443 bytes)
[2m2025-12-10T10:08:04.205239Z[0m [34mDEBUG[0m [2methereum_transaction_pool_monitor::eth_client[0m[2m:[0m 📡 Transaction fetch RPC completed in 13.979041ms
[2m2025-12-10T10:08:04.205774Z[0m [34mDEBUG[0m [2mhyper::proto::h1::conn[0m[2m:[0m incoming body completed
[2m2025-12-10T10:08:04.205786Z[0m [34mDEBUG[0m [2mhyper::client::pool[0m[2m:[0m pooling idle connection for ("http", 192.168.0.14:8545)
[2m2025-12-10T10:08:04.207442Z[0m [34mDEBUG[0m [2mhyper::proto::h1::io[0m[2m:[0m parsed 4 headers
[2m2025-12-10T10:08:04.207483Z[0m [34mDEBUG[0m [2mhyper::proto::h1::conn[0m[2m:[0m incoming body is content-length (45 bytes)
[2m2025-12-10T10:08:04.207492Z[0m [34mDEBUG[0m [2mhyper::proto::h1::conn[0m[2m:[0m incoming body completed
[2m2025-12-10T10:08:04.207500Z[0m [34mDEBUG[0m [2mhyper::client::pool[0m[2m:[0m pooling idle connection for ("http", 192.168.0.14:8545)
[2m2025-12-10T10:08:04.268197Z[0m [34mDEBUG[0m [2methereum_transaction_pool_monitor::eth_client[0m[2m:[0m 📨 Received WebSocket message: {"jsonrpc":"2.0","method":"eth_subscription","params":{"subscription":"0xbed0a0851463e895960a451075a301a9","result":"0xf78d1c55305f9fe70c287f08bec1241d427bdf35241e2313439887da71e5e3e2"}}
[2m2025-12-10T10:08:04.268225Z[0m [34mDEBUG[0m [2methereum_transaction_pool_monitor::eth_client[0m[2m:[0m 📨 Received pending transaction: 0xf78d1c55305f9fe70c287f08bec1241d427bdf35241e2313439887da71e5e3e2
[2m2025-12-10T10:08:04.273172Z[0m [34mDEBUG[0m [2methereum_transaction_pool_monitor::eth_client[0m[2m:[0m 📨 Received WebSocket message: {"jsonrpc":"2.0","method":"eth_subscription","params":{"subscription":"0xbed0a0851463e895960a451075a301a9","result":"0x08c01a4cc247dbce48305c5ed37904840afa084fcad08c82f9cd5d60c5e92f5a"}}
[2m2025-12-10T10:08:04.273190Z[0m [34mDEBUG[0m [2methereum_transaction_pool_monitor::eth_client[0m[2m:[0m 📨 Received pending transaction: 0x08c01a4cc247dbce48305c5ed37904840afa084fcad08c82f9cd5d60c5e92f5a
[2m2025-12-10T10:08:04.275231Z[0m [34mDEBUG[0m [2methereum_transaction_pool_monitor::eth_client[0m[2m:[0m ✅ Transaction 0xc162b2ebffb929a2ddab8b6945bd1f60e84f07201e7701ec3f80aa578ea57cd8 fetched and parsed in 83.969416ms
[2m2025-12-10T10:08:04.275245Z[0m [34mDEBUG[0m [2methereum_transaction_pool_monitor::mempool_monitor[0m[2m:[0m 🔍 Skipping tx 0xc162b2ebffb929a2ddab8b6945bd1f60e84f07201e7701ec3f80aa578ea57cd8 - not a DEX interaction (target: 0xF6801D319497789f934ec7F83E142a9536312B08)
[2m2025-12-10T10:08:04.275255Z[0m [34mDEBUG[0m [2methereum_transaction_pool_monitor::mempool_monitor[0m[2m:[0m 📨 Processing new pending transaction: 0x7d5b1d781c9393f060629be801abfd3470402d9c0bda1599f1b623eeb4a1a2f0
[2m2025-12-10T10:08:04.275259Z[0m [34mDEBUG[0m [2methereum_transaction_pool_monitor::mempool_monitor[0m[2m:[0m 🔍 Fetching transaction details for: 0x7d5b1d781c9393f060629be801abfd3470402d9c0bda1599f1b623eeb4a1a2f0
[2m2025-12-10T10:08:04.275263Z[0m [34mDEBUG[0m [2methereum_transaction_pool_monitor::eth_client[0m[2m:[0m 🔍 Fetching transaction details for hash: 0x7d5b1d781c9393f060629be801abfd3470402d9c0bda1599f1b623eeb4a1a2f0
[2m2025-12-10T10:08:04.275280Z[0m [34mDEBUG[0m [2mhyper::client::pool[0m[2m:[0m reuse idle connection for ("http", 192.168.0.14:8545)
[2m2025-12-10T10:08:04.275314Z[0m [34mDEBUG[0m [2mhyper::proto::h1::io[0m[2m:[0m flushed 250 bytes
[2m2025-12-10T10:08:04.280971Z[0m [34mDEBUG[0m [2mhyper::proto::h1::io[0m[2m:[0m parsed 4 headers
[2m2025-12-10T10:08:04.280983Z[0m [34mDEBUG[0m [2mhyper::proto::h1::conn[0m[2m:[0m incoming body is content-length (647 bytes)
[2m2025-12-10T10:08:04.280991Z[0m [34mDEBUG[0m [2mhyper::proto::h1::conn[0m[2m:[0m incoming body completed
[2m2025-12-10T10:08:04.281002Z[0m [34mDEBUG[0m [2mhyper::client::pool[0m[2m:[0m pooling idle connection for ("http", 192.168.0.14:8545)
[2m2025-12-10T10:08:04.281009Z[0m [34mDEBUG[0m [2methereum_transaction_pool_monitor::eth_client[0m[2m:[0m 📡 Transaction fetch RPC completed in 5.742ms
[2m2025-12-10T10:08:04.351697Z[0m [34mDEBUG[0m [2methereum_transaction_pool_monitor::eth_client[0m[2m:[0m ✅ Transaction 0x7d5b1d781c9393f060629be801abfd3470402d9c0bda1599f1b623eeb4a1a2f0 fetched and parsed in 76.427292ms
[2m2025-12-10T10:08:04.351723Z[0m [34mDEBUG[0m [2methereum_transaction_pool_monitor::mempool_monitor[0m[2m:[0m 🔍 Skipping tx 0x7d5b1d781c9393f060629be801abfd3470402d9c0bda1599f1b623eeb4a1a2f0 - not a DEX interaction (target: 0x048d8bc9f6A6bfeF58bF306d15B649EBD906c8f4)
[2m2025-12-10T10:08:04.351732Z[0m [34mDEBUG[0m [2methereum_transaction_pool_monitor::mempool_monitor[0m[2m:[0m 📨 Processing new pending transaction: 0x37919d92c3ec4a899aa87af2cccd9710e21494fc013b53b967d5a8664a9d1303
[2m2025-12-10T10:08:04.351739Z[0m [34mDEBUG[0m [2methereum_transaction_pool_monitor::mempool_monitor[0m[2m:[0m 🔍 Fetching transaction details for: 0x37919d92c3ec4a899aa87af2cccd9710e21494fc013b53b967d5a8664a9d1303
[2m2025-12-10T10:08:04.351743Z[0m [34mDEBUG[0m [2methereum_transaction_pool_monitor::eth_client[0m[2m:[0m 🔍 Fetching transaction details for hash: 0x37919d92c3ec4a899aa87af2cccd9710e21494fc013b53b967d5a8664a9d1303
[2m2025-12-10T10:08:04.351825Z[0m [34mDEBUG[0m [2mhyper::client::pool[0m[2m:[0m reuse idle connection for ("http", 192.168.0.14:8545)
[2m2025-12-10T10:08:04.351882Z[0m [34mDEBUG[0m [2mhyper::proto::h1::io[0m[2m:[0m flushed 250 bytes
[2m2025-12-10T10:08:04.351912Z[0m [34mDEBUG[0m [2mhyper::client::pool[0m[2m:[0m reuse idle connection for ("http", 192.168.0.14:8545)
[2m2025-12-10T10:08:04.351926Z[0m [34mDEBUG[0m [2mhyper::proto::h1::io[0m[2m:[0m flushed 172 bytes
[2m2025-12-10T10:08:04.372278Z[0m [34mDEBUG[0m [2mhyper::proto::h1::io[0m[2m:[0m parsed 4 headers
[2m2025-12-10T10:08:04.372301Z[0m [34mDEBUG[0m [2mhyper::proto::h1::conn[0m[2m:[0m incoming body is content-length (45 bytes)
[2m2025-12-10T10:08:04.372309Z[0m [34mDEBUG[0m [2mhyper::proto::h1::conn[0m[2m:[0m incoming body completed
[2m2025-12-10T10:08:04.372321Z[0m [34mDEBUG[0m [2mhyper::client::pool[0m[2m:[0m pooling idle connection for ("http", 192.168.0.14:8545)
[2m2025-12-10T10:08:04.375806Z[0m [34mDEBUG[0m [2mhyper::proto::h1::io[0m[2m:[0m parsed 4 headers
[2m2025-12-10T10:08:04.375818Z[0m [34mDEBUG[0m [2mhyper::proto::h1::conn[0m[2m:[0m incoming body is content-length (5443 bytes)
[2m2025-12-10T10:08:04.375825Z[0m [34mDEBUG[0m [2mhyper::proto::h1::conn[0m[2m:[0m incoming body completed
[2m2025-12-10T10:08:04.375834Z[0m [34mDEBUG[0m [2mhyper::client::pool[0m[2m:[0m pooling idle connection for ("http", 192.168.0.14:8545)
[2m2025-12-10T10:08:04.375841Z[0m [34mDEBUG[0m [2methereum_transaction_pool_monitor::eth_client[0m[2m:[0m 📡 Transaction fetch RPC completed in 24.0305ms
[2m2025-12-10T10:08:04.447664Z[0m [34mDEBUG[0m [2methereum_transaction_pool_monitor::eth_client[0m[2m:[0m ✅ Transaction 0x37919d92c3ec4a899aa87af2cccd9710e21494fc013b53b967d5a8664a9d1303 fetched and parsed in 95.850292ms
[2m2025-12-10T10:08:04.447695Z[0m [34mDEBUG[0m [2methereum_transaction_pool_monitor::mempool_monitor[0m[2m:[0m 🔍 Skipping tx 0x37919d92c3ec4a899aa87af2cccd9710e21494fc013b53b967d5a8664a9d1303 - not a DEX interaction (target: 0xF6801D319497789f934ec7F83E142a9536312B08)
[2m2025-12-10T10:08:04.447709Z[0m [34mDEBUG[0m [2methereum_transaction_pool_monitor::mempool_monitor[0m[2m:[0m 📨 Processing new pending transaction: 0xe322a5375c64433d172af86584d49cc6dd20918a05a207f93624cc382f0792a1
[2m2025-12-10T10:08:04.447717Z[0m [34mDEBUG[0m [2methereum_transaction_pool_monitor::mempool_monitor[0m[2m:[0m 🔍 Fetching transaction details for: 0xe322a5375c64433d172af86584d49cc6dd20918a05a207f93624cc382f0792a1
[2m2025-12-10T10:08:04.447724Z[0m [34mDEBUG[0m [2methereum_transaction_pool_monitor::eth_client[0m[2m:[0m 🔍 Fetching transaction details for hash: 0xe322a5375c64433d172af86584d49cc6dd20918a05a207f93624cc382f0792a1
[2m2025-12-10T10:08:04.447746Z[0m [34mDEBUG[0m [2mhyper::client::pool[0m[2m:[0m reuse idle connection for ("http", 192.168.0.14:8545)
[2m2025-12-10T10:08:04.447786Z[0m [34mDEBUG[0m [2mhyper::proto::h1::io[0m[2m:[0m flushed 250 bytes
[2m2025-12-10T10:08:04.447807Z[0m [34mDEBUG[0m [2mhyper::client::pool[0m[2m:[0m reuse idle connection for ("http", 192.168.0.14:8545)
[2m2025-12-10T10:08:04.447823Z[0m [34mDEBUG[0m [2mhyper::proto::h1::io[0m[2m:[0m flushed 172 bytes
[2m2025-12-10T10:08:04.447856Z[0m [34mDEBUG[0m [2methereum_transaction_pool_monitor::eth_client[0m[2m:[0m 📨 Received WebSocket message: {"jsonrpc":"2.0","method":"eth_subscription","params":{"subscription":"0xbed0a0851463e895960a451075a301a9","result":"0x3e30bc40b24c8e1f1b6cda14d875b6826beecb054495450cd1397bc7c210045d"}}
[2m2025-12-10T10:08:04.447878Z[0m [34mDEBUG[0m [2methereum_transaction_pool_monitor::eth_client[0m[2m:[0m 📨 Received pending transaction: 0x3e30bc40b24c8e1f1b6cda14d875b6826beecb054495450cd1397bc7c210045d
[2m2025-12-10T10:08:04.447883Z[0m [34mDEBUG[0m [2methereum_transaction_pool_monitor::eth_client[0m[2m:[0m 📨 Received WebSocket message: {"jsonrpc":"2.0","method":"eth_subscription","params":{"subscription":"0xbed0a0851463e895960a451075a301a9","result":"0xd59a8850343e2e70af66c92b632ae4ce38a7956f4e8ce8beac750ab5b7653a83"}}
[2m2025-12-10T10:08:04.447889Z[0m [34mDEBUG[0m [2methereum_transaction_pool_monitor::eth_client[0m[2m:[0m 📨 Received pending transaction: 0xd59a8850343e2e70af66c92b632ae4ce38a7956f4e8ce8beac750ab5b7653a83
[2m2025-12-10T10:08:04.454376Z[0m [34mDEBUG[0m [2mhyper::proto::h1::io[0m[2m:[0m parsed 4 headers
[2m2025-12-10T10:08:04.454427Z[0m [34mDEBUG[0m [2mhyper::proto::h1::conn[0m[2m:[0m incoming body is content-length (45 bytes)
[2m2025-12-10T10:08:04.454439Z[0m [34mDEBUG[0m [2mhyper::proto::h1::conn[0m[2m:[0m incoming body completed
[2m2025-12-10T10:08:04.454454Z[0m [34mDEBUG[0m [2mhyper::client::pool[0m[2m:[0m pooling idle connection for ("http", 192.168.0.14:8545)
[2m2025-12-10T10:08:04.459226Z[0m [34mDEBUG[0m [2mhyper::proto::h1::io[0m[2m:[0m parsed 4 headers
[2m2025-12-10T10:08:04.459234Z[0m [34mDEBUG[0m [2mhyper::proto::h1::conn[0m[2m:[0m incoming body is content-length (5443 bytes)
[2m2025-12-10T10:08:04.459240Z[0m [34mDEBUG[0m [2mhyper::proto::h1::conn[0m[2m:[0m incoming body completed
[2m2025-12-10T10:08:04.459249Z[0m [34mDEBUG[0m [2mhyper::client::pool[0m[2m:[0m pooling idle connection for ("http", 192.168.0.14:8545)
[2m2025-12-10T10:08:04.459254Z[0m [34mDEBUG[0m [2methereum_transaction_pool_monitor::eth_client[0m[2m:[0m 📡 Transaction fetch RPC completed in 11.522459ms
[2m2025-12-10T10:08:04.530897Z[0m [34mDEBUG[0m [2methereum_transaction_pool_monitor::eth_client[0m[2m:[0m ✅ Transaction 0xe322a5375c64433d172af86584d49cc6dd20918a05a207f93624cc382f0792a1 fetched and parsed in 83.163292ms
[2m2025-12-10T10:08:04.530922Z[0m [34mDEBUG[0m [2methereum_transaction_pool_monitor::mempool_monitor[0m[2m:[0m 🔍 Skipping tx 0xe322a5375c64433d172af86584d49cc6dd20918a05a207f93624cc382f0792a1 - not a DEX interaction (target: 0xF6801D319497789f934ec7F83E142a9536312B08)
[2m2025-12-10T10:08:04.530933Z[0m [34mDEBUG[0m [2methereum_transaction_pool_monitor::mempool_monitor[0m[2m:[0m 📨 Processing new pending transaction: 0xef2a5afac91a196a046e2713b46eb362e1ea7f285e0576a9211e65100e04ef95
[2m2025-12-10T10:08:04.530939Z[0m [34mDEBUG[0m [2methereum_transaction_pool_monitor::mempool_monitor[0m[2m:[0m 🔍 Fetching transaction details for: 0xef2a5afac91a196a046e2713b46eb362e1ea7f285e0576a9211e65100e04ef95
[2m2025-12-10T10:08:04.530944Z[0m [34mDEBUG[0m [2methereum_transaction_pool_monitor::eth_client[0m[2m:[0m 🔍 Fetching transaction details for hash: 0xef2a5afac91a196a046e2713b46eb362e1ea7f285e0576a9211e65100e04ef95
[2m2025-12-10T10:08:04.530963Z[0m [34mDEBUG[0m [2mhyper::client::pool[0m[2m:[0m reuse idle connection for ("http", 192.168.0.14:8545)
[2m2025-12-10T10:08:04.531005Z[0m [34mDEBUG[0m [2mhyper::proto::h1::io[0m[2m:[0m flushed 250 bytes
[2m2025-12-10T10:08:04.531025Z[0m [34mDEBUG[0m [2mhyper::client::pool[0m[2m:[0m reuse idle connection for ("http", 192.168.0.14:8545)
[2m2025-12-10T10:08:04.531034Z[0m [34mDEBUG[0m [2methereum_transaction_pool_monitor::eth_client[0m[2m:[0m 📨 Received WebSocket message: {"jsonrpc":"2.0","method":"eth_subscription","params":{"subscription":"0xbed0a0851463e895960a451075a301a9","result":"0xd8cc7ba33a5e94bfefff5504d799f2a3160eb6c82521427328bdeaedc37b7fcc"}}
[2m2025-12-10T10:08:04.531039Z[0m [34mDEBUG[0m [2mhyper::proto::h1::io[0m[2m:[0m flushed 172 bytes
[2m2025-12-10T10:08:04.531044Z[0m [34mDEBUG[0m [2methereum_transaction_pool_monitor::eth_client[0m[2m:[0m 📨 Received pending transaction: 0xd8cc7ba33a5e94bfefff5504d799f2a3160eb6c82521427328bdeaedc37b7fcc
[2m2025-12-10T10:08:04.534886Z[0m [34mDEBUG[0m [2mhyper::proto::h1::io[0m[2m:[0m parsed 4 headers
[2m2025-12-10T10:08:04.534901Z[0m [34mDEBUG[0m [2mhyper::proto::h1::conn[0m[2m:[0m incoming body is content-length (45 bytes)
[2m2025-12-10T10:08:04.534908Z[0m [34mDEBUG[0m [2mhyper::proto::h1::conn[0m[2m:[0m incoming body completed
[2m2025-12-10T10:08:04.534917Z[0m [34mDEBUG[0m [2mhyper::client::pool[0m[2m:[0m pooling idle connection for ("http", 192.168.0.14:8545)
[2m2025-12-10T10:08:04.536519Z[0m [34mDEBUG[0m [2mhyper::proto::h1::io[0m[2m:[0m parsed 4 headers
[2m2025-12-10T10:08:04.536525Z[0m [34mDEBUG[0m [2mhyper::proto::h1::conn[0m[2m:[0m incoming body is content-length (774 bytes)
[2m2025-12-10T10:08:04.536530Z[0m [34mDEBUG[0m [2mhyper::proto::h1::conn[0m[2m:[0m incoming body completed
[2m2025-12-10T10:08:04.536537Z[0m [34mDEBUG[0m [2mhyper::client::pool[0m[2m:[0m pooling idle connection for ("http", 192.168.0.14:8545)
[2m2025-12-10T10:08:04.536543Z[0m [34mDEBUG[0m [2methereum_transaction_pool_monitor::eth_client[0m[2m:[0m 📡 Transaction fetch RPC completed in 5.592958ms
[2m2025-12-10T10:08:04.536556Z[0m [34mDEBUG[0m [2methereum_transaction_pool_monitor::eth_client[0m[2m:[0m DeFi transaction detected - Address: 0xdac17f958d2ee523a2206206994597c13d831ec7, Type: Stablecoin, Value: 0 ETH, Gas: 2.90 Gwei
[2m2025-12-10T10:08:04.536568Z[0m [34mDEBUG[0m [2methereum_transaction_pool_monitor::eth_client[0m[2m:[0m ✅ Transaction 0xef2a5afac91a196a046e2713b46eb362e1ea7f285e0576a9211e65100e04ef95 fetched and parsed in 5.617958ms
[2m2025-12-10T10:08:04.536573Z[0m [34mDEBUG[0m [2methereum_transaction_pool_monitor::mempool_monitor[0m[2m:[0m 🔍 Skipping tx 0xef2a5afac91a196a046e2713b46eb362e1ea7f285e0576a9211e65100e04ef95 - not a DEX interaction (target: 0xdAC17F958D2ee523a2206206994597C13D831ec7)
[2m2025-12-10T10:08:04.536579Z[0m [34mDEBUG[0m [2methereum_transaction_pool_monitor::mempool_monitor[0m[2m:[0m 📨 Processing new pending transaction: 0x92ee1471c806a8af4d50e396966ab39673b4718283ef1e2815e53525cb39077f
[2m2025-12-10T10:08:04.536583Z[0m [34mDEBUG[0m [2methereum_transaction_pool_monitor::mempool_monitor[0m[2m:[0m 🔍 Fetching transaction details for: 0x92ee1471c806a8af4d50e396966ab39673b4718283ef1e2815e53525cb39077f
[2m2025-12-10T10:08:04.536586Z[0m [34mDEBUG[0m [2methereum_transaction_pool_monitor::eth_client[0m[2m:[0m 🔍 Fetching transaction details for hash: 0x92ee1471c806a8af4d50e396966ab39673b4718283ef1e2815e53525cb39077f
[2m2025-12-10T10:08:04.536599Z[0m [34mDEBUG[0m [2mhyper::client::pool[0m[2m:[0m reuse idle connection for ("http", 192.168.0.14:8545)
[2m2025-12-10T10:08:04.536619Z[0m [34mDEBUG[0m [2mhyper::proto::h1::io[0m[2m:[0m flushed 250 bytes
[2m2025-12-10T10:08:04.544353Z[0m [34mDEBUG[0m [2mhyper::proto::h1::io[0m[2m:[0m parsed 4 headers
[2m2025-12-10T10:08:04.544361Z[0m [34mDEBUG[0m [2mhyper::proto::h1::conn[0m[2m:[0m incoming body is content-length (5443 bytes)
[2m2025-12-10T10:08:04.544368Z[0m [34mDEBUG[0m [2mhyper::proto::h1::conn[0m[2m:[0m incoming body completed
[2m2025-12-10T10:08:04.544376Z[0m [34mDEBUG[0m [2mhyper::client::pool[0m[2m:[0m pooling idle connection for ("http", 192.168.0.14:8545)
[2m2025-12-10T10:08:04.544382Z[0m [34mDEBUG[0m [2methereum_transaction_pool_monitor::eth_client[0m[2m:[0m 📡 Transaction fetch RPC completed in 7.792834ms
[2m2025-12-10T10:08:04.616317Z[0m [34mDEBUG[0m [2methereum_transaction_pool_monitor::eth_client[0m[2m:[0m ✅ Transaction 0x92ee1471c806a8af4d50e396966ab39673b4718283ef1e2815e53525cb39077f fetched and parsed in 79.724709ms
[2m2025-12-10T10:08:04.616343Z[0m [34mDEBUG[0m [2methereum_transaction_pool_monitor::mempool_monitor[0m[2m:[0m 🔍 Skipping tx 0x92ee1471c806a8af4d50e396966ab39673b4718283ef1e2815e53525cb39077f - not a DEX interaction (target: 0xF6801D319497789f934ec7F83E142a9536312B08)
[2m2025-12-10T10:08:04.616353Z[0m [34mDEBUG[0m [2methereum_transaction_pool_monitor::mempool_monitor[0m[2m:[0m 📨 Processing new pending transaction: 0x7a693c22c3514290cacc0adc24b95dfd2f61680a4199552c92b31f5df9676490
[2m2025-12-10T10:08:04.616360Z[0m [34mDEBUG[0m [2methereum_transaction_pool_monitor::mempool_monitor[0m[2m:[0m 🔍 Fetching transaction details for: 0x7a693c22c3514290cacc0adc24b95dfd2f61680a4199552c92b31f5df9676490
[2m2025-12-10T10:08:04.616364Z[0m [34mDEBUG[0m [2methereum_transaction_pool_monitor::eth_client[0m[2m:[0m 🔍 Fetching transaction details for hash: 0x7a693c22c3514290cacc0adc24b95dfd2f61680a4199552c92b31f5df9676490
[2m2025-12-10T10:08:04.616384Z[0m [34mDEBUG[0m [2mhyper::client::pool[0m[2m:[0m reuse idle connection for ("http", 192.168.0.14:8545)
[2m2025-12-10T10:08:04.616435Z[0m [34mDEBUG[0m [2mhyper::proto::h1::io[0m[2m:[0m flushed 250 bytes
[2m2025-12-10T10:08:04.616465Z[0m [34mDEBUG[0m [2mhyper::client::pool[0m[2m:[0m reuse idle connection for ("http", 192.168.0.14:8545)
[2m2025-12-10T10:08:04.616478Z[0m [34mDEBUG[0m [2mhyper::proto::h1::io[0m[2m:[0m flushed 172 bytes
[2m2025-12-10T10:08:04.624739Z[0m [34mDEBUG[0m [2mhyper::proto::h1::io[0m[2m:[0m parsed 4 headers
[2m2025-12-10T10:08:04.624756Z[0m [34mDEBUG[0m [2mhyper::proto::h1::conn[0m[2m:[0m incoming body is content-length (45 bytes)
[2m2025-12-10T10:08:04.624763Z[0m [34mDEBUG[0m [2mhyper::proto::h1::conn[0m[2m:[0m incoming body completed
[2m2025-12-10T10:08:04.624773Z[0m [34mDEBUG[0m [2mhyper::client::pool[0m[2m:[0m pooling idle connection for ("http", 192.168.0.14:8545)
[2m2025-12-10T10:08:04.627120Z[0m [34mDEBUG[0m [2mhyper::proto::h1::io[0m[2m:[0m parsed 4 headers
[2m2025-12-10T10:08:04.627130Z[0m [34mDEBUG[0m [2mhyper::proto::h1::conn[0m[2m:[0m incoming body is content-length (5443 bytes)
[2m2025-12-10T10:08:04.627137Z[0m [34mDEBUG[0m [2mhyper::proto::h1::conn[0m[2m:[0m incoming body completed
[2m2025-12-10T10:08:04.627144Z[0m [34mDEBUG[0m [2mhyper::client::pool[0m[2m:[0m pooling idle connection for ("http", 192.168.0.14:8545)
[2m2025-12-10T10:08:04.627150Z[0m [34mDEBUG[0m [2methereum_transaction_pool_monitor::eth_client[0m[2m:[0m 📡 Transaction fetch RPC completed in 10.78025ms
[2m2025-12-10T10:08:04.698781Z[0m [34mDEBUG[0m [2methereum_transaction_pool_monitor::eth_client[0m[2m:[0m ✅ Transaction 0x7a693c22c3514290cacc0adc24b95dfd2f61680a4199552c92b31f5df9676490 fetched and parsed in 82.408458ms
[2m2025-12-10T10:08:04.698809Z[0m [34mDEBUG[0m [2methereum_transaction_pool_monitor::mempool_monitor[0m[2m:[0m 🔍 Skipping tx 0x7a693c22c3514290cacc0adc24b95dfd2f61680a4199552c92b31f5df9676490 - not a DEX interaction (target: 0xF6801D319497789f934ec7F83E142a9536312B08)
[2m2025-12-10T10:08:04.698820Z[0m [34mDEBUG[0m [2methereum_transaction_pool_monitor::mempool_monitor[0m[2m:[0m 📨 Processing new pending transaction: 0x31bb8de174f313f9d46b8e0deae5e2d6b02c6775105a5f0f04bd072eec8e40e5
[2m2025-12-10T10:08:04.698827Z[0m [34mDEBUG[0m [2methereum_transaction_pool_monitor::mempool_monitor[0m[2m:[0m 🔍 Fetching transaction details for: 0x31bb8de174f313f9d46b8e0deae5e2d6b02c6775105a5f0f04bd072eec8e40e5
[2m2025-12-10T10:08:04.698832Z[0m [34mDEBUG[0m [2methereum_transaction_pool_monitor::eth_client[0m[2m:[0m 🔍 Fetching transaction details for hash: 0x31bb8de174f313f9d46b8e0deae5e2d6b02c6775105a5f0f04bd072eec8e40e5
[2m2025-12-10T10:08:04.698852Z[0m [34mDEBUG[0m [2mhyper::client::pool[0m[2m:[0m reuse idle connection for ("http", 192.168.0.14:8545)
[2m2025-12-10T10:08:04.698907Z[0m [34mDEBUG[0m [2mhyper::proto::h1::io[0m[2m:[0m flushed 250 bytes
[2m2025-12-10T10:08:04.698927Z[0m [34mDEBUG[0m [2mhyper::client::pool[0m[2m:[0m reuse idle connection for ("http", 192.168.0.14:8545)
[2m2025-12-10T10:08:04.698944Z[0m [34mDEBUG[0m [2mhyper::proto::h1::io[0m[2m:[0m flushed 172 bytes
[2m2025-12-10T10:08:04.698981Z[0m [34mDEBUG[0m [2methereum_transaction_pool_monitor::eth_client[0m[2m:[0m 📨 Received WebSocket message: {"jsonrpc":"2.0","method":"eth_subscription","params":{"subscription":"0xbed0a0851463e895960a451075a301a9","result":"0xd4270c01d4c052ce115876dcb522cac21ab04906394e1885139f25957626eedb"}}
[2m2025-12-10T10:08:04.698992Z[0m [34mDEBUG[0m [2methereum_transaction_pool_monitor::eth_client[0m[2m:[0m 📨 Received pending transaction: 0xd4270c01d4c052ce115876dcb522cac21ab04906394e1885139f25957626eedb
[2m2025-12-10T10:08:04.705087Z[0m [34mDEBUG[0m [2mhyper::proto::h1::io[0m[2m:[0m parsed 4 headers
[2m2025-12-10T10:08:04.705108Z[0m [34mDEBUG[0m [2mhyper::proto::h1::conn[0m[2m:[0m incoming body is content-length (45 bytes)
[2m2025-12-10T10:08:04.705125Z[0m [34mDEBUG[0m [2mhyper::proto::h1::conn[0m[2m:[0m incoming body completed
[2m2025-12-10T10:08:04.705147Z[0m [34mDEBUG[0m [2mhyper::client::pool[0m[2m:[0m pooling idle connection for ("http", 192.168.0.14:8545)
[2m2025-12-10T10:08:04.705186Z[0m [34mDEBUG[0m [2mhyper::proto::h1::io[0m[2m:[0m parsed 4 headers
[2m2025-12-10T10:08:04.705189Z[0m [34mDEBUG[0m [2mhyper::proto::h1::conn[0m[2m:[0m incoming body is content-length (1029 bytes)
[2m2025-12-10T10:08:04.705193Z[0m [34mDEBUG[0m [2mhyper::proto::h1::conn[0m[2m:[0m incoming body completed
[2m2025-12-10T10:08:04.705199Z[0m [34mDEBUG[0m [2mhyper::client::pool[0m[2m:[0m pooling idle connection for ("http", 192.168.0.14:8545)
[2m2025-12-10T10:08:04.705203Z[0m [34mDEBUG[0m [2methereum_transaction_pool_monitor::eth_client[0m[2m:[0m 📡 Transaction fetch RPC completed in 6.3655ms
[2m2025-12-10T10:08:04.776975Z[0m [34mDEBUG[0m [2methereum_transaction_pool_monitor::eth_client[0m[2m:[0m ✅ Transaction 0x31bb8de174f313f9d46b8e0deae5e2d6b02c6775105a5f0f04bd072eec8e40e5 fetched and parsed in 78.135083ms
[2m2025-12-10T10:08:04.777001Z[0m [34mDEBUG[0m [2methereum_transaction_pool_monitor::mempool_monitor[0m[2m:[0m 🔍 Skipping tx 0x31bb8de174f313f9d46b8e0deae5e2d6b02c6775105a5f0f04bd072eec8e40e5 - not a DEX interaction (target: 0xc02Ab410f0734EFa3F14628780e6e695156024C2)
[2m2025-12-10T10:08:04.777012Z[0m [34mDEBUG[0m [2methereum_transaction_pool_monitor::mempool_monitor[0m[2m:[0m 📨 Processing new pending transaction: 0xcda75eea2a597aa716fe54ebae1f90e954c80e1226a30adca134c18dd9598951
[2m2025-12-10T10:08:04.777017Z[0m [34mDEBUG[0m [2methereum_transaction_pool_monitor::mempool_monitor[0m[2m:[0m 🔍 Fetching transaction details for: 0xcda75eea2a597aa716fe54ebae1f90e954c80e1226a30adca134c18dd9598951
[2m2025-12-10T10:08:04.777023Z[0m [34mDEBUG[0m [2methereum_transaction_pool_monitor::eth_client[0m[2m:[0m 🔍 Fetching transaction details for hash: 0xcda75eea2a597aa716fe54ebae1f90e954c80e1226a30adca134c18dd9598951
[2m2025-12-10T10:08:04.777042Z[0m [34mDEBUG[0m [2mhyper::client::pool[0m[2m:[0m reuse idle connection for ("http", 192.168.0.14:8545)
[2m2025-12-10T10:08:04.777095Z[0m [34mDEBUG[0m [2mhyper::proto::h1::io[0m[2m:[0m flushed 250 bytes
[2m2025-12-10T10:08:04.781331Z[0m [34mDEBUG[0m [2mhyper::proto::h1::io[0m[2m:[0m parsed 4 headers
[2m2025-12-10T10:08:04.781348Z[0m [34mDEBUG[0m [2mhyper::proto::h1::conn[0m[2m:[0m incoming body is content-length (777 bytes)
[2m2025-12-10T10:08:04.781356Z[0m [34mDEBUG[0m [2mhyper::proto::h1::conn[0m[2m:[0m incoming body completed
[2m2025-12-10T10:08:04.781365Z[0m [34mDEBUG[0m [2mhyper::client::pool[0m[2m:[0m pooling idle connection for ("http", 192.168.0.14:8545)
[2m2025-12-10T10:08:04.781372Z[0m [34mDEBUG[0m [2methereum_transaction_pool_monitor::eth_client[0m[2m:[0m 📡 Transaction fetch RPC completed in 4.344083ms
[2m2025-12-10T10:08:04.853036Z[0m [34mDEBUG[0m [2methereum_transaction_pool_monitor::eth_client[0m[2m:[0m ✅ Transaction 0xcda75eea2a597aa716fe54ebae1f90e954c80e1226a30adca134c18dd9598951 fetched and parsed in 76.005166ms
[2m2025-12-10T10:08:04.853060Z[0m [34mDEBUG[0m [2methereum_transaction_pool_monitor::mempool_monitor[0m[2m:[0m 🔍 Skipping tx 0xcda75eea2a597aa716fe54ebae1f90e954c80e1226a30adca134c18dd9598951 - not a DEX interaction (target: 0x5DE8ab7E27f6E7A1fFf3E5B337584Aa43961BEeF)
[2m2025-12-10T10:08:04.853071Z[0m [34mDEBUG[0m [2methereum_transaction_pool_monitor::mempool_monitor[0m[2m:[0m 📨 Processing new pending transaction: 0x79a5e4a675d8067f12545218be2ee7a824c893ecca74242bf3d95284dbe7b54f
[2m2025-12-10T10:08:04.853078Z[0m [34mDEBUG[0m [2methereum_transaction_pool_monitor::mempool_monitor[0m[2m:[0m 🔍 Fetching transaction details for: 0x79a5e4a675d8067f12545218be2ee7a824c893ecca74242bf3d95284dbe7b54f
[2m2025-12-10T10:08:04.853083Z[0m [34mDEBUG[0m [2methereum_transaction_pool_monitor::eth_client[0m[2m:[0m 🔍 Fetching transaction details for hash: 0x79a5e4a675d8067f12545218be2ee7a824c893ecca74242bf3d95284dbe7b54f
[2m2025-12-10T10:08:04.853101Z[0m [34mDEBUG[0m [2mhyper::client::pool[0m[2m:[0m reuse idle connection for ("http", 192.168.0.14:8545)
[2m2025-12-10T10:08:04.853147Z[0m [34mDEBUG[0m [2mhyper::proto::h1::io[0m[2m:[0m flushed 250 bytes
[2m2025-12-10T10:08:04.853177Z[0m [34mDEBUG[0m [2mhyper::client::pool[0m[2m:[0m reuse idle connection for ("http", 192.168.0.14:8545)
[2m2025-12-10T10:08:04.853194Z[0m [34mDEBUG[0m [2mhyper::proto::h1::io[0m[2m:[0m flushed 172 bytes
[2m2025-12-10T10:08:04.858491Z[0m [34mDEBUG[0m [2mhyper::proto::h1::io[0m[2m:[0m parsed 4 headers
[2m2025-12-10T10:08:04.858510Z[0m [34mDEBUG[0m [2mhyper::proto::h1::conn[0m[2m:[0m incoming body is content-length (45 bytes)
[2m2025-12-10T10:08:04.858532Z[0m [34mDEBUG[0m [2mhyper::proto::h1::conn[0m[2m:[0m incoming body completed
[2m2025-12-10T10:08:04.858543Z[0m [34mDEBUG[0m [2mhyper::client::pool[0m[2m:[0m pooling idle connection for ("http", 192.168.0.14:8545)
[2m2025-12-10T10:08:04.864010Z[0m [34mDEBUG[0m [2mhyper::proto::h1::io[0m[2m:[0m parsed 4 headers
[2m2025-12-10T10:08:04.864015Z[0m [34mDEBUG[0m [2mhyper::proto::h1::conn[0m[2m:[0m incoming body is content-length (778 bytes)
[2m2025-12-10T10:08:04.864022Z[0m [34mDEBUG[0m [2mhyper::proto::h1::conn[0m[2m:[0m incoming body completed
[2m2025-12-10T10:08:04.864032Z[0m [34mDEBUG[0m [2mhyper::client::pool[0m[2m:[0m pooling idle connection for ("http", 192.168.0.14:8545)
[2m2025-12-10T10:08:04.864037Z[0m [34mDEBUG[0m [2methereum_transaction_pool_monitor::eth_client[0m[2m:[0m 📡 Transaction fetch RPC completed in 10.950458ms
[2m2025-12-10T10:08:04.864056Z[0m [34mDEBUG[0m [2methereum_transaction_pool_monitor::eth_client[0m[2m:[0m DeFi transaction detected - Address: 0xdac17f958d2ee523a2206206994597c13d831ec7, Type: Stablecoin, Value: 0 ETH, Gas: 999.00 Gwei
[2m2025-12-10T10:08:04.864075Z[0m [34mDEBUG[0m [2methereum_transaction_pool_monitor::eth_client[0m[2m:[0m ✅ Transaction 0x79a5e4a675d8067f12545218be2ee7a824c893ecca74242bf3d95284dbe7b54f fetched and parsed in 10.988333ms
[2m2025-12-10T10:08:04.864080Z[0m [34mDEBUG[0m [2methereum_transaction_pool_monitor::mempool_monitor[0m[2m:[0m 🔍 Skipping tx 0x79a5e4a675d8067f12545218be2ee7a824c893ecca74242bf3d95284dbe7b54f - not a DEX interaction (target: 0xdAC17F958D2ee523a2206206994597C13D831ec7)
[2m2025-12-10T10:08:04.864087Z[0m [34mDEBUG[0m [2methereum_transaction_pool_monitor::mempool_monitor[0m[2m:[0m 📨 Processing new pending transaction: 0x80f0c23701925863894aac7ea8db891946ccbea4e3a7ea3155cdb449818feb88
[2m2025-12-10T10:08:04.864090Z[0m [34mDEBUG[0m [2methereum_transaction_pool_monitor::mempool_monitor[0m[2m:[0m 🔍 Fetching transaction details for: 0x80f0c23701925863894aac7ea8db891946ccbea4e3a7ea3155cdb449818feb88
[2m2025-12-10T10:08:04.864093Z[0m [34mDEBUG[0m [2methereum_transaction_pool_monitor::eth_client[0m[2m:[0m 🔍 Fetching transaction details for hash: 0x80f0c23701925863894aac7ea8db891946ccbea4e3a7ea3155cdb449818feb88
[2m2025-12-10T10:08:04.864102Z[0m [34mDEBUG[0m [2mhyper::client::pool[0m[2m:[0m reuse idle connection for ("http", 192.168.0.14:8545)
[2m2025-12-10T10:08:04.864118Z[0m [34mDEBUG[0m [2mhyper::proto::h1::io[0m[2m:[0m flushed 250 bytes
[2m2025-12-10T10:08:04.868605Z[0m [34mDEBUG[0m [2mhyper::proto::h1::io[0m[2m:[0m parsed 4 headers
[2m2025-12-10T10:08:04.868612Z[0m [34mDEBUG[0m [2mhyper::proto::h1::conn[0m[2m:[0m incoming body is content-length (777 bytes)
[2m2025-12-10T10:08:04.868618Z[0m [34mDEBUG[0m [2mhyper::proto::h1::conn[0m[2m:[0m incoming body completed
[2m2025-12-10T10:08:04.868624Z[0m [34mDEBUG[0m [2mhyper::client::pool[0m[2m:[0m pooling idle connection for ("http", 192.168.0.14:8545)
[2m2025-12-10T10:08:04.868629Z[0m [34mDEBUG[0m [2methereum_transaction_pool_monitor::eth_client[0m[2m:[0m 📡 Transaction fetch RPC completed in 4.532292ms
[2m2025-12-10T10:08:04.938937Z[0m [34mDEBUG[0m [2methereum_transaction_pool_monitor::eth_client[0m[2m:[0m ✅ Transaction 0x80f0c23701925863894aac7ea8db891946ccbea4e3a7ea3155cdb449818feb88 fetched and parsed in 74.837834ms
[2m2025-12-10T10:08:04.938964Z[0m [34mDEBUG[0m [2methereum_transaction_pool_monitor::mempool_monitor[0m[2m:[0m 🔍 Skipping tx 0x80f0c23701925863894aac7ea8db891946ccbea4e3a7ea3155cdb449818feb88 - not a DEX interaction (target: 0xbC396689893D065F41bc2C6EcbeE5e0085233447)
[2m2025-12-10T10:08:04.938975Z[0m [34mDEBUG[0m [2methereum_transaction_pool_monitor::mempool_monitor[0m[2m:[0m 📨 Processing new pending transaction: 0xaf88807e10718c7635bd472017388a7d1f1eddb956d86cafae0d1ba2336dfd07
[2m2025-12-10T10:08:04.938984Z[0m [34mDEBUG[0m [2methereum_transaction_pool_monitor::mempool_monitor[0m[2m:[0m 🔍 Fetching transaction details for: 0xaf88807e10718c7635bd472017388a7d1f1eddb956d86cafae0d1ba2336dfd07
[2m2025-12-10T10:08:04.938992Z[0m [34mDEBUG[0m [2methereum_transaction_pool_monitor::eth_client[0m[2m:[0m 🔍 Fetching transaction details for hash: 0xaf88807e10718c7635bd472017388a7d1f1eddb956d86cafae0d1ba2336dfd07
[2m2025-12-10T10:08:04.939012Z[0m [34mDEBUG[0m [2mhyper::client::pool[0m[2m:[0m reuse idle connection for ("http", 192.168.0.14:8545)
[2m2025-12-10T10:08:04.939062Z[0m [34mDEBUG[0m [2mhyper::proto::h1::io[0m[2m:[0m flushed 250 bytes
[2m2025-12-10T10:08:04.939100Z[0m [34mDEBUG[0m [2mhyper::client::pool[0m[2m:[0m reuse idle connection for ("http", 192.168.0.14:8545)
[2m2025-12-10T10:08:04.939120Z[0m [34mDEBUG[0m [2mhyper::proto::h1::io[0m[2m:[0m flushed 172 bytes
[2m2025-12-10T10:08:04.939773Z[0m [34mDEBUG[0m [2methereum_transaction_pool_monitor::eth_client[0m[2m:[0m 📨 Received WebSocket message: {"jsonrpc":"2.0","method":"eth_subscription","params":{"subscription":"0xbed0a0851463e895960a451075a301a9","result":"0xb4004583ee1e280baf7d8f66801a813c4ed236996773540b96ae9368f71517d2"}}
[2m2025-12-10T10:08:04.939806Z[0m [34mDEBUG[0m [2methereum_transaction_pool_monitor::eth_client[0m[2m:[0m 📨 Received pending transaction: 0xb4004583ee1e280baf7d8f66801a813c4ed236996773540b96ae9368f71517d2
[2m2025-12-10T10:08:04.943708Z[0m [34mDEBUG[0m [2mhyper::proto::h1::io[0m[2m:[0m parsed 4 headers
[2m2025-12-10T10:08:04.943716Z[0m [34mDEBUG[0m [2mhyper::proto::h1::conn[0m[2m:[0m incoming body is content-length (762 bytes)
[2m2025-12-10T10:08:04.943733Z[0m [34mDEBUG[0m [2mhyper::proto::h1::conn[0m[2m:[0m incoming body completed
[2m2025-12-10T10:08:04.943748Z[0m [34mDEBUG[0m [2mhyper::client::pool[0m[2m:[0m pooling idle connection for ("http", 192.168.0.14:8545)
[2m2025-12-10T10:08:04.943770Z[0m [34mDEBUG[0m [2methereum_transaction_pool_monitor::eth_client[0m[2m:[0m 📡 Transaction fetch RPC completed in 4.7705ms
[2m2025-12-10T10:08:05.014550Z[0m [34mDEBUG[0m [2methereum_transaction_pool_monitor::eth_client[0m[2m:[0m ✅ Transaction 0xaf88807e10718c7635bd472017388a7d1f1eddb956d86cafae0d1ba2336dfd07 fetched and parsed in 75.5475ms
[2m2025-12-10T10:08:05.014574Z[0m [34mDEBUG[0m [2methereum_transaction_pool_monitor::mempool_monitor[0m[2m:[0m 🔍 Skipping tx 0xaf88807e10718c7635bd472017388a7d1f1eddb956d86cafae0d1ba2336dfd07 - not a DEX interaction (target: 0x000d4411cdeb152378626B5C5E33fd5D6808939a)
[2m2025-12-10T10:08:05.014585Z[0m [34mDEBUG[0m [2methereum_transaction_pool_monitor::mempool_monitor[0m[2m:[0m 📨 Processing new pending transaction: 0x07ca195d36e8f1b7ea270da60e27f64d9960a605cf29cccbc4b2f864c287b289
[2m2025-12-10T10:08:05.014591Z[0m [34mDEBUG[0m [2methereum_transaction_pool_monitor::mempool_monitor[0m[2m:[0m 🔍 Fetching transaction details for: 0x07ca195d36e8f1b7ea270da60e27f64d9960a605cf29cccbc4b2f864c287b289
[2m2025-12-10T10:08:05.014596Z[0m [34mDEBUG[0m [2methereum_transaction_pool_monitor::eth_client[0m[2m:[0m 🔍 Fetching transaction details for hash: 0x07ca195d36e8f1b7ea270da60e27f64d9960a605cf29cccbc4b2f864c287b289
[2m2025-12-10T10:08:05.014615Z[0m [34mDEBUG[0m [2mhyper::client::pool[0m[2m:[0m reuse idle connection for ("http", 192.168.0.14:8545)
[2m2025-12-10T10:08:05.014663Z[0m [34mDEBUG[0m [2mhyper::proto::h1::io[0m[2m:[0m flushed 250 bytes
[2m2025-12-10T10:08:05.014687Z[0m [34mDEBUG[0m [2methereum_transaction_pool_monitor::eth_client[0m[2m:[0m 📨 Received WebSocket message: {"jsonrpc":"2.0","method":"eth_subscription","params":{"subscription":"0xbed0a0851463e895960a451075a301a9","result":"0x5b515c97c075f9f6880863616f7c6fb6476c93686db9c6a8ed4fd0428d54f589"}}
[2m2025-12-10T10:08:05.014695Z[0m [34mDEBUG[0m [2methereum_transaction_pool_monitor::eth_client[0m[2m:[0m 📨 Received pending transaction: 0x5b515c97c075f9f6880863616f7c6fb6476c93686db9c6a8ed4fd0428d54f589
[2m2025-12-10T10:08:05.014704Z[0m [34mDEBUG[0m [2mhyper::proto::h1::io[0m[2m:[0m parsed 4 headers
[2m2025-12-10T10:08:05.014711Z[0m [34mDEBUG[0m [2mhyper::proto::h1::conn[0m[2m:[0m incoming body is content-length (45 bytes)
[2m2025-12-10T10:08:05.014718Z[0m [34mDEBUG[0m [2mhyper::proto::h1::conn[0m[2m:[0m incoming body completed
[2m2025-12-10T10:08:05.014726Z[0m [34mDEBUG[0m [2mhyper::client::pool[0m[2m:[0m pooling idle connection for ("http", 192.168.0.14:8545)
[2m2025-12-10T10:08:05.014741Z[0m [34mDEBUG[0m [2mhyper::client::pool[0m[2m:[0m reuse idle connection for ("http", 192.168.0.14:8545)
[2m2025-12-10T10:08:05.014754Z[0m [34mDEBUG[0m [2mhyper::proto::h1::io[0m[2m:[0m flushed 172 bytes
[2m2025-12-10T10:08:05.019475Z[0m [34mDEBUG[0m [2mhyper::proto::h1::io[0m[2m:[0m parsed 4 headers
[2m2025-12-10T10:08:05.019480Z[0m [34mDEBUG[0m [2mhyper::proto::h1::conn[0m[2m:[0m incoming body is content-length (45 bytes)
[2m2025-12-10T10:08:05.019486Z[0m [34mDEBUG[0m [2mhyper::proto::h1::conn[0m[2m:[0m incoming body completed
[2m2025-12-10T10:08:05.019491Z[0m [34mDEBUG[0m [2mhyper::client::pool[0m[2m:[0m pooling idle connection for ("http", 192.168.0.14:8545)
[2m2025-12-10T10:08:05.019507Z[0m [34mDEBUG[0m [2mhyper::proto::h1::io[0m[2m:[0m parsed 4 headers
[2m2025-12-10T10:08:05.019511Z[0m [34mDEBUG[0m [2mhyper::proto::h1::conn[0m[2m:[0m incoming body is content-length (769 bytes)
[2m2025-12-10T10:08:05.019519Z[0m [34mDEBUG[0m [2mhyper::proto::h1::conn[0m[2m:[0m incoming body completed
[2m2025-12-10T10:08:05.019526Z[0m [34mDEBUG[0m [2mhyper::client::pool[0m[2m:[0m pooling idle connection for ("http", 192.168.0.14:8545)
[2m2025-12-10T10:08:05.019533Z[0m [34mDEBUG[0m [2methereum_transaction_pool_monitor::eth_client[0m[2m:[0m 📡 Transaction fetch RPC completed in 4.931708ms
[2m2025-12-10T10:08:05.089875Z[0m [34mDEBUG[0m [2methereum_transaction_pool_monitor::eth_client[0m[2m:[0m ✅ Transaction 0x07ca195d36e8f1b7ea270da60e27f64d9960a605cf29cccbc4b2f864c287b289 fetched and parsed in 75.270958ms
[2m2025-12-10T10:08:05.089910Z[0m [34mDEBUG[0m [2methereum_transaction_pool_monitor::mempool_monitor[0m[2m:[0m 🔍 Skipping tx 0x07ca195d36e8f1b7ea270da60e27f64d9960a605cf29cccbc4b2f864c287b289 - not a DEX interaction (target: 0xFFFe68c44264Aa02020e30298F58f0004afc1527)
[2m2025-12-10T10:08:05.089931Z[0m [34mDEBUG[0m [2methereum_transaction_pool_monitor::mempool_monitor[0m[2m:[0m 📨 Processing new pending transaction: 0xf17d7dfeb37b9fed9188268977081cad8a7cf42fdf8256fc1224d7424124ba80
[2m2025-12-10T10:08:05.089939Z[0m [34mDEBUG[0m [2methereum_transaction_pool_monitor::mempool_monitor[0m[2m:[0m 🔍 Fetching transaction details for: 0xf17d7dfeb37b9fed9188268977081cad8a7cf42fdf8256fc1224d7424124ba80
[2m2025-12-10T10:08:05.090026Z[0m [34mDEBUG[0m [2methereum_transaction_pool_monitor::eth_client[0m[2m:[0m 🔍 Fetching transaction details for hash: 0xf17d7dfeb37b9fed9188268977081cad8a7cf42fdf8256fc1224d7424124ba80
[2m2025-12-10T10:08:05.090051Z[0m [34mDEBUG[0m [2mhyper::client::pool[0m[2m:[0m reuse idle connection for ("http", 192.168.0.14:8545)
[2m2025-12-10T10:08:05.090087Z[0m [34mDEBUG[0m [2mhyper::proto::h1::io[0m[2m:[0m flushed 250 bytes
[2m2025-12-10T10:08:05.094206Z[0m [34mDEBUG[0m [2mhyper::proto::h1::io[0m[2m:[0m parsed 4 headers
[2m2025-12-10T10:08:05.094215Z[0m [34mDEBUG[0m [2mhyper::proto::h1::conn[0m[2m:[0m incoming body is content-length (5443 bytes)
[2m2025-12-10T10:08:05.094239Z[0m [34mDEBUG[0m [2methereum_transaction_pool_monitor::eth_client[0m[2m:[0m 📡 Transaction fetch RPC completed in 4.201ms
[2m2025-12-10T10:08:05.095430Z[0m [34mDEBUG[0m [2mhyper::client::pool[0m[2m:[0m reuse idle connection for ("http", 192.168.0.14:8545)
[2m2025-12-10T10:08:05.095476Z[0m [34mDEBUG[0m [2mhyper::proto::h1::io[0m[2m:[0m flushed 172 bytes
[2m2025-12-10T10:08:05.098432Z[0m [34mDEBUG[0m [2mhyper::proto::h1::conn[0m[2m:[0m incoming body completed
[2m2025-12-10T10:08:05.098443Z[0m [34mDEBUG[0m [2mhyper::client::pool[0m[2m:[0m pooling idle connection for ("http", 192.168.0.14:8545)
[2m2025-12-10T10:08:05.098470Z[0m [34mDEBUG[0m [2mhyper::proto::h1::io[0m[2m:[0m parsed 4 headers
[2m2025-12-10T10:08:05.098478Z[0m [34mDEBUG[0m [2mhyper::proto::h1::conn[0m[2m:[0m incoming body is content-length (45 bytes)
[2m2025-12-10T10:08:05.098489Z[0m [34mDEBUG[0m [2mhyper::proto::h1::conn[0m[2m:[0m incoming body completed
[2m2025-12-10T10:08:05.098498Z[0m [34mDEBUG[0m [2mhyper::client::pool[0m[2m:[0m pooling idle connection for ("http", 192.168.0.14:8545)
[2m2025-12-10T10:08:05.116217Z[0m [34mDEBUG[0m [2methereum_transaction_pool_monitor::eth_client[0m[2m:[0m 📨 Received WebSocket message: {"jsonrpc":"2.0","method":"eth_subscription","params":{"subscription":"0xbed0a0851463e895960a451075a301a9","result":"0x0ea64c6c7c69fbff015ee287a84a5879e6a9cf402af533f526ba3b270355781c"}}
[2m2025-12-10T10:08:05.116240Z[0m [34mDEBUG[0m [2methereum_transaction_pool_monitor::eth_client[0m[2m:[0m 📨 Received pending transaction: 0x0ea64c6c7c69fbff015ee287a84a5879e6a9cf402af533f526ba3b270355781c
[2m2025-12-10T10:08:05.137784Z[0m [34mDEBUG[0m [2methereum_transaction_pool_monitor::eth_client[0m[2m:[0m 📨 Received WebSocket message: {"jsonrpc":"2.0","method":"eth_subscription","params":{"subscription":"0xbed0a0851463e895960a451075a301a9","result":"0x1e6a2de344694ccb9cd2150a8eb8a4ed1e33cfab7fe85c2c821653518d1278fa"}}
[2m2025-12-10T10:08:05.137807Z[0m [34mDEBUG[0m [2methereum_transaction_pool_monitor::eth_client[0m[2m:[0m 📨 Received pending transaction: 0x1e6a2de344694ccb9cd2150a8eb8a4ed1e33cfab7fe85c2c821653518d1278fa
[2m2025-12-10T10:08:05.138687Z[0m [34mDEBUG[0m [2methereum_transaction_pool_monitor::eth_client[0m[2m:[0m 📨 Received WebSocket message: {"jsonrpc":"2.0","method":"eth_subscription","params":{"subscription":"0xbed0a0851463e895960a451075a301a9","result":"0x3631566da085864428ad1d711e52cb08349219678892158b91de14ad6e99f4f6"}}
[2m2025-12-10T10:08:05.138708Z[0m [34mDEBUG[0m [2methereum_transaction_pool_monitor::eth_client[0m[2m:[0m 📨 Received pending transaction: 0x3631566da085864428ad1d711e52cb08349219678892158b91de14ad6e99f4f6
[2m2025-12-10T10:08:05.138713Z[0m [34mDEBUG[0m [2methereum_transaction_pool_monitor::eth_client[0m[2m:[0m 📨 Received WebSocket message: {"jsonrpc":"2.0","method":"eth_subscription","params":{"subscription":"0xbed0a0851463e895960a451075a301a9","result":"0xf3b44e8f0eb12fd005b8fde548bd00137f2f76806499cd790cc2cb3bac0312c9"}}
[2m2025-12-10T10:08:05.138718Z[0m [34mDEBUG[0m [2methereum_transaction_pool_monitor::eth_client[0m[2m:[0m 📨 Received pending transaction: 0xf3b44e8f0eb12fd005b8fde548bd00137f2f76806499cd790cc2cb3bac0312c9
[2m2025-12-10T10:08:05.138722Z[0m [34mDEBUG[0m [2methereum_transaction_pool_monitor::eth_client[0m[2m:[0m 📨 Received WebSocket message: {"jsonrpc":"2.0","method":"eth_subscription","params":{"subscription":"0xbed0a0851463e895960a451075a301a9","result":"0x1b3992249fa010ba030a553676f9cb624dd477550771bc1dcbf4f0c03d308072"}}
[2m2025-12-10T10:08:05.138727Z[0m [34mDEBUG[0m [2methereum_transaction_pool_monitor::eth_client[0m[2m:[0m 📨 Received pending transaction: 0x1b3992249fa010ba030a553676f9cb624dd477550771bc1dcbf4f0c03d308072
[2m2025-12-10T10:08:05.143761Z[0m [34mDEBUG[0m [2methereum_transaction_pool_monitor::eth_client[0m[2m:[0m 📨 Received WebSocket message: {"jsonrpc":"2.0","method":"eth_subscription","params":{"subscription":"0xbed0a0851463e895960a451075a301a9","result":"0xd082a43377049b51c694bbdc1c1d0ca1fb13169ce7ca97c21e99bd26ed5dc06a"}}
[2m2025-12-10T10:08:05.143772Z[0m [34mDEBUG[0m [2methereum_transaction_pool_monitor::eth_client[0m[2m:[0m 📨 Received pending transaction: 0xd082a43377049b51c694bbdc1c1d0ca1fb13169ce7ca97c21e99bd26ed5dc06a
[2m2025-12-10T10:08:05.158330Z[0m [34mDEBUG[0m [2methereum_transaction_pool_monitor::eth_client[0m[2m:[0m 📨 Received WebSocket message: {"jsonrpc":"2.0","method":"eth_subscription","params":{"subscription":"0xbed0a0851463e895960a451075a301a9","result":"0x904a33c23a11dacb17575db2fc82ea6993baf87198c4854fd3ae09ec6d2a18f6"}}
[2m2025-12-10T10:08:05.158350Z[0m [34mDEBUG[0m [2methereum_transaction_pool_monitor::eth_client[0m[2m:[0m 📨 Received pending transaction: 0x904a33c23a11dacb17575db2fc82ea6993baf87198c4854fd3ae09ec6d2a18f6
[2m2025-12-10T10:08:05.168589Z[0m [34mDEBUG[0m [2methereum_transaction_pool_monitor::eth_client[0m[2m:[0m ✅ Transaction 0xf17d7dfeb37b9fed9188268977081cad8a7cf42fdf8256fc1224d7424124ba80 fetched and parsed in 78.549292ms
[2m2025-12-10T10:08:05.168606Z[0m [34mDEBUG[0m [2methereum_transaction_pool_monitor::mempool_monitor[0m[2m:[0m 🔍 Skipping tx 0xf17d7dfeb37b9fed9188268977081cad8a7cf42fdf8256fc1224d7424124ba80 - not a DEX interaction (target: 0xF6801D319497789f934ec7F83E142a9536312B08)
[2m2025-12-10T10:08:05.168616Z[0m [34mDEBUG[0m [2methereum_transaction_pool_monitor::mempool_monitor[0m[2m:[0m 📨 Processing new pending transaction: 0x92195db7bacffea58fdd506587aff6c1926a255df2ba8d5dff2aef9f5f7a4129
[2m2025-12-10T10:08:05.168622Z[0m [34mDEBUG[0m [2methereum_transaction_pool_monitor::mempool_monitor[0m[2m:[0m 🔍 Fetching transaction details for: 0x92195db7bacffea58fdd506587aff6c1926a255df2ba8d5dff2aef9f5f7a4129
[2m2025-12-10T10:08:05.168627Z[0m [34mDEBUG[0m [2methereum_transaction_pool_monitor::eth_client[0m[2m:[0m 🔍 Fetching transaction details for hash: 0x92195db7bacffea58fdd506587aff6c1926a255df2ba8d5dff2aef9f5f7a4129
[2m2025-12-10T10:08:05.168646Z[0m [34mDEBUG[0m [2mhyper::client::pool[0m[2m:[0m reuse idle connection for ("http", 192.168.0.14:8545)
[2m2025-12-10T10:08:05.168682Z[0m [34mDEBUG[0m [2mhyper::proto::h1::io[0m[2m:[0m flushed 250 bytes
[2m2025-12-10T10:08:05.173710Z[0m [34mDEBUG[0m [2methereum_transaction_pool_monitor::eth_client[0m[2m:[0m 📨 Received WebSocket message: {"jsonrpc":"2.0","method":"eth_subscription","params":{"subscription":"0xbed0a0851463e895960a451075a301a9","result":"0xbe8988eca786f78d13402ddc48a7262523e4213f7f7c6219b0fcf233a87a2ff2"}}
[2m2025-12-10T10:08:05.173719Z[0m [34mDEBUG[0m [2methereum_transaction_pool_monitor::eth_client[0m[2m:[0m 📨 Received pending transaction: 0xbe8988eca786f78d13402ddc48a7262523e4213f7f7c6219b0fcf233a87a2ff2
[2m2025-12-10T10:08:05.174475Z[0m [34mDEBUG[0m [2mhyper::proto::h1::io[0m[2m:[0m parsed 4 headers
[2m2025-12-10T10:08:05.174481Z[0m [34mDEBUG[0m [2mhyper::proto::h1::conn[0m[2m:[0m incoming body is content-length (552 bytes)
[2m2025-12-10T10:08:05.174493Z[0m [34mDEBUG[0m [2mhyper::proto::h1::conn[0m[2m:[0m incoming body completed
[2m2025-12-10T10:08:05.174507Z[0m [34mDEBUG[0m [2mhyper::client::pool[0m[2m:[0m pooling idle connection for ("http", 192.168.0.14:8545)
[2m2025-12-10T10:08:05.174516Z[0m [34mDEBUG[0m [2methereum_transaction_pool_monitor::eth_client[0m[2m:[0m 📡 Transaction fetch RPC completed in 5.883875ms
[2m2025-12-10T10:08:05.245491Z[0m [34mDEBUG[0m [2methereum_transaction_pool_monitor::eth_client[0m[2m:[0m ✅ Transaction 0x92195db7bacffea58fdd506587aff6c1926a255df2ba8d5dff2aef9f5f7a4129 fetched and parsed in 76.856166ms
[2m2025-12-10T10:08:05.245515Z[0m [34mDEBUG[0m [2methereum_transaction_pool_monitor::mempool_monitor[0m[2m:[0m 🔍 Skipping tx 0x92195db7bacffea58fdd506587aff6c1926a255df2ba8d5dff2aef9f5f7a4129 - not a DEX interaction (target: 0x4234A65d8F90342aDD5b5F03b7a7a41b66b30041)
[2m2025-12-10T10:08:05.245525Z[0m [34mDEBUG[0m [2methereum_transaction_pool_monitor::mempool_monitor[0m[2m:[0m 📨 Processing new pending transaction: 0x7c15a6feb521e8e24a7c64bc4b350c2604cb7bcebcd878e899a5cc8aedbf1e55
[2m2025-12-10T10:08:05.245531Z[0m [34mDEBUG[0m [2methereum_transaction_pool_monitor::mempool_monitor[0m[2m:[0m 🔍 Fetching transaction details for: 0x7c15a6feb521e8e24a7c64bc4b350c2604cb7bcebcd878e899a5cc8aedbf1e55
[2m2025-12-10T10:08:05.245536Z[0m [34mDEBUG[0m [2methereum_transaction_pool_monitor::eth_client[0m[2m:[0m 🔍 Fetching transaction details for hash: 0x7c15a6feb521e8e24a7c64bc4b350c2604cb7bcebcd878e899a5cc8aedbf1e55
[2m2025-12-10T10:08:05.245558Z[0m [34mDEBUG[0m [2mhyper::client::pool[0m[2m:[0m reuse idle connection for ("http", 192.168.0.14:8545)
[2m2025-12-10T10:08:05.245598Z[0m [34mDEBUG[0m [2mhyper::proto::h1::io[0m[2m:[0m flushed 250 bytes
[2m2025-12-10T10:08:05.245619Z[0m [34mDEBUG[0m [2mhyper::client::pool[0m[2m:[0m reuse idle connection for ("http", 192.168.0.14:8545)
[2m2025-12-10T10:08:05.245633Z[0m [34mDEBUG[0m [2mhyper::proto::h1::io[0m[2m:[0m flushed 172 bytes
[2m2025-12-10T10:08:05.245633Z[0m [34mDEBUG[0m [2methereum_transaction_pool_monitor::eth_client[0m[2m:[0m 📨 Received WebSocket message: {"jsonrpc":"2.0","method":"eth_subscription","params":{"subscription":"0xbed0a0851463e895960a451075a301a9","result":"0x52ff91431cb178611aedad805f7e9f0f806328140b463fc305b7d61062a9e7a0"}}
[2m2025-12-10T10:08:05.245647Z[0m [34mDEBUG[0m [2methereum_transaction_pool_monitor::eth_client[0m[2m:[0m 📨 Received pending transaction: 0x52ff91431cb178611aedad805f7e9f0f806328140b463fc305b7d61062a9e7a0
[2m2025-12-10T10:08:05.245654Z[0m [34mDEBUG[0m [2methereum_transaction_pool_monitor::eth_client[0m[2m:[0m 📨 Received WebSocket message: {"jsonrpc":"2.0","method":"eth_subscription","params":{"subscription":"0xbed0a0851463e895960a451075a301a9","result":"0x2023930087b62a657c33d17454506d3f8c3a80dfe51b0b239a98a68b80b10c94"}}
[2m2025-12-10T10:08:05.245662Z[0m [34mDEBUG[0m [2methereum_transaction_pool_monitor::eth_client[0m[2m:[0m 📨 Received pending transaction: 0x2023930087b62a657c33d17454506d3f8c3a80dfe51b0b239a98a68b80b10c94
[2m2025-12-10T10:08:05.245669Z[0m [34mDEBUG[0m [2methereum_transaction_pool_monitor::eth_client[0m[2m:[0m 📨 Received WebSocket message: {"jsonrpc":"2.0","method":"eth_subscription","params":{"subscription":"0xbed0a0851463e895960a451075a301a9","result":"0xe7ec19d96922efae178e53d059536f9200f4854880ad07ef051d5b5ae3b30c84"}}
[2m2025-12-10T10:08:05.245676Z[0m [34mDEBUG[0m [2methereum_transaction_pool_monitor::eth_client[0m[2m:[0m 📨 Received pending transaction: 0xe7ec19d96922efae178e53d059536f9200f4854880ad07ef051d5b5ae3b30c84
[2m2025-12-10T10:08:05.253495Z[0m [34mDEBUG[0m [2methereum_transaction_pool_monitor::eth_client[0m[2m:[0m 📨 Received WebSocket message: {"jsonrpc":"2.0","method":"eth_subscription","params":{"subscription":"0xbed0a0851463e895960a451075a301a9","result":"0x85e4b873ed7392890107cb38db70c0ab9086277c0adb5231c841f3804593cc9d"}}
[2m2025-12-10T10:08:05.253515Z[0m [34mDEBUG[0m [2methereum_transaction_pool_monitor::eth_client[0m[2m:[0m 📨 Received pending transaction: 0x85e4b873ed7392890107cb38db70c0ab9086277c0adb5231c841f3804593cc9d
[2m2025-12-10T10:08:05.253520Z[0m [34mDEBUG[0m [2methereum_transaction_pool_monitor::eth_client[0m[2m:[0m 📨 Received WebSocket message: {"jsonrpc":"2.0","method":"eth_subscription","params":{"subscription":"0xbed0a0851463e895960a451075a301a9","result":"0x83f7355ea8bed04fd248dc3bab1096bb5bfc5971e2a4743236222ff64e26866b"}}
[2m2025-12-10T10:08:05.253524Z[0m [34mDEBUG[0m [2methereum_transaction_pool_monitor::eth_client[0m[2m:[0m 📨 Received pending transaction: 0x83f7355ea8bed04fd248dc3bab1096bb5bfc5971e2a4743236222ff64e26866b
[2m2025-12-10T10:08:05.253550Z[0m [34mDEBUG[0m [2mhyper::proto::h1::io[0m[2m:[0m parsed 4 headers
[2m2025-12-10T10:08:05.253556Z[0m [34mDEBUG[0m [2mhyper::proto::h1::conn[0m[2m:[0m incoming body is content-length (3913 bytes)
[2m2025-12-10T10:08:05.253563Z[0m [34mDEBUG[0m [2mhyper::proto::h1::conn[0m[2m:[0m incoming body completed
[2m2025-12-10T10:08:05.253572Z[0m [34mDEBUG[0m [2mhyper::client::pool[0m[2m:[0m pooling idle connection for ("http", 192.168.0.14:8545)
[2m2025-12-10T10:08:05.253578Z[0m [34mDEBUG[0m [2methereum_transaction_pool_monitor::eth_client[0m[2m:[0m 📡 Transaction fetch RPC completed in 8.037417ms
[2m2025-12-10T10:08:05.324694Z[0m [34mDEBUG[0m [2methereum_transaction_pool_monitor::eth_client[0m[2m:[0m ✅ Transaction 0x7c15a6feb521e8e24a7c64bc4b350c2604cb7bcebcd878e899a5cc8aedbf1e55 fetched and parsed in 79.151ms
[2m2025-12-10T10:08:05.324713Z[0m [34mDEBUG[0m [2methereum_transaction_pool_monitor::mempool_monitor[0m[2m:[0m 🔍 Skipping tx 0x7c15a6feb521e8e24a7c64bc4b350c2604cb7bcebcd878e899a5cc8aedbf1e55 - not a DEX interaction (target: 0xA9D1e08C7793af67e9d92fe308d5697FB81d3E43)
[2m2025-12-10T10:08:05.324723Z[0m [34mDEBUG[0m [2methereum_transaction_pool_monitor::mempool_monitor[0m[2m:[0m 📨 Processing new pending transaction: 0xac388d65c98a21941e93548f43f9fb70475702125e3c1bfd112a0908a5660218
[2m2025-12-10T10:08:05.324730Z[0m [34mDEBUG[0m [2methereum_transaction_pool_monitor::mempool_monitor[0m[2m:[0m 🔍 Fetching transaction details for: 0xac388d65c98a21941e93548f43f9fb70475702125e3c1bfd112a0908a5660218
[2m2025-12-10T10:08:05.324734Z[0m [34mDEBUG[0m [2methereum_transaction_pool_monitor::eth_client[0m[2m:[0m 🔍 Fetching transaction details for hash: 0xac388d65c98a21941e93548f43f9fb70475702125e3c1bfd112a0908a5660218
[2m2025-12-10T10:08:05.324753Z[0m [34mDEBUG[0m [2mhyper::client::pool[0m[2m:[0m reuse idle connection for ("http", 192.168.0.14:8545)
[2m2025-12-10T10:08:05.324777Z[0m [34mDEBUG[0m [2mhyper::proto::h1::io[0m[2m:[0m flushed 250 bytes
[2m2025-12-10T10:08:05.324797Z[0m [34mDEBUG[0m [2methereum_transaction_pool_monitor::eth_client[0m[2m:[0m 📨 Received WebSocket message: {"jsonrpc":"2.0","method":"eth_subscription","params":{"subscription":"0xbed0a0851463e895960a451075a301a9","result":"0xef7438e10c0439d44df2b6a93f6bf507829be601ddc713ec44ac6116096ea9d5"}}
[2m2025-12-10T10:08:05.324806Z[0m [34mDEBUG[0m [2methereum_transaction_pool_monitor::eth_client[0m[2m:[0m 📨 Received pending transaction: 0xef7438e10c0439d44df2b6a93f6bf507829be601ddc713ec44ac6116096ea9d5
[2m2025-12-10T10:08:05.324806Z[0m [34mDEBUG[0m [2mhyper::proto::h1::io[0m[2m:[0m parsed 4 headers
[2m2025-12-10T10:08:05.324813Z[0m [34mDEBUG[0m [2methereum_transaction_pool_monitor::eth_client[0m[2m:[0m 📨 Received WebSocket message: {"jsonrpc":"2.0","method":"eth_subscription","params":{"subscription":"0xbed0a0851463e895960a451075a301a9","result":"0x6390003fc2f4a72c0a3d4dd9a9795b3d918f3eb111f6869960539ed5b9d5dc4d"}}
[2m2025-12-10T10:08:05.324823Z[0m [34mDEBUG[0m [2methereum_transaction_pool_monitor::eth_client[0m[2m:[0m 📨 Received pending transaction: 0x6390003fc2f4a72c0a3d4dd9a9795b3d918f3eb111f6869960539ed5b9d5dc4d
[2m2025-12-10T10:08:05.324816Z[0m [34mDEBUG[0m [2mhyper::proto::h1::conn[0m[2m:[0m incoming body is content-length (45 bytes)
[2m2025-12-10T10:08:05.324839Z[0m [34mDEBUG[0m [2mhyper::proto::h1::conn[0m[2m:[0m incoming body completed
[2m2025-12-10T10:08:05.324904Z[0m [34mDEBUG[0m [2mhyper::client::pool[0m[2m:[0m pooling idle connection for ("http", 192.168.0.14:8545)
[2m2025-12-10T10:08:05.324921Z[0m [34mDEBUG[0m [2mhyper::client::pool[0m[2m:[0m reuse idle connection for ("http", 192.168.0.14:8545)
[2m2025-12-10T10:08:05.324936Z[0m [34mDEBUG[0m [2mhyper::proto::h1::io[0m[2m:[0m flushed 172 bytes
[2m2025-12-10T10:08:05.325129Z[0m [34mDEBUG[0m [2methereum_transaction_pool_monitor::eth_client[0m[2m:[0m 📨 Received WebSocket message: {"jsonrpc":"2.0","method":"eth_subscription","params":{"subscription":"0xbed0a0851463e895960a451075a301a9","result":"0x9d3e0b1b708164bda48793665809c13c223c2e4270de98f197fea653e6600e65"}}
[2m2025-12-10T10:08:05.325137Z[0m [34mDEBUG[0m [2methereum_transaction_pool_monitor::eth_client[0m[2m:[0m 📨 Received pending transaction: 0x9d3e0b1b708164bda48793665809c13c223c2e4270de98f197fea653e6600e65
[2m2025-12-10T10:08:05.331103Z[0m [34mDEBUG[0m [2mhyper::proto::h1::io[0m[2m:[0m parsed 4 headers
[2m2025-12-10T10:08:05.331146Z[0m [34mDEBUG[0m [2mhyper::proto::h1::conn[0m[2m:[0m incoming body is content-length (772 bytes)
[2m2025-12-10T10:08:05.331156Z[0m [34mDEBUG[0m [2mhyper::proto::h1::conn[0m[2m:[0m incoming body completed
[2m2025-12-10T10:08:05.331163Z[0m [34mDEBUG[0m [2mhyper::client::pool[0m[2m:[0m pooling idle connection for ("http", 192.168.0.14:8545)
[2m2025-12-10T10:08:05.331168Z[0m [34mDEBUG[0m [2methereum_transaction_pool_monitor::eth_client[0m[2m:[0m 📡 Transaction fetch RPC completed in 6.43025ms
[2m2025-12-10T10:08:05.400467Z[0m [34mDEBUG[0m [2methereum_transaction_pool_monitor::eth_client[0m[2m:[0m ✅ Transaction 0xac388d65c98a21941e93548f43f9fb70475702125e3c1bfd112a0908a5660218 fetched and parsed in 75.726375ms
[2m2025-12-10T10:08:05.400494Z[0m [34mDEBUG[0m [2methereum_transaction_pool_monitor::mempool_monitor[0m[2m:[0m 🔍 Skipping tx 0xac388d65c98a21941e93548f43f9fb70475702125e3c1bfd112a0908a5660218 - not a DEX interaction (target: 0x044Ca854fA227E27E07652B7F6A6b578703F3945)
[2m2025-12-10T10:08:05.400504Z[0m [34mDEBUG[0m [2methereum_transaction_pool_monitor::mempool_monitor[0m[2m:[0m 📨 Processing new pending transaction: 0xfb38d8f98afcb65983ab4d3cedba744738fa86045efe8b9e3b7aef5bd9c59654
[2m2025-12-10T10:08:05.400511Z[0m [34mDEBUG[0m [2methereum_transaction_pool_monitor::mempool_monitor[0m[2m:[0m 🔍 Fetching transaction details for: 0xfb38d8f98afcb65983ab4d3cedba744738fa86045efe8b9e3b7aef5bd9c59654
[2m2025-12-10T10:08:05.400516Z[0m [34mDEBUG[0m [2methereum_transaction_pool_monitor::eth_client[0m[2m:[0m 🔍 Fetching transaction details for hash: 0xfb38d8f98afcb65983ab4d3cedba744738fa86045efe8b9e3b7aef5bd9c59654
[2m2025-12-10T10:08:05.400540Z[0m [34mDEBUG[0m [2mhyper::client::pool[0m[2m:[0m reuse idle connection for ("http", 192.168.0.14:8545)
[2m2025-12-10T10:08:05.400578Z[0m [34mDEBUG[0m [2mhyper::proto::h1::io[0m[2m:[0m flushed 250 bytes
[2m2025-12-10T10:08:05.400604Z[0m [34mDEBUG[0m [2methereum_transaction_pool_monitor::eth_client[0m[2m:[0m 📨 Received WebSocket message: {"jsonrpc":"2.0","method":"eth_subscription","params":{"subscription":"0xbed0a0851463e895960a451075a301a9","result":"0xb03ce7e12925cda629078407d3f5d059fe7d6f47da61c5dcd9fdcc85dc45248d"}}
[2m2025-12-10T10:08:05.400606Z[0m [34mDEBUG[0m [2mhyper::proto::h1::io[0m[2m:[0m parsed 4 headers
[2m2025-12-10T10:08:05.400612Z[0m [34mDEBUG[0m [2methereum_transaction_pool_monitor::eth_client[0m[2m:[0m 📨 Received pending transaction: 0xb03ce7e12925cda629078407d3f5d059fe7d6f47da61c5dcd9fdcc85dc45248d
[2m2025-12-10T10:08:05.400614Z[0m [34mDEBUG[0m [2mhyper::proto::h1::conn[0m[2m:[0m incoming body is content-length (45 bytes)
[2m2025-12-10T10:08:05.400626Z[0m [34mDEBUG[0m [2mhyper::proto::h1::conn[0m[2m:[0m incoming body completed
[2m2025-12-10T10:08:05.400634Z[0m [34mDEBUG[0m [2mhyper::client::pool[0m[2m:[0m pooling idle connection for ("http", 192.168.0.14:8545)
[2m2025-12-10T10:08:05.400649Z[0m [34mDEBUG[0m [2mhyper::client::pool[0m[2m:[0m reuse idle connection for ("http", 192.168.0.14:8545)
[2m2025-12-10T10:08:05.400665Z[0m [34mDEBUG[0m [2mhyper::proto::h1::io[0m[2m:[0m flushed 172 bytes
[2m2025-12-10T10:08:05.404004Z[0m [34mDEBUG[0m [2mhyper::proto::h1::io[0m[2m:[0m parsed 4 headers
[2m2025-12-10T10:08:05.404009Z[0m [34mDEBUG[0m [2mhyper::proto::h1::conn[0m[2m:[0m incoming body is content-length (1162 bytes)
[2m2025-12-10T10:08:05.404015Z[0m [34mDEBUG[0m [2mhyper::proto::h1::conn[0m[2m:[0m incoming body completed
[2m2025-12-10T10:08:05.404021Z[0m [34mDEBUG[0m [2mhyper::client::pool[0m[2m:[0m pooling idle connection for ("http", 192.168.0.14:8545)
[2m2025-12-10T10:08:05.404026Z[0m [34mDEBUG[0m [2methereum_transaction_pool_monitor::eth_client[0m[2m:[0m 📡 Transaction fetch RPC completed in 3.505542ms
[2m2025-12-10T10:08:05.404040Z[0m [34mDEBUG[0m [2methereum_transaction_pool_monitor::eth_client[0m[2m:[0m DeFi transaction detected - Address: 0x7a250d5630b4cf539739df2c5dacb4c659f2488d, Type: DexRouter, Value: 0 ETH, Gas: 125.00 Gwei
[2m2025-12-10T10:08:05.404052Z[0m [34mDEBUG[0m [2methereum_transaction_pool_monitor::eth_client[0m[2m:[0m ✅ Transaction 0xfb38d8f98afcb65983ab4d3cedba744738fa86045efe8b9e3b7aef5bd9c59654 fetched and parsed in 3.531667ms
[2m2025-12-10T10:08:05.404057Z[0m [34mDEBUG[0m [2methereum_transaction_pool_monitor::mempool_monitor[0m[2m:[0m 🔍 Skipping tx 0xfb38d8f98afcb65983ab4d3cedba744738fa86045efe8b9e3b7aef5bd9c59654 - not a DEX interaction (target: 0x7a250d5630B4cF539739dF2C5dAcb4c659F2488D)
[2m2025-12-10T10:08:05.404063Z[0m [34mDEBUG[0m [2methereum_transaction_pool_monitor::mempool_monitor[0m[2m:[0m 📨 Processing new pending transaction: 0xeb29ab78c1b9e6ff107350aa9ef005145290340c530db922431287b389a304d1
[2m2025-12-10T10:08:05.404066Z[0m [34mDEBUG[0m [2methereum_transaction_pool_monitor::mempool_monitor[0m[2m:[0m 🔍 Fetching transaction details for: 0xeb29ab78c1b9e6ff107350aa9ef005145290340c530db922431287b389a304d1
[2m2025-12-10T10:08:05.404069Z[0m [34mDEBUG[0m [2methereum_transaction_pool_monitor::eth_client[0m[2m:[0m 🔍 Fetching transaction details for hash: 0xeb29ab78c1b9e6ff107350aa9ef005145290340c530db922431287b389a304d1
[2m2025-12-10T10:08:05.404076Z[0m [34mDEBUG[0m [2mhyper::client::pool[0m[2m:[0m reuse idle connection for ("http", 192.168.0.14:8545)
[2m2025-12-10T10:08:05.404094Z[0m [34mDEBUG[0m [2mhyper::proto::h1::io[0m[2m:[0m flushed 250 bytes
[2m2025-12-10T10:08:05.405312Z[0m [34mDEBUG[0m [2mhyper::proto::h1::io[0m[2m:[0m parsed 4 headers
[2m2025-12-10T10:08:05.405316Z[0m [34mDEBUG[0m [2mhyper::proto::h1::conn[0m[2m:[0m incoming body is content-length (45 bytes)
[2m2025-12-10T10:08:05.405321Z[0m [34mDEBUG[0m [2mhyper::proto::h1::conn[0m[2m:[0m incoming body completed
[2m2025-12-10T10:08:05.405326Z[0m [34mDEBUG[0m [2mhyper::client::pool[0m[2m:[0m pooling idle connection for ("http", 192.168.0.14:8545)
[2m2025-12-10T10:08:05.408747Z[0m [34mDEBUG[0m [2mhyper::proto::h1::io[0m[2m:[0m parsed 4 headers
[2m2025-12-10T10:08:05.408766Z[0m [34mDEBUG[0m [2mhyper::proto::h1::conn[0m[2m:[0m incoming body is content-length (7107 bytes)
[2m2025-12-10T10:08:05.408795Z[0m [34mDEBUG[0m [2methereum_transaction_pool_monitor::eth_client[0m[2m:[0m 📡 Transaction fetch RPC completed in 4.72225ms
[2m2025-12-10T10:08:05.411004Z[0m [34mDEBUG[0m [2mhyper::proto::h1::conn[0m[2m:[0m incoming body completed
[2m2025-12-10T10:08:05.411013Z[0m [34mDEBUG[0m [2mhyper::client::pool[0m[2m:[0m pooling idle connection for ("http", 192.168.0.14:8545)
[2m2025-12-10T10:08:05.482089Z[0m [34mDEBUG[0m [2methereum_transaction_pool_monitor::eth_client[0m[2m:[0m ✅ Transaction 0xeb29ab78c1b9e6ff107350aa9ef005145290340c530db922431287b389a304d1 fetched and parsed in 78.013166ms
[2m2025-12-10T10:08:05.482115Z[0m [34mDEBUG[0m [2methereum_transaction_pool_monitor::mempool_monitor[0m[2m:[0m 🔍 Skipping tx 0xeb29ab78c1b9e6ff107350aa9ef005145290340c530db922431287b389a304d1 - not a DEX interaction (target: 0xF6801D319497789f934ec7F83E142a9536312B08)
[2m2025-12-10T10:08:05.482126Z[0m [34mDEBUG[0m [2methereum_transaction_pool_monitor::mempool_monitor[0m[2m:[0m 📨 Processing new pending transaction: 0xbf4f0da5f5e95fd25482b7202711a0028f5e04d93501b2c5018ed6aa3eb8957c
[2m2025-12-10T10:08:05.482132Z[0m [34mDEBUG[0m [2methereum_transaction_pool_monitor::mempool_monitor[0m[2m:[0m 🔍 Fetching transaction details for: 0xbf4f0da5f5e95fd25482b7202711a0028f5e04d93501b2c5018ed6aa3eb8957c
[2m2025-12-10T10:08:05.482137Z[0m [34mDEBUG[0m [2methereum_transaction_pool_monitor::eth_client[0m[2m:[0m 🔍 Fetching transaction details for hash: 0xbf4f0da5f5e95fd25482b7202711a0028f5e04d93501b2c5018ed6aa3eb8957c
[2m2025-12-10T10:08:05.482156Z[0m [34mDEBUG[0m [2mhyper::client::pool[0m[2m:[0m reuse idle connection for ("http", 192.168.0.14:8545)
[2m2025-12-10T10:08:05.482201Z[0m [34mDEBUG[0m [2mhyper::proto::h1::io[0m[2m:[0m flushed 250 bytes
[2m2025-12-10T10:08:05.486344Z[0m [34mDEBUG[0m [2mhyper::proto::h1::io[0m[2m:[0m parsed 4 headers
[2m2025-12-10T10:08:05.486350Z[0m [34mDEBUG[0m [2mhyper::proto::h1::conn[0m[2m:[0m incoming body is content-length (681 bytes)
[2m2025-12-10T10:08:05.486357Z[0m [34mDEBUG[0m [2mhyper::proto::h1::conn[0m[2m:[0m incoming body completed
[2m2025-12-10T10:08:05.486366Z[0m [34mDEBUG[0m [2mhyper::client::pool[0m[2m:[0m pooling idle connection for ("http", 192.168.0.14:8545)
[2m2025-12-10T10:08:05.486372Z[0m [34mDEBUG[0m [2methereum_transaction_pool_monitor::eth_client[0m[2m:[0m 📡 Transaction fetch RPC completed in 4.230041ms
[2m2025-12-10T10:08:05.556621Z[0m [34mDEBUG[0m [2methereum_transaction_pool_monitor::eth_client[0m[2m:[0m ✅ Transaction 0xbf4f0da5f5e95fd25482b7202711a0028f5e04d93501b2c5018ed6aa3eb8957c fetched and parsed in 74.476083ms
[2m2025-12-10T10:08:05.556648Z[0m [34mDEBUG[0m [2methereum_transaction_pool_monitor::mempool_monitor[0m[2m:[0m 🔍 Skipping tx 0xbf4f0da5f5e95fd25482b7202711a0028f5e04d93501b2c5018ed6aa3eb8957c - not a DEX interaction (target: 0x39903a1A6f289A67E0DE94096915c4ccD506Ab2a)
[2m2025-12-10T10:08:05.556660Z[0m [34mDEBUG[0m [2methereum_transaction_pool_monitor::mempool_monitor[0m[2m:[0m 📨 Processing new pending transaction: 0xec867d6757a3a5a00c5a11a6e0a21339feea3a12b82589e80ed03e0d2e935157
[2m2025-12-10T10:08:05.556673Z[0m [34mDEBUG[0m [2methereum_transaction_pool_monitor::mempool_monitor[0m[2m:[0m 🔍 Fetching transaction details for: 0xec867d6757a3a5a00c5a11a6e0a21339feea3a12b82589e80ed03e0d2e935157
[2m2025-12-10T10:08:05.556680Z[0m [34mDEBUG[0m [2methereum_transaction_pool_monitor::eth_client[0m[2m:[0m 🔍 Fetching transaction details for hash: 0xec867d6757a3a5a00c5a11a6e0a21339feea3a12b82589e80ed03e0d2e935157
[2m2025-12-10T10:08:05.556701Z[0m [34mDEBUG[0m [2mhyper::client::pool[0m[2m:[0m reuse idle connection for ("http", 192.168.0.14:8545)
[2m2025-12-10T10:08:05.556742Z[0m [34mDEBUG[0m [2mhyper::proto::h1::io[0m[2m:[0m flushed 250 bytes
[2m2025-12-10T10:08:05.556770Z[0m [34mDEBUG[0m [2mhyper::client::pool[0m[2m:[0m reuse idle connection for ("http", 192.168.0.14:8545)
[2m2025-12-10T10:08:05.556788Z[0m [34mDEBUG[0m [2mhyper::proto::h1::io[0m[2m:[0m flushed 172 bytes
[2m2025-12-10T10:08:05.561911Z[0m [34mDEBUG[0m [2mhyper::proto::h1::io[0m[2m:[0m parsed 4 headers
[2m2025-12-10T10:08:05.561937Z[0m [34mDEBUG[0m [2mhyper::proto::h1::io[0m[2m:[0m parsed 4 headers
[2m2025-12-10T10:08:05.561940Z[0m [34mDEBUG[0m [2mhyper::proto::h1::conn[0m[2m:[0m incoming body is content-length (1732 bytes)
[2m2025-12-10T10:08:05.561966Z[0m [34mDEBUG[0m [2mhyper::proto::h1::conn[0m[2m:[0m incoming body is content-length (45 bytes)
[2m2025-12-10T10:08:05.561976Z[0m [34mDEBUG[0m [2mhyper::proto::h1::conn[0m[2m:[0m incoming body completed
[2m2025-12-10T10:08:05.561977Z[0m [34mDEBUG[0m [2mhyper::proto::h1::conn[0m[2m:[0m incoming body completed
[2m2025-12-10T10:08:05.561986Z[0m [34mDEBUG[0m [2mhyper::client::pool[0m[2m:[0m pooling idle connection for ("http", 192.168.0.14:8545)
[2m2025-12-10T10:08:05.561988Z[0m [34mDEBUG[0m [2mhyper::client::pool[0m[2m:[0m pooling idle connection for ("http", 192.168.0.14:8545)
[2m2025-12-10T10:08:05.561993Z[0m [34mDEBUG[0m [2methereum_transaction_pool_monitor::eth_client[0m[2m:[0m 📡 Transaction fetch RPC completed in 5.3075ms
[2m2025-12-10T10:08:05.586238Z[0m [34mDEBUG[0m [2methereum_transaction_pool_monitor::eth_client[0m[2m:[0m 📨 Received WebSocket message: {"jsonrpc":"2.0","method":"eth_subscription","params":{"subscription":"0xbed0a0851463e895960a451075a301a9","result":"0x79b32a215040f241d4ebdd5fe71838f20fbd8c7eb1db11716a9ea3d821b2ac57"}}
[2m2025-12-10T10:08:05.586261Z[0m [34mDEBUG[0m [2methereum_transaction_pool_monitor::eth_client[0m[2m:[0m 📨 Received pending transaction: 0x79b32a215040f241d4ebdd5fe71838f20fbd8c7eb1db11716a9ea3d821b2ac57
[2m2025-12-10T10:08:05.586267Z[0m [34mDEBUG[0m [2methereum_transaction_pool_monitor::eth_client[0m[2m:[0m 📨 Received WebSocket message: {"jsonrpc":"2.0","method":"eth_subscription","params":{"subscription":"0xbed0a0851463e895960a451075a301a9","result":"0x15eb66e52674c937d03324d6e9af706743e2e6e7b7d02546ca24ae754f4ae475"}}
[2m2025-12-10T10:08:05.586272Z[0m [34mDEBUG[0m [2methereum_transaction_pool_monitor::eth_client[0m[2m:[0m 📨 Received pending transaction: 0x15eb66e52674c937d03324d6e9af706743e2e6e7b7d02546ca24ae754f4ae475
[2m2025-12-10T10:08:05.596304Z[0m [34mDEBUG[0m [2mhyper::client::pool[0m[2m:[0m reuse idle connection for ("http", 192.168.0.14:8545)
[2m2025-12-10T10:08:05.596358Z[0m [34mDEBUG[0m [2mhyper::proto::h1::io[0m[2m:[0m flushed 172 bytes
[2m2025-12-10T10:08:05.599452Z[0m [34mDEBUG[0m [2mhyper::proto::h1::io[0m[2m:[0m parsed 4 headers
[2m2025-12-10T10:08:05.599458Z[0m [34mDEBUG[0m [2mhyper::proto::h1::conn[0m[2m:[0m incoming body is content-length (45 bytes)
[2m2025-12-10T10:08:05.599465Z[0m [34mDEBUG[0m [2mhyper::proto::h1::conn[0m[2m:[0m incoming body completed
[2m2025-12-10T10:08:05.599473Z[0m [34mDEBUG[0m [2mhyper::client::pool[0m[2m:[0m pooling idle connection for ("http", 192.168.0.14:8545)
[2m2025-12-10T10:08:05.632828Z[0m [34mDEBUG[0m [2methereum_transaction_pool_monitor::eth_client[0m[2m:[0m ✅ Transaction 0xec867d6757a3a5a00c5a11a6e0a21339feea3a12b82589e80ed03e0d2e935157 fetched and parsed in 76.140542ms
[2m2025-12-10T10:08:05.632853Z[0m [34mDEBUG[0m [2methereum_transaction_pool_monitor::mempool_monitor[0m[2m:[0m 🔍 Skipping tx 0xec867d6757a3a5a00c5a11a6e0a21339feea3a12b82589e80ed03e0d2e935157 - not a DEX interaction (target: 0x601a2aD6CB5949f0529735254189Ba3194221EDF)
[2m2025-12-10T10:08:05.632864Z[0m [34mDEBUG[0m [2methereum_transaction_pool_monitor::mempool_monitor[0m[2m:[0m 📨 Processing new pending transaction: 0xf93c21c54128d8bf63761cdc3ff2a6f1499470d5e5f5277967cd5d6853909f3a
[2m2025-12-10T10:08:05.632869Z[0m [34mDEBUG[0m [2methereum_transaction_pool_monitor::mempool_monitor[0m[2m:[0m 🔍 Fetching transaction details for: 0xf93c21c54128d8bf63761cdc3ff2a6f1499470d5e5f5277967cd5d6853909f3a
[2m2025-12-10T10:08:05.632874Z[0m [34mDEBUG[0m [2methereum_transaction_pool_monitor::eth_client[0m[2m:[0m 🔍 Fetching transaction details for hash: 0xf93c21c54128d8bf63761cdc3ff2a6f1499470d5e5f5277967cd5d6853909f3a
[2m2025-12-10T10:08:05.632894Z[0m [34mDEBUG[0m [2mhyper::client::pool[0m[2m:[0m reuse idle connection for ("http", 192.168.0.14:8545)
[2m2025-12-10T10:08:05.632935Z[0m [34mDEBUG[0m [2mhyper::proto::h1::io[0m[2m:[0m flushed 250 bytes
[2m2025-12-10T10:08:05.645062Z[0m [34mDEBUG[0m [2mhyper::proto::h1::io[0m[2m:[0m parsed 4 headers
[2m2025-12-10T10:08:05.645083Z[0m [34mDEBUG[0m [2mhyper::proto::h1::conn[0m[2m:[0m incoming body is content-length (766 bytes)
[2m2025-12-10T10:08:05.645107Z[0m [34mDEBUG[0m [2mhyper::proto::h1::conn[0m[2m:[0m incoming body completed
[2m2025-12-10T10:08:05.645393Z[0m [34mDEBUG[0m [2mhyper::client::pool[0m[2m:[0m pooling idle connection for ("http", 192.168.0.14:8545)
[2m2025-12-10T10:08:05.645399Z[0m [34mDEBUG[0m [2methereum_transaction_pool_monitor::eth_client[0m[2m:[0m 📡 Transaction fetch RPC completed in 12.519292ms
[2m2025-12-10T10:08:05.716080Z[0m [34mDEBUG[0m [2methereum_transaction_pool_monitor::eth_client[0m[2m:[0m ✅ Transaction 0xf93c21c54128d8bf63761cdc3ff2a6f1499470d5e5f5277967cd5d6853909f3a fetched and parsed in 83.197875ms
[2m2025-12-10T10:08:05.716104Z[0m [34mDEBUG[0m [2methereum_transaction_pool_monitor::mempool_monitor[0m[2m:[0m 🔍 Skipping tx 0xf93c21c54128d8bf63761cdc3ff2a6f1499470d5e5f5277967cd5d6853909f3a - not a DEX interaction (target: 0xf203Ca1769ca8e9e8FE1DA9D147DB68B6c919817)
[2m2025-12-10T10:08:05.716114Z[0m [34mDEBUG[0m [2methereum_transaction_pool_monitor::mempool_monitor[0m[2m:[0m 📨 Processing new pending transaction: 0xa304ac19f878672e853be11ef819c7f550a7ed98b50a934e979a457419d7f04e
[2m2025-12-10T10:08:05.716120Z[0m [34mDEBUG[0m [2methereum_transaction_pool_monitor::mempool_monitor[0m[2m:[0m 🔍 Fetching transaction details for: 0xa304ac19f878672e853be11ef819c7f550a7ed98b50a934e979a457419d7f04e
[2m2025-12-10T10:08:05.716125Z[0m [34mDEBUG[0m [2methereum_transaction_pool_monitor::eth_client[0m[2m:[0m 🔍 Fetching transaction details for hash: 0xa304ac19f878672e853be11ef819c7f550a7ed98b50a934e979a457419d7f04e
[2m2025-12-10T10:08:05.716145Z[0m [34mDEBUG[0m [2mhyper::client::pool[0m[2m:[0m reuse idle connection for ("http", 192.168.0.14:8545)
[2m2025-12-10T10:08:05.716190Z[0m [34mDEBUG[0m [2mhyper::proto::h1::io[0m[2m:[0m flushed 250 bytes
[2m2025-12-10T10:08:05.716210Z[0m [34mDEBUG[0m [2mhyper::client::pool[0m[2m:[0m reuse idle connection for ("http", 192.168.0.14:8545)
[2m2025-12-10T10:08:05.716220Z[0m [34mDEBUG[0m [2methereum_transaction_pool_monitor::eth_client[0m[2m:[0m 📨 Received WebSocket message: {"jsonrpc":"2.0","method":"eth_subscription","params":{"subscription":"0xbed0a0851463e895960a451075a301a9","result":"0xe64f111d6a8edf4377d5425d2e3e26b543c47dec2720d72c3ad0a7ec5a74e1fe"}}
[2m2025-12-10T10:08:05.716223Z[0m [34mDEBUG[0m [2mhyper::proto::h1::io[0m[2m:[0m flushed 172 bytes
[2m2025-12-10T10:08:05.716231Z[0m [34mDEBUG[0m [2methereum_transaction_pool_monitor::eth_client[0m[2m:[0m 📨 Received pending transaction: 0xe64f111d6a8edf4377d5425d2e3e26b543c47dec2720d72c3ad0a7ec5a74e1fe
[2m2025-12-10T10:08:05.721970Z[0m [34mDEBUG[0m [2mhyper::proto::h1::io[0m[2m:[0m parsed 4 headers
[2m2025-12-10T10:08:05.721980Z[0m [34mDEBUG[0m [2mhyper::proto::h1::conn[0m[2m:[0m incoming body is content-length (1863 bytes)
[2m2025-12-10T10:08:05.721991Z[0m [34mDEBUG[0m [2mhyper::proto::h1::conn[0m[2m:[0m incoming body completed
[2m2025-12-10T10:08:05.722002Z[0m [34mDEBUG[0m [2mhyper::client::pool[0m[2m:[0m pooling idle connection for ("http", 192.168.0.14:8545)
[2m2025-12-10T10:08:05.722010Z[0m [34mDEBUG[0m [2methereum_transaction_pool_monitor::eth_client[0m[2m:[0m 📡 Transaction fetch RPC completed in 5.879917ms
[2m2025-12-10T10:08:05.792403Z[0m [34mDEBUG[0m [2methereum_transaction_pool_monitor::eth_client[0m[2m:[0m ✅ Transaction 0xa304ac19f878672e853be11ef819c7f550a7ed98b50a934e979a457419d7f04e fetched and parsed in 76.270625ms
[2m2025-12-10T10:08:05.792428Z[0m [34mDEBUG[0m [2methereum_transaction_pool_monitor::mempool_monitor[0m[2m:[0m 🔍 Skipping tx 0xa304ac19f878672e853be11ef819c7f550a7ed98b50a934e979a457419d7f04e - not a DEX interaction (target: 0x4cD00E387622C35bDDB9b4c962C136462338BC31)
[2m2025-12-10T10:08:05.792446Z[0m [34mDEBUG[0m [2methereum_transaction_pool_monitor::mempool_monitor[0m[2m:[0m 📨 Processing new pending transaction: 0xf78d1c55305f9fe70c287f08bec1241d427bdf35241e2313439887da71e5e3e2
[2m2025-12-10T10:08:05.792452Z[0m [34mDEBUG[0m [2methereum_transaction_pool_monitor::mempool_monitor[0m[2m:[0m 🔍 Fetching transaction details for: 0xf78d1c55305f9fe70c287f08bec1241d427bdf35241e2313439887da71e5e3e2
[2m2025-12-10T10:08:05.792456Z[0m [34mDEBUG[0m [2methereum_transaction_pool_monitor::eth_client[0m[2m:[0m 🔍 Fetching transaction details for hash: 0xf78d1c55305f9fe70c287f08bec1241d427bdf35241e2313439887da71e5e3e2
[2m2025-12-10T10:08:05.792475Z[0m [34mDEBUG[0m [2mhyper::client::pool[0m[2m:[0m reuse idle connection for ("http", 192.168.0.14:8545)
[2m2025-12-10T10:08:05.792515Z[0m [34mDEBUG[0m [2mhyper::proto::h1::io[0m[2m:[0m flushed 250 bytes
[2m2025-12-10T10:08:05.792542Z[0m [34mDEBUG[0m [2methereum_transaction_pool_monitor::eth_client[0m[2m:[0m 📨 Received WebSocket message: {"jsonrpc":"2.0","method":"eth_subscription","params":{"subscription":"0xbed0a0851463e895960a451075a301a9","result":"0x71b302b87a4302ee4ab157ba7974815735ebdc946f77088f74c8fb28ca5c803d"}}
[2m2025-12-10T10:08:05.792544Z[0m [34mDEBUG[0m [2mhyper::proto::h1::io[0m[2m:[0m parsed 4 headers
[2m2025-12-10T10:08:05.792554Z[0m [34mDEBUG[0m [2methereum_transaction_pool_monitor::eth_client[0m[2m:[0m 📨 Received pending transaction: 0x71b302b87a4302ee4ab157ba7974815735ebdc946f77088f74c8fb28ca5c803d
[2m2025-12-10T10:08:05.792556Z[0m [34mDEBUG[0m [2mhyper::proto::h1::conn[0m[2m:[0m incoming body is content-length (45 bytes)
[2m2025-12-10T10:08:05.792605Z[0m [34mDEBUG[0m [2mhyper::proto::h1::conn[0m[2m:[0m incoming body completed
[2m2025-12-10T10:08:05.792616Z[0m [34mDEBUG[0m [2mhyper::client::pool[0m[2m:[0m pooling idle connection for ("http", 192.168.0.14:8545)
[2m2025-12-10T10:08:05.796044Z[0m [34mDEBUG[0m [2mhyper::client::pool[0m[2m:[0m reuse idle connection for ("http", 192.168.0.14:8545)
[2m2025-12-10T10:08:05.796110Z[0m [34mDEBUG[0m [2mhyper::proto::h1::io[0m[2m:[0m flushed 172 bytes
[2m2025-12-10T10:08:05.797331Z[0m [34mDEBUG[0m [2mhyper::proto::h1::io[0m[2m:[0m parsed 4 headers
[2m2025-12-10T10:08:05.797338Z[0m [34mDEBUG[0m [2mhyper::proto::h1::conn[0m[2m:[0m incoming body is content-length (773 bytes)
[2m2025-12-10T10:08:05.797343Z[0m [34mDEBUG[0m [2mhyper::proto::h1::conn[0m[2m:[0m incoming body completed
[2m2025-12-10T10:08:05.797350Z[0m [34mDEBUG[0m [2mhyper::client::pool[0m[2m:[0m pooling idle connection for ("http", 192.168.0.14:8545)
[2m2025-12-10T10:08:05.797356Z[0m [34mDEBUG[0m [2methereum_transaction_pool_monitor::eth_client[0m[2m:[0m 📡 Transaction fetch RPC completed in 4.895042ms
[2m2025-12-10T10:08:05.867876Z[0m [34mDEBUG[0m [2methereum_transaction_pool_monitor::eth_client[0m[2m:[0m ✅ Transaction 0xf78d1c55305f9fe70c287f08bec1241d427bdf35241e2313439887da71e5e3e2 fetched and parsed in 75.413417ms
[2m2025-12-10T10:08:05.867899Z[0m [34mDEBUG[0m [2methereum_transaction_pool_monitor::mempool_monitor[0m[2m:[0m 🔍 Skipping tx 0xf78d1c55305f9fe70c287f08bec1241d427bdf35241e2313439887da71e5e3e2 - not a DEX interaction (target: 0xA0b86991c6218b36c1d19D4a2e9Eb0cE3606eB48)
[2m2025-12-10T10:08:05.867910Z[0m [34mDEBUG[0m [2methereum_transaction_pool_monitor::mempool_monitor[0m[2m:[0m 📨 Processing new pending transaction: 0x08c01a4cc247dbce48305c5ed37904840afa084fcad08c82f9cd5d60c5e92f5a
[2m2025-12-10T10:08:05.867915Z[0m [34mDEBUG[0m [2methereum_transaction_pool_monitor::mempool_monitor[0m[2m:[0m 🔍 Fetching transaction details for: 0x08c01a4cc247dbce48305c5ed37904840afa084fcad08c82f9cd5d60c5e92f5a
[2m2025-12-10T10:08:05.867920Z[0m [34mDEBUG[0m [2methereum_transaction_pool_monitor::eth_client[0m[2m:[0m 🔍 Fetching transaction details for hash: 0x08c01a4cc247dbce48305c5ed37904840afa084fcad08c82f9cd5d60c5e92f5a
[2m2025-12-10T10:08:05.867940Z[0m [34mDEBUG[0m [2mhyper::client::pool[0m[2m:[0m reuse idle connection for ("http", 192.168.0.14:8545)
[2m2025-12-10T10:08:05.867977Z[0m [34mDEBUG[0m [2mhyper::proto::h1::io[0m[2m:[0m flushed 250 bytes
[2m2025-12-10T10:08:05.867994Z[0m [34mDEBUG[0m [2mhyper::proto::h1::io[0m[2m:[0m parsed 4 headers
[2m2025-12-10T10:08:05.867999Z[0m [34mDEBUG[0m [2mhyper::proto::h1::conn[0m[2m:[0m incoming body is content-length (45 bytes)
[2m2025-12-10T10:08:05.868005Z[0m [34mDEBUG[0m [2mhyper::proto::h1::conn[0m[2m:[0m incoming body completed
[2m2025-12-10T10:08:05.868012Z[0m [34mDEBUG[0m [2mhyper::client::pool[0m[2m:[0m pooling idle connection for ("http", 192.168.0.14:8545)
[2m2025-12-10T10:08:05.873117Z[0m [34mDEBUG[0m [2mhyper::proto::h1::io[0m[2m:[0m parsed 4 headers
[2m2025-12-10T10:08:05.873124Z[0m [34mDEBUG[0m [2mhyper::proto::h1::conn[0m[2m:[0m incoming body is content-length (775 bytes)
[2m2025-12-10T10:08:05.873130Z[0m [34mDEBUG[0m [2mhyper::proto::h1::conn[0m[2m:[0m incoming body completed
[2m2025-12-10T10:08:05.873136Z[0m [34mDEBUG[0m [2mhyper::client::pool[0m[2m:[0m pooling idle connection for ("http", 192.168.0.14:8545)
[2m2025-12-10T10:08:05.873141Z[0m [34mDEBUG[0m [2methereum_transaction_pool_monitor::eth_client[0m[2m:[0m 📡 Transaction fetch RPC completed in 5.215958ms
[2m2025-12-10T10:08:05.942483Z[0m [34mDEBUG[0m [2methereum_transaction_pool_monitor::eth_client[0m[2m:[0m ✅ Transaction 0x08c01a4cc247dbce48305c5ed37904840afa084fcad08c82f9cd5d60c5e92f5a fetched and parsed in 74.554916ms
[2m2025-12-10T10:08:05.942508Z[0m [34mDEBUG[0m [2methereum_transaction_pool_monitor::mempool_monitor[0m[2m:[0m 🔍 Skipping tx 0x08c01a4cc247dbce48305c5ed37904840afa084fcad08c82f9cd5d60c5e92f5a - not a DEX interaction (target: 0xA0b86991c6218b36c1d19D4a2e9Eb0cE3606eB48)
[2m2025-12-10T10:08:05.942518Z[0m [34mDEBUG[0m [2methereum_transaction_pool_monitor::mempool_monitor[0m[2m:[0m 📨 Processing new pending transaction: 0x3e30bc40b24c8e1f1b6cda14d875b6826beecb054495450cd1397bc7c210045d
[2m2025-12-10T10:08:05.942525Z[0m [34mDEBUG[0m [2methereum_transaction_pool_monitor::mempool_monitor[0m[2m:[0m 🔍 Fetching transaction details for: 0x3e30bc40b24c8e1f1b6cda14d875b6826beecb054495450cd1397bc7c210045d
[2m2025-12-10T10:08:05.942530Z[0m [34mDEBUG[0m [2methereum_transaction_pool_monitor::eth_client[0m[2m:[0m 🔍 Fetching transaction details for hash: 0x3e30bc40b24c8e1f1b6cda14d875b6826beecb054495450cd1397bc7c210045d
[2m2025-12-10T10:08:05.942548Z[0m [34mDEBUG[0m [2mhyper::client::pool[0m[2m:[0m reuse idle connection for ("http", 192.168.0.14:8545)
[2m2025-12-10T10:08:05.942594Z[0m [34mDEBUG[0m [2mhyper::proto::h1::io[0m[2m:[0m flushed 250 bytes
[2m2025-12-10T10:08:05.942613Z[0m [34mDEBUG[0m [2mhyper::client::pool[0m[2m:[0m reuse idle connection for ("http", 192.168.0.14:8545)
[2m2025-12-10T10:08:05.942627Z[0m [34mDEBUG[0m [2methereum_transaction_pool_monitor::eth_client[0m[2m:[0m 📨 Received WebSocket message: {"jsonrpc":"2.0","method":"eth_subscription","params":{"subscription":"0xbed0a0851463e895960a451075a301a9","result":"0xa0b0927f55482b8922d487b2dfaf6a8d68d673cb06621be24fa6b4d2d962974d"}}
[2m2025-12-10T10:08:05.942637Z[0m [34mDEBUG[0m [2methereum_transaction_pool_monitor::eth_client[0m[2m:[0m 📨 Received pending transaction: 0xa0b0927f55482b8922d487b2dfaf6a8d68d673cb06621be24fa6b4d2d962974d
[2m2025-12-10T10:08:05.942628Z[0m [34mDEBUG[0m [2mhyper::proto::h1::io[0m[2m:[0m flushed 172 bytes
[2m2025-12-10T10:08:05.946274Z[0m [34mDEBUG[0m [2mhyper::proto::h1::io[0m[2m:[0m parsed 4 headers
[2m2025-12-10T10:08:05.946299Z[0m [34mDEBUG[0m [2mhyper::proto::h1::conn[0m[2m:[0m incoming body is content-length (45 bytes)
[2m2025-12-10T10:08:05.946332Z[0m [34mDEBUG[0m [2mhyper::proto::h1::conn[0m[2m:[0m incoming body completed
[2m2025-12-10T10:08:05.946339Z[0m [34mDEBUG[0m [2mhyper::client::pool[0m[2m:[0m pooling idle connection for ("http", 192.168.0.14:8545)
[2m2025-12-10T10:08:05.950344Z[0m [34mDEBUG[0m [2mhyper::proto::h1::io[0m[2m:[0m parsed 4 headers
[2m2025-12-10T10:08:05.950358Z[0m [34mDEBUG[0m [2mhyper::proto::h1::conn[0m[2m:[0m incoming body is content-length (778 bytes)
[2m2025-12-10T10:08:05.950363Z[0m [34mDEBUG[0m [2mhyper::proto::h1::conn[0m[2m:[0m incoming body completed
[2m2025-12-10T10:08:05.954338Z[0m [34mDEBUG[0m [2mhyper::client::pool[0m[2m:[0m pooling idle connection for ("http", 192.168.0.14:8545)
[2m2025-12-10T10:08:05.954348Z[0m [34mDEBUG[0m [2methereum_transaction_pool_monitor::eth_client[0m[2m:[0m 📡 Transaction fetch RPC completed in 11.81375ms
[2m2025-12-10T10:08:05.954366Z[0m [34mDEBUG[0m [2methereum_transaction_pool_monitor::eth_client[0m[2m:[0m DeFi transaction detected - Address: 0xdac17f958d2ee523a2206206994597c13d831ec7, Type: Stablecoin, Value: 0 ETH, Gas: 125.00 Gwei
[2m2025-12-10T10:08:05.954382Z[0m [34mDEBUG[0m [2methereum_transaction_pool_monitor::eth_client[0m[2m:[0m ✅ Transaction 0x3e30bc40b24c8e1f1b6cda14d875b6826beecb054495450cd1397bc7c210045d fetched and parsed in 11.847542ms
[2m2025-12-10T10:08:05.954390Z[0m [34mDEBUG[0m [2methereum_transaction_pool_monitor::mempool_monitor[0m[2m:[0m 🔍 Skipping tx 0x3e30bc40b24c8e1f1b6cda14d875b6826beecb054495450cd1397bc7c210045d - not a DEX interaction (target: 0xdAC17F958D2ee523a2206206994597C13D831ec7)
[2m2025-12-10T10:08:05.954397Z[0m [34mDEBUG[0m [2methereum_transaction_pool_monitor::mempool_monitor[0m[2m:[0m 📨 Processing new pending transaction: 0xd59a8850343e2e70af66c92b632ae4ce38a7956f4e8ce8beac750ab5b7653a83
[2m2025-12-10T10:08:05.954402Z[0m [34mDEBUG[0m [2methereum_transaction_pool_monitor::mempool_monitor[0m[2m:[0m 🔍 Fetching transaction details for: 0xd59a8850343e2e70af66c92b632ae4ce38a7956f4e8ce8beac750ab5b7653a83
[2m2025-12-10T10:08:05.954405Z[0m [34mDEBUG[0m [2methereum_transaction_pool_monitor::eth_client[0m[2m:[0m 🔍 Fetching transaction details for hash: 0xd59a8850343e2e70af66c92b632ae4ce38a7956f4e8ce8beac750ab5b7653a83
[2m2025-12-10T10:08:05.954418Z[0m [34mDEBUG[0m [2mhyper::client::pool[0m[2m:[0m reuse idle connection for ("http", 192.168.0.14:8545)
[2m2025-12-10T10:08:05.954448Z[0m [34mDEBUG[0m [2mhyper::proto::h1::io[0m[2m:[0m flushed 250 bytes
[2m2025-12-10T10:08:05.955785Z[0m [34mDEBUG[0m [2methereum_transaction_pool_monitor::eth_client[0m[2m:[0m 📨 Received WebSocket message: {"jsonrpc":"2.0","method":"eth_subscription","params":{"subscription":"0xbed0a0851463e895960a451075a301a9","result":"0x92d5229b322f720cad70a3353e04385ca498489a5450dae33c8e7762068aedef"}}
[2m2025-12-10T10:08:05.955800Z[0m [34mDEBUG[0m [2methereum_transaction_pool_monitor::eth_client[0m[2m:[0m 📨 Received pending transaction: 0x92d5229b322f720cad70a3353e04385ca498489a5450dae33c8e7762068aedef
[2m2025-12-10T10:08:05.958102Z[0m [34mDEBUG[0m [2mhyper::proto::h1::io[0m[2m:[0m parsed 4 headers
[2m2025-12-10T10:08:05.958120Z[0m [34mDEBUG[0m [2mhyper::proto::h1::conn[0m[2m:[0m incoming body is content-length (766 bytes)
[2m2025-12-10T10:08:05.958130Z[0m [34mDEBUG[0m [2mhyper::proto::h1::conn[0m[2m:[0m incoming body completed
[2m2025-12-10T10:08:05.958142Z[0m [34mDEBUG[0m [2mhyper::client::pool[0m[2m:[0m pooling idle connection for ("http", 192.168.0.14:8545)
[2m2025-12-10T10:08:05.958152Z[0m [34mDEBUG[0m [2methereum_transaction_pool_monitor::eth_client[0m[2m:[0m 📡 Transaction fetch RPC completed in 3.742542ms
[2m2025-12-10T10:08:06.030175Z[0m [34mDEBUG[0m [2methereum_transaction_pool_monitor::eth_client[0m[2m:[0m ✅ Transaction 0xd59a8850343e2e70af66c92b632ae4ce38a7956f4e8ce8beac750ab5b7653a83 fetched and parsed in 75.763333ms
[2m2025-12-10T10:08:06.030209Z[0m [34mDEBUG[0m [2methereum_transaction_pool_monitor::mempool_monitor[0m[2m:[0m 🔍 Skipping tx 0xd59a8850343e2e70af66c92b632ae4ce38a7956f4e8ce8beac750ab5b7653a83 - not a DEX interaction (target: 0xff56Cc6b1E6dEd347aA0B7676C85AB0B3D08B0FA)
[2m2025-12-10T10:08:06.030223Z[0m [34mDEBUG[0m [2methereum_transaction_pool_monitor::mempool_monitor[0m[2m:[0m 📨 Processing new pending transaction: 0xd8cc7ba33a5e94bfefff5504d799f2a3160eb6c82521427328bdeaedc37b7fcc
[2m2025-12-10T10:08:06.030229Z[0m [34mDEBUG[0m [2methereum_transaction_pool_monitor::mempool_monitor[0m[2m:[0m 🔍 Fetching transaction details for: 0xd8cc7ba33a5e94bfefff5504d799f2a3160eb6c82521427328bdeaedc37b7fcc
[2m2025-12-10T10:08:06.030323Z[0m [34mDEBUG[0m [2methereum_transaction_pool_monitor::eth_client[0m[2m:[0m 🔍 Fetching transaction details for hash: 0xd8cc7ba33a5e94bfefff5504d799f2a3160eb6c82521427328bdeaedc37b7fcc
[2m2025-12-10T10:08:06.030352Z[0m [34mDEBUG[0m [2mhyper::client::pool[0m[2m:[0m reuse idle connection for ("http", 192.168.0.14:8545)
[2m2025-12-10T10:08:06.030390Z[0m [34mDEBUG[0m [2mhyper::proto::h1::io[0m[2m:[0m flushed 250 bytes
[2m2025-12-10T10:08:06.030418Z[0m [34mDEBUG[0m [2mhyper::client::pool[0m[2m:[0m reuse idle connection for ("http", 192.168.0.14:8545)
[2m2025-12-10T10:08:06.030439Z[0m [34mDEBUG[0m [2mhyper::proto::h1::io[0m[2m:[0m flushed 172 bytes
[2m2025-12-10T10:08:06.030477Z[0m [34mDEBUG[0m [2methereum_transaction_pool_monitor::eth_client[0m[2m:[0m 📨 Received WebSocket message: {"jsonrpc":"2.0","method":"eth_subscription","params":{"subscription":"0xbed0a0851463e895960a451075a301a9","result":"0xf5f4fec998733df4a11975c81718c4b52552988765a06645fecec02f4d72fb35"}}
[2m2025-12-10T10:08:06.030488Z[0m [34mDEBUG[0m [2methereum_transaction_pool_monitor::eth_client[0m[2m:[0m 📨 Received pending transaction: 0xf5f4fec998733df4a11975c81718c4b52552988765a06645fecec02f4d72fb35
[2m2025-12-10T10:08:06.030496Z[0m [34mDEBUG[0m [2methereum_transaction_pool_monitor::eth_client[0m[2m:[0m 📨 Received WebSocket message: {"jsonrpc":"2.0","method":"eth_subscription","params":{"subscription":"0xbed0a0851463e895960a451075a301a9","result":"0x01558cfdc92c1b976394b6bafe6f0d4ad98a6fa777567e3e27bf47df5b1ab4cc"}}
[2m2025-12-10T10:08:06.030503Z[0m [34mDEBUG[0m [2methereum_transaction_pool_monitor::eth_client[0m[2m:[0m 📨 Received pending transaction: 0x01558cfdc92c1b976394b6bafe6f0d4ad98a6fa777567e3e27bf47df5b1ab4cc
[2m2025-12-10T10:08:06.042712Z[0m [34mDEBUG[0m [2mhyper::proto::h1::io[0m[2m:[0m parsed 4 headers
[2m2025-12-10T10:08:06.042733Z[0m [34mDEBUG[0m [2mhyper::proto::h1::conn[0m[2m:[0m incoming body is content-length (3397 bytes)
[2m2025-12-10T10:08:06.042751Z[0m [34mDEBUG[0m [2methereum_transaction_pool_monitor::eth_client[0m[2m:[0m 📡 Transaction fetch RPC completed in 12.415875ms
[2m2025-12-10T10:08:06.048499Z[0m [34mDEBUG[0m [2mhyper::proto::h1::conn[0m[2m:[0m incoming body completed
[2m2025-12-10T10:08:06.048518Z[0m [34mDEBUG[0m [2mhyper::client::pool[0m[2m:[0m pooling idle connection for ("http", 192.168.0.14:8545)
[2m2025-12-10T10:08:06.048565Z[0m [34mDEBUG[0m [2mhyper::proto::h1::io[0m[2m:[0m parsed 4 headers
[2m2025-12-10T10:08:06.048572Z[0m [34mDEBUG[0m [2mhyper::proto::h1::conn[0m[2m:[0m incoming body is content-length (45 bytes)
[2m2025-12-10T10:08:06.048578Z[0m [34mDEBUG[0m [2mhyper::proto::h1::conn[0m[2m:[0m incoming body completed
[2m2025-12-10T10:08:06.048588Z[0m [34mDEBUG[0m [2mhyper::client::pool[0m[2m:[0m pooling idle connection for ("http", 192.168.0.14:8545)
[2m2025-12-10T10:08:06.096639Z[0m [34mDEBUG[0m [2mhyper::client::pool[0m[2m:[0m reuse idle connection for ("http", 192.168.0.14:8545)
[2m2025-12-10T10:08:06.096706Z[0m [34mDEBUG[0m [2mhyper::proto::h1::io[0m[2m:[0m flushed 172 bytes
[2m2025-12-10T10:08:06.100874Z[0m [34mDEBUG[0m [2mhyper::proto::h1::io[0m[2m:[0m parsed 4 headers
[2m2025-12-10T10:08:06.100915Z[0m [34mDEBUG[0m [2mhyper::proto::h1::conn[0m[2m:[0m incoming body is content-length (45 bytes)
[2m2025-12-10T10:08:06.100937Z[0m [34mDEBUG[0m [2mhyper::proto::h1::conn[0m[2m:[0m incoming body completed
[2m2025-12-10T10:08:06.100964Z[0m [34mDEBUG[0m [2mhyper::client::pool[0m[2m:[0m pooling idle connection for ("http", 192.168.0.14:8545)
[2m2025-12-10T10:08:06.119895Z[0m [34mDEBUG[0m [2methereum_transaction_pool_monitor::eth_client[0m[2m:[0m ✅ Transaction 0xd8cc7ba33a5e94bfefff5504d799f2a3160eb6c82521427328bdeaedc37b7fcc fetched and parsed in 89.557917ms
[2m2025-12-10T10:08:06.119921Z[0m [34mDEBUG[0m [2methereum_transaction_pool_monitor::mempool_monitor[0m[2m:[0m 🔍 Skipping tx 0xd8cc7ba33a5e94bfefff5504d799f2a3160eb6c82521427328bdeaedc37b7fcc - not a DEX interaction (target: 0x5c7BCd6E7De5423a257D81B442095A1a6ced35C5)
[2m2025-12-10T10:08:06.119931Z[0m [34mDEBUG[0m [2methereum_transaction_pool_monitor::mempool_monitor[0m[2m:[0m 📨 Processing new pending transaction: 0xd4270c01d4c052ce115876dcb522cac21ab04906394e1885139f25957626eedb
[2m2025-12-10T10:08:06.119937Z[0m [34mDEBUG[0m [2methereum_transaction_pool_monitor::mempool_monitor[0m[2m:[0m 🔍 Fetching transaction details for: 0xd4270c01d4c052ce115876dcb522cac21ab04906394e1885139f25957626eedb
[2m2025-12-10T10:08:06.119942Z[0m [34mDEBUG[0m [2methereum_transaction_pool_monitor::eth_client[0m[2m:[0m 🔍 Fetching transaction details for hash: 0xd4270c01d4c052ce115876dcb522cac21ab04906394e1885139f25957626eedb
[2m2025-12-10T10:08:06.119961Z[0m [34mDEBUG[0m [2mhyper::client::pool[0m[2m:[0m reuse idle connection for ("http", 192.168.0.14:8545)
[2m2025-12-10T10:08:06.120006Z[0m [34mDEBUG[0m [2mhyper::proto::h1::io[0m[2m:[0m flushed 250 bytes
[2m2025-12-10T10:08:06.126285Z[0m [34mDEBUG[0m [2mhyper::proto::h1::io[0m[2m:[0m parsed 4 headers
[2m2025-12-10T10:08:06.126298Z[0m [34mDEBUG[0m [2mhyper::proto::h1::conn[0m[2m:[0m incoming body is content-length (558 bytes)
[2m2025-12-10T10:08:06.126307Z[0m [34mDEBUG[0m [2mhyper::proto::h1::conn[0m[2m:[0m incoming body completed
[2m2025-12-10T10:08:06.126319Z[0m [34mDEBUG[0m [2mhyper::client::pool[0m[2m:[0m pooling idle connection for ("http", 192.168.0.14:8545)
[2m2025-12-10T10:08:06.126326Z[0m [34mDEBUG[0m [2methereum_transaction_pool_monitor::eth_client[0m[2m:[0m 📡 Transaction fetch RPC completed in 6.378458ms
[2m2025-12-10T10:08:06.196872Z[0m [34mDEBUG[0m [2methereum_transaction_pool_monitor::eth_client[0m[2m:[0m ✅ Transaction 0xd4270c01d4c052ce115876dcb522cac21ab04906394e1885139f25957626eedb fetched and parsed in 76.921125ms
[2m2025-12-10T10:08:06.196908Z[0m [34mDEBUG[0m [2methereum_transaction_pool_monitor::mempool_monitor[0m[2m:[0m 🔍 Skipping tx 0xd4270c01d4c052ce115876dcb522cac21ab04906394e1885139f25957626eedb - not a DEX interaction (target: 0xbAB511E01be6A689Cb085F840eF8FeDa76a77a7B)
[2m2025-12-10T10:08:06.196919Z[0m [34mDEBUG[0m [2methereum_transaction_pool_monitor::mempool_monitor[0m[2m:[0m 📨 Processing new pending transaction: 0xb4004583ee1e280baf7d8f66801a813c4ed236996773540b96ae9368f71517d2
[2m2025-12-10T10:08:06.196924Z[0m [34mDEBUG[0m [2methereum_transaction_pool_monitor::mempool_monitor[0m[2m:[0m 🔍 Fetching transaction details for: 0xb4004583ee1e280baf7d8f66801a813c4ed236996773540b96ae9368f71517d2
[2m2025-12-10T10:08:06.196928Z[0m [34mDEBUG[0m [2methereum_transaction_pool_monitor::eth_client[0m[2m:[0m 🔍 Fetching transaction details for hash: 0xb4004583ee1e280baf7d8f66801a813c4ed236996773540b96ae9368f71517d2
[2m2025-12-10T10:08:06.196981Z[0m [34mDEBUG[0m [2mhyper::client::pool[0m[2m:[0m reuse idle connection for ("http", 192.168.0.14:8545)
[2m2025-12-10T10:08:06.197038Z[0m [34mDEBUG[0m [2mhyper::proto::h1::io[0m[2m:[0m flushed 250 bytes
[2m2025-12-10T10:08:06.197059Z[0m [34mDEBUG[0m [2mhyper::client::pool[0m[2m:[0m reuse idle connection for ("http", 192.168.0.14:8545)
[2m2025-12-10T10:08:06.197077Z[0m [34mDEBUG[0m [2mhyper::proto::h1::io[0m[2m:[0m flushed 172 bytes
[2m2025-12-10T10:08:06.197108Z[0m [34mDEBUG[0m [2methereum_transaction_pool_monitor::eth_client[0m[2m:[0m 📨 Received WebSocket message: {"jsonrpc":"2.0","method":"eth_subscription","params":{"subscription":"0xbed0a0851463e895960a451075a301a9","result":"0x5bbdfc9c07bfc010a92cc09d30c6cb72aa1b1b51ab042fda90fd83d87c192c9c"}}
[2m2025-12-10T10:08:06.197118Z[0m [34mDEBUG[0m [2methereum_transaction_pool_monitor::eth_client[0m[2m:[0m 📨 Received pending transaction: 0x5bbdfc9c07bfc010a92cc09d30c6cb72aa1b1b51ab042fda90fd83d87c192c9c
[2m2025-12-10T10:08:06.197124Z[0m [34mDEBUG[0m [2methereum_transaction_pool_monitor::eth_client[0m[2m:[0m 📨 Received WebSocket message: {"jsonrpc":"2.0","method":"eth_subscription","params":{"subscription":"0xbed0a0851463e895960a451075a301a9","result":"0x02700b895ce01c779c3860b34f069ca1028addfec60d026252a91d18b3603279"}}
[2m2025-12-10T10:08:06.197130Z[0m [34mDEBUG[0m [2methereum_transaction_pool_monitor::eth_client[0m[2m:[0m 📨 Received pending transaction: 0x02700b895ce01c779c3860b34f069ca1028addfec60d026252a91d18b3603279
[2m2025-12-10T10:08:06.200103Z[0m [34mDEBUG[0m [2mhyper::proto::h1::io[0m[2m:[0m parsed 4 headers
[2m2025-12-10T10:08:06.200115Z[0m [34mDEBUG[0m [2mhyper::proto::h1::conn[0m[2m:[0m incoming body is content-length (45 bytes)
[2m2025-12-10T10:08:06.200123Z[0m [34mDEBUG[0m [2mhyper::proto::h1::conn[0m[2m:[0m incoming body completed
[2m2025-12-10T10:08:06.200132Z[0m [34mDEBUG[0m [2mhyper::client::pool[0m[2m:[0m pooling idle connection for ("http", 192.168.0.14:8545)
[2m2025-12-10T10:08:06.200792Z[0m [34mDEBUG[0m [2mhyper::proto::h1::io[0m[2m:[0m parsed 4 headers
[2m2025-12-10T10:08:06.200835Z[0m [34mDEBUG[0m [2mhyper::proto::h1::conn[0m[2m:[0m incoming body is content-length (778 bytes)
[2m2025-12-10T10:08:06.200845Z[0m [34mDEBUG[0m [2mhyper::proto::h1::conn[0m[2m:[0m incoming body completed
[2m2025-12-10T10:08:06.200854Z[0m [34mDEBUG[0m [2mhyper::client::pool[0m[2m:[0m pooling idle connection for ("http", 192.168.0.14:8545)
[2m2025-12-10T10:08:06.200860Z[0m [34mDEBUG[0m [2methereum_transaction_pool_monitor::eth_client[0m[2m:[0m 📡 Transaction fetch RPC completed in 3.893375ms
[2m2025-12-10T10:08:06.272745Z[0m [34mDEBUG[0m [2methereum_transaction_pool_monitor::eth_client[0m[2m:[0m ✅ Transaction 0xb4004583ee1e280baf7d8f66801a813c4ed236996773540b96ae9368f71517d2 fetched and parsed in 75.777ms
[2m2025-12-10T10:08:06.272771Z[0m [34mDEBUG[0m [2methereum_transaction_pool_monitor::mempool_monitor[0m[2m:[0m 🔍 Skipping tx 0xb4004583ee1e280baf7d8f66801a813c4ed236996773540b96ae9368f71517d2 - not a DEX interaction (target: 0xFe0c30065B384F05761f15d0CC899D4F9F9Cc0eB)
[2m2025-12-10T10:08:06.272781Z[0m [34mDEBUG[0m [2methereum_transaction_pool_monitor::mempool_monitor[0m[2m:[0m 📨 Processing new pending transaction: 0x5b515c97c075f9f6880863616f7c6fb6476c93686db9c6a8ed4fd0428d54f589
[2m2025-12-10T10:08:06.272787Z[0m [34mDEBUG[0m [2methereum_transaction_pool_monitor::mempool_monitor[0m[2m:[0m 🔍 Fetching transaction details for: 0x5b515c97c075f9f6880863616f7c6fb6476c93686db9c6a8ed4fd0428d54f589
[2m2025-12-10T10:08:06.272792Z[0m [34mDEBUG[0m [2methereum_transaction_pool_monitor::eth_client[0m[2m:[0m 🔍 Fetching transaction details for hash: 0x5b515c97c075f9f6880863616f7c6fb6476c93686db9c6a8ed4fd0428d54f589
[2m2025-12-10T10:08:06.272810Z[0m [34mDEBUG[0m [2mhyper::client::pool[0m[2m:[0m reuse idle connection for ("http", 192.168.0.14:8545)
[2m2025-12-10T10:08:06.272852Z[0m [34mDEBUG[0m [2mhyper::proto::h1::io[0m[2m:[0m flushed 250 bytes
[2m2025-12-10T10:08:06.280472Z[0m [34mDEBUG[0m [2methereum_transaction_pool_monitor::eth_client[0m[2m:[0m 📨 Received WebSocket message: {"jsonrpc":"2.0","method":"eth_subscription","params":{"subscription":"0xbed0a0851463e895960a451075a301a9","result":"0x8e7b7a2f443a1083c8c419dbc8effe871a7e86f95e3172026cc7e6bfb325a2b3"}}
[2m2025-12-10T10:08:06.280486Z[0m [34mDEBUG[0m [2methereum_transaction_pool_monitor::eth_client[0m[2m:[0m 📨 Received pending transaction: 0x8e7b7a2f443a1083c8c419dbc8effe871a7e86f95e3172026cc7e6bfb325a2b3
[2m2025-12-10T10:08:06.280493Z[0m [34mDEBUG[0m [2methereum_transaction_pool_monitor::eth_client[0m[2m:[0m 📨 Received WebSocket message: {"jsonrpc":"2.0","method":"eth_subscription","params":{"subscription":"0xbed0a0851463e895960a451075a301a9","result":"0xee3c87d78b1b934948df7c7014bd197d3e7edc4f1505c389d32b1e4a28055888"}}
[2m2025-12-10T10:08:06.280498Z[0m [34mDEBUG[0m [2methereum_transaction_pool_monitor::eth_client[0m[2m:[0m 📨 Received pending transaction: 0xee3c87d78b1b934948df7c7014bd197d3e7edc4f1505c389d32b1e4a28055888
[2m2025-12-10T10:08:06.280505Z[0m [34mDEBUG[0m [2methereum_transaction_pool_monitor::eth_client[0m[2m:[0m 📨 Received WebSocket message: {"jsonrpc":"2.0","method":"eth_subscription","params":{"subscription":"0xbed0a0851463e895960a451075a301a9","result":"0xe548539f0f5436dde333dcfe6cccd7f27fe0440026f8397a53f4047894c8d196"}}
[2m2025-12-10T10:08:06.280512Z[0m [34mDEBUG[0m [2methereum_transaction_pool_monitor::eth_client[0m[2m:[0m 📨 Received pending transaction: 0xe548539f0f5436dde333dcfe6cccd7f27fe0440026f8397a53f4047894c8d196
[2m2025-12-10T10:08:06.280529Z[0m [34mDEBUG[0m [2mhyper::proto::h1::io[0m[2m:[0m parsed 4 headers
[2m2025-12-10T10:08:06.280533Z[0m [34mDEBUG[0m [2mhyper::proto::h1::conn[0m[2m:[0m incoming body is content-length (5187 bytes)
[2m2025-12-10T10:08:06.280549Z[0m [34mDEBUG[0m [2methereum_transaction_pool_monitor::eth_client[0m[2m:[0m 📡 Transaction fetch RPC completed in 7.75175ms
[2m2025-12-10T10:08:06.281952Z[0m [34mDEBUG[0m [2mhyper::proto::h1::conn[0m[2m:[0m incoming body completed
[2m2025-12-10T10:08:06.281969Z[0m [34mDEBUG[0m [2mhyper::client::pool[0m[2m:[0m pooling idle connection for ("http", 192.168.0.14:8545)
[2m2025-12-10T10:08:06.296907Z[0m [34mDEBUG[0m [2mhyper::client::pool[0m[2m:[0m reuse idle connection for ("http", 192.168.0.14:8545)
[2m2025-12-10T10:08:06.296994Z[0m [34mDEBUG[0m [2mhyper::proto::h1::io[0m[2m:[0m flushed 172 bytes
[2m2025-12-10T10:08:06.299760Z[0m [34mDEBUG[0m [2mhyper::proto::h1::io[0m[2m:[0m parsed 4 headers
[2m2025-12-10T10:08:06.299799Z[0m [34mDEBUG[0m [2mhyper::proto::h1::conn[0m[2m:[0m incoming body is content-length (45 bytes)
[2m2025-12-10T10:08:06.299816Z[0m [34mDEBUG[0m [2mhyper::proto::h1::conn[0m[2m:[0m incoming body completed
[2m2025-12-10T10:08:06.299841Z[0m [34mDEBUG[0m [2mhyper::client::pool[0m[2m:[0m pooling idle connection for ("http", 192.168.0.14:8545)
[2m2025-12-10T10:08:06.353570Z[0m [34mDEBUG[0m [2methereum_transaction_pool_monitor::eth_client[0m[2m:[0m ✅ Transaction 0x5b515c97c075f9f6880863616f7c6fb6476c93686db9c6a8ed4fd0428d54f589 fetched and parsed in 80.770208ms
[2m2025-12-10T10:08:06.353593Z[0m [34mDEBUG[0m [2methereum_transaction_pool_monitor::mempool_monitor[0m[2m:[0m 🔍 Skipping tx 0x5b515c97c075f9f6880863616f7c6fb6476c93686db9c6a8ed4fd0428d54f589 - not a DEX interaction (target: 0xF6801D319497789f934ec7F83E142a9536312B08)
[2m2025-12-10T10:08:06.353604Z[0m [34mDEBUG[0m [2methereum_transaction_pool_monitor::mempool_monitor[0m[2m:[0m 📨 Processing new pending transaction: 0x0ea64c6c7c69fbff015ee287a84a5879e6a9cf402af533f526ba3b270355781c
[2m2025-12-10T10:08:06.353610Z[0m [34mDEBUG[0m [2methereum_transaction_pool_monitor::mempool_monitor[0m[2m:[0m 🔍 Fetching transaction details for: 0x0ea64c6c7c69fbff015ee287a84a5879e6a9cf402af533f526ba3b270355781c
[2m2025-12-10T10:08:06.353615Z[0m [34mDEBUG[0m [2methereum_transaction_pool_monitor::eth_client[0m[2m:[0m 🔍 Fetching transaction details for hash: 0x0ea64c6c7c69fbff015ee287a84a5879e6a9cf402af533f526ba3b270355781c
[2m2025-12-10T10:08:06.353633Z[0m [34mDEBUG[0m [2mhyper::client::pool[0m[2m:[0m reuse idle connection for ("http", 192.168.0.14:8545)
[2m2025-12-10T10:08:06.353676Z[0m [34mDEBUG[0m [2mhyper::proto::h1::io[0m[2m:[0m flushed 250 bytes
[2m2025-12-10T10:08:06.358992Z[0m [34mDEBUG[0m [2mhyper::proto::h1::io[0m[2m:[0m parsed 4 headers
[2m2025-12-10T10:08:06.359013Z[0m [34mDEBUG[0m [2mhyper::proto::h1::conn[0m[2m:[0m incoming body is content-length (657 bytes)
[2m2025-12-10T10:08:06.359021Z[0m [34mDEBUG[0m [2mhyper::proto::h1::conn[0m[2m:[0m incoming body completed
[2m2025-12-10T10:08:06.359033Z[0m [34mDEBUG[0m [2mhyper::client::pool[0m[2m:[0m pooling idle connection for ("http", 192.168.0.14:8545)
[2m2025-12-10T10:08:06.359086Z[0m [34mDEBUG[0m [2methereum_transaction_pool_monitor::eth_client[0m[2m:[0m 📡 Transaction fetch RPC completed in 5.46575ms
[2m2025-12-10T10:08:06.430268Z[0m [34mDEBUG[0m [2methereum_transaction_pool_monitor::eth_client[0m[2m:[0m ✅ Transaction 0x0ea64c6c7c69fbff015ee287a84a5879e6a9cf402af533f526ba3b270355781c fetched and parsed in 76.645292ms
[2m2025-12-10T10:08:06.430293Z[0m [34mDEBUG[0m [2methereum_transaction_pool_monitor::mempool_monitor[0m[2m:[0m 🔍 Skipping tx 0x0ea64c6c7c69fbff015ee287a84a5879e6a9cf402af533f526ba3b270355781c - not a DEX interaction (target: 0xA7DCe677914344bD2882687347e8a57438855aeF)
[2m2025-12-10T10:08:06.430305Z[0m [34mDEBUG[0m [2methereum_transaction_pool_monitor::mempool_monitor[0m[2m:[0m 📨 Processing new pending transaction: 0x1e6a2de344694ccb9cd2150a8eb8a4ed1e33cfab7fe85c2c821653518d1278fa
[2m2025-12-10T10:08:06.430313Z[0m [34mDEBUG[0m [2methereum_transaction_pool_monitor::mempool_monitor[0m[2m:[0m 🔍 Fetching transaction details for: 0x1e6a2de344694ccb9cd2150a8eb8a4ed1e33cfab7fe85c2c821653518d1278fa
[2m2025-12-10T10:08:06.430321Z[0m [34mDEBUG[0m [2methereum_transaction_pool_monitor::eth_client[0m[2m:[0m 🔍 Fetching transaction details for hash: 0x1e6a2de344694ccb9cd2150a8eb8a4ed1e33cfab7fe85c2c821653518d1278fa
[2m2025-12-10T10:08:06.430344Z[0m [34mDEBUG[0m [2mhyper::client::pool[0m[2m:[0m reuse idle connection for ("http", 192.168.0.14:8545)
[2m2025-12-10T10:08:06.430393Z[0m [34mDEBUG[0m [2mhyper::proto::h1::io[0m[2m:[0m flushed 250 bytes
[2m2025-12-10T10:08:06.430412Z[0m [34mDEBUG[0m [2mhyper::client::pool[0m[2m:[0m reuse idle connection for ("http", 192.168.0.14:8545)
[2m2025-12-10T10:08:06.430424Z[0m [34mDEBUG[0m [2methereum_transaction_pool_monitor::eth_client[0m[2m:[0m 📨 Received WebSocket message: {"jsonrpc":"2.0","method":"eth_subscription","params":{"subscription":"0xbed0a0851463e895960a451075a301a9","result":"0xd8491f0193f895fa8ae68fd44283b746fdf081451775b9abaddb26a3df798fe0"}}
[2m2025-12-10T10:08:06.430428Z[0m [34mDEBUG[0m [2mhyper::proto::h1::io[0m[2m:[0m flushed 172 bytes
[2m2025-12-10T10:08:06.430439Z[0m [34mDEBUG[0m [2methereum_transaction_pool_monitor::eth_client[0m[2m:[0m 📨 Received pending transaction: 0xd8491f0193f895fa8ae68fd44283b746fdf081451775b9abaddb26a3df798fe0
[2m2025-12-10T10:08:06.430445Z[0m [34mDEBUG[0m [2methereum_transaction_pool_monitor::eth_client[0m[2m:[0m 📨 Received WebSocket message: {"jsonrpc":"2.0","method":"eth_subscription","params":{"subscription":"0xbed0a0851463e895960a451075a301a9","result":"0xcd76250312abeeb46820fb36b1902383151f1417487624b14ea6d1048421e170"}}
[2m2025-12-10T10:08:06.430450Z[0m [34mDEBUG[0m [2methereum_transaction_pool_monitor::eth_client[0m[2m:[0m 📨 Received pending transaction: 0xcd76250312abeeb46820fb36b1902383151f1417487624b14ea6d1048421e170
[2m2025-12-10T10:08:06.430454Z[0m [34mDEBUG[0m [2methereum_transaction_pool_monitor::eth_client[0m[2m:[0m 📨 Received WebSocket message: {"jsonrpc":"2.0","method":"eth_subscription","params":{"subscription":"0xbed0a0851463e895960a451075a301a9","result":"0x89b8839cf5e944f6ecb76268d2312d04f43eee8a64be337a1f05cd09f2f2082d"}}
[2m2025-12-10T10:08:06.430459Z[0m [34mDEBUG[0m [2methereum_transaction_pool_monitor::eth_client[0m[2m:[0m 📨 Received pending transaction: 0x89b8839cf5e944f6ecb76268d2312d04f43eee8a64be337a1f05cd09f2f2082d
[2m2025-12-10T10:08:06.437724Z[0m [34mDEBUG[0m [2mhyper::proto::h1::io[0m[2m:[0m parsed 4 headers
[2m2025-12-10T10:08:06.437731Z[0m [34mDEBUG[0m [2mhyper::proto::h1::conn[0m[2m:[0m incoming body is content-length (764 bytes)
[2m2025-12-10T10:08:06.437740Z[0m [34mDEBUG[0m [2mhyper::proto::h1::conn[0m[2m:[0m incoming body completed
[2m2025-12-10T10:08:06.437750Z[0m [34mDEBUG[0m [2mhyper::client::pool[0m[2m:[0m pooling idle connection for ("http", 192.168.0.14:8545)
[2m2025-12-10T10:08:06.437757Z[0m [34mDEBUG[0m [2methereum_transaction_pool_monitor::eth_client[0m[2m:[0m 📡 Transaction fetch RPC completed in 7.430375ms
[2m2025-12-10T10:08:06.437772Z[0m [34mDEBUG[0m [2methereum_transaction_pool_monitor::eth_client[0m[2m:[0m DeFi transaction detected - Address: 0xdac17f958d2ee523a2206206994597c13d831ec7, Type: Stablecoin, Value: 0 ETH, Gas: 0.44 Gwei
[2m2025-12-10T10:08:06.437785Z[0m [34mDEBUG[0m [2methereum_transaction_pool_monitor::eth_client[0m[2m:[0m ✅ Transaction 0x1e6a2de344694ccb9cd2150a8eb8a4ed1e33cfab7fe85c2c821653518d1278fa fetched and parsed in 7.458125ms
[2m2025-12-10T10:08:06.437791Z[0m [34mDEBUG[0m [2methereum_transaction_pool_monitor::mempool_monitor[0m[2m:[0m 🔍 Skipping tx 0x1e6a2de344694ccb9cd2150a8eb8a4ed1e33cfab7fe85c2c821653518d1278fa - not a DEX interaction (target: 0xdAC17F958D2ee523a2206206994597C13D831ec7)
[2m2025-12-10T10:08:06.437798Z[0m [34mDEBUG[0m [2methereum_transaction_pool_monitor::mempool_monitor[0m[2m:[0m 📨 Processing new pending transaction: 0x3631566da085864428ad1d711e52cb08349219678892158b91de14ad6e99f4f6
[2m2025-12-10T10:08:06.437803Z[0m [34mDEBUG[0m [2methereum_transaction_pool_monitor::mempool_monitor[0m[2m:[0m 🔍 Fetching transaction details for: 0x3631566da085864428ad1d711e52cb08349219678892158b91de14ad6e99f4f6
[2m2025-12-10T10:08:06.437806Z[0m [34mDEBUG[0m [2methereum_transaction_pool_monitor::eth_client[0m[2m:[0m 🔍 Fetching transaction details for hash: 0x3631566da085864428ad1d711e52cb08349219678892158b91de14ad6e99f4f6
[2m2025-12-10T10:08:06.437815Z[0m [34mDEBUG[0m [2mhyper::client::pool[0m[2m:[0m reuse idle connection for ("http", 192.168.0.14:8545)
[2m2025-12-10T10:08:06.437830Z[0m [34mDEBUG[0m [2mhyper::proto::h1::io[0m[2m:[0m flushed 250 bytes
[2m2025-12-10T10:08:06.437839Z[0m [34mDEBUG[0m [2mhyper::proto::h1::io[0m[2m:[0m parsed 4 headers
[2m2025-12-10T10:08:06.437844Z[0m [34mDEBUG[0m [2mhyper::proto::h1::conn[0m[2m:[0m incoming body is content-length (45 bytes)
[2m2025-12-10T10:08:06.437849Z[0m [34mDEBUG[0m [2mhyper::proto::h1::conn[0m[2m:[0m incoming body completed
[2m2025-12-10T10:08:06.437855Z[0m [34mDEBUG[0m [2mhyper::client::pool[0m[2m:[0m pooling idle connection for ("http", 192.168.0.14:8545)
[2m2025-12-10T10:08:06.445187Z[0m [34mDEBUG[0m [2mhyper::proto::h1::io[0m[2m:[0m parsed 4 headers
[2m2025-12-10T10:08:06.445202Z[0m [34mDEBUG[0m [2mhyper::proto::h1::conn[0m[2m:[0m incoming body is content-length (765 bytes)
[2m2025-12-10T10:08:06.445209Z[0m [34mDEBUG[0m [2mhyper::proto::h1::conn[0m[2m:[0m incoming body completed
[2m2025-12-10T10:08:06.445216Z[0m [34mDEBUG[0m [2mhyper::client::pool[0m[2m:[0m pooling idle connection for ("http", 192.168.0.14:8545)
[2m2025-12-10T10:08:06.445222Z[0m [34mDEBUG[0m [2methereum_transaction_pool_monitor::eth_client[0m[2m:[0m 📡 Transaction fetch RPC completed in 7.412584ms
[2m2025-12-10T10:08:06.445234Z[0m [34mDEBUG[0m [2methereum_transaction_pool_monitor::eth_client[0m[2m:[0m DeFi transaction detected - Address: 0xdac17f958d2ee523a2206206994597c13d831ec7, Type: Stablecoin, Value: 0 ETH, Gas: 0.44 Gwei
[2m2025-12-10T10:08:06.445243Z[0m [34mDEBUG[0m [2methereum_transaction_pool_monitor::eth_client[0m[2m:[0m ✅ Transaction 0x3631566da085864428ad1d711e52cb08349219678892158b91de14ad6e99f4f6 fetched and parsed in 7.433917ms
[2m2025-12-10T10:08:06.445248Z[0m [34mDEBUG[0m [2methereum_transaction_pool_monitor::mempool_monitor[0m[2m:[0m 🔍 Skipping tx 0x3631566da085864428ad1d711e52cb08349219678892158b91de14ad6e99f4f6 - not a DEX interaction (target: 0xdAC17F958D2ee523a2206206994597C13D831ec7)
[2m2025-12-10T10:08:06.445254Z[0m [34mDEBUG[0m [2methereum_transaction_pool_monitor::mempool_monitor[0m[2m:[0m 📨 Processing new pending transaction: 0xf3b44e8f0eb12fd005b8fde548bd00137f2f76806499cd790cc2cb3bac0312c9
[2m2025-12-10T10:08:06.445257Z[0m [34mDEBUG[0m [2methereum_transaction_pool_monitor::mempool_monitor[0m[2m:[0m 🔍 Fetching transaction details for: 0xf3b44e8f0eb12fd005b8fde548bd00137f2f76806499cd790cc2cb3bac0312c9
[2m2025-12-10T10:08:06.445261Z[0m [34mDEBUG[0m [2methereum_transaction_pool_monitor::eth_client[0m[2m:[0m 🔍 Fetching transaction details for hash: 0xf3b44e8f0eb12fd005b8fde548bd00137f2f76806499cd790cc2cb3bac0312c9
[2m2025-12-10T10:08:06.445271Z[0m [34mDEBUG[0m [2mhyper::client::pool[0m[2m:[0m reuse idle connection for ("http", 192.168.0.14:8545)
[2m2025-12-10T10:08:06.445293Z[0m [34mDEBUG[0m [2mhyper::proto::h1::io[0m[2m:[0m flushed 250 bytes
[2m2025-12-10T10:08:06.449855Z[0m [34mDEBUG[0m [2mhyper::proto::h1::io[0m[2m:[0m parsed 4 headers
[2m2025-12-10T10:08:06.449882Z[0m [34mDEBUG[0m [2mhyper::proto::h1::conn[0m[2m:[0m incoming body is content-length (765 bytes)
[2m2025-12-10T10:08:06.449899Z[0m [34mDEBUG[0m [2mhyper::proto::h1::conn[0m[2m:[0m incoming body completed
[2m2025-12-10T10:08:06.449929Z[0m [34mDEBUG[0m [2mhyper::client::pool[0m[2m:[0m pooling idle connection for ("http", 192.168.0.14:8545)
[2m2025-12-10T10:08:06.449936Z[0m [34mDEBUG[0m [2methereum_transaction_pool_monitor::eth_client[0m[2m:[0m 📡 Transaction fetch RPC completed in 4.671708ms
[2m2025-12-10T10:08:06.449950Z[0m [34mDEBUG[0m [2methereum_transaction_pool_monitor::eth_client[0m[2m:[0m DeFi transaction detected - Address: 0xdac17f958d2ee523a2206206994597c13d831ec7, Type: Stablecoin, Value: 0 ETH, Gas: 0.44 Gwei
[2m2025-12-10T10:08:06.449965Z[0m [34mDEBUG[0m [2methereum_transaction_pool_monitor::eth_client[0m[2m:[0m ✅ Transaction 0xf3b44e8f0eb12fd005b8fde548bd00137f2f76806499cd790cc2cb3bac0312c9 fetched and parsed in 4.700542ms
[2m2025-12-10T10:08:06.449973Z[0m [34mDEBUG[0m [2methereum_transaction_pool_monitor::mempool_monitor[0m[2m:[0m 🔍 Skipping tx 0xf3b44e8f0eb12fd005b8fde548bd00137f2f76806499cd790cc2cb3bac0312c9 - not a DEX interaction (target: 0xdAC17F958D2ee523a2206206994597C13D831ec7)
[2m2025-12-10T10:08:06.449983Z[0m [34mDEBUG[0m [2methereum_transaction_pool_monitor::mempool_monitor[0m[2m:[0m 📨 Processing new pending transaction: 0x1b3992249fa010ba030a553676f9cb624dd477550771bc1dcbf4f0c03d308072
[2m2025-12-10T10:08:06.449989Z[0m [34mDEBUG[0m [2methereum_transaction_pool_monitor::mempool_monitor[0m[2m:[0m 🔍 Fetching transaction details for: 0x1b3992249fa010ba030a553676f9cb624dd477550771bc1dcbf4f0c03d308072
[2m2025-12-10T10:08:06.449994Z[0m [34mDEBUG[0m [2methereum_transaction_pool_monitor::eth_client[0m[2m:[0m 🔍 Fetching transaction details for hash: 0x1b3992249fa010ba030a553676f9cb624dd477550771bc1dcbf4f0c03d308072
[2m2025-12-10T10:08:06.450009Z[0m [34mDEBUG[0m [2mhyper::client::pool[0m[2m:[0m reuse idle connection for ("http", 192.168.0.14:8545)
[2m2025-12-10T10:08:06.450028Z[0m [34mDEBUG[0m [2mhyper::proto::h1::io[0m[2m:[0m flushed 250 bytes
[2m2025-12-10T10:08:06.454133Z[0m [34mDEBUG[0m [2mhyper::proto::h1::io[0m[2m:[0m parsed 4 headers
[2m2025-12-10T10:08:06.454141Z[0m [34mDEBUG[0m [2mhyper::proto::h1::conn[0m[2m:[0m incoming body is content-length (765 bytes)
[2m2025-12-10T10:08:06.454146Z[0m [34mDEBUG[0m [2mhyper::proto::h1::conn[0m[2m:[0m incoming body completed
[2m2025-12-10T10:08:06.454154Z[0m [34mDEBUG[0m [2mhyper::client::pool[0m[2m:[0m pooling idle connection for ("http", 192.168.0.14:8545)
[2m2025-12-10T10:08:06.454159Z[0m [34mDEBUG[0m [2methereum_transaction_pool_monitor::eth_client[0m[2m:[0m 📡 Transaction fetch RPC completed in 4.162041ms
[2m2025-12-10T10:08:06.454172Z[0m [34mDEBUG[0m [2methereum_transaction_pool_monitor::eth_client[0m[2m:[0m DeFi transaction detected - Address: 0xdac17f958d2ee523a2206206994597c13d831ec7, Type: Stablecoin, Value: 0 ETH, Gas: 0.44 Gwei
[2m2025-12-10T10:08:06.454182Z[0m [34mDEBUG[0m [2methereum_transaction_pool_monitor::eth_client[0m[2m:[0m ✅ Transaction 0x1b3992249fa010ba030a553676f9cb624dd477550771bc1dcbf4f0c03d308072 fetched and parsed in 4.185ms
[2m2025-12-10T10:08:06.454189Z[0m [34mDEBUG[0m [2methereum_transaction_pool_monitor::mempool_monitor[0m[2m:[0m 🔍 Skipping tx 0x1b3992249fa010ba030a553676f9cb624dd477550771bc1dcbf4f0c03d308072 - not a DEX interaction (target: 0xdAC17F958D2ee523a2206206994597C13D831ec7)
[2m2025-12-10T10:08:06.454197Z[0m [34mDEBUG[0m [2methereum_transaction_pool_monitor::mempool_monitor[0m[2m:[0m 📨 Processing new pending transaction: 0xd082a43377049b51c694bbdc1c1d0ca1fb13169ce7ca97c21e99bd26ed5dc06a
[2m2025-12-10T10:08:06.454201Z[0m [34mDEBUG[0m [2methereum_transaction_pool_monitor::mempool_monitor[0m[2m:[0m 🔍 Fetching transaction details for: 0xd082a43377049b51c694bbdc1c1d0ca1fb13169ce7ca97c21e99bd26ed5dc06a
[2m2025-12-10T10:08:06.454207Z[0m [34mDEBUG[0m [2methereum_transaction_pool_monitor::eth_client[0m[2m:[0m 🔍 Fetching transaction details for hash: 0xd082a43377049b51c694bbdc1c1d0ca1fb13169ce7ca97c21e99bd26ed5dc06a
[2m2025-12-10T10:08:06.454217Z[0m [34mDEBUG[0m [2mhyper::client::pool[0m[2m:[0m reuse idle connection for ("http", 192.168.0.14:8545)
[2m2025-12-10T10:08:06.454229Z[0m [34mDEBUG[0m [2mhyper::proto::h1::io[0m[2m:[0m flushed 250 bytes
[2m2025-12-10T10:08:06.458848Z[0m [34mDEBUG[0m [2mhyper::proto::h1::io[0m[2m:[0m parsed 4 headers
[2m2025-12-10T10:08:06.458855Z[0m [34mDEBUG[0m [2mhyper::proto::h1::conn[0m[2m:[0m incoming body is content-length (657 bytes)
[2m2025-12-10T10:08:06.458862Z[0m [34mDEBUG[0m [2mhyper::proto::h1::conn[0m[2m:[0m incoming body completed
[2m2025-12-10T10:08:06.458868Z[0m [34mDEBUG[0m [2mhyper::client::pool[0m[2m:[0m pooling idle connection for ("http", 192.168.0.14:8545)
[2m2025-12-10T10:08:06.458873Z[0m [34mDEBUG[0m [2methereum_transaction_pool_monitor::eth_client[0m[2m:[0m 📡 Transaction fetch RPC completed in 4.66325ms
[2m2025-12-10T10:08:06.530389Z[0m [34mDEBUG[0m [2methereum_transaction_pool_monitor::eth_client[0m[2m:[0m ✅ Transaction 0xd082a43377049b51c694bbdc1c1d0ca1fb13169ce7ca97c21e99bd26ed5dc06a fetched and parsed in 76.1765ms
[2m2025-12-10T10:08:06.530414Z[0m [34mDEBUG[0m [2methereum_transaction_pool_monitor::mempool_monitor[0m[2m:[0m 🔍 Skipping tx 0xd082a43377049b51c694bbdc1c1d0ca1fb13169ce7ca97c21e99bd26ed5dc06a - not a DEX interaction (target: 0xa747A91681Ea003389129505E4254d931c01581b)
[2m2025-12-10T10:08:06.530424Z[0m [34mDEBUG[0m [2methereum_transaction_pool_monitor::mempool_monitor[0m[2m:[0m 📨 Processing new pending transaction: 0x904a33c23a11dacb17575db2fc82ea6993baf87198c4854fd3ae09ec6d2a18f6
[2m2025-12-10T10:08:06.530431Z[0m [34mDEBUG[0m [2methereum_transaction_pool_monitor::mempool_monitor[0m[2m:[0m 🔍 Fetching transaction details for: 0x904a33c23a11dacb17575db2fc82ea6993baf87198c4854fd3ae09ec6d2a18f6
[2m2025-12-10T10:08:06.530437Z[0m [34mDEBUG[0m [2methereum_transaction_pool_monitor::eth_client[0m[2m:[0m 🔍 Fetching transaction details for hash: 0x904a33c23a11dacb17575db2fc82ea6993baf87198c4854fd3ae09ec6d2a18f6
[2m2025-12-10T10:08:06.530454Z[0m [34mDEBUG[0m [2mhyper::client::pool[0m[2m:[0m reuse idle connection for ("http", 192.168.0.14:8545)
[2m2025-12-10T10:08:06.530504Z[0m [34mDEBUG[0m [2mhyper::proto::h1::io[0m[2m:[0m flushed 250 bytes
[2m2025-12-10T10:08:06.530524Z[0m [34mDEBUG[0m [2mhyper::client::pool[0m[2m:[0m reuse idle connection for ("http", 192.168.0.14:8545)
[2m2025-12-10T10:08:06.530537Z[0m [34mDEBUG[0m [2mhyper::proto::h1::io[0m[2m:[0m flushed 172 bytes
[2m2025-12-10T10:08:06.530538Z[0m [34mDEBUG[0m [2methereum_transaction_pool_monitor::eth_client[0m[2m:[0m 📨 Received WebSocket message: {"jsonrpc":"2.0","method":"eth_subscription","params":{"subscription":"0xbed0a0851463e895960a451075a301a9","result":"0xbcda64854ed9cdd73cfdf5747d3936af212e0fb524184d0d57d319857680b1ed"}}
[2m2025-12-10T10:08:06.530553Z[0m [34mDEBUG[0m [2methereum_transaction_pool_monitor::eth_client[0m[2m:[0m 📨 Received pending transaction: 0xbcda64854ed9cdd73cfdf5747d3936af212e0fb524184d0d57d319857680b1ed
[2m2025-12-10T10:08:06.530559Z[0m [34mDEBUG[0m [2methereum_transaction_pool_monitor::eth_client[0m[2m:[0m 📨 Received WebSocket message: {"jsonrpc":"2.0","method":"eth_subscription","params":{"subscription":"0xbed0a0851463e895960a451075a301a9","result":"0xb95b6257391f8410a93f039fb026415303c2ff94528a06660b3bcc34d2eff6a1"}}
[2m2025-12-10T10:08:06.530800Z[0m [34mDEBUG[0m [2methereum_transaction_pool_monitor::eth_client[0m[2m:[0m 📨 Received pending transaction: 0xb95b6257391f8410a93f039fb026415303c2ff94528a06660b3bcc34d2eff6a1
[2m2025-12-10T10:08:06.535394Z[0m [34mDEBUG[0m [2mhyper::proto::h1::io[0m[2m:[0m parsed 4 headers
[2m2025-12-10T10:08:06.535417Z[0m [34mDEBUG[0m [2mhyper::proto::h1::conn[0m[2m:[0m incoming body is content-length (778 bytes)
[2m2025-12-10T10:08:06.535440Z[0m [34mDEBUG[0m [2mhyper::proto::h1::conn[0m[2m:[0m incoming body completed
[2m2025-12-10T10:08:06.535466Z[0m [34mDEBUG[0m [2mhyper::client::pool[0m[2m:[0m pooling idle connection for ("http", 192.168.0.14:8545)
[2m2025-12-10T10:08:06.535472Z[0m [34mDEBUG[0m [2methereum_transaction_pool_monitor::eth_client[0m[2m:[0m 📡 Transaction fetch RPC completed in 5.030084ms
[2m2025-12-10T10:08:06.607112Z[0m [34mDEBUG[0m [2methereum_transaction_pool_monitor::eth_client[0m[2m:[0m ✅ Transaction 0x904a33c23a11dacb17575db2fc82ea6993baf87198c4854fd3ae09ec6d2a18f6 fetched and parsed in 76.668ms
[2m2025-12-10T10:08:06.607135Z[0m [34mDEBUG[0m [2methereum_transaction_pool_monitor::mempool_monitor[0m[2m:[0m 🔍 Skipping tx 0x904a33c23a11dacb17575db2fc82ea6993baf87198c4854fd3ae09ec6d2a18f6 - not a DEX interaction (target: 0xA0b86991c6218b36c1d19D4a2e9Eb0cE3606eB48)
[2m2025-12-10T10:08:06.607145Z[0m [34mDEBUG[0m [2methereum_transaction_pool_monitor::mempool_monitor[0m[2m:[0m 📨 Processing new pending transaction: 0xbe8988eca786f78d13402ddc48a7262523e4213f7f7c6219b0fcf233a87a2ff2
[2m2025-12-10T10:08:06.607151Z[0m [34mDEBUG[0m [2methereum_transaction_pool_monitor::mempool_monitor[0m[2m:[0m 🔍 Fetching transaction details for: 0xbe8988eca786f78d13402ddc48a7262523e4213f7f7c6219b0fcf233a87a2ff2
[2m2025-12-10T10:08:06.607156Z[0m [34mDEBUG[0m [2methereum_transaction_pool_monitor::eth_client[0m[2m:[0m 🔍 Fetching transaction details for hash: 0xbe8988eca786f78d13402ddc48a7262523e4213f7f7c6219b0fcf233a87a2ff2
[2m2025-12-10T10:08:06.607174Z[0m [34mDEBUG[0m [2mhyper::client::pool[0m[2m:[0m reuse idle connection for ("http", 192.168.0.14:8545)
[2m2025-12-10T10:08:06.607220Z[0m [34mDEBUG[0m [2mhyper::proto::h1::io[0m[2m:[0m flushed 250 bytes
[2m2025-12-10T10:08:06.607243Z[0m [34mDEBUG[0m [2methereum_transaction_pool_monitor::eth_client[0m[2m:[0m 📨 Received WebSocket message: {"jsonrpc":"2.0","method":"eth_subscription","params":{"subscription":"0xbed0a0851463e895960a451075a301a9","result":"0x0b8586e2ff42f36637eb519b68c1f19ead8985157b89eb1be25fb370efa3e8f2"}}
[2m2025-12-10T10:08:06.607253Z[0m [34mDEBUG[0m [2methereum_transaction_pool_monitor::eth_client[0m[2m:[0m 📨 Received pending transaction: 0x0b8586e2ff42f36637eb519b68c1f19ead8985157b89eb1be25fb370efa3e8f2
[2m2025-12-10T10:08:06.607259Z[0m [34mDEBUG[0m [2methereum_transaction_pool_monitor::eth_client[0m[2m:[0m 📨 Received WebSocket message: {"jsonrpc":"2.0","method":"eth_subscription","params":{"subscription":"0xbed0a0851463e895960a451075a301a9","result":"0x243952193e8a0bad1446bb38d7603957c2a1497013dd011e5b07e958e83d60c9"}}
[2m2025-12-10T10:08:06.607265Z[0m [34mDEBUG[0m [2methereum_transaction_pool_monitor::eth_client[0m[2m:[0m 📨 Received pending transaction: 0x243952193e8a0bad1446bb38d7603957c2a1497013dd011e5b07e958e83d60c9
[2m2025-12-10T10:08:06.607277Z[0m [34mDEBUG[0m [2mhyper::proto::h1::io[0m[2m:[0m parsed 4 headers
[2m2025-12-10T10:08:06.607284Z[0m [34mDEBUG[0m [2mhyper::proto::h1::conn[0m[2m:[0m incoming body is content-length (45 bytes)
[2m2025-12-10T10:08:06.607322Z[0m [34mDEBUG[0m [2mhyper::proto::h1::conn[0m[2m:[0m incoming body completed
[2m2025-12-10T10:08:06.607331Z[0m [34mDEBUG[0m [2mhyper::client::pool[0m[2m:[0m pooling idle connection for ("http", 192.168.0.14:8545)
[2m2025-12-10T10:08:06.607351Z[0m [34mDEBUG[0m [2mhyper::client::pool[0m[2m:[0m reuse idle connection for ("http", 192.168.0.14:8545)
[2m2025-12-10T10:08:06.607364Z[0m [34mDEBUG[0m [2mhyper::proto::h1::io[0m[2m:[0m flushed 172 bytes
[2m2025-12-10T10:08:06.611061Z[0m [34mDEBUG[0m [2mhyper::proto::h1::io[0m[2m:[0m parsed 4 headers
[2m2025-12-10T10:08:06.613918Z[0m [34mDEBUG[0m [2mhyper::proto::h1::conn[0m[2m:[0m incoming body is content-length (45 bytes)
[2m2025-12-10T10:08:06.613929Z[0m [34mDEBUG[0m [2mhyper::proto::h1::conn[0m[2m:[0m incoming body completed
[2m2025-12-10T10:08:06.613940Z[0m [34mDEBUG[0m [2mhyper::client::pool[0m[2m:[0m pooling idle connection for ("http", 192.168.0.14:8545)
[2m2025-12-10T10:08:06.615926Z[0m [34mDEBUG[0m [2mhyper::proto::h1::io[0m[2m:[0m parsed 4 headers
[2m2025-12-10T10:08:06.615931Z[0m [34mDEBUG[0m [2mhyper::proto::h1::conn[0m[2m:[0m incoming body is content-length (657 bytes)
[2m2025-12-10T10:08:06.615936Z[0m [34mDEBUG[0m [2mhyper::proto::h1::conn[0m[2m:[0m incoming body completed
[2m2025-12-10T10:08:06.615942Z[0m [34mDEBUG[0m [2mhyper::client::pool[0m[2m:[0m pooling idle connection for ("http", 192.168.0.14:8545)
[2m2025-12-10T10:08:06.615947Z[0m [34mDEBUG[0m [2methereum_transaction_pool_monitor::eth_client[0m[2m:[0m 📡 Transaction fetch RPC completed in 8.785875ms
[2m2025-12-10T10:08:06.686897Z[0m [34mDEBUG[0m [2methereum_transaction_pool_monitor::eth_client[0m[2m:[0m ✅ Transaction 0xbe8988eca786f78d13402ddc48a7262523e4213f7f7c6219b0fcf233a87a2ff2 fetched and parsed in 79.732708ms
[2m2025-12-10T10:08:06.686922Z[0m [34mDEBUG[0m [2methereum_transaction_pool_monitor::mempool_monitor[0m[2m:[0m 🔍 Skipping tx 0xbe8988eca786f78d13402ddc48a7262523e4213f7f7c6219b0fcf233a87a2ff2 - not a DEX interaction (target: 0x7aFe3b51f73b2E803Cda8625841DfA424624330d)
[2m2025-12-10T10:08:06.686933Z[0m [34mDEBUG[0m [2methereum_transaction_pool_monitor::mempool_monitor[0m[2m:[0m 📨 Processing new pending transaction: 0x52ff91431cb178611aedad805f7e9f0f806328140b463fc305b7d61062a9e7a0
[2m2025-12-10T10:08:06.686947Z[0m [34mDEBUG[0m [2methereum_transaction_pool_monitor::mempool_monitor[0m[2m:[0m 🔍 Fetching transaction details for: 0x52ff91431cb178611aedad805f7e9f0f806328140b463fc305b7d61062a9e7a0
[2m2025-12-10T10:08:06.686954Z[0m [34mDEBUG[0m [2methereum_transaction_pool_monitor::eth_client[0m[2m:[0m 🔍 Fetching transaction details for hash: 0x52ff91431cb178611aedad805f7e9f0f806328140b463fc305b7d61062a9e7a0
[2m2025-12-10T10:08:06.686977Z[0m [34mDEBUG[0m [2mhyper::client::pool[0m[2m:[0m reuse idle connection for ("http", 192.168.0.14:8545)
[2m2025-12-10T10:08:06.687017Z[0m [34mDEBUG[0m [2mhyper::proto::h1::io[0m[2m:[0m flushed 250 bytes
[2m2025-12-10T10:08:06.687039Z[0m [34mDEBUG[0m [2methereum_transaction_pool_monitor::eth_client[0m[2m:[0m 📨 Received WebSocket message: {"jsonrpc":"2.0","method":"eth_subscription","params":{"subscription":"0xbed0a0851463e895960a451075a301a9","result":"0xe057ed56bace4866167235514ce1d56a46ffabbc913792771fc40fe88b4754f5"}}
[2m2025-12-10T10:08:06.687047Z[0m [34mDEBUG[0m [2methereum_transaction_pool_monitor::eth_client[0m[2m:[0m 📨 Received pending transaction: 0xe057ed56bace4866167235514ce1d56a46ffabbc913792771fc40fe88b4754f5
[2m2025-12-10T10:08:06.692613Z[0m [34mDEBUG[0m [2mhyper::proto::h1::io[0m[2m:[0m parsed 4 headers
[2m2025-12-10T10:08:06.692625Z[0m [34mDEBUG[0m [2mhyper::proto::h1::conn[0m[2m:[0m incoming body is content-length (657 bytes)
[2m2025-12-10T10:08:06.692632Z[0m [34mDEBUG[0m [2mhyper::proto::h1::conn[0m[2m:[0m incoming body completed
[2m2025-12-10T10:08:06.692640Z[0m [34mDEBUG[0m [2mhyper::client::pool[0m[2m:[0m pooling idle connection for ("http", 192.168.0.14:8545)
[2m2025-12-10T10:08:06.692646Z[0m [34mDEBUG[0m [2methereum_transaction_pool_monitor::eth_client[0m[2m:[0m 📡 Transaction fetch RPC completed in 5.685875ms
[2m2025-12-10T10:08:06.763889Z[0m [34mDEBUG[0m [2methereum_transaction_pool_monitor::eth_client[0m[2m:[0m ✅ Transaction 0x52ff91431cb178611aedad805f7e9f0f806328140b463fc305b7d61062a9e7a0 fetched and parsed in 76.926125ms
[2m2025-12-10T10:08:06.763914Z[0m [34mDEBUG[0m [2methereum_transaction_pool_monitor::mempool_monitor[0m[2m:[0m 🔍 Skipping tx 0x52ff91431cb178611aedad805f7e9f0f806328140b463fc305b7d61062a9e7a0 - not a DEX interaction (target: 0x8BBd9Febe58d0B1F2Bc0364973f719747F35c199)
[2m2025-12-10T10:08:06.763924Z[0m [34mDEBUG[0m [2methereum_transaction_pool_monitor::mempool_monitor[0m[2m:[0m 📨 Processing new pending transaction: 0x2023930087b62a657c33d17454506d3f8c3a80dfe51b0b239a98a68b80b10c94
[2m2025-12-10T10:08:06.763930Z[0m [34mDEBUG[0m [2methereum_transaction_pool_monitor::mempool_monitor[0m[2m:[0m 🔍 Fetching transaction details for: 0x2023930087b62a657c33d17454506d3f8c3a80dfe51b0b239a98a68b80b10c94
[2m2025-12-10T10:08:06.763935Z[0m [34mDEBUG[0m [2methereum_transaction_pool_monitor::eth_client[0m[2m:[0m 🔍 Fetching transaction details for hash: 0x2023930087b62a657c33d17454506d3f8c3a80dfe51b0b239a98a68b80b10c94
[2m2025-12-10T10:08:06.763956Z[0m [34mDEBUG[0m [2mhyper::client::pool[0m[2m:[0m reuse idle connection for ("http", 192.168.0.14:8545)
[2m2025-12-10T10:08:06.764010Z[0m [34mDEBUG[0m [2mhyper::proto::h1::io[0m[2m:[0m flushed 250 bytes
[2m2025-12-10T10:08:06.764032Z[0m [34mDEBUG[0m [2mhyper::client::pool[0m[2m:[0m reuse idle connection for ("http", 192.168.0.14:8545)
[2m2025-12-10T10:08:06.764044Z[0m [34mDEBUG[0m [2mhyper::proto::h1::io[0m[2m:[0m flushed 172 bytes
[2m2025-12-10T10:08:06.764099Z[0m [34mDEBUG[0m [2methereum_transaction_pool_monitor::eth_client[0m[2m:[0m 📨 Received WebSocket message: {"jsonrpc":"2.0","method":"eth_subscription","params":{"subscription":"0xbed0a0851463e895960a451075a301a9","result":"0x55a8ada88695db4bc678fe51bb85524e9185889b429d8736b785ce4a357a003d"}}
[2m2025-12-10T10:08:06.764109Z[0m [34mDEBUG[0m [2methereum_transaction_pool_monitor::eth_client[0m[2m:[0m 📨 Received pending transaction: 0x55a8ada88695db4bc678fe51bb85524e9185889b429d8736b785ce4a357a003d
[2m2025-12-10T10:08:06.767962Z[0m [34mDEBUG[0m [2mhyper::proto::h1::io[0m[2m:[0m parsed 4 headers
[2m2025-12-10T10:08:06.767976Z[0m [34mDEBUG[0m [2mhyper::proto::h1::conn[0m[2m:[0m incoming body is content-length (45 bytes)
[2m2025-12-10T10:08:06.767983Z[0m [34mDEBUG[0m [2mhyper::proto::h1::conn[0m[2m:[0m incoming body completed
[2m2025-12-10T10:08:06.767993Z[0m [34mDEBUG[0m [2mhyper::client::pool[0m[2m:[0m pooling idle connection for ("http", 192.168.0.14:8545)
[2m2025-12-10T10:08:06.769446Z[0m [34mDEBUG[0m [2mhyper::proto::h1::io[0m[2m:[0m parsed 4 headers
[2m2025-12-10T10:08:06.769475Z[0m [34mDEBUG[0m [2mhyper::proto::h1::conn[0m[2m:[0m incoming body is content-length (656 bytes)
[2m2025-12-10T10:08:06.769492Z[0m [34mDEBUG[0m [2mhyper::proto::h1::conn[0m[2m:[0m incoming body completed
[2m2025-12-10T10:08:06.769500Z[0m [34mDEBUG[0m [2mhyper::client::pool[0m[2m:[0m pooling idle connection for ("http", 192.168.0.14:8545)
[2m2025-12-10T10:08:06.769508Z[0m [34mDEBUG[0m [2methereum_transaction_pool_monitor::eth_client[0m[2m:[0m 📡 Transaction fetch RPC completed in 5.567125ms
[2m2025-12-10T10:08:06.841375Z[0m [34mDEBUG[0m [2methereum_transaction_pool_monitor::eth_client[0m[2m:[0m ✅ Transaction 0x2023930087b62a657c33d17454506d3f8c3a80dfe51b0b239a98a68b80b10c94 fetched and parsed in 77.431542ms
[2m2025-12-10T10:08:06.841402Z[0m [34mDEBUG[0m [2methereum_transaction_pool_monitor::mempool_monitor[0m[2m:[0m 🔍 Skipping tx 0x2023930087b62a657c33d17454506d3f8c3a80dfe51b0b239a98a68b80b10c94 - not a DEX interaction (target: 0x80D904416769D462bec573E97Fde136f181D88d2)
[2m2025-12-10T10:08:06.841415Z[0m [34mDEBUG[0m [2methereum_transaction_pool_monitor::mempool_monitor[0m[2m:[0m 📨 Processing new pending transaction: 0xe7ec19d96922efae178e53d059536f9200f4854880ad07ef051d5b5ae3b30c84
[2m2025-12-10T10:08:06.841422Z[0m [34mDEBUG[0m [2methereum_transaction_pool_monitor::mempool_monitor[0m[2m:[0m 🔍 Fetching transaction details for: 0xe7ec19d96922efae178e53d059536f9200f4854880ad07ef051d5b5ae3b30c84
[2m2025-12-10T10:08:06.841429Z[0m [34mDEBUG[0m [2methereum_transaction_pool_monitor::eth_client[0m[2m:[0m 🔍 Fetching transaction details for hash: 0xe7ec19d96922efae178e53d059536f9200f4854880ad07ef051d5b5ae3b30c84
[2m2025-12-10T10:08:06.841448Z[0m [34mDEBUG[0m [2mhyper::client::pool[0m[2m:[0m reuse idle connection for ("http", 192.168.0.14:8545)
[2m2025-12-10T10:08:06.841499Z[0m [34mDEBUG[0m [2mhyper::proto::h1::io[0m[2m:[0m flushed 250 bytes
[2m2025-12-10T10:08:06.841519Z[0m [34mDEBUG[0m [2mhyper::client::pool[0m[2m:[0m reuse idle connection for ("http", 192.168.0.14:8545)
[2m2025-12-10T10:08:06.841536Z[0m [34mDEBUG[0m [2mhyper::proto::h1::io[0m[2m:[0m flushed 172 bytes
[2m2025-12-10T10:08:06.841573Z[0m [34mDEBUG[0m [2methereum_transaction_pool_monitor::eth_client[0m[2m:[0m 📨 Received WebSocket message: {"jsonrpc":"2.0","method":"eth_subscription","params":{"subscription":"0xbed0a0851463e895960a451075a301a9","result":"0xf02530adbb8c1f6a260b310787baaa1af66554851b73631fd9fafea5b176c9e6"}}
[2m2025-12-10T10:08:06.841583Z[0m [34mDEBUG[0m [2methereum_transaction_pool_monitor::eth_client[0m[2m:[0m 📨 Received pending transaction: 0xf02530adbb8c1f6a260b310787baaa1af66554851b73631fd9fafea5b176c9e6
[2m2025-12-10T10:08:06.847326Z[0m [34mDEBUG[0m [2mhyper::proto::h1::io[0m[2m:[0m parsed 4 headers
[2m2025-12-10T10:08:06.847336Z[0m [34mDEBUG[0m [2mhyper::proto::h1::conn[0m[2m:[0m incoming body is content-length (657 bytes)
[2m2025-12-10T10:08:06.847344Z[0m [34mDEBUG[0m [2mhyper::proto::h1::conn[0m[2m:[0m incoming body completed
[2m2025-12-10T10:08:06.847354Z[0m [34mDEBUG[0m [2mhyper::client::pool[0m[2m:[0m pooling idle connection for ("http", 192.168.0.14:8545)
[2m2025-12-10T10:08:06.847361Z[0m [34mDEBUG[0m [2methereum_transaction_pool_monitor::eth_client[0m[2m:[0m 📡 Transaction fetch RPC completed in 5.925541ms
[2m2025-12-10T10:08:06.919149Z[0m [34mDEBUG[0m [2methereum_transaction_pool_monitor::eth_client[0m[2m:[0m ✅ Transaction 0xe7ec19d96922efae178e53d059536f9200f4854880ad07ef051d5b5ae3b30c84 fetched and parsed in 77.712ms
[2m2025-12-10T10:08:06.919176Z[0m [34mDEBUG[0m [2methereum_transaction_pool_monitor::mempool_monitor[0m[2m:[0m 🔍 Skipping tx 0xe7ec19d96922efae178e53d059536f9200f4854880ad07ef051d5b5ae3b30c84 - not a DEX interaction (target: 0xC09B14588FdD4AD23D05573838409330aA10b703)
[2m2025-12-10T10:08:06.919186Z[0m [34mDEBUG[0m [2methereum_transaction_pool_monitor::mempool_monitor[0m[2m:[0m 📨 Processing new pending transaction: 0x85e4b873ed7392890107cb38db70c0ab9086277c0adb5231c841f3804593cc9d
[2m2025-12-10T10:08:06.919192Z[0m [34mDEBUG[0m [2methereum_transaction_pool_monitor::mempool_monitor[0m[2m:[0m 🔍 Fetching transaction details for: 0x85e4b873ed7392890107cb38db70c0ab9086277c0adb5231c841f3804593cc9d
[2m2025-12-10T10:08:06.919197Z[0m [34mDEBUG[0m [2methereum_transaction_pool_monitor::eth_client[0m[2m:[0m 🔍 Fetching transaction details for hash: 0x85e4b873ed7392890107cb38db70c0ab9086277c0adb5231c841f3804593cc9d
[2m2025-12-10T10:08:06.919219Z[0m [34mDEBUG[0m [2mhyper::client::pool[0m[2m:[0m reuse idle connection for ("http", 192.168.0.14:8545)
[2m2025-12-10T10:08:06.919269Z[0m [34mDEBUG[0m [2mhyper::proto::h1::io[0m[2m:[0m flushed 250 bytes
[2m2025-12-10T10:08:06.919287Z[0m [34mDEBUG[0m [2mhyper::proto::h1::io[0m[2m:[0m parsed 4 headers
[2m2025-12-10T10:08:06.919291Z[0m [34mDEBUG[0m [2mhyper::proto::h1::conn[0m[2m:[0m incoming body is content-length (45 bytes)
[2m2025-12-10T10:08:06.919298Z[0m [34mDEBUG[0m [2mhyper::proto::h1::conn[0m[2m:[0m incoming body completed
[2m2025-12-10T10:08:06.919307Z[0m [34mDEBUG[0m [2mhyper::client::pool[0m[2m:[0m pooling idle connection for ("http", 192.168.0.14:8545)
[2m2025-12-10T10:08:06.919407Z[0m [34mDEBUG[0m [2mhyper::client::pool[0m[2m:[0m reuse idle connection for ("http", 192.168.0.14:8545)
[2m2025-12-10T10:08:06.919426Z[0m [34mDEBUG[0m [2mhyper::proto::h1::io[0m[2m:[0m flushed 172 bytes
[2m2025-12-10T10:08:06.925776Z[0m [34mDEBUG[0m [2mhyper::proto::h1::io[0m[2m:[0m parsed 4 headers
[2m2025-12-10T10:08:06.925784Z[0m [34mDEBUG[0m [2mhyper::proto::h1::conn[0m[2m:[0m incoming body is content-length (650 bytes)
[2m2025-12-10T10:08:06.925792Z[0m [34mDEBUG[0m [2mhyper::proto::h1::conn[0m[2m:[0m incoming body completed
[2m2025-12-10T10:08:06.925802Z[0m [34mDEBUG[0m [2mhyper::client::pool[0m[2m:[0m pooling idle connection for ("http", 192.168.0.14:8545)
[2m2025-12-10T10:08:06.925809Z[0m [34mDEBUG[0m [2methereum_transaction_pool_monitor::eth_client[0m[2m:[0m 📡 Transaction fetch RPC completed in 6.607792ms
[2m2025-12-10T10:08:06.997209Z[0m [34mDEBUG[0m [2methereum_transaction_pool_monitor::eth_client[0m[2m:[0m ✅ Transaction 0x85e4b873ed7392890107cb38db70c0ab9086277c0adb5231c841f3804593cc9d fetched and parsed in 78.00525ms
[2m2025-12-10T10:08:06.997238Z[0m [34mDEBUG[0m [2methereum_transaction_pool_monitor::mempool_monitor[0m[2m:[0m 🔍 Skipping tx 0x85e4b873ed7392890107cb38db70c0ab9086277c0adb5231c841f3804593cc9d - not a DEX interaction (target: 0x16613aa96Ea0A8C2b52d35A1aC7c0a9E62Eaa64E)
[2m2025-12-10T10:08:06.997249Z[0m [34mDEBUG[0m [2methereum_transaction_pool_monitor::mempool_monitor[0m[2m:[0m 📨 Processing new pending transaction: 0x83f7355ea8bed04fd248dc3bab1096bb5bfc5971e2a4743236222ff64e26866b
[2m2025-12-10T10:08:06.997255Z[0m [34mDEBUG[0m [2methereum_transaction_pool_monitor::mempool_monitor[0m[2m:[0m 🔍 Fetching transaction details for: 0x83f7355ea8bed04fd248dc3bab1096bb5bfc5971e2a4743236222ff64e26866b
[2m2025-12-10T10:08:06.997261Z[0m [34mDEBUG[0m [2methereum_transaction_pool_monitor::eth_client[0m[2m:[0m 🔍 Fetching transaction details for hash: 0x83f7355ea8bed04fd248dc3bab1096bb5bfc5971e2a4743236222ff64e26866b
[2m2025-12-10T10:08:06.997285Z[0m [34mDEBUG[0m [2mhyper::client::pool[0m[2m:[0m reuse idle connection for ("http", 192.168.0.14:8545)
[2m2025-12-10T10:08:06.997352Z[0m [34mDEBUG[0m [2mhyper::proto::h1::io[0m[2m:[0m flushed 250 bytes
[2m2025-12-10T10:08:06.997380Z[0m [34mDEBUG[0m [2methereum_transaction_pool_monitor::eth_client[0m[2m:[0m 📨 Received WebSocket message: {"jsonrpc":"2.0","method":"eth_subscription","params":{"subscription":"0xbed0a0851463e895960a451075a301a9","result":"0x091989c09873549bec3b088c93fb13b9ba0d9a80dadf54cd19f548665d8c478c"}}
[2m2025-12-10T10:08:06.997389Z[0m [34mDEBUG[0m [2methereum_transaction_pool_monitor::eth_client[0m[2m:[0m 📨 Received pending transaction: 0x091989c09873549bec3b088c93fb13b9ba0d9a80dadf54cd19f548665d8c478c
[2m2025-12-10T10:08:06.997400Z[0m [34mDEBUG[0m [2mhyper::proto::h1::io[0m[2m:[0m parsed 4 headers
[2m2025-12-10T10:08:06.997407Z[0m [34mDEBUG[0m [2mhyper::proto::h1::conn[0m[2m:[0m incoming body is content-length (45 bytes)
[2m2025-12-10T10:08:06.997415Z[0m [34mDEBUG[0m [2mhyper::proto::h1::conn[0m[2m:[0m incoming body completed
[2m2025-12-10T10:08:06.997428Z[0m [34mDEBUG[0m [2mhyper::client::pool[0m[2m:[0m pooling idle connection for ("http", 192.168.0.14:8545)
[2m2025-12-10T10:08:06.997449Z[0m [34mDEBUG[0m [2mhyper::client::pool[0m[2m:[0m reuse idle connection for ("http", 192.168.0.14:8545)
[2m2025-12-10T10:08:06.997464Z[0m [34mDEBUG[0m [2mhyper::proto::h1::io[0m[2m:[0m flushed 172 bytes
[2m2025-12-10T10:08:07.002406Z[0m [34mDEBUG[0m [2mhyper::proto::h1::io[0m[2m:[0m parsed 4 headers
[2m2025-12-10T10:08:07.002457Z[0m [34mDEBUG[0m [2mhyper::proto::h1::conn[0m[2m:[0m incoming body is content-length (775 bytes)
[2m2025-12-10T10:08:07.002466Z[0m [34mDEBUG[0m [2mhyper::proto::h1::conn[0m[2m:[0m incoming body completed
[2m2025-12-10T10:08:07.002479Z[0m [34mDEBUG[0m [2mhyper::client::pool[0m[2m:[0m pooling idle connection for ("http", 192.168.0.14:8545)
[2m2025-12-10T10:08:07.002487Z[0m [34mDEBUG[0m [2methereum_transaction_pool_monitor::eth_client[0m[2m:[0m 📡 Transaction fetch RPC completed in 5.220291ms
[2m2025-12-10T10:08:07.002509Z[0m [34mDEBUG[0m [2methereum_transaction_pool_monitor::eth_client[0m[2m:[0m DeFi transaction detected - Address: 0xdac17f958d2ee523a2206206994597c13d831ec7, Type: Stablecoin, Value: 0 ETH, Gas: 200.00 Gwei
[2m2025-12-10T10:08:07.002526Z[0m [34mDEBUG[0m [2methereum_transaction_pool_monitor::eth_client[0m[2m:[0m ✅ Transaction 0x83f7355ea8bed04fd248dc3bab1096bb5bfc5971e2a4743236222ff64e26866b fetched and parsed in 5.259791ms
[2m2025-12-10T10:08:07.002534Z[0m [34mDEBUG[0m [2methereum_transaction_pool_monitor::mempool_monitor[0m[2m:[0m 🔍 Skipping tx 0x83f7355ea8bed04fd248dc3bab1096bb5bfc5971e2a4743236222ff64e26866b - not a DEX interaction (target: 0xdAC17F958D2ee523a2206206994597C13D831ec7)
[2m2025-12-10T10:08:07.002542Z[0m [34mDEBUG[0m [2methereum_transaction_pool_monitor::mempool_monitor[0m[2m:[0m 📨 Processing new pending transaction: 0xef7438e10c0439d44df2b6a93f6bf507829be601ddc713ec44ac6116096ea9d5
[2m2025-12-10T10:08:07.002546Z[0m [34mDEBUG[0m [2methereum_transaction_pool_monitor::mempool_monitor[0m[2m:[0m 🔍 Fetching transaction details for: 0xef7438e10c0439d44df2b6a93f6bf507829be601ddc713ec44ac6116096ea9d5
[2m2025-12-10T10:08:07.002549Z[0m [34mDEBUG[0m [2methereum_transaction_pool_monitor::eth_client[0m[2m:[0m 🔍 Fetching transaction details for hash: 0xef7438e10c0439d44df2b6a93f6bf507829be601ddc713ec44ac6116096ea9d5
[2m2025-12-10T10:08:07.002570Z[0m [34mDEBUG[0m [2mhyper::client::pool[0m[2m:[0m reuse idle connection for ("http", 192.168.0.14:8545)
[2m2025-12-10T10:08:07.002592Z[0m [34mDEBUG[0m [2mhyper::proto::h1::io[0m[2m:[0m flushed 250 bytes
[2m2025-12-10T10:08:07.002604Z[0m [34mDEBUG[0m [2mhyper::proto::h1::io[0m[2m:[0m parsed 4 headers
[2m2025-12-10T10:08:07.002607Z[0m [34mDEBUG[0m [2mhyper::proto::h1::conn[0m[2m:[0m incoming body is content-length (45 bytes)
[2m2025-12-10T10:08:07.002612Z[0m [34mDEBUG[0m [2mhyper::proto::h1::conn[0m[2m:[0m incoming body completed
[2m2025-12-10T10:08:07.002618Z[0m [34mDEBUG[0m [2mhyper::client::pool[0m[2m:[0m pooling idle connection for ("http", 192.168.0.14:8545)
[2m2025-12-10T10:08:07.012052Z[0m [34mDEBUG[0m [2mhyper::proto::h1::io[0m[2m:[0m parsed 4 headers
[2m2025-12-10T10:08:07.012064Z[0m [34mDEBUG[0m [2mhyper::proto::h1::conn[0m[2m:[0m incoming body is content-length (962 bytes)
[2m2025-12-10T10:08:07.012070Z[0m [34mDEBUG[0m [2mhyper::proto::h1::conn[0m[2m:[0m incoming body completed
[2m2025-12-10T10:08:07.012077Z[0m [34mDEBUG[0m [2mhyper::client::pool[0m[2m:[0m pooling idle connection for ("http", 192.168.0.14:8545)
[2m2025-12-10T10:08:07.012082Z[0m [34mDEBUG[0m [2methereum_transaction_pool_monitor::eth_client[0m[2m:[0m 📡 Transaction fetch RPC completed in 9.52825ms
[2m2025-12-10T10:08:07.083498Z[0m [34mDEBUG[0m [2methereum_transaction_pool_monitor::eth_client[0m[2m:[0m ✅ Transaction 0xef7438e10c0439d44df2b6a93f6bf507829be601ddc713ec44ac6116096ea9d5 fetched and parsed in 80.941416ms
[2m2025-12-10T10:08:07.083527Z[0m [34mDEBUG[0m [2methereum_transaction_pool_monitor::mempool_monitor[0m[2m:[0m 🔍 Skipping tx 0xef7438e10c0439d44df2b6a93f6bf507829be601ddc713ec44ac6116096ea9d5 - not a DEX interaction (target: 0x9d3aB072f10AD533aC3f26B6978A88aFe55822f4)
[2m2025-12-10T10:08:07.083537Z[0m [34mDEBUG[0m [2methereum_transaction_pool_monitor::mempool_monitor[0m[2m:[0m 📨 Processing new pending transaction: 0x6390003fc2f4a72c0a3d4dd9a9795b3d918f3eb111f6869960539ed5b9d5dc4d
[2m2025-12-10T10:08:07.083543Z[0m [34mDEBUG[0m [2methereum_transaction_pool_monitor::mempool_monitor[0m[2m:[0m 🔍 Fetching transaction details for: 0x6390003fc2f4a72c0a3d4dd9a9795b3d918f3eb111f6869960539ed5b9d5dc4d
[2m2025-12-10T10:08:07.083548Z[0m [34mDEBUG[0m [2methereum_transaction_pool_monitor::eth_client[0m[2m:[0m 🔍 Fetching transaction details for hash: 0x6390003fc2f4a72c0a3d4dd9a9795b3d918f3eb111f6869960539ed5b9d5dc4d
[2m2025-12-10T10:08:07.083566Z[0m [34mDEBUG[0m [2mhyper::client::pool[0m[2m:[0m reuse idle connection for ("http", 192.168.0.14:8545)
[2m2025-12-10T10:08:07.083616Z[0m [34mDEBUG[0m [2mhyper::proto::h1::io[0m[2m:[0m flushed 250 bytes
[2m2025-12-10T10:08:07.088983Z[0m [34mDEBUG[0m [2mhyper::proto::h1::io[0m[2m:[0m parsed 4 headers
[2m2025-12-10T10:08:07.088992Z[0m [34mDEBUG[0m [2mhyper::proto::h1::conn[0m[2m:[0m incoming body is content-length (1557 bytes)
[2m2025-12-10T10:08:07.089007Z[0m [34mDEBUG[0m [2methereum_transaction_pool_monitor::eth_client[0m[2m:[0m 📡 Transaction fetch RPC completed in 5.45425ms
[2m2025-12-10T10:08:07.089401Z[0m [34mDEBUG[0m [2mhyper::proto::h1::conn[0m[2m:[0m incoming body completed
[2m2025-12-10T10:08:07.089410Z[0m [34mDEBUG[0m [2mhyper::client::pool[0m[2m:[0m pooling idle connection for ("http", 192.168.0.14:8545)
[2m2025-12-10T10:08:07.096194Z[0m [34mDEBUG[0m [2mhyper::client::pool[0m[2m:[0m reuse idle connection for ("http", 192.168.0.14:8545)
[2m2025-12-10T10:08:07.096239Z[0m [34mDEBUG[0m [2mhyper::proto::h1::io[0m[2m:[0m flushed 172 bytes
[2m2025-12-10T10:08:07.102078Z[0m [34mDEBUG[0m [2mhyper::proto::h1::io[0m[2m:[0m parsed 4 headers
[2m2025-12-10T10:08:07.102095Z[0m [34mDEBUG[0m [2mhyper::proto::h1::conn[0m[2m:[0m incoming body is content-length (45 bytes)
[2m2025-12-10T10:08:07.102102Z[0m [34mDEBUG[0m [2mhyper::proto::h1::conn[0m[2m:[0m incoming body completed
[2m2025-12-10T10:08:07.102112Z[0m [34mDEBUG[0m [2mhyper::client::pool[0m[2m:[0m pooling idle connection for ("http", 192.168.0.14:8545)
[2m2025-12-10T10:08:07.161251Z[0m [34mDEBUG[0m [2methereum_transaction_pool_monitor::eth_client[0m[2m:[0m ✅ Transaction 0x6390003fc2f4a72c0a3d4dd9a9795b3d918f3eb111f6869960539ed5b9d5dc4d fetched and parsed in 77.695583ms
[2m2025-12-10T10:08:07.161275Z[0m [34mDEBUG[0m [2methereum_transaction_pool_monitor::mempool_monitor[0m[2m:[0m 🔍 Skipping tx 0x6390003fc2f4a72c0a3d4dd9a9795b3d918f3eb111f6869960539ed5b9d5dc4d - not a DEX interaction (target: 0x6C96dE32CEa08842dcc4058c14d3aaAD7Fa41dee)
[2m2025-12-10T10:08:07.161285Z[0m [34mDEBUG[0m [2methereum_transaction_pool_monitor::mempool_monitor[0m[2m:[0m 📨 Processing new pending transaction: 0x9d3e0b1b708164bda48793665809c13c223c2e4270de98f197fea653e6600e65
[2m2025-12-10T10:08:07.161291Z[0m [34mDEBUG[0m [2methereum_transaction_pool_monitor::mempool_monitor[0m[2m:[0m 🔍 Fetching transaction details for: 0x9d3e0b1b708164bda48793665809c13c223c2e4270de98f197fea653e6600e65
[2m2025-12-10T10:08:07.161296Z[0m [34mDEBUG[0m [2methereum_transaction_pool_monitor::eth_client[0m[2m:[0m 🔍 Fetching transaction details for hash: 0x9d3e0b1b708164bda48793665809c13c223c2e4270de98f197fea653e6600e65
[2m2025-12-10T10:08:07.161318Z[0m [34mDEBUG[0m [2mhyper::client::pool[0m[2m:[0m reuse idle connection for ("http", 192.168.0.14:8545)
[2m2025-12-10T10:08:07.161362Z[0m [34mDEBUG[0m [2mhyper::proto::h1::io[0m[2m:[0m flushed 250 bytes
[2m2025-12-10T10:08:07.172446Z[0m [34mDEBUG[0m [2mhyper::proto::h1::io[0m[2m:[0m parsed 4 headers
[2m2025-12-10T10:08:07.172459Z[0m [34mDEBUG[0m [2mhyper::proto::h1::conn[0m[2m:[0m incoming body is content-length (582 bytes)
[2m2025-12-10T10:08:07.172466Z[0m [34mDEBUG[0m [2mhyper::proto::h1::conn[0m[2m:[0m incoming body completed
[2m2025-12-10T10:08:07.172476Z[0m [34mDEBUG[0m [2mhyper::client::pool[0m[2m:[0m pooling idle connection for ("http", 192.168.0.14:8545)
[2m2025-12-10T10:08:07.172483Z[0m [34mDEBUG[0m [2methereum_transaction_pool_monitor::eth_client[0m[2m:[0m 📡 Transaction fetch RPC completed in 11.180958ms
[2m2025-12-10T10:08:07.242924Z[0m [34mDEBUG[0m [2methereum_transaction_pool_monitor::eth_client[0m[2m:[0m ✅ Transaction 0x9d3e0b1b708164bda48793665809c13c223c2e4270de98f197fea653e6600e65 fetched and parsed in 81.619291ms
[2m2025-12-10T10:08:07.242947Z[0m [34mDEBUG[0m [2methereum_transaction_pool_monitor::mempool_monitor[0m[2m:[0m 🔍 Skipping tx 0x9d3e0b1b708164bda48793665809c13c223c2e4270de98f197fea653e6600e65 - not a DEX interaction (target: 0x5592eDb9e208e3dc8e376ed1FB7877f40b8Fe08c)
[2m2025-12-10T10:08:07.242957Z[0m [34mDEBUG[0m [2methereum_transaction_pool_monitor::mempool_monitor[0m[2m:[0m 📨 Processing new pending transaction: 0xb03ce7e12925cda629078407d3f5d059fe7d6f47da61c5dcd9fdcc85dc45248d
[2m2025-12-10T10:08:07.242963Z[0m [34mDEBUG[0m [2methereum_transaction_pool_monitor::mempool_monitor[0m[2m:[0m 🔍 Fetching transaction details for: 0xb03ce7e12925cda629078407d3f5d059fe7d6f47da61c5dcd9fdcc85dc45248d
[2m2025-12-10T10:08:07.242968Z[0m [34mDEBUG[0m [2methereum_transaction_pool_monitor::eth_client[0m[2m:[0m 🔍 Fetching transaction details for hash: 0xb03ce7e12925cda629078407d3f5d059fe7d6f47da61c5dcd9fdcc85dc45248d
[2m2025-12-10T10:08:07.242988Z[0m [34mDEBUG[0m [2mhyper::client::pool[0m[2m:[0m reuse idle connection for ("http", 192.168.0.14:8545)
[2m2025-12-10T10:08:07.243035Z[0m [34mDEBUG[0m [2mhyper::proto::h1::io[0m[2m:[0m flushed 250 bytes
[2m2025-12-10T10:08:07.243068Z[0m [34mDEBUG[0m [2mhyper::client::pool[0m[2m:[0m reuse idle connection for ("http", 192.168.0.14:8545)
[2m2025-12-10T10:08:07.243085Z[0m [34mDEBUG[0m [2mhyper::proto::h1::io[0m[2m:[0m flushed 172 bytes
[2m2025-12-10T10:08:07.247939Z[0m [34mDEBUG[0m [2mhyper::proto::h1::io[0m[2m:[0m parsed 4 headers
[2m2025-12-10T10:08:07.247952Z[0m [34mDEBUG[0m [2mhyper::proto::h1::conn[0m[2m:[0m incoming body is content-length (45 bytes)
[2m2025-12-10T10:08:07.247962Z[0m [34mDEBUG[0m [2mhyper::proto::h1::conn[0m[2m:[0m incoming body completed
[2m2025-12-10T10:08:07.247973Z[0m [34mDEBUG[0m [2mhyper::client::pool[0m[2m:[0m pooling idle connection for ("http", 192.168.0.14:8545)
[2m2025-12-10T10:08:07.247995Z[0m [34mDEBUG[0m [2mhyper::proto::h1::io[0m[2m:[0m parsed 4 headers
[2m2025-12-10T10:08:07.247999Z[0m [34mDEBUG[0m [2mhyper::proto::h1::conn[0m[2m:[0m incoming body is content-length (675 bytes)
[2m2025-12-10T10:08:07.248003Z[0m [34mDEBUG[0m [2mhyper::proto::h1::conn[0m[2m:[0m incoming body completed
[2m2025-12-10T10:08:07.248010Z[0m [34mDEBUG[0m [2mhyper::client::pool[0m[2m:[0m pooling idle connection for ("http", 192.168.0.14:8545)
[2m2025-12-10T10:08:07.248017Z[0m [34mDEBUG[0m [2methereum_transaction_pool_monitor::eth_client[0m[2m:[0m 📡 Transaction fetch RPC completed in 5.043375ms
[2m2025-12-10T10:08:07.248030Z[0m [34mDEBUG[0m [2methereum_transaction_pool_monitor::eth_client[0m[2m:[0m DeFi transaction detected - Address: 0xdac17f958d2ee523a2206206994597c13d831ec7, Type: Stablecoin, Value: 0 ETH, Gas: 0.24 Gwei
[2m2025-12-10T10:08:07.248044Z[0m [34mDEBUG[0m [2methereum_transaction_pool_monitor::eth_client[0m[2m:[0m ✅ Transaction 0xb03ce7e12925cda629078407d3f5d059fe7d6f47da61c5dcd9fdcc85dc45248d fetched and parsed in 5.071167ms
[2m2025-12-10T10:08:07.248051Z[0m [34mDEBUG[0m [2methereum_transaction_pool_monitor::mempool_monitor[0m[2m:[0m 🔍 Skipping tx 0xb03ce7e12925cda629078407d3f5d059fe7d6f47da61c5dcd9fdcc85dc45248d - not a DEX interaction (target: 0xdAC17F958D2ee523a2206206994597C13D831ec7)
[2m2025-12-10T10:08:07.248059Z[0m [34mDEBUG[0m [2methereum_transaction_pool_monitor::mempool_monitor[0m[2m:[0m 📨 Processing new pending transaction: 0x79b32a215040f241d4ebdd5fe71838f20fbd8c7eb1db11716a9ea3d821b2ac57
[2m2025-12-10T10:08:07.248065Z[0m [34mDEBUG[0m [2methereum_transaction_pool_monitor::mempool_monitor[0m[2m:[0m 🔍 Fetching transaction details for: 0x79b32a215040f241d4ebdd5fe71838f20fbd8c7eb1db11716a9ea3d821b2ac57
[2m2025-12-10T10:08:07.248070Z[0m [34mDEBUG[0m [2methereum_transaction_pool_monitor::eth_client[0m[2m:[0m 🔍 Fetching transaction details for hash: 0x79b32a215040f241d4ebdd5fe71838f20fbd8c7eb1db11716a9ea3d821b2ac57
[2m2025-12-10T10:08:07.248310Z[0m [34mDEBUG[0m [2mhyper::client::pool[0m[2m:[0m reuse idle connection for ("http", 192.168.0.14:8545)
[2m2025-12-10T10:08:07.248332Z[0m [34mDEBUG[0m [2mhyper::proto::h1::io[0m[2m:[0m flushed 250 bytes
[2m2025-12-10T10:08:07.255316Z[0m [34mDEBUG[0m [2mhyper::proto::h1::io[0m[2m:[0m parsed 4 headers
[2m2025-12-10T10:08:07.255339Z[0m [34mDEBUG[0m [2mhyper::proto::h1::conn[0m[2m:[0m incoming body is content-length (2761 bytes)
[2m2025-12-10T10:08:07.255348Z[0m [34mDEBUG[0m [2mhyper::proto::h1::conn[0m[2m:[0m incoming body completed
[2m2025-12-10T10:08:07.255368Z[0m [34mDEBUG[0m [2mhyper::client::pool[0m[2m:[0m pooling idle connection for ("http", 192.168.0.14:8545)
[2m2025-12-10T10:08:07.255374Z[0m [34mDEBUG[0m [2methereum_transaction_pool_monitor::eth_client[0m[2m:[0m 📡 Transaction fetch RPC completed in 7.0755ms
[2m2025-12-10T10:08:07.327228Z[0m [34mDEBUG[0m [2methereum_transaction_pool_monitor::eth_client[0m[2m:[0m ✅ Transaction 0x79b32a215040f241d4ebdd5fe71838f20fbd8c7eb1db11716a9ea3d821b2ac57 fetched and parsed in 78.926875ms
[2m2025-12-10T10:08:07.327250Z[0m [34mDEBUG[0m [2methereum_transaction_pool_monitor::mempool_monitor[0m[2m:[0m 🔍 Skipping tx 0x79b32a215040f241d4ebdd5fe71838f20fbd8c7eb1db11716a9ea3d821b2ac57 - not a DEX interaction (target: 0x1c479675ad559DC151F6Ec7ed3FbF8ceE79582B6)
[2m2025-12-10T10:08:07.327260Z[0m [34mDEBUG[0m [2methereum_transaction_pool_monitor::mempool_monitor[0m[2m:[0m 📨 Processing new pending transaction: 0x15eb66e52674c937d03324d6e9af706743e2e6e7b7d02546ca24ae754f4ae475
[2m2025-12-10T10:08:07.327265Z[0m [34mDEBUG[0m [2methereum_transaction_pool_monitor::mempool_monitor[0m[2m:[0m 🔍 Fetching transaction details for: 0x15eb66e52674c937d03324d6e9af706743e2e6e7b7d02546ca24ae754f4ae475
[2m2025-12-10T10:08:07.327271Z[0m [34mDEBUG[0m [2methereum_transaction_pool_monitor::eth_client[0m[2m:[0m 🔍 Fetching transaction details for hash: 0x15eb66e52674c937d03324d6e9af706743e2e6e7b7d02546ca24ae754f4ae475
[2m2025-12-10T10:08:07.327290Z[0m [34mDEBUG[0m [2mhyper::client::pool[0m[2m:[0m reuse idle connection for ("http", 192.168.0.14:8545)
[2m2025-12-10T10:08:07.327338Z[0m [34mDEBUG[0m [2mhyper::proto::h1::io[0m[2m:[0m flushed 250 bytes
[2m2025-12-10T10:08:07.327366Z[0m [34mDEBUG[0m [2mhyper::client::pool[0m[2m:[0m reuse idle connection for ("http", 192.168.0.14:8545)
[2m2025-12-10T10:08:07.327380Z[0m [34mDEBUG[0m [2mhyper::proto::h1::io[0m[2m:[0m flushed 172 bytes
[2m2025-12-10T10:08:07.333320Z[0m [34mDEBUG[0m [2mhyper::proto::h1::io[0m[2m:[0m parsed 4 headers
[2m2025-12-10T10:08:07.333342Z[0m [34mDEBUG[0m [2mhyper::proto::h1::conn[0m[2m:[0m incoming body is content-length (772 bytes)
[2m2025-12-10T10:08:07.333350Z[0m [34mDEBUG[0m [2mhyper::proto::h1::conn[0m[2m:[0m incoming body completed
[2m2025-12-10T10:08:07.333361Z[0m [34mDEBUG[0m [2mhyper::client::pool[0m[2m:[0m pooling idle connection for ("http", 192.168.0.14:8545)
[2m2025-12-10T10:08:07.333368Z[0m [34mDEBUG[0m [2methereum_transaction_pool_monitor::eth_client[0m[2m:[0m 📡 Transaction fetch RPC completed in 6.092125ms
[2m2025-12-10T10:08:07.404111Z[0m [34mDEBUG[0m [2methereum_transaction_pool_monitor::eth_client[0m[2m:[0m ✅ Transaction 0x15eb66e52674c937d03324d6e9af706743e2e6e7b7d02546ca24ae754f4ae475 fetched and parsed in 76.831167ms
[2m2025-12-10T10:08:07.404137Z[0m [34mDEBUG[0m [2methereum_transaction_pool_monitor::mempool_monitor[0m[2m:[0m 🔍 Skipping tx 0x15eb66e52674c937d03324d6e9af706743e2e6e7b7d02546ca24ae754f4ae475 - not a DEX interaction (target: 0xB8f28C60dD8240141185a192fa4156A23E189305)
[2m2025-12-10T10:08:07.404148Z[0m [34mDEBUG[0m [2methereum_transaction_pool_monitor::mempool_monitor[0m[2m:[0m 📨 Processing new pending transaction: 0xe64f111d6a8edf4377d5425d2e3e26b543c47dec2720d72c3ad0a7ec5a74e1fe
[2m2025-12-10T10:08:07.404154Z[0m [34mDEBUG[0m [2methereum_transaction_pool_monitor::mempool_monitor[0m[2m:[0m 🔍 Fetching transaction details for: 0xe64f111d6a8edf4377d5425d2e3e26b543c47dec2720d72c3ad0a7ec5a74e1fe
[2m2025-12-10T10:08:07.404159Z[0m [34mDEBUG[0m [2methereum_transaction_pool_monitor::eth_client[0m[2m:[0m 🔍 Fetching transaction details for hash: 0xe64f111d6a8edf4377d5425d2e3e26b543c47dec2720d72c3ad0a7ec5a74e1fe
[2m2025-12-10T10:08:07.404180Z[0m [34mDEBUG[0m [2mhyper::client::pool[0m[2m:[0m reuse idle connection for ("http", 192.168.0.14:8545)
[2m2025-12-10T10:08:07.404224Z[0m [34mDEBUG[0m [2mhyper::proto::h1::io[0m[2m:[0m flushed 250 bytes
[2m2025-12-10T10:08:07.404250Z[0m [34mDEBUG[0m [2methereum_transaction_pool_monitor::eth_client[0m[2m:[0m 📨 Received WebSocket message: {"jsonrpc":"2.0","method":"eth_subscription","params":{"subscription":"0xbed0a0851463e895960a451075a301a9","result":"0x2c19f86b16fbc3010be4dfc10e4027ee32c84bf6b293336d1b922d285ac5f372"}}
[2m2025-12-10T10:08:07.404252Z[0m [34mDEBUG[0m [2mhyper::proto::h1::io[0m[2m:[0m parsed 4 headers
[2m2025-12-10T10:08:07.404258Z[0m [34mDEBUG[0m [2methereum_transaction_pool_monitor::eth_client[0m[2m:[0m 📨 Received pending transaction: 0x2c19f86b16fbc3010be4dfc10e4027ee32c84bf6b293336d1b922d285ac5f372
[2m2025-12-10T10:08:07.404260Z[0m [34mDEBUG[0m [2mhyper::proto::h1::conn[0m[2m:[0m incoming body is content-length (45 bytes)
[2m2025-12-10T10:08:07.404266Z[0m [34mDEBUG[0m [2methereum_transaction_pool_monitor::eth_client[0m[2m:[0m 📨 Received WebSocket message: {"jsonrpc":"2.0","method":"eth_subscription","params":{"subscription":"0xbed0a0851463e895960a451075a301a9","result":"0x0845b96558d9db1b5c451a41c330721c88e6a6a957835b41d6562723e4e57f05"}}
[2m2025-12-10T10:08:07.404270Z[0m [34mDEBUG[0m [2mhyper::proto::h1::conn[0m[2m:[0m incoming body completed
[2m2025-12-10T10:08:07.404274Z[0m [34mDEBUG[0m [2methereum_transaction_pool_monitor::eth_client[0m[2m:[0m 📨 Received pending transaction: 0x0845b96558d9db1b5c451a41c330721c88e6a6a957835b41d6562723e4e57f05
[2m2025-12-10T10:08:07.404280Z[0m [34mDEBUG[0m [2mhyper::client::pool[0m[2m:[0m pooling idle connection for ("http", 192.168.0.14:8545)
[2m2025-12-10T10:08:07.404281Z[0m [34mDEBUG[0m [2methereum_transaction_pool_monitor::eth_client[0m[2m:[0m 📨 Received WebSocket message: {"jsonrpc":"2.0","method":"eth_subscription","params":{"subscription":"0xbed0a0851463e895960a451075a301a9","result":"0x7cb7bc8fee94b7fc7d7e5e3a5e105f61b142864b15fa3ccd8656d7112bdbd43d"}}
[2m2025-12-10T10:08:07.404293Z[0m [34mDEBUG[0m [2methereum_transaction_pool_monitor::eth_client[0m[2m:[0m 📨 Received pending transaction: 0x7cb7bc8fee94b7fc7d7e5e3a5e105f61b142864b15fa3ccd8656d7112bdbd43d
[2m2025-12-10T10:08:07.404298Z[0m [34mDEBUG[0m [2methereum_transaction_pool_monitor::eth_client[0m[2m:[0m 📨 Received WebSocket message: {"jsonrpc":"2.0","method":"eth_subscription","params":{"subscription":"0xbed0a0851463e895960a451075a301a9","result":"0x4f608d820d78d219b43e7ffad49748371871e202dbf5b389ba63a4fd42ac9af5"}}
[2m2025-12-10T10:08:07.404305Z[0m [34mDEBUG[0m [2methereum_transaction_pool_monitor::eth_client[0m[2m:[0m 📨 Received pending transaction: 0x4f608d820d78d219b43e7ffad49748371871e202dbf5b389ba63a4fd42ac9af5
[2m2025-12-10T10:08:07.404299Z[0m [34mDEBUG[0m [2mhyper::client::pool[0m[2m:[0m reuse idle connection for ("http", 192.168.0.14:8545)
[2m2025-12-10T10:08:07.404349Z[0m [34mDEBUG[0m [2mhyper::proto::h1::io[0m[2m:[0m flushed 172 bytes
[2m2025-12-10T10:08:07.411648Z[0m [34mDEBUG[0m [2mhyper::proto::h1::io[0m[2m:[0m parsed 4 headers
[2m2025-12-10T10:08:07.411678Z[0m [34mDEBUG[0m [2mhyper::proto::h1::conn[0m[2m:[0m incoming body is content-length (763 bytes)
[2m2025-12-10T10:08:07.411691Z[0m [34mDEBUG[0m [2mhyper::proto::h1::conn[0m[2m:[0m incoming body completed
[2m2025-12-10T10:08:07.411710Z[0m [34mDEBUG[0m [2mhyper::client::pool[0m[2m:[0m pooling idle connection for ("http", 192.168.0.14:8545)
[2m2025-12-10T10:08:07.411717Z[0m [34mDEBUG[0m [2methereum_transaction_pool_monitor::eth_client[0m[2m:[0m 📡 Transaction fetch RPC completed in 7.554292ms
[2m2025-12-10T10:08:07.482828Z[0m [34mDEBUG[0m [2methereum_transaction_pool_monitor::eth_client[0m[2m:[0m ✅ Transaction 0xe64f111d6a8edf4377d5425d2e3e26b543c47dec2720d72c3ad0a7ec5a74e1fe fetched and parsed in 78.662792ms
[2m2025-12-10T10:08:07.483666Z[0m [34mDEBUG[0m [2methereum_transaction_pool_monitor::mempool_monitor[0m[2m:[0m 🔍 Skipping tx 0xe64f111d6a8edf4377d5425d2e3e26b543c47dec2720d72c3ad0a7ec5a74e1fe - not a DEX interaction (target: 0xA0b86991c6218b36c1d19D4a2e9Eb0cE3606eB48)
[2m2025-12-10T10:08:07.483696Z[0m [34mDEBUG[0m [2methereum_transaction_pool_monitor::mempool_monitor[0m[2m:[0m 📨 Processing new pending transaction: 0x71b302b87a4302ee4ab157ba7974815735ebdc946f77088f74c8fb28ca5c803d
[2m2025-12-10T10:08:07.483704Z[0m [34mDEBUG[0m [2methereum_transaction_pool_monitor::mempool_monitor[0m[2m:[0m 🔍 Fetching transaction details for: 0x71b302b87a4302ee4ab157ba7974815735ebdc946f77088f74c8fb28ca5c803d
[2m2025-12-10T10:08:07.483712Z[0m [34mDEBUG[0m [2methereum_transaction_pool_monitor::eth_client[0m[2m:[0m 🔍 Fetching transaction details for hash: 0x71b302b87a4302ee4ab157ba7974815735ebdc946f77088f74c8fb28ca5c803d
[2m2025-12-10T10:08:07.483741Z[0m [34mDEBUG[0m [2mhyper::client::pool[0m[2m:[0m reuse idle connection for ("http", 192.168.0.14:8545)
[2m2025-12-10T10:08:07.483808Z[0m [34mDEBUG[0m [2mhyper::proto::h1::io[0m[2m:[0m flushed 250 bytes
[2m2025-12-10T10:08:07.483839Z[0m [34mDEBUG[0m [2methereum_transaction_pool_monitor::eth_client[0m[2m:[0m 📨 Received WebSocket message: {"jsonrpc":"2.0","method":"eth_subscription","params":{"subscription":"0xbed0a0851463e895960a451075a301a9","result":"0x79b47daba9d9c414d4bbb093efec1d0fd6f5f436847b89384e5661294797207e"}}
[2m2025-12-10T10:08:07.483843Z[0m [34mDEBUG[0m [2mhyper::proto::h1::io[0m[2m:[0m parsed 4 headers
[2m2025-12-10T10:08:07.483848Z[0m [34mDEBUG[0m [2methereum_transaction_pool_monitor::eth_client[0m[2m:[0m 📨 Received pending transaction: 0x79b47daba9d9c414d4bbb093efec1d0fd6f5f436847b89384e5661294797207e
[2m2025-12-10T10:08:07.483853Z[0m [34mDEBUG[0m [2mhyper::proto::h1::conn[0m[2m:[0m incoming body is content-length (45 bytes)
[2m2025-12-10T10:08:07.483862Z[0m [34mDEBUG[0m [2mhyper::proto::h1::conn[0m[2m:[0m incoming body completed
[2m2025-12-10T10:08:07.483871Z[0m [34mDEBUG[0m [2mhyper::client::pool[0m[2m:[0m pooling idle connection for ("http", 192.168.0.14:8545)
[2m2025-12-10T10:08:07.489167Z[0m [34mDEBUG[0m [2mhyper::proto::h1::io[0m[2m:[0m parsed 4 headers
[2m2025-12-10T10:08:07.489187Z[0m [34mDEBUG[0m [2mhyper::proto::h1::conn[0m[2m:[0m incoming body is content-length (2179 bytes)
[2m2025-12-10T10:08:07.489214Z[0m [34mDEBUG[0m [2methereum_transaction_pool_monitor::eth_client[0m[2m:[0m 📡 Transaction fetch RPC completed in 5.493917ms
[2m2025-12-10T10:08:07.490844Z[0m [34mDEBUG[0m [2mhyper::proto::h1::conn[0m[2m:[0m incoming body completed
[2m2025-12-10T10:08:07.490850Z[0m [34mDEBUG[0m [2mhyper::client::pool[0m[2m:[0m pooling idle connection for ("http", 192.168.0.14:8545)
[2m2025-12-10T10:08:07.496503Z[0m [34mDEBUG[0m [2mhyper::client::pool[0m[2m:[0m reuse idle connection for ("http", 192.168.0.14:8545)
[2m2025-12-10T10:08:07.496541Z[0m [34mDEBUG[0m [2mhyper::proto::h1::io[0m[2m:[0m flushed 172 bytes
[2m2025-12-10T10:08:07.504087Z[0m [34mDEBUG[0m [2mhyper::proto::h1::io[0m[2m:[0m parsed 4 headers
[2m2025-12-10T10:08:07.504097Z[0m [34mDEBUG[0m [2mhyper::proto::h1::conn[0m[2m:[0m incoming body is content-length (45 bytes)
[2m2025-12-10T10:08:07.504104Z[0m [34mDEBUG[0m [2mhyper::proto::h1::conn[0m[2m:[0m incoming body completed
[2m2025-12-10T10:08:07.504112Z[0m [34mDEBUG[0m [2mhyper::client::pool[0m[2m:[0m pooling idle connection for ("http", 192.168.0.14:8545)
[2m2025-12-10T10:08:07.532791Z[0m [34mDEBUG[0m [2methereum_transaction_pool_monitor::eth_client[0m[2m:[0m 📨 Received WebSocket message: {"jsonrpc":"2.0","method":"eth_subscription","params":{"subscription":"0xbed0a0851463e895960a451075a301a9","result":"0xd46ca20df4ca0ab2c04be8e6c16261abaace0a436baf8b31b090f9f15cf9f402"}}
[2m2025-12-10T10:08:07.532819Z[0m [34mDEBUG[0m [2methereum_transaction_pool_monitor::eth_client[0m[2m:[0m 📨 Received pending transaction: 0xd46ca20df4ca0ab2c04be8e6c16261abaace0a436baf8b31b090f9f15cf9f402
[2m2025-12-10T10:08:07.561514Z[0m [34mDEBUG[0m [2methereum_transaction_pool_monitor::eth_client[0m[2m:[0m ✅ Transaction 0x71b302b87a4302ee4ab157ba7974815735ebdc946f77088f74c8fb28ca5c803d fetched and parsed in 77.791875ms
[2m2025-12-10T10:08:07.561539Z[0m [34mDEBUG[0m [2methereum_transaction_pool_monitor::mempool_monitor[0m[2m:[0m 🔍 Skipping tx 0x71b302b87a4302ee4ab157ba7974815735ebdc946f77088f74c8fb28ca5c803d - not a DEX interaction (target: 0x8F65b780a3bB4124b92eCDe19498B138C97146ac)
[2m2025-12-10T10:08:07.561549Z[0m [34mDEBUG[0m [2methereum_transaction_pool_monitor::mempool_monitor[0m[2m:[0m 📨 Processing new pending transaction: 0xa0b0927f55482b8922d487b2dfaf6a8d68d673cb06621be24fa6b4d2d962974d
[2m2025-12-10T10:08:07.561555Z[0m [34mDEBUG[0m [2methereum_transaction_pool_monitor::mempool_monitor[0m[2m:[0m 🔍 Fetching transaction details for: 0xa0b0927f55482b8922d487b2dfaf6a8d68d673cb06621be24fa6b4d2d962974d
[2m2025-12-10T10:08:07.561560Z[0m [34mDEBUG[0m [2methereum_transaction_pool_monitor::eth_client[0m[2m:[0m 🔍 Fetching transaction details for hash: 0xa0b0927f55482b8922d487b2dfaf6a8d68d673cb06621be24fa6b4d2d962974d
[2m2025-12-10T10:08:07.561581Z[0m [34mDEBUG[0m [2mhyper::client::pool[0m[2m:[0m reuse idle connection for ("http", 192.168.0.14:8545)
[2m2025-12-10T10:08:07.561621Z[0m [34mDEBUG[0m [2mhyper::proto::h1::io[0m[2m:[0m flushed 250 bytes
[2m2025-12-10T10:08:07.570901Z[0m [34mDEBUG[0m [2mhyper::proto::h1::io[0m[2m:[0m parsed 4 headers
[2m2025-12-10T10:08:07.570906Z[0m [34mDEBUG[0m [2mhyper::proto::h1::conn[0m[2m:[0m incoming body is content-length (832 bytes)
[2m2025-12-10T10:08:07.570912Z[0m [34mDEBUG[0m [2mhyper::proto::h1::conn[0m[2m:[0m incoming body completed
[2m2025-12-10T10:08:07.570920Z[0m [34mDEBUG[0m [2mhyper::client::pool[0m[2m:[0m pooling idle connection for ("http", 192.168.0.14:8545)
[2m2025-12-10T10:08:07.570925Z[0m [34mDEBUG[0m [2methereum_transaction_pool_monitor::eth_client[0m[2m:[0m 📡 Transaction fetch RPC completed in 9.35975ms
[2m2025-12-10T10:08:07.640794Z[0m [34mDEBUG[0m [2methereum_transaction_pool_monitor::eth_client[0m[2m:[0m ✅ Transaction 0xa0b0927f55482b8922d487b2dfaf6a8d68d673cb06621be24fa6b4d2d962974d fetched and parsed in 79.225667ms
[2m2025-12-10T10:08:07.640814Z[0m [34mDEBUG[0m [2methereum_transaction_pool_monitor::mempool_monitor[0m[2m:[0m 🔍 Skipping tx 0xa0b0927f55482b8922d487b2dfaf6a8d68d673cb06621be24fa6b4d2d962974d - not a DEX interaction (target: 0x3B4D794a66304F130a4Db8F2551B0070dfCf5ca7)
[2m2025-12-10T10:08:07.640824Z[0m [34mDEBUG[0m [2methereum_transaction_pool_monitor::mempool_monitor[0m[2m:[0m 📨 Processing new pending transaction: 0x92d5229b322f720cad70a3353e04385ca498489a5450dae33c8e7762068aedef
[2m2025-12-10T10:08:07.640830Z[0m [34mDEBUG[0m [2methereum_transaction_pool_monitor::mempool_monitor[0m[2m:[0m 🔍 Fetching transaction details for: 0x92d5229b322f720cad70a3353e04385ca498489a5450dae33c8e7762068aedef
[2m2025-12-10T10:08:07.640836Z[0m [34mDEBUG[0m [2methereum_transaction_pool_monitor::eth_client[0m[2m:[0m 🔍 Fetching transaction details for hash: 0x92d5229b322f720cad70a3353e04385ca498489a5450dae33c8e7762068aedef
[2m2025-12-10T10:08:07.640856Z[0m [34mDEBUG[0m [2mhyper::client::pool[0m[2m:[0m reuse idle connection for ("http", 192.168.0.14:8545)
[2m2025-12-10T10:08:07.640898Z[0m [34mDEBUG[0m [2mhyper::proto::h1::io[0m[2m:[0m flushed 250 bytes
[2m2025-12-10T10:08:07.640930Z[0m [34mDEBUG[0m [2mhyper::client::pool[0m[2m:[0m reuse idle connection for ("http", 192.168.0.14:8545)
[2m2025-12-10T10:08:07.641197Z[0m [34mDEBUG[0m [2mhyper::proto::h1::io[0m[2m:[0m flushed 172 bytes
[2m2025-12-10T10:08:07.645728Z[0m [34mDEBUG[0m [2methereum_transaction_pool_monitor::eth_client[0m[2m:[0m 📨 Received WebSocket message: {"jsonrpc":"2.0","method":"eth_subscription","params":{"subscription":"0xbed0a0851463e895960a451075a301a9","result":"0x4fb4f263cf1c5d1493a3e3e39d052e274ae63c583a98b62a61fffe1360929247"}}
[2m2025-12-10T10:08:07.645745Z[0m [34mDEBUG[0m [2methereum_transaction_pool_monitor::eth_client[0m[2m:[0m 📨 Received pending transaction: 0x4fb4f263cf1c5d1493a3e3e39d052e274ae63c583a98b62a61fffe1360929247
[2m2025-12-10T10:08:07.647818Z[0m [34mDEBUG[0m [2mhyper::proto::h1::io[0m[2m:[0m parsed 4 headers
[2m2025-12-10T10:08:07.647824Z[0m [34mDEBUG[0m [2mhyper::proto::h1::conn[0m[2m:[0m incoming body is content-length (45 bytes)
[2m2025-12-10T10:08:07.647834Z[0m [34mDEBUG[0m [2mhyper::proto::h1::conn[0m[2m:[0m incoming body completed
[2m2025-12-10T10:08:07.647847Z[0m [34mDEBUG[0m [2mhyper::client::pool[0m[2m:[0m pooling idle connection for ("http", 192.168.0.14:8545)
[2m2025-12-10T10:08:07.647876Z[0m [34mDEBUG[0m [2mhyper::proto::h1::io[0m[2m:[0m parsed 4 headers
[2m2025-12-10T10:08:07.647880Z[0m [34mDEBUG[0m [2mhyper::proto::h1::conn[0m[2m:[0m incoming body is content-length (644 bytes)
[2m2025-12-10T10:08:07.647884Z[0m [34mDEBUG[0m [2mhyper::proto::h1::conn[0m[2m:[0m incoming body completed
[2m2025-12-10T10:08:07.647889Z[0m [34mDEBUG[0m [2mhyper::client::pool[0m[2m:[0m pooling idle connection for ("http", 192.168.0.14:8545)
[2m2025-12-10T10:08:07.647893Z[0m [34mDEBUG[0m [2methereum_transaction_pool_monitor::eth_client[0m[2m:[0m 📡 Transaction fetch RPC completed in 7.051333ms
[2m2025-12-10T10:08:07.718663Z[0m [34mDEBUG[0m [2methereum_transaction_pool_monitor::eth_client[0m[2m:[0m ✅ Transaction 0x92d5229b322f720cad70a3353e04385ca498489a5450dae33c8e7762068aedef fetched and parsed in 77.818458ms
[2m2025-12-10T10:08:07.718687Z[0m [34mDEBUG[0m [2methereum_transaction_pool_monitor::mempool_monitor[0m[2m:[0m 🔍 Skipping tx 0x92d5229b322f720cad70a3353e04385ca498489a5450dae33c8e7762068aedef - not a DEX interaction (target: 0x17E5545B11b468072283Cee1F066a059Fb0dbF24)
[2m2025-12-10T10:08:07.718699Z[0m [34mDEBUG[0m [2methereum_transaction_pool_monitor::mempool_monitor[0m[2m:[0m 📨 Processing new pending transaction: 0xf5f4fec998733df4a11975c81718c4b52552988765a06645fecec02f4d72fb35
[2m2025-12-10T10:08:07.718705Z[0m [34mDEBUG[0m [2methereum_transaction_pool_monitor::mempool_monitor[0m[2m:[0m 🔍 Fetching transaction details for: 0xf5f4fec998733df4a11975c81718c4b52552988765a06645fecec02f4d72fb35
[2m2025-12-10T10:08:07.718711Z[0m [34mDEBUG[0m [2methereum_transaction_pool_monitor::eth_client[0m[2m:[0m 🔍 Fetching transaction details for hash: 0xf5f4fec998733df4a11975c81718c4b52552988765a06645fecec02f4d72fb35
[2m2025-12-10T10:08:07.718732Z[0m [34mDEBUG[0m [2mhyper::client::pool[0m[2m:[0m reuse idle connection for ("http", 192.168.0.14:8545)
[2m2025-12-10T10:08:07.718777Z[0m [34mDEBUG[0m [2mhyper::proto::h1::io[0m[2m:[0m flushed 250 bytes
[2m2025-12-10T10:08:07.718805Z[0m [34mDEBUG[0m [2mhyper::client::pool[0m[2m:[0m reuse idle connection for ("http", 192.168.0.14:8545)
[2m2025-12-10T10:08:07.718823Z[0m [34mDEBUG[0m [2mhyper::proto::h1::io[0m[2m:[0m flushed 172 bytes
[2m2025-12-10T10:08:07.723044Z[0m [34mDEBUG[0m [2mhyper::proto::h1::io[0m[2m:[0m parsed 4 headers
[2m2025-12-10T10:08:07.723053Z[0m [34mDEBUG[0m [2mhyper::proto::h1::conn[0m[2m:[0m incoming body is content-length (765 bytes)
[2m2025-12-10T10:08:07.723063Z[0m [34mDEBUG[0m [2mhyper::proto::h1::conn[0m[2m:[0m incoming body completed
[2m2025-12-10T10:08:07.723073Z[0m [34mDEBUG[0m [2mhyper::client::pool[0m[2m:[0m pooling idle connection for ("http", 192.168.0.14:8545)
[2m2025-12-10T10:08:07.723080Z[0m [34mDEBUG[0m [2methereum_transaction_pool_monitor::eth_client[0m[2m:[0m 📡 Transaction fetch RPC completed in 4.363458ms
[2m2025-12-10T10:08:07.723099Z[0m [34mDEBUG[0m [2methereum_transaction_pool_monitor::eth_client[0m[2m:[0m DeFi transaction detected - Address: 0xdac17f958d2ee523a2206206994597c13d831ec7, Type: Stablecoin, Value: 0 ETH, Gas: 0.44 Gwei
[2m2025-12-10T10:08:07.723114Z[0m [34mDEBUG[0m [2methereum_transaction_pool_monitor::eth_client[0m[2m:[0m ✅ Transaction 0xf5f4fec998733df4a11975c81718c4b52552988765a06645fecec02f4d72fb35 fetched and parsed in 4.397291ms
[2m2025-12-10T10:08:07.723120Z[0m [34mDEBUG[0m [2methereum_transaction_pool_monitor::mempool_monitor[0m[2m:[0m 🔍 Skipping tx 0xf5f4fec998733df4a11975c81718c4b52552988765a06645fecec02f4d72fb35 - not a DEX interaction (target: 0xdAC17F958D2ee523a2206206994597C13D831ec7)
[2m2025-12-10T10:08:07.723129Z[0m [34mDEBUG[0m [2methereum_transaction_pool_monitor::mempool_monitor[0m[2m:[0m 📨 Processing new pending transaction: 0x01558cfdc92c1b976394b6bafe6f0d4ad98a6fa777567e3e27bf47df5b1ab4cc
[2m2025-12-10T10:08:07.723132Z[0m [34mDEBUG[0m [2methereum_transaction_pool_monitor::mempool_monitor[0m[2m:[0m 🔍 Fetching transaction details for: 0x01558cfdc92c1b976394b6bafe6f0d4ad98a6fa777567e3e27bf47df5b1ab4cc
[2m2025-12-10T10:08:07.723137Z[0m [34mDEBUG[0m [2methereum_transaction_pool_monitor::eth_client[0m[2m:[0m 🔍 Fetching transaction details for hash: 0x01558cfdc92c1b976394b6bafe6f0d4ad98a6fa777567e3e27bf47df5b1ab4cc
[2m2025-12-10T10:08:07.723145Z[0m [34mDEBUG[0m [2mhyper::client::pool[0m[2m:[0m reuse idle connection for ("http", 192.168.0.14:8545)
[2m2025-12-10T10:08:07.723158Z[0m [34mDEBUG[0m [2mhyper::proto::h1::io[0m[2m:[0m flushed 250 bytes
[2m2025-12-10T10:08:07.723167Z[0m [34mDEBUG[0m [2mhyper::proto::h1::io[0m[2m:[0m parsed 4 headers
[2m2025-12-10T10:08:07.723171Z[0m [34mDEBUG[0m [2mhyper::proto::h1::conn[0m[2m:[0m incoming body is content-length (45 bytes)
[2m2025-12-10T10:08:07.723175Z[0m [34mDEBUG[0m [2mhyper::proto::h1::conn[0m[2m:[0m incoming body completed
[2m2025-12-10T10:08:07.723179Z[0m [34mDEBUG[0m [2mhyper::client::pool[0m[2m:[0m pooling idle connection for ("http", 192.168.0.14:8545)
[2m2025-12-10T10:08:07.732178Z[0m [34mDEBUG[0m [2mhyper::proto::h1::io[0m[2m:[0m parsed 4 headers
[2m2025-12-10T10:08:07.732908Z[0m [34mDEBUG[0m [2mhyper::proto::h1::conn[0m[2m:[0m incoming body is content-length (1731 bytes)
[2m2025-12-10T10:08:07.732912Z[0m [34mDEBUG[0m [2mhyper::proto::h1::conn[0m[2m:[0m incoming body completed
[2m2025-12-10T10:08:07.732921Z[0m [34mDEBUG[0m [2mhyper::client::pool[0m[2m:[0m pooling idle connection for ("http", 192.168.0.14:8545)
[2m2025-12-10T10:08:07.732927Z[0m [34mDEBUG[0m [2methereum_transaction_pool_monitor::eth_client[0m[2m:[0m 📡 Transaction fetch RPC completed in 9.78675ms
[2m2025-12-10T10:08:07.803691Z[0m [34mDEBUG[0m [2methereum_transaction_pool_monitor::eth_client[0m[2m:[0m ✅ Transaction 0x01558cfdc92c1b976394b6bafe6f0d4ad98a6fa777567e3e27bf47df5b1ab4cc fetched and parsed in 80.547833ms
[2m2025-12-10T10:08:07.803711Z[0m [34mDEBUG[0m [2methereum_transaction_pool_monitor::mempool_monitor[0m[2m:[0m 🔍 Skipping tx 0x01558cfdc92c1b976394b6bafe6f0d4ad98a6fa777567e3e27bf47df5b1ab4cc - not a DEX interaction (target: 0x601a2aD6CB5949f0529735254189Ba3194221EDF)
[2m2025-12-10T10:08:07.803722Z[0m [34mDEBUG[0m [2methereum_transaction_pool_monitor::mempool_monitor[0m[2m:[0m 📨 Processing new pending transaction: 0x5bbdfc9c07bfc010a92cc09d30c6cb72aa1b1b51ab042fda90fd83d87c192c9c
[2m2025-12-10T10:08:07.803729Z[0m [34mDEBUG[0m [2methereum_transaction_pool_monitor::mempool_monitor[0m[2m:[0m 🔍 Fetching transaction details for: 0x5bbdfc9c07bfc010a92cc09d30c6cb72aa1b1b51ab042fda90fd83d87c192c9c
[2m2025-12-10T10:08:07.803734Z[0m [34mDEBUG[0m [2methereum_transaction_pool_monitor::eth_client[0m[2m:[0m 🔍 Fetching transaction details for hash: 0x5bbdfc9c07bfc010a92cc09d30c6cb72aa1b1b51ab042fda90fd83d87c192c9c
[2m2025-12-10T10:08:07.803751Z[0m [34mDEBUG[0m [2mhyper::client::pool[0m[2m:[0m reuse idle connection for ("http", 192.168.0.14:8545)
[2m2025-12-10T10:08:07.803789Z[0m [34mDEBUG[0m [2mhyper::proto::h1::io[0m[2m:[0m flushed 250 bytes
[2m2025-12-10T10:08:07.803808Z[0m [34mDEBUG[0m [2mhyper::client::pool[0m[2m:[0m reuse idle connection for ("http", 192.168.0.14:8545)
[2m2025-12-10T10:08:07.803823Z[0m [34mDEBUG[0m [2mhyper::proto::h1::io[0m[2m:[0m flushed 172 bytes
[2m2025-12-10T10:08:07.803825Z[0m [34mDEBUG[0m [2methereum_transaction_pool_monitor::eth_client[0m[2m:[0m 📨 Received WebSocket message: {"jsonrpc":"2.0","method":"eth_subscription","params":{"subscription":"0xbed0a0851463e895960a451075a301a9","result":"0x38135b92b223af5ebd885963bb234260741879361b86c802f4fad043bac0dd6a"}}
[2m2025-12-10T10:08:07.803836Z[0m [34mDEBUG[0m [2methereum_transaction_pool_monitor::eth_client[0m[2m:[0m 📨 Received pending transaction: 0x38135b92b223af5ebd885963bb234260741879361b86c802f4fad043bac0dd6a
[2m2025-12-10T10:08:07.807896Z[0m [34mDEBUG[0m [2mhyper::proto::h1::io[0m[2m:[0m parsed 4 headers
[2m2025-12-10T10:08:07.807904Z[0m [34mDEBUG[0m [2mhyper::proto::h1::conn[0m[2m:[0m incoming body is content-length (45 bytes)
[2m2025-12-10T10:08:07.807913Z[0m [34mDEBUG[0m [2mhyper::proto::h1::conn[0m[2m:[0m incoming body completed
[2m2025-12-10T10:08:07.807922Z[0m [34mDEBUG[0m [2mhyper::client::pool[0m[2m:[0m pooling idle connection for ("http", 192.168.0.14:8545)
[2m2025-12-10T10:08:07.808662Z[0m [34mDEBUG[0m [2mhyper::proto::h1::io[0m[2m:[0m parsed 4 headers
[2m2025-12-10T10:08:07.808667Z[0m [34mDEBUG[0m [2mhyper::proto::h1::conn[0m[2m:[0m incoming body is content-length (904 bytes)
[2m2025-12-10T10:08:07.808673Z[0m [34mDEBUG[0m [2mhyper::proto::h1::conn[0m[2m:[0m incoming body completed
[2m2025-12-10T10:08:07.808680Z[0m [34mDEBUG[0m [2mhyper::client::pool[0m[2m:[0m pooling idle connection for ("http", 192.168.0.14:8545)
[2m2025-12-10T10:08:07.808685Z[0m [34mDEBUG[0m [2methereum_transaction_pool_monitor::eth_client[0m[2m:[0m 📡 Transaction fetch RPC completed in 4.947167ms
[2m2025-12-10T10:08:07.879338Z[0m [34mDEBUG[0m [2methereum_transaction_pool_monitor::eth_client[0m[2m:[0m ✅ Transaction 0x5bbdfc9c07bfc010a92cc09d30c6cb72aa1b1b51ab042fda90fd83d87c192c9c fetched and parsed in 75.597667ms
[2m2025-12-10T10:08:07.879362Z[0m [34mDEBUG[0m [2methereum_transaction_pool_monitor::mempool_monitor[0m[2m:[0m 🔍 Skipping tx 0x5bbdfc9c07bfc010a92cc09d30c6cb72aa1b1b51ab042fda90fd83d87c192c9c - not a DEX interaction (target: 0xff00000000000000000000000000000000000480)
[2m2025-12-10T10:08:07.879372Z[0m [34mDEBUG[0m [2methereum_transaction_pool_monitor::mempool_monitor[0m[2m:[0m 📨 Processing new pending transaction: 0x02700b895ce01c779c3860b34f069ca1028addfec60d026252a91d18b3603279
[2m2025-12-10T10:08:07.879379Z[0m [34mDEBUG[0m [2methereum_transaction_pool_monitor::mempool_monitor[0m[2m:[0m 🔍 Fetching transaction details for: 0x02700b895ce01c779c3860b34f069ca1028addfec60d026252a91d18b3603279
[2m2025-12-10T10:08:07.879384Z[0m [34mDEBUG[0m [2methereum_transaction_pool_monitor::eth_client[0m[2m:[0m 🔍 Fetching transaction details for hash: 0x02700b895ce01c779c3860b34f069ca1028addfec60d026252a91d18b3603279
[2m2025-12-10T10:08:07.879403Z[0m [34mDEBUG[0m [2mhyper::client::pool[0m[2m:[0m reuse idle connection for ("http", 192.168.0.14:8545)
[2m2025-12-10T10:08:07.879449Z[0m [34mDEBUG[0m [2mhyper::proto::h1::io[0m[2m:[0m flushed 250 bytes
[2m2025-12-10T10:08:07.883481Z[0m [34mDEBUG[0m [2mhyper::proto::h1::io[0m[2m:[0m parsed 4 headers
[2m2025-12-10T10:08:07.883487Z[0m [34mDEBUG[0m [2mhyper::proto::h1::conn[0m[2m:[0m incoming body is content-length (770 bytes)
[2m2025-12-10T10:08:07.883495Z[0m [34mDEBUG[0m [2mhyper::proto::h1::conn[0m[2m:[0m incoming body completed
[2m2025-12-10T10:08:07.883508Z[0m [34mDEBUG[0m [2mhyper::client::pool[0m[2m:[0m pooling idle connection for ("http", 192.168.0.14:8545)
[2m2025-12-10T10:08:07.883515Z[0m [34mDEBUG[0m [2methereum_transaction_pool_monitor::eth_client[0m[2m:[0m 📡 Transaction fetch RPC completed in 4.126375ms
[2m2025-12-10T10:08:07.953656Z[0m [34mDEBUG[0m [2methereum_transaction_pool_monitor::eth_client[0m[2m:[0m ✅ Transaction 0x02700b895ce01c779c3860b34f069ca1028addfec60d026252a91d18b3603279 fetched and parsed in 74.264666ms
[2m2025-12-10T10:08:07.953683Z[0m [34mDEBUG[0m [2methereum_transaction_pool_monitor::mempool_monitor[0m[2m:[0m 🔍 Skipping tx 0x02700b895ce01c779c3860b34f069ca1028addfec60d026252a91d18b3603279 - not a DEX interaction (target: 0xb7564c24E3123D87134cDD4e16e8653d363a9255)
[2m2025-12-10T10:08:07.953693Z[0m [34mDEBUG[0m [2methereum_transaction_pool_monitor::mempool_monitor[0m[2m:[0m 📨 Processing new pending transaction: 0x8e7b7a2f443a1083c8c419dbc8effe871a7e86f95e3172026cc7e6bfb325a2b3
[2m2025-12-10T10:08:07.953702Z[0m [34mDEBUG[0m [2methereum_transaction_pool_monitor::mempool_monitor[0m[2m:[0m 🔍 Fetching transaction details for: 0x8e7b7a2f443a1083c8c419dbc8effe871a7e86f95e3172026cc7e6bfb325a2b3
[2m2025-12-10T10:08:07.953709Z[0m [34mDEBUG[0m [2methereum_transaction_pool_monitor::eth_client[0m[2m:[0m 🔍 Fetching transaction details for hash: 0x8e7b7a2f443a1083c8c419dbc8effe871a7e86f95e3172026cc7e6bfb325a2b3
[2m2025-12-10T10:08:07.953730Z[0m [34mDEBUG[0m [2mhyper::client::pool[0m[2m:[0m reuse idle connection for ("http", 192.168.0.14:8545)
[2m2025-12-10T10:08:07.953779Z[0m [34mDEBUG[0m [2mhyper::proto::h1::io[0m[2m:[0m flushed 250 bytes
[2m2025-12-10T10:08:07.953799Z[0m [34mDEBUG[0m [2mhyper::client::pool[0m[2m:[0m reuse idle connection for ("http", 192.168.0.14:8545)
[2m2025-12-10T10:08:07.953810Z[0m [34mDEBUG[0m [2methereum_transaction_pool_monitor::eth_client[0m[2m:[0m 📨 Received WebSocket message: {"jsonrpc":"2.0","method":"eth_subscription","params":{"subscription":"0xbed0a0851463e895960a451075a301a9","result":"0xcbe843c148c62620a14d88cd108d2e7f99dfbcb497f3a4caba453ddbbd5fe3af"}}
[2m2025-12-10T10:08:07.953823Z[0m [34mDEBUG[0m [2methereum_transaction_pool_monitor::eth_client[0m[2m:[0m 📨 Received pending transaction: 0xcbe843c148c62620a14d88cd108d2e7f99dfbcb497f3a4caba453ddbbd5fe3af
[2m2025-12-10T10:08:07.953813Z[0m [34mDEBUG[0m [2mhyper::proto::h1::io[0m[2m:[0m flushed 172 bytes
[2m2025-12-10T10:08:07.957467Z[0m [34mDEBUG[0m [2mhyper::proto::h1::io[0m[2m:[0m parsed 4 headers
[2m2025-12-10T10:08:07.957471Z[0m [34mDEBUG[0m [2mhyper::proto::h1::conn[0m[2m:[0m incoming body is content-length (45 bytes)
[2m2025-12-10T10:08:07.957477Z[0m [34mDEBUG[0m [2mhyper::proto::h1::conn[0m[2m:[0m incoming body completed
[2m2025-12-10T10:08:07.957483Z[0m [34mDEBUG[0m [2mhyper::client::pool[0m[2m:[0m pooling idle connection for ("http", 192.168.0.14:8545)
[2m2025-12-10T10:08:07.957497Z[0m [34mDEBUG[0m [2mhyper::proto::h1::io[0m[2m:[0m parsed 4 headers
[2m2025-12-10T10:08:07.957505Z[0m [34mDEBUG[0m [2mhyper::proto::h1::conn[0m[2m:[0m incoming body is content-length (905 bytes)
[2m2025-12-10T10:08:07.957510Z[0m [34mDEBUG[0m [2mhyper::proto::h1::conn[0m[2m:[0m incoming body completed
[2m2025-12-10T10:08:07.957516Z[0m [34mDEBUG[0m [2mhyper::client::pool[0m[2m:[0m pooling idle connection for ("http", 192.168.0.14:8545)
[2m2025-12-10T10:08:07.957521Z[0m [34mDEBUG[0m [2methereum_transaction_pool_monitor::eth_client[0m[2m:[0m 📡 Transaction fetch RPC completed in 3.805ms
[2m2025-12-10T10:08:08.028751Z[0m [34mDEBUG[0m [2methereum_transaction_pool_monitor::eth_client[0m[2m:[0m ✅ Transaction 0x8e7b7a2f443a1083c8c419dbc8effe871a7e86f95e3172026cc7e6bfb325a2b3 fetched and parsed in 75.032041ms
[2m2025-12-10T10:08:08.028776Z[0m [34mDEBUG[0m [2methereum_transaction_pool_monitor::mempool_monitor[0m[2m:[0m 🔍 Skipping tx 0x8e7b7a2f443a1083c8c419dbc8effe871a7e86f95e3172026cc7e6bfb325a2b3 - not a DEX interaction (target: 0xFf00000000000000000000000000000000008453)
[2m2025-12-10T10:08:08.029028Z[0m [34mDEBUG[0m [2methereum_transaction_pool_monitor::mempool_monitor[0m[2m:[0m 📨 Processing new pending transaction: 0xee3c87d78b1b934948df7c7014bd197d3e7edc4f1505c389d32b1e4a28055888
[2m2025-12-10T10:08:08.029037Z[0m [34mDEBUG[0m [2methereum_transaction_pool_monitor::mempool_monitor[0m[2m:[0m 🔍 Fetching transaction details for: 0xee3c87d78b1b934948df7c7014bd197d3e7edc4f1505c389d32b1e4a28055888
[2m2025-12-10T10:08:08.029043Z[0m [34mDEBUG[0m [2methereum_transaction_pool_monitor::eth_client[0m[2m:[0m 🔍 Fetching transaction details for hash: 0xee3c87d78b1b934948df7c7014bd197d3e7edc4f1505c389d32b1e4a28055888
[2m2025-12-10T10:08:08.029063Z[0m [34mDEBUG[0m [2mhyper::client::pool[0m[2m:[0m reuse idle connection for ("http", 192.168.0.14:8545)
[2m2025-12-10T10:08:08.029104Z[0m [34mDEBUG[0m [2mhyper::proto::h1::io[0m[2m:[0m flushed 250 bytes
[2m2025-12-10T10:08:08.029126Z[0m [34mDEBUG[0m [2mhyper::client::pool[0m[2m:[0m reuse idle connection for ("http", 192.168.0.14:8545)
[2m2025-12-10T10:08:08.029136Z[0m [34mDEBUG[0m [2methereum_transaction_pool_monitor::eth_client[0m[2m:[0m 📨 Received WebSocket message: {"jsonrpc":"2.0","method":"eth_subscription","params":{"subscription":"0xbed0a0851463e895960a451075a301a9","result":"0xb8782a0fabf47d5c019678ac36e65f915aae545b39cccc8be59b138af8ab4151"}}
[2m2025-12-10T10:08:08.029140Z[0m [34mDEBUG[0m [2mhyper::proto::h1::io[0m[2m:[0m flushed 172 bytes
[2m2025-12-10T10:08:08.029148Z[0m [34mDEBUG[0m [2methereum_transaction_pool_monitor::eth_client[0m[2m:[0m 📨 Received pending transaction: 0xb8782a0fabf47d5c019678ac36e65f915aae545b39cccc8be59b138af8ab4151
[2m2025-12-10T10:08:08.034741Z[0m [34mDEBUG[0m [2mhyper::proto::h1::io[0m[2m:[0m parsed 4 headers
[2m2025-12-10T10:08:08.034747Z[0m [34mDEBUG[0m [2mhyper::proto::h1::conn[0m[2m:[0m incoming body is content-length (774 bytes)
[2m2025-12-10T10:08:08.034753Z[0m [34mDEBUG[0m [2mhyper::proto::h1::conn[0m[2m:[0m incoming body completed
[2m2025-12-10T10:08:08.034759Z[0m [34mDEBUG[0m [2mhyper::client::pool[0m[2m:[0m pooling idle connection for ("http", 192.168.0.14:8545)
[2m2025-12-10T10:08:08.034765Z[0m [34mDEBUG[0m [2methereum_transaction_pool_monitor::eth_client[0m[2m:[0m 📡 Transaction fetch RPC completed in 5.717333ms
[2m2025-12-10T10:08:08.103477Z[0m [34mDEBUG[0m [2methereum_transaction_pool_monitor::eth_client[0m[2m:[0m ✅ Transaction 0xee3c87d78b1b934948df7c7014bd197d3e7edc4f1505c389d32b1e4a28055888 fetched and parsed in 74.42725ms
[2m2025-12-10T10:08:08.103500Z[0m [34mDEBUG[0m [2methereum_transaction_pool_monitor::mempool_monitor[0m[2m:[0m 🔍 Skipping tx 0xee3c87d78b1b934948df7c7014bd197d3e7edc4f1505c389d32b1e4a28055888 - not a DEX interaction (target: 0xA0b86991c6218b36c1d19D4a2e9Eb0cE3606eB48)
[2m2025-12-10T10:08:08.103509Z[0m [34mDEBUG[0m [2methereum_transaction_pool_monitor::mempool_monitor[0m[2m:[0m 📨 Processing new pending transaction: 0xe548539f0f5436dde333dcfe6cccd7f27fe0440026f8397a53f4047894c8d196
[2m2025-12-10T10:08:08.103514Z[0m [34mDEBUG[0m [2methereum_transaction_pool_monitor::mempool_monitor[0m[2m:[0m 🔍 Fetching transaction details for: 0xe548539f0f5436dde333dcfe6cccd7f27fe0440026f8397a53f4047894c8d196
[2m2025-12-10T10:08:08.103519Z[0m [34mDEBUG[0m [2methereum_transaction_pool_monitor::eth_client[0m[2m:[0m 🔍 Fetching transaction details for hash: 0xe548539f0f5436dde333dcfe6cccd7f27fe0440026f8397a53f4047894c8d196
[2m2025-12-10T10:08:08.103537Z[0m [34mDEBUG[0m [2mhyper::client::pool[0m[2m:[0m reuse idle connection for ("http", 192.168.0.14:8545)
[2m2025-12-10T10:08:08.103581Z[0m [34mDEBUG[0m [2mhyper::proto::h1::io[0m[2m:[0m flushed 250 bytes
[2m2025-12-10T10:08:08.103603Z[0m [34mDEBUG[0m [2mhyper::proto::h1::io[0m[2m:[0m parsed 4 headers
[2m2025-12-10T10:08:08.103607Z[0m [34mDEBUG[0m [2mhyper::proto::h1::conn[0m[2m:[0m incoming body is content-length (45 bytes)
[2m2025-12-10T10:08:08.103613Z[0m [34mDEBUG[0m [2mhyper::proto::h1::conn[0m[2m:[0m incoming body completed
[2m2025-12-10T10:08:08.103612Z[0m [34mDEBUG[0m [2methereum_transaction_pool_monitor::eth_client[0m[2m:[0m 📨 Received WebSocket message: {"jsonrpc":"2.0","method":"eth_subscription","params":{"subscription":"0xbed0a0851463e895960a451075a301a9","result":"0xcd280212d0c2ae46e612d22dfeab2c72ab80898c97ea9cacea7f66bbdfe9d1d5"}}
[2m2025-12-10T10:08:08.103622Z[0m [34mDEBUG[0m [2mhyper::client::pool[0m[2m:[0m pooling idle connection for ("http", 192.168.0.14:8545)
[2m2025-12-10T10:08:08.103632Z[0m [34mDEBUG[0m [2methereum_transaction_pool_monitor::eth_client[0m[2m:[0m 📨 Received pending transaction: 0xcd280212d0c2ae46e612d22dfeab2c72ab80898c97ea9cacea7f66bbdfe9d1d5
[2m2025-12-10T10:08:08.103640Z[0m [34mDEBUG[0m [2methereum_transaction_pool_monitor::eth_client[0m[2m:[0m 📨 Received WebSocket message: {"jsonrpc":"2.0","method":"eth_subscription","params":{"subscription":"0xbed0a0851463e895960a451075a301a9","result":"0x572df0f0acceec1b236bec422f54e3e706b924a47d0436e367871f918503902b"}}
[2m2025-12-10T10:08:08.103643Z[0m [34mDEBUG[0m [2mhyper::client::pool[0m[2m:[0m reuse idle connection for ("http", 192.168.0.14:8545)
[2m2025-12-10T10:08:08.103646Z[0m [34mDEBUG[0m [2methereum_transaction_pool_monitor::eth_client[0m[2m:[0m 📨 Received pending transaction: 0x572df0f0acceec1b236bec422f54e3e706b924a47d0436e367871f918503902b
[2m2025-12-10T10:08:08.103660Z[0m [34mDEBUG[0m [2mhyper::proto::h1::io[0m[2m:[0m flushed 172 bytes
[2m2025-12-10T10:08:08.103675Z[0m [34mDEBUG[0m [2methereum_transaction_pool_monitor::eth_client[0m[2m:[0m 📨 Received WebSocket message: {"jsonrpc":"2.0","method":"eth_subscription","params":{"subscription":"0xbed0a0851463e895960a451075a301a9","result":"0xac323d7fa5221fbb8a5ec6a10f4ce61aa7b71aa39f594bae1d77080c936016d7"}}
[2m2025-12-10T10:08:08.103680Z[0m [34mDEBUG[0m [2methereum_transaction_pool_monitor::eth_client[0m[2m:[0m 📨 Received pending transaction: 0xac323d7fa5221fbb8a5ec6a10f4ce61aa7b71aa39f594bae1d77080c936016d7
[2m2025-12-10T10:08:08.110084Z[0m [34mDEBUG[0m [2mhyper::proto::h1::io[0m[2m:[0m parsed 4 headers
[2m2025-12-10T10:08:08.110090Z[0m [34mDEBUG[0m [2mhyper::proto::h1::conn[0m[2m:[0m incoming body is content-length (45 bytes)
[2m2025-12-10T10:08:08.110095Z[0m [34mDEBUG[0m [2mhyper::proto::h1::conn[0m[2m:[0m incoming body completed
[2m2025-12-10T10:08:08.110100Z[0m [34mDEBUG[0m [2mhyper::client::pool[0m[2m:[0m pooling idle connection for ("http", 192.168.0.14:8545)
[2m2025-12-10T10:08:08.112122Z[0m [34mDEBUG[0m [2mhyper::proto::h1::io[0m[2m:[0m parsed 4 headers
[2m2025-12-10T10:08:08.112139Z[0m [34mDEBUG[0m [2mhyper::proto::h1::conn[0m[2m:[0m incoming body is content-length (1731 bytes)
[2m2025-12-10T10:08:08.112146Z[0m [34mDEBUG[0m [2mhyper::proto::h1::conn[0m[2m:[0m incoming body completed
[2m2025-12-10T10:08:08.112166Z[0m [34mDEBUG[0m [2mhyper::client::pool[0m[2m:[0m pooling idle connection for ("http", 192.168.0.14:8545)
[2m2025-12-10T10:08:08.112171Z[0m [34mDEBUG[0m [2methereum_transaction_pool_monitor::eth_client[0m[2m:[0m 📡 Transaction fetch RPC completed in 8.647083ms
[2m2025-12-10T10:08:08.182850Z[0m [34mDEBUG[0m [2methereum_transaction_pool_monitor::eth_client[0m[2m:[0m ✅ Transaction 0xe548539f0f5436dde333dcfe6cccd7f27fe0440026f8397a53f4047894c8d196 fetched and parsed in 79.3235ms
[2m2025-12-10T10:08:08.182877Z[0m [34mDEBUG[0m [2methereum_transaction_pool_monitor::mempool_monitor[0m[2m:[0m 🔍 Skipping tx 0xe548539f0f5436dde333dcfe6cccd7f27fe0440026f8397a53f4047894c8d196 - not a DEX interaction (target: 0x601a2aD6CB5949f0529735254189Ba3194221EDF)
[2m2025-12-10T10:08:08.182888Z[0m [34mDEBUG[0m [2methereum_transaction_pool_monitor::mempool_monitor[0m[2m:[0m 📨 Processing new pending transaction: 0xd8491f0193f895fa8ae68fd44283b746fdf081451775b9abaddb26a3df798fe0
[2m2025-12-10T10:08:08.182893Z[0m [34mDEBUG[0m [2methereum_transaction_pool_monitor::mempool_monitor[0m[2m:[0m 🔍 Fetching transaction details for: 0xd8491f0193f895fa8ae68fd44283b746fdf081451775b9abaddb26a3df798fe0
[2m2025-12-10T10:08:08.182898Z[0m [34mDEBUG[0m [2methereum_transaction_pool_monitor::eth_client[0m[2m:[0m 🔍 Fetching transaction details for hash: 0xd8491f0193f895fa8ae68fd44283b746fdf081451775b9abaddb26a3df798fe0
[2m2025-12-10T10:08:08.182918Z[0m [34mDEBUG[0m [2mhyper::client::pool[0m[2m:[0m reuse idle connection for ("http", 192.168.0.14:8545)
[2m2025-12-10T10:08:08.182966Z[0m [34mDEBUG[0m [2mhyper::proto::h1::io[0m[2m:[0m flushed 250 bytes
[2m2025-12-10T10:08:08.188263Z[0m [34mDEBUG[0m [2mhyper::proto::h1::io[0m[2m:[0m parsed 4 headers
[2m2025-12-10T10:08:08.188269Z[0m [34mDEBUG[0m [2mhyper::proto::h1::conn[0m[2m:[0m incoming body is content-length (551 bytes)
[2m2025-12-10T10:08:08.188275Z[0m [34mDEBUG[0m [2mhyper::proto::h1::conn[0m[2m:[0m incoming body completed
[2m2025-12-10T10:08:08.188284Z[0m [34mDEBUG[0m [2mhyper::client::pool[0m[2m:[0m pooling idle connection for ("http", 192.168.0.14:8545)
[2m2025-12-10T10:08:08.188289Z[0m [34mDEBUG[0m [2methereum_transaction_pool_monitor::eth_client[0m[2m:[0m 📡 Transaction fetch RPC completed in 5.385833ms
[2m2025-12-10T10:08:08.258193Z[0m [34mDEBUG[0m [2methereum_transaction_pool_monitor::eth_client[0m[2m:[0m ✅ Transaction 0xd8491f0193f895fa8ae68fd44283b746fdf081451775b9abaddb26a3df798fe0 fetched and parsed in 75.287083ms
[2m2025-12-10T10:08:08.258216Z[0m [34mDEBUG[0m [2methereum_transaction_pool_monitor::mempool_monitor[0m[2m:[0m 🔍 Skipping tx 0xd8491f0193f895fa8ae68fd44283b746fdf081451775b9abaddb26a3df798fe0 - not a DEX interaction (target: 0xaF150F07e65418FF7BeC0ECcDF314d741f847af2)
[2m2025-12-10T10:08:08.258226Z[0m [34mDEBUG[0m [2methereum_transaction_pool_monitor::mempool_monitor[0m[2m:[0m 📨 Processing new pending transaction: 0xcd76250312abeeb46820fb36b1902383151f1417487624b14ea6d1048421e170
[2m2025-12-10T10:08:08.258232Z[0m [34mDEBUG[0m [2methereum_transaction_pool_monitor::mempool_monitor[0m[2m:[0m 🔍 Fetching transaction details for: 0xcd76250312abeeb46820fb36b1902383151f1417487624b14ea6d1048421e170
[2m2025-12-10T10:08:08.258236Z[0m [34mDEBUG[0m [2methereum_transaction_pool_monitor::eth_client[0m[2m:[0m 🔍 Fetching transaction details for hash: 0xcd76250312abeeb46820fb36b1902383151f1417487624b14ea6d1048421e170
[2m2025-12-10T10:08:08.258255Z[0m [34mDEBUG[0m [2mhyper::client::pool[0m[2m:[0m reuse idle connection for ("http", 192.168.0.14:8545)
[2m2025-12-10T10:08:08.258301Z[0m [34mDEBUG[0m [2mhyper::proto::h1::io[0m[2m:[0m flushed 250 bytes
[2m2025-12-10T10:08:08.258330Z[0m [34mDEBUG[0m [2mhyper::client::pool[0m[2m:[0m reuse idle connection for ("http", 192.168.0.14:8545)
[2m2025-12-10T10:08:08.258341Z[0m [34mDEBUG[0m [2mhyper::proto::h1::io[0m[2m:[0m flushed 172 bytes
[2m2025-12-10T10:08:08.262897Z[0m [34mDEBUG[0m [2mhyper::proto::h1::io[0m[2m:[0m parsed 4 headers
[2m2025-12-10T10:08:08.262902Z[0m [34mDEBUG[0m [2mhyper::proto::h1::conn[0m[2m:[0m incoming body is content-length (773 bytes)
[2m2025-12-10T10:08:08.262909Z[0m [34mDEBUG[0m [2mhyper::proto::h1::conn[0m[2m:[0m incoming body completed
[2m2025-12-10T10:08:08.262917Z[0m [34mDEBUG[0m [2mhyper::client::pool[0m[2m:[0m pooling idle connection for ("http", 192.168.0.14:8545)
[2m2025-12-10T10:08:08.262922Z[0m [34mDEBUG[0m [2methereum_transaction_pool_monitor::eth_client[0m[2m:[0m 📡 Transaction fetch RPC completed in 4.6805ms
[2m2025-12-10T10:08:08.262937Z[0m [34mDEBUG[0m [2methereum_transaction_pool_monitor::eth_client[0m[2m:[0m DeFi transaction detected - Address: 0xdac17f958d2ee523a2206206994597c13d831ec7, Type: Stablecoin, Value: 0 ETH, Gas: 0.80 Gwei
[2m2025-12-10T10:08:08.262949Z[0m [34mDEBUG[0m [2methereum_transaction_pool_monitor::eth_client[0m[2m:[0m ✅ Transaction 0xcd76250312abeeb46820fb36b1902383151f1417487624b14ea6d1048421e170 fetched and parsed in 4.707584ms
[2m2025-12-10T10:08:08.262953Z[0m [34mDEBUG[0m [2methereum_transaction_pool_monitor::mempool_monitor[0m[2m:[0m 🔍 Skipping tx 0xcd76250312abeeb46820fb36b1902383151f1417487624b14ea6d1048421e170 - not a DEX interaction (target: 0xdAC17F958D2ee523a2206206994597C13D831ec7)
[2m2025-12-10T10:08:08.262959Z[0m [34mDEBUG[0m [2methereum_transaction_pool_monitor::mempool_monitor[0m[2m:[0m 📨 Processing new pending transaction: 0x89b8839cf5e944f6ecb76268d2312d04f43eee8a64be337a1f05cd09f2f2082d
[2m2025-12-10T10:08:08.262962Z[0m [34mDEBUG[0m [2methereum_transaction_pool_monitor::mempool_monitor[0m[2m:[0m 🔍 Fetching transaction details for: 0x89b8839cf5e944f6ecb76268d2312d04f43eee8a64be337a1f05cd09f2f2082d
[2m2025-12-10T10:08:08.262965Z[0m [34mDEBUG[0m [2methereum_transaction_pool_monitor::eth_client[0m[2m:[0m 🔍 Fetching transaction details for hash: 0x89b8839cf5e944f6ecb76268d2312d04f43eee8a64be337a1f05cd09f2f2082d
[2m2025-12-10T10:08:08.262972Z[0m [34mDEBUG[0m [2mhyper::client::pool[0m[2m:[0m reuse idle connection for ("http", 192.168.0.14:8545)
[2m2025-12-10T10:08:08.262983Z[0m [34mDEBUG[0m [2mhyper::proto::h1::io[0m[2m:[0m flushed 250 bytes
[2m2025-12-10T10:08:08.262989Z[0m [34mDEBUG[0m [2mhyper::proto::h1::io[0m[2m:[0m parsed 4 headers
[2m2025-12-10T10:08:08.262992Z[0m [34mDEBUG[0m [2mhyper::proto::h1::conn[0m[2m:[0m incoming body is content-length (45 bytes)
[2m2025-12-10T10:08:08.262995Z[0m [34mDEBUG[0m [2mhyper::proto::h1::conn[0m[2m:[0m incoming body completed
[2m2025-12-10T10:08:08.262999Z[0m [34mDEBUG[0m [2mhyper::client::pool[0m[2m:[0m pooling idle connection for ("http", 192.168.0.14:8545)
[2m2025-12-10T10:08:08.267674Z[0m [34mDEBUG[0m [2mhyper::proto::h1::io[0m[2m:[0m parsed 4 headers
[2m2025-12-10T10:08:08.267679Z[0m [34mDEBUG[0m [2mhyper::proto::h1::conn[0m[2m:[0m incoming body is content-length (769 bytes)
[2m2025-12-10T10:08:08.267683Z[0m [34mDEBUG[0m [2mhyper::proto::h1::conn[0m[2m:[0m incoming body completed
[2m2025-12-10T10:08:08.267689Z[0m [34mDEBUG[0m [2mhyper::client::pool[0m[2m:[0m pooling idle connection for ("http", 192.168.0.14:8545)
[2m2025-12-10T10:08:08.267693Z[0m [34mDEBUG[0m [2methereum_transaction_pool_monitor::eth_client[0m[2m:[0m 📡 Transaction fetch RPC completed in 4.724334ms
[2m2025-12-10T10:08:08.267705Z[0m [34mDEBUG[0m [2methereum_transaction_pool_monitor::eth_client[0m[2m:[0m DeFi transaction detected - Address: 0xdac17f958d2ee523a2206206994597c13d831ec7, Type: Stablecoin, Value: 0 ETH, Gas: 0.33 Gwei
[2m2025-12-10T10:08:08.267714Z[0m [34mDEBUG[0m [2methereum_transaction_pool_monitor::eth_client[0m[2m:[0m ✅ Transaction 0x89b8839cf5e944f6ecb76268d2312d04f43eee8a64be337a1f05cd09f2f2082d fetched and parsed in 4.745459ms
[2m2025-12-10T10:08:08.267718Z[0m [34mDEBUG[0m [2methereum_transaction_pool_monitor::mempool_monitor[0m[2m:[0m 🔍 Skipping tx 0x89b8839cf5e944f6ecb76268d2312d04f43eee8a64be337a1f05cd09f2f2082d - not a DEX interaction (target: 0xdAC17F958D2ee523a2206206994597C13D831ec7)
[2m2025-12-10T10:08:08.267723Z[0m [34mDEBUG[0m [2methereum_transaction_pool_monitor::mempool_monitor[0m[2m:[0m 📨 Processing new pending transaction: 0xbcda64854ed9cdd73cfdf5747d3936af212e0fb524184d0d57d319857680b1ed
[2m2025-12-10T10:08:08.267727Z[0m [34mDEBUG[0m [2methereum_transaction_pool_monitor::mempool_monitor[0m[2m:[0m 🔍 Fetching transaction details for: 0xbcda64854ed9cdd73cfdf5747d3936af212e0fb524184d0d57d319857680b1ed
[2m2025-12-10T10:08:08.267737Z[0m [34mDEBUG[0m [2methereum_transaction_pool_monitor::eth_client[0m[2m:[0m 🔍 Fetching transaction details for hash: 0xbcda64854ed9cdd73cfdf5747d3936af212e0fb524184d0d57d319857680b1ed
[2m2025-12-10T10:08:08.267743Z[0m [34mDEBUG[0m [2mhyper::client::pool[0m[2m:[0m reuse idle connection for ("http", 192.168.0.14:8545)
[2m2025-12-10T10:08:08.268028Z[0m [34mDEBUG[0m [2mhyper::proto::h1::io[0m[2m:[0m flushed 250 bytes
[2m2025-12-10T10:08:08.271648Z[0m [34mDEBUG[0m [2mhyper::proto::h1::io[0m[2m:[0m parsed 4 headers
[2m2025-12-10T10:08:08.271654Z[0m [34mDEBUG[0m [2mhyper::proto::h1::conn[0m[2m:[0m incoming body is content-length (551 bytes)
[2m2025-12-10T10:08:08.271658Z[0m [34mDEBUG[0m [2mhyper::proto::h1::conn[0m[2m:[0m incoming body completed
[2m2025-12-10T10:08:08.271663Z[0m [34mDEBUG[0m [2mhyper::client::pool[0m[2m:[0m pooling idle connection for ("http", 192.168.0.14:8545)
[2m2025-12-10T10:08:08.271667Z[0m [34mDEBUG[0m [2methereum_transaction_pool_monitor::eth_client[0m[2m:[0m 📡 Transaction fetch RPC completed in 3.9265ms
[2m2025-12-10T10:08:08.342258Z[0m [34mDEBUG[0m [2methereum_transaction_pool_monitor::eth_client[0m[2m:[0m ✅ Transaction 0xbcda64854ed9cdd73cfdf5747d3936af212e0fb524184d0d57d319857680b1ed fetched and parsed in 74.514708ms
[2m2025-12-10T10:08:08.342281Z[0m [34mDEBUG[0m [2methereum_transaction_pool_monitor::mempool_monitor[0m[2m:[0m 🔍 Skipping tx 0xbcda64854ed9cdd73cfdf5747d3936af212e0fb524184d0d57d319857680b1ed - not a DEX interaction (target: 0x898Ecd9c5477590cF333e3bd39884F3F7179d59D)
[2m2025-12-10T10:08:08.342291Z[0m [34mDEBUG[0m [2methereum_transaction_pool_monitor::mempool_monitor[0m[2m:[0m 📨 Processing new pending transaction: 0xb95b6257391f8410a93f039fb026415303c2ff94528a06660b3bcc34d2eff6a1
[2m2025-12-10T10:08:08.342297Z[0m [34mDEBUG[0m [2methereum_transaction_pool_monitor::mempool_monitor[0m[2m:[0m 🔍 Fetching transaction details for: 0xb95b6257391f8410a93f039fb026415303c2ff94528a06660b3bcc34d2eff6a1
[2m2025-12-10T10:08:08.342302Z[0m [34mDEBUG[0m [2methereum_transaction_pool_monitor::eth_client[0m[2m:[0m 🔍 Fetching transaction details for hash: 0xb95b6257391f8410a93f039fb026415303c2ff94528a06660b3bcc34d2eff6a1
[2m2025-12-10T10:08:08.342321Z[0m [34mDEBUG[0m [2mhyper::client::pool[0m[2m:[0m reuse idle connection for ("http", 192.168.0.14:8545)
[2m2025-12-10T10:08:08.342369Z[0m [34mDEBUG[0m [2mhyper::proto::h1::io[0m[2m:[0m flushed 250 bytes
[2m2025-12-10T10:08:08.342397Z[0m [34mDEBUG[0m [2mhyper::client::pool[0m[2m:[0m reuse idle connection for ("http", 192.168.0.14:8545)
[2m2025-12-10T10:08:08.342413Z[0m [34mDEBUG[0m [2mhyper::proto::h1::io[0m[2m:[0m flushed 172 bytes
[2m2025-12-10T10:08:08.347242Z[0m [34mDEBUG[0m [2mhyper::proto::h1::io[0m[2m:[0m parsed 4 headers
[2m2025-12-10T10:08:08.347249Z[0m [34mDEBUG[0m [2mhyper::proto::h1::conn[0m[2m:[0m incoming body is content-length (832 bytes)
[2m2025-12-10T10:08:08.347257Z[0m [34mDEBUG[0m [2mhyper::proto::h1::conn[0m[2m:[0m incoming body completed
[2m2025-12-10T10:08:08.347266Z[0m [34mDEBUG[0m [2mhyper::client::pool[0m[2m:[0m pooling idle connection for ("http", 192.168.0.14:8545)
[2m2025-12-10T10:08:08.347271Z[0m [34mDEBUG[0m [2methereum_transaction_pool_monitor::eth_client[0m[2m:[0m 📡 Transaction fetch RPC completed in 4.964709ms
[2m2025-12-10T10:08:08.418496Z[0m [34mDEBUG[0m [2methereum_transaction_pool_monitor::eth_client[0m[2m:[0m ✅ Transaction 0xb95b6257391f8410a93f039fb026415303c2ff94528a06660b3bcc34d2eff6a1 fetched and parsed in 76.185709ms
[2m2025-12-10T10:08:08.418526Z[0m [34mDEBUG[0m [2methereum_transaction_pool_monitor::mempool_monitor[0m[2m:[0m 🔍 Skipping tx 0xb95b6257391f8410a93f039fb026415303c2ff94528a06660b3bcc34d2eff6a1 - not a DEX interaction (target: 0x3B4D794a66304F130a4Db8F2551B0070dfCf5ca7)
[2m2025-12-10T10:08:08.418553Z[0m [34mDEBUG[0m [2methereum_transaction_pool_monitor::mempool_monitor[0m[2m:[0m 📨 Processing new pending transaction: 0x0b8586e2ff42f36637eb519b68c1f19ead8985157b89eb1be25fb370efa3e8f2
[2m2025-12-10T10:08:08.418562Z[0m [34mDEBUG[0m [2methereum_transaction_pool_monitor::mempool_monitor[0m[2m:[0m 🔍 Fetching transaction details for: 0x0b8586e2ff42f36637eb519b68c1f19ead8985157b89eb1be25fb370efa3e8f2
[2m2025-12-10T10:08:08.418569Z[0m [34mDEBUG[0m [2methereum_transaction_pool_monitor::eth_client[0m[2m:[0m 🔍 Fetching transaction details for hash: 0x0b8586e2ff42f36637eb519b68c1f19ead8985157b89eb1be25fb370efa3e8f2
[2m2025-12-10T10:08:08.418590Z[0m [34mDEBUG[0m [2mhyper::client::pool[0m[2m:[0m reuse idle connection for ("http", 192.168.0.14:8545)
[2m2025-12-10T10:08:08.418628Z[0m [34mDEBUG[0m [2mhyper::proto::h1::io[0m[2m:[0m flushed 250 bytes
[2m2025-12-10T10:08:08.418654Z[0m [34mDEBUG[0m [2methereum_transaction_pool_monitor::eth_client[0m[2m:[0m 📨 Received WebSocket message: {"jsonrpc":"2.0","method":"eth_subscription","params":{"subscription":"0xbed0a0851463e895960a451075a301a9","result":"0x1c04f44644d1c6b2e630578d0b8148f2abe50981e5b4cb272da87d8f871be04a"}}
[2m2025-12-10T10:08:08.418664Z[0m [34mDEBUG[0m [2methereum_transaction_pool_monitor::eth_client[0m[2m:[0m 📨 Received pending transaction: 0x1c04f44644d1c6b2e630578d0b8148f2abe50981e5b4cb272da87d8f871be04a
[2m2025-12-10T10:08:08.418663Z[0m [34mDEBUG[0m [2mhyper::proto::h1::io[0m[2m:[0m parsed 4 headers
[2m2025-12-10T10:08:08.418675Z[0m [32m INFO[0m [2methereum_transaction_pool_monitor::eth_client[0m[2m:[0m 📊 WebSocket stats - Total: 178 transactions, Rate: 17.3 tx/s
[2m2025-12-10T10:08:08.418684Z[0m [34mDEBUG[0m [2mhyper::proto::h1::conn[0m[2m:[0m incoming body is content-length (45 bytes)
[2m2025-12-10T10:08:08.418694Z[0m [34mDEBUG[0m [2methereum_transaction_pool_monitor::eth_client[0m[2m:[0m 📨 Received WebSocket message: {"jsonrpc":"2.0","method":"eth_subscription","params":{"subscription":"0xbed0a0851463e895960a451075a301a9","result":"0x47a1ccd7a504fc1d2206fca751ad07ca88c7437b97187d18ec727738c72b123d"}}
[2m2025-12-10T10:08:08.418707Z[0m [34mDEBUG[0m [2mhyper::proto::h1::conn[0m[2m:[0m incoming body completed
[2m2025-12-10T10:08:08.418717Z[0m [34mDEBUG[0m [2methereum_transaction_pool_monitor::eth_client[0m[2m:[0m 📨 Received pending transaction: 0x47a1ccd7a504fc1d2206fca751ad07ca88c7437b97187d18ec727738c72b123d
[2m2025-12-10T10:08:08.418727Z[0m [34mDEBUG[0m [2methereum_transaction_pool_monitor::eth_client[0m[2m:[0m 📨 Received WebSocket message: {"jsonrpc":"2.0","method":"eth_subscription","params":{"subscription":"0xbed0a0851463e895960a451075a301a9","result":"0x43425b96c3201c32e905c8ccbc161630ae7292b5a985e2d8ea687723373c12bd"}}
[2m2025-12-10T10:08:08.418730Z[0m [34mDEBUG[0m [2mhyper::client::pool[0m[2m:[0m pooling idle connection for ("http", 192.168.0.14:8545)
[2m2025-12-10T10:08:08.418734Z[0m [34mDEBUG[0m [2methereum_transaction_pool_monitor::eth_client[0m[2m:[0m 📨 Received pending transaction: 0x43425b96c3201c32e905c8ccbc161630ae7292b5a985e2d8ea687723373c12bd
[2m2025-12-10T10:08:08.418750Z[0m [34mDEBUG[0m [2mhyper::client::pool[0m[2m:[0m reuse idle connection for ("http", 192.168.0.14:8545)
[2m2025-12-10T10:08:08.418764Z[0m [34mDEBUG[0m [2mhyper::proto::h1::io[0m[2m:[0m flushed 172 bytes
[2m2025-12-10T10:08:08.424845Z[0m [34mDEBUG[0m [2mhyper::proto::h1::io[0m[2m:[0m parsed 4 headers
[2m2025-12-10T10:08:08.424875Z[0m [34mDEBUG[0m [2mhyper::proto::h1::conn[0m[2m:[0m incoming body is content-length (552 bytes)
[2m2025-12-10T10:08:08.424893Z[0m [34mDEBUG[0m [2mhyper::proto::h1::conn[0m[2m:[0m incoming body completed
[2m2025-12-10T10:08:08.424900Z[0m [34mDEBUG[0m [2mhyper::client::pool[0m[2m:[0m pooling idle connection for ("http", 192.168.0.14:8545)
[2m2025-12-10T10:08:08.424905Z[0m [34mDEBUG[0m [2methereum_transaction_pool_monitor::eth_client[0m[2m:[0m 📡 Transaction fetch RPC completed in 6.331625ms
[2m2025-12-10T10:08:08.496454Z[0m [34mDEBUG[0m [2methereum_transaction_pool_monitor::eth_client[0m[2m:[0m ✅ Transaction 0x0b8586e2ff42f36637eb519b68c1f19ead8985157b89eb1be25fb370efa3e8f2 fetched and parsed in 77.877916ms
[2m2025-12-10T10:08:08.496478Z[0m [34mDEBUG[0m [2methereum_transaction_pool_monitor::mempool_monitor[0m[2m:[0m 🔍 Skipping tx 0x0b8586e2ff42f36637eb519b68c1f19ead8985157b89eb1be25fb370efa3e8f2 - not a DEX interaction (target: 0xE6b5a43A90f2C4aDF7BB026Af20E8eC347b96eb6)
[2m2025-12-10T10:08:08.496487Z[0m [34mDEBUG[0m [2methereum_transaction_pool_monitor::mempool_monitor[0m[2m:[0m 📨 Processing new pending transaction: 0x243952193e8a0bad1446bb38d7603957c2a1497013dd011e5b07e958e83d60c9
[2m2025-12-10T10:08:08.496495Z[0m [34mDEBUG[0m [2methereum_transaction_pool_monitor::mempool_monitor[0m[2m:[0m 🔍 Fetching transaction details for: 0x243952193e8a0bad1446bb38d7603957c2a1497013dd011e5b07e958e83d60c9
[2m2025-12-10T10:08:08.496500Z[0m [34mDEBUG[0m [2methereum_transaction_pool_monitor::eth_client[0m[2m:[0m 🔍 Fetching transaction details for hash: 0x243952193e8a0bad1446bb38d7603957c2a1497013dd011e5b07e958e83d60c9
[2m2025-12-10T10:08:08.496520Z[0m [34mDEBUG[0m [2mhyper::client::pool[0m[2m:[0m reuse idle connection for ("http", 192.168.0.14:8545)
[2m2025-12-10T10:08:08.496570Z[0m [34mDEBUG[0m [2mhyper::proto::h1::io[0m[2m:[0m flushed 250 bytes
[2m2025-12-10T10:08:08.496588Z[0m [34mDEBUG[0m [2mhyper::proto::h1::io[0m[2m:[0m parsed 4 headers
[2m2025-12-10T10:08:08.496592Z[0m [34mDEBUG[0m [2mhyper::proto::h1::conn[0m[2m:[0m incoming body is content-length (45 bytes)
[2m2025-12-10T10:08:08.496597Z[0m [34mDEBUG[0m [2mhyper::proto::h1::conn[0m[2m:[0m incoming body completed
[2m2025-12-10T10:08:08.496605Z[0m [34mDEBUG[0m [2mhyper::client::pool[0m[2m:[0m pooling idle connection for ("http", 192.168.0.14:8545)
[2m2025-12-10T10:08:08.496620Z[0m [34mDEBUG[0m [2mhyper::client::pool[0m[2m:[0m reuse idle connection for ("http", 192.168.0.14:8545)
[2m2025-12-10T10:08:08.496633Z[0m [34mDEBUG[0m [2mhyper::proto::h1::io[0m[2m:[0m flushed 172 bytes
[2m2025-12-10T10:08:08.502399Z[0m [34mDEBUG[0m [2mhyper::proto::h1::io[0m[2m:[0m parsed 4 headers
[2m2025-12-10T10:08:08.502419Z[0m [34mDEBUG[0m [2mhyper::proto::h1::conn[0m[2m:[0m incoming body is content-length (832 bytes)
[2m2025-12-10T10:08:08.502428Z[0m [34mDEBUG[0m [2mhyper::proto::h1::conn[0m[2m:[0m incoming body completed
[2m2025-12-10T10:08:08.502437Z[0m [34mDEBUG[0m [2mhyper::client::pool[0m[2m:[0m pooling idle connection for ("http", 192.168.0.14:8545)
[2m2025-12-10T10:08:08.502443Z[0m [34mDEBUG[0m [2methereum_transaction_pool_monitor::eth_client[0m[2m:[0m 📡 Transaction fetch RPC completed in 5.938541ms
[2m2025-12-10T10:08:08.574038Z[0m [34mDEBUG[0m [2methereum_transaction_pool_monitor::eth_client[0m[2m:[0m ✅ Transaction 0x243952193e8a0bad1446bb38d7603957c2a1497013dd011e5b07e958e83d60c9 fetched and parsed in 77.531333ms
[2m2025-12-10T10:08:08.574062Z[0m [34mDEBUG[0m [2methereum_transaction_pool_monitor::mempool_monitor[0m[2m:[0m 🔍 Skipping tx 0x243952193e8a0bad1446bb38d7603957c2a1497013dd011e5b07e958e83d60c9 - not a DEX interaction (target: 0x3B4D794a66304F130a4Db8F2551B0070dfCf5ca7)
[2m2025-12-10T10:08:08.574072Z[0m [34mDEBUG[0m [2methereum_transaction_pool_monitor::mempool_monitor[0m[2m:[0m 📨 Processing new pending transaction: 0xe057ed56bace4866167235514ce1d56a46ffabbc913792771fc40fe88b4754f5
[2m2025-12-10T10:08:08.574077Z[0m [34mDEBUG[0m [2methereum_transaction_pool_monitor::mempool_monitor[0m[2m:[0m 🔍 Fetching transaction details for: 0xe057ed56bace4866167235514ce1d56a46ffabbc913792771fc40fe88b4754f5
[2m2025-12-10T10:08:08.574082Z[0m [34mDEBUG[0m [2methereum_transaction_pool_monitor::eth_client[0m[2m:[0m 🔍 Fetching transaction details for hash: 0xe057ed56bace4866167235514ce1d56a46ffabbc913792771fc40fe88b4754f5
[2m2025-12-10T10:08:08.574101Z[0m [34mDEBUG[0m [2mhyper::client::pool[0m[2m:[0m reuse idle connection for ("http", 192.168.0.14:8545)
[2m2025-12-10T10:08:08.574149Z[0m [34mDEBUG[0m [2mhyper::proto::h1::io[0m[2m:[0m flushed 250 bytes
[2m2025-12-10T10:08:08.574163Z[0m [34mDEBUG[0m [2mhyper::proto::h1::io[0m[2m:[0m parsed 4 headers
[2m2025-12-10T10:08:08.574167Z[0m [34mDEBUG[0m [2mhyper::proto::h1::conn[0m[2m:[0m incoming body is content-length (45 bytes)
[2m2025-12-10T10:08:08.574173Z[0m [34mDEBUG[0m [2mhyper::proto::h1::conn[0m[2m:[0m incoming body completed
[2m2025-12-10T10:08:08.574181Z[0m [34mDEBUG[0m [2mhyper::client::pool[0m[2m:[0m pooling idle connection for ("http", 192.168.0.14:8545)
[2m2025-12-10T10:08:08.582760Z[0m [34mDEBUG[0m [2mhyper::proto::h1::io[0m[2m:[0m parsed 4 headers
[2m2025-12-10T10:08:08.584093Z[0m [34mDEBUG[0m [2mhyper::proto::h1::conn[0m[2m:[0m incoming body is content-length (552 bytes)
[2m2025-12-10T10:08:08.584105Z[0m [34mDEBUG[0m [2mhyper::proto::h1::conn[0m[2m:[0m incoming body completed
[2m2025-12-10T10:08:08.584119Z[0m [34mDEBUG[0m [2mhyper::client::pool[0m[2m:[0m pooling idle connection for ("http", 192.168.0.14:8545)
[2m2025-12-10T10:08:08.584130Z[0m [34mDEBUG[0m [2methereum_transaction_pool_monitor::eth_client[0m[2m:[0m 📡 Transaction fetch RPC completed in 10.043917ms
[2m2025-12-10T10:08:08.655831Z[0m [34mDEBUG[0m [2methereum_transaction_pool_monitor::eth_client[0m[2m:[0m ✅ Transaction 0xe057ed56bace4866167235514ce1d56a46ffabbc913792771fc40fe88b4754f5 fetched and parsed in 81.741792ms
[2m2025-12-10T10:08:08.655860Z[0m [34mDEBUG[0m [2methereum_transaction_pool_monitor::mempool_monitor[0m[2m:[0m 🔍 Skipping tx 0xe057ed56bace4866167235514ce1d56a46ffabbc913792771fc40fe88b4754f5 - not a DEX interaction (target: 0xeA9496C9576090A41399Ff9C8c662393CcE405F2)
[2m2025-12-10T10:08:08.655871Z[0m [34mDEBUG[0m [2methereum_transaction_pool_monitor::mempool_monitor[0m[2m:[0m 📨 Processing new pending transaction: 0x55a8ada88695db4bc678fe51bb85524e9185889b429d8736b785ce4a357a003d
[2m2025-12-10T10:08:08.655877Z[0m [34mDEBUG[0m [2methereum_transaction_pool_monitor::mempool_monitor[0m[2m:[0m 🔍 Fetching transaction details for: 0x55a8ada88695db4bc678fe51bb85524e9185889b429d8736b785ce4a357a003d
[2m2025-12-10T10:08:08.655882Z[0m [34mDEBUG[0m [2methereum_transaction_pool_monitor::eth_client[0m[2m:[0m 🔍 Fetching transaction details for hash: 0x55a8ada88695db4bc678fe51bb85524e9185889b429d8736b785ce4a357a003d
[2m2025-12-10T10:08:08.655902Z[0m [34mDEBUG[0m [2mhyper::client::pool[0m[2m:[0m reuse idle connection for ("http", 192.168.0.14:8545)
[2m2025-12-10T10:08:08.655949Z[0m [34mDEBUG[0m [2mhyper::proto::h1::io[0m[2m:[0m flushed 250 bytes
[2m2025-12-10T10:08:08.655973Z[0m [34mDEBUG[0m [2mhyper::client::pool[0m[2m:[0m reuse idle connection for ("http", 192.168.0.14:8545)
[2m2025-12-10T10:08:08.655983Z[0m [34mDEBUG[0m [2methereum_transaction_pool_monitor::eth_client[0m[2m:[0m 📨 Received WebSocket message: {"jsonrpc":"2.0","method":"eth_subscription","params":{"subscription":"0xbed0a0851463e895960a451075a301a9","result":"0xc2772e723cc5a87064ef70b1d7e8af51b97746bcd6e64f2d152f1410ed76240e"}}
[2m2025-12-10T10:08:08.655988Z[0m [34mDEBUG[0m [2mhyper::proto::h1::io[0m[2m:[0m flushed 172 bytes
[2m2025-12-10T10:08:08.655997Z[0m [34mDEBUG[0m [2methereum_transaction_pool_monitor::eth_client[0m[2m:[0m 📨 Received pending transaction: 0xc2772e723cc5a87064ef70b1d7e8af51b97746bcd6e64f2d152f1410ed76240e
[2m2025-12-10T10:08:08.666161Z[0m [34mDEBUG[0m [2mhyper::proto::h1::io[0m[2m:[0m parsed 4 headers
[2m2025-12-10T10:08:08.666173Z[0m [34mDEBUG[0m [2mhyper::proto::h1::conn[0m[2m:[0m incoming body is content-length (3159 bytes)
[2m2025-12-10T10:08:08.666183Z[0m [34mDEBUG[0m [2mhyper::proto::h1::conn[0m[2m:[0m incoming body completed
[2m2025-12-10T10:08:08.666197Z[0m [34mDEBUG[0m [2mhyper::client::pool[0m[2m:[0m pooling idle connection for ("http", 192.168.0.14:8545)
[2m2025-12-10T10:08:08.666207Z[0m [34mDEBUG[0m [2methereum_transaction_pool_monitor::eth_client[0m[2m:[0m 📡 Transaction fetch RPC completed in 10.319917ms
[2m2025-12-10T10:08:08.736312Z[0m [34mDEBUG[0m [2methereum_transaction_pool_monitor::eth_client[0m[2m:[0m ✅ Transaction 0x55a8ada88695db4bc678fe51bb85524e9185889b429d8736b785ce4a357a003d fetched and parsed in 80.422542ms
[2m2025-12-10T10:08:08.736428Z[0m [34mDEBUG[0m [2methereum_transaction_pool_monitor::mempool_monitor[0m[2m:[0m 🔍 Skipping tx 0x55a8ada88695db4bc678fe51bb85524e9185889b429d8736b785ce4a357a003d - not a DEX interaction (target: 0x66a9893cC07D91D95644AEDD05D03f95e1dBA8Af)
[2m2025-12-10T10:08:08.736441Z[0m [34mDEBUG[0m [2methereum_transaction_pool_monitor::mempool_monitor[0m[2m:[0m 📨 Processing new pending transaction: 0xf02530adbb8c1f6a260b310787baaa1af66554851b73631fd9fafea5b176c9e6
[2m2025-12-10T10:08:08.736446Z[0m [34mDEBUG[0m [2methereum_transaction_pool_monitor::mempool_monitor[0m[2m:[0m 🔍 Fetching transaction details for: 0xf02530adbb8c1f6a260b310787baaa1af66554851b73631fd9fafea5b176c9e6
[2m2025-12-10T10:08:08.736451Z[0m [34mDEBUG[0m [2methereum_transaction_pool_monitor::eth_client[0m[2m:[0m 🔍 Fetching transaction details for hash: 0xf02530adbb8c1f6a260b310787baaa1af66554851b73631fd9fafea5b176c9e6
[2m2025-12-10T10:08:08.736471Z[0m [34mDEBUG[0m [2mhyper::client::pool[0m[2m:[0m reuse idle connection for ("http", 192.168.0.14:8545)
[2m2025-12-10T10:08:08.736511Z[0m [34mDEBUG[0m [2mhyper::proto::h1::io[0m[2m:[0m flushed 250 bytes
[2m2025-12-10T10:08:08.736535Z[0m [34mDEBUG[0m [2methereum_transaction_pool_monitor::eth_client[0m[2m:[0m 📨 Received WebSocket message: {"jsonrpc":"2.0","method":"eth_subscription","params":{"subscription":"0xbed0a0851463e895960a451075a301a9","result":"0x905f2f3e10b9ff7689d90d4b40911fd8dbd2dd3632be612a948f30e4f95634d8"}}
[2m2025-12-10T10:08:08.736540Z[0m [34mDEBUG[0m [2mhyper::proto::h1::io[0m[2m:[0m parsed 4 headers
[2m2025-12-10T10:08:08.736543Z[0m [34mDEBUG[0m [2methereum_transaction_pool_monitor::eth_client[0m[2m:[0m 📨 Received pending transaction: 0x905f2f3e10b9ff7689d90d4b40911fd8dbd2dd3632be612a948f30e4f95634d8
[2m2025-12-10T10:08:08.736550Z[0m [34mDEBUG[0m [2mhyper::proto::h1::conn[0m[2m:[0m incoming body is content-length (45 bytes)
[2m2025-12-10T10:08:08.736553Z[0m [34mDEBUG[0m [2methereum_transaction_pool_monitor::eth_client[0m[2m:[0m 📨 Received WebSocket message: {"jsonrpc":"2.0","method":"eth_subscription","params":{"subscription":"0xbed0a0851463e895960a451075a301a9","result":"0x780c528b0b9a2e69008e195530827abe701401b3e665a57fa7d4197ed3548815"}}
[2m2025-12-10T10:08:08.736558Z[0m [34mDEBUG[0m [2mhyper::proto::h1::conn[0m[2m:[0m incoming body completed
[2m2025-12-10T10:08:08.736559Z[0m [34mDEBUG[0m [2methereum_transaction_pool_monitor::eth_client[0m[2m:[0m 📨 Received pending transaction: 0x780c528b0b9a2e69008e195530827abe701401b3e665a57fa7d4197ed3548815
[2m2025-12-10T10:08:08.736569Z[0m [34mDEBUG[0m [2mhyper::client::pool[0m[2m:[0m pooling idle connection for ("http", 192.168.0.14:8545)
[2m2025-12-10T10:08:08.736586Z[0m [34mDEBUG[0m [2mhyper::client::pool[0m[2m:[0m reuse idle connection for ("http", 192.168.0.14:8545)
[2m2025-12-10T10:08:08.736602Z[0m [34mDEBUG[0m [2mhyper::proto::h1::io[0m[2m:[0m flushed 172 bytes
[2m2025-12-10T10:08:08.746848Z[0m [34mDEBUG[0m [2methereum_transaction_pool_monitor::eth_client[0m[2m:[0m 📨 Received WebSocket message: {"jsonrpc":"2.0","method":"eth_subscription","params":{"subscription":"0xbed0a0851463e895960a451075a301a9","result":"0xd638e8a9a747efe5af2b6a809afa8a71052f16ff9d365aa4150c926295f24df2"}}
[2m2025-12-10T10:08:08.746873Z[0m [34mDEBUG[0m [2methereum_transaction_pool_monitor::eth_client[0m[2m:[0m 📨 Received pending transaction: 0xd638e8a9a747efe5af2b6a809afa8a71052f16ff9d365aa4150c926295f24df2
[2m2025-12-10T10:08:08.746898Z[0m [34mDEBUG[0m [2mhyper::proto::h1::io[0m[2m:[0m parsed 4 headers
[2m2025-12-10T10:08:08.746903Z[0m [34mDEBUG[0m [2mhyper::proto::h1::conn[0m[2m:[0m incoming body is content-length (45 bytes)
[2m2025-12-10T10:08:08.746912Z[0m [34mDEBUG[0m [2mhyper::proto::h1::io[0m[2m:[0m parsed 4 headers
[2m2025-12-10T10:08:08.746913Z[0m [34mDEBUG[0m [2mhyper::proto::h1::conn[0m[2m:[0m incoming body completed
[2m2025-12-10T10:08:08.746920Z[0m [34mDEBUG[0m [2mhyper::proto::h1::conn[0m[2m:[0m incoming body is content-length (555 bytes)
[2m2025-12-10T10:08:08.746935Z[0m [34mDEBUG[0m [2mhyper::client::pool[0m[2m:[0m pooling idle connection for ("http", 192.168.0.14:8545)
[2m2025-12-10T10:08:08.746958Z[0m [34mDEBUG[0m [2mhyper::proto::h1::conn[0m[2m:[0m incoming body completed
[2m2025-12-10T10:08:08.746971Z[0m [34mDEBUG[0m [2mhyper::client::pool[0m[2m:[0m pooling idle connection for ("http", 192.168.0.14:8545)
[2m2025-12-10T10:08:08.746976Z[0m [34mDEBUG[0m [2methereum_transaction_pool_monitor::eth_client[0m[2m:[0m 📡 Transaction fetch RPC completed in 10.520875ms
[2m2025-12-10T10:08:08.760834Z[0m [34mDEBUG[0m [2methereum_transaction_pool_monitor::eth_client[0m[2m:[0m 📨 Received WebSocket message: {"jsonrpc":"2.0","method":"eth_subscription","params":{"subscription":"0xbed0a0851463e895960a451075a301a9","result":"0x69571b5f1cb5203fc61c745eecbde5f38fd3fcc0ef319461f7d68fd647784764"}}
[2m2025-12-10T10:08:08.760857Z[0m [34mDEBUG[0m [2methereum_transaction_pool_monitor::eth_client[0m[2m:[0m 📨 Received pending transaction: 0x69571b5f1cb5203fc61c745eecbde5f38fd3fcc0ef319461f7d68fd647784764
[2m2025-12-10T10:08:08.796941Z[0m [34mDEBUG[0m [2mhyper::client::pool[0m[2m:[0m reuse idle connection for ("http", 192.168.0.14:8545)
[2m2025-12-10T10:08:08.800113Z[0m [34mDEBUG[0m [2mhyper::proto::h1::io[0m[2m:[0m flushed 172 bytes
[2m2025-12-10T10:08:08.803048Z[0m [34mDEBUG[0m [2mhyper::proto::h1::io[0m[2m:[0m parsed 4 headers
[2m2025-12-10T10:08:08.803061Z[0m [34mDEBUG[0m [2mhyper::proto::h1::conn[0m[2m:[0m incoming body is content-length (45 bytes)
[2m2025-12-10T10:08:08.803069Z[0m [34mDEBUG[0m [2mhyper::proto::h1::conn[0m[2m:[0m incoming body completed
[2m2025-12-10T10:08:08.803078Z[0m [34mDEBUG[0m [2mhyper::client::pool[0m[2m:[0m pooling idle connection for ("http", 192.168.0.14:8545)
[2m2025-12-10T10:08:08.818568Z[0m [34mDEBUG[0m [2methereum_transaction_pool_monitor::eth_client[0m[2m:[0m ✅ Transaction 0xf02530adbb8c1f6a260b310787baaa1af66554851b73631fd9fafea5b176c9e6 fetched and parsed in 82.110625ms
[2m2025-12-10T10:08:08.818592Z[0m [34mDEBUG[0m [2methereum_transaction_pool_monitor::mempool_monitor[0m[2m:[0m 🔍 Skipping tx 0xf02530adbb8c1f6a260b310787baaa1af66554851b73631fd9fafea5b176c9e6 - not a DEX interaction (target: 0xE3fca6C6f6227aa17301e84c506a2cE689ba8723)
[2m2025-12-10T10:08:08.818603Z[0m [34mDEBUG[0m [2methereum_transaction_pool_monitor::mempool_monitor[0m[2m:[0m 📨 Processing new pending transaction: 0x091989c09873549bec3b088c93fb13b9ba0d9a80dadf54cd19f548665d8c478c
[2m2025-12-10T10:08:08.818822Z[0m [34mDEBUG[0m [2methereum_transaction_pool_monitor::mempool_monitor[0m[2m:[0m 🔍 Fetching transaction details for: 0x091989c09873549bec3b088c93fb13b9ba0d9a80dadf54cd19f548665d8c478c
[2m2025-12-10T10:08:08.818829Z[0m [34mDEBUG[0m [2methereum_transaction_pool_monitor::eth_client[0m[2m:[0m 🔍 Fetching transaction details for hash: 0x091989c09873549bec3b088c93fb13b9ba0d9a80dadf54cd19f548665d8c478c
[2m2025-12-10T10:08:08.818847Z[0m [34mDEBUG[0m [2mhyper::client::pool[0m[2m:[0m reuse idle connection for ("http", 192.168.0.14:8545)
[2m2025-12-10T10:08:08.818893Z[0m [34mDEBUG[0m [2mhyper::proto::h1::io[0m[2m:[0m flushed 250 bytes
[2m2025-12-10T10:08:08.826767Z[0m [34mDEBUG[0m [2mhyper::proto::h1::io[0m[2m:[0m parsed 4 headers
[2m2025-12-10T10:08:08.826795Z[0m [34mDEBUG[0m [2mhyper::proto::h1::conn[0m[2m:[0m incoming body is content-length (832 bytes)
[2m2025-12-10T10:08:08.826815Z[0m [34mDEBUG[0m [2mhyper::proto::h1::conn[0m[2m:[0m incoming body completed
[2m2025-12-10T10:08:08.826839Z[0m [34mDEBUG[0m [2mhyper::client::pool[0m[2m:[0m pooling idle connection for ("http", 192.168.0.14:8545)
[2m2025-12-10T10:08:08.826856Z[0m [34mDEBUG[0m [2methereum_transaction_pool_monitor::eth_client[0m[2m:[0m 📡 Transaction fetch RPC completed in 8.021584ms
[2m2025-12-10T10:08:08.898989Z[0m [34mDEBUG[0m [2methereum_transaction_pool_monitor::eth_client[0m[2m:[0m ✅ Transaction 0x091989c09873549bec3b088c93fb13b9ba0d9a80dadf54cd19f548665d8c478c fetched and parsed in 80.152542ms
[2m2025-12-10T10:08:08.899013Z[0m [34mDEBUG[0m [2methereum_transaction_pool_monitor::mempool_monitor[0m[2m:[0m 🔍 Skipping tx 0x091989c09873549bec3b088c93fb13b9ba0d9a80dadf54cd19f548665d8c478c - not a DEX interaction (target: 0x3B4D794a66304F130a4Db8F2551B0070dfCf5ca7)
[2m2025-12-10T10:08:08.899024Z[0m [34mDEBUG[0m [2methereum_transaction_pool_monitor::mempool_monitor[0m[2m:[0m 📨 Processing new pending transaction: 0x2c19f86b16fbc3010be4dfc10e4027ee32c84bf6b293336d1b922d285ac5f372
[2m2025-12-10T10:08:08.899030Z[0m [34mDEBUG[0m [2methereum_transaction_pool_monitor::mempool_monitor[0m[2m:[0m 🔍 Fetching transaction details for: 0x2c19f86b16fbc3010be4dfc10e4027ee32c84bf6b293336d1b922d285ac5f372
[2m2025-12-10T10:08:08.899036Z[0m [34mDEBUG[0m [2methereum_transaction_pool_monitor::eth_client[0m[2m:[0m 🔍 Fetching transaction details for hash: 0x2c19f86b16fbc3010be4dfc10e4027ee32c84bf6b293336d1b922d285ac5f372
[2m2025-12-10T10:08:08.899055Z[0m [34mDEBUG[0m [2mhyper::client::pool[0m[2m:[0m reuse idle connection for ("http", 192.168.0.14:8545)
[2m2025-12-10T10:08:08.899100Z[0m [34mDEBUG[0m [2mhyper::proto::h1::io[0m[2m:[0m flushed 250 bytes
[2m2025-12-10T10:08:08.899120Z[0m [34mDEBUG[0m [2mhyper::client::pool[0m[2m:[0m reuse idle connection for ("http", 192.168.0.14:8545)
[2m2025-12-10T10:08:08.899134Z[0m [34mDEBUG[0m [2mhyper::proto::h1::io[0m[2m:[0m flushed 172 bytes
[2m2025-12-10T10:08:08.899171Z[0m [34mDEBUG[0m [2methereum_transaction_pool_monitor::eth_client[0m[2m:[0m 📨 Received WebSocket message: {"jsonrpc":"2.0","method":"eth_subscription","params":{"subscription":"0xbed0a0851463e895960a451075a301a9","result":"0xffed16c220a2e2e34043592a4ab9a661510b470ee7f4882eb6e166f6d71d428b"}}
[2m2025-12-10T10:08:08.899180Z[0m [34mDEBUG[0m [2methereum_transaction_pool_monitor::eth_client[0m[2m:[0m 📨 Received pending transaction: 0xffed16c220a2e2e34043592a4ab9a661510b470ee7f4882eb6e166f6d71d428b
[2m2025-12-10T10:08:08.899210Z[0m [34mDEBUG[0m [2methereum_transaction_pool_monitor::eth_client[0m[2m:[0m 📨 Received WebSocket message: {"jsonrpc":"2.0","method":"eth_subscription","params":{"subscription":"0xbed0a0851463e895960a451075a301a9","result":"0x23d3662c3224f544a8a258c45497bce23d2870ad08ad404e878017c86eda5821"}}
[2m2025-12-10T10:08:08.899216Z[0m [34mDEBUG[0m [2methereum_transaction_pool_monitor::eth_client[0m[2m:[0m 📨 Received pending transaction: 0x23d3662c3224f544a8a258c45497bce23d2870ad08ad404e878017c86eda5821
[2m2025-12-10T10:08:08.904072Z[0m [34mDEBUG[0m [2mhyper::proto::h1::io[0m[2m:[0m parsed 4 headers
[2m2025-12-10T10:08:08.904084Z[0m [34mDEBUG[0m [2mhyper::proto::h1::conn[0m[2m:[0m incoming body is content-length (45 bytes)
[2m2025-12-10T10:08:08.904091Z[0m [34mDEBUG[0m [2mhyper::proto::h1::conn[0m[2m:[0m incoming body completed
[2m2025-12-10T10:08:08.904099Z[0m [34mDEBUG[0m [2mhyper::client::pool[0m[2m:[0m pooling idle connection for ("http", 192.168.0.14:8545)
[2m2025-12-10T10:08:08.906310Z[0m [34mDEBUG[0m [2mhyper::proto::h1::io[0m[2m:[0m parsed 4 headers
[2m2025-12-10T10:08:08.906326Z[0m [34mDEBUG[0m [2mhyper::proto::h1::conn[0m[2m:[0m incoming body is content-length (1155 bytes)
[2m2025-12-10T10:08:08.906332Z[0m [34mDEBUG[0m [2mhyper::proto::h1::conn[0m[2m:[0m incoming body completed
[2m2025-12-10T10:08:08.906341Z[0m [34mDEBUG[0m [2mhyper::client::pool[0m[2m:[0m pooling idle connection for ("http", 192.168.0.14:8545)
[2m2025-12-10T10:08:08.906349Z[0m [34mDEBUG[0m [2methereum_transaction_pool_monitor::eth_client[0m[2m:[0m 📡 Transaction fetch RPC completed in 7.308167ms
[2m2025-12-10T10:08:08.978023Z[0m [34mDEBUG[0m [2methereum_transaction_pool_monitor::eth_client[0m[2m:[0m ✅ Transaction 0x2c19f86b16fbc3010be4dfc10e4027ee32c84bf6b293336d1b922d285ac5f372 fetched and parsed in 78.979667ms
[2m2025-12-10T10:08:08.978047Z[0m [34mDEBUG[0m [2methereum_transaction_pool_monitor::mempool_monitor[0m[2m:[0m 🔍 Skipping tx 0x2c19f86b16fbc3010be4dfc10e4027ee32c84bf6b293336d1b922d285ac5f372 - not a DEX interaction (target: 0xF6801D319497789f934ec7F83E142a9536312B08)
[2m2025-12-10T10:08:08.978056Z[0m [34mDEBUG[0m [2methereum_transaction_pool_monitor::mempool_monitor[0m[2m:[0m 📨 Processing new pending transaction: 0x0845b96558d9db1b5c451a41c330721c88e6a6a957835b41d6562723e4e57f05
[2m2025-12-10T10:08:08.978062Z[0m [34mDEBUG[0m [2methereum_transaction_pool_monitor::mempool_monitor[0m[2m:[0m 🔍 Fetching transaction details for: 0x0845b96558d9db1b5c451a41c330721c88e6a6a957835b41d6562723e4e57f05
[2m2025-12-10T10:08:08.978067Z[0m [34mDEBUG[0m [2methereum_transaction_pool_monitor::eth_client[0m[2m:[0m 🔍 Fetching transaction details for hash: 0x0845b96558d9db1b5c451a41c330721c88e6a6a957835b41d6562723e4e57f05
[2m2025-12-10T10:08:08.978086Z[0m [34mDEBUG[0m [2mhyper::client::pool[0m[2m:[0m reuse idle connection for ("http", 192.168.0.14:8545)
[2m2025-12-10T10:08:08.978136Z[0m [34mDEBUG[0m [2mhyper::proto::h1::io[0m[2m:[0m flushed 250 bytes
[2m2025-12-10T10:08:08.978154Z[0m [34mDEBUG[0m [2methereum_transaction_pool_monitor::eth_client[0m[2m:[0m 📨 Received WebSocket message: {"jsonrpc":"2.0","method":"eth_subscription","params":{"subscription":"0xbed0a0851463e895960a451075a301a9","result":"0xa7e95ed9a859938244fc7b6d59d3d62d41ba2eab56abc839a67352e829745a81"}}
[2m2025-12-10T10:08:08.978162Z[0m [34mDEBUG[0m [2methereum_transaction_pool_monitor::eth_client[0m[2m:[0m 📨 Received pending transaction: 0xa7e95ed9a859938244fc7b6d59d3d62d41ba2eab56abc839a67352e829745a81
[2m2025-12-10T10:08:08.984326Z[0m [34mDEBUG[0m [2mhyper::proto::h1::io[0m[2m:[0m parsed 4 headers
[2m2025-12-10T10:08:08.984334Z[0m [34mDEBUG[0m [2mhyper::proto::h1::conn[0m[2m:[0m incoming body is content-length (832 bytes)
[2m2025-12-10T10:08:08.984340Z[0m [34mDEBUG[0m [2mhyper::proto::h1::conn[0m[2m:[0m incoming body completed
[2m2025-12-10T10:08:08.984348Z[0m [34mDEBUG[0m [2mhyper::client::pool[0m[2m:[0m pooling idle connection for ("http", 192.168.0.14:8545)
[2m2025-12-10T10:08:08.984354Z[0m [34mDEBUG[0m [2methereum_transaction_pool_monitor::eth_client[0m[2m:[0m 📡 Transaction fetch RPC completed in 6.281625ms
[2m2025-12-10T10:08:09.055486Z[0m [34mDEBUG[0m [2methereum_transaction_pool_monitor::eth_client[0m[2m:[0m ✅ Transaction 0x0845b96558d9db1b5c451a41c330721c88e6a6a957835b41d6562723e4e57f05 fetched and parsed in 77.410375ms
[2m2025-12-10T10:08:09.055507Z[0m [34mDEBUG[0m [2methereum_transaction_pool_monitor::mempool_monitor[0m[2m:[0m 🔍 Skipping tx 0x0845b96558d9db1b5c451a41c330721c88e6a6a957835b41d6562723e4e57f05 - not a DEX interaction (target: 0x3B4D794a66304F130a4Db8F2551B0070dfCf5ca7)
[2m2025-12-10T10:08:09.055519Z[0m [34mDEBUG[0m [2methereum_transaction_pool_monitor::mempool_monitor[0m[2m:[0m 📨 Processing new pending transaction: 0x7cb7bc8fee94b7fc7d7e5e3a5e105f61b142864b15fa3ccd8656d7112bdbd43d
[2m2025-12-10T10:08:09.055526Z[0m [34mDEBUG[0m [2methereum_transaction_pool_monitor::mempool_monitor[0m[2m:[0m 🔍 Fetching transaction details for: 0x7cb7bc8fee94b7fc7d7e5e3a5e105f61b142864b15fa3ccd8656d7112bdbd43d
[2m2025-12-10T10:08:09.055532Z[0m [34mDEBUG[0m [2methereum_transaction_pool_monitor::eth_client[0m[2m:[0m 🔍 Fetching transaction details for hash: 0x7cb7bc8fee94b7fc7d7e5e3a5e105f61b142864b15fa3ccd8656d7112bdbd43d
[2m2025-12-10T10:08:09.055557Z[0m [34mDEBUG[0m [2mhyper::client::pool[0m[2m:[0m reuse idle connection for ("http", 192.168.0.14:8545)
[2m2025-12-10T10:08:09.055592Z[0m [34mDEBUG[0m [2mhyper::proto::h1::io[0m[2m:[0m flushed 250 bytes
[2m2025-12-10T10:08:09.055638Z[0m [34mDEBUG[0m [2mhyper::client::pool[0m[2m:[0m reuse idle connection for ("http", 192.168.0.14:8545)
[2m2025-12-10T10:08:09.055718Z[0m [34mDEBUG[0m [2mhyper::proto::h1::io[0m[2m:[0m flushed 172 bytes
[2m2025-12-10T10:08:09.060140Z[0m [34mDEBUG[0m [2mhyper::proto::h1::io[0m[2m:[0m parsed 4 headers
[2m2025-12-10T10:08:09.060153Z[0m [34mDEBUG[0m [2mhyper::proto::h1::conn[0m[2m:[0m incoming body is content-length (45 bytes)
[2m2025-12-10T10:08:09.060161Z[0m [34mDEBUG[0m [2mhyper::proto::h1::conn[0m[2m:[0m incoming body completed
[2m2025-12-10T10:08:09.060169Z[0m [34mDEBUG[0m [2mhyper::client::pool[0m[2m:[0m pooling idle connection for ("http", 192.168.0.14:8545)
[2m2025-12-10T10:08:09.060780Z[0m [34mDEBUG[0m [2mhyper::proto::h1::io[0m[2m:[0m parsed 4 headers
[2m2025-12-10T10:08:09.060787Z[0m [34mDEBUG[0m [2mhyper::proto::h1::conn[0m[2m:[0m incoming body is content-length (555 bytes)
[2m2025-12-10T10:08:09.060791Z[0m [34mDEBUG[0m [2mhyper::proto::h1::conn[0m[2m:[0m incoming body completed
[2m2025-12-10T10:08:09.060798Z[0m [34mDEBUG[0m [2mhyper::client::pool[0m[2m:[0m pooling idle connection for ("http", 192.168.0.14:8545)
[2m2025-12-10T10:08:09.060803Z[0m [34mDEBUG[0m [2methereum_transaction_pool_monitor::eth_client[0m[2m:[0m 📡 Transaction fetch RPC completed in 5.264334ms
[2m2025-12-10T10:08:09.132461Z[0m [34mDEBUG[0m [2methereum_transaction_pool_monitor::eth_client[0m[2m:[0m ✅ Transaction 0x7cb7bc8fee94b7fc7d7e5e3a5e105f61b142864b15fa3ccd8656d7112bdbd43d fetched and parsed in 76.919584ms
[2m2025-12-10T10:08:09.132482Z[0m [34mDEBUG[0m [2methereum_transaction_pool_monitor::mempool_monitor[0m[2m:[0m 🔍 Skipping tx 0x7cb7bc8fee94b7fc7d7e5e3a5e105f61b142864b15fa3ccd8656d7112bdbd43d - not a DEX interaction (target: 0x6866e2Bb72e66357e7Ce08B0553e43DCd6C91f58)
[2m2025-12-10T10:08:09.132495Z[0m [34mDEBUG[0m [2methereum_transaction_pool_monitor::mempool_monitor[0m[2m:[0m 📨 Processing new pending transaction: 0x4f608d820d78d219b43e7ffad49748371871e202dbf5b389ba63a4fd42ac9af5
[2m2025-12-10T10:08:09.132500Z[0m [34mDEBUG[0m [2methereum_transaction_pool_monitor::mempool_monitor[0m[2m:[0m 🔍 Fetching transaction details for: 0x4f608d820d78d219b43e7ffad49748371871e202dbf5b389ba63a4fd42ac9af5
[2m2025-12-10T10:08:09.132505Z[0m [34mDEBUG[0m [2methereum_transaction_pool_monitor::eth_client[0m[2m:[0m 🔍 Fetching transaction details for hash: 0x4f608d820d78d219b43e7ffad49748371871e202dbf5b389ba63a4fd42ac9af5
[2m2025-12-10T10:08:09.132524Z[0m [34mDEBUG[0m [2mhyper::client::pool[0m[2m:[0m reuse idle connection for ("http", 192.168.0.14:8545)
[2m2025-12-10T10:08:09.132571Z[0m [34mDEBUG[0m [2mhyper::proto::h1::io[0m[2m:[0m flushed 250 bytes
[2m2025-12-10T10:08:09.132600Z[0m [34mDEBUG[0m [2mhyper::client::pool[0m[2m:[0m reuse idle connection for ("http", 192.168.0.14:8545)
[2m2025-12-10T10:08:09.132615Z[0m [34mDEBUG[0m [2mhyper::proto::h1::io[0m[2m:[0m flushed 172 bytes
[2m2025-12-10T10:08:09.136795Z[0m [34mDEBUG[0m [2mhyper::proto::h1::io[0m[2m:[0m parsed 4 headers
[2m2025-12-10T10:08:09.136808Z[0m [34mDEBUG[0m [2mhyper::proto::h1::conn[0m[2m:[0m incoming body is content-length (45 bytes)
[2m2025-12-10T10:08:09.136815Z[0m [34mDEBUG[0m [2mhyper::proto::h1::conn[0m[2m:[0m incoming body completed
[2m2025-12-10T10:08:09.136824Z[0m [34mDEBUG[0m [2mhyper::client::pool[0m[2m:[0m pooling idle connection for ("http", 192.168.0.14:8545)
[2m2025-12-10T10:08:09.137708Z[0m [34mDEBUG[0m [2mhyper::proto::h1::io[0m[2m:[0m parsed 4 headers
[2m2025-12-10T10:08:09.137725Z[0m [34mDEBUG[0m [2mhyper::proto::h1::conn[0m[2m:[0m incoming body is content-length (771 bytes)
[2m2025-12-10T10:08:09.137734Z[0m [34mDEBUG[0m [2mhyper::proto::h1::conn[0m[2m:[0m incoming body completed
[2m2025-12-10T10:08:09.137743Z[0m [34mDEBUG[0m [2mhyper::client::pool[0m[2m:[0m pooling idle connection for ("http", 192.168.0.14:8545)
[2m2025-12-10T10:08:09.137750Z[0m [34mDEBUG[0m [2methereum_transaction_pool_monitor::eth_client[0m[2m:[0m 📡 Transaction fetch RPC completed in 5.239875ms
[2m2025-12-10T10:08:09.209684Z[0m [34mDEBUG[0m [2methereum_transaction_pool_monitor::eth_client[0m[2m:[0m ✅ Transaction 0x4f608d820d78d219b43e7ffad49748371871e202dbf5b389ba63a4fd42ac9af5 fetched and parsed in 77.171292ms
[2m2025-12-10T10:08:09.209709Z[0m [34mDEBUG[0m [2methereum_transaction_pool_monitor::mempool_monitor[0m[2m:[0m 🔍 Skipping tx 0x4f608d820d78d219b43e7ffad49748371871e202dbf5b389ba63a4fd42ac9af5 - not a DEX interaction (target: 0xA0b86991c6218b36c1d19D4a2e9Eb0cE3606eB48)
[2m2025-12-10T10:08:09.209718Z[0m [34mDEBUG[0m [2methereum_transaction_pool_monitor::mempool_monitor[0m[2m:[0m 📨 Processing new pending transaction: 0x79b47daba9d9c414d4bbb093efec1d0fd6f5f436847b89384e5661294797207e
[2m2025-12-10T10:08:09.209724Z[0m [34mDEBUG[0m [2methereum_transaction_pool_monitor::mempool_monitor[0m[2m:[0m 🔍 Fetching transaction details for: 0x79b47daba9d9c414d4bbb093efec1d0fd6f5f436847b89384e5661294797207e
[2m2025-12-10T10:08:09.209729Z[0m [34mDEBUG[0m [2methereum_transaction_pool_monitor::eth_client[0m[2m:[0m 🔍 Fetching transaction details for hash: 0x79b47daba9d9c414d4bbb093efec1d0fd6f5f436847b89384e5661294797207e
[2m2025-12-10T10:08:09.209750Z[0m [34mDEBUG[0m [2mhyper::client::pool[0m[2m:[0m reuse idle connection for ("http", 192.168.0.14:8545)
[2m2025-12-10T10:08:09.209798Z[0m [34mDEBUG[0m [2mhyper::proto::h1::io[0m[2m:[0m flushed 250 bytes
[2m2025-12-10T10:08:09.209820Z[0m [34mDEBUG[0m [2mhyper::client::pool[0m[2m:[0m reuse idle connection for ("http", 192.168.0.14:8545)
[2m2025-12-10T10:08:09.209835Z[0m [34mDEBUG[0m [2mhyper::proto::h1::io[0m[2m:[0m flushed 172 bytes
[2m2025-12-10T10:08:09.209848Z[0m [34mDEBUG[0m [2methereum_transaction_pool_monitor::eth_client[0m[2m:[0m 📨 Received WebSocket message: {"jsonrpc":"2.0","method":"eth_subscription","params":{"subscription":"0xbed0a0851463e895960a451075a301a9","result":"0x07e48d6b3c94dcbcf4ee8a97e72911a8fec5666114ee0107e3081e0326f70d74"}}
[2m2025-12-10T10:08:09.209857Z[0m [34mDEBUG[0m [2methereum_transaction_pool_monitor::eth_client[0m[2m:[0m 📨 Received pending transaction: 0x07e48d6b3c94dcbcf4ee8a97e72911a8fec5666114ee0107e3081e0326f70d74
[2m2025-12-10T10:08:09.215690Z[0m [34mDEBUG[0m [2mhyper::proto::h1::io[0m[2m:[0m parsed 4 headers
[2m2025-12-10T10:08:09.215705Z[0m [34mDEBUG[0m [2mhyper::proto::h1::conn[0m[2m:[0m incoming body is content-length (45 bytes)
[2m2025-12-10T10:08:09.215717Z[0m [34mDEBUG[0m [2mhyper::proto::h1::conn[0m[2m:[0m incoming body completed
[2m2025-12-10T10:08:09.215734Z[0m [34mDEBUG[0m [2mhyper::client::pool[0m[2m:[0m pooling idle connection for ("http", 192.168.0.14:8545)
[2m2025-12-10T10:08:09.216404Z[0m [34mDEBUG[0m [2mhyper::proto::h1::io[0m[2m:[0m parsed 4 headers
[2m2025-12-10T10:08:09.216422Z[0m [34mDEBUG[0m [2mhyper::proto::h1::conn[0m[2m:[0m incoming body is content-length (774 bytes)
[2m2025-12-10T10:08:09.216438Z[0m [34mDEBUG[0m [2mhyper::proto::h1::conn[0m[2m:[0m incoming body completed
[2m2025-12-10T10:08:09.216470Z[0m [34mDEBUG[0m [2mhyper::client::pool[0m[2m:[0m pooling idle connection for ("http", 192.168.0.14:8545)
[2m2025-12-10T10:08:09.216489Z[0m [34mDEBUG[0m [2methereum_transaction_pool_monitor::eth_client[0m[2m:[0m 📡 Transaction fetch RPC completed in 6.754875ms
[2m2025-12-10T10:08:09.288313Z[0m [34mDEBUG[0m [2methereum_transaction_pool_monitor::eth_client[0m[2m:[0m ✅ Transaction 0x79b47daba9d9c414d4bbb093efec1d0fd6f5f436847b89384e5661294797207e fetched and parsed in 78.574ms
[2m2025-12-10T10:08:09.288361Z[0m [34mDEBUG[0m [2methereum_transaction_pool_monitor::mempool_monitor[0m[2m:[0m 🔍 Skipping tx 0x79b47daba9d9c414d4bbb093efec1d0fd6f5f436847b89384e5661294797207e - not a DEX interaction (target: 0x4C19596f5aAfF459fA38B0f7eD92F11AE6543784)
[2m2025-12-10T10:08:09.288378Z[0m [34mDEBUG[0m [2methereum_transaction_pool_monitor::mempool_monitor[0m[2m:[0m 📨 Processing new pending transaction: 0xd46ca20df4ca0ab2c04be8e6c16261abaace0a436baf8b31b090f9f15cf9f402
[2m2025-12-10T10:08:09.288386Z[0m [34mDEBUG[0m [2methereum_transaction_pool_monitor::mempool_monitor[0m[2m:[0m 🔍 Fetching transaction details for: 0xd46ca20df4ca0ab2c04be8e6c16261abaace0a436baf8b31b090f9f15cf9f402
[2m2025-12-10T10:08:09.288392Z[0m [34mDEBUG[0m [2methereum_transaction_pool_monitor::eth_client[0m[2m:[0m 🔍 Fetching transaction details for hash: 0xd46ca20df4ca0ab2c04be8e6c16261abaace0a436baf8b31b090f9f15cf9f402
[2m2025-12-10T10:08:09.288414Z[0m [34mDEBUG[0m [2mhyper::client::pool[0m[2m:[0m reuse idle connection for ("http", 192.168.0.14:8545)
[2m2025-12-10T10:08:09.288449Z[0m [34mDEBUG[0m [2mhyper::proto::h1::io[0m[2m:[0m flushed 250 bytes
[2m2025-12-10T10:08:09.294506Z[0m [34mDEBUG[0m [2mhyper::proto::h1::io[0m[2m:[0m parsed 4 headers
[2m2025-12-10T10:08:09.294520Z[0m [34mDEBUG[0m [2mhyper::proto::h1::conn[0m[2m:[0m incoming body is content-length (649 bytes)
[2m2025-12-10T10:08:09.294531Z[0m [34mDEBUG[0m [2mhyper::proto::h1::conn[0m[2m:[0m incoming body completed
[2m2025-12-10T10:08:09.294544Z[0m [34mDEBUG[0m [2mhyper::client::pool[0m[2m:[0m pooling idle connection for ("http", 192.168.0.14:8545)
[2m2025-12-10T10:08:09.294552Z[0m [34mDEBUG[0m [2methereum_transaction_pool_monitor::eth_client[0m[2m:[0m 📡 Transaction fetch RPC completed in 6.154167ms
[2m2025-12-10T10:08:09.366934Z[0m [34mDEBUG[0m [2methereum_transaction_pool_monitor::eth_client[0m[2m:[0m ✅ Transaction 0xd46ca20df4ca0ab2c04be8e6c16261abaace0a436baf8b31b090f9f15cf9f402 fetched and parsed in 78.533292ms
[2m2025-12-10T10:08:09.366958Z[0m [34mDEBUG[0m [2methereum_transaction_pool_monitor::mempool_monitor[0m[2m:[0m 🔍 Skipping tx 0xd46ca20df4ca0ab2c04be8e6c16261abaace0a436baf8b31b090f9f15cf9f402 - not a DEX interaction (target: 0xd03206991591000a05282f5ba716df5f182A43A3)
[2m2025-12-10T10:08:09.366969Z[0m [34mDEBUG[0m [2methereum_transaction_pool_monitor::mempool_monitor[0m[2m:[0m 📨 Processing new pending transaction: 0x4fb4f263cf1c5d1493a3e3e39d052e274ae63c583a98b62a61fffe1360929247
[2m2025-12-10T10:08:09.366975Z[0m [34mDEBUG[0m [2methereum_transaction_pool_monitor::mempool_monitor[0m[2m:[0m 🔍 Fetching transaction details for: 0x4fb4f263cf1c5d1493a3e3e39d052e274ae63c583a98b62a61fffe1360929247
[2m2025-12-10T10:08:09.366980Z[0m [34mDEBUG[0m [2methereum_transaction_pool_monitor::eth_client[0m[2m:[0m 🔍 Fetching transaction details for hash: 0x4fb4f263cf1c5d1493a3e3e39d052e274ae63c583a98b62a61fffe1360929247
[2m2025-12-10T10:08:09.367003Z[0m [34mDEBUG[0m [2mhyper::client::pool[0m[2m:[0m reuse idle connection for ("http", 192.168.0.14:8545)
[2m2025-12-10T10:08:09.367054Z[0m [34mDEBUG[0m [2mhyper::proto::h1::io[0m[2m:[0m flushed 250 bytes
[2m2025-12-10T10:08:09.367076Z[0m [34mDEBUG[0m [2mhyper::client::pool[0m[2m:[0m reuse idle connection for ("http", 192.168.0.14:8545)
[2m2025-12-10T10:08:09.367088Z[0m [34mDEBUG[0m [2methereum_transaction_pool_monitor::eth_client[0m[2m:[0m 📨 Received WebSocket message: {"jsonrpc":"2.0","method":"eth_subscription","params":{"subscription":"0xbed0a0851463e895960a451075a301a9","result":"0x9ed4d13f83158febb163878cb85400a8958a2415f78c779130c445514b25e414"}}
[2m2025-12-10T10:08:09.367091Z[0m [34mDEBUG[0m [2mhyper::proto::h1::io[0m[2m:[0m flushed 172 bytes
[2m2025-12-10T10:08:09.367101Z[0m [34mDEBUG[0m [2methereum_transaction_pool_monitor::eth_client[0m[2m:[0m 📨 Received pending transaction: 0x9ed4d13f83158febb163878cb85400a8958a2415f78c779130c445514b25e414
[2m2025-12-10T10:08:09.370413Z[0m [34mDEBUG[0m [2mhyper::proto::h1::io[0m[2m:[0m parsed 4 headers
[2m2025-12-10T10:08:09.370419Z[0m [34mDEBUG[0m [2mhyper::proto::h1::conn[0m[2m:[0m incoming body is content-length (45 bytes)
[2m2025-12-10T10:08:09.370426Z[0m [34mDEBUG[0m [2mhyper::proto::h1::conn[0m[2m:[0m incoming body completed
[2m2025-12-10T10:08:09.370433Z[0m [34mDEBUG[0m [2mhyper::client::pool[0m[2m:[0m pooling idle connection for ("http", 192.168.0.14:8545)
[2m2025-12-10T10:08:09.375299Z[0m [34mDEBUG[0m [2mhyper::proto::h1::io[0m[2m:[0m parsed 4 headers
[2m2025-12-10T10:08:09.375313Z[0m [34mDEBUG[0m [2mhyper::proto::h1::conn[0m[2m:[0m incoming body is content-length (838 bytes)
[2m2025-12-10T10:08:09.375319Z[0m [34mDEBUG[0m [2mhyper::proto::h1::conn[0m[2m:[0m incoming body completed
[2m2025-12-10T10:08:09.375326Z[0m [34mDEBUG[0m [2mhyper::client::pool[0m[2m:[0m pooling idle connection for ("http", 192.168.0.14:8545)
[2m2025-12-10T10:08:09.375332Z[0m [34mDEBUG[0m [2methereum_transaction_pool_monitor::eth_client[0m[2m:[0m 📡 Transaction fetch RPC completed in 8.346709ms
[2m2025-12-10T10:08:09.446839Z[0m [34mDEBUG[0m [2methereum_transaction_pool_monitor::eth_client[0m[2m:[0m ✅ Transaction 0x4fb4f263cf1c5d1493a3e3e39d052e274ae63c583a98b62a61fffe1360929247 fetched and parsed in 79.850834ms
[2m2025-12-10T10:08:09.450466Z[0m [34mDEBUG[0m [2methereum_transaction_pool_monitor::mempool_monitor[0m[2m:[0m 🔍 Skipping tx 0x4fb4f263cf1c5d1493a3e3e39d052e274ae63c583a98b62a61fffe1360929247 - not a DEX interaction (target: 0xA0b86991c6218b36c1d19D4a2e9Eb0cE3606eB48)
[2m2025-12-10T10:08:09.450481Z[0m [34mDEBUG[0m [2methereum_transaction_pool_monitor::mempool_monitor[0m[2m:[0m 📨 Processing new pending transaction: 0x38135b92b223af5ebd885963bb234260741879361b86c802f4fad043bac0dd6a
[2m2025-12-10T10:08:09.450489Z[0m [34mDEBUG[0m [2methereum_transaction_pool_monitor::mempool_monitor[0m[2m:[0m 🔍 Fetching transaction details for: 0x38135b92b223af5ebd885963bb234260741879361b86c802f4fad043bac0dd6a
[2m2025-12-10T10:08:09.450496Z[0m [34mDEBUG[0m [2methereum_transaction_pool_monitor::eth_client[0m[2m:[0m 🔍 Fetching transaction details for hash: 0x38135b92b223af5ebd885963bb234260741879361b86c802f4fad043bac0dd6a
[2m2025-12-10T10:08:09.450519Z[0m [34mDEBUG[0m [2mhyper::client::pool[0m[2m:[0m reuse idle connection for ("http", 192.168.0.14:8545)
[2m2025-12-10T10:08:09.450571Z[0m [34mDEBUG[0m [2mhyper::proto::h1::io[0m[2m:[0m flushed 250 bytes
[2m2025-12-10T10:08:09.450593Z[0m [34mDEBUG[0m [2mhyper::client::pool[0m[2m:[0m reuse idle connection for ("http", 192.168.0.14:8545)
[2m2025-12-10T10:08:09.450609Z[0m [34mDEBUG[0m [2mhyper::proto::h1::io[0m[2m:[0m flushed 172 bytes
[2m2025-12-10T10:08:09.450617Z[0m [34mDEBUG[0m [2methereum_transaction_pool_monitor::eth_client[0m[2m:[0m 📨 Received WebSocket message: {"jsonrpc":"2.0","method":"eth_subscription","params":{"subscription":"0xbed0a0851463e895960a451075a301a9","result":"0x97912224b66a9517ca35ca07004f16aa3cd4487d3e132b617a05d028179bc63e"}}
[2m2025-12-10T10:08:09.450628Z[0m [34mDEBUG[0m [2methereum_transaction_pool_monitor::eth_client[0m[2m:[0m 📨 Received pending transaction: 0x97912224b66a9517ca35ca07004f16aa3cd4487d3e132b617a05d028179bc63e
[2m2025-12-10T10:08:09.454856Z[0m [34mDEBUG[0m [2mhyper::proto::h1::io[0m[2m:[0m parsed 4 headers
[2m2025-12-10T10:08:09.454863Z[0m [34mDEBUG[0m [2mhyper::proto::h1::conn[0m[2m:[0m incoming body is content-length (45 bytes)
[2m2025-12-10T10:08:09.454870Z[0m [34mDEBUG[0m [2mhyper::proto::h1::conn[0m[2m:[0m incoming body completed
[2m2025-12-10T10:08:09.454878Z[0m [34mDEBUG[0m [2mhyper::client::pool[0m[2m:[0m pooling idle connection for ("http", 192.168.0.14:8545)
[2m2025-12-10T10:08:09.455603Z[0m [34mDEBUG[0m [2mhyper::proto::h1::io[0m[2m:[0m parsed 4 headers
[2m2025-12-10T10:08:09.455609Z[0m [34mDEBUG[0m [2mhyper::proto::h1::conn[0m[2m:[0m incoming body is content-length (832 bytes)
[2m2025-12-10T10:08:09.455617Z[0m [34mDEBUG[0m [2mhyper::proto::h1::conn[0m[2m:[0m incoming body completed
[2m2025-12-10T10:08:09.455625Z[0m [34mDEBUG[0m [2mhyper::client::pool[0m[2m:[0m pooling idle connection for ("http", 192.168.0.14:8545)
[2m2025-12-10T10:08:09.455630Z[0m [34mDEBUG[0m [2methereum_transaction_pool_monitor::eth_client[0m[2m:[0m 📡 Transaction fetch RPC completed in 5.127458ms
[2m2025-12-10T10:08:09.528078Z[0m [34mDEBUG[0m [2methereum_transaction_pool_monitor::eth_client[0m[2m:[0m ✅ Transaction 0x38135b92b223af5ebd885963bb234260741879361b86c802f4fad043bac0dd6a fetched and parsed in 77.572833ms
[2m2025-12-10T10:08:09.528107Z[0m [34mDEBUG[0m [2methereum_transaction_pool_monitor::mempool_monitor[0m[2m:[0m 🔍 Skipping tx 0x38135b92b223af5ebd885963bb234260741879361b86c802f4fad043bac0dd6a - not a DEX interaction (target: 0x3B4D794a66304F130a4Db8F2551B0070dfCf5ca7)
[2m2025-12-10T10:08:09.528119Z[0m [34mDEBUG[0m [2methereum_transaction_pool_monitor::mempool_monitor[0m[2m:[0m 📨 Processing new pending transaction: 0xcbe843c148c62620a14d88cd108d2e7f99dfbcb497f3a4caba453ddbbd5fe3af
[2m2025-12-10T10:08:09.528127Z[0m [34mDEBUG[0m [2methereum_transaction_pool_monitor::mempool_monitor[0m[2m:[0m 🔍 Fetching transaction details for: 0xcbe843c148c62620a14d88cd108d2e7f99dfbcb497f3a4caba453ddbbd5fe3af
[2m2025-12-10T10:08:09.528136Z[0m [34mDEBUG[0m [2methereum_transaction_pool_monitor::eth_client[0m[2m:[0m 🔍 Fetching transaction details for hash: 0xcbe843c148c62620a14d88cd108d2e7f99dfbcb497f3a4caba453ddbbd5fe3af
[2m2025-12-10T10:08:09.528158Z[0m [34mDEBUG[0m [2mhyper::client::pool[0m[2m:[0m reuse idle connection for ("http", 192.168.0.14:8545)
[2m2025-12-10T10:08:09.528213Z[0m [34mDEBUG[0m [2mhyper::proto::h1::io[0m[2m:[0m flushed 250 bytes
[2m2025-12-10T10:08:09.528237Z[0m [34mDEBUG[0m [2mhyper::client::pool[0m[2m:[0m reuse idle connection for ("http", 192.168.0.14:8545)
[2m2025-12-10T10:08:09.528249Z[0m [34mDEBUG[0m [2methereum_transaction_pool_monitor::eth_client[0m[2m:[0m 📨 Received WebSocket message: {"jsonrpc":"2.0","method":"eth_subscription","params":{"subscription":"0xbed0a0851463e895960a451075a301a9","result":"0x6b38eee9380413f83e35d7c8fc71323156bb0e725c5889b8d33138a347b11433"}}
[2m2025-12-10T10:08:09.528252Z[0m [34mDEBUG[0m [2mhyper::proto::h1::io[0m[2m:[0m flushed 172 bytes
[2m2025-12-10T10:08:09.528261Z[0m [34mDEBUG[0m [2methereum_transaction_pool_monitor::eth_client[0m[2m:[0m 📨 Received pending transaction: 0x6b38eee9380413f83e35d7c8fc71323156bb0e725c5889b8d33138a347b11433
[2m2025-12-10T10:08:09.531634Z[0m [34mDEBUG[0m [2mhyper::proto::h1::io[0m[2m:[0m parsed 4 headers
[2m2025-12-10T10:08:09.531645Z[0m [34mDEBUG[0m [2mhyper::proto::h1::conn[0m[2m:[0m incoming body is content-length (45 bytes)
[2m2025-12-10T10:08:09.531652Z[0m [34mDEBUG[0m [2mhyper::proto::h1::conn[0m[2m:[0m incoming body completed
[2m2025-12-10T10:08:09.531660Z[0m [34mDEBUG[0m [2mhyper::client::pool[0m[2m:[0m pooling idle connection for ("http", 192.168.0.14:8545)
[2m2025-12-10T10:08:09.533544Z[0m [34mDEBUG[0m [2mhyper::proto::h1::io[0m[2m:[0m parsed 4 headers
[2m2025-12-10T10:08:09.533551Z[0m [34mDEBUG[0m [2mhyper::proto::h1::conn[0m[2m:[0m incoming body is content-length (556 bytes)
[2m2025-12-10T10:08:09.533558Z[0m [34mDEBUG[0m [2mhyper::proto::h1::conn[0m[2m:[0m incoming body completed
[2m2025-12-10T10:08:09.533565Z[0m [34mDEBUG[0m [2mhyper::client::pool[0m[2m:[0m pooling idle connection for ("http", 192.168.0.14:8545)
[2m2025-12-10T10:08:09.533570Z[0m [34mDEBUG[0m [2methereum_transaction_pool_monitor::eth_client[0m[2m:[0m 📡 Transaction fetch RPC completed in 5.427208ms
[2m2025-12-10T10:08:09.605131Z[0m [34mDEBUG[0m [2methereum_transaction_pool_monitor::eth_client[0m[2m:[0m ✅ Transaction 0xcbe843c148c62620a14d88cd108d2e7f99dfbcb497f3a4caba453ddbbd5fe3af fetched and parsed in 76.98575ms
[2m2025-12-10T10:08:09.605159Z[0m [34mDEBUG[0m [2methereum_transaction_pool_monitor::mempool_monitor[0m[2m:[0m 🔍 Skipping tx 0xcbe843c148c62620a14d88cd108d2e7f99dfbcb497f3a4caba453ddbbd5fe3af - not a DEX interaction (target: 0x340c8C985071A2966aA8763840Ed8C9daA4adAd9)
[2m2025-12-10T10:08:09.605168Z[0m [34mDEBUG[0m [2methereum_transaction_pool_monitor::mempool_monitor[0m[2m:[0m 📨 Processing new pending transaction: 0xb8782a0fabf47d5c019678ac36e65f915aae545b39cccc8be59b138af8ab4151
[2m2025-12-10T10:08:09.605172Z[0m [34mDEBUG[0m [2methereum_transaction_pool_monitor::mempool_monitor[0m[2m:[0m 🔍 Fetching transaction details for: 0xb8782a0fabf47d5c019678ac36e65f915aae545b39cccc8be59b138af8ab4151
[2m2025-12-10T10:08:09.605181Z[0m [34mDEBUG[0m [2methereum_transaction_pool_monitor::eth_client[0m[2m:[0m 🔍 Fetching transaction details for hash: 0xb8782a0fabf47d5c019678ac36e65f915aae545b39cccc8be59b138af8ab4151
[2m2025-12-10T10:08:09.605199Z[0m [34mDEBUG[0m [2mhyper::client::pool[0m[2m:[0m reuse idle connection for ("http", 192.168.0.14:8545)
[2m2025-12-10T10:08:09.605241Z[0m [34mDEBUG[0m [2mhyper::proto::h1::io[0m[2m:[0m flushed 250 bytes
[2m2025-12-10T10:08:09.605260Z[0m [34mDEBUG[0m [2mhyper::client::pool[0m[2m:[0m reuse idle connection for ("http", 192.168.0.14:8545)
[2m2025-12-10T10:08:09.605274Z[0m [34mDEBUG[0m [2mhyper::proto::h1::io[0m[2m:[0m flushed 172 bytes
[2m2025-12-10T10:08:09.605276Z[0m [34mDEBUG[0m [2methereum_transaction_pool_monitor::eth_client[0m[2m:[0m 📨 Received WebSocket message: {"jsonrpc":"2.0","method":"eth_subscription","params":{"subscription":"0xbed0a0851463e895960a451075a301a9","result":"0x0a250442b33f560abff3e3df3742da75d30424063ebdb2c473665241fbfafdf3"}}
[2m2025-12-10T10:08:09.605288Z[0m [34mDEBUG[0m [2methereum_transaction_pool_monitor::eth_client[0m[2m:[0m 📨 Received pending transaction: 0x0a250442b33f560abff3e3df3742da75d30424063ebdb2c473665241fbfafdf3
[2m2025-12-10T10:08:09.610707Z[0m [34mDEBUG[0m [2mhyper::proto::h1::io[0m[2m:[0m parsed 4 headers
[2m2025-12-10T10:08:09.610716Z[0m [34mDEBUG[0m [2mhyper::proto::h1::conn[0m[2m:[0m incoming body is content-length (832 bytes)
[2m2025-12-10T10:08:09.610723Z[0m [34mDEBUG[0m [2mhyper::proto::h1::conn[0m[2m:[0m incoming body completed
[2m2025-12-10T10:08:09.610732Z[0m [34mDEBUG[0m [2mhyper::client::pool[0m[2m:[0m pooling idle connection for ("http", 192.168.0.14:8545)
[2m2025-12-10T10:08:09.610739Z[0m [34mDEBUG[0m [2methereum_transaction_pool_monitor::eth_client[0m[2m:[0m 📡 Transaction fetch RPC completed in 5.553541ms
[2m2025-12-10T10:08:09.681524Z[0m [34mDEBUG[0m [2methereum_transaction_pool_monitor::eth_client[0m[2m:[0m ✅ Transaction 0xb8782a0fabf47d5c019678ac36e65f915aae545b39cccc8be59b138af8ab4151 fetched and parsed in 76.335958ms
[2m2025-12-10T10:08:09.681553Z[0m [34mDEBUG[0m [2methereum_transaction_pool_monitor::mempool_monitor[0m[2m:[0m 🔍 Skipping tx 0xb8782a0fabf47d5c019678ac36e65f915aae545b39cccc8be59b138af8ab4151 - not a DEX interaction (target: 0x3B4D794a66304F130a4Db8F2551B0070dfCf5ca7)
[2m2025-12-10T10:08:09.681566Z[0m [34mDEBUG[0m [2methereum_transaction_pool_monitor::mempool_monitor[0m[2m:[0m 📨 Processing new pending transaction: 0xcd280212d0c2ae46e612d22dfeab2c72ab80898c97ea9cacea7f66bbdfe9d1d5
[2m2025-12-10T10:08:09.681574Z[0m [34mDEBUG[0m [2methereum_transaction_pool_monitor::mempool_monitor[0m[2m:[0m 🔍 Fetching transaction details for: 0xcd280212d0c2ae46e612d22dfeab2c72ab80898c97ea9cacea7f66bbdfe9d1d5
[2m2025-12-10T10:08:09.681580Z[0m [34mDEBUG[0m [2methereum_transaction_pool_monitor::eth_client[0m[2m:[0m 🔍 Fetching transaction details for hash: 0xcd280212d0c2ae46e612d22dfeab2c72ab80898c97ea9cacea7f66bbdfe9d1d5
[2m2025-12-10T10:08:09.681603Z[0m [34mDEBUG[0m [2mhyper::client::pool[0m[2m:[0m reuse idle connection for ("http", 192.168.0.14:8545)
[2m2025-12-10T10:08:09.681662Z[0m [34mDEBUG[0m [2mhyper::proto::h1::io[0m[2m:[0m flushed 250 bytes
[2m2025-12-10T10:08:09.681692Z[0m [34mDEBUG[0m [2methereum_transaction_pool_monitor::eth_client[0m[2m:[0m 📨 Received WebSocket message: {"jsonrpc":"2.0","method":"eth_subscription","params":{"subscription":"0xbed0a0851463e895960a451075a301a9","result":"0x4221343e9765971f0c0d3cb705654a40a78777db90ba920d86d25aff67a1d6b1"}}
[2m2025-12-10T10:08:09.681702Z[0m [34mDEBUG[0m [2methereum_transaction_pool_monitor::eth_client[0m[2m:[0m 📨 Received pending transaction: 0x4221343e9765971f0c0d3cb705654a40a78777db90ba920d86d25aff67a1d6b1
[2m2025-12-10T10:08:09.681749Z[0m [34mDEBUG[0m [2mhyper::proto::h1::io[0m[2m:[0m parsed 4 headers
[2m2025-12-10T10:08:09.681755Z[0m [34mDEBUG[0m [2mhyper::proto::h1::conn[0m[2m:[0m incoming body is content-length (45 bytes)
[2m2025-12-10T10:08:09.681763Z[0m [34mDEBUG[0m [2mhyper::proto::h1::conn[0m[2m:[0m incoming body completed
[2m2025-12-10T10:08:09.681772Z[0m [34mDEBUG[0m [2mhyper::client::pool[0m[2m:[0m pooling idle connection for ("http", 192.168.0.14:8545)
[2m2025-12-10T10:08:09.686387Z[0m [34mDEBUG[0m [2mhyper::proto::h1::io[0m[2m:[0m parsed 4 headers
[2m2025-12-10T10:08:09.686431Z[0m [34mDEBUG[0m [2mhyper::proto::h1::conn[0m[2m:[0m incoming body is content-length (771 bytes)
[2m2025-12-10T10:08:09.686466Z[0m [34mDEBUG[0m [2mhyper::proto::h1::conn[0m[2m:[0m incoming body completed
[2m2025-12-10T10:08:09.686477Z[0m [34mDEBUG[0m [2mhyper::client::pool[0m[2m:[0m pooling idle connection for ("http", 192.168.0.14:8545)
[2m2025-12-10T10:08:09.686482Z[0m [34mDEBUG[0m [2methereum_transaction_pool_monitor::eth_client[0m[2m:[0m 📡 Transaction fetch RPC completed in 4.898167ms
[2m2025-12-10T10:08:09.757419Z[0m [34mDEBUG[0m [2methereum_transaction_pool_monitor::eth_client[0m[2m:[0m ✅ Transaction 0xcd280212d0c2ae46e612d22dfeab2c72ab80898c97ea9cacea7f66bbdfe9d1d5 fetched and parsed in 75.832417ms
[2m2025-12-10T10:08:09.757446Z[0m [34mDEBUG[0m [2methereum_transaction_pool_monitor::mempool_monitor[0m[2m:[0m 🔍 Skipping tx 0xcd280212d0c2ae46e612d22dfeab2c72ab80898c97ea9cacea7f66bbdfe9d1d5 - not a DEX interaction (target: 0xB8f28C60dD8240141185a192fa4156A23E189305)
[2m2025-12-10T10:08:09.757456Z[0m [34mDEBUG[0m [2methereum_transaction_pool_monitor::mempool_monitor[0m[2m:[0m 📨 Processing new pending transaction: 0x572df0f0acceec1b236bec422f54e3e706b924a47d0436e367871f918503902b
[2m2025-12-10T10:08:09.757467Z[0m [34mDEBUG[0m [2methereum_transaction_pool_monitor::mempool_monitor[0m[2m:[0m 🔍 Fetching transaction details for: 0x572df0f0acceec1b236bec422f54e3e706b924a47d0436e367871f918503902b
[2m2025-12-10T10:08:09.757473Z[0m [34mDEBUG[0m [2methereum_transaction_pool_monitor::eth_client[0m[2m:[0m 🔍 Fetching transaction details for hash: 0x572df0f0acceec1b236bec422f54e3e706b924a47d0436e367871f918503902b
[2m2025-12-10T10:08:09.757495Z[0m [34mDEBUG[0m [2mhyper::client::pool[0m[2m:[0m reuse idle connection for ("http", 192.168.0.14:8545)
[2m2025-12-10T10:08:09.757542Z[0m [34mDEBUG[0m [2mhyper::proto::h1::io[0m[2m:[0m flushed 250 bytes
[2m2025-12-10T10:08:09.757562Z[0m [34mDEBUG[0m [2mhyper::client::pool[0m[2m:[0m reuse idle connection for ("http", 192.168.0.14:8545)
[2m2025-12-10T10:08:09.757575Z[0m [34mDEBUG[0m [2mhyper::proto::h1::io[0m[2m:[0m flushed 172 bytes
[2m2025-12-10T10:08:09.757591Z[0m [34mDEBUG[0m [2methereum_transaction_pool_monitor::eth_client[0m[2m:[0m 📨 Received WebSocket message: {"jsonrpc":"2.0","method":"eth_subscription","params":{"subscription":"0xbed0a0851463e895960a451075a301a9","result":"0x8408976c824cce76363d86c9b1d3901bfdcacaef52ed367b82903dae53b50a15"}}
[2m2025-12-10T10:08:09.757600Z[0m [34mDEBUG[0m [2methereum_transaction_pool_monitor::eth_client[0m[2m:[0m 📨 Received pending transaction: 0x8408976c824cce76363d86c9b1d3901bfdcacaef52ed367b82903dae53b50a15
[2m2025-12-10T10:08:09.757606Z[0m [34mDEBUG[0m [2methereum_transaction_pool_monitor::eth_client[0m[2m:[0m 📨 Received WebSocket message: {"jsonrpc":"2.0","method":"eth_subscription","params":{"subscription":"0xbed0a0851463e895960a451075a301a9","result":"0xb243614ff7a5f547c91f06a27b2f6d69c7aa608dce60d79afb191c337526886d"}}
[2m2025-12-10T10:08:09.757611Z[0m [34mDEBUG[0m [2methereum_transaction_pool_monitor::eth_client[0m[2m:[0m 📨 Received pending transaction: 0xb243614ff7a5f547c91f06a27b2f6d69c7aa608dce60d79afb191c337526886d
[2m2025-12-10T10:08:09.757620Z[0m [34mDEBUG[0m [2methereum_transaction_pool_monitor::eth_client[0m[2m:[0m 📨 Received WebSocket message: {"jsonrpc":"2.0","method":"eth_subscription","params":{"subscription":"0xbed0a0851463e895960a451075a301a9","result":"0x9f97edb253473ffeeefeb7e7f9858c9c2790d4651d26df6a2274fb1d978e8645"}}
[2m2025-12-10T10:08:09.757625Z[0m [34mDEBUG[0m [2methereum_transaction_pool_monitor::eth_client[0m[2m:[0m 📨 Received pending transaction: 0x9f97edb253473ffeeefeb7e7f9858c9c2790d4651d26df6a2274fb1d978e8645
[2m2025-12-10T10:08:09.761766Z[0m [34mDEBUG[0m [2mhyper::proto::h1::io[0m[2m:[0m parsed 4 headers
[2m2025-12-10T10:08:09.761778Z[0m [34mDEBUG[0m [2mhyper::proto::h1::conn[0m[2m:[0m incoming body is content-length (45 bytes)
[2m2025-12-10T10:08:09.761784Z[0m [34mDEBUG[0m [2mhyper::proto::h1::conn[0m[2m:[0m incoming body completed
[2m2025-12-10T10:08:09.761791Z[0m [34mDEBUG[0m [2mhyper::client::pool[0m[2m:[0m pooling idle connection for ("http", 192.168.0.14:8545)
[2m2025-12-10T10:08:09.762556Z[0m [34mDEBUG[0m [2mhyper::proto::h1::io[0m[2m:[0m parsed 4 headers
[2m2025-12-10T10:08:09.762564Z[0m [34mDEBUG[0m [2mhyper::proto::h1::conn[0m[2m:[0m incoming body is content-length (552 bytes)
[2m2025-12-10T10:08:09.762569Z[0m [34mDEBUG[0m [2mhyper::proto::h1::conn[0m[2m:[0m incoming body completed
[2m2025-12-10T10:08:09.762575Z[0m [34mDEBUG[0m [2mhyper::client::pool[0m[2m:[0m pooling idle connection for ("http", 192.168.0.14:8545)
[2m2025-12-10T10:08:09.762581Z[0m [34mDEBUG[0m [2methereum_transaction_pool_monitor::eth_client[0m[2m:[0m 📡 Transaction fetch RPC completed in 5.100833ms
[2m2025-12-10T10:08:09.834603Z[0m [34mDEBUG[0m [2methereum_transaction_pool_monitor::eth_client[0m[2m:[0m ✅ Transaction 0x572df0f0acceec1b236bec422f54e3e706b924a47d0436e367871f918503902b fetched and parsed in 77.120083ms
[2m2025-12-10T10:08:09.834627Z[0m [34mDEBUG[0m [2methereum_transaction_pool_monitor::mempool_monitor[0m[2m:[0m 🔍 Skipping tx 0x572df0f0acceec1b236bec422f54e3e706b924a47d0436e367871f918503902b - not a DEX interaction (target: 0xeD3670f453B4AD7eE855c1866A6453F53df2d440)
[2m2025-12-10T10:08:09.834637Z[0m [34mDEBUG[0m [2methereum_transaction_pool_monitor::mempool_monitor[0m[2m:[0m 📨 Processing new pending transaction: 0xac323d7fa5221fbb8a5ec6a10f4ce61aa7b71aa39f594bae1d77080c936016d7
[2m2025-12-10T10:08:09.834643Z[0m [34mDEBUG[0m [2methereum_transaction_pool_monitor::mempool_monitor[0m[2m:[0m 🔍 Fetching transaction details for: 0xac323d7fa5221fbb8a5ec6a10f4ce61aa7b71aa39f594bae1d77080c936016d7
[2m2025-12-10T10:08:09.834648Z[0m [34mDEBUG[0m [2methereum_transaction_pool_monitor::eth_client[0m[2m:[0m 🔍 Fetching transaction details for hash: 0xac323d7fa5221fbb8a5ec6a10f4ce61aa7b71aa39f594bae1d77080c936016d7
[2m2025-12-10T10:08:09.834671Z[0m [34mDEBUG[0m [2mhyper::client::pool[0m[2m:[0m reuse idle connection for ("http", 192.168.0.14:8545)
[2m2025-12-10T10:08:09.834719Z[0m [34mDEBUG[0m [2mhyper::proto::h1::io[0m[2m:[0m flushed 250 bytes
[2m2025-12-10T10:08:09.834749Z[0m [34mDEBUG[0m [2mhyper::client::pool[0m[2m:[0m reuse idle connection for ("http", 192.168.0.14:8545)
[2m2025-12-10T10:08:09.834766Z[0m [34mDEBUG[0m [2mhyper::proto::h1::io[0m[2m:[0m flushed 172 bytes
[2m2025-12-10T10:08:09.840946Z[0m [34mDEBUG[0m [2mhyper::proto::h1::io[0m[2m:[0m parsed 4 headers
[2m2025-12-10T10:08:09.840953Z[0m [34mDEBUG[0m [2mhyper::proto::h1::conn[0m[2m:[0m incoming body is content-length (45 bytes)
[2m2025-12-10T10:08:09.840954Z[0m [34mDEBUG[0m [2mhyper::proto::h1::io[0m[2m:[0m parsed 4 headers
[2m2025-12-10T10:08:09.840962Z[0m [34mDEBUG[0m [2mhyper::proto::h1::conn[0m[2m:[0m incoming body completed
[2m2025-12-10T10:08:09.840969Z[0m [34mDEBUG[0m [2mhyper::proto::h1::conn[0m[2m:[0m incoming body is content-length (613 bytes)
[2m2025-12-10T10:08:09.840976Z[0m [34mDEBUG[0m [2mhyper::client::pool[0m[2m:[0m pooling idle connection for ("http", 192.168.0.14:8545)
[2m2025-12-10T10:08:09.840977Z[0m [34mDEBUG[0m [2mhyper::proto::h1::conn[0m[2m:[0m incoming body completed
[2m2025-12-10T10:08:09.841683Z[0m [34mDEBUG[0m [2mhyper::client::pool[0m[2m:[0m pooling idle connection for ("http", 192.168.0.14:8545)
[2m2025-12-10T10:08:09.841689Z[0m [34mDEBUG[0m [2methereum_transaction_pool_monitor::eth_client[0m[2m:[0m 📡 Transaction fetch RPC completed in 7.035791ms
[2m2025-12-10T10:08:09.896738Z[0m [34mDEBUG[0m [2mhyper::client::pool[0m[2m:[0m reuse idle connection for ("http", 192.168.0.14:8545)
[2m2025-12-10T10:08:09.896862Z[0m [34mDEBUG[0m [2mhyper::proto::h1::io[0m[2m:[0m flushed 172 bytes
[2m2025-12-10T10:08:09.901584Z[0m [34mDEBUG[0m [2mhyper::proto::h1::io[0m[2m:[0m parsed 4 headers
[2m2025-12-10T10:08:09.901593Z[0m [34mDEBUG[0m [2mhyper::proto::h1::conn[0m[2m:[0m incoming body is content-length (45 bytes)
[2m2025-12-10T10:08:09.901601Z[0m [34mDEBUG[0m [2mhyper::proto::h1::conn[0m[2m:[0m incoming body completed
[2m2025-12-10T10:08:09.901610Z[0m [34mDEBUG[0m [2mhyper::client::pool[0m[2m:[0m pooling idle connection for ("http", 192.168.0.14:8545)
[2m2025-12-10T10:08:09.935093Z[0m [34mDEBUG[0m [2methereum_transaction_pool_monitor::eth_client[0m[2m:[0m ✅ Transaction 0xac323d7fa5221fbb8a5ec6a10f4ce61aa7b71aa39f594bae1d77080c936016d7 fetched and parsed in 100.437541ms
[2m2025-12-10T10:08:09.935116Z[0m [34mDEBUG[0m [2methereum_transaction_pool_monitor::mempool_monitor[0m[2m:[0m 🔍 Skipping tx 0xac323d7fa5221fbb8a5ec6a10f4ce61aa7b71aa39f594bae1d77080c936016d7 - not a DEX interaction (target: 0x3Ad80458D58fb3a779Ba0779F83203a4Cf4a49d8)
[2m2025-12-10T10:08:09.935126Z[0m [34mDEBUG[0m [2methereum_transaction_pool_monitor::mempool_monitor[0m[2m:[0m 📨 Processing new pending transaction: 0x1c04f44644d1c6b2e630578d0b8148f2abe50981e5b4cb272da87d8f871be04a
[2m2025-12-10T10:08:09.935133Z[0m [34mDEBUG[0m [2methereum_transaction_pool_monitor::mempool_monitor[0m[2m:[0m 🔍 Fetching transaction details for: 0x1c04f44644d1c6b2e630578d0b8148f2abe50981e5b4cb272da87d8f871be04a
[2m2025-12-10T10:08:09.935138Z[0m [34mDEBUG[0m [2methereum_transaction_pool_monitor::eth_client[0m[2m:[0m 🔍 Fetching transaction details for hash: 0x1c04f44644d1c6b2e630578d0b8148f2abe50981e5b4cb272da87d8f871be04a
[2m2025-12-10T10:08:09.935157Z[0m [34mDEBUG[0m [2mhyper::client::pool[0m[2m:[0m reuse idle connection for ("http", 192.168.0.14:8545)
[2m2025-12-10T10:08:09.935203Z[0m [34mDEBUG[0m [2mhyper::proto::h1::io[0m[2m:[0m flushed 250 bytes
[2m2025-12-10T10:08:09.938722Z[0m [34mDEBUG[0m [2mhyper::proto::h1::io[0m[2m:[0m parsed 4 headers
[2m2025-12-10T10:08:09.938746Z[0m [34mDEBUG[0m [2mhyper::proto::h1::conn[0m[2m:[0m incoming body is content-length (832 bytes)
[2m2025-12-10T10:08:09.938781Z[0m [34mDEBUG[0m [2mhyper::proto::h1::conn[0m[2m:[0m incoming body completed
[2m2025-12-10T10:08:09.938809Z[0m [34mDEBUG[0m [2mhyper::client::pool[0m[2m:[0m pooling idle connection for ("http", 192.168.0.14:8545)
[2m2025-12-10T10:08:09.938816Z[0m [34mDEBUG[0m [2methereum_transaction_pool_monitor::eth_client[0m[2m:[0m 📡 Transaction fetch RPC completed in 3.672417ms
[2m2025-12-10T10:08:10.009407Z[0m [34mDEBUG[0m [2methereum_transaction_pool_monitor::eth_client[0m[2m:[0m ✅ Transaction 0x1c04f44644d1c6b2e630578d0b8148f2abe50981e5b4cb272da87d8f871be04a fetched and parsed in 74.261917ms
[2m2025-12-10T10:08:10.009431Z[0m [34mDEBUG[0m [2methereum_transaction_pool_monitor::mempool_monitor[0m[2m:[0m 🔍 Skipping tx 0x1c04f44644d1c6b2e630578d0b8148f2abe50981e5b4cb272da87d8f871be04a - not a DEX interaction (target: 0x3B4D794a66304F130a4Db8F2551B0070dfCf5ca7)
[2m2025-12-10T10:08:10.009448Z[0m [34mDEBUG[0m [2methereum_transaction_pool_monitor::mempool_monitor[0m[2m:[0m 📨 Processing new pending transaction: 0x47a1ccd7a504fc1d2206fca751ad07ca88c7437b97187d18ec727738c72b123d
[2m2025-12-10T10:08:10.009455Z[0m [34mDEBUG[0m [2methereum_transaction_pool_monitor::mempool_monitor[0m[2m:[0m 🔍 Fetching transaction details for: 0x47a1ccd7a504fc1d2206fca751ad07ca88c7437b97187d18ec727738c72b123d
[2m2025-12-10T10:08:10.009459Z[0m [34mDEBUG[0m [2methereum_transaction_pool_monitor::eth_client[0m[2m:[0m 🔍 Fetching transaction details for hash: 0x47a1ccd7a504fc1d2206fca751ad07ca88c7437b97187d18ec727738c72b123d
[2m2025-12-10T10:08:10.009476Z[0m [34mDEBUG[0m [2mhyper::client::pool[0m[2m:[0m reuse idle connection for ("http", 192.168.0.14:8545)
[2m2025-12-10T10:08:10.009519Z[0m [34mDEBUG[0m [2mhyper::proto::h1::io[0m[2m:[0m flushed 250 bytes
[2m2025-12-10T10:08:10.009539Z[0m [34mDEBUG[0m [2mhyper::client::pool[0m[2m:[0m reuse idle connection for ("http", 192.168.0.14:8545)
[2m2025-12-10T10:08:10.009551Z[0m [34mDEBUG[0m [2methereum_transaction_pool_monitor::eth_client[0m[2m:[0m 📨 Received WebSocket message: {"jsonrpc":"2.0","method":"eth_subscription","params":{"subscription":"0xbed0a0851463e895960a451075a301a9","result":"0x7b12e2606fa93b014ff5f0cbcd3dd19ffaf5211c1b6f4bc7284b0f1e457768f6"}}
[2m2025-12-10T10:08:10.009553Z[0m [34mDEBUG[0m [2mhyper::proto::h1::io[0m[2m:[0m flushed 172 bytes
[2m2025-12-10T10:08:10.009564Z[0m [34mDEBUG[0m [2methereum_transaction_pool_monitor::eth_client[0m[2m:[0m 📨 Received pending transaction: 0x7b12e2606fa93b014ff5f0cbcd3dd19ffaf5211c1b6f4bc7284b0f1e457768f6
[2m2025-12-10T10:08:10.009581Z[0m [34mDEBUG[0m [2methereum_transaction_pool_monitor::eth_client[0m[2m:[0m 📨 Received WebSocket message: {"jsonrpc":"2.0","method":"eth_subscription","params":{"subscription":"0xbed0a0851463e895960a451075a301a9","result":"0x23c0a293e41c1f450d2233fc481f41317f643aa8520e92e4e989b9c0443906dd"}}
[2m2025-12-10T10:08:10.009616Z[0m [34mDEBUG[0m [2methereum_transaction_pool_monitor::eth_client[0m[2m:[0m 📨 Received pending transaction: 0x23c0a293e41c1f450d2233fc481f41317f643aa8520e92e4e989b9c0443906dd
[2m2025-12-10T10:08:10.009622Z[0m [34mDEBUG[0m [2methereum_transaction_pool_monitor::eth_client[0m[2m:[0m 📨 Received WebSocket message: {"jsonrpc":"2.0","method":"eth_subscription","params":{"subscription":"0xbed0a0851463e895960a451075a301a9","result":"0xeba56c028b168523eb346852c35160206605ea76603ed6b622f33ca344b8e6c4"}}
[2m2025-12-10T10:08:10.009629Z[0m [34mDEBUG[0m [2methereum_transaction_pool_monitor::eth_client[0m[2m:[0m 📨 Received pending transaction: 0xeba56c028b168523eb346852c35160206605ea76603ed6b622f33ca344b8e6c4
[2m2025-12-10T10:08:10.013183Z[0m [34mDEBUG[0m [2mhyper::proto::h1::io[0m[2m:[0m parsed 4 headers
[2m2025-12-10T10:08:10.013219Z[0m [34mDEBUG[0m [2mhyper::proto::h1::conn[0m[2m:[0m incoming body is content-length (45 bytes)
[2m2025-12-10T10:08:10.013237Z[0m [34mDEBUG[0m [2mhyper::proto::h1::conn[0m[2m:[0m incoming body completed
[2m2025-12-10T10:08:10.013252Z[0m [34mDEBUG[0m [2mhyper::client::pool[0m[2m:[0m pooling idle connection for ("http", 192.168.0.14:8545)
[2m2025-12-10T10:08:10.013803Z[0m [34mDEBUG[0m [2mhyper::proto::h1::io[0m[2m:[0m parsed 4 headers
[2m2025-12-10T10:08:10.013828Z[0m [34mDEBUG[0m [2mhyper::proto::h1::conn[0m[2m:[0m incoming body is content-length (832 bytes)
[2m2025-12-10T10:08:10.013845Z[0m [34mDEBUG[0m [2mhyper::proto::h1::conn[0m[2m:[0m incoming body completed
[2m2025-12-10T10:08:10.013855Z[0m [34mDEBUG[0m [2mhyper::client::pool[0m[2m:[0m pooling idle connection for ("http", 192.168.0.14:8545)
[2m2025-12-10T10:08:10.013864Z[0m [34mDEBUG[0m [2methereum_transaction_pool_monitor::eth_client[0m[2m:[0m 📡 Transaction fetch RPC completed in 4.400291ms
[2m2025-12-10T10:08:10.084421Z[0m [34mDEBUG[0m [2methereum_transaction_pool_monitor::eth_client[0m[2m:[0m ✅ Transaction 0x47a1ccd7a504fc1d2206fca751ad07ca88c7437b97187d18ec727738c72b123d fetched and parsed in 74.955666ms
[2m2025-12-10T10:08:10.084445Z[0m [34mDEBUG[0m [2methereum_transaction_pool_monitor::mempool_monitor[0m[2m:[0m 🔍 Skipping tx 0x47a1ccd7a504fc1d2206fca751ad07ca88c7437b97187d18ec727738c72b123d - not a DEX interaction (target: 0x3B4D794a66304F130a4Db8F2551B0070dfCf5ca7)
[2m2025-12-10T10:08:10.084456Z[0m [34mDEBUG[0m [2methereum_transaction_pool_monitor::mempool_monitor[0m[2m:[0m 📨 Processing new pending transaction: 0x43425b96c3201c32e905c8ccbc161630ae7292b5a985e2d8ea687723373c12bd
[2m2025-12-10T10:08:10.084463Z[0m [34mDEBUG[0m [2methereum_transaction_pool_monitor::mempool_monitor[0m[2m:[0m 🔍 Fetching transaction details for: 0x43425b96c3201c32e905c8ccbc161630ae7292b5a985e2d8ea687723373c12bd
[2m2025-12-10T10:08:10.084468Z[0m [34mDEBUG[0m [2methereum_transaction_pool_monitor::eth_client[0m[2m:[0m 🔍 Fetching transaction details for hash: 0x43425b96c3201c32e905c8ccbc161630ae7292b5a985e2d8ea687723373c12bd
[2m2025-12-10T10:08:10.084487Z[0m [34mDEBUG[0m [2mhyper::client::pool[0m[2m:[0m reuse idle connection for ("http", 192.168.0.14:8545)
[2m2025-12-10T10:08:10.084526Z[0m [34mDEBUG[0m [2mhyper::proto::h1::io[0m[2m:[0m flushed 250 bytes
[2m2025-12-10T10:08:10.084548Z[0m [34mDEBUG[0m [2methereum_transaction_pool_monitor::eth_client[0m[2m:[0m 📨 Received WebSocket message: {"jsonrpc":"2.0","method":"eth_subscription","params":{"subscription":"0xbed0a0851463e895960a451075a301a9","result":"0xf21a6a15f4a58ac25f0b45203250acf2e606df807b47f568defbafac3f30866e"}}
[2m2025-12-10T10:08:10.084556Z[0m [34mDEBUG[0m [2methereum_transaction_pool_monitor::eth_client[0m[2m:[0m 📨 Received pending transaction: 0xf21a6a15f4a58ac25f0b45203250acf2e606df807b47f568defbafac3f30866e
[2m2025-12-10T10:08:10.094402Z[0m [34mDEBUG[0m [2mhyper::proto::h1::io[0m[2m:[0m parsed 4 headers
[2m2025-12-10T10:08:10.094408Z[0m [34mDEBUG[0m [2mhyper::proto::h1::conn[0m[2m:[0m incoming body is content-length (745 bytes)
[2m2025-12-10T10:08:10.094414Z[0m [34mDEBUG[0m [2mhyper::proto::h1::conn[0m[2m:[0m incoming body completed
[2m2025-12-10T10:08:10.094423Z[0m [34mDEBUG[0m [2mhyper::client::pool[0m[2m:[0m pooling idle connection for ("http", 192.168.0.14:8545)
[2m2025-12-10T10:08:10.094429Z[0m [34mDEBUG[0m [2methereum_transaction_pool_monitor::eth_client[0m[2m:[0m 📡 Transaction fetch RPC completed in 9.9565ms
[2m2025-12-10T10:08:10.164303Z[0m [34mDEBUG[0m [2methereum_transaction_pool_monitor::eth_client[0m[2m:[0m ✅ Transaction 0x43425b96c3201c32e905c8ccbc161630ae7292b5a985e2d8ea687723373c12bd fetched and parsed in 79.827792ms
[2m2025-12-10T10:08:10.164329Z[0m [34mDEBUG[0m [2methereum_transaction_pool_monitor::mempool_monitor[0m[2m:[0m 🔍 Skipping tx 0x43425b96c3201c32e905c8ccbc161630ae7292b5a985e2d8ea687723373c12bd - not a DEX interaction (target: 0xA0b86991c6218b36c1d19D4a2e9Eb0cE3606eB48)
[2m2025-12-10T10:08:10.164341Z[0m [34mDEBUG[0m [2methereum_transaction_pool_monitor::mempool_monitor[0m[2m:[0m 📨 Processing new pending transaction: 0xc2772e723cc5a87064ef70b1d7e8af51b97746bcd6e64f2d152f1410ed76240e
[2m2025-12-10T10:08:10.164347Z[0m [34mDEBUG[0m [2methereum_transaction_pool_monitor::mempool_monitor[0m[2m:[0m 🔍 Fetching transaction details for: 0xc2772e723cc5a87064ef70b1d7e8af51b97746bcd6e64f2d152f1410ed76240e
[2m2025-12-10T10:08:10.164352Z[0m [34mDEBUG[0m [2methereum_transaction_pool_monitor::eth_client[0m[2m:[0m 🔍 Fetching transaction details for hash: 0xc2772e723cc5a87064ef70b1d7e8af51b97746bcd6e64f2d152f1410ed76240e
[2m2025-12-10T10:08:10.164370Z[0m [34mDEBUG[0m [2mhyper::client::pool[0m[2m:[0m reuse idle connection for ("http", 192.168.0.14:8545)
[2m2025-12-10T10:08:10.164412Z[0m [34mDEBUG[0m [2mhyper::proto::h1::io[0m[2m:[0m flushed 250 bytes
[2m2025-12-10T10:08:10.164441Z[0m [34mDEBUG[0m [2mhyper::client::pool[0m[2m:[0m reuse idle connection for ("http", 192.168.0.14:8545)
[2m2025-12-10T10:08:10.164452Z[0m [34mDEBUG[0m [2mhyper::proto::h1::io[0m[2m:[0m flushed 172 bytes
[2m2025-12-10T10:08:10.168297Z[0m [34mDEBUG[0m [2mhyper::proto::h1::io[0m[2m:[0m parsed 4 headers
[2m2025-12-10T10:08:10.168319Z[0m [34mDEBUG[0m [2mhyper::proto::h1::conn[0m[2m:[0m incoming body is content-length (45 bytes)
[2m2025-12-10T10:08:10.168342Z[0m [34mDEBUG[0m [2mhyper::proto::h1::conn[0m[2m:[0m incoming body completed
[2m2025-12-10T10:08:10.168353Z[0m [34mDEBUG[0m [2mhyper::client::pool[0m[2m:[0m pooling idle connection for ("http", 192.168.0.14:8545)
[2m2025-12-10T10:08:10.169009Z[0m [34mDEBUG[0m [2mhyper::proto::h1::io[0m[2m:[0m parsed 4 headers
[2m2025-12-10T10:08:10.169015Z[0m [34mDEBUG[0m [2mhyper::proto::h1::conn[0m[2m:[0m incoming body is content-length (832 bytes)
[2m2025-12-10T10:08:10.169020Z[0m [34mDEBUG[0m [2mhyper::proto::h1::conn[0m[2m:[0m incoming body completed
[2m2025-12-10T10:08:10.169028Z[0m [34mDEBUG[0m [2mhyper::client::pool[0m[2m:[0m pooling idle connection for ("http", 192.168.0.14:8545)
[2m2025-12-10T10:08:10.169032Z[0m [34mDEBUG[0m [2methereum_transaction_pool_monitor::eth_client[0m[2m:[0m 📡 Transaction fetch RPC completed in 4.67625ms
[2m2025-12-10T10:08:10.239697Z[0m [34mDEBUG[0m [2methereum_transaction_pool_monitor::eth_client[0m[2m:[0m ✅ Transaction 0xc2772e723cc5a87064ef70b1d7e8af51b97746bcd6e64f2d152f1410ed76240e fetched and parsed in 75.338ms
[2m2025-12-10T10:08:10.239721Z[0m [34mDEBUG[0m [2methereum_transaction_pool_monitor::mempool_monitor[0m[2m:[0m 🔍 Skipping tx 0xc2772e723cc5a87064ef70b1d7e8af51b97746bcd6e64f2d152f1410ed76240e - not a DEX interaction (target: 0x3B4D794a66304F130a4Db8F2551B0070dfCf5ca7)
[2m2025-12-10T10:08:10.239731Z[0m [34mDEBUG[0m [2methereum_transaction_pool_monitor::mempool_monitor[0m[2m:[0m 📨 Processing new pending transaction: 0x905f2f3e10b9ff7689d90d4b40911fd8dbd2dd3632be612a948f30e4f95634d8
[2m2025-12-10T10:08:10.239738Z[0m [34mDEBUG[0m [2methereum_transaction_pool_monitor::mempool_monitor[0m[2m:[0m 🔍 Fetching transaction details for: 0x905f2f3e10b9ff7689d90d4b40911fd8dbd2dd3632be612a948f30e4f95634d8
[2m2025-12-10T10:08:10.239743Z[0m [34mDEBUG[0m [2methereum_transaction_pool_monitor::eth_client[0m[2m:[0m 🔍 Fetching transaction details for hash: 0x905f2f3e10b9ff7689d90d4b40911fd8dbd2dd3632be612a948f30e4f95634d8
[2m2025-12-10T10:08:10.239763Z[0m [34mDEBUG[0m [2mhyper::client::pool[0m[2m:[0m reuse idle connection for ("http", 192.168.0.14:8545)
[2m2025-12-10T10:08:10.239802Z[0m [34mDEBUG[0m [2mhyper::proto::h1::io[0m[2m:[0m flushed 250 bytes
[2m2025-12-10T10:08:10.239833Z[0m [34mDEBUG[0m [2mhyper::client::pool[0m[2m:[0m reuse idle connection for ("http", 192.168.0.14:8545)
[2m2025-12-10T10:08:10.239848Z[0m [34mDEBUG[0m [2mhyper::proto::h1::io[0m[2m:[0m flushed 172 bytes
[2m2025-12-10T10:08:10.246000Z[0m [34mDEBUG[0m [2mhyper::proto::h1::io[0m[2m:[0m parsed 4 headers
[2m2025-12-10T10:08:10.246005Z[0m [34mDEBUG[0m [2mhyper::proto::h1::conn[0m[2m:[0m incoming body is content-length (4099 bytes)
[2m2025-12-10T10:08:10.246013Z[0m [34mDEBUG[0m [2mhyper::proto::h1::conn[0m[2m:[0m incoming body completed
[2m2025-12-10T10:08:10.246020Z[0m [34mDEBUG[0m [2mhyper::client::pool[0m[2m:[0m pooling idle connection for ("http", 192.168.0.14:8545)
[2m2025-12-10T10:08:10.246028Z[0m [34mDEBUG[0m [2methereum_transaction_pool_monitor::eth_client[0m[2m:[0m 📡 Transaction fetch RPC completed in 6.2805ms
[2m2025-12-10T10:08:10.316572Z[0m [34mDEBUG[0m [2methereum_transaction_pool_monitor::eth_client[0m[2m:[0m ✅ Transaction 0x905f2f3e10b9ff7689d90d4b40911fd8dbd2dd3632be612a948f30e4f95634d8 fetched and parsed in 76.821625ms
[2m2025-12-10T10:08:10.316588Z[0m [34mDEBUG[0m [2methereum_transaction_pool_monitor::mempool_monitor[0m[2m:[0m 🔍 Skipping tx 0x905f2f3e10b9ff7689d90d4b40911fd8dbd2dd3632be612a948f30e4f95634d8 - not a DEX interaction (target: 0xbD216513d74C8cf14cf4747E6AaA6420FF64ee9e)
[2m2025-12-10T10:08:10.316599Z[0m [34mDEBUG[0m [2methereum_transaction_pool_monitor::mempool_monitor[0m[2m:[0m 📨 Processing new pending transaction: 0x780c528b0b9a2e69008e195530827abe701401b3e665a57fa7d4197ed3548815
[2m2025-12-10T10:08:10.316838Z[0m [34mDEBUG[0m [2methereum_transaction_pool_monitor::mempool_monitor[0m[2m:[0m 🔍 Fetching transaction details for: 0x780c528b0b9a2e69008e195530827abe701401b3e665a57fa7d4197ed3548815
[2m2025-12-10T10:08:10.316845Z[0m [34mDEBUG[0m [2methereum_transaction_pool_monitor::eth_client[0m[2m:[0m 🔍 Fetching transaction details for hash: 0x780c528b0b9a2e69008e195530827abe701401b3e665a57fa7d4197ed3548815
[2m2025-12-10T10:08:10.316863Z[0m [34mDEBUG[0m [2mhyper::client::pool[0m[2m:[0m reuse idle connection for ("http", 192.168.0.14:8545)
[2m2025-12-10T10:08:10.316893Z[0m [34mDEBUG[0m [2mhyper::proto::h1::io[0m[2m:[0m flushed 250 bytes
[2m2025-12-10T10:08:10.316911Z[0m [34mDEBUG[0m [2mhyper::proto::h1::io[0m[2m:[0m parsed 4 headers
[2m2025-12-10T10:08:10.316914Z[0m [34mDEBUG[0m [2mhyper::proto::h1::conn[0m[2m:[0m incoming body is content-length (45 bytes)
[2m2025-12-10T10:08:10.316922Z[0m [34mDEBUG[0m [2mhyper::proto::h1::conn[0m[2m:[0m incoming body completed
[2m2025-12-10T10:08:10.316930Z[0m [34mDEBUG[0m [2mhyper::client::pool[0m[2m:[0m pooling idle connection for ("http", 192.168.0.14:8545)
[2m2025-12-10T10:08:10.316946Z[0m [34mDEBUG[0m [2mhyper::client::pool[0m[2m:[0m reuse idle connection for ("http", 192.168.0.14:8545)
[2m2025-12-10T10:08:10.316959Z[0m [34mDEBUG[0m [2mhyper::proto::h1::io[0m[2m:[0m flushed 172 bytes
[2m2025-12-10T10:08:10.321908Z[0m [34mDEBUG[0m [2mhyper::proto::h1::io[0m[2m:[0m parsed 4 headers
[2m2025-12-10T10:08:10.321913Z[0m [34mDEBUG[0m [2mhyper::proto::h1::conn[0m[2m:[0m incoming body is content-length (45 bytes)
[2m2025-12-10T10:08:10.321918Z[0m [34mDEBUG[0m [2mhyper::proto::h1::conn[0m[2m:[0m incoming body completed
[2m2025-12-10T10:08:10.321924Z[0m [34mDEBUG[0m [2mhyper::client::pool[0m[2m:[0m pooling idle connection for ("http", 192.168.0.14:8545)
[2m2025-12-10T10:08:10.323272Z[0m [34mDEBUG[0m [2mhyper::proto::h1::io[0m[2m:[0m parsed 4 headers
[2m2025-12-10T10:08:10.323279Z[0m [34mDEBUG[0m [2mhyper::proto::h1::conn[0m[2m:[0m incoming body is content-length (832 bytes)
[2m2025-12-10T10:08:10.323285Z[0m [34mDEBUG[0m [2mhyper::proto::h1::conn[0m[2m:[0m incoming body completed
[2m2025-12-10T10:08:10.323291Z[0m [34mDEBUG[0m [2mhyper::client::pool[0m[2m:[0m pooling idle connection for ("http", 192.168.0.14:8545)
[2m2025-12-10T10:08:10.323296Z[0m [34mDEBUG[0m [2methereum_transaction_pool_monitor::eth_client[0m[2m:[0m 📡 Transaction fetch RPC completed in 6.446042ms
[2m2025-12-10T10:08:10.394356Z[0m [34mDEBUG[0m [2methereum_transaction_pool_monitor::eth_client[0m[2m:[0m ✅ Transaction 0x780c528b0b9a2e69008e195530827abe701401b3e665a57fa7d4197ed3548815 fetched and parsed in 77.503042ms
[2m2025-12-10T10:08:10.394387Z[0m [34mDEBUG[0m [2methereum_transaction_pool_monitor::mempool_monitor[0m[2m:[0m 🔍 Skipping tx 0x780c528b0b9a2e69008e195530827abe701401b3e665a57fa7d4197ed3548815 - not a DEX interaction (target: 0x3B4D794a66304F130a4Db8F2551B0070dfCf5ca7)
[2m2025-12-10T10:08:10.394398Z[0m [34mDEBUG[0m [2methereum_transaction_pool_monitor::mempool_monitor[0m[2m:[0m 📨 Processing new pending transaction: 0xd638e8a9a747efe5af2b6a809afa8a71052f16ff9d365aa4150c926295f24df2
[2m2025-12-10T10:08:10.394405Z[0m [34mDEBUG[0m [2methereum_transaction_pool_monitor::mempool_monitor[0m[2m:[0m 🔍 Fetching transaction details for: 0xd638e8a9a747efe5af2b6a809afa8a71052f16ff9d365aa4150c926295f24df2
[2m2025-12-10T10:08:10.394410Z[0m [34mDEBUG[0m [2methereum_transaction_pool_monitor::eth_client[0m[2m:[0m 🔍 Fetching transaction details for hash: 0xd638e8a9a747efe5af2b6a809afa8a71052f16ff9d365aa4150c926295f24df2
[2m2025-12-10T10:08:10.394430Z[0m [34mDEBUG[0m [2mhyper::client::pool[0m[2m:[0m reuse idle connection for ("http", 192.168.0.14:8545)
[2m2025-12-10T10:08:10.394489Z[0m [34mDEBUG[0m [2mhyper::proto::h1::io[0m[2m:[0m flushed 250 bytes
[2m2025-12-10T10:08:10.394511Z[0m [34mDEBUG[0m [2methereum_transaction_pool_monitor::eth_client[0m[2m:[0m 📨 Received WebSocket message: {"jsonrpc":"2.0","method":"eth_subscription","params":{"subscription":"0xbed0a0851463e895960a451075a301a9","result":"0xbf254a362f48025800955a30d7e21419dc0962a8ae63f54a5d0a6e21c8643a01"}}
[2m2025-12-10T10:08:10.394519Z[0m [34mDEBUG[0m [2methereum_transaction_pool_monitor::eth_client[0m[2m:[0m 📨 Received pending transaction: 0xbf254a362f48025800955a30d7e21419dc0962a8ae63f54a5d0a6e21c8643a01
[2m2025-12-10T10:08:10.394525Z[0m [34mDEBUG[0m [2methereum_transaction_pool_monitor::eth_client[0m[2m:[0m 📨 Received WebSocket message: {"jsonrpc":"2.0","method":"eth_subscription","params":{"subscription":"0xbed0a0851463e895960a451075a301a9","result":"0xece0759a451387c4648e5b2b6167703d44939bc3603c923b7eec9d136db17874"}}
[2m2025-12-10T10:08:10.394532Z[0m [34mDEBUG[0m [2methereum_transaction_pool_monitor::eth_client[0m[2m:[0m 📨 Received pending transaction: 0xece0759a451387c4648e5b2b6167703d44939bc3603c923b7eec9d136db17874
[2m2025-12-10T10:08:10.395659Z[0m [34mDEBUG[0m [2mhyper::client::pool[0m[2m:[0m reuse idle connection for ("http", 192.168.0.14:8545)
[2m2025-12-10T10:08:10.395705Z[0m [34mDEBUG[0m [2mhyper::proto::h1::io[0m[2m:[0m flushed 172 bytes
[2m2025-12-10T10:08:10.399128Z[0m [34mDEBUG[0m [2mhyper::proto::h1::io[0m[2m:[0m parsed 4 headers
[2m2025-12-10T10:08:10.399132Z[0m [34mDEBUG[0m [2mhyper::proto::h1::conn[0m[2m:[0m incoming body is content-length (45 bytes)
[2m2025-12-10T10:08:10.399140Z[0m [34mDEBUG[0m [2mhyper::proto::h1::conn[0m[2m:[0m incoming body completed
[2m2025-12-10T10:08:10.399146Z[0m [34mDEBUG[0m [2mhyper::client::pool[0m[2m:[0m pooling idle connection for ("http", 192.168.0.14:8545)
[2m2025-12-10T10:08:10.404498Z[0m [34mDEBUG[0m [2mhyper::proto::h1::io[0m[2m:[0m parsed 4 headers
[2m2025-12-10T10:08:10.404503Z[0m [34mDEBUG[0m [2mhyper::proto::h1::conn[0m[2m:[0m incoming body is content-length (676 bytes)
[2m2025-12-10T10:08:10.404508Z[0m [34mDEBUG[0m [2mhyper::proto::h1::conn[0m[2m:[0m incoming body completed
[2m2025-12-10T10:08:10.404514Z[0m [34mDEBUG[0m [2mhyper::client::pool[0m[2m:[0m pooling idle connection for ("http", 192.168.0.14:8545)
[2m2025-12-10T10:08:10.404519Z[0m [34mDEBUG[0m [2methereum_transaction_pool_monitor::eth_client[0m[2m:[0m 📡 Transaction fetch RPC completed in 10.103125ms
[2m2025-12-10T10:08:10.404530Z[0m [34mDEBUG[0m [2methereum_transaction_pool_monitor::eth_client[0m[2m:[0m DeFi transaction detected - Address: 0xdac17f958d2ee523a2206206994597c13d831ec7, Type: Stablecoin, Value: 0 ETH, Gas: 2.00 Gwei
[2m2025-12-10T10:08:10.404541Z[0m [34mDEBUG[0m [2methereum_transaction_pool_monitor::eth_client[0m[2m:[0m ✅ Transaction 0xd638e8a9a747efe5af2b6a809afa8a71052f16ff9d365aa4150c926295f24df2 fetched and parsed in 10.125459ms
[2m2025-12-10T10:08:10.404546Z[0m [34mDEBUG[0m [2methereum_transaction_pool_monitor::mempool_monitor[0m[2m:[0m 🔍 Skipping tx 0xd638e8a9a747efe5af2b6a809afa8a71052f16ff9d365aa4150c926295f24df2 - not a DEX interaction (target: 0xdAC17F958D2ee523a2206206994597C13D831ec7)
[2m2025-12-10T10:08:10.404551Z[0m [34mDEBUG[0m [2methereum_transaction_pool_monitor::mempool_monitor[0m[2m:[0m 📨 Processing new pending transaction: 0x69571b5f1cb5203fc61c745eecbde5f38fd3fcc0ef319461f7d68fd647784764
[2m2025-12-10T10:08:10.404554Z[0m [34mDEBUG[0m [2methereum_transaction_pool_monitor::mempool_monitor[0m[2m:[0m 🔍 Fetching transaction details for: 0x69571b5f1cb5203fc61c745eecbde5f38fd3fcc0ef319461f7d68fd647784764
[2m2025-12-10T10:08:10.404557Z[0m [34mDEBUG[0m [2methereum_transaction_pool_monitor::eth_client[0m[2m:[0m 🔍 Fetching transaction details for hash: 0x69571b5f1cb5203fc61c745eecbde5f38fd3fcc0ef319461f7d68fd647784764
[2m2025-12-10T10:08:10.404564Z[0m [34mDEBUG[0m [2mhyper::client::pool[0m[2m:[0m reuse idle connection for ("http", 192.168.0.14:8545)
[2m2025-12-10T10:08:10.404576Z[0m [34mDEBUG[0m [2mhyper::proto::h1::io[0m[2m:[0m flushed 250 bytes
[2m2025-12-10T10:08:10.409603Z[0m [34mDEBUG[0m [2mhyper::proto::h1::io[0m[2m:[0m parsed 4 headers
[2m2025-12-10T10:08:10.409610Z[0m [34mDEBUG[0m [2mhyper::proto::h1::conn[0m[2m:[0m incoming body is content-length (1730 bytes)
[2m2025-12-10T10:08:10.409616Z[0m [34mDEBUG[0m [2mhyper::proto::h1::conn[0m[2m:[0m incoming body completed
[2m2025-12-10T10:08:10.409621Z[0m [34mDEBUG[0m [2mhyper::client::pool[0m[2m:[0m pooling idle connection for ("http", 192.168.0.14:8545)
[2m2025-12-10T10:08:10.409626Z[0m [34mDEBUG[0m [2methereum_transaction_pool_monitor::eth_client[0m[2m:[0m 📡 Transaction fetch RPC completed in 5.065333ms
[2m2025-12-10T10:08:10.480481Z[0m [34mDEBUG[0m [2methereum_transaction_pool_monitor::eth_client[0m[2m:[0m ✅ Transaction 0x69571b5f1cb5203fc61c745eecbde5f38fd3fcc0ef319461f7d68fd647784764 fetched and parsed in 75.91875ms
[2m2025-12-10T10:08:10.480501Z[0m [34mDEBUG[0m [2methereum_transaction_pool_monitor::mempool_monitor[0m[2m:[0m 🔍 Skipping tx 0x69571b5f1cb5203fc61c745eecbde5f38fd3fcc0ef319461f7d68fd647784764 - not a DEX interaction (target: 0x601a2aD6CB5949f0529735254189Ba3194221EDF)
[2m2025-12-10T10:08:10.480512Z[0m [34mDEBUG[0m [2methereum_transaction_pool_monitor::mempool_monitor[0m[2m:[0m 📨 Processing new pending transaction: 0xffed16c220a2e2e34043592a4ab9a661510b470ee7f4882eb6e166f6d71d428b
[2m2025-12-10T10:08:10.480518Z[0m [34mDEBUG[0m [2methereum_transaction_pool_monitor::mempool_monitor[0m[2m:[0m 🔍 Fetching transaction details for: 0xffed16c220a2e2e34043592a4ab9a661510b470ee7f4882eb6e166f6d71d428b
[2m2025-12-10T10:08:10.480523Z[0m [34mDEBUG[0m [2methereum_transaction_pool_monitor::eth_client[0m[2m:[0m 🔍 Fetching transaction details for hash: 0xffed16c220a2e2e34043592a4ab9a661510b470ee7f4882eb6e166f6d71d428b
[2m2025-12-10T10:08:10.480540Z[0m [34mDEBUG[0m [2mhyper::client::pool[0m[2m:[0m reuse idle connection for ("http", 192.168.0.14:8545)
[2m2025-12-10T10:08:10.480586Z[0m [34mDEBUG[0m [2mhyper::proto::h1::io[0m[2m:[0m flushed 250 bytes
[2m2025-12-10T10:08:10.480607Z[0m [34mDEBUG[0m [2methereum_transaction_pool_monitor::eth_client[0m[2m:[0m 📨 Received WebSocket message: {"jsonrpc":"2.0","method":"eth_subscription","params":{"subscription":"0xbed0a0851463e895960a451075a301a9","result":"0xd800c0d641af9d624b85c343fd20308a1f32a0077f290d6338323444d2d14042"}}
[2m2025-12-10T10:08:10.480615Z[0m [34mDEBUG[0m [2methereum_transaction_pool_monitor::eth_client[0m[2m:[0m 📨 Received pending transaction: 0xd800c0d641af9d624b85c343fd20308a1f32a0077f290d6338323444d2d14042
[2m2025-12-10T10:08:10.481988Z[0m [34mDEBUG[0m [2methereum_transaction_pool_monitor::eth_client[0m[2m:[0m 📨 Received WebSocket message: {"jsonrpc":"2.0","method":"eth_subscription","params":{"subscription":"0xbed0a0851463e895960a451075a301a9","result":"0x943198119edd04a3006718c9cc59ded9749fe2dc747af672ba5faf84a36cd809"}}
[2m2025-12-10T10:08:10.481994Z[0m [34mDEBUG[0m [2methereum_transaction_pool_monitor::eth_client[0m[2m:[0m 📨 Received pending transaction: 0x943198119edd04a3006718c9cc59ded9749fe2dc747af672ba5faf84a36cd809
[2m2025-12-10T10:08:10.484709Z[0m [34mDEBUG[0m [2mhyper::proto::h1::io[0m[2m:[0m parsed 4 headers
[2m2025-12-10T10:08:10.484715Z[0m [34mDEBUG[0m [2mhyper::proto::h1::conn[0m[2m:[0m incoming body is content-length (832 bytes)
[2m2025-12-10T10:08:10.484721Z[0m [34mDEBUG[0m [2mhyper::proto::h1::conn[0m[2m:[0m incoming body completed
[2m2025-12-10T10:08:10.484728Z[0m [34mDEBUG[0m [2mhyper::client::pool[0m[2m:[0m pooling idle connection for ("http", 192.168.0.14:8545)
[2m2025-12-10T10:08:10.484733Z[0m [34mDEBUG[0m [2methereum_transaction_pool_monitor::eth_client[0m[2m:[0m 📡 Transaction fetch RPC completed in 4.206667ms
[2m2025-12-10T10:08:10.555051Z[0m [34mDEBUG[0m [2methereum_transaction_pool_monitor::eth_client[0m[2m:[0m ✅ Transaction 0xffed16c220a2e2e34043592a4ab9a661510b470ee7f4882eb6e166f6d71d428b fetched and parsed in 74.522167ms
[2m2025-12-10T10:08:10.555076Z[0m [34mDEBUG[0m [2methereum_transaction_pool_monitor::mempool_monitor[0m[2m:[0m 🔍 Skipping tx 0xffed16c220a2e2e34043592a4ab9a661510b470ee7f4882eb6e166f6d71d428b - not a DEX interaction (target: 0x3B4D794a66304F130a4Db8F2551B0070dfCf5ca7)
[2m2025-12-10T10:08:10.555091Z[0m [34mDEBUG[0m [2methereum_transaction_pool_monitor::mempool_monitor[0m[2m:[0m 📨 Processing new pending transaction: 0x23d3662c3224f544a8a258c45497bce23d2870ad08ad404e878017c86eda5821
[2m2025-12-10T10:08:10.555101Z[0m [34mDEBUG[0m [2methereum_transaction_pool_monitor::mempool_monitor[0m[2m:[0m 🔍 Fetching transaction details for: 0x23d3662c3224f544a8a258c45497bce23d2870ad08ad404e878017c86eda5821
[2m2025-12-10T10:08:10.555110Z[0m [34mDEBUG[0m [2methereum_transaction_pool_monitor::eth_client[0m[2m:[0m 🔍 Fetching transaction details for hash: 0x23d3662c3224f544a8a258c45497bce23d2870ad08ad404e878017c86eda5821
[2m2025-12-10T10:08:10.555130Z[0m [34mDEBUG[0m [2mhyper::client::pool[0m[2m:[0m reuse idle connection for ("http", 192.168.0.14:8545)
[2m2025-12-10T10:08:10.555170Z[0m [34mDEBUG[0m [2mhyper::proto::h1::io[0m[2m:[0m flushed 250 bytes
[2m2025-12-10T10:08:10.555209Z[0m [34mDEBUG[0m [2mhyper::client::pool[0m[2m:[0m reuse idle connection for ("http", 192.168.0.14:8545)
[2m2025-12-10T10:08:10.555232Z[0m [34mDEBUG[0m [2mhyper::proto::h1::io[0m[2m:[0m flushed 172 bytes
[2m2025-12-10T10:08:10.567347Z[0m [34mDEBUG[0m [2mhyper::proto::h1::io[0m[2m:[0m parsed 4 headers
[2m2025-12-10T10:08:10.567354Z[0m [34mDEBUG[0m [2mhyper::proto::h1::conn[0m[2m:[0m incoming body is content-length (45 bytes)
[2m2025-12-10T10:08:10.567364Z[0m [34mDEBUG[0m [2mhyper::proto::h1::conn[0m[2m:[0m incoming body completed
[2m2025-12-10T10:08:10.567375Z[0m [34mDEBUG[0m [2mhyper::client::pool[0m[2m:[0m pooling idle connection for ("http", 192.168.0.14:8545)
[2m2025-12-10T10:08:10.567406Z[0m [34mDEBUG[0m [2mhyper::proto::h1::io[0m[2m:[0m parsed 4 headers
[2m2025-12-10T10:08:10.567408Z[0m [34mDEBUG[0m [2methereum_transaction_pool_monitor::eth_client[0m[2m:[0m 📨 Received WebSocket message: {"jsonrpc":"2.0","method":"eth_subscription","params":{"subscription":"0xbed0a0851463e895960a451075a301a9","result":"0xb250fd0de4a7699b5e9b99d59c1f8f4fc9cfa76af7f5223b8252daa828c5ae29"}}
[2m2025-12-10T10:08:10.567414Z[0m [34mDEBUG[0m [2mhyper::proto::h1::conn[0m[2m:[0m incoming body is content-length (838 bytes)
[2m2025-12-10T10:08:10.567420Z[0m [34mDEBUG[0m [2methereum_transaction_pool_monitor::eth_client[0m[2m:[0m 📨 Received pending transaction: 0xb250fd0de4a7699b5e9b99d59c1f8f4fc9cfa76af7f5223b8252daa828c5ae29
[2m2025-12-10T10:08:10.567421Z[0m [34mDEBUG[0m [2mhyper::proto::h1::conn[0m[2m:[0m incoming body completed
[2m2025-12-10T10:08:10.567432Z[0m [34mDEBUG[0m [2mhyper::client::pool[0m[2m:[0m pooling idle connection for ("http", 192.168.0.14:8545)
[2m2025-12-10T10:08:10.567436Z[0m [34mDEBUG[0m [2methereum_transaction_pool_monitor::eth_client[0m[2m:[0m 📡 Transaction fetch RPC completed in 12.320042ms
[2m2025-12-10T10:08:10.588399Z[0m [34mDEBUG[0m [2methereum_transaction_pool_monitor::eth_client[0m[2m:[0m 📨 Received WebSocket message: {"jsonrpc":"2.0","method":"eth_subscription","params":{"subscription":"0xbed0a0851463e895960a451075a301a9","result":"0x1476387cc02b02a47f42c85b34a55b322cfa6ccd9fd0bfeea73923b1485f2ee3"}}
[2m2025-12-10T10:08:10.588424Z[0m [34mDEBUG[0m [2methereum_transaction_pool_monitor::eth_client[0m[2m:[0m 📨 Received pending transaction: 0x1476387cc02b02a47f42c85b34a55b322cfa6ccd9fd0bfeea73923b1485f2ee3
[2m2025-12-10T10:08:10.596336Z[0m [34mDEBUG[0m [2mhyper::client::pool[0m[2m:[0m reuse idle connection for ("http", 192.168.0.14:8545)
[2m2025-12-10T10:08:10.596388Z[0m [34mDEBUG[0m [2mhyper::proto::h1::io[0m[2m:[0m flushed 172 bytes
[2m2025-12-10T10:08:10.600072Z[0m [34mDEBUG[0m [2mhyper::proto::h1::io[0m[2m:[0m parsed 4 headers
[2m2025-12-10T10:08:10.600290Z[0m [34mDEBUG[0m [2mhyper::proto::h1::conn[0m[2m:[0m incoming body is content-length (45 bytes)
[2m2025-12-10T10:08:10.600302Z[0m [34mDEBUG[0m [2mhyper::proto::h1::conn[0m[2m:[0m incoming body completed
[2m2025-12-10T10:08:10.600310Z[0m [34mDEBUG[0m [2mhyper::client::pool[0m[2m:[0m pooling idle connection for ("http", 192.168.0.14:8545)
[2m2025-12-10T10:08:10.638662Z[0m [34mDEBUG[0m [2methereum_transaction_pool_monitor::eth_client[0m[2m:[0m ✅ Transaction 0x23d3662c3224f544a8a258c45497bce23d2870ad08ad404e878017c86eda5821 fetched and parsed in 83.544625ms
[2m2025-12-10T10:08:10.638689Z[0m [34mDEBUG[0m [2methereum_transaction_pool_monitor::mempool_monitor[0m[2m:[0m 🔍 Skipping tx 0x23d3662c3224f544a8a258c45497bce23d2870ad08ad404e878017c86eda5821 - not a DEX interaction (target: 0xA0b86991c6218b36c1d19D4a2e9Eb0cE3606eB48)
[2m2025-12-10T10:08:10.638699Z[0m [34mDEBUG[0m [2methereum_transaction_pool_monitor::mempool_monitor[0m[2m:[0m 📨 Processing new pending transaction: 0xa7e95ed9a859938244fc7b6d59d3d62d41ba2eab56abc839a67352e829745a81
[2m2025-12-10T10:08:10.638705Z[0m [34mDEBUG[0m [2methereum_transaction_pool_monitor::mempool_monitor[0m[2m:[0m 🔍 Fetching transaction details for: 0xa7e95ed9a859938244fc7b6d59d3d62d41ba2eab56abc839a67352e829745a81
[2m2025-12-10T10:08:10.638710Z[0m [34mDEBUG[0m [2methereum_transaction_pool_monitor::eth_client[0m[2m:[0m 🔍 Fetching transaction details for hash: 0xa7e95ed9a859938244fc7b6d59d3d62d41ba2eab56abc839a67352e829745a81
[2m2025-12-10T10:08:10.638729Z[0m [34mDEBUG[0m [2mhyper::client::pool[0m[2m:[0m reuse idle connection for ("http", 192.168.0.14:8545)
[2m2025-12-10T10:08:10.638778Z[0m [34mDEBUG[0m [2mhyper::proto::h1::io[0m[2m:[0m flushed 250 bytes
[2m2025-12-10T10:08:10.643534Z[0m [34mDEBUG[0m [2mhyper::proto::h1::io[0m[2m:[0m parsed 4 headers
[2m2025-12-10T10:08:10.643573Z[0m [34mDEBUG[0m [2mhyper::proto::h1::conn[0m[2m:[0m incoming body is content-length (832 bytes)
[2m2025-12-10T10:08:10.643590Z[0m [34mDEBUG[0m [2mhyper::proto::h1::conn[0m[2m:[0m incoming body completed
[2m2025-12-10T10:08:10.643612Z[0m [34mDEBUG[0m [2mhyper::client::pool[0m[2m:[0m pooling idle connection for ("http", 192.168.0.14:8545)
[2m2025-12-10T10:08:10.643628Z[0m [34mDEBUG[0m [2methereum_transaction_pool_monitor::eth_client[0m[2m:[0m 📡 Transaction fetch RPC completed in 4.912334ms
[2m2025-12-10T10:08:10.713423Z[0m [34mDEBUG[0m [2methereum_transaction_pool_monitor::eth_client[0m[2m:[0m ✅ Transaction 0xa7e95ed9a859938244fc7b6d59d3d62d41ba2eab56abc839a67352e829745a81 fetched and parsed in 74.705625ms
[2m2025-12-10T10:08:10.713440Z[0m [34mDEBUG[0m [2methereum_transaction_pool_monitor::mempool_monitor[0m[2m:[0m 🔍 Skipping tx 0xa7e95ed9a859938244fc7b6d59d3d62d41ba2eab56abc839a67352e829745a81 - not a DEX interaction (target: 0x3B4D794a66304F130a4Db8F2551B0070dfCf5ca7)
[2m2025-12-10T10:08:10.713449Z[0m [34mDEBUG[0m [2methereum_transaction_pool_monitor::mempool_monitor[0m[2m:[0m 📨 Processing new pending transaction: 0x07e48d6b3c94dcbcf4ee8a97e72911a8fec5666114ee0107e3081e0326f70d74
[2m2025-12-10T10:08:10.713454Z[0m [34mDEBUG[0m [2methereum_transaction_pool_monitor::mempool_monitor[0m[2m:[0m 🔍 Fetching transaction details for: 0x07e48d6b3c94dcbcf4ee8a97e72911a8fec5666114ee0107e3081e0326f70d74
[2m2025-12-10T10:08:10.713457Z[0m [34mDEBUG[0m [2methereum_transaction_pool_monitor::eth_client[0m[2m:[0m 🔍 Fetching transaction details for hash: 0x07e48d6b3c94dcbcf4ee8a97e72911a8fec5666114ee0107e3081e0326f70d74
[2m2025-12-10T10:08:10.713474Z[0m [34mDEBUG[0m [2mhyper::client::pool[0m[2m:[0m reuse idle connection for ("http", 192.168.0.14:8545)
[2m2025-12-10T10:08:10.713499Z[0m [34mDEBUG[0m [2mhyper::proto::h1::io[0m[2m:[0m flushed 250 bytes
[2m2025-12-10T10:08:10.713525Z[0m [34mDEBUG[0m [2mhyper::client::pool[0m[2m:[0m reuse idle connection for ("http", 192.168.0.14:8545)
[2m2025-12-10T10:08:10.713538Z[0m [34mDEBUG[0m [2mhyper::proto::h1::io[0m[2m:[0m flushed 172 bytes
[2m2025-12-10T10:08:10.717317Z[0m [34mDEBUG[0m [2mhyper::proto::h1::io[0m[2m:[0m parsed 4 headers
[2m2025-12-10T10:08:10.717342Z[0m [34mDEBUG[0m [2mhyper::proto::h1::conn[0m[2m:[0m incoming body is content-length (45 bytes)
[2m2025-12-10T10:08:10.717356Z[0m [34mDEBUG[0m [2mhyper::proto::h1::conn[0m[2m:[0m incoming body completed
[2m2025-12-10T10:08:10.717377Z[0m [34mDEBUG[0m [2mhyper::client::pool[0m[2m:[0m pooling idle connection for ("http", 192.168.0.14:8545)
[2m2025-12-10T10:08:10.722798Z[0m [34mDEBUG[0m [2mhyper::proto::h1::io[0m[2m:[0m parsed 4 headers
[2m2025-12-10T10:08:10.722803Z[0m [34mDEBUG[0m [2mhyper::proto::h1::conn[0m[2m:[0m incoming body is content-length (644 bytes)
[2m2025-12-10T10:08:10.722807Z[0m [34mDEBUG[0m [2mhyper::proto::h1::conn[0m[2m:[0m incoming body completed
[2m2025-12-10T10:08:10.722812Z[0m [34mDEBUG[0m [2mhyper::client::pool[0m[2m:[0m pooling idle connection for ("http", 192.168.0.14:8545)
[2m2025-12-10T10:08:10.722817Z[0m [34mDEBUG[0m [2methereum_transaction_pool_monitor::eth_client[0m[2m:[0m 📡 Transaction fetch RPC completed in 9.355792ms
[2m2025-12-10T10:08:10.792651Z[0m [34mDEBUG[0m [2methereum_transaction_pool_monitor::eth_client[0m[2m:[0m ✅ Transaction 0x07e48d6b3c94dcbcf4ee8a97e72911a8fec5666114ee0107e3081e0326f70d74 fetched and parsed in 79.187917ms
[2m2025-12-10T10:08:10.792676Z[0m [34mDEBUG[0m [2methereum_transaction_pool_monitor::mempool_monitor[0m[2m:[0m 🔍 Skipping tx 0x07e48d6b3c94dcbcf4ee8a97e72911a8fec5666114ee0107e3081e0326f70d74 - not a DEX interaction (target: 0x17E5545B11b468072283Cee1F066a059Fb0dbF24)
[2m2025-12-10T10:08:10.792688Z[0m [34mDEBUG[0m [2methereum_transaction_pool_monitor::mempool_monitor[0m[2m:[0m 📨 Processing new pending transaction: 0x9ed4d13f83158febb163878cb85400a8958a2415f78c779130c445514b25e414
[2m2025-12-10T10:08:10.792697Z[0m [34mDEBUG[0m [2methereum_transaction_pool_monitor::mempool_monitor[0m[2m:[0m 🔍 Fetching transaction details for: 0x9ed4d13f83158febb163878cb85400a8958a2415f78c779130c445514b25e414
[2m2025-12-10T10:08:10.792702Z[0m [34mDEBUG[0m [2methereum_transaction_pool_monitor::eth_client[0m[2m:[0m 🔍 Fetching transaction details for hash: 0x9ed4d13f83158febb163878cb85400a8958a2415f78c779130c445514b25e414
[2m2025-12-10T10:08:10.792724Z[0m [34mDEBUG[0m [2mhyper::client::pool[0m[2m:[0m reuse idle connection for ("http", 192.168.0.14:8545)
[2m2025-12-10T10:08:10.792767Z[0m [34mDEBUG[0m [2mhyper::proto::h1::io[0m[2m:[0m flushed 250 bytes
[2m2025-12-10T10:08:10.796068Z[0m [34mDEBUG[0m [2mhyper::client::pool[0m[2m:[0m reuse idle connection for ("http", 192.168.0.14:8545)
[2m2025-12-10T10:08:10.796096Z[0m [34mDEBUG[0m [2mhyper::proto::h1::io[0m[2m:[0m flushed 172 bytes
[2m2025-12-10T10:08:10.799446Z[0m [34mDEBUG[0m [2mhyper::proto::h1::io[0m[2m:[0m parsed 4 headers
[2m2025-12-10T10:08:10.799476Z[0m [34mDEBUG[0m [2mhyper::proto::h1::conn[0m[2m:[0m incoming body is content-length (1731 bytes)
[2m2025-12-10T10:08:10.799505Z[0m [34mDEBUG[0m [2mhyper::proto::h1::conn[0m[2m:[0m incoming body completed
[2m2025-12-10T10:08:10.799514Z[0m [34mDEBUG[0m [2mhyper::client::pool[0m[2m:[0m pooling idle connection for ("http", 192.168.0.14:8545)
[2m2025-12-10T10:08:10.799520Z[0m [34mDEBUG[0m [2methereum_transaction_pool_monitor::eth_client[0m[2m:[0m 📡 Transaction fetch RPC completed in 6.812916ms
[2m2025-12-10T10:08:10.870516Z[0m [34mDEBUG[0m [2methereum_transaction_pool_monitor::eth_client[0m[2m:[0m ✅ Transaction 0x9ed4d13f83158febb163878cb85400a8958a2415f78c779130c445514b25e414 fetched and parsed in 77.806458ms
[2m2025-12-10T10:08:10.870539Z[0m [34mDEBUG[0m [2methereum_transaction_pool_monitor::mempool_monitor[0m[2m:[0m 🔍 Skipping tx 0x9ed4d13f83158febb163878cb85400a8958a2415f78c779130c445514b25e414 - not a DEX interaction (target: 0x601a2aD6CB5949f0529735254189Ba3194221EDF)
[2m2025-12-10T10:08:10.870550Z[0m [34mDEBUG[0m [2methereum_transaction_pool_monitor::mempool_monitor[0m[2m:[0m 📨 Processing new pending transaction: 0x97912224b66a9517ca35ca07004f16aa3cd4487d3e132b617a05d028179bc63e
[2m2025-12-10T10:08:10.870555Z[0m [34mDEBUG[0m [2methereum_transaction_pool_monitor::mempool_monitor[0m[2m:[0m 🔍 Fetching transaction details for: 0x97912224b66a9517ca35ca07004f16aa3cd4487d3e132b617a05d028179bc63e
[2m2025-12-10T10:08:10.870561Z[0m [34mDEBUG[0m [2methereum_transaction_pool_monitor::eth_client[0m[2m:[0m 🔍 Fetching transaction details for hash: 0x97912224b66a9517ca35ca07004f16aa3cd4487d3e132b617a05d028179bc63e
[2m2025-12-10T10:08:10.870581Z[0m [34mDEBUG[0m [2mhyper::client::pool[0m[2m:[0m reuse idle connection for ("http", 192.168.0.14:8545)
[2m2025-12-10T10:08:10.870623Z[0m [34mDEBUG[0m [2mhyper::proto::h1::io[0m[2m:[0m flushed 250 bytes
[2m2025-12-10T10:08:10.870641Z[0m [34mDEBUG[0m [2mhyper::proto::h1::io[0m[2m:[0m parsed 4 headers
[2m2025-12-10T10:08:10.870645Z[0m [34mDEBUG[0m [2mhyper::proto::h1::conn[0m[2m:[0m incoming body is content-length (45 bytes)
[2m2025-12-10T10:08:10.870653Z[0m [34mDEBUG[0m [2mhyper::proto::h1::conn[0m[2m:[0m incoming body completed
[2m2025-12-10T10:08:10.870661Z[0m [34mDEBUG[0m [2mhyper::client::pool[0m[2m:[0m pooling idle connection for ("http", 192.168.0.14:8545)
[2m2025-12-10T10:08:10.875236Z[0m [34mDEBUG[0m [2mhyper::proto::h1::io[0m[2m:[0m parsed 4 headers
[2m2025-12-10T10:08:10.875259Z[0m [34mDEBUG[0m [2mhyper::proto::h1::conn[0m[2m:[0m incoming body is content-length (650 bytes)
[2m2025-12-10T10:08:10.875277Z[0m [34mDEBUG[0m [2mhyper::proto::h1::conn[0m[2m:[0m incoming body completed
[2m2025-12-10T10:08:10.875289Z[0m [34mDEBUG[0m [2mhyper::client::pool[0m[2m:[0m pooling idle connection for ("http", 192.168.0.14:8545)
[2m2025-12-10T10:08:10.875295Z[0m [34mDEBUG[0m [2methereum_transaction_pool_monitor::eth_client[0m[2m:[0m 📡 Transaction fetch RPC completed in 4.729834ms
[2m2025-12-10T10:08:10.945745Z[0m [34mDEBUG[0m [2methereum_transaction_pool_monitor::eth_client[0m[2m:[0m ✅ Transaction 0x97912224b66a9517ca35ca07004f16aa3cd4487d3e132b617a05d028179bc63e fetched and parsed in 75.177042ms
[2m2025-12-10T10:08:10.945770Z[0m [34mDEBUG[0m [2methereum_transaction_pool_monitor::mempool_monitor[0m[2m:[0m 🔍 Skipping tx 0x97912224b66a9517ca35ca07004f16aa3cd4487d3e132b617a05d028179bc63e - not a DEX interaction (target: 0x39c0D9471ED426525a47121831b55089CE87B337)
[2m2025-12-10T10:08:10.945780Z[0m [34mDEBUG[0m [2methereum_transaction_pool_monitor::mempool_monitor[0m[2m:[0m 📨 Processing new pending transaction: 0x6b38eee9380413f83e35d7c8fc71323156bb0e725c5889b8d33138a347b11433
[2m2025-12-10T10:08:10.945786Z[0m [34mDEBUG[0m [2methereum_transaction_pool_monitor::mempool_monitor[0m[2m:[0m 🔍 Fetching transaction details for: 0x6b38eee9380413f83e35d7c8fc71323156bb0e725c5889b8d33138a347b11433
[2m2025-12-10T10:08:10.945791Z[0m [34mDEBUG[0m [2methereum_transaction_pool_monitor::eth_client[0m[2m:[0m 🔍 Fetching transaction details for hash: 0x6b38eee9380413f83e35d7c8fc71323156bb0e725c5889b8d33138a347b11433
[2m2025-12-10T10:08:10.945811Z[0m [34mDEBUG[0m [2mhyper::client::pool[0m[2m:[0m reuse idle connection for ("http", 192.168.0.14:8545)
[2m2025-12-10T10:08:10.945860Z[0m [34mDEBUG[0m [2mhyper::proto::h1::io[0m[2m:[0m flushed 250 bytes
[2m2025-12-10T10:08:10.945890Z[0m [34mDEBUG[0m [2mhyper::client::pool[0m[2m:[0m reuse idle connection for ("http", 192.168.0.14:8545)
[2m2025-12-10T10:08:10.945907Z[0m [34mDEBUG[0m [2mhyper::proto::h1::io[0m[2m:[0m flushed 172 bytes
[2m2025-12-10T10:08:10.950043Z[0m [34mDEBUG[0m [2mhyper::proto::h1::io[0m[2m:[0m parsed 4 headers
[2m2025-12-10T10:08:10.950050Z[0m [34mDEBUG[0m [2mhyper::proto::h1::conn[0m[2m:[0m incoming body is content-length (45 bytes)
[2m2025-12-10T10:08:10.950058Z[0m [34mDEBUG[0m [2mhyper::proto::h1::conn[0m[2m:[0m incoming body completed
[2m2025-12-10T10:08:10.950069Z[0m [34mDEBUG[0m [2mhyper::client::pool[0m[2m:[0m pooling idle connection for ("http", 192.168.0.14:8545)
[2m2025-12-10T10:08:10.950086Z[0m [34mDEBUG[0m [2mhyper::proto::h1::io[0m[2m:[0m parsed 4 headers
[2m2025-12-10T10:08:10.950090Z[0m [34mDEBUG[0m [2mhyper::proto::h1::conn[0m[2m:[0m incoming body is content-length (774 bytes)
[2m2025-12-10T10:08:10.950094Z[0m [34mDEBUG[0m [2mhyper::proto::h1::conn[0m[2m:[0m incoming body completed
[2m2025-12-10T10:08:10.950099Z[0m [34mDEBUG[0m [2mhyper::client::pool[0m[2m:[0m pooling idle connection for ("http", 192.168.0.14:8545)
[2m2025-12-10T10:08:10.950103Z[0m [34mDEBUG[0m [2methereum_transaction_pool_monitor::eth_client[0m[2m:[0m 📡 Transaction fetch RPC completed in 4.3075ms
[2m2025-12-10T10:08:11.021865Z[0m [34mDEBUG[0m [2methereum_transaction_pool_monitor::eth_client[0m[2m:[0m ✅ Transaction 0x6b38eee9380413f83e35d7c8fc71323156bb0e725c5889b8d33138a347b11433 fetched and parsed in 76.067125ms
[2m2025-12-10T10:08:11.021893Z[0m [34mDEBUG[0m [2methereum_transaction_pool_monitor::mempool_monitor[0m[2m:[0m 🔍 Skipping tx 0x6b38eee9380413f83e35d7c8fc71323156bb0e725c5889b8d33138a347b11433 - not a DEX interaction (target: 0xA0b86991c6218b36c1d19D4a2e9Eb0cE3606eB48)
[2m2025-12-10T10:08:11.021904Z[0m [34mDEBUG[0m [2methereum_transaction_pool_monitor::mempool_monitor[0m[2m:[0m 📨 Processing new pending transaction: 0x0a250442b33f560abff3e3df3742da75d30424063ebdb2c473665241fbfafdf3
[2m2025-12-10T10:08:11.021911Z[0m [34mDEBUG[0m [2methereum_transaction_pool_monitor::mempool_monitor[0m[2m:[0m 🔍 Fetching transaction details for: 0x0a250442b33f560abff3e3df3742da75d30424063ebdb2c473665241fbfafdf3
[2m2025-12-10T10:08:11.021917Z[0m [34mDEBUG[0m [2methereum_transaction_pool_monitor::eth_client[0m[2m:[0m 🔍 Fetching transaction details for hash: 0x0a250442b33f560abff3e3df3742da75d30424063ebdb2c473665241fbfafdf3
[2m2025-12-10T10:08:11.021938Z[0m [34mDEBUG[0m [2mhyper::client::pool[0m[2m:[0m reuse idle connection for ("http", 192.168.0.14:8545)
[2m2025-12-10T10:08:11.021981Z[0m [34mDEBUG[0m [2mhyper::proto::h1::io[0m[2m:[0m flushed 250 bytes
[2m2025-12-10T10:08:11.022011Z[0m [34mDEBUG[0m [2mhyper::client::pool[0m[2m:[0m reuse idle connection for ("http", 192.168.0.14:8545)
[2m2025-12-10T10:08:11.022029Z[0m [34mDEBUG[0m [2mhyper::proto::h1::io[0m[2m:[0m flushed 172 bytes
[2m2025-12-10T10:08:11.027306Z[0m [34mDEBUG[0m [2mhyper::proto::h1::io[0m[2m:[0m parsed 4 headers
[2m2025-12-10T10:08:11.027312Z[0m [34mDEBUG[0m [2mhyper::proto::h1::conn[0m[2m:[0m incoming body is content-length (45 bytes)
[2m2025-12-10T10:08:11.027319Z[0m [34mDEBUG[0m [2mhyper::proto::h1::conn[0m[2m:[0m incoming body completed
[2m2025-12-10T10:08:11.027326Z[0m [34mDEBUG[0m [2mhyper::client::pool[0m[2m:[0m pooling idle connection for ("http", 192.168.0.14:8545)
[2m2025-12-10T10:08:11.031025Z[0m [34mDEBUG[0m [2mhyper::proto::h1::io[0m[2m:[0m parsed 4 headers
[2m2025-12-10T10:08:11.031035Z[0m [34mDEBUG[0m [2mhyper::proto::h1::conn[0m[2m:[0m incoming body is content-length (832 bytes)
[2m2025-12-10T10:08:11.031042Z[0m [34mDEBUG[0m [2mhyper::proto::h1::conn[0m[2m:[0m incoming body completed
[2m2025-12-10T10:08:11.031051Z[0m [34mDEBUG[0m [2mhyper::client::pool[0m[2m:[0m pooling idle connection for ("http", 192.168.0.14:8545)
[2m2025-12-10T10:08:11.031056Z[0m [34mDEBUG[0m [2methereum_transaction_pool_monitor::eth_client[0m[2m:[0m 📡 Transaction fetch RPC completed in 9.133833ms
[2m2025-12-10T10:08:11.102680Z[0m [34mDEBUG[0m [2methereum_transaction_pool_monitor::eth_client[0m[2m:[0m ✅ Transaction 0x0a250442b33f560abff3e3df3742da75d30424063ebdb2c473665241fbfafdf3 fetched and parsed in 80.754666ms
[2m2025-12-10T10:08:11.102706Z[0m [34mDEBUG[0m [2methereum_transaction_pool_monitor::mempool_monitor[0m[2m:[0m 🔍 Skipping tx 0x0a250442b33f560abff3e3df3742da75d30424063ebdb2c473665241fbfafdf3 - not a DEX interaction (target: 0x3B4D794a66304F130a4Db8F2551B0070dfCf5ca7)
[2m2025-12-10T10:08:11.103407Z[0m [34mDEBUG[0m [2methereum_transaction_pool_monitor::mempool_monitor[0m[2m:[0m 📨 Processing new pending transaction: 0x4221343e9765971f0c0d3cb705654a40a78777db90ba920d86d25aff67a1d6b1
[2m2025-12-10T10:08:11.103416Z[0m [34mDEBUG[0m [2methereum_transaction_pool_monitor::mempool_monitor[0m[2m:[0m 🔍 Fetching transaction details for: 0x4221343e9765971f0c0d3cb705654a40a78777db90ba920d86d25aff67a1d6b1
[2m2025-12-10T10:08:11.103421Z[0m [34mDEBUG[0m [2methereum_transaction_pool_monitor::eth_client[0m[2m:[0m 🔍 Fetching transaction details for hash: 0x4221343e9765971f0c0d3cb705654a40a78777db90ba920d86d25aff67a1d6b1
[2m2025-12-10T10:08:11.103439Z[0m [34mDEBUG[0m [2mhyper::client::pool[0m[2m:[0m reuse idle connection for ("http", 192.168.0.14:8545)
[2m2025-12-10T10:08:11.103491Z[0m [34mDEBUG[0m [2mhyper::proto::h1::io[0m[2m:[0m flushed 250 bytes
[2m2025-12-10T10:08:11.103530Z[0m [34mDEBUG[0m [2mhyper::client::pool[0m[2m:[0m reuse idle connection for ("http", 192.168.0.14:8545)
[2m2025-12-10T10:08:11.103543Z[0m [34mDEBUG[0m [2mhyper::proto::h1::io[0m[2m:[0m flushed 172 bytes
[2m2025-12-10T10:08:11.115722Z[0m [34mDEBUG[0m [2mhyper::proto::h1::io[0m[2m:[0m parsed 4 headers
[2m2025-12-10T10:08:11.115730Z[0m [34mDEBUG[0m [2mhyper::proto::h1::conn[0m[2m:[0m incoming body is content-length (2947 bytes)
[2m2025-12-10T10:08:11.115741Z[0m [34mDEBUG[0m [2mhyper::proto::h1::conn[0m[2m:[0m incoming body completed
[2m2025-12-10T10:08:11.115751Z[0m [34mDEBUG[0m [2mhyper::client::pool[0m[2m:[0m pooling idle connection for ("http", 192.168.0.14:8545)
[2m2025-12-10T10:08:11.115759Z[0m [34mDEBUG[0m [2methereum_transaction_pool_monitor::eth_client[0m[2m:[0m 📡 Transaction fetch RPC completed in 12.334333ms
[2m2025-12-10T10:08:11.187683Z[0m [34mDEBUG[0m [2methereum_transaction_pool_monitor::eth_client[0m[2m:[0m ✅ Transaction 0x4221343e9765971f0c0d3cb705654a40a78777db90ba920d86d25aff67a1d6b1 fetched and parsed in 84.256166ms
[2m2025-12-10T10:08:11.189909Z[0m [34mDEBUG[0m [2methereum_transaction_pool_monitor::mempool_monitor[0m[2m:[0m 🔍 Skipping tx 0x4221343e9765971f0c0d3cb705654a40a78777db90ba920d86d25aff67a1d6b1 - not a DEX interaction (target: 0x5132A183E9F3CB7C848b0AAC5Ae0c4f0491B7aB2)
[2m2025-12-10T10:08:11.189925Z[0m [34mDEBUG[0m [2methereum_transaction_pool_monitor::mempool_monitor[0m[2m:[0m 📨 Processing new pending transaction: 0x8408976c824cce76363d86c9b1d3901bfdcacaef52ed367b82903dae53b50a15
[2m2025-12-10T10:08:11.189935Z[0m [34mDEBUG[0m [2methereum_transaction_pool_monitor::mempool_monitor[0m[2m:[0m 🔍 Fetching transaction details for: 0x8408976c824cce76363d86c9b1d3901bfdcacaef52ed367b82903dae53b50a15
[2m2025-12-10T10:08:11.189942Z[0m [34mDEBUG[0m [2methereum_transaction_pool_monitor::eth_client[0m[2m:[0m 🔍 Fetching transaction details for hash: 0x8408976c824cce76363d86c9b1d3901bfdcacaef52ed367b82903dae53b50a15
[2m2025-12-10T10:08:11.189971Z[0m [34mDEBUG[0m [2mhyper::client::pool[0m[2m:[0m reuse idle connection for ("http", 192.168.0.14:8545)
[2m2025-12-10T10:08:11.190008Z[0m [34mDEBUG[0m [2mhyper::proto::h1::io[0m[2m:[0m flushed 250 bytes
[2m2025-12-10T10:08:11.190036Z[0m [34mDEBUG[0m [2methereum_transaction_pool_monitor::eth_client[0m[2m:[0m 📨 Received WebSocket message: {"jsonrpc":"2.0","method":"eth_subscription","params":{"subscription":"0xbed0a0851463e895960a451075a301a9","result":"0x13460b8b8b3dccfd5ce64f682b90e8003e5563d57649d165ce5d7c614754c975"}}
[2m2025-12-10T10:08:11.190041Z[0m [34mDEBUG[0m [2mhyper::proto::h1::io[0m[2m:[0m parsed 4 headers
[2m2025-12-10T10:08:11.190051Z[0m [34mDEBUG[0m [2methereum_transaction_pool_monitor::eth_client[0m[2m:[0m 📨 Received pending transaction: 0x13460b8b8b3dccfd5ce64f682b90e8003e5563d57649d165ce5d7c614754c975
[2m2025-12-10T10:08:11.190054Z[0m [34mDEBUG[0m [2mhyper::proto::h1::conn[0m[2m:[0m incoming body is content-length (45 bytes)
[2m2025-12-10T10:08:11.190063Z[0m [34mDEBUG[0m [2mhyper::proto::h1::conn[0m[2m:[0m incoming body completed
[2m2025-12-10T10:08:11.190072Z[0m [34mDEBUG[0m [2mhyper::client::pool[0m[2m:[0m pooling idle connection for ("http", 192.168.0.14:8545)
[2m2025-12-10T10:08:11.195240Z[0m [34mDEBUG[0m [2mhyper::client::pool[0m[2m:[0m reuse idle connection for ("http", 192.168.0.14:8545)
[2m2025-12-10T10:08:11.195270Z[0m [34mDEBUG[0m [2mhyper::proto::h1::io[0m[2m:[0m flushed 172 bytes
[2m2025-12-10T10:08:11.200083Z[0m [34mDEBUG[0m [2mhyper::proto::h1::io[0m[2m:[0m parsed 4 headers
[2m2025-12-10T10:08:11.200092Z[0m [34mDEBUG[0m [2mhyper::proto::h1::conn[0m[2m:[0m incoming body is content-length (764 bytes)
[2m2025-12-10T10:08:11.200098Z[0m [34mDEBUG[0m [2mhyper::proto::h1::conn[0m[2m:[0m incoming body completed
[2m2025-12-10T10:08:11.200106Z[0m [34mDEBUG[0m [2mhyper::client::pool[0m[2m:[0m pooling idle connection for ("http", 192.168.0.14:8545)
[2m2025-12-10T10:08:11.200112Z[0m [34mDEBUG[0m [2methereum_transaction_pool_monitor::eth_client[0m[2m:[0m 📡 Transaction fetch RPC completed in 10.162917ms
[2m2025-12-10T10:08:11.200126Z[0m [34mDEBUG[0m [2methereum_transaction_pool_monitor::eth_client[0m[2m:[0m DeFi transaction detected - Address: 0xdac17f958d2ee523a2206206994597c13d831ec7, Type: Stablecoin, Value: 0 ETH, Gas: 0.32 Gwei
[2m2025-12-10T10:08:11.200142Z[0m [34mDEBUG[0m [2methereum_transaction_pool_monitor::eth_client[0m[2m:[0m ✅ Transaction 0x8408976c824cce76363d86c9b1d3901bfdcacaef52ed367b82903dae53b50a15 fetched and parsed in 10.192625ms
[2m2025-12-10T10:08:11.200149Z[0m [34mDEBUG[0m [2methereum_transaction_pool_monitor::mempool_monitor[0m[2m:[0m 🔍 Skipping tx 0x8408976c824cce76363d86c9b1d3901bfdcacaef52ed367b82903dae53b50a15 - not a DEX interaction (target: 0xdAC17F958D2ee523a2206206994597C13D831ec7)
[2m2025-12-10T10:08:11.200158Z[0m [34mDEBUG[0m [2methereum_transaction_pool_monitor::mempool_monitor[0m[2m:[0m 📨 Processing new pending transaction: 0xb243614ff7a5f547c91f06a27b2f6d69c7aa608dce60d79afb191c337526886d
[2m2025-12-10T10:08:11.200162Z[0m [34mDEBUG[0m [2methereum_transaction_pool_monitor::mempool_monitor[0m[2m:[0m 🔍 Fetching transaction details for: 0xb243614ff7a5f547c91f06a27b2f6d69c7aa608dce60d79afb191c337526886d
[2m2025-12-10T10:08:11.200165Z[0m [34mDEBUG[0m [2methereum_transaction_pool_monitor::eth_client[0m[2m:[0m 🔍 Fetching transaction details for hash: 0xb243614ff7a5f547c91f06a27b2f6d69c7aa608dce60d79afb191c337526886d
[2m2025-12-10T10:08:11.200175Z[0m [34mDEBUG[0m [2mhyper::client::pool[0m[2m:[0m reuse idle connection for ("http", 192.168.0.14:8545)
[2m2025-12-10T10:08:11.200190Z[0m [34mDEBUG[0m [2mhyper::proto::h1::io[0m[2m:[0m flushed 250 bytes
[2m2025-12-10T10:08:11.201937Z[0m [34mDEBUG[0m [2mhyper::proto::h1::io[0m[2m:[0m parsed 4 headers
[2m2025-12-10T10:08:11.201943Z[0m [34mDEBUG[0m [2mhyper::proto::h1::conn[0m[2m:[0m incoming body is content-length (45 bytes)
[2m2025-12-10T10:08:11.201948Z[0m [34mDEBUG[0m [2mhyper::proto::h1::conn[0m[2m:[0m incoming body completed
[2m2025-12-10T10:08:11.201953Z[0m [34mDEBUG[0m [2mhyper::client::pool[0m[2m:[0m pooling idle connection for ("http", 192.168.0.14:8545)
[2m2025-12-10T10:08:11.209586Z[0m [34mDEBUG[0m [2mhyper::proto::h1::io[0m[2m:[0m parsed 4 headers
[2m2025-12-10T10:08:11.209593Z[0m [34mDEBUG[0m [2mhyper::proto::h1::conn[0m[2m:[0m incoming body is content-length (2310 bytes)
[2m2025-12-10T10:08:11.209599Z[0m [34mDEBUG[0m [2mhyper::proto::h1::conn[0m[2m:[0m incoming body completed
[2m2025-12-10T10:08:11.209606Z[0m [34mDEBUG[0m [2mhyper::client::pool[0m[2m:[0m pooling idle connection for ("http", 192.168.0.14:8545)
[2m2025-12-10T10:08:11.209612Z[0m [34mDEBUG[0m [2methereum_transaction_pool_monitor::eth_client[0m[2m:[0m 📡 Transaction fetch RPC completed in 9.443208ms
[2m2025-12-10T10:08:11.281590Z[0m [34mDEBUG[0m [2methereum_transaction_pool_monitor::eth_client[0m[2m:[0m ✅ Transaction 0xb243614ff7a5f547c91f06a27b2f6d69c7aa608dce60d79afb191c337526886d fetched and parsed in 81.4175ms
[2m2025-12-10T10:08:11.281619Z[0m [34mDEBUG[0m [2methereum_transaction_pool_monitor::mempool_monitor[0m[2m:[0m 🔍 Skipping tx 0xb243614ff7a5f547c91f06a27b2f6d69c7aa608dce60d79afb191c337526886d - not a DEX interaction (target: 0x0736bdc975aF0675B9A045384Efed91360d25479)
[2m2025-12-10T10:08:11.281630Z[0m [34mDEBUG[0m [2methereum_transaction_pool_monitor::mempool_monitor[0m[2m:[0m 📨 Processing new pending transaction: 0x9f97edb253473ffeeefeb7e7f9858c9c2790d4651d26df6a2274fb1d978e8645
[2m2025-12-10T10:08:11.281637Z[0m [34mDEBUG[0m [2methereum_transaction_pool_monitor::mempool_monitor[0m[2m:[0m 🔍 Fetching transaction details for: 0x9f97edb253473ffeeefeb7e7f9858c9c2790d4651d26df6a2274fb1d978e8645
[2m2025-12-10T10:08:11.281642Z[0m [34mDEBUG[0m [2methereum_transaction_pool_monitor::eth_client[0m[2m:[0m 🔍 Fetching transaction details for hash: 0x9f97edb253473ffeeefeb7e7f9858c9c2790d4651d26df6a2274fb1d978e8645
[2m2025-12-10T10:08:11.281665Z[0m [34mDEBUG[0m [2mhyper::client::pool[0m[2m:[0m reuse idle connection for ("http", 192.168.0.14:8545)
[2m2025-12-10T10:08:11.281722Z[0m [34mDEBUG[0m [2mhyper::proto::h1::io[0m[2m:[0m flushed 250 bytes
[2m2025-12-10T10:08:11.281746Z[0m [34mDEBUG[0m [2methereum_transaction_pool_monitor::eth_client[0m[2m:[0m 📨 Received WebSocket message: {"jsonrpc":"2.0","method":"eth_subscription","params":{"subscription":"0xbed0a0851463e895960a451075a301a9","result":"0xa05136d68bbe870a55bff518536e0a9711853a4daf11f08ce8fe3944435aee7a"}}
[2m2025-12-10T10:08:11.281755Z[0m [34mDEBUG[0m [2methereum_transaction_pool_monitor::eth_client[0m[2m:[0m 📨 Received pending transaction: 0xa05136d68bbe870a55bff518536e0a9711853a4daf11f08ce8fe3944435aee7a
[2m2025-12-10T10:08:11.289215Z[0m [34mDEBUG[0m [2mhyper::proto::h1::io[0m[2m:[0m parsed 4 headers
[2m2025-12-10T10:08:11.289240Z[0m [34mDEBUG[0m [2mhyper::proto::h1::conn[0m[2m:[0m incoming body is content-length (772 bytes)
[2m2025-12-10T10:08:11.289253Z[0m [34mDEBUG[0m [2mhyper::proto::h1::conn[0m[2m:[0m incoming body completed
[2m2025-12-10T10:08:11.289280Z[0m [34mDEBUG[0m [2mhyper::client::pool[0m[2m:[0m pooling idle connection for ("http", 192.168.0.14:8545)
[2m2025-12-10T10:08:11.289287Z[0m [34mDEBUG[0m [2methereum_transaction_pool_monitor::eth_client[0m[2m:[0m 📡 Transaction fetch RPC completed in 7.6405ms
[2m2025-12-10T10:08:11.289309Z[0m [34mDEBUG[0m [2methereum_transaction_pool_monitor::eth_client[0m[2m:[0m DeFi transaction detected - Address: 0xdac17f958d2ee523a2206206994597c13d831ec7, Type: Stablecoin, Value: 0 ETH, Gas: 5.80 Gwei
[2m2025-12-10T10:08:11.289321Z[0m [34mDEBUG[0m [2methereum_transaction_pool_monitor::eth_client[0m[2m:[0m ✅ Transaction 0x9f97edb253473ffeeefeb7e7f9858c9c2790d4651d26df6a2274fb1d978e8645 fetched and parsed in 7.674375ms
[2m2025-12-10T10:08:11.289327Z[0m [34mDEBUG[0m [2methereum_transaction_pool_monitor::mempool_monitor[0m[2m:[0m 🔍 Skipping tx 0x9f97edb253473ffeeefeb7e7f9858c9c2790d4651d26df6a2274fb1d978e8645 - not a DEX interaction (target: 0xdAC17F958D2ee523a2206206994597C13D831ec7)
[2m2025-12-10T10:08:11.289333Z[0m [34mDEBUG[0m [2methereum_transaction_pool_monitor::mempool_monitor[0m[2m:[0m 📨 Processing new pending transaction: 0x7b12e2606fa93b014ff5f0cbcd3dd19ffaf5211c1b6f4bc7284b0f1e457768f6
[2m2025-12-10T10:08:11.289337Z[0m [34mDEBUG[0m [2methereum_transaction_pool_monitor::mempool_monitor[0m[2m:[0m 🔍 Fetching transaction details for: 0x7b12e2606fa93b014ff5f0cbcd3dd19ffaf5211c1b6f4bc7284b0f1e457768f6
[2m2025-12-10T10:08:11.289340Z[0m [34mDEBUG[0m [2methereum_transaction_pool_monitor::eth_client[0m[2m:[0m 🔍 Fetching transaction details for hash: 0x7b12e2606fa93b014ff5f0cbcd3dd19ffaf5211c1b6f4bc7284b0f1e457768f6
[2m2025-12-10T10:08:11.289356Z[0m [34mDEBUG[0m [2mhyper::client::pool[0m[2m:[0m reuse idle connection for ("http", 192.168.0.14:8545)
[2m2025-12-10T10:08:11.289380Z[0m [34mDEBUG[0m [2mhyper::proto::h1::io[0m[2m:[0m flushed 250 bytes
[2m2025-12-10T10:08:11.294376Z[0m [34mDEBUG[0m [2mhyper::proto::h1::io[0m[2m:[0m parsed 4 headers
[2m2025-12-10T10:08:11.294382Z[0m [34mDEBUG[0m [2mhyper::proto::h1::conn[0m[2m:[0m incoming body is content-length (2373 bytes)
[2m2025-12-10T10:08:11.294392Z[0m [34mDEBUG[0m [2methereum_transaction_pool_monitor::eth_client[0m[2m:[0m 📡 Transaction fetch RPC completed in 5.048042ms
[2m2025-12-10T10:08:11.295080Z[0m [34mDEBUG[0m [2mhyper::client::pool[0m[2m:[0m reuse idle connection for ("http", 192.168.0.14:8545)
[2m2025-12-10T10:08:11.295082Z[0m [34mDEBUG[0m [2mhyper::proto::h1::conn[0m[2m:[0m incoming body completed
[2m2025-12-10T10:08:11.295097Z[0m [34mDEBUG[0m [2mhyper::client::pool[0m[2m:[0m pooling idle connection for ("http", 192.168.0.14:8545)
[2m2025-12-10T10:08:11.295102Z[0m [34mDEBUG[0m [2mhyper::proto::h1::io[0m[2m:[0m flushed 172 bytes
[2m2025-12-10T10:08:11.300310Z[0m [34mDEBUG[0m [2mhyper::proto::h1::io[0m[2m:[0m parsed 4 headers
[2m2025-12-10T10:08:11.300326Z[0m [34mDEBUG[0m [2mhyper::proto::h1::conn[0m[2m:[0m incoming body is content-length (45 bytes)
[2m2025-12-10T10:08:11.300333Z[0m [34mDEBUG[0m [2mhyper::proto::h1::conn[0m[2m:[0m incoming body completed
[2m2025-12-10T10:08:11.300342Z[0m [34mDEBUG[0m [2mhyper::client::pool[0m[2m:[0m pooling idle connection for ("http", 192.168.0.14:8545)
[2m2025-12-10T10:08:11.328364Z[0m [34mDEBUG[0m [2methereum_transaction_pool_monitor::eth_client[0m[2m:[0m 📨 Received WebSocket message: {"jsonrpc":"2.0","method":"eth_subscription","params":{"subscription":"0xbed0a0851463e895960a451075a301a9","result":"0x4bc70d86a2c5265c574bd093769d0e6ef1e862cbb12a477a05e39d310875c8a9"}}
[2m2025-12-10T10:08:11.328419Z[0m [34mDEBUG[0m [2methereum_transaction_pool_monitor::eth_client[0m[2m:[0m 📨 Received pending transaction: 0x4bc70d86a2c5265c574bd093769d0e6ef1e862cbb12a477a05e39d310875c8a9
[2m2025-12-10T10:08:11.343660Z[0m [34mDEBUG[0m [2methereum_transaction_pool_monitor::eth_client[0m[2m:[0m 📨 Received WebSocket message: {"jsonrpc":"2.0","method":"eth_subscription","params":{"subscription":"0xbed0a0851463e895960a451075a301a9","result":"0x24ce8b2d0003d210f1bf7602c10c35b889859e1af82be235011a3c69e9e0cfa4"}}
[2m2025-12-10T10:08:11.343723Z[0m [34mDEBUG[0m [2methereum_transaction_pool_monitor::eth_client[0m[2m:[0m 📨 Received pending transaction: 0x24ce8b2d0003d210f1bf7602c10c35b889859e1af82be235011a3c69e9e0cfa4
[2m2025-12-10T10:08:11.367494Z[0m [34mDEBUG[0m [2methereum_transaction_pool_monitor::eth_client[0m[2m:[0m ✅ Transaction 0x7b12e2606fa93b014ff5f0cbcd3dd19ffaf5211c1b6f4bc7284b0f1e457768f6 fetched and parsed in 78.147833ms
[2m2025-12-10T10:08:11.367512Z[0m [34mDEBUG[0m [2methereum_transaction_pool_monitor::mempool_monitor[0m[2m:[0m 🔍 Skipping tx 0x7b12e2606fa93b014ff5f0cbcd3dd19ffaf5211c1b6f4bc7284b0f1e457768f6 - not a DEX interaction (target: 0x66a9893cC07D91D95644AEDD05D03f95e1dBA8Af)
[2m2025-12-10T10:08:11.367523Z[0m [34mDEBUG[0m [2methereum_transaction_pool_monitor::mempool_monitor[0m[2m:[0m 📨 Processing new pending transaction: 0x23c0a293e41c1f450d2233fc481f41317f643aa8520e92e4e989b9c0443906dd
[2m2025-12-10T10:08:11.367529Z[0m [34mDEBUG[0m [2methereum_transaction_pool_monitor::mempool_monitor[0m[2m:[0m 🔍 Fetching transaction details for: 0x23c0a293e41c1f450d2233fc481f41317f643aa8520e92e4e989b9c0443906dd
[2m2025-12-10T10:08:11.367537Z[0m [34mDEBUG[0m [2methereum_transaction_pool_monitor::eth_client[0m[2m:[0m 🔍 Fetching transaction details for hash: 0x23c0a293e41c1f450d2233fc481f41317f643aa8520e92e4e989b9c0443906dd
[2m2025-12-10T10:08:11.367558Z[0m [34mDEBUG[0m [2mhyper::client::pool[0m[2m:[0m reuse idle connection for ("http", 192.168.0.14:8545)
[2m2025-12-10T10:08:11.367869Z[0m [34mDEBUG[0m [2mhyper::proto::h1::io[0m[2m:[0m flushed 250 bytes
[2m2025-12-10T10:08:11.375854Z[0m [34mDEBUG[0m [2mhyper::proto::h1::io[0m[2m:[0m parsed 4 headers
[2m2025-12-10T10:08:11.375886Z[0m [34mDEBUG[0m [2mhyper::proto::h1::conn[0m[2m:[0m incoming body is content-length (1286 bytes)
[2m2025-12-10T10:08:11.375894Z[0m [34mDEBUG[0m [2mhyper::proto::h1::conn[0m[2m:[0m incoming body completed
[2m2025-12-10T10:08:11.375905Z[0m [34mDEBUG[0m [2mhyper::client::pool[0m[2m:[0m pooling idle connection for ("http", 192.168.0.14:8545)
[2m2025-12-10T10:08:11.375913Z[0m [34mDEBUG[0m [2methereum_transaction_pool_monitor::eth_client[0m[2m:[0m 📡 Transaction fetch RPC completed in 8.36975ms
[2m2025-12-10T10:08:11.446825Z[0m [34mDEBUG[0m [2methereum_transaction_pool_monitor::eth_client[0m[2m:[0m ✅ Transaction 0x23c0a293e41c1f450d2233fc481f41317f643aa8520e92e4e989b9c0443906dd fetched and parsed in 79.279167ms
[2m2025-12-10T10:08:11.446853Z[0m [34mDEBUG[0m [2methereum_transaction_pool_monitor::mempool_monitor[0m[2m:[0m 🔍 Skipping tx 0x23c0a293e41c1f450d2233fc481f41317f643aa8520e92e4e989b9c0443906dd - not a DEX interaction (target: 0xB9f29969E5aB22DeeC107129064B5Fd56e6b9367)
[2m2025-12-10T10:08:11.446867Z[0m [34mDEBUG[0m [2methereum_transaction_pool_monitor::mempool_monitor[0m[2m:[0m 📨 Processing new pending transaction: 0xeba56c028b168523eb346852c35160206605ea76603ed6b622f33ca344b8e6c4
[2m2025-12-10T10:08:11.446875Z[0m [34mDEBUG[0m [2methereum_transaction_pool_monitor::mempool_monitor[0m[2m:[0m 🔍 Fetching transaction details for: 0xeba56c028b168523eb346852c35160206605ea76603ed6b622f33ca344b8e6c4
[2m2025-12-10T10:08:11.446880Z[0m [34mDEBUG[0m [2methereum_transaction_pool_monitor::eth_client[0m[2m:[0m 🔍 Fetching transaction details for hash: 0xeba56c028b168523eb346852c35160206605ea76603ed6b622f33ca344b8e6c4
[2m2025-12-10T10:08:11.446900Z[0m [34mDEBUG[0m [2mhyper::client::pool[0m[2m:[0m reuse idle connection for ("http", 192.168.0.14:8545)
[2m2025-12-10T10:08:11.446949Z[0m [34mDEBUG[0m [2mhyper::proto::h1::io[0m[2m:[0m flushed 250 bytes
[2m2025-12-10T10:08:11.446970Z[0m [34mDEBUG[0m [2mhyper::client::pool[0m[2m:[0m reuse idle connection for ("http", 192.168.0.14:8545)
[2m2025-12-10T10:08:11.446983Z[0m [34mDEBUG[0m [2methereum_transaction_pool_monitor::eth_client[0m[2m:[0m 📨 Received WebSocket message: {"jsonrpc":"2.0","method":"eth_subscription","params":{"subscription":"0xbed0a0851463e895960a451075a301a9","result":"0xb3fab07db61636d462521702efc4dbbab72c528407aea5772112ec78f0000061"}}
[2m2025-12-10T10:08:11.446998Z[0m [34mDEBUG[0m [2methereum_transaction_pool_monitor::eth_client[0m[2m:[0m 📨 Received pending transaction: 0xb3fab07db61636d462521702efc4dbbab72c528407aea5772112ec78f0000061
[2m2025-12-10T10:08:11.446986Z[0m [34mDEBUG[0m [2mhyper::proto::h1::io[0m[2m:[0m flushed 172 bytes
[2m2025-12-10T10:08:11.451720Z[0m [34mDEBUG[0m [2mhyper::proto::h1::io[0m[2m:[0m parsed 4 headers
[2m2025-12-10T10:08:11.451731Z[0m [34mDEBUG[0m [2mhyper::proto::h1::conn[0m[2m:[0m incoming body is content-length (676 bytes)
[2m2025-12-10T10:08:11.451740Z[0m [34mDEBUG[0m [2mhyper::proto::h1::conn[0m[2m:[0m incoming body completed
[2m2025-12-10T10:08:11.451750Z[0m [34mDEBUG[0m [2mhyper::client::pool[0m[2m:[0m pooling idle connection for ("http", 192.168.0.14:8545)
[2m2025-12-10T10:08:11.451758Z[0m [34mDEBUG[0m [2methereum_transaction_pool_monitor::eth_client[0m[2m:[0m 📡 Transaction fetch RPC completed in 4.872583ms
[2m2025-12-10T10:08:11.451784Z[0m [34mDEBUG[0m [2methereum_transaction_pool_monitor::eth_client[0m[2m:[0m DeFi transaction detected - Address: 0xdac17f958d2ee523a2206206994597c13d831ec7, Type: Stablecoin, Value: 0 ETH, Gas: 0.24 Gwei
[2m2025-12-10T10:08:11.451797Z[0m [34mDEBUG[0m [2methereum_transaction_pool_monitor::eth_client[0m[2m:[0m ✅ Transaction 0xeba56c028b168523eb346852c35160206605ea76603ed6b622f33ca344b8e6c4 fetched and parsed in 4.912416ms
[2m2025-12-10T10:08:11.451804Z[0m [34mDEBUG[0m [2methereum_transaction_pool_monitor::mempool_monitor[0m[2m:[0m 🔍 Skipping tx 0xeba56c028b168523eb346852c35160206605ea76603ed6b622f33ca344b8e6c4 - not a DEX interaction (target: 0xdAC17F958D2ee523a2206206994597C13D831ec7)
[2m2025-12-10T10:08:11.451812Z[0m [34mDEBUG[0m [2methereum_transaction_pool_monitor::mempool_monitor[0m[2m:[0m 📨 Processing new pending transaction: 0xf21a6a15f4a58ac25f0b45203250acf2e606df807b47f568defbafac3f30866e
[2m2025-12-10T10:08:11.451818Z[0m [34mDEBUG[0m [2methereum_transaction_pool_monitor::mempool_monitor[0m[2m:[0m 🔍 Fetching transaction details for: 0xf21a6a15f4a58ac25f0b45203250acf2e606df807b47f568defbafac3f30866e
[2m2025-12-10T10:08:11.451822Z[0m [34mDEBUG[0m [2methereum_transaction_pool_monitor::eth_client[0m[2m:[0m 🔍 Fetching transaction details for hash: 0xf21a6a15f4a58ac25f0b45203250acf2e606df807b47f568defbafac3f30866e
[2m2025-12-10T10:08:11.451837Z[0m [34mDEBUG[0m [2mhyper::client::pool[0m[2m:[0m reuse idle connection for ("http", 192.168.0.14:8545)
[2m2025-12-10T10:08:11.451862Z[0m [34mDEBUG[0m [2mhyper::proto::h1::io[0m[2m:[0m flushed 250 bytes
[2m2025-12-10T10:08:11.451872Z[0m [34mDEBUG[0m [2mhyper::proto::h1::io[0m[2m:[0m parsed 4 headers
[2m2025-12-10T10:08:11.451875Z[0m [34mDEBUG[0m [2mhyper::proto::h1::conn[0m[2m:[0m incoming body is content-length (45 bytes)
[2m2025-12-10T10:08:11.451879Z[0m [34mDEBUG[0m [2mhyper::proto::h1::conn[0m[2m:[0m incoming body completed
[2m2025-12-10T10:08:11.451884Z[0m [34mDEBUG[0m [2mhyper::client::pool[0m[2m:[0m pooling idle connection for ("http", 192.168.0.14:8545)
[2m2025-12-10T10:08:11.456151Z[0m [34mDEBUG[0m [2mhyper::proto::h1::io[0m[2m:[0m parsed 4 headers
[2m2025-12-10T10:08:11.456174Z[0m [34mDEBUG[0m [2mhyper::proto::h1::conn[0m[2m:[0m incoming body is content-length (838 bytes)
[2m2025-12-10T10:08:11.456182Z[0m [34mDEBUG[0m [2mhyper::proto::h1::conn[0m[2m:[0m incoming body completed
[2m2025-12-10T10:08:11.456191Z[0m [34mDEBUG[0m [2mhyper::client::pool[0m[2m:[0m pooling idle connection for ("http", 192.168.0.14:8545)
[2m2025-12-10T10:08:11.456198Z[0m [34mDEBUG[0m [2methereum_transaction_pool_monitor::eth_client[0m[2m:[0m 📡 Transaction fetch RPC completed in 4.371458ms
[2m2025-12-10T10:08:11.527131Z[0m [34mDEBUG[0m [2methereum_transaction_pool_monitor::eth_client[0m[2m:[0m ✅ Transaction 0xf21a6a15f4a58ac25f0b45203250acf2e606df807b47f568defbafac3f30866e fetched and parsed in 75.301708ms
[2m2025-12-10T10:08:11.527157Z[0m [34mDEBUG[0m [2methereum_transaction_pool_monitor::mempool_monitor[0m[2m:[0m 🔍 Skipping tx 0xf21a6a15f4a58ac25f0b45203250acf2e606df807b47f568defbafac3f30866e - not a DEX interaction (target: 0xA0b86991c6218b36c1d19D4a2e9Eb0cE3606eB48)
[2m2025-12-10T10:08:11.527167Z[0m [34mDEBUG[0m [2methereum_transaction_pool_monitor::mempool_monitor[0m[2m:[0m 📨 Processing new pending transaction: 0xbf254a362f48025800955a30d7e21419dc0962a8ae63f54a5d0a6e21c8643a01
[2m2025-12-10T10:08:11.527173Z[0m [34mDEBUG[0m [2methereum_transaction_pool_monitor::mempool_monitor[0m[2m:[0m 🔍 Fetching transaction details for: 0xbf254a362f48025800955a30d7e21419dc0962a8ae63f54a5d0a6e21c8643a01
[2m2025-12-10T10:08:11.527178Z[0m [34mDEBUG[0m [2methereum_transaction_pool_monitor::eth_client[0m[2m:[0m 🔍 Fetching transaction details for hash: 0xbf254a362f48025800955a30d7e21419dc0962a8ae63f54a5d0a6e21c8643a01
[2m2025-12-10T10:08:11.527199Z[0m [34mDEBUG[0m [2mhyper::client::pool[0m[2m:[0m reuse idle connection for ("http", 192.168.0.14:8545)
[2m2025-12-10T10:08:11.527245Z[0m [34mDEBUG[0m [2mhyper::proto::h1::io[0m[2m:[0m flushed 250 bytes
[2m2025-12-10T10:08:11.527266Z[0m [34mDEBUG[0m [2mhyper::client::pool[0m[2m:[0m reuse idle connection for ("http", 192.168.0.14:8545)
[2m2025-12-10T10:08:11.527279Z[0m [34mDEBUG[0m [2mhyper::proto::h1::io[0m[2m:[0m flushed 172 bytes
[2m2025-12-10T10:08:11.527295Z[0m [34mDEBUG[0m [2methereum_transaction_pool_monitor::eth_client[0m[2m:[0m 📨 Received WebSocket message: {"jsonrpc":"2.0","method":"eth_subscription","params":{"subscription":"0xbed0a0851463e895960a451075a301a9","result":"0xc9d01b90e647570ee49e19d174be6d585950df7ca73a61fe13c59f8d0ed49816"}}
[2m2025-12-10T10:08:11.527304Z[0m [34mDEBUG[0m [2methereum_transaction_pool_monitor::eth_client[0m[2m:[0m 📨 Received pending transaction: 0xc9d01b90e647570ee49e19d174be6d585950df7ca73a61fe13c59f8d0ed49816
[2m2025-12-10T10:08:11.531923Z[0m [34mDEBUG[0m [2mhyper::proto::h1::io[0m[2m:[0m parsed 4 headers
[2m2025-12-10T10:08:11.531931Z[0m [34mDEBUG[0m [2mhyper::proto::h1::conn[0m[2m:[0m incoming body is content-length (45 bytes)
[2m2025-12-10T10:08:11.531940Z[0m [34mDEBUG[0m [2mhyper::proto::h1::conn[0m[2m:[0m incoming body completed
[2m2025-12-10T10:08:11.531950Z[0m [34mDEBUG[0m [2mhyper::client::pool[0m[2m:[0m pooling idle connection for ("http", 192.168.0.14:8545)
[2m2025-12-10T10:08:11.531968Z[0m [34mDEBUG[0m [2mhyper::proto::h1::io[0m[2m:[0m parsed 4 headers
[2m2025-12-10T10:08:11.531973Z[0m [34mDEBUG[0m [2mhyper::proto::h1::conn[0m[2m:[0m incoming body is content-length (656 bytes)
[2m2025-12-10T10:08:11.531977Z[0m [34mDEBUG[0m [2mhyper::proto::h1::conn[0m[2m:[0m incoming body completed
[2m2025-12-10T10:08:11.531981Z[0m [34mDEBUG[0m [2mhyper::client::pool[0m[2m:[0m pooling idle connection for ("http", 192.168.0.14:8545)
[2m2025-12-10T10:08:11.531985Z[0m [34mDEBUG[0m [2methereum_transaction_pool_monitor::eth_client[0m[2m:[0m 📡 Transaction fetch RPC completed in 4.803042ms
[2m2025-12-10T10:08:11.603749Z[0m [34mDEBUG[0m [2methereum_transaction_pool_monitor::eth_client[0m[2m:[0m ✅ Transaction 0xbf254a362f48025800955a30d7e21419dc0962a8ae63f54a5d0a6e21c8643a01 fetched and parsed in 76.563833ms
[2m2025-12-10T10:08:11.603774Z[0m [34mDEBUG[0m [2methereum_transaction_pool_monitor::mempool_monitor[0m[2m:[0m 🔍 Skipping tx 0xbf254a362f48025800955a30d7e21419dc0962a8ae63f54a5d0a6e21c8643a01 - not a DEX interaction (target: 0xd7ad1E75Da3178Eb0AB6D83cE6f01557EbE916c4)
[2m2025-12-10T10:08:11.603783Z[0m [34mDEBUG[0m [2methereum_transaction_pool_monitor::mempool_monitor[0m[2m:[0m 📨 Processing new pending transaction: 0xece0759a451387c4648e5b2b6167703d44939bc3603c923b7eec9d136db17874
[2m2025-12-10T10:08:11.603789Z[0m [34mDEBUG[0m [2methereum_transaction_pool_monitor::mempool_monitor[0m[2m:[0m 🔍 Fetching transaction details for: 0xece0759a451387c4648e5b2b6167703d44939bc3603c923b7eec9d136db17874
[2m2025-12-10T10:08:11.603794Z[0m [34mDEBUG[0m [2methereum_transaction_pool_monitor::eth_client[0m[2m:[0m 🔍 Fetching transaction details for hash: 0xece0759a451387c4648e5b2b6167703d44939bc3603c923b7eec9d136db17874
[2m2025-12-10T10:08:11.603814Z[0m [34mDEBUG[0m [2mhyper::client::pool[0m[2m:[0m reuse idle connection for ("http", 192.168.0.14:8545)
[2m2025-12-10T10:08:11.603868Z[0m [34mDEBUG[0m [2mhyper::proto::h1::io[0m[2m:[0m flushed 250 bytes
[2m2025-12-10T10:08:11.603887Z[0m [34mDEBUG[0m [2mhyper::client::pool[0m[2m:[0m reuse idle connection for ("http", 192.168.0.14:8545)
[2m2025-12-10T10:08:11.603896Z[0m [34mDEBUG[0m [2methereum_transaction_pool_monitor::eth_client[0m[2m:[0m 📨 Received WebSocket message: {"jsonrpc":"2.0","method":"eth_subscription","params":{"subscription":"0xbed0a0851463e895960a451075a301a9","result":"0x0741a83bbf84b0050d424fdf08281a02d492a3c263d47b6f3e8c1286dbdef961"}}
[2m2025-12-10T10:08:11.603899Z[0m [34mDEBUG[0m [2mhyper::proto::h1::io[0m[2m:[0m flushed 172 bytes
[2m2025-12-10T10:08:11.603907Z[0m [34mDEBUG[0m [2methereum_transaction_pool_monitor::eth_client[0m[2m:[0m 📨 Received pending transaction: 0x0741a83bbf84b0050d424fdf08281a02d492a3c263d47b6f3e8c1286dbdef961
[2m2025-12-10T10:08:11.613015Z[0m [34mDEBUG[0m [2mhyper::proto::h1::io[0m[2m:[0m parsed 4 headers
[2m2025-12-10T10:08:11.613035Z[0m [34mDEBUG[0m [2mhyper::proto::h1::conn[0m[2m:[0m incoming body is content-length (45 bytes)
[2m2025-12-10T10:08:11.613046Z[0m [34mDEBUG[0m [2mhyper::proto::h1::conn[0m[2m:[0m incoming body completed
[2m2025-12-10T10:08:11.613058Z[0m [34mDEBUG[0m [2mhyper::client::pool[0m[2m:[0m pooling idle connection for ("http", 192.168.0.14:8545)
[2m2025-12-10T10:08:11.613080Z[0m [34mDEBUG[0m [2mhyper::proto::h1::io[0m[2m:[0m parsed 4 headers
[2m2025-12-10T10:08:11.613085Z[0m [34mDEBUG[0m [2mhyper::proto::h1::conn[0m[2m:[0m incoming body is content-length (678 bytes)
[2m2025-12-10T10:08:11.613091Z[0m [34mDEBUG[0m [2mhyper::proto::h1::conn[0m[2m:[0m incoming body completed
[2m2025-12-10T10:08:11.613099Z[0m [34mDEBUG[0m [2mhyper::client::pool[0m[2m:[0m pooling idle connection for ("http", 192.168.0.14:8545)
[2m2025-12-10T10:08:11.613119Z[0m [34mDEBUG[0m [2methereum_transaction_pool_monitor::eth_client[0m[2m:[0m 📡 Transaction fetch RPC completed in 9.319417ms
[2m2025-12-10T10:08:11.613133Z[0m [34mDEBUG[0m [2methereum_transaction_pool_monitor::eth_client[0m[2m:[0m DeFi transaction detected - Address: 0xdac17f958d2ee523a2206206994597c13d831ec7, Type: Stablecoin, Value: 0 ETH, Gas: 0.23 Gwei
[2m2025-12-10T10:08:11.613146Z[0m [34mDEBUG[0m [2methereum_transaction_pool_monitor::eth_client[0m[2m:[0m ✅ Transaction 0xece0759a451387c4648e5b2b6167703d44939bc3603c923b7eec9d136db17874 fetched and parsed in 9.347125ms
[2m2025-12-10T10:08:11.613153Z[0m [34mDEBUG[0m [2methereum_transaction_pool_monitor::mempool_monitor[0m[2m:[0m 🔍 Skipping tx 0xece0759a451387c4648e5b2b6167703d44939bc3603c923b7eec9d136db17874 - not a DEX interaction (target: 0xdAC17F958D2ee523a2206206994597C13D831ec7)
[2m2025-12-10T10:08:11.613162Z[0m [34mDEBUG[0m [2methereum_transaction_pool_monitor::mempool_monitor[0m[2m:[0m 📨 Processing new pending transaction: 0xd800c0d641af9d624b85c343fd20308a1f32a0077f290d6338323444d2d14042
[2m2025-12-10T10:08:11.613167Z[0m [34mDEBUG[0m [2methereum_transaction_pool_monitor::mempool_monitor[0m[2m:[0m 🔍 Fetching transaction details for: 0xd800c0d641af9d624b85c343fd20308a1f32a0077f290d6338323444d2d14042
[2m2025-12-10T10:08:11.613170Z[0m [34mDEBUG[0m [2methereum_transaction_pool_monitor::eth_client[0m[2m:[0m 🔍 Fetching transaction details for hash: 0xd800c0d641af9d624b85c343fd20308a1f32a0077f290d6338323444d2d14042
[2m2025-12-10T10:08:11.613190Z[0m [34mDEBUG[0m [2mhyper::client::pool[0m[2m:[0m reuse idle connection for ("http", 192.168.0.14:8545)
[2m2025-12-10T10:08:11.613209Z[0m [34mDEBUG[0m [2mhyper::proto::h1::io[0m[2m:[0m flushed 250 bytes
[2m2025-12-10T10:08:11.623719Z[0m [34mDEBUG[0m [2mhyper::proto::h1::io[0m[2m:[0m parsed 4 headers
[2m2025-12-10T10:08:11.623747Z[0m [34mDEBUG[0m [2mhyper::proto::h1::conn[0m[2m:[0m incoming body is content-length (772 bytes)
[2m2025-12-10T10:08:11.623758Z[0m [34mDEBUG[0m [2mhyper::proto::h1::conn[0m[2m:[0m incoming body completed
[2m2025-12-10T10:08:11.623772Z[0m [34mDEBUG[0m [2mhyper::client::pool[0m[2m:[0m pooling idle connection for ("http", 192.168.0.14:8545)
[2m2025-12-10T10:08:11.623784Z[0m [34mDEBUG[0m [2methereum_transaction_pool_monitor::eth_client[0m[2m:[0m 📡 Transaction fetch RPC completed in 10.610208ms
[2m2025-12-10T10:08:11.695601Z[0m [34mDEBUG[0m [2methereum_transaction_pool_monitor::eth_client[0m[2m:[0m ✅ Transaction 0xd800c0d641af9d624b85c343fd20308a1f32a0077f290d6338323444d2d14042 fetched and parsed in 82.424583ms
[2m2025-12-10T10:08:11.695633Z[0m [34mDEBUG[0m [2methereum_transaction_pool_monitor::mempool_monitor[0m[2m:[0m 🔍 Skipping tx 0xd800c0d641af9d624b85c343fd20308a1f32a0077f290d6338323444d2d14042 - not a DEX interaction (target: 0xB8f28C60dD8240141185a192fa4156A23E189305)
[2m2025-12-10T10:08:11.695647Z[0m [34mDEBUG[0m [2methereum_transaction_pool_monitor::mempool_monitor[0m[2m:[0m 📨 Processing new pending transaction: 0x943198119edd04a3006718c9cc59ded9749fe2dc747af672ba5faf84a36cd809
[2m2025-12-10T10:08:11.695756Z[0m [34mDEBUG[0m [2methereum_transaction_pool_monitor::mempool_monitor[0m[2m:[0m 🔍 Fetching transaction details for: 0x943198119edd04a3006718c9cc59ded9749fe2dc747af672ba5faf84a36cd809
[2m2025-12-10T10:08:11.695767Z[0m [34mDEBUG[0m [2methereum_transaction_pool_monitor::eth_client[0m[2m:[0m 🔍 Fetching transaction details for hash: 0x943198119edd04a3006718c9cc59ded9749fe2dc747af672ba5faf84a36cd809
[2m2025-12-10T10:08:11.695788Z[0m [34mDEBUG[0m [2mhyper::client::pool[0m[2m:[0m reuse idle connection for ("http", 192.168.0.14:8545)
[2m2025-12-10T10:08:11.695817Z[0m [34mDEBUG[0m [2mhyper::proto::h1::io[0m[2m:[0m flushed 250 bytes
[2m2025-12-10T10:08:11.695846Z[0m [34mDEBUG[0m [2mhyper::client::pool[0m[2m:[0m reuse idle connection for ("http", 192.168.0.14:8545)
[2m2025-12-10T10:08:11.695860Z[0m [34mDEBUG[0m [2mhyper::proto::h1::io[0m[2m:[0m flushed 172 bytes
[2m2025-12-10T10:08:11.700653Z[0m [34mDEBUG[0m [2mhyper::proto::h1::io[0m[2m:[0m parsed 4 headers
[2m2025-12-10T10:08:11.700694Z[0m [34mDEBUG[0m [2mhyper::proto::h1::conn[0m[2m:[0m incoming body is content-length (45 bytes)
[2m2025-12-10T10:08:11.700729Z[0m [34mDEBUG[0m [2mhyper::proto::h1::conn[0m[2m:[0m incoming body completed
[2m2025-12-10T10:08:11.700744Z[0m [34mDEBUG[0m [2mhyper::client::pool[0m[2m:[0m pooling idle connection for ("http", 192.168.0.14:8545)
[2m2025-12-10T10:08:11.700768Z[0m [34mDEBUG[0m [2mhyper::proto::h1::io[0m[2m:[0m parsed 4 headers
[2m2025-12-10T10:08:11.700773Z[0m [34mDEBUG[0m [2mhyper::proto::h1::conn[0m[2m:[0m incoming body is content-length (641 bytes)
[2m2025-12-10T10:08:11.700777Z[0m [34mDEBUG[0m [2mhyper::proto::h1::conn[0m[2m:[0m incoming body completed
[2m2025-12-10T10:08:11.700783Z[0m [34mDEBUG[0m [2mhyper::client::pool[0m[2m:[0m pooling idle connection for ("http", 192.168.0.14:8545)
[2m2025-12-10T10:08:11.700787Z[0m [34mDEBUG[0m [2methereum_transaction_pool_monitor::eth_client[0m[2m:[0m 📡 Transaction fetch RPC completed in 5.015ms
[2m2025-12-10T10:08:11.770363Z[0m [34mDEBUG[0m [2methereum_transaction_pool_monitor::eth_client[0m[2m:[0m ✅ Transaction 0x943198119edd04a3006718c9cc59ded9749fe2dc747af672ba5faf84a36cd809 fetched and parsed in 74.588041ms
[2m2025-12-10T10:08:11.770389Z[0m [34mDEBUG[0m [2methereum_transaction_pool_monitor::mempool_monitor[0m[2m:[0m 🔍 Skipping tx 0x943198119edd04a3006718c9cc59ded9749fe2dc747af672ba5faf84a36cd809 - not a DEX interaction (target: 0x3068aaa8E7E07693CF3066dD15F174F7afC30C40)
[2m2025-12-10T10:08:11.770400Z[0m [34mDEBUG[0m [2methereum_transaction_pool_monitor::mempool_monitor[0m[2m:[0m 📨 Processing new pending transaction: 0xb250fd0de4a7699b5e9b99d59c1f8f4fc9cfa76af7f5223b8252daa828c5ae29
[2m2025-12-10T10:08:11.770407Z[0m [34mDEBUG[0m [2methereum_transaction_pool_monitor::mempool_monitor[0m[2m:[0m 🔍 Fetching transaction details for: 0xb250fd0de4a7699b5e9b99d59c1f8f4fc9cfa76af7f5223b8252daa828c5ae29
[2m2025-12-10T10:08:11.770412Z[0m [34mDEBUG[0m [2methereum_transaction_pool_monitor::eth_client[0m[2m:[0m 🔍 Fetching transaction details for hash: 0xb250fd0de4a7699b5e9b99d59c1f8f4fc9cfa76af7f5223b8252daa828c5ae29
[2m2025-12-10T10:08:11.770432Z[0m [34mDEBUG[0m [2mhyper::client::pool[0m[2m:[0m reuse idle connection for ("http", 192.168.0.14:8545)
[2m2025-12-10T10:08:11.770480Z[0m [34mDEBUG[0m [2mhyper::proto::h1::io[0m[2m:[0m flushed 250 bytes
[2m2025-12-10T10:08:11.770500Z[0m [34mDEBUG[0m [2methereum_transaction_pool_monitor::eth_client[0m[2m:[0m 📨 Received WebSocket message: {"jsonrpc":"2.0","method":"eth_subscription","params":{"subscription":"0xbed0a0851463e895960a451075a301a9","result":"0xabc54a7d3dcb62b9b90b64cf0c8f1875f10829eafc6f82b158563a2793470f02"}}
[2m2025-12-10T10:08:11.770508Z[0m [34mDEBUG[0m [2methereum_transaction_pool_monitor::eth_client[0m[2m:[0m 📨 Received pending transaction: 0xabc54a7d3dcb62b9b90b64cf0c8f1875f10829eafc6f82b158563a2793470f02
[2m2025-12-10T10:08:11.774137Z[0m [34mDEBUG[0m [2mhyper::proto::h1::io[0m[2m:[0m parsed 4 headers
[2m2025-12-10T10:08:11.774178Z[0m [34mDEBUG[0m [2mhyper::proto::h1::conn[0m[2m:[0m incoming body is content-length (1219 bytes)
[2m2025-12-10T10:08:11.774189Z[0m [34mDEBUG[0m [2mhyper::proto::h1::conn[0m[2m:[0m incoming body completed
[2m2025-12-10T10:08:11.774203Z[0m [34mDEBUG[0m [2mhyper::client::pool[0m[2m:[0m pooling idle connection for ("http", 192.168.0.14:8545)
[2m2025-12-10T10:08:11.774212Z[0m [34mDEBUG[0m [2methereum_transaction_pool_monitor::eth_client[0m[2m:[0m 📡 Transaction fetch RPC completed in 3.794959ms
[2m2025-12-10T10:08:11.845962Z[0m [34mDEBUG[0m [2methereum_transaction_pool_monitor::eth_client[0m[2m:[0m ✅ Transaction 0xb250fd0de4a7699b5e9b99d59c1f8f4fc9cfa76af7f5223b8252daa828c5ae29 fetched and parsed in 75.542417ms
[2m2025-12-10T10:08:11.845990Z[0m [34mDEBUG[0m [2methereum_transaction_pool_monitor::mempool_monitor[0m[2m:[0m 🔍 Skipping tx 0xb250fd0de4a7699b5e9b99d59c1f8f4fc9cfa76af7f5223b8252daa828c5ae29 - not a DEX interaction (target: 0xF6801D319497789f934ec7F83E142a9536312B08)
[2m2025-12-10T10:08:11.846002Z[0m [34mDEBUG[0m [2methereum_transaction_pool_monitor::mempool_monitor[0m[2m:[0m 📨 Processing new pending transaction: 0x1476387cc02b02a47f42c85b34a55b322cfa6ccd9fd0bfeea73923b1485f2ee3
[2m2025-12-10T10:08:11.846010Z[0m [34mDEBUG[0m [2methereum_transaction_pool_monitor::mempool_monitor[0m[2m:[0m 🔍 Fetching transaction details for: 0x1476387cc02b02a47f42c85b34a55b322cfa6ccd9fd0bfeea73923b1485f2ee3
[2m2025-12-10T10:08:11.846015Z[0m [34mDEBUG[0m [2methereum_transaction_pool_monitor::eth_client[0m[2m:[0m 🔍 Fetching transaction details for hash: 0x1476387cc02b02a47f42c85b34a55b322cfa6ccd9fd0bfeea73923b1485f2ee3
[2m2025-12-10T10:08:11.846038Z[0m [34mDEBUG[0m [2mhyper::client::pool[0m[2m:[0m reuse idle connection for ("http", 192.168.0.14:8545)
[2m2025-12-10T10:08:11.846083Z[0m [34mDEBUG[0m [2mhyper::proto::h1::io[0m[2m:[0m flushed 250 bytes
[2m2025-12-10T10:08:11.846137Z[0m [34mDEBUG[0m [2mhyper::client::pool[0m[2m:[0m reuse idle connection for ("http", 192.168.0.14:8545)
[2m2025-12-10T10:08:11.846159Z[0m [34mDEBUG[0m [2mhyper::proto::h1::io[0m[2m:[0m flushed 172 bytes
[2m2025-12-10T10:08:11.847995Z[0m [34mDEBUG[0m [2methereum_transaction_pool_monitor::eth_client[0m[2m:[0m 📨 Received WebSocket message: {"jsonrpc":"2.0","method":"eth_subscription","params":{"subscription":"0xbed0a0851463e895960a451075a301a9","result":"0xb5b0df974acba65ed461d81488138b4f4e19f32c14a10d6a87294884a59554f3"}}
[2m2025-12-10T10:08:11.848005Z[0m [34mDEBUG[0m [2methereum_transaction_pool_monitor::eth_client[0m[2m:[0m 📨 Received pending transaction: 0xb5b0df974acba65ed461d81488138b4f4e19f32c14a10d6a87294884a59554f3
[2m2025-12-10T10:08:11.851774Z[0m [34mDEBUG[0m [2mhyper::proto::h1::io[0m[2m:[0m parsed 4 headers
[2m2025-12-10T10:08:11.851781Z[0m [34mDEBUG[0m [2mhyper::proto::h1::conn[0m[2m:[0m incoming body is content-length (832 bytes)
[2m2025-12-10T10:08:11.851790Z[0m [34mDEBUG[0m [2mhyper::proto::h1::conn[0m[2m:[0m incoming body completed
[2m2025-12-10T10:08:11.851798Z[0m [34mDEBUG[0m [2mhyper::client::pool[0m[2m:[0m pooling idle connection for ("http", 192.168.0.14:8545)
[2m2025-12-10T10:08:11.851804Z[0m [34mDEBUG[0m [2methereum_transaction_pool_monitor::eth_client[0m[2m:[0m 📡 Transaction fetch RPC completed in 5.784208ms
[2m2025-12-10T10:08:11.923194Z[0m [34mDEBUG[0m [2methereum_transaction_pool_monitor::eth_client[0m[2m:[0m ✅ Transaction 0x1476387cc02b02a47f42c85b34a55b322cfa6ccd9fd0bfeea73923b1485f2ee3 fetched and parsed in 77.171666ms
[2m2025-12-10T10:08:11.923226Z[0m [34mDEBUG[0m [2methereum_transaction_pool_monitor::mempool_monitor[0m[2m:[0m 🔍 Skipping tx 0x1476387cc02b02a47f42c85b34a55b322cfa6ccd9fd0bfeea73923b1485f2ee3 - not a DEX interaction (target: 0x3B4D794a66304F130a4Db8F2551B0070dfCf5ca7)
[2m2025-12-10T10:08:11.923243Z[0m [34mDEBUG[0m [2methereum_transaction_pool_monitor::mempool_monitor[0m[2m:[0m 📨 Processing new pending transaction: 0x13460b8b8b3dccfd5ce64f682b90e8003e5563d57649d165ce5d7c614754c975
[2m2025-12-10T10:08:11.923253Z[0m [34mDEBUG[0m [2methereum_transaction_pool_monitor::mempool_monitor[0m[2m:[0m 🔍 Fetching transaction details for: 0x13460b8b8b3dccfd5ce64f682b90e8003e5563d57649d165ce5d7c614754c975
[2m2025-12-10T10:08:11.923259Z[0m [34mDEBUG[0m [2methereum_transaction_pool_monitor::eth_client[0m[2m:[0m 🔍 Fetching transaction details for hash: 0x13460b8b8b3dccfd5ce64f682b90e8003e5563d57649d165ce5d7c614754c975
[2m2025-12-10T10:08:11.923280Z[0m [34mDEBUG[0m [2mhyper::client::pool[0m[2m:[0m reuse idle connection for ("http", 192.168.0.14:8545)
[2m2025-12-10T10:08:11.923329Z[0m [34mDEBUG[0m [2mhyper::proto::h1::io[0m[2m:[0m flushed 250 bytes
[2m2025-12-10T10:08:11.923356Z[0m [34mDEBUG[0m [2methereum_transaction_pool_monitor::eth_client[0m[2m:[0m 📨 Received WebSocket message: {"jsonrpc":"2.0","method":"eth_subscription","params":{"subscription":"0xbed0a0851463e895960a451075a301a9","result":"0x1a80907d1a9963466c28d3d04edd4bf31b5b449de41a59ed0f6250250aa29516"}}
[2m2025-12-10T10:08:11.923366Z[0m [34mDEBUG[0m [2methereum_transaction_pool_monitor::eth_client[0m[2m:[0m 📨 Received pending transaction: 0x1a80907d1a9963466c28d3d04edd4bf31b5b449de41a59ed0f6250250aa29516
[2m2025-12-10T10:08:11.923397Z[0m [34mDEBUG[0m [2mhyper::proto::h1::io[0m[2m:[0m parsed 4 headers
[2m2025-12-10T10:08:11.923423Z[0m [34mDEBUG[0m [2mhyper::proto::h1::conn[0m[2m:[0m incoming body is content-length (45 bytes)
[2m2025-12-10T10:08:11.923431Z[0m [34mDEBUG[0m [2mhyper::proto::h1::conn[0m[2m:[0m incoming body completed
[2m2025-12-10T10:08:11.923440Z[0m [34mDEBUG[0m [2mhyper::client::pool[0m[2m:[0m pooling idle connection for ("http", 192.168.0.14:8545)
[2m2025-12-10T10:08:11.923458Z[0m [34mDEBUG[0m [2mhyper::client::pool[0m[2m:[0m reuse idle connection for ("http", 192.168.0.14:8545)
[2m2025-12-10T10:08:11.923473Z[0m [34mDEBUG[0m [2mhyper::proto::h1::io[0m[2m:[0m flushed 172 bytes
[2m2025-12-10T10:08:11.929253Z[0m [34mDEBUG[0m [2mhyper::proto::h1::io[0m[2m:[0m parsed 4 headers
[2m2025-12-10T10:08:11.929264Z[0m [34mDEBUG[0m [2mhyper::proto::h1::conn[0m[2m:[0m incoming body is content-length (1098 bytes)
[2m2025-12-10T10:08:11.929271Z[0m [34mDEBUG[0m [2mhyper::proto::h1::conn[0m[2m:[0m incoming body completed
[2m2025-12-10T10:08:11.929281Z[0m [34mDEBUG[0m [2mhyper::client::pool[0m[2m:[0m pooling idle connection for ("http", 192.168.0.14:8545)
[2m2025-12-10T10:08:11.929288Z[0m [34mDEBUG[0m [2methereum_transaction_pool_monitor::eth_client[0m[2m:[0m 📡 Transaction fetch RPC completed in 6.023541ms
[2m2025-12-10T10:08:11.999075Z[0m [34mDEBUG[0m [2methereum_transaction_pool_monitor::eth_client[0m[2m:[0m ✅ Transaction 0x13460b8b8b3dccfd5ce64f682b90e8003e5563d57649d165ce5d7c614754c975 fetched and parsed in 75.807458ms
[2m2025-12-10T10:08:11.999098Z[0m [34mDEBUG[0m [2methereum_transaction_pool_monitor::mempool_monitor[0m[2m:[0m 🔍 Skipping tx 0x13460b8b8b3dccfd5ce64f682b90e8003e5563d57649d165ce5d7c614754c975 - not a DEX interaction (target: 0x5f65f7b609678448494De4C87521CdF6cEf1e932)
[2m2025-12-10T10:08:11.999108Z[0m [34mDEBUG[0m [2methereum_transaction_pool_monitor::mempool_monitor[0m[2m:[0m 📨 Processing new pending transaction: 0xa05136d68bbe870a55bff518536e0a9711853a4daf11f08ce8fe3944435aee7a
[2m2025-12-10T10:08:11.999114Z[0m [34mDEBUG[0m [2methereum_transaction_pool_monitor::mempool_monitor[0m[2m:[0m 🔍 Fetching transaction details for: 0xa05136d68bbe870a55bff518536e0a9711853a4daf11f08ce8fe3944435aee7a
[2m2025-12-10T10:08:11.999119Z[0m [34mDEBUG[0m [2methereum_transaction_pool_monitor::eth_client[0m[2m:[0m 🔍 Fetching transaction details for hash: 0xa05136d68bbe870a55bff518536e0a9711853a4daf11f08ce8fe3944435aee7a
[2m2025-12-10T10:08:11.999141Z[0m [34mDEBUG[0m [2mhyper::client::pool[0m[2m:[0m reuse idle connection for ("http", 192.168.0.14:8545)
[2m2025-12-10T10:08:11.999183Z[0m [34mDEBUG[0m [2mhyper::proto::h1::io[0m[2m:[0m flushed 250 bytes
[2m2025-12-10T10:08:11.999207Z[0m [34mDEBUG[0m [2methereum_transaction_pool_monitor::eth_client[0m[2m:[0m 📨 Received WebSocket message: {"jsonrpc":"2.0","method":"eth_subscription","params":{"subscription":"0xbed0a0851463e895960a451075a301a9","result":"0xc1bb3480976bea03049bf555b53aca5da5ce4b16e231890caa4f1f716f8a8176"}}
[2m2025-12-10T10:08:11.999211Z[0m [34mDEBUG[0m [2mhyper::proto::h1::io[0m[2m:[0m parsed 4 headers
[2m2025-12-10T10:08:11.999216Z[0m [34mDEBUG[0m [2methereum_transaction_pool_monitor::eth_client[0m[2m:[0m 📨 Received pending transaction: 0xc1bb3480976bea03049bf555b53aca5da5ce4b16e231890caa4f1f716f8a8176
[2m2025-12-10T10:08:11.999219Z[0m [34mDEBUG[0m [2mhyper::proto::h1::conn[0m[2m:[0m incoming body is content-length (45 bytes)
[2m2025-12-10T10:08:11.999228Z[0m [34mDEBUG[0m [2mhyper::proto::h1::conn[0m[2m:[0m incoming body completed
[2m2025-12-10T10:08:11.999236Z[0m [34mDEBUG[0m [2mhyper::client::pool[0m[2m:[0m pooling idle connection for ("http", 192.168.0.14:8545)
[2m2025-12-10T10:08:11.999252Z[0m [34mDEBUG[0m [2mhyper::client::pool[0m[2m:[0m reuse idle connection for ("http", 192.168.0.14:8545)
[2m2025-12-10T10:08:11.999269Z[0m [34mDEBUG[0m [2mhyper::proto::h1::io[0m[2m:[0m flushed 172 bytes
[2m2025-12-10T10:08:12.005025Z[0m [34mDEBUG[0m [2mhyper::proto::h1::io[0m[2m:[0m parsed 4 headers
[2m2025-12-10T10:08:12.005040Z[0m [34mDEBUG[0m [2mhyper::proto::h1::conn[0m[2m:[0m incoming body is content-length (581 bytes)
[2m2025-12-10T10:08:12.005047Z[0m [34mDEBUG[0m [2mhyper::proto::h1::conn[0m[2m:[0m incoming body completed
[2m2025-12-10T10:08:12.005058Z[0m [34mDEBUG[0m [2mhyper::client::pool[0m[2m:[0m pooling idle connection for ("http", 192.168.0.14:8545)
[2m2025-12-10T10:08:12.005065Z[0m [34mDEBUG[0m [2methereum_transaction_pool_monitor::eth_client[0m[2m:[0m 📡 Transaction fetch RPC completed in 5.940208ms
[2m2025-12-10T10:08:12.074973Z[0m [34mDEBUG[0m [2methereum_transaction_pool_monitor::eth_client[0m[2m:[0m ✅ Transaction 0xa05136d68bbe870a55bff518536e0a9711853a4daf11f08ce8fe3944435aee7a fetched and parsed in 75.845958ms
[2m2025-12-10T10:08:12.075001Z[0m [34mDEBUG[0m [2methereum_transaction_pool_monitor::mempool_monitor[0m[2m:[0m 🔍 Skipping tx 0xa05136d68bbe870a55bff518536e0a9711853a4daf11f08ce8fe3944435aee7a - not a DEX interaction (target: 0xA81E338e742c0eFf752a2cC876b14028E92CE18B)
[2m2025-12-10T10:08:12.075012Z[0m [34mDEBUG[0m [2methereum_transaction_pool_monitor::mempool_monitor[0m[2m:[0m 📨 Processing new pending transaction: 0x4bc70d86a2c5265c574bd093769d0e6ef1e862cbb12a477a05e39d310875c8a9
[2m2025-12-10T10:08:12.075018Z[0m [34mDEBUG[0m [2methereum_transaction_pool_monitor::mempool_monitor[0m[2m:[0m 🔍 Fetching transaction details for: 0x4bc70d86a2c5265c574bd093769d0e6ef1e862cbb12a477a05e39d310875c8a9
[2m2025-12-10T10:08:12.075023Z[0m [34mDEBUG[0m [2methereum_transaction_pool_monitor::eth_client[0m[2m:[0m 🔍 Fetching transaction details for hash: 0x4bc70d86a2c5265c574bd093769d0e6ef1e862cbb12a477a05e39d310875c8a9
[2m2025-12-10T10:08:12.075043Z[0m [34mDEBUG[0m [2mhyper::client::pool[0m[2m:[0m reuse idle connection for ("http", 192.168.0.14:8545)
[2m2025-12-10T10:08:12.075095Z[0m [34mDEBUG[0m [2mhyper::proto::h1::io[0m[2m:[0m flushed 250 bytes
[2m2025-12-10T10:08:12.075122Z[0m [34mDEBUG[0m [2methereum_transaction_pool_monitor::eth_client[0m[2m:[0m 📨 Received WebSocket message: {"jsonrpc":"2.0","method":"eth_subscription","params":{"subscription":"0xbed0a0851463e895960a451075a301a9","result":"0xe31a3dbab3af16f5ec7dcff65e7248c481e6c73f9c90626d6e18dea908ed5806"}}
[2m2025-12-10T10:08:12.075132Z[0m [34mDEBUG[0m [2methereum_transaction_pool_monitor::eth_client[0m[2m:[0m 📨 Received pending transaction: 0xe31a3dbab3af16f5ec7dcff65e7248c481e6c73f9c90626d6e18dea908ed5806
[2m2025-12-10T10:08:12.075139Z[0m [34mDEBUG[0m [2mhyper::proto::h1::io[0m[2m:[0m parsed 4 headers
[2m2025-12-10T10:08:12.075219Z[0m [34mDEBUG[0m [2mhyper::proto::h1::conn[0m[2m:[0m incoming body is content-length (45 bytes)
[2m2025-12-10T10:08:12.075230Z[0m [34mDEBUG[0m [2mhyper::proto::h1::conn[0m[2m:[0m incoming body completed
[2m2025-12-10T10:08:12.075240Z[0m [34mDEBUG[0m [2mhyper::client::pool[0m[2m:[0m pooling idle connection for ("http", 192.168.0.14:8545)
[2m2025-12-10T10:08:12.078765Z[0m [34mDEBUG[0m [2mhyper::proto::h1::io[0m[2m:[0m parsed 4 headers
[2m2025-12-10T10:08:12.078778Z[0m [34mDEBUG[0m [2mhyper::proto::h1::conn[0m[2m:[0m incoming body is content-length (612 bytes)
[2m2025-12-10T10:08:12.078784Z[0m [34mDEBUG[0m [2mhyper::proto::h1::conn[0m[2m:[0m incoming body completed
[2m2025-12-10T10:08:12.078793Z[0m [34mDEBUG[0m [2mhyper::client::pool[0m[2m:[0m pooling idle connection for ("http", 192.168.0.14:8545)
[2m2025-12-10T10:08:12.078799Z[0m [34mDEBUG[0m [2methereum_transaction_pool_monitor::eth_client[0m[2m:[0m 📡 Transaction fetch RPC completed in 3.770708ms
[2m2025-12-10T10:08:12.150187Z[0m [34mDEBUG[0m [2methereum_transaction_pool_monitor::eth_client[0m[2m:[0m ✅ Transaction 0x4bc70d86a2c5265c574bd093769d0e6ef1e862cbb12a477a05e39d310875c8a9 fetched and parsed in 75.156042ms
[2m2025-12-10T10:08:12.150216Z[0m [34mDEBUG[0m [2methereum_transaction_pool_monitor::mempool_monitor[0m[2m:[0m 🔍 Skipping tx 0x4bc70d86a2c5265c574bd093769d0e6ef1e862cbb12a477a05e39d310875c8a9 - not a DEX interaction (target: 0x3Ad80458D58fb3a779Ba0779F83203a4Cf4a49d8)
[2m2025-12-10T10:08:12.150228Z[0m [34mDEBUG[0m [2methereum_transaction_pool_monitor::mempool_monitor[0m[2m:[0m 📨 Processing new pending transaction: 0x24ce8b2d0003d210f1bf7602c10c35b889859e1af82be235011a3c69e9e0cfa4
[2m2025-12-10T10:08:12.150237Z[0m [34mDEBUG[0m [2methereum_transaction_pool_monitor::mempool_monitor[0m[2m:[0m 🔍 Fetching transaction details for: 0x24ce8b2d0003d210f1bf7602c10c35b889859e1af82be235011a3c69e9e0cfa4
[2m2025-12-10T10:08:12.150245Z[0m [34mDEBUG[0m [2methereum_transaction_pool_monitor::eth_client[0m[2m:[0m 🔍 Fetching transaction details for hash: 0x24ce8b2d0003d210f1bf7602c10c35b889859e1af82be235011a3c69e9e0cfa4
[2m2025-12-10T10:08:12.150267Z[0m [34mDEBUG[0m [2mhyper::client::pool[0m[2m:[0m reuse idle connection for ("http", 192.168.0.14:8545)
[2m2025-12-10T10:08:12.150311Z[0m [34mDEBUG[0m [2mhyper::proto::h1::io[0m[2m:[0m flushed 250 bytes
[2m2025-12-10T10:08:12.150331Z[0m [34mDEBUG[0m [2mhyper::client::pool[0m[2m:[0m reuse idle connection for ("http", 192.168.0.14:8545)
[2m2025-12-10T10:08:12.150345Z[0m [34mDEBUG[0m [2mhyper::proto::h1::io[0m[2m:[0m flushed 172 bytes
[2m2025-12-10T10:08:12.150344Z[0m [34mDEBUG[0m [2methereum_transaction_pool_monitor::eth_client[0m[2m:[0m 📨 Received WebSocket message: {"jsonrpc":"2.0","method":"eth_subscription","params":{"subscription":"0xbed0a0851463e895960a451075a301a9","result":"0xfd3189225a1b5f0518f5a507d1bb7d3c719eee2d02552505996df34b4e2f0fc5"}}
[2m2025-12-10T10:08:12.150360Z[0m [34mDEBUG[0m [2methereum_transaction_pool_monitor::eth_client[0m[2m:[0m 📨 Received pending transaction: 0xfd3189225a1b5f0518f5a507d1bb7d3c719eee2d02552505996df34b4e2f0fc5
[2m2025-12-10T10:08:12.154373Z[0m [34mDEBUG[0m [2mhyper::proto::h1::io[0m[2m:[0m parsed 4 headers
[2m2025-12-10T10:08:12.154384Z[0m [34mDEBUG[0m [2mhyper::proto::h1::conn[0m[2m:[0m incoming body is content-length (778 bytes)
[2m2025-12-10T10:08:12.154391Z[0m [34mDEBUG[0m [2mhyper::proto::h1::conn[0m[2m:[0m incoming body completed
[2m2025-12-10T10:08:12.154400Z[0m [34mDEBUG[0m [2mhyper::client::pool[0m[2m:[0m pooling idle connection for ("http", 192.168.0.14:8545)
[2m2025-12-10T10:08:12.154406Z[0m [34mDEBUG[0m [2methereum_transaction_pool_monitor::eth_client[0m[2m:[0m 📡 Transaction fetch RPC completed in 4.1555ms
[2m2025-12-10T10:08:12.154421Z[0m [34mDEBUG[0m [2methereum_transaction_pool_monitor::eth_client[0m[2m:[0m DeFi transaction detected - Address: 0xdac17f958d2ee523a2206206994597c13d831ec7, Type: Stablecoin, Value: 0 ETH, Gas: 125.00 Gwei
[2m2025-12-10T10:08:12.154432Z[0m [34mDEBUG[0m [2methereum_transaction_pool_monitor::eth_client[0m[2m:[0m ✅ Transaction 0x24ce8b2d0003d210f1bf7602c10c35b889859e1af82be235011a3c69e9e0cfa4 fetched and parsed in 4.181708ms
[2m2025-12-10T10:08:12.154437Z[0m [34mDEBUG[0m [2methereum_transaction_pool_monitor::mempool_monitor[0m[2m:[0m 🔍 Skipping tx 0x24ce8b2d0003d210f1bf7602c10c35b889859e1af82be235011a3c69e9e0cfa4 - not a DEX interaction (target: 0xdAC17F958D2ee523a2206206994597C13D831ec7)
[2m2025-12-10T10:08:12.154443Z[0m [34mDEBUG[0m [2methereum_transaction_pool_monitor::mempool_monitor[0m[2m:[0m 📨 Processing new pending transaction: 0xb3fab07db61636d462521702efc4dbbab72c528407aea5772112ec78f0000061
[2m2025-12-10T10:08:12.154446Z[0m [34mDEBUG[0m [2methereum_transaction_pool_monitor::mempool_monitor[0m[2m:[0m 🔍 Fetching transaction details for: 0xb3fab07db61636d462521702efc4dbbab72c528407aea5772112ec78f0000061
[2m2025-12-10T10:08:12.154449Z[0m [34mDEBUG[0m [2methereum_transaction_pool_monitor::eth_client[0m[2m:[0m 🔍 Fetching transaction details for hash: 0xb3fab07db61636d462521702efc4dbbab72c528407aea5772112ec78f0000061
[2m2025-12-10T10:08:12.154460Z[0m [34mDEBUG[0m [2mhyper::client::pool[0m[2m:[0m reuse idle connection for ("http", 192.168.0.14:8545)
[2m2025-12-10T10:08:12.154480Z[0m [34mDEBUG[0m [2mhyper::proto::h1::io[0m[2m:[0m flushed 250 bytes
[2m2025-12-10T10:08:12.155028Z[0m [34mDEBUG[0m [2mhyper::proto::h1::io[0m[2m:[0m parsed 4 headers
[2m2025-12-10T10:08:12.155036Z[0m [34mDEBUG[0m [2mhyper::proto::h1::conn[0m[2m:[0m incoming body is content-length (45 bytes)
[2m2025-12-10T10:08:12.155040Z[0m [34mDEBUG[0m [2mhyper::proto::h1::conn[0m[2m:[0m incoming body completed
[2m2025-12-10T10:08:12.155047Z[0m [34mDEBUG[0m [2mhyper::client::pool[0m[2m:[0m pooling idle connection for ("http", 192.168.0.14:8545)
[2m2025-12-10T10:08:12.160561Z[0m [34mDEBUG[0m [2mhyper::proto::h1::io[0m[2m:[0m parsed 4 headers
[2m2025-12-10T10:08:12.160575Z[0m [34mDEBUG[0m [2mhyper::proto::h1::conn[0m[2m:[0m incoming body is content-length (648 bytes)
[2m2025-12-10T10:08:12.160581Z[0m [34mDEBUG[0m [2mhyper::proto::h1::conn[0m[2m:[0m incoming body completed
[2m2025-12-10T10:08:12.160588Z[0m [34mDEBUG[0m [2mhyper::client::pool[0m[2m:[0m pooling idle connection for ("http", 192.168.0.14:8545)
[2m2025-12-10T10:08:12.160593Z[0m [34mDEBUG[0m [2methereum_transaction_pool_monitor::eth_client[0m[2m:[0m 📡 Transaction fetch RPC completed in 6.140291ms
[2m2025-12-10T10:08:12.231419Z[0m [34mDEBUG[0m [2methereum_transaction_pool_monitor::eth_client[0m[2m:[0m ✅ Transaction 0xb3fab07db61636d462521702efc4dbbab72c528407aea5772112ec78f0000061 fetched and parsed in 76.963583ms
[2m2025-12-10T10:08:12.231442Z[0m [34mDEBUG[0m [2methereum_transaction_pool_monitor::mempool_monitor[0m[2m:[0m 🔍 Skipping tx 0xb3fab07db61636d462521702efc4dbbab72c528407aea5772112ec78f0000061 - not a DEX interaction (target: 0x68ea2c57d84D43934A497C2485f1BF4A20a0E033)
[2m2025-12-10T10:08:12.231452Z[0m [34mDEBUG[0m [2methereum_transaction_pool_monitor::mempool_monitor[0m[2m:[0m 📨 Processing new pending transaction: 0xc9d01b90e647570ee49e19d174be6d585950df7ca73a61fe13c59f8d0ed49816
[2m2025-12-10T10:08:12.231459Z[0m [34mDEBUG[0m [2methereum_transaction_pool_monitor::mempool_monitor[0m[2m:[0m 🔍 Fetching transaction details for: 0xc9d01b90e647570ee49e19d174be6d585950df7ca73a61fe13c59f8d0ed49816
[2m2025-12-10T10:08:12.231464Z[0m [34mDEBUG[0m [2methereum_transaction_pool_monitor::eth_client[0m[2m:[0m 🔍 Fetching transaction details for hash: 0xc9d01b90e647570ee49e19d174be6d585950df7ca73a61fe13c59f8d0ed49816
[2m2025-12-10T10:08:12.231485Z[0m [34mDEBUG[0m [2mhyper::client::pool[0m[2m:[0m reuse idle connection for ("http", 192.168.0.14:8545)
[2m2025-12-10T10:08:12.231537Z[0m [34mDEBUG[0m [2mhyper::proto::h1::io[0m[2m:[0m flushed 250 bytes
[2m2025-12-10T10:08:12.231568Z[0m [34mDEBUG[0m [2mhyper::client::pool[0m[2m:[0m reuse idle connection for ("http", 192.168.0.14:8545)
[2m2025-12-10T10:08:12.231584Z[0m [34mDEBUG[0m [2mhyper::proto::h1::io[0m[2m:[0m flushed 172 bytes
[2m2025-12-10T10:08:12.238789Z[0m [34mDEBUG[0m [2mhyper::proto::h1::io[0m[2m:[0m parsed 4 headers
[2m2025-12-10T10:08:12.238797Z[0m [34mDEBUG[0m [2mhyper::proto::h1::conn[0m[2m:[0m incoming body is content-length (676 bytes)
[2m2025-12-10T10:08:12.238805Z[0m [34mDEBUG[0m [2mhyper::proto::h1::conn[0m[2m:[0m incoming body completed
[2m2025-12-10T10:08:12.238815Z[0m [34mDEBUG[0m [2mhyper::client::pool[0m[2m:[0m pooling idle connection for ("http", 192.168.0.14:8545)
[2m2025-12-10T10:08:12.238821Z[0m [34mDEBUG[0m [2methereum_transaction_pool_monitor::eth_client[0m[2m:[0m 📡 Transaction fetch RPC completed in 7.353375ms
[2m2025-12-10T10:08:12.238837Z[0m [34mDEBUG[0m [2methereum_transaction_pool_monitor::eth_client[0m[2m:[0m DeFi transaction detected - Address: 0xdac17f958d2ee523a2206206994597c13d831ec7, Type: Stablecoin, Value: 0 ETH, Gas: 0.32 Gwei
[2m2025-12-10T10:08:12.238851Z[0m [34mDEBUG[0m [2methereum_transaction_pool_monitor::eth_client[0m[2m:[0m ✅ Transaction 0xc9d01b90e647570ee49e19d174be6d585950df7ca73a61fe13c59f8d0ed49816 fetched and parsed in 7.383208ms
[2m2025-12-10T10:08:12.238856Z[0m [34mDEBUG[0m [2methereum_transaction_pool_monitor::mempool_monitor[0m[2m:[0m 🔍 Skipping tx 0xc9d01b90e647570ee49e19d174be6d585950df7ca73a61fe13c59f8d0ed49816 - not a DEX interaction (target: 0xdAC17F958D2ee523a2206206994597C13D831ec7)
[2m2025-12-10T10:08:12.238863Z[0m [34mDEBUG[0m [2methereum_transaction_pool_monitor::mempool_monitor[0m[2m:[0m 📨 Processing new pending transaction: 0x0741a83bbf84b0050d424fdf08281a02d492a3c263d47b6f3e8c1286dbdef961
[2m2025-12-10T10:08:12.238867Z[0m [34mDEBUG[0m [2methereum_transaction_pool_monitor::mempool_monitor[0m[2m:[0m 🔍 Fetching transaction details for: 0x0741a83bbf84b0050d424fdf08281a02d492a3c263d47b6f3e8c1286dbdef961
[2m2025-12-10T10:08:12.238870Z[0m [34mDEBUG[0m [2methereum_transaction_pool_monitor::eth_client[0m[2m:[0m 🔍 Fetching transaction details for hash: 0x0741a83bbf84b0050d424fdf08281a02d492a3c263d47b6f3e8c1286dbdef961
[2m2025-12-10T10:08:12.238881Z[0m [34mDEBUG[0m [2mhyper::client::pool[0m[2m:[0m reuse idle connection for ("http", 192.168.0.14:8545)
[2m2025-12-10T10:08:12.238894Z[0m [34mDEBUG[0m [2mhyper::proto::h1::io[0m[2m:[0m flushed 250 bytes
[2m2025-12-10T10:08:12.238901Z[0m [34mDEBUG[0m [2mhyper::proto::h1::io[0m[2m:[0m parsed 4 headers
[2m2025-12-10T10:08:12.238905Z[0m [34mDEBUG[0m [2mhyper::proto::h1::conn[0m[2m:[0m incoming body is content-length (45 bytes)
[2m2025-12-10T10:08:12.238909Z[0m [34mDEBUG[0m [2mhyper::proto::h1::conn[0m[2m:[0m incoming body completed
[2m2025-12-10T10:08:12.238913Z[0m [34mDEBUG[0m [2mhyper::client::pool[0m[2m:[0m pooling idle connection for ("http", 192.168.0.14:8545)
[2m2025-12-10T10:08:12.243805Z[0m [34mDEBUG[0m [2mhyper::proto::h1::io[0m[2m:[0m parsed 4 headers
[2m2025-12-10T10:08:12.243814Z[0m [34mDEBUG[0m [2mhyper::proto::h1::conn[0m[2m:[0m incoming body is content-length (832 bytes)
[2m2025-12-10T10:08:12.243819Z[0m [34mDEBUG[0m [2mhyper::proto::h1::conn[0m[2m:[0m incoming body completed
[2m2025-12-10T10:08:12.243824Z[0m [34mDEBUG[0m [2mhyper::client::pool[0m[2m:[0m pooling idle connection for ("http", 192.168.0.14:8545)
[2m2025-12-10T10:08:12.243829Z[0m [34mDEBUG[0m [2methereum_transaction_pool_monitor::eth_client[0m[2m:[0m 📡 Transaction fetch RPC completed in 4.955ms
[2m2025-12-10T10:08:12.315096Z[0m [34mDEBUG[0m [2methereum_transaction_pool_monitor::eth_client[0m[2m:[0m ✅ Transaction 0x0741a83bbf84b0050d424fdf08281a02d492a3c263d47b6f3e8c1286dbdef961 fetched and parsed in 76.219916ms
[2m2025-12-10T10:08:12.315117Z[0m [34mDEBUG[0m [2methereum_transaction_pool_monitor::mempool_monitor[0m[2m:[0m 🔍 Skipping tx 0x0741a83bbf84b0050d424fdf08281a02d492a3c263d47b6f3e8c1286dbdef961 - not a DEX interaction (target: 0x3B4D794a66304F130a4Db8F2551B0070dfCf5ca7)
[2m2025-12-10T10:08:12.315128Z[0m [34mDEBUG[0m [2methereum_transaction_pool_monitor::mempool_monitor[0m[2m:[0m 📨 Processing new pending transaction: 0xabc54a7d3dcb62b9b90b64cf0c8f1875f10829eafc6f82b158563a2793470f02
[2m2025-12-10T10:08:12.315135Z[0m [34mDEBUG[0m [2methereum_transaction_pool_monitor::mempool_monitor[0m[2m:[0m 🔍 Fetching transaction details for: 0xabc54a7d3dcb62b9b90b64cf0c8f1875f10829eafc6f82b158563a2793470f02
[2m2025-12-10T10:08:12.315142Z[0m [34mDEBUG[0m [2methereum_transaction_pool_monitor::eth_client[0m[2m:[0m 🔍 Fetching transaction details for hash: 0xabc54a7d3dcb62b9b90b64cf0c8f1875f10829eafc6f82b158563a2793470f02
[2m2025-12-10T10:08:12.315162Z[0m [34mDEBUG[0m [2mhyper::client::pool[0m[2m:[0m reuse idle connection for ("http", 192.168.0.14:8545)
[2m2025-12-10T10:08:12.315193Z[0m [34mDEBUG[0m [2mhyper::proto::h1::io[0m[2m:[0m flushed 250 bytes
[2m2025-12-10T10:08:12.315221Z[0m [34mDEBUG[0m [2mhyper::client::pool[0m[2m:[0m reuse idle connection for ("http", 192.168.0.14:8545)
[2m2025-12-10T10:08:12.315238Z[0m [34mDEBUG[0m [2mhyper::proto::h1::io[0m[2m:[0m flushed 172 bytes
[2m2025-12-10T10:08:12.321363Z[0m [34mDEBUG[0m [2mhyper::proto::h1::io[0m[2m:[0m parsed 4 headers
[2m2025-12-10T10:08:12.321369Z[0m [34mDEBUG[0m [2mhyper::proto::h1::conn[0m[2m:[0m incoming body is content-length (763 bytes)
[2m2025-12-10T10:08:12.321376Z[0m [34mDEBUG[0m [2mhyper::proto::h1::conn[0m[2m:[0m incoming body completed
[2m2025-12-10T10:08:12.321384Z[0m [34mDEBUG[0m [2mhyper::client::pool[0m[2m:[0m pooling idle connection for ("http", 192.168.0.14:8545)
[2m2025-12-10T10:08:12.321390Z[0m [34mDEBUG[0m [2methereum_transaction_pool_monitor::eth_client[0m[2m:[0m 📡 Transaction fetch RPC completed in 6.244084ms
[2m2025-12-10T10:08:12.390519Z[0m [34mDEBUG[0m [2methereum_transaction_pool_monitor::eth_client[0m[2m:[0m ✅ Transaction 0xabc54a7d3dcb62b9b90b64cf0c8f1875f10829eafc6f82b158563a2793470f02 fetched and parsed in 75.370792ms
[2m2025-12-10T10:08:12.390540Z[0m [34mDEBUG[0m [2methereum_transaction_pool_monitor::mempool_monitor[0m[2m:[0m 🔍 Skipping tx 0xabc54a7d3dcb62b9b90b64cf0c8f1875f10829eafc6f82b158563a2793470f02 - not a DEX interaction (target: 0xd50370bEE8bFf23Bbb30ca558a1d0207DBc96ef2)
[2m2025-12-10T10:08:12.390549Z[0m [34mDEBUG[0m [2methereum_transaction_pool_monitor::mempool_monitor[0m[2m:[0m 📨 Processing new pending transaction: 0xb5b0df974acba65ed461d81488138b4f4e19f32c14a10d6a87294884a59554f3
[2m2025-12-10T10:08:12.390553Z[0m [34mDEBUG[0m [2methereum_transaction_pool_monitor::mempool_monitor[0m[2m:[0m 🔍 Fetching transaction details for: 0xb5b0df974acba65ed461d81488138b4f4e19f32c14a10d6a87294884a59554f3
[2m2025-12-10T10:08:12.390557Z[0m [34mDEBUG[0m [2methereum_transaction_pool_monitor::eth_client[0m[2m:[0m 🔍 Fetching transaction details for hash: 0xb5b0df974acba65ed461d81488138b4f4e19f32c14a10d6a87294884a59554f3
[2m2025-12-10T10:08:12.390574Z[0m [34mDEBUG[0m [2mhyper::client::pool[0m[2m:[0m reuse idle connection for ("http", 192.168.0.14:8545)
[2m2025-12-10T10:08:12.390622Z[0m [34mDEBUG[0m [2mhyper::proto::h1::io[0m[2m:[0m flushed 250 bytes
[2m2025-12-10T10:08:12.390644Z[0m [34mDEBUG[0m [2methereum_transaction_pool_monitor::eth_client[0m[2m:[0m 📨 Received WebSocket message: {"jsonrpc":"2.0","method":"eth_subscription","params":{"subscription":"0xbed0a0851463e895960a451075a301a9","result":"0x69266386790f46de77bc906d93efe1b3bdccf3fe41b984a5762527c6760cbe39"}}
[2m2025-12-10T10:08:12.390646Z[0m [34mDEBUG[0m [2mhyper::proto::h1::io[0m[2m:[0m parsed 4 headers
[2m2025-12-10T10:08:12.390651Z[0m [34mDEBUG[0m [2methereum_transaction_pool_monitor::eth_client[0m[2m:[0m 📨 Received pending transaction: 0x69266386790f46de77bc906d93efe1b3bdccf3fe41b984a5762527c6760cbe39
[2m2025-12-10T10:08:12.390700Z[0m [34mDEBUG[0m [2mhyper::proto::h1::conn[0m[2m:[0m incoming body is content-length (45 bytes)
[2m2025-12-10T10:08:12.390710Z[0m [34mDEBUG[0m [2mhyper::proto::h1::conn[0m[2m:[0m incoming body completed
[2m2025-12-10T10:08:12.390735Z[0m [34mDEBUG[0m [2methereum_transaction_pool_monitor::eth_client[0m[2m:[0m 📨 Received WebSocket message: {"jsonrpc":"2.0","method":"eth_subscription","params":{"subscription":"0xbed0a0851463e895960a451075a301a9","result":"0xfd3bd7d068cd300af80306ca6b13b0b7d8f3062957fb45c3e988197f9b1be6d3"}}
[2m2025-12-10T10:08:12.390737Z[0m [34mDEBUG[0m [2mhyper::client::pool[0m[2m:[0m pooling idle connection for ("http", 192.168.0.14:8545)
[2m2025-12-10T10:08:12.390743Z[0m [34mDEBUG[0m [2methereum_transaction_pool_monitor::eth_client[0m[2m:[0m 📨 Received pending transaction: 0xfd3bd7d068cd300af80306ca6b13b0b7d8f3062957fb45c3e988197f9b1be6d3
[2m2025-12-10T10:08:12.394460Z[0m [34mDEBUG[0m [2mhyper::proto::h1::io[0m[2m:[0m parsed 4 headers
[2m2025-12-10T10:08:12.394478Z[0m [34mDEBUG[0m [2mhyper::proto::h1::conn[0m[2m:[0m incoming body is content-length (770 bytes)
[2m2025-12-10T10:08:12.394497Z[0m [34mDEBUG[0m [2mhyper::proto::h1::conn[0m[2m:[0m incoming body completed
[2m2025-12-10T10:08:12.394512Z[0m [34mDEBUG[0m [2mhyper::client::pool[0m[2m:[0m pooling idle connection for ("http", 192.168.0.14:8545)
[2m2025-12-10T10:08:12.394519Z[0m [34mDEBUG[0m [2methereum_transaction_pool_monitor::eth_client[0m[2m:[0m 📡 Transaction fetch RPC completed in 3.957625ms
[2m2025-12-10T10:08:12.465035Z[0m [34mDEBUG[0m [2methereum_transaction_pool_monitor::eth_client[0m[2m:[0m ✅ Transaction 0xb5b0df974acba65ed461d81488138b4f4e19f32c14a10d6a87294884a59554f3 fetched and parsed in 74.470709ms
[2m2025-12-10T10:08:12.465058Z[0m [34mDEBUG[0m [2methereum_transaction_pool_monitor::mempool_monitor[0m[2m:[0m 🔍 Skipping tx 0xb5b0df974acba65ed461d81488138b4f4e19f32c14a10d6a87294884a59554f3 - not a DEX interaction (target: 0xA0b86991c6218b36c1d19D4a2e9Eb0cE3606eB48)
[2m2025-12-10T10:08:12.465068Z[0m [34mDEBUG[0m [2methereum_transaction_pool_monitor::mempool_monitor[0m[2m:[0m 📨 Processing new pending transaction: 0x1a80907d1a9963466c28d3d04edd4bf31b5b449de41a59ed0f6250250aa29516
[2m2025-12-10T10:08:12.465074Z[0m [34mDEBUG[0m [2methereum_transaction_pool_monitor::mempool_monitor[0m[2m:[0m 🔍 Fetching transaction details for: 0x1a80907d1a9963466c28d3d04edd4bf31b5b449de41a59ed0f6250250aa29516
[2m2025-12-10T10:08:12.465079Z[0m [34mDEBUG[0m [2methereum_transaction_pool_monitor::eth_client[0m[2m:[0m 🔍 Fetching transaction details for hash: 0x1a80907d1a9963466c28d3d04edd4bf31b5b449de41a59ed0f6250250aa29516
[2m2025-12-10T10:08:12.465099Z[0m [34mDEBUG[0m [2mhyper::client::pool[0m[2m:[0m reuse idle connection for ("http", 192.168.0.14:8545)
[2m2025-12-10T10:08:12.465144Z[0m [34mDEBUG[0m [2mhyper::proto::h1::io[0m[2m:[0m flushed 250 bytes
[2m2025-12-10T10:08:12.465174Z[0m [34mDEBUG[0m [2mhyper::client::pool[0m[2m:[0m reuse idle connection for ("http", 192.168.0.14:8545)
[2m2025-12-10T10:08:12.465188Z[0m [34mDEBUG[0m [2mhyper::proto::h1::io[0m[2m:[0m flushed 172 bytes
[2m2025-12-10T10:08:12.469456Z[0m [34mDEBUG[0m [2mhyper::proto::h1::io[0m[2m:[0m parsed 4 headers
[2m2025-12-10T10:08:12.469461Z[0m [34mDEBUG[0m [2mhyper::proto::h1::conn[0m[2m:[0m incoming body is content-length (45 bytes)
[2m2025-12-10T10:08:12.469468Z[0m [34mDEBUG[0m [2mhyper::proto::h1::conn[0m[2m:[0m incoming body completed
[2m2025-12-10T10:08:12.469475Z[0m [34mDEBUG[0m [2mhyper::client::pool[0m[2m:[0m pooling idle connection for ("http", 192.168.0.14:8545)
[2m2025-12-10T10:08:12.470101Z[0m [34mDEBUG[0m [2mhyper::proto::h1::io[0m[2m:[0m parsed 4 headers
[2m2025-12-10T10:08:12.470106Z[0m [34mDEBUG[0m [2mhyper::proto::h1::conn[0m[2m:[0m incoming body is content-length (771 bytes)
[2m2025-12-10T10:08:12.470109Z[0m [34mDEBUG[0m [2mhyper::proto::h1::conn[0m[2m:[0m incoming body completed
[2m2025-12-10T10:08:12.470113Z[0m [34mDEBUG[0m [2mhyper::client::pool[0m[2m:[0m pooling idle connection for ("http", 192.168.0.14:8545)
[2m2025-12-10T10:08:12.470117Z[0m [34mDEBUG[0m [2methereum_transaction_pool_monitor::eth_client[0m[2m:[0m 📡 Transaction fetch RPC completed in 5.032916ms
[2m2025-12-10T10:08:12.540926Z[0m [34mDEBUG[0m [2methereum_transaction_pool_monitor::eth_client[0m[2m:[0m ✅ Transaction 0x1a80907d1a9963466c28d3d04edd4bf31b5b449de41a59ed0f6250250aa29516 fetched and parsed in 75.838416ms
[2m2025-12-10T10:08:12.540954Z[0m [34mDEBUG[0m [2methereum_transaction_pool_monitor::mempool_monitor[0m[2m:[0m 🔍 Skipping tx 0x1a80907d1a9963466c28d3d04edd4bf31b5b449de41a59ed0f6250250aa29516 - not a DEX interaction (target: 0xA0b86991c6218b36c1d19D4a2e9Eb0cE3606eB48)
[2m2025-12-10T10:08:12.540967Z[0m [34mDEBUG[0m [2methereum_transaction_pool_monitor::mempool_monitor[0m[2m:[0m 📨 Processing new pending transaction: 0xc1bb3480976bea03049bf555b53aca5da5ce4b16e231890caa4f1f716f8a8176
[2m2025-12-10T10:08:12.540975Z[0m [34mDEBUG[0m [2methereum_transaction_pool_monitor::mempool_monitor[0m[2m:[0m 🔍 Fetching transaction details for: 0xc1bb3480976bea03049bf555b53aca5da5ce4b16e231890caa4f1f716f8a8176
[2m2025-12-10T10:08:12.540981Z[0m [34mDEBUG[0m [2methereum_transaction_pool_monitor::eth_client[0m[2m:[0m 🔍 Fetching transaction details for hash: 0xc1bb3480976bea03049bf555b53aca5da5ce4b16e231890caa4f1f716f8a8176
[2m2025-12-10T10:08:12.541003Z[0m [34mDEBUG[0m [2mhyper::client::pool[0m[2m:[0m reuse idle connection for ("http", 192.168.0.14:8545)
[2m2025-12-10T10:08:12.541053Z[0m [34mDEBUG[0m [2mhyper::proto::h1::io[0m[2m:[0m flushed 250 bytes
[2m2025-12-10T10:08:12.541075Z[0m [34mDEBUG[0m [2mhyper::client::pool[0m[2m:[0m reuse idle connection for ("http", 192.168.0.14:8545)
[2m2025-12-10T10:08:12.541089Z[0m [34mDEBUG[0m [2mhyper::proto::h1::io[0m[2m:[0m flushed 172 bytes
[2m2025-12-10T10:08:12.541089Z[0m [34mDEBUG[0m [2methereum_transaction_pool_monitor::eth_client[0m[2m:[0m 📨 Received WebSocket message: {"jsonrpc":"2.0","method":"eth_subscription","params":{"subscription":"0xbed0a0851463e895960a451075a301a9","result":"0xc79ca46ba230daab78298deffd0bd6fb83e4e2d7ae182a91564a8b96ab1ef08d"}}
[2m2025-12-10T10:08:12.541104Z[0m [34mDEBUG[0m [2methereum_transaction_pool_monitor::eth_client[0m[2m:[0m 📨 Received pending transaction: 0xc79ca46ba230daab78298deffd0bd6fb83e4e2d7ae182a91564a8b96ab1ef08d
[2m2025-12-10T10:08:12.546197Z[0m [34mDEBUG[0m [2mhyper::proto::h1::io[0m[2m:[0m parsed 4 headers
[2m2025-12-10T10:08:12.546205Z[0m [34mDEBUG[0m [2mhyper::proto::h1::conn[0m[2m:[0m incoming body is content-length (45 bytes)
[2m2025-12-10T10:08:12.546212Z[0m [34mDEBUG[0m [2mhyper::proto::h1::conn[0m[2m:[0m incoming body completed
[2m2025-12-10T10:08:12.546221Z[0m [34mDEBUG[0m [2mhyper::client::pool[0m[2m:[0m pooling idle connection for ("http", 192.168.0.14:8545)
[2m2025-12-10T10:08:12.548340Z[0m [34mDEBUG[0m [2methereum_transaction_pool_monitor::eth_client[0m[2m:[0m 📨 Received WebSocket message: {"jsonrpc":"2.0","method":"eth_subscription","params":{"subscription":"0xbed0a0851463e895960a451075a301a9","result":"0x70169d52af795640cdb02899f2da1609c3861b0e9ecf336706fdc8bfd9a06658"}}
[2m2025-12-10T10:08:12.548349Z[0m [34mDEBUG[0m [2methereum_transaction_pool_monitor::eth_client[0m[2m:[0m 📨 Received pending transaction: 0x70169d52af795640cdb02899f2da1609c3861b0e9ecf336706fdc8bfd9a06658
[2m2025-12-10T10:08:12.549804Z[0m [34mDEBUG[0m [2mhyper::proto::h1::io[0m[2m:[0m parsed 4 headers
[2m2025-12-10T10:08:12.549809Z[0m [34mDEBUG[0m [2mhyper::proto::h1::conn[0m[2m:[0m incoming body is content-length (830 bytes)
[2m2025-12-10T10:08:12.549815Z[0m [34mDEBUG[0m [2mhyper::proto::h1::conn[0m[2m:[0m incoming body completed
[2m2025-12-10T10:08:12.549823Z[0m [34mDEBUG[0m [2mhyper::client::pool[0m[2m:[0m pooling idle connection for ("http", 192.168.0.14:8545)
[2m2025-12-10T10:08:12.549828Z[0m [34mDEBUG[0m [2methereum_transaction_pool_monitor::eth_client[0m[2m:[0m 📡 Transaction fetch RPC completed in 8.84175ms
[2m2025-12-10T10:08:12.620832Z[0m [34mDEBUG[0m [2methereum_transaction_pool_monitor::eth_client[0m[2m:[0m ✅ Transaction 0xc1bb3480976bea03049bf555b53aca5da5ce4b16e231890caa4f1f716f8a8176 fetched and parsed in 79.843291ms
[2m2025-12-10T10:08:12.620855Z[0m [34mDEBUG[0m [2methereum_transaction_pool_monitor::mempool_monitor[0m[2m:[0m 🔍 Skipping tx 0xc1bb3480976bea03049bf555b53aca5da5ce4b16e231890caa4f1f716f8a8176 - not a DEX interaction (target: 0x3B4D794a66304F130a4Db8F2551B0070dfCf5ca7)
[2m2025-12-10T10:08:12.620867Z[0m [34mDEBUG[0m [2methereum_transaction_pool_monitor::mempool_monitor[0m[2m:[0m 📨 Processing new pending transaction: 0xe31a3dbab3af16f5ec7dcff65e7248c481e6c73f9c90626d6e18dea908ed5806
[2m2025-12-10T10:08:12.620872Z[0m [34mDEBUG[0m [2methereum_transaction_pool_monitor::mempool_monitor[0m[2m:[0m 🔍 Fetching transaction details for: 0xe31a3dbab3af16f5ec7dcff65e7248c481e6c73f9c90626d6e18dea908ed5806
[2m2025-12-10T10:08:12.620876Z[0m [34mDEBUG[0m [2methereum_transaction_pool_monitor::eth_client[0m[2m:[0m 🔍 Fetching transaction details for hash: 0xe31a3dbab3af16f5ec7dcff65e7248c481e6c73f9c90626d6e18dea908ed5806
[2m2025-12-10T10:08:12.620900Z[0m [34mDEBUG[0m [2mhyper::client::pool[0m[2m:[0m reuse idle connection for ("http", 192.168.0.14:8545)
[2m2025-12-10T10:08:12.620934Z[0m [34mDEBUG[0m [2mhyper::proto::h1::io[0m[2m:[0m flushed 250 bytes
[2m2025-12-10T10:08:12.620956Z[0m [34mDEBUG[0m [2mhyper::client::pool[0m[2m:[0m reuse idle connection for ("http", 192.168.0.14:8545)
[2m2025-12-10T10:08:12.620972Z[0m [34mDEBUG[0m [2mhyper::proto::h1::io[0m[2m:[0m flushed 172 bytes
[2m2025-12-10T10:08:12.621008Z[0m [34mDEBUG[0m [2methereum_transaction_pool_monitor::eth_client[0m[2m:[0m 📨 Received WebSocket message: {"jsonrpc":"2.0","method":"eth_subscription","params":{"subscription":"0xbed0a0851463e895960a451075a301a9","result":"0x7ed34f6436e1d5f1cffeecabaf1152a5c7f1d454baab8818d176f3e8d5af4598"}}
[2m2025-12-10T10:08:12.621020Z[0m [34mDEBUG[0m [2methereum_transaction_pool_monitor::eth_client[0m[2m:[0m 📨 Received pending transaction: 0x7ed34f6436e1d5f1cffeecabaf1152a5c7f1d454baab8818d176f3e8d5af4598
[2m2025-12-10T10:08:12.621025Z[0m [34mDEBUG[0m [2methereum_transaction_pool_monitor::eth_client[0m[2m:[0m 📨 Received WebSocket message: {"jsonrpc":"2.0","method":"eth_subscription","params":{"subscription":"0xbed0a0851463e895960a451075a301a9","result":"0x1181c7c5ae180e2cf625b5739d2efc93a279577de1996996b09434ab117ea7c1"}}
[2m2025-12-10T10:08:12.621030Z[0m [34mDEBUG[0m [2methereum_transaction_pool_monitor::eth_client[0m[2m:[0m 📨 Received pending transaction: 0x1181c7c5ae180e2cf625b5739d2efc93a279577de1996996b09434ab117ea7c1
[2m2025-12-10T10:08:12.625419Z[0m [34mDEBUG[0m [2mhyper::proto::h1::io[0m[2m:[0m parsed 4 headers
[2m2025-12-10T10:08:12.625431Z[0m [34mDEBUG[0m [2mhyper::proto::h1::conn[0m[2m:[0m incoming body is content-length (45 bytes)
[2m2025-12-10T10:08:12.625441Z[0m [34mDEBUG[0m [2mhyper::proto::h1::conn[0m[2m:[0m incoming body completed
[2m2025-12-10T10:08:12.625452Z[0m [34mDEBUG[0m [2mhyper::client::pool[0m[2m:[0m pooling idle connection for ("http", 192.168.0.14:8545)
[2m2025-12-10T10:08:12.628882Z[0m [34mDEBUG[0m [2mhyper::proto::h1::io[0m[2m:[0m parsed 4 headers
[2m2025-12-10T10:08:12.628896Z[0m [34mDEBUG[0m [2mhyper::proto::h1::conn[0m[2m:[0m incoming body is content-length (2630 bytes)
[2m2025-12-10T10:08:12.628905Z[0m [34mDEBUG[0m [2mhyper::proto::h1::conn[0m[2m:[0m incoming body completed
[2m2025-12-10T10:08:12.628916Z[0m [34mDEBUG[0m [2mhyper::client::pool[0m[2m:[0m pooling idle connection for ("http", 192.168.0.14:8545)
[2m2025-12-10T10:08:12.628926Z[0m [34mDEBUG[0m [2methereum_transaction_pool_monitor::eth_client[0m[2m:[0m 📡 Transaction fetch RPC completed in 8.045958ms
[2m2025-12-10T10:08:12.702179Z[0m [34mDEBUG[0m [2methereum_transaction_pool_monitor::eth_client[0m[2m:[0m ✅ Transaction 0xe31a3dbab3af16f5ec7dcff65e7248c481e6c73f9c90626d6e18dea908ed5806 fetched and parsed in 81.296041ms
[2m2025-12-10T10:08:12.702249Z[0m [34mDEBUG[0m [2methereum_transaction_pool_monitor::mempool_monitor[0m[2m:[0m 🔍 Skipping tx 0xe31a3dbab3af16f5ec7dcff65e7248c481e6c73f9c90626d6e18dea908ed5806 - not a DEX interaction (target: 0x9B9Ec8E26955c034828bBD78E22ab258d983dCdb)
[2m2025-12-10T10:08:12.702261Z[0m [34mDEBUG[0m [2methereum_transaction_pool_monitor::mempool_monitor[0m[2m:[0m 📨 Processing new pending transaction: 0xfd3189225a1b5f0518f5a507d1bb7d3c719eee2d02552505996df34b4e2f0fc5
[2m2025-12-10T10:08:12.702267Z[0m [34mDEBUG[0m [2methereum_transaction_pool_monitor::mempool_monitor[0m[2m:[0m 🔍 Fetching transaction details for: 0xfd3189225a1b5f0518f5a507d1bb7d3c719eee2d02552505996df34b4e2f0fc5
[2m2025-12-10T10:08:12.702273Z[0m [34mDEBUG[0m [2methereum_transaction_pool_monitor::eth_client[0m[2m:[0m 🔍 Fetching transaction details for hash: 0xfd3189225a1b5f0518f5a507d1bb7d3c719eee2d02552505996df34b4e2f0fc5
[2m2025-12-10T10:08:12.702301Z[0m [34mDEBUG[0m [2mhyper::client::pool[0m[2m:[0m reuse idle connection for ("http", 192.168.0.14:8545)
[2m2025-12-10T10:08:12.702365Z[0m [34mDEBUG[0m [2mhyper::proto::h1::io[0m[2m:[0m flushed 250 bytes
[2m2025-12-10T10:08:12.702391Z[0m [34mDEBUG[0m [2mhyper::client::pool[0m[2m:[0m reuse idle connection for ("http", 192.168.0.14:8545)
[2m2025-12-10T10:08:12.702410Z[0m [34mDEBUG[0m [2mhyper::proto::h1::io[0m[2m:[0m flushed 172 bytes
[2m2025-12-10T10:08:12.702457Z[0m [34mDEBUG[0m [2methereum_transaction_pool_monitor::eth_client[0m[2m:[0m 📨 Received WebSocket message: {"jsonrpc":"2.0","method":"eth_subscription","params":{"subscription":"0xbed0a0851463e895960a451075a301a9","result":"0x314a4f1fe778abdd43281b9ab1c86c8988dd237aef2f001cafe472f06b69678c"}}
[2m2025-12-10T10:08:12.702507Z[0m [34mDEBUG[0m [2methereum_transaction_pool_monitor::eth_client[0m[2m:[0m 📨 Received pending transaction: 0x314a4f1fe778abdd43281b9ab1c86c8988dd237aef2f001cafe472f06b69678c
[2m2025-12-10T10:08:12.706813Z[0m [34mDEBUG[0m [2mhyper::proto::h1::io[0m[2m:[0m parsed 4 headers
[2m2025-12-10T10:08:12.707035Z[0m [34mDEBUG[0m [2mhyper::proto::h1::conn[0m[2m:[0m incoming body is content-length (45 bytes)
[2m2025-12-10T10:08:12.707044Z[0m [34mDEBUG[0m [2mhyper::proto::h1::conn[0m[2m:[0m incoming body completed
[2m2025-12-10T10:08:12.707057Z[0m [34mDEBUG[0m [2mhyper::client::pool[0m[2m:[0m pooling idle connection for ("http", 192.168.0.14:8545)
[2m2025-12-10T10:08:12.707362Z[0m [34mDEBUG[0m [2mhyper::proto::h1::io[0m[2m:[0m parsed 4 headers
[2m2025-12-10T10:08:12.707370Z[0m [34mDEBUG[0m [2mhyper::proto::h1::conn[0m[2m:[0m incoming body is content-length (831 bytes)
[2m2025-12-10T10:08:12.707376Z[0m [34mDEBUG[0m [2mhyper::proto::h1::conn[0m[2m:[0m incoming body completed
[2m2025-12-10T10:08:12.707384Z[0m [34mDEBUG[0m [2mhyper::client::pool[0m[2m:[0m pooling idle connection for ("http", 192.168.0.14:8545)
[2m2025-12-10T10:08:12.707391Z[0m [34mDEBUG[0m [2methereum_transaction_pool_monitor::eth_client[0m[2m:[0m 📡 Transaction fetch RPC completed in 5.113042ms
[2m2025-12-10T10:08:12.778720Z[0m [34mDEBUG[0m [2methereum_transaction_pool_monitor::eth_client[0m[2m:[0m ✅ Transaction 0xfd3189225a1b5f0518f5a507d1bb7d3c719eee2d02552505996df34b4e2f0fc5 fetched and parsed in 76.438917ms
[2m2025-12-10T10:08:12.778749Z[0m [34mDEBUG[0m [2methereum_transaction_pool_monitor::mempool_monitor[0m[2m:[0m 🔍 Skipping tx 0xfd3189225a1b5f0518f5a507d1bb7d3c719eee2d02552505996df34b4e2f0fc5 - not a DEX interaction (target: 0x3B4D794a66304F130a4Db8F2551B0070dfCf5ca7)
[2m2025-12-10T10:08:12.778763Z[0m [34mDEBUG[0m [2methereum_transaction_pool_monitor::mempool_monitor[0m[2m:[0m 📨 Processing new pending transaction: 0x69266386790f46de77bc906d93efe1b3bdccf3fe41b984a5762527c6760cbe39
[2m2025-12-10T10:08:12.778771Z[0m [34mDEBUG[0m [2methereum_transaction_pool_monitor::mempool_monitor[0m[2m:[0m 🔍 Fetching transaction details for: 0x69266386790f46de77bc906d93efe1b3bdccf3fe41b984a5762527c6760cbe39
[2m2025-12-10T10:08:12.778778Z[0m [34mDEBUG[0m [2methereum_transaction_pool_monitor::eth_client[0m[2m:[0m 🔍 Fetching transaction details for hash: 0x69266386790f46de77bc906d93efe1b3bdccf3fe41b984a5762527c6760cbe39
[2m2025-12-10T10:08:12.778804Z[0m [34mDEBUG[0m [2mhyper::client::pool[0m[2m:[0m reuse idle connection for ("http", 192.168.0.14:8545)
[2m2025-12-10T10:08:12.778857Z[0m [34mDEBUG[0m [2mhyper::proto::h1::io[0m[2m:[0m flushed 250 bytes
[2m2025-12-10T10:08:12.783783Z[0m [34mDEBUG[0m [2mhyper::proto::h1::io[0m[2m:[0m parsed 4 headers
[2m2025-12-10T10:08:12.783792Z[0m [34mDEBUG[0m [2mhyper::proto::h1::conn[0m[2m:[0m incoming body is content-length (775 bytes)
[2m2025-12-10T10:08:12.783800Z[0m [34mDEBUG[0m [2mhyper::proto::h1::conn[0m[2m:[0m incoming body completed
[2m2025-12-10T10:08:12.783808Z[0m [34mDEBUG[0m [2mhyper::client::pool[0m[2m:[0m pooling idle connection for ("http", 192.168.0.14:8545)
[2m2025-12-10T10:08:12.783815Z[0m [34mDEBUG[0m [2methereum_transaction_pool_monitor::eth_client[0m[2m:[0m 📡 Transaction fetch RPC completed in 5.031708ms
[2m2025-12-10T10:08:12.855315Z[0m [34mDEBUG[0m [2methereum_transaction_pool_monitor::eth_client[0m[2m:[0m ✅ Transaction 0x69266386790f46de77bc906d93efe1b3bdccf3fe41b984a5762527c6760cbe39 fetched and parsed in 76.528083ms
[2m2025-12-10T10:08:12.855343Z[0m [34mDEBUG[0m [2methereum_transaction_pool_monitor::mempool_monitor[0m[2m:[0m 🔍 Skipping tx 0x69266386790f46de77bc906d93efe1b3bdccf3fe41b984a5762527c6760cbe39 - not a DEX interaction (target: 0xA0b73E1Ff0B80914AB6fe0444E65848C4C34450b)
[2m2025-12-10T10:08:12.855353Z[0m [34mDEBUG[0m [2methereum_transaction_pool_monitor::mempool_monitor[0m[2m:[0m 📨 Processing new pending transaction: 0xfd3bd7d068cd300af80306ca6b13b0b7d8f3062957fb45c3e988197f9b1be6d3
[2m2025-12-10T10:08:12.855360Z[0m [34mDEBUG[0m [2methereum_transaction_pool_monitor::mempool_monitor[0m[2m:[0m 🔍 Fetching transaction details for: 0xfd3bd7d068cd300af80306ca6b13b0b7d8f3062957fb45c3e988197f9b1be6d3
[2m2025-12-10T10:08:12.855365Z[0m [34mDEBUG[0m [2methereum_transaction_pool_monitor::eth_client[0m[2m:[0m 🔍 Fetching transaction details for hash: 0xfd3bd7d068cd300af80306ca6b13b0b7d8f3062957fb45c3e988197f9b1be6d3
[2m2025-12-10T10:08:12.855389Z[0m [34mDEBUG[0m [2mhyper::client::pool[0m[2m:[0m reuse idle connection for ("http", 192.168.0.14:8545)
[2m2025-12-10T10:08:12.855442Z[0m [34mDEBUG[0m [2mhyper::proto::h1::io[0m[2m:[0m flushed 250 bytes
[2m2025-12-10T10:08:12.855472Z[0m [34mDEBUG[0m [2mhyper::client::pool[0m[2m:[0m reuse idle connection for ("http", 192.168.0.14:8545)
[2m2025-12-10T10:08:12.855489Z[0m [34mDEBUG[0m [2mhyper::proto::h1::io[0m[2m:[0m flushed 172 bytes
[2m2025-12-10T10:08:12.860831Z[0m [34mDEBUG[0m [2mhyper::proto::h1::io[0m[2m:[0m parsed 4 headers
[2m2025-12-10T10:08:12.860838Z[0m [34mDEBUG[0m [2mhyper::proto::h1::conn[0m[2m:[0m incoming body is content-length (775 bytes)
[2m2025-12-10T10:08:12.860854Z[0m [34mDEBUG[0m [2mhyper::proto::h1::conn[0m[2m:[0m incoming body completed
[2m2025-12-10T10:08:12.860864Z[0m [34mDEBUG[0m [2mhyper::client::pool[0m[2m:[0m pooling idle connection for ("http", 192.168.0.14:8545)
[2m2025-12-10T10:08:12.860871Z[0m [34mDEBUG[0m [2methereum_transaction_pool_monitor::eth_client[0m[2m:[0m 📡 Transaction fetch RPC completed in 5.501958ms
[2m2025-12-10T10:08:12.860890Z[0m [34mDEBUG[0m [2methereum_transaction_pool_monitor::eth_client[0m[2m:[0m DeFi transaction detected - Address: 0xdac17f958d2ee523a2206206994597c13d831ec7, Type: Stablecoin, Value: 0 ETH, Gas: 1.54 Gwei
[2m2025-12-10T10:08:12.860904Z[0m [34mDEBUG[0m [2methereum_transaction_pool_monitor::eth_client[0m[2m:[0m ✅ Transaction 0xfd3bd7d068cd300af80306ca6b13b0b7d8f3062957fb45c3e988197f9b1be6d3 fetched and parsed in 5.534458ms
[2m2025-12-10T10:08:12.860910Z[0m [34mDEBUG[0m [2methereum_transaction_pool_monitor::mempool_monitor[0m[2m:[0m 🔍 Skipping tx 0xfd3bd7d068cd300af80306ca6b13b0b7d8f3062957fb45c3e988197f9b1be6d3 - not a DEX interaction (target: 0xdAC17F958D2ee523a2206206994597C13D831ec7)
[2m2025-12-10T10:08:12.860917Z[0m [34mDEBUG[0m [2methereum_transaction_pool_monitor::mempool_monitor[0m[2m:[0m 📨 Processing new pending transaction: 0xc79ca46ba230daab78298deffd0bd6fb83e4e2d7ae182a91564a8b96ab1ef08d
[2m2025-12-10T10:08:12.860921Z[0m [34mDEBUG[0m [2methereum_transaction_pool_monitor::mempool_monitor[0m[2m:[0m 🔍 Fetching transaction details for: 0xc79ca46ba230daab78298deffd0bd6fb83e4e2d7ae182a91564a8b96ab1ef08d
[2m2025-12-10T10:08:12.860924Z[0m [34mDEBUG[0m [2methereum_transaction_pool_monitor::eth_client[0m[2m:[0m 🔍 Fetching transaction details for hash: 0xc79ca46ba230daab78298deffd0bd6fb83e4e2d7ae182a91564a8b96ab1ef08d
[2m2025-12-10T10:08:12.860933Z[0m [34mDEBUG[0m [2mhyper::client::pool[0m[2m:[0m reuse idle connection for ("http", 192.168.0.14:8545)
[2m2025-12-10T10:08:12.860949Z[0m [34mDEBUG[0m [2mhyper::proto::h1::io[0m[2m:[0m flushed 250 bytes
[2m2025-12-10T10:08:12.860958Z[0m [34mDEBUG[0m [2mhyper::proto::h1::io[0m[2m:[0m parsed 4 headers
[2m2025-12-10T10:08:12.860962Z[0m [34mDEBUG[0m [2mhyper::proto::h1::conn[0m[2m:[0m incoming body is content-length (45 bytes)
[2m2025-12-10T10:08:12.860967Z[0m [34mDEBUG[0m [2mhyper::proto::h1::conn[0m[2m:[0m incoming body completed
[2m2025-12-10T10:08:12.860973Z[0m [34mDEBUG[0m [2mhyper::client::pool[0m[2m:[0m pooling idle connection for ("http", 192.168.0.14:8545)
[2m2025-12-10T10:08:12.871308Z[0m [34mDEBUG[0m [2mhyper::proto::h1::io[0m[2m:[0m parsed 4 headers
[2m2025-12-10T10:08:12.871318Z[0m [34mDEBUG[0m [2mhyper::proto::h1::conn[0m[2m:[0m incoming body is content-length (771 bytes)
[2m2025-12-10T10:08:12.871325Z[0m [34mDEBUG[0m [2mhyper::proto::h1::conn[0m[2m:[0m incoming body completed
[2m2025-12-10T10:08:12.871336Z[0m [34mDEBUG[0m [2mhyper::client::pool[0m[2m:[0m pooling idle connection for ("http", 192.168.0.14:8545)
[2m2025-12-10T10:08:12.871343Z[0m [34mDEBUG[0m [2methereum_transaction_pool_monitor::eth_client[0m[2m:[0m 📡 Transaction fetch RPC completed in 10.415667ms
[2m2025-12-10T10:08:12.942663Z[0m [34mDEBUG[0m [2methereum_transaction_pool_monitor::eth_client[0m[2m:[0m ✅ Transaction 0xc79ca46ba230daab78298deffd0bd6fb83e4e2d7ae182a91564a8b96ab1ef08d fetched and parsed in 81.73175ms
[2m2025-12-10T10:08:12.942695Z[0m [34mDEBUG[0m [2methereum_transaction_pool_monitor::mempool_monitor[0m[2m:[0m 🔍 Skipping tx 0xc79ca46ba230daab78298deffd0bd6fb83e4e2d7ae182a91564a8b96ab1ef08d - not a DEX interaction (target: 0xdA5e1988097297dCdc1f90D4dFE7909e847CBeF6)
[2m2025-12-10T10:08:12.942707Z[0m [34mDEBUG[0m [2methereum_transaction_pool_monitor::mempool_monitor[0m[2m:[0m 📨 Processing new pending transaction: 0x70169d52af795640cdb02899f2da1609c3861b0e9ecf336706fdc8bfd9a06658
[2m2025-12-10T10:08:12.942715Z[0m [34mDEBUG[0m [2methereum_transaction_pool_monitor::mempool_monitor[0m[2m:[0m 🔍 Fetching transaction details for: 0x70169d52af795640cdb02899f2da1609c3861b0e9ecf336706fdc8bfd9a06658
[2m2025-12-10T10:08:12.942720Z[0m [34mDEBUG[0m [2methereum_transaction_pool_monitor::eth_client[0m[2m:[0m 🔍 Fetching transaction details for hash: 0x70169d52af795640cdb02899f2da1609c3861b0e9ecf336706fdc8bfd9a06658
[2m2025-12-10T10:08:12.942745Z[0m [34mDEBUG[0m [2mhyper::client::pool[0m[2m:[0m reuse idle connection for ("http", 192.168.0.14:8545)
[2m2025-12-10T10:08:12.942804Z[0m [34mDEBUG[0m [2mhyper::proto::h1::io[0m[2m:[0m flushed 250 bytes
[2m2025-12-10T10:08:12.942842Z[0m [34mDEBUG[0m [2mhyper::client::pool[0m[2m:[0m reuse idle connection for ("http", 192.168.0.14:8545)
[2m2025-12-10T10:08:12.942864Z[0m [34mDEBUG[0m [2mhyper::proto::h1::io[0m[2m:[0m flushed 172 bytes
[2m2025-12-10T10:08:12.947253Z[0m [34mDEBUG[0m [2mhyper::proto::h1::io[0m[2m:[0m parsed 4 headers
[2m2025-12-10T10:08:12.947273Z[0m [34mDEBUG[0m [2mhyper::proto::h1::conn[0m[2m:[0m incoming body is content-length (45 bytes)
[2m2025-12-10T10:08:12.947282Z[0m [34mDEBUG[0m [2mhyper::proto::h1::conn[0m[2m:[0m incoming body completed
[2m2025-12-10T10:08:12.947294Z[0m [34mDEBUG[0m [2mhyper::client::pool[0m[2m:[0m pooling idle connection for ("http", 192.168.0.14:8545)
[2m2025-12-10T10:08:12.952399Z[0m [34mDEBUG[0m [2mhyper::proto::h1::io[0m[2m:[0m parsed 4 headers
[2m2025-12-10T10:08:12.952410Z[0m [34mDEBUG[0m [2mhyper::proto::h1::conn[0m[2m:[0m incoming body is content-length (677 bytes)
[2m2025-12-10T10:08:12.952418Z[0m [34mDEBUG[0m [2mhyper::proto::h1::conn[0m[2m:[0m incoming body completed
[2m2025-12-10T10:08:12.952429Z[0m [34mDEBUG[0m [2mhyper::client::pool[0m[2m:[0m pooling idle connection for ("http", 192.168.0.14:8545)
[2m2025-12-10T10:08:12.952436Z[0m [34mDEBUG[0m [2methereum_transaction_pool_monitor::eth_client[0m[2m:[0m 📡 Transaction fetch RPC completed in 9.711084ms
[2m2025-12-10T10:08:13.179617Z[0m [34mDEBUG[0m [2methereum_transaction_pool_monitor::eth_client[0m[2m:[0m ✅ Transaction 0x70169d52af795640cdb02899f2da1609c3861b0e9ecf336706fdc8bfd9a06658 fetched and parsed in 236.88625ms
[2m2025-12-10T10:08:13.179649Z[0m [34mDEBUG[0m [2methereum_transaction_pool_monitor::mempool_monitor[0m[2m:[0m 🔍 Skipping tx 0x70169d52af795640cdb02899f2da1609c3861b0e9ecf336706fdc8bfd9a06658 - not a DEX interaction (target: 0xA0b86991c6218b36c1d19D4a2e9Eb0cE3606eB48)
[2m2025-12-10T10:08:13.179661Z[0m [34mDEBUG[0m [2methereum_transaction_pool_monitor::mempool_monitor[0m[2m:[0m 📨 Processing new pending transaction: 0x7ed34f6436e1d5f1cffeecabaf1152a5c7f1d454baab8818d176f3e8d5af4598
[2m2025-12-10T10:08:13.179674Z[0m [34mDEBUG[0m [2methereum_transaction_pool_monitor::mempool_monitor[0m[2m:[0m 🔍 Fetching transaction details for: 0x7ed34f6436e1d5f1cffeecabaf1152a5c7f1d454baab8818d176f3e8d5af4598
[2m2025-12-10T10:08:13.179680Z[0m [34mDEBUG[0m [2methereum_transaction_pool_monitor::eth_client[0m[2m:[0m 🔍 Fetching transaction details for hash: 0x7ed34f6436e1d5f1cffeecabaf1152a5c7f1d454baab8818d176f3e8d5af4598
[2m2025-12-10T10:08:13.179706Z[0m [34mDEBUG[0m [2mhyper::client::pool[0m[2m:[0m reuse idle connection for ("http", 192.168.0.14:8545)
[2m2025-12-10T10:08:13.179769Z[0m [34mDEBUG[0m [2mhyper::proto::h1::io[0m[2m:[0m flushed 250 bytes
[2m2025-12-10T10:08:13.179808Z[0m [34mDEBUG[0m [2mhyper::client::pool[0m[2m:[0m reuse idle connection for ("http", 192.168.0.14:8545)
[2m2025-12-10T10:08:13.179829Z[0m [34mDEBUG[0m [2mhyper::proto::h1::io[0m[2m:[0m flushed 172 bytes
[2m2025-12-10T10:08:13.179850Z[0m [34mDEBUG[0m [2methereum_transaction_pool_monitor::eth_client[0m[2m:[0m 📨 Received WebSocket message: {"jsonrpc":"2.0","method":"eth_subscription","params":{"subscription":"0xbed0a0851463e895960a451075a301a9","result":"0x61d40ae7ac7c15f51a23ce0cdd389e14b576086e43e3fd28e208254b45b72cd8"}}
[2m2025-12-10T10:08:13.179895Z[0m [34mDEBUG[0m [2methereum_transaction_pool_monitor::eth_client[0m[2m:[0m 📨 Received pending transaction: 0x61d40ae7ac7c15f51a23ce0cdd389e14b576086e43e3fd28e208254b45b72cd8
[2m2025-12-10T10:08:13.184633Z[0m [34mDEBUG[0m [2mhyper::proto::h1::io[0m[2m:[0m parsed 4 headers
[2m2025-12-10T10:08:13.184650Z[0m [34mDEBUG[0m [2mhyper::proto::h1::conn[0m[2m:[0m incoming body is content-length (770 bytes)
[2m2025-12-10T10:08:13.184660Z[0m [34mDEBUG[0m [2mhyper::proto::h1::conn[0m[2m:[0m incoming body completed
[2m2025-12-10T10:08:13.184673Z[0m [34mDEBUG[0m [2mhyper::client::pool[0m[2m:[0m pooling idle connection for ("http", 192.168.0.14:8545)
[2m2025-12-10T10:08:13.184683Z[0m [34mDEBUG[0m [2methereum_transaction_pool_monitor::eth_client[0m[2m:[0m 📡 Transaction fetch RPC completed in 4.998375ms
[2m2025-12-10T10:08:13.184703Z[0m [34mDEBUG[0m [2methereum_transaction_pool_monitor::eth_client[0m[2m:[0m DeFi transaction detected - Address: 0xdac17f958d2ee523a2206206994597c13d831ec7, Type: Stablecoin, Value: 0 ETH, Gas: 0.30 Gwei
[2m2025-12-10T10:08:13.184717Z[0m [34mDEBUG[0m [2methereum_transaction_pool_monitor::eth_client[0m[2m:[0m ✅ Transaction 0x7ed34f6436e1d5f1cffeecabaf1152a5c7f1d454baab8818d176f3e8d5af4598 fetched and parsed in 5.03225ms
[2m2025-12-10T10:08:13.184723Z[0m [34mDEBUG[0m [2methereum_transaction_pool_monitor::mempool_monitor[0m[2m:[0m 🔍 Skipping tx 0x7ed34f6436e1d5f1cffeecabaf1152a5c7f1d454baab8818d176f3e8d5af4598 - not a DEX interaction (target: 0xdAC17F958D2ee523a2206206994597C13D831ec7)
[2m2025-12-10T10:08:13.184731Z[0m [34mDEBUG[0m [2methereum_transaction_pool_monitor::mempool_monitor[0m[2m:[0m 📨 Processing new pending transaction: 0x1181c7c5ae180e2cf625b5739d2efc93a279577de1996996b09434ab117ea7c1
[2m2025-12-10T10:08:13.184735Z[0m [34mDEBUG[0m [2methereum_transaction_pool_monitor::mempool_monitor[0m[2m:[0m 🔍 Fetching transaction details for: 0x1181c7c5ae180e2cf625b5739d2efc93a279577de1996996b09434ab117ea7c1
[2m2025-12-10T10:08:13.184738Z[0m [34mDEBUG[0m [2methereum_transaction_pool_monitor::eth_client[0m[2m:[0m 🔍 Fetching transaction details for hash: 0x1181c7c5ae180e2cf625b5739d2efc93a279577de1996996b09434ab117ea7c1
[2m2025-12-10T10:08:13.184752Z[0m [34mDEBUG[0m [2mhyper::client::pool[0m[2m:[0m reuse idle connection for ("http", 192.168.0.14:8545)
[2m2025-12-10T10:08:13.184781Z[0m [34mDEBUG[0m [2mhyper::proto::h1::io[0m[2m:[0m flushed 250 bytes
[2m2025-12-10T10:08:13.185142Z[0m [34mDEBUG[0m [2mhyper::proto::h1::io[0m[2m:[0m parsed 4 headers
[2m2025-12-10T10:08:13.185150Z[0m [34mDEBUG[0m [2mhyper::proto::h1::conn[0m[2m:[0m incoming body is content-length (45 bytes)
[2m2025-12-10T10:08:13.185156Z[0m [34mDEBUG[0m [2mhyper::proto::h1::conn[0m[2m:[0m incoming body completed
[2m2025-12-10T10:08:13.185165Z[0m [34mDEBUG[0m [2mhyper::client::pool[0m[2m:[0m pooling idle connection for ("http", 192.168.0.14:8545)
[2m2025-12-10T10:08:13.185186Z[0m [34mDEBUG[0m [2mhyper::client::pool[0m[2m:[0m reuse idle connection for ("http", 192.168.0.14:8545)
[2m2025-12-10T10:08:13.185219Z[0m [34mDEBUG[0m [2mhyper::proto::h1::io[0m[2m:[0m flushed 172 bytes
[2m2025-12-10T10:08:13.190161Z[0m [34mDEBUG[0m [2mhyper::proto::h1::io[0m[2m:[0m parsed 4 headers
[2m2025-12-10T10:08:13.190182Z[0m [34mDEBUG[0m [2mhyper::proto::h1::conn[0m[2m:[0m incoming body is content-length (644 bytes)
[2m2025-12-10T10:08:13.190191Z[0m [34mDEBUG[0m [2mhyper::proto::h1::conn[0m[2m:[0m incoming body completed
[2m2025-12-10T10:08:13.190203Z[0m [34mDEBUG[0m [2mhyper::client::pool[0m[2m:[0m pooling idle connection for ("http", 192.168.0.14:8545)
[2m2025-12-10T10:08:13.190211Z[0m [34mDEBUG[0m [2methereum_transaction_pool_monitor::eth_client[0m[2m:[0m 📡 Transaction fetch RPC completed in 5.469166ms
[2m2025-12-10T10:08:13.530853Z[0m [34mDEBUG[0m [2methereum_transaction_pool_monitor::eth_client[0m[2m:[0m ✅ Transaction 0x1181c7c5ae180e2cf625b5739d2efc93a279577de1996996b09434ab117ea7c1 fetched and parsed in 346.105083ms
[2m2025-12-10T10:08:13.530890Z[0m [34mDEBUG[0m [2methereum_transaction_pool_monitor::mempool_monitor[0m[2m:[0m 🔍 Skipping tx 0x1181c7c5ae180e2cf625b5739d2efc93a279577de1996996b09434ab117ea7c1 - not a DEX interaction (target: 0x17E5545B11b468072283Cee1F066a059Fb0dbF24)
[2m2025-12-10T10:08:13.530901Z[0m [34mDEBUG[0m [2methereum_transaction_pool_monitor::mempool_monitor[0m[2m:[0m 📨 Processing new pending transaction: 0x314a4f1fe778abdd43281b9ab1c86c8988dd237aef2f001cafe472f06b69678c
[2m2025-12-10T10:08:13.530906Z[0m [34mDEBUG[0m [2methereum_transaction_pool_monitor::mempool_monitor[0m[2m:[0m 🔍 Fetching transaction details for: 0x314a4f1fe778abdd43281b9ab1c86c8988dd237aef2f001cafe472f06b69678c
[2m2025-12-10T10:08:13.530910Z[0m [34mDEBUG[0m [2methereum_transaction_pool_monitor::eth_client[0m[2m:[0m 🔍 Fetching transaction details for hash: 0x314a4f1fe778abdd43281b9ab1c86c8988dd237aef2f001cafe472f06b69678c
[2m2025-12-10T10:08:13.530933Z[0m [34mDEBUG[0m [2mhyper::client::pool[0m[2m:[0m reuse idle connection for ("http", 192.168.0.14:8545)
[2m2025-12-10T10:08:13.531002Z[0m [34mDEBUG[0m [2mhyper::proto::h1::io[0m[2m:[0m flushed 250 bytes
[2m2025-12-10T10:08:13.531024Z[0m [34mDEBUG[0m [2methereum_transaction_pool_monitor::eth_client[0m[2m:[0m 📨 Received WebSocket message: {"jsonrpc":"2.0","method":"eth_subscription","params":{"subscription":"0xbed0a0851463e895960a451075a301a9","result":"0x04e84269d9ce44a48afd00e1078e70967b1f10b908dcb104c90064ca3671fd62"}}
[2m2025-12-10T10:08:13.531032Z[0m [34mDEBUG[0m [2methereum_transaction_pool_monitor::eth_client[0m[2m:[0m 📨 Received pending transaction: 0x04e84269d9ce44a48afd00e1078e70967b1f10b908dcb104c90064ca3671fd62
[2m2025-12-10T10:08:13.531037Z[0m [34mDEBUG[0m [2methereum_transaction_pool_monitor::eth_client[0m[2m:[0m 📨 Received WebSocket message: {"jsonrpc":"2.0","method":"eth_subscription","params":{"subscription":"0xbed0a0851463e895960a451075a301a9","result":"0xdafb97e623b29d9556485efc84e2bfdec0771ba88a713153c1d37e7523063d3b"}}
[2m2025-12-10T10:08:13.531042Z[0m [34mDEBUG[0m [2methereum_transaction_pool_monitor::eth_client[0m[2m:[0m 📨 Received pending transaction: 0xdafb97e623b29d9556485efc84e2bfdec0771ba88a713153c1d37e7523063d3b
[2m2025-12-10T10:08:13.531046Z[0m [34mDEBUG[0m [2methereum_transaction_pool_monitor::eth_client[0m[2m:[0m 📨 Received WebSocket message: {"jsonrpc":"2.0","method":"eth_subscription","params":{"subscription":"0xbed0a0851463e895960a451075a301a9","result":"0x49426f32d04a7cce454590c10c3c809b0bcb20020cda482d4e36ecd8e77188b1"}}
[2m2025-12-10T10:08:13.531046Z[0m [34mDEBUG[0m [2mhyper::proto::h1::io[0m[2m:[0m parsed 4 headers
[2m2025-12-10T10:08:13.531051Z[0m [34mDEBUG[0m [2methereum_transaction_pool_monitor::eth_client[0m[2m:[0m 📨 Received pending transaction: 0x49426f32d04a7cce454590c10c3c809b0bcb20020cda482d4e36ecd8e77188b1
[2m2025-12-10T10:08:13.531081Z[0m [34mDEBUG[0m [2mhyper::proto::h1::conn[0m[2m:[0m incoming body is content-length (45 bytes)
[2m2025-12-10T10:08:13.531100Z[0m [34mDEBUG[0m [2methereum_transaction_pool_monitor::eth_client[0m[2m:[0m 📨 Received WebSocket message: {"jsonrpc":"2.0","method":"eth_subscription","params":{"subscription":"0xbed0a0851463e895960a451075a301a9","result":"0x2a045c5e537cbca4466f5c0df5e9e671dc4b2a2fd30e306943056ed22ecd706f"}}
[2m2025-12-10T10:08:13.531121Z[0m [34mDEBUG[0m [2methereum_transaction_pool_monitor::eth_client[0m[2m:[0m 📨 Received pending transaction: 0x2a045c5e537cbca4466f5c0df5e9e671dc4b2a2fd30e306943056ed22ecd706f
[2m2025-12-10T10:08:13.531106Z[0m [34mDEBUG[0m [2mhyper::proto::h1::conn[0m[2m:[0m incoming body completed
[2m2025-12-10T10:08:13.531130Z[0m [34mDEBUG[0m [2methereum_transaction_pool_monitor::eth_client[0m[2m:[0m 📨 Received WebSocket message: {"jsonrpc":"2.0","method":"eth_subscription","params":{"subscription":"0xbed0a0851463e895960a451075a301a9","result":"0x1e35cd79517a6155fd1eea2d9ec5c5854d8ef595e847eb23c763d9a678fe56ce"}}
[2m2025-12-10T10:08:13.531157Z[0m [34mDEBUG[0m [2mhyper::client::pool[0m[2m:[0m pooling idle connection for ("http", 192.168.0.14:8545)
[2m2025-12-10T10:08:13.531184Z[0m [34mDEBUG[0m [2methereum_transaction_pool_monitor::eth_client[0m[2m:[0m 📨 Received pending transaction: 0x1e35cd79517a6155fd1eea2d9ec5c5854d8ef595e847eb23c763d9a678fe56ce
[2m2025-12-10T10:08:13.531241Z[0m [34mDEBUG[0m [2mhyper::client::pool[0m[2m:[0m reuse idle connection for ("http", 192.168.0.14:8545)
[2m2025-12-10T10:08:13.531304Z[0m [34mDEBUG[0m [2mhyper::proto::h1::io[0m[2m:[0m flushed 172 bytes
[2m2025-12-10T10:08:13.535230Z[0m [34mDEBUG[0m [2mhyper::proto::h1::io[0m[2m:[0m parsed 4 headers
[2m2025-12-10T10:08:13.535247Z[0m [34mDEBUG[0m [2mhyper::proto::h1::conn[0m[2m:[0m incoming body is content-length (45 bytes)
[2m2025-12-10T10:08:13.535256Z[0m [34mDEBUG[0m [2mhyper::proto::h1::conn[0m[2m:[0m incoming body completed
[2m2025-12-10T10:08:13.535267Z[0m [34mDEBUG[0m [2mhyper::client::pool[0m[2m:[0m pooling idle connection for ("http", 192.168.0.14:8545)
[2m2025-12-10T10:08:13.535294Z[0m [34mDEBUG[0m [2mhyper::client::pool[0m[2m:[0m reuse idle connection for ("http", 192.168.0.14:8545)
[2m2025-12-10T10:08:13.535334Z[0m [34mDEBUG[0m [2mhyper::proto::h1::io[0m[2m:[0m flushed 172 bytes
[2m2025-12-10T10:08:13.546155Z[0m [34mDEBUG[0m [2mhyper::proto::h1::io[0m[2m:[0m parsed 4 headers
[2m2025-12-10T10:08:13.546246Z[0m [34mDEBUG[0m [2mhyper::proto::h1::conn[0m[2m:[0m incoming body is content-length (767 bytes)
[2m2025-12-10T10:08:13.546276Z[0m [34mDEBUG[0m [2mhyper::proto::h1::conn[0m[2m:[0m incoming body completed
[2m2025-12-10T10:08:13.546292Z[0m [34mDEBUG[0m [2mhyper::client::pool[0m[2m:[0m pooling idle connection for ("http", 192.168.0.14:8545)
[2m2025-12-10T10:08:13.546302Z[0m [34mDEBUG[0m [2methereum_transaction_pool_monitor::eth_client[0m[2m:[0m 📡 Transaction fetch RPC completed in 15.387208ms
[2m2025-12-10T10:08:13.637021Z[0m [34mDEBUG[0m [2methereum_transaction_pool_monitor::eth_client[0m[2m:[0m ✅ Transaction 0x314a4f1fe778abdd43281b9ab1c86c8988dd237aef2f001cafe472f06b69678c fetched and parsed in 106.10275ms
[2m2025-12-10T10:08:13.637051Z[0m [34mDEBUG[0m [2methereum_transaction_pool_monitor::mempool_monitor[0m[2m:[0m 🔍 Skipping tx 0x314a4f1fe778abdd43281b9ab1c86c8988dd237aef2f001cafe472f06b69678c - not a DEX interaction (target: 0xA0b86991c6218b36c1d19D4a2e9Eb0cE3606eB48)
[2m2025-12-10T10:08:13.637060Z[0m [34mDEBUG[0m [2methereum_transaction_pool_monitor::mempool_monitor[0m[2m:[0m 📨 Processing new pending transaction: 0x61d40ae7ac7c15f51a23ce0cdd389e14b576086e43e3fd28e208254b45b72cd8
[2m2025-12-10T10:08:13.637065Z[0m [34mDEBUG[0m [2methereum_transaction_pool_monitor::mempool_monitor[0m[2m:[0m 🔍 Fetching transaction details for: 0x61d40ae7ac7c15f51a23ce0cdd389e14b576086e43e3fd28e208254b45b72cd8
[2m2025-12-10T10:08:13.637069Z[0m [34mDEBUG[0m [2methereum_transaction_pool_monitor::eth_client[0m[2m:[0m 🔍 Fetching transaction details for hash: 0x61d40ae7ac7c15f51a23ce0cdd389e14b576086e43e3fd28e208254b45b72cd8
[2m2025-12-10T10:08:13.637092Z[0m [34mDEBUG[0m [2mhyper::client::pool[0m[2m:[0m reuse idle connection for ("http", 192.168.0.14:8545)
[2m2025-12-10T10:08:13.637154Z[0m [34mDEBUG[0m [2mhyper::proto::h1::io[0m[2m:[0m flushed 250 bytes
[2m2025-12-10T10:08:13.637175Z[0m [34mDEBUG[0m [2methereum_transaction_pool_monitor::eth_client[0m[2m:[0m 📨 Received WebSocket message: {"jsonrpc":"2.0","method":"eth_subscription","params":{"subscription":"0xbed0a0851463e895960a451075a301a9","result":"0xd6b9da0c4e413db604701957573900264947c41df1a337c16e689905d0578997"}}
[2m2025-12-10T10:08:13.637183Z[0m [34mDEBUG[0m [2methereum_transaction_pool_monitor::eth_client[0m[2m:[0m 📨 Received pending transaction: 0xd6b9da0c4e413db604701957573900264947c41df1a337c16e689905d0578997
[2m2025-12-10T10:08:13.637185Z[0m [34mDEBUG[0m [2mhyper::proto::h1::io[0m[2m:[0m parsed 4 headers
[2m2025-12-10T10:08:13.637188Z[0m [34mDEBUG[0m [2methereum_transaction_pool_monitor::eth_client[0m[2m:[0m 📨 Received WebSocket message: {"jsonrpc":"2.0","method":"eth_subscription","params":{"subscription":"0xbed0a0851463e895960a451075a301a9","result":"0x21bc2dc316fa99e744549242f19d9b6732ac3d77d05b2bf42f17e7e9144b6768"}}
[2m2025-12-10T10:08:13.637196Z[0m [34mDEBUG[0m [2mhyper::proto::h1::conn[0m[2m:[0m incoming body is content-length (45 bytes)
[2m2025-12-10T10:08:13.637202Z[0m [34mDEBUG[0m [2methereum_transaction_pool_monitor::eth_client[0m[2m:[0m 📨 Received pending transaction: 0x21bc2dc316fa99e744549242f19d9b6732ac3d77d05b2bf42f17e7e9144b6768
[2m2025-12-10T10:08:13.637208Z[0m [34mDEBUG[0m [2mhyper::proto::h1::conn[0m[2m:[0m incoming body completed
[2m2025-12-10T10:08:13.637218Z[0m [34mDEBUG[0m [2mhyper::client::pool[0m[2m:[0m pooling idle connection for ("http", 192.168.0.14:8545)
[2m2025-12-10T10:08:13.637240Z[0m [34mDEBUG[0m [2mhyper::client::pool[0m[2m:[0m reuse idle connection for ("http", 192.168.0.14:8545)
[2m2025-12-10T10:08:13.637259Z[0m [34mDEBUG[0m [2mhyper::proto::h1::io[0m[2m:[0m flushed 172 bytes
[2m2025-12-10T10:08:13.644996Z[0m [34mDEBUG[0m [2mhyper::proto::h1::io[0m[2m:[0m parsed 4 headers
[2m2025-12-10T10:08:13.645015Z[0m [34mDEBUG[0m [2mhyper::proto::h1::conn[0m[2m:[0m incoming body is content-length (45 bytes)
[2m2025-12-10T10:08:13.645026Z[0m [34mDEBUG[0m [2mhyper::proto::h1::conn[0m[2m:[0m incoming body completed
[2m2025-12-10T10:08:13.645039Z[0m [34mDEBUG[0m [2mhyper::client::pool[0m[2m:[0m pooling idle connection for ("http", 192.168.0.14:8545)
[2m2025-12-10T10:08:13.645072Z[0m [34mDEBUG[0m [2mhyper::client::pool[0m[2m:[0m reuse idle connection for ("http", 192.168.0.14:8545)
[2m2025-12-10T10:08:13.645099Z[0m [34mDEBUG[0m [2mhyper::proto::h1::io[0m[2m:[0m flushed 172 bytes
[2m2025-12-10T10:08:13.645104Z[0m [34mDEBUG[0m [2mhyper::proto::h1::io[0m[2m:[0m parsed 4 headers
[2m2025-12-10T10:08:13.645136Z[0m [34mDEBUG[0m [2mhyper::proto::h1::conn[0m[2m:[0m incoming body is content-length (832 bytes)
[2m2025-12-10T10:08:13.645153Z[0m [34mDEBUG[0m [2mhyper::proto::h1::conn[0m[2m:[0m incoming body completed
[2m2025-12-10T10:08:13.645161Z[0m [34mDEBUG[0m [2mhyper::client::pool[0m[2m:[0m pooling idle connection for ("http", 192.168.0.14:8545)
[2m2025-12-10T10:08:13.645169Z[0m [34mDEBUG[0m [2methereum_transaction_pool_monitor::eth_client[0m[2m:[0m 📡 Transaction fetch RPC completed in 8.096167ms
[2m2025-12-10T10:08:13.650875Z[0m [34mDEBUG[0m [2mhyper::proto::h1::io[0m[2m:[0m parsed 4 headers
[2m2025-12-10T10:08:13.650887Z[0m [34mDEBUG[0m [2mhyper::proto::h1::conn[0m[2m:[0m incoming body is content-length (45 bytes)
[2m2025-12-10T10:08:13.650895Z[0m [34mDEBUG[0m [2mhyper::proto::h1::conn[0m[2m:[0m incoming body completed
[2m2025-12-10T10:08:13.650906Z[0m [34mDEBUG[0m [2mhyper::client::pool[0m[2m:[0m pooling idle connection for ("http", 192.168.0.14:8545)
[2m2025-12-10T10:08:13.650932Z[0m [34mDEBUG[0m [2mhyper::client::pool[0m[2m:[0m reuse idle connection for ("http", 192.168.0.14:8545)
[2m2025-12-10T10:08:13.650962Z[0m [34mDEBUG[0m [2mhyper::proto::h1::io[0m[2m:[0m flushed 172 bytes
[2m2025-12-10T10:08:13.658188Z[0m [34mDEBUG[0m [2mhyper::proto::h1::io[0m[2m:[0m parsed 4 headers
[2m2025-12-10T10:08:13.658217Z[0m [34mDEBUG[0m [2mhyper::proto::h1::conn[0m[2m:[0m incoming body is content-length (45 bytes)
[2m2025-12-10T10:08:13.658236Z[0m [34mDEBUG[0m [2mhyper::proto::h1::conn[0m[2m:[0m incoming body completed
[2m2025-12-10T10:08:13.658257Z[0m [34mDEBUG[0m [2mhyper::client::pool[0m[2m:[0m pooling idle connection for ("http", 192.168.0.14:8545)
[2m2025-12-10T10:08:13.695375Z[0m [34mDEBUG[0m [2mhyper::client::pool[0m[2m:[0m reuse idle connection for ("http", 192.168.0.14:8545)
[2m2025-12-10T10:08:13.695456Z[0m [34mDEBUG[0m [2mhyper::proto::h1::io[0m[2m:[0m flushed 172 bytes
[2m2025-12-10T10:08:13.696943Z[0m [34mDEBUG[0m [2methereum_transaction_pool_monitor::eth_client[0m[2m:[0m 📨 Received WebSocket message: {"jsonrpc":"2.0","method":"eth_subscription","params":{"subscription":"0xbed0a0851463e895960a451075a301a9","result":"0x241ad0cb35c0c37924ed833edee8ee836d97ba88da87c85ff1b4389ece629f10"}}
[2m2025-12-10T10:08:13.696968Z[0m [34mDEBUG[0m [2methereum_transaction_pool_monitor::eth_client[0m[2m:[0m 📨 Received pending transaction: 0x241ad0cb35c0c37924ed833edee8ee836d97ba88da87c85ff1b4389ece629f10
[2m2025-12-10T10:08:13.699353Z[0m [34mDEBUG[0m [2mhyper::proto::h1::io[0m[2m:[0m parsed 4 headers
[2m2025-12-10T10:08:13.699370Z[0m [34mDEBUG[0m [2mhyper::proto::h1::conn[0m[2m:[0m incoming body is content-length (45 bytes)
[2m2025-12-10T10:08:13.699379Z[0m [34mDEBUG[0m [2mhyper::proto::h1::conn[0m[2m:[0m incoming body completed
[2m2025-12-10T10:08:13.699392Z[0m [34mDEBUG[0m [2mhyper::client::pool[0m[2m:[0m pooling idle connection for ("http", 192.168.0.14:8545)
[2m2025-12-10T10:08:13.739369Z[0m [34mDEBUG[0m [2methereum_transaction_pool_monitor::eth_client[0m[2m:[0m ✅ Transaction 0x61d40ae7ac7c15f51a23ce0cdd389e14b576086e43e3fd28e208254b45b72cd8 fetched and parsed in 102.293292ms
[2m2025-12-10T10:08:13.739389Z[0m [34mDEBUG[0m [2methereum_transaction_pool_monitor::mempool_monitor[0m[2m:[0m 🔍 Skipping tx 0x61d40ae7ac7c15f51a23ce0cdd389e14b576086e43e3fd28e208254b45b72cd8 - not a DEX interaction (target: 0x3B4D794a66304F130a4Db8F2551B0070dfCf5ca7)
[2m2025-12-10T10:08:13.739399Z[0m [34mDEBUG[0m [2methereum_transaction_pool_monitor::mempool_monitor[0m[2m:[0m 📨 Processing new pending transaction: 0x04e84269d9ce44a48afd00e1078e70967b1f10b908dcb104c90064ca3671fd62
[2m2025-12-10T10:08:13.739404Z[0m [34mDEBUG[0m [2methereum_transaction_pool_monitor::mempool_monitor[0m[2m:[0m 🔍 Fetching transaction details for: 0x04e84269d9ce44a48afd00e1078e70967b1f10b908dcb104c90064ca3671fd62
[2m2025-12-10T10:08:13.739408Z[0m [34mDEBUG[0m [2methereum_transaction_pool_monitor::eth_client[0m[2m:[0m 🔍 Fetching transaction details for hash: 0x04e84269d9ce44a48afd00e1078e70967b1f10b908dcb104c90064ca3671fd62
[2m2025-12-10T10:08:13.739431Z[0m [34mDEBUG[0m [2mhyper::client::pool[0m[2m:[0m reuse idle connection for ("http", 192.168.0.14:8545)
[2m2025-12-10T10:08:13.739479Z[0m [34mDEBUG[0m [2mhyper::proto::h1::io[0m[2m:[0m flushed 250 bytes
[2m2025-12-10T10:08:13.747232Z[0m [34mDEBUG[0m [2mhyper::proto::h1::io[0m[2m:[0m parsed 4 headers
[2m2025-12-10T10:08:13.747243Z[0m [34mDEBUG[0m [2mhyper::proto::h1::conn[0m[2m:[0m incoming body is content-length (766 bytes)
[2m2025-12-10T10:08:13.747252Z[0m [34mDEBUG[0m [2mhyper::proto::h1::conn[0m[2m:[0m incoming body completed
[2m2025-12-10T10:08:13.747264Z[0m [34mDEBUG[0m [2mhyper::client::pool[0m[2m:[0m pooling idle connection for ("http", 192.168.0.14:8545)
[2m2025-12-10T10:08:13.747273Z[0m [34mDEBUG[0m [2methereum_transaction_pool_monitor::eth_client[0m[2m:[0m 📡 Transaction fetch RPC completed in 7.860875ms
[2m2025-12-10T10:08:13.747291Z[0m [34mDEBUG[0m [2methereum_transaction_pool_monitor::eth_client[0m[2m:[0m DeFi transaction detected - Address: 0xdac17f958d2ee523a2206206994597c13d831ec7, Type: Stablecoin, Value: 0 ETH, Gas: 0.41 Gwei
[2m2025-12-10T10:08:13.747304Z[0m [34mDEBUG[0m [2methereum_transaction_pool_monitor::eth_client[0m[2m:[0m ✅ Transaction 0x04e84269d9ce44a48afd00e1078e70967b1f10b908dcb104c90064ca3671fd62 fetched and parsed in 7.891791ms
[2m2025-12-10T10:08:13.747309Z[0m [34mDEBUG[0m [2methereum_transaction_pool_monitor::mempool_monitor[0m[2m:[0m 🔍 Skipping tx 0x04e84269d9ce44a48afd00e1078e70967b1f10b908dcb104c90064ca3671fd62 - not a DEX interaction (target: 0xdAC17F958D2ee523a2206206994597C13D831ec7)
[2m2025-12-10T10:08:13.747316Z[0m [34mDEBUG[0m [2methereum_transaction_pool_monitor::mempool_monitor[0m[2m:[0m 📨 Processing new pending transaction: 0xdafb97e623b29d9556485efc84e2bfdec0771ba88a713153c1d37e7523063d3b
[2m2025-12-10T10:08:13.747321Z[0m [34mDEBUG[0m [2methereum_transaction_pool_monitor::mempool_monitor[0m[2m:[0m 🔍 Fetching transaction details for: 0xdafb97e623b29d9556485efc84e2bfdec0771ba88a713153c1d37e7523063d3b
[2m2025-12-10T10:08:13.747324Z[0m [34mDEBUG[0m [2methereum_transaction_pool_monitor::eth_client[0m[2m:[0m 🔍 Fetching transaction details for hash: 0xdafb97e623b29d9556485efc84e2bfdec0771ba88a713153c1d37e7523063d3b
[2m2025-12-10T10:08:13.747341Z[0m [34mDEBUG[0m [2mhyper::client::pool[0m[2m:[0m reuse idle connection for ("http", 192.168.0.14:8545)
[2m2025-12-10T10:08:13.747367Z[0m [34mDEBUG[0m [2mhyper::proto::h1::io[0m[2m:[0m flushed 250 bytes
[2m2025-12-10T10:08:13.754786Z[0m [34mDEBUG[0m [2mhyper::proto::h1::io[0m[2m:[0m parsed 4 headers
[2m2025-12-10T10:08:13.754822Z[0m [34mDEBUG[0m [2mhyper::proto::h1::conn[0m[2m:[0m incoming body is content-length (650 bytes)
[2m2025-12-10T10:08:13.754842Z[0m [34mDEBUG[0m [2mhyper::proto::h1::conn[0m[2m:[0m incoming body completed
[2m2025-12-10T10:08:13.754864Z[0m [34mDEBUG[0m [2mhyper::client::pool[0m[2m:[0m pooling idle connection for ("http", 192.168.0.14:8545)
[2m2025-12-10T10:08:13.754881Z[0m [34mDEBUG[0m [2methereum_transaction_pool_monitor::eth_client[0m[2m:[0m 📡 Transaction fetch RPC completed in 7.552458ms
[2m2025-12-10T10:08:13.911510Z[0m [34mDEBUG[0m [2methereum_transaction_pool_monitor::eth_client[0m[2m:[0m ✅ Transaction 0xdafb97e623b29d9556485efc84e2bfdec0771ba88a713153c1d37e7523063d3b fetched and parsed in 164.175833ms
[2m2025-12-10T10:08:13.911559Z[0m [34mDEBUG[0m [2methereum_transaction_pool_monitor::mempool_monitor[0m[2m:[0m 🔍 Skipping tx 0xdafb97e623b29d9556485efc84e2bfdec0771ba88a713153c1d37e7523063d3b - not a DEX interaction (target: 0x473D2CB80EeaA8e66413592d78025EA2670bdB66)
[2m2025-12-10T10:08:13.911571Z[0m [34mDEBUG[0m [2methereum_transaction_pool_monitor::mempool_monitor[0m[2m:[0m 📨 Processing new pending transaction: 0x49426f32d04a7cce454590c10c3c809b0bcb20020cda482d4e36ecd8e77188b1
[2m2025-12-10T10:08:13.911576Z[0m [34mDEBUG[0m [2methereum_transaction_pool_monitor::mempool_monitor[0m[2m:[0m 🔍 Fetching transaction details for: 0x49426f32d04a7cce454590c10c3c809b0bcb20020cda482d4e36ecd8e77188b1
[2m2025-12-10T10:08:13.911580Z[0m [34mDEBUG[0m [2methereum_transaction_pool_monitor::eth_client[0m[2m:[0m 🔍 Fetching transaction details for hash: 0x49426f32d04a7cce454590c10c3c809b0bcb20020cda482d4e36ecd8e77188b1
[2m2025-12-10T10:08:13.911607Z[0m [34mDEBUG[0m [2mhyper::client::pool[0m[2m:[0m reuse idle connection for ("http", 192.168.0.14:8545)
[2m2025-12-10T10:08:13.911691Z[0m [34mDEBUG[0m [2mhyper::proto::h1::io[0m[2m:[0m flushed 250 bytes
[2m2025-12-10T10:08:13.911714Z[0m [34mDEBUG[0m [2mhyper::client::pool[0m[2m:[0m reuse idle connection for ("http", 192.168.0.14:8545)
[2m2025-12-10T10:08:13.911733Z[0m [34mDEBUG[0m [2mhyper::proto::h1::io[0m[2m:[0m flushed 172 bytes
[2m2025-12-10T10:08:13.911744Z[0m [34mDEBUG[0m [2methereum_transaction_pool_monitor::eth_client[0m[2m:[0m 📨 Received WebSocket message: {"jsonrpc":"2.0","method":"eth_subscription","params":{"subscription":"0xbed0a0851463e895960a451075a301a9","result":"0x207dd288d2b073e43a7babe60771f1b66bbf2e5a185841417a08b57ffa292fe2"}}
[2m2025-12-10T10:08:13.911751Z[0m [34mDEBUG[0m [2methereum_transaction_pool_monitor::eth_client[0m[2m:[0m 📨 Received pending transaction: 0x207dd288d2b073e43a7babe60771f1b66bbf2e5a185841417a08b57ffa292fe2
[2m2025-12-10T10:08:13.911756Z[0m [34mDEBUG[0m [2methereum_transaction_pool_monitor::eth_client[0m[2m:[0m 📨 Received WebSocket message: {"jsonrpc":"2.0","method":"eth_subscription","params":{"subscription":"0xbed0a0851463e895960a451075a301a9","result":"0xb5ea4f4345c4f057d0aed713be98707bea71d77a7cce6cfcf227847958ed2355"}}
[2m2025-12-10T10:08:13.911761Z[0m [34mDEBUG[0m [2methereum_transaction_pool_monitor::eth_client[0m[2m:[0m 📨 Received pending transaction: 0xb5ea4f4345c4f057d0aed713be98707bea71d77a7cce6cfcf227847958ed2355
[2m2025-12-10T10:08:13.914973Z[0m [34mDEBUG[0m [2mhyper::proto::h1::io[0m[2m:[0m parsed 4 headers
[2m2025-12-10T10:08:13.914983Z[0m [34mDEBUG[0m [2mhyper::proto::h1::conn[0m[2m:[0m incoming body is content-length (45 bytes)
[2m2025-12-10T10:08:13.914991Z[0m [34mDEBUG[0m [2mhyper::proto::h1::conn[0m[2m:[0m incoming body completed
[2m2025-12-10T10:08:13.915000Z[0m [34mDEBUG[0m [2mhyper::client::pool[0m[2m:[0m pooling idle connection for ("http", 192.168.0.14:8545)
[2m2025-12-10T10:08:13.915026Z[0m [34mDEBUG[0m [2mhyper::client::pool[0m[2m:[0m reuse idle connection for ("http", 192.168.0.14:8545)
[2m2025-12-10T10:08:13.915047Z[0m [34mDEBUG[0m [2mhyper::proto::h1::io[0m[2m:[0m flushed 172 bytes
[2m2025-12-10T10:08:13.920657Z[0m [34mDEBUG[0m [2mhyper::proto::h1::io[0m[2m:[0m parsed 4 headers
[2m2025-12-10T10:08:13.920686Z[0m [34mDEBUG[0m [2mhyper::proto::h1::conn[0m[2m:[0m incoming body is content-length (774 bytes)
[2m2025-12-10T10:08:13.920696Z[0m [34mDEBUG[0m [2mhyper::proto::h1::conn[0m[2m:[0m incoming body completed
[2m2025-12-10T10:08:13.920708Z[0m [34mDEBUG[0m [2mhyper::client::pool[0m[2m:[0m pooling idle connection for ("http", 192.168.0.14:8545)
[2m2025-12-10T10:08:13.920717Z[0m [34mDEBUG[0m [2methereum_transaction_pool_monitor::eth_client[0m[2m:[0m 📡 Transaction fetch RPC completed in 9.13225ms
[2m2025-12-10T10:08:14.063951Z[0m [34mDEBUG[0m [2methereum_transaction_pool_monitor::eth_client[0m[2m:[0m ✅ Transaction 0x49426f32d04a7cce454590c10c3c809b0bcb20020cda482d4e36ecd8e77188b1 fetched and parsed in 152.362709ms
[2m2025-12-10T10:08:14.063983Z[0m [34mDEBUG[0m [2methereum_transaction_pool_monitor::mempool_monitor[0m[2m:[0m 🔍 Skipping tx 0x49426f32d04a7cce454590c10c3c809b0bcb20020cda482d4e36ecd8e77188b1 - not a DEX interaction (target: 0x5dc60C4D5e75D22588FA17fFEB90A63E535efCE0)
[2m2025-12-10T10:08:14.063994Z[0m [34mDEBUG[0m [2methereum_transaction_pool_monitor::mempool_monitor[0m[2m:[0m 📨 Processing new pending transaction: 0x2a045c5e537cbca4466f5c0df5e9e671dc4b2a2fd30e306943056ed22ecd706f
[2m2025-12-10T10:08:14.063998Z[0m [34mDEBUG[0m [2methereum_transaction_pool_monitor::mempool_monitor[0m[2m:[0m 🔍 Fetching transaction details for: 0x2a045c5e537cbca4466f5c0df5e9e671dc4b2a2fd30e306943056ed22ecd706f
[2m2025-12-10T10:08:14.064002Z[0m [34mDEBUG[0m [2methereum_transaction_pool_monitor::eth_client[0m[2m:[0m 🔍 Fetching transaction details for hash: 0x2a045c5e537cbca4466f5c0df5e9e671dc4b2a2fd30e306943056ed22ecd706f
[2m2025-12-10T10:08:14.064024Z[0m [34mDEBUG[0m [2mhyper::client::pool[0m[2m:[0m reuse idle connection for ("http", 192.168.0.14:8545)
[2m2025-12-10T10:08:14.064084Z[0m [34mDEBUG[0m [2mhyper::proto::h1::io[0m[2m:[0m flushed 250 bytes
[2m2025-12-10T10:08:14.064107Z[0m [34mDEBUG[0m [2methereum_transaction_pool_monitor::eth_client[0m[2m:[0m 📨 Received WebSocket message: {"jsonrpc":"2.0","method":"eth_subscription","params":{"subscription":"0xbed0a0851463e895960a451075a301a9","result":"0x8c70f7dfe824db67434f66bb23a04007dbaaa884a03ec84d443d2719eb574036"}}
[2m2025-12-10T10:08:14.064115Z[0m [34mDEBUG[0m [2methereum_transaction_pool_monitor::eth_client[0m[2m:[0m 📨 Received pending transaction: 0x8c70f7dfe824db67434f66bb23a04007dbaaa884a03ec84d443d2719eb574036
[2m2025-12-10T10:08:14.064137Z[0m [34mDEBUG[0m [2mhyper::proto::h1::io[0m[2m:[0m parsed 4 headers
[2m2025-12-10T10:08:14.064142Z[0m [34mDEBUG[0m [2mhyper::proto::h1::conn[0m[2m:[0m incoming body is content-length (45 bytes)
[2m2025-12-10T10:08:14.064149Z[0m [34mDEBUG[0m [2mhyper::proto::h1::conn[0m[2m:[0m incoming body completed
[2m2025-12-10T10:08:14.064167Z[0m [34mDEBUG[0m [2mhyper::client::pool[0m[2m:[0m pooling idle connection for ("http", 192.168.0.14:8545)
[2m2025-12-10T10:08:14.064185Z[0m [34mDEBUG[0m [2mhyper::client::pool[0m[2m:[0m reuse idle connection for ("http", 192.168.0.14:8545)
[2m2025-12-10T10:08:14.064204Z[0m [34mDEBUG[0m [2mhyper::proto::h1::io[0m[2m:[0m flushed 172 bytes
[2m2025-12-10T10:08:14.068666Z[0m [34mDEBUG[0m [2mhyper::proto::h1::io[0m[2m:[0m parsed 4 headers
[2m2025-12-10T10:08:14.068690Z[0m [34mDEBUG[0m [2mhyper::proto::h1::conn[0m[2m:[0m incoming body is content-length (553 bytes)
[2m2025-12-10T10:08:14.068699Z[0m [34mDEBUG[0m [2mhyper::proto::h1::conn[0m[2m:[0m incoming body completed
[2m2025-12-10T10:08:14.068710Z[0m [34mDEBUG[0m [2mhyper::client::pool[0m[2m:[0m pooling idle connection for ("http", 192.168.0.14:8545)
[2m2025-12-10T10:08:14.068718Z[0m [34mDEBUG[0m [2methereum_transaction_pool_monitor::eth_client[0m[2m:[0m 📡 Transaction fetch RPC completed in 4.712125ms
[2m2025-12-10T10:08:14.207686Z[0m [34mDEBUG[0m [2methereum_transaction_pool_monitor::eth_client[0m[2m:[0m ✅ Transaction 0x2a045c5e537cbca4466f5c0df5e9e671dc4b2a2fd30e306943056ed22ecd706f fetched and parsed in 143.676416ms
[2m2025-12-10T10:08:14.207703Z[0m [34mDEBUG[0m [2methereum_transaction_pool_monitor::mempool_monitor[0m[2m:[0m 🔍 Skipping tx 0x2a045c5e537cbca4466f5c0df5e9e671dc4b2a2fd30e306943056ed22ecd706f - not a DEX interaction (target: 0x897F0496499aFeeF82a29b297029BF26D065040C)
[2m2025-12-10T10:08:14.207712Z[0m [34mDEBUG[0m [2methereum_transaction_pool_monitor::mempool_monitor[0m[2m:[0m 📨 Processing new pending transaction: 0x1e35cd79517a6155fd1eea2d9ec5c5854d8ef595e847eb23c763d9a678fe56ce
[2m2025-12-10T10:08:14.207716Z[0m [34mDEBUG[0m [2methereum_transaction_pool_monitor::mempool_monitor[0m[2m:[0m 🔍 Fetching transaction details for: 0x1e35cd79517a6155fd1eea2d9ec5c5854d8ef595e847eb23c763d9a678fe56ce
[2m2025-12-10T10:08:14.207720Z[0m [34mDEBUG[0m [2methereum_transaction_pool_monitor::eth_client[0m[2m:[0m 🔍 Fetching transaction details for hash: 0x1e35cd79517a6155fd1eea2d9ec5c5854d8ef595e847eb23c763d9a678fe56ce
[2m2025-12-10T10:08:14.207738Z[0m [34mDEBUG[0m [2mhyper::client::pool[0m[2m:[0m reuse idle connection for ("http", 192.168.0.14:8545)
[2m2025-12-10T10:08:14.207769Z[0m [34mDEBUG[0m [2mhyper::proto::h1::io[0m[2m:[0m flushed 250 bytes
[2m2025-12-10T10:08:14.207787Z[0m [34mDEBUG[0m [2methereum_transaction_pool_monitor::eth_client[0m[2m:[0m 📨 Received WebSocket message: {"jsonrpc":"2.0","method":"eth_subscription","params":{"subscription":"0xbed0a0851463e895960a451075a301a9","result":"0x50cf67c9344d1c1460fa9a7fd1da5f3d8a4ef606ea84f6c283d3e8e8fd111999"}}
[2m2025-12-10T10:08:14.207793Z[0m [34mDEBUG[0m [2methereum_transaction_pool_monitor::eth_client[0m[2m:[0m 📨 Received pending transaction: 0x50cf67c9344d1c1460fa9a7fd1da5f3d8a4ef606ea84f6c283d3e8e8fd111999
[2m2025-12-10T10:08:14.207795Z[0m [34mDEBUG[0m [2mhyper::proto::h1::io[0m[2m:[0m parsed 4 headers
[2m2025-12-10T10:08:14.207798Z[0m [34mDEBUG[0m [2methereum_transaction_pool_monitor::eth_client[0m[2m:[0m 📨 Received WebSocket message: {"jsonrpc":"2.0","method":"eth_subscription","params":{"subscription":"0xbed0a0851463e895960a451075a301a9","result":"0x750e49ef397d6ec0b1ed0471a4cd695b7cf50354db92c3f669bbf5ee275b7593"}}
[2m2025-12-10T10:08:14.207802Z[0m [34mDEBUG[0m [2mhyper::proto::h1::conn[0m[2m:[0m incoming body is content-length (45 bytes)
[2m2025-12-10T10:08:14.207805Z[0m [34mDEBUG[0m [2methereum_transaction_pool_monitor::eth_client[0m[2m:[0m 📨 Received pending transaction: 0x750e49ef397d6ec0b1ed0471a4cd695b7cf50354db92c3f669bbf5ee275b7593
[2m2025-12-10T10:08:14.207813Z[0m [34mDEBUG[0m [2mhyper::proto::h1::conn[0m[2m:[0m incoming body completed
[2m2025-12-10T10:08:14.207825Z[0m [34mDEBUG[0m [2mhyper::client::pool[0m[2m:[0m pooling idle connection for ("http", 192.168.0.14:8545)
[2m2025-12-10T10:08:14.207843Z[0m [34mDEBUG[0m [2mhyper::client::pool[0m[2m:[0m reuse idle connection for ("http", 192.168.0.14:8545)
[2m2025-12-10T10:08:14.207859Z[0m [34mDEBUG[0m [2mhyper::proto::h1::io[0m[2m:[0m flushed 172 bytes
[2m2025-12-10T10:08:14.226370Z[0m [34mDEBUG[0m [2methereum_transaction_pool_monitor::eth_client[0m[2m:[0m 📨 Received WebSocket message: {"jsonrpc":"2.0","method":"eth_subscription","params":{"subscription":"0xbed0a0851463e895960a451075a301a9","result":"0x8f673f68d4fedba087716425fc81bbb4f8e44cd0ca11bdf6af0e6a9c93878c6d"}}
[2m2025-12-10T10:08:14.227013Z[0m [34mDEBUG[0m [2methereum_transaction_pool_monitor::eth_client[0m[2m:[0m 📨 Received pending transaction: 0x8f673f68d4fedba087716425fc81bbb4f8e44cd0ca11bdf6af0e6a9c93878c6d
[2m2025-12-10T10:08:14.232788Z[0m [34mDEBUG[0m [2mhyper::proto::h1::io[0m[2m:[0m parsed 4 headers
[2m2025-12-10T10:08:14.232802Z[0m [34mDEBUG[0m [2mhyper::proto::h1::conn[0m[2m:[0m incoming body is content-length (45 bytes)
[2m2025-12-10T10:08:14.232812Z[0m [34mDEBUG[0m [2mhyper::proto::h1::conn[0m[2m:[0m incoming body completed
[2m2025-12-10T10:08:14.232826Z[0m [34mDEBUG[0m [2mhyper::client::pool[0m[2m:[0m pooling idle connection for ("http", 192.168.0.14:8545)
[2m2025-12-10T10:08:14.232861Z[0m [34mDEBUG[0m [2mhyper::client::pool[0m[2m:[0m reuse idle connection for ("http", 192.168.0.14:8545)
[2m2025-12-10T10:08:14.232889Z[0m [34mDEBUG[0m [2mhyper::proto::h1::io[0m[2m:[0m flushed 172 bytes
[2m2025-12-10T10:08:14.232917Z[0m [34mDEBUG[0m [2mhyper::proto::h1::io[0m[2m:[0m parsed 4 headers
[2m2025-12-10T10:08:14.232922Z[0m [34mDEBUG[0m [2mhyper::proto::h1::conn[0m[2m:[0m incoming body is content-length (2885 bytes)
[2m2025-12-10T10:08:14.232926Z[0m [34mDEBUG[0m [2mhyper::proto::h1::conn[0m[2m:[0m incoming body completed
[2m2025-12-10T10:08:14.232933Z[0m [34mDEBUG[0m [2mhyper::client::pool[0m[2m:[0m pooling idle connection for ("http", 192.168.0.14:8545)
[2m2025-12-10T10:08:14.232937Z[0m [34mDEBUG[0m [2methereum_transaction_pool_monitor::eth_client[0m[2m:[0m 📡 Transaction fetch RPC completed in 25.212875ms
[2m2025-12-10T10:08:14.237871Z[0m [34mDEBUG[0m [2mhyper::proto::h1::io[0m[2m:[0m parsed 4 headers
[2m2025-12-10T10:08:14.237924Z[0m [34mDEBUG[0m [2mhyper::proto::h1::conn[0m[2m:[0m incoming body is content-length (45 bytes)
[2m2025-12-10T10:08:14.237939Z[0m [34mDEBUG[0m [2mhyper::proto::h1::conn[0m[2m:[0m incoming body completed
[2m2025-12-10T10:08:14.237959Z[0m [34mDEBUG[0m [2mhyper::client::pool[0m[2m:[0m pooling idle connection for ("http", 192.168.0.14:8545)
[2m2025-12-10T10:08:14.296323Z[0m [34mDEBUG[0m [2mhyper::client::pool[0m[2m:[0m reuse idle connection for ("http", 192.168.0.14:8545)
[2m2025-12-10T10:08:14.296421Z[0m [34mDEBUG[0m [2mhyper::proto::h1::io[0m[2m:[0m flushed 172 bytes
[2m2025-12-10T10:08:14.331965Z[0m [34mDEBUG[0m [2mhyper::proto::h1::io[0m[2m:[0m parsed 4 headers
[2m2025-12-10T10:08:14.332027Z[0m [34mDEBUG[0m [2mhyper::proto::h1::conn[0m[2m:[0m incoming body is content-length (45 bytes)
[2m2025-12-10T10:08:14.332040Z[0m [34mDEBUG[0m [2mhyper::proto::h1::conn[0m[2m:[0m incoming body completed
[2m2025-12-10T10:08:14.332066Z[0m [34mDEBUG[0m [2mhyper::client::pool[0m[2m:[0m pooling idle connection for ("http", 192.168.0.14:8545)
[2m2025-12-10T10:08:14.349564Z[0m [34mDEBUG[0m [2methereum_transaction_pool_monitor::eth_client[0m[2m:[0m ✅ Transaction 0x1e35cd79517a6155fd1eea2d9ec5c5854d8ef595e847eb23c763d9a678fe56ce fetched and parsed in 141.837041ms
[2m2025-12-10T10:08:14.349584Z[0m [34mDEBUG[0m [2methereum_transaction_pool_monitor::mempool_monitor[0m[2m:[0m 🔍 Skipping tx 0x1e35cd79517a6155fd1eea2d9ec5c5854d8ef595e847eb23c763d9a678fe56ce - not a DEX interaction (target: 0x26d3681DfC9E4c8C79cfbf461adec8A21d5d73C5)
[2m2025-12-10T10:08:14.349592Z[0m [34mDEBUG[0m [2methereum_transaction_pool_monitor::mempool_monitor[0m[2m:[0m 📨 Processing new pending transaction: 0xd6b9da0c4e413db604701957573900264947c41df1a337c16e689905d0578997
[2m2025-12-10T10:08:14.349596Z[0m [34mDEBUG[0m [2methereum_transaction_pool_monitor::mempool_monitor[0m[2m:[0m 🔍 Fetching transaction details for: 0xd6b9da0c4e413db604701957573900264947c41df1a337c16e689905d0578997
[2m2025-12-10T10:08:14.349601Z[0m [34mDEBUG[0m [2methereum_transaction_pool_monitor::eth_client[0m[2m:[0m 🔍 Fetching transaction details for hash: 0xd6b9da0c4e413db604701957573900264947c41df1a337c16e689905d0578997
[2m2025-12-10T10:08:14.349623Z[0m [34mDEBUG[0m [2mhyper::client::pool[0m[2m:[0m reuse idle connection for ("http", 192.168.0.14:8545)
[2m2025-12-10T10:08:14.349677Z[0m [34mDEBUG[0m [2mhyper::proto::h1::io[0m[2m:[0m flushed 250 bytes
[2m2025-12-10T10:08:14.352805Z[0m [34mDEBUG[0m [2mhyper::proto::h1::io[0m[2m:[0m parsed 4 headers
[2m2025-12-10T10:08:14.352839Z[0m [34mDEBUG[0m [2mhyper::proto::h1::conn[0m[2m:[0m incoming body is content-length (832 bytes)
[2m2025-12-10T10:08:14.352856Z[0m [34mDEBUG[0m [2mhyper::proto::h1::conn[0m[2m:[0m incoming body completed
[2m2025-12-10T10:08:14.352875Z[0m [34mDEBUG[0m [2mhyper::client::pool[0m[2m:[0m pooling idle connection for ("http", 192.168.0.14:8545)
[2m2025-12-10T10:08:14.352891Z[0m [34mDEBUG[0m [2methereum_transaction_pool_monitor::eth_client[0m[2m:[0m 📡 Transaction fetch RPC completed in 3.28625ms
[2m2025-12-10T10:08:14.447445Z[0m [34mDEBUG[0m [2methereum_transaction_pool_monitor::eth_client[0m[2m:[0m ✅ Transaction 0xd6b9da0c4e413db604701957573900264947c41df1a337c16e689905d0578997 fetched and parsed in 97.836417ms
[2m2025-12-10T10:08:14.447473Z[0m [34mDEBUG[0m [2methereum_transaction_pool_monitor::mempool_monitor[0m[2m:[0m 🔍 Skipping tx 0xd6b9da0c4e413db604701957573900264947c41df1a337c16e689905d0578997 - not a DEX interaction (target: 0x3B4D794a66304F130a4Db8F2551B0070dfCf5ca7)
[2m2025-12-10T10:08:14.447484Z[0m [34mDEBUG[0m [2methereum_transaction_pool_monitor::mempool_monitor[0m[2m:[0m 📨 Processing new pending transaction: 0x21bc2dc316fa99e744549242f19d9b6732ac3d77d05b2bf42f17e7e9144b6768
[2m2025-12-10T10:08:14.447489Z[0m [34mDEBUG[0m [2methereum_transaction_pool_monitor::mempool_monitor[0m[2m:[0m 🔍 Fetching transaction details for: 0x21bc2dc316fa99e744549242f19d9b6732ac3d77d05b2bf42f17e7e9144b6768
[2m2025-12-10T10:08:14.447493Z[0m [34mDEBUG[0m [2methereum_transaction_pool_monitor::eth_client[0m[2m:[0m 🔍 Fetching transaction details for hash: 0x21bc2dc316fa99e744549242f19d9b6732ac3d77d05b2bf42f17e7e9144b6768
[2m2025-12-10T10:08:14.447515Z[0m [34mDEBUG[0m [2mhyper::client::pool[0m[2m:[0m reuse idle connection for ("http", 192.168.0.14:8545)
[2m2025-12-10T10:08:14.447559Z[0m [34mDEBUG[0m [2mhyper::proto::h1::io[0m[2m:[0m flushed 250 bytes
[2m2025-12-10T10:08:14.447581Z[0m [34mDEBUG[0m [2mhyper::client::pool[0m[2m:[0m reuse idle connection for ("http", 192.168.0.14:8545)
[2m2025-12-10T10:08:14.447596Z[0m [34mDEBUG[0m [2mhyper::proto::h1::io[0m[2m:[0m flushed 172 bytes
[2m2025-12-10T10:08:14.447600Z[0m [34mDEBUG[0m [2methereum_transaction_pool_monitor::eth_client[0m[2m:[0m 📨 Received WebSocket message: {"jsonrpc":"2.0","method":"eth_subscription","params":{"subscription":"0xbed0a0851463e895960a451075a301a9","result":"0x5afbfa02e5ac3905b8816f97a8291e320e79f7ab0d3ba4566c16f81219eb6eb2"}}
[2m2025-12-10T10:08:14.447646Z[0m [34mDEBUG[0m [2methereum_transaction_pool_monitor::eth_client[0m[2m:[0m 📨 Received pending transaction: 0x5afbfa02e5ac3905b8816f97a8291e320e79f7ab0d3ba4566c16f81219eb6eb2
[2m2025-12-10T10:08:14.456358Z[0m [34mDEBUG[0m [2mhyper::proto::h1::io[0m[2m:[0m parsed 4 headers
[2m2025-12-10T10:08:14.456402Z[0m [34mDEBUG[0m [2mhyper::proto::h1::conn[0m[2m:[0m incoming body is content-length (770 bytes)
[2m2025-12-10T10:08:14.456419Z[0m [34mDEBUG[0m [2mhyper::proto::h1::conn[0m[2m:[0m incoming body completed
[2m2025-12-10T10:08:14.456440Z[0m [34mDEBUG[0m [2mhyper::client::pool[0m[2m:[0m pooling idle connection for ("http", 192.168.0.14:8545)
[2m2025-12-10T10:08:14.456459Z[0m [34mDEBUG[0m [2methereum_transaction_pool_monitor::eth_client[0m[2m:[0m 📡 Transaction fetch RPC completed in 8.96175ms
[2m2025-12-10T10:08:14.544367Z[0m [34mDEBUG[0m [2methereum_transaction_pool_monitor::eth_client[0m[2m:[0m ✅ Transaction 0x21bc2dc316fa99e744549242f19d9b6732ac3d77d05b2bf42f17e7e9144b6768 fetched and parsed in 96.865917ms
[2m2025-12-10T10:08:14.544403Z[0m [34mDEBUG[0m [2methereum_transaction_pool_monitor::mempool_monitor[0m[2m:[0m 🔍 Skipping tx 0x21bc2dc316fa99e744549242f19d9b6732ac3d77d05b2bf42f17e7e9144b6768 - not a DEX interaction (target: 0xB8f28C60dD8240141185a192fa4156A23E189305)
[2m2025-12-10T10:08:14.544414Z[0m [34mDEBUG[0m [2methereum_transaction_pool_monitor::mempool_monitor[0m[2m:[0m 📨 Processing new pending transaction: 0x241ad0cb35c0c37924ed833edee8ee836d97ba88da87c85ff1b4389ece629f10
[2m2025-12-10T10:08:14.544420Z[0m [34mDEBUG[0m [2methereum_transaction_pool_monitor::mempool_monitor[0m[2m:[0m 🔍 Fetching transaction details for: 0x241ad0cb35c0c37924ed833edee8ee836d97ba88da87c85ff1b4389ece629f10
[2m2025-12-10T10:08:14.544424Z[0m [34mDEBUG[0m [2methereum_transaction_pool_monitor::eth_client[0m[2m:[0m 🔍 Fetching transaction details for hash: 0x241ad0cb35c0c37924ed833edee8ee836d97ba88da87c85ff1b4389ece629f10
[2m2025-12-10T10:08:14.544452Z[0m [34mDEBUG[0m [2mhyper::client::pool[0m[2m:[0m reuse idle connection for ("http", 192.168.0.14:8545)
[2m2025-12-10T10:08:14.544535Z[0m [34mDEBUG[0m [2mhyper::proto::h1::io[0m[2m:[0m flushed 250 bytes
[2m2025-12-10T10:08:14.544562Z[0m [34mDEBUG[0m [2mhyper::proto::h1::io[0m[2m:[0m parsed 4 headers
[2m2025-12-10T10:08:14.544566Z[0m [34mDEBUG[0m [2mhyper::proto::h1::conn[0m[2m:[0m incoming body is content-length (45 bytes)
[2m2025-12-10T10:08:14.544576Z[0m [34mDEBUG[0m [2mhyper::proto::h1::conn[0m[2m:[0m incoming body completed
[2m2025-12-10T10:08:14.544587Z[0m [34mDEBUG[0m [2mhyper::client::pool[0m[2m:[0m pooling idle connection for ("http", 192.168.0.14:8545)
[2m2025-12-10T10:08:14.544611Z[0m [34mDEBUG[0m [2mhyper::client::pool[0m[2m:[0m reuse idle connection for ("http", 192.168.0.14:8545)
[2m2025-12-10T10:08:14.544633Z[0m [34mDEBUG[0m [2mhyper::proto::h1::io[0m[2m:[0m flushed 172 bytes
[2m2025-12-10T10:08:14.548083Z[0m [34mDEBUG[0m [2mhyper::proto::h1::io[0m[2m:[0m parsed 4 headers
[2m2025-12-10T10:08:14.548140Z[0m [34mDEBUG[0m [2mhyper::proto::h1::conn[0m[2m:[0m incoming body is content-length (773 bytes)
[2m2025-12-10T10:08:14.548156Z[0m [34mDEBUG[0m [2mhyper::proto::h1::conn[0m[2m:[0m incoming body completed
[2m2025-12-10T10:08:14.548170Z[0m [34mDEBUG[0m [2mhyper::client::pool[0m[2m:[0m pooling idle connection for ("http", 192.168.0.14:8545)
[2m2025-12-10T10:08:14.548179Z[0m [34mDEBUG[0m [2methereum_transaction_pool_monitor::eth_client[0m[2m:[0m 📡 Transaction fetch RPC completed in 3.750916ms
[2m2025-12-10T10:08:14.624721Z[0m [34mDEBUG[0m [2methereum_transaction_pool_monitor::eth_client[0m[2m:[0m ✅ Transaction 0x241ad0cb35c0c37924ed833edee8ee836d97ba88da87c85ff1b4389ece629f10 fetched and parsed in 80.29ms
[2m2025-12-10T10:08:14.624740Z[0m [34mDEBUG[0m [2methereum_transaction_pool_monitor::mempool_monitor[0m[2m:[0m 🔍 Skipping tx 0x241ad0cb35c0c37924ed833edee8ee836d97ba88da87c85ff1b4389ece629f10 - not a DEX interaction (target: 0xA0b86991c6218b36c1d19D4a2e9Eb0cE3606eB48)
[2m2025-12-10T10:08:14.624750Z[0m [34mDEBUG[0m [2methereum_transaction_pool_monitor::mempool_monitor[0m[2m:[0m 📨 Processing new pending transaction: 0x207dd288d2b073e43a7babe60771f1b66bbf2e5a185841417a08b57ffa292fe2
[2m2025-12-10T10:08:14.624755Z[0m [34mDEBUG[0m [2methereum_transaction_pool_monitor::mempool_monitor[0m[2m:[0m 🔍 Fetching transaction details for: 0x207dd288d2b073e43a7babe60771f1b66bbf2e5a185841417a08b57ffa292fe2
[2m2025-12-10T10:08:14.624758Z[0m [34mDEBUG[0m [2methereum_transaction_pool_monitor::eth_client[0m[2m:[0m 🔍 Fetching transaction details for hash: 0x207dd288d2b073e43a7babe60771f1b66bbf2e5a185841417a08b57ffa292fe2
[2m2025-12-10T10:08:14.624780Z[0m [34mDEBUG[0m [2mhyper::client::pool[0m[2m:[0m reuse idle connection for ("http", 192.168.0.14:8545)
[2m2025-12-10T10:08:14.624833Z[0m [34mDEBUG[0m [2mhyper::proto::h1::io[0m[2m:[0m flushed 250 bytes
[2m2025-12-10T10:08:14.624849Z[0m [34mDEBUG[0m [2mhyper::proto::h1::io[0m[2m:[0m parsed 4 headers
[2m2025-12-10T10:08:14.624852Z[0m [34mDEBUG[0m [2mhyper::proto::h1::conn[0m[2m:[0m incoming body is content-length (45 bytes)
[2m2025-12-10T10:08:14.624859Z[0m [34mDEBUG[0m [2mhyper::proto::h1::conn[0m[2m:[0m incoming body completed
[2m2025-12-10T10:08:14.624866Z[0m [34mDEBUG[0m [2mhyper::client::pool[0m[2m:[0m pooling idle connection for ("http", 192.168.0.14:8545)
[2m2025-12-10T10:08:14.624880Z[0m [34mDEBUG[0m [2mhyper::client::pool[0m[2m:[0m reuse idle connection for ("http", 192.168.0.14:8545)
[2m2025-12-10T10:08:14.624898Z[0m [34mDEBUG[0m [2mhyper::proto::h1::io[0m[2m:[0m flushed 172 bytes
[2m2025-12-10T10:08:14.629119Z[0m [34mDEBUG[0m [2mhyper::proto::h1::io[0m[2m:[0m parsed 4 headers
[2m2025-12-10T10:08:14.629131Z[0m [34mDEBUG[0m [2mhyper::proto::h1::conn[0m[2m:[0m incoming body is content-length (839 bytes)
[2m2025-12-10T10:08:14.629138Z[0m [34mDEBUG[0m [2mhyper::proto::h1::conn[0m[2m:[0m incoming body completed
[2m2025-12-10T10:08:14.629147Z[0m [34mDEBUG[0m [2mhyper::client::pool[0m[2m:[0m pooling idle connection for ("http", 192.168.0.14:8545)
[2m2025-12-10T10:08:14.629154Z[0m [34mDEBUG[0m [2methereum_transaction_pool_monitor::eth_client[0m[2m:[0m 📡 Transaction fetch RPC completed in 4.391583ms
[2m2025-12-10T10:08:14.698483Z[0m [34mDEBUG[0m [2methereum_transaction_pool_monitor::eth_client[0m[2m:[0m ✅ Transaction 0x207dd288d2b073e43a7babe60771f1b66bbf2e5a185841417a08b57ffa292fe2 fetched and parsed in 73.718916ms
[2m2025-12-10T10:08:14.698513Z[0m [34mDEBUG[0m [2methereum_transaction_pool_monitor::mempool_monitor[0m[2m:[0m 🔍 Skipping tx 0x207dd288d2b073e43a7babe60771f1b66bbf2e5a185841417a08b57ffa292fe2 - not a DEX interaction (target: 0xe53EC727dbDEB9E2d5456c3be40cFF031AB40A55)
[2m2025-12-10T10:08:14.698524Z[0m [34mDEBUG[0m [2methereum_transaction_pool_monitor::mempool_monitor[0m[2m:[0m 📨 Processing new pending transaction: 0xb5ea4f4345c4f057d0aed713be98707bea71d77a7cce6cfcf227847958ed2355
[2m2025-12-10T10:08:14.698531Z[0m [34mDEBUG[0m [2methereum_transaction_pool_monitor::mempool_monitor[0m[2m:[0m 🔍 Fetching transaction details for: 0xb5ea4f4345c4f057d0aed713be98707bea71d77a7cce6cfcf227847958ed2355
[2m2025-12-10T10:08:14.698537Z[0m [34mDEBUG[0m [2methereum_transaction_pool_monitor::eth_client[0m[2m:[0m 🔍 Fetching transaction details for hash: 0xb5ea4f4345c4f057d0aed713be98707bea71d77a7cce6cfcf227847958ed2355
[2m2025-12-10T10:08:14.698560Z[0m [34mDEBUG[0m [2mhyper::client::pool[0m[2m:[0m reuse idle connection for ("http", 192.168.0.14:8545)
[2m2025-12-10T10:08:14.698616Z[0m [34mDEBUG[0m [2mhyper::proto::h1::io[0m[2m:[0m flushed 250 bytes
[2m2025-12-10T10:08:14.698636Z[0m [34mDEBUG[0m [2mhyper::proto::h1::io[0m[2m:[0m parsed 4 headers
[2m2025-12-10T10:08:14.698642Z[0m [34mDEBUG[0m [2mhyper::proto::h1::conn[0m[2m:[0m incoming body is content-length (45 bytes)
[2m2025-12-10T10:08:14.698651Z[0m [34mDEBUG[0m [2mhyper::proto::h1::conn[0m[2m:[0m incoming body completed
[2m2025-12-10T10:08:14.698660Z[0m [34mDEBUG[0m [2mhyper::client::pool[0m[2m:[0m pooling idle connection for ("http", 192.168.0.14:8545)
[2m2025-12-10T10:08:14.698678Z[0m [34mDEBUG[0m [2mhyper::client::pool[0m[2m:[0m reuse idle connection for ("http", 192.168.0.14:8545)
[2m2025-12-10T10:08:14.698696Z[0m [34mDEBUG[0m [2mhyper::proto::h1::io[0m[2m:[0m flushed 172 bytes
[2m2025-12-10T10:08:14.703228Z[0m [34mDEBUG[0m [2mhyper::proto::h1::io[0m[2m:[0m parsed 4 headers
[2m2025-12-10T10:08:14.703242Z[0m [34mDEBUG[0m [2mhyper::proto::h1::conn[0m[2m:[0m incoming body is content-length (45 bytes)
[2m2025-12-10T10:08:14.703247Z[0m [34mDEBUG[0m [2mhyper::proto::h1::conn[0m[2m:[0m incoming body completed
[2m2025-12-10T10:08:14.703255Z[0m [34mDEBUG[0m [2mhyper::client::pool[0m[2m:[0m pooling idle connection for ("http", 192.168.0.14:8545)
[2m2025-12-10T10:08:14.707784Z[0m [34mDEBUG[0m [2mhyper::proto::h1::io[0m[2m:[0m parsed 4 headers
[2m2025-12-10T10:08:14.707793Z[0m [34mDEBUG[0m [2mhyper::proto::h1::conn[0m[2m:[0m incoming body is content-length (770 bytes)
[2m2025-12-10T10:08:14.707798Z[0m [34mDEBUG[0m [2mhyper::proto::h1::conn[0m[2m:[0m incoming body completed
[2m2025-12-10T10:08:14.707807Z[0m [34mDEBUG[0m [2mhyper::client::pool[0m[2m:[0m pooling idle connection for ("http", 192.168.0.14:8545)
[2m2025-12-10T10:08:14.707812Z[0m [34mDEBUG[0m [2methereum_transaction_pool_monitor::eth_client[0m[2m:[0m 📡 Transaction fetch RPC completed in 9.269083ms
[2m2025-12-10T10:08:14.707827Z[0m [34mDEBUG[0m [2methereum_transaction_pool_monitor::eth_client[0m[2m:[0m DeFi transaction detected - Address: 0xdac17f958d2ee523a2206206994597c13d831ec7, Type: Stablecoin, Value: 0 ETH, Gas: 0.33 Gwei
[2m2025-12-10T10:08:14.707838Z[0m [34mDEBUG[0m [2methereum_transaction_pool_monitor::eth_client[0m[2m:[0m ✅ Transaction 0xb5ea4f4345c4f057d0aed713be98707bea71d77a7cce6cfcf227847958ed2355 fetched and parsed in 9.294875ms
[2m2025-12-10T10:08:14.707846Z[0m [34mDEBUG[0m [2methereum_transaction_pool_monitor::mempool_monitor[0m[2m:[0m 🔍 Skipping tx 0xb5ea4f4345c4f057d0aed713be98707bea71d77a7cce6cfcf227847958ed2355 - not a DEX interaction (target: 0xdAC17F958D2ee523a2206206994597C13D831ec7)
[2m2025-12-10T10:08:14.707854Z[0m [34mDEBUG[0m [2methereum_transaction_pool_monitor::mempool_monitor[0m[2m:[0m 📨 Processing new pending transaction: 0x8c70f7dfe824db67434f66bb23a04007dbaaa884a03ec84d443d2719eb574036
[2m2025-12-10T10:08:14.707859Z[0m [34mDEBUG[0m [2methereum_transaction_pool_monitor::mempool_monitor[0m[2m:[0m 🔍 Fetching transaction details for: 0x8c70f7dfe824db67434f66bb23a04007dbaaa884a03ec84d443d2719eb574036
[2m2025-12-10T10:08:14.707862Z[0m [34mDEBUG[0m [2methereum_transaction_pool_monitor::eth_client[0m[2m:[0m 🔍 Fetching transaction details for hash: 0x8c70f7dfe824db67434f66bb23a04007dbaaa884a03ec84d443d2719eb574036
[2m2025-12-10T10:08:14.707874Z[0m [34mDEBUG[0m [2mhyper::client::pool[0m[2m:[0m reuse idle connection for ("http", 192.168.0.14:8545)
[2m2025-12-10T10:08:14.707901Z[0m [34mDEBUG[0m [2mhyper::proto::h1::io[0m[2m:[0m flushed 250 bytes
[2m2025-12-10T10:08:14.709397Z[0m [34mDEBUG[0m [2methereum_transaction_pool_monitor::eth_client[0m[2m:[0m 📨 Received WebSocket message: {"jsonrpc":"2.0","method":"eth_subscription","params":{"subscription":"0xbed0a0851463e895960a451075a301a9","result":"0x215bc07aef3bb8c5d901fc77dc83f3e4f0ad7ca90e341e37aea4ee160ef1ec96"}}
[2m2025-12-10T10:08:14.709405Z[0m [34mDEBUG[0m [2methereum_transaction_pool_monitor::eth_client[0m[2m:[0m 📨 Received pending transaction: 0x215bc07aef3bb8c5d901fc77dc83f3e4f0ad7ca90e341e37aea4ee160ef1ec96
[2m2025-12-10T10:08:14.713036Z[0m [34mDEBUG[0m [2mhyper::proto::h1::io[0m[2m:[0m parsed 4 headers
[2m2025-12-10T10:08:14.713045Z[0m [34mDEBUG[0m [2mhyper::proto::h1::conn[0m[2m:[0m incoming body is content-length (676 bytes)
[2m2025-12-10T10:08:14.713050Z[0m [34mDEBUG[0m [2mhyper::proto::h1::conn[0m[2m:[0m incoming body completed
[2m2025-12-10T10:08:14.713057Z[0m [34mDEBUG[0m [2mhyper::client::pool[0m[2m:[0m pooling idle connection for ("http", 192.168.0.14:8545)
[2m2025-12-10T10:08:14.713062Z[0m [34mDEBUG[0m [2methereum_transaction_pool_monitor::eth_client[0m[2m:[0m 📡 Transaction fetch RPC completed in 5.195834ms
[2m2025-12-10T10:08:14.797193Z[0m [34mDEBUG[0m [2methereum_transaction_pool_monitor::eth_client[0m[2m:[0m ✅ Transaction 0x8c70f7dfe824db67434f66bb23a04007dbaaa884a03ec84d443d2719eb574036 fetched and parsed in 89.323917ms
[2m2025-12-10T10:08:14.797226Z[0m [34mDEBUG[0m [2methereum_transaction_pool_monitor::mempool_monitor[0m[2m:[0m 🔍 Skipping tx 0x8c70f7dfe824db67434f66bb23a04007dbaaa884a03ec84d443d2719eb574036 - not a DEX interaction (target: 0xC581b735A1688071A1746c968e0798D642EDE491)
[2m2025-12-10T10:08:14.797239Z[0m [34mDEBUG[0m [2methereum_transaction_pool_monitor::mempool_monitor[0m[2m:[0m 📨 Processing new pending transaction: 0x50cf67c9344d1c1460fa9a7fd1da5f3d8a4ef606ea84f6c283d3e8e8fd111999
[2m2025-12-10T10:08:14.797246Z[0m [34mDEBUG[0m [2methereum_transaction_pool_monitor::mempool_monitor[0m[2m:[0m 🔍 Fetching transaction details for: 0x50cf67c9344d1c1460fa9a7fd1da5f3d8a4ef606ea84f6c283d3e8e8fd111999
[2m2025-12-10T10:08:14.797252Z[0m [34mDEBUG[0m [2methereum_transaction_pool_monitor::eth_client[0m[2m:[0m 🔍 Fetching transaction details for hash: 0x50cf67c9344d1c1460fa9a7fd1da5f3d8a4ef606ea84f6c283d3e8e8fd111999
[2m2025-12-10T10:08:14.797275Z[0m [34mDEBUG[0m [2mhyper::client::pool[0m[2m:[0m reuse idle connection for ("http", 192.168.0.14:8545)
[2m2025-12-10T10:08:14.797331Z[0m [34mDEBUG[0m [2mhyper::proto::h1::io[0m[2m:[0m flushed 250 bytes
[2m2025-12-10T10:08:14.797397Z[0m [34mDEBUG[0m [2mhyper::client::pool[0m[2m:[0m reuse idle connection for ("http", 192.168.0.14:8545)
[2m2025-12-10T10:08:14.797415Z[0m [34mDEBUG[0m [2mhyper::proto::h1::io[0m[2m:[0m flushed 172 bytes
[2m2025-12-10T10:08:14.805558Z[0m [34mDEBUG[0m [2mhyper::proto::h1::io[0m[2m:[0m parsed 4 headers
[2m2025-12-10T10:08:14.805606Z[0m [34mDEBUG[0m [2mhyper::proto::h1::conn[0m[2m:[0m incoming body is content-length (773 bytes)
[2m2025-12-10T10:08:14.805624Z[0m [34mDEBUG[0m [2mhyper::proto::h1::conn[0m[2m:[0m incoming body completed
[2m2025-12-10T10:08:14.805634Z[0m [34mDEBUG[0m [2mhyper::client::pool[0m[2m:[0m pooling idle connection for ("http", 192.168.0.14:8545)
[2m2025-12-10T10:08:14.805641Z[0m [34mDEBUG[0m [2methereum_transaction_pool_monitor::eth_client[0m[2m:[0m 📡 Transaction fetch RPC completed in 8.384209ms
[2m2025-12-10T10:08:14.805659Z[0m [34mDEBUG[0m [2methereum_transaction_pool_monitor::eth_client[0m[2m:[0m DeFi transaction detected - Address: 0xdac17f958d2ee523a2206206994597c13d831ec7, Type: Stablecoin, Value: 0 ETH, Gas: 2.05 Gwei
[2m2025-12-10T10:08:14.805674Z[0m [34mDEBUG[0m [2methereum_transaction_pool_monitor::eth_client[0m[2m:[0m ✅ Transaction 0x50cf67c9344d1c1460fa9a7fd1da5f3d8a4ef606ea84f6c283d3e8e8fd111999 fetched and parsed in 8.416917ms
[2m2025-12-10T10:08:14.805680Z[0m [34mDEBUG[0m [2methereum_transaction_pool_monitor::mempool_monitor[0m[2m:[0m 🔍 Skipping tx 0x50cf67c9344d1c1460fa9a7fd1da5f3d8a4ef606ea84f6c283d3e8e8fd111999 - not a DEX interaction (target: 0xdAC17F958D2ee523a2206206994597C13D831ec7)
[2m2025-12-10T10:08:14.805687Z[0m [34mDEBUG[0m [2methereum_transaction_pool_monitor::mempool_monitor[0m[2m:[0m 📨 Processing new pending transaction: 0x750e49ef397d6ec0b1ed0471a4cd695b7cf50354db92c3f669bbf5ee275b7593
[2m2025-12-10T10:08:14.805690Z[0m [34mDEBUG[0m [2methereum_transaction_pool_monitor::mempool_monitor[0m[2m:[0m 🔍 Fetching transaction details for: 0x750e49ef397d6ec0b1ed0471a4cd695b7cf50354db92c3f669bbf5ee275b7593
[2m2025-12-10T10:08:14.805693Z[0m [34mDEBUG[0m [2methereum_transaction_pool_monitor::eth_client[0m[2m:[0m 🔍 Fetching transaction details for hash: 0x750e49ef397d6ec0b1ed0471a4cd695b7cf50354db92c3f669bbf5ee275b7593
[2m2025-12-10T10:08:14.805706Z[0m [34mDEBUG[0m [2mhyper::client::pool[0m[2m:[0m reuse idle connection for ("http", 192.168.0.14:8545)
[2m2025-12-10T10:08:14.805724Z[0m [34mDEBUG[0m [2mhyper::proto::h1::io[0m[2m:[0m flushed 250 bytes
[2m2025-12-10T10:08:14.805734Z[0m [34mDEBUG[0m [2mhyper::proto::h1::io[0m[2m:[0m parsed 4 headers
[2m2025-12-10T10:08:14.805737Z[0m [34mDEBUG[0m [2mhyper::proto::h1::conn[0m[2m:[0m incoming body is content-length (45 bytes)
[2m2025-12-10T10:08:14.805741Z[0m [34mDEBUG[0m [2mhyper::proto::h1::conn[0m[2m:[0m incoming body completed
[2m2025-12-10T10:08:14.805753Z[0m [34mDEBUG[0m [2mhyper::client::pool[0m[2m:[0m pooling idle connection for ("http", 192.168.0.14:8545)
[2m2025-12-10T10:08:14.812820Z[0m [34mDEBUG[0m [2mhyper::proto::h1::io[0m[2m:[0m parsed 4 headers
[2m2025-12-10T10:08:14.812826Z[0m [34mDEBUG[0m [2mhyper::proto::h1::conn[0m[2m:[0m incoming body is content-length (779 bytes)
[2m2025-12-10T10:08:14.812831Z[0m [34mDEBUG[0m [2mhyper::proto::h1::conn[0m[2m:[0m incoming body completed
[2m2025-12-10T10:08:14.812835Z[0m [34mDEBUG[0m [2mhyper::client::pool[0m[2m:[0m pooling idle connection for ("http", 192.168.0.14:8545)
[2m2025-12-10T10:08:14.812840Z[0m [34mDEBUG[0m [2methereum_transaction_pool_monitor::eth_client[0m[2m:[0m 📡 Transaction fetch RPC completed in 7.143208ms
[2m2025-12-10T10:08:14.892109Z[0m [34mDEBUG[0m [2methereum_transaction_pool_monitor::eth_client[0m[2m:[0m ✅ Transaction 0x750e49ef397d6ec0b1ed0471a4cd695b7cf50354db92c3f669bbf5ee275b7593 fetched and parsed in 86.409708ms
[2m2025-12-10T10:08:14.892142Z[0m [34mDEBUG[0m [2methereum_transaction_pool_monitor::mempool_monitor[0m[2m:[0m 🔍 Skipping tx 0x750e49ef397d6ec0b1ed0471a4cd695b7cf50354db92c3f669bbf5ee275b7593 - not a DEX interaction (target: 0x6982508145454Ce325dDbE47a25d4ec3d2311933)
[2m2025-12-10T10:08:14.892155Z[0m [34mDEBUG[0m [2methereum_transaction_pool_monitor::mempool_monitor[0m[2m:[0m 📨 Processing new pending transaction: 0x8f673f68d4fedba087716425fc81bbb4f8e44cd0ca11bdf6af0e6a9c93878c6d
[2m2025-12-10T10:08:14.892165Z[0m [34mDEBUG[0m [2methereum_transaction_pool_monitor::mempool_monitor[0m[2m:[0m 🔍 Fetching transaction details for: 0x8f673f68d4fedba087716425fc81bbb4f8e44cd0ca11bdf6af0e6a9c93878c6d
[2m2025-12-10T10:08:14.892170Z[0m [34mDEBUG[0m [2methereum_transaction_pool_monitor::eth_client[0m[2m:[0m 🔍 Fetching transaction details for hash: 0x8f673f68d4fedba087716425fc81bbb4f8e44cd0ca11bdf6af0e6a9c93878c6d
[2m2025-12-10T10:08:14.892192Z[0m [34mDEBUG[0m [2mhyper::client::pool[0m[2m:[0m reuse idle connection for ("http", 192.168.0.14:8545)
[2m2025-12-10T10:08:14.892243Z[0m [34mDEBUG[0m [2mhyper::proto::h1::io[0m[2m:[0m flushed 250 bytes
[2m2025-12-10T10:08:14.895641Z[0m [34mDEBUG[0m [2mhyper::client::pool[0m[2m:[0m reuse idle connection for ("http", 192.168.0.14:8545)
[2m2025-12-10T10:08:14.895662Z[0m [34mDEBUG[0m [2mhyper::proto::h1::io[0m[2m:[0m flushed 172 bytes
[2m2025-12-10T10:08:14.898408Z[0m [34mDEBUG[0m [2mhyper::proto::h1::io[0m[2m:[0m parsed 4 headers
[2m2025-12-10T10:08:14.898413Z[0m [34mDEBUG[0m [2mhyper::proto::h1::conn[0m[2m:[0m incoming body is content-length (772 bytes)
[2m2025-12-10T10:08:14.898420Z[0m [34mDEBUG[0m [2mhyper::proto::h1::conn[0m[2m:[0m incoming body completed
[2m2025-12-10T10:08:14.898428Z[0m [34mDEBUG[0m [2mhyper::client::pool[0m[2m:[0m pooling idle connection for ("http", 192.168.0.14:8545)
[2m2025-12-10T10:08:14.898434Z[0m [34mDEBUG[0m [2methereum_transaction_pool_monitor::eth_client[0m[2m:[0m 📡 Transaction fetch RPC completed in 6.257917ms
[2m2025-12-10T10:08:14.898447Z[0m [34mDEBUG[0m [2methereum_transaction_pool_monitor::eth_client[0m[2m:[0m DeFi transaction detected - Address: 0xdac17f958d2ee523a2206206994597c13d831ec7, Type: Stablecoin, Value: 0 ETH, Gas: 0.27 Gwei
[2m2025-12-10T10:08:14.898458Z[0m [34mDEBUG[0m [2methereum_transaction_pool_monitor::eth_client[0m[2m:[0m ✅ Transaction 0x8f673f68d4fedba087716425fc81bbb4f8e44cd0ca11bdf6af0e6a9c93878c6d fetched and parsed in 6.282125ms
[2m2025-12-10T10:08:14.898462Z[0m [34mDEBUG[0m [2methereum_transaction_pool_monitor::mempool_monitor[0m[2m:[0m 🔍 Skipping tx 0x8f673f68d4fedba087716425fc81bbb4f8e44cd0ca11bdf6af0e6a9c93878c6d - not a DEX interaction (target: 0xdAC17F958D2ee523a2206206994597C13D831ec7)
[2m2025-12-10T10:08:14.898468Z[0m [34mDEBUG[0m [2methereum_transaction_pool_monitor::mempool_monitor[0m[2m:[0m 📨 Processing new pending transaction: 0x5afbfa02e5ac3905b8816f97a8291e320e79f7ab0d3ba4566c16f81219eb6eb2
[2m2025-12-10T10:08:14.898472Z[0m [34mDEBUG[0m [2methereum_transaction_pool_monitor::mempool_monitor[0m[2m:[0m 🔍 Fetching transaction details for: 0x5afbfa02e5ac3905b8816f97a8291e320e79f7ab0d3ba4566c16f81219eb6eb2
[2m2025-12-10T10:08:14.898475Z[0m [34mDEBUG[0m [2methereum_transaction_pool_monitor::eth_client[0m[2m:[0m 🔍 Fetching transaction details for hash: 0x5afbfa02e5ac3905b8816f97a8291e320e79f7ab0d3ba4566c16f81219eb6eb2
[2m2025-12-10T10:08:14.898483Z[0m [34mDEBUG[0m [2mhyper::client::pool[0m[2m:[0m reuse idle connection for ("http", 192.168.0.14:8545)
[2m2025-12-10T10:08:14.898500Z[0m [34mDEBUG[0m [2mhyper::proto::h1::io[0m[2m:[0m flushed 250 bytes
[2m2025-12-10T10:08:14.900853Z[0m [34mDEBUG[0m [2mhyper::proto::h1::io[0m[2m:[0m parsed 4 headers
[2m2025-12-10T10:08:14.900858Z[0m [34mDEBUG[0m [2mhyper::proto::h1::conn[0m[2m:[0m incoming body is content-length (45 bytes)
[2m2025-12-10T10:08:14.900862Z[0m [34mDEBUG[0m [2mhyper::proto::h1::conn[0m[2m:[0m incoming body completed
[2m2025-12-10T10:08:14.900867Z[0m [34mDEBUG[0m [2mhyper::client::pool[0m[2m:[0m pooling idle connection for ("http", 192.168.0.14:8545)
[2m2025-12-10T10:08:14.904047Z[0m [34mDEBUG[0m [2mhyper::proto::h1::io[0m[2m:[0m parsed 4 headers
[2m2025-12-10T10:08:14.904052Z[0m [34mDEBUG[0m [2mhyper::proto::h1::conn[0m[2m:[0m incoming body is content-length (8831 bytes)
[2m2025-12-10T10:08:14.904058Z[0m [34mDEBUG[0m [2methereum_transaction_pool_monitor::eth_client[0m[2m:[0m 📡 Transaction fetch RPC completed in 5.579625ms
[2m2025-12-10T10:08:14.906580Z[0m [34mDEBUG[0m [2mhyper::proto::h1::conn[0m[2m:[0m incoming body completed
[2m2025-12-10T10:08:14.906588Z[0m [34mDEBUG[0m [2mhyper::client::pool[0m[2m:[0m pooling idle connection for ("http", 192.168.0.14:8545)
[2m2025-12-10T10:08:14.935511Z[0m [34mDEBUG[0m [2methereum_transaction_pool_monitor::eth_client[0m[2m:[0m 📨 Received WebSocket message: {"jsonrpc":"2.0","method":"eth_subscription","params":{"subscription":"0xbed0a0851463e895960a451075a301a9","result":"0x6f6cffb7b4f3e71e2ea1914f338bbeb6105201aa09796fa8e22a23a57211da81"}}
[2m2025-12-10T10:08:14.935527Z[0m [34mDEBUG[0m [2methereum_transaction_pool_monitor::eth_client[0m[2m:[0m 📨 Received pending transaction: 0x6f6cffb7b4f3e71e2ea1914f338bbeb6105201aa09796fa8e22a23a57211da81
[2m2025-12-10T10:08:14.981607Z[0m [34mDEBUG[0m [2methereum_transaction_pool_monitor::eth_client[0m[2m:[0m ✅ Transaction 0x5afbfa02e5ac3905b8816f97a8291e320e79f7ab0d3ba4566c16f81219eb6eb2 fetched and parsed in 83.125916ms
[2m2025-12-10T10:08:14.981627Z[0m [34mDEBUG[0m [2methereum_transaction_pool_monitor::mempool_monitor[0m[2m:[0m 🔍 Skipping tx 0x5afbfa02e5ac3905b8816f97a8291e320e79f7ab0d3ba4566c16f81219eb6eb2 - not a DEX interaction (target: 0x618892aE551eB5bB2DE8911057b3714274b5FFe1)
[2m2025-12-10T10:08:14.981638Z[0m [34mDEBUG[0m [2methereum_transaction_pool_monitor::mempool_monitor[0m[2m:[0m 📨 Processing new pending transaction: 0x215bc07aef3bb8c5d901fc77dc83f3e4f0ad7ca90e341e37aea4ee160ef1ec96
[2m2025-12-10T10:08:14.981644Z[0m [34mDEBUG[0m [2methereum_transaction_pool_monitor::mempool_monitor[0m[2m:[0m 🔍 Fetching transaction details for: 0x215bc07aef3bb8c5d901fc77dc83f3e4f0ad7ca90e341e37aea4ee160ef1ec96
[2m2025-12-10T10:08:14.981648Z[0m [34mDEBUG[0m [2methereum_transaction_pool_monitor::eth_client[0m[2m:[0m 🔍 Fetching transaction details for hash: 0x215bc07aef3bb8c5d901fc77dc83f3e4f0ad7ca90e341e37aea4ee160ef1ec96
[2m2025-12-10T10:08:14.981666Z[0m [34mDEBUG[0m [2mhyper::client::pool[0m[2m:[0m reuse idle connection for ("http", 192.168.0.14:8545)
[2m2025-12-10T10:08:14.981709Z[0m [34mDEBUG[0m [2mhyper::proto::h1::io[0m[2m:[0m flushed 250 bytes
[2m2025-12-10T10:08:14.986331Z[0m [34mDEBUG[0m [2mhyper::proto::h1::io[0m[2m:[0m parsed 4 headers
[2m2025-12-10T10:08:14.986336Z[0m [34mDEBUG[0m [2mhyper::proto::h1::conn[0m[2m:[0m incoming body is content-length (681 bytes)
[2m2025-12-10T10:08:14.986343Z[0m [34mDEBUG[0m [2mhyper::proto::h1::conn[0m[2m:[0m incoming body completed
[2m2025-12-10T10:08:14.986350Z[0m [34mDEBUG[0m [2mhyper::client::pool[0m[2m:[0m pooling idle connection for ("http", 192.168.0.14:8545)
[2m2025-12-10T10:08:14.986356Z[0m [34mDEBUG[0m [2methereum_transaction_pool_monitor::eth_client[0m[2m:[0m 📡 Transaction fetch RPC completed in 4.705083ms
[2m2025-12-10T10:08:14.986371Z[0m [34mDEBUG[0m [2methereum_transaction_pool_monitor::eth_client[0m[2m:[0m DeFi transaction detected - Address: 0xdac17f958d2ee523a2206206994597c13d831ec7, Type: Stablecoin, Value: 0 ETH, Gas: 0.20 Gwei
[2m2025-12-10T10:08:14.986383Z[0m [34mDEBUG[0m [2methereum_transaction_pool_monitor::eth_client[0m[2m:[0m ✅ Transaction 0x215bc07aef3bb8c5d901fc77dc83f3e4f0ad7ca90e341e37aea4ee160ef1ec96 fetched and parsed in 4.731333ms
[2m2025-12-10T10:08:14.986387Z[0m [34mDEBUG[0m [2methereum_transaction_pool_monitor::mempool_monitor[0m[2m:[0m 🔍 Skipping tx 0x215bc07aef3bb8c5d901fc77dc83f3e4f0ad7ca90e341e37aea4ee160ef1ec96 - not a DEX interaction (target: 0xdAC17F958D2ee523a2206206994597C13D831ec7)
[2m2025-12-10T10:08:14.986393Z[0m [34mDEBUG[0m [2methereum_transaction_pool_monitor::mempool_monitor[0m[2m:[0m 📨 Processing new pending transaction: 0x6f6cffb7b4f3e71e2ea1914f338bbeb6105201aa09796fa8e22a23a57211da81
[2m2025-12-10T10:08:14.986396Z[0m [34mDEBUG[0m [2methereum_transaction_pool_monitor::mempool_monitor[0m[2m:[0m 🔍 Fetching transaction details for: 0x6f6cffb7b4f3e71e2ea1914f338bbeb6105201aa09796fa8e22a23a57211da81
[2m2025-12-10T10:08:14.986399Z[0m [34mDEBUG[0m [2methereum_transaction_pool_monitor::eth_client[0m[2m:[0m 🔍 Fetching transaction details for hash: 0x6f6cffb7b4f3e71e2ea1914f338bbeb6105201aa09796fa8e22a23a57211da81
[2m2025-12-10T10:08:14.986407Z[0m [34mDEBUG[0m [2mhyper::client::pool[0m[2m:[0m reuse idle connection for ("http", 192.168.0.14:8545)
[2m2025-12-10T10:08:14.986419Z[0m [34mDEBUG[0m [2mhyper::proto::h1::io[0m[2m:[0m flushed 250 bytes
[2m2025-12-10T10:08:14.990200Z[0m [34mDEBUG[0m [2mhyper::proto::h1::io[0m[2m:[0m parsed 4 headers
[2m2025-12-10T10:08:14.990206Z[0m [34mDEBUG[0m [2mhyper::proto::h1::conn[0m[2m:[0m incoming body is content-length (1732 bytes)
[2m2025-12-10T10:08:14.990212Z[0m [34mDEBUG[0m [2methereum_transaction_pool_monitor::eth_client[0m[2m:[0m 📡 Transaction fetch RPC completed in 3.809666ms
[2m2025-12-10T10:08:14.990891Z[0m [34mDEBUG[0m [2mhyper::proto::h1::conn[0m[2m:[0m incoming body completed
[2m2025-12-10T10:08:14.990898Z[0m [34mDEBUG[0m [2mhyper::client::pool[0m[2m:[0m pooling idle connection for ("http", 192.168.0.14:8545)
[2m2025-12-10T10:08:14.996546Z[0m [34mDEBUG[0m [2mhyper::client::pool[0m[2m:[0m reuse idle connection for ("http", 192.168.0.14:8545)
[2m2025-12-10T10:08:14.996572Z[0m [34mDEBUG[0m [2mhyper::proto::h1::io[0m[2m:[0m flushed 172 bytes
[2m2025-12-10T10:08:15.000422Z[0m [34mDEBUG[0m [2mhyper::proto::h1::io[0m[2m:[0m parsed 4 headers
[2m2025-12-10T10:08:15.000456Z[0m [34mDEBUG[0m [2mhyper::proto::h1::conn[0m[2m:[0m incoming body is content-length (45 bytes)
[2m2025-12-10T10:08:15.000471Z[0m [34mDEBUG[0m [2mhyper::proto::h1::conn[0m[2m:[0m incoming body completed
[2m2025-12-10T10:08:15.000489Z[0m [34mDEBUG[0m [2mhyper::client::pool[0m[2m:[0m pooling idle connection for ("http", 192.168.0.14:8545)
[2m2025-12-10T10:08:15.065155Z[0m [34mDEBUG[0m [2methereum_transaction_pool_monitor::eth_client[0m[2m:[0m ✅ Transaction 0x6f6cffb7b4f3e71e2ea1914f338bbeb6105201aa09796fa8e22a23a57211da81 fetched and parsed in 78.750166ms
[2m2025-12-10T10:08:15.065172Z[0m [34mDEBUG[0m [2methereum_transaction_pool_monitor::mempool_monitor[0m[2m:[0m 🔍 Skipping tx 0x6f6cffb7b4f3e71e2ea1914f338bbeb6105201aa09796fa8e22a23a57211da81 - not a DEX interaction (target: 0x601a2aD6CB5949f0529735254189Ba3194221EDF)
[2m2025-12-10T10:08:15.096486Z[0m [34mDEBUG[0m [2mhyper::client::pool[0m[2m:[0m reuse idle connection for ("http", 192.168.0.14:8545)
[2m2025-12-10T10:08:15.096556Z[0m [34mDEBUG[0m [2mhyper::proto::h1::io[0m[2m:[0m flushed 172 bytes
[2m2025-12-10T10:08:15.101886Z[0m [34mDEBUG[0m [2mhyper::proto::h1::io[0m[2m:[0m parsed 4 headers
[2m2025-12-10T10:08:15.101906Z[0m [34mDEBUG[0m [2mhyper::proto::h1::conn[0m[2m:[0m incoming body is content-length (45 bytes)
[2m2025-12-10T10:08:15.101916Z[0m [34mDEBUG[0m [2mhyper::proto::h1::conn[0m[2m:[0m incoming body completed
[2m2025-12-10T10:08:15.101926Z[0m [34mDEBUG[0m [2mhyper::client::pool[0m[2m:[0m pooling idle connection for ("http", 192.168.0.14:8545)
[2m2025-12-10T10:08:15.190239Z[0m [34mDEBUG[0m [2methereum_transaction_pool_monitor::eth_client[0m[2m:[0m 📨 Received WebSocket message: {"jsonrpc":"2.0","method":"eth_subscription","params":{"subscription":"0xbed0a0851463e895960a451075a301a9","result":"0xf03b984d31a966d4d6bd9dedbddd2ce8f504fef856011df42580efc655b0cdad"}}
[2m2025-12-10T10:08:15.190258Z[0m [34mDEBUG[0m [2methereum_transaction_pool_monitor::eth_client[0m[2m:[0m 📨 Received pending transaction: 0xf03b984d31a966d4d6bd9dedbddd2ce8f504fef856011df42580efc655b0cdad
[2m2025-12-10T10:08:15.190268Z[0m [34mDEBUG[0m [2methereum_transaction_pool_monitor::mempool_monitor[0m[2m:[0m 📨 Processing new pending transaction: 0xf03b984d31a966d4d6bd9dedbddd2ce8f504fef856011df42580efc655b0cdad
[2m2025-12-10T10:08:15.190274Z[0m [34mDEBUG[0m [2methereum_transaction_pool_monitor::mempool_monitor[0m[2m:[0m 🔍 Fetching transaction details for: 0xf03b984d31a966d4d6bd9dedbddd2ce8f504fef856011df42580efc655b0cdad
[2m2025-12-10T10:08:15.190278Z[0m [34mDEBUG[0m [2methereum_transaction_pool_monitor::eth_client[0m[2m:[0m 🔍 Fetching transaction details for hash: 0xf03b984d31a966d4d6bd9dedbddd2ce8f504fef856011df42580efc655b0cdad
[2m2025-12-10T10:08:15.190303Z[0m [34mDEBUG[0m [2mhyper::client::pool[0m[2m:[0m reuse idle connection for ("http", 192.168.0.14:8545)
[2m2025-12-10T10:08:15.190334Z[0m [34mDEBUG[0m [2mhyper::proto::h1::io[0m[2m:[0m flushed 250 bytes
[2m2025-12-10T10:08:15.195991Z[0m [34mDEBUG[0m [2mhyper::client::pool[0m[2m:[0m reuse idle connection for ("http", 192.168.0.14:8545)
[2m2025-12-10T10:08:15.196021Z[0m [34mDEBUG[0m [2mhyper::proto::h1::io[0m[2m:[0m flushed 172 bytes
[2m2025-12-10T10:08:15.200101Z[0m [34mDEBUG[0m [2mhyper::proto::h1::io[0m[2m:[0m parsed 4 headers
[2m2025-12-10T10:08:15.200124Z[0m [34mDEBUG[0m [2mhyper::proto::h1::conn[0m[2m:[0m incoming body is content-length (2718 bytes)
[2m2025-12-10T10:08:15.200135Z[0m [34mDEBUG[0m [2mhyper::proto::h1::conn[0m[2m:[0m incoming body completed
[2m2025-12-10T10:08:15.200145Z[0m [34mDEBUG[0m [2mhyper::client::pool[0m[2m:[0m pooling idle connection for ("http", 192.168.0.14:8545)
[2m2025-12-10T10:08:15.200154Z[0m [34mDEBUG[0m [2methereum_transaction_pool_monitor::eth_client[0m[2m:[0m 📡 Transaction fetch RPC completed in 9.872334ms
[2m2025-12-10T10:08:15.274281Z[0m [34mDEBUG[0m [2methereum_transaction_pool_monitor::eth_client[0m[2m:[0m ✅ Transaction 0xf03b984d31a966d4d6bd9dedbddd2ce8f504fef856011df42580efc655b0cdad fetched and parsed in 83.996417ms
[2m2025-12-10T10:08:15.274307Z[0m [34mDEBUG[0m [2methereum_transaction_pool_monitor::mempool_monitor[0m[2m:[0m 🔍 Skipping tx 0xf03b984d31a966d4d6bd9dedbddd2ce8f504fef856011df42580efc655b0cdad - not a DEX interaction (target: 0xd72a6BA4a87DDB33e801b3f1c7750b2d0911fC6C)
[2m2025-12-10T10:08:15.274337Z[0m [34mDEBUG[0m [2mhyper::proto::h1::io[0m[2m:[0m parsed 4 headers
[2m2025-12-10T10:08:15.274342Z[0m [34mDEBUG[0m [2mhyper::proto::h1::conn[0m[2m:[0m incoming body is content-length (45 bytes)
[2m2025-12-10T10:08:15.274351Z[0m [34mDEBUG[0m [2mhyper::proto::h1::conn[0m[2m:[0m incoming body completed
[2m2025-12-10T10:08:15.274361Z[0m [34mDEBUG[0m [2mhyper::client::pool[0m[2m:[0m pooling idle connection for ("http", 192.168.0.14:8545)
[2m2025-12-10T10:08:15.297111Z[0m [34mDEBUG[0m [2mhyper::client::pool[0m[2m:[0m reuse idle connection for ("http", 192.168.0.14:8545)
[2m2025-12-10T10:08:15.297172Z[0m [34mDEBUG[0m [2mhyper::proto::h1::io[0m[2m:[0m flushed 172 bytes
[2m2025-12-10T10:08:15.300219Z[0m [34mDEBUG[0m [2mhyper::proto::h1::io[0m[2m:[0m parsed 4 headers
[2m2025-12-10T10:08:15.300242Z[0m [34mDEBUG[0m [2mhyper::proto::h1::conn[0m[2m:[0m incoming body is content-length (45 bytes)
[2m2025-12-10T10:08:15.300271Z[0m [34mDEBUG[0m [2mhyper::proto::h1::conn[0m[2m:[0m incoming body completed
[2m2025-12-10T10:08:15.300279Z[0m [34mDEBUG[0m [2mhyper::client::pool[0m[2m:[0m pooling idle connection for ("http", 192.168.0.14:8545)
[2m2025-12-10T10:08:15.327700Z[0m [34mDEBUG[0m [2methereum_transaction_pool_monitor::eth_client[0m[2m:[0m 📨 Received WebSocket message: {"jsonrpc":"2.0","method":"eth_subscription","params":{"subscription":"0xbed0a0851463e895960a451075a301a9","result":"0xa1521180c6e52ffb16dce4575acc1adad24fbcda6de6d1f7f3d5c87f12ba4160"}}
[2m2025-12-10T10:08:15.327720Z[0m [34mDEBUG[0m [2methereum_transaction_pool_monitor::eth_client[0m[2m:[0m 📨 Received pending transaction: 0xa1521180c6e52ffb16dce4575acc1adad24fbcda6de6d1f7f3d5c87f12ba4160
[2m2025-12-10T10:08:15.327731Z[0m [34mDEBUG[0m [2methereum_transaction_pool_monitor::mempool_monitor[0m[2m:[0m 📨 Processing new pending transaction: 0xa1521180c6e52ffb16dce4575acc1adad24fbcda6de6d1f7f3d5c87f12ba4160
[2m2025-12-10T10:08:15.327736Z[0m [34mDEBUG[0m [2methereum_transaction_pool_monitor::mempool_monitor[0m[2m:[0m 🔍 Fetching transaction details for: 0xa1521180c6e52ffb16dce4575acc1adad24fbcda6de6d1f7f3d5c87f12ba4160
[2m2025-12-10T10:08:15.327740Z[0m [34mDEBUG[0m [2methereum_transaction_pool_monitor::eth_client[0m[2m:[0m 🔍 Fetching transaction details for hash: 0xa1521180c6e52ffb16dce4575acc1adad24fbcda6de6d1f7f3d5c87f12ba4160
[2m2025-12-10T10:08:15.327756Z[0m [34mDEBUG[0m [2mhyper::client::pool[0m[2m:[0m reuse idle connection for ("http", 192.168.0.14:8545)
[2m2025-12-10T10:08:15.327775Z[0m [34mDEBUG[0m [2mhyper::proto::h1::io[0m[2m:[0m flushed 250 bytes
[2m2025-12-10T10:08:15.336085Z[0m [34mDEBUG[0m [2mhyper::proto::h1::io[0m[2m:[0m parsed 4 headers
[2m2025-12-10T10:08:15.336093Z[0m [34mDEBUG[0m [2mhyper::proto::h1::conn[0m[2m:[0m incoming body is content-length (656 bytes)
[2m2025-12-10T10:08:15.336099Z[0m [34mDEBUG[0m [2mhyper::proto::h1::conn[0m[2m:[0m incoming body completed
[2m2025-12-10T10:08:15.336107Z[0m [34mDEBUG[0m [2mhyper::client::pool[0m[2m:[0m pooling idle connection for ("http", 192.168.0.14:8545)
[2m2025-12-10T10:08:15.336113Z[0m [34mDEBUG[0m [2methereum_transaction_pool_monitor::eth_client[0m[2m:[0m 📡 Transaction fetch RPC completed in 8.369291ms
[2m2025-12-10T10:08:15.407763Z[0m [34mDEBUG[0m [2methereum_transaction_pool_monitor::eth_client[0m[2m:[0m ✅ Transaction 0xa1521180c6e52ffb16dce4575acc1adad24fbcda6de6d1f7f3d5c87f12ba4160 fetched and parsed in 80.016333ms
[2m2025-12-10T10:08:15.407793Z[0m [34mDEBUG[0m [2methereum_transaction_pool_monitor::mempool_monitor[0m[2m:[0m 🔍 Skipping tx 0xa1521180c6e52ffb16dce4575acc1adad24fbcda6de6d1f7f3d5c87f12ba4160 - not a DEX interaction (target: 0x55eB0952BAEca7e8209e06dA8205447f7e35bfA1)
[2m2025-12-10T10:08:15.407848Z[0m [34mDEBUG[0m [2mhyper::client::pool[0m[2m:[0m reuse idle connection for ("http", 192.168.0.14:8545)
[2m2025-12-10T10:08:15.407890Z[0m [34mDEBUG[0m [2mhyper::proto::h1::io[0m[2m:[0m flushed 172 bytes
[2m2025-12-10T10:08:15.411942Z[0m [34mDEBUG[0m [2mhyper::proto::h1::io[0m[2m:[0m parsed 4 headers
[2m2025-12-10T10:08:15.411949Z[0m [34mDEBUG[0m [2mhyper::proto::h1::conn[0m[2m:[0m incoming body is content-length (45 bytes)
[2m2025-12-10T10:08:15.411958Z[0m [34mDEBUG[0m [2mhyper::proto::h1::conn[0m[2m:[0m incoming body completed
[2m2025-12-10T10:08:15.411966Z[0m [34mDEBUG[0m [2mhyper::client::pool[0m[2m:[0m pooling idle connection for ("http", 192.168.0.14:8545)
[2m2025-12-10T10:08:15.427748Z[0m [34mDEBUG[0m [2methereum_transaction_pool_monitor::eth_client[0m[2m:[0m 📨 Received WebSocket message: {"jsonrpc":"2.0","method":"eth_subscription","params":{"subscription":"0xbed0a0851463e895960a451075a301a9","result":"0xc55db2b2c52615f1ecf7de68315d533ef546c23e5154d39c2270f55a8d05ae39"}}
[2m2025-12-10T10:08:15.427760Z[0m [34mDEBUG[0m [2methereum_transaction_pool_monitor::eth_client[0m[2m:[0m 📨 Received pending transaction: 0xc55db2b2c52615f1ecf7de68315d533ef546c23e5154d39c2270f55a8d05ae39
[2m2025-12-10T10:08:15.427767Z[0m [34mDEBUG[0m [2methereum_transaction_pool_monitor::mempool_monitor[0m[2m:[0m 📨 Processing new pending transaction: 0xc55db2b2c52615f1ecf7de68315d533ef546c23e5154d39c2270f55a8d05ae39
[2m2025-12-10T10:08:15.427771Z[0m [34mDEBUG[0m [2methereum_transaction_pool_monitor::mempool_monitor[0m[2m:[0m 🔍 Fetching transaction details for: 0xc55db2b2c52615f1ecf7de68315d533ef546c23e5154d39c2270f55a8d05ae39
[2m2025-12-10T10:08:15.427775Z[0m [34mDEBUG[0m [2methereum_transaction_pool_monitor::eth_client[0m[2m:[0m 🔍 Fetching transaction details for hash: 0xc55db2b2c52615f1ecf7de68315d533ef546c23e5154d39c2270f55a8d05ae39
[2m2025-12-10T10:08:15.427791Z[0m [34mDEBUG[0m [2mhyper::client::pool[0m[2m:[0m reuse idle connection for ("http", 192.168.0.14:8545)
[2m2025-12-10T10:08:15.427809Z[0m [34mDEBUG[0m [2mhyper::proto::h1::io[0m[2m:[0m flushed 250 bytes
[2m2025-12-10T10:08:15.440067Z[0m [34mDEBUG[0m [2mhyper::proto::h1::io[0m[2m:[0m parsed 4 headers
[2m2025-12-10T10:08:15.440088Z[0m [34mDEBUG[0m [2mhyper::proto::h1::conn[0m[2m:[0m incoming body is content-length (771 bytes)
[2m2025-12-10T10:08:15.440096Z[0m [34mDEBUG[0m [2mhyper::proto::h1::conn[0m[2m:[0m incoming body completed
[2m2025-12-10T10:08:15.440106Z[0m [34mDEBUG[0m [2mhyper::client::pool[0m[2m:[0m pooling idle connection for ("http", 192.168.0.14:8545)
[2m2025-12-10T10:08:15.440113Z[0m [34mDEBUG[0m [2methereum_transaction_pool_monitor::eth_client[0m[2m:[0m 📡 Transaction fetch RPC completed in 12.334584ms
[2m2025-12-10T10:08:15.440129Z[0m [34mDEBUG[0m [2methereum_transaction_pool_monitor::eth_client[0m[2m:[0m DeFi transaction detected - Address: 0xdac17f958d2ee523a2206206994597c13d831ec7, Type: Stablecoin, Value: 0 ETH, Gas: 2.32 Gwei
[2m2025-12-10T10:08:15.440141Z[0m [34mDEBUG[0m [2methereum_transaction_pool_monitor::eth_client[0m[2m:[0m ✅ Transaction 0xc55db2b2c52615f1ecf7de68315d533ef546c23e5154d39c2270f55a8d05ae39 fetched and parsed in 12.363042ms
[2m2025-12-10T10:08:15.440147Z[0m [34mDEBUG[0m [2methereum_transaction_pool_monitor::mempool_monitor[0m[2m:[0m 🔍 Skipping tx 0xc55db2b2c52615f1ecf7de68315d533ef546c23e5154d39c2270f55a8d05ae39 - not a DEX interaction (target: 0xdAC17F958D2ee523a2206206994597C13D831ec7)
[2m2025-12-10T10:08:15.496766Z[0m [34mDEBUG[0m [2mhyper::client::pool[0m[2m:[0m reuse idle connection for ("http", 192.168.0.14:8545)
[2m2025-12-10T10:08:15.496823Z[0m [34mDEBUG[0m [2mhyper::proto::h1::io[0m[2m:[0m flushed 172 bytes
[2m2025-12-10T10:08:15.499862Z[0m [34mDEBUG[0m [2mhyper::proto::h1::io[0m[2m:[0m parsed 4 headers
[2m2025-12-10T10:08:15.499884Z[0m [34mDEBUG[0m [2mhyper::proto::h1::conn[0m[2m:[0m incoming body is content-length (45 bytes)
[2m2025-12-10T10:08:15.499902Z[0m [34mDEBUG[0m [2mhyper::proto::h1::conn[0m[2m:[0m incoming body completed
[2m2025-12-10T10:08:15.499914Z[0m [34mDEBUG[0m [2mhyper::client::pool[0m[2m:[0m pooling idle connection for ("http", 192.168.0.14:8545)
[2m2025-12-10T10:08:15.544785Z[0m [34mDEBUG[0m [2methereum_transaction_pool_monitor::eth_client[0m[2m:[0m 📨 Received WebSocket message: {"jsonrpc":"2.0","method":"eth_subscription","params":{"subscription":"0xbed0a0851463e895960a451075a301a9","result":"0xcc0f926bcc5227cb7deda23ce58e37b819a05a5f74f9d98e83b92e7f3d62c167"}}
[2m2025-12-10T10:08:15.544803Z[0m [34mDEBUG[0m [2methereum_transaction_pool_monitor::eth_client[0m[2m:[0m 📨 Received pending transaction: 0xcc0f926bcc5227cb7deda23ce58e37b819a05a5f74f9d98e83b92e7f3d62c167
[2m2025-12-10T10:08:15.544813Z[0m [34mDEBUG[0m [2methereum_transaction_pool_monitor::mempool_monitor[0m[2m:[0m 📨 Processing new pending transaction: 0xcc0f926bcc5227cb7deda23ce58e37b819a05a5f74f9d98e83b92e7f3d62c167
[2m2025-12-10T10:08:15.544818Z[0m [34mDEBUG[0m [2methereum_transaction_pool_monitor::mempool_monitor[0m[2m:[0m 🔍 Fetching transaction details for: 0xcc0f926bcc5227cb7deda23ce58e37b819a05a5f74f9d98e83b92e7f3d62c167
[2m2025-12-10T10:08:15.544823Z[0m [34mDEBUG[0m [2methereum_transaction_pool_monitor::eth_client[0m[2m:[0m 🔍 Fetching transaction details for hash: 0xcc0f926bcc5227cb7deda23ce58e37b819a05a5f74f9d98e83b92e7f3d62c167
[2m2025-12-10T10:08:15.544845Z[0m [34mDEBUG[0m [2mhyper::client::pool[0m[2m:[0m reuse idle connection for ("http", 192.168.0.14:8545)
[2m2025-12-10T10:08:15.544869Z[0m [34mDEBUG[0m [2mhyper::proto::h1::io[0m[2m:[0m flushed 250 bytes
[2m2025-12-10T10:08:15.557349Z[0m [34mDEBUG[0m [2mhyper::proto::h1::io[0m[2m:[0m parsed 4 headers
[2m2025-12-10T10:08:15.557357Z[0m [34mDEBUG[0m [2mhyper::proto::h1::conn[0m[2m:[0m incoming body is content-length (963 bytes)
[2m2025-12-10T10:08:15.557368Z[0m [34mDEBUG[0m [2mhyper::proto::h1::conn[0m[2m:[0m incoming body completed
[2m2025-12-10T10:08:15.557379Z[0m [34mDEBUG[0m [2mhyper::client::pool[0m[2m:[0m pooling idle connection for ("http", 192.168.0.14:8545)
[2m2025-12-10T10:08:15.557386Z[0m [34mDEBUG[0m [2methereum_transaction_pool_monitor::eth_client[0m[2m:[0m 📡 Transaction fetch RPC completed in 12.557792ms
[2m2025-12-10T10:08:15.634780Z[0m [34mDEBUG[0m [2methereum_transaction_pool_monitor::eth_client[0m[2m:[0m DeFi transaction detected - Address: 0x6c5ff8dce52be77b4ece6b51996018f0c1713ba9, Type: DexPool, Value: 0 ETH, Gas: 0.79 Gwei
[2m2025-12-10T10:08:15.634818Z[0m [34mDEBUG[0m [2methereum_transaction_pool_monitor::eth_client[0m[2m:[0m ✅ Transaction 0xcc0f926bcc5227cb7deda23ce58e37b819a05a5f74f9d98e83b92e7f3d62c167 fetched and parsed in 89.989ms
[2m2025-12-10T10:08:15.634830Z[0m [34mDEBUG[0m [2methereum_transaction_pool_monitor::mempool_monitor[0m[2m:[0m 🔍 Skipping tx 0xcc0f926bcc5227cb7deda23ce58e37b819a05a5f74f9d98e83b92e7f3d62c167 - not a DEX interaction (target: 0x6C5Ff8DCe52BE77b4eCE6B51996018f0C1713bA9)
[2m2025-12-10T10:08:15.634881Z[0m [34mDEBUG[0m [2mhyper::client::pool[0m[2m:[0m reuse idle connection for ("http", 192.168.0.14:8545)
[2m2025-12-10T10:08:15.634938Z[0m [34mDEBUG[0m [2mhyper::proto::h1::io[0m[2m:[0m flushed 172 bytes
[2m2025-12-10T10:08:15.640882Z[0m [34mDEBUG[0m [2methereum_transaction_pool_monitor::eth_client[0m[2m:[0m 📨 Received WebSocket message: {"jsonrpc":"2.0","method":"eth_subscription","params":{"subscription":"0xbed0a0851463e895960a451075a301a9","result":"0x8453e66c84a351bdc8c1b29e64ff23ea88f57cf73dbb4b7ca6d9f1dbdc92ac7c"}}
[2m2025-12-10T10:08:15.640891Z[0m [34mDEBUG[0m [2methereum_transaction_pool_monitor::eth_client[0m[2m:[0m 📨 Received pending transaction: 0x8453e66c84a351bdc8c1b29e64ff23ea88f57cf73dbb4b7ca6d9f1dbdc92ac7c
[2m2025-12-10T10:08:15.640897Z[0m [34mDEBUG[0m [2methereum_transaction_pool_monitor::mempool_monitor[0m[2m:[0m 📨 Processing new pending transaction: 0x8453e66c84a351bdc8c1b29e64ff23ea88f57cf73dbb4b7ca6d9f1dbdc92ac7c
[2m2025-12-10T10:08:15.640901Z[0m [34mDEBUG[0m [2methereum_transaction_pool_monitor::mempool_monitor[0m[2m:[0m 🔍 Fetching transaction details for: 0x8453e66c84a351bdc8c1b29e64ff23ea88f57cf73dbb4b7ca6d9f1dbdc92ac7c
[2m2025-12-10T10:08:15.640905Z[0m [34mDEBUG[0m [2methereum_transaction_pool_monitor::eth_client[0m[2m:[0m 🔍 Fetching transaction details for hash: 0x8453e66c84a351bdc8c1b29e64ff23ea88f57cf73dbb4b7ca6d9f1dbdc92ac7c
[2m2025-12-10T10:08:15.640919Z[0m [34mDEBUG[0m [2mhyper::client::pool[0m[2m:[0m reuse idle connection for ("http", 192.168.0.14:8545)
[2m2025-12-10T10:08:15.640939Z[0m [34mDEBUG[0m [2mhyper::proto::h1::io[0m[2m:[0m flushed 250 bytes
[2m2025-12-10T10:08:15.641815Z[0m [34mDEBUG[0m [2mhyper::proto::h1::io[0m[2m:[0m parsed 4 headers
[2m2025-12-10T10:08:15.641820Z[0m [34mDEBUG[0m [2mhyper::proto::h1::conn[0m[2m:[0m incoming body is content-length (45 bytes)
[2m2025-12-10T10:08:15.641832Z[0m [34mDEBUG[0m [2mhyper::proto::h1::conn[0m[2m:[0m incoming body completed
[2m2025-12-10T10:08:15.641843Z[0m [34mDEBUG[0m [2mhyper::client::pool[0m[2m:[0m pooling idle connection for ("http", 192.168.0.14:8545)
[2m2025-12-10T10:08:15.648504Z[0m [34mDEBUG[0m [2mhyper::proto::h1::io[0m[2m:[0m parsed 4 headers
[2m2025-12-10T10:08:15.648510Z[0m [34mDEBUG[0m [2mhyper::proto::h1::conn[0m[2m:[0m incoming body is content-length (771 bytes)
[2m2025-12-10T10:08:15.648517Z[0m [34mDEBUG[0m [2mhyper::proto::h1::conn[0m[2m:[0m incoming body completed
[2m2025-12-10T10:08:15.648527Z[0m [34mDEBUG[0m [2mhyper::client::pool[0m[2m:[0m pooling idle connection for ("http", 192.168.0.14:8545)
[2m2025-12-10T10:08:15.648534Z[0m [34mDEBUG[0m [2methereum_transaction_pool_monitor::eth_client[0m[2m:[0m 📡 Transaction fetch RPC completed in 7.625459ms
[2m2025-12-10T10:08:15.648553Z[0m [34mDEBUG[0m [2methereum_transaction_pool_monitor::eth_client[0m[2m:[0m DeFi transaction detected - Address: 0xdac17f958d2ee523a2206206994597c13d831ec7, Type: Stablecoin, Value: 0 ETH, Gas: 2.32 Gwei
[2m2025-12-10T10:08:15.648568Z[0m [34mDEBUG[0m [2methereum_transaction_pool_monitor::eth_client[0m[2m:[0m ✅ Transaction 0x8453e66c84a351bdc8c1b29e64ff23ea88f57cf73dbb4b7ca6d9f1dbdc92ac7c fetched and parsed in 7.65975ms
[2m2025-12-10T10:08:15.648573Z[0m [34mDEBUG[0m [2methereum_transaction_pool_monitor::mempool_monitor[0m[2m:[0m 🔍 Skipping tx 0x8453e66c84a351bdc8c1b29e64ff23ea88f57cf73dbb4b7ca6d9f1dbdc92ac7c - not a DEX interaction (target: 0xdAC17F958D2ee523a2206206994597C13D831ec7)
[2m2025-12-10T10:08:15.696003Z[0m [34mDEBUG[0m [2mhyper::client::pool[0m[2m:[0m reuse idle connection for ("http", 192.168.0.14:8545)
[2m2025-12-10T10:08:15.696067Z[0m [34mDEBUG[0m [2mhyper::proto::h1::io[0m[2m:[0m flushed 172 bytes
[2m2025-12-10T10:08:15.703852Z[0m [34mDEBUG[0m [2mhyper::proto::h1::io[0m[2m:[0m parsed 4 headers
[2m2025-12-10T10:08:15.703859Z[0m [34mDEBUG[0m [2mhyper::proto::h1::conn[0m[2m:[0m incoming body is content-length (45 bytes)
[2m2025-12-10T10:08:15.703868Z[0m [34mDEBUG[0m [2mhyper::proto::h1::conn[0m[2m:[0m incoming body completed
[2m2025-12-10T10:08:15.703878Z[0m [34mDEBUG[0m [2mhyper::client::pool[0m[2m:[0m pooling idle connection for ("http", 192.168.0.14:8545)
[2m2025-12-10T10:08:15.728725Z[0m [34mDEBUG[0m [2methereum_transaction_pool_monitor::eth_client[0m[2m:[0m 📨 Received WebSocket message: {"jsonrpc":"2.0","method":"eth_subscription","params":{"subscription":"0xbed0a0851463e895960a451075a301a9","result":"0xac0d87d7df543fb012be59e9284a43ea53b88196d25784a376b71e0868aa451b"}}
[2m2025-12-10T10:08:15.728753Z[0m [34mDEBUG[0m [2methereum_transaction_pool_monitor::eth_client[0m[2m:[0m 📨 Received pending transaction: 0xac0d87d7df543fb012be59e9284a43ea53b88196d25784a376b71e0868aa451b
[2m2025-12-10T10:08:15.728762Z[0m [34mDEBUG[0m [2methereum_transaction_pool_monitor::mempool_monitor[0m[2m:[0m 📨 Processing new pending transaction: 0xac0d87d7df543fb012be59e9284a43ea53b88196d25784a376b71e0868aa451b
[2m2025-12-10T10:08:15.728768Z[0m [34mDEBUG[0m [2methereum_transaction_pool_monitor::mempool_monitor[0m[2m:[0m 🔍 Fetching transaction details for: 0xac0d87d7df543fb012be59e9284a43ea53b88196d25784a376b71e0868aa451b
[2m2025-12-10T10:08:15.728773Z[0m [34mDEBUG[0m [2methereum_transaction_pool_monitor::eth_client[0m[2m:[0m 🔍 Fetching transaction details for hash: 0xac0d87d7df543fb012be59e9284a43ea53b88196d25784a376b71e0868aa451b
[2m2025-12-10T10:08:15.728794Z[0m [34mDEBUG[0m [2mhyper::client::pool[0m[2m:[0m reuse idle connection for ("http", 192.168.0.14:8545)
[2m2025-12-10T10:08:15.728817Z[0m [34mDEBUG[0m [2mhyper::proto::h1::io[0m[2m:[0m flushed 250 bytes
[2m2025-12-10T10:08:15.733168Z[0m [34mDEBUG[0m [2mhyper::proto::h1::io[0m[2m:[0m parsed 4 headers
[2m2025-12-10T10:08:15.733174Z[0m [34mDEBUG[0m [2mhyper::proto::h1::conn[0m[2m:[0m incoming body is content-length (771 bytes)
[2m2025-12-10T10:08:15.733181Z[0m [34mDEBUG[0m [2mhyper::proto::h1::conn[0m[2m:[0m incoming body completed
[2m2025-12-10T10:08:15.733190Z[0m [34mDEBUG[0m [2mhyper::client::pool[0m[2m:[0m pooling idle connection for ("http", 192.168.0.14:8545)
[2m2025-12-10T10:08:15.733195Z[0m [34mDEBUG[0m [2methereum_transaction_pool_monitor::eth_client[0m[2m:[0m 📡 Transaction fetch RPC completed in 4.417833ms
[2m2025-12-10T10:08:15.733213Z[0m [34mDEBUG[0m [2methereum_transaction_pool_monitor::eth_client[0m[2m:[0m DeFi transaction detected - Address: 0xdac17f958d2ee523a2206206994597c13d831ec7, Type: Stablecoin, Value: 0 ETH, Gas: 2.32 Gwei
[2m2025-12-10T10:08:15.733227Z[0m [34mDEBUG[0m [2methereum_transaction_pool_monitor::eth_client[0m[2m:[0m ✅ Transaction 0xac0d87d7df543fb012be59e9284a43ea53b88196d25784a376b71e0868aa451b fetched and parsed in 4.449916ms
[2m2025-12-10T10:08:15.733234Z[0m [34mDEBUG[0m [2methereum_transaction_pool_monitor::mempool_monitor[0m[2m:[0m 🔍 Skipping tx 0xac0d87d7df543fb012be59e9284a43ea53b88196d25784a376b71e0868aa451b - not a DEX interaction (target: 0xdAC17F958D2ee523a2206206994597C13D831ec7)
[2m2025-12-10T10:08:15.773914Z[0m [34mDEBUG[0m [2methereum_transaction_pool_monitor::eth_client[0m[2m:[0m 📨 Received WebSocket message: {"jsonrpc":"2.0","method":"eth_subscription","params":{"subscription":"0xbed0a0851463e895960a451075a301a9","result":"0x6bdf160dc5959bae3921ac24333cec0fbc79706c794de6312ea4f5631281043e"}}
[2m2025-12-10T10:08:15.773947Z[0m [34mDEBUG[0m [2methereum_transaction_pool_monitor::eth_client[0m[2m:[0m 📨 Received pending transaction: 0x6bdf160dc5959bae3921ac24333cec0fbc79706c794de6312ea4f5631281043e
[2m2025-12-10T10:08:15.773960Z[0m [34mDEBUG[0m [2methereum_transaction_pool_monitor::mempool_monitor[0m[2m:[0m 📨 Processing new pending transaction: 0x6bdf160dc5959bae3921ac24333cec0fbc79706c794de6312ea4f5631281043e
[2m2025-12-10T10:08:15.773967Z[0m [34mDEBUG[0m [2methereum_transaction_pool_monitor::mempool_monitor[0m[2m:[0m 🔍 Fetching transaction details for: 0x6bdf160dc5959bae3921ac24333cec0fbc79706c794de6312ea4f5631281043e
[2m2025-12-10T10:08:15.773973Z[0m [34mDEBUG[0m [2methereum_transaction_pool_monitor::eth_client[0m[2m:[0m 🔍 Fetching transaction details for hash: 0x6bdf160dc5959bae3921ac24333cec0fbc79706c794de6312ea4f5631281043e
[2m2025-12-10T10:08:15.774000Z[0m [34mDEBUG[0m [2mhyper::client::pool[0m[2m:[0m reuse idle connection for ("http", 192.168.0.14:8545)
[2m2025-12-10T10:08:15.774036Z[0m [34mDEBUG[0m [2mhyper::proto::h1::io[0m[2m:[0m flushed 250 bytes
[2m2025-12-10T10:08:15.778148Z[0m [34mDEBUG[0m [2mhyper::proto::h1::io[0m[2m:[0m parsed 4 headers
[2m2025-12-10T10:08:15.778158Z[0m [34mDEBUG[0m [2mhyper::proto::h1::conn[0m[2m:[0m incoming body is content-length (559 bytes)
[2m2025-12-10T10:08:15.778170Z[0m [34mDEBUG[0m [2mhyper::proto::h1::conn[0m[2m:[0m incoming body completed
[2m2025-12-10T10:08:15.778184Z[0m [34mDEBUG[0m [2mhyper::client::pool[0m[2m:[0m pooling idle connection for ("http", 192.168.0.14:8545)
[2m2025-12-10T10:08:15.778193Z[0m [34mDEBUG[0m [2methereum_transaction_pool_monitor::eth_client[0m[2m:[0m 📡 Transaction fetch RPC completed in 4.214583ms
[2m2025-12-10T10:08:15.858335Z[0m [34mDEBUG[0m [2methereum_transaction_pool_monitor::eth_client[0m[2m:[0m ✅ Transaction 0x6bdf160dc5959bae3921ac24333cec0fbc79706c794de6312ea4f5631281043e fetched and parsed in 84.352833ms
[2m2025-12-10T10:08:15.858369Z[0m [34mDEBUG[0m [2methereum_transaction_pool_monitor::mempool_monitor[0m[2m:[0m 🔍 Skipping tx 0x6bdf160dc5959bae3921ac24333cec0fbc79706c794de6312ea4f5631281043e - not a DEX interaction (target: 0xBde8f01B6DAB952fd37841C933087ABf3224f3E8)
[2m2025-12-10T10:08:15.858433Z[0m [34mDEBUG[0m [2mhyper::client::pool[0m[2m:[0m reuse idle connection for ("http", 192.168.0.14:8545)
[2m2025-12-10T10:08:15.858484Z[0m [34mDEBUG[0m [2mhyper::proto::h1::io[0m[2m:[0m flushed 172 bytes
[2m2025-12-10T10:08:15.864234Z[0m [34mDEBUG[0m [2mhyper::proto::h1::io[0m[2m:[0m parsed 4 headers
[2m2025-12-10T10:08:15.864255Z[0m [34mDEBUG[0m [2mhyper::proto::h1::conn[0m[2m:[0m incoming body is content-length (45 bytes)
[2m2025-12-10T10:08:15.864265Z[0m [34mDEBUG[0m [2mhyper::proto::h1::conn[0m[2m:[0m incoming body completed
[2m2025-12-10T10:08:15.864275Z[0m [34mDEBUG[0m [2mhyper::client::pool[0m[2m:[0m pooling idle connection for ("http", 192.168.0.14:8545)
[2m2025-12-10T10:08:15.896372Z[0m [34mDEBUG[0m [2mhyper::client::pool[0m[2m:[0m reuse idle connection for ("http", 192.168.0.14:8545)
[2m2025-12-10T10:08:15.896426Z[0m [34mDEBUG[0m [2mhyper::proto::h1::io[0m[2m:[0m flushed 172 bytes
[2m2025-12-10T10:08:15.903076Z[0m [34mDEBUG[0m [2mhyper::proto::h1::io[0m[2m:[0m parsed 4 headers
[2m2025-12-10T10:08:15.903096Z[0m [34mDEBUG[0m [2mhyper::proto::h1::conn[0m[2m:[0m incoming body is content-length (45 bytes)
[2m2025-12-10T10:08:15.903119Z[0m [34mDEBUG[0m [2mhyper::proto::h1::conn[0m[2m:[0m incoming body completed
[2m2025-12-10T10:08:15.903134Z[0m [34mDEBUG[0m [2mhyper::client::pool[0m[2m:[0m pooling idle connection for ("http", 192.168.0.14:8545)
[2m2025-12-10T10:08:15.979394Z[0m [34mDEBUG[0m [2methereum_transaction_pool_monitor::eth_client[0m[2m:[0m 📨 Received WebSocket message: {"jsonrpc":"2.0","method":"eth_subscription","params":{"subscription":"0xbed0a0851463e895960a451075a301a9","result":"0x260dc34996307769d20b8f52c8cd20b27eb350d0575ddffb519a0b558ce98270"}}
[2m2025-12-10T10:08:15.979431Z[0m [34mDEBUG[0m [2methereum_transaction_pool_monitor::eth_client[0m[2m:[0m 📨 Received pending transaction: 0x260dc34996307769d20b8f52c8cd20b27eb350d0575ddffb519a0b558ce98270
[2m2025-12-10T10:08:15.979447Z[0m [34mDEBUG[0m [2methereum_transaction_pool_monitor::mempool_monitor[0m[2m:[0m 📨 Processing new pending transaction: 0x260dc34996307769d20b8f52c8cd20b27eb350d0575ddffb519a0b558ce98270
[2m2025-12-10T10:08:15.979454Z[0m [34mDEBUG[0m [2methereum_transaction_pool_monitor::mempool_monitor[0m[2m:[0m 🔍 Fetching transaction details for: 0x260dc34996307769d20b8f52c8cd20b27eb350d0575ddffb519a0b558ce98270
[2m2025-12-10T10:08:15.979459Z[0m [34mDEBUG[0m [2methereum_transaction_pool_monitor::eth_client[0m[2m:[0m 🔍 Fetching transaction details for hash: 0x260dc34996307769d20b8f52c8cd20b27eb350d0575ddffb519a0b558ce98270
[2m2025-12-10T10:08:15.979484Z[0m [34mDEBUG[0m [2mhyper::client::pool[0m[2m:[0m reuse idle connection for ("http", 192.168.0.14:8545)
[2m2025-12-10T10:08:15.979517Z[0m [34mDEBUG[0m [2mhyper::proto::h1::io[0m[2m:[0m flushed 250 bytes
[2m2025-12-10T10:08:15.989132Z[0m [34mDEBUG[0m [2mhyper::proto::h1::io[0m[2m:[0m parsed 4 headers
[2m2025-12-10T10:08:15.989146Z[0m [34mDEBUG[0m [2mhyper::proto::h1::conn[0m[2m:[0m incoming body is content-length (1477 bytes)
[2m2025-12-10T10:08:15.989170Z[0m [34mDEBUG[0m [2methereum_transaction_pool_monitor::eth_client[0m[2m:[0m 📡 Transaction fetch RPC completed in 9.70475ms
[2m2025-12-10T10:08:15.989875Z[0m [34mDEBUG[0m [2mhyper::proto::h1::conn[0m[2m:[0m incoming body completed
[2m2025-12-10T10:08:15.989889Z[0m [34mDEBUG[0m [2mhyper::client::pool[0m[2m:[0m pooling idle connection for ("http", 192.168.0.14:8545)
[2m2025-12-10T10:08:15.996709Z[0m [34mDEBUG[0m [2mhyper::client::pool[0m[2m:[0m reuse idle connection for ("http", 192.168.0.14:8545)
[2m2025-12-10T10:08:15.996914Z[0m [34mDEBUG[0m [2mhyper::proto::h1::io[0m[2m:[0m flushed 172 bytes
[2m2025-12-10T10:08:16.000003Z[0m [34mDEBUG[0m [2mhyper::proto::h1::io[0m[2m:[0m parsed 4 headers
[2m2025-12-10T10:08:16.000025Z[0m [34mDEBUG[0m [2mhyper::proto::h1::conn[0m[2m:[0m incoming body is content-length (45 bytes)
[2m2025-12-10T10:08:16.000037Z[0m [34mDEBUG[0m [2mhyper::proto::h1::conn[0m[2m:[0m incoming body completed
[2m2025-12-10T10:08:16.000053Z[0m [34mDEBUG[0m [2mhyper::client::pool[0m[2m:[0m pooling idle connection for ("http", 192.168.0.14:8545)
[2m2025-12-10T10:08:16.006374Z[0m [34mDEBUG[0m [2methereum_transaction_pool_monitor::eth_client[0m[2m:[0m 📨 Received WebSocket message: {"jsonrpc":"2.0","method":"eth_subscription","params":{"subscription":"0xbed0a0851463e895960a451075a301a9","result":"0xd53062a3b2b7961d36e38bf948148f570ba7ca8cb0525718f69bdc7aa5549fcd"}}
[2m2025-12-10T10:08:16.006403Z[0m [34mDEBUG[0m [2methereum_transaction_pool_monitor::eth_client[0m[2m:[0m 📨 Received pending transaction: 0xd53062a3b2b7961d36e38bf948148f570ba7ca8cb0525718f69bdc7aa5549fcd
[2m2025-12-10T10:08:16.072642Z[0m [34mDEBUG[0m [2methereum_transaction_pool_monitor::eth_client[0m[2m:[0m ✅ Transaction 0x260dc34996307769d20b8f52c8cd20b27eb350d0575ddffb519a0b558ce98270 fetched and parsed in 93.174208ms
[2m2025-12-10T10:08:16.072684Z[0m [34mDEBUG[0m [2methereum_transaction_pool_monitor::mempool_monitor[0m[2m:[0m 🔍 Skipping tx 0x260dc34996307769d20b8f52c8cd20b27eb350d0575ddffb519a0b558ce98270 - not a DEX interaction (target: 0x173272739Bd7Aa6e4e214714048a9fE699453059)
[2m2025-12-10T10:08:16.072696Z[0m [34mDEBUG[0m [2methereum_transaction_pool_monitor::mempool_monitor[0m[2m:[0m 📨 Processing new pending transaction: 0xd53062a3b2b7961d36e38bf948148f570ba7ca8cb0525718f69bdc7aa5549fcd
[2m2025-12-10T10:08:16.072702Z[0m [34mDEBUG[0m [2methereum_transaction_pool_monitor::mempool_monitor[0m[2m:[0m 🔍 Fetching transaction details for: 0xd53062a3b2b7961d36e38bf948148f570ba7ca8cb0525718f69bdc7aa5549fcd
[2m2025-12-10T10:08:16.072706Z[0m [34mDEBUG[0m [2methereum_transaction_pool_monitor::eth_client[0m[2m:[0m 🔍 Fetching transaction details for hash: 0xd53062a3b2b7961d36e38bf948148f570ba7ca8cb0525718f69bdc7aa5549fcd
[2m2025-12-10T10:08:16.072734Z[0m [34mDEBUG[0m [2mhyper::client::pool[0m[2m:[0m reuse idle connection for ("http", 192.168.0.14:8545)
[2m2025-12-10T10:08:16.072775Z[0m [34mDEBUG[0m [2mhyper::proto::h1::io[0m[2m:[0m flushed 250 bytes
[2m2025-12-10T10:08:16.077165Z[0m [34mDEBUG[0m [2mhyper::proto::h1::io[0m[2m:[0m parsed 4 headers
[2m2025-12-10T10:08:16.077188Z[0m [34mDEBUG[0m [2mhyper::proto::h1::conn[0m[2m:[0m incoming body is content-length (773 bytes)
[2m2025-12-10T10:08:16.077199Z[0m [34mDEBUG[0m [2mhyper::proto::h1::conn[0m[2m:[0m incoming body completed
[2m2025-12-10T10:08:16.077212Z[0m [34mDEBUG[0m [2mhyper::client::pool[0m[2m:[0m pooling idle connection for ("http", 192.168.0.14:8545)
[2m2025-12-10T10:08:16.077221Z[0m [34mDEBUG[0m [2methereum_transaction_pool_monitor::eth_client[0m[2m:[0m 📡 Transaction fetch RPC completed in 4.510667ms
[2m2025-12-10T10:08:16.150727Z[0m [34mDEBUG[0m [2methereum_transaction_pool_monitor::eth_client[0m[2m:[0m ✅ Transaction 0xd53062a3b2b7961d36e38bf948148f570ba7ca8cb0525718f69bdc7aa5549fcd fetched and parsed in 78.012209ms
[2m2025-12-10T10:08:16.150779Z[0m [34mDEBUG[0m [2methereum_transaction_pool_monitor::mempool_monitor[0m[2m:[0m 🔍 Skipping tx 0xd53062a3b2b7961d36e38bf948148f570ba7ca8cb0525718f69bdc7aa5549fcd - not a DEX interaction (target: 0x4a220E6096B25EADb88358cb44068A3248254675)
[2m2025-12-10T10:08:16.150861Z[0m [34mDEBUG[0m [2mhyper::client::pool[0m[2m:[0m reuse idle connection for ("http", 192.168.0.14:8545)
[2m2025-12-10T10:08:16.150933Z[0m [34mDEBUG[0m [2mhyper::proto::h1::io[0m[2m:[0m flushed 172 bytes
[2m2025-12-10T10:08:16.154922Z[0m [34mDEBUG[0m [2mhyper::proto::h1::io[0m[2m:[0m parsed 4 headers
[2m2025-12-10T10:08:16.154936Z[0m [34mDEBUG[0m [2mhyper::proto::h1::conn[0m[2m:[0m incoming body is content-length (45 bytes)
[2m2025-12-10T10:08:16.154947Z[0m [34mDEBUG[0m [2mhyper::proto::h1::conn[0m[2m:[0m incoming body completed
[2m2025-12-10T10:08:16.154957Z[0m [34mDEBUG[0m [2mhyper::client::pool[0m[2m:[0m pooling idle connection for ("http", 192.168.0.14:8545)
[2m2025-12-10T10:08:16.196756Z[0m [34mDEBUG[0m [2mhyper::client::pool[0m[2m:[0m reuse idle connection for ("http", 192.168.0.14:8545)
[2m2025-12-10T10:08:16.196816Z[0m [34mDEBUG[0m [2mhyper::proto::h1::io[0m[2m:[0m flushed 172 bytes
[2m2025-12-10T10:08:16.202063Z[0m [34mDEBUG[0m [2mhyper::proto::h1::io[0m[2m:[0m parsed 4 headers
[2m2025-12-10T10:08:16.202085Z[0m [34mDEBUG[0m [2mhyper::proto::h1::conn[0m[2m:[0m incoming body is content-length (45 bytes)
[2m2025-12-10T10:08:16.202093Z[0m [34mDEBUG[0m [2mhyper::proto::h1::conn[0m[2m:[0m incoming body completed
[2m2025-12-10T10:08:16.202104Z[0m [34mDEBUG[0m [2mhyper::client::pool[0m[2m:[0m pooling idle connection for ("http", 192.168.0.14:8545)
[2m2025-12-10T10:08:16.258357Z[0m [34mDEBUG[0m [2methereum_transaction_pool_monitor::eth_client[0m[2m:[0m 📨 Received WebSocket message: {"jsonrpc":"2.0","method":"eth_subscription","params":{"subscription":"0xbed0a0851463e895960a451075a301a9","result":"0xbf957a829036bfef00724f1ef2202d7a4fb747862aef4e60d255497563616648"}}
[2m2025-12-10T10:08:16.258381Z[0m [34mDEBUG[0m [2methereum_transaction_pool_monitor::eth_client[0m[2m:[0m 📨 Received pending transaction: 0xbf957a829036bfef00724f1ef2202d7a4fb747862aef4e60d255497563616648
[2m2025-12-10T10:08:16.258391Z[0m [34mDEBUG[0m [2methereum_transaction_pool_monitor::mempool_monitor[0m[2m:[0m 📨 Processing new pending transaction: 0xbf957a829036bfef00724f1ef2202d7a4fb747862aef4e60d255497563616648
[2m2025-12-10T10:08:16.258397Z[0m [34mDEBUG[0m [2methereum_transaction_pool_monitor::mempool_monitor[0m[2m:[0m 🔍 Fetching transaction details for: 0xbf957a829036bfef00724f1ef2202d7a4fb747862aef4e60d255497563616648
[2m2025-12-10T10:08:16.258401Z[0m [34mDEBUG[0m [2methereum_transaction_pool_monitor::eth_client[0m[2m:[0m 🔍 Fetching transaction details for hash: 0xbf957a829036bfef00724f1ef2202d7a4fb747862aef4e60d255497563616648
[2m2025-12-10T10:08:16.258430Z[0m [34mDEBUG[0m [2mhyper::client::pool[0m[2m:[0m reuse idle connection for ("http", 192.168.0.14:8545)
[2m2025-12-10T10:08:16.258461Z[0m [34mDEBUG[0m [2mhyper::proto::h1::io[0m[2m:[0m flushed 250 bytes
[2m2025-12-10T10:08:16.264355Z[0m [34mDEBUG[0m [2mhyper::proto::h1::io[0m[2m:[0m parsed 4 headers
[2m2025-12-10T10:08:16.264374Z[0m [34mDEBUG[0m [2mhyper::proto::h1::conn[0m[2m:[0m incoming body is content-length (775 bytes)
[2m2025-12-10T10:08:16.264387Z[0m [34mDEBUG[0m [2mhyper::proto::h1::conn[0m[2m:[0m incoming body completed
[2m2025-12-10T10:08:16.264400Z[0m [34mDEBUG[0m [2mhyper::client::pool[0m[2m:[0m pooling idle connection for ("http", 192.168.0.14:8545)
[2m2025-12-10T10:08:16.264408Z[0m [34mDEBUG[0m [2methereum_transaction_pool_monitor::eth_client[0m[2m:[0m 📡 Transaction fetch RPC completed in 6.002375ms
[2m2025-12-10T10:08:16.264426Z[0m [34mDEBUG[0m [2methereum_transaction_pool_monitor::eth_client[0m[2m:[0m DeFi transaction detected - Address: 0xdac17f958d2ee523a2206206994597c13d831ec7, Type: Stablecoin, Value: 0 ETH, Gas: 2.01 Gwei
[2m2025-12-10T10:08:16.264440Z[0m [34mDEBUG[0m [2methereum_transaction_pool_monitor::eth_client[0m[2m:[0m ✅ Transaction 0xbf957a829036bfef00724f1ef2202d7a4fb747862aef4e60d255497563616648 fetched and parsed in 6.034791ms
[2m2025-12-10T10:08:16.264448Z[0m [34mDEBUG[0m [2methereum_transaction_pool_monitor::mempool_monitor[0m[2m:[0m 🔍 Skipping tx 0xbf957a829036bfef00724f1ef2202d7a4fb747862aef4e60d255497563616648 - not a DEX interaction (target: 0xdAC17F958D2ee523a2206206994597C13D831ec7)
[2m2025-12-10T10:08:16.296272Z[0m [34mDEBUG[0m [2mhyper::client::pool[0m[2m:[0m reuse idle connection for ("http", 192.168.0.14:8545)
[2m2025-12-10T10:08:16.296310Z[0m [34mDEBUG[0m [2mhyper::proto::h1::io[0m[2m:[0m flushed 172 bytes
[2m2025-12-10T10:08:16.300838Z[0m [34mDEBUG[0m [2mhyper::proto::h1::io[0m[2m:[0m parsed 4 headers
[2m2025-12-10T10:08:16.300854Z[0m [34mDEBUG[0m [2mhyper::proto::h1::conn[0m[2m:[0m incoming body is content-length (45 bytes)
[2m2025-12-10T10:08:16.300863Z[0m [34mDEBUG[0m [2mhyper::proto::h1::conn[0m[2m:[0m incoming body completed
[2m2025-12-10T10:08:16.300874Z[0m [34mDEBUG[0m [2mhyper::client::pool[0m[2m:[0m pooling idle connection for ("http", 192.168.0.14:8545)
[2m2025-12-10T10:08:16.316215Z[0m [34mDEBUG[0m [2methereum_transaction_pool_monitor::eth_client[0m[2m:[0m 📨 Received WebSocket message: {"jsonrpc":"2.0","method":"eth_subscription","params":{"subscription":"0xbed0a0851463e895960a451075a301a9","result":"0xd963e2dbcc6100c3d188ed8316df9b9aa50d0e2bca024e18f56d42ccaaea8bd4"}}
[2m2025-12-10T10:08:16.316239Z[0m [34mDEBUG[0m [2methereum_transaction_pool_monitor::eth_client[0m[2m:[0m 📨 Received pending transaction: 0xd963e2dbcc6100c3d188ed8316df9b9aa50d0e2bca024e18f56d42ccaaea8bd4
[2m2025-12-10T10:08:16.316247Z[0m [34mDEBUG[0m [2methereum_transaction_pool_monitor::mempool_monitor[0m[2m:[0m 📨 Processing new pending transaction: 0xd963e2dbcc6100c3d188ed8316df9b9aa50d0e2bca024e18f56d42ccaaea8bd4
[2m2025-12-10T10:08:16.316251Z[0m [34mDEBUG[0m [2methereum_transaction_pool_monitor::mempool_monitor[0m[2m:[0m 🔍 Fetching transaction details for: 0xd963e2dbcc6100c3d188ed8316df9b9aa50d0e2bca024e18f56d42ccaaea8bd4
[2m2025-12-10T10:08:16.316255Z[0m [34mDEBUG[0m [2methereum_transaction_pool_monitor::eth_client[0m[2m:[0m 🔍 Fetching transaction details for hash: 0xd963e2dbcc6100c3d188ed8316df9b9aa50d0e2bca024e18f56d42ccaaea8bd4
[2m2025-12-10T10:08:16.316274Z[0m [34mDEBUG[0m [2mhyper::client::pool[0m[2m:[0m reuse idle connection for ("http", 192.168.0.14:8545)
[2m2025-12-10T10:08:16.316300Z[0m [34mDEBUG[0m [2mhyper::proto::h1::io[0m[2m:[0m flushed 250 bytes
[2m2025-12-10T10:08:16.320838Z[0m [34mDEBUG[0m [2methereum_transaction_pool_monitor::eth_client[0m[2m:[0m 📨 Received WebSocket message: {"jsonrpc":"2.0","method":"eth_subscription","params":{"subscription":"0xbed0a0851463e895960a451075a301a9","result":"0x7e2ad432199640f6d0530da9701c53f53ef137475a070168d7baa9e8d87cfba4"}}
[2m2025-12-10T10:08:16.320856Z[0m [34mDEBUG[0m [2methereum_transaction_pool_monitor::eth_client[0m[2m:[0m 📨 Received pending transaction: 0x7e2ad432199640f6d0530da9701c53f53ef137475a070168d7baa9e8d87cfba4
[2m2025-12-10T10:08:16.320862Z[0m [34mDEBUG[0m [2methereum_transaction_pool_monitor::eth_client[0m[2m:[0m 📨 Received WebSocket message: {"jsonrpc":"2.0","method":"eth_subscription","params":{"subscription":"0xbed0a0851463e895960a451075a301a9","result":"0x0980bfded2fa0590d96dcfda6d476939d3ed93ff00d5cdb179d58ed029906d32"}}
[2m2025-12-10T10:08:16.320869Z[0m [34mDEBUG[0m [2methereum_transaction_pool_monitor::eth_client[0m[2m:[0m 📨 Received pending transaction: 0x0980bfded2fa0590d96dcfda6d476939d3ed93ff00d5cdb179d58ed029906d32
[2m2025-12-10T10:08:16.320874Z[0m [34mDEBUG[0m [2methereum_transaction_pool_monitor::eth_client[0m[2m:[0m 📨 Received WebSocket message: {"jsonrpc":"2.0","method":"eth_subscription","params":{"subscription":"0xbed0a0851463e895960a451075a301a9","result":"0x946c9e7a0a165affe337d7d39bad19de0ca21243140b82206b1e2016db0d6d3b"}}
[2m2025-12-10T10:08:16.320880Z[0m [34mDEBUG[0m [2methereum_transaction_pool_monitor::eth_client[0m[2m:[0m 📨 Received pending transaction: 0x946c9e7a0a165affe337d7d39bad19de0ca21243140b82206b1e2016db0d6d3b
[2m2025-12-10T10:08:16.321704Z[0m [34mDEBUG[0m [2mhyper::proto::h1::io[0m[2m:[0m parsed 4 headers
[2m2025-12-10T10:08:16.321712Z[0m [34mDEBUG[0m [2mhyper::proto::h1::conn[0m[2m:[0m incoming body is content-length (646 bytes)
[2m2025-12-10T10:08:16.321719Z[0m [34mDEBUG[0m [2mhyper::proto::h1::conn[0m[2m:[0m incoming body completed
[2m2025-12-10T10:08:16.321729Z[0m [34mDEBUG[0m [2mhyper::client::pool[0m[2m:[0m pooling idle connection for ("http", 192.168.0.14:8545)
[2m2025-12-10T10:08:16.321736Z[0m [34mDEBUG[0m [2methereum_transaction_pool_monitor::eth_client[0m[2m:[0m 📡 Transaction fetch RPC completed in 5.476875ms
[2m2025-12-10T10:08:16.395085Z[0m [34mDEBUG[0m [2methereum_transaction_pool_monitor::eth_client[0m[2m:[0m ✅ Transaction 0xd963e2dbcc6100c3d188ed8316df9b9aa50d0e2bca024e18f56d42ccaaea8bd4 fetched and parsed in 78.823459ms
[2m2025-12-10T10:08:16.395115Z[0m [34mDEBUG[0m [2methereum_transaction_pool_monitor::mempool_monitor[0m[2m:[0m 🔍 Skipping tx 0xd963e2dbcc6100c3d188ed8316df9b9aa50d0e2bca024e18f56d42ccaaea8bd4 - not a DEX interaction (target: 0x3ce7Ecd91092bCa18a2410E97e84FD7469160D89)
[2m2025-12-10T10:08:16.395126Z[0m [34mDEBUG[0m [2methereum_transaction_pool_monitor::mempool_monitor[0m[2m:[0m 📨 Processing new pending transaction: 0x7e2ad432199640f6d0530da9701c53f53ef137475a070168d7baa9e8d87cfba4
[2m2025-12-10T10:08:16.395132Z[0m [34mDEBUG[0m [2methereum_transaction_pool_monitor::mempool_monitor[0m[2m:[0m 🔍 Fetching transaction details for: 0x7e2ad432199640f6d0530da9701c53f53ef137475a070168d7baa9e8d87cfba4
[2m2025-12-10T10:08:16.395137Z[0m [34mDEBUG[0m [2methereum_transaction_pool_monitor::eth_client[0m[2m:[0m 🔍 Fetching transaction details for hash: 0x7e2ad432199640f6d0530da9701c53f53ef137475a070168d7baa9e8d87cfba4
[2m2025-12-10T10:08:16.395165Z[0m [34mDEBUG[0m [2mhyper::client::pool[0m[2m:[0m reuse idle connection for ("http", 192.168.0.14:8545)
[2m2025-12-10T10:08:16.395213Z[0m [34mDEBUG[0m [2mhyper::proto::h1::io[0m[2m:[0m flushed 250 bytes
[2m2025-12-10T10:08:16.395233Z[0m [34mDEBUG[0m [2mhyper::client::pool[0m[2m:[0m reuse idle connection for ("http", 192.168.0.14:8545)
[2m2025-12-10T10:08:16.395250Z[0m [34mDEBUG[0m [2mhyper::proto::h1::io[0m[2m:[0m flushed 172 bytes
[2m2025-12-10T10:08:16.395264Z[0m [34mDEBUG[0m [2methereum_transaction_pool_monitor::eth_client[0m[2m:[0m 📨 Received WebSocket message: {"jsonrpc":"2.0","method":"eth_subscription","params":{"subscription":"0xbed0a0851463e895960a451075a301a9","result":"0xfeab84e95ed3863543aa9e3265ca4e637d79a4ba2a3d13a2bc0c4136c61e5d44"}}
[2m2025-12-10T10:08:16.395272Z[0m [34mDEBUG[0m [2methereum_transaction_pool_monitor::eth_client[0m[2m:[0m 📨 Received pending transaction: 0xfeab84e95ed3863543aa9e3265ca4e637d79a4ba2a3d13a2bc0c4136c61e5d44
[2m2025-12-10T10:08:16.403134Z[0m [34mDEBUG[0m [2mhyper::proto::h1::io[0m[2m:[0m parsed 4 headers
[2m2025-12-10T10:08:16.403143Z[0m [34mDEBUG[0m [2mhyper::proto::h1::conn[0m[2m:[0m incoming body is content-length (45 bytes)
[2m2025-12-10T10:08:16.403152Z[0m [34mDEBUG[0m [2mhyper::proto::h1::conn[0m[2m:[0m incoming body completed
[2m2025-12-10T10:08:16.403164Z[0m [34mDEBUG[0m [2mhyper::client::pool[0m[2m:[0m pooling idle connection for ("http", 192.168.0.14:8545)
[2m2025-12-10T10:08:16.403187Z[0m [34mDEBUG[0m [2mhyper::proto::h1::io[0m[2m:[0m parsed 4 headers
[2m2025-12-10T10:08:16.403191Z[0m [34mDEBUG[0m [2mhyper::proto::h1::conn[0m[2m:[0m incoming body is content-length (1159 bytes)
[2m2025-12-10T10:08:16.403195Z[0m [34mDEBUG[0m [2mhyper::proto::h1::conn[0m[2m:[0m incoming body completed
[2m2025-12-10T10:08:16.403201Z[0m [34mDEBUG[0m [2mhyper::client::pool[0m[2m:[0m pooling idle connection for ("http", 192.168.0.14:8545)
[2m2025-12-10T10:08:16.403205Z[0m [34mDEBUG[0m [2methereum_transaction_pool_monitor::eth_client[0m[2m:[0m 📡 Transaction fetch RPC completed in 8.062917ms
[2m2025-12-10T10:08:16.403223Z[0m [34mDEBUG[0m [2methereum_transaction_pool_monitor::eth_client[0m[2m:[0m DeFi transaction detected - Address: 0x7a250d5630b4cf539739df2c5dacb4c659f2488d, Type: DexRouter, Value: 0 ETH, Gas: 0.50 Gwei
[2m2025-12-10T10:08:16.403235Z[0m [34mDEBUG[0m [2methereum_transaction_pool_monitor::eth_client[0m[2m:[0m ✅ Transaction 0x7e2ad432199640f6d0530da9701c53f53ef137475a070168d7baa9e8d87cfba4 fetched and parsed in 8.093208ms
[2m2025-12-10T10:08:16.403241Z[0m [34mDEBUG[0m [2methereum_transaction_pool_monitor::mempool_monitor[0m[2m:[0m 🔍 Skipping tx 0x7e2ad432199640f6d0530da9701c53f53ef137475a070168d7baa9e8d87cfba4 - not a DEX interaction (target: 0x7a250d5630B4cF539739dF2C5dAcb4c659F2488D)
[2m2025-12-10T10:08:16.403248Z[0m [34mDEBUG[0m [2methereum_transaction_pool_monitor::mempool_monitor[0m[2m:[0m 📨 Processing new pending transaction: 0x0980bfded2fa0590d96dcfda6d476939d3ed93ff00d5cdb179d58ed029906d32
[2m2025-12-10T10:08:16.403251Z[0m [34mDEBUG[0m [2methereum_transaction_pool_monitor::mempool_monitor[0m[2m:[0m 🔍 Fetching transaction details for: 0x0980bfded2fa0590d96dcfda6d476939d3ed93ff00d5cdb179d58ed029906d32
[2m2025-12-10T10:08:16.403254Z[0m [34mDEBUG[0m [2methereum_transaction_pool_monitor::eth_client[0m[2m:[0m 🔍 Fetching transaction details for hash: 0x0980bfded2fa0590d96dcfda6d476939d3ed93ff00d5cdb179d58ed029906d32
[2m2025-12-10T10:08:16.403268Z[0m [34mDEBUG[0m [2mhyper::client::pool[0m[2m:[0m reuse idle connection for ("http", 192.168.0.14:8545)
[2m2025-12-10T10:08:16.403286Z[0m [34mDEBUG[0m [2mhyper::proto::h1::io[0m[2m:[0m flushed 250 bytes
[2m2025-12-10T10:08:16.408814Z[0m [34mDEBUG[0m [2mhyper::proto::h1::io[0m[2m:[0m parsed 4 headers
[2m2025-12-10T10:08:16.408824Z[0m [34mDEBUG[0m [2mhyper::proto::h1::conn[0m[2m:[0m incoming body is content-length (831 bytes)
[2m2025-12-10T10:08:16.408831Z[0m [34mDEBUG[0m [2mhyper::proto::h1::conn[0m[2m:[0m incoming body completed
[2m2025-12-10T10:08:16.408841Z[0m [34mDEBUG[0m [2mhyper::client::pool[0m[2m:[0m pooling idle connection for ("http", 192.168.0.14:8545)
[2m2025-12-10T10:08:16.408847Z[0m [34mDEBUG[0m [2methereum_transaction_pool_monitor::eth_client[0m[2m:[0m 📡 Transaction fetch RPC completed in 5.590166ms
[2m2025-12-10T10:08:16.480366Z[0m [34mDEBUG[0m [2methereum_transaction_pool_monitor::eth_client[0m[2m:[0m ✅ Transaction 0x0980bfded2fa0590d96dcfda6d476939d3ed93ff00d5cdb179d58ed029906d32 fetched and parsed in 77.104416ms
[2m2025-12-10T10:08:16.480404Z[0m [34mDEBUG[0m [2methereum_transaction_pool_monitor::mempool_monitor[0m[2m:[0m 🔍 Skipping tx 0x0980bfded2fa0590d96dcfda6d476939d3ed93ff00d5cdb179d58ed029906d32 - not a DEX interaction (target: 0x3B4D794a66304F130a4Db8F2551B0070dfCf5ca7)
[2m2025-12-10T10:08:16.480419Z[0m [34mDEBUG[0m [2methereum_transaction_pool_monitor::mempool_monitor[0m[2m:[0m 📨 Processing new pending transaction: 0x946c9e7a0a165affe337d7d39bad19de0ca21243140b82206b1e2016db0d6d3b
[2m2025-12-10T10:08:16.480426Z[0m [34mDEBUG[0m [2methereum_transaction_pool_monitor::mempool_monitor[0m[2m:[0m 🔍 Fetching transaction details for: 0x946c9e7a0a165affe337d7d39bad19de0ca21243140b82206b1e2016db0d6d3b
[2m2025-12-10T10:08:16.480431Z[0m [34mDEBUG[0m [2methereum_transaction_pool_monitor::eth_client[0m[2m:[0m 🔍 Fetching transaction details for hash: 0x946c9e7a0a165affe337d7d39bad19de0ca21243140b82206b1e2016db0d6d3b
[2m2025-12-10T10:08:16.480461Z[0m [34mDEBUG[0m [2mhyper::client::pool[0m[2m:[0m reuse idle connection for ("http", 192.168.0.14:8545)
[2m2025-12-10T10:08:16.480513Z[0m [34mDEBUG[0m [2mhyper::proto::h1::io[0m[2m:[0m flushed 250 bytes
[2m2025-12-10T10:08:16.480538Z[0m [34mDEBUG[0m [2methereum_transaction_pool_monitor::eth_client[0m[2m:[0m 📨 Received WebSocket message: {"jsonrpc":"2.0","method":"eth_subscription","params":{"subscription":"0xbed0a0851463e895960a451075a301a9","result":"0x9e37947b68d9097e09fa3da0674cefbb59612d4370763f28c87608600f65a17c"}}
[2m2025-12-10T10:08:16.480548Z[0m [34mDEBUG[0m [2methereum_transaction_pool_monitor::eth_client[0m[2m:[0m 📨 Received pending transaction: 0x9e37947b68d9097e09fa3da0674cefbb59612d4370763f28c87608600f65a17c
[2m2025-12-10T10:08:16.480554Z[0m [34mDEBUG[0m [2methereum_transaction_pool_monitor::eth_client[0m[2m:[0m 📨 Received WebSocket message: {"jsonrpc":"2.0","method":"eth_subscription","params":{"subscription":"0xbed0a0851463e895960a451075a301a9","result":"0x73aab5c6b13c9fc8cb9cd71837d204d30face340432bc7a20db08218b738d1ef"}}
[2m2025-12-10T10:08:16.480563Z[0m [34mDEBUG[0m [2methereum_transaction_pool_monitor::eth_client[0m[2m:[0m 📨 Received pending transaction: 0x73aab5c6b13c9fc8cb9cd71837d204d30face340432bc7a20db08218b738d1ef
[2m2025-12-10T10:08:16.480568Z[0m [34mDEBUG[0m [2methereum_transaction_pool_monitor::eth_client[0m[2m:[0m 📨 Received WebSocket message: {"jsonrpc":"2.0","method":"eth_subscription","params":{"subscription":"0xbed0a0851463e895960a451075a301a9","result":"0xe7522c74369fc7b07696764bba058823147a4b21a29df85601904b0864785182"}}
[2m2025-12-10T10:08:16.480575Z[0m [34mDEBUG[0m [2methereum_transaction_pool_monitor::eth_client[0m[2m:[0m 📨 Received pending transaction: 0xe7522c74369fc7b07696764bba058823147a4b21a29df85601904b0864785182
[2m2025-12-10T10:08:16.485800Z[0m [34mDEBUG[0m [2mhyper::proto::h1::io[0m[2m:[0m parsed 4 headers
[2m2025-12-10T10:08:16.485809Z[0m [34mDEBUG[0m [2mhyper::proto::h1::conn[0m[2m:[0m incoming body is content-length (1731 bytes)
[2m2025-12-10T10:08:16.485818Z[0m [34mDEBUG[0m [2mhyper::proto::h1::conn[0m[2m:[0m incoming body completed
[2m2025-12-10T10:08:16.485830Z[0m [34mDEBUG[0m [2mhyper::client::pool[0m[2m:[0m pooling idle connection for ("http", 192.168.0.14:8545)
[2m2025-12-10T10:08:16.485838Z[0m [34mDEBUG[0m [2methereum_transaction_pool_monitor::eth_client[0m[2m:[0m 📡 Transaction fetch RPC completed in 5.398625ms
[2m2025-12-10T10:08:16.557895Z[0m [34mDEBUG[0m [2methereum_transaction_pool_monitor::eth_client[0m[2m:[0m ✅ Transaction 0x946c9e7a0a165affe337d7d39bad19de0ca21243140b82206b1e2016db0d6d3b fetched and parsed in 77.452417ms
[2m2025-12-10T10:08:16.557921Z[0m [34mDEBUG[0m [2methereum_transaction_pool_monitor::mempool_monitor[0m[2m:[0m 🔍 Skipping tx 0x946c9e7a0a165affe337d7d39bad19de0ca21243140b82206b1e2016db0d6d3b - not a DEX interaction (target: 0x601a2aD6CB5949f0529735254189Ba3194221EDF)
[2m2025-12-10T10:08:16.557933Z[0m [34mDEBUG[0m [2methereum_transaction_pool_monitor::mempool_monitor[0m[2m:[0m 📨 Processing new pending transaction: 0xfeab84e95ed3863543aa9e3265ca4e637d79a4ba2a3d13a2bc0c4136c61e5d44
[2m2025-12-10T10:08:16.557939Z[0m [34mDEBUG[0m [2methereum_transaction_pool_monitor::mempool_monitor[0m[2m:[0m 🔍 Fetching transaction details for: 0xfeab84e95ed3863543aa9e3265ca4e637d79a4ba2a3d13a2bc0c4136c61e5d44
[2m2025-12-10T10:08:16.557944Z[0m [34mDEBUG[0m [2methereum_transaction_pool_monitor::eth_client[0m[2m:[0m 🔍 Fetching transaction details for hash: 0xfeab84e95ed3863543aa9e3265ca4e637d79a4ba2a3d13a2bc0c4136c61e5d44
[2m2025-12-10T10:08:16.557968Z[0m [34mDEBUG[0m [2mhyper::client::pool[0m[2m:[0m reuse idle connection for ("http", 192.168.0.14:8545)
[2m2025-12-10T10:08:16.558019Z[0m [34mDEBUG[0m [2mhyper::proto::h1::io[0m[2m:[0m flushed 250 bytes
[2m2025-12-10T10:08:16.558041Z[0m [34mDEBUG[0m [2mhyper::client::pool[0m[2m:[0m reuse idle connection for ("http", 192.168.0.14:8545)
[2m2025-12-10T10:08:16.558055Z[0m [34mDEBUG[0m [2methereum_transaction_pool_monitor::eth_client[0m[2m:[0m 📨 Received WebSocket message: {"jsonrpc":"2.0","method":"eth_subscription","params":{"subscription":"0xbed0a0851463e895960a451075a301a9","result":"0x798fda1ca45d4e9f3c0c17b6e7b7a8a4ec891b5e999802f1ca12591f796cc259"}}
[2m2025-12-10T10:08:16.558058Z[0m [34mDEBUG[0m [2mhyper::proto::h1::io[0m[2m:[0m flushed 172 bytes
[2m2025-12-10T10:08:16.558067Z[0m [34mDEBUG[0m [2methereum_transaction_pool_monitor::eth_client[0m[2m:[0m 📨 Received pending transaction: 0x798fda1ca45d4e9f3c0c17b6e7b7a8a4ec891b5e999802f1ca12591f796cc259
[2m2025-12-10T10:08:16.562084Z[0m [34mDEBUG[0m [2mhyper::proto::h1::io[0m[2m:[0m parsed 4 headers
[2m2025-12-10T10:08:16.562097Z[0m [34mDEBUG[0m [2mhyper::proto::h1::conn[0m[2m:[0m incoming body is content-length (45 bytes)
[2m2025-12-10T10:08:16.562113Z[0m [34mDEBUG[0m [2mhyper::proto::h1::conn[0m[2m:[0m incoming body completed
[2m2025-12-10T10:08:16.562123Z[0m [34mDEBUG[0m [2mhyper::client::pool[0m[2m:[0m pooling idle connection for ("http", 192.168.0.14:8545)
[2m2025-12-10T10:08:16.562850Z[0m [34mDEBUG[0m [2mhyper::proto::h1::io[0m[2m:[0m parsed 4 headers
[2m2025-12-10T10:08:16.562908Z[0m [34mDEBUG[0m [2mhyper::proto::h1::conn[0m[2m:[0m incoming body is content-length (772 bytes)
[2m2025-12-10T10:08:16.562933Z[0m [34mDEBUG[0m [2mhyper::proto::h1::conn[0m[2m:[0m incoming body completed
[2m2025-12-10T10:08:16.562944Z[0m [34mDEBUG[0m [2mhyper::client::pool[0m[2m:[0m pooling idle connection for ("http", 192.168.0.14:8545)
[2m2025-12-10T10:08:16.562951Z[0m [34mDEBUG[0m [2methereum_transaction_pool_monitor::eth_client[0m[2m:[0m 📡 Transaction fetch RPC completed in 5.001625ms
[2m2025-12-10T10:08:16.635317Z[0m [34mDEBUG[0m [2methereum_transaction_pool_monitor::eth_client[0m[2m:[0m ✅ Transaction 0xfeab84e95ed3863543aa9e3265ca4e637d79a4ba2a3d13a2bc0c4136c61e5d44 fetched and parsed in 77.364583ms
[2m2025-12-10T10:08:16.635349Z[0m [34mDEBUG[0m [2methereum_transaction_pool_monitor::mempool_monitor[0m[2m:[0m 🔍 Skipping tx 0xfeab84e95ed3863543aa9e3265ca4e637d79a4ba2a3d13a2bc0c4136c61e5d44 - not a DEX interaction (target: 0xA0b86991c6218b36c1d19D4a2e9Eb0cE3606eB48)
[2m2025-12-10T10:08:16.635358Z[0m [34mDEBUG[0m [2methereum_transaction_pool_monitor::mempool_monitor[0m[2m:[0m 📨 Processing new pending transaction: 0x9e37947b68d9097e09fa3da0674cefbb59612d4370763f28c87608600f65a17c
[2m2025-12-10T10:08:16.635363Z[0m [34mDEBUG[0m [2methereum_transaction_pool_monitor::mempool_monitor[0m[2m:[0m 🔍 Fetching transaction details for: 0x9e37947b68d9097e09fa3da0674cefbb59612d4370763f28c87608600f65a17c
[2m2025-12-10T10:08:16.635367Z[0m [34mDEBUG[0m [2methereum_transaction_pool_monitor::eth_client[0m[2m:[0m 🔍 Fetching transaction details for hash: 0x9e37947b68d9097e09fa3da0674cefbb59612d4370763f28c87608600f65a17c
[2m2025-12-10T10:08:16.635396Z[0m [34mDEBUG[0m [2mhyper::client::pool[0m[2m:[0m reuse idle connection for ("http", 192.168.0.14:8545)
[2m2025-12-10T10:08:16.635462Z[0m [34mDEBUG[0m [2mhyper::proto::h1::io[0m[2m:[0m flushed 250 bytes
[2m2025-12-10T10:08:16.635489Z[0m [34mDEBUG[0m [2mhyper::client::pool[0m[2m:[0m reuse idle connection for ("http", 192.168.0.14:8545)
[2m2025-12-10T10:08:16.635507Z[0m [34mDEBUG[0m [2mhyper::proto::h1::io[0m[2m:[0m flushed 172 bytes
[2m2025-12-10T10:08:16.635534Z[0m [34mDEBUG[0m [2methereum_transaction_pool_monitor::eth_client[0m[2m:[0m 📨 Received WebSocket message: {"jsonrpc":"2.0","method":"eth_subscription","params":{"subscription":"0xbed0a0851463e895960a451075a301a9","result":"0x4782ec8679b12ba2968132355aee5eec50c96600c80e2018e75a81acc4ca8327"}}
[2m2025-12-10T10:08:16.635561Z[0m [34mDEBUG[0m [2methereum_transaction_pool_monitor::eth_client[0m[2m:[0m 📨 Received pending transaction: 0x4782ec8679b12ba2968132355aee5eec50c96600c80e2018e75a81acc4ca8327
[2m2025-12-10T10:08:16.635581Z[0m [34mDEBUG[0m [2methereum_transaction_pool_monitor::eth_client[0m[2m:[0m 📨 Received WebSocket message: {"jsonrpc":"2.0","method":"eth_subscription","params":{"subscription":"0xbed0a0851463e895960a451075a301a9","result":"0x64c8333421b667a930b3b5c41319994c747d08d2573d93c1a1e75c159a7452e6"}}
[2m2025-12-10T10:08:16.635603Z[0m [34mDEBUG[0m [2methereum_transaction_pool_monitor::eth_client[0m[2m:[0m 📨 Received pending transaction: 0x64c8333421b667a930b3b5c41319994c747d08d2573d93c1a1e75c159a7452e6
[2m2025-12-10T10:08:16.639468Z[0m [34mDEBUG[0m [2mhyper::proto::h1::io[0m[2m:[0m parsed 4 headers
[2m2025-12-10T10:08:16.639491Z[0m [34mDEBUG[0m [2mhyper::proto::h1::conn[0m[2m:[0m incoming body is content-length (45 bytes)
[2m2025-12-10T10:08:16.639500Z[0m [34mDEBUG[0m [2mhyper::proto::h1::conn[0m[2m:[0m incoming body completed
[2m2025-12-10T10:08:16.639514Z[0m [34mDEBUG[0m [2mhyper::client::pool[0m[2m:[0m pooling idle connection for ("http", 192.168.0.14:8545)
[2m2025-12-10T10:08:16.645275Z[0m [34mDEBUG[0m [2mhyper::proto::h1::io[0m[2m:[0m parsed 4 headers
[2m2025-12-10T10:08:16.645283Z[0m [34mDEBUG[0m [2mhyper::proto::h1::conn[0m[2m:[0m incoming body is content-length (712 bytes)
[2m2025-12-10T10:08:16.645290Z[0m [34mDEBUG[0m [2mhyper::proto::h1::conn[0m[2m:[0m incoming body completed
[2m2025-12-10T10:08:16.645299Z[0m [34mDEBUG[0m [2mhyper::client::pool[0m[2m:[0m pooling idle connection for ("http", 192.168.0.14:8545)
[2m2025-12-10T10:08:16.645306Z[0m [34mDEBUG[0m [2methereum_transaction_pool_monitor::eth_client[0m[2m:[0m 📡 Transaction fetch RPC completed in 9.936041ms
[2m2025-12-10T10:08:16.716904Z[0m [34mDEBUG[0m [2methereum_transaction_pool_monitor::eth_client[0m[2m:[0m ✅ Transaction 0x9e37947b68d9097e09fa3da0674cefbb59612d4370763f28c87608600f65a17c fetched and parsed in 81.530041ms
[2m2025-12-10T10:08:16.716934Z[0m [34mDEBUG[0m [2methereum_transaction_pool_monitor::mempool_monitor[0m[2m:[0m 🔍 Skipping tx 0x9e37947b68d9097e09fa3da0674cefbb59612d4370763f28c87608600f65a17c - not a DEX interaction (target: 0x68A61A62e2eBb4e612Fc8B9AADA62547C10Ba756)
[2m2025-12-10T10:08:16.716943Z[0m [34mDEBUG[0m [2methereum_transaction_pool_monitor::mempool_monitor[0m[2m:[0m 📨 Processing new pending transaction: 0x73aab5c6b13c9fc8cb9cd71837d204d30face340432bc7a20db08218b738d1ef
[2m2025-12-10T10:08:16.716948Z[0m [34mDEBUG[0m [2methereum_transaction_pool_monitor::mempool_monitor[0m[2m:[0m 🔍 Fetching transaction details for: 0x73aab5c6b13c9fc8cb9cd71837d204d30face340432bc7a20db08218b738d1ef
[2m2025-12-10T10:08:16.716952Z[0m [34mDEBUG[0m [2methereum_transaction_pool_monitor::eth_client[0m[2m:[0m 🔍 Fetching transaction details for hash: 0x73aab5c6b13c9fc8cb9cd71837d204d30face340432bc7a20db08218b738d1ef
[2m2025-12-10T10:08:16.716976Z[0m [34mDEBUG[0m [2mhyper::client::pool[0m[2m:[0m reuse idle connection for ("http", 192.168.0.14:8545)
[2m2025-12-10T10:08:16.717041Z[0m [34mDEBUG[0m [2mhyper::proto::h1::io[0m[2m:[0m flushed 250 bytes
[2m2025-12-10T10:08:16.717087Z[0m [34mDEBUG[0m [2mhyper::client::pool[0m[2m:[0m reuse idle connection for ("http", 192.168.0.14:8545)
[2m2025-12-10T10:08:16.717105Z[0m [34mDEBUG[0m [2mhyper::proto::h1::io[0m[2m:[0m flushed 172 bytes
[2m2025-12-10T10:08:16.720134Z[0m [34mDEBUG[0m [2mhyper::proto::h1::io[0m[2m:[0m parsed 4 headers
[2m2025-12-10T10:08:16.720149Z[0m [34mDEBUG[0m [2mhyper::proto::h1::conn[0m[2m:[0m incoming body is content-length (45 bytes)
[2m2025-12-10T10:08:16.720157Z[0m [34mDEBUG[0m [2mhyper::proto::h1::conn[0m[2m:[0m incoming body completed
[2m2025-12-10T10:08:16.720167Z[0m [34mDEBUG[0m [2mhyper::client::pool[0m[2m:[0m pooling idle connection for ("http", 192.168.0.14:8545)
[2m2025-12-10T10:08:16.722420Z[0m [34mDEBUG[0m [2mhyper::proto::h1::io[0m[2m:[0m parsed 4 headers
[2m2025-12-10T10:08:16.722442Z[0m [34mDEBUG[0m [2mhyper::proto::h1::conn[0m[2m:[0m incoming body is content-length (651 bytes)
[2m2025-12-10T10:08:16.722450Z[0m [34mDEBUG[0m [2mhyper::proto::h1::conn[0m[2m:[0m incoming body completed
[2m2025-12-10T10:08:16.722460Z[0m [34mDEBUG[0m [2mhyper::client::pool[0m[2m:[0m pooling idle connection for ("http", 192.168.0.14:8545)
[2m2025-12-10T10:08:16.722467Z[0m [34mDEBUG[0m [2methereum_transaction_pool_monitor::eth_client[0m[2m:[0m 📡 Transaction fetch RPC completed in 5.511417ms
[2m2025-12-10T10:08:16.794970Z[0m [34mDEBUG[0m [2methereum_transaction_pool_monitor::eth_client[0m[2m:[0m ✅ Transaction 0x73aab5c6b13c9fc8cb9cd71837d204d30face340432bc7a20db08218b738d1ef fetched and parsed in 78.010959ms
[2m2025-12-10T10:08:16.795000Z[0m [34mDEBUG[0m [2methereum_transaction_pool_monitor::mempool_monitor[0m[2m:[0m 🔍 Skipping tx 0x73aab5c6b13c9fc8cb9cd71837d204d30face340432bc7a20db08218b738d1ef - not a DEX interaction (target: 0x4e8f4aef2503dd3DafD077B11FEaD2392b29ec20)
[2m2025-12-10T10:08:16.795010Z[0m [34mDEBUG[0m [2methereum_transaction_pool_monitor::mempool_monitor[0m[2m:[0m 📨 Processing new pending transaction: 0xe7522c74369fc7b07696764bba058823147a4b21a29df85601904b0864785182
[2m2025-12-10T10:08:16.795016Z[0m [34mDEBUG[0m [2methereum_transaction_pool_monitor::mempool_monitor[0m[2m:[0m 🔍 Fetching transaction details for: 0xe7522c74369fc7b07696764bba058823147a4b21a29df85601904b0864785182
[2m2025-12-10T10:08:16.795021Z[0m [34mDEBUG[0m [2methereum_transaction_pool_monitor::eth_client[0m[2m:[0m 🔍 Fetching transaction details for hash: 0xe7522c74369fc7b07696764bba058823147a4b21a29df85601904b0864785182
[2m2025-12-10T10:08:16.795046Z[0m [34mDEBUG[0m [2mhyper::client::pool[0m[2m:[0m reuse idle connection for ("http", 192.168.0.14:8545)
[2m2025-12-10T10:08:16.795108Z[0m [34mDEBUG[0m [2mhyper::proto::h1::io[0m[2m:[0m flushed 250 bytes
[2m2025-12-10T10:08:16.795137Z[0m [34mDEBUG[0m [2mhyper::client::pool[0m[2m:[0m reuse idle connection for ("http", 192.168.0.14:8545)
[2m2025-12-10T10:08:16.795157Z[0m [34mDEBUG[0m [2mhyper::proto::h1::io[0m[2m:[0m flushed 172 bytes
[2m2025-12-10T10:08:16.801739Z[0m [34mDEBUG[0m [2mhyper::proto::h1::io[0m[2m:[0m parsed 4 headers
[2m2025-12-10T10:08:16.801767Z[0m [34mDEBUG[0m [2mhyper::proto::h1::conn[0m[2m:[0m incoming body is content-length (45 bytes)
[2m2025-12-10T10:08:16.801777Z[0m [34mDEBUG[0m [2mhyper::proto::h1::conn[0m[2m:[0m incoming body completed
[2m2025-12-10T10:08:16.801788Z[0m [34mDEBUG[0m [2mhyper::client::pool[0m[2m:[0m pooling idle connection for ("http", 192.168.0.14:8545)
[2m2025-12-10T10:08:16.802901Z[0m [34mDEBUG[0m [2mhyper::proto::h1::io[0m[2m:[0m parsed 4 headers
[2m2025-12-10T10:08:16.802925Z[0m [34mDEBUG[0m [2mhyper::proto::h1::conn[0m[2m:[0m incoming body is content-length (647 bytes)
[2m2025-12-10T10:08:16.802940Z[0m [34mDEBUG[0m [2mhyper::proto::h1::conn[0m[2m:[0m incoming body completed
[2m2025-12-10T10:08:16.802956Z[0m [34mDEBUG[0m [2mhyper::client::pool[0m[2m:[0m pooling idle connection for ("http", 192.168.0.14:8545)
[2m2025-12-10T10:08:16.802966Z[0m [34mDEBUG[0m [2methereum_transaction_pool_monitor::eth_client[0m[2m:[0m 📡 Transaction fetch RPC completed in 7.939625ms
[2m2025-12-10T10:08:16.875989Z[0m [34mDEBUG[0m [2methereum_transaction_pool_monitor::eth_client[0m[2m:[0m ✅ Transaction 0xe7522c74369fc7b07696764bba058823147a4b21a29df85601904b0864785182 fetched and parsed in 80.958708ms
[2m2025-12-10T10:08:16.876025Z[0m [34mDEBUG[0m [2methereum_transaction_pool_monitor::mempool_monitor[0m[2m:[0m 🔍 Skipping tx 0xe7522c74369fc7b07696764bba058823147a4b21a29df85601904b0864785182 - not a DEX interaction (target: 0x73c774b02f9Ffd6f89E4479BBC24E1D551169765)
[2m2025-12-10T10:08:16.876037Z[0m [34mDEBUG[0m [2methereum_transaction_pool_monitor::mempool_monitor[0m[2m:[0m 📨 Processing new pending transaction: 0x798fda1ca45d4e9f3c0c17b6e7b7a8a4ec891b5e999802f1ca12591f796cc259
[2m2025-12-10T10:08:16.876043Z[0m [34mDEBUG[0m [2methereum_transaction_pool_monitor::mempool_monitor[0m[2m:[0m 🔍 Fetching transaction details for: 0x798fda1ca45d4e9f3c0c17b6e7b7a8a4ec891b5e999802f1ca12591f796cc259
[2m2025-12-10T10:08:16.876047Z[0m [34mDEBUG[0m [2methereum_transaction_pool_monitor::eth_client[0m[2m:[0m 🔍 Fetching transaction details for hash: 0x798fda1ca45d4e9f3c0c17b6e7b7a8a4ec891b5e999802f1ca12591f796cc259
[2m2025-12-10T10:08:16.876072Z[0m [34mDEBUG[0m [2mhyper::client::pool[0m[2m:[0m reuse idle connection for ("http", 192.168.0.14:8545)
[2m2025-12-10T10:08:16.876134Z[0m [34mDEBUG[0m [2mhyper::proto::h1::io[0m[2m:[0m flushed 250 bytes
[2m2025-12-10T10:08:16.880636Z[0m [34mDEBUG[0m [2mhyper::proto::h1::io[0m[2m:[0m parsed 4 headers
[2m2025-12-10T10:08:16.880642Z[0m [34mDEBUG[0m [2mhyper::proto::h1::conn[0m[2m:[0m incoming body is content-length (645 bytes)
[2m2025-12-10T10:08:16.880650Z[0m [34mDEBUG[0m [2mhyper::proto::h1::conn[0m[2m:[0m incoming body completed
[2m2025-12-10T10:08:16.880661Z[0m [34mDEBUG[0m [2mhyper::client::pool[0m[2m:[0m pooling idle connection for ("http", 192.168.0.14:8545)
[2m2025-12-10T10:08:16.880667Z[0m [34mDEBUG[0m [2methereum_transaction_pool_monitor::eth_client[0m[2m:[0m 📡 Transaction fetch RPC completed in 4.615542ms
[2m2025-12-10T10:08:16.951258Z[0m [34mDEBUG[0m [2methereum_transaction_pool_monitor::eth_client[0m[2m:[0m ✅ Transaction 0x798fda1ca45d4e9f3c0c17b6e7b7a8a4ec891b5e999802f1ca12591f796cc259 fetched and parsed in 75.203042ms
[2m2025-12-10T10:08:16.951293Z[0m [34mDEBUG[0m [2methereum_transaction_pool_monitor::mempool_monitor[0m[2m:[0m 🔍 Skipping tx 0x798fda1ca45d4e9f3c0c17b6e7b7a8a4ec891b5e999802f1ca12591f796cc259 - not a DEX interaction (target: 0xF8a152141EbD5eee158d27dF51D58c0A82Ee3225)
[2m2025-12-10T10:08:16.951303Z[0m [34mDEBUG[0m [2methereum_transaction_pool_monitor::mempool_monitor[0m[2m:[0m 📨 Processing new pending transaction: 0x4782ec8679b12ba2968132355aee5eec50c96600c80e2018e75a81acc4ca8327
[2m2025-12-10T10:08:16.951309Z[0m [34mDEBUG[0m [2methereum_transaction_pool_monitor::mempool_monitor[0m[2m:[0m 🔍 Fetching transaction details for: 0x4782ec8679b12ba2968132355aee5eec50c96600c80e2018e75a81acc4ca8327
[2m2025-12-10T10:08:16.951314Z[0m [34mDEBUG[0m [2methereum_transaction_pool_monitor::eth_client[0m[2m:[0m 🔍 Fetching transaction details for hash: 0x4782ec8679b12ba2968132355aee5eec50c96600c80e2018e75a81acc4ca8327
[2m2025-12-10T10:08:16.951340Z[0m [34mDEBUG[0m [2mhyper::client::pool[0m[2m:[0m reuse idle connection for ("http", 192.168.0.14:8545)
[2m2025-12-10T10:08:16.951401Z[0m [34mDEBUG[0m [2mhyper::proto::h1::io[0m[2m:[0m flushed 250 bytes
[2m2025-12-10T10:08:16.951433Z[0m [34mDEBUG[0m [2mhyper::client::pool[0m[2m:[0m reuse idle connection for ("http", 192.168.0.14:8545)
[2m2025-12-10T10:08:16.951451Z[0m [34mDEBUG[0m [2mhyper::proto::h1::io[0m[2m:[0m flushed 172 bytes
[2m2025-12-10T10:08:16.957758Z[0m [34mDEBUG[0m [2mhyper::proto::h1::io[0m[2m:[0m parsed 4 headers
[2m2025-12-10T10:08:16.957769Z[0m [34mDEBUG[0m [2mhyper::proto::h1::conn[0m[2m:[0m incoming body is content-length (45 bytes)
[2m2025-12-10T10:08:16.957777Z[0m [34mDEBUG[0m [2mhyper::proto::h1::conn[0m[2m:[0m incoming body completed
[2m2025-12-10T10:08:16.957788Z[0m [34mDEBUG[0m [2mhyper::client::pool[0m[2m:[0m pooling idle connection for ("http", 192.168.0.14:8545)
[2m2025-12-10T10:08:16.961878Z[0m [34mDEBUG[0m [2mhyper::proto::h1::io[0m[2m:[0m parsed 4 headers
[2m2025-12-10T10:08:16.961904Z[0m [34mDEBUG[0m [2mhyper::proto::h1::conn[0m[2m:[0m incoming body is content-length (765 bytes)
[2m2025-12-10T10:08:16.961924Z[0m [34mDEBUG[0m [2mhyper::proto::h1::conn[0m[2m:[0m incoming body completed
[2m2025-12-10T10:08:16.961936Z[0m [34mDEBUG[0m [2mhyper::client::pool[0m[2m:[0m pooling idle connection for ("http", 192.168.0.14:8545)
[2m2025-12-10T10:08:16.961956Z[0m [34mDEBUG[0m [2methereum_transaction_pool_monitor::eth_client[0m[2m:[0m 📡 Transaction fetch RPC completed in 10.635625ms
[2m2025-12-10T10:08:17.033297Z[0m [34mDEBUG[0m [2methereum_transaction_pool_monitor::eth_client[0m[2m:[0m ✅ Transaction 0x4782ec8679b12ba2968132355aee5eec50c96600c80e2018e75a81acc4ca8327 fetched and parsed in 81.974208ms
[2m2025-12-10T10:08:17.033327Z[0m [34mDEBUG[0m [2methereum_transaction_pool_monitor::mempool_monitor[0m[2m:[0m 🔍 Skipping tx 0x4782ec8679b12ba2968132355aee5eec50c96600c80e2018e75a81acc4ca8327 - not a DEX interaction (target: 0xA0b86991c6218b36c1d19D4a2e9Eb0cE3606eB48)
[2m2025-12-10T10:08:17.033338Z[0m [34mDEBUG[0m [2methereum_transaction_pool_monitor::mempool_monitor[0m[2m:[0m 📨 Processing new pending transaction: 0x64c8333421b667a930b3b5c41319994c747d08d2573d93c1a1e75c159a7452e6
[2m2025-12-10T10:08:17.033345Z[0m [34mDEBUG[0m [2methereum_transaction_pool_monitor::mempool_monitor[0m[2m:[0m 🔍 Fetching transaction details for: 0x64c8333421b667a930b3b5c41319994c747d08d2573d93c1a1e75c159a7452e6
[2m2025-12-10T10:08:17.033350Z[0m [34mDEBUG[0m [2methereum_transaction_pool_monitor::eth_client[0m[2m:[0m 🔍 Fetching transaction details for hash: 0x64c8333421b667a930b3b5c41319994c747d08d2573d93c1a1e75c159a7452e6
[2m2025-12-10T10:08:17.033375Z[0m [34mDEBUG[0m [2mhyper::client::pool[0m[2m:[0m reuse idle connection for ("http", 192.168.0.14:8545)
[2m2025-12-10T10:08:17.033435Z[0m [34mDEBUG[0m [2mhyper::proto::h1::io[0m[2m:[0m flushed 250 bytes
[2m2025-12-10T10:08:17.033493Z[0m [34mDEBUG[0m [2mhyper::client::pool[0m[2m:[0m reuse idle connection for ("http", 192.168.0.14:8545)
[2m2025-12-10T10:08:17.033509Z[0m [34mDEBUG[0m [2mhyper::proto::h1::io[0m[2m:[0m flushed 172 bytes
[2m2025-12-10T10:08:17.037562Z[0m [34mDEBUG[0m [2mhyper::proto::h1::io[0m[2m:[0m parsed 4 headers
[2m2025-12-10T10:08:17.037581Z[0m [34mDEBUG[0m [2mhyper::proto::h1::conn[0m[2m:[0m incoming body is content-length (647 bytes)
[2m2025-12-10T10:08:17.037590Z[0m [34mDEBUG[0m [2mhyper::proto::h1::conn[0m[2m:[0m incoming body completed
[2m2025-12-10T10:08:17.037601Z[0m [34mDEBUG[0m [2mhyper::client::pool[0m[2m:[0m pooling idle connection for ("http", 192.168.0.14:8545)
[2m2025-12-10T10:08:17.037608Z[0m [34mDEBUG[0m [2methereum_transaction_pool_monitor::eth_client[0m[2m:[0m 📡 Transaction fetch RPC completed in 4.253459ms
[2m2025-12-10T10:08:17.108875Z[0m [34mDEBUG[0m [2methereum_transaction_pool_monitor::eth_client[0m[2m:[0m ✅ Transaction 0x64c8333421b667a930b3b5c41319994c747d08d2573d93c1a1e75c159a7452e6 fetched and parsed in 75.517542ms
[2m2025-12-10T10:08:17.108895Z[0m [34mDEBUG[0m [2methereum_transaction_pool_monitor::mempool_monitor[0m[2m:[0m 🔍 Skipping tx 0x64c8333421b667a930b3b5c41319994c747d08d2573d93c1a1e75c159a7452e6 - not a DEX interaction (target: 0x0554308b76462e700f8Df11df1A10Dd03573e4D1)
[2m2025-12-10T10:08:17.108942Z[0m [34mDEBUG[0m [2methereum_transaction_pool_monitor::eth_client[0m[2m:[0m 📨 Received WebSocket message: {"jsonrpc":"2.0","method":"eth_subscription","params":{"subscription":"0xbed0a0851463e895960a451075a301a9","result":"0xa2e0a8d0f53dc3f70aa91b25afbf0e1347c85df3c665befc7f13ad075aae8c45"}}
[2m2025-12-10T10:08:17.108952Z[0m [34mDEBUG[0m [2methereum_transaction_pool_monitor::eth_client[0m[2m:[0m 📨 Received pending transaction: 0xa2e0a8d0f53dc3f70aa91b25afbf0e1347c85df3c665befc7f13ad075aae8c45
[2m2025-12-10T10:08:17.108965Z[0m [34mDEBUG[0m [2methereum_transaction_pool_monitor::mempool_monitor[0m[2m:[0m 📨 Processing new pending transaction: 0xa2e0a8d0f53dc3f70aa91b25afbf0e1347c85df3c665befc7f13ad075aae8c45
[2m2025-12-10T10:08:17.108958Z[0m [34mDEBUG[0m [2mhyper::proto::h1::io[0m[2m:[0m parsed 4 headers
[2m2025-12-10T10:08:17.108973Z[0m [34mDEBUG[0m [2methereum_transaction_pool_monitor::mempool_monitor[0m[2m:[0m 🔍 Fetching transaction details for: 0xa2e0a8d0f53dc3f70aa91b25afbf0e1347c85df3c665befc7f13ad075aae8c45
[2m2025-12-10T10:08:17.109006Z[0m [34mDEBUG[0m [2mhyper::proto::h1::conn[0m[2m:[0m incoming body is content-length (45 bytes)
[2m2025-12-10T10:08:17.109010Z[0m [34mDEBUG[0m [2methereum_transaction_pool_monitor::eth_client[0m[2m:[0m 🔍 Fetching transaction details for hash: 0xa2e0a8d0f53dc3f70aa91b25afbf0e1347c85df3c665befc7f13ad075aae8c45
[2m2025-12-10T10:08:17.109027Z[0m [34mDEBUG[0m [2mhyper::proto::h1::conn[0m[2m:[0m incoming body completed
[2m2025-12-10T10:08:17.109052Z[0m [34mDEBUG[0m [2mhyper::client::pool[0m[2m:[0m pooling idle connection for ("http", 192.168.0.14:8545)
[2m2025-12-10T10:08:17.109088Z[0m [34mDEBUG[0m [2mhyper::client::pool[0m[2m:[0m reuse idle connection for ("http", 192.168.0.14:8545)
[2m2025-12-10T10:08:17.109090Z[0m [34mDEBUG[0m [2mhyper::client::pool[0m[2m:[0m reuse idle connection for ("http", 192.168.0.14:8545)
[2m2025-12-10T10:08:17.109123Z[0m [34mDEBUG[0m [2mhyper::proto::h1::io[0m[2m:[0m flushed 172 bytes
[2m2025-12-10T10:08:17.109142Z[0m [34mDEBUG[0m [2mhyper::proto::h1::io[0m[2m:[0m flushed 250 bytes
[2m2025-12-10T10:08:17.114206Z[0m [34mDEBUG[0m [2mhyper::proto::h1::io[0m[2m:[0m parsed 4 headers
[2m2025-12-10T10:08:17.114248Z[0m [34mDEBUG[0m [2mhyper::proto::h1::conn[0m[2m:[0m incoming body is content-length (45 bytes)
[2m2025-12-10T10:08:17.114260Z[0m [34mDEBUG[0m [2mhyper::proto::h1::conn[0m[2m:[0m incoming body completed
[2m2025-12-10T10:08:17.114274Z[0m [34mDEBUG[0m [2mhyper::client::pool[0m[2m:[0m pooling idle connection for ("http", 192.168.0.14:8545)
[2m2025-12-10T10:08:17.117324Z[0m [34mDEBUG[0m [2mhyper::proto::h1::io[0m[2m:[0m parsed 4 headers
[2m2025-12-10T10:08:17.117334Z[0m [34mDEBUG[0m [2mhyper::proto::h1::conn[0m[2m:[0m incoming body is content-length (642 bytes)
[2m2025-12-10T10:08:17.117340Z[0m [34mDEBUG[0m [2mhyper::proto::h1::conn[0m[2m:[0m incoming body completed
[2m2025-12-10T10:08:17.117349Z[0m [34mDEBUG[0m [2mhyper::client::pool[0m[2m:[0m pooling idle connection for ("http", 192.168.0.14:8545)
[2m2025-12-10T10:08:17.117355Z[0m [34mDEBUG[0m [2methereum_transaction_pool_monitor::eth_client[0m[2m:[0m 📡 Transaction fetch RPC completed in 8.298333ms
[2m2025-12-10T10:08:17.188983Z[0m [34mDEBUG[0m [2methereum_transaction_pool_monitor::eth_client[0m[2m:[0m ✅ Transaction 0xa2e0a8d0f53dc3f70aa91b25afbf0e1347c85df3c665befc7f13ad075aae8c45 fetched and parsed in 79.923417ms
[2m2025-12-10T10:08:17.189018Z[0m [34mDEBUG[0m [2methereum_transaction_pool_monitor::mempool_monitor[0m[2m:[0m 🔍 Skipping tx 0xa2e0a8d0f53dc3f70aa91b25afbf0e1347c85df3c665befc7f13ad075aae8c45 - not a DEX interaction (target: 0x420e6330D2673D09a9089D65A159C2bDea3c3968)
[2m2025-12-10T10:08:17.189092Z[0m [34mDEBUG[0m [2methereum_transaction_pool_monitor::eth_client[0m[2m:[0m 📨 Received WebSocket message: {"jsonrpc":"2.0","method":"eth_subscription","params":{"subscription":"0xbed0a0851463e895960a451075a301a9","result":"0x49375a3327319047cbe0df64bb64fef5f26679a74ba45976cb0a30c8edc64df3"}}
[2m2025-12-10T10:08:17.189103Z[0m [34mDEBUG[0m [2methereum_transaction_pool_monitor::eth_client[0m[2m:[0m 📨 Received pending transaction: 0x49375a3327319047cbe0df64bb64fef5f26679a74ba45976cb0a30c8edc64df3
[2m2025-12-10T10:08:17.189112Z[0m [34mDEBUG[0m [2methereum_transaction_pool_monitor::mempool_monitor[0m[2m:[0m 📨 Processing new pending transaction: 0x49375a3327319047cbe0df64bb64fef5f26679a74ba45976cb0a30c8edc64df3
[2m2025-12-10T10:08:17.189118Z[0m [34mDEBUG[0m [2methereum_transaction_pool_monitor::mempool_monitor[0m[2m:[0m 🔍 Fetching transaction details for: 0x49375a3327319047cbe0df64bb64fef5f26679a74ba45976cb0a30c8edc64df3
[2m2025-12-10T10:08:17.189123Z[0m [34mDEBUG[0m [2methereum_transaction_pool_monitor::eth_client[0m[2m:[0m 🔍 Fetching transaction details for hash: 0x49375a3327319047cbe0df64bb64fef5f26679a74ba45976cb0a30c8edc64df3
[2m2025-12-10T10:08:17.189147Z[0m [34mDEBUG[0m [2mhyper::client::pool[0m[2m:[0m reuse idle connection for ("http", 192.168.0.14:8545)
[2m2025-12-10T10:08:17.189172Z[0m [34mDEBUG[0m [2mhyper::proto::h1::io[0m[2m:[0m flushed 250 bytes
[2m2025-12-10T10:08:17.195342Z[0m [34mDEBUG[0m [2mhyper::client::pool[0m[2m:[0m reuse idle connection for ("http", 192.168.0.14:8545)
[2m2025-12-10T10:08:17.195391Z[0m [34mDEBUG[0m [2mhyper::proto::h1::io[0m[2m:[0m flushed 172 bytes
[2m2025-12-10T10:08:17.197271Z[0m [34mDEBUG[0m [2mhyper::proto::h1::io[0m[2m:[0m parsed 4 headers
[2m2025-12-10T10:08:17.197276Z[0m [34mDEBUG[0m [2mhyper::proto::h1::conn[0m[2m:[0m incoming body is content-length (644 bytes)
[2m2025-12-10T10:08:17.197283Z[0m [34mDEBUG[0m [2mhyper::proto::h1::conn[0m[2m:[0m incoming body completed
[2m2025-12-10T10:08:17.197292Z[0m [34mDEBUG[0m [2mhyper::client::pool[0m[2m:[0m pooling idle connection for ("http", 192.168.0.14:8545)
[2m2025-12-10T10:08:17.197298Z[0m [34mDEBUG[0m [2methereum_transaction_pool_monitor::eth_client[0m[2m:[0m 📡 Transaction fetch RPC completed in 8.170042ms
[2m2025-12-10T10:08:17.266405Z[0m [34mDEBUG[0m [2methereum_transaction_pool_monitor::eth_client[0m[2m:[0m ✅ Transaction 0x49375a3327319047cbe0df64bb64fef5f26679a74ba45976cb0a30c8edc64df3 fetched and parsed in 77.274209ms
[2m2025-12-10T10:08:17.266434Z[0m [34mDEBUG[0m [2methereum_transaction_pool_monitor::mempool_monitor[0m[2m:[0m 🔍 Skipping tx 0x49375a3327319047cbe0df64bb64fef5f26679a74ba45976cb0a30c8edc64df3 - not a DEX interaction (target: 0x17E5545B11b468072283Cee1F066a059Fb0dbF24)
[2m2025-12-10T10:08:17.266473Z[0m [34mDEBUG[0m [2mhyper::proto::h1::io[0m[2m:[0m parsed 4 headers
[2m2025-12-10T10:08:17.266480Z[0m [34mDEBUG[0m [2mhyper::proto::h1::conn[0m[2m:[0m incoming body is content-length (45 bytes)
[2m2025-12-10T10:08:17.266486Z[0m [34mDEBUG[0m [2methereum_transaction_pool_monitor::eth_client[0m[2m:[0m 📨 Received WebSocket message: {"jsonrpc":"2.0","method":"eth_subscription","params":{"subscription":"0xbed0a0851463e895960a451075a301a9","result":"0x2b67ebdc9048396a1b11d8d285aa70c890633feb0e8ae39c650c7399bf8ac11a"}}
[2m2025-12-10T10:08:17.266489Z[0m [34mDEBUG[0m [2mhyper::proto::h1::conn[0m[2m:[0m incoming body completed
[2m2025-12-10T10:08:17.266499Z[0m [34mDEBUG[0m [2methereum_transaction_pool_monitor::eth_client[0m[2m:[0m 📨 Received pending transaction: 0x2b67ebdc9048396a1b11d8d285aa70c890633feb0e8ae39c650c7399bf8ac11a
[2m2025-12-10T10:08:17.266506Z[0m [34mDEBUG[0m [2mhyper::client::pool[0m[2m:[0m pooling idle connection for ("http", 192.168.0.14:8545)
[2m2025-12-10T10:08:17.266507Z[0m [34mDEBUG[0m [2methereum_transaction_pool_monitor::mempool_monitor[0m[2m:[0m 📨 Processing new pending transaction: 0x2b67ebdc9048396a1b11d8d285aa70c890633feb0e8ae39c650c7399bf8ac11a
[2m2025-12-10T10:08:17.266531Z[0m [34mDEBUG[0m [2methereum_transaction_pool_monitor::mempool_monitor[0m[2m:[0m 🔍 Fetching transaction details for: 0x2b67ebdc9048396a1b11d8d285aa70c890633feb0e8ae39c650c7399bf8ac11a
[2m2025-12-10T10:08:17.266535Z[0m [34mDEBUG[0m [2methereum_transaction_pool_monitor::eth_client[0m[2m:[0m 🔍 Fetching transaction details for hash: 0x2b67ebdc9048396a1b11d8d285aa70c890633feb0e8ae39c650c7399bf8ac11a
[2m2025-12-10T10:08:17.266552Z[0m [34mDEBUG[0m [2mhyper::client::pool[0m[2m:[0m reuse idle connection for ("http", 192.168.0.14:8545)
[2m2025-12-10T10:08:17.266572Z[0m [34mDEBUG[0m [2mhyper::proto::h1::io[0m[2m:[0m flushed 250 bytes
[2m2025-12-10T10:08:17.271737Z[0m [34mDEBUG[0m [2mhyper::proto::h1::io[0m[2m:[0m parsed 4 headers
[2m2025-12-10T10:08:17.271744Z[0m [34mDEBUG[0m [2mhyper::proto::h1::conn[0m[2m:[0m incoming body is content-length (769 bytes)
[2m2025-12-10T10:08:17.271751Z[0m [34mDEBUG[0m [2mhyper::proto::h1::conn[0m[2m:[0m incoming body completed
[2m2025-12-10T10:08:17.271759Z[0m [34mDEBUG[0m [2mhyper::client::pool[0m[2m:[0m pooling idle connection for ("http", 192.168.0.14:8545)
[2m2025-12-10T10:08:17.271765Z[0m [34mDEBUG[0m [2methereum_transaction_pool_monitor::eth_client[0m[2m:[0m 📡 Transaction fetch RPC completed in 5.226792ms
[2m2025-12-10T10:08:17.343420Z[0m [34mDEBUG[0m [2methereum_transaction_pool_monitor::eth_client[0m[2m:[0m ✅ Transaction 0x2b67ebdc9048396a1b11d8d285aa70c890633feb0e8ae39c650c7399bf8ac11a fetched and parsed in 76.878ms
[2m2025-12-10T10:08:17.343449Z[0m [34mDEBUG[0m [2methereum_transaction_pool_monitor::mempool_monitor[0m[2m:[0m 🔍 Skipping tx 0x2b67ebdc9048396a1b11d8d285aa70c890633feb0e8ae39c650c7399bf8ac11a - not a DEX interaction (target: 0xA0b86991c6218b36c1d19D4a2e9Eb0cE3606eB48)
[2m2025-12-10T10:08:17.343496Z[0m [34mDEBUG[0m [2mhyper::client::pool[0m[2m:[0m reuse idle connection for ("http", 192.168.0.14:8545)
[2m2025-12-10T10:08:17.343515Z[0m [34mDEBUG[0m [2methereum_transaction_pool_monitor::eth_client[0m[2m:[0m 📨 Received WebSocket message: {"jsonrpc":"2.0","method":"eth_subscription","params":{"subscription":"0xbed0a0851463e895960a451075a301a9","result":"0xfd850d384aab35c221f858541f9d25ee84299fe6b7674c2af3342e7655124601"}}
[2m2025-12-10T10:08:17.343527Z[0m [34mDEBUG[0m [2mhyper::proto::h1::io[0m[2m:[0m flushed 172 bytes
[2m2025-12-10T10:08:17.343560Z[0m [34mDEBUG[0m [2methereum_transaction_pool_monitor::eth_client[0m[2m:[0m 📨 Received pending transaction: 0xfd850d384aab35c221f858541f9d25ee84299fe6b7674c2af3342e7655124601
[2m2025-12-10T10:08:17.343601Z[0m [34mDEBUG[0m [2methereum_transaction_pool_monitor::mempool_monitor[0m[2m:[0m 📨 Processing new pending transaction: 0xfd850d384aab35c221f858541f9d25ee84299fe6b7674c2af3342e7655124601
[2m2025-12-10T10:08:17.343607Z[0m [34mDEBUG[0m [2methereum_transaction_pool_monitor::mempool_monitor[0m[2m:[0m 🔍 Fetching transaction details for: 0xfd850d384aab35c221f858541f9d25ee84299fe6b7674c2af3342e7655124601
[2m2025-12-10T10:08:17.343611Z[0m [34mDEBUG[0m [2methereum_transaction_pool_monitor::eth_client[0m[2m:[0m 🔍 Fetching transaction details for hash: 0xfd850d384aab35c221f858541f9d25ee84299fe6b7674c2af3342e7655124601
[2m2025-12-10T10:08:17.343620Z[0m [34mDEBUG[0m [2mhyper::client::pool[0m[2m:[0m reuse idle connection for ("http", 192.168.0.14:8545)
[2m2025-12-10T10:08:17.343632Z[0m [34mDEBUG[0m [2mhyper::proto::h1::io[0m[2m:[0m flushed 250 bytes
[2m2025-12-10T10:08:17.351217Z[0m [34mDEBUG[0m [2mhyper::proto::h1::io[0m[2m:[0m parsed 4 headers
[2m2025-12-10T10:08:17.351225Z[0m [34mDEBUG[0m [2mhyper::proto::h1::conn[0m[2m:[0m incoming body is content-length (45 bytes)
[2m2025-12-10T10:08:17.351236Z[0m [34mDEBUG[0m [2mhyper::proto::h1::conn[0m[2m:[0m incoming body completed
[2m2025-12-10T10:08:17.351244Z[0m [34mDEBUG[0m [2mhyper::client::pool[0m[2m:[0m pooling idle connection for ("http", 192.168.0.14:8545)
[2m2025-12-10T10:08:17.351787Z[0m [34mDEBUG[0m [2mhyper::proto::h1::io[0m[2m:[0m parsed 4 headers
[2m2025-12-10T10:08:17.351792Z[0m [34mDEBUG[0m [2mhyper::proto::h1::conn[0m[2m:[0m incoming body is content-length (582 bytes)
[2m2025-12-10T10:08:17.351796Z[0m [34mDEBUG[0m [2mhyper::proto::h1::conn[0m[2m:[0m incoming body completed
[2m2025-12-10T10:08:17.351802Z[0m [34mDEBUG[0m [2mhyper::client::pool[0m[2m:[0m pooling idle connection for ("http", 192.168.0.14:8545)
[2m2025-12-10T10:08:17.351808Z[0m [34mDEBUG[0m [2methereum_transaction_pool_monitor::eth_client[0m[2m:[0m 📡 Transaction fetch RPC completed in 8.1935ms
[2m2025-12-10T10:08:17.422449Z[0m [34mDEBUG[0m [2methereum_transaction_pool_monitor::eth_client[0m[2m:[0m ✅ Transaction 0xfd850d384aab35c221f858541f9d25ee84299fe6b7674c2af3342e7655124601 fetched and parsed in 78.832125ms
[2m2025-12-10T10:08:17.422479Z[0m [34mDEBUG[0m [2methereum_transaction_pool_monitor::mempool_monitor[0m[2m:[0m 🔍 Skipping tx 0xfd850d384aab35c221f858541f9d25ee84299fe6b7674c2af3342e7655124601 - not a DEX interaction (target: 0xc85aF765562b5e31aa88c3a23e93A34302124bA3)
[2m2025-12-10T10:08:17.422522Z[0m [34mDEBUG[0m [2mhyper::client::pool[0m[2m:[0m reuse idle connection for ("http", 192.168.0.14:8545)
[2m2025-12-10T10:08:17.422552Z[0m [34mDEBUG[0m [2mhyper::proto::h1::io[0m[2m:[0m flushed 172 bytes
[2m2025-12-10T10:08:17.422590Z[0m [34mDEBUG[0m [2methereum_transaction_pool_monitor::eth_client[0m[2m:[0m 📨 Received WebSocket message: {"jsonrpc":"2.0","method":"eth_subscription","params":{"subscription":"0xbed0a0851463e895960a451075a301a9","result":"0xe49875dc4ca4a3b2a3b567aaeff97a5e75d250bcd22148be3455d10e8429cb1f"}}
[2m2025-12-10T10:08:17.422602Z[0m [34mDEBUG[0m [2methereum_transaction_pool_monitor::eth_client[0m[2m:[0m 📨 Received pending transaction: 0xe49875dc4ca4a3b2a3b567aaeff97a5e75d250bcd22148be3455d10e8429cb1f
[2m2025-12-10T10:08:17.422608Z[0m [34mDEBUG[0m [2methereum_transaction_pool_monitor::eth_client[0m[2m:[0m 📨 Received WebSocket message: {"jsonrpc":"2.0","method":"eth_subscription","params":{"subscription":"0xbed0a0851463e895960a451075a301a9","result":"0x31f090622ee77850a0007c37e6cf1aad3113fe21bea5e9b166a607306319a35a"}}
[2m2025-12-10T10:08:17.422613Z[0m [34mDEBUG[0m [2methereum_transaction_pool_monitor::eth_client[0m[2m:[0m 📨 Received pending transaction: 0x31f090622ee77850a0007c37e6cf1aad3113fe21bea5e9b166a607306319a35a
[2m2025-12-10T10:08:17.422618Z[0m [34mDEBUG[0m [2methereum_transaction_pool_monitor::mempool_monitor[0m[2m:[0m 📨 Processing new pending transaction: 0xe49875dc4ca4a3b2a3b567aaeff97a5e75d250bcd22148be3455d10e8429cb1f
[2m2025-12-10T10:08:17.422623Z[0m [34mDEBUG[0m [2methereum_transaction_pool_monitor::mempool_monitor[0m[2m:[0m 🔍 Fetching transaction details for: 0xe49875dc4ca4a3b2a3b567aaeff97a5e75d250bcd22148be3455d10e8429cb1f
[2m2025-12-10T10:08:17.422627Z[0m [34mDEBUG[0m [2methereum_transaction_pool_monitor::eth_client[0m[2m:[0m 🔍 Fetching transaction details for hash: 0xe49875dc4ca4a3b2a3b567aaeff97a5e75d250bcd22148be3455d10e8429cb1f
[2m2025-12-10T10:08:17.422636Z[0m [34mDEBUG[0m [2mhyper::client::pool[0m[2m:[0m reuse idle connection for ("http", 192.168.0.14:8545)
[2m2025-12-10T10:08:17.422652Z[0m [34mDEBUG[0m [2mhyper::proto::h1::io[0m[2m:[0m flushed 250 bytes
[2m2025-12-10T10:08:17.470362Z[0m [34mDEBUG[0m [2mhyper::proto::h1::io[0m[2m:[0m parsed 4 headers
[2m2025-12-10T10:08:17.470370Z[0m [34mDEBUG[0m [2mhyper::proto::h1::conn[0m[2m:[0m incoming body is content-length (45 bytes)
[2m2025-12-10T10:08:17.470378Z[0m [34mDEBUG[0m [2mhyper::proto::h1::conn[0m[2m:[0m incoming body completed
[2m2025-12-10T10:08:17.470388Z[0m [34mDEBUG[0m [2mhyper::client::pool[0m[2m:[0m pooling idle connection for ("http", 192.168.0.14:8545)
[2m2025-12-10T10:08:17.475161Z[0m [34mDEBUG[0m [2mhyper::proto::h1::io[0m[2m:[0m parsed 4 headers
[2m2025-12-10T10:08:17.475169Z[0m [34mDEBUG[0m [2mhyper::proto::h1::conn[0m[2m:[0m incoming body is content-length (771 bytes)
[2m2025-12-10T10:08:17.475178Z[0m [34mDEBUG[0m [2mhyper::proto::h1::conn[0m[2m:[0m incoming body completed
[2m2025-12-10T10:08:17.475191Z[0m [34mDEBUG[0m [2mhyper::client::pool[0m[2m:[0m pooling idle connection for ("http", 192.168.0.14:8545)
[2m2025-12-10T10:08:17.475199Z[0m [34mDEBUG[0m [2methereum_transaction_pool_monitor::eth_client[0m[2m:[0m 📡 Transaction fetch RPC completed in 52.568167ms
[2m2025-12-10T10:08:17.475219Z[0m [34mDEBUG[0m [2methereum_transaction_pool_monitor::eth_client[0m[2m:[0m DeFi transaction detected - Address: 0xdac17f958d2ee523a2206206994597c13d831ec7, Type: Stablecoin, Value: 0 ETH, Gas: 0.27 Gwei
[2m2025-12-10T10:08:17.475232Z[0m [34mDEBUG[0m [2methereum_transaction_pool_monitor::eth_client[0m[2m:[0m ✅ Transaction 0xe49875dc4ca4a3b2a3b567aaeff97a5e75d250bcd22148be3455d10e8429cb1f fetched and parsed in 52.601417ms
[2m2025-12-10T10:08:17.475239Z[0m [34mDEBUG[0m [2methereum_transaction_pool_monitor::mempool_monitor[0m[2m:[0m 🔍 Skipping tx 0xe49875dc4ca4a3b2a3b567aaeff97a5e75d250bcd22148be3455d10e8429cb1f - not a DEX interaction (target: 0xdAC17F958D2ee523a2206206994597C13D831ec7)
[2m2025-12-10T10:08:17.475247Z[0m [34mDEBUG[0m [2methereum_transaction_pool_monitor::mempool_monitor[0m[2m:[0m 📨 Processing new pending transaction: 0x31f090622ee77850a0007c37e6cf1aad3113fe21bea5e9b166a607306319a35a
[2m2025-12-10T10:08:17.475252Z[0m [34mDEBUG[0m [2methereum_transaction_pool_monitor::mempool_monitor[0m[2m:[0m 🔍 Fetching transaction details for: 0x31f090622ee77850a0007c37e6cf1aad3113fe21bea5e9b166a607306319a35a
[2m2025-12-10T10:08:17.475256Z[0m [34mDEBUG[0m [2methereum_transaction_pool_monitor::eth_client[0m[2m:[0m 🔍 Fetching transaction details for hash: 0x31f090622ee77850a0007c37e6cf1aad3113fe21bea5e9b166a607306319a35a
[2m2025-12-10T10:08:17.475276Z[0m [34mDEBUG[0m [2mhyper::client::pool[0m[2m:[0m reuse idle connection for ("http", 192.168.0.14:8545)
[2m2025-12-10T10:08:17.475305Z[0m [34mDEBUG[0m [2mhyper::proto::h1::io[0m[2m:[0m flushed 250 bytes
[2m2025-12-10T10:08:17.481187Z[0m [34mDEBUG[0m [2mhyper::proto::h1::io[0m[2m:[0m parsed 4 headers
[2m2025-12-10T10:08:17.481194Z[0m [34mDEBUG[0m [2mhyper::proto::h1::conn[0m[2m:[0m incoming body is content-length (1731 bytes)
[2m2025-12-10T10:08:17.481204Z[0m [34mDEBUG[0m [2methereum_transaction_pool_monitor::eth_client[0m[2m:[0m 📡 Transaction fetch RPC completed in 5.942334ms
[2m2025-12-10T10:08:17.482087Z[0m [34mDEBUG[0m [2mhyper::proto::h1::conn[0m[2m:[0m incoming body completed
[2m2025-12-10T10:08:17.482114Z[0m [34mDEBUG[0m [2mhyper::client::pool[0m[2m:[0m pooling idle connection for ("http", 192.168.0.14:8545)
[2m2025-12-10T10:08:17.490634Z[0m [34mDEBUG[0m [2methereum_transaction_pool_monitor::eth_client[0m[2m:[0m 📨 Received WebSocket message: {"jsonrpc":"2.0","method":"eth_subscription","params":{"subscription":"0xbed0a0851463e895960a451075a301a9","result":"0xbc647971cb2c25237f2721f0ce6a239955ed3ead176d877f2c9636514a8023a1"}}
[2m2025-12-10T10:08:17.490648Z[0m [34mDEBUG[0m [2methereum_transaction_pool_monitor::eth_client[0m[2m:[0m 📨 Received pending transaction: 0xbc647971cb2c25237f2721f0ce6a239955ed3ead176d877f2c9636514a8023a1
[2m2025-12-10T10:08:17.495693Z[0m [34mDEBUG[0m [2mhyper::client::pool[0m[2m:[0m reuse idle connection for ("http", 192.168.0.14:8545)
[2m2025-12-10T10:08:17.495728Z[0m [34mDEBUG[0m [2mhyper::proto::h1::io[0m[2m:[0m flushed 172 bytes
[2m2025-12-10T10:08:17.500304Z[0m [34mDEBUG[0m [2mhyper::proto::h1::io[0m[2m:[0m parsed 4 headers
[2m2025-12-10T10:08:17.500314Z[0m [34mDEBUG[0m [2mhyper::proto::h1::conn[0m[2m:[0m incoming body is content-length (45 bytes)
[2m2025-12-10T10:08:17.500321Z[0m [34mDEBUG[0m [2mhyper::proto::h1::conn[0m[2m:[0m incoming body completed
[2m2025-12-10T10:08:17.500329Z[0m [34mDEBUG[0m [2mhyper::client::pool[0m[2m:[0m pooling idle connection for ("http", 192.168.0.14:8545)
[2m2025-12-10T10:08:17.554043Z[0m [34mDEBUG[0m [2methereum_transaction_pool_monitor::eth_client[0m[2m:[0m ✅ Transaction 0x31f090622ee77850a0007c37e6cf1aad3113fe21bea5e9b166a607306319a35a fetched and parsed in 78.77875ms
[2m2025-12-10T10:08:17.554070Z[0m [34mDEBUG[0m [2methereum_transaction_pool_monitor::mempool_monitor[0m[2m:[0m 🔍 Skipping tx 0x31f090622ee77850a0007c37e6cf1aad3113fe21bea5e9b166a607306319a35a - not a DEX interaction (target: 0x601a2aD6CB5949f0529735254189Ba3194221EDF)
[2m2025-12-10T10:08:17.554080Z[0m [34mDEBUG[0m [2methereum_transaction_pool_monitor::mempool_monitor[0m[2m:[0m 📨 Processing new pending transaction: 0xbc647971cb2c25237f2721f0ce6a239955ed3ead176d877f2c9636514a8023a1
[2m2025-12-10T10:08:17.554084Z[0m [34mDEBUG[0m [2methereum_transaction_pool_monitor::mempool_monitor[0m[2m:[0m 🔍 Fetching transaction details for: 0xbc647971cb2c25237f2721f0ce6a239955ed3ead176d877f2c9636514a8023a1
[2m2025-12-10T10:08:17.554088Z[0m [34mDEBUG[0m [2methereum_transaction_pool_monitor::eth_client[0m[2m:[0m 🔍 Fetching transaction details for hash: 0xbc647971cb2c25237f2721f0ce6a239955ed3ead176d877f2c9636514a8023a1
[2m2025-12-10T10:08:17.554108Z[0m [34mDEBUG[0m [2mhyper::client::pool[0m[2m:[0m reuse idle connection for ("http", 192.168.0.14:8545)
[2m2025-12-10T10:08:17.554155Z[0m [34mDEBUG[0m [2mhyper::proto::h1::io[0m[2m:[0m flushed 250 bytes
[2m2025-12-10T10:08:17.559789Z[0m [34mDEBUG[0m [2mhyper::proto::h1::io[0m[2m:[0m parsed 4 headers
[2m2025-12-10T10:08:17.559814Z[0m [34mDEBUG[0m [2mhyper::proto::h1::conn[0m[2m:[0m incoming body is content-length (763 bytes)
[2m2025-12-10T10:08:17.559840Z[0m [34mDEBUG[0m [2mhyper::proto::h1::conn[0m[2m:[0m incoming body completed
[2m2025-12-10T10:08:17.559872Z[0m [34mDEBUG[0m [2mhyper::client::pool[0m[2m:[0m pooling idle connection for ("http", 192.168.0.14:8545)
[2m2025-12-10T10:08:17.559883Z[0m [34mDEBUG[0m [2methereum_transaction_pool_monitor::eth_client[0m[2m:[0m 📡 Transaction fetch RPC completed in 5.791083ms
[2m2025-12-10T10:08:17.630140Z[0m [34mDEBUG[0m [2methereum_transaction_pool_monitor::eth_client[0m[2m:[0m ✅ Transaction 0xbc647971cb2c25237f2721f0ce6a239955ed3ead176d877f2c9636514a8023a1 fetched and parsed in 76.045042ms
[2m2025-12-10T10:08:17.630171Z[0m [34mDEBUG[0m [2methereum_transaction_pool_monitor::mempool_monitor[0m[2m:[0m 🔍 Skipping tx 0xbc647971cb2c25237f2721f0ce6a239955ed3ead176d877f2c9636514a8023a1 - not a DEX interaction (target: 0xba83b5ed3f12Bfa44f066f03eE0433419B74f469)
[2m2025-12-10T10:08:17.630230Z[0m [34mDEBUG[0m [2mhyper::client::pool[0m[2m:[0m reuse idle connection for ("http", 192.168.0.14:8545)
[2m2025-12-10T10:08:17.630277Z[0m [34mDEBUG[0m [2mhyper::proto::h1::io[0m[2m:[0m flushed 172 bytes
[2m2025-12-10T10:08:17.635251Z[0m [34mDEBUG[0m [2mhyper::proto::h1::io[0m[2m:[0m parsed 4 headers
[2m2025-12-10T10:08:17.635279Z[0m [34mDEBUG[0m [2mhyper::proto::h1::conn[0m[2m:[0m incoming body is content-length (45 bytes)
[2m2025-12-10T10:08:17.635302Z[0m [34mDEBUG[0m [2mhyper::proto::h1::conn[0m[2m:[0m incoming body completed
[2m2025-12-10T10:08:17.635312Z[0m [34mDEBUG[0m [2mhyper::client::pool[0m[2m:[0m pooling idle connection for ("http", 192.168.0.14:8545)
[2m2025-12-10T10:08:17.677161Z[0m [34mDEBUG[0m [2methereum_transaction_pool_monitor::eth_client[0m[2m:[0m 📨 Received WebSocket message: {"jsonrpc":"2.0","method":"eth_subscription","params":{"subscription":"0xbed0a0851463e895960a451075a301a9","result":"0x873ef37a493f86fb50d01b99cbd2fa497ddd878c856af251cf41f7e8423773b8"}}
[2m2025-12-10T10:08:17.677193Z[0m [34mDEBUG[0m [2methereum_transaction_pool_monitor::eth_client[0m[2m:[0m 📨 Received pending transaction: 0x873ef37a493f86fb50d01b99cbd2fa497ddd878c856af251cf41f7e8423773b8
[2m2025-12-10T10:08:17.677201Z[0m [34mDEBUG[0m [2methereum_transaction_pool_monitor::mempool_monitor[0m[2m:[0m 📨 Processing new pending transaction: 0x873ef37a493f86fb50d01b99cbd2fa497ddd878c856af251cf41f7e8423773b8
[2m2025-12-10T10:08:17.677205Z[0m [34mDEBUG[0m [2methereum_transaction_pool_monitor::mempool_monitor[0m[2m:[0m 🔍 Fetching transaction details for: 0x873ef37a493f86fb50d01b99cbd2fa497ddd878c856af251cf41f7e8423773b8
[2m2025-12-10T10:08:17.677209Z[0m [34mDEBUG[0m [2methereum_transaction_pool_monitor::eth_client[0m[2m:[0m 🔍 Fetching transaction details for hash: 0x873ef37a493f86fb50d01b99cbd2fa497ddd878c856af251cf41f7e8423773b8
[2m2025-12-10T10:08:17.677228Z[0m [34mDEBUG[0m [2mhyper::client::pool[0m[2m:[0m reuse idle connection for ("http", 192.168.0.14:8545)
[2m2025-12-10T10:08:17.677248Z[0m [34mDEBUG[0m [2mhyper::proto::h1::io[0m[2m:[0m flushed 250 bytes
[2m2025-12-10T10:08:17.687979Z[0m [34mDEBUG[0m [2methereum_transaction_pool_monitor::eth_client[0m[2m:[0m 📨 Received WebSocket message: {"jsonrpc":"2.0","method":"eth_subscription","params":{"subscription":"0xbed0a0851463e895960a451075a301a9","result":"0x3ad69af3406905b1174b04ca33118601a7abdd82ff0bb1a5ef2f408723d75252"}}
[2m2025-12-10T10:08:17.687997Z[0m [34mDEBUG[0m [2methereum_transaction_pool_monitor::eth_client[0m[2m:[0m 📨 Received pending transaction: 0x3ad69af3406905b1174b04ca33118601a7abdd82ff0bb1a5ef2f408723d75252
[2m2025-12-10T10:08:17.692248Z[0m [34mDEBUG[0m [2mhyper::proto::h1::io[0m[2m:[0m parsed 4 headers
[2m2025-12-10T10:08:17.692260Z[0m [34mDEBUG[0m [2mhyper::proto::h1::conn[0m[2m:[0m incoming body is content-length (3839 bytes)
[2m2025-12-10T10:08:17.692284Z[0m [34mDEBUG[0m [2methereum_transaction_pool_monitor::eth_client[0m[2m:[0m 📡 Transaction fetch RPC completed in 15.070959ms
[2m2025-12-10T10:08:17.695695Z[0m [34mDEBUG[0m [2mhyper::client::pool[0m[2m:[0m reuse idle connection for ("http", 192.168.0.14:8545)
[2m2025-12-10T10:08:17.695716Z[0m [34mDEBUG[0m [2mhyper::proto::h1::io[0m[2m:[0m flushed 172 bytes
[2m2025-12-10T10:08:17.695862Z[0m [34mDEBUG[0m [2mhyper::proto::h1::conn[0m[2m:[0m incoming body completed
[2m2025-12-10T10:08:17.695871Z[0m [34mDEBUG[0m [2mhyper::client::pool[0m[2m:[0m pooling idle connection for ("http", 192.168.0.14:8545)
[2m2025-12-10T10:08:17.698400Z[0m [34mDEBUG[0m [2mhyper::proto::h1::io[0m[2m:[0m parsed 4 headers
[2m2025-12-10T10:08:17.698408Z[0m [34mDEBUG[0m [2mhyper::proto::h1::conn[0m[2m:[0m incoming body is content-length (45 bytes)
[2m2025-12-10T10:08:17.698414Z[0m [34mDEBUG[0m [2mhyper::proto::h1::conn[0m[2m:[0m incoming body completed
[2m2025-12-10T10:08:17.698422Z[0m [34mDEBUG[0m [2mhyper::client::pool[0m[2m:[0m pooling idle connection for ("http", 192.168.0.14:8545)
[2m2025-12-10T10:08:17.728995Z[0m [34mDEBUG[0m [2methereum_transaction_pool_monitor::eth_client[0m[2m:[0m 📨 Received WebSocket message: {"jsonrpc":"2.0","method":"eth_subscription","params":{"subscription":"0xbed0a0851463e895960a451075a301a9","result":"0x1485f1c871bc8fbe13d7090a13f902097170ca1bc1f746c99dcf75245d22897f"}}
[2m2025-12-10T10:08:17.729048Z[0m [34mDEBUG[0m [2methereum_transaction_pool_monitor::eth_client[0m[2m:[0m 📨 Received pending transaction: 0x1485f1c871bc8fbe13d7090a13f902097170ca1bc1f746c99dcf75245d22897f
[2m2025-12-10T10:08:17.768319Z[0m [34mDEBUG[0m [2methereum_transaction_pool_monitor::eth_client[0m[2m:[0m ✅ Transaction 0x873ef37a493f86fb50d01b99cbd2fa497ddd878c856af251cf41f7e8423773b8 fetched and parsed in 91.102167ms
[2m2025-12-10T10:08:17.768345Z[0m [34mDEBUG[0m [2methereum_transaction_pool_monitor::mempool_monitor[0m[2m:[0m 🔍 Skipping tx 0x873ef37a493f86fb50d01b99cbd2fa497ddd878c856af251cf41f7e8423773b8 - not a DEX interaction (target: 0x5523985926Aa12BA58DC5Ad00DDca99678D7227E)
[2m2025-12-10T10:08:17.768356Z[0m [34mDEBUG[0m [2methereum_transaction_pool_monitor::mempool_monitor[0m[2m:[0m 📨 Processing new pending transaction: 0x3ad69af3406905b1174b04ca33118601a7abdd82ff0bb1a5ef2f408723d75252
[2m2025-12-10T10:08:17.768364Z[0m [34mDEBUG[0m [2methereum_transaction_pool_monitor::mempool_monitor[0m[2m:[0m 🔍 Fetching transaction details for: 0x3ad69af3406905b1174b04ca33118601a7abdd82ff0bb1a5ef2f408723d75252
[2m2025-12-10T10:08:17.768369Z[0m [34mDEBUG[0m [2methereum_transaction_pool_monitor::eth_client[0m[2m:[0m 🔍 Fetching transaction details for hash: 0x3ad69af3406905b1174b04ca33118601a7abdd82ff0bb1a5ef2f408723d75252
[2m2025-12-10T10:08:17.768390Z[0m [34mDEBUG[0m [2mhyper::client::pool[0m[2m:[0m reuse idle connection for ("http", 192.168.0.14:8545)
[2m2025-12-10T10:08:17.768430Z[0m [34mDEBUG[0m [2mhyper::proto::h1::io[0m[2m:[0m flushed 250 bytes
[2m2025-12-10T10:08:17.772757Z[0m [34mDEBUG[0m [2mhyper::proto::h1::io[0m[2m:[0m parsed 4 headers
[2m2025-12-10T10:08:17.772763Z[0m [34mDEBUG[0m [2mhyper::proto::h1::conn[0m[2m:[0m incoming body is content-length (646 bytes)
[2m2025-12-10T10:08:17.772772Z[0m [34mDEBUG[0m [2mhyper::proto::h1::conn[0m[2m:[0m incoming body completed
[2m2025-12-10T10:08:17.772780Z[0m [34mDEBUG[0m [2mhyper::client::pool[0m[2m:[0m pooling idle connection for ("http", 192.168.0.14:8545)
[2m2025-12-10T10:08:17.772786Z[0m [34mDEBUG[0m [2methereum_transaction_pool_monitor::eth_client[0m[2m:[0m 📡 Transaction fetch RPC completed in 4.413708ms
[2m2025-12-10T10:08:17.842924Z[0m [34mDEBUG[0m [2methereum_transaction_pool_monitor::eth_client[0m[2m:[0m ✅ Transaction 0x3ad69af3406905b1174b04ca33118601a7abdd82ff0bb1a5ef2f408723d75252 fetched and parsed in 74.549167ms
[2m2025-12-10T10:08:17.842956Z[0m [34mDEBUG[0m [2methereum_transaction_pool_monitor::mempool_monitor[0m[2m:[0m 🔍 Skipping tx 0x3ad69af3406905b1174b04ca33118601a7abdd82ff0bb1a5ef2f408723d75252 - not a DEX interaction (target: 0xB268738a5D76674F93D70e198e58ba1c94B0A71a)
[2m2025-12-10T10:08:17.842974Z[0m [34mDEBUG[0m [2methereum_transaction_pool_monitor::mempool_monitor[0m[2m:[0m 📨 Processing new pending transaction: 0x1485f1c871bc8fbe13d7090a13f902097170ca1bc1f746c99dcf75245d22897f
[2m2025-12-10T10:08:17.842982Z[0m [34mDEBUG[0m [2methereum_transaction_pool_monitor::mempool_monitor[0m[2m:[0m 🔍 Fetching transaction details for: 0x1485f1c871bc8fbe13d7090a13f902097170ca1bc1f746c99dcf75245d22897f
[2m2025-12-10T10:08:17.842989Z[0m [34mDEBUG[0m [2methereum_transaction_pool_monitor::eth_client[0m[2m:[0m 🔍 Fetching transaction details for hash: 0x1485f1c871bc8fbe13d7090a13f902097170ca1bc1f746c99dcf75245d22897f
[2m2025-12-10T10:08:17.843014Z[0m [34mDEBUG[0m [2mhyper::client::pool[0m[2m:[0m reuse idle connection for ("http", 192.168.0.14:8545)
[2m2025-12-10T10:08:17.843066Z[0m [34mDEBUG[0m [2mhyper::proto::h1::io[0m[2m:[0m flushed 250 bytes
[2m2025-12-10T10:08:17.843095Z[0m [34mDEBUG[0m [2mhyper::client::pool[0m[2m:[0m reuse idle connection for ("http", 192.168.0.14:8545)
[2m2025-12-10T10:08:17.843114Z[0m [34mDEBUG[0m [2mhyper::proto::h1::io[0m[2m:[0m flushed 172 bytes
[2m2025-12-10T10:08:17.848361Z[0m [34mDEBUG[0m [2mhyper::proto::h1::io[0m[2m:[0m parsed 4 headers
[2m2025-12-10T10:08:17.848367Z[0m [34mDEBUG[0m [2mhyper::proto::h1::conn[0m[2m:[0m incoming body is content-length (769 bytes)
[2m2025-12-10T10:08:17.848373Z[0m [34mDEBUG[0m [2mhyper::proto::h1::conn[0m[2m:[0m incoming body completed
[2m2025-12-10T10:08:17.848381Z[0m [34mDEBUG[0m [2mhyper::client::pool[0m[2m:[0m pooling idle connection for ("http", 192.168.0.14:8545)
[2m2025-12-10T10:08:17.848386Z[0m [34mDEBUG[0m [2methereum_transaction_pool_monitor::eth_client[0m[2m:[0m 📡 Transaction fetch RPC completed in 5.389167ms
[2m2025-12-10T10:08:17.918563Z[0m [34mDEBUG[0m [2methereum_transaction_pool_monitor::eth_client[0m[2m:[0m ✅ Transaction 0x1485f1c871bc8fbe13d7090a13f902097170ca1bc1f746c99dcf75245d22897f fetched and parsed in 75.563834ms
[2m2025-12-10T10:08:17.918590Z[0m [34mDEBUG[0m [2methereum_transaction_pool_monitor::mempool_monitor[0m[2m:[0m 🔍 Skipping tx 0x1485f1c871bc8fbe13d7090a13f902097170ca1bc1f746c99dcf75245d22897f - not a DEX interaction (target: 0xA0b86991c6218b36c1d19D4a2e9Eb0cE3606eB48)
[2m2025-12-10T10:08:17.918617Z[0m [34mDEBUG[0m [2mhyper::proto::h1::io[0m[2m:[0m parsed 4 headers
[2m2025-12-10T10:08:17.918621Z[0m [34mDEBUG[0m [2mhyper::proto::h1::conn[0m[2m:[0m incoming body is content-length (45 bytes)
[2m2025-12-10T10:08:17.918632Z[0m [34mDEBUG[0m [2mhyper::proto::h1::conn[0m[2m:[0m incoming body completed
[2m2025-12-10T10:08:17.918642Z[0m [34mDEBUG[0m [2mhyper::client::pool[0m[2m:[0m pooling idle connection for ("http", 192.168.0.14:8545)
[2m2025-12-10T10:08:17.918668Z[0m [34mDEBUG[0m [2mhyper::client::pool[0m[2m:[0m reuse idle connection for ("http", 192.168.0.14:8545)
[2m2025-12-10T10:08:17.918713Z[0m [34mDEBUG[0m [2mhyper::proto::h1::io[0m[2m:[0m flushed 172 bytes
[2m2025-12-10T10:08:17.923058Z[0m [34mDEBUG[0m [2mhyper::proto::h1::io[0m[2m:[0m parsed 4 headers
[2m2025-12-10T10:08:17.923081Z[0m [34mDEBUG[0m [2mhyper::proto::h1::conn[0m[2m:[0m incoming body is content-length (45 bytes)
[2m2025-12-10T10:08:17.923101Z[0m [34mDEBUG[0m [2mhyper::proto::h1::conn[0m[2m:[0m incoming body completed
[2m2025-12-10T10:08:17.923111Z[0m [34mDEBUG[0m [2mhyper::client::pool[0m[2m:[0m pooling idle connection for ("http", 192.168.0.14:8545)
[2m2025-12-10T10:08:17.926842Z[0m [34mDEBUG[0m [2methereum_transaction_pool_monitor::eth_client[0m[2m:[0m 📨 Received WebSocket message: {"jsonrpc":"2.0","method":"eth_subscription","params":{"subscription":"0xbed0a0851463e895960a451075a301a9","result":"0x974b573d3735bb8139362f156ac31f1262f1eb635542086d51737ce22be69e8f"}}
[2m2025-12-10T10:08:17.926850Z[0m [34mDEBUG[0m [2methereum_transaction_pool_monitor::eth_client[0m[2m:[0m 📨 Received pending transaction: 0x974b573d3735bb8139362f156ac31f1262f1eb635542086d51737ce22be69e8f
[2m2025-12-10T10:08:17.926857Z[0m [34mDEBUG[0m [2methereum_transaction_pool_monitor::mempool_monitor[0m[2m:[0m 📨 Processing new pending transaction: 0x974b573d3735bb8139362f156ac31f1262f1eb635542086d51737ce22be69e8f
[2m2025-12-10T10:08:17.926861Z[0m [34mDEBUG[0m [2methereum_transaction_pool_monitor::mempool_monitor[0m[2m:[0m 🔍 Fetching transaction details for: 0x974b573d3735bb8139362f156ac31f1262f1eb635542086d51737ce22be69e8f
[2m2025-12-10T10:08:17.926864Z[0m [34mDEBUG[0m [2methereum_transaction_pool_monitor::eth_client[0m[2m:[0m 🔍 Fetching transaction details for hash: 0x974b573d3735bb8139362f156ac31f1262f1eb635542086d51737ce22be69e8f
[2m2025-12-10T10:08:17.926881Z[0m [34mDEBUG[0m [2mhyper::client::pool[0m[2m:[0m reuse idle connection for ("http", 192.168.0.14:8545)
[2m2025-12-10T10:08:17.926894Z[0m [34mDEBUG[0m [2mhyper::proto::h1::io[0m[2m:[0m flushed 250 bytes
[2m2025-12-10T10:08:17.936231Z[0m [34mDEBUG[0m [2mhyper::proto::h1::io[0m[2m:[0m parsed 4 headers
[2m2025-12-10T10:08:17.936253Z[0m [34mDEBUG[0m [2mhyper::proto::h1::conn[0m[2m:[0m incoming body is content-length (773 bytes)
[2m2025-12-10T10:08:17.936270Z[0m [34mDEBUG[0m [2mhyper::proto::h1::conn[0m[2m:[0m incoming body completed
[2m2025-12-10T10:08:17.936287Z[0m [34mDEBUG[0m [2mhyper::client::pool[0m[2m:[0m pooling idle connection for ("http", 192.168.0.14:8545)
[2m2025-12-10T10:08:17.936293Z[0m [34mDEBUG[0m [2methereum_transaction_pool_monitor::eth_client[0m[2m:[0m 📡 Transaction fetch RPC completed in 9.4245ms
[2m2025-12-10T10:08:17.936319Z[0m [34mDEBUG[0m [2methereum_transaction_pool_monitor::eth_client[0m[2m:[0m DeFi transaction detected - Address: 0xdac17f958d2ee523a2206206994597c13d831ec7, Type: Stablecoin, Value: 0 ETH, Gas: 0.27 Gwei
[2m2025-12-10T10:08:17.936333Z[0m [34mDEBUG[0m [2methereum_transaction_pool_monitor::eth_client[0m[2m:[0m ✅ Transaction 0x974b573d3735bb8139362f156ac31f1262f1eb635542086d51737ce22be69e8f fetched and parsed in 9.464583ms
[2m2025-12-10T10:08:17.936338Z[0m [34mDEBUG[0m [2methereum_transaction_pool_monitor::mempool_monitor[0m[2m:[0m 🔍 Skipping tx 0x974b573d3735bb8139362f156ac31f1262f1eb635542086d51737ce22be69e8f - not a DEX interaction (target: 0xdAC17F958D2ee523a2206206994597C13D831ec7)
[2m2025-12-10T10:08:17.996439Z[0m [34mDEBUG[0m [2mhyper::client::pool[0m[2m:[0m reuse idle connection for ("http", 192.168.0.14:8545)
[2m2025-12-10T10:08:17.996503Z[0m [34mDEBUG[0m [2mhyper::proto::h1::io[0m[2m:[0m flushed 172 bytes
[2m2025-12-10T10:08:18.000095Z[0m [34mDEBUG[0m [2mhyper::proto::h1::io[0m[2m:[0m parsed 4 headers
[2m2025-12-10T10:08:18.000115Z[0m [34mDEBUG[0m [2mhyper::proto::h1::conn[0m[2m:[0m incoming body is content-length (45 bytes)
[2m2025-12-10T10:08:18.000132Z[0m [34mDEBUG[0m [2mhyper::proto::h1::conn[0m[2m:[0m incoming body completed
[2m2025-12-10T10:08:18.000149Z[0m [34mDEBUG[0m [2mhyper::client::pool[0m[2m:[0m pooling idle connection for ("http", 192.168.0.14:8545)
[2m2025-12-10T10:08:18.096023Z[0m [34mDEBUG[0m [2mhyper::client::pool[0m[2m:[0m reuse idle connection for ("http", 192.168.0.14:8545)
[2m2025-12-10T10:08:18.096076Z[0m [34mDEBUG[0m [2mhyper::proto::h1::io[0m[2m:[0m flushed 172 bytes
[2m2025-12-10T10:08:18.100312Z[0m [34mDEBUG[0m [2mhyper::proto::h1::io[0m[2m:[0m parsed 4 headers
[2m2025-12-10T10:08:18.100330Z[0m [34mDEBUG[0m [2mhyper::proto::h1::conn[0m[2m:[0m incoming body is content-length (45 bytes)
[2m2025-12-10T10:08:18.100353Z[0m [34mDEBUG[0m [2mhyper::proto::h1::conn[0m[2m:[0m incoming body completed
[2m2025-12-10T10:08:18.100367Z[0m [34mDEBUG[0m [2mhyper::client::pool[0m[2m:[0m pooling idle connection for ("http", 192.168.0.14:8545)
[2m2025-12-10T10:08:18.196510Z[0m [34mDEBUG[0m [2mhyper::client::pool[0m[2m:[0m reuse idle connection for ("http", 192.168.0.14:8545)
[2m2025-12-10T10:08:18.196778Z[0m [34mDEBUG[0m [2mhyper::proto::h1::io[0m[2m:[0m flushed 172 bytes
[2m2025-12-10T10:08:18.200325Z[0m [34mDEBUG[0m [2mhyper::proto::h1::io[0m[2m:[0m parsed 4 headers
[2m2025-12-10T10:08:18.200375Z[0m [34mDEBUG[0m [2mhyper::proto::h1::conn[0m[2m:[0m incoming body is content-length (45 bytes)
[2m2025-12-10T10:08:18.200401Z[0m [34mDEBUG[0m [2mhyper::proto::h1::conn[0m[2m:[0m incoming body completed
[2m2025-12-10T10:08:18.200431Z[0m [34mDEBUG[0m [2mhyper::client::pool[0m[2m:[0m pooling idle connection for ("http", 192.168.0.14:8545)
[2m2025-12-10T10:08:18.297255Z[0m [34mDEBUG[0m [2mhyper::client::pool[0m[2m:[0m reuse idle connection for ("http", 192.168.0.14:8545)
[2m2025-12-10T10:08:18.297607Z[0m [34mDEBUG[0m [2mhyper::proto::h1::io[0m[2m:[0m flushed 172 bytes
[2m2025-12-10T10:08:18.301774Z[0m [34mDEBUG[0m [2mhyper::proto::h1::io[0m[2m:[0m parsed 4 headers
[2m2025-12-10T10:08:18.301821Z[0m [34mDEBUG[0m [2mhyper::proto::h1::conn[0m[2m:[0m incoming body is content-length (45 bytes)
[2m2025-12-10T10:08:18.301846Z[0m [34mDEBUG[0m [2mhyper::proto::h1::conn[0m[2m:[0m incoming body completed
[2m2025-12-10T10:08:18.301876Z[0m [34mDEBUG[0m [2mhyper::client::pool[0m[2m:[0m pooling idle connection for ("http", 192.168.0.14:8545)
[2m2025-12-10T10:08:18.396205Z[0m [34mDEBUG[0m [2mhyper::client::pool[0m[2m:[0m reuse idle connection for ("http", 192.168.0.14:8545)
[2m2025-12-10T10:08:18.396278Z[0m [34mDEBUG[0m [2mhyper::proto::h1::io[0m[2m:[0m flushed 172 bytes
[2m2025-12-10T10:08:18.399002Z[0m [34mDEBUG[0m [2mhyper::proto::h1::io[0m[2m:[0m parsed 4 headers
[2m2025-12-10T10:08:18.399011Z[0m [34mDEBUG[0m [2mhyper::proto::h1::conn[0m[2m:[0m incoming body is content-length (45 bytes)
[2m2025-12-10T10:08:18.399024Z[0m [34mDEBUG[0m [2mhyper::proto::h1::conn[0m[2m:[0m incoming body completed
[2m2025-12-10T10:08:18.399039Z[0m [34mDEBUG[0m [2mhyper::client::pool[0m[2m:[0m pooling idle connection for ("http", 192.168.0.14:8545)
[2m2025-12-10T10:08:18.405323Z[0m [34mDEBUG[0m [2methereum_transaction_pool_monitor::eth_client[0m[2m:[0m 📨 Received WebSocket message: {"jsonrpc":"2.0","method":"eth_subscription","params":{"subscription":"0xbed0a0851463e895960a451075a301a9","result":"0x7de9c026ab32f778159e5dea06a72008935e7d2f70c2a23e6b2b3db66809312e"}}
[2m2025-12-10T10:08:18.405344Z[0m [34mDEBUG[0m [2methereum_transaction_pool_monitor::eth_client[0m[2m:[0m 📨 Received pending transaction: 0x7de9c026ab32f778159e5dea06a72008935e7d2f70c2a23e6b2b3db66809312e
[2m2025-12-10T10:08:18.405358Z[0m [34mDEBUG[0m [2methereum_transaction_pool_monitor::mempool_monitor[0m[2m:[0m 📨 Processing new pending transaction: 0x7de9c026ab32f778159e5dea06a72008935e7d2f70c2a23e6b2b3db66809312e
[2m2025-12-10T10:08:18.405364Z[0m [34mDEBUG[0m [2methereum_transaction_pool_monitor::mempool_monitor[0m[2m:[0m 🔍 Fetching transaction details for: 0x7de9c026ab32f778159e5dea06a72008935e7d2f70c2a23e6b2b3db66809312e
[2m2025-12-10T10:08:18.405370Z[0m [34mDEBUG[0m [2methereum_transaction_pool_monitor::eth_client[0m[2m:[0m 🔍 Fetching transaction details for hash: 0x7de9c026ab32f778159e5dea06a72008935e7d2f70c2a23e6b2b3db66809312e
[2m2025-12-10T10:08:18.405392Z[0m [34mDEBUG[0m [2mhyper::client::pool[0m[2m:[0m reuse idle connection for ("http", 192.168.0.14:8545)
[2m2025-12-10T10:08:18.405420Z[0m [34mDEBUG[0m [2mhyper::proto::h1::io[0m[2m:[0m flushed 250 bytes
[2m2025-12-10T10:08:18.410509Z[0m [34mDEBUG[0m [2mhyper::proto::h1::io[0m[2m:[0m parsed 4 headers
[2m2025-12-10T10:08:18.410521Z[0m [34mDEBUG[0m [2mhyper::proto::h1::conn[0m[2m:[0m incoming body is content-length (831 bytes)
[2m2025-12-10T10:08:18.410544Z[0m [34mDEBUG[0m [2mhyper::proto::h1::conn[0m[2m:[0m incoming body completed
[2m2025-12-10T10:08:18.410554Z[0m [34mDEBUG[0m [2mhyper::client::pool[0m[2m:[0m pooling idle connection for ("http", 192.168.0.14:8545)
[2m2025-12-10T10:08:18.410562Z[0m [34mDEBUG[0m [2methereum_transaction_pool_monitor::eth_client[0m[2m:[0m 📡 Transaction fetch RPC completed in 5.186834ms
[2m2025-12-10T10:08:18.488582Z[0m [34mDEBUG[0m [2methereum_transaction_pool_monitor::eth_client[0m[2m:[0m ✅ Transaction 0x7de9c026ab32f778159e5dea06a72008935e7d2f70c2a23e6b2b3db66809312e fetched and parsed in 83.203625ms
[2m2025-12-10T10:08:18.488616Z[0m [34mDEBUG[0m [2methereum_transaction_pool_monitor::mempool_monitor[0m[2m:[0m 🔍 Skipping tx 0x7de9c026ab32f778159e5dea06a72008935e7d2f70c2a23e6b2b3db66809312e - not a DEX interaction (target: 0x3B4D794a66304F130a4Db8F2551B0070dfCf5ca7)
[2m2025-12-10T10:08:18.488686Z[0m [34mDEBUG[0m [2methereum_transaction_pool_monitor::eth_client[0m[2m:[0m 📨 Received WebSocket message: {"jsonrpc":"2.0","method":"eth_subscription","params":{"subscription":"0xbed0a0851463e895960a451075a301a9","result":"0xa8574ad976e45d9b32dc7d6edfea173510d6856cd5462a6875f24c3efca2dabf"}}
[2m2025-12-10T10:08:18.488699Z[0m [34mDEBUG[0m [2methereum_transaction_pool_monitor::eth_client[0m[2m:[0m 📨 Received pending transaction: 0xa8574ad976e45d9b32dc7d6edfea173510d6856cd5462a6875f24c3efca2dabf
[2m2025-12-10T10:08:18.488706Z[0m [32m INFO[0m [2methereum_transaction_pool_monitor::eth_client[0m[2m:[0m 📊 WebSocket stats - Total: 279 transactions, Rate: 13.7 tx/s
[2m2025-12-10T10:08:18.488715Z[0m [34mDEBUG[0m [2methereum_transaction_pool_monitor::mempool_monitor[0m[2m:[0m 📨 Processing new pending transaction: 0xa8574ad976e45d9b32dc7d6edfea173510d6856cd5462a6875f24c3efca2dabf
[2m2025-12-10T10:08:18.488720Z[0m [34mDEBUG[0m [2methereum_transaction_pool_monitor::mempool_monitor[0m[2m:[0m 🔍 Fetching transaction details for: 0xa8574ad976e45d9b32dc7d6edfea173510d6856cd5462a6875f24c3efca2dabf
[2m2025-12-10T10:08:18.488725Z[0m [34mDEBUG[0m [2methereum_transaction_pool_monitor::eth_client[0m[2m:[0m 🔍 Fetching transaction details for hash: 0xa8574ad976e45d9b32dc7d6edfea173510d6856cd5462a6875f24c3efca2dabf
[2m2025-12-10T10:08:18.488750Z[0m [34mDEBUG[0m [2mhyper::client::pool[0m[2m:[0m reuse idle connection for ("http", 192.168.0.14:8545)
[2m2025-12-10T10:08:18.488774Z[0m [34mDEBUG[0m [2mhyper::proto::h1::io[0m[2m:[0m flushed 250 bytes
[2m2025-12-10T10:08:18.492987Z[0m [34mDEBUG[0m [2mhyper::proto::h1::io[0m[2m:[0m parsed 4 headers
[2m2025-12-10T10:08:18.493002Z[0m [34mDEBUG[0m [2mhyper::proto::h1::conn[0m[2m:[0m incoming body is content-length (1731 bytes)
[2m2025-12-10T10:08:18.493017Z[0m [34mDEBUG[0m [2mhyper::proto::h1::conn[0m[2m:[0m incoming body completed
[2m2025-12-10T10:08:18.493026Z[0m [34mDEBUG[0m [2mhyper::client::pool[0m[2m:[0m pooling idle connection for ("http", 192.168.0.14:8545)
[2m2025-12-10T10:08:18.493033Z[0m [34mDEBUG[0m [2methereum_transaction_pool_monitor::eth_client[0m[2m:[0m 📡 Transaction fetch RPC completed in 4.303875ms
[2m2025-12-10T10:08:18.565524Z[0m [34mDEBUG[0m [2methereum_transaction_pool_monitor::eth_client[0m[2m:[0m ✅ Transaction 0xa8574ad976e45d9b32dc7d6edfea173510d6856cd5462a6875f24c3efca2dabf fetched and parsed in 76.792084ms
[2m2025-12-10T10:08:18.565557Z[0m [34mDEBUG[0m [2methereum_transaction_pool_monitor::mempool_monitor[0m[2m:[0m 🔍 Skipping tx 0xa8574ad976e45d9b32dc7d6edfea173510d6856cd5462a6875f24c3efca2dabf - not a DEX interaction (target: 0x601a2aD6CB5949f0529735254189Ba3194221EDF)
[2m2025-12-10T10:08:18.565607Z[0m [34mDEBUG[0m [2mhyper::client::pool[0m[2m:[0m reuse idle connection for ("http", 192.168.0.14:8545)
[2m2025-12-10T10:08:18.565664Z[0m [34mDEBUG[0m [2mhyper::proto::h1::io[0m[2m:[0m flushed 172 bytes
[2m2025-12-10T10:08:18.569421Z[0m [34mDEBUG[0m [2mhyper::proto::h1::io[0m[2m:[0m parsed 4 headers
[2m2025-12-10T10:08:18.569439Z[0m [34mDEBUG[0m [2mhyper::proto::h1::conn[0m[2m:[0m incoming body is content-length (45 bytes)
[2m2025-12-10T10:08:18.569448Z[0m [34mDEBUG[0m [2mhyper::proto::h1::conn[0m[2m:[0m incoming body completed
[2m2025-12-10T10:08:18.569457Z[0m [34mDEBUG[0m [2mhyper::client::pool[0m[2m:[0m pooling idle connection for ("http", 192.168.0.14:8545)
[2m2025-12-10T10:08:18.596509Z[0m [34mDEBUG[0m [2mhyper::client::pool[0m[2m:[0m reuse idle connection for ("http", 192.168.0.14:8545)
[2m2025-12-10T10:08:18.597344Z[0m [34mDEBUG[0m [2mhyper::proto::h1::io[0m[2m:[0m flushed 172 bytes
[2m2025-12-10T10:08:18.603681Z[0m [34mDEBUG[0m [2mhyper::proto::h1::io[0m[2m:[0m parsed 4 headers
[2m2025-12-10T10:08:18.603716Z[0m [34mDEBUG[0m [2mhyper::proto::h1::conn[0m[2m:[0m incoming body is content-length (45 bytes)
[2m2025-12-10T10:08:18.603727Z[0m [34mDEBUG[0m [2mhyper::proto::h1::conn[0m[2m:[0m incoming body completed
[2m2025-12-10T10:08:18.603738Z[0m [34mDEBUG[0m [2mhyper::client::pool[0m[2m:[0m pooling idle connection for ("http", 192.168.0.14:8545)
[2m2025-12-10T10:08:18.696825Z[0m [34mDEBUG[0m [2mhyper::client::pool[0m[2m:[0m reuse idle connection for ("http", 192.168.0.14:8545)
[2m2025-12-10T10:08:18.697263Z[0m [34mDEBUG[0m [2mhyper::proto::h1::io[0m[2m:[0m flushed 172 bytes
[2m2025-12-10T10:08:18.701038Z[0m [34mDEBUG[0m [2mhyper::proto::h1::io[0m[2m:[0m parsed 4 headers
[2m2025-12-10T10:08:18.701074Z[0m [34mDEBUG[0m [2mhyper::proto::h1::conn[0m[2m:[0m incoming body is content-length (45 bytes)
[2m2025-12-10T10:08:18.701087Z[0m [34mDEBUG[0m [2mhyper::proto::h1::conn[0m[2m:[0m incoming body completed
[2m2025-12-10T10:08:18.701104Z[0m [34mDEBUG[0m [2mhyper::client::pool[0m[2m:[0m pooling idle connection for ("http", 192.168.0.14:8545)
[2m2025-12-10T10:08:18.796200Z[0m [34mDEBUG[0m [2mhyper::client::pool[0m[2m:[0m reuse idle connection for ("http", 192.168.0.14:8545)
[2m2025-12-10T10:08:18.796275Z[0m [34mDEBUG[0m [2mhyper::proto::h1::io[0m[2m:[0m flushed 172 bytes
[2m2025-12-10T10:08:18.810764Z[0m [34mDEBUG[0m [2mhyper::proto::h1::io[0m[2m:[0m parsed 4 headers
[2m2025-12-10T10:08:18.810778Z[0m [34mDEBUG[0m [2mhyper::proto::h1::conn[0m[2m:[0m incoming body is content-length (45 bytes)
[2m2025-12-10T10:08:18.810790Z[0m [34mDEBUG[0m [2mhyper::proto::h1::conn[0m[2m:[0m incoming body completed
[2m2025-12-10T10:08:18.810803Z[0m [34mDEBUG[0m [2mhyper::client::pool[0m[2m:[0m pooling idle connection for ("http", 192.168.0.14:8545)
[2m2025-12-10T10:08:18.832716Z[0m [34mDEBUG[0m [2methereum_transaction_pool_monitor::eth_client[0m[2m:[0m 📨 Received WebSocket message: {"jsonrpc":"2.0","method":"eth_subscription","params":{"subscription":"0xbed0a0851463e895960a451075a301a9","result":"0xcd2c6e07e5c9cfff5a886acc0bbf386d65d70e95aa60b84c3bb5afed3040130e"}}
[2m2025-12-10T10:08:18.832736Z[0m [34mDEBUG[0m [2methereum_transaction_pool_monitor::eth_client[0m[2m:[0m 📨 Received pending transaction: 0xcd2c6e07e5c9cfff5a886acc0bbf386d65d70e95aa60b84c3bb5afed3040130e
[2m2025-12-10T10:08:18.832743Z[0m [34mDEBUG[0m [2methereum_transaction_pool_monitor::eth_client[0m[2m:[0m 📨 Received WebSocket message: {"jsonrpc":"2.0","method":"eth_subscription","params":{"subscription":"0xbed0a0851463e895960a451075a301a9","result":"0xdcbb735549947b291381a809fd8a6e72bb4bc0e66372fb905ae252c84c378d65"}}
[2m2025-12-10T10:08:18.832748Z[0m [34mDEBUG[0m [2methereum_transaction_pool_monitor::eth_client[0m[2m:[0m 📨 Received pending transaction: 0xdcbb735549947b291381a809fd8a6e72bb4bc0e66372fb905ae252c84c378d65
[2m2025-12-10T10:08:18.832755Z[0m [34mDEBUG[0m [2methereum_transaction_pool_monitor::mempool_monitor[0m[2m:[0m 📨 Processing new pending transaction: 0xcd2c6e07e5c9cfff5a886acc0bbf386d65d70e95aa60b84c3bb5afed3040130e
[2m2025-12-10T10:08:18.832759Z[0m [34mDEBUG[0m [2methereum_transaction_pool_monitor::mempool_monitor[0m[2m:[0m 🔍 Fetching transaction details for: 0xcd2c6e07e5c9cfff5a886acc0bbf386d65d70e95aa60b84c3bb5afed3040130e
[2m2025-12-10T10:08:18.832763Z[0m [34mDEBUG[0m [2methereum_transaction_pool_monitor::eth_client[0m[2m:[0m 🔍 Fetching transaction details for hash: 0xcd2c6e07e5c9cfff5a886acc0bbf386d65d70e95aa60b84c3bb5afed3040130e
[2m2025-12-10T10:08:18.832784Z[0m [34mDEBUG[0m [2mhyper::client::pool[0m[2m:[0m reuse idle connection for ("http", 192.168.0.14:8545)
[2m2025-12-10T10:08:18.832809Z[0m [34mDEBUG[0m [2mhyper::proto::h1::io[0m[2m:[0m flushed 250 bytes
[2m2025-12-10T10:08:18.840881Z[0m [34mDEBUG[0m [2mhyper::proto::h1::io[0m[2m:[0m parsed 4 headers
[2m2025-12-10T10:08:18.840905Z[0m [34mDEBUG[0m [2mhyper::proto::h1::conn[0m[2m:[0m incoming body is content-length (770 bytes)
[2m2025-12-10T10:08:18.840916Z[0m [34mDEBUG[0m [2mhyper::proto::h1::conn[0m[2m:[0m incoming body completed
[2m2025-12-10T10:08:18.840930Z[0m [34mDEBUG[0m [2mhyper::client::pool[0m[2m:[0m pooling idle connection for ("http", 192.168.0.14:8545)
[2m2025-12-10T10:08:18.840939Z[0m [34mDEBUG[0m [2methereum_transaction_pool_monitor::eth_client[0m[2m:[0m 📡 Transaction fetch RPC completed in 8.172667ms
[2m2025-12-10T10:08:18.914053Z[0m [34mDEBUG[0m [2methereum_transaction_pool_monitor::eth_client[0m[2m:[0m ✅ Transaction 0xcd2c6e07e5c9cfff5a886acc0bbf386d65d70e95aa60b84c3bb5afed3040130e fetched and parsed in 81.284083ms
[2m2025-12-10T10:08:18.914085Z[0m [34mDEBUG[0m [2methereum_transaction_pool_monitor::mempool_monitor[0m[2m:[0m 🔍 Skipping tx 0xcd2c6e07e5c9cfff5a886acc0bbf386d65d70e95aa60b84c3bb5afed3040130e - not a DEX interaction (target: 0xA0b86991c6218b36c1d19D4a2e9Eb0cE3606eB48)
[2m2025-12-10T10:08:18.914097Z[0m [34mDEBUG[0m [2methereum_transaction_pool_monitor::mempool_monitor[0m[2m:[0m 📨 Processing new pending transaction: 0xdcbb735549947b291381a809fd8a6e72bb4bc0e66372fb905ae252c84c378d65
[2m2025-12-10T10:08:18.914105Z[0m [34mDEBUG[0m [2methereum_transaction_pool_monitor::mempool_monitor[0m[2m:[0m 🔍 Fetching transaction details for: 0xdcbb735549947b291381a809fd8a6e72bb4bc0e66372fb905ae252c84c378d65
[2m2025-12-10T10:08:18.914111Z[0m [34mDEBUG[0m [2methereum_transaction_pool_monitor::eth_client[0m[2m:[0m 🔍 Fetching transaction details for hash: 0xdcbb735549947b291381a809fd8a6e72bb4bc0e66372fb905ae252c84c378d65
[2m2025-12-10T10:08:18.914135Z[0m [34mDEBUG[0m [2mhyper::client::pool[0m[2m:[0m reuse idle connection for ("http", 192.168.0.14:8545)
[2m2025-12-10T10:08:18.914181Z[0m [34mDEBUG[0m [2mhyper::proto::h1::io[0m[2m:[0m flushed 250 bytes
[2m2025-12-10T10:08:18.914213Z[0m [34mDEBUG[0m [2mhyper::client::pool[0m[2m:[0m reuse idle connection for ("http", 192.168.0.14:8545)
[2m2025-12-10T10:08:18.914229Z[0m [34mDEBUG[0m [2mhyper::proto::h1::io[0m[2m:[0m flushed 172 bytes
[2m2025-12-10T10:08:18.918260Z[0m [34mDEBUG[0m [2mhyper::proto::h1::io[0m[2m:[0m parsed 4 headers
[2m2025-12-10T10:08:18.918279Z[0m [34mDEBUG[0m [2mhyper::proto::h1::conn[0m[2m:[0m incoming body is content-length (774 bytes)
[2m2025-12-10T10:08:18.918290Z[0m [34mDEBUG[0m [2mhyper::proto::h1::conn[0m[2m:[0m incoming body completed
[2m2025-12-10T10:08:18.918302Z[0m [34mDEBUG[0m [2mhyper::client::pool[0m[2m:[0m pooling idle connection for ("http", 192.168.0.14:8545)
[2m2025-12-10T10:08:18.918311Z[0m [34mDEBUG[0m [2methereum_transaction_pool_monitor::eth_client[0m[2m:[0m 📡 Transaction fetch RPC completed in 4.194667ms
[2m2025-12-10T10:08:18.991237Z[0m [34mDEBUG[0m [2methereum_transaction_pool_monitor::eth_client[0m[2m:[0m ✅ Transaction 0xdcbb735549947b291381a809fd8a6e72bb4bc0e66372fb905ae252c84c378d65 fetched and parsed in 77.116875ms
[2m2025-12-10T10:08:18.991268Z[0m [34mDEBUG[0m [2methereum_transaction_pool_monitor::mempool_monitor[0m[2m:[0m 🔍 Skipping tx 0xdcbb735549947b291381a809fd8a6e72bb4bc0e66372fb905ae252c84c378d65 - not a DEX interaction (target: 0xA0b86991c6218b36c1d19D4a2e9Eb0cE3606eB48)
[2m2025-12-10T10:08:18.991324Z[0m [34mDEBUG[0m [2mhyper::proto::h1::io[0m[2m:[0m parsed 4 headers
[2m2025-12-10T10:08:18.991356Z[0m [34mDEBUG[0m [2mhyper::proto::h1::conn[0m[2m:[0m incoming body is content-length (45 bytes)
[2m2025-12-10T10:08:18.991340Z[0m [34mDEBUG[0m [2methereum_transaction_pool_monitor::eth_client[0m[2m:[0m 📨 Received WebSocket message: {"jsonrpc":"2.0","method":"eth_subscription","params":{"subscription":"0xbed0a0851463e895960a451075a301a9","result":"0xa8ec765340824f615175689348e514e872bae4ee8c655093f5dabc995011a3dd"}}
[2m2025-12-10T10:08:18.991368Z[0m [34mDEBUG[0m [2mhyper::proto::h1::conn[0m[2m:[0m incoming body completed
[2m2025-12-10T10:08:18.991390Z[0m [34mDEBUG[0m [2methereum_transaction_pool_monitor::eth_client[0m[2m:[0m 📨 Received pending transaction: 0xa8ec765340824f615175689348e514e872bae4ee8c655093f5dabc995011a3dd
[2m2025-12-10T10:08:18.991400Z[0m [34mDEBUG[0m [2methereum_transaction_pool_monitor::mempool_monitor[0m[2m:[0m 📨 Processing new pending transaction: 0xa8ec765340824f615175689348e514e872bae4ee8c655093f5dabc995011a3dd
[2m2025-12-10T10:08:18.991406Z[0m [34mDEBUG[0m [2methereum_transaction_pool_monitor::mempool_monitor[0m[2m:[0m 🔍 Fetching transaction details for: 0xa8ec765340824f615175689348e514e872bae4ee8c655093f5dabc995011a3dd
[2m2025-12-10T10:08:18.991411Z[0m [34mDEBUG[0m [2methereum_transaction_pool_monitor::eth_client[0m[2m:[0m 🔍 Fetching transaction details for hash: 0xa8ec765340824f615175689348e514e872bae4ee8c655093f5dabc995011a3dd
[2m2025-12-10T10:08:18.991405Z[0m [34mDEBUG[0m [2mhyper::client::pool[0m[2m:[0m pooling idle connection for ("http", 192.168.0.14:8545)
[2m2025-12-10T10:08:18.991436Z[0m [34mDEBUG[0m [2mhyper::client::pool[0m[2m:[0m reuse idle connection for ("http", 192.168.0.14:8545)
[2m2025-12-10T10:08:18.991460Z[0m [34mDEBUG[0m [2mhyper::proto::h1::io[0m[2m:[0m flushed 250 bytes
[2m2025-12-10T10:08:18.995973Z[0m [34mDEBUG[0m [2mhyper::client::pool[0m[2m:[0m reuse idle connection for ("http", 192.168.0.14:8545)
[2m2025-12-10T10:08:18.996005Z[0m [34mDEBUG[0m [2mhyper::proto::h1::io[0m[2m:[0m flushed 172 bytes
[2m2025-12-10T10:08:19.009560Z[0m [34mDEBUG[0m [2mhyper::proto::h1::io[0m[2m:[0m parsed 4 headers
[2m2025-12-10T10:08:19.009576Z[0m [34mDEBUG[0m [2mhyper::proto::h1::conn[0m[2m:[0m incoming body is content-length (774 bytes)
[2m2025-12-10T10:08:19.009586Z[0m [34mDEBUG[0m [2mhyper::proto::h1::conn[0m[2m:[0m incoming body completed
[2m2025-12-10T10:08:19.009601Z[0m [34mDEBUG[0m [2mhyper::client::pool[0m[2m:[0m pooling idle connection for ("http", 192.168.0.14:8545)
[2m2025-12-10T10:08:19.009610Z[0m [34mDEBUG[0m [2methereum_transaction_pool_monitor::eth_client[0m[2m:[0m 📡 Transaction fetch RPC completed in 18.194875ms
[2m2025-12-10T10:08:19.087588Z[0m [34mDEBUG[0m [2methereum_transaction_pool_monitor::eth_client[0m[2m:[0m ✅ Transaction 0xa8ec765340824f615175689348e514e872bae4ee8c655093f5dabc995011a3dd fetched and parsed in 96.168708ms
[2m2025-12-10T10:08:19.087613Z[0m [34mDEBUG[0m [2methereum_transaction_pool_monitor::mempool_monitor[0m[2m:[0m 🔍 Skipping tx 0xa8ec765340824f615175689348e514e872bae4ee8c655093f5dabc995011a3dd - not a DEX interaction (target: 0xdeFA4e8a7bcBA345F687a2f1456F5Edd9CE97202)
[2m2025-12-10T10:08:19.087657Z[0m [34mDEBUG[0m [2methereum_transaction_pool_monitor::eth_client[0m[2m:[0m 📨 Received WebSocket message: {"jsonrpc":"2.0","method":"eth_subscription","params":{"subscription":"0xbed0a0851463e895960a451075a301a9","result":"0x0e13c119da66dbd96f5a025ba8d1546b6c5cec77f75212421f119677c7f05adb"}}
[2m2025-12-10T10:08:19.087667Z[0m [34mDEBUG[0m [2methereum_transaction_pool_monitor::eth_client[0m[2m:[0m 📨 Received pending transaction: 0x0e13c119da66dbd96f5a025ba8d1546b6c5cec77f75212421f119677c7f05adb
[2m2025-12-10T10:08:19.087667Z[0m [34mDEBUG[0m [2mhyper::proto::h1::io[0m[2m:[0m parsed 4 headers
[2m2025-12-10T10:08:19.087700Z[0m [34mDEBUG[0m [2mhyper::proto::h1::conn[0m[2m:[0m incoming body is content-length (45 bytes)
[2m2025-12-10T10:08:19.087674Z[0m [34mDEBUG[0m [2methereum_transaction_pool_monitor::mempool_monitor[0m[2m:[0m 📨 Processing new pending transaction: 0x0e13c119da66dbd96f5a025ba8d1546b6c5cec77f75212421f119677c7f05adb
[2m2025-12-10T10:08:19.087731Z[0m [34mDEBUG[0m [2methereum_transaction_pool_monitor::mempool_monitor[0m[2m:[0m 🔍 Fetching transaction details for: 0x0e13c119da66dbd96f5a025ba8d1546b6c5cec77f75212421f119677c7f05adb
[2m2025-12-10T10:08:19.087713Z[0m [34mDEBUG[0m [2mhyper::proto::h1::conn[0m[2m:[0m incoming body completed
[2m2025-12-10T10:08:19.087737Z[0m [34mDEBUG[0m [2methereum_transaction_pool_monitor::eth_client[0m[2m:[0m 🔍 Fetching transaction details for hash: 0x0e13c119da66dbd96f5a025ba8d1546b6c5cec77f75212421f119677c7f05adb
[2m2025-12-10T10:08:19.087783Z[0m [34mDEBUG[0m [2mhyper::client::pool[0m[2m:[0m pooling idle connection for ("http", 192.168.0.14:8545)
[2m2025-12-10T10:08:19.087804Z[0m [34mDEBUG[0m [2mhyper::client::pool[0m[2m:[0m reuse idle connection for ("http", 192.168.0.14:8545)
[2m2025-12-10T10:08:19.087857Z[0m [34mDEBUG[0m [2mhyper::proto::h1::io[0m[2m:[0m flushed 250 bytes
[2m2025-12-10T10:08:19.095830Z[0m [34mDEBUG[0m [2mhyper::client::pool[0m[2m:[0m reuse idle connection for ("http", 192.168.0.14:8545)
[2m2025-12-10T10:08:19.095858Z[0m [34mDEBUG[0m [2mhyper::proto::h1::io[0m[2m:[0m parsed 4 headers
[2m2025-12-10T10:08:19.095891Z[0m [34mDEBUG[0m [2mhyper::proto::h1::io[0m[2m:[0m flushed 172 bytes
[2m2025-12-10T10:08:19.095905Z[0m [34mDEBUG[0m [2mhyper::proto::h1::conn[0m[2m:[0m incoming body is content-length (771 bytes)
[2m2025-12-10T10:08:19.095927Z[0m [34mDEBUG[0m [2mhyper::proto::h1::conn[0m[2m:[0m incoming body completed
[2m2025-12-10T10:08:19.095939Z[0m [34mDEBUG[0m [2mhyper::client::pool[0m[2m:[0m pooling idle connection for ("http", 192.168.0.14:8545)
[2m2025-12-10T10:08:19.095945Z[0m [34mDEBUG[0m [2methereum_transaction_pool_monitor::eth_client[0m[2m:[0m 📡 Transaction fetch RPC completed in 8.166667ms
[2m2025-12-10T10:08:19.095964Z[0m [34mDEBUG[0m [2methereum_transaction_pool_monitor::eth_client[0m[2m:[0m DeFi transaction detected - Address: 0xdac17f958d2ee523a2206206994597c13d831ec7, Type: Stablecoin, Value: 0 ETH, Gas: 0.74 Gwei
[2m2025-12-10T10:08:19.095981Z[0m [34mDEBUG[0m [2methereum_transaction_pool_monitor::eth_client[0m[2m:[0m ✅ Transaction 0x0e13c119da66dbd96f5a025ba8d1546b6c5cec77f75212421f119677c7f05adb fetched and parsed in 8.202083ms
[2m2025-12-10T10:08:19.095991Z[0m [34mDEBUG[0m [2methereum_transaction_pool_monitor::mempool_monitor[0m[2m:[0m 🔍 Skipping tx 0x0e13c119da66dbd96f5a025ba8d1546b6c5cec77f75212421f119677c7f05adb - not a DEX interaction (target: 0xdAC17F958D2ee523a2206206994597C13D831ec7)
[2m2025-12-10T10:08:19.099398Z[0m [34mDEBUG[0m [2mhyper::proto::h1::io[0m[2m:[0m parsed 4 headers
[2m2025-12-10T10:08:19.099420Z[0m [34mDEBUG[0m [2mhyper::proto::h1::conn[0m[2m:[0m incoming body is content-length (45 bytes)
[2m2025-12-10T10:08:19.099429Z[0m [34mDEBUG[0m [2mhyper::proto::h1::conn[0m[2m:[0m incoming body completed
[2m2025-12-10T10:08:19.099441Z[0m [34mDEBUG[0m [2mhyper::client::pool[0m[2m:[0m pooling idle connection for ("http", 192.168.0.14:8545)
[2m2025-12-10T10:08:19.142804Z[0m [34mDEBUG[0m [2methereum_transaction_pool_monitor::eth_client[0m[2m:[0m 📨 Received WebSocket message: {"jsonrpc":"2.0","method":"eth_subscription","params":{"subscription":"0xbed0a0851463e895960a451075a301a9","result":"0x907b743e0042e1ad1029a887cbef383c3e417f5f8ec5c83ae885087840932097"}}
[2m2025-12-10T10:08:19.142853Z[0m [34mDEBUG[0m [2methereum_transaction_pool_monitor::eth_client[0m[2m:[0m 📨 Received pending transaction: 0x907b743e0042e1ad1029a887cbef383c3e417f5f8ec5c83ae885087840932097
[2m2025-12-10T10:08:19.142874Z[0m [34mDEBUG[0m [2methereum_transaction_pool_monitor::mempool_monitor[0m[2m:[0m 📨 Processing new pending transaction: 0x907b743e0042e1ad1029a887cbef383c3e417f5f8ec5c83ae885087840932097
[2m2025-12-10T10:08:19.142888Z[0m [34mDEBUG[0m [2methereum_transaction_pool_monitor::mempool_monitor[0m[2m:[0m 🔍 Fetching transaction details for: 0x907b743e0042e1ad1029a887cbef383c3e417f5f8ec5c83ae885087840932097
[2m2025-12-10T10:08:19.142898Z[0m [34mDEBUG[0m [2methereum_transaction_pool_monitor::eth_client[0m[2m:[0m 🔍 Fetching transaction details for hash: 0x907b743e0042e1ad1029a887cbef383c3e417f5f8ec5c83ae885087840932097
[2m2025-12-10T10:08:19.142937Z[0m [34mDEBUG[0m [2mhyper::client::pool[0m[2m:[0m reuse idle connection for ("http", 192.168.0.14:8545)
[2m2025-12-10T10:08:19.142988Z[0m [34mDEBUG[0m [2mhyper::proto::h1::io[0m[2m:[0m flushed 250 bytes
[2m2025-12-10T10:08:19.147919Z[0m [34mDEBUG[0m [2mhyper::proto::h1::io[0m[2m:[0m parsed 4 headers
[2m2025-12-10T10:08:19.147948Z[0m [34mDEBUG[0m [2mhyper::proto::h1::conn[0m[2m:[0m incoming body is content-length (676 bytes)
[2m2025-12-10T10:08:19.147960Z[0m [34mDEBUG[0m [2mhyper::proto::h1::conn[0m[2m:[0m incoming body completed
[2m2025-12-10T10:08:19.147976Z[0m [34mDEBUG[0m [2mhyper::client::pool[0m[2m:[0m pooling idle connection for ("http", 192.168.0.14:8545)
[2m2025-12-10T10:08:19.147987Z[0m [34mDEBUG[0m [2methereum_transaction_pool_monitor::eth_client[0m[2m:[0m 📡 Transaction fetch RPC completed in 5.075584ms
[2m2025-12-10T10:08:19.148009Z[0m [34mDEBUG[0m [2methereum_transaction_pool_monitor::eth_client[0m[2m:[0m DeFi transaction detected - Address: 0xdac17f958d2ee523a2206206994597c13d831ec7, Type: Stablecoin, Value: 0 ETH, Gas: 0.32 Gwei
[2m2025-12-10T10:08:19.148027Z[0m [34mDEBUG[0m [2methereum_transaction_pool_monitor::eth_client[0m[2m:[0m ✅ Transaction 0x907b743e0042e1ad1029a887cbef383c3e417f5f8ec5c83ae885087840932097 fetched and parsed in 5.115459ms
[2m2025-12-10T10:08:19.148034Z[0m [34mDEBUG[0m [2methereum_transaction_pool_monitor::mempool_monitor[0m[2m:[0m 🔍 Skipping tx 0x907b743e0042e1ad1029a887cbef383c3e417f5f8ec5c83ae885087840932097 - not a DEX interaction (target: 0xdAC17F958D2ee523a2206206994597C13D831ec7)
[2m2025-12-10T10:08:19.170064Z[0m [34mDEBUG[0m [2methereum_transaction_pool_monitor::eth_client[0m[2m:[0m 📨 Received WebSocket message: {"jsonrpc":"2.0","method":"eth_subscription","params":{"subscription":"0xbed0a0851463e895960a451075a301a9","result":"0xd56d5d4d1082e601619ef6f731551daf75eb131bf18e2a1c8f127e74441e54b7"}}
[2m2025-12-10T10:08:19.170174Z[0m [34mDEBUG[0m [2methereum_transaction_pool_monitor::eth_client[0m[2m:[0m 📨 Received pending transaction: 0xd56d5d4d1082e601619ef6f731551daf75eb131bf18e2a1c8f127e74441e54b7
[2m2025-12-10T10:08:19.170193Z[0m [34mDEBUG[0m [2methereum_transaction_pool_monitor::mempool_monitor[0m[2m:[0m 📨 Processing new pending transaction: 0xd56d5d4d1082e601619ef6f731551daf75eb131bf18e2a1c8f127e74441e54b7
[2m2025-12-10T10:08:19.170202Z[0m [34mDEBUG[0m [2methereum_transaction_pool_monitor::mempool_monitor[0m[2m:[0m 🔍 Fetching transaction details for: 0xd56d5d4d1082e601619ef6f731551daf75eb131bf18e2a1c8f127e74441e54b7
[2m2025-12-10T10:08:19.170206Z[0m [34mDEBUG[0m [2methereum_transaction_pool_monitor::eth_client[0m[2m:[0m 🔍 Fetching transaction details for hash: 0xd56d5d4d1082e601619ef6f731551daf75eb131bf18e2a1c8f127e74441e54b7
[2m2025-12-10T10:08:19.170241Z[0m [34mDEBUG[0m [2mhyper::client::pool[0m[2m:[0m reuse idle connection for ("http", 192.168.0.14:8545)
[2m2025-12-10T10:08:19.170307Z[0m [34mDEBUG[0m [2mhyper::proto::h1::io[0m[2m:[0m flushed 250 bytes
[2m2025-12-10T10:08:19.176452Z[0m [34mDEBUG[0m [2mhyper::proto::h1::io[0m[2m:[0m parsed 4 headers
[2m2025-12-10T10:08:19.176478Z[0m [34mDEBUG[0m [2mhyper::proto::h1::conn[0m[2m:[0m incoming body is content-length (640 bytes)
[2m2025-12-10T10:08:19.176498Z[0m [34mDEBUG[0m [2mhyper::proto::h1::conn[0m[2m:[0m incoming body completed
[2m2025-12-10T10:08:19.176521Z[0m [34mDEBUG[0m [2mhyper::client::pool[0m[2m:[0m pooling idle connection for ("http", 192.168.0.14:8545)
[2m2025-12-10T10:08:19.176539Z[0m [34mDEBUG[0m [2methereum_transaction_pool_monitor::eth_client[0m[2m:[0m 📡 Transaction fetch RPC completed in 6.327666ms
[2m2025-12-10T10:08:19.366184Z[0m [34mDEBUG[0m [2methereum_transaction_pool_monitor::eth_client[0m[2m:[0m ✅ Transaction 0xd56d5d4d1082e601619ef6f731551daf75eb131bf18e2a1c8f127e74441e54b7 fetched and parsed in 195.968166ms
[2m2025-12-10T10:08:19.366217Z[0m [34mDEBUG[0m [2methereum_transaction_pool_monitor::mempool_monitor[0m[2m:[0m 🔍 Skipping tx 0xd56d5d4d1082e601619ef6f731551daf75eb131bf18e2a1c8f127e74441e54b7 - not a DEX interaction (target: 0x307576Dd4F73f91BB8c4A2EdB762938E8e067d31)
[2m2025-12-10T10:08:19.366332Z[0m [34mDEBUG[0m [2methereum_transaction_pool_monitor::eth_client[0m[2m:[0m 📨 Received WebSocket message: {"jsonrpc":"2.0","method":"eth_subscription","params":{"subscription":"0xbed0a0851463e895960a451075a301a9","result":"0xdf12e040cf4d47c8bdf43b460c131899a50a845c9390dc7199c968f82f9c3fde"}}
[2m2025-12-10T10:08:19.366339Z[0m [34mDEBUG[0m [2mhyper::client::pool[0m[2m:[0m reuse idle connection for ("http", 192.168.0.14:8545)
[2m2025-12-10T10:08:19.366380Z[0m [34mDEBUG[0m [2methereum_transaction_pool_monitor::eth_client[0m[2m:[0m 📨 Received pending transaction: 0xdf12e040cf4d47c8bdf43b460c131899a50a845c9390dc7199c968f82f9c3fde
[2m2025-12-10T10:08:19.366399Z[0m [34mDEBUG[0m [2methereum_transaction_pool_monitor::eth_client[0m[2m:[0m 📨 Received WebSocket message: {"jsonrpc":"2.0","method":"eth_subscription","params":{"subscription":"0xbed0a0851463e895960a451075a301a9","result":"0x350bc614ef118bd69083be8796382439770091335715ffbd05d68c5609a238d8"}}
[2m2025-12-10T10:08:19.366412Z[0m [34mDEBUG[0m [2methereum_transaction_pool_monitor::eth_client[0m[2m:[0m 📨 Received pending transaction: 0x350bc614ef118bd69083be8796382439770091335715ffbd05d68c5609a238d8
[2m2025-12-10T10:08:19.366421Z[0m [34mDEBUG[0m [2mhyper::proto::h1::io[0m[2m:[0m flushed 172 bytes
[2m2025-12-10T10:08:19.366424Z[0m [34mDEBUG[0m [2methereum_transaction_pool_monitor::mempool_monitor[0m[2m:[0m 📨 Processing new pending transaction: 0xdf12e040cf4d47c8bdf43b460c131899a50a845c9390dc7199c968f82f9c3fde
[2m2025-12-10T10:08:19.366446Z[0m [34mDEBUG[0m [2methereum_transaction_pool_monitor::mempool_monitor[0m[2m:[0m 🔍 Fetching transaction details for: 0xdf12e040cf4d47c8bdf43b460c131899a50a845c9390dc7199c968f82f9c3fde
[2m2025-12-10T10:08:19.366452Z[0m [34mDEBUG[0m [2methereum_transaction_pool_monitor::eth_client[0m[2m:[0m 🔍 Fetching transaction details for hash: 0xdf12e040cf4d47c8bdf43b460c131899a50a845c9390dc7199c968f82f9c3fde
[2m2025-12-10T10:08:19.366465Z[0m [34mDEBUG[0m [2mhyper::client::pool[0m[2m:[0m reuse idle connection for ("http", 192.168.0.14:8545)
[2m2025-12-10T10:08:19.366478Z[0m [34mDEBUG[0m [2mhyper::proto::h1::io[0m[2m:[0m flushed 250 bytes
[2m2025-12-10T10:08:19.377904Z[0m [34mDEBUG[0m [2mhyper::proto::h1::io[0m[2m:[0m parsed 4 headers
[2m2025-12-10T10:08:19.377920Z[0m [34mDEBUG[0m [2mhyper::proto::h1::conn[0m[2m:[0m incoming body is content-length (1794 bytes)
[2m2025-12-10T10:08:19.377965Z[0m [34mDEBUG[0m [2methereum_transaction_pool_monitor::eth_client[0m[2m:[0m 📡 Transaction fetch RPC completed in 11.50875ms
[2m2025-12-10T10:08:19.378782Z[0m [34mDEBUG[0m [2mhyper::proto::h1::io[0m[2m:[0m parsed 4 headers
[2m2025-12-10T10:08:19.378788Z[0m [34mDEBUG[0m [2mhyper::proto::h1::conn[0m[2m:[0m incoming body is content-length (45 bytes)
[2m2025-12-10T10:08:19.378793Z[0m [34mDEBUG[0m [2mhyper::proto::h1::conn[0m[2m:[0m incoming body completed
[2m2025-12-10T10:08:19.378803Z[0m [34mDEBUG[0m [2mhyper::client::pool[0m[2m:[0m pooling idle connection for ("http", 192.168.0.14:8545)
[2m2025-12-10T10:08:19.378815Z[0m [34mDEBUG[0m [2mhyper::proto::h1::conn[0m[2m:[0m incoming body completed
[2m2025-12-10T10:08:19.378832Z[0m [34mDEBUG[0m [2mhyper::client::pool[0m[2m:[0m reuse idle connection for ("http", 192.168.0.14:8545)
[2m2025-12-10T10:08:19.378851Z[0m [34mDEBUG[0m [2mhyper::client::pool[0m[2m:[0m pooling idle connection for ("http", 192.168.0.14:8545)
[2m2025-12-10T10:08:19.378896Z[0m [34mDEBUG[0m [2mhyper::proto::h1::io[0m[2m:[0m flushed 172 bytes
[2m2025-12-10T10:08:19.384063Z[0m [34mDEBUG[0m [2mhyper::proto::h1::io[0m[2m:[0m parsed 4 headers
[2m2025-12-10T10:08:19.384103Z[0m [34mDEBUG[0m [2mhyper::proto::h1::conn[0m[2m:[0m incoming body is content-length (45 bytes)
[2m2025-12-10T10:08:19.384120Z[0m [34mDEBUG[0m [2mhyper::proto::h1::conn[0m[2m:[0m incoming body completed
[2m2025-12-10T10:08:19.384141Z[0m [34mDEBUG[0m [2mhyper::client::pool[0m[2m:[0m pooling idle connection for ("http", 192.168.0.14:8545)
[2m2025-12-10T10:08:19.396250Z[0m [34mDEBUG[0m [2mhyper::client::pool[0m[2m:[0m reuse idle connection for ("http", 192.168.0.14:8545)
[2m2025-12-10T10:08:19.396352Z[0m [34mDEBUG[0m [2mhyper::proto::h1::io[0m[2m:[0m flushed 172 bytes
[2m2025-12-10T10:08:19.407243Z[0m [34mDEBUG[0m [2mhyper::proto::h1::io[0m[2m:[0m parsed 4 headers
[2m2025-12-10T10:08:19.407276Z[0m [34mDEBUG[0m [2mhyper::proto::h1::conn[0m[2m:[0m incoming body is content-length (45 bytes)
[2m2025-12-10T10:08:19.407287Z[0m [34mDEBUG[0m [2mhyper::proto::h1::conn[0m[2m:[0m incoming body completed
[2m2025-12-10T10:08:19.407301Z[0m [34mDEBUG[0m [2mhyper::client::pool[0m[2m:[0m pooling idle connection for ("http", 192.168.0.14:8545)
[2m2025-12-10T10:08:19.421389Z[0m [34mDEBUG[0m [2methereum_transaction_pool_monitor::eth_client[0m[2m:[0m 📨 Received WebSocket message: {"jsonrpc":"2.0","method":"eth_subscription","params":{"subscription":"0xbed0a0851463e895960a451075a301a9","result":"0xef5a1f4151fbe5a489b0cf0f2d8f56de2fdfc48b37f2010305056917ac7e3b30"}}
[2m2025-12-10T10:08:19.421416Z[0m [34mDEBUG[0m [2methereum_transaction_pool_monitor::eth_client[0m[2m:[0m 📨 Received pending transaction: 0xef5a1f4151fbe5a489b0cf0f2d8f56de2fdfc48b37f2010305056917ac7e3b30
[2m2025-12-10T10:08:19.495998Z[0m [34mDEBUG[0m [2mhyper::client::pool[0m[2m:[0m reuse idle connection for ("http", 192.168.0.14:8545)
[2m2025-12-10T10:08:19.496092Z[0m [34mDEBUG[0m [2mhyper::proto::h1::io[0m[2m:[0m flushed 172 bytes
[2m2025-12-10T10:08:19.499303Z[0m [34mDEBUG[0m [2mhyper::proto::h1::io[0m[2m:[0m parsed 4 headers
[2m2025-12-10T10:08:19.499356Z[0m [34mDEBUG[0m [2mhyper::proto::h1::conn[0m[2m:[0m incoming body is content-length (45 bytes)
[2m2025-12-10T10:08:19.499380Z[0m [34mDEBUG[0m [2mhyper::proto::h1::conn[0m[2m:[0m incoming body completed
[2m2025-12-10T10:08:19.499394Z[0m [34mDEBUG[0m [2mhyper::client::pool[0m[2m:[0m pooling idle connection for ("http", 192.168.0.14:8545)
[2m2025-12-10T10:08:19.550072Z[0m [34mDEBUG[0m [2methereum_transaction_pool_monitor::eth_client[0m[2m:[0m 📨 Received WebSocket message: {"jsonrpc":"2.0","method":"eth_subscription","params":{"subscription":"0xbed0a0851463e895960a451075a301a9","result":"0x4d06b91c6c6f05afad0aed1f64f796ece39a713e2b0f70519be23bc802cca4a0"}}
[2m2025-12-10T10:08:19.550130Z[0m [34mDEBUG[0m [2methereum_transaction_pool_monitor::eth_client[0m[2m:[0m 📨 Received pending transaction: 0x4d06b91c6c6f05afad0aed1f64f796ece39a713e2b0f70519be23bc802cca4a0
[2m2025-12-10T10:08:19.595657Z[0m [34mDEBUG[0m [2mhyper::client::pool[0m[2m:[0m reuse idle connection for ("http", 192.168.0.14:8545)
[2m2025-12-10T10:08:19.595772Z[0m [34mDEBUG[0m [2mhyper::proto::h1::io[0m[2m:[0m flushed 172 bytes
[2m2025-12-10T10:08:19.599902Z[0m [34mDEBUG[0m [2mhyper::proto::h1::io[0m[2m:[0m parsed 4 headers
[2m2025-12-10T10:08:19.599931Z[0m [34mDEBUG[0m [2mhyper::proto::h1::conn[0m[2m:[0m incoming body is content-length (45 bytes)
[2m2025-12-10T10:08:19.599943Z[0m [34mDEBUG[0m [2mhyper::proto::h1::conn[0m[2m:[0m incoming body completed
[2m2025-12-10T10:08:19.599976Z[0m [34mDEBUG[0m [2mhyper::client::pool[0m[2m:[0m pooling idle connection for ("http", 192.168.0.14:8545)
[2m2025-12-10T10:08:19.615967Z[0m [34mDEBUG[0m [2methereum_transaction_pool_monitor::eth_client[0m[2m:[0m 📨 Received WebSocket message: {"jsonrpc":"2.0","method":"eth_subscription","params":{"subscription":"0xbed0a0851463e895960a451075a301a9","result":"0x65c9001d46e8aa5416160103c1f5696c24cfe74d82b3ae9d58120680190b41cd"}}
[2m2025-12-10T10:08:19.615998Z[0m [34mDEBUG[0m [2methereum_transaction_pool_monitor::eth_client[0m[2m:[0m 📨 Received pending transaction: 0x65c9001d46e8aa5416160103c1f5696c24cfe74d82b3ae9d58120680190b41cd
[2m2025-12-10T10:08:19.651261Z[0m [34mDEBUG[0m [2methereum_transaction_pool_monitor::eth_client[0m[2m:[0m 📨 Received WebSocket message: {"jsonrpc":"2.0","method":"eth_subscription","params":{"subscription":"0xbed0a0851463e895960a451075a301a9","result":"0x97256a14807950020930a58671c5a46462b76473f23e018580ea1d64177e8d35"}}
[2m2025-12-10T10:08:19.651341Z[0m [34mDEBUG[0m [2methereum_transaction_pool_monitor::eth_client[0m[2m:[0m 📨 Received pending transaction: 0x97256a14807950020930a58671c5a46462b76473f23e018580ea1d64177e8d35
[2m2025-12-10T10:08:19.696471Z[0m [34mDEBUG[0m [2mhyper::client::pool[0m[2m:[0m reuse idle connection for ("http", 192.168.0.14:8545)
[2m2025-12-10T10:08:19.696559Z[0m [34mDEBUG[0m [2mhyper::proto::h1::io[0m[2m:[0m flushed 172 bytes
[2m2025-12-10T10:08:19.700863Z[0m [34mDEBUG[0m [2mhyper::proto::h1::io[0m[2m:[0m parsed 4 headers
[2m2025-12-10T10:08:19.700902Z[0m [34mDEBUG[0m [2mhyper::proto::h1::conn[0m[2m:[0m incoming body is content-length (45 bytes)
[2m2025-12-10T10:08:19.700926Z[0m [34mDEBUG[0m [2mhyper::proto::h1::conn[0m[2m:[0m incoming body completed
[2m2025-12-10T10:08:19.700954Z[0m [34mDEBUG[0m [2mhyper::client::pool[0m[2m:[0m pooling idle connection for ("http", 192.168.0.14:8545)
[2m2025-12-10T10:08:19.725503Z[0m [34mDEBUG[0m [2methereum_transaction_pool_monitor::eth_client[0m[2m:[0m ✅ Transaction 0xdf12e040cf4d47c8bdf43b460c131899a50a845c9390dc7199c968f82f9c3fde fetched and parsed in 359.040291ms
[2m2025-12-10T10:08:19.725530Z[0m [34mDEBUG[0m [2methereum_transaction_pool_monitor::mempool_monitor[0m[2m:[0m 🔍 Skipping tx 0xdf12e040cf4d47c8bdf43b460c131899a50a845c9390dc7199c968f82f9c3fde - not a DEX interaction (target: 0xe8070a4FE798C0569e20729573DDec558e91a68a)
[2m2025-12-10T10:08:19.725541Z[0m [34mDEBUG[0m [2methereum_transaction_pool_monitor::mempool_monitor[0m[2m:[0m 📨 Processing new pending transaction: 0x350bc614ef118bd69083be8796382439770091335715ffbd05d68c5609a238d8
[2m2025-12-10T10:08:19.725545Z[0m [34mDEBUG[0m [2methereum_transaction_pool_monitor::mempool_monitor[0m[2m:[0m 🔍 Fetching transaction details for: 0x350bc614ef118bd69083be8796382439770091335715ffbd05d68c5609a238d8
[2m2025-12-10T10:08:19.725549Z[0m [34mDEBUG[0m [2methereum_transaction_pool_monitor::eth_client[0m[2m:[0m 🔍 Fetching transaction details for hash: 0x350bc614ef118bd69083be8796382439770091335715ffbd05d68c5609a238d8
[2m2025-12-10T10:08:19.725571Z[0m [34mDEBUG[0m [2mhyper::client::pool[0m[2m:[0m reuse idle connection for ("http", 192.168.0.14:8545)
[2m2025-12-10T10:08:19.725626Z[0m [34mDEBUG[0m [2mhyper::proto::h1::io[0m[2m:[0m flushed 250 bytes
[2m2025-12-10T10:08:19.731733Z[0m [34mDEBUG[0m [2mhyper::proto::h1::io[0m[2m:[0m parsed 4 headers
[2m2025-12-10T10:08:19.731750Z[0m [34mDEBUG[0m [2mhyper::proto::h1::conn[0m[2m:[0m incoming body is content-length (648 bytes)
[2m2025-12-10T10:08:19.731759Z[0m [34mDEBUG[0m [2mhyper::proto::h1::conn[0m[2m:[0m incoming body completed
[2m2025-12-10T10:08:19.731772Z[0m [34mDEBUG[0m [2mhyper::client::pool[0m[2m:[0m pooling idle connection for ("http", 192.168.0.14:8545)
[2m2025-12-10T10:08:19.731781Z[0m [34mDEBUG[0m [2methereum_transaction_pool_monitor::eth_client[0m[2m:[0m 📡 Transaction fetch RPC completed in 6.228834ms
[2m2025-12-10T10:08:19.809937Z[0m [34mDEBUG[0m [2methereum_transaction_pool_monitor::eth_client[0m[2m:[0m ✅ Transaction 0x350bc614ef118bd69083be8796382439770091335715ffbd05d68c5609a238d8 fetched and parsed in 84.381792ms
[2m2025-12-10T10:08:19.809975Z[0m [34mDEBUG[0m [2methereum_transaction_pool_monitor::mempool_monitor[0m[2m:[0m 🔍 Skipping tx 0x350bc614ef118bd69083be8796382439770091335715ffbd05d68c5609a238d8 - not a DEX interaction (target: 0x916Dc5E21e983CD3C080ee3841436CEEAd1E1f03)
[2m2025-12-10T10:08:19.809989Z[0m [34mDEBUG[0m [2methereum_transaction_pool_monitor::mempool_monitor[0m[2m:[0m 📨 Processing new pending transaction: 0xef5a1f4151fbe5a489b0cf0f2d8f56de2fdfc48b37f2010305056917ac7e3b30
[2m2025-12-10T10:08:19.809996Z[0m [34mDEBUG[0m [2methereum_transaction_pool_monitor::mempool_monitor[0m[2m:[0m 🔍 Fetching transaction details for: 0xef5a1f4151fbe5a489b0cf0f2d8f56de2fdfc48b37f2010305056917ac7e3b30
[2m2025-12-10T10:08:19.810001Z[0m [34mDEBUG[0m [2methereum_transaction_pool_monitor::eth_client[0m[2m:[0m 🔍 Fetching transaction details for hash: 0xef5a1f4151fbe5a489b0cf0f2d8f56de2fdfc48b37f2010305056917ac7e3b30
[2m2025-12-10T10:08:19.810025Z[0m [34mDEBUG[0m [2mhyper::client::pool[0m[2m:[0m reuse idle connection for ("http", 192.168.0.14:8545)
[2m2025-12-10T10:08:19.810098Z[0m [34mDEBUG[0m [2mhyper::proto::h1::io[0m[2m:[0m flushed 250 bytes
[2m2025-12-10T10:08:19.810155Z[0m [34mDEBUG[0m [2mhyper::client::pool[0m[2m:[0m reuse idle connection for ("http", 192.168.0.14:8545)
[2m2025-12-10T10:08:19.810255Z[0m [34mDEBUG[0m [2mhyper::proto::h1::io[0m[2m:[0m flushed 172 bytes
[2m2025-12-10T10:08:19.820586Z[0m [34mDEBUG[0m [2mhyper::proto::h1::io[0m[2m:[0m parsed 4 headers
[2m2025-12-10T10:08:19.820606Z[0m [34mDEBUG[0m [2mhyper::proto::h1::conn[0m[2m:[0m incoming body is content-length (769 bytes)
[2m2025-12-10T10:08:19.820615Z[0m [34mDEBUG[0m [2mhyper::proto::h1::conn[0m[2m:[0m incoming body completed
[2m2025-12-10T10:08:19.820627Z[0m [34mDEBUG[0m [2mhyper::client::pool[0m[2m:[0m pooling idle connection for ("http", 192.168.0.14:8545)
[2m2025-12-10T10:08:19.820635Z[0m [34mDEBUG[0m [2methereum_transaction_pool_monitor::eth_client[0m[2m:[0m 📡 Transaction fetch RPC completed in 10.63ms
[2m2025-12-10T10:08:19.820655Z[0m [34mDEBUG[0m [2methereum_transaction_pool_monitor::eth_client[0m[2m:[0m DeFi transaction detected - Address: 0xdac17f958d2ee523a2206206994597c13d831ec7, Type: Stablecoin, Value: 0 ETH, Gas: 0.26 Gwei
[2m2025-12-10T10:08:19.820669Z[0m [34mDEBUG[0m [2methereum_transaction_pool_monitor::eth_client[0m[2m:[0m ✅ Transaction 0xef5a1f4151fbe5a489b0cf0f2d8f56de2fdfc48b37f2010305056917ac7e3b30 fetched and parsed in 10.663208ms
[2m2025-12-10T10:08:19.820675Z[0m [34mDEBUG[0m [2methereum_transaction_pool_monitor::mempool_monitor[0m[2m:[0m 🔍 Skipping tx 0xef5a1f4151fbe5a489b0cf0f2d8f56de2fdfc48b37f2010305056917ac7e3b30 - not a DEX interaction (target: 0xdAC17F958D2ee523a2206206994597C13D831ec7)
[2m2025-12-10T10:08:19.820682Z[0m [34mDEBUG[0m [2methereum_transaction_pool_monitor::mempool_monitor[0m[2m:[0m 📨 Processing new pending transaction: 0x4d06b91c6c6f05afad0aed1f64f796ece39a713e2b0f70519be23bc802cca4a0
[2m2025-12-10T10:08:19.820686Z[0m [34mDEBUG[0m [2methereum_transaction_pool_monitor::mempool_monitor[0m[2m:[0m 🔍 Fetching transaction details for: 0x4d06b91c6c6f05afad0aed1f64f796ece39a713e2b0f70519be23bc802cca4a0
[2m2025-12-10T10:08:19.820689Z[0m [34mDEBUG[0m [2methereum_transaction_pool_monitor::eth_client[0m[2m:[0m 🔍 Fetching transaction details for hash: 0x4d06b91c6c6f05afad0aed1f64f796ece39a713e2b0f70519be23bc802cca4a0
[2m2025-12-10T10:08:19.820704Z[0m [34mDEBUG[0m [2mhyper::client::pool[0m[2m:[0m reuse idle connection for ("http", 192.168.0.14:8545)
[2m2025-12-10T10:08:19.820739Z[0m [34mDEBUG[0m [2mhyper::proto::h1::io[0m[2m:[0m flushed 250 bytes
[2m2025-12-10T10:08:19.821210Z[0m [34mDEBUG[0m [2mhyper::proto::h1::io[0m[2m:[0m parsed 4 headers
[2m2025-12-10T10:08:19.821255Z[0m [34mDEBUG[0m [2mhyper::proto::h1::conn[0m[2m:[0m incoming body is content-length (45 bytes)
[2m2025-12-10T10:08:19.821275Z[0m [34mDEBUG[0m [2mhyper::proto::h1::conn[0m[2m:[0m incoming body completed
[2m2025-12-10T10:08:19.821314Z[0m [34mDEBUG[0m [2mhyper::client::pool[0m[2m:[0m pooling idle connection for ("http", 192.168.0.14:8545)
[2m2025-12-10T10:08:19.829529Z[0m [34mDEBUG[0m [2mhyper::proto::h1::io[0m[2m:[0m parsed 4 headers
[2m2025-12-10T10:08:19.829552Z[0m [34mDEBUG[0m [2mhyper::proto::h1::conn[0m[2m:[0m incoming body is content-length (1731 bytes)
[2m2025-12-10T10:08:19.829572Z[0m [34mDEBUG[0m [2methereum_transaction_pool_monitor::eth_client[0m[2m:[0m 📡 Transaction fetch RPC completed in 8.879209ms
[2m2025-12-10T10:08:19.832561Z[0m [34mDEBUG[0m [2mhyper::proto::h1::conn[0m[2m:[0m incoming body completed
[2m2025-12-10T10:08:19.832583Z[0m [34mDEBUG[0m [2mhyper::client::pool[0m[2m:[0m pooling idle connection for ("http", 192.168.0.14:8545)
[2m2025-12-10T10:08:19.880714Z[0m [34mDEBUG[0m [2methereum_transaction_pool_monitor::eth_client[0m[2m:[0m 📨 Received WebSocket message: {"jsonrpc":"2.0","method":"eth_subscription","params":{"subscription":"0xbed0a0851463e895960a451075a301a9","result":"0xa12dcc84abb4b00313b579a0309cb3e548611b5376b64ab128cb3c4873471d2f"}}
[2m2025-12-10T10:08:19.880749Z[0m [34mDEBUG[0m [2methereum_transaction_pool_monitor::eth_client[0m[2m:[0m 📨 Received pending transaction: 0xa12dcc84abb4b00313b579a0309cb3e548611b5376b64ab128cb3c4873471d2f
[2m2025-12-10T10:08:19.895714Z[0m [34mDEBUG[0m [2mhyper::client::pool[0m[2m:[0m reuse idle connection for ("http", 192.168.0.14:8545)
[2m2025-12-10T10:08:19.895823Z[0m [34mDEBUG[0m [2mhyper::proto::h1::io[0m[2m:[0m flushed 172 bytes
[2m2025-12-10T10:08:19.899931Z[0m [34mDEBUG[0m [2methereum_transaction_pool_monitor::eth_client[0m[2m:[0m 📨 Received WebSocket message: {"jsonrpc":"2.0","method":"eth_subscription","params":{"subscription":"0xbed0a0851463e895960a451075a301a9","result":"0xdf749b02a0311ebcb9b2a6e49a220d82026a6f65a5099267c3afaa32817e9099"}}
[2m2025-12-10T10:08:19.899932Z[0m [34mDEBUG[0m [2mhyper::proto::h1::io[0m[2m:[0m parsed 4 headers
[2m2025-12-10T10:08:19.899981Z[0m [34mDEBUG[0m [2mhyper::proto::h1::conn[0m[2m:[0m incoming body is content-length (45 bytes)
[2m2025-12-10T10:08:19.899978Z[0m [34mDEBUG[0m [2methereum_transaction_pool_monitor::eth_client[0m[2m:[0m 📨 Received pending transaction: 0xdf749b02a0311ebcb9b2a6e49a220d82026a6f65a5099267c3afaa32817e9099
[2m2025-12-10T10:08:19.900003Z[0m [34mDEBUG[0m [2mhyper::proto::h1::conn[0m[2m:[0m incoming body completed
[2m2025-12-10T10:08:19.900031Z[0m [34mDEBUG[0m [2mhyper::client::pool[0m[2m:[0m pooling idle connection for ("http", 192.168.0.14:8545)
[2m2025-12-10T10:08:19.907851Z[0m [34mDEBUG[0m [2methereum_transaction_pool_monitor::eth_client[0m[2m:[0m ✅ Transaction 0x4d06b91c6c6f05afad0aed1f64f796ece39a713e2b0f70519be23bc802cca4a0 fetched and parsed in 87.155667ms
[2m2025-12-10T10:08:19.907869Z[0m [34mDEBUG[0m [2methereum_transaction_pool_monitor::mempool_monitor[0m[2m:[0m 🔍 Skipping tx 0x4d06b91c6c6f05afad0aed1f64f796ece39a713e2b0f70519be23bc802cca4a0 - not a DEX interaction (target: 0x601a2aD6CB5949f0529735254189Ba3194221EDF)
[2m2025-12-10T10:08:19.907879Z[0m [34mDEBUG[0m [2methereum_transaction_pool_monitor::mempool_monitor[0m[2m:[0m 📨 Processing new pending transaction: 0x65c9001d46e8aa5416160103c1f5696c24cfe74d82b3ae9d58120680190b41cd
[2m2025-12-10T10:08:19.907884Z[0m [34mDEBUG[0m [2methereum_transaction_pool_monitor::mempool_monitor[0m[2m:[0m 🔍 Fetching transaction details for: 0x65c9001d46e8aa5416160103c1f5696c24cfe74d82b3ae9d58120680190b41cd
[2m2025-12-10T10:08:19.907888Z[0m [34mDEBUG[0m [2methereum_transaction_pool_monitor::eth_client[0m[2m:[0m 🔍 Fetching transaction details for hash: 0x65c9001d46e8aa5416160103c1f5696c24cfe74d82b3ae9d58120680190b41cd
[2m2025-12-10T10:08:19.907910Z[0m [34mDEBUG[0m [2mhyper::client::pool[0m[2m:[0m reuse idle connection for ("http", 192.168.0.14:8545)
[2m2025-12-10T10:08:19.907941Z[0m [34mDEBUG[0m [2mhyper::proto::h1::io[0m[2m:[0m flushed 250 bytes
[2m2025-12-10T10:08:19.915588Z[0m [34mDEBUG[0m [2mhyper::proto::h1::io[0m[2m:[0m parsed 4 headers
[2m2025-12-10T10:08:19.915625Z[0m [34mDEBUG[0m [2mhyper::proto::h1::conn[0m[2m:[0m incoming body is content-length (3334 bytes)
[2m2025-12-10T10:08:19.915643Z[0m [34mDEBUG[0m [2mhyper::proto::h1::conn[0m[2m:[0m incoming body completed
[2m2025-12-10T10:08:19.915666Z[0m [34mDEBUG[0m [2mhyper::client::pool[0m[2m:[0m pooling idle connection for ("http", 192.168.0.14:8545)
[2m2025-12-10T10:08:19.915683Z[0m [34mDEBUG[0m [2methereum_transaction_pool_monitor::eth_client[0m[2m:[0m 📡 Transaction fetch RPC completed in 7.791083ms
[2m2025-12-10T10:08:19.985900Z[0m [34mDEBUG[0m [2methereum_transaction_pool_monitor::eth_client[0m[2m:[0m ✅ Transaction 0x65c9001d46e8aa5416160103c1f5696c24cfe74d82b3ae9d58120680190b41cd fetched and parsed in 78.004625ms
[2m2025-12-10T10:08:19.985931Z[0m [34mDEBUG[0m [2methereum_transaction_pool_monitor::mempool_monitor[0m[2m:[0m 🔍 Skipping tx 0x65c9001d46e8aa5416160103c1f5696c24cfe74d82b3ae9d58120680190b41cd - not a DEX interaction (target: 0xA3222357a0eCCF60C73606170be6c99ADeCb59b3)
[2m2025-12-10T10:08:19.985942Z[0m [34mDEBUG[0m [2methereum_transaction_pool_monitor::mempool_monitor[0m[2m:[0m 📨 Processing new pending transaction: 0x97256a14807950020930a58671c5a46462b76473f23e018580ea1d64177e8d35
[2m2025-12-10T10:08:19.985949Z[0m [34mDEBUG[0m [2methereum_transaction_pool_monitor::mempool_monitor[0m[2m:[0m 🔍 Fetching transaction details for: 0x97256a14807950020930a58671c5a46462b76473f23e018580ea1d64177e8d35
[2m2025-12-10T10:08:19.985954Z[0m [34mDEBUG[0m [2methereum_transaction_pool_monitor::eth_client[0m[2m:[0m 🔍 Fetching transaction details for hash: 0x97256a14807950020930a58671c5a46462b76473f23e018580ea1d64177e8d35
[2m2025-12-10T10:08:19.985979Z[0m [34mDEBUG[0m [2mhyper::client::pool[0m[2m:[0m reuse idle connection for ("http", 192.168.0.14:8545)
[2m2025-12-10T10:08:19.986041Z[0m [34mDEBUG[0m [2mhyper::proto::h1::io[0m[2m:[0m flushed 250 bytes
[2m2025-12-10T10:08:19.996153Z[0m [34mDEBUG[0m [2mhyper::proto::h1::io[0m[2m:[0m parsed 4 headers
[2m2025-12-10T10:08:19.996153Z[0m [34mDEBUG[0m [2mhyper::client::pool[0m[2m:[0m reuse idle connection for ("http", 192.168.0.14:8545)
[2m2025-12-10T10:08:19.996172Z[0m [34mDEBUG[0m [2mhyper::proto::h1::conn[0m[2m:[0m incoming body is content-length (648 bytes)
[2m2025-12-10T10:08:19.996193Z[0m [34mDEBUG[0m [2mhyper::proto::h1::conn[0m[2m:[0m incoming body completed
[2m2025-12-10T10:08:19.996204Z[0m [34mDEBUG[0m [2mhyper::client::pool[0m[2m:[0m pooling idle connection for ("http", 192.168.0.14:8545)
[2m2025-12-10T10:08:19.996210Z[0m [34mDEBUG[0m [2methereum_transaction_pool_monitor::eth_client[0m[2m:[0m 📡 Transaction fetch RPC completed in 10.251042ms
[2m2025-12-10T10:08:19.996214Z[0m [34mDEBUG[0m [2mhyper::proto::h1::io[0m[2m:[0m flushed 172 bytes
[2m2025-12-10T10:08:20.000154Z[0m [34mDEBUG[0m [2mhyper::proto::h1::io[0m[2m:[0m parsed 4 headers
[2m2025-12-10T10:08:20.003779Z[0m [34mDEBUG[0m [2mhyper::proto::h1::conn[0m[2m:[0m incoming body is content-length (45 bytes)
[2m2025-12-10T10:08:20.003793Z[0m [34mDEBUG[0m [2mhyper::proto::h1::conn[0m[2m:[0m incoming body completed
[2m2025-12-10T10:08:20.003809Z[0m [34mDEBUG[0m [2mhyper::client::pool[0m[2m:[0m pooling idle connection for ("http", 192.168.0.14:8545)
[2m2025-12-10T10:08:20.082586Z[0m [34mDEBUG[0m [2methereum_transaction_pool_monitor::eth_client[0m[2m:[0m ✅ Transaction 0x97256a14807950020930a58671c5a46462b76473f23e018580ea1d64177e8d35 fetched and parsed in 96.615584ms
[2m2025-12-10T10:08:20.082619Z[0m [34mDEBUG[0m [2methereum_transaction_pool_monitor::mempool_monitor[0m[2m:[0m 🔍 Skipping tx 0x97256a14807950020930a58671c5a46462b76473f23e018580ea1d64177e8d35 - not a DEX interaction (target: 0x0294e5bcceC487802a7150263464Db408D01a11c)
[2m2025-12-10T10:08:20.082637Z[0m [34mDEBUG[0m [2methereum_transaction_pool_monitor::mempool_monitor[0m[2m:[0m 📨 Processing new pending transaction: 0xa12dcc84abb4b00313b579a0309cb3e548611b5376b64ab128cb3c4873471d2f
[2m2025-12-10T10:08:20.082643Z[0m [34mDEBUG[0m [2methereum_transaction_pool_monitor::mempool_monitor[0m[2m:[0m 🔍 Fetching transaction details for: 0xa12dcc84abb4b00313b579a0309cb3e548611b5376b64ab128cb3c4873471d2f
[2m2025-12-10T10:08:20.082646Z[0m [34mDEBUG[0m [2methereum_transaction_pool_monitor::eth_client[0m[2m:[0m 🔍 Fetching transaction details for hash: 0xa12dcc84abb4b00313b579a0309cb3e548611b5376b64ab128cb3c4873471d2f
[2m2025-12-10T10:08:20.082698Z[0m [34mDEBUG[0m [2mhyper::client::pool[0m[2m:[0m reuse idle connection for ("http", 192.168.0.14:8545)
[2m2025-12-10T10:08:20.082758Z[0m [34mDEBUG[0m [2mhyper::proto::h1::io[0m[2m:[0m flushed 250 bytes
[2m2025-12-10T10:08:20.091258Z[0m [34mDEBUG[0m [2mhyper::proto::h1::io[0m[2m:[0m parsed 4 headers
[2m2025-12-10T10:08:20.091265Z[0m [34mDEBUG[0m [2mhyper::proto::h1::conn[0m[2m:[0m incoming body is content-length (649 bytes)
[2m2025-12-10T10:08:20.091277Z[0m [34mDEBUG[0m [2mhyper::proto::h1::conn[0m[2m:[0m incoming body completed
[2m2025-12-10T10:08:20.091289Z[0m [34mDEBUG[0m [2mhyper::client::pool[0m[2m:[0m pooling idle connection for ("http", 192.168.0.14:8545)
[2m2025-12-10T10:08:20.091296Z[0m [34mDEBUG[0m [2methereum_transaction_pool_monitor::eth_client[0m[2m:[0m 📡 Transaction fetch RPC completed in 8.643834ms
[2m2025-12-10T10:08:20.166712Z[0m [34mDEBUG[0m [2methereum_transaction_pool_monitor::eth_client[0m[2m:[0m ✅ Transaction 0xa12dcc84abb4b00313b579a0309cb3e548611b5376b64ab128cb3c4873471d2f fetched and parsed in 84.056875ms
[2m2025-12-10T10:08:20.166746Z[0m [34mDEBUG[0m [2methereum_transaction_pool_monitor::mempool_monitor[0m[2m:[0m 🔍 Skipping tx 0xa12dcc84abb4b00313b579a0309cb3e548611b5376b64ab128cb3c4873471d2f - not a DEX interaction (target: 0xBBE9aeaeC41d424C2a6e6f2A03203E689d7b645c)
[2m2025-12-10T10:08:20.166760Z[0m [34mDEBUG[0m [2methereum_transaction_pool_monitor::mempool_monitor[0m[2m:[0m 📨 Processing new pending transaction: 0xdf749b02a0311ebcb9b2a6e49a220d82026a6f65a5099267c3afaa32817e9099
[2m2025-12-10T10:08:20.166769Z[0m [34mDEBUG[0m [2methereum_transaction_pool_monitor::mempool_monitor[0m[2m:[0m 🔍 Fetching transaction details for: 0xdf749b02a0311ebcb9b2a6e49a220d82026a6f65a5099267c3afaa32817e9099
[2m2025-12-10T10:08:20.166776Z[0m [34mDEBUG[0m [2methereum_transaction_pool_monitor::eth_client[0m[2m:[0m 🔍 Fetching transaction details for hash: 0xdf749b02a0311ebcb9b2a6e49a220d82026a6f65a5099267c3afaa32817e9099
[2m2025-12-10T10:08:20.166811Z[0m [34mDEBUG[0m [2mhyper::client::pool[0m[2m:[0m reuse idle connection for ("http", 192.168.0.14:8545)
[2m2025-12-10T10:08:20.166882Z[0m [34mDEBUG[0m [2mhyper::proto::h1::io[0m[2m:[0m flushed 250 bytes
[2m2025-12-10T10:08:20.166932Z[0m [34mDEBUG[0m [2mhyper::client::pool[0m[2m:[0m reuse idle connection for ("http", 192.168.0.14:8545)
[2m2025-12-10T10:08:20.166949Z[0m [34mDEBUG[0m [2mhyper::proto::h1::io[0m[2m:[0m flushed 172 bytes
[2m2025-12-10T10:08:20.170620Z[0m [34mDEBUG[0m [2mhyper::proto::h1::io[0m[2m:[0m parsed 4 headers
[2m2025-12-10T10:08:20.170634Z[0m [34mDEBUG[0m [2mhyper::proto::h1::conn[0m[2m:[0m incoming body is content-length (45 bytes)
[2m2025-12-10T10:08:20.170643Z[0m [34mDEBUG[0m [2mhyper::proto::h1::conn[0m[2m:[0m incoming body completed
[2m2025-12-10T10:08:20.170652Z[0m [34mDEBUG[0m [2mhyper::client::pool[0m[2m:[0m pooling idle connection for ("http", 192.168.0.14:8545)
[2m2025-12-10T10:08:20.171264Z[0m [34mDEBUG[0m [2mhyper::proto::h1::io[0m[2m:[0m parsed 4 headers
[2m2025-12-10T10:08:20.171274Z[0m [34mDEBUG[0m [2mhyper::proto::h1::conn[0m[2m:[0m incoming body is content-length (771 bytes)
[2m2025-12-10T10:08:20.171281Z[0m [34mDEBUG[0m [2mhyper::proto::h1::conn[0m[2m:[0m incoming body completed
[2m2025-12-10T10:08:20.171288Z[0m [34mDEBUG[0m [2mhyper::client::pool[0m[2m:[0m pooling idle connection for ("http", 192.168.0.14:8545)
[2m2025-12-10T10:08:20.171293Z[0m [34mDEBUG[0m [2methereum_transaction_pool_monitor::eth_client[0m[2m:[0m 📡 Transaction fetch RPC completed in 4.508625ms
[2m2025-12-10T10:08:20.297129Z[0m [34mDEBUG[0m [2methereum_transaction_pool_monitor::eth_client[0m[2m:[0m ✅ Transaction 0xdf749b02a0311ebcb9b2a6e49a220d82026a6f65a5099267c3afaa32817e9099 fetched and parsed in 130.340417ms
[2m2025-12-10T10:08:20.297152Z[0m [34mDEBUG[0m [2methereum_transaction_pool_monitor::mempool_monitor[0m[2m:[0m 🔍 Skipping tx 0xdf749b02a0311ebcb9b2a6e49a220d82026a6f65a5099267c3afaa32817e9099 - not a DEX interaction (target: 0x1aBaEA1f7C830bD89Acc67eC4af516284b1bC33c)
[2m2025-12-10T10:08:20.297200Z[0m [34mDEBUG[0m [2mhyper::client::pool[0m[2m:[0m reuse idle connection for ("http", 192.168.0.14:8545)
[2m2025-12-10T10:08:20.297220Z[0m [34mDEBUG[0m [2methereum_transaction_pool_monitor::eth_client[0m[2m:[0m 📨 Received WebSocket message: {"jsonrpc":"2.0","method":"eth_subscription","params":{"subscription":"0xbed0a0851463e895960a451075a301a9","result":"0x2df5afbd628092bebb76669aee4fd04986ed37b4944314b8a7e69da5816c74fb"}}
[2m2025-12-10T10:08:20.297229Z[0m [34mDEBUG[0m [2mhyper::proto::h1::io[0m[2m:[0m flushed 172 bytes
[2m2025-12-10T10:08:20.297231Z[0m [34mDEBUG[0m [2methereum_transaction_pool_monitor::eth_client[0m[2m:[0m 📨 Received pending transaction: 0x2df5afbd628092bebb76669aee4fd04986ed37b4944314b8a7e69da5816c74fb
[2m2025-12-10T10:08:20.297245Z[0m [34mDEBUG[0m [2methereum_transaction_pool_monitor::mempool_monitor[0m[2m:[0m 📨 Processing new pending transaction: 0x2df5afbd628092bebb76669aee4fd04986ed37b4944314b8a7e69da5816c74fb
[2m2025-12-10T10:08:20.297249Z[0m [34mDEBUG[0m [2methereum_transaction_pool_monitor::mempool_monitor[0m[2m:[0m 🔍 Fetching transaction details for: 0x2df5afbd628092bebb76669aee4fd04986ed37b4944314b8a7e69da5816c74fb
[2m2025-12-10T10:08:20.297253Z[0m [34mDEBUG[0m [2methereum_transaction_pool_monitor::eth_client[0m[2m:[0m 🔍 Fetching transaction details for hash: 0x2df5afbd628092bebb76669aee4fd04986ed37b4944314b8a7e69da5816c74fb
[2m2025-12-10T10:08:20.297263Z[0m [34mDEBUG[0m [2mhyper::client::pool[0m[2m:[0m reuse idle connection for ("http", 192.168.0.14:8545)
[2m2025-12-10T10:08:20.297279Z[0m [34mDEBUG[0m [2mhyper::proto::h1::io[0m[2m:[0m flushed 250 bytes
[2m2025-12-10T10:08:20.302068Z[0m [34mDEBUG[0m [2mhyper::proto::h1::io[0m[2m:[0m parsed 4 headers
[2m2025-12-10T10:08:20.302075Z[0m [34mDEBUG[0m [2mhyper::proto::h1::conn[0m[2m:[0m incoming body is content-length (45 bytes)
[2m2025-12-10T10:08:20.302083Z[0m [34mDEBUG[0m [2mhyper::proto::h1::conn[0m[2m:[0m incoming body completed
[2m2025-12-10T10:08:20.302091Z[0m [34mDEBUG[0m [2mhyper::client::pool[0m[2m:[0m pooling idle connection for ("http", 192.168.0.14:8545)
[2m2025-12-10T10:08:20.302112Z[0m [34mDEBUG[0m [2mhyper::client::pool[0m[2m:[0m reuse idle connection for ("http", 192.168.0.14:8545)
[2m2025-12-10T10:08:20.302130Z[0m [34mDEBUG[0m [2mhyper::proto::h1::io[0m[2m:[0m flushed 172 bytes
[2m2025-12-10T10:08:20.308806Z[0m [34mDEBUG[0m [2mhyper::proto::h1::io[0m[2m:[0m parsed 4 headers
[2m2025-12-10T10:08:20.308812Z[0m [34mDEBUG[0m [2mhyper::proto::h1::conn[0m[2m:[0m incoming body is content-length (45 bytes)
[2m2025-12-10T10:08:20.308818Z[0m [34mDEBUG[0m [2mhyper::proto::h1::conn[0m[2m:[0m incoming body completed
[2m2025-12-10T10:08:20.308823Z[0m [34mDEBUG[0m [2mhyper::client::pool[0m[2m:[0m pooling idle connection for ("http", 192.168.0.14:8545)
[2m2025-12-10T10:08:20.309556Z[0m [34mDEBUG[0m [2mhyper::proto::h1::io[0m[2m:[0m parsed 4 headers
[2m2025-12-10T10:08:20.309560Z[0m [34mDEBUG[0m [2mhyper::proto::h1::conn[0m[2m:[0m incoming body is content-length (5124 bytes)
[2m2025-12-10T10:08:20.309569Z[0m [34mDEBUG[0m [2methereum_transaction_pool_monitor::eth_client[0m[2m:[0m 📡 Transaction fetch RPC completed in 12.312583ms
[2m2025-12-10T10:08:20.309617Z[0m [34mDEBUG[0m [2mhyper::proto::h1::conn[0m[2m:[0m incoming body completed
[2m2025-12-10T10:08:20.309624Z[0m [34mDEBUG[0m [2mhyper::client::pool[0m[2m:[0m pooling idle connection for ("http", 192.168.0.14:8545)
[2m2025-12-10T10:08:20.327313Z[0m [34mDEBUG[0m [2methereum_transaction_pool_monitor::eth_client[0m[2m:[0m 📨 Received WebSocket message: {"jsonrpc":"2.0","method":"eth_subscription","params":{"subscription":"0xbed0a0851463e895960a451075a301a9","result":"0xd08083c368d6d49a92699f03b21156fcbb883f74b5fe6f180b3122efbf3bb74b"}}
[2m2025-12-10T10:08:20.331043Z[0m [34mDEBUG[0m [2methereum_transaction_pool_monitor::eth_client[0m[2m:[0m 📨 Received pending transaction: 0xd08083c368d6d49a92699f03b21156fcbb883f74b5fe6f180b3122efbf3bb74b
[2m2025-12-10T10:08:20.332352Z[0m [34mDEBUG[0m [2methereum_transaction_pool_monitor::eth_client[0m[2m:[0m 📨 Received WebSocket message: {"jsonrpc":"2.0","method":"eth_subscription","params":{"subscription":"0xbed0a0851463e895960a451075a301a9","result":"0x60c11ed4ee776537ab7ae846075859284c2479bf104206256d8aa00db49cb05a"}}
[2m2025-12-10T10:08:20.332362Z[0m [34mDEBUG[0m [2methereum_transaction_pool_monitor::eth_client[0m[2m:[0m 📨 Received pending transaction: 0x60c11ed4ee776537ab7ae846075859284c2479bf104206256d8aa00db49cb05a
[2m2025-12-10T10:08:20.335592Z[0m [34mDEBUG[0m [2methereum_transaction_pool_monitor::eth_client[0m[2m:[0m 📨 Received WebSocket message: {"jsonrpc":"2.0","method":"eth_subscription","params":{"subscription":"0xbed0a0851463e895960a451075a301a9","result":"0xf15348091ab52729565edee525b8eb3a5e27409f93bc3d6fc07b1e83e186ac4f"}}
[2m2025-12-10T10:08:20.335604Z[0m [34mDEBUG[0m [2methereum_transaction_pool_monitor::eth_client[0m[2m:[0m 📨 Received pending transaction: 0xf15348091ab52729565edee525b8eb3a5e27409f93bc3d6fc07b1e83e186ac4f
[2m2025-12-10T10:08:20.386171Z[0m [34mDEBUG[0m [2methereum_transaction_pool_monitor::eth_client[0m[2m:[0m ✅ Transaction 0x2df5afbd628092bebb76669aee4fd04986ed37b4944314b8a7e69da5816c74fb fetched and parsed in 88.912167ms
[2m2025-12-10T10:08:20.386198Z[0m [34mDEBUG[0m [2methereum_transaction_pool_monitor::mempool_monitor[0m[2m:[0m 🔍 Skipping tx 0x2df5afbd628092bebb76669aee4fd04986ed37b4944314b8a7e69da5816c74fb - not a DEX interaction (target: 0xF6801D319497789f934ec7F83E142a9536312B08)
[2m2025-12-10T10:08:20.386209Z[0m [34mDEBUG[0m [2methereum_transaction_pool_monitor::mempool_monitor[0m[2m:[0m 📨 Processing new pending transaction: 0xd08083c368d6d49a92699f03b21156fcbb883f74b5fe6f180b3122efbf3bb74b
[2m2025-12-10T10:08:20.386214Z[0m [34mDEBUG[0m [2methereum_transaction_pool_monitor::mempool_monitor[0m[2m:[0m 🔍 Fetching transaction details for: 0xd08083c368d6d49a92699f03b21156fcbb883f74b5fe6f180b3122efbf3bb74b
[2m2025-12-10T10:08:20.386219Z[0m [34mDEBUG[0m [2methereum_transaction_pool_monitor::eth_client[0m[2m:[0m 🔍 Fetching transaction details for hash: 0xd08083c368d6d49a92699f03b21156fcbb883f74b5fe6f180b3122efbf3bb74b
[2m2025-12-10T10:08:20.386242Z[0m [34mDEBUG[0m [2mhyper::client::pool[0m[2m:[0m reuse idle connection for ("http", 192.168.0.14:8545)
[2m2025-12-10T10:08:20.386294Z[0m [34mDEBUG[0m [2mhyper::proto::h1::io[0m[2m:[0m flushed 250 bytes
[2m2025-12-10T10:08:20.390319Z[0m [34mDEBUG[0m [2mhyper::proto::h1::io[0m[2m:[0m parsed 4 headers
[2m2025-12-10T10:08:20.390325Z[0m [34mDEBUG[0m [2mhyper::proto::h1::conn[0m[2m:[0m incoming body is content-length (905 bytes)
[2m2025-12-10T10:08:20.390333Z[0m [34mDEBUG[0m [2mhyper::proto::h1::conn[0m[2m:[0m incoming body completed
[2m2025-12-10T10:08:20.390343Z[0m [34mDEBUG[0m [2mhyper::client::pool[0m[2m:[0m pooling idle connection for ("http", 192.168.0.14:8545)
[2m2025-12-10T10:08:20.390349Z[0m [34mDEBUG[0m [2methereum_transaction_pool_monitor::eth_client[0m[2m:[0m 📡 Transaction fetch RPC completed in 4.124125ms
[2m2025-12-10T10:08:20.462781Z[0m [34mDEBUG[0m [2methereum_transaction_pool_monitor::eth_client[0m[2m:[0m ✅ Transaction 0xd08083c368d6d49a92699f03b21156fcbb883f74b5fe6f180b3122efbf3bb74b fetched and parsed in 76.553917ms
[2m2025-12-10T10:08:20.462812Z[0m [34mDEBUG[0m [2methereum_transaction_pool_monitor::mempool_monitor[0m[2m:[0m 🔍 Skipping tx 0xd08083c368d6d49a92699f03b21156fcbb883f74b5fe6f180b3122efbf3bb74b - not a DEX interaction (target: 0xFf00000000000000000000000000000000008453)
[2m2025-12-10T10:08:20.462823Z[0m [34mDEBUG[0m [2methereum_transaction_pool_monitor::mempool_monitor[0m[2m:[0m 📨 Processing new pending transaction: 0x60c11ed4ee776537ab7ae846075859284c2479bf104206256d8aa00db49cb05a
[2m2025-12-10T10:08:20.462831Z[0m [34mDEBUG[0m [2methereum_transaction_pool_monitor::mempool_monitor[0m[2m:[0m 🔍 Fetching transaction details for: 0x60c11ed4ee776537ab7ae846075859284c2479bf104206256d8aa00db49cb05a
[2m2025-12-10T10:08:20.462836Z[0m [34mDEBUG[0m [2methereum_transaction_pool_monitor::eth_client[0m[2m:[0m 🔍 Fetching transaction details for hash: 0x60c11ed4ee776537ab7ae846075859284c2479bf104206256d8aa00db49cb05a
[2m2025-12-10T10:08:20.462858Z[0m [34mDEBUG[0m [2mhyper::client::pool[0m[2m:[0m reuse idle connection for ("http", 192.168.0.14:8545)
[2m2025-12-10T10:08:20.462902Z[0m [34mDEBUG[0m [2mhyper::proto::h1::io[0m[2m:[0m flushed 250 bytes
[2m2025-12-10T10:08:20.462925Z[0m [34mDEBUG[0m [2mhyper::client::pool[0m[2m:[0m reuse idle connection for ("http", 192.168.0.14:8545)
[2m2025-12-10T10:08:20.462940Z[0m [34mDEBUG[0m [2mhyper::proto::h1::io[0m[2m:[0m flushed 172 bytes
[2m2025-12-10T10:08:20.462941Z[0m [34mDEBUG[0m [2methereum_transaction_pool_monitor::eth_client[0m[2m:[0m 📨 Received WebSocket message: {"jsonrpc":"2.0","method":"eth_subscription","params":{"subscription":"0xbed0a0851463e895960a451075a301a9","result":"0xdabebdc4c7f4212ae6505ddfd0385345ee64c427772171689fa2147433e630db"}}
[2m2025-12-10T10:08:20.462953Z[0m [34mDEBUG[0m [2methereum_transaction_pool_monitor::eth_client[0m[2m:[0m 📨 Received pending transaction: 0xdabebdc4c7f4212ae6505ddfd0385345ee64c427772171689fa2147433e630db
[2m2025-12-10T10:08:20.462960Z[0m [34mDEBUG[0m [2methereum_transaction_pool_monitor::eth_client[0m[2m:[0m 📨 Received WebSocket message: {"jsonrpc":"2.0","method":"eth_subscription","params":{"subscription":"0xbed0a0851463e895960a451075a301a9","result":"0xb278fa338546056b32e74d1ee407f81bd7ed1a22198916b9d151a00be65b79e8"}}
[2m2025-12-10T10:08:20.462965Z[0m [34mDEBUG[0m [2methereum_transaction_pool_monitor::eth_client[0m[2m:[0m 📨 Received pending transaction: 0xb278fa338546056b32e74d1ee407f81bd7ed1a22198916b9d151a00be65b79e8
[2m2025-12-10T10:08:20.462971Z[0m [34mDEBUG[0m [2methereum_transaction_pool_monitor::eth_client[0m[2m:[0m 📨 Received WebSocket message: {"jsonrpc":"2.0","method":"eth_subscription","params":{"subscription":"0xbed0a0851463e895960a451075a301a9","result":"0x6e7d35bd6fc83dcff88c3ea413158848c242fa3c1a11b9520dd4225b3695a5b2"}}
[2m2025-12-10T10:08:20.462976Z[0m [34mDEBUG[0m [2methereum_transaction_pool_monitor::eth_client[0m[2m:[0m 📨 Received pending transaction: 0x6e7d35bd6fc83dcff88c3ea413158848c242fa3c1a11b9520dd4225b3695a5b2
[2m2025-12-10T10:08:20.462982Z[0m [34mDEBUG[0m [2methereum_transaction_pool_monitor::eth_client[0m[2m:[0m 📨 Received WebSocket message: {"jsonrpc":"2.0","method":"eth_subscription","params":{"subscription":"0xbed0a0851463e895960a451075a301a9","result":"0x644f75786d7813422da52737067cb5c234758cd24201abe181b8842c06fc287e"}}
[2m2025-12-10T10:08:20.462987Z[0m [34mDEBUG[0m [2methereum_transaction_pool_monitor::eth_client[0m[2m:[0m 📨 Received pending transaction: 0x644f75786d7813422da52737067cb5c234758cd24201abe181b8842c06fc287e
[2m2025-12-10T10:08:20.462991Z[0m [34mDEBUG[0m [2methereum_transaction_pool_monitor::eth_client[0m[2m:[0m 📨 Received WebSocket message: {"jsonrpc":"2.0","method":"eth_subscription","params":{"subscription":"0xbed0a0851463e895960a451075a301a9","result":"0xc6569c591b5e424483d6851214097f9d008ac30f39e580e220ede1b1e19f7c07"}}
[2m2025-12-10T10:08:20.462995Z[0m [34mDEBUG[0m [2methereum_transaction_pool_monitor::eth_client[0m[2m:[0m 📨 Received pending transaction: 0xc6569c591b5e424483d6851214097f9d008ac30f39e580e220ede1b1e19f7c07
[2m2025-12-10T10:08:20.469086Z[0m [34mDEBUG[0m [2mhyper::proto::h1::io[0m[2m:[0m parsed 4 headers
[2m2025-12-10T10:08:20.469094Z[0m [34mDEBUG[0m [2mhyper::proto::h1::conn[0m[2m:[0m incoming body is content-length (638 bytes)
[2m2025-12-10T10:08:20.469102Z[0m [34mDEBUG[0m [2mhyper::proto::h1::conn[0m[2m:[0m incoming body completed
[2m2025-12-10T10:08:20.469109Z[0m [34mDEBUG[0m [2mhyper::client::pool[0m[2m:[0m pooling idle connection for ("http", 192.168.0.14:8545)
[2m2025-12-10T10:08:20.469114Z[0m [34mDEBUG[0m [2methereum_transaction_pool_monitor::eth_client[0m[2m:[0m 📡 Transaction fetch RPC completed in 6.27425ms
[2m2025-12-10T10:08:20.551965Z[0m [34mDEBUG[0m [2methereum_transaction_pool_monitor::eth_client[0m[2m:[0m ✅ Transaction 0x60c11ed4ee776537ab7ae846075859284c2479bf104206256d8aa00db49cb05a fetched and parsed in 89.121458ms
[2m2025-12-10T10:08:20.551993Z[0m [34mDEBUG[0m [2methereum_transaction_pool_monitor::mempool_monitor[0m[2m:[0m 🔍 Skipping tx 0x60c11ed4ee776537ab7ae846075859284c2479bf104206256d8aa00db49cb05a - not a DEX interaction (target: 0x14086fe99f4cB6bb4327eF25F6E6594Bb3d10063)
[2m2025-12-10T10:08:20.552007Z[0m [34mDEBUG[0m [2methereum_transaction_pool_monitor::mempool_monitor[0m[2m:[0m 📨 Processing new pending transaction: 0xf15348091ab52729565edee525b8eb3a5e27409f93bc3d6fc07b1e83e186ac4f
[2m2025-12-10T10:08:20.552013Z[0m [34mDEBUG[0m [2methereum_transaction_pool_monitor::mempool_monitor[0m[2m:[0m 🔍 Fetching transaction details for: 0xf15348091ab52729565edee525b8eb3a5e27409f93bc3d6fc07b1e83e186ac4f
[2m2025-12-10T10:08:20.552022Z[0m [34mDEBUG[0m [2methereum_transaction_pool_monitor::eth_client[0m[2m:[0m 🔍 Fetching transaction details for hash: 0xf15348091ab52729565edee525b8eb3a5e27409f93bc3d6fc07b1e83e186ac4f
[2m2025-12-10T10:08:20.552047Z[0m [34mDEBUG[0m [2mhyper::client::pool[0m[2m:[0m reuse idle connection for ("http", 192.168.0.14:8545)
[2m2025-12-10T10:08:20.552091Z[0m [34mDEBUG[0m [2mhyper::proto::h1::io[0m[2m:[0m flushed 250 bytes
[2m2025-12-10T10:08:20.552109Z[0m [34mDEBUG[0m [2mhyper::proto::h1::io[0m[2m:[0m parsed 4 headers
[2m2025-12-10T10:08:20.552113Z[0m [34mDEBUG[0m [2mhyper::proto::h1::conn[0m[2m:[0m incoming body is content-length (45 bytes)
[2m2025-12-10T10:08:20.552121Z[0m [34mDEBUG[0m [2mhyper::proto::h1::conn[0m[2m:[0m incoming body completed
[2m2025-12-10T10:08:20.552131Z[0m [34mDEBUG[0m [2mhyper::client::pool[0m[2m:[0m pooling idle connection for ("http", 192.168.0.14:8545)
[2m2025-12-10T10:08:20.552147Z[0m [34mDEBUG[0m [2mhyper::client::pool[0m[2m:[0m reuse idle connection for ("http", 192.168.0.14:8545)
[2m2025-12-10T10:08:20.552163Z[0m [34mDEBUG[0m [2mhyper::proto::h1::io[0m[2m:[0m flushed 172 bytes
[2m2025-12-10T10:08:20.556311Z[0m [34mDEBUG[0m [2mhyper::proto::h1::io[0m[2m:[0m parsed 4 headers
[2m2025-12-10T10:08:20.556317Z[0m [34mDEBUG[0m [2mhyper::proto::h1::conn[0m[2m:[0m incoming body is content-length (45 bytes)
[2m2025-12-10T10:08:20.556322Z[0m [34mDEBUG[0m [2mhyper::proto::h1::conn[0m[2m:[0m incoming body completed
[2m2025-12-10T10:08:20.556327Z[0m [34mDEBUG[0m [2mhyper::client::pool[0m[2m:[0m pooling idle connection for ("http", 192.168.0.14:8545)
[2m2025-12-10T10:08:20.591081Z[0m [34mDEBUG[0m [2mhyper::proto::h1::io[0m[2m:[0m parsed 4 headers
[2m2025-12-10T10:08:20.591095Z[0m [34mDEBUG[0m [2mhyper::proto::h1::conn[0m[2m:[0m incoming body is content-length (7107 bytes)
[2m2025-12-10T10:08:20.591114Z[0m [34mDEBUG[0m [2methereum_transaction_pool_monitor::eth_client[0m[2m:[0m 📡 Transaction fetch RPC completed in 39.085375ms
[2m2025-12-10T10:08:20.594857Z[0m [34mDEBUG[0m [2mhyper::proto::h1::conn[0m[2m:[0m incoming body completed
[2m2025-12-10T10:08:20.594871Z[0m [34mDEBUG[0m [2mhyper::client::pool[0m[2m:[0m pooling idle connection for ("http", 192.168.0.14:8545)
[2m2025-12-10T10:08:20.596046Z[0m [34mDEBUG[0m [2mhyper::client::pool[0m[2m:[0m reuse idle connection for ("http", 192.168.0.14:8545)
[2m2025-12-10T10:08:20.596080Z[0m [34mDEBUG[0m [2mhyper::proto::h1::io[0m[2m:[0m flushed 172 bytes
[2m2025-12-10T10:08:20.600582Z[0m [34mDEBUG[0m [2mhyper::proto::h1::io[0m[2m:[0m parsed 4 headers
[2m2025-12-10T10:08:20.600593Z[0m [34mDEBUG[0m [2mhyper::proto::h1::conn[0m[2m:[0m incoming body is content-length (45 bytes)
[2m2025-12-10T10:08:20.600599Z[0m [34mDEBUG[0m [2mhyper::proto::h1::conn[0m[2m:[0m incoming body completed
[2m2025-12-10T10:08:20.600607Z[0m [34mDEBUG[0m [2mhyper::client::pool[0m[2m:[0m pooling idle connection for ("http", 192.168.0.14:8545)
[2m2025-12-10T10:08:20.670830Z[0m [34mDEBUG[0m [2methereum_transaction_pool_monitor::eth_client[0m[2m:[0m ✅ Transaction 0xf15348091ab52729565edee525b8eb3a5e27409f93bc3d6fc07b1e83e186ac4f fetched and parsed in 118.799417ms
[2m2025-12-10T10:08:20.670858Z[0m [34mDEBUG[0m [2methereum_transaction_pool_monitor::mempool_monitor[0m[2m:[0m 🔍 Skipping tx 0xf15348091ab52729565edee525b8eb3a5e27409f93bc3d6fc07b1e83e186ac4f - not a DEX interaction (target: 0xF6801D319497789f934ec7F83E142a9536312B08)
[2m2025-12-10T10:08:20.670867Z[0m [34mDEBUG[0m [2methereum_transaction_pool_monitor::mempool_monitor[0m[2m:[0m 📨 Processing new pending transaction: 0xdabebdc4c7f4212ae6505ddfd0385345ee64c427772171689fa2147433e630db
[2m2025-12-10T10:08:20.670873Z[0m [34mDEBUG[0m [2methereum_transaction_pool_monitor::mempool_monitor[0m[2m:[0m 🔍 Fetching transaction details for: 0xdabebdc4c7f4212ae6505ddfd0385345ee64c427772171689fa2147433e630db
[2m2025-12-10T10:08:20.670877Z[0m [34mDEBUG[0m [2methereum_transaction_pool_monitor::eth_client[0m[2m:[0m 🔍 Fetching transaction details for hash: 0xdabebdc4c7f4212ae6505ddfd0385345ee64c427772171689fa2147433e630db
[2m2025-12-10T10:08:20.670896Z[0m [34mDEBUG[0m [2mhyper::client::pool[0m[2m:[0m reuse idle connection for ("http", 192.168.0.14:8545)
[2m2025-12-10T10:08:20.670949Z[0m [34mDEBUG[0m [2mhyper::proto::h1::io[0m[2m:[0m flushed 250 bytes
[2m2025-12-10T10:08:20.674063Z[0m [34mDEBUG[0m [2mhyper::proto::h1::io[0m[2m:[0m parsed 4 headers
[2m2025-12-10T10:08:20.674070Z[0m [34mDEBUG[0m [2mhyper::proto::h1::conn[0m[2m:[0m incoming body is content-length (657 bytes)
[2m2025-12-10T10:08:20.674077Z[0m [34mDEBUG[0m [2mhyper::proto::h1::conn[0m[2m:[0m incoming body completed
[2m2025-12-10T10:08:20.674086Z[0m [34mDEBUG[0m [2mhyper::client::pool[0m[2m:[0m pooling idle connection for ("http", 192.168.0.14:8545)
[2m2025-12-10T10:08:20.674092Z[0m [34mDEBUG[0m [2methereum_transaction_pool_monitor::eth_client[0m[2m:[0m 📡 Transaction fetch RPC completed in 3.211ms
[2m2025-12-10T10:08:20.743055Z[0m [34mDEBUG[0m [2methereum_transaction_pool_monitor::eth_client[0m[2m:[0m ✅ Transaction 0xdabebdc4c7f4212ae6505ddfd0385345ee64c427772171689fa2147433e630db fetched and parsed in 72.172042ms
[2m2025-12-10T10:08:20.743088Z[0m [34mDEBUG[0m [2methereum_transaction_pool_monitor::mempool_monitor[0m[2m:[0m 🔍 Skipping tx 0xdabebdc4c7f4212ae6505ddfd0385345ee64c427772171689fa2147433e630db - not a DEX interaction (target: 0xe08068DB698b0F00839Cf6c8b4c4A9ABcF7FD347)
[2m2025-12-10T10:08:20.743098Z[0m [34mDEBUG[0m [2methereum_transaction_pool_monitor::mempool_monitor[0m[2m:[0m 📨 Processing new pending transaction: 0xb278fa338546056b32e74d1ee407f81bd7ed1a22198916b9d151a00be65b79e8
[2m2025-12-10T10:08:20.743103Z[0m [34mDEBUG[0m [2methereum_transaction_pool_monitor::mempool_monitor[0m[2m:[0m 🔍 Fetching transaction details for: 0xb278fa338546056b32e74d1ee407f81bd7ed1a22198916b9d151a00be65b79e8
[2m2025-12-10T10:08:20.743106Z[0m [34mDEBUG[0m [2methereum_transaction_pool_monitor::eth_client[0m[2m:[0m 🔍 Fetching transaction details for hash: 0xb278fa338546056b32e74d1ee407f81bd7ed1a22198916b9d151a00be65b79e8
[2m2025-12-10T10:08:20.743129Z[0m [34mDEBUG[0m [2mhyper::client::pool[0m[2m:[0m reuse idle connection for ("http", 192.168.0.14:8545)
[2m2025-12-10T10:08:20.743194Z[0m [34mDEBUG[0m [2mhyper::proto::h1::io[0m[2m:[0m flushed 250 bytes
[2m2025-12-10T10:08:20.743224Z[0m [34mDEBUG[0m [2mhyper::client::pool[0m[2m:[0m reuse idle connection for ("http", 192.168.0.14:8545)
[2m2025-12-10T10:08:20.743241Z[0m [34mDEBUG[0m [2mhyper::proto::h1::io[0m[2m:[0m flushed 172 bytes
[2m2025-12-10T10:08:20.770988Z[0m [34mDEBUG[0m [2mhyper::proto::h1::io[0m[2m:[0m parsed 4 headers
[2m2025-12-10T10:08:20.771016Z[0m [34mDEBUG[0m [2mhyper::proto::h1::conn[0m[2m:[0m incoming body is content-length (45 bytes)
[2m2025-12-10T10:08:20.771039Z[0m [34mDEBUG[0m [2mhyper::proto::h1::conn[0m[2m:[0m incoming body completed
[2m2025-12-10T10:08:20.771061Z[0m [34mDEBUG[0m [2mhyper::client::pool[0m[2m:[0m pooling idle connection for ("http", 192.168.0.14:8545)
[2m2025-12-10T10:08:20.778357Z[0m [34mDEBUG[0m [2mhyper::proto::h1::io[0m[2m:[0m parsed 4 headers
[2m2025-12-10T10:08:20.778369Z[0m [34mDEBUG[0m [2mhyper::proto::h1::conn[0m[2m:[0m incoming body is content-length (552 bytes)
[2m2025-12-10T10:08:20.778377Z[0m [34mDEBUG[0m [2mhyper::proto::h1::conn[0m[2m:[0m incoming body completed
[2m2025-12-10T10:08:20.778385Z[0m [34mDEBUG[0m [2mhyper::client::pool[0m[2m:[0m pooling idle connection for ("http", 192.168.0.14:8545)
[2m2025-12-10T10:08:20.778391Z[0m [34mDEBUG[0m [2methereum_transaction_pool_monitor::eth_client[0m[2m:[0m 📡 Transaction fetch RPC completed in 35.280292ms
[2m2025-12-10T10:08:20.848015Z[0m [34mDEBUG[0m [2methereum_transaction_pool_monitor::eth_client[0m[2m:[0m ✅ Transaction 0xb278fa338546056b32e74d1ee407f81bd7ed1a22198916b9d151a00be65b79e8 fetched and parsed in 104.901875ms
[2m2025-12-10T10:08:20.848043Z[0m [34mDEBUG[0m [2methereum_transaction_pool_monitor::mempool_monitor[0m[2m:[0m 🔍 Skipping tx 0xb278fa338546056b32e74d1ee407f81bd7ed1a22198916b9d151a00be65b79e8 - not a DEX interaction (target: 0xdC565e1E3d0f6b085bdc4C078BfbEAa297B90724)
[2m2025-12-10T10:08:20.848051Z[0m [34mDEBUG[0m [2methereum_transaction_pool_monitor::mempool_monitor[0m[2m:[0m 📨 Processing new pending transaction: 0x6e7d35bd6fc83dcff88c3ea413158848c242fa3c1a11b9520dd4225b3695a5b2
[2m2025-12-10T10:08:20.848056Z[0m [34mDEBUG[0m [2methereum_transaction_pool_monitor::mempool_monitor[0m[2m:[0m 🔍 Fetching transaction details for: 0x6e7d35bd6fc83dcff88c3ea413158848c242fa3c1a11b9520dd4225b3695a5b2
[2m2025-12-10T10:08:20.848060Z[0m [34mDEBUG[0m [2methereum_transaction_pool_monitor::eth_client[0m[2m:[0m 🔍 Fetching transaction details for hash: 0x6e7d35bd6fc83dcff88c3ea413158848c242fa3c1a11b9520dd4225b3695a5b2
[2m2025-12-10T10:08:20.848081Z[0m [34mDEBUG[0m [2mhyper::client::pool[0m[2m:[0m reuse idle connection for ("http", 192.168.0.14:8545)
[2m2025-12-10T10:08:20.848132Z[0m [34mDEBUG[0m [2mhyper::proto::h1::io[0m[2m:[0m flushed 250 bytes
[2m2025-12-10T10:08:20.848160Z[0m [34mDEBUG[0m [2mhyper::client::pool[0m[2m:[0m reuse idle connection for ("http", 192.168.0.14:8545)
[2m2025-12-10T10:08:20.848173Z[0m [34mDEBUG[0m [2mhyper::proto::h1::io[0m[2m:[0m flushed 172 bytes
[2m2025-12-10T10:08:20.853334Z[0m [34mDEBUG[0m [2mhyper::proto::h1::io[0m[2m:[0m parsed 4 headers
[2m2025-12-10T10:08:20.853340Z[0m [34mDEBUG[0m [2mhyper::proto::h1::conn[0m[2m:[0m incoming body is content-length (655 bytes)
[2m2025-12-10T10:08:20.853346Z[0m [34mDEBUG[0m [2mhyper::proto::h1::conn[0m[2m:[0m incoming body completed
[2m2025-12-10T10:08:20.853353Z[0m [34mDEBUG[0m [2mhyper::client::pool[0m[2m:[0m pooling idle connection for ("http", 192.168.0.14:8545)
[2m2025-12-10T10:08:20.853359Z[0m [34mDEBUG[0m [2methereum_transaction_pool_monitor::eth_client[0m[2m:[0m 📡 Transaction fetch RPC completed in 5.295208ms
[2m2025-12-10T10:08:20.928769Z[0m [34mDEBUG[0m [2methereum_transaction_pool_monitor::eth_client[0m[2m:[0m ✅ Transaction 0x6e7d35bd6fc83dcff88c3ea413158848c242fa3c1a11b9520dd4225b3695a5b2 fetched and parsed in 80.702708ms
[2m2025-12-10T10:08:20.928796Z[0m [34mDEBUG[0m [2methereum_transaction_pool_monitor::mempool_monitor[0m[2m:[0m 🔍 Skipping tx 0x6e7d35bd6fc83dcff88c3ea413158848c242fa3c1a11b9520dd4225b3695a5b2 - not a DEX interaction (target: 0x1e29CFE61AB17feC1ac3f586D553B6c06fA36eF8)
[2m2025-12-10T10:08:20.928806Z[0m [34mDEBUG[0m [2methereum_transaction_pool_monitor::mempool_monitor[0m[2m:[0m 📨 Processing new pending transaction: 0x644f75786d7813422da52737067cb5c234758cd24201abe181b8842c06fc287e
[2m2025-12-10T10:08:20.928810Z[0m [34mDEBUG[0m [2methereum_transaction_pool_monitor::mempool_monitor[0m[2m:[0m 🔍 Fetching transaction details for: 0x644f75786d7813422da52737067cb5c234758cd24201abe181b8842c06fc287e
[2m2025-12-10T10:08:20.928814Z[0m [34mDEBUG[0m [2methereum_transaction_pool_monitor::eth_client[0m[2m:[0m 🔍 Fetching transaction details for hash: 0x644f75786d7813422da52737067cb5c234758cd24201abe181b8842c06fc287e
[2m2025-12-10T10:08:20.928836Z[0m [34mDEBUG[0m [2mhyper::client::pool[0m[2m:[0m reuse idle connection for ("http", 192.168.0.14:8545)
[2m2025-12-10T10:08:20.928890Z[0m [34mDEBUG[0m [2mhyper::proto::h1::io[0m[2m:[0m flushed 250 bytes
[2m2025-12-10T10:08:20.928904Z[0m [34mDEBUG[0m [2mhyper::proto::h1::io[0m[2m:[0m parsed 4 headers
[2m2025-12-10T10:08:20.928908Z[0m [34mDEBUG[0m [2mhyper::proto::h1::conn[0m[2m:[0m incoming body is content-length (45 bytes)
[2m2025-12-10T10:08:20.928914Z[0m [34mDEBUG[0m [2mhyper::proto::h1::conn[0m[2m:[0m incoming body completed
[2m2025-12-10T10:08:20.928921Z[0m [34mDEBUG[0m [2mhyper::client::pool[0m[2m:[0m pooling idle connection for ("http", 192.168.0.14:8545)
[2m2025-12-10T10:08:20.928935Z[0m [34mDEBUG[0m [2mhyper::client::pool[0m[2m:[0m reuse idle connection for ("http", 192.168.0.14:8545)
[2m2025-12-10T10:08:20.928952Z[0m [34mDEBUG[0m [2mhyper::proto::h1::io[0m[2m:[0m flushed 172 bytes
[2m2025-12-10T10:08:20.942523Z[0m [34mDEBUG[0m [2methereum_transaction_pool_monitor::eth_client[0m[2m:[0m 📨 Received WebSocket message: {"jsonrpc":"2.0","method":"eth_subscription","params":{"subscription":"0xbed0a0851463e895960a451075a301a9","result":"0x1ed8e5150864d17f52b0a87f03ad328a1d3c2f12cac4776b78d69f66d09d7a5f"}}
[2m2025-12-10T10:08:20.942548Z[0m [34mDEBUG[0m [2methereum_transaction_pool_monitor::eth_client[0m[2m:[0m 📨 Received pending transaction: 0x1ed8e5150864d17f52b0a87f03ad328a1d3c2f12cac4776b78d69f66d09d7a5f
[2m2025-12-10T10:08:20.942564Z[0m [34mDEBUG[0m [2mhyper::proto::h1::io[0m[2m:[0m parsed 4 headers
[2m2025-12-10T10:08:20.942570Z[0m [34mDEBUG[0m [2mhyper::proto::h1::io[0m[2m:[0m parsed 4 headers
[2m2025-12-10T10:08:20.942570Z[0m [34mDEBUG[0m [2mhyper::proto::h1::conn[0m[2m:[0m incoming body is content-length (45 bytes)
[2m2025-12-10T10:08:20.942578Z[0m [34mDEBUG[0m [2mhyper::proto::h1::conn[0m[2m:[0m incoming body is content-length (551 bytes)
[2m2025-12-10T10:08:20.942587Z[0m [34mDEBUG[0m [2mhyper::proto::h1::conn[0m[2m:[0m incoming body completed
[2m2025-12-10T10:08:20.942589Z[0m [34mDEBUG[0m [2mhyper::proto::h1::conn[0m[2m:[0m incoming body completed
[2m2025-12-10T10:08:20.942597Z[0m [34mDEBUG[0m [2mhyper::client::pool[0m[2m:[0m pooling idle connection for ("http", 192.168.0.14:8545)
[2m2025-12-10T10:08:20.942597Z[0m [34mDEBUG[0m [2mhyper::client::pool[0m[2m:[0m pooling idle connection for ("http", 192.168.0.14:8545)
[2m2025-12-10T10:08:20.942605Z[0m [34mDEBUG[0m [2methereum_transaction_pool_monitor::eth_client[0m[2m:[0m 📡 Transaction fetch RPC completed in 13.786542ms
[2m2025-12-10T10:08:20.996617Z[0m [34mDEBUG[0m [2mhyper::client::pool[0m[2m:[0m reuse idle connection for ("http", 192.168.0.14:8545)
[2m2025-12-10T10:08:20.996747Z[0m [34mDEBUG[0m [2mhyper::proto::h1::io[0m[2m:[0m flushed 172 bytes
[2m2025-12-10T10:08:21.000238Z[0m [34mDEBUG[0m [2mhyper::proto::h1::io[0m[2m:[0m parsed 4 headers
[2m2025-12-10T10:08:21.000271Z[0m [34mDEBUG[0m [2mhyper::proto::h1::conn[0m[2m:[0m incoming body is content-length (45 bytes)
[2m2025-12-10T10:08:21.000286Z[0m [34mDEBUG[0m [2mhyper::proto::h1::conn[0m[2m:[0m incoming body completed
[2m2025-12-10T10:08:21.000304Z[0m [34mDEBUG[0m [2mhyper::client::pool[0m[2m:[0m pooling idle connection for ("http", 192.168.0.14:8545)
[2m2025-12-10T10:08:21.012414Z[0m [34mDEBUG[0m [2methereum_transaction_pool_monitor::eth_client[0m[2m:[0m ✅ Transaction 0x644f75786d7813422da52737067cb5c234758cd24201abe181b8842c06fc287e fetched and parsed in 83.593709ms
[2m2025-12-10T10:08:21.012440Z[0m [34mDEBUG[0m [2methereum_transaction_pool_monitor::mempool_monitor[0m[2m:[0m 🔍 Skipping tx 0x644f75786d7813422da52737067cb5c234758cd24201abe181b8842c06fc287e - not a DEX interaction (target: 0x55f91dF471105a14912e523820186ace9A2B1bC1)
[2m2025-12-10T10:08:21.012449Z[0m [34mDEBUG[0m [2methereum_transaction_pool_monitor::mempool_monitor[0m[2m:[0m 📨 Processing new pending transaction: 0xc6569c591b5e424483d6851214097f9d008ac30f39e580e220ede1b1e19f7c07
[2m2025-12-10T10:08:21.012453Z[0m [34mDEBUG[0m [2methereum_transaction_pool_monitor::mempool_monitor[0m[2m:[0m 🔍 Fetching transaction details for: 0xc6569c591b5e424483d6851214097f9d008ac30f39e580e220ede1b1e19f7c07
[2m2025-12-10T10:08:21.012457Z[0m [34mDEBUG[0m [2methereum_transaction_pool_monitor::eth_client[0m[2m:[0m 🔍 Fetching transaction details for hash: 0xc6569c591b5e424483d6851214097f9d008ac30f39e580e220ede1b1e19f7c07
[2m2025-12-10T10:08:21.012474Z[0m [34mDEBUG[0m [2mhyper::client::pool[0m[2m:[0m reuse idle connection for ("http", 192.168.0.14:8545)
[2m2025-12-10T10:08:21.012525Z[0m [34mDEBUG[0m [2mhyper::proto::h1::io[0m[2m:[0m flushed 250 bytes
[2m2025-12-10T10:08:21.018004Z[0m [34mDEBUG[0m [2mhyper::proto::h1::io[0m[2m:[0m parsed 4 headers
[2m2025-12-10T10:08:21.018026Z[0m [34mDEBUG[0m [2mhyper::proto::h1::conn[0m[2m:[0m incoming body is content-length (774 bytes)
[2m2025-12-10T10:08:21.018035Z[0m [34mDEBUG[0m [2mhyper::proto::h1::conn[0m[2m:[0m incoming body completed
[2m2025-12-10T10:08:21.018046Z[0m [34mDEBUG[0m [2mhyper::client::pool[0m[2m:[0m pooling idle connection for ("http", 192.168.0.14:8545)
[2m2025-12-10T10:08:21.018053Z[0m [34mDEBUG[0m [2methereum_transaction_pool_monitor::eth_client[0m[2m:[0m 📡 Transaction fetch RPC completed in 5.592916ms
[2m2025-12-10T10:08:21.086415Z[0m [34mDEBUG[0m [2methereum_transaction_pool_monitor::eth_client[0m[2m:[0m ✅ Transaction 0xc6569c591b5e424483d6851214097f9d008ac30f39e580e220ede1b1e19f7c07 fetched and parsed in 73.952375ms
[2m2025-12-10T10:08:21.086445Z[0m [34mDEBUG[0m [2methereum_transaction_pool_monitor::mempool_monitor[0m[2m:[0m 🔍 Skipping tx 0xc6569c591b5e424483d6851214097f9d008ac30f39e580e220ede1b1e19f7c07 - not a DEX interaction (target: 0xA0b86991c6218b36c1d19D4a2e9Eb0cE3606eB48)
[2m2025-12-10T10:08:21.086454Z[0m [34mDEBUG[0m [2methereum_transaction_pool_monitor::mempool_monitor[0m[2m:[0m 📨 Processing new pending transaction: 0x1ed8e5150864d17f52b0a87f03ad328a1d3c2f12cac4776b78d69f66d09d7a5f
[2m2025-12-10T10:08:21.086459Z[0m [34mDEBUG[0m [2methereum_transaction_pool_monitor::mempool_monitor[0m[2m:[0m 🔍 Fetching transaction details for: 0x1ed8e5150864d17f52b0a87f03ad328a1d3c2f12cac4776b78d69f66d09d7a5f
[2m2025-12-10T10:08:21.086462Z[0m [34mDEBUG[0m [2methereum_transaction_pool_monitor::eth_client[0m[2m:[0m 🔍 Fetching transaction details for hash: 0x1ed8e5150864d17f52b0a87f03ad328a1d3c2f12cac4776b78d69f66d09d7a5f
[2m2025-12-10T10:08:21.086481Z[0m [34mDEBUG[0m [2mhyper::client::pool[0m[2m:[0m reuse idle connection for ("http", 192.168.0.14:8545)
[2m2025-12-10T10:08:21.086534Z[0m [34mDEBUG[0m [2mhyper::proto::h1::io[0m[2m:[0m flushed 250 bytes
[2m2025-12-10T10:08:21.094066Z[0m [34mDEBUG[0m [2mhyper::proto::h1::io[0m[2m:[0m parsed 4 headers
[2m2025-12-10T10:08:21.094076Z[0m [34mDEBUG[0m [2mhyper::proto::h1::conn[0m[2m:[0m incoming body is content-length (843 bytes)
[2m2025-12-10T10:08:21.094084Z[0m [34mDEBUG[0m [2mhyper::proto::h1::conn[0m[2m:[0m incoming body completed
[2m2025-12-10T10:08:21.094094Z[0m [34mDEBUG[0m [2mhyper::client::pool[0m[2m:[0m pooling idle connection for ("http", 192.168.0.14:8545)
[2m2025-12-10T10:08:21.094101Z[0m [34mDEBUG[0m [2methereum_transaction_pool_monitor::eth_client[0m[2m:[0m 📡 Transaction fetch RPC completed in 7.634792ms
[2m2025-12-10T10:08:21.094116Z[0m [34mDEBUG[0m [2methereum_transaction_pool_monitor::eth_client[0m[2m:[0m DeFi transaction detected - Address: 0xdac17f958d2ee523a2206206994597c13d831ec7, Type: Stablecoin, Value: 0 ETH, Gas: 182.00 Gwei
[2m2025-12-10T10:08:21.094136Z[0m [34mDEBUG[0m [2methereum_transaction_pool_monitor::eth_client[0m[2m:[0m ✅ Transaction 0x1ed8e5150864d17f52b0a87f03ad328a1d3c2f12cac4776b78d69f66d09d7a5f fetched and parsed in 7.670292ms
[2m2025-12-10T10:08:21.094141Z[0m [34mDEBUG[0m [2methereum_transaction_pool_monitor::mempool_monitor[0m[2m:[0m 🔍 Skipping tx 0x1ed8e5150864d17f52b0a87f03ad328a1d3c2f12cac4776b78d69f66d09d7a5f - not a DEX interaction (target: 0xdAC17F958D2ee523a2206206994597C13D831ec7)
[2m2025-12-10T10:08:21.095293Z[0m [34mDEBUG[0m [2mhyper::client::pool[0m[2m:[0m reuse idle connection for ("http", 192.168.0.14:8545)
[2m2025-12-10T10:08:21.095351Z[0m [34mDEBUG[0m [2mhyper::proto::h1::io[0m[2m:[0m flushed 172 bytes
[2m2025-12-10T10:08:21.100771Z[0m [34mDEBUG[0m [2mhyper::proto::h1::io[0m[2m:[0m parsed 4 headers
[2m2025-12-10T10:08:21.100790Z[0m [34mDEBUG[0m [2mhyper::proto::h1::conn[0m[2m:[0m incoming body is content-length (45 bytes)
[2m2025-12-10T10:08:21.100798Z[0m [34mDEBUG[0m [2mhyper::proto::h1::conn[0m[2m:[0m incoming body completed
[2m2025-12-10T10:08:21.100811Z[0m [34mDEBUG[0m [2mhyper::client::pool[0m[2m:[0m pooling idle connection for ("http", 192.168.0.14:8545)
[2m2025-12-10T10:08:21.178203Z[0m [34mDEBUG[0m [2methereum_transaction_pool_monitor::eth_client[0m[2m:[0m 📨 Received WebSocket message: {"jsonrpc":"2.0","method":"eth_subscription","params":{"subscription":"0xbed0a0851463e895960a451075a301a9","result":"0x4e55b66f2f7c43c6f0ecac06e90b5446b5f529056958f7a87ee26bcb11f9a9de"}}
[2m2025-12-10T10:08:21.178235Z[0m [34mDEBUG[0m [2methereum_transaction_pool_monitor::eth_client[0m[2m:[0m 📨 Received pending transaction: 0x4e55b66f2f7c43c6f0ecac06e90b5446b5f529056958f7a87ee26bcb11f9a9de
[2m2025-12-10T10:08:21.178247Z[0m [34mDEBUG[0m [2methereum_transaction_pool_monitor::mempool_monitor[0m[2m:[0m 📨 Processing new pending transaction: 0x4e55b66f2f7c43c6f0ecac06e90b5446b5f529056958f7a87ee26bcb11f9a9de
[2m2025-12-10T10:08:21.178253Z[0m [34mDEBUG[0m [2methereum_transaction_pool_monitor::mempool_monitor[0m[2m:[0m 🔍 Fetching transaction details for: 0x4e55b66f2f7c43c6f0ecac06e90b5446b5f529056958f7a87ee26bcb11f9a9de
[2m2025-12-10T10:08:21.178257Z[0m [34mDEBUG[0m [2methereum_transaction_pool_monitor::eth_client[0m[2m:[0m 🔍 Fetching transaction details for hash: 0x4e55b66f2f7c43c6f0ecac06e90b5446b5f529056958f7a87ee26bcb11f9a9de
[2m2025-12-10T10:08:21.178295Z[0m [34mDEBUG[0m [2mhyper::client::pool[0m[2m:[0m reuse idle connection for ("http", 192.168.0.14:8545)
[2m2025-12-10T10:08:21.178334Z[0m [34mDEBUG[0m [2mhyper::proto::h1::io[0m[2m:[0m flushed 250 bytes
[2m2025-12-10T10:08:21.183825Z[0m [34mDEBUG[0m [2mhyper::proto::h1::io[0m[2m:[0m parsed 4 headers
[2m2025-12-10T10:08:21.183840Z[0m [34mDEBUG[0m [2mhyper::proto::h1::conn[0m[2m:[0m incoming body is content-length (582 bytes)
[2m2025-12-10T10:08:21.183850Z[0m [34mDEBUG[0m [2mhyper::proto::h1::conn[0m[2m:[0m incoming body completed
[2m2025-12-10T10:08:21.183861Z[0m [34mDEBUG[0m [2mhyper::client::pool[0m[2m:[0m pooling idle connection for ("http", 192.168.0.14:8545)
[2m2025-12-10T10:08:21.183868Z[0m [34mDEBUG[0m [2methereum_transaction_pool_monitor::eth_client[0m[2m:[0m 📡 Transaction fetch RPC completed in 5.607375ms
[2m2025-12-10T10:08:21.256468Z[0m [34mDEBUG[0m [2methereum_transaction_pool_monitor::eth_client[0m[2m:[0m ✅ Transaction 0x4e55b66f2f7c43c6f0ecac06e90b5446b5f529056958f7a87ee26bcb11f9a9de fetched and parsed in 78.203917ms
[2m2025-12-10T10:08:21.256492Z[0m [34mDEBUG[0m [2methereum_transaction_pool_monitor::mempool_monitor[0m[2m:[0m 🔍 Skipping tx 0x4e55b66f2f7c43c6f0ecac06e90b5446b5f529056958f7a87ee26bcb11f9a9de - not a DEX interaction (target: 0xFA85ed7A603c6800c2Fcba75bAe7AB03Dc9B7F85)
[2m2025-12-10T10:08:21.256548Z[0m [34mDEBUG[0m [2mhyper::client::pool[0m[2m:[0m reuse idle connection for ("http", 192.168.0.14:8545)
[2m2025-12-10T10:08:21.256591Z[0m [34mDEBUG[0m [2mhyper::proto::h1::io[0m[2m:[0m flushed 172 bytes
[2m2025-12-10T10:08:21.260683Z[0m [34mDEBUG[0m [2mhyper::proto::h1::io[0m[2m:[0m parsed 4 headers
[2m2025-12-10T10:08:21.260695Z[0m [34mDEBUG[0m [2mhyper::proto::h1::conn[0m[2m:[0m incoming body is content-length (45 bytes)
[2m2025-12-10T10:08:21.260704Z[0m [34mDEBUG[0m [2mhyper::proto::h1::conn[0m[2m:[0m incoming body completed
[2m2025-12-10T10:08:21.260714Z[0m [34mDEBUG[0m [2mhyper::client::pool[0m[2m:[0m pooling idle connection for ("http", 192.168.0.14:8545)
[2m2025-12-10T10:08:21.296190Z[0m [34mDEBUG[0m [2mhyper::client::pool[0m[2m:[0m reuse idle connection for ("http", 192.168.0.14:8545)
[2m2025-12-10T10:08:21.296266Z[0m [34mDEBUG[0m [2mhyper::proto::h1::io[0m[2m:[0m flushed 172 bytes
[2m2025-12-10T10:08:21.299221Z[0m [34mDEBUG[0m [2mhyper::proto::h1::io[0m[2m:[0m parsed 4 headers
[2m2025-12-10T10:08:21.299229Z[0m [34mDEBUG[0m [2mhyper::proto::h1::conn[0m[2m:[0m incoming body is content-length (45 bytes)
[2m2025-12-10T10:08:21.299236Z[0m [34mDEBUG[0m [2mhyper::proto::h1::conn[0m[2m:[0m incoming body completed
[2m2025-12-10T10:08:21.299244Z[0m [34mDEBUG[0m [2mhyper::client::pool[0m[2m:[0m pooling idle connection for ("http", 192.168.0.14:8545)
[2m2025-12-10T10:08:21.343150Z[0m [34mDEBUG[0m [2methereum_transaction_pool_monitor::eth_client[0m[2m:[0m 📨 Received WebSocket message: {"jsonrpc":"2.0","method":"eth_subscription","params":{"subscription":"0xbed0a0851463e895960a451075a301a9","result":"0xc7d313c1f565700f29f678dfc7bdc40a6206bba7bbdc246dcb471f36f1270dbe"}}
[2m2025-12-10T10:08:21.343169Z[0m [34mDEBUG[0m [2methereum_transaction_pool_monitor::eth_client[0m[2m:[0m 📨 Received pending transaction: 0xc7d313c1f565700f29f678dfc7bdc40a6206bba7bbdc246dcb471f36f1270dbe
[2m2025-12-10T10:08:21.343178Z[0m [34mDEBUG[0m [2methereum_transaction_pool_monitor::mempool_monitor[0m[2m:[0m 📨 Processing new pending transaction: 0xc7d313c1f565700f29f678dfc7bdc40a6206bba7bbdc246dcb471f36f1270dbe
[2m2025-12-10T10:08:21.343182Z[0m [34mDEBUG[0m [2methereum_transaction_pool_monitor::mempool_monitor[0m[2m:[0m 🔍 Fetching transaction details for: 0xc7d313c1f565700f29f678dfc7bdc40a6206bba7bbdc246dcb471f36f1270dbe
[2m2025-12-10T10:08:21.343186Z[0m [34mDEBUG[0m [2methereum_transaction_pool_monitor::eth_client[0m[2m:[0m 🔍 Fetching transaction details for hash: 0xc7d313c1f565700f29f678dfc7bdc40a6206bba7bbdc246dcb471f36f1270dbe
[2m2025-12-10T10:08:21.343206Z[0m [34mDEBUG[0m [2mhyper::client::pool[0m[2m:[0m reuse idle connection for ("http", 192.168.0.14:8545)
[2m2025-12-10T10:08:21.343230Z[0m [34mDEBUG[0m [2mhyper::proto::h1::io[0m[2m:[0m flushed 250 bytes
[2m2025-12-10T10:08:21.354929Z[0m [34mDEBUG[0m [2mhyper::proto::h1::io[0m[2m:[0m parsed 4 headers
[2m2025-12-10T10:08:21.354948Z[0m [34mDEBUG[0m [2mhyper::proto::h1::conn[0m[2m:[0m incoming body is content-length (778 bytes)
[2m2025-12-10T10:08:21.354957Z[0m [34mDEBUG[0m [2mhyper::proto::h1::conn[0m[2m:[0m incoming body completed
[2m2025-12-10T10:08:21.354967Z[0m [34mDEBUG[0m [2mhyper::client::pool[0m[2m:[0m pooling idle connection for ("http", 192.168.0.14:8545)
[2m2025-12-10T10:08:21.354975Z[0m [34mDEBUG[0m [2methereum_transaction_pool_monitor::eth_client[0m[2m:[0m 📡 Transaction fetch RPC completed in 11.784833ms
[2m2025-12-10T10:08:21.429708Z[0m [34mDEBUG[0m [2methereum_transaction_pool_monitor::eth_client[0m[2m:[0m ✅ Transaction 0xc7d313c1f565700f29f678dfc7bdc40a6206bba7bbdc246dcb471f36f1270dbe fetched and parsed in 86.51375ms
[2m2025-12-10T10:08:21.429742Z[0m [34mDEBUG[0m [2methereum_transaction_pool_monitor::mempool_monitor[0m[2m:[0m 🔍 Skipping tx 0xc7d313c1f565700f29f678dfc7bdc40a6206bba7bbdc246dcb471f36f1270dbe - not a DEX interaction (target: 0x61DBbBb552dc893ab3aAd09F289f811E67cEf285)
[2m2025-12-10T10:08:21.429800Z[0m [34mDEBUG[0m [2mhyper::client::pool[0m[2m:[0m reuse idle connection for ("http", 192.168.0.14:8545)
[2m2025-12-10T10:08:21.429866Z[0m [34mDEBUG[0m [2mhyper::proto::h1::io[0m[2m:[0m flushed 172 bytes
[2m2025-12-10T10:08:21.432614Z[0m [34mDEBUG[0m [2mhyper::proto::h1::io[0m[2m:[0m parsed 4 headers
[2m2025-12-10T10:08:21.432622Z[0m [34mDEBUG[0m [2mhyper::proto::h1::conn[0m[2m:[0m incoming body is content-length (45 bytes)
[2m2025-12-10T10:08:21.432631Z[0m [34mDEBUG[0m [2mhyper::proto::h1::conn[0m[2m:[0m incoming body completed
[2m2025-12-10T10:08:21.432642Z[0m [34mDEBUG[0m [2mhyper::client::pool[0m[2m:[0m pooling idle connection for ("http", 192.168.0.14:8545)
[2m2025-12-10T10:08:21.496796Z[0m [34mDEBUG[0m [2mhyper::client::pool[0m[2m:[0m reuse idle connection for ("http", 192.168.0.14:8545)
[2m2025-12-10T10:08:21.496873Z[0m [34mDEBUG[0m [2mhyper::proto::h1::io[0m[2m:[0m flushed 172 bytes
[2m2025-12-10T10:08:21.500343Z[0m [34mDEBUG[0m [2mhyper::proto::h1::io[0m[2m:[0m parsed 4 headers
[2m2025-12-10T10:08:21.500353Z[0m [34mDEBUG[0m [2mhyper::proto::h1::conn[0m[2m:[0m incoming body is content-length (45 bytes)
[2m2025-12-10T10:08:21.500361Z[0m [34mDEBUG[0m [2mhyper::proto::h1::conn[0m[2m:[0m incoming body completed
[2m2025-12-10T10:08:21.500371Z[0m [34mDEBUG[0m [2mhyper::client::pool[0m[2m:[0m pooling idle connection for ("http", 192.168.0.14:8545)
[2m2025-12-10T10:08:21.596312Z[0m [34mDEBUG[0m [2mhyper::client::pool[0m[2m:[0m reuse idle connection for ("http", 192.168.0.14:8545)
[2m2025-12-10T10:08:21.596378Z[0m [34mDEBUG[0m [2mhyper::proto::h1::io[0m[2m:[0m flushed 172 bytes
[2m2025-12-10T10:08:21.599230Z[0m [34mDEBUG[0m [2mhyper::proto::h1::io[0m[2m:[0m parsed 4 headers
[2m2025-12-10T10:08:21.599240Z[0m [34mDEBUG[0m [2mhyper::proto::h1::conn[0m[2m:[0m incoming body is content-length (45 bytes)
[2m2025-12-10T10:08:21.599250Z[0m [34mDEBUG[0m [2mhyper::proto::h1::conn[0m[2m:[0m incoming body completed
[2m2025-12-10T10:08:21.599260Z[0m [34mDEBUG[0m [2mhyper::client::pool[0m[2m:[0m pooling idle connection for ("http", 192.168.0.14:8545)
[2m2025-12-10T10:08:21.624218Z[0m [34mDEBUG[0m [2methereum_transaction_pool_monitor::eth_client[0m[2m:[0m 📨 Received WebSocket message: {"jsonrpc":"2.0","method":"eth_subscription","params":{"subscription":"0xbed0a0851463e895960a451075a301a9","result":"0xd8a854d1310522fd5d4a46e4a1473f34378fd0c59657cb28e854ce7b639fa177"}}
[2m2025-12-10T10:08:21.624236Z[0m [34mDEBUG[0m [2methereum_transaction_pool_monitor::eth_client[0m[2m:[0m 📨 Received pending transaction: 0xd8a854d1310522fd5d4a46e4a1473f34378fd0c59657cb28e854ce7b639fa177
[2m2025-12-10T10:08:21.624244Z[0m [34mDEBUG[0m [2methereum_transaction_pool_monitor::mempool_monitor[0m[2m:[0m 📨 Processing new pending transaction: 0xd8a854d1310522fd5d4a46e4a1473f34378fd0c59657cb28e854ce7b639fa177
[2m2025-12-10T10:08:21.624248Z[0m [34mDEBUG[0m [2methereum_transaction_pool_monitor::mempool_monitor[0m[2m:[0m 🔍 Fetching transaction details for: 0xd8a854d1310522fd5d4a46e4a1473f34378fd0c59657cb28e854ce7b639fa177
[2m2025-12-10T10:08:21.624252Z[0m [34mDEBUG[0m [2methereum_transaction_pool_monitor::eth_client[0m[2m:[0m 🔍 Fetching transaction details for hash: 0xd8a854d1310522fd5d4a46e4a1473f34378fd0c59657cb28e854ce7b639fa177
[2m2025-12-10T10:08:21.624272Z[0m [34mDEBUG[0m [2mhyper::client::pool[0m[2m:[0m reuse idle connection for ("http", 192.168.0.14:8545)
[2m2025-12-10T10:08:21.624295Z[0m [34mDEBUG[0m [2mhyper::proto::h1::io[0m[2m:[0m flushed 250 bytes
[2m2025-12-10T10:08:21.628845Z[0m [34mDEBUG[0m [2mhyper::proto::h1::io[0m[2m:[0m parsed 4 headers
[2m2025-12-10T10:08:21.630372Z[0m [34mDEBUG[0m [2mhyper::proto::h1::conn[0m[2m:[0m incoming body is content-length (644 bytes)
[2m2025-12-10T10:08:21.630388Z[0m [34mDEBUG[0m [2mhyper::proto::h1::conn[0m[2m:[0m incoming body completed
[2m2025-12-10T10:08:21.630403Z[0m [34mDEBUG[0m [2mhyper::client::pool[0m[2m:[0m pooling idle connection for ("http", 192.168.0.14:8545)
[2m2025-12-10T10:08:21.630416Z[0m [34mDEBUG[0m [2methereum_transaction_pool_monitor::eth_client[0m[2m:[0m 📡 Transaction fetch RPC completed in 6.160333ms
[2m2025-12-10T10:08:21.704378Z[0m [34mDEBUG[0m [2methereum_transaction_pool_monitor::eth_client[0m[2m:[0m ✅ Transaction 0xd8a854d1310522fd5d4a46e4a1473f34378fd0c59657cb28e854ce7b639fa177 fetched and parsed in 80.119542ms
[2m2025-12-10T10:08:21.704404Z[0m [34mDEBUG[0m [2methereum_transaction_pool_monitor::mempool_monitor[0m[2m:[0m 🔍 Skipping tx 0xd8a854d1310522fd5d4a46e4a1473f34378fd0c59657cb28e854ce7b639fa177 - not a DEX interaction (target: 0x17E5545B11b468072283Cee1F066a059Fb0dbF24)
[2m2025-12-10T10:08:21.704446Z[0m [34mDEBUG[0m [2mhyper::client::pool[0m[2m:[0m reuse idle connection for ("http", 192.168.0.14:8545)
[2m2025-12-10T10:08:21.704496Z[0m [34mDEBUG[0m [2mhyper::proto::h1::io[0m[2m:[0m flushed 172 bytes
[2m2025-12-10T10:08:21.704518Z[0m [34mDEBUG[0m [2methereum_transaction_pool_monitor::eth_client[0m[2m:[0m 📨 Received WebSocket message: {"jsonrpc":"2.0","method":"eth_subscription","params":{"subscription":"0xbed0a0851463e895960a451075a301a9","result":"0x5d711f9b1b5041124f8bdea28161b64c3a9456f859870c2d84742dd75d7f7a35"}}
[2m2025-12-10T10:08:21.704527Z[0m [34mDEBUG[0m [2methereum_transaction_pool_monitor::eth_client[0m[2m:[0m 📨 Received pending transaction: 0x5d711f9b1b5041124f8bdea28161b64c3a9456f859870c2d84742dd75d7f7a35
[2m2025-12-10T10:08:21.704535Z[0m [34mDEBUG[0m [2methereum_transaction_pool_monitor::eth_client[0m[2m:[0m 📨 Received WebSocket message: {"jsonrpc":"2.0","method":"eth_subscription","params":{"subscription":"0xbed0a0851463e895960a451075a301a9","result":"0x7dd06743c05ee1e010a952b785aec9189029df5061857a5e19801d0e72971900"}}
[2m2025-12-10T10:08:21.704541Z[0m [34mDEBUG[0m [2methereum_transaction_pool_monitor::eth_client[0m[2m:[0m 📨 Received pending transaction: 0x7dd06743c05ee1e010a952b785aec9189029df5061857a5e19801d0e72971900
[2m2025-12-10T10:08:21.704546Z[0m [34mDEBUG[0m [2methereum_transaction_pool_monitor::eth_client[0m[2m:[0m 📨 Received WebSocket message: {"jsonrpc":"2.0","method":"eth_subscription","params":{"subscription":"0xbed0a0851463e895960a451075a301a9","result":"0x3e5c0cf4709760bf604dafbf4d851ca432c5c3afef80dc4cf7f8d933d6d91ee6"}}
[2m2025-12-10T10:08:21.704552Z[0m [34mDEBUG[0m [2methereum_transaction_pool_monitor::eth_client[0m[2m:[0m 📨 Received pending transaction: 0x3e5c0cf4709760bf604dafbf4d851ca432c5c3afef80dc4cf7f8d933d6d91ee6
[2m2025-12-10T10:08:21.704556Z[0m [34mDEBUG[0m [2methereum_transaction_pool_monitor::eth_client[0m[2m:[0m 📨 Received WebSocket message: {"jsonrpc":"2.0","method":"eth_subscription","params":{"subscription":"0xbed0a0851463e895960a451075a301a9","result":"0xfa3a76160d8fe755c9993b3c4d27b45388c32283e670e8a6e2e4060687a2de8f"}}
[2m2025-12-10T10:08:21.704562Z[0m [34mDEBUG[0m [2methereum_transaction_pool_monitor::eth_client[0m[2m:[0m 📨 Received pending transaction: 0xfa3a76160d8fe755c9993b3c4d27b45388c32283e670e8a6e2e4060687a2de8f
[2m2025-12-10T10:08:21.704569Z[0m [34mDEBUG[0m [2methereum_transaction_pool_monitor::mempool_monitor[0m[2m:[0m 📨 Processing new pending transaction: 0x5d711f9b1b5041124f8bdea28161b64c3a9456f859870c2d84742dd75d7f7a35
[2m2025-12-10T10:08:21.704574Z[0m [34mDEBUG[0m [2methereum_transaction_pool_monitor::mempool_monitor[0m[2m:[0m 🔍 Fetching transaction details for: 0x5d711f9b1b5041124f8bdea28161b64c3a9456f859870c2d84742dd75d7f7a35
[2m2025-12-10T10:08:21.704577Z[0m [34mDEBUG[0m [2methereum_transaction_pool_monitor::eth_client[0m[2m:[0m 🔍 Fetching transaction details for hash: 0x5d711f9b1b5041124f8bdea28161b64c3a9456f859870c2d84742dd75d7f7a35
[2m2025-12-10T10:08:21.704586Z[0m [34mDEBUG[0m [2mhyper::client::pool[0m[2m:[0m reuse idle connection for ("http", 192.168.0.14:8545)
[2m2025-12-10T10:08:21.704601Z[0m [34mDEBUG[0m [2mhyper::proto::h1::io[0m[2m:[0m flushed 250 bytes
[2m2025-12-10T10:08:21.707406Z[0m [34mDEBUG[0m [2mhyper::proto::h1::io[0m[2m:[0m parsed 4 headers
[2m2025-12-10T10:08:21.707415Z[0m [34mDEBUG[0m [2mhyper::proto::h1::conn[0m[2m:[0m incoming body is content-length (45 bytes)
[2m2025-12-10T10:08:21.707424Z[0m [34mDEBUG[0m [2mhyper::proto::h1::conn[0m[2m:[0m incoming body completed
[2m2025-12-10T10:08:21.707432Z[0m [34mDEBUG[0m [2mhyper::client::pool[0m[2m:[0m pooling idle connection for ("http", 192.168.0.14:8545)
[2m2025-12-10T10:08:21.714303Z[0m [34mDEBUG[0m [2mhyper::proto::h1::io[0m[2m:[0m parsed 4 headers
[2m2025-12-10T10:08:21.714310Z[0m [34mDEBUG[0m [2mhyper::proto::h1::conn[0m[2m:[0m incoming body is content-length (681 bytes)
[2m2025-12-10T10:08:21.714316Z[0m [34mDEBUG[0m [2mhyper::proto::h1::conn[0m[2m:[0m incoming body completed
[2m2025-12-10T10:08:21.714323Z[0m [34mDEBUG[0m [2mhyper::client::pool[0m[2m:[0m pooling idle connection for ("http", 192.168.0.14:8545)
[2m2025-12-10T10:08:21.714328Z[0m [34mDEBUG[0m [2methereum_transaction_pool_monitor::eth_client[0m[2m:[0m 📡 Transaction fetch RPC completed in 9.747666ms
[2m2025-12-10T10:08:21.714349Z[0m [34mDEBUG[0m [2methereum_transaction_pool_monitor::eth_client[0m[2m:[0m DeFi transaction detected - Address: 0xdac17f958d2ee523a2206206994597c13d831ec7, Type: Stablecoin, Value: 0 ETH, Gas: 2.00 Gwei
[2m2025-12-10T10:08:21.714360Z[0m [34mDEBUG[0m [2methereum_transaction_pool_monitor::eth_client[0m[2m:[0m ✅ Transaction 0x5d711f9b1b5041124f8bdea28161b64c3a9456f859870c2d84742dd75d7f7a35 fetched and parsed in 9.779375ms
[2m2025-12-10T10:08:21.714365Z[0m [34mDEBUG[0m [2methereum_transaction_pool_monitor::mempool_monitor[0m[2m:[0m 🔍 Skipping tx 0x5d711f9b1b5041124f8bdea28161b64c3a9456f859870c2d84742dd75d7f7a35 - not a DEX interaction (target: 0xdAC17F958D2ee523a2206206994597C13D831ec7)
[2m2025-12-10T10:08:21.714372Z[0m [34mDEBUG[0m [2methereum_transaction_pool_monitor::mempool_monitor[0m[2m:[0m 📨 Processing new pending transaction: 0x7dd06743c05ee1e010a952b785aec9189029df5061857a5e19801d0e72971900
[2m2025-12-10T10:08:21.714375Z[0m [34mDEBUG[0m [2methereum_transaction_pool_monitor::mempool_monitor[0m[2m:[0m 🔍 Fetching transaction details for: 0x7dd06743c05ee1e010a952b785aec9189029df5061857a5e19801d0e72971900
[2m2025-12-10T10:08:21.714379Z[0m [34mDEBUG[0m [2methereum_transaction_pool_monitor::eth_client[0m[2m:[0m 🔍 Fetching transaction details for hash: 0x7dd06743c05ee1e010a952b785aec9189029df5061857a5e19801d0e72971900
[2m2025-12-10T10:08:21.714391Z[0m [34mDEBUG[0m [2mhyper::client::pool[0m[2m:[0m reuse idle connection for ("http", 192.168.0.14:8545)
[2m2025-12-10T10:08:21.714411Z[0m [34mDEBUG[0m [2mhyper::proto::h1::io[0m[2m:[0m flushed 250 bytes
[2m2025-12-10T10:08:21.719045Z[0m [34mDEBUG[0m [2mhyper::proto::h1::io[0m[2m:[0m parsed 4 headers
[2m2025-12-10T10:08:21.719052Z[0m [34mDEBUG[0m [2mhyper::proto::h1::conn[0m[2m:[0m incoming body is content-length (681 bytes)
[2m2025-12-10T10:08:21.719057Z[0m [34mDEBUG[0m [2mhyper::proto::h1::conn[0m[2m:[0m incoming body completed
[2m2025-12-10T10:08:21.719067Z[0m [34mDEBUG[0m [2mhyper::client::pool[0m[2m:[0m pooling idle connection for ("http", 192.168.0.14:8545)
[2m2025-12-10T10:08:21.719072Z[0m [34mDEBUG[0m [2methereum_transaction_pool_monitor::eth_client[0m[2m:[0m 📡 Transaction fetch RPC completed in 4.689708ms
[2m2025-12-10T10:08:21.719082Z[0m [34mDEBUG[0m [2methereum_transaction_pool_monitor::eth_client[0m[2m:[0m DeFi transaction detected - Address: 0xdac17f958d2ee523a2206206994597c13d831ec7, Type: Stablecoin, Value: 0 ETH, Gas: 2.00 Gwei
[2m2025-12-10T10:08:21.719092Z[0m [34mDEBUG[0m [2methereum_transaction_pool_monitor::eth_client[0m[2m:[0m ✅ Transaction 0x7dd06743c05ee1e010a952b785aec9189029df5061857a5e19801d0e72971900 fetched and parsed in 4.709833ms
[2m2025-12-10T10:08:21.719097Z[0m [34mDEBUG[0m [2methereum_transaction_pool_monitor::mempool_monitor[0m[2m:[0m 🔍 Skipping tx 0x7dd06743c05ee1e010a952b785aec9189029df5061857a5e19801d0e72971900 - not a DEX interaction (target: 0xdAC17F958D2ee523a2206206994597C13D831ec7)
[2m2025-12-10T10:08:21.719103Z[0m [34mDEBUG[0m [2methereum_transaction_pool_monitor::mempool_monitor[0m[2m:[0m 📨 Processing new pending transaction: 0x3e5c0cf4709760bf604dafbf4d851ca432c5c3afef80dc4cf7f8d933d6d91ee6
[2m2025-12-10T10:08:21.719106Z[0m [34mDEBUG[0m [2methereum_transaction_pool_monitor::mempool_monitor[0m[2m:[0m 🔍 Fetching transaction details for: 0x3e5c0cf4709760bf604dafbf4d851ca432c5c3afef80dc4cf7f8d933d6d91ee6
[2m2025-12-10T10:08:21.719109Z[0m [34mDEBUG[0m [2methereum_transaction_pool_monitor::eth_client[0m[2m:[0m 🔍 Fetching transaction details for hash: 0x3e5c0cf4709760bf604dafbf4d851ca432c5c3afef80dc4cf7f8d933d6d91ee6
[2m2025-12-10T10:08:21.719120Z[0m [34mDEBUG[0m [2mhyper::client::pool[0m[2m:[0m reuse idle connection for ("http", 192.168.0.14:8545)
[2m2025-12-10T10:08:21.719136Z[0m [34mDEBUG[0m [2mhyper::proto::h1::io[0m[2m:[0m flushed 250 bytes
[2m2025-12-10T10:08:21.723242Z[0m [34mDEBUG[0m [2mhyper::proto::h1::io[0m[2m:[0m parsed 4 headers
[2m2025-12-10T10:08:21.723264Z[0m [34mDEBUG[0m [2mhyper::proto::h1::conn[0m[2m:[0m incoming body is content-length (559 bytes)
[2m2025-12-10T10:08:21.723283Z[0m [34mDEBUG[0m [2mhyper::proto::h1::conn[0m[2m:[0m incoming body completed
[2m2025-12-10T10:08:21.723305Z[0m [34mDEBUG[0m [2mhyper::client::pool[0m[2m:[0m pooling idle connection for ("http", 192.168.0.14:8545)
[2m2025-12-10T10:08:21.723311Z[0m [34mDEBUG[0m [2methereum_transaction_pool_monitor::eth_client[0m[2m:[0m 📡 Transaction fetch RPC completed in 4.198084ms
[2m2025-12-10T10:08:21.795386Z[0m [34mDEBUG[0m [2methereum_transaction_pool_monitor::eth_client[0m[2m:[0m ✅ Transaction 0x3e5c0cf4709760bf604dafbf4d851ca432c5c3afef80dc4cf7f8d933d6d91ee6 fetched and parsed in 76.270042ms
[2m2025-12-10T10:08:21.795419Z[0m [34mDEBUG[0m [2methereum_transaction_pool_monitor::mempool_monitor[0m[2m:[0m 🔍 Skipping tx 0x3e5c0cf4709760bf604dafbf4d851ca432c5c3afef80dc4cf7f8d933d6d91ee6 - not a DEX interaction (target: 0x4ad936cEa3510E8A8134179B0A5BC3FD8Eba8CB1)
[2m2025-12-10T10:08:21.795431Z[0m [34mDEBUG[0m [2methereum_transaction_pool_monitor::mempool_monitor[0m[2m:[0m 📨 Processing new pending transaction: 0xfa3a76160d8fe755c9993b3c4d27b45388c32283e670e8a6e2e4060687a2de8f
[2m2025-12-10T10:08:21.795444Z[0m [34mDEBUG[0m [2methereum_transaction_pool_monitor::mempool_monitor[0m[2m:[0m 🔍 Fetching transaction details for: 0xfa3a76160d8fe755c9993b3c4d27b45388c32283e670e8a6e2e4060687a2de8f
[2m2025-12-10T10:08:21.795451Z[0m [34mDEBUG[0m [2methereum_transaction_pool_monitor::eth_client[0m[2m:[0m 🔍 Fetching transaction details for hash: 0xfa3a76160d8fe755c9993b3c4d27b45388c32283e670e8a6e2e4060687a2de8f
[2m2025-12-10T10:08:21.795475Z[0m [34mDEBUG[0m [2mhyper::client::pool[0m[2m:[0m reuse idle connection for ("http", 192.168.0.14:8545)
[2m2025-12-10T10:08:21.795520Z[0m [34mDEBUG[0m [2mhyper::proto::h1::io[0m[2m:[0m flushed 250 bytes
[2m2025-12-10T10:08:21.795551Z[0m [34mDEBUG[0m [2mhyper::client::pool[0m[2m:[0m reuse idle connection for ("http", 192.168.0.14:8545)
[2m2025-12-10T10:08:21.795567Z[0m [34mDEBUG[0m [2mhyper::proto::h1::io[0m[2m:[0m flushed 172 bytes
[2m2025-12-10T10:08:21.799906Z[0m [34mDEBUG[0m [2mhyper::proto::h1::io[0m[2m:[0m parsed 4 headers
[2m2025-12-10T10:08:21.799916Z[0m [34mDEBUG[0m [2mhyper::proto::h1::conn[0m[2m:[0m incoming body is content-length (45 bytes)
[2m2025-12-10T10:08:21.799925Z[0m [34mDEBUG[0m [2mhyper::proto::h1::conn[0m[2m:[0m incoming body completed
[2m2025-12-10T10:08:21.799935Z[0m [34mDEBUG[0m [2mhyper::client::pool[0m[2m:[0m pooling idle connection for ("http", 192.168.0.14:8545)
[2m2025-12-10T10:08:21.799956Z[0m [34mDEBUG[0m [2mhyper::proto::h1::io[0m[2m:[0m parsed 4 headers
[2m2025-12-10T10:08:21.799960Z[0m [34mDEBUG[0m [2mhyper::proto::h1::conn[0m[2m:[0m incoming body is content-length (769 bytes)
[2m2025-12-10T10:08:21.799964Z[0m [34mDEBUG[0m [2mhyper::proto::h1::conn[0m[2m:[0m incoming body completed
[2m2025-12-10T10:08:21.799970Z[0m [34mDEBUG[0m [2mhyper::client::pool[0m[2m:[0m pooling idle connection for ("http", 192.168.0.14:8545)
[2m2025-12-10T10:08:21.799974Z[0m [34mDEBUG[0m [2methereum_transaction_pool_monitor::eth_client[0m[2m:[0m 📡 Transaction fetch RPC completed in 4.518125ms
[2m2025-12-10T10:08:21.878144Z[0m [34mDEBUG[0m [2methereum_transaction_pool_monitor::eth_client[0m[2m:[0m ✅ Transaction 0xfa3a76160d8fe755c9993b3c4d27b45388c32283e670e8a6e2e4060687a2de8f fetched and parsed in 82.685584ms
[2m2025-12-10T10:08:21.878174Z[0m [34mDEBUG[0m [2methereum_transaction_pool_monitor::mempool_monitor[0m[2m:[0m 🔍 Skipping tx 0xfa3a76160d8fe755c9993b3c4d27b45388c32283e670e8a6e2e4060687a2de8f - not a DEX interaction (target: 0xA0b86991c6218b36c1d19D4a2e9Eb0cE3606eB48)
[2m2025-12-10T10:08:21.878231Z[0m [34mDEBUG[0m [2methereum_transaction_pool_monitor::eth_client[0m[2m:[0m 📨 Received WebSocket message: {"jsonrpc":"2.0","method":"eth_subscription","params":{"subscription":"0xbed0a0851463e895960a451075a301a9","result":"0x8faaccb4d9cde83320d998aa5a6599d16b9abc88b758d7332112966994706ce7"}}
[2m2025-12-10T10:08:21.878242Z[0m [34mDEBUG[0m [2methereum_transaction_pool_monitor::eth_client[0m[2m:[0m 📨 Received pending transaction: 0x8faaccb4d9cde83320d998aa5a6599d16b9abc88b758d7332112966994706ce7
[2m2025-12-10T10:08:21.878249Z[0m [34mDEBUG[0m [2methereum_transaction_pool_monitor::eth_client[0m[2m:[0m 📨 Received WebSocket message: {"jsonrpc":"2.0","method":"eth_subscription","params":{"subscription":"0xbed0a0851463e895960a451075a301a9","result":"0xaf51b3bd22a9877e1c53c043e4376a439c167b323ed05dcd44c875e8f833acb8"}}
[2m2025-12-10T10:08:21.878255Z[0m [34mDEBUG[0m [2methereum_transaction_pool_monitor::eth_client[0m[2m:[0m 📨 Received pending transaction: 0xaf51b3bd22a9877e1c53c043e4376a439c167b323ed05dcd44c875e8f833acb8
[2m2025-12-10T10:08:21.878262Z[0m [34mDEBUG[0m [2methereum_transaction_pool_monitor::mempool_monitor[0m[2m:[0m 📨 Processing new pending transaction: 0x8faaccb4d9cde83320d998aa5a6599d16b9abc88b758d7332112966994706ce7
[2m2025-12-10T10:08:21.878268Z[0m [34mDEBUG[0m [2methereum_transaction_pool_monitor::mempool_monitor[0m[2m:[0m 🔍 Fetching transaction details for: 0x8faaccb4d9cde83320d998aa5a6599d16b9abc88b758d7332112966994706ce7
[2m2025-12-10T10:08:21.878273Z[0m [34mDEBUG[0m [2methereum_transaction_pool_monitor::eth_client[0m[2m:[0m 🔍 Fetching transaction details for hash: 0x8faaccb4d9cde83320d998aa5a6599d16b9abc88b758d7332112966994706ce7
[2m2025-12-10T10:08:21.878296Z[0m [34mDEBUG[0m [2mhyper::client::pool[0m[2m:[0m reuse idle connection for ("http", 192.168.0.14:8545)
[2m2025-12-10T10:08:21.878325Z[0m [34mDEBUG[0m [2mhyper::proto::h1::io[0m[2m:[0m flushed 250 bytes
[2m2025-12-10T10:08:21.884961Z[0m [34mDEBUG[0m [2methereum_transaction_pool_monitor::eth_client[0m[2m:[0m 📨 Received WebSocket message: {"jsonrpc":"2.0","method":"eth_subscription","params":{"subscription":"0xbed0a0851463e895960a451075a301a9","result":"0xc6bcc99ffa1a2afe8e5d19e39e1014c1317cca1358e5faf9528322a0c62c37e4"}}
[2m2025-12-10T10:08:21.884976Z[0m [34mDEBUG[0m [2methereum_transaction_pool_monitor::eth_client[0m[2m:[0m 📨 Received pending transaction: 0xc6bcc99ffa1a2afe8e5d19e39e1014c1317cca1358e5faf9528322a0c62c37e4
[2m2025-12-10T10:08:21.887847Z[0m [34mDEBUG[0m [2mhyper::proto::h1::io[0m[2m:[0m parsed 4 headers
[2m2025-12-10T10:08:21.887863Z[0m [34mDEBUG[0m [2mhyper::proto::h1::conn[0m[2m:[0m incoming body is content-length (763 bytes)
[2m2025-12-10T10:08:21.887873Z[0m [34mDEBUG[0m [2mhyper::proto::h1::conn[0m[2m:[0m incoming body completed
[2m2025-12-10T10:08:21.887885Z[0m [34mDEBUG[0m [2mhyper::client::pool[0m[2m:[0m pooling idle connection for ("http", 192.168.0.14:8545)
[2m2025-12-10T10:08:21.887894Z[0m [34mDEBUG[0m [2methereum_transaction_pool_monitor::eth_client[0m[2m:[0m 📡 Transaction fetch RPC completed in 9.6155ms
[2m2025-12-10T10:08:21.960196Z[0m [34mDEBUG[0m [2methereum_transaction_pool_monitor::eth_client[0m[2m:[0m ✅ Transaction 0x8faaccb4d9cde83320d998aa5a6599d16b9abc88b758d7332112966994706ce7 fetched and parsed in 81.914417ms
[2m2025-12-10T10:08:21.960227Z[0m [34mDEBUG[0m [2methereum_transaction_pool_monitor::mempool_monitor[0m[2m:[0m 🔍 Skipping tx 0x8faaccb4d9cde83320d998aa5a6599d16b9abc88b758d7332112966994706ce7 - not a DEX interaction (target: 0xd50370bEE8bFf23Bbb30ca558a1d0207DBc96ef2)
[2m2025-12-10T10:08:21.960240Z[0m [34mDEBUG[0m [2methereum_transaction_pool_monitor::mempool_monitor[0m[2m:[0m 📨 Processing new pending transaction: 0xaf51b3bd22a9877e1c53c043e4376a439c167b323ed05dcd44c875e8f833acb8
[2m2025-12-10T10:08:21.960245Z[0m [34mDEBUG[0m [2methereum_transaction_pool_monitor::mempool_monitor[0m[2m:[0m 🔍 Fetching transaction details for: 0xaf51b3bd22a9877e1c53c043e4376a439c167b323ed05dcd44c875e8f833acb8
[2m2025-12-10T10:08:21.960250Z[0m [34mDEBUG[0m [2methereum_transaction_pool_monitor::eth_client[0m[2m:[0m 🔍 Fetching transaction details for hash: 0xaf51b3bd22a9877e1c53c043e4376a439c167b323ed05dcd44c875e8f833acb8
[2m2025-12-10T10:08:21.960275Z[0m [34mDEBUG[0m [2mhyper::client::pool[0m[2m:[0m reuse idle connection for ("http", 192.168.0.14:8545)
[2m2025-12-10T10:08:21.960325Z[0m [34mDEBUG[0m [2mhyper::proto::h1::io[0m[2m:[0m flushed 250 bytes
[2m2025-12-10T10:08:21.960359Z[0m [34mDEBUG[0m [2mhyper::client::pool[0m[2m:[0m reuse idle connection for ("http", 192.168.0.14:8545)
[2m2025-12-10T10:08:21.960377Z[0m [34mDEBUG[0m [2mhyper::proto::h1::io[0m[2m:[0m flushed 172 bytes
[2m2025-12-10T10:08:21.963795Z[0m [34mDEBUG[0m [2mhyper::proto::h1::io[0m[2m:[0m parsed 4 headers
[2m2025-12-10T10:08:21.963810Z[0m [34mDEBUG[0m [2mhyper::proto::h1::conn[0m[2m:[0m incoming body is content-length (2879 bytes)
[2m2025-12-10T10:08:21.963826Z[0m [34mDEBUG[0m [2methereum_transaction_pool_monitor::eth_client[0m[2m:[0m 📡 Transaction fetch RPC completed in 3.570833ms
[2m2025-12-10T10:08:21.966132Z[0m [34mDEBUG[0m [2mhyper::proto::h1::conn[0m[2m:[0m incoming body completed
[2m2025-12-10T10:08:21.966149Z[0m [34mDEBUG[0m [2mhyper::client::pool[0m[2m:[0m pooling idle connection for ("http", 192.168.0.14:8545)
[2m2025-12-10T10:08:21.966191Z[0m [34mDEBUG[0m [2mhyper::proto::h1::io[0m[2m:[0m parsed 4 headers
[2m2025-12-10T10:08:21.966196Z[0m [34mDEBUG[0m [2mhyper::proto::h1::conn[0m[2m:[0m incoming body is content-length (45 bytes)
[2m2025-12-10T10:08:21.966202Z[0m [34mDEBUG[0m [2mhyper::proto::h1::conn[0m[2m:[0m incoming body completed
[2m2025-12-10T10:08:21.966208Z[0m [34mDEBUG[0m [2mhyper::client::pool[0m[2m:[0m pooling idle connection for ("http", 192.168.0.14:8545)
[2m2025-12-10T10:08:21.995876Z[0m [34mDEBUG[0m [2mhyper::client::pool[0m[2m:[0m reuse idle connection for ("http", 192.168.0.14:8545)
[2m2025-12-10T10:08:21.995954Z[0m [34mDEBUG[0m [2mhyper::proto::h1::io[0m[2m:[0m flushed 172 bytes
[2m2025-12-10T10:08:22.000071Z[0m [34mDEBUG[0m [2mhyper::proto::h1::io[0m[2m:[0m parsed 4 headers
[2m2025-12-10T10:08:22.000089Z[0m [34mDEBUG[0m [2mhyper::proto::h1::conn[0m[2m:[0m incoming body is content-length (45 bytes)
[2m2025-12-10T10:08:22.000098Z[0m [34mDEBUG[0m [2mhyper::proto::h1::conn[0m[2m:[0m incoming body completed
[2m2025-12-10T10:08:22.000109Z[0m [34mDEBUG[0m [2mhyper::client::pool[0m[2m:[0m pooling idle connection for ("http", 192.168.0.14:8545)
[2m2025-12-10T10:08:22.038693Z[0m [34mDEBUG[0m [2methereum_transaction_pool_monitor::eth_client[0m[2m:[0m ✅ Transaction 0xaf51b3bd22a9877e1c53c043e4376a439c167b323ed05dcd44c875e8f833acb8 fetched and parsed in 78.435041ms
[2m2025-12-10T10:08:22.038720Z[0m [34mDEBUG[0m [2methereum_transaction_pool_monitor::mempool_monitor[0m[2m:[0m 🔍 Skipping tx 0xaf51b3bd22a9877e1c53c043e4376a439c167b323ed05dcd44c875e8f833acb8 - not a DEX interaction (target: 0xee50FAfc11baAd66d1898D712409866844A8f644)
[2m2025-12-10T10:08:22.038731Z[0m [34mDEBUG[0m [2methereum_transaction_pool_monitor::mempool_monitor[0m[2m:[0m 📨 Processing new pending transaction: 0xc6bcc99ffa1a2afe8e5d19e39e1014c1317cca1358e5faf9528322a0c62c37e4
[2m2025-12-10T10:08:22.038738Z[0m [34mDEBUG[0m [2methereum_transaction_pool_monitor::mempool_monitor[0m[2m:[0m 🔍 Fetching transaction details for: 0xc6bcc99ffa1a2afe8e5d19e39e1014c1317cca1358e5faf9528322a0c62c37e4
[2m2025-12-10T10:08:22.038743Z[0m [34mDEBUG[0m [2methereum_transaction_pool_monitor::eth_client[0m[2m:[0m 🔍 Fetching transaction details for hash: 0xc6bcc99ffa1a2afe8e5d19e39e1014c1317cca1358e5faf9528322a0c62c37e4
[2m2025-12-10T10:08:22.038762Z[0m [34mDEBUG[0m [2mhyper::client::pool[0m[2m:[0m reuse idle connection for ("http", 192.168.0.14:8545)
[2m2025-12-10T10:08:22.038816Z[0m [34mDEBUG[0m [2mhyper::proto::h1::io[0m[2m:[0m flushed 250 bytes
[2m2025-12-10T10:08:22.044251Z[0m [34mDEBUG[0m [2mhyper::proto::h1::io[0m[2m:[0m parsed 4 headers
[2m2025-12-10T10:08:22.044259Z[0m [34mDEBUG[0m [2mhyper::proto::h1::conn[0m[2m:[0m incoming body is content-length (774 bytes)
[2m2025-12-10T10:08:22.044268Z[0m [34mDEBUG[0m [2mhyper::proto::h1::conn[0m[2m:[0m incoming body completed
[2m2025-12-10T10:08:22.044279Z[0m [34mDEBUG[0m [2mhyper::client::pool[0m[2m:[0m pooling idle connection for ("http", 192.168.0.14:8545)
[2m2025-12-10T10:08:22.044286Z[0m [34mDEBUG[0m [2methereum_transaction_pool_monitor::eth_client[0m[2m:[0m 📡 Transaction fetch RPC completed in 5.539208ms
[2m2025-12-10T10:08:22.117274Z[0m [34mDEBUG[0m [2methereum_transaction_pool_monitor::eth_client[0m[2m:[0m ✅ Transaction 0xc6bcc99ffa1a2afe8e5d19e39e1014c1317cca1358e5faf9528322a0c62c37e4 fetched and parsed in 78.523833ms
[2m2025-12-10T10:08:22.117305Z[0m [34mDEBUG[0m [2methereum_transaction_pool_monitor::mempool_monitor[0m[2m:[0m 🔍 Skipping tx 0xc6bcc99ffa1a2afe8e5d19e39e1014c1317cca1358e5faf9528322a0c62c37e4 - not a DEX interaction (target: 0xA0b86991c6218b36c1d19D4a2e9Eb0cE3606eB48)
[2m2025-12-10T10:08:22.117355Z[0m [34mDEBUG[0m [2mhyper::client::pool[0m[2m:[0m reuse idle connection for ("http", 192.168.0.14:8545)
[2m2025-12-10T10:08:22.117402Z[0m [34mDEBUG[0m [2methereum_transaction_pool_monitor::eth_client[0m[2m:[0m 📨 Received WebSocket message: {"jsonrpc":"2.0","method":"eth_subscription","params":{"subscription":"0xbed0a0851463e895960a451075a301a9","result":"0xbc2501ddfaf93d1153fa891be0832583275ad9af470961ccc0288cc9f9f34321"}}
[2m2025-12-10T10:08:22.117413Z[0m [34mDEBUG[0m [2mhyper::proto::h1::io[0m[2m:[0m flushed 172 bytes
[2m2025-12-10T10:08:22.117413Z[0m [34mDEBUG[0m [2methereum_transaction_pool_monitor::eth_client[0m[2m:[0m 📨 Received pending transaction: 0xbc2501ddfaf93d1153fa891be0832583275ad9af470961ccc0288cc9f9f34321
[2m2025-12-10T10:08:22.117428Z[0m [34mDEBUG[0m [2methereum_transaction_pool_monitor::mempool_monitor[0m[2m:[0m 📨 Processing new pending transaction: 0xbc2501ddfaf93d1153fa891be0832583275ad9af470961ccc0288cc9f9f34321
[2m2025-12-10T10:08:22.117433Z[0m [34mDEBUG[0m [2methereum_transaction_pool_monitor::mempool_monitor[0m[2m:[0m 🔍 Fetching transaction details for: 0xbc2501ddfaf93d1153fa891be0832583275ad9af470961ccc0288cc9f9f34321
[2m2025-12-10T10:08:22.117439Z[0m [34mDEBUG[0m [2methereum_transaction_pool_monitor::eth_client[0m[2m:[0m 🔍 Fetching transaction details for hash: 0xbc2501ddfaf93d1153fa891be0832583275ad9af470961ccc0288cc9f9f34321
[2m2025-12-10T10:08:22.117449Z[0m [34mDEBUG[0m [2mhyper::client::pool[0m[2m:[0m reuse idle connection for ("http", 192.168.0.14:8545)
[2m2025-12-10T10:08:22.117465Z[0m [34mDEBUG[0m [2mhyper::proto::h1::io[0m[2m:[0m flushed 250 bytes
[2m2025-12-10T10:08:22.120680Z[0m [34mDEBUG[0m [2mhyper::proto::h1::io[0m[2m:[0m parsed 4 headers
[2m2025-12-10T10:08:22.120689Z[0m [34mDEBUG[0m [2mhyper::proto::h1::conn[0m[2m:[0m incoming body is content-length (45 bytes)
[2m2025-12-10T10:08:22.120696Z[0m [34mDEBUG[0m [2mhyper::proto::h1::conn[0m[2m:[0m incoming body completed
[2m2025-12-10T10:08:22.120705Z[0m [34mDEBUG[0m [2mhyper::client::pool[0m[2m:[0m pooling idle connection for ("http", 192.168.0.14:8545)
[2m2025-12-10T10:08:22.122468Z[0m [34mDEBUG[0m [2mhyper::proto::h1::io[0m[2m:[0m parsed 4 headers
[2m2025-12-10T10:08:22.122476Z[0m [34mDEBUG[0m [2mhyper::proto::h1::conn[0m[2m:[0m incoming body is content-length (904 bytes)
[2m2025-12-10T10:08:22.122486Z[0m [34mDEBUG[0m [2mhyper::proto::h1::conn[0m[2m:[0m incoming body completed
[2m2025-12-10T10:08:22.122494Z[0m [34mDEBUG[0m [2mhyper::client::pool[0m[2m:[0m pooling idle connection for ("http", 192.168.0.14:8545)
[2m2025-12-10T10:08:22.122500Z[0m [34mDEBUG[0m [2methereum_transaction_pool_monitor::eth_client[0m[2m:[0m 📡 Transaction fetch RPC completed in 5.057292ms
[2m2025-12-10T10:08:22.194216Z[0m [34mDEBUG[0m [2methereum_transaction_pool_monitor::eth_client[0m[2m:[0m ✅ Transaction 0xbc2501ddfaf93d1153fa891be0832583275ad9af470961ccc0288cc9f9f34321 fetched and parsed in 76.769292ms
[2m2025-12-10T10:08:22.194248Z[0m [34mDEBUG[0m [2methereum_transaction_pool_monitor::mempool_monitor[0m[2m:[0m 🔍 Skipping tx 0xbc2501ddfaf93d1153fa891be0832583275ad9af470961ccc0288cc9f9f34321 - not a DEX interaction (target: 0xff00000000000000000000000000000000000480)
[2m2025-12-10T10:08:22.195465Z[0m [34mDEBUG[0m [2mhyper::client::pool[0m[2m:[0m reuse idle connection for ("http", 192.168.0.14:8545)
[2m2025-12-10T10:08:22.195512Z[0m [34mDEBUG[0m [2mhyper::proto::h1::io[0m[2m:[0m flushed 172 bytes
[2m2025-12-10T10:08:22.198815Z[0m [34mDEBUG[0m [2mhyper::proto::h1::io[0m[2m:[0m parsed 4 headers
[2m2025-12-10T10:08:22.198821Z[0m [34mDEBUG[0m [2mhyper::proto::h1::conn[0m[2m:[0m incoming body is content-length (45 bytes)
[2m2025-12-10T10:08:22.198828Z[0m [34mDEBUG[0m [2mhyper::proto::h1::conn[0m[2m:[0m incoming body completed
[2m2025-12-10T10:08:22.198835Z[0m [34mDEBUG[0m [2mhyper::client::pool[0m[2m:[0m pooling idle connection for ("http", 192.168.0.14:8545)
[2m2025-12-10T10:08:22.202836Z[0m [34mDEBUG[0m [2methereum_transaction_pool_monitor::eth_client[0m[2m:[0m 📨 Received WebSocket message: {"jsonrpc":"2.0","method":"eth_subscription","params":{"subscription":"0xbed0a0851463e895960a451075a301a9","result":"0x4d17e5674c01438c1231406e20b4c626b5625e3eab01719e9761fed5d1c9b3e3"}}
[2m2025-12-10T10:08:22.202846Z[0m [34mDEBUG[0m [2methereum_transaction_pool_monitor::eth_client[0m[2m:[0m 📨 Received pending transaction: 0x4d17e5674c01438c1231406e20b4c626b5625e3eab01719e9761fed5d1c9b3e3
[2m2025-12-10T10:08:22.202853Z[0m [34mDEBUG[0m [2methereum_transaction_pool_monitor::mempool_monitor[0m[2m:[0m 📨 Processing new pending transaction: 0x4d17e5674c01438c1231406e20b4c626b5625e3eab01719e9761fed5d1c9b3e3
[2m2025-12-10T10:08:22.202857Z[0m [34mDEBUG[0m [2methereum_transaction_pool_monitor::mempool_monitor[0m[2m:[0m 🔍 Fetching transaction details for: 0x4d17e5674c01438c1231406e20b4c626b5625e3eab01719e9761fed5d1c9b3e3
[2m2025-12-10T10:08:22.202861Z[0m [34mDEBUG[0m [2methereum_transaction_pool_monitor::eth_client[0m[2m:[0m 🔍 Fetching transaction details for hash: 0x4d17e5674c01438c1231406e20b4c626b5625e3eab01719e9761fed5d1c9b3e3
[2m2025-12-10T10:08:22.202876Z[0m [34mDEBUG[0m [2mhyper::client::pool[0m[2m:[0m reuse idle connection for ("http", 192.168.0.14:8545)
[2m2025-12-10T10:08:22.202892Z[0m [34mDEBUG[0m [2mhyper::proto::h1::io[0m[2m:[0m flushed 250 bytes
[2m2025-12-10T10:08:22.207910Z[0m [34mDEBUG[0m [2mhyper::proto::h1::io[0m[2m:[0m parsed 4 headers
[2m2025-12-10T10:08:22.207917Z[0m [34mDEBUG[0m [2mhyper::proto::h1::conn[0m[2m:[0m incoming body is content-length (654 bytes)
[2m2025-12-10T10:08:22.207924Z[0m [34mDEBUG[0m [2mhyper::proto::h1::conn[0m[2m:[0m incoming body completed
[2m2025-12-10T10:08:22.207931Z[0m [34mDEBUG[0m [2mhyper::client::pool[0m[2m:[0m pooling idle connection for ("http", 192.168.0.14:8545)
[2m2025-12-10T10:08:22.207938Z[0m [34mDEBUG[0m [2methereum_transaction_pool_monitor::eth_client[0m[2m:[0m 📡 Transaction fetch RPC completed in 5.073583ms
[2m2025-12-10T10:08:22.279850Z[0m [34mDEBUG[0m [2methereum_transaction_pool_monitor::eth_client[0m[2m:[0m ✅ Transaction 0x4d17e5674c01438c1231406e20b4c626b5625e3eab01719e9761fed5d1c9b3e3 fetched and parsed in 76.982542ms
[2m2025-12-10T10:08:22.281150Z[0m [34mDEBUG[0m [2methereum_transaction_pool_monitor::mempool_monitor[0m[2m:[0m 🔍 Skipping tx 0x4d17e5674c01438c1231406e20b4c626b5625e3eab01719e9761fed5d1c9b3e3 - not a DEX interaction (target: 0x41De1Cf525ceC7cDF0224AdF99b77a8E4db9D440)
[2m2025-12-10T10:08:22.281204Z[0m [34mDEBUG[0m [2methereum_transaction_pool_monitor::eth_client[0m[2m:[0m 📨 Received WebSocket message: {"jsonrpc":"2.0","method":"eth_subscription","params":{"subscription":"0xbed0a0851463e895960a451075a301a9","result":"0x5d2558f4f81b39239b7b4e06f85846e00785d3d37828f400d3aca59efcaff0ae"}}
[2m2025-12-10T10:08:22.281214Z[0m [34mDEBUG[0m [2methereum_transaction_pool_monitor::eth_client[0m[2m:[0m 📨 Received pending transaction: 0x5d2558f4f81b39239b7b4e06f85846e00785d3d37828f400d3aca59efcaff0ae
[2m2025-12-10T10:08:22.281222Z[0m [34mDEBUG[0m [2methereum_transaction_pool_monitor::mempool_monitor[0m[2m:[0m 📨 Processing new pending transaction: 0x5d2558f4f81b39239b7b4e06f85846e00785d3d37828f400d3aca59efcaff0ae
[2m2025-12-10T10:08:22.281227Z[0m [34mDEBUG[0m [2methereum_transaction_pool_monitor::mempool_monitor[0m[2m:[0m 🔍 Fetching transaction details for: 0x5d2558f4f81b39239b7b4e06f85846e00785d3d37828f400d3aca59efcaff0ae
[2m2025-12-10T10:08:22.281232Z[0m [34mDEBUG[0m [2methereum_transaction_pool_monitor::eth_client[0m[2m:[0m 🔍 Fetching transaction details for hash: 0x5d2558f4f81b39239b7b4e06f85846e00785d3d37828f400d3aca59efcaff0ae
[2m2025-12-10T10:08:22.281253Z[0m [34mDEBUG[0m [2mhyper::client::pool[0m[2m:[0m reuse idle connection for ("http", 192.168.0.14:8545)
[2m2025-12-10T10:08:22.281279Z[0m [34mDEBUG[0m [2mhyper::proto::h1::io[0m[2m:[0m flushed 250 bytes
[2m2025-12-10T10:08:22.288282Z[0m [34mDEBUG[0m [2mhyper::proto::h1::io[0m[2m:[0m parsed 4 headers
[2m2025-12-10T10:08:22.288294Z[0m [34mDEBUG[0m [2mhyper::proto::h1::conn[0m[2m:[0m incoming body is content-length (675 bytes)
[2m2025-12-10T10:08:22.288304Z[0m [34mDEBUG[0m [2mhyper::proto::h1::conn[0m[2m:[0m incoming body completed
[2m2025-12-10T10:08:22.288341Z[0m [34mDEBUG[0m [2mhyper::client::pool[0m[2m:[0m pooling idle connection for ("http", 192.168.0.14:8545)
[2m2025-12-10T10:08:22.288353Z[0m [34mDEBUG[0m [2methereum_transaction_pool_monitor::eth_client[0m[2m:[0m 📡 Transaction fetch RPC completed in 7.116834ms
[2m2025-12-10T10:08:22.288377Z[0m [34mDEBUG[0m [2methereum_transaction_pool_monitor::eth_client[0m[2m:[0m DeFi transaction detected - Address: 0xdac17f958d2ee523a2206206994597c13d831ec7, Type: Stablecoin, Value: 0 ETH, Gas: 0.26 Gwei
[2m2025-12-10T10:08:22.288400Z[0m [34mDEBUG[0m [2methereum_transaction_pool_monitor::eth_client[0m[2m:[0m ✅ Transaction 0x5d2558f4f81b39239b7b4e06f85846e00785d3d37828f400d3aca59efcaff0ae fetched and parsed in 7.163042ms
[2m2025-12-10T10:08:22.288411Z[0m [34mDEBUG[0m [2methereum_transaction_pool_monitor::mempool_monitor[0m[2m:[0m 🔍 Skipping tx 0x5d2558f4f81b39239b7b4e06f85846e00785d3d37828f400d3aca59efcaff0ae - not a DEX interaction (target: 0xdAC17F958D2ee523a2206206994597C13D831ec7)
[2m2025-12-10T10:08:22.296331Z[0m [34mDEBUG[0m [2mhyper::client::pool[0m[2m:[0m reuse idle connection for ("http", 192.168.0.14:8545)
[2m2025-12-10T10:08:22.296407Z[0m [34mDEBUG[0m [2mhyper::proto::h1::io[0m[2m:[0m flushed 172 bytes
[2m2025-12-10T10:08:22.299832Z[0m [34mDEBUG[0m [2mhyper::proto::h1::io[0m[2m:[0m parsed 4 headers
[2m2025-12-10T10:08:22.299852Z[0m [34mDEBUG[0m [2mhyper::proto::h1::conn[0m[2m:[0m incoming body is content-length (45 bytes)
[2m2025-12-10T10:08:22.299861Z[0m [34mDEBUG[0m [2mhyper::proto::h1::conn[0m[2m:[0m incoming body completed
[2m2025-12-10T10:08:22.299874Z[0m [34mDEBUG[0m [2mhyper::client::pool[0m[2m:[0m pooling idle connection for ("http", 192.168.0.14:8545)
[2m2025-12-10T10:08:22.388536Z[0m [34mDEBUG[0m [2methereum_transaction_pool_monitor::eth_client[0m[2m:[0m 📨 Received WebSocket message: {"jsonrpc":"2.0","method":"eth_subscription","params":{"subscription":"0xbed0a0851463e895960a451075a301a9","result":"0x21dc8ba1b43a9820143b6a3591b6bed3f44ea51a4ee371e42f17ea4ff104ded1"}}
[2m2025-12-10T10:08:22.388553Z[0m [34mDEBUG[0m [2methereum_transaction_pool_monitor::eth_client[0m[2m:[0m 📨 Received pending transaction: 0x21dc8ba1b43a9820143b6a3591b6bed3f44ea51a4ee371e42f17ea4ff104ded1
[2m2025-12-10T10:08:22.388561Z[0m [34mDEBUG[0m [2methereum_transaction_pool_monitor::mempool_monitor[0m[2m:[0m 📨 Processing new pending transaction: 0x21dc8ba1b43a9820143b6a3591b6bed3f44ea51a4ee371e42f17ea4ff104ded1
[2m2025-12-10T10:08:22.388566Z[0m [34mDEBUG[0m [2methereum_transaction_pool_monitor::mempool_monitor[0m[2m:[0m 🔍 Fetching transaction details for: 0x21dc8ba1b43a9820143b6a3591b6bed3f44ea51a4ee371e42f17ea4ff104ded1
[2m2025-12-10T10:08:22.388570Z[0m [34mDEBUG[0m [2methereum_transaction_pool_monitor::eth_client[0m[2m:[0m 🔍 Fetching transaction details for hash: 0x21dc8ba1b43a9820143b6a3591b6bed3f44ea51a4ee371e42f17ea4ff104ded1
[2m2025-12-10T10:08:22.388593Z[0m [34mDEBUG[0m [2mhyper::client::pool[0m[2m:[0m reuse idle connection for ("http", 192.168.0.14:8545)
[2m2025-12-10T10:08:22.388617Z[0m [34mDEBUG[0m [2mhyper::proto::h1::io[0m[2m:[0m flushed 250 bytes
[2m2025-12-10T10:08:22.396534Z[0m [34mDEBUG[0m [2mhyper::client::pool[0m[2m:[0m reuse idle connection for ("http", 192.168.0.14:8545)
[2m2025-12-10T10:08:22.396618Z[0m [34mDEBUG[0m [2mhyper::proto::h1::io[0m[2m:[0m flushed 172 bytes
[2m2025-12-10T10:08:22.401541Z[0m [34mDEBUG[0m [2mhyper::proto::h1::io[0m[2m:[0m parsed 4 headers
[2m2025-12-10T10:08:22.401616Z[0m [34mDEBUG[0m [2mhyper::proto::h1::conn[0m[2m:[0m incoming body is content-length (770 bytes)
[2m2025-12-10T10:08:22.401630Z[0m [34mDEBUG[0m [2mhyper::proto::h1::conn[0m[2m:[0m incoming body completed
[2m2025-12-10T10:08:22.401671Z[0m [34mDEBUG[0m [2mhyper::client::pool[0m[2m:[0m pooling idle connection for ("http", 192.168.0.14:8545)
[2m2025-12-10T10:08:22.401682Z[0m [34mDEBUG[0m [2methereum_transaction_pool_monitor::eth_client[0m[2m:[0m 📡 Transaction fetch RPC completed in 13.109041ms
[2m2025-12-10T10:08:22.401777Z[0m [34mDEBUG[0m [2methereum_transaction_pool_monitor::eth_client[0m[2m:[0m DeFi transaction detected - Address: 0xdac17f958d2ee523a2206206994597c13d831ec7, Type: Stablecoin, Value: 0 ETH, Gas: 0.30 Gwei
[2m2025-12-10T10:08:22.406808Z[0m [34mDEBUG[0m [2methereum_transaction_pool_monitor::eth_client[0m[2m:[0m ✅ Transaction 0x21dc8ba1b43a9820143b6a3591b6bed3f44ea51a4ee371e42f17ea4ff104ded1 fetched and parsed in 18.23425ms
[2m2025-12-10T10:08:22.406818Z[0m [34mDEBUG[0m [2methereum_transaction_pool_monitor::mempool_monitor[0m[2m:[0m 🔍 Skipping tx 0x21dc8ba1b43a9820143b6a3591b6bed3f44ea51a4ee371e42f17ea4ff104ded1 - not a DEX interaction (target: 0xdAC17F958D2ee523a2206206994597C13D831ec7)
[2m2025-12-10T10:08:22.406853Z[0m [34mDEBUG[0m [2mhyper::proto::h1::io[0m[2m:[0m parsed 4 headers
[2m2025-12-10T10:08:22.406857Z[0m [34mDEBUG[0m [2mhyper::proto::h1::conn[0m[2m:[0m incoming body is content-length (45 bytes)
[2m2025-12-10T10:08:22.406863Z[0m [34mDEBUG[0m [2mhyper::proto::h1::conn[0m[2m:[0m incoming body completed
[2m2025-12-10T10:08:22.406871Z[0m [34mDEBUG[0m [2mhyper::client::pool[0m[2m:[0m pooling idle connection for ("http", 192.168.0.14:8545)
[2m2025-12-10T10:08:22.496622Z[0m [34mDEBUG[0m [2mhyper::client::pool[0m[2m:[0m reuse idle connection for ("http", 192.168.0.14:8545)
[2m2025-12-10T10:08:22.499004Z[0m [34mDEBUG[0m [2mhyper::proto::h1::io[0m[2m:[0m flushed 172 bytes
[2m2025-12-10T10:08:22.502359Z[0m [34mDEBUG[0m [2mhyper::proto::h1::io[0m[2m:[0m parsed 4 headers
[2m2025-12-10T10:08:22.502372Z[0m [34mDEBUG[0m [2mhyper::proto::h1::conn[0m[2m:[0m incoming body is content-length (45 bytes)
[2m2025-12-10T10:08:22.502381Z[0m [34mDEBUG[0m [2mhyper::proto::h1::conn[0m[2m:[0m incoming body completed
[2m2025-12-10T10:08:22.502393Z[0m [34mDEBUG[0m [2mhyper::client::pool[0m[2m:[0m pooling idle connection for ("http", 192.168.0.14:8545)
[2m2025-12-10T10:08:22.596680Z[0m [34mDEBUG[0m [2mhyper::client::pool[0m[2m:[0m reuse idle connection for ("http", 192.168.0.14:8545)
[2m2025-12-10T10:08:22.596739Z[0m [34mDEBUG[0m [2mhyper::proto::h1::io[0m[2m:[0m flushed 172 bytes
[2m2025-12-10T10:08:22.600471Z[0m [34mDEBUG[0m [2mhyper::proto::h1::io[0m[2m:[0m parsed 4 headers
[2m2025-12-10T10:08:22.600484Z[0m [34mDEBUG[0m [2mhyper::proto::h1::conn[0m[2m:[0m incoming body is content-length (45 bytes)
[2m2025-12-10T10:08:22.600493Z[0m [34mDEBUG[0m [2mhyper::proto::h1::conn[0m[2m:[0m incoming body completed
[2m2025-12-10T10:08:22.600504Z[0m [34mDEBUG[0m [2mhyper::client::pool[0m[2m:[0m pooling idle connection for ("http", 192.168.0.14:8545)
[2m2025-12-10T10:08:22.696097Z[0m [34mDEBUG[0m [2mhyper::client::pool[0m[2m:[0m reuse idle connection for ("http", 192.168.0.14:8545)
[2m2025-12-10T10:08:22.696177Z[0m [34mDEBUG[0m [2mhyper::proto::h1::io[0m[2m:[0m flushed 172 bytes
[2m2025-12-10T10:08:22.699134Z[0m [34mDEBUG[0m [2mhyper::proto::h1::io[0m[2m:[0m parsed 4 headers
[2m2025-12-10T10:08:22.699147Z[0m [34mDEBUG[0m [2mhyper::proto::h1::conn[0m[2m:[0m incoming body is content-length (45 bytes)
[2m2025-12-10T10:08:22.699156Z[0m [34mDEBUG[0m [2mhyper::proto::h1::conn[0m[2m:[0m incoming body completed
[2m2025-12-10T10:08:22.699166Z[0m [34mDEBUG[0m [2mhyper::client::pool[0m[2m:[0m pooling idle connection for ("http", 192.168.0.14:8545)
[2m2025-12-10T10:08:22.795655Z[0m [34mDEBUG[0m [2mhyper::client::pool[0m[2m:[0m reuse idle connection for ("http", 192.168.0.14:8545)
[2m2025-12-10T10:08:22.795751Z[0m [34mDEBUG[0m [2mhyper::proto::h1::io[0m[2m:[0m flushed 172 bytes
[2m2025-12-10T10:08:22.799015Z[0m [34mDEBUG[0m [2mhyper::proto::h1::io[0m[2m:[0m parsed 4 headers
[2m2025-12-10T10:08:22.799038Z[0m [34mDEBUG[0m [2mhyper::proto::h1::conn[0m[2m:[0m incoming body is content-length (45 bytes)
[2m2025-12-10T10:08:22.799051Z[0m [34mDEBUG[0m [2mhyper::proto::h1::conn[0m[2m:[0m incoming body completed
[2m2025-12-10T10:08:22.799073Z[0m [34mDEBUG[0m [2mhyper::client::pool[0m[2m:[0m pooling idle connection for ("http", 192.168.0.14:8545)
[2m2025-12-10T10:08:22.897042Z[0m [34mDEBUG[0m [2mhyper::client::pool[0m[2m:[0m reuse idle connection for ("http", 192.168.0.14:8545)
[2m2025-12-10T10:08:22.897154Z[0m [34mDEBUG[0m [2mhyper::proto::h1::io[0m[2m:[0m flushed 172 bytes
[2m2025-12-10T10:08:22.904112Z[0m [34mDEBUG[0m [2mhyper::proto::h1::io[0m[2m:[0m parsed 4 headers
[2m2025-12-10T10:08:22.904126Z[0m [34mDEBUG[0m [2mhyper::proto::h1::conn[0m[2m:[0m incoming body is content-length (45 bytes)
[2m2025-12-10T10:08:22.904135Z[0m [34mDEBUG[0m [2mhyper::proto::h1::conn[0m[2m:[0m incoming body completed
[2m2025-12-10T10:08:22.904145Z[0m [34mDEBUG[0m [2mhyper::client::pool[0m[2m:[0m pooling idle connection for ("http", 192.168.0.14:8545)
[2m2025-12-10T10:08:22.946291Z[0m [34mDEBUG[0m [2methereum_transaction_pool_monitor::eth_client[0m[2m:[0m 📨 Received WebSocket message: {"jsonrpc":"2.0","method":"eth_subscription","params":{"subscription":"0xbed0a0851463e895960a451075a301a9","result":"0x4f5d0fb4679c2c00ebdfae0f9f06003ad3869b59fa4f842c589e73592d2d37f8"}}
[2m2025-12-10T10:08:22.946309Z[0m [34mDEBUG[0m [2methereum_transaction_pool_monitor::eth_client[0m[2m:[0m 📨 Received pending transaction: 0x4f5d0fb4679c2c00ebdfae0f9f06003ad3869b59fa4f842c589e73592d2d37f8
[2m2025-12-10T10:08:22.946317Z[0m [34mDEBUG[0m [2methereum_transaction_pool_monitor::mempool_monitor[0m[2m:[0m 📨 Processing new pending transaction: 0x4f5d0fb4679c2c00ebdfae0f9f06003ad3869b59fa4f842c589e73592d2d37f8
[2m2025-12-10T10:08:22.946322Z[0m [34mDEBUG[0m [2methereum_transaction_pool_monitor::mempool_monitor[0m[2m:[0m 🔍 Fetching transaction details for: 0x4f5d0fb4679c2c00ebdfae0f9f06003ad3869b59fa4f842c589e73592d2d37f8
[2m2025-12-10T10:08:22.946326Z[0m [34mDEBUG[0m [2methereum_transaction_pool_monitor::eth_client[0m[2m:[0m 🔍 Fetching transaction details for hash: 0x4f5d0fb4679c2c00ebdfae0f9f06003ad3869b59fa4f842c589e73592d2d37f8
[2m2025-12-10T10:08:22.946348Z[0m [34mDEBUG[0m [2mhyper::client::pool[0m[2m:[0m reuse idle connection for ("http", 192.168.0.14:8545)
[2m2025-12-10T10:08:22.946372Z[0m [34mDEBUG[0m [2mhyper::proto::h1::io[0m[2m:[0m flushed 250 bytes
[2m2025-12-10T10:08:22.960076Z[0m [34mDEBUG[0m [2mhyper::proto::h1::io[0m[2m:[0m parsed 4 headers
[2m2025-12-10T10:08:22.960100Z[0m [34mDEBUG[0m [2mhyper::proto::h1::conn[0m[2m:[0m incoming body is content-length (678 bytes)
[2m2025-12-10T10:08:22.960149Z[0m [34mDEBUG[0m [2mhyper::proto::h1::conn[0m[2m:[0m incoming body completed
[2m2025-12-10T10:08:22.960163Z[0m [34mDEBUG[0m [2mhyper::client::pool[0m[2m:[0m pooling idle connection for ("http", 192.168.0.14:8545)
[2m2025-12-10T10:08:22.960173Z[0m [34mDEBUG[0m [2methereum_transaction_pool_monitor::eth_client[0m[2m:[0m 📡 Transaction fetch RPC completed in 13.843375ms
[2m2025-12-10T10:08:23.045188Z[0m [34mDEBUG[0m [2methereum_transaction_pool_monitor::eth_client[0m[2m:[0m ✅ Transaction 0x4f5d0fb4679c2c00ebdfae0f9f06003ad3869b59fa4f842c589e73592d2d37f8 fetched and parsed in 98.853791ms
[2m2025-12-10T10:08:23.045221Z[0m [34mDEBUG[0m [2methereum_transaction_pool_monitor::mempool_monitor[0m[2m:[0m 🔍 Skipping tx 0x4f5d0fb4679c2c00ebdfae0f9f06003ad3869b59fa4f842c589e73592d2d37f8 - not a DEX interaction (target: 0x1121AcC14c63f3C872BFcA497d10926A6098AAc5)
[2m2025-12-10T10:08:23.045284Z[0m [34mDEBUG[0m [2mhyper::client::pool[0m[2m:[0m reuse idle connection for ("http", 192.168.0.14:8545)
[2m2025-12-10T10:08:23.045352Z[0m [34mDEBUG[0m [2mhyper::proto::h1::io[0m[2m:[0m flushed 172 bytes
[2m2025-12-10T10:08:23.045359Z[0m [34mDEBUG[0m [2methereum_transaction_pool_monitor::eth_client[0m[2m:[0m 📨 Received WebSocket message: {"jsonrpc":"2.0","method":"eth_subscription","params":{"subscription":"0xbed0a0851463e895960a451075a301a9","result":"0x1dd9534dd2e172b07fdc71a538730869077e36ea7fbd481d3183bd639b831b56"}}
[2m2025-12-10T10:08:23.045381Z[0m [34mDEBUG[0m [2methereum_transaction_pool_monitor::eth_client[0m[2m:[0m 📨 Received pending transaction: 0x1dd9534dd2e172b07fdc71a538730869077e36ea7fbd481d3183bd639b831b56
[2m2025-12-10T10:08:23.045390Z[0m [34mDEBUG[0m [2methereum_transaction_pool_monitor::mempool_monitor[0m[2m:[0m 📨 Processing new pending transaction: 0x1dd9534dd2e172b07fdc71a538730869077e36ea7fbd481d3183bd639b831b56
[2m2025-12-10T10:08:23.045395Z[0m [34mDEBUG[0m [2methereum_transaction_pool_monitor::mempool_monitor[0m[2m:[0m 🔍 Fetching transaction details for: 0x1dd9534dd2e172b07fdc71a538730869077e36ea7fbd481d3183bd639b831b56
[2m2025-12-10T10:08:23.045398Z[0m [34mDEBUG[0m [2methereum_transaction_pool_monitor::eth_client[0m[2m:[0m 🔍 Fetching transaction details for hash: 0x1dd9534dd2e172b07fdc71a538730869077e36ea7fbd481d3183bd639b831b56
[2m2025-12-10T10:08:23.045410Z[0m [34mDEBUG[0m [2mhyper::client::pool[0m[2m:[0m reuse idle connection for ("http", 192.168.0.14:8545)
[2m2025-12-10T10:08:23.045433Z[0m [34mDEBUG[0m [2mhyper::proto::h1::io[0m[2m:[0m flushed 250 bytes
[2m2025-12-10T10:08:23.049320Z[0m [34mDEBUG[0m [2mhyper::proto::h1::io[0m[2m:[0m parsed 4 headers
[2m2025-12-10T10:08:23.049330Z[0m [34mDEBUG[0m [2mhyper::proto::h1::conn[0m[2m:[0m incoming body is content-length (45 bytes)
[2m2025-12-10T10:08:23.049339Z[0m [34mDEBUG[0m [2mhyper::proto::h1::conn[0m[2m:[0m incoming body completed
[2m2025-12-10T10:08:23.049348Z[0m [34mDEBUG[0m [2mhyper::client::pool[0m[2m:[0m pooling idle connection for ("http", 192.168.0.14:8545)
[2m2025-12-10T10:08:23.050465Z[0m [34mDEBUG[0m [2mhyper::proto::h1::io[0m[2m:[0m parsed 4 headers
[2m2025-12-10T10:08:23.050475Z[0m [34mDEBUG[0m [2mhyper::proto::h1::conn[0m[2m:[0m incoming body is content-length (771 bytes)
[2m2025-12-10T10:08:23.050482Z[0m [34mDEBUG[0m [2mhyper::proto::h1::conn[0m[2m:[0m incoming body completed
[2m2025-12-10T10:08:23.050491Z[0m [34mDEBUG[0m [2mhyper::client::pool[0m[2m:[0m pooling idle connection for ("http", 192.168.0.14:8545)
[2m2025-12-10T10:08:23.050497Z[0m [34mDEBUG[0m [2methereum_transaction_pool_monitor::eth_client[0m[2m:[0m 📡 Transaction fetch RPC completed in 5.095709ms
[2m2025-12-10T10:08:23.127517Z[0m [34mDEBUG[0m [2methereum_transaction_pool_monitor::eth_client[0m[2m:[0m ✅ Transaction 0x1dd9534dd2e172b07fdc71a538730869077e36ea7fbd481d3183bd639b831b56 fetched and parsed in 82.112125ms
[2m2025-12-10T10:08:23.127590Z[0m [34mDEBUG[0m [2methereum_transaction_pool_monitor::mempool_monitor[0m[2m:[0m 🔍 Skipping tx 0x1dd9534dd2e172b07fdc71a538730869077e36ea7fbd481d3183bd639b831b56 - not a DEX interaction (target: 0xB8f28C60dD8240141185a192fa4156A23E189305)
[2m2025-12-10T10:08:23.127665Z[0m [34mDEBUG[0m [2mhyper::client::pool[0m[2m:[0m reuse idle connection for ("http", 192.168.0.14:8545)
[2m2025-12-10T10:08:23.127688Z[0m [34mDEBUG[0m [2methereum_transaction_pool_monitor::eth_client[0m[2m:[0m 📨 Received WebSocket message: {"jsonrpc":"2.0","method":"eth_subscription","params":{"subscription":"0xbed0a0851463e895960a451075a301a9","result":"0xafc93854b1b16860f5e1d2a8a733598d89b781dc89b8ed8e41ea40e822d15416"}}
[2m2025-12-10T10:08:23.127696Z[0m [34mDEBUG[0m [2mhyper::proto::h1::io[0m[2m:[0m flushed 172 bytes
[2m2025-12-10T10:08:23.127737Z[0m [34mDEBUG[0m [2methereum_transaction_pool_monitor::eth_client[0m[2m:[0m 📨 Received pending transaction: 0xafc93854b1b16860f5e1d2a8a733598d89b781dc89b8ed8e41ea40e822d15416
[2m2025-12-10T10:08:23.127794Z[0m [34mDEBUG[0m [2methereum_transaction_pool_monitor::mempool_monitor[0m[2m:[0m 📨 Processing new pending transaction: 0xafc93854b1b16860f5e1d2a8a733598d89b781dc89b8ed8e41ea40e822d15416
[2m2025-12-10T10:08:23.127799Z[0m [34mDEBUG[0m [2methereum_transaction_pool_monitor::mempool_monitor[0m[2m:[0m 🔍 Fetching transaction details for: 0xafc93854b1b16860f5e1d2a8a733598d89b781dc89b8ed8e41ea40e822d15416
[2m2025-12-10T10:08:23.127827Z[0m [34mDEBUG[0m [2methereum_transaction_pool_monitor::eth_client[0m[2m:[0m 🔍 Fetching transaction details for hash: 0xafc93854b1b16860f5e1d2a8a733598d89b781dc89b8ed8e41ea40e822d15416
[2m2025-12-10T10:08:23.127837Z[0m [34mDEBUG[0m [2mhyper::client::pool[0m[2m:[0m reuse idle connection for ("http", 192.168.0.14:8545)
[2m2025-12-10T10:08:23.127860Z[0m [34mDEBUG[0m [2mhyper::proto::h1::io[0m[2m:[0m flushed 250 bytes
[2m2025-12-10T10:08:23.132006Z[0m [34mDEBUG[0m [2mhyper::proto::h1::io[0m[2m:[0m parsed 4 headers
[2m2025-12-10T10:08:23.132014Z[0m [34mDEBUG[0m [2mhyper::proto::h1::conn[0m[2m:[0m incoming body is content-length (45 bytes)
[2m2025-12-10T10:08:23.132022Z[0m [34mDEBUG[0m [2mhyper::proto::h1::conn[0m[2m:[0m incoming body completed
[2m2025-12-10T10:08:23.132031Z[0m [34mDEBUG[0m [2mhyper::client::pool[0m[2m:[0m pooling idle connection for ("http", 192.168.0.14:8545)
[2m2025-12-10T10:08:23.132050Z[0m [34mDEBUG[0m [2mhyper::proto::h1::io[0m[2m:[0m parsed 4 headers
[2m2025-12-10T10:08:23.132055Z[0m [34mDEBUG[0m [2mhyper::proto::h1::conn[0m[2m:[0m incoming body is content-length (553 bytes)
[2m2025-12-10T10:08:23.132059Z[0m [34mDEBUG[0m [2mhyper::proto::h1::conn[0m[2m:[0m incoming body completed
[2m2025-12-10T10:08:23.132064Z[0m [34mDEBUG[0m [2mhyper::client::pool[0m[2m:[0m pooling idle connection for ("http", 192.168.0.14:8545)
[2m2025-12-10T10:08:23.132068Z[0m [34mDEBUG[0m [2methereum_transaction_pool_monitor::eth_client[0m[2m:[0m 📡 Transaction fetch RPC completed in 4.236666ms
[2m2025-12-10T10:08:23.209311Z[0m [34mDEBUG[0m [2methereum_transaction_pool_monitor::eth_client[0m[2m:[0m ✅ Transaction 0xafc93854b1b16860f5e1d2a8a733598d89b781dc89b8ed8e41ea40e822d15416 fetched and parsed in 81.47625ms
[2m2025-12-10T10:08:23.209344Z[0m [34mDEBUG[0m [2methereum_transaction_pool_monitor::mempool_monitor[0m[2m:[0m 🔍 Skipping tx 0xafc93854b1b16860f5e1d2a8a733598d89b781dc89b8ed8e41ea40e822d15416 - not a DEX interaction (target: 0xCEfC6c684E5c9d2a5E7d6BdAa273bb2211963258)
[2m2025-12-10T10:08:23.209432Z[0m [34mDEBUG[0m [2mhyper::client::pool[0m[2m:[0m reuse idle connection for ("http", 192.168.0.14:8545)
[2m2025-12-10T10:08:23.209466Z[0m [34mDEBUG[0m [2mhyper::proto::h1::io[0m[2m:[0m flushed 172 bytes
[2m2025-12-10T10:08:23.213156Z[0m [34mDEBUG[0m [2mhyper::proto::h1::io[0m[2m:[0m parsed 4 headers
[2m2025-12-10T10:08:23.213168Z[0m [34mDEBUG[0m [2mhyper::proto::h1::conn[0m[2m:[0m incoming body is content-length (45 bytes)
[2m2025-12-10T10:08:23.213177Z[0m [34mDEBUG[0m [2mhyper::proto::h1::conn[0m[2m:[0m incoming body completed
[2m2025-12-10T10:08:23.213188Z[0m [34mDEBUG[0m [2mhyper::client::pool[0m[2m:[0m pooling idle connection for ("http", 192.168.0.14:8545)
[2m2025-12-10T10:08:23.229194Z[0m [34mDEBUG[0m [2methereum_transaction_pool_monitor::eth_client[0m[2m:[0m 📨 Received WebSocket message: {"jsonrpc":"2.0","method":"eth_subscription","params":{"subscription":"0xbed0a0851463e895960a451075a301a9","result":"0xbde31e97f30215f54aca0c811cf13e3b40965ff5752b574d03e3c90fa57eaf44"}}
[2m2025-12-10T10:08:23.229213Z[0m [34mDEBUG[0m [2methereum_transaction_pool_monitor::eth_client[0m[2m:[0m 📨 Received pending transaction: 0xbde31e97f30215f54aca0c811cf13e3b40965ff5752b574d03e3c90fa57eaf44
[2m2025-12-10T10:08:23.229222Z[0m [34mDEBUG[0m [2methereum_transaction_pool_monitor::mempool_monitor[0m[2m:[0m 📨 Processing new pending transaction: 0xbde31e97f30215f54aca0c811cf13e3b40965ff5752b574d03e3c90fa57eaf44
[2m2025-12-10T10:08:23.229226Z[0m [34mDEBUG[0m [2methereum_transaction_pool_monitor::mempool_monitor[0m[2m:[0m 🔍 Fetching transaction details for: 0xbde31e97f30215f54aca0c811cf13e3b40965ff5752b574d03e3c90fa57eaf44
[2m2025-12-10T10:08:23.229230Z[0m [34mDEBUG[0m [2methereum_transaction_pool_monitor::eth_client[0m[2m:[0m 🔍 Fetching transaction details for hash: 0xbde31e97f30215f54aca0c811cf13e3b40965ff5752b574d03e3c90fa57eaf44
[2m2025-12-10T10:08:23.229253Z[0m [34mDEBUG[0m [2mhyper::client::pool[0m[2m:[0m reuse idle connection for ("http", 192.168.0.14:8545)
[2m2025-12-10T10:08:23.229276Z[0m [34mDEBUG[0m [2mhyper::proto::h1::io[0m[2m:[0m flushed 250 bytes
[2m2025-12-10T10:08:23.233862Z[0m [34mDEBUG[0m [2mhyper::proto::h1::io[0m[2m:[0m parsed 4 headers
[2m2025-12-10T10:08:23.233882Z[0m [34mDEBUG[0m [2mhyper::proto::h1::conn[0m[2m:[0m incoming body is content-length (552 bytes)
[2m2025-12-10T10:08:23.233894Z[0m [34mDEBUG[0m [2mhyper::proto::h1::conn[0m[2m:[0m incoming body completed
[2m2025-12-10T10:08:23.233910Z[0m [34mDEBUG[0m [2mhyper::client::pool[0m[2m:[0m pooling idle connection for ("http", 192.168.0.14:8545)
[2m2025-12-10T10:08:23.233921Z[0m [34mDEBUG[0m [2methereum_transaction_pool_monitor::eth_client[0m[2m:[0m 📡 Transaction fetch RPC completed in 4.6875ms
[2m2025-12-10T10:08:23.312889Z[0m [34mDEBUG[0m [2methereum_transaction_pool_monitor::eth_client[0m[2m:[0m ✅ Transaction 0xbde31e97f30215f54aca0c811cf13e3b40965ff5752b574d03e3c90fa57eaf44 fetched and parsed in 83.65025ms
[2m2025-12-10T10:08:23.312925Z[0m [34mDEBUG[0m [2methereum_transaction_pool_monitor::mempool_monitor[0m[2m:[0m 🔍 Skipping tx 0xbde31e97f30215f54aca0c811cf13e3b40965ff5752b574d03e3c90fa57eaf44 - not a DEX interaction (target: 0x3a09C40f8f7B93c8C7e09A5422e56DFe7c7d2794)
[2m2025-12-10T10:08:23.312988Z[0m [34mDEBUG[0m [2mhyper::client::pool[0m[2m:[0m reuse idle connection for ("http", 192.168.0.14:8545)
[2m2025-12-10T10:08:23.313061Z[0m [34mDEBUG[0m [2mhyper::proto::h1::io[0m[2m:[0m flushed 172 bytes
[2m2025-12-10T10:08:23.316134Z[0m [34mDEBUG[0m [2mhyper::proto::h1::io[0m[2m:[0m parsed 4 headers
[2m2025-12-10T10:08:23.316143Z[0m [34mDEBUG[0m [2mhyper::proto::h1::conn[0m[2m:[0m incoming body is content-length (45 bytes)
[2m2025-12-10T10:08:23.316151Z[0m [34mDEBUG[0m [2mhyper::proto::h1::conn[0m[2m:[0m incoming body completed
[2m2025-12-10T10:08:23.316160Z[0m [34mDEBUG[0m [2mhyper::client::pool[0m[2m:[0m pooling idle connection for ("http", 192.168.0.14:8545)
[2m2025-12-10T10:08:23.396095Z[0m [34mDEBUG[0m [2mhyper::client::pool[0m[2m:[0m reuse idle connection for ("http", 192.168.0.14:8545)
[2m2025-12-10T10:08:23.396145Z[0m [34mDEBUG[0m [2mhyper::proto::h1::io[0m[2m:[0m flushed 172 bytes
[2m2025-12-10T10:08:23.396449Z[0m [34mDEBUG[0m [2methereum_transaction_pool_monitor::eth_client[0m[2m:[0m 📨 Received WebSocket message: {"jsonrpc":"2.0","method":"eth_subscription","params":{"subscription":"0xbed0a0851463e895960a451075a301a9","result":"0xcae75bdc168a841fc11091897bd268e16119aa1e9166475bdbe0ec066096f2db"}}
[2m2025-12-10T10:08:23.396459Z[0m [34mDEBUG[0m [2methereum_transaction_pool_monitor::eth_client[0m[2m:[0m 📨 Received pending transaction: 0xcae75bdc168a841fc11091897bd268e16119aa1e9166475bdbe0ec066096f2db
[2m2025-12-10T10:08:23.396467Z[0m [34mDEBUG[0m [2methereum_transaction_pool_monitor::mempool_monitor[0m[2m:[0m 📨 Processing new pending transaction: 0xcae75bdc168a841fc11091897bd268e16119aa1e9166475bdbe0ec066096f2db
[2m2025-12-10T10:08:23.396472Z[0m [34mDEBUG[0m [2methereum_transaction_pool_monitor::mempool_monitor[0m[2m:[0m 🔍 Fetching transaction details for: 0xcae75bdc168a841fc11091897bd268e16119aa1e9166475bdbe0ec066096f2db
[2m2025-12-10T10:08:23.396475Z[0m [34mDEBUG[0m [2methereum_transaction_pool_monitor::eth_client[0m[2m:[0m 🔍 Fetching transaction details for hash: 0xcae75bdc168a841fc11091897bd268e16119aa1e9166475bdbe0ec066096f2db
[2m2025-12-10T10:08:23.396486Z[0m [34mDEBUG[0m [2mhyper::client::pool[0m[2m:[0m reuse idle connection for ("http", 192.168.0.14:8545)
[2m2025-12-10T10:08:23.396501Z[0m [34mDEBUG[0m [2mhyper::proto::h1::io[0m[2m:[0m flushed 250 bytes
[2m2025-12-10T10:08:23.399051Z[0m [34mDEBUG[0m [2mhyper::proto::h1::io[0m[2m:[0m parsed 4 headers
[2m2025-12-10T10:08:23.399058Z[0m [34mDEBUG[0m [2mhyper::proto::h1::conn[0m[2m:[0m incoming body is content-length (45 bytes)
[2m2025-12-10T10:08:23.399065Z[0m [34mDEBUG[0m [2mhyper::proto::h1::conn[0m[2m:[0m incoming body completed
[2m2025-12-10T10:08:23.399073Z[0m [34mDEBUG[0m [2mhyper::client::pool[0m[2m:[0m pooling idle connection for ("http", 192.168.0.14:8545)
[2m2025-12-10T10:08:23.405022Z[0m [34mDEBUG[0m [2mhyper::proto::h1::io[0m[2m:[0m parsed 4 headers
[2m2025-12-10T10:08:23.405030Z[0m [34mDEBUG[0m [2mhyper::proto::h1::conn[0m[2m:[0m incoming body is content-length (676 bytes)
[2m2025-12-10T10:08:23.405035Z[0m [34mDEBUG[0m [2mhyper::proto::h1::conn[0m[2m:[0m incoming body completed
[2m2025-12-10T10:08:23.405043Z[0m [34mDEBUG[0m [2mhyper::client::pool[0m[2m:[0m pooling idle connection for ("http", 192.168.0.14:8545)
[2m2025-12-10T10:08:23.405048Z[0m [34mDEBUG[0m [2methereum_transaction_pool_monitor::eth_client[0m[2m:[0m 📡 Transaction fetch RPC completed in 8.569ms
[2m2025-12-10T10:08:23.482479Z[0m [34mDEBUG[0m [2methereum_transaction_pool_monitor::eth_client[0m[2m:[0m ✅ Transaction 0xcae75bdc168a841fc11091897bd268e16119aa1e9166475bdbe0ec066096f2db fetched and parsed in 85.994791ms
[2m2025-12-10T10:08:23.482509Z[0m [34mDEBUG[0m [2methereum_transaction_pool_monitor::mempool_monitor[0m[2m:[0m 🔍 Skipping tx 0xcae75bdc168a841fc11091897bd268e16119aa1e9166475bdbe0ec066096f2db - not a DEX interaction (target: 0xA0b86991c6218b36c1d19D4a2e9Eb0cE3606eB48)
[2m2025-12-10T10:08:23.482549Z[0m [34mDEBUG[0m [2methereum_transaction_pool_monitor::eth_client[0m[2m:[0m 📨 Received WebSocket message: {"jsonrpc":"2.0","method":"eth_subscription","params":{"subscription":"0xbed0a0851463e895960a451075a301a9","result":"0xa0e232b5b9090a8f376e8cbef558be39ce9ad0650b9a88efc1d1d44f01134711"}}
[2m2025-12-10T10:08:23.482560Z[0m [34mDEBUG[0m [2methereum_transaction_pool_monitor::eth_client[0m[2m:[0m 📨 Received pending transaction: 0xa0e232b5b9090a8f376e8cbef558be39ce9ad0650b9a88efc1d1d44f01134711
[2m2025-12-10T10:08:23.482565Z[0m [34mDEBUG[0m [2methereum_transaction_pool_monitor::eth_client[0m[2m:[0m 📨 Received WebSocket message: {"jsonrpc":"2.0","method":"eth_subscription","params":{"subscription":"0xbed0a0851463e895960a451075a301a9","result":"0xefa7265e2269f2343221d41159e8bba20328c5fb5af8cd194e9f55ecf47b10f6"}}
[2m2025-12-10T10:08:23.482570Z[0m [34mDEBUG[0m [2methereum_transaction_pool_monitor::eth_client[0m[2m:[0m 📨 Received pending transaction: 0xefa7265e2269f2343221d41159e8bba20328c5fb5af8cd194e9f55ecf47b10f6
[2m2025-12-10T10:08:23.482575Z[0m [34mDEBUG[0m [2methereum_transaction_pool_monitor::mempool_monitor[0m[2m:[0m 📨 Processing new pending transaction: 0xa0e232b5b9090a8f376e8cbef558be39ce9ad0650b9a88efc1d1d44f01134711
[2m2025-12-10T10:08:23.482579Z[0m [34mDEBUG[0m [2methereum_transaction_pool_monitor::mempool_monitor[0m[2m:[0m 🔍 Fetching transaction details for: 0xa0e232b5b9090a8f376e8cbef558be39ce9ad0650b9a88efc1d1d44f01134711
[2m2025-12-10T10:08:23.482583Z[0m [34mDEBUG[0m [2methereum_transaction_pool_monitor::eth_client[0m[2m:[0m 🔍 Fetching transaction details for hash: 0xa0e232b5b9090a8f376e8cbef558be39ce9ad0650b9a88efc1d1d44f01134711
[2m2025-12-10T10:08:23.482616Z[0m [34mDEBUG[0m [2mhyper::client::pool[0m[2m:[0m reuse idle connection for ("http", 192.168.0.14:8545)
[2m2025-12-10T10:08:23.482641Z[0m [34mDEBUG[0m [2mhyper::proto::h1::io[0m[2m:[0m flushed 250 bytes
[2m2025-12-10T10:08:23.487804Z[0m [34mDEBUG[0m [2mhyper::proto::h1::io[0m[2m:[0m parsed 4 headers
[2m2025-12-10T10:08:23.487831Z[0m [34mDEBUG[0m [2mhyper::proto::h1::conn[0m[2m:[0m incoming body is content-length (767 bytes)
[2m2025-12-10T10:08:23.487853Z[0m [34mDEBUG[0m [2mhyper::proto::h1::conn[0m[2m:[0m incoming body completed
[2m2025-12-10T10:08:23.487875Z[0m [34mDEBUG[0m [2mhyper::client::pool[0m[2m:[0m pooling idle connection for ("http", 192.168.0.14:8545)
[2m2025-12-10T10:08:23.487895Z[0m [34mDEBUG[0m [2methereum_transaction_pool_monitor::eth_client[0m[2m:[0m 📡 Transaction fetch RPC completed in 5.309125ms
[2m2025-12-10T10:08:23.487918Z[0m [34mDEBUG[0m [2methereum_transaction_pool_monitor::eth_client[0m[2m:[0m DeFi transaction detected - Address: 0xdac17f958d2ee523a2206206994597c13d831ec7, Type: Stablecoin, Value: 0 ETH, Gas: 0.26 Gwei
[2m2025-12-10T10:08:23.487935Z[0m [34mDEBUG[0m [2methereum_transaction_pool_monitor::eth_client[0m[2m:[0m ✅ Transaction 0xa0e232b5b9090a8f376e8cbef558be39ce9ad0650b9a88efc1d1d44f01134711 fetched and parsed in 5.349083ms
[2m2025-12-10T10:08:23.487943Z[0m [34mDEBUG[0m [2methereum_transaction_pool_monitor::mempool_monitor[0m[2m:[0m 🔍 Skipping tx 0xa0e232b5b9090a8f376e8cbef558be39ce9ad0650b9a88efc1d1d44f01134711 - not a DEX interaction (target: 0xdAC17F958D2ee523a2206206994597C13D831ec7)
[2m2025-12-10T10:08:23.487954Z[0m [34mDEBUG[0m [2methereum_transaction_pool_monitor::mempool_monitor[0m[2m:[0m 📨 Processing new pending transaction: 0xefa7265e2269f2343221d41159e8bba20328c5fb5af8cd194e9f55ecf47b10f6
[2m2025-12-10T10:08:23.487960Z[0m [34mDEBUG[0m [2methereum_transaction_pool_monitor::mempool_monitor[0m[2m:[0m 🔍 Fetching transaction details for: 0xefa7265e2269f2343221d41159e8bba20328c5fb5af8cd194e9f55ecf47b10f6
[2m2025-12-10T10:08:23.487966Z[0m [34mDEBUG[0m [2methereum_transaction_pool_monitor::eth_client[0m[2m:[0m 🔍 Fetching transaction details for hash: 0xefa7265e2269f2343221d41159e8bba20328c5fb5af8cd194e9f55ecf47b10f6
[2m2025-12-10T10:08:23.487989Z[0m [34mDEBUG[0m [2mhyper::client::pool[0m[2m:[0m reuse idle connection for ("http", 192.168.0.14:8545)
[2m2025-12-10T10:08:23.488018Z[0m [34mDEBUG[0m [2mhyper::proto::h1::io[0m[2m:[0m flushed 250 bytes
[2m2025-12-10T10:08:23.494065Z[0m [34mDEBUG[0m [2mhyper::proto::h1::io[0m[2m:[0m parsed 4 headers
[2m2025-12-10T10:08:23.494411Z[0m [34mDEBUG[0m [2mhyper::proto::h1::conn[0m[2m:[0m incoming body is content-length (675 bytes)
[2m2025-12-10T10:08:23.494424Z[0m [34mDEBUG[0m [2mhyper::proto::h1::conn[0m[2m:[0m incoming body completed
[2m2025-12-10T10:08:23.494441Z[0m [34mDEBUG[0m [2mhyper::client::pool[0m[2m:[0m pooling idle connection for ("http", 192.168.0.14:8545)
[2m2025-12-10T10:08:23.494451Z[0m [34mDEBUG[0m [2methereum_transaction_pool_monitor::eth_client[0m[2m:[0m 📡 Transaction fetch RPC completed in 6.48075ms
[2m2025-12-10T10:08:23.597268Z[0m [34mDEBUG[0m [2methereum_transaction_pool_monitor::eth_client[0m[2m:[0m ✅ Transaction 0xefa7265e2269f2343221d41159e8bba20328c5fb5af8cd194e9f55ecf47b10f6 fetched and parsed in 109.295208ms
[2m2025-12-10T10:08:23.597302Z[0m [34mDEBUG[0m [2methereum_transaction_pool_monitor::mempool_monitor[0m[2m:[0m 🔍 Skipping tx 0xefa7265e2269f2343221d41159e8bba20328c5fb5af8cd194e9f55ecf47b10f6 - not a DEX interaction (target: 0xA0b86991c6218b36c1d19D4a2e9Eb0cE3606eB48)
[2m2025-12-10T10:08:23.597397Z[0m [34mDEBUG[0m [2mhyper::client::pool[0m[2m:[0m reuse idle connection for ("http", 192.168.0.14:8545)
[2m2025-12-10T10:08:23.597452Z[0m [34mDEBUG[0m [2mhyper::proto::h1::io[0m[2m:[0m flushed 172 bytes
[2m2025-12-10T10:08:23.601745Z[0m [34mDEBUG[0m [2mhyper::proto::h1::io[0m[2m:[0m parsed 4 headers
[2m2025-12-10T10:08:23.601763Z[0m [34mDEBUG[0m [2mhyper::proto::h1::conn[0m[2m:[0m incoming body is content-length (45 bytes)
[2m2025-12-10T10:08:23.601783Z[0m [34mDEBUG[0m [2mhyper::proto::h1::conn[0m[2m:[0m incoming body completed
[2m2025-12-10T10:08:23.601801Z[0m [34mDEBUG[0m [2mhyper::client::pool[0m[2m:[0m pooling idle connection for ("http", 192.168.0.14:8545)
[2m2025-12-10T10:08:23.601838Z[0m [34mDEBUG[0m [2mhyper::client::pool[0m[2m:[0m reuse idle connection for ("http", 192.168.0.14:8545)
[2m2025-12-10T10:08:23.601869Z[0m [34mDEBUG[0m [2mhyper::proto::h1::io[0m[2m:[0m flushed 172 bytes
[2m2025-12-10T10:08:23.603529Z[0m [34mDEBUG[0m [2methereum_transaction_pool_monitor::eth_client[0m[2m:[0m 📨 Received WebSocket message: {"jsonrpc":"2.0","method":"eth_subscription","params":{"subscription":"0xbed0a0851463e895960a451075a301a9","result":"0xa84be790e71019e03d28ea8c58d3d0ffbca8836f735b1bd1ca0d40f9910cf168"}}
[2m2025-12-10T10:08:23.603542Z[0m [34mDEBUG[0m [2methereum_transaction_pool_monitor::eth_client[0m[2m:[0m 📨 Received pending transaction: 0xa84be790e71019e03d28ea8c58d3d0ffbca8836f735b1bd1ca0d40f9910cf168
[2m2025-12-10T10:08:23.603552Z[0m [34mDEBUG[0m [2methereum_transaction_pool_monitor::mempool_monitor[0m[2m:[0m 📨 Processing new pending transaction: 0xa84be790e71019e03d28ea8c58d3d0ffbca8836f735b1bd1ca0d40f9910cf168
[2m2025-12-10T10:08:23.603563Z[0m [34mDEBUG[0m [2methereum_transaction_pool_monitor::mempool_monitor[0m[2m:[0m 🔍 Fetching transaction details for: 0xa84be790e71019e03d28ea8c58d3d0ffbca8836f735b1bd1ca0d40f9910cf168
[2m2025-12-10T10:08:23.603570Z[0m [34mDEBUG[0m [2methereum_transaction_pool_monitor::eth_client[0m[2m:[0m 🔍 Fetching transaction details for hash: 0xa84be790e71019e03d28ea8c58d3d0ffbca8836f735b1bd1ca0d40f9910cf168
[2m2025-12-10T10:08:23.603592Z[0m [34mDEBUG[0m [2mhyper::client::pool[0m[2m:[0m reuse idle connection for ("http", 192.168.0.14:8545)
[2m2025-12-10T10:08:23.603613Z[0m [34mDEBUG[0m [2mhyper::proto::h1::io[0m[2m:[0m flushed 250 bytes
[2m2025-12-10T10:08:23.605402Z[0m [34mDEBUG[0m [2methereum_transaction_pool_monitor::eth_client[0m[2m:[0m 📨 Received WebSocket message: {"jsonrpc":"2.0","method":"eth_subscription","params":{"subscription":"0xbed0a0851463e895960a451075a301a9","result":"0xa57834f45642cdb4997140227a482aebb3cba7df0eb41cc8b1b37b45dbb6e7cf"}}
[2m2025-12-10T10:08:23.605418Z[0m [34mDEBUG[0m [2methereum_transaction_pool_monitor::eth_client[0m[2m:[0m 📨 Received pending transaction: 0xa57834f45642cdb4997140227a482aebb3cba7df0eb41cc8b1b37b45dbb6e7cf
[2m2025-12-10T10:08:23.606006Z[0m [34mDEBUG[0m [2mhyper::proto::h1::io[0m[2m:[0m parsed 4 headers
[2m2025-12-10T10:08:23.606014Z[0m [34mDEBUG[0m [2mhyper::proto::h1::conn[0m[2m:[0m incoming body is content-length (45 bytes)
[2m2025-12-10T10:08:23.606021Z[0m [34mDEBUG[0m [2mhyper::proto::h1::conn[0m[2m:[0m incoming body completed
[2m2025-12-10T10:08:23.606030Z[0m [34mDEBUG[0m [2mhyper::client::pool[0m[2m:[0m pooling idle connection for ("http", 192.168.0.14:8545)
[2m2025-12-10T10:08:23.611235Z[0m [34mDEBUG[0m [2mhyper::proto::h1::io[0m[2m:[0m parsed 4 headers
[2m2025-12-10T10:08:23.611242Z[0m [34mDEBUG[0m [2mhyper::proto::h1::conn[0m[2m:[0m incoming body is content-length (553 bytes)
[2m2025-12-10T10:08:23.611248Z[0m [34mDEBUG[0m [2mhyper::proto::h1::conn[0m[2m:[0m incoming body completed
[2m2025-12-10T10:08:23.611256Z[0m [34mDEBUG[0m [2mhyper::client::pool[0m[2m:[0m pooling idle connection for ("http", 192.168.0.14:8545)
[2m2025-12-10T10:08:23.611261Z[0m [34mDEBUG[0m [2methereum_transaction_pool_monitor::eth_client[0m[2m:[0m 📡 Transaction fetch RPC completed in 7.67975ms
[2m2025-12-10T10:08:23.684311Z[0m [34mDEBUG[0m [2methereum_transaction_pool_monitor::eth_client[0m[2m:[0m ✅ Transaction 0xa84be790e71019e03d28ea8c58d3d0ffbca8836f735b1bd1ca0d40f9910cf168 fetched and parsed in 80.726125ms
[2m2025-12-10T10:08:23.684341Z[0m [34mDEBUG[0m [2methereum_transaction_pool_monitor::mempool_monitor[0m[2m:[0m 🔍 Skipping tx 0xa84be790e71019e03d28ea8c58d3d0ffbca8836f735b1bd1ca0d40f9910cf168 - not a DEX interaction (target: 0x3a09C40f8f7B93c8C7e09A5422e56DFe7c7d2794)
[2m2025-12-10T10:08:23.684353Z[0m [34mDEBUG[0m [2methereum_transaction_pool_monitor::mempool_monitor[0m[2m:[0m 📨 Processing new pending transaction: 0xa57834f45642cdb4997140227a482aebb3cba7df0eb41cc8b1b37b45dbb6e7cf
[2m2025-12-10T10:08:23.684359Z[0m [34mDEBUG[0m [2methereum_transaction_pool_monitor::mempool_monitor[0m[2m:[0m 🔍 Fetching transaction details for: 0xa57834f45642cdb4997140227a482aebb3cba7df0eb41cc8b1b37b45dbb6e7cf
[2m2025-12-10T10:08:23.684363Z[0m [34mDEBUG[0m [2methereum_transaction_pool_monitor::eth_client[0m[2m:[0m 🔍 Fetching transaction details for hash: 0xa57834f45642cdb4997140227a482aebb3cba7df0eb41cc8b1b37b45dbb6e7cf
[2m2025-12-10T10:08:23.684389Z[0m [34mDEBUG[0m [2mhyper::client::pool[0m[2m:[0m reuse idle connection for ("http", 192.168.0.14:8545)
[2m2025-12-10T10:08:23.684421Z[0m [34mDEBUG[0m [2mhyper::proto::h1::io[0m[2m:[0m flushed 250 bytes
[2m2025-12-10T10:08:23.684439Z[0m [34mDEBUG[0m [2methereum_transaction_pool_monitor::eth_client[0m[2m:[0m 📨 Received WebSocket message: {"jsonrpc":"2.0","method":"eth_subscription","params":{"subscription":"0xbed0a0851463e895960a451075a301a9","result":"0x825cff46cf3bd9bf35e13c9186da90602c9a68439a5d54edfa51592599c3789a"}}
[2m2025-12-10T10:08:23.684447Z[0m [34mDEBUG[0m [2methereum_transaction_pool_monitor::eth_client[0m[2m:[0m 📨 Received pending transaction: 0x825cff46cf3bd9bf35e13c9186da90602c9a68439a5d54edfa51592599c3789a
[2m2025-12-10T10:08:23.684453Z[0m [34mDEBUG[0m [2methereum_transaction_pool_monitor::eth_client[0m[2m:[0m 📨 Received WebSocket message: {"jsonrpc":"2.0","method":"eth_subscription","params":{"subscription":"0xbed0a0851463e895960a451075a301a9","result":"0x28ef01eff1242766fd3d9d32e213e9d12aa95118cd0e2c3cc9cbbf09a53ab371"}}
[2m2025-12-10T10:08:23.684458Z[0m [34mDEBUG[0m [2methereum_transaction_pool_monitor::eth_client[0m[2m:[0m 📨 Received pending transaction: 0x28ef01eff1242766fd3d9d32e213e9d12aa95118cd0e2c3cc9cbbf09a53ab371
[2m2025-12-10T10:08:23.688814Z[0m [34mDEBUG[0m [2mhyper::proto::h1::io[0m[2m:[0m parsed 4 headers
[2m2025-12-10T10:08:23.688828Z[0m [34mDEBUG[0m [2mhyper::proto::h1::conn[0m[2m:[0m incoming body is content-length (774 bytes)
[2m2025-12-10T10:08:23.688836Z[0m [34mDEBUG[0m [2mhyper::proto::h1::conn[0m[2m:[0m incoming body completed
[2m2025-12-10T10:08:23.688846Z[0m [34mDEBUG[0m [2mhyper::client::pool[0m[2m:[0m pooling idle connection for ("http", 192.168.0.14:8545)
[2m2025-12-10T10:08:23.688853Z[0m [34mDEBUG[0m [2methereum_transaction_pool_monitor::eth_client[0m[2m:[0m 📡 Transaction fetch RPC completed in 4.485625ms
[2m2025-12-10T10:08:23.688869Z[0m [34mDEBUG[0m [2methereum_transaction_pool_monitor::eth_client[0m[2m:[0m DeFi transaction detected - Address: 0xdac17f958d2ee523a2206206994597c13d831ec7, Type: Stablecoin, Value: 0 ETH, Gas: 2.23 Gwei
[2m2025-12-10T10:08:23.688882Z[0m [34mDEBUG[0m [2methereum_transaction_pool_monitor::eth_client[0m[2m:[0m ✅ Transaction 0xa57834f45642cdb4997140227a482aebb3cba7df0eb41cc8b1b37b45dbb6e7cf fetched and parsed in 4.515042ms
[2m2025-12-10T10:08:23.688888Z[0m [34mDEBUG[0m [2methereum_transaction_pool_monitor::mempool_monitor[0m[2m:[0m 🔍 Skipping tx 0xa57834f45642cdb4997140227a482aebb3cba7df0eb41cc8b1b37b45dbb6e7cf - not a DEX interaction (target: 0xdAC17F958D2ee523a2206206994597C13D831ec7)
[2m2025-12-10T10:08:23.688897Z[0m [34mDEBUG[0m [2methereum_transaction_pool_monitor::mempool_monitor[0m[2m:[0m 📨 Processing new pending transaction: 0x825cff46cf3bd9bf35e13c9186da90602c9a68439a5d54edfa51592599c3789a
[2m2025-12-10T10:08:23.688900Z[0m [34mDEBUG[0m [2methereum_transaction_pool_monitor::mempool_monitor[0m[2m:[0m 🔍 Fetching transaction details for: 0x825cff46cf3bd9bf35e13c9186da90602c9a68439a5d54edfa51592599c3789a
[2m2025-12-10T10:08:23.688904Z[0m [34mDEBUG[0m [2methereum_transaction_pool_monitor::eth_client[0m[2m:[0m 🔍 Fetching transaction details for hash: 0x825cff46cf3bd9bf35e13c9186da90602c9a68439a5d54edfa51592599c3789a
[2m2025-12-10T10:08:23.688921Z[0m [34mDEBUG[0m [2mhyper::client::pool[0m[2m:[0m reuse idle connection for ("http", 192.168.0.14:8545)
[2m2025-12-10T10:08:23.688950Z[0m [34mDEBUG[0m [2mhyper::proto::h1::io[0m[2m:[0m flushed 250 bytes
[2m2025-12-10T10:08:23.693593Z[0m [34mDEBUG[0m [2mhyper::proto::h1::io[0m[2m:[0m parsed 4 headers
[2m2025-12-10T10:08:23.693606Z[0m [34mDEBUG[0m [2mhyper::proto::h1::conn[0m[2m:[0m incoming body is content-length (676 bytes)
[2m2025-12-10T10:08:23.693613Z[0m [34mDEBUG[0m [2mhyper::proto::h1::conn[0m[2m:[0m incoming body completed
[2m2025-12-10T10:08:23.693621Z[0m [34mDEBUG[0m [2mhyper::client::pool[0m[2m:[0m pooling idle connection for ("http", 192.168.0.14:8545)
[2m2025-12-10T10:08:23.693628Z[0m [34mDEBUG[0m [2methereum_transaction_pool_monitor::eth_client[0m[2m:[0m 📡 Transaction fetch RPC completed in 4.720542ms
[2m2025-12-10T10:08:23.789266Z[0m [34mDEBUG[0m [2methereum_transaction_pool_monitor::eth_client[0m[2m:[0m ✅ Transaction 0x825cff46cf3bd9bf35e13c9186da90602c9a68439a5d54edfa51592599c3789a fetched and parsed in 100.355667ms
[2m2025-12-10T10:08:23.789295Z[0m [34mDEBUG[0m [2methereum_transaction_pool_monitor::mempool_monitor[0m[2m:[0m 🔍 Skipping tx 0x825cff46cf3bd9bf35e13c9186da90602c9a68439a5d54edfa51592599c3789a - not a DEX interaction (target: 0xA0b86991c6218b36c1d19D4a2e9Eb0cE3606eB48)
[2m2025-12-10T10:08:23.789305Z[0m [34mDEBUG[0m [2methereum_transaction_pool_monitor::mempool_monitor[0m[2m:[0m 📨 Processing new pending transaction: 0x28ef01eff1242766fd3d9d32e213e9d12aa95118cd0e2c3cc9cbbf09a53ab371
[2m2025-12-10T10:08:23.789312Z[0m [34mDEBUG[0m [2methereum_transaction_pool_monitor::mempool_monitor[0m[2m:[0m 🔍 Fetching transaction details for: 0x28ef01eff1242766fd3d9d32e213e9d12aa95118cd0e2c3cc9cbbf09a53ab371
[2m2025-12-10T10:08:23.789318Z[0m [34mDEBUG[0m [2methereum_transaction_pool_monitor::eth_client[0m[2m:[0m 🔍 Fetching transaction details for hash: 0x28ef01eff1242766fd3d9d32e213e9d12aa95118cd0e2c3cc9cbbf09a53ab371
[2m2025-12-10T10:08:23.789337Z[0m [34mDEBUG[0m [2mhyper::client::pool[0m[2m:[0m reuse idle connection for ("http", 192.168.0.14:8545)
[2m2025-12-10T10:08:23.789389Z[0m [34mDEBUG[0m [2mhyper::proto::h1::io[0m[2m:[0m flushed 250 bytes
[2m2025-12-10T10:08:23.789410Z[0m [34mDEBUG[0m [2mhyper::client::pool[0m[2m:[0m reuse idle connection for ("http", 192.168.0.14:8545)
[2m2025-12-10T10:08:23.789423Z[0m [34mDEBUG[0m [2mhyper::proto::h1::io[0m[2m:[0m flushed 172 bytes
[2m2025-12-10T10:08:23.789446Z[0m [34mDEBUG[0m [2methereum_transaction_pool_monitor::eth_client[0m[2m:[0m 📨 Received WebSocket message: {"jsonrpc":"2.0","method":"eth_subscription","params":{"subscription":"0xbed0a0851463e895960a451075a301a9","result":"0xe8bf718095b3dcffe960be8cc9309e721f9e9cade622d43b86e7887b026e6c9e"}}
[2m2025-12-10T10:08:23.789456Z[0m [34mDEBUG[0m [2methereum_transaction_pool_monitor::eth_client[0m[2m:[0m 📨 Received pending transaction: 0xe8bf718095b3dcffe960be8cc9309e721f9e9cade622d43b86e7887b026e6c9e
[2m2025-12-10T10:08:23.793142Z[0m [34mDEBUG[0m [2mhyper::proto::h1::io[0m[2m:[0m parsed 4 headers
[2m2025-12-10T10:08:23.793160Z[0m [34mDEBUG[0m [2mhyper::proto::h1::conn[0m[2m:[0m incoming body is content-length (45 bytes)
[2m2025-12-10T10:08:23.793169Z[0m [34mDEBUG[0m [2mhyper::proto::h1::conn[0m[2m:[0m incoming body completed
[2m2025-12-10T10:08:23.793179Z[0m [34mDEBUG[0m [2mhyper::client::pool[0m[2m:[0m pooling idle connection for ("http", 192.168.0.14:8545)
[2m2025-12-10T10:08:23.795471Z[0m [34mDEBUG[0m [2mhyper::client::pool[0m[2m:[0m reuse idle connection for ("http", 192.168.0.14:8545)
[2m2025-12-10T10:08:23.795526Z[0m [34mDEBUG[0m [2mhyper::proto::h1::io[0m[2m:[0m flushed 172 bytes
[2m2025-12-10T10:08:23.798952Z[0m [34mDEBUG[0m [2mhyper::proto::h1::io[0m[2m:[0m parsed 4 headers
[2m2025-12-10T10:08:23.798962Z[0m [34mDEBUG[0m [2mhyper::proto::h1::conn[0m[2m:[0m incoming body is content-length (1219 bytes)
[2m2025-12-10T10:08:23.798970Z[0m [34mDEBUG[0m [2mhyper::proto::h1::conn[0m[2m:[0m incoming body completed
[2m2025-12-10T10:08:23.798980Z[0m [34mDEBUG[0m [2mhyper::client::pool[0m[2m:[0m pooling idle connection for ("http", 192.168.0.14:8545)
[2m2025-12-10T10:08:23.798987Z[0m [34mDEBUG[0m [2methereum_transaction_pool_monitor::eth_client[0m[2m:[0m 📡 Transaction fetch RPC completed in 9.665417ms
[2m2025-12-10T10:08:23.896172Z[0m [34mDEBUG[0m [2methereum_transaction_pool_monitor::eth_client[0m[2m:[0m ✅ Transaction 0x28ef01eff1242766fd3d9d32e213e9d12aa95118cd0e2c3cc9cbbf09a53ab371 fetched and parsed in 106.847709ms
[2m2025-12-10T10:08:23.896205Z[0m [34mDEBUG[0m [2methereum_transaction_pool_monitor::mempool_monitor[0m[2m:[0m 🔍 Skipping tx 0x28ef01eff1242766fd3d9d32e213e9d12aa95118cd0e2c3cc9cbbf09a53ab371 - not a DEX interaction (target: 0xF6801D319497789f934ec7F83E142a9536312B08)
[2m2025-12-10T10:08:23.896217Z[0m [34mDEBUG[0m [2methereum_transaction_pool_monitor::mempool_monitor[0m[2m:[0m 📨 Processing new pending transaction: 0xe8bf718095b3dcffe960be8cc9309e721f9e9cade622d43b86e7887b026e6c9e
[2m2025-12-10T10:08:23.896229Z[0m [34mDEBUG[0m [2methereum_transaction_pool_monitor::mempool_monitor[0m[2m:[0m 🔍 Fetching transaction details for: 0xe8bf718095b3dcffe960be8cc9309e721f9e9cade622d43b86e7887b026e6c9e
[2m2025-12-10T10:08:23.896235Z[0m [34mDEBUG[0m [2methereum_transaction_pool_monitor::eth_client[0m[2m:[0m 🔍 Fetching transaction details for hash: 0xe8bf718095b3dcffe960be8cc9309e721f9e9cade622d43b86e7887b026e6c9e
[2m2025-12-10T10:08:23.896258Z[0m [34mDEBUG[0m [2mhyper::client::pool[0m[2m:[0m reuse idle connection for ("http", 192.168.0.14:8545)
[2m2025-12-10T10:08:23.896295Z[0m [34mDEBUG[0m [2mhyper::proto::h1::io[0m[2m:[0m flushed 250 bytes
[2m2025-12-10T10:08:23.896320Z[0m [34mDEBUG[0m [2mhyper::proto::h1::io[0m[2m:[0m parsed 4 headers
[2m2025-12-10T10:08:23.896329Z[0m [34mDEBUG[0m [2mhyper::proto::h1::conn[0m[2m:[0m incoming body is content-length (45 bytes)
[2m2025-12-10T10:08:23.896320Z[0m [34mDEBUG[0m [2methereum_transaction_pool_monitor::eth_client[0m[2m:[0m 📨 Received WebSocket message: {"jsonrpc":"2.0","method":"eth_subscription","params":{"subscription":"0xbed0a0851463e895960a451075a301a9","result":"0x1348ad5853a631fe20bfc307c53ee163a75da9050e48810738c76188878a303d"}}
[2m2025-12-10T10:08:23.896336Z[0m [34mDEBUG[0m [2mhyper::proto::h1::conn[0m[2m:[0m incoming body completed
[2m2025-12-10T10:08:23.896342Z[0m [34mDEBUG[0m [2methereum_transaction_pool_monitor::eth_client[0m[2m:[0m 📨 Received pending transaction: 0x1348ad5853a631fe20bfc307c53ee163a75da9050e48810738c76188878a303d
[2m2025-12-10T10:08:23.896348Z[0m [34mDEBUG[0m [2mhyper::client::pool[0m[2m:[0m pooling idle connection for ("http", 192.168.0.14:8545)
[2m2025-12-10T10:08:23.896348Z[0m [34mDEBUG[0m [2methereum_transaction_pool_monitor::eth_client[0m[2m:[0m 📨 Received WebSocket message: {"jsonrpc":"2.0","method":"eth_subscription","params":{"subscription":"0xbed0a0851463e895960a451075a301a9","result":"0x3c5be9357ce6f1e166882af85e9d5a3a2444c4e6ccad5ea716e2e291c54f901b"}}
[2m2025-12-10T10:08:23.896366Z[0m [34mDEBUG[0m [2methereum_transaction_pool_monitor::eth_client[0m[2m:[0m 📨 Received pending transaction: 0x3c5be9357ce6f1e166882af85e9d5a3a2444c4e6ccad5ea716e2e291c54f901b
[2m2025-12-10T10:08:23.896369Z[0m [34mDEBUG[0m [2mhyper::client::pool[0m[2m:[0m reuse idle connection for ("http", 192.168.0.14:8545)
[2m2025-12-10T10:08:23.896371Z[0m [34mDEBUG[0m [2methereum_transaction_pool_monitor::eth_client[0m[2m:[0m 📨 Received WebSocket message: {"jsonrpc":"2.0","method":"eth_subscription","params":{"subscription":"0xbed0a0851463e895960a451075a301a9","result":"0xf3e5e4f69a436f32be7ffc04e6473dedb4544643db3d50ba3c76e0d9ddfdb889"}}
[2m2025-12-10T10:08:23.896383Z[0m [34mDEBUG[0m [2methereum_transaction_pool_monitor::eth_client[0m[2m:[0m 📨 Received pending transaction: 0xf3e5e4f69a436f32be7ffc04e6473dedb4544643db3d50ba3c76e0d9ddfdb889
[2m2025-12-10T10:08:23.896391Z[0m [34mDEBUG[0m [2mhyper::proto::h1::io[0m[2m:[0m flushed 172 bytes
[2m2025-12-10T10:08:23.904342Z[0m [34mDEBUG[0m [2mhyper::proto::h1::io[0m[2m:[0m parsed 4 headers
[2m2025-12-10T10:08:23.904342Z[0m [34mDEBUG[0m [2mhyper::proto::h1::io[0m[2m:[0m parsed 4 headers
[2m2025-12-10T10:08:23.904387Z[0m [34mDEBUG[0m [2mhyper::proto::h1::conn[0m[2m:[0m incoming body is content-length (45 bytes)
[2m2025-12-10T10:08:23.904411Z[0m [34mDEBUG[0m [2mhyper::proto::h1::conn[0m[2m:[0m incoming body is content-length (676 bytes)
[2m2025-12-10T10:08:23.904433Z[0m [34mDEBUG[0m [2mhyper::proto::h1::conn[0m[2m:[0m incoming body completed
[2m2025-12-10T10:08:23.904436Z[0m [34mDEBUG[0m [2mhyper::proto::h1::conn[0m[2m:[0m incoming body completed
[2m2025-12-10T10:08:23.904462Z[0m [34mDEBUG[0m [2mhyper::client::pool[0m[2m:[0m pooling idle connection for ("http", 192.168.0.14:8545)
[2m2025-12-10T10:08:23.904488Z[0m [34mDEBUG[0m [2mhyper::client::pool[0m[2m:[0m pooling idle connection for ("http", 192.168.0.14:8545)
[2m2025-12-10T10:08:23.904512Z[0m [34mDEBUG[0m [2methereum_transaction_pool_monitor::eth_client[0m[2m:[0m 📡 Transaction fetch RPC completed in 8.271ms
[2m2025-12-10T10:08:23.920719Z[0m [34mDEBUG[0m [2methereum_transaction_pool_monitor::eth_client[0m[2m:[0m 📨 Received WebSocket message: {"jsonrpc":"2.0","method":"eth_subscription","params":{"subscription":"0xbed0a0851463e895960a451075a301a9","result":"0xb1558b03574573e39e1349e9d380d10af84174d0c6947ffa6216b4e3b6747c2f"}}
[2m2025-12-10T10:08:23.920770Z[0m [34mDEBUG[0m [2methereum_transaction_pool_monitor::eth_client[0m[2m:[0m 📨 Received pending transaction: 0xb1558b03574573e39e1349e9d380d10af84174d0c6947ffa6216b4e3b6747c2f
[2m2025-12-10T10:08:23.991805Z[0m [34mDEBUG[0m [2methereum_transaction_pool_monitor::eth_client[0m[2m:[0m ✅ Transaction 0xe8bf718095b3dcffe960be8cc9309e721f9e9cade622d43b86e7887b026e6c9e fetched and parsed in 95.560458ms
[2m2025-12-10T10:08:23.991840Z[0m [34mDEBUG[0m [2methereum_transaction_pool_monitor::mempool_monitor[0m[2m:[0m 🔍 Skipping tx 0xe8bf718095b3dcffe960be8cc9309e721f9e9cade622d43b86e7887b026e6c9e - not a DEX interaction (target: 0xA0b86991c6218b36c1d19D4a2e9Eb0cE3606eB48)
[2m2025-12-10T10:08:23.991853Z[0m [34mDEBUG[0m [2methereum_transaction_pool_monitor::mempool_monitor[0m[2m:[0m 📨 Processing new pending transaction: 0x1348ad5853a631fe20bfc307c53ee163a75da9050e48810738c76188878a303d
[2m2025-12-10T10:08:23.991860Z[0m [34mDEBUG[0m [2methereum_transaction_pool_monitor::mempool_monitor[0m[2m:[0m 🔍 Fetching transaction details for: 0x1348ad5853a631fe20bfc307c53ee163a75da9050e48810738c76188878a303d
[2m2025-12-10T10:08:23.991865Z[0m [34mDEBUG[0m [2methereum_transaction_pool_monitor::eth_client[0m[2m:[0m 🔍 Fetching transaction details for hash: 0x1348ad5853a631fe20bfc307c53ee163a75da9050e48810738c76188878a303d
[2m2025-12-10T10:08:23.991889Z[0m [34mDEBUG[0m [2mhyper::client::pool[0m[2m:[0m reuse idle connection for ("http", 192.168.0.14:8545)
[2m2025-12-10T10:08:23.991938Z[0m [34mDEBUG[0m [2mhyper::proto::h1::io[0m[2m:[0m flushed 250 bytes
[2m2025-12-10T10:08:23.995982Z[0m [34mDEBUG[0m [2mhyper::client::pool[0m[2m:[0m reuse idle connection for ("http", 192.168.0.14:8545)
[2m2025-12-10T10:08:23.995984Z[0m [34mDEBUG[0m [2mhyper::proto::h1::io[0m[2m:[0m parsed 4 headers
[2m2025-12-10T10:08:23.996000Z[0m [34mDEBUG[0m [2mhyper::proto::h1::conn[0m[2m:[0m incoming body is content-length (676 bytes)
[2m2025-12-10T10:08:23.996010Z[0m [34mDEBUG[0m [2mhyper::proto::h1::conn[0m[2m:[0m incoming body completed
[2m2025-12-10T10:08:23.996018Z[0m [34mDEBUG[0m [2mhyper::client::pool[0m[2m:[0m pooling idle connection for ("http", 192.168.0.14:8545)
[2m2025-12-10T10:08:23.996024Z[0m [34mDEBUG[0m [2mhyper::proto::h1::io[0m[2m:[0m flushed 172 bytes
[2m2025-12-10T10:08:23.996024Z[0m [34mDEBUG[0m [2methereum_transaction_pool_monitor::eth_client[0m[2m:[0m 📡 Transaction fetch RPC completed in 4.154583ms
[2m2025-12-10T10:08:23.999771Z[0m [34mDEBUG[0m [2mhyper::proto::h1::io[0m[2m:[0m parsed 4 headers
[2m2025-12-10T10:08:23.999781Z[0m [34mDEBUG[0m [2mhyper::proto::h1::conn[0m[2m:[0m incoming body is content-length (45 bytes)
[2m2025-12-10T10:08:23.999786Z[0m [34mDEBUG[0m [2mhyper::proto::h1::conn[0m[2m:[0m incoming body completed
[2m2025-12-10T10:08:23.999793Z[0m [34mDEBUG[0m [2mhyper::client::pool[0m[2m:[0m pooling idle connection for ("http", 192.168.0.14:8545)
[2m2025-12-10T10:08:24.052053Z[0m [34mDEBUG[0m [2methereum_transaction_pool_monitor::eth_client[0m[2m:[0m 📨 Received WebSocket message: {"jsonrpc":"2.0","method":"eth_subscription","params":{"subscription":"0xbed0a0851463e895960a451075a301a9","result":"0xc5bfd761fc4deb34054185a760a0dab4f7e78f460098bbaf7fb2a48bdc9ba669"}}
[2m2025-12-10T10:08:24.052081Z[0m [34mDEBUG[0m [2methereum_transaction_pool_monitor::eth_client[0m[2m:[0m 📨 Received pending transaction: 0xc5bfd761fc4deb34054185a760a0dab4f7e78f460098bbaf7fb2a48bdc9ba669
[2m2025-12-10T10:08:24.069815Z[0m [34mDEBUG[0m [2methereum_transaction_pool_monitor::eth_client[0m[2m:[0m ✅ Transaction 0x1348ad5853a631fe20bfc307c53ee163a75da9050e48810738c76188878a303d fetched and parsed in 77.942666ms
[2m2025-12-10T10:08:24.069841Z[0m [34mDEBUG[0m [2methereum_transaction_pool_monitor::mempool_monitor[0m[2m:[0m 🔍 Skipping tx 0x1348ad5853a631fe20bfc307c53ee163a75da9050e48810738c76188878a303d - not a DEX interaction (target: 0xA0b86991c6218b36c1d19D4a2e9Eb0cE3606eB48)
[2m2025-12-10T10:08:24.069851Z[0m [34mDEBUG[0m [2methereum_transaction_pool_monitor::mempool_monitor[0m[2m:[0m 📨 Processing new pending transaction: 0x3c5be9357ce6f1e166882af85e9d5a3a2444c4e6ccad5ea716e2e291c54f901b
[2m2025-12-10T10:08:24.069857Z[0m [34mDEBUG[0m [2methereum_transaction_pool_monitor::mempool_monitor[0m[2m:[0m 🔍 Fetching transaction details for: 0x3c5be9357ce6f1e166882af85e9d5a3a2444c4e6ccad5ea716e2e291c54f901b
[2m2025-12-10T10:08:24.069861Z[0m [34mDEBUG[0m [2methereum_transaction_pool_monitor::eth_client[0m[2m:[0m 🔍 Fetching transaction details for hash: 0x3c5be9357ce6f1e166882af85e9d5a3a2444c4e6ccad5ea716e2e291c54f901b
[2m2025-12-10T10:08:24.069885Z[0m [34mDEBUG[0m [2mhyper::client::pool[0m[2m:[0m reuse idle connection for ("http", 192.168.0.14:8545)
[2m2025-12-10T10:08:24.069926Z[0m [34mDEBUG[0m [2mhyper::proto::h1::io[0m[2m:[0m flushed 250 bytes
[2m2025-12-10T10:08:24.073566Z[0m [34mDEBUG[0m [2mhyper::proto::h1::io[0m[2m:[0m parsed 4 headers
[2m2025-12-10T10:08:24.073572Z[0m [34mDEBUG[0m [2mhyper::proto::h1::conn[0m[2m:[0m incoming body is content-length (553 bytes)
[2m2025-12-10T10:08:24.073580Z[0m [34mDEBUG[0m [2mhyper::proto::h1::conn[0m[2m:[0m incoming body completed
[2m2025-12-10T10:08:24.073588Z[0m [34mDEBUG[0m [2mhyper::client::pool[0m[2m:[0m pooling idle connection for ("http", 192.168.0.14:8545)
[2m2025-12-10T10:08:24.073594Z[0m [34mDEBUG[0m [2methereum_transaction_pool_monitor::eth_client[0m[2m:[0m 📡 Transaction fetch RPC completed in 3.7285ms
[2m2025-12-10T10:08:24.151417Z[0m [34mDEBUG[0m [2methereum_transaction_pool_monitor::eth_client[0m[2m:[0m ✅ Transaction 0x3c5be9357ce6f1e166882af85e9d5a3a2444c4e6ccad5ea716e2e291c54f901b fetched and parsed in 81.549ms
[2m2025-12-10T10:08:24.151450Z[0m [34mDEBUG[0m [2methereum_transaction_pool_monitor::mempool_monitor[0m[2m:[0m 🔍 Skipping tx 0x3c5be9357ce6f1e166882af85e9d5a3a2444c4e6ccad5ea716e2e291c54f901b - not a DEX interaction (target: 0x3a09C40f8f7B93c8C7e09A5422e56DFe7c7d2794)
[2m2025-12-10T10:08:24.151462Z[0m [34mDEBUG[0m [2methereum_transaction_pool_monitor::mempool_monitor[0m[2m:[0m 📨 Processing new pending transaction: 0xf3e5e4f69a436f32be7ffc04e6473dedb4544643db3d50ba3c76e0d9ddfdb889
[2m2025-12-10T10:08:24.151469Z[0m [34mDEBUG[0m [2methereum_transaction_pool_monitor::mempool_monitor[0m[2m:[0m 🔍 Fetching transaction details for: 0xf3e5e4f69a436f32be7ffc04e6473dedb4544643db3d50ba3c76e0d9ddfdb889
[2m2025-12-10T10:08:24.151473Z[0m [34mDEBUG[0m [2methereum_transaction_pool_monitor::eth_client[0m[2m:[0m 🔍 Fetching transaction details for hash: 0xf3e5e4f69a436f32be7ffc04e6473dedb4544643db3d50ba3c76e0d9ddfdb889
[2m2025-12-10T10:08:24.151498Z[0m [34mDEBUG[0m [2mhyper::client::pool[0m[2m:[0m reuse idle connection for ("http", 192.168.0.14:8545)
[2m2025-12-10T10:08:24.151536Z[0m [34mDEBUG[0m [2mhyper::proto::h1::io[0m[2m:[0m flushed 250 bytes
[2m2025-12-10T10:08:24.151558Z[0m [34mDEBUG[0m [2mhyper::client::pool[0m[2m:[0m reuse idle connection for ("http", 192.168.0.14:8545)
[2m2025-12-10T10:08:24.151573Z[0m [34mDEBUG[0m [2mhyper::proto::h1::io[0m[2m:[0m flushed 172 bytes
[2m2025-12-10T10:08:24.151605Z[0m [34mDEBUG[0m [2methereum_transaction_pool_monitor::eth_client[0m[2m:[0m 📨 Received WebSocket message: {"jsonrpc":"2.0","method":"eth_subscription","params":{"subscription":"0xbed0a0851463e895960a451075a301a9","result":"0xa560d3354b80e5410c22e1ef8988ac2a0d214b1e233d75c579e51d50f5e3a9af"}}
[2m2025-12-10T10:08:24.151615Z[0m [34mDEBUG[0m [2methereum_transaction_pool_monitor::eth_client[0m[2m:[0m 📨 Received pending transaction: 0xa560d3354b80e5410c22e1ef8988ac2a0d214b1e233d75c579e51d50f5e3a9af
[2m2025-12-10T10:08:24.151621Z[0m [34mDEBUG[0m [2methereum_transaction_pool_monitor::eth_client[0m[2m:[0m 📨 Received WebSocket message: {"jsonrpc":"2.0","method":"eth_subscription","params":{"subscription":"0xbed0a0851463e895960a451075a301a9","result":"0x3ffdb9ed0af650dbcfc5d5428796b86334e9a82d483ef81f41b509360ff893ba"}}
[2m2025-12-10T10:08:24.151626Z[0m [34mDEBUG[0m [2methereum_transaction_pool_monitor::eth_client[0m[2m:[0m 📨 Received pending transaction: 0x3ffdb9ed0af650dbcfc5d5428796b86334e9a82d483ef81f41b509360ff893ba
[2m2025-12-10T10:08:24.155524Z[0m [34mDEBUG[0m [2mhyper::proto::h1::io[0m[2m:[0m parsed 4 headers
[2m2025-12-10T10:08:24.155534Z[0m [34mDEBUG[0m [2mhyper::proto::h1::conn[0m[2m:[0m incoming body is content-length (45 bytes)
[2m2025-12-10T10:08:24.155542Z[0m [34mDEBUG[0m [2mhyper::proto::h1::conn[0m[2m:[0m incoming body completed
[2m2025-12-10T10:08:24.155550Z[0m [34mDEBUG[0m [2mhyper::client::pool[0m[2m:[0m pooling idle connection for ("http", 192.168.0.14:8545)
[2m2025-12-10T10:08:24.156079Z[0m [34mDEBUG[0m [2mhyper::proto::h1::io[0m[2m:[0m parsed 4 headers
[2m2025-12-10T10:08:24.156085Z[0m [34mDEBUG[0m [2mhyper::proto::h1::conn[0m[2m:[0m incoming body is content-length (770 bytes)
[2m2025-12-10T10:08:24.156091Z[0m [34mDEBUG[0m [2mhyper::proto::h1::conn[0m[2m:[0m incoming body completed
[2m2025-12-10T10:08:24.156098Z[0m [34mDEBUG[0m [2mhyper::client::pool[0m[2m:[0m pooling idle connection for ("http", 192.168.0.14:8545)
[2m2025-12-10T10:08:24.156104Z[0m [34mDEBUG[0m [2methereum_transaction_pool_monitor::eth_client[0m[2m:[0m 📡 Transaction fetch RPC completed in 4.624375ms
[2m2025-12-10T10:08:24.228509Z[0m [34mDEBUG[0m [2methereum_transaction_pool_monitor::eth_client[0m[2m:[0m ✅ Transaction 0xf3e5e4f69a436f32be7ffc04e6473dedb4544643db3d50ba3c76e0d9ddfdb889 fetched and parsed in 77.027875ms
[2m2025-12-10T10:08:24.228535Z[0m [34mDEBUG[0m [2methereum_transaction_pool_monitor::mempool_monitor[0m[2m:[0m 🔍 Skipping tx 0xf3e5e4f69a436f32be7ffc04e6473dedb4544643db3d50ba3c76e0d9ddfdb889 - not a DEX interaction (target: 0xB8f28C60dD8240141185a192fa4156A23E189305)
[2m2025-12-10T10:08:24.228545Z[0m [34mDEBUG[0m [2methereum_transaction_pool_monitor::mempool_monitor[0m[2m:[0m 📨 Processing new pending transaction: 0xb1558b03574573e39e1349e9d380d10af84174d0c6947ffa6216b4e3b6747c2f
[2m2025-12-10T10:08:24.228551Z[0m [34mDEBUG[0m [2methereum_transaction_pool_monitor::mempool_monitor[0m[2m:[0m 🔍 Fetching transaction details for: 0xb1558b03574573e39e1349e9d380d10af84174d0c6947ffa6216b4e3b6747c2f
[2m2025-12-10T10:08:24.228555Z[0m [34mDEBUG[0m [2methereum_transaction_pool_monitor::eth_client[0m[2m:[0m 🔍 Fetching transaction details for hash: 0xb1558b03574573e39e1349e9d380d10af84174d0c6947ffa6216b4e3b6747c2f
[2m2025-12-10T10:08:24.228574Z[0m [34mDEBUG[0m [2mhyper::client::pool[0m[2m:[0m reuse idle connection for ("http", 192.168.0.14:8545)
[2m2025-12-10T10:08:24.228628Z[0m [34mDEBUG[0m [2mhyper::proto::h1::io[0m[2m:[0m flushed 250 bytes
[2m2025-12-10T10:08:24.228656Z[0m [34mDEBUG[0m [2mhyper::client::pool[0m[2m:[0m reuse idle connection for ("http", 192.168.0.14:8545)
[2m2025-12-10T10:08:24.228669Z[0m [34mDEBUG[0m [2mhyper::proto::h1::io[0m[2m:[0m flushed 172 bytes
[2m2025-12-10T10:08:24.232180Z[0m [34mDEBUG[0m [2mhyper::proto::h1::io[0m[2m:[0m parsed 4 headers
[2m2025-12-10T10:08:24.232190Z[0m [34mDEBUG[0m [2mhyper::proto::h1::conn[0m[2m:[0m incoming body is content-length (45 bytes)
[2m2025-12-10T10:08:24.232197Z[0m [34mDEBUG[0m [2mhyper::proto::h1::conn[0m[2m:[0m incoming body completed
[2m2025-12-10T10:08:24.232204Z[0m [34mDEBUG[0m [2mhyper::client::pool[0m[2m:[0m pooling idle connection for ("http", 192.168.0.14:8545)
[2m2025-12-10T10:08:24.234198Z[0m [34mDEBUG[0m [2mhyper::proto::h1::io[0m[2m:[0m parsed 4 headers
[2m2025-12-10T10:08:24.234208Z[0m [34mDEBUG[0m [2mhyper::proto::h1::conn[0m[2m:[0m incoming body is content-length (2885 bytes)
[2m2025-12-10T10:08:24.234218Z[0m [34mDEBUG[0m [2mhyper::proto::h1::conn[0m[2m:[0m incoming body completed
[2m2025-12-10T10:08:24.234227Z[0m [34mDEBUG[0m [2mhyper::client::pool[0m[2m:[0m pooling idle connection for ("http", 192.168.0.14:8545)
[2m2025-12-10T10:08:24.238319Z[0m [34mDEBUG[0m [2methereum_transaction_pool_monitor::eth_client[0m[2m:[0m 📡 Transaction fetch RPC completed in 9.758834ms
[2m2025-12-10T10:08:24.306372Z[0m [34mDEBUG[0m [2methereum_transaction_pool_monitor::eth_client[0m[2m:[0m ✅ Transaction 0xb1558b03574573e39e1349e9d380d10af84174d0c6947ffa6216b4e3b6747c2f fetched and parsed in 77.809542ms
[2m2025-12-10T10:08:24.306394Z[0m [34mDEBUG[0m [2methereum_transaction_pool_monitor::mempool_monitor[0m[2m:[0m 🔍 Skipping tx 0xb1558b03574573e39e1349e9d380d10af84174d0c6947ffa6216b4e3b6747c2f - not a DEX interaction (target: 0x3ee18B2214AFF97000D974cf647E7C347E8fa585)
[2m2025-12-10T10:08:24.306402Z[0m [34mDEBUG[0m [2methereum_transaction_pool_monitor::mempool_monitor[0m[2m:[0m 📨 Processing new pending transaction: 0xc5bfd761fc4deb34054185a760a0dab4f7e78f460098bbaf7fb2a48bdc9ba669
[2m2025-12-10T10:08:24.306407Z[0m [34mDEBUG[0m [2methereum_transaction_pool_monitor::mempool_monitor[0m[2m:[0m 🔍 Fetching transaction details for: 0xc5bfd761fc4deb34054185a760a0dab4f7e78f460098bbaf7fb2a48bdc9ba669
[2m2025-12-10T10:08:24.306411Z[0m [34mDEBUG[0m [2methereum_transaction_pool_monitor::eth_client[0m[2m:[0m 🔍 Fetching transaction details for hash: 0xc5bfd761fc4deb34054185a760a0dab4f7e78f460098bbaf7fb2a48bdc9ba669
[2m2025-12-10T10:08:24.306431Z[0m [34mDEBUG[0m [2mhyper::client::pool[0m[2m:[0m reuse idle connection for ("http", 192.168.0.14:8545)
[2m2025-12-10T10:08:24.306479Z[0m [34mDEBUG[0m [2mhyper::proto::h1::io[0m[2m:[0m flushed 250 bytes
[2m2025-12-10T10:08:24.306497Z[0m [34mDEBUG[0m [2mhyper::client::pool[0m[2m:[0m reuse idle connection for ("http", 192.168.0.14:8545)
[2m2025-12-10T10:08:24.306510Z[0m [34mDEBUG[0m [2mhyper::proto::h1::io[0m[2m:[0m flushed 172 bytes
[2m2025-12-10T10:08:24.306510Z[0m [34mDEBUG[0m [2methereum_transaction_pool_monitor::eth_client[0m[2m:[0m 📨 Received WebSocket message: {"jsonrpc":"2.0","method":"eth_subscription","params":{"subscription":"0xbed0a0851463e895960a451075a301a9","result":"0xbf2f988176aa80dd88ccd58375d79ed920af283e542e9c0b8be2349219c2829c"}}
[2m2025-12-10T10:08:24.306525Z[0m [34mDEBUG[0m [2methereum_transaction_pool_monitor::eth_client[0m[2m:[0m 📨 Received pending transaction: 0xbf2f988176aa80dd88ccd58375d79ed920af283e542e9c0b8be2349219c2829c
[2m2025-12-10T10:08:24.310870Z[0m [34mDEBUG[0m [2mhyper::proto::h1::io[0m[2m:[0m parsed 4 headers
[2m2025-12-10T10:08:24.310881Z[0m [34mDEBUG[0m [2mhyper::proto::h1::conn[0m[2m:[0m incoming body is content-length (45 bytes)
[2m2025-12-10T10:08:24.310888Z[0m [34mDEBUG[0m [2mhyper::proto::h1::conn[0m[2m:[0m incoming body completed
[2m2025-12-10T10:08:24.310896Z[0m [34mDEBUG[0m [2mhyper::client::pool[0m[2m:[0m pooling idle connection for ("http", 192.168.0.14:8545)
[2m2025-12-10T10:08:24.314214Z[0m [34mDEBUG[0m [2mhyper::proto::h1::io[0m[2m:[0m parsed 4 headers
[2m2025-12-10T10:08:24.314220Z[0m [34mDEBUG[0m [2mhyper::proto::h1::conn[0m[2m:[0m incoming body is content-length (2403 bytes)
[2m2025-12-10T10:08:24.314226Z[0m [34mDEBUG[0m [2mhyper::proto::h1::conn[0m[2m:[0m incoming body completed
[2m2025-12-10T10:08:24.314233Z[0m [34mDEBUG[0m [2mhyper::client::pool[0m[2m:[0m pooling idle connection for ("http", 192.168.0.14:8545)
[2m2025-12-10T10:08:24.314238Z[0m [34mDEBUG[0m [2methereum_transaction_pool_monitor::eth_client[0m[2m:[0m 📡 Transaction fetch RPC completed in 7.82325ms
[2m2025-12-10T10:08:24.390926Z[0m [34mDEBUG[0m [2methereum_transaction_pool_monitor::eth_client[0m[2m:[0m ✅ Transaction 0xc5bfd761fc4deb34054185a760a0dab4f7e78f460098bbaf7fb2a48bdc9ba669 fetched and parsed in 84.509291ms
[2m2025-12-10T10:08:24.390951Z[0m [34mDEBUG[0m [2methereum_transaction_pool_monitor::mempool_monitor[0m[2m:[0m 🔍 Skipping tx 0xc5bfd761fc4deb34054185a760a0dab4f7e78f460098bbaf7fb2a48bdc9ba669 - not a DEX interaction (target: 0x0000000000000068F116a894984e2DB1123eB395)
[2m2025-12-10T10:08:24.390962Z[0m [34mDEBUG[0m [2methereum_transaction_pool_monitor::mempool_monitor[0m[2m:[0m 📨 Processing new pending transaction: 0xa560d3354b80e5410c22e1ef8988ac2a0d214b1e233d75c579e51d50f5e3a9af
[2m2025-12-10T10:08:24.390967Z[0m [34mDEBUG[0m [2methereum_transaction_pool_monitor::mempool_monitor[0m[2m:[0m 🔍 Fetching transaction details for: 0xa560d3354b80e5410c22e1ef8988ac2a0d214b1e233d75c579e51d50f5e3a9af
[2m2025-12-10T10:08:24.390972Z[0m [34mDEBUG[0m [2methereum_transaction_pool_monitor::eth_client[0m[2m:[0m 🔍 Fetching transaction details for hash: 0xa560d3354b80e5410c22e1ef8988ac2a0d214b1e233d75c579e51d50f5e3a9af
[2m2025-12-10T10:08:24.390992Z[0m [34mDEBUG[0m [2mhyper::client::pool[0m[2m:[0m reuse idle connection for ("http", 192.168.0.14:8545)
[2m2025-12-10T10:08:24.391026Z[0m [34mDEBUG[0m [2mhyper::proto::h1::io[0m[2m:[0m flushed 250 bytes
[2m2025-12-10T10:08:24.391047Z[0m [34mDEBUG[0m [2methereum_transaction_pool_monitor::eth_client[0m[2m:[0m 📨 Received WebSocket message: {"jsonrpc":"2.0","method":"eth_subscription","params":{"subscription":"0xbed0a0851463e895960a451075a301a9","result":"0x83346a0f9cd943416d45f19d2dcc1cd43c3cdce74211190c87f581b22e8c8bbf"}}
[2m2025-12-10T10:08:24.391055Z[0m [34mDEBUG[0m [2methereum_transaction_pool_monitor::eth_client[0m[2m:[0m 📨 Received pending transaction: 0x83346a0f9cd943416d45f19d2dcc1cd43c3cdce74211190c87f581b22e8c8bbf
[2m2025-12-10T10:08:24.395409Z[0m [34mDEBUG[0m [2mhyper::client::pool[0m[2m:[0m reuse idle connection for ("http", 192.168.0.14:8545)
[2m2025-12-10T10:08:24.395412Z[0m [34mDEBUG[0m [2mhyper::proto::h1::io[0m[2m:[0m parsed 4 headers
[2m2025-12-10T10:08:24.395422Z[0m [34mDEBUG[0m [2mhyper::proto::h1::conn[0m[2m:[0m incoming body is content-length (767 bytes)
[2m2025-12-10T10:08:24.395431Z[0m [34mDEBUG[0m [2mhyper::proto::h1::conn[0m[2m:[0m incoming body completed
[2m2025-12-10T10:08:24.395434Z[0m [34mDEBUG[0m [2mhyper::proto::h1::io[0m[2m:[0m flushed 172 bytes
[2m2025-12-10T10:08:24.395440Z[0m [34mDEBUG[0m [2mhyper::client::pool[0m[2m:[0m pooling idle connection for ("http", 192.168.0.14:8545)
[2m2025-12-10T10:08:24.395446Z[0m [34mDEBUG[0m [2methereum_transaction_pool_monitor::eth_client[0m[2m:[0m 📡 Transaction fetch RPC completed in 4.470084ms
[2m2025-12-10T10:08:24.395460Z[0m [34mDEBUG[0m [2methereum_transaction_pool_monitor::eth_client[0m[2m:[0m DeFi transaction detected - Address: 0xdac17f958d2ee523a2206206994597c13d831ec7, Type: Stablecoin, Value: 0 ETH, Gas: 0.25 Gwei
[2m2025-12-10T10:08:24.395474Z[0m [34mDEBUG[0m [2methereum_transaction_pool_monitor::eth_client[0m[2m:[0m ✅ Transaction 0xa560d3354b80e5410c22e1ef8988ac2a0d214b1e233d75c579e51d50f5e3a9af fetched and parsed in 4.497375ms
[2m2025-12-10T10:08:24.395479Z[0m [34mDEBUG[0m [2methereum_transaction_pool_monitor::mempool_monitor[0m[2m:[0m 🔍 Skipping tx 0xa560d3354b80e5410c22e1ef8988ac2a0d214b1e233d75c579e51d50f5e3a9af - not a DEX interaction (target: 0xdAC17F958D2ee523a2206206994597C13D831ec7)
[2m2025-12-10T10:08:24.395485Z[0m [34mDEBUG[0m [2methereum_transaction_pool_monitor::mempool_monitor[0m[2m:[0m 📨 Processing new pending transaction: 0x3ffdb9ed0af650dbcfc5d5428796b86334e9a82d483ef81f41b509360ff893ba
[2m2025-12-10T10:08:24.395489Z[0m [34mDEBUG[0m [2methereum_transaction_pool_monitor::mempool_monitor[0m[2m:[0m 🔍 Fetching transaction details for: 0x3ffdb9ed0af650dbcfc5d5428796b86334e9a82d483ef81f41b509360ff893ba
[2m2025-12-10T10:08:24.395492Z[0m [34mDEBUG[0m [2methereum_transaction_pool_monitor::eth_client[0m[2m:[0m 🔍 Fetching transaction details for hash: 0x3ffdb9ed0af650dbcfc5d5428796b86334e9a82d483ef81f41b509360ff893ba
[2m2025-12-10T10:08:24.395500Z[0m [34mDEBUG[0m [2mhyper::client::pool[0m[2m:[0m reuse idle connection for ("http", 192.168.0.14:8545)
[2m2025-12-10T10:08:24.395514Z[0m [34mDEBUG[0m [2mhyper::proto::h1::io[0m[2m:[0m flushed 250 bytes
[2m2025-12-10T10:08:24.398897Z[0m [34mDEBUG[0m [2mhyper::proto::h1::io[0m[2m:[0m parsed 4 headers
[2m2025-12-10T10:08:24.398908Z[0m [34mDEBUG[0m [2mhyper::proto::h1::conn[0m[2m:[0m incoming body is content-length (45 bytes)
[2m2025-12-10T10:08:24.398914Z[0m [34mDEBUG[0m [2mhyper::proto::h1::conn[0m[2m:[0m incoming body completed
[2m2025-12-10T10:08:24.398921Z[0m [34mDEBUG[0m [2mhyper::client::pool[0m[2m:[0m pooling idle connection for ("http", 192.168.0.14:8545)
[2m2025-12-10T10:08:24.400183Z[0m [34mDEBUG[0m [2mhyper::proto::h1::io[0m[2m:[0m parsed 4 headers
[2m2025-12-10T10:08:24.400187Z[0m [34mDEBUG[0m [2mhyper::proto::h1::conn[0m[2m:[0m incoming body is content-length (637 bytes)
[2m2025-12-10T10:08:24.400191Z[0m [34mDEBUG[0m [2mhyper::proto::h1::conn[0m[2m:[0m incoming body completed
[2m2025-12-10T10:08:24.400196Z[0m [34mDEBUG[0m [2mhyper::client::pool[0m[2m:[0m pooling idle connection for ("http", 192.168.0.14:8545)
[2m2025-12-10T10:08:24.400201Z[0m [34mDEBUG[0m [2methereum_transaction_pool_monitor::eth_client[0m[2m:[0m 📡 Transaction fetch RPC completed in 4.706ms
[2m2025-12-10T10:08:24.482529Z[0m [34mDEBUG[0m [2methereum_transaction_pool_monitor::eth_client[0m[2m:[0m ✅ Transaction 0x3ffdb9ed0af650dbcfc5d5428796b86334e9a82d483ef81f41b509360ff893ba fetched and parsed in 87.031292ms
[2m2025-12-10T10:08:24.482552Z[0m [34mDEBUG[0m [2methereum_transaction_pool_monitor::mempool_monitor[0m[2m:[0m 🔍 Skipping tx 0x3ffdb9ed0af650dbcfc5d5428796b86334e9a82d483ef81f41b509360ff893ba - not a DEX interaction (target: 0x941B5e4AcCd36AAb11c0Fef14e45FD9efcfB6396)
[2m2025-12-10T10:08:24.482560Z[0m [34mDEBUG[0m [2methereum_transaction_pool_monitor::mempool_monitor[0m[2m:[0m 📨 Processing new pending transaction: 0xbf2f988176aa80dd88ccd58375d79ed920af283e542e9c0b8be2349219c2829c
[2m2025-12-10T10:08:24.482565Z[0m [34mDEBUG[0m [2methereum_transaction_pool_monitor::mempool_monitor[0m[2m:[0m 🔍 Fetching transaction details for: 0xbf2f988176aa80dd88ccd58375d79ed920af283e542e9c0b8be2349219c2829c
[2m2025-12-10T10:08:24.482569Z[0m [34mDEBUG[0m [2methereum_transaction_pool_monitor::eth_client[0m[2m:[0m 🔍 Fetching transaction details for hash: 0xbf2f988176aa80dd88ccd58375d79ed920af283e542e9c0b8be2349219c2829c
[2m2025-12-10T10:08:24.482588Z[0m [34mDEBUG[0m [2mhyper::client::pool[0m[2m:[0m reuse idle connection for ("http", 192.168.0.14:8545)
[2m2025-12-10T10:08:24.482632Z[0m [34mDEBUG[0m [2mhyper::proto::h1::io[0m[2m:[0m flushed 250 bytes
[2m2025-12-10T10:08:24.486951Z[0m [34mDEBUG[0m [2mhyper::proto::h1::io[0m[2m:[0m parsed 4 headers
[2m2025-12-10T10:08:24.486967Z[0m [34mDEBUG[0m [2mhyper::proto::h1::conn[0m[2m:[0m incoming body is content-length (779 bytes)
[2m2025-12-10T10:08:24.486975Z[0m [34mDEBUG[0m [2mhyper::proto::h1::conn[0m[2m:[0m incoming body completed
[2m2025-12-10T10:08:24.486985Z[0m [34mDEBUG[0m [2mhyper::client::pool[0m[2m:[0m pooling idle connection for ("http", 192.168.0.14:8545)
[2m2025-12-10T10:08:24.486991Z[0m [34mDEBUG[0m [2methereum_transaction_pool_monitor::eth_client[0m[2m:[0m 📡 Transaction fetch RPC completed in 4.417584ms
[2m2025-12-10T10:08:24.567697Z[0m [34mDEBUG[0m [2methereum_transaction_pool_monitor::eth_client[0m[2m:[0m ✅ Transaction 0xbf2f988176aa80dd88ccd58375d79ed920af283e542e9c0b8be2349219c2829c fetched and parsed in 85.12ms
[2m2025-12-10T10:08:24.567722Z[0m [34mDEBUG[0m [2methereum_transaction_pool_monitor::mempool_monitor[0m[2m:[0m 🔍 Skipping tx 0xbf2f988176aa80dd88ccd58375d79ed920af283e542e9c0b8be2349219c2829c - not a DEX interaction (target: 0x41e5560054824eA6B0732E656E3Ad64E20e94E45)
[2m2025-12-10T10:08:24.567732Z[0m [34mDEBUG[0m [2methereum_transaction_pool_monitor::mempool_monitor[0m[2m:[0m 📨 Processing new pending transaction: 0x83346a0f9cd943416d45f19d2dcc1cd43c3cdce74211190c87f581b22e8c8bbf
[2m2025-12-10T10:08:24.567737Z[0m [34mDEBUG[0m [2methereum_transaction_pool_monitor::mempool_monitor[0m[2m:[0m 🔍 Fetching transaction details for: 0x83346a0f9cd943416d45f19d2dcc1cd43c3cdce74211190c87f581b22e8c8bbf
[2m2025-12-10T10:08:24.567743Z[0m [34mDEBUG[0m [2methereum_transaction_pool_monitor::eth_client[0m[2m:[0m 🔍 Fetching transaction details for hash: 0x83346a0f9cd943416d45f19d2dcc1cd43c3cdce74211190c87f581b22e8c8bbf
[2m2025-12-10T10:08:24.567763Z[0m [34mDEBUG[0m [2mhyper::client::pool[0m[2m:[0m reuse idle connection for ("http", 192.168.0.14:8545)
[2m2025-12-10T10:08:24.567813Z[0m [34mDEBUG[0m [2mhyper::proto::h1::io[0m[2m:[0m flushed 250 bytes
[2m2025-12-10T10:08:24.567834Z[0m [34mDEBUG[0m [2mhyper::client::pool[0m[2m:[0m reuse idle connection for ("http", 192.168.0.14:8545)
[2m2025-12-10T10:08:24.567850Z[0m [34mDEBUG[0m [2mhyper::proto::h1::io[0m[2m:[0m flushed 172 bytes
[2m2025-12-10T10:08:24.567883Z[0m [34mDEBUG[0m [2methereum_transaction_pool_monitor::eth_client[0m[2m:[0m 📨 Received WebSocket message: {"jsonrpc":"2.0","method":"eth_subscription","params":{"subscription":"0xbed0a0851463e895960a451075a301a9","result":"0xd951b85b0a73a641fdcfec39dda218a78ae1c238d6f106b2b11a160d6ac91c28"}}
[2m2025-12-10T10:08:24.567889Z[0m [34mDEBUG[0m [2methereum_transaction_pool_monitor::eth_client[0m[2m:[0m 📨 Received pending transaction: 0xd951b85b0a73a641fdcfec39dda218a78ae1c238d6f106b2b11a160d6ac91c28
[2m2025-12-10T10:08:24.567894Z[0m [34mDEBUG[0m [2methereum_transaction_pool_monitor::eth_client[0m[2m:[0m 📨 Received WebSocket message: {"jsonrpc":"2.0","method":"eth_subscription","params":{"subscription":"0xbed0a0851463e895960a451075a301a9","result":"0x3f38b1b98ad8c329874a6c1b4c400ae18f1cbdf755fa68a61dd2a94ddcf6e3b1"}}
[2m2025-12-10T10:08:24.567898Z[0m [34mDEBUG[0m [2methereum_transaction_pool_monitor::eth_client[0m[2m:[0m 📨 Received pending transaction: 0x3f38b1b98ad8c329874a6c1b4c400ae18f1cbdf755fa68a61dd2a94ddcf6e3b1
[2m2025-12-10T10:08:24.567902Z[0m [34mDEBUG[0m [2methereum_transaction_pool_monitor::eth_client[0m[2m:[0m 📨 Received WebSocket message: {"jsonrpc":"2.0","method":"eth_subscription","params":{"subscription":"0xbed0a0851463e895960a451075a301a9","result":"0x2ade7bec485d2ba95c7585508b1e9514f28733c124b8e2f5e8f8ce0f75688e3f"}}
[2m2025-12-10T10:08:24.567906Z[0m [34mDEBUG[0m [2methereum_transaction_pool_monitor::eth_client[0m[2m:[0m 📨 Received pending transaction: 0x2ade7bec485d2ba95c7585508b1e9514f28733c124b8e2f5e8f8ce0f75688e3f
[2m2025-12-10T10:08:24.575964Z[0m [34mDEBUG[0m [2mhyper::proto::h1::io[0m[2m:[0m parsed 4 headers
[2m2025-12-10T10:08:24.575992Z[0m [34mDEBUG[0m [2mhyper::proto::h1::conn[0m[2m:[0m incoming body is content-length (766 bytes)
[2m2025-12-10T10:08:24.576002Z[0m [34mDEBUG[0m [2mhyper::proto::h1::conn[0m[2m:[0m incoming body completed
[2m2025-12-10T10:08:24.576015Z[0m [34mDEBUG[0m [2mhyper::client::pool[0m[2m:[0m pooling idle connection for ("http", 192.168.0.14:8545)
[2m2025-12-10T10:08:24.576025Z[0m [34mDEBUG[0m [2methereum_transaction_pool_monitor::eth_client[0m[2m:[0m 📡 Transaction fetch RPC completed in 8.276541ms
[2m2025-12-10T10:08:24.672491Z[0m [34mDEBUG[0m [2methereum_transaction_pool_monitor::eth_client[0m[2m:[0m ✅ Transaction 0x83346a0f9cd943416d45f19d2dcc1cd43c3cdce74211190c87f581b22e8c8bbf fetched and parsed in 104.739166ms
[2m2025-12-10T10:08:24.672529Z[0m [34mDEBUG[0m [2methereum_transaction_pool_monitor::mempool_monitor[0m[2m:[0m 🔍 Skipping tx 0x83346a0f9cd943416d45f19d2dcc1cd43c3cdce74211190c87f581b22e8c8bbf - not a DEX interaction (target: 0xA0b86991c6218b36c1d19D4a2e9Eb0cE3606eB48)
[2m2025-12-10T10:08:24.672544Z[0m [34mDEBUG[0m [2methereum_transaction_pool_monitor::mempool_monitor[0m[2m:[0m 📨 Processing new pending transaction: 0xd951b85b0a73a641fdcfec39dda218a78ae1c238d6f106b2b11a160d6ac91c28
[2m2025-12-10T10:08:24.672552Z[0m [34mDEBUG[0m [2methereum_transaction_pool_monitor::mempool_monitor[0m[2m:[0m 🔍 Fetching transaction details for: 0xd951b85b0a73a641fdcfec39dda218a78ae1c238d6f106b2b11a160d6ac91c28
[2m2025-12-10T10:08:24.672558Z[0m [34mDEBUG[0m [2methereum_transaction_pool_monitor::eth_client[0m[2m:[0m 🔍 Fetching transaction details for hash: 0xd951b85b0a73a641fdcfec39dda218a78ae1c238d6f106b2b11a160d6ac91c28
[2m2025-12-10T10:08:24.672585Z[0m [34mDEBUG[0m [2mhyper::client::pool[0m[2m:[0m reuse idle connection for ("http", 192.168.0.14:8545)
[2m2025-12-10T10:08:24.672638Z[0m [34mDEBUG[0m [2mhyper::proto::h1::io[0m[2m:[0m flushed 250 bytes
[2m2025-12-10T10:08:24.672665Z[0m [34mDEBUG[0m [2mhyper::proto::h1::io[0m[2m:[0m parsed 4 headers
[2m2025-12-10T10:08:24.672671Z[0m [34mDEBUG[0m [2mhyper::proto::h1::conn[0m[2m:[0m incoming body is content-length (45 bytes)
[2m2025-12-10T10:08:24.672683Z[0m [34mDEBUG[0m [2mhyper::proto::h1::conn[0m[2m:[0m incoming body completed
[2m2025-12-10T10:08:24.672695Z[0m [34mDEBUG[0m [2mhyper::client::pool[0m[2m:[0m pooling idle connection for ("http", 192.168.0.14:8545)
[2m2025-12-10T10:08:24.672717Z[0m [34mDEBUG[0m [2mhyper::client::pool[0m[2m:[0m reuse idle connection for ("http", 192.168.0.14:8545)
[2m2025-12-10T10:08:24.672738Z[0m [34mDEBUG[0m [2mhyper::proto::h1::io[0m[2m:[0m flushed 172 bytes
[2m2025-12-10T10:08:24.677467Z[0m [34mDEBUG[0m [2mhyper::proto::h1::io[0m[2m:[0m parsed 4 headers
[2m2025-12-10T10:08:24.677482Z[0m [34mDEBUG[0m [2mhyper::proto::h1::conn[0m[2m:[0m incoming body is content-length (45 bytes)
[2m2025-12-10T10:08:24.677489Z[0m [34mDEBUG[0m [2mhyper::proto::h1::conn[0m[2m:[0m incoming body completed
[2m2025-12-10T10:08:24.677497Z[0m [34mDEBUG[0m [2mhyper::client::pool[0m[2m:[0m pooling idle connection for ("http", 192.168.0.14:8545)
[2m2025-12-10T10:08:24.679520Z[0m [34mDEBUG[0m [2mhyper::proto::h1::io[0m[2m:[0m parsed 4 headers
[2m2025-12-10T10:08:24.679528Z[0m [34mDEBUG[0m [2mhyper::proto::h1::conn[0m[2m:[0m incoming body is content-length (832 bytes)
[2m2025-12-10T10:08:24.679534Z[0m [34mDEBUG[0m [2mhyper::proto::h1::conn[0m[2m:[0m incoming body completed
[2m2025-12-10T10:08:24.679542Z[0m [34mDEBUG[0m [2mhyper::client::pool[0m[2m:[0m pooling idle connection for ("http", 192.168.0.14:8545)
[2m2025-12-10T10:08:24.679547Z[0m [34mDEBUG[0m [2methereum_transaction_pool_monitor::eth_client[0m[2m:[0m 📡 Transaction fetch RPC completed in 6.983833ms
[2m2025-12-10T10:08:24.751326Z[0m [34mDEBUG[0m [2methereum_transaction_pool_monitor::eth_client[0m[2m:[0m ✅ Transaction 0xd951b85b0a73a641fdcfec39dda218a78ae1c238d6f106b2b11a160d6ac91c28 fetched and parsed in 78.759958ms
[2m2025-12-10T10:08:24.751357Z[0m [34mDEBUG[0m [2methereum_transaction_pool_monitor::mempool_monitor[0m[2m:[0m 🔍 Skipping tx 0xd951b85b0a73a641fdcfec39dda218a78ae1c238d6f106b2b11a160d6ac91c28 - not a DEX interaction (target: 0x3B4D794a66304F130a4Db8F2551B0070dfCf5ca7)
[2m2025-12-10T10:08:24.751367Z[0m [34mDEBUG[0m [2methereum_transaction_pool_monitor::mempool_monitor[0m[2m:[0m 📨 Processing new pending transaction: 0x3f38b1b98ad8c329874a6c1b4c400ae18f1cbdf755fa68a61dd2a94ddcf6e3b1
[2m2025-12-10T10:08:24.751372Z[0m [34mDEBUG[0m [2methereum_transaction_pool_monitor::mempool_monitor[0m[2m:[0m 🔍 Fetching transaction details for: 0x3f38b1b98ad8c329874a6c1b4c400ae18f1cbdf755fa68a61dd2a94ddcf6e3b1
[2m2025-12-10T10:08:24.751378Z[0m [34mDEBUG[0m [2methereum_transaction_pool_monitor::eth_client[0m[2m:[0m 🔍 Fetching transaction details for hash: 0x3f38b1b98ad8c329874a6c1b4c400ae18f1cbdf755fa68a61dd2a94ddcf6e3b1
[2m2025-12-10T10:08:24.751400Z[0m [34mDEBUG[0m [2mhyper::client::pool[0m[2m:[0m reuse idle connection for ("http", 192.168.0.14:8545)
[2m2025-12-10T10:08:24.751461Z[0m [34mDEBUG[0m [2mhyper::proto::h1::io[0m[2m:[0m flushed 250 bytes
[2m2025-12-10T10:08:24.751488Z[0m [34mDEBUG[0m [2mhyper::client::pool[0m[2m:[0m reuse idle connection for ("http", 192.168.0.14:8545)
[2m2025-12-10T10:08:24.751503Z[0m [34mDEBUG[0m [2mhyper::proto::h1::io[0m[2m:[0m flushed 172 bytes
[2m2025-12-10T10:08:24.756293Z[0m [34mDEBUG[0m [2mhyper::proto::h1::io[0m[2m:[0m parsed 4 headers
[2m2025-12-10T10:08:24.756312Z[0m [34mDEBUG[0m [2mhyper::proto::h1::conn[0m[2m:[0m incoming body is content-length (45 bytes)
[2m2025-12-10T10:08:24.756325Z[0m [34mDEBUG[0m [2mhyper::proto::h1::conn[0m[2m:[0m incoming body completed
[2m2025-12-10T10:08:24.756336Z[0m [34mDEBUG[0m [2mhyper::client::pool[0m[2m:[0m pooling idle connection for ("http", 192.168.0.14:8545)
[2m2025-12-10T10:08:24.761446Z[0m [34mDEBUG[0m [2mhyper::proto::h1::io[0m[2m:[0m parsed 4 headers
[2m2025-12-10T10:08:24.761457Z[0m [34mDEBUG[0m [2mhyper::proto::h1::conn[0m[2m:[0m incoming body is content-length (645 bytes)
[2m2025-12-10T10:08:24.761464Z[0m [34mDEBUG[0m [2mhyper::proto::h1::conn[0m[2m:[0m incoming body completed
[2m2025-12-10T10:08:24.761472Z[0m [34mDEBUG[0m [2mhyper::client::pool[0m[2m:[0m pooling idle connection for ("http", 192.168.0.14:8545)
[2m2025-12-10T10:08:24.761479Z[0m [34mDEBUG[0m [2methereum_transaction_pool_monitor::eth_client[0m[2m:[0m 📡 Transaction fetch RPC completed in 10.095208ms
[2m2025-12-10T10:08:24.833498Z[0m [34mDEBUG[0m [2methereum_transaction_pool_monitor::eth_client[0m[2m:[0m ✅ Transaction 0x3f38b1b98ad8c329874a6c1b4c400ae18f1cbdf755fa68a61dd2a94ddcf6e3b1 fetched and parsed in 82.111583ms
[2m2025-12-10T10:08:24.833535Z[0m [34mDEBUG[0m [2methereum_transaction_pool_monitor::mempool_monitor[0m[2m:[0m 🔍 Skipping tx 0x3f38b1b98ad8c329874a6c1b4c400ae18f1cbdf755fa68a61dd2a94ddcf6e3b1 - not a DEX interaction (target: 0x680291A0E991D30D94E91629BEA75e1662078605)
[2m2025-12-10T10:08:24.833548Z[0m [34mDEBUG[0m [2methereum_transaction_pool_monitor::mempool_monitor[0m[2m:[0m 📨 Processing new pending transaction: 0x2ade7bec485d2ba95c7585508b1e9514f28733c124b8e2f5e8f8ce0f75688e3f
[2m2025-12-10T10:08:24.833553Z[0m [34mDEBUG[0m [2methereum_transaction_pool_monitor::mempool_monitor[0m[2m:[0m 🔍 Fetching transaction details for: 0x2ade7bec485d2ba95c7585508b1e9514f28733c124b8e2f5e8f8ce0f75688e3f
[2m2025-12-10T10:08:24.833558Z[0m [34mDEBUG[0m [2methereum_transaction_pool_monitor::eth_client[0m[2m:[0m 🔍 Fetching transaction details for hash: 0x2ade7bec485d2ba95c7585508b1e9514f28733c124b8e2f5e8f8ce0f75688e3f
[2m2025-12-10T10:08:24.833580Z[0m [34mDEBUG[0m [2mhyper::client::pool[0m[2m:[0m reuse idle connection for ("http", 192.168.0.14:8545)
[2m2025-12-10T10:08:24.833654Z[0m [34mDEBUG[0m [2mhyper::proto::h1::io[0m[2m:[0m flushed 250 bytes
[2m2025-12-10T10:08:24.833685Z[0m [34mDEBUG[0m [2mhyper::client::pool[0m[2m:[0m reuse idle connection for ("http", 192.168.0.14:8545)
[2m2025-12-10T10:08:24.833703Z[0m [34mDEBUG[0m [2mhyper::proto::h1::io[0m[2m:[0m flushed 172 bytes
[2m2025-12-10T10:08:24.837509Z[0m [34mDEBUG[0m [2mhyper::proto::h1::io[0m[2m:[0m parsed 4 headers
[2m2025-12-10T10:08:24.837520Z[0m [34mDEBUG[0m [2mhyper::proto::h1::conn[0m[2m:[0m incoming body is content-length (767 bytes)
[2m2025-12-10T10:08:24.837527Z[0m [34mDEBUG[0m [2mhyper::proto::h1::conn[0m[2m:[0m incoming body completed
[2m2025-12-10T10:08:24.837536Z[0m [34mDEBUG[0m [2mhyper::client::pool[0m[2m:[0m pooling idle connection for ("http", 192.168.0.14:8545)
[2m2025-12-10T10:08:24.837543Z[0m [34mDEBUG[0m [2methereum_transaction_pool_monitor::eth_client[0m[2m:[0m 📡 Transaction fetch RPC completed in 3.981375ms
[2m2025-12-10T10:08:24.837561Z[0m [34mDEBUG[0m [2methereum_transaction_pool_monitor::eth_client[0m[2m:[0m DeFi transaction detected - Address: 0xdac17f958d2ee523a2206206994597c13d831ec7, Type: Stablecoin, Value: 0 ETH, Gas: 0.31 Gwei
[2m2025-12-10T10:08:24.837573Z[0m [34mDEBUG[0m [2methereum_transaction_pool_monitor::eth_client[0m[2m:[0m ✅ Transaction 0x2ade7bec485d2ba95c7585508b1e9514f28733c124b8e2f5e8f8ce0f75688e3f fetched and parsed in 4.011542ms
[2m2025-12-10T10:08:24.837578Z[0m [34mDEBUG[0m [2methereum_transaction_pool_monitor::mempool_monitor[0m[2m:[0m 🔍 Skipping tx 0x2ade7bec485d2ba95c7585508b1e9514f28733c124b8e2f5e8f8ce0f75688e3f - not a DEX interaction (target: 0xdAC17F958D2ee523a2206206994597C13D831ec7)
[2m2025-12-10T10:08:24.837589Z[0m [34mDEBUG[0m [2mhyper::proto::h1::io[0m[2m:[0m parsed 4 headers
[2m2025-12-10T10:08:24.837592Z[0m [34mDEBUG[0m [2mhyper::proto::h1::conn[0m[2m:[0m incoming body is content-length (45 bytes)
[2m2025-12-10T10:08:24.837596Z[0m [34mDEBUG[0m [2mhyper::proto::h1::conn[0m[2m:[0m incoming body completed
[2m2025-12-10T10:08:24.837600Z[0m [34mDEBUG[0m [2mhyper::client::pool[0m[2m:[0m pooling idle connection for ("http", 192.168.0.14:8545)
[2m2025-12-10T10:08:24.896657Z[0m [34mDEBUG[0m [2mhyper::client::pool[0m[2m:[0m reuse idle connection for ("http", 192.168.0.14:8545)
[2m2025-12-10T10:08:24.896703Z[0m [34mDEBUG[0m [2mhyper::proto::h1::io[0m[2m:[0m flushed 172 bytes
[2m2025-12-10T10:08:24.900958Z[0m [34mDEBUG[0m [2mhyper::proto::h1::io[0m[2m:[0m parsed 4 headers
[2m2025-12-10T10:08:24.900966Z[0m [34mDEBUG[0m [2mhyper::proto::h1::conn[0m[2m:[0m incoming body is content-length (45 bytes)
[2m2025-12-10T10:08:24.900976Z[0m [34mDEBUG[0m [2mhyper::proto::h1::conn[0m[2m:[0m incoming body completed
[2m2025-12-10T10:08:24.900989Z[0m [34mDEBUG[0m [2mhyper::client::pool[0m[2m:[0m pooling idle connection for ("http", 192.168.0.14:8545)
[2m2025-12-10T10:08:24.995987Z[0m [34mDEBUG[0m [2mhyper::client::pool[0m[2m:[0m reuse idle connection for ("http", 192.168.0.14:8545)
[2m2025-12-10T10:08:24.995990Z[0m [34mDEBUG[0m [2methereum_transaction_pool_monitor::eth_client[0m[2m:[0m 📨 Received WebSocket message: {"jsonrpc":"2.0","method":"eth_subscription","params":{"subscription":"0xbed0a0851463e895960a451075a301a9","result":"0x2e20d089afd7157ff335949127606cf03eaf4ad2ed08fa302e1afbcb10eb6bd6"}}
[2m2025-12-10T10:08:24.996034Z[0m [34mDEBUG[0m [2methereum_transaction_pool_monitor::eth_client[0m[2m:[0m 📨 Received pending transaction: 0x2e20d089afd7157ff335949127606cf03eaf4ad2ed08fa302e1afbcb10eb6bd6
[2m2025-12-10T10:08:24.996047Z[0m [34mDEBUG[0m [2methereum_transaction_pool_monitor::mempool_monitor[0m[2m:[0m 📨 Processing new pending transaction: 0x2e20d089afd7157ff335949127606cf03eaf4ad2ed08fa302e1afbcb10eb6bd6
[2m2025-12-10T10:08:24.996048Z[0m [34mDEBUG[0m [2mhyper::proto::h1::io[0m[2m:[0m flushed 172 bytes
[2m2025-12-10T10:08:24.996056Z[0m [34mDEBUG[0m [2methereum_transaction_pool_monitor::mempool_monitor[0m[2m:[0m 🔍 Fetching transaction details for: 0x2e20d089afd7157ff335949127606cf03eaf4ad2ed08fa302e1afbcb10eb6bd6
[2m2025-12-10T10:08:24.996071Z[0m [34mDEBUG[0m [2methereum_transaction_pool_monitor::eth_client[0m[2m:[0m 🔍 Fetching transaction details for hash: 0x2e20d089afd7157ff335949127606cf03eaf4ad2ed08fa302e1afbcb10eb6bd6
[2m2025-12-10T10:08:24.996088Z[0m [34mDEBUG[0m [2mhyper::client::pool[0m[2m:[0m reuse idle connection for ("http", 192.168.0.14:8545)
[2m2025-12-10T10:08:24.996110Z[0m [34mDEBUG[0m [2mhyper::proto::h1::io[0m[2m:[0m flushed 250 bytes
[2m2025-12-10T10:08:24.999971Z[0m [34mDEBUG[0m [2mhyper::proto::h1::io[0m[2m:[0m parsed 4 headers
[2m2025-12-10T10:08:24.999984Z[0m [34mDEBUG[0m [2mhyper::proto::h1::conn[0m[2m:[0m incoming body is content-length (45 bytes)
[2m2025-12-10T10:08:24.999996Z[0m [34mDEBUG[0m [2mhyper::proto::h1::conn[0m[2m:[0m incoming body completed
[2m2025-12-10T10:08:25.000008Z[0m [34mDEBUG[0m [2mhyper::client::pool[0m[2m:[0m pooling idle connection for ("http", 192.168.0.14:8545)
[2m2025-12-10T10:08:25.001319Z[0m [34mDEBUG[0m [2mhyper::proto::h1::io[0m[2m:[0m parsed 4 headers
[2m2025-12-10T10:08:25.001334Z[0m [34mDEBUG[0m [2mhyper::proto::h1::conn[0m[2m:[0m incoming body is content-length (832 bytes)
[2m2025-12-10T10:08:25.001347Z[0m [34mDEBUG[0m [2mhyper::proto::h1::conn[0m[2m:[0m incoming body completed
[2m2025-12-10T10:08:25.001359Z[0m [34mDEBUG[0m [2mhyper::client::pool[0m[2m:[0m pooling idle connection for ("http", 192.168.0.14:8545)
[2m2025-12-10T10:08:25.001370Z[0m [34mDEBUG[0m [2methereum_transaction_pool_monitor::eth_client[0m[2m:[0m 📡 Transaction fetch RPC completed in 5.293166ms
[2m2025-12-10T10:08:25.125274Z[0m [34mDEBUG[0m [2methereum_transaction_pool_monitor::eth_client[0m[2m:[0m ✅ Transaction 0x2e20d089afd7157ff335949127606cf03eaf4ad2ed08fa302e1afbcb10eb6bd6 fetched and parsed in 129.194416ms
[2m2025-12-10T10:08:25.125306Z[0m [34mDEBUG[0m [2methereum_transaction_pool_monitor::mempool_monitor[0m[2m:[0m 🔍 Skipping tx 0x2e20d089afd7157ff335949127606cf03eaf4ad2ed08fa302e1afbcb10eb6bd6 - not a DEX interaction (target: 0x3B4D794a66304F130a4Db8F2551B0070dfCf5ca7)
[2m2025-12-10T10:08:25.125349Z[0m [34mDEBUG[0m [2mhyper::client::pool[0m[2m:[0m reuse idle connection for ("http", 192.168.0.14:8545)
[2m2025-12-10T10:08:25.125381Z[0m [34mDEBUG[0m [2mhyper::proto::h1::io[0m[2m:[0m flushed 172 bytes
[2m2025-12-10T10:08:25.125423Z[0m [34mDEBUG[0m [2methereum_transaction_pool_monitor::eth_client[0m[2m:[0m 📨 Received WebSocket message: {"jsonrpc":"2.0","method":"eth_subscription","params":{"subscription":"0xbed0a0851463e895960a451075a301a9","result":"0x6baa51effe94e5d9d5c4e1e73bd36e55fbb6038e3673941f19b5daf01cb145df"}}
[2m2025-12-10T10:08:25.125436Z[0m [34mDEBUG[0m [2methereum_transaction_pool_monitor::eth_client[0m[2m:[0m 📨 Received pending transaction: 0x6baa51effe94e5d9d5c4e1e73bd36e55fbb6038e3673941f19b5daf01cb145df
[2m2025-12-10T10:08:25.125443Z[0m [34mDEBUG[0m [2methereum_transaction_pool_monitor::mempool_monitor[0m[2m:[0m 📨 Processing new pending transaction: 0x6baa51effe94e5d9d5c4e1e73bd36e55fbb6038e3673941f19b5daf01cb145df
[2m2025-12-10T10:08:25.125447Z[0m [34mDEBUG[0m [2methereum_transaction_pool_monitor::mempool_monitor[0m[2m:[0m 🔍 Fetching transaction details for: 0x6baa51effe94e5d9d5c4e1e73bd36e55fbb6038e3673941f19b5daf01cb145df
[2m2025-12-10T10:08:25.125451Z[0m [34mDEBUG[0m [2methereum_transaction_pool_monitor::eth_client[0m[2m:[0m 🔍 Fetching transaction details for hash: 0x6baa51effe94e5d9d5c4e1e73bd36e55fbb6038e3673941f19b5daf01cb145df
[2m2025-12-10T10:08:25.125462Z[0m [34mDEBUG[0m [2mhyper::client::pool[0m[2m:[0m reuse idle connection for ("http", 192.168.0.14:8545)
[2m2025-12-10T10:08:25.125479Z[0m [34mDEBUG[0m [2mhyper::proto::h1::io[0m[2m:[0m flushed 250 bytes
[2m2025-12-10T10:08:25.128575Z[0m [34mDEBUG[0m [2mhyper::proto::h1::io[0m[2m:[0m parsed 4 headers
[2m2025-12-10T10:08:25.128607Z[0m [34mDEBUG[0m [2mhyper::proto::h1::conn[0m[2m:[0m incoming body is content-length (45 bytes)
[2m2025-12-10T10:08:25.128622Z[0m [34mDEBUG[0m [2mhyper::proto::h1::conn[0m[2m:[0m incoming body completed
[2m2025-12-10T10:08:25.128641Z[0m [34mDEBUG[0m [2mhyper::client::pool[0m[2m:[0m pooling idle connection for ("http", 192.168.0.14:8545)
[2m2025-12-10T10:08:25.135153Z[0m [34mDEBUG[0m [2mhyper::proto::h1::io[0m[2m:[0m parsed 4 headers
[2m2025-12-10T10:08:25.135160Z[0m [34mDEBUG[0m [2mhyper::proto::h1::conn[0m[2m:[0m incoming body is content-length (676 bytes)
[2m2025-12-10T10:08:25.135165Z[0m [34mDEBUG[0m [2mhyper::proto::h1::conn[0m[2m:[0m incoming body completed
[2m2025-12-10T10:08:25.135171Z[0m [34mDEBUG[0m [2mhyper::client::pool[0m[2m:[0m pooling idle connection for ("http", 192.168.0.14:8545)
[2m2025-12-10T10:08:25.135175Z[0m [34mDEBUG[0m [2methereum_transaction_pool_monitor::eth_client[0m[2m:[0m 📡 Transaction fetch RPC completed in 9.721ms
[2m2025-12-10T10:08:25.205274Z[0m [34mDEBUG[0m [2methereum_transaction_pool_monitor::eth_client[0m[2m:[0m ✅ Transaction 0x6baa51effe94e5d9d5c4e1e73bd36e55fbb6038e3673941f19b5daf01cb145df fetched and parsed in 79.8175ms
[2m2025-12-10T10:08:25.205302Z[0m [34mDEBUG[0m [2methereum_transaction_pool_monitor::mempool_monitor[0m[2m:[0m 🔍 Skipping tx 0x6baa51effe94e5d9d5c4e1e73bd36e55fbb6038e3673941f19b5daf01cb145df - not a DEX interaction (target: 0xA0b86991c6218b36c1d19D4a2e9Eb0cE3606eB48)
[2m2025-12-10T10:08:25.205346Z[0m [34mDEBUG[0m [2mhyper::client::pool[0m[2m:[0m reuse idle connection for ("http", 192.168.0.14:8545)
[2m2025-12-10T10:08:25.205374Z[0m [34mDEBUG[0m [2mhyper::proto::h1::io[0m[2m:[0m flushed 172 bytes
[2m2025-12-10T10:08:25.205385Z[0m [34mDEBUG[0m [2methereum_transaction_pool_monitor::eth_client[0m[2m:[0m 📨 Received WebSocket message: {"jsonrpc":"2.0","method":"eth_subscription","params":{"subscription":"0xbed0a0851463e895960a451075a301a9","result":"0x284784978c79a13d9f35edb8499652915da616eafba6743b165f45fe929afc3e"}}
[2m2025-12-10T10:08:25.205396Z[0m [34mDEBUG[0m [2methereum_transaction_pool_monitor::eth_client[0m[2m:[0m 📨 Received pending transaction: 0x284784978c79a13d9f35edb8499652915da616eafba6743b165f45fe929afc3e
[2m2025-12-10T10:08:25.205405Z[0m [34mDEBUG[0m [2methereum_transaction_pool_monitor::mempool_monitor[0m[2m:[0m 📨 Processing new pending transaction: 0x284784978c79a13d9f35edb8499652915da616eafba6743b165f45fe929afc3e
[2m2025-12-10T10:08:25.205410Z[0m [34mDEBUG[0m [2methereum_transaction_pool_monitor::mempool_monitor[0m[2m:[0m 🔍 Fetching transaction details for: 0x284784978c79a13d9f35edb8499652915da616eafba6743b165f45fe929afc3e
[2m2025-12-10T10:08:25.205413Z[0m [34mDEBUG[0m [2methereum_transaction_pool_monitor::eth_client[0m[2m:[0m 🔍 Fetching transaction details for hash: 0x284784978c79a13d9f35edb8499652915da616eafba6743b165f45fe929afc3e
[2m2025-12-10T10:08:25.205424Z[0m [34mDEBUG[0m [2mhyper::client::pool[0m[2m:[0m reuse idle connection for ("http", 192.168.0.14:8545)
[2m2025-12-10T10:08:25.205443Z[0m [34mDEBUG[0m [2mhyper::proto::h1::io[0m[2m:[0m flushed 250 bytes
[2m2025-12-10T10:08:25.213944Z[0m [34mDEBUG[0m [2mhyper::proto::h1::io[0m[2m:[0m parsed 4 headers
[2m2025-12-10T10:08:25.213952Z[0m [34mDEBUG[0m [2mhyper::proto::h1::conn[0m[2m:[0m incoming body is content-length (45 bytes)
[2m2025-12-10T10:08:25.213966Z[0m [34mDEBUG[0m [2mhyper::proto::h1::conn[0m[2m:[0m incoming body completed
[2m2025-12-10T10:08:25.213977Z[0m [34mDEBUG[0m [2mhyper::client::pool[0m[2m:[0m pooling idle connection for ("http", 192.168.0.14:8545)
[2m2025-12-10T10:08:25.213995Z[0m [34mDEBUG[0m [2mhyper::proto::h1::io[0m[2m:[0m parsed 4 headers
[2m2025-12-10T10:08:25.213998Z[0m [34mDEBUG[0m [2mhyper::proto::h1::conn[0m[2m:[0m incoming body is content-length (550 bytes)
[2m2025-12-10T10:08:25.214002Z[0m [34mDEBUG[0m [2mhyper::proto::h1::conn[0m[2m:[0m incoming body completed
[2m2025-12-10T10:08:25.214006Z[0m [34mDEBUG[0m [2mhyper::client::pool[0m[2m:[0m pooling idle connection for ("http", 192.168.0.14:8545)
[2m2025-12-10T10:08:25.214011Z[0m [34mDEBUG[0m [2methereum_transaction_pool_monitor::eth_client[0m[2m:[0m 📡 Transaction fetch RPC completed in 8.593958ms
[2m2025-12-10T10:08:25.284903Z[0m [34mDEBUG[0m [2methereum_transaction_pool_monitor::eth_client[0m[2m:[0m ✅ Transaction 0x284784978c79a13d9f35edb8499652915da616eafba6743b165f45fe929afc3e fetched and parsed in 79.483375ms
[2m2025-12-10T10:08:25.284931Z[0m [34mDEBUG[0m [2methereum_transaction_pool_monitor::mempool_monitor[0m[2m:[0m 🔍 Skipping tx 0x284784978c79a13d9f35edb8499652915da616eafba6743b165f45fe929afc3e - not a DEX interaction (target: 0xFd4fC9Db7Dba46B1Bd0C5e325831f8d43DCEF8f5)
[2m2025-12-10T10:08:25.296973Z[0m [34mDEBUG[0m [2mhyper::client::pool[0m[2m:[0m reuse idle connection for ("http", 192.168.0.14:8545)
[2m2025-12-10T10:08:25.297038Z[0m [34mDEBUG[0m [2mhyper::proto::h1::io[0m[2m:[0m flushed 172 bytes
[2m2025-12-10T10:08:25.305118Z[0m [34mDEBUG[0m [2mhyper::proto::h1::io[0m[2m:[0m parsed 4 headers
[2m2025-12-10T10:08:25.305129Z[0m [34mDEBUG[0m [2mhyper::proto::h1::conn[0m[2m:[0m incoming body is content-length (45 bytes)
[2m2025-12-10T10:08:25.305136Z[0m [34mDEBUG[0m [2mhyper::proto::h1::conn[0m[2m:[0m incoming body completed
[2m2025-12-10T10:08:25.305144Z[0m [34mDEBUG[0m [2mhyper::client::pool[0m[2m:[0m pooling idle connection for ("http", 192.168.0.14:8545)
[2m2025-12-10T10:08:25.337180Z[0m [34mDEBUG[0m [2methereum_transaction_pool_monitor::eth_client[0m[2m:[0m 📨 Received WebSocket message: {"jsonrpc":"2.0","method":"eth_subscription","params":{"subscription":"0xbed0a0851463e895960a451075a301a9","result":"0x245e538ff607e1d8e1418f9ac091dcf68556f8bc1bceb46e2fba7f2c2656769a"}}
[2m2025-12-10T10:08:25.337193Z[0m [34mDEBUG[0m [2methereum_transaction_pool_monitor::eth_client[0m[2m:[0m 📨 Received pending transaction: 0x245e538ff607e1d8e1418f9ac091dcf68556f8bc1bceb46e2fba7f2c2656769a
[2m2025-12-10T10:08:25.337200Z[0m [34mDEBUG[0m [2methereum_transaction_pool_monitor::mempool_monitor[0m[2m:[0m 📨 Processing new pending transaction: 0x245e538ff607e1d8e1418f9ac091dcf68556f8bc1bceb46e2fba7f2c2656769a
[2m2025-12-10T10:08:25.337204Z[0m [34mDEBUG[0m [2methereum_transaction_pool_monitor::mempool_monitor[0m[2m:[0m 🔍 Fetching transaction details for: 0x245e538ff607e1d8e1418f9ac091dcf68556f8bc1bceb46e2fba7f2c2656769a
[2m2025-12-10T10:08:25.337208Z[0m [34mDEBUG[0m [2methereum_transaction_pool_monitor::eth_client[0m[2m:[0m 🔍 Fetching transaction details for hash: 0x245e538ff607e1d8e1418f9ac091dcf68556f8bc1bceb46e2fba7f2c2656769a
[2m2025-12-10T10:08:25.337226Z[0m [34mDEBUG[0m [2mhyper::client::pool[0m[2m:[0m reuse idle connection for ("http", 192.168.0.14:8545)
[2m2025-12-10T10:08:25.337245Z[0m [34mDEBUG[0m [2mhyper::proto::h1::io[0m[2m:[0m flushed 250 bytes
[2m2025-12-10T10:08:25.343704Z[0m [34mDEBUG[0m [2mhyper::proto::h1::io[0m[2m:[0m parsed 4 headers
[2m2025-12-10T10:08:25.343716Z[0m [34mDEBUG[0m [2mhyper::proto::h1::conn[0m[2m:[0m incoming body is content-length (774 bytes)
[2m2025-12-10T10:08:25.343727Z[0m [34mDEBUG[0m [2mhyper::proto::h1::conn[0m[2m:[0m incoming body completed
[2m2025-12-10T10:08:25.343739Z[0m [34mDEBUG[0m [2mhyper::client::pool[0m[2m:[0m pooling idle connection for ("http", 192.168.0.14:8545)
[2m2025-12-10T10:08:25.343745Z[0m [34mDEBUG[0m [2methereum_transaction_pool_monitor::eth_client[0m[2m:[0m 📡 Transaction fetch RPC completed in 6.533292ms
[2m2025-12-10T10:08:25.343761Z[0m [34mDEBUG[0m [2methereum_transaction_pool_monitor::eth_client[0m[2m:[0m DeFi transaction detected - Address: 0xdac17f958d2ee523a2206206994597c13d831ec7, Type: Stablecoin, Value: 0 ETH, Gas: 2.23 Gwei
[2m2025-12-10T10:08:25.343774Z[0m [34mDEBUG[0m [2methereum_transaction_pool_monitor::eth_client[0m[2m:[0m ✅ Transaction 0x245e538ff607e1d8e1418f9ac091dcf68556f8bc1bceb46e2fba7f2c2656769a fetched and parsed in 6.562ms
[2m2025-12-10T10:08:25.343780Z[0m [34mDEBUG[0m [2methereum_transaction_pool_monitor::mempool_monitor[0m[2m:[0m 🔍 Skipping tx 0x245e538ff607e1d8e1418f9ac091dcf68556f8bc1bceb46e2fba7f2c2656769a - not a DEX interaction (target: 0xdAC17F958D2ee523a2206206994597C13D831ec7)
[2m2025-12-10T10:08:25.396215Z[0m [34mDEBUG[0m [2mhyper::client::pool[0m[2m:[0m reuse idle connection for ("http", 192.168.0.14:8545)
[2m2025-12-10T10:08:25.396268Z[0m [34mDEBUG[0m [2mhyper::proto::h1::io[0m[2m:[0m flushed 172 bytes
[2m2025-12-10T10:08:25.401585Z[0m [34mDEBUG[0m [2methereum_transaction_pool_monitor::eth_client[0m[2m:[0m 📨 Received WebSocket message: {"jsonrpc":"2.0","method":"eth_subscription","params":{"subscription":"0xbed0a0851463e895960a451075a301a9","result":"0xe07d79095a3397cb3698aec42c28dec210c435492585438a3a16dc3530a8bdb8"}}
[2m2025-12-10T10:08:25.401610Z[0m [34mDEBUG[0m [2methereum_transaction_pool_monitor::eth_client[0m[2m:[0m 📨 Received pending transaction: 0xe07d79095a3397cb3698aec42c28dec210c435492585438a3a16dc3530a8bdb8
[2m2025-12-10T10:08:25.401622Z[0m [34mDEBUG[0m [2methereum_transaction_pool_monitor::mempool_monitor[0m[2m:[0m 📨 Processing new pending transaction: 0xe07d79095a3397cb3698aec42c28dec210c435492585438a3a16dc3530a8bdb8
[2m2025-12-10T10:08:25.401638Z[0m [34mDEBUG[0m [2methereum_transaction_pool_monitor::mempool_monitor[0m[2m:[0m 🔍 Fetching transaction details for: 0xe07d79095a3397cb3698aec42c28dec210c435492585438a3a16dc3530a8bdb8
[2m2025-12-10T10:08:25.401643Z[0m [34mDEBUG[0m [2methereum_transaction_pool_monitor::eth_client[0m[2m:[0m 🔍 Fetching transaction details for hash: 0xe07d79095a3397cb3698aec42c28dec210c435492585438a3a16dc3530a8bdb8
[2m2025-12-10T10:08:25.401656Z[0m [34mDEBUG[0m [2mhyper::client::pool[0m[2m:[0m reuse idle connection for ("http", 192.168.0.14:8545)
[2m2025-12-10T10:08:25.401674Z[0m [34mDEBUG[0m [2mhyper::proto::h1::io[0m[2m:[0m flushed 250 bytes
[2m2025-12-10T10:08:25.402185Z[0m [34mDEBUG[0m [2mhyper::proto::h1::io[0m[2m:[0m parsed 4 headers
[2m2025-12-10T10:08:25.402191Z[0m [34mDEBUG[0m [2mhyper::proto::h1::conn[0m[2m:[0m incoming body is content-length (45 bytes)
[2m2025-12-10T10:08:25.402205Z[0m [34mDEBUG[0m [2mhyper::proto::h1::conn[0m[2m:[0m incoming body completed
[2m2025-12-10T10:08:25.402215Z[0m [34mDEBUG[0m [2mhyper::client::pool[0m[2m:[0m pooling idle connection for ("http", 192.168.0.14:8545)
[2m2025-12-10T10:08:25.412152Z[0m [34mDEBUG[0m [2mhyper::proto::h1::io[0m[2m:[0m parsed 4 headers
[2m2025-12-10T10:08:25.412161Z[0m [34mDEBUG[0m [2mhyper::proto::h1::conn[0m[2m:[0m incoming body is content-length (4743 bytes)
[2m2025-12-10T10:08:25.412169Z[0m [34mDEBUG[0m [2mhyper::proto::h1::conn[0m[2m:[0m incoming body completed
[2m2025-12-10T10:08:25.412177Z[0m [34mDEBUG[0m [2mhyper::client::pool[0m[2m:[0m pooling idle connection for ("http", 192.168.0.14:8545)
[2m2025-12-10T10:08:25.412187Z[0m [34mDEBUG[0m [2methereum_transaction_pool_monitor::eth_client[0m[2m:[0m 📡 Transaction fetch RPC completed in 10.538625ms
[2m2025-12-10T10:08:25.532742Z[0m [34mDEBUG[0m [2methereum_transaction_pool_monitor::eth_client[0m[2m:[0m ✅ Transaction 0xe07d79095a3397cb3698aec42c28dec210c435492585438a3a16dc3530a8bdb8 fetched and parsed in 131.090125ms
[2m2025-12-10T10:08:25.532773Z[0m [34mDEBUG[0m [2methereum_transaction_pool_monitor::mempool_monitor[0m[2m:[0m 🔍 Skipping tx 0xe07d79095a3397cb3698aec42c28dec210c435492585438a3a16dc3530a8bdb8 - not a DEX interaction (target: 0xC497058d572D188bFcE1B9813E7D346C54A20812)
[2m2025-12-10T10:08:25.532826Z[0m [34mDEBUG[0m [2mhyper::client::pool[0m[2m:[0m reuse idle connection for ("http", 192.168.0.14:8545)
[2m2025-12-10T10:08:25.532887Z[0m [34mDEBUG[0m [2mhyper::proto::h1::io[0m[2m:[0m flushed 172 bytes
[2m2025-12-10T10:08:25.537337Z[0m [34mDEBUG[0m [2mhyper::proto::h1::io[0m[2m:[0m parsed 4 headers
[2m2025-12-10T10:08:25.537435Z[0m [34mDEBUG[0m [2mhyper::proto::h1::conn[0m[2m:[0m incoming body is content-length (45 bytes)
[2m2025-12-10T10:08:25.537445Z[0m [34mDEBUG[0m [2mhyper::proto::h1::conn[0m[2m:[0m incoming body completed
[2m2025-12-10T10:08:25.537458Z[0m [34mDEBUG[0m [2mhyper::client::pool[0m[2m:[0m pooling idle connection for ("http", 192.168.0.14:8545)
[2m2025-12-10T10:08:25.595584Z[0m [34mDEBUG[0m [2mhyper::client::pool[0m[2m:[0m reuse idle connection for ("http", 192.168.0.14:8545)
[2m2025-12-10T10:08:25.595649Z[0m [34mDEBUG[0m [2mhyper::proto::h1::io[0m[2m:[0m flushed 172 bytes
[2m2025-12-10T10:08:25.601152Z[0m [34mDEBUG[0m [2mhyper::proto::h1::io[0m[2m:[0m parsed 4 headers
[2m2025-12-10T10:08:25.601179Z[0m [34mDEBUG[0m [2mhyper::proto::h1::conn[0m[2m:[0m incoming body is content-length (45 bytes)
[2m2025-12-10T10:08:25.601195Z[0m [34mDEBUG[0m [2mhyper::proto::h1::conn[0m[2m:[0m incoming body completed
[2m2025-12-10T10:08:25.601218Z[0m [34mDEBUG[0m [2mhyper::client::pool[0m[2m:[0m pooling idle connection for ("http", 192.168.0.14:8545)
[2m2025-12-10T10:08:25.630246Z[0m [34mDEBUG[0m [2methereum_transaction_pool_monitor::eth_client[0m[2m:[0m 📨 Received WebSocket message: {"jsonrpc":"2.0","method":"eth_subscription","params":{"subscription":"0xbed0a0851463e895960a451075a301a9","result":"0xdc0fd283403b3bbb51886058c1ef73127b7fda940979d5f206f19d5f9d60abc6"}}
[2m2025-12-10T10:08:25.630263Z[0m [34mDEBUG[0m [2methereum_transaction_pool_monitor::eth_client[0m[2m:[0m 📨 Received pending transaction: 0xdc0fd283403b3bbb51886058c1ef73127b7fda940979d5f206f19d5f9d60abc6
[2m2025-12-10T10:08:25.630276Z[0m [34mDEBUG[0m [2methereum_transaction_pool_monitor::mempool_monitor[0m[2m:[0m 📨 Processing new pending transaction: 0xdc0fd283403b3bbb51886058c1ef73127b7fda940979d5f206f19d5f9d60abc6
[2m2025-12-10T10:08:25.630281Z[0m [34mDEBUG[0m [2methereum_transaction_pool_monitor::mempool_monitor[0m[2m:[0m 🔍 Fetching transaction details for: 0xdc0fd283403b3bbb51886058c1ef73127b7fda940979d5f206f19d5f9d60abc6
[2m2025-12-10T10:08:25.630286Z[0m [34mDEBUG[0m [2methereum_transaction_pool_monitor::eth_client[0m[2m:[0m 🔍 Fetching transaction details for hash: 0xdc0fd283403b3bbb51886058c1ef73127b7fda940979d5f206f19d5f9d60abc6
[2m2025-12-10T10:08:25.630304Z[0m [34mDEBUG[0m [2mhyper::client::pool[0m[2m:[0m reuse idle connection for ("http", 192.168.0.14:8545)
[2m2025-12-10T10:08:25.630326Z[0m [34mDEBUG[0m [2mhyper::proto::h1::io[0m[2m:[0m flushed 250 bytes
[2m2025-12-10T10:08:25.635267Z[0m [34mDEBUG[0m [2mhyper::proto::h1::io[0m[2m:[0m parsed 4 headers
[2m2025-12-10T10:08:25.635291Z[0m [34mDEBUG[0m [2mhyper::proto::h1::conn[0m[2m:[0m incoming body is content-length (771 bytes)
[2m2025-12-10T10:08:25.635307Z[0m [34mDEBUG[0m [2mhyper::proto::h1::conn[0m[2m:[0m incoming body completed
[2m2025-12-10T10:08:25.635320Z[0m [34mDEBUG[0m [2mhyper::client::pool[0m[2m:[0m pooling idle connection for ("http", 192.168.0.14:8545)
[2m2025-12-10T10:08:25.635340Z[0m [34mDEBUG[0m [2methereum_transaction_pool_monitor::eth_client[0m[2m:[0m 📡 Transaction fetch RPC completed in 5.049583ms
[2m2025-12-10T10:08:25.757032Z[0m [34mDEBUG[0m [2methereum_transaction_pool_monitor::eth_client[0m[2m:[0m ✅ Transaction 0xdc0fd283403b3bbb51886058c1ef73127b7fda940979d5f206f19d5f9d60abc6 fetched and parsed in 126.738542ms
[2m2025-12-10T10:08:25.757066Z[0m [34mDEBUG[0m [2methereum_transaction_pool_monitor::mempool_monitor[0m[2m:[0m 🔍 Skipping tx 0xdc0fd283403b3bbb51886058c1ef73127b7fda940979d5f206f19d5f9d60abc6 - not a DEX interaction (target: 0xB8f28C60dD8240141185a192fa4156A23E189305)
[2m2025-12-10T10:08:25.757115Z[0m [34mDEBUG[0m [2mhyper::client::pool[0m[2m:[0m reuse idle connection for ("http", 192.168.0.14:8545)
[2m2025-12-10T10:08:25.757164Z[0m [34mDEBUG[0m [2mhyper::proto::h1::io[0m[2m:[0m flushed 172 bytes
[2m2025-12-10T10:08:25.760832Z[0m [34mDEBUG[0m [2mhyper::proto::h1::io[0m[2m:[0m parsed 4 headers
[2m2025-12-10T10:08:25.760838Z[0m [34mDEBUG[0m [2mhyper::proto::h1::conn[0m[2m:[0m incoming body is content-length (45 bytes)
[2m2025-12-10T10:08:25.760846Z[0m [34mDEBUG[0m [2mhyper::proto::h1::conn[0m[2m:[0m incoming body completed
[2m2025-12-10T10:08:25.760852Z[0m [34mDEBUG[0m [2mhyper::client::pool[0m[2m:[0m pooling idle connection for ("http", 192.168.0.14:8545)
[2m2025-12-10T10:08:25.765148Z[0m [34mDEBUG[0m [2methereum_transaction_pool_monitor::eth_client[0m[2m:[0m 📨 Received WebSocket message: {"jsonrpc":"2.0","method":"eth_subscription","params":{"subscription":"0xbed0a0851463e895960a451075a301a9","result":"0x5d344f73cbfaa3b1e1b3e4ad2066456aedbdf64a5ed9ad914359b6fdca78e8ad"}}
[2m2025-12-10T10:08:25.765161Z[0m [34mDEBUG[0m [2methereum_transaction_pool_monitor::eth_client[0m[2m:[0m 📨 Received pending transaction: 0x5d344f73cbfaa3b1e1b3e4ad2066456aedbdf64a5ed9ad914359b6fdca78e8ad
[2m2025-12-10T10:08:25.765173Z[0m [34mDEBUG[0m [2methereum_transaction_pool_monitor::mempool_monitor[0m[2m:[0m 📨 Processing new pending transaction: 0x5d344f73cbfaa3b1e1b3e4ad2066456aedbdf64a5ed9ad914359b6fdca78e8ad
[2m2025-12-10T10:08:25.765179Z[0m [34mDEBUG[0m [2methereum_transaction_pool_monitor::mempool_monitor[0m[2m:[0m 🔍 Fetching transaction details for: 0x5d344f73cbfaa3b1e1b3e4ad2066456aedbdf64a5ed9ad914359b6fdca78e8ad
[2m2025-12-10T10:08:25.765184Z[0m [34mDEBUG[0m [2methereum_transaction_pool_monitor::eth_client[0m[2m:[0m 🔍 Fetching transaction details for hash: 0x5d344f73cbfaa3b1e1b3e4ad2066456aedbdf64a5ed9ad914359b6fdca78e8ad
[2m2025-12-10T10:08:25.765210Z[0m [34mDEBUG[0m [2mhyper::client::pool[0m[2m:[0m reuse idle connection for ("http", 192.168.0.14:8545)
[2m2025-12-10T10:08:25.765238Z[0m [34mDEBUG[0m [2mhyper::proto::h1::io[0m[2m:[0m flushed 250 bytes
[2m2025-12-10T10:08:25.774080Z[0m [34mDEBUG[0m [2mhyper::proto::h1::io[0m[2m:[0m parsed 4 headers
[2m2025-12-10T10:08:25.774085Z[0m [34mDEBUG[0m [2mhyper::proto::h1::conn[0m[2m:[0m incoming body is content-length (676 bytes)
[2m2025-12-10T10:08:25.774090Z[0m [34mDEBUG[0m [2mhyper::proto::h1::conn[0m[2m:[0m incoming body completed
[2m2025-12-10T10:08:25.774096Z[0m [34mDEBUG[0m [2mhyper::client::pool[0m[2m:[0m pooling idle connection for ("http", 192.168.0.14:8545)
[2m2025-12-10T10:08:25.774100Z[0m [34mDEBUG[0m [2methereum_transaction_pool_monitor::eth_client[0m[2m:[0m 📡 Transaction fetch RPC completed in 8.912084ms
[2m2025-12-10T10:08:25.844643Z[0m [34mDEBUG[0m [2methereum_transaction_pool_monitor::eth_client[0m[2m:[0m ✅ Transaction 0x5d344f73cbfaa3b1e1b3e4ad2066456aedbdf64a5ed9ad914359b6fdca78e8ad fetched and parsed in 79.452ms
[2m2025-12-10T10:08:25.844675Z[0m [34mDEBUG[0m [2methereum_transaction_pool_monitor::mempool_monitor[0m[2m:[0m 🔍 Skipping tx 0x5d344f73cbfaa3b1e1b3e4ad2066456aedbdf64a5ed9ad914359b6fdca78e8ad - not a DEX interaction (target: 0xA0b86991c6218b36c1d19D4a2e9Eb0cE3606eB48)
[2m2025-12-10T10:08:25.844722Z[0m [34mDEBUG[0m [2mhyper::client::pool[0m[2m:[0m reuse idle connection for ("http", 192.168.0.14:8545)
[2m2025-12-10T10:08:25.844771Z[0m [34mDEBUG[0m [2mhyper::proto::h1::io[0m[2m:[0m flushed 172 bytes
[2m2025-12-10T10:08:25.844776Z[0m [34mDEBUG[0m [2methereum_transaction_pool_monitor::eth_client[0m[2m:[0m 📨 Received WebSocket message: {"jsonrpc":"2.0","method":"eth_subscription","params":{"subscription":"0xbed0a0851463e895960a451075a301a9","result":"0x005648bc2951d8a973004dc51e49973ba9a9e177fae3539bcbf5ad045543ed2b"}}
[2m2025-12-10T10:08:25.844831Z[0m [34mDEBUG[0m [2methereum_transaction_pool_monitor::eth_client[0m[2m:[0m 📨 Received pending transaction: 0x005648bc2951d8a973004dc51e49973ba9a9e177fae3539bcbf5ad045543ed2b
[2m2025-12-10T10:08:25.844854Z[0m [34mDEBUG[0m [2methereum_transaction_pool_monitor::eth_client[0m[2m:[0m 📨 Received WebSocket message: {"jsonrpc":"2.0","method":"eth_subscription","params":{"subscription":"0xbed0a0851463e895960a451075a301a9","result":"0x4dc9edfd56b8fbdc9d281a684399ccfb158654bf3ab25c2153159ca0ea2ae682"}}
[2m2025-12-10T10:08:25.844861Z[0m [34mDEBUG[0m [2methereum_transaction_pool_monitor::eth_client[0m[2m:[0m 📨 Received pending transaction: 0x4dc9edfd56b8fbdc9d281a684399ccfb158654bf3ab25c2153159ca0ea2ae682
[2m2025-12-10T10:08:25.844868Z[0m [34mDEBUG[0m [2methereum_transaction_pool_monitor::mempool_monitor[0m[2m:[0m 📨 Processing new pending transaction: 0x005648bc2951d8a973004dc51e49973ba9a9e177fae3539bcbf5ad045543ed2b
[2m2025-12-10T10:08:25.844872Z[0m [34mDEBUG[0m [2methereum_transaction_pool_monitor::mempool_monitor[0m[2m:[0m 🔍 Fetching transaction details for: 0x005648bc2951d8a973004dc51e49973ba9a9e177fae3539bcbf5ad045543ed2b
[2m2025-12-10T10:08:25.844875Z[0m [34mDEBUG[0m [2methereum_transaction_pool_monitor::eth_client[0m[2m:[0m 🔍 Fetching transaction details for hash: 0x005648bc2951d8a973004dc51e49973ba9a9e177fae3539bcbf5ad045543ed2b
[2m2025-12-10T10:08:25.844888Z[0m [34mDEBUG[0m [2mhyper::client::pool[0m[2m:[0m reuse idle connection for ("http", 192.168.0.14:8545)
[2m2025-12-10T10:08:25.844901Z[0m [34mDEBUG[0m [2mhyper::proto::h1::io[0m[2m:[0m flushed 250 bytes
[2m2025-12-10T10:08:25.852413Z[0m [34mDEBUG[0m [2mhyper::proto::h1::io[0m[2m:[0m parsed 4 headers
[2m2025-12-10T10:08:25.852433Z[0m [34mDEBUG[0m [2mhyper::proto::h1::conn[0m[2m:[0m incoming body is content-length (45 bytes)
[2m2025-12-10T10:08:25.852447Z[0m [34mDEBUG[0m [2mhyper::proto::h1::conn[0m[2m:[0m incoming body completed
[2m2025-12-10T10:08:25.852466Z[0m [34mDEBUG[0m [2mhyper::client::pool[0m[2m:[0m pooling idle connection for ("http", 192.168.0.14:8545)
[2m2025-12-10T10:08:25.852492Z[0m [34mDEBUG[0m [2mhyper::proto::h1::io[0m[2m:[0m parsed 4 headers
[2m2025-12-10T10:08:25.852500Z[0m [34mDEBUG[0m [2mhyper::proto::h1::conn[0m[2m:[0m incoming body is content-length (644 bytes)
[2m2025-12-10T10:08:25.852504Z[0m [34mDEBUG[0m [2mhyper::proto::h1::conn[0m[2m:[0m incoming body completed
[2m2025-12-10T10:08:25.852509Z[0m [34mDEBUG[0m [2mhyper::client::pool[0m[2m:[0m pooling idle connection for ("http", 192.168.0.14:8545)
[2m2025-12-10T10:08:25.852514Z[0m [34mDEBUG[0m [2methereum_transaction_pool_monitor::eth_client[0m[2m:[0m 📡 Transaction fetch RPC completed in 7.632917ms
[2m2025-12-10T10:08:25.924557Z[0m [34mDEBUG[0m [2methereum_transaction_pool_monitor::eth_client[0m[2m:[0m ✅ Transaction 0x005648bc2951d8a973004dc51e49973ba9a9e177fae3539bcbf5ad045543ed2b fetched and parsed in 79.672459ms
[2m2025-12-10T10:08:25.924587Z[0m [34mDEBUG[0m [2methereum_transaction_pool_monitor::mempool_monitor[0m[2m:[0m 🔍 Skipping tx 0x005648bc2951d8a973004dc51e49973ba9a9e177fae3539bcbf5ad045543ed2b - not a DEX interaction (target: 0x27767b750d4b56C67D8163d6A1Fd5A4e45105340)
[2m2025-12-10T10:08:25.924598Z[0m [34mDEBUG[0m [2methereum_transaction_pool_monitor::mempool_monitor[0m[2m:[0m 📨 Processing new pending transaction: 0x4dc9edfd56b8fbdc9d281a684399ccfb158654bf3ab25c2153159ca0ea2ae682
[2m2025-12-10T10:08:25.924607Z[0m [34mDEBUG[0m [2methereum_transaction_pool_monitor::mempool_monitor[0m[2m:[0m 🔍 Fetching transaction details for: 0x4dc9edfd56b8fbdc9d281a684399ccfb158654bf3ab25c2153159ca0ea2ae682
[2m2025-12-10T10:08:25.924613Z[0m [34mDEBUG[0m [2methereum_transaction_pool_monitor::eth_client[0m[2m:[0m 🔍 Fetching transaction details for hash: 0x4dc9edfd56b8fbdc9d281a684399ccfb158654bf3ab25c2153159ca0ea2ae682
[2m2025-12-10T10:08:25.924636Z[0m [34mDEBUG[0m [2mhyper::client::pool[0m[2m:[0m reuse idle connection for ("http", 192.168.0.14:8545)
[2m2025-12-10T10:08:25.924675Z[0m [34mDEBUG[0m [2mhyper::proto::h1::io[0m[2m:[0m flushed 250 bytes
[2m2025-12-10T10:08:25.924697Z[0m [34mDEBUG[0m [2mhyper::client::pool[0m[2m:[0m reuse idle connection for ("http", 192.168.0.14:8545)
[2m2025-12-10T10:08:25.924713Z[0m [34mDEBUG[0m [2mhyper::proto::h1::io[0m[2m:[0m flushed 172 bytes
[2m2025-12-10T10:08:25.924747Z[0m [34mDEBUG[0m [2methereum_transaction_pool_monitor::eth_client[0m[2m:[0m 📨 Received WebSocket message: {"jsonrpc":"2.0","method":"eth_subscription","params":{"subscription":"0xbed0a0851463e895960a451075a301a9","result":"0x9e8680b22a83c14c59dd9e26e9c942004051a6b4ddc7940d4b6563708327b1ff"}}
[2m2025-12-10T10:08:25.924757Z[0m [34mDEBUG[0m [2methereum_transaction_pool_monitor::eth_client[0m[2m:[0m 📨 Received pending transaction: 0x9e8680b22a83c14c59dd9e26e9c942004051a6b4ddc7940d4b6563708327b1ff
[2m2025-12-10T10:08:25.932106Z[0m [34mDEBUG[0m [2mhyper::proto::h1::io[0m[2m:[0m parsed 4 headers
[2m2025-12-10T10:08:25.932125Z[0m [34mDEBUG[0m [2mhyper::proto::h1::conn[0m[2m:[0m incoming body is content-length (45 bytes)
[2m2025-12-10T10:08:25.932135Z[0m [34mDEBUG[0m [2mhyper::proto::h1::conn[0m[2m:[0m incoming body completed
[2m2025-12-10T10:08:25.932147Z[0m [34mDEBUG[0m [2mhyper::client::pool[0m[2m:[0m pooling idle connection for ("http", 192.168.0.14:8545)
[2m2025-12-10T10:08:25.932169Z[0m [34mDEBUG[0m [2mhyper::proto::h1::io[0m[2m:[0m parsed 4 headers
[2m2025-12-10T10:08:25.932174Z[0m [34mDEBUG[0m [2mhyper::proto::h1::conn[0m[2m:[0m incoming body is content-length (553 bytes)
[2m2025-12-10T10:08:25.932179Z[0m [34mDEBUG[0m [2mhyper::proto::h1::conn[0m[2m:[0m incoming body completed
[2m2025-12-10T10:08:25.932185Z[0m [34mDEBUG[0m [2mhyper::client::pool[0m[2m:[0m pooling idle connection for ("http", 192.168.0.14:8545)
[2m2025-12-10T10:08:25.932189Z[0m [34mDEBUG[0m [2methereum_transaction_pool_monitor::eth_client[0m[2m:[0m 📡 Transaction fetch RPC completed in 7.571292ms
[2m2025-12-10T10:08:26.060977Z[0m [34mDEBUG[0m [2methereum_transaction_pool_monitor::eth_client[0m[2m:[0m ✅ Transaction 0x4dc9edfd56b8fbdc9d281a684399ccfb158654bf3ab25c2153159ca0ea2ae682 fetched and parsed in 136.353917ms
[2m2025-12-10T10:08:26.061011Z[0m [34mDEBUG[0m [2methereum_transaction_pool_monitor::mempool_monitor[0m[2m:[0m 🔍 Skipping tx 0x4dc9edfd56b8fbdc9d281a684399ccfb158654bf3ab25c2153159ca0ea2ae682 - not a DEX interaction (target: 0xb3DB149E435e52D4E0b6D898dfBaB4B0c1e72e72)
[2m2025-12-10T10:08:26.061024Z[0m [34mDEBUG[0m [2methereum_transaction_pool_monitor::mempool_monitor[0m[2m:[0m 📨 Processing new pending transaction: 0x9e8680b22a83c14c59dd9e26e9c942004051a6b4ddc7940d4b6563708327b1ff
[2m2025-12-10T10:08:26.061030Z[0m [34mDEBUG[0m [2methereum_transaction_pool_monitor::mempool_monitor[0m[2m:[0m 🔍 Fetching transaction details for: 0x9e8680b22a83c14c59dd9e26e9c942004051a6b4ddc7940d4b6563708327b1ff
[2m2025-12-10T10:08:26.061034Z[0m [34mDEBUG[0m [2methereum_transaction_pool_monitor::eth_client[0m[2m:[0m 🔍 Fetching transaction details for hash: 0x9e8680b22a83c14c59dd9e26e9c942004051a6b4ddc7940d4b6563708327b1ff
[2m2025-12-10T10:08:26.061058Z[0m [34mDEBUG[0m [2mhyper::client::pool[0m[2m:[0m reuse idle connection for ("http", 192.168.0.14:8545)
[2m2025-12-10T10:08:26.061100Z[0m [34mDEBUG[0m [2mhyper::proto::h1::io[0m[2m:[0m flushed 250 bytes
[2m2025-12-10T10:08:26.061123Z[0m [34mDEBUG[0m [2mhyper::client::pool[0m[2m:[0m reuse idle connection for ("http", 192.168.0.14:8545)
[2m2025-12-10T10:08:26.061139Z[0m [34mDEBUG[0m [2mhyper::proto::h1::io[0m[2m:[0m flushed 172 bytes
[2m2025-12-10T10:08:26.061161Z[0m [34mDEBUG[0m [2methereum_transaction_pool_monitor::eth_client[0m[2m:[0m 📨 Received WebSocket message: {"jsonrpc":"2.0","method":"eth_subscription","params":{"subscription":"0xbed0a0851463e895960a451075a301a9","result":"0x8c0fe457c0b9a4cf9189add67c8415b6bda1079183141a471e9eaa113d226cd8"}}
[2m2025-12-10T10:08:26.061203Z[0m [34mDEBUG[0m [2methereum_transaction_pool_monitor::eth_client[0m[2m:[0m 📨 Received pending transaction: 0x8c0fe457c0b9a4cf9189add67c8415b6bda1079183141a471e9eaa113d226cd8
[2m2025-12-10T10:08:26.061215Z[0m [34mDEBUG[0m [2methereum_transaction_pool_monitor::eth_client[0m[2m:[0m 📨 Received WebSocket message: {"jsonrpc":"2.0","method":"eth_subscription","params":{"subscription":"0xbed0a0851463e895960a451075a301a9","result":"0x537f916d259d28afcb7984d57ada7e49fff49e838e68f15bb2a60c1e2959220b"}}
[2m2025-12-10T10:08:26.061220Z[0m [34mDEBUG[0m [2methereum_transaction_pool_monitor::eth_client[0m[2m:[0m 📨 Received pending transaction: 0x537f916d259d28afcb7984d57ada7e49fff49e838e68f15bb2a60c1e2959220b
[2m2025-12-10T10:08:26.061224Z[0m [34mDEBUG[0m [2methereum_transaction_pool_monitor::eth_client[0m[2m:[0m 📨 Received WebSocket message: {"jsonrpc":"2.0","method":"eth_subscription","params":{"subscription":"0xbed0a0851463e895960a451075a301a9","result":"0xbcd8b256ff7a610b0d9488683accc873672a3d2c780e335f4c412f355f1ca64e"}}
[2m2025-12-10T10:08:26.061233Z[0m [34mDEBUG[0m [2methereum_transaction_pool_monitor::eth_client[0m[2m:[0m 📨 Received pending transaction: 0xbcd8b256ff7a610b0d9488683accc873672a3d2c780e335f4c412f355f1ca64e
[2m2025-12-10T10:08:26.061238Z[0m [34mDEBUG[0m [2methereum_transaction_pool_monitor::eth_client[0m[2m:[0m 📨 Received WebSocket message: {"jsonrpc":"2.0","method":"eth_subscription","params":{"subscription":"0xbed0a0851463e895960a451075a301a9","result":"0x4471d9c29b61fd2d2b95dc768df6f696d7bf70bca0c273c670e654151af9899f"}}
[2m2025-12-10T10:08:26.061242Z[0m [34mDEBUG[0m [2methereum_transaction_pool_monitor::eth_client[0m[2m:[0m 📨 Received pending transaction: 0x4471d9c29b61fd2d2b95dc768df6f696d7bf70bca0c273c670e654151af9899f
[2m2025-12-10T10:08:26.065876Z[0m [34mDEBUG[0m [2mhyper::proto::h1::io[0m[2m:[0m parsed 4 headers
[2m2025-12-10T10:08:26.065885Z[0m [34mDEBUG[0m [2mhyper::proto::h1::conn[0m[2m:[0m incoming body is content-length (704 bytes)
[2m2025-12-10T10:08:26.065894Z[0m [34mDEBUG[0m [2mhyper::proto::h1::conn[0m[2m:[0m incoming body completed
[2m2025-12-10T10:08:26.065903Z[0m [34mDEBUG[0m [2mhyper::client::pool[0m[2m:[0m pooling idle connection for ("http", 192.168.0.14:8545)
[2m2025-12-10T10:08:26.065909Z[0m [34mDEBUG[0m [2methereum_transaction_pool_monitor::eth_client[0m[2m:[0m 📡 Transaction fetch RPC completed in 4.871167ms
[2m2025-12-10T10:08:26.156351Z[0m [34mDEBUG[0m [2methereum_transaction_pool_monitor::eth_client[0m[2m:[0m ✅ Transaction 0x9e8680b22a83c14c59dd9e26e9c942004051a6b4ddc7940d4b6563708327b1ff fetched and parsed in 95.309333ms
[2m2025-12-10T10:08:26.156388Z[0m [34mDEBUG[0m [2methereum_transaction_pool_monitor::mempool_monitor[0m[2m:[0m 🔍 Skipping tx 0x9e8680b22a83c14c59dd9e26e9c942004051a6b4ddc7940d4b6563708327b1ff - not a DEX interaction (target: 0x00cFc649B00fdBA862580a9B8F2703a867B3Ae3f)
[2m2025-12-10T10:08:26.156402Z[0m [34mDEBUG[0m [2methereum_transaction_pool_monitor::mempool_monitor[0m[2m:[0m 📨 Processing new pending transaction: 0x8c0fe457c0b9a4cf9189add67c8415b6bda1079183141a471e9eaa113d226cd8
[2m2025-12-10T10:08:26.156411Z[0m [34mDEBUG[0m [2methereum_transaction_pool_monitor::mempool_monitor[0m[2m:[0m 🔍 Fetching transaction details for: 0x8c0fe457c0b9a4cf9189add67c8415b6bda1079183141a471e9eaa113d226cd8
[2m2025-12-10T10:08:26.156418Z[0m [34mDEBUG[0m [2methereum_transaction_pool_monitor::eth_client[0m[2m:[0m 🔍 Fetching transaction details for hash: 0x8c0fe457c0b9a4cf9189add67c8415b6bda1079183141a471e9eaa113d226cd8
[2m2025-12-10T10:08:26.156443Z[0m [34mDEBUG[0m [2mhyper::client::pool[0m[2m:[0m reuse idle connection for ("http", 192.168.0.14:8545)
[2m2025-12-10T10:08:26.156501Z[0m [34mDEBUG[0m [2mhyper::proto::h1::io[0m[2m:[0m flushed 250 bytes
[2m2025-12-10T10:08:26.156520Z[0m [34mDEBUG[0m [2mhyper::proto::h1::io[0m[2m:[0m parsed 4 headers
[2m2025-12-10T10:08:26.156526Z[0m [34mDEBUG[0m [2mhyper::proto::h1::conn[0m[2m:[0m incoming body is content-length (45 bytes)
[2m2025-12-10T10:08:26.156536Z[0m [34mDEBUG[0m [2mhyper::proto::h1::conn[0m[2m:[0m incoming body completed
[2m2025-12-10T10:08:26.156546Z[0m [34mDEBUG[0m [2mhyper::client::pool[0m[2m:[0m pooling idle connection for ("http", 192.168.0.14:8545)
[2m2025-12-10T10:08:26.156565Z[0m [34mDEBUG[0m [2mhyper::client::pool[0m[2m:[0m reuse idle connection for ("http", 192.168.0.14:8545)
[2m2025-12-10T10:08:26.156588Z[0m [34mDEBUG[0m [2mhyper::proto::h1::io[0m[2m:[0m flushed 172 bytes
[2m2025-12-10T10:08:26.161115Z[0m [34mDEBUG[0m [2mhyper::proto::h1::io[0m[2m:[0m parsed 4 headers
[2m2025-12-10T10:08:26.161130Z[0m [34mDEBUG[0m [2mhyper::proto::h1::conn[0m[2m:[0m incoming body is content-length (762 bytes)
[2m2025-12-10T10:08:26.161137Z[0m [34mDEBUG[0m [2mhyper::proto::h1::conn[0m[2m:[0m incoming body completed
[2m2025-12-10T10:08:26.161146Z[0m [34mDEBUG[0m [2mhyper::client::pool[0m[2m:[0m pooling idle connection for ("http", 192.168.0.14:8545)
[2m2025-12-10T10:08:26.161152Z[0m [34mDEBUG[0m [2methereum_transaction_pool_monitor::eth_client[0m[2m:[0m 📡 Transaction fetch RPC completed in 4.729542ms
[2m2025-12-10T10:08:26.161166Z[0m [34mDEBUG[0m [2methereum_transaction_pool_monitor::eth_client[0m[2m:[0m DeFi transaction detected - Address: 0xdac17f958d2ee523a2206206994597c13d831ec7, Type: Stablecoin, Value: 0 ETH, Gas: 0.20 Gwei
[2m2025-12-10T10:08:26.161178Z[0m [34mDEBUG[0m [2methereum_transaction_pool_monitor::eth_client[0m[2m:[0m ✅ Transaction 0x8c0fe457c0b9a4cf9189add67c8415b6bda1079183141a471e9eaa113d226cd8 fetched and parsed in 4.75575ms
[2m2025-12-10T10:08:26.161184Z[0m [34mDEBUG[0m [2methereum_transaction_pool_monitor::mempool_monitor[0m[2m:[0m 🔍 Skipping tx 0x8c0fe457c0b9a4cf9189add67c8415b6bda1079183141a471e9eaa113d226cd8 - not a DEX interaction (target: 0xdAC17F958D2ee523a2206206994597C13D831ec7)
[2m2025-12-10T10:08:26.161190Z[0m [34mDEBUG[0m [2methereum_transaction_pool_monitor::mempool_monitor[0m[2m:[0m 📨 Processing new pending transaction: 0x537f916d259d28afcb7984d57ada7e49fff49e838e68f15bb2a60c1e2959220b
[2m2025-12-10T10:08:26.161193Z[0m [34mDEBUG[0m [2methereum_transaction_pool_monitor::mempool_monitor[0m[2m:[0m 🔍 Fetching transaction details for: 0x537f916d259d28afcb7984d57ada7e49fff49e838e68f15bb2a60c1e2959220b
[2m2025-12-10T10:08:26.161197Z[0m [34mDEBUG[0m [2methereum_transaction_pool_monitor::eth_client[0m[2m:[0m 🔍 Fetching transaction details for hash: 0x537f916d259d28afcb7984d57ada7e49fff49e838e68f15bb2a60c1e2959220b
[2m2025-12-10T10:08:26.161208Z[0m [34mDEBUG[0m [2mhyper::client::pool[0m[2m:[0m reuse idle connection for ("http", 192.168.0.14:8545)
[2m2025-12-10T10:08:26.161233Z[0m [34mDEBUG[0m [2mhyper::proto::h1::io[0m[2m:[0m flushed 250 bytes
[2m2025-12-10T10:08:26.161985Z[0m [34mDEBUG[0m [2mhyper::proto::h1::io[0m[2m:[0m parsed 4 headers
[2m2025-12-10T10:08:26.161991Z[0m [34mDEBUG[0m [2mhyper::proto::h1::conn[0m[2m:[0m incoming body is content-length (45 bytes)
[2m2025-12-10T10:08:26.161997Z[0m [34mDEBUG[0m [2mhyper::proto::h1::conn[0m[2m:[0m incoming body completed
[2m2025-12-10T10:08:26.162003Z[0m [34mDEBUG[0m [2mhyper::client::pool[0m[2m:[0m pooling idle connection for ("http", 192.168.0.14:8545)
[2m2025-12-10T10:08:26.166904Z[0m [34mDEBUG[0m [2mhyper::proto::h1::io[0m[2m:[0m parsed 4 headers
[2m2025-12-10T10:08:26.166918Z[0m [34mDEBUG[0m [2mhyper::proto::h1::conn[0m[2m:[0m incoming body is content-length (840 bytes)
[2m2025-12-10T10:08:26.166923Z[0m [34mDEBUG[0m [2mhyper::proto::h1::conn[0m[2m:[0m incoming body completed
[2m2025-12-10T10:08:26.166930Z[0m [34mDEBUG[0m [2mhyper::client::pool[0m[2m:[0m pooling idle connection for ("http", 192.168.0.14:8545)
[2m2025-12-10T10:08:26.166936Z[0m [34mDEBUG[0m [2methereum_transaction_pool_monitor::eth_client[0m[2m:[0m 📡 Transaction fetch RPC completed in 5.736458ms
[2m2025-12-10T10:08:26.268870Z[0m [34mDEBUG[0m [2methereum_transaction_pool_monitor::eth_client[0m[2m:[0m ✅ Transaction 0x537f916d259d28afcb7984d57ada7e49fff49e838e68f15bb2a60c1e2959220b fetched and parsed in 107.667208ms
[2m2025-12-10T10:08:26.268899Z[0m [34mDEBUG[0m [2methereum_transaction_pool_monitor::mempool_monitor[0m[2m:[0m 🔍 Skipping tx 0x537f916d259d28afcb7984d57ada7e49fff49e838e68f15bb2a60c1e2959220b - not a DEX interaction (target: 0xA0b86991c6218b36c1d19D4a2e9Eb0cE3606eB48)
[2m2025-12-10T10:08:26.268909Z[0m [34mDEBUG[0m [2methereum_transaction_pool_monitor::mempool_monitor[0m[2m:[0m 📨 Processing new pending transaction: 0xbcd8b256ff7a610b0d9488683accc873672a3d2c780e335f4c412f355f1ca64e
[2m2025-12-10T10:08:26.268914Z[0m [34mDEBUG[0m [2methereum_transaction_pool_monitor::mempool_monitor[0m[2m:[0m 🔍 Fetching transaction details for: 0xbcd8b256ff7a610b0d9488683accc873672a3d2c780e335f4c412f355f1ca64e
[2m2025-12-10T10:08:26.268920Z[0m [34mDEBUG[0m [2methereum_transaction_pool_monitor::eth_client[0m[2m:[0m 🔍 Fetching transaction details for hash: 0xbcd8b256ff7a610b0d9488683accc873672a3d2c780e335f4c412f355f1ca64e
[2m2025-12-10T10:08:26.268940Z[0m [34mDEBUG[0m [2mhyper::client::pool[0m[2m:[0m reuse idle connection for ("http", 192.168.0.14:8545)
[2m2025-12-10T10:08:26.268983Z[0m [34mDEBUG[0m [2mhyper::proto::h1::io[0m[2m:[0m flushed 250 bytes
[2m2025-12-10T10:08:26.269003Z[0m [34mDEBUG[0m [2mhyper::client::pool[0m[2m:[0m reuse idle connection for ("http", 192.168.0.14:8545)
[2m2025-12-10T10:08:26.269019Z[0m [34mDEBUG[0m [2mhyper::proto::h1::io[0m[2m:[0m flushed 172 bytes
[2m2025-12-10T10:08:26.269046Z[0m [34mDEBUG[0m [2methereum_transaction_pool_monitor::eth_client[0m[2m:[0m 📨 Received WebSocket message: {"jsonrpc":"2.0","method":"eth_subscription","params":{"subscription":"0xbed0a0851463e895960a451075a301a9","result":"0x87734afd07bccf46abe25e64bff7d22f83aabf301a9c5b6b08b31afa4f037d74"}}
[2m2025-12-10T10:08:26.269054Z[0m [34mDEBUG[0m [2methereum_transaction_pool_monitor::eth_client[0m[2m:[0m 📨 Received pending transaction: 0x87734afd07bccf46abe25e64bff7d22f83aabf301a9c5b6b08b31afa4f037d74
[2m2025-12-10T10:08:26.269059Z[0m [34mDEBUG[0m [2methereum_transaction_pool_monitor::eth_client[0m[2m:[0m 📨 Received WebSocket message: {"jsonrpc":"2.0","method":"eth_subscription","params":{"subscription":"0xbed0a0851463e895960a451075a301a9","result":"0x882bcb06f831284b278185d853c3833800a4822651ef26805c8277dd706fbf07"}}
[2m2025-12-10T10:08:26.269064Z[0m [34mDEBUG[0m [2methereum_transaction_pool_monitor::eth_client[0m[2m:[0m 📨 Received pending transaction: 0x882bcb06f831284b278185d853c3833800a4822651ef26805c8277dd706fbf07
[2m2025-12-10T10:08:26.269067Z[0m [34mDEBUG[0m [2methereum_transaction_pool_monitor::eth_client[0m[2m:[0m 📨 Received WebSocket message: {"jsonrpc":"2.0","method":"eth_subscription","params":{"subscription":"0xbed0a0851463e895960a451075a301a9","result":"0xd7f9f97946cc63b93924c2f34e8f1aadfbdf27585e98b69bdf42c4f39570f2a8"}}
[2m2025-12-10T10:08:26.269072Z[0m [34mDEBUG[0m [2methereum_transaction_pool_monitor::eth_client[0m[2m:[0m 📨 Received pending transaction: 0xd7f9f97946cc63b93924c2f34e8f1aadfbdf27585e98b69bdf42c4f39570f2a8
[2m2025-12-10T10:08:26.269077Z[0m [34mDEBUG[0m [2methereum_transaction_pool_monitor::eth_client[0m[2m:[0m 📨 Received WebSocket message: {"jsonrpc":"2.0","method":"eth_subscription","params":{"subscription":"0xbed0a0851463e895960a451075a301a9","result":"0xc366e886837935207e6d53ab03ada02941fcd1f6ea7adf7fe334ba85e868c54e"}}
[2m2025-12-10T10:08:26.269081Z[0m [34mDEBUG[0m [2methereum_transaction_pool_monitor::eth_client[0m[2m:[0m 📨 Received pending transaction: 0xc366e886837935207e6d53ab03ada02941fcd1f6ea7adf7fe334ba85e868c54e
[2m2025-12-10T10:08:26.269086Z[0m [34mDEBUG[0m [2methereum_transaction_pool_monitor::eth_client[0m[2m:[0m 📨 Received WebSocket message: {"jsonrpc":"2.0","method":"eth_subscription","params":{"subscription":"0xbed0a0851463e895960a451075a301a9","result":"0x077ded60ace1f31be42b513debeb4fd2b5eb607ced1fa2b05912568fe1525de1"}}
[2m2025-12-10T10:08:26.269091Z[0m [34mDEBUG[0m [2methereum_transaction_pool_monitor::eth_client[0m[2m:[0m 📨 Received pending transaction: 0x077ded60ace1f31be42b513debeb4fd2b5eb607ced1fa2b05912568fe1525de1
[2m2025-12-10T10:08:26.274274Z[0m [34mDEBUG[0m [2mhyper::proto::h1::io[0m[2m:[0m parsed 4 headers
[2m2025-12-10T10:08:26.274307Z[0m [34mDEBUG[0m [2mhyper::proto::h1::conn[0m[2m:[0m incoming body is content-length (673 bytes)
[2m2025-12-10T10:08:26.274318Z[0m [34mDEBUG[0m [2mhyper::proto::h1::conn[0m[2m:[0m incoming body completed
[2m2025-12-10T10:08:26.274333Z[0m [34mDEBUG[0m [2mhyper::client::pool[0m[2m:[0m pooling idle connection for ("http", 192.168.0.14:8545)
[2m2025-12-10T10:08:26.274344Z[0m [34mDEBUG[0m [2methereum_transaction_pool_monitor::eth_client[0m[2m:[0m 📡 Transaction fetch RPC completed in 5.419708ms
[2m2025-12-10T10:08:26.344922Z[0m [34mDEBUG[0m [2methereum_transaction_pool_monitor::eth_client[0m[2m:[0m ✅ Transaction 0xbcd8b256ff7a610b0d9488683accc873672a3d2c780e335f4c412f355f1ca64e fetched and parsed in 75.996125ms
[2m2025-12-10T10:08:26.344955Z[0m [34mDEBUG[0m [2methereum_transaction_pool_monitor::mempool_monitor[0m[2m:[0m 🔍 Skipping tx 0xbcd8b256ff7a610b0d9488683accc873672a3d2c780e335f4c412f355f1ca64e - not a DEX interaction (target: 0x152649eA73beAb28c5b49B26eb48f7EAD6d4c898)
[2m2025-12-10T10:08:26.344967Z[0m [34mDEBUG[0m [2methereum_transaction_pool_monitor::mempool_monitor[0m[2m:[0m 📨 Processing new pending transaction: 0x4471d9c29b61fd2d2b95dc768df6f696d7bf70bca0c273c670e654151af9899f
[2m2025-12-10T10:08:26.344975Z[0m [34mDEBUG[0m [2methereum_transaction_pool_monitor::mempool_monitor[0m[2m:[0m 🔍 Fetching transaction details for: 0x4471d9c29b61fd2d2b95dc768df6f696d7bf70bca0c273c670e654151af9899f
[2m2025-12-10T10:08:26.344980Z[0m [34mDEBUG[0m [2methereum_transaction_pool_monitor::eth_client[0m[2m:[0m 🔍 Fetching transaction details for hash: 0x4471d9c29b61fd2d2b95dc768df6f696d7bf70bca0c273c670e654151af9899f
[2m2025-12-10T10:08:26.345002Z[0m [34mDEBUG[0m [2mhyper::client::pool[0m[2m:[0m reuse idle connection for ("http", 192.168.0.14:8545)
[2m2025-12-10T10:08:26.345046Z[0m [34mDEBUG[0m [2mhyper::proto::h1::io[0m[2m:[0m flushed 250 bytes
[2m2025-12-10T10:08:26.345071Z[0m [34mDEBUG[0m [2methereum_transaction_pool_monitor::eth_client[0m[2m:[0m 📨 Received WebSocket message: {"jsonrpc":"2.0","method":"eth_subscription","params":{"subscription":"0xbed0a0851463e895960a451075a301a9","result":"0x15f1205a1f931af44caaf14c61a77cb019badae37f3ebc57a42febfe2e2510e6"}}
[2m2025-12-10T10:08:26.345075Z[0m [34mDEBUG[0m [2mhyper::proto::h1::io[0m[2m:[0m parsed 4 headers
[2m2025-12-10T10:08:26.345080Z[0m [34mDEBUG[0m [2methereum_transaction_pool_monitor::eth_client[0m[2m:[0m 📨 Received pending transaction: 0x15f1205a1f931af44caaf14c61a77cb019badae37f3ebc57a42febfe2e2510e6
[2m2025-12-10T10:08:26.345084Z[0m [34mDEBUG[0m [2mhyper::proto::h1::conn[0m[2m:[0m incoming body is content-length (45 bytes)
[2m2025-12-10T10:08:26.345093Z[0m [34mDEBUG[0m [2mhyper::proto::h1::conn[0m[2m:[0m incoming body completed
[2m2025-12-10T10:08:26.345102Z[0m [34mDEBUG[0m [2mhyper::client::pool[0m[2m:[0m pooling idle connection for ("http", 192.168.0.14:8545)
[2m2025-12-10T10:08:26.345119Z[0m [34mDEBUG[0m [2mhyper::client::pool[0m[2m:[0m reuse idle connection for ("http", 192.168.0.14:8545)
[2m2025-12-10T10:08:26.345138Z[0m [34mDEBUG[0m [2mhyper::proto::h1::io[0m[2m:[0m flushed 172 bytes
[2m2025-12-10T10:08:26.352365Z[0m [34mDEBUG[0m [2mhyper::proto::h1::io[0m[2m:[0m parsed 4 headers
[2m2025-12-10T10:08:26.352376Z[0m [34mDEBUG[0m [2mhyper::proto::h1::conn[0m[2m:[0m incoming body is content-length (644 bytes)
[2m2025-12-10T10:08:26.352383Z[0m [34mDEBUG[0m [2mhyper::proto::h1::conn[0m[2m:[0m incoming body completed
[2m2025-12-10T10:08:26.352392Z[0m [34mDEBUG[0m [2mhyper::client::pool[0m[2m:[0m pooling idle connection for ("http", 192.168.0.14:8545)
[2m2025-12-10T10:08:26.352399Z[0m [34mDEBUG[0m [2methereum_transaction_pool_monitor::eth_client[0m[2m:[0m 📡 Transaction fetch RPC completed in 7.413583ms
[2m2025-12-10T10:08:26.423806Z[0m [34mDEBUG[0m [2methereum_transaction_pool_monitor::eth_client[0m[2m:[0m ✅ Transaction 0x4471d9c29b61fd2d2b95dc768df6f696d7bf70bca0c273c670e654151af9899f fetched and parsed in 78.817583ms
[2m2025-12-10T10:08:26.423839Z[0m [34mDEBUG[0m [2methereum_transaction_pool_monitor::mempool_monitor[0m[2m:[0m 🔍 Skipping tx 0x4471d9c29b61fd2d2b95dc768df6f696d7bf70bca0c273c670e654151af9899f - not a DEX interaction (target: 0x17E5545B11b468072283Cee1F066a059Fb0dbF24)
[2m2025-12-10T10:08:26.423852Z[0m [34mDEBUG[0m [2methereum_transaction_pool_monitor::mempool_monitor[0m[2m:[0m 📨 Processing new pending transaction: 0x87734afd07bccf46abe25e64bff7d22f83aabf301a9c5b6b08b31afa4f037d74
[2m2025-12-10T10:08:26.423860Z[0m [34mDEBUG[0m [2methereum_transaction_pool_monitor::mempool_monitor[0m[2m:[0m 🔍 Fetching transaction details for: 0x87734afd07bccf46abe25e64bff7d22f83aabf301a9c5b6b08b31afa4f037d74
[2m2025-12-10T10:08:26.423867Z[0m [34mDEBUG[0m [2methereum_transaction_pool_monitor::eth_client[0m[2m:[0m 🔍 Fetching transaction details for hash: 0x87734afd07bccf46abe25e64bff7d22f83aabf301a9c5b6b08b31afa4f037d74
[2m2025-12-10T10:08:26.423892Z[0m [34mDEBUG[0m [2mhyper::client::pool[0m[2m:[0m reuse idle connection for ("http", 192.168.0.14:8545)
[2m2025-12-10T10:08:26.423937Z[0m [34mDEBUG[0m [2mhyper::proto::h1::io[0m[2m:[0m flushed 250 bytes
[2m2025-12-10T10:08:26.423975Z[0m [34mDEBUG[0m [2methereum_transaction_pool_monitor::eth_client[0m[2m:[0m 📨 Received WebSocket message: {"jsonrpc":"2.0","method":"eth_subscription","params":{"subscription":"0xbed0a0851463e895960a451075a301a9","result":"0xf80cc2d288e8abe71edd8b576ca3c9b38594a6e72c61ca69bd8441fd6bbeb953"}}
[2m2025-12-10T10:08:26.423986Z[0m [34mDEBUG[0m [2methereum_transaction_pool_monitor::eth_client[0m[2m:[0m 📨 Received pending transaction: 0xf80cc2d288e8abe71edd8b576ca3c9b38594a6e72c61ca69bd8441fd6bbeb953
[2m2025-12-10T10:08:26.424027Z[0m [34mDEBUG[0m [2methereum_transaction_pool_monitor::eth_client[0m[2m:[0m 📨 Received WebSocket message: {"jsonrpc":"2.0","method":"eth_subscription","params":{"subscription":"0xbed0a0851463e895960a451075a301a9","result":"0x62f8647a766231619e24a6e29c89f925c5e24883c4a8b27e3c47d9b257b3f376"}}
[2m2025-12-10T10:08:26.424035Z[0m [34mDEBUG[0m [2methereum_transaction_pool_monitor::eth_client[0m[2m:[0m 📨 Received pending transaction: 0x62f8647a766231619e24a6e29c89f925c5e24883c4a8b27e3c47d9b257b3f376
[2m2025-12-10T10:08:26.424045Z[0m [34mDEBUG[0m [2mhyper::proto::h1::io[0m[2m:[0m parsed 4 headers
[2m2025-12-10T10:08:26.424051Z[0m [34mDEBUG[0m [2mhyper::proto::h1::conn[0m[2m:[0m incoming body is content-length (45 bytes)
[2m2025-12-10T10:08:26.424064Z[0m [34mDEBUG[0m [2mhyper::proto::h1::conn[0m[2m:[0m incoming body completed
[2m2025-12-10T10:08:26.424074Z[0m [34mDEBUG[0m [2mhyper::client::pool[0m[2m:[0m pooling idle connection for ("http", 192.168.0.14:8545)
[2m2025-12-10T10:08:26.424094Z[0m [34mDEBUG[0m [2mhyper::client::pool[0m[2m:[0m reuse idle connection for ("http", 192.168.0.14:8545)
[2m2025-12-10T10:08:26.424111Z[0m [34mDEBUG[0m [2mhyper::proto::h1::io[0m[2m:[0m flushed 172 bytes
[2m2025-12-10T10:08:26.429129Z[0m [34mDEBUG[0m [2mhyper::proto::h1::io[0m[2m:[0m parsed 4 headers
[2m2025-12-10T10:08:26.429161Z[0m [34mDEBUG[0m [2mhyper::proto::h1::conn[0m[2m:[0m incoming body is content-length (676 bytes)
[2m2025-12-10T10:08:26.429177Z[0m [34mDEBUG[0m [2mhyper::proto::h1::conn[0m[2m:[0m incoming body completed
[2m2025-12-10T10:08:26.429194Z[0m [34mDEBUG[0m [2mhyper::client::pool[0m[2m:[0m pooling idle connection for ("http", 192.168.0.14:8545)
[2m2025-12-10T10:08:26.429207Z[0m [34mDEBUG[0m [2methereum_transaction_pool_monitor::eth_client[0m[2m:[0m 📡 Transaction fetch RPC completed in 5.335875ms
[2m2025-12-10T10:08:26.537569Z[0m [34mDEBUG[0m [2methereum_transaction_pool_monitor::eth_client[0m[2m:[0m ✅ Transaction 0x87734afd07bccf46abe25e64bff7d22f83aabf301a9c5b6b08b31afa4f037d74 fetched and parsed in 113.694375ms
[2m2025-12-10T10:08:26.537600Z[0m [34mDEBUG[0m [2methereum_transaction_pool_monitor::mempool_monitor[0m[2m:[0m 🔍 Skipping tx 0x87734afd07bccf46abe25e64bff7d22f83aabf301a9c5b6b08b31afa4f037d74 - not a DEX interaction (target: 0xA0b86991c6218b36c1d19D4a2e9Eb0cE3606eB48)
[2m2025-12-10T10:08:26.537612Z[0m [34mDEBUG[0m [2methereum_transaction_pool_monitor::mempool_monitor[0m[2m:[0m 📨 Processing new pending transaction: 0x882bcb06f831284b278185d853c3833800a4822651ef26805c8277dd706fbf07
[2m2025-12-10T10:08:26.537617Z[0m [34mDEBUG[0m [2methereum_transaction_pool_monitor::mempool_monitor[0m[2m:[0m 🔍 Fetching transaction details for: 0x882bcb06f831284b278185d853c3833800a4822651ef26805c8277dd706fbf07
[2m2025-12-10T10:08:26.537621Z[0m [34mDEBUG[0m [2methereum_transaction_pool_monitor::eth_client[0m[2m:[0m 🔍 Fetching transaction details for hash: 0x882bcb06f831284b278185d853c3833800a4822651ef26805c8277dd706fbf07
[2m2025-12-10T10:08:26.537647Z[0m [34mDEBUG[0m [2mhyper::client::pool[0m[2m:[0m reuse idle connection for ("http", 192.168.0.14:8545)
[2m2025-12-10T10:08:26.537693Z[0m [34mDEBUG[0m [2mhyper::proto::h1::io[0m[2m:[0m flushed 250 bytes
[2m2025-12-10T10:08:26.537718Z[0m [34mDEBUG[0m [2methereum_transaction_pool_monitor::eth_client[0m[2m:[0m 📨 Received WebSocket message: {"jsonrpc":"2.0","method":"eth_subscription","params":{"subscription":"0xbed0a0851463e895960a451075a301a9","result":"0x5eab2f02c4fff8bf854b6bd4cdd8d70d085e342cc5e21e8c1b6cfd04029cc47e"}}
[2m2025-12-10T10:08:26.537727Z[0m [34mDEBUG[0m [2methereum_transaction_pool_monitor::eth_client[0m[2m:[0m 📨 Received pending transaction: 0x5eab2f02c4fff8bf854b6bd4cdd8d70d085e342cc5e21e8c1b6cfd04029cc47e
[2m2025-12-10T10:08:26.537734Z[0m [34mDEBUG[0m [2methereum_transaction_pool_monitor::eth_client[0m[2m:[0m 📨 Received WebSocket message: {"jsonrpc":"2.0","method":"eth_subscription","params":{"subscription":"0xbed0a0851463e895960a451075a301a9","result":"0xf9b62df7d051aa208ca47069492cc4e0bea39a43d73772e2ed5858f9f50c5d35"}}
[2m2025-12-10T10:08:26.537740Z[0m [34mDEBUG[0m [2methereum_transaction_pool_monitor::eth_client[0m[2m:[0m 📨 Received pending transaction: 0xf9b62df7d051aa208ca47069492cc4e0bea39a43d73772e2ed5858f9f50c5d35
[2m2025-12-10T10:08:26.537748Z[0m [34mDEBUG[0m [2mhyper::proto::h1::io[0m[2m:[0m parsed 4 headers
[2m2025-12-10T10:08:26.537762Z[0m [34mDEBUG[0m [2mhyper::proto::h1::conn[0m[2m:[0m incoming body is content-length (45 bytes)
[2m2025-12-10T10:08:26.537770Z[0m [34mDEBUG[0m [2mhyper::proto::h1::conn[0m[2m:[0m incoming body completed
[2m2025-12-10T10:08:26.537778Z[0m [34mDEBUG[0m [2mhyper::client::pool[0m[2m:[0m pooling idle connection for ("http", 192.168.0.14:8545)
[2m2025-12-10T10:08:26.537797Z[0m [34mDEBUG[0m [2mhyper::client::pool[0m[2m:[0m reuse idle connection for ("http", 192.168.0.14:8545)
[2m2025-12-10T10:08:26.537811Z[0m [34mDEBUG[0m [2mhyper::proto::h1::io[0m[2m:[0m flushed 172 bytes
[2m2025-12-10T10:08:26.541300Z[0m [34mDEBUG[0m [2mhyper::proto::h1::io[0m[2m:[0m parsed 4 headers
[2m2025-12-10T10:08:26.541307Z[0m [34mDEBUG[0m [2mhyper::proto::h1::conn[0m[2m:[0m incoming body is content-length (45 bytes)
[2m2025-12-10T10:08:26.541313Z[0m [34mDEBUG[0m [2mhyper::proto::h1::conn[0m[2m:[0m incoming body completed
[2m2025-12-10T10:08:26.541319Z[0m [34mDEBUG[0m [2mhyper::client::pool[0m[2m:[0m pooling idle connection for ("http", 192.168.0.14:8545)
[2m2025-12-10T10:08:26.542050Z[0m [34mDEBUG[0m [2mhyper::proto::h1::io[0m[2m:[0m parsed 4 headers
[2m2025-12-10T10:08:26.542056Z[0m [34mDEBUG[0m [2mhyper::proto::h1::conn[0m[2m:[0m incoming body is content-length (768 bytes)
[2m2025-12-10T10:08:26.542062Z[0m [34mDEBUG[0m [2mhyper::proto::h1::conn[0m[2m:[0m incoming body completed
[2m2025-12-10T10:08:26.542068Z[0m [34mDEBUG[0m [2mhyper::client::pool[0m[2m:[0m pooling idle connection for ("http", 192.168.0.14:8545)
[2m2025-12-10T10:08:26.542075Z[0m [34mDEBUG[0m [2methereum_transaction_pool_monitor::eth_client[0m[2m:[0m 📡 Transaction fetch RPC completed in 4.44975ms
[2m2025-12-10T10:08:26.626498Z[0m [34mDEBUG[0m [2methereum_transaction_pool_monitor::eth_client[0m[2m:[0m ✅ Transaction 0x882bcb06f831284b278185d853c3833800a4822651ef26805c8277dd706fbf07 fetched and parsed in 88.87ms
[2m2025-12-10T10:08:26.626528Z[0m [34mDEBUG[0m [2methereum_transaction_pool_monitor::mempool_monitor[0m[2m:[0m 🔍 Skipping tx 0x882bcb06f831284b278185d853c3833800a4822651ef26805c8277dd706fbf07 - not a DEX interaction (target: 0x41f7B8b9b897276b7AAE926a9016935280b44E97)
[2m2025-12-10T10:08:26.626539Z[0m [34mDEBUG[0m [2methereum_transaction_pool_monitor::mempool_monitor[0m[2m:[0m 📨 Processing new pending transaction: 0xd7f9f97946cc63b93924c2f34e8f1aadfbdf27585e98b69bdf42c4f39570f2a8
[2m2025-12-10T10:08:26.626544Z[0m [34mDEBUG[0m [2methereum_transaction_pool_monitor::mempool_monitor[0m[2m:[0m 🔍 Fetching transaction details for: 0xd7f9f97946cc63b93924c2f34e8f1aadfbdf27585e98b69bdf42c4f39570f2a8
[2m2025-12-10T10:08:26.626550Z[0m [34mDEBUG[0m [2methereum_transaction_pool_monitor::eth_client[0m[2m:[0m 🔍 Fetching transaction details for hash: 0xd7f9f97946cc63b93924c2f34e8f1aadfbdf27585e98b69bdf42c4f39570f2a8
[2m2025-12-10T10:08:26.626570Z[0m [34mDEBUG[0m [2mhyper::client::pool[0m[2m:[0m reuse idle connection for ("http", 192.168.0.14:8545)
[2m2025-12-10T10:08:26.626619Z[0m [34mDEBUG[0m [2mhyper::proto::h1::io[0m[2m:[0m flushed 250 bytes
[2m2025-12-10T10:08:26.626639Z[0m [34mDEBUG[0m [2mhyper::client::pool[0m[2m:[0m reuse idle connection for ("http", 192.168.0.14:8545)
[2m2025-12-10T10:08:26.626654Z[0m [34mDEBUG[0m [2mhyper::proto::h1::io[0m[2m:[0m flushed 172 bytes
[2m2025-12-10T10:08:26.626656Z[0m [34mDEBUG[0m [2methereum_transaction_pool_monitor::eth_client[0m[2m:[0m 📨 Received WebSocket message: {"jsonrpc":"2.0","method":"eth_subscription","params":{"subscription":"0xbed0a0851463e895960a451075a301a9","result":"0x2b6f516c82ec69a1c6e82c6902d72333c1baef0b787131e591653f5e7abbd6e5"}}
[2m2025-12-10T10:08:26.626677Z[0m [34mDEBUG[0m [2methereum_transaction_pool_monitor::eth_client[0m[2m:[0m 📨 Received pending transaction: 0x2b6f516c82ec69a1c6e82c6902d72333c1baef0b787131e591653f5e7abbd6e5
[2m2025-12-10T10:08:26.626683Z[0m [34mDEBUG[0m [2methereum_transaction_pool_monitor::eth_client[0m[2m:[0m 📨 Received WebSocket message: {"jsonrpc":"2.0","method":"eth_subscription","params":{"subscription":"0xbed0a0851463e895960a451075a301a9","result":"0xe5b99c4818f6c39f1de9f3b3ab5a7ead65a33f7e19b792ddbd7e6e89d58c1aca"}}
[2m2025-12-10T10:08:26.626688Z[0m [34mDEBUG[0m [2methereum_transaction_pool_monitor::eth_client[0m[2m:[0m 📨 Received pending transaction: 0xe5b99c4818f6c39f1de9f3b3ab5a7ead65a33f7e19b792ddbd7e6e89d58c1aca
[2m2025-12-10T10:08:26.627425Z[0m [34mDEBUG[0m [2methereum_transaction_pool_monitor::eth_client[0m[2m:[0m 📨 Received WebSocket message: {"jsonrpc":"2.0","method":"eth_subscription","params":{"subscription":"0xbed0a0851463e895960a451075a301a9","result":"0x68719cb7ab4e0a2bbd5f44adfdb693dd331d2437995a296eee1cbc287c7343c8"}}
[2m2025-12-10T10:08:26.627434Z[0m [34mDEBUG[0m [2methereum_transaction_pool_monitor::eth_client[0m[2m:[0m 📨 Received pending transaction: 0x68719cb7ab4e0a2bbd5f44adfdb693dd331d2437995a296eee1cbc287c7343c8
[2m2025-12-10T10:08:26.631457Z[0m [34mDEBUG[0m [2mhyper::proto::h1::io[0m[2m:[0m parsed 4 headers
[2m2025-12-10T10:08:26.632196Z[0m [34mDEBUG[0m [2mhyper::proto::h1::conn[0m[2m:[0m incoming body is content-length (768 bytes)
[2m2025-12-10T10:08:26.632206Z[0m [34mDEBUG[0m [2mhyper::proto::h1::conn[0m[2m:[0m incoming body completed
[2m2025-12-10T10:08:26.632214Z[0m [34mDEBUG[0m [2mhyper::client::pool[0m[2m:[0m pooling idle connection for ("http", 192.168.0.14:8545)
[2m2025-12-10T10:08:26.632222Z[0m [34mDEBUG[0m [2methereum_transaction_pool_monitor::eth_client[0m[2m:[0m 📡 Transaction fetch RPC completed in 5.668416ms
[2m2025-12-10T10:08:26.704177Z[0m [34mDEBUG[0m [2methereum_transaction_pool_monitor::eth_client[0m[2m:[0m ✅ Transaction 0xd7f9f97946cc63b93924c2f34e8f1aadfbdf27585e98b69bdf42c4f39570f2a8 fetched and parsed in 77.6215ms
[2m2025-12-10T10:08:26.704206Z[0m [34mDEBUG[0m [2methereum_transaction_pool_monitor::mempool_monitor[0m[2m:[0m 🔍 Skipping tx 0xd7f9f97946cc63b93924c2f34e8f1aadfbdf27585e98b69bdf42c4f39570f2a8 - not a DEX interaction (target: 0xA0b86991c6218b36c1d19D4a2e9Eb0cE3606eB48)
[2m2025-12-10T10:08:26.704217Z[0m [34mDEBUG[0m [2methereum_transaction_pool_monitor::mempool_monitor[0m[2m:[0m 📨 Processing new pending transaction: 0xc366e886837935207e6d53ab03ada02941fcd1f6ea7adf7fe334ba85e868c54e
[2m2025-12-10T10:08:26.704222Z[0m [34mDEBUG[0m [2methereum_transaction_pool_monitor::mempool_monitor[0m[2m:[0m 🔍 Fetching transaction details for: 0xc366e886837935207e6d53ab03ada02941fcd1f6ea7adf7fe334ba85e868c54e
[2m2025-12-10T10:08:26.704227Z[0m [34mDEBUG[0m [2methereum_transaction_pool_monitor::eth_client[0m[2m:[0m 🔍 Fetching transaction details for hash: 0xc366e886837935207e6d53ab03ada02941fcd1f6ea7adf7fe334ba85e868c54e
[2m2025-12-10T10:08:26.704248Z[0m [34mDEBUG[0m [2mhyper::client::pool[0m[2m:[0m reuse idle connection for ("http", 192.168.0.14:8545)
[2m2025-12-10T10:08:26.704301Z[0m [34mDEBUG[0m [2mhyper::proto::h1::io[0m[2m:[0m flushed 250 bytes
[2m2025-12-10T10:08:26.704326Z[0m [34mDEBUG[0m [2methereum_transaction_pool_monitor::eth_client[0m[2m:[0m 📨 Received WebSocket message: {"jsonrpc":"2.0","method":"eth_subscription","params":{"subscription":"0xbed0a0851463e895960a451075a301a9","result":"0x0f150227e41f56cf890e33a9e696cfcf221fb70b181972a55425520a774b4148"}}
[2m2025-12-10T10:08:26.704333Z[0m [34mDEBUG[0m [2methereum_transaction_pool_monitor::eth_client[0m[2m:[0m 📨 Received pending transaction: 0x0f150227e41f56cf890e33a9e696cfcf221fb70b181972a55425520a774b4148
[2m2025-12-10T10:08:26.704350Z[0m [34mDEBUG[0m [2mhyper::proto::h1::io[0m[2m:[0m parsed 4 headers
[2m2025-12-10T10:08:26.704357Z[0m [34mDEBUG[0m [2mhyper::proto::h1::conn[0m[2m:[0m incoming body is content-length (45 bytes)
[2m2025-12-10T10:08:26.704365Z[0m [34mDEBUG[0m [2mhyper::proto::h1::conn[0m[2m:[0m incoming body completed
[2m2025-12-10T10:08:26.704375Z[0m [34mDEBUG[0m [2mhyper::client::pool[0m[2m:[0m pooling idle connection for ("http", 192.168.0.14:8545)
[2m2025-12-10T10:08:26.704406Z[0m [34mDEBUG[0m [2mhyper::client::pool[0m[2m:[0m reuse idle connection for ("http", 192.168.0.14:8545)
[2m2025-12-10T10:08:26.704423Z[0m [34mDEBUG[0m [2mhyper::proto::h1::io[0m[2m:[0m flushed 172 bytes
[2m2025-12-10T10:08:26.708881Z[0m [34mDEBUG[0m [2mhyper::proto::h1::io[0m[2m:[0m parsed 4 headers
[2m2025-12-10T10:08:26.708893Z[0m [34mDEBUG[0m [2mhyper::proto::h1::conn[0m[2m:[0m incoming body is content-length (918 bytes)
[2m2025-12-10T10:08:26.708900Z[0m [34mDEBUG[0m [2mhyper::proto::h1::conn[0m[2m:[0m incoming body completed
[2m2025-12-10T10:08:26.708909Z[0m [34mDEBUG[0m [2mhyper::client::pool[0m[2m:[0m pooling idle connection for ("http", 192.168.0.14:8545)
[2m2025-12-10T10:08:26.708916Z[0m [34mDEBUG[0m [2methereum_transaction_pool_monitor::eth_client[0m[2m:[0m 📡 Transaction fetch RPC completed in 4.684417ms
[2m2025-12-10T10:08:26.779626Z[0m [34mDEBUG[0m [2methereum_transaction_pool_monitor::eth_client[0m[2m:[0m ✅ Transaction 0xc366e886837935207e6d53ab03ada02941fcd1f6ea7adf7fe334ba85e868c54e fetched and parsed in 75.391917ms
[2m2025-12-10T10:08:26.780291Z[0m [34mDEBUG[0m [2methereum_transaction_pool_monitor::mempool_monitor[0m[2m:[0m 🔍 Skipping tx 0xc366e886837935207e6d53ab03ada02941fcd1f6ea7adf7fe334ba85e868c54e - not a DEX interaction (target: 0x2eBEfC8a26EC6dAc13b2e4f66a66380C5A683F32)
[2m2025-12-10T10:08:26.780305Z[0m [34mDEBUG[0m [2methereum_transaction_pool_monitor::mempool_monitor[0m[2m:[0m 📨 Processing new pending transaction: 0x077ded60ace1f31be42b513debeb4fd2b5eb607ced1fa2b05912568fe1525de1
[2m2025-12-10T10:08:26.780313Z[0m [34mDEBUG[0m [2methereum_transaction_pool_monitor::mempool_monitor[0m[2m:[0m 🔍 Fetching transaction details for: 0x077ded60ace1f31be42b513debeb4fd2b5eb607ced1fa2b05912568fe1525de1
[2m2025-12-10T10:08:26.780320Z[0m [34mDEBUG[0m [2methereum_transaction_pool_monitor::eth_client[0m[2m:[0m 🔍 Fetching transaction details for hash: 0x077ded60ace1f31be42b513debeb4fd2b5eb607ced1fa2b05912568fe1525de1
[2m2025-12-10T10:08:26.780339Z[0m [34mDEBUG[0m [2mhyper::client::pool[0m[2m:[0m reuse idle connection for ("http", 192.168.0.14:8545)
[2m2025-12-10T10:08:26.780389Z[0m [34mDEBUG[0m [2mhyper::proto::h1::io[0m[2m:[0m flushed 250 bytes
[2m2025-12-10T10:08:26.780407Z[0m [34mDEBUG[0m [2mhyper::proto::h1::io[0m[2m:[0m parsed 4 headers
[2m2025-12-10T10:08:26.780412Z[0m [34mDEBUG[0m [2mhyper::proto::h1::conn[0m[2m:[0m incoming body is content-length (45 bytes)
[2m2025-12-10T10:08:26.780420Z[0m [34mDEBUG[0m [2mhyper::proto::h1::conn[0m[2m:[0m incoming body completed
[2m2025-12-10T10:08:26.780433Z[0m [34mDEBUG[0m [2mhyper::client::pool[0m[2m:[0m pooling idle connection for ("http", 192.168.0.14:8545)
[2m2025-12-10T10:08:26.786868Z[0m [34mDEBUG[0m [2mhyper::proto::h1::io[0m[2m:[0m parsed 4 headers
[2m2025-12-10T10:08:26.786882Z[0m [34mDEBUG[0m [2mhyper::proto::h1::conn[0m[2m:[0m incoming body is content-length (771 bytes)
[2m2025-12-10T10:08:26.786888Z[0m [34mDEBUG[0m [2mhyper::proto::h1::conn[0m[2m:[0m incoming body completed
[2m2025-12-10T10:08:26.786896Z[0m [34mDEBUG[0m [2mhyper::client::pool[0m[2m:[0m pooling idle connection for ("http", 192.168.0.14:8545)
[2m2025-12-10T10:08:26.786902Z[0m [34mDEBUG[0m [2methereum_transaction_pool_monitor::eth_client[0m[2m:[0m 📡 Transaction fetch RPC completed in 6.577375ms
[2m2025-12-10T10:08:26.858992Z[0m [34mDEBUG[0m [2methereum_transaction_pool_monitor::eth_client[0m[2m:[0m ✅ Transaction 0x077ded60ace1f31be42b513debeb4fd2b5eb607ced1fa2b05912568fe1525de1 fetched and parsed in 78.665041ms
[2m2025-12-10T10:08:26.859014Z[0m [34mDEBUG[0m [2methereum_transaction_pool_monitor::mempool_monitor[0m[2m:[0m 🔍 Skipping tx 0x077ded60ace1f31be42b513debeb4fd2b5eb607ced1fa2b05912568fe1525de1 - not a DEX interaction (target: 0xA0b86991c6218b36c1d19D4a2e9Eb0cE3606eB48)
[2m2025-12-10T10:08:26.859025Z[0m [34mDEBUG[0m [2methereum_transaction_pool_monitor::mempool_monitor[0m[2m:[0m 📨 Processing new pending transaction: 0x15f1205a1f931af44caaf14c61a77cb019badae37f3ebc57a42febfe2e2510e6
[2m2025-12-10T10:08:26.859030Z[0m [34mDEBUG[0m [2methereum_transaction_pool_monitor::mempool_monitor[0m[2m:[0m 🔍 Fetching transaction details for: 0x15f1205a1f931af44caaf14c61a77cb019badae37f3ebc57a42febfe2e2510e6
[2m2025-12-10T10:08:26.859034Z[0m [34mDEBUG[0m [2methereum_transaction_pool_monitor::eth_client[0m[2m:[0m 🔍 Fetching transaction details for hash: 0x15f1205a1f931af44caaf14c61a77cb019badae37f3ebc57a42febfe2e2510e6
[2m2025-12-10T10:08:26.859052Z[0m [34mDEBUG[0m [2mhyper::client::pool[0m[2m:[0m reuse idle connection for ("http", 192.168.0.14:8545)
[2m2025-12-10T10:08:26.859098Z[0m [34mDEBUG[0m [2mhyper::proto::h1::io[0m[2m:[0m flushed 250 bytes
[2m2025-12-10T10:08:26.859118Z[0m [34mDEBUG[0m [2mhyper::client::pool[0m[2m:[0m reuse idle connection for ("http", 192.168.0.14:8545)
[2m2025-12-10T10:08:26.859129Z[0m [34mDEBUG[0m [2methereum_transaction_pool_monitor::eth_client[0m[2m:[0m 📨 Received WebSocket message: {"jsonrpc":"2.0","method":"eth_subscription","params":{"subscription":"0xbed0a0851463e895960a451075a301a9","result":"0xdc8a93d64958bd569a58eb19555b2365b48f6996009a299cb987a293f9d5942d"}}
[2m2025-12-10T10:08:26.859134Z[0m [34mDEBUG[0m [2mhyper::proto::h1::io[0m[2m:[0m flushed 172 bytes
[2m2025-12-10T10:08:26.859144Z[0m [34mDEBUG[0m [2methereum_transaction_pool_monitor::eth_client[0m[2m:[0m 📨 Received pending transaction: 0xdc8a93d64958bd569a58eb19555b2365b48f6996009a299cb987a293f9d5942d
[2m2025-12-10T10:08:26.865953Z[0m [34mDEBUG[0m [2mhyper::proto::h1::io[0m[2m:[0m parsed 4 headers
[2m2025-12-10T10:08:26.865977Z[0m [34mDEBUG[0m [2mhyper::proto::h1::conn[0m[2m:[0m incoming body is content-length (45 bytes)
[2m2025-12-10T10:08:26.865987Z[0m [34mDEBUG[0m [2mhyper::proto::h1::conn[0m[2m:[0m incoming body completed
[2m2025-12-10T10:08:26.866000Z[0m [34mDEBUG[0m [2mhyper::client::pool[0m[2m:[0m pooling idle connection for ("http", 192.168.0.14:8545)
[2m2025-12-10T10:08:26.866024Z[0m [34mDEBUG[0m [2mhyper::proto::h1::io[0m[2m:[0m parsed 4 headers
[2m2025-12-10T10:08:26.866028Z[0m [34mDEBUG[0m [2mhyper::proto::h1::conn[0m[2m:[0m incoming body is content-length (897 bytes)
[2m2025-12-10T10:08:26.866033Z[0m [34mDEBUG[0m [2mhyper::proto::h1::conn[0m[2m:[0m incoming body completed
[2m2025-12-10T10:08:26.866039Z[0m [34mDEBUG[0m [2mhyper::client::pool[0m[2m:[0m pooling idle connection for ("http", 192.168.0.14:8545)
[2m2025-12-10T10:08:26.866044Z[0m [34mDEBUG[0m [2methereum_transaction_pool_monitor::eth_client[0m[2m:[0m 📡 Transaction fetch RPC completed in 7.005667ms
[2m2025-12-10T10:08:26.938340Z[0m [34mDEBUG[0m [2methereum_transaction_pool_monitor::eth_client[0m[2m:[0m ✅ Transaction 0x15f1205a1f931af44caaf14c61a77cb019badae37f3ebc57a42febfe2e2510e6 fetched and parsed in 79.296833ms
[2m2025-12-10T10:08:26.938382Z[0m [34mDEBUG[0m [2methereum_transaction_pool_monitor::mempool_monitor[0m[2m:[0m 🔍 Skipping tx 0x15f1205a1f931af44caaf14c61a77cb019badae37f3ebc57a42febfe2e2510e6 - not a DEX interaction (target: 0x000000000022D473030F116dDEE9F6B43aC78BA3)
[2m2025-12-10T10:08:26.938400Z[0m [34mDEBUG[0m [2methereum_transaction_pool_monitor::mempool_monitor[0m[2m:[0m 📨 Processing new pending transaction: 0xf80cc2d288e8abe71edd8b576ca3c9b38594a6e72c61ca69bd8441fd6bbeb953
[2m2025-12-10T10:08:26.938406Z[0m [34mDEBUG[0m [2methereum_transaction_pool_monitor::mempool_monitor[0m[2m:[0m 🔍 Fetching transaction details for: 0xf80cc2d288e8abe71edd8b576ca3c9b38594a6e72c61ca69bd8441fd6bbeb953
[2m2025-12-10T10:08:26.938411Z[0m [34mDEBUG[0m [2methereum_transaction_pool_monitor::eth_client[0m[2m:[0m 🔍 Fetching transaction details for hash: 0xf80cc2d288e8abe71edd8b576ca3c9b38594a6e72c61ca69bd8441fd6bbeb953
[2m2025-12-10T10:08:26.938447Z[0m [34mDEBUG[0m [2mhyper::client::pool[0m[2m:[0m reuse idle connection for ("http", 192.168.0.14:8545)
[2m2025-12-10T10:08:26.938539Z[0m [34mDEBUG[0m [2mhyper::proto::h1::io[0m[2m:[0m flushed 250 bytes
[2m2025-12-10T10:08:26.938599Z[0m [34mDEBUG[0m [2mhyper::client::pool[0m[2m:[0m reuse idle connection for ("http", 192.168.0.14:8545)
[2m2025-12-10T10:08:26.938625Z[0m [34mDEBUG[0m [2mhyper::proto::h1::io[0m[2m:[0m flushed 172 bytes
[2m2025-12-10T10:08:26.945108Z[0m [34mDEBUG[0m [2mhyper::proto::h1::io[0m[2m:[0m parsed 4 headers
[2m2025-12-10T10:08:26.945123Z[0m [34mDEBUG[0m [2mhyper::proto::h1::conn[0m[2m:[0m incoming body is content-length (5759 bytes)
[2m2025-12-10T10:08:26.945140Z[0m [34mDEBUG[0m [2methereum_transaction_pool_monitor::eth_client[0m[2m:[0m 📡 Transaction fetch RPC completed in 6.725209ms
[2m2025-12-10T10:08:26.946341Z[0m [34mDEBUG[0m [2mhyper::proto::h1::io[0m[2m:[0m parsed 4 headers
[2m2025-12-10T10:08:26.946348Z[0m [34mDEBUG[0m [2mhyper::proto::h1::conn[0m[2m:[0m incoming body is content-length (45 bytes)
[2m2025-12-10T10:08:26.946353Z[0m [34mDEBUG[0m [2mhyper::proto::h1::conn[0m[2m:[0m incoming body completed
[2m2025-12-10T10:08:26.946367Z[0m [34mDEBUG[0m [2mhyper::client::pool[0m[2m:[0m pooling idle connection for ("http", 192.168.0.14:8545)
[2m2025-12-10T10:08:26.946370Z[0m [34mDEBUG[0m [2mhyper::proto::h1::conn[0m[2m:[0m incoming body completed
[2m2025-12-10T10:08:26.946385Z[0m [34mDEBUG[0m [2mhyper::client::pool[0m[2m:[0m pooling idle connection for ("http", 192.168.0.14:8545)
[2m2025-12-10T10:08:26.995671Z[0m [34mDEBUG[0m [2mhyper::client::pool[0m[2m:[0m reuse idle connection for ("http", 192.168.0.14:8545)
[2m2025-12-10T10:08:26.995731Z[0m [34mDEBUG[0m [2mhyper::proto::h1::io[0m[2m:[0m flushed 172 bytes
[2m2025-12-10T10:08:26.999350Z[0m [34mDEBUG[0m [2mhyper::proto::h1::io[0m[2m:[0m parsed 4 headers
[2m2025-12-10T10:08:26.999360Z[0m [34mDEBUG[0m [2mhyper::proto::h1::conn[0m[2m:[0m incoming body is content-length (45 bytes)
[2m2025-12-10T10:08:26.999368Z[0m [34mDEBUG[0m [2mhyper::proto::h1::conn[0m[2m:[0m incoming body completed
[2m2025-12-10T10:08:26.999378Z[0m [34mDEBUG[0m [2mhyper::client::pool[0m[2m:[0m pooling idle connection for ("http", 192.168.0.14:8545)
[2m2025-12-10T10:08:27.018397Z[0m [34mDEBUG[0m [2methereum_transaction_pool_monitor::eth_client[0m[2m:[0m ✅ Transaction 0xf80cc2d288e8abe71edd8b576ca3c9b38594a6e72c61ca69bd8441fd6bbeb953 fetched and parsed in 79.979334ms
[2m2025-12-10T10:08:27.018425Z[0m [34mDEBUG[0m [2methereum_transaction_pool_monitor::mempool_monitor[0m[2m:[0m 🔍 Skipping tx 0xf80cc2d288e8abe71edd8b576ca3c9b38594a6e72c61ca69bd8441fd6bbeb953 - not a DEX interaction (target: 0x618892aE551eB5bB2DE8911057b3714274b5FFe1)
[2m2025-12-10T10:08:27.018437Z[0m [34mDEBUG[0m [2methereum_transaction_pool_monitor::mempool_monitor[0m[2m:[0m 📨 Processing new pending transaction: 0x62f8647a766231619e24a6e29c89f925c5e24883c4a8b27e3c47d9b257b3f376
[2m2025-12-10T10:08:27.018443Z[0m [34mDEBUG[0m [2methereum_transaction_pool_monitor::mempool_monitor[0m[2m:[0m 🔍 Fetching transaction details for: 0x62f8647a766231619e24a6e29c89f925c5e24883c4a8b27e3c47d9b257b3f376
[2m2025-12-10T10:08:27.018447Z[0m [34mDEBUG[0m [2methereum_transaction_pool_monitor::eth_client[0m[2m:[0m 🔍 Fetching transaction details for hash: 0x62f8647a766231619e24a6e29c89f925c5e24883c4a8b27e3c47d9b257b3f376
[2m2025-12-10T10:08:27.018467Z[0m [34mDEBUG[0m [2mhyper::client::pool[0m[2m:[0m reuse idle connection for ("http", 192.168.0.14:8545)
[2m2025-12-10T10:08:27.018509Z[0m [34mDEBUG[0m [2mhyper::proto::h1::io[0m[2m:[0m flushed 250 bytes
[2m2025-12-10T10:08:27.021974Z[0m [34mDEBUG[0m [2mhyper::proto::h1::io[0m[2m:[0m parsed 4 headers
[2m2025-12-10T10:08:27.021987Z[0m [34mDEBUG[0m [2mhyper::proto::h1::conn[0m[2m:[0m incoming body is content-length (582 bytes)
[2m2025-12-10T10:08:27.021994Z[0m [34mDEBUG[0m [2mhyper::proto::h1::conn[0m[2m:[0m incoming body completed
[2m2025-12-10T10:08:27.022003Z[0m [34mDEBUG[0m [2mhyper::client::pool[0m[2m:[0m pooling idle connection for ("http", 192.168.0.14:8545)
[2m2025-12-10T10:08:27.022009Z[0m [34mDEBUG[0m [2methereum_transaction_pool_monitor::eth_client[0m[2m:[0m 📡 Transaction fetch RPC completed in 3.558125ms
[2m2025-12-10T10:08:27.094874Z[0m [34mDEBUG[0m [2methereum_transaction_pool_monitor::eth_client[0m[2m:[0m ✅ Transaction 0x62f8647a766231619e24a6e29c89f925c5e24883c4a8b27e3c47d9b257b3f376 fetched and parsed in 76.42025ms
[2m2025-12-10T10:08:27.094905Z[0m [34mDEBUG[0m [2methereum_transaction_pool_monitor::mempool_monitor[0m[2m:[0m 🔍 Skipping tx 0x62f8647a766231619e24a6e29c89f925c5e24883c4a8b27e3c47d9b257b3f376 - not a DEX interaction (target: 0x3c98FF47D28Eb0c84a112A7FB5E55e6aB137d0ac)
[2m2025-12-10T10:08:27.094922Z[0m [34mDEBUG[0m [2methereum_transaction_pool_monitor::mempool_monitor[0m[2m:[0m 📨 Processing new pending transaction: 0x5eab2f02c4fff8bf854b6bd4cdd8d70d085e342cc5e21e8c1b6cfd04029cc47e
[2m2025-12-10T10:08:27.094929Z[0m [34mDEBUG[0m [2methereum_transaction_pool_monitor::mempool_monitor[0m[2m:[0m 🔍 Fetching transaction details for: 0x5eab2f02c4fff8bf854b6bd4cdd8d70d085e342cc5e21e8c1b6cfd04029cc47e
[2m2025-12-10T10:08:27.094934Z[0m [34mDEBUG[0m [2methereum_transaction_pool_monitor::eth_client[0m[2m:[0m 🔍 Fetching transaction details for hash: 0x5eab2f02c4fff8bf854b6bd4cdd8d70d085e342cc5e21e8c1b6cfd04029cc47e
[2m2025-12-10T10:08:27.094959Z[0m [34mDEBUG[0m [2mhyper::client::pool[0m[2m:[0m reuse idle connection for ("http", 192.168.0.14:8545)
[2m2025-12-10T10:08:27.094999Z[0m [34mDEBUG[0m [2mhyper::proto::h1::io[0m[2m:[0m flushed 250 bytes
[2m2025-12-10T10:08:27.096167Z[0m [34mDEBUG[0m [2mhyper::client::pool[0m[2m:[0m reuse idle connection for ("http", 192.168.0.14:8545)
[2m2025-12-10T10:08:27.096207Z[0m [34mDEBUG[0m [2mhyper::proto::h1::io[0m[2m:[0m flushed 172 bytes
[2m2025-12-10T10:08:27.102117Z[0m [34mDEBUG[0m [2mhyper::proto::h1::io[0m[2m:[0m parsed 4 headers
[2m2025-12-10T10:08:27.102168Z[0m [34mDEBUG[0m [2mhyper::proto::h1::conn[0m[2m:[0m incoming body is content-length (45 bytes)
[2m2025-12-10T10:08:27.102190Z[0m [34mDEBUG[0m [2mhyper::proto::h1::conn[0m[2m:[0m incoming body completed
[2m2025-12-10T10:08:27.102204Z[0m [34mDEBUG[0m [2mhyper::client::pool[0m[2m:[0m pooling idle connection for ("http", 192.168.0.14:8545)
[2m2025-12-10T10:08:27.102241Z[0m [34mDEBUG[0m [2mhyper::proto::h1::io[0m[2m:[0m parsed 4 headers
[2m2025-12-10T10:08:27.102246Z[0m [34mDEBUG[0m [2mhyper::proto::h1::conn[0m[2m:[0m incoming body is content-length (4743 bytes)
[2m2025-12-10T10:08:27.102251Z[0m [34mDEBUG[0m [2mhyper::proto::h1::conn[0m[2m:[0m incoming body completed
[2m2025-12-10T10:08:27.102257Z[0m [34mDEBUG[0m [2mhyper::client::pool[0m[2m:[0m pooling idle connection for ("http", 192.168.0.14:8545)
[2m2025-12-10T10:08:27.102262Z[0m [34mDEBUG[0m [2methereum_transaction_pool_monitor::eth_client[0m[2m:[0m 📡 Transaction fetch RPC completed in 7.321333ms
[2m2025-12-10T10:08:27.178964Z[0m [34mDEBUG[0m [2methereum_transaction_pool_monitor::eth_client[0m[2m:[0m ✅ Transaction 0x5eab2f02c4fff8bf854b6bd4cdd8d70d085e342cc5e21e8c1b6cfd04029cc47e fetched and parsed in 84.019458ms
[2m2025-12-10T10:08:27.178995Z[0m [34mDEBUG[0m [2methereum_transaction_pool_monitor::mempool_monitor[0m[2m:[0m 🔍 Skipping tx 0x5eab2f02c4fff8bf854b6bd4cdd8d70d085e342cc5e21e8c1b6cfd04029cc47e - not a DEX interaction (target: 0xC497058d572D188bFcE1B9813E7D346C54A20812)
[2m2025-12-10T10:08:27.179006Z[0m [34mDEBUG[0m [2methereum_transaction_pool_monitor::mempool_monitor[0m[2m:[0m 📨 Processing new pending transaction: 0xf9b62df7d051aa208ca47069492cc4e0bea39a43d73772e2ed5858f9f50c5d35
[2m2025-12-10T10:08:27.179012Z[0m [34mDEBUG[0m [2methereum_transaction_pool_monitor::mempool_monitor[0m[2m:[0m 🔍 Fetching transaction details for: 0xf9b62df7d051aa208ca47069492cc4e0bea39a43d73772e2ed5858f9f50c5d35
[2m2025-12-10T10:08:27.179016Z[0m [34mDEBUG[0m [2methereum_transaction_pool_monitor::eth_client[0m[2m:[0m 🔍 Fetching transaction details for hash: 0xf9b62df7d051aa208ca47069492cc4e0bea39a43d73772e2ed5858f9f50c5d35
[2m2025-12-10T10:08:27.179038Z[0m [34mDEBUG[0m [2mhyper::client::pool[0m[2m:[0m reuse idle connection for ("http", 192.168.0.14:8545)
[2m2025-12-10T10:08:27.179092Z[0m [34mDEBUG[0m [2mhyper::proto::h1::io[0m[2m:[0m flushed 250 bytes
[2m2025-12-10T10:08:27.179114Z[0m [34mDEBUG[0m [2methereum_transaction_pool_monitor::eth_client[0m[2m:[0m 📨 Received WebSocket message: {"jsonrpc":"2.0","method":"eth_subscription","params":{"subscription":"0xbed0a0851463e895960a451075a301a9","result":"0x9ba5df9d9dbcf8694e2d0905ecd555bb40ccccf0d1dbc4b616546a687e1e454e"}}
[2m2025-12-10T10:08:27.179122Z[0m [34mDEBUG[0m [2methereum_transaction_pool_monitor::eth_client[0m[2m:[0m 📨 Received pending transaction: 0x9ba5df9d9dbcf8694e2d0905ecd555bb40ccccf0d1dbc4b616546a687e1e454e
[2m2025-12-10T10:08:27.186601Z[0m [34mDEBUG[0m [2mhyper::proto::h1::io[0m[2m:[0m parsed 4 headers
[2m2025-12-10T10:08:27.186622Z[0m [34mDEBUG[0m [2mhyper::proto::h1::conn[0m[2m:[0m incoming body is content-length (712 bytes)
[2m2025-12-10T10:08:27.186633Z[0m [34mDEBUG[0m [2mhyper::proto::h1::conn[0m[2m:[0m incoming body completed
[2m2025-12-10T10:08:27.186647Z[0m [34mDEBUG[0m [2mhyper::client::pool[0m[2m:[0m pooling idle connection for ("http", 192.168.0.14:8545)
[2m2025-12-10T10:08:27.186656Z[0m [34mDEBUG[0m [2methereum_transaction_pool_monitor::eth_client[0m[2m:[0m 📡 Transaction fetch RPC completed in 7.635958ms
[2m2025-12-10T10:08:27.258305Z[0m [34mDEBUG[0m [2methereum_transaction_pool_monitor::eth_client[0m[2m:[0m ✅ Transaction 0xf9b62df7d051aa208ca47069492cc4e0bea39a43d73772e2ed5858f9f50c5d35 fetched and parsed in 79.281375ms
[2m2025-12-10T10:08:27.258341Z[0m [34mDEBUG[0m [2methereum_transaction_pool_monitor::mempool_monitor[0m[2m:[0m 🔍 Skipping tx 0xf9b62df7d051aa208ca47069492cc4e0bea39a43d73772e2ed5858f9f50c5d35 - not a DEX interaction (target: 0x694290534B77C3d845F9C51B6C7872A4268dc313)
[2m2025-12-10T10:08:27.258355Z[0m [34mDEBUG[0m [2methereum_transaction_pool_monitor::mempool_monitor[0m[2m:[0m 📨 Processing new pending transaction: 0x2b6f516c82ec69a1c6e82c6902d72333c1baef0b787131e591653f5e7abbd6e5
[2m2025-12-10T10:08:27.258362Z[0m [34mDEBUG[0m [2methereum_transaction_pool_monitor::mempool_monitor[0m[2m:[0m 🔍 Fetching transaction details for: 0x2b6f516c82ec69a1c6e82c6902d72333c1baef0b787131e591653f5e7abbd6e5
[2m2025-12-10T10:08:27.258368Z[0m [34mDEBUG[0m [2methereum_transaction_pool_monitor::eth_client[0m[2m:[0m 🔍 Fetching transaction details for hash: 0x2b6f516c82ec69a1c6e82c6902d72333c1baef0b787131e591653f5e7abbd6e5
[2m2025-12-10T10:08:27.258394Z[0m [34mDEBUG[0m [2mhyper::client::pool[0m[2m:[0m reuse idle connection for ("http", 192.168.0.14:8545)
[2m2025-12-10T10:08:27.258439Z[0m [34mDEBUG[0m [2mhyper::proto::h1::io[0m[2m:[0m flushed 250 bytes
[2m2025-12-10T10:08:27.258465Z[0m [34mDEBUG[0m [2mhyper::client::pool[0m[2m:[0m reuse idle connection for ("http", 192.168.0.14:8545)
[2m2025-12-10T10:08:27.258481Z[0m [34mDEBUG[0m [2mhyper::proto::h1::io[0m[2m:[0m flushed 172 bytes
[2m2025-12-10T10:08:27.258483Z[0m [34mDEBUG[0m [2methereum_transaction_pool_monitor::eth_client[0m[2m:[0m 📨 Received WebSocket message: {"jsonrpc":"2.0","method":"eth_subscription","params":{"subscription":"0xbed0a0851463e895960a451075a301a9","result":"0x509f2352ae5007edcac435e3c8982183a878018400486975997cf5fca4757e3f"}}
[2m2025-12-10T10:08:27.258498Z[0m [34mDEBUG[0m [2methereum_transaction_pool_monitor::eth_client[0m[2m:[0m 📨 Received pending transaction: 0x509f2352ae5007edcac435e3c8982183a878018400486975997cf5fca4757e3f
[2m2025-12-10T10:08:27.258508Z[0m [34mDEBUG[0m [2methereum_transaction_pool_monitor::eth_client[0m[2m:[0m 📨 Received WebSocket message: {"jsonrpc":"2.0","method":"eth_subscription","params":{"subscription":"0xbed0a0851463e895960a451075a301a9","result":"0xfdc47638d58dce36c2342b1aa97de0b78b0f6d9d2748892d8db85c27c6da19a6"}}
[2m2025-12-10T10:08:27.258516Z[0m [34mDEBUG[0m [2methereum_transaction_pool_monitor::eth_client[0m[2m:[0m 📨 Received pending transaction: 0xfdc47638d58dce36c2342b1aa97de0b78b0f6d9d2748892d8db85c27c6da19a6
[2m2025-12-10T10:08:27.259339Z[0m [34mDEBUG[0m [2methereum_transaction_pool_monitor::eth_client[0m[2m:[0m 📨 Received WebSocket message: {"jsonrpc":"2.0","method":"eth_subscription","params":{"subscription":"0xbed0a0851463e895960a451075a301a9","result":"0xc8a2a4735633e8b816db61dc93731e9b27683f9e69a86637f83f30ec183ddd2e"}}
[2m2025-12-10T10:08:27.259348Z[0m [34mDEBUG[0m [2methereum_transaction_pool_monitor::eth_client[0m[2m:[0m 📨 Received pending transaction: 0xc8a2a4735633e8b816db61dc93731e9b27683f9e69a86637f83f30ec183ddd2e
[2m2025-12-10T10:08:27.264653Z[0m [34mDEBUG[0m [2methereum_transaction_pool_monitor::eth_client[0m[2m:[0m 📨 Received WebSocket message: {"jsonrpc":"2.0","method":"eth_subscription","params":{"subscription":"0xbed0a0851463e895960a451075a301a9","result":"0x08b7ebdb3ef5c9cb9a1fa335a4a8194213ca62db910d89b52eb99b8a8a4f1dc8"}}
[2m2025-12-10T10:08:27.264666Z[0m [34mDEBUG[0m [2methereum_transaction_pool_monitor::eth_client[0m[2m:[0m 📨 Received pending transaction: 0x08b7ebdb3ef5c9cb9a1fa335a4a8194213ca62db910d89b52eb99b8a8a4f1dc8
[2m2025-12-10T10:08:27.266086Z[0m [34mDEBUG[0m [2mhyper::proto::h1::io[0m[2m:[0m parsed 4 headers
[2m2025-12-10T10:08:27.266094Z[0m [34mDEBUG[0m [2mhyper::proto::h1::conn[0m[2m:[0m incoming body is content-length (45 bytes)
[2m2025-12-10T10:08:27.266102Z[0m [34mDEBUG[0m [2mhyper::proto::h1::conn[0m[2m:[0m incoming body completed
[2m2025-12-10T10:08:27.266112Z[0m [34mDEBUG[0m [2mhyper::client::pool[0m[2m:[0m pooling idle connection for ("http", 192.168.0.14:8545)
[2m2025-12-10T10:08:27.267243Z[0m [34mDEBUG[0m [2mhyper::proto::h1::io[0m[2m:[0m parsed 4 headers
[2m2025-12-10T10:08:27.267249Z[0m [34mDEBUG[0m [2mhyper::proto::h1::conn[0m[2m:[0m incoming body is content-length (723 bytes)
[2m2025-12-10T10:08:27.267254Z[0m [34mDEBUG[0m [2mhyper::proto::h1::conn[0m[2m:[0m incoming body completed
[2m2025-12-10T10:08:27.267260Z[0m [34mDEBUG[0m [2mhyper::client::pool[0m[2m:[0m pooling idle connection for ("http", 192.168.0.14:8545)
[2m2025-12-10T10:08:27.267265Z[0m [34mDEBUG[0m [2methereum_transaction_pool_monitor::eth_client[0m[2m:[0m 📡 Transaction fetch RPC completed in 8.891042ms
[2m2025-12-10T10:08:27.339286Z[0m [34mDEBUG[0m [2methereum_transaction_pool_monitor::eth_client[0m[2m:[0m ✅ Transaction 0x2b6f516c82ec69a1c6e82c6902d72333c1baef0b787131e591653f5e7abbd6e5 fetched and parsed in 80.909667ms
[2m2025-12-10T10:08:27.339320Z[0m [34mDEBUG[0m [2methereum_transaction_pool_monitor::mempool_monitor[0m[2m:[0m 🔍 Skipping tx 0x2b6f516c82ec69a1c6e82c6902d72333c1baef0b787131e591653f5e7abbd6e5 - not a DEX interaction (target: 0x08aA34cC843CeEBcC88A627F18430294aA9780be)
[2m2025-12-10T10:08:27.339335Z[0m [34mDEBUG[0m [2methereum_transaction_pool_monitor::mempool_monitor[0m[2m:[0m 📨 Processing new pending transaction: 0xe5b99c4818f6c39f1de9f3b3ab5a7ead65a33f7e19b792ddbd7e6e89d58c1aca
[2m2025-12-10T10:08:27.339342Z[0m [34mDEBUG[0m [2methereum_transaction_pool_monitor::mempool_monitor[0m[2m:[0m 🔍 Fetching transaction details for: 0xe5b99c4818f6c39f1de9f3b3ab5a7ead65a33f7e19b792ddbd7e6e89d58c1aca
[2m2025-12-10T10:08:27.339347Z[0m [34mDEBUG[0m [2methereum_transaction_pool_monitor::eth_client[0m[2m:[0m 🔍 Fetching transaction details for hash: 0xe5b99c4818f6c39f1de9f3b3ab5a7ead65a33f7e19b792ddbd7e6e89d58c1aca
[2m2025-12-10T10:08:27.339377Z[0m [34mDEBUG[0m [2mhyper::client::pool[0m[2m:[0m reuse idle connection for ("http", 192.168.0.14:8545)
[2m2025-12-10T10:08:27.339442Z[0m [34mDEBUG[0m [2mhyper::proto::h1::io[0m[2m:[0m flushed 250 bytes
[2m2025-12-10T10:08:27.339466Z[0m [34mDEBUG[0m [2mhyper::client::pool[0m[2m:[0m reuse idle connection for ("http", 192.168.0.14:8545)
[2m2025-12-10T10:08:27.339479Z[0m [34mDEBUG[0m [2methereum_transaction_pool_monitor::eth_client[0m[2m:[0m 📨 Received WebSocket message: {"jsonrpc":"2.0","method":"eth_subscription","params":{"subscription":"0xbed0a0851463e895960a451075a301a9","result":"0x931708ed61742dc5b8728dc099edd54a0805f63363533a0bbf326971172e73fb"}}
[2m2025-12-10T10:08:27.339483Z[0m [34mDEBUG[0m [2mhyper::proto::h1::io[0m[2m:[0m flushed 172 bytes
[2m2025-12-10T10:08:27.339494Z[0m [34mDEBUG[0m [2methereum_transaction_pool_monitor::eth_client[0m[2m:[0m 📨 Received pending transaction: 0x931708ed61742dc5b8728dc099edd54a0805f63363533a0bbf326971172e73fb
[2m2025-12-10T10:08:27.347658Z[0m [34mDEBUG[0m [2mhyper::proto::h1::io[0m[2m:[0m parsed 4 headers
[2m2025-12-10T10:08:27.347667Z[0m [34mDEBUG[0m [2mhyper::proto::h1::conn[0m[2m:[0m incoming body is content-length (45 bytes)
[2m2025-12-10T10:08:27.347675Z[0m [34mDEBUG[0m [2mhyper::proto::h1::conn[0m[2m:[0m incoming body completed
[2m2025-12-10T10:08:27.347683Z[0m [34mDEBUG[0m [2mhyper::client::pool[0m[2m:[0m pooling idle connection for ("http", 192.168.0.14:8545)
[2m2025-12-10T10:08:27.347701Z[0m [34mDEBUG[0m [2mhyper::proto::h1::io[0m[2m:[0m parsed 4 headers
[2m2025-12-10T10:08:27.347705Z[0m [34mDEBUG[0m [2mhyper::proto::h1::conn[0m[2m:[0m incoming body is content-length (774 bytes)
[2m2025-12-10T10:08:27.347709Z[0m [34mDEBUG[0m [2mhyper::proto::h1::conn[0m[2m:[0m incoming body completed
[2m2025-12-10T10:08:27.347714Z[0m [34mDEBUG[0m [2mhyper::client::pool[0m[2m:[0m pooling idle connection for ("http", 192.168.0.14:8545)
[2m2025-12-10T10:08:27.347719Z[0m [34mDEBUG[0m [2methereum_transaction_pool_monitor::eth_client[0m[2m:[0m 📡 Transaction fetch RPC completed in 8.366042ms
[2m2025-12-10T10:08:27.347730Z[0m [34mDEBUG[0m [2methereum_transaction_pool_monitor::eth_client[0m[2m:[0m DeFi transaction detected - Address: 0xdac17f958d2ee523a2206206994597c13d831ec7, Type: Stablecoin, Value: 0 ETH, Gas: 2.86 Gwei
[2m2025-12-10T10:08:27.347744Z[0m [34mDEBUG[0m [2methereum_transaction_pool_monitor::eth_client[0m[2m:[0m ✅ Transaction 0xe5b99c4818f6c39f1de9f3b3ab5a7ead65a33f7e19b792ddbd7e6e89d58c1aca fetched and parsed in 8.391959ms
[2m2025-12-10T10:08:27.347750Z[0m [34mDEBUG[0m [2methereum_transaction_pool_monitor::mempool_monitor[0m[2m:[0m 🔍 Skipping tx 0xe5b99c4818f6c39f1de9f3b3ab5a7ead65a33f7e19b792ddbd7e6e89d58c1aca - not a DEX interaction (target: 0xdAC17F958D2ee523a2206206994597C13D831ec7)
[2m2025-12-10T10:08:27.347758Z[0m [34mDEBUG[0m [2methereum_transaction_pool_monitor::mempool_monitor[0m[2m:[0m 📨 Processing new pending transaction: 0x68719cb7ab4e0a2bbd5f44adfdb693dd331d2437995a296eee1cbc287c7343c8
[2m2025-12-10T10:08:27.347763Z[0m [34mDEBUG[0m [2methereum_transaction_pool_monitor::mempool_monitor[0m[2m:[0m 🔍 Fetching transaction details for: 0x68719cb7ab4e0a2bbd5f44adfdb693dd331d2437995a296eee1cbc287c7343c8
[2m2025-12-10T10:08:27.347767Z[0m [34mDEBUG[0m [2methereum_transaction_pool_monitor::eth_client[0m[2m:[0m 🔍 Fetching transaction details for hash: 0x68719cb7ab4e0a2bbd5f44adfdb693dd331d2437995a296eee1cbc287c7343c8
[2m2025-12-10T10:08:27.347776Z[0m [34mDEBUG[0m [2mhyper::client::pool[0m[2m:[0m reuse idle connection for ("http", 192.168.0.14:8545)
[2m2025-12-10T10:08:27.347789Z[0m [34mDEBUG[0m [2mhyper::proto::h1::io[0m[2m:[0m flushed 250 bytes
[2m2025-12-10T10:08:27.357005Z[0m [34mDEBUG[0m [2mhyper::proto::h1::io[0m[2m:[0m parsed 4 headers
[2m2025-12-10T10:08:27.357013Z[0m [34mDEBUG[0m [2mhyper::proto::h1::conn[0m[2m:[0m incoming body is content-length (676 bytes)
[2m2025-12-10T10:08:27.357020Z[0m [34mDEBUG[0m [2mhyper::proto::h1::conn[0m[2m:[0m incoming body completed
[2m2025-12-10T10:08:27.357027Z[0m [34mDEBUG[0m [2mhyper::client::pool[0m[2m:[0m pooling idle connection for ("http", 192.168.0.14:8545)
[2m2025-12-10T10:08:27.357032Z[0m [34mDEBUG[0m [2methereum_transaction_pool_monitor::eth_client[0m[2m:[0m 📡 Transaction fetch RPC completed in 9.262125ms
[2m2025-12-10T10:08:27.427676Z[0m [34mDEBUG[0m [2methereum_transaction_pool_monitor::eth_client[0m[2m:[0m ✅ Transaction 0x68719cb7ab4e0a2bbd5f44adfdb693dd331d2437995a296eee1cbc287c7343c8 fetched and parsed in 79.90225ms
[2m2025-12-10T10:08:27.427711Z[0m [34mDEBUG[0m [2methereum_transaction_pool_monitor::mempool_monitor[0m[2m:[0m 🔍 Skipping tx 0x68719cb7ab4e0a2bbd5f44adfdb693dd331d2437995a296eee1cbc287c7343c8 - not a DEX interaction (target: 0xA0b86991c6218b36c1d19D4a2e9Eb0cE3606eB48)
[2m2025-12-10T10:08:27.427723Z[0m [34mDEBUG[0m [2methereum_transaction_pool_monitor::mempool_monitor[0m[2m:[0m 📨 Processing new pending transaction: 0x0f150227e41f56cf890e33a9e696cfcf221fb70b181972a55425520a774b4148
[2m2025-12-10T10:08:27.427730Z[0m [34mDEBUG[0m [2methereum_transaction_pool_monitor::mempool_monitor[0m[2m:[0m 🔍 Fetching transaction details for: 0x0f150227e41f56cf890e33a9e696cfcf221fb70b181972a55425520a774b4148
[2m2025-12-10T10:08:27.427736Z[0m [34mDEBUG[0m [2methereum_transaction_pool_monitor::eth_client[0m[2m:[0m 🔍 Fetching transaction details for hash: 0x0f150227e41f56cf890e33a9e696cfcf221fb70b181972a55425520a774b4148
[2m2025-12-10T10:08:27.427763Z[0m [34mDEBUG[0m [2mhyper::client::pool[0m[2m:[0m reuse idle connection for ("http", 192.168.0.14:8545)
[2m2025-12-10T10:08:27.427949Z[0m [34mDEBUG[0m [2mhyper::proto::h1::io[0m[2m:[0m flushed 250 bytes
[2m2025-12-10T10:08:27.427972Z[0m [34mDEBUG[0m [2mhyper::client::pool[0m[2m:[0m reuse idle connection for ("http", 192.168.0.14:8545)
[2m2025-12-10T10:08:27.427984Z[0m [34mDEBUG[0m [2methereum_transaction_pool_monitor::eth_client[0m[2m:[0m 📨 Received WebSocket message: {"jsonrpc":"2.0","method":"eth_subscription","params":{"subscription":"0xbed0a0851463e895960a451075a301a9","result":"0x9669002ea38bd2e08935a4cd533e600f67b09d3132b9f8cc1211beea63de2885"}}
[2m2025-12-10T10:08:27.427987Z[0m [34mDEBUG[0m [2mhyper::proto::h1::io[0m[2m:[0m flushed 172 bytes
[2m2025-12-10T10:08:27.428000Z[0m [34mDEBUG[0m [2methereum_transaction_pool_monitor::eth_client[0m[2m:[0m 📨 Received pending transaction: 0x9669002ea38bd2e08935a4cd533e600f67b09d3132b9f8cc1211beea63de2885
[2m2025-12-10T10:08:27.428009Z[0m [34mDEBUG[0m [2methereum_transaction_pool_monitor::eth_client[0m[2m:[0m 📨 Received WebSocket message: {"jsonrpc":"2.0","method":"eth_subscription","params":{"subscription":"0xbed0a0851463e895960a451075a301a9","result":"0xd5e0074053538e8d29da79b8fd72e7dad41177cfe5c498d0c473d01086f69a5c"}}
[2m2025-12-10T10:08:27.428015Z[0m [34mDEBUG[0m [2methereum_transaction_pool_monitor::eth_client[0m[2m:[0m 📨 Received pending transaction: 0xd5e0074053538e8d29da79b8fd72e7dad41177cfe5c498d0c473d01086f69a5c
[2m2025-12-10T10:08:27.435356Z[0m [34mDEBUG[0m [2mhyper::proto::h1::io[0m[2m:[0m parsed 4 headers
[2m2025-12-10T10:08:27.435381Z[0m [34mDEBUG[0m [2mhyper::proto::h1::conn[0m[2m:[0m incoming body is content-length (45 bytes)
[2m2025-12-10T10:08:27.435394Z[0m [34mDEBUG[0m [2mhyper::proto::h1::conn[0m[2m:[0m incoming body completed
[2m2025-12-10T10:08:27.435407Z[0m [34mDEBUG[0m [2mhyper::client::pool[0m[2m:[0m pooling idle connection for ("http", 192.168.0.14:8545)
[2m2025-12-10T10:08:27.437228Z[0m [34mDEBUG[0m [2mhyper::proto::h1::io[0m[2m:[0m parsed 4 headers
[2m2025-12-10T10:08:27.437239Z[0m [34mDEBUG[0m [2mhyper::proto::h1::conn[0m[2m:[0m incoming body is content-length (1731 bytes)
[2m2025-12-10T10:08:27.437246Z[0m [34mDEBUG[0m [2mhyper::proto::h1::conn[0m[2m:[0m incoming body completed
[2m2025-12-10T10:08:27.437256Z[0m [34mDEBUG[0m [2mhyper::client::pool[0m[2m:[0m pooling idle connection for ("http", 192.168.0.14:8545)
[2m2025-12-10T10:08:27.437264Z[0m [34mDEBUG[0m [2methereum_transaction_pool_monitor::eth_client[0m[2m:[0m 📡 Transaction fetch RPC completed in 9.522ms
[2m2025-12-10T10:08:27.510770Z[0m [34mDEBUG[0m [2methereum_transaction_pool_monitor::eth_client[0m[2m:[0m ✅ Transaction 0x0f150227e41f56cf890e33a9e696cfcf221fb70b181972a55425520a774b4148 fetched and parsed in 83.024958ms
[2m2025-12-10T10:08:27.510813Z[0m [34mDEBUG[0m [2methereum_transaction_pool_monitor::mempool_monitor[0m[2m:[0m 🔍 Skipping tx 0x0f150227e41f56cf890e33a9e696cfcf221fb70b181972a55425520a774b4148 - not a DEX interaction (target: 0x601a2aD6CB5949f0529735254189Ba3194221EDF)
[2m2025-12-10T10:08:27.510825Z[0m [34mDEBUG[0m [2methereum_transaction_pool_monitor::mempool_monitor[0m[2m:[0m 📨 Processing new pending transaction: 0xdc8a93d64958bd569a58eb19555b2365b48f6996009a299cb987a293f9d5942d
[2m2025-12-10T10:08:27.510833Z[0m [34mDEBUG[0m [2methereum_transaction_pool_monitor::mempool_monitor[0m[2m:[0m 🔍 Fetching transaction details for: 0xdc8a93d64958bd569a58eb19555b2365b48f6996009a299cb987a293f9d5942d
[2m2025-12-10T10:08:27.510839Z[0m [34mDEBUG[0m [2methereum_transaction_pool_monitor::eth_client[0m[2m:[0m 🔍 Fetching transaction details for hash: 0xdc8a93d64958bd569a58eb19555b2365b48f6996009a299cb987a293f9d5942d
[2m2025-12-10T10:08:27.510862Z[0m [34mDEBUG[0m [2mhyper::client::pool[0m[2m:[0m reuse idle connection for ("http", 192.168.0.14:8545)
[2m2025-12-10T10:08:27.510931Z[0m [34mDEBUG[0m [2mhyper::proto::h1::io[0m[2m:[0m flushed 250 bytes
[2m2025-12-10T10:08:27.510962Z[0m [34mDEBUG[0m [2mhyper::client::pool[0m[2m:[0m reuse idle connection for ("http", 192.168.0.14:8545)
[2m2025-12-10T10:08:27.510980Z[0m [34mDEBUG[0m [2mhyper::proto::h1::io[0m[2m:[0m flushed 172 bytes
[2m2025-12-10T10:08:27.512296Z[0m [34mDEBUG[0m [2methereum_transaction_pool_monitor::eth_client[0m[2m:[0m 📨 Received WebSocket message: {"jsonrpc":"2.0","method":"eth_subscription","params":{"subscription":"0xbed0a0851463e895960a451075a301a9","result":"0x5753f083baedf459a0e934aa5ecfac365f7317554ddf2e04fb37812d4612193a"}}
[2m2025-12-10T10:08:27.512306Z[0m [34mDEBUG[0m [2methereum_transaction_pool_monitor::eth_client[0m[2m:[0m 📨 Received pending transaction: 0x5753f083baedf459a0e934aa5ecfac365f7317554ddf2e04fb37812d4612193a
[2m2025-12-10T10:08:27.515530Z[0m [34mDEBUG[0m [2mhyper::proto::h1::io[0m[2m:[0m parsed 4 headers
[2m2025-12-10T10:08:27.515538Z[0m [34mDEBUG[0m [2mhyper::proto::h1::conn[0m[2m:[0m incoming body is content-length (767 bytes)
[2m2025-12-10T10:08:27.515547Z[0m [34mDEBUG[0m [2mhyper::proto::h1::conn[0m[2m:[0m incoming body completed
[2m2025-12-10T10:08:27.515556Z[0m [34mDEBUG[0m [2mhyper::client::pool[0m[2m:[0m pooling idle connection for ("http", 192.168.0.14:8545)
[2m2025-12-10T10:08:27.515564Z[0m [34mDEBUG[0m [2methereum_transaction_pool_monitor::eth_client[0m[2m:[0m 📡 Transaction fetch RPC completed in 4.720958ms
[2m2025-12-10T10:08:27.515581Z[0m [34mDEBUG[0m [2methereum_transaction_pool_monitor::eth_client[0m[2m:[0m DeFi transaction detected - Address: 0xdac17f958d2ee523a2206206994597c13d831ec7, Type: Stablecoin, Value: 0 ETH, Gas: 0.31 Gwei
[2m2025-12-10T10:08:27.515594Z[0m [34mDEBUG[0m [2methereum_transaction_pool_monitor::eth_client[0m[2m:[0m ✅ Transaction 0xdc8a93d64958bd569a58eb19555b2365b48f6996009a299cb987a293f9d5942d fetched and parsed in 4.750666ms
[2m2025-12-10T10:08:27.515600Z[0m [34mDEBUG[0m [2methereum_transaction_pool_monitor::mempool_monitor[0m[2m:[0m 🔍 Skipping tx 0xdc8a93d64958bd569a58eb19555b2365b48f6996009a299cb987a293f9d5942d - not a DEX interaction (target: 0xdAC17F958D2ee523a2206206994597C13D831ec7)
[2m2025-12-10T10:08:27.515606Z[0m [34mDEBUG[0m [2methereum_transaction_pool_monitor::mempool_monitor[0m[2m:[0m 📨 Processing new pending transaction: 0x9ba5df9d9dbcf8694e2d0905ecd555bb40ccccf0d1dbc4b616546a687e1e454e
[2m2025-12-10T10:08:27.515610Z[0m [34mDEBUG[0m [2methereum_transaction_pool_monitor::mempool_monitor[0m[2m:[0m 🔍 Fetching transaction details for: 0x9ba5df9d9dbcf8694e2d0905ecd555bb40ccccf0d1dbc4b616546a687e1e454e
[2m2025-12-10T10:08:27.515613Z[0m [34mDEBUG[0m [2methereum_transaction_pool_monitor::eth_client[0m[2m:[0m 🔍 Fetching transaction details for hash: 0x9ba5df9d9dbcf8694e2d0905ecd555bb40ccccf0d1dbc4b616546a687e1e454e
[2m2025-12-10T10:08:27.515623Z[0m [34mDEBUG[0m [2mhyper::client::pool[0m[2m:[0m reuse idle connection for ("http", 192.168.0.14:8545)
[2m2025-12-10T10:08:27.515642Z[0m [34mDEBUG[0m [2mhyper::proto::h1::io[0m[2m:[0m flushed 250 bytes
[2m2025-12-10T10:08:27.533851Z[0m [34mDEBUG[0m [2mhyper::proto::h1::io[0m[2m:[0m parsed 4 headers
[2m2025-12-10T10:08:27.533880Z[0m [34mDEBUG[0m [2mhyper::proto::h1::conn[0m[2m:[0m incoming body is content-length (45 bytes)
[2m2025-12-10T10:08:27.533891Z[0m [34mDEBUG[0m [2mhyper::proto::h1::conn[0m[2m:[0m incoming body completed
[2m2025-12-10T10:08:27.533904Z[0m [34mDEBUG[0m [2mhyper::client::pool[0m[2m:[0m pooling idle connection for ("http", 192.168.0.14:8545)
[2m2025-12-10T10:08:27.533946Z[0m [34mDEBUG[0m [2methereum_transaction_pool_monitor::eth_client[0m[2m:[0m 📨 Received WebSocket message: {"jsonrpc":"2.0","method":"eth_subscription","params":{"subscription":"0xbed0a0851463e895960a451075a301a9","result":"0x5172529a8d67c3e41c0dab90adc2b8b4bd438fcdf535a85453a247255edaf9f8"}}
[2m2025-12-10T10:08:27.533956Z[0m [34mDEBUG[0m [2methereum_transaction_pool_monitor::eth_client[0m[2m:[0m 📨 Received pending transaction: 0x5172529a8d67c3e41c0dab90adc2b8b4bd438fcdf535a85453a247255edaf9f8
[2m2025-12-10T10:08:27.535309Z[0m [34mDEBUG[0m [2mhyper::proto::h1::io[0m[2m:[0m parsed 4 headers
[2m2025-12-10T10:08:27.535315Z[0m [34mDEBUG[0m [2mhyper::proto::h1::conn[0m[2m:[0m incoming body is content-length (675 bytes)
[2m2025-12-10T10:08:27.535320Z[0m [34mDEBUG[0m [2mhyper::proto::h1::conn[0m[2m:[0m incoming body completed
[2m2025-12-10T10:08:27.535327Z[0m [34mDEBUG[0m [2mhyper::client::pool[0m[2m:[0m pooling idle connection for ("http", 192.168.0.14:8545)
[2m2025-12-10T10:08:27.535333Z[0m [34mDEBUG[0m [2methereum_transaction_pool_monitor::eth_client[0m[2m:[0m 📡 Transaction fetch RPC completed in 19.716334ms
[2m2025-12-10T10:08:27.608875Z[0m [34mDEBUG[0m [2methereum_transaction_pool_monitor::eth_client[0m[2m:[0m ✅ Transaction 0x9ba5df9d9dbcf8694e2d0905ecd555bb40ccccf0d1dbc4b616546a687e1e454e fetched and parsed in 93.255292ms
[2m2025-12-10T10:08:27.608901Z[0m [34mDEBUG[0m [2methereum_transaction_pool_monitor::mempool_monitor[0m[2m:[0m 🔍 Skipping tx 0x9ba5df9d9dbcf8694e2d0905ecd555bb40ccccf0d1dbc4b616546a687e1e454e - not a DEX interaction (target: 0xA0b86991c6218b36c1d19D4a2e9Eb0cE3606eB48)
[2m2025-12-10T10:08:27.608911Z[0m [34mDEBUG[0m [2methereum_transaction_pool_monitor::mempool_monitor[0m[2m:[0m 📨 Processing new pending transaction: 0x509f2352ae5007edcac435e3c8982183a878018400486975997cf5fca4757e3f
[2m2025-12-10T10:08:27.608916Z[0m [34mDEBUG[0m [2methereum_transaction_pool_monitor::mempool_monitor[0m[2m:[0m 🔍 Fetching transaction details for: 0x509f2352ae5007edcac435e3c8982183a878018400486975997cf5fca4757e3f
[2m2025-12-10T10:08:27.608920Z[0m [34mDEBUG[0m [2methereum_transaction_pool_monitor::eth_client[0m[2m:[0m 🔍 Fetching transaction details for hash: 0x509f2352ae5007edcac435e3c8982183a878018400486975997cf5fca4757e3f
[2m2025-12-10T10:08:27.608943Z[0m [34mDEBUG[0m [2mhyper::client::pool[0m[2m:[0m reuse idle connection for ("http", 192.168.0.14:8545)
[2m2025-12-10T10:08:27.609010Z[0m [34mDEBUG[0m [2mhyper::proto::h1::io[0m[2m:[0m flushed 250 bytes
[2m2025-12-10T10:08:27.609031Z[0m [34mDEBUG[0m [2mhyper::client::pool[0m[2m:[0m reuse idle connection for ("http", 192.168.0.14:8545)
[2m2025-12-10T10:08:27.609050Z[0m [34mDEBUG[0m [2mhyper::proto::h1::io[0m[2m:[0m flushed 172 bytes
[2m2025-12-10T10:08:27.609091Z[0m [34mDEBUG[0m [2methereum_transaction_pool_monitor::eth_client[0m[2m:[0m 📨 Received WebSocket message: {"jsonrpc":"2.0","method":"eth_subscription","params":{"subscription":"0xbed0a0851463e895960a451075a301a9","result":"0x7171de8ff4b297243afe934ec7b368903cc56430d5504be6986b0086fa5bd7f2"}}
[2m2025-12-10T10:08:27.609101Z[0m [34mDEBUG[0m [2methereum_transaction_pool_monitor::eth_client[0m[2m:[0m 📨 Received pending transaction: 0x7171de8ff4b297243afe934ec7b368903cc56430d5504be6986b0086fa5bd7f2
[2m2025-12-10T10:08:27.610294Z[0m [34mDEBUG[0m [2methereum_transaction_pool_monitor::eth_client[0m[2m:[0m 📨 Received WebSocket message: {"jsonrpc":"2.0","method":"eth_subscription","params":{"subscription":"0xbed0a0851463e895960a451075a301a9","result":"0xa99e4c2c9c651edbaa8ead78fd3a51e1415531cf0eed1932e2126595374e401d"}}
[2m2025-12-10T10:08:27.610308Z[0m [34mDEBUG[0m [2methereum_transaction_pool_monitor::eth_client[0m[2m:[0m 📨 Received pending transaction: 0xa99e4c2c9c651edbaa8ead78fd3a51e1415531cf0eed1932e2126595374e401d
[2m2025-12-10T10:08:27.613954Z[0m [34mDEBUG[0m [2mhyper::proto::h1::io[0m[2m:[0m parsed 4 headers
[2m2025-12-10T10:08:27.614139Z[0m [34mDEBUG[0m [2mhyper::proto::h1::conn[0m[2m:[0m incoming body is content-length (45 bytes)
[2m2025-12-10T10:08:27.614153Z[0m [34mDEBUG[0m [2mhyper::proto::h1::conn[0m[2m:[0m incoming body completed
[2m2025-12-10T10:08:27.614170Z[0m [34mDEBUG[0m [2mhyper::client::pool[0m[2m:[0m pooling idle connection for ("http", 192.168.0.14:8545)
[2m2025-12-10T10:08:27.614913Z[0m [34mDEBUG[0m [2mhyper::proto::h1::io[0m[2m:[0m parsed 4 headers
[2m2025-12-10T10:08:27.614925Z[0m [34mDEBUG[0m [2mhyper::proto::h1::conn[0m[2m:[0m incoming body is content-length (658 bytes)
[2m2025-12-10T10:08:27.614933Z[0m [34mDEBUG[0m [2mhyper::proto::h1::conn[0m[2m:[0m incoming body completed
[2m2025-12-10T10:08:27.614941Z[0m [34mDEBUG[0m [2mhyper::client::pool[0m[2m:[0m pooling idle connection for ("http", 192.168.0.14:8545)
[2m2025-12-10T10:08:27.614950Z[0m [34mDEBUG[0m [2methereum_transaction_pool_monitor::eth_client[0m[2m:[0m 📡 Transaction fetch RPC completed in 6.025709ms
[2m2025-12-10T10:08:27.686206Z[0m [34mDEBUG[0m [2methereum_transaction_pool_monitor::eth_client[0m[2m:[0m ✅ Transaction 0x509f2352ae5007edcac435e3c8982183a878018400486975997cf5fca4757e3f fetched and parsed in 77.279042ms
[2m2025-12-10T10:08:27.686234Z[0m [34mDEBUG[0m [2methereum_transaction_pool_monitor::mempool_monitor[0m[2m:[0m 🔍 Skipping tx 0x509f2352ae5007edcac435e3c8982183a878018400486975997cf5fca4757e3f - not a DEX interaction (target: 0xd3d791A9f0A57b6B88fFc00d6577115526ae6C50)
[2m2025-12-10T10:08:27.686247Z[0m [34mDEBUG[0m [2methereum_transaction_pool_monitor::mempool_monitor[0m[2m:[0m 📨 Processing new pending transaction: 0xfdc47638d58dce36c2342b1aa97de0b78b0f6d9d2748892d8db85c27c6da19a6
[2m2025-12-10T10:08:27.686252Z[0m [34mDEBUG[0m [2methereum_transaction_pool_monitor::mempool_monitor[0m[2m:[0m 🔍 Fetching transaction details for: 0xfdc47638d58dce36c2342b1aa97de0b78b0f6d9d2748892d8db85c27c6da19a6
[2m2025-12-10T10:08:27.686258Z[0m [34mDEBUG[0m [2methereum_transaction_pool_monitor::eth_client[0m[2m:[0m 🔍 Fetching transaction details for hash: 0xfdc47638d58dce36c2342b1aa97de0b78b0f6d9d2748892d8db85c27c6da19a6
[2m2025-12-10T10:08:27.686281Z[0m [34mDEBUG[0m [2mhyper::client::pool[0m[2m:[0m reuse idle connection for ("http", 192.168.0.14:8545)
[2m2025-12-10T10:08:27.686344Z[0m [34mDEBUG[0m [2mhyper::proto::h1::io[0m[2m:[0m flushed 250 bytes
[2m2025-12-10T10:08:27.686365Z[0m [34mDEBUG[0m [2methereum_transaction_pool_monitor::eth_client[0m[2m:[0m 📨 Received WebSocket message: {"jsonrpc":"2.0","method":"eth_subscription","params":{"subscription":"0xbed0a0851463e895960a451075a301a9","result":"0xcdb2a4dcc1ac305774a18d5373e1dd3464865d2cc9be34efb3b482da20299c72"}}
[2m2025-12-10T10:08:27.686374Z[0m [34mDEBUG[0m [2methereum_transaction_pool_monitor::eth_client[0m[2m:[0m 📨 Received pending transaction: 0xcdb2a4dcc1ac305774a18d5373e1dd3464865d2cc9be34efb3b482da20299c72
[2m2025-12-10T10:08:27.695354Z[0m [34mDEBUG[0m [2mhyper::client::pool[0m[2m:[0m reuse idle connection for ("http", 192.168.0.14:8545)
[2m2025-12-10T10:08:27.695382Z[0m [34mDEBUG[0m [2mhyper::proto::h1::io[0m[2m:[0m parsed 4 headers
[2m2025-12-10T10:08:27.695391Z[0m [34mDEBUG[0m [2mhyper::proto::h1::conn[0m[2m:[0m incoming body is content-length (778 bytes)
[2m2025-12-10T10:08:27.695400Z[0m [34mDEBUG[0m [2mhyper::proto::h1::conn[0m[2m:[0m incoming body completed
[2m2025-12-10T10:08:27.695404Z[0m [34mDEBUG[0m [2mhyper::proto::h1::io[0m[2m:[0m flushed 172 bytes
[2m2025-12-10T10:08:27.695410Z[0m [34mDEBUG[0m [2mhyper::client::pool[0m[2m:[0m pooling idle connection for ("http", 192.168.0.14:8545)
[2m2025-12-10T10:08:27.695418Z[0m [34mDEBUG[0m [2methereum_transaction_pool_monitor::eth_client[0m[2m:[0m 📡 Transaction fetch RPC completed in 9.155917ms
[2m2025-12-10T10:08:27.695438Z[0m [34mDEBUG[0m [2methereum_transaction_pool_monitor::eth_client[0m[2m:[0m DeFi transaction detected - Address: 0xdac17f958d2ee523a2206206994597c13d831ec7, Type: Stablecoin, Value: 0 ETH, Gas: 127.50 Gwei
[2m2025-12-10T10:08:27.695451Z[0m [34mDEBUG[0m [2methereum_transaction_pool_monitor::eth_client[0m[2m:[0m ✅ Transaction 0xfdc47638d58dce36c2342b1aa97de0b78b0f6d9d2748892d8db85c27c6da19a6 fetched and parsed in 9.189375ms
[2m2025-12-10T10:08:27.695457Z[0m [34mDEBUG[0m [2methereum_transaction_pool_monitor::mempool_monitor[0m[2m:[0m 🔍 Skipping tx 0xfdc47638d58dce36c2342b1aa97de0b78b0f6d9d2748892d8db85c27c6da19a6 - not a DEX interaction (target: 0xdAC17F958D2ee523a2206206994597C13D831ec7)
[2m2025-12-10T10:08:27.695465Z[0m [34mDEBUG[0m [2methereum_transaction_pool_monitor::mempool_monitor[0m[2m:[0m 📨 Processing new pending transaction: 0xc8a2a4735633e8b816db61dc93731e9b27683f9e69a86637f83f30ec183ddd2e
[2m2025-12-10T10:08:27.695469Z[0m [34mDEBUG[0m [2methereum_transaction_pool_monitor::mempool_monitor[0m[2m:[0m 🔍 Fetching transaction details for: 0xc8a2a4735633e8b816db61dc93731e9b27683f9e69a86637f83f30ec183ddd2e
[2m2025-12-10T10:08:27.695473Z[0m [34mDEBUG[0m [2methereum_transaction_pool_monitor::eth_client[0m[2m:[0m 🔍 Fetching transaction details for hash: 0xc8a2a4735633e8b816db61dc93731e9b27683f9e69a86637f83f30ec183ddd2e
[2m2025-12-10T10:08:27.695483Z[0m [34mDEBUG[0m [2mhyper::client::pool[0m[2m:[0m reuse idle connection for ("http", 192.168.0.14:8545)
[2m2025-12-10T10:08:27.695500Z[0m [34mDEBUG[0m [2mhyper::proto::h1::io[0m[2m:[0m flushed 250 bytes
[2m2025-12-10T10:08:27.703033Z[0m [34mDEBUG[0m [2mhyper::proto::h1::io[0m[2m:[0m parsed 4 headers
[2m2025-12-10T10:08:27.703043Z[0m [34mDEBUG[0m [2mhyper::proto::h1::conn[0m[2m:[0m incoming body is content-length (45 bytes)
[2m2025-12-10T10:08:27.703050Z[0m [34mDEBUG[0m [2mhyper::proto::h1::conn[0m[2m:[0m incoming body completed
[2m2025-12-10T10:08:27.703060Z[0m [34mDEBUG[0m [2mhyper::client::pool[0m[2m:[0m pooling idle connection for ("http", 192.168.0.14:8545)
[2m2025-12-10T10:08:27.705467Z[0m [34mDEBUG[0m [2mhyper::proto::h1::io[0m[2m:[0m parsed 4 headers
[2m2025-12-10T10:08:27.705477Z[0m [34mDEBUG[0m [2mhyper::proto::h1::conn[0m[2m:[0m incoming body is content-length (1802 bytes)
[2m2025-12-10T10:08:27.705484Z[0m [34mDEBUG[0m [2mhyper::proto::h1::conn[0m[2m:[0m incoming body completed
[2m2025-12-10T10:08:27.705493Z[0m [34mDEBUG[0m [2mhyper::client::pool[0m[2m:[0m pooling idle connection for ("http", 192.168.0.14:8545)
[2m2025-12-10T10:08:27.705500Z[0m [34mDEBUG[0m [2methereum_transaction_pool_monitor::eth_client[0m[2m:[0m 📡 Transaction fetch RPC completed in 10.023916ms
[2m2025-12-10T10:08:27.784315Z[0m [34mDEBUG[0m [2methereum_transaction_pool_monitor::eth_client[0m[2m:[0m ✅ Transaction 0xc8a2a4735633e8b816db61dc93731e9b27683f9e69a86637f83f30ec183ddd2e fetched and parsed in 88.835625ms
[2m2025-12-10T10:08:27.784347Z[0m [34mDEBUG[0m [2methereum_transaction_pool_monitor::mempool_monitor[0m[2m:[0m 🔍 Skipping tx 0xc8a2a4735633e8b816db61dc93731e9b27683f9e69a86637f83f30ec183ddd2e - not a DEX interaction (target: 0xEe7aE85f2Fe2239E27D9c1E23fFFe168D63b4055)
[2m2025-12-10T10:08:27.784359Z[0m [34mDEBUG[0m [2methereum_transaction_pool_monitor::mempool_monitor[0m[2m:[0m 📨 Processing new pending transaction: 0x08b7ebdb3ef5c9cb9a1fa335a4a8194213ca62db910d89b52eb99b8a8a4f1dc8
[2m2025-12-10T10:08:27.784365Z[0m [34mDEBUG[0m [2methereum_transaction_pool_monitor::mempool_monitor[0m[2m:[0m 🔍 Fetching transaction details for: 0x08b7ebdb3ef5c9cb9a1fa335a4a8194213ca62db910d89b52eb99b8a8a4f1dc8
[2m2025-12-10T10:08:27.784369Z[0m [34mDEBUG[0m [2methereum_transaction_pool_monitor::eth_client[0m[2m:[0m 🔍 Fetching transaction details for hash: 0x08b7ebdb3ef5c9cb9a1fa335a4a8194213ca62db910d89b52eb99b8a8a4f1dc8
[2m2025-12-10T10:08:27.784392Z[0m [34mDEBUG[0m [2mhyper::client::pool[0m[2m:[0m reuse idle connection for ("http", 192.168.0.14:8545)
[2m2025-12-10T10:08:27.784456Z[0m [34mDEBUG[0m [2mhyper::proto::h1::io[0m[2m:[0m flushed 250 bytes
[2m2025-12-10T10:08:27.789314Z[0m [34mDEBUG[0m [2mhyper::proto::h1::io[0m[2m:[0m parsed 4 headers
[2m2025-12-10T10:08:27.789325Z[0m [34mDEBUG[0m [2mhyper::proto::h1::conn[0m[2m:[0m incoming body is content-length (656 bytes)
[2m2025-12-10T10:08:27.789335Z[0m [34mDEBUG[0m [2mhyper::proto::h1::conn[0m[2m:[0m incoming body completed
[2m2025-12-10T10:08:27.789344Z[0m [34mDEBUG[0m [2mhyper::client::pool[0m[2m:[0m pooling idle connection for ("http", 192.168.0.14:8545)
[2m2025-12-10T10:08:27.789351Z[0m [34mDEBUG[0m [2methereum_transaction_pool_monitor::eth_client[0m[2m:[0m 📡 Transaction fetch RPC completed in 4.978584ms
[2m2025-12-10T10:08:27.862444Z[0m [34mDEBUG[0m [2methereum_transaction_pool_monitor::eth_client[0m[2m:[0m ✅ Transaction 0x08b7ebdb3ef5c9cb9a1fa335a4a8194213ca62db910d89b52eb99b8a8a4f1dc8 fetched and parsed in 78.068667ms
[2m2025-12-10T10:08:27.862482Z[0m [34mDEBUG[0m [2methereum_transaction_pool_monitor::mempool_monitor[0m[2m:[0m 🔍 Skipping tx 0x08b7ebdb3ef5c9cb9a1fa335a4a8194213ca62db910d89b52eb99b8a8a4f1dc8 - not a DEX interaction (target: 0xcf06A5d47fb01FcA528Baa474a4953f9F92ee333)
[2m2025-12-10T10:08:27.862495Z[0m [34mDEBUG[0m [2methereum_transaction_pool_monitor::mempool_monitor[0m[2m:[0m 📨 Processing new pending transaction: 0x931708ed61742dc5b8728dc099edd54a0805f63363533a0bbf326971172e73fb
[2m2025-12-10T10:08:27.862501Z[0m [34mDEBUG[0m [2methereum_transaction_pool_monitor::mempool_monitor[0m[2m:[0m 🔍 Fetching transaction details for: 0x931708ed61742dc5b8728dc099edd54a0805f63363533a0bbf326971172e73fb
[2m2025-12-10T10:08:27.862505Z[0m [34mDEBUG[0m [2methereum_transaction_pool_monitor::eth_client[0m[2m:[0m 🔍 Fetching transaction details for hash: 0x931708ed61742dc5b8728dc099edd54a0805f63363533a0bbf326971172e73fb
[2m2025-12-10T10:08:27.862530Z[0m [34mDEBUG[0m [2mhyper::client::pool[0m[2m:[0m reuse idle connection for ("http", 192.168.0.14:8545)
[2m2025-12-10T10:08:27.862593Z[0m [34mDEBUG[0m [2mhyper::proto::h1::io[0m[2m:[0m flushed 250 bytes
[2m2025-12-10T10:08:27.862619Z[0m [34mDEBUG[0m [2mhyper::client::pool[0m[2m:[0m reuse idle connection for ("http", 192.168.0.14:8545)
[2m2025-12-10T10:08:27.862639Z[0m [34mDEBUG[0m [2mhyper::proto::h1::io[0m[2m:[0m flushed 172 bytes
[2m2025-12-10T10:08:27.862655Z[0m [34mDEBUG[0m [2methereum_transaction_pool_monitor::eth_client[0m[2m:[0m 📨 Received WebSocket message: {"jsonrpc":"2.0","method":"eth_subscription","params":{"subscription":"0xbed0a0851463e895960a451075a301a9","result":"0x8b0e93b2024618139e35ebda75460ef3e2cf551172dd349e4a6eb503daa87e0e"}}
[2m2025-12-10T10:08:27.862663Z[0m [34mDEBUG[0m [2methereum_transaction_pool_monitor::eth_client[0m[2m:[0m 📨 Received pending transaction: 0x8b0e93b2024618139e35ebda75460ef3e2cf551172dd349e4a6eb503daa87e0e
[2m2025-12-10T10:08:27.862669Z[0m [34mDEBUG[0m [2methereum_transaction_pool_monitor::eth_client[0m[2m:[0m 📨 Received WebSocket message: {"jsonrpc":"2.0","method":"eth_subscription","params":{"subscription":"0xbed0a0851463e895960a451075a301a9","result":"0xfe952ec26456c3df7f5732b002b508b7e44348bb43c75da189b7f7aefbd6a413"}}
[2m2025-12-10T10:08:27.862674Z[0m [34mDEBUG[0m [2methereum_transaction_pool_monitor::eth_client[0m[2m:[0m 📨 Received pending transaction: 0xfe952ec26456c3df7f5732b002b508b7e44348bb43c75da189b7f7aefbd6a413
[2m2025-12-10T10:08:27.873073Z[0m [34mDEBUG[0m [2mhyper::proto::h1::io[0m[2m:[0m parsed 4 headers
[2m2025-12-10T10:08:27.873095Z[0m [34mDEBUG[0m [2mhyper::proto::h1::conn[0m[2m:[0m incoming body is content-length (45 bytes)
[2m2025-12-10T10:08:27.873105Z[0m [34mDEBUG[0m [2mhyper::proto::h1::conn[0m[2m:[0m incoming body completed
[2m2025-12-10T10:08:27.873117Z[0m [34mDEBUG[0m [2mhyper::client::pool[0m[2m:[0m pooling idle connection for ("http", 192.168.0.14:8545)
[2m2025-12-10T10:08:27.877848Z[0m [34mDEBUG[0m [2mhyper::proto::h1::io[0m[2m:[0m parsed 4 headers
[2m2025-12-10T10:08:27.877865Z[0m [34mDEBUG[0m [2mhyper::proto::h1::conn[0m[2m:[0m incoming body is content-length (1731 bytes)
[2m2025-12-10T10:08:27.877874Z[0m [34mDEBUG[0m [2mhyper::proto::h1::conn[0m[2m:[0m incoming body completed
[2m2025-12-10T10:08:27.877885Z[0m [34mDEBUG[0m [2mhyper::client::pool[0m[2m:[0m pooling idle connection for ("http", 192.168.0.14:8545)
[2m2025-12-10T10:08:27.877893Z[0m [34mDEBUG[0m [2methereum_transaction_pool_monitor::eth_client[0m[2m:[0m 📡 Transaction fetch RPC completed in 15.383833ms
[2m2025-12-10T10:08:27.950519Z[0m [34mDEBUG[0m [2methereum_transaction_pool_monitor::eth_client[0m[2m:[0m ✅ Transaction 0x931708ed61742dc5b8728dc099edd54a0805f63363533a0bbf326971172e73fb fetched and parsed in 88.004916ms
[2m2025-12-10T10:08:27.950558Z[0m [34mDEBUG[0m [2methereum_transaction_pool_monitor::mempool_monitor[0m[2m:[0m 🔍 Skipping tx 0x931708ed61742dc5b8728dc099edd54a0805f63363533a0bbf326971172e73fb - not a DEX interaction (target: 0x601a2aD6CB5949f0529735254189Ba3194221EDF)
[2m2025-12-10T10:08:27.950569Z[0m [34mDEBUG[0m [2methereum_transaction_pool_monitor::mempool_monitor[0m[2m:[0m 📨 Processing new pending transaction: 0x9669002ea38bd2e08935a4cd533e600f67b09d3132b9f8cc1211beea63de2885
[2m2025-12-10T10:08:27.950575Z[0m [34mDEBUG[0m [2methereum_transaction_pool_monitor::mempool_monitor[0m[2m:[0m 🔍 Fetching transaction details for: 0x9669002ea38bd2e08935a4cd533e600f67b09d3132b9f8cc1211beea63de2885
[2m2025-12-10T10:08:27.950580Z[0m [34mDEBUG[0m [2methereum_transaction_pool_monitor::eth_client[0m[2m:[0m 🔍 Fetching transaction details for hash: 0x9669002ea38bd2e08935a4cd533e600f67b09d3132b9f8cc1211beea63de2885
[2m2025-12-10T10:08:27.950614Z[0m [34mDEBUG[0m [2mhyper::client::pool[0m[2m:[0m reuse idle connection for ("http", 192.168.0.14:8545)
[2m2025-12-10T10:08:27.950704Z[0m [34mDEBUG[0m [2mhyper::proto::h1::io[0m[2m:[0m flushed 250 bytes
[2m2025-12-10T10:08:27.950758Z[0m [34mDEBUG[0m [2mhyper::client::pool[0m[2m:[0m reuse idle connection for ("http", 192.168.0.14:8545)
[2m2025-12-10T10:08:27.950789Z[0m [34mDEBUG[0m [2mhyper::proto::h1::io[0m[2m:[0m flushed 172 bytes
[2m2025-12-10T10:08:27.955503Z[0m [34mDEBUG[0m [2mhyper::proto::h1::io[0m[2m:[0m parsed 4 headers
[2m2025-12-10T10:08:27.955524Z[0m [34mDEBUG[0m [2mhyper::proto::h1::conn[0m[2m:[0m incoming body is content-length (45 bytes)
[2m2025-12-10T10:08:27.955537Z[0m [34mDEBUG[0m [2mhyper::proto::h1::conn[0m[2m:[0m incoming body completed
[2m2025-12-10T10:08:27.955555Z[0m [34mDEBUG[0m [2mhyper::client::pool[0m[2m:[0m pooling idle connection for ("http", 192.168.0.14:8545)
[2m2025-12-10T10:08:27.958646Z[0m [34mDEBUG[0m [2mhyper::proto::h1::io[0m[2m:[0m parsed 4 headers
[2m2025-12-10T10:08:27.958655Z[0m [34mDEBUG[0m [2mhyper::proto::h1::conn[0m[2m:[0m incoming body is content-length (772 bytes)
[2m2025-12-10T10:08:27.958662Z[0m [34mDEBUG[0m [2mhyper::proto::h1::conn[0m[2m:[0m incoming body completed
[2m2025-12-10T10:08:27.958670Z[0m [34mDEBUG[0m [2mhyper::client::pool[0m[2m:[0m pooling idle connection for ("http", 192.168.0.14:8545)
[2m2025-12-10T10:08:27.958676Z[0m [34mDEBUG[0m [2methereum_transaction_pool_monitor::eth_client[0m[2m:[0m 📡 Transaction fetch RPC completed in 8.091333ms
[2m2025-12-10T10:08:27.958692Z[0m [34mDEBUG[0m [2methereum_transaction_pool_monitor::eth_client[0m[2m:[0m DeFi transaction detected - Address: 0xdac17f958d2ee523a2206206994597c13d831ec7, Type: Stablecoin, Value: 0 ETH, Gas: 0.78 Gwei
[2m2025-12-10T10:08:27.958706Z[0m [34mDEBUG[0m [2methereum_transaction_pool_monitor::eth_client[0m[2m:[0m ✅ Transaction 0x9669002ea38bd2e08935a4cd533e600f67b09d3132b9f8cc1211beea63de2885 fetched and parsed in 8.122083ms
[2m2025-12-10T10:08:27.958713Z[0m [34mDEBUG[0m [2methereum_transaction_pool_monitor::mempool_monitor[0m[2m:[0m 🔍 Skipping tx 0x9669002ea38bd2e08935a4cd533e600f67b09d3132b9f8cc1211beea63de2885 - not a DEX interaction (target: 0xdAC17F958D2ee523a2206206994597C13D831ec7)
[2m2025-12-10T10:08:27.958722Z[0m [34mDEBUG[0m [2methereum_transaction_pool_monitor::mempool_monitor[0m[2m:[0m 📨 Processing new pending transaction: 0xd5e0074053538e8d29da79b8fd72e7dad41177cfe5c498d0c473d01086f69a5c
[2m2025-12-10T10:08:27.958726Z[0m [34mDEBUG[0m [2methereum_transaction_pool_monitor::mempool_monitor[0m[2m:[0m 🔍 Fetching transaction details for: 0xd5e0074053538e8d29da79b8fd72e7dad41177cfe5c498d0c473d01086f69a5c
[2m2025-12-10T10:08:27.958730Z[0m [34mDEBUG[0m [2methereum_transaction_pool_monitor::eth_client[0m[2m:[0m 🔍 Fetching transaction details for hash: 0xd5e0074053538e8d29da79b8fd72e7dad41177cfe5c498d0c473d01086f69a5c
[2m2025-12-10T10:08:27.958748Z[0m [34mDEBUG[0m [2mhyper::client::pool[0m[2m:[0m reuse idle connection for ("http", 192.168.0.14:8545)
[2m2025-12-10T10:08:27.958779Z[0m [34mDEBUG[0m [2mhyper::proto::h1::io[0m[2m:[0m flushed 250 bytes
[2m2025-12-10T10:08:27.964928Z[0m [34mDEBUG[0m [2mhyper::proto::h1::io[0m[2m:[0m parsed 4 headers
[2m2025-12-10T10:08:27.964943Z[0m [34mDEBUG[0m [2mhyper::proto::h1::conn[0m[2m:[0m incoming body is content-length (2885 bytes)
[2m2025-12-10T10:08:27.964958Z[0m [34mDEBUG[0m [2methereum_transaction_pool_monitor::eth_client[0m[2m:[0m 📡 Transaction fetch RPC completed in 6.224375ms
[2m2025-12-10T10:08:27.966656Z[0m [34mDEBUG[0m [2mhyper::proto::h1::conn[0m[2m:[0m incoming body completed
[2m2025-12-10T10:08:27.966685Z[0m [34mDEBUG[0m [2mhyper::client::pool[0m[2m:[0m pooling idle connection for ("http", 192.168.0.14:8545)
[2m2025-12-10T10:08:27.996822Z[0m [34mDEBUG[0m [2mhyper::client::pool[0m[2m:[0m reuse idle connection for ("http", 192.168.0.14:8545)
[2m2025-12-10T10:08:27.997196Z[0m [34mDEBUG[0m [2mhyper::proto::h1::io[0m[2m:[0m flushed 172 bytes
[2m2025-12-10T10:08:28.001828Z[0m [34mDEBUG[0m [2mhyper::proto::h1::io[0m[2m:[0m parsed 4 headers
[2m2025-12-10T10:08:28.001877Z[0m [34mDEBUG[0m [2mhyper::proto::h1::conn[0m[2m:[0m incoming body is content-length (45 bytes)
[2m2025-12-10T10:08:28.001896Z[0m [34mDEBUG[0m [2mhyper::proto::h1::conn[0m[2m:[0m incoming body completed
[2m2025-12-10T10:08:28.001918Z[0m [34mDEBUG[0m [2mhyper::client::pool[0m[2m:[0m pooling idle connection for ("http", 192.168.0.14:8545)
[2m2025-12-10T10:08:28.047165Z[0m [34mDEBUG[0m [2methereum_transaction_pool_monitor::eth_client[0m[2m:[0m ✅ Transaction 0xd5e0074053538e8d29da79b8fd72e7dad41177cfe5c498d0c473d01086f69a5c fetched and parsed in 88.4275ms
[2m2025-12-10T10:08:28.047186Z[0m [34mDEBUG[0m [2methereum_transaction_pool_monitor::mempool_monitor[0m[2m:[0m 🔍 Skipping tx 0xd5e0074053538e8d29da79b8fd72e7dad41177cfe5c498d0c473d01086f69a5c - not a DEX interaction (target: 0x26d3681DfC9E4c8C79cfbf461adec8A21d5d73C5)
[2m2025-12-10T10:08:28.047197Z[0m [34mDEBUG[0m [2methereum_transaction_pool_monitor::mempool_monitor[0m[2m:[0m 📨 Processing new pending transaction: 0x5753f083baedf459a0e934aa5ecfac365f7317554ddf2e04fb37812d4612193a
[2m2025-12-10T10:08:28.047202Z[0m [34mDEBUG[0m [2methereum_transaction_pool_monitor::mempool_monitor[0m[2m:[0m 🔍 Fetching transaction details for: 0x5753f083baedf459a0e934aa5ecfac365f7317554ddf2e04fb37812d4612193a
[2m2025-12-10T10:08:28.047206Z[0m [34mDEBUG[0m [2methereum_transaction_pool_monitor::eth_client[0m[2m:[0m 🔍 Fetching transaction details for hash: 0x5753f083baedf459a0e934aa5ecfac365f7317554ddf2e04fb37812d4612193a
[2m2025-12-10T10:08:28.047230Z[0m [34mDEBUG[0m [2mhyper::client::pool[0m[2m:[0m reuse idle connection for ("http", 192.168.0.14:8545)
[2m2025-12-10T10:08:28.047286Z[0m [34mDEBUG[0m [2mhyper::proto::h1::io[0m[2m:[0m flushed 250 bytes
[2m2025-12-10T10:08:28.049279Z[0m [34mDEBUG[0m [2methereum_transaction_pool_monitor::eth_client[0m[2m:[0m 📨 Received WebSocket message: {"jsonrpc":"2.0","method":"eth_subscription","params":{"subscription":"0xbed0a0851463e895960a451075a301a9","result":"0x1cfde0a4dd4e1ded7fd5ef0cd6b637113c4aeb6463a8e31648635b002566c967"}}
[2m2025-12-10T10:08:28.049292Z[0m [34mDEBUG[0m [2methereum_transaction_pool_monitor::eth_client[0m[2m:[0m 📨 Received pending transaction: 0x1cfde0a4dd4e1ded7fd5ef0cd6b637113c4aeb6463a8e31648635b002566c967
[2m2025-12-10T10:08:28.052786Z[0m [34mDEBUG[0m [2mhyper::proto::h1::io[0m[2m:[0m parsed 4 headers
[2m2025-12-10T10:08:28.052795Z[0m [34mDEBUG[0m [2mhyper::proto::h1::conn[0m[2m:[0m incoming body is content-length (777 bytes)
[2m2025-12-10T10:08:28.052804Z[0m [34mDEBUG[0m [2mhyper::proto::h1::conn[0m[2m:[0m incoming body completed
[2m2025-12-10T10:08:28.052816Z[0m [34mDEBUG[0m [2mhyper::client::pool[0m[2m:[0m pooling idle connection for ("http", 192.168.0.14:8545)
[2m2025-12-10T10:08:28.052825Z[0m [34mDEBUG[0m [2methereum_transaction_pool_monitor::eth_client[0m[2m:[0m 📡 Transaction fetch RPC completed in 5.615458ms
[2m2025-12-10T10:08:28.130123Z[0m [34mDEBUG[0m [2methereum_transaction_pool_monitor::eth_client[0m[2m:[0m ✅ Transaction 0x5753f083baedf459a0e934aa5ecfac365f7317554ddf2e04fb37812d4612193a fetched and parsed in 82.909708ms
[2m2025-12-10T10:08:28.130152Z[0m [34mDEBUG[0m [2methereum_transaction_pool_monitor::mempool_monitor[0m[2m:[0m 🔍 Skipping tx 0x5753f083baedf459a0e934aa5ecfac365f7317554ddf2e04fb37812d4612193a - not a DEX interaction (target: 0xd9Fcd98c322942075A5C3860693e9f4f03AAE07b)
[2m2025-12-10T10:08:28.130165Z[0m [34mDEBUG[0m [2methereum_transaction_pool_monitor::mempool_monitor[0m[2m:[0m 📨 Processing new pending transaction: 0x5172529a8d67c3e41c0dab90adc2b8b4bd438fcdf535a85453a247255edaf9f8
[2m2025-12-10T10:08:28.130170Z[0m [34mDEBUG[0m [2methereum_transaction_pool_monitor::mempool_monitor[0m[2m:[0m 🔍 Fetching transaction details for: 0x5172529a8d67c3e41c0dab90adc2b8b4bd438fcdf535a85453a247255edaf9f8
[2m2025-12-10T10:08:28.130174Z[0m [34mDEBUG[0m [2methereum_transaction_pool_monitor::eth_client[0m[2m:[0m 🔍 Fetching transaction details for hash: 0x5172529a8d67c3e41c0dab90adc2b8b4bd438fcdf535a85453a247255edaf9f8
[2m2025-12-10T10:08:28.130199Z[0m [34mDEBUG[0m [2mhyper::client::pool[0m[2m:[0m reuse idle connection for ("http", 192.168.0.14:8545)
[2m2025-12-10T10:08:28.130258Z[0m [34mDEBUG[0m [2mhyper::proto::h1::io[0m[2m:[0m flushed 250 bytes
[2m2025-12-10T10:08:28.130326Z[0m [34mDEBUG[0m [2mhyper::client::pool[0m[2m:[0m reuse idle connection for ("http", 192.168.0.14:8545)
[2m2025-12-10T10:08:28.130340Z[0m [32m INFO[0m [2methereum_transaction_pool_monitor::bot_runner[0m[2m:[0m 🤖 MEV Bot Stats | Uptime: 0.0h | Opportunities: 0 | Bundles: 0/0 (0.0%) | Profit: 0.0000 ETH | Rate: 0.00/h
[2m2025-12-10T10:08:28.130346Z[0m [34mDEBUG[0m [2mhyper::proto::h1::io[0m[2m:[0m flushed 172 bytes
[2m2025-12-10T10:08:28.137056Z[0m [34mDEBUG[0m [2mhyper::proto::h1::io[0m[2m:[0m parsed 4 headers
[2m2025-12-10T10:08:28.137066Z[0m [34mDEBUG[0m [2mhyper::proto::h1::io[0m[2m:[0m parsed 4 headers
[2m2025-12-10T10:08:28.137072Z[0m [34mDEBUG[0m [2mhyper::proto::h1::conn[0m[2m:[0m incoming body is content-length (45 bytes)
[2m2025-12-10T10:08:28.137105Z[0m [34mDEBUG[0m [2mhyper::proto::h1::conn[0m[2m:[0m incoming body is content-length (778 bytes)
[2m2025-12-10T10:08:28.137120Z[0m [34mDEBUG[0m [2mhyper::proto::h1::conn[0m[2m:[0m incoming body completed
[2m2025-12-10T10:08:28.137134Z[0m [34mDEBUG[0m [2mhyper::client::pool[0m[2m:[0m pooling idle connection for ("http", 192.168.0.14:8545)
[2m2025-12-10T10:08:28.137143Z[0m [34mDEBUG[0m [2methereum_transaction_pool_monitor::eth_client[0m[2m:[0m 📡 Transaction fetch RPC completed in 6.964666ms
[2m2025-12-10T10:08:28.137120Z[0m [34mDEBUG[0m [2mhyper::proto::h1::conn[0m[2m:[0m incoming body completed
[2m2025-12-10T10:08:28.137158Z[0m [34mDEBUG[0m [2mhyper::client::pool[0m[2m:[0m pooling idle connection for ("http", 192.168.0.14:8545)
[2m2025-12-10T10:08:28.137164Z[0m [34mDEBUG[0m [2methereum_transaction_pool_monitor::eth_client[0m[2m:[0m DeFi transaction detected - Address: 0xdac17f958d2ee523a2206206994597c13d831ec7, Type: Stablecoin, Value: 0 ETH, Gas: 127.50 Gwei
[2m2025-12-10T10:08:28.137179Z[0m [34mDEBUG[0m [2methereum_transaction_pool_monitor::eth_client[0m[2m:[0m ✅ Transaction 0x5172529a8d67c3e41c0dab90adc2b8b4bd438fcdf535a85453a247255edaf9f8 fetched and parsed in 7.000291ms
[2m2025-12-10T10:08:28.137185Z[0m [34mDEBUG[0m [2methereum_transaction_pool_monitor::mempool_monitor[0m[2m:[0m 🔍 Skipping tx 0x5172529a8d67c3e41c0dab90adc2b8b4bd438fcdf535a85453a247255edaf9f8 - not a DEX interaction (target: 0xdAC17F958D2ee523a2206206994597C13D831ec7)
[2m2025-12-10T10:08:28.137192Z[0m [34mDEBUG[0m [2methereum_transaction_pool_monitor::mempool_monitor[0m[2m:[0m 📨 Processing new pending transaction: 0x7171de8ff4b297243afe934ec7b368903cc56430d5504be6986b0086fa5bd7f2
[2m2025-12-10T10:08:28.137196Z[0m [34mDEBUG[0m [2methereum_transaction_pool_monitor::mempool_monitor[0m[2m:[0m 🔍 Fetching transaction details for: 0x7171de8ff4b297243afe934ec7b368903cc56430d5504be6986b0086fa5bd7f2
[2m2025-12-10T10:08:28.137200Z[0m [34mDEBUG[0m [2methereum_transaction_pool_monitor::eth_client[0m[2m:[0m 🔍 Fetching transaction details for hash: 0x7171de8ff4b297243afe934ec7b368903cc56430d5504be6986b0086fa5bd7f2
[2m2025-12-10T10:08:28.137213Z[0m [34mDEBUG[0m [2mhyper::client::pool[0m[2m:[0m reuse idle connection for ("http", 192.168.0.14:8545)
[2m2025-12-10T10:08:28.137235Z[0m [34mDEBUG[0m [2mhyper::proto::h1::io[0m[2m:[0m flushed 250 bytes
[2m2025-12-10T10:08:28.151134Z[0m [34mDEBUG[0m [2mhyper::proto::h1::io[0m[2m:[0m parsed 4 headers
[2m2025-12-10T10:08:28.151155Z[0m [34mDEBUG[0m [2mhyper::proto::h1::conn[0m[2m:[0m incoming body is content-length (4743 bytes)
[2m2025-12-10T10:08:28.151166Z[0m [34mDEBUG[0m [2mhyper::proto::h1::conn[0m[2m:[0m incoming body completed
[2m2025-12-10T10:08:28.151182Z[0m [34mDEBUG[0m [2mhyper::client::pool[0m[2m:[0m pooling idle connection for ("http", 192.168.0.14:8545)
[2m2025-12-10T10:08:28.151193Z[0m [34mDEBUG[0m [2methereum_transaction_pool_monitor::eth_client[0m[2m:[0m 📡 Transaction fetch RPC completed in 13.989167ms
[2m2025-12-10T10:08:28.229815Z[0m [34mDEBUG[0m [2methereum_transaction_pool_monitor::eth_client[0m[2m:[0m ✅ Transaction 0x7171de8ff4b297243afe934ec7b368903cc56430d5504be6986b0086fa5bd7f2 fetched and parsed in 92.608292ms
[2m2025-12-10T10:08:28.229845Z[0m [34mDEBUG[0m [2methereum_transaction_pool_monitor::mempool_monitor[0m[2m:[0m 🔍 Skipping tx 0x7171de8ff4b297243afe934ec7b368903cc56430d5504be6986b0086fa5bd7f2 - not a DEX interaction (target: 0xC497058d572D188bFcE1B9813E7D346C54A20812)
[2m2025-12-10T10:08:28.229855Z[0m [34mDEBUG[0m [2methereum_transaction_pool_monitor::mempool_monitor[0m[2m:[0m 📨 Processing new pending transaction: 0xa99e4c2c9c651edbaa8ead78fd3a51e1415531cf0eed1932e2126595374e401d
[2m2025-12-10T10:08:28.229861Z[0m [34mDEBUG[0m [2methereum_transaction_pool_monitor::mempool_monitor[0m[2m:[0m 🔍 Fetching transaction details for: 0xa99e4c2c9c651edbaa8ead78fd3a51e1415531cf0eed1932e2126595374e401d
[2m2025-12-10T10:08:28.229866Z[0m [34mDEBUG[0m [2methereum_transaction_pool_monitor::eth_client[0m[2m:[0m 🔍 Fetching transaction details for hash: 0xa99e4c2c9c651edbaa8ead78fd3a51e1415531cf0eed1932e2126595374e401d
[2m2025-12-10T10:08:28.229890Z[0m [34mDEBUG[0m [2mhyper::client::pool[0m[2m:[0m reuse idle connection for ("http", 192.168.0.14:8545)
[2m2025-12-10T10:08:28.229955Z[0m [34mDEBUG[0m [2mhyper::proto::h1::io[0m[2m:[0m flushed 250 bytes
[2m2025-12-10T10:08:28.229989Z[0m [34mDEBUG[0m [2mhyper::client::pool[0m[2m:[0m reuse idle connection for ("http", 192.168.0.14:8545)
[2m2025-12-10T10:08:28.230010Z[0m [34mDEBUG[0m [2mhyper::proto::h1::io[0m[2m:[0m flushed 172 bytes
[2m2025-12-10T10:08:28.235628Z[0m [34mDEBUG[0m [2methereum_transaction_pool_monitor::eth_client[0m[2m:[0m 📨 Received WebSocket message: {"jsonrpc":"2.0","method":"eth_subscription","params":{"subscription":"0xbed0a0851463e895960a451075a301a9","result":"0x05dfb1b523654d82b3f3bb0ca909eec5724cc9d4383e611f53c5ccfc60a9fc2f"}}
[2m2025-12-10T10:08:28.235642Z[0m [34mDEBUG[0m [2methereum_transaction_pool_monitor::eth_client[0m[2m:[0m 📨 Received pending transaction: 0x05dfb1b523654d82b3f3bb0ca909eec5724cc9d4383e611f53c5ccfc60a9fc2f
[2m2025-12-10T10:08:28.235656Z[0m [34mDEBUG[0m [2mhyper::proto::h1::io[0m[2m:[0m parsed 4 headers
[2m2025-12-10T10:08:28.235661Z[0m [34mDEBUG[0m [2mhyper::proto::h1::conn[0m[2m:[0m incoming body is content-length (676 bytes)
[2m2025-12-10T10:08:28.235668Z[0m [34mDEBUG[0m [2mhyper::proto::h1::conn[0m[2m:[0m incoming body completed
[2m2025-12-10T10:08:28.235680Z[0m [34mDEBUG[0m [2mhyper::client::pool[0m[2m:[0m pooling idle connection for ("http", 192.168.0.14:8545)
[2m2025-12-10T10:08:28.235687Z[0m [34mDEBUG[0m [2methereum_transaction_pool_monitor::eth_client[0m[2m:[0m 📡 Transaction fetch RPC completed in 5.817167ms
[2m2025-12-10T10:08:28.309968Z[0m [34mDEBUG[0m [2methereum_transaction_pool_monitor::eth_client[0m[2m:[0m ✅ Transaction 0xa99e4c2c9c651edbaa8ead78fd3a51e1415531cf0eed1932e2126595374e401d fetched and parsed in 80.093459ms
[2m2025-12-10T10:08:28.310011Z[0m [34mDEBUG[0m [2methereum_transaction_pool_monitor::mempool_monitor[0m[2m:[0m 🔍 Skipping tx 0xa99e4c2c9c651edbaa8ead78fd3a51e1415531cf0eed1932e2126595374e401d - not a DEX interaction (target: 0xA0b86991c6218b36c1d19D4a2e9Eb0cE3606eB48)
[2m2025-12-10T10:08:28.310025Z[0m [34mDEBUG[0m [2methereum_transaction_pool_monitor::mempool_monitor[0m[2m:[0m 📨 Processing new pending transaction: 0xcdb2a4dcc1ac305774a18d5373e1dd3464865d2cc9be34efb3b482da20299c72
[2m2025-12-10T10:08:28.310032Z[0m [34mDEBUG[0m [2methereum_transaction_pool_monitor::mempool_monitor[0m[2m:[0m 🔍 Fetching transaction details for: 0xcdb2a4dcc1ac305774a18d5373e1dd3464865d2cc9be34efb3b482da20299c72
[2m2025-12-10T10:08:28.310037Z[0m [34mDEBUG[0m [2methereum_transaction_pool_monitor::eth_client[0m[2m:[0m 🔍 Fetching transaction details for hash: 0xcdb2a4dcc1ac305774a18d5373e1dd3464865d2cc9be34efb3b482da20299c72
[2m2025-12-10T10:08:28.310066Z[0m [34mDEBUG[0m [2mhyper::client::pool[0m[2m:[0m reuse idle connection for ("http", 192.168.0.14:8545)
[2m2025-12-10T10:08:28.310137Z[0m [34mDEBUG[0m [2mhyper::proto::h1::io[0m[2m:[0m flushed 250 bytes
[2m2025-12-10T10:08:28.310171Z[0m [34mDEBUG[0m [2methereum_transaction_pool_monitor::eth_client[0m[2m:[0m 📨 Received WebSocket message: {"jsonrpc":"2.0","method":"eth_subscription","params":{"subscription":"0xbed0a0851463e895960a451075a301a9","result":"0x9ead1651e9c5e70a8c53dff5dd5d95bf856b2f802997c271047910f6b3b7ea17"}}
[2m2025-12-10T10:08:28.310182Z[0m [34mDEBUG[0m [2methereum_transaction_pool_monitor::eth_client[0m[2m:[0m 📨 Received pending transaction: 0x9ead1651e9c5e70a8c53dff5dd5d95bf856b2f802997c271047910f6b3b7ea17
[2m2025-12-10T10:08:28.310189Z[0m [34mDEBUG[0m [2methereum_transaction_pool_monitor::eth_client[0m[2m:[0m 📨 Received WebSocket message: {"jsonrpc":"2.0","method":"eth_subscription","params":{"subscription":"0xbed0a0851463e895960a451075a301a9","result":"0xcc90b896a9aae7fd26443e5145423c397c65aa19016ccecb4e1803e8ca37ca0f"}}
[2m2025-12-10T10:08:28.310195Z[0m [34mDEBUG[0m [2methereum_transaction_pool_monitor::eth_client[0m[2m:[0m 📨 Received pending transaction: 0xcc90b896a9aae7fd26443e5145423c397c65aa19016ccecb4e1803e8ca37ca0f
[2m2025-12-10T10:08:28.310200Z[0m [34mDEBUG[0m [2methereum_transaction_pool_monitor::eth_client[0m[2m:[0m 📨 Received WebSocket message: {"jsonrpc":"2.0","method":"eth_subscription","params":{"subscription":"0xbed0a0851463e895960a451075a301a9","result":"0x1f29467c3a61deb388eeafad8e6f0e71cff05c7b0c9005ed9d2cc3c57f0eab85"}}
[2m2025-12-10T10:08:28.310205Z[0m [34mDEBUG[0m [2methereum_transaction_pool_monitor::eth_client[0m[2m:[0m 📨 Received pending transaction: 0x1f29467c3a61deb388eeafad8e6f0e71cff05c7b0c9005ed9d2cc3c57f0eab85
[2m2025-12-10T10:08:28.310217Z[0m [34mDEBUG[0m [2mhyper::proto::h1::io[0m[2m:[0m parsed 4 headers
[2m2025-12-10T10:08:28.310221Z[0m [34mDEBUG[0m [2mhyper::proto::h1::conn[0m[2m:[0m incoming body is content-length (45 bytes)
[2m2025-12-10T10:08:28.310230Z[0m [34mDEBUG[0m [2mhyper::proto::h1::conn[0m[2m:[0m incoming body completed
[2m2025-12-10T10:08:28.310260Z[0m [34mDEBUG[0m [2mhyper::client::pool[0m[2m:[0m pooling idle connection for ("http", 192.168.0.14:8545)
[2m2025-12-10T10:08:28.310289Z[0m [34mDEBUG[0m [2mhyper::client::pool[0m[2m:[0m reuse idle connection for ("http", 192.168.0.14:8545)
[2m2025-12-10T10:08:28.310313Z[0m [34mDEBUG[0m [2mhyper::proto::h1::io[0m[2m:[0m flushed 172 bytes
[2m2025-12-10T10:08:28.320112Z[0m [34mDEBUG[0m [2mhyper::proto::h1::io[0m[2m:[0m parsed 4 headers
[2m2025-12-10T10:08:28.320133Z[0m [34mDEBUG[0m [2mhyper::proto::h1::conn[0m[2m:[0m incoming body is content-length (771 bytes)
[2m2025-12-10T10:08:28.320142Z[0m [34mDEBUG[0m [2mhyper::proto::h1::conn[0m[2m:[0m incoming body completed
[2m2025-12-10T10:08:28.320152Z[0m [34mDEBUG[0m [2mhyper::client::pool[0m[2m:[0m pooling idle connection for ("http", 192.168.0.14:8545)
[2m2025-12-10T10:08:28.320161Z[0m [34mDEBUG[0m [2methereum_transaction_pool_monitor::eth_client[0m[2m:[0m 📡 Transaction fetch RPC completed in 10.119916ms
[2m2025-12-10T10:08:28.397629Z[0m [34mDEBUG[0m [2methereum_transaction_pool_monitor::eth_client[0m[2m:[0m ✅ Transaction 0xcdb2a4dcc1ac305774a18d5373e1dd3464865d2cc9be34efb3b482da20299c72 fetched and parsed in 87.584083ms
[2m2025-12-10T10:08:28.397650Z[0m [34mDEBUG[0m [2methereum_transaction_pool_monitor::mempool_monitor[0m[2m:[0m 🔍 Skipping tx 0xcdb2a4dcc1ac305774a18d5373e1dd3464865d2cc9be34efb3b482da20299c72 - not a DEX interaction (target: 0xe28b3B32B6c345A34Ff64674606124Dd5Aceca30)
[2m2025-12-10T10:08:28.397660Z[0m [34mDEBUG[0m [2methereum_transaction_pool_monitor::mempool_monitor[0m[2m:[0m 📨 Processing new pending transaction: 0x8b0e93b2024618139e35ebda75460ef3e2cf551172dd349e4a6eb503daa87e0e
[2m2025-12-10T10:08:28.397665Z[0m [34mDEBUG[0m [2methereum_transaction_pool_monitor::mempool_monitor[0m[2m:[0m 🔍 Fetching transaction details for: 0x8b0e93b2024618139e35ebda75460ef3e2cf551172dd349e4a6eb503daa87e0e
[2m2025-12-10T10:08:28.397669Z[0m [34mDEBUG[0m [2methereum_transaction_pool_monitor::eth_client[0m[2m:[0m 🔍 Fetching transaction details for hash: 0x8b0e93b2024618139e35ebda75460ef3e2cf551172dd349e4a6eb503daa87e0e
[2m2025-12-10T10:08:28.397689Z[0m [34mDEBUG[0m [2mhyper::client::pool[0m[2m:[0m reuse idle connection for ("http", 192.168.0.14:8545)
[2m2025-12-10T10:08:28.397727Z[0m [34mDEBUG[0m [2mhyper::proto::h1::io[0m[2m:[0m flushed 250 bytes
[2m2025-12-10T10:08:28.397750Z[0m [34mDEBUG[0m [2methereum_transaction_pool_monitor::eth_client[0m[2m:[0m 📨 Received WebSocket message: {"jsonrpc":"2.0","method":"eth_subscription","params":{"subscription":"0xbed0a0851463e895960a451075a301a9","result":"0x6ee39a1b5ecbed204e5ef11b49ab9f892dfb2f20b05147289e471d04c573432b"}}
[2m2025-12-10T10:08:28.397755Z[0m [34mDEBUG[0m [2mhyper::proto::h1::io[0m[2m:[0m parsed 4 headers
[2m2025-12-10T10:08:28.397758Z[0m [34mDEBUG[0m [2methereum_transaction_pool_monitor::eth_client[0m[2m:[0m 📨 Received pending transaction: 0x6ee39a1b5ecbed204e5ef11b49ab9f892dfb2f20b05147289e471d04c573432b
[2m2025-12-10T10:08:28.397766Z[0m [34mDEBUG[0m [2mhyper::proto::h1::conn[0m[2m:[0m incoming body is content-length (45 bytes)
[2m2025-12-10T10:08:28.397772Z[0m [34mDEBUG[0m [2methereum_transaction_pool_monitor::eth_client[0m[2m:[0m 📨 Received WebSocket message: {"jsonrpc":"2.0","method":"eth_subscription","params":{"subscription":"0xbed0a0851463e895960a451075a301a9","result":"0x5a9ae06456e3bac11ba8d03ef8421498071455480693d4833835000d8769ed4d"}}
[2m2025-12-10T10:08:28.397776Z[0m [34mDEBUG[0m [2mhyper::proto::h1::conn[0m[2m:[0m incoming body completed
[2m2025-12-10T10:08:28.397779Z[0m [34mDEBUG[0m [2methereum_transaction_pool_monitor::eth_client[0m[2m:[0m 📨 Received pending transaction: 0x5a9ae06456e3bac11ba8d03ef8421498071455480693d4833835000d8769ed4d
[2m2025-12-10T10:08:28.397788Z[0m [34mDEBUG[0m [2mhyper::client::pool[0m[2m:[0m pooling idle connection for ("http", 192.168.0.14:8545)
[2m2025-12-10T10:08:28.397808Z[0m [34mDEBUG[0m [2mhyper::client::pool[0m[2m:[0m reuse idle connection for ("http", 192.168.0.14:8545)
[2m2025-12-10T10:08:28.397829Z[0m [34mDEBUG[0m [2mhyper::proto::h1::io[0m[2m:[0m flushed 172 bytes
[2m2025-12-10T10:08:28.402919Z[0m [34mDEBUG[0m [2mhyper::proto::h1::io[0m[2m:[0m parsed 4 headers
[2m2025-12-10T10:08:28.402934Z[0m [34mDEBUG[0m [2mhyper::proto::h1::conn[0m[2m:[0m incoming body is content-length (45 bytes)
[2m2025-12-10T10:08:28.402944Z[0m [34mDEBUG[0m [2mhyper::proto::h1::conn[0m[2m:[0m incoming body completed
[2m2025-12-10T10:08:28.402956Z[0m [34mDEBUG[0m [2mhyper::client::pool[0m[2m:[0m pooling idle connection for ("http", 192.168.0.14:8545)
[2m2025-12-10T10:08:28.403598Z[0m [34mDEBUG[0m [2mhyper::proto::h1::io[0m[2m:[0m parsed 4 headers
[2m2025-12-10T10:08:28.403604Z[0m [34mDEBUG[0m [2mhyper::proto::h1::conn[0m[2m:[0m incoming body is content-length (773 bytes)
[2m2025-12-10T10:08:28.403609Z[0m [34mDEBUG[0m [2mhyper::proto::h1::conn[0m[2m:[0m incoming body completed
[2m2025-12-10T10:08:28.403615Z[0m [34mDEBUG[0m [2mhyper::client::pool[0m[2m:[0m pooling idle connection for ("http", 192.168.0.14:8545)
[2m2025-12-10T10:08:28.403620Z[0m [34mDEBUG[0m [2methereum_transaction_pool_monitor::eth_client[0m[2m:[0m 📡 Transaction fetch RPC completed in 5.947708ms
[2m2025-12-10T10:08:28.403634Z[0m [34mDEBUG[0m [2methereum_transaction_pool_monitor::eth_client[0m[2m:[0m DeFi transaction detected - Address: 0xdac17f958d2ee523a2206206994597c13d831ec7, Type: Stablecoin, Value: 0 ETH, Gas: 1.86 Gwei
[2m2025-12-10T10:08:28.403647Z[0m [34mDEBUG[0m [2methereum_transaction_pool_monitor::eth_client[0m[2m:[0m ✅ Transaction 0x8b0e93b2024618139e35ebda75460ef3e2cf551172dd349e4a6eb503daa87e0e fetched and parsed in 5.974333ms
[2m2025-12-10T10:08:28.403652Z[0m [34mDEBUG[0m [2methereum_transaction_pool_monitor::mempool_monitor[0m[2m:[0m 🔍 Skipping tx 0x8b0e93b2024618139e35ebda75460ef3e2cf551172dd349e4a6eb503daa87e0e - not a DEX interaction (target: 0xdAC17F958D2ee523a2206206994597C13D831ec7)
[2m2025-12-10T10:08:28.403659Z[0m [34mDEBUG[0m [2methereum_transaction_pool_monitor::mempool_monitor[0m[2m:[0m 📨 Processing new pending transaction: 0xfe952ec26456c3df7f5732b002b508b7e44348bb43c75da189b7f7aefbd6a413
[2m2025-12-10T10:08:28.403663Z[0m [34mDEBUG[0m [2methereum_transaction_pool_monitor::mempool_monitor[0m[2m:[0m 🔍 Fetching transaction details for: 0xfe952ec26456c3df7f5732b002b508b7e44348bb43c75da189b7f7aefbd6a413
[2m2025-12-10T10:08:28.403666Z[0m [34mDEBUG[0m [2methereum_transaction_pool_monitor::eth_client[0m[2m:[0m 🔍 Fetching transaction details for hash: 0xfe952ec26456c3df7f5732b002b508b7e44348bb43c75da189b7f7aefbd6a413
[2m2025-12-10T10:08:28.403680Z[0m [34mDEBUG[0m [2mhyper::client::pool[0m[2m:[0m reuse idle connection for ("http", 192.168.0.14:8545)
[2m2025-12-10T10:08:28.403710Z[0m [34mDEBUG[0m [2mhyper::proto::h1::io[0m[2m:[0m flushed 250 bytes
[2m2025-12-10T10:08:28.409590Z[0m [34mDEBUG[0m [2mhyper::proto::h1::io[0m[2m:[0m parsed 4 headers
[2m2025-12-10T10:08:28.409641Z[0m [34mDEBUG[0m [2mhyper::proto::h1::conn[0m[2m:[0m incoming body is content-length (777 bytes)
[2m2025-12-10T10:08:28.409659Z[0m [34mDEBUG[0m [2mhyper::proto::h1::conn[0m[2m:[0m incoming body completed
[2m2025-12-10T10:08:28.409681Z[0m [34mDEBUG[0m [2mhyper::client::pool[0m[2m:[0m pooling idle connection for ("http", 192.168.0.14:8545)
[2m2025-12-10T10:08:28.409699Z[0m [34mDEBUG[0m [2methereum_transaction_pool_monitor::eth_client[0m[2m:[0m 📡 Transaction fetch RPC completed in 6.029375ms
[2m2025-12-10T10:08:28.409732Z[0m [34mDEBUG[0m [2methereum_transaction_pool_monitor::eth_client[0m[2m:[0m DeFi transaction detected - Address: 0xdac17f958d2ee523a2206206994597c13d831ec7, Type: Stablecoin, Value: 0 ETH, Gas: 127.50 Gwei
[2m2025-12-10T10:08:28.409757Z[0m [34mDEBUG[0m [2methereum_transaction_pool_monitor::eth_client[0m[2m:[0m ✅ Transaction 0xfe952ec26456c3df7f5732b002b508b7e44348bb43c75da189b7f7aefbd6a413 fetched and parsed in 6.087333ms
[2m2025-12-10T10:08:28.409770Z[0m [34mDEBUG[0m [2methereum_transaction_pool_monitor::mempool_monitor[0m[2m:[0m 🔍 Skipping tx 0xfe952ec26456c3df7f5732b002b508b7e44348bb43c75da189b7f7aefbd6a413 - not a DEX interaction (target: 0xdAC17F958D2ee523a2206206994597C13D831ec7)
[2m2025-12-10T10:08:28.409786Z[0m [34mDEBUG[0m [2methereum_transaction_pool_monitor::mempool_monitor[0m[2m:[0m 📨 Processing new pending transaction: 0x1cfde0a4dd4e1ded7fd5ef0cd6b637113c4aeb6463a8e31648635b002566c967
[2m2025-12-10T10:08:28.409795Z[0m [34mDEBUG[0m [2methereum_transaction_pool_monitor::mempool_monitor[0m[2m:[0m 🔍 Fetching transaction details for: 0x1cfde0a4dd4e1ded7fd5ef0cd6b637113c4aeb6463a8e31648635b002566c967
[2m2025-12-10T10:08:28.409802Z[0m [34mDEBUG[0m [2methereum_transaction_pool_monitor::eth_client[0m[2m:[0m 🔍 Fetching transaction details for hash: 0x1cfde0a4dd4e1ded7fd5ef0cd6b637113c4aeb6463a8e31648635b002566c967
[2m2025-12-10T10:08:28.409833Z[0m [34mDEBUG[0m [2mhyper::client::pool[0m[2m:[0m reuse idle connection for ("http", 192.168.0.14:8545)
[2m2025-12-10T10:08:28.409904Z[0m [34mDEBUG[0m [2mhyper::proto::h1::io[0m[2m:[0m flushed 250 bytes
[2m2025-12-10T10:08:28.417061Z[0m [34mDEBUG[0m [2mhyper::proto::h1::io[0m[2m:[0m parsed 4 headers
[2m2025-12-10T10:08:28.417081Z[0m [34mDEBUG[0m [2mhyper::proto::h1::conn[0m[2m:[0m incoming body is content-length (676 bytes)
[2m2025-12-10T10:08:28.417089Z[0m [34mDEBUG[0m [2mhyper::proto::h1::conn[0m[2m:[0m incoming body completed
[2m2025-12-10T10:08:28.417100Z[0m [34mDEBUG[0m [2mhyper::client::pool[0m[2m:[0m pooling idle connection for ("http", 192.168.0.14:8545)
[2m2025-12-10T10:08:28.417109Z[0m [34mDEBUG[0m [2methereum_transaction_pool_monitor::eth_client[0m[2m:[0m 📡 Transaction fetch RPC completed in 7.299083ms
[2m2025-12-10T10:08:28.490577Z[0m [34mDEBUG[0m [2methereum_transaction_pool_monitor::eth_client[0m[2m:[0m ✅ Transaction 0x1cfde0a4dd4e1ded7fd5ef0cd6b637113c4aeb6463a8e31648635b002566c967 fetched and parsed in 80.7635ms
[2m2025-12-10T10:08:28.490603Z[0m [34mDEBUG[0m [2methereum_transaction_pool_monitor::mempool_monitor[0m[2m:[0m 🔍 Skipping tx 0x1cfde0a4dd4e1ded7fd5ef0cd6b637113c4aeb6463a8e31648635b002566c967 - not a DEX interaction (target: 0xA0b86991c6218b36c1d19D4a2e9Eb0cE3606eB48)
[2m2025-12-10T10:08:28.490613Z[0m [34mDEBUG[0m [2methereum_transaction_pool_monitor::mempool_monitor[0m[2m:[0m 📨 Processing new pending transaction: 0x05dfb1b523654d82b3f3bb0ca909eec5724cc9d4383e611f53c5ccfc60a9fc2f
[2m2025-12-10T10:08:28.490618Z[0m [34mDEBUG[0m [2methereum_transaction_pool_monitor::mempool_monitor[0m[2m:[0m 🔍 Fetching transaction details for: 0x05dfb1b523654d82b3f3bb0ca909eec5724cc9d4383e611f53c5ccfc60a9fc2f
[2m2025-12-10T10:08:28.490622Z[0m [34mDEBUG[0m [2methereum_transaction_pool_monitor::eth_client[0m[2m:[0m 🔍 Fetching transaction details for hash: 0x05dfb1b523654d82b3f3bb0ca909eec5724cc9d4383e611f53c5ccfc60a9fc2f
[2m2025-12-10T10:08:28.490646Z[0m [34mDEBUG[0m [2mhyper::client::pool[0m[2m:[0m reuse idle connection for ("http", 192.168.0.14:8545)
[2m2025-12-10T10:08:28.490681Z[0m [34mDEBUG[0m [2mhyper::proto::h1::io[0m[2m:[0m flushed 250 bytes
[2m2025-12-10T10:08:28.490704Z[0m [34mDEBUG[0m [2methereum_transaction_pool_monitor::eth_client[0m[2m:[0m 📨 Received WebSocket message: {"jsonrpc":"2.0","method":"eth_subscription","params":{"subscription":"0xbed0a0851463e895960a451075a301a9","result":"0xb792ad15ad368a38afbf6345e71d26e429a7a96925940cf93d50beb68ff495e5"}}
[2m2025-12-10T10:08:28.490712Z[0m [34mDEBUG[0m [2methereum_transaction_pool_monitor::eth_client[0m[2m:[0m 📨 Received pending transaction: 0xb792ad15ad368a38afbf6345e71d26e429a7a96925940cf93d50beb68ff495e5
[2m2025-12-10T10:08:28.490716Z[0m [32m INFO[0m [2methereum_transaction_pool_monitor::eth_client[0m[2m:[0m 📊 WebSocket stats - Total: 393 transactions, Rate: 12.9 tx/s
[2m2025-12-10T10:08:28.490721Z[0m [34mDEBUG[0m [2methereum_transaction_pool_monitor::eth_client[0m[2m:[0m 📨 Received WebSocket message: {"jsonrpc":"2.0","method":"eth_subscription","params":{"subscription":"0xbed0a0851463e895960a451075a301a9","result":"0xbc35bc68deedbb7405bf92fbf481c6e4dadcb7b1ed3894e32b19c92dcd188687"}}
[2m2025-12-10T10:08:28.490726Z[0m [34mDEBUG[0m [2methereum_transaction_pool_monitor::eth_client[0m[2m:[0m 📨 Received pending transaction: 0xbc35bc68deedbb7405bf92fbf481c6e4dadcb7b1ed3894e32b19c92dcd188687
[2m2025-12-10T10:08:28.496396Z[0m [34mDEBUG[0m [2mhyper::client::pool[0m[2m:[0m reuse idle connection for ("http", 192.168.0.14:8545)
[2m2025-12-10T10:08:28.496477Z[0m [34mDEBUG[0m [2mhyper::proto::h1::io[0m[2m:[0m flushed 172 bytes
[2m2025-12-10T10:08:28.500437Z[0m [34mDEBUG[0m [2mhyper::proto::h1::io[0m[2m:[0m parsed 4 headers
[2m2025-12-10T10:08:28.500453Z[0m [34mDEBUG[0m [2mhyper::proto::h1::conn[0m[2m:[0m incoming body is content-length (4558 bytes)
[2m2025-12-10T10:08:28.500474Z[0m [34mDEBUG[0m [2methereum_transaction_pool_monitor::eth_client[0m[2m:[0m 📡 Transaction fetch RPC completed in 9.848084ms
[2m2025-12-10T10:08:28.501322Z[0m [34mDEBUG[0m [2mhyper::proto::h1::conn[0m[2m:[0m incoming body completed
[2m2025-12-10T10:08:28.501343Z[0m [34mDEBUG[0m [2mhyper::client::pool[0m[2m:[0m pooling idle connection for ("http", 192.168.0.14:8545)
[2m2025-12-10T10:08:28.501360Z[0m [34mDEBUG[0m [2mhyper::proto::h1::io[0m[2m:[0m parsed 4 headers
[2m2025-12-10T10:08:28.501371Z[0m [34mDEBUG[0m [2mhyper::proto::h1::conn[0m[2m:[0m incoming body is content-length (45 bytes)
[2m2025-12-10T10:08:28.501378Z[0m [34mDEBUG[0m [2mhyper::proto::h1::conn[0m[2m:[0m incoming body completed
[2m2025-12-10T10:08:28.501387Z[0m [34mDEBUG[0m [2mhyper::client::pool[0m[2m:[0m pooling idle connection for ("http", 192.168.0.14:8545)
[2m2025-12-10T10:08:28.572018Z[0m [34mDEBUG[0m [2methereum_transaction_pool_monitor::eth_client[0m[2m:[0m 📨 Received WebSocket message: {"jsonrpc":"2.0","method":"eth_subscription","params":{"subscription":"0xbed0a0851463e895960a451075a301a9","result":"0x6644f795ed59447e480603dd870f73da130411d3cbc4bcd52c867c465d854015"}}
[2m2025-12-10T10:08:28.572073Z[0m [34mDEBUG[0m [2methereum_transaction_pool_monitor::eth_client[0m[2m:[0m 📨 Received pending transaction: 0x6644f795ed59447e480603dd870f73da130411d3cbc4bcd52c867c465d854015
[2m2025-12-10T10:08:28.575240Z[0m [34mDEBUG[0m [2methereum_transaction_pool_monitor::eth_client[0m[2m:[0m ✅ Transaction 0x05dfb1b523654d82b3f3bb0ca909eec5724cc9d4383e611f53c5ccfc60a9fc2f fetched and parsed in 84.611542ms
[2m2025-12-10T10:08:28.575268Z[0m [34mDEBUG[0m [2methereum_transaction_pool_monitor::mempool_monitor[0m[2m:[0m 🔍 Skipping tx 0x05dfb1b523654d82b3f3bb0ca909eec5724cc9d4383e611f53c5ccfc60a9fc2f - not a DEX interaction (target: 0x5E1f62Dac767b0491e3CE72469C217365D5B48cC)
[2m2025-12-10T10:08:28.575280Z[0m [34mDEBUG[0m [2methereum_transaction_pool_monitor::mempool_monitor[0m[2m:[0m 📨 Processing new pending transaction: 0x9ead1651e9c5e70a8c53dff5dd5d95bf856b2f802997c271047910f6b3b7ea17
[2m2025-12-10T10:08:28.575285Z[0m [34mDEBUG[0m [2methereum_transaction_pool_monitor::mempool_monitor[0m[2m:[0m 🔍 Fetching transaction details for: 0x9ead1651e9c5e70a8c53dff5dd5d95bf856b2f802997c271047910f6b3b7ea17
[2m2025-12-10T10:08:28.575290Z[0m [34mDEBUG[0m [2methereum_transaction_pool_monitor::eth_client[0m[2m:[0m 🔍 Fetching transaction details for hash: 0x9ead1651e9c5e70a8c53dff5dd5d95bf856b2f802997c271047910f6b3b7ea17
[2m2025-12-10T10:08:28.575316Z[0m [34mDEBUG[0m [2mhyper::client::pool[0m[2m:[0m reuse idle connection for ("http", 192.168.0.14:8545)
[2m2025-12-10T10:08:28.575376Z[0m [34mDEBUG[0m [2mhyper::proto::h1::io[0m[2m:[0m flushed 250 bytes
[2m2025-12-10T10:08:28.581013Z[0m [34mDEBUG[0m [2mhyper::proto::h1::io[0m[2m:[0m parsed 4 headers
[2m2025-12-10T10:08:28.581028Z[0m [34mDEBUG[0m [2mhyper::proto::h1::conn[0m[2m:[0m incoming body is content-length (775 bytes)
[2m2025-12-10T10:08:28.581038Z[0m [34mDEBUG[0m [2mhyper::proto::h1::conn[0m[2m:[0m incoming body completed
[2m2025-12-10T10:08:28.581051Z[0m [34mDEBUG[0m [2mhyper::client::pool[0m[2m:[0m pooling idle connection for ("http", 192.168.0.14:8545)
[2m2025-12-10T10:08:28.581060Z[0m [34mDEBUG[0m [2methereum_transaction_pool_monitor::eth_client[0m[2m:[0m 📡 Transaction fetch RPC completed in 5.764916ms
[2m2025-12-10T10:08:28.652690Z[0m [34mDEBUG[0m [2methereum_transaction_pool_monitor::eth_client[0m[2m:[0m ✅ Transaction 0x9ead1651e9c5e70a8c53dff5dd5d95bf856b2f802997c271047910f6b3b7ea17 fetched and parsed in 77.391625ms
[2m2025-12-10T10:08:28.652723Z[0m [34mDEBUG[0m [2methereum_transaction_pool_monitor::mempool_monitor[0m[2m:[0m 🔍 Skipping tx 0x9ead1651e9c5e70a8c53dff5dd5d95bf856b2f802997c271047910f6b3b7ea17 - not a DEX interaction (target: 0x111111111117dC0aa78b770fA6A738034120C302)
[2m2025-12-10T10:08:28.652738Z[0m [34mDEBUG[0m [2methereum_transaction_pool_monitor::mempool_monitor[0m[2m:[0m 📨 Processing new pending transaction: 0xcc90b896a9aae7fd26443e5145423c397c65aa19016ccecb4e1803e8ca37ca0f
[2m2025-12-10T10:08:28.652744Z[0m [34mDEBUG[0m [2methereum_transaction_pool_monitor::mempool_monitor[0m[2m:[0m 🔍 Fetching transaction details for: 0xcc90b896a9aae7fd26443e5145423c397c65aa19016ccecb4e1803e8ca37ca0f
[2m2025-12-10T10:08:28.652748Z[0m [34mDEBUG[0m [2methereum_transaction_pool_monitor::eth_client[0m[2m:[0m 🔍 Fetching transaction details for hash: 0xcc90b896a9aae7fd26443e5145423c397c65aa19016ccecb4e1803e8ca37ca0f
[2m2025-12-10T10:08:28.652774Z[0m [34mDEBUG[0m [2mhyper::client::pool[0m[2m:[0m reuse idle connection for ("http", 192.168.0.14:8545)
[2m2025-12-10T10:08:28.652835Z[0m [34mDEBUG[0m [2mhyper::proto::h1::io[0m[2m:[0m flushed 250 bytes
[2m2025-12-10T10:08:28.652864Z[0m [34mDEBUG[0m [2mhyper::client::pool[0m[2m:[0m reuse idle connection for ("http", 192.168.0.14:8545)
[2m2025-12-10T10:08:28.652883Z[0m [34mDEBUG[0m [2mhyper::proto::h1::io[0m[2m:[0m flushed 172 bytes
[2m2025-12-10T10:08:28.652910Z[0m [34mDEBUG[0m [2methereum_transaction_pool_monitor::eth_client[0m[2m:[0m 📨 Received WebSocket message: {"jsonrpc":"2.0","method":"eth_subscription","params":{"subscription":"0xbed0a0851463e895960a451075a301a9","result":"0x503a5548af379c21dcfc88c763e86830187c5030b430d353c22838f33371a23f"}}
[2m2025-12-10T10:08:28.652950Z[0m [34mDEBUG[0m [2methereum_transaction_pool_monitor::eth_client[0m[2m:[0m 📨 Received pending transaction: 0x503a5548af379c21dcfc88c763e86830187c5030b430d353c22838f33371a23f
[2m2025-12-10T10:08:28.652959Z[0m [34mDEBUG[0m [2methereum_transaction_pool_monitor::eth_client[0m[2m:[0m 📨 Received WebSocket message: {"jsonrpc":"2.0","method":"eth_subscription","params":{"subscription":"0xbed0a0851463e895960a451075a301a9","result":"0x3916688e3cd24f507d7625b98a8517e28014a293480c7b43d39f2699a05b1c93"}}
[2m2025-12-10T10:08:28.652964Z[0m [34mDEBUG[0m [2methereum_transaction_pool_monitor::eth_client[0m[2m:[0m 📨 Received pending transaction: 0x3916688e3cd24f507d7625b98a8517e28014a293480c7b43d39f2699a05b1c93
[2m2025-12-10T10:08:28.659259Z[0m [34mDEBUG[0m [2mhyper::proto::h1::io[0m[2m:[0m parsed 4 headers
[2m2025-12-10T10:08:28.659276Z[0m [34mDEBUG[0m [2mhyper::proto::h1::conn[0m[2m:[0m incoming body is content-length (45 bytes)
[2m2025-12-10T10:08:28.659286Z[0m [34mDEBUG[0m [2mhyper::proto::h1::conn[0m[2m:[0m incoming body completed
[2m2025-12-10T10:08:28.659299Z[0m [34mDEBUG[0m [2mhyper::client::pool[0m[2m:[0m pooling idle connection for ("http", 192.168.0.14:8545)
[2m2025-12-10T10:08:28.663041Z[0m [34mDEBUG[0m [2mhyper::proto::h1::io[0m[2m:[0m parsed 4 headers
[2m2025-12-10T10:08:28.663051Z[0m [34mDEBUG[0m [2mhyper::proto::h1::conn[0m[2m:[0m incoming body is content-length (763 bytes)
[2m2025-12-10T10:08:28.663057Z[0m [34mDEBUG[0m [2mhyper::proto::h1::conn[0m[2m:[0m incoming body completed
[2m2025-12-10T10:08:28.663067Z[0m [34mDEBUG[0m [2mhyper::client::pool[0m[2m:[0m pooling idle connection for ("http", 192.168.0.14:8545)
[2m2025-12-10T10:08:28.663074Z[0m [34mDEBUG[0m [2methereum_transaction_pool_monitor::eth_client[0m[2m:[0m 📡 Transaction fetch RPC completed in 10.32125ms
[2m2025-12-10T10:08:28.663090Z[0m [34mDEBUG[0m [2methereum_transaction_pool_monitor::eth_client[0m[2m:[0m DeFi transaction detected - Address: 0xdac17f958d2ee523a2206206994597c13d831ec7, Type: Stablecoin, Value: 0 ETH, Gas: 0.41 Gwei
[2m2025-12-10T10:08:28.663101Z[0m [34mDEBUG[0m [2methereum_transaction_pool_monitor::eth_client[0m[2m:[0m ✅ Transaction 0xcc90b896a9aae7fd26443e5145423c397c65aa19016ccecb4e1803e8ca37ca0f fetched and parsed in 10.348333ms
[2m2025-12-10T10:08:28.663107Z[0m [34mDEBUG[0m [2methereum_transaction_pool_monitor::mempool_monitor[0m[2m:[0m 🔍 Skipping tx 0xcc90b896a9aae7fd26443e5145423c397c65aa19016ccecb4e1803e8ca37ca0f - not a DEX interaction (target: 0xdAC17F958D2ee523a2206206994597C13D831ec7)
[2m2025-12-10T10:08:28.663114Z[0m [34mDEBUG[0m [2methereum_transaction_pool_monitor::mempool_monitor[0m[2m:[0m 📨 Processing new pending transaction: 0x1f29467c3a61deb388eeafad8e6f0e71cff05c7b0c9005ed9d2cc3c57f0eab85
[2m2025-12-10T10:08:28.663118Z[0m [34mDEBUG[0m [2methereum_transaction_pool_monitor::mempool_monitor[0m[2m:[0m 🔍 Fetching transaction details for: 0x1f29467c3a61deb388eeafad8e6f0e71cff05c7b0c9005ed9d2cc3c57f0eab85
[2m2025-12-10T10:08:28.663121Z[0m [34mDEBUG[0m [2methereum_transaction_pool_monitor::eth_client[0m[2m:[0m 🔍 Fetching transaction details for hash: 0x1f29467c3a61deb388eeafad8e6f0e71cff05c7b0c9005ed9d2cc3c57f0eab85
[2m2025-12-10T10:08:28.663138Z[0m [34mDEBUG[0m [2mhyper::client::pool[0m[2m:[0m reuse idle connection for ("http", 192.168.0.14:8545)
[2m2025-12-10T10:08:28.663168Z[0m [34mDEBUG[0m [2mhyper::proto::h1::io[0m[2m:[0m flushed 250 bytes
[2m2025-12-10T10:08:28.669719Z[0m [34mDEBUG[0m [2mhyper::proto::h1::io[0m[2m:[0m parsed 4 headers
[2m2025-12-10T10:08:28.669736Z[0m [34mDEBUG[0m [2mhyper::proto::h1::conn[0m[2m:[0m incoming body is content-length (770 bytes)
[2m2025-12-10T10:08:28.669746Z[0m [34mDEBUG[0m [2mhyper::proto::h1::conn[0m[2m:[0m incoming body completed
[2m2025-12-10T10:08:28.669759Z[0m [34mDEBUG[0m [2mhyper::client::pool[0m[2m:[0m pooling idle connection for ("http", 192.168.0.14:8545)
[2m2025-12-10T10:08:28.669769Z[0m [34mDEBUG[0m [2methereum_transaction_pool_monitor::eth_client[0m[2m:[0m 📡 Transaction fetch RPC completed in 6.643833ms
[2m2025-12-10T10:08:28.669788Z[0m [34mDEBUG[0m [2methereum_transaction_pool_monitor::eth_client[0m[2m:[0m DeFi transaction detected - Address: 0xdac17f958d2ee523a2206206994597c13d831ec7, Type: Stablecoin, Value: 0 ETH, Gas: 0.26 Gwei
[2m2025-12-10T10:08:28.669802Z[0m [34mDEBUG[0m [2methereum_transaction_pool_monitor::eth_client[0m[2m:[0m ✅ Transaction 0x1f29467c3a61deb388eeafad8e6f0e71cff05c7b0c9005ed9d2cc3c57f0eab85 fetched and parsed in 6.677125ms
[2m2025-12-10T10:08:28.669809Z[0m [34mDEBUG[0m [2methereum_transaction_pool_monitor::mempool_monitor[0m[2m:[0m 🔍 Skipping tx 0x1f29467c3a61deb388eeafad8e6f0e71cff05c7b0c9005ed9d2cc3c57f0eab85 - not a DEX interaction (target: 0xdAC17F958D2ee523a2206206994597C13D831ec7)
[2m2025-12-10T10:08:28.669816Z[0m [34mDEBUG[0m [2methereum_transaction_pool_monitor::mempool_monitor[0m[2m:[0m 📨 Processing new pending transaction: 0x6ee39a1b5ecbed204e5ef11b49ab9f892dfb2f20b05147289e471d04c573432b
[2m2025-12-10T10:08:28.669820Z[0m [34mDEBUG[0m [2methereum_transaction_pool_monitor::mempool_monitor[0m[2m:[0m 🔍 Fetching transaction details for: 0x6ee39a1b5ecbed204e5ef11b49ab9f892dfb2f20b05147289e471d04c573432b
[2m2025-12-10T10:08:28.669824Z[0m [34mDEBUG[0m [2methereum_transaction_pool_monitor::eth_client[0m[2m:[0m 🔍 Fetching transaction details for hash: 0x6ee39a1b5ecbed204e5ef11b49ab9f892dfb2f20b05147289e471d04c573432b
[2m2025-12-10T10:08:28.669841Z[0m [34mDEBUG[0m [2mhyper::client::pool[0m[2m:[0m reuse idle connection for ("http", 192.168.0.14:8545)
[2m2025-12-10T10:08:28.669873Z[0m [34mDEBUG[0m [2mhyper::proto::h1::io[0m[2m:[0m flushed 250 bytes
[2m2025-12-10T10:08:28.674702Z[0m [34mDEBUG[0m [2mhyper::proto::h1::io[0m[2m:[0m parsed 4 headers
[2m2025-12-10T10:08:28.674717Z[0m [34mDEBUG[0m [2mhyper::proto::h1::conn[0m[2m:[0m incoming body is content-length (831 bytes)
[2m2025-12-10T10:08:28.674725Z[0m [34mDEBUG[0m [2mhyper::proto::h1::conn[0m[2m:[0m incoming body completed
[2m2025-12-10T10:08:28.674735Z[0m [34mDEBUG[0m [2mhyper::client::pool[0m[2m:[0m pooling idle connection for ("http", 192.168.0.14:8545)
[2m2025-12-10T10:08:28.674744Z[0m [34mDEBUG[0m [2methereum_transaction_pool_monitor::eth_client[0m[2m:[0m 📡 Transaction fetch RPC completed in 4.9155ms
[2m2025-12-10T10:08:28.751144Z[0m [34mDEBUG[0m [2methereum_transaction_pool_monitor::eth_client[0m[2m:[0m ✅ Transaction 0x6ee39a1b5ecbed204e5ef11b49ab9f892dfb2f20b05147289e471d04c573432b fetched and parsed in 81.312375ms
[2m2025-12-10T10:08:28.751177Z[0m [34mDEBUG[0m [2methereum_transaction_pool_monitor::mempool_monitor[0m[2m:[0m 🔍 Skipping tx 0x6ee39a1b5ecbed204e5ef11b49ab9f892dfb2f20b05147289e471d04c573432b - not a DEX interaction (target: 0x3B4D794a66304F130a4Db8F2551B0070dfCf5ca7)
[2m2025-12-10T10:08:28.751188Z[0m [34mDEBUG[0m [2methereum_transaction_pool_monitor::mempool_monitor[0m[2m:[0m 📨 Processing new pending transaction: 0x5a9ae06456e3bac11ba8d03ef8421498071455480693d4833835000d8769ed4d
[2m2025-12-10T10:08:28.751194Z[0m [34mDEBUG[0m [2methereum_transaction_pool_monitor::mempool_monitor[0m[2m:[0m 🔍 Fetching transaction details for: 0x5a9ae06456e3bac11ba8d03ef8421498071455480693d4833835000d8769ed4d
[2m2025-12-10T10:08:28.751198Z[0m [34mDEBUG[0m [2methereum_transaction_pool_monitor::eth_client[0m[2m:[0m 🔍 Fetching transaction details for hash: 0x5a9ae06456e3bac11ba8d03ef8421498071455480693d4833835000d8769ed4d
[2m2025-12-10T10:08:28.751221Z[0m [34mDEBUG[0m [2mhyper::client::pool[0m[2m:[0m reuse idle connection for ("http", 192.168.0.14:8545)
[2m2025-12-10T10:08:28.751281Z[0m [34mDEBUG[0m [2mhyper::proto::h1::io[0m[2m:[0m flushed 250 bytes
[2m2025-12-10T10:08:28.751346Z[0m [34mDEBUG[0m [2mhyper::client::pool[0m[2m:[0m reuse idle connection for ("http", 192.168.0.14:8545)
[2m2025-12-10T10:08:28.751367Z[0m [34mDEBUG[0m [2mhyper::proto::h1::io[0m[2m:[0m flushed 172 bytes
[2m2025-12-10T10:08:28.755918Z[0m [34mDEBUG[0m [2mhyper::proto::h1::io[0m[2m:[0m parsed 4 headers
[2m2025-12-10T10:08:28.755937Z[0m [34mDEBUG[0m [2mhyper::proto::h1::conn[0m[2m:[0m incoming body is content-length (1730 bytes)
[2m2025-12-10T10:08:28.755954Z[0m [34mDEBUG[0m [2methereum_transaction_pool_monitor::eth_client[0m[2m:[0m 📡 Transaction fetch RPC completed in 4.751833ms
[2m2025-12-10T10:08:28.758220Z[0m [34mDEBUG[0m [2mhyper::proto::h1::conn[0m[2m:[0m incoming body completed
[2m2025-12-10T10:08:28.758233Z[0m [34mDEBUG[0m [2mhyper::client::pool[0m[2m:[0m pooling idle connection for ("http", 192.168.0.14:8545)
[2m2025-12-10T10:08:28.758245Z[0m [34mDEBUG[0m [2mhyper::proto::h1::io[0m[2m:[0m parsed 4 headers
[2m2025-12-10T10:08:28.758249Z[0m [34mDEBUG[0m [2mhyper::proto::h1::conn[0m[2m:[0m incoming body is content-length (45 bytes)
[2m2025-12-10T10:08:28.758254Z[0m [34mDEBUG[0m [2mhyper::proto::h1::conn[0m[2m:[0m incoming body completed
[2m2025-12-10T10:08:28.758261Z[0m [34mDEBUG[0m [2mhyper::client::pool[0m[2m:[0m pooling idle connection for ("http", 192.168.0.14:8545)
[2m2025-12-10T10:08:28.796378Z[0m [34mDEBUG[0m [2mhyper::client::pool[0m[2m:[0m reuse idle connection for ("http", 192.168.0.14:8545)
[2m2025-12-10T10:08:28.796524Z[0m [34mDEBUG[0m [2mhyper::proto::h1::io[0m[2m:[0m flushed 172 bytes
[2m2025-12-10T10:08:28.801831Z[0m [34mDEBUG[0m [2mhyper::proto::h1::io[0m[2m:[0m parsed 4 headers
[2m2025-12-10T10:08:28.802783Z[0m [34mDEBUG[0m [2mhyper::proto::h1::conn[0m[2m:[0m incoming body is content-length (45 bytes)
[2m2025-12-10T10:08:28.802812Z[0m [34mDEBUG[0m [2mhyper::proto::h1::conn[0m[2m:[0m incoming body completed
[2m2025-12-10T10:08:28.802835Z[0m [34mDEBUG[0m [2mhyper::client::pool[0m[2m:[0m pooling idle connection for ("http", 192.168.0.14:8545)
[2m2025-12-10T10:08:28.836021Z[0m [34mDEBUG[0m [2methereum_transaction_pool_monitor::eth_client[0m[2m:[0m ✅ Transaction 0x5a9ae06456e3bac11ba8d03ef8421498071455480693d4833835000d8769ed4d fetched and parsed in 84.816625ms
[2m2025-12-10T10:08:28.836051Z[0m [34mDEBUG[0m [2methereum_transaction_pool_monitor::mempool_monitor[0m[2m:[0m 🔍 Skipping tx 0x5a9ae06456e3bac11ba8d03ef8421498071455480693d4833835000d8769ed4d - not a DEX interaction (target: 0x601a2aD6CB5949f0529735254189Ba3194221EDF)
[2m2025-12-10T10:08:28.836060Z[0m [34mDEBUG[0m [2methereum_transaction_pool_monitor::mempool_monitor[0m[2m:[0m 📨 Processing new pending transaction: 0xb792ad15ad368a38afbf6345e71d26e429a7a96925940cf93d50beb68ff495e5
[2m2025-12-10T10:08:28.836065Z[0m [34mDEBUG[0m [2methereum_transaction_pool_monitor::mempool_monitor[0m[2m:[0m 🔍 Fetching transaction details for: 0xb792ad15ad368a38afbf6345e71d26e429a7a96925940cf93d50beb68ff495e5
[2m2025-12-10T10:08:28.836069Z[0m [34mDEBUG[0m [2methereum_transaction_pool_monitor::eth_client[0m[2m:[0m 🔍 Fetching transaction details for hash: 0xb792ad15ad368a38afbf6345e71d26e429a7a96925940cf93d50beb68ff495e5
[2m2025-12-10T10:08:28.836091Z[0m [34mDEBUG[0m [2mhyper::client::pool[0m[2m:[0m reuse idle connection for ("http", 192.168.0.14:8545)
[2m2025-12-10T10:08:28.836152Z[0m [34mDEBUG[0m [2mhyper::proto::h1::io[0m[2m:[0m flushed 250 bytes
[2m2025-12-10T10:08:28.839988Z[0m [34mDEBUG[0m [2mhyper::proto::h1::io[0m[2m:[0m parsed 4 headers
[2m2025-12-10T10:08:28.840004Z[0m [34mDEBUG[0m [2mhyper::proto::h1::conn[0m[2m:[0m incoming body is content-length (675 bytes)
[2m2025-12-10T10:08:28.840014Z[0m [34mDEBUG[0m [2mhyper::proto::h1::conn[0m[2m:[0m incoming body completed
[2m2025-12-10T10:08:28.840025Z[0m [34mDEBUG[0m [2mhyper::client::pool[0m[2m:[0m pooling idle connection for ("http", 192.168.0.14:8545)
[2m2025-12-10T10:08:28.840034Z[0m [34mDEBUG[0m [2methereum_transaction_pool_monitor::eth_client[0m[2m:[0m 📡 Transaction fetch RPC completed in 3.960667ms
[2m2025-12-10T10:08:28.930379Z[0m [34mDEBUG[0m [2methereum_transaction_pool_monitor::eth_client[0m[2m:[0m ✅ Transaction 0xb792ad15ad368a38afbf6345e71d26e429a7a96925940cf93d50beb68ff495e5 fetched and parsed in 94.302417ms
[2m2025-12-10T10:08:28.930410Z[0m [34mDEBUG[0m [2methereum_transaction_pool_monitor::mempool_monitor[0m[2m:[0m 🔍 Skipping tx 0xb792ad15ad368a38afbf6345e71d26e429a7a96925940cf93d50beb68ff495e5 - not a DEX interaction (target: 0xA0b86991c6218b36c1d19D4a2e9Eb0cE3606eB48)
[2m2025-12-10T10:08:28.930421Z[0m [34mDEBUG[0m [2methereum_transaction_pool_monitor::mempool_monitor[0m[2m:[0m 📨 Processing new pending transaction: 0xbc35bc68deedbb7405bf92fbf481c6e4dadcb7b1ed3894e32b19c92dcd188687
[2m2025-12-10T10:08:28.930427Z[0m [34mDEBUG[0m [2methereum_transaction_pool_monitor::mempool_monitor[0m[2m:[0m 🔍 Fetching transaction details for: 0xbc35bc68deedbb7405bf92fbf481c6e4dadcb7b1ed3894e32b19c92dcd188687
[2m2025-12-10T10:08:28.930431Z[0m [34mDEBUG[0m [2methereum_transaction_pool_monitor::eth_client[0m[2m:[0m 🔍 Fetching transaction details for hash: 0xbc35bc68deedbb7405bf92fbf481c6e4dadcb7b1ed3894e32b19c92dcd188687
[2m2025-12-10T10:08:28.930451Z[0m [34mDEBUG[0m [2mhyper::client::pool[0m[2m:[0m reuse idle connection for ("http", 192.168.0.14:8545)
[2m2025-12-10T10:08:28.930493Z[0m [34mDEBUG[0m [2mhyper::proto::h1::io[0m[2m:[0m flushed 250 bytes
[2m2025-12-10T10:08:28.930513Z[0m [34mDEBUG[0m [2mhyper::client::pool[0m[2m:[0m reuse idle connection for ("http", 192.168.0.14:8545)
[2m2025-12-10T10:08:28.930527Z[0m [34mDEBUG[0m [2mhyper::proto::h1::io[0m[2m:[0m flushed 172 bytes
[2m2025-12-10T10:08:28.930559Z[0m [34mDEBUG[0m [2methereum_transaction_pool_monitor::eth_client[0m[2m:[0m 📨 Received WebSocket message: {"jsonrpc":"2.0","method":"eth_subscription","params":{"subscription":"0xbed0a0851463e895960a451075a301a9","result":"0xf83fd8bab30fb7f35f5f7761b84e8368b320e79476da53dd755da33ccf5c0fd6"}}
[2m2025-12-10T10:08:28.930598Z[0m [34mDEBUG[0m [2methereum_transaction_pool_monitor::eth_client[0m[2m:[0m 📨 Received pending transaction: 0xf83fd8bab30fb7f35f5f7761b84e8368b320e79476da53dd755da33ccf5c0fd6
[2m2025-12-10T10:08:28.930605Z[0m [34mDEBUG[0m [2methereum_transaction_pool_monitor::eth_client[0m[2m:[0m 📨 Received WebSocket message: {"jsonrpc":"2.0","method":"eth_subscription","params":{"subscription":"0xbed0a0851463e895960a451075a301a9","result":"0x4bd3d45956b1ad4d452c146adca40711aeff042006782e648bf90bc5d08bb81e"}}
[2m2025-12-10T10:08:28.930612Z[0m [34mDEBUG[0m [2methereum_transaction_pool_monitor::eth_client[0m[2m:[0m 📨 Received pending transaction: 0x4bd3d45956b1ad4d452c146adca40711aeff042006782e648bf90bc5d08bb81e
[2m2025-12-10T10:08:28.930617Z[0m [34mDEBUG[0m [2methereum_transaction_pool_monitor::eth_client[0m[2m:[0m 📨 Received WebSocket message: {"jsonrpc":"2.0","method":"eth_subscription","params":{"subscription":"0xbed0a0851463e895960a451075a301a9","result":"0xcb31d6d7f15eb8812e961aba2d660316c5ae237142aafd455d9789c820f72197"}}
[2m2025-12-10T10:08:28.930621Z[0m [34mDEBUG[0m [2methereum_transaction_pool_monitor::eth_client[0m[2m:[0m 📨 Received pending transaction: 0xcb31d6d7f15eb8812e961aba2d660316c5ae237142aafd455d9789c820f72197
[2m2025-12-10T10:08:28.942492Z[0m [34mDEBUG[0m [2mhyper::proto::h1::io[0m[2m:[0m parsed 4 headers
[2m2025-12-10T10:08:28.942538Z[0m [34mDEBUG[0m [2mhyper::proto::h1::conn[0m[2m:[0m incoming body is content-length (45 bytes)
[2m2025-12-10T10:08:28.942561Z[0m [34mDEBUG[0m [2mhyper::proto::h1::conn[0m[2m:[0m incoming body completed
[2m2025-12-10T10:08:28.942584Z[0m [34mDEBUG[0m [2mhyper::client::pool[0m[2m:[0m pooling idle connection for ("http", 192.168.0.14:8545)
[2m2025-12-10T10:08:28.946113Z[0m [34mDEBUG[0m [2mhyper::proto::h1::io[0m[2m:[0m parsed 4 headers
[2m2025-12-10T10:08:28.946121Z[0m [34mDEBUG[0m [2mhyper::proto::h1::conn[0m[2m:[0m incoming body is content-length (763 bytes)
[2m2025-12-10T10:08:28.946128Z[0m [34mDEBUG[0m [2mhyper::proto::h1::conn[0m[2m:[0m incoming body completed
[2m2025-12-10T10:08:28.946136Z[0m [34mDEBUG[0m [2mhyper::client::pool[0m[2m:[0m pooling idle connection for ("http", 192.168.0.14:8545)
[2m2025-12-10T10:08:28.946142Z[0m [34mDEBUG[0m [2methereum_transaction_pool_monitor::eth_client[0m[2m:[0m 📡 Transaction fetch RPC completed in 15.707042ms
[2m2025-12-10T10:08:29.018985Z[0m [34mDEBUG[0m [2methereum_transaction_pool_monitor::eth_client[0m[2m:[0m ✅ Transaction 0xbc35bc68deedbb7405bf92fbf481c6e4dadcb7b1ed3894e32b19c92dcd188687 fetched and parsed in 88.547042ms
[2m2025-12-10T10:08:29.019020Z[0m [34mDEBUG[0m [2methereum_transaction_pool_monitor::mempool_monitor[0m[2m:[0m 🔍 Skipping tx 0xbc35bc68deedbb7405bf92fbf481c6e4dadcb7b1ed3894e32b19c92dcd188687 - not a DEX interaction (target: 0xA0b86991c6218b36c1d19D4a2e9Eb0cE3606eB48)
[2m2025-12-10T10:08:29.019034Z[0m [34mDEBUG[0m [2methereum_transaction_pool_monitor::mempool_monitor[0m[2m:[0m 📨 Processing new pending transaction: 0x6644f795ed59447e480603dd870f73da130411d3cbc4bcd52c867c465d854015
[2m2025-12-10T10:08:29.019044Z[0m [34mDEBUG[0m [2methereum_transaction_pool_monitor::mempool_monitor[0m[2m:[0m 🔍 Fetching transaction details for: 0x6644f795ed59447e480603dd870f73da130411d3cbc4bcd52c867c465d854015
[2m2025-12-10T10:08:29.019050Z[0m [34mDEBUG[0m [2methereum_transaction_pool_monitor::eth_client[0m[2m:[0m 🔍 Fetching transaction details for hash: 0x6644f795ed59447e480603dd870f73da130411d3cbc4bcd52c867c465d854015
[2m2025-12-10T10:08:29.019077Z[0m [34mDEBUG[0m [2mhyper::client::pool[0m[2m:[0m reuse idle connection for ("http", 192.168.0.14:8545)
[2m2025-12-10T10:08:29.019125Z[0m [34mDEBUG[0m [2mhyper::proto::h1::io[0m[2m:[0m flushed 250 bytes
[2m2025-12-10T10:08:29.019159Z[0m [34mDEBUG[0m [2mhyper::client::pool[0m[2m:[0m reuse idle connection for ("http", 192.168.0.14:8545)
[2m2025-12-10T10:08:29.019177Z[0m [34mDEBUG[0m [2mhyper::proto::h1::io[0m[2m:[0m flushed 172 bytes
[2m2025-12-10T10:08:29.024508Z[0m [34mDEBUG[0m [2mhyper::proto::h1::io[0m[2m:[0m parsed 4 headers
[2m2025-12-10T10:08:29.024520Z[0m [34mDEBUG[0m [2mhyper::proto::h1::conn[0m[2m:[0m incoming body is content-length (45 bytes)
[2m2025-12-10T10:08:29.024529Z[0m [34mDEBUG[0m [2mhyper::proto::h1::conn[0m[2m:[0m incoming body completed
[2m2025-12-10T10:08:29.024541Z[0m [34mDEBUG[0m [2mhyper::client::pool[0m[2m:[0m pooling idle connection for ("http", 192.168.0.14:8545)
[2m2025-12-10T10:08:29.024577Z[0m [34mDEBUG[0m [2methereum_transaction_pool_monitor::eth_client[0m[2m:[0m 📨 Received WebSocket message: {"jsonrpc":"2.0","method":"eth_subscription","params":{"subscription":"0xbed0a0851463e895960a451075a301a9","result":"0x4b8a8dd4cc27f482b959c7a09ed1a7853e083004ebf7ab1d53c2e0d3861c7884"}}
[2m2025-12-10T10:08:29.024585Z[0m [34mDEBUG[0m [2methereum_transaction_pool_monitor::eth_client[0m[2m:[0m 📨 Received pending transaction: 0x4b8a8dd4cc27f482b959c7a09ed1a7853e083004ebf7ab1d53c2e0d3861c7884
[2m2025-12-10T10:08:29.024611Z[0m [34mDEBUG[0m [2mhyper::proto::h1::io[0m[2m:[0m parsed 4 headers
[2m2025-12-10T10:08:29.024615Z[0m [34mDEBUG[0m [2mhyper::proto::h1::conn[0m[2m:[0m incoming body is content-length (678 bytes)
[2m2025-12-10T10:08:29.024619Z[0m [34mDEBUG[0m [2mhyper::proto::h1::conn[0m[2m:[0m incoming body completed
[2m2025-12-10T10:08:29.024625Z[0m [34mDEBUG[0m [2mhyper::client::pool[0m[2m:[0m pooling idle connection for ("http", 192.168.0.14:8545)
[2m2025-12-10T10:08:29.024630Z[0m [34mDEBUG[0m [2methereum_transaction_pool_monitor::eth_client[0m[2m:[0m 📡 Transaction fetch RPC completed in 5.574583ms
[2m2025-12-10T10:08:29.096722Z[0m [34mDEBUG[0m [2mhyper::client::pool[0m[2m:[0m reuse idle connection for ("http", 192.168.0.14:8545)
[2m2025-12-10T10:08:29.096851Z[0m [34mDEBUG[0m [2mhyper::proto::h1::io[0m[2m:[0m flushed 172 bytes
[2m2025-12-10T10:08:29.102305Z[0m [34mDEBUG[0m [2mhyper::proto::h1::io[0m[2m:[0m parsed 4 headers
[2m2025-12-10T10:08:29.102343Z[0m [34mDEBUG[0m [2mhyper::proto::h1::conn[0m[2m:[0m incoming body is content-length (45 bytes)
[2m2025-12-10T10:08:29.102364Z[0m [34mDEBUG[0m [2mhyper::proto::h1::conn[0m[2m:[0m incoming body completed
[2m2025-12-10T10:08:29.102388Z[0m [34mDEBUG[0m [2mhyper::client::pool[0m[2m:[0m pooling idle connection for ("http", 192.168.0.14:8545)
[2m2025-12-10T10:08:29.111089Z[0m [34mDEBUG[0m [2methereum_transaction_pool_monitor::eth_client[0m[2m:[0m ✅ Transaction 0x6644f795ed59447e480603dd870f73da130411d3cbc4bcd52c867c465d854015 fetched and parsed in 92.030041ms
[2m2025-12-10T10:08:29.111117Z[0m [34mDEBUG[0m [2methereum_transaction_pool_monitor::mempool_monitor[0m[2m:[0m 🔍 Skipping tx 0x6644f795ed59447e480603dd870f73da130411d3cbc4bcd52c867c465d854015 - not a DEX interaction (target: 0xA0b86991c6218b36c1d19D4a2e9Eb0cE3606eB48)
[2m2025-12-10T10:08:29.111129Z[0m [34mDEBUG[0m [2methereum_transaction_pool_monitor::mempool_monitor[0m[2m:[0m 📨 Processing new pending transaction: 0x503a5548af379c21dcfc88c763e86830187c5030b430d353c22838f33371a23f
[2m2025-12-10T10:08:29.111134Z[0m [34mDEBUG[0m [2methereum_transaction_pool_monitor::mempool_monitor[0m[2m:[0m 🔍 Fetching transaction details for: 0x503a5548af379c21dcfc88c763e86830187c5030b430d353c22838f33371a23f
[2m2025-12-10T10:08:29.111138Z[0m [34mDEBUG[0m [2methereum_transaction_pool_monitor::eth_client[0m[2m:[0m 🔍 Fetching transaction details for hash: 0x503a5548af379c21dcfc88c763e86830187c5030b430d353c22838f33371a23f
[2m2025-12-10T10:08:29.111163Z[0m [34mDEBUG[0m [2mhyper::client::pool[0m[2m:[0m reuse idle connection for ("http", 192.168.0.14:8545)
[2m2025-12-10T10:08:29.111196Z[0m [34mDEBUG[0m [2mhyper::proto::h1::io[0m[2m:[0m flushed 250 bytes
[2m2025-12-10T10:08:29.115182Z[0m [34mDEBUG[0m [2mhyper::proto::h1::io[0m[2m:[0m parsed 4 headers
[2m2025-12-10T10:08:29.115193Z[0m [34mDEBUG[0m [2mhyper::proto::h1::conn[0m[2m:[0m incoming body is content-length (771 bytes)
[2m2025-12-10T10:08:29.115201Z[0m [34mDEBUG[0m [2mhyper::proto::h1::conn[0m[2m:[0m incoming body completed
[2m2025-12-10T10:08:29.115210Z[0m [34mDEBUG[0m [2mhyper::client::pool[0m[2m:[0m pooling idle connection for ("http", 192.168.0.14:8545)
[2m2025-12-10T10:08:29.115216Z[0m [34mDEBUG[0m [2methereum_transaction_pool_monitor::eth_client[0m[2m:[0m 📡 Transaction fetch RPC completed in 4.073875ms
[2m2025-12-10T10:08:29.115233Z[0m [34mDEBUG[0m [2methereum_transaction_pool_monitor::eth_client[0m[2m:[0m DeFi transaction detected - Address: 0xdac17f958d2ee523a2206206994597c13d831ec7, Type: Stablecoin, Value: 0 ETH, Gas: 0.78 Gwei
[2m2025-12-10T10:08:29.115245Z[0m [34mDEBUG[0m [2methereum_transaction_pool_monitor::eth_client[0m[2m:[0m ✅ Transaction 0x503a5548af379c21dcfc88c763e86830187c5030b430d353c22838f33371a23f fetched and parsed in 4.102459ms
[2m2025-12-10T10:08:29.115250Z[0m [34mDEBUG[0m [2methereum_transaction_pool_monitor::mempool_monitor[0m[2m:[0m 🔍 Skipping tx 0x503a5548af379c21dcfc88c763e86830187c5030b430d353c22838f33371a23f - not a DEX interaction (target: 0xdAC17F958D2ee523a2206206994597C13D831ec7)
[2m2025-12-10T10:08:29.115256Z[0m [34mDEBUG[0m [2methereum_transaction_pool_monitor::mempool_monitor[0m[2m:[0m 📨 Processing new pending transaction: 0x3916688e3cd24f507d7625b98a8517e28014a293480c7b43d39f2699a05b1c93
[2m2025-12-10T10:08:29.115260Z[0m [34mDEBUG[0m [2methereum_transaction_pool_monitor::mempool_monitor[0m[2m:[0m 🔍 Fetching transaction details for: 0x3916688e3cd24f507d7625b98a8517e28014a293480c7b43d39f2699a05b1c93
[2m2025-12-10T10:08:29.115263Z[0m [34mDEBUG[0m [2methereum_transaction_pool_monitor::eth_client[0m[2m:[0m 🔍 Fetching transaction details for hash: 0x3916688e3cd24f507d7625b98a8517e28014a293480c7b43d39f2699a05b1c93
[2m2025-12-10T10:08:29.115275Z[0m [34mDEBUG[0m [2mhyper::client::pool[0m[2m:[0m reuse idle connection for ("http", 192.168.0.14:8545)
[2m2025-12-10T10:08:29.115301Z[0m [34mDEBUG[0m [2mhyper::proto::h1::io[0m[2m:[0m flushed 250 bytes
[2m2025-12-10T10:08:29.124503Z[0m [34mDEBUG[0m [2mhyper::proto::h1::io[0m[2m:[0m parsed 4 headers
[2m2025-12-10T10:08:29.124519Z[0m [34mDEBUG[0m [2mhyper::proto::h1::conn[0m[2m:[0m incoming body is content-length (4742 bytes)
[2m2025-12-10T10:08:29.124528Z[0m [34mDEBUG[0m [2mhyper::proto::h1::conn[0m[2m:[0m incoming body completed
[2m2025-12-10T10:08:29.124542Z[0m [34mDEBUG[0m [2mhyper::client::pool[0m[2m:[0m pooling idle connection for ("http", 192.168.0.14:8545)
[2m2025-12-10T10:08:29.124550Z[0m [34mDEBUG[0m [2methereum_transaction_pool_monitor::eth_client[0m[2m:[0m 📡 Transaction fetch RPC completed in 9.283791ms
[2m2025-12-10T10:08:29.205497Z[0m [34mDEBUG[0m [2methereum_transaction_pool_monitor::eth_client[0m[2m:[0m ✅ Transaction 0x3916688e3cd24f507d7625b98a8517e28014a293480c7b43d39f2699a05b1c93 fetched and parsed in 90.227875ms
[2m2025-12-10T10:08:29.205525Z[0m [34mDEBUG[0m [2methereum_transaction_pool_monitor::mempool_monitor[0m[2m:[0m 🔍 Skipping tx 0x3916688e3cd24f507d7625b98a8517e28014a293480c7b43d39f2699a05b1c93 - not a DEX interaction (target: 0xC497058d572D188bFcE1B9813E7D346C54A20812)
[2m2025-12-10T10:08:29.205533Z[0m [34mDEBUG[0m [2methereum_transaction_pool_monitor::mempool_monitor[0m[2m:[0m 📨 Processing new pending transaction: 0xf83fd8bab30fb7f35f5f7761b84e8368b320e79476da53dd755da33ccf5c0fd6
[2m2025-12-10T10:08:29.205538Z[0m [34mDEBUG[0m [2methereum_transaction_pool_monitor::mempool_monitor[0m[2m:[0m 🔍 Fetching transaction details for: 0xf83fd8bab30fb7f35f5f7761b84e8368b320e79476da53dd755da33ccf5c0fd6
[2m2025-12-10T10:08:29.205541Z[0m [34mDEBUG[0m [2methereum_transaction_pool_monitor::eth_client[0m[2m:[0m 🔍 Fetching transaction details for hash: 0xf83fd8bab30fb7f35f5f7761b84e8368b320e79476da53dd755da33ccf5c0fd6
[2m2025-12-10T10:08:29.205562Z[0m [34mDEBUG[0m [2mhyper::client::pool[0m[2m:[0m reuse idle connection for ("http", 192.168.0.14:8545)
[2m2025-12-10T10:08:29.205613Z[0m [34mDEBUG[0m [2mhyper::proto::h1::io[0m[2m:[0m flushed 250 bytes
[2m2025-12-10T10:08:29.205634Z[0m [34mDEBUG[0m [2mhyper::client::pool[0m[2m:[0m reuse idle connection for ("http", 192.168.0.14:8545)
[2m2025-12-10T10:08:29.205649Z[0m [34mDEBUG[0m [2mhyper::proto::h1::io[0m[2m:[0m flushed 172 bytes
[2m2025-12-10T10:08:29.205677Z[0m [34mDEBUG[0m [2methereum_transaction_pool_monitor::eth_client[0m[2m:[0m 📨 Received WebSocket message: {"jsonrpc":"2.0","method":"eth_subscription","params":{"subscription":"0xbed0a0851463e895960a451075a301a9","result":"0x410e059416c6257ebbd0c301f95ff2d38cfdbcdaecd7e1b4e8f32169e9cc51e4"}}
[2m2025-12-10T10:08:29.205684Z[0m [34mDEBUG[0m [2methereum_transaction_pool_monitor::eth_client[0m[2m:[0m 📨 Received pending transaction: 0x410e059416c6257ebbd0c301f95ff2d38cfdbcdaecd7e1b4e8f32169e9cc51e4
[2m2025-12-10T10:08:29.208953Z[0m [34mDEBUG[0m [2mhyper::proto::h1::io[0m[2m:[0m parsed 4 headers
[2m2025-12-10T10:08:29.208970Z[0m [34mDEBUG[0m [2mhyper::proto::h1::conn[0m[2m:[0m incoming body is content-length (45 bytes)
[2m2025-12-10T10:08:29.208979Z[0m [34mDEBUG[0m [2mhyper::proto::h1::conn[0m[2m:[0m incoming body completed
[2m2025-12-10T10:08:29.208989Z[0m [34mDEBUG[0m [2mhyper::client::pool[0m[2m:[0m pooling idle connection for ("http", 192.168.0.14:8545)
[2m2025-12-10T10:08:29.209477Z[0m [34mDEBUG[0m [2mhyper::proto::h1::io[0m[2m:[0m parsed 4 headers
[2m2025-12-10T10:08:29.209486Z[0m [34mDEBUG[0m [2mhyper::proto::h1::conn[0m[2m:[0m incoming body is content-length (778 bytes)
[2m2025-12-10T10:08:29.209491Z[0m [34mDEBUG[0m [2mhyper::proto::h1::conn[0m[2m:[0m incoming body completed
[2m2025-12-10T10:08:29.209501Z[0m [34mDEBUG[0m [2mhyper::client::pool[0m[2m:[0m pooling idle connection for ("http", 192.168.0.14:8545)
[2m2025-12-10T10:08:29.209506Z[0m [34mDEBUG[0m [2methereum_transaction_pool_monitor::eth_client[0m[2m:[0m 📡 Transaction fetch RPC completed in 3.960834ms
[2m2025-12-10T10:08:29.209522Z[0m [34mDEBUG[0m [2methereum_transaction_pool_monitor::eth_client[0m[2m:[0m DeFi transaction detected - Address: 0xdac17f958d2ee523a2206206994597c13d831ec7, Type: Stablecoin, Value: 0 ETH, Gas: 127.50 Gwei
[2m2025-12-10T10:08:29.209536Z[0m [34mDEBUG[0m [2methereum_transaction_pool_monitor::eth_client[0m[2m:[0m ✅ Transaction 0xf83fd8bab30fb7f35f5f7761b84e8368b320e79476da53dd755da33ccf5c0fd6 fetched and parsed in 3.990209ms
[2m2025-12-10T10:08:29.209542Z[0m [34mDEBUG[0m [2methereum_transaction_pool_monitor::mempool_monitor[0m[2m:[0m 🔍 Skipping tx 0xf83fd8bab30fb7f35f5f7761b84e8368b320e79476da53dd755da33ccf5c0fd6 - not a DEX interaction (target: 0xdAC17F958D2ee523a2206206994597C13D831ec7)
[2m2025-12-10T10:08:29.209550Z[0m [34mDEBUG[0m [2methereum_transaction_pool_monitor::mempool_monitor[0m[2m:[0m 📨 Processing new pending transaction: 0x4bd3d45956b1ad4d452c146adca40711aeff042006782e648bf90bc5d08bb81e
[2m2025-12-10T10:08:29.209555Z[0m [34mDEBUG[0m [2methereum_transaction_pool_monitor::mempool_monitor[0m[2m:[0m 🔍 Fetching transaction details for: 0x4bd3d45956b1ad4d452c146adca40711aeff042006782e648bf90bc5d08bb81e
[2m2025-12-10T10:08:29.209559Z[0m [34mDEBUG[0m [2methereum_transaction_pool_monitor::eth_client[0m[2m:[0m 🔍 Fetching transaction details for hash: 0x4bd3d45956b1ad4d452c146adca40711aeff042006782e648bf90bc5d08bb81e
[2m2025-12-10T10:08:29.209574Z[0m [34mDEBUG[0m [2mhyper::client::pool[0m[2m:[0m reuse idle connection for ("http", 192.168.0.14:8545)
[2m2025-12-10T10:08:29.209600Z[0m [34mDEBUG[0m [2mhyper::proto::h1::io[0m[2m:[0m flushed 250 bytes
[2m2025-12-10T10:08:29.214417Z[0m [34mDEBUG[0m [2mhyper::proto::h1::io[0m[2m:[0m parsed 4 headers
[2m2025-12-10T10:08:29.214430Z[0m [34mDEBUG[0m [2mhyper::proto::h1::conn[0m[2m:[0m incoming body is content-length (676 bytes)
[2m2025-12-10T10:08:29.214436Z[0m [34mDEBUG[0m [2mhyper::proto::h1::conn[0m[2m:[0m incoming body completed
[2m2025-12-10T10:08:29.214444Z[0m [34mDEBUG[0m [2mhyper::client::pool[0m[2m:[0m pooling idle connection for ("http", 192.168.0.14:8545)
[2m2025-12-10T10:08:29.214449Z[0m [34mDEBUG[0m [2methereum_transaction_pool_monitor::eth_client[0m[2m:[0m 📡 Transaction fetch RPC completed in 4.885625ms
[2m2025-12-10T10:08:29.293876Z[0m [34mDEBUG[0m [2methereum_transaction_pool_monitor::eth_client[0m[2m:[0m ✅ Transaction 0x4bd3d45956b1ad4d452c146adca40711aeff042006782e648bf90bc5d08bb81e fetched and parsed in 84.310209ms
[2m2025-12-10T10:08:29.293904Z[0m [34mDEBUG[0m [2methereum_transaction_pool_monitor::mempool_monitor[0m[2m:[0m 🔍 Skipping tx 0x4bd3d45956b1ad4d452c146adca40711aeff042006782e648bf90bc5d08bb81e - not a DEX interaction (target: 0xA0b86991c6218b36c1d19D4a2e9Eb0cE3606eB48)
[2m2025-12-10T10:08:29.293914Z[0m [34mDEBUG[0m [2methereum_transaction_pool_monitor::mempool_monitor[0m[2m:[0m 📨 Processing new pending transaction: 0xcb31d6d7f15eb8812e961aba2d660316c5ae237142aafd455d9789c820f72197
[2m2025-12-10T10:08:29.293920Z[0m [34mDEBUG[0m [2methereum_transaction_pool_monitor::mempool_monitor[0m[2m:[0m 🔍 Fetching transaction details for: 0xcb31d6d7f15eb8812e961aba2d660316c5ae237142aafd455d9789c820f72197
[2m2025-12-10T10:08:29.293924Z[0m [34mDEBUG[0m [2methereum_transaction_pool_monitor::eth_client[0m[2m:[0m 🔍 Fetching transaction details for hash: 0xcb31d6d7f15eb8812e961aba2d660316c5ae237142aafd455d9789c820f72197
[2m2025-12-10T10:08:29.293943Z[0m [34mDEBUG[0m [2mhyper::client::pool[0m[2m:[0m reuse idle connection for ("http", 192.168.0.14:8545)
[2m2025-12-10T10:08:29.293998Z[0m [34mDEBUG[0m [2mhyper::proto::h1::io[0m[2m:[0m flushed 250 bytes
[2m2025-12-10T10:08:29.296279Z[0m [34mDEBUG[0m [2mhyper::client::pool[0m[2m:[0m reuse idle connection for ("http", 192.168.0.14:8545)
[2m2025-12-10T10:08:29.296322Z[0m [34mDEBUG[0m [2mhyper::proto::h1::io[0m[2m:[0m flushed 172 bytes
[2m2025-12-10T10:08:29.301086Z[0m [34mDEBUG[0m [2mhyper::proto::h1::io[0m[2m:[0m parsed 4 headers
[2m2025-12-10T10:08:29.301093Z[0m [34mDEBUG[0m [2mhyper::proto::h1::conn[0m[2m:[0m incoming body is content-length (778 bytes)
[2m2025-12-10T10:08:29.301100Z[0m [34mDEBUG[0m [2mhyper::proto::h1::conn[0m[2m:[0m incoming body completed
[2m2025-12-10T10:08:29.301108Z[0m [34mDEBUG[0m [2mhyper::client::pool[0m[2m:[0m pooling idle connection for ("http", 192.168.0.14:8545)
[2m2025-12-10T10:08:29.301116Z[0m [34mDEBUG[0m [2methereum_transaction_pool_monitor::eth_client[0m[2m:[0m 📡 Transaction fetch RPC completed in 7.18725ms
[2m2025-12-10T10:08:29.301132Z[0m [34mDEBUG[0m [2methereum_transaction_pool_monitor::eth_client[0m[2m:[0m DeFi transaction detected - Address: 0xdac17f958d2ee523a2206206994597c13d831ec7, Type: Stablecoin, Value: 0 ETH, Gas: 127.50 Gwei
[2m2025-12-10T10:08:29.301145Z[0m [34mDEBUG[0m [2methereum_transaction_pool_monitor::eth_client[0m[2m:[0m ✅ Transaction 0xcb31d6d7f15eb8812e961aba2d660316c5ae237142aafd455d9789c820f72197 fetched and parsed in 7.216916ms
[2m2025-12-10T10:08:29.301152Z[0m [34mDEBUG[0m [2methereum_transaction_pool_monitor::mempool_monitor[0m[2m:[0m 🔍 Skipping tx 0xcb31d6d7f15eb8812e961aba2d660316c5ae237142aafd455d9789c820f72197 - not a DEX interaction (target: 0xdAC17F958D2ee523a2206206994597C13D831ec7)
[2m2025-12-10T10:08:29.301159Z[0m [34mDEBUG[0m [2methereum_transaction_pool_monitor::mempool_monitor[0m[2m:[0m 📨 Processing new pending transaction: 0x4b8a8dd4cc27f482b959c7a09ed1a7853e083004ebf7ab1d53c2e0d3861c7884
[2m2025-12-10T10:08:29.301164Z[0m [34mDEBUG[0m [2methereum_transaction_pool_monitor::mempool_monitor[0m[2m:[0m 🔍 Fetching transaction details for: 0x4b8a8dd4cc27f482b959c7a09ed1a7853e083004ebf7ab1d53c2e0d3861c7884
[2m2025-12-10T10:08:29.301168Z[0m [34mDEBUG[0m [2methereum_transaction_pool_monitor::eth_client[0m[2m:[0m 🔍 Fetching transaction details for hash: 0x4b8a8dd4cc27f482b959c7a09ed1a7853e083004ebf7ab1d53c2e0d3861c7884
[2m2025-12-10T10:08:29.301178Z[0m [34mDEBUG[0m [2mhyper::client::pool[0m[2m:[0m reuse idle connection for ("http", 192.168.0.14:8545)
[2m2025-12-10T10:08:29.301196Z[0m [34mDEBUG[0m [2mhyper::proto::h1::io[0m[2m:[0m flushed 250 bytes
[2m2025-12-10T10:08:29.301787Z[0m [34mDEBUG[0m [2mhyper::proto::h1::io[0m[2m:[0m parsed 4 headers
[2m2025-12-10T10:08:29.301798Z[0m [34mDEBUG[0m [2mhyper::proto::h1::conn[0m[2m:[0m incoming body is content-length (45 bytes)
[2m2025-12-10T10:08:29.301804Z[0m [34mDEBUG[0m [2mhyper::proto::h1::conn[0m[2m:[0m incoming body completed
[2m2025-12-10T10:08:29.301810Z[0m [34mDEBUG[0m [2mhyper::client::pool[0m[2m:[0m pooling idle connection for ("http", 192.168.0.14:8545)
[2m2025-12-10T10:08:29.306937Z[0m [34mDEBUG[0m [2mhyper::proto::h1::io[0m[2m:[0m parsed 4 headers
[2m2025-12-10T10:08:29.306953Z[0m [34mDEBUG[0m [2mhyper::proto::h1::conn[0m[2m:[0m incoming body is content-length (771 bytes)
[2m2025-12-10T10:08:29.306960Z[0m [34mDEBUG[0m [2mhyper::proto::h1::conn[0m[2m:[0m incoming body completed
[2m2025-12-10T10:08:29.306969Z[0m [34mDEBUG[0m [2mhyper::client::pool[0m[2m:[0m pooling idle connection for ("http", 192.168.0.14:8545)
[2m2025-12-10T10:08:29.306976Z[0m [34mDEBUG[0m [2methereum_transaction_pool_monitor::eth_client[0m[2m:[0m 📡 Transaction fetch RPC completed in 5.804334ms
[2m2025-12-10T10:08:29.382717Z[0m [34mDEBUG[0m [2methereum_transaction_pool_monitor::eth_client[0m[2m:[0m ✅ Transaction 0x4b8a8dd4cc27f482b959c7a09ed1a7853e083004ebf7ab1d53c2e0d3861c7884 fetched and parsed in 81.5415ms
[2m2025-12-10T10:08:29.382751Z[0m [34mDEBUG[0m [2methereum_transaction_pool_monitor::mempool_monitor[0m[2m:[0m 🔍 Skipping tx 0x4b8a8dd4cc27f482b959c7a09ed1a7853e083004ebf7ab1d53c2e0d3861c7884 - not a DEX interaction (target: 0xe28b3B32B6c345A34Ff64674606124Dd5Aceca30)
[2m2025-12-10T10:08:29.382762Z[0m [34mDEBUG[0m [2methereum_transaction_pool_monitor::mempool_monitor[0m[2m:[0m 📨 Processing new pending transaction: 0x410e059416c6257ebbd0c301f95ff2d38cfdbcdaecd7e1b4e8f32169e9cc51e4
[2m2025-12-10T10:08:29.382768Z[0m [34mDEBUG[0m [2methereum_transaction_pool_monitor::mempool_monitor[0m[2m:[0m 🔍 Fetching transaction details for: 0x410e059416c6257ebbd0c301f95ff2d38cfdbcdaecd7e1b4e8f32169e9cc51e4
[2m2025-12-10T10:08:29.382772Z[0m [34mDEBUG[0m [2methereum_transaction_pool_monitor::eth_client[0m[2m:[0m 🔍 Fetching transaction details for hash: 0x410e059416c6257ebbd0c301f95ff2d38cfdbcdaecd7e1b4e8f32169e9cc51e4
[2m2025-12-10T10:08:29.382797Z[0m [34mDEBUG[0m [2mhyper::client::pool[0m[2m:[0m reuse idle connection for ("http", 192.168.0.14:8545)
[2m2025-12-10T10:08:29.382840Z[0m [34mDEBUG[0m [2mhyper::proto::h1::io[0m[2m:[0m flushed 250 bytes
[2m2025-12-10T10:08:29.382863Z[0m [34mDEBUG[0m [2methereum_transaction_pool_monitor::eth_client[0m[2m:[0m 📨 Received WebSocket message: {"jsonrpc":"2.0","method":"eth_subscription","params":{"subscription":"0xbed0a0851463e895960a451075a301a9","result":"0x6cce6b8215893b9d9cb93a387ab8bb640309b1499d239b92d60fd814c43959aa"}}
[2m2025-12-10T10:08:29.382872Z[0m [34mDEBUG[0m [2methereum_transaction_pool_monitor::eth_client[0m[2m:[0m 📨 Received pending transaction: 0x6cce6b8215893b9d9cb93a387ab8bb640309b1499d239b92d60fd814c43959aa
[2m2025-12-10T10:08:29.386141Z[0m [34mDEBUG[0m [2mhyper::proto::h1::io[0m[2m:[0m parsed 4 headers
[2m2025-12-10T10:08:29.386157Z[0m [34mDEBUG[0m [2mhyper::proto::h1::conn[0m[2m:[0m incoming body is content-length (552 bytes)
[2m2025-12-10T10:08:29.386165Z[0m [34mDEBUG[0m [2mhyper::proto::h1::conn[0m[2m:[0m incoming body completed
[2m2025-12-10T10:08:29.386180Z[0m [34mDEBUG[0m [2mhyper::client::pool[0m[2m:[0m pooling idle connection for ("http", 192.168.0.14:8545)
[2m2025-12-10T10:08:29.386189Z[0m [34mDEBUG[0m [2methereum_transaction_pool_monitor::eth_client[0m[2m:[0m 📡 Transaction fetch RPC completed in 3.411959ms
[2m2025-12-10T10:08:29.460732Z[0m [34mDEBUG[0m [2methereum_transaction_pool_monitor::eth_client[0m[2m:[0m ✅ Transaction 0x410e059416c6257ebbd0c301f95ff2d38cfdbcdaecd7e1b4e8f32169e9cc51e4 fetched and parsed in 77.95225ms
[2m2025-12-10T10:08:29.460751Z[0m [34mDEBUG[0m [2methereum_transaction_pool_monitor::mempool_monitor[0m[2m:[0m 🔍 Skipping tx 0x410e059416c6257ebbd0c301f95ff2d38cfdbcdaecd7e1b4e8f32169e9cc51e4 - not a DEX interaction (target: 0xb9A1662787C7156A46B5B0e899c523BE890bD263)
[2m2025-12-10T10:08:29.460761Z[0m [34mDEBUG[0m [2methereum_transaction_pool_monitor::mempool_monitor[0m[2m:[0m 📨 Processing new pending transaction: 0x6cce6b8215893b9d9cb93a387ab8bb640309b1499d239b92d60fd814c43959aa
[2m2025-12-10T10:08:29.460765Z[0m [34mDEBUG[0m [2methereum_transaction_pool_monitor::mempool_monitor[0m[2m:[0m 🔍 Fetching transaction details for: 0x6cce6b8215893b9d9cb93a387ab8bb640309b1499d239b92d60fd814c43959aa
[2m2025-12-10T10:08:29.460769Z[0m [34mDEBUG[0m [2methereum_transaction_pool_monitor::eth_client[0m[2m:[0m 🔍 Fetching transaction details for hash: 0x6cce6b8215893b9d9cb93a387ab8bb640309b1499d239b92d60fd814c43959aa
[2m2025-12-10T10:08:29.460789Z[0m [34mDEBUG[0m [2mhyper::client::pool[0m[2m:[0m reuse idle connection for ("http", 192.168.0.14:8545)
[2m2025-12-10T10:08:29.460825Z[0m [34mDEBUG[0m [2mhyper::proto::h1::io[0m[2m:[0m flushed 250 bytes
[2m2025-12-10T10:08:29.460852Z[0m [34mDEBUG[0m [2mhyper::client::pool[0m[2m:[0m reuse idle connection for ("http", 192.168.0.14:8545)
[2m2025-12-10T10:08:29.460866Z[0m [34mDEBUG[0m [2mhyper::proto::h1::io[0m[2m:[0m flushed 172 bytes
[2m2025-12-10T10:08:29.468415Z[0m [34mDEBUG[0m [2mhyper::proto::h1::io[0m[2m:[0m parsed 4 headers
[2m2025-12-10T10:08:29.468420Z[0m [34mDEBUG[0m [2mhyper::proto::h1::io[0m[2m:[0m parsed 4 headers
[2m2025-12-10T10:08:29.468456Z[0m [34mDEBUG[0m [2mhyper::proto::h1::conn[0m[2m:[0m incoming body is content-length (644 bytes)
[2m2025-12-10T10:08:29.468443Z[0m [34mDEBUG[0m [2methereum_transaction_pool_monitor::eth_client[0m[2m:[0m 📨 Received WebSocket message: {"jsonrpc":"2.0","method":"eth_subscription","params":{"subscription":"0xbed0a0851463e895960a451075a301a9","result":"0x1629cfd83ef0329458872cea6b057848c79e34439a31c1371149c5792b655d64"}}
[2m2025-12-10T10:08:29.468465Z[0m [34mDEBUG[0m [2mhyper::proto::h1::conn[0m[2m:[0m incoming body is content-length (45 bytes)
[2m2025-12-10T10:08:29.468477Z[0m [34mDEBUG[0m [2mhyper::proto::h1::conn[0m[2m:[0m incoming body completed
[2m2025-12-10T10:08:29.468487Z[0m [34mDEBUG[0m [2methereum_transaction_pool_monitor::eth_client[0m[2m:[0m 📨 Received pending transaction: 0x1629cfd83ef0329458872cea6b057848c79e34439a31c1371149c5792b655d64
[2m2025-12-10T10:08:29.468492Z[0m [34mDEBUG[0m [2mhyper::proto::h1::conn[0m[2m:[0m incoming body completed
[2m2025-12-10T10:08:29.468516Z[0m [34mDEBUG[0m [2mhyper::client::pool[0m[2m:[0m pooling idle connection for ("http", 192.168.0.14:8545)
[2m2025-12-10T10:08:29.468530Z[0m [34mDEBUG[0m [2mhyper::client::pool[0m[2m:[0m pooling idle connection for ("http", 192.168.0.14:8545)
[2m2025-12-10T10:08:29.468533Z[0m [34mDEBUG[0m [2methereum_transaction_pool_monitor::eth_client[0m[2m:[0m 📡 Transaction fetch RPC completed in 7.759625ms
[2m2025-12-10T10:08:29.496156Z[0m [34mDEBUG[0m [2mhyper::client::pool[0m[2m:[0m reuse idle connection for ("http", 192.168.0.14:8545)
[2m2025-12-10T10:08:29.496293Z[0m [34mDEBUG[0m [2mhyper::proto::h1::io[0m[2m:[0m flushed 172 bytes
[2m2025-12-10T10:08:29.499552Z[0m [34mDEBUG[0m [2mhyper::proto::h1::io[0m[2m:[0m parsed 4 headers
[2m2025-12-10T10:08:29.499583Z[0m [34mDEBUG[0m [2mhyper::proto::h1::conn[0m[2m:[0m incoming body is content-length (45 bytes)
[2m2025-12-10T10:08:29.499598Z[0m [34mDEBUG[0m [2mhyper::proto::h1::conn[0m[2m:[0m incoming body completed
[2m2025-12-10T10:08:29.499616Z[0m [34mDEBUG[0m [2mhyper::client::pool[0m[2m:[0m pooling idle connection for ("http", 192.168.0.14:8545)
[2m2025-12-10T10:08:29.536915Z[0m [34mDEBUG[0m [2methereum_transaction_pool_monitor::eth_client[0m[2m:[0m 📨 Received WebSocket message: {"jsonrpc":"2.0","method":"eth_subscription","params":{"subscription":"0xbed0a0851463e895960a451075a301a9","result":"0xf7c3609a3d432c0ea7d7d4c781704201ab3bf7103e3961eeb5c303bafdbe1e5e"}}
[2m2025-12-10T10:08:29.536969Z[0m [34mDEBUG[0m [2methereum_transaction_pool_monitor::eth_client[0m[2m:[0m 📨 Received pending transaction: 0xf7c3609a3d432c0ea7d7d4c781704201ab3bf7103e3961eeb5c303bafdbe1e5e
[2m2025-12-10T10:08:29.538837Z[0m [34mDEBUG[0m [2methereum_transaction_pool_monitor::eth_client[0m[2m:[0m ✅ Transaction 0x6cce6b8215893b9d9cb93a387ab8bb640309b1499d239b92d60fd814c43959aa fetched and parsed in 78.062916ms
[2m2025-12-10T10:08:29.538858Z[0m [34mDEBUG[0m [2methereum_transaction_pool_monitor::mempool_monitor[0m[2m:[0m 🔍 Skipping tx 0x6cce6b8215893b9d9cb93a387ab8bb640309b1499d239b92d60fd814c43959aa - not a DEX interaction (target: 0x17E5545B11b468072283Cee1F066a059Fb0dbF24)
[2m2025-12-10T10:08:29.538868Z[0m [34mDEBUG[0m [2methereum_transaction_pool_monitor::mempool_monitor[0m[2m:[0m 📨 Processing new pending transaction: 0x1629cfd83ef0329458872cea6b057848c79e34439a31c1371149c5792b655d64
[2m2025-12-10T10:08:29.538875Z[0m [34mDEBUG[0m [2methereum_transaction_pool_monitor::mempool_monitor[0m[2m:[0m 🔍 Fetching transaction details for: 0x1629cfd83ef0329458872cea6b057848c79e34439a31c1371149c5792b655d64
[2m2025-12-10T10:08:29.538879Z[0m [34mDEBUG[0m [2methereum_transaction_pool_monitor::eth_client[0m[2m:[0m 🔍 Fetching transaction details for hash: 0x1629cfd83ef0329458872cea6b057848c79e34439a31c1371149c5792b655d64
[2m2025-12-10T10:08:29.538899Z[0m [34mDEBUG[0m [2mhyper::client::pool[0m[2m:[0m reuse idle connection for ("http", 192.168.0.14:8545)
[2m2025-12-10T10:08:29.538948Z[0m [34mDEBUG[0m [2mhyper::proto::h1::io[0m[2m:[0m flushed 250 bytes
[2m2025-12-10T10:08:29.543868Z[0m [34mDEBUG[0m [2mhyper::proto::h1::io[0m[2m:[0m parsed 4 headers
[2m2025-12-10T10:08:29.543877Z[0m [34mDEBUG[0m [2mhyper::proto::h1::conn[0m[2m:[0m incoming body is content-length (676 bytes)
[2m2025-12-10T10:08:29.543884Z[0m [34mDEBUG[0m [2mhyper::proto::h1::conn[0m[2m:[0m incoming body completed
[2m2025-12-10T10:08:29.543892Z[0m [34mDEBUG[0m [2mhyper::client::pool[0m[2m:[0m pooling idle connection for ("http", 192.168.0.14:8545)
[2m2025-12-10T10:08:29.543898Z[0m [34mDEBUG[0m [2methereum_transaction_pool_monitor::eth_client[0m[2m:[0m 📡 Transaction fetch RPC completed in 5.014708ms
[2m2025-12-10T10:08:29.654212Z[0m [34mDEBUG[0m [2methereum_transaction_pool_monitor::eth_client[0m[2m:[0m ✅ Transaction 0x1629cfd83ef0329458872cea6b057848c79e34439a31c1371149c5792b655d64 fetched and parsed in 115.325208ms
[2m2025-12-10T10:08:29.654244Z[0m [34mDEBUG[0m [2methereum_transaction_pool_monitor::mempool_monitor[0m[2m:[0m 🔍 Skipping tx 0x1629cfd83ef0329458872cea6b057848c79e34439a31c1371149c5792b655d64 - not a DEX interaction (target: 0xA0b86991c6218b36c1d19D4a2e9Eb0cE3606eB48)
[2m2025-12-10T10:08:29.654255Z[0m [34mDEBUG[0m [2methereum_transaction_pool_monitor::mempool_monitor[0m[2m:[0m 📨 Processing new pending transaction: 0xf7c3609a3d432c0ea7d7d4c781704201ab3bf7103e3961eeb5c303bafdbe1e5e
[2m2025-12-10T10:08:29.654261Z[0m [34mDEBUG[0m [2methereum_transaction_pool_monitor::mempool_monitor[0m[2m:[0m 🔍 Fetching transaction details for: 0xf7c3609a3d432c0ea7d7d4c781704201ab3bf7103e3961eeb5c303bafdbe1e5e
[2m2025-12-10T10:08:29.654265Z[0m [34mDEBUG[0m [2methereum_transaction_pool_monitor::eth_client[0m[2m:[0m 🔍 Fetching transaction details for hash: 0xf7c3609a3d432c0ea7d7d4c781704201ab3bf7103e3961eeb5c303bafdbe1e5e
[2m2025-12-10T10:08:29.654288Z[0m [34mDEBUG[0m [2mhyper::client::pool[0m[2m:[0m reuse idle connection for ("http", 192.168.0.14:8545)
[2m2025-12-10T10:08:29.654336Z[0m [34mDEBUG[0m [2mhyper::proto::h1::io[0m[2m:[0m flushed 250 bytes
[2m2025-12-10T10:08:29.654358Z[0m [34mDEBUG[0m [2mhyper::client::pool[0m[2m:[0m reuse idle connection for ("http", 192.168.0.14:8545)
[2m2025-12-10T10:08:29.654372Z[0m [34mDEBUG[0m [2mhyper::proto::h1::io[0m[2m:[0m flushed 172 bytes
[2m2025-12-10T10:08:29.654403Z[0m [34mDEBUG[0m [2methereum_transaction_pool_monitor::eth_client[0m[2m:[0m 📨 Received WebSocket message: {"jsonrpc":"2.0","method":"eth_subscription","params":{"subscription":"0xbed0a0851463e895960a451075a301a9","result":"0xace64f6e9558104a9a770eb75da042d36955557b49bc67b7ab8a230425692355"}}
[2m2025-12-10T10:08:29.654442Z[0m [34mDEBUG[0m [2methereum_transaction_pool_monitor::eth_client[0m[2m:[0m 📨 Received pending transaction: 0xace64f6e9558104a9a770eb75da042d36955557b49bc67b7ab8a230425692355
[2m2025-12-10T10:08:29.654466Z[0m [34mDEBUG[0m [2methereum_transaction_pool_monitor::eth_client[0m[2m:[0m 📨 Received WebSocket message: {"jsonrpc":"2.0","method":"eth_subscription","params":{"subscription":"0xbed0a0851463e895960a451075a301a9","result":"0x4367bb6f2d6a76002f91dc9ca7c86292c5a3ae12f9d6375994503c6527db0176"}}
[2m2025-12-10T10:08:29.654473Z[0m [34mDEBUG[0m [2methereum_transaction_pool_monitor::eth_client[0m[2m:[0m 📨 Received pending transaction: 0x4367bb6f2d6a76002f91dc9ca7c86292c5a3ae12f9d6375994503c6527db0176
[2m2025-12-10T10:08:29.658874Z[0m [34mDEBUG[0m [2mhyper::proto::h1::io[0m[2m:[0m parsed 4 headers
[2m2025-12-10T10:08:29.658889Z[0m [34mDEBUG[0m [2mhyper::proto::h1::conn[0m[2m:[0m incoming body is content-length (45 bytes)
[2m2025-12-10T10:08:29.658896Z[0m [34mDEBUG[0m [2mhyper::proto::h1::conn[0m[2m:[0m incoming body completed
[2m2025-12-10T10:08:29.658906Z[0m [34mDEBUG[0m [2mhyper::client::pool[0m[2m:[0m pooling idle connection for ("http", 192.168.0.14:8545)
[2m2025-12-10T10:08:29.663927Z[0m [34mDEBUG[0m [2mhyper::proto::h1::io[0m[2m:[0m parsed 4 headers
[2m2025-12-10T10:08:29.663942Z[0m [34mDEBUG[0m [2mhyper::proto::h1::conn[0m[2m:[0m incoming body is content-length (647 bytes)
[2m2025-12-10T10:08:29.663949Z[0m [34mDEBUG[0m [2mhyper::proto::h1::conn[0m[2m:[0m incoming body completed
[2m2025-12-10T10:08:29.663957Z[0m [34mDEBUG[0m [2mhyper::client::pool[0m[2m:[0m pooling idle connection for ("http", 192.168.0.14:8545)
[2m2025-12-10T10:08:29.663963Z[0m [34mDEBUG[0m [2methereum_transaction_pool_monitor::eth_client[0m[2m:[0m 📡 Transaction fetch RPC completed in 9.694375ms
[2m2025-12-10T10:08:29.740464Z[0m [34mDEBUG[0m [2methereum_transaction_pool_monitor::eth_client[0m[2m:[0m ✅ Transaction 0xf7c3609a3d432c0ea7d7d4c781704201ab3bf7103e3961eeb5c303bafdbe1e5e fetched and parsed in 86.192333ms
[2m2025-12-10T10:08:29.740482Z[0m [34mDEBUG[0m [2methereum_transaction_pool_monitor::mempool_monitor[0m[2m:[0m 🔍 Skipping tx 0xf7c3609a3d432c0ea7d7d4c781704201ab3bf7103e3961eeb5c303bafdbe1e5e - not a DEX interaction (target: 0x2e7F2740a839231c41cfde0d531828df312bea04)
[2m2025-12-10T10:08:29.740490Z[0m [34mDEBUG[0m [2methereum_transaction_pool_monitor::mempool_monitor[0m[2m:[0m 📨 Processing new pending transaction: 0xace64f6e9558104a9a770eb75da042d36955557b49bc67b7ab8a230425692355
[2m2025-12-10T10:08:29.740494Z[0m [34mDEBUG[0m [2methereum_transaction_pool_monitor::mempool_monitor[0m[2m:[0m 🔍 Fetching transaction details for: 0xace64f6e9558104a9a770eb75da042d36955557b49bc67b7ab8a230425692355
[2m2025-12-10T10:08:29.740498Z[0m [34mDEBUG[0m [2methereum_transaction_pool_monitor::eth_client[0m[2m:[0m 🔍 Fetching transaction details for hash: 0xace64f6e9558104a9a770eb75da042d36955557b49bc67b7ab8a230425692355
[2m2025-12-10T10:08:29.740517Z[0m [34mDEBUG[0m [2mhyper::client::pool[0m[2m:[0m reuse idle connection for ("http", 192.168.0.14:8545)
[2m2025-12-10T10:08:29.740546Z[0m [34mDEBUG[0m [2mhyper::proto::h1::io[0m[2m:[0m flushed 250 bytes
[2m2025-12-10T10:08:29.740562Z[0m [34mDEBUG[0m [2mhyper::client::pool[0m[2m:[0m reuse idle connection for ("http", 192.168.0.14:8545)
[2m2025-12-10T10:08:29.740574Z[0m [34mDEBUG[0m [2mhyper::proto::h1::io[0m[2m:[0m flushed 172 bytes
[2m2025-12-10T10:08:29.740589Z[0m [34mDEBUG[0m [2methereum_transaction_pool_monitor::eth_client[0m[2m:[0m 📨 Received WebSocket message: {"jsonrpc":"2.0","method":"eth_subscription","params":{"subscription":"0xbed0a0851463e895960a451075a301a9","result":"0x9a6f30a5ca2f1a974f16acf0611096c3238b584e4532a3103433d5e14870fc00"}}
[2m2025-12-10T10:08:29.740598Z[0m [34mDEBUG[0m [2methereum_transaction_pool_monitor::eth_client[0m[2m:[0m 📨 Received pending transaction: 0x9a6f30a5ca2f1a974f16acf0611096c3238b584e4532a3103433d5e14870fc00
[2m2025-12-10T10:08:29.746013Z[0m [34mDEBUG[0m [2mhyper::proto::h1::io[0m[2m:[0m parsed 4 headers
[2m2025-12-10T10:08:29.746027Z[0m [34mDEBUG[0m [2mhyper::proto::h1::conn[0m[2m:[0m incoming body is content-length (45 bytes)
[2m2025-12-10T10:08:29.746036Z[0m [34mDEBUG[0m [2mhyper::proto::h1::conn[0m[2m:[0m incoming body completed
[2m2025-12-10T10:08:29.746048Z[0m [34mDEBUG[0m [2mhyper::client::pool[0m[2m:[0m pooling idle connection for ("http", 192.168.0.14:8545)
[2m2025-12-10T10:08:29.746070Z[0m [34mDEBUG[0m [2mhyper::proto::h1::io[0m[2m:[0m parsed 4 headers
[2m2025-12-10T10:08:29.746074Z[0m [34mDEBUG[0m [2mhyper::proto::h1::conn[0m[2m:[0m incoming body is content-length (935 bytes)
[2m2025-12-10T10:08:29.746078Z[0m [34mDEBUG[0m [2mhyper::proto::h1::conn[0m[2m:[0m incoming body completed
[2m2025-12-10T10:08:29.746084Z[0m [34mDEBUG[0m [2mhyper::client::pool[0m[2m:[0m pooling idle connection for ("http", 192.168.0.14:8545)
[2m2025-12-10T10:08:29.746088Z[0m [34mDEBUG[0m [2methereum_transaction_pool_monitor::eth_client[0m[2m:[0m 📡 Transaction fetch RPC completed in 5.586167ms
[2m2025-12-10T10:08:29.817828Z[0m [34mDEBUG[0m [2methereum_transaction_pool_monitor::eth_client[0m[2m:[0m ✅ Transaction 0xace64f6e9558104a9a770eb75da042d36955557b49bc67b7ab8a230425692355 fetched and parsed in 77.323334ms
[2m2025-12-10T10:08:29.817858Z[0m [34mDEBUG[0m [2methereum_transaction_pool_monitor::mempool_monitor[0m[2m:[0m 🔍 Skipping tx 0xace64f6e9558104a9a770eb75da042d36955557b49bc67b7ab8a230425692355 - not a DEX interaction (target: 0xcE200515520e0AF0738DE6034fB223fd2B387C3e)
[2m2025-12-10T10:08:29.817867Z[0m [34mDEBUG[0m [2methereum_transaction_pool_monitor::mempool_monitor[0m[2m:[0m 📨 Processing new pending transaction: 0x4367bb6f2d6a76002f91dc9ca7c86292c5a3ae12f9d6375994503c6527db0176
[2m2025-12-10T10:08:29.817873Z[0m [34mDEBUG[0m [2methereum_transaction_pool_monitor::mempool_monitor[0m[2m:[0m 🔍 Fetching transaction details for: 0x4367bb6f2d6a76002f91dc9ca7c86292c5a3ae12f9d6375994503c6527db0176
[2m2025-12-10T10:08:29.817878Z[0m [34mDEBUG[0m [2methereum_transaction_pool_monitor::eth_client[0m[2m:[0m 🔍 Fetching transaction details for hash: 0x4367bb6f2d6a76002f91dc9ca7c86292c5a3ae12f9d6375994503c6527db0176
[2m2025-12-10T10:08:29.817897Z[0m [34mDEBUG[0m [2mhyper::client::pool[0m[2m:[0m reuse idle connection for ("http", 192.168.0.14:8545)
[2m2025-12-10T10:08:29.817945Z[0m [34mDEBUG[0m [2mhyper::proto::h1::io[0m[2m:[0m flushed 250 bytes
[2m2025-12-10T10:08:29.817966Z[0m [34mDEBUG[0m [2mhyper::client::pool[0m[2m:[0m reuse idle connection for ("http", 192.168.0.14:8545)
[2m2025-12-10T10:08:29.817981Z[0m [34mDEBUG[0m [2mhyper::proto::h1::io[0m[2m:[0m flushed 172 bytes
[2m2025-12-10T10:08:29.818025Z[0m [34mDEBUG[0m [2methereum_transaction_pool_monitor::eth_client[0m[2m:[0m 📨 Received WebSocket message: {"jsonrpc":"2.0","method":"eth_subscription","params":{"subscription":"0xbed0a0851463e895960a451075a301a9","result":"0x55185bfdb142882d97a614854095cf0e61c9915a95f6b46bbdf082516987e167"}}
[2m2025-12-10T10:08:29.818035Z[0m [34mDEBUG[0m [2methereum_transaction_pool_monitor::eth_client[0m[2m:[0m 📨 Received pending transaction: 0x55185bfdb142882d97a614854095cf0e61c9915a95f6b46bbdf082516987e167
[2m2025-12-10T10:08:29.821233Z[0m [34mDEBUG[0m [2mhyper::proto::h1::io[0m[2m:[0m parsed 4 headers
[2m2025-12-10T10:08:29.821245Z[0m [34mDEBUG[0m [2mhyper::proto::h1::conn[0m[2m:[0m incoming body is content-length (45 bytes)
[2m2025-12-10T10:08:29.821253Z[0m [34mDEBUG[0m [2mhyper::proto::h1::conn[0m[2m:[0m incoming body completed
[2m2025-12-10T10:08:29.821263Z[0m [34mDEBUG[0m [2mhyper::client::pool[0m[2m:[0m pooling idle connection for ("http", 192.168.0.14:8545)
[2m2025-12-10T10:08:29.828451Z[0m [34mDEBUG[0m [2mhyper::proto::h1::io[0m[2m:[0m parsed 4 headers
[2m2025-12-10T10:08:29.828464Z[0m [34mDEBUG[0m [2mhyper::proto::h1::conn[0m[2m:[0m incoming body is content-length (4743 bytes)
[2m2025-12-10T10:08:29.828471Z[0m [34mDEBUG[0m [2mhyper::proto::h1::conn[0m[2m:[0m incoming body completed
[2m2025-12-10T10:08:29.828482Z[0m [34mDEBUG[0m [2mhyper::client::pool[0m[2m:[0m pooling idle connection for ("http", 192.168.0.14:8545)
[2m2025-12-10T10:08:29.828489Z[0m [34mDEBUG[0m [2methereum_transaction_pool_monitor::eth_client[0m[2m:[0m 📡 Transaction fetch RPC completed in 10.606458ms
[2m2025-12-10T10:08:29.898841Z[0m [34mDEBUG[0m [2methereum_transaction_pool_monitor::eth_client[0m[2m:[0m ✅ Transaction 0x4367bb6f2d6a76002f91dc9ca7c86292c5a3ae12f9d6375994503c6527db0176 fetched and parsed in 80.955791ms
[2m2025-12-10T10:08:29.898870Z[0m [34mDEBUG[0m [2methereum_transaction_pool_monitor::mempool_monitor[0m[2m:[0m 🔍 Skipping tx 0x4367bb6f2d6a76002f91dc9ca7c86292c5a3ae12f9d6375994503c6527db0176 - not a DEX interaction (target: 0xC497058d572D188bFcE1B9813E7D346C54A20812)
[2m2025-12-10T10:08:29.898881Z[0m [34mDEBUG[0m [2methereum_transaction_pool_monitor::mempool_monitor[0m[2m:[0m 📨 Processing new pending transaction: 0x9a6f30a5ca2f1a974f16acf0611096c3238b584e4532a3103433d5e14870fc00
[2m2025-12-10T10:08:29.898887Z[0m [34mDEBUG[0m [2methereum_transaction_pool_monitor::mempool_monitor[0m[2m:[0m 🔍 Fetching transaction details for: 0x9a6f30a5ca2f1a974f16acf0611096c3238b584e4532a3103433d5e14870fc00
[2m2025-12-10T10:08:29.898891Z[0m [34mDEBUG[0m [2methereum_transaction_pool_monitor::eth_client[0m[2m:[0m 🔍 Fetching transaction details for hash: 0x9a6f30a5ca2f1a974f16acf0611096c3238b584e4532a3103433d5e14870fc00
[2m2025-12-10T10:08:29.898913Z[0m [34mDEBUG[0m [2mhyper::client::pool[0m[2m:[0m reuse idle connection for ("http", 192.168.0.14:8545)
[2m2025-12-10T10:08:29.898944Z[0m [34mDEBUG[0m [2mhyper::proto::h1::io[0m[2m:[0m flushed 250 bytes
[2m2025-12-10T10:08:29.898975Z[0m [34mDEBUG[0m [2mhyper::client::pool[0m[2m:[0m reuse idle connection for ("http", 192.168.0.14:8545)
[2m2025-12-10T10:08:29.898990Z[0m [34mDEBUG[0m [2mhyper::proto::h1::io[0m[2m:[0m flushed 172 bytes
[2m2025-12-10T10:08:29.905446Z[0m [34mDEBUG[0m [2mhyper::proto::h1::io[0m[2m:[0m parsed 4 headers
[2m2025-12-10T10:08:29.905456Z[0m [34mDEBUG[0m [2mhyper::proto::h1::conn[0m[2m:[0m incoming body is content-length (640 bytes)
[2m2025-12-10T10:08:29.905465Z[0m [34mDEBUG[0m [2mhyper::proto::h1::conn[0m[2m:[0m incoming body completed
[2m2025-12-10T10:08:29.905475Z[0m [34mDEBUG[0m [2mhyper::client::pool[0m[2m:[0m pooling idle connection for ("http", 192.168.0.14:8545)
[2m2025-12-10T10:08:29.905482Z[0m [34mDEBUG[0m [2methereum_transaction_pool_monitor::eth_client[0m[2m:[0m 📡 Transaction fetch RPC completed in 6.58775ms
[2m2025-12-10T10:08:29.976659Z[0m [34mDEBUG[0m [2methereum_transaction_pool_monitor::eth_client[0m[2m:[0m ✅ Transaction 0x9a6f30a5ca2f1a974f16acf0611096c3238b584e4532a3103433d5e14870fc00 fetched and parsed in 77.76125ms
[2m2025-12-10T10:08:29.976685Z[0m [34mDEBUG[0m [2methereum_transaction_pool_monitor::mempool_monitor[0m[2m:[0m 🔍 Skipping tx 0x9a6f30a5ca2f1a974f16acf0611096c3238b584e4532a3103433d5e14870fc00 - not a DEX interaction (target: 0xB70F98e53BEE56A2E18A15bcd826579f495076F0)
[2m2025-12-10T10:08:29.976694Z[0m [34mDEBUG[0m [2methereum_transaction_pool_monitor::mempool_monitor[0m[2m:[0m 📨 Processing new pending transaction: 0x55185bfdb142882d97a614854095cf0e61c9915a95f6b46bbdf082516987e167
[2m2025-12-10T10:08:29.976700Z[0m [34mDEBUG[0m [2methereum_transaction_pool_monitor::mempool_monitor[0m[2m:[0m 🔍 Fetching transaction details for: 0x55185bfdb142882d97a614854095cf0e61c9915a95f6b46bbdf082516987e167
[2m2025-12-10T10:08:29.976704Z[0m [34mDEBUG[0m [2methereum_transaction_pool_monitor::eth_client[0m[2m:[0m 🔍 Fetching transaction details for hash: 0x55185bfdb142882d97a614854095cf0e61c9915a95f6b46bbdf082516987e167
[2m2025-12-10T10:08:29.976723Z[0m [34mDEBUG[0m [2mhyper::client::pool[0m[2m:[0m reuse idle connection for ("http", 192.168.0.14:8545)
[2m2025-12-10T10:08:29.976764Z[0m [34mDEBUG[0m [2mhyper::proto::h1::io[0m[2m:[0m flushed 250 bytes
[2m2025-12-10T10:08:29.976790Z[0m [34mDEBUG[0m [2methereum_transaction_pool_monitor::eth_client[0m[2m:[0m 📨 Received WebSocket message: {"jsonrpc":"2.0","method":"eth_subscription","params":{"subscription":"0xbed0a0851463e895960a451075a301a9","result":"0xc9006258f2b3fc1c5942b79383f3828f7d7741a9d0ccfbe861f6ccb5d0ce7b22"}}
[2m2025-12-10T10:08:29.976794Z[0m [34mDEBUG[0m [2mhyper::proto::h1::io[0m[2m:[0m parsed 4 headers
[2m2025-12-10T10:08:29.976799Z[0m [34mDEBUG[0m [2methereum_transaction_pool_monitor::eth_client[0m[2m:[0m 📨 Received pending transaction: 0xc9006258f2b3fc1c5942b79383f3828f7d7741a9d0ccfbe861f6ccb5d0ce7b22
[2m2025-12-10T10:08:29.976803Z[0m [34mDEBUG[0m [2mhyper::proto::h1::conn[0m[2m:[0m incoming body is content-length (45 bytes)
[2m2025-12-10T10:08:29.976806Z[0m [34mDEBUG[0m [2methereum_transaction_pool_monitor::eth_client[0m[2m:[0m 📨 Received WebSocket message: {"jsonrpc":"2.0","method":"eth_subscription","params":{"subscription":"0xbed0a0851463e895960a451075a301a9","result":"0x9b19c5182b14b5add174c8514d95e134c9f7478f9991ca7e5824a89fc4395106"}}
[2m2025-12-10T10:08:29.976813Z[0m [34mDEBUG[0m [2methereum_transaction_pool_monitor::eth_client[0m[2m:[0m 📨 Received pending transaction: 0x9b19c5182b14b5add174c8514d95e134c9f7478f9991ca7e5824a89fc4395106
[2m2025-12-10T10:08:29.976813Z[0m [34mDEBUG[0m [2mhyper::proto::h1::conn[0m[2m:[0m incoming body completed
[2m2025-12-10T10:08:29.976827Z[0m [34mDEBUG[0m [2mhyper::client::pool[0m[2m:[0m pooling idle connection for ("http", 192.168.0.14:8545)
[2m2025-12-10T10:08:29.987100Z[0m [34mDEBUG[0m [2mhyper::proto::h1::io[0m[2m:[0m parsed 4 headers
[2m2025-12-10T10:08:29.987105Z[0m [34mDEBUG[0m [2mhyper::proto::h1::conn[0m[2m:[0m incoming body is content-length (740 bytes)
[2m2025-12-10T10:08:29.987110Z[0m [34mDEBUG[0m [2mhyper::proto::h1::conn[0m[2m:[0m incoming body completed
[2m2025-12-10T10:08:29.987116Z[0m [34mDEBUG[0m [2mhyper::client::pool[0m[2m:[0m pooling idle connection for ("http", 192.168.0.14:8545)
[2m2025-12-10T10:08:29.987121Z[0m [34mDEBUG[0m [2methereum_transaction_pool_monitor::eth_client[0m[2m:[0m 📡 Transaction fetch RPC completed in 10.412041ms
[2m2025-12-10T10:08:30.057485Z[0m [34mDEBUG[0m [2methereum_transaction_pool_monitor::eth_client[0m[2m:[0m ✅ Transaction 0x55185bfdb142882d97a614854095cf0e61c9915a95f6b46bbdf082516987e167 fetched and parsed in 80.772833ms
[2m2025-12-10T10:08:30.057515Z[0m [34mDEBUG[0m [2methereum_transaction_pool_monitor::mempool_monitor[0m[2m:[0m 🔍 Skipping tx 0x55185bfdb142882d97a614854095cf0e61c9915a95f6b46bbdf082516987e167 - not a DEX interaction (target: 0x87870Bca3F3fD6335C3F4ce8392D69350B4fA4E2)
[2m2025-12-10T10:08:30.057526Z[0m [34mDEBUG[0m [2methereum_transaction_pool_monitor::mempool_monitor[0m[2m:[0m 📨 Processing new pending transaction: 0xc9006258f2b3fc1c5942b79383f3828f7d7741a9d0ccfbe861f6ccb5d0ce7b22
[2m2025-12-10T10:08:30.057534Z[0m [34mDEBUG[0m [2methereum_transaction_pool_monitor::mempool_monitor[0m[2m:[0m 🔍 Fetching transaction details for: 0xc9006258f2b3fc1c5942b79383f3828f7d7741a9d0ccfbe861f6ccb5d0ce7b22
[2m2025-12-10T10:08:30.057538Z[0m [34mDEBUG[0m [2methereum_transaction_pool_monitor::eth_client[0m[2m:[0m 🔍 Fetching transaction details for hash: 0xc9006258f2b3fc1c5942b79383f3828f7d7741a9d0ccfbe861f6ccb5d0ce7b22
[2m2025-12-10T10:08:30.057559Z[0m [34mDEBUG[0m [2mhyper::client::pool[0m[2m:[0m reuse idle connection for ("http", 192.168.0.14:8545)
[2m2025-12-10T10:08:30.057605Z[0m [34mDEBUG[0m [2mhyper::proto::h1::io[0m[2m:[0m flushed 250 bytes
[2m2025-12-10T10:08:30.057626Z[0m [34mDEBUG[0m [2mhyper::client::pool[0m[2m:[0m reuse idle connection for ("http", 192.168.0.14:8545)
[2m2025-12-10T10:08:30.057640Z[0m [34mDEBUG[0m [2mhyper::proto::h1::io[0m[2m:[0m flushed 172 bytes
[2m2025-12-10T10:08:30.057642Z[0m [34mDEBUG[0m [2methereum_transaction_pool_monitor::eth_client[0m[2m:[0m 📨 Received WebSocket message: {"jsonrpc":"2.0","method":"eth_subscription","params":{"subscription":"0xbed0a0851463e895960a451075a301a9","result":"0xce7c242dfa2960a02f51733a03f3e4cf8fdb73884b1ed10e01fe96bc7b1509cf"}}
[2m2025-12-10T10:08:30.057653Z[0m [34mDEBUG[0m [2methereum_transaction_pool_monitor::eth_client[0m[2m:[0m 📨 Received pending transaction: 0xce7c242dfa2960a02f51733a03f3e4cf8fdb73884b1ed10e01fe96bc7b1509cf
[2m2025-12-10T10:08:30.061883Z[0m [34mDEBUG[0m [2mhyper::proto::h1::io[0m[2m:[0m parsed 4 headers
[2m2025-12-10T10:08:30.061905Z[0m [34mDEBUG[0m [2mhyper::proto::h1::conn[0m[2m:[0m incoming body is content-length (45 bytes)
[2m2025-12-10T10:08:30.061927Z[0m [34mDEBUG[0m [2mhyper::proto::h1::conn[0m[2m:[0m incoming body completed
[2m2025-12-10T10:08:30.061939Z[0m [34mDEBUG[0m [2mhyper::client::pool[0m[2m:[0m pooling idle connection for ("http", 192.168.0.14:8545)
[2m2025-12-10T10:08:30.064060Z[0m [34mDEBUG[0m [2mhyper::proto::h1::io[0m[2m:[0m parsed 4 headers
[2m2025-12-10T10:08:30.064066Z[0m [34mDEBUG[0m [2mhyper::proto::h1::conn[0m[2m:[0m incoming body is content-length (676 bytes)
[2m2025-12-10T10:08:30.064072Z[0m [34mDEBUG[0m [2mhyper::proto::h1::conn[0m[2m:[0m incoming body completed
[2m2025-12-10T10:08:30.064077Z[0m [34mDEBUG[0m [2mhyper::client::pool[0m[2m:[0m pooling idle connection for ("http", 192.168.0.14:8545)
[2m2025-12-10T10:08:30.064081Z[0m [34mDEBUG[0m [2methereum_transaction_pool_monitor::eth_client[0m[2m:[0m 📡 Transaction fetch RPC completed in 6.53775ms
[2m2025-12-10T10:08:30.135224Z[0m [34mDEBUG[0m [2methereum_transaction_pool_monitor::eth_client[0m[2m:[0m ✅ Transaction 0xc9006258f2b3fc1c5942b79383f3828f7d7741a9d0ccfbe861f6ccb5d0ce7b22 fetched and parsed in 77.677875ms
[2m2025-12-10T10:08:30.135256Z[0m [34mDEBUG[0m [2methereum_transaction_pool_monitor::mempool_monitor[0m[2m:[0m 🔍 Skipping tx 0xc9006258f2b3fc1c5942b79383f3828f7d7741a9d0ccfbe861f6ccb5d0ce7b22 - not a DEX interaction (target: 0xA0b86991c6218b36c1d19D4a2e9Eb0cE3606eB48)
[2m2025-12-10T10:08:30.135269Z[0m [34mDEBUG[0m [2methereum_transaction_pool_monitor::mempool_monitor[0m[2m:[0m 📨 Processing new pending transaction: 0x9b19c5182b14b5add174c8514d95e134c9f7478f9991ca7e5824a89fc4395106
[2m2025-12-10T10:08:30.135274Z[0m [34mDEBUG[0m [2methereum_transaction_pool_monitor::mempool_monitor[0m[2m:[0m 🔍 Fetching transaction details for: 0x9b19c5182b14b5add174c8514d95e134c9f7478f9991ca7e5824a89fc4395106
[2m2025-12-10T10:08:30.135278Z[0m [34mDEBUG[0m [2methereum_transaction_pool_monitor::eth_client[0m[2m:[0m 🔍 Fetching transaction details for hash: 0x9b19c5182b14b5add174c8514d95e134c9f7478f9991ca7e5824a89fc4395106
[2m2025-12-10T10:08:30.135300Z[0m [34mDEBUG[0m [2mhyper::client::pool[0m[2m:[0m reuse idle connection for ("http", 192.168.0.14:8545)
[2m2025-12-10T10:08:30.135347Z[0m [34mDEBUG[0m [2mhyper::proto::h1::io[0m[2m:[0m flushed 250 bytes
[2m2025-12-10T10:08:30.135381Z[0m [34mDEBUG[0m [2mhyper::client::pool[0m[2m:[0m reuse idle connection for ("http", 192.168.0.14:8545)
[2m2025-12-10T10:08:30.135403Z[0m [34mDEBUG[0m [2mhyper::proto::h1::io[0m[2m:[0m flushed 172 bytes
[2m2025-12-10T10:08:30.138605Z[0m [34mDEBUG[0m [2mhyper::proto::h1::io[0m[2m:[0m parsed 4 headers
[2m2025-12-10T10:08:30.138615Z[0m [34mDEBUG[0m [2mhyper::proto::h1::conn[0m[2m:[0m incoming body is content-length (45 bytes)
[2m2025-12-10T10:08:30.138625Z[0m [34mDEBUG[0m [2mhyper::proto::h1::conn[0m[2m:[0m incoming body completed
[2m2025-12-10T10:08:30.138634Z[0m [34mDEBUG[0m [2mhyper::client::pool[0m[2m:[0m pooling idle connection for ("http", 192.168.0.14:8545)
[2m2025-12-10T10:08:30.144847Z[0m [34mDEBUG[0m [2mhyper::proto::h1::io[0m[2m:[0m parsed 4 headers
[2m2025-12-10T10:08:30.144854Z[0m [34mDEBUG[0m [2mhyper::proto::h1::conn[0m[2m:[0m incoming body is content-length (647 bytes)
[2m2025-12-10T10:08:30.144860Z[0m [34mDEBUG[0m [2mhyper::proto::h1::conn[0m[2m:[0m incoming body completed
[2m2025-12-10T10:08:30.144867Z[0m [34mDEBUG[0m [2mhyper::client::pool[0m[2m:[0m pooling idle connection for ("http", 192.168.0.14:8545)
[2m2025-12-10T10:08:30.144872Z[0m [34mDEBUG[0m [2methereum_transaction_pool_monitor::eth_client[0m[2m:[0m 📡 Transaction fetch RPC completed in 9.589292ms
[2m2025-12-10T10:08:30.215003Z[0m [34mDEBUG[0m [2methereum_transaction_pool_monitor::eth_client[0m[2m:[0m ✅ Transaction 0x9b19c5182b14b5add174c8514d95e134c9f7478f9991ca7e5824a89fc4395106 fetched and parsed in 79.718ms
[2m2025-12-10T10:08:30.215030Z[0m [34mDEBUG[0m [2methereum_transaction_pool_monitor::mempool_monitor[0m[2m:[0m 🔍 Skipping tx 0x9b19c5182b14b5add174c8514d95e134c9f7478f9991ca7e5824a89fc4395106 - not a DEX interaction (target: 0xEdcf4Be5220577bA0585910cb47E9F8fff746365)
[2m2025-12-10T10:08:30.215041Z[0m [34mDEBUG[0m [2methereum_transaction_pool_monitor::mempool_monitor[0m[2m:[0m 📨 Processing new pending transaction: 0xce7c242dfa2960a02f51733a03f3e4cf8fdb73884b1ed10e01fe96bc7b1509cf
[2m2025-12-10T10:08:30.215046Z[0m [34mDEBUG[0m [2methereum_transaction_pool_monitor::mempool_monitor[0m[2m:[0m 🔍 Fetching transaction details for: 0xce7c242dfa2960a02f51733a03f3e4cf8fdb73884b1ed10e01fe96bc7b1509cf
[2m2025-12-10T10:08:30.215051Z[0m [34mDEBUG[0m [2methereum_transaction_pool_monitor::eth_client[0m[2m:[0m 🔍 Fetching transaction details for hash: 0xce7c242dfa2960a02f51733a03f3e4cf8fdb73884b1ed10e01fe96bc7b1509cf
[2m2025-12-10T10:08:30.215073Z[0m [34mDEBUG[0m [2mhyper::client::pool[0m[2m:[0m reuse idle connection for ("http", 192.168.0.14:8545)
[2m2025-12-10T10:08:30.215117Z[0m [34mDEBUG[0m [2mhyper::proto::h1::io[0m[2m:[0m flushed 250 bytes
[2m2025-12-10T10:08:30.215146Z[0m [34mDEBUG[0m [2mhyper::client::pool[0m[2m:[0m reuse idle connection for ("http", 192.168.0.14:8545)
[2m2025-12-10T10:08:30.215160Z[0m [34mDEBUG[0m [2mhyper::proto::h1::io[0m[2m:[0m flushed 172 bytes
[2m2025-12-10T10:08:30.219681Z[0m [34mDEBUG[0m [2mhyper::proto::h1::io[0m[2m:[0m parsed 4 headers
[2m2025-12-10T10:08:30.219688Z[0m [34mDEBUG[0m [2mhyper::proto::h1::conn[0m[2m:[0m incoming body is content-length (45 bytes)
[2m2025-12-10T10:08:30.219695Z[0m [34mDEBUG[0m [2mhyper::proto::h1::conn[0m[2m:[0m incoming body completed
[2m2025-12-10T10:08:30.219704Z[0m [34mDEBUG[0m [2mhyper::client::pool[0m[2m:[0m pooling idle connection for ("http", 192.168.0.14:8545)
[2m2025-12-10T10:08:30.220914Z[0m [34mDEBUG[0m [2mhyper::proto::h1::io[0m[2m:[0m parsed 4 headers
[2m2025-12-10T10:08:30.220921Z[0m [34mDEBUG[0m [2mhyper::proto::h1::conn[0m[2m:[0m incoming body is content-length (582 bytes)
[2m2025-12-10T10:08:30.220926Z[0m [34mDEBUG[0m [2mhyper::proto::h1::conn[0m[2m:[0m incoming body completed
[2m2025-12-10T10:08:30.220933Z[0m [34mDEBUG[0m [2mhyper::client::pool[0m[2m:[0m pooling idle connection for ("http", 192.168.0.14:8545)
[2m2025-12-10T10:08:30.220939Z[0m [34mDEBUG[0m [2methereum_transaction_pool_monitor::eth_client[0m[2m:[0m 📡 Transaction fetch RPC completed in 5.883583ms
[2m2025-12-10T10:08:30.291737Z[0m [34mDEBUG[0m [2methereum_transaction_pool_monitor::eth_client[0m[2m:[0m ✅ Transaction 0xce7c242dfa2960a02f51733a03f3e4cf8fdb73884b1ed10e01fe96bc7b1509cf fetched and parsed in 76.679333ms
[2m2025-12-10T10:08:30.291769Z[0m [34mDEBUG[0m [2methereum_transaction_pool_monitor::mempool_monitor[0m[2m:[0m 🔍 Skipping tx 0xce7c242dfa2960a02f51733a03f3e4cf8fdb73884b1ed10e01fe96bc7b1509cf - not a DEX interaction (target: 0x4162b8f0864DB13DAc7e231E1A42A568204F5f66)
[2m2025-12-10T10:08:30.291836Z[0m [34mDEBUG[0m [2methereum_transaction_pool_monitor::eth_client[0m[2m:[0m 📨 Received WebSocket message: {"jsonrpc":"2.0","method":"eth_subscription","params":{"subscription":"0xbed0a0851463e895960a451075a301a9","result":"0xf942dd458ce63fd0eca7b88ddd22ad17406a37e375e86f29ef8e712fc624e8e4"}}
[2m2025-12-10T10:08:30.291848Z[0m [34mDEBUG[0m [2methereum_transaction_pool_monitor::eth_client[0m[2m:[0m 📨 Received pending transaction: 0xf942dd458ce63fd0eca7b88ddd22ad17406a37e375e86f29ef8e712fc624e8e4
[2m2025-12-10T10:08:30.291857Z[0m [34mDEBUG[0m [2methereum_transaction_pool_monitor::eth_client[0m[2m:[0m 📨 Received WebSocket message: {"jsonrpc":"2.0","method":"eth_subscription","params":{"subscription":"0xbed0a0851463e895960a451075a301a9","result":"0x7942b0b327f6805461dbaf6b75c6c254f0c786c46b4f80863ef82ad012ac5c3d"}}
[2m2025-12-10T10:08:30.291865Z[0m [34mDEBUG[0m [2methereum_transaction_pool_monitor::eth_client[0m[2m:[0m 📨 Received pending transaction: 0x7942b0b327f6805461dbaf6b75c6c254f0c786c46b4f80863ef82ad012ac5c3d
[2m2025-12-10T10:08:30.291873Z[0m [34mDEBUG[0m [2methereum_transaction_pool_monitor::eth_client[0m[2m:[0m 📨 Received WebSocket message: {"jsonrpc":"2.0","method":"eth_subscription","params":{"subscription":"0xbed0a0851463e895960a451075a301a9","result":"0x59e5f6b107c5311de7f22aaaa4bd045ddc9e0a65acb8d14192ecf7283cda5e74"}}
[2m2025-12-10T10:08:30.291879Z[0m [34mDEBUG[0m [2methereum_transaction_pool_monitor::eth_client[0m[2m:[0m 📨 Received pending transaction: 0x59e5f6b107c5311de7f22aaaa4bd045ddc9e0a65acb8d14192ecf7283cda5e74
[2m2025-12-10T10:08:30.291886Z[0m [34mDEBUG[0m [2methereum_transaction_pool_monitor::mempool_monitor[0m[2m:[0m 📨 Processing new pending transaction: 0xf942dd458ce63fd0eca7b88ddd22ad17406a37e375e86f29ef8e712fc624e8e4
[2m2025-12-10T10:08:30.291893Z[0m [34mDEBUG[0m [2methereum_transaction_pool_monitor::mempool_monitor[0m[2m:[0m 🔍 Fetching transaction details for: 0xf942dd458ce63fd0eca7b88ddd22ad17406a37e375e86f29ef8e712fc624e8e4
[2m2025-12-10T10:08:30.291898Z[0m [34mDEBUG[0m [2methereum_transaction_pool_monitor::eth_client[0m[2m:[0m 🔍 Fetching transaction details for hash: 0xf942dd458ce63fd0eca7b88ddd22ad17406a37e375e86f29ef8e712fc624e8e4
[2m2025-12-10T10:08:30.291921Z[0m [34mDEBUG[0m [2mhyper::client::pool[0m[2m:[0m reuse idle connection for ("http", 192.168.0.14:8545)
[2m2025-12-10T10:08:30.291949Z[0m [34mDEBUG[0m [2mhyper::proto::h1::io[0m[2m:[0m flushed 250 bytes
[2m2025-12-10T10:08:30.296114Z[0m [34mDEBUG[0m [2mhyper::client::pool[0m[2m:[0m reuse idle connection for ("http", 192.168.0.14:8545)
[2m2025-12-10T10:08:30.296145Z[0m [34mDEBUG[0m [2mhyper::proto::h1::io[0m[2m:[0m parsed 4 headers
[2m2025-12-10T10:08:30.296161Z[0m [34mDEBUG[0m [2mhyper::proto::h1::conn[0m[2m:[0m incoming body is content-length (1287 bytes)
[2m2025-12-10T10:08:30.296165Z[0m [34mDEBUG[0m [2mhyper::proto::h1::io[0m[2m:[0m flushed 172 bytes
[2m2025-12-10T10:08:30.296185Z[0m [34mDEBUG[0m [2mhyper::proto::h1::conn[0m[2m:[0m incoming body completed
[2m2025-12-10T10:08:30.296193Z[0m [34mDEBUG[0m [2mhyper::client::pool[0m[2m:[0m pooling idle connection for ("http", 192.168.0.14:8545)
[2m2025-12-10T10:08:30.296200Z[0m [34mDEBUG[0m [2methereum_transaction_pool_monitor::eth_client[0m[2m:[0m 📡 Transaction fetch RPC completed in 4.295667ms
[2m2025-12-10T10:08:30.298795Z[0m [34mDEBUG[0m [2methereum_transaction_pool_monitor::eth_client[0m[2m:[0m 📨 Received WebSocket message: {"jsonrpc":"2.0","method":"eth_subscription","params":{"subscription":"0xbed0a0851463e895960a451075a301a9","result":"0xd62a72d9c7b0e7c76f02e28163cdd667d76e340426242c19938815e3c0420bcc"}}
[2m2025-12-10T10:08:30.298810Z[0m [34mDEBUG[0m [2methereum_transaction_pool_monitor::eth_client[0m[2m:[0m 📨 Received pending transaction: 0xd62a72d9c7b0e7c76f02e28163cdd667d76e340426242c19938815e3c0420bcc
[2m2025-12-10T10:08:30.300473Z[0m [34mDEBUG[0m [2mhyper::proto::h1::io[0m[2m:[0m parsed 4 headers
[2m2025-12-10T10:08:30.300480Z[0m [34mDEBUG[0m [2mhyper::proto::h1::conn[0m[2m:[0m incoming body is content-length (45 bytes)
[2m2025-12-10T10:08:30.300486Z[0m [34mDEBUG[0m [2mhyper::proto::h1::conn[0m[2m:[0m incoming body completed
[2m2025-12-10T10:08:30.300494Z[0m [34mDEBUG[0m [2mhyper::client::pool[0m[2m:[0m pooling idle connection for ("http", 192.168.0.14:8545)
[2m2025-12-10T10:08:30.366477Z[0m [34mDEBUG[0m [2methereum_transaction_pool_monitor::eth_client[0m[2m:[0m ✅ Transaction 0xf942dd458ce63fd0eca7b88ddd22ad17406a37e375e86f29ef8e712fc624e8e4 fetched and parsed in 74.570042ms
[2m2025-12-10T10:08:30.366504Z[0m [34mDEBUG[0m [2methereum_transaction_pool_monitor::mempool_monitor[0m[2m:[0m 🔍 Skipping tx 0xf942dd458ce63fd0eca7b88ddd22ad17406a37e375e86f29ef8e712fc624e8e4 - not a DEX interaction (target: 0x4e0A22606a1AbAA857Ec4958ae9B0B38451dFF4A)
[2m2025-12-10T10:08:30.366514Z[0m [34mDEBUG[0m [2methereum_transaction_pool_monitor::mempool_monitor[0m[2m:[0m 📨 Processing new pending transaction: 0x7942b0b327f6805461dbaf6b75c6c254f0c786c46b4f80863ef82ad012ac5c3d
[2m2025-12-10T10:08:30.366520Z[0m [34mDEBUG[0m [2methereum_transaction_pool_monitor::mempool_monitor[0m[2m:[0m 🔍 Fetching transaction details for: 0x7942b0b327f6805461dbaf6b75c6c254f0c786c46b4f80863ef82ad012ac5c3d
[2m2025-12-10T10:08:30.366525Z[0m [34mDEBUG[0m [2methereum_transaction_pool_monitor::eth_client[0m[2m:[0m 🔍 Fetching transaction details for hash: 0x7942b0b327f6805461dbaf6b75c6c254f0c786c46b4f80863ef82ad012ac5c3d
[2m2025-12-10T10:08:30.366548Z[0m [34mDEBUG[0m [2mhyper::client::pool[0m[2m:[0m reuse idle connection for ("http", 192.168.0.14:8545)
[2m2025-12-10T10:08:30.366595Z[0m [34mDEBUG[0m [2mhyper::proto::h1::io[0m[2m:[0m flushed 250 bytes
[2m2025-12-10T10:08:30.371800Z[0m [34mDEBUG[0m [2mhyper::proto::h1::io[0m[2m:[0m parsed 4 headers
[2m2025-12-10T10:08:30.371807Z[0m [34mDEBUG[0m [2mhyper::proto::h1::conn[0m[2m:[0m incoming body is content-length (832 bytes)
[2m2025-12-10T10:08:30.371814Z[0m [34mDEBUG[0m [2mhyper::proto::h1::conn[0m[2m:[0m incoming body completed
[2m2025-12-10T10:08:30.371823Z[0m [34mDEBUG[0m [2mhyper::client::pool[0m[2m:[0m pooling idle connection for ("http", 192.168.0.14:8545)
[2m2025-12-10T10:08:30.371829Z[0m [34mDEBUG[0m [2methereum_transaction_pool_monitor::eth_client[0m[2m:[0m 📡 Transaction fetch RPC completed in 5.299833ms
[2m2025-12-10T10:08:30.441804Z[0m [34mDEBUG[0m [2methereum_transaction_pool_monitor::eth_client[0m[2m:[0m ✅ Transaction 0x7942b0b327f6805461dbaf6b75c6c254f0c786c46b4f80863ef82ad012ac5c3d fetched and parsed in 75.273333ms
[2m2025-12-10T10:08:30.441833Z[0m [34mDEBUG[0m [2methereum_transaction_pool_monitor::mempool_monitor[0m[2m:[0m 🔍 Skipping tx 0x7942b0b327f6805461dbaf6b75c6c254f0c786c46b4f80863ef82ad012ac5c3d - not a DEX interaction (target: 0x3B4D794a66304F130a4Db8F2551B0070dfCf5ca7)
[2m2025-12-10T10:08:30.441844Z[0m [34mDEBUG[0m [2methereum_transaction_pool_monitor::mempool_monitor[0m[2m:[0m 📨 Processing new pending transaction: 0x59e5f6b107c5311de7f22aaaa4bd045ddc9e0a65acb8d14192ecf7283cda5e74
[2m2025-12-10T10:08:30.441849Z[0m [34mDEBUG[0m [2methereum_transaction_pool_monitor::mempool_monitor[0m[2m:[0m 🔍 Fetching transaction details for: 0x59e5f6b107c5311de7f22aaaa4bd045ddc9e0a65acb8d14192ecf7283cda5e74
[2m2025-12-10T10:08:30.441853Z[0m [34mDEBUG[0m [2methereum_transaction_pool_monitor::eth_client[0m[2m:[0m 🔍 Fetching transaction details for hash: 0x59e5f6b107c5311de7f22aaaa4bd045ddc9e0a65acb8d14192ecf7283cda5e74
[2m2025-12-10T10:08:30.441872Z[0m [34mDEBUG[0m [2mhyper::client::pool[0m[2m:[0m reuse idle connection for ("http", 192.168.0.14:8545)
[2m2025-12-10T10:08:30.441917Z[0m [34mDEBUG[0m [2mhyper::proto::h1::io[0m[2m:[0m flushed 250 bytes
[2m2025-12-10T10:08:30.441943Z[0m [34mDEBUG[0m [2mhyper::client::pool[0m[2m:[0m reuse idle connection for ("http", 192.168.0.14:8545)
[2m2025-12-10T10:08:30.441956Z[0m [34mDEBUG[0m [2mhyper::proto::h1::io[0m[2m:[0m flushed 172 bytes
[2m2025-12-10T10:08:30.441957Z[0m [34mDEBUG[0m [2methereum_transaction_pool_monitor::eth_client[0m[2m:[0m 📨 Received WebSocket message: {"jsonrpc":"2.0","method":"eth_subscription","params":{"subscription":"0xbed0a0851463e895960a451075a301a9","result":"0xacd14a34549e9659c3733f30d6ffe1f0184b1310030231f052514c9eafcb879b"}}
[2m2025-12-10T10:08:30.441976Z[0m [34mDEBUG[0m [2methereum_transaction_pool_monitor::eth_client[0m[2m:[0m 📨 Received pending transaction: 0xacd14a34549e9659c3733f30d6ffe1f0184b1310030231f052514c9eafcb879b
[2m2025-12-10T10:08:30.441981Z[0m [34mDEBUG[0m [2methereum_transaction_pool_monitor::eth_client[0m[2m:[0m 📨 Received WebSocket message: {"jsonrpc":"2.0","method":"eth_subscription","params":{"subscription":"0xbed0a0851463e895960a451075a301a9","result":"0xa9668414003b7d48a1ff941f0578f3ef781311a403598d27e19c8da53282d40d"}}
[2m2025-12-10T10:08:30.441987Z[0m [34mDEBUG[0m [2methereum_transaction_pool_monitor::eth_client[0m[2m:[0m 📨 Received pending transaction: 0xa9668414003b7d48a1ff941f0578f3ef781311a403598d27e19c8da53282d40d
[2m2025-12-10T10:08:30.441992Z[0m [34mDEBUG[0m [2methereum_transaction_pool_monitor::eth_client[0m[2m:[0m 📨 Received WebSocket message: {"jsonrpc":"2.0","method":"eth_subscription","params":{"subscription":"0xbed0a0851463e895960a451075a301a9","result":"0xe2e50d28c19561f2a33ebb823f53b10490e2b5400c93dcfe9498c84ef6f7e7af"}}
[2m2025-12-10T10:08:30.441996Z[0m [34mDEBUG[0m [2methereum_transaction_pool_monitor::eth_client[0m[2m:[0m 📨 Received pending transaction: 0xe2e50d28c19561f2a33ebb823f53b10490e2b5400c93dcfe9498c84ef6f7e7af
[2m2025-12-10T10:08:30.446136Z[0m [34mDEBUG[0m [2mhyper::proto::h1::io[0m[2m:[0m parsed 4 headers
[2m2025-12-10T10:08:30.446146Z[0m [34mDEBUG[0m [2mhyper::proto::h1::conn[0m[2m:[0m incoming body is content-length (45 bytes)
[2m2025-12-10T10:08:30.446160Z[0m [34mDEBUG[0m [2mhyper::proto::h1::conn[0m[2m:[0m incoming body completed
[2m2025-12-10T10:08:30.446172Z[0m [34mDEBUG[0m [2mhyper::client::pool[0m[2m:[0m pooling idle connection for ("http", 192.168.0.14:8545)
[2m2025-12-10T10:08:30.446194Z[0m [34mDEBUG[0m [2mhyper::proto::h1::io[0m[2m:[0m parsed 4 headers
[2m2025-12-10T10:08:30.446198Z[0m [34mDEBUG[0m [2mhyper::proto::h1::conn[0m[2m:[0m incoming body is content-length (648 bytes)
[2m2025-12-10T10:08:30.446203Z[0m [34mDEBUG[0m [2mhyper::proto::h1::conn[0m[2m:[0m incoming body completed
[2m2025-12-10T10:08:30.446208Z[0m [34mDEBUG[0m [2mhyper::client::pool[0m[2m:[0m pooling idle connection for ("http", 192.168.0.14:8545)
[2m2025-12-10T10:08:30.446212Z[0m [34mDEBUG[0m [2methereum_transaction_pool_monitor::eth_client[0m[2m:[0m 📡 Transaction fetch RPC completed in 4.355208ms
[2m2025-12-10T10:08:30.517465Z[0m [34mDEBUG[0m [2methereum_transaction_pool_monitor::eth_client[0m[2m:[0m ✅ Transaction 0x59e5f6b107c5311de7f22aaaa4bd045ddc9e0a65acb8d14192ecf7283cda5e74 fetched and parsed in 75.604542ms
[2m2025-12-10T10:08:30.517491Z[0m [34mDEBUG[0m [2methereum_transaction_pool_monitor::mempool_monitor[0m[2m:[0m 🔍 Skipping tx 0x59e5f6b107c5311de7f22aaaa4bd045ddc9e0a65acb8d14192ecf7283cda5e74 - not a DEX interaction (target: 0x666b5B04B5081263a7cC7987D90ADdeDc5785143)
[2m2025-12-10T10:08:30.517503Z[0m [34mDEBUG[0m [2methereum_transaction_pool_monitor::mempool_monitor[0m[2m:[0m 📨 Processing new pending transaction: 0xd62a72d9c7b0e7c76f02e28163cdd667d76e340426242c19938815e3c0420bcc
[2m2025-12-10T10:08:30.517508Z[0m [34mDEBUG[0m [2methereum_transaction_pool_monitor::mempool_monitor[0m[2m:[0m 🔍 Fetching transaction details for: 0xd62a72d9c7b0e7c76f02e28163cdd667d76e340426242c19938815e3c0420bcc
[2m2025-12-10T10:08:30.517512Z[0m [34mDEBUG[0m [2methereum_transaction_pool_monitor::eth_client[0m[2m:[0m 🔍 Fetching transaction details for hash: 0xd62a72d9c7b0e7c76f02e28163cdd667d76e340426242c19938815e3c0420bcc
[2m2025-12-10T10:08:30.517534Z[0m [34mDEBUG[0m [2mhyper::client::pool[0m[2m:[0m reuse idle connection for ("http", 192.168.0.14:8545)
[2m2025-12-10T10:08:30.517586Z[0m [34mDEBUG[0m [2mhyper::proto::h1::io[0m[2m:[0m flushed 250 bytes
[2m2025-12-10T10:08:30.517606Z[0m [34mDEBUG[0m [2mhyper::client::pool[0m[2m:[0m reuse idle connection for ("http", 192.168.0.14:8545)
[2m2025-12-10T10:08:30.517622Z[0m [34mDEBUG[0m [2mhyper::proto::h1::io[0m[2m:[0m flushed 172 bytes
[2m2025-12-10T10:08:30.517623Z[0m [34mDEBUG[0m [2methereum_transaction_pool_monitor::eth_client[0m[2m:[0m 📨 Received WebSocket message: {"jsonrpc":"2.0","method":"eth_subscription","params":{"subscription":"0xbed0a0851463e895960a451075a301a9","result":"0x259b78f0d1b7ede0cb1817ad15e26c4832b765adb1c026e4e207f356f6724343"}}
[2m2025-12-10T10:08:30.517636Z[0m [34mDEBUG[0m [2methereum_transaction_pool_monitor::eth_client[0m[2m:[0m 📨 Received pending transaction: 0x259b78f0d1b7ede0cb1817ad15e26c4832b765adb1c026e4e207f356f6724343
[2m2025-12-10T10:08:30.517643Z[0m [34mDEBUG[0m [2methereum_transaction_pool_monitor::eth_client[0m[2m:[0m 📨 Received WebSocket message: {"jsonrpc":"2.0","method":"eth_subscription","params":{"subscription":"0xbed0a0851463e895960a451075a301a9","result":"0x356ad79dd0509cb1b93d834f47cb174aa356998789d0d76d666d355b876e055d"}}
[2m2025-12-10T10:08:30.517648Z[0m [34mDEBUG[0m [2methereum_transaction_pool_monitor::eth_client[0m[2m:[0m 📨 Received pending transaction: 0x356ad79dd0509cb1b93d834f47cb174aa356998789d0d76d666d355b876e055d
[2m2025-12-10T10:08:30.521517Z[0m [34mDEBUG[0m [2mhyper::proto::h1::io[0m[2m:[0m parsed 4 headers
[2m2025-12-10T10:08:30.521523Z[0m [34mDEBUG[0m [2mhyper::proto::h1::conn[0m[2m:[0m incoming body is content-length (45 bytes)
[2m2025-12-10T10:08:30.521534Z[0m [34mDEBUG[0m [2mhyper::proto::h1::conn[0m[2m:[0m incoming body completed
[2m2025-12-10T10:08:30.521550Z[0m [34mDEBUG[0m [2mhyper::client::pool[0m[2m:[0m pooling idle connection for ("http", 192.168.0.14:8545)
[2m2025-12-10T10:08:30.521575Z[0m [34mDEBUG[0m [2mhyper::proto::h1::io[0m[2m:[0m parsed 4 headers
[2m2025-12-10T10:08:30.521579Z[0m [34mDEBUG[0m [2mhyper::proto::h1::conn[0m[2m:[0m incoming body is content-length (676 bytes)
[2m2025-12-10T10:08:30.521583Z[0m [34mDEBUG[0m [2mhyper::proto::h1::conn[0m[2m:[0m incoming body completed
[2m2025-12-10T10:08:30.521588Z[0m [34mDEBUG[0m [2mhyper::client::pool[0m[2m:[0m pooling idle connection for ("http", 192.168.0.14:8545)
[2m2025-12-10T10:08:30.521605Z[0m [34mDEBUG[0m [2methereum_transaction_pool_monitor::eth_client[0m[2m:[0m 📡 Transaction fetch RPC completed in 4.089375ms
[2m2025-12-10T10:08:30.591095Z[0m [34mDEBUG[0m [2methereum_transaction_pool_monitor::eth_client[0m[2m:[0m ✅ Transaction 0xd62a72d9c7b0e7c76f02e28163cdd667d76e340426242c19938815e3c0420bcc fetched and parsed in 73.576458ms
[2m2025-12-10T10:08:30.591120Z[0m [34mDEBUG[0m [2methereum_transaction_pool_monitor::mempool_monitor[0m[2m:[0m 🔍 Skipping tx 0xd62a72d9c7b0e7c76f02e28163cdd667d76e340426242c19938815e3c0420bcc - not a DEX interaction (target: 0xA0b86991c6218b36c1d19D4a2e9Eb0cE3606eB48)
[2m2025-12-10T10:08:30.591131Z[0m [34mDEBUG[0m [2methereum_transaction_pool_monitor::mempool_monitor[0m[2m:[0m 📨 Processing new pending transaction: 0xacd14a34549e9659c3733f30d6ffe1f0184b1310030231f052514c9eafcb879b
[2m2025-12-10T10:08:30.591135Z[0m [34mDEBUG[0m [2methereum_transaction_pool_monitor::mempool_monitor[0m[2m:[0m 🔍 Fetching transaction details for: 0xacd14a34549e9659c3733f30d6ffe1f0184b1310030231f052514c9eafcb879b
[2m2025-12-10T10:08:30.591140Z[0m [34mDEBUG[0m [2methereum_transaction_pool_monitor::eth_client[0m[2m:[0m 🔍 Fetching transaction details for hash: 0xacd14a34549e9659c3733f30d6ffe1f0184b1310030231f052514c9eafcb879b
[2m2025-12-10T10:08:30.591161Z[0m [34mDEBUG[0m [2mhyper::client::pool[0m[2m:[0m reuse idle connection for ("http", 192.168.0.14:8545)
[2m2025-12-10T10:08:30.591190Z[0m [34mDEBUG[0m [2mhyper::proto::h1::io[0m[2m:[0m flushed 250 bytes
[2m2025-12-10T10:08:30.591210Z[0m [34mDEBUG[0m [2methereum_transaction_pool_monitor::eth_client[0m[2m:[0m 📨 Received WebSocket message: {"jsonrpc":"2.0","method":"eth_subscription","params":{"subscription":"0xbed0a0851463e895960a451075a301a9","result":"0x9bed5fc74fa58171cba2796a7d4c92d08ee974cb1eb4b53026178afe45989582"}}
[2m2025-12-10T10:08:30.591218Z[0m [34mDEBUG[0m [2methereum_transaction_pool_monitor::eth_client[0m[2m:[0m 📨 Received pending transaction: 0x9bed5fc74fa58171cba2796a7d4c92d08ee974cb1eb4b53026178afe45989582
[2m2025-12-10T10:08:30.591225Z[0m [34mDEBUG[0m [2methereum_transaction_pool_monitor::eth_client[0m[2m:[0m 📨 Received WebSocket message: {"jsonrpc":"2.0","method":"eth_subscription","params":{"subscription":"0xbed0a0851463e895960a451075a301a9","result":"0x4f84501f9c70faf183206019d7954fd7c5d2aa3a6ba3abad2802899c531ba1f6"}}
[2m2025-12-10T10:08:30.591230Z[0m [34mDEBUG[0m [2methereum_transaction_pool_monitor::eth_client[0m[2m:[0m 📨 Received pending transaction: 0x4f84501f9c70faf183206019d7954fd7c5d2aa3a6ba3abad2802899c531ba1f6
[2m2025-12-10T10:08:30.595530Z[0m [34mDEBUG[0m [2mhyper::client::pool[0m[2m:[0m reuse idle connection for ("http", 192.168.0.14:8545)
[2m2025-12-10T10:08:30.595534Z[0m [34mDEBUG[0m [2mhyper::proto::h1::io[0m[2m:[0m parsed 4 headers
[2m2025-12-10T10:08:30.595545Z[0m [34mDEBUG[0m [2mhyper::proto::h1::conn[0m[2m:[0m incoming body is content-length (678 bytes)
[2m2025-12-10T10:08:30.595552Z[0m [34mDEBUG[0m [2mhyper::proto::h1::conn[0m[2m:[0m incoming body completed
[2m2025-12-10T10:08:30.595553Z[0m [34mDEBUG[0m [2mhyper::proto::h1::io[0m[2m:[0m flushed 172 bytes
[2m2025-12-10T10:08:30.595562Z[0m [34mDEBUG[0m [2mhyper::client::pool[0m[2m:[0m pooling idle connection for ("http", 192.168.0.14:8545)
[2m2025-12-10T10:08:30.595568Z[0m [34mDEBUG[0m [2methereum_transaction_pool_monitor::eth_client[0m[2m:[0m 📡 Transaction fetch RPC completed in 4.42325ms
[2m2025-12-10T10:08:30.595580Z[0m [34mDEBUG[0m [2methereum_transaction_pool_monitor::eth_client[0m[2m:[0m DeFi transaction detected - Address: 0xdac17f958d2ee523a2206206994597c13d831ec7, Type: Stablecoin, Value: 0 ETH, Gas: 0.22 Gwei
[2m2025-12-10T10:08:30.595591Z[0m [34mDEBUG[0m [2methereum_transaction_pool_monitor::eth_client[0m[2m:[0m ✅ Transaction 0xacd14a34549e9659c3733f30d6ffe1f0184b1310030231f052514c9eafcb879b fetched and parsed in 4.446375ms
[2m2025-12-10T10:08:30.595596Z[0m [34mDEBUG[0m [2methereum_transaction_pool_monitor::mempool_monitor[0m[2m:[0m 🔍 Skipping tx 0xacd14a34549e9659c3733f30d6ffe1f0184b1310030231f052514c9eafcb879b - not a DEX interaction (target: 0xdAC17F958D2ee523a2206206994597C13D831ec7)
[2m2025-12-10T10:08:30.595602Z[0m [34mDEBUG[0m [2methereum_transaction_pool_monitor::mempool_monitor[0m[2m:[0m 📨 Processing new pending transaction: 0xa9668414003b7d48a1ff941f0578f3ef781311a403598d27e19c8da53282d40d
[2m2025-12-10T10:08:30.595605Z[0m [34mDEBUG[0m [2methereum_transaction_pool_monitor::mempool_monitor[0m[2m:[0m 🔍 Fetching transaction details for: 0xa9668414003b7d48a1ff941f0578f3ef781311a403598d27e19c8da53282d40d
[2m2025-12-10T10:08:30.595608Z[0m [34mDEBUG[0m [2methereum_transaction_pool_monitor::eth_client[0m[2m:[0m 🔍 Fetching transaction details for hash: 0xa9668414003b7d48a1ff941f0578f3ef781311a403598d27e19c8da53282d40d
[2m2025-12-10T10:08:30.595615Z[0m [34mDEBUG[0m [2mhyper::client::pool[0m[2m:[0m reuse idle connection for ("http", 192.168.0.14:8545)
[2m2025-12-10T10:08:30.595625Z[0m [34mDEBUG[0m [2mhyper::proto::h1::io[0m[2m:[0m flushed 250 bytes
[2m2025-12-10T10:08:30.600870Z[0m [34mDEBUG[0m [2mhyper::proto::h1::io[0m[2m:[0m parsed 4 headers
[2m2025-12-10T10:08:30.600877Z[0m [34mDEBUG[0m [2mhyper::proto::h1::conn[0m[2m:[0m incoming body is content-length (45 bytes)
[2m2025-12-10T10:08:30.600883Z[0m [34mDEBUG[0m [2mhyper::proto::h1::conn[0m[2m:[0m incoming body completed
[2m2025-12-10T10:08:30.600889Z[0m [34mDEBUG[0m [2mhyper::client::pool[0m[2m:[0m pooling idle connection for ("http", 192.168.0.14:8545)
[2m2025-12-10T10:08:30.600902Z[0m [34mDEBUG[0m [2mhyper::proto::h1::io[0m[2m:[0m parsed 4 headers
[2m2025-12-10T10:08:30.600906Z[0m [34mDEBUG[0m [2mhyper::proto::h1::conn[0m[2m:[0m incoming body is content-length (657 bytes)
[2m2025-12-10T10:08:30.600910Z[0m [34mDEBUG[0m [2mhyper::proto::h1::conn[0m[2m:[0m incoming body completed
[2m2025-12-10T10:08:30.600914Z[0m [34mDEBUG[0m [2mhyper::client::pool[0m[2m:[0m pooling idle connection for ("http", 192.168.0.14:8545)
[2m2025-12-10T10:08:30.600918Z[0m [34mDEBUG[0m [2methereum_transaction_pool_monitor::eth_client[0m[2m:[0m 📡 Transaction fetch RPC completed in 5.306958ms
[2m2025-12-10T10:08:30.670832Z[0m [34mDEBUG[0m [2methereum_transaction_pool_monitor::eth_client[0m[2m:[0m ✅ Transaction 0xa9668414003b7d48a1ff941f0578f3ef781311a403598d27e19c8da53282d40d fetched and parsed in 75.218083ms
[2m2025-12-10T10:08:30.670855Z[0m [34mDEBUG[0m [2methereum_transaction_pool_monitor::mempool_monitor[0m[2m:[0m 🔍 Skipping tx 0xa9668414003b7d48a1ff941f0578f3ef781311a403598d27e19c8da53282d40d - not a DEX interaction (target: 0xF587BbF6357189b772eFCEC63901D5bc9733E6B7)
[2m2025-12-10T10:08:30.670866Z[0m [34mDEBUG[0m [2methereum_transaction_pool_monitor::mempool_monitor[0m[2m:[0m 📨 Processing new pending transaction: 0xe2e50d28c19561f2a33ebb823f53b10490e2b5400c93dcfe9498c84ef6f7e7af
[2m2025-12-10T10:08:30.670872Z[0m [34mDEBUG[0m [2methereum_transaction_pool_monitor::mempool_monitor[0m[2m:[0m 🔍 Fetching transaction details for: 0xe2e50d28c19561f2a33ebb823f53b10490e2b5400c93dcfe9498c84ef6f7e7af
[2m2025-12-10T10:08:30.670876Z[0m [34mDEBUG[0m [2methereum_transaction_pool_monitor::eth_client[0m[2m:[0m 🔍 Fetching transaction details for hash: 0xe2e50d28c19561f2a33ebb823f53b10490e2b5400c93dcfe9498c84ef6f7e7af
[2m2025-12-10T10:08:30.670898Z[0m [34mDEBUG[0m [2mhyper::client::pool[0m[2m:[0m reuse idle connection for ("http", 192.168.0.14:8545)
[2m2025-12-10T10:08:30.670941Z[0m [34mDEBUG[0m [2mhyper::proto::h1::io[0m[2m:[0m flushed 250 bytes
[2m2025-12-10T10:08:30.674486Z[0m [34mDEBUG[0m [2mhyper::proto::h1::io[0m[2m:[0m parsed 4 headers
[2m2025-12-10T10:08:30.674512Z[0m [34mDEBUG[0m [2mhyper::proto::h1::conn[0m[2m:[0m incoming body is content-length (765 bytes)
[2m2025-12-10T10:08:30.674534Z[0m [34mDEBUG[0m [2mhyper::proto::h1::conn[0m[2m:[0m incoming body completed
[2m2025-12-10T10:08:30.674553Z[0m [34mDEBUG[0m [2mhyper::client::pool[0m[2m:[0m pooling idle connection for ("http", 192.168.0.14:8545)
[2m2025-12-10T10:08:30.674563Z[0m [34mDEBUG[0m [2methereum_transaction_pool_monitor::eth_client[0m[2m:[0m 📡 Transaction fetch RPC completed in 3.683333ms
[2m2025-12-10T10:08:30.744552Z[0m [34mDEBUG[0m [2methereum_transaction_pool_monitor::eth_client[0m[2m:[0m ✅ Transaction 0xe2e50d28c19561f2a33ebb823f53b10490e2b5400c93dcfe9498c84ef6f7e7af fetched and parsed in 73.670166ms
[2m2025-12-10T10:08:30.744581Z[0m [34mDEBUG[0m [2methereum_transaction_pool_monitor::mempool_monitor[0m[2m:[0m 🔍 Skipping tx 0xe2e50d28c19561f2a33ebb823f53b10490e2b5400c93dcfe9498c84ef6f7e7af - not a DEX interaction (target: 0x57e114B691Db790C35207b2e685D4A43181e6061)
[2m2025-12-10T10:08:30.744598Z[0m [34mDEBUG[0m [2methereum_transaction_pool_monitor::mempool_monitor[0m[2m:[0m 📨 Processing new pending transaction: 0x259b78f0d1b7ede0cb1817ad15e26c4832b765adb1c026e4e207f356f6724343
[2m2025-12-10T10:08:30.744606Z[0m [34mDEBUG[0m [2methereum_transaction_pool_monitor::mempool_monitor[0m[2m:[0m 🔍 Fetching transaction details for: 0x259b78f0d1b7ede0cb1817ad15e26c4832b765adb1c026e4e207f356f6724343
[2m2025-12-10T10:08:30.744614Z[0m [34mDEBUG[0m [2methereum_transaction_pool_monitor::eth_client[0m[2m:[0m 🔍 Fetching transaction details for hash: 0x259b78f0d1b7ede0cb1817ad15e26c4832b765adb1c026e4e207f356f6724343
[2m2025-12-10T10:08:30.744634Z[0m [34mDEBUG[0m [2mhyper::client::pool[0m[2m:[0m reuse idle connection for ("http", 192.168.0.14:8545)
[2m2025-12-10T10:08:30.744682Z[0m [34mDEBUG[0m [2mhyper::proto::h1::io[0m[2m:[0m flushed 250 bytes
[2m2025-12-10T10:08:30.744706Z[0m [34mDEBUG[0m [2mhyper::client::pool[0m[2m:[0m reuse idle connection for ("http", 192.168.0.14:8545)
[2m2025-12-10T10:08:30.744717Z[0m [34mDEBUG[0m [2methereum_transaction_pool_monitor::eth_client[0m[2m:[0m 📨 Received WebSocket message: {"jsonrpc":"2.0","method":"eth_subscription","params":{"subscription":"0xbed0a0851463e895960a451075a301a9","result":"0xc7f550d2a187a401346bed989486238d3c3c14beaa0e0feed9f02b3e26adee85"}}
[2m2025-12-10T10:08:30.744722Z[0m [34mDEBUG[0m [2mhyper::proto::h1::io[0m[2m:[0m flushed 172 bytes
[2m2025-12-10T10:08:30.744731Z[0m [34mDEBUG[0m [2methereum_transaction_pool_monitor::eth_client[0m[2m:[0m 📨 Received pending transaction: 0xc7f550d2a187a401346bed989486238d3c3c14beaa0e0feed9f02b3e26adee85
[2m2025-12-10T10:08:30.744741Z[0m [34mDEBUG[0m [2methereum_transaction_pool_monitor::eth_client[0m[2m:[0m 📨 Received WebSocket message: {"jsonrpc":"2.0","method":"eth_subscription","params":{"subscription":"0xbed0a0851463e895960a451075a301a9","result":"0x553ce145875ff0352328ff1a0529f8e0cd7f790054c036785cb24e315ca51315"}}
[2m2025-12-10T10:08:30.744750Z[0m [34mDEBUG[0m [2methereum_transaction_pool_monitor::eth_client[0m[2m:[0m 📨 Received pending transaction: 0x553ce145875ff0352328ff1a0529f8e0cd7f790054c036785cb24e315ca51315
[2m2025-12-10T10:08:30.745792Z[0m [34mDEBUG[0m [2methereum_transaction_pool_monitor::eth_client[0m[2m:[0m 📨 Received WebSocket message: {"jsonrpc":"2.0","method":"eth_subscription","params":{"subscription":"0xbed0a0851463e895960a451075a301a9","result":"0x0319f120a5c01597feff4df23cd1faf32ff40a32be6fa599560f1c7057f59411"}}
[2m2025-12-10T10:08:30.745822Z[0m [34mDEBUG[0m [2methereum_transaction_pool_monitor::eth_client[0m[2m:[0m 📨 Received pending transaction: 0x0319f120a5c01597feff4df23cd1faf32ff40a32be6fa599560f1c7057f59411
[2m2025-12-10T10:08:30.750471Z[0m [34mDEBUG[0m [2mhyper::proto::h1::io[0m[2m:[0m parsed 4 headers
[2m2025-12-10T10:08:30.750473Z[0m [34mDEBUG[0m [2mhyper::proto::h1::io[0m[2m:[0m parsed 4 headers
[2m2025-12-10T10:08:30.750485Z[0m [34mDEBUG[0m [2mhyper::proto::h1::conn[0m[2m:[0m incoming body is content-length (832 bytes)
[2m2025-12-10T10:08:30.750479Z[0m [34mDEBUG[0m [2mhyper::proto::h1::conn[0m[2m:[0m incoming body is content-length (45 bytes)
[2m2025-12-10T10:08:30.750525Z[0m [34mDEBUG[0m [2mhyper::proto::h1::conn[0m[2m:[0m incoming body completed
[2m2025-12-10T10:08:30.750491Z[0m [34mDEBUG[0m [2mhyper::proto::h1::conn[0m[2m:[0m incoming body completed
[2m2025-12-10T10:08:30.750535Z[0m [34mDEBUG[0m [2mhyper::client::pool[0m[2m:[0m pooling idle connection for ("http", 192.168.0.14:8545)
[2m2025-12-10T10:08:30.750592Z[0m [34mDEBUG[0m [2mhyper::client::pool[0m[2m:[0m pooling idle connection for ("http", 192.168.0.14:8545)
[2m2025-12-10T10:08:30.750599Z[0m [34mDEBUG[0m [2methereum_transaction_pool_monitor::eth_client[0m[2m:[0m 📡 Transaction fetch RPC completed in 5.979334ms
[2m2025-12-10T10:08:30.796653Z[0m [34mDEBUG[0m [2mhyper::client::pool[0m[2m:[0m reuse idle connection for ("http", 192.168.0.14:8545)
[2m2025-12-10T10:08:30.796720Z[0m [34mDEBUG[0m [2mhyper::proto::h1::io[0m[2m:[0m flushed 172 bytes
[2m2025-12-10T10:08:30.801465Z[0m [34mDEBUG[0m [2mhyper::proto::h1::io[0m[2m:[0m parsed 4 headers
[2m2025-12-10T10:08:30.801477Z[0m [34mDEBUG[0m [2mhyper::proto::h1::conn[0m[2m:[0m incoming body is content-length (45 bytes)
[2m2025-12-10T10:08:30.801484Z[0m [34mDEBUG[0m [2mhyper::proto::h1::conn[0m[2m:[0m incoming body completed
[2m2025-12-10T10:08:30.801492Z[0m [34mDEBUG[0m [2mhyper::client::pool[0m[2m:[0m pooling idle connection for ("http", 192.168.0.14:8545)
[2m2025-12-10T10:08:30.821024Z[0m [34mDEBUG[0m [2methereum_transaction_pool_monitor::eth_client[0m[2m:[0m ✅ Transaction 0x259b78f0d1b7ede0cb1817ad15e26c4832b765adb1c026e4e207f356f6724343 fetched and parsed in 76.402542ms
[2m2025-12-10T10:08:30.821046Z[0m [34mDEBUG[0m [2methereum_transaction_pool_monitor::mempool_monitor[0m[2m:[0m 🔍 Skipping tx 0x259b78f0d1b7ede0cb1817ad15e26c4832b765adb1c026e4e207f356f6724343 - not a DEX interaction (target: 0x3B4D794a66304F130a4Db8F2551B0070dfCf5ca7)
[2m2025-12-10T10:08:30.821056Z[0m [34mDEBUG[0m [2methereum_transaction_pool_monitor::mempool_monitor[0m[2m:[0m 📨 Processing new pending transaction: 0x356ad79dd0509cb1b93d834f47cb174aa356998789d0d76d666d355b876e055d
[2m2025-12-10T10:08:30.821062Z[0m [34mDEBUG[0m [2methereum_transaction_pool_monitor::mempool_monitor[0m[2m:[0m 🔍 Fetching transaction details for: 0x356ad79dd0509cb1b93d834f47cb174aa356998789d0d76d666d355b876e055d
[2m2025-12-10T10:08:30.821067Z[0m [34mDEBUG[0m [2methereum_transaction_pool_monitor::eth_client[0m[2m:[0m 🔍 Fetching transaction details for hash: 0x356ad79dd0509cb1b93d834f47cb174aa356998789d0d76d666d355b876e055d
[2m2025-12-10T10:08:30.821084Z[0m [34mDEBUG[0m [2mhyper::client::pool[0m[2m:[0m reuse idle connection for ("http", 192.168.0.14:8545)
[2m2025-12-10T10:08:30.821132Z[0m [34mDEBUG[0m [2mhyper::proto::h1::io[0m[2m:[0m flushed 250 bytes
[2m2025-12-10T10:08:30.845501Z[0m [34mDEBUG[0m [2methereum_transaction_pool_monitor::eth_client[0m[2m:[0m 📨 Received WebSocket message: {"jsonrpc":"2.0","method":"eth_subscription","params":{"subscription":"0xbed0a0851463e895960a451075a301a9","result":"0x5e3e9f7f25bd6960bfe9672c81ef7301fdd24fa30719405276a6349b168aa936"}}
[2m2025-12-10T10:08:30.845534Z[0m [34mDEBUG[0m [2methereum_transaction_pool_monitor::eth_client[0m[2m:[0m 📨 Received pending transaction: 0x5e3e9f7f25bd6960bfe9672c81ef7301fdd24fa30719405276a6349b168aa936
[2m2025-12-10T10:08:30.848249Z[0m [34mDEBUG[0m [2mhyper::proto::h1::io[0m[2m:[0m parsed 4 headers
[2m2025-12-10T10:08:30.848258Z[0m [34mDEBUG[0m [2mhyper::proto::h1::conn[0m[2m:[0m incoming body is content-length (673 bytes)
[2m2025-12-10T10:08:30.848281Z[0m [34mDEBUG[0m [2mhyper::proto::h1::conn[0m[2m:[0m incoming body completed
[2m2025-12-10T10:08:30.848291Z[0m [34mDEBUG[0m [2mhyper::client::pool[0m[2m:[0m pooling idle connection for ("http", 192.168.0.14:8545)
[2m2025-12-10T10:08:30.848298Z[0m [34mDEBUG[0m [2methereum_transaction_pool_monitor::eth_client[0m[2m:[0m 📡 Transaction fetch RPC completed in 27.227416ms
[2m2025-12-10T10:08:30.848315Z[0m [34mDEBUG[0m [2methereum_transaction_pool_monitor::eth_client[0m[2m:[0m DeFi transaction detected - Address: 0xdac17f958d2ee523a2206206994597c13d831ec7, Type: Stablecoin, Value: 0 ETH, Gas: 0.22 Gwei
[2m2025-12-10T10:08:30.848330Z[0m [34mDEBUG[0m [2methereum_transaction_pool_monitor::eth_client[0m[2m:[0m ✅ Transaction 0x356ad79dd0509cb1b93d834f47cb174aa356998789d0d76d666d355b876e055d fetched and parsed in 27.259666ms
[2m2025-12-10T10:08:30.848336Z[0m [34mDEBUG[0m [2methereum_transaction_pool_monitor::mempool_monitor[0m[2m:[0m 🔍 Skipping tx 0x356ad79dd0509cb1b93d834f47cb174aa356998789d0d76d666d355b876e055d - not a DEX interaction (target: 0xdAC17F958D2ee523a2206206994597C13D831ec7)
[2m2025-12-10T10:08:30.848343Z[0m [34mDEBUG[0m [2methereum_transaction_pool_monitor::mempool_monitor[0m[2m:[0m 📨 Processing new pending transaction: 0x9bed5fc74fa58171cba2796a7d4c92d08ee974cb1eb4b53026178afe45989582
[2m2025-12-10T10:08:30.848348Z[0m [34mDEBUG[0m [2methereum_transaction_pool_monitor::mempool_monitor[0m[2m:[0m 🔍 Fetching transaction details for: 0x9bed5fc74fa58171cba2796a7d4c92d08ee974cb1eb4b53026178afe45989582
[2m2025-12-10T10:08:30.848354Z[0m [34mDEBUG[0m [2methereum_transaction_pool_monitor::eth_client[0m[2m:[0m 🔍 Fetching transaction details for hash: 0x9bed5fc74fa58171cba2796a7d4c92d08ee974cb1eb4b53026178afe45989582
[2m2025-12-10T10:08:30.848370Z[0m [34mDEBUG[0m [2mhyper::client::pool[0m[2m:[0m reuse idle connection for ("http", 192.168.0.14:8545)
[2m2025-12-10T10:08:30.848393Z[0m [34mDEBUG[0m [2mhyper::proto::h1::io[0m[2m:[0m flushed 250 bytes
[2m2025-12-10T10:08:30.855902Z[0m [34mDEBUG[0m [2mhyper::proto::h1::io[0m[2m:[0m parsed 4 headers
[2m2025-12-10T10:08:30.855908Z[0m [34mDEBUG[0m [2mhyper::proto::h1::conn[0m[2m:[0m incoming body is content-length (771 bytes)
[2m2025-12-10T10:08:30.855914Z[0m [34mDEBUG[0m [2mhyper::proto::h1::conn[0m[2m:[0m incoming body completed
[2m2025-12-10T10:08:30.855920Z[0m [34mDEBUG[0m [2mhyper::client::pool[0m[2m:[0m pooling idle connection for ("http", 192.168.0.14:8545)
[2m2025-12-10T10:08:30.855925Z[0m [34mDEBUG[0m [2methereum_transaction_pool_monitor::eth_client[0m[2m:[0m 📡 Transaction fetch RPC completed in 7.565792ms
[2m2025-12-10T10:08:30.855937Z[0m [34mDEBUG[0m [2methereum_transaction_pool_monitor::eth_client[0m[2m:[0m DeFi transaction detected - Address: 0xdac17f958d2ee523a2206206994597c13d831ec7, Type: Stablecoin, Value: 0 ETH, Gas: 0.47 Gwei
[2m2025-12-10T10:08:30.855946Z[0m [34mDEBUG[0m [2methereum_transaction_pool_monitor::eth_client[0m[2m:[0m ✅ Transaction 0x9bed5fc74fa58171cba2796a7d4c92d08ee974cb1eb4b53026178afe45989582 fetched and parsed in 7.587125ms
[2m2025-12-10T10:08:30.855951Z[0m [34mDEBUG[0m [2methereum_transaction_pool_monitor::mempool_monitor[0m[2m:[0m 🔍 Skipping tx 0x9bed5fc74fa58171cba2796a7d4c92d08ee974cb1eb4b53026178afe45989582 - not a DEX interaction (target: 0xdAC17F958D2ee523a2206206994597C13D831ec7)
[2m2025-12-10T10:08:30.855956Z[0m [34mDEBUG[0m [2methereum_transaction_pool_monitor::mempool_monitor[0m[2m:[0m 📨 Processing new pending transaction: 0x4f84501f9c70faf183206019d7954fd7c5d2aa3a6ba3abad2802899c531ba1f6
[2m2025-12-10T10:08:30.855959Z[0m [34mDEBUG[0m [2methereum_transaction_pool_monitor::mempool_monitor[0m[2m:[0m 🔍 Fetching transaction details for: 0x4f84501f9c70faf183206019d7954fd7c5d2aa3a6ba3abad2802899c531ba1f6
[2m2025-12-10T10:08:30.855963Z[0m [34mDEBUG[0m [2methereum_transaction_pool_monitor::eth_client[0m[2m:[0m 🔍 Fetching transaction details for hash: 0x4f84501f9c70faf183206019d7954fd7c5d2aa3a6ba3abad2802899c531ba1f6
[2m2025-12-10T10:08:30.855973Z[0m [34mDEBUG[0m [2mhyper::client::pool[0m[2m:[0m reuse idle connection for ("http", 192.168.0.14:8545)
[2m2025-12-10T10:08:30.855989Z[0m [34mDEBUG[0m [2mhyper::proto::h1::io[0m[2m:[0m flushed 250 bytes
[2m2025-12-10T10:08:30.864484Z[0m [34mDEBUG[0m [2mhyper::proto::h1::io[0m[2m:[0m parsed 4 headers
[2m2025-12-10T10:08:30.864491Z[0m [34mDEBUG[0m [2mhyper::proto::h1::conn[0m[2m:[0m incoming body is content-length (552 bytes)
[2m2025-12-10T10:08:30.864496Z[0m [34mDEBUG[0m [2mhyper::proto::h1::conn[0m[2m:[0m incoming body completed
[2m2025-12-10T10:08:30.864507Z[0m [34mDEBUG[0m [2mhyper::client::pool[0m[2m:[0m pooling idle connection for ("http", 192.168.0.14:8545)
[2m2025-12-10T10:08:30.864512Z[0m [34mDEBUG[0m [2methereum_transaction_pool_monitor::eth_client[0m[2m:[0m 📡 Transaction fetch RPC completed in 8.54575ms
[2m2025-12-10T10:08:30.934746Z[0m [34mDEBUG[0m [2methereum_transaction_pool_monitor::eth_client[0m[2m:[0m ✅ Transaction 0x4f84501f9c70faf183206019d7954fd7c5d2aa3a6ba3abad2802899c531ba1f6 fetched and parsed in 78.777708ms
[2m2025-12-10T10:08:30.938347Z[0m [34mDEBUG[0m [2methereum_transaction_pool_monitor::mempool_monitor[0m[2m:[0m 🔍 Skipping tx 0x4f84501f9c70faf183206019d7954fd7c5d2aa3a6ba3abad2802899c531ba1f6 - not a DEX interaction (target: 0x45bA6DF28080baDBA54bBe2c1C9A5F16357F3F45)
[2m2025-12-10T10:08:30.938359Z[0m [34mDEBUG[0m [2methereum_transaction_pool_monitor::mempool_monitor[0m[2m:[0m 📨 Processing new pending transaction: 0xc7f550d2a187a401346bed989486238d3c3c14beaa0e0feed9f02b3e26adee85
[2m2025-12-10T10:08:30.938367Z[0m [34mDEBUG[0m [2methereum_transaction_pool_monitor::mempool_monitor[0m[2m:[0m 🔍 Fetching transaction details for: 0xc7f550d2a187a401346bed989486238d3c3c14beaa0e0feed9f02b3e26adee85
[2m2025-12-10T10:08:30.938372Z[0m [34mDEBUG[0m [2methereum_transaction_pool_monitor::eth_client[0m[2m:[0m 🔍 Fetching transaction details for hash: 0xc7f550d2a187a401346bed989486238d3c3c14beaa0e0feed9f02b3e26adee85
[2m2025-12-10T10:08:30.938393Z[0m [34mDEBUG[0m [2mhyper::client::pool[0m[2m:[0m reuse idle connection for ("http", 192.168.0.14:8545)
[2m2025-12-10T10:08:30.938441Z[0m [34mDEBUG[0m [2mhyper::proto::h1::io[0m[2m:[0m flushed 250 bytes
[2m2025-12-10T10:08:30.938466Z[0m [34mDEBUG[0m [2mhyper::client::pool[0m[2m:[0m reuse idle connection for ("http", 192.168.0.14:8545)
[2m2025-12-10T10:08:30.938484Z[0m [34mDEBUG[0m [2mhyper::proto::h1::io[0m[2m:[0m flushed 172 bytes
[2m2025-12-10T10:08:30.938497Z[0m [34mDEBUG[0m [2methereum_transaction_pool_monitor::eth_client[0m[2m:[0m 📨 Received WebSocket message: {"jsonrpc":"2.0","method":"eth_subscription","params":{"subscription":"0xbed0a0851463e895960a451075a301a9","result":"0xbaee33b773af43f4f5e095def017e5e9d9be1f4058fde66054bb4c49c59565b0"}}
[2m2025-12-10T10:08:30.938507Z[0m [34mDEBUG[0m [2methereum_transaction_pool_monitor::eth_client[0m[2m:[0m 📨 Received pending transaction: 0xbaee33b773af43f4f5e095def017e5e9d9be1f4058fde66054bb4c49c59565b0
[2m2025-12-10T10:08:30.938515Z[0m [34mDEBUG[0m [2methereum_transaction_pool_monitor::eth_client[0m[2m:[0m 📨 Received WebSocket message: {"jsonrpc":"2.0","method":"eth_subscription","params":{"subscription":"0xbed0a0851463e895960a451075a301a9","result":"0x932a5aa4c8fe15083514a856b6a4c94f5c01ea992cae279bfefe31bcbe4919ed"}}
[2m2025-12-10T10:08:30.938521Z[0m [34mDEBUG[0m [2methereum_transaction_pool_monitor::eth_client[0m[2m:[0m 📨 Received pending transaction: 0x932a5aa4c8fe15083514a856b6a4c94f5c01ea992cae279bfefe31bcbe4919ed
[2m2025-12-10T10:08:30.943482Z[0m [34mDEBUG[0m [2mhyper::proto::h1::io[0m[2m:[0m parsed 4 headers
[2m2025-12-10T10:08:30.943489Z[0m [34mDEBUG[0m [2mhyper::proto::h1::conn[0m[2m:[0m incoming body is content-length (4743 bytes)
[2m2025-12-10T10:08:30.943499Z[0m [34mDEBUG[0m [2mhyper::proto::h1::conn[0m[2m:[0m incoming body completed
[2m2025-12-10T10:08:30.943507Z[0m [34mDEBUG[0m [2mhyper::client::pool[0m[2m:[0m pooling idle connection for ("http", 192.168.0.14:8545)
[2m2025-12-10T10:08:30.943514Z[0m [34mDEBUG[0m [2methereum_transaction_pool_monitor::eth_client[0m[2m:[0m 📡 Transaction fetch RPC completed in 5.137792ms
[2m2025-12-10T10:08:31.014455Z[0m [34mDEBUG[0m [2methereum_transaction_pool_monitor::eth_client[0m[2m:[0m ✅ Transaction 0xc7f550d2a187a401346bed989486238d3c3c14beaa0e0feed9f02b3e26adee85 fetched and parsed in 76.076375ms
[2m2025-12-10T10:08:31.014487Z[0m [34mDEBUG[0m [2methereum_transaction_pool_monitor::mempool_monitor[0m[2m:[0m 🔍 Skipping tx 0xc7f550d2a187a401346bed989486238d3c3c14beaa0e0feed9f02b3e26adee85 - not a DEX interaction (target: 0xC497058d572D188bFcE1B9813E7D346C54A20812)
[2m2025-12-10T10:08:31.014502Z[0m [34mDEBUG[0m [2methereum_transaction_pool_monitor::mempool_monitor[0m[2m:[0m 📨 Processing new pending transaction: 0x553ce145875ff0352328ff1a0529f8e0cd7f790054c036785cb24e315ca51315
[2m2025-12-10T10:08:31.014510Z[0m [34mDEBUG[0m [2methereum_transaction_pool_monitor::mempool_monitor[0m[2m:[0m 🔍 Fetching transaction details for: 0x553ce145875ff0352328ff1a0529f8e0cd7f790054c036785cb24e315ca51315
[2m2025-12-10T10:08:31.014514Z[0m [34mDEBUG[0m [2methereum_transaction_pool_monitor::eth_client[0m[2m:[0m 🔍 Fetching transaction details for hash: 0x553ce145875ff0352328ff1a0529f8e0cd7f790054c036785cb24e315ca51315
[2m2025-12-10T10:08:31.014533Z[0m [34mDEBUG[0m [2mhyper::client::pool[0m[2m:[0m reuse idle connection for ("http", 192.168.0.14:8545)
[2m2025-12-10T10:08:31.014579Z[0m [34mDEBUG[0m [2mhyper::proto::h1::io[0m[2m:[0m flushed 250 bytes
[2m2025-12-10T10:08:31.014602Z[0m [34mDEBUG[0m [2methereum_transaction_pool_monitor::eth_client[0m[2m:[0m 📨 Received WebSocket message: {"jsonrpc":"2.0","method":"eth_subscription","params":{"subscription":"0xbed0a0851463e895960a451075a301a9","result":"0x7fc55f70ecbb468b1063dcbbca8061df56bbebdb2db8949b466a2a844bff0eb8"}}
[2m2025-12-10T10:08:31.014607Z[0m [34mDEBUG[0m [2mhyper::proto::h1::io[0m[2m:[0m parsed 4 headers
[2m2025-12-10T10:08:31.014612Z[0m [34mDEBUG[0m [2methereum_transaction_pool_monitor::eth_client[0m[2m:[0m 📨 Received pending transaction: 0x7fc55f70ecbb468b1063dcbbca8061df56bbebdb2db8949b466a2a844bff0eb8
[2m2025-12-10T10:08:31.014618Z[0m [34mDEBUG[0m [2mhyper::proto::h1::conn[0m[2m:[0m incoming body is content-length (45 bytes)
[2m2025-12-10T10:08:31.014622Z[0m [34mDEBUG[0m [2methereum_transaction_pool_monitor::eth_client[0m[2m:[0m 📨 Received WebSocket message: {"jsonrpc":"2.0","method":"eth_subscription","params":{"subscription":"0xbed0a0851463e895960a451075a301a9","result":"0x0c58608d6173cf8e12b09e169001c88933eec5fde6ef85b8b4267cb4dbe949fb"}}
[2m2025-12-10T10:08:31.014627Z[0m [34mDEBUG[0m [2mhyper::proto::h1::conn[0m[2m:[0m incoming body completed
[2m2025-12-10T10:08:31.014628Z[0m [34mDEBUG[0m [2methereum_transaction_pool_monitor::eth_client[0m[2m:[0m 📨 Received pending transaction: 0x0c58608d6173cf8e12b09e169001c88933eec5fde6ef85b8b4267cb4dbe949fb
[2m2025-12-10T10:08:31.014639Z[0m [34mDEBUG[0m [2mhyper::client::pool[0m[2m:[0m pooling idle connection for ("http", 192.168.0.14:8545)
[2m2025-12-10T10:08:31.014639Z[0m [34mDEBUG[0m [2methereum_transaction_pool_monitor::eth_client[0m[2m:[0m 📨 Received WebSocket message: {"jsonrpc":"2.0","method":"eth_subscription","params":{"subscription":"0xbed0a0851463e895960a451075a301a9","result":"0x38d0523fdb7b135e86ab01c62e423fba041c974be9a7a3930ed0749f6a93b54f"}}
[2m2025-12-10T10:08:31.014649Z[0m [34mDEBUG[0m [2methereum_transaction_pool_monitor::eth_client[0m[2m:[0m 📨 Received pending transaction: 0x38d0523fdb7b135e86ab01c62e423fba041c974be9a7a3930ed0749f6a93b54f
[2m2025-12-10T10:08:31.014659Z[0m [34mDEBUG[0m [2mhyper::client::pool[0m[2m:[0m reuse idle connection for ("http", 192.168.0.14:8545)
[2m2025-12-10T10:08:31.014678Z[0m [34mDEBUG[0m [2mhyper::proto::h1::io[0m[2m:[0m flushed 172 bytes
[2m2025-12-10T10:08:31.019641Z[0m [34mDEBUG[0m [2mhyper::proto::h1::io[0m[2m:[0m parsed 4 headers
[2m2025-12-10T10:08:31.019685Z[0m [34mDEBUG[0m [2mhyper::proto::h1::conn[0m[2m:[0m incoming body is content-length (652 bytes)
[2m2025-12-10T10:08:31.019708Z[0m [34mDEBUG[0m [2mhyper::proto::h1::conn[0m[2m:[0m incoming body completed
[2m2025-12-10T10:08:31.019718Z[0m [34mDEBUG[0m [2mhyper::client::pool[0m[2m:[0m pooling idle connection for ("http", 192.168.0.14:8545)
[2m2025-12-10T10:08:31.019726Z[0m [34mDEBUG[0m [2methereum_transaction_pool_monitor::eth_client[0m[2m:[0m 📡 Transaction fetch RPC completed in 5.207084ms
[2m2025-12-10T10:08:31.090038Z[0m [34mDEBUG[0m [2methereum_transaction_pool_monitor::eth_client[0m[2m:[0m ✅ Transaction 0x553ce145875ff0352328ff1a0529f8e0cd7f790054c036785cb24e315ca51315 fetched and parsed in 75.516167ms
[2m2025-12-10T10:08:31.090066Z[0m [34mDEBUG[0m [2methereum_transaction_pool_monitor::mempool_monitor[0m[2m:[0m 🔍 Skipping tx 0x553ce145875ff0352328ff1a0529f8e0cd7f790054c036785cb24e315ca51315 - not a DEX interaction (target: 0x711502aE168A04344E38D1c43924CB3595d8ec49)
[2m2025-12-10T10:08:31.090077Z[0m [34mDEBUG[0m [2methereum_transaction_pool_monitor::mempool_monitor[0m[2m:[0m 📨 Processing new pending transaction: 0x0319f120a5c01597feff4df23cd1faf32ff40a32be6fa599560f1c7057f59411
[2m2025-12-10T10:08:31.090083Z[0m [34mDEBUG[0m [2methereum_transaction_pool_monitor::mempool_monitor[0m[2m:[0m 🔍 Fetching transaction details for: 0x0319f120a5c01597feff4df23cd1faf32ff40a32be6fa599560f1c7057f59411
[2m2025-12-10T10:08:31.090086Z[0m [34mDEBUG[0m [2methereum_transaction_pool_monitor::eth_client[0m[2m:[0m 🔍 Fetching transaction details for hash: 0x0319f120a5c01597feff4df23cd1faf32ff40a32be6fa599560f1c7057f59411
[2m2025-12-10T10:08:31.090107Z[0m [34mDEBUG[0m [2mhyper::client::pool[0m[2m:[0m reuse idle connection for ("http", 192.168.0.14:8545)
[2m2025-12-10T10:08:31.090148Z[0m [34mDEBUG[0m [2mhyper::proto::h1::io[0m[2m:[0m flushed 250 bytes
[2m2025-12-10T10:08:31.090172Z[0m [34mDEBUG[0m [2methereum_transaction_pool_monitor::eth_client[0m[2m:[0m 📨 Received WebSocket message: {"jsonrpc":"2.0","method":"eth_subscription","params":{"subscription":"0xbed0a0851463e895960a451075a301a9","result":"0xc20b773fe22ebb3d25cf9c46a4bd99642ba2285dd4367814543751f699c5d430"}}
[2m2025-12-10T10:08:31.090175Z[0m [34mDEBUG[0m [2mhyper::proto::h1::io[0m[2m:[0m parsed 4 headers
[2m2025-12-10T10:08:31.090180Z[0m [34mDEBUG[0m [2methereum_transaction_pool_monitor::eth_client[0m[2m:[0m 📨 Received pending transaction: 0xc20b773fe22ebb3d25cf9c46a4bd99642ba2285dd4367814543751f699c5d430
[2m2025-12-10T10:08:31.090182Z[0m [34mDEBUG[0m [2mhyper::proto::h1::conn[0m[2m:[0m incoming body is content-length (45 bytes)
[2m2025-12-10T10:08:31.090187Z[0m [34mDEBUG[0m [2methereum_transaction_pool_monitor::eth_client[0m[2m:[0m 📨 Received WebSocket message: {"jsonrpc":"2.0","method":"eth_subscription","params":{"subscription":"0xbed0a0851463e895960a451075a301a9","result":"0x3c976c23559dd1da5f8db78b0038c1b18897efbde3c7e8dd0d50f2ed83a9588d"}}
[2m2025-12-10T10:08:31.090192Z[0m [34mDEBUG[0m [2mhyper::proto::h1::conn[0m[2m:[0m incoming body completed
[2m2025-12-10T10:08:31.090194Z[0m [34mDEBUG[0m [2methereum_transaction_pool_monitor::eth_client[0m[2m:[0m 📨 Received pending transaction: 0x3c976c23559dd1da5f8db78b0038c1b18897efbde3c7e8dd0d50f2ed83a9588d
[2m2025-12-10T10:08:31.090203Z[0m [34mDEBUG[0m [2mhyper::client::pool[0m[2m:[0m pooling idle connection for ("http", 192.168.0.14:8545)
[2m2025-12-10T10:08:31.090203Z[0m [34mDEBUG[0m [2methereum_transaction_pool_monitor::eth_client[0m[2m:[0m 📨 Received WebSocket message: {"jsonrpc":"2.0","method":"eth_subscription","params":{"subscription":"0xbed0a0851463e895960a451075a301a9","result":"0x1fadf21e46897224447fad9ce806497fa30ab7785ca55078a324fc008600a8d9"}}
[2m2025-12-10T10:08:31.090219Z[0m [34mDEBUG[0m [2methereum_transaction_pool_monitor::eth_client[0m[2m:[0m 📨 Received pending transaction: 0x1fadf21e46897224447fad9ce806497fa30ab7785ca55078a324fc008600a8d9
[2m2025-12-10T10:08:31.095879Z[0m [34mDEBUG[0m [2mhyper::client::pool[0m[2m:[0m reuse idle connection for ("http", 192.168.0.14:8545)
[2m2025-12-10T10:08:31.095898Z[0m [34mDEBUG[0m [2mhyper::proto::h1::io[0m[2m:[0m flushed 172 bytes
[2m2025-12-10T10:08:31.098990Z[0m [34mDEBUG[0m [2mhyper::proto::h1::io[0m[2m:[0m parsed 4 headers
[2m2025-12-10T10:08:31.099000Z[0m [34mDEBUG[0m [2mhyper::proto::h1::conn[0m[2m:[0m incoming body is content-length (45 bytes)
[2m2025-12-10T10:08:31.099007Z[0m [34mDEBUG[0m [2mhyper::proto::h1::conn[0m[2m:[0m incoming body completed
[2m2025-12-10T10:08:31.099017Z[0m [34mDEBUG[0m [2mhyper::client::pool[0m[2m:[0m pooling idle connection for ("http", 192.168.0.14:8545)
[2m2025-12-10T10:08:31.099034Z[0m [34mDEBUG[0m [2mhyper::proto::h1::io[0m[2m:[0m parsed 4 headers
[2m2025-12-10T10:08:31.099039Z[0m [34mDEBUG[0m [2mhyper::proto::h1::conn[0m[2m:[0m incoming body is content-length (910 bytes)
[2m2025-12-10T10:08:31.099043Z[0m [34mDEBUG[0m [2mhyper::proto::h1::conn[0m[2m:[0m incoming body completed
[2m2025-12-10T10:08:31.099048Z[0m [34mDEBUG[0m [2mhyper::client::pool[0m[2m:[0m pooling idle connection for ("http", 192.168.0.14:8545)
[2m2025-12-10T10:08:31.099053Z[0m [34mDEBUG[0m [2methereum_transaction_pool_monitor::eth_client[0m[2m:[0m 📡 Transaction fetch RPC completed in 8.962125ms
[2m2025-12-10T10:08:31.170793Z[0m [34mDEBUG[0m [2methereum_transaction_pool_monitor::eth_client[0m[2m:[0m ✅ Transaction 0x0319f120a5c01597feff4df23cd1faf32ff40a32be6fa599560f1c7057f59411 fetched and parsed in 80.700667ms
[2m2025-12-10T10:08:31.170824Z[0m [34mDEBUG[0m [2methereum_transaction_pool_monitor::mempool_monitor[0m[2m:[0m 🔍 Skipping tx 0x0319f120a5c01597feff4df23cd1faf32ff40a32be6fa599560f1c7057f59411 - not a DEX interaction (target: 0x111111125421cA6dc452d289314280a0f8842A65)
[2m2025-12-10T10:08:31.170836Z[0m [34mDEBUG[0m [2methereum_transaction_pool_monitor::mempool_monitor[0m[2m:[0m 📨 Processing new pending transaction: 0x5e3e9f7f25bd6960bfe9672c81ef7301fdd24fa30719405276a6349b168aa936
[2m2025-12-10T10:08:31.170845Z[0m [34mDEBUG[0m [2methereum_transaction_pool_monitor::mempool_monitor[0m[2m:[0m 🔍 Fetching transaction details for: 0x5e3e9f7f25bd6960bfe9672c81ef7301fdd24fa30719405276a6349b168aa936
[2m2025-12-10T10:08:31.170850Z[0m [34mDEBUG[0m [2methereum_transaction_pool_monitor::eth_client[0m[2m:[0m 🔍 Fetching transaction details for hash: 0x5e3e9f7f25bd6960bfe9672c81ef7301fdd24fa30719405276a6349b168aa936
[2m2025-12-10T10:08:31.170870Z[0m [34mDEBUG[0m [2mhyper::client::pool[0m[2m:[0m reuse idle connection for ("http", 192.168.0.14:8545)
[2m2025-12-10T10:08:31.170914Z[0m [34mDEBUG[0m [2mhyper::proto::h1::io[0m[2m:[0m flushed 250 bytes
[2m2025-12-10T10:08:31.181441Z[0m [34mDEBUG[0m [2mhyper::proto::h1::io[0m[2m:[0m parsed 4 headers
[2m2025-12-10T10:08:31.181485Z[0m [34mDEBUG[0m [2mhyper::proto::h1::conn[0m[2m:[0m incoming body is content-length (832 bytes)
[2m2025-12-10T10:08:31.181493Z[0m [34mDEBUG[0m [2mhyper::proto::h1::conn[0m[2m:[0m incoming body completed
[2m2025-12-10T10:08:31.181505Z[0m [34mDEBUG[0m [2mhyper::client::pool[0m[2m:[0m pooling idle connection for ("http", 192.168.0.14:8545)
[2m2025-12-10T10:08:31.181513Z[0m [34mDEBUG[0m [2methereum_transaction_pool_monitor::eth_client[0m[2m:[0m 📡 Transaction fetch RPC completed in 10.658167ms
[2m2025-12-10T10:08:31.253533Z[0m [34mDEBUG[0m [2methereum_transaction_pool_monitor::eth_client[0m[2m:[0m ✅ Transaction 0x5e3e9f7f25bd6960bfe9672c81ef7301fdd24fa30719405276a6349b168aa936 fetched and parsed in 82.674625ms
[2m2025-12-10T10:08:31.253554Z[0m [34mDEBUG[0m [2methereum_transaction_pool_monitor::mempool_monitor[0m[2m:[0m 🔍 Skipping tx 0x5e3e9f7f25bd6960bfe9672c81ef7301fdd24fa30719405276a6349b168aa936 - not a DEX interaction (target: 0x3B4D794a66304F130a4Db8F2551B0070dfCf5ca7)
[2m2025-12-10T10:08:31.253564Z[0m [34mDEBUG[0m [2methereum_transaction_pool_monitor::mempool_monitor[0m[2m:[0m 📨 Processing new pending transaction: 0xbaee33b773af43f4f5e095def017e5e9d9be1f4058fde66054bb4c49c59565b0
[2m2025-12-10T10:08:31.253568Z[0m [34mDEBUG[0m [2methereum_transaction_pool_monitor::mempool_monitor[0m[2m:[0m 🔍 Fetching transaction details for: 0xbaee33b773af43f4f5e095def017e5e9d9be1f4058fde66054bb4c49c59565b0
[2m2025-12-10T10:08:31.253572Z[0m [34mDEBUG[0m [2methereum_transaction_pool_monitor::eth_client[0m[2m:[0m 🔍 Fetching transaction details for hash: 0xbaee33b773af43f4f5e095def017e5e9d9be1f4058fde66054bb4c49c59565b0
[2m2025-12-10T10:08:31.253590Z[0m [34mDEBUG[0m [2mhyper::client::pool[0m[2m:[0m reuse idle connection for ("http", 192.168.0.14:8545)
[2m2025-12-10T10:08:31.253615Z[0m [34mDEBUG[0m [2mhyper::proto::h1::io[0m[2m:[0m flushed 250 bytes
[2m2025-12-10T10:08:31.253642Z[0m [34mDEBUG[0m [2mhyper::client::pool[0m[2m:[0m reuse idle connection for ("http", 192.168.0.14:8545)
[2m2025-12-10T10:08:31.253654Z[0m [34mDEBUG[0m [2mhyper::proto::h1::io[0m[2m:[0m flushed 172 bytes
[2m2025-12-10T10:08:31.258783Z[0m [34mDEBUG[0m [2mhyper::proto::h1::io[0m[2m:[0m parsed 4 headers
[2m2025-12-10T10:08:31.258794Z[0m [34mDEBUG[0m [2mhyper::proto::h1::conn[0m[2m:[0m incoming body is content-length (45 bytes)
[2m2025-12-10T10:08:31.258802Z[0m [34mDEBUG[0m [2mhyper::proto::h1::conn[0m[2m:[0m incoming body completed
[2m2025-12-10T10:08:31.258811Z[0m [34mDEBUG[0m [2mhyper::client::pool[0m[2m:[0m pooling idle connection for ("http", 192.168.0.14:8545)
[2m2025-12-10T10:08:31.261986Z[0m [34mDEBUG[0m [2mhyper::proto::h1::io[0m[2m:[0m parsed 4 headers
[2m2025-12-10T10:08:31.261997Z[0m [34mDEBUG[0m [2mhyper::proto::h1::conn[0m[2m:[0m incoming body is content-length (676 bytes)
[2m2025-12-10T10:08:31.262003Z[0m [34mDEBUG[0m [2mhyper::proto::h1::conn[0m[2m:[0m incoming body completed
[2m2025-12-10T10:08:31.262010Z[0m [34mDEBUG[0m [2mhyper::client::pool[0m[2m:[0m pooling idle connection for ("http", 192.168.0.14:8545)
[2m2025-12-10T10:08:31.262015Z[0m [34mDEBUG[0m [2methereum_transaction_pool_monitor::eth_client[0m[2m:[0m 📡 Transaction fetch RPC completed in 8.439625ms
[2m2025-12-10T10:08:31.333188Z[0m [34mDEBUG[0m [2methereum_transaction_pool_monitor::eth_client[0m[2m:[0m ✅ Transaction 0xbaee33b773af43f4f5e095def017e5e9d9be1f4058fde66054bb4c49c59565b0 fetched and parsed in 79.61025ms
[2m2025-12-10T10:08:31.333210Z[0m [34mDEBUG[0m [2methereum_transaction_pool_monitor::mempool_monitor[0m[2m:[0m 🔍 Skipping tx 0xbaee33b773af43f4f5e095def017e5e9d9be1f4058fde66054bb4c49c59565b0 - not a DEX interaction (target: 0xA0b86991c6218b36c1d19D4a2e9Eb0cE3606eB48)
[2m2025-12-10T10:08:31.333220Z[0m [34mDEBUG[0m [2methereum_transaction_pool_monitor::mempool_monitor[0m[2m:[0m 📨 Processing new pending transaction: 0x932a5aa4c8fe15083514a856b6a4c94f5c01ea992cae279bfefe31bcbe4919ed
[2m2025-12-10T10:08:31.333226Z[0m [34mDEBUG[0m [2methereum_transaction_pool_monitor::mempool_monitor[0m[2m:[0m 🔍 Fetching transaction details for: 0x932a5aa4c8fe15083514a856b6a4c94f5c01ea992cae279bfefe31bcbe4919ed
[2m2025-12-10T10:08:31.333230Z[0m [34mDEBUG[0m [2methereum_transaction_pool_monitor::eth_client[0m[2m:[0m 🔍 Fetching transaction details for hash: 0x932a5aa4c8fe15083514a856b6a4c94f5c01ea992cae279bfefe31bcbe4919ed
[2m2025-12-10T10:08:31.333250Z[0m [34mDEBUG[0m [2mhyper::client::pool[0m[2m:[0m reuse idle connection for ("http", 192.168.0.14:8545)
[2m2025-12-10T10:08:31.333297Z[0m [34mDEBUG[0m [2mhyper::proto::h1::io[0m[2m:[0m flushed 250 bytes
[2m2025-12-10T10:08:31.333326Z[0m [34mDEBUG[0m [2mhyper::client::pool[0m[2m:[0m reuse idle connection for ("http", 192.168.0.14:8545)
[2m2025-12-10T10:08:31.333340Z[0m [34mDEBUG[0m [2mhyper::proto::h1::io[0m[2m:[0m flushed 172 bytes
[2m2025-12-10T10:08:31.336815Z[0m [34mDEBUG[0m [2mhyper::proto::h1::io[0m[2m:[0m parsed 4 headers
[2m2025-12-10T10:08:31.336823Z[0m [34mDEBUG[0m [2mhyper::proto::h1::conn[0m[2m:[0m incoming body is content-length (45 bytes)
[2m2025-12-10T10:08:31.336833Z[0m [34mDEBUG[0m [2mhyper::proto::h1::conn[0m[2m:[0m incoming body completed
[2m2025-12-10T10:08:31.336842Z[0m [34mDEBUG[0m [2mhyper::client::pool[0m[2m:[0m pooling idle connection for ("http", 192.168.0.14:8545)
[2m2025-12-10T10:08:31.337682Z[0m [34mDEBUG[0m [2mhyper::proto::h1::io[0m[2m:[0m parsed 4 headers
[2m2025-12-10T10:08:31.337689Z[0m [34mDEBUG[0m [2mhyper::proto::h1::conn[0m[2m:[0m incoming body is content-length (832 bytes)
[2m2025-12-10T10:08:31.337696Z[0m [34mDEBUG[0m [2mhyper::proto::h1::conn[0m[2m:[0m incoming body completed
[2m2025-12-10T10:08:31.337703Z[0m [34mDEBUG[0m [2mhyper::client::pool[0m[2m:[0m pooling idle connection for ("http", 192.168.0.14:8545)
[2m2025-12-10T10:08:31.337709Z[0m [34mDEBUG[0m [2methereum_transaction_pool_monitor::eth_client[0m[2m:[0m 📡 Transaction fetch RPC completed in 4.474916ms
[2m2025-12-10T10:08:31.409503Z[0m [34mDEBUG[0m [2methereum_transaction_pool_monitor::eth_client[0m[2m:[0m ✅ Transaction 0x932a5aa4c8fe15083514a856b6a4c94f5c01ea992cae279bfefe31bcbe4919ed fetched and parsed in 76.266375ms
[2m2025-12-10T10:08:31.409536Z[0m [34mDEBUG[0m [2methereum_transaction_pool_monitor::mempool_monitor[0m[2m:[0m 🔍 Skipping tx 0x932a5aa4c8fe15083514a856b6a4c94f5c01ea992cae279bfefe31bcbe4919ed - not a DEX interaction (target: 0x3B4D794a66304F130a4Db8F2551B0070dfCf5ca7)
[2m2025-12-10T10:08:31.409552Z[0m [34mDEBUG[0m [2methereum_transaction_pool_monitor::mempool_monitor[0m[2m:[0m 📨 Processing new pending transaction: 0x7fc55f70ecbb468b1063dcbbca8061df56bbebdb2db8949b466a2a844bff0eb8
[2m2025-12-10T10:08:31.409559Z[0m [34mDEBUG[0m [2methereum_transaction_pool_monitor::mempool_monitor[0m[2m:[0m 🔍 Fetching transaction details for: 0x7fc55f70ecbb468b1063dcbbca8061df56bbebdb2db8949b466a2a844bff0eb8
[2m2025-12-10T10:08:31.409567Z[0m [34mDEBUG[0m [2methereum_transaction_pool_monitor::eth_client[0m[2m:[0m 🔍 Fetching transaction details for hash: 0x7fc55f70ecbb468b1063dcbbca8061df56bbebdb2db8949b466a2a844bff0eb8
[2m2025-12-10T10:08:31.409589Z[0m [34mDEBUG[0m [2mhyper::client::pool[0m[2m:[0m reuse idle connection for ("http", 192.168.0.14:8545)
[2m2025-12-10T10:08:31.409624Z[0m [34mDEBUG[0m [2mhyper::proto::h1::io[0m[2m:[0m flushed 250 bytes
[2m2025-12-10T10:08:31.409643Z[0m [34mDEBUG[0m [2mhyper::client::pool[0m[2m:[0m reuse idle connection for ("http", 192.168.0.14:8545)
[2m2025-12-10T10:08:31.409661Z[0m [34mDEBUG[0m [2mhyper::proto::h1::io[0m[2m:[0m flushed 172 bytes
[2m2025-12-10T10:08:31.409662Z[0m [34mDEBUG[0m [2methereum_transaction_pool_monitor::eth_client[0m[2m:[0m 📨 Received WebSocket message: {"jsonrpc":"2.0","method":"eth_subscription","params":{"subscription":"0xbed0a0851463e895960a451075a301a9","result":"0x235e6f562b7ce07d0b3189813d55e6314ee968f1c5aaaae03d1994a4d9eb56d8"}}
[2m2025-12-10T10:08:31.409675Z[0m [34mDEBUG[0m [2methereum_transaction_pool_monitor::eth_client[0m[2m:[0m 📨 Received pending transaction: 0x235e6f562b7ce07d0b3189813d55e6314ee968f1c5aaaae03d1994a4d9eb56d8
[2m2025-12-10T10:08:31.409682Z[0m [34mDEBUG[0m [2methereum_transaction_pool_monitor::eth_client[0m[2m:[0m 📨 Received WebSocket message: {"jsonrpc":"2.0","method":"eth_subscription","params":{"subscription":"0xbed0a0851463e895960a451075a301a9","result":"0x6e41848b3d23ca4865e43abd5b0daecd42dde12121a771ec3632b6d1b32a5236"}}
[2m2025-12-10T10:08:31.409687Z[0m [34mDEBUG[0m [2methereum_transaction_pool_monitor::eth_client[0m[2m:[0m 📨 Received pending transaction: 0x6e41848b3d23ca4865e43abd5b0daecd42dde12121a771ec3632b6d1b32a5236
[2m2025-12-10T10:08:31.415036Z[0m [34mDEBUG[0m [2mhyper::proto::h1::io[0m[2m:[0m parsed 4 headers
[2m2025-12-10T10:08:31.415051Z[0m [34mDEBUG[0m [2mhyper::proto::h1::conn[0m[2m:[0m incoming body is content-length (45 bytes)
[2m2025-12-10T10:08:31.415059Z[0m [34mDEBUG[0m [2mhyper::proto::h1::conn[0m[2m:[0m incoming body completed
[2m2025-12-10T10:08:31.415068Z[0m [34mDEBUG[0m [2mhyper::client::pool[0m[2m:[0m pooling idle connection for ("http", 192.168.0.14:8545)
[2m2025-12-10T10:08:31.421552Z[0m [34mDEBUG[0m [2mhyper::proto::h1::io[0m[2m:[0m parsed 4 headers
[2m2025-12-10T10:08:31.421589Z[0m [34mDEBUG[0m [2mhyper::proto::h1::conn[0m[2m:[0m incoming body is content-length (1731 bytes)
[2m2025-12-10T10:08:31.421601Z[0m [34mDEBUG[0m [2mhyper::proto::h1::conn[0m[2m:[0m incoming body completed
[2m2025-12-10T10:08:31.421621Z[0m [34mDEBUG[0m [2mhyper::client::pool[0m[2m:[0m pooling idle connection for ("http", 192.168.0.14:8545)
[2m2025-12-10T10:08:31.421633Z[0m [34mDEBUG[0m [2methereum_transaction_pool_monitor::eth_client[0m[2m:[0m 📡 Transaction fetch RPC completed in 12.061375ms
[2m2025-12-10T10:08:31.493113Z[0m [34mDEBUG[0m [2methereum_transaction_pool_monitor::eth_client[0m[2m:[0m ✅ Transaction 0x7fc55f70ecbb468b1063dcbbca8061df56bbebdb2db8949b466a2a844bff0eb8 fetched and parsed in 83.537625ms
[2m2025-12-10T10:08:31.493142Z[0m [34mDEBUG[0m [2methereum_transaction_pool_monitor::mempool_monitor[0m[2m:[0m 🔍 Skipping tx 0x7fc55f70ecbb468b1063dcbbca8061df56bbebdb2db8949b466a2a844bff0eb8 - not a DEX interaction (target: 0x601a2aD6CB5949f0529735254189Ba3194221EDF)
[2m2025-12-10T10:08:31.493151Z[0m [34mDEBUG[0m [2methereum_transaction_pool_monitor::mempool_monitor[0m[2m:[0m 📨 Processing new pending transaction: 0x0c58608d6173cf8e12b09e169001c88933eec5fde6ef85b8b4267cb4dbe949fb
[2m2025-12-10T10:08:31.493156Z[0m [34mDEBUG[0m [2methereum_transaction_pool_monitor::mempool_monitor[0m[2m:[0m 🔍 Fetching transaction details for: 0x0c58608d6173cf8e12b09e169001c88933eec5fde6ef85b8b4267cb4dbe949fb
[2m2025-12-10T10:08:31.493160Z[0m [34mDEBUG[0m [2methereum_transaction_pool_monitor::eth_client[0m[2m:[0m 🔍 Fetching transaction details for hash: 0x0c58608d6173cf8e12b09e169001c88933eec5fde6ef85b8b4267cb4dbe949fb
[2m2025-12-10T10:08:31.493177Z[0m [34mDEBUG[0m [2mhyper::client::pool[0m[2m:[0m reuse idle connection for ("http", 192.168.0.14:8545)
[2m2025-12-10T10:08:31.493229Z[0m [34mDEBUG[0m [2mhyper::proto::h1::io[0m[2m:[0m flushed 250 bytes
[2m2025-12-10T10:08:31.495534Z[0m [34mDEBUG[0m [2mhyper::client::pool[0m[2m:[0m reuse idle connection for ("http", 192.168.0.14:8545)
[2m2025-12-10T10:08:31.495560Z[0m [34mDEBUG[0m [2mhyper::proto::h1::io[0m[2m:[0m flushed 172 bytes
[2m2025-12-10T10:08:31.498452Z[0m [34mDEBUG[0m [2mhyper::proto::h1::io[0m[2m:[0m parsed 4 headers
[2m2025-12-10T10:08:31.498460Z[0m [34mDEBUG[0m [2mhyper::proto::h1::conn[0m[2m:[0m incoming body is content-length (552 bytes)
[2m2025-12-10T10:08:31.498468Z[0m [34mDEBUG[0m [2mhyper::proto::h1::conn[0m[2m:[0m incoming body completed
[2m2025-12-10T10:08:31.498475Z[0m [34mDEBUG[0m [2mhyper::client::pool[0m[2m:[0m pooling idle connection for ("http", 192.168.0.14:8545)
[2m2025-12-10T10:08:31.498481Z[0m [34mDEBUG[0m [2methereum_transaction_pool_monitor::eth_client[0m[2m:[0m 📡 Transaction fetch RPC completed in 5.317792ms
[2m2025-12-10T10:08:31.567753Z[0m [34mDEBUG[0m [2methereum_transaction_pool_monitor::eth_client[0m[2m:[0m ✅ Transaction 0x0c58608d6173cf8e12b09e169001c88933eec5fde6ef85b8b4267cb4dbe949fb fetched and parsed in 74.586125ms
[2m2025-12-10T10:08:31.567780Z[0m [34mDEBUG[0m [2methereum_transaction_pool_monitor::mempool_monitor[0m[2m:[0m 🔍 Skipping tx 0x0c58608d6173cf8e12b09e169001c88933eec5fde6ef85b8b4267cb4dbe949fb - not a DEX interaction (target: 0x22a8BeE8481284176a6F197cBF9D0605bc9481c6)
[2m2025-12-10T10:08:31.567789Z[0m [34mDEBUG[0m [2methereum_transaction_pool_monitor::mempool_monitor[0m[2m:[0m 📨 Processing new pending transaction: 0x38d0523fdb7b135e86ab01c62e423fba041c974be9a7a3930ed0749f6a93b54f
[2m2025-12-10T10:08:31.567793Z[0m [34mDEBUG[0m [2methereum_transaction_pool_monitor::mempool_monitor[0m[2m:[0m 🔍 Fetching transaction details for: 0x38d0523fdb7b135e86ab01c62e423fba041c974be9a7a3930ed0749f6a93b54f
[2m2025-12-10T10:08:31.567797Z[0m [34mDEBUG[0m [2methereum_transaction_pool_monitor::eth_client[0m[2m:[0m 🔍 Fetching transaction details for hash: 0x38d0523fdb7b135e86ab01c62e423fba041c974be9a7a3930ed0749f6a93b54f
[2m2025-12-10T10:08:31.567814Z[0m [34mDEBUG[0m [2mhyper::client::pool[0m[2m:[0m reuse idle connection for ("http", 192.168.0.14:8545)
[2m2025-12-10T10:08:31.567861Z[0m [34mDEBUG[0m [2mhyper::proto::h1::io[0m[2m:[0m flushed 250 bytes
[2m2025-12-10T10:08:31.567884Z[0m [34mDEBUG[0m [2methereum_transaction_pool_monitor::eth_client[0m[2m:[0m 📨 Received WebSocket message: {"jsonrpc":"2.0","method":"eth_subscription","params":{"subscription":"0xbed0a0851463e895960a451075a301a9","result":"0xea2e20de7afaaf8b02d6aa1e97ad49f6e5a96cd2a58f016a5ed4436ff0ea55db"}}
[2m2025-12-10T10:08:31.567885Z[0m [34mDEBUG[0m [2mhyper::proto::h1::io[0m[2m:[0m parsed 4 headers
[2m2025-12-10T10:08:31.567891Z[0m [34mDEBUG[0m [2methereum_transaction_pool_monitor::eth_client[0m[2m:[0m 📨 Received pending transaction: 0xea2e20de7afaaf8b02d6aa1e97ad49f6e5a96cd2a58f016a5ed4436ff0ea55db
[2m2025-12-10T10:08:31.567896Z[0m [34mDEBUG[0m [2mhyper::proto::h1::conn[0m[2m:[0m incoming body is content-length (45 bytes)
[2m2025-12-10T10:08:31.567908Z[0m [34mDEBUG[0m [2mhyper::proto::h1::conn[0m[2m:[0m incoming body completed
[2m2025-12-10T10:08:31.567917Z[0m [34mDEBUG[0m [2mhyper::client::pool[0m[2m:[0m pooling idle connection for ("http", 192.168.0.14:8545)
[2m2025-12-10T10:08:31.575042Z[0m [34mDEBUG[0m [2mhyper::proto::h1::io[0m[2m:[0m parsed 4 headers
[2m2025-12-10T10:08:31.575059Z[0m [34mDEBUG[0m [2mhyper::proto::h1::conn[0m[2m:[0m incoming body is content-length (677 bytes)
[2m2025-12-10T10:08:31.575067Z[0m [34mDEBUG[0m [2mhyper::proto::h1::conn[0m[2m:[0m incoming body completed
[2m2025-12-10T10:08:31.575076Z[0m [34mDEBUG[0m [2mhyper::client::pool[0m[2m:[0m pooling idle connection for ("http", 192.168.0.14:8545)
[2m2025-12-10T10:08:31.575083Z[0m [34mDEBUG[0m [2methereum_transaction_pool_monitor::eth_client[0m[2m:[0m 📡 Transaction fetch RPC completed in 7.2825ms
[2m2025-12-10T10:08:31.575097Z[0m [34mDEBUG[0m [2methereum_transaction_pool_monitor::eth_client[0m[2m:[0m DeFi transaction detected - Address: 0xdac17f958d2ee523a2206206994597c13d831ec7, Type: Stablecoin, Value: 0 ETH, Gas: 6.20 Gwei
[2m2025-12-10T10:08:31.575109Z[0m [34mDEBUG[0m [2methereum_transaction_pool_monitor::eth_client[0m[2m:[0m ✅ Transaction 0x38d0523fdb7b135e86ab01c62e423fba041c974be9a7a3930ed0749f6a93b54f fetched and parsed in 7.308167ms
[2m2025-12-10T10:08:31.575115Z[0m [34mDEBUG[0m [2methereum_transaction_pool_monitor::mempool_monitor[0m[2m:[0m 🔍 Skipping tx 0x38d0523fdb7b135e86ab01c62e423fba041c974be9a7a3930ed0749f6a93b54f - not a DEX interaction (target: 0xdAC17F958D2ee523a2206206994597C13D831ec7)
[2m2025-12-10T10:08:31.575123Z[0m [34mDEBUG[0m [2methereum_transaction_pool_monitor::mempool_monitor[0m[2m:[0m 📨 Processing new pending transaction: 0xc20b773fe22ebb3d25cf9c46a4bd99642ba2285dd4367814543751f699c5d430
[2m2025-12-10T10:08:31.575127Z[0m [34mDEBUG[0m [2methereum_transaction_pool_monitor::mempool_monitor[0m[2m:[0m 🔍 Fetching transaction details for: 0xc20b773fe22ebb3d25cf9c46a4bd99642ba2285dd4367814543751f699c5d430
[2m2025-12-10T10:08:31.575130Z[0m [34mDEBUG[0m [2methereum_transaction_pool_monitor::eth_client[0m[2m:[0m 🔍 Fetching transaction details for hash: 0xc20b773fe22ebb3d25cf9c46a4bd99642ba2285dd4367814543751f699c5d430
[2m2025-12-10T10:08:31.575144Z[0m [34mDEBUG[0m [2mhyper::client::pool[0m[2m:[0m reuse idle connection for ("http", 192.168.0.14:8545)
[2m2025-12-10T10:08:31.575175Z[0m [34mDEBUG[0m [2mhyper::proto::h1::io[0m[2m:[0m flushed 250 bytes
[2m2025-12-10T10:08:31.577201Z[0m [34mDEBUG[0m [2methereum_transaction_pool_monitor::eth_client[0m[2m:[0m 📨 Received WebSocket message: {"jsonrpc":"2.0","method":"eth_subscription","params":{"subscription":"0xbed0a0851463e895960a451075a301a9","result":"0xeb9f76f0118ad5b1bafdb0aa38f02404e53b2eee51d043c0a0f18d5e4fb02e4b"}}
[2m2025-12-10T10:08:31.577215Z[0m [34mDEBUG[0m [2methereum_transaction_pool_monitor::eth_client[0m[2m:[0m 📨 Received pending transaction: 0xeb9f76f0118ad5b1bafdb0aa38f02404e53b2eee51d043c0a0f18d5e4fb02e4b
[2m2025-12-10T10:08:31.581505Z[0m [34mDEBUG[0m [2mhyper::proto::h1::io[0m[2m:[0m parsed 4 headers
[2m2025-12-10T10:08:31.581520Z[0m [34mDEBUG[0m [2mhyper::proto::h1::conn[0m[2m:[0m incoming body is content-length (677 bytes)
[2m2025-12-10T10:08:31.581528Z[0m [34mDEBUG[0m [2mhyper::proto::h1::conn[0m[2m:[0m incoming body completed
[2m2025-12-10T10:08:31.581537Z[0m [34mDEBUG[0m [2mhyper::client::pool[0m[2m:[0m pooling idle connection for ("http", 192.168.0.14:8545)
[2m2025-12-10T10:08:31.581544Z[0m [34mDEBUG[0m [2methereum_transaction_pool_monitor::eth_client[0m[2m:[0m 📡 Transaction fetch RPC completed in 6.4095ms
[2m2025-12-10T10:08:31.581557Z[0m [34mDEBUG[0m [2methereum_transaction_pool_monitor::eth_client[0m[2m:[0m DeFi transaction detected - Address: 0xdac17f958d2ee523a2206206994597c13d831ec7, Type: Stablecoin, Value: 0 ETH, Gas: 6.20 Gwei
[2m2025-12-10T10:08:31.581568Z[0m [34mDEBUG[0m [2methereum_transaction_pool_monitor::eth_client[0m[2m:[0m ✅ Transaction 0xc20b773fe22ebb3d25cf9c46a4bd99642ba2285dd4367814543751f699c5d430 fetched and parsed in 6.433875ms
[2m2025-12-10T10:08:31.581573Z[0m [34mDEBUG[0m [2methereum_transaction_pool_monitor::mempool_monitor[0m[2m:[0m 🔍 Skipping tx 0xc20b773fe22ebb3d25cf9c46a4bd99642ba2285dd4367814543751f699c5d430 - not a DEX interaction (target: 0xdAC17F958D2ee523a2206206994597C13D831ec7)
[2m2025-12-10T10:08:31.581581Z[0m [34mDEBUG[0m [2methereum_transaction_pool_monitor::mempool_monitor[0m[2m:[0m 📨 Processing new pending transaction: 0x3c976c23559dd1da5f8db78b0038c1b18897efbde3c7e8dd0d50f2ed83a9588d
[2m2025-12-10T10:08:31.581585Z[0m [34mDEBUG[0m [2methereum_transaction_pool_monitor::mempool_monitor[0m[2m:[0m 🔍 Fetching transaction details for: 0x3c976c23559dd1da5f8db78b0038c1b18897efbde3c7e8dd0d50f2ed83a9588d
[2m2025-12-10T10:08:31.581588Z[0m [34mDEBUG[0m [2methereum_transaction_pool_monitor::eth_client[0m[2m:[0m 🔍 Fetching transaction details for hash: 0x3c976c23559dd1da5f8db78b0038c1b18897efbde3c7e8dd0d50f2ed83a9588d
[2m2025-12-10T10:08:31.581605Z[0m [34mDEBUG[0m [2mhyper::client::pool[0m[2m:[0m reuse idle connection for ("http", 192.168.0.14:8545)
[2m2025-12-10T10:08:31.581633Z[0m [34mDEBUG[0m [2mhyper::proto::h1::io[0m[2m:[0m flushed 250 bytes
[2m2025-12-10T10:08:31.595124Z[0m [34mDEBUG[0m [2methereum_transaction_pool_monitor::eth_client[0m[2m:[0m 📨 Received WebSocket message: {"jsonrpc":"2.0","method":"eth_subscription","params":{"subscription":"0xbed0a0851463e895960a451075a301a9","result":"0x435a61fc7995f364cd0bf9214bf5d48ac3e6371d7df80bf703cc8900ae999fbd"}}
[2m2025-12-10T10:08:31.595142Z[0m [34mDEBUG[0m [2methereum_transaction_pool_monitor::eth_client[0m[2m:[0m 📨 Received pending transaction: 0x435a61fc7995f364cd0bf9214bf5d48ac3e6371d7df80bf703cc8900ae999fbd
[2m2025-12-10T10:08:31.596297Z[0m [34mDEBUG[0m [2mhyper::client::pool[0m[2m:[0m reuse idle connection for ("http", 192.168.0.14:8545)
[2m2025-12-10T10:08:31.596330Z[0m [34mDEBUG[0m [2mhyper::proto::h1::io[0m[2m:[0m flushed 172 bytes
[2m2025-12-10T10:08:31.597588Z[0m [34mDEBUG[0m [2mhyper::proto::h1::io[0m[2m:[0m parsed 4 headers
[2m2025-12-10T10:08:31.597597Z[0m [34mDEBUG[0m [2mhyper::proto::h1::conn[0m[2m:[0m incoming body is content-length (5519 bytes)
[2m2025-12-10T10:08:31.597607Z[0m [34mDEBUG[0m [2mhyper::proto::h1::conn[0m[2m:[0m incoming body completed
[2m2025-12-10T10:08:31.597618Z[0m [34mDEBUG[0m [2mhyper::client::pool[0m[2m:[0m pooling idle connection for ("http", 192.168.0.14:8545)
[2m2025-12-10T10:08:31.597626Z[0m [34mDEBUG[0m [2methereum_transaction_pool_monitor::eth_client[0m[2m:[0m 📡 Transaction fetch RPC completed in 16.034375ms
[2m2025-12-10T10:08:31.669326Z[0m [34mDEBUG[0m [2methereum_transaction_pool_monitor::eth_client[0m[2m:[0m ✅ Transaction 0x3c976c23559dd1da5f8db78b0038c1b18897efbde3c7e8dd0d50f2ed83a9588d fetched and parsed in 87.732334ms
[2m2025-12-10T10:08:31.669355Z[0m [34mDEBUG[0m [2methereum_transaction_pool_monitor::mempool_monitor[0m[2m:[0m 🔍 Skipping tx 0x3c976c23559dd1da5f8db78b0038c1b18897efbde3c7e8dd0d50f2ed83a9588d - not a DEX interaction (target: 0x663DC15D3C1aC63ff12E45Ab68FeA3F0a883C251)
[2m2025-12-10T10:08:31.669372Z[0m [34mDEBUG[0m [2methereum_transaction_pool_monitor::mempool_monitor[0m[2m:[0m 📨 Processing new pending transaction: 0x1fadf21e46897224447fad9ce806497fa30ab7785ca55078a324fc008600a8d9
[2m2025-12-10T10:08:31.669377Z[0m [34mDEBUG[0m [2methereum_transaction_pool_monitor::mempool_monitor[0m[2m:[0m 🔍 Fetching transaction details for: 0x1fadf21e46897224447fad9ce806497fa30ab7785ca55078a324fc008600a8d9
[2m2025-12-10T10:08:31.669383Z[0m [34mDEBUG[0m [2methereum_transaction_pool_monitor::eth_client[0m[2m:[0m 🔍 Fetching transaction details for hash: 0x1fadf21e46897224447fad9ce806497fa30ab7785ca55078a324fc008600a8d9
[2m2025-12-10T10:08:31.669402Z[0m [34mDEBUG[0m [2mhyper::client::pool[0m[2m:[0m reuse idle connection for ("http", 192.168.0.14:8545)
[2m2025-12-10T10:08:31.669454Z[0m [34mDEBUG[0m [2mhyper::proto::h1::io[0m[2m:[0m flushed 250 bytes
[2m2025-12-10T10:08:31.669484Z[0m [34mDEBUG[0m [2methereum_transaction_pool_monitor::eth_client[0m[2m:[0m 📨 Received WebSocket message: {"jsonrpc":"2.0","method":"eth_subscription","params":{"subscription":"0xbed0a0851463e895960a451075a301a9","result":"0x5d00a990ff1bb0ec07535f8b31928017553c97c1f8d06289a1580168b2f087a0"}}
[2m2025-12-10T10:08:31.669494Z[0m [34mDEBUG[0m [2methereum_transaction_pool_monitor::eth_client[0m[2m:[0m 📨 Received pending transaction: 0x5d00a990ff1bb0ec07535f8b31928017553c97c1f8d06289a1580168b2f087a0
[2m2025-12-10T10:08:31.669500Z[0m [34mDEBUG[0m [2methereum_transaction_pool_monitor::eth_client[0m[2m:[0m 📨 Received WebSocket message: {"jsonrpc":"2.0","method":"eth_subscription","params":{"subscription":"0xbed0a0851463e895960a451075a301a9","result":"0xc36828ff361a1a2117d72d8e58ab0f4d72f0a7af3e07de4d15d94cbc7414be2c"}}
[2m2025-12-10T10:08:31.669506Z[0m [34mDEBUG[0m [2methereum_transaction_pool_monitor::eth_client[0m[2m:[0m 📨 Received pending transaction: 0xc36828ff361a1a2117d72d8e58ab0f4d72f0a7af3e07de4d15d94cbc7414be2c
[2m2025-12-10T10:08:31.669511Z[0m [34mDEBUG[0m [2methereum_transaction_pool_monitor::eth_client[0m[2m:[0m 📨 Received WebSocket message: {"jsonrpc":"2.0","method":"eth_subscription","params":{"subscription":"0xbed0a0851463e895960a451075a301a9","result":"0x85fb2b903dbf6d08ef2866284e71e0b149b7e9cca071a24b003a61187f82ba54"}}
[2m2025-12-10T10:08:31.669517Z[0m [34mDEBUG[0m [2methereum_transaction_pool_monitor::eth_client[0m[2m:[0m 📨 Received pending transaction: 0x85fb2b903dbf6d08ef2866284e71e0b149b7e9cca071a24b003a61187f82ba54
[2m2025-12-10T10:08:31.669522Z[0m [34mDEBUG[0m [2methereum_transaction_pool_monitor::eth_client[0m[2m:[0m 📨 Received WebSocket message: {"jsonrpc":"2.0","method":"eth_subscription","params":{"subscription":"0xbed0a0851463e895960a451075a301a9","result":"0x0d6142e7a329378dd5db24e3fb858188739a1b32dc2ac5c44ebfcf2d8d5d5f79"}}
[2m2025-12-10T10:08:31.669527Z[0m [34mDEBUG[0m [2methereum_transaction_pool_monitor::eth_client[0m[2m:[0m 📨 Received pending transaction: 0x0d6142e7a329378dd5db24e3fb858188739a1b32dc2ac5c44ebfcf2d8d5d5f79
[2m2025-12-10T10:08:31.669532Z[0m [34mDEBUG[0m [2methereum_transaction_pool_monitor::eth_client[0m[2m:[0m 📨 Received WebSocket message: {"jsonrpc":"2.0","method":"eth_subscription","params":{"subscription":"0xbed0a0851463e895960a451075a301a9","result":"0x8ff8a95e5014edf12e867e76995a593c8cff6c0f636c7e9d6189d159665f3fc5"}}
[2m2025-12-10T10:08:31.669536Z[0m [34mDEBUG[0m [2methereum_transaction_pool_monitor::eth_client[0m[2m:[0m 📨 Received pending transaction: 0x8ff8a95e5014edf12e867e76995a593c8cff6c0f636c7e9d6189d159665f3fc5
[2m2025-12-10T10:08:31.669534Z[0m [34mDEBUG[0m [2mhyper::proto::h1::io[0m[2m:[0m parsed 4 headers
[2m2025-12-10T10:08:31.669543Z[0m [34mDEBUG[0m [2methereum_transaction_pool_monitor::eth_client[0m[2m:[0m 📨 Received WebSocket message: {"jsonrpc":"2.0","method":"eth_subscription","params":{"subscription":"0xbed0a0851463e895960a451075a301a9","result":"0x5e7e6085b3174725f0a6885d9150af85b7f3f98b0e23fd8ea0bc133e2ca1eed3"}}
[2m2025-12-10T10:08:31.669574Z[0m [34mDEBUG[0m [2mhyper::proto::h1::conn[0m[2m:[0m incoming body is content-length (45 bytes)
[2m2025-12-10T10:08:31.669583Z[0m [34mDEBUG[0m [2methereum_transaction_pool_monitor::eth_client[0m[2m:[0m 📨 Received pending transaction: 0x5e7e6085b3174725f0a6885d9150af85b7f3f98b0e23fd8ea0bc133e2ca1eed3
[2m2025-12-10T10:08:31.669587Z[0m [34mDEBUG[0m [2mhyper::proto::h1::conn[0m[2m:[0m incoming body completed
[2m2025-12-10T10:08:31.669589Z[0m [34mDEBUG[0m [2methereum_transaction_pool_monitor::eth_client[0m[2m:[0m 📨 Received WebSocket message: {"jsonrpc":"2.0","method":"eth_subscription","params":{"subscription":"0xbed0a0851463e895960a451075a301a9","result":"0xb93e046967057bcec3d24ff633c94fd71b268ec6c1838aa278c9e0064668a161"}}
[2m2025-12-10T10:08:31.669598Z[0m [34mDEBUG[0m [2methereum_transaction_pool_monitor::eth_client[0m[2m:[0m 📨 Received pending transaction: 0xb93e046967057bcec3d24ff633c94fd71b268ec6c1838aa278c9e0064668a161
[2m2025-12-10T10:08:31.669599Z[0m [34mDEBUG[0m [2mhyper::client::pool[0m[2m:[0m pooling idle connection for ("http", 192.168.0.14:8545)
[2m2025-12-10T10:08:31.670097Z[0m [34mDEBUG[0m [2methereum_transaction_pool_monitor::eth_client[0m[2m:[0m 📨 Received WebSocket message: {"jsonrpc":"2.0","method":"eth_subscription","params":{"subscription":"0xbed0a0851463e895960a451075a301a9","result":"0x9bef0b118dde82e325412e038bcfde6a7dbc19822757f76dc522df9b91aeb8a3"}}
[2m2025-12-10T10:08:31.670103Z[0m [34mDEBUG[0m [2methereum_transaction_pool_monitor::eth_client[0m[2m:[0m 📨 Received pending transaction: 0x9bef0b118dde82e325412e038bcfde6a7dbc19822757f76dc522df9b91aeb8a3
[2m2025-12-10T10:08:31.674552Z[0m [34mDEBUG[0m [2mhyper::proto::h1::io[0m[2m:[0m parsed 4 headers
[2m2025-12-10T10:08:31.674557Z[0m [34mDEBUG[0m [2mhyper::proto::h1::conn[0m[2m:[0m incoming body is content-length (832 bytes)
[2m2025-12-10T10:08:31.674562Z[0m [34mDEBUG[0m [2mhyper::proto::h1::conn[0m[2m:[0m incoming body completed
[2m2025-12-10T10:08:31.674567Z[0m [34mDEBUG[0m [2mhyper::client::pool[0m[2m:[0m pooling idle connection for ("http", 192.168.0.14:8545)
[2m2025-12-10T10:08:31.674572Z[0m [34mDEBUG[0m [2methereum_transaction_pool_monitor::eth_client[0m[2m:[0m 📡 Transaction fetch RPC completed in 5.183708ms
[2m2025-12-10T10:08:31.746110Z[0m [34mDEBUG[0m [2methereum_transaction_pool_monitor::eth_client[0m[2m:[0m ✅ Transaction 0x1fadf21e46897224447fad9ce806497fa30ab7785ca55078a324fc008600a8d9 fetched and parsed in 76.718125ms
[2m2025-12-10T10:08:31.746139Z[0m [34mDEBUG[0m [2methereum_transaction_pool_monitor::mempool_monitor[0m[2m:[0m 🔍 Skipping tx 0x1fadf21e46897224447fad9ce806497fa30ab7785ca55078a324fc008600a8d9 - not a DEX interaction (target: 0x3B4D794a66304F130a4Db8F2551B0070dfCf5ca7)
[2m2025-12-10T10:08:31.746150Z[0m [34mDEBUG[0m [2methereum_transaction_pool_monitor::mempool_monitor[0m[2m:[0m 📨 Processing new pending transaction: 0x235e6f562b7ce07d0b3189813d55e6314ee968f1c5aaaae03d1994a4d9eb56d8
[2m2025-12-10T10:08:31.746156Z[0m [34mDEBUG[0m [2methereum_transaction_pool_monitor::mempool_monitor[0m[2m:[0m 🔍 Fetching transaction details for: 0x235e6f562b7ce07d0b3189813d55e6314ee968f1c5aaaae03d1994a4d9eb56d8
[2m2025-12-10T10:08:31.746161Z[0m [34mDEBUG[0m [2methereum_transaction_pool_monitor::eth_client[0m[2m:[0m 🔍 Fetching transaction details for hash: 0x235e6f562b7ce07d0b3189813d55e6314ee968f1c5aaaae03d1994a4d9eb56d8
[2m2025-12-10T10:08:31.746184Z[0m [34mDEBUG[0m [2mhyper::client::pool[0m[2m:[0m reuse idle connection for ("http", 192.168.0.14:8545)
[2m2025-12-10T10:08:31.746217Z[0m [34mDEBUG[0m [2mhyper::proto::h1::io[0m[2m:[0m flushed 250 bytes
[2m2025-12-10T10:08:31.746238Z[0m [34mDEBUG[0m [2mhyper::client::pool[0m[2m:[0m reuse idle connection for ("http", 192.168.0.14:8545)
[2m2025-12-10T10:08:31.746242Z[0m [34mDEBUG[0m [2methereum_transaction_pool_monitor::eth_client[0m[2m:[0m 📨 Received WebSocket message: {"jsonrpc":"2.0","method":"eth_subscription","params":{"subscription":"0xbed0a0851463e895960a451075a301a9","result":"0x7e52e68214808934489884de08eefd13a406f6037e7e224c8863a78dedb9417f"}}
[2m2025-12-10T10:08:31.746252Z[0m [34mDEBUG[0m [2methereum_transaction_pool_monitor::eth_client[0m[2m:[0m 📨 Received pending transaction: 0x7e52e68214808934489884de08eefd13a406f6037e7e224c8863a78dedb9417f
[2m2025-12-10T10:08:31.746253Z[0m [34mDEBUG[0m [2mhyper::proto::h1::io[0m[2m:[0m flushed 172 bytes
[2m2025-12-10T10:08:31.746258Z[0m [34mDEBUG[0m [2methereum_transaction_pool_monitor::eth_client[0m[2m:[0m 📨 Received WebSocket message: {"jsonrpc":"2.0","method":"eth_subscription","params":{"subscription":"0xbed0a0851463e895960a451075a301a9","result":"0xdaf0adfc00ecc1a8ed822926612e129c4dcc6ba54608cc523c23dd416787d47f"}}
[2m2025-12-10T10:08:31.746265Z[0m [34mDEBUG[0m [2methereum_transaction_pool_monitor::eth_client[0m[2m:[0m 📨 Received pending transaction: 0xdaf0adfc00ecc1a8ed822926612e129c4dcc6ba54608cc523c23dd416787d47f
[2m2025-12-10T10:08:31.746269Z[0m [34mDEBUG[0m [2methereum_transaction_pool_monitor::eth_client[0m[2m:[0m 📨 Received WebSocket message: {"jsonrpc":"2.0","method":"eth_subscription","params":{"subscription":"0xbed0a0851463e895960a451075a301a9","result":"0xda0fba6a0fa36eb7c753fab650b297154ac2009e974b1a4faad7c019592e762c"}}
[2m2025-12-10T10:08:31.746273Z[0m [34mDEBUG[0m [2methereum_transaction_pool_monitor::eth_client[0m[2m:[0m 📨 Received pending transaction: 0xda0fba6a0fa36eb7c753fab650b297154ac2009e974b1a4faad7c019592e762c
[2m2025-12-10T10:08:31.746277Z[0m [34mDEBUG[0m [2methereum_transaction_pool_monitor::eth_client[0m[2m:[0m 📨 Received WebSocket message: {"jsonrpc":"2.0","method":"eth_subscription","params":{"subscription":"0xbed0a0851463e895960a451075a301a9","result":"0x80bf132bafd5c7619353ddbf032263ac4fbd108e136d4fc4da10a3a6a6710880"}}
[2m2025-12-10T10:08:31.746281Z[0m [34mDEBUG[0m [2methereum_transaction_pool_monitor::eth_client[0m[2m:[0m 📨 Received pending transaction: 0x80bf132bafd5c7619353ddbf032263ac4fbd108e136d4fc4da10a3a6a6710880
[2m2025-12-10T10:08:31.746285Z[0m [34mDEBUG[0m [2methereum_transaction_pool_monitor::eth_client[0m[2m:[0m 📨 Received WebSocket message: {"jsonrpc":"2.0","method":"eth_subscription","params":{"subscription":"0xbed0a0851463e895960a451075a301a9","result":"0x0b66d48e242a4a2f9cd9ab3eafafe719ce2ace7a6dd4ebab3a13c93c365c29bd"}}
[2m2025-12-10T10:08:31.746289Z[0m [34mDEBUG[0m [2methereum_transaction_pool_monitor::eth_client[0m[2m:[0m 📨 Received pending transaction: 0x0b66d48e242a4a2f9cd9ab3eafafe719ce2ace7a6dd4ebab3a13c93c365c29bd
[2m2025-12-10T10:08:31.746292Z[0m [34mDEBUG[0m [2methereum_transaction_pool_monitor::eth_client[0m[2m:[0m 📨 Received WebSocket message: {"jsonrpc":"2.0","method":"eth_subscription","params":{"subscription":"0xbed0a0851463e895960a451075a301a9","result":"0xd8ed6f4124c2ffde530eed62ebe8fa98aec6c45176351ea8a038242924849f6c"}}
[2m2025-12-10T10:08:31.746298Z[0m [34mDEBUG[0m [2methereum_transaction_pool_monitor::eth_client[0m[2m:[0m 📨 Received pending transaction: 0xd8ed6f4124c2ffde530eed62ebe8fa98aec6c45176351ea8a038242924849f6c
[2m2025-12-10T10:08:31.746304Z[0m [34mDEBUG[0m [2methereum_transaction_pool_monitor::eth_client[0m[2m:[0m 📨 Received WebSocket message: {"jsonrpc":"2.0","method":"eth_subscription","params":{"subscription":"0xbed0a0851463e895960a451075a301a9","result":"0x5b7734bb4bbcf7164bd2f58267b273716ac4797082c5c436014073ff254727df"}}
[2m2025-12-10T10:08:31.746310Z[0m [34mDEBUG[0m [2methereum_transaction_pool_monitor::eth_client[0m[2m:[0m 📨 Received pending transaction: 0x5b7734bb4bbcf7164bd2f58267b273716ac4797082c5c436014073ff254727df
[2m2025-12-10T10:08:31.746315Z[0m [34mDEBUG[0m [2methereum_transaction_pool_monitor::eth_client[0m[2m:[0m 📨 Received WebSocket message: {"jsonrpc":"2.0","method":"eth_subscription","params":{"subscription":"0xbed0a0851463e895960a451075a301a9","result":"0xa830e8b6d703644314726abf5c43e757c646b422662e4986f8ae41cd83f6f377"}}
[2m2025-12-10T10:08:31.746320Z[0m [34mDEBUG[0m [2methereum_transaction_pool_monitor::eth_client[0m[2m:[0m 📨 Received pending transaction: 0xa830e8b6d703644314726abf5c43e757c646b422662e4986f8ae41cd83f6f377
[2m2025-12-10T10:08:31.746325Z[0m [34mDEBUG[0m [2methereum_transaction_pool_monitor::eth_client[0m[2m:[0m 📨 Received WebSocket message: {"jsonrpc":"2.0","method":"eth_subscription","params":{"subscription":"0xbed0a0851463e895960a451075a301a9","result":"0xaa7b91ef278064ca9092cc21e306167796f9f1723ae3eb9de0d78a509cb958a9"}}
[2m2025-12-10T10:08:31.746329Z[0m [34mDEBUG[0m [2methereum_transaction_pool_monitor::eth_client[0m[2m:[0m 📨 Received pending transaction: 0xaa7b91ef278064ca9092cc21e306167796f9f1723ae3eb9de0d78a509cb958a9
[2m2025-12-10T10:08:31.746334Z[0m [34mDEBUG[0m [2methereum_transaction_pool_monitor::eth_client[0m[2m:[0m 📨 Received WebSocket message: {"jsonrpc":"2.0","method":"eth_subscription","params":{"subscription":"0xbed0a0851463e895960a451075a301a9","result":"0xea931cd7ea582e0fb13806cb91ebe6ebccb4023e5bd3e919419fea49c27a6db1"}}
[2m2025-12-10T10:08:31.746339Z[0m [34mDEBUG[0m [2methereum_transaction_pool_monitor::eth_client[0m[2m:[0m 📨 Received pending transaction: 0xea931cd7ea582e0fb13806cb91ebe6ebccb4023e5bd3e919419fea49c27a6db1
[2m2025-12-10T10:08:31.746343Z[0m [34mDEBUG[0m [2methereum_transaction_pool_monitor::eth_client[0m[2m:[0m 📨 Received WebSocket message: {"jsonrpc":"2.0","method":"eth_subscription","params":{"subscription":"0xbed0a0851463e895960a451075a301a9","result":"0x8aedac9b474bf14866ed3eb569c8e0f3ed97d3cb0d4d299f8d69dba183124864"}}
[2m2025-12-10T10:08:31.746348Z[0m [34mDEBUG[0m [2methereum_transaction_pool_monitor::eth_client[0m[2m:[0m 📨 Received pending transaction: 0x8aedac9b474bf14866ed3eb569c8e0f3ed97d3cb0d4d299f8d69dba183124864
[2m2025-12-10T10:08:31.750600Z[0m [34mDEBUG[0m [2methereum_transaction_pool_monitor::eth_client[0m[2m:[0m 📨 Received WebSocket message: {"jsonrpc":"2.0","method":"eth_subscription","params":{"subscription":"0xbed0a0851463e895960a451075a301a9","result":"0x2160190cc1927a72d97684a9a730d38e60a58f653b48ff534512fd1e70ee5014"}}
[2m2025-12-10T10:08:31.750611Z[0m [34mDEBUG[0m [2methereum_transaction_pool_monitor::eth_client[0m[2m:[0m 📨 Received pending transaction: 0x2160190cc1927a72d97684a9a730d38e60a58f653b48ff534512fd1e70ee5014
[2m2025-12-10T10:08:31.750617Z[0m [34mDEBUG[0m [2methereum_transaction_pool_monitor::eth_client[0m[2m:[0m 📨 Received WebSocket message: {"jsonrpc":"2.0","method":"eth_subscription","params":{"subscription":"0xbed0a0851463e895960a451075a301a9","result":"0x1a4895afb27c06f8758ead93a83ed010f21a4a5d367fc32f20bea51b4eb894a8"}}
[2m2025-12-10T10:08:31.750621Z[0m [34mDEBUG[0m [2methereum_transaction_pool_monitor::eth_client[0m[2m:[0m 📨 Received pending transaction: 0x1a4895afb27c06f8758ead93a83ed010f21a4a5d367fc32f20bea51b4eb894a8
[2m2025-12-10T10:08:31.750625Z[0m [34mDEBUG[0m [2methereum_transaction_pool_monitor::eth_client[0m[2m:[0m 📨 Received WebSocket message: {"jsonrpc":"2.0","method":"eth_subscription","params":{"subscription":"0xbed0a0851463e895960a451075a301a9","result":"0x7b0dfc24618e7ac2be6b621bc56e692c36beaad976f5056732114c4f5985324c"}}
[2m2025-12-10T10:08:31.750629Z[0m [34mDEBUG[0m [2methereum_transaction_pool_monitor::eth_client[0m[2m:[0m 📨 Received pending transaction: 0x7b0dfc24618e7ac2be6b621bc56e692c36beaad976f5056732114c4f5985324c
[2m2025-12-10T10:08:31.752511Z[0m [34mDEBUG[0m [2mhyper::proto::h1::io[0m[2m:[0m parsed 4 headers
[2m2025-12-10T10:08:31.752519Z[0m [34mDEBUG[0m [2mhyper::proto::h1::conn[0m[2m:[0m incoming body is content-length (45 bytes)
[2m2025-12-10T10:08:31.752527Z[0m [34mDEBUG[0m [2mhyper::proto::h1::conn[0m[2m:[0m incoming body completed
[2m2025-12-10T10:08:31.752536Z[0m [34mDEBUG[0m [2mhyper::client::pool[0m[2m:[0m pooling idle connection for ("http", 192.168.0.14:8545)
[2m2025-12-10T10:08:31.752552Z[0m [34mDEBUG[0m [2mhyper::proto::h1::io[0m[2m:[0m parsed 4 headers
[2m2025-12-10T10:08:31.752557Z[0m [34mDEBUG[0m [2mhyper::proto::h1::conn[0m[2m:[0m incoming body is content-length (771 bytes)
[2m2025-12-10T10:08:31.752561Z[0m [34mDEBUG[0m [2mhyper::proto::h1::conn[0m[2m:[0m incoming body completed
[2m2025-12-10T10:08:31.752567Z[0m [34mDEBUG[0m [2mhyper::client::pool[0m[2m:[0m pooling idle connection for ("http", 192.168.0.14:8545)
[2m2025-12-10T10:08:31.752572Z[0m [34mDEBUG[0m [2methereum_transaction_pool_monitor::eth_client[0m[2m:[0m 📡 Transaction fetch RPC completed in 6.407208ms
[2m2025-12-10T10:08:31.824093Z[0m [34mDEBUG[0m [2methereum_transaction_pool_monitor::eth_client[0m[2m:[0m ✅ Transaction 0x235e6f562b7ce07d0b3189813d55e6314ee968f1c5aaaae03d1994a4d9eb56d8 fetched and parsed in 77.924667ms
[2m2025-12-10T10:08:31.824126Z[0m [34mDEBUG[0m [2methereum_transaction_pool_monitor::mempool_monitor[0m[2m:[0m 🔍 Skipping tx 0x235e6f562b7ce07d0b3189813d55e6314ee968f1c5aaaae03d1994a4d9eb56d8 - not a DEX interaction (target: 0xB8f28C60dD8240141185a192fa4156A23E189305)
[2m2025-12-10T10:08:31.824139Z[0m [34mDEBUG[0m [2methereum_transaction_pool_monitor::mempool_monitor[0m[2m:[0m 📨 Processing new pending transaction: 0x6e41848b3d23ca4865e43abd5b0daecd42dde12121a771ec3632b6d1b32a5236
[2m2025-12-10T10:08:31.824147Z[0m [34mDEBUG[0m [2methereum_transaction_pool_monitor::mempool_monitor[0m[2m:[0m 🔍 Fetching transaction details for: 0x6e41848b3d23ca4865e43abd5b0daecd42dde12121a771ec3632b6d1b32a5236
[2m2025-12-10T10:08:31.824152Z[0m [34mDEBUG[0m [2methereum_transaction_pool_monitor::eth_client[0m[2m:[0m 🔍 Fetching transaction details for hash: 0x6e41848b3d23ca4865e43abd5b0daecd42dde12121a771ec3632b6d1b32a5236
[2m2025-12-10T10:08:31.824172Z[0m [34mDEBUG[0m [2mhyper::client::pool[0m[2m:[0m reuse idle connection for ("http", 192.168.0.14:8545)
[2m2025-12-10T10:08:31.824218Z[0m [34mDEBUG[0m [2mhyper::proto::h1::io[0m[2m:[0m flushed 250 bytes
[2m2025-12-10T10:08:31.824241Z[0m [34mDEBUG[0m [2mhyper::client::pool[0m[2m:[0m reuse idle connection for ("http", 192.168.0.14:8545)
[2m2025-12-10T10:08:31.824254Z[0m [34mDEBUG[0m [2methereum_transaction_pool_monitor::eth_client[0m[2m:[0m 📨 Received WebSocket message: {"jsonrpc":"2.0","method":"eth_subscription","params":{"subscription":"0xbed0a0851463e895960a451075a301a9","result":"0x747087614b3ec914ec540275daa5ae348903db3dcb240a35f0c5f5f738305cea"}}
[2m2025-12-10T10:08:31.824256Z[0m [34mDEBUG[0m [2mhyper::proto::h1::io[0m[2m:[0m flushed 172 bytes
[2m2025-12-10T10:08:31.824269Z[0m [34mDEBUG[0m [2methereum_transaction_pool_monitor::eth_client[0m[2m:[0m 📨 Received pending transaction: 0x747087614b3ec914ec540275daa5ae348903db3dcb240a35f0c5f5f738305cea
[2m2025-12-10T10:08:31.824279Z[0m [34mDEBUG[0m [2methereum_transaction_pool_monitor::eth_client[0m[2m:[0m 📨 Received WebSocket message: {"jsonrpc":"2.0","method":"eth_subscription","params":{"subscription":"0xbed0a0851463e895960a451075a301a9","result":"0x0df166e6ffed6d5871d5b769259c142d6a56fc5cfcb4f1e0c18a6e706e956c16"}}
[2m2025-12-10T10:08:31.824288Z[0m [34mDEBUG[0m [2methereum_transaction_pool_monitor::eth_client[0m[2m:[0m 📨 Received pending transaction: 0x0df166e6ffed6d5871d5b769259c142d6a56fc5cfcb4f1e0c18a6e706e956c16
[2m2025-12-10T10:08:31.824294Z[0m [34mDEBUG[0m [2methereum_transaction_pool_monitor::eth_client[0m[2m:[0m 📨 Received WebSocket message: {"jsonrpc":"2.0","method":"eth_subscription","params":{"subscription":"0xbed0a0851463e895960a451075a301a9","result":"0x1a788ecec6faef224748a37928d95ac46ab9c89e7d5d4033c11db8b77359eca7"}}
[2m2025-12-10T10:08:31.824301Z[0m [34mDEBUG[0m [2methereum_transaction_pool_monitor::eth_client[0m[2m:[0m 📨 Received pending transaction: 0x1a788ecec6faef224748a37928d95ac46ab9c89e7d5d4033c11db8b77359eca7
[2m2025-12-10T10:08:31.824308Z[0m [34mDEBUG[0m [2methereum_transaction_pool_monitor::eth_client[0m[2m:[0m 📨 Received WebSocket message: {"jsonrpc":"2.0","method":"eth_subscription","params":{"subscription":"0xbed0a0851463e895960a451075a301a9","result":"0x09fe3a3f5b7525eb04866e0ec0683fcaa8201c3bb3452093093b8a64a8cda8a7"}}
[2m2025-12-10T10:08:31.824314Z[0m [34mDEBUG[0m [2methereum_transaction_pool_monitor::eth_client[0m[2m:[0m 📨 Received pending transaction: 0x09fe3a3f5b7525eb04866e0ec0683fcaa8201c3bb3452093093b8a64a8cda8a7
[2m2025-12-10T10:08:31.824320Z[0m [34mDEBUG[0m [2methereum_transaction_pool_monitor::eth_client[0m[2m:[0m 📨 Received WebSocket message: {"jsonrpc":"2.0","method":"eth_subscription","params":{"subscription":"0xbed0a0851463e895960a451075a301a9","result":"0x542378d1c0d48b51fd7f609c3e387e672c9fb33afe85ee16fde398083cf35e54"}}
[2m2025-12-10T10:08:31.824325Z[0m [34mDEBUG[0m [2methereum_transaction_pool_monitor::eth_client[0m[2m:[0m 📨 Received pending transaction: 0x542378d1c0d48b51fd7f609c3e387e672c9fb33afe85ee16fde398083cf35e54
[2m2025-12-10T10:08:31.824330Z[0m [34mDEBUG[0m [2methereum_transaction_pool_monitor::eth_client[0m[2m:[0m 📨 Received WebSocket message: {"jsonrpc":"2.0","method":"eth_subscription","params":{"subscription":"0xbed0a0851463e895960a451075a301a9","result":"0xad269dc06391c2a5b11c85b5e083c3b515df8edfb91555df057e4e68bd72121f"}}
[2m2025-12-10T10:08:31.824335Z[0m [34mDEBUG[0m [2methereum_transaction_pool_monitor::eth_client[0m[2m:[0m 📨 Received pending transaction: 0xad269dc06391c2a5b11c85b5e083c3b515df8edfb91555df057e4e68bd72121f
[2m2025-12-10T10:08:31.826168Z[0m [34mDEBUG[0m [2methereum_transaction_pool_monitor::eth_client[0m[2m:[0m 📨 Received WebSocket message: {"jsonrpc":"2.0","method":"eth_subscription","params":{"subscription":"0xbed0a0851463e895960a451075a301a9","result":"0x3dfa629de433ed61395349441bacf302433b9cf7de7621e0ddaadd18af722854"}}
[2m2025-12-10T10:08:31.826177Z[0m [34mDEBUG[0m [2methereum_transaction_pool_monitor::eth_client[0m[2m:[0m 📨 Received pending transaction: 0x3dfa629de433ed61395349441bacf302433b9cf7de7621e0ddaadd18af722854
[2m2025-12-10T10:08:31.826183Z[0m [34mDEBUG[0m [2methereum_transaction_pool_monitor::eth_client[0m[2m:[0m 📨 Received WebSocket message: {"jsonrpc":"2.0","method":"eth_subscription","params":{"subscription":"0xbed0a0851463e895960a451075a301a9","result":"0xd40ede9ab3c194a764312a802b3538c77a809e1500610420ebddf89ded101e10"}}
[2m2025-12-10T10:08:31.826188Z[0m [34mDEBUG[0m [2methereum_transaction_pool_monitor::eth_client[0m[2m:[0m 📨 Received pending transaction: 0xd40ede9ab3c194a764312a802b3538c77a809e1500610420ebddf89ded101e10
[2m2025-12-10T10:08:31.826193Z[0m [34mDEBUG[0m [2methereum_transaction_pool_monitor::eth_client[0m[2m:[0m 📨 Received WebSocket message: {"jsonrpc":"2.0","method":"eth_subscription","params":{"subscription":"0xbed0a0851463e895960a451075a301a9","result":"0x7068ed7cc2b2191c9e0a613cb6b2cdc7d6f94ae0afa0589e88439bc21ff66588"}}
[2m2025-12-10T10:08:31.826197Z[0m [34mDEBUG[0m [2methereum_transaction_pool_monitor::eth_client[0m[2m:[0m 📨 Received pending transaction: 0x7068ed7cc2b2191c9e0a613cb6b2cdc7d6f94ae0afa0589e88439bc21ff66588
[2m2025-12-10T10:08:31.831371Z[0m [34mDEBUG[0m [2mhyper::proto::h1::io[0m[2m:[0m parsed 4 headers
[2m2025-12-10T10:08:31.831377Z[0m [34mDEBUG[0m [2mhyper::proto::h1::conn[0m[2m:[0m incoming body is content-length (45 bytes)
[2m2025-12-10T10:08:31.831383Z[0m [34mDEBUG[0m [2mhyper::proto::h1::conn[0m[2m:[0m incoming body completed
[2m2025-12-10T10:08:31.831392Z[0m [34mDEBUG[0m [2mhyper::client::pool[0m[2m:[0m pooling idle connection for ("http", 192.168.0.14:8545)
[2m2025-12-10T10:08:31.834117Z[0m [34mDEBUG[0m [2mhyper::proto::h1::io[0m[2m:[0m parsed 4 headers
[2m2025-12-10T10:08:31.834127Z[0m [34mDEBUG[0m [2mhyper::proto::h1::conn[0m[2m:[0m incoming body is content-length (832 bytes)
[2m2025-12-10T10:08:31.834132Z[0m [34mDEBUG[0m [2mhyper::proto::h1::conn[0m[2m:[0m incoming body completed
[2m2025-12-10T10:08:31.834139Z[0m [34mDEBUG[0m [2mhyper::client::pool[0m[2m:[0m pooling idle connection for ("http", 192.168.0.14:8545)
[2m2025-12-10T10:08:31.834144Z[0m [34mDEBUG[0m [2methereum_transaction_pool_monitor::eth_client[0m[2m:[0m 📡 Transaction fetch RPC completed in 9.988459ms
[2m2025-12-10T10:08:31.904295Z[0m [34mDEBUG[0m [2methereum_transaction_pool_monitor::eth_client[0m[2m:[0m ✅ Transaction 0x6e41848b3d23ca4865e43abd5b0daecd42dde12121a771ec3632b6d1b32a5236 fetched and parsed in 80.136334ms
[2m2025-12-10T10:08:31.904327Z[0m [34mDEBUG[0m [2methereum_transaction_pool_monitor::mempool_monitor[0m[2m:[0m 🔍 Skipping tx 0x6e41848b3d23ca4865e43abd5b0daecd42dde12121a771ec3632b6d1b32a5236 - not a DEX interaction (target: 0x3B4D794a66304F130a4Db8F2551B0070dfCf5ca7)
[2m2025-12-10T10:08:31.904340Z[0m [34mDEBUG[0m [2methereum_transaction_pool_monitor::mempool_monitor[0m[2m:[0m 📨 Processing new pending transaction: 0xea2e20de7afaaf8b02d6aa1e97ad49f6e5a96cd2a58f016a5ed4436ff0ea55db
[2m2025-12-10T10:08:31.904348Z[0m [34mDEBUG[0m [2methereum_transaction_pool_monitor::mempool_monitor[0m[2m:[0m 🔍 Fetching transaction details for: 0xea2e20de7afaaf8b02d6aa1e97ad49f6e5a96cd2a58f016a5ed4436ff0ea55db
[2m2025-12-10T10:08:31.904353Z[0m [34mDEBUG[0m [2methereum_transaction_pool_monitor::eth_client[0m[2m:[0m 🔍 Fetching transaction details for hash: 0xea2e20de7afaaf8b02d6aa1e97ad49f6e5a96cd2a58f016a5ed4436ff0ea55db
[2m2025-12-10T10:08:31.904374Z[0m [34mDEBUG[0m [2mhyper::client::pool[0m[2m:[0m reuse idle connection for ("http", 192.168.0.14:8545)
[2m2025-12-10T10:08:31.904414Z[0m [34mDEBUG[0m [2mhyper::proto::h1::io[0m[2m:[0m flushed 250 bytes
[2m2025-12-10T10:08:31.904434Z[0m [34mDEBUG[0m [2mhyper::client::pool[0m[2m:[0m reuse idle connection for ("http", 192.168.0.14:8545)
[2m2025-12-10T10:08:31.904448Z[0m [34mDEBUG[0m [2mhyper::proto::h1::io[0m[2m:[0m flushed 172 bytes
[2m2025-12-10T10:08:31.904492Z[0m [34mDEBUG[0m [2methereum_transaction_pool_monitor::eth_client[0m[2m:[0m 📨 Received WebSocket message: {"jsonrpc":"2.0","method":"eth_subscription","params":{"subscription":"0xbed0a0851463e895960a451075a301a9","result":"0x7e43ac4a744f869f09e268af97f60b7fd240ec0523c8265f6eebcfefffcc9cdb"}}
[2m2025-12-10T10:08:31.904528Z[0m [34mDEBUG[0m [2methereum_transaction_pool_monitor::eth_client[0m[2m:[0m 📨 Received pending transaction: 0x7e43ac4a744f869f09e268af97f60b7fd240ec0523c8265f6eebcfefffcc9cdb
[2m2025-12-10T10:08:31.904536Z[0m [34mDEBUG[0m [2methereum_transaction_pool_monitor::eth_client[0m[2m:[0m 📨 Received WebSocket message: {"jsonrpc":"2.0","method":"eth_subscription","params":{"subscription":"0xbed0a0851463e895960a451075a301a9","result":"0x3c0e8c0b66ebf20ca7a7dba5c3fc96fdb16f1b9106e86ede782605d4211a1fae"}}
[2m2025-12-10T10:08:31.904540Z[0m [34mDEBUG[0m [2methereum_transaction_pool_monitor::eth_client[0m[2m:[0m 📨 Received pending transaction: 0x3c0e8c0b66ebf20ca7a7dba5c3fc96fdb16f1b9106e86ede782605d4211a1fae
[2m2025-12-10T10:08:31.909224Z[0m [34mDEBUG[0m [2mhyper::proto::h1::io[0m[2m:[0m parsed 4 headers
[2m2025-12-10T10:08:31.909246Z[0m [34mDEBUG[0m [2mhyper::proto::h1::conn[0m[2m:[0m incoming body is content-length (646 bytes)
[2m2025-12-10T10:08:31.909255Z[0m [34mDEBUG[0m [2mhyper::proto::h1::conn[0m[2m:[0m incoming body completed
[2m2025-12-10T10:08:31.909265Z[0m [34mDEBUG[0m [2mhyper::client::pool[0m[2m:[0m pooling idle connection for ("http", 192.168.0.14:8545)
[2m2025-12-10T10:08:31.909272Z[0m [34mDEBUG[0m [2methereum_transaction_pool_monitor::eth_client[0m[2m:[0m 📡 Transaction fetch RPC completed in 4.914375ms
[2m2025-12-10T10:08:31.981903Z[0m [34mDEBUG[0m [2methereum_transaction_pool_monitor::eth_client[0m[2m:[0m ✅ Transaction 0xea2e20de7afaaf8b02d6aa1e97ad49f6e5a96cd2a58f016a5ed4436ff0ea55db fetched and parsed in 77.541167ms
[2m2025-12-10T10:08:31.981933Z[0m [34mDEBUG[0m [2methereum_transaction_pool_monitor::mempool_monitor[0m[2m:[0m 🔍 Skipping tx 0xea2e20de7afaaf8b02d6aa1e97ad49f6e5a96cd2a58f016a5ed4436ff0ea55db - not a DEX interaction (target: 0x45300136662dD4e58fc0DF61E6290DFfD992B785)
[2m2025-12-10T10:08:31.981943Z[0m [34mDEBUG[0m [2methereum_transaction_pool_monitor::mempool_monitor[0m[2m:[0m 📨 Processing new pending transaction: 0xeb9f76f0118ad5b1bafdb0aa38f02404e53b2eee51d043c0a0f18d5e4fb02e4b
[2m2025-12-10T10:08:31.981948Z[0m [34mDEBUG[0m [2methereum_transaction_pool_monitor::mempool_monitor[0m[2m:[0m 🔍 Fetching transaction details for: 0xeb9f76f0118ad5b1bafdb0aa38f02404e53b2eee51d043c0a0f18d5e4fb02e4b
[2m2025-12-10T10:08:31.981952Z[0m [34mDEBUG[0m [2methereum_transaction_pool_monitor::eth_client[0m[2m:[0m 🔍 Fetching transaction details for hash: 0xeb9f76f0118ad5b1bafdb0aa38f02404e53b2eee51d043c0a0f18d5e4fb02e4b
[2m2025-12-10T10:08:31.981973Z[0m [34mDEBUG[0m [2mhyper::client::pool[0m[2m:[0m reuse idle connection for ("http", 192.168.0.14:8545)
[2m2025-12-10T10:08:31.982038Z[0m [34mDEBUG[0m [2mhyper::proto::h1::io[0m[2m:[0m flushed 250 bytes
[2m2025-12-10T10:08:31.982066Z[0m [34mDEBUG[0m [2methereum_transaction_pool_monitor::eth_client[0m[2m:[0m 📨 Received WebSocket message: {"jsonrpc":"2.0","method":"eth_subscription","params":{"subscription":"0xbed0a0851463e895960a451075a301a9","result":"0x14ad3105f26c05dc5f871f6b6b25f4b4f644df6484c3d9ae4c63203ebee004a7"}}
[2m2025-12-10T10:08:31.982073Z[0m [34mDEBUG[0m [2methereum_transaction_pool_monitor::eth_client[0m[2m:[0m 📨 Received pending transaction: 0x14ad3105f26c05dc5f871f6b6b25f4b4f644df6484c3d9ae4c63203ebee004a7
[2m2025-12-10T10:08:31.982078Z[0m [34mDEBUG[0m [2methereum_transaction_pool_monitor::eth_client[0m[2m:[0m 📨 Received WebSocket message: {"jsonrpc":"2.0","method":"eth_subscription","params":{"subscription":"0xbed0a0851463e895960a451075a301a9","result":"0x03889f26142ef897992708f0380495584159f334cc47dfde07ffa7b2991a882b"}}
[2m2025-12-10T10:08:31.982083Z[0m [34mDEBUG[0m [2methereum_transaction_pool_monitor::eth_client[0m[2m:[0m 📨 Received pending transaction: 0x03889f26142ef897992708f0380495584159f334cc47dfde07ffa7b2991a882b
[2m2025-12-10T10:08:31.982083Z[0m [34mDEBUG[0m [2mhyper::proto::h1::io[0m[2m:[0m parsed 4 headers
[2m2025-12-10T10:08:31.982114Z[0m [34mDEBUG[0m [2mhyper::proto::h1::conn[0m[2m:[0m incoming body is content-length (45 bytes)
[2m2025-12-10T10:08:31.982130Z[0m [34mDEBUG[0m [2mhyper::proto::h1::conn[0m[2m:[0m incoming body completed
[2m2025-12-10T10:08:31.982148Z[0m [34mDEBUG[0m [2mhyper::client::pool[0m[2m:[0m pooling idle connection for ("http", 192.168.0.14:8545)
[2m2025-12-10T10:08:31.986434Z[0m [34mDEBUG[0m [2mhyper::proto::h1::io[0m[2m:[0m parsed 4 headers
[2m2025-12-10T10:08:31.986445Z[0m [34mDEBUG[0m [2mhyper::proto::h1::conn[0m[2m:[0m incoming body is content-length (832 bytes)
[2m2025-12-10T10:08:31.986453Z[0m [34mDEBUG[0m [2mhyper::proto::h1::conn[0m[2m:[0m incoming body completed
[2m2025-12-10T10:08:31.986463Z[0m [34mDEBUG[0m [2mhyper::client::pool[0m[2m:[0m pooling idle connection for ("http", 192.168.0.14:8545)
[2m2025-12-10T10:08:31.986470Z[0m [34mDEBUG[0m [2methereum_transaction_pool_monitor::eth_client[0m[2m:[0m 📡 Transaction fetch RPC completed in 4.514542ms
[2m2025-12-10T10:08:32.058419Z[0m [34mDEBUG[0m [2methereum_transaction_pool_monitor::eth_client[0m[2m:[0m ✅ Transaction 0xeb9f76f0118ad5b1bafdb0aa38f02404e53b2eee51d043c0a0f18d5e4fb02e4b fetched and parsed in 76.46125ms
[2m2025-12-10T10:08:32.058452Z[0m [34mDEBUG[0m [2methereum_transaction_pool_monitor::mempool_monitor[0m[2m:[0m 🔍 Skipping tx 0xeb9f76f0118ad5b1bafdb0aa38f02404e53b2eee51d043c0a0f18d5e4fb02e4b - not a DEX interaction (target: 0x3B4D794a66304F130a4Db8F2551B0070dfCf5ca7)
[2m2025-12-10T10:08:32.058462Z[0m [34mDEBUG[0m [2methereum_transaction_pool_monitor::mempool_monitor[0m[2m:[0m 📨 Processing new pending transaction: 0x435a61fc7995f364cd0bf9214bf5d48ac3e6371d7df80bf703cc8900ae999fbd
[2m2025-12-10T10:08:32.058467Z[0m [34mDEBUG[0m [2methereum_transaction_pool_monitor::mempool_monitor[0m[2m:[0m 🔍 Fetching transaction details for: 0x435a61fc7995f364cd0bf9214bf5d48ac3e6371d7df80bf703cc8900ae999fbd
[2m2025-12-10T10:08:32.058471Z[0m [34mDEBUG[0m [2methereum_transaction_pool_monitor::eth_client[0m[2m:[0m 🔍 Fetching transaction details for hash: 0x435a61fc7995f364cd0bf9214bf5d48ac3e6371d7df80bf703cc8900ae999fbd
[2m2025-12-10T10:08:32.058493Z[0m [34mDEBUG[0m [2mhyper::client::pool[0m[2m:[0m reuse idle connection for ("http", 192.168.0.14:8545)
[2m2025-12-10T10:08:32.058562Z[0m [34mDEBUG[0m [2mhyper::proto::h1::io[0m[2m:[0m flushed 250 bytes
[2m2025-12-10T10:08:32.058594Z[0m [34mDEBUG[0m [2mhyper::client::pool[0m[2m:[0m reuse idle connection for ("http", 192.168.0.14:8545)
[2m2025-12-10T10:08:32.058617Z[0m [34mDEBUG[0m [2mhyper::proto::h1::io[0m[2m:[0m flushed 172 bytes
[2m2025-12-10T10:08:32.061515Z[0m [34mDEBUG[0m [2mhyper::proto::h1::io[0m[2m:[0m parsed 4 headers
[2m2025-12-10T10:08:32.061546Z[0m [34mDEBUG[0m [2mhyper::proto::h1::conn[0m[2m:[0m incoming body is content-length (45 bytes)
[2m2025-12-10T10:08:32.061563Z[0m [34mDEBUG[0m [2mhyper::proto::h1::conn[0m[2m:[0m incoming body completed
[2m2025-12-10T10:08:32.061584Z[0m [34mDEBUG[0m [2mhyper::client::pool[0m[2m:[0m pooling idle connection for ("http", 192.168.0.14:8545)
[2m2025-12-10T10:08:32.062080Z[0m [34mDEBUG[0m [2mhyper::proto::h1::io[0m[2m:[0m parsed 4 headers
[2m2025-12-10T10:08:32.062097Z[0m [34mDEBUG[0m [2mhyper::proto::h1::conn[0m[2m:[0m incoming body is content-length (770 bytes)
[2m2025-12-10T10:08:32.062109Z[0m [34mDEBUG[0m [2mhyper::proto::h1::conn[0m[2m:[0m incoming body completed
[2m2025-12-10T10:08:32.062124Z[0m [34mDEBUG[0m [2mhyper::client::pool[0m[2m:[0m pooling idle connection for ("http", 192.168.0.14:8545)
[2m2025-12-10T10:08:32.062136Z[0m [34mDEBUG[0m [2methereum_transaction_pool_monitor::eth_client[0m[2m:[0m 📡 Transaction fetch RPC completed in 3.661042ms
[2m2025-12-10T10:08:32.062161Z[0m [34mDEBUG[0m [2methereum_transaction_pool_monitor::eth_client[0m[2m:[0m DeFi transaction detected - Address: 0xdac17f958d2ee523a2206206994597c13d831ec7, Type: Stablecoin, Value: 0 ETH, Gas: 0.27 Gwei
[2m2025-12-10T10:08:32.062187Z[0m [34mDEBUG[0m [2methereum_transaction_pool_monitor::eth_client[0m[2m:[0m ✅ Transaction 0x435a61fc7995f364cd0bf9214bf5d48ac3e6371d7df80bf703cc8900ae999fbd fetched and parsed in 3.711833ms
[2m2025-12-10T10:08:32.062204Z[0m [34mDEBUG[0m [2methereum_transaction_pool_monitor::mempool_monitor[0m[2m:[0m 🔍 Skipping tx 0x435a61fc7995f364cd0bf9214bf5d48ac3e6371d7df80bf703cc8900ae999fbd - not a DEX interaction (target: 0xdAC17F958D2ee523a2206206994597C13D831ec7)
[2m2025-12-10T10:08:32.062218Z[0m [34mDEBUG[0m [2methereum_transaction_pool_monitor::mempool_monitor[0m[2m:[0m 📨 Processing new pending transaction: 0x5d00a990ff1bb0ec07535f8b31928017553c97c1f8d06289a1580168b2f087a0
[2m2025-12-10T10:08:32.062231Z[0m [34mDEBUG[0m [2methereum_transaction_pool_monitor::mempool_monitor[0m[2m:[0m 🔍 Fetching transaction details for: 0x5d00a990ff1bb0ec07535f8b31928017553c97c1f8d06289a1580168b2f087a0
[2m2025-12-10T10:08:32.062238Z[0m [34mDEBUG[0m [2methereum_transaction_pool_monitor::eth_client[0m[2m:[0m 🔍 Fetching transaction details for hash: 0x5d00a990ff1bb0ec07535f8b31928017553c97c1f8d06289a1580168b2f087a0
[2m2025-12-10T10:08:32.062265Z[0m [34mDEBUG[0m [2mhyper::client::pool[0m[2m:[0m reuse idle connection for ("http", 192.168.0.14:8545)
[2m2025-12-10T10:08:32.062302Z[0m [34mDEBUG[0m [2mhyper::proto::h1::io[0m[2m:[0m flushed 250 bytes
[2m2025-12-10T10:08:32.066854Z[0m [34mDEBUG[0m [2mhyper::proto::h1::io[0m[2m:[0m parsed 4 headers
[2m2025-12-10T10:08:32.066865Z[0m [34mDEBUG[0m [2mhyper::proto::h1::conn[0m[2m:[0m incoming body is content-length (772 bytes)
[2m2025-12-10T10:08:32.066874Z[0m [34mDEBUG[0m [2mhyper::proto::h1::conn[0m[2m:[0m incoming body completed
[2m2025-12-10T10:08:32.066884Z[0m [34mDEBUG[0m [2mhyper::client::pool[0m[2m:[0m pooling idle connection for ("http", 192.168.0.14:8545)
[2m2025-12-10T10:08:32.066891Z[0m [34mDEBUG[0m [2methereum_transaction_pool_monitor::eth_client[0m[2m:[0m 📡 Transaction fetch RPC completed in 4.641541ms
[2m2025-12-10T10:08:32.139118Z[0m [34mDEBUG[0m [2methereum_transaction_pool_monitor::eth_client[0m[2m:[0m ✅ Transaction 0x5d00a990ff1bb0ec07535f8b31928017553c97c1f8d06289a1580168b2f087a0 fetched and parsed in 76.865541ms
[2m2025-12-10T10:08:32.139157Z[0m [34mDEBUG[0m [2methereum_transaction_pool_monitor::mempool_monitor[0m[2m:[0m 🔍 Skipping tx 0x5d00a990ff1bb0ec07535f8b31928017553c97c1f8d06289a1580168b2f087a0 - not a DEX interaction (target: 0x66761Fa41377003622aEE3c7675Fc7b5c1C2FaC5)
[2m2025-12-10T10:08:32.139170Z[0m [34mDEBUG[0m [2methereum_transaction_pool_monitor::mempool_monitor[0m[2m:[0m 📨 Processing new pending transaction: 0xc36828ff361a1a2117d72d8e58ab0f4d72f0a7af3e07de4d15d94cbc7414be2c
[2m2025-12-10T10:08:32.139176Z[0m [34mDEBUG[0m [2methereum_transaction_pool_monitor::mempool_monitor[0m[2m:[0m 🔍 Fetching transaction details for: 0xc36828ff361a1a2117d72d8e58ab0f4d72f0a7af3e07de4d15d94cbc7414be2c
[2m2025-12-10T10:08:32.139180Z[0m [34mDEBUG[0m [2methereum_transaction_pool_monitor::eth_client[0m[2m:[0m 🔍 Fetching transaction details for hash: 0xc36828ff361a1a2117d72d8e58ab0f4d72f0a7af3e07de4d15d94cbc7414be2c
[2m2025-12-10T10:08:32.139202Z[0m [34mDEBUG[0m [2mhyper::client::pool[0m[2m:[0m reuse idle connection for ("http", 192.168.0.14:8545)
[2m2025-12-10T10:08:32.139272Z[0m [34mDEBUG[0m [2mhyper::proto::h1::io[0m[2m:[0m flushed 250 bytes
[2m2025-12-10T10:08:32.139305Z[0m [34mDEBUG[0m [2mhyper::client::pool[0m[2m:[0m reuse idle connection for ("http", 192.168.0.14:8545)
[2m2025-12-10T10:08:32.139324Z[0m [34mDEBUG[0m [2mhyper::proto::h1::io[0m[2m:[0m flushed 172 bytes
[2m2025-12-10T10:08:32.143327Z[0m [34mDEBUG[0m [2mhyper::proto::h1::io[0m[2m:[0m parsed 4 headers
[2m2025-12-10T10:08:32.143349Z[0m [34mDEBUG[0m [2mhyper::proto::h1::conn[0m[2m:[0m incoming body is content-length (45 bytes)
[2m2025-12-10T10:08:32.143367Z[0m [34mDEBUG[0m [2mhyper::proto::h1::conn[0m[2m:[0m incoming body completed
[2m2025-12-10T10:08:32.143398Z[0m [34mDEBUG[0m [2mhyper::client::pool[0m[2m:[0m pooling idle connection for ("http", 192.168.0.14:8545)
[2m2025-12-10T10:08:32.147522Z[0m [34mDEBUG[0m [2mhyper::proto::h1::io[0m[2m:[0m parsed 4 headers
[2m2025-12-10T10:08:32.147529Z[0m [34mDEBUG[0m [2mhyper::proto::h1::conn[0m[2m:[0m incoming body is content-length (770 bytes)
[2m2025-12-10T10:08:32.147534Z[0m [34mDEBUG[0m [2mhyper::proto::h1::conn[0m[2m:[0m incoming body completed
[2m2025-12-10T10:08:32.147542Z[0m [34mDEBUG[0m [2mhyper::client::pool[0m[2m:[0m pooling idle connection for ("http", 192.168.0.14:8545)
[2m2025-12-10T10:08:32.147548Z[0m [34mDEBUG[0m [2methereum_transaction_pool_monitor::eth_client[0m[2m:[0m 📡 Transaction fetch RPC completed in 8.363541ms
[2m2025-12-10T10:08:32.147562Z[0m [34mDEBUG[0m [2methereum_transaction_pool_monitor::eth_client[0m[2m:[0m DeFi transaction detected - Address: 0xdac17f958d2ee523a2206206994597c13d831ec7, Type: Stablecoin, Value: 0 ETH, Gas: 0.27 Gwei
[2m2025-12-10T10:08:32.147573Z[0m [34mDEBUG[0m [2methereum_transaction_pool_monitor::eth_client[0m[2m:[0m ✅ Transaction 0xc36828ff361a1a2117d72d8e58ab0f4d72f0a7af3e07de4d15d94cbc7414be2c fetched and parsed in 8.388416ms
[2m2025-12-10T10:08:32.147578Z[0m [34mDEBUG[0m [2methereum_transaction_pool_monitor::mempool_monitor[0m[2m:[0m 🔍 Skipping tx 0xc36828ff361a1a2117d72d8e58ab0f4d72f0a7af3e07de4d15d94cbc7414be2c - not a DEX interaction (target: 0xdAC17F958D2ee523a2206206994597C13D831ec7)
[2m2025-12-10T10:08:32.147584Z[0m [34mDEBUG[0m [2methereum_transaction_pool_monitor::mempool_monitor[0m[2m:[0m 📨 Processing new pending transaction: 0x85fb2b903dbf6d08ef2866284e71e0b149b7e9cca071a24b003a61187f82ba54
[2m2025-12-10T10:08:32.147588Z[0m [34mDEBUG[0m [2methereum_transaction_pool_monitor::mempool_monitor[0m[2m:[0m 🔍 Fetching transaction details for: 0x85fb2b903dbf6d08ef2866284e71e0b149b7e9cca071a24b003a61187f82ba54
[2m2025-12-10T10:08:32.147591Z[0m [34mDEBUG[0m [2methereum_transaction_pool_monitor::eth_client[0m[2m:[0m 🔍 Fetching transaction details for hash: 0x85fb2b903dbf6d08ef2866284e71e0b149b7e9cca071a24b003a61187f82ba54
[2m2025-12-10T10:08:32.147605Z[0m [34mDEBUG[0m [2mhyper::client::pool[0m[2m:[0m reuse idle connection for ("http", 192.168.0.14:8545)
[2m2025-12-10T10:08:32.147626Z[0m [34mDEBUG[0m [2mhyper::proto::h1::io[0m[2m:[0m flushed 250 bytes
[2m2025-12-10T10:08:32.152133Z[0m [34mDEBUG[0m [2mhyper::proto::h1::io[0m[2m:[0m parsed 4 headers
[2m2025-12-10T10:08:32.152151Z[0m [34mDEBUG[0m [2mhyper::proto::h1::conn[0m[2m:[0m incoming body is content-length (769 bytes)
[2m2025-12-10T10:08:32.152157Z[0m [34mDEBUG[0m [2mhyper::proto::h1::conn[0m[2m:[0m incoming body completed
[2m2025-12-10T10:08:32.152165Z[0m [34mDEBUG[0m [2mhyper::client::pool[0m[2m:[0m pooling idle connection for ("http", 192.168.0.14:8545)
[2m2025-12-10T10:08:32.152171Z[0m [34mDEBUG[0m [2methereum_transaction_pool_monitor::eth_client[0m[2m:[0m 📡 Transaction fetch RPC completed in 4.576292ms
[2m2025-12-10T10:08:32.223676Z[0m [34mDEBUG[0m [2methereum_transaction_pool_monitor::eth_client[0m[2m:[0m ✅ Transaction 0x85fb2b903dbf6d08ef2866284e71e0b149b7e9cca071a24b003a61187f82ba54 fetched and parsed in 76.077917ms
[2m2025-12-10T10:08:32.223711Z[0m [34mDEBUG[0m [2methereum_transaction_pool_monitor::mempool_monitor[0m[2m:[0m 🔍 Skipping tx 0x85fb2b903dbf6d08ef2866284e71e0b149b7e9cca071a24b003a61187f82ba54 - not a DEX interaction (target: 0xA0b86991c6218b36c1d19D4a2e9Eb0cE3606eB48)
[2m2025-12-10T10:08:32.223722Z[0m [34mDEBUG[0m [2methereum_transaction_pool_monitor::mempool_monitor[0m[2m:[0m 📨 Processing new pending transaction: 0x0d6142e7a329378dd5db24e3fb858188739a1b32dc2ac5c44ebfcf2d8d5d5f79
[2m2025-12-10T10:08:32.223728Z[0m [34mDEBUG[0m [2methereum_transaction_pool_monitor::mempool_monitor[0m[2m:[0m 🔍 Fetching transaction details for: 0x0d6142e7a329378dd5db24e3fb858188739a1b32dc2ac5c44ebfcf2d8d5d5f79
[2m2025-12-10T10:08:32.223732Z[0m [34mDEBUG[0m [2methereum_transaction_pool_monitor::eth_client[0m[2m:[0m 🔍 Fetching transaction details for hash: 0x0d6142e7a329378dd5db24e3fb858188739a1b32dc2ac5c44ebfcf2d8d5d5f79
[2m2025-12-10T10:08:32.223756Z[0m [34mDEBUG[0m [2mhyper::client::pool[0m[2m:[0m reuse idle connection for ("http", 192.168.0.14:8545)
[2m2025-12-10T10:08:32.223803Z[0m [34mDEBUG[0m [2mhyper::proto::h1::io[0m[2m:[0m flushed 250 bytes
[2m2025-12-10T10:08:32.223824Z[0m [34mDEBUG[0m [2mhyper::client::pool[0m[2m:[0m reuse idle connection for ("http", 192.168.0.14:8545)
[2m2025-12-10T10:08:32.223840Z[0m [34mDEBUG[0m [2mhyper::proto::h1::io[0m[2m:[0m flushed 172 bytes
[2m2025-12-10T10:08:32.223877Z[0m [34mDEBUG[0m [2methereum_transaction_pool_monitor::eth_client[0m[2m:[0m 📨 Received WebSocket message: {"jsonrpc":"2.0","method":"eth_subscription","params":{"subscription":"0xbed0a0851463e895960a451075a301a9","result":"0x547b2a5de11c7439b8179dac311b7a7f138bd32c2621949abe58812707fca363"}}
[2m2025-12-10T10:08:32.223886Z[0m [34mDEBUG[0m [2methereum_transaction_pool_monitor::eth_client[0m[2m:[0m 📨 Received pending transaction: 0x547b2a5de11c7439b8179dac311b7a7f138bd32c2621949abe58812707fca363
[2m2025-12-10T10:08:32.223892Z[0m [34mDEBUG[0m [2methereum_transaction_pool_monitor::eth_client[0m[2m:[0m 📨 Received WebSocket message: {"jsonrpc":"2.0","method":"eth_subscription","params":{"subscription":"0xbed0a0851463e895960a451075a301a9","result":"0xa2e1ead17d805707ef3620a13cb1d6c8112697f42ac36624a43ac83c73d0fc75"}}
[2m2025-12-10T10:08:32.223898Z[0m [34mDEBUG[0m [2methereum_transaction_pool_monitor::eth_client[0m[2m:[0m 📨 Received pending transaction: 0xa2e1ead17d805707ef3620a13cb1d6c8112697f42ac36624a43ac83c73d0fc75
[2m2025-12-10T10:08:32.229547Z[0m [34mDEBUG[0m [2mhyper::proto::h1::io[0m[2m:[0m parsed 4 headers
[2m2025-12-10T10:08:32.229578Z[0m [34mDEBUG[0m [2mhyper::proto::h1::conn[0m[2m:[0m incoming body is content-length (647 bytes)
[2m2025-12-10T10:08:32.229601Z[0m [34mDEBUG[0m [2mhyper::proto::h1::conn[0m[2m:[0m incoming body completed
[2m2025-12-10T10:08:32.229616Z[0m [34mDEBUG[0m [2mhyper::client::pool[0m[2m:[0m pooling idle connection for ("http", 192.168.0.14:8545)
[2m2025-12-10T10:08:32.229625Z[0m [34mDEBUG[0m [2methereum_transaction_pool_monitor::eth_client[0m[2m:[0m 📡 Transaction fetch RPC completed in 5.889083ms
[2m2025-12-10T10:08:32.301322Z[0m [34mDEBUG[0m [2methereum_transaction_pool_monitor::eth_client[0m[2m:[0m ✅ Transaction 0x0d6142e7a329378dd5db24e3fb858188739a1b32dc2ac5c44ebfcf2d8d5d5f79 fetched and parsed in 77.582833ms
[2m2025-12-10T10:08:32.301355Z[0m [34mDEBUG[0m [2methereum_transaction_pool_monitor::mempool_monitor[0m[2m:[0m 🔍 Skipping tx 0x0d6142e7a329378dd5db24e3fb858188739a1b32dc2ac5c44ebfcf2d8d5d5f79 - not a DEX interaction (target: 0x45300136662dD4e58fc0DF61E6290DFfD992B785)
[2m2025-12-10T10:08:32.301370Z[0m [34mDEBUG[0m [2methereum_transaction_pool_monitor::mempool_monitor[0m[2m:[0m 📨 Processing new pending transaction: 0x8ff8a95e5014edf12e867e76995a593c8cff6c0f636c7e9d6189d159665f3fc5
[2m2025-12-10T10:08:32.301379Z[0m [34mDEBUG[0m [2methereum_transaction_pool_monitor::mempool_monitor[0m[2m:[0m 🔍 Fetching transaction details for: 0x8ff8a95e5014edf12e867e76995a593c8cff6c0f636c7e9d6189d159665f3fc5
[2m2025-12-10T10:08:32.301384Z[0m [34mDEBUG[0m [2methereum_transaction_pool_monitor::eth_client[0m[2m:[0m 🔍 Fetching transaction details for hash: 0x8ff8a95e5014edf12e867e76995a593c8cff6c0f636c7e9d6189d159665f3fc5
[2m2025-12-10T10:08:32.301410Z[0m [34mDEBUG[0m [2mhyper::client::pool[0m[2m:[0m reuse idle connection for ("http", 192.168.0.14:8545)
[2m2025-12-10T10:08:32.301447Z[0m [34mDEBUG[0m [2mhyper::proto::h1::io[0m[2m:[0m flushed 250 bytes
[2m2025-12-10T10:08:32.301474Z[0m [34mDEBUG[0m [2methereum_transaction_pool_monitor::eth_client[0m[2m:[0m 📨 Received WebSocket message: {"jsonrpc":"2.0","method":"eth_subscription","params":{"subscription":"0xbed0a0851463e895960a451075a301a9","result":"0x9d49514b00b35a8c6ae4869299834866cb424889a521863e16b6fc405e7a61e7"}}
[2m2025-12-10T10:08:32.301476Z[0m [34mDEBUG[0m [2mhyper::proto::h1::io[0m[2m:[0m parsed 4 headers
[2m2025-12-10T10:08:32.301489Z[0m [34mDEBUG[0m [2methereum_transaction_pool_monitor::eth_client[0m[2m:[0m 📨 Received pending transaction: 0x9d49514b00b35a8c6ae4869299834866cb424889a521863e16b6fc405e7a61e7
[2m2025-12-10T10:08:32.301493Z[0m [34mDEBUG[0m [2mhyper::proto::h1::conn[0m[2m:[0m incoming body is content-length (45 bytes)
[2m2025-12-10T10:08:32.301505Z[0m [34mDEBUG[0m [2mhyper::proto::h1::conn[0m[2m:[0m incoming body completed
[2m2025-12-10T10:08:32.301518Z[0m [34mDEBUG[0m [2mhyper::client::pool[0m[2m:[0m pooling idle connection for ("http", 192.168.0.14:8545)
[2m2025-12-10T10:08:32.301541Z[0m [34mDEBUG[0m [2mhyper::client::pool[0m[2m:[0m reuse idle connection for ("http", 192.168.0.14:8545)
[2m2025-12-10T10:08:32.301559Z[0m [34mDEBUG[0m [2mhyper::proto::h1::io[0m[2m:[0m flushed 172 bytes
[2m2025-12-10T10:08:32.306026Z[0m [34mDEBUG[0m [2mhyper::proto::h1::io[0m[2m:[0m parsed 4 headers
[2m2025-12-10T10:08:32.306031Z[0m [34mDEBUG[0m [2mhyper::proto::h1::conn[0m[2m:[0m incoming body is content-length (45 bytes)
[2m2025-12-10T10:08:32.306036Z[0m [34mDEBUG[0m [2mhyper::proto::h1::conn[0m[2m:[0m incoming body completed
[2m2025-12-10T10:08:32.306042Z[0m [34mDEBUG[0m [2mhyper::client::pool[0m[2m:[0m pooling idle connection for ("http", 192.168.0.14:8545)
[2m2025-12-10T10:08:32.306056Z[0m [34mDEBUG[0m [2mhyper::proto::h1::io[0m[2m:[0m parsed 4 headers
[2m2025-12-10T10:08:32.306060Z[0m [34mDEBUG[0m [2mhyper::proto::h1::conn[0m[2m:[0m incoming body is content-length (769 bytes)
[2m2025-12-10T10:08:32.306065Z[0m [34mDEBUG[0m [2mhyper::proto::h1::conn[0m[2m:[0m incoming body completed
[2m2025-12-10T10:08:32.306071Z[0m [34mDEBUG[0m [2mhyper::client::pool[0m[2m:[0m pooling idle connection for ("http", 192.168.0.14:8545)
[2m2025-12-10T10:08:32.306077Z[0m [34mDEBUG[0m [2methereum_transaction_pool_monitor::eth_client[0m[2m:[0m 📡 Transaction fetch RPC completed in 4.686625ms
[2m2025-12-10T10:08:32.377715Z[0m [34mDEBUG[0m [2methereum_transaction_pool_monitor::eth_client[0m[2m:[0m ✅ Transaction 0x8ff8a95e5014edf12e867e76995a593c8cff6c0f636c7e9d6189d159665f3fc5 fetched and parsed in 76.322042ms
[2m2025-12-10T10:08:32.377746Z[0m [34mDEBUG[0m [2methereum_transaction_pool_monitor::mempool_monitor[0m[2m:[0m 🔍 Skipping tx 0x8ff8a95e5014edf12e867e76995a593c8cff6c0f636c7e9d6189d159665f3fc5 - not a DEX interaction (target: 0xA0b86991c6218b36c1d19D4a2e9Eb0cE3606eB48)
[2m2025-12-10T10:08:32.377764Z[0m [34mDEBUG[0m [2methereum_transaction_pool_monitor::mempool_monitor[0m[2m:[0m 📨 Processing new pending transaction: 0x5e7e6085b3174725f0a6885d9150af85b7f3f98b0e23fd8ea0bc133e2ca1eed3
[2m2025-12-10T10:08:32.377772Z[0m [34mDEBUG[0m [2methereum_transaction_pool_monitor::mempool_monitor[0m[2m:[0m 🔍 Fetching transaction details for: 0x5e7e6085b3174725f0a6885d9150af85b7f3f98b0e23fd8ea0bc133e2ca1eed3
[2m2025-12-10T10:08:32.377778Z[0m [34mDEBUG[0m [2methereum_transaction_pool_monitor::eth_client[0m[2m:[0m 🔍 Fetching transaction details for hash: 0x5e7e6085b3174725f0a6885d9150af85b7f3f98b0e23fd8ea0bc133e2ca1eed3
[2m2025-12-10T10:08:32.377801Z[0m [34mDEBUG[0m [2mhyper::client::pool[0m[2m:[0m reuse idle connection for ("http", 192.168.0.14:8545)
[2m2025-12-10T10:08:32.377850Z[0m [34mDEBUG[0m [2mhyper::proto::h1::io[0m[2m:[0m flushed 250 bytes
[2m2025-12-10T10:08:32.386818Z[0m [34mDEBUG[0m [2mhyper::proto::h1::io[0m[2m:[0m parsed 4 headers
[2m2025-12-10T10:08:32.386837Z[0m [34mDEBUG[0m [2mhyper::proto::h1::conn[0m[2m:[0m incoming body is content-length (675 bytes)
[2m2025-12-10T10:08:32.386861Z[0m [34mDEBUG[0m [2mhyper::proto::h1::conn[0m[2m:[0m incoming body completed
[2m2025-12-10T10:08:32.386874Z[0m [34mDEBUG[0m [2mhyper::client::pool[0m[2m:[0m pooling idle connection for ("http", 192.168.0.14:8545)
[2m2025-12-10T10:08:32.386882Z[0m [34mDEBUG[0m [2methereum_transaction_pool_monitor::eth_client[0m[2m:[0m 📡 Transaction fetch RPC completed in 9.097291ms
[2m2025-12-10T10:08:32.386900Z[0m [34mDEBUG[0m [2methereum_transaction_pool_monitor::eth_client[0m[2m:[0m DeFi transaction detected - Address: 0xdac17f958d2ee523a2206206994597c13d831ec7, Type: Stablecoin, Value: 0 ETH, Gas: 1.00 Gwei
[2m2025-12-10T10:08:32.386913Z[0m [34mDEBUG[0m [2methereum_transaction_pool_monitor::eth_client[0m[2m:[0m ✅ Transaction 0x5e7e6085b3174725f0a6885d9150af85b7f3f98b0e23fd8ea0bc133e2ca1eed3 fetched and parsed in 9.12825ms
[2m2025-12-10T10:08:32.386918Z[0m [34mDEBUG[0m [2methereum_transaction_pool_monitor::mempool_monitor[0m[2m:[0m 🔍 Skipping tx 0x5e7e6085b3174725f0a6885d9150af85b7f3f98b0e23fd8ea0bc133e2ca1eed3 - not a DEX interaction (target: 0xdAC17F958D2ee523a2206206994597C13D831ec7)
[2m2025-12-10T10:08:32.386925Z[0m [34mDEBUG[0m [2methereum_transaction_pool_monitor::mempool_monitor[0m[2m:[0m 📨 Processing new pending transaction: 0xb93e046967057bcec3d24ff633c94fd71b268ec6c1838aa278c9e0064668a161
[2m2025-12-10T10:08:32.386929Z[0m [34mDEBUG[0m [2methereum_transaction_pool_monitor::mempool_monitor[0m[2m:[0m 🔍 Fetching transaction details for: 0xb93e046967057bcec3d24ff633c94fd71b268ec6c1838aa278c9e0064668a161
[2m2025-12-10T10:08:32.386933Z[0m [34mDEBUG[0m [2methereum_transaction_pool_monitor::eth_client[0m[2m:[0m 🔍 Fetching transaction details for hash: 0xb93e046967057bcec3d24ff633c94fd71b268ec6c1838aa278c9e0064668a161
[2m2025-12-10T10:08:32.386949Z[0m [34mDEBUG[0m [2mhyper::client::pool[0m[2m:[0m reuse idle connection for ("http", 192.168.0.14:8545)
[2m2025-12-10T10:08:32.386972Z[0m [34mDEBUG[0m [2mhyper::proto::h1::io[0m[2m:[0m flushed 250 bytes
[2m2025-12-10T10:08:32.392212Z[0m [34mDEBUG[0m [2mhyper::proto::h1::io[0m[2m:[0m parsed 4 headers
[2m2025-12-10T10:08:32.392219Z[0m [34mDEBUG[0m [2mhyper::proto::h1::conn[0m[2m:[0m incoming body is content-length (771 bytes)
[2m2025-12-10T10:08:32.392228Z[0m [34mDEBUG[0m [2mhyper::proto::h1::conn[0m[2m:[0m incoming body completed
[2m2025-12-10T10:08:32.392238Z[0m [34mDEBUG[0m [2mhyper::client::pool[0m[2m:[0m pooling idle connection for ("http", 192.168.0.14:8545)
[2m2025-12-10T10:08:32.392246Z[0m [34mDEBUG[0m [2methereum_transaction_pool_monitor::eth_client[0m[2m:[0m 📡 Transaction fetch RPC completed in 5.308875ms
[2m2025-12-10T10:08:32.463560Z[0m [34mDEBUG[0m [2methereum_transaction_pool_monitor::eth_client[0m[2m:[0m ✅ Transaction 0xb93e046967057bcec3d24ff633c94fd71b268ec6c1838aa278c9e0064668a161 fetched and parsed in 76.621042ms
[2m2025-12-10T10:08:32.463583Z[0m [34mDEBUG[0m [2methereum_transaction_pool_monitor::mempool_monitor[0m[2m:[0m 🔍 Skipping tx 0xb93e046967057bcec3d24ff633c94fd71b268ec6c1838aa278c9e0064668a161 - not a DEX interaction (target: 0xA0b86991c6218b36c1d19D4a2e9Eb0cE3606eB48)
[2m2025-12-10T10:08:32.463592Z[0m [34mDEBUG[0m [2methereum_transaction_pool_monitor::mempool_monitor[0m[2m:[0m 📨 Processing new pending transaction: 0x9bef0b118dde82e325412e038bcfde6a7dbc19822757f76dc522df9b91aeb8a3
[2m2025-12-10T10:08:32.463597Z[0m [34mDEBUG[0m [2methereum_transaction_pool_monitor::mempool_monitor[0m[2m:[0m 🔍 Fetching transaction details for: 0x9bef0b118dde82e325412e038bcfde6a7dbc19822757f76dc522df9b91aeb8a3
[2m2025-12-10T10:08:32.463602Z[0m [34mDEBUG[0m [2methereum_transaction_pool_monitor::eth_client[0m[2m:[0m 🔍 Fetching transaction details for hash: 0x9bef0b118dde82e325412e038bcfde6a7dbc19822757f76dc522df9b91aeb8a3
[2m2025-12-10T10:08:32.463621Z[0m [34mDEBUG[0m [2mhyper::client::pool[0m[2m:[0m reuse idle connection for ("http", 192.168.0.14:8545)
[2m2025-12-10T10:08:32.463671Z[0m [34mDEBUG[0m [2mhyper::proto::h1::io[0m[2m:[0m flushed 250 bytes
[2m2025-12-10T10:08:32.463711Z[0m [34mDEBUG[0m [2mhyper::client::pool[0m[2m:[0m reuse idle connection for ("http", 192.168.0.14:8545)
[2m2025-12-10T10:08:32.463727Z[0m [34mDEBUG[0m [2mhyper::proto::h1::io[0m[2m:[0m flushed 172 bytes
[2m2025-12-10T10:08:32.465038Z[0m [34mDEBUG[0m [2methereum_transaction_pool_monitor::eth_client[0m[2m:[0m 📨 Received WebSocket message: {"jsonrpc":"2.0","method":"eth_subscription","params":{"subscription":"0xbed0a0851463e895960a451075a301a9","result":"0x1a2bc01761afb2f9e3917118faec873db036f1f2379da1378946d5d043cacd8e"}}
[2m2025-12-10T10:08:32.465046Z[0m [34mDEBUG[0m [2methereum_transaction_pool_monitor::eth_client[0m[2m:[0m 📨 Received pending transaction: 0x1a2bc01761afb2f9e3917118faec873db036f1f2379da1378946d5d043cacd8e
[2m2025-12-10T10:08:32.470232Z[0m [34mDEBUG[0m [2mhyper::proto::h1::io[0m[2m:[0m parsed 4 headers
[2m2025-12-10T10:08:32.470252Z[0m [34mDEBUG[0m [2mhyper::proto::h1::conn[0m[2m:[0m incoming body is content-length (650 bytes)
[2m2025-12-10T10:08:32.470259Z[0m [34mDEBUG[0m [2mhyper::proto::h1::conn[0m[2m:[0m incoming body completed
[2m2025-12-10T10:08:32.470266Z[0m [34mDEBUG[0m [2mhyper::client::pool[0m[2m:[0m pooling idle connection for ("http", 192.168.0.14:8545)
[2m2025-12-10T10:08:32.470272Z[0m [34mDEBUG[0m [2methereum_transaction_pool_monitor::eth_client[0m[2m:[0m 📡 Transaction fetch RPC completed in 6.666208ms
[2m2025-12-10T10:08:32.539879Z[0m [34mDEBUG[0m [2methereum_transaction_pool_monitor::eth_client[0m[2m:[0m ✅ Transaction 0x9bef0b118dde82e325412e038bcfde6a7dbc19822757f76dc522df9b91aeb8a3 fetched and parsed in 76.271417ms
[2m2025-12-10T10:08:32.539912Z[0m [34mDEBUG[0m [2methereum_transaction_pool_monitor::mempool_monitor[0m[2m:[0m 🔍 Skipping tx 0x9bef0b118dde82e325412e038bcfde6a7dbc19822757f76dc522df9b91aeb8a3 - not a DEX interaction (target: 0x45300136662dD4e58fc0DF61E6290DFfD992B785)
[2m2025-12-10T10:08:32.539921Z[0m [34mDEBUG[0m [2methereum_transaction_pool_monitor::mempool_monitor[0m[2m:[0m 📨 Processing new pending transaction: 0x7e52e68214808934489884de08eefd13a406f6037e7e224c8863a78dedb9417f
[2m2025-12-10T10:08:32.539925Z[0m [34mDEBUG[0m [2methereum_transaction_pool_monitor::mempool_monitor[0m[2m:[0m 🔍 Fetching transaction details for: 0x7e52e68214808934489884de08eefd13a406f6037e7e224c8863a78dedb9417f
[2m2025-12-10T10:08:32.539928Z[0m [34mDEBUG[0m [2methereum_transaction_pool_monitor::eth_client[0m[2m:[0m 🔍 Fetching transaction details for hash: 0x7e52e68214808934489884de08eefd13a406f6037e7e224c8863a78dedb9417f
[2m2025-12-10T10:08:32.539947Z[0m [34mDEBUG[0m [2mhyper::client::pool[0m[2m:[0m reuse idle connection for ("http", 192.168.0.14:8545)
[2m2025-12-10T10:08:32.540007Z[0m [34mDEBUG[0m [2mhyper::proto::h1::io[0m[2m:[0m flushed 250 bytes
[2m2025-12-10T10:08:32.540023Z[0m [34mDEBUG[0m [2mhyper::proto::h1::io[0m[2m:[0m parsed 4 headers
[2m2025-12-10T10:08:32.540028Z[0m [34mDEBUG[0m [2mhyper::proto::h1::conn[0m[2m:[0m incoming body is content-length (45 bytes)
[2m2025-12-10T10:08:32.540035Z[0m [34mDEBUG[0m [2mhyper::proto::h1::conn[0m[2m:[0m incoming body completed
[2m2025-12-10T10:08:32.540043Z[0m [34mDEBUG[0m [2mhyper::client::pool[0m[2m:[0m pooling idle connection for ("http", 192.168.0.14:8545)
[2m2025-12-10T10:08:32.540058Z[0m [34mDEBUG[0m [2mhyper::client::pool[0m[2m:[0m reuse idle connection for ("http", 192.168.0.14:8545)
[2m2025-12-10T10:08:32.540074Z[0m [34mDEBUG[0m [2mhyper::proto::h1::io[0m[2m:[0m flushed 172 bytes
[2m2025-12-10T10:08:32.547125Z[0m [34mDEBUG[0m [2mhyper::proto::h1::io[0m[2m:[0m parsed 4 headers
[2m2025-12-10T10:08:32.547153Z[0m [34mDEBUG[0m [2mhyper::proto::h1::conn[0m[2m:[0m incoming body is content-length (45 bytes)
[2m2025-12-10T10:08:32.547172Z[0m [34mDEBUG[0m [2mhyper::proto::h1::conn[0m[2m:[0m incoming body completed
[2m2025-12-10T10:08:32.547181Z[0m [34mDEBUG[0m [2mhyper::client::pool[0m[2m:[0m pooling idle connection for ("http", 192.168.0.14:8545)
[2m2025-12-10T10:08:32.551114Z[0m [34mDEBUG[0m [2mhyper::proto::h1::io[0m[2m:[0m parsed 4 headers
[2m2025-12-10T10:08:32.551119Z[0m [34mDEBUG[0m [2mhyper::proto::h1::conn[0m[2m:[0m incoming body is content-length (646 bytes)
[2m2025-12-10T10:08:32.551123Z[0m [34mDEBUG[0m [2mhyper::proto::h1::conn[0m[2m:[0m incoming body completed
[2m2025-12-10T10:08:32.551129Z[0m [34mDEBUG[0m [2mhyper::client::pool[0m[2m:[0m pooling idle connection for ("http", 192.168.0.14:8545)
[2m2025-12-10T10:08:32.551133Z[0m [34mDEBUG[0m [2methereum_transaction_pool_monitor::eth_client[0m[2m:[0m 📡 Transaction fetch RPC completed in 11.200875ms
[2m2025-12-10T10:08:32.621880Z[0m [34mDEBUG[0m [2methereum_transaction_pool_monitor::eth_client[0m[2m:[0m ✅ Transaction 0x7e52e68214808934489884de08eefd13a406f6037e7e224c8863a78dedb9417f fetched and parsed in 81.945375ms
[2m2025-12-10T10:08:32.621906Z[0m [34mDEBUG[0m [2methereum_transaction_pool_monitor::mempool_monitor[0m[2m:[0m 🔍 Skipping tx 0x7e52e68214808934489884de08eefd13a406f6037e7e224c8863a78dedb9417f - not a DEX interaction (target: 0xDDf0D71701a9362c377fe283f52f1B8cE2Ef205E)
[2m2025-12-10T10:08:32.621915Z[0m [34mDEBUG[0m [2methereum_transaction_pool_monitor::mempool_monitor[0m[2m:[0m 📨 Processing new pending transaction: 0xdaf0adfc00ecc1a8ed822926612e129c4dcc6ba54608cc523c23dd416787d47f
[2m2025-12-10T10:08:32.621921Z[0m [34mDEBUG[0m [2methereum_transaction_pool_monitor::mempool_monitor[0m[2m:[0m 🔍 Fetching transaction details for: 0xdaf0adfc00ecc1a8ed822926612e129c4dcc6ba54608cc523c23dd416787d47f
[2m2025-12-10T10:08:32.621925Z[0m [34mDEBUG[0m [2methereum_transaction_pool_monitor::eth_client[0m[2m:[0m 🔍 Fetching transaction details for hash: 0xdaf0adfc00ecc1a8ed822926612e129c4dcc6ba54608cc523c23dd416787d47f
[2m2025-12-10T10:08:32.621953Z[0m [34mDEBUG[0m [2mhyper::client::pool[0m[2m:[0m reuse idle connection for ("http", 192.168.0.14:8545)
[2m2025-12-10T10:08:32.622001Z[0m [34mDEBUG[0m [2mhyper::proto::h1::io[0m[2m:[0m flushed 250 bytes
[2m2025-12-10T10:08:32.622029Z[0m [34mDEBUG[0m [2mhyper::client::pool[0m[2m:[0m reuse idle connection for ("http", 192.168.0.14:8545)
[2m2025-12-10T10:08:32.622043Z[0m [34mDEBUG[0m [2mhyper::proto::h1::io[0m[2m:[0m flushed 172 bytes
[2m2025-12-10T10:08:32.632680Z[0m [34mDEBUG[0m [2mhyper::proto::h1::io[0m[2m:[0m parsed 4 headers
[2m2025-12-10T10:08:32.632704Z[0m [34mDEBUG[0m [2mhyper::proto::h1::conn[0m[2m:[0m incoming body is content-length (45 bytes)
[2m2025-12-10T10:08:32.632726Z[0m [34mDEBUG[0m [2mhyper::proto::h1::conn[0m[2m:[0m incoming body completed
[2m2025-12-10T10:08:32.632739Z[0m [34mDEBUG[0m [2mhyper::client::pool[0m[2m:[0m pooling idle connection for ("http", 192.168.0.14:8545)
[2m2025-12-10T10:08:32.632878Z[0m [34mDEBUG[0m [2mhyper::proto::h1::io[0m[2m:[0m parsed 4 headers
[2m2025-12-10T10:08:32.632883Z[0m [34mDEBUG[0m [2mhyper::proto::h1::conn[0m[2m:[0m incoming body is content-length (647 bytes)
[2m2025-12-10T10:08:32.632887Z[0m [34mDEBUG[0m [2mhyper::proto::h1::conn[0m[2m:[0m incoming body completed
[2m2025-12-10T10:08:32.632892Z[0m [34mDEBUG[0m [2mhyper::client::pool[0m[2m:[0m pooling idle connection for ("http", 192.168.0.14:8545)
[2m2025-12-10T10:08:32.632897Z[0m [34mDEBUG[0m [2methereum_transaction_pool_monitor::eth_client[0m[2m:[0m 📡 Transaction fetch RPC completed in 10.959875ms
[2m2025-12-10T10:08:32.703369Z[0m [34mDEBUG[0m [2methereum_transaction_pool_monitor::eth_client[0m[2m:[0m ✅ Transaction 0xdaf0adfc00ecc1a8ed822926612e129c4dcc6ba54608cc523c23dd416787d47f fetched and parsed in 81.429416ms
[2m2025-12-10T10:08:32.703397Z[0m [34mDEBUG[0m [2methereum_transaction_pool_monitor::mempool_monitor[0m[2m:[0m 🔍 Skipping tx 0xdaf0adfc00ecc1a8ed822926612e129c4dcc6ba54608cc523c23dd416787d47f - not a DEX interaction (target: 0xd8c870030791C4A0DB29f7fe169426CFE069Df2d)
[2m2025-12-10T10:08:32.703408Z[0m [34mDEBUG[0m [2methereum_transaction_pool_monitor::mempool_monitor[0m[2m:[0m 📨 Processing new pending transaction: 0xda0fba6a0fa36eb7c753fab650b297154ac2009e974b1a4faad7c019592e762c
[2m2025-12-10T10:08:32.703414Z[0m [34mDEBUG[0m [2methereum_transaction_pool_monitor::mempool_monitor[0m[2m:[0m 🔍 Fetching transaction details for: 0xda0fba6a0fa36eb7c753fab650b297154ac2009e974b1a4faad7c019592e762c
[2m2025-12-10T10:08:32.703418Z[0m [34mDEBUG[0m [2methereum_transaction_pool_monitor::eth_client[0m[2m:[0m 🔍 Fetching transaction details for hash: 0xda0fba6a0fa36eb7c753fab650b297154ac2009e974b1a4faad7c019592e762c
[2m2025-12-10T10:08:32.703438Z[0m [34mDEBUG[0m [2mhyper::client::pool[0m[2m:[0m reuse idle connection for ("http", 192.168.0.14:8545)
[2m2025-12-10T10:08:32.703482Z[0m [34mDEBUG[0m [2mhyper::proto::h1::io[0m[2m:[0m flushed 250 bytes
[2m2025-12-10T10:08:32.703502Z[0m [34mDEBUG[0m [2mhyper::client::pool[0m[2m:[0m reuse idle connection for ("http", 192.168.0.14:8545)
[2m2025-12-10T10:08:32.703517Z[0m [34mDEBUG[0m [2mhyper::proto::h1::io[0m[2m:[0m flushed 172 bytes
[2m2025-12-10T10:08:32.703518Z[0m [34mDEBUG[0m [2methereum_transaction_pool_monitor::eth_client[0m[2m:[0m 📨 Received WebSocket message: {"jsonrpc":"2.0","method":"eth_subscription","params":{"subscription":"0xbed0a0851463e895960a451075a301a9","result":"0x376cd7b70f8b72c4b4a887218dd576072b79c98160ec7da2a0b5ff6c8a8047df"}}
[2m2025-12-10T10:08:32.703530Z[0m [34mDEBUG[0m [2methereum_transaction_pool_monitor::eth_client[0m[2m:[0m 📨 Received pending transaction: 0x376cd7b70f8b72c4b4a887218dd576072b79c98160ec7da2a0b5ff6c8a8047df
[2m2025-12-10T10:08:32.708498Z[0m [34mDEBUG[0m [2mhyper::proto::h1::io[0m[2m:[0m parsed 4 headers
[2m2025-12-10T10:08:32.708504Z[0m [34mDEBUG[0m [2mhyper::proto::h1::conn[0m[2m:[0m incoming body is content-length (771 bytes)
[2m2025-12-10T10:08:32.708511Z[0m [34mDEBUG[0m [2mhyper::proto::h1::conn[0m[2m:[0m incoming body completed
[2m2025-12-10T10:08:32.708519Z[0m [34mDEBUG[0m [2mhyper::client::pool[0m[2m:[0m pooling idle connection for ("http", 192.168.0.14:8545)
[2m2025-12-10T10:08:32.708525Z[0m [34mDEBUG[0m [2methereum_transaction_pool_monitor::eth_client[0m[2m:[0m 📡 Transaction fetch RPC completed in 5.102583ms
[2m2025-12-10T10:08:32.810286Z[0m [34mDEBUG[0m [2methereum_transaction_pool_monitor::eth_client[0m[2m:[0m ✅ Transaction 0xda0fba6a0fa36eb7c753fab650b297154ac2009e974b1a4faad7c019592e762c fetched and parsed in 106.860041ms
[2m2025-12-10T10:08:32.810322Z[0m [34mDEBUG[0m [2methereum_transaction_pool_monitor::mempool_monitor[0m[2m:[0m 🔍 Skipping tx 0xda0fba6a0fa36eb7c753fab650b297154ac2009e974b1a4faad7c019592e762c - not a DEX interaction (target: 0xc20059e0317DE91738d13af027DfC4a50781b066)
[2m2025-12-10T10:08:32.810335Z[0m [34mDEBUG[0m [2methereum_transaction_pool_monitor::mempool_monitor[0m[2m:[0m 📨 Processing new pending transaction: 0x80bf132bafd5c7619353ddbf032263ac4fbd108e136d4fc4da10a3a6a6710880
[2m2025-12-10T10:08:32.810341Z[0m [34mDEBUG[0m [2methereum_transaction_pool_monitor::mempool_monitor[0m[2m:[0m 🔍 Fetching transaction details for: 0x80bf132bafd5c7619353ddbf032263ac4fbd108e136d4fc4da10a3a6a6710880
[2m2025-12-10T10:08:32.810345Z[0m [34mDEBUG[0m [2methereum_transaction_pool_monitor::eth_client[0m[2m:[0m 🔍 Fetching transaction details for hash: 0x80bf132bafd5c7619353ddbf032263ac4fbd108e136d4fc4da10a3a6a6710880
[2m2025-12-10T10:08:32.810368Z[0m [34mDEBUG[0m [2mhyper::client::pool[0m[2m:[0m reuse idle connection for ("http", 192.168.0.14:8545)
[2m2025-12-10T10:08:32.810416Z[0m [34mDEBUG[0m [2mhyper::proto::h1::io[0m[2m:[0m flushed 250 bytes
[2m2025-12-10T10:08:32.810446Z[0m [34mDEBUG[0m [2methereum_transaction_pool_monitor::eth_client[0m[2m:[0m 📨 Received WebSocket message: {"jsonrpc":"2.0","method":"eth_subscription","params":{"subscription":"0xbed0a0851463e895960a451075a301a9","result":"0xd944b445117f3c49e63dff6a99de4504b1004665f5e7234101c88415c8af90dc"}}
[2m2025-12-10T10:08:32.810446Z[0m [34mDEBUG[0m [2mhyper::proto::h1::io[0m[2m:[0m parsed 4 headers
[2m2025-12-10T10:08:32.810459Z[0m [34mDEBUG[0m [2methereum_transaction_pool_monitor::eth_client[0m[2m:[0m 📨 Received pending transaction: 0xd944b445117f3c49e63dff6a99de4504b1004665f5e7234101c88415c8af90dc
[2m2025-12-10T10:08:32.810471Z[0m [34mDEBUG[0m [2mhyper::proto::h1::conn[0m[2m:[0m incoming body is content-length (45 bytes)
[2m2025-12-10T10:08:32.810488Z[0m [34mDEBUG[0m [2mhyper::proto::h1::conn[0m[2m:[0m incoming body completed
[2m2025-12-10T10:08:32.810501Z[0m [34mDEBUG[0m [2mhyper::client::pool[0m[2m:[0m pooling idle connection for ("http", 192.168.0.14:8545)
[2m2025-12-10T10:08:32.810521Z[0m [34mDEBUG[0m [2mhyper::client::pool[0m[2m:[0m reuse idle connection for ("http", 192.168.0.14:8545)
[2m2025-12-10T10:08:32.810541Z[0m [34mDEBUG[0m [2mhyper::proto::h1::io[0m[2m:[0m flushed 172 bytes
[2m2025-12-10T10:08:32.860988Z[0m [34mDEBUG[0m [2mhyper::proto::h1::io[0m[2m:[0m parsed 4 headers
[2m2025-12-10T10:08:32.861011Z[0m [34mDEBUG[0m [2mhyper::proto::h1::conn[0m[2m:[0m incoming body is content-length (45 bytes)
[2m2025-12-10T10:08:32.861024Z[0m [34mDEBUG[0m [2mhyper::proto::h1::conn[0m[2m:[0m incoming body completed
[2m2025-12-10T10:08:32.861039Z[0m [34mDEBUG[0m [2mhyper::client::pool[0m[2m:[0m pooling idle connection for ("http", 192.168.0.14:8545)
[2m2025-12-10T10:08:32.861225Z[0m [34mDEBUG[0m [2mhyper::proto::h1::io[0m[2m:[0m parsed 4 headers
[2m2025-12-10T10:08:32.861232Z[0m [34mDEBUG[0m [2mhyper::proto::h1::conn[0m[2m:[0m incoming body is content-length (774 bytes)
[2m2025-12-10T10:08:32.861238Z[0m [34mDEBUG[0m [2mhyper::proto::h1::conn[0m[2m:[0m incoming body completed
[2m2025-12-10T10:08:32.861245Z[0m [34mDEBUG[0m [2mhyper::client::pool[0m[2m:[0m pooling idle connection for ("http", 192.168.0.14:8545)
[2m2025-12-10T10:08:32.861250Z[0m [34mDEBUG[0m [2methereum_transaction_pool_monitor::eth_client[0m[2m:[0m 📡 Transaction fetch RPC completed in 50.901125ms
[2m2025-12-10T10:08:32.978989Z[0m [34mDEBUG[0m [2methereum_transaction_pool_monitor::eth_client[0m[2m:[0m ✅ Transaction 0x80bf132bafd5c7619353ddbf032263ac4fbd108e136d4fc4da10a3a6a6710880 fetched and parsed in 168.636792ms
[2m2025-12-10T10:08:32.979017Z[0m [34mDEBUG[0m [2methereum_transaction_pool_monitor::mempool_monitor[0m[2m:[0m 🔍 Skipping tx 0x80bf132bafd5c7619353ddbf032263ac4fbd108e136d4fc4da10a3a6a6710880 - not a DEX interaction (target: 0xA0b86991c6218b36c1d19D4a2e9Eb0cE3606eB48)
[2m2025-12-10T10:08:32.979028Z[0m [34mDEBUG[0m [2methereum_transaction_pool_monitor::mempool_monitor[0m[2m:[0m 📨 Processing new pending transaction: 0x0b66d48e242a4a2f9cd9ab3eafafe719ce2ace7a6dd4ebab3a13c93c365c29bd
[2m2025-12-10T10:08:32.979037Z[0m [34mDEBUG[0m [2methereum_transaction_pool_monitor::mempool_monitor[0m[2m:[0m 🔍 Fetching transaction details for: 0x0b66d48e242a4a2f9cd9ab3eafafe719ce2ace7a6dd4ebab3a13c93c365c29bd
[2m2025-12-10T10:08:32.979043Z[0m [34mDEBUG[0m [2methereum_transaction_pool_monitor::eth_client[0m[2m:[0m 🔍 Fetching transaction details for hash: 0x0b66d48e242a4a2f9cd9ab3eafafe719ce2ace7a6dd4ebab3a13c93c365c29bd
[2m2025-12-10T10:08:32.979066Z[0m [34mDEBUG[0m [2mhyper::client::pool[0m[2m:[0m reuse idle connection for ("http", 192.168.0.14:8545)
[2m2025-12-10T10:08:32.979105Z[0m [34mDEBUG[0m [2mhyper::proto::h1::io[0m[2m:[0m flushed 250 bytes
[2m2025-12-10T10:08:32.979125Z[0m [34mDEBUG[0m [2mhyper::client::pool[0m[2m:[0m reuse idle connection for ("http", 192.168.0.14:8545)
[2m2025-12-10T10:08:32.979131Z[0m [34mDEBUG[0m [2methereum_transaction_pool_monitor::eth_client[0m[2m:[0m 📨 Received WebSocket message: {"jsonrpc":"2.0","method":"eth_subscription","params":{"subscription":"0xbed0a0851463e895960a451075a301a9","result":"0xeb47f20e21a6078bc28980421a7b52f12ee1a37cffaa2b19dedb7172514fc312"}}
[2m2025-12-10T10:08:32.979140Z[0m [34mDEBUG[0m [2mhyper::proto::h1::io[0m[2m:[0m flushed 172 bytes
[2m2025-12-10T10:08:32.979143Z[0m [34mDEBUG[0m [2methereum_transaction_pool_monitor::eth_client[0m[2m:[0m 📨 Received pending transaction: 0xeb47f20e21a6078bc28980421a7b52f12ee1a37cffaa2b19dedb7172514fc312
[2m2025-12-10T10:08:32.979151Z[0m [34mDEBUG[0m [2methereum_transaction_pool_monitor::eth_client[0m[2m:[0m 📨 Received WebSocket message: {"jsonrpc":"2.0","method":"eth_subscription","params":{"subscription":"0xbed0a0851463e895960a451075a301a9","result":"0x805693a7131d143a235d17e8e88d52fddfdc5d37884a8d818d979cd59791f45f"}}
[2m2025-12-10T10:08:32.979157Z[0m [34mDEBUG[0m [2methereum_transaction_pool_monitor::eth_client[0m[2m:[0m 📨 Received pending transaction: 0x805693a7131d143a235d17e8e88d52fddfdc5d37884a8d818d979cd59791f45f
[2m2025-12-10T10:08:32.979162Z[0m [34mDEBUG[0m [2methereum_transaction_pool_monitor::eth_client[0m[2m:[0m 📨 Received WebSocket message: {"jsonrpc":"2.0","method":"eth_subscription","params":{"subscription":"0xbed0a0851463e895960a451075a301a9","result":"0xa03ccfa69ec1ebd1c6c5dd306232a3b2e5c004f03567a3d03d2da1298a901a26"}}
[2m2025-12-10T10:08:32.979167Z[0m [34mDEBUG[0m [2methereum_transaction_pool_monitor::eth_client[0m[2m:[0m 📨 Received pending transaction: 0xa03ccfa69ec1ebd1c6c5dd306232a3b2e5c004f03567a3d03d2da1298a901a26
[2m2025-12-10T10:08:32.979172Z[0m [34mDEBUG[0m [2methereum_transaction_pool_monitor::eth_client[0m[2m:[0m 📨 Received WebSocket message: {"jsonrpc":"2.0","method":"eth_subscription","params":{"subscription":"0xbed0a0851463e895960a451075a301a9","result":"0x0d26a48c776ea9a6b7dfa91d33e048e674931bd19c72c255d746a926fe88f0fd"}}
[2m2025-12-10T10:08:32.979180Z[0m [34mDEBUG[0m [2methereum_transaction_pool_monitor::eth_client[0m[2m:[0m 📨 Received pending transaction: 0x0d26a48c776ea9a6b7dfa91d33e048e674931bd19c72c255d746a926fe88f0fd
[2m2025-12-10T10:08:32.979185Z[0m [34mDEBUG[0m [2methereum_transaction_pool_monitor::eth_client[0m[2m:[0m 📨 Received WebSocket message: {"jsonrpc":"2.0","method":"eth_subscription","params":{"subscription":"0xbed0a0851463e895960a451075a301a9","result":"0x4a70b0b7d472c33f03067ba6954b3b62031951a36fdc908d7caa1e2f895c655b"}}
[2m2025-12-10T10:08:32.979189Z[0m [34mDEBUG[0m [2methereum_transaction_pool_monitor::eth_client[0m[2m:[0m 📨 Received pending transaction: 0x4a70b0b7d472c33f03067ba6954b3b62031951a36fdc908d7caa1e2f895c655b
[2m2025-12-10T10:08:32.979194Z[0m [34mDEBUG[0m [2methereum_transaction_pool_monitor::eth_client[0m[2m:[0m 📨 Received WebSocket message: {"jsonrpc":"2.0","method":"eth_subscription","params":{"subscription":"0xbed0a0851463e895960a451075a301a9","result":"0xae017d51b614a1399bbe590b45dc1e3defb22176fb2deedf6c1f860d08334189"}}
[2m2025-12-10T10:08:32.979198Z[0m [34mDEBUG[0m [2methereum_transaction_pool_monitor::eth_client[0m[2m:[0m 📨 Received pending transaction: 0xae017d51b614a1399bbe590b45dc1e3defb22176fb2deedf6c1f860d08334189
[2m2025-12-10T10:08:32.988164Z[0m [34mDEBUG[0m [2mhyper::proto::h1::io[0m[2m:[0m parsed 4 headers
[2m2025-12-10T10:08:32.988173Z[0m [34mDEBUG[0m [2mhyper::proto::h1::conn[0m[2m:[0m incoming body is content-length (45 bytes)
[2m2025-12-10T10:08:32.988183Z[0m [34mDEBUG[0m [2mhyper::proto::h1::conn[0m[2m:[0m incoming body completed
[2m2025-12-10T10:08:32.988192Z[0m [34mDEBUG[0m [2mhyper::client::pool[0m[2m:[0m pooling idle connection for ("http", 192.168.0.14:8545)
[2m2025-12-10T10:08:32.990668Z[0m [34mDEBUG[0m [2mhyper::proto::h1::io[0m[2m:[0m parsed 4 headers
[2m2025-12-10T10:08:32.990673Z[0m [34mDEBUG[0m [2mhyper::proto::h1::conn[0m[2m:[0m incoming body is content-length (650 bytes)
[2m2025-12-10T10:08:32.990679Z[0m [34mDEBUG[0m [2mhyper::proto::h1::conn[0m[2m:[0m incoming body completed
[2m2025-12-10T10:08:32.990685Z[0m [34mDEBUG[0m [2mhyper::client::pool[0m[2m:[0m pooling idle connection for ("http", 192.168.0.14:8545)
[2m2025-12-10T10:08:32.990690Z[0m [34mDEBUG[0m [2methereum_transaction_pool_monitor::eth_client[0m[2m:[0m 📡 Transaction fetch RPC completed in 11.641292ms
[2m2025-12-10T10:08:33.072168Z[0m [34mDEBUG[0m [2methereum_transaction_pool_monitor::eth_client[0m[2m:[0m ✅ Transaction 0x0b66d48e242a4a2f9cd9ab3eafafe719ce2ace7a6dd4ebab3a13c93c365c29bd fetched and parsed in 93.115375ms
[2m2025-12-10T10:08:33.072193Z[0m [34mDEBUG[0m [2methereum_transaction_pool_monitor::mempool_monitor[0m[2m:[0m 🔍 Skipping tx 0x0b66d48e242a4a2f9cd9ab3eafafe719ce2ace7a6dd4ebab3a13c93c365c29bd - not a DEX interaction (target: 0x45300136662dD4e58fc0DF61E6290DFfD992B785)
[2m2025-12-10T10:08:33.072207Z[0m [34mDEBUG[0m [2methereum_transaction_pool_monitor::mempool_monitor[0m[2m:[0m 📨 Processing new pending transaction: 0xd8ed6f4124c2ffde530eed62ebe8fa98aec6c45176351ea8a038242924849f6c
[2m2025-12-10T10:08:33.072214Z[0m [34mDEBUG[0m [2methereum_transaction_pool_monitor::mempool_monitor[0m[2m:[0m 🔍 Fetching transaction details for: 0xd8ed6f4124c2ffde530eed62ebe8fa98aec6c45176351ea8a038242924849f6c
[2m2025-12-10T10:08:33.072219Z[0m [34mDEBUG[0m [2methereum_transaction_pool_monitor::eth_client[0m[2m:[0m 🔍 Fetching transaction details for hash: 0xd8ed6f4124c2ffde530eed62ebe8fa98aec6c45176351ea8a038242924849f6c
[2m2025-12-10T10:08:33.072264Z[0m [34mDEBUG[0m [2mhyper::client::pool[0m[2m:[0m reuse idle connection for ("http", 192.168.0.14:8545)
[2m2025-12-10T10:08:33.072340Z[0m [34mDEBUG[0m [2mhyper::proto::h1::io[0m[2m:[0m flushed 250 bytes
[2m2025-12-10T10:08:33.072367Z[0m [34mDEBUG[0m [2mhyper::client::pool[0m[2m:[0m reuse idle connection for ("http", 192.168.0.14:8545)
[2m2025-12-10T10:08:33.072372Z[0m [34mDEBUG[0m [2methereum_transaction_pool_monitor::eth_client[0m[2m:[0m 📨 Received WebSocket message: {"jsonrpc":"2.0","method":"eth_subscription","params":{"subscription":"0xbed0a0851463e895960a451075a301a9","result":"0x82a18b89d3e8491d2c8717ec0d8040235478746f777321ea2bb8fd8ffa0d5721"}}
[2m2025-12-10T10:08:33.072383Z[0m [34mDEBUG[0m [2mhyper::proto::h1::io[0m[2m:[0m flushed 172 bytes
[2m2025-12-10T10:08:33.072384Z[0m [34mDEBUG[0m [2methereum_transaction_pool_monitor::eth_client[0m[2m:[0m 📨 Received pending transaction: 0x82a18b89d3e8491d2c8717ec0d8040235478746f777321ea2bb8fd8ffa0d5721
[2m2025-12-10T10:08:33.076165Z[0m [34mDEBUG[0m [2mhyper::proto::h1::io[0m[2m:[0m parsed 4 headers
[2m2025-12-10T10:08:33.076171Z[0m [34mDEBUG[0m [2mhyper::proto::h1::conn[0m[2m:[0m incoming body is content-length (45 bytes)
[2m2025-12-10T10:08:33.076177Z[0m [34mDEBUG[0m [2mhyper::proto::h1::conn[0m[2m:[0m incoming body completed
[2m2025-12-10T10:08:33.076184Z[0m [34mDEBUG[0m [2mhyper::client::pool[0m[2m:[0m pooling idle connection for ("http", 192.168.0.14:8545)
[2m2025-12-10T10:08:33.076807Z[0m [34mDEBUG[0m [2mhyper::proto::h1::io[0m[2m:[0m parsed 4 headers
[2m2025-12-10T10:08:33.076814Z[0m [34mDEBUG[0m [2mhyper::proto::h1::conn[0m[2m:[0m incoming body is content-length (647 bytes)
[2m2025-12-10T10:08:33.076821Z[0m [34mDEBUG[0m [2mhyper::proto::h1::conn[0m[2m:[0m incoming body completed
[2m2025-12-10T10:08:33.076828Z[0m [34mDEBUG[0m [2mhyper::client::pool[0m[2m:[0m pooling idle connection for ("http", 192.168.0.14:8545)
[2m2025-12-10T10:08:33.076833Z[0m [34mDEBUG[0m [2methereum_transaction_pool_monitor::eth_client[0m[2m:[0m 📡 Transaction fetch RPC completed in 4.610208ms
[2m2025-12-10T10:08:33.332027Z[0m [34mDEBUG[0m [2methereum_transaction_pool_monitor::eth_client[0m[2m:[0m ✅ Transaction 0xd8ed6f4124c2ffde530eed62ebe8fa98aec6c45176351ea8a038242924849f6c fetched and parsed in 259.799792ms
[2m2025-12-10T10:08:33.332057Z[0m [34mDEBUG[0m [2methereum_transaction_pool_monitor::mempool_monitor[0m[2m:[0m 🔍 Skipping tx 0xd8ed6f4124c2ffde530eed62ebe8fa98aec6c45176351ea8a038242924849f6c - not a DEX interaction (target: 0x7917aF901Ce86bdDa70f132840A0a1713e80521A)
[2m2025-12-10T10:08:33.332069Z[0m [34mDEBUG[0m [2methereum_transaction_pool_monitor::mempool_monitor[0m[2m:[0m 📨 Processing new pending transaction: 0x5b7734bb4bbcf7164bd2f58267b273716ac4797082c5c436014073ff254727df
[2m2025-12-10T10:08:33.332076Z[0m [34mDEBUG[0m [2methereum_transaction_pool_monitor::mempool_monitor[0m[2m:[0m 🔍 Fetching transaction details for: 0x5b7734bb4bbcf7164bd2f58267b273716ac4797082c5c436014073ff254727df
[2m2025-12-10T10:08:33.332083Z[0m [34mDEBUG[0m [2methereum_transaction_pool_monitor::eth_client[0m[2m:[0m 🔍 Fetching transaction details for hash: 0x5b7734bb4bbcf7164bd2f58267b273716ac4797082c5c436014073ff254727df
[2m2025-12-10T10:08:33.332105Z[0m [34mDEBUG[0m [2mhyper::client::pool[0m[2m:[0m reuse idle connection for ("http", 192.168.0.14:8545)
[2m2025-12-10T10:08:33.332157Z[0m [34mDEBUG[0m [2mhyper::proto::h1::io[0m[2m:[0m flushed 250 bytes
[2m2025-12-10T10:08:33.332178Z[0m [34mDEBUG[0m [2mhyper::client::pool[0m[2m:[0m reuse idle connection for ("http", 192.168.0.14:8545)
[2m2025-12-10T10:08:33.332185Z[0m [34mDEBUG[0m [2methereum_transaction_pool_monitor::eth_client[0m[2m:[0m 📨 Received WebSocket message: {"jsonrpc":"2.0","method":"eth_subscription","params":{"subscription":"0xbed0a0851463e895960a451075a301a9","result":"0xfbe41f5ab7fcb701f265799d4519aba2f77fba1f6fa0b7cdc70a1905fd9d2513"}}
[2m2025-12-10T10:08:33.332195Z[0m [34mDEBUG[0m [2mhyper::proto::h1::io[0m[2m:[0m flushed 172 bytes
[2m2025-12-10T10:08:33.332199Z[0m [34mDEBUG[0m [2methereum_transaction_pool_monitor::eth_client[0m[2m:[0m 📨 Received pending transaction: 0xfbe41f5ab7fcb701f265799d4519aba2f77fba1f6fa0b7cdc70a1905fd9d2513
[2m2025-12-10T10:08:33.332213Z[0m [34mDEBUG[0m [2methereum_transaction_pool_monitor::eth_client[0m[2m:[0m 📨 Received WebSocket message: {"jsonrpc":"2.0","method":"eth_subscription","params":{"subscription":"0xbed0a0851463e895960a451075a301a9","result":"0xa7c2bbed4cfa1d47826890987b2747821998a54fed01b7ed448e2cbc6aa4c5aa"}}
[2m2025-12-10T10:08:33.332220Z[0m [34mDEBUG[0m [2methereum_transaction_pool_monitor::eth_client[0m[2m:[0m 📨 Received pending transaction: 0xa7c2bbed4cfa1d47826890987b2747821998a54fed01b7ed448e2cbc6aa4c5aa
[2m2025-12-10T10:08:33.336588Z[0m [34mDEBUG[0m [2mhyper::proto::h1::io[0m[2m:[0m parsed 4 headers
[2m2025-12-10T10:08:33.336595Z[0m [34mDEBUG[0m [2mhyper::proto::h1::conn[0m[2m:[0m incoming body is content-length (45 bytes)
[2m2025-12-10T10:08:33.336606Z[0m [34mDEBUG[0m [2mhyper::proto::h1::conn[0m[2m:[0m incoming body completed
[2m2025-12-10T10:08:33.336620Z[0m [34mDEBUG[0m [2mhyper::client::pool[0m[2m:[0m pooling idle connection for ("http", 192.168.0.14:8545)
[2m2025-12-10T10:08:33.336638Z[0m [34mDEBUG[0m [2mhyper::client::pool[0m[2m:[0m reuse idle connection for ("http", 192.168.0.14:8545)
[2m2025-12-10T10:08:33.336659Z[0m [34mDEBUG[0m [2mhyper::proto::h1::io[0m[2m:[0m flushed 172 bytes
[2m2025-12-10T10:08:33.338045Z[0m [34mDEBUG[0m [2mhyper::proto::h1::io[0m[2m:[0m parsed 4 headers
[2m2025-12-10T10:08:33.338051Z[0m [34mDEBUG[0m [2mhyper::proto::h1::conn[0m[2m:[0m incoming body is content-length (646 bytes)
[2m2025-12-10T10:08:33.338058Z[0m [34mDEBUG[0m [2mhyper::proto::h1::conn[0m[2m:[0m incoming body completed
[2m2025-12-10T10:08:33.338065Z[0m [34mDEBUG[0m [2mhyper::client::pool[0m[2m:[0m pooling idle connection for ("http", 192.168.0.14:8545)
[2m2025-12-10T10:08:33.338072Z[0m [34mDEBUG[0m [2methereum_transaction_pool_monitor::eth_client[0m[2m:[0m 📡 Transaction fetch RPC completed in 5.983042ms
[2m2025-12-10T10:08:33.409478Z[0m [34mDEBUG[0m [2methereum_transaction_pool_monitor::eth_client[0m[2m:[0m ✅ Transaction 0x5b7734bb4bbcf7164bd2f58267b273716ac4797082c5c436014073ff254727df fetched and parsed in 77.386542ms
[2m2025-12-10T10:08:33.409507Z[0m [34mDEBUG[0m [2methereum_transaction_pool_monitor::mempool_monitor[0m[2m:[0m 🔍 Skipping tx 0x5b7734bb4bbcf7164bd2f58267b273716ac4797082c5c436014073ff254727df - not a DEX interaction (target: 0x4E8EeEf337b348158b450ad3D34e2ad0dE937eca)
[2m2025-12-10T10:08:33.409521Z[0m [34mDEBUG[0m [2methereum_transaction_pool_monitor::mempool_monitor[0m[2m:[0m 📨 Processing new pending transaction: 0xa830e8b6d703644314726abf5c43e757c646b422662e4986f8ae41cd83f6f377
[2m2025-12-10T10:08:33.409531Z[0m [34mDEBUG[0m [2methereum_transaction_pool_monitor::mempool_monitor[0m[2m:[0m 🔍 Fetching transaction details for: 0xa830e8b6d703644314726abf5c43e757c646b422662e4986f8ae41cd83f6f377
[2m2025-12-10T10:08:33.409537Z[0m [34mDEBUG[0m [2methereum_transaction_pool_monitor::eth_client[0m[2m:[0m 🔍 Fetching transaction details for hash: 0xa830e8b6d703644314726abf5c43e757c646b422662e4986f8ae41cd83f6f377
[2m2025-12-10T10:08:33.409560Z[0m [34mDEBUG[0m [2mhyper::client::pool[0m[2m:[0m reuse idle connection for ("http", 192.168.0.14:8545)
[2m2025-12-10T10:08:33.409609Z[0m [34mDEBUG[0m [2mhyper::proto::h1::io[0m[2m:[0m flushed 250 bytes
[2m2025-12-10T10:08:33.409628Z[0m [34mDEBUG[0m [2mhyper::proto::h1::io[0m[2m:[0m parsed 4 headers
[2m2025-12-10T10:08:33.409636Z[0m [34mDEBUG[0m [2mhyper::proto::h1::conn[0m[2m:[0m incoming body is content-length (45 bytes)
[2m2025-12-10T10:08:33.409647Z[0m [34mDEBUG[0m [2mhyper::proto::h1::conn[0m[2m:[0m incoming body completed
[2m2025-12-10T10:08:33.409658Z[0m [34mDEBUG[0m [2mhyper::client::pool[0m[2m:[0m pooling idle connection for ("http", 192.168.0.14:8545)
[2m2025-12-10T10:08:33.409680Z[0m [34mDEBUG[0m [2mhyper::client::pool[0m[2m:[0m reuse idle connection for ("http", 192.168.0.14:8545)
[2m2025-12-10T10:08:33.409697Z[0m [34mDEBUG[0m [2mhyper::proto::h1::io[0m[2m:[0m flushed 172 bytes
[2m2025-12-10T10:08:33.414197Z[0m [34mDEBUG[0m [2mhyper::proto::h1::io[0m[2m:[0m parsed 4 headers
[2m2025-12-10T10:08:33.414204Z[0m [34mDEBUG[0m [2mhyper::proto::h1::conn[0m[2m:[0m incoming body is content-length (45 bytes)
[2m2025-12-10T10:08:33.414209Z[0m [34mDEBUG[0m [2mhyper::proto::h1::conn[0m[2m:[0m incoming body completed
[2m2025-12-10T10:08:33.414213Z[0m [34mDEBUG[0m [2mhyper::client::pool[0m[2m:[0m pooling idle connection for ("http", 192.168.0.14:8545)
[2m2025-12-10T10:08:33.414223Z[0m [34mDEBUG[0m [2mhyper::client::pool[0m[2m:[0m reuse idle connection for ("http", 192.168.0.14:8545)
[2m2025-12-10T10:08:33.414240Z[0m [34mDEBUG[0m [2mhyper::proto::h1::io[0m[2m:[0m flushed 172 bytes
[2m2025-12-10T10:08:33.414244Z[0m [34mDEBUG[0m [2mhyper::proto::h1::io[0m[2m:[0m parsed 4 headers
[2m2025-12-10T10:08:33.414255Z[0m [34mDEBUG[0m [2mhyper::proto::h1::conn[0m[2m:[0m incoming body is content-length (646 bytes)
[2m2025-12-10T10:08:33.414264Z[0m [34mDEBUG[0m [2mhyper::proto::h1::conn[0m[2m:[0m incoming body completed
[2m2025-12-10T10:08:33.414273Z[0m [34mDEBUG[0m [2mhyper::client::pool[0m[2m:[0m pooling idle connection for ("http", 192.168.0.14:8545)
[2m2025-12-10T10:08:33.414281Z[0m [34mDEBUG[0m [2methereum_transaction_pool_monitor::eth_client[0m[2m:[0m 📡 Transaction fetch RPC completed in 4.737667ms
[2m2025-12-10T10:08:33.417594Z[0m [34mDEBUG[0m [2mhyper::proto::h1::io[0m[2m:[0m parsed 4 headers
[2m2025-12-10T10:08:33.417602Z[0m [34mDEBUG[0m [2mhyper::proto::h1::conn[0m[2m:[0m incoming body is content-length (45 bytes)
[2m2025-12-10T10:08:33.417607Z[0m [34mDEBUG[0m [2mhyper::proto::h1::conn[0m[2m:[0m incoming body completed
[2m2025-12-10T10:08:33.417613Z[0m [34mDEBUG[0m [2mhyper::client::pool[0m[2m:[0m pooling idle connection for ("http", 192.168.0.14:8545)
[2m2025-12-10T10:08:33.451053Z[0m [34mDEBUG[0m [2methereum_transaction_pool_monitor::eth_client[0m[2m:[0m 📨 Received WebSocket message: {"jsonrpc":"2.0","method":"eth_subscription","params":{"subscription":"0xbed0a0851463e895960a451075a301a9","result":"0x397c1e2e3e5a475ba7e688b65b6468fc7361256664f1586c10cb8b4d211d915e"}}
[2m2025-12-10T10:08:33.451081Z[0m [34mDEBUG[0m [2methereum_transaction_pool_monitor::eth_client[0m[2m:[0m 📨 Received pending transaction: 0x397c1e2e3e5a475ba7e688b65b6468fc7361256664f1586c10cb8b4d211d915e
[2m2025-12-10T10:08:33.485902Z[0m [34mDEBUG[0m [2methereum_transaction_pool_monitor::eth_client[0m[2m:[0m ✅ Transaction 0xa830e8b6d703644314726abf5c43e757c646b422662e4986f8ae41cd83f6f377 fetched and parsed in 76.356ms
[2m2025-12-10T10:08:33.485929Z[0m [34mDEBUG[0m [2methereum_transaction_pool_monitor::mempool_monitor[0m[2m:[0m 🔍 Skipping tx 0xa830e8b6d703644314726abf5c43e757c646b422662e4986f8ae41cd83f6f377 - not a DEX interaction (target: 0x5876B045F2Ad8959903CD04eB8B4c1d010aF63Ae)
[2m2025-12-10T10:08:33.485940Z[0m [34mDEBUG[0m [2methereum_transaction_pool_monitor::mempool_monitor[0m[2m:[0m 📨 Processing new pending transaction: 0xaa7b91ef278064ca9092cc21e306167796f9f1723ae3eb9de0d78a509cb958a9
[2m2025-12-10T10:08:33.485947Z[0m [34mDEBUG[0m [2methereum_transaction_pool_monitor::mempool_monitor[0m[2m:[0m 🔍 Fetching transaction details for: 0xaa7b91ef278064ca9092cc21e306167796f9f1723ae3eb9de0d78a509cb958a9
[2m2025-12-10T10:08:33.485953Z[0m [34mDEBUG[0m [2methereum_transaction_pool_monitor::eth_client[0m[2m:[0m 🔍 Fetching transaction details for hash: 0xaa7b91ef278064ca9092cc21e306167796f9f1723ae3eb9de0d78a509cb958a9
[2m2025-12-10T10:08:33.485973Z[0m [34mDEBUG[0m [2mhyper::client::pool[0m[2m:[0m reuse idle connection for ("http", 192.168.0.14:8545)
[2m2025-12-10T10:08:33.486024Z[0m [34mDEBUG[0m [2mhyper::proto::h1::io[0m[2m:[0m flushed 250 bytes
[2m2025-12-10T10:08:33.492160Z[0m [34mDEBUG[0m [2mhyper::proto::h1::io[0m[2m:[0m parsed 4 headers
[2m2025-12-10T10:08:33.492172Z[0m [34mDEBUG[0m [2mhyper::proto::h1::conn[0m[2m:[0m incoming body is content-length (770 bytes)
[2m2025-12-10T10:08:33.492181Z[0m [34mDEBUG[0m [2mhyper::proto::h1::conn[0m[2m:[0m incoming body completed
[2m2025-12-10T10:08:33.492192Z[0m [34mDEBUG[0m [2mhyper::client::pool[0m[2m:[0m pooling idle connection for ("http", 192.168.0.14:8545)
[2m2025-12-10T10:08:33.492200Z[0m [34mDEBUG[0m [2methereum_transaction_pool_monitor::eth_client[0m[2m:[0m 📡 Transaction fetch RPC completed in 6.242708ms
[2m2025-12-10T10:08:33.492216Z[0m [34mDEBUG[0m [2methereum_transaction_pool_monitor::eth_client[0m[2m:[0m DeFi transaction detected - Address: 0xdac17f958d2ee523a2206206994597c13d831ec7, Type: Stablecoin, Value: 0 ETH, Gas: 0.30 Gwei
[2m2025-12-10T10:08:33.492228Z[0m [34mDEBUG[0m [2methereum_transaction_pool_monitor::eth_client[0m[2m:[0m ✅ Transaction 0xaa7b91ef278064ca9092cc21e306167796f9f1723ae3eb9de0d78a509cb958a9 fetched and parsed in 6.270875ms
[2m2025-12-10T10:08:33.492234Z[0m [34mDEBUG[0m [2methereum_transaction_pool_monitor::mempool_monitor[0m[2m:[0m 🔍 Skipping tx 0xaa7b91ef278064ca9092cc21e306167796f9f1723ae3eb9de0d78a509cb958a9 - not a DEX interaction (target: 0xdAC17F958D2ee523a2206206994597C13D831ec7)
[2m2025-12-10T10:08:33.492241Z[0m [34mDEBUG[0m [2methereum_transaction_pool_monitor::mempool_monitor[0m[2m:[0m 📨 Processing new pending transaction: 0xea931cd7ea582e0fb13806cb91ebe6ebccb4023e5bd3e919419fea49c27a6db1
[2m2025-12-10T10:08:33.492245Z[0m [34mDEBUG[0m [2methereum_transaction_pool_monitor::mempool_monitor[0m[2m:[0m 🔍 Fetching transaction details for: 0xea931cd7ea582e0fb13806cb91ebe6ebccb4023e5bd3e919419fea49c27a6db1
[2m2025-12-10T10:08:33.492249Z[0m [34mDEBUG[0m [2methereum_transaction_pool_monitor::eth_client[0m[2m:[0m 🔍 Fetching transaction details for hash: 0xea931cd7ea582e0fb13806cb91ebe6ebccb4023e5bd3e919419fea49c27a6db1
[2m2025-12-10T10:08:33.492262Z[0m [34mDEBUG[0m [2mhyper::client::pool[0m[2m:[0m reuse idle connection for ("http", 192.168.0.14:8545)
[2m2025-12-10T10:08:33.492278Z[0m [34mDEBUG[0m [2mhyper::proto::h1::io[0m[2m:[0m flushed 250 bytes
[2m2025-12-10T10:08:33.495679Z[0m [34mDEBUG[0m [2mhyper::client::pool[0m[2m:[0m reuse idle connection for ("http", 192.168.0.14:8545)
[2m2025-12-10T10:08:33.495722Z[0m [34mDEBUG[0m [2mhyper::proto::h1::io[0m[2m:[0m flushed 172 bytes
[2m2025-12-10T10:08:33.499103Z[0m [34mDEBUG[0m [2mhyper::proto::h1::io[0m[2m:[0m parsed 4 headers
[2m2025-12-10T10:08:33.499134Z[0m [34mDEBUG[0m [2mhyper::proto::h1::conn[0m[2m:[0m incoming body is content-length (4743 bytes)
[2m2025-12-10T10:08:33.499152Z[0m [34mDEBUG[0m [2mhyper::proto::h1::conn[0m[2m:[0m incoming body completed
[2m2025-12-10T10:08:33.499170Z[0m [34mDEBUG[0m [2mhyper::client::pool[0m[2m:[0m pooling idle connection for ("http", 192.168.0.14:8545)
[2m2025-12-10T10:08:33.499185Z[0m [34mDEBUG[0m [2methereum_transaction_pool_monitor::eth_client[0m[2m:[0m 📡 Transaction fetch RPC completed in 6.931791ms
[2m2025-12-10T10:08:33.570802Z[0m [34mDEBUG[0m [2methereum_transaction_pool_monitor::eth_client[0m[2m:[0m ✅ Transaction 0xea931cd7ea582e0fb13806cb91ebe6ebccb4023e5bd3e919419fea49c27a6db1 fetched and parsed in 78.546166ms
[2m2025-12-10T10:08:33.570832Z[0m [34mDEBUG[0m [2methereum_transaction_pool_monitor::mempool_monitor[0m[2m:[0m 🔍 Skipping tx 0xea931cd7ea582e0fb13806cb91ebe6ebccb4023e5bd3e919419fea49c27a6db1 - not a DEX interaction (target: 0xC497058d572D188bFcE1B9813E7D346C54A20812)
[2m2025-12-10T10:08:33.570843Z[0m [34mDEBUG[0m [2methereum_transaction_pool_monitor::mempool_monitor[0m[2m:[0m 📨 Processing new pending transaction: 0x8aedac9b474bf14866ed3eb569c8e0f3ed97d3cb0d4d299f8d69dba183124864
[2m2025-12-10T10:08:33.570849Z[0m [34mDEBUG[0m [2methereum_transaction_pool_monitor::mempool_monitor[0m[2m:[0m 🔍 Fetching transaction details for: 0x8aedac9b474bf14866ed3eb569c8e0f3ed97d3cb0d4d299f8d69dba183124864
[2m2025-12-10T10:08:33.570856Z[0m [34mDEBUG[0m [2methereum_transaction_pool_monitor::eth_client[0m[2m:[0m 🔍 Fetching transaction details for hash: 0x8aedac9b474bf14866ed3eb569c8e0f3ed97d3cb0d4d299f8d69dba183124864
[2m2025-12-10T10:08:33.570877Z[0m [34mDEBUG[0m [2mhyper::client::pool[0m[2m:[0m reuse idle connection for ("http", 192.168.0.14:8545)
[2m2025-12-10T10:08:33.570928Z[0m [34mDEBUG[0m [2mhyper::proto::h1::io[0m[2m:[0m flushed 250 bytes
[2m2025-12-10T10:08:33.570945Z[0m [34mDEBUG[0m [2mhyper::proto::h1::io[0m[2m:[0m parsed 4 headers
[2m2025-12-10T10:08:33.570949Z[0m [34mDEBUG[0m [2mhyper::proto::h1::conn[0m[2m:[0m incoming body is content-length (45 bytes)
[2m2025-12-10T10:08:33.570956Z[0m [34mDEBUG[0m [2mhyper::proto::h1::conn[0m[2m:[0m incoming body completed
[2m2025-12-10T10:08:33.570965Z[0m [34mDEBUG[0m [2mhyper::client::pool[0m[2m:[0m pooling idle connection for ("http", 192.168.0.14:8545)
[2m2025-12-10T10:08:33.576486Z[0m [34mDEBUG[0m [2mhyper::proto::h1::io[0m[2m:[0m parsed 4 headers
[2m2025-12-10T10:08:33.580705Z[0m [34mDEBUG[0m [2mhyper::proto::h1::conn[0m[2m:[0m incoming body is content-length (647 bytes)
[2m2025-12-10T10:08:33.580717Z[0m [34mDEBUG[0m [2mhyper::proto::h1::conn[0m[2m:[0m incoming body completed
[2m2025-12-10T10:08:33.580728Z[0m [34mDEBUG[0m [2mhyper::client::pool[0m[2m:[0m pooling idle connection for ("http", 192.168.0.14:8545)
[2m2025-12-10T10:08:33.580736Z[0m [34mDEBUG[0m [2methereum_transaction_pool_monitor::eth_client[0m[2m:[0m 📡 Transaction fetch RPC completed in 9.876125ms
[2m2025-12-10T10:08:33.649265Z[0m [34mDEBUG[0m [2methereum_transaction_pool_monitor::eth_client[0m[2m:[0m ✅ Transaction 0x8aedac9b474bf14866ed3eb569c8e0f3ed97d3cb0d4d299f8d69dba183124864 fetched and parsed in 78.401083ms
[2m2025-12-10T10:08:33.649288Z[0m [34mDEBUG[0m [2methereum_transaction_pool_monitor::mempool_monitor[0m[2m:[0m 🔍 Skipping tx 0x8aedac9b474bf14866ed3eb569c8e0f3ed97d3cb0d4d299f8d69dba183124864 - not a DEX interaction (target: 0x45300136662dD4e58fc0DF61E6290DFfD992B785)
[2m2025-12-10T10:08:33.649297Z[0m [34mDEBUG[0m [2methereum_transaction_pool_monitor::mempool_monitor[0m[2m:[0m 📨 Processing new pending transaction: 0x2160190cc1927a72d97684a9a730d38e60a58f653b48ff534512fd1e70ee5014
[2m2025-12-10T10:08:33.649302Z[0m [34mDEBUG[0m [2methereum_transaction_pool_monitor::mempool_monitor[0m[2m:[0m 🔍 Fetching transaction details for: 0x2160190cc1927a72d97684a9a730d38e60a58f653b48ff534512fd1e70ee5014
[2m2025-12-10T10:08:33.649306Z[0m [34mDEBUG[0m [2methereum_transaction_pool_monitor::eth_client[0m[2m:[0m 🔍 Fetching transaction details for hash: 0x2160190cc1927a72d97684a9a730d38e60a58f653b48ff534512fd1e70ee5014
[2m2025-12-10T10:08:33.649329Z[0m [34mDEBUG[0m [2mhyper::client::pool[0m[2m:[0m reuse idle connection for ("http", 192.168.0.14:8545)
[2m2025-12-10T10:08:33.649371Z[0m [34mDEBUG[0m [2mhyper::proto::h1::io[0m[2m:[0m flushed 250 bytes
[2m2025-12-10T10:08:33.649392Z[0m [34mDEBUG[0m [2mhyper::client::pool[0m[2m:[0m reuse idle connection for ("http", 192.168.0.14:8545)
[2m2025-12-10T10:08:33.649401Z[0m [34mDEBUG[0m [2methereum_transaction_pool_monitor::eth_client[0m[2m:[0m 📨 Received WebSocket message: {"jsonrpc":"2.0","method":"eth_subscription","params":{"subscription":"0xbed0a0851463e895960a451075a301a9","result":"0xfaf024c34f42b50cae23b7d5f36ab41b316db285db4f263e4fa7cd0ef522c82f"}}
[2m2025-12-10T10:08:33.649409Z[0m [34mDEBUG[0m [2mhyper::proto::h1::io[0m[2m:[0m flushed 172 bytes
[2m2025-12-10T10:08:33.649415Z[0m [34mDEBUG[0m [2methereum_transaction_pool_monitor::eth_client[0m[2m:[0m 📨 Received pending transaction: 0xfaf024c34f42b50cae23b7d5f36ab41b316db285db4f263e4fa7cd0ef522c82f
[2m2025-12-10T10:08:33.649422Z[0m [34mDEBUG[0m [2methereum_transaction_pool_monitor::eth_client[0m[2m:[0m 📨 Received WebSocket message: {"jsonrpc":"2.0","method":"eth_subscription","params":{"subscription":"0xbed0a0851463e895960a451075a301a9","result":"0x2fb40c7aebb367b18011c8d234a2f364298c7d42fa80d370d2c71c13d166b633"}}
[2m2025-12-10T10:08:33.649428Z[0m [34mDEBUG[0m [2methereum_transaction_pool_monitor::eth_client[0m[2m:[0m 📨 Received pending transaction: 0x2fb40c7aebb367b18011c8d234a2f364298c7d42fa80d370d2c71c13d166b633
[2m2025-12-10T10:08:33.649432Z[0m [34mDEBUG[0m [2methereum_transaction_pool_monitor::eth_client[0m[2m:[0m 📨 Received WebSocket message: {"jsonrpc":"2.0","method":"eth_subscription","params":{"subscription":"0xbed0a0851463e895960a451075a301a9","result":"0xc98b0f7b30bea94c7f4bb1f09653d7a1d23eddc5e440cca8f03c51a382b0a2f9"}}
[2m2025-12-10T10:08:33.649438Z[0m [34mDEBUG[0m [2methereum_transaction_pool_monitor::eth_client[0m[2m:[0m 📨 Received pending transaction: 0xc98b0f7b30bea94c7f4bb1f09653d7a1d23eddc5e440cca8f03c51a382b0a2f9
[2m2025-12-10T10:08:33.656313Z[0m [34mDEBUG[0m [2mhyper::proto::h1::io[0m[2m:[0m parsed 4 headers
[2m2025-12-10T10:08:33.656327Z[0m [34mDEBUG[0m [2mhyper::proto::h1::conn[0m[2m:[0m incoming body is content-length (45 bytes)
[2m2025-12-10T10:08:33.656335Z[0m [34mDEBUG[0m [2mhyper::proto::h1::conn[0m[2m:[0m incoming body completed
[2m2025-12-10T10:08:33.656344Z[0m [34mDEBUG[0m [2mhyper::client::pool[0m[2m:[0m pooling idle connection for ("http", 192.168.0.14:8545)
[2m2025-12-10T10:08:33.657007Z[0m [34mDEBUG[0m [2mhyper::proto::h1::io[0m[2m:[0m parsed 4 headers
[2m2025-12-10T10:08:33.657013Z[0m [34mDEBUG[0m [2mhyper::proto::h1::conn[0m[2m:[0m incoming body is content-length (647 bytes)
[2m2025-12-10T10:08:33.657019Z[0m [34mDEBUG[0m [2mhyper::proto::h1::conn[0m[2m:[0m incoming body completed
[2m2025-12-10T10:08:33.657026Z[0m [34mDEBUG[0m [2mhyper::client::pool[0m[2m:[0m pooling idle connection for ("http", 192.168.0.14:8545)
[2m2025-12-10T10:08:33.657031Z[0m [34mDEBUG[0m [2methereum_transaction_pool_monitor::eth_client[0m[2m:[0m 📡 Transaction fetch RPC completed in 7.721084ms
[2m2025-12-10T10:08:33.729947Z[0m [34mDEBUG[0m [2methereum_transaction_pool_monitor::eth_client[0m[2m:[0m ✅ Transaction 0x2160190cc1927a72d97684a9a730d38e60a58f653b48ff534512fd1e70ee5014 fetched and parsed in 80.634625ms
[2m2025-12-10T10:08:33.729976Z[0m [34mDEBUG[0m [2methereum_transaction_pool_monitor::mempool_monitor[0m[2m:[0m 🔍 Skipping tx 0x2160190cc1927a72d97684a9a730d38e60a58f653b48ff534512fd1e70ee5014 - not a DEX interaction (target: 0x93ED098022E5C14268de86e5C0E712827f34bEC4)
[2m2025-12-10T10:08:33.729988Z[0m [34mDEBUG[0m [2methereum_transaction_pool_monitor::mempool_monitor[0m[2m:[0m 📨 Processing new pending transaction: 0x1a4895afb27c06f8758ead93a83ed010f21a4a5d367fc32f20bea51b4eb894a8
[2m2025-12-10T10:08:33.729994Z[0m [34mDEBUG[0m [2methereum_transaction_pool_monitor::mempool_monitor[0m[2m:[0m 🔍 Fetching transaction details for: 0x1a4895afb27c06f8758ead93a83ed010f21a4a5d367fc32f20bea51b4eb894a8
[2m2025-12-10T10:08:33.730000Z[0m [34mDEBUG[0m [2methereum_transaction_pool_monitor::eth_client[0m[2m:[0m 🔍 Fetching transaction details for hash: 0x1a4895afb27c06f8758ead93a83ed010f21a4a5d367fc32f20bea51b4eb894a8
[2m2025-12-10T10:08:33.730024Z[0m [34mDEBUG[0m [2mhyper::client::pool[0m[2m:[0m reuse idle connection for ("http", 192.168.0.14:8545)
[2m2025-12-10T10:08:33.730074Z[0m [34mDEBUG[0m [2mhyper::proto::h1::io[0m[2m:[0m flushed 250 bytes
[2m2025-12-10T10:08:33.730099Z[0m [34mDEBUG[0m [2mhyper::client::pool[0m[2m:[0m reuse idle connection for ("http", 192.168.0.14:8545)
[2m2025-12-10T10:08:33.730115Z[0m [34mDEBUG[0m [2mhyper::proto::h1::io[0m[2m:[0m flushed 172 bytes
[2m2025-12-10T10:08:33.730126Z[0m [34mDEBUG[0m [2methereum_transaction_pool_monitor::eth_client[0m[2m:[0m 📨 Received WebSocket message: {"jsonrpc":"2.0","method":"eth_subscription","params":{"subscription":"0xbed0a0851463e895960a451075a301a9","result":"0x1c49894fa01665ab710842bb37fbb330e1dc72e389a99546234bea2d8554b312"}}
[2m2025-12-10T10:08:33.730134Z[0m [34mDEBUG[0m [2methereum_transaction_pool_monitor::eth_client[0m[2m:[0m 📨 Received pending transaction: 0x1c49894fa01665ab710842bb37fbb330e1dc72e389a99546234bea2d8554b312
[2m2025-12-10T10:08:33.734589Z[0m [34mDEBUG[0m [2mhyper::proto::h1::io[0m[2m:[0m parsed 4 headers
[2m2025-12-10T10:08:33.734600Z[0m [34mDEBUG[0m [2mhyper::proto::h1::conn[0m[2m:[0m incoming body is content-length (646 bytes)
[2m2025-12-10T10:08:33.734609Z[0m [34mDEBUG[0m [2mhyper::proto::h1::conn[0m[2m:[0m incoming body completed
[2m2025-12-10T10:08:33.734619Z[0m [34mDEBUG[0m [2mhyper::client::pool[0m[2m:[0m pooling idle connection for ("http", 192.168.0.14:8545)
[2m2025-12-10T10:08:33.734627Z[0m [34mDEBUG[0m [2methereum_transaction_pool_monitor::eth_client[0m[2m:[0m 📡 Transaction fetch RPC completed in 4.621583ms
[2m2025-12-10T10:08:33.806511Z[0m [34mDEBUG[0m [2methereum_transaction_pool_monitor::eth_client[0m[2m:[0m ✅ Transaction 0x1a4895afb27c06f8758ead93a83ed010f21a4a5d367fc32f20bea51b4eb894a8 fetched and parsed in 76.502958ms
[2m2025-12-10T10:08:33.806544Z[0m [34mDEBUG[0m [2methereum_transaction_pool_monitor::mempool_monitor[0m[2m:[0m 🔍 Skipping tx 0x1a4895afb27c06f8758ead93a83ed010f21a4a5d367fc32f20bea51b4eb894a8 - not a DEX interaction (target: 0x19cF1362A2896E855cad85C6558Ac8f8426Cc714)
[2m2025-12-10T10:08:33.806559Z[0m [34mDEBUG[0m [2methereum_transaction_pool_monitor::mempool_monitor[0m[2m:[0m 📨 Processing new pending transaction: 0x7b0dfc24618e7ac2be6b621bc56e692c36beaad976f5056732114c4f5985324c
[2m2025-12-10T10:08:33.806567Z[0m [34mDEBUG[0m [2methereum_transaction_pool_monitor::mempool_monitor[0m[2m:[0m 🔍 Fetching transaction details for: 0x7b0dfc24618e7ac2be6b621bc56e692c36beaad976f5056732114c4f5985324c
[2m2025-12-10T10:08:33.806577Z[0m [34mDEBUG[0m [2methereum_transaction_pool_monitor::eth_client[0m[2m:[0m 🔍 Fetching transaction details for hash: 0x7b0dfc24618e7ac2be6b621bc56e692c36beaad976f5056732114c4f5985324c
[2m2025-12-10T10:08:33.806599Z[0m [34mDEBUG[0m [2mhyper::client::pool[0m[2m:[0m reuse idle connection for ("http", 192.168.0.14:8545)
[2m2025-12-10T10:08:33.806654Z[0m [34mDEBUG[0m [2mhyper::proto::h1::io[0m[2m:[0m flushed 250 bytes
[2m2025-12-10T10:08:33.806673Z[0m [34mDEBUG[0m [2mhyper::proto::h1::io[0m[2m:[0m parsed 4 headers
[2m2025-12-10T10:08:33.806681Z[0m [34mDEBUG[0m [2mhyper::proto::h1::conn[0m[2m:[0m incoming body is content-length (45 bytes)
[2m2025-12-10T10:08:33.806691Z[0m [34mDEBUG[0m [2mhyper::proto::h1::conn[0m[2m:[0m incoming body completed
[2m2025-12-10T10:08:33.806702Z[0m [34mDEBUG[0m [2mhyper::client::pool[0m[2m:[0m pooling idle connection for ("http", 192.168.0.14:8545)
[2m2025-12-10T10:08:33.806722Z[0m [34mDEBUG[0m [2mhyper::client::pool[0m[2m:[0m reuse idle connection for ("http", 192.168.0.14:8545)
[2m2025-12-10T10:08:33.806739Z[0m [34mDEBUG[0m [2mhyper::proto::h1::io[0m[2m:[0m flushed 172 bytes
[2m2025-12-10T10:08:33.812958Z[0m [34mDEBUG[0m [2mhyper::proto::h1::io[0m[2m:[0m parsed 4 headers
[2m2025-12-10T10:08:33.812976Z[0m [34mDEBUG[0m [2mhyper::proto::h1::conn[0m[2m:[0m incoming body is content-length (646 bytes)
[2m2025-12-10T10:08:33.812982Z[0m [34mDEBUG[0m [2mhyper::proto::h1::conn[0m[2m:[0m incoming body completed
[2m2025-12-10T10:08:33.812990Z[0m [34mDEBUG[0m [2mhyper::client::pool[0m[2m:[0m pooling idle connection for ("http", 192.168.0.14:8545)
[2m2025-12-10T10:08:33.812997Z[0m [34mDEBUG[0m [2methereum_transaction_pool_monitor::eth_client[0m[2m:[0m 📡 Transaction fetch RPC completed in 6.414209ms
[2m2025-12-10T10:08:33.884528Z[0m [34mDEBUG[0m [2methereum_transaction_pool_monitor::eth_client[0m[2m:[0m ✅ Transaction 0x7b0dfc24618e7ac2be6b621bc56e692c36beaad976f5056732114c4f5985324c fetched and parsed in 77.942584ms
[2m2025-12-10T10:08:33.884566Z[0m [34mDEBUG[0m [2methereum_transaction_pool_monitor::mempool_monitor[0m[2m:[0m 🔍 Skipping tx 0x7b0dfc24618e7ac2be6b621bc56e692c36beaad976f5056732114c4f5985324c - not a DEX interaction (target: 0x92A0BFc156d10A0d8c3De74841048FC9EE7C5443)
[2m2025-12-10T10:08:33.884579Z[0m [34mDEBUG[0m [2methereum_transaction_pool_monitor::mempool_monitor[0m[2m:[0m 📨 Processing new pending transaction: 0x747087614b3ec914ec540275daa5ae348903db3dcb240a35f0c5f5f738305cea
[2m2025-12-10T10:08:33.884586Z[0m [34mDEBUG[0m [2methereum_transaction_pool_monitor::mempool_monitor[0m[2m:[0m 🔍 Fetching transaction details for: 0x747087614b3ec914ec540275daa5ae348903db3dcb240a35f0c5f5f738305cea
[2m2025-12-10T10:08:33.884594Z[0m [34mDEBUG[0m [2methereum_transaction_pool_monitor::eth_client[0m[2m:[0m 🔍 Fetching transaction details for hash: 0x747087614b3ec914ec540275daa5ae348903db3dcb240a35f0c5f5f738305cea
[2m2025-12-10T10:08:33.884615Z[0m [34mDEBUG[0m [2mhyper::client::pool[0m[2m:[0m reuse idle connection for ("http", 192.168.0.14:8545)
[2m2025-12-10T10:08:33.884658Z[0m [34mDEBUG[0m [2mhyper::proto::h1::io[0m[2m:[0m flushed 250 bytes
[2m2025-12-10T10:08:33.884678Z[0m [34mDEBUG[0m [2methereum_transaction_pool_monitor::eth_client[0m[2m:[0m 📨 Received WebSocket message: {"jsonrpc":"2.0","method":"eth_subscription","params":{"subscription":"0xbed0a0851463e895960a451075a301a9","result":"0xf2c0ad1a7875772d08eb0d4e44a97d7660a80025e95d09a1eb1b372310fad3a6"}}
[2m2025-12-10T10:08:33.884690Z[0m [34mDEBUG[0m [2methereum_transaction_pool_monitor::eth_client[0m[2m:[0m 📨 Received pending transaction: 0xf2c0ad1a7875772d08eb0d4e44a97d7660a80025e95d09a1eb1b372310fad3a6
[2m2025-12-10T10:08:33.884689Z[0m [34mDEBUG[0m [2mhyper::proto::h1::io[0m[2m:[0m parsed 4 headers
[2m2025-12-10T10:08:33.884699Z[0m [34mDEBUG[0m [2methereum_transaction_pool_monitor::eth_client[0m[2m:[0m 📨 Received WebSocket message: {"jsonrpc":"2.0","method":"eth_subscription","params":{"subscription":"0xbed0a0851463e895960a451075a301a9","result":"0x2037256eeeea951e25bb4c5a50ee00c456ccecba28cd2b40a2e546dab7624d92"}}
[2m2025-12-10T10:08:33.884717Z[0m [34mDEBUG[0m [2methereum_transaction_pool_monitor::eth_client[0m[2m:[0m 📨 Received pending transaction: 0x2037256eeeea951e25bb4c5a50ee00c456ccecba28cd2b40a2e546dab7624d92
[2m2025-12-10T10:08:33.884709Z[0m [34mDEBUG[0m [2mhyper::proto::h1::conn[0m[2m:[0m incoming body is content-length (45 bytes)
[2m2025-12-10T10:08:33.884733Z[0m [34mDEBUG[0m [2mhyper::proto::h1::conn[0m[2m:[0m incoming body completed
[2m2025-12-10T10:08:33.884743Z[0m [34mDEBUG[0m [2mhyper::client::pool[0m[2m:[0m pooling idle connection for ("http", 192.168.0.14:8545)
[2m2025-12-10T10:08:33.888288Z[0m [34mDEBUG[0m [2mhyper::proto::h1::io[0m[2m:[0m parsed 4 headers
[2m2025-12-10T10:08:33.888296Z[0m [34mDEBUG[0m [2mhyper::proto::h1::conn[0m[2m:[0m incoming body is content-length (647 bytes)
[2m2025-12-10T10:08:33.888305Z[0m [34mDEBUG[0m [2mhyper::proto::h1::conn[0m[2m:[0m incoming body completed
[2m2025-12-10T10:08:33.888314Z[0m [34mDEBUG[0m [2mhyper::client::pool[0m[2m:[0m pooling idle connection for ("http", 192.168.0.14:8545)
[2m2025-12-10T10:08:33.888320Z[0m [34mDEBUG[0m [2methereum_transaction_pool_monitor::eth_client[0m[2m:[0m 📡 Transaction fetch RPC completed in 3.719334ms
[2m2025-12-10T10:08:33.960884Z[0m [34mDEBUG[0m [2methereum_transaction_pool_monitor::eth_client[0m[2m:[0m ✅ Transaction 0x747087614b3ec914ec540275daa5ae348903db3dcb240a35f0c5f5f738305cea fetched and parsed in 76.280042ms
[2m2025-12-10T10:08:33.960926Z[0m [34mDEBUG[0m [2methereum_transaction_pool_monitor::mempool_monitor[0m[2m:[0m 🔍 Skipping tx 0x747087614b3ec914ec540275daa5ae348903db3dcb240a35f0c5f5f738305cea - not a DEX interaction (target: 0x45300136662dD4e58fc0DF61E6290DFfD992B785)
[2m2025-12-10T10:08:33.960938Z[0m [34mDEBUG[0m [2methereum_transaction_pool_monitor::mempool_monitor[0m[2m:[0m 📨 Processing new pending transaction: 0x0df166e6ffed6d5871d5b769259c142d6a56fc5cfcb4f1e0c18a6e706e956c16
[2m2025-12-10T10:08:33.960944Z[0m [34mDEBUG[0m [2methereum_transaction_pool_monitor::mempool_monitor[0m[2m:[0m 🔍 Fetching transaction details for: 0x0df166e6ffed6d5871d5b769259c142d6a56fc5cfcb4f1e0c18a6e706e956c16
[2m2025-12-10T10:08:33.960949Z[0m [34mDEBUG[0m [2methereum_transaction_pool_monitor::eth_client[0m[2m:[0m 🔍 Fetching transaction details for hash: 0x0df166e6ffed6d5871d5b769259c142d6a56fc5cfcb4f1e0c18a6e706e956c16
[2m2025-12-10T10:08:33.960972Z[0m [34mDEBUG[0m [2mhyper::client::pool[0m[2m:[0m reuse idle connection for ("http", 192.168.0.14:8545)
[2m2025-12-10T10:08:33.961037Z[0m [34mDEBUG[0m [2mhyper::proto::h1::io[0m[2m:[0m flushed 250 bytes
[2m2025-12-10T10:08:33.961061Z[0m [34mDEBUG[0m [2mhyper::client::pool[0m[2m:[0m reuse idle connection for ("http", 192.168.0.14:8545)
[2m2025-12-10T10:08:33.961082Z[0m [34mDEBUG[0m [2mhyper::proto::h1::io[0m[2m:[0m flushed 172 bytes
[2m2025-12-10T10:08:33.961082Z[0m [34mDEBUG[0m [2methereum_transaction_pool_monitor::eth_client[0m[2m:[0m 📨 Received WebSocket message: {"jsonrpc":"2.0","method":"eth_subscription","params":{"subscription":"0xbed0a0851463e895960a451075a301a9","result":"0x688b23754e80de3a6623bf9a5eb7cbfb4dfb8d075271885d47102222e46b0ab3"}}
[2m2025-12-10T10:08:33.961121Z[0m [34mDEBUG[0m [2methereum_transaction_pool_monitor::eth_client[0m[2m:[0m 📨 Received pending transaction: 0x688b23754e80de3a6623bf9a5eb7cbfb4dfb8d075271885d47102222e46b0ab3
[2m2025-12-10T10:08:33.977076Z[0m [34mDEBUG[0m [2mhyper::proto::h1::io[0m[2m:[0m parsed 4 headers
[2m2025-12-10T10:08:33.977103Z[0m [34mDEBUG[0m [2mhyper::proto::h1::conn[0m[2m:[0m incoming body is content-length (45 bytes)
[2m2025-12-10T10:08:33.977113Z[0m [34mDEBUG[0m [2mhyper::proto::h1::conn[0m[2m:[0m incoming body completed
[2m2025-12-10T10:08:33.977128Z[0m [34mDEBUG[0m [2mhyper::client::pool[0m[2m:[0m pooling idle connection for ("http", 192.168.0.14:8545)
[2m2025-12-10T10:08:33.977904Z[0m [34mDEBUG[0m [2mhyper::proto::h1::io[0m[2m:[0m parsed 4 headers
[2m2025-12-10T10:08:33.977913Z[0m [34mDEBUG[0m [2mhyper::proto::h1::conn[0m[2m:[0m incoming body is content-length (647 bytes)
[2m2025-12-10T10:08:33.977919Z[0m [34mDEBUG[0m [2mhyper::proto::h1::conn[0m[2m:[0m incoming body completed
[2m2025-12-10T10:08:33.977926Z[0m [34mDEBUG[0m [2mhyper::client::pool[0m[2m:[0m pooling idle connection for ("http", 192.168.0.14:8545)
[2m2025-12-10T10:08:33.977932Z[0m [34mDEBUG[0m [2methereum_transaction_pool_monitor::eth_client[0m[2m:[0m 📡 Transaction fetch RPC completed in 16.978542ms
[2m2025-12-10T10:08:34.051185Z[0m [34mDEBUG[0m [2methereum_transaction_pool_monitor::eth_client[0m[2m:[0m ✅ Transaction 0x0df166e6ffed6d5871d5b769259c142d6a56fc5cfcb4f1e0c18a6e706e956c16 fetched and parsed in 90.2275ms
[2m2025-12-10T10:08:34.051208Z[0m [34mDEBUG[0m [2methereum_transaction_pool_monitor::mempool_monitor[0m[2m:[0m 🔍 Skipping tx 0x0df166e6ffed6d5871d5b769259c142d6a56fc5cfcb4f1e0c18a6e706e956c16 - not a DEX interaction (target: 0x5FD15772d0a63bCA4B8a3eF1277cB65B2a07A4Aa)
[2m2025-12-10T10:08:34.051219Z[0m [34mDEBUG[0m [2methereum_transaction_pool_monitor::mempool_monitor[0m[2m:[0m 📨 Processing new pending transaction: 0x1a788ecec6faef224748a37928d95ac46ab9c89e7d5d4033c11db8b77359eca7
[2m2025-12-10T10:08:34.051225Z[0m [34mDEBUG[0m [2methereum_transaction_pool_monitor::mempool_monitor[0m[2m:[0m 🔍 Fetching transaction details for: 0x1a788ecec6faef224748a37928d95ac46ab9c89e7d5d4033c11db8b77359eca7
[2m2025-12-10T10:08:34.051231Z[0m [34mDEBUG[0m [2methereum_transaction_pool_monitor::eth_client[0m[2m:[0m 🔍 Fetching transaction details for hash: 0x1a788ecec6faef224748a37928d95ac46ab9c89e7d5d4033c11db8b77359eca7
[2m2025-12-10T10:08:34.051252Z[0m [34mDEBUG[0m [2mhyper::client::pool[0m[2m:[0m reuse idle connection for ("http", 192.168.0.14:8545)
[2m2025-12-10T10:08:34.051305Z[0m [34mDEBUG[0m [2mhyper::proto::h1::io[0m[2m:[0m flushed 250 bytes
[2m2025-12-10T10:08:34.051329Z[0m [34mDEBUG[0m [2mhyper::client::pool[0m[2m:[0m reuse idle connection for ("http", 192.168.0.14:8545)
[2m2025-12-10T10:08:34.051348Z[0m [34mDEBUG[0m [2mhyper::proto::h1::io[0m[2m:[0m flushed 172 bytes
[2m2025-12-10T10:08:34.051347Z[0m [34mDEBUG[0m [2methereum_transaction_pool_monitor::eth_client[0m[2m:[0m 📨 Received WebSocket message: {"jsonrpc":"2.0","method":"eth_subscription","params":{"subscription":"0xbed0a0851463e895960a451075a301a9","result":"0x611a9b54e726af5eb3a2201dfe2bdaaac937c351a2d2df508d7f34a6d2c17739"}}
[2m2025-12-10T10:08:34.051392Z[0m [34mDEBUG[0m [2methereum_transaction_pool_monitor::eth_client[0m[2m:[0m 📨 Received pending transaction: 0x611a9b54e726af5eb3a2201dfe2bdaaac937c351a2d2df508d7f34a6d2c17739
[2m2025-12-10T10:08:34.055820Z[0m [34mDEBUG[0m [2mhyper::proto::h1::io[0m[2m:[0m parsed 4 headers
[2m2025-12-10T10:08:34.055839Z[0m [34mDEBUG[0m [2mhyper::proto::h1::conn[0m[2m:[0m incoming body is content-length (45 bytes)
[2m2025-12-10T10:08:34.055851Z[0m [34mDEBUG[0m [2mhyper::proto::h1::conn[0m[2m:[0m incoming body completed
[2m2025-12-10T10:08:34.055865Z[0m [34mDEBUG[0m [2mhyper::client::pool[0m[2m:[0m pooling idle connection for ("http", 192.168.0.14:8545)
[2m2025-12-10T10:08:34.058537Z[0m [34mDEBUG[0m [2mhyper::proto::h1::io[0m[2m:[0m parsed 4 headers
[2m2025-12-10T10:08:34.058554Z[0m [34mDEBUG[0m [2mhyper::proto::h1::conn[0m[2m:[0m incoming body is content-length (647 bytes)
[2m2025-12-10T10:08:34.058565Z[0m [34mDEBUG[0m [2mhyper::proto::h1::conn[0m[2m:[0m incoming body completed
[2m2025-12-10T10:08:34.058579Z[0m [34mDEBUG[0m [2mhyper::client::pool[0m[2m:[0m pooling idle connection for ("http", 192.168.0.14:8545)
[2m2025-12-10T10:08:34.058590Z[0m [34mDEBUG[0m [2methereum_transaction_pool_monitor::eth_client[0m[2m:[0m 📡 Transaction fetch RPC completed in 7.355209ms
[2m2025-12-10T10:08:34.134669Z[0m [34mDEBUG[0m [2methereum_transaction_pool_monitor::eth_client[0m[2m:[0m ✅ Transaction 0x1a788ecec6faef224748a37928d95ac46ab9c89e7d5d4033c11db8b77359eca7 fetched and parsed in 83.430542ms
[2m2025-12-10T10:08:34.134693Z[0m [34mDEBUG[0m [2methereum_transaction_pool_monitor::mempool_monitor[0m[2m:[0m 🔍 Skipping tx 0x1a788ecec6faef224748a37928d95ac46ab9c89e7d5d4033c11db8b77359eca7 - not a DEX interaction (target: 0x1B0cccCf107A1f9A86cED37EcA4eBff6df9Cb472)
[2m2025-12-10T10:08:34.134704Z[0m [34mDEBUG[0m [2methereum_transaction_pool_monitor::mempool_monitor[0m[2m:[0m 📨 Processing new pending transaction: 0x09fe3a3f5b7525eb04866e0ec0683fcaa8201c3bb3452093093b8a64a8cda8a7
[2m2025-12-10T10:08:34.134710Z[0m [34mDEBUG[0m [2methereum_transaction_pool_monitor::mempool_monitor[0m[2m:[0m 🔍 Fetching transaction details for: 0x09fe3a3f5b7525eb04866e0ec0683fcaa8201c3bb3452093093b8a64a8cda8a7
[2m2025-12-10T10:08:34.134715Z[0m [34mDEBUG[0m [2methereum_transaction_pool_monitor::eth_client[0m[2m:[0m 🔍 Fetching transaction details for hash: 0x09fe3a3f5b7525eb04866e0ec0683fcaa8201c3bb3452093093b8a64a8cda8a7
[2m2025-12-10T10:08:34.134739Z[0m [34mDEBUG[0m [2mhyper::client::pool[0m[2m:[0m reuse idle connection for ("http", 192.168.0.14:8545)
[2m2025-12-10T10:08:34.134777Z[0m [34mDEBUG[0m [2mhyper::proto::h1::io[0m[2m:[0m flushed 250 bytes
[2m2025-12-10T10:08:34.134808Z[0m [34mDEBUG[0m [2mhyper::client::pool[0m[2m:[0m reuse idle connection for ("http", 192.168.0.14:8545)
[2m2025-12-10T10:08:34.134824Z[0m [34mDEBUG[0m [2mhyper::proto::h1::io[0m[2m:[0m flushed 172 bytes
[2m2025-12-10T10:08:34.141852Z[0m [34mDEBUG[0m [2mhyper::proto::h1::io[0m[2m:[0m parsed 4 headers
[2m2025-12-10T10:08:34.141861Z[0m [34mDEBUG[0m [2mhyper::proto::h1::io[0m[2m:[0m parsed 4 headers
[2m2025-12-10T10:08:34.141896Z[0m [34mDEBUG[0m [2mhyper::proto::h1::conn[0m[2m:[0m incoming body is content-length (645 bytes)
[2m2025-12-10T10:08:34.141912Z[0m [34mDEBUG[0m [2mhyper::proto::h1::conn[0m[2m:[0m incoming body is content-length (45 bytes)
[2m2025-12-10T10:08:34.141921Z[0m [34mDEBUG[0m [2mhyper::proto::h1::conn[0m[2m:[0m incoming body completed
[2m2025-12-10T10:08:34.141930Z[0m [34mDEBUG[0m [2mhyper::proto::h1::conn[0m[2m:[0m incoming body completed
[2m2025-12-10T10:08:34.141949Z[0m [34mDEBUG[0m [2mhyper::client::pool[0m[2m:[0m pooling idle connection for ("http", 192.168.0.14:8545)
[2m2025-12-10T10:08:34.141959Z[0m [34mDEBUG[0m [2methereum_transaction_pool_monitor::eth_client[0m[2m:[0m 📡 Transaction fetch RPC completed in 7.239375ms
[2m2025-12-10T10:08:34.141959Z[0m [34mDEBUG[0m [2mhyper::client::pool[0m[2m:[0m pooling idle connection for ("http", 192.168.0.14:8545)
[2m2025-12-10T10:08:34.197065Z[0m [34mDEBUG[0m [2mhyper::client::pool[0m[2m:[0m reuse idle connection for ("http", 192.168.0.14:8545)
[2m2025-12-10T10:08:34.197150Z[0m [34mDEBUG[0m [2mhyper::proto::h1::io[0m[2m:[0m flushed 172 bytes
[2m2025-12-10T10:08:34.200413Z[0m [34mDEBUG[0m [2mhyper::proto::h1::io[0m[2m:[0m parsed 4 headers
[2m2025-12-10T10:08:34.200453Z[0m [34mDEBUG[0m [2mhyper::proto::h1::conn[0m[2m:[0m incoming body is content-length (45 bytes)
[2m2025-12-10T10:08:34.200486Z[0m [34mDEBUG[0m [2mhyper::proto::h1::conn[0m[2m:[0m incoming body completed
[2m2025-12-10T10:08:34.200519Z[0m [34mDEBUG[0m [2mhyper::client::pool[0m[2m:[0m pooling idle connection for ("http", 192.168.0.14:8545)
[2m2025-12-10T10:08:34.214788Z[0m [34mDEBUG[0m [2methereum_transaction_pool_monitor::eth_client[0m[2m:[0m ✅ Transaction 0x09fe3a3f5b7525eb04866e0ec0683fcaa8201c3bb3452093093b8a64a8cda8a7 fetched and parsed in 80.065666ms
[2m2025-12-10T10:08:34.214816Z[0m [34mDEBUG[0m [2methereum_transaction_pool_monitor::mempool_monitor[0m[2m:[0m 🔍 Skipping tx 0x09fe3a3f5b7525eb04866e0ec0683fcaa8201c3bb3452093093b8a64a8cda8a7 - not a DEX interaction (target: 0x7bf99697a2018361d4f214D0eB73920F882c9508)
[2m2025-12-10T10:08:34.214828Z[0m [34mDEBUG[0m [2methereum_transaction_pool_monitor::mempool_monitor[0m[2m:[0m 📨 Processing new pending transaction: 0x542378d1c0d48b51fd7f609c3e387e672c9fb33afe85ee16fde398083cf35e54
[2m2025-12-10T10:08:34.214836Z[0m [34mDEBUG[0m [2methereum_transaction_pool_monitor::mempool_monitor[0m[2m:[0m 🔍 Fetching transaction details for: 0x542378d1c0d48b51fd7f609c3e387e672c9fb33afe85ee16fde398083cf35e54
[2m2025-12-10T10:08:34.214842Z[0m [34mDEBUG[0m [2methereum_transaction_pool_monitor::eth_client[0m[2m:[0m 🔍 Fetching transaction details for hash: 0x542378d1c0d48b51fd7f609c3e387e672c9fb33afe85ee16fde398083cf35e54
[2m2025-12-10T10:08:34.214865Z[0m [34mDEBUG[0m [2mhyper::client::pool[0m[2m:[0m reuse idle connection for ("http", 192.168.0.14:8545)
[2m2025-12-10T10:08:34.214924Z[0m [34mDEBUG[0m [2mhyper::proto::h1::io[0m[2m:[0m flushed 250 bytes
[2m2025-12-10T10:08:34.216277Z[0m [34mDEBUG[0m [2methereum_transaction_pool_monitor::eth_client[0m[2m:[0m 📨 Received WebSocket message: {"jsonrpc":"2.0","method":"eth_subscription","params":{"subscription":"0xbed0a0851463e895960a451075a301a9","result":"0xb6d209e26a97ddc6cc0c896149825a14ac2f6dc211b9c82d19686529d7cd7089"}}
[2m2025-12-10T10:08:34.216290Z[0m [34mDEBUG[0m [2methereum_transaction_pool_monitor::eth_client[0m[2m:[0m 📨 Received pending transaction: 0xb6d209e26a97ddc6cc0c896149825a14ac2f6dc211b9c82d19686529d7cd7089
[2m2025-12-10T10:08:34.230874Z[0m [34mDEBUG[0m [2mhyper::proto::h1::io[0m[2m:[0m parsed 4 headers
[2m2025-12-10T10:08:34.230891Z[0m [34mDEBUG[0m [2mhyper::proto::h1::conn[0m[2m:[0m incoming body is content-length (646 bytes)
[2m2025-12-10T10:08:34.230901Z[0m [34mDEBUG[0m [2mhyper::proto::h1::conn[0m[2m:[0m incoming body completed
[2m2025-12-10T10:08:34.230912Z[0m [34mDEBUG[0m [2mhyper::client::pool[0m[2m:[0m pooling idle connection for ("http", 192.168.0.14:8545)
[2m2025-12-10T10:08:34.230922Z[0m [34mDEBUG[0m [2methereum_transaction_pool_monitor::eth_client[0m[2m:[0m 📡 Transaction fetch RPC completed in 16.075208ms
[2m2025-12-10T10:08:34.302504Z[0m [34mDEBUG[0m [2methereum_transaction_pool_monitor::eth_client[0m[2m:[0m ✅ Transaction 0x542378d1c0d48b51fd7f609c3e387e672c9fb33afe85ee16fde398083cf35e54 fetched and parsed in 87.654375ms
[2m2025-12-10T10:08:34.302537Z[0m [34mDEBUG[0m [2methereum_transaction_pool_monitor::mempool_monitor[0m[2m:[0m 🔍 Skipping tx 0x542378d1c0d48b51fd7f609c3e387e672c9fb33afe85ee16fde398083cf35e54 - not a DEX interaction (target: 0xc0196bBC0decFb3E6Aa185848C17E8d444e24963)
[2m2025-12-10T10:08:34.302549Z[0m [34mDEBUG[0m [2methereum_transaction_pool_monitor::mempool_monitor[0m[2m:[0m 📨 Processing new pending transaction: 0xad269dc06391c2a5b11c85b5e083c3b515df8edfb91555df057e4e68bd72121f
[2m2025-12-10T10:08:34.302556Z[0m [34mDEBUG[0m [2methereum_transaction_pool_monitor::mempool_monitor[0m[2m:[0m 🔍 Fetching transaction details for: 0xad269dc06391c2a5b11c85b5e083c3b515df8edfb91555df057e4e68bd72121f
[2m2025-12-10T10:08:34.302561Z[0m [34mDEBUG[0m [2methereum_transaction_pool_monitor::eth_client[0m[2m:[0m 🔍 Fetching transaction details for hash: 0xad269dc06391c2a5b11c85b5e083c3b515df8edfb91555df057e4e68bd72121f
[2m2025-12-10T10:08:34.302585Z[0m [34mDEBUG[0m [2mhyper::client::pool[0m[2m:[0m reuse idle connection for ("http", 192.168.0.14:8545)
[2m2025-12-10T10:08:34.302646Z[0m [34mDEBUG[0m [2mhyper::proto::h1::io[0m[2m:[0m flushed 250 bytes
[2m2025-12-10T10:08:34.302674Z[0m [34mDEBUG[0m [2mhyper::client::pool[0m[2m:[0m reuse idle connection for ("http", 192.168.0.14:8545)
[2m2025-12-10T10:08:34.302694Z[0m [34mDEBUG[0m [2mhyper::proto::h1::io[0m[2m:[0m flushed 172 bytes
[2m2025-12-10T10:08:34.302713Z[0m [34mDEBUG[0m [2methereum_transaction_pool_monitor::eth_client[0m[2m:[0m 📨 Received WebSocket message: {"jsonrpc":"2.0","method":"eth_subscription","params":{"subscription":"0xbed0a0851463e895960a451075a301a9","result":"0x3a92e91726c119432fa89a0789fe3ee34af9a188cd374f1accdb7fb2075734a8"}}
[2m2025-12-10T10:08:34.302726Z[0m [34mDEBUG[0m [2methereum_transaction_pool_monitor::eth_client[0m[2m:[0m 📨 Received pending transaction: 0x3a92e91726c119432fa89a0789fe3ee34af9a188cd374f1accdb7fb2075734a8
[2m2025-12-10T10:08:34.308440Z[0m [34mDEBUG[0m [2mhyper::proto::h1::io[0m[2m:[0m parsed 4 headers
[2m2025-12-10T10:08:34.308460Z[0m [34mDEBUG[0m [2mhyper::proto::h1::conn[0m[2m:[0m incoming body is content-length (646 bytes)
[2m2025-12-10T10:08:34.308470Z[0m [34mDEBUG[0m [2mhyper::proto::h1::conn[0m[2m:[0m incoming body completed
[2m2025-12-10T10:08:34.308482Z[0m [34mDEBUG[0m [2mhyper::client::pool[0m[2m:[0m pooling idle connection for ("http", 192.168.0.14:8545)
[2m2025-12-10T10:08:34.308491Z[0m [34mDEBUG[0m [2methereum_transaction_pool_monitor::eth_client[0m[2m:[0m 📡 Transaction fetch RPC completed in 5.92425ms
[2m2025-12-10T10:08:34.380709Z[0m [34mDEBUG[0m [2methereum_transaction_pool_monitor::eth_client[0m[2m:[0m ✅ Transaction 0xad269dc06391c2a5b11c85b5e083c3b515df8edfb91555df057e4e68bd72121f fetched and parsed in 78.13925ms
[2m2025-12-10T10:08:34.380743Z[0m [34mDEBUG[0m [2methereum_transaction_pool_monitor::mempool_monitor[0m[2m:[0m 🔍 Skipping tx 0xad269dc06391c2a5b11c85b5e083c3b515df8edfb91555df057e4e68bd72121f - not a DEX interaction (target: 0x9021069cE6842Ac73D824941F841810E7D73f4C5)
[2m2025-12-10T10:08:34.380754Z[0m [34mDEBUG[0m [2methereum_transaction_pool_monitor::mempool_monitor[0m[2m:[0m 📨 Processing new pending transaction: 0x3dfa629de433ed61395349441bacf302433b9cf7de7621e0ddaadd18af722854
[2m2025-12-10T10:08:34.380761Z[0m [34mDEBUG[0m [2methereum_transaction_pool_monitor::mempool_monitor[0m[2m:[0m 🔍 Fetching transaction details for: 0x3dfa629de433ed61395349441bacf302433b9cf7de7621e0ddaadd18af722854
[2m2025-12-10T10:08:34.380766Z[0m [34mDEBUG[0m [2methereum_transaction_pool_monitor::eth_client[0m[2m:[0m 🔍 Fetching transaction details for hash: 0x3dfa629de433ed61395349441bacf302433b9cf7de7621e0ddaadd18af722854
[2m2025-12-10T10:08:34.380793Z[0m [34mDEBUG[0m [2mhyper::client::pool[0m[2m:[0m reuse idle connection for ("http", 192.168.0.14:8545)
[2m2025-12-10T10:08:34.380840Z[0m [34mDEBUG[0m [2mhyper::proto::h1::io[0m[2m:[0m flushed 250 bytes
[2m2025-12-10T10:08:34.380861Z[0m [34mDEBUG[0m [2mhyper::proto::h1::io[0m[2m:[0m parsed 4 headers
[2m2025-12-10T10:08:34.380867Z[0m [34mDEBUG[0m [2mhyper::proto::h1::conn[0m[2m:[0m incoming body is content-length (45 bytes)
[2m2025-12-10T10:08:34.380879Z[0m [34mDEBUG[0m [2mhyper::proto::h1::conn[0m[2m:[0m incoming body completed
[2m2025-12-10T10:08:34.380890Z[0m [34mDEBUG[0m [2mhyper::client::pool[0m[2m:[0m pooling idle connection for ("http", 192.168.0.14:8545)
[2m2025-12-10T10:08:34.387178Z[0m [34mDEBUG[0m [2mhyper::proto::h1::io[0m[2m:[0m parsed 4 headers
[2m2025-12-10T10:08:34.387201Z[0m [34mDEBUG[0m [2mhyper::proto::h1::conn[0m[2m:[0m incoming body is content-length (647 bytes)
[2m2025-12-10T10:08:34.387212Z[0m [34mDEBUG[0m [2mhyper::proto::h1::conn[0m[2m:[0m incoming body completed
[2m2025-12-10T10:08:34.387225Z[0m [34mDEBUG[0m [2mhyper::client::pool[0m[2m:[0m pooling idle connection for ("http", 192.168.0.14:8545)
[2m2025-12-10T10:08:34.387238Z[0m [34mDEBUG[0m [2methereum_transaction_pool_monitor::eth_client[0m[2m:[0m 📡 Transaction fetch RPC completed in 6.467292ms
[2m2025-12-10T10:08:34.462779Z[0m [34mDEBUG[0m [2methereum_transaction_pool_monitor::eth_client[0m[2m:[0m ✅ Transaction 0x3dfa629de433ed61395349441bacf302433b9cf7de7621e0ddaadd18af722854 fetched and parsed in 82.00475ms
[2m2025-12-10T10:08:34.462817Z[0m [34mDEBUG[0m [2methereum_transaction_pool_monitor::mempool_monitor[0m[2m:[0m 🔍 Skipping tx 0x3dfa629de433ed61395349441bacf302433b9cf7de7621e0ddaadd18af722854 - not a DEX interaction (target: 0x39e274cb173999eCA1cC3DAF0C3E938D2CD69a50)
[2m2025-12-10T10:08:34.462831Z[0m [34mDEBUG[0m [2methereum_transaction_pool_monitor::mempool_monitor[0m[2m:[0m 📨 Processing new pending transaction: 0xd40ede9ab3c194a764312a802b3538c77a809e1500610420ebddf89ded101e10
[2m2025-12-10T10:08:34.462839Z[0m [34mDEBUG[0m [2methereum_transaction_pool_monitor::mempool_monitor[0m[2m:[0m 🔍 Fetching transaction details for: 0xd40ede9ab3c194a764312a802b3538c77a809e1500610420ebddf89ded101e10
[2m2025-12-10T10:08:34.462844Z[0m [34mDEBUG[0m [2methereum_transaction_pool_monitor::eth_client[0m[2m:[0m 🔍 Fetching transaction details for hash: 0xd40ede9ab3c194a764312a802b3538c77a809e1500610420ebddf89ded101e10
[2m2025-12-10T10:08:34.462874Z[0m [34mDEBUG[0m [2mhyper::client::pool[0m[2m:[0m reuse idle connection for ("http", 192.168.0.14:8545)
[2m2025-12-10T10:08:34.462945Z[0m [34mDEBUG[0m [2mhyper::proto::h1::io[0m[2m:[0m flushed 250 bytes
[2m2025-12-10T10:08:34.462972Z[0m [34mDEBUG[0m [2mhyper::client::pool[0m[2m:[0m reuse idle connection for ("http", 192.168.0.14:8545)
[2m2025-12-10T10:08:34.462992Z[0m [34mDEBUG[0m [2mhyper::proto::h1::io[0m[2m:[0m flushed 172 bytes
[2m2025-12-10T10:08:34.463028Z[0m [34mDEBUG[0m [2methereum_transaction_pool_monitor::eth_client[0m[2m:[0m 📨 Received WebSocket message: {"jsonrpc":"2.0","method":"eth_subscription","params":{"subscription":"0xbed0a0851463e895960a451075a301a9","result":"0x251e7338626c102d1a9f8a81a9cd3755dfc2ec09ca73d8f5a405610613f7a4f0"}}
[2m2025-12-10T10:08:34.463068Z[0m [34mDEBUG[0m [2methereum_transaction_pool_monitor::eth_client[0m[2m:[0m 📨 Received pending transaction: 0x251e7338626c102d1a9f8a81a9cd3755dfc2ec09ca73d8f5a405610613f7a4f0
[2m2025-12-10T10:08:34.466501Z[0m [34mDEBUG[0m [2mhyper::proto::h1::io[0m[2m:[0m parsed 4 headers
[2m2025-12-10T10:08:34.466521Z[0m [34mDEBUG[0m [2mhyper::proto::h1::conn[0m[2m:[0m incoming body is content-length (45 bytes)
[2m2025-12-10T10:08:34.466530Z[0m [34mDEBUG[0m [2mhyper::proto::h1::conn[0m[2m:[0m incoming body completed
[2m2025-12-10T10:08:34.466543Z[0m [34mDEBUG[0m [2mhyper::client::pool[0m[2m:[0m pooling idle connection for ("http", 192.168.0.14:8545)
[2m2025-12-10T10:08:34.471646Z[0m [34mDEBUG[0m [2mhyper::proto::h1::io[0m[2m:[0m parsed 4 headers
[2m2025-12-10T10:08:34.471688Z[0m [34mDEBUG[0m [2mhyper::proto::h1::conn[0m[2m:[0m incoming body is content-length (646 bytes)
[2m2025-12-10T10:08:34.471705Z[0m [34mDEBUG[0m [2mhyper::proto::h1::conn[0m[2m:[0m incoming body completed
[2m2025-12-10T10:08:34.471734Z[0m [34mDEBUG[0m [2mhyper::client::pool[0m[2m:[0m pooling idle connection for ("http", 192.168.0.14:8545)
[2m2025-12-10T10:08:34.471754Z[0m [34mDEBUG[0m [2methereum_transaction_pool_monitor::eth_client[0m[2m:[0m 📡 Transaction fetch RPC completed in 8.902625ms
[2m2025-12-10T10:08:34.551844Z[0m [34mDEBUG[0m [2methereum_transaction_pool_monitor::eth_client[0m[2m:[0m ✅ Transaction 0xd40ede9ab3c194a764312a802b3538c77a809e1500610420ebddf89ded101e10 fetched and parsed in 88.98875ms
[2m2025-12-10T10:08:34.551887Z[0m [34mDEBUG[0m [2methereum_transaction_pool_monitor::mempool_monitor[0m[2m:[0m 🔍 Skipping tx 0xd40ede9ab3c194a764312a802b3538c77a809e1500610420ebddf89ded101e10 - not a DEX interaction (target: 0xac47489B2324B6F02992aC541c9f941d14280cbb)
[2m2025-12-10T10:08:34.551899Z[0m [34mDEBUG[0m [2methereum_transaction_pool_monitor::mempool_monitor[0m[2m:[0m 📨 Processing new pending transaction: 0x7068ed7cc2b2191c9e0a613cb6b2cdc7d6f94ae0afa0589e88439bc21ff66588
[2m2025-12-10T10:08:34.551905Z[0m [34mDEBUG[0m [2methereum_transaction_pool_monitor::mempool_monitor[0m[2m:[0m 🔍 Fetching transaction details for: 0x7068ed7cc2b2191c9e0a613cb6b2cdc7d6f94ae0afa0589e88439bc21ff66588
[2m2025-12-10T10:08:34.551912Z[0m [34mDEBUG[0m [2methereum_transaction_pool_monitor::eth_client[0m[2m:[0m 🔍 Fetching transaction details for hash: 0x7068ed7cc2b2191c9e0a613cb6b2cdc7d6f94ae0afa0589e88439bc21ff66588
[2m2025-12-10T10:08:34.551940Z[0m [34mDEBUG[0m [2mhyper::client::pool[0m[2m:[0m reuse idle connection for ("http", 192.168.0.14:8545)
[2m2025-12-10T10:08:34.552015Z[0m [34mDEBUG[0m [2mhyper::proto::h1::io[0m[2m:[0m flushed 250 bytes
[2m2025-12-10T10:08:34.552043Z[0m [34mDEBUG[0m [2mhyper::client::pool[0m[2m:[0m reuse idle connection for ("http", 192.168.0.14:8545)
[2m2025-12-10T10:08:34.552065Z[0m [34mDEBUG[0m [2mhyper::proto::h1::io[0m[2m:[0m flushed 172 bytes
[2m2025-12-10T10:08:34.552091Z[0m [34mDEBUG[0m [2methereum_transaction_pool_monitor::eth_client[0m[2m:[0m 📨 Received WebSocket message: {"jsonrpc":"2.0","method":"eth_subscription","params":{"subscription":"0xbed0a0851463e895960a451075a301a9","result":"0xc8d814fd335d16f9351d6b6b55bffda7a8978d0aec40c517e78d1c7b74699220"}}
[2m2025-12-10T10:08:34.552134Z[0m [34mDEBUG[0m [2methereum_transaction_pool_monitor::eth_client[0m[2m:[0m 📨 Received pending transaction: 0xc8d814fd335d16f9351d6b6b55bffda7a8978d0aec40c517e78d1c7b74699220
[2m2025-12-10T10:08:34.555604Z[0m [34mDEBUG[0m [2mhyper::proto::h1::io[0m[2m:[0m parsed 4 headers
[2m2025-12-10T10:08:34.555618Z[0m [34mDEBUG[0m [2mhyper::proto::h1::conn[0m[2m:[0m incoming body is content-length (45 bytes)
[2m2025-12-10T10:08:34.555630Z[0m [34mDEBUG[0m [2mhyper::proto::h1::conn[0m[2m:[0m incoming body completed
[2m2025-12-10T10:08:34.555643Z[0m [34mDEBUG[0m [2mhyper::client::pool[0m[2m:[0m pooling idle connection for ("http", 192.168.0.14:8545)
[2m2025-12-10T10:08:34.557389Z[0m [34mDEBUG[0m [2mhyper::proto::h1::io[0m[2m:[0m parsed 4 headers
[2m2025-12-10T10:08:34.557401Z[0m [34mDEBUG[0m [2mhyper::proto::h1::conn[0m[2m:[0m incoming body is content-length (646 bytes)
[2m2025-12-10T10:08:34.557407Z[0m [34mDEBUG[0m [2mhyper::proto::h1::conn[0m[2m:[0m incoming body completed
[2m2025-12-10T10:08:34.557417Z[0m [34mDEBUG[0m [2mhyper::client::pool[0m[2m:[0m pooling idle connection for ("http", 192.168.0.14:8545)
[2m2025-12-10T10:08:34.557423Z[0m [34mDEBUG[0m [2methereum_transaction_pool_monitor::eth_client[0m[2m:[0m 📡 Transaction fetch RPC completed in 5.504333ms
[2m2025-12-10T10:08:34.633537Z[0m [34mDEBUG[0m [2methereum_transaction_pool_monitor::eth_client[0m[2m:[0m ✅ Transaction 0x7068ed7cc2b2191c9e0a613cb6b2cdc7d6f94ae0afa0589e88439bc21ff66588 fetched and parsed in 81.6145ms
[2m2025-12-10T10:08:34.633570Z[0m [34mDEBUG[0m [2methereum_transaction_pool_monitor::mempool_monitor[0m[2m:[0m 🔍 Skipping tx 0x7068ed7cc2b2191c9e0a613cb6b2cdc7d6f94ae0afa0589e88439bc21ff66588 - not a DEX interaction (target: 0x92eb3692fC3894E305D75AD67cb619c90A2f2C2d)
[2m2025-12-10T10:08:34.633581Z[0m [34mDEBUG[0m [2methereum_transaction_pool_monitor::mempool_monitor[0m[2m:[0m 📨 Processing new pending transaction: 0x7e43ac4a744f869f09e268af97f60b7fd240ec0523c8265f6eebcfefffcc9cdb
[2m2025-12-10T10:08:34.633586Z[0m [34mDEBUG[0m [2methereum_transaction_pool_monitor::mempool_monitor[0m[2m:[0m 🔍 Fetching transaction details for: 0x7e43ac4a744f869f09e268af97f60b7fd240ec0523c8265f6eebcfefffcc9cdb
[2m2025-12-10T10:08:34.633591Z[0m [34mDEBUG[0m [2methereum_transaction_pool_monitor::eth_client[0m[2m:[0m 🔍 Fetching transaction details for hash: 0x7e43ac4a744f869f09e268af97f60b7fd240ec0523c8265f6eebcfefffcc9cdb
[2m2025-12-10T10:08:34.633615Z[0m [34mDEBUG[0m [2mhyper::client::pool[0m[2m:[0m reuse idle connection for ("http", 192.168.0.14:8545)
[2m2025-12-10T10:08:34.633677Z[0m [34mDEBUG[0m [2mhyper::proto::h1::io[0m[2m:[0m flushed 250 bytes
[2m2025-12-10T10:08:34.633755Z[0m [34mDEBUG[0m [2mhyper::client::pool[0m[2m:[0m reuse idle connection for ("http", 192.168.0.14:8545)
[2m2025-12-10T10:08:34.633788Z[0m [34mDEBUG[0m [2mhyper::proto::h1::io[0m[2m:[0m flushed 172 bytes
[2m2025-12-10T10:08:34.638475Z[0m [34mDEBUG[0m [2mhyper::proto::h1::io[0m[2m:[0m parsed 4 headers
[2m2025-12-10T10:08:34.638519Z[0m [34mDEBUG[0m [2mhyper::proto::h1::conn[0m[2m:[0m incoming body is content-length (45 bytes)
[2m2025-12-10T10:08:34.638535Z[0m [34mDEBUG[0m [2mhyper::proto::h1::conn[0m[2m:[0m incoming body completed
[2m2025-12-10T10:08:34.638557Z[0m [34mDEBUG[0m [2mhyper::client::pool[0m[2m:[0m pooling idle connection for ("http", 192.168.0.14:8545)
[2m2025-12-10T10:08:34.642336Z[0m [34mDEBUG[0m [2mhyper::proto::h1::io[0m[2m:[0m parsed 4 headers
[2m2025-12-10T10:08:34.642355Z[0m [34mDEBUG[0m [2mhyper::proto::h1::conn[0m[2m:[0m incoming body is content-length (775 bytes)
[2m2025-12-10T10:08:34.642365Z[0m [34mDEBUG[0m [2mhyper::proto::h1::conn[0m[2m:[0m incoming body completed
[2m2025-12-10T10:08:34.642379Z[0m [34mDEBUG[0m [2mhyper::client::pool[0m[2m:[0m pooling idle connection for ("http", 192.168.0.14:8545)
[2m2025-12-10T10:08:34.642391Z[0m [34mDEBUG[0m [2methereum_transaction_pool_monitor::eth_client[0m[2m:[0m 📡 Transaction fetch RPC completed in 8.795125ms
[2m2025-12-10T10:08:34.716485Z[0m [34mDEBUG[0m [2methereum_transaction_pool_monitor::eth_client[0m[2m:[0m ✅ Transaction 0x7e43ac4a744f869f09e268af97f60b7fd240ec0523c8265f6eebcfefffcc9cdb fetched and parsed in 82.886208ms
[2m2025-12-10T10:08:34.716515Z[0m [34mDEBUG[0m [2methereum_transaction_pool_monitor::mempool_monitor[0m[2m:[0m 🔍 Skipping tx 0x7e43ac4a744f869f09e268af97f60b7fd240ec0523c8265f6eebcfefffcc9cdb - not a DEX interaction (target: 0x8290333ceF9e6D528dD5618Fb97a76f268f3EDD4)
[2m2025-12-10T10:08:34.716528Z[0m [34mDEBUG[0m [2methereum_transaction_pool_monitor::mempool_monitor[0m[2m:[0m 📨 Processing new pending transaction: 0x3c0e8c0b66ebf20ca7a7dba5c3fc96fdb16f1b9106e86ede782605d4211a1fae
[2m2025-12-10T10:08:34.716534Z[0m [34mDEBUG[0m [2methereum_transaction_pool_monitor::mempool_monitor[0m[2m:[0m 🔍 Fetching transaction details for: 0x3c0e8c0b66ebf20ca7a7dba5c3fc96fdb16f1b9106e86ede782605d4211a1fae
[2m2025-12-10T10:08:34.716539Z[0m [34mDEBUG[0m [2methereum_transaction_pool_monitor::eth_client[0m[2m:[0m 🔍 Fetching transaction details for hash: 0x3c0e8c0b66ebf20ca7a7dba5c3fc96fdb16f1b9106e86ede782605d4211a1fae
[2m2025-12-10T10:08:34.716567Z[0m [34mDEBUG[0m [2mhyper::client::pool[0m[2m:[0m reuse idle connection for ("http", 192.168.0.14:8545)
[2m2025-12-10T10:08:34.716623Z[0m [34mDEBUG[0m [2mhyper::proto::h1::io[0m[2m:[0m flushed 250 bytes
[2m2025-12-10T10:08:34.716660Z[0m [34mDEBUG[0m [2mhyper::client::pool[0m[2m:[0m reuse idle connection for ("http", 192.168.0.14:8545)
[2m2025-12-10T10:08:34.716681Z[0m [34mDEBUG[0m [2mhyper::proto::h1::io[0m[2m:[0m flushed 172 bytes
[2m2025-12-10T10:08:34.719450Z[0m [34mDEBUG[0m [2mhyper::proto::h1::io[0m[2m:[0m parsed 4 headers
[2m2025-12-10T10:08:34.719485Z[0m [34mDEBUG[0m [2mhyper::proto::h1::conn[0m[2m:[0m incoming body is content-length (552 bytes)
[2m2025-12-10T10:08:34.719501Z[0m [34mDEBUG[0m [2mhyper::proto::h1::conn[0m[2m:[0m incoming body completed
[2m2025-12-10T10:08:34.719522Z[0m [34mDEBUG[0m [2mhyper::client::pool[0m[2m:[0m pooling idle connection for ("http", 192.168.0.14:8545)
[2m2025-12-10T10:08:34.719537Z[0m [34mDEBUG[0m [2methereum_transaction_pool_monitor::eth_client[0m[2m:[0m 📡 Transaction fetch RPC completed in 2.993708ms
[2m2025-12-10T10:08:34.792027Z[0m [34mDEBUG[0m [2methereum_transaction_pool_monitor::eth_client[0m[2m:[0m ✅ Transaction 0x3c0e8c0b66ebf20ca7a7dba5c3fc96fdb16f1b9106e86ede782605d4211a1fae fetched and parsed in 75.480458ms
[2m2025-12-10T10:08:34.792057Z[0m [34mDEBUG[0m [2methereum_transaction_pool_monitor::mempool_monitor[0m[2m:[0m 🔍 Skipping tx 0x3c0e8c0b66ebf20ca7a7dba5c3fc96fdb16f1b9106e86ede782605d4211a1fae - not a DEX interaction (target: 0xEbA88149813BEc1cCcccFDb0daCEFaaa5DE94cB1)
[2m2025-12-10T10:08:34.792067Z[0m [34mDEBUG[0m [2methereum_transaction_pool_monitor::mempool_monitor[0m[2m:[0m 📨 Processing new pending transaction: 0x14ad3105f26c05dc5f871f6b6b25f4b4f644df6484c3d9ae4c63203ebee004a7
[2m2025-12-10T10:08:34.792072Z[0m [34mDEBUG[0m [2methereum_transaction_pool_monitor::mempool_monitor[0m[2m:[0m 🔍 Fetching transaction details for: 0x14ad3105f26c05dc5f871f6b6b25f4b4f644df6484c3d9ae4c63203ebee004a7
[2m2025-12-10T10:08:34.792077Z[0m [34mDEBUG[0m [2methereum_transaction_pool_monitor::eth_client[0m[2m:[0m 🔍 Fetching transaction details for hash: 0x14ad3105f26c05dc5f871f6b6b25f4b4f644df6484c3d9ae4c63203ebee004a7
[2m2025-12-10T10:08:34.792099Z[0m [34mDEBUG[0m [2mhyper::client::pool[0m[2m:[0m reuse idle connection for ("http", 192.168.0.14:8545)
[2m2025-12-10T10:08:34.792164Z[0m [34mDEBUG[0m [2mhyper::proto::h1::io[0m[2m:[0m flushed 250 bytes
[2m2025-12-10T10:08:34.792183Z[0m [34mDEBUG[0m [2mhyper::proto::h1::io[0m[2m:[0m parsed 4 headers
[2m2025-12-10T10:08:34.792188Z[0m [34mDEBUG[0m [2mhyper::proto::h1::conn[0m[2m:[0m incoming body is content-length (45 bytes)
[2m2025-12-10T10:08:34.792196Z[0m [34mDEBUG[0m [2mhyper::proto::h1::conn[0m[2m:[0m incoming body completed
[2m2025-12-10T10:08:34.792204Z[0m [34mDEBUG[0m [2mhyper::client::pool[0m[2m:[0m pooling idle connection for ("http", 192.168.0.14:8545)
[2m2025-12-10T10:08:34.796747Z[0m [34mDEBUG[0m [2mhyper::client::pool[0m[2m:[0m reuse idle connection for ("http", 192.168.0.14:8545)
[2m2025-12-10T10:08:34.796788Z[0m [34mDEBUG[0m [2mhyper::proto::h1::io[0m[2m:[0m flushed 172 bytes
[2m2025-12-10T10:08:34.801787Z[0m [34mDEBUG[0m [2mhyper::proto::h1::io[0m[2m:[0m parsed 4 headers
[2m2025-12-10T10:08:34.801812Z[0m [34mDEBUG[0m [2mhyper::proto::h1::conn[0m[2m:[0m incoming body is content-length (832 bytes)
[2m2025-12-10T10:08:34.801822Z[0m [34mDEBUG[0m [2mhyper::proto::h1::conn[0m[2m:[0m incoming body completed
[2m2025-12-10T10:08:34.801835Z[0m [34mDEBUG[0m [2mhyper::client::pool[0m[2m:[0m pooling idle connection for ("http", 192.168.0.14:8545)
[2m2025-12-10T10:08:34.801845Z[0m [34mDEBUG[0m [2methereum_transaction_pool_monitor::eth_client[0m[2m:[0m 📡 Transaction fetch RPC completed in 9.763833ms
[2m2025-12-10T10:08:34.875036Z[0m [34mDEBUG[0m [2methereum_transaction_pool_monitor::eth_client[0m[2m:[0m ✅ Transaction 0x14ad3105f26c05dc5f871f6b6b25f4b4f644df6484c3d9ae4c63203ebee004a7 fetched and parsed in 82.951667ms
[2m2025-12-10T10:08:34.875062Z[0m [34mDEBUG[0m [2methereum_transaction_pool_monitor::mempool_monitor[0m[2m:[0m 🔍 Skipping tx 0x14ad3105f26c05dc5f871f6b6b25f4b4f644df6484c3d9ae4c63203ebee004a7 - not a DEX interaction (target: 0x3B4D794a66304F130a4Db8F2551B0070dfCf5ca7)
[2m2025-12-10T10:08:34.875072Z[0m [34mDEBUG[0m [2methereum_transaction_pool_monitor::mempool_monitor[0m[2m:[0m 📨 Processing new pending transaction: 0x03889f26142ef897992708f0380495584159f334cc47dfde07ffa7b2991a882b
[2m2025-12-10T10:08:34.875079Z[0m [34mDEBUG[0m [2methereum_transaction_pool_monitor::mempool_monitor[0m[2m:[0m 🔍 Fetching transaction details for: 0x03889f26142ef897992708f0380495584159f334cc47dfde07ffa7b2991a882b
[2m2025-12-10T10:08:34.875086Z[0m [34mDEBUG[0m [2methereum_transaction_pool_monitor::eth_client[0m[2m:[0m 🔍 Fetching transaction details for hash: 0x03889f26142ef897992708f0380495584159f334cc47dfde07ffa7b2991a882b
[2m2025-12-10T10:08:34.875108Z[0m [34mDEBUG[0m [2mhyper::client::pool[0m[2m:[0m reuse idle connection for ("http", 192.168.0.14:8545)
[2m2025-12-10T10:08:34.875158Z[0m [34mDEBUG[0m [2mhyper::proto::h1::io[0m[2m:[0m flushed 250 bytes
[2m2025-12-10T10:08:34.875178Z[0m [34mDEBUG[0m [2mhyper::proto::h1::io[0m[2m:[0m parsed 4 headers
[2m2025-12-10T10:08:34.875183Z[0m [34mDEBUG[0m [2mhyper::proto::h1::conn[0m[2m:[0m incoming body is content-length (45 bytes)
[2m2025-12-10T10:08:34.875191Z[0m [34mDEBUG[0m [2mhyper::proto::h1::conn[0m[2m:[0m incoming body completed
[2m2025-12-10T10:08:34.875200Z[0m [34mDEBUG[0m [2mhyper::client::pool[0m[2m:[0m pooling idle connection for ("http", 192.168.0.14:8545)
[2m2025-12-10T10:08:34.879285Z[0m [34mDEBUG[0m [2mhyper::proto::h1::io[0m[2m:[0m parsed 4 headers
[2m2025-12-10T10:08:34.879305Z[0m [34mDEBUG[0m [2mhyper::proto::h1::conn[0m[2m:[0m incoming body is content-length (762 bytes)
[2m2025-12-10T10:08:34.879315Z[0m [34mDEBUG[0m [2mhyper::proto::h1::conn[0m[2m:[0m incoming body completed
[2m2025-12-10T10:08:34.879330Z[0m [34mDEBUG[0m [2mhyper::client::pool[0m[2m:[0m pooling idle connection for ("http", 192.168.0.14:8545)
[2m2025-12-10T10:08:34.879339Z[0m [34mDEBUG[0m [2methereum_transaction_pool_monitor::eth_client[0m[2m:[0m 📡 Transaction fetch RPC completed in 4.249542ms
[2m2025-12-10T10:08:34.950484Z[0m [34mDEBUG[0m [2methereum_transaction_pool_monitor::eth_client[0m[2m:[0m ✅ Transaction 0x03889f26142ef897992708f0380495584159f334cc47dfde07ffa7b2991a882b fetched and parsed in 75.391ms
[2m2025-12-10T10:08:34.950514Z[0m [34mDEBUG[0m [2methereum_transaction_pool_monitor::mempool_monitor[0m[2m:[0m 🔍 Skipping tx 0x03889f26142ef897992708f0380495584159f334cc47dfde07ffa7b2991a882b - not a DEX interaction (target: 0xd50370bEE8bFf23Bbb30ca558a1d0207DBc96ef2)
[2m2025-12-10T10:08:34.950526Z[0m [34mDEBUG[0m [2methereum_transaction_pool_monitor::mempool_monitor[0m[2m:[0m 📨 Processing new pending transaction: 0x547b2a5de11c7439b8179dac311b7a7f138bd32c2621949abe58812707fca363
[2m2025-12-10T10:08:34.950532Z[0m [34mDEBUG[0m [2methereum_transaction_pool_monitor::mempool_monitor[0m[2m:[0m 🔍 Fetching transaction details for: 0x547b2a5de11c7439b8179dac311b7a7f138bd32c2621949abe58812707fca363
[2m2025-12-10T10:08:34.950537Z[0m [34mDEBUG[0m [2methereum_transaction_pool_monitor::eth_client[0m[2m:[0m 🔍 Fetching transaction details for hash: 0x547b2a5de11c7439b8179dac311b7a7f138bd32c2621949abe58812707fca363
[2m2025-12-10T10:08:34.950557Z[0m [34mDEBUG[0m [2mhyper::client::pool[0m[2m:[0m reuse idle connection for ("http", 192.168.0.14:8545)
[2m2025-12-10T10:08:34.950615Z[0m [34mDEBUG[0m [2mhyper::proto::h1::io[0m[2m:[0m flushed 250 bytes
[2m2025-12-10T10:08:34.950640Z[0m [34mDEBUG[0m [2mhyper::client::pool[0m[2m:[0m reuse idle connection for ("http", 192.168.0.14:8545)
[2m2025-12-10T10:08:34.950657Z[0m [34mDEBUG[0m [2mhyper::proto::h1::io[0m[2m:[0m flushed 172 bytes
[2m2025-12-10T10:08:34.950692Z[0m [34mDEBUG[0m [2methereum_transaction_pool_monitor::eth_client[0m[2m:[0m 📨 Received WebSocket message: {"jsonrpc":"2.0","method":"eth_subscription","params":{"subscription":"0xbed0a0851463e895960a451075a301a9","result":"0x13c202960e8fc9f6b7856a5d442a4b2097261d37d142dd672c6af8f809432215"}}
[2m2025-12-10T10:08:34.950700Z[0m [34mDEBUG[0m [2methereum_transaction_pool_monitor::eth_client[0m[2m:[0m 📨 Received pending transaction: 0x13c202960e8fc9f6b7856a5d442a4b2097261d37d142dd672c6af8f809432215
[2m2025-12-10T10:08:34.953743Z[0m [34mDEBUG[0m [2mhyper::proto::h1::io[0m[2m:[0m parsed 4 headers
[2m2025-12-10T10:08:34.953762Z[0m [34mDEBUG[0m [2mhyper::proto::h1::conn[0m[2m:[0m incoming body is content-length (45 bytes)
[2m2025-12-10T10:08:34.953775Z[0m [34mDEBUG[0m [2mhyper::proto::h1::conn[0m[2m:[0m incoming body completed
[2m2025-12-10T10:08:34.953790Z[0m [34mDEBUG[0m [2mhyper::client::pool[0m[2m:[0m pooling idle connection for ("http", 192.168.0.14:8545)
[2m2025-12-10T10:08:34.955310Z[0m [34mDEBUG[0m [2mhyper::proto::h1::io[0m[2m:[0m parsed 4 headers
[2m2025-12-10T10:08:34.955325Z[0m [34mDEBUG[0m [2mhyper::proto::h1::conn[0m[2m:[0m incoming body is content-length (656 bytes)
[2m2025-12-10T10:08:34.955333Z[0m [34mDEBUG[0m [2mhyper::proto::h1::conn[0m[2m:[0m incoming body completed
[2m2025-12-10T10:08:34.955344Z[0m [34mDEBUG[0m [2mhyper::client::pool[0m[2m:[0m pooling idle connection for ("http", 192.168.0.14:8545)
[2m2025-12-10T10:08:34.955352Z[0m [34mDEBUG[0m [2methereum_transaction_pool_monitor::eth_client[0m[2m:[0m 📡 Transaction fetch RPC completed in 4.811333ms
[2m2025-12-10T10:08:35.027372Z[0m [34mDEBUG[0m [2methereum_transaction_pool_monitor::eth_client[0m[2m:[0m ✅ Transaction 0x547b2a5de11c7439b8179dac311b7a7f138bd32c2621949abe58812707fca363 fetched and parsed in 76.8275ms
[2m2025-12-10T10:08:35.027401Z[0m [34mDEBUG[0m [2methereum_transaction_pool_monitor::mempool_monitor[0m[2m:[0m 🔍 Skipping tx 0x547b2a5de11c7439b8179dac311b7a7f138bd32c2621949abe58812707fca363 - not a DEX interaction (target: 0x1f2a21791C484A0edbf1ECfB6e6eF97634b86ACC)
[2m2025-12-10T10:08:35.027410Z[0m [34mDEBUG[0m [2methereum_transaction_pool_monitor::mempool_monitor[0m[2m:[0m 📨 Processing new pending transaction: 0xa2e1ead17d805707ef3620a13cb1d6c8112697f42ac36624a43ac83c73d0fc75
[2m2025-12-10T10:08:35.027416Z[0m [34mDEBUG[0m [2methereum_transaction_pool_monitor::mempool_monitor[0m[2m:[0m 🔍 Fetching transaction details for: 0xa2e1ead17d805707ef3620a13cb1d6c8112697f42ac36624a43ac83c73d0fc75
[2m2025-12-10T10:08:35.027420Z[0m [34mDEBUG[0m [2methereum_transaction_pool_monitor::eth_client[0m[2m:[0m 🔍 Fetching transaction details for hash: 0xa2e1ead17d805707ef3620a13cb1d6c8112697f42ac36624a43ac83c73d0fc75
[2m2025-12-10T10:08:35.027444Z[0m [34mDEBUG[0m [2mhyper::client::pool[0m[2m:[0m reuse idle connection for ("http", 192.168.0.14:8545)
[2m2025-12-10T10:08:35.027503Z[0m [34mDEBUG[0m [2mhyper::proto::h1::io[0m[2m:[0m flushed 250 bytes
[2m2025-12-10T10:08:35.027528Z[0m [34mDEBUG[0m [2mhyper::client::pool[0m[2m:[0m reuse idle connection for ("http", 192.168.0.14:8545)
[2m2025-12-10T10:08:35.027547Z[0m [34mDEBUG[0m [2mhyper::proto::h1::io[0m[2m:[0m flushed 172 bytes
[2m2025-12-10T10:08:35.027553Z[0m [34mDEBUG[0m [2methereum_transaction_pool_monitor::eth_client[0m[2m:[0m 📨 Received WebSocket message: {"jsonrpc":"2.0","method":"eth_subscription","params":{"subscription":"0xbed0a0851463e895960a451075a301a9","result":"0x9ef6e8604b42691895bc5bc626f9d6e622b9095f2bc4db636ba2214477d720d5"}}
[2m2025-12-10T10:08:35.027566Z[0m [34mDEBUG[0m [2methereum_transaction_pool_monitor::eth_client[0m[2m:[0m 📨 Received pending transaction: 0x9ef6e8604b42691895bc5bc626f9d6e622b9095f2bc4db636ba2214477d720d5
[2m2025-12-10T10:08:35.027572Z[0m [34mDEBUG[0m [2methereum_transaction_pool_monitor::eth_client[0m[2m:[0m 📨 Received WebSocket message: {"jsonrpc":"2.0","method":"eth_subscription","params":{"subscription":"0xbed0a0851463e895960a451075a301a9","result":"0xf94c69e00b81fb29f289af4e847d4a2729bcc7b6529361f263fca28a4aa2ea42"}}
[2m2025-12-10T10:08:35.027578Z[0m [34mDEBUG[0m [2methereum_transaction_pool_monitor::eth_client[0m[2m:[0m 📨 Received pending transaction: 0xf94c69e00b81fb29f289af4e847d4a2729bcc7b6529361f263fca28a4aa2ea42
[2m2025-12-10T10:08:35.031057Z[0m [34mDEBUG[0m [2mhyper::proto::h1::io[0m[2m:[0m parsed 4 headers
[2m2025-12-10T10:08:35.031076Z[0m [34mDEBUG[0m [2mhyper::proto::h1::conn[0m[2m:[0m incoming body is content-length (831 bytes)
[2m2025-12-10T10:08:35.031085Z[0m [34mDEBUG[0m [2mhyper::proto::h1::conn[0m[2m:[0m incoming body completed
[2m2025-12-10T10:08:35.031097Z[0m [34mDEBUG[0m [2mhyper::client::pool[0m[2m:[0m pooling idle connection for ("http", 192.168.0.14:8545)
[2m2025-12-10T10:08:35.031104Z[0m [34mDEBUG[0m [2methereum_transaction_pool_monitor::eth_client[0m[2m:[0m 📡 Transaction fetch RPC completed in 3.679958ms
[2m2025-12-10T10:08:35.148160Z[0m [34mDEBUG[0m [2methereum_transaction_pool_monitor::eth_client[0m[2m:[0m ✅ Transaction 0xa2e1ead17d805707ef3620a13cb1d6c8112697f42ac36624a43ac83c73d0fc75 fetched and parsed in 120.731167ms
[2m2025-12-10T10:08:35.148194Z[0m [34mDEBUG[0m [2methereum_transaction_pool_monitor::mempool_monitor[0m[2m:[0m 🔍 Skipping tx 0xa2e1ead17d805707ef3620a13cb1d6c8112697f42ac36624a43ac83c73d0fc75 - not a DEX interaction (target: 0x3B4D794a66304F130a4Db8F2551B0070dfCf5ca7)
[2m2025-12-10T10:08:35.148209Z[0m [34mDEBUG[0m [2methereum_transaction_pool_monitor::mempool_monitor[0m[2m:[0m 📨 Processing new pending transaction: 0x9d49514b00b35a8c6ae4869299834866cb424889a521863e16b6fc405e7a61e7
[2m2025-12-10T10:08:35.148219Z[0m [34mDEBUG[0m [2methereum_transaction_pool_monitor::mempool_monitor[0m[2m:[0m 🔍 Fetching transaction details for: 0x9d49514b00b35a8c6ae4869299834866cb424889a521863e16b6fc405e7a61e7
[2m2025-12-10T10:08:35.148227Z[0m [34mDEBUG[0m [2methereum_transaction_pool_monitor::eth_client[0m[2m:[0m 🔍 Fetching transaction details for hash: 0x9d49514b00b35a8c6ae4869299834866cb424889a521863e16b6fc405e7a61e7
[2m2025-12-10T10:08:35.148251Z[0m [34mDEBUG[0m [2mhyper::client::pool[0m[2m:[0m reuse idle connection for ("http", 192.168.0.14:8545)
[2m2025-12-10T10:08:35.148315Z[0m [34mDEBUG[0m [2mhyper::proto::h1::io[0m[2m:[0m flushed 250 bytes
[2m2025-12-10T10:08:35.148341Z[0m [34mDEBUG[0m [2methereum_transaction_pool_monitor::eth_client[0m[2m:[0m 📨 Received WebSocket message: {"jsonrpc":"2.0","method":"eth_subscription","params":{"subscription":"0xbed0a0851463e895960a451075a301a9","result":"0x3a5c14022fef1298ff17c3c74243c2a43f4313cc38e5a829367fefc320c2abda"}}
[2m2025-12-10T10:08:35.148346Z[0m [34mDEBUG[0m [2mhyper::proto::h1::io[0m[2m:[0m parsed 4 headers
[2m2025-12-10T10:08:35.148361Z[0m [34mDEBUG[0m [2mhyper::proto::h1::conn[0m[2m:[0m incoming body is content-length (45 bytes)
[2m2025-12-10T10:08:35.148373Z[0m [34mDEBUG[0m [2mhyper::proto::h1::conn[0m[2m:[0m incoming body completed
[2m2025-12-10T10:08:35.148388Z[0m [34mDEBUG[0m [2mhyper::client::pool[0m[2m:[0m pooling idle connection for ("http", 192.168.0.14:8545)
[2m2025-12-10T10:08:35.148418Z[0m [34mDEBUG[0m [2mhyper::client::pool[0m[2m:[0m reuse idle connection for ("http", 192.168.0.14:8545)
[2m2025-12-10T10:08:35.148352Z[0m [34mDEBUG[0m [2methereum_transaction_pool_monitor::eth_client[0m[2m:[0m 📨 Received pending transaction: 0x3a5c14022fef1298ff17c3c74243c2a43f4313cc38e5a829367fefc320c2abda
[2m2025-12-10T10:08:35.148449Z[0m [34mDEBUG[0m [2mhyper::proto::h1::io[0m[2m:[0m flushed 172 bytes
[2m2025-12-10T10:08:35.148475Z[0m [34mDEBUG[0m [2methereum_transaction_pool_monitor::eth_client[0m[2m:[0m 📨 Received WebSocket message: {"jsonrpc":"2.0","method":"eth_subscription","params":{"subscription":"0xbed0a0851463e895960a451075a301a9","result":"0xa18a1fd782182a9058c11e9231166f8ada1dd238b42fd780ef11d1bb88011829"}}
[2m2025-12-10T10:08:35.148485Z[0m [34mDEBUG[0m [2methereum_transaction_pool_monitor::eth_client[0m[2m:[0m 📨 Received pending transaction: 0xa18a1fd782182a9058c11e9231166f8ada1dd238b42fd780ef11d1bb88011829
[2m2025-12-10T10:08:35.155032Z[0m [34mDEBUG[0m [2mhyper::proto::h1::io[0m[2m:[0m parsed 4 headers
[2m2025-12-10T10:08:35.155045Z[0m [34mDEBUG[0m [2mhyper::proto::h1::conn[0m[2m:[0m incoming body is content-length (45 bytes)
[2m2025-12-10T10:08:35.155054Z[0m [34mDEBUG[0m [2mhyper::proto::h1::conn[0m[2m:[0m incoming body completed
[2m2025-12-10T10:08:35.155064Z[0m [34mDEBUG[0m [2mhyper::client::pool[0m[2m:[0m pooling idle connection for ("http", 192.168.0.14:8545)
[2m2025-12-10T10:08:35.158985Z[0m [34mDEBUG[0m [2mhyper::proto::h1::io[0m[2m:[0m parsed 4 headers
[2m2025-12-10T10:08:35.158999Z[0m [34mDEBUG[0m [2mhyper::proto::h1::conn[0m[2m:[0m incoming body is content-length (655 bytes)
[2m2025-12-10T10:08:35.159006Z[0m [34mDEBUG[0m [2mhyper::proto::h1::conn[0m[2m:[0m incoming body completed
[2m2025-12-10T10:08:35.159015Z[0m [34mDEBUG[0m [2mhyper::client::pool[0m[2m:[0m pooling idle connection for ("http", 192.168.0.14:8545)
[2m2025-12-10T10:08:35.159023Z[0m [34mDEBUG[0m [2methereum_transaction_pool_monitor::eth_client[0m[2m:[0m 📡 Transaction fetch RPC completed in 10.789416ms
[2m2025-12-10T10:08:35.230085Z[0m [34mDEBUG[0m [2methereum_transaction_pool_monitor::eth_client[0m[2m:[0m ✅ Transaction 0x9d49514b00b35a8c6ae4869299834866cb424889a521863e16b6fc405e7a61e7 fetched and parsed in 81.847291ms
[2m2025-12-10T10:08:35.230116Z[0m [34mDEBUG[0m [2methereum_transaction_pool_monitor::mempool_monitor[0m[2m:[0m 🔍 Skipping tx 0x9d49514b00b35a8c6ae4869299834866cb424889a521863e16b6fc405e7a61e7 - not a DEX interaction (target: 0xa6AF71dbA07F3Af341a1092C9E1A7551a0dEFc16)
[2m2025-12-10T10:08:35.230126Z[0m [34mDEBUG[0m [2methereum_transaction_pool_monitor::mempool_monitor[0m[2m:[0m 📨 Processing new pending transaction: 0x1a2bc01761afb2f9e3917118faec873db036f1f2379da1378946d5d043cacd8e
[2m2025-12-10T10:08:35.230134Z[0m [34mDEBUG[0m [2methereum_transaction_pool_monitor::mempool_monitor[0m[2m:[0m 🔍 Fetching transaction details for: 0x1a2bc01761afb2f9e3917118faec873db036f1f2379da1378946d5d043cacd8e
[2m2025-12-10T10:08:35.230140Z[0m [34mDEBUG[0m [2methereum_transaction_pool_monitor::eth_client[0m[2m:[0m 🔍 Fetching transaction details for hash: 0x1a2bc01761afb2f9e3917118faec873db036f1f2379da1378946d5d043cacd8e
[2m2025-12-10T10:08:35.230165Z[0m [34mDEBUG[0m [2mhyper::client::pool[0m[2m:[0m reuse idle connection for ("http", 192.168.0.14:8545)
[2m2025-12-10T10:08:35.230228Z[0m [34mDEBUG[0m [2mhyper::proto::h1::io[0m[2m:[0m flushed 250 bytes
[2m2025-12-10T10:08:35.230255Z[0m [34mDEBUG[0m [2mhyper::client::pool[0m[2m:[0m reuse idle connection for ("http", 192.168.0.14:8545)
[2m2025-12-10T10:08:35.230294Z[0m [34mDEBUG[0m [2methereum_transaction_pool_monitor::eth_client[0m[2m:[0m 📨 Received WebSocket message: {"jsonrpc":"2.0","method":"eth_subscription","params":{"subscription":"0xbed0a0851463e895960a451075a301a9","result":"0xaf4ef3e0f71edf001ec34621a67bda68f3181bd1a9499270009517a0d419c90b"}}
[2m2025-12-10T10:08:35.230297Z[0m [34mDEBUG[0m [2mhyper::proto::h1::io[0m[2m:[0m flushed 172 bytes
[2m2025-12-10T10:08:35.230305Z[0m [34mDEBUG[0m [2methereum_transaction_pool_monitor::eth_client[0m[2m:[0m 📨 Received pending transaction: 0xaf4ef3e0f71edf001ec34621a67bda68f3181bd1a9499270009517a0d419c90b
[2m2025-12-10T10:08:35.235523Z[0m [34mDEBUG[0m [2mhyper::proto::h1::io[0m[2m:[0m parsed 4 headers
[2m2025-12-10T10:08:35.235531Z[0m [34mDEBUG[0m [2mhyper::proto::h1::conn[0m[2m:[0m incoming body is content-length (647 bytes)
[2m2025-12-10T10:08:35.235540Z[0m [34mDEBUG[0m [2mhyper::proto::h1::conn[0m[2m:[0m incoming body completed
[2m2025-12-10T10:08:35.235550Z[0m [34mDEBUG[0m [2mhyper::client::pool[0m[2m:[0m pooling idle connection for ("http", 192.168.0.14:8545)
[2m2025-12-10T10:08:35.235556Z[0m [34mDEBUG[0m [2methereum_transaction_pool_monitor::eth_client[0m[2m:[0m 📡 Transaction fetch RPC completed in 5.411875ms
[2m2025-12-10T10:08:35.307462Z[0m [34mDEBUG[0m [2methereum_transaction_pool_monitor::eth_client[0m[2m:[0m ✅ Transaction 0x1a2bc01761afb2f9e3917118faec873db036f1f2379da1378946d5d043cacd8e fetched and parsed in 77.313625ms
[2m2025-12-10T10:08:35.307489Z[0m [34mDEBUG[0m [2methereum_transaction_pool_monitor::mempool_monitor[0m[2m:[0m 🔍 Skipping tx 0x1a2bc01761afb2f9e3917118faec873db036f1f2379da1378946d5d043cacd8e - not a DEX interaction (target: 0xc654664B0C60ff183b13035A7accad7D679b50d4)
[2m2025-12-10T10:08:35.307502Z[0m [34mDEBUG[0m [2methereum_transaction_pool_monitor::mempool_monitor[0m[2m:[0m 📨 Processing new pending transaction: 0x376cd7b70f8b72c4b4a887218dd576072b79c98160ec7da2a0b5ff6c8a8047df
[2m2025-12-10T10:08:35.307510Z[0m [34mDEBUG[0m [2methereum_transaction_pool_monitor::mempool_monitor[0m[2m:[0m 🔍 Fetching transaction details for: 0x376cd7b70f8b72c4b4a887218dd576072b79c98160ec7da2a0b5ff6c8a8047df
[2m2025-12-10T10:08:35.307516Z[0m [34mDEBUG[0m [2methereum_transaction_pool_monitor::eth_client[0m[2m:[0m 🔍 Fetching transaction details for hash: 0x376cd7b70f8b72c4b4a887218dd576072b79c98160ec7da2a0b5ff6c8a8047df
[2m2025-12-10T10:08:35.307542Z[0m [34mDEBUG[0m [2mhyper::client::pool[0m[2m:[0m reuse idle connection for ("http", 192.168.0.14:8545)
[2m2025-12-10T10:08:35.307602Z[0m [34mDEBUG[0m [2mhyper::proto::h1::io[0m[2m:[0m flushed 250 bytes
[2m2025-12-10T10:08:35.307630Z[0m [34mDEBUG[0m [2methereum_transaction_pool_monitor::eth_client[0m[2m:[0m 📨 Received WebSocket message: {"jsonrpc":"2.0","method":"eth_subscription","params":{"subscription":"0xbed0a0851463e895960a451075a301a9","result":"0x5087bb244752cc15367415a5e1b67db19e66672396b032743302dc7e09c4f5e2"}}
[2m2025-12-10T10:08:35.307636Z[0m [34mDEBUG[0m [2mhyper::proto::h1::io[0m[2m:[0m parsed 4 headers
[2m2025-12-10T10:08:35.307639Z[0m [34mDEBUG[0m [2methereum_transaction_pool_monitor::eth_client[0m[2m:[0m 📨 Received pending transaction: 0x5087bb244752cc15367415a5e1b67db19e66672396b032743302dc7e09c4f5e2
[2m2025-12-10T10:08:35.307649Z[0m [34mDEBUG[0m [2mhyper::proto::h1::conn[0m[2m:[0m incoming body is content-length (45 bytes)
[2m2025-12-10T10:08:35.307662Z[0m [34mDEBUG[0m [2mhyper::proto::h1::conn[0m[2m:[0m incoming body completed
[2m2025-12-10T10:08:35.307673Z[0m [34mDEBUG[0m [2mhyper::client::pool[0m[2m:[0m pooling idle connection for ("http", 192.168.0.14:8545)
[2m2025-12-10T10:08:35.307697Z[0m [34mDEBUG[0m [2mhyper::client::pool[0m[2m:[0m reuse idle connection for ("http", 192.168.0.14:8545)
[2m2025-12-10T10:08:35.307721Z[0m [34mDEBUG[0m [2mhyper::proto::h1::io[0m[2m:[0m flushed 172 bytes
[2m2025-12-10T10:08:35.311314Z[0m [34mDEBUG[0m [2mhyper::proto::h1::io[0m[2m:[0m parsed 4 headers
[2m2025-12-10T10:08:35.311322Z[0m [34mDEBUG[0m [2mhyper::proto::h1::conn[0m[2m:[0m incoming body is content-length (644 bytes)
[2m2025-12-10T10:08:35.311329Z[0m [34mDEBUG[0m [2mhyper::proto::h1::conn[0m[2m:[0m incoming body completed
[2m2025-12-10T10:08:35.311336Z[0m [34mDEBUG[0m [2mhyper::client::pool[0m[2m:[0m pooling idle connection for ("http", 192.168.0.14:8545)
[2m2025-12-10T10:08:35.311342Z[0m [34mDEBUG[0m [2methereum_transaction_pool_monitor::eth_client[0m[2m:[0m 📡 Transaction fetch RPC completed in 3.821833ms
[2m2025-12-10T10:08:35.390691Z[0m [34mDEBUG[0m [2methereum_transaction_pool_monitor::eth_client[0m[2m:[0m ✅ Transaction 0x376cd7b70f8b72c4b4a887218dd576072b79c98160ec7da2a0b5ff6c8a8047df fetched and parsed in 83.167667ms
[2m2025-12-10T10:08:35.390720Z[0m [34mDEBUG[0m [2methereum_transaction_pool_monitor::mempool_monitor[0m[2m:[0m 🔍 Skipping tx 0x376cd7b70f8b72c4b4a887218dd576072b79c98160ec7da2a0b5ff6c8a8047df - not a DEX interaction (target: 0x17E5545B11b468072283Cee1F066a059Fb0dbF24)
[2m2025-12-10T10:08:35.390731Z[0m [34mDEBUG[0m [2methereum_transaction_pool_monitor::mempool_monitor[0m[2m:[0m 📨 Processing new pending transaction: 0xd944b445117f3c49e63dff6a99de4504b1004665f5e7234101c88415c8af90dc
[2m2025-12-10T10:08:35.390738Z[0m [34mDEBUG[0m [2methereum_transaction_pool_monitor::mempool_monitor[0m[2m:[0m 🔍 Fetching transaction details for: 0xd944b445117f3c49e63dff6a99de4504b1004665f5e7234101c88415c8af90dc
[2m2025-12-10T10:08:35.390744Z[0m [34mDEBUG[0m [2methereum_transaction_pool_monitor::eth_client[0m[2m:[0m 🔍 Fetching transaction details for hash: 0xd944b445117f3c49e63dff6a99de4504b1004665f5e7234101c88415c8af90dc
[2m2025-12-10T10:08:35.390767Z[0m [34mDEBUG[0m [2mhyper::client::pool[0m[2m:[0m reuse idle connection for ("http", 192.168.0.14:8545)
[2m2025-12-10T10:08:35.390821Z[0m [34mDEBUG[0m [2mhyper::proto::h1::io[0m[2m:[0m flushed 250 bytes
[2m2025-12-10T10:08:35.390851Z[0m [34mDEBUG[0m [2methereum_transaction_pool_monitor::eth_client[0m[2m:[0m 📨 Received WebSocket message: {"jsonrpc":"2.0","method":"eth_subscription","params":{"subscription":"0xbed0a0851463e895960a451075a301a9","result":"0x33695d368c0d1fb9b361522fcbafe9e4f0fd24d39e4f7fb017622556dae4e481"}}
[2m2025-12-10T10:08:35.390861Z[0m [34mDEBUG[0m [2methereum_transaction_pool_monitor::eth_client[0m[2m:[0m 📨 Received pending transaction: 0x33695d368c0d1fb9b361522fcbafe9e4f0fd24d39e4f7fb017622556dae4e481
[2m2025-12-10T10:08:35.390869Z[0m [34mDEBUG[0m [2methereum_transaction_pool_monitor::eth_client[0m[2m:[0m 📨 Received WebSocket message: {"jsonrpc":"2.0","method":"eth_subscription","params":{"subscription":"0xbed0a0851463e895960a451075a301a9","result":"0xcf44bc25202f92317d46294a90dcccda13ad752573a35a73911ce66af9325b27"}}
[2m2025-12-10T10:08:35.390876Z[0m [34mDEBUG[0m [2methereum_transaction_pool_monitor::eth_client[0m[2m:[0m 📨 Received pending transaction: 0xcf44bc25202f92317d46294a90dcccda13ad752573a35a73911ce66af9325b27
[2m2025-12-10T10:08:35.390911Z[0m [34mDEBUG[0m [2mhyper::proto::h1::io[0m[2m:[0m parsed 4 headers
[2m2025-12-10T10:08:35.390918Z[0m [34mDEBUG[0m [2mhyper::proto::h1::conn[0m[2m:[0m incoming body is content-length (45 bytes)
[2m2025-12-10T10:08:35.390926Z[0m [34mDEBUG[0m [2mhyper::proto::h1::conn[0m[2m:[0m incoming body completed
[2m2025-12-10T10:08:35.390935Z[0m [34mDEBUG[0m [2mhyper::client::pool[0m[2m:[0m pooling idle connection for ("http", 192.168.0.14:8545)
[2m2025-12-10T10:08:35.394958Z[0m [34mDEBUG[0m [2mhyper::proto::h1::io[0m[2m:[0m parsed 4 headers
[2m2025-12-10T10:08:35.394964Z[0m [34mDEBUG[0m [2mhyper::proto::h1::conn[0m[2m:[0m incoming body is content-length (640 bytes)
[2m2025-12-10T10:08:35.394970Z[0m [34mDEBUG[0m [2mhyper::proto::h1::conn[0m[2m:[0m incoming body completed
[2m2025-12-10T10:08:35.394977Z[0m [34mDEBUG[0m [2mhyper::client::pool[0m[2m:[0m pooling idle connection for ("http", 192.168.0.14:8545)
[2m2025-12-10T10:08:35.394986Z[0m [34mDEBUG[0m [2methereum_transaction_pool_monitor::eth_client[0m[2m:[0m 📡 Transaction fetch RPC completed in 4.237ms
[2m2025-12-10T10:08:35.500375Z[0m [34mDEBUG[0m [2methereum_transaction_pool_monitor::eth_client[0m[2m:[0m ✅ Transaction 0xd944b445117f3c49e63dff6a99de4504b1004665f5e7234101c88415c8af90dc fetched and parsed in 109.622875ms
[2m2025-12-10T10:08:35.500395Z[0m [34mDEBUG[0m [2methereum_transaction_pool_monitor::mempool_monitor[0m[2m:[0m 🔍 Skipping tx 0xd944b445117f3c49e63dff6a99de4504b1004665f5e7234101c88415c8af90dc - not a DEX interaction (target: 0x458E433Ae998F687D5ec323077521fc2721C5E20)
[2m2025-12-10T10:08:35.500407Z[0m [34mDEBUG[0m [2methereum_transaction_pool_monitor::mempool_monitor[0m[2m:[0m 📨 Processing new pending transaction: 0xeb47f20e21a6078bc28980421a7b52f12ee1a37cffaa2b19dedb7172514fc312
[2m2025-12-10T10:08:35.500412Z[0m [34mDEBUG[0m [2methereum_transaction_pool_monitor::mempool_monitor[0m[2m:[0m 🔍 Fetching transaction details for: 0xeb47f20e21a6078bc28980421a7b52f12ee1a37cffaa2b19dedb7172514fc312
[2m2025-12-10T10:08:35.500417Z[0m [34mDEBUG[0m [2methereum_transaction_pool_monitor::eth_client[0m[2m:[0m 🔍 Fetching transaction details for hash: 0xeb47f20e21a6078bc28980421a7b52f12ee1a37cffaa2b19dedb7172514fc312
[2m2025-12-10T10:08:35.500440Z[0m [34mDEBUG[0m [2mhyper::client::pool[0m[2m:[0m reuse idle connection for ("http", 192.168.0.14:8545)
[2m2025-12-10T10:08:35.500469Z[0m [34mDEBUG[0m [2mhyper::proto::h1::io[0m[2m:[0m flushed 250 bytes
[2m2025-12-10T10:08:35.500491Z[0m [34mDEBUG[0m [2mhyper::client::pool[0m[2m:[0m reuse idle connection for ("http", 192.168.0.14:8545)
[2m2025-12-10T10:08:35.500506Z[0m [34mDEBUG[0m [2mhyper::proto::h1::io[0m[2m:[0m flushed 172 bytes
[2m2025-12-10T10:08:35.500524Z[0m [34mDEBUG[0m [2methereum_transaction_pool_monitor::eth_client[0m[2m:[0m 📨 Received WebSocket message: {"jsonrpc":"2.0","method":"eth_subscription","params":{"subscription":"0xbed0a0851463e895960a451075a301a9","result":"0x6403d58fbe246a9d7d6af2a6b96a04834df01607b6d28e86a23ccb43175113e8"}}
[2m2025-12-10T10:08:35.500543Z[0m [34mDEBUG[0m [2methereum_transaction_pool_monitor::eth_client[0m[2m:[0m 📨 Received pending transaction: 0x6403d58fbe246a9d7d6af2a6b96a04834df01607b6d28e86a23ccb43175113e8
[2m2025-12-10T10:08:35.500549Z[0m [34mDEBUG[0m [2methereum_transaction_pool_monitor::eth_client[0m[2m:[0m 📨 Received WebSocket message: {"jsonrpc":"2.0","method":"eth_subscription","params":{"subscription":"0xbed0a0851463e895960a451075a301a9","result":"0x43564242c587cb6718cecfc0a6348002b2181c16e07f36a1768afd76ea260b01"}}
[2m2025-12-10T10:08:35.500554Z[0m [34mDEBUG[0m [2methereum_transaction_pool_monitor::eth_client[0m[2m:[0m 📨 Received pending transaction: 0x43564242c587cb6718cecfc0a6348002b2181c16e07f36a1768afd76ea260b01
[2m2025-12-10T10:08:35.500559Z[0m [34mDEBUG[0m [2methereum_transaction_pool_monitor::eth_client[0m[2m:[0m 📨 Received WebSocket message: {"jsonrpc":"2.0","method":"eth_subscription","params":{"subscription":"0xbed0a0851463e895960a451075a301a9","result":"0x332a44b9f74fdb9d062dd8c6a718f0afdeadbe3baf5f92402289f5318f88eeaa"}}
[2m2025-12-10T10:08:35.500566Z[0m [34mDEBUG[0m [2methereum_transaction_pool_monitor::eth_client[0m[2m:[0m 📨 Received pending transaction: 0x332a44b9f74fdb9d062dd8c6a718f0afdeadbe3baf5f92402289f5318f88eeaa
[2m2025-12-10T10:08:35.500571Z[0m [34mDEBUG[0m [2methereum_transaction_pool_monitor::eth_client[0m[2m:[0m 📨 Received WebSocket message: {"jsonrpc":"2.0","method":"eth_subscription","params":{"subscription":"0xbed0a0851463e895960a451075a301a9","result":"0x86290790996d198d31ff10294b61d2ecaae27c011b97f548192e547a708ee26b"}}
[2m2025-12-10T10:08:35.500578Z[0m [34mDEBUG[0m [2methereum_transaction_pool_monitor::eth_client[0m[2m:[0m 📨 Received pending transaction: 0x86290790996d198d31ff10294b61d2ecaae27c011b97f548192e547a708ee26b
[2m2025-12-10T10:08:35.506520Z[0m [34mDEBUG[0m [2mhyper::proto::h1::io[0m[2m:[0m parsed 4 headers
[2m2025-12-10T10:08:35.506553Z[0m [34mDEBUG[0m [2mhyper::proto::h1::conn[0m[2m:[0m incoming body is content-length (45 bytes)
[2m2025-12-10T10:08:35.506574Z[0m [34mDEBUG[0m [2mhyper::proto::h1::conn[0m[2m:[0m incoming body completed
[2m2025-12-10T10:08:35.506626Z[0m [34mDEBUG[0m [2mhyper::client::pool[0m[2m:[0m pooling idle connection for ("http", 192.168.0.14:8545)
[2m2025-12-10T10:08:35.506685Z[0m [34mDEBUG[0m [2mhyper::client::pool[0m[2m:[0m reuse idle connection for ("http", 192.168.0.14:8545)
[2m2025-12-10T10:08:35.506748Z[0m [34mDEBUG[0m [2mhyper::proto::h1::io[0m[2m:[0m flushed 172 bytes
[2m2025-12-10T10:08:35.506767Z[0m [34mDEBUG[0m [2mhyper::proto::h1::io[0m[2m:[0m parsed 4 headers
[2m2025-12-10T10:08:35.506780Z[0m [34mDEBUG[0m [2mhyper::proto::h1::conn[0m[2m:[0m incoming body is content-length (4742 bytes)
[2m2025-12-10T10:08:35.506793Z[0m [34mDEBUG[0m [2mhyper::proto::h1::conn[0m[2m:[0m incoming body completed
[2m2025-12-10T10:08:35.506822Z[0m [34mDEBUG[0m [2mhyper::client::pool[0m[2m:[0m pooling idle connection for ("http", 192.168.0.14:8545)
[2m2025-12-10T10:08:35.506850Z[0m [34mDEBUG[0m [2methereum_transaction_pool_monitor::eth_client[0m[2m:[0m 📡 Transaction fetch RPC completed in 6.428583ms
[2m2025-12-10T10:08:35.510135Z[0m [34mDEBUG[0m [2mhyper::proto::h1::io[0m[2m:[0m parsed 4 headers
[2m2025-12-10T10:08:35.510172Z[0m [34mDEBUG[0m [2mhyper::proto::h1::conn[0m[2m:[0m incoming body is content-length (45 bytes)
[2m2025-12-10T10:08:35.510189Z[0m [34mDEBUG[0m [2mhyper::proto::h1::conn[0m[2m:[0m incoming body completed
[2m2025-12-10T10:08:35.510220Z[0m [34mDEBUG[0m [2mhyper::client::pool[0m[2m:[0m pooling idle connection for ("http", 192.168.0.14:8545)
[2m2025-12-10T10:08:35.527236Z[0m [34mDEBUG[0m [2methereum_transaction_pool_monitor::eth_client[0m[2m:[0m 📨 Received WebSocket message: {"jsonrpc":"2.0","method":"eth_subscription","params":{"subscription":"0xbed0a0851463e895960a451075a301a9","result":"0x357f3ee27b4b41d4a15ffc7b64168045430b81410ec4c77c37d25cbc9ad082cb"}}
[2m2025-12-10T10:08:35.527288Z[0m [34mDEBUG[0m [2methereum_transaction_pool_monitor::eth_client[0m[2m:[0m 📨 Received pending transaction: 0x357f3ee27b4b41d4a15ffc7b64168045430b81410ec4c77c37d25cbc9ad082cb
[2m2025-12-10T10:08:35.590945Z[0m [34mDEBUG[0m [2methereum_transaction_pool_monitor::eth_client[0m[2m:[0m ✅ Transaction 0xeb47f20e21a6078bc28980421a7b52f12ee1a37cffaa2b19dedb7172514fc312 fetched and parsed in 90.521ms
[2m2025-12-10T10:08:35.590966Z[0m [34mDEBUG[0m [2methereum_transaction_pool_monitor::mempool_monitor[0m[2m:[0m 🔍 Skipping tx 0xeb47f20e21a6078bc28980421a7b52f12ee1a37cffaa2b19dedb7172514fc312 - not a DEX interaction (target: 0xC497058d572D188bFcE1B9813E7D346C54A20812)
[2m2025-12-10T10:08:35.590978Z[0m [34mDEBUG[0m [2methereum_transaction_pool_monitor::mempool_monitor[0m[2m:[0m 📨 Processing new pending transaction: 0x805693a7131d143a235d17e8e88d52fddfdc5d37884a8d818d979cd59791f45f
[2m2025-12-10T10:08:35.590986Z[0m [34mDEBUG[0m [2methereum_transaction_pool_monitor::mempool_monitor[0m[2m:[0m 🔍 Fetching transaction details for: 0x805693a7131d143a235d17e8e88d52fddfdc5d37884a8d818d979cd59791f45f
[2m2025-12-10T10:08:35.590993Z[0m [34mDEBUG[0m [2methereum_transaction_pool_monitor::eth_client[0m[2m:[0m 🔍 Fetching transaction details for hash: 0x805693a7131d143a235d17e8e88d52fddfdc5d37884a8d818d979cd59791f45f
[2m2025-12-10T10:08:35.591011Z[0m [34mDEBUG[0m [2mhyper::client::pool[0m[2m:[0m reuse idle connection for ("http", 192.168.0.14:8545)
[2m2025-12-10T10:08:35.591045Z[0m [34mDEBUG[0m [2mhyper::proto::h1::io[0m[2m:[0m flushed 250 bytes
[2m2025-12-10T10:08:35.596594Z[0m [34mDEBUG[0m [2mhyper::client::pool[0m[2m:[0m reuse idle connection for ("http", 192.168.0.14:8545)
[2m2025-12-10T10:08:35.596627Z[0m [34mDEBUG[0m [2mhyper::proto::h1::io[0m[2m:[0m flushed 172 bytes
[2m2025-12-10T10:08:35.598287Z[0m [34mDEBUG[0m [2mhyper::proto::h1::io[0m[2m:[0m parsed 4 headers
[2m2025-12-10T10:08:35.598293Z[0m [34mDEBUG[0m [2mhyper::proto::h1::conn[0m[2m:[0m incoming body is content-length (772 bytes)
[2m2025-12-10T10:08:35.598301Z[0m [34mDEBUG[0m [2mhyper::proto::h1::conn[0m[2m:[0m incoming body completed
[2m2025-12-10T10:08:35.598309Z[0m [34mDEBUG[0m [2mhyper::client::pool[0m[2m:[0m pooling idle connection for ("http", 192.168.0.14:8545)
[2m2025-12-10T10:08:35.598316Z[0m [34mDEBUG[0m [2methereum_transaction_pool_monitor::eth_client[0m[2m:[0m 📡 Transaction fetch RPC completed in 7.318416ms
[2m2025-12-10T10:08:35.598332Z[0m [34mDEBUG[0m [2methereum_transaction_pool_monitor::eth_client[0m[2m:[0m DeFi transaction detected - Address: 0xdac17f958d2ee523a2206206994597c13d831ec7, Type: Stablecoin, Value: 0 ETH, Gas: 12.00 Gwei
[2m2025-12-10T10:08:35.598345Z[0m [34mDEBUG[0m [2methereum_transaction_pool_monitor::eth_client[0m[2m:[0m ✅ Transaction 0x805693a7131d143a235d17e8e88d52fddfdc5d37884a8d818d979cd59791f45f fetched and parsed in 7.34725ms
[2m2025-12-10T10:08:35.598351Z[0m [34mDEBUG[0m [2methereum_transaction_pool_monitor::mempool_monitor[0m[2m:[0m 🔍 Skipping tx 0x805693a7131d143a235d17e8e88d52fddfdc5d37884a8d818d979cd59791f45f - not a DEX interaction (target: 0xdAC17F958D2ee523a2206206994597C13D831ec7)
[2m2025-12-10T10:08:35.598357Z[0m [34mDEBUG[0m [2methereum_transaction_pool_monitor::mempool_monitor[0m[2m:[0m 📨 Processing new pending transaction: 0xa03ccfa69ec1ebd1c6c5dd306232a3b2e5c004f03567a3d03d2da1298a901a26
[2m2025-12-10T10:08:35.598361Z[0m [34mDEBUG[0m [2methereum_transaction_pool_monitor::mempool_monitor[0m[2m:[0m 🔍 Fetching transaction details for: 0xa03ccfa69ec1ebd1c6c5dd306232a3b2e5c004f03567a3d03d2da1298a901a26
[2m2025-12-10T10:08:35.598364Z[0m [34mDEBUG[0m [2methereum_transaction_pool_monitor::eth_client[0m[2m:[0m 🔍 Fetching transaction details for hash: 0xa03ccfa69ec1ebd1c6c5dd306232a3b2e5c004f03567a3d03d2da1298a901a26
[2m2025-12-10T10:08:35.598373Z[0m [34mDEBUG[0m [2mhyper::client::pool[0m[2m:[0m reuse idle connection for ("http", 192.168.0.14:8545)
[2m2025-12-10T10:08:35.598390Z[0m [34mDEBUG[0m [2mhyper::proto::h1::io[0m[2m:[0m flushed 250 bytes
[2m2025-12-10T10:08:35.600284Z[0m [34mDEBUG[0m [2mhyper::proto::h1::io[0m[2m:[0m parsed 4 headers
[2m2025-12-10T10:08:35.600290Z[0m [34mDEBUG[0m [2mhyper::proto::h1::conn[0m[2m:[0m incoming body is content-length (45 bytes)
[2m2025-12-10T10:08:35.600295Z[0m [34mDEBUG[0m [2mhyper::proto::h1::conn[0m[2m:[0m incoming body completed
[2m2025-12-10T10:08:35.600303Z[0m [34mDEBUG[0m [2mhyper::client::pool[0m[2m:[0m pooling idle connection for ("http", 192.168.0.14:8545)
[2m2025-12-10T10:08:35.603372Z[0m [34mDEBUG[0m [2mhyper::proto::h1::io[0m[2m:[0m parsed 4 headers
[2m2025-12-10T10:08:35.603378Z[0m [34mDEBUG[0m [2mhyper::proto::h1::conn[0m[2m:[0m incoming body is content-length (654 bytes)
[2m2025-12-10T10:08:35.603382Z[0m [34mDEBUG[0m [2mhyper::proto::h1::conn[0m[2m:[0m incoming body completed
[2m2025-12-10T10:08:35.603387Z[0m [34mDEBUG[0m [2mhyper::client::pool[0m[2m:[0m pooling idle connection for ("http", 192.168.0.14:8545)
[2m2025-12-10T10:08:35.603391Z[0m [34mDEBUG[0m [2methereum_transaction_pool_monitor::eth_client[0m[2m:[0m 📡 Transaction fetch RPC completed in 5.023208ms
[2m2025-12-10T10:08:35.703948Z[0m [34mDEBUG[0m [2methereum_transaction_pool_monitor::eth_client[0m[2m:[0m ✅ Transaction 0xa03ccfa69ec1ebd1c6c5dd306232a3b2e5c004f03567a3d03d2da1298a901a26 fetched and parsed in 105.577875ms
[2m2025-12-10T10:08:35.703977Z[0m [34mDEBUG[0m [2methereum_transaction_pool_monitor::mempool_monitor[0m[2m:[0m 🔍 Skipping tx 0xa03ccfa69ec1ebd1c6c5dd306232a3b2e5c004f03567a3d03d2da1298a901a26 - not a DEX interaction (target: 0xbe90aFd822Db898af4acB115ae92ef6F4d42048d)
[2m2025-12-10T10:08:35.703987Z[0m [34mDEBUG[0m [2methereum_transaction_pool_monitor::mempool_monitor[0m[2m:[0m 📨 Processing new pending transaction: 0x0d26a48c776ea9a6b7dfa91d33e048e674931bd19c72c255d746a926fe88f0fd
[2m2025-12-10T10:08:35.703994Z[0m [34mDEBUG[0m [2methereum_transaction_pool_monitor::mempool_monitor[0m[2m:[0m 🔍 Fetching transaction details for: 0x0d26a48c776ea9a6b7dfa91d33e048e674931bd19c72c255d746a926fe88f0fd
[2m2025-12-10T10:08:35.704000Z[0m [34mDEBUG[0m [2methereum_transaction_pool_monitor::eth_client[0m[2m:[0m 🔍 Fetching transaction details for hash: 0x0d26a48c776ea9a6b7dfa91d33e048e674931bd19c72c255d746a926fe88f0fd
[2m2025-12-10T10:08:35.704021Z[0m [34mDEBUG[0m [2mhyper::client::pool[0m[2m:[0m reuse idle connection for ("http", 192.168.0.14:8545)
[2m2025-12-10T10:08:35.704061Z[0m [34mDEBUG[0m [2mhyper::proto::h1::io[0m[2m:[0m flushed 250 bytes
[2m2025-12-10T10:08:35.704088Z[0m [34mDEBUG[0m [2mhyper::client::pool[0m[2m:[0m reuse idle connection for ("http", 192.168.0.14:8545)
[2m2025-12-10T10:08:35.704104Z[0m [34mDEBUG[0m [2mhyper::proto::h1::io[0m[2m:[0m flushed 172 bytes
[2m2025-12-10T10:08:35.708614Z[0m [34mDEBUG[0m [2mhyper::proto::h1::io[0m[2m:[0m parsed 4 headers
[2m2025-12-10T10:08:35.708621Z[0m [34mDEBUG[0m [2mhyper::proto::h1::conn[0m[2m:[0m incoming body is content-length (45 bytes)
[2m2025-12-10T10:08:35.708628Z[0m [34mDEBUG[0m [2mhyper::proto::h1::conn[0m[2m:[0m incoming body completed
[2m2025-12-10T10:08:35.708635Z[0m [34mDEBUG[0m [2mhyper::client::pool[0m[2m:[0m pooling idle connection for ("http", 192.168.0.14:8545)
[2m2025-12-10T10:08:35.712990Z[0m [34mDEBUG[0m [2mhyper::proto::h1::io[0m[2m:[0m parsed 4 headers
[2m2025-12-10T10:08:35.712996Z[0m [34mDEBUG[0m [2mhyper::proto::h1::conn[0m[2m:[0m incoming body is content-length (771 bytes)
[2m2025-12-10T10:08:35.713002Z[0m [34mDEBUG[0m [2mhyper::proto::h1::conn[0m[2m:[0m incoming body completed
[2m2025-12-10T10:08:35.713010Z[0m [34mDEBUG[0m [2mhyper::client::pool[0m[2m:[0m pooling idle connection for ("http", 192.168.0.14:8545)
[2m2025-12-10T10:08:35.713015Z[0m [34mDEBUG[0m [2methereum_transaction_pool_monitor::eth_client[0m[2m:[0m 📡 Transaction fetch RPC completed in 9.010666ms
[2m2025-12-10T10:08:35.784074Z[0m [34mDEBUG[0m [2methereum_transaction_pool_monitor::eth_client[0m[2m:[0m ✅ Transaction 0x0d26a48c776ea9a6b7dfa91d33e048e674931bd19c72c255d746a926fe88f0fd fetched and parsed in 80.0665ms
[2m2025-12-10T10:08:35.784103Z[0m [34mDEBUG[0m [2methereum_transaction_pool_monitor::mempool_monitor[0m[2m:[0m 🔍 Skipping tx 0x0d26a48c776ea9a6b7dfa91d33e048e674931bd19c72c255d746a926fe88f0fd - not a DEX interaction (target: 0xB8f28C60dD8240141185a192fa4156A23E189305)
[2m2025-12-10T10:08:35.784118Z[0m [34mDEBUG[0m [2methereum_transaction_pool_monitor::mempool_monitor[0m[2m:[0m 📨 Processing new pending transaction: 0x4a70b0b7d472c33f03067ba6954b3b62031951a36fdc908d7caa1e2f895c655b
[2m2025-12-10T10:08:35.784125Z[0m [34mDEBUG[0m [2methereum_transaction_pool_monitor::mempool_monitor[0m[2m:[0m 🔍 Fetching transaction details for: 0x4a70b0b7d472c33f03067ba6954b3b62031951a36fdc908d7caa1e2f895c655b
[2m2025-12-10T10:08:35.784132Z[0m [34mDEBUG[0m [2methereum_transaction_pool_monitor::eth_client[0m[2m:[0m 🔍 Fetching transaction details for hash: 0x4a70b0b7d472c33f03067ba6954b3b62031951a36fdc908d7caa1e2f895c655b
[2m2025-12-10T10:08:35.784154Z[0m [34mDEBUG[0m [2mhyper::client::pool[0m[2m:[0m reuse idle connection for ("http", 192.168.0.14:8545)
[2m2025-12-10T10:08:35.784201Z[0m [34mDEBUG[0m [2mhyper::proto::h1::io[0m[2m:[0m flushed 250 bytes
[2m2025-12-10T10:08:35.784222Z[0m [34mDEBUG[0m [2methereum_transaction_pool_monitor::eth_client[0m[2m:[0m 📨 Received WebSocket message: {"jsonrpc":"2.0","method":"eth_subscription","params":{"subscription":"0xbed0a0851463e895960a451075a301a9","result":"0x784ed0b65766aaf800fed232c4c89799818a22a7d52e16a311fd1c01d0120a22"}}
[2m2025-12-10T10:08:35.784234Z[0m [34mDEBUG[0m [2methereum_transaction_pool_monitor::eth_client[0m[2m:[0m 📨 Received pending transaction: 0x784ed0b65766aaf800fed232c4c89799818a22a7d52e16a311fd1c01d0120a22
[2m2025-12-10T10:08:35.788286Z[0m [34mDEBUG[0m [2mhyper::proto::h1::io[0m[2m:[0m parsed 4 headers
[2m2025-12-10T10:08:35.788291Z[0m [34mDEBUG[0m [2mhyper::proto::h1::conn[0m[2m:[0m incoming body is content-length (772 bytes)
[2m2025-12-10T10:08:35.788298Z[0m [34mDEBUG[0m [2mhyper::proto::h1::conn[0m[2m:[0m incoming body completed
[2m2025-12-10T10:08:35.788306Z[0m [34mDEBUG[0m [2mhyper::client::pool[0m[2m:[0m pooling idle connection for ("http", 192.168.0.14:8545)
[2m2025-12-10T10:08:35.788312Z[0m [34mDEBUG[0m [2methereum_transaction_pool_monitor::eth_client[0m[2m:[0m 📡 Transaction fetch RPC completed in 4.173417ms
[2m2025-12-10T10:08:35.788324Z[0m [34mDEBUG[0m [2methereum_transaction_pool_monitor::eth_client[0m[2m:[0m DeFi transaction detected - Address: 0xdac17f958d2ee523a2206206994597c13d831ec7, Type: Stablecoin, Value: 0 ETH, Gas: 0.73 Gwei
[2m2025-12-10T10:08:35.788334Z[0m [34mDEBUG[0m [2methereum_transaction_pool_monitor::eth_client[0m[2m:[0m ✅ Transaction 0x4a70b0b7d472c33f03067ba6954b3b62031951a36fdc908d7caa1e2f895c655b fetched and parsed in 4.195167ms
[2m2025-12-10T10:08:35.788339Z[0m [34mDEBUG[0m [2methereum_transaction_pool_monitor::mempool_monitor[0m[2m:[0m 🔍 Skipping tx 0x4a70b0b7d472c33f03067ba6954b3b62031951a36fdc908d7caa1e2f895c655b - not a DEX interaction (target: 0xdAC17F958D2ee523a2206206994597C13D831ec7)
[2m2025-12-10T10:08:35.788345Z[0m [34mDEBUG[0m [2methereum_transaction_pool_monitor::mempool_monitor[0m[2m:[0m 📨 Processing new pending transaction: 0xae017d51b614a1399bbe590b45dc1e3defb22176fb2deedf6c1f860d08334189
[2m2025-12-10T10:08:35.788349Z[0m [34mDEBUG[0m [2methereum_transaction_pool_monitor::mempool_monitor[0m[2m:[0m 🔍 Fetching transaction details for: 0xae017d51b614a1399bbe590b45dc1e3defb22176fb2deedf6c1f860d08334189
[2m2025-12-10T10:08:35.788352Z[0m [34mDEBUG[0m [2methereum_transaction_pool_monitor::eth_client[0m[2m:[0m 🔍 Fetching transaction details for hash: 0xae017d51b614a1399bbe590b45dc1e3defb22176fb2deedf6c1f860d08334189
[2m2025-12-10T10:08:35.788363Z[0m [34mDEBUG[0m [2mhyper::client::pool[0m[2m:[0m reuse idle connection for ("http", 192.168.0.14:8545)
[2m2025-12-10T10:08:35.788378Z[0m [34mDEBUG[0m [2mhyper::proto::h1::io[0m[2m:[0m flushed 250 bytes
[2m2025-12-10T10:08:35.793355Z[0m [34mDEBUG[0m [2mhyper::proto::h1::io[0m[2m:[0m parsed 4 headers
[2m2025-12-10T10:08:35.793361Z[0m [34mDEBUG[0m [2mhyper::proto::h1::conn[0m[2m:[0m incoming body is content-length (646 bytes)
[2m2025-12-10T10:08:35.793366Z[0m [34mDEBUG[0m [2mhyper::proto::h1::conn[0m[2m:[0m incoming body completed
[2m2025-12-10T10:08:35.793372Z[0m [34mDEBUG[0m [2mhyper::client::pool[0m[2m:[0m pooling idle connection for ("http", 192.168.0.14:8545)
[2m2025-12-10T10:08:35.793377Z[0m [34mDEBUG[0m [2methereum_transaction_pool_monitor::eth_client[0m[2m:[0m 📡 Transaction fetch RPC completed in 5.020375ms
[2m2025-12-10T10:08:35.867069Z[0m [34mDEBUG[0m [2methereum_transaction_pool_monitor::eth_client[0m[2m:[0m ✅ Transaction 0xae017d51b614a1399bbe590b45dc1e3defb22176fb2deedf6c1f860d08334189 fetched and parsed in 78.709667ms
[2m2025-12-10T10:08:35.867101Z[0m [34mDEBUG[0m [2methereum_transaction_pool_monitor::mempool_monitor[0m[2m:[0m 🔍 Skipping tx 0xae017d51b614a1399bbe590b45dc1e3defb22176fb2deedf6c1f860d08334189 - not a DEX interaction (target: 0x5a9DEd44Ed677f8F523139Ce351275382ba29d50)
[2m2025-12-10T10:08:35.867113Z[0m [34mDEBUG[0m [2methereum_transaction_pool_monitor::mempool_monitor[0m[2m:[0m 📨 Processing new pending transaction: 0x82a18b89d3e8491d2c8717ec0d8040235478746f777321ea2bb8fd8ffa0d5721
[2m2025-12-10T10:08:35.867120Z[0m [34mDEBUG[0m [2methereum_transaction_pool_monitor::mempool_monitor[0m[2m:[0m 🔍 Fetching transaction details for: 0x82a18b89d3e8491d2c8717ec0d8040235478746f777321ea2bb8fd8ffa0d5721
[2m2025-12-10T10:08:35.867127Z[0m [34mDEBUG[0m [2methereum_transaction_pool_monitor::eth_client[0m[2m:[0m 🔍 Fetching transaction details for hash: 0x82a18b89d3e8491d2c8717ec0d8040235478746f777321ea2bb8fd8ffa0d5721
[2m2025-12-10T10:08:35.867152Z[0m [34mDEBUG[0m [2mhyper::client::pool[0m[2m:[0m reuse idle connection for ("http", 192.168.0.14:8545)
[2m2025-12-10T10:08:35.867204Z[0m [34mDEBUG[0m [2mhyper::proto::h1::io[0m[2m:[0m flushed 250 bytes
[2m2025-12-10T10:08:35.867225Z[0m [34mDEBUG[0m [2mhyper::client::pool[0m[2m:[0m reuse idle connection for ("http", 192.168.0.14:8545)
[2m2025-12-10T10:08:35.867237Z[0m [34mDEBUG[0m [2methereum_transaction_pool_monitor::eth_client[0m[2m:[0m 📨 Received WebSocket message: {"jsonrpc":"2.0","method":"eth_subscription","params":{"subscription":"0xbed0a0851463e895960a451075a301a9","result":"0xd2a10d9aea85b4e6b8fb6cf0a4ac77b014ed88f0196ad43c0e3a2eacf6d41862"}}
[2m2025-12-10T10:08:35.867238Z[0m [34mDEBUG[0m [2mhyper::proto::h1::io[0m[2m:[0m flushed 172 bytes
[2m2025-12-10T10:08:35.867249Z[0m [34mDEBUG[0m [2methereum_transaction_pool_monitor::eth_client[0m[2m:[0m 📨 Received pending transaction: 0xd2a10d9aea85b4e6b8fb6cf0a4ac77b014ed88f0196ad43c0e3a2eacf6d41862
[2m2025-12-10T10:08:35.867263Z[0m [34mDEBUG[0m [2methereum_transaction_pool_monitor::eth_client[0m[2m:[0m 📨 Received WebSocket message: {"jsonrpc":"2.0","method":"eth_subscription","params":{"subscription":"0xbed0a0851463e895960a451075a301a9","result":"0x1da1196c06b09f5c316934bec2d75eac4f922f503fc182c3fb1232c341151e03"}}
[2m2025-12-10T10:08:35.867269Z[0m [34mDEBUG[0m [2methereum_transaction_pool_monitor::eth_client[0m[2m:[0m 📨 Received pending transaction: 0x1da1196c06b09f5c316934bec2d75eac4f922f503fc182c3fb1232c341151e03
[2m2025-12-10T10:08:35.870354Z[0m [34mDEBUG[0m [2mhyper::proto::h1::io[0m[2m:[0m parsed 4 headers
[2m2025-12-10T10:08:35.870361Z[0m [34mDEBUG[0m [2mhyper::proto::h1::conn[0m[2m:[0m incoming body is content-length (45 bytes)
[2m2025-12-10T10:08:35.870367Z[0m [34mDEBUG[0m [2mhyper::proto::h1::conn[0m[2m:[0m incoming body completed
[2m2025-12-10T10:08:35.870374Z[0m [34mDEBUG[0m [2mhyper::client::pool[0m[2m:[0m pooling idle connection for ("http", 192.168.0.14:8545)
[2m2025-12-10T10:08:35.870926Z[0m [34mDEBUG[0m [2mhyper::proto::h1::io[0m[2m:[0m parsed 4 headers
[2m2025-12-10T10:08:35.870933Z[0m [34mDEBUG[0m [2mhyper::proto::h1::conn[0m[2m:[0m incoming body is content-length (771 bytes)
[2m2025-12-10T10:08:35.870941Z[0m [34mDEBUG[0m [2mhyper::proto::h1::conn[0m[2m:[0m incoming body completed
[2m2025-12-10T10:08:35.870947Z[0m [34mDEBUG[0m [2mhyper::client::pool[0m[2m:[0m pooling idle connection for ("http", 192.168.0.14:8545)
[2m2025-12-10T10:08:35.870953Z[0m [34mDEBUG[0m [2methereum_transaction_pool_monitor::eth_client[0m[2m:[0m 📡 Transaction fetch RPC completed in 3.821625ms
[2m2025-12-10T10:08:35.948704Z[0m [34mDEBUG[0m [2methereum_transaction_pool_monitor::eth_client[0m[2m:[0m ✅ Transaction 0x82a18b89d3e8491d2c8717ec0d8040235478746f777321ea2bb8fd8ffa0d5721 fetched and parsed in 81.568459ms
[2m2025-12-10T10:08:35.948734Z[0m [34mDEBUG[0m [2methereum_transaction_pool_monitor::mempool_monitor[0m[2m:[0m 🔍 Skipping tx 0x82a18b89d3e8491d2c8717ec0d8040235478746f777321ea2bb8fd8ffa0d5721 - not a DEX interaction (target: 0xB8f28C60dD8240141185a192fa4156A23E189305)
[2m2025-12-10T10:08:35.948745Z[0m [34mDEBUG[0m [2methereum_transaction_pool_monitor::mempool_monitor[0m[2m:[0m 📨 Processing new pending transaction: 0xfbe41f5ab7fcb701f265799d4519aba2f77fba1f6fa0b7cdc70a1905fd9d2513
[2m2025-12-10T10:08:35.948752Z[0m [34mDEBUG[0m [2methereum_transaction_pool_monitor::mempool_monitor[0m[2m:[0m 🔍 Fetching transaction details for: 0xfbe41f5ab7fcb701f265799d4519aba2f77fba1f6fa0b7cdc70a1905fd9d2513
[2m2025-12-10T10:08:35.948757Z[0m [34mDEBUG[0m [2methereum_transaction_pool_monitor::eth_client[0m[2m:[0m 🔍 Fetching transaction details for hash: 0xfbe41f5ab7fcb701f265799d4519aba2f77fba1f6fa0b7cdc70a1905fd9d2513
[2m2025-12-10T10:08:35.948781Z[0m [34mDEBUG[0m [2mhyper::client::pool[0m[2m:[0m reuse idle connection for ("http", 192.168.0.14:8545)
[2m2025-12-10T10:08:35.948829Z[0m [34mDEBUG[0m [2mhyper::proto::h1::io[0m[2m:[0m flushed 250 bytes
[2m2025-12-10T10:08:35.948850Z[0m [34mDEBUG[0m [2mhyper::client::pool[0m[2m:[0m reuse idle connection for ("http", 192.168.0.14:8545)
[2m2025-12-10T10:08:35.948865Z[0m [34mDEBUG[0m [2mhyper::proto::h1::io[0m[2m:[0m flushed 172 bytes
[2m2025-12-10T10:08:35.948889Z[0m [34mDEBUG[0m [2methereum_transaction_pool_monitor::eth_client[0m[2m:[0m 📨 Received WebSocket message: {"jsonrpc":"2.0","method":"eth_subscription","params":{"subscription":"0xbed0a0851463e895960a451075a301a9","result":"0x526d18ebf41787fd1f34fed63eabfe7ce7b3264d368b6ee646cd0c9c512564d9"}}
[2m2025-12-10T10:08:35.948898Z[0m [34mDEBUG[0m [2methereum_transaction_pool_monitor::eth_client[0m[2m:[0m 📨 Received pending transaction: 0x526d18ebf41787fd1f34fed63eabfe7ce7b3264d368b6ee646cd0c9c512564d9
[2m2025-12-10T10:08:35.948904Z[0m [34mDEBUG[0m [2methereum_transaction_pool_monitor::eth_client[0m[2m:[0m 📨 Received WebSocket message: {"jsonrpc":"2.0","method":"eth_subscription","params":{"subscription":"0xbed0a0851463e895960a451075a301a9","result":"0xf99aeffb74550c0dc9526ff2ccff2430f6519dc30e64a30627ca285bde0ee589"}}
[2m2025-12-10T10:08:35.948911Z[0m [34mDEBUG[0m [2methereum_transaction_pool_monitor::eth_client[0m[2m:[0m 📨 Received pending transaction: 0xf99aeffb74550c0dc9526ff2ccff2430f6519dc30e64a30627ca285bde0ee589
[2m2025-12-10T10:08:35.948917Z[0m [34mDEBUG[0m [2methereum_transaction_pool_monitor::eth_client[0m[2m:[0m 📨 Received WebSocket message: {"jsonrpc":"2.0","method":"eth_subscription","params":{"subscription":"0xbed0a0851463e895960a451075a301a9","result":"0x9be33ff53f26fc6a2d504b50afedf199ae8598c7b2f328de150962b27c9249e4"}}
[2m2025-12-10T10:08:35.948923Z[0m [34mDEBUG[0m [2methereum_transaction_pool_monitor::eth_client[0m[2m:[0m 📨 Received pending transaction: 0x9be33ff53f26fc6a2d504b50afedf199ae8598c7b2f328de150962b27c9249e4
[2m2025-12-10T10:08:35.948927Z[0m [34mDEBUG[0m [2methereum_transaction_pool_monitor::eth_client[0m[2m:[0m 📨 Received WebSocket message: {"jsonrpc":"2.0","method":"eth_subscription","params":{"subscription":"0xbed0a0851463e895960a451075a301a9","result":"0x766bde3251eb516db77e551a153a445e3540fb6142bfb064dbc61c36e3a14962"}}
[2m2025-12-10T10:08:35.948932Z[0m [34mDEBUG[0m [2methereum_transaction_pool_monitor::eth_client[0m[2m:[0m 📨 Received pending transaction: 0x766bde3251eb516db77e551a153a445e3540fb6142bfb064dbc61c36e3a14962
[2m2025-12-10T10:08:35.953872Z[0m [34mDEBUG[0m [2mhyper::proto::h1::io[0m[2m:[0m parsed 4 headers
[2m2025-12-10T10:08:35.953878Z[0m [34mDEBUG[0m [2mhyper::proto::h1::conn[0m[2m:[0m incoming body is content-length (45 bytes)
[2m2025-12-10T10:08:35.953886Z[0m [34mDEBUG[0m [2mhyper::proto::h1::conn[0m[2m:[0m incoming body completed
[2m2025-12-10T10:08:35.953895Z[0m [34mDEBUG[0m [2mhyper::client::pool[0m[2m:[0m pooling idle connection for ("http", 192.168.0.14:8545)
[2m2025-12-10T10:08:35.953915Z[0m [34mDEBUG[0m [2mhyper::proto::h1::io[0m[2m:[0m parsed 4 headers
[2m2025-12-10T10:08:35.953920Z[0m [34mDEBUG[0m [2mhyper::proto::h1::conn[0m[2m:[0m incoming body is content-length (12425 bytes)
[2m2025-12-10T10:08:35.953927Z[0m [34mDEBUG[0m [2methereum_transaction_pool_monitor::eth_client[0m[2m:[0m 📡 Transaction fetch RPC completed in 5.166291ms
[2m2025-12-10T10:08:35.955083Z[0m [34mDEBUG[0m [2mhyper::proto::h1::conn[0m[2m:[0m incoming body completed
[2m2025-12-10T10:08:35.955095Z[0m [34mDEBUG[0m [2mhyper::client::pool[0m[2m:[0m pooling idle connection for ("http", 192.168.0.14:8545)
[2m2025-12-10T10:08:35.957207Z[0m [34mDEBUG[0m [2methereum_transaction_pool_monitor::eth_client[0m[2m:[0m 📨 Received WebSocket message: {"jsonrpc":"2.0","method":"eth_subscription","params":{"subscription":"0xbed0a0851463e895960a451075a301a9","result":"0x90540f149c063abb6eaf9d13ede9c732674b96db757b08caabd46cbcb62fb1af"}}
[2m2025-12-10T10:08:35.957215Z[0m [34mDEBUG[0m [2methereum_transaction_pool_monitor::eth_client[0m[2m:[0m 📨 Received pending transaction: 0x90540f149c063abb6eaf9d13ede9c732674b96db757b08caabd46cbcb62fb1af
[2m2025-12-10T10:08:35.961687Z[0m [34mDEBUG[0m [2methereum_transaction_pool_monitor::eth_client[0m[2m:[0m 📨 Received WebSocket message: {"jsonrpc":"2.0","method":"eth_subscription","params":{"subscription":"0xbed0a0851463e895960a451075a301a9","result":"0x228da31bc0b31147d543ca02eaf0f13f5867e37fc91e6af9167ecf577c7f8ab0"}}
[2m2025-12-10T10:08:35.961704Z[0m [34mDEBUG[0m [2methereum_transaction_pool_monitor::eth_client[0m[2m:[0m 📨 Received pending transaction: 0x228da31bc0b31147d543ca02eaf0f13f5867e37fc91e6af9167ecf577c7f8ab0
[2m2025-12-10T10:08:35.996741Z[0m [34mDEBUG[0m [2mhyper::client::pool[0m[2m:[0m reuse idle connection for ("http", 192.168.0.14:8545)
[2m2025-12-10T10:08:35.996780Z[0m [34mDEBUG[0m [2mhyper::proto::h1::io[0m[2m:[0m flushed 172 bytes
[2m2025-12-10T10:08:35.999174Z[0m [34mDEBUG[0m [2mhyper::proto::h1::io[0m[2m:[0m parsed 4 headers
[2m2025-12-10T10:08:35.999209Z[0m [34mDEBUG[0m [2mhyper::proto::h1::conn[0m[2m:[0m incoming body is content-length (45 bytes)
[2m2025-12-10T10:08:35.999255Z[0m [34mDEBUG[0m [2mhyper::proto::h1::conn[0m[2m:[0m incoming body completed
[2m2025-12-10T10:08:35.999288Z[0m [34mDEBUG[0m [2mhyper::client::pool[0m[2m:[0m pooling idle connection for ("http", 192.168.0.14:8545)
[2m2025-12-10T10:08:36.027152Z[0m [34mDEBUG[0m [2methereum_transaction_pool_monitor::eth_client[0m[2m:[0m ✅ Transaction 0xfbe41f5ab7fcb701f265799d4519aba2f77fba1f6fa0b7cdc70a1905fd9d2513 fetched and parsed in 78.388875ms
[2m2025-12-10T10:08:36.027184Z[0m [34mDEBUG[0m [2methereum_transaction_pool_monitor::mempool_monitor[0m[2m:[0m 🔍 Skipping tx 0xfbe41f5ab7fcb701f265799d4519aba2f77fba1f6fa0b7cdc70a1905fd9d2513 - not a DEX interaction (target: 0x1231DEB6f5749EF6cE6943a275A1D3E7486F4EaE)
[2m2025-12-10T10:08:36.027195Z[0m [34mDEBUG[0m [2methereum_transaction_pool_monitor::mempool_monitor[0m[2m:[0m 📨 Processing new pending transaction: 0xa7c2bbed4cfa1d47826890987b2747821998a54fed01b7ed448e2cbc6aa4c5aa
[2m2025-12-10T10:08:36.027202Z[0m [34mDEBUG[0m [2methereum_transaction_pool_monitor::mempool_monitor[0m[2m:[0m 🔍 Fetching transaction details for: 0xa7c2bbed4cfa1d47826890987b2747821998a54fed01b7ed448e2cbc6aa4c5aa
[2m2025-12-10T10:08:36.027208Z[0m [34mDEBUG[0m [2methereum_transaction_pool_monitor::eth_client[0m[2m:[0m 🔍 Fetching transaction details for hash: 0xa7c2bbed4cfa1d47826890987b2747821998a54fed01b7ed448e2cbc6aa4c5aa
[2m2025-12-10T10:08:36.027228Z[0m [34mDEBUG[0m [2mhyper::client::pool[0m[2m:[0m reuse idle connection for ("http", 192.168.0.14:8545)
[2m2025-12-10T10:08:36.027282Z[0m [34mDEBUG[0m [2mhyper::proto::h1::io[0m[2m:[0m flushed 250 bytes
[2m2025-12-10T10:08:36.031313Z[0m [34mDEBUG[0m [2methereum_transaction_pool_monitor::eth_client[0m[2m:[0m 📨 Received WebSocket message: {"jsonrpc":"2.0","method":"eth_subscription","params":{"subscription":"0xbed0a0851463e895960a451075a301a9","result":"0xfbe9f7745dd53a1380d40aea9e144b9b5a2c52d485c0da7263a9369a416227be"}}
[2m2025-12-10T10:08:36.031327Z[0m [34mDEBUG[0m [2methereum_transaction_pool_monitor::eth_client[0m[2m:[0m 📨 Received pending transaction: 0xfbe9f7745dd53a1380d40aea9e144b9b5a2c52d485c0da7263a9369a416227be
[2m2025-12-10T10:08:36.037114Z[0m [34mDEBUG[0m [2mhyper::proto::h1::io[0m[2m:[0m parsed 4 headers
[2m2025-12-10T10:08:36.037124Z[0m [34mDEBUG[0m [2mhyper::proto::h1::conn[0m[2m:[0m incoming body is content-length (1664 bytes)
[2m2025-12-10T10:08:36.037132Z[0m [34mDEBUG[0m [2mhyper::proto::h1::conn[0m[2m:[0m incoming body completed
[2m2025-12-10T10:08:36.037143Z[0m [34mDEBUG[0m [2mhyper::client::pool[0m[2m:[0m pooling idle connection for ("http", 192.168.0.14:8545)
[2m2025-12-10T10:08:36.037151Z[0m [34mDEBUG[0m [2methereum_transaction_pool_monitor::eth_client[0m[2m:[0m 📡 Transaction fetch RPC completed in 9.9385ms
[2m2025-12-10T10:08:36.109595Z[0m [34mDEBUG[0m [2methereum_transaction_pool_monitor::eth_client[0m[2m:[0m ✅ Transaction 0xa7c2bbed4cfa1d47826890987b2747821998a54fed01b7ed448e2cbc6aa4c5aa fetched and parsed in 82.378875ms
[2m2025-12-10T10:08:36.109623Z[0m [34mDEBUG[0m [2methereum_transaction_pool_monitor::mempool_monitor[0m[2m:[0m 🔍 Skipping tx 0xa7c2bbed4cfa1d47826890987b2747821998a54fed01b7ed448e2cbc6aa4c5aa - not a DEX interaction (target: 0x5c7BCd6E7De5423a257D81B442095A1a6ced35C5)
[2m2025-12-10T10:08:36.109634Z[0m [34mDEBUG[0m [2methereum_transaction_pool_monitor::mempool_monitor[0m[2m:[0m 📨 Processing new pending transaction: 0x397c1e2e3e5a475ba7e688b65b6468fc7361256664f1586c10cb8b4d211d915e
[2m2025-12-10T10:08:36.109642Z[0m [34mDEBUG[0m [2methereum_transaction_pool_monitor::mempool_monitor[0m[2m:[0m 🔍 Fetching transaction details for: 0x397c1e2e3e5a475ba7e688b65b6468fc7361256664f1586c10cb8b4d211d915e
[2m2025-12-10T10:08:36.109648Z[0m [34mDEBUG[0m [2methereum_transaction_pool_monitor::eth_client[0m[2m:[0m 🔍 Fetching transaction details for hash: 0x397c1e2e3e5a475ba7e688b65b6468fc7361256664f1586c10cb8b4d211d915e
[2m2025-12-10T10:08:36.109670Z[0m [34mDEBUG[0m [2mhyper::client::pool[0m[2m:[0m reuse idle connection for ("http", 192.168.0.14:8545)
[2m2025-12-10T10:08:36.109717Z[0m [34mDEBUG[0m [2mhyper::proto::h1::io[0m[2m:[0m flushed 250 bytes
[2m2025-12-10T10:08:36.109738Z[0m [34mDEBUG[0m [2mhyper::client::pool[0m[2m:[0m reuse idle connection for ("http", 192.168.0.14:8545)
[2m2025-12-10T10:08:36.109754Z[0m [34mDEBUG[0m [2mhyper::proto::h1::io[0m[2m:[0m flushed 172 bytes
[2m2025-12-10T10:08:36.109767Z[0m [34mDEBUG[0m [2methereum_transaction_pool_monitor::eth_client[0m[2m:[0m 📨 Received WebSocket message: {"jsonrpc":"2.0","method":"eth_subscription","params":{"subscription":"0xbed0a0851463e895960a451075a301a9","result":"0x3a603911425a43df36f6ef464b353f81e06f2628ce4693c4bb993ac7cf35d961"}}
[2m2025-12-10T10:08:36.109777Z[0m [34mDEBUG[0m [2methereum_transaction_pool_monitor::eth_client[0m[2m:[0m 📨 Received pending transaction: 0x3a603911425a43df36f6ef464b353f81e06f2628ce4693c4bb993ac7cf35d961
[2m2025-12-10T10:08:36.109782Z[0m [34mDEBUG[0m [2methereum_transaction_pool_monitor::eth_client[0m[2m:[0m 📨 Received WebSocket message: {"jsonrpc":"2.0","method":"eth_subscription","params":{"subscription":"0xbed0a0851463e895960a451075a301a9","result":"0x874135f7046a6caadf8f6d50d8043943fc0d0db8c6f9f21ec3eb811f4f15ab81"}}
[2m2025-12-10T10:08:36.109788Z[0m [34mDEBUG[0m [2methereum_transaction_pool_monitor::eth_client[0m[2m:[0m 📨 Received pending transaction: 0x874135f7046a6caadf8f6d50d8043943fc0d0db8c6f9f21ec3eb811f4f15ab81
[2m2025-12-10T10:08:36.114111Z[0m [34mDEBUG[0m [2mhyper::proto::h1::io[0m[2m:[0m parsed 4 headers
[2m2025-12-10T10:08:36.114126Z[0m [34mDEBUG[0m [2mhyper::proto::h1::conn[0m[2m:[0m incoming body is content-length (45 bytes)
[2m2025-12-10T10:08:36.114134Z[0m [34mDEBUG[0m [2mhyper::proto::h1::conn[0m[2m:[0m incoming body completed
[2m2025-12-10T10:08:36.114144Z[0m [34mDEBUG[0m [2mhyper::client::pool[0m[2m:[0m pooling idle connection for ("http", 192.168.0.14:8545)
[2m2025-12-10T10:08:36.114690Z[0m [34mDEBUG[0m [2mhyper::proto::h1::io[0m[2m:[0m parsed 4 headers
[2m2025-12-10T10:08:36.114698Z[0m [34mDEBUG[0m [2mhyper::proto::h1::conn[0m[2m:[0m incoming body is content-length (653 bytes)
[2m2025-12-10T10:08:36.114704Z[0m [34mDEBUG[0m [2mhyper::proto::h1::conn[0m[2m:[0m incoming body completed
[2m2025-12-10T10:08:36.114712Z[0m [34mDEBUG[0m [2mhyper::client::pool[0m[2m:[0m pooling idle connection for ("http", 192.168.0.14:8545)
[2m2025-12-10T10:08:36.114721Z[0m [34mDEBUG[0m [2methereum_transaction_pool_monitor::eth_client[0m[2m:[0m 📡 Transaction fetch RPC completed in 5.068792ms
[2m2025-12-10T10:08:36.195369Z[0m [34mDEBUG[0m [2methereum_transaction_pool_monitor::eth_client[0m[2m:[0m ✅ Transaction 0x397c1e2e3e5a475ba7e688b65b6468fc7361256664f1586c10cb8b4d211d915e fetched and parsed in 85.714958ms
[2m2025-12-10T10:08:36.195395Z[0m [34mDEBUG[0m [2methereum_transaction_pool_monitor::mempool_monitor[0m[2m:[0m 🔍 Skipping tx 0x397c1e2e3e5a475ba7e688b65b6468fc7361256664f1586c10cb8b4d211d915e - not a DEX interaction (target: 0xEcc240E51a4E544f7bC6Ae7290E3ae7145Eb5785)
[2m2025-12-10T10:08:36.195407Z[0m [34mDEBUG[0m [2methereum_transaction_pool_monitor::mempool_monitor[0m[2m:[0m 📨 Processing new pending transaction: 0xfaf024c34f42b50cae23b7d5f36ab41b316db285db4f263e4fa7cd0ef522c82f
[2m2025-12-10T10:08:36.195413Z[0m [34mDEBUG[0m [2methereum_transaction_pool_monitor::mempool_monitor[0m[2m:[0m 🔍 Fetching transaction details for: 0xfaf024c34f42b50cae23b7d5f36ab41b316db285db4f263e4fa7cd0ef522c82f
[2m2025-12-10T10:08:36.195419Z[0m [34mDEBUG[0m [2methereum_transaction_pool_monitor::eth_client[0m[2m:[0m 🔍 Fetching transaction details for hash: 0xfaf024c34f42b50cae23b7d5f36ab41b316db285db4f263e4fa7cd0ef522c82f
[2m2025-12-10T10:08:36.195439Z[0m [34mDEBUG[0m [2mhyper::client::pool[0m[2m:[0m reuse idle connection for ("http", 192.168.0.14:8545)
[2m2025-12-10T10:08:36.195490Z[0m [34mDEBUG[0m [2mhyper::proto::h1::io[0m[2m:[0m flushed 250 bytes
[2m2025-12-10T10:08:36.195510Z[0m [34mDEBUG[0m [2mhyper::client::pool[0m[2m:[0m reuse idle connection for ("http", 192.168.0.14:8545)
[2m2025-12-10T10:08:36.195528Z[0m [34mDEBUG[0m [2mhyper::proto::h1::io[0m[2m:[0m flushed 172 bytes
[2m2025-12-10T10:08:36.195558Z[0m [34mDEBUG[0m [2methereum_transaction_pool_monitor::eth_client[0m[2m:[0m 📨 Received WebSocket message: {"jsonrpc":"2.0","method":"eth_subscription","params":{"subscription":"0xbed0a0851463e895960a451075a301a9","result":"0x7464920bfbbc9fca6952723e2600c7ca782487d0bd45d799355315d7b26088e4"}}
[2m2025-12-10T10:08:36.195566Z[0m [34mDEBUG[0m [2methereum_transaction_pool_monitor::eth_client[0m[2m:[0m 📨 Received pending transaction: 0x7464920bfbbc9fca6952723e2600c7ca782487d0bd45d799355315d7b26088e4
[2m2025-12-10T10:08:36.202233Z[0m [34mDEBUG[0m [2mhyper::proto::h1::io[0m[2m:[0m parsed 4 headers
[2m2025-12-10T10:08:36.202244Z[0m [34mDEBUG[0m [2mhyper::proto::h1::conn[0m[2m:[0m incoming body is content-length (643 bytes)
[2m2025-12-10T10:08:36.202252Z[0m [34mDEBUG[0m [2mhyper::proto::h1::conn[0m[2m:[0m incoming body completed
[2m2025-12-10T10:08:36.202262Z[0m [34mDEBUG[0m [2mhyper::client::pool[0m[2m:[0m pooling idle connection for ("http", 192.168.0.14:8545)
[2m2025-12-10T10:08:36.202269Z[0m [34mDEBUG[0m [2methereum_transaction_pool_monitor::eth_client[0m[2m:[0m 📡 Transaction fetch RPC completed in 6.844833ms
[2m2025-12-10T10:08:36.275628Z[0m [34mDEBUG[0m [2methereum_transaction_pool_monitor::eth_client[0m[2m:[0m ✅ Transaction 0xfaf024c34f42b50cae23b7d5f36ab41b316db285db4f263e4fa7cd0ef522c82f fetched and parsed in 80.200958ms
[2m2025-12-10T10:08:36.275653Z[0m [34mDEBUG[0m [2methereum_transaction_pool_monitor::mempool_monitor[0m[2m:[0m 🔍 Skipping tx 0xfaf024c34f42b50cae23b7d5f36ab41b316db285db4f263e4fa7cd0ef522c82f - not a DEX interaction (target: 0xf694018570062CE5a5C9abb0F7373FA08d2Ad4C3)
[2m2025-12-10T10:08:36.275664Z[0m [34mDEBUG[0m [2methereum_transaction_pool_monitor::mempool_monitor[0m[2m:[0m 📨 Processing new pending transaction: 0x2fb40c7aebb367b18011c8d234a2f364298c7d42fa80d370d2c71c13d166b633
[2m2025-12-10T10:08:36.275670Z[0m [34mDEBUG[0m [2methereum_transaction_pool_monitor::mempool_monitor[0m[2m:[0m 🔍 Fetching transaction details for: 0x2fb40c7aebb367b18011c8d234a2f364298c7d42fa80d370d2c71c13d166b633
[2m2025-12-10T10:08:36.275674Z[0m [34mDEBUG[0m [2methereum_transaction_pool_monitor::eth_client[0m[2m:[0m 🔍 Fetching transaction details for hash: 0x2fb40c7aebb367b18011c8d234a2f364298c7d42fa80d370d2c71c13d166b633
[2m2025-12-10T10:08:36.275697Z[0m [34mDEBUG[0m [2mhyper::client::pool[0m[2m:[0m reuse idle connection for ("http", 192.168.0.14:8545)
[2m2025-12-10T10:08:36.275739Z[0m [34mDEBUG[0m [2mhyper::proto::h1::io[0m[2m:[0m flushed 250 bytes
[2m2025-12-10T10:08:36.275764Z[0m [34mDEBUG[0m [2methereum_transaction_pool_monitor::eth_client[0m[2m:[0m 📨 Received WebSocket message: {"jsonrpc":"2.0","method":"eth_subscription","params":{"subscription":"0xbed0a0851463e895960a451075a301a9","result":"0x3aac76e5af28066c904e5faec28cd1a49bfaf7c7a3eec1f9e31c8e6c0de03e82"}}
[2m2025-12-10T10:08:36.275773Z[0m [34mDEBUG[0m [2methereum_transaction_pool_monitor::eth_client[0m[2m:[0m 📨 Received pending transaction: 0x3aac76e5af28066c904e5faec28cd1a49bfaf7c7a3eec1f9e31c8e6c0de03e82
[2m2025-12-10T10:08:36.275794Z[0m [34mDEBUG[0m [2mhyper::proto::h1::io[0m[2m:[0m parsed 4 headers
[2m2025-12-10T10:08:36.275829Z[0m [34mDEBUG[0m [2mhyper::proto::h1::conn[0m[2m:[0m incoming body is content-length (45 bytes)
[2m2025-12-10T10:08:36.275848Z[0m [34mDEBUG[0m [2mhyper::proto::h1::conn[0m[2m:[0m incoming body completed
[2m2025-12-10T10:08:36.275869Z[0m [34mDEBUG[0m [2mhyper::client::pool[0m[2m:[0m pooling idle connection for ("http", 192.168.0.14:8545)
[2m2025-12-10T10:08:36.289791Z[0m [34mDEBUG[0m [2mhyper::proto::h1::io[0m[2m:[0m parsed 4 headers
[2m2025-12-10T10:08:36.289816Z[0m [34mDEBUG[0m [2mhyper::proto::h1::conn[0m[2m:[0m incoming body is content-length (781 bytes)
[2m2025-12-10T10:08:36.289825Z[0m [34mDEBUG[0m [2mhyper::proto::h1::conn[0m[2m:[0m incoming body completed
[2m2025-12-10T10:08:36.289842Z[0m [34mDEBUG[0m [2mhyper::client::pool[0m[2m:[0m pooling idle connection for ("http", 192.168.0.14:8545)
[2m2025-12-10T10:08:36.289851Z[0m [34mDEBUG[0m [2methereum_transaction_pool_monitor::eth_client[0m[2m:[0m 📡 Transaction fetch RPC completed in 14.171792ms
[2m2025-12-10T10:08:36.289869Z[0m [34mDEBUG[0m [2methereum_transaction_pool_monitor::eth_client[0m[2m:[0m DeFi transaction detected - Address: 0xc02aaa39b223fe8d0a0e5c4f27ead9083c756cc2, Type: TokenContract, Value: 0 ETH, Gas: 1507.00 Gwei
[2m2025-12-10T10:08:36.289883Z[0m [34mDEBUG[0m [2methereum_transaction_pool_monitor::eth_client[0m[2m:[0m ✅ Transaction 0x2fb40c7aebb367b18011c8d234a2f364298c7d42fa80d370d2c71c13d166b633 fetched and parsed in 14.203959ms
[2m2025-12-10T10:08:36.289890Z[0m [34mDEBUG[0m [2methereum_transaction_pool_monitor::mempool_monitor[0m[2m:[0m 🔍 Skipping tx 0x2fb40c7aebb367b18011c8d234a2f364298c7d42fa80d370d2c71c13d166b633 - not a DEX interaction (target: 0xC02aaA39b223FE8D0A0e5C4F27eAD9083C756Cc2)
[2m2025-12-10T10:08:36.289899Z[0m [34mDEBUG[0m [2methereum_transaction_pool_monitor::mempool_monitor[0m[2m:[0m 📨 Processing new pending transaction: 0xc98b0f7b30bea94c7f4bb1f09653d7a1d23eddc5e440cca8f03c51a382b0a2f9
[2m2025-12-10T10:08:36.289903Z[0m [34mDEBUG[0m [2methereum_transaction_pool_monitor::mempool_monitor[0m[2m:[0m 🔍 Fetching transaction details for: 0xc98b0f7b30bea94c7f4bb1f09653d7a1d23eddc5e440cca8f03c51a382b0a2f9
[2m2025-12-10T10:08:36.289907Z[0m [34mDEBUG[0m [2methereum_transaction_pool_monitor::eth_client[0m[2m:[0m 🔍 Fetching transaction details for hash: 0xc98b0f7b30bea94c7f4bb1f09653d7a1d23eddc5e440cca8f03c51a382b0a2f9
[2m2025-12-10T10:08:36.289927Z[0m [34mDEBUG[0m [2mhyper::client::pool[0m[2m:[0m reuse idle connection for ("http", 192.168.0.14:8545)
[2m2025-12-10T10:08:36.289967Z[0m [34mDEBUG[0m [2mhyper::proto::h1::io[0m[2m:[0m flushed 250 bytes
[2m2025-12-10T10:08:36.295716Z[0m [34mDEBUG[0m [2mhyper::proto::h1::io[0m[2m:[0m parsed 4 headers
[2m2025-12-10T10:08:36.295717Z[0m [34mDEBUG[0m [2mhyper::client::pool[0m[2m:[0m reuse idle connection for ("http", 192.168.0.14:8545)
[2m2025-12-10T10:08:36.295729Z[0m [34mDEBUG[0m [2mhyper::proto::h1::conn[0m[2m:[0m incoming body is content-length (775 bytes)
[2m2025-12-10T10:08:36.295752Z[0m [34mDEBUG[0m [2mhyper::proto::h1::conn[0m[2m:[0m incoming body completed
[2m2025-12-10T10:08:36.295759Z[0m [34mDEBUG[0m [2mhyper::client::pool[0m[2m:[0m pooling idle connection for ("http", 192.168.0.14:8545)
[2m2025-12-10T10:08:36.295763Z[0m [34mDEBUG[0m [2mhyper::proto::h1::io[0m[2m:[0m flushed 172 bytes
[2m2025-12-10T10:08:36.295765Z[0m [34mDEBUG[0m [2methereum_transaction_pool_monitor::eth_client[0m[2m:[0m 📡 Transaction fetch RPC completed in 5.853792ms
[2m2025-12-10T10:08:36.295785Z[0m [34mDEBUG[0m [2methereum_transaction_pool_monitor::eth_client[0m[2m:[0m DeFi transaction detected - Address: 0xdac17f958d2ee523a2206206994597c13d831ec7, Type: Stablecoin, Value: 0 ETH, Gas: 3.01 Gwei
[2m2025-12-10T10:08:36.295796Z[0m [34mDEBUG[0m [2methereum_transaction_pool_monitor::eth_client[0m[2m:[0m ✅ Transaction 0xc98b0f7b30bea94c7f4bb1f09653d7a1d23eddc5e440cca8f03c51a382b0a2f9 fetched and parsed in 5.885042ms
[2m2025-12-10T10:08:36.295802Z[0m [34mDEBUG[0m [2methereum_transaction_pool_monitor::mempool_monitor[0m[2m:[0m 🔍 Skipping tx 0xc98b0f7b30bea94c7f4bb1f09653d7a1d23eddc5e440cca8f03c51a382b0a2f9 - not a DEX interaction (target: 0xdAC17F958D2ee523a2206206994597C13D831ec7)
[2m2025-12-10T10:08:36.295809Z[0m [34mDEBUG[0m [2methereum_transaction_pool_monitor::mempool_monitor[0m[2m:[0m 📨 Processing new pending transaction: 0x1c49894fa01665ab710842bb37fbb330e1dc72e389a99546234bea2d8554b312
[2m2025-12-10T10:08:36.295814Z[0m [34mDEBUG[0m [2methereum_transaction_pool_monitor::mempool_monitor[0m[2m:[0m 🔍 Fetching transaction details for: 0x1c49894fa01665ab710842bb37fbb330e1dc72e389a99546234bea2d8554b312
[2m2025-12-10T10:08:36.295817Z[0m [34mDEBUG[0m [2methereum_transaction_pool_monitor::eth_client[0m[2m:[0m 🔍 Fetching transaction details for hash: 0x1c49894fa01665ab710842bb37fbb330e1dc72e389a99546234bea2d8554b312
[2m2025-12-10T10:08:36.295827Z[0m [34mDEBUG[0m [2mhyper::client::pool[0m[2m:[0m reuse idle connection for ("http", 192.168.0.14:8545)
[2m2025-12-10T10:08:36.295839Z[0m [34mDEBUG[0m [2mhyper::proto::h1::io[0m[2m:[0m flushed 250 bytes
[2m2025-12-10T10:08:36.306305Z[0m [34mDEBUG[0m [2mhyper::proto::h1::io[0m[2m:[0m parsed 4 headers
[2m2025-12-10T10:08:36.306325Z[0m [34mDEBUG[0m [2mhyper::proto::h1::conn[0m[2m:[0m incoming body is content-length (45 bytes)
[2m2025-12-10T10:08:36.306334Z[0m [34mDEBUG[0m [2mhyper::proto::h1::conn[0m[2m:[0m incoming body completed
[2m2025-12-10T10:08:36.306345Z[0m [34mDEBUG[0m [2mhyper::client::pool[0m[2m:[0m pooling idle connection for ("http", 192.168.0.14:8545)
[2m2025-12-10T10:08:36.306977Z[0m [34mDEBUG[0m [2mhyper::proto::h1::io[0m[2m:[0m parsed 4 headers
[2m2025-12-10T10:08:36.306985Z[0m [34mDEBUG[0m [2mhyper::proto::h1::conn[0m[2m:[0m incoming body is content-length (770 bytes)
[2m2025-12-10T10:08:36.306991Z[0m [34mDEBUG[0m [2mhyper::proto::h1::conn[0m[2m:[0m incoming body completed
[2m2025-12-10T10:08:36.306998Z[0m [34mDEBUG[0m [2mhyper::client::pool[0m[2m:[0m pooling idle connection for ("http", 192.168.0.14:8545)
[2m2025-12-10T10:08:36.307004Z[0m [34mDEBUG[0m [2methereum_transaction_pool_monitor::eth_client[0m[2m:[0m 📡 Transaction fetch RPC completed in 11.180208ms
[2m2025-12-10T10:08:36.392581Z[0m [34mDEBUG[0m [2methereum_transaction_pool_monitor::eth_client[0m[2m:[0m ✅ Transaction 0x1c49894fa01665ab710842bb37fbb330e1dc72e389a99546234bea2d8554b312 fetched and parsed in 96.753666ms
[2m2025-12-10T10:08:36.392614Z[0m [34mDEBUG[0m [2methereum_transaction_pool_monitor::mempool_monitor[0m[2m:[0m 🔍 Skipping tx 0x1c49894fa01665ab710842bb37fbb330e1dc72e389a99546234bea2d8554b312 - not a DEX interaction (target: 0xB8f28C60dD8240141185a192fa4156A23E189305)
[2m2025-12-10T10:08:36.392627Z[0m [34mDEBUG[0m [2methereum_transaction_pool_monitor::mempool_monitor[0m[2m:[0m 📨 Processing new pending transaction: 0xf2c0ad1a7875772d08eb0d4e44a97d7660a80025e95d09a1eb1b372310fad3a6
[2m2025-12-10T10:08:36.392633Z[0m [34mDEBUG[0m [2methereum_transaction_pool_monitor::mempool_monitor[0m[2m:[0m 🔍 Fetching transaction details for: 0xf2c0ad1a7875772d08eb0d4e44a97d7660a80025e95d09a1eb1b372310fad3a6
[2m2025-12-10T10:08:36.392639Z[0m [34mDEBUG[0m [2methereum_transaction_pool_monitor::eth_client[0m[2m:[0m 🔍 Fetching transaction details for hash: 0xf2c0ad1a7875772d08eb0d4e44a97d7660a80025e95d09a1eb1b372310fad3a6
[2m2025-12-10T10:08:36.392660Z[0m [34mDEBUG[0m [2mhyper::client::pool[0m[2m:[0m reuse idle connection for ("http", 192.168.0.14:8545)
[2m2025-12-10T10:08:36.392713Z[0m [34mDEBUG[0m [2mhyper::proto::h1::io[0m[2m:[0m flushed 250 bytes
[2m2025-12-10T10:08:36.396140Z[0m [34mDEBUG[0m [2mhyper::client::pool[0m[2m:[0m reuse idle connection for ("http", 192.168.0.14:8545)
[2m2025-12-10T10:08:36.396192Z[0m [34mDEBUG[0m [2mhyper::proto::h1::io[0m[2m:[0m flushed 172 bytes
[2m2025-12-10T10:08:36.397076Z[0m [34mDEBUG[0m [2mhyper::proto::h1::io[0m[2m:[0m parsed 4 headers
[2m2025-12-10T10:08:36.397085Z[0m [34mDEBUG[0m [2mhyper::proto::h1::conn[0m[2m:[0m incoming body is content-length (650 bytes)
[2m2025-12-10T10:08:36.397094Z[0m [34mDEBUG[0m [2mhyper::proto::h1::conn[0m[2m:[0m incoming body completed
[2m2025-12-10T10:08:36.397114Z[0m [34mDEBUG[0m [2mhyper::client::pool[0m[2m:[0m pooling idle connection for ("http", 192.168.0.14:8545)
[2m2025-12-10T10:08:36.397163Z[0m [34mDEBUG[0m [2methereum_transaction_pool_monitor::eth_client[0m[2m:[0m 📡 Transaction fetch RPC completed in 4.519334ms
[2m2025-12-10T10:08:36.469357Z[0m [34mDEBUG[0m [2methereum_transaction_pool_monitor::eth_client[0m[2m:[0m ✅ Transaction 0xf2c0ad1a7875772d08eb0d4e44a97d7660a80025e95d09a1eb1b372310fad3a6 fetched and parsed in 76.710334ms
[2m2025-12-10T10:08:36.469378Z[0m [34mDEBUG[0m [2methereum_transaction_pool_monitor::mempool_monitor[0m[2m:[0m 🔍 Skipping tx 0xf2c0ad1a7875772d08eb0d4e44a97d7660a80025e95d09a1eb1b372310fad3a6 - not a DEX interaction (target: 0x59E3fA4099e248d92557a5277149Ad049Aa8d08B)
[2m2025-12-10T10:08:36.469390Z[0m [34mDEBUG[0m [2methereum_transaction_pool_monitor::mempool_monitor[0m[2m:[0m 📨 Processing new pending transaction: 0x2037256eeeea951e25bb4c5a50ee00c456ccecba28cd2b40a2e546dab7624d92
[2m2025-12-10T10:08:36.469397Z[0m [34mDEBUG[0m [2methereum_transaction_pool_monitor::mempool_monitor[0m[2m:[0m 🔍 Fetching transaction details for: 0x2037256eeeea951e25bb4c5a50ee00c456ccecba28cd2b40a2e546dab7624d92
[2m2025-12-10T10:08:36.469404Z[0m [34mDEBUG[0m [2methereum_transaction_pool_monitor::eth_client[0m[2m:[0m 🔍 Fetching transaction details for hash: 0x2037256eeeea951e25bb4c5a50ee00c456ccecba28cd2b40a2e546dab7624d92
[2m2025-12-10T10:08:36.469425Z[0m [34mDEBUG[0m [2mhyper::client::pool[0m[2m:[0m reuse idle connection for ("http", 192.168.0.14:8545)
[2m2025-12-10T10:08:36.469475Z[0m [34mDEBUG[0m [2mhyper::proto::h1::io[0m[2m:[0m flushed 250 bytes
[2m2025-12-10T10:08:36.469501Z[0m [34mDEBUG[0m [2methereum_transaction_pool_monitor::eth_client[0m[2m:[0m 📨 Received WebSocket message: {"jsonrpc":"2.0","method":"eth_subscription","params":{"subscription":"0xbed0a0851463e895960a451075a301a9","result":"0xf417b686fa5eef37952c92f2cb17fa709e81cd1b17f8289920ee3a1c6df5b0b3"}}
[2m2025-12-10T10:08:36.469513Z[0m [34mDEBUG[0m [2methereum_transaction_pool_monitor::eth_client[0m[2m:[0m 📨 Received pending transaction: 0xf417b686fa5eef37952c92f2cb17fa709e81cd1b17f8289920ee3a1c6df5b0b3
[2m2025-12-10T10:08:36.469530Z[0m [34mDEBUG[0m [2mhyper::proto::h1::io[0m[2m:[0m parsed 4 headers
[2m2025-12-10T10:08:36.469545Z[0m [34mDEBUG[0m [2mhyper::proto::h1::conn[0m[2m:[0m incoming body is content-length (45 bytes)
[2m2025-12-10T10:08:36.469554Z[0m [34mDEBUG[0m [2mhyper::proto::h1::conn[0m[2m:[0m incoming body completed
[2m2025-12-10T10:08:36.469568Z[0m [34mDEBUG[0m [2mhyper::client::pool[0m[2m:[0m pooling idle connection for ("http", 192.168.0.14:8545)
[2m2025-12-10T10:08:36.483374Z[0m [34mDEBUG[0m [2mhyper::proto::h1::io[0m[2m:[0m parsed 4 headers
[2m2025-12-10T10:08:36.483390Z[0m [34mDEBUG[0m [2mhyper::proto::h1::conn[0m[2m:[0m incoming body is content-length (1731 bytes)
[2m2025-12-10T10:08:36.483401Z[0m [34mDEBUG[0m [2mhyper::proto::h1::conn[0m[2m:[0m incoming body completed
[2m2025-12-10T10:08:36.483413Z[0m [34mDEBUG[0m [2mhyper::client::pool[0m[2m:[0m pooling idle connection for ("http", 192.168.0.14:8545)
[2m2025-12-10T10:08:36.483423Z[0m [34mDEBUG[0m [2methereum_transaction_pool_monitor::eth_client[0m[2m:[0m 📡 Transaction fetch RPC completed in 14.014584ms
[2m2025-12-10T10:08:36.557982Z[0m [34mDEBUG[0m [2methereum_transaction_pool_monitor::eth_client[0m[2m:[0m ✅ Transaction 0x2037256eeeea951e25bb4c5a50ee00c456ccecba28cd2b40a2e546dab7624d92 fetched and parsed in 88.570834ms
[2m2025-12-10T10:08:36.558012Z[0m [34mDEBUG[0m [2methereum_transaction_pool_monitor::mempool_monitor[0m[2m:[0m 🔍 Skipping tx 0x2037256eeeea951e25bb4c5a50ee00c456ccecba28cd2b40a2e546dab7624d92 - not a DEX interaction (target: 0x601a2aD6CB5949f0529735254189Ba3194221EDF)
[2m2025-12-10T10:08:36.558023Z[0m [34mDEBUG[0m [2methereum_transaction_pool_monitor::mempool_monitor[0m[2m:[0m 📨 Processing new pending transaction: 0x688b23754e80de3a6623bf9a5eb7cbfb4dfb8d075271885d47102222e46b0ab3
[2m2025-12-10T10:08:36.558030Z[0m [34mDEBUG[0m [2methereum_transaction_pool_monitor::mempool_monitor[0m[2m:[0m 🔍 Fetching transaction details for: 0x688b23754e80de3a6623bf9a5eb7cbfb4dfb8d075271885d47102222e46b0ab3
[2m2025-12-10T10:08:36.558036Z[0m [34mDEBUG[0m [2methereum_transaction_pool_monitor::eth_client[0m[2m:[0m 🔍 Fetching transaction details for hash: 0x688b23754e80de3a6623bf9a5eb7cbfb4dfb8d075271885d47102222e46b0ab3
[2m2025-12-10T10:08:36.558059Z[0m [34mDEBUG[0m [2mhyper::client::pool[0m[2m:[0m reuse idle connection for ("http", 192.168.0.14:8545)
[2m2025-12-10T10:08:36.558120Z[0m [34mDEBUG[0m [2mhyper::proto::h1::io[0m[2m:[0m flushed 250 bytes
[2m2025-12-10T10:08:36.558151Z[0m [34mDEBUG[0m [2mhyper::client::pool[0m[2m:[0m reuse idle connection for ("http", 192.168.0.14:8545)
[2m2025-12-10T10:08:36.558167Z[0m [34mDEBUG[0m [2mhyper::proto::h1::io[0m[2m:[0m flushed 172 bytes
[2m2025-12-10T10:08:36.565836Z[0m [34mDEBUG[0m [2mhyper::proto::h1::io[0m[2m:[0m parsed 4 headers
[2m2025-12-10T10:08:36.565849Z[0m [34mDEBUG[0m [2mhyper::proto::h1::conn[0m[2m:[0m incoming body is content-length (4743 bytes)
[2m2025-12-10T10:08:36.565858Z[0m [34mDEBUG[0m [2mhyper::proto::h1::conn[0m[2m:[0m incoming body completed
[2m2025-12-10T10:08:36.565870Z[0m [34mDEBUG[0m [2mhyper::client::pool[0m[2m:[0m pooling idle connection for ("http", 192.168.0.14:8545)
[2m2025-12-10T10:08:36.565879Z[0m [34mDEBUG[0m [2methereum_transaction_pool_monitor::eth_client[0m[2m:[0m 📡 Transaction fetch RPC completed in 7.837833ms
[2m2025-12-10T10:08:36.635789Z[0m [34mDEBUG[0m [2methereum_transaction_pool_monitor::eth_client[0m[2m:[0m ✅ Transaction 0x688b23754e80de3a6623bf9a5eb7cbfb4dfb8d075271885d47102222e46b0ab3 fetched and parsed in 77.745ms
[2m2025-12-10T10:08:36.635819Z[0m [34mDEBUG[0m [2methereum_transaction_pool_monitor::mempool_monitor[0m[2m:[0m 🔍 Skipping tx 0x688b23754e80de3a6623bf9a5eb7cbfb4dfb8d075271885d47102222e46b0ab3 - not a DEX interaction (target: 0xC497058d572D188bFcE1B9813E7D346C54A20812)
[2m2025-12-10T10:08:36.635833Z[0m [34mDEBUG[0m [2methereum_transaction_pool_monitor::mempool_monitor[0m[2m:[0m 📨 Processing new pending transaction: 0x611a9b54e726af5eb3a2201dfe2bdaaac937c351a2d2df508d7f34a6d2c17739
[2m2025-12-10T10:08:36.635840Z[0m [34mDEBUG[0m [2methereum_transaction_pool_monitor::mempool_monitor[0m[2m:[0m 🔍 Fetching transaction details for: 0x611a9b54e726af5eb3a2201dfe2bdaaac937c351a2d2df508d7f34a6d2c17739
[2m2025-12-10T10:08:36.635845Z[0m [34mDEBUG[0m [2methereum_transaction_pool_monitor::eth_client[0m[2m:[0m 🔍 Fetching transaction details for hash: 0x611a9b54e726af5eb3a2201dfe2bdaaac937c351a2d2df508d7f34a6d2c17739
[2m2025-12-10T10:08:36.635868Z[0m [34mDEBUG[0m [2mhyper::client::pool[0m[2m:[0m reuse idle connection for ("http", 192.168.0.14:8545)
[2m2025-12-10T10:08:36.635917Z[0m [34mDEBUG[0m [2mhyper::proto::h1::io[0m[2m:[0m flushed 250 bytes
[2m2025-12-10T10:08:36.635943Z[0m [34mDEBUG[0m [2mhyper::proto::h1::io[0m[2m:[0m parsed 4 headers
[2m2025-12-10T10:08:36.635944Z[0m [34mDEBUG[0m [2methereum_transaction_pool_monitor::eth_client[0m[2m:[0m 📨 Received WebSocket message: {"jsonrpc":"2.0","method":"eth_subscription","params":{"subscription":"0xbed0a0851463e895960a451075a301a9","result":"0x000fbb3c0e352d5479b13a10fae87d101d0eb2738b9c9554b17898045245b4eb"}}
[2m2025-12-10T10:08:36.635952Z[0m [34mDEBUG[0m [2mhyper::proto::h1::conn[0m[2m:[0m incoming body is content-length (45 bytes)
[2m2025-12-10T10:08:36.635960Z[0m [34mDEBUG[0m [2methereum_transaction_pool_monitor::eth_client[0m[2m:[0m 📨 Received pending transaction: 0x000fbb3c0e352d5479b13a10fae87d101d0eb2738b9c9554b17898045245b4eb
[2m2025-12-10T10:08:36.635964Z[0m [34mDEBUG[0m [2mhyper::proto::h1::conn[0m[2m:[0m incoming body completed
[2m2025-12-10T10:08:36.635975Z[0m [34mDEBUG[0m [2mhyper::client::pool[0m[2m:[0m pooling idle connection for ("http", 192.168.0.14:8545)
[2m2025-12-10T10:08:36.635994Z[0m [34mDEBUG[0m [2mhyper::client::pool[0m[2m:[0m reuse idle connection for ("http", 192.168.0.14:8545)
[2m2025-12-10T10:08:36.636010Z[0m [34mDEBUG[0m [2mhyper::proto::h1::io[0m[2m:[0m flushed 172 bytes
[2m2025-12-10T10:08:36.644153Z[0m [34mDEBUG[0m [2mhyper::proto::h1::io[0m[2m:[0m parsed 4 headers
[2m2025-12-10T10:08:36.646695Z[0m [34mDEBUG[0m [2mhyper::proto::h1::conn[0m[2m:[0m incoming body is content-length (639 bytes)
[2m2025-12-10T10:08:36.646709Z[0m [34mDEBUG[0m [2mhyper::proto::h1::conn[0m[2m:[0m incoming body completed
[2m2025-12-10T10:08:36.646727Z[0m [34mDEBUG[0m [2mhyper::client::pool[0m[2m:[0m pooling idle connection for ("http", 192.168.0.14:8545)
[2m2025-12-10T10:08:36.646743Z[0m [34mDEBUG[0m [2methereum_transaction_pool_monitor::eth_client[0m[2m:[0m 📡 Transaction fetch RPC completed in 10.893792ms
[2m2025-12-10T10:08:36.719188Z[0m [34mDEBUG[0m [2methereum_transaction_pool_monitor::eth_client[0m[2m:[0m ✅ Transaction 0x611a9b54e726af5eb3a2201dfe2bdaaac937c351a2d2df508d7f34a6d2c17739 fetched and parsed in 83.335875ms
[2m2025-12-10T10:08:36.719253Z[0m [34mDEBUG[0m [2methereum_transaction_pool_monitor::mempool_monitor[0m[2m:[0m 🔍 Skipping tx 0x611a9b54e726af5eb3a2201dfe2bdaaac937c351a2d2df508d7f34a6d2c17739 - not a DEX interaction (target: 0xB70F98e53BEE56A2E18A15bcd826579f495076F0)
[2m2025-12-10T10:08:36.719291Z[0m [34mDEBUG[0m [2methereum_transaction_pool_monitor::mempool_monitor[0m[2m:[0m 📨 Processing new pending transaction: 0xb6d209e26a97ddc6cc0c896149825a14ac2f6dc211b9c82d19686529d7cd7089
[2m2025-12-10T10:08:36.719299Z[0m [34mDEBUG[0m [2methereum_transaction_pool_monitor::mempool_monitor[0m[2m:[0m 🔍 Fetching transaction details for: 0xb6d209e26a97ddc6cc0c896149825a14ac2f6dc211b9c82d19686529d7cd7089
[2m2025-12-10T10:08:36.719303Z[0m [34mDEBUG[0m [2methereum_transaction_pool_monitor::eth_client[0m[2m:[0m 🔍 Fetching transaction details for hash: 0xb6d209e26a97ddc6cc0c896149825a14ac2f6dc211b9c82d19686529d7cd7089
[2m2025-12-10T10:08:36.719326Z[0m [34mDEBUG[0m [2mhyper::client::pool[0m[2m:[0m reuse idle connection for ("http", 192.168.0.14:8545)
[2m2025-12-10T10:08:36.719376Z[0m [34mDEBUG[0m [2mhyper::proto::h1::io[0m[2m:[0m flushed 250 bytes
[2m2025-12-10T10:08:36.719397Z[0m [34mDEBUG[0m [2mhyper::proto::h1::io[0m[2m:[0m parsed 4 headers
[2m2025-12-10T10:08:36.719404Z[0m [34mDEBUG[0m [2mhyper::proto::h1::conn[0m[2m:[0m incoming body is content-length (45 bytes)
[2m2025-12-10T10:08:36.719413Z[0m [34mDEBUG[0m [2mhyper::proto::h1::conn[0m[2m:[0m incoming body completed
[2m2025-12-10T10:08:36.719425Z[0m [34mDEBUG[0m [2mhyper::client::pool[0m[2m:[0m pooling idle connection for ("http", 192.168.0.14:8545)
[2m2025-12-10T10:08:36.719445Z[0m [34mDEBUG[0m [2mhyper::client::pool[0m[2m:[0m reuse idle connection for ("http", 192.168.0.14:8545)
[2m2025-12-10T10:08:36.719463Z[0m [34mDEBUG[0m [2mhyper::proto::h1::io[0m[2m:[0m flushed 172 bytes
[2m2025-12-10T10:08:36.725017Z[0m [34mDEBUG[0m [2mhyper::proto::h1::io[0m[2m:[0m parsed 4 headers
[2m2025-12-10T10:08:36.725028Z[0m [34mDEBUG[0m [2mhyper::proto::h1::conn[0m[2m:[0m incoming body is content-length (678 bytes)
[2m2025-12-10T10:08:36.725036Z[0m [34mDEBUG[0m [2mhyper::proto::h1::conn[0m[2m:[0m incoming body completed
[2m2025-12-10T10:08:36.725047Z[0m [34mDEBUG[0m [2mhyper::client::pool[0m[2m:[0m pooling idle connection for ("http", 192.168.0.14:8545)
[2m2025-12-10T10:08:36.725055Z[0m [34mDEBUG[0m [2methereum_transaction_pool_monitor::eth_client[0m[2m:[0m 📡 Transaction fetch RPC completed in 5.747208ms
[2m2025-12-10T10:08:36.725071Z[0m [34mDEBUG[0m [2methereum_transaction_pool_monitor::eth_client[0m[2m:[0m DeFi transaction detected - Address: 0xdac17f958d2ee523a2206206994597c13d831ec7, Type: Stablecoin, Value: 0 ETH, Gas: 0.31 Gwei
[2m2025-12-10T10:08:36.725088Z[0m [34mDEBUG[0m [2methereum_transaction_pool_monitor::eth_client[0m[2m:[0m ✅ Transaction 0xb6d209e26a97ddc6cc0c896149825a14ac2f6dc211b9c82d19686529d7cd7089 fetched and parsed in 5.780583ms
[2m2025-12-10T10:08:36.725095Z[0m [34mDEBUG[0m [2methereum_transaction_pool_monitor::mempool_monitor[0m[2m:[0m 🔍 Skipping tx 0xb6d209e26a97ddc6cc0c896149825a14ac2f6dc211b9c82d19686529d7cd7089 - not a DEX interaction (target: 0xdAC17F958D2ee523a2206206994597C13D831ec7)
[2m2025-12-10T10:08:36.725106Z[0m [34mDEBUG[0m [2methereum_transaction_pool_monitor::mempool_monitor[0m[2m:[0m 📨 Processing new pending transaction: 0x3a92e91726c119432fa89a0789fe3ee34af9a188cd374f1accdb7fb2075734a8
[2m2025-12-10T10:08:36.725113Z[0m [34mDEBUG[0m [2methereum_transaction_pool_monitor::mempool_monitor[0m[2m:[0m 🔍 Fetching transaction details for: 0x3a92e91726c119432fa89a0789fe3ee34af9a188cd374f1accdb7fb2075734a8
[2m2025-12-10T10:08:36.725118Z[0m [34mDEBUG[0m [2methereum_transaction_pool_monitor::eth_client[0m[2m:[0m 🔍 Fetching transaction details for hash: 0x3a92e91726c119432fa89a0789fe3ee34af9a188cd374f1accdb7fb2075734a8
[2m2025-12-10T10:08:36.725133Z[0m [34mDEBUG[0m [2mhyper::client::pool[0m[2m:[0m reuse idle connection for ("http", 192.168.0.14:8545)
[2m2025-12-10T10:08:36.725161Z[0m [34mDEBUG[0m [2mhyper::proto::h1::io[0m[2m:[0m flushed 250 bytes
[2m2025-12-10T10:08:36.725173Z[0m [34mDEBUG[0m [2mhyper::proto::h1::io[0m[2m:[0m parsed 4 headers
[2m2025-12-10T10:08:36.725177Z[0m [34mDEBUG[0m [2mhyper::proto::h1::conn[0m[2m:[0m incoming body is content-length (45 bytes)
[2m2025-12-10T10:08:36.725181Z[0m [34mDEBUG[0m [2mhyper::proto::h1::conn[0m[2m:[0m incoming body completed
[2m2025-12-10T10:08:36.725186Z[0m [34mDEBUG[0m [2mhyper::client::pool[0m[2m:[0m pooling idle connection for ("http", 192.168.0.14:8545)
[2m2025-12-10T10:08:36.731138Z[0m [34mDEBUG[0m [2mhyper::proto::h1::io[0m[2m:[0m parsed 4 headers
[2m2025-12-10T10:08:36.731157Z[0m [34mDEBUG[0m [2mhyper::proto::h1::conn[0m[2m:[0m incoming body is content-length (771 bytes)
[2m2025-12-10T10:08:36.731166Z[0m [34mDEBUG[0m [2mhyper::proto::h1::conn[0m[2m:[0m incoming body completed
[2m2025-12-10T10:08:36.731175Z[0m [34mDEBUG[0m [2mhyper::client::pool[0m[2m:[0m pooling idle connection for ("http", 192.168.0.14:8545)
[2m2025-12-10T10:08:36.731183Z[0m [34mDEBUG[0m [2methereum_transaction_pool_monitor::eth_client[0m[2m:[0m 📡 Transaction fetch RPC completed in 6.059291ms
[2m2025-12-10T10:08:36.802700Z[0m [34mDEBUG[0m [2methereum_transaction_pool_monitor::eth_client[0m[2m:[0m ✅ Transaction 0x3a92e91726c119432fa89a0789fe3ee34af9a188cd374f1accdb7fb2075734a8 fetched and parsed in 77.574125ms
[2m2025-12-10T10:08:36.802730Z[0m [34mDEBUG[0m [2methereum_transaction_pool_monitor::mempool_monitor[0m[2m:[0m 🔍 Skipping tx 0x3a92e91726c119432fa89a0789fe3ee34af9a188cd374f1accdb7fb2075734a8 - not a DEX interaction (target: 0xB8f28C60dD8240141185a192fa4156A23E189305)
[2m2025-12-10T10:08:36.802741Z[0m [34mDEBUG[0m [2methereum_transaction_pool_monitor::mempool_monitor[0m[2m:[0m 📨 Processing new pending transaction: 0x251e7338626c102d1a9f8a81a9cd3755dfc2ec09ca73d8f5a405610613f7a4f0
[2m2025-12-10T10:08:36.802748Z[0m [34mDEBUG[0m [2methereum_transaction_pool_monitor::mempool_monitor[0m[2m:[0m 🔍 Fetching transaction details for: 0x251e7338626c102d1a9f8a81a9cd3755dfc2ec09ca73d8f5a405610613f7a4f0
[2m2025-12-10T10:08:36.802753Z[0m [34mDEBUG[0m [2methereum_transaction_pool_monitor::eth_client[0m[2m:[0m 🔍 Fetching transaction details for hash: 0x251e7338626c102d1a9f8a81a9cd3755dfc2ec09ca73d8f5a405610613f7a4f0
[2m2025-12-10T10:08:36.802777Z[0m [34mDEBUG[0m [2mhyper::client::pool[0m[2m:[0m reuse idle connection for ("http", 192.168.0.14:8545)
[2m2025-12-10T10:08:36.802828Z[0m [34mDEBUG[0m [2mhyper::proto::h1::io[0m[2m:[0m flushed 250 bytes
[2m2025-12-10T10:08:36.802851Z[0m [34mDEBUG[0m [2mhyper::client::pool[0m[2m:[0m reuse idle connection for ("http", 192.168.0.14:8545)
[2m2025-12-10T10:08:36.802875Z[0m [34mDEBUG[0m [2mhyper::proto::h1::io[0m[2m:[0m flushed 172 bytes
[2m2025-12-10T10:08:36.802937Z[0m [34mDEBUG[0m [2methereum_transaction_pool_monitor::eth_client[0m[2m:[0m 📨 Received WebSocket message: {"jsonrpc":"2.0","method":"eth_subscription","params":{"subscription":"0xbed0a0851463e895960a451075a301a9","result":"0xc4ed9a4ef03324017a513f8e2b0fc8f2edc957583f2bb3c7730a318f4a10dda0"}}
[2m2025-12-10T10:08:36.802949Z[0m [34mDEBUG[0m [2methereum_transaction_pool_monitor::eth_client[0m[2m:[0m 📨 Received pending transaction: 0xc4ed9a4ef03324017a513f8e2b0fc8f2edc957583f2bb3c7730a318f4a10dda0
[2m2025-12-10T10:08:36.809999Z[0m [34mDEBUG[0m [2mhyper::proto::h1::io[0m[2m:[0m parsed 4 headers
[2m2025-12-10T10:08:36.810009Z[0m [34mDEBUG[0m [2mhyper::proto::h1::conn[0m[2m:[0m incoming body is content-length (45 bytes)
[2m2025-12-10T10:08:36.810017Z[0m [34mDEBUG[0m [2mhyper::proto::h1::conn[0m[2m:[0m incoming body completed
[2m2025-12-10T10:08:36.810028Z[0m [34mDEBUG[0m [2mhyper::client::pool[0m[2m:[0m pooling idle connection for ("http", 192.168.0.14:8545)
[2m2025-12-10T10:08:36.818209Z[0m [34mDEBUG[0m [2mhyper::proto::h1::io[0m[2m:[0m parsed 4 headers
[2m2025-12-10T10:08:36.818225Z[0m [34mDEBUG[0m [2mhyper::proto::h1::conn[0m[2m:[0m incoming body is content-length (773 bytes)
[2m2025-12-10T10:08:36.818232Z[0m [34mDEBUG[0m [2mhyper::proto::h1::conn[0m[2m:[0m incoming body completed
[2m2025-12-10T10:08:36.818242Z[0m [34mDEBUG[0m [2mhyper::client::pool[0m[2m:[0m pooling idle connection for ("http", 192.168.0.14:8545)
[2m2025-12-10T10:08:36.818249Z[0m [34mDEBUG[0m [2methereum_transaction_pool_monitor::eth_client[0m[2m:[0m 📡 Transaction fetch RPC completed in 15.491083ms
[2m2025-12-10T10:08:36.818264Z[0m [34mDEBUG[0m [2methereum_transaction_pool_monitor::eth_client[0m[2m:[0m DeFi transaction detected - Address: 0xdac17f958d2ee523a2206206994597c13d831ec7, Type: Stablecoin, Value: 0 ETH, Gas: 1.86 Gwei
[2m2025-12-10T10:08:36.818278Z[0m [34mDEBUG[0m [2methereum_transaction_pool_monitor::eth_client[0m[2m:[0m ✅ Transaction 0x251e7338626c102d1a9f8a81a9cd3755dfc2ec09ca73d8f5a405610613f7a4f0 fetched and parsed in 15.519833ms
[2m2025-12-10T10:08:36.818284Z[0m [34mDEBUG[0m [2methereum_transaction_pool_monitor::mempool_monitor[0m[2m:[0m 🔍 Skipping tx 0x251e7338626c102d1a9f8a81a9cd3755dfc2ec09ca73d8f5a405610613f7a4f0 - not a DEX interaction (target: 0xdAC17F958D2ee523a2206206994597C13D831ec7)
[2m2025-12-10T10:08:36.818292Z[0m [34mDEBUG[0m [2methereum_transaction_pool_monitor::mempool_monitor[0m[2m:[0m 📨 Processing new pending transaction: 0xc8d814fd335d16f9351d6b6b55bffda7a8978d0aec40c517e78d1c7b74699220
[2m2025-12-10T10:08:36.818296Z[0m [34mDEBUG[0m [2methereum_transaction_pool_monitor::mempool_monitor[0m[2m:[0m 🔍 Fetching transaction details for: 0xc8d814fd335d16f9351d6b6b55bffda7a8978d0aec40c517e78d1c7b74699220
[2m2025-12-10T10:08:36.818299Z[0m [34mDEBUG[0m [2methereum_transaction_pool_monitor::eth_client[0m[2m:[0m 🔍 Fetching transaction details for hash: 0xc8d814fd335d16f9351d6b6b55bffda7a8978d0aec40c517e78d1c7b74699220
[2m2025-12-10T10:08:36.818315Z[0m [34mDEBUG[0m [2mhyper::client::pool[0m[2m:[0m reuse idle connection for ("http", 192.168.0.14:8545)
[2m2025-12-10T10:08:36.818348Z[0m [34mDEBUG[0m [2mhyper::proto::h1::io[0m[2m:[0m flushed 250 bytes
[2m2025-12-10T10:08:36.825058Z[0m [34mDEBUG[0m [2mhyper::proto::h1::io[0m[2m:[0m parsed 4 headers
[2m2025-12-10T10:08:36.825072Z[0m [34mDEBUG[0m [2mhyper::proto::h1::conn[0m[2m:[0m incoming body is content-length (832 bytes)
[2m2025-12-10T10:08:36.825079Z[0m [34mDEBUG[0m [2mhyper::proto::h1::conn[0m[2m:[0m incoming body completed
[2m2025-12-10T10:08:36.825087Z[0m [34mDEBUG[0m [2mhyper::client::pool[0m[2m:[0m pooling idle connection for ("http", 192.168.0.14:8545)
[2m2025-12-10T10:08:36.825094Z[0m [34mDEBUG[0m [2methereum_transaction_pool_monitor::eth_client[0m[2m:[0m 📡 Transaction fetch RPC completed in 6.790667ms
[2m2025-12-10T10:08:36.894945Z[0m [34mDEBUG[0m [2methereum_transaction_pool_monitor::eth_client[0m[2m:[0m ✅ Transaction 0xc8d814fd335d16f9351d6b6b55bffda7a8978d0aec40c517e78d1c7b74699220 fetched and parsed in 76.639625ms
[2m2025-12-10T10:08:36.894968Z[0m [34mDEBUG[0m [2methereum_transaction_pool_monitor::mempool_monitor[0m[2m:[0m 🔍 Skipping tx 0xc8d814fd335d16f9351d6b6b55bffda7a8978d0aec40c517e78d1c7b74699220 - not a DEX interaction (target: 0x3B4D794a66304F130a4Db8F2551B0070dfCf5ca7)
[2m2025-12-10T10:08:36.894978Z[0m [34mDEBUG[0m [2methereum_transaction_pool_monitor::mempool_monitor[0m[2m:[0m 📨 Processing new pending transaction: 0x13c202960e8fc9f6b7856a5d442a4b2097261d37d142dd672c6af8f809432215
[2m2025-12-10T10:08:36.894983Z[0m [34mDEBUG[0m [2methereum_transaction_pool_monitor::mempool_monitor[0m[2m:[0m 🔍 Fetching transaction details for: 0x13c202960e8fc9f6b7856a5d442a4b2097261d37d142dd672c6af8f809432215
[2m2025-12-10T10:08:36.894987Z[0m [34mDEBUG[0m [2methereum_transaction_pool_monitor::eth_client[0m[2m:[0m 🔍 Fetching transaction details for hash: 0x13c202960e8fc9f6b7856a5d442a4b2097261d37d142dd672c6af8f809432215
[2m2025-12-10T10:08:36.895008Z[0m [34mDEBUG[0m [2mhyper::client::pool[0m[2m:[0m reuse idle connection for ("http", 192.168.0.14:8545)
[2m2025-12-10T10:08:36.895060Z[0m [34mDEBUG[0m [2mhyper::proto::h1::io[0m[2m:[0m flushed 250 bytes
[2m2025-12-10T10:08:36.895080Z[0m [34mDEBUG[0m [2methereum_transaction_pool_monitor::eth_client[0m[2m:[0m 📨 Received WebSocket message: {"jsonrpc":"2.0","method":"eth_subscription","params":{"subscription":"0xbed0a0851463e895960a451075a301a9","result":"0x8098d18726d978c198998e651d811555ac8290c64e56b41c8bd427fac9d27eb8"}}
[2m2025-12-10T10:08:36.895088Z[0m [34mDEBUG[0m [2methereum_transaction_pool_monitor::eth_client[0m[2m:[0m 📨 Received pending transaction: 0x8098d18726d978c198998e651d811555ac8290c64e56b41c8bd427fac9d27eb8
[2m2025-12-10T10:08:36.896123Z[0m [34mDEBUG[0m [2mhyper::client::pool[0m[2m:[0m reuse idle connection for ("http", 192.168.0.14:8545)
[2m2025-12-10T10:08:36.896157Z[0m [34mDEBUG[0m [2mhyper::proto::h1::io[0m[2m:[0m flushed 172 bytes
[2m2025-12-10T10:08:36.896186Z[0m [34mDEBUG[0m [2methereum_transaction_pool_monitor::eth_client[0m[2m:[0m 📨 Received WebSocket message: {"jsonrpc":"2.0","method":"eth_subscription","params":{"subscription":"0xbed0a0851463e895960a451075a301a9","result":"0x811f01ad3d7ca2d763db12a6a094a6835e380030408a62b26e0eddae5e5cda6d"}}
[2m2025-12-10T10:08:36.896193Z[0m [34mDEBUG[0m [2methereum_transaction_pool_monitor::eth_client[0m[2m:[0m 📨 Received pending transaction: 0x811f01ad3d7ca2d763db12a6a094a6835e380030408a62b26e0eddae5e5cda6d
[2m2025-12-10T10:08:36.899163Z[0m [34mDEBUG[0m [2mhyper::proto::h1::io[0m[2m:[0m parsed 4 headers
[2m2025-12-10T10:08:36.899176Z[0m [34mDEBUG[0m [2mhyper::proto::h1::conn[0m[2m:[0m incoming body is content-length (904 bytes)
[2m2025-12-10T10:08:36.899184Z[0m [34mDEBUG[0m [2mhyper::proto::h1::conn[0m[2m:[0m incoming body completed
[2m2025-12-10T10:08:36.899194Z[0m [34mDEBUG[0m [2mhyper::client::pool[0m[2m:[0m pooling idle connection for ("http", 192.168.0.14:8545)
[2m2025-12-10T10:08:36.899201Z[0m [34mDEBUG[0m [2methereum_transaction_pool_monitor::eth_client[0m[2m:[0m 📡 Transaction fetch RPC completed in 4.208833ms
[2m2025-12-10T10:08:36.968610Z[0m [34mDEBUG[0m [2methereum_transaction_pool_monitor::eth_client[0m[2m:[0m ✅ Transaction 0x13c202960e8fc9f6b7856a5d442a4b2097261d37d142dd672c6af8f809432215 fetched and parsed in 73.614916ms
[2m2025-12-10T10:08:36.968636Z[0m [34mDEBUG[0m [2methereum_transaction_pool_monitor::mempool_monitor[0m[2m:[0m 🔍 Skipping tx 0x13c202960e8fc9f6b7856a5d442a4b2097261d37d142dd672c6af8f809432215 - not a DEX interaction (target: 0xFf00000000000000000000000000000000008453)
[2m2025-12-10T10:08:36.968647Z[0m [34mDEBUG[0m [2methereum_transaction_pool_monitor::mempool_monitor[0m[2m:[0m 📨 Processing new pending transaction: 0x9ef6e8604b42691895bc5bc626f9d6e622b9095f2bc4db636ba2214477d720d5
[2m2025-12-10T10:08:36.968651Z[0m [34mDEBUG[0m [2methereum_transaction_pool_monitor::mempool_monitor[0m[2m:[0m 🔍 Fetching transaction details for: 0x9ef6e8604b42691895bc5bc626f9d6e622b9095f2bc4db636ba2214477d720d5
[2m2025-12-10T10:08:36.968656Z[0m [34mDEBUG[0m [2methereum_transaction_pool_monitor::eth_client[0m[2m:[0m 🔍 Fetching transaction details for hash: 0x9ef6e8604b42691895bc5bc626f9d6e622b9095f2bc4db636ba2214477d720d5
[2m2025-12-10T10:08:36.968675Z[0m [34mDEBUG[0m [2mhyper::client::pool[0m[2m:[0m reuse idle connection for ("http", 192.168.0.14:8545)
[2m2025-12-10T10:08:36.968733Z[0m [34mDEBUG[0m [2mhyper::proto::h1::io[0m[2m:[0m flushed 250 bytes
[2m2025-12-10T10:08:36.968761Z[0m [34mDEBUG[0m [2methereum_transaction_pool_monitor::eth_client[0m[2m:[0m 📨 Received WebSocket message: {"jsonrpc":"2.0","method":"eth_subscription","params":{"subscription":"0xbed0a0851463e895960a451075a301a9","result":"0xf32181ce893f354ff1973be825a35df3e270d56d10ce9463e281ffff70cb256c"}}
[2m2025-12-10T10:08:36.968764Z[0m [34mDEBUG[0m [2mhyper::proto::h1::io[0m[2m:[0m parsed 4 headers
[2m2025-12-10T10:08:36.968769Z[0m [34mDEBUG[0m [2methereum_transaction_pool_monitor::eth_client[0m[2m:[0m 📨 Received pending transaction: 0xf32181ce893f354ff1973be825a35df3e270d56d10ce9463e281ffff70cb256c
[2m2025-12-10T10:08:36.968774Z[0m [34mDEBUG[0m [2mhyper::proto::h1::conn[0m[2m:[0m incoming body is content-length (45 bytes)
[2m2025-12-10T10:08:36.968779Z[0m [34mDEBUG[0m [2methereum_transaction_pool_monitor::eth_client[0m[2m:[0m 📨 Received WebSocket message: {"jsonrpc":"2.0","method":"eth_subscription","params":{"subscription":"0xbed0a0851463e895960a451075a301a9","result":"0x0b2dd4a09ab811f2f1c62d9b3106a8928a4a6fb215be6ef530580313ac3eacf8"}}
[2m2025-12-10T10:08:36.968785Z[0m [34mDEBUG[0m [2mhyper::proto::h1::conn[0m[2m:[0m incoming body completed
[2m2025-12-10T10:08:36.968787Z[0m [34mDEBUG[0m [2methereum_transaction_pool_monitor::eth_client[0m[2m:[0m 📨 Received pending transaction: 0x0b2dd4a09ab811f2f1c62d9b3106a8928a4a6fb215be6ef530580313ac3eacf8
[2m2025-12-10T10:08:36.968798Z[0m [34mDEBUG[0m [2mhyper::client::pool[0m[2m:[0m pooling idle connection for ("http", 192.168.0.14:8545)
[2m2025-12-10T10:08:36.978352Z[0m [34mDEBUG[0m [2mhyper::proto::h1::io[0m[2m:[0m parsed 4 headers
[2m2025-12-10T10:08:36.978369Z[0m [34mDEBUG[0m [2mhyper::proto::h1::conn[0m[2m:[0m incoming body is content-length (4815 bytes)
[2m2025-12-10T10:08:36.978378Z[0m [34mDEBUG[0m [2mhyper::proto::h1::conn[0m[2m:[0m incoming body completed
[2m2025-12-10T10:08:36.978391Z[0m [34mDEBUG[0m [2mhyper::client::pool[0m[2m:[0m pooling idle connection for ("http", 192.168.0.14:8545)
[2m2025-12-10T10:08:36.978399Z[0m [34mDEBUG[0m [2methereum_transaction_pool_monitor::eth_client[0m[2m:[0m 📡 Transaction fetch RPC completed in 9.739083ms
[2m2025-12-10T10:08:37.046670Z[0m [34mDEBUG[0m [2methereum_transaction_pool_monitor::eth_client[0m[2m:[0m ✅ Transaction 0x9ef6e8604b42691895bc5bc626f9d6e622b9095f2bc4db636ba2214477d720d5 fetched and parsed in 78.006916ms
[2m2025-12-10T10:08:37.046690Z[0m [34mDEBUG[0m [2methereum_transaction_pool_monitor::mempool_monitor[0m[2m:[0m 🔍 Skipping tx 0x9ef6e8604b42691895bc5bc626f9d6e622b9095f2bc4db636ba2214477d720d5 - not a DEX interaction (target: 0xC497058d572D188bFcE1B9813E7D346C54A20812)
[2m2025-12-10T10:08:37.046699Z[0m [34mDEBUG[0m [2methereum_transaction_pool_monitor::mempool_monitor[0m[2m:[0m 📨 Processing new pending transaction: 0xf94c69e00b81fb29f289af4e847d4a2729bcc7b6529361f263fca28a4aa2ea42
[2m2025-12-10T10:08:37.046704Z[0m [34mDEBUG[0m [2methereum_transaction_pool_monitor::mempool_monitor[0m[2m:[0m 🔍 Fetching transaction details for: 0xf94c69e00b81fb29f289af4e847d4a2729bcc7b6529361f263fca28a4aa2ea42
[2m2025-12-10T10:08:37.046708Z[0m [34mDEBUG[0m [2methereum_transaction_pool_monitor::eth_client[0m[2m:[0m 🔍 Fetching transaction details for hash: 0xf94c69e00b81fb29f289af4e847d4a2729bcc7b6529361f263fca28a4aa2ea42
[2m2025-12-10T10:08:37.046727Z[0m [34mDEBUG[0m [2mhyper::client::pool[0m[2m:[0m reuse idle connection for ("http", 192.168.0.14:8545)
[2m2025-12-10T10:08:37.046763Z[0m [34mDEBUG[0m [2mhyper::proto::h1::io[0m[2m:[0m flushed 250 bytes
[2m2025-12-10T10:08:37.046784Z[0m [34mDEBUG[0m [2mhyper::client::pool[0m[2m:[0m reuse idle connection for ("http", 192.168.0.14:8545)
[2m2025-12-10T10:08:37.046798Z[0m [34mDEBUG[0m [2methereum_transaction_pool_monitor::eth_client[0m[2m:[0m 📨 Received WebSocket message: {"jsonrpc":"2.0","method":"eth_subscription","params":{"subscription":"0xbed0a0851463e895960a451075a301a9","result":"0x6bd0348611c48694a2af034ec4bbea763b0ebf91fbfa26f8ebc5375179901799"}}
[2m2025-12-10T10:08:37.046802Z[0m [34mDEBUG[0m [2mhyper::proto::h1::io[0m[2m:[0m flushed 172 bytes
[2m2025-12-10T10:08:37.046812Z[0m [34mDEBUG[0m [2methereum_transaction_pool_monitor::eth_client[0m[2m:[0m 📨 Received pending transaction: 0x6bd0348611c48694a2af034ec4bbea763b0ebf91fbfa26f8ebc5375179901799
[2m2025-12-10T10:08:37.046820Z[0m [34mDEBUG[0m [2methereum_transaction_pool_monitor::eth_client[0m[2m:[0m 📨 Received WebSocket message: {"jsonrpc":"2.0","method":"eth_subscription","params":{"subscription":"0xbed0a0851463e895960a451075a301a9","result":"0x74ca05002899c48c68da56679c62b6575c13da4c6644a1f58e09aa8631a21de1"}}
[2m2025-12-10T10:08:37.046826Z[0m [34mDEBUG[0m [2methereum_transaction_pool_monitor::eth_client[0m[2m:[0m 📨 Received pending transaction: 0x74ca05002899c48c68da56679c62b6575c13da4c6644a1f58e09aa8631a21de1
[2m2025-12-10T10:08:37.046830Z[0m [34mDEBUG[0m [2methereum_transaction_pool_monitor::eth_client[0m[2m:[0m 📨 Received WebSocket message: {"jsonrpc":"2.0","method":"eth_subscription","params":{"subscription":"0xbed0a0851463e895960a451075a301a9","result":"0x23d8356e5e1e45a018615a8d5ff699f1ca1c7155822e53fbabf9b0e29c7d5fed"}}
[2m2025-12-10T10:08:37.046835Z[0m [34mDEBUG[0m [2methereum_transaction_pool_monitor::eth_client[0m[2m:[0m 📨 Received pending transaction: 0x23d8356e5e1e45a018615a8d5ff699f1ca1c7155822e53fbabf9b0e29c7d5fed
[2m2025-12-10T10:08:37.046840Z[0m [34mDEBUG[0m [2methereum_transaction_pool_monitor::eth_client[0m[2m:[0m 📨 Received WebSocket message: {"jsonrpc":"2.0","method":"eth_subscription","params":{"subscription":"0xbed0a0851463e895960a451075a301a9","result":"0x7e193507bf67ecf1be117cbc5efdbb70e2a0995fd7a0bf980f4a3a0c6be4a386"}}
[2m2025-12-10T10:08:37.046844Z[0m [34mDEBUG[0m [2methereum_transaction_pool_monitor::eth_client[0m[2m:[0m 📨 Received pending transaction: 0x7e193507bf67ecf1be117cbc5efdbb70e2a0995fd7a0bf980f4a3a0c6be4a386
[2m2025-12-10T10:08:37.046848Z[0m [34mDEBUG[0m [2methereum_transaction_pool_monitor::eth_client[0m[2m:[0m 📨 Received WebSocket message: {"jsonrpc":"2.0","method":"eth_subscription","params":{"subscription":"0xbed0a0851463e895960a451075a301a9","result":"0x1fd3346f01d98d8873bb90064a3b519c01656736168a03017a4b39121994bca3"}}
[2m2025-12-10T10:08:37.046852Z[0m [34mDEBUG[0m [2methereum_transaction_pool_monitor::eth_client[0m[2m:[0m 📨 Received pending transaction: 0x1fd3346f01d98d8873bb90064a3b519c01656736168a03017a4b39121994bca3
[2m2025-12-10T10:08:37.046856Z[0m [34mDEBUG[0m [2methereum_transaction_pool_monitor::eth_client[0m[2m:[0m 📨 Received WebSocket message: {"jsonrpc":"2.0","method":"eth_subscription","params":{"subscription":"0xbed0a0851463e895960a451075a301a9","result":"0x9170880489666aac8f7ee3cf2b82884e0df52b296004871aee5eda6e99a6c2e8"}}
[2m2025-12-10T10:08:37.046861Z[0m [34mDEBUG[0m [2methereum_transaction_pool_monitor::eth_client[0m[2m:[0m 📨 Received pending transaction: 0x9170880489666aac8f7ee3cf2b82884e0df52b296004871aee5eda6e99a6c2e8
[2m2025-12-10T10:08:37.051347Z[0m [34mDEBUG[0m [2mhyper::proto::h1::io[0m[2m:[0m parsed 4 headers
[2m2025-12-10T10:08:37.051360Z[0m [34mDEBUG[0m [2mhyper::proto::h1::conn[0m[2m:[0m incoming body is content-length (45 bytes)
[2m2025-12-10T10:08:37.051370Z[0m [34mDEBUG[0m [2mhyper::proto::h1::conn[0m[2m:[0m incoming body completed
[2m2025-12-10T10:08:37.051380Z[0m [34mDEBUG[0m [2mhyper::client::pool[0m[2m:[0m pooling idle connection for ("http", 192.168.0.14:8545)
[2m2025-12-10T10:08:37.052227Z[0m [34mDEBUG[0m [2mhyper::proto::h1::io[0m[2m:[0m parsed 4 headers
[2m2025-12-10T10:08:37.052236Z[0m [34mDEBUG[0m [2mhyper::proto::h1::conn[0m[2m:[0m incoming body is content-length (844 bytes)
[2m2025-12-10T10:08:37.052243Z[0m [34mDEBUG[0m [2mhyper::proto::h1::conn[0m[2m:[0m incoming body completed
[2m2025-12-10T10:08:37.052250Z[0m [34mDEBUG[0m [2mhyper::client::pool[0m[2m:[0m pooling idle connection for ("http", 192.168.0.14:8545)
[2m2025-12-10T10:08:37.052257Z[0m [34mDEBUG[0m [2methereum_transaction_pool_monitor::eth_client[0m[2m:[0m 📡 Transaction fetch RPC completed in 5.544584ms
[2m2025-12-10T10:08:37.124518Z[0m [34mDEBUG[0m [2methereum_transaction_pool_monitor::eth_client[0m[2m:[0m ✅ Transaction 0xf94c69e00b81fb29f289af4e847d4a2729bcc7b6529361f263fca28a4aa2ea42 fetched and parsed in 77.802959ms
[2m2025-12-10T10:08:37.124541Z[0m [34mDEBUG[0m [2methereum_transaction_pool_monitor::mempool_monitor[0m[2m:[0m 🔍 Skipping tx 0xf94c69e00b81fb29f289af4e847d4a2729bcc7b6529361f263fca28a4aa2ea42 - not a DEX interaction (target: 0xB8f28C60dD8240141185a192fa4156A23E189305)
[2m2025-12-10T10:08:37.124554Z[0m [34mDEBUG[0m [2methereum_transaction_pool_monitor::mempool_monitor[0m[2m:[0m 📨 Processing new pending transaction: 0x3a5c14022fef1298ff17c3c74243c2a43f4313cc38e5a829367fefc320c2abda
[2m2025-12-10T10:08:37.124560Z[0m [34mDEBUG[0m [2methereum_transaction_pool_monitor::mempool_monitor[0m[2m:[0m 🔍 Fetching transaction details for: 0x3a5c14022fef1298ff17c3c74243c2a43f4313cc38e5a829367fefc320c2abda
[2m2025-12-10T10:08:37.124565Z[0m [34mDEBUG[0m [2methereum_transaction_pool_monitor::eth_client[0m[2m:[0m 🔍 Fetching transaction details for hash: 0x3a5c14022fef1298ff17c3c74243c2a43f4313cc38e5a829367fefc320c2abda
[2m2025-12-10T10:08:37.124589Z[0m [34mDEBUG[0m [2mhyper::client::pool[0m[2m:[0m reuse idle connection for ("http", 192.168.0.14:8545)
[2m2025-12-10T10:08:37.124629Z[0m [34mDEBUG[0m [2mhyper::proto::h1::io[0m[2m:[0m flushed 250 bytes
[2m2025-12-10T10:08:37.124660Z[0m [34mDEBUG[0m [2mhyper::client::pool[0m[2m:[0m reuse idle connection for ("http", 192.168.0.14:8545)
[2m2025-12-10T10:08:37.124679Z[0m [34mDEBUG[0m [2mhyper::proto::h1::io[0m[2m:[0m flushed 172 bytes
[2m2025-12-10T10:08:37.132612Z[0m [34mDEBUG[0m [2mhyper::proto::h1::io[0m[2m:[0m parsed 4 headers
[2m2025-12-10T10:08:37.132626Z[0m [34mDEBUG[0m [2mhyper::proto::h1::conn[0m[2m:[0m incoming body is content-length (708 bytes)
[2m2025-12-10T10:08:37.132634Z[0m [34mDEBUG[0m [2mhyper::proto::h1::conn[0m[2m:[0m incoming body completed
[2m2025-12-10T10:08:37.132645Z[0m [34mDEBUG[0m [2mhyper::client::pool[0m[2m:[0m pooling idle connection for ("http", 192.168.0.14:8545)
[2m2025-12-10T10:08:37.132653Z[0m [34mDEBUG[0m [2methereum_transaction_pool_monitor::eth_client[0m[2m:[0m 📡 Transaction fetch RPC completed in 8.082833ms
[2m2025-12-10T10:08:37.200876Z[0m [34mDEBUG[0m [2methereum_transaction_pool_monitor::eth_client[0m[2m:[0m ✅ Transaction 0x3a5c14022fef1298ff17c3c74243c2a43f4313cc38e5a829367fefc320c2abda fetched and parsed in 76.303167ms
[2m2025-12-10T10:08:37.200896Z[0m [34mDEBUG[0m [2methereum_transaction_pool_monitor::mempool_monitor[0m[2m:[0m 🔍 Skipping tx 0x3a5c14022fef1298ff17c3c74243c2a43f4313cc38e5a829367fefc320c2abda - not a DEX interaction (target: 0x3Ad80458D58fb3a779Ba0779F83203a4Cf4a49d8)
[2m2025-12-10T10:08:37.200905Z[0m [34mDEBUG[0m [2methereum_transaction_pool_monitor::mempool_monitor[0m[2m:[0m 📨 Processing new pending transaction: 0xa18a1fd782182a9058c11e9231166f8ada1dd238b42fd780ef11d1bb88011829
[2m2025-12-10T10:08:37.200910Z[0m [34mDEBUG[0m [2methereum_transaction_pool_monitor::mempool_monitor[0m[2m:[0m 🔍 Fetching transaction details for: 0xa18a1fd782182a9058c11e9231166f8ada1dd238b42fd780ef11d1bb88011829
[2m2025-12-10T10:08:37.200914Z[0m [34mDEBUG[0m [2methereum_transaction_pool_monitor::eth_client[0m[2m:[0m 🔍 Fetching transaction details for hash: 0xa18a1fd782182a9058c11e9231166f8ada1dd238b42fd780ef11d1bb88011829
[2m2025-12-10T10:08:37.200933Z[0m [34mDEBUG[0m [2mhyper::client::pool[0m[2m:[0m reuse idle connection for ("http", 192.168.0.14:8545)
[2m2025-12-10T10:08:37.200963Z[0m [34mDEBUG[0m [2mhyper::proto::h1::io[0m[2m:[0m flushed 250 bytes
[2m2025-12-10T10:08:37.200986Z[0m [34mDEBUG[0m [2methereum_transaction_pool_monitor::eth_client[0m[2m:[0m 📨 Received WebSocket message: {"jsonrpc":"2.0","method":"eth_subscription","params":{"subscription":"0xbed0a0851463e895960a451075a301a9","result":"0x6055bedf65149bc187b80920b78ff6d058d13aaffa3570b50cbb2776f33a58db"}}
[2m2025-12-10T10:08:37.200991Z[0m [34mDEBUG[0m [2mhyper::proto::h1::io[0m[2m:[0m parsed 4 headers
[2m2025-12-10T10:08:37.200994Z[0m [34mDEBUG[0m [2methereum_transaction_pool_monitor::eth_client[0m[2m:[0m 📨 Received pending transaction: 0x6055bedf65149bc187b80920b78ff6d058d13aaffa3570b50cbb2776f33a58db
[2m2025-12-10T10:08:37.201003Z[0m [34mDEBUG[0m [2mhyper::proto::h1::conn[0m[2m:[0m incoming body is content-length (45 bytes)
[2m2025-12-10T10:08:37.201011Z[0m [34mDEBUG[0m [2methereum_transaction_pool_monitor::eth_client[0m[2m:[0m 📨 Received WebSocket message: {"jsonrpc":"2.0","method":"eth_subscription","params":{"subscription":"0xbed0a0851463e895960a451075a301a9","result":"0x209ac2ecd096c5dd94dd960079f7b2a4c47dd561674d2bd7212f4c267384dd47"}}
[2m2025-12-10T10:08:37.201019Z[0m [34mDEBUG[0m [2mhyper::proto::h1::conn[0m[2m:[0m incoming body completed
[2m2025-12-10T10:08:37.201019Z[0m [34mDEBUG[0m [2methereum_transaction_pool_monitor::eth_client[0m[2m:[0m 📨 Received pending transaction: 0x209ac2ecd096c5dd94dd960079f7b2a4c47dd561674d2bd7212f4c267384dd47
[2m2025-12-10T10:08:37.201031Z[0m [34mDEBUG[0m [2mhyper::client::pool[0m[2m:[0m pooling idle connection for ("http", 192.168.0.14:8545)
[2m2025-12-10T10:08:37.201038Z[0m [34mDEBUG[0m [2methereum_transaction_pool_monitor::eth_client[0m[2m:[0m 📨 Received WebSocket message: {"jsonrpc":"2.0","method":"eth_subscription","params":{"subscription":"0xbed0a0851463e895960a451075a301a9","result":"0xf96474f9565549257852131cf279a903b14ea6a19091fed5f078df824366bea8"}}
[2m2025-12-10T10:08:37.201049Z[0m [34mDEBUG[0m [2methereum_transaction_pool_monitor::eth_client[0m[2m:[0m 📨 Received pending transaction: 0xf96474f9565549257852131cf279a903b14ea6a19091fed5f078df824366bea8
[2m2025-12-10T10:08:37.201058Z[0m [34mDEBUG[0m [2mhyper::client::pool[0m[2m:[0m reuse idle connection for ("http", 192.168.0.14:8545)
[2m2025-12-10T10:08:37.201076Z[0m [34mDEBUG[0m [2mhyper::proto::h1::io[0m[2m:[0m flushed 172 bytes
[2m2025-12-10T10:08:37.228765Z[0m [34mDEBUG[0m [2mhyper::proto::h1::io[0m[2m:[0m parsed 4 headers
[2m2025-12-10T10:08:37.228781Z[0m [34mDEBUG[0m [2mhyper::proto::h1::conn[0m[2m:[0m incoming body is content-length (1804 bytes)
[2m2025-12-10T10:08:37.228790Z[0m [34mDEBUG[0m [2mhyper::proto::h1::conn[0m[2m:[0m incoming body completed
[2m2025-12-10T10:08:37.228803Z[0m [34mDEBUG[0m [2mhyper::client::pool[0m[2m:[0m pooling idle connection for ("http", 192.168.0.14:8545)
[2m2025-12-10T10:08:37.228812Z[0m [34mDEBUG[0m [2methereum_transaction_pool_monitor::eth_client[0m[2m:[0m 📡 Transaction fetch RPC completed in 27.89325ms
[2m2025-12-10T10:08:37.300799Z[0m [34mDEBUG[0m [2methereum_transaction_pool_monitor::eth_client[0m[2m:[0m ✅ Transaction 0xa18a1fd782182a9058c11e9231166f8ada1dd238b42fd780ef11d1bb88011829 fetched and parsed in 99.877125ms
[2m2025-12-10T10:08:37.300823Z[0m [34mDEBUG[0m [2methereum_transaction_pool_monitor::mempool_monitor[0m[2m:[0m 🔍 Skipping tx 0xa18a1fd782182a9058c11e9231166f8ada1dd238b42fd780ef11d1bb88011829 - not a DEX interaction (target: 0x601a2aD6CB5949f0529735254189Ba3194221EDF)
[2m2025-12-10T10:08:37.300833Z[0m [34mDEBUG[0m [2methereum_transaction_pool_monitor::mempool_monitor[0m[2m:[0m 📨 Processing new pending transaction: 0xaf4ef3e0f71edf001ec34621a67bda68f3181bd1a9499270009517a0d419c90b
[2m2025-12-10T10:08:37.300842Z[0m [34mDEBUG[0m [2methereum_transaction_pool_monitor::mempool_monitor[0m[2m:[0m 🔍 Fetching transaction details for: 0xaf4ef3e0f71edf001ec34621a67bda68f3181bd1a9499270009517a0d419c90b
[2m2025-12-10T10:08:37.300848Z[0m [34mDEBUG[0m [2methereum_transaction_pool_monitor::eth_client[0m[2m:[0m 🔍 Fetching transaction details for hash: 0xaf4ef3e0f71edf001ec34621a67bda68f3181bd1a9499270009517a0d419c90b
[2m2025-12-10T10:08:37.300873Z[0m [34mDEBUG[0m [2mhyper::client::pool[0m[2m:[0m reuse idle connection for ("http", 192.168.0.14:8545)
[2m2025-12-10T10:08:37.300917Z[0m [34mDEBUG[0m [2mhyper::proto::h1::io[0m[2m:[0m flushed 250 bytes
[2m2025-12-10T10:08:37.300947Z[0m [34mDEBUG[0m [2methereum_transaction_pool_monitor::eth_client[0m[2m:[0m 📨 Received WebSocket message: {"jsonrpc":"2.0","method":"eth_subscription","params":{"subscription":"0xbed0a0851463e895960a451075a301a9","result":"0x85c0394459268e2e18336bf953f3da667f52d7561d93583fd2cc636f0930bfe8"}}
[2m2025-12-10T10:08:37.300956Z[0m [34mDEBUG[0m [2methereum_transaction_pool_monitor::eth_client[0m[2m:[0m 📨 Received pending transaction: 0x85c0394459268e2e18336bf953f3da667f52d7561d93583fd2cc636f0930bfe8
[2m2025-12-10T10:08:37.300962Z[0m [34mDEBUG[0m [2methereum_transaction_pool_monitor::eth_client[0m[2m:[0m 📨 Received WebSocket message: {"jsonrpc":"2.0","method":"eth_subscription","params":{"subscription":"0xbed0a0851463e895960a451075a301a9","result":"0xb844d67eae14fe4600e49b62d6250ec0a6dee906a9c13fe806705834ac1c4265"}}
[2m2025-12-10T10:08:37.300967Z[0m [34mDEBUG[0m [2methereum_transaction_pool_monitor::eth_client[0m[2m:[0m 📨 Received pending transaction: 0xb844d67eae14fe4600e49b62d6250ec0a6dee906a9c13fe806705834ac1c4265
[2m2025-12-10T10:08:37.300967Z[0m [34mDEBUG[0m [2mhyper::proto::h1::io[0m[2m:[0m parsed 4 headers
[2m2025-12-10T10:08:37.300979Z[0m [34mDEBUG[0m [2mhyper::proto::h1::conn[0m[2m:[0m incoming body is content-length (45 bytes)
[2m2025-12-10T10:08:37.300987Z[0m [34mDEBUG[0m [2mhyper::proto::h1::conn[0m[2m:[0m incoming body completed
[2m2025-12-10T10:08:37.300997Z[0m [34mDEBUG[0m [2mhyper::client::pool[0m[2m:[0m pooling idle connection for ("http", 192.168.0.14:8545)
[2m2025-12-10T10:08:37.301016Z[0m [34mDEBUG[0m [2mhyper::client::pool[0m[2m:[0m reuse idle connection for ("http", 192.168.0.14:8545)
[2m2025-12-10T10:08:37.301032Z[0m [34mDEBUG[0m [2mhyper::proto::h1::io[0m[2m:[0m flushed 172 bytes
[2m2025-12-10T10:08:37.304093Z[0m [34mDEBUG[0m [2mhyper::proto::h1::io[0m[2m:[0m parsed 4 headers
[2m2025-12-10T10:08:37.304102Z[0m [34mDEBUG[0m [2mhyper::proto::h1::conn[0m[2m:[0m incoming body is content-length (653 bytes)
[2m2025-12-10T10:08:37.304109Z[0m [34mDEBUG[0m [2mhyper::proto::h1::conn[0m[2m:[0m incoming body completed
[2m2025-12-10T10:08:37.304117Z[0m [34mDEBUG[0m [2mhyper::client::pool[0m[2m:[0m pooling idle connection for ("http", 192.168.0.14:8545)
[2m2025-12-10T10:08:37.304123Z[0m [34mDEBUG[0m [2methereum_transaction_pool_monitor::eth_client[0m[2m:[0m 📡 Transaction fetch RPC completed in 3.270333ms
[2m2025-12-10T10:08:37.379897Z[0m [34mDEBUG[0m [2methereum_transaction_pool_monitor::eth_client[0m[2m:[0m ✅ Transaction 0xaf4ef3e0f71edf001ec34621a67bda68f3181bd1a9499270009517a0d419c90b fetched and parsed in 79.041208ms
[2m2025-12-10T10:08:37.379917Z[0m [34mDEBUG[0m [2methereum_transaction_pool_monitor::mempool_monitor[0m[2m:[0m 🔍 Skipping tx 0xaf4ef3e0f71edf001ec34621a67bda68f3181bd1a9499270009517a0d419c90b - not a DEX interaction (target: 0x80bc5312504aFa3b9f1007c5C7c2662aC11d6CBA)
[2m2025-12-10T10:08:37.379928Z[0m [34mDEBUG[0m [2methereum_transaction_pool_monitor::mempool_monitor[0m[2m:[0m 📨 Processing new pending transaction: 0x5087bb244752cc15367415a5e1b67db19e66672396b032743302dc7e09c4f5e2
[2m2025-12-10T10:08:37.379933Z[0m [34mDEBUG[0m [2methereum_transaction_pool_monitor::mempool_monitor[0m[2m:[0m 🔍 Fetching transaction details for: 0x5087bb244752cc15367415a5e1b67db19e66672396b032743302dc7e09c4f5e2
[2m2025-12-10T10:08:37.379938Z[0m [34mDEBUG[0m [2methereum_transaction_pool_monitor::eth_client[0m[2m:[0m 🔍 Fetching transaction details for hash: 0x5087bb244752cc15367415a5e1b67db19e66672396b032743302dc7e09c4f5e2
[2m2025-12-10T10:08:37.379957Z[0m [34mDEBUG[0m [2mhyper::client::pool[0m[2m:[0m reuse idle connection for ("http", 192.168.0.14:8545)
[2m2025-12-10T10:08:37.379986Z[0m [34mDEBUG[0m [2mhyper::proto::h1::io[0m[2m:[0m flushed 250 bytes
[2m2025-12-10T10:08:37.380001Z[0m [34mDEBUG[0m [2mhyper::proto::h1::io[0m[2m:[0m parsed 4 headers
[2m2025-12-10T10:08:37.380005Z[0m [34mDEBUG[0m [2mhyper::proto::h1::conn[0m[2m:[0m incoming body is content-length (45 bytes)
[2m2025-12-10T10:08:37.380016Z[0m [34mDEBUG[0m [2mhyper::proto::h1::conn[0m[2m:[0m incoming body completed
[2m2025-12-10T10:08:37.380024Z[0m [34mDEBUG[0m [2mhyper::client::pool[0m[2m:[0m pooling idle connection for ("http", 192.168.0.14:8545)
[2m2025-12-10T10:08:37.397070Z[0m [34mDEBUG[0m [2mhyper::client::pool[0m[2m:[0m reuse idle connection for ("http", 192.168.0.14:8545)
[2m2025-12-10T10:08:37.397149Z[0m [34mDEBUG[0m [2mhyper::proto::h1::io[0m[2m:[0m flushed 172 bytes
[2m2025-12-10T10:08:37.421125Z[0m [34mDEBUG[0m [2methereum_transaction_pool_monitor::eth_client[0m[2m:[0m 📨 Received WebSocket message: {"jsonrpc":"2.0","method":"eth_subscription","params":{"subscription":"0xbed0a0851463e895960a451075a301a9","result":"0x9ef25725de83c0bc2be81e6f3190d89f7ecb6ae5209078644cfdb1ed74970c46"}}
[2m2025-12-10T10:08:37.421156Z[0m [34mDEBUG[0m [2methereum_transaction_pool_monitor::eth_client[0m[2m:[0m 📨 Received pending transaction: 0x9ef25725de83c0bc2be81e6f3190d89f7ecb6ae5209078644cfdb1ed74970c46
[2m2025-12-10T10:08:37.421181Z[0m [34mDEBUG[0m [2mhyper::proto::h1::io[0m[2m:[0m parsed 4 headers
[2m2025-12-10T10:08:37.421188Z[0m [34mDEBUG[0m [2mhyper::proto::h1::conn[0m[2m:[0m incoming body is content-length (45 bytes)
[2m2025-12-10T10:08:37.421195Z[0m [34mDEBUG[0m [2mhyper::proto::h1::io[0m[2m:[0m parsed 4 headers
[2m2025-12-10T10:08:37.421215Z[0m [34mDEBUG[0m [2mhyper::proto::h1::conn[0m[2m:[0m incoming body completed
[2m2025-12-10T10:08:37.421243Z[0m [34mDEBUG[0m [2mhyper::proto::h1::conn[0m[2m:[0m incoming body is content-length (845 bytes)
[2m2025-12-10T10:08:37.421269Z[0m [34mDEBUG[0m [2mhyper::proto::h1::conn[0m[2m:[0m incoming body completed
[2m2025-12-10T10:08:37.421271Z[0m [34mDEBUG[0m [2mhyper::client::pool[0m[2m:[0m pooling idle connection for ("http", 192.168.0.14:8545)
[2m2025-12-10T10:08:37.421293Z[0m [34mDEBUG[0m [2mhyper::client::pool[0m[2m:[0m pooling idle connection for ("http", 192.168.0.14:8545)
[2m2025-12-10T10:08:37.421314Z[0m [34mDEBUG[0m [2methereum_transaction_pool_monitor::eth_client[0m[2m:[0m 📡 Transaction fetch RPC completed in 41.370625ms
[2m2025-12-10T10:08:37.496285Z[0m [34mDEBUG[0m [2mhyper::client::pool[0m[2m:[0m reuse idle connection for ("http", 192.168.0.14:8545)
[2m2025-12-10T10:08:37.496507Z[0m [34mDEBUG[0m [2mhyper::proto::h1::io[0m[2m:[0m flushed 172 bytes
[2m2025-12-10T10:08:37.499545Z[0m [34mDEBUG[0m [2methereum_transaction_pool_monitor::eth_client[0m[2m:[0m ✅ Transaction 0x5087bb244752cc15367415a5e1b67db19e66672396b032743302dc7e09c4f5e2 fetched and parsed in 119.601041ms
[2m2025-12-10T10:08:37.499571Z[0m [34mDEBUG[0m [2methereum_transaction_pool_monitor::mempool_monitor[0m[2m:[0m 🔍 Skipping tx 0x5087bb244752cc15367415a5e1b67db19e66672396b032743302dc7e09c4f5e2 - not a DEX interaction (target: 0x4A3D2aD689003E9d0AE7810bc9B52776Be954123)
[2m2025-12-10T10:08:37.499582Z[0m [34mDEBUG[0m [2methereum_transaction_pool_monitor::mempool_monitor[0m[2m:[0m 📨 Processing new pending transaction: 0x33695d368c0d1fb9b361522fcbafe9e4f0fd24d39e4f7fb017622556dae4e481
[2m2025-12-10T10:08:37.499587Z[0m [34mDEBUG[0m [2methereum_transaction_pool_monitor::mempool_monitor[0m[2m:[0m 🔍 Fetching transaction details for: 0x33695d368c0d1fb9b361522fcbafe9e4f0fd24d39e4f7fb017622556dae4e481
[2m2025-12-10T10:08:37.499593Z[0m [34mDEBUG[0m [2methereum_transaction_pool_monitor::eth_client[0m[2m:[0m 🔍 Fetching transaction details for hash: 0x33695d368c0d1fb9b361522fcbafe9e4f0fd24d39e4f7fb017622556dae4e481
[2m2025-12-10T10:08:37.499617Z[0m [34mDEBUG[0m [2mhyper::client::pool[0m[2m:[0m reuse idle connection for ("http", 192.168.0.14:8545)
[2m2025-12-10T10:08:37.499665Z[0m [34mDEBUG[0m [2mhyper::proto::h1::io[0m[2m:[0m flushed 250 bytes
[2m2025-12-10T10:08:37.501768Z[0m [34mDEBUG[0m [2mhyper::proto::h1::io[0m[2m:[0m parsed 4 headers
[2m2025-12-10T10:08:37.501776Z[0m [34mDEBUG[0m [2mhyper::proto::h1::conn[0m[2m:[0m incoming body is content-length (45 bytes)
[2m2025-12-10T10:08:37.501786Z[0m [34mDEBUG[0m [2mhyper::proto::h1::conn[0m[2m:[0m incoming body completed
[2m2025-12-10T10:08:37.501797Z[0m [34mDEBUG[0m [2mhyper::client::pool[0m[2m:[0m pooling idle connection for ("http", 192.168.0.14:8545)
[2m2025-12-10T10:08:37.506338Z[0m [34mDEBUG[0m [2mhyper::proto::h1::io[0m[2m:[0m parsed 4 headers
[2m2025-12-10T10:08:37.506347Z[0m [34mDEBUG[0m [2mhyper::proto::h1::conn[0m[2m:[0m incoming body is content-length (38 bytes)
[2m2025-12-10T10:08:37.506354Z[0m [34mDEBUG[0m [2mhyper::proto::h1::conn[0m[2m:[0m incoming body completed
[2m2025-12-10T10:08:37.506363Z[0m [34mDEBUG[0m [2mhyper::client::pool[0m[2m:[0m pooling idle connection for ("http", 192.168.0.14:8545)
[2m2025-12-10T10:08:37.506370Z[0m [34mDEBUG[0m [2methereum_transaction_pool_monitor::eth_client[0m[2m:[0m 📡 Transaction fetch RPC completed in 6.7725ms
[2m2025-12-10T10:08:37.506405Z[0m [34mDEBUG[0m [2methereum_transaction_pool_monitor::eth_client[0m[2m:[0m ✅ Transaction 0x33695d368c0d1fb9b361522fcbafe9e4f0fd24d39e4f7fb017622556dae4e481 fetched and parsed in 6.806792ms
[2m2025-12-10T10:08:37.506417Z[0m [34mDEBUG[0m [2methereum_transaction_pool_monitor::mempool_monitor[0m[2m:[0m 🔍 Skipping tx 0x33695d368c0d1fb9b361522fcbafe9e4f0fd24d39e4f7fb017622556dae4e481 - contract creation
[2m2025-12-10T10:08:37.506432Z[0m [34mDEBUG[0m [2methereum_transaction_pool_monitor::mempool_monitor[0m[2m:[0m 📨 Processing new pending transaction: 0xcf44bc25202f92317d46294a90dcccda13ad752573a35a73911ce66af9325b27
[2m2025-12-10T10:08:37.506438Z[0m [34mDEBUG[0m [2methereum_transaction_pool_monitor::mempool_monitor[0m[2m:[0m 🔍 Fetching transaction details for: 0xcf44bc25202f92317d46294a90dcccda13ad752573a35a73911ce66af9325b27
[2m2025-12-10T10:08:37.506452Z[0m [34mDEBUG[0m [2methereum_transaction_pool_monitor::eth_client[0m[2m:[0m 🔍 Fetching transaction details for hash: 0xcf44bc25202f92317d46294a90dcccda13ad752573a35a73911ce66af9325b27
[2m2025-12-10T10:08:37.506468Z[0m [34mDEBUG[0m [2mhyper::client::pool[0m[2m:[0m reuse idle connection for ("http", 192.168.0.14:8545)
[2m2025-12-10T10:08:37.506488Z[0m [34mDEBUG[0m [2mhyper::proto::h1::io[0m[2m:[0m flushed 250 bytes
[2m2025-12-10T10:08:37.511466Z[0m [34mDEBUG[0m [2mhyper::proto::h1::io[0m[2m:[0m parsed 4 headers
[2m2025-12-10T10:08:37.511477Z[0m [34mDEBUG[0m [2mhyper::proto::h1::conn[0m[2m:[0m incoming body is content-length (1628 bytes)
[2m2025-12-10T10:08:37.511485Z[0m [34mDEBUG[0m [2mhyper::proto::h1::conn[0m[2m:[0m incoming body completed
[2m2025-12-10T10:08:37.511495Z[0m [34mDEBUG[0m [2mhyper::client::pool[0m[2m:[0m pooling idle connection for ("http", 192.168.0.14:8545)
[2m2025-12-10T10:08:37.511502Z[0m [34mDEBUG[0m [2methereum_transaction_pool_monitor::eth_client[0m[2m:[0m 📡 Transaction fetch RPC completed in 5.044875ms
[2m2025-12-10T10:08:37.584160Z[0m [34mDEBUG[0m [2methereum_transaction_pool_monitor::eth_client[0m[2m:[0m ✅ Transaction 0xcf44bc25202f92317d46294a90dcccda13ad752573a35a73911ce66af9325b27 fetched and parsed in 77.699625ms
[2m2025-12-10T10:08:37.584190Z[0m [34mDEBUG[0m [2methereum_transaction_pool_monitor::mempool_monitor[0m[2m:[0m 🔍 Skipping tx 0xcf44bc25202f92317d46294a90dcccda13ad752573a35a73911ce66af9325b27 - not a DEX interaction (target: 0x6C96dE32CEa08842dcc4058c14d3aaAD7Fa41dee)
[2m2025-12-10T10:08:37.584204Z[0m [34mDEBUG[0m [2methereum_transaction_pool_monitor::mempool_monitor[0m[2m:[0m 📨 Processing new pending transaction: 0x6403d58fbe246a9d7d6af2a6b96a04834df01607b6d28e86a23ccb43175113e8
[2m2025-12-10T10:08:37.584211Z[0m [34mDEBUG[0m [2methereum_transaction_pool_monitor::mempool_monitor[0m[2m:[0m 🔍 Fetching transaction details for: 0x6403d58fbe246a9d7d6af2a6b96a04834df01607b6d28e86a23ccb43175113e8
[2m2025-12-10T10:08:37.584217Z[0m [34mDEBUG[0m [2methereum_transaction_pool_monitor::eth_client[0m[2m:[0m 🔍 Fetching transaction details for hash: 0x6403d58fbe246a9d7d6af2a6b96a04834df01607b6d28e86a23ccb43175113e8
[2m2025-12-10T10:08:37.584241Z[0m [34mDEBUG[0m [2mhyper::client::pool[0m[2m:[0m reuse idle connection for ("http", 192.168.0.14:8545)
[2m2025-12-10T10:08:37.584310Z[0m [34mDEBUG[0m [2mhyper::proto::h1::io[0m[2m:[0m flushed 250 bytes
[2m2025-12-10T10:08:37.586271Z[0m [34mDEBUG[0m [2methereum_transaction_pool_monitor::eth_client[0m[2m:[0m 📨 Received WebSocket message: {"jsonrpc":"2.0","method":"eth_subscription","params":{"subscription":"0xbed0a0851463e895960a451075a301a9","result":"0x51792ce3c9a52ee186f55732d06aaa40b2d3e6c2661c0b04206cb61d50776573"}}
[2m2025-12-10T10:08:37.586287Z[0m [34mDEBUG[0m [2methereum_transaction_pool_monitor::eth_client[0m[2m:[0m 📨 Received pending transaction: 0x51792ce3c9a52ee186f55732d06aaa40b2d3e6c2661c0b04206cb61d50776573
[2m2025-12-10T10:08:37.589685Z[0m [34mDEBUG[0m [2mhyper::proto::h1::io[0m[2m:[0m parsed 4 headers
[2m2025-12-10T10:08:37.589693Z[0m [34mDEBUG[0m [2mhyper::proto::h1::conn[0m[2m:[0m incoming body is content-length (904 bytes)
[2m2025-12-10T10:08:37.589704Z[0m [34mDEBUG[0m [2mhyper::proto::h1::conn[0m[2m:[0m incoming body completed
[2m2025-12-10T10:08:37.589718Z[0m [34mDEBUG[0m [2mhyper::client::pool[0m[2m:[0m pooling idle connection for ("http", 192.168.0.14:8545)
[2m2025-12-10T10:08:37.589727Z[0m [34mDEBUG[0m [2methereum_transaction_pool_monitor::eth_client[0m[2m:[0m 📡 Transaction fetch RPC completed in 5.506083ms
[2m2025-12-10T10:08:37.687334Z[0m [34mDEBUG[0m [2methereum_transaction_pool_monitor::eth_client[0m[2m:[0m ✅ Transaction 0x6403d58fbe246a9d7d6af2a6b96a04834df01607b6d28e86a23ccb43175113e8 fetched and parsed in 103.109708ms
[2m2025-12-10T10:08:37.687364Z[0m [34mDEBUG[0m [2methereum_transaction_pool_monitor::mempool_monitor[0m[2m:[0m 🔍 Skipping tx 0x6403d58fbe246a9d7d6af2a6b96a04834df01607b6d28e86a23ccb43175113e8 - not a DEX interaction (target: 0x3B4D794a66304F130a4Db8F2551B0070dfCf5ca7)
[2m2025-12-10T10:08:37.687375Z[0m [34mDEBUG[0m [2methereum_transaction_pool_monitor::mempool_monitor[0m[2m:[0m 📨 Processing new pending transaction: 0x43564242c587cb6718cecfc0a6348002b2181c16e07f36a1768afd76ea260b01
[2m2025-12-10T10:08:37.687382Z[0m [34mDEBUG[0m [2methereum_transaction_pool_monitor::mempool_monitor[0m[2m:[0m 🔍 Fetching transaction details for: 0x43564242c587cb6718cecfc0a6348002b2181c16e07f36a1768afd76ea260b01
[2m2025-12-10T10:08:37.687388Z[0m [34mDEBUG[0m [2methereum_transaction_pool_monitor::eth_client[0m[2m:[0m 🔍 Fetching transaction details for hash: 0x43564242c587cb6718cecfc0a6348002b2181c16e07f36a1768afd76ea260b01
[2m2025-12-10T10:08:37.687412Z[0m [34mDEBUG[0m [2mhyper::client::pool[0m[2m:[0m reuse idle connection for ("http", 192.168.0.14:8545)
[2m2025-12-10T10:08:37.687469Z[0m [34mDEBUG[0m [2mhyper::proto::h1::io[0m[2m:[0m flushed 250 bytes
[2m2025-12-10T10:08:37.687492Z[0m [34mDEBUG[0m [2mhyper::client::pool[0m[2m:[0m reuse idle connection for ("http", 192.168.0.14:8545)
[2m2025-12-10T10:08:37.687507Z[0m [34mDEBUG[0m [2mhyper::proto::h1::io[0m[2m:[0m flushed 172 bytes
[2m2025-12-10T10:08:37.687521Z[0m [34mDEBUG[0m [2methereum_transaction_pool_monitor::eth_client[0m[2m:[0m 📨 Received WebSocket message: {"jsonrpc":"2.0","method":"eth_subscription","params":{"subscription":"0xbed0a0851463e895960a451075a301a9","result":"0x1f3643a829071ae2505db4a7003bd1c7811688af26ad02cbf4f5f717ca9bfdbf"}}
[2m2025-12-10T10:08:37.687534Z[0m [34mDEBUG[0m [2methereum_transaction_pool_monitor::eth_client[0m[2m:[0m 📨 Received pending transaction: 0x1f3643a829071ae2505db4a7003bd1c7811688af26ad02cbf4f5f717ca9bfdbf
[2m2025-12-10T10:08:37.687542Z[0m [34mDEBUG[0m [2methereum_transaction_pool_monitor::eth_client[0m[2m:[0m 📨 Received WebSocket message: {"jsonrpc":"2.0","method":"eth_subscription","params":{"subscription":"0xbed0a0851463e895960a451075a301a9","result":"0x3d2697cc3e1055d7187c586fa36b64c16156a7c1481e55a1276010c427051252"}}
[2m2025-12-10T10:08:37.687547Z[0m [34mDEBUG[0m [2methereum_transaction_pool_monitor::eth_client[0m[2m:[0m 📨 Received pending transaction: 0x3d2697cc3e1055d7187c586fa36b64c16156a7c1481e55a1276010c427051252
[2m2025-12-10T10:08:37.687553Z[0m [34mDEBUG[0m [2methereum_transaction_pool_monitor::eth_client[0m[2m:[0m 📨 Received WebSocket message: {"jsonrpc":"2.0","method":"eth_subscription","params":{"subscription":"0xbed0a0851463e895960a451075a301a9","result":"0xef4e831980ccf2109f24beb8b3edd298a1c7e786f6145eb2dc0af7780755bc8a"}}
[2m2025-12-10T10:08:37.687560Z[0m [34mDEBUG[0m [2methereum_transaction_pool_monitor::eth_client[0m[2m:[0m 📨 Received pending transaction: 0xef4e831980ccf2109f24beb8b3edd298a1c7e786f6145eb2dc0af7780755bc8a
[2m2025-12-10T10:08:37.687565Z[0m [34mDEBUG[0m [2methereum_transaction_pool_monitor::eth_client[0m[2m:[0m 📨 Received WebSocket message: {"jsonrpc":"2.0","method":"eth_subscription","params":{"subscription":"0xbed0a0851463e895960a451075a301a9","result":"0x76a0e623c531c50bdd85b0d254280f8ae3427f221eae0c513f2d0d82da9ddc4a"}}
[2m2025-12-10T10:08:37.687574Z[0m [34mDEBUG[0m [2methereum_transaction_pool_monitor::eth_client[0m[2m:[0m 📨 Received pending transaction: 0x76a0e623c531c50bdd85b0d254280f8ae3427f221eae0c513f2d0d82da9ddc4a
[2m2025-12-10T10:08:37.692170Z[0m [34mDEBUG[0m [2mhyper::proto::h1::io[0m[2m:[0m parsed 4 headers
[2m2025-12-10T10:08:37.692186Z[0m [34mDEBUG[0m [2mhyper::proto::h1::conn[0m[2m:[0m incoming body is content-length (1875 bytes)
[2m2025-12-10T10:08:37.692206Z[0m [34mDEBUG[0m [2methereum_transaction_pool_monitor::eth_client[0m[2m:[0m 📡 Transaction fetch RPC completed in 4.813334ms
[2m2025-12-10T10:08:37.697127Z[0m [34mDEBUG[0m [2mhyper::proto::h1::conn[0m[2m:[0m incoming body completed
[2m2025-12-10T10:08:37.697144Z[0m [34mDEBUG[0m [2mhyper::client::pool[0m[2m:[0m pooling idle connection for ("http", 192.168.0.14:8545)
[2m2025-12-10T10:08:37.697173Z[0m [34mDEBUG[0m [2mhyper::proto::h1::io[0m[2m:[0m parsed 4 headers
[2m2025-12-10T10:08:37.697182Z[0m [34mDEBUG[0m [2mhyper::proto::h1::conn[0m[2m:[0m incoming body is content-length (45 bytes)
[2m2025-12-10T10:08:37.697189Z[0m [34mDEBUG[0m [2mhyper::proto::h1::conn[0m[2m:[0m incoming body completed
[2m2025-12-10T10:08:37.697197Z[0m [34mDEBUG[0m [2mhyper::client::pool[0m[2m:[0m pooling idle connection for ("http", 192.168.0.14:8545)
[2m2025-12-10T10:08:37.697223Z[0m [34mDEBUG[0m [2mhyper::client::pool[0m[2m:[0m reuse idle connection for ("http", 192.168.0.14:8545)
[2m2025-12-10T10:08:37.697255Z[0m [34mDEBUG[0m [2mhyper::proto::h1::io[0m[2m:[0m flushed 172 bytes
[2m2025-12-10T10:08:37.705245Z[0m [34mDEBUG[0m [2mhyper::proto::h1::io[0m[2m:[0m parsed 4 headers
[2m2025-12-10T10:08:37.705263Z[0m [34mDEBUG[0m [2mhyper::proto::h1::conn[0m[2m:[0m incoming body is content-length (45 bytes)
[2m2025-12-10T10:08:37.705271Z[0m [34mDEBUG[0m [2mhyper::proto::h1::conn[0m[2m:[0m incoming body completed
[2m2025-12-10T10:08:37.705283Z[0m [34mDEBUG[0m [2mhyper::client::pool[0m[2m:[0m pooling idle connection for ("http", 192.168.0.14:8545)
[2m2025-12-10T10:08:37.731140Z[0m [34mDEBUG[0m [2methereum_transaction_pool_monitor::eth_client[0m[2m:[0m 📨 Received WebSocket message: {"jsonrpc":"2.0","method":"eth_subscription","params":{"subscription":"0xbed0a0851463e895960a451075a301a9","result":"0x8a7b76019a71e2b7f8b25ef43781630a7ba3e8b758a1cf8bac38bd56013af930"}}
[2m2025-12-10T10:08:37.731255Z[0m [34mDEBUG[0m [2methereum_transaction_pool_monitor::eth_client[0m[2m:[0m 📨 Received pending transaction: 0x8a7b76019a71e2b7f8b25ef43781630a7ba3e8b758a1cf8bac38bd56013af930
[2m2025-12-10T10:08:37.784627Z[0m [34mDEBUG[0m [2methereum_transaction_pool_monitor::eth_client[0m[2m:[0m ✅ Transaction 0x43564242c587cb6718cecfc0a6348002b2181c16e07f36a1768afd76ea260b01 fetched and parsed in 97.23125ms
[2m2025-12-10T10:08:37.784657Z[0m [34mDEBUG[0m [2methereum_transaction_pool_monitor::mempool_monitor[0m[2m:[0m 🔍 Skipping tx 0x43564242c587cb6718cecfc0a6348002b2181c16e07f36a1768afd76ea260b01 - not a DEX interaction (target: 0xd72a6BA4a87DDB33e801b3f1c7750b2d0911fC6C)
[2m2025-12-10T10:08:37.784667Z[0m [34mDEBUG[0m [2methereum_transaction_pool_monitor::mempool_monitor[0m[2m:[0m 📨 Processing new pending transaction: 0x332a44b9f74fdb9d062dd8c6a718f0afdeadbe3baf5f92402289f5318f88eeaa
[2m2025-12-10T10:08:37.784674Z[0m [34mDEBUG[0m [2methereum_transaction_pool_monitor::mempool_monitor[0m[2m:[0m 🔍 Fetching transaction details for: 0x332a44b9f74fdb9d062dd8c6a718f0afdeadbe3baf5f92402289f5318f88eeaa
[2m2025-12-10T10:08:37.784680Z[0m [34mDEBUG[0m [2methereum_transaction_pool_monitor::eth_client[0m[2m:[0m 🔍 Fetching transaction details for hash: 0x332a44b9f74fdb9d062dd8c6a718f0afdeadbe3baf5f92402289f5318f88eeaa
[2m2025-12-10T10:08:37.784704Z[0m [34mDEBUG[0m [2mhyper::client::pool[0m[2m:[0m reuse idle connection for ("http", 192.168.0.14:8545)
[2m2025-12-10T10:08:37.784771Z[0m [34mDEBUG[0m [2mhyper::proto::h1::io[0m[2m:[0m flushed 250 bytes
[2m2025-12-10T10:08:37.789383Z[0m [34mDEBUG[0m [2mhyper::proto::h1::io[0m[2m:[0m parsed 4 headers
[2m2025-12-10T10:08:37.789396Z[0m [34mDEBUG[0m [2mhyper::proto::h1::conn[0m[2m:[0m incoming body is content-length (1224 bytes)
[2m2025-12-10T10:08:37.789406Z[0m [34mDEBUG[0m [2mhyper::proto::h1::conn[0m[2m:[0m incoming body completed
[2m2025-12-10T10:08:37.789418Z[0m [34mDEBUG[0m [2mhyper::client::pool[0m[2m:[0m pooling idle connection for ("http", 192.168.0.14:8545)
[2m2025-12-10T10:08:37.789427Z[0m [34mDEBUG[0m [2methereum_transaction_pool_monitor::eth_client[0m[2m:[0m 📡 Transaction fetch RPC completed in 4.741458ms
[2m2025-12-10T10:08:37.789447Z[0m [34mDEBUG[0m [2methereum_transaction_pool_monitor::eth_client[0m[2m:[0m DeFi transaction detected - Address: 0x7a250d5630b4cf539739df2c5dacb4c659f2488d, Type: DexRouter, Value: 0 ETH, Gas: 0.20 Gwei
[2m2025-12-10T10:08:37.789458Z[0m [34mDEBUG[0m [2methereum_transaction_pool_monitor::eth_client[0m[2m:[0m ✅ Transaction 0x332a44b9f74fdb9d062dd8c6a718f0afdeadbe3baf5f92402289f5318f88eeaa fetched and parsed in 4.772583ms
[2m2025-12-10T10:08:37.789465Z[0m [34mDEBUG[0m [2methereum_transaction_pool_monitor::mempool_monitor[0m[2m:[0m 🔍 Skipping tx 0x332a44b9f74fdb9d062dd8c6a718f0afdeadbe3baf5f92402289f5318f88eeaa - not a DEX interaction (target: 0x7a250d5630B4cF539739dF2C5dAcb4c659F2488D)
[2m2025-12-10T10:08:37.789472Z[0m [34mDEBUG[0m [2methereum_transaction_pool_monitor::mempool_monitor[0m[2m:[0m 📨 Processing new pending transaction: 0x86290790996d198d31ff10294b61d2ecaae27c011b97f548192e547a708ee26b
[2m2025-12-10T10:08:37.789476Z[0m [34mDEBUG[0m [2methereum_transaction_pool_monitor::mempool_monitor[0m[2m:[0m 🔍 Fetching transaction details for: 0x86290790996d198d31ff10294b61d2ecaae27c011b97f548192e547a708ee26b
[2m2025-12-10T10:08:37.789480Z[0m [34mDEBUG[0m [2methereum_transaction_pool_monitor::eth_client[0m[2m:[0m 🔍 Fetching transaction details for hash: 0x86290790996d198d31ff10294b61d2ecaae27c011b97f548192e547a708ee26b
[2m2025-12-10T10:08:37.789496Z[0m [34mDEBUG[0m [2mhyper::client::pool[0m[2m:[0m reuse idle connection for ("http", 192.168.0.14:8545)
[2m2025-12-10T10:08:37.789518Z[0m [34mDEBUG[0m [2mhyper::proto::h1::io[0m[2m:[0m flushed 250 bytes
[2m2025-12-10T10:08:37.796328Z[0m [34mDEBUG[0m [2mhyper::client::pool[0m[2m:[0m reuse idle connection for ("http", 192.168.0.14:8545)
[2m2025-12-10T10:08:37.796460Z[0m [34mDEBUG[0m [2mhyper::proto::h1::io[0m[2m:[0m flushed 172 bytes
[2m2025-12-10T10:08:37.798298Z[0m [34mDEBUG[0m [2mhyper::proto::h1::io[0m[2m:[0m parsed 4 headers
[2m2025-12-10T10:08:37.798312Z[0m [34mDEBUG[0m [2mhyper::proto::h1::conn[0m[2m:[0m incoming body is content-length (903 bytes)
[2m2025-12-10T10:08:37.798322Z[0m [34mDEBUG[0m [2mhyper::proto::h1::conn[0m[2m:[0m incoming body completed
[2m2025-12-10T10:08:37.798335Z[0m [34mDEBUG[0m [2mhyper::client::pool[0m[2m:[0m pooling idle connection for ("http", 192.168.0.14:8545)
[2m2025-12-10T10:08:37.798344Z[0m [34mDEBUG[0m [2methereum_transaction_pool_monitor::eth_client[0m[2m:[0m 📡 Transaction fetch RPC completed in 8.859208ms
[2m2025-12-10T10:08:37.871684Z[0m [34mDEBUG[0m [2methereum_transaction_pool_monitor::eth_client[0m[2m:[0m ✅ Transaction 0x86290790996d198d31ff10294b61d2ecaae27c011b97f548192e547a708ee26b fetched and parsed in 82.196375ms
[2m2025-12-10T10:08:37.871714Z[0m [34mDEBUG[0m [2methereum_transaction_pool_monitor::mempool_monitor[0m[2m:[0m 🔍 Skipping tx 0x86290790996d198d31ff10294b61d2ecaae27c011b97f548192e547a708ee26b - not a DEX interaction (target: 0x3B4D794a66304F130a4Db8F2551B0070dfCf5ca7)
[2m2025-12-10T10:08:37.871726Z[0m [34mDEBUG[0m [2methereum_transaction_pool_monitor::mempool_monitor[0m[2m:[0m 📨 Processing new pending transaction: 0x357f3ee27b4b41d4a15ffc7b64168045430b81410ec4c77c37d25cbc9ad082cb
[2m2025-12-10T10:08:37.871733Z[0m [34mDEBUG[0m [2methereum_transaction_pool_monitor::mempool_monitor[0m[2m:[0m 🔍 Fetching transaction details for: 0x357f3ee27b4b41d4a15ffc7b64168045430b81410ec4c77c37d25cbc9ad082cb
[2m2025-12-10T10:08:37.871740Z[0m [34mDEBUG[0m [2methereum_transaction_pool_monitor::eth_client[0m[2m:[0m 🔍 Fetching transaction details for hash: 0x357f3ee27b4b41d4a15ffc7b64168045430b81410ec4c77c37d25cbc9ad082cb
[2m2025-12-10T10:08:37.871764Z[0m [34mDEBUG[0m [2mhyper::client::pool[0m[2m:[0m reuse idle connection for ("http", 192.168.0.14:8545)
[2m2025-12-10T10:08:37.871838Z[0m [34mDEBUG[0m [2mhyper::proto::h1::io[0m[2m:[0m flushed 250 bytes
[2m2025-12-10T10:08:37.871882Z[0m [34mDEBUG[0m [2methereum_transaction_pool_monitor::eth_client[0m[2m:[0m 📨 Received WebSocket message: {"jsonrpc":"2.0","method":"eth_subscription","params":{"subscription":"0xbed0a0851463e895960a451075a301a9","result":"0x07317ca30d87432715d2c429f5376ab4a46297a7979f1a2c81ebeaffaa4ed880"}}
[2m2025-12-10T10:08:37.871886Z[0m [34mDEBUG[0m [2mhyper::proto::h1::io[0m[2m:[0m parsed 4 headers
[2m2025-12-10T10:08:37.871891Z[0m [34mDEBUG[0m [2methereum_transaction_pool_monitor::eth_client[0m[2m:[0m 📨 Received pending transaction: 0x07317ca30d87432715d2c429f5376ab4a46297a7979f1a2c81ebeaffaa4ed880
[2m2025-12-10T10:08:37.871895Z[0m [34mDEBUG[0m [2mhyper::proto::h1::conn[0m[2m:[0m incoming body is content-length (45 bytes)
[2m2025-12-10T10:08:37.871905Z[0m [34mDEBUG[0m [2mhyper::proto::h1::conn[0m[2m:[0m incoming body completed
[2m2025-12-10T10:08:37.871915Z[0m [34mDEBUG[0m [2mhyper::client::pool[0m[2m:[0m pooling idle connection for ("http", 192.168.0.14:8545)
[2m2025-12-10T10:08:37.877054Z[0m [34mDEBUG[0m [2mhyper::proto::h1::io[0m[2m:[0m parsed 4 headers
[2m2025-12-10T10:08:37.877067Z[0m [34mDEBUG[0m [2mhyper::proto::h1::conn[0m[2m:[0m incoming body is content-length (723 bytes)
[2m2025-12-10T10:08:37.877074Z[0m [34mDEBUG[0m [2mhyper::proto::h1::conn[0m[2m:[0m incoming body completed
[2m2025-12-10T10:08:37.877083Z[0m [34mDEBUG[0m [2mhyper::client::pool[0m[2m:[0m pooling idle connection for ("http", 192.168.0.14:8545)
[2m2025-12-10T10:08:37.877089Z[0m [34mDEBUG[0m [2methereum_transaction_pool_monitor::eth_client[0m[2m:[0m 📡 Transaction fetch RPC completed in 5.345292ms
[2m2025-12-10T10:08:37.948850Z[0m [34mDEBUG[0m [2methereum_transaction_pool_monitor::eth_client[0m[2m:[0m ✅ Transaction 0x357f3ee27b4b41d4a15ffc7b64168045430b81410ec4c77c37d25cbc9ad082cb fetched and parsed in 77.102375ms
[2m2025-12-10T10:08:37.948879Z[0m [34mDEBUG[0m [2methereum_transaction_pool_monitor::mempool_monitor[0m[2m:[0m 🔍 Skipping tx 0x357f3ee27b4b41d4a15ffc7b64168045430b81410ec4c77c37d25cbc9ad082cb - not a DEX interaction (target: 0x3732Bcf0bf4E92356fc0DC19B6b373846f04c44b)
[2m2025-12-10T10:08:37.948892Z[0m [34mDEBUG[0m [2methereum_transaction_pool_monitor::mempool_monitor[0m[2m:[0m 📨 Processing new pending transaction: 0x784ed0b65766aaf800fed232c4c89799818a22a7d52e16a311fd1c01d0120a22
[2m2025-12-10T10:08:37.948899Z[0m [34mDEBUG[0m [2methereum_transaction_pool_monitor::mempool_monitor[0m[2m:[0m 🔍 Fetching transaction details for: 0x784ed0b65766aaf800fed232c4c89799818a22a7d52e16a311fd1c01d0120a22
[2m2025-12-10T10:08:37.948905Z[0m [34mDEBUG[0m [2methereum_transaction_pool_monitor::eth_client[0m[2m:[0m 🔍 Fetching transaction details for hash: 0x784ed0b65766aaf800fed232c4c89799818a22a7d52e16a311fd1c01d0120a22
[2m2025-12-10T10:08:37.948929Z[0m [34mDEBUG[0m [2mhyper::client::pool[0m[2m:[0m reuse idle connection for ("http", 192.168.0.14:8545)
[2m2025-12-10T10:08:37.948991Z[0m [34mDEBUG[0m [2mhyper::proto::h1::io[0m[2m:[0m flushed 250 bytes
[2m2025-12-10T10:08:37.949013Z[0m [34mDEBUG[0m [2mhyper::client::pool[0m[2m:[0m reuse idle connection for ("http", 192.168.0.14:8545)
[2m2025-12-10T10:08:37.949031Z[0m [34mDEBUG[0m [2mhyper::proto::h1::io[0m[2m:[0m flushed 172 bytes
[2m2025-12-10T10:08:37.949071Z[0m [34mDEBUG[0m [2methereum_transaction_pool_monitor::eth_client[0m[2m:[0m 📨 Received WebSocket message: {"jsonrpc":"2.0","method":"eth_subscription","params":{"subscription":"0xbed0a0851463e895960a451075a301a9","result":"0x13f5ddf0cbb78ec56f779733208d34958febc2ed3cfb3ae0698f556d58e52d05"}}
[2m2025-12-10T10:08:37.949082Z[0m [34mDEBUG[0m [2methereum_transaction_pool_monitor::eth_client[0m[2m:[0m 📨 Received pending transaction: 0x13f5ddf0cbb78ec56f779733208d34958febc2ed3cfb3ae0698f556d58e52d05
[2m2025-12-10T10:08:37.955111Z[0m [34mDEBUG[0m [2methereum_transaction_pool_monitor::eth_client[0m[2m:[0m 📨 Received WebSocket message: {"jsonrpc":"2.0","method":"eth_subscription","params":{"subscription":"0xbed0a0851463e895960a451075a301a9","result":"0x17490396ee18bb10220695d4bbd923084ab89b9fd13c4a34ae8b9d28d69c7e71"}}
[2m2025-12-10T10:08:37.955129Z[0m [34mDEBUG[0m [2methereum_transaction_pool_monitor::eth_client[0m[2m:[0m 📨 Received pending transaction: 0x17490396ee18bb10220695d4bbd923084ab89b9fd13c4a34ae8b9d28d69c7e71
[2m2025-12-10T10:08:37.960610Z[0m [34mDEBUG[0m [2mhyper::proto::h1::io[0m[2m:[0m parsed 4 headers
[2m2025-12-10T10:08:37.960627Z[0m [34mDEBUG[0m [2mhyper::proto::h1::conn[0m[2m:[0m incoming body is content-length (45 bytes)
[2m2025-12-10T10:08:37.960638Z[0m [34mDEBUG[0m [2mhyper::proto::h1::conn[0m[2m:[0m incoming body completed
[2m2025-12-10T10:08:37.960651Z[0m [34mDEBUG[0m [2mhyper::client::pool[0m[2m:[0m pooling idle connection for ("http", 192.168.0.14:8545)
[2m2025-12-10T10:08:37.960689Z[0m [34mDEBUG[0m [2mhyper::proto::h1::io[0m[2m:[0m parsed 4 headers
[2m2025-12-10T10:08:37.960695Z[0m [34mDEBUG[0m [2mhyper::proto::h1::conn[0m[2m:[0m incoming body is content-length (646 bytes)
[2m2025-12-10T10:08:37.960700Z[0m [34mDEBUG[0m [2mhyper::proto::h1::conn[0m[2m:[0m incoming body completed
[2m2025-12-10T10:08:37.960707Z[0m [34mDEBUG[0m [2mhyper::client::pool[0m[2m:[0m pooling idle connection for ("http", 192.168.0.14:8545)
[2m2025-12-10T10:08:37.960712Z[0m [34mDEBUG[0m [2methereum_transaction_pool_monitor::eth_client[0m[2m:[0m 📡 Transaction fetch RPC completed in 11.802084ms
[2m2025-12-10T10:08:38.032938Z[0m [34mDEBUG[0m [2methereum_transaction_pool_monitor::eth_client[0m[2m:[0m ✅ Transaction 0x784ed0b65766aaf800fed232c4c89799818a22a7d52e16a311fd1c01d0120a22 fetched and parsed in 84.024834ms
[2m2025-12-10T10:08:38.032969Z[0m [34mDEBUG[0m [2methereum_transaction_pool_monitor::mempool_monitor[0m[2m:[0m 🔍 Skipping tx 0x784ed0b65766aaf800fed232c4c89799818a22a7d52e16a311fd1c01d0120a22 - not a DEX interaction (target: 0xA2C5f72bD5E640A99DB9636B6f8F67E1f2C57Edd)
[2m2025-12-10T10:08:38.032981Z[0m [34mDEBUG[0m [2methereum_transaction_pool_monitor::mempool_monitor[0m[2m:[0m 📨 Processing new pending transaction: 0xd2a10d9aea85b4e6b8fb6cf0a4ac77b014ed88f0196ad43c0e3a2eacf6d41862
[2m2025-12-10T10:08:38.032988Z[0m [34mDEBUG[0m [2methereum_transaction_pool_monitor::mempool_monitor[0m[2m:[0m 🔍 Fetching transaction details for: 0xd2a10d9aea85b4e6b8fb6cf0a4ac77b014ed88f0196ad43c0e3a2eacf6d41862
[2m2025-12-10T10:08:38.032993Z[0m [34mDEBUG[0m [2methereum_transaction_pool_monitor::eth_client[0m[2m:[0m 🔍 Fetching transaction details for hash: 0xd2a10d9aea85b4e6b8fb6cf0a4ac77b014ed88f0196ad43c0e3a2eacf6d41862
[2m2025-12-10T10:08:38.033017Z[0m [34mDEBUG[0m [2mhyper::client::pool[0m[2m:[0m reuse idle connection for ("http", 192.168.0.14:8545)
[2m2025-12-10T10:08:38.033081Z[0m [34mDEBUG[0m [2mhyper::proto::h1::io[0m[2m:[0m flushed 250 bytes
[2m2025-12-10T10:08:38.033101Z[0m [34mDEBUG[0m [2mhyper::client::pool[0m[2m:[0m reuse idle connection for ("http", 192.168.0.14:8545)
[2m2025-12-10T10:08:38.033118Z[0m [34mDEBUG[0m [2mhyper::proto::h1::io[0m[2m:[0m flushed 172 bytes
[2m2025-12-10T10:08:38.033121Z[0m [34mDEBUG[0m [2methereum_transaction_pool_monitor::eth_client[0m[2m:[0m 📨 Received WebSocket message: {"jsonrpc":"2.0","method":"eth_subscription","params":{"subscription":"0xbed0a0851463e895960a451075a301a9","result":"0x0c177356c2a37ddf3248e265263b1c393e84eef7d48603dfaec5be8b30db990b"}}
[2m2025-12-10T10:08:38.033137Z[0m [34mDEBUG[0m [2methereum_transaction_pool_monitor::eth_client[0m[2m:[0m 📨 Received pending transaction: 0x0c177356c2a37ddf3248e265263b1c393e84eef7d48603dfaec5be8b30db990b
[2m2025-12-10T10:08:38.033145Z[0m [34mDEBUG[0m [2methereum_transaction_pool_monitor::eth_client[0m[2m:[0m 📨 Received WebSocket message: {"jsonrpc":"2.0","method":"eth_subscription","params":{"subscription":"0xbed0a0851463e895960a451075a301a9","result":"0x40d29244faaf61d2cbd5d31fca75a2ace92e66a2d7a6d327861be38b02e059cd"}}
[2m2025-12-10T10:08:38.033150Z[0m [34mDEBUG[0m [2methereum_transaction_pool_monitor::eth_client[0m[2m:[0m 📨 Received pending transaction: 0x40d29244faaf61d2cbd5d31fca75a2ace92e66a2d7a6d327861be38b02e059cd
[2m2025-12-10T10:08:38.038589Z[0m [34mDEBUG[0m [2mhyper::proto::h1::io[0m[2m:[0m parsed 4 headers
[2m2025-12-10T10:08:38.038602Z[0m [34mDEBUG[0m [2mhyper::proto::h1::conn[0m[2m:[0m incoming body is content-length (45 bytes)
[2m2025-12-10T10:08:38.038611Z[0m [34mDEBUG[0m [2mhyper::proto::h1::conn[0m[2m:[0m incoming body completed
[2m2025-12-10T10:08:38.038621Z[0m [34mDEBUG[0m [2mhyper::client::pool[0m[2m:[0m pooling idle connection for ("http", 192.168.0.14:8545)
[2m2025-12-10T10:08:38.039148Z[0m [34mDEBUG[0m [2mhyper::proto::h1::io[0m[2m:[0m parsed 4 headers
[2m2025-12-10T10:08:38.039160Z[0m [34mDEBUG[0m [2mhyper::proto::h1::conn[0m[2m:[0m incoming body is content-length (776 bytes)
[2m2025-12-10T10:08:38.039169Z[0m [34mDEBUG[0m [2mhyper::proto::h1::conn[0m[2m:[0m incoming body completed
[2m2025-12-10T10:08:38.039179Z[0m [34mDEBUG[0m [2mhyper::client::pool[0m[2m:[0m pooling idle connection for ("http", 192.168.0.14:8545)
[2m2025-12-10T10:08:38.039187Z[0m [34mDEBUG[0m [2methereum_transaction_pool_monitor::eth_client[0m[2m:[0m 📡 Transaction fetch RPC completed in 6.188167ms
[2m2025-12-10T10:08:38.111332Z[0m [34mDEBUG[0m [2methereum_transaction_pool_monitor::eth_client[0m[2m:[0m ✅ Transaction 0xd2a10d9aea85b4e6b8fb6cf0a4ac77b014ed88f0196ad43c0e3a2eacf6d41862 fetched and parsed in 78.327167ms
[2m2025-12-10T10:08:38.111380Z[0m [34mDEBUG[0m [2methereum_transaction_pool_monitor::mempool_monitor[0m[2m:[0m 🔍 Skipping tx 0xd2a10d9aea85b4e6b8fb6cf0a4ac77b014ed88f0196ad43c0e3a2eacf6d41862 - not a DEX interaction (target: 0xaaeE1A9723aaDB7afA2810263653A34bA2C21C7a)
[2m2025-12-10T10:08:38.111397Z[0m [34mDEBUG[0m [2methereum_transaction_pool_monitor::mempool_monitor[0m[2m:[0m 📨 Processing new pending transaction: 0x1da1196c06b09f5c316934bec2d75eac4f922f503fc182c3fb1232c341151e03
[2m2025-12-10T10:08:38.111405Z[0m [34mDEBUG[0m [2methereum_transaction_pool_monitor::mempool_monitor[0m[2m:[0m 🔍 Fetching transaction details for: 0x1da1196c06b09f5c316934bec2d75eac4f922f503fc182c3fb1232c341151e03
[2m2025-12-10T10:08:38.111410Z[0m [34mDEBUG[0m [2methereum_transaction_pool_monitor::eth_client[0m[2m:[0m 🔍 Fetching transaction details for hash: 0x1da1196c06b09f5c316934bec2d75eac4f922f503fc182c3fb1232c341151e03
[2m2025-12-10T10:08:38.111454Z[0m [34mDEBUG[0m [2mhyper::client::pool[0m[2m:[0m reuse idle connection for ("http", 192.168.0.14:8545)
[2m2025-12-10T10:08:38.111560Z[0m [34mDEBUG[0m [2mhyper::proto::h1::io[0m[2m:[0m flushed 250 bytes
[2m2025-12-10T10:08:38.111610Z[0m [34mDEBUG[0m [2mhyper::client::pool[0m[2m:[0m reuse idle connection for ("http", 192.168.0.14:8545)
[2m2025-12-10T10:08:38.111630Z[0m [34mDEBUG[0m [2mhyper::proto::h1::io[0m[2m:[0m flushed 172 bytes
[2m2025-12-10T10:08:38.116207Z[0m [34mDEBUG[0m [2mhyper::proto::h1::io[0m[2m:[0m parsed 4 headers
[2m2025-12-10T10:08:38.116218Z[0m [34mDEBUG[0m [2mhyper::proto::h1::conn[0m[2m:[0m incoming body is content-length (45 bytes)
[2m2025-12-10T10:08:38.116226Z[0m [34mDEBUG[0m [2mhyper::proto::h1::conn[0m[2m:[0m incoming body completed
[2m2025-12-10T10:08:38.116235Z[0m [34mDEBUG[0m [2mhyper::client::pool[0m[2m:[0m pooling idle connection for ("http", 192.168.0.14:8545)
[2m2025-12-10T10:08:38.117087Z[0m [34mDEBUG[0m [2mhyper::proto::h1::io[0m[2m:[0m parsed 4 headers
[2m2025-12-10T10:08:38.117094Z[0m [34mDEBUG[0m [2mhyper::proto::h1::conn[0m[2m:[0m incoming body is content-length (780 bytes)
[2m2025-12-10T10:08:38.117099Z[0m [34mDEBUG[0m [2mhyper::proto::h1::conn[0m[2m:[0m incoming body completed
[2m2025-12-10T10:08:38.117107Z[0m [34mDEBUG[0m [2mhyper::client::pool[0m[2m:[0m pooling idle connection for ("http", 192.168.0.14:8545)
[2m2025-12-10T10:08:38.117112Z[0m [34mDEBUG[0m [2methereum_transaction_pool_monitor::eth_client[0m[2m:[0m 📡 Transaction fetch RPC completed in 5.697458ms
[2m2025-12-10T10:08:38.188631Z[0m [34mDEBUG[0m [2methereum_transaction_pool_monitor::eth_client[0m[2m:[0m ✅ Transaction 0x1da1196c06b09f5c316934bec2d75eac4f922f503fc182c3fb1232c341151e03 fetched and parsed in 77.2125ms
[2m2025-12-10T10:08:38.188666Z[0m [34mDEBUG[0m [2methereum_transaction_pool_monitor::mempool_monitor[0m[2m:[0m 🔍 Skipping tx 0x1da1196c06b09f5c316934bec2d75eac4f922f503fc182c3fb1232c341151e03 - not a DEX interaction (target: 0xA0b86991c6218b36c1d19D4a2e9Eb0cE3606eB48)
[2m2025-12-10T10:08:38.188679Z[0m [34mDEBUG[0m [2methereum_transaction_pool_monitor::mempool_monitor[0m[2m:[0m 📨 Processing new pending transaction: 0x526d18ebf41787fd1f34fed63eabfe7ce7b3264d368b6ee646cd0c9c512564d9
[2m2025-12-10T10:08:38.188688Z[0m [34mDEBUG[0m [2methereum_transaction_pool_monitor::mempool_monitor[0m[2m:[0m 🔍 Fetching transaction details for: 0x526d18ebf41787fd1f34fed63eabfe7ce7b3264d368b6ee646cd0c9c512564d9
[2m2025-12-10T10:08:38.188693Z[0m [34mDEBUG[0m [2methereum_transaction_pool_monitor::eth_client[0m[2m:[0m 🔍 Fetching transaction details for hash: 0x526d18ebf41787fd1f34fed63eabfe7ce7b3264d368b6ee646cd0c9c512564d9
[2m2025-12-10T10:08:38.188719Z[0m [34mDEBUG[0m [2mhyper::client::pool[0m[2m:[0m reuse idle connection for ("http", 192.168.0.14:8545)
[2m2025-12-10T10:08:38.188775Z[0m [34mDEBUG[0m [2mhyper::proto::h1::io[0m[2m:[0m flushed 250 bytes
[2m2025-12-10T10:08:38.188800Z[0m [34mDEBUG[0m [2methereum_transaction_pool_monitor::eth_client[0m[2m:[0m 📨 Received WebSocket message: {"jsonrpc":"2.0","method":"eth_subscription","params":{"subscription":"0xbed0a0851463e895960a451075a301a9","result":"0xbc2c99fa452d0c73be88841d1ce7269e6dbbd3c6df35174147655c4165e33a7b"}}
[2m2025-12-10T10:08:38.188811Z[0m [34mDEBUG[0m [2methereum_transaction_pool_monitor::eth_client[0m[2m:[0m 📨 Received pending transaction: 0xbc2c99fa452d0c73be88841d1ce7269e6dbbd3c6df35174147655c4165e33a7b
[2m2025-12-10T10:08:38.196564Z[0m [34mDEBUG[0m [2mhyper::client::pool[0m[2m:[0m reuse idle connection for ("http", 192.168.0.14:8545)
[2m2025-12-10T10:08:38.196603Z[0m [34mDEBUG[0m [2mhyper::proto::h1::io[0m[2m:[0m flushed 172 bytes
[2m2025-12-10T10:08:38.198438Z[0m [34mDEBUG[0m [2mhyper::proto::h1::io[0m[2m:[0m parsed 4 headers
[2m2025-12-10T10:08:38.198445Z[0m [34mDEBUG[0m [2mhyper::proto::h1::conn[0m[2m:[0m incoming body is content-length (831 bytes)
[2m2025-12-10T10:08:38.198453Z[0m [34mDEBUG[0m [2mhyper::proto::h1::conn[0m[2m:[0m incoming body completed
[2m2025-12-10T10:08:38.198463Z[0m [34mDEBUG[0m [2mhyper::client::pool[0m[2m:[0m pooling idle connection for ("http", 192.168.0.14:8545)
[2m2025-12-10T10:08:38.198470Z[0m [34mDEBUG[0m [2methereum_transaction_pool_monitor::eth_client[0m[2m:[0m 📡 Transaction fetch RPC completed in 9.771834ms
[2m2025-12-10T10:08:38.303243Z[0m [34mDEBUG[0m [2methereum_transaction_pool_monitor::eth_client[0m[2m:[0m ✅ Transaction 0x526d18ebf41787fd1f34fed63eabfe7ce7b3264d368b6ee646cd0c9c512564d9 fetched and parsed in 114.540584ms
[2m2025-12-10T10:08:38.303272Z[0m [34mDEBUG[0m [2methereum_transaction_pool_monitor::mempool_monitor[0m[2m:[0m 🔍 Skipping tx 0x526d18ebf41787fd1f34fed63eabfe7ce7b3264d368b6ee646cd0c9c512564d9 - not a DEX interaction (target: 0x3B4D794a66304F130a4Db8F2551B0070dfCf5ca7)
[2m2025-12-10T10:08:38.303284Z[0m [34mDEBUG[0m [2methereum_transaction_pool_monitor::mempool_monitor[0m[2m:[0m 📨 Processing new pending transaction: 0xf99aeffb74550c0dc9526ff2ccff2430f6519dc30e64a30627ca285bde0ee589
[2m2025-12-10T10:08:38.303290Z[0m [34mDEBUG[0m [2methereum_transaction_pool_monitor::mempool_monitor[0m[2m:[0m 🔍 Fetching transaction details for: 0xf99aeffb74550c0dc9526ff2ccff2430f6519dc30e64a30627ca285bde0ee589
[2m2025-12-10T10:08:38.303296Z[0m [34mDEBUG[0m [2methereum_transaction_pool_monitor::eth_client[0m[2m:[0m 🔍 Fetching transaction details for hash: 0xf99aeffb74550c0dc9526ff2ccff2430f6519dc30e64a30627ca285bde0ee589
[2m2025-12-10T10:08:38.303321Z[0m [34mDEBUG[0m [2mhyper::client::pool[0m[2m:[0m reuse idle connection for ("http", 192.168.0.14:8545)
[2m2025-12-10T10:08:38.303379Z[0m [34mDEBUG[0m [2mhyper::proto::h1::io[0m[2m:[0m flushed 250 bytes
[2m2025-12-10T10:08:38.303407Z[0m [34mDEBUG[0m [2methereum_transaction_pool_monitor::eth_client[0m[2m:[0m 📨 Received WebSocket message: {"jsonrpc":"2.0","method":"eth_subscription","params":{"subscription":"0xbed0a0851463e895960a451075a301a9","result":"0xa6c25f353b9a62536c58c8967c2a83e1cedd25d00b926aa5cffb9fa1f96e5d49"}}
[2m2025-12-10T10:08:38.303416Z[0m [34mDEBUG[0m [2methereum_transaction_pool_monitor::eth_client[0m[2m:[0m 📨 Received pending transaction: 0xa6c25f353b9a62536c58c8967c2a83e1cedd25d00b926aa5cffb9fa1f96e5d49
[2m2025-12-10T10:08:38.303429Z[0m [34mDEBUG[0m [2mhyper::proto::h1::io[0m[2m:[0m parsed 4 headers
[2m2025-12-10T10:08:38.303436Z[0m [34mDEBUG[0m [2mhyper::proto::h1::conn[0m[2m:[0m incoming body is content-length (45 bytes)
[2m2025-12-10T10:08:38.303444Z[0m [34mDEBUG[0m [2mhyper::proto::h1::conn[0m[2m:[0m incoming body completed
[2m2025-12-10T10:08:38.303453Z[0m [34mDEBUG[0m [2mhyper::client::pool[0m[2m:[0m pooling idle connection for ("http", 192.168.0.14:8545)
[2m2025-12-10T10:08:38.303470Z[0m [34mDEBUG[0m [2mhyper::client::pool[0m[2m:[0m reuse idle connection for ("http", 192.168.0.14:8545)
[2m2025-12-10T10:08:38.303485Z[0m [34mDEBUG[0m [2mhyper::proto::h1::io[0m[2m:[0m flushed 172 bytes
[2m2025-12-10T10:08:38.308233Z[0m [34mDEBUG[0m [2mhyper::proto::h1::io[0m[2m:[0m parsed 4 headers
[2m2025-12-10T10:08:38.308246Z[0m [34mDEBUG[0m [2mhyper::proto::h1::conn[0m[2m:[0m incoming body is content-length (45 bytes)
[2m2025-12-10T10:08:38.308256Z[0m [34mDEBUG[0m [2mhyper::proto::h1::conn[0m[2m:[0m incoming body completed
[2m2025-12-10T10:08:38.308268Z[0m [34mDEBUG[0m [2mhyper::client::pool[0m[2m:[0m pooling idle connection for ("http", 192.168.0.14:8545)
[2m2025-12-10T10:08:38.313062Z[0m [34mDEBUG[0m [2mhyper::proto::h1::io[0m[2m:[0m parsed 4 headers
[2m2025-12-10T10:08:38.313074Z[0m [34mDEBUG[0m [2mhyper::proto::h1::conn[0m[2m:[0m incoming body is content-length (1350 bytes)
[2m2025-12-10T10:08:38.313081Z[0m [34mDEBUG[0m [2mhyper::proto::h1::conn[0m[2m:[0m incoming body completed
[2m2025-12-10T10:08:38.313091Z[0m [34mDEBUG[0m [2mhyper::client::pool[0m[2m:[0m pooling idle connection for ("http", 192.168.0.14:8545)
[2m2025-12-10T10:08:38.313099Z[0m [34mDEBUG[0m [2methereum_transaction_pool_monitor::eth_client[0m[2m:[0m 📡 Transaction fetch RPC completed in 9.798958ms
[2m2025-12-10T10:08:38.570614Z[0m [34mDEBUG[0m [2methereum_transaction_pool_monitor::eth_client[0m[2m:[0m ✅ Transaction 0xf99aeffb74550c0dc9526ff2ccff2430f6519dc30e64a30627ca285bde0ee589 fetched and parsed in 267.307167ms
[2m2025-12-10T10:08:38.570653Z[0m [34mDEBUG[0m [2methereum_transaction_pool_monitor::mempool_monitor[0m[2m:[0m 🔍 Skipping tx 0xf99aeffb74550c0dc9526ff2ccff2430f6519dc30e64a30627ca285bde0ee589 - not a DEX interaction (target: 0x50eb8594c4DC4b97CA89fa9ef98eD0566D5Ec1f6)
[2m2025-12-10T10:08:38.570665Z[0m [34mDEBUG[0m [2methereum_transaction_pool_monitor::mempool_monitor[0m[2m:[0m 📨 Processing new pending transaction: 0x9be33ff53f26fc6a2d504b50afedf199ae8598c7b2f328de150962b27c9249e4
[2m2025-12-10T10:08:38.570673Z[0m [34mDEBUG[0m [2methereum_transaction_pool_monitor::mempool_monitor[0m[2m:[0m 🔍 Fetching transaction details for: 0x9be33ff53f26fc6a2d504b50afedf199ae8598c7b2f328de150962b27c9249e4
[2m2025-12-10T10:08:38.570680Z[0m [34mDEBUG[0m [2methereum_transaction_pool_monitor::eth_client[0m[2m:[0m 🔍 Fetching transaction details for hash: 0x9be33ff53f26fc6a2d504b50afedf199ae8598c7b2f328de150962b27c9249e4
[2m2025-12-10T10:08:38.570711Z[0m [34mDEBUG[0m [2mhyper::client::pool[0m[2m:[0m reuse idle connection for ("http", 192.168.0.14:8545)
[2m2025-12-10T10:08:38.570789Z[0m [34mDEBUG[0m [2mhyper::proto::h1::io[0m[2m:[0m flushed 250 bytes
[2m2025-12-10T10:08:38.570821Z[0m [34mDEBUG[0m [2mhyper::client::pool[0m[2m:[0m reuse idle connection for ("http", 192.168.0.14:8545)
[2m2025-12-10T10:08:38.570842Z[0m [34mDEBUG[0m [2mhyper::proto::h1::io[0m[2m:[0m flushed 172 bytes
[2m2025-12-10T10:08:38.570843Z[0m [34mDEBUG[0m [2methereum_transaction_pool_monitor::eth_client[0m[2m:[0m 📨 Received WebSocket message: {"jsonrpc":"2.0","method":"eth_subscription","params":{"subscription":"0xbed0a0851463e895960a451075a301a9","result":"0x964f927078a392df673ffd2799c07d8bc0c42fa0356b4c91b3d194977951e14a"}}
[2m2025-12-10T10:08:38.570856Z[0m [34mDEBUG[0m [2methereum_transaction_pool_monitor::eth_client[0m[2m:[0m 📨 Received pending transaction: 0x964f927078a392df673ffd2799c07d8bc0c42fa0356b4c91b3d194977951e14a
[2m2025-12-10T10:08:38.570861Z[0m [32m INFO[0m [2methereum_transaction_pool_monitor::eth_client[0m[2m:[0m 📊 WebSocket stats - Total: 564 transactions, Rate: 13.9 tx/s
[2m2025-12-10T10:08:38.570869Z[0m [34mDEBUG[0m [2methereum_transaction_pool_monitor::eth_client[0m[2m:[0m 📨 Received WebSocket message: {"jsonrpc":"2.0","method":"eth_subscription","params":{"subscription":"0xbed0a0851463e895960a451075a301a9","result":"0xc5a4b62a1ea6ec08b53f81eda942917f9d9d9987a9c52a700d046d5c5609825c"}}
[2m2025-12-10T10:08:38.570874Z[0m [34mDEBUG[0m [2methereum_transaction_pool_monitor::eth_client[0m[2m:[0m 📨 Received pending transaction: 0xc5a4b62a1ea6ec08b53f81eda942917f9d9d9987a9c52a700d046d5c5609825c
[2m2025-12-10T10:08:38.570879Z[0m [34mDEBUG[0m [2methereum_transaction_pool_monitor::eth_client[0m[2m:[0m 📨 Received WebSocket message: {"jsonrpc":"2.0","method":"eth_subscription","params":{"subscription":"0xbed0a0851463e895960a451075a301a9","result":"0x4d8f8c80f40bc56165fd7e75ea9abc98596c3601b4e8b0f129f06a661b176949"}}
[2m2025-12-10T10:08:38.570885Z[0m [34mDEBUG[0m [2methereum_transaction_pool_monitor::eth_client[0m[2m:[0m 📨 Received pending transaction: 0x4d8f8c80f40bc56165fd7e75ea9abc98596c3601b4e8b0f129f06a661b176949
[2m2025-12-10T10:08:38.574144Z[0m [34mDEBUG[0m [2mhyper::proto::h1::io[0m[2m:[0m parsed 4 headers
[2m2025-12-10T10:08:38.574159Z[0m [34mDEBUG[0m [2mhyper::proto::h1::conn[0m[2m:[0m incoming body is content-length (45 bytes)
[2m2025-12-10T10:08:38.574168Z[0m [34mDEBUG[0m [2mhyper::proto::h1::conn[0m[2m:[0m incoming body completed
[2m2025-12-10T10:08:38.574179Z[0m [34mDEBUG[0m [2mhyper::client::pool[0m[2m:[0m pooling idle connection for ("http", 192.168.0.14:8545)
[2m2025-12-10T10:08:38.574206Z[0m [34mDEBUG[0m [2mhyper::client::pool[0m[2m:[0m reuse idle connection for ("http", 192.168.0.14:8545)
[2m2025-12-10T10:08:38.574237Z[0m [34mDEBUG[0m [2mhyper::proto::h1::io[0m[2m:[0m flushed 172 bytes
[2m2025-12-10T10:08:38.574761Z[0m [34mDEBUG[0m [2mhyper::proto::h1::io[0m[2m:[0m parsed 4 headers
[2m2025-12-10T10:08:38.574767Z[0m [34mDEBUG[0m [2mhyper::proto::h1::conn[0m[2m:[0m incoming body is content-length (38 bytes)
[2m2025-12-10T10:08:38.574773Z[0m [34mDEBUG[0m [2mhyper::proto::h1::conn[0m[2m:[0m incoming body completed
[2m2025-12-10T10:08:38.574781Z[0m [34mDEBUG[0m [2mhyper::client::pool[0m[2m:[0m pooling idle connection for ("http", 192.168.0.14:8545)
[2m2025-12-10T10:08:38.574786Z[0m [34mDEBUG[0m [2methereum_transaction_pool_monitor::eth_client[0m[2m:[0m 📡 Transaction fetch RPC completed in 4.101709ms
[2m2025-12-10T10:08:38.574795Z[0m [34mDEBUG[0m [2methereum_transaction_pool_monitor::eth_client[0m[2m:[0m ✅ Transaction 0x9be33ff53f26fc6a2d504b50afedf199ae8598c7b2f328de150962b27c9249e4 fetched and parsed in 4.110875ms
[2m2025-12-10T10:08:38.574803Z[0m [34mDEBUG[0m [2methereum_transaction_pool_monitor::mempool_monitor[0m[2m:[0m 🔍 Skipping tx 0x9be33ff53f26fc6a2d504b50afedf199ae8598c7b2f328de150962b27c9249e4 - contract creation
[2m2025-12-10T10:08:38.574812Z[0m [34mDEBUG[0m [2methereum_transaction_pool_monitor::mempool_monitor[0m[2m:[0m 📨 Processing new pending transaction: 0x766bde3251eb516db77e551a153a445e3540fb6142bfb064dbc61c36e3a14962
[2m2025-12-10T10:08:38.574816Z[0m [34mDEBUG[0m [2methereum_transaction_pool_monitor::mempool_monitor[0m[2m:[0m 🔍 Fetching transaction details for: 0x766bde3251eb516db77e551a153a445e3540fb6142bfb064dbc61c36e3a14962
[2m2025-12-10T10:08:38.574820Z[0m [34mDEBUG[0m [2methereum_transaction_pool_monitor::eth_client[0m[2m:[0m 🔍 Fetching transaction details for hash: 0x766bde3251eb516db77e551a153a445e3540fb6142bfb064dbc61c36e3a14962
[2m2025-12-10T10:08:38.574829Z[0m [34mDEBUG[0m [2mhyper::client::pool[0m[2m:[0m reuse idle connection for ("http", 192.168.0.14:8545)
[2m2025-12-10T10:08:38.574847Z[0m [34mDEBUG[0m [2mhyper::proto::h1::io[0m[2m:[0m flushed 250 bytes
[2m2025-12-10T10:08:38.578474Z[0m [34mDEBUG[0m [2mhyper::proto::h1::io[0m[2m:[0m parsed 4 headers
[2m2025-12-10T10:08:38.578485Z[0m [34mDEBUG[0m [2mhyper::proto::h1::conn[0m[2m:[0m incoming body is content-length (45 bytes)
[2m2025-12-10T10:08:38.578491Z[0m [34mDEBUG[0m [2mhyper::proto::h1::conn[0m[2m:[0m incoming body completed
[2m2025-12-10T10:08:38.578499Z[0m [34mDEBUG[0m [2mhyper::client::pool[0m[2m:[0m pooling idle connection for ("http", 192.168.0.14:8545)
[2m2025-12-10T10:08:38.579909Z[0m [34mDEBUG[0m [2mhyper::proto::h1::io[0m[2m:[0m parsed 4 headers
[2m2025-12-10T10:08:38.579916Z[0m [34mDEBUG[0m [2mhyper::proto::h1::conn[0m[2m:[0m incoming body is content-length (772 bytes)
[2m2025-12-10T10:08:38.579921Z[0m [34mDEBUG[0m [2mhyper::proto::h1::conn[0m[2m:[0m incoming body completed
[2m2025-12-10T10:08:38.579927Z[0m [34mDEBUG[0m [2mhyper::client::pool[0m[2m:[0m pooling idle connection for ("http", 192.168.0.14:8545)
[2m2025-12-10T10:08:38.579932Z[0m [34mDEBUG[0m [2methereum_transaction_pool_monitor::eth_client[0m[2m:[0m 📡 Transaction fetch RPC completed in 5.107417ms
[2m2025-12-10T10:08:38.666607Z[0m [34mDEBUG[0m [2methereum_transaction_pool_monitor::eth_client[0m[2m:[0m ✅ Transaction 0x766bde3251eb516db77e551a153a445e3540fb6142bfb064dbc61c36e3a14962 fetched and parsed in 91.77925ms
[2m2025-12-10T10:08:38.666641Z[0m [34mDEBUG[0m [2methereum_transaction_pool_monitor::mempool_monitor[0m[2m:[0m 🔍 Skipping tx 0x766bde3251eb516db77e551a153a445e3540fb6142bfb064dbc61c36e3a14962 - not a DEX interaction (target: 0xB8f28C60dD8240141185a192fa4156A23E189305)
[2m2025-12-10T10:08:38.666653Z[0m [34mDEBUG[0m [2methereum_transaction_pool_monitor::mempool_monitor[0m[2m:[0m 📨 Processing new pending transaction: 0x90540f149c063abb6eaf9d13ede9c732674b96db757b08caabd46cbcb62fb1af
[2m2025-12-10T10:08:38.666671Z[0m [34mDEBUG[0m [2methereum_transaction_pool_monitor::mempool_monitor[0m[2m:[0m 🔍 Fetching transaction details for: 0x90540f149c063abb6eaf9d13ede9c732674b96db757b08caabd46cbcb62fb1af
[2m2025-12-10T10:08:38.666679Z[0m [34mDEBUG[0m [2methereum_transaction_pool_monitor::eth_client[0m[2m:[0m 🔍 Fetching transaction details for hash: 0x90540f149c063abb6eaf9d13ede9c732674b96db757b08caabd46cbcb62fb1af
[2m2025-12-10T10:08:38.666703Z[0m [34mDEBUG[0m [2mhyper::client::pool[0m[2m:[0m reuse idle connection for ("http", 192.168.0.14:8545)
[2m2025-12-10T10:08:38.666753Z[0m [34mDEBUG[0m [2mhyper::proto::h1::io[0m[2m:[0m flushed 250 bytes
[2m2025-12-10T10:08:38.666774Z[0m [34mDEBUG[0m [2mhyper::client::pool[0m[2m:[0m reuse idle connection for ("http", 192.168.0.14:8545)
[2m2025-12-10T10:08:38.666788Z[0m [34mDEBUG[0m [2mhyper::proto::h1::io[0m[2m:[0m flushed 172 bytes
[2m2025-12-10T10:08:38.666822Z[0m [34mDEBUG[0m [2methereum_transaction_pool_monitor::eth_client[0m[2m:[0m 📨 Received WebSocket message: {"jsonrpc":"2.0","method":"eth_subscription","params":{"subscription":"0xbed0a0851463e895960a451075a301a9","result":"0x0fe6b32fc092e7ba81478b8fb02ae12f39dfebb8eb15e798b2cf1f93b5798c92"}}
[2m2025-12-10T10:08:38.666832Z[0m [34mDEBUG[0m [2methereum_transaction_pool_monitor::eth_client[0m[2m:[0m 📨 Received pending transaction: 0x0fe6b32fc092e7ba81478b8fb02ae12f39dfebb8eb15e798b2cf1f93b5798c92
[2m2025-12-10T10:08:38.672892Z[0m [34mDEBUG[0m [2mhyper::proto::h1::io[0m[2m:[0m parsed 4 headers
[2m2025-12-10T10:08:38.672904Z[0m [34mDEBUG[0m [2mhyper::proto::h1::conn[0m[2m:[0m incoming body is content-length (45 bytes)
[2m2025-12-10T10:08:38.672913Z[0m [34mDEBUG[0m [2mhyper::proto::h1::conn[0m[2m:[0m incoming body completed
[2m2025-12-10T10:08:38.672923Z[0m [34mDEBUG[0m [2mhyper::client::pool[0m[2m:[0m pooling idle connection for ("http", 192.168.0.14:8545)
[2m2025-12-10T10:08:38.678044Z[0m [34mDEBUG[0m [2mhyper::proto::h1::io[0m[2m:[0m parsed 4 headers
[2m2025-12-10T10:08:38.678064Z[0m [34mDEBUG[0m [2mhyper::proto::h1::conn[0m[2m:[0m incoming body is content-length (4742 bytes)
[2m2025-12-10T10:08:38.678081Z[0m [34mDEBUG[0m [2methereum_transaction_pool_monitor::eth_client[0m[2m:[0m 📡 Transaction fetch RPC completed in 11.392875ms
[2m2025-12-10T10:08:38.679204Z[0m [34mDEBUG[0m [2mhyper::proto::h1::conn[0m[2m:[0m incoming body completed
[2m2025-12-10T10:08:38.679217Z[0m [34mDEBUG[0m [2mhyper::client::pool[0m[2m:[0m pooling idle connection for ("http", 192.168.0.14:8545)
[2m2025-12-10T10:08:38.686879Z[0m [34mDEBUG[0m [2methereum_transaction_pool_monitor::eth_client[0m[2m:[0m 📨 Received WebSocket message: {"jsonrpc":"2.0","method":"eth_subscription","params":{"subscription":"0xbed0a0851463e895960a451075a301a9","result":"0x3afa5bc5cf50268e299e4c89013e85f311e22021c58e00677447dd14ca556488"}}
[2m2025-12-10T10:08:38.686909Z[0m [34mDEBUG[0m [2methereum_transaction_pool_monitor::eth_client[0m[2m:[0m 📨 Received pending transaction: 0x3afa5bc5cf50268e299e4c89013e85f311e22021c58e00677447dd14ca556488
[2m2025-12-10T10:08:38.696981Z[0m [34mDEBUG[0m [2mhyper::client::pool[0m[2m:[0m reuse idle connection for ("http", 192.168.0.14:8545)
[2m2025-12-10T10:08:38.697058Z[0m [34mDEBUG[0m [2mhyper::proto::h1::io[0m[2m:[0m flushed 172 bytes
[2m2025-12-10T10:08:38.700582Z[0m [34mDEBUG[0m [2mhyper::proto::h1::io[0m[2m:[0m parsed 4 headers
[2m2025-12-10T10:08:38.700623Z[0m [34mDEBUG[0m [2mhyper::proto::h1::conn[0m[2m:[0m incoming body is content-length (45 bytes)
[2m2025-12-10T10:08:38.700640Z[0m [34mDEBUG[0m [2mhyper::proto::h1::conn[0m[2m:[0m incoming body completed
[2m2025-12-10T10:08:38.700660Z[0m [34mDEBUG[0m [2mhyper::client::pool[0m[2m:[0m pooling idle connection for ("http", 192.168.0.14:8545)
[2m2025-12-10T10:08:38.749411Z[0m [34mDEBUG[0m [2methereum_transaction_pool_monitor::eth_client[0m[2m:[0m ✅ Transaction 0x90540f149c063abb6eaf9d13ede9c732674b96db757b08caabd46cbcb62fb1af fetched and parsed in 82.721875ms
[2m2025-12-10T10:08:38.749443Z[0m [34mDEBUG[0m [2methereum_transaction_pool_monitor::mempool_monitor[0m[2m:[0m 🔍 Skipping tx 0x90540f149c063abb6eaf9d13ede9c732674b96db757b08caabd46cbcb62fb1af - not a DEX interaction (target: 0xC497058d572D188bFcE1B9813E7D346C54A20812)
[2m2025-12-10T10:08:38.749455Z[0m [34mDEBUG[0m [2methereum_transaction_pool_monitor::mempool_monitor[0m[2m:[0m 📨 Processing new pending transaction: 0x228da31bc0b31147d543ca02eaf0f13f5867e37fc91e6af9167ecf577c7f8ab0
[2m2025-12-10T10:08:38.749463Z[0m [34mDEBUG[0m [2methereum_transaction_pool_monitor::mempool_monitor[0m[2m:[0m 🔍 Fetching transaction details for: 0x228da31bc0b31147d543ca02eaf0f13f5867e37fc91e6af9167ecf577c7f8ab0
[2m2025-12-10T10:08:38.749471Z[0m [34mDEBUG[0m [2methereum_transaction_pool_monitor::eth_client[0m[2m:[0m 🔍 Fetching transaction details for hash: 0x228da31bc0b31147d543ca02eaf0f13f5867e37fc91e6af9167ecf577c7f8ab0
[2m2025-12-10T10:08:38.749495Z[0m [34mDEBUG[0m [2mhyper::client::pool[0m[2m:[0m reuse idle connection for ("http", 192.168.0.14:8545)
[2m2025-12-10T10:08:38.749546Z[0m [34mDEBUG[0m [2mhyper::proto::h1::io[0m[2m:[0m flushed 250 bytes
[2m2025-12-10T10:08:38.758948Z[0m [34mDEBUG[0m [2mhyper::proto::h1::io[0m[2m:[0m parsed 4 headers
[2m2025-12-10T10:08:38.758966Z[0m [34mDEBUG[0m [2mhyper::proto::h1::conn[0m[2m:[0m incoming body is content-length (2885 bytes)
[2m2025-12-10T10:08:38.758975Z[0m [34mDEBUG[0m [2mhyper::proto::h1::conn[0m[2m:[0m incoming body completed
[2m2025-12-10T10:08:38.758988Z[0m [34mDEBUG[0m [2mhyper::client::pool[0m[2m:[0m pooling idle connection for ("http", 192.168.0.14:8545)
[2m2025-12-10T10:08:38.758996Z[0m [34mDEBUG[0m [2methereum_transaction_pool_monitor::eth_client[0m[2m:[0m 📡 Transaction fetch RPC completed in 9.519875ms
[2m2025-12-10T10:08:38.834631Z[0m [34mDEBUG[0m [2methereum_transaction_pool_monitor::eth_client[0m[2m:[0m ✅ Transaction 0x228da31bc0b31147d543ca02eaf0f13f5867e37fc91e6af9167ecf577c7f8ab0 fetched and parsed in 85.152875ms
[2m2025-12-10T10:08:38.834769Z[0m [34mDEBUG[0m [2methereum_transaction_pool_monitor::mempool_monitor[0m[2m:[0m 🔍 Skipping tx 0x228da31bc0b31147d543ca02eaf0f13f5867e37fc91e6af9167ecf577c7f8ab0 - not a DEX interaction (target: 0x26d3681DfC9E4c8C79cfbf461adec8A21d5d73C5)
[2m2025-12-10T10:08:38.834780Z[0m [34mDEBUG[0m [2methereum_transaction_pool_monitor::mempool_monitor[0m[2m:[0m 📨 Processing new pending transaction: 0xfbe9f7745dd53a1380d40aea9e144b9b5a2c52d485c0da7263a9369a416227be
[2m2025-12-10T10:08:38.834785Z[0m [34mDEBUG[0m [2methereum_transaction_pool_monitor::mempool_monitor[0m[2m:[0m 🔍 Fetching transaction details for: 0xfbe9f7745dd53a1380d40aea9e144b9b5a2c52d485c0da7263a9369a416227be
[2m2025-12-10T10:08:38.834789Z[0m [34mDEBUG[0m [2methereum_transaction_pool_monitor::eth_client[0m[2m:[0m 🔍 Fetching transaction details for hash: 0xfbe9f7745dd53a1380d40aea9e144b9b5a2c52d485c0da7263a9369a416227be
[2m2025-12-10T10:08:38.834810Z[0m [34mDEBUG[0m [2mhyper::client::pool[0m[2m:[0m reuse idle connection for ("http", 192.168.0.14:8545)
[2m2025-12-10T10:08:38.834836Z[0m [34mDEBUG[0m [2mhyper::proto::h1::io[0m[2m:[0m flushed 250 bytes
[2m2025-12-10T10:08:38.834863Z[0m [34mDEBUG[0m [2mhyper::client::pool[0m[2m:[0m reuse idle connection for ("http", 192.168.0.14:8545)
[2m2025-12-10T10:08:38.834875Z[0m [34mDEBUG[0m [2mhyper::proto::h1::io[0m[2m:[0m flushed 172 bytes
[2m2025-12-10T10:08:38.839420Z[0m [34mDEBUG[0m [2mhyper::proto::h1::io[0m[2m:[0m parsed 4 headers
[2m2025-12-10T10:08:38.839435Z[0m [34mDEBUG[0m [2mhyper::proto::h1::conn[0m[2m:[0m incoming body is content-length (770 bytes)
[2m2025-12-10T10:08:38.839443Z[0m [34mDEBUG[0m [2mhyper::proto::h1::conn[0m[2m:[0m incoming body completed
[2m2025-12-10T10:08:38.839453Z[0m [34mDEBUG[0m [2mhyper::client::pool[0m[2m:[0m pooling idle connection for ("http", 192.168.0.14:8545)
[2m2025-12-10T10:08:38.839461Z[0m [34mDEBUG[0m [2methereum_transaction_pool_monitor::eth_client[0m[2m:[0m 📡 Transaction fetch RPC completed in 4.66725ms
[2m2025-12-10T10:08:38.839478Z[0m [34mDEBUG[0m [2methereum_transaction_pool_monitor::eth_client[0m[2m:[0m DeFi transaction detected - Address: 0xdac17f958d2ee523a2206206994597c13d831ec7, Type: Stablecoin, Value: 0 ETH, Gas: 0.41 Gwei
[2m2025-12-10T10:08:38.839491Z[0m [34mDEBUG[0m [2methereum_transaction_pool_monitor::eth_client[0m[2m:[0m ✅ Transaction 0xfbe9f7745dd53a1380d40aea9e144b9b5a2c52d485c0da7263a9369a416227be fetched and parsed in 4.697667ms
[2m2025-12-10T10:08:38.839497Z[0m [34mDEBUG[0m [2methereum_transaction_pool_monitor::mempool_monitor[0m[2m:[0m 🔍 Skipping tx 0xfbe9f7745dd53a1380d40aea9e144b9b5a2c52d485c0da7263a9369a416227be - not a DEX interaction (target: 0xdAC17F958D2ee523a2206206994597C13D831ec7)
[2m2025-12-10T10:08:38.839504Z[0m [34mDEBUG[0m [2methereum_transaction_pool_monitor::mempool_monitor[0m[2m:[0m 📨 Processing new pending transaction: 0x3a603911425a43df36f6ef464b353f81e06f2628ce4693c4bb993ac7cf35d961
[2m2025-12-10T10:08:38.839508Z[0m [34mDEBUG[0m [2methereum_transaction_pool_monitor::mempool_monitor[0m[2m:[0m 🔍 Fetching transaction details for: 0x3a603911425a43df36f6ef464b353f81e06f2628ce4693c4bb993ac7cf35d961
[2m2025-12-10T10:08:38.839512Z[0m [34mDEBUG[0m [2methereum_transaction_pool_monitor::eth_client[0m[2m:[0m 🔍 Fetching transaction details for hash: 0x3a603911425a43df36f6ef464b353f81e06f2628ce4693c4bb993ac7cf35d961
[2m2025-12-10T10:08:38.839523Z[0m [34mDEBUG[0m [2mhyper::client::pool[0m[2m:[0m reuse idle connection for ("http", 192.168.0.14:8545)
[2m2025-12-10T10:08:38.839550Z[0m [34mDEBUG[0m [2mhyper::proto::h1::io[0m[2m:[0m flushed 250 bytes
[2m2025-12-10T10:08:38.840132Z[0m [34mDEBUG[0m [2mhyper::proto::h1::io[0m[2m:[0m parsed 4 headers
[2m2025-12-10T10:08:38.840138Z[0m [34mDEBUG[0m [2mhyper::proto::h1::conn[0m[2m:[0m incoming body is content-length (45 bytes)
[2m2025-12-10T10:08:38.840143Z[0m [34mDEBUG[0m [2mhyper::proto::h1::conn[0m[2m:[0m incoming body completed
[2m2025-12-10T10:08:38.840149Z[0m [34mDEBUG[0m [2mhyper::client::pool[0m[2m:[0m pooling idle connection for ("http", 192.168.0.14:8545)
[2m2025-12-10T10:08:38.843437Z[0m [34mDEBUG[0m [2mhyper::proto::h1::io[0m[2m:[0m parsed 4 headers
[2m2025-12-10T10:08:38.843445Z[0m [34mDEBUG[0m [2mhyper::proto::h1::conn[0m[2m:[0m incoming body is content-length (645 bytes)
[2m2025-12-10T10:08:38.843451Z[0m [34mDEBUG[0m [2mhyper::proto::h1::conn[0m[2m:[0m incoming body completed
[2m2025-12-10T10:08:38.843458Z[0m [34mDEBUG[0m [2mhyper::client::pool[0m[2m:[0m pooling idle connection for ("http", 192.168.0.14:8545)
[2m2025-12-10T10:08:38.843464Z[0m [34mDEBUG[0m [2methereum_transaction_pool_monitor::eth_client[0m[2m:[0m 📡 Transaction fetch RPC completed in 3.948042ms
[2m2025-12-10T10:08:38.913288Z[0m [34mDEBUG[0m [2methereum_transaction_pool_monitor::eth_client[0m[2m:[0m ✅ Transaction 0x3a603911425a43df36f6ef464b353f81e06f2628ce4693c4bb993ac7cf35d961 fetched and parsed in 73.770417ms
[2m2025-12-10T10:08:38.913307Z[0m [34mDEBUG[0m [2methereum_transaction_pool_monitor::mempool_monitor[0m[2m:[0m 🔍 Skipping tx 0x3a603911425a43df36f6ef464b353f81e06f2628ce4693c4bb993ac7cf35d961 - not a DEX interaction (target: 0x4a401DAF127059b19c4628CacFe687E50075C58e)
[2m2025-12-10T10:08:38.913316Z[0m [34mDEBUG[0m [2methereum_transaction_pool_monitor::mempool_monitor[0m[2m:[0m 📨 Processing new pending transaction: 0x874135f7046a6caadf8f6d50d8043943fc0d0db8c6f9f21ec3eb811f4f15ab81
[2m2025-12-10T10:08:38.913320Z[0m [34mDEBUG[0m [2methereum_transaction_pool_monitor::mempool_monitor[0m[2m:[0m 🔍 Fetching transaction details for: 0x874135f7046a6caadf8f6d50d8043943fc0d0db8c6f9f21ec3eb811f4f15ab81
[2m2025-12-10T10:08:38.913324Z[0m [34mDEBUG[0m [2methereum_transaction_pool_monitor::eth_client[0m[2m:[0m 🔍 Fetching transaction details for hash: 0x874135f7046a6caadf8f6d50d8043943fc0d0db8c6f9f21ec3eb811f4f15ab81
[2m2025-12-10T10:08:38.913342Z[0m [34mDEBUG[0m [2mhyper::client::pool[0m[2m:[0m reuse idle connection for ("http", 192.168.0.14:8545)
[2m2025-12-10T10:08:38.913376Z[0m [34mDEBUG[0m [2mhyper::proto::h1::io[0m[2m:[0m flushed 250 bytes
[2m2025-12-10T10:08:38.913407Z[0m [34mDEBUG[0m [2mhyper::client::pool[0m[2m:[0m reuse idle connection for ("http", 192.168.0.14:8545)
[2m2025-12-10T10:08:38.913415Z[0m [34mDEBUG[0m [2methereum_transaction_pool_monitor::eth_client[0m[2m:[0m 📨 Received WebSocket message: {"jsonrpc":"2.0","method":"eth_subscription","params":{"subscription":"0xbed0a0851463e895960a451075a301a9","result":"0x9551d6f6d43d91e2421c5b82a6e08591d85451ad884a90e471c1645b167e85da"}}
[2m2025-12-10T10:08:38.913419Z[0m [34mDEBUG[0m [2mhyper::proto::h1::io[0m[2m:[0m flushed 172 bytes
[2m2025-12-10T10:08:38.913429Z[0m [34mDEBUG[0m [2methereum_transaction_pool_monitor::eth_client[0m[2m:[0m 📨 Received pending transaction: 0x9551d6f6d43d91e2421c5b82a6e08591d85451ad884a90e471c1645b167e85da
[2m2025-12-10T10:08:38.918230Z[0m [34mDEBUG[0m [2mhyper::proto::h1::io[0m[2m:[0m parsed 4 headers
[2m2025-12-10T10:08:38.918245Z[0m [34mDEBUG[0m [2mhyper::proto::h1::conn[0m[2m:[0m incoming body is content-length (644 bytes)
[2m2025-12-10T10:08:38.918254Z[0m [34mDEBUG[0m [2mhyper::proto::h1::conn[0m[2m:[0m incoming body completed
[2m2025-12-10T10:08:38.918263Z[0m [34mDEBUG[0m [2mhyper::client::pool[0m[2m:[0m pooling idle connection for ("http", 192.168.0.14:8545)
[2m2025-12-10T10:08:38.918270Z[0m [34mDEBUG[0m [2methereum_transaction_pool_monitor::eth_client[0m[2m:[0m 📡 Transaction fetch RPC completed in 4.941542ms
[2m2025-12-10T10:08:38.987377Z[0m [34mDEBUG[0m [2methereum_transaction_pool_monitor::eth_client[0m[2m:[0m ✅ Transaction 0x874135f7046a6caadf8f6d50d8043943fc0d0db8c6f9f21ec3eb811f4f15ab81 fetched and parsed in 74.045625ms
[2m2025-12-10T10:08:38.987396Z[0m [34mDEBUG[0m [2methereum_transaction_pool_monitor::mempool_monitor[0m[2m:[0m 🔍 Skipping tx 0x874135f7046a6caadf8f6d50d8043943fc0d0db8c6f9f21ec3eb811f4f15ab81 - not a DEX interaction (target: 0x17E5545B11b468072283Cee1F066a059Fb0dbF24)
[2m2025-12-10T10:08:38.987405Z[0m [34mDEBUG[0m [2methereum_transaction_pool_monitor::mempool_monitor[0m[2m:[0m 📨 Processing new pending transaction: 0x7464920bfbbc9fca6952723e2600c7ca782487d0bd45d799355315d7b26088e4
[2m2025-12-10T10:08:38.987410Z[0m [34mDEBUG[0m [2methereum_transaction_pool_monitor::mempool_monitor[0m[2m:[0m 🔍 Fetching transaction details for: 0x7464920bfbbc9fca6952723e2600c7ca782487d0bd45d799355315d7b26088e4
[2m2025-12-10T10:08:38.987416Z[0m [34mDEBUG[0m [2methereum_transaction_pool_monitor::eth_client[0m[2m:[0m 🔍 Fetching transaction details for hash: 0x7464920bfbbc9fca6952723e2600c7ca782487d0bd45d799355315d7b26088e4
[2m2025-12-10T10:08:38.987433Z[0m [34mDEBUG[0m [2mhyper::client::pool[0m[2m:[0m reuse idle connection for ("http", 192.168.0.14:8545)
[2m2025-12-10T10:08:38.987468Z[0m [34mDEBUG[0m [2mhyper::proto::h1::io[0m[2m:[0m flushed 250 bytes
[2m2025-12-10T10:08:38.987488Z[0m [34mDEBUG[0m [2methereum_transaction_pool_monitor::eth_client[0m[2m:[0m 📨 Received WebSocket message: {"jsonrpc":"2.0","method":"eth_subscription","params":{"subscription":"0xbed0a0851463e895960a451075a301a9","result":"0x76f0ee7f7ac561ae7a3678f3e45aabbbc7c39eec31bafc2e3e1136f09ca9a89e"}}
[2m2025-12-10T10:08:38.987495Z[0m [34mDEBUG[0m [2methereum_transaction_pool_monitor::eth_client[0m[2m:[0m 📨 Received pending transaction: 0x76f0ee7f7ac561ae7a3678f3e45aabbbc7c39eec31bafc2e3e1136f09ca9a89e
[2m2025-12-10T10:08:38.987505Z[0m [34mDEBUG[0m [2mhyper::proto::h1::io[0m[2m:[0m parsed 4 headers
[2m2025-12-10T10:08:38.987510Z[0m [34mDEBUG[0m [2mhyper::proto::h1::conn[0m[2m:[0m incoming body is content-length (45 bytes)
[2m2025-12-10T10:08:38.987516Z[0m [34mDEBUG[0m [2mhyper::proto::h1::conn[0m[2m:[0m incoming body completed
[2m2025-12-10T10:08:38.987523Z[0m [34mDEBUG[0m [2mhyper::client::pool[0m[2m:[0m pooling idle connection for ("http", 192.168.0.14:8545)
[2m2025-12-10T10:08:38.993230Z[0m [34mDEBUG[0m [2mhyper::proto::h1::io[0m[2m:[0m parsed 4 headers
[2m2025-12-10T10:08:38.993269Z[0m [34mDEBUG[0m [2mhyper::proto::h1::conn[0m[2m:[0m incoming body is content-length (5252 bytes)
[2m2025-12-10T10:08:38.993286Z[0m [34mDEBUG[0m [2mhyper::proto::h1::conn[0m[2m:[0m incoming body completed
[2m2025-12-10T10:08:38.993298Z[0m [34mDEBUG[0m [2mhyper::client::pool[0m[2m:[0m pooling idle connection for ("http", 192.168.0.14:8545)
[2m2025-12-10T10:08:38.993310Z[0m [34mDEBUG[0m [2methereum_transaction_pool_monitor::eth_client[0m[2m:[0m 📡 Transaction fetch RPC completed in 5.890333ms
[2m2025-12-10T10:08:39.065319Z[0m [34mDEBUG[0m [2methereum_transaction_pool_monitor::eth_client[0m[2m:[0m ✅ Transaction 0x7464920bfbbc9fca6952723e2600c7ca782487d0bd45d799355315d7b26088e4 fetched and parsed in 77.897458ms
[2m2025-12-10T10:08:39.065341Z[0m [34mDEBUG[0m [2methereum_transaction_pool_monitor::mempool_monitor[0m[2m:[0m 🔍 Skipping tx 0x7464920bfbbc9fca6952723e2600c7ca782487d0bd45d799355315d7b26088e4 - not a DEX interaction (target: 0xF6801D319497789f934ec7F83E142a9536312B08)
[2m2025-12-10T10:08:39.065351Z[0m [34mDEBUG[0m [2methereum_transaction_pool_monitor::mempool_monitor[0m[2m:[0m 📨 Processing new pending transaction: 0x3aac76e5af28066c904e5faec28cd1a49bfaf7c7a3eec1f9e31c8e6c0de03e82
[2m2025-12-10T10:08:39.065357Z[0m [34mDEBUG[0m [2methereum_transaction_pool_monitor::mempool_monitor[0m[2m:[0m 🔍 Fetching transaction details for: 0x3aac76e5af28066c904e5faec28cd1a49bfaf7c7a3eec1f9e31c8e6c0de03e82
[2m2025-12-10T10:08:39.065362Z[0m [34mDEBUG[0m [2methereum_transaction_pool_monitor::eth_client[0m[2m:[0m 🔍 Fetching transaction details for hash: 0x3aac76e5af28066c904e5faec28cd1a49bfaf7c7a3eec1f9e31c8e6c0de03e82
[2m2025-12-10T10:08:39.065384Z[0m [34mDEBUG[0m [2mhyper::client::pool[0m[2m:[0m reuse idle connection for ("http", 192.168.0.14:8545)
[2m2025-12-10T10:08:39.065422Z[0m [34mDEBUG[0m [2mhyper::proto::h1::io[0m[2m:[0m flushed 250 bytes
[2m2025-12-10T10:08:39.065457Z[0m [34mDEBUG[0m [2mhyper::client::pool[0m[2m:[0m reuse idle connection for ("http", 192.168.0.14:8545)
[2m2025-12-10T10:08:39.065469Z[0m [34mDEBUG[0m [2mhyper::proto::h1::io[0m[2m:[0m flushed 172 bytes
[2m2025-12-10T10:08:39.072027Z[0m [34mDEBUG[0m [2mhyper::proto::h1::io[0m[2m:[0m parsed 4 headers
[2m2025-12-10T10:08:39.072036Z[0m [34mDEBUG[0m [2mhyper::proto::h1::conn[0m[2m:[0m incoming body is content-length (770 bytes)
[2m2025-12-10T10:08:39.072045Z[0m [34mDEBUG[0m [2mhyper::proto::h1::conn[0m[2m:[0m incoming body completed
[2m2025-12-10T10:08:39.072055Z[0m [34mDEBUG[0m [2mhyper::client::pool[0m[2m:[0m pooling idle connection for ("http", 192.168.0.14:8545)
[2m2025-12-10T10:08:39.072063Z[0m [34mDEBUG[0m [2methereum_transaction_pool_monitor::eth_client[0m[2m:[0m 📡 Transaction fetch RPC completed in 6.69475ms
[2m2025-12-10T10:08:39.141820Z[0m [34mDEBUG[0m [2methereum_transaction_pool_monitor::eth_client[0m[2m:[0m ✅ Transaction 0x3aac76e5af28066c904e5faec28cd1a49bfaf7c7a3eec1f9e31c8e6c0de03e82 fetched and parsed in 76.448458ms
[2m2025-12-10T10:08:39.141836Z[0m [34mDEBUG[0m [2methereum_transaction_pool_monitor::mempool_monitor[0m[2m:[0m 🔍 Skipping tx 0x3aac76e5af28066c904e5faec28cd1a49bfaf7c7a3eec1f9e31c8e6c0de03e82 - not a DEX interaction (target: 0xA0b86991c6218b36c1d19D4a2e9Eb0cE3606eB48)
[2m2025-12-10T10:08:39.141845Z[0m [34mDEBUG[0m [2methereum_transaction_pool_monitor::mempool_monitor[0m[2m:[0m 📨 Processing new pending transaction: 0xf417b686fa5eef37952c92f2cb17fa709e81cd1b17f8289920ee3a1c6df5b0b3
[2m2025-12-10T10:08:39.141849Z[0m [34mDEBUG[0m [2methereum_transaction_pool_monitor::mempool_monitor[0m[2m:[0m 🔍 Fetching transaction details for: 0xf417b686fa5eef37952c92f2cb17fa709e81cd1b17f8289920ee3a1c6df5b0b3
[2m2025-12-10T10:08:39.141853Z[0m [34mDEBUG[0m [2methereum_transaction_pool_monitor::eth_client[0m[2m:[0m 🔍 Fetching transaction details for hash: 0xf417b686fa5eef37952c92f2cb17fa709e81cd1b17f8289920ee3a1c6df5b0b3
[2m2025-12-10T10:08:39.141869Z[0m [34mDEBUG[0m [2mhyper::client::pool[0m[2m:[0m reuse idle connection for ("http", 192.168.0.14:8545)
[2m2025-12-10T10:08:39.141897Z[0m [34mDEBUG[0m [2mhyper::proto::h1::io[0m[2m:[0m flushed 250 bytes
[2m2025-12-10T10:08:39.141913Z[0m [34mDEBUG[0m [2methereum_transaction_pool_monitor::eth_client[0m[2m:[0m 📨 Received WebSocket message: {"jsonrpc":"2.0","method":"eth_subscription","params":{"subscription":"0xbed0a0851463e895960a451075a301a9","result":"0x38425d84161aaddc66cdeb70c12ae77555852b35e33da59a219246b7f63fcb7d"}}
[2m2025-12-10T10:08:39.141921Z[0m [34mDEBUG[0m [2methereum_transaction_pool_monitor::eth_client[0m[2m:[0m 📨 Received pending transaction: 0x38425d84161aaddc66cdeb70c12ae77555852b35e33da59a219246b7f63fcb7d
[2m2025-12-10T10:08:39.141923Z[0m [34mDEBUG[0m [2mhyper::proto::h1::io[0m[2m:[0m parsed 4 headers
[2m2025-12-10T10:08:39.141931Z[0m [34mDEBUG[0m [2mhyper::proto::h1::conn[0m[2m:[0m incoming body is content-length (45 bytes)
[2m2025-12-10T10:08:39.141937Z[0m [34mDEBUG[0m [2mhyper::proto::h1::conn[0m[2m:[0m incoming body completed
[2m2025-12-10T10:08:39.141945Z[0m [34mDEBUG[0m [2mhyper::client::pool[0m[2m:[0m pooling idle connection for ("http", 192.168.0.14:8545)
[2m2025-12-10T10:08:39.141958Z[0m [34mDEBUG[0m [2mhyper::client::pool[0m[2m:[0m reuse idle connection for ("http", 192.168.0.14:8545)
[2m2025-12-10T10:08:39.141972Z[0m [34mDEBUG[0m [2mhyper::proto::h1::io[0m[2m:[0m flushed 172 bytes
[2m2025-12-10T10:08:39.145435Z[0m [34mDEBUG[0m [2mhyper::proto::h1::io[0m[2m:[0m parsed 4 headers
[2m2025-12-10T10:08:39.145444Z[0m [34mDEBUG[0m [2mhyper::proto::h1::conn[0m[2m:[0m incoming body is content-length (45 bytes)
[2m2025-12-10T10:08:39.145450Z[0m [34mDEBUG[0m [2mhyper::proto::h1::conn[0m[2m:[0m incoming body completed
[2m2025-12-10T10:08:39.145458Z[0m [34mDEBUG[0m [2mhyper::client::pool[0m[2m:[0m pooling idle connection for ("http", 192.168.0.14:8545)
[2m2025-12-10T10:08:39.147751Z[0m [34mDEBUG[0m [2mhyper::proto::h1::io[0m[2m:[0m parsed 4 headers
[2m2025-12-10T10:08:39.147764Z[0m [34mDEBUG[0m [2mhyper::proto::h1::conn[0m[2m:[0m incoming body is content-length (1731 bytes)
[2m2025-12-10T10:08:39.147773Z[0m [34mDEBUG[0m [2mhyper::proto::h1::conn[0m[2m:[0m incoming body completed
[2m2025-12-10T10:08:39.147783Z[0m [34mDEBUG[0m [2mhyper::client::pool[0m[2m:[0m pooling idle connection for ("http", 192.168.0.14:8545)
[2m2025-12-10T10:08:39.147791Z[0m [34mDEBUG[0m [2methereum_transaction_pool_monitor::eth_client[0m[2m:[0m 📡 Transaction fetch RPC completed in 5.9335ms
[2m2025-12-10T10:08:39.219579Z[0m [34mDEBUG[0m [2methereum_transaction_pool_monitor::eth_client[0m[2m:[0m ✅ Transaction 0xf417b686fa5eef37952c92f2cb17fa709e81cd1b17f8289920ee3a1c6df5b0b3 fetched and parsed in 77.718333ms
[2m2025-12-10T10:08:39.219606Z[0m [34mDEBUG[0m [2methereum_transaction_pool_monitor::mempool_monitor[0m[2m:[0m 🔍 Skipping tx 0xf417b686fa5eef37952c92f2cb17fa709e81cd1b17f8289920ee3a1c6df5b0b3 - not a DEX interaction (target: 0x601a2aD6CB5949f0529735254189Ba3194221EDF)
[2m2025-12-10T10:08:39.219617Z[0m [34mDEBUG[0m [2methereum_transaction_pool_monitor::mempool_monitor[0m[2m:[0m 📨 Processing new pending transaction: 0x000fbb3c0e352d5479b13a10fae87d101d0eb2738b9c9554b17898045245b4eb
[2m2025-12-10T10:08:39.219624Z[0m [34mDEBUG[0m [2methereum_transaction_pool_monitor::mempool_monitor[0m[2m:[0m 🔍 Fetching transaction details for: 0x000fbb3c0e352d5479b13a10fae87d101d0eb2738b9c9554b17898045245b4eb
[2m2025-12-10T10:08:39.219631Z[0m [34mDEBUG[0m [2methereum_transaction_pool_monitor::eth_client[0m[2m:[0m 🔍 Fetching transaction details for hash: 0x000fbb3c0e352d5479b13a10fae87d101d0eb2738b9c9554b17898045245b4eb
[2m2025-12-10T10:08:39.219655Z[0m [34mDEBUG[0m [2mhyper::client::pool[0m[2m:[0m reuse idle connection for ("http", 192.168.0.14:8545)
[2m2025-12-10T10:08:39.219697Z[0m [34mDEBUG[0m [2mhyper::proto::h1::io[0m[2m:[0m flushed 250 bytes
[2m2025-12-10T10:08:39.219752Z[0m [34mDEBUG[0m [2mhyper::client::pool[0m[2m:[0m reuse idle connection for ("http", 192.168.0.14:8545)
[2m2025-12-10T10:08:39.219768Z[0m [34mDEBUG[0m [2mhyper::proto::h1::io[0m[2m:[0m flushed 172 bytes
[2m2025-12-10T10:08:39.224082Z[0m [34mDEBUG[0m [2mhyper::proto::h1::io[0m[2m:[0m parsed 4 headers
[2m2025-12-10T10:08:39.224094Z[0m [34mDEBUG[0m [2mhyper::proto::h1::conn[0m[2m:[0m incoming body is content-length (45 bytes)
[2m2025-12-10T10:08:39.224103Z[0m [34mDEBUG[0m [2mhyper::proto::h1::conn[0m[2m:[0m incoming body completed
[2m2025-12-10T10:08:39.224113Z[0m [34mDEBUG[0m [2mhyper::client::pool[0m[2m:[0m pooling idle connection for ("http", 192.168.0.14:8545)
[2m2025-12-10T10:08:39.228662Z[0m [34mDEBUG[0m [2mhyper::proto::h1::io[0m[2m:[0m parsed 4 headers
[2m2025-12-10T10:08:39.228669Z[0m [34mDEBUG[0m [2mhyper::proto::h1::conn[0m[2m:[0m incoming body is content-length (771 bytes)
[2m2025-12-10T10:08:39.228674Z[0m [34mDEBUG[0m [2mhyper::proto::h1::conn[0m[2m:[0m incoming body completed
[2m2025-12-10T10:08:39.228681Z[0m [34mDEBUG[0m [2mhyper::client::pool[0m[2m:[0m pooling idle connection for ("http", 192.168.0.14:8545)
[2m2025-12-10T10:08:39.228687Z[0m [34mDEBUG[0m [2methereum_transaction_pool_monitor::eth_client[0m[2m:[0m 📡 Transaction fetch RPC completed in 9.051917ms
[2m2025-12-10T10:08:39.300055Z[0m [34mDEBUG[0m [2methereum_transaction_pool_monitor::eth_client[0m[2m:[0m ✅ Transaction 0x000fbb3c0e352d5479b13a10fae87d101d0eb2738b9c9554b17898045245b4eb fetched and parsed in 80.417417ms
[2m2025-12-10T10:08:39.300085Z[0m [34mDEBUG[0m [2methereum_transaction_pool_monitor::mempool_monitor[0m[2m:[0m 🔍 Skipping tx 0x000fbb3c0e352d5479b13a10fae87d101d0eb2738b9c9554b17898045245b4eb - not a DEX interaction (target: 0xB8f28C60dD8240141185a192fa4156A23E189305)
[2m2025-12-10T10:08:39.300097Z[0m [34mDEBUG[0m [2methereum_transaction_pool_monitor::mempool_monitor[0m[2m:[0m 📨 Processing new pending transaction: 0xc4ed9a4ef03324017a513f8e2b0fc8f2edc957583f2bb3c7730a318f4a10dda0
[2m2025-12-10T10:08:39.300108Z[0m [34mDEBUG[0m [2methereum_transaction_pool_monitor::mempool_monitor[0m[2m:[0m 🔍 Fetching transaction details for: 0xc4ed9a4ef03324017a513f8e2b0fc8f2edc957583f2bb3c7730a318f4a10dda0
[2m2025-12-10T10:08:39.300114Z[0m [34mDEBUG[0m [2methereum_transaction_pool_monitor::eth_client[0m[2m:[0m 🔍 Fetching transaction details for hash: 0xc4ed9a4ef03324017a513f8e2b0fc8f2edc957583f2bb3c7730a318f4a10dda0
[2m2025-12-10T10:08:39.300138Z[0m [34mDEBUG[0m [2mhyper::client::pool[0m[2m:[0m reuse idle connection for ("http", 192.168.0.14:8545)
[2m2025-12-10T10:08:39.300193Z[0m [34mDEBUG[0m [2mhyper::proto::h1::io[0m[2m:[0m flushed 250 bytes
[2m2025-12-10T10:08:39.300221Z[0m [34mDEBUG[0m [2mhyper::client::pool[0m[2m:[0m reuse idle connection for ("http", 192.168.0.14:8545)
[2m2025-12-10T10:08:39.300239Z[0m [34mDEBUG[0m [2mhyper::proto::h1::io[0m[2m:[0m flushed 172 bytes
[2m2025-12-10T10:08:39.305727Z[0m [34mDEBUG[0m [2mhyper::proto::h1::io[0m[2m:[0m parsed 4 headers
[2m2025-12-10T10:08:39.305737Z[0m [34mDEBUG[0m [2mhyper::proto::h1::conn[0m[2m:[0m incoming body is content-length (45 bytes)
[2m2025-12-10T10:08:39.305745Z[0m [34mDEBUG[0m [2mhyper::proto::h1::conn[0m[2m:[0m incoming body completed
[2m2025-12-10T10:08:39.305754Z[0m [34mDEBUG[0m [2mhyper::client::pool[0m[2m:[0m pooling idle connection for ("http", 192.168.0.14:8545)
[2m2025-12-10T10:08:39.305774Z[0m [34mDEBUG[0m [2mhyper::proto::h1::io[0m[2m:[0m parsed 4 headers
[2m2025-12-10T10:08:39.305782Z[0m [34mDEBUG[0m [2mhyper::proto::h1::conn[0m[2m:[0m incoming body is content-length (762 bytes)
[2m2025-12-10T10:08:39.305786Z[0m [34mDEBUG[0m [2mhyper::proto::h1::conn[0m[2m:[0m incoming body completed
[2m2025-12-10T10:08:39.305793Z[0m [34mDEBUG[0m [2mhyper::client::pool[0m[2m:[0m pooling idle connection for ("http", 192.168.0.14:8545)
[2m2025-12-10T10:08:39.305798Z[0m [34mDEBUG[0m [2methereum_transaction_pool_monitor::eth_client[0m[2m:[0m 📡 Transaction fetch RPC completed in 5.672791ms
[2m2025-12-10T10:08:39.305810Z[0m [34mDEBUG[0m [2methereum_transaction_pool_monitor::eth_client[0m[2m:[0m DeFi transaction detected - Address: 0xdac17f958d2ee523a2206206994597c13d831ec7, Type: Stablecoin, Value: 0 ETH, Gas: 0.22 Gwei
[2m2025-12-10T10:08:39.305824Z[0m [34mDEBUG[0m [2methereum_transaction_pool_monitor::eth_client[0m[2m:[0m ✅ Transaction 0xc4ed9a4ef03324017a513f8e2b0fc8f2edc957583f2bb3c7730a318f4a10dda0 fetched and parsed in 5.698333ms
[2m2025-12-10T10:08:39.305832Z[0m [34mDEBUG[0m [2methereum_transaction_pool_monitor::mempool_monitor[0m[2m:[0m 🔍 Skipping tx 0xc4ed9a4ef03324017a513f8e2b0fc8f2edc957583f2bb3c7730a318f4a10dda0 - not a DEX interaction (target: 0xdAC17F958D2ee523a2206206994597C13D831ec7)
[2m2025-12-10T10:08:39.305842Z[0m [34mDEBUG[0m [2methereum_transaction_pool_monitor::mempool_monitor[0m[2m:[0m 📨 Processing new pending transaction: 0x8098d18726d978c198998e651d811555ac8290c64e56b41c8bd427fac9d27eb8
[2m2025-12-10T10:08:39.305847Z[0m [34mDEBUG[0m [2methereum_transaction_pool_monitor::mempool_monitor[0m[2m:[0m 🔍 Fetching transaction details for: 0x8098d18726d978c198998e651d811555ac8290c64e56b41c8bd427fac9d27eb8
[2m2025-12-10T10:08:39.305851Z[0m [34mDEBUG[0m [2methereum_transaction_pool_monitor::eth_client[0m[2m:[0m 🔍 Fetching transaction details for hash: 0x8098d18726d978c198998e651d811555ac8290c64e56b41c8bd427fac9d27eb8
[2m2025-12-10T10:08:39.305862Z[0m [34mDEBUG[0m [2mhyper::client::pool[0m[2m:[0m reuse idle connection for ("http", 192.168.0.14:8545)
[2m2025-12-10T10:08:39.305882Z[0m [34mDEBUG[0m [2mhyper::proto::h1::io[0m[2m:[0m flushed 250 bytes
[2m2025-12-10T10:08:39.312147Z[0m [34mDEBUG[0m [2mhyper::proto::h1::io[0m[2m:[0m parsed 4 headers
[2m2025-12-10T10:08:39.312157Z[0m [34mDEBUG[0m [2mhyper::proto::h1::conn[0m[2m:[0m incoming body is content-length (774 bytes)
[2m2025-12-10T10:08:39.312164Z[0m [34mDEBUG[0m [2mhyper::proto::h1::conn[0m[2m:[0m incoming body completed
[2m2025-12-10T10:08:39.312175Z[0m [34mDEBUG[0m [2mhyper::client::pool[0m[2m:[0m pooling idle connection for ("http", 192.168.0.14:8545)
[2m2025-12-10T10:08:39.312182Z[0m [34mDEBUG[0m [2methereum_transaction_pool_monitor::eth_client[0m[2m:[0m 📡 Transaction fetch RPC completed in 6.326292ms
[2m2025-12-10T10:08:39.389078Z[0m [34mDEBUG[0m [2methereum_transaction_pool_monitor::eth_client[0m[2m:[0m ✅ Transaction 0x8098d18726d978c198998e651d811555ac8290c64e56b41c8bd427fac9d27eb8 fetched and parsed in 83.220125ms
[2m2025-12-10T10:08:39.389104Z[0m [34mDEBUG[0m [2methereum_transaction_pool_monitor::mempool_monitor[0m[2m:[0m 🔍 Skipping tx 0x8098d18726d978c198998e651d811555ac8290c64e56b41c8bd427fac9d27eb8 - not a DEX interaction (target: 0xA2cd3D43c775978A96BdBf12d733D5A1ED94fb18)
[2m2025-12-10T10:08:39.389114Z[0m [34mDEBUG[0m [2methereum_transaction_pool_monitor::mempool_monitor[0m[2m:[0m 📨 Processing new pending transaction: 0x811f01ad3d7ca2d763db12a6a094a6835e380030408a62b26e0eddae5e5cda6d
[2m2025-12-10T10:08:39.389120Z[0m [34mDEBUG[0m [2methereum_transaction_pool_monitor::mempool_monitor[0m[2m:[0m 🔍 Fetching transaction details for: 0x811f01ad3d7ca2d763db12a6a094a6835e380030408a62b26e0eddae5e5cda6d
[2m2025-12-10T10:08:39.389124Z[0m [34mDEBUG[0m [2methereum_transaction_pool_monitor::eth_client[0m[2m:[0m 🔍 Fetching transaction details for hash: 0x811f01ad3d7ca2d763db12a6a094a6835e380030408a62b26e0eddae5e5cda6d
[2m2025-12-10T10:08:39.389143Z[0m [34mDEBUG[0m [2mhyper::client::pool[0m[2m:[0m reuse idle connection for ("http", 192.168.0.14:8545)
[2m2025-12-10T10:08:39.389188Z[0m [34mDEBUG[0m [2mhyper::proto::h1::io[0m[2m:[0m flushed 250 bytes
[2m2025-12-10T10:08:39.389204Z[0m [34mDEBUG[0m [2methereum_transaction_pool_monitor::eth_client[0m[2m:[0m 📨 Received WebSocket message: {"jsonrpc":"2.0","method":"eth_subscription","params":{"subscription":"0xbed0a0851463e895960a451075a301a9","result":"0xe7cebf11715f0131027f6e6232029c20cf2426c32c983bb4eb8d0261ad145d29"}}
[2m2025-12-10T10:08:39.389210Z[0m [34mDEBUG[0m [2methereum_transaction_pool_monitor::eth_client[0m[2m:[0m 📨 Received pending transaction: 0xe7cebf11715f0131027f6e6232029c20cf2426c32c983bb4eb8d0261ad145d29
[2m2025-12-10T10:08:39.396146Z[0m [34mDEBUG[0m [2methereum_transaction_pool_monitor::eth_client[0m[2m:[0m 📨 Received WebSocket message: {"jsonrpc":"2.0","method":"eth_subscription","params":{"subscription":"0xbed0a0851463e895960a451075a301a9","result":"0x5509438ab0edc8170b9f088aefd4965b4a2128e68e7ec7b069707eb9fb7f32a4"}}
[2m2025-12-10T10:08:39.396168Z[0m [34mDEBUG[0m [2methereum_transaction_pool_monitor::eth_client[0m[2m:[0m 📨 Received pending transaction: 0x5509438ab0edc8170b9f088aefd4965b4a2128e68e7ec7b069707eb9fb7f32a4
[2m2025-12-10T10:08:39.396175Z[0m [34mDEBUG[0m [2mhyper::client::pool[0m[2m:[0m reuse idle connection for ("http", 192.168.0.14:8545)
[2m2025-12-10T10:08:39.396220Z[0m [34mDEBUG[0m [2mhyper::proto::h1::io[0m[2m:[0m flushed 172 bytes
[2m2025-12-10T10:08:39.398550Z[0m [34mDEBUG[0m [2mhyper::proto::h1::io[0m[2m:[0m parsed 4 headers
[2m2025-12-10T10:08:39.398576Z[0m [34mDEBUG[0m [2mhyper::proto::h1::conn[0m[2m:[0m incoming body is content-length (4743 bytes)
[2m2025-12-10T10:08:39.398586Z[0m [34mDEBUG[0m [2mhyper::proto::h1::conn[0m[2m:[0m incoming body completed
[2m2025-12-10T10:08:39.398598Z[0m [34mDEBUG[0m [2mhyper::client::pool[0m[2m:[0m pooling idle connection for ("http", 192.168.0.14:8545)
[2m2025-12-10T10:08:39.398606Z[0m [34mDEBUG[0m [2methereum_transaction_pool_monitor::eth_client[0m[2m:[0m 📡 Transaction fetch RPC completed in 9.477625ms
[2m2025-12-10T10:08:39.465897Z[0m [34mDEBUG[0m [2methereum_transaction_pool_monitor::eth_client[0m[2m:[0m ✅ Transaction 0x811f01ad3d7ca2d763db12a6a094a6835e380030408a62b26e0eddae5e5cda6d fetched and parsed in 76.76575ms
[2m2025-12-10T10:08:39.465917Z[0m [34mDEBUG[0m [2methereum_transaction_pool_monitor::mempool_monitor[0m[2m:[0m 🔍 Skipping tx 0x811f01ad3d7ca2d763db12a6a094a6835e380030408a62b26e0eddae5e5cda6d - not a DEX interaction (target: 0xC497058d572D188bFcE1B9813E7D346C54A20812)
[2m2025-12-10T10:08:39.465927Z[0m [34mDEBUG[0m [2methereum_transaction_pool_monitor::mempool_monitor[0m[2m:[0m 📨 Processing new pending transaction: 0xf32181ce893f354ff1973be825a35df3e270d56d10ce9463e281ffff70cb256c
[2m2025-12-10T10:08:39.465932Z[0m [34mDEBUG[0m [2methereum_transaction_pool_monitor::mempool_monitor[0m[2m:[0m 🔍 Fetching transaction details for: 0xf32181ce893f354ff1973be825a35df3e270d56d10ce9463e281ffff70cb256c
[2m2025-12-10T10:08:39.465936Z[0m [34mDEBUG[0m [2methereum_transaction_pool_monitor::eth_client[0m[2m:[0m 🔍 Fetching transaction details for hash: 0xf32181ce893f354ff1973be825a35df3e270d56d10ce9463e281ffff70cb256c
[2m2025-12-10T10:08:39.465957Z[0m [34mDEBUG[0m [2mhyper::client::pool[0m[2m:[0m reuse idle connection for ("http", 192.168.0.14:8545)
[2m2025-12-10T10:08:39.465996Z[0m [34mDEBUG[0m [2mhyper::proto::h1::io[0m[2m:[0m flushed 250 bytes
[2m2025-12-10T10:08:39.466016Z[0m [34mDEBUG[0m [2mhyper::proto::h1::io[0m[2m:[0m parsed 4 headers
[2m2025-12-10T10:08:39.466021Z[0m [34mDEBUG[0m [2mhyper::proto::h1::conn[0m[2m:[0m incoming body is content-length (45 bytes)
[2m2025-12-10T10:08:39.466022Z[0m [34mDEBUG[0m [2methereum_transaction_pool_monitor::eth_client[0m[2m:[0m 📨 Received WebSocket message: {"jsonrpc":"2.0","method":"eth_subscription","params":{"subscription":"0xbed0a0851463e895960a451075a301a9","result":"0x4553668d3702fc825e42ecba140ea6351e523b8d6de104bee24436685cb3dd3c"}}
[2m2025-12-10T10:08:39.466030Z[0m [34mDEBUG[0m [2mhyper::proto::h1::conn[0m[2m:[0m incoming body completed
[2m2025-12-10T10:08:39.466035Z[0m [34mDEBUG[0m [2methereum_transaction_pool_monitor::eth_client[0m[2m:[0m 📨 Received pending transaction: 0x4553668d3702fc825e42ecba140ea6351e523b8d6de104bee24436685cb3dd3c
[2m2025-12-10T10:08:39.466041Z[0m [34mDEBUG[0m [2methereum_transaction_pool_monitor::eth_client[0m[2m:[0m 📨 Received WebSocket message: {"jsonrpc":"2.0","method":"eth_subscription","params":{"subscription":"0xbed0a0851463e895960a451075a301a9","result":"0xe1aa137095b04ff09dfa84a89cd102dab44b585aeb1ca20897228b6d05673be8"}}
[2m2025-12-10T10:08:39.466041Z[0m [34mDEBUG[0m [2mhyper::client::pool[0m[2m:[0m pooling idle connection for ("http", 192.168.0.14:8545)
[2m2025-12-10T10:08:39.466049Z[0m [34mDEBUG[0m [2methereum_transaction_pool_monitor::eth_client[0m[2m:[0m 📨 Received pending transaction: 0xe1aa137095b04ff09dfa84a89cd102dab44b585aeb1ca20897228b6d05673be8
[2m2025-12-10T10:08:39.470766Z[0m [34mDEBUG[0m [2mhyper::proto::h1::io[0m[2m:[0m parsed 4 headers
[2m2025-12-10T10:08:39.470776Z[0m [34mDEBUG[0m [2mhyper::proto::h1::conn[0m[2m:[0m incoming body is content-length (640 bytes)
[2m2025-12-10T10:08:39.470783Z[0m [34mDEBUG[0m [2mhyper::proto::h1::conn[0m[2m:[0m incoming body completed
[2m2025-12-10T10:08:39.470792Z[0m [34mDEBUG[0m [2mhyper::client::pool[0m[2m:[0m pooling idle connection for ("http", 192.168.0.14:8545)
[2m2025-12-10T10:08:39.470798Z[0m [34mDEBUG[0m [2methereum_transaction_pool_monitor::eth_client[0m[2m:[0m 📡 Transaction fetch RPC completed in 4.858292ms
[2m2025-12-10T10:08:39.541784Z[0m [34mDEBUG[0m [2methereum_transaction_pool_monitor::eth_client[0m[2m:[0m ✅ Transaction 0xf32181ce893f354ff1973be825a35df3e270d56d10ce9463e281ffff70cb256c fetched and parsed in 75.838917ms
[2m2025-12-10T10:08:39.541822Z[0m [34mDEBUG[0m [2methereum_transaction_pool_monitor::mempool_monitor[0m[2m:[0m 🔍 Skipping tx 0xf32181ce893f354ff1973be825a35df3e270d56d10ce9463e281ffff70cb256c - not a DEX interaction (target: 0xfF0f50FA7016e4390cB6B069347c635cFd035c6B)
[2m2025-12-10T10:08:39.541857Z[0m [34mDEBUG[0m [2methereum_transaction_pool_monitor::mempool_monitor[0m[2m:[0m 📨 Processing new pending transaction: 0x0b2dd4a09ab811f2f1c62d9b3106a8928a4a6fb215be6ef530580313ac3eacf8
[2m2025-12-10T10:08:39.541863Z[0m [34mDEBUG[0m [2methereum_transaction_pool_monitor::mempool_monitor[0m[2m:[0m 🔍 Fetching transaction details for: 0x0b2dd4a09ab811f2f1c62d9b3106a8928a4a6fb215be6ef530580313ac3eacf8
[2m2025-12-10T10:08:39.541868Z[0m [34mDEBUG[0m [2methereum_transaction_pool_monitor::eth_client[0m[2m:[0m 🔍 Fetching transaction details for hash: 0x0b2dd4a09ab811f2f1c62d9b3106a8928a4a6fb215be6ef530580313ac3eacf8
[2m2025-12-10T10:08:39.541911Z[0m [34mDEBUG[0m [2mhyper::client::pool[0m[2m:[0m reuse idle connection for ("http", 192.168.0.14:8545)
[2m2025-12-10T10:08:39.542012Z[0m [34mDEBUG[0m [2mhyper::proto::h1::io[0m[2m:[0m flushed 250 bytes
[2m2025-12-10T10:08:39.542041Z[0m [34mDEBUG[0m [2mhyper::client::pool[0m[2m:[0m reuse idle connection for ("http", 192.168.0.14:8545)
[2m2025-12-10T10:08:39.542063Z[0m [34mDEBUG[0m [2mhyper::proto::h1::io[0m[2m:[0m flushed 172 bytes
[2m2025-12-10T10:08:39.542078Z[0m [34mDEBUG[0m [2methereum_transaction_pool_monitor::eth_client[0m[2m:[0m 📨 Received WebSocket message: {"jsonrpc":"2.0","method":"eth_subscription","params":{"subscription":"0xbed0a0851463e895960a451075a301a9","result":"0xb4db7af0d189b2d3f665b564081673984c87f6dafe9b2bd082d17f43fdda73ab"}}
[2m2025-12-10T10:08:39.542108Z[0m [34mDEBUG[0m [2methereum_transaction_pool_monitor::eth_client[0m[2m:[0m 📨 Received pending transaction: 0xb4db7af0d189b2d3f665b564081673984c87f6dafe9b2bd082d17f43fdda73ab
[2m2025-12-10T10:08:39.547782Z[0m [34mDEBUG[0m [2mhyper::proto::h1::io[0m[2m:[0m parsed 4 headers
[2m2025-12-10T10:08:39.547792Z[0m [34mDEBUG[0m [2mhyper::proto::h1::conn[0m[2m:[0m incoming body is content-length (45 bytes)
[2m2025-12-10T10:08:39.547800Z[0m [34mDEBUG[0m [2mhyper::proto::h1::conn[0m[2m:[0m incoming body completed
[2m2025-12-10T10:08:39.547810Z[0m [34mDEBUG[0m [2mhyper::client::pool[0m[2m:[0m pooling idle connection for ("http", 192.168.0.14:8545)
[2m2025-12-10T10:08:39.553291Z[0m [34mDEBUG[0m [2mhyper::proto::h1::io[0m[2m:[0m parsed 4 headers
[2m2025-12-10T10:08:39.553304Z[0m [34mDEBUG[0m [2mhyper::proto::h1::conn[0m[2m:[0m incoming body is content-length (1732 bytes)
[2m2025-12-10T10:08:39.553312Z[0m [34mDEBUG[0m [2mhyper::proto::h1::conn[0m[2m:[0m incoming body completed
[2m2025-12-10T10:08:39.553322Z[0m [34mDEBUG[0m [2mhyper::client::pool[0m[2m:[0m pooling idle connection for ("http", 192.168.0.14:8545)
[2m2025-12-10T10:08:39.553330Z[0m [34mDEBUG[0m [2methereum_transaction_pool_monitor::eth_client[0m[2m:[0m 📡 Transaction fetch RPC completed in 11.444833ms
[2m2025-12-10T10:08:39.627600Z[0m [34mDEBUG[0m [2methereum_transaction_pool_monitor::eth_client[0m[2m:[0m ✅ Transaction 0x0b2dd4a09ab811f2f1c62d9b3106a8928a4a6fb215be6ef530580313ac3eacf8 fetched and parsed in 85.7125ms
[2m2025-12-10T10:08:39.627626Z[0m [34mDEBUG[0m [2methereum_transaction_pool_monitor::mempool_monitor[0m[2m:[0m 🔍 Skipping tx 0x0b2dd4a09ab811f2f1c62d9b3106a8928a4a6fb215be6ef530580313ac3eacf8 - not a DEX interaction (target: 0x601a2aD6CB5949f0529735254189Ba3194221EDF)
[2m2025-12-10T10:08:39.627636Z[0m [34mDEBUG[0m [2methereum_transaction_pool_monitor::mempool_monitor[0m[2m:[0m 📨 Processing new pending transaction: 0x6bd0348611c48694a2af034ec4bbea763b0ebf91fbfa26f8ebc5375179901799
[2m2025-12-10T10:08:39.627643Z[0m [34mDEBUG[0m [2methereum_transaction_pool_monitor::mempool_monitor[0m[2m:[0m 🔍 Fetching transaction details for: 0x6bd0348611c48694a2af034ec4bbea763b0ebf91fbfa26f8ebc5375179901799
[2m2025-12-10T10:08:39.627649Z[0m [34mDEBUG[0m [2methereum_transaction_pool_monitor::eth_client[0m[2m:[0m 🔍 Fetching transaction details for hash: 0x6bd0348611c48694a2af034ec4bbea763b0ebf91fbfa26f8ebc5375179901799
[2m2025-12-10T10:08:39.627669Z[0m [34mDEBUG[0m [2mhyper::client::pool[0m[2m:[0m reuse idle connection for ("http", 192.168.0.14:8545)
[2m2025-12-10T10:08:39.627716Z[0m [34mDEBUG[0m [2mhyper::proto::h1::io[0m[2m:[0m flushed 250 bytes
[2m2025-12-10T10:08:39.627737Z[0m [34mDEBUG[0m [2mhyper::client::pool[0m[2m:[0m reuse idle connection for ("http", 192.168.0.14:8545)
[2m2025-12-10T10:08:39.627743Z[0m [34mDEBUG[0m [2methereum_transaction_pool_monitor::eth_client[0m[2m:[0m 📨 Received WebSocket message: {"jsonrpc":"2.0","method":"eth_subscription","params":{"subscription":"0xbed0a0851463e895960a451075a301a9","result":"0x033c3d8a2f8600428aecac23db1eac7096b8ce1ca2c56b70caa83e9d164ccac4"}}
[2m2025-12-10T10:08:39.627752Z[0m [34mDEBUG[0m [2mhyper::proto::h1::io[0m[2m:[0m flushed 172 bytes
[2m2025-12-10T10:08:39.627759Z[0m [34mDEBUG[0m [2methereum_transaction_pool_monitor::eth_client[0m[2m:[0m 📨 Received pending transaction: 0x033c3d8a2f8600428aecac23db1eac7096b8ce1ca2c56b70caa83e9d164ccac4
[2m2025-12-10T10:08:39.627766Z[0m [34mDEBUG[0m [2methereum_transaction_pool_monitor::eth_client[0m[2m:[0m 📨 Received WebSocket message: {"jsonrpc":"2.0","method":"eth_subscription","params":{"subscription":"0xbed0a0851463e895960a451075a301a9","result":"0x55af7f1ace166ee233ece225ada87f634a74a6624208b05cbcbfe55db197bbb0"}}
[2m2025-12-10T10:08:39.627772Z[0m [34mDEBUG[0m [2methereum_transaction_pool_monitor::eth_client[0m[2m:[0m 📨 Received pending transaction: 0x55af7f1ace166ee233ece225ada87f634a74a6624208b05cbcbfe55db197bbb0
[2m2025-12-10T10:08:39.627776Z[0m [34mDEBUG[0m [2methereum_transaction_pool_monitor::eth_client[0m[2m:[0m 📨 Received WebSocket message: {"jsonrpc":"2.0","method":"eth_subscription","params":{"subscription":"0xbed0a0851463e895960a451075a301a9","result":"0x18f0f7ab885b41146d5cb7826dea36c03b851a64aa8540c88aec7c56dac31bbf"}}
[2m2025-12-10T10:08:39.627781Z[0m [34mDEBUG[0m [2methereum_transaction_pool_monitor::eth_client[0m[2m:[0m 📨 Received pending transaction: 0x18f0f7ab885b41146d5cb7826dea36c03b851a64aa8540c88aec7c56dac31bbf
[2m2025-12-10T10:08:39.631371Z[0m [34mDEBUG[0m [2mhyper::proto::h1::io[0m[2m:[0m parsed 4 headers
[2m2025-12-10T10:08:39.631411Z[0m [34mDEBUG[0m [2mhyper::proto::h1::conn[0m[2m:[0m incoming body is content-length (45 bytes)
[2m2025-12-10T10:08:39.631425Z[0m [34mDEBUG[0m [2mhyper::proto::h1::conn[0m[2m:[0m incoming body completed
[2m2025-12-10T10:08:39.631449Z[0m [34mDEBUG[0m [2mhyper::client::pool[0m[2m:[0m pooling idle connection for ("http", 192.168.0.14:8545)
[2m2025-12-10T10:08:39.632126Z[0m [34mDEBUG[0m [2mhyper::proto::h1::io[0m[2m:[0m parsed 4 headers
[2m2025-12-10T10:08:39.632158Z[0m [34mDEBUG[0m [2mhyper::proto::h1::conn[0m[2m:[0m incoming body is content-length (773 bytes)
[2m2025-12-10T10:08:39.632164Z[0m [34mDEBUG[0m [2mhyper::proto::h1::conn[0m[2m:[0m incoming body completed
[2m2025-12-10T10:08:39.632185Z[0m [34mDEBUG[0m [2mhyper::client::pool[0m[2m:[0m pooling idle connection for ("http", 192.168.0.14:8545)
[2m2025-12-10T10:08:39.632191Z[0m [34mDEBUG[0m [2methereum_transaction_pool_monitor::eth_client[0m[2m:[0m 📡 Transaction fetch RPC completed in 4.537375ms
[2m2025-12-10T10:08:39.704108Z[0m [34mDEBUG[0m [2methereum_transaction_pool_monitor::eth_client[0m[2m:[0m ✅ Transaction 0x6bd0348611c48694a2af034ec4bbea763b0ebf91fbfa26f8ebc5375179901799 fetched and parsed in 76.451917ms
[2m2025-12-10T10:08:39.704143Z[0m [34mDEBUG[0m [2methereum_transaction_pool_monitor::mempool_monitor[0m[2m:[0m 🔍 Skipping tx 0x6bd0348611c48694a2af034ec4bbea763b0ebf91fbfa26f8ebc5375179901799 - not a DEX interaction (target: 0xA0b73E1Ff0B80914AB6fe0444E65848C4C34450b)
[2m2025-12-10T10:08:39.704155Z[0m [34mDEBUG[0m [2methereum_transaction_pool_monitor::mempool_monitor[0m[2m:[0m 📨 Processing new pending transaction: 0x74ca05002899c48c68da56679c62b6575c13da4c6644a1f58e09aa8631a21de1
[2m2025-12-10T10:08:39.704167Z[0m [34mDEBUG[0m [2methereum_transaction_pool_monitor::mempool_monitor[0m[2m:[0m 🔍 Fetching transaction details for: 0x74ca05002899c48c68da56679c62b6575c13da4c6644a1f58e09aa8631a21de1
[2m2025-12-10T10:08:39.704174Z[0m [34mDEBUG[0m [2methereum_transaction_pool_monitor::eth_client[0m[2m:[0m 🔍 Fetching transaction details for hash: 0x74ca05002899c48c68da56679c62b6575c13da4c6644a1f58e09aa8631a21de1
[2m2025-12-10T10:08:39.704202Z[0m [34mDEBUG[0m [2mhyper::client::pool[0m[2m:[0m reuse idle connection for ("http", 192.168.0.14:8545)
[2m2025-12-10T10:08:39.704262Z[0m [34mDEBUG[0m [2mhyper::proto::h1::io[0m[2m:[0m flushed 250 bytes
[2m2025-12-10T10:08:39.704293Z[0m [34mDEBUG[0m [2mhyper::client::pool[0m[2m:[0m reuse idle connection for ("http", 192.168.0.14:8545)
[2m2025-12-10T10:08:39.704313Z[0m [34mDEBUG[0m [2mhyper::proto::h1::io[0m[2m:[0m flushed 172 bytes
[2m2025-12-10T10:08:39.714813Z[0m [34mDEBUG[0m [2mhyper::proto::h1::io[0m[2m:[0m parsed 4 headers
[2m2025-12-10T10:08:39.714813Z[0m [34mDEBUG[0m [2mhyper::proto::h1::io[0m[2m:[0m parsed 4 headers
[2m2025-12-10T10:08:39.714857Z[0m [34mDEBUG[0m [2mhyper::proto::h1::conn[0m[2m:[0m incoming body is content-length (45 bytes)
[2m2025-12-10T10:08:39.714847Z[0m [34mDEBUG[0m [2mhyper::proto::h1::conn[0m[2m:[0m incoming body is content-length (3860 bytes)
[2m2025-12-10T10:08:39.714870Z[0m [34mDEBUG[0m [2mhyper::proto::h1::conn[0m[2m:[0m incoming body completed
[2m2025-12-10T10:08:39.714875Z[0m [34mDEBUG[0m [2mhyper::proto::h1::conn[0m[2m:[0m incoming body completed
[2m2025-12-10T10:08:39.714885Z[0m [34mDEBUG[0m [2mhyper::client::pool[0m[2m:[0m pooling idle connection for ("http", 192.168.0.14:8545)
[2m2025-12-10T10:08:39.714885Z[0m [34mDEBUG[0m [2mhyper::client::pool[0m[2m:[0m pooling idle connection for ("http", 192.168.0.14:8545)
[2m2025-12-10T10:08:39.714895Z[0m [34mDEBUG[0m [2methereum_transaction_pool_monitor::eth_client[0m[2m:[0m 📡 Transaction fetch RPC completed in 10.711708ms
[2m2025-12-10T10:08:39.786557Z[0m [34mDEBUG[0m [2methereum_transaction_pool_monitor::eth_client[0m[2m:[0m ✅ Transaction 0x74ca05002899c48c68da56679c62b6575c13da4c6644a1f58e09aa8631a21de1 fetched and parsed in 82.371542ms
[2m2025-12-10T10:08:39.786581Z[0m [34mDEBUG[0m [2methereum_transaction_pool_monitor::mempool_monitor[0m[2m:[0m 🔍 Skipping tx 0x74ca05002899c48c68da56679c62b6575c13da4c6644a1f58e09aa8631a21de1 - not a DEX interaction (target: 0x09c30cdCDd971423Cb3BA757a47d56C35D06D818)
[2m2025-12-10T10:08:39.786593Z[0m [34mDEBUG[0m [2methereum_transaction_pool_monitor::mempool_monitor[0m[2m:[0m 📨 Processing new pending transaction: 0x23d8356e5e1e45a018615a8d5ff699f1ca1c7155822e53fbabf9b0e29c7d5fed
[2m2025-12-10T10:08:39.786600Z[0m [34mDEBUG[0m [2methereum_transaction_pool_monitor::mempool_monitor[0m[2m:[0m 🔍 Fetching transaction details for: 0x23d8356e5e1e45a018615a8d5ff699f1ca1c7155822e53fbabf9b0e29c7d5fed
[2m2025-12-10T10:08:39.786606Z[0m [34mDEBUG[0m [2methereum_transaction_pool_monitor::eth_client[0m[2m:[0m 🔍 Fetching transaction details for hash: 0x23d8356e5e1e45a018615a8d5ff699f1ca1c7155822e53fbabf9b0e29c7d5fed
[2m2025-12-10T10:08:39.786625Z[0m [34mDEBUG[0m [2mhyper::client::pool[0m[2m:[0m reuse idle connection for ("http", 192.168.0.14:8545)
[2m2025-12-10T10:08:39.786681Z[0m [34mDEBUG[0m [2mhyper::proto::h1::io[0m[2m:[0m flushed 250 bytes
[2m2025-12-10T10:08:39.795136Z[0m [34mDEBUG[0m [2mhyper::proto::h1::io[0m[2m:[0m parsed 4 headers
[2m2025-12-10T10:08:39.795152Z[0m [34mDEBUG[0m [2mhyper::proto::h1::conn[0m[2m:[0m incoming body is content-length (2374 bytes)
[2m2025-12-10T10:08:39.795164Z[0m [34mDEBUG[0m [2mhyper::proto::h1::conn[0m[2m:[0m incoming body completed
[2m2025-12-10T10:08:39.795177Z[0m [34mDEBUG[0m [2mhyper::client::pool[0m[2m:[0m pooling idle connection for ("http", 192.168.0.14:8545)
[2m2025-12-10T10:08:39.795186Z[0m [34mDEBUG[0m [2methereum_transaction_pool_monitor::eth_client[0m[2m:[0m 📡 Transaction fetch RPC completed in 8.575625ms
[2m2025-12-10T10:08:39.866640Z[0m [34mDEBUG[0m [2methereum_transaction_pool_monitor::eth_client[0m[2m:[0m ✅ Transaction 0x23d8356e5e1e45a018615a8d5ff699f1ca1c7155822e53fbabf9b0e29c7d5fed fetched and parsed in 80.026583ms
[2m2025-12-10T10:08:39.866670Z[0m [34mDEBUG[0m [2methereum_transaction_pool_monitor::mempool_monitor[0m[2m:[0m 🔍 Skipping tx 0x23d8356e5e1e45a018615a8d5ff699f1ca1c7155822e53fbabf9b0e29c7d5fed - not a DEX interaction (target: 0x09c30cdCDd971423Cb3BA757a47d56C35D06D818)
[2m2025-12-10T10:08:39.866681Z[0m [34mDEBUG[0m [2methereum_transaction_pool_monitor::mempool_monitor[0m[2m:[0m 📨 Processing new pending transaction: 0x7e193507bf67ecf1be117cbc5efdbb70e2a0995fd7a0bf980f4a3a0c6be4a386
[2m2025-12-10T10:08:39.866688Z[0m [34mDEBUG[0m [2methereum_transaction_pool_monitor::mempool_monitor[0m[2m:[0m 🔍 Fetching transaction details for: 0x7e193507bf67ecf1be117cbc5efdbb70e2a0995fd7a0bf980f4a3a0c6be4a386
[2m2025-12-10T10:08:39.866694Z[0m [34mDEBUG[0m [2methereum_transaction_pool_monitor::eth_client[0m[2m:[0m 🔍 Fetching transaction details for hash: 0x7e193507bf67ecf1be117cbc5efdbb70e2a0995fd7a0bf980f4a3a0c6be4a386
[2m2025-12-10T10:08:39.866717Z[0m [34mDEBUG[0m [2mhyper::client::pool[0m[2m:[0m reuse idle connection for ("http", 192.168.0.14:8545)
[2m2025-12-10T10:08:39.866766Z[0m [34mDEBUG[0m [2mhyper::proto::h1::io[0m[2m:[0m flushed 250 bytes
[2m2025-12-10T10:08:39.866794Z[0m [34mDEBUG[0m [2mhyper::client::pool[0m[2m:[0m reuse idle connection for ("http", 192.168.0.14:8545)
[2m2025-12-10T10:08:39.866809Z[0m [34mDEBUG[0m [2mhyper::proto::h1::io[0m[2m:[0m flushed 172 bytes
[2m2025-12-10T10:08:39.872115Z[0m [34mDEBUG[0m [2mhyper::proto::h1::io[0m[2m:[0m parsed 4 headers
[2m2025-12-10T10:08:39.872120Z[0m [34mDEBUG[0m [2mhyper::proto::h1::conn[0m[2m:[0m incoming body is content-length (45 bytes)
[2m2025-12-10T10:08:39.872128Z[0m [34mDEBUG[0m [2mhyper::proto::h1::conn[0m[2m:[0m incoming body completed
[2m2025-12-10T10:08:39.872139Z[0m [34mDEBUG[0m [2mhyper::client::pool[0m[2m:[0m pooling idle connection for ("http", 192.168.0.14:8545)
[2m2025-12-10T10:08:39.874185Z[0m [34mDEBUG[0m [2mhyper::proto::h1::io[0m[2m:[0m parsed 4 headers
[2m2025-12-10T10:08:39.874198Z[0m [34mDEBUG[0m [2mhyper::proto::h1::conn[0m[2m:[0m incoming body is content-length (4487 bytes)
[2m2025-12-10T10:08:39.874208Z[0m [34mDEBUG[0m [2mhyper::proto::h1::conn[0m[2m:[0m incoming body completed
[2m2025-12-10T10:08:39.874217Z[0m [34mDEBUG[0m [2mhyper::client::pool[0m[2m:[0m pooling idle connection for ("http", 192.168.0.14:8545)
[2m2025-12-10T10:08:39.874224Z[0m [34mDEBUG[0m [2methereum_transaction_pool_monitor::eth_client[0m[2m:[0m 📡 Transaction fetch RPC completed in 7.52575ms
[2m2025-12-10T10:08:39.945203Z[0m [34mDEBUG[0m [2methereum_transaction_pool_monitor::eth_client[0m[2m:[0m ✅ Transaction 0x7e193507bf67ecf1be117cbc5efdbb70e2a0995fd7a0bf980f4a3a0c6be4a386 fetched and parsed in 78.501917ms
[2m2025-12-10T10:08:39.945235Z[0m [34mDEBUG[0m [2methereum_transaction_pool_monitor::mempool_monitor[0m[2m:[0m 🔍 Skipping tx 0x7e193507bf67ecf1be117cbc5efdbb70e2a0995fd7a0bf980f4a3a0c6be4a386 - not a DEX interaction (target: 0x09c30cdCDd971423Cb3BA757a47d56C35D06D818)
[2m2025-12-10T10:08:39.945249Z[0m [34mDEBUG[0m [2methereum_transaction_pool_monitor::mempool_monitor[0m[2m:[0m 📨 Processing new pending transaction: 0x1fd3346f01d98d8873bb90064a3b519c01656736168a03017a4b39121994bca3
[2m2025-12-10T10:08:39.945261Z[0m [34mDEBUG[0m [2methereum_transaction_pool_monitor::mempool_monitor[0m[2m:[0m 🔍 Fetching transaction details for: 0x1fd3346f01d98d8873bb90064a3b519c01656736168a03017a4b39121994bca3
[2m2025-12-10T10:08:39.945268Z[0m [34mDEBUG[0m [2methereum_transaction_pool_monitor::eth_client[0m[2m:[0m 🔍 Fetching transaction details for hash: 0x1fd3346f01d98d8873bb90064a3b519c01656736168a03017a4b39121994bca3
[2m2025-12-10T10:08:39.945295Z[0m [34mDEBUG[0m [2mhyper::client::pool[0m[2m:[0m reuse idle connection for ("http", 192.168.0.14:8545)
[2m2025-12-10T10:08:39.945346Z[0m [34mDEBUG[0m [2mhyper::proto::h1::io[0m[2m:[0m flushed 250 bytes
[2m2025-12-10T10:08:39.945380Z[0m [34mDEBUG[0m [2mhyper::client::pool[0m[2m:[0m reuse idle connection for ("http", 192.168.0.14:8545)
[2m2025-12-10T10:08:39.945402Z[0m [34mDEBUG[0m [2mhyper::proto::h1::io[0m[2m:[0m flushed 172 bytes
[2m2025-12-10T10:08:39.952207Z[0m [34mDEBUG[0m [2mhyper::proto::h1::io[0m[2m:[0m parsed 4 headers
[2m2025-12-10T10:08:39.952234Z[0m [34mDEBUG[0m [2mhyper::proto::h1::conn[0m[2m:[0m incoming body is content-length (45 bytes)
[2m2025-12-10T10:08:39.952261Z[0m [34mDEBUG[0m [2mhyper::proto::h1::conn[0m[2m:[0m incoming body completed
[2m2025-12-10T10:08:39.952271Z[0m [34mDEBUG[0m [2mhyper::client::pool[0m[2m:[0m pooling idle connection for ("http", 192.168.0.14:8545)
[2m2025-12-10T10:08:39.952302Z[0m [34mDEBUG[0m [2mhyper::proto::h1::io[0m[2m:[0m parsed 4 headers
[2m2025-12-10T10:08:39.952307Z[0m [34mDEBUG[0m [2mhyper::proto::h1::conn[0m[2m:[0m incoming body is content-length (3478 bytes)
[2m2025-12-10T10:08:39.952311Z[0m [34mDEBUG[0m [2mhyper::proto::h1::conn[0m[2m:[0m incoming body completed
[2m2025-12-10T10:08:39.952317Z[0m [34mDEBUG[0m [2mhyper::client::pool[0m[2m:[0m pooling idle connection for ("http", 192.168.0.14:8545)
[2m2025-12-10T10:08:39.952322Z[0m [34mDEBUG[0m [2methereum_transaction_pool_monitor::eth_client[0m[2m:[0m 📡 Transaction fetch RPC completed in 7.047958ms
[2m2025-12-10T10:08:40.026316Z[0m [34mDEBUG[0m [2methereum_transaction_pool_monitor::eth_client[0m[2m:[0m ✅ Transaction 0x1fd3346f01d98d8873bb90064a3b519c01656736168a03017a4b39121994bca3 fetched and parsed in 81.03875ms
[2m2025-12-10T10:08:40.026343Z[0m [34mDEBUG[0m [2methereum_transaction_pool_monitor::mempool_monitor[0m[2m:[0m 🔍 Skipping tx 0x1fd3346f01d98d8873bb90064a3b519c01656736168a03017a4b39121994bca3 - not a DEX interaction (target: 0x09c30cdCDd971423Cb3BA757a47d56C35D06D818)
[2m2025-12-10T10:08:40.026357Z[0m [34mDEBUG[0m [2methereum_transaction_pool_monitor::mempool_monitor[0m[2m:[0m 📨 Processing new pending transaction: 0x9170880489666aac8f7ee3cf2b82884e0df52b296004871aee5eda6e99a6c2e8
[2m2025-12-10T10:08:40.026363Z[0m [34mDEBUG[0m [2methereum_transaction_pool_monitor::mempool_monitor[0m[2m:[0m 🔍 Fetching transaction details for: 0x9170880489666aac8f7ee3cf2b82884e0df52b296004871aee5eda6e99a6c2e8
[2m2025-12-10T10:08:40.026368Z[0m [34mDEBUG[0m [2methereum_transaction_pool_monitor::eth_client[0m[2m:[0m 🔍 Fetching transaction details for hash: 0x9170880489666aac8f7ee3cf2b82884e0df52b296004871aee5eda6e99a6c2e8
[2m2025-12-10T10:08:40.026392Z[0m [34mDEBUG[0m [2mhyper::client::pool[0m[2m:[0m reuse idle connection for ("http", 192.168.0.14:8545)
[2m2025-12-10T10:08:40.026456Z[0m [34mDEBUG[0m [2mhyper::proto::h1::io[0m[2m:[0m flushed 250 bytes
[2m2025-12-10T10:08:40.026478Z[0m [34mDEBUG[0m [2mhyper::client::pool[0m[2m:[0m reuse idle connection for ("http", 192.168.0.14:8545)
[2m2025-12-10T10:08:40.026488Z[0m [34mDEBUG[0m [2methereum_transaction_pool_monitor::eth_client[0m[2m:[0m 📨 Received WebSocket message: {"jsonrpc":"2.0","method":"eth_subscription","params":{"subscription":"0xbed0a0851463e895960a451075a301a9","result":"0xc37f9882a4173ad19e142c91222a3d0469905f9d3c44e5c6a54641746882def1"}}
[2m2025-12-10T10:08:40.026494Z[0m [34mDEBUG[0m [2mhyper::proto::h1::io[0m[2m:[0m flushed 172 bytes
[2m2025-12-10T10:08:40.026503Z[0m [34mDEBUG[0m [2methereum_transaction_pool_monitor::eth_client[0m[2m:[0m 📨 Received pending transaction: 0xc37f9882a4173ad19e142c91222a3d0469905f9d3c44e5c6a54641746882def1
[2m2025-12-10T10:08:40.041839Z[0m [34mDEBUG[0m [2mhyper::proto::h1::io[0m[2m:[0m parsed 4 headers
[2m2025-12-10T10:08:40.041839Z[0m [34mDEBUG[0m [2mhyper::proto::h1::io[0m[2m:[0m parsed 4 headers
[2m2025-12-10T10:08:40.041881Z[0m [34mDEBUG[0m [2mhyper::proto::h1::conn[0m[2m:[0m incoming body is content-length (674 bytes)
[2m2025-12-10T10:08:40.041888Z[0m [34mDEBUG[0m [2mhyper::proto::h1::conn[0m[2m:[0m incoming body is content-length (45 bytes)
[2m2025-12-10T10:08:40.041900Z[0m [34mDEBUG[0m [2mhyper::proto::h1::conn[0m[2m:[0m incoming body completed
[2m2025-12-10T10:08:40.041900Z[0m [34mDEBUG[0m [2mhyper::proto::h1::conn[0m[2m:[0m incoming body completed
[2m2025-12-10T10:08:40.041916Z[0m [34mDEBUG[0m [2mhyper::client::pool[0m[2m:[0m pooling idle connection for ("http", 192.168.0.14:8545)
[2m2025-12-10T10:08:40.041921Z[0m [34mDEBUG[0m [2mhyper::client::pool[0m[2m:[0m pooling idle connection for ("http", 192.168.0.14:8545)
[2m2025-12-10T10:08:40.041931Z[0m [34mDEBUG[0m [2methereum_transaction_pool_monitor::eth_client[0m[2m:[0m 📡 Transaction fetch RPC completed in 15.55775ms
[2m2025-12-10T10:08:40.041948Z[0m [34mDEBUG[0m [2methereum_transaction_pool_monitor::eth_client[0m[2m:[0m DeFi transaction detected - Address: 0xdac17f958d2ee523a2206206994597c13d831ec7, Type: Stablecoin, Value: 0 ETH, Gas: 0.19 Gwei
[2m2025-12-10T10:08:40.041967Z[0m [34mDEBUG[0m [2methereum_transaction_pool_monitor::eth_client[0m[2m:[0m ✅ Transaction 0x9170880489666aac8f7ee3cf2b82884e0df52b296004871aee5eda6e99a6c2e8 fetched and parsed in 15.594042ms
[2m2025-12-10T10:08:40.041977Z[0m [34mDEBUG[0m [2methereum_transaction_pool_monitor::mempool_monitor[0m[2m:[0m 🔍 Skipping tx 0x9170880489666aac8f7ee3cf2b82884e0df52b296004871aee5eda6e99a6c2e8 - not a DEX interaction (target: 0xdAC17F958D2ee523a2206206994597C13D831ec7)
[2m2025-12-10T10:08:40.041987Z[0m [34mDEBUG[0m [2methereum_transaction_pool_monitor::mempool_monitor[0m[2m:[0m 📨 Processing new pending transaction: 0x6055bedf65149bc187b80920b78ff6d058d13aaffa3570b50cbb2776f33a58db
[2m2025-12-10T10:08:40.041996Z[0m [34mDEBUG[0m [2methereum_transaction_pool_monitor::mempool_monitor[0m[2m:[0m 🔍 Fetching transaction details for: 0x6055bedf65149bc187b80920b78ff6d058d13aaffa3570b50cbb2776f33a58db
[2m2025-12-10T10:08:40.042000Z[0m [34mDEBUG[0m [2methereum_transaction_pool_monitor::eth_client[0m[2m:[0m 🔍 Fetching transaction details for hash: 0x6055bedf65149bc187b80920b78ff6d058d13aaffa3570b50cbb2776f33a58db
[2m2025-12-10T10:08:40.042017Z[0m [34mDEBUG[0m [2mhyper::client::pool[0m[2m:[0m reuse idle connection for ("http", 192.168.0.14:8545)
[2m2025-12-10T10:08:40.042038Z[0m [34mDEBUG[0m [2mhyper::proto::h1::io[0m[2m:[0m flushed 250 bytes
[2m2025-12-10T10:08:40.050693Z[0m [34mDEBUG[0m [2mhyper::proto::h1::io[0m[2m:[0m parsed 4 headers
[2m2025-12-10T10:08:40.050701Z[0m [34mDEBUG[0m [2mhyper::proto::h1::conn[0m[2m:[0m incoming body is content-length (771 bytes)
[2m2025-12-10T10:08:40.050708Z[0m [34mDEBUG[0m [2mhyper::proto::h1::conn[0m[2m:[0m incoming body completed
[2m2025-12-10T10:08:40.050716Z[0m [34mDEBUG[0m [2mhyper::client::pool[0m[2m:[0m pooling idle connection for ("http", 192.168.0.14:8545)
[2m2025-12-10T10:08:40.050722Z[0m [34mDEBUG[0m [2methereum_transaction_pool_monitor::eth_client[0m[2m:[0m 📡 Transaction fetch RPC completed in 8.718209ms
[2m2025-12-10T10:08:40.121497Z[0m [34mDEBUG[0m [2methereum_transaction_pool_monitor::eth_client[0m[2m:[0m ✅ Transaction 0x6055bedf65149bc187b80920b78ff6d058d13aaffa3570b50cbb2776f33a58db fetched and parsed in 79.489959ms
[2m2025-12-10T10:08:40.121531Z[0m [34mDEBUG[0m [2methereum_transaction_pool_monitor::mempool_monitor[0m[2m:[0m 🔍 Skipping tx 0x6055bedf65149bc187b80920b78ff6d058d13aaffa3570b50cbb2776f33a58db - not a DEX interaction (target: 0xA0b86991c6218b36c1d19D4a2e9Eb0cE3606eB48)
[2m2025-12-10T10:08:40.121546Z[0m [34mDEBUG[0m [2methereum_transaction_pool_monitor::mempool_monitor[0m[2m:[0m 📨 Processing new pending transaction: 0x209ac2ecd096c5dd94dd960079f7b2a4c47dd561674d2bd7212f4c267384dd47
[2m2025-12-10T10:08:40.121554Z[0m [34mDEBUG[0m [2methereum_transaction_pool_monitor::mempool_monitor[0m[2m:[0m 🔍 Fetching transaction details for: 0x209ac2ecd096c5dd94dd960079f7b2a4c47dd561674d2bd7212f4c267384dd47
[2m2025-12-10T10:08:40.121562Z[0m [34mDEBUG[0m [2methereum_transaction_pool_monitor::eth_client[0m[2m:[0m 🔍 Fetching transaction details for hash: 0x209ac2ecd096c5dd94dd960079f7b2a4c47dd561674d2bd7212f4c267384dd47
[2m2025-12-10T10:08:40.121588Z[0m [34mDEBUG[0m [2mhyper::client::pool[0m[2m:[0m reuse idle connection for ("http", 192.168.0.14:8545)
[2m2025-12-10T10:08:40.121629Z[0m [34mDEBUG[0m [2mhyper::proto::h1::io[0m[2m:[0m flushed 250 bytes
[2m2025-12-10T10:08:40.121652Z[0m [34mDEBUG[0m [2mhyper::client::pool[0m[2m:[0m reuse idle connection for ("http", 192.168.0.14:8545)
[2m2025-12-10T10:08:40.121672Z[0m [34mDEBUG[0m [2mhyper::proto::h1::io[0m[2m:[0m flushed 172 bytes
[2m2025-12-10T10:08:40.121712Z[0m [34mDEBUG[0m [2methereum_transaction_pool_monitor::eth_client[0m[2m:[0m 📨 Received WebSocket message: {"jsonrpc":"2.0","method":"eth_subscription","params":{"subscription":"0xbed0a0851463e895960a451075a301a9","result":"0x736e7382261ae0ef34188f7f34a8530844e758e1fdf955b199e25012f19621c4"}}
[2m2025-12-10T10:08:40.121726Z[0m [34mDEBUG[0m [2methereum_transaction_pool_monitor::eth_client[0m[2m:[0m 📨 Received pending transaction: 0x736e7382261ae0ef34188f7f34a8530844e758e1fdf955b199e25012f19621c4
[2m2025-12-10T10:08:40.132869Z[0m [34mDEBUG[0m [2mhyper::proto::h1::io[0m[2m:[0m parsed 4 headers
[2m2025-12-10T10:08:40.132869Z[0m [34mDEBUG[0m [2mhyper::proto::h1::io[0m[2m:[0m parsed 4 headers
[2m2025-12-10T10:08:40.132889Z[0m [34mDEBUG[0m [2mhyper::proto::h1::conn[0m[2m:[0m incoming body is content-length (647 bytes)
[2m2025-12-10T10:08:40.132899Z[0m [34mDEBUG[0m [2mhyper::proto::h1::conn[0m[2m:[0m incoming body is content-length (45 bytes)
[2m2025-12-10T10:08:40.132912Z[0m [34mDEBUG[0m [2mhyper::proto::h1::conn[0m[2m:[0m incoming body completed
[2m2025-12-10T10:08:40.132924Z[0m [34mDEBUG[0m [2mhyper::proto::h1::conn[0m[2m:[0m incoming body completed
[2m2025-12-10T10:08:40.132939Z[0m [34mDEBUG[0m [2mhyper::client::pool[0m[2m:[0m pooling idle connection for ("http", 192.168.0.14:8545)
[2m2025-12-10T10:08:40.132939Z[0m [34mDEBUG[0m [2mhyper::client::pool[0m[2m:[0m pooling idle connection for ("http", 192.168.0.14:8545)
[2m2025-12-10T10:08:40.132951Z[0m [34mDEBUG[0m [2methereum_transaction_pool_monitor::eth_client[0m[2m:[0m 📡 Transaction fetch RPC completed in 11.380833ms
[2m2025-12-10T10:08:40.174424Z[0m [34mDEBUG[0m [2methereum_transaction_pool_monitor::eth_client[0m[2m:[0m 📨 Received WebSocket message: {"jsonrpc":"2.0","method":"eth_subscription","params":{"subscription":"0xbed0a0851463e895960a451075a301a9","result":"0x94aee8b7f1310e06db6a28b4bbf81ad6e90c4b6492b1f60d8bcf6bac0d18742c"}}
[2m2025-12-10T10:08:40.174454Z[0m [34mDEBUG[0m [2methereum_transaction_pool_monitor::eth_client[0m[2m:[0m 📨 Received pending transaction: 0x94aee8b7f1310e06db6a28b4bbf81ad6e90c4b6492b1f60d8bcf6bac0d18742c
[2m2025-12-10T10:08:40.196246Z[0m [34mDEBUG[0m [2mhyper::client::pool[0m[2m:[0m reuse idle connection for ("http", 192.168.0.14:8545)
[2m2025-12-10T10:08:40.196326Z[0m [34mDEBUG[0m [2mhyper::proto::h1::io[0m[2m:[0m flushed 172 bytes
[2m2025-12-10T10:08:40.203212Z[0m [34mDEBUG[0m [2mhyper::proto::h1::io[0m[2m:[0m parsed 4 headers
[2m2025-12-10T10:08:40.203224Z[0m [34mDEBUG[0m [2mhyper::proto::h1::conn[0m[2m:[0m incoming body is content-length (45 bytes)
[2m2025-12-10T10:08:40.203233Z[0m [34mDEBUG[0m [2mhyper::proto::h1::conn[0m[2m:[0m incoming body completed
[2m2025-12-10T10:08:40.203242Z[0m [34mDEBUG[0m [2mhyper::client::pool[0m[2m:[0m pooling idle connection for ("http", 192.168.0.14:8545)
[2m2025-12-10T10:08:40.204125Z[0m [34mDEBUG[0m [2methereum_transaction_pool_monitor::eth_client[0m[2m:[0m ✅ Transaction 0x209ac2ecd096c5dd94dd960079f7b2a4c47dd561674d2bd7212f4c267384dd47 fetched and parsed in 82.554291ms
[2m2025-12-10T10:08:40.204139Z[0m [34mDEBUG[0m [2methereum_transaction_pool_monitor::mempool_monitor[0m[2m:[0m 🔍 Skipping tx 0x209ac2ecd096c5dd94dd960079f7b2a4c47dd561674d2bd7212f4c267384dd47 - not a DEX interaction (target: 0xE114316700b940b6353B03C5210D5B570d973544)
[2m2025-12-10T10:08:40.204151Z[0m [34mDEBUG[0m [2methereum_transaction_pool_monitor::mempool_monitor[0m[2m:[0m 📨 Processing new pending transaction: 0xf96474f9565549257852131cf279a903b14ea6a19091fed5f078df824366bea8
[2m2025-12-10T10:08:40.204156Z[0m [34mDEBUG[0m [2methereum_transaction_pool_monitor::mempool_monitor[0m[2m:[0m 🔍 Fetching transaction details for: 0xf96474f9565549257852131cf279a903b14ea6a19091fed5f078df824366bea8
[2m2025-12-10T10:08:40.204161Z[0m [34mDEBUG[0m [2methereum_transaction_pool_monitor::eth_client[0m[2m:[0m 🔍 Fetching transaction details for hash: 0xf96474f9565549257852131cf279a903b14ea6a19091fed5f078df824366bea8
[2m2025-12-10T10:08:40.204179Z[0m [34mDEBUG[0m [2mhyper::client::pool[0m[2m:[0m reuse idle connection for ("http", 192.168.0.14:8545)
[2m2025-12-10T10:08:40.204220Z[0m [34mDEBUG[0m [2mhyper::proto::h1::io[0m[2m:[0m flushed 250 bytes
[2m2025-12-10T10:08:40.215859Z[0m [34mDEBUG[0m [2mhyper::proto::h1::io[0m[2m:[0m parsed 4 headers
[2m2025-12-10T10:08:40.215865Z[0m [34mDEBUG[0m [2mhyper::proto::h1::conn[0m[2m:[0m incoming body is content-length (646 bytes)
[2m2025-12-10T10:08:40.215872Z[0m [34mDEBUG[0m [2mhyper::proto::h1::conn[0m[2m:[0m incoming body completed
[2m2025-12-10T10:08:40.215879Z[0m [34mDEBUG[0m [2mhyper::client::pool[0m[2m:[0m pooling idle connection for ("http", 192.168.0.14:8545)
[2m2025-12-10T10:08:40.215886Z[0m [34mDEBUG[0m [2methereum_transaction_pool_monitor::eth_client[0m[2m:[0m 📡 Transaction fetch RPC completed in 11.717625ms
[2m2025-12-10T10:08:40.286837Z[0m [34mDEBUG[0m [2methereum_transaction_pool_monitor::eth_client[0m[2m:[0m ✅ Transaction 0xf96474f9565549257852131cf279a903b14ea6a19091fed5f078df824366bea8 fetched and parsed in 82.666541ms
[2m2025-12-10T10:08:40.286865Z[0m [34mDEBUG[0m [2methereum_transaction_pool_monitor::mempool_monitor[0m[2m:[0m 🔍 Skipping tx 0xf96474f9565549257852131cf279a903b14ea6a19091fed5f078df824366bea8 - not a DEX interaction (target: 0xD6DE562aE8c46A9b50F00C1595509598E39Cc879)
[2m2025-12-10T10:08:40.286876Z[0m [34mDEBUG[0m [2methereum_transaction_pool_monitor::mempool_monitor[0m[2m:[0m 📨 Processing new pending transaction: 0x85c0394459268e2e18336bf953f3da667f52d7561d93583fd2cc636f0930bfe8
[2m2025-12-10T10:08:40.286882Z[0m [34mDEBUG[0m [2methereum_transaction_pool_monitor::mempool_monitor[0m[2m:[0m 🔍 Fetching transaction details for: 0x85c0394459268e2e18336bf953f3da667f52d7561d93583fd2cc636f0930bfe8
[2m2025-12-10T10:08:40.286887Z[0m [34mDEBUG[0m [2methereum_transaction_pool_monitor::eth_client[0m[2m:[0m 🔍 Fetching transaction details for hash: 0x85c0394459268e2e18336bf953f3da667f52d7561d93583fd2cc636f0930bfe8
[2m2025-12-10T10:08:40.286910Z[0m [34mDEBUG[0m [2mhyper::client::pool[0m[2m:[0m reuse idle connection for ("http", 192.168.0.14:8545)
[2m2025-12-10T10:08:40.286968Z[0m [34mDEBUG[0m [2mhyper::proto::h1::io[0m[2m:[0m flushed 250 bytes
[2m2025-12-10T10:08:40.286991Z[0m [34mDEBUG[0m [2methereum_transaction_pool_monitor::eth_client[0m[2m:[0m 📨 Received WebSocket message: {"jsonrpc":"2.0","method":"eth_subscription","params":{"subscription":"0xbed0a0851463e895960a451075a301a9","result":"0x449803edc44814f1d6091464892913349df26ce4fa9420c2011d3674826c8a2d"}}
[2m2025-12-10T10:08:40.286999Z[0m [34mDEBUG[0m [2methereum_transaction_pool_monitor::eth_client[0m[2m:[0m 📨 Received pending transaction: 0x449803edc44814f1d6091464892913349df26ce4fa9420c2011d3674826c8a2d
[2m2025-12-10T10:08:40.293072Z[0m [34mDEBUG[0m [2mhyper::proto::h1::io[0m[2m:[0m parsed 4 headers
[2m2025-12-10T10:08:40.293094Z[0m [34mDEBUG[0m [2mhyper::proto::h1::conn[0m[2m:[0m incoming body is content-length (769 bytes)
[2m2025-12-10T10:08:40.293132Z[0m [34mDEBUG[0m [2mhyper::proto::h1::conn[0m[2m:[0m incoming body completed
[2m2025-12-10T10:08:40.293143Z[0m [34mDEBUG[0m [2mhyper::client::pool[0m[2m:[0m pooling idle connection for ("http", 192.168.0.14:8545)
[2m2025-12-10T10:08:40.293151Z[0m [34mDEBUG[0m [2methereum_transaction_pool_monitor::eth_client[0m[2m:[0m 📡 Transaction fetch RPC completed in 6.258208ms
[2m2025-12-10T10:08:40.364012Z[0m [34mDEBUG[0m [2methereum_transaction_pool_monitor::eth_client[0m[2m:[0m ✅ Transaction 0x85c0394459268e2e18336bf953f3da667f52d7561d93583fd2cc636f0930bfe8 fetched and parsed in 77.116125ms
[2m2025-12-10T10:08:40.364043Z[0m [34mDEBUG[0m [2methereum_transaction_pool_monitor::mempool_monitor[0m[2m:[0m 🔍 Skipping tx 0x85c0394459268e2e18336bf953f3da667f52d7561d93583fd2cc636f0930bfe8 - not a DEX interaction (target: 0xA0b86991c6218b36c1d19D4a2e9Eb0cE3606eB48)
[2m2025-12-10T10:08:40.364065Z[0m [34mDEBUG[0m [2methereum_transaction_pool_monitor::mempool_monitor[0m[2m:[0m 📨 Processing new pending transaction: 0xb844d67eae14fe4600e49b62d6250ec0a6dee906a9c13fe806705834ac1c4265
[2m2025-12-10T10:08:40.364073Z[0m [34mDEBUG[0m [2methereum_transaction_pool_monitor::mempool_monitor[0m[2m:[0m 🔍 Fetching transaction details for: 0xb844d67eae14fe4600e49b62d6250ec0a6dee906a9c13fe806705834ac1c4265
[2m2025-12-10T10:08:40.364079Z[0m [34mDEBUG[0m [2methereum_transaction_pool_monitor::eth_client[0m[2m:[0m 🔍 Fetching transaction details for hash: 0xb844d67eae14fe4600e49b62d6250ec0a6dee906a9c13fe806705834ac1c4265
[2m2025-12-10T10:08:40.364104Z[0m [34mDEBUG[0m [2mhyper::client::pool[0m[2m:[0m reuse idle connection for ("http", 192.168.0.14:8545)
[2m2025-12-10T10:08:40.364145Z[0m [34mDEBUG[0m [2mhyper::proto::h1::io[0m[2m:[0m flushed 250 bytes
[2m2025-12-10T10:08:40.364166Z[0m [34mDEBUG[0m [2mhyper::client::pool[0m[2m:[0m reuse idle connection for ("http", 192.168.0.14:8545)
[2m2025-12-10T10:08:40.364178Z[0m [34mDEBUG[0m [2methereum_transaction_pool_monitor::eth_client[0m[2m:[0m 📨 Received WebSocket message: {"jsonrpc":"2.0","method":"eth_subscription","params":{"subscription":"0xbed0a0851463e895960a451075a301a9","result":"0x1af9148866bc2de80dfa8f07488e8b82543655e4fb7c4d950099103b6d423631"}}
[2m2025-12-10T10:08:40.364182Z[0m [34mDEBUG[0m [2mhyper::proto::h1::io[0m[2m:[0m flushed 172 bytes
[2m2025-12-10T10:08:40.364194Z[0m [34mDEBUG[0m [2methereum_transaction_pool_monitor::eth_client[0m[2m:[0m 📨 Received pending transaction: 0x1af9148866bc2de80dfa8f07488e8b82543655e4fb7c4d950099103b6d423631
[2m2025-12-10T10:08:40.370558Z[0m [34mDEBUG[0m [2mhyper::proto::h1::io[0m[2m:[0m parsed 4 headers
[2m2025-12-10T10:08:40.370590Z[0m [34mDEBUG[0m [2mhyper::proto::h1::conn[0m[2m:[0m incoming body is content-length (45 bytes)
[2m2025-12-10T10:08:40.370617Z[0m [34mDEBUG[0m [2mhyper::proto::h1::conn[0m[2m:[0m incoming body completed
[2m2025-12-10T10:08:40.370626Z[0m [34mDEBUG[0m [2mhyper::client::pool[0m[2m:[0m pooling idle connection for ("http", 192.168.0.14:8545)
[2m2025-12-10T10:08:40.371385Z[0m [34mDEBUG[0m [2mhyper::proto::h1::io[0m[2m:[0m parsed 4 headers
[2m2025-12-10T10:08:40.371393Z[0m [34mDEBUG[0m [2mhyper::proto::h1::conn[0m[2m:[0m incoming body is content-length (646 bytes)
[2m2025-12-10T10:08:40.371398Z[0m [34mDEBUG[0m [2mhyper::proto::h1::conn[0m[2m:[0m incoming body completed
[2m2025-12-10T10:08:40.371407Z[0m [34mDEBUG[0m [2mhyper::client::pool[0m[2m:[0m pooling idle connection for ("http", 192.168.0.14:8545)
[2m2025-12-10T10:08:40.371414Z[0m [34mDEBUG[0m [2methereum_transaction_pool_monitor::eth_client[0m[2m:[0m 📡 Transaction fetch RPC completed in 7.327459ms
[2m2025-12-10T10:08:40.442025Z[0m [34mDEBUG[0m [2methereum_transaction_pool_monitor::eth_client[0m[2m:[0m ✅ Transaction 0xb844d67eae14fe4600e49b62d6250ec0a6dee906a9c13fe806705834ac1c4265 fetched and parsed in 77.934959ms
[2m2025-12-10T10:08:40.442051Z[0m [34mDEBUG[0m [2methereum_transaction_pool_monitor::mempool_monitor[0m[2m:[0m 🔍 Skipping tx 0xb844d67eae14fe4600e49b62d6250ec0a6dee906a9c13fe806705834ac1c4265 - not a DEX interaction (target: 0xf9770DBda012c1c1d57A9166603377E8CD4Cabe6)
[2m2025-12-10T10:08:40.442063Z[0m [34mDEBUG[0m [2methereum_transaction_pool_monitor::mempool_monitor[0m[2m:[0m 📨 Processing new pending transaction: 0x9ef25725de83c0bc2be81e6f3190d89f7ecb6ae5209078644cfdb1ed74970c46
[2m2025-12-10T10:08:40.442071Z[0m [34mDEBUG[0m [2methereum_transaction_pool_monitor::mempool_monitor[0m[2m:[0m 🔍 Fetching transaction details for: 0x9ef25725de83c0bc2be81e6f3190d89f7ecb6ae5209078644cfdb1ed74970c46
[2m2025-12-10T10:08:40.442076Z[0m [34mDEBUG[0m [2methereum_transaction_pool_monitor::eth_client[0m[2m:[0m 🔍 Fetching transaction details for hash: 0x9ef25725de83c0bc2be81e6f3190d89f7ecb6ae5209078644cfdb1ed74970c46
[2m2025-12-10T10:08:40.442102Z[0m [34mDEBUG[0m [2mhyper::client::pool[0m[2m:[0m reuse idle connection for ("http", 192.168.0.14:8545)
[2m2025-12-10T10:08:40.442145Z[0m [34mDEBUG[0m [2mhyper::proto::h1::io[0m[2m:[0m flushed 250 bytes
[2m2025-12-10T10:08:40.442167Z[0m [34mDEBUG[0m [2mhyper::client::pool[0m[2m:[0m reuse idle connection for ("http", 192.168.0.14:8545)
[2m2025-12-10T10:08:40.442179Z[0m [34mDEBUG[0m [2methereum_transaction_pool_monitor::eth_client[0m[2m:[0m 📨 Received WebSocket message: {"jsonrpc":"2.0","method":"eth_subscription","params":{"subscription":"0xbed0a0851463e895960a451075a301a9","result":"0x0085837847a345d4de2774d0097b0b4d58c7e87291c3de304f2278659a0dd0d8"}}
[2m2025-12-10T10:08:40.442194Z[0m [34mDEBUG[0m [2methereum_transaction_pool_monitor::eth_client[0m[2m:[0m 📨 Received pending transaction: 0x0085837847a345d4de2774d0097b0b4d58c7e87291c3de304f2278659a0dd0d8
[2m2025-12-10T10:08:40.442183Z[0m [34mDEBUG[0m [2mhyper::proto::h1::io[0m[2m:[0m flushed 172 bytes
[2m2025-12-10T10:08:40.442200Z[0m [34mDEBUG[0m [2methereum_transaction_pool_monitor::eth_client[0m[2m:[0m 📨 Received WebSocket message: {"jsonrpc":"2.0","method":"eth_subscription","params":{"subscription":"0xbed0a0851463e895960a451075a301a9","result":"0x9ff4adfefc1d942386bfd6f17a95d89151af89c25362ee0cfa0063688b6afc26"}}
[2m2025-12-10T10:08:40.442231Z[0m [34mDEBUG[0m [2methereum_transaction_pool_monitor::eth_client[0m[2m:[0m 📨 Received pending transaction: 0x9ff4adfefc1d942386bfd6f17a95d89151af89c25362ee0cfa0063688b6afc26
[2m2025-12-10T10:08:40.446332Z[0m [34mDEBUG[0m [2mhyper::proto::h1::io[0m[2m:[0m parsed 4 headers
[2m2025-12-10T10:08:40.446340Z[0m [34mDEBUG[0m [2mhyper::proto::h1::conn[0m[2m:[0m incoming body is content-length (45 bytes)
[2m2025-12-10T10:08:40.446350Z[0m [34mDEBUG[0m [2mhyper::proto::h1::conn[0m[2m:[0m incoming body completed
[2m2025-12-10T10:08:40.446365Z[0m [34mDEBUG[0m [2mhyper::client::pool[0m[2m:[0m pooling idle connection for ("http", 192.168.0.14:8545)
[2m2025-12-10T10:08:40.446391Z[0m [34mDEBUG[0m [2mhyper::proto::h1::io[0m[2m:[0m parsed 4 headers
[2m2025-12-10T10:08:40.446396Z[0m [34mDEBUG[0m [2mhyper::proto::h1::conn[0m[2m:[0m incoming body is content-length (552 bytes)
[2m2025-12-10T10:08:40.446401Z[0m [34mDEBUG[0m [2mhyper::proto::h1::conn[0m[2m:[0m incoming body completed
[2m2025-12-10T10:08:40.446406Z[0m [34mDEBUG[0m [2mhyper::client::pool[0m[2m:[0m pooling idle connection for ("http", 192.168.0.14:8545)
[2m2025-12-10T10:08:40.446411Z[0m [34mDEBUG[0m [2methereum_transaction_pool_monitor::eth_client[0m[2m:[0m 📡 Transaction fetch RPC completed in 4.330125ms
[2m2025-12-10T10:08:40.517497Z[0m [34mDEBUG[0m [2methereum_transaction_pool_monitor::eth_client[0m[2m:[0m ✅ Transaction 0x9ef25725de83c0bc2be81e6f3190d89f7ecb6ae5209078644cfdb1ed74970c46 fetched and parsed in 75.414625ms
[2m2025-12-10T10:08:40.517522Z[0m [34mDEBUG[0m [2methereum_transaction_pool_monitor::mempool_monitor[0m[2m:[0m 🔍 Skipping tx 0x9ef25725de83c0bc2be81e6f3190d89f7ecb6ae5209078644cfdb1ed74970c46 - not a DEX interaction (target: 0xde9171f20CE0afb1019d6a8Fcd4200471C5F000c)
[2m2025-12-10T10:08:40.517533Z[0m [34mDEBUG[0m [2methereum_transaction_pool_monitor::mempool_monitor[0m[2m:[0m 📨 Processing new pending transaction: 0x51792ce3c9a52ee186f55732d06aaa40b2d3e6c2661c0b04206cb61d50776573
[2m2025-12-10T10:08:40.517542Z[0m [34mDEBUG[0m [2methereum_transaction_pool_monitor::mempool_monitor[0m[2m:[0m 🔍 Fetching transaction details for: 0x51792ce3c9a52ee186f55732d06aaa40b2d3e6c2661c0b04206cb61d50776573
[2m2025-12-10T10:08:40.517549Z[0m [34mDEBUG[0m [2methereum_transaction_pool_monitor::eth_client[0m[2m:[0m 🔍 Fetching transaction details for hash: 0x51792ce3c9a52ee186f55732d06aaa40b2d3e6c2661c0b04206cb61d50776573
[2m2025-12-10T10:08:40.517569Z[0m [34mDEBUG[0m [2mhyper::client::pool[0m[2m:[0m reuse idle connection for ("http", 192.168.0.14:8545)
[2m2025-12-10T10:08:40.517616Z[0m [34mDEBUG[0m [2mhyper::proto::h1::io[0m[2m:[0m flushed 250 bytes
[2m2025-12-10T10:08:40.517637Z[0m [34mDEBUG[0m [2mhyper::client::pool[0m[2m:[0m reuse idle connection for ("http", 192.168.0.14:8545)
[2m2025-12-10T10:08:40.517654Z[0m [34mDEBUG[0m [2mhyper::proto::h1::io[0m[2m:[0m flushed 172 bytes
[2m2025-12-10T10:08:40.517686Z[0m [34mDEBUG[0m [2methereum_transaction_pool_monitor::eth_client[0m[2m:[0m 📨 Received WebSocket message: {"jsonrpc":"2.0","method":"eth_subscription","params":{"subscription":"0xbed0a0851463e895960a451075a301a9","result":"0xb2e6856e44fa9819d35031d2e015584bd4b7f468623ca7f03f3294f899a7f1fa"}}
[2m2025-12-10T10:08:40.517696Z[0m [34mDEBUG[0m [2methereum_transaction_pool_monitor::eth_client[0m[2m:[0m 📨 Received pending transaction: 0xb2e6856e44fa9819d35031d2e015584bd4b7f468623ca7f03f3294f899a7f1fa
[2m2025-12-10T10:08:40.523200Z[0m [34mDEBUG[0m [2mhyper::proto::h1::io[0m[2m:[0m parsed 4 headers
[2m2025-12-10T10:08:40.523211Z[0m [34mDEBUG[0m [2mhyper::proto::h1::conn[0m[2m:[0m incoming body is content-length (648 bytes)
[2m2025-12-10T10:08:40.523218Z[0m [34mDEBUG[0m [2mhyper::proto::h1::conn[0m[2m:[0m incoming body completed
[2m2025-12-10T10:08:40.523227Z[0m [34mDEBUG[0m [2mhyper::client::pool[0m[2m:[0m pooling idle connection for ("http", 192.168.0.14:8545)
[2m2025-12-10T10:08:40.523235Z[0m [34mDEBUG[0m [2methereum_transaction_pool_monitor::eth_client[0m[2m:[0m 📡 Transaction fetch RPC completed in 5.681291ms
[2m2025-12-10T10:08:40.631799Z[0m [34mDEBUG[0m [2methereum_transaction_pool_monitor::eth_client[0m[2m:[0m ✅ Transaction 0x51792ce3c9a52ee186f55732d06aaa40b2d3e6c2661c0b04206cb61d50776573 fetched and parsed in 114.241583ms
[2m2025-12-10T10:08:40.631835Z[0m [34mDEBUG[0m [2methereum_transaction_pool_monitor::mempool_monitor[0m[2m:[0m 🔍 Skipping tx 0x51792ce3c9a52ee186f55732d06aaa40b2d3e6c2661c0b04206cb61d50776573 - not a DEX interaction (target: 0x604ca207D92dE0378B3d34c6b1075111197F7aba)
[2m2025-12-10T10:08:40.631848Z[0m [34mDEBUG[0m [2methereum_transaction_pool_monitor::mempool_monitor[0m[2m:[0m 📨 Processing new pending transaction: 0x1f3643a829071ae2505db4a7003bd1c7811688af26ad02cbf4f5f717ca9bfdbf
[2m2025-12-10T10:08:40.631856Z[0m [34mDEBUG[0m [2methereum_transaction_pool_monitor::mempool_monitor[0m[2m:[0m 🔍 Fetching transaction details for: 0x1f3643a829071ae2505db4a7003bd1c7811688af26ad02cbf4f5f717ca9bfdbf
[2m2025-12-10T10:08:40.631861Z[0m [34mDEBUG[0m [2methereum_transaction_pool_monitor::eth_client[0m[2m:[0m 🔍 Fetching transaction details for hash: 0x1f3643a829071ae2505db4a7003bd1c7811688af26ad02cbf4f5f717ca9bfdbf
[2m2025-12-10T10:08:40.631886Z[0m [34mDEBUG[0m [2mhyper::client::pool[0m[2m:[0m reuse idle connection for ("http", 192.168.0.14:8545)
[2m2025-12-10T10:08:40.631955Z[0m [34mDEBUG[0m [2mhyper::proto::h1::io[0m[2m:[0m flushed 250 bytes
[2m2025-12-10T10:08:40.631991Z[0m [34mDEBUG[0m [2methereum_transaction_pool_monitor::eth_client[0m[2m:[0m 📨 Received WebSocket message: {"jsonrpc":"2.0","method":"eth_subscription","params":{"subscription":"0xbed0a0851463e895960a451075a301a9","result":"0x6163f7ec64b44650f3578b0be4d1680015a31768a4bf134ce592991a8ece9a86"}}
[2m2025-12-10T10:08:40.631999Z[0m [34mDEBUG[0m [2mhyper::proto::h1::io[0m[2m:[0m parsed 4 headers
[2m2025-12-10T10:08:40.632006Z[0m [34mDEBUG[0m [2methereum_transaction_pool_monitor::eth_client[0m[2m:[0m 📨 Received pending transaction: 0x6163f7ec64b44650f3578b0be4d1680015a31768a4bf134ce592991a8ece9a86
[2m2025-12-10T10:08:40.632006Z[0m [34mDEBUG[0m [2mhyper::proto::h1::conn[0m[2m:[0m incoming body is content-length (45 bytes)
[2m2025-12-10T10:08:40.632027Z[0m [34mDEBUG[0m [2mhyper::proto::h1::conn[0m[2m:[0m incoming body completed
[2m2025-12-10T10:08:40.632041Z[0m [34mDEBUG[0m [2mhyper::client::pool[0m[2m:[0m pooling idle connection for ("http", 192.168.0.14:8545)
[2m2025-12-10T10:08:40.632063Z[0m [34mDEBUG[0m [2mhyper::client::pool[0m[2m:[0m reuse idle connection for ("http", 192.168.0.14:8545)
[2m2025-12-10T10:08:40.632081Z[0m [34mDEBUG[0m [2mhyper::proto::h1::io[0m[2m:[0m flushed 172 bytes
[2m2025-12-10T10:08:40.678130Z[0m [34mDEBUG[0m [2mhyper::proto::h1::io[0m[2m:[0m parsed 4 headers
[2m2025-12-10T10:08:40.678148Z[0m [34mDEBUG[0m [2mhyper::proto::h1::conn[0m[2m:[0m incoming body is content-length (45 bytes)
[2m2025-12-10T10:08:40.678158Z[0m [34mDEBUG[0m [2mhyper::proto::h1::conn[0m[2m:[0m incoming body completed
[2m2025-12-10T10:08:40.678169Z[0m [34mDEBUG[0m [2mhyper::client::pool[0m[2m:[0m pooling idle connection for ("http", 192.168.0.14:8545)
[2m2025-12-10T10:08:40.684488Z[0m [34mDEBUG[0m [2mhyper::proto::h1::io[0m[2m:[0m parsed 4 headers
[2m2025-12-10T10:08:40.684499Z[0m [34mDEBUG[0m [2mhyper::proto::h1::conn[0m[2m:[0m incoming body is content-length (551 bytes)
[2m2025-12-10T10:08:40.684507Z[0m [34mDEBUG[0m [2mhyper::proto::h1::conn[0m[2m:[0m incoming body completed
[2m2025-12-10T10:08:40.684516Z[0m [34mDEBUG[0m [2mhyper::client::pool[0m[2m:[0m pooling idle connection for ("http", 192.168.0.14:8545)
[2m2025-12-10T10:08:40.684523Z[0m [34mDEBUG[0m [2methereum_transaction_pool_monitor::eth_client[0m[2m:[0m 📡 Transaction fetch RPC completed in 52.656916ms
[2m2025-12-10T10:08:40.754003Z[0m [34mDEBUG[0m [2methereum_transaction_pool_monitor::eth_client[0m[2m:[0m ✅ Transaction 0x1f3643a829071ae2505db4a7003bd1c7811688af26ad02cbf4f5f717ca9bfdbf fetched and parsed in 122.133916ms
[2m2025-12-10T10:08:40.754019Z[0m [34mDEBUG[0m [2methereum_transaction_pool_monitor::mempool_monitor[0m[2m:[0m 🔍 Skipping tx 0x1f3643a829071ae2505db4a7003bd1c7811688af26ad02cbf4f5f717ca9bfdbf - not a DEX interaction (target: 0xC8B0d40Bc83F7891b70EE583A7875c2fE74D08c2)
[2m2025-12-10T10:08:40.754029Z[0m [34mDEBUG[0m [2methereum_transaction_pool_monitor::mempool_monitor[0m[2m:[0m 📨 Processing new pending transaction: 0x3d2697cc3e1055d7187c586fa36b64c16156a7c1481e55a1276010c427051252
[2m2025-12-10T10:08:40.754034Z[0m [34mDEBUG[0m [2methereum_transaction_pool_monitor::mempool_monitor[0m[2m:[0m 🔍 Fetching transaction details for: 0x3d2697cc3e1055d7187c586fa36b64c16156a7c1481e55a1276010c427051252
[2m2025-12-10T10:08:40.754037Z[0m [34mDEBUG[0m [2methereum_transaction_pool_monitor::eth_client[0m[2m:[0m 🔍 Fetching transaction details for hash: 0x3d2697cc3e1055d7187c586fa36b64c16156a7c1481e55a1276010c427051252
[2m2025-12-10T10:08:40.754055Z[0m [34mDEBUG[0m [2mhyper::client::pool[0m[2m:[0m reuse idle connection for ("http", 192.168.0.14:8545)
[2m2025-12-10T10:08:40.754076Z[0m [34mDEBUG[0m [2mhyper::proto::h1::io[0m[2m:[0m flushed 250 bytes
[2m2025-12-10T10:08:40.754093Z[0m [34mDEBUG[0m [2mhyper::client::pool[0m[2m:[0m reuse idle connection for ("http", 192.168.0.14:8545)
[2m2025-12-10T10:08:40.754108Z[0m [34mDEBUG[0m [2mhyper::proto::h1::io[0m[2m:[0m flushed 172 bytes
[2m2025-12-10T10:08:40.754107Z[0m [34mDEBUG[0m [2methereum_transaction_pool_monitor::eth_client[0m[2m:[0m 📨 Received WebSocket message: {"jsonrpc":"2.0","method":"eth_subscription","params":{"subscription":"0xbed0a0851463e895960a451075a301a9","result":"0x466d6dadc1cd37de3907b92052f874a45b51eb094145555e9ccdda01ba9047a7"}}
[2m2025-12-10T10:08:40.754121Z[0m [34mDEBUG[0m [2methereum_transaction_pool_monitor::eth_client[0m[2m:[0m 📨 Received pending transaction: 0x466d6dadc1cd37de3907b92052f874a45b51eb094145555e9ccdda01ba9047a7
[2m2025-12-10T10:08:40.792147Z[0m [34mDEBUG[0m [2mhyper::proto::h1::io[0m[2m:[0m parsed 4 headers
[2m2025-12-10T10:08:40.792177Z[0m [34mDEBUG[0m [2mhyper::proto::h1::conn[0m[2m:[0m incoming body is content-length (45 bytes)
[2m2025-12-10T10:08:40.792186Z[0m [34mDEBUG[0m [2mhyper::proto::h1::conn[0m[2m:[0m incoming body completed
[2m2025-12-10T10:08:40.792199Z[0m [34mDEBUG[0m [2mhyper::client::pool[0m[2m:[0m pooling idle connection for ("http", 192.168.0.14:8545)
[2m2025-12-10T10:08:40.793523Z[0m [34mDEBUG[0m [2mhyper::proto::h1::io[0m[2m:[0m parsed 4 headers
[2m2025-12-10T10:08:40.793535Z[0m [34mDEBUG[0m [2mhyper::proto::h1::conn[0m[2m:[0m incoming body is content-length (832 bytes)
[2m2025-12-10T10:08:40.793541Z[0m [34mDEBUG[0m [2mhyper::proto::h1::conn[0m[2m:[0m incoming body completed
[2m2025-12-10T10:08:40.793551Z[0m [34mDEBUG[0m [2mhyper::client::pool[0m[2m:[0m pooling idle connection for ("http", 192.168.0.14:8545)
[2m2025-12-10T10:08:40.793558Z[0m [34mDEBUG[0m [2methereum_transaction_pool_monitor::eth_client[0m[2m:[0m 📡 Transaction fetch RPC completed in 39.516292ms
[2m2025-12-10T10:08:40.865000Z[0m [34mDEBUG[0m [2methereum_transaction_pool_monitor::eth_client[0m[2m:[0m ✅ Transaction 0x3d2697cc3e1055d7187c586fa36b64c16156a7c1481e55a1276010c427051252 fetched and parsed in 110.955375ms
[2m2025-12-10T10:08:40.865025Z[0m [34mDEBUG[0m [2methereum_transaction_pool_monitor::mempool_monitor[0m[2m:[0m 🔍 Skipping tx 0x3d2697cc3e1055d7187c586fa36b64c16156a7c1481e55a1276010c427051252 - not a DEX interaction (target: 0x3B4D794a66304F130a4Db8F2551B0070dfCf5ca7)
[2m2025-12-10T10:08:40.865038Z[0m [34mDEBUG[0m [2methereum_transaction_pool_monitor::mempool_monitor[0m[2m:[0m 📨 Processing new pending transaction: 0xef4e831980ccf2109f24beb8b3edd298a1c7e786f6145eb2dc0af7780755bc8a
[2m2025-12-10T10:08:40.865045Z[0m [34mDEBUG[0m [2methereum_transaction_pool_monitor::mempool_monitor[0m[2m:[0m 🔍 Fetching transaction details for: 0xef4e831980ccf2109f24beb8b3edd298a1c7e786f6145eb2dc0af7780755bc8a
[2m2025-12-10T10:08:40.865049Z[0m [34mDEBUG[0m [2methereum_transaction_pool_monitor::eth_client[0m[2m:[0m 🔍 Fetching transaction details for hash: 0xef4e831980ccf2109f24beb8b3edd298a1c7e786f6145eb2dc0af7780755bc8a
[2m2025-12-10T10:08:40.865071Z[0m [34mDEBUG[0m [2mhyper::client::pool[0m[2m:[0m reuse idle connection for ("http", 192.168.0.14:8545)
[2m2025-12-10T10:08:40.865104Z[0m [34mDEBUG[0m [2mhyper::proto::h1::io[0m[2m:[0m flushed 250 bytes
[2m2025-12-10T10:08:40.865125Z[0m [34mDEBUG[0m [2mhyper::client::pool[0m[2m:[0m reuse idle connection for ("http", 192.168.0.14:8545)
[2m2025-12-10T10:08:40.865139Z[0m [34mDEBUG[0m [2mhyper::proto::h1::io[0m[2m:[0m flushed 172 bytes
[2m2025-12-10T10:08:40.865151Z[0m [34mDEBUG[0m [2methereum_transaction_pool_monitor::eth_client[0m[2m:[0m 📨 Received WebSocket message: {"jsonrpc":"2.0","method":"eth_subscription","params":{"subscription":"0xbed0a0851463e895960a451075a301a9","result":"0xa29a61caa30019fb3b8b98195c74a40de388a96b4268e40469b772b79c95e4d8"}}
[2m2025-12-10T10:08:40.865185Z[0m [34mDEBUG[0m [2methereum_transaction_pool_monitor::eth_client[0m[2m:[0m 📨 Received pending transaction: 0xa29a61caa30019fb3b8b98195c74a40de388a96b4268e40469b772b79c95e4d8
[2m2025-12-10T10:08:40.872475Z[0m [34mDEBUG[0m [2mhyper::proto::h1::io[0m[2m:[0m parsed 4 headers
[2m2025-12-10T10:08:40.872480Z[0m [34mDEBUG[0m [2mhyper::proto::h1::conn[0m[2m:[0m incoming body is content-length (1099 bytes)
[2m2025-12-10T10:08:40.872487Z[0m [34mDEBUG[0m [2mhyper::proto::h1::conn[0m[2m:[0m incoming body completed
[2m2025-12-10T10:08:40.872493Z[0m [34mDEBUG[0m [2mhyper::client::pool[0m[2m:[0m pooling idle connection for ("http", 192.168.0.14:8545)
[2m2025-12-10T10:08:40.872499Z[0m [34mDEBUG[0m [2methereum_transaction_pool_monitor::eth_client[0m[2m:[0m 📡 Transaction fetch RPC completed in 7.444791ms
[2m2025-12-10T10:08:40.872512Z[0m [34mDEBUG[0m [2methereum_transaction_pool_monitor::eth_client[0m[2m:[0m DeFi transaction detected - Address: 0x7a250d5630b4cf539739df2c5dacb4c659f2488d, Type: DexRouter, Value: 0.0018 ETH, Gas: 0.30 Gwei
[2m2025-12-10T10:08:40.872524Z[0m [34mDEBUG[0m [2methereum_transaction_pool_monitor::eth_client[0m[2m:[0m ✅ Transaction 0xef4e831980ccf2109f24beb8b3edd298a1c7e786f6145eb2dc0af7780755bc8a fetched and parsed in 7.47025ms
[2m2025-12-10T10:08:40.872530Z[0m [34mDEBUG[0m [2methereum_transaction_pool_monitor::mempool_monitor[0m[2m:[0m 🔍 Skipping tx 0xef4e831980ccf2109f24beb8b3edd298a1c7e786f6145eb2dc0af7780755bc8a - not a DEX interaction (target: 0x7a250d5630B4cF539739dF2C5dAcb4c659F2488D)
[2m2025-12-10T10:08:40.872536Z[0m [34mDEBUG[0m [2methereum_transaction_pool_monitor::mempool_monitor[0m[2m:[0m 📨 Processing new pending transaction: 0x76a0e623c531c50bdd85b0d254280f8ae3427f221eae0c513f2d0d82da9ddc4a
[2m2025-12-10T10:08:40.872540Z[0m [34mDEBUG[0m [2methereum_transaction_pool_monitor::mempool_monitor[0m[2m:[0m 🔍 Fetching transaction details for: 0x76a0e623c531c50bdd85b0d254280f8ae3427f221eae0c513f2d0d82da9ddc4a
[2m2025-12-10T10:08:40.872543Z[0m [34mDEBUG[0m [2methereum_transaction_pool_monitor::eth_client[0m[2m:[0m 🔍 Fetching transaction details for hash: 0x76a0e623c531c50bdd85b0d254280f8ae3427f221eae0c513f2d0d82da9ddc4a
[2m2025-12-10T10:08:40.872550Z[0m [34mDEBUG[0m [2mhyper::client::pool[0m[2m:[0m reuse idle connection for ("http", 192.168.0.14:8545)
[2m2025-12-10T10:08:40.872564Z[0m [34mDEBUG[0m [2mhyper::proto::h1::io[0m[2m:[0m flushed 250 bytes
[2m2025-12-10T10:08:40.872571Z[0m [34mDEBUG[0m [2mhyper::proto::h1::io[0m[2m:[0m parsed 4 headers
[2m2025-12-10T10:08:40.872574Z[0m [34mDEBUG[0m [2mhyper::proto::h1::conn[0m[2m:[0m incoming body is content-length (45 bytes)
[2m2025-12-10T10:08:40.872578Z[0m [34mDEBUG[0m [2mhyper::proto::h1::conn[0m[2m:[0m incoming body completed
[2m2025-12-10T10:08:40.872583Z[0m [34mDEBUG[0m [2mhyper::client::pool[0m[2m:[0m pooling idle connection for ("http", 192.168.0.14:8545)
[2m2025-12-10T10:08:40.881097Z[0m [34mDEBUG[0m [2mhyper::proto::h1::io[0m[2m:[0m parsed 4 headers
[2m2025-12-10T10:08:40.881103Z[0m [34mDEBUG[0m [2mhyper::proto::h1::conn[0m[2m:[0m incoming body is content-length (840 bytes)
[2m2025-12-10T10:08:40.881109Z[0m [34mDEBUG[0m [2mhyper::proto::h1::conn[0m[2m:[0m incoming body completed
[2m2025-12-10T10:08:40.881115Z[0m [34mDEBUG[0m [2mhyper::client::pool[0m[2m:[0m pooling idle connection for ("http", 192.168.0.14:8545)
[2m2025-12-10T10:08:40.881121Z[0m [34mDEBUG[0m [2methereum_transaction_pool_monitor::eth_client[0m[2m:[0m 📡 Transaction fetch RPC completed in 8.573583ms
[2m2025-12-10T10:08:40.950154Z[0m [34mDEBUG[0m [2methereum_transaction_pool_monitor::eth_client[0m[2m:[0m ✅ Transaction 0x76a0e623c531c50bdd85b0d254280f8ae3427f221eae0c513f2d0d82da9ddc4a fetched and parsed in 77.604792ms
[2m2025-12-10T10:08:40.950181Z[0m [34mDEBUG[0m [2methereum_transaction_pool_monitor::mempool_monitor[0m[2m:[0m 🔍 Skipping tx 0x76a0e623c531c50bdd85b0d254280f8ae3427f221eae0c513f2d0d82da9ddc4a - not a DEX interaction (target: 0xA0b86991c6218b36c1d19D4a2e9Eb0cE3606eB48)
[2m2025-12-10T10:08:40.950193Z[0m [34mDEBUG[0m [2methereum_transaction_pool_monitor::mempool_monitor[0m[2m:[0m 📨 Processing new pending transaction: 0x8a7b76019a71e2b7f8b25ef43781630a7ba3e8b758a1cf8bac38bd56013af930
[2m2025-12-10T10:08:40.950199Z[0m [34mDEBUG[0m [2methereum_transaction_pool_monitor::mempool_monitor[0m[2m:[0m 🔍 Fetching transaction details for: 0x8a7b76019a71e2b7f8b25ef43781630a7ba3e8b758a1cf8bac38bd56013af930
[2m2025-12-10T10:08:40.950204Z[0m [34mDEBUG[0m [2methereum_transaction_pool_monitor::eth_client[0m[2m:[0m 🔍 Fetching transaction details for hash: 0x8a7b76019a71e2b7f8b25ef43781630a7ba3e8b758a1cf8bac38bd56013af930
[2m2025-12-10T10:08:40.950226Z[0m [34mDEBUG[0m [2mhyper::client::pool[0m[2m:[0m reuse idle connection for ("http", 192.168.0.14:8545)
[2m2025-12-10T10:08:40.950277Z[0m [34mDEBUG[0m [2mhyper::proto::h1::io[0m[2m:[0m flushed 250 bytes
[2m2025-12-10T10:08:40.950297Z[0m [34mDEBUG[0m [2mhyper::client::pool[0m[2m:[0m reuse idle connection for ("http", 192.168.0.14:8545)
[2m2025-12-10T10:08:40.950310Z[0m [34mDEBUG[0m [2methereum_transaction_pool_monitor::eth_client[0m[2m:[0m 📨 Received WebSocket message: {"jsonrpc":"2.0","method":"eth_subscription","params":{"subscription":"0xbed0a0851463e895960a451075a301a9","result":"0xdbf9a22b0b02f37f87a0f3f7f2bef07a2ddd5b2b0360faaab480407b222a74ab"}}
[2m2025-12-10T10:08:40.950314Z[0m [34mDEBUG[0m [2mhyper::proto::h1::io[0m[2m:[0m flushed 172 bytes
[2m2025-12-10T10:08:40.950322Z[0m [34mDEBUG[0m [2methereum_transaction_pool_monitor::eth_client[0m[2m:[0m 📨 Received pending transaction: 0xdbf9a22b0b02f37f87a0f3f7f2bef07a2ddd5b2b0360faaab480407b222a74ab
[2m2025-12-10T10:08:40.950330Z[0m [34mDEBUG[0m [2methereum_transaction_pool_monitor::eth_client[0m[2m:[0m 📨 Received WebSocket message: {"jsonrpc":"2.0","method":"eth_subscription","params":{"subscription":"0xbed0a0851463e895960a451075a301a9","result":"0xc289dc7ff81feb8cdaaeec6ade7aea5fb5607af4107c33f7a4f19d603f879143"}}
[2m2025-12-10T10:08:40.950336Z[0m [34mDEBUG[0m [2methereum_transaction_pool_monitor::eth_client[0m[2m:[0m 📨 Received pending transaction: 0xc289dc7ff81feb8cdaaeec6ade7aea5fb5607af4107c33f7a4f19d603f879143
[2m2025-12-10T10:08:40.950367Z[0m [34mDEBUG[0m [2methereum_transaction_pool_monitor::eth_client[0m[2m:[0m 📨 Received WebSocket message: {"jsonrpc":"2.0","method":"eth_subscription","params":{"subscription":"0xbed0a0851463e895960a451075a301a9","result":"0x7679fe7c2a8eaa20ece1689ac87f777c9bad680463bcf6a465718d3d1e7115d1"}}
[2m2025-12-10T10:08:40.950378Z[0m [34mDEBUG[0m [2methereum_transaction_pool_monitor::eth_client[0m[2m:[0m 📨 Received pending transaction: 0x7679fe7c2a8eaa20ece1689ac87f777c9bad680463bcf6a465718d3d1e7115d1
[2m2025-12-10T10:08:40.950384Z[0m [34mDEBUG[0m [2methereum_transaction_pool_monitor::eth_client[0m[2m:[0m 📨 Received WebSocket message: {"jsonrpc":"2.0","method":"eth_subscription","params":{"subscription":"0xbed0a0851463e895960a451075a301a9","result":"0x65f12d06fb603919e9b7fb5795f6c2d0ebd24f45c5663cdb6c375586fd2f4b9a"}}
[2m2025-12-10T10:08:40.950390Z[0m [34mDEBUG[0m [2methereum_transaction_pool_monitor::eth_client[0m[2m:[0m 📨 Received pending transaction: 0x65f12d06fb603919e9b7fb5795f6c2d0ebd24f45c5663cdb6c375586fd2f4b9a
[2m2025-12-10T10:08:40.961118Z[0m [34mDEBUG[0m [2methereum_transaction_pool_monitor::eth_client[0m[2m:[0m 📨 Received WebSocket message: {"jsonrpc":"2.0","method":"eth_subscription","params":{"subscription":"0xbed0a0851463e895960a451075a301a9","result":"0x65b5c9e459bacfbe0475185400a2716a5b6e18396071b2f74817520c0c74b81b"}}
[2m2025-12-10T10:08:40.961146Z[0m [34mDEBUG[0m [2methereum_transaction_pool_monitor::eth_client[0m[2m:[0m 📨 Received pending transaction: 0x65b5c9e459bacfbe0475185400a2716a5b6e18396071b2f74817520c0c74b81b
[2m2025-12-10T10:08:40.961162Z[0m [34mDEBUG[0m [2mhyper::proto::h1::io[0m[2m:[0m parsed 4 headers
[2m2025-12-10T10:08:40.961168Z[0m [34mDEBUG[0m [2mhyper::proto::h1::conn[0m[2m:[0m incoming body is content-length (45 bytes)
[2m2025-12-10T10:08:40.961177Z[0m [34mDEBUG[0m [2mhyper::proto::h1::conn[0m[2m:[0m incoming body completed
[2m2025-12-10T10:08:40.961188Z[0m [34mDEBUG[0m [2mhyper::client::pool[0m[2m:[0m pooling idle connection for ("http", 192.168.0.14:8545)
[2m2025-12-10T10:08:40.963433Z[0m [34mDEBUG[0m [2mhyper::proto::h1::io[0m[2m:[0m parsed 4 headers
[2m2025-12-10T10:08:40.963454Z[0m [34mDEBUG[0m [2mhyper::proto::h1::conn[0m[2m:[0m incoming body is content-length (650 bytes)
[2m2025-12-10T10:08:40.963468Z[0m [34mDEBUG[0m [2mhyper::proto::h1::conn[0m[2m:[0m incoming body completed
[2m2025-12-10T10:08:40.963479Z[0m [34mDEBUG[0m [2mhyper::client::pool[0m[2m:[0m pooling idle connection for ("http", 192.168.0.14:8545)
[2m2025-12-10T10:08:40.963486Z[0m [34mDEBUG[0m [2methereum_transaction_pool_monitor::eth_client[0m[2m:[0m 📡 Transaction fetch RPC completed in 13.27475ms
[2m2025-12-10T10:08:41.035071Z[0m [34mDEBUG[0m [2methereum_transaction_pool_monitor::eth_client[0m[2m:[0m ✅ Transaction 0x8a7b76019a71e2b7f8b25ef43781630a7ba3e8b758a1cf8bac38bd56013af930 fetched and parsed in 84.856125ms
[2m2025-12-10T10:08:41.035106Z[0m [34mDEBUG[0m [2methereum_transaction_pool_monitor::mempool_monitor[0m[2m:[0m 🔍 Skipping tx 0x8a7b76019a71e2b7f8b25ef43781630a7ba3e8b758a1cf8bac38bd56013af930 - not a DEX interaction (target: 0x8B0D95Fb716fFDA4688DE19CCBd4C9a86cc0a094)
[2m2025-12-10T10:08:41.035126Z[0m [34mDEBUG[0m [2methereum_transaction_pool_monitor::mempool_monitor[0m[2m:[0m 📨 Processing new pending transaction: 0x07317ca30d87432715d2c429f5376ab4a46297a7979f1a2c81ebeaffaa4ed880
[2m2025-12-10T10:08:41.035134Z[0m [34mDEBUG[0m [2methereum_transaction_pool_monitor::mempool_monitor[0m[2m:[0m 🔍 Fetching transaction details for: 0x07317ca30d87432715d2c429f5376ab4a46297a7979f1a2c81ebeaffaa4ed880
[2m2025-12-10T10:08:41.035140Z[0m [34mDEBUG[0m [2methereum_transaction_pool_monitor::eth_client[0m[2m:[0m 🔍 Fetching transaction details for hash: 0x07317ca30d87432715d2c429f5376ab4a46297a7979f1a2c81ebeaffaa4ed880
[2m2025-12-10T10:08:41.035168Z[0m [34mDEBUG[0m [2mhyper::client::pool[0m[2m:[0m reuse idle connection for ("http", 192.168.0.14:8545)
[2m2025-12-10T10:08:41.035209Z[0m [34mDEBUG[0m [2mhyper::proto::h1::io[0m[2m:[0m flushed 250 bytes
[2m2025-12-10T10:08:41.035247Z[0m [34mDEBUG[0m [2mhyper::client::pool[0m[2m:[0m reuse idle connection for ("http", 192.168.0.14:8545)
[2m2025-12-10T10:08:41.035268Z[0m [34mDEBUG[0m [2mhyper::proto::h1::io[0m[2m:[0m flushed 172 bytes
[2m2025-12-10T10:08:41.040387Z[0m [34mDEBUG[0m [2mhyper::proto::h1::io[0m[2m:[0m parsed 4 headers
[2m2025-12-10T10:08:41.040421Z[0m [34mDEBUG[0m [2mhyper::proto::h1::conn[0m[2m:[0m incoming body is content-length (45 bytes)
[2m2025-12-10T10:08:41.040444Z[0m [34mDEBUG[0m [2mhyper::proto::h1::conn[0m[2m:[0m incoming body completed
[2m2025-12-10T10:08:41.040457Z[0m [34mDEBUG[0m [2mhyper::client::pool[0m[2m:[0m pooling idle connection for ("http", 192.168.0.14:8545)
[2m2025-12-10T10:08:41.045330Z[0m [34mDEBUG[0m [2mhyper::proto::h1::io[0m[2m:[0m parsed 4 headers
[2m2025-12-10T10:08:41.045343Z[0m [34mDEBUG[0m [2mhyper::proto::h1::conn[0m[2m:[0m incoming body is content-length (1731 bytes)
[2m2025-12-10T10:08:41.045359Z[0m [34mDEBUG[0m [2methereum_transaction_pool_monitor::eth_client[0m[2m:[0m 📡 Transaction fetch RPC completed in 10.211041ms
[2m2025-12-10T10:08:41.046137Z[0m [34mDEBUG[0m [2mhyper::proto::h1::conn[0m[2m:[0m incoming body completed
[2m2025-12-10T10:08:41.046149Z[0m [34mDEBUG[0m [2mhyper::client::pool[0m[2m:[0m pooling idle connection for ("http", 192.168.0.14:8545)
[2m2025-12-10T10:08:41.097211Z[0m [34mDEBUG[0m [2mhyper::client::pool[0m[2m:[0m reuse idle connection for ("http", 192.168.0.14:8545)
[2m2025-12-10T10:08:41.097268Z[0m [34mDEBUG[0m [2mhyper::proto::h1::io[0m[2m:[0m flushed 172 bytes
[2m2025-12-10T10:08:41.101780Z[0m [34mDEBUG[0m [2mhyper::proto::h1::io[0m[2m:[0m parsed 4 headers
[2m2025-12-10T10:08:41.101799Z[0m [34mDEBUG[0m [2mhyper::proto::h1::conn[0m[2m:[0m incoming body is content-length (45 bytes)
[2m2025-12-10T10:08:41.101807Z[0m [34mDEBUG[0m [2mhyper::proto::h1::conn[0m[2m:[0m incoming body completed
[2m2025-12-10T10:08:41.101817Z[0m [34mDEBUG[0m [2mhyper::client::pool[0m[2m:[0m pooling idle connection for ("http", 192.168.0.14:8545)
[2m2025-12-10T10:08:41.117194Z[0m [34mDEBUG[0m [2methereum_transaction_pool_monitor::eth_client[0m[2m:[0m ✅ Transaction 0x07317ca30d87432715d2c429f5376ab4a46297a7979f1a2c81ebeaffaa4ed880 fetched and parsed in 82.043083ms
[2m2025-12-10T10:08:41.117218Z[0m [34mDEBUG[0m [2methereum_transaction_pool_monitor::mempool_monitor[0m[2m:[0m 🔍 Skipping tx 0x07317ca30d87432715d2c429f5376ab4a46297a7979f1a2c81ebeaffaa4ed880 - not a DEX interaction (target: 0x601a2aD6CB5949f0529735254189Ba3194221EDF)
[2m2025-12-10T10:08:41.117229Z[0m [34mDEBUG[0m [2methereum_transaction_pool_monitor::mempool_monitor[0m[2m:[0m 📨 Processing new pending transaction: 0x13f5ddf0cbb78ec56f779733208d34958febc2ed3cfb3ae0698f556d58e52d05
[2m2025-12-10T10:08:41.117236Z[0m [34mDEBUG[0m [2methereum_transaction_pool_monitor::mempool_monitor[0m[2m:[0m 🔍 Fetching transaction details for: 0x13f5ddf0cbb78ec56f779733208d34958febc2ed3cfb3ae0698f556d58e52d05
[2m2025-12-10T10:08:41.117243Z[0m [34mDEBUG[0m [2methereum_transaction_pool_monitor::eth_client[0m[2m:[0m 🔍 Fetching transaction details for hash: 0x13f5ddf0cbb78ec56f779733208d34958febc2ed3cfb3ae0698f556d58e52d05
[2m2025-12-10T10:08:41.117262Z[0m [34mDEBUG[0m [2mhyper::client::pool[0m[2m:[0m reuse idle connection for ("http", 192.168.0.14:8545)
[2m2025-12-10T10:08:41.117310Z[0m [34mDEBUG[0m [2mhyper::proto::h1::io[0m[2m:[0m flushed 250 bytes
[2m2025-12-10T10:08:41.123978Z[0m [34mDEBUG[0m [2mhyper::proto::h1::io[0m[2m:[0m parsed 4 headers
[2m2025-12-10T10:08:41.123990Z[0m [34mDEBUG[0m [2mhyper::proto::h1::conn[0m[2m:[0m incoming body is content-length (4550 bytes)
[2m2025-12-10T10:08:41.124000Z[0m [34mDEBUG[0m [2mhyper::proto::h1::conn[0m[2m:[0m incoming body completed
[2m2025-12-10T10:08:41.124012Z[0m [34mDEBUG[0m [2mhyper::client::pool[0m[2m:[0m pooling idle connection for ("http", 192.168.0.14:8545)
[2m2025-12-10T10:08:41.124020Z[0m [34mDEBUG[0m [2methereum_transaction_pool_monitor::eth_client[0m[2m:[0m 📡 Transaction fetch RPC completed in 6.773041ms
[2m2025-12-10T10:08:41.196968Z[0m [34mDEBUG[0m [2methereum_transaction_pool_monitor::eth_client[0m[2m:[0m ✅ Transaction 0x13f5ddf0cbb78ec56f779733208d34958febc2ed3cfb3ae0698f556d58e52d05 fetched and parsed in 79.718166ms
[2m2025-12-10T10:08:41.197052Z[0m [34mDEBUG[0m [2methereum_transaction_pool_monitor::mempool_monitor[0m[2m:[0m 🔍 Skipping tx 0x13f5ddf0cbb78ec56f779733208d34958febc2ed3cfb3ae0698f556d58e52d05 - not a DEX interaction (target: 0xC497058d572D188bFcE1B9813E7D346C54A20812)
[2m2025-12-10T10:08:41.197064Z[0m [34mDEBUG[0m [2methereum_transaction_pool_monitor::mempool_monitor[0m[2m:[0m 📨 Processing new pending transaction: 0x17490396ee18bb10220695d4bbd923084ab89b9fd13c4a34ae8b9d28d69c7e71
[2m2025-12-10T10:08:41.197070Z[0m [34mDEBUG[0m [2methereum_transaction_pool_monitor::mempool_monitor[0m[2m:[0m 🔍 Fetching transaction details for: 0x17490396ee18bb10220695d4bbd923084ab89b9fd13c4a34ae8b9d28d69c7e71
[2m2025-12-10T10:08:41.197076Z[0m [34mDEBUG[0m [2methereum_transaction_pool_monitor::eth_client[0m[2m:[0m 🔍 Fetching transaction details for hash: 0x17490396ee18bb10220695d4bbd923084ab89b9fd13c4a34ae8b9d28d69c7e71
[2m2025-12-10T10:08:41.197099Z[0m [34mDEBUG[0m [2mhyper::client::pool[0m[2m:[0m reuse idle connection for ("http", 192.168.0.14:8545)
[2m2025-12-10T10:08:41.197129Z[0m [34mDEBUG[0m [2mhyper::proto::h1::io[0m[2m:[0m flushed 250 bytes
[2m2025-12-10T10:08:41.197148Z[0m [34mDEBUG[0m [2mhyper::client::pool[0m[2m:[0m reuse idle connection for ("http", 192.168.0.14:8545)
[2m2025-12-10T10:08:41.197158Z[0m [34mDEBUG[0m [2methereum_transaction_pool_monitor::eth_client[0m[2m:[0m 📨 Received WebSocket message: {"jsonrpc":"2.0","method":"eth_subscription","params":{"subscription":"0xbed0a0851463e895960a451075a301a9","result":"0xc39e7297d3c24daf816c903b5ff1a793f988cda312c8a6f5c0a9a899971cc5f8"}}
[2m2025-12-10T10:08:41.197162Z[0m [34mDEBUG[0m [2mhyper::proto::h1::io[0m[2m:[0m flushed 172 bytes
[2m2025-12-10T10:08:41.197170Z[0m [34mDEBUG[0m [2methereum_transaction_pool_monitor::eth_client[0m[2m:[0m 📨 Received pending transaction: 0xc39e7297d3c24daf816c903b5ff1a793f988cda312c8a6f5c0a9a899971cc5f8
[2m2025-12-10T10:08:41.197176Z[0m [34mDEBUG[0m [2methereum_transaction_pool_monitor::eth_client[0m[2m:[0m 📨 Received WebSocket message: {"jsonrpc":"2.0","method":"eth_subscription","params":{"subscription":"0xbed0a0851463e895960a451075a301a9","result":"0xc2b73a5104c0c3ee6bf94ab428c6cf4d936075347ec6c42beda991cab2b567a4"}}
[2m2025-12-10T10:08:41.197181Z[0m [34mDEBUG[0m [2methereum_transaction_pool_monitor::eth_client[0m[2m:[0m 📨 Received pending transaction: 0xc2b73a5104c0c3ee6bf94ab428c6cf4d936075347ec6c42beda991cab2b567a4
[2m2025-12-10T10:08:41.203015Z[0m [34mDEBUG[0m [2methereum_transaction_pool_monitor::eth_client[0m[2m:[0m 📨 Received WebSocket message: {"jsonrpc":"2.0","method":"eth_subscription","params":{"subscription":"0xbed0a0851463e895960a451075a301a9","result":"0xecab66f41ea8e99d79831cf1c811abd729225b5c131aea26e705bee48a5130be"}}
[2m2025-12-10T10:08:41.203029Z[0m [34mDEBUG[0m [2methereum_transaction_pool_monitor::eth_client[0m[2m:[0m 📨 Received pending transaction: 0xecab66f41ea8e99d79831cf1c811abd729225b5c131aea26e705bee48a5130be
[2m2025-12-10T10:08:41.203359Z[0m [34mDEBUG[0m [2mhyper::proto::h1::io[0m[2m:[0m parsed 4 headers
[2m2025-12-10T10:08:41.203367Z[0m [34mDEBUG[0m [2mhyper::proto::h1::conn[0m[2m:[0m incoming body is content-length (45 bytes)
[2m2025-12-10T10:08:41.203376Z[0m [34mDEBUG[0m [2mhyper::proto::h1::conn[0m[2m:[0m incoming body completed
[2m2025-12-10T10:08:41.203387Z[0m [34mDEBUG[0m [2mhyper::client::pool[0m[2m:[0m pooling idle connection for ("http", 192.168.0.14:8545)
[2m2025-12-10T10:08:41.203408Z[0m [34mDEBUG[0m [2mhyper::proto::h1::io[0m[2m:[0m parsed 4 headers
[2m2025-12-10T10:08:41.203414Z[0m [34mDEBUG[0m [2mhyper::proto::h1::conn[0m[2m:[0m incoming body is content-length (835 bytes)
[2m2025-12-10T10:08:41.203418Z[0m [34mDEBUG[0m [2mhyper::proto::h1::conn[0m[2m:[0m incoming body completed
[2m2025-12-10T10:08:41.203426Z[0m [34mDEBUG[0m [2mhyper::client::pool[0m[2m:[0m pooling idle connection for ("http", 192.168.0.14:8545)
[2m2025-12-10T10:08:41.203432Z[0m [34mDEBUG[0m [2methereum_transaction_pool_monitor::eth_client[0m[2m:[0m 📡 Transaction fetch RPC completed in 6.350708ms
[2m2025-12-10T10:08:41.275382Z[0m [34mDEBUG[0m [2methereum_transaction_pool_monitor::eth_client[0m[2m:[0m ✅ Transaction 0x17490396ee18bb10220695d4bbd923084ab89b9fd13c4a34ae8b9d28d69c7e71 fetched and parsed in 78.298667ms
[2m2025-12-10T10:08:41.275415Z[0m [34mDEBUG[0m [2methereum_transaction_pool_monitor::mempool_monitor[0m[2m:[0m 🔍 Skipping tx 0x17490396ee18bb10220695d4bbd923084ab89b9fd13c4a34ae8b9d28d69c7e71 - not a DEX interaction (target: 0x3B4D794a66304F130a4Db8F2551B0070dfCf5ca7)
[2m2025-12-10T10:08:41.275428Z[0m [34mDEBUG[0m [2methereum_transaction_pool_monitor::mempool_monitor[0m[2m:[0m 📨 Processing new pending transaction: 0x0c177356c2a37ddf3248e265263b1c393e84eef7d48603dfaec5be8b30db990b
[2m2025-12-10T10:08:41.275435Z[0m [34mDEBUG[0m [2methereum_transaction_pool_monitor::mempool_monitor[0m[2m:[0m 🔍 Fetching transaction details for: 0x0c177356c2a37ddf3248e265263b1c393e84eef7d48603dfaec5be8b30db990b
[2m2025-12-10T10:08:41.275440Z[0m [34mDEBUG[0m [2methereum_transaction_pool_monitor::eth_client[0m[2m:[0m 🔍 Fetching transaction details for hash: 0x0c177356c2a37ddf3248e265263b1c393e84eef7d48603dfaec5be8b30db990b
[2m2025-12-10T10:08:41.275462Z[0m [34mDEBUG[0m [2mhyper::client::pool[0m[2m:[0m reuse idle connection for ("http", 192.168.0.14:8545)
[2m2025-12-10T10:08:41.275517Z[0m [34mDEBUG[0m [2mhyper::proto::h1::io[0m[2m:[0m flushed 250 bytes
[2m2025-12-10T10:08:41.281541Z[0m [34mDEBUG[0m [2mhyper::proto::h1::io[0m[2m:[0m parsed 4 headers
[2m2025-12-10T10:08:41.281552Z[0m [34mDEBUG[0m [2mhyper::proto::h1::conn[0m[2m:[0m incoming body is content-length (553 bytes)
[2m2025-12-10T10:08:41.281563Z[0m [34mDEBUG[0m [2mhyper::proto::h1::conn[0m[2m:[0m incoming body completed
[2m2025-12-10T10:08:41.281573Z[0m [34mDEBUG[0m [2mhyper::client::pool[0m[2m:[0m pooling idle connection for ("http", 192.168.0.14:8545)
[2m2025-12-10T10:08:41.281581Z[0m [34mDEBUG[0m [2methereum_transaction_pool_monitor::eth_client[0m[2m:[0m 📡 Transaction fetch RPC completed in 6.134875ms
[2m2025-12-10T10:08:41.352081Z[0m [34mDEBUG[0m [2methereum_transaction_pool_monitor::eth_client[0m[2m:[0m ✅ Transaction 0x0c177356c2a37ddf3248e265263b1c393e84eef7d48603dfaec5be8b30db990b fetched and parsed in 76.632917ms
[2m2025-12-10T10:08:41.352100Z[0m [34mDEBUG[0m [2methereum_transaction_pool_monitor::mempool_monitor[0m[2m:[0m 🔍 Skipping tx 0x0c177356c2a37ddf3248e265263b1c393e84eef7d48603dfaec5be8b30db990b - not a DEX interaction (target: 0xA4abaF3F0Bd445ac2B07d9Bf838CcDDAED89820B)
[2m2025-12-10T10:08:41.352109Z[0m [34mDEBUG[0m [2methereum_transaction_pool_monitor::mempool_monitor[0m[2m:[0m 📨 Processing new pending transaction: 0x40d29244faaf61d2cbd5d31fca75a2ace92e66a2d7a6d327861be38b02e059cd
[2m2025-12-10T10:08:41.352120Z[0m [34mDEBUG[0m [2methereum_transaction_pool_monitor::mempool_monitor[0m[2m:[0m 🔍 Fetching transaction details for: 0x40d29244faaf61d2cbd5d31fca75a2ace92e66a2d7a6d327861be38b02e059cd
[2m2025-12-10T10:08:41.352126Z[0m [34mDEBUG[0m [2methereum_transaction_pool_monitor::eth_client[0m[2m:[0m 🔍 Fetching transaction details for hash: 0x40d29244faaf61d2cbd5d31fca75a2ace92e66a2d7a6d327861be38b02e059cd
[2m2025-12-10T10:08:41.352146Z[0m [34mDEBUG[0m [2mhyper::client::pool[0m[2m:[0m reuse idle connection for ("http", 192.168.0.14:8545)
[2m2025-12-10T10:08:41.352201Z[0m [34mDEBUG[0m [2mhyper::proto::h1::io[0m[2m:[0m flushed 250 bytes
[2m2025-12-10T10:08:41.352222Z[0m [34mDEBUG[0m [2mhyper::client::pool[0m[2m:[0m reuse idle connection for ("http", 192.168.0.14:8545)
[2m2025-12-10T10:08:41.352237Z[0m [34mDEBUG[0m [2mhyper::proto::h1::io[0m[2m:[0m flushed 172 bytes
[2m2025-12-10T10:08:41.352271Z[0m [34mDEBUG[0m [2methereum_transaction_pool_monitor::eth_client[0m[2m:[0m 📨 Received WebSocket message: {"jsonrpc":"2.0","method":"eth_subscription","params":{"subscription":"0xbed0a0851463e895960a451075a301a9","result":"0x6a252c4815e2b2f7631a713647cd554a370e9bd4ff3493f10a1537da4216080d"}}
[2m2025-12-10T10:08:41.352280Z[0m [34mDEBUG[0m [2methereum_transaction_pool_monitor::eth_client[0m[2m:[0m 📨 Received pending transaction: 0x6a252c4815e2b2f7631a713647cd554a370e9bd4ff3493f10a1537da4216080d
[2m2025-12-10T10:08:41.356149Z[0m [34mDEBUG[0m [2mhyper::proto::h1::io[0m[2m:[0m parsed 4 headers
[2m2025-12-10T10:08:41.356160Z[0m [34mDEBUG[0m [2mhyper::proto::h1::conn[0m[2m:[0m incoming body is content-length (647 bytes)
[2m2025-12-10T10:08:41.356169Z[0m [34mDEBUG[0m [2mhyper::proto::h1::conn[0m[2m:[0m incoming body completed
[2m2025-12-10T10:08:41.356179Z[0m [34mDEBUG[0m [2mhyper::client::pool[0m[2m:[0m pooling idle connection for ("http", 192.168.0.14:8545)
[2m2025-12-10T10:08:41.356186Z[0m [34mDEBUG[0m [2methereum_transaction_pool_monitor::eth_client[0m[2m:[0m 📡 Transaction fetch RPC completed in 4.055166ms
[2m2025-12-10T10:08:41.427611Z[0m [34mDEBUG[0m [2methereum_transaction_pool_monitor::eth_client[0m[2m:[0m ✅ Transaction 0x40d29244faaf61d2cbd5d31fca75a2ace92e66a2d7a6d327861be38b02e059cd fetched and parsed in 75.476625ms
[2m2025-12-10T10:08:41.427642Z[0m [34mDEBUG[0m [2methereum_transaction_pool_monitor::mempool_monitor[0m[2m:[0m 🔍 Skipping tx 0x40d29244faaf61d2cbd5d31fca75a2ace92e66a2d7a6d327861be38b02e059cd - not a DEX interaction (target: 0x4B586dDA2FA4ab2426a481d7D420223ed6376Ce1)
[2m2025-12-10T10:08:41.427655Z[0m [34mDEBUG[0m [2methereum_transaction_pool_monitor::mempool_monitor[0m[2m:[0m 📨 Processing new pending transaction: 0xbc2c99fa452d0c73be88841d1ce7269e6dbbd3c6df35174147655c4165e33a7b
[2m2025-12-10T10:08:41.427664Z[0m [34mDEBUG[0m [2methereum_transaction_pool_monitor::mempool_monitor[0m[2m:[0m 🔍 Fetching transaction details for: 0xbc2c99fa452d0c73be88841d1ce7269e6dbbd3c6df35174147655c4165e33a7b
[2m2025-12-10T10:08:41.427673Z[0m [34mDEBUG[0m [2methereum_transaction_pool_monitor::eth_client[0m[2m:[0m 🔍 Fetching transaction details for hash: 0xbc2c99fa452d0c73be88841d1ce7269e6dbbd3c6df35174147655c4165e33a7b
[2m2025-12-10T10:08:41.427694Z[0m [34mDEBUG[0m [2mhyper::client::pool[0m[2m:[0m reuse idle connection for ("http", 192.168.0.14:8545)
[2m2025-12-10T10:08:41.427742Z[0m [34mDEBUG[0m [2mhyper::proto::h1::io[0m[2m:[0m flushed 250 bytes
[2m2025-12-10T10:08:41.427761Z[0m [34mDEBUG[0m [2mhyper::proto::h1::io[0m[2m:[0m parsed 4 headers
[2m2025-12-10T10:08:41.427767Z[0m [34mDEBUG[0m [2mhyper::proto::h1::conn[0m[2m:[0m incoming body is content-length (45 bytes)
[2m2025-12-10T10:08:41.427778Z[0m [34mDEBUG[0m [2mhyper::proto::h1::conn[0m[2m:[0m incoming body completed
[2m2025-12-10T10:08:41.427792Z[0m [34mDEBUG[0m [2mhyper::client::pool[0m[2m:[0m pooling idle connection for ("http", 192.168.0.14:8545)
[2m2025-12-10T10:08:41.427811Z[0m [34mDEBUG[0m [2mhyper::client::pool[0m[2m:[0m reuse idle connection for ("http", 192.168.0.14:8545)
[2m2025-12-10T10:08:41.427826Z[0m [34mDEBUG[0m [2mhyper::proto::h1::io[0m[2m:[0m flushed 172 bytes
[2m2025-12-10T10:08:41.432399Z[0m [34mDEBUG[0m [2mhyper::proto::h1::io[0m[2m:[0m parsed 4 headers
[2m2025-12-10T10:08:41.435442Z[0m [34mDEBUG[0m [2mhyper::proto::h1::conn[0m[2m:[0m incoming body is content-length (45 bytes)
[2m2025-12-10T10:08:41.435458Z[0m [34mDEBUG[0m [2mhyper::proto::h1::conn[0m[2m:[0m incoming body completed
[2m2025-12-10T10:08:41.435471Z[0m [34mDEBUG[0m [2mhyper::client::pool[0m[2m:[0m pooling idle connection for ("http", 192.168.0.14:8545)
[2m2025-12-10T10:08:41.436715Z[0m [34mDEBUG[0m [2mhyper::proto::h1::io[0m[2m:[0m parsed 4 headers
[2m2025-12-10T10:08:41.436721Z[0m [34mDEBUG[0m [2mhyper::proto::h1::conn[0m[2m:[0m incoming body is content-length (12927 bytes)
[2m2025-12-10T10:08:41.436734Z[0m [34mDEBUG[0m [2methereum_transaction_pool_monitor::eth_client[0m[2m:[0m 📡 Transaction fetch RPC completed in 9.05525ms
[2m2025-12-10T10:08:41.439123Z[0m [34mDEBUG[0m [2mhyper::proto::h1::conn[0m[2m:[0m incoming body completed
[2m2025-12-10T10:08:41.439136Z[0m [34mDEBUG[0m [2mhyper::client::pool[0m[2m:[0m pooling idle connection for ("http", 192.168.0.14:8545)
[2m2025-12-10T10:08:41.485081Z[0m [34mDEBUG[0m [2methereum_transaction_pool_monitor::eth_client[0m[2m:[0m 📨 Received WebSocket message: {"jsonrpc":"2.0","method":"eth_subscription","params":{"subscription":"0xbed0a0851463e895960a451075a301a9","result":"0x4fb9a0a996acbec72e44d22119728ffe605c336aabaaa03a29321615452d5ba1"}}
[2m2025-12-10T10:08:41.485102Z[0m [34mDEBUG[0m [2methereum_transaction_pool_monitor::eth_client[0m[2m:[0m 📨 Received pending transaction: 0x4fb9a0a996acbec72e44d22119728ffe605c336aabaaa03a29321615452d5ba1
[2m2025-12-10T10:08:41.497144Z[0m [34mDEBUG[0m [2mhyper::client::pool[0m[2m:[0m reuse idle connection for ("http", 192.168.0.14:8545)
[2m2025-12-10T10:08:41.497216Z[0m [34mDEBUG[0m [2mhyper::proto::h1::io[0m[2m:[0m flushed 172 bytes
[2m2025-12-10T10:08:41.500493Z[0m [34mDEBUG[0m [2mhyper::proto::h1::io[0m[2m:[0m parsed 4 headers
[2m2025-12-10T10:08:41.500507Z[0m [34mDEBUG[0m [2mhyper::proto::h1::conn[0m[2m:[0m incoming body is content-length (45 bytes)
[2m2025-12-10T10:08:41.500515Z[0m [34mDEBUG[0m [2mhyper::proto::h1::conn[0m[2m:[0m incoming body completed
[2m2025-12-10T10:08:41.500525Z[0m [34mDEBUG[0m [2mhyper::client::pool[0m[2m:[0m pooling idle connection for ("http", 192.168.0.14:8545)
[2m2025-12-10T10:08:41.511492Z[0m [34mDEBUG[0m [2methereum_transaction_pool_monitor::eth_client[0m[2m:[0m ✅ Transaction 0xbc2c99fa452d0c73be88841d1ce7269e6dbbd3c6df35174147655c4165e33a7b fetched and parsed in 83.811333ms
[2m2025-12-10T10:08:41.511512Z[0m [34mDEBUG[0m [2methereum_transaction_pool_monitor::mempool_monitor[0m[2m:[0m 🔍 Skipping tx 0xbc2c99fa452d0c73be88841d1ce7269e6dbbd3c6df35174147655c4165e33a7b - not a DEX interaction (target: 0x618892aE551eB5bB2DE8911057b3714274b5FFe1)
[2m2025-12-10T10:08:41.511522Z[0m [34mDEBUG[0m [2methereum_transaction_pool_monitor::mempool_monitor[0m[2m:[0m 📨 Processing new pending transaction: 0xa6c25f353b9a62536c58c8967c2a83e1cedd25d00b926aa5cffb9fa1f96e5d49
[2m2025-12-10T10:08:41.511529Z[0m [34mDEBUG[0m [2methereum_transaction_pool_monitor::mempool_monitor[0m[2m:[0m 🔍 Fetching transaction details for: 0xa6c25f353b9a62536c58c8967c2a83e1cedd25d00b926aa5cffb9fa1f96e5d49
[2m2025-12-10T10:08:41.511535Z[0m [34mDEBUG[0m [2methereum_transaction_pool_monitor::eth_client[0m[2m:[0m 🔍 Fetching transaction details for hash: 0xa6c25f353b9a62536c58c8967c2a83e1cedd25d00b926aa5cffb9fa1f96e5d49
[2m2025-12-10T10:08:41.511555Z[0m [34mDEBUG[0m [2mhyper::client::pool[0m[2m:[0m reuse idle connection for ("http", 192.168.0.14:8545)
[2m2025-12-10T10:08:41.511601Z[0m [34mDEBUG[0m [2mhyper::proto::h1::io[0m[2m:[0m flushed 250 bytes
[2m2025-12-10T10:08:41.521730Z[0m [34mDEBUG[0m [2mhyper::proto::h1::io[0m[2m:[0m parsed 4 headers
[2m2025-12-10T10:08:41.521745Z[0m [34mDEBUG[0m [2mhyper::proto::h1::conn[0m[2m:[0m incoming body is content-length (770 bytes)
[2m2025-12-10T10:08:41.521755Z[0m [34mDEBUG[0m [2mhyper::proto::h1::conn[0m[2m:[0m incoming body completed
[2m2025-12-10T10:08:41.521767Z[0m [34mDEBUG[0m [2mhyper::client::pool[0m[2m:[0m pooling idle connection for ("http", 192.168.0.14:8545)
[2m2025-12-10T10:08:41.521777Z[0m [34mDEBUG[0m [2methereum_transaction_pool_monitor::eth_client[0m[2m:[0m 📡 Transaction fetch RPC completed in 10.236792ms
[2m2025-12-10T10:08:41.593058Z[0m [34mDEBUG[0m [2methereum_transaction_pool_monitor::eth_client[0m[2m:[0m ✅ Transaction 0xa6c25f353b9a62536c58c8967c2a83e1cedd25d00b926aa5cffb9fa1f96e5d49 fetched and parsed in 81.514458ms
[2m2025-12-10T10:08:41.593088Z[0m [34mDEBUG[0m [2methereum_transaction_pool_monitor::mempool_monitor[0m[2m:[0m 🔍 Skipping tx 0xa6c25f353b9a62536c58c8967c2a83e1cedd25d00b926aa5cffb9fa1f96e5d49 - not a DEX interaction (target: 0xB8f28C60dD8240141185a192fa4156A23E189305)
[2m2025-12-10T10:08:41.593100Z[0m [34mDEBUG[0m [2methereum_transaction_pool_monitor::mempool_monitor[0m[2m:[0m 📨 Processing new pending transaction: 0x964f927078a392df673ffd2799c07d8bc0c42fa0356b4c91b3d194977951e14a
[2m2025-12-10T10:08:41.593108Z[0m [34mDEBUG[0m [2methereum_transaction_pool_monitor::mempool_monitor[0m[2m:[0m 🔍 Fetching transaction details for: 0x964f927078a392df673ffd2799c07d8bc0c42fa0356b4c91b3d194977951e14a
[2m2025-12-10T10:08:41.593114Z[0m [34mDEBUG[0m [2methereum_transaction_pool_monitor::eth_client[0m[2m:[0m 🔍 Fetching transaction details for hash: 0x964f927078a392df673ffd2799c07d8bc0c42fa0356b4c91b3d194977951e14a
[2m2025-12-10T10:08:41.593135Z[0m [34mDEBUG[0m [2mhyper::client::pool[0m[2m:[0m reuse idle connection for ("http", 192.168.0.14:8545)
[2m2025-12-10T10:08:41.593191Z[0m [34mDEBUG[0m [2mhyper::proto::h1::io[0m[2m:[0m flushed 250 bytes
[2m2025-12-10T10:08:41.593211Z[0m [34mDEBUG[0m [2methereum_transaction_pool_monitor::eth_client[0m[2m:[0m 📨 Received WebSocket message: {"jsonrpc":"2.0","method":"eth_subscription","params":{"subscription":"0xbed0a0851463e895960a451075a301a9","result":"0x3e672845d7953bfc2ed370aeac5120fb95bafbbcdc18d8d88c896a2e73809737"}}
[2m2025-12-10T10:08:41.593220Z[0m [34mDEBUG[0m [2methereum_transaction_pool_monitor::eth_client[0m[2m:[0m 📨 Received pending transaction: 0x3e672845d7953bfc2ed370aeac5120fb95bafbbcdc18d8d88c896a2e73809737
[2m2025-12-10T10:08:41.596623Z[0m [34mDEBUG[0m [2mhyper::client::pool[0m[2m:[0m reuse idle connection for ("http", 192.168.0.14:8545)
[2m2025-12-10T10:08:41.596672Z[0m [34mDEBUG[0m [2mhyper::proto::h1::io[0m[2m:[0m flushed 172 bytes
[2m2025-12-10T10:08:41.599236Z[0m [34mDEBUG[0m [2mhyper::proto::h1::io[0m[2m:[0m parsed 4 headers
[2m2025-12-10T10:08:41.599250Z[0m [34mDEBUG[0m [2mhyper::proto::h1::conn[0m[2m:[0m incoming body is content-length (641 bytes)
[2m2025-12-10T10:08:41.599258Z[0m [34mDEBUG[0m [2mhyper::proto::h1::conn[0m[2m:[0m incoming body completed
[2m2025-12-10T10:08:41.599269Z[0m [34mDEBUG[0m [2mhyper::client::pool[0m[2m:[0m pooling idle connection for ("http", 192.168.0.14:8545)
[2m2025-12-10T10:08:41.599276Z[0m [34mDEBUG[0m [2methereum_transaction_pool_monitor::eth_client[0m[2m:[0m 📡 Transaction fetch RPC completed in 6.157ms
[2m2025-12-10T10:08:41.670431Z[0m [34mDEBUG[0m [2methereum_transaction_pool_monitor::eth_client[0m[2m:[0m ✅ Transaction 0x964f927078a392df673ffd2799c07d8bc0c42fa0356b4c91b3d194977951e14a fetched and parsed in 77.3105ms
[2m2025-12-10T10:08:41.670462Z[0m [34mDEBUG[0m [2methereum_transaction_pool_monitor::mempool_monitor[0m[2m:[0m 🔍 Skipping tx 0x964f927078a392df673ffd2799c07d8bc0c42fa0356b4c91b3d194977951e14a - not a DEX interaction (target: 0xa760c65EE687C854c9F20d90d9E5c7d27Eb742B8)
[2m2025-12-10T10:08:41.670476Z[0m [34mDEBUG[0m [2methereum_transaction_pool_monitor::mempool_monitor[0m[2m:[0m 📨 Processing new pending transaction: 0xc5a4b62a1ea6ec08b53f81eda942917f9d9d9987a9c52a700d046d5c5609825c
[2m2025-12-10T10:08:41.670487Z[0m [34mDEBUG[0m [2methereum_transaction_pool_monitor::mempool_monitor[0m[2m:[0m 🔍 Fetching transaction details for: 0xc5a4b62a1ea6ec08b53f81eda942917f9d9d9987a9c52a700d046d5c5609825c
[2m2025-12-10T10:08:41.670492Z[0m [34mDEBUG[0m [2methereum_transaction_pool_monitor::eth_client[0m[2m:[0m 🔍 Fetching transaction details for hash: 0xc5a4b62a1ea6ec08b53f81eda942917f9d9d9987a9c52a700d046d5c5609825c
[2m2025-12-10T10:08:41.670512Z[0m [34mDEBUG[0m [2mhyper::client::pool[0m[2m:[0m reuse idle connection for ("http", 192.168.0.14:8545)
[2m2025-12-10T10:08:41.670557Z[0m [34mDEBUG[0m [2mhyper::proto::h1::io[0m[2m:[0m flushed 250 bytes
[2m2025-12-10T10:08:41.670574Z[0m [34mDEBUG[0m [2mhyper::proto::h1::io[0m[2m:[0m parsed 4 headers
[2m2025-12-10T10:08:41.670580Z[0m [34mDEBUG[0m [2mhyper::proto::h1::conn[0m[2m:[0m incoming body is content-length (45 bytes)
[2m2025-12-10T10:08:41.670590Z[0m [34mDEBUG[0m [2mhyper::proto::h1::conn[0m[2m:[0m incoming body completed
[2m2025-12-10T10:08:41.670599Z[0m [34mDEBUG[0m [2mhyper::client::pool[0m[2m:[0m pooling idle connection for ("http", 192.168.0.14:8545)
[2m2025-12-10T10:08:41.679212Z[0m [34mDEBUG[0m [2mhyper::proto::h1::io[0m[2m:[0m parsed 4 headers
[2m2025-12-10T10:08:41.679230Z[0m [34mDEBUG[0m [2mhyper::proto::h1::conn[0m[2m:[0m incoming body is content-length (553 bytes)
[2m2025-12-10T10:08:41.679240Z[0m [34mDEBUG[0m [2mhyper::proto::h1::conn[0m[2m:[0m incoming body completed
[2m2025-12-10T10:08:41.679251Z[0m [34mDEBUG[0m [2mhyper::client::pool[0m[2m:[0m pooling idle connection for ("http", 192.168.0.14:8545)
[2m2025-12-10T10:08:41.679260Z[0m [34mDEBUG[0m [2methereum_transaction_pool_monitor::eth_client[0m[2m:[0m 📡 Transaction fetch RPC completed in 8.762708ms
[2m2025-12-10T10:08:41.748646Z[0m [34mDEBUG[0m [2methereum_transaction_pool_monitor::eth_client[0m[2m:[0m ✅ Transaction 0xc5a4b62a1ea6ec08b53f81eda942917f9d9d9987a9c52a700d046d5c5609825c fetched and parsed in 78.146333ms
[2m2025-12-10T10:08:41.748675Z[0m [34mDEBUG[0m [2methereum_transaction_pool_monitor::mempool_monitor[0m[2m:[0m 🔍 Skipping tx 0xc5a4b62a1ea6ec08b53f81eda942917f9d9d9987a9c52a700d046d5c5609825c - not a DEX interaction (target: 0xdBA539439e70FC30e16C82d0D0Dae7dB501DF484)
[2m2025-12-10T10:08:41.748686Z[0m [34mDEBUG[0m [2methereum_transaction_pool_monitor::mempool_monitor[0m[2m:[0m 📨 Processing new pending transaction: 0x4d8f8c80f40bc56165fd7e75ea9abc98596c3601b4e8b0f129f06a661b176949
[2m2025-12-10T10:08:41.748697Z[0m [34mDEBUG[0m [2methereum_transaction_pool_monitor::mempool_monitor[0m[2m:[0m 🔍 Fetching transaction details for: 0x4d8f8c80f40bc56165fd7e75ea9abc98596c3601b4e8b0f129f06a661b176949
[2m2025-12-10T10:08:41.748702Z[0m [34mDEBUG[0m [2methereum_transaction_pool_monitor::eth_client[0m[2m:[0m 🔍 Fetching transaction details for hash: 0x4d8f8c80f40bc56165fd7e75ea9abc98596c3601b4e8b0f129f06a661b176949
[2m2025-12-10T10:08:41.748723Z[0m [34mDEBUG[0m [2mhyper::client::pool[0m[2m:[0m reuse idle connection for ("http", 192.168.0.14:8545)
[2m2025-12-10T10:08:41.748768Z[0m [34mDEBUG[0m [2mhyper::proto::h1::io[0m[2m:[0m flushed 250 bytes
[2m2025-12-10T10:08:41.748789Z[0m [34mDEBUG[0m [2mhyper::client::pool[0m[2m:[0m reuse idle connection for ("http", 192.168.0.14:8545)
[2m2025-12-10T10:08:41.748806Z[0m [34mDEBUG[0m [2mhyper::proto::h1::io[0m[2m:[0m flushed 172 bytes
[2m2025-12-10T10:08:41.748808Z[0m [34mDEBUG[0m [2methereum_transaction_pool_monitor::eth_client[0m[2m:[0m 📨 Received WebSocket message: {"jsonrpc":"2.0","method":"eth_subscription","params":{"subscription":"0xbed0a0851463e895960a451075a301a9","result":"0x55e14aa66aa4c3fbc536e66fbfd8b6d7a52436501050c47f3fe26f71a191e363"}}
[2m2025-12-10T10:08:41.748821Z[0m [34mDEBUG[0m [2methereum_transaction_pool_monitor::eth_client[0m[2m:[0m 📨 Received pending transaction: 0x55e14aa66aa4c3fbc536e66fbfd8b6d7a52436501050c47f3fe26f71a191e363
[2m2025-12-10T10:08:41.748827Z[0m [34mDEBUG[0m [2methereum_transaction_pool_monitor::eth_client[0m[2m:[0m 📨 Received WebSocket message: {"jsonrpc":"2.0","method":"eth_subscription","params":{"subscription":"0xbed0a0851463e895960a451075a301a9","result":"0xa381ef2789995eef8cfb9250878b5b19c1f18ec8d03a5cded1d26c6a47dcf5dd"}}
[2m2025-12-10T10:08:41.748834Z[0m [34mDEBUG[0m [2methereum_transaction_pool_monitor::eth_client[0m[2m:[0m 📨 Received pending transaction: 0xa381ef2789995eef8cfb9250878b5b19c1f18ec8d03a5cded1d26c6a47dcf5dd
[2m2025-12-10T10:08:41.753212Z[0m [34mDEBUG[0m [2mhyper::proto::h1::io[0m[2m:[0m parsed 4 headers
[2m2025-12-10T10:08:41.753220Z[0m [34mDEBUG[0m [2mhyper::proto::h1::conn[0m[2m:[0m incoming body is content-length (774 bytes)
[2m2025-12-10T10:08:41.753228Z[0m [34mDEBUG[0m [2mhyper::proto::h1::conn[0m[2m:[0m incoming body completed
[2m2025-12-10T10:08:41.753237Z[0m [34mDEBUG[0m [2mhyper::client::pool[0m[2m:[0m pooling idle connection for ("http", 192.168.0.14:8545)
[2m2025-12-10T10:08:41.753245Z[0m [34mDEBUG[0m [2methereum_transaction_pool_monitor::eth_client[0m[2m:[0m 📡 Transaction fetch RPC completed in 4.538125ms
[2m2025-12-10T10:08:41.753262Z[0m [34mDEBUG[0m [2methereum_transaction_pool_monitor::eth_client[0m[2m:[0m DeFi transaction detected - Address: 0xdac17f958d2ee523a2206206994597c13d831ec7, Type: Stablecoin, Value: 0 ETH, Gas: 1.00 Gwei
[2m2025-12-10T10:08:41.753276Z[0m [34mDEBUG[0m [2methereum_transaction_pool_monitor::eth_client[0m[2m:[0m ✅ Transaction 0x4d8f8c80f40bc56165fd7e75ea9abc98596c3601b4e8b0f129f06a661b176949 fetched and parsed in 4.569208ms
[2m2025-12-10T10:08:41.753282Z[0m [34mDEBUG[0m [2methereum_transaction_pool_monitor::mempool_monitor[0m[2m:[0m 🔍 Skipping tx 0x4d8f8c80f40bc56165fd7e75ea9abc98596c3601b4e8b0f129f06a661b176949 - not a DEX interaction (target: 0xdAC17F958D2ee523a2206206994597C13D831ec7)
[2m2025-12-10T10:08:41.753290Z[0m [34mDEBUG[0m [2methereum_transaction_pool_monitor::mempool_monitor[0m[2m:[0m 📨 Processing new pending transaction: 0x0fe6b32fc092e7ba81478b8fb02ae12f39dfebb8eb15e798b2cf1f93b5798c92
[2m2025-12-10T10:08:41.753294Z[0m [34mDEBUG[0m [2methereum_transaction_pool_monitor::mempool_monitor[0m[2m:[0m 🔍 Fetching transaction details for: 0x0fe6b32fc092e7ba81478b8fb02ae12f39dfebb8eb15e798b2cf1f93b5798c92
[2m2025-12-10T10:08:41.753300Z[0m [34mDEBUG[0m [2methereum_transaction_pool_monitor::eth_client[0m[2m:[0m 🔍 Fetching transaction details for hash: 0x0fe6b32fc092e7ba81478b8fb02ae12f39dfebb8eb15e798b2cf1f93b5798c92
[2m2025-12-10T10:08:41.753311Z[0m [34mDEBUG[0m [2mhyper::client::pool[0m[2m:[0m reuse idle connection for ("http", 192.168.0.14:8545)
[2m2025-12-10T10:08:41.753330Z[0m [34mDEBUG[0m [2mhyper::proto::h1::io[0m[2m:[0m flushed 250 bytes
[2m2025-12-10T10:08:41.753341Z[0m [34mDEBUG[0m [2mhyper::proto::h1::io[0m[2m:[0m parsed 4 headers
[2m2025-12-10T10:08:41.753345Z[0m [34mDEBUG[0m [2mhyper::proto::h1::conn[0m[2m:[0m incoming body is content-length (45 bytes)
[2m2025-12-10T10:08:41.753349Z[0m [34mDEBUG[0m [2mhyper::proto::h1::conn[0m[2m:[0m incoming body completed
[2m2025-12-10T10:08:41.753354Z[0m [34mDEBUG[0m [2mhyper::client::pool[0m[2m:[0m pooling idle connection for ("http", 192.168.0.14:8545)
[2m2025-12-10T10:08:41.766163Z[0m [34mDEBUG[0m [2mhyper::proto::h1::io[0m[2m:[0m parsed 4 headers
[2m2025-12-10T10:08:41.766193Z[0m [34mDEBUG[0m [2mhyper::proto::h1::conn[0m[2m:[0m incoming body is content-length (7557 bytes)
[2m2025-12-10T10:08:41.766227Z[0m [34mDEBUG[0m [2methereum_transaction_pool_monitor::eth_client[0m[2m:[0m 📡 Transaction fetch RPC completed in 12.9215ms
[2m2025-12-10T10:08:41.767599Z[0m [34mDEBUG[0m [2mhyper::proto::h1::conn[0m[2m:[0m incoming body completed
[2m2025-12-10T10:08:41.767612Z[0m [34mDEBUG[0m [2mhyper::client::pool[0m[2m:[0m pooling idle connection for ("http", 192.168.0.14:8545)
[2m2025-12-10T10:08:41.796969Z[0m [34mDEBUG[0m [2mhyper::client::pool[0m[2m:[0m reuse idle connection for ("http", 192.168.0.14:8545)
[2m2025-12-10T10:08:41.797035Z[0m [34mDEBUG[0m [2mhyper::proto::h1::io[0m[2m:[0m flushed 172 bytes
[2m2025-12-10T10:08:41.800270Z[0m [34mDEBUG[0m [2mhyper::proto::h1::io[0m[2m:[0m parsed 4 headers
[2m2025-12-10T10:08:41.800287Z[0m [34mDEBUG[0m [2mhyper::proto::h1::conn[0m[2m:[0m incoming body is content-length (45 bytes)
[2m2025-12-10T10:08:41.800295Z[0m [34mDEBUG[0m [2mhyper::proto::h1::conn[0m[2m:[0m incoming body completed
[2m2025-12-10T10:08:41.800305Z[0m [34mDEBUG[0m [2mhyper::client::pool[0m[2m:[0m pooling idle connection for ("http", 192.168.0.14:8545)
[2m2025-12-10T10:08:41.809973Z[0m [34mDEBUG[0m [2methereum_transaction_pool_monitor::eth_client[0m[2m:[0m 📨 Received WebSocket message: {"jsonrpc":"2.0","method":"eth_subscription","params":{"subscription":"0xbed0a0851463e895960a451075a301a9","result":"0x60c41409889d8ee9708e47f695e5313645353b78127aa64d8662de5d26e80a06"}}
[2m2025-12-10T10:08:41.809990Z[0m [34mDEBUG[0m [2methereum_transaction_pool_monitor::eth_client[0m[2m:[0m 📨 Received pending transaction: 0x60c41409889d8ee9708e47f695e5313645353b78127aa64d8662de5d26e80a06
[2m2025-12-10T10:08:41.839809Z[0m [34mDEBUG[0m [2methereum_transaction_pool_monitor::eth_client[0m[2m:[0m ✅ Transaction 0x0fe6b32fc092e7ba81478b8fb02ae12f39dfebb8eb15e798b2cf1f93b5798c92 fetched and parsed in 86.500208ms
[2m2025-12-10T10:08:41.839834Z[0m [34mDEBUG[0m [2methereum_transaction_pool_monitor::mempool_monitor[0m[2m:[0m 🔍 Skipping tx 0x0fe6b32fc092e7ba81478b8fb02ae12f39dfebb8eb15e798b2cf1f93b5798c92 - not a DEX interaction (target: 0x663DC15D3C1aC63ff12E45Ab68FeA3F0a883C251)
[2m2025-12-10T10:08:41.839845Z[0m [34mDEBUG[0m [2methereum_transaction_pool_monitor::mempool_monitor[0m[2m:[0m 📨 Processing new pending transaction: 0x3afa5bc5cf50268e299e4c89013e85f311e22021c58e00677447dd14ca556488
[2m2025-12-10T10:08:41.839851Z[0m [34mDEBUG[0m [2methereum_transaction_pool_monitor::mempool_monitor[0m[2m:[0m 🔍 Fetching transaction details for: 0x3afa5bc5cf50268e299e4c89013e85f311e22021c58e00677447dd14ca556488
[2m2025-12-10T10:08:41.839858Z[0m [34mDEBUG[0m [2methereum_transaction_pool_monitor::eth_client[0m[2m:[0m 🔍 Fetching transaction details for hash: 0x3afa5bc5cf50268e299e4c89013e85f311e22021c58e00677447dd14ca556488
[2m2025-12-10T10:08:41.839878Z[0m [34mDEBUG[0m [2mhyper::client::pool[0m[2m:[0m reuse idle connection for ("http", 192.168.0.14:8545)
[2m2025-12-10T10:08:41.839922Z[0m [34mDEBUG[0m [2mhyper::proto::h1::io[0m[2m:[0m flushed 250 bytes
[2m2025-12-10T10:08:41.844250Z[0m [34mDEBUG[0m [2mhyper::proto::h1::io[0m[2m:[0m parsed 4 headers
[2m2025-12-10T10:08:41.844260Z[0m [34mDEBUG[0m [2mhyper::proto::h1::conn[0m[2m:[0m incoming body is content-length (831 bytes)
[2m2025-12-10T10:08:41.844267Z[0m [34mDEBUG[0m [2mhyper::proto::h1::conn[0m[2m:[0m incoming body completed
[2m2025-12-10T10:08:41.844277Z[0m [34mDEBUG[0m [2mhyper::client::pool[0m[2m:[0m pooling idle connection for ("http", 192.168.0.14:8545)
[2m2025-12-10T10:08:41.844284Z[0m [34mDEBUG[0m [2methereum_transaction_pool_monitor::eth_client[0m[2m:[0m 📡 Transaction fetch RPC completed in 4.421125ms
[2m2025-12-10T10:08:41.914337Z[0m [34mDEBUG[0m [2methereum_transaction_pool_monitor::eth_client[0m[2m:[0m ✅ Transaction 0x3afa5bc5cf50268e299e4c89013e85f311e22021c58e00677447dd14ca556488 fetched and parsed in 74.471042ms
[2m2025-12-10T10:08:41.914369Z[0m [34mDEBUG[0m [2methereum_transaction_pool_monitor::mempool_monitor[0m[2m:[0m 🔍 Skipping tx 0x3afa5bc5cf50268e299e4c89013e85f311e22021c58e00677447dd14ca556488 - not a DEX interaction (target: 0x3B4D794a66304F130a4Db8F2551B0070dfCf5ca7)
[2m2025-12-10T10:08:41.914384Z[0m [34mDEBUG[0m [2methereum_transaction_pool_monitor::mempool_monitor[0m[2m:[0m 📨 Processing new pending transaction: 0x9551d6f6d43d91e2421c5b82a6e08591d85451ad884a90e471c1645b167e85da
[2m2025-12-10T10:08:41.914394Z[0m [34mDEBUG[0m [2methereum_transaction_pool_monitor::mempool_monitor[0m[2m:[0m 🔍 Fetching transaction details for: 0x9551d6f6d43d91e2421c5b82a6e08591d85451ad884a90e471c1645b167e85da
[2m2025-12-10T10:08:41.914404Z[0m [34mDEBUG[0m [2methereum_transaction_pool_monitor::eth_client[0m[2m:[0m 🔍 Fetching transaction details for hash: 0x9551d6f6d43d91e2421c5b82a6e08591d85451ad884a90e471c1645b167e85da
[2m2025-12-10T10:08:41.914431Z[0m [34mDEBUG[0m [2mhyper::client::pool[0m[2m:[0m reuse idle connection for ("http", 192.168.0.14:8545)
[2m2025-12-10T10:08:41.914475Z[0m [34mDEBUG[0m [2mhyper::proto::h1::io[0m[2m:[0m flushed 250 bytes
[2m2025-12-10T10:08:41.914504Z[0m [34mDEBUG[0m [2mhyper::client::pool[0m[2m:[0m reuse idle connection for ("http", 192.168.0.14:8545)
[2m2025-12-10T10:08:41.914521Z[0m [34mDEBUG[0m [2mhyper::proto::h1::io[0m[2m:[0m flushed 172 bytes
[2m2025-12-10T10:08:41.918646Z[0m [34mDEBUG[0m [2mhyper::proto::h1::io[0m[2m:[0m parsed 4 headers
[2m2025-12-10T10:08:41.918661Z[0m [34mDEBUG[0m [2mhyper::proto::h1::conn[0m[2m:[0m incoming body is content-length (45 bytes)
[2m2025-12-10T10:08:41.918671Z[0m [34mDEBUG[0m [2mhyper::proto::h1::conn[0m[2m:[0m incoming body completed
[2m2025-12-10T10:08:41.918684Z[0m [34mDEBUG[0m [2mhyper::client::pool[0m[2m:[0m pooling idle connection for ("http", 192.168.0.14:8545)
[2m2025-12-10T10:08:41.918704Z[0m [34mDEBUG[0m [2mhyper::proto::h1::io[0m[2m:[0m parsed 4 headers
[2m2025-12-10T10:08:41.918708Z[0m [34mDEBUG[0m [2mhyper::proto::h1::conn[0m[2m:[0m incoming body is content-length (1099 bytes)
[2m2025-12-10T10:08:41.918714Z[0m [34mDEBUG[0m [2mhyper::proto::h1::conn[0m[2m:[0m incoming body completed
[2m2025-12-10T10:08:41.918722Z[0m [34mDEBUG[0m [2mhyper::client::pool[0m[2m:[0m pooling idle connection for ("http", 192.168.0.14:8545)
[2m2025-12-10T10:08:41.918729Z[0m [34mDEBUG[0m [2methereum_transaction_pool_monitor::eth_client[0m[2m:[0m 📡 Transaction fetch RPC completed in 4.318084ms
[2m2025-12-10T10:08:41.918747Z[0m [34mDEBUG[0m [2methereum_transaction_pool_monitor::eth_client[0m[2m:[0m DeFi transaction detected - Address: 0x7a250d5630b4cf539739df2c5dacb4c659f2488d, Type: DexRouter, Value: 0.0431 ETH, Gas: 0.39 Gwei
[2m2025-12-10T10:08:41.918761Z[0m [34mDEBUG[0m [2methereum_transaction_pool_monitor::eth_client[0m[2m:[0m ✅ Transaction 0x9551d6f6d43d91e2421c5b82a6e08591d85451ad884a90e471c1645b167e85da fetched and parsed in 4.350417ms
[2m2025-12-10T10:08:41.918767Z[0m [34mDEBUG[0m [2methereum_transaction_pool_monitor::mempool_monitor[0m[2m:[0m 🔍 Skipping tx 0x9551d6f6d43d91e2421c5b82a6e08591d85451ad884a90e471c1645b167e85da - not a DEX interaction (target: 0x7a250d5630B4cF539739dF2C5dAcb4c659F2488D)
[2m2025-12-10T10:08:41.918775Z[0m [34mDEBUG[0m [2methereum_transaction_pool_monitor::mempool_monitor[0m[2m:[0m 📨 Processing new pending transaction: 0x76f0ee7f7ac561ae7a3678f3e45aabbbc7c39eec31bafc2e3e1136f09ca9a89e
[2m2025-12-10T10:08:41.918779Z[0m [34mDEBUG[0m [2methereum_transaction_pool_monitor::mempool_monitor[0m[2m:[0m 🔍 Fetching transaction details for: 0x76f0ee7f7ac561ae7a3678f3e45aabbbc7c39eec31bafc2e3e1136f09ca9a89e
[2m2025-12-10T10:08:41.918783Z[0m [34mDEBUG[0m [2methereum_transaction_pool_monitor::eth_client[0m[2m:[0m 🔍 Fetching transaction details for hash: 0x76f0ee7f7ac561ae7a3678f3e45aabbbc7c39eec31bafc2e3e1136f09ca9a89e
[2m2025-12-10T10:08:41.918794Z[0m [34mDEBUG[0m [2mhyper::client::pool[0m[2m:[0m reuse idle connection for ("http", 192.168.0.14:8545)
[2m2025-12-10T10:08:41.918808Z[0m [34mDEBUG[0m [2mhyper::proto::h1::io[0m[2m:[0m flushed 250 bytes
[2m2025-12-10T10:08:41.923030Z[0m [34mDEBUG[0m [2mhyper::proto::h1::io[0m[2m:[0m parsed 4 headers
[2m2025-12-10T10:08:41.923068Z[0m [34mDEBUG[0m [2mhyper::proto::h1::conn[0m[2m:[0m incoming body is content-length (653 bytes)
[2m2025-12-10T10:08:41.923077Z[0m [34mDEBUG[0m [2mhyper::proto::h1::conn[0m[2m:[0m incoming body completed
[2m2025-12-10T10:08:41.923089Z[0m [34mDEBUG[0m [2mhyper::client::pool[0m[2m:[0m pooling idle connection for ("http", 192.168.0.14:8545)
[2m2025-12-10T10:08:41.923098Z[0m [34mDEBUG[0m [2methereum_transaction_pool_monitor::eth_client[0m[2m:[0m 📡 Transaction fetch RPC completed in 4.311083ms
[2m2025-12-10T10:08:41.994551Z[0m [34mDEBUG[0m [2methereum_transaction_pool_monitor::eth_client[0m[2m:[0m ✅ Transaction 0x76f0ee7f7ac561ae7a3678f3e45aabbbc7c39eec31bafc2e3e1136f09ca9a89e fetched and parsed in 75.762083ms
[2m2025-12-10T10:08:41.994578Z[0m [34mDEBUG[0m [2methereum_transaction_pool_monitor::mempool_monitor[0m[2m:[0m 🔍 Skipping tx 0x76f0ee7f7ac561ae7a3678f3e45aabbbc7c39eec31bafc2e3e1136f09ca9a89e - not a DEX interaction (target: 0xf584F8728B874a6a5c7A8d4d387C9aae9172D621)
[2m2025-12-10T10:08:41.994588Z[0m [34mDEBUG[0m [2methereum_transaction_pool_monitor::mempool_monitor[0m[2m:[0m 📨 Processing new pending transaction: 0x38425d84161aaddc66cdeb70c12ae77555852b35e33da59a219246b7f63fcb7d
[2m2025-12-10T10:08:41.994596Z[0m [34mDEBUG[0m [2methereum_transaction_pool_monitor::mempool_monitor[0m[2m:[0m 🔍 Fetching transaction details for: 0x38425d84161aaddc66cdeb70c12ae77555852b35e33da59a219246b7f63fcb7d
[2m2025-12-10T10:08:41.994602Z[0m [34mDEBUG[0m [2methereum_transaction_pool_monitor::eth_client[0m[2m:[0m 🔍 Fetching transaction details for hash: 0x38425d84161aaddc66cdeb70c12ae77555852b35e33da59a219246b7f63fcb7d
[2m2025-12-10T10:08:41.994621Z[0m [34mDEBUG[0m [2mhyper::client::pool[0m[2m:[0m reuse idle connection for ("http", 192.168.0.14:8545)
[2m2025-12-10T10:08:41.994668Z[0m [34mDEBUG[0m [2mhyper::proto::h1::io[0m[2m:[0m flushed 250 bytes
[2m2025-12-10T10:08:41.995872Z[0m [34mDEBUG[0m [2mhyper::client::pool[0m[2m:[0m reuse idle connection for ("http", 192.168.0.14:8545)
[2m2025-12-10T10:08:41.995934Z[0m [34mDEBUG[0m [2mhyper::proto::h1::io[0m[2m:[0m flushed 172 bytes
[2m2025-12-10T10:08:41.999844Z[0m [34mDEBUG[0m [2mhyper::proto::h1::io[0m[2m:[0m parsed 4 headers
[2m2025-12-10T10:08:41.999853Z[0m [34mDEBUG[0m [2mhyper::proto::h1::conn[0m[2m:[0m incoming body is content-length (773 bytes)
[2m2025-12-10T10:08:41.999862Z[0m [34mDEBUG[0m [2mhyper::proto::h1::conn[0m[2m:[0m incoming body completed
[2m2025-12-10T10:08:41.999873Z[0m [34mDEBUG[0m [2mhyper::client::pool[0m[2m:[0m pooling idle connection for ("http", 192.168.0.14:8545)
[2m2025-12-10T10:08:41.999881Z[0m [34mDEBUG[0m [2methereum_transaction_pool_monitor::eth_client[0m[2m:[0m 📡 Transaction fetch RPC completed in 5.273792ms
[2m2025-12-10T10:08:41.999900Z[0m [34mDEBUG[0m [2methereum_transaction_pool_monitor::eth_client[0m[2m:[0m DeFi transaction detected - Address: 0xdac17f958d2ee523a2206206994597c13d831ec7, Type: Stablecoin, Value: 0 ETH, Gas: 1.86 Gwei
[2m2025-12-10T10:08:41.999914Z[0m [34mDEBUG[0m [2methereum_transaction_pool_monitor::eth_client[0m[2m:[0m ✅ Transaction 0x38425d84161aaddc66cdeb70c12ae77555852b35e33da59a219246b7f63fcb7d fetched and parsed in 5.307208ms
[2m2025-12-10T10:08:41.999921Z[0m [34mDEBUG[0m [2methereum_transaction_pool_monitor::mempool_monitor[0m[2m:[0m 🔍 Skipping tx 0x38425d84161aaddc66cdeb70c12ae77555852b35e33da59a219246b7f63fcb7d - not a DEX interaction (target: 0xdAC17F958D2ee523a2206206994597C13D831ec7)
[2m2025-12-10T10:08:41.999933Z[0m [34mDEBUG[0m [2methereum_transaction_pool_monitor::mempool_monitor[0m[2m:[0m 📨 Processing new pending transaction: 0xe7cebf11715f0131027f6e6232029c20cf2426c32c983bb4eb8d0261ad145d29
[2m2025-12-10T10:08:41.999940Z[0m [34mDEBUG[0m [2methereum_transaction_pool_monitor::mempool_monitor[0m[2m:[0m 🔍 Fetching transaction details for: 0xe7cebf11715f0131027f6e6232029c20cf2426c32c983bb4eb8d0261ad145d29
[2m2025-12-10T10:08:41.999944Z[0m [34mDEBUG[0m [2methereum_transaction_pool_monitor::eth_client[0m[2m:[0m 🔍 Fetching transaction details for hash: 0xe7cebf11715f0131027f6e6232029c20cf2426c32c983bb4eb8d0261ad145d29
[2m2025-12-10T10:08:41.999957Z[0m [34mDEBUG[0m [2mhyper::client::pool[0m[2m:[0m reuse idle connection for ("http", 192.168.0.14:8545)
[2m2025-12-10T10:08:41.999974Z[0m [34mDEBUG[0m [2mhyper::proto::h1::io[0m[2m:[0m flushed 250 bytes
[2m2025-12-10T10:08:42.000284Z[0m [34mDEBUG[0m [2mhyper::proto::h1::io[0m[2m:[0m parsed 4 headers
[2m2025-12-10T10:08:42.000289Z[0m [34mDEBUG[0m [2mhyper::proto::h1::conn[0m[2m:[0m incoming body is content-length (45 bytes)
[2m2025-12-10T10:08:42.000294Z[0m [34mDEBUG[0m [2mhyper::proto::h1::conn[0m[2m:[0m incoming body completed
[2m2025-12-10T10:08:42.000299Z[0m [34mDEBUG[0m [2mhyper::client::pool[0m[2m:[0m pooling idle connection for ("http", 192.168.0.14:8545)
[2m2025-12-10T10:08:42.005255Z[0m [34mDEBUG[0m [2mhyper::proto::h1::io[0m[2m:[0m parsed 4 headers
[2m2025-12-10T10:08:42.005274Z[0m [34mDEBUG[0m [2mhyper::proto::h1::conn[0m[2m:[0m incoming body is content-length (647 bytes)
[2m2025-12-10T10:08:42.005290Z[0m [34mDEBUG[0m [2mhyper::proto::h1::conn[0m[2m:[0m incoming body completed
[2m2025-12-10T10:08:42.005302Z[0m [34mDEBUG[0m [2mhyper::client::pool[0m[2m:[0m pooling idle connection for ("http", 192.168.0.14:8545)
[2m2025-12-10T10:08:42.005309Z[0m [34mDEBUG[0m [2methereum_transaction_pool_monitor::eth_client[0m[2m:[0m 📡 Transaction fetch RPC completed in 5.360958ms
[2m2025-12-10T10:08:42.076769Z[0m [34mDEBUG[0m [2methereum_transaction_pool_monitor::eth_client[0m[2m:[0m ✅ Transaction 0xe7cebf11715f0131027f6e6232029c20cf2426c32c983bb4eb8d0261ad145d29 fetched and parsed in 76.817833ms
[2m2025-12-10T10:08:42.076800Z[0m [34mDEBUG[0m [2methereum_transaction_pool_monitor::mempool_monitor[0m[2m:[0m 🔍 Skipping tx 0xe7cebf11715f0131027f6e6232029c20cf2426c32c983bb4eb8d0261ad145d29 - not a DEX interaction (target: 0x875A63793b1192a982DfB0Ae90467bdc23Ec7AcD)
[2m2025-12-10T10:08:42.076816Z[0m [34mDEBUG[0m [2methereum_transaction_pool_monitor::mempool_monitor[0m[2m:[0m 📨 Processing new pending transaction: 0x5509438ab0edc8170b9f088aefd4965b4a2128e68e7ec7b069707eb9fb7f32a4
[2m2025-12-10T10:08:42.076825Z[0m [34mDEBUG[0m [2methereum_transaction_pool_monitor::mempool_monitor[0m[2m:[0m 🔍 Fetching transaction details for: 0x5509438ab0edc8170b9f088aefd4965b4a2128e68e7ec7b069707eb9fb7f32a4
[2m2025-12-10T10:08:42.076831Z[0m [34mDEBUG[0m [2methereum_transaction_pool_monitor::eth_client[0m[2m:[0m 🔍 Fetching transaction details for hash: 0x5509438ab0edc8170b9f088aefd4965b4a2128e68e7ec7b069707eb9fb7f32a4
[2m2025-12-10T10:08:42.076851Z[0m [34mDEBUG[0m [2mhyper::client::pool[0m[2m:[0m reuse idle connection for ("http", 192.168.0.14:8545)
[2m2025-12-10T10:08:42.076889Z[0m [34mDEBUG[0m [2mhyper::proto::h1::io[0m[2m:[0m flushed 250 bytes
[2m2025-12-10T10:08:42.076911Z[0m [34mDEBUG[0m [2methereum_transaction_pool_monitor::eth_client[0m[2m:[0m 📨 Received WebSocket message: {"jsonrpc":"2.0","method":"eth_subscription","params":{"subscription":"0xbed0a0851463e895960a451075a301a9","result":"0x6a7cb6e895292db0ff9b937020e6160bed557bcbe89a48f52beb17871bf32858"}}
[2m2025-12-10T10:08:42.076923Z[0m [34mDEBUG[0m [2methereum_transaction_pool_monitor::eth_client[0m[2m:[0m 📨 Received pending transaction: 0x6a7cb6e895292db0ff9b937020e6160bed557bcbe89a48f52beb17871bf32858
[2m2025-12-10T10:08:42.076932Z[0m [34mDEBUG[0m [2methereum_transaction_pool_monitor::eth_client[0m[2m:[0m 📨 Received WebSocket message: {"jsonrpc":"2.0","method":"eth_subscription","params":{"subscription":"0xbed0a0851463e895960a451075a301a9","result":"0x3f5c8c84b663511080a735a494521ffcbf2e850649781b4a47bb9fdb4c6e08fe"}}
[2m2025-12-10T10:08:42.076943Z[0m [34mDEBUG[0m [2methereum_transaction_pool_monitor::eth_client[0m[2m:[0m 📨 Received pending transaction: 0x3f5c8c84b663511080a735a494521ffcbf2e850649781b4a47bb9fdb4c6e08fe
[2m2025-12-10T10:08:42.081709Z[0m [34mDEBUG[0m [2mhyper::proto::h1::io[0m[2m:[0m parsed 4 headers
[2m2025-12-10T10:08:42.081720Z[0m [34mDEBUG[0m [2mhyper::proto::h1::conn[0m[2m:[0m incoming body is content-length (934 bytes)
[2m2025-12-10T10:08:42.081728Z[0m [34mDEBUG[0m [2mhyper::proto::h1::conn[0m[2m:[0m incoming body completed
[2m2025-12-10T10:08:42.081737Z[0m [34mDEBUG[0m [2mhyper::client::pool[0m[2m:[0m pooling idle connection for ("http", 192.168.0.14:8545)
[2m2025-12-10T10:08:42.081744Z[0m [34mDEBUG[0m [2methereum_transaction_pool_monitor::eth_client[0m[2m:[0m 📡 Transaction fetch RPC completed in 4.908583ms
[2m2025-12-10T10:08:42.152597Z[0m [34mDEBUG[0m [2methereum_transaction_pool_monitor::eth_client[0m[2m:[0m ✅ Transaction 0x5509438ab0edc8170b9f088aefd4965b4a2128e68e7ec7b069707eb9fb7f32a4 fetched and parsed in 75.759458ms
[2m2025-12-10T10:08:42.152626Z[0m [34mDEBUG[0m [2methereum_transaction_pool_monitor::mempool_monitor[0m[2m:[0m 🔍 Skipping tx 0x5509438ab0edc8170b9f088aefd4965b4a2128e68e7ec7b069707eb9fb7f32a4 - not a DEX interaction (target: 0x166fd4299364B21c7567e163d85D78d2fb2f8Ad5)
[2m2025-12-10T10:08:42.152636Z[0m [34mDEBUG[0m [2methereum_transaction_pool_monitor::mempool_monitor[0m[2m:[0m 📨 Processing new pending transaction: 0x4553668d3702fc825e42ecba140ea6351e523b8d6de104bee24436685cb3dd3c
[2m2025-12-10T10:08:42.152642Z[0m [34mDEBUG[0m [2methereum_transaction_pool_monitor::mempool_monitor[0m[2m:[0m 🔍 Fetching transaction details for: 0x4553668d3702fc825e42ecba140ea6351e523b8d6de104bee24436685cb3dd3c
[2m2025-12-10T10:08:42.152648Z[0m [34mDEBUG[0m [2methereum_transaction_pool_monitor::eth_client[0m[2m:[0m 🔍 Fetching transaction details for hash: 0x4553668d3702fc825e42ecba140ea6351e523b8d6de104bee24436685cb3dd3c
[2m2025-12-10T10:08:42.152671Z[0m [34mDEBUG[0m [2mhyper::client::pool[0m[2m:[0m reuse idle connection for ("http", 192.168.0.14:8545)
[2m2025-12-10T10:08:42.152715Z[0m [34mDEBUG[0m [2mhyper::proto::h1::io[0m[2m:[0m flushed 250 bytes
[2m2025-12-10T10:08:42.152735Z[0m [34mDEBUG[0m [2mhyper::client::pool[0m[2m:[0m reuse idle connection for ("http", 192.168.0.14:8545)
[2m2025-12-10T10:08:42.152750Z[0m [34mDEBUG[0m [2mhyper::proto::h1::io[0m[2m:[0m flushed 172 bytes
[2m2025-12-10T10:08:42.152751Z[0m [34mDEBUG[0m [2methereum_transaction_pool_monitor::eth_client[0m[2m:[0m 📨 Received WebSocket message: {"jsonrpc":"2.0","method":"eth_subscription","params":{"subscription":"0xbed0a0851463e895960a451075a301a9","result":"0x60dd541ba1b42863e83e2c646c732d2b0caef1e63b027da7b4713f5eaecac3cb"}}
[2m2025-12-10T10:08:42.152766Z[0m [34mDEBUG[0m [2methereum_transaction_pool_monitor::eth_client[0m[2m:[0m 📨 Received pending transaction: 0x60dd541ba1b42863e83e2c646c732d2b0caef1e63b027da7b4713f5eaecac3cb
[2m2025-12-10T10:08:42.156559Z[0m [34mDEBUG[0m [2mhyper::proto::h1::io[0m[2m:[0m parsed 4 headers
[2m2025-12-10T10:08:42.156565Z[0m [34mDEBUG[0m [2mhyper::proto::h1::conn[0m[2m:[0m incoming body is content-length (45 bytes)
[2m2025-12-10T10:08:42.156573Z[0m [34mDEBUG[0m [2mhyper::proto::h1::conn[0m[2m:[0m incoming body completed
[2m2025-12-10T10:08:42.156581Z[0m [34mDEBUG[0m [2mhyper::client::pool[0m[2m:[0m pooling idle connection for ("http", 192.168.0.14:8545)
[2m2025-12-10T10:08:42.156598Z[0m [34mDEBUG[0m [2mhyper::proto::h1::io[0m[2m:[0m parsed 4 headers
[2m2025-12-10T10:08:42.156605Z[0m [34mDEBUG[0m [2mhyper::proto::h1::conn[0m[2m:[0m incoming body is content-length (644 bytes)
[2m2025-12-10T10:08:42.156612Z[0m [34mDEBUG[0m [2mhyper::proto::h1::conn[0m[2m:[0m incoming body completed
[2m2025-12-10T10:08:42.156619Z[0m [34mDEBUG[0m [2mhyper::client::pool[0m[2m:[0m pooling idle connection for ("http", 192.168.0.14:8545)
[2m2025-12-10T10:08:42.156624Z[0m [34mDEBUG[0m [2methereum_transaction_pool_monitor::eth_client[0m[2m:[0m 📡 Transaction fetch RPC completed in 3.971083ms
[2m2025-12-10T10:08:42.228215Z[0m [34mDEBUG[0m [2methereum_transaction_pool_monitor::eth_client[0m[2m:[0m ✅ Transaction 0x4553668d3702fc825e42ecba140ea6351e523b8d6de104bee24436685cb3dd3c fetched and parsed in 75.559458ms
[2m2025-12-10T10:08:42.228242Z[0m [34mDEBUG[0m [2methereum_transaction_pool_monitor::mempool_monitor[0m[2m:[0m 🔍 Skipping tx 0x4553668d3702fc825e42ecba140ea6351e523b8d6de104bee24436685cb3dd3c - not a DEX interaction (target: 0x17E5545B11b468072283Cee1F066a059Fb0dbF24)
[2m2025-12-10T10:08:42.228252Z[0m [34mDEBUG[0m [2methereum_transaction_pool_monitor::mempool_monitor[0m[2m:[0m 📨 Processing new pending transaction: 0xe1aa137095b04ff09dfa84a89cd102dab44b585aeb1ca20897228b6d05673be8
[2m2025-12-10T10:08:42.228259Z[0m [34mDEBUG[0m [2methereum_transaction_pool_monitor::mempool_monitor[0m[2m:[0m 🔍 Fetching transaction details for: 0xe1aa137095b04ff09dfa84a89cd102dab44b585aeb1ca20897228b6d05673be8
[2m2025-12-10T10:08:42.228266Z[0m [34mDEBUG[0m [2methereum_transaction_pool_monitor::eth_client[0m[2m:[0m 🔍 Fetching transaction details for hash: 0xe1aa137095b04ff09dfa84a89cd102dab44b585aeb1ca20897228b6d05673be8
[2m2025-12-10T10:08:42.228286Z[0m [34mDEBUG[0m [2mhyper::client::pool[0m[2m:[0m reuse idle connection for ("http", 192.168.0.14:8545)
[2m2025-12-10T10:08:42.228328Z[0m [34mDEBUG[0m [2mhyper::proto::h1::io[0m[2m:[0m flushed 250 bytes
[2m2025-12-10T10:08:42.228363Z[0m [34mDEBUG[0m [2mhyper::client::pool[0m[2m:[0m reuse idle connection for ("http", 192.168.0.14:8545)
[2m2025-12-10T10:08:42.228381Z[0m [34mDEBUG[0m [2mhyper::proto::h1::io[0m[2m:[0m flushed 172 bytes
[2m2025-12-10T10:08:42.235410Z[0m [34mDEBUG[0m [2mhyper::proto::h1::io[0m[2m:[0m parsed 4 headers
[2m2025-12-10T10:08:42.235442Z[0m [34mDEBUG[0m [2mhyper::proto::h1::conn[0m[2m:[0m incoming body is content-length (645 bytes)
[2m2025-12-10T10:08:42.235462Z[0m [34mDEBUG[0m [2mhyper::proto::h1::conn[0m[2m:[0m incoming body completed
[2m2025-12-10T10:08:42.235483Z[0m [34mDEBUG[0m [2mhyper::client::pool[0m[2m:[0m pooling idle connection for ("http", 192.168.0.14:8545)
[2m2025-12-10T10:08:42.235495Z[0m [34mDEBUG[0m [2methereum_transaction_pool_monitor::eth_client[0m[2m:[0m 📡 Transaction fetch RPC completed in 7.224708ms
[2m2025-12-10T10:08:42.307494Z[0m [34mDEBUG[0m [2methereum_transaction_pool_monitor::eth_client[0m[2m:[0m ✅ Transaction 0xe1aa137095b04ff09dfa84a89cd102dab44b585aeb1ca20897228b6d05673be8 fetched and parsed in 79.221583ms
[2m2025-12-10T10:08:42.307527Z[0m [34mDEBUG[0m [2methereum_transaction_pool_monitor::mempool_monitor[0m[2m:[0m 🔍 Skipping tx 0xe1aa137095b04ff09dfa84a89cd102dab44b585aeb1ca20897228b6d05673be8 - not a DEX interaction (target: 0x42B610F29ec99F739fd6f438dBA6d016e8d041a8)
[2m2025-12-10T10:08:42.307541Z[0m [34mDEBUG[0m [2methereum_transaction_pool_monitor::mempool_monitor[0m[2m:[0m 📨 Processing new pending transaction: 0xb4db7af0d189b2d3f665b564081673984c87f6dafe9b2bd082d17f43fdda73ab
[2m2025-12-10T10:08:42.307552Z[0m [34mDEBUG[0m [2methereum_transaction_pool_monitor::mempool_monitor[0m[2m:[0m 🔍 Fetching transaction details for: 0xb4db7af0d189b2d3f665b564081673984c87f6dafe9b2bd082d17f43fdda73ab
[2m2025-12-10T10:08:42.307571Z[0m [34mDEBUG[0m [2methereum_transaction_pool_monitor::eth_client[0m[2m:[0m 🔍 Fetching transaction details for hash: 0xb4db7af0d189b2d3f665b564081673984c87f6dafe9b2bd082d17f43fdda73ab
[2m2025-12-10T10:08:42.307598Z[0m [34mDEBUG[0m [2mhyper::client::pool[0m[2m:[0m reuse idle connection for ("http", 192.168.0.14:8545)
[2m2025-12-10T10:08:42.307634Z[0m [34mDEBUG[0m [2mhyper::proto::h1::io[0m[2m:[0m flushed 250 bytes
[2m2025-12-10T10:08:42.307651Z[0m [34mDEBUG[0m [2mhyper::proto::h1::io[0m[2m:[0m parsed 4 headers
[2m2025-12-10T10:08:42.307657Z[0m [34mDEBUG[0m [2mhyper::proto::h1::conn[0m[2m:[0m incoming body is content-length (45 bytes)
[2m2025-12-10T10:08:42.307666Z[0m [34mDEBUG[0m [2mhyper::proto::h1::conn[0m[2m:[0m incoming body completed
[2m2025-12-10T10:08:42.307675Z[0m [34mDEBUG[0m [2mhyper::client::pool[0m[2m:[0m pooling idle connection for ("http", 192.168.0.14:8545)
[2m2025-12-10T10:08:42.307695Z[0m [34mDEBUG[0m [2mhyper::client::pool[0m[2m:[0m reuse idle connection for ("http", 192.168.0.14:8545)
[2m2025-12-10T10:08:42.307710Z[0m [34mDEBUG[0m [2mhyper::proto::h1::io[0m[2m:[0m flushed 172 bytes
[2m2025-12-10T10:08:42.314170Z[0m [34mDEBUG[0m [2mhyper::proto::h1::io[0m[2m:[0m parsed 4 headers
[2m2025-12-10T10:08:42.314180Z[0m [34mDEBUG[0m [2mhyper::proto::h1::conn[0m[2m:[0m incoming body is content-length (45 bytes)
[2m2025-12-10T10:08:42.314188Z[0m [34mDEBUG[0m [2mhyper::proto::h1::conn[0m[2m:[0m incoming body completed
[2m2025-12-10T10:08:42.314200Z[0m [34mDEBUG[0m [2mhyper::client::pool[0m[2m:[0m pooling idle connection for ("http", 192.168.0.14:8545)
[2m2025-12-10T10:08:42.314218Z[0m [34mDEBUG[0m [2mhyper::proto::h1::io[0m[2m:[0m parsed 4 headers
[2m2025-12-10T10:08:42.314223Z[0m [34mDEBUG[0m [2mhyper::proto::h1::conn[0m[2m:[0m incoming body is content-length (675 bytes)
[2m2025-12-10T10:08:42.314227Z[0m [34mDEBUG[0m [2mhyper::proto::h1::conn[0m[2m:[0m incoming body completed
[2m2025-12-10T10:08:42.314235Z[0m [34mDEBUG[0m [2mhyper::client::pool[0m[2m:[0m pooling idle connection for ("http", 192.168.0.14:8545)
[2m2025-12-10T10:08:42.314239Z[0m [34mDEBUG[0m [2methereum_transaction_pool_monitor::eth_client[0m[2m:[0m 📡 Transaction fetch RPC completed in 6.663292ms
[2m2025-12-10T10:08:42.314257Z[0m [34mDEBUG[0m [2methereum_transaction_pool_monitor::eth_client[0m[2m:[0m DeFi transaction detected - Address: 0xdac17f958d2ee523a2206206994597c13d831ec7, Type: Stablecoin, Value: 0 ETH, Gas: 3.00 Gwei
[2m2025-12-10T10:08:42.314273Z[0m [34mDEBUG[0m [2methereum_transaction_pool_monitor::eth_client[0m[2m:[0m ✅ Transaction 0xb4db7af0d189b2d3f665b564081673984c87f6dafe9b2bd082d17f43fdda73ab fetched and parsed in 6.696834ms
[2m2025-12-10T10:08:42.314279Z[0m [34mDEBUG[0m [2methereum_transaction_pool_monitor::mempool_monitor[0m[2m:[0m 🔍 Skipping tx 0xb4db7af0d189b2d3f665b564081673984c87f6dafe9b2bd082d17f43fdda73ab - not a DEX interaction (target: 0xdAC17F958D2ee523a2206206994597C13D831ec7)
[2m2025-12-10T10:08:42.314288Z[0m [34mDEBUG[0m [2methereum_transaction_pool_monitor::mempool_monitor[0m[2m:[0m 📨 Processing new pending transaction: 0x033c3d8a2f8600428aecac23db1eac7096b8ce1ca2c56b70caa83e9d164ccac4
[2m2025-12-10T10:08:42.314292Z[0m [34mDEBUG[0m [2methereum_transaction_pool_monitor::mempool_monitor[0m[2m:[0m 🔍 Fetching transaction details for: 0x033c3d8a2f8600428aecac23db1eac7096b8ce1ca2c56b70caa83e9d164ccac4
[2m2025-12-10T10:08:42.314299Z[0m [34mDEBUG[0m [2methereum_transaction_pool_monitor::eth_client[0m[2m:[0m 🔍 Fetching transaction details for hash: 0x033c3d8a2f8600428aecac23db1eac7096b8ce1ca2c56b70caa83e9d164ccac4
[2m2025-12-10T10:08:42.314316Z[0m [34mDEBUG[0m [2mhyper::client::pool[0m[2m:[0m reuse idle connection for ("http", 192.168.0.14:8545)
[2m2025-12-10T10:08:42.314331Z[0m [34mDEBUG[0m [2mhyper::proto::h1::io[0m[2m:[0m flushed 250 bytes
[2m2025-12-10T10:08:42.322677Z[0m [34mDEBUG[0m [2mhyper::proto::h1::io[0m[2m:[0m parsed 4 headers
[2m2025-12-10T10:08:42.322689Z[0m [34mDEBUG[0m [2mhyper::proto::h1::conn[0m[2m:[0m incoming body is content-length (3015 bytes)
[2m2025-12-10T10:08:42.322697Z[0m [34mDEBUG[0m [2mhyper::proto::h1::conn[0m[2m:[0m incoming body completed
[2m2025-12-10T10:08:42.322707Z[0m [34mDEBUG[0m [2mhyper::client::pool[0m[2m:[0m pooling idle connection for ("http", 192.168.0.14:8545)
[2m2025-12-10T10:08:42.322714Z[0m [34mDEBUG[0m [2methereum_transaction_pool_monitor::eth_client[0m[2m:[0m 📡 Transaction fetch RPC completed in 8.408167ms
[2m2025-12-10T10:08:42.394207Z[0m [34mDEBUG[0m [2methereum_transaction_pool_monitor::eth_client[0m[2m:[0m ✅ Transaction 0x033c3d8a2f8600428aecac23db1eac7096b8ce1ca2c56b70caa83e9d164ccac4 fetched and parsed in 79.898458ms
[2m2025-12-10T10:08:42.394229Z[0m [34mDEBUG[0m [2methereum_transaction_pool_monitor::mempool_monitor[0m[2m:[0m 🔍 Skipping tx 0x033c3d8a2f8600428aecac23db1eac7096b8ce1ca2c56b70caa83e9d164ccac4 - not a DEX interaction (target: 0x7A13cD97D442856FF5387d55a7b3F09bf680102B)
[2m2025-12-10T10:08:42.394243Z[0m [34mDEBUG[0m [2methereum_transaction_pool_monitor::mempool_monitor[0m[2m:[0m 📨 Processing new pending transaction: 0x55af7f1ace166ee233ece225ada87f634a74a6624208b05cbcbfe55db197bbb0
[2m2025-12-10T10:08:42.394248Z[0m [34mDEBUG[0m [2methereum_transaction_pool_monitor::mempool_monitor[0m[2m:[0m 🔍 Fetching transaction details for: 0x55af7f1ace166ee233ece225ada87f634a74a6624208b05cbcbfe55db197bbb0
[2m2025-12-10T10:08:42.394253Z[0m [34mDEBUG[0m [2methereum_transaction_pool_monitor::eth_client[0m[2m:[0m 🔍 Fetching transaction details for hash: 0x55af7f1ace166ee233ece225ada87f634a74a6624208b05cbcbfe55db197bbb0
[2m2025-12-10T10:08:42.394277Z[0m [34mDEBUG[0m [2mhyper::client::pool[0m[2m:[0m reuse idle connection for ("http", 192.168.0.14:8545)
[2m2025-12-10T10:08:42.394304Z[0m [34mDEBUG[0m [2mhyper::proto::h1::io[0m[2m:[0m flushed 250 bytes
[2m2025-12-10T10:08:42.394321Z[0m [34mDEBUG[0m [2methereum_transaction_pool_monitor::eth_client[0m[2m:[0m 📨 Received WebSocket message: {"jsonrpc":"2.0","method":"eth_subscription","params":{"subscription":"0xbed0a0851463e895960a451075a301a9","result":"0xdff93ee5b64d7d662812bd2466dc6bcc7a7f39a8a55455540f836ec804ed6f7f"}}
[2m2025-12-10T10:08:42.394329Z[0m [34mDEBUG[0m [2methereum_transaction_pool_monitor::eth_client[0m[2m:[0m 📨 Received pending transaction: 0xdff93ee5b64d7d662812bd2466dc6bcc7a7f39a8a55455540f836ec804ed6f7f
[2m2025-12-10T10:08:42.395381Z[0m [34mDEBUG[0m [2mhyper::client::pool[0m[2m:[0m reuse idle connection for ("http", 192.168.0.14:8545)
[2m2025-12-10T10:08:42.395401Z[0m [34mDEBUG[0m [2mhyper::proto::h1::io[0m[2m:[0m flushed 172 bytes
[2m2025-12-10T10:08:42.400501Z[0m [34mDEBUG[0m [2mhyper::proto::h1::io[0m[2m:[0m parsed 4 headers
[2m2025-12-10T10:08:42.400511Z[0m [34mDEBUG[0m [2mhyper::proto::h1::conn[0m[2m:[0m incoming body is content-length (2189 bytes)
[2m2025-12-10T10:08:42.400524Z[0m [34mDEBUG[0m [2methereum_transaction_pool_monitor::eth_client[0m[2m:[0m 📡 Transaction fetch RPC completed in 6.262583ms
[2m2025-12-10T10:08:42.402871Z[0m [34mDEBUG[0m [2mhyper::proto::h1::conn[0m[2m:[0m incoming body completed
[2m2025-12-10T10:08:42.402922Z[0m [34mDEBUG[0m [2mhyper::client::pool[0m[2m:[0m pooling idle connection for ("http", 192.168.0.14:8545)
[2m2025-12-10T10:08:42.402932Z[0m [34mDEBUG[0m [2mhyper::proto::h1::io[0m[2m:[0m parsed 4 headers
[2m2025-12-10T10:08:42.402940Z[0m [34mDEBUG[0m [2mhyper::proto::h1::conn[0m[2m:[0m incoming body is content-length (45 bytes)
[2m2025-12-10T10:08:42.402946Z[0m [34mDEBUG[0m [2mhyper::proto::h1::conn[0m[2m:[0m incoming body completed
[2m2025-12-10T10:08:42.402954Z[0m [34mDEBUG[0m [2mhyper::client::pool[0m[2m:[0m pooling idle connection for ("http", 192.168.0.14:8545)
[2m2025-12-10T10:08:42.474053Z[0m [34mDEBUG[0m [2methereum_transaction_pool_monitor::eth_client[0m[2m:[0m ✅ Transaction 0x55af7f1ace166ee233ece225ada87f634a74a6624208b05cbcbfe55db197bbb0 fetched and parsed in 79.788666ms
[2m2025-12-10T10:08:42.474079Z[0m [34mDEBUG[0m [2methereum_transaction_pool_monitor::mempool_monitor[0m[2m:[0m 🔍 Skipping tx 0x55af7f1ace166ee233ece225ada87f634a74a6624208b05cbcbfe55db197bbb0 - not a DEX interaction (target: 0x2cCf230467FE7387674BAa657747F0B5485c7fEC)
[2m2025-12-10T10:08:42.474090Z[0m [34mDEBUG[0m [2methereum_transaction_pool_monitor::mempool_monitor[0m[2m:[0m 📨 Processing new pending transaction: 0x18f0f7ab885b41146d5cb7826dea36c03b851a64aa8540c88aec7c56dac31bbf
[2m2025-12-10T10:08:42.474097Z[0m [34mDEBUG[0m [2methereum_transaction_pool_monitor::mempool_monitor[0m[2m:[0m 🔍 Fetching transaction details for: 0x18f0f7ab885b41146d5cb7826dea36c03b851a64aa8540c88aec7c56dac31bbf
[2m2025-12-10T10:08:42.474103Z[0m [34mDEBUG[0m [2methereum_transaction_pool_monitor::eth_client[0m[2m:[0m 🔍 Fetching transaction details for hash: 0x18f0f7ab885b41146d5cb7826dea36c03b851a64aa8540c88aec7c56dac31bbf
[2m2025-12-10T10:08:42.474121Z[0m [34mDEBUG[0m [2mhyper::client::pool[0m[2m:[0m reuse idle connection for ("http", 192.168.0.14:8545)
[2m2025-12-10T10:08:42.474159Z[0m [34mDEBUG[0m [2mhyper::proto::h1::io[0m[2m:[0m flushed 250 bytes
[2m2025-12-10T10:08:42.479186Z[0m [34mDEBUG[0m [2mhyper::proto::h1::io[0m[2m:[0m parsed 4 headers
[2m2025-12-10T10:08:42.479191Z[0m [34mDEBUG[0m [2mhyper::proto::h1::conn[0m[2m:[0m incoming body is content-length (779 bytes)
[2m2025-12-10T10:08:42.479198Z[0m [34mDEBUG[0m [2mhyper::proto::h1::conn[0m[2m:[0m incoming body completed
[2m2025-12-10T10:08:42.479206Z[0m [34mDEBUG[0m [2mhyper::client::pool[0m[2m:[0m pooling idle connection for ("http", 192.168.0.14:8545)
[2m2025-12-10T10:08:42.479211Z[0m [34mDEBUG[0m [2methereum_transaction_pool_monitor::eth_client[0m[2m:[0m 📡 Transaction fetch RPC completed in 5.104334ms
[2m2025-12-10T10:08:42.479225Z[0m [34mDEBUG[0m [2methereum_transaction_pool_monitor::eth_client[0m[2m:[0m DeFi transaction detected - Address: 0xdac17f958d2ee523a2206206994597c13d831ec7, Type: Stablecoin, Value: 0 ETH, Gas: 102.00 Gwei
[2m2025-12-10T10:08:42.479236Z[0m [34mDEBUG[0m [2methereum_transaction_pool_monitor::eth_client[0m[2m:[0m ✅ Transaction 0x18f0f7ab885b41146d5cb7826dea36c03b851a64aa8540c88aec7c56dac31bbf fetched and parsed in 5.12875ms
[2m2025-12-10T10:08:42.479241Z[0m [34mDEBUG[0m [2methereum_transaction_pool_monitor::mempool_monitor[0m[2m:[0m 🔍 Skipping tx 0x18f0f7ab885b41146d5cb7826dea36c03b851a64aa8540c88aec7c56dac31bbf - not a DEX interaction (target: 0xdAC17F958D2ee523a2206206994597C13D831ec7)
[2m2025-12-10T10:08:42.479247Z[0m [34mDEBUG[0m [2methereum_transaction_pool_monitor::mempool_monitor[0m[2m:[0m 📨 Processing new pending transaction: 0xc37f9882a4173ad19e142c91222a3d0469905f9d3c44e5c6a54641746882def1
[2m2025-12-10T10:08:42.479251Z[0m [34mDEBUG[0m [2methereum_transaction_pool_monitor::mempool_monitor[0m[2m:[0m 🔍 Fetching transaction details for: 0xc37f9882a4173ad19e142c91222a3d0469905f9d3c44e5c6a54641746882def1
[2m2025-12-10T10:08:42.479254Z[0m [34mDEBUG[0m [2methereum_transaction_pool_monitor::eth_client[0m[2m:[0m 🔍 Fetching transaction details for hash: 0xc37f9882a4173ad19e142c91222a3d0469905f9d3c44e5c6a54641746882def1
[2m2025-12-10T10:08:42.479263Z[0m [34mDEBUG[0m [2mhyper::client::pool[0m[2m:[0m reuse idle connection for ("http", 192.168.0.14:8545)
[2m2025-12-10T10:08:42.479275Z[0m [34mDEBUG[0m [2mhyper::proto::h1::io[0m[2m:[0m flushed 250 bytes
[2m2025-12-10T10:08:42.485124Z[0m [34mDEBUG[0m [2mhyper::proto::h1::io[0m[2m:[0m parsed 4 headers
[2m2025-12-10T10:08:42.485132Z[0m [34mDEBUG[0m [2mhyper::proto::h1::conn[0m[2m:[0m incoming body is content-length (832 bytes)
[2m2025-12-10T10:08:42.485140Z[0m [34mDEBUG[0m [2mhyper::proto::h1::conn[0m[2m:[0m incoming body completed
[2m2025-12-10T10:08:42.485147Z[0m [34mDEBUG[0m [2mhyper::client::pool[0m[2m:[0m pooling idle connection for ("http", 192.168.0.14:8545)
[2m2025-12-10T10:08:42.485153Z[0m [34mDEBUG[0m [2methereum_transaction_pool_monitor::eth_client[0m[2m:[0m 📡 Transaction fetch RPC completed in 5.89475ms
[2m2025-12-10T10:08:42.556644Z[0m [34mDEBUG[0m [2methereum_transaction_pool_monitor::eth_client[0m[2m:[0m ✅ Transaction 0xc37f9882a4173ad19e142c91222a3d0469905f9d3c44e5c6a54641746882def1 fetched and parsed in 77.383542ms
[2m2025-12-10T10:08:42.556676Z[0m [34mDEBUG[0m [2methereum_transaction_pool_monitor::mempool_monitor[0m[2m:[0m 🔍 Skipping tx 0xc37f9882a4173ad19e142c91222a3d0469905f9d3c44e5c6a54641746882def1 - not a DEX interaction (target: 0x3B4D794a66304F130a4Db8F2551B0070dfCf5ca7)
[2m2025-12-10T10:08:42.556687Z[0m [34mDEBUG[0m [2methereum_transaction_pool_monitor::mempool_monitor[0m[2m:[0m 📨 Processing new pending transaction: 0x736e7382261ae0ef34188f7f34a8530844e758e1fdf955b199e25012f19621c4
[2m2025-12-10T10:08:42.556695Z[0m [34mDEBUG[0m [2methereum_transaction_pool_monitor::mempool_monitor[0m[2m:[0m 🔍 Fetching transaction details for: 0x736e7382261ae0ef34188f7f34a8530844e758e1fdf955b199e25012f19621c4
[2m2025-12-10T10:08:42.556701Z[0m [34mDEBUG[0m [2methereum_transaction_pool_monitor::eth_client[0m[2m:[0m 🔍 Fetching transaction details for hash: 0x736e7382261ae0ef34188f7f34a8530844e758e1fdf955b199e25012f19621c4
[2m2025-12-10T10:08:42.556723Z[0m [34mDEBUG[0m [2mhyper::client::pool[0m[2m:[0m reuse idle connection for ("http", 192.168.0.14:8545)
[2m2025-12-10T10:08:42.556763Z[0m [34mDEBUG[0m [2mhyper::proto::h1::io[0m[2m:[0m flushed 250 bytes
[2m2025-12-10T10:08:42.556791Z[0m [34mDEBUG[0m [2mhyper::client::pool[0m[2m:[0m reuse idle connection for ("http", 192.168.0.14:8545)
[2m2025-12-10T10:08:42.556807Z[0m [34mDEBUG[0m [2mhyper::proto::h1::io[0m[2m:[0m flushed 172 bytes
[2m2025-12-10T10:08:42.564296Z[0m [34mDEBUG[0m [2mhyper::proto::h1::io[0m[2m:[0m parsed 4 headers
[2m2025-12-10T10:08:42.564303Z[0m [34mDEBUG[0m [2mhyper::proto::h1::conn[0m[2m:[0m incoming body is content-length (45 bytes)
[2m2025-12-10T10:08:42.564311Z[0m [34mDEBUG[0m [2mhyper::proto::h1::conn[0m[2m:[0m incoming body completed
[2m2025-12-10T10:08:42.564320Z[0m [34mDEBUG[0m [2mhyper::client::pool[0m[2m:[0m pooling idle connection for ("http", 192.168.0.14:8545)
[2m2025-12-10T10:08:42.564344Z[0m [34mDEBUG[0m [2mhyper::proto::h1::io[0m[2m:[0m parsed 4 headers
[2m2025-12-10T10:08:42.564350Z[0m [34mDEBUG[0m [2mhyper::proto::h1::conn[0m[2m:[0m incoming body is content-length (3655 bytes)
[2m2025-12-10T10:08:42.564356Z[0m [34mDEBUG[0m [2mhyper::proto::h1::conn[0m[2m:[0m incoming body completed
[2m2025-12-10T10:08:42.564362Z[0m [34mDEBUG[0m [2mhyper::client::pool[0m[2m:[0m pooling idle connection for ("http", 192.168.0.14:8545)
[2m2025-12-10T10:08:42.564367Z[0m [34mDEBUG[0m [2methereum_transaction_pool_monitor::eth_client[0m[2m:[0m 📡 Transaction fetch RPC completed in 7.661083ms
[2m2025-12-10T10:08:42.636256Z[0m [34mDEBUG[0m [2methereum_transaction_pool_monitor::eth_client[0m[2m:[0m ✅ Transaction 0x736e7382261ae0ef34188f7f34a8530844e758e1fdf955b199e25012f19621c4 fetched and parsed in 79.547083ms
[2m2025-12-10T10:08:42.636285Z[0m [34mDEBUG[0m [2methereum_transaction_pool_monitor::mempool_monitor[0m[2m:[0m 🔍 Skipping tx 0x736e7382261ae0ef34188f7f34a8530844e758e1fdf955b199e25012f19621c4 - not a DEX interaction (target: 0x0613A20e394593c2aEB627760e6d6Fb816D77fbB)
[2m2025-12-10T10:08:42.636298Z[0m [34mDEBUG[0m [2methereum_transaction_pool_monitor::mempool_monitor[0m[2m:[0m 📨 Processing new pending transaction: 0x94aee8b7f1310e06db6a28b4bbf81ad6e90c4b6492b1f60d8bcf6bac0d18742c
[2m2025-12-10T10:08:42.636305Z[0m [34mDEBUG[0m [2methereum_transaction_pool_monitor::mempool_monitor[0m[2m:[0m 🔍 Fetching transaction details for: 0x94aee8b7f1310e06db6a28b4bbf81ad6e90c4b6492b1f60d8bcf6bac0d18742c
[2m2025-12-10T10:08:42.636309Z[0m [34mDEBUG[0m [2methereum_transaction_pool_monitor::eth_client[0m[2m:[0m 🔍 Fetching transaction details for hash: 0x94aee8b7f1310e06db6a28b4bbf81ad6e90c4b6492b1f60d8bcf6bac0d18742c
[2m2025-12-10T10:08:42.636330Z[0m [34mDEBUG[0m [2mhyper::client::pool[0m[2m:[0m reuse idle connection for ("http", 192.168.0.14:8545)
[2m2025-12-10T10:08:42.636372Z[0m [34mDEBUG[0m [2mhyper::proto::h1::io[0m[2m:[0m flushed 250 bytes
[2m2025-12-10T10:08:42.636400Z[0m [34mDEBUG[0m [2mhyper::client::pool[0m[2m:[0m reuse idle connection for ("http", 192.168.0.14:8545)
[2m2025-12-10T10:08:42.636419Z[0m [34mDEBUG[0m [2mhyper::proto::h1::io[0m[2m:[0m flushed 172 bytes
[2m2025-12-10T10:08:42.641024Z[0m [34mDEBUG[0m [2mhyper::proto::h1::io[0m[2m:[0m parsed 4 headers
[2m2025-12-10T10:08:42.641038Z[0m [34mDEBUG[0m [2mhyper::proto::h1::conn[0m[2m:[0m incoming body is content-length (45 bytes)
[2m2025-12-10T10:08:42.641073Z[0m [34mDEBUG[0m [2mhyper::proto::h1::conn[0m[2m:[0m incoming body completed
[2m2025-12-10T10:08:42.641089Z[0m [34mDEBUG[0m [2mhyper::client::pool[0m[2m:[0m pooling idle connection for ("http", 192.168.0.14:8545)
[2m2025-12-10T10:08:42.642936Z[0m [34mDEBUG[0m [2mhyper::proto::h1::io[0m[2m:[0m parsed 4 headers
[2m2025-12-10T10:08:42.642946Z[0m [34mDEBUG[0m [2mhyper::proto::h1::conn[0m[2m:[0m incoming body is content-length (1726 bytes)
[2m2025-12-10T10:08:42.642953Z[0m [34mDEBUG[0m [2mhyper::proto::h1::conn[0m[2m:[0m incoming body completed
[2m2025-12-10T10:08:42.642962Z[0m [34mDEBUG[0m [2mhyper::client::pool[0m[2m:[0m pooling idle connection for ("http", 192.168.0.14:8545)
[2m2025-12-10T10:08:42.642969Z[0m [34mDEBUG[0m [2methereum_transaction_pool_monitor::eth_client[0m[2m:[0m 📡 Transaction fetch RPC completed in 6.655292ms
[2m2025-12-10T10:08:42.713648Z[0m [34mDEBUG[0m [2methereum_transaction_pool_monitor::eth_client[0m[2m:[0m ✅ Transaction 0x94aee8b7f1310e06db6a28b4bbf81ad6e90c4b6492b1f60d8bcf6bac0d18742c fetched and parsed in 77.33175ms
[2m2025-12-10T10:08:42.713914Z[0m [34mDEBUG[0m [2methereum_transaction_pool_monitor::mempool_monitor[0m[2m:[0m 🔍 Skipping tx 0x94aee8b7f1310e06db6a28b4bbf81ad6e90c4b6492b1f60d8bcf6bac0d18742c - not a DEX interaction (target: 0xf7f9638cb444D65e5A40bF5ff98ebE4ff319F04E)
[2m2025-12-10T10:08:42.713928Z[0m [34mDEBUG[0m [2methereum_transaction_pool_monitor::mempool_monitor[0m[2m:[0m 📨 Processing new pending transaction: 0x449803edc44814f1d6091464892913349df26ce4fa9420c2011d3674826c8a2d
[2m2025-12-10T10:08:42.713934Z[0m [34mDEBUG[0m [2methereum_transaction_pool_monitor::mempool_monitor[0m[2m:[0m 🔍 Fetching transaction details for: 0x449803edc44814f1d6091464892913349df26ce4fa9420c2011d3674826c8a2d
[2m2025-12-10T10:08:42.713939Z[0m [34mDEBUG[0m [2methereum_transaction_pool_monitor::eth_client[0m[2m:[0m 🔍 Fetching transaction details for hash: 0x449803edc44814f1d6091464892913349df26ce4fa9420c2011d3674826c8a2d
[2m2025-12-10T10:08:42.713959Z[0m [34mDEBUG[0m [2mhyper::client::pool[0m[2m:[0m reuse idle connection for ("http", 192.168.0.14:8545)
[2m2025-12-10T10:08:42.713997Z[0m [34mDEBUG[0m [2mhyper::proto::h1::io[0m[2m:[0m flushed 250 bytes
[2m2025-12-10T10:08:42.714018Z[0m [34mDEBUG[0m [2mhyper::client::pool[0m[2m:[0m reuse idle connection for ("http", 192.168.0.14:8545)
[2m2025-12-10T10:08:42.714033Z[0m [34mDEBUG[0m [2mhyper::proto::h1::io[0m[2m:[0m flushed 172 bytes
[2m2025-12-10T10:08:42.714034Z[0m [34mDEBUG[0m [2methereum_transaction_pool_monitor::eth_client[0m[2m:[0m 📨 Received WebSocket message: {"jsonrpc":"2.0","method":"eth_subscription","params":{"subscription":"0xbed0a0851463e895960a451075a301a9","result":"0x4e22257dffcf968d1a28d6a20187d8764e360a819430e0a9c23c21aea430e6c1"}}
[2m2025-12-10T10:08:42.714057Z[0m [34mDEBUG[0m [2methereum_transaction_pool_monitor::eth_client[0m[2m:[0m 📨 Received pending transaction: 0x4e22257dffcf968d1a28d6a20187d8764e360a819430e0a9c23c21aea430e6c1
[2m2025-12-10T10:08:42.718897Z[0m [34mDEBUG[0m [2mhyper::proto::h1::io[0m[2m:[0m parsed 4 headers
[2m2025-12-10T10:08:42.718921Z[0m [34mDEBUG[0m [2mhyper::proto::h1::conn[0m[2m:[0m incoming body is content-length (45 bytes)
[2m2025-12-10T10:08:42.718955Z[0m [34mDEBUG[0m [2mhyper::proto::h1::conn[0m[2m:[0m incoming body completed
[2m2025-12-10T10:08:42.718982Z[0m [34mDEBUG[0m [2mhyper::client::pool[0m[2m:[0m pooling idle connection for ("http", 192.168.0.14:8545)
[2m2025-12-10T10:08:42.719005Z[0m [34mDEBUG[0m [2mhyper::proto::h1::io[0m[2m:[0m parsed 4 headers
[2m2025-12-10T10:08:42.719009Z[0m [34mDEBUG[0m [2mhyper::proto::h1::conn[0m[2m:[0m incoming body is content-length (647 bytes)
[2m2025-12-10T10:08:42.719014Z[0m [34mDEBUG[0m [2mhyper::proto::h1::conn[0m[2m:[0m incoming body completed
[2m2025-12-10T10:08:42.719019Z[0m [34mDEBUG[0m [2mhyper::client::pool[0m[2m:[0m pooling idle connection for ("http", 192.168.0.14:8545)
[2m2025-12-10T10:08:42.719023Z[0m [34mDEBUG[0m [2methereum_transaction_pool_monitor::eth_client[0m[2m:[0m 📡 Transaction fetch RPC completed in 5.079458ms
[2m2025-12-10T10:08:42.789522Z[0m [34mDEBUG[0m [2methereum_transaction_pool_monitor::eth_client[0m[2m:[0m ✅ Transaction 0x449803edc44814f1d6091464892913349df26ce4fa9420c2011d3674826c8a2d fetched and parsed in 75.575916ms
[2m2025-12-10T10:08:42.789550Z[0m [34mDEBUG[0m [2methereum_transaction_pool_monitor::mempool_monitor[0m[2m:[0m 🔍 Skipping tx 0x449803edc44814f1d6091464892913349df26ce4fa9420c2011d3674826c8a2d - not a DEX interaction (target: 0x9268f14dED6B0A0a09DeaB72315b33268Cb2f26E)
[2m2025-12-10T10:08:42.789560Z[0m [34mDEBUG[0m [2methereum_transaction_pool_monitor::mempool_monitor[0m[2m:[0m 📨 Processing new pending transaction: 0x1af9148866bc2de80dfa8f07488e8b82543655e4fb7c4d950099103b6d423631
[2m2025-12-10T10:08:42.789567Z[0m [34mDEBUG[0m [2methereum_transaction_pool_monitor::mempool_monitor[0m[2m:[0m 🔍 Fetching transaction details for: 0x1af9148866bc2de80dfa8f07488e8b82543655e4fb7c4d950099103b6d423631
[2m2025-12-10T10:08:42.789573Z[0m [34mDEBUG[0m [2methereum_transaction_pool_monitor::eth_client[0m[2m:[0m 🔍 Fetching transaction details for hash: 0x1af9148866bc2de80dfa8f07488e8b82543655e4fb7c4d950099103b6d423631
[2m2025-12-10T10:08:42.789593Z[0m [34mDEBUG[0m [2mhyper::client::pool[0m[2m:[0m reuse idle connection for ("http", 192.168.0.14:8545)
[2m2025-12-10T10:08:42.789630Z[0m [34mDEBUG[0m [2mhyper::proto::h1::io[0m[2m:[0m flushed 250 bytes
[2m2025-12-10T10:08:42.789652Z[0m [34mDEBUG[0m [2methereum_transaction_pool_monitor::eth_client[0m[2m:[0m 📨 Received WebSocket message: {"jsonrpc":"2.0","method":"eth_subscription","params":{"subscription":"0xbed0a0851463e895960a451075a301a9","result":"0x50cdd2f63315473ee35186edf067993246c39c813f656466067f7eb3e8cbc39f"}}
[2m2025-12-10T10:08:42.789660Z[0m [34mDEBUG[0m [2methereum_transaction_pool_monitor::eth_client[0m[2m:[0m 📨 Received pending transaction: 0x50cdd2f63315473ee35186edf067993246c39c813f656466067f7eb3e8cbc39f
[2m2025-12-10T10:08:42.789669Z[0m [34mDEBUG[0m [2methereum_transaction_pool_monitor::eth_client[0m[2m:[0m 📨 Received WebSocket message: {"jsonrpc":"2.0","method":"eth_subscription","params":{"subscription":"0xbed0a0851463e895960a451075a301a9","result":"0x4bb9e56b6c7ea82c46dcf7f9f8c6e61c5aa37fbfc0680ae0e23be9d8d74bea6f"}}
[2m2025-12-10T10:08:42.789676Z[0m [34mDEBUG[0m [2methereum_transaction_pool_monitor::eth_client[0m[2m:[0m 📨 Received pending transaction: 0x4bb9e56b6c7ea82c46dcf7f9f8c6e61c5aa37fbfc0680ae0e23be9d8d74bea6f
[2m2025-12-10T10:08:42.796469Z[0m [34mDEBUG[0m [2mhyper::client::pool[0m[2m:[0m reuse idle connection for ("http", 192.168.0.14:8545)
[2m2025-12-10T10:08:42.796491Z[0m [34mDEBUG[0m [2mhyper::proto::h1::io[0m[2m:[0m flushed 172 bytes
[2m2025-12-10T10:08:42.796648Z[0m [34mDEBUG[0m [2mhyper::proto::h1::io[0m[2m:[0m parsed 4 headers
[2m2025-12-10T10:08:42.796655Z[0m [34mDEBUG[0m [2mhyper::proto::h1::conn[0m[2m:[0m incoming body is content-length (1731 bytes)
[2m2025-12-10T10:08:42.796663Z[0m [34mDEBUG[0m [2mhyper::proto::h1::conn[0m[2m:[0m incoming body completed
[2m2025-12-10T10:08:42.796670Z[0m [34mDEBUG[0m [2mhyper::client::pool[0m[2m:[0m pooling idle connection for ("http", 192.168.0.14:8545)
[2m2025-12-10T10:08:42.796675Z[0m [34mDEBUG[0m [2methereum_transaction_pool_monitor::eth_client[0m[2m:[0m 📡 Transaction fetch RPC completed in 7.097833ms
[2m2025-12-10T10:08:42.867198Z[0m [34mDEBUG[0m [2methereum_transaction_pool_monitor::eth_client[0m[2m:[0m ✅ Transaction 0x1af9148866bc2de80dfa8f07488e8b82543655e4fb7c4d950099103b6d423631 fetched and parsed in 77.618083ms
[2m2025-12-10T10:08:42.867225Z[0m [34mDEBUG[0m [2methereum_transaction_pool_monitor::mempool_monitor[0m[2m:[0m 🔍 Skipping tx 0x1af9148866bc2de80dfa8f07488e8b82543655e4fb7c4d950099103b6d423631 - not a DEX interaction (target: 0x601a2aD6CB5949f0529735254189Ba3194221EDF)
[2m2025-12-10T10:08:42.867235Z[0m [34mDEBUG[0m [2methereum_transaction_pool_monitor::mempool_monitor[0m[2m:[0m 📨 Processing new pending transaction: 0x0085837847a345d4de2774d0097b0b4d58c7e87291c3de304f2278659a0dd0d8
[2m2025-12-10T10:08:42.867241Z[0m [34mDEBUG[0m [2methereum_transaction_pool_monitor::mempool_monitor[0m[2m:[0m 🔍 Fetching transaction details for: 0x0085837847a345d4de2774d0097b0b4d58c7e87291c3de304f2278659a0dd0d8
[2m2025-12-10T10:08:42.867248Z[0m [34mDEBUG[0m [2methereum_transaction_pool_monitor::eth_client[0m[2m:[0m 🔍 Fetching transaction details for hash: 0x0085837847a345d4de2774d0097b0b4d58c7e87291c3de304f2278659a0dd0d8
[2m2025-12-10T10:08:42.867270Z[0m [34mDEBUG[0m [2mhyper::client::pool[0m[2m:[0m reuse idle connection for ("http", 192.168.0.14:8545)
[2m2025-12-10T10:08:42.867317Z[0m [34mDEBUG[0m [2mhyper::proto::h1::io[0m[2m:[0m flushed 250 bytes
[2m2025-12-10T10:08:42.867343Z[0m [34mDEBUG[0m [2methereum_transaction_pool_monitor::eth_client[0m[2m:[0m 📨 Received WebSocket message: {"jsonrpc":"2.0","method":"eth_subscription","params":{"subscription":"0xbed0a0851463e895960a451075a301a9","result":"0xe999aadae60c664b04d0b20b6319960875c3bc3bab5a34acf508151db413a1d2"}}
[2m2025-12-10T10:08:42.867344Z[0m [34mDEBUG[0m [2mhyper::proto::h1::io[0m[2m:[0m parsed 4 headers
[2m2025-12-10T10:08:42.867354Z[0m [34mDEBUG[0m [2methereum_transaction_pool_monitor::eth_client[0m[2m:[0m 📨 Received pending transaction: 0xe999aadae60c664b04d0b20b6319960875c3bc3bab5a34acf508151db413a1d2
[2m2025-12-10T10:08:42.867361Z[0m [34mDEBUG[0m [2mhyper::proto::h1::conn[0m[2m:[0m incoming body is content-length (45 bytes)
[2m2025-12-10T10:08:42.867373Z[0m [34mDEBUG[0m [2mhyper::proto::h1::conn[0m[2m:[0m incoming body completed
[2m2025-12-10T10:08:42.867381Z[0m [34mDEBUG[0m [2mhyper::client::pool[0m[2m:[0m pooling idle connection for ("http", 192.168.0.14:8545)
[2m2025-12-10T10:08:42.873141Z[0m [34mDEBUG[0m [2mhyper::proto::h1::io[0m[2m:[0m parsed 4 headers
[2m2025-12-10T10:08:42.873142Z[0m [34mDEBUG[0m [2methereum_transaction_pool_monitor::eth_client[0m[2m:[0m 📨 Received WebSocket message: {"jsonrpc":"2.0","method":"eth_subscription","params":{"subscription":"0xbed0a0851463e895960a451075a301a9","result":"0x1fa46f0a5148bb3b2148962724f1011e76c049d73ca3e0a8f9b90af37c10d0c7"}}
[2m2025-12-10T10:08:42.873149Z[0m [34mDEBUG[0m [2mhyper::proto::h1::conn[0m[2m:[0m incoming body is content-length (1731 bytes)
[2m2025-12-10T10:08:42.873159Z[0m [34mDEBUG[0m [2methereum_transaction_pool_monitor::eth_client[0m[2m:[0m 📨 Received pending transaction: 0x1fa46f0a5148bb3b2148962724f1011e76c049d73ca3e0a8f9b90af37c10d0c7
[2m2025-12-10T10:08:42.873170Z[0m [34mDEBUG[0m [2mhyper::proto::h1::conn[0m[2m:[0m incoming body completed
[2m2025-12-10T10:08:42.873190Z[0m [34mDEBUG[0m [2mhyper::client::pool[0m[2m:[0m pooling idle connection for ("http", 192.168.0.14:8545)
[2m2025-12-10T10:08:42.873197Z[0m [34mDEBUG[0m [2methereum_transaction_pool_monitor::eth_client[0m[2m:[0m 📡 Transaction fetch RPC completed in 5.9445ms
[2m2025-12-10T10:08:42.897169Z[0m [34mDEBUG[0m [2mhyper::client::pool[0m[2m:[0m reuse idle connection for ("http", 192.168.0.14:8545)
[2m2025-12-10T10:08:42.897219Z[0m [34mDEBUG[0m [2mhyper::proto::h1::io[0m[2m:[0m flushed 172 bytes
[2m2025-12-10T10:08:42.900019Z[0m [34mDEBUG[0m [2mhyper::proto::h1::io[0m[2m:[0m parsed 4 headers
[2m2025-12-10T10:08:42.900025Z[0m [34mDEBUG[0m [2mhyper::proto::h1::conn[0m[2m:[0m incoming body is content-length (45 bytes)
[2m2025-12-10T10:08:42.900032Z[0m [34mDEBUG[0m [2mhyper::proto::h1::conn[0m[2m:[0m incoming body completed
[2m2025-12-10T10:08:42.900040Z[0m [34mDEBUG[0m [2mhyper::client::pool[0m[2m:[0m pooling idle connection for ("http", 192.168.0.14:8545)
[2m2025-12-10T10:08:42.928156Z[0m [34mDEBUG[0m [2methereum_transaction_pool_monitor::eth_client[0m[2m:[0m 📨 Received WebSocket message: {"jsonrpc":"2.0","method":"eth_subscription","params":{"subscription":"0xbed0a0851463e895960a451075a301a9","result":"0xcfc8884413dd806d90f2454029b4e4a4d0db566db80f8dfb373be906c282fe29"}}
[2m2025-12-10T10:08:42.928171Z[0m [34mDEBUG[0m [2methereum_transaction_pool_monitor::eth_client[0m[2m:[0m 📨 Received pending transaction: 0xcfc8884413dd806d90f2454029b4e4a4d0db566db80f8dfb373be906c282fe29
[2m2025-12-10T10:08:42.944317Z[0m [34mDEBUG[0m [2methereum_transaction_pool_monitor::eth_client[0m[2m:[0m ✅ Transaction 0x0085837847a345d4de2774d0097b0b4d58c7e87291c3de304f2278659a0dd0d8 fetched and parsed in 77.062833ms
[2m2025-12-10T10:08:42.944345Z[0m [34mDEBUG[0m [2methereum_transaction_pool_monitor::mempool_monitor[0m[2m:[0m 🔍 Skipping tx 0x0085837847a345d4de2774d0097b0b4d58c7e87291c3de304f2278659a0dd0d8 - not a DEX interaction (target: 0x601a2aD6CB5949f0529735254189Ba3194221EDF)
[2m2025-12-10T10:08:42.944356Z[0m [34mDEBUG[0m [2methereum_transaction_pool_monitor::mempool_monitor[0m[2m:[0m 📨 Processing new pending transaction: 0x9ff4adfefc1d942386bfd6f17a95d89151af89c25362ee0cfa0063688b6afc26
[2m2025-12-10T10:08:42.944366Z[0m [34mDEBUG[0m [2methereum_transaction_pool_monitor::mempool_monitor[0m[2m:[0m 🔍 Fetching transaction details for: 0x9ff4adfefc1d942386bfd6f17a95d89151af89c25362ee0cfa0063688b6afc26
[2m2025-12-10T10:08:42.944379Z[0m [34mDEBUG[0m [2methereum_transaction_pool_monitor::eth_client[0m[2m:[0m 🔍 Fetching transaction details for hash: 0x9ff4adfefc1d942386bfd6f17a95d89151af89c25362ee0cfa0063688b6afc26
[2m2025-12-10T10:08:42.944400Z[0m [34mDEBUG[0m [2mhyper::client::pool[0m[2m:[0m reuse idle connection for ("http", 192.168.0.14:8545)
[2m2025-12-10T10:08:42.944435Z[0m [34mDEBUG[0m [2mhyper::proto::h1::io[0m[2m:[0m flushed 250 bytes
[2m2025-12-10T10:08:42.949628Z[0m [34mDEBUG[0m [2mhyper::proto::h1::io[0m[2m:[0m parsed 4 headers
[2m2025-12-10T10:08:42.949655Z[0m [34mDEBUG[0m [2mhyper::proto::h1::conn[0m[2m:[0m incoming body is content-length (551 bytes)
[2m2025-12-10T10:08:42.949676Z[0m [34mDEBUG[0m [2mhyper::proto::h1::conn[0m[2m:[0m incoming body completed
[2m2025-12-10T10:08:42.949703Z[0m [34mDEBUG[0m [2mhyper::client::pool[0m[2m:[0m pooling idle connection for ("http", 192.168.0.14:8545)
[2m2025-12-10T10:08:42.949711Z[0m [34mDEBUG[0m [2methereum_transaction_pool_monitor::eth_client[0m[2m:[0m 📡 Transaction fetch RPC completed in 5.3265ms
[2m2025-12-10T10:08:43.019745Z[0m [34mDEBUG[0m [2methereum_transaction_pool_monitor::eth_client[0m[2m:[0m ✅ Transaction 0x9ff4adfefc1d942386bfd6f17a95d89151af89c25362ee0cfa0063688b6afc26 fetched and parsed in 75.358709ms
[2m2025-12-10T10:08:43.019774Z[0m [34mDEBUG[0m [2methereum_transaction_pool_monitor::mempool_monitor[0m[2m:[0m 🔍 Skipping tx 0x9ff4adfefc1d942386bfd6f17a95d89151af89c25362ee0cfa0063688b6afc26 - not a DEX interaction (target: 0x55F53F118F5e97C275585Ca6cd7ca63b204B1bC1)
[2m2025-12-10T10:08:43.019790Z[0m [34mDEBUG[0m [2methereum_transaction_pool_monitor::mempool_monitor[0m[2m:[0m 📨 Processing new pending transaction: 0xb2e6856e44fa9819d35031d2e015584bd4b7f468623ca7f03f3294f899a7f1fa
[2m2025-12-10T10:08:43.019801Z[0m [34mDEBUG[0m [2methereum_transaction_pool_monitor::mempool_monitor[0m[2m:[0m 🔍 Fetching transaction details for: 0xb2e6856e44fa9819d35031d2e015584bd4b7f468623ca7f03f3294f899a7f1fa
[2m2025-12-10T10:08:43.019807Z[0m [34mDEBUG[0m [2methereum_transaction_pool_monitor::eth_client[0m[2m:[0m 🔍 Fetching transaction details for hash: 0xb2e6856e44fa9819d35031d2e015584bd4b7f468623ca7f03f3294f899a7f1fa
[2m2025-12-10T10:08:43.019828Z[0m [34mDEBUG[0m [2mhyper::client::pool[0m[2m:[0m reuse idle connection for ("http", 192.168.0.14:8545)
[2m2025-12-10T10:08:43.019864Z[0m [34mDEBUG[0m [2mhyper::proto::h1::io[0m[2m:[0m flushed 250 bytes
[2m2025-12-10T10:08:43.019893Z[0m [34mDEBUG[0m [2mhyper::client::pool[0m[2m:[0m reuse idle connection for ("http", 192.168.0.14:8545)
[2m2025-12-10T10:08:43.019910Z[0m [34mDEBUG[0m [2mhyper::proto::h1::io[0m[2m:[0m flushed 172 bytes
[2m2025-12-10T10:08:43.027375Z[0m [34mDEBUG[0m [2mhyper::proto::h1::io[0m[2m:[0m parsed 4 headers
[2m2025-12-10T10:08:43.027396Z[0m [34mDEBUG[0m [2mhyper::proto::h1::conn[0m[2m:[0m incoming body is content-length (641 bytes)
[2m2025-12-10T10:08:43.027422Z[0m [34mDEBUG[0m [2mhyper::proto::h1::conn[0m[2m:[0m incoming body completed
[2m2025-12-10T10:08:43.027433Z[0m [34mDEBUG[0m [2mhyper::client::pool[0m[2m:[0m pooling idle connection for ("http", 192.168.0.14:8545)
[2m2025-12-10T10:08:43.027453Z[0m [34mDEBUG[0m [2methereum_transaction_pool_monitor::eth_client[0m[2m:[0m 📡 Transaction fetch RPC completed in 7.639292ms
[2m2025-12-10T10:08:43.097610Z[0m [34mDEBUG[0m [2methereum_transaction_pool_monitor::eth_client[0m[2m:[0m ✅ Transaction 0xb2e6856e44fa9819d35031d2e015584bd4b7f468623ca7f03f3294f899a7f1fa fetched and parsed in 77.793667ms
[2m2025-12-10T10:08:43.097635Z[0m [34mDEBUG[0m [2methereum_transaction_pool_monitor::mempool_monitor[0m[2m:[0m 🔍 Skipping tx 0xb2e6856e44fa9819d35031d2e015584bd4b7f468623ca7f03f3294f899a7f1fa - not a DEX interaction (target: 0x028578Bf9B2E42C419E98288AC31df3b113316C9)
[2m2025-12-10T10:08:43.097646Z[0m [34mDEBUG[0m [2methereum_transaction_pool_monitor::mempool_monitor[0m[2m:[0m 📨 Processing new pending transaction: 0x6163f7ec64b44650f3578b0be4d1680015a31768a4bf134ce592991a8ece9a86
[2m2025-12-10T10:08:43.097653Z[0m [34mDEBUG[0m [2methereum_transaction_pool_monitor::mempool_monitor[0m[2m:[0m 🔍 Fetching transaction details for: 0x6163f7ec64b44650f3578b0be4d1680015a31768a4bf134ce592991a8ece9a86
[2m2025-12-10T10:08:43.097658Z[0m [34mDEBUG[0m [2methereum_transaction_pool_monitor::eth_client[0m[2m:[0m 🔍 Fetching transaction details for hash: 0x6163f7ec64b44650f3578b0be4d1680015a31768a4bf134ce592991a8ece9a86
[2m2025-12-10T10:08:43.097680Z[0m [34mDEBUG[0m [2mhyper::client::pool[0m[2m:[0m reuse idle connection for ("http", 192.168.0.14:8545)
[2m2025-12-10T10:08:43.097717Z[0m [34mDEBUG[0m [2mhyper::proto::h1::io[0m[2m:[0m flushed 250 bytes
[2m2025-12-10T10:08:43.097732Z[0m [34mDEBUG[0m [2mhyper::proto::h1::io[0m[2m:[0m parsed 4 headers
[2m2025-12-10T10:08:43.097738Z[0m [34mDEBUG[0m [2mhyper::proto::h1::conn[0m[2m:[0m incoming body is content-length (45 bytes)
[2m2025-12-10T10:08:43.097748Z[0m [34mDEBUG[0m [2mhyper::proto::h1::conn[0m[2m:[0m incoming body completed
[2m2025-12-10T10:08:43.097759Z[0m [34mDEBUG[0m [2mhyper::client::pool[0m[2m:[0m pooling idle connection for ("http", 192.168.0.14:8545)
[2m2025-12-10T10:08:43.097775Z[0m [34mDEBUG[0m [2mhyper::client::pool[0m[2m:[0m reuse idle connection for ("http", 192.168.0.14:8545)
[2m2025-12-10T10:08:43.097790Z[0m [34mDEBUG[0m [2mhyper::proto::h1::io[0m[2m:[0m flushed 172 bytes
[2m2025-12-10T10:08:43.101995Z[0m [34mDEBUG[0m [2mhyper::proto::h1::io[0m[2m:[0m parsed 4 headers
[2m2025-12-10T10:08:43.102001Z[0m [34mDEBUG[0m [2mhyper::proto::h1::conn[0m[2m:[0m incoming body is content-length (45 bytes)
[2m2025-12-10T10:08:43.102006Z[0m [34mDEBUG[0m [2mhyper::proto::h1::conn[0m[2m:[0m incoming body completed
[2m2025-12-10T10:08:43.102012Z[0m [34mDEBUG[0m [2mhyper::client::pool[0m[2m:[0m pooling idle connection for ("http", 192.168.0.14:8545)
[2m2025-12-10T10:08:43.107441Z[0m [34mDEBUG[0m [2mhyper::proto::h1::io[0m[2m:[0m parsed 4 headers
[2m2025-12-10T10:08:43.107447Z[0m [34mDEBUG[0m [2mhyper::proto::h1::conn[0m[2m:[0m incoming body is content-length (774 bytes)
[2m2025-12-10T10:08:43.107452Z[0m [34mDEBUG[0m [2mhyper::proto::h1::conn[0m[2m:[0m incoming body completed
[2m2025-12-10T10:08:43.107459Z[0m [34mDEBUG[0m [2mhyper::client::pool[0m[2m:[0m pooling idle connection for ("http", 192.168.0.14:8545)
[2m2025-12-10T10:08:43.107465Z[0m [34mDEBUG[0m [2methereum_transaction_pool_monitor::eth_client[0m[2m:[0m 📡 Transaction fetch RPC completed in 9.801875ms
[2m2025-12-10T10:08:43.107491Z[0m [34mDEBUG[0m [2methereum_transaction_pool_monitor::eth_client[0m[2m:[0m DeFi transaction detected - Address: 0xdac17f958d2ee523a2206206994597c13d831ec7, Type: Stablecoin, Value: 0 ETH, Gas: 0.33 Gwei
[2m2025-12-10T10:08:43.107530Z[0m [34mDEBUG[0m [2methereum_transaction_pool_monitor::eth_client[0m[2m:[0m ✅ Transaction 0x6163f7ec64b44650f3578b0be4d1680015a31768a4bf134ce592991a8ece9a86 fetched and parsed in 9.867042ms
[2m2025-12-10T10:08:43.107537Z[0m [34mDEBUG[0m [2methereum_transaction_pool_monitor::mempool_monitor[0m[2m:[0m 🔍 Skipping tx 0x6163f7ec64b44650f3578b0be4d1680015a31768a4bf134ce592991a8ece9a86 - not a DEX interaction (target: 0xdAC17F958D2ee523a2206206994597C13D831ec7)
[2m2025-12-10T10:08:43.107546Z[0m [34mDEBUG[0m [2methereum_transaction_pool_monitor::mempool_monitor[0m[2m:[0m 📨 Processing new pending transaction: 0x466d6dadc1cd37de3907b92052f874a45b51eb094145555e9ccdda01ba9047a7
[2m2025-12-10T10:08:43.107550Z[0m [34mDEBUG[0m [2methereum_transaction_pool_monitor::mempool_monitor[0m[2m:[0m 🔍 Fetching transaction details for: 0x466d6dadc1cd37de3907b92052f874a45b51eb094145555e9ccdda01ba9047a7
[2m2025-12-10T10:08:43.107554Z[0m [34mDEBUG[0m [2methereum_transaction_pool_monitor::eth_client[0m[2m:[0m 🔍 Fetching transaction details for hash: 0x466d6dadc1cd37de3907b92052f874a45b51eb094145555e9ccdda01ba9047a7
[2m2025-12-10T10:08:43.107564Z[0m [34mDEBUG[0m [2mhyper::client::pool[0m[2m:[0m reuse idle connection for ("http", 192.168.0.14:8545)
[2m2025-12-10T10:08:43.107583Z[0m [34mDEBUG[0m [2mhyper::proto::h1::io[0m[2m:[0m flushed 250 bytes
[2m2025-12-10T10:08:43.113195Z[0m [34mDEBUG[0m [2mhyper::proto::h1::io[0m[2m:[0m parsed 4 headers
[2m2025-12-10T10:08:43.113217Z[0m [34mDEBUG[0m [2mhyper::proto::h1::conn[0m[2m:[0m incoming body is content-length (839 bytes)
[2m2025-12-10T10:08:43.113236Z[0m [34mDEBUG[0m [2mhyper::proto::h1::conn[0m[2m:[0m incoming body completed
[2m2025-12-10T10:08:43.113250Z[0m [34mDEBUG[0m [2mhyper::client::pool[0m[2m:[0m pooling idle connection for ("http", 192.168.0.14:8545)
[2m2025-12-10T10:08:43.113255Z[0m [34mDEBUG[0m [2methereum_transaction_pool_monitor::eth_client[0m[2m:[0m 📡 Transaction fetch RPC completed in 5.697875ms
[2m2025-12-10T10:08:43.183521Z[0m [34mDEBUG[0m [2methereum_transaction_pool_monitor::eth_client[0m[2m:[0m ✅ Transaction 0x466d6dadc1cd37de3907b92052f874a45b51eb094145555e9ccdda01ba9047a7 fetched and parsed in 75.961708ms
[2m2025-12-10T10:08:43.183554Z[0m [34mDEBUG[0m [2methereum_transaction_pool_monitor::mempool_monitor[0m[2m:[0m 🔍 Skipping tx 0x466d6dadc1cd37de3907b92052f874a45b51eb094145555e9ccdda01ba9047a7 - not a DEX interaction (target: 0xf4d2888d29D722226FafA5d9B24F9164c092421E)
[2m2025-12-10T10:08:43.183565Z[0m [34mDEBUG[0m [2methereum_transaction_pool_monitor::mempool_monitor[0m[2m:[0m 📨 Processing new pending transaction: 0xa29a61caa30019fb3b8b98195c74a40de388a96b4268e40469b772b79c95e4d8
[2m2025-12-10T10:08:43.183573Z[0m [34mDEBUG[0m [2methereum_transaction_pool_monitor::mempool_monitor[0m[2m:[0m 🔍 Fetching transaction details for: 0xa29a61caa30019fb3b8b98195c74a40de388a96b4268e40469b772b79c95e4d8
[2m2025-12-10T10:08:43.183579Z[0m [34mDEBUG[0m [2methereum_transaction_pool_monitor::eth_client[0m[2m:[0m 🔍 Fetching transaction details for hash: 0xa29a61caa30019fb3b8b98195c74a40de388a96b4268e40469b772b79c95e4d8
[2m2025-12-10T10:08:43.183600Z[0m [34mDEBUG[0m [2mhyper::client::pool[0m[2m:[0m reuse idle connection for ("http", 192.168.0.14:8545)
[2m2025-12-10T10:08:43.183646Z[0m [34mDEBUG[0m [2mhyper::proto::h1::io[0m[2m:[0m flushed 250 bytes
[2m2025-12-10T10:08:43.183669Z[0m [34mDEBUG[0m [2methereum_transaction_pool_monitor::eth_client[0m[2m:[0m 📨 Received WebSocket message: {"jsonrpc":"2.0","method":"eth_subscription","params":{"subscription":"0xbed0a0851463e895960a451075a301a9","result":"0x4843dfabcad8909e8146c262e64e2ffd4939b788cccc28bc6299342c678d4942"}}
[2m2025-12-10T10:08:43.183685Z[0m [34mDEBUG[0m [2methereum_transaction_pool_monitor::eth_client[0m[2m:[0m 📨 Received pending transaction: 0x4843dfabcad8909e8146c262e64e2ffd4939b788cccc28bc6299342c678d4942
[2m2025-12-10T10:08:43.188183Z[0m [34mDEBUG[0m [2mhyper::proto::h1::io[0m[2m:[0m parsed 4 headers
[2m2025-12-10T10:08:43.188195Z[0m [34mDEBUG[0m [2mhyper::proto::h1::conn[0m[2m:[0m incoming body is content-length (832 bytes)
[2m2025-12-10T10:08:43.188204Z[0m [34mDEBUG[0m [2mhyper::proto::h1::conn[0m[2m:[0m incoming body completed
[2m2025-12-10T10:08:43.188217Z[0m [34mDEBUG[0m [2mhyper::client::pool[0m[2m:[0m pooling idle connection for ("http", 192.168.0.14:8545)
[2m2025-12-10T10:08:43.188228Z[0m [34mDEBUG[0m [2methereum_transaction_pool_monitor::eth_client[0m[2m:[0m 📡 Transaction fetch RPC completed in 4.644417ms
[2m2025-12-10T10:08:43.258726Z[0m [34mDEBUG[0m [2methereum_transaction_pool_monitor::eth_client[0m[2m:[0m ✅ Transaction 0xa29a61caa30019fb3b8b98195c74a40de388a96b4268e40469b772b79c95e4d8 fetched and parsed in 75.139667ms
[2m2025-12-10T10:08:43.258753Z[0m [34mDEBUG[0m [2methereum_transaction_pool_monitor::mempool_monitor[0m[2m:[0m 🔍 Skipping tx 0xa29a61caa30019fb3b8b98195c74a40de388a96b4268e40469b772b79c95e4d8 - not a DEX interaction (target: 0x3B4D794a66304F130a4Db8F2551B0070dfCf5ca7)
[2m2025-12-10T10:08:43.258763Z[0m [34mDEBUG[0m [2methereum_transaction_pool_monitor::mempool_monitor[0m[2m:[0m 📨 Processing new pending transaction: 0xdbf9a22b0b02f37f87a0f3f7f2bef07a2ddd5b2b0360faaab480407b222a74ab
[2m2025-12-10T10:08:43.258770Z[0m [34mDEBUG[0m [2methereum_transaction_pool_monitor::mempool_monitor[0m[2m:[0m 🔍 Fetching transaction details for: 0xdbf9a22b0b02f37f87a0f3f7f2bef07a2ddd5b2b0360faaab480407b222a74ab
[2m2025-12-10T10:08:43.258777Z[0m [34mDEBUG[0m [2methereum_transaction_pool_monitor::eth_client[0m[2m:[0m 🔍 Fetching transaction details for hash: 0xdbf9a22b0b02f37f87a0f3f7f2bef07a2ddd5b2b0360faaab480407b222a74ab
[2m2025-12-10T10:08:43.258796Z[0m [34mDEBUG[0m [2mhyper::client::pool[0m[2m:[0m reuse idle connection for ("http", 192.168.0.14:8545)
[2m2025-12-10T10:08:43.258837Z[0m [34mDEBUG[0m [2mhyper::proto::h1::io[0m[2m:[0m flushed 250 bytes
[2m2025-12-10T10:08:43.258857Z[0m [34mDEBUG[0m [2mhyper::client::pool[0m[2m:[0m reuse idle connection for ("http", 192.168.0.14:8545)
[2m2025-12-10T10:08:43.258869Z[0m [34mDEBUG[0m [2mhyper::proto::h1::io[0m[2m:[0m flushed 172 bytes
[2m2025-12-10T10:08:43.258870Z[0m [34mDEBUG[0m [2methereum_transaction_pool_monitor::eth_client[0m[2m:[0m 📨 Received WebSocket message: {"jsonrpc":"2.0","method":"eth_subscription","params":{"subscription":"0xbed0a0851463e895960a451075a301a9","result":"0x41fda871c47550fbb34d274c9b1a071751d41367e495338a70a4d59689365cc7"}}
[2m2025-12-10T10:08:43.258890Z[0m [34mDEBUG[0m [2methereum_transaction_pool_monitor::eth_client[0m[2m:[0m 📨 Received pending transaction: 0x41fda871c47550fbb34d274c9b1a071751d41367e495338a70a4d59689365cc7
[2m2025-12-10T10:08:43.262139Z[0m [34mDEBUG[0m [2mhyper::proto::h1::io[0m[2m:[0m parsed 4 headers
[2m2025-12-10T10:08:43.262145Z[0m [34mDEBUG[0m [2mhyper::proto::h1::conn[0m[2m:[0m incoming body is content-length (45 bytes)
[2m2025-12-10T10:08:43.262152Z[0m [34mDEBUG[0m [2mhyper::proto::h1::conn[0m[2m:[0m incoming body completed
[2m2025-12-10T10:08:43.262159Z[0m [34mDEBUG[0m [2mhyper::client::pool[0m[2m:[0m pooling idle connection for ("http", 192.168.0.14:8545)
[2m2025-12-10T10:08:43.262582Z[0m [34mDEBUG[0m [2mhyper::proto::h1::io[0m[2m:[0m parsed 4 headers
[2m2025-12-10T10:08:43.262591Z[0m [34mDEBUG[0m [2mhyper::proto::h1::conn[0m[2m:[0m incoming body is content-length (656 bytes)
[2m2025-12-10T10:08:43.262597Z[0m [34mDEBUG[0m [2mhyper::proto::h1::conn[0m[2m:[0m incoming body completed
[2m2025-12-10T10:08:43.262604Z[0m [34mDEBUG[0m [2mhyper::client::pool[0m[2m:[0m pooling idle connection for ("http", 192.168.0.14:8545)
[2m2025-12-10T10:08:43.262611Z[0m [34mDEBUG[0m [2methereum_transaction_pool_monitor::eth_client[0m[2m:[0m 📡 Transaction fetch RPC completed in 3.829ms
[2m2025-12-10T10:08:43.332788Z[0m [34mDEBUG[0m [2methereum_transaction_pool_monitor::eth_client[0m[2m:[0m ✅ Transaction 0xdbf9a22b0b02f37f87a0f3f7f2bef07a2ddd5b2b0360faaab480407b222a74ab fetched and parsed in 74.003833ms
[2m2025-12-10T10:08:43.332813Z[0m [34mDEBUG[0m [2methereum_transaction_pool_monitor::mempool_monitor[0m[2m:[0m 🔍 Skipping tx 0xdbf9a22b0b02f37f87a0f3f7f2bef07a2ddd5b2b0360faaab480407b222a74ab - not a DEX interaction (target: 0x7Db49ADf3d080E8F123717ee0D076340D552E45B)
[2m2025-12-10T10:08:43.332824Z[0m [34mDEBUG[0m [2methereum_transaction_pool_monitor::mempool_monitor[0m[2m:[0m 📨 Processing new pending transaction: 0xc289dc7ff81feb8cdaaeec6ade7aea5fb5607af4107c33f7a4f19d603f879143
[2m2025-12-10T10:08:43.332831Z[0m [34mDEBUG[0m [2methereum_transaction_pool_monitor::mempool_monitor[0m[2m:[0m 🔍 Fetching transaction details for: 0xc289dc7ff81feb8cdaaeec6ade7aea5fb5607af4107c33f7a4f19d603f879143
[2m2025-12-10T10:08:43.332836Z[0m [34mDEBUG[0m [2methereum_transaction_pool_monitor::eth_client[0m[2m:[0m 🔍 Fetching transaction details for hash: 0xc289dc7ff81feb8cdaaeec6ade7aea5fb5607af4107c33f7a4f19d603f879143
[2m2025-12-10T10:08:43.332856Z[0m [34mDEBUG[0m [2mhyper::client::pool[0m[2m:[0m reuse idle connection for ("http", 192.168.0.14:8545)
[2m2025-12-10T10:08:43.332894Z[0m [34mDEBUG[0m [2mhyper::proto::h1::io[0m[2m:[0m flushed 250 bytes
[2m2025-12-10T10:08:43.332922Z[0m [34mDEBUG[0m [2mhyper::client::pool[0m[2m:[0m reuse idle connection for ("http", 192.168.0.14:8545)
[2m2025-12-10T10:08:43.332939Z[0m [34mDEBUG[0m [2mhyper::proto::h1::io[0m[2m:[0m flushed 172 bytes
[2m2025-12-10T10:08:43.336591Z[0m [34mDEBUG[0m [2mhyper::proto::h1::io[0m[2m:[0m parsed 4 headers
[2m2025-12-10T10:08:43.336596Z[0m [34mDEBUG[0m [2mhyper::proto::h1::conn[0m[2m:[0m incoming body is content-length (45 bytes)
[2m2025-12-10T10:08:43.336603Z[0m [34mDEBUG[0m [2mhyper::proto::h1::conn[0m[2m:[0m incoming body completed
[2m2025-12-10T10:08:43.336609Z[0m [34mDEBUG[0m [2mhyper::client::pool[0m[2m:[0m pooling idle connection for ("http", 192.168.0.14:8545)
[2m2025-12-10T10:08:43.336626Z[0m [34mDEBUG[0m [2mhyper::proto::h1::io[0m[2m:[0m parsed 4 headers
[2m2025-12-10T10:08:43.336633Z[0m [34mDEBUG[0m [2mhyper::proto::h1::conn[0m[2m:[0m incoming body is content-length (778 bytes)
[2m2025-12-10T10:08:43.336641Z[0m [34mDEBUG[0m [2mhyper::proto::h1::conn[0m[2m:[0m incoming body completed
[2m2025-12-10T10:08:43.336648Z[0m [34mDEBUG[0m [2mhyper::client::pool[0m[2m:[0m pooling idle connection for ("http", 192.168.0.14:8545)
[2m2025-12-10T10:08:43.336654Z[0m [34mDEBUG[0m [2methereum_transaction_pool_monitor::eth_client[0m[2m:[0m 📡 Transaction fetch RPC completed in 3.812667ms
[2m2025-12-10T10:08:43.407630Z[0m [34mDEBUG[0m [2methereum_transaction_pool_monitor::eth_client[0m[2m:[0m ✅ Transaction 0xc289dc7ff81feb8cdaaeec6ade7aea5fb5607af4107c33f7a4f19d603f879143 fetched and parsed in 74.787292ms
[2m2025-12-10T10:08:43.407659Z[0m [34mDEBUG[0m [2methereum_transaction_pool_monitor::mempool_monitor[0m[2m:[0m 🔍 Skipping tx 0xc289dc7ff81feb8cdaaeec6ade7aea5fb5607af4107c33f7a4f19d603f879143 - not a DEX interaction (target: 0x000006c2A22ff4A44ff1f5d0F2ed65F781F55555)
[2m2025-12-10T10:08:43.407669Z[0m [34mDEBUG[0m [2methereum_transaction_pool_monitor::mempool_monitor[0m[2m:[0m 📨 Processing new pending transaction: 0x7679fe7c2a8eaa20ece1689ac87f777c9bad680463bcf6a465718d3d1e7115d1
[2m2025-12-10T10:08:43.407683Z[0m [34mDEBUG[0m [2methereum_transaction_pool_monitor::mempool_monitor[0m[2m:[0m 🔍 Fetching transaction details for: 0x7679fe7c2a8eaa20ece1689ac87f777c9bad680463bcf6a465718d3d1e7115d1
[2m2025-12-10T10:08:43.407693Z[0m [34mDEBUG[0m [2methereum_transaction_pool_monitor::eth_client[0m[2m:[0m 🔍 Fetching transaction details for hash: 0x7679fe7c2a8eaa20ece1689ac87f777c9bad680463bcf6a465718d3d1e7115d1
[2m2025-12-10T10:08:43.407712Z[0m [34mDEBUG[0m [2mhyper::client::pool[0m[2m:[0m reuse idle connection for ("http", 192.168.0.14:8545)
[2m2025-12-10T10:08:43.407759Z[0m [34mDEBUG[0m [2mhyper::proto::h1::io[0m[2m:[0m flushed 250 bytes
[2m2025-12-10T10:08:43.407779Z[0m [34mDEBUG[0m [2mhyper::client::pool[0m[2m:[0m reuse idle connection for ("http", 192.168.0.14:8545)
[2m2025-12-10T10:08:43.407793Z[0m [34mDEBUG[0m [2methereum_transaction_pool_monitor::eth_client[0m[2m:[0m 📨 Received WebSocket message: {"jsonrpc":"2.0","method":"eth_subscription","params":{"subscription":"0xbed0a0851463e895960a451075a301a9","result":"0x5ef511fe1f86537f00e206d79c765b2cee1843f1ef5f4d5f4455ac98f00825f1"}}
[2m2025-12-10T10:08:43.407806Z[0m [34mDEBUG[0m [2methereum_transaction_pool_monitor::eth_client[0m[2m:[0m 📨 Received pending transaction: 0x5ef511fe1f86537f00e206d79c765b2cee1843f1ef5f4d5f4455ac98f00825f1
[2m2025-12-10T10:08:43.407796Z[0m [34mDEBUG[0m [2mhyper::proto::h1::io[0m[2m:[0m flushed 172 bytes
[2m2025-12-10T10:08:43.415051Z[0m [34mDEBUG[0m [2mhyper::proto::h1::io[0m[2m:[0m parsed 4 headers
[2m2025-12-10T10:08:43.415060Z[0m [34mDEBUG[0m [2mhyper::proto::h1::conn[0m[2m:[0m incoming body is content-length (765 bytes)
[2m2025-12-10T10:08:43.415072Z[0m [34mDEBUG[0m [2mhyper::proto::h1::conn[0m[2m:[0m incoming body completed
[2m2025-12-10T10:08:43.415085Z[0m [34mDEBUG[0m [2mhyper::client::pool[0m[2m:[0m pooling idle connection for ("http", 192.168.0.14:8545)
[2m2025-12-10T10:08:43.415093Z[0m [34mDEBUG[0m [2methereum_transaction_pool_monitor::eth_client[0m[2m:[0m 📡 Transaction fetch RPC completed in 7.393417ms
[2m2025-12-10T10:08:43.415115Z[0m [34mDEBUG[0m [2methereum_transaction_pool_monitor::eth_client[0m[2m:[0m DeFi transaction detected - Address: 0xdac17f958d2ee523a2206206994597c13d831ec7, Type: Stablecoin, Value: 0 ETH, Gas: 0.28 Gwei
[2m2025-12-10T10:08:43.415144Z[0m [34mDEBUG[0m [2methereum_transaction_pool_monitor::eth_client[0m[2m:[0m ✅ Transaction 0x7679fe7c2a8eaa20ece1689ac87f777c9bad680463bcf6a465718d3d1e7115d1 fetched and parsed in 7.444583ms
[2m2025-12-10T10:08:43.415149Z[0m [34mDEBUG[0m [2methereum_transaction_pool_monitor::mempool_monitor[0m[2m:[0m 🔍 Skipping tx 0x7679fe7c2a8eaa20ece1689ac87f777c9bad680463bcf6a465718d3d1e7115d1 - not a DEX interaction (target: 0xdAC17F958D2ee523a2206206994597C13D831ec7)
[2m2025-12-10T10:08:43.415157Z[0m [34mDEBUG[0m [2methereum_transaction_pool_monitor::mempool_monitor[0m[2m:[0m 📨 Processing new pending transaction: 0x65f12d06fb603919e9b7fb5795f6c2d0ebd24f45c5663cdb6c375586fd2f4b9a
[2m2025-12-10T10:08:43.415161Z[0m [34mDEBUG[0m [2methereum_transaction_pool_monitor::mempool_monitor[0m[2m:[0m 🔍 Fetching transaction details for: 0x65f12d06fb603919e9b7fb5795f6c2d0ebd24f45c5663cdb6c375586fd2f4b9a
[2m2025-12-10T10:08:43.415169Z[0m [34mDEBUG[0m [2methereum_transaction_pool_monitor::eth_client[0m[2m:[0m 🔍 Fetching transaction details for hash: 0x65f12d06fb603919e9b7fb5795f6c2d0ebd24f45c5663cdb6c375586fd2f4b9a
[2m2025-12-10T10:08:43.415177Z[0m [34mDEBUG[0m [2mhyper::client::pool[0m[2m:[0m reuse idle connection for ("http", 192.168.0.14:8545)
[2m2025-12-10T10:08:43.415194Z[0m [34mDEBUG[0m [2mhyper::proto::h1::io[0m[2m:[0m flushed 250 bytes
[2m2025-12-10T10:08:43.415515Z[0m [34mDEBUG[0m [2mhyper::proto::h1::io[0m[2m:[0m parsed 4 headers
[2m2025-12-10T10:08:43.415521Z[0m [34mDEBUG[0m [2mhyper::proto::h1::conn[0m[2m:[0m incoming body is content-length (45 bytes)
[2m2025-12-10T10:08:43.415529Z[0m [34mDEBUG[0m [2mhyper::proto::h1::conn[0m[2m:[0m incoming body completed
[2m2025-12-10T10:08:43.415538Z[0m [34mDEBUG[0m [2mhyper::client::pool[0m[2m:[0m pooling idle connection for ("http", 192.168.0.14:8545)
[2m2025-12-10T10:08:43.422081Z[0m [34mDEBUG[0m [2methereum_transaction_pool_monitor::eth_client[0m[2m:[0m 📨 Received WebSocket message: {"jsonrpc":"2.0","method":"eth_subscription","params":{"subscription":"0xbed0a0851463e895960a451075a301a9","result":"0x65d2f6df31b09cf0da5535113bf64d4b8136b319f20d5df41876057fac40c28f"}}
[2m2025-12-10T10:08:43.422090Z[0m [34mDEBUG[0m [2methereum_transaction_pool_monitor::eth_client[0m[2m:[0m 📨 Received pending transaction: 0x65d2f6df31b09cf0da5535113bf64d4b8136b319f20d5df41876057fac40c28f
[2m2025-12-10T10:08:43.422122Z[0m [34mDEBUG[0m [2mhyper::proto::h1::io[0m[2m:[0m parsed 4 headers
[2m2025-12-10T10:08:43.422128Z[0m [34mDEBUG[0m [2mhyper::proto::h1::conn[0m[2m:[0m incoming body is content-length (646 bytes)
[2m2025-12-10T10:08:43.422132Z[0m [34mDEBUG[0m [2mhyper::proto::h1::conn[0m[2m:[0m incoming body completed
[2m2025-12-10T10:08:43.422138Z[0m [34mDEBUG[0m [2mhyper::client::pool[0m[2m:[0m pooling idle connection for ("http", 192.168.0.14:8545)
[2m2025-12-10T10:08:43.422143Z[0m [34mDEBUG[0m [2methereum_transaction_pool_monitor::eth_client[0m[2m:[0m 📡 Transaction fetch RPC completed in 6.970417ms
[2m2025-12-10T10:08:43.492926Z[0m [34mDEBUG[0m [2methereum_transaction_pool_monitor::eth_client[0m[2m:[0m ✅ Transaction 0x65f12d06fb603919e9b7fb5795f6c2d0ebd24f45c5663cdb6c375586fd2f4b9a fetched and parsed in 77.750792ms
[2m2025-12-10T10:08:43.492953Z[0m [34mDEBUG[0m [2methereum_transaction_pool_monitor::mempool_monitor[0m[2m:[0m 🔍 Skipping tx 0x65f12d06fb603919e9b7fb5795f6c2d0ebd24f45c5663cdb6c375586fd2f4b9a - not a DEX interaction (target: 0x183C7E8c720858A9A3c9Bb1CE30C156Ba68E861B)
[2m2025-12-10T10:08:43.492963Z[0m [34mDEBUG[0m [2methereum_transaction_pool_monitor::mempool_monitor[0m[2m:[0m 📨 Processing new pending transaction: 0x65b5c9e459bacfbe0475185400a2716a5b6e18396071b2f74817520c0c74b81b
[2m2025-12-10T10:08:43.492970Z[0m [34mDEBUG[0m [2methereum_transaction_pool_monitor::mempool_monitor[0m[2m:[0m 🔍 Fetching transaction details for: 0x65b5c9e459bacfbe0475185400a2716a5b6e18396071b2f74817520c0c74b81b
[2m2025-12-10T10:08:43.492981Z[0m [34mDEBUG[0m [2methereum_transaction_pool_monitor::eth_client[0m[2m:[0m 🔍 Fetching transaction details for hash: 0x65b5c9e459bacfbe0475185400a2716a5b6e18396071b2f74817520c0c74b81b
[2m2025-12-10T10:08:43.493001Z[0m [34mDEBUG[0m [2mhyper::client::pool[0m[2m:[0m reuse idle connection for ("http", 192.168.0.14:8545)
[2m2025-12-10T10:08:43.493042Z[0m [34mDEBUG[0m [2mhyper::proto::h1::io[0m[2m:[0m flushed 250 bytes
[2m2025-12-10T10:08:43.496458Z[0m [34mDEBUG[0m [2mhyper::client::pool[0m[2m:[0m reuse idle connection for ("http", 192.168.0.14:8545)
[2m2025-12-10T10:08:43.496479Z[0m [34mDEBUG[0m [2mhyper::proto::h1::io[0m[2m:[0m flushed 172 bytes
[2m2025-12-10T10:08:43.500386Z[0m [34mDEBUG[0m [2mhyper::proto::h1::io[0m[2m:[0m parsed 4 headers
[2m2025-12-10T10:08:43.500401Z[0m [34mDEBUG[0m [2mhyper::proto::h1::conn[0m[2m:[0m incoming body is content-length (45 bytes)
[2m2025-12-10T10:08:43.500413Z[0m [34mDEBUG[0m [2mhyper::proto::h1::conn[0m[2m:[0m incoming body completed
[2m2025-12-10T10:08:43.500427Z[0m [34mDEBUG[0m [2mhyper::client::pool[0m[2m:[0m pooling idle connection for ("http", 192.168.0.14:8545)
[2m2025-12-10T10:08:43.503992Z[0m [34mDEBUG[0m [2mhyper::proto::h1::io[0m[2m:[0m parsed 4 headers
[2m2025-12-10T10:08:43.504007Z[0m [34mDEBUG[0m [2mhyper::proto::h1::conn[0m[2m:[0m incoming body is content-length (656 bytes)
[2m2025-12-10T10:08:43.504014Z[0m [34mDEBUG[0m [2mhyper::proto::h1::conn[0m[2m:[0m incoming body completed
[2m2025-12-10T10:08:43.504022Z[0m [34mDEBUG[0m [2mhyper::client::pool[0m[2m:[0m pooling idle connection for ("http", 192.168.0.14:8545)
[2m2025-12-10T10:08:43.504028Z[0m [34mDEBUG[0m [2methereum_transaction_pool_monitor::eth_client[0m[2m:[0m 📡 Transaction fetch RPC completed in 11.042583ms
[2m2025-12-10T10:08:43.573590Z[0m [34mDEBUG[0m [2methereum_transaction_pool_monitor::eth_client[0m[2m:[0m ✅ Transaction 0x65b5c9e459bacfbe0475185400a2716a5b6e18396071b2f74817520c0c74b81b fetched and parsed in 80.600875ms
[2m2025-12-10T10:08:43.573615Z[0m [34mDEBUG[0m [2methereum_transaction_pool_monitor::mempool_monitor[0m[2m:[0m 🔍 Skipping tx 0x65b5c9e459bacfbe0475185400a2716a5b6e18396071b2f74817520c0c74b81b - not a DEX interaction (target: 0x04DC6899528C5fDffd41270753D1d27b6CDbA9c6)
[2m2025-12-10T10:08:43.573625Z[0m [34mDEBUG[0m [2methereum_transaction_pool_monitor::mempool_monitor[0m[2m:[0m 📨 Processing new pending transaction: 0xc39e7297d3c24daf816c903b5ff1a793f988cda312c8a6f5c0a9a899971cc5f8
[2m2025-12-10T10:08:43.573632Z[0m [34mDEBUG[0m [2methereum_transaction_pool_monitor::mempool_monitor[0m[2m:[0m 🔍 Fetching transaction details for: 0xc39e7297d3c24daf816c903b5ff1a793f988cda312c8a6f5c0a9a899971cc5f8
[2m2025-12-10T10:08:43.573638Z[0m [34mDEBUG[0m [2methereum_transaction_pool_monitor::eth_client[0m[2m:[0m 🔍 Fetching transaction details for hash: 0xc39e7297d3c24daf816c903b5ff1a793f988cda312c8a6f5c0a9a899971cc5f8
[2m2025-12-10T10:08:43.573656Z[0m [34mDEBUG[0m [2mhyper::client::pool[0m[2m:[0m reuse idle connection for ("http", 192.168.0.14:8545)
[2m2025-12-10T10:08:43.573701Z[0m [34mDEBUG[0m [2mhyper::proto::h1::io[0m[2m:[0m flushed 250 bytes
[2m2025-12-10T10:08:43.578729Z[0m [34mDEBUG[0m [2mhyper::proto::h1::io[0m[2m:[0m parsed 4 headers
[2m2025-12-10T10:08:43.578738Z[0m [34mDEBUG[0m [2mhyper::proto::h1::conn[0m[2m:[0m incoming body is content-length (1730 bytes)
[2m2025-12-10T10:08:43.578748Z[0m [34mDEBUG[0m [2mhyper::proto::h1::conn[0m[2m:[0m incoming body completed
[2m2025-12-10T10:08:43.578759Z[0m [34mDEBUG[0m [2mhyper::client::pool[0m[2m:[0m pooling idle connection for ("http", 192.168.0.14:8545)
[2m2025-12-10T10:08:43.578766Z[0m [34mDEBUG[0m [2methereum_transaction_pool_monitor::eth_client[0m[2m:[0m 📡 Transaction fetch RPC completed in 5.124167ms
[2m2025-12-10T10:08:43.650838Z[0m [34mDEBUG[0m [2methereum_transaction_pool_monitor::eth_client[0m[2m:[0m ✅ Transaction 0xc39e7297d3c24daf816c903b5ff1a793f988cda312c8a6f5c0a9a899971cc5f8 fetched and parsed in 77.192958ms
[2m2025-12-10T10:08:43.650868Z[0m [34mDEBUG[0m [2methereum_transaction_pool_monitor::mempool_monitor[0m[2m:[0m 🔍 Skipping tx 0xc39e7297d3c24daf816c903b5ff1a793f988cda312c8a6f5c0a9a899971cc5f8 - not a DEX interaction (target: 0x601a2aD6CB5949f0529735254189Ba3194221EDF)
[2m2025-12-10T10:08:43.650878Z[0m [34mDEBUG[0m [2methereum_transaction_pool_monitor::mempool_monitor[0m[2m:[0m 📨 Processing new pending transaction: 0xc2b73a5104c0c3ee6bf94ab428c6cf4d936075347ec6c42beda991cab2b567a4
[2m2025-12-10T10:08:43.650885Z[0m [34mDEBUG[0m [2methereum_transaction_pool_monitor::mempool_monitor[0m[2m:[0m 🔍 Fetching transaction details for: 0xc2b73a5104c0c3ee6bf94ab428c6cf4d936075347ec6c42beda991cab2b567a4
[2m2025-12-10T10:08:43.650889Z[0m [34mDEBUG[0m [2methereum_transaction_pool_monitor::eth_client[0m[2m:[0m 🔍 Fetching transaction details for hash: 0xc2b73a5104c0c3ee6bf94ab428c6cf4d936075347ec6c42beda991cab2b567a4
[2m2025-12-10T10:08:43.650907Z[0m [34mDEBUG[0m [2mhyper::client::pool[0m[2m:[0m reuse idle connection for ("http", 192.168.0.14:8545)
[2m2025-12-10T10:08:43.650958Z[0m [34mDEBUG[0m [2mhyper::proto::h1::io[0m[2m:[0m flushed 250 bytes
[2m2025-12-10T10:08:43.650984Z[0m [34mDEBUG[0m [2mhyper::client::pool[0m[2m:[0m reuse idle connection for ("http", 192.168.0.14:8545)
[2m2025-12-10T10:08:43.650993Z[0m [34mDEBUG[0m [2methereum_transaction_pool_monitor::eth_client[0m[2m:[0m 📨 Received WebSocket message: {"jsonrpc":"2.0","method":"eth_subscription","params":{"subscription":"0xbed0a0851463e895960a451075a301a9","result":"0x3260f8a74cc6162a6105a2fc96a1208bacd4d5a74b9a638a125abbb98c63a211"}}
[2m2025-12-10T10:08:43.650998Z[0m [34mDEBUG[0m [2mhyper::proto::h1::io[0m[2m:[0m flushed 172 bytes
[2m2025-12-10T10:08:43.651008Z[0m [34mDEBUG[0m [2methereum_transaction_pool_monitor::eth_client[0m[2m:[0m 📨 Received pending transaction: 0x3260f8a74cc6162a6105a2fc96a1208bacd4d5a74b9a638a125abbb98c63a211
[2m2025-12-10T10:08:43.651015Z[0m [34mDEBUG[0m [2methereum_transaction_pool_monitor::eth_client[0m[2m:[0m 📨 Received WebSocket message: {"jsonrpc":"2.0","method":"eth_subscription","params":{"subscription":"0xbed0a0851463e895960a451075a301a9","result":"0xfbf184127862659dd37be20311a6fcb4069f53f988e446e3305257a01d856c94"}}
[2m2025-12-10T10:08:43.651020Z[0m [34mDEBUG[0m [2methereum_transaction_pool_monitor::eth_client[0m[2m:[0m 📨 Received pending transaction: 0xfbf184127862659dd37be20311a6fcb4069f53f988e446e3305257a01d856c94
[2m2025-12-10T10:08:43.655729Z[0m [34mDEBUG[0m [2mhyper::proto::h1::io[0m[2m:[0m parsed 4 headers
[2m2025-12-10T10:08:43.655738Z[0m [34mDEBUG[0m [2mhyper::proto::h1::conn[0m[2m:[0m incoming body is content-length (45 bytes)
[2m2025-12-10T10:08:43.655746Z[0m [34mDEBUG[0m [2mhyper::proto::h1::conn[0m[2m:[0m incoming body completed
[2m2025-12-10T10:08:43.655756Z[0m [34mDEBUG[0m [2mhyper::client::pool[0m[2m:[0m pooling idle connection for ("http", 192.168.0.14:8545)
[2m2025-12-10T10:08:43.662180Z[0m [34mDEBUG[0m [2mhyper::proto::h1::io[0m[2m:[0m parsed 4 headers
[2m2025-12-10T10:08:43.662188Z[0m [34mDEBUG[0m [2mhyper::proto::h1::conn[0m[2m:[0m incoming body is content-length (676 bytes)
[2m2025-12-10T10:08:43.662195Z[0m [34mDEBUG[0m [2mhyper::proto::h1::conn[0m[2m:[0m incoming body completed
[2m2025-12-10T10:08:43.662204Z[0m [34mDEBUG[0m [2mhyper::client::pool[0m[2m:[0m pooling idle connection for ("http", 192.168.0.14:8545)
[2m2025-12-10T10:08:43.662211Z[0m [34mDEBUG[0m [2methereum_transaction_pool_monitor::eth_client[0m[2m:[0m 📡 Transaction fetch RPC completed in 11.316042ms
[2m2025-12-10T10:08:43.662226Z[0m [34mDEBUG[0m [2methereum_transaction_pool_monitor::eth_client[0m[2m:[0m DeFi transaction detected - Address: 0xdac17f958d2ee523a2206206994597c13d831ec7, Type: Stablecoin, Value: 0 ETH, Gas: 1.00 Gwei
[2m2025-12-10T10:08:43.662238Z[0m [34mDEBUG[0m [2methereum_transaction_pool_monitor::eth_client[0m[2m:[0m ✅ Transaction 0xc2b73a5104c0c3ee6bf94ab428c6cf4d936075347ec6c42beda991cab2b567a4 fetched and parsed in 11.343417ms
[2m2025-12-10T10:08:43.662244Z[0m [34mDEBUG[0m [2methereum_transaction_pool_monitor::mempool_monitor[0m[2m:[0m 🔍 Skipping tx 0xc2b73a5104c0c3ee6bf94ab428c6cf4d936075347ec6c42beda991cab2b567a4 - not a DEX interaction (target: 0xdAC17F958D2ee523a2206206994597C13D831ec7)
[2m2025-12-10T10:08:43.662251Z[0m [34mDEBUG[0m [2methereum_transaction_pool_monitor::mempool_monitor[0m[2m:[0m 📨 Processing new pending transaction: 0xecab66f41ea8e99d79831cf1c811abd729225b5c131aea26e705bee48a5130be
[2m2025-12-10T10:08:43.662255Z[0m [34mDEBUG[0m [2methereum_transaction_pool_monitor::mempool_monitor[0m[2m:[0m 🔍 Fetching transaction details for: 0xecab66f41ea8e99d79831cf1c811abd729225b5c131aea26e705bee48a5130be
[2m2025-12-10T10:08:43.662259Z[0m [34mDEBUG[0m [2methereum_transaction_pool_monitor::eth_client[0m[2m:[0m 🔍 Fetching transaction details for hash: 0xecab66f41ea8e99d79831cf1c811abd729225b5c131aea26e705bee48a5130be
[2m2025-12-10T10:08:43.662272Z[0m [34mDEBUG[0m [2mhyper::client::pool[0m[2m:[0m reuse idle connection for ("http", 192.168.0.14:8545)
[2m2025-12-10T10:08:43.662292Z[0m [34mDEBUG[0m [2mhyper::proto::h1::io[0m[2m:[0m flushed 250 bytes
[2m2025-12-10T10:08:43.667240Z[0m [34mDEBUG[0m [2mhyper::proto::h1::io[0m[2m:[0m parsed 4 headers
[2m2025-12-10T10:08:43.667253Z[0m [34mDEBUG[0m [2mhyper::proto::h1::conn[0m[2m:[0m incoming body is content-length (645 bytes)
[2m2025-12-10T10:08:43.667260Z[0m [34mDEBUG[0m [2mhyper::proto::h1::conn[0m[2m:[0m incoming body completed
[2m2025-12-10T10:08:43.667269Z[0m [34mDEBUG[0m [2mhyper::client::pool[0m[2m:[0m pooling idle connection for ("http", 192.168.0.14:8545)
[2m2025-12-10T10:08:43.667276Z[0m [34mDEBUG[0m [2methereum_transaction_pool_monitor::eth_client[0m[2m:[0m 📡 Transaction fetch RPC completed in 5.01375ms
[2m2025-12-10T10:08:43.738282Z[0m [34mDEBUG[0m [2methereum_transaction_pool_monitor::eth_client[0m[2m:[0m ✅ Transaction 0xecab66f41ea8e99d79831cf1c811abd729225b5c131aea26e705bee48a5130be fetched and parsed in 76.018125ms
[2m2025-12-10T10:08:43.738307Z[0m [34mDEBUG[0m [2methereum_transaction_pool_monitor::mempool_monitor[0m[2m:[0m 🔍 Skipping tx 0xecab66f41ea8e99d79831cf1c811abd729225b5c131aea26e705bee48a5130be - not a DEX interaction (target: 0x8AD400E23cC4b58BfA23D840910ABf3A8B5A4158)
[2m2025-12-10T10:08:43.738317Z[0m [34mDEBUG[0m [2methereum_transaction_pool_monitor::mempool_monitor[0m[2m:[0m 📨 Processing new pending transaction: 0x6a252c4815e2b2f7631a713647cd554a370e9bd4ff3493f10a1537da4216080d
[2m2025-12-10T10:08:43.738325Z[0m [34mDEBUG[0m [2methereum_transaction_pool_monitor::mempool_monitor[0m[2m:[0m 🔍 Fetching transaction details for: 0x6a252c4815e2b2f7631a713647cd554a370e9bd4ff3493f10a1537da4216080d
[2m2025-12-10T10:08:43.738331Z[0m [34mDEBUG[0m [2methereum_transaction_pool_monitor::eth_client[0m[2m:[0m 🔍 Fetching transaction details for hash: 0x6a252c4815e2b2f7631a713647cd554a370e9bd4ff3493f10a1537da4216080d
[2m2025-12-10T10:08:43.738351Z[0m [34mDEBUG[0m [2mhyper::client::pool[0m[2m:[0m reuse idle connection for ("http", 192.168.0.14:8545)
[2m2025-12-10T10:08:43.738396Z[0m [34mDEBUG[0m [2mhyper::proto::h1::io[0m[2m:[0m flushed 250 bytes
[2m2025-12-10T10:08:43.738417Z[0m [34mDEBUG[0m [2mhyper::client::pool[0m[2m:[0m reuse idle connection for ("http", 192.168.0.14:8545)
[2m2025-12-10T10:08:43.738433Z[0m [34mDEBUG[0m [2mhyper::proto::h1::io[0m[2m:[0m flushed 172 bytes
[2m2025-12-10T10:08:43.738466Z[0m [34mDEBUG[0m [2methereum_transaction_pool_monitor::eth_client[0m[2m:[0m 📨 Received WebSocket message: {"jsonrpc":"2.0","method":"eth_subscription","params":{"subscription":"0xbed0a0851463e895960a451075a301a9","result":"0x822c61cfdb76f0ff95534f052f02c0602ee3adf736a3ca9fbce7675d8f4981e4"}}
[2m2025-12-10T10:08:43.738475Z[0m [34mDEBUG[0m [2methereum_transaction_pool_monitor::eth_client[0m[2m:[0m 📨 Received pending transaction: 0x822c61cfdb76f0ff95534f052f02c0602ee3adf736a3ca9fbce7675d8f4981e4
[2m2025-12-10T10:08:43.744384Z[0m [34mDEBUG[0m [2mhyper::proto::h1::io[0m[2m:[0m parsed 4 headers
[2m2025-12-10T10:08:43.744395Z[0m [34mDEBUG[0m [2mhyper::proto::h1::conn[0m[2m:[0m incoming body is content-length (778 bytes)
[2m2025-12-10T10:08:43.744409Z[0m [34mDEBUG[0m [2mhyper::proto::h1::conn[0m[2m:[0m incoming body completed
[2m2025-12-10T10:08:43.744418Z[0m [34mDEBUG[0m [2mhyper::client::pool[0m[2m:[0m pooling idle connection for ("http", 192.168.0.14:8545)
[2m2025-12-10T10:08:43.744426Z[0m [34mDEBUG[0m [2methereum_transaction_pool_monitor::eth_client[0m[2m:[0m 📡 Transaction fetch RPC completed in 6.08975ms
[2m2025-12-10T10:08:43.816351Z[0m [34mDEBUG[0m [2methereum_transaction_pool_monitor::eth_client[0m[2m:[0m ✅ Transaction 0x6a252c4815e2b2f7631a713647cd554a370e9bd4ff3493f10a1537da4216080d fetched and parsed in 78.012709ms
[2m2025-12-10T10:08:43.816383Z[0m [34mDEBUG[0m [2methereum_transaction_pool_monitor::mempool_monitor[0m[2m:[0m 🔍 Skipping tx 0x6a252c4815e2b2f7631a713647cd554a370e9bd4ff3493f10a1537da4216080d - not a DEX interaction (target: 0x8408D45b61f5823298F19a09B53b7339c0280489)
[2m2025-12-10T10:08:43.816394Z[0m [34mDEBUG[0m [2methereum_transaction_pool_monitor::mempool_monitor[0m[2m:[0m 📨 Processing new pending transaction: 0x4fb9a0a996acbec72e44d22119728ffe605c336aabaaa03a29321615452d5ba1
[2m2025-12-10T10:08:43.816408Z[0m [34mDEBUG[0m [2methereum_transaction_pool_monitor::mempool_monitor[0m[2m:[0m 🔍 Fetching transaction details for: 0x4fb9a0a996acbec72e44d22119728ffe605c336aabaaa03a29321615452d5ba1
[2m2025-12-10T10:08:43.816415Z[0m [34mDEBUG[0m [2methereum_transaction_pool_monitor::eth_client[0m[2m:[0m 🔍 Fetching transaction details for hash: 0x4fb9a0a996acbec72e44d22119728ffe605c336aabaaa03a29321615452d5ba1
[2m2025-12-10T10:08:43.816438Z[0m [34mDEBUG[0m [2mhyper::client::pool[0m[2m:[0m reuse idle connection for ("http", 192.168.0.14:8545)
[2m2025-12-10T10:08:43.816496Z[0m [34mDEBUG[0m [2mhyper::proto::h1::io[0m[2m:[0m flushed 250 bytes
[2m2025-12-10T10:08:43.816523Z[0m [34mDEBUG[0m [2methereum_transaction_pool_monitor::eth_client[0m[2m:[0m 📨 Received WebSocket message: {"jsonrpc":"2.0","method":"eth_subscription","params":{"subscription":"0xbed0a0851463e895960a451075a301a9","result":"0xcad593d431e3100d7aadf6d11b43562cb2daddb1dd525f78582a41ec291ee066"}}
[2m2025-12-10T10:08:43.816535Z[0m [34mDEBUG[0m [2methereum_transaction_pool_monitor::eth_client[0m[2m:[0m 📨 Received pending transaction: 0xcad593d431e3100d7aadf6d11b43562cb2daddb1dd525f78582a41ec291ee066
[2m2025-12-10T10:08:43.816566Z[0m [34mDEBUG[0m [2mhyper::proto::h1::io[0m[2m:[0m parsed 4 headers
[2m2025-12-10T10:08:43.816573Z[0m [34mDEBUG[0m [2mhyper::proto::h1::conn[0m[2m:[0m incoming body is content-length (45 bytes)
[2m2025-12-10T10:08:43.816583Z[0m [34mDEBUG[0m [2mhyper::proto::h1::conn[0m[2m:[0m incoming body completed
[2m2025-12-10T10:08:43.816593Z[0m [34mDEBUG[0m [2mhyper::client::pool[0m[2m:[0m pooling idle connection for ("http", 192.168.0.14:8545)
[2m2025-12-10T10:08:43.816610Z[0m [34mDEBUG[0m [2mhyper::client::pool[0m[2m:[0m reuse idle connection for ("http", 192.168.0.14:8545)
[2m2025-12-10T10:08:43.816625Z[0m [34mDEBUG[0m [2mhyper::proto::h1::io[0m[2m:[0m flushed 172 bytes
[2m2025-12-10T10:08:43.822442Z[0m [34mDEBUG[0m [2mhyper::proto::h1::io[0m[2m:[0m parsed 4 headers
[2m2025-12-10T10:08:43.822451Z[0m [34mDEBUG[0m [2mhyper::proto::h1::conn[0m[2m:[0m incoming body is content-length (676 bytes)
[2m2025-12-10T10:08:43.822458Z[0m [34mDEBUG[0m [2mhyper::proto::h1::conn[0m[2m:[0m incoming body completed
[2m2025-12-10T10:08:43.822469Z[0m [34mDEBUG[0m [2mhyper::client::pool[0m[2m:[0m pooling idle connection for ("http", 192.168.0.14:8545)
[2m2025-12-10T10:08:43.822477Z[0m [34mDEBUG[0m [2methereum_transaction_pool_monitor::eth_client[0m[2m:[0m 📡 Transaction fetch RPC completed in 6.055ms
[2m2025-12-10T10:08:43.822491Z[0m [34mDEBUG[0m [2methereum_transaction_pool_monitor::eth_client[0m[2m:[0m DeFi transaction detected - Address: 0xdac17f958d2ee523a2206206994597c13d831ec7, Type: Stablecoin, Value: 0 ETH, Gas: 0.30 Gwei
[2m2025-12-10T10:08:43.822502Z[0m [34mDEBUG[0m [2methereum_transaction_pool_monitor::eth_client[0m[2m:[0m ✅ Transaction 0x4fb9a0a996acbec72e44d22119728ffe605c336aabaaa03a29321615452d5ba1 fetched and parsed in 6.081ms
[2m2025-12-10T10:08:43.822508Z[0m [34mDEBUG[0m [2methereum_transaction_pool_monitor::mempool_monitor[0m[2m:[0m 🔍 Skipping tx 0x4fb9a0a996acbec72e44d22119728ffe605c336aabaaa03a29321615452d5ba1 - not a DEX interaction (target: 0xdAC17F958D2ee523a2206206994597C13D831ec7)
[2m2025-12-10T10:08:43.822515Z[0m [34mDEBUG[0m [2methereum_transaction_pool_monitor::mempool_monitor[0m[2m:[0m 📨 Processing new pending transaction: 0x3e672845d7953bfc2ed370aeac5120fb95bafbbcdc18d8d88c896a2e73809737
[2m2025-12-10T10:08:43.822518Z[0m [34mDEBUG[0m [2methereum_transaction_pool_monitor::mempool_monitor[0m[2m:[0m 🔍 Fetching transaction details for: 0x3e672845d7953bfc2ed370aeac5120fb95bafbbcdc18d8d88c896a2e73809737
[2m2025-12-10T10:08:43.822522Z[0m [34mDEBUG[0m [2methereum_transaction_pool_monitor::eth_client[0m[2m:[0m 🔍 Fetching transaction details for hash: 0x3e672845d7953bfc2ed370aeac5120fb95bafbbcdc18d8d88c896a2e73809737
[2m2025-12-10T10:08:43.822534Z[0m [34mDEBUG[0m [2mhyper::client::pool[0m[2m:[0m reuse idle connection for ("http", 192.168.0.14:8545)
[2m2025-12-10T10:08:43.822554Z[0m [34mDEBUG[0m [2mhyper::proto::h1::io[0m[2m:[0m flushed 250 bytes
[2m2025-12-10T10:08:43.822562Z[0m [34mDEBUG[0m [2mhyper::proto::h1::io[0m[2m:[0m parsed 4 headers
[2m2025-12-10T10:08:43.822565Z[0m [34mDEBUG[0m [2mhyper::proto::h1::conn[0m[2m:[0m incoming body is content-length (45 bytes)
[2m2025-12-10T10:08:43.822570Z[0m [34mDEBUG[0m [2mhyper::proto::h1::conn[0m[2m:[0m incoming body completed
[2m2025-12-10T10:08:43.822575Z[0m [34mDEBUG[0m [2mhyper::client::pool[0m[2m:[0m pooling idle connection for ("http", 192.168.0.14:8545)
[2m2025-12-10T10:08:43.830004Z[0m [34mDEBUG[0m [2methereum_transaction_pool_monitor::eth_client[0m[2m:[0m 📨 Received WebSocket message: {"jsonrpc":"2.0","method":"eth_subscription","params":{"subscription":"0xbed0a0851463e895960a451075a301a9","result":"0xb01a2e51c00ecee138de54a4dae2a4643e68df23a80ce884991b86b1e320e2e5"}}
[2m2025-12-10T10:08:43.830020Z[0m [34mDEBUG[0m [2methereum_transaction_pool_monitor::eth_client[0m[2m:[0m 📨 Received pending transaction: 0xb01a2e51c00ecee138de54a4dae2a4643e68df23a80ce884991b86b1e320e2e5
[2m2025-12-10T10:08:43.830035Z[0m [34mDEBUG[0m [2mhyper::proto::h1::io[0m[2m:[0m parsed 4 headers
[2m2025-12-10T10:08:43.830040Z[0m [34mDEBUG[0m [2mhyper::proto::h1::conn[0m[2m:[0m incoming body is content-length (655 bytes)
[2m2025-12-10T10:08:43.830047Z[0m [34mDEBUG[0m [2mhyper::proto::h1::conn[0m[2m:[0m incoming body completed
[2m2025-12-10T10:08:43.830056Z[0m [34mDEBUG[0m [2mhyper::client::pool[0m[2m:[0m pooling idle connection for ("http", 192.168.0.14:8545)
[2m2025-12-10T10:08:43.830062Z[0m [34mDEBUG[0m [2methereum_transaction_pool_monitor::eth_client[0m[2m:[0m 📡 Transaction fetch RPC completed in 7.536583ms
[2m2025-12-10T10:08:43.902320Z[0m [34mDEBUG[0m [2methereum_transaction_pool_monitor::eth_client[0m[2m:[0m ✅ Transaction 0x3e672845d7953bfc2ed370aeac5120fb95bafbbcdc18d8d88c896a2e73809737 fetched and parsed in 79.790875ms
[2m2025-12-10T10:08:43.902347Z[0m [34mDEBUG[0m [2methereum_transaction_pool_monitor::mempool_monitor[0m[2m:[0m 🔍 Skipping tx 0x3e672845d7953bfc2ed370aeac5120fb95bafbbcdc18d8d88c896a2e73809737 - not a DEX interaction (target: 0x90c8E321A770a644091b2747dFb1BCF18c37DEa1)
[2m2025-12-10T10:08:43.902357Z[0m [34mDEBUG[0m [2methereum_transaction_pool_monitor::mempool_monitor[0m[2m:[0m 📨 Processing new pending transaction: 0x55e14aa66aa4c3fbc536e66fbfd8b6d7a52436501050c47f3fe26f71a191e363
[2m2025-12-10T10:08:43.902365Z[0m [34mDEBUG[0m [2methereum_transaction_pool_monitor::mempool_monitor[0m[2m:[0m 🔍 Fetching transaction details for: 0x55e14aa66aa4c3fbc536e66fbfd8b6d7a52436501050c47f3fe26f71a191e363
[2m2025-12-10T10:08:43.902371Z[0m [34mDEBUG[0m [2methereum_transaction_pool_monitor::eth_client[0m[2m:[0m 🔍 Fetching transaction details for hash: 0x55e14aa66aa4c3fbc536e66fbfd8b6d7a52436501050c47f3fe26f71a191e363
[2m2025-12-10T10:08:43.902390Z[0m [34mDEBUG[0m [2mhyper::client::pool[0m[2m:[0m reuse idle connection for ("http", 192.168.0.14:8545)
[2m2025-12-10T10:08:43.902434Z[0m [34mDEBUG[0m [2mhyper::proto::h1::io[0m[2m:[0m flushed 250 bytes
[2m2025-12-10T10:08:43.902455Z[0m [34mDEBUG[0m [2mhyper::client::pool[0m[2m:[0m reuse idle connection for ("http", 192.168.0.14:8545)
[2m2025-12-10T10:08:43.902470Z[0m [34mDEBUG[0m [2mhyper::proto::h1::io[0m[2m:[0m flushed 172 bytes
[2m2025-12-10T10:08:43.902486Z[0m [34mDEBUG[0m [2methereum_transaction_pool_monitor::eth_client[0m[2m:[0m 📨 Received WebSocket message: {"jsonrpc":"2.0","method":"eth_subscription","params":{"subscription":"0xbed0a0851463e895960a451075a301a9","result":"0x49f74da1d2e7a92412e414c8f48a6b1a0c20e19a305c526ce02a938fee69faba"}}
[2m2025-12-10T10:08:43.902494Z[0m [34mDEBUG[0m [2methereum_transaction_pool_monitor::eth_client[0m[2m:[0m 📨 Received pending transaction: 0x49f74da1d2e7a92412e414c8f48a6b1a0c20e19a305c526ce02a938fee69faba
[2m2025-12-10T10:08:43.907626Z[0m [34mDEBUG[0m [2mhyper::proto::h1::io[0m[2m:[0m parsed 4 headers
[2m2025-12-10T10:08:43.907638Z[0m [34mDEBUG[0m [2mhyper::proto::h1::conn[0m[2m:[0m incoming body is content-length (45 bytes)
[2m2025-12-10T10:08:43.907647Z[0m [34mDEBUG[0m [2mhyper::proto::h1::conn[0m[2m:[0m incoming body completed
[2m2025-12-10T10:08:43.907660Z[0m [34mDEBUG[0m [2mhyper::client::pool[0m[2m:[0m pooling idle connection for ("http", 192.168.0.14:8545)
[2m2025-12-10T10:08:43.907680Z[0m [34mDEBUG[0m [2mhyper::proto::h1::io[0m[2m:[0m parsed 4 headers
[2m2025-12-10T10:08:43.907686Z[0m [34mDEBUG[0m [2mhyper::proto::h1::conn[0m[2m:[0m incoming body is content-length (582 bytes)
[2m2025-12-10T10:08:43.907690Z[0m [34mDEBUG[0m [2mhyper::proto::h1::conn[0m[2m:[0m incoming body completed
[2m2025-12-10T10:08:43.907696Z[0m [34mDEBUG[0m [2mhyper::client::pool[0m[2m:[0m pooling idle connection for ("http", 192.168.0.14:8545)
[2m2025-12-10T10:08:43.907701Z[0m [34mDEBUG[0m [2methereum_transaction_pool_monitor::eth_client[0m[2m:[0m 📡 Transaction fetch RPC completed in 5.324917ms
[2m2025-12-10T10:08:43.979826Z[0m [34mDEBUG[0m [2methereum_transaction_pool_monitor::eth_client[0m[2m:[0m ✅ Transaction 0x55e14aa66aa4c3fbc536e66fbfd8b6d7a52436501050c47f3fe26f71a191e363 fetched and parsed in 77.447ms
[2m2025-12-10T10:08:43.979854Z[0m [34mDEBUG[0m [2methereum_transaction_pool_monitor::mempool_monitor[0m[2m:[0m 🔍 Skipping tx 0x55e14aa66aa4c3fbc536e66fbfd8b6d7a52436501050c47f3fe26f71a191e363 - not a DEX interaction (target: 0xe90684Ab30EdEc9344FAcE6296DA2943c333D0f4)
[2m2025-12-10T10:08:43.979865Z[0m [34mDEBUG[0m [2methereum_transaction_pool_monitor::mempool_monitor[0m[2m:[0m 📨 Processing new pending transaction: 0xa381ef2789995eef8cfb9250878b5b19c1f18ec8d03a5cded1d26c6a47dcf5dd
[2m2025-12-10T10:08:43.979871Z[0m [34mDEBUG[0m [2methereum_transaction_pool_monitor::mempool_monitor[0m[2m:[0m 🔍 Fetching transaction details for: 0xa381ef2789995eef8cfb9250878b5b19c1f18ec8d03a5cded1d26c6a47dcf5dd
[2m2025-12-10T10:08:43.979878Z[0m [34mDEBUG[0m [2methereum_transaction_pool_monitor::eth_client[0m[2m:[0m 🔍 Fetching transaction details for hash: 0xa381ef2789995eef8cfb9250878b5b19c1f18ec8d03a5cded1d26c6a47dcf5dd
[2m2025-12-10T10:08:43.979897Z[0m [34mDEBUG[0m [2mhyper::client::pool[0m[2m:[0m reuse idle connection for ("http", 192.168.0.14:8545)
[2m2025-12-10T10:08:43.979948Z[0m [34mDEBUG[0m [2mhyper::proto::h1::io[0m[2m:[0m flushed 250 bytes
[2m2025-12-10T10:08:43.979970Z[0m [34mDEBUG[0m [2methereum_transaction_pool_monitor::eth_client[0m[2m:[0m 📨 Received WebSocket message: {"jsonrpc":"2.0","method":"eth_subscription","params":{"subscription":"0xbed0a0851463e895960a451075a301a9","result":"0x83adb6147b9c52b598ca176964349ed969adaee332e08dea30da04f7ef799993"}}
[2m2025-12-10T10:08:43.979979Z[0m [34mDEBUG[0m [2methereum_transaction_pool_monitor::eth_client[0m[2m:[0m 📨 Received pending transaction: 0x83adb6147b9c52b598ca176964349ed969adaee332e08dea30da04f7ef799993
[2m2025-12-10T10:08:43.979985Z[0m [34mDEBUG[0m [2methereum_transaction_pool_monitor::eth_client[0m[2m:[0m 📨 Received WebSocket message: {"jsonrpc":"2.0","method":"eth_subscription","params":{"subscription":"0xbed0a0851463e895960a451075a301a9","result":"0xb0a63473d5dab85f60ced450d34dda7364fcde337901b1f3b30d3e9fcdbb5137"}}
[2m2025-12-10T10:08:43.979991Z[0m [34mDEBUG[0m [2methereum_transaction_pool_monitor::eth_client[0m[2m:[0m 📨 Received pending transaction: 0xb0a63473d5dab85f60ced450d34dda7364fcde337901b1f3b30d3e9fcdbb5137
[2m2025-12-10T10:08:43.979996Z[0m [34mDEBUG[0m [2methereum_transaction_pool_monitor::eth_client[0m[2m:[0m 📨 Received WebSocket message: {"jsonrpc":"2.0","method":"eth_subscription","params":{"subscription":"0xbed0a0851463e895960a451075a301a9","result":"0x8cf242e57f5009284018f3ada2e60e49d9761dc460e4d469d685fe32a33942b5"}}
[2m2025-12-10T10:08:43.980002Z[0m [34mDEBUG[0m [2methereum_transaction_pool_monitor::eth_client[0m[2m:[0m 📨 Received pending transaction: 0x8cf242e57f5009284018f3ada2e60e49d9761dc460e4d469d685fe32a33942b5
[2m2025-12-10T10:08:43.984084Z[0m [34mDEBUG[0m [2mhyper::proto::h1::io[0m[2m:[0m parsed 4 headers
[2m2025-12-10T10:08:43.984099Z[0m [34mDEBUG[0m [2mhyper::proto::h1::conn[0m[2m:[0m incoming body is content-length (778 bytes)
[2m2025-12-10T10:08:43.984108Z[0m [34mDEBUG[0m [2mhyper::proto::h1::conn[0m[2m:[0m incoming body completed
[2m2025-12-10T10:08:43.984120Z[0m [34mDEBUG[0m [2mhyper::client::pool[0m[2m:[0m pooling idle connection for ("http", 192.168.0.14:8545)
[2m2025-12-10T10:08:43.984129Z[0m [34mDEBUG[0m [2methereum_transaction_pool_monitor::eth_client[0m[2m:[0m 📡 Transaction fetch RPC completed in 4.246541ms
[2m2025-12-10T10:08:44.063622Z[0m [34mDEBUG[0m [2methereum_transaction_pool_monitor::eth_client[0m[2m:[0m ✅ Transaction 0xa381ef2789995eef8cfb9250878b5b19c1f18ec8d03a5cded1d26c6a47dcf5dd fetched and parsed in 83.73725ms
[2m2025-12-10T10:08:44.063651Z[0m [34mDEBUG[0m [2methereum_transaction_pool_monitor::mempool_monitor[0m[2m:[0m 🔍 Skipping tx 0xa381ef2789995eef8cfb9250878b5b19c1f18ec8d03a5cded1d26c6a47dcf5dd - not a DEX interaction (target: 0xC18360217D8F7Ab5e7c516566761Ea12Ce7F9D72)
[2m2025-12-10T10:08:44.063664Z[0m [34mDEBUG[0m [2methereum_transaction_pool_monitor::mempool_monitor[0m[2m:[0m 📨 Processing new pending transaction: 0x60c41409889d8ee9708e47f695e5313645353b78127aa64d8662de5d26e80a06
[2m2025-12-10T10:08:44.063674Z[0m [34mDEBUG[0m [2methereum_transaction_pool_monitor::mempool_monitor[0m[2m:[0m 🔍 Fetching transaction details for: 0x60c41409889d8ee9708e47f695e5313645353b78127aa64d8662de5d26e80a06
[2m2025-12-10T10:08:44.063682Z[0m [34mDEBUG[0m [2methereum_transaction_pool_monitor::eth_client[0m[2m:[0m 🔍 Fetching transaction details for hash: 0x60c41409889d8ee9708e47f695e5313645353b78127aa64d8662de5d26e80a06
[2m2025-12-10T10:08:44.063701Z[0m [34mDEBUG[0m [2mhyper::client::pool[0m[2m:[0m reuse idle connection for ("http", 192.168.0.14:8545)
[2m2025-12-10T10:08:44.063750Z[0m [34mDEBUG[0m [2mhyper::proto::h1::io[0m[2m:[0m flushed 250 bytes
[2m2025-12-10T10:08:44.063772Z[0m [34mDEBUG[0m [2mhyper::client::pool[0m[2m:[0m reuse idle connection for ("http", 192.168.0.14:8545)
[2m2025-12-10T10:08:44.063788Z[0m [34mDEBUG[0m [2mhyper::proto::h1::io[0m[2m:[0m flushed 172 bytes
[2m2025-12-10T10:08:44.063816Z[0m [34mDEBUG[0m [2methereum_transaction_pool_monitor::eth_client[0m[2m:[0m 📨 Received WebSocket message: {"jsonrpc":"2.0","method":"eth_subscription","params":{"subscription":"0xbed0a0851463e895960a451075a301a9","result":"0x1fe289fe162d3dc8336883871e5d2d636dfc8e6952521cd43ee91eecac4bb601"}}
[2m2025-12-10T10:08:44.063828Z[0m [34mDEBUG[0m [2methereum_transaction_pool_monitor::eth_client[0m[2m:[0m 📨 Received pending transaction: 0x1fe289fe162d3dc8336883871e5d2d636dfc8e6952521cd43ee91eecac4bb601
[2m2025-12-10T10:08:44.063837Z[0m [34mDEBUG[0m [2methereum_transaction_pool_monitor::eth_client[0m[2m:[0m 📨 Received WebSocket message: {"jsonrpc":"2.0","method":"eth_subscription","params":{"subscription":"0xbed0a0851463e895960a451075a301a9","result":"0x7d2ee79d6f9880db62c8ceae8953e7aa29850678c0d13dc5b8069b2376f77e86"}}
[2m2025-12-10T10:08:44.063844Z[0m [34mDEBUG[0m [2methereum_transaction_pool_monitor::eth_client[0m[2m:[0m 📨 Received pending transaction: 0x7d2ee79d6f9880db62c8ceae8953e7aa29850678c0d13dc5b8069b2376f77e86
[2m2025-12-10T10:08:44.063854Z[0m [34mDEBUG[0m [2methereum_transaction_pool_monitor::eth_client[0m[2m:[0m 📨 Received WebSocket message: {"jsonrpc":"2.0","method":"eth_subscription","params":{"subscription":"0xbed0a0851463e895960a451075a301a9","result":"0x484e9d8b31ca378df13a327719b9b1379fa578c7284eb802c73bb10ef6a8ab7f"}}
[2m2025-12-10T10:08:44.063863Z[0m [34mDEBUG[0m [2methereum_transaction_pool_monitor::eth_client[0m[2m:[0m 📨 Received pending transaction: 0x484e9d8b31ca378df13a327719b9b1379fa578c7284eb802c73bb10ef6a8ab7f
[2m2025-12-10T10:08:44.063869Z[0m [34mDEBUG[0m [2methereum_transaction_pool_monitor::eth_client[0m[2m:[0m 📨 Received WebSocket message: {"jsonrpc":"2.0","method":"eth_subscription","params":{"subscription":"0xbed0a0851463e895960a451075a301a9","result":"0x6ecc3a0de666d5fbec917be942bc027c39877d8b219c97f7695e1b3b965a23c2"}}
[2m2025-12-10T10:08:44.063874Z[0m [34mDEBUG[0m [2methereum_transaction_pool_monitor::eth_client[0m[2m:[0m 📨 Received pending transaction: 0x6ecc3a0de666d5fbec917be942bc027c39877d8b219c97f7695e1b3b965a23c2
[2m2025-12-10T10:08:44.072541Z[0m [34mDEBUG[0m [2mhyper::proto::h1::io[0m[2m:[0m parsed 4 headers
[2m2025-12-10T10:08:44.072552Z[0m [34mDEBUG[0m [2mhyper::proto::h1::conn[0m[2m:[0m incoming body is content-length (45 bytes)
[2m2025-12-10T10:08:44.072565Z[0m [34mDEBUG[0m [2mhyper::proto::h1::conn[0m[2m:[0m incoming body completed
[2m2025-12-10T10:08:44.072576Z[0m [34mDEBUG[0m [2mhyper::client::pool[0m[2m:[0m pooling idle connection for ("http", 192.168.0.14:8545)
[2m2025-12-10T10:08:44.072596Z[0m [34mDEBUG[0m [2mhyper::proto::h1::io[0m[2m:[0m parsed 4 headers
[2m2025-12-10T10:08:44.072601Z[0m [34mDEBUG[0m [2mhyper::proto::h1::conn[0m[2m:[0m incoming body is content-length (770 bytes)
[2m2025-12-10T10:08:44.072605Z[0m [34mDEBUG[0m [2mhyper::proto::h1::conn[0m[2m:[0m incoming body completed
[2m2025-12-10T10:08:44.072611Z[0m [34mDEBUG[0m [2mhyper::client::pool[0m[2m:[0m pooling idle connection for ("http", 192.168.0.14:8545)
[2m2025-12-10T10:08:44.072615Z[0m [34mDEBUG[0m [2methereum_transaction_pool_monitor::eth_client[0m[2m:[0m 📡 Transaction fetch RPC completed in 8.928375ms
[2m2025-12-10T10:08:44.183048Z[0m [34mDEBUG[0m [2methereum_transaction_pool_monitor::eth_client[0m[2m:[0m ✅ Transaction 0x60c41409889d8ee9708e47f695e5313645353b78127aa64d8662de5d26e80a06 fetched and parsed in 119.3575ms
[2m2025-12-10T10:08:44.183079Z[0m [34mDEBUG[0m [2methereum_transaction_pool_monitor::mempool_monitor[0m[2m:[0m 🔍 Skipping tx 0x60c41409889d8ee9708e47f695e5313645353b78127aa64d8662de5d26e80a06 - not a DEX interaction (target: 0xA0b86991c6218b36c1d19D4a2e9Eb0cE3606eB48)
[2m2025-12-10T10:08:44.183089Z[0m [34mDEBUG[0m [2methereum_transaction_pool_monitor::mempool_monitor[0m[2m:[0m 📨 Processing new pending transaction: 0x6a7cb6e895292db0ff9b937020e6160bed557bcbe89a48f52beb17871bf32858
[2m2025-12-10T10:08:44.183097Z[0m [34mDEBUG[0m [2methereum_transaction_pool_monitor::mempool_monitor[0m[2m:[0m 🔍 Fetching transaction details for: 0x6a7cb6e895292db0ff9b937020e6160bed557bcbe89a48f52beb17871bf32858
[2m2025-12-10T10:08:44.183103Z[0m [34mDEBUG[0m [2methereum_transaction_pool_monitor::eth_client[0m[2m:[0m 🔍 Fetching transaction details for hash: 0x6a7cb6e895292db0ff9b937020e6160bed557bcbe89a48f52beb17871bf32858
[2m2025-12-10T10:08:44.183125Z[0m [34mDEBUG[0m [2mhyper::client::pool[0m[2m:[0m reuse idle connection for ("http", 192.168.0.14:8545)
[2m2025-12-10T10:08:44.183180Z[0m [34mDEBUG[0m [2mhyper::proto::h1::io[0m[2m:[0m flushed 250 bytes
[2m2025-12-10T10:08:44.183202Z[0m [34mDEBUG[0m [2mhyper::client::pool[0m[2m:[0m reuse idle connection for ("http", 192.168.0.14:8545)
[2m2025-12-10T10:08:44.183218Z[0m [34mDEBUG[0m [2mhyper::proto::h1::io[0m[2m:[0m flushed 172 bytes
[2m2025-12-10T10:08:44.183258Z[0m [34mDEBUG[0m [2methereum_transaction_pool_monitor::eth_client[0m[2m:[0m 📨 Received WebSocket message: {"jsonrpc":"2.0","method":"eth_subscription","params":{"subscription":"0xbed0a0851463e895960a451075a301a9","result":"0xb755a0a0427eb63cd2ec39cdb79a49039d00c3869c46c75130710817889e3872"}}
[2m2025-12-10T10:08:44.183300Z[0m [34mDEBUG[0m [2methereum_transaction_pool_monitor::eth_client[0m[2m:[0m 📨 Received pending transaction: 0xb755a0a0427eb63cd2ec39cdb79a49039d00c3869c46c75130710817889e3872
[2m2025-12-10T10:08:44.186598Z[0m [34mDEBUG[0m [2mhyper::proto::h1::io[0m[2m:[0m parsed 4 headers
[2m2025-12-10T10:08:44.186614Z[0m [34mDEBUG[0m [2mhyper::proto::h1::conn[0m[2m:[0m incoming body is content-length (45 bytes)
[2m2025-12-10T10:08:44.186622Z[0m [34mDEBUG[0m [2mhyper::proto::h1::conn[0m[2m:[0m incoming body completed
[2m2025-12-10T10:08:44.186631Z[0m [34mDEBUG[0m [2mhyper::client::pool[0m[2m:[0m pooling idle connection for ("http", 192.168.0.14:8545)
[2m2025-12-10T10:08:44.189492Z[0m [34mDEBUG[0m [2methereum_transaction_pool_monitor::eth_client[0m[2m:[0m 📨 Received WebSocket message: {"jsonrpc":"2.0","method":"eth_subscription","params":{"subscription":"0xbed0a0851463e895960a451075a301a9","result":"0xaeef6e8f6e3f441d2ef06467ff5e4f3c68fcd9fc63854486fb43c84fc717b7d7"}}
[2m2025-12-10T10:08:44.189502Z[0m [34mDEBUG[0m [2methereum_transaction_pool_monitor::eth_client[0m[2m:[0m 📨 Received pending transaction: 0xaeef6e8f6e3f441d2ef06467ff5e4f3c68fcd9fc63854486fb43c84fc717b7d7
[2m2025-12-10T10:08:44.192171Z[0m [34mDEBUG[0m [2mhyper::proto::h1::io[0m[2m:[0m parsed 4 headers
[2m2025-12-10T10:08:44.192179Z[0m [34mDEBUG[0m [2mhyper::proto::h1::conn[0m[2m:[0m incoming body is content-length (763 bytes)
[2m2025-12-10T10:08:44.192186Z[0m [34mDEBUG[0m [2mhyper::proto::h1::conn[0m[2m:[0m incoming body completed
[2m2025-12-10T10:08:44.192196Z[0m [34mDEBUG[0m [2mhyper::client::pool[0m[2m:[0m pooling idle connection for ("http", 192.168.0.14:8545)
[2m2025-12-10T10:08:44.192205Z[0m [34mDEBUG[0m [2methereum_transaction_pool_monitor::eth_client[0m[2m:[0m 📡 Transaction fetch RPC completed in 9.097583ms
[2m2025-12-10T10:08:44.263643Z[0m [34mDEBUG[0m [2methereum_transaction_pool_monitor::eth_client[0m[2m:[0m ✅ Transaction 0x6a7cb6e895292db0ff9b937020e6160bed557bcbe89a48f52beb17871bf32858 fetched and parsed in 80.531958ms
[2m2025-12-10T10:08:44.263678Z[0m [34mDEBUG[0m [2methereum_transaction_pool_monitor::mempool_monitor[0m[2m:[0m 🔍 Skipping tx 0x6a7cb6e895292db0ff9b937020e6160bed557bcbe89a48f52beb17871bf32858 - not a DEX interaction (target: 0xd50370bEE8bFf23Bbb30ca558a1d0207DBc96ef2)
[2m2025-12-10T10:08:44.263699Z[0m [34mDEBUG[0m [2methereum_transaction_pool_monitor::mempool_monitor[0m[2m:[0m 📨 Processing new pending transaction: 0x3f5c8c84b663511080a735a494521ffcbf2e850649781b4a47bb9fdb4c6e08fe
[2m2025-12-10T10:08:44.263708Z[0m [34mDEBUG[0m [2methereum_transaction_pool_monitor::mempool_monitor[0m[2m:[0m 🔍 Fetching transaction details for: 0x3f5c8c84b663511080a735a494521ffcbf2e850649781b4a47bb9fdb4c6e08fe
[2m2025-12-10T10:08:44.263714Z[0m [34mDEBUG[0m [2methereum_transaction_pool_monitor::eth_client[0m[2m:[0m 🔍 Fetching transaction details for hash: 0x3f5c8c84b663511080a735a494521ffcbf2e850649781b4a47bb9fdb4c6e08fe
[2m2025-12-10T10:08:44.263739Z[0m [34mDEBUG[0m [2mhyper::client::pool[0m[2m:[0m reuse idle connection for ("http", 192.168.0.14:8545)
[2m2025-12-10T10:08:44.263778Z[0m [34mDEBUG[0m [2mhyper::proto::h1::io[0m[2m:[0m flushed 250 bytes
[2m2025-12-10T10:08:44.263800Z[0m [34mDEBUG[0m [2mhyper::client::pool[0m[2m:[0m reuse idle connection for ("http", 192.168.0.14:8545)
[2m2025-12-10T10:08:44.263815Z[0m [34mDEBUG[0m [2mhyper::proto::h1::io[0m[2m:[0m flushed 172 bytes
[2m2025-12-10T10:08:44.263821Z[0m [34mDEBUG[0m [2methereum_transaction_pool_monitor::eth_client[0m[2m:[0m 📨 Received WebSocket message: {"jsonrpc":"2.0","method":"eth_subscription","params":{"subscription":"0xbed0a0851463e895960a451075a301a9","result":"0x84da9a5152101d2b136f6a0b6013cbedfd05243cff1e1f2b8f1a681f1dd3fb32"}}
[2m2025-12-10T10:08:44.263835Z[0m [34mDEBUG[0m [2methereum_transaction_pool_monitor::eth_client[0m[2m:[0m 📨 Received pending transaction: 0x84da9a5152101d2b136f6a0b6013cbedfd05243cff1e1f2b8f1a681f1dd3fb32
[2m2025-12-10T10:08:44.269952Z[0m [34mDEBUG[0m [2mhyper::proto::h1::io[0m[2m:[0m parsed 4 headers
[2m2025-12-10T10:08:44.269961Z[0m [34mDEBUG[0m [2mhyper::proto::h1::conn[0m[2m:[0m incoming body is content-length (831 bytes)
[2m2025-12-10T10:08:44.269970Z[0m [34mDEBUG[0m [2mhyper::proto::h1::conn[0m[2m:[0m incoming body completed
[2m2025-12-10T10:08:44.269981Z[0m [34mDEBUG[0m [2mhyper::client::pool[0m[2m:[0m pooling idle connection for ("http", 192.168.0.14:8545)
[2m2025-12-10T10:08:44.269989Z[0m [34mDEBUG[0m [2methereum_transaction_pool_monitor::eth_client[0m[2m:[0m 📡 Transaction fetch RPC completed in 6.267416ms
[2m2025-12-10T10:08:44.337481Z[0m [34mDEBUG[0m [2methereum_transaction_pool_monitor::eth_client[0m[2m:[0m ✅ Transaction 0x3f5c8c84b663511080a735a494521ffcbf2e850649781b4a47bb9fdb4c6e08fe fetched and parsed in 73.75775ms
[2m2025-12-10T10:08:44.337499Z[0m [34mDEBUG[0m [2methereum_transaction_pool_monitor::mempool_monitor[0m[2m:[0m 🔍 Skipping tx 0x3f5c8c84b663511080a735a494521ffcbf2e850649781b4a47bb9fdb4c6e08fe - not a DEX interaction (target: 0x3B4D794a66304F130a4Db8F2551B0070dfCf5ca7)
[2m2025-12-10T10:08:44.337508Z[0m [34mDEBUG[0m [2methereum_transaction_pool_monitor::mempool_monitor[0m[2m:[0m 📨 Processing new pending transaction: 0x60dd541ba1b42863e83e2c646c732d2b0caef1e63b027da7b4713f5eaecac3cb
[2m2025-12-10T10:08:44.337513Z[0m [34mDEBUG[0m [2methereum_transaction_pool_monitor::mempool_monitor[0m[2m:[0m 🔍 Fetching transaction details for: 0x60dd541ba1b42863e83e2c646c732d2b0caef1e63b027da7b4713f5eaecac3cb
[2m2025-12-10T10:08:44.337517Z[0m [34mDEBUG[0m [2methereum_transaction_pool_monitor::eth_client[0m[2m:[0m 🔍 Fetching transaction details for hash: 0x60dd541ba1b42863e83e2c646c732d2b0caef1e63b027da7b4713f5eaecac3cb
[2m2025-12-10T10:08:44.337534Z[0m [34mDEBUG[0m [2mhyper::client::pool[0m[2m:[0m reuse idle connection for ("http", 192.168.0.14:8545)
[2m2025-12-10T10:08:44.337558Z[0m [34mDEBUG[0m [2mhyper::proto::h1::io[0m[2m:[0m flushed 250 bytes
[2m2025-12-10T10:08:44.337579Z[0m [34mDEBUG[0m [2methereum_transaction_pool_monitor::eth_client[0m[2m:[0m 📨 Received WebSocket message: {"jsonrpc":"2.0","method":"eth_subscription","params":{"subscription":"0xbed0a0851463e895960a451075a301a9","result":"0xdd83801f2f343458be9e4abc21a5fea32ab687af2dc5bbaa70bbd3f1018e2a2e"}}
[2m2025-12-10T10:08:44.337585Z[0m [34mDEBUG[0m [2mhyper::proto::h1::io[0m[2m:[0m parsed 4 headers
[2m2025-12-10T10:08:44.337588Z[0m [34mDEBUG[0m [2methereum_transaction_pool_monitor::eth_client[0m[2m:[0m 📨 Received pending transaction: 0xdd83801f2f343458be9e4abc21a5fea32ab687af2dc5bbaa70bbd3f1018e2a2e
[2m2025-12-10T10:08:44.337597Z[0m [34mDEBUG[0m [2mhyper::proto::h1::conn[0m[2m:[0m incoming body is content-length (45 bytes)
[2m2025-12-10T10:08:44.337604Z[0m [34mDEBUG[0m [2methereum_transaction_pool_monitor::eth_client[0m[2m:[0m 📨 Received WebSocket message: {"jsonrpc":"2.0","method":"eth_subscription","params":{"subscription":"0xbed0a0851463e895960a451075a301a9","result":"0x92660952c303054d12f0077c5766324d9d12f671578af48bf16b035dd5ba2ef8"}}
[2m2025-12-10T10:08:44.337612Z[0m [34mDEBUG[0m [2mhyper::proto::h1::conn[0m[2m:[0m incoming body completed
[2m2025-12-10T10:08:44.337614Z[0m [34mDEBUG[0m [2methereum_transaction_pool_monitor::eth_client[0m[2m:[0m 📨 Received pending transaction: 0x92660952c303054d12f0077c5766324d9d12f671578af48bf16b035dd5ba2ef8
[2m2025-12-10T10:08:44.337622Z[0m [34mDEBUG[0m [2mhyper::client::pool[0m[2m:[0m pooling idle connection for ("http", 192.168.0.14:8545)
[2m2025-12-10T10:08:44.337638Z[0m [34mDEBUG[0m [2mhyper::client::pool[0m[2m:[0m reuse idle connection for ("http", 192.168.0.14:8545)
[2m2025-12-10T10:08:44.337654Z[0m [34mDEBUG[0m [2mhyper::proto::h1::io[0m[2m:[0m flushed 172 bytes
[2m2025-12-10T10:08:44.341351Z[0m [34mDEBUG[0m [2mhyper::proto::h1::io[0m[2m:[0m parsed 4 headers
[2m2025-12-10T10:08:44.341357Z[0m [34mDEBUG[0m [2mhyper::proto::h1::conn[0m[2m:[0m incoming body is content-length (832 bytes)
[2m2025-12-10T10:08:44.341363Z[0m [34mDEBUG[0m [2mhyper::proto::h1::conn[0m[2m:[0m incoming body completed
[2m2025-12-10T10:08:44.341370Z[0m [34mDEBUG[0m [2mhyper::client::pool[0m[2m:[0m pooling idle connection for ("http", 192.168.0.14:8545)
[2m2025-12-10T10:08:44.341376Z[0m [34mDEBUG[0m [2methereum_transaction_pool_monitor::eth_client[0m[2m:[0m 📡 Transaction fetch RPC completed in 3.854584ms
[2m2025-12-10T10:08:44.411981Z[0m [34mDEBUG[0m [2methereum_transaction_pool_monitor::eth_client[0m[2m:[0m ✅ Transaction 0x60dd541ba1b42863e83e2c646c732d2b0caef1e63b027da7b4713f5eaecac3cb fetched and parsed in 74.457042ms
[2m2025-12-10T10:08:44.412009Z[0m [34mDEBUG[0m [2methereum_transaction_pool_monitor::mempool_monitor[0m[2m:[0m 🔍 Skipping tx 0x60dd541ba1b42863e83e2c646c732d2b0caef1e63b027da7b4713f5eaecac3cb - not a DEX interaction (target: 0x3B4D794a66304F130a4Db8F2551B0070dfCf5ca7)
[2m2025-12-10T10:08:44.412020Z[0m [34mDEBUG[0m [2methereum_transaction_pool_monitor::mempool_monitor[0m[2m:[0m 📨 Processing new pending transaction: 0xdff93ee5b64d7d662812bd2466dc6bcc7a7f39a8a55455540f836ec804ed6f7f
[2m2025-12-10T10:08:44.412027Z[0m [34mDEBUG[0m [2methereum_transaction_pool_monitor::mempool_monitor[0m[2m:[0m 🔍 Fetching transaction details for: 0xdff93ee5b64d7d662812bd2466dc6bcc7a7f39a8a55455540f836ec804ed6f7f
[2m2025-12-10T10:08:44.412034Z[0m [34mDEBUG[0m [2methereum_transaction_pool_monitor::eth_client[0m[2m:[0m 🔍 Fetching transaction details for hash: 0xdff93ee5b64d7d662812bd2466dc6bcc7a7f39a8a55455540f836ec804ed6f7f
[2m2025-12-10T10:08:44.412052Z[0m [34mDEBUG[0m [2mhyper::client::pool[0m[2m:[0m reuse idle connection for ("http", 192.168.0.14:8545)
[2m2025-12-10T10:08:44.412107Z[0m [34mDEBUG[0m [2mhyper::proto::h1::io[0m[2m:[0m flushed 250 bytes
[2m2025-12-10T10:08:44.412122Z[0m [34mDEBUG[0m [2mhyper::proto::h1::io[0m[2m:[0m parsed 4 headers
[2m2025-12-10T10:08:44.412128Z[0m [34mDEBUG[0m [2mhyper::proto::h1::conn[0m[2m:[0m incoming body is content-length (45 bytes)
[2m2025-12-10T10:08:44.412135Z[0m [34mDEBUG[0m [2mhyper::proto::h1::conn[0m[2m:[0m incoming body completed
[2m2025-12-10T10:08:44.412144Z[0m [34mDEBUG[0m [2mhyper::client::pool[0m[2m:[0m pooling idle connection for ("http", 192.168.0.14:8545)
[2m2025-12-10T10:08:44.412161Z[0m [34mDEBUG[0m [2mhyper::client::pool[0m[2m:[0m reuse idle connection for ("http", 192.168.0.14:8545)
[2m2025-12-10T10:08:44.412177Z[0m [34mDEBUG[0m [2mhyper::proto::h1::io[0m[2m:[0m flushed 172 bytes
[2m2025-12-10T10:08:44.418648Z[0m [34mDEBUG[0m [2mhyper::proto::h1::io[0m[2m:[0m parsed 4 headers
[2m2025-12-10T10:08:44.418658Z[0m [34mDEBUG[0m [2mhyper::proto::h1::conn[0m[2m:[0m incoming body is content-length (45 bytes)
[2m2025-12-10T10:08:44.418667Z[0m [34mDEBUG[0m [2mhyper::proto::h1::conn[0m[2m:[0m incoming body completed
[2m2025-12-10T10:08:44.418679Z[0m [34mDEBUG[0m [2mhyper::client::pool[0m[2m:[0m pooling idle connection for ("http", 192.168.0.14:8545)
[2m2025-12-10T10:08:44.418699Z[0m [34mDEBUG[0m [2mhyper::proto::h1::io[0m[2m:[0m parsed 4 headers
[2m2025-12-10T10:08:44.418703Z[0m [34mDEBUG[0m [2mhyper::proto::h1::conn[0m[2m:[0m incoming body is content-length (832 bytes)
[2m2025-12-10T10:08:44.418709Z[0m [34mDEBUG[0m [2mhyper::proto::h1::conn[0m[2m:[0m incoming body completed
[2m2025-12-10T10:08:44.418715Z[0m [34mDEBUG[0m [2mhyper::client::pool[0m[2m:[0m pooling idle connection for ("http", 192.168.0.14:8545)
[2m2025-12-10T10:08:44.418719Z[0m [34mDEBUG[0m [2methereum_transaction_pool_monitor::eth_client[0m[2m:[0m 📡 Transaction fetch RPC completed in 6.681125ms
[2m2025-12-10T10:08:44.513904Z[0m [34mDEBUG[0m [2methereum_transaction_pool_monitor::eth_client[0m[2m:[0m ✅ Transaction 0xdff93ee5b64d7d662812bd2466dc6bcc7a7f39a8a55455540f836ec804ed6f7f fetched and parsed in 101.862875ms
[2m2025-12-10T10:08:44.513934Z[0m [34mDEBUG[0m [2methereum_transaction_pool_monitor::mempool_monitor[0m[2m:[0m 🔍 Skipping tx 0xdff93ee5b64d7d662812bd2466dc6bcc7a7f39a8a55455540f836ec804ed6f7f - not a DEX interaction (target: 0x3B4D794a66304F130a4Db8F2551B0070dfCf5ca7)
[2m2025-12-10T10:08:44.513949Z[0m [34mDEBUG[0m [2methereum_transaction_pool_monitor::mempool_monitor[0m[2m:[0m 📨 Processing new pending transaction: 0x4e22257dffcf968d1a28d6a20187d8764e360a819430e0a9c23c21aea430e6c1
[2m2025-12-10T10:08:44.513958Z[0m [34mDEBUG[0m [2methereum_transaction_pool_monitor::mempool_monitor[0m[2m:[0m 🔍 Fetching transaction details for: 0x4e22257dffcf968d1a28d6a20187d8764e360a819430e0a9c23c21aea430e6c1
[2m2025-12-10T10:08:44.513967Z[0m [34mDEBUG[0m [2methereum_transaction_pool_monitor::eth_client[0m[2m:[0m 🔍 Fetching transaction details for hash: 0x4e22257dffcf968d1a28d6a20187d8764e360a819430e0a9c23c21aea430e6c1
[2m2025-12-10T10:08:44.513993Z[0m [34mDEBUG[0m [2mhyper::client::pool[0m[2m:[0m reuse idle connection for ("http", 192.168.0.14:8545)
[2m2025-12-10T10:08:44.514039Z[0m [34mDEBUG[0m [2mhyper::proto::h1::io[0m[2m:[0m flushed 250 bytes
[2m2025-12-10T10:08:44.514061Z[0m [34mDEBUG[0m [2mhyper::client::pool[0m[2m:[0m reuse idle connection for ("http", 192.168.0.14:8545)
[2m2025-12-10T10:08:44.514069Z[0m [34mDEBUG[0m [2methereum_transaction_pool_monitor::eth_client[0m[2m:[0m 📨 Received WebSocket message: {"jsonrpc":"2.0","method":"eth_subscription","params":{"subscription":"0xbed0a0851463e895960a451075a301a9","result":"0x78db0a8a8374fb8376c7af1146fac598079e510885f075f006655720960b6d7a"}}
[2m2025-12-10T10:08:44.514077Z[0m [34mDEBUG[0m [2mhyper::proto::h1::io[0m[2m:[0m flushed 172 bytes
[2m2025-12-10T10:08:44.514086Z[0m [34mDEBUG[0m [2methereum_transaction_pool_monitor::eth_client[0m[2m:[0m 📨 Received pending transaction: 0x78db0a8a8374fb8376c7af1146fac598079e510885f075f006655720960b6d7a
[2m2025-12-10T10:08:44.518679Z[0m [34mDEBUG[0m [2mhyper::proto::h1::io[0m[2m:[0m parsed 4 headers
[2m2025-12-10T10:08:44.518685Z[0m [34mDEBUG[0m [2mhyper::proto::h1::conn[0m[2m:[0m incoming body is content-length (45 bytes)
[2m2025-12-10T10:08:44.518692Z[0m [34mDEBUG[0m [2mhyper::proto::h1::conn[0m[2m:[0m incoming body completed
[2m2025-12-10T10:08:44.518699Z[0m [34mDEBUG[0m [2mhyper::client::pool[0m[2m:[0m pooling idle connection for ("http", 192.168.0.14:8545)
[2m2025-12-10T10:08:44.524243Z[0m [34mDEBUG[0m [2mhyper::proto::h1::io[0m[2m:[0m parsed 4 headers
[2m2025-12-10T10:08:44.524251Z[0m [34mDEBUG[0m [2mhyper::proto::h1::conn[0m[2m:[0m incoming body is content-length (2393 bytes)
[2m2025-12-10T10:08:44.524258Z[0m [34mDEBUG[0m [2mhyper::proto::h1::conn[0m[2m:[0m incoming body completed
[2m2025-12-10T10:08:44.524267Z[0m [34mDEBUG[0m [2mhyper::client::pool[0m[2m:[0m pooling idle connection for ("http", 192.168.0.14:8545)
[2m2025-12-10T10:08:44.524273Z[0m [34mDEBUG[0m [2methereum_transaction_pool_monitor::eth_client[0m[2m:[0m 📡 Transaction fetch RPC completed in 10.299916ms
[2m2025-12-10T10:08:44.701612Z[0m [34mDEBUG[0m [2methereum_transaction_pool_monitor::eth_client[0m[2m:[0m ✅ Transaction 0x4e22257dffcf968d1a28d6a20187d8764e360a819430e0a9c23c21aea430e6c1 fetched and parsed in 187.634791ms
[2m2025-12-10T10:08:44.701642Z[0m [34mDEBUG[0m [2methereum_transaction_pool_monitor::mempool_monitor[0m[2m:[0m 🔍 Skipping tx 0x4e22257dffcf968d1a28d6a20187d8764e360a819430e0a9c23c21aea430e6c1 - not a DEX interaction (target: 0x66a9893cC07D91D95644AEDD05D03f95e1dBA8Af)
[2m2025-12-10T10:08:44.701654Z[0m [34mDEBUG[0m [2methereum_transaction_pool_monitor::mempool_monitor[0m[2m:[0m 📨 Processing new pending transaction: 0x50cdd2f63315473ee35186edf067993246c39c813f656466067f7eb3e8cbc39f
[2m2025-12-10T10:08:44.701661Z[0m [34mDEBUG[0m [2methereum_transaction_pool_monitor::mempool_monitor[0m[2m:[0m 🔍 Fetching transaction details for: 0x50cdd2f63315473ee35186edf067993246c39c813f656466067f7eb3e8cbc39f
[2m2025-12-10T10:08:44.701667Z[0m [34mDEBUG[0m [2methereum_transaction_pool_monitor::eth_client[0m[2m:[0m 🔍 Fetching transaction details for hash: 0x50cdd2f63315473ee35186edf067993246c39c813f656466067f7eb3e8cbc39f
[2m2025-12-10T10:08:44.701689Z[0m [34mDEBUG[0m [2mhyper::client::pool[0m[2m:[0m reuse idle connection for ("http", 192.168.0.14:8545)
[2m2025-12-10T10:08:44.701725Z[0m [34mDEBUG[0m [2mhyper::proto::h1::io[0m[2m:[0m flushed 250 bytes
[2m2025-12-10T10:08:44.701746Z[0m [34mDEBUG[0m [2mhyper::client::pool[0m[2m:[0m reuse idle connection for ("http", 192.168.0.14:8545)
[2m2025-12-10T10:08:44.701750Z[0m [34mDEBUG[0m [2methereum_transaction_pool_monitor::eth_client[0m[2m:[0m 📨 Received WebSocket message: {"jsonrpc":"2.0","method":"eth_subscription","params":{"subscription":"0xbed0a0851463e895960a451075a301a9","result":"0xa84ccaa49b8db3ad6fd8cb16fc9056a6b57837d341d270df3b0be5af2256defe"}}
[2m2025-12-10T10:08:44.701761Z[0m [34mDEBUG[0m [2mhyper::proto::h1::io[0m[2m:[0m flushed 172 bytes
[2m2025-12-10T10:08:44.701762Z[0m [34mDEBUG[0m [2methereum_transaction_pool_monitor::eth_client[0m[2m:[0m 📨 Received pending transaction: 0xa84ccaa49b8db3ad6fd8cb16fc9056a6b57837d341d270df3b0be5af2256defe
[2m2025-12-10T10:08:44.701774Z[0m [34mDEBUG[0m [2methereum_transaction_pool_monitor::eth_client[0m[2m:[0m 📨 Received WebSocket message: {"jsonrpc":"2.0","method":"eth_subscription","params":{"subscription":"0xbed0a0851463e895960a451075a301a9","result":"0xab93dc8891aea353f424166c7f806ab7082ae0387412756e81bed883b68e849a"}}
[2m2025-12-10T10:08:44.701779Z[0m [34mDEBUG[0m [2methereum_transaction_pool_monitor::eth_client[0m[2m:[0m 📨 Received pending transaction: 0xab93dc8891aea353f424166c7f806ab7082ae0387412756e81bed883b68e849a
[2m2025-12-10T10:08:44.706499Z[0m [34mDEBUG[0m [2mhyper::proto::h1::io[0m[2m:[0m parsed 4 headers
[2m2025-12-10T10:08:44.706517Z[0m [34mDEBUG[0m [2mhyper::proto::h1::conn[0m[2m:[0m incoming body is content-length (45 bytes)
[2m2025-12-10T10:08:44.706526Z[0m [34mDEBUG[0m [2mhyper::proto::h1::conn[0m[2m:[0m incoming body completed
[2m2025-12-10T10:08:44.706536Z[0m [34mDEBUG[0m [2mhyper::client::pool[0m[2m:[0m pooling idle connection for ("http", 192.168.0.14:8545)
[2m2025-12-10T10:08:44.706559Z[0m [34mDEBUG[0m [2mhyper::client::pool[0m[2m:[0m reuse idle connection for ("http", 192.168.0.14:8545)
[2m2025-12-10T10:08:44.706590Z[0m [34mDEBUG[0m [2mhyper::proto::h1::io[0m[2m:[0m flushed 172 bytes
[2m2025-12-10T10:08:44.707347Z[0m [34mDEBUG[0m [2mhyper::proto::h1::io[0m[2m:[0m parsed 4 headers
[2m2025-12-10T10:08:44.707354Z[0m [34mDEBUG[0m [2mhyper::proto::h1::conn[0m[2m:[0m incoming body is content-length (644 bytes)
[2m2025-12-10T10:08:44.707360Z[0m [34mDEBUG[0m [2mhyper::proto::h1::conn[0m[2m:[0m incoming body completed
[2m2025-12-10T10:08:44.707368Z[0m [34mDEBUG[0m [2mhyper::client::pool[0m[2m:[0m pooling idle connection for ("http", 192.168.0.14:8545)
[2m2025-12-10T10:08:44.707374Z[0m [34mDEBUG[0m [2methereum_transaction_pool_monitor::eth_client[0m[2m:[0m 📡 Transaction fetch RPC completed in 5.702292ms
[2m2025-12-10T10:08:44.779659Z[0m [34mDEBUG[0m [2methereum_transaction_pool_monitor::eth_client[0m[2m:[0m ✅ Transaction 0x50cdd2f63315473ee35186edf067993246c39c813f656466067f7eb3e8cbc39f fetched and parsed in 77.984959ms
[2m2025-12-10T10:08:44.779691Z[0m [34mDEBUG[0m [2methereum_transaction_pool_monitor::mempool_monitor[0m[2m:[0m 🔍 Skipping tx 0x50cdd2f63315473ee35186edf067993246c39c813f656466067f7eb3e8cbc39f - not a DEX interaction (target: 0x17E5545B11b468072283Cee1F066a059Fb0dbF24)
[2m2025-12-10T10:08:44.779705Z[0m [34mDEBUG[0m [2methereum_transaction_pool_monitor::mempool_monitor[0m[2m:[0m 📨 Processing new pending transaction: 0x4bb9e56b6c7ea82c46dcf7f9f8c6e61c5aa37fbfc0680ae0e23be9d8d74bea6f
[2m2025-12-10T10:08:44.779713Z[0m [34mDEBUG[0m [2methereum_transaction_pool_monitor::mempool_monitor[0m[2m:[0m 🔍 Fetching transaction details for: 0x4bb9e56b6c7ea82c46dcf7f9f8c6e61c5aa37fbfc0680ae0e23be9d8d74bea6f
[2m2025-12-10T10:08:44.779721Z[0m [34mDEBUG[0m [2methereum_transaction_pool_monitor::eth_client[0m[2m:[0m 🔍 Fetching transaction details for hash: 0x4bb9e56b6c7ea82c46dcf7f9f8c6e61c5aa37fbfc0680ae0e23be9d8d74bea6f
[2m2025-12-10T10:08:44.779743Z[0m [34mDEBUG[0m [2mhyper::client::pool[0m[2m:[0m reuse idle connection for ("http", 192.168.0.14:8545)
[2m2025-12-10T10:08:44.779802Z[0m [34mDEBUG[0m [2mhyper::proto::h1::io[0m[2m:[0m flushed 250 bytes
[2m2025-12-10T10:08:44.779826Z[0m [34mDEBUG[0m [2methereum_transaction_pool_monitor::eth_client[0m[2m:[0m 📨 Received WebSocket message: {"jsonrpc":"2.0","method":"eth_subscription","params":{"subscription":"0xbed0a0851463e895960a451075a301a9","result":"0x821f9da9e9038c03a7e84f58bf7db56529a0cccae84d7ce7bb345d56acfb40d3"}}
[2m2025-12-10T10:08:44.779836Z[0m [34mDEBUG[0m [2methereum_transaction_pool_monitor::eth_client[0m[2m:[0m 📨 Received pending transaction: 0x821f9da9e9038c03a7e84f58bf7db56529a0cccae84d7ce7bb345d56acfb40d3
[2m2025-12-10T10:08:44.779849Z[0m [34mDEBUG[0m [2mhyper::proto::h1::io[0m[2m:[0m parsed 4 headers
[2m2025-12-10T10:08:44.779853Z[0m [34mDEBUG[0m [2mhyper::proto::h1::conn[0m[2m:[0m incoming body is content-length (45 bytes)
[2m2025-12-10T10:08:44.779860Z[0m [34mDEBUG[0m [2mhyper::proto::h1::conn[0m[2m:[0m incoming body completed
[2m2025-12-10T10:08:44.779869Z[0m [34mDEBUG[0m [2mhyper::client::pool[0m[2m:[0m pooling idle connection for ("http", 192.168.0.14:8545)
[2m2025-12-10T10:08:44.784348Z[0m [34mDEBUG[0m [2mhyper::proto::h1::io[0m[2m:[0m parsed 4 headers
[2m2025-12-10T10:08:44.784355Z[0m [34mDEBUG[0m [2mhyper::proto::h1::conn[0m[2m:[0m incoming body is content-length (1731 bytes)
[2m2025-12-10T10:08:44.784361Z[0m [34mDEBUG[0m [2mhyper::proto::h1::conn[0m[2m:[0m incoming body completed
[2m2025-12-10T10:08:44.784367Z[0m [34mDEBUG[0m [2mhyper::client::pool[0m[2m:[0m pooling idle connection for ("http", 192.168.0.14:8545)
[2m2025-12-10T10:08:44.784373Z[0m [34mDEBUG[0m [2methereum_transaction_pool_monitor::eth_client[0m[2m:[0m 📡 Transaction fetch RPC completed in 4.6455ms
[2m2025-12-10T10:08:44.856462Z[0m [34mDEBUG[0m [2methereum_transaction_pool_monitor::eth_client[0m[2m:[0m ✅ Transaction 0x4bb9e56b6c7ea82c46dcf7f9f8c6e61c5aa37fbfc0680ae0e23be9d8d74bea6f fetched and parsed in 76.731958ms
[2m2025-12-10T10:08:44.856493Z[0m [34mDEBUG[0m [2methereum_transaction_pool_monitor::mempool_monitor[0m[2m:[0m 🔍 Skipping tx 0x4bb9e56b6c7ea82c46dcf7f9f8c6e61c5aa37fbfc0680ae0e23be9d8d74bea6f - not a DEX interaction (target: 0x601a2aD6CB5949f0529735254189Ba3194221EDF)
[2m2025-12-10T10:08:44.856503Z[0m [34mDEBUG[0m [2methereum_transaction_pool_monitor::mempool_monitor[0m[2m:[0m 📨 Processing new pending transaction: 0xe999aadae60c664b04d0b20b6319960875c3bc3bab5a34acf508151db413a1d2
[2m2025-12-10T10:08:44.856511Z[0m [34mDEBUG[0m [2methereum_transaction_pool_monitor::mempool_monitor[0m[2m:[0m 🔍 Fetching transaction details for: 0xe999aadae60c664b04d0b20b6319960875c3bc3bab5a34acf508151db413a1d2
[2m2025-12-10T10:08:44.856518Z[0m [34mDEBUG[0m [2methereum_transaction_pool_monitor::eth_client[0m[2m:[0m 🔍 Fetching transaction details for hash: 0xe999aadae60c664b04d0b20b6319960875c3bc3bab5a34acf508151db413a1d2
[2m2025-12-10T10:08:44.856542Z[0m [34mDEBUG[0m [2mhyper::client::pool[0m[2m:[0m reuse idle connection for ("http", 192.168.0.14:8545)
[2m2025-12-10T10:08:44.856593Z[0m [34mDEBUG[0m [2mhyper::proto::h1::io[0m[2m:[0m flushed 250 bytes
[2m2025-12-10T10:08:44.856625Z[0m [34mDEBUG[0m [2mhyper::client::pool[0m[2m:[0m reuse idle connection for ("http", 192.168.0.14:8545)
[2m2025-12-10T10:08:44.856640Z[0m [34mDEBUG[0m [2mhyper::proto::h1::io[0m[2m:[0m flushed 172 bytes
[2m2025-12-10T10:08:44.862247Z[0m [34mDEBUG[0m [2mhyper::proto::h1::io[0m[2m:[0m parsed 4 headers
[2m2025-12-10T10:08:44.862255Z[0m [34mDEBUG[0m [2mhyper::proto::h1::conn[0m[2m:[0m incoming body is content-length (45 bytes)
[2m2025-12-10T10:08:44.862266Z[0m [34mDEBUG[0m [2mhyper::proto::h1::conn[0m[2m:[0m incoming body completed
[2m2025-12-10T10:08:44.862276Z[0m [34mDEBUG[0m [2mhyper::client::pool[0m[2m:[0m pooling idle connection for ("http", 192.168.0.14:8545)
[2m2025-12-10T10:08:44.864254Z[0m [34mDEBUG[0m [2mhyper::proto::h1::io[0m[2m:[0m parsed 4 headers
[2m2025-12-10T10:08:44.864266Z[0m [34mDEBUG[0m [2mhyper::proto::h1::conn[0m[2m:[0m incoming body is content-length (1731 bytes)
[2m2025-12-10T10:08:44.864275Z[0m [34mDEBUG[0m [2mhyper::proto::h1::conn[0m[2m:[0m incoming body completed
[2m2025-12-10T10:08:44.864287Z[0m [34mDEBUG[0m [2mhyper::client::pool[0m[2m:[0m pooling idle connection for ("http", 192.168.0.14:8545)
[2m2025-12-10T10:08:44.864295Z[0m [34mDEBUG[0m [2methereum_transaction_pool_monitor::eth_client[0m[2m:[0m 📡 Transaction fetch RPC completed in 7.772834ms
[2m2025-12-10T10:08:44.935533Z[0m [34mDEBUG[0m [2methereum_transaction_pool_monitor::eth_client[0m[2m:[0m ✅ Transaction 0xe999aadae60c664b04d0b20b6319960875c3bc3bab5a34acf508151db413a1d2 fetched and parsed in 79.008209ms
[2m2025-12-10T10:08:44.935564Z[0m [34mDEBUG[0m [2methereum_transaction_pool_monitor::mempool_monitor[0m[2m:[0m 🔍 Skipping tx 0xe999aadae60c664b04d0b20b6319960875c3bc3bab5a34acf508151db413a1d2 - not a DEX interaction (target: 0x601a2aD6CB5949f0529735254189Ba3194221EDF)
[2m2025-12-10T10:08:44.935578Z[0m [34mDEBUG[0m [2methereum_transaction_pool_monitor::mempool_monitor[0m[2m:[0m 📨 Processing new pending transaction: 0x1fa46f0a5148bb3b2148962724f1011e76c049d73ca3e0a8f9b90af37c10d0c7
[2m2025-12-10T10:08:44.935591Z[0m [34mDEBUG[0m [2methereum_transaction_pool_monitor::mempool_monitor[0m[2m:[0m 🔍 Fetching transaction details for: 0x1fa46f0a5148bb3b2148962724f1011e76c049d73ca3e0a8f9b90af37c10d0c7
[2m2025-12-10T10:08:44.935596Z[0m [34mDEBUG[0m [2methereum_transaction_pool_monitor::eth_client[0m[2m:[0m 🔍 Fetching transaction details for hash: 0x1fa46f0a5148bb3b2148962724f1011e76c049d73ca3e0a8f9b90af37c10d0c7
[2m2025-12-10T10:08:44.935620Z[0m [34mDEBUG[0m [2mhyper::client::pool[0m[2m:[0m reuse idle connection for ("http", 192.168.0.14:8545)
[2m2025-12-10T10:08:44.935658Z[0m [34mDEBUG[0m [2mhyper::proto::h1::io[0m[2m:[0m flushed 250 bytes
[2m2025-12-10T10:08:44.935681Z[0m [34mDEBUG[0m [2mhyper::client::pool[0m[2m:[0m reuse idle connection for ("http", 192.168.0.14:8545)
[2m2025-12-10T10:08:44.935685Z[0m [34mDEBUG[0m [2methereum_transaction_pool_monitor::eth_client[0m[2m:[0m 📨 Received WebSocket message: {"jsonrpc":"2.0","method":"eth_subscription","params":{"subscription":"0xbed0a0851463e895960a451075a301a9","result":"0x34cb9ba70bc6d69ddc84dd68e2c8684fbdc25d3985cf03c2e97a4b0579fc1f3e"}}
[2m2025-12-10T10:08:44.935694Z[0m [34mDEBUG[0m [2mhyper::proto::h1::io[0m[2m:[0m flushed 172 bytes
[2m2025-12-10T10:08:44.935700Z[0m [34mDEBUG[0m [2methereum_transaction_pool_monitor::eth_client[0m[2m:[0m 📨 Received pending transaction: 0x34cb9ba70bc6d69ddc84dd68e2c8684fbdc25d3985cf03c2e97a4b0579fc1f3e
[2m2025-12-10T10:08:44.935708Z[0m [34mDEBUG[0m [2methereum_transaction_pool_monitor::eth_client[0m[2m:[0m 📨 Received WebSocket message: {"jsonrpc":"2.0","method":"eth_subscription","params":{"subscription":"0xbed0a0851463e895960a451075a301a9","result":"0xe0c3ca6cecec1183c02fd2e6bd45d7b26000e23cef1600889313c688cf404437"}}
[2m2025-12-10T10:08:44.935715Z[0m [34mDEBUG[0m [2methereum_transaction_pool_monitor::eth_client[0m[2m:[0m 📨 Received pending transaction: 0xe0c3ca6cecec1183c02fd2e6bd45d7b26000e23cef1600889313c688cf404437
[2m2025-12-10T10:08:44.943450Z[0m [34mDEBUG[0m [2mhyper::proto::h1::io[0m[2m:[0m parsed 4 headers
[2m2025-12-10T10:08:44.943465Z[0m [34mDEBUG[0m [2mhyper::proto::h1::conn[0m[2m:[0m incoming body is content-length (45 bytes)
[2m2025-12-10T10:08:44.943475Z[0m [34mDEBUG[0m [2mhyper::proto::h1::conn[0m[2m:[0m incoming body completed
[2m2025-12-10T10:08:44.943485Z[0m [34mDEBUG[0m [2mhyper::client::pool[0m[2m:[0m pooling idle connection for ("http", 192.168.0.14:8545)
[2m2025-12-10T10:08:44.943504Z[0m [34mDEBUG[0m [2mhyper::proto::h1::io[0m[2m:[0m parsed 4 headers
[2m2025-12-10T10:08:44.943508Z[0m [34mDEBUG[0m [2mhyper::proto::h1::conn[0m[2m:[0m incoming body is content-length (771 bytes)
[2m2025-12-10T10:08:44.943512Z[0m [34mDEBUG[0m [2mhyper::proto::h1::conn[0m[2m:[0m incoming body completed
[2m2025-12-10T10:08:44.943518Z[0m [34mDEBUG[0m [2mhyper::client::pool[0m[2m:[0m pooling idle connection for ("http", 192.168.0.14:8545)
[2m2025-12-10T10:08:44.943522Z[0m [34mDEBUG[0m [2methereum_transaction_pool_monitor::eth_client[0m[2m:[0m 📡 Transaction fetch RPC completed in 7.91775ms
[2m2025-12-10T10:08:45.014159Z[0m [34mDEBUG[0m [2methereum_transaction_pool_monitor::eth_client[0m[2m:[0m ✅ Transaction 0x1fa46f0a5148bb3b2148962724f1011e76c049d73ca3e0a8f9b90af37c10d0c7 fetched and parsed in 78.553041ms
[2m2025-12-10T10:08:45.014186Z[0m [34mDEBUG[0m [2methereum_transaction_pool_monitor::mempool_monitor[0m[2m:[0m 🔍 Skipping tx 0x1fa46f0a5148bb3b2148962724f1011e76c049d73ca3e0a8f9b90af37c10d0c7 - not a DEX interaction (target: 0xB8f28C60dD8240141185a192fa4156A23E189305)
[2m2025-12-10T10:08:45.014196Z[0m [34mDEBUG[0m [2methereum_transaction_pool_monitor::mempool_monitor[0m[2m:[0m 📨 Processing new pending transaction: 0xcfc8884413dd806d90f2454029b4e4a4d0db566db80f8dfb373be906c282fe29
[2m2025-12-10T10:08:45.014203Z[0m [34mDEBUG[0m [2methereum_transaction_pool_monitor::mempool_monitor[0m[2m:[0m 🔍 Fetching transaction details for: 0xcfc8884413dd806d90f2454029b4e4a4d0db566db80f8dfb373be906c282fe29
[2m2025-12-10T10:08:45.014209Z[0m [34mDEBUG[0m [2methereum_transaction_pool_monitor::eth_client[0m[2m:[0m 🔍 Fetching transaction details for hash: 0xcfc8884413dd806d90f2454029b4e4a4d0db566db80f8dfb373be906c282fe29
[2m2025-12-10T10:08:45.014228Z[0m [34mDEBUG[0m [2mhyper::client::pool[0m[2m:[0m reuse idle connection for ("http", 192.168.0.14:8545)
[2m2025-12-10T10:08:45.014269Z[0m [34mDEBUG[0m [2mhyper::proto::h1::io[0m[2m:[0m flushed 250 bytes
[2m2025-12-10T10:08:45.014289Z[0m [34mDEBUG[0m [2mhyper::client::pool[0m[2m:[0m reuse idle connection for ("http", 192.168.0.14:8545)
[2m2025-12-10T10:08:45.014297Z[0m [34mDEBUG[0m [2methereum_transaction_pool_monitor::eth_client[0m[2m:[0m 📨 Received WebSocket message: {"jsonrpc":"2.0","method":"eth_subscription","params":{"subscription":"0xbed0a0851463e895960a451075a301a9","result":"0xa2658eead16fe666941e0c1eda4777505cbe310304a5a5448e3b35c49875437a"}}
[2m2025-12-10T10:08:45.014306Z[0m [34mDEBUG[0m [2mhyper::proto::h1::io[0m[2m:[0m flushed 172 bytes
[2m2025-12-10T10:08:45.014308Z[0m [34mDEBUG[0m [2methereum_transaction_pool_monitor::eth_client[0m[2m:[0m 📨 Received pending transaction: 0xa2658eead16fe666941e0c1eda4777505cbe310304a5a5448e3b35c49875437a
[2m2025-12-10T10:08:45.020855Z[0m [34mDEBUG[0m [2mhyper::proto::h1::io[0m[2m:[0m parsed 4 headers
[2m2025-12-10T10:08:45.020883Z[0m [34mDEBUG[0m [2mhyper::proto::h1::conn[0m[2m:[0m incoming body is content-length (772 bytes)
[2m2025-12-10T10:08:45.020905Z[0m [34mDEBUG[0m [2mhyper::proto::h1::conn[0m[2m:[0m incoming body completed
[2m2025-12-10T10:08:45.020929Z[0m [34mDEBUG[0m [2mhyper::client::pool[0m[2m:[0m pooling idle connection for ("http", 192.168.0.14:8545)
[2m2025-12-10T10:08:45.020936Z[0m [34mDEBUG[0m [2methereum_transaction_pool_monitor::eth_client[0m[2m:[0m 📡 Transaction fetch RPC completed in 6.722417ms
[2m2025-12-10T10:08:45.020953Z[0m [34mDEBUG[0m [2methereum_transaction_pool_monitor::eth_client[0m[2m:[0m DeFi transaction detected - Address: 0xdac17f958d2ee523a2206206994597c13d831ec7, Type: Stablecoin, Value: 0 ETH, Gas: 0.77 Gwei
[2m2025-12-10T10:08:45.020967Z[0m [34mDEBUG[0m [2methereum_transaction_pool_monitor::eth_client[0m[2m:[0m ✅ Transaction 0xcfc8884413dd806d90f2454029b4e4a4d0db566db80f8dfb373be906c282fe29 fetched and parsed in 6.753167ms
[2m2025-12-10T10:08:45.020972Z[0m [34mDEBUG[0m [2methereum_transaction_pool_monitor::mempool_monitor[0m[2m:[0m 🔍 Skipping tx 0xcfc8884413dd806d90f2454029b4e4a4d0db566db80f8dfb373be906c282fe29 - not a DEX interaction (target: 0xdAC17F958D2ee523a2206206994597C13D831ec7)
[2m2025-12-10T10:08:45.020979Z[0m [34mDEBUG[0m [2methereum_transaction_pool_monitor::mempool_monitor[0m[2m:[0m 📨 Processing new pending transaction: 0x4843dfabcad8909e8146c262e64e2ffd4939b788cccc28bc6299342c678d4942
[2m2025-12-10T10:08:45.020983Z[0m [34mDEBUG[0m [2methereum_transaction_pool_monitor::mempool_monitor[0m[2m:[0m 🔍 Fetching transaction details for: 0x4843dfabcad8909e8146c262e64e2ffd4939b788cccc28bc6299342c678d4942
[2m2025-12-10T10:08:45.020986Z[0m [34mDEBUG[0m [2methereum_transaction_pool_monitor::eth_client[0m[2m:[0m 🔍 Fetching transaction details for hash: 0x4843dfabcad8909e8146c262e64e2ffd4939b788cccc28bc6299342c678d4942
[2m2025-12-10T10:08:45.020995Z[0m [34mDEBUG[0m [2mhyper::client::pool[0m[2m:[0m reuse idle connection for ("http", 192.168.0.14:8545)
[2m2025-12-10T10:08:45.021011Z[0m [34mDEBUG[0m [2mhyper::proto::h1::io[0m[2m:[0m flushed 250 bytes
[2m2025-12-10T10:08:45.021396Z[0m [34mDEBUG[0m [2mhyper::proto::h1::io[0m[2m:[0m parsed 4 headers
[2m2025-12-10T10:08:45.021405Z[0m [34mDEBUG[0m [2mhyper::proto::h1::conn[0m[2m:[0m incoming body is content-length (45 bytes)
[2m2025-12-10T10:08:45.021411Z[0m [34mDEBUG[0m [2mhyper::proto::h1::conn[0m[2m:[0m incoming body completed
[2m2025-12-10T10:08:45.021419Z[0m [34mDEBUG[0m [2mhyper::client::pool[0m[2m:[0m pooling idle connection for ("http", 192.168.0.14:8545)
[2m2025-12-10T10:08:45.035397Z[0m [34mDEBUG[0m [2mhyper::proto::h1::io[0m[2m:[0m parsed 4 headers
[2m2025-12-10T10:08:45.035430Z[0m [34mDEBUG[0m [2mhyper::proto::h1::conn[0m[2m:[0m incoming body is content-length (772 bytes)
[2m2025-12-10T10:08:45.035441Z[0m [34mDEBUG[0m [2mhyper::proto::h1::conn[0m[2m:[0m incoming body completed
[2m2025-12-10T10:08:45.035452Z[0m [34mDEBUG[0m [2mhyper::client::pool[0m[2m:[0m pooling idle connection for ("http", 192.168.0.14:8545)
[2m2025-12-10T10:08:45.035460Z[0m [34mDEBUG[0m [2methereum_transaction_pool_monitor::eth_client[0m[2m:[0m 📡 Transaction fetch RPC completed in 14.469459ms
[2m2025-12-10T10:08:45.035487Z[0m [34mDEBUG[0m [2methereum_transaction_pool_monitor::eth_client[0m[2m:[0m DeFi transaction detected - Address: 0xdac17f958d2ee523a2206206994597c13d831ec7, Type: Stablecoin, Value: 0 ETH, Gas: 12.00 Gwei
[2m2025-12-10T10:08:45.035497Z[0m [34mDEBUG[0m [2methereum_transaction_pool_monitor::eth_client[0m[2m:[0m ✅ Transaction 0x4843dfabcad8909e8146c262e64e2ffd4939b788cccc28bc6299342c678d4942 fetched and parsed in 14.506417ms
[2m2025-12-10T10:08:45.035503Z[0m [34mDEBUG[0m [2methereum_transaction_pool_monitor::mempool_monitor[0m[2m:[0m 🔍 Skipping tx 0x4843dfabcad8909e8146c262e64e2ffd4939b788cccc28bc6299342c678d4942 - not a DEX interaction (target: 0xdAC17F958D2ee523a2206206994597C13D831ec7)
[2m2025-12-10T10:08:45.035510Z[0m [34mDEBUG[0m [2methereum_transaction_pool_monitor::mempool_monitor[0m[2m:[0m 📨 Processing new pending transaction: 0x41fda871c47550fbb34d274c9b1a071751d41367e495338a70a4d59689365cc7
[2m2025-12-10T10:08:45.035513Z[0m [34mDEBUG[0m [2methereum_transaction_pool_monitor::mempool_monitor[0m[2m:[0m 🔍 Fetching transaction details for: 0x41fda871c47550fbb34d274c9b1a071751d41367e495338a70a4d59689365cc7
[2m2025-12-10T10:08:45.035517Z[0m [34mDEBUG[0m [2methereum_transaction_pool_monitor::eth_client[0m[2m:[0m 🔍 Fetching transaction details for hash: 0x41fda871c47550fbb34d274c9b1a071751d41367e495338a70a4d59689365cc7
[2m2025-12-10T10:08:45.035528Z[0m [34mDEBUG[0m [2mhyper::client::pool[0m[2m:[0m reuse idle connection for ("http", 192.168.0.14:8545)
[2m2025-12-10T10:08:45.035545Z[0m [34mDEBUG[0m [2mhyper::proto::h1::io[0m[2m:[0m flushed 250 bytes
[2m2025-12-10T10:08:45.043226Z[0m [34mDEBUG[0m [2mhyper::proto::h1::io[0m[2m:[0m parsed 4 headers
[2m2025-12-10T10:08:45.043251Z[0m [34mDEBUG[0m [2mhyper::proto::h1::conn[0m[2m:[0m incoming body is content-length (650 bytes)
[2m2025-12-10T10:08:45.043271Z[0m [34mDEBUG[0m [2mhyper::proto::h1::conn[0m[2m:[0m incoming body completed
[2m2025-12-10T10:08:45.043285Z[0m [34mDEBUG[0m [2mhyper::client::pool[0m[2m:[0m pooling idle connection for ("http", 192.168.0.14:8545)
[2m2025-12-10T10:08:45.043291Z[0m [34mDEBUG[0m [2methereum_transaction_pool_monitor::eth_client[0m[2m:[0m 📡 Transaction fetch RPC completed in 7.770625ms
[2m2025-12-10T10:08:45.114054Z[0m [34mDEBUG[0m [2methereum_transaction_pool_monitor::eth_client[0m[2m:[0m ✅ Transaction 0x41fda871c47550fbb34d274c9b1a071751d41367e495338a70a4d59689365cc7 fetched and parsed in 78.531ms
[2m2025-12-10T10:08:45.114086Z[0m [34mDEBUG[0m [2methereum_transaction_pool_monitor::mempool_monitor[0m[2m:[0m 🔍 Skipping tx 0x41fda871c47550fbb34d274c9b1a071751d41367e495338a70a4d59689365cc7 - not a DEX interaction (target: 0xab313Cce8Ddce83d94A2E7A45c58ead21c36953F)
[2m2025-12-10T10:08:45.114098Z[0m [34mDEBUG[0m [2methereum_transaction_pool_monitor::mempool_monitor[0m[2m:[0m 📨 Processing new pending transaction: 0x5ef511fe1f86537f00e206d79c765b2cee1843f1ef5f4d5f4455ac98f00825f1
[2m2025-12-10T10:08:45.114108Z[0m [34mDEBUG[0m [2methereum_transaction_pool_monitor::mempool_monitor[0m[2m:[0m 🔍 Fetching transaction details for: 0x5ef511fe1f86537f00e206d79c765b2cee1843f1ef5f4d5f4455ac98f00825f1
[2m2025-12-10T10:08:45.114118Z[0m [34mDEBUG[0m [2methereum_transaction_pool_monitor::eth_client[0m[2m:[0m 🔍 Fetching transaction details for hash: 0x5ef511fe1f86537f00e206d79c765b2cee1843f1ef5f4d5f4455ac98f00825f1
[2m2025-12-10T10:08:45.114138Z[0m [34mDEBUG[0m [2mhyper::client::pool[0m[2m:[0m reuse idle connection for ("http", 192.168.0.14:8545)
[2m2025-12-10T10:08:45.114183Z[0m [34mDEBUG[0m [2mhyper::proto::h1::io[0m[2m:[0m flushed 250 bytes
[2m2025-12-10T10:08:45.114213Z[0m [34mDEBUG[0m [2mhyper::client::pool[0m[2m:[0m reuse idle connection for ("http", 192.168.0.14:8545)
[2m2025-12-10T10:08:45.114232Z[0m [34mDEBUG[0m [2mhyper::proto::h1::io[0m[2m:[0m flushed 172 bytes
[2m2025-12-10T10:08:45.118203Z[0m [34mDEBUG[0m [2mhyper::proto::h1::io[0m[2m:[0m parsed 4 headers
[2m2025-12-10T10:08:45.118234Z[0m [34mDEBUG[0m [2mhyper::proto::h1::conn[0m[2m:[0m incoming body is content-length (45 bytes)
[2m2025-12-10T10:08:45.118257Z[0m [34mDEBUG[0m [2mhyper::proto::h1::conn[0m[2m:[0m incoming body completed
[2m2025-12-10T10:08:45.118280Z[0m [34mDEBUG[0m [2mhyper::client::pool[0m[2m:[0m pooling idle connection for ("http", 192.168.0.14:8545)
[2m2025-12-10T10:08:45.119766Z[0m [34mDEBUG[0m [2mhyper::proto::h1::io[0m[2m:[0m parsed 4 headers
[2m2025-12-10T10:08:45.119788Z[0m [34mDEBUG[0m [2mhyper::proto::h1::conn[0m[2m:[0m incoming body is content-length (832 bytes)
[2m2025-12-10T10:08:45.119822Z[0m [34mDEBUG[0m [2mhyper::proto::h1::conn[0m[2m:[0m incoming body completed
[2m2025-12-10T10:08:45.119831Z[0m [34mDEBUG[0m [2mhyper::client::pool[0m[2m:[0m pooling idle connection for ("http", 192.168.0.14:8545)
[2m2025-12-10T10:08:45.119837Z[0m [34mDEBUG[0m [2methereum_transaction_pool_monitor::eth_client[0m[2m:[0m 📡 Transaction fetch RPC completed in 5.715375ms
[2m2025-12-10T10:08:45.190653Z[0m [34mDEBUG[0m [2methereum_transaction_pool_monitor::eth_client[0m[2m:[0m ✅ Transaction 0x5ef511fe1f86537f00e206d79c765b2cee1843f1ef5f4d5f4455ac98f00825f1 fetched and parsed in 76.528333ms
[2m2025-12-10T10:08:45.190689Z[0m [34mDEBUG[0m [2methereum_transaction_pool_monitor::mempool_monitor[0m[2m:[0m 🔍 Skipping tx 0x5ef511fe1f86537f00e206d79c765b2cee1843f1ef5f4d5f4455ac98f00825f1 - not a DEX interaction (target: 0x3B4D794a66304F130a4Db8F2551B0070dfCf5ca7)
[2m2025-12-10T10:08:45.190704Z[0m [34mDEBUG[0m [2methereum_transaction_pool_monitor::mempool_monitor[0m[2m:[0m 📨 Processing new pending transaction: 0x65d2f6df31b09cf0da5535113bf64d4b8136b319f20d5df41876057fac40c28f
[2m2025-12-10T10:08:45.190713Z[0m [34mDEBUG[0m [2methereum_transaction_pool_monitor::mempool_monitor[0m[2m:[0m 🔍 Fetching transaction details for: 0x65d2f6df31b09cf0da5535113bf64d4b8136b319f20d5df41876057fac40c28f
[2m2025-12-10T10:08:45.190722Z[0m [34mDEBUG[0m [2methereum_transaction_pool_monitor::eth_client[0m[2m:[0m 🔍 Fetching transaction details for hash: 0x65d2f6df31b09cf0da5535113bf64d4b8136b319f20d5df41876057fac40c28f
[2m2025-12-10T10:08:45.190744Z[0m [34mDEBUG[0m [2mhyper::client::pool[0m[2m:[0m reuse idle connection for ("http", 192.168.0.14:8545)
[2m2025-12-10T10:08:45.190792Z[0m [34mDEBUG[0m [2mhyper::proto::h1::io[0m[2m:[0m flushed 250 bytes
[2m2025-12-10T10:08:45.196483Z[0m [34mDEBUG[0m [2mhyper::client::pool[0m[2m:[0m reuse idle connection for ("http", 192.168.0.14:8545)
[2m2025-12-10T10:08:45.196533Z[0m [34mDEBUG[0m [2mhyper::proto::h1::io[0m[2m:[0m flushed 172 bytes
[2m2025-12-10T10:08:45.199953Z[0m [34mDEBUG[0m [2mhyper::proto::h1::io[0m[2m:[0m parsed 4 headers
[2m2025-12-10T10:08:45.199975Z[0m [34mDEBUG[0m [2mhyper::proto::h1::conn[0m[2m:[0m incoming body is content-length (640 bytes)
[2m2025-12-10T10:08:45.200001Z[0m [34mDEBUG[0m [2mhyper::proto::h1::conn[0m[2m:[0m incoming body completed
[2m2025-12-10T10:08:45.200012Z[0m [34mDEBUG[0m [2mhyper::client::pool[0m[2m:[0m pooling idle connection for ("http", 192.168.0.14:8545)
[2m2025-12-10T10:08:45.200031Z[0m [34mDEBUG[0m [2methereum_transaction_pool_monitor::eth_client[0m[2m:[0m 📡 Transaction fetch RPC completed in 9.303417ms
[2m2025-12-10T10:08:45.270286Z[0m [34mDEBUG[0m [2methereum_transaction_pool_monitor::eth_client[0m[2m:[0m ✅ Transaction 0x65d2f6df31b09cf0da5535113bf64d4b8136b319f20d5df41876057fac40c28f fetched and parsed in 79.555459ms
[2m2025-12-10T10:08:45.270312Z[0m [34mDEBUG[0m [2methereum_transaction_pool_monitor::mempool_monitor[0m[2m:[0m 🔍 Skipping tx 0x65d2f6df31b09cf0da5535113bf64d4b8136b319f20d5df41876057fac40c28f - not a DEX interaction (target: 0x307576Dd4F73f91BB8c4A2EdB762938E8e067d31)
[2m2025-12-10T10:08:45.270323Z[0m [34mDEBUG[0m [2methereum_transaction_pool_monitor::mempool_monitor[0m[2m:[0m 📨 Processing new pending transaction: 0x3260f8a74cc6162a6105a2fc96a1208bacd4d5a74b9a638a125abbb98c63a211
[2m2025-12-10T10:08:45.270331Z[0m [34mDEBUG[0m [2methereum_transaction_pool_monitor::mempool_monitor[0m[2m:[0m 🔍 Fetching transaction details for: 0x3260f8a74cc6162a6105a2fc96a1208bacd4d5a74b9a638a125abbb98c63a211
[2m2025-12-10T10:08:45.270336Z[0m [34mDEBUG[0m [2methereum_transaction_pool_monitor::eth_client[0m[2m:[0m 🔍 Fetching transaction details for hash: 0x3260f8a74cc6162a6105a2fc96a1208bacd4d5a74b9a638a125abbb98c63a211
[2m2025-12-10T10:08:45.270358Z[0m [34mDEBUG[0m [2mhyper::client::pool[0m[2m:[0m reuse idle connection for ("http", 192.168.0.14:8545)
[2m2025-12-10T10:08:45.270401Z[0m [34mDEBUG[0m [2mhyper::proto::h1::io[0m[2m:[0m flushed 250 bytes
[2m2025-12-10T10:08:45.270419Z[0m [34mDEBUG[0m [2mhyper::proto::h1::io[0m[2m:[0m parsed 4 headers
[2m2025-12-10T10:08:45.270424Z[0m [34mDEBUG[0m [2mhyper::proto::h1::conn[0m[2m:[0m incoming body is content-length (45 bytes)
[2m2025-12-10T10:08:45.270431Z[0m [34mDEBUG[0m [2mhyper::proto::h1::conn[0m[2m:[0m incoming body completed
[2m2025-12-10T10:08:45.270438Z[0m [34mDEBUG[0m [2mhyper::client::pool[0m[2m:[0m pooling idle connection for ("http", 192.168.0.14:8545)
[2m2025-12-10T10:08:45.275730Z[0m [34mDEBUG[0m [2mhyper::proto::h1::io[0m[2m:[0m parsed 4 headers
[2m2025-12-10T10:08:45.275734Z[0m [34mDEBUG[0m [2mhyper::proto::h1::conn[0m[2m:[0m incoming body is content-length (773 bytes)
[2m2025-12-10T10:08:45.275739Z[0m [34mDEBUG[0m [2mhyper::proto::h1::conn[0m[2m:[0m incoming body completed
[2m2025-12-10T10:08:45.275744Z[0m [34mDEBUG[0m [2mhyper::client::pool[0m[2m:[0m pooling idle connection for ("http", 192.168.0.14:8545)
[2m2025-12-10T10:08:45.275749Z[0m [34mDEBUG[0m [2methereum_transaction_pool_monitor::eth_client[0m[2m:[0m 📡 Transaction fetch RPC completed in 5.405542ms
[2m2025-12-10T10:08:45.275760Z[0m [34mDEBUG[0m [2methereum_transaction_pool_monitor::eth_client[0m[2m:[0m DeFi transaction detected - Address: 0xdac17f958d2ee523a2206206994597c13d831ec7, Type: Stablecoin, Value: 0 ETH, Gas: 1.93 Gwei
[2m2025-12-10T10:08:45.275772Z[0m [34mDEBUG[0m [2methereum_transaction_pool_monitor::eth_client[0m[2m:[0m ✅ Transaction 0x3260f8a74cc6162a6105a2fc96a1208bacd4d5a74b9a638a125abbb98c63a211 fetched and parsed in 5.428083ms
[2m2025-12-10T10:08:45.275777Z[0m [34mDEBUG[0m [2methereum_transaction_pool_monitor::mempool_monitor[0m[2m:[0m 🔍 Skipping tx 0x3260f8a74cc6162a6105a2fc96a1208bacd4d5a74b9a638a125abbb98c63a211 - not a DEX interaction (target: 0xdAC17F958D2ee523a2206206994597C13D831ec7)
[2m2025-12-10T10:08:45.275782Z[0m [34mDEBUG[0m [2methereum_transaction_pool_monitor::mempool_monitor[0m[2m:[0m 📨 Processing new pending transaction: 0xfbf184127862659dd37be20311a6fcb4069f53f988e446e3305257a01d856c94
[2m2025-12-10T10:08:45.275786Z[0m [34mDEBUG[0m [2methereum_transaction_pool_monitor::mempool_monitor[0m[2m:[0m 🔍 Fetching transaction details for: 0xfbf184127862659dd37be20311a6fcb4069f53f988e446e3305257a01d856c94
[2m2025-12-10T10:08:45.275790Z[0m [34mDEBUG[0m [2methereum_transaction_pool_monitor::eth_client[0m[2m:[0m 🔍 Fetching transaction details for hash: 0xfbf184127862659dd37be20311a6fcb4069f53f988e446e3305257a01d856c94
[2m2025-12-10T10:08:45.275799Z[0m [34mDEBUG[0m [2mhyper::client::pool[0m[2m:[0m reuse idle connection for ("http", 192.168.0.14:8545)
[2m2025-12-10T10:08:45.275811Z[0m [34mDEBUG[0m [2mhyper::proto::h1::io[0m[2m:[0m flushed 250 bytes
[2m2025-12-10T10:08:45.280201Z[0m [34mDEBUG[0m [2mhyper::proto::h1::io[0m[2m:[0m parsed 4 headers
[2m2025-12-10T10:08:45.280222Z[0m [34mDEBUG[0m [2mhyper::proto::h1::conn[0m[2m:[0m incoming body is content-length (831 bytes)
[2m2025-12-10T10:08:45.280240Z[0m [34mDEBUG[0m [2mhyper::proto::h1::conn[0m[2m:[0m incoming body completed
[2m2025-12-10T10:08:45.280260Z[0m [34mDEBUG[0m [2mhyper::client::pool[0m[2m:[0m pooling idle connection for ("http", 192.168.0.14:8545)
[2m2025-12-10T10:08:45.280266Z[0m [34mDEBUG[0m [2methereum_transaction_pool_monitor::eth_client[0m[2m:[0m 📡 Transaction fetch RPC completed in 4.472834ms
[2m2025-12-10T10:08:45.350406Z[0m [34mDEBUG[0m [2methereum_transaction_pool_monitor::eth_client[0m[2m:[0m ✅ Transaction 0xfbf184127862659dd37be20311a6fcb4069f53f988e446e3305257a01d856c94 fetched and parsed in 74.61ms
[2m2025-12-10T10:08:45.350436Z[0m [34mDEBUG[0m [2methereum_transaction_pool_monitor::mempool_monitor[0m[2m:[0m 🔍 Skipping tx 0xfbf184127862659dd37be20311a6fcb4069f53f988e446e3305257a01d856c94 - not a DEX interaction (target: 0x3B4D794a66304F130a4Db8F2551B0070dfCf5ca7)
[2m2025-12-10T10:08:45.350446Z[0m [34mDEBUG[0m [2methereum_transaction_pool_monitor::mempool_monitor[0m[2m:[0m 📨 Processing new pending transaction: 0x822c61cfdb76f0ff95534f052f02c0602ee3adf736a3ca9fbce7675d8f4981e4
[2m2025-12-10T10:08:45.350461Z[0m [34mDEBUG[0m [2methereum_transaction_pool_monitor::mempool_monitor[0m[2m:[0m 🔍 Fetching transaction details for: 0x822c61cfdb76f0ff95534f052f02c0602ee3adf736a3ca9fbce7675d8f4981e4
[2m2025-12-10T10:08:45.350469Z[0m [34mDEBUG[0m [2methereum_transaction_pool_monitor::eth_client[0m[2m:[0m 🔍 Fetching transaction details for hash: 0x822c61cfdb76f0ff95534f052f02c0602ee3adf736a3ca9fbce7675d8f4981e4
[2m2025-12-10T10:08:45.350489Z[0m [34mDEBUG[0m [2mhyper::client::pool[0m[2m:[0m reuse idle connection for ("http", 192.168.0.14:8545)
[2m2025-12-10T10:08:45.350527Z[0m [34mDEBUG[0m [2mhyper::proto::h1::io[0m[2m:[0m flushed 250 bytes
[2m2025-12-10T10:08:45.350550Z[0m [34mDEBUG[0m [2mhyper::client::pool[0m[2m:[0m reuse idle connection for ("http", 192.168.0.14:8545)
[2m2025-12-10T10:08:45.350556Z[0m [34mDEBUG[0m [2methereum_transaction_pool_monitor::eth_client[0m[2m:[0m 📨 Received WebSocket message: {"jsonrpc":"2.0","method":"eth_subscription","params":{"subscription":"0xbed0a0851463e895960a451075a301a9","result":"0x72a26d99916f8504f540597b9972765bae394c86f23e089e9f8960882ac4fab0"}}
[2m2025-12-10T10:08:45.350564Z[0m [34mDEBUG[0m [2mhyper::proto::h1::io[0m[2m:[0m flushed 172 bytes
[2m2025-12-10T10:08:45.350567Z[0m [34mDEBUG[0m [2methereum_transaction_pool_monitor::eth_client[0m[2m:[0m 📨 Received pending transaction: 0x72a26d99916f8504f540597b9972765bae394c86f23e089e9f8960882ac4fab0
[2m2025-12-10T10:08:45.352444Z[0m [34mDEBUG[0m [2methereum_transaction_pool_monitor::eth_client[0m[2m:[0m 📨 Received WebSocket message: {"jsonrpc":"2.0","method":"eth_subscription","params":{"subscription":"0xbed0a0851463e895960a451075a301a9","result":"0xb76ced48056e0226da318c2aea475ff4c81b71d04fdb0fb9cbabeedc0ef4d889"}}
[2m2025-12-10T10:08:45.352452Z[0m [34mDEBUG[0m [2methereum_transaction_pool_monitor::eth_client[0m[2m:[0m 📨 Received pending transaction: 0xb76ced48056e0226da318c2aea475ff4c81b71d04fdb0fb9cbabeedc0ef4d889
[2m2025-12-10T10:08:45.355034Z[0m [34mDEBUG[0m [2mhyper::proto::h1::io[0m[2m:[0m parsed 4 headers
[2m2025-12-10T10:08:45.355056Z[0m [34mDEBUG[0m [2mhyper::proto::h1::conn[0m[2m:[0m incoming body is content-length (45 bytes)
[2m2025-12-10T10:08:45.355078Z[0m [34mDEBUG[0m [2mhyper::proto::h1::conn[0m[2m:[0m incoming body completed
[2m2025-12-10T10:08:45.355099Z[0m [34mDEBUG[0m [2mhyper::client::pool[0m[2m:[0m pooling idle connection for ("http", 192.168.0.14:8545)
[2m2025-12-10T10:08:45.359377Z[0m [34mDEBUG[0m [2mhyper::proto::h1::io[0m[2m:[0m parsed 4 headers
[2m2025-12-10T10:08:45.359394Z[0m [34mDEBUG[0m [2mhyper::proto::h1::conn[0m[2m:[0m incoming body is content-length (772 bytes)
[2m2025-12-10T10:08:45.359398Z[0m [34mDEBUG[0m [2mhyper::proto::h1::conn[0m[2m:[0m incoming body completed
[2m2025-12-10T10:08:45.359405Z[0m [34mDEBUG[0m [2mhyper::client::pool[0m[2m:[0m pooling idle connection for ("http", 192.168.0.14:8545)
[2m2025-12-10T10:08:45.359411Z[0m [34mDEBUG[0m [2methereum_transaction_pool_monitor::eth_client[0m[2m:[0m 📡 Transaction fetch RPC completed in 8.935416ms
[2m2025-12-10T10:08:45.359427Z[0m [34mDEBUG[0m [2methereum_transaction_pool_monitor::eth_client[0m[2m:[0m DeFi transaction detected - Address: 0x95ad61b0a150d79219dcf64e1e6cc01f0b64c4ce, Type: TokenContract, Value: 0 ETH, Gas: 0.30 Gwei
[2m2025-12-10T10:08:45.359440Z[0m [34mDEBUG[0m [2methereum_transaction_pool_monitor::eth_client[0m[2m:[0m ✅ Transaction 0x822c61cfdb76f0ff95534f052f02c0602ee3adf736a3ca9fbce7675d8f4981e4 fetched and parsed in 8.964666ms
[2m2025-12-10T10:08:45.359446Z[0m [34mDEBUG[0m [2methereum_transaction_pool_monitor::mempool_monitor[0m[2m:[0m 🔍 Skipping tx 0x822c61cfdb76f0ff95534f052f02c0602ee3adf736a3ca9fbce7675d8f4981e4 - not a DEX interaction (target: 0x95aD61b0a150d79219dCF64E1E6Cc01f0B64C4cE)
[2m2025-12-10T10:08:45.359453Z[0m [34mDEBUG[0m [2methereum_transaction_pool_monitor::mempool_monitor[0m[2m:[0m 📨 Processing new pending transaction: 0xcad593d431e3100d7aadf6d11b43562cb2daddb1dd525f78582a41ec291ee066
[2m2025-12-10T10:08:45.359457Z[0m [34mDEBUG[0m [2methereum_transaction_pool_monitor::mempool_monitor[0m[2m:[0m 🔍 Fetching transaction details for: 0xcad593d431e3100d7aadf6d11b43562cb2daddb1dd525f78582a41ec291ee066
[2m2025-12-10T10:08:45.359462Z[0m [34mDEBUG[0m [2methereum_transaction_pool_monitor::eth_client[0m[2m:[0m 🔍 Fetching transaction details for hash: 0xcad593d431e3100d7aadf6d11b43562cb2daddb1dd525f78582a41ec291ee066
[2m2025-12-10T10:08:45.359471Z[0m [34mDEBUG[0m [2mhyper::client::pool[0m[2m:[0m reuse idle connection for ("http", 192.168.0.14:8545)
[2m2025-12-10T10:08:45.359488Z[0m [34mDEBUG[0m [2mhyper::proto::h1::io[0m[2m:[0m flushed 250 bytes
[2m2025-12-10T10:08:45.364744Z[0m [34mDEBUG[0m [2mhyper::proto::h1::io[0m[2m:[0m parsed 4 headers
[2m2025-12-10T10:08:45.364751Z[0m [34mDEBUG[0m [2mhyper::proto::h1::conn[0m[2m:[0m incoming body is content-length (1731 bytes)
[2m2025-12-10T10:08:45.364757Z[0m [34mDEBUG[0m [2mhyper::proto::h1::conn[0m[2m:[0m incoming body completed
[2m2025-12-10T10:08:45.364762Z[0m [34mDEBUG[0m [2mhyper::client::pool[0m[2m:[0m pooling idle connection for ("http", 192.168.0.14:8545)
[2m2025-12-10T10:08:45.364766Z[0m [34mDEBUG[0m [2methereum_transaction_pool_monitor::eth_client[0m[2m:[0m 📡 Transaction fetch RPC completed in 5.300792ms
[2m2025-12-10T10:08:45.435776Z[0m [34mDEBUG[0m [2methereum_transaction_pool_monitor::eth_client[0m[2m:[0m ✅ Transaction 0xcad593d431e3100d7aadf6d11b43562cb2daddb1dd525f78582a41ec291ee066 fetched and parsed in 76.307959ms
[2m2025-12-10T10:08:45.435801Z[0m [34mDEBUG[0m [2methereum_transaction_pool_monitor::mempool_monitor[0m[2m:[0m 🔍 Skipping tx 0xcad593d431e3100d7aadf6d11b43562cb2daddb1dd525f78582a41ec291ee066 - not a DEX interaction (target: 0x601a2aD6CB5949f0529735254189Ba3194221EDF)
[2m2025-12-10T10:08:45.435811Z[0m [34mDEBUG[0m [2methereum_transaction_pool_monitor::mempool_monitor[0m[2m:[0m 📨 Processing new pending transaction: 0xb01a2e51c00ecee138de54a4dae2a4643e68df23a80ce884991b86b1e320e2e5
[2m2025-12-10T10:08:45.435818Z[0m [34mDEBUG[0m [2methereum_transaction_pool_monitor::mempool_monitor[0m[2m:[0m 🔍 Fetching transaction details for: 0xb01a2e51c00ecee138de54a4dae2a4643e68df23a80ce884991b86b1e320e2e5
[2m2025-12-10T10:08:45.435823Z[0m [34mDEBUG[0m [2methereum_transaction_pool_monitor::eth_client[0m[2m:[0m 🔍 Fetching transaction details for hash: 0xb01a2e51c00ecee138de54a4dae2a4643e68df23a80ce884991b86b1e320e2e5
[2m2025-12-10T10:08:45.435840Z[0m [34mDEBUG[0m [2mhyper::client::pool[0m[2m:[0m reuse idle connection for ("http", 192.168.0.14:8545)
[2m2025-12-10T10:08:45.435881Z[0m [34mDEBUG[0m [2mhyper::proto::h1::io[0m[2m:[0m flushed 250 bytes
[2m2025-12-10T10:08:45.435901Z[0m [34mDEBUG[0m [2mhyper::client::pool[0m[2m:[0m reuse idle connection for ("http", 192.168.0.14:8545)
[2m2025-12-10T10:08:45.435909Z[0m [34mDEBUG[0m [2methereum_transaction_pool_monitor::eth_client[0m[2m:[0m 📨 Received WebSocket message: {"jsonrpc":"2.0","method":"eth_subscription","params":{"subscription":"0xbed0a0851463e895960a451075a301a9","result":"0x79610420735492916661db28c8ce9c5fd85f92d3f7aef80a0fefc4c917c11b25"}}
[2m2025-12-10T10:08:45.435915Z[0m [34mDEBUG[0m [2mhyper::proto::h1::io[0m[2m:[0m flushed 172 bytes
[2m2025-12-10T10:08:45.435922Z[0m [34mDEBUG[0m [2methereum_transaction_pool_monitor::eth_client[0m[2m:[0m 📨 Received pending transaction: 0x79610420735492916661db28c8ce9c5fd85f92d3f7aef80a0fefc4c917c11b25
[2m2025-12-10T10:08:45.444225Z[0m [34mDEBUG[0m [2mhyper::proto::h1::io[0m[2m:[0m parsed 4 headers
[2m2025-12-10T10:08:45.444232Z[0m [34mDEBUG[0m [2mhyper::proto::h1::conn[0m[2m:[0m incoming body is content-length (770 bytes)
[2m2025-12-10T10:08:45.444240Z[0m [34mDEBUG[0m [2mhyper::proto::h1::conn[0m[2m:[0m incoming body completed
[2m2025-12-10T10:08:45.444247Z[0m [34mDEBUG[0m [2mhyper::client::pool[0m[2m:[0m pooling idle connection for ("http", 192.168.0.14:8545)
[2m2025-12-10T10:08:45.444254Z[0m [34mDEBUG[0m [2methereum_transaction_pool_monitor::eth_client[0m[2m:[0m 📡 Transaction fetch RPC completed in 8.425584ms
[2m2025-12-10T10:08:45.510143Z[0m [34mDEBUG[0m [2methereum_transaction_pool_monitor::eth_client[0m[2m:[0m ✅ Transaction 0xb01a2e51c00ecee138de54a4dae2a4643e68df23a80ce884991b86b1e320e2e5 fetched and parsed in 74.312584ms
[2m2025-12-10T10:08:45.510160Z[0m [34mDEBUG[0m [2methereum_transaction_pool_monitor::mempool_monitor[0m[2m:[0m 🔍 Skipping tx 0xb01a2e51c00ecee138de54a4dae2a4643e68df23a80ce884991b86b1e320e2e5 - not a DEX interaction (target: 0x8248270620Aa532E4d64316017bE5E873E37cc09)
[2m2025-12-10T10:08:45.510169Z[0m [34mDEBUG[0m [2methereum_transaction_pool_monitor::mempool_monitor[0m[2m:[0m 📨 Processing new pending transaction: 0x49f74da1d2e7a92412e414c8f48a6b1a0c20e19a305c526ce02a938fee69faba
[2m2025-12-10T10:08:45.510174Z[0m [34mDEBUG[0m [2methereum_transaction_pool_monitor::mempool_monitor[0m[2m:[0m 🔍 Fetching transaction details for: 0x49f74da1d2e7a92412e414c8f48a6b1a0c20e19a305c526ce02a938fee69faba
[2m2025-12-10T10:08:45.510179Z[0m [34mDEBUG[0m [2methereum_transaction_pool_monitor::eth_client[0m[2m:[0m 🔍 Fetching transaction details for hash: 0x49f74da1d2e7a92412e414c8f48a6b1a0c20e19a305c526ce02a938fee69faba
[2m2025-12-10T10:08:45.510197Z[0m [34mDEBUG[0m [2mhyper::client::pool[0m[2m:[0m reuse idle connection for ("http", 192.168.0.14:8545)
[2m2025-12-10T10:08:45.510227Z[0m [34mDEBUG[0m [2mhyper::proto::h1::io[0m[2m:[0m flushed 250 bytes
[2m2025-12-10T10:08:45.510244Z[0m [34mDEBUG[0m [2methereum_transaction_pool_monitor::eth_client[0m[2m:[0m 📨 Received WebSocket message: {"jsonrpc":"2.0","method":"eth_subscription","params":{"subscription":"0xbed0a0851463e895960a451075a301a9","result":"0xe17a6227b2a04f41a5d984fa2c1d6dd18a6375f4381b81e9d24c34f7cb421bcf"}}
[2m2025-12-10T10:08:45.510252Z[0m [34mDEBUG[0m [2methereum_transaction_pool_monitor::eth_client[0m[2m:[0m 📨 Received pending transaction: 0xe17a6227b2a04f41a5d984fa2c1d6dd18a6375f4381b81e9d24c34f7cb421bcf
[2m2025-12-10T10:08:45.510254Z[0m [34mDEBUG[0m [2mhyper::proto::h1::io[0m[2m:[0m parsed 4 headers
[2m2025-12-10T10:08:45.510267Z[0m [34mDEBUG[0m [2mhyper::proto::h1::conn[0m[2m:[0m incoming body is content-length (45 bytes)
[2m2025-12-10T10:08:45.510274Z[0m [34mDEBUG[0m [2mhyper::proto::h1::conn[0m[2m:[0m incoming body completed
[2m2025-12-10T10:08:45.510283Z[0m [34mDEBUG[0m [2mhyper::client::pool[0m[2m:[0m pooling idle connection for ("http", 192.168.0.14:8545)
[2m2025-12-10T10:08:45.510295Z[0m [34mDEBUG[0m [2mhyper::client::pool[0m[2m:[0m reuse idle connection for ("http", 192.168.0.14:8545)
[2m2025-12-10T10:08:45.510308Z[0m [34mDEBUG[0m [2mhyper::proto::h1::io[0m[2m:[0m flushed 172 bytes
[2m2025-12-10T10:08:45.516195Z[0m [34mDEBUG[0m [2mhyper::proto::h1::io[0m[2m:[0m parsed 4 headers
[2m2025-12-10T10:08:45.516202Z[0m [34mDEBUG[0m [2mhyper::proto::h1::conn[0m[2m:[0m incoming body is content-length (553 bytes)
[2m2025-12-10T10:08:45.516208Z[0m [34mDEBUG[0m [2mhyper::proto::h1::conn[0m[2m:[0m incoming body completed
[2m2025-12-10T10:08:45.516215Z[0m [34mDEBUG[0m [2mhyper::client::pool[0m[2m:[0m pooling idle connection for ("http", 192.168.0.14:8545)
[2m2025-12-10T10:08:45.516222Z[0m [34mDEBUG[0m [2methereum_transaction_pool_monitor::eth_client[0m[2m:[0m 📡 Transaction fetch RPC completed in 6.039125ms
[2m2025-12-10T10:08:45.583528Z[0m [34mDEBUG[0m [2methereum_transaction_pool_monitor::eth_client[0m[2m:[0m ✅ Transaction 0x49f74da1d2e7a92412e414c8f48a6b1a0c20e19a305c526ce02a938fee69faba fetched and parsed in 73.34275ms
[2m2025-12-10T10:08:45.583549Z[0m [34mDEBUG[0m [2methereum_transaction_pool_monitor::mempool_monitor[0m[2m:[0m 🔍 Skipping tx 0x49f74da1d2e7a92412e414c8f48a6b1a0c20e19a305c526ce02a938fee69faba - not a DEX interaction (target: 0xe9A911B75ff5BB6e7B41A045B4d3ceEDb6101381)
[2m2025-12-10T10:08:45.583559Z[0m [34mDEBUG[0m [2methereum_transaction_pool_monitor::mempool_monitor[0m[2m:[0m 📨 Processing new pending transaction: 0x83adb6147b9c52b598ca176964349ed969adaee332e08dea30da04f7ef799993
[2m2025-12-10T10:08:45.583567Z[0m [34mDEBUG[0m [2methereum_transaction_pool_monitor::mempool_monitor[0m[2m:[0m 🔍 Fetching transaction details for: 0x83adb6147b9c52b598ca176964349ed969adaee332e08dea30da04f7ef799993
[2m2025-12-10T10:08:45.583573Z[0m [34mDEBUG[0m [2methereum_transaction_pool_monitor::eth_client[0m[2m:[0m 🔍 Fetching transaction details for hash: 0x83adb6147b9c52b598ca176964349ed969adaee332e08dea30da04f7ef799993
[2m2025-12-10T10:08:45.583592Z[0m [34mDEBUG[0m [2mhyper::client::pool[0m[2m:[0m reuse idle connection for ("http", 192.168.0.14:8545)
[2m2025-12-10T10:08:45.583631Z[0m [34mDEBUG[0m [2mhyper::proto::h1::io[0m[2m:[0m flushed 250 bytes
[2m2025-12-10T10:08:45.583647Z[0m [34mDEBUG[0m [2mhyper::proto::h1::io[0m[2m:[0m parsed 4 headers
[2m2025-12-10T10:08:45.583652Z[0m [34mDEBUG[0m [2mhyper::proto::h1::conn[0m[2m:[0m incoming body is content-length (45 bytes)
[2m2025-12-10T10:08:45.583660Z[0m [34mDEBUG[0m [2mhyper::proto::h1::conn[0m[2m:[0m incoming body completed
[2m2025-12-10T10:08:45.583669Z[0m [34mDEBUG[0m [2mhyper::client::pool[0m[2m:[0m pooling idle connection for ("http", 192.168.0.14:8545)
[2m2025-12-10T10:08:45.594706Z[0m [34mDEBUG[0m [2mhyper::proto::h1::io[0m[2m:[0m parsed 4 headers
[2m2025-12-10T10:08:45.594714Z[0m [34mDEBUG[0m [2mhyper::proto::h1::conn[0m[2m:[0m incoming body is content-length (675 bytes)
[2m2025-12-10T10:08:45.594721Z[0m [34mDEBUG[0m [2mhyper::proto::h1::conn[0m[2m:[0m incoming body completed
[2m2025-12-10T10:08:45.594728Z[0m [34mDEBUG[0m [2mhyper::client::pool[0m[2m:[0m pooling idle connection for ("http", 192.168.0.14:8545)
[2m2025-12-10T10:08:45.594734Z[0m [34mDEBUG[0m [2methereum_transaction_pool_monitor::eth_client[0m[2m:[0m 📡 Transaction fetch RPC completed in 11.156583ms
[2m2025-12-10T10:08:45.664655Z[0m [34mDEBUG[0m [2methereum_transaction_pool_monitor::eth_client[0m[2m:[0m ✅ Transaction 0x83adb6147b9c52b598ca176964349ed969adaee332e08dea30da04f7ef799993 fetched and parsed in 81.074667ms
[2m2025-12-10T10:08:45.664686Z[0m [34mDEBUG[0m [2methereum_transaction_pool_monitor::mempool_monitor[0m[2m:[0m 🔍 Skipping tx 0x83adb6147b9c52b598ca176964349ed969adaee332e08dea30da04f7ef799993 - not a DEX interaction (target: 0xA0b86991c6218b36c1d19D4a2e9Eb0cE3606eB48)
[2m2025-12-10T10:08:45.664698Z[0m [34mDEBUG[0m [2methereum_transaction_pool_monitor::mempool_monitor[0m[2m:[0m 📨 Processing new pending transaction: 0xb0a63473d5dab85f60ced450d34dda7364fcde337901b1f3b30d3e9fcdbb5137
[2m2025-12-10T10:08:45.664711Z[0m [34mDEBUG[0m [2methereum_transaction_pool_monitor::mempool_monitor[0m[2m:[0m 🔍 Fetching transaction details for: 0xb0a63473d5dab85f60ced450d34dda7364fcde337901b1f3b30d3e9fcdbb5137
[2m2025-12-10T10:08:45.664717Z[0m [34mDEBUG[0m [2methereum_transaction_pool_monitor::eth_client[0m[2m:[0m 🔍 Fetching transaction details for hash: 0xb0a63473d5dab85f60ced450d34dda7364fcde337901b1f3b30d3e9fcdbb5137
[2m2025-12-10T10:08:45.664740Z[0m [34mDEBUG[0m [2mhyper::client::pool[0m[2m:[0m reuse idle connection for ("http", 192.168.0.14:8545)
[2m2025-12-10T10:08:45.664788Z[0m [34mDEBUG[0m [2mhyper::proto::h1::io[0m[2m:[0m flushed 250 bytes
[2m2025-12-10T10:08:45.664811Z[0m [34mDEBUG[0m [2mhyper::client::pool[0m[2m:[0m reuse idle connection for ("http", 192.168.0.14:8545)
[2m2025-12-10T10:08:45.664818Z[0m [34mDEBUG[0m [2methereum_transaction_pool_monitor::eth_client[0m[2m:[0m 📨 Received WebSocket message: {"jsonrpc":"2.0","method":"eth_subscription","params":{"subscription":"0xbed0a0851463e895960a451075a301a9","result":"0x24d29ec16419682678934c66041a58951d92fbcdd063e3cb6145cb525d5f3fe3"}}
[2m2025-12-10T10:08:45.664824Z[0m [34mDEBUG[0m [2mhyper::proto::h1::io[0m[2m:[0m flushed 172 bytes
[2m2025-12-10T10:08:45.664830Z[0m [34mDEBUG[0m [2methereum_transaction_pool_monitor::eth_client[0m[2m:[0m 📨 Received pending transaction: 0x24d29ec16419682678934c66041a58951d92fbcdd063e3cb6145cb525d5f3fe3
[2m2025-12-10T10:08:45.664839Z[0m [34mDEBUG[0m [2methereum_transaction_pool_monitor::eth_client[0m[2m:[0m 📨 Received WebSocket message: {"jsonrpc":"2.0","method":"eth_subscription","params":{"subscription":"0xbed0a0851463e895960a451075a301a9","result":"0xb4e06945a6a483e0d93b5c18c841bcd8d9f3ce086a5857c9474c2ebbebf576c3"}}
[2m2025-12-10T10:08:45.664846Z[0m [34mDEBUG[0m [2methereum_transaction_pool_monitor::eth_client[0m[2m:[0m 📨 Received pending transaction: 0xb4e06945a6a483e0d93b5c18c841bcd8d9f3ce086a5857c9474c2ebbebf576c3
[2m2025-12-10T10:08:45.669044Z[0m [34mDEBUG[0m [2mhyper::proto::h1::io[0m[2m:[0m parsed 4 headers
[2m2025-12-10T10:08:45.669077Z[0m [34mDEBUG[0m [2mhyper::proto::h1::conn[0m[2m:[0m incoming body is content-length (676 bytes)
[2m2025-12-10T10:08:45.669104Z[0m [34mDEBUG[0m [2mhyper::proto::h1::conn[0m[2m:[0m incoming body completed
[2m2025-12-10T10:08:45.669115Z[0m [34mDEBUG[0m [2mhyper::client::pool[0m[2m:[0m pooling idle connection for ("http", 192.168.0.14:8545)
[2m2025-12-10T10:08:45.669121Z[0m [34mDEBUG[0m [2methereum_transaction_pool_monitor::eth_client[0m[2m:[0m 📡 Transaction fetch RPC completed in 4.395833ms
[2m2025-12-10T10:08:45.739756Z[0m [34mDEBUG[0m [2methereum_transaction_pool_monitor::eth_client[0m[2m:[0m ✅ Transaction 0xb0a63473d5dab85f60ced450d34dda7364fcde337901b1f3b30d3e9fcdbb5137 fetched and parsed in 75.028791ms
[2m2025-12-10T10:08:45.739785Z[0m [34mDEBUG[0m [2methereum_transaction_pool_monitor::mempool_monitor[0m[2m:[0m 🔍 Skipping tx 0xb0a63473d5dab85f60ced450d34dda7364fcde337901b1f3b30d3e9fcdbb5137 - not a DEX interaction (target: 0xA0b86991c6218b36c1d19D4a2e9Eb0cE3606eB48)
[2m2025-12-10T10:08:45.739795Z[0m [34mDEBUG[0m [2methereum_transaction_pool_monitor::mempool_monitor[0m[2m:[0m 📨 Processing new pending transaction: 0x8cf242e57f5009284018f3ada2e60e49d9761dc460e4d469d685fe32a33942b5
[2m2025-12-10T10:08:45.739802Z[0m [34mDEBUG[0m [2methereum_transaction_pool_monitor::mempool_monitor[0m[2m:[0m 🔍 Fetching transaction details for: 0x8cf242e57f5009284018f3ada2e60e49d9761dc460e4d469d685fe32a33942b5
[2m2025-12-10T10:08:45.739808Z[0m [34mDEBUG[0m [2methereum_transaction_pool_monitor::eth_client[0m[2m:[0m 🔍 Fetching transaction details for hash: 0x8cf242e57f5009284018f3ada2e60e49d9761dc460e4d469d685fe32a33942b5
[2m2025-12-10T10:08:45.739825Z[0m [34mDEBUG[0m [2mhyper::client::pool[0m[2m:[0m reuse idle connection for ("http", 192.168.0.14:8545)
[2m2025-12-10T10:08:45.739869Z[0m [34mDEBUG[0m [2mhyper::proto::h1::io[0m[2m:[0m flushed 250 bytes
[2m2025-12-10T10:08:45.739892Z[0m [34mDEBUG[0m [2methereum_transaction_pool_monitor::eth_client[0m[2m:[0m 📨 Received WebSocket message: {"jsonrpc":"2.0","method":"eth_subscription","params":{"subscription":"0xbed0a0851463e895960a451075a301a9","result":"0x86ee3b57e74e907a4804272773123c6a92c39fd5cf27c3715ebb079ed5cfbe69"}}
[2m2025-12-10T10:08:45.739896Z[0m [34mDEBUG[0m [2mhyper::proto::h1::io[0m[2m:[0m parsed 4 headers
[2m2025-12-10T10:08:45.739900Z[0m [34mDEBUG[0m [2methereum_transaction_pool_monitor::eth_client[0m[2m:[0m 📨 Received pending transaction: 0x86ee3b57e74e907a4804272773123c6a92c39fd5cf27c3715ebb079ed5cfbe69
[2m2025-12-10T10:08:45.739906Z[0m [34mDEBUG[0m [2mhyper::proto::h1::conn[0m[2m:[0m incoming body is content-length (45 bytes)
[2m2025-12-10T10:08:45.739912Z[0m [34mDEBUG[0m [2methereum_transaction_pool_monitor::eth_client[0m[2m:[0m 📨 Received WebSocket message: {"jsonrpc":"2.0","method":"eth_subscription","params":{"subscription":"0xbed0a0851463e895960a451075a301a9","result":"0x97a440bf44bbab77c1f2f2940a3575bcdb51fb51bc27dbc1b188737e770fe14f"}}
[2m2025-12-10T10:08:45.739915Z[0m [34mDEBUG[0m [2mhyper::proto::h1::conn[0m[2m:[0m incoming body completed
[2m2025-12-10T10:08:45.739920Z[0m [34mDEBUG[0m [2methereum_transaction_pool_monitor::eth_client[0m[2m:[0m 📨 Received pending transaction: 0x97a440bf44bbab77c1f2f2940a3575bcdb51fb51bc27dbc1b188737e770fe14f
[2m2025-12-10T10:08:45.739926Z[0m [34mDEBUG[0m [2mhyper::client::pool[0m[2m:[0m pooling idle connection for ("http", 192.168.0.14:8545)
[2m2025-12-10T10:08:45.739928Z[0m [34mDEBUG[0m [2methereum_transaction_pool_monitor::eth_client[0m[2m:[0m 📨 Received WebSocket message: {"jsonrpc":"2.0","method":"eth_subscription","params":{"subscription":"0xbed0a0851463e895960a451075a301a9","result":"0xb7b1a25417410939ae6b44443d1a51e7a6a9dc191e81200a5d134577711e2a91"}}
[2m2025-12-10T10:08:45.739943Z[0m [34mDEBUG[0m [2methereum_transaction_pool_monitor::eth_client[0m[2m:[0m 📨 Received pending transaction: 0xb7b1a25417410939ae6b44443d1a51e7a6a9dc191e81200a5d134577711e2a91
[2m2025-12-10T10:08:45.739951Z[0m [34mDEBUG[0m [2methereum_transaction_pool_monitor::eth_client[0m[2m:[0m 📨 Received WebSocket message: {"jsonrpc":"2.0","method":"eth_subscription","params":{"subscription":"0xbed0a0851463e895960a451075a301a9","result":"0x8c11a23ac56251c2795be3d8eb7714cf06f9a8fc606c17892e91db72a32d8540"}}
[2m2025-12-10T10:08:45.739944Z[0m [34mDEBUG[0m [2mhyper::client::pool[0m[2m:[0m reuse idle connection for ("http", 192.168.0.14:8545)
[2m2025-12-10T10:08:45.739958Z[0m [34mDEBUG[0m [2methereum_transaction_pool_monitor::eth_client[0m[2m:[0m 📨 Received pending transaction: 0x8c11a23ac56251c2795be3d8eb7714cf06f9a8fc606c17892e91db72a32d8540
[2m2025-12-10T10:08:45.739973Z[0m [34mDEBUG[0m [2methereum_transaction_pool_monitor::eth_client[0m[2m:[0m 📨 Received WebSocket message: {"jsonrpc":"2.0","method":"eth_subscription","params":{"subscription":"0xbed0a0851463e895960a451075a301a9","result":"0x93f04807bf30209ea4f6559140e08103eb00c3efa5fda2388d94c61d1dbc5121"}}
[2m2025-12-10T10:08:45.739977Z[0m [34mDEBUG[0m [2mhyper::proto::h1::io[0m[2m:[0m flushed 172 bytes
[2m2025-12-10T10:08:45.740023Z[0m [34mDEBUG[0m [2methereum_transaction_pool_monitor::eth_client[0m[2m:[0m 📨 Received pending transaction: 0x93f04807bf30209ea4f6559140e08103eb00c3efa5fda2388d94c61d1dbc5121
[2m2025-12-10T10:08:45.744215Z[0m [34mDEBUG[0m [2mhyper::proto::h1::io[0m[2m:[0m parsed 4 headers
[2m2025-12-10T10:08:45.744223Z[0m [34mDEBUG[0m [2mhyper::proto::h1::conn[0m[2m:[0m incoming body is content-length (773 bytes)
[2m2025-12-10T10:08:45.744235Z[0m [34mDEBUG[0m [2mhyper::proto::h1::conn[0m[2m:[0m incoming body completed
[2m2025-12-10T10:08:45.744242Z[0m [34mDEBUG[0m [2mhyper::client::pool[0m[2m:[0m pooling idle connection for ("http", 192.168.0.14:8545)
[2m2025-12-10T10:08:45.744248Z[0m [34mDEBUG[0m [2methereum_transaction_pool_monitor::eth_client[0m[2m:[0m 📡 Transaction fetch RPC completed in 4.435459ms
[2m2025-12-10T10:08:45.814909Z[0m [34mDEBUG[0m [2methereum_transaction_pool_monitor::eth_client[0m[2m:[0m ✅ Transaction 0x8cf242e57f5009284018f3ada2e60e49d9761dc460e4d469d685fe32a33942b5 fetched and parsed in 75.0945ms
[2m2025-12-10T10:08:45.814940Z[0m [34mDEBUG[0m [2methereum_transaction_pool_monitor::mempool_monitor[0m[2m:[0m 🔍 Skipping tx 0x8cf242e57f5009284018f3ada2e60e49d9761dc460e4d469d685fe32a33942b5 - not a DEX interaction (target: 0xA0b86991c6218b36c1d19D4a2e9Eb0cE3606eB48)
[2m2025-12-10T10:08:45.814958Z[0m [34mDEBUG[0m [2methereum_transaction_pool_monitor::mempool_monitor[0m[2m:[0m 📨 Processing new pending transaction: 0x1fe289fe162d3dc8336883871e5d2d636dfc8e6952521cd43ee91eecac4bb601
[2m2025-12-10T10:08:45.814968Z[0m [34mDEBUG[0m [2methereum_transaction_pool_monitor::mempool_monitor[0m[2m:[0m 🔍 Fetching transaction details for: 0x1fe289fe162d3dc8336883871e5d2d636dfc8e6952521cd43ee91eecac4bb601
[2m2025-12-10T10:08:45.814975Z[0m [34mDEBUG[0m [2methereum_transaction_pool_monitor::eth_client[0m[2m:[0m 🔍 Fetching transaction details for hash: 0x1fe289fe162d3dc8336883871e5d2d636dfc8e6952521cd43ee91eecac4bb601
[2m2025-12-10T10:08:45.814996Z[0m [34mDEBUG[0m [2mhyper::client::pool[0m[2m:[0m reuse idle connection for ("http", 192.168.0.14:8545)
[2m2025-12-10T10:08:45.815029Z[0m [34mDEBUG[0m [2mhyper::proto::h1::io[0m[2m:[0m flushed 250 bytes
[2m2025-12-10T10:08:45.815054Z[0m [34mDEBUG[0m [2methereum_transaction_pool_monitor::eth_client[0m[2m:[0m 📨 Received WebSocket message: {"jsonrpc":"2.0","method":"eth_subscription","params":{"subscription":"0xbed0a0851463e895960a451075a301a9","result":"0x3cf4975dbec0d92cbb5c7b62801330c3a93e31243e7a40f884dbed7702879da7"}}
[2m2025-12-10T10:08:45.815058Z[0m [34mDEBUG[0m [2mhyper::proto::h1::io[0m[2m:[0m parsed 4 headers
[2m2025-12-10T10:08:45.815064Z[0m [34mDEBUG[0m [2methereum_transaction_pool_monitor::eth_client[0m[2m:[0m 📨 Received pending transaction: 0x3cf4975dbec0d92cbb5c7b62801330c3a93e31243e7a40f884dbed7702879da7
[2m2025-12-10T10:08:45.815068Z[0m [34mDEBUG[0m [2mhyper::proto::h1::conn[0m[2m:[0m incoming body is content-length (45 bytes)
[2m2025-12-10T10:08:45.815072Z[0m [34mDEBUG[0m [2methereum_transaction_pool_monitor::eth_client[0m[2m:[0m 📨 Received WebSocket message: {"jsonrpc":"2.0","method":"eth_subscription","params":{"subscription":"0xbed0a0851463e895960a451075a301a9","result":"0xcc39950e6c0af0c2dc235d22a296d78ee5edcf96b8276c4c3a59cbcd2483beac"}}
[2m2025-12-10T10:08:45.815078Z[0m [34mDEBUG[0m [2mhyper::proto::h1::conn[0m[2m:[0m incoming body completed
[2m2025-12-10T10:08:45.815080Z[0m [34mDEBUG[0m [2methereum_transaction_pool_monitor::eth_client[0m[2m:[0m 📨 Received pending transaction: 0xcc39950e6c0af0c2dc235d22a296d78ee5edcf96b8276c4c3a59cbcd2483beac
[2m2025-12-10T10:08:45.815090Z[0m [34mDEBUG[0m [2mhyper::client::pool[0m[2m:[0m pooling idle connection for ("http", 192.168.0.14:8545)
[2m2025-12-10T10:08:45.815095Z[0m [34mDEBUG[0m [2methereum_transaction_pool_monitor::eth_client[0m[2m:[0m 📨 Received WebSocket message: {"jsonrpc":"2.0","method":"eth_subscription","params":{"subscription":"0xbed0a0851463e895960a451075a301a9","result":"0xa2140c85d213425941688a35b98b45b20541674a7510b699f079fef520a2b558"}}
[2m2025-12-10T10:08:45.815111Z[0m [34mDEBUG[0m [2methereum_transaction_pool_monitor::eth_client[0m[2m:[0m 📨 Received pending transaction: 0xa2140c85d213425941688a35b98b45b20541674a7510b699f079fef520a2b558
[2m2025-12-10T10:08:45.815113Z[0m [34mDEBUG[0m [2mhyper::client::pool[0m[2m:[0m reuse idle connection for ("http", 192.168.0.14:8545)
[2m2025-12-10T10:08:45.815131Z[0m [34mDEBUG[0m [2mhyper::proto::h1::io[0m[2m:[0m flushed 172 bytes
[2m2025-12-10T10:08:45.820865Z[0m [34mDEBUG[0m [2mhyper::proto::h1::io[0m[2m:[0m parsed 4 headers
[2m2025-12-10T10:08:45.824856Z[0m [34mDEBUG[0m [2mhyper::proto::h1::conn[0m[2m:[0m incoming body is content-length (674 bytes)
[2m2025-12-10T10:08:45.824867Z[0m [34mDEBUG[0m [2mhyper::proto::h1::conn[0m[2m:[0m incoming body completed
[2m2025-12-10T10:08:45.824876Z[0m [34mDEBUG[0m [2mhyper::client::pool[0m[2m:[0m pooling idle connection for ("http", 192.168.0.14:8545)
[2m2025-12-10T10:08:45.824882Z[0m [34mDEBUG[0m [2methereum_transaction_pool_monitor::eth_client[0m[2m:[0m 📡 Transaction fetch RPC completed in 9.899583ms
[2m2025-12-10T10:08:45.894938Z[0m [34mDEBUG[0m [2methereum_transaction_pool_monitor::eth_client[0m[2m:[0m ✅ Transaction 0x1fe289fe162d3dc8336883871e5d2d636dfc8e6952521cd43ee91eecac4bb601 fetched and parsed in 79.953166ms
[2m2025-12-10T10:08:45.894964Z[0m [34mDEBUG[0m [2methereum_transaction_pool_monitor::mempool_monitor[0m[2m:[0m 🔍 Skipping tx 0x1fe289fe162d3dc8336883871e5d2d636dfc8e6952521cd43ee91eecac4bb601 - not a DEX interaction (target: 0xA0b86991c6218b36c1d19D4a2e9Eb0cE3606eB48)
[2m2025-12-10T10:08:45.894975Z[0m [34mDEBUG[0m [2methereum_transaction_pool_monitor::mempool_monitor[0m[2m:[0m 📨 Processing new pending transaction: 0x7d2ee79d6f9880db62c8ceae8953e7aa29850678c0d13dc5b8069b2376f77e86
[2m2025-12-10T10:08:45.894982Z[0m [34mDEBUG[0m [2methereum_transaction_pool_monitor::mempool_monitor[0m[2m:[0m 🔍 Fetching transaction details for: 0x7d2ee79d6f9880db62c8ceae8953e7aa29850678c0d13dc5b8069b2376f77e86
[2m2025-12-10T10:08:45.894988Z[0m [34mDEBUG[0m [2methereum_transaction_pool_monitor::eth_client[0m[2m:[0m 🔍 Fetching transaction details for hash: 0x7d2ee79d6f9880db62c8ceae8953e7aa29850678c0d13dc5b8069b2376f77e86
[2m2025-12-10T10:08:45.895007Z[0m [34mDEBUG[0m [2mhyper::client::pool[0m[2m:[0m reuse idle connection for ("http", 192.168.0.14:8545)
[2m2025-12-10T10:08:45.895054Z[0m [34mDEBUG[0m [2mhyper::proto::h1::io[0m[2m:[0m flushed 250 bytes
[2m2025-12-10T10:08:45.895078Z[0m [34mDEBUG[0m [2methereum_transaction_pool_monitor::eth_client[0m[2m:[0m 📨 Received WebSocket message: {"jsonrpc":"2.0","method":"eth_subscription","params":{"subscription":"0xbed0a0851463e895960a451075a301a9","result":"0x95d476cf20245f5afbffb754e519097f7ad5b0fae3777eaf3c2c95167e9c81e0"}}
[2m2025-12-10T10:08:45.895081Z[0m [34mDEBUG[0m [2mhyper::proto::h1::io[0m[2m:[0m parsed 4 headers
[2m2025-12-10T10:08:45.895086Z[0m [34mDEBUG[0m [2methereum_transaction_pool_monitor::eth_client[0m[2m:[0m 📨 Received pending transaction: 0x95d476cf20245f5afbffb754e519097f7ad5b0fae3777eaf3c2c95167e9c81e0
[2m2025-12-10T10:08:45.895090Z[0m [34mDEBUG[0m [2mhyper::proto::h1::conn[0m[2m:[0m incoming body is content-length (45 bytes)
[2m2025-12-10T10:08:45.895099Z[0m [34mDEBUG[0m [2mhyper::proto::h1::conn[0m[2m:[0m incoming body completed
[2m2025-12-10T10:08:45.895107Z[0m [34mDEBUG[0m [2mhyper::client::pool[0m[2m:[0m pooling idle connection for ("http", 192.168.0.14:8545)
[2m2025-12-10T10:08:45.896286Z[0m [34mDEBUG[0m [2mhyper::client::pool[0m[2m:[0m reuse idle connection for ("http", 192.168.0.14:8545)
[2m2025-12-10T10:08:45.896336Z[0m [34mDEBUG[0m [2mhyper::proto::h1::io[0m[2m:[0m flushed 172 bytes
[2m2025-12-10T10:08:45.899504Z[0m [34mDEBUG[0m [2mhyper::proto::h1::io[0m[2m:[0m parsed 4 headers
[2m2025-12-10T10:08:45.899509Z[0m [34mDEBUG[0m [2mhyper::proto::h1::conn[0m[2m:[0m incoming body is content-length (676 bytes)
[2m2025-12-10T10:08:45.899514Z[0m [34mDEBUG[0m [2mhyper::proto::h1::conn[0m[2m:[0m incoming body completed
[2m2025-12-10T10:08:45.899520Z[0m [34mDEBUG[0m [2mhyper::client::pool[0m[2m:[0m pooling idle connection for ("http", 192.168.0.14:8545)
[2m2025-12-10T10:08:45.899524Z[0m [34mDEBUG[0m [2methereum_transaction_pool_monitor::eth_client[0m[2m:[0m 📡 Transaction fetch RPC completed in 4.532042ms
[2m2025-12-10T10:08:45.969329Z[0m [34mDEBUG[0m [2methereum_transaction_pool_monitor::eth_client[0m[2m:[0m ✅ Transaction 0x7d2ee79d6f9880db62c8ceae8953e7aa29850678c0d13dc5b8069b2376f77e86 fetched and parsed in 74.334209ms
[2m2025-12-10T10:08:45.969355Z[0m [34mDEBUG[0m [2methereum_transaction_pool_monitor::mempool_monitor[0m[2m:[0m 🔍 Skipping tx 0x7d2ee79d6f9880db62c8ceae8953e7aa29850678c0d13dc5b8069b2376f77e86 - not a DEX interaction (target: 0xA0b86991c6218b36c1d19D4a2e9Eb0cE3606eB48)
[2m2025-12-10T10:08:45.969365Z[0m [34mDEBUG[0m [2methereum_transaction_pool_monitor::mempool_monitor[0m[2m:[0m 📨 Processing new pending transaction: 0x484e9d8b31ca378df13a327719b9b1379fa578c7284eb802c73bb10ef6a8ab7f
[2m2025-12-10T10:08:45.969372Z[0m [34mDEBUG[0m [2methereum_transaction_pool_monitor::mempool_monitor[0m[2m:[0m 🔍 Fetching transaction details for: 0x484e9d8b31ca378df13a327719b9b1379fa578c7284eb802c73bb10ef6a8ab7f
[2m2025-12-10T10:08:45.969379Z[0m [34mDEBUG[0m [2methereum_transaction_pool_monitor::eth_client[0m[2m:[0m 🔍 Fetching transaction details for hash: 0x484e9d8b31ca378df13a327719b9b1379fa578c7284eb802c73bb10ef6a8ab7f
[2m2025-12-10T10:08:45.969395Z[0m [34mDEBUG[0m [2mhyper::client::pool[0m[2m:[0m reuse idle connection for ("http", 192.168.0.14:8545)
[2m2025-12-10T10:08:45.969440Z[0m [34mDEBUG[0m [2mhyper::proto::h1::io[0m[2m:[0m flushed 250 bytes
[2m2025-12-10T10:08:45.969458Z[0m [34mDEBUG[0m [2mhyper::proto::h1::io[0m[2m:[0m parsed 4 headers
[2m2025-12-10T10:08:45.969465Z[0m [34mDEBUG[0m [2mhyper::proto::h1::conn[0m[2m:[0m incoming body is content-length (45 bytes)
[2m2025-12-10T10:08:45.969476Z[0m [34mDEBUG[0m [2mhyper::proto::h1::conn[0m[2m:[0m incoming body completed
[2m2025-12-10T10:08:45.969485Z[0m [34mDEBUG[0m [2mhyper::client::pool[0m[2m:[0m pooling idle connection for ("http", 192.168.0.14:8545)
[2m2025-12-10T10:08:45.974187Z[0m [34mDEBUG[0m [2mhyper::proto::h1::io[0m[2m:[0m parsed 4 headers
[2m2025-12-10T10:08:45.974193Z[0m [34mDEBUG[0m [2mhyper::proto::h1::conn[0m[2m:[0m incoming body is content-length (553 bytes)
[2m2025-12-10T10:08:45.974198Z[0m [34mDEBUG[0m [2mhyper::proto::h1::conn[0m[2m:[0m incoming body completed
[2m2025-12-10T10:08:45.974205Z[0m [34mDEBUG[0m [2mhyper::client::pool[0m[2m:[0m pooling idle connection for ("http", 192.168.0.14:8545)
[2m2025-12-10T10:08:45.974210Z[0m [34mDEBUG[0m [2methereum_transaction_pool_monitor::eth_client[0m[2m:[0m 📡 Transaction fetch RPC completed in 4.8265ms
[2m2025-12-10T10:08:46.045455Z[0m [34mDEBUG[0m [2methereum_transaction_pool_monitor::eth_client[0m[2m:[0m ✅ Transaction 0x484e9d8b31ca378df13a327719b9b1379fa578c7284eb802c73bb10ef6a8ab7f fetched and parsed in 76.06925ms
[2m2025-12-10T10:08:46.045490Z[0m [34mDEBUG[0m [2methereum_transaction_pool_monitor::mempool_monitor[0m[2m:[0m 🔍 Skipping tx 0x484e9d8b31ca378df13a327719b9b1379fa578c7284eb802c73bb10ef6a8ab7f - not a DEX interaction (target: 0xEBFf9Cade739dc46FEdE7C3EEae336faE90c8E47)
[2m2025-12-10T10:08:46.045504Z[0m [34mDEBUG[0m [2methereum_transaction_pool_monitor::mempool_monitor[0m[2m:[0m 📨 Processing new pending transaction: 0x6ecc3a0de666d5fbec917be942bc027c39877d8b219c97f7695e1b3b965a23c2
[2m2025-12-10T10:08:46.045511Z[0m [34mDEBUG[0m [2methereum_transaction_pool_monitor::mempool_monitor[0m[2m:[0m 🔍 Fetching transaction details for: 0x6ecc3a0de666d5fbec917be942bc027c39877d8b219c97f7695e1b3b965a23c2
[2m2025-12-10T10:08:46.045519Z[0m [34mDEBUG[0m [2methereum_transaction_pool_monitor::eth_client[0m[2m:[0m 🔍 Fetching transaction details for hash: 0x6ecc3a0de666d5fbec917be942bc027c39877d8b219c97f7695e1b3b965a23c2
[2m2025-12-10T10:08:46.045543Z[0m [34mDEBUG[0m [2mhyper::client::pool[0m[2m:[0m reuse idle connection for ("http", 192.168.0.14:8545)
[2m2025-12-10T10:08:46.045593Z[0m [34mDEBUG[0m [2mhyper::proto::h1::io[0m[2m:[0m flushed 250 bytes
[2m2025-12-10T10:08:46.045617Z[0m [34mDEBUG[0m [2mhyper::client::pool[0m[2m:[0m reuse idle connection for ("http", 192.168.0.14:8545)
[2m2025-12-10T10:08:46.045633Z[0m [34mDEBUG[0m [2mhyper::proto::h1::io[0m[2m:[0m flushed 172 bytes
[2m2025-12-10T10:08:46.045666Z[0m [34mDEBUG[0m [2methereum_transaction_pool_monitor::eth_client[0m[2m:[0m 📨 Received WebSocket message: {"jsonrpc":"2.0","method":"eth_subscription","params":{"subscription":"0xbed0a0851463e895960a451075a301a9","result":"0x1c6e7505974a6ba3beffa126fc505f236a931c5089f42e11d25fb80a80acc109"}}
[2m2025-12-10T10:08:46.045675Z[0m [34mDEBUG[0m [2methereum_transaction_pool_monitor::eth_client[0m[2m:[0m 📨 Received pending transaction: 0x1c6e7505974a6ba3beffa126fc505f236a931c5089f42e11d25fb80a80acc109
[2m2025-12-10T10:08:46.047301Z[0m [34mDEBUG[0m [2methereum_transaction_pool_monitor::eth_client[0m[2m:[0m 📨 Received WebSocket message: {"jsonrpc":"2.0","method":"eth_subscription","params":{"subscription":"0xbed0a0851463e895960a451075a301a9","result":"0x42441fa47b543e33206e0e74f66eb3de8f81eb49bdc69cb43c0a368f7e710bd9"}}
[2m2025-12-10T10:08:46.047319Z[0m [34mDEBUG[0m [2methereum_transaction_pool_monitor::eth_client[0m[2m:[0m 📨 Received pending transaction: 0x42441fa47b543e33206e0e74f66eb3de8f81eb49bdc69cb43c0a368f7e710bd9
[2m2025-12-10T10:08:46.051879Z[0m [34mDEBUG[0m [2mhyper::proto::h1::io[0m[2m:[0m parsed 4 headers
[2m2025-12-10T10:08:46.051890Z[0m [34mDEBUG[0m [2mhyper::proto::h1::conn[0m[2m:[0m incoming body is content-length (640 bytes)
[2m2025-12-10T10:08:46.051903Z[0m [34mDEBUG[0m [2mhyper::proto::h1::conn[0m[2m:[0m incoming body completed
[2m2025-12-10T10:08:46.051917Z[0m [34mDEBUG[0m [2mhyper::client::pool[0m[2m:[0m pooling idle connection for ("http", 192.168.0.14:8545)
[2m2025-12-10T10:08:46.051927Z[0m [34mDEBUG[0m [2methereum_transaction_pool_monitor::eth_client[0m[2m:[0m 📡 Transaction fetch RPC completed in 6.398917ms
[2m2025-12-10T10:08:46.123389Z[0m [34mDEBUG[0m [2methereum_transaction_pool_monitor::eth_client[0m[2m:[0m ✅ Transaction 0x6ecc3a0de666d5fbec917be942bc027c39877d8b219c97f7695e1b3b965a23c2 fetched and parsed in 77.858833ms
[2m2025-12-10T10:08:46.123416Z[0m [34mDEBUG[0m [2methereum_transaction_pool_monitor::mempool_monitor[0m[2m:[0m 🔍 Skipping tx 0x6ecc3a0de666d5fbec917be942bc027c39877d8b219c97f7695e1b3b965a23c2 - not a DEX interaction (target: 0x4Dc6D3eccFFe4DA1f3B4428F148e0f9dF2E05B76)
[2m2025-12-10T10:08:46.123425Z[0m [34mDEBUG[0m [2methereum_transaction_pool_monitor::mempool_monitor[0m[2m:[0m 📨 Processing new pending transaction: 0xb755a0a0427eb63cd2ec39cdb79a49039d00c3869c46c75130710817889e3872
[2m2025-12-10T10:08:46.123430Z[0m [34mDEBUG[0m [2methereum_transaction_pool_monitor::mempool_monitor[0m[2m:[0m 🔍 Fetching transaction details for: 0xb755a0a0427eb63cd2ec39cdb79a49039d00c3869c46c75130710817889e3872
[2m2025-12-10T10:08:46.123435Z[0m [34mDEBUG[0m [2methereum_transaction_pool_monitor::eth_client[0m[2m:[0m 🔍 Fetching transaction details for hash: 0xb755a0a0427eb63cd2ec39cdb79a49039d00c3869c46c75130710817889e3872
[2m2025-12-10T10:08:46.123452Z[0m [34mDEBUG[0m [2mhyper::client::pool[0m[2m:[0m reuse idle connection for ("http", 192.168.0.14:8545)
[2m2025-12-10T10:08:46.123499Z[0m [34mDEBUG[0m [2mhyper::proto::h1::io[0m[2m:[0m flushed 250 bytes
[2m2025-12-10T10:08:46.123514Z[0m [34mDEBUG[0m [2mhyper::proto::h1::io[0m[2m:[0m parsed 4 headers
[2m2025-12-10T10:08:46.123519Z[0m [34mDEBUG[0m [2mhyper::proto::h1::conn[0m[2m:[0m incoming body is content-length (45 bytes)
[2m2025-12-10T10:08:46.123531Z[0m [34mDEBUG[0m [2mhyper::proto::h1::conn[0m[2m:[0m incoming body completed
[2m2025-12-10T10:08:46.123540Z[0m [34mDEBUG[0m [2mhyper::client::pool[0m[2m:[0m pooling idle connection for ("http", 192.168.0.14:8545)
[2m2025-12-10T10:08:46.123557Z[0m [34mDEBUG[0m [2mhyper::client::pool[0m[2m:[0m reuse idle connection for ("http", 192.168.0.14:8545)
[2m2025-12-10T10:08:46.123576Z[0m [34mDEBUG[0m [2mhyper::proto::h1::io[0m[2m:[0m flushed 172 bytes
[2m2025-12-10T10:08:46.131498Z[0m [34mDEBUG[0m [2mhyper::proto::h1::io[0m[2m:[0m parsed 4 headers
[2m2025-12-10T10:08:46.131525Z[0m [34mDEBUG[0m [2mhyper::proto::h1::conn[0m[2m:[0m incoming body is content-length (45 bytes)
[2m2025-12-10T10:08:46.131534Z[0m [34mDEBUG[0m [2mhyper::proto::h1::conn[0m[2m:[0m incoming body completed
[2m2025-12-10T10:08:46.131546Z[0m [34mDEBUG[0m [2mhyper::client::pool[0m[2m:[0m pooling idle connection for ("http", 192.168.0.14:8545)
[2m2025-12-10T10:08:46.132197Z[0m [34mDEBUG[0m [2mhyper::proto::h1::io[0m[2m:[0m parsed 4 headers
[2m2025-12-10T10:08:46.132208Z[0m [34mDEBUG[0m [2mhyper::proto::h1::conn[0m[2m:[0m incoming body is content-length (769 bytes)
[2m2025-12-10T10:08:46.132215Z[0m [34mDEBUG[0m [2mhyper::proto::h1::conn[0m[2m:[0m incoming body completed
[2m2025-12-10T10:08:46.132223Z[0m [34mDEBUG[0m [2mhyper::client::pool[0m[2m:[0m pooling idle connection for ("http", 192.168.0.14:8545)
[2m2025-12-10T10:08:46.132229Z[0m [34mDEBUG[0m [2methereum_transaction_pool_monitor::eth_client[0m[2m:[0m 📡 Transaction fetch RPC completed in 8.790166ms
[2m2025-12-10T10:08:46.204393Z[0m [34mDEBUG[0m [2methereum_transaction_pool_monitor::eth_client[0m[2m:[0m ✅ Transaction 0xb755a0a0427eb63cd2ec39cdb79a49039d00c3869c46c75130710817889e3872 fetched and parsed in 80.951708ms
[2m2025-12-10T10:08:46.204424Z[0m [34mDEBUG[0m [2methereum_transaction_pool_monitor::mempool_monitor[0m[2m:[0m 🔍 Skipping tx 0xb755a0a0427eb63cd2ec39cdb79a49039d00c3869c46c75130710817889e3872 - not a DEX interaction (target: 0xA0b86991c6218b36c1d19D4a2e9Eb0cE3606eB48)
[2m2025-12-10T10:08:46.204434Z[0m [34mDEBUG[0m [2methereum_transaction_pool_monitor::mempool_monitor[0m[2m:[0m 📨 Processing new pending transaction: 0xaeef6e8f6e3f441d2ef06467ff5e4f3c68fcd9fc63854486fb43c84fc717b7d7
[2m2025-12-10T10:08:46.204448Z[0m [34mDEBUG[0m [2methereum_transaction_pool_monitor::mempool_monitor[0m[2m:[0m 🔍 Fetching transaction details for: 0xaeef6e8f6e3f441d2ef06467ff5e4f3c68fcd9fc63854486fb43c84fc717b7d7
[2m2025-12-10T10:08:46.204455Z[0m [34mDEBUG[0m [2methereum_transaction_pool_monitor::eth_client[0m[2m:[0m 🔍 Fetching transaction details for hash: 0xaeef6e8f6e3f441d2ef06467ff5e4f3c68fcd9fc63854486fb43c84fc717b7d7
[2m2025-12-10T10:08:46.204477Z[0m [34mDEBUG[0m [2mhyper::client::pool[0m[2m:[0m reuse idle connection for ("http", 192.168.0.14:8545)
[2m2025-12-10T10:08:46.204524Z[0m [34mDEBUG[0m [2mhyper::proto::h1::io[0m[2m:[0m flushed 250 bytes
[2m2025-12-10T10:08:46.204546Z[0m [34mDEBUG[0m [2mhyper::client::pool[0m[2m:[0m reuse idle connection for ("http", 192.168.0.14:8545)
[2m2025-12-10T10:08:46.204562Z[0m [34mDEBUG[0m [2mhyper::proto::h1::io[0m[2m:[0m flushed 172 bytes
[2m2025-12-10T10:08:46.204564Z[0m [34mDEBUG[0m [2methereum_transaction_pool_monitor::eth_client[0m[2m:[0m 📨 Received WebSocket message: {"jsonrpc":"2.0","method":"eth_subscription","params":{"subscription":"0xbed0a0851463e895960a451075a301a9","result":"0xdeaaa4f3fc81019e45afc8b5aa4c9be5717f863d7474468d43df786062b29c2e"}}
[2m2025-12-10T10:08:46.204579Z[0m [34mDEBUG[0m [2methereum_transaction_pool_monitor::eth_client[0m[2m:[0m 📨 Received pending transaction: 0xdeaaa4f3fc81019e45afc8b5aa4c9be5717f863d7474468d43df786062b29c2e
[2m2025-12-10T10:08:46.208212Z[0m [34mDEBUG[0m [2mhyper::proto::h1::io[0m[2m:[0m parsed 4 headers
[2m2025-12-10T10:08:46.208228Z[0m [34mDEBUG[0m [2mhyper::proto::h1::conn[0m[2m:[0m incoming body is content-length (45 bytes)
[2m2025-12-10T10:08:46.208236Z[0m [34mDEBUG[0m [2mhyper::proto::h1::conn[0m[2m:[0m incoming body completed
[2m2025-12-10T10:08:46.208247Z[0m [34mDEBUG[0m [2mhyper::client::pool[0m[2m:[0m pooling idle connection for ("http", 192.168.0.14:8545)
[2m2025-12-10T10:08:46.213382Z[0m [34mDEBUG[0m [2mhyper::proto::h1::io[0m[2m:[0m parsed 4 headers
[2m2025-12-10T10:08:46.213391Z[0m [34mDEBUG[0m [2mhyper::proto::h1::conn[0m[2m:[0m incoming body is content-length (642 bytes)
[2m2025-12-10T10:08:46.213398Z[0m [34mDEBUG[0m [2mhyper::proto::h1::conn[0m[2m:[0m incoming body completed
[2m2025-12-10T10:08:46.213407Z[0m [34mDEBUG[0m [2mhyper::client::pool[0m[2m:[0m pooling idle connection for ("http", 192.168.0.14:8545)
[2m2025-12-10T10:08:46.213414Z[0m [34mDEBUG[0m [2methereum_transaction_pool_monitor::eth_client[0m[2m:[0m 📡 Transaction fetch RPC completed in 8.950875ms
[2m2025-12-10T10:08:46.283873Z[0m [34mDEBUG[0m [2methereum_transaction_pool_monitor::eth_client[0m[2m:[0m ✅ Transaction 0xaeef6e8f6e3f441d2ef06467ff5e4f3c68fcd9fc63854486fb43c84fc717b7d7 fetched and parsed in 79.407208ms
[2m2025-12-10T10:08:46.283904Z[0m [34mDEBUG[0m [2methereum_transaction_pool_monitor::mempool_monitor[0m[2m:[0m 🔍 Skipping tx 0xaeef6e8f6e3f441d2ef06467ff5e4f3c68fcd9fc63854486fb43c84fc717b7d7 - not a DEX interaction (target: 0x7765618508AA2e9913623Da00aCdB46A82c6B0F4)
[2m2025-12-10T10:08:46.283918Z[0m [34mDEBUG[0m [2methereum_transaction_pool_monitor::mempool_monitor[0m[2m:[0m 📨 Processing new pending transaction: 0x84da9a5152101d2b136f6a0b6013cbedfd05243cff1e1f2b8f1a681f1dd3fb32
[2m2025-12-10T10:08:46.283927Z[0m [34mDEBUG[0m [2methereum_transaction_pool_monitor::mempool_monitor[0m[2m:[0m 🔍 Fetching transaction details for: 0x84da9a5152101d2b136f6a0b6013cbedfd05243cff1e1f2b8f1a681f1dd3fb32
[2m2025-12-10T10:08:46.283934Z[0m [34mDEBUG[0m [2methereum_transaction_pool_monitor::eth_client[0m[2m:[0m 🔍 Fetching transaction details for hash: 0x84da9a5152101d2b136f6a0b6013cbedfd05243cff1e1f2b8f1a681f1dd3fb32
[2m2025-12-10T10:08:46.283956Z[0m [34mDEBUG[0m [2mhyper::client::pool[0m[2m:[0m reuse idle connection for ("http", 192.168.0.14:8545)
[2m2025-12-10T10:08:46.284008Z[0m [34mDEBUG[0m [2mhyper::proto::h1::io[0m[2m:[0m flushed 250 bytes
[2m2025-12-10T10:08:46.292984Z[0m [34mDEBUG[0m [2mhyper::proto::h1::io[0m[2m:[0m parsed 4 headers
[2m2025-12-10T10:08:46.292994Z[0m [34mDEBUG[0m [2mhyper::proto::h1::conn[0m[2m:[0m incoming body is content-length (843 bytes)
[2m2025-12-10T10:08:46.293002Z[0m [34mDEBUG[0m [2mhyper::proto::h1::conn[0m[2m:[0m incoming body completed
[2m2025-12-10T10:08:46.293011Z[0m [34mDEBUG[0m [2mhyper::client::pool[0m[2m:[0m pooling idle connection for ("http", 192.168.0.14:8545)
[2m2025-12-10T10:08:46.293018Z[0m [34mDEBUG[0m [2methereum_transaction_pool_monitor::eth_client[0m[2m:[0m 📡 Transaction fetch RPC completed in 9.07625ms
[2m2025-12-10T10:08:46.293034Z[0m [34mDEBUG[0m [2methereum_transaction_pool_monitor::eth_client[0m[2m:[0m DeFi transaction detected - Address: 0xdac17f958d2ee523a2206206994597c13d831ec7, Type: Stablecoin, Value: 0 ETH, Gas: 182.00 Gwei
[2m2025-12-10T10:08:46.293047Z[0m [34mDEBUG[0m [2methereum_transaction_pool_monitor::eth_client[0m[2m:[0m ✅ Transaction 0x84da9a5152101d2b136f6a0b6013cbedfd05243cff1e1f2b8f1a681f1dd3fb32 fetched and parsed in 9.104917ms
[2m2025-12-10T10:08:46.293053Z[0m [34mDEBUG[0m [2methereum_transaction_pool_monitor::mempool_monitor[0m[2m:[0m 🔍 Skipping tx 0x84da9a5152101d2b136f6a0b6013cbedfd05243cff1e1f2b8f1a681f1dd3fb32 - not a DEX interaction (target: 0xdAC17F958D2ee523a2206206994597C13D831ec7)
[2m2025-12-10T10:08:46.293059Z[0m [34mDEBUG[0m [2methereum_transaction_pool_monitor::mempool_monitor[0m[2m:[0m 📨 Processing new pending transaction: 0xdd83801f2f343458be9e4abc21a5fea32ab687af2dc5bbaa70bbd3f1018e2a2e
[2m2025-12-10T10:08:46.293063Z[0m [34mDEBUG[0m [2methereum_transaction_pool_monitor::mempool_monitor[0m[2m:[0m 🔍 Fetching transaction details for: 0xdd83801f2f343458be9e4abc21a5fea32ab687af2dc5bbaa70bbd3f1018e2a2e
[2m2025-12-10T10:08:46.293067Z[0m [34mDEBUG[0m [2methereum_transaction_pool_monitor::eth_client[0m[2m:[0m 🔍 Fetching transaction details for hash: 0xdd83801f2f343458be9e4abc21a5fea32ab687af2dc5bbaa70bbd3f1018e2a2e
[2m2025-12-10T10:08:46.293079Z[0m [34mDEBUG[0m [2mhyper::client::pool[0m[2m:[0m reuse idle connection for ("http", 192.168.0.14:8545)
[2m2025-12-10T10:08:46.293100Z[0m [34mDEBUG[0m [2mhyper::proto::h1::io[0m[2m:[0m flushed 250 bytes
[2m2025-12-10T10:08:46.296505Z[0m [34mDEBUG[0m [2mhyper::client::pool[0m[2m:[0m reuse idle connection for ("http", 192.168.0.14:8545)
[2m2025-12-10T10:08:46.296546Z[0m [34mDEBUG[0m [2mhyper::proto::h1::io[0m[2m:[0m flushed 172 bytes
[2m2025-12-10T10:08:46.299307Z[0m [34mDEBUG[0m [2mhyper::proto::h1::io[0m[2m:[0m parsed 4 headers
[2m2025-12-10T10:08:46.299314Z[0m [34mDEBUG[0m [2mhyper::proto::h1::conn[0m[2m:[0m incoming body is content-length (552 bytes)
[2m2025-12-10T10:08:46.299320Z[0m [34mDEBUG[0m [2mhyper::proto::h1::conn[0m[2m:[0m incoming body completed
[2m2025-12-10T10:08:46.299336Z[0m [34mDEBUG[0m [2mhyper::client::pool[0m[2m:[0m pooling idle connection for ("http", 192.168.0.14:8545)
[2m2025-12-10T10:08:46.299341Z[0m [34mDEBUG[0m [2methereum_transaction_pool_monitor::eth_client[0m[2m:[0m 📡 Transaction fetch RPC completed in 6.270834ms
[2m2025-12-10T10:08:46.368723Z[0m [34mDEBUG[0m [2methereum_transaction_pool_monitor::eth_client[0m[2m:[0m ✅ Transaction 0xdd83801f2f343458be9e4abc21a5fea32ab687af2dc5bbaa70bbd3f1018e2a2e fetched and parsed in 75.649792ms
[2m2025-12-10T10:08:46.368749Z[0m [34mDEBUG[0m [2methereum_transaction_pool_monitor::mempool_monitor[0m[2m:[0m 🔍 Skipping tx 0xdd83801f2f343458be9e4abc21a5fea32ab687af2dc5bbaa70bbd3f1018e2a2e - not a DEX interaction (target: 0x869378E9b1bB377ca55fDF2dF9e4c250855aF795)
[2m2025-12-10T10:08:46.368761Z[0m [34mDEBUG[0m [2methereum_transaction_pool_monitor::mempool_monitor[0m[2m:[0m 📨 Processing new pending transaction: 0x92660952c303054d12f0077c5766324d9d12f671578af48bf16b035dd5ba2ef8
[2m2025-12-10T10:08:46.368766Z[0m [34mDEBUG[0m [2methereum_transaction_pool_monitor::mempool_monitor[0m[2m:[0m 🔍 Fetching transaction details for: 0x92660952c303054d12f0077c5766324d9d12f671578af48bf16b035dd5ba2ef8
[2m2025-12-10T10:08:46.368771Z[0m [34mDEBUG[0m [2methereum_transaction_pool_monitor::eth_client[0m[2m:[0m 🔍 Fetching transaction details for hash: 0x92660952c303054d12f0077c5766324d9d12f671578af48bf16b035dd5ba2ef8
[2m2025-12-10T10:08:46.368793Z[0m [34mDEBUG[0m [2mhyper::client::pool[0m[2m:[0m reuse idle connection for ("http", 192.168.0.14:8545)
[2m2025-12-10T10:08:46.368835Z[0m [34mDEBUG[0m [2mhyper::proto::h1::io[0m[2m:[0m flushed 250 bytes
[2m2025-12-10T10:08:46.368853Z[0m [34mDEBUG[0m [2mhyper::proto::h1::io[0m[2m:[0m parsed 4 headers
[2m2025-12-10T10:08:46.368857Z[0m [34mDEBUG[0m [2mhyper::proto::h1::conn[0m[2m:[0m incoming body is content-length (45 bytes)
[2m2025-12-10T10:08:46.368864Z[0m [34mDEBUG[0m [2mhyper::proto::h1::conn[0m[2m:[0m incoming body completed
[2m2025-12-10T10:08:46.368871Z[0m [34mDEBUG[0m [2mhyper::client::pool[0m[2m:[0m pooling idle connection for ("http", 192.168.0.14:8545)
[2m2025-12-10T10:08:46.375672Z[0m [34mDEBUG[0m [2mhyper::proto::h1::io[0m[2m:[0m parsed 4 headers
[2m2025-12-10T10:08:46.375681Z[0m [34mDEBUG[0m [2mhyper::proto::h1::conn[0m[2m:[0m incoming body is content-length (653 bytes)
[2m2025-12-10T10:08:46.375687Z[0m [34mDEBUG[0m [2mhyper::proto::h1::conn[0m[2m:[0m incoming body completed
[2m2025-12-10T10:08:46.375693Z[0m [34mDEBUG[0m [2mhyper::client::pool[0m[2m:[0m pooling idle connection for ("http", 192.168.0.14:8545)
[2m2025-12-10T10:08:46.375699Z[0m [34mDEBUG[0m [2methereum_transaction_pool_monitor::eth_client[0m[2m:[0m 📡 Transaction fetch RPC completed in 6.923792ms
[2m2025-12-10T10:08:46.445250Z[0m [34mDEBUG[0m [2methereum_transaction_pool_monitor::eth_client[0m[2m:[0m ✅ Transaction 0x92660952c303054d12f0077c5766324d9d12f671578af48bf16b035dd5ba2ef8 fetched and parsed in 76.472375ms
[2m2025-12-10T10:08:46.445278Z[0m [34mDEBUG[0m [2methereum_transaction_pool_monitor::mempool_monitor[0m[2m:[0m 🔍 Skipping tx 0x92660952c303054d12f0077c5766324d9d12f671578af48bf16b035dd5ba2ef8 - not a DEX interaction (target: 0xB0E75D88674621d4B1614312973BecBD14a89592)
[2m2025-12-10T10:08:46.445290Z[0m [34mDEBUG[0m [2methereum_transaction_pool_monitor::mempool_monitor[0m[2m:[0m 📨 Processing new pending transaction: 0x78db0a8a8374fb8376c7af1146fac598079e510885f075f006655720960b6d7a
[2m2025-12-10T10:08:46.445299Z[0m [34mDEBUG[0m [2methereum_transaction_pool_monitor::mempool_monitor[0m[2m:[0m 🔍 Fetching transaction details for: 0x78db0a8a8374fb8376c7af1146fac598079e510885f075f006655720960b6d7a
[2m2025-12-10T10:08:46.445305Z[0m [34mDEBUG[0m [2methereum_transaction_pool_monitor::eth_client[0m[2m:[0m 🔍 Fetching transaction details for hash: 0x78db0a8a8374fb8376c7af1146fac598079e510885f075f006655720960b6d7a
[2m2025-12-10T10:08:46.445327Z[0m [34mDEBUG[0m [2mhyper::client::pool[0m[2m:[0m reuse idle connection for ("http", 192.168.0.14:8545)
[2m2025-12-10T10:08:46.445379Z[0m [34mDEBUG[0m [2mhyper::proto::h1::io[0m[2m:[0m flushed 250 bytes
[2m2025-12-10T10:08:46.445411Z[0m [34mDEBUG[0m [2mhyper::client::pool[0m[2m:[0m reuse idle connection for ("http", 192.168.0.14:8545)
[2m2025-12-10T10:08:46.445426Z[0m [34mDEBUG[0m [2mhyper::proto::h1::io[0m[2m:[0m flushed 172 bytes
[2m2025-12-10T10:08:46.453481Z[0m [34mDEBUG[0m [2mhyper::proto::h1::io[0m[2m:[0m parsed 4 headers
[2m2025-12-10T10:08:46.453505Z[0m [34mDEBUG[0m [2mhyper::proto::h1::conn[0m[2m:[0m incoming body is content-length (2321 bytes)
[2m2025-12-10T10:08:46.453528Z[0m [34mDEBUG[0m [2methereum_transaction_pool_monitor::eth_client[0m[2m:[0m 📡 Transaction fetch RPC completed in 8.21475ms
[2m2025-12-10T10:08:46.455374Z[0m [34mDEBUG[0m [2mhyper::proto::h1::conn[0m[2m:[0m incoming body completed
[2m2025-12-10T10:08:46.455387Z[0m [34mDEBUG[0m [2mhyper::client::pool[0m[2m:[0m pooling idle connection for ("http", 192.168.0.14:8545)
[2m2025-12-10T10:08:46.455480Z[0m [34mDEBUG[0m [2mhyper::proto::h1::io[0m[2m:[0m parsed 4 headers
[2m2025-12-10T10:08:46.455486Z[0m [34mDEBUG[0m [2mhyper::proto::h1::conn[0m[2m:[0m incoming body is content-length (45 bytes)
[2m2025-12-10T10:08:46.455492Z[0m [34mDEBUG[0m [2mhyper::proto::h1::conn[0m[2m:[0m incoming body completed
[2m2025-12-10T10:08:46.455500Z[0m [34mDEBUG[0m [2mhyper::client::pool[0m[2m:[0m pooling idle connection for ("http", 192.168.0.14:8545)
[2m2025-12-10T10:08:46.496563Z[0m [34mDEBUG[0m [2mhyper::client::pool[0m[2m:[0m reuse idle connection for ("http", 192.168.0.14:8545)
[2m2025-12-10T10:08:46.496693Z[0m [34mDEBUG[0m [2mhyper::proto::h1::io[0m[2m:[0m flushed 172 bytes
[2m2025-12-10T10:08:46.499655Z[0m [34mDEBUG[0m [2mhyper::proto::h1::io[0m[2m:[0m parsed 4 headers
[2m2025-12-10T10:08:46.499699Z[0m [34mDEBUG[0m [2mhyper::proto::h1::conn[0m[2m:[0m incoming body is content-length (45 bytes)
[2m2025-12-10T10:08:46.499716Z[0m [34mDEBUG[0m [2mhyper::proto::h1::conn[0m[2m:[0m incoming body completed
[2m2025-12-10T10:08:46.499736Z[0m [34mDEBUG[0m [2mhyper::client::pool[0m[2m:[0m pooling idle connection for ("http", 192.168.0.14:8545)
[2m2025-12-10T10:08:46.530499Z[0m [34mDEBUG[0m [2methereum_transaction_pool_monitor::eth_client[0m[2m:[0m ✅ Transaction 0x78db0a8a8374fb8376c7af1146fac598079e510885f075f006655720960b6d7a fetched and parsed in 85.182709ms
[2m2025-12-10T10:08:46.530522Z[0m [34mDEBUG[0m [2methereum_transaction_pool_monitor::mempool_monitor[0m[2m:[0m 🔍 Skipping tx 0x78db0a8a8374fb8376c7af1146fac598079e510885f075f006655720960b6d7a - not a DEX interaction (target: 0xF6801D319497789f934ec7F83E142a9536312B08)
[2m2025-12-10T10:08:46.530551Z[0m [34mDEBUG[0m [2methereum_transaction_pool_monitor::mempool_monitor[0m[2m:[0m 📨 Processing new pending transaction: 0xa84ccaa49b8db3ad6fd8cb16fc9056a6b57837d341d270df3b0be5af2256defe
[2m2025-12-10T10:08:46.530594Z[0m [34mDEBUG[0m [2methereum_transaction_pool_monitor::mempool_monitor[0m[2m:[0m 🔍 Fetching transaction details for: 0xa84ccaa49b8db3ad6fd8cb16fc9056a6b57837d341d270df3b0be5af2256defe
[2m2025-12-10T10:08:46.530609Z[0m [34mDEBUG[0m [2methereum_transaction_pool_monitor::eth_client[0m[2m:[0m 🔍 Fetching transaction details for hash: 0xa84ccaa49b8db3ad6fd8cb16fc9056a6b57837d341d270df3b0be5af2256defe
[2m2025-12-10T10:08:46.530630Z[0m [34mDEBUG[0m [2mhyper::client::pool[0m[2m:[0m reuse idle connection for ("http", 192.168.0.14:8545)
[2m2025-12-10T10:08:46.530667Z[0m [34mDEBUG[0m [2mhyper::proto::h1::io[0m[2m:[0m flushed 250 bytes
[2m2025-12-10T10:08:46.533447Z[0m [34mDEBUG[0m [2methereum_transaction_pool_monitor::eth_client[0m[2m:[0m 📨 Received WebSocket message: {"jsonrpc":"2.0","method":"eth_subscription","params":{"subscription":"0xbed0a0851463e895960a451075a301a9","result":"0x4b630d0485921969ab49cf5121a8825989c854663ce57d0fbd140cbb49c87dbc"}}
[2m2025-12-10T10:08:46.533463Z[0m [34mDEBUG[0m [2methereum_transaction_pool_monitor::eth_client[0m[2m:[0m 📨 Received pending transaction: 0x4b630d0485921969ab49cf5121a8825989c854663ce57d0fbd140cbb49c87dbc
[2m2025-12-10T10:08:46.533975Z[0m [34mDEBUG[0m [2mhyper::proto::h1::io[0m[2m:[0m parsed 4 headers
[2m2025-12-10T10:08:46.533998Z[0m [34mDEBUG[0m [2mhyper::proto::h1::conn[0m[2m:[0m incoming body is content-length (642 bytes)
[2m2025-12-10T10:08:46.534014Z[0m [34mDEBUG[0m [2mhyper::proto::h1::conn[0m[2m:[0m incoming body completed
[2m2025-12-10T10:08:46.534034Z[0m [34mDEBUG[0m [2mhyper::client::pool[0m[2m:[0m pooling idle connection for ("http", 192.168.0.14:8545)
[2m2025-12-10T10:08:46.534059Z[0m [34mDEBUG[0m [2methereum_transaction_pool_monitor::eth_client[0m[2m:[0m 📡 Transaction fetch RPC completed in 3.443917ms
[2m2025-12-10T10:08:46.614546Z[0m [34mDEBUG[0m [2methereum_transaction_pool_monitor::eth_client[0m[2m:[0m ✅ Transaction 0xa84ccaa49b8db3ad6fd8cb16fc9056a6b57837d341d270df3b0be5af2256defe fetched and parsed in 83.928334ms
[2m2025-12-10T10:08:46.614575Z[0m [34mDEBUG[0m [2methereum_transaction_pool_monitor::mempool_monitor[0m[2m:[0m 🔍 Skipping tx 0xa84ccaa49b8db3ad6fd8cb16fc9056a6b57837d341d270df3b0be5af2256defe - not a DEX interaction (target: 0x8401a84A1c0b195789168E5679a75b7Ceda6549c)
[2m2025-12-10T10:08:46.614584Z[0m [34mDEBUG[0m [2methereum_transaction_pool_monitor::mempool_monitor[0m[2m:[0m 📨 Processing new pending transaction: 0xab93dc8891aea353f424166c7f806ab7082ae0387412756e81bed883b68e849a
[2m2025-12-10T10:08:46.614589Z[0m [34mDEBUG[0m [2methereum_transaction_pool_monitor::mempool_monitor[0m[2m:[0m 🔍 Fetching transaction details for: 0xab93dc8891aea353f424166c7f806ab7082ae0387412756e81bed883b68e849a
[2m2025-12-10T10:08:46.614593Z[0m [34mDEBUG[0m [2methereum_transaction_pool_monitor::eth_client[0m[2m:[0m 🔍 Fetching transaction details for hash: 0xab93dc8891aea353f424166c7f806ab7082ae0387412756e81bed883b68e849a
[2m2025-12-10T10:08:46.614612Z[0m [34mDEBUG[0m [2mhyper::client::pool[0m[2m:[0m reuse idle connection for ("http", 192.168.0.14:8545)
[2m2025-12-10T10:08:46.614671Z[0m [34mDEBUG[0m [2mhyper::proto::h1::io[0m[2m:[0m flushed 250 bytes
[2m2025-12-10T10:08:46.614699Z[0m [34mDEBUG[0m [2mhyper::client::pool[0m[2m:[0m reuse idle connection for ("http", 192.168.0.14:8545)
[2m2025-12-10T10:08:46.614715Z[0m [34mDEBUG[0m [2mhyper::proto::h1::io[0m[2m:[0m flushed 172 bytes
[2m2025-12-10T10:08:46.619609Z[0m [34mDEBUG[0m [2mhyper::proto::h1::io[0m[2m:[0m parsed 4 headers
[2m2025-12-10T10:08:46.619620Z[0m [34mDEBUG[0m [2mhyper::proto::h1::conn[0m[2m:[0m incoming body is content-length (45 bytes)
[2m2025-12-10T10:08:46.619629Z[0m [34mDEBUG[0m [2mhyper::proto::h1::conn[0m[2m:[0m incoming body completed
[2m2025-12-10T10:08:46.619641Z[0m [34mDEBUG[0m [2mhyper::client::pool[0m[2m:[0m pooling idle connection for ("http", 192.168.0.14:8545)
[2m2025-12-10T10:08:46.625481Z[0m [34mDEBUG[0m [2mhyper::proto::h1::io[0m[2m:[0m parsed 4 headers
[2m2025-12-10T10:08:46.625496Z[0m [34mDEBUG[0m [2mhyper::proto::h1::conn[0m[2m:[0m incoming body is content-length (832 bytes)
[2m2025-12-10T10:08:46.625504Z[0m [34mDEBUG[0m [2mhyper::proto::h1::conn[0m[2m:[0m incoming body completed
[2m2025-12-10T10:08:46.625514Z[0m [34mDEBUG[0m [2mhyper::client::pool[0m[2m:[0m pooling idle connection for ("http", 192.168.0.14:8545)
[2m2025-12-10T10:08:46.625521Z[0m [34mDEBUG[0m [2methereum_transaction_pool_monitor::eth_client[0m[2m:[0m 📡 Transaction fetch RPC completed in 10.923959ms
[2m2025-12-10T10:08:46.860046Z[0m [34mDEBUG[0m [2methereum_transaction_pool_monitor::eth_client[0m[2m:[0m ✅ Transaction 0xab93dc8891aea353f424166c7f806ab7082ae0387412756e81bed883b68e849a fetched and parsed in 245.442959ms
[2m2025-12-10T10:08:46.860079Z[0m [34mDEBUG[0m [2methereum_transaction_pool_monitor::mempool_monitor[0m[2m:[0m 🔍 Skipping tx 0xab93dc8891aea353f424166c7f806ab7082ae0387412756e81bed883b68e849a - not a DEX interaction (target: 0x3B4D794a66304F130a4Db8F2551B0070dfCf5ca7)
[2m2025-12-10T10:08:46.860091Z[0m [34mDEBUG[0m [2methereum_transaction_pool_monitor::mempool_monitor[0m[2m:[0m 📨 Processing new pending transaction: 0x821f9da9e9038c03a7e84f58bf7db56529a0cccae84d7ce7bb345d56acfb40d3
[2m2025-12-10T10:08:46.860100Z[0m [34mDEBUG[0m [2methereum_transaction_pool_monitor::mempool_monitor[0m[2m:[0m 🔍 Fetching transaction details for: 0x821f9da9e9038c03a7e84f58bf7db56529a0cccae84d7ce7bb345d56acfb40d3
[2m2025-12-10T10:08:46.860104Z[0m [34mDEBUG[0m [2methereum_transaction_pool_monitor::eth_client[0m[2m:[0m 🔍 Fetching transaction details for hash: 0x821f9da9e9038c03a7e84f58bf7db56529a0cccae84d7ce7bb345d56acfb40d3
[2m2025-12-10T10:08:46.860135Z[0m [34mDEBUG[0m [2mhyper::client::pool[0m[2m:[0m reuse idle connection for ("http", 192.168.0.14:8545)
[2m2025-12-10T10:08:46.860280Z[0m [34mDEBUG[0m [2mhyper::proto::h1::io[0m[2m:[0m flushed 250 bytes
[2m2025-12-10T10:08:46.860363Z[0m [34mDEBUG[0m [2mhyper::client::pool[0m[2m:[0m reuse idle connection for ("http", 192.168.0.14:8545)
[2m2025-12-10T10:08:46.860431Z[0m [34mDEBUG[0m [2mhyper::proto::h1::io[0m[2m:[0m flushed 172 bytes
[2m2025-12-10T10:08:46.860452Z[0m [34mDEBUG[0m [2methereum_transaction_pool_monitor::eth_client[0m[2m:[0m 📨 Received WebSocket message: {"jsonrpc":"2.0","method":"eth_subscription","params":{"subscription":"0xbed0a0851463e895960a451075a301a9","result":"0xfdb2f433f42451d0b5859f6390fa3dff70fc0bc54518c24ba763d83e3e84b3d1"}}
[2m2025-12-10T10:08:46.860468Z[0m [34mDEBUG[0m [2methereum_transaction_pool_monitor::eth_client[0m[2m:[0m 📨 Received pending transaction: 0xfdb2f433f42451d0b5859f6390fa3dff70fc0bc54518c24ba763d83e3e84b3d1
[2m2025-12-10T10:08:46.860479Z[0m [34mDEBUG[0m [2methereum_transaction_pool_monitor::eth_client[0m[2m:[0m 📨 Received WebSocket message: {"jsonrpc":"2.0","method":"eth_subscription","params":{"subscription":"0xbed0a0851463e895960a451075a301a9","result":"0x6c57ef2adaf99bf890435435f39c0c82914c112fe27bac91c6b58c7047016eab"}}
[2m2025-12-10T10:08:46.860490Z[0m [34mDEBUG[0m [2methereum_transaction_pool_monitor::eth_client[0m[2m:[0m 📨 Received pending transaction: 0x6c57ef2adaf99bf890435435f39c0c82914c112fe27bac91c6b58c7047016eab
[2m2025-12-10T10:08:46.860499Z[0m [34mDEBUG[0m [2methereum_transaction_pool_monitor::eth_client[0m[2m:[0m 📨 Received WebSocket message: {"jsonrpc":"2.0","method":"eth_subscription","params":{"subscription":"0xbed0a0851463e895960a451075a301a9","result":"0x89c7a644eaef540ecf4f07b1e99ed0b980bae11dbbea29703d5ec75cdc5156aa"}}
[2m2025-12-10T10:08:46.860509Z[0m [34mDEBUG[0m [2methereum_transaction_pool_monitor::eth_client[0m[2m:[0m 📨 Received pending transaction: 0x89c7a644eaef540ecf4f07b1e99ed0b980bae11dbbea29703d5ec75cdc5156aa
[2m2025-12-10T10:08:46.860518Z[0m [34mDEBUG[0m [2methereum_transaction_pool_monitor::eth_client[0m[2m:[0m 📨 Received WebSocket message: {"jsonrpc":"2.0","method":"eth_subscription","params":{"subscription":"0xbed0a0851463e895960a451075a301a9","result":"0x97860a27bc6891ab6294a0cfbad4ffca85de6883907b13fcdfae572d903e8fbe"}}
[2m2025-12-10T10:08:46.860529Z[0m [34mDEBUG[0m [2methereum_transaction_pool_monitor::eth_client[0m[2m:[0m 📨 Received pending transaction: 0x97860a27bc6891ab6294a0cfbad4ffca85de6883907b13fcdfae572d903e8fbe
[2m2025-12-10T10:08:46.865078Z[0m [34mDEBUG[0m [2mhyper::proto::h1::io[0m[2m:[0m parsed 4 headers
[2m2025-12-10T10:08:46.866170Z[0m [34mDEBUG[0m [2mhyper::proto::h1::conn[0m[2m:[0m incoming body is content-length (45 bytes)
[2m2025-12-10T10:08:46.866187Z[0m [34mDEBUG[0m [2mhyper::proto::h1::conn[0m[2m:[0m incoming body completed
[2m2025-12-10T10:08:46.866206Z[0m [34mDEBUG[0m [2mhyper::client::pool[0m[2m:[0m pooling idle connection for ("http", 192.168.0.14:8545)
[2m2025-12-10T10:08:46.866251Z[0m [34mDEBUG[0m [2mhyper::client::pool[0m[2m:[0m reuse idle connection for ("http", 192.168.0.14:8545)
[2m2025-12-10T10:08:46.866326Z[0m [34mDEBUG[0m [2mhyper::proto::h1::io[0m[2m:[0m flushed 172 bytes
[2m2025-12-10T10:08:46.869355Z[0m [34mDEBUG[0m [2mhyper::proto::h1::io[0m[2m:[0m parsed 4 headers
[2m2025-12-10T10:08:46.869396Z[0m [34mDEBUG[0m [2mhyper::proto::h1::conn[0m[2m:[0m incoming body is content-length (45 bytes)
[2m2025-12-10T10:08:46.869417Z[0m [34mDEBUG[0m [2mhyper::proto::h1::conn[0m[2m:[0m incoming body completed
[2m2025-12-10T10:08:46.869440Z[0m [34mDEBUG[0m [2mhyper::client::pool[0m[2m:[0m pooling idle connection for ("http", 192.168.0.14:8545)
[2m2025-12-10T10:08:46.869862Z[0m [34mDEBUG[0m [2mhyper::proto::h1::io[0m[2m:[0m parsed 4 headers
[2m2025-12-10T10:08:46.869879Z[0m [34mDEBUG[0m [2mhyper::proto::h1::conn[0m[2m:[0m incoming body is content-length (5381 bytes)
[2m2025-12-10T10:08:46.869899Z[0m [34mDEBUG[0m [2methereum_transaction_pool_monitor::eth_client[0m[2m:[0m 📡 Transaction fetch RPC completed in 9.784708ms
[2m2025-12-10T10:08:46.869921Z[0m [34mDEBUG[0m [2mhyper::proto::h1::conn[0m[2m:[0m incoming body completed
[2m2025-12-10T10:08:46.869931Z[0m [34mDEBUG[0m [2mhyper::client::pool[0m[2m:[0m pooling idle connection for ("http", 192.168.0.14:8545)
[2m2025-12-10T10:08:46.896333Z[0m [34mDEBUG[0m [2mhyper::client::pool[0m[2m:[0m reuse idle connection for ("http", 192.168.0.14:8545)
[2m2025-12-10T10:08:46.896469Z[0m [34mDEBUG[0m [2mhyper::proto::h1::io[0m[2m:[0m flushed 172 bytes
[2m2025-12-10T10:08:46.901409Z[0m [34mDEBUG[0m [2mhyper::proto::h1::io[0m[2m:[0m parsed 4 headers
[2m2025-12-10T10:08:46.901456Z[0m [34mDEBUG[0m [2mhyper::proto::h1::conn[0m[2m:[0m incoming body is content-length (45 bytes)
[2m2025-12-10T10:08:46.901492Z[0m [34mDEBUG[0m [2mhyper::proto::h1::conn[0m[2m:[0m incoming body completed
[2m2025-12-10T10:08:46.901530Z[0m [34mDEBUG[0m [2mhyper::client::pool[0m[2m:[0m pooling idle connection for ("http", 192.168.0.14:8545)
[2m2025-12-10T10:08:46.972354Z[0m [34mDEBUG[0m [2methereum_transaction_pool_monitor::eth_client[0m[2m:[0m 📨 Received WebSocket message: {"jsonrpc":"2.0","method":"eth_subscription","params":{"subscription":"0xbed0a0851463e895960a451075a301a9","result":"0x9582a615924cc9d1c8a52a2c7052876b4140218594e86bec823658d8e122d11a"}}
[2m2025-12-10T10:08:46.972420Z[0m [34mDEBUG[0m [2methereum_transaction_pool_monitor::eth_client[0m[2m:[0m 📨 Received pending transaction: 0x9582a615924cc9d1c8a52a2c7052876b4140218594e86bec823658d8e122d11a
[2m2025-12-10T10:08:46.980112Z[0m [34mDEBUG[0m [2methereum_transaction_pool_monitor::eth_client[0m[2m:[0m ✅ Transaction 0x821f9da9e9038c03a7e84f58bf7db56529a0cccae84d7ce7bb345d56acfb40d3 fetched and parsed in 119.993333ms
[2m2025-12-10T10:08:46.980184Z[0m [34mDEBUG[0m [2methereum_transaction_pool_monitor::mempool_monitor[0m[2m:[0m 🔍 Skipping tx 0x821f9da9e9038c03a7e84f58bf7db56529a0cccae84d7ce7bb345d56acfb40d3 - not a DEX interaction (target: 0x2e5110cF18678Ec99818bFAa849B8C881744b776)
[2m2025-12-10T10:08:46.980205Z[0m [34mDEBUG[0m [2methereum_transaction_pool_monitor::mempool_monitor[0m[2m:[0m 📨 Processing new pending transaction: 0x34cb9ba70bc6d69ddc84dd68e2c8684fbdc25d3985cf03c2e97a4b0579fc1f3e
[2m2025-12-10T10:08:46.980215Z[0m [34mDEBUG[0m [2methereum_transaction_pool_monitor::mempool_monitor[0m[2m:[0m 🔍 Fetching transaction details for: 0x34cb9ba70bc6d69ddc84dd68e2c8684fbdc25d3985cf03c2e97a4b0579fc1f3e
[2m2025-12-10T10:08:46.980223Z[0m [34mDEBUG[0m [2methereum_transaction_pool_monitor::eth_client[0m[2m:[0m 🔍 Fetching transaction details for hash: 0x34cb9ba70bc6d69ddc84dd68e2c8684fbdc25d3985cf03c2e97a4b0579fc1f3e
[2m2025-12-10T10:08:46.980259Z[0m [34mDEBUG[0m [2mhyper::client::pool[0m[2m:[0m reuse idle connection for ("http", 192.168.0.14:8545)
[2m2025-12-10T10:08:46.980321Z[0m [34mDEBUG[0m [2mhyper::proto::h1::io[0m[2m:[0m flushed 250 bytes
[2m2025-12-10T10:08:46.991358Z[0m [34mDEBUG[0m [2mhyper::proto::h1::io[0m[2m:[0m parsed 4 headers
[2m2025-12-10T10:08:46.991407Z[0m [34mDEBUG[0m [2mhyper::proto::h1::conn[0m[2m:[0m incoming body is content-length (772 bytes)
[2m2025-12-10T10:08:46.991425Z[0m [34mDEBUG[0m [2mhyper::proto::h1::conn[0m[2m:[0m incoming body completed
[2m2025-12-10T10:08:46.991465Z[0m [34mDEBUG[0m [2mhyper::client::pool[0m[2m:[0m pooling idle connection for ("http", 192.168.0.14:8545)
[2m2025-12-10T10:08:46.991480Z[0m [34mDEBUG[0m [2methereum_transaction_pool_monitor::eth_client[0m[2m:[0m 📡 Transaction fetch RPC completed in 11.248167ms
[2m2025-12-10T10:08:46.991501Z[0m [34mDEBUG[0m [2methereum_transaction_pool_monitor::eth_client[0m[2m:[0m DeFi transaction detected - Address: 0xdac17f958d2ee523a2206206994597c13d831ec7, Type: Stablecoin, Value: 0 ETH, Gas: 2.28 Gwei
[2m2025-12-10T10:08:46.991548Z[0m [34mDEBUG[0m [2methereum_transaction_pool_monitor::eth_client[0m[2m:[0m ✅ Transaction 0x34cb9ba70bc6d69ddc84dd68e2c8684fbdc25d3985cf03c2e97a4b0579fc1f3e fetched and parsed in 11.315542ms
[2m2025-12-10T10:08:46.991576Z[0m [34mDEBUG[0m [2methereum_transaction_pool_monitor::mempool_monitor[0m[2m:[0m 🔍 Skipping tx 0x34cb9ba70bc6d69ddc84dd68e2c8684fbdc25d3985cf03c2e97a4b0579fc1f3e - not a DEX interaction (target: 0xdAC17F958D2ee523a2206206994597C13D831ec7)
[2m2025-12-10T10:08:46.991597Z[0m [34mDEBUG[0m [2methereum_transaction_pool_monitor::mempool_monitor[0m[2m:[0m 📨 Processing new pending transaction: 0xe0c3ca6cecec1183c02fd2e6bd45d7b26000e23cef1600889313c688cf404437
[2m2025-12-10T10:08:46.991606Z[0m [34mDEBUG[0m [2methereum_transaction_pool_monitor::mempool_monitor[0m[2m:[0m 🔍 Fetching transaction details for: 0xe0c3ca6cecec1183c02fd2e6bd45d7b26000e23cef1600889313c688cf404437
[2m2025-12-10T10:08:46.991614Z[0m [34mDEBUG[0m [2methereum_transaction_pool_monitor::eth_client[0m[2m:[0m 🔍 Fetching transaction details for hash: 0xe0c3ca6cecec1183c02fd2e6bd45d7b26000e23cef1600889313c688cf404437
[2m2025-12-10T10:08:46.991649Z[0m [34mDEBUG[0m [2mhyper::client::pool[0m[2m:[0m reuse idle connection for ("http", 192.168.0.14:8545)
[2m2025-12-10T10:08:46.991714Z[0m [34mDEBUG[0m [2mhyper::proto::h1::io[0m[2m:[0m flushed 250 bytes
[2m2025-12-10T10:08:46.996371Z[0m [34mDEBUG[0m [2mhyper::client::pool[0m[2m:[0m reuse idle connection for ("http", 192.168.0.14:8545)
[2m2025-12-10T10:08:46.996442Z[0m [34mDEBUG[0m [2mhyper::proto::h1::io[0m[2m:[0m flushed 172 bytes
[2m2025-12-10T10:08:46.997298Z[0m [34mDEBUG[0m [2mhyper::proto::h1::io[0m[2m:[0m parsed 4 headers
[2m2025-12-10T10:08:46.997305Z[0m [34mDEBUG[0m [2mhyper::proto::h1::conn[0m[2m:[0m incoming body is content-length (771 bytes)
[2m2025-12-10T10:08:46.997316Z[0m [34mDEBUG[0m [2mhyper::proto::h1::conn[0m[2m:[0m incoming body completed
[2m2025-12-10T10:08:46.997332Z[0m [34mDEBUG[0m [2mhyper::client::pool[0m[2m:[0m pooling idle connection for ("http", 192.168.0.14:8545)
[2m2025-12-10T10:08:46.997340Z[0m [34mDEBUG[0m [2methereum_transaction_pool_monitor::eth_client[0m[2m:[0m 📡 Transaction fetch RPC completed in 5.708375ms
[2m2025-12-10T10:08:47.131377Z[0m [34mDEBUG[0m [2methereum_transaction_pool_monitor::eth_client[0m[2m:[0m ✅ Transaction 0xe0c3ca6cecec1183c02fd2e6bd45d7b26000e23cef1600889313c688cf404437 fetched and parsed in 139.740208ms
[2m2025-12-10T10:08:47.131417Z[0m [34mDEBUG[0m [2methereum_transaction_pool_monitor::mempool_monitor[0m[2m:[0m 🔍 Skipping tx 0xe0c3ca6cecec1183c02fd2e6bd45d7b26000e23cef1600889313c688cf404437 - not a DEX interaction (target: 0xB8f28C60dD8240141185a192fa4156A23E189305)
[2m2025-12-10T10:08:47.131431Z[0m [34mDEBUG[0m [2methereum_transaction_pool_monitor::mempool_monitor[0m[2m:[0m 📨 Processing new pending transaction: 0xa2658eead16fe666941e0c1eda4777505cbe310304a5a5448e3b35c49875437a
[2m2025-12-10T10:08:47.131437Z[0m [34mDEBUG[0m [2methereum_transaction_pool_monitor::mempool_monitor[0m[2m:[0m 🔍 Fetching transaction details for: 0xa2658eead16fe666941e0c1eda4777505cbe310304a5a5448e3b35c49875437a
[2m2025-12-10T10:08:47.131441Z[0m [34mDEBUG[0m [2methereum_transaction_pool_monitor::eth_client[0m[2m:[0m 🔍 Fetching transaction details for hash: 0xa2658eead16fe666941e0c1eda4777505cbe310304a5a5448e3b35c49875437a
[2m2025-12-10T10:08:47.131471Z[0m [34mDEBUG[0m [2mhyper::client::pool[0m[2m:[0m reuse idle connection for ("http", 192.168.0.14:8545)
[2m2025-12-10T10:08:47.131571Z[0m [34mDEBUG[0m [2mhyper::proto::h1::io[0m[2m:[0m flushed 250 bytes
[2m2025-12-10T10:08:47.131634Z[0m [34mDEBUG[0m [2methereum_transaction_pool_monitor::eth_client[0m[2m:[0m 📨 Received WebSocket message: {"jsonrpc":"2.0","method":"eth_subscription","params":{"subscription":"0xbed0a0851463e895960a451075a301a9","result":"0xd7a108bad6e3e3df291c78b08d90a161e35e641d62525970d82689ee93d86bb5"}}
[2m2025-12-10T10:08:47.131637Z[0m [34mDEBUG[0m [2mhyper::proto::h1::io[0m[2m:[0m parsed 4 headers
[2m2025-12-10T10:08:47.131676Z[0m [34mDEBUG[0m [2mhyper::proto::h1::conn[0m[2m:[0m incoming body is content-length (45 bytes)
[2m2025-12-10T10:08:47.131677Z[0m [34mDEBUG[0m [2methereum_transaction_pool_monitor::eth_client[0m[2m:[0m 📨 Received pending transaction: 0xd7a108bad6e3e3df291c78b08d90a161e35e641d62525970d82689ee93d86bb5
[2m2025-12-10T10:08:47.131700Z[0m [34mDEBUG[0m [2mhyper::proto::h1::conn[0m[2m:[0m incoming body completed
[2m2025-12-10T10:08:47.131721Z[0m [34mDEBUG[0m [2mhyper::client::pool[0m[2m:[0m pooling idle connection for ("http", 192.168.0.14:8545)
[2m2025-12-10T10:08:47.131764Z[0m [34mDEBUG[0m [2mhyper::client::pool[0m[2m:[0m reuse idle connection for ("http", 192.168.0.14:8545)
[2m2025-12-10T10:08:47.131828Z[0m [34mDEBUG[0m [2mhyper::proto::h1::io[0m[2m:[0m flushed 172 bytes
[2m2025-12-10T10:08:47.134719Z[0m [34mDEBUG[0m [2mhyper::proto::h1::io[0m[2m:[0m parsed 4 headers
[2m2025-12-10T10:08:47.134757Z[0m [34mDEBUG[0m [2mhyper::proto::h1::conn[0m[2m:[0m incoming body is content-length (4430 bytes)
[2m2025-12-10T10:08:47.134805Z[0m [34mDEBUG[0m [2methereum_transaction_pool_monitor::eth_client[0m[2m:[0m 📡 Transaction fetch RPC completed in 3.360125ms
[2m2025-12-10T10:08:47.135152Z[0m [34mDEBUG[0m [2mhyper::proto::h1::conn[0m[2m:[0m incoming body completed
[2m2025-12-10T10:08:47.135228Z[0m [34mDEBUG[0m [2mhyper::client::pool[0m[2m:[0m pooling idle connection for ("http", 192.168.0.14:8545)
[2m2025-12-10T10:08:47.136100Z[0m [34mDEBUG[0m [2mhyper::proto::h1::io[0m[2m:[0m parsed 4 headers
[2m2025-12-10T10:08:47.136152Z[0m [34mDEBUG[0m [2mhyper::proto::h1::conn[0m[2m:[0m incoming body is content-length (45 bytes)
[2m2025-12-10T10:08:47.136173Z[0m [34mDEBUG[0m [2mhyper::proto::h1::conn[0m[2m:[0m incoming body completed
[2m2025-12-10T10:08:47.136194Z[0m [34mDEBUG[0m [2mhyper::client::pool[0m[2m:[0m pooling idle connection for ("http", 192.168.0.14:8545)
[2m2025-12-10T10:08:47.196475Z[0m [34mDEBUG[0m [2mhyper::client::pool[0m[2m:[0m reuse idle connection for ("http", 192.168.0.14:8545)
[2m2025-12-10T10:08:47.196615Z[0m [34mDEBUG[0m [2mhyper::proto::h1::io[0m[2m:[0m flushed 172 bytes
[2m2025-12-10T10:08:47.199608Z[0m [34mDEBUG[0m [2mhyper::proto::h1::io[0m[2m:[0m parsed 4 headers
[2m2025-12-10T10:08:47.199637Z[0m [34mDEBUG[0m [2mhyper::proto::h1::conn[0m[2m:[0m incoming body is content-length (45 bytes)
[2m2025-12-10T10:08:47.199647Z[0m [34mDEBUG[0m [2mhyper::proto::h1::conn[0m[2m:[0m incoming body completed
[2m2025-12-10T10:08:47.199662Z[0m [34mDEBUG[0m [2mhyper::client::pool[0m[2m:[0m pooling idle connection for ("http", 192.168.0.14:8545)
[2m2025-12-10T10:08:47.280647Z[0m [34mDEBUG[0m [2methereum_transaction_pool_monitor::eth_client[0m[2m:[0m ✅ Transaction 0xa2658eead16fe666941e0c1eda4777505cbe310304a5a5448e3b35c49875437a fetched and parsed in 149.196458ms
[2m2025-12-10T10:08:47.280711Z[0m [34mDEBUG[0m [2methereum_transaction_pool_monitor::mempool_monitor[0m[2m:[0m 🔍 Skipping tx 0xa2658eead16fe666941e0c1eda4777505cbe310304a5a5448e3b35c49875437a - not a DEX interaction (target: 0x111111125421cA6dc452d289314280a0f8842A65)
[2m2025-12-10T10:08:47.280738Z[0m [34mDEBUG[0m [2methereum_transaction_pool_monitor::mempool_monitor[0m[2m:[0m 📨 Processing new pending transaction: 0x72a26d99916f8504f540597b9972765bae394c86f23e089e9f8960882ac4fab0
[2m2025-12-10T10:08:47.280751Z[0m [34mDEBUG[0m [2methereum_transaction_pool_monitor::mempool_monitor[0m[2m:[0m 🔍 Fetching transaction details for: 0x72a26d99916f8504f540597b9972765bae394c86f23e089e9f8960882ac4fab0
[2m2025-12-10T10:08:47.280760Z[0m [34mDEBUG[0m [2methereum_transaction_pool_monitor::eth_client[0m[2m:[0m 🔍 Fetching transaction details for hash: 0x72a26d99916f8504f540597b9972765bae394c86f23e089e9f8960882ac4fab0
[2m2025-12-10T10:08:47.280795Z[0m [34mDEBUG[0m [2mhyper::client::pool[0m[2m:[0m reuse idle connection for ("http", 192.168.0.14:8545)
[2m2025-12-10T10:08:47.280918Z[0m [34mDEBUG[0m [2mhyper::proto::h1::io[0m[2m:[0m flushed 250 bytes
[2m2025-12-10T10:08:47.283948Z[0m [34mDEBUG[0m [2mhyper::proto::h1::io[0m[2m:[0m parsed 4 headers
[2m2025-12-10T10:08:47.283988Z[0m [34mDEBUG[0m [2mhyper::proto::h1::conn[0m[2m:[0m incoming body is content-length (640 bytes)
[2m2025-12-10T10:08:47.284006Z[0m [34mDEBUG[0m [2mhyper::proto::h1::conn[0m[2m:[0m incoming body completed
[2m2025-12-10T10:08:47.284035Z[0m [34mDEBUG[0m [2mhyper::client::pool[0m[2m:[0m pooling idle connection for ("http", 192.168.0.14:8545)
[2m2025-12-10T10:08:47.284052Z[0m [34mDEBUG[0m [2methereum_transaction_pool_monitor::eth_client[0m[2m:[0m 📡 Transaction fetch RPC completed in 3.283791ms
[2m2025-12-10T10:08:47.459983Z[0m [34mDEBUG[0m [2methereum_transaction_pool_monitor::eth_client[0m[2m:[0m ✅ Transaction 0x72a26d99916f8504f540597b9972765bae394c86f23e089e9f8960882ac4fab0 fetched and parsed in 179.209666ms
[2m2025-12-10T10:08:47.460008Z[0m [34mDEBUG[0m [2methereum_transaction_pool_monitor::mempool_monitor[0m[2m:[0m 🔍 Skipping tx 0x72a26d99916f8504f540597b9972765bae394c86f23e089e9f8960882ac4fab0 - not a DEX interaction (target: 0x9a6508dB8aD88E0BA40d8cd4c88e45E4570F4eD5)
[2m2025-12-10T10:08:47.460019Z[0m [34mDEBUG[0m [2methereum_transaction_pool_monitor::mempool_monitor[0m[2m:[0m 📨 Processing new pending transaction: 0xb76ced48056e0226da318c2aea475ff4c81b71d04fdb0fb9cbabeedc0ef4d889
[2m2025-12-10T10:08:47.460023Z[0m [34mDEBUG[0m [2methereum_transaction_pool_monitor::mempool_monitor[0m[2m:[0m 🔍 Fetching transaction details for: 0xb76ced48056e0226da318c2aea475ff4c81b71d04fdb0fb9cbabeedc0ef4d889
[2m2025-12-10T10:08:47.460027Z[0m [34mDEBUG[0m [2methereum_transaction_pool_monitor::eth_client[0m[2m:[0m 🔍 Fetching transaction details for hash: 0xb76ced48056e0226da318c2aea475ff4c81b71d04fdb0fb9cbabeedc0ef4d889
[2m2025-12-10T10:08:47.460051Z[0m [34mDEBUG[0m [2mhyper::client::pool[0m[2m:[0m reuse idle connection for ("http", 192.168.0.14:8545)
[2m2025-12-10T10:08:47.460099Z[0m [34mDEBUG[0m [2mhyper::proto::h1::io[0m[2m:[0m flushed 250 bytes
[2m2025-12-10T10:08:47.460122Z[0m [34mDEBUG[0m [2mhyper::client::pool[0m[2m:[0m reuse idle connection for ("http", 192.168.0.14:8545)
[2m2025-12-10T10:08:47.460139Z[0m [34mDEBUG[0m [2mhyper::proto::h1::io[0m[2m:[0m flushed 172 bytes
[2m2025-12-10T10:08:47.460151Z[0m [34mDEBUG[0m [2methereum_transaction_pool_monitor::eth_client[0m[2m:[0m 📨 Received WebSocket message: {"jsonrpc":"2.0","method":"eth_subscription","params":{"subscription":"0xbed0a0851463e895960a451075a301a9","result":"0xbfe37076f3480b8a09eb0aec4e142b5b8aba4c34aea2b157eb765a5f096b839a"}}
[2m2025-12-10T10:08:47.460158Z[0m [34mDEBUG[0m [2methereum_transaction_pool_monitor::eth_client[0m[2m:[0m 📨 Received pending transaction: 0xbfe37076f3480b8a09eb0aec4e142b5b8aba4c34aea2b157eb765a5f096b839a
[2m2025-12-10T10:08:47.460162Z[0m [34mDEBUG[0m [2methereum_transaction_pool_monitor::eth_client[0m[2m:[0m 📨 Received WebSocket message: {"jsonrpc":"2.0","method":"eth_subscription","params":{"subscription":"0xbed0a0851463e895960a451075a301a9","result":"0x6701478fbca90f45908aa20b3be4e4697171afa14ac3ed402f353ee9db7f8831"}}
[2m2025-12-10T10:08:47.460167Z[0m [34mDEBUG[0m [2methereum_transaction_pool_monitor::eth_client[0m[2m:[0m 📨 Received pending transaction: 0x6701478fbca90f45908aa20b3be4e4697171afa14ac3ed402f353ee9db7f8831
[2m2025-12-10T10:08:47.460171Z[0m [34mDEBUG[0m [2methereum_transaction_pool_monitor::eth_client[0m[2m:[0m 📨 Received WebSocket message: {"jsonrpc":"2.0","method":"eth_subscription","params":{"subscription":"0xbed0a0851463e895960a451075a301a9","result":"0x2bef676989e9291182c4cb21850bafdaea749808df843b3db8aff5affdb64665"}}
[2m2025-12-10T10:08:47.460176Z[0m [34mDEBUG[0m [2methereum_transaction_pool_monitor::eth_client[0m[2m:[0m 📨 Received pending transaction: 0x2bef676989e9291182c4cb21850bafdaea749808df843b3db8aff5affdb64665
[2m2025-12-10T10:08:47.460179Z[0m [34mDEBUG[0m [2methereum_transaction_pool_monitor::eth_client[0m[2m:[0m 📨 Received WebSocket message: {"jsonrpc":"2.0","method":"eth_subscription","params":{"subscription":"0xbed0a0851463e895960a451075a301a9","result":"0x5d72555b93438a2f786ea4de5a3135a7a8a0459ecd332c8ca9cd813a854d0ba0"}}
[2m2025-12-10T10:08:47.460184Z[0m [34mDEBUG[0m [2methereum_transaction_pool_monitor::eth_client[0m[2m:[0m 📨 Received pending transaction: 0x5d72555b93438a2f786ea4de5a3135a7a8a0459ecd332c8ca9cd813a854d0ba0
[2m2025-12-10T10:08:47.460188Z[0m [34mDEBUG[0m [2methereum_transaction_pool_monitor::eth_client[0m[2m:[0m 📨 Received WebSocket message: {"jsonrpc":"2.0","method":"eth_subscription","params":{"subscription":"0xbed0a0851463e895960a451075a301a9","result":"0x146dead80c362bde00a92cb88c470b1a6a769b7cc11817f29ab14e653a6c470f"}}
[2m2025-12-10T10:08:47.460192Z[0m [34mDEBUG[0m [2methereum_transaction_pool_monitor::eth_client[0m[2m:[0m 📨 Received pending transaction: 0x146dead80c362bde00a92cb88c470b1a6a769b7cc11817f29ab14e653a6c470f
[2m2025-12-10T10:08:47.460196Z[0m [34mDEBUG[0m [2methereum_transaction_pool_monitor::eth_client[0m[2m:[0m 📨 Received WebSocket message: {"jsonrpc":"2.0","method":"eth_subscription","params":{"subscription":"0xbed0a0851463e895960a451075a301a9","result":"0x4a79b1eb5b8978e76d94cc28c2fc8a3bb75aaf39774e331f1b82c39c4e9554dc"}}
[2m2025-12-10T10:08:47.460200Z[0m [34mDEBUG[0m [2methereum_transaction_pool_monitor::eth_client[0m[2m:[0m 📨 Received pending transaction: 0x4a79b1eb5b8978e76d94cc28c2fc8a3bb75aaf39774e331f1b82c39c4e9554dc
[2m2025-12-10T10:08:47.469659Z[0m [34mDEBUG[0m [2mhyper::proto::h1::io[0m[2m:[0m parsed 4 headers
[2m2025-12-10T10:08:47.469659Z[0m [34mDEBUG[0m [2mhyper::proto::h1::io[0m[2m:[0m parsed 4 headers
[2m2025-12-10T10:08:47.469687Z[0m [34mDEBUG[0m [2mhyper::proto::h1::conn[0m[2m:[0m incoming body is content-length (770 bytes)
[2m2025-12-10T10:08:47.469690Z[0m [34mDEBUG[0m [2mhyper::proto::h1::conn[0m[2m:[0m incoming body is content-length (45 bytes)
[2m2025-12-10T10:08:47.469699Z[0m [34mDEBUG[0m [2mhyper::proto::h1::conn[0m[2m:[0m incoming body completed
[2m2025-12-10T10:08:47.469699Z[0m [34mDEBUG[0m [2mhyper::proto::h1::conn[0m[2m:[0m incoming body completed
[2m2025-12-10T10:08:47.469714Z[0m [34mDEBUG[0m [2mhyper::client::pool[0m[2m:[0m pooling idle connection for ("http", 192.168.0.14:8545)
[2m2025-12-10T10:08:47.469715Z[0m [34mDEBUG[0m [2mhyper::client::pool[0m[2m:[0m pooling idle connection for ("http", 192.168.0.14:8545)
[2m2025-12-10T10:08:47.469730Z[0m [34mDEBUG[0m [2methereum_transaction_pool_monitor::eth_client[0m[2m:[0m 📡 Transaction fetch RPC completed in 9.698667ms
[2m2025-12-10T10:08:47.469745Z[0m [34mDEBUG[0m [2methereum_transaction_pool_monitor::eth_client[0m[2m:[0m DeFi transaction detected - Address: 0xdac17f958d2ee523a2206206994597c13d831ec7, Type: Stablecoin, Value: 0 ETH, Gas: 0.24 Gwei
[2m2025-12-10T10:08:47.469748Z[0m [34mDEBUG[0m [2mhyper::client::pool[0m[2m:[0m reuse idle connection for ("http", 192.168.0.14:8545)
[2m2025-12-10T10:08:47.469759Z[0m [34mDEBUG[0m [2methereum_transaction_pool_monitor::eth_client[0m[2m:[0m ✅ Transaction 0xb76ced48056e0226da318c2aea475ff4c81b71d04fdb0fb9cbabeedc0ef4d889 fetched and parsed in 9.727792ms
[2m2025-12-10T10:08:47.469770Z[0m [34mDEBUG[0m [2methereum_transaction_pool_monitor::mempool_monitor[0m[2m:[0m 🔍 Skipping tx 0xb76ced48056e0226da318c2aea475ff4c81b71d04fdb0fb9cbabeedc0ef4d889 - not a DEX interaction (target: 0xdAC17F958D2ee523a2206206994597C13D831ec7)
[2m2025-12-10T10:08:47.469780Z[0m [34mDEBUG[0m [2methereum_transaction_pool_monitor::mempool_monitor[0m[2m:[0m 📨 Processing new pending transaction: 0x79610420735492916661db28c8ce9c5fd85f92d3f7aef80a0fefc4c917c11b25
[2m2025-12-10T10:08:47.469784Z[0m [34mDEBUG[0m [2methereum_transaction_pool_monitor::mempool_monitor[0m[2m:[0m 🔍 Fetching transaction details for: 0x79610420735492916661db28c8ce9c5fd85f92d3f7aef80a0fefc4c917c11b25
[2m2025-12-10T10:08:47.469785Z[0m [34mDEBUG[0m [2mhyper::proto::h1::io[0m[2m:[0m flushed 172 bytes
[2m2025-12-10T10:08:47.469789Z[0m [34mDEBUG[0m [2methereum_transaction_pool_monitor::eth_client[0m[2m:[0m 🔍 Fetching transaction details for hash: 0x79610420735492916661db28c8ce9c5fd85f92d3f7aef80a0fefc4c917c11b25
[2m2025-12-10T10:08:47.469801Z[0m [34mDEBUG[0m [2mhyper::client::pool[0m[2m:[0m reuse idle connection for ("http", 192.168.0.14:8545)
[2m2025-12-10T10:08:47.469823Z[0m [34mDEBUG[0m [2mhyper::proto::h1::io[0m[2m:[0m flushed 250 bytes
[2m2025-12-10T10:08:47.474360Z[0m [34mDEBUG[0m [2mhyper::proto::h1::io[0m[2m:[0m parsed 4 headers
[2m2025-12-10T10:08:47.474376Z[0m [34mDEBUG[0m [2mhyper::proto::h1::conn[0m[2m:[0m incoming body is content-length (45 bytes)
[2m2025-12-10T10:08:47.474385Z[0m [34mDEBUG[0m [2mhyper::proto::h1::conn[0m[2m:[0m incoming body completed
[2m2025-12-10T10:08:47.474396Z[0m [34mDEBUG[0m [2mhyper::client::pool[0m[2m:[0m pooling idle connection for ("http", 192.168.0.14:8545)
[2m2025-12-10T10:08:47.475149Z[0m [34mDEBUG[0m [2mhyper::proto::h1::io[0m[2m:[0m parsed 4 headers
[2m2025-12-10T10:08:47.475158Z[0m [34mDEBUG[0m [2mhyper::proto::h1::conn[0m[2m:[0m incoming body is content-length (771 bytes)
[2m2025-12-10T10:08:47.475163Z[0m [34mDEBUG[0m [2mhyper::proto::h1::conn[0m[2m:[0m incoming body completed
[2m2025-12-10T10:08:47.475170Z[0m [34mDEBUG[0m [2mhyper::client::pool[0m[2m:[0m pooling idle connection for ("http", 192.168.0.14:8545)
[2m2025-12-10T10:08:47.475175Z[0m [34mDEBUG[0m [2methereum_transaction_pool_monitor::eth_client[0m[2m:[0m 📡 Transaction fetch RPC completed in 5.381375ms
[2m2025-12-10T10:08:47.579498Z[0m [34mDEBUG[0m [2methereum_transaction_pool_monitor::eth_client[0m[2m:[0m ✅ Transaction 0x79610420735492916661db28c8ce9c5fd85f92d3f7aef80a0fefc4c917c11b25 fetched and parsed in 109.693208ms
[2m2025-12-10T10:08:47.579537Z[0m [34mDEBUG[0m [2methereum_transaction_pool_monitor::mempool_monitor[0m[2m:[0m 🔍 Skipping tx 0x79610420735492916661db28c8ce9c5fd85f92d3f7aef80a0fefc4c917c11b25 - not a DEX interaction (target: 0xB8f28C60dD8240141185a192fa4156A23E189305)
[2m2025-12-10T10:08:47.579552Z[0m [34mDEBUG[0m [2methereum_transaction_pool_monitor::mempool_monitor[0m[2m:[0m 📨 Processing new pending transaction: 0xe17a6227b2a04f41a5d984fa2c1d6dd18a6375f4381b81e9d24c34f7cb421bcf
[2m2025-12-10T10:08:47.579556Z[0m [34mDEBUG[0m [2methereum_transaction_pool_monitor::mempool_monitor[0m[2m:[0m 🔍 Fetching transaction details for: 0xe17a6227b2a04f41a5d984fa2c1d6dd18a6375f4381b81e9d24c34f7cb421bcf
[2m2025-12-10T10:08:47.579560Z[0m [34mDEBUG[0m [2methereum_transaction_pool_monitor::eth_client[0m[2m:[0m 🔍 Fetching transaction details for hash: 0xe17a6227b2a04f41a5d984fa2c1d6dd18a6375f4381b81e9d24c34f7cb421bcf
[2m2025-12-10T10:08:47.579592Z[0m [34mDEBUG[0m [2mhyper::client::pool[0m[2m:[0m reuse idle connection for ("http", 192.168.0.14:8545)
[2m2025-12-10T10:08:47.579684Z[0m [34mDEBUG[0m [2mhyper::proto::h1::io[0m[2m:[0m flushed 250 bytes
[2m2025-12-10T10:08:47.579725Z[0m [34mDEBUG[0m [2mhyper::client::pool[0m[2m:[0m reuse idle connection for ("http", 192.168.0.14:8545)
[2m2025-12-10T10:08:47.579748Z[0m [34mDEBUG[0m [2mhyper::proto::h1::io[0m[2m:[0m flushed 172 bytes
[2m2025-12-10T10:08:47.579754Z[0m [34mDEBUG[0m [2methereum_transaction_pool_monitor::eth_client[0m[2m:[0m 📨 Received WebSocket message: {"jsonrpc":"2.0","method":"eth_subscription","params":{"subscription":"0xbed0a0851463e895960a451075a301a9","result":"0x802efc78be670e0af3ea4e3fab6e9c1c67166f9d14e74df03aa7c3f25f0a6163"}}
[2m2025-12-10T10:08:47.579781Z[0m [34mDEBUG[0m [2methereum_transaction_pool_monitor::eth_client[0m[2m:[0m 📨 Received pending transaction: 0x802efc78be670e0af3ea4e3fab6e9c1c67166f9d14e74df03aa7c3f25f0a6163
[2m2025-12-10T10:08:47.579790Z[0m [34mDEBUG[0m [2methereum_transaction_pool_monitor::eth_client[0m[2m:[0m 📨 Received WebSocket message: {"jsonrpc":"2.0","method":"eth_subscription","params":{"subscription":"0xbed0a0851463e895960a451075a301a9","result":"0xcb9815ed39d5b0f8671b0ebdec2664d8e340c577c0462244538dcc51cfb08af2"}}
[2m2025-12-10T10:08:47.579795Z[0m [34mDEBUG[0m [2methereum_transaction_pool_monitor::eth_client[0m[2m:[0m 📨 Received pending transaction: 0xcb9815ed39d5b0f8671b0ebdec2664d8e340c577c0462244538dcc51cfb08af2
[2m2025-12-10T10:08:47.607994Z[0m [34mDEBUG[0m [2mhyper::proto::h1::io[0m[2m:[0m parsed 4 headers
[2m2025-12-10T10:08:47.608018Z[0m [34mDEBUG[0m [2mhyper::proto::h1::conn[0m[2m:[0m incoming body is content-length (769 bytes)
[2m2025-12-10T10:08:47.608034Z[0m [34mDEBUG[0m [2mhyper::proto::h1::conn[0m[2m:[0m incoming body completed
[2m2025-12-10T10:08:47.608059Z[0m [34mDEBUG[0m [2mhyper::client::pool[0m[2m:[0m pooling idle connection for ("http", 192.168.0.14:8545)
[2m2025-12-10T10:08:47.608088Z[0m [34mDEBUG[0m [2methereum_transaction_pool_monitor::eth_client[0m[2m:[0m 📡 Transaction fetch RPC completed in 28.523458ms
[2m2025-12-10T10:08:47.608113Z[0m [34mDEBUG[0m [2methereum_transaction_pool_monitor::eth_client[0m[2m:[0m DeFi transaction detected - Address: 0xdac17f958d2ee523a2206206994597c13d831ec7, Type: Stablecoin, Value: 0 ETH, Gas: 0.33 Gwei
[2m2025-12-10T10:08:47.608130Z[0m [34mDEBUG[0m [2methereum_transaction_pool_monitor::eth_client[0m[2m:[0m ✅ Transaction 0xe17a6227b2a04f41a5d984fa2c1d6dd18a6375f4381b81e9d24c34f7cb421bcf fetched and parsed in 28.565791ms
[2m2025-12-10T10:08:47.608140Z[0m [34mDEBUG[0m [2methereum_transaction_pool_monitor::mempool_monitor[0m[2m:[0m 🔍 Skipping tx 0xe17a6227b2a04f41a5d984fa2c1d6dd18a6375f4381b81e9d24c34f7cb421bcf - not a DEX interaction (target: 0xdAC17F958D2ee523a2206206994597C13D831ec7)
[2m2025-12-10T10:08:47.608148Z[0m [34mDEBUG[0m [2methereum_transaction_pool_monitor::mempool_monitor[0m[2m:[0m 📨 Processing new pending transaction: 0x24d29ec16419682678934c66041a58951d92fbcdd063e3cb6145cb525d5f3fe3
[2m2025-12-10T10:08:47.608152Z[0m [34mDEBUG[0m [2methereum_transaction_pool_monitor::mempool_monitor[0m[2m:[0m 🔍 Fetching transaction details for: 0x24d29ec16419682678934c66041a58951d92fbcdd063e3cb6145cb525d5f3fe3
[2m2025-12-10T10:08:47.608156Z[0m [34mDEBUG[0m [2methereum_transaction_pool_monitor::eth_client[0m[2m:[0m 🔍 Fetching transaction details for hash: 0x24d29ec16419682678934c66041a58951d92fbcdd063e3cb6145cb525d5f3fe3
[2m2025-12-10T10:08:47.608177Z[0m [34mDEBUG[0m [2mhyper::client::pool[0m[2m:[0m reuse idle connection for ("http", 192.168.0.14:8545)
[2m2025-12-10T10:08:47.608218Z[0m [34mDEBUG[0m [2mhyper::proto::h1::io[0m[2m:[0m flushed 250 bytes
[2m2025-12-10T10:08:47.608229Z[0m [34mDEBUG[0m [2mhyper::proto::h1::io[0m[2m:[0m parsed 4 headers
[2m2025-12-10T10:08:47.608234Z[0m [34mDEBUG[0m [2mhyper::proto::h1::conn[0m[2m:[0m incoming body is content-length (45 bytes)
[2m2025-12-10T10:08:47.608239Z[0m [34mDEBUG[0m [2mhyper::proto::h1::conn[0m[2m:[0m incoming body completed
[2m2025-12-10T10:08:47.608247Z[0m [34mDEBUG[0m [2mhyper::client::pool[0m[2m:[0m pooling idle connection for ("http", 192.168.0.14:8545)
[2m2025-12-10T10:08:47.608261Z[0m [34mDEBUG[0m [2mhyper::client::pool[0m[2m:[0m reuse idle connection for ("http", 192.168.0.14:8545)
[2m2025-12-10T10:08:47.608278Z[0m [34mDEBUG[0m [2mhyper::proto::h1::io[0m[2m:[0m flushed 172 bytes
[2m2025-12-10T10:08:47.621271Z[0m [34mDEBUG[0m [2methereum_transaction_pool_monitor::eth_client[0m[2m:[0m 📨 Received WebSocket message: {"jsonrpc":"2.0","method":"eth_subscription","params":{"subscription":"0xbed0a0851463e895960a451075a301a9","result":"0x2671aed84a72521203950d5d3cd69135220e7d70fe846d1cc73ffe6cb1eb25cd"}}
[2m2025-12-10T10:08:47.621297Z[0m [34mDEBUG[0m [2methereum_transaction_pool_monitor::eth_client[0m[2m:[0m 📨 Received pending transaction: 0x2671aed84a72521203950d5d3cd69135220e7d70fe846d1cc73ffe6cb1eb25cd
[2m2025-12-10T10:08:47.630943Z[0m [34mDEBUG[0m [2mhyper::proto::h1::io[0m[2m:[0m parsed 4 headers
[2m2025-12-10T10:08:47.630963Z[0m [34mDEBUG[0m [2mhyper::proto::h1::conn[0m[2m:[0m incoming body is content-length (775 bytes)
[2m2025-12-10T10:08:47.630971Z[0m [34mDEBUG[0m [2mhyper::proto::h1::conn[0m[2m:[0m incoming body completed
[2m2025-12-10T10:08:47.630983Z[0m [34mDEBUG[0m [2mhyper::client::pool[0m[2m:[0m pooling idle connection for ("http", 192.168.0.14:8545)
[2m2025-12-10T10:08:47.630992Z[0m [34mDEBUG[0m [2methereum_transaction_pool_monitor::eth_client[0m[2m:[0m 📡 Transaction fetch RPC completed in 22.832625ms
[2m2025-12-10T10:08:47.720036Z[0m [34mDEBUG[0m [2methereum_transaction_pool_monitor::eth_client[0m[2m:[0m ✅ Transaction 0x24d29ec16419682678934c66041a58951d92fbcdd063e3cb6145cb525d5f3fe3 fetched and parsed in 111.872417ms
[2m2025-12-10T10:08:47.720061Z[0m [34mDEBUG[0m [2methereum_transaction_pool_monitor::mempool_monitor[0m[2m:[0m 🔍 Skipping tx 0x24d29ec16419682678934c66041a58951d92fbcdd063e3cb6145cb525d5f3fe3 - not a DEX interaction (target: 0xA0b86991c6218b36c1d19D4a2e9Eb0cE3606eB48)
[2m2025-12-10T10:08:47.720071Z[0m [34mDEBUG[0m [2methereum_transaction_pool_monitor::mempool_monitor[0m[2m:[0m 📨 Processing new pending transaction: 0xb4e06945a6a483e0d93b5c18c841bcd8d9f3ce086a5857c9474c2ebbebf576c3
[2m2025-12-10T10:08:47.720077Z[0m [34mDEBUG[0m [2methereum_transaction_pool_monitor::mempool_monitor[0m[2m:[0m 🔍 Fetching transaction details for: 0xb4e06945a6a483e0d93b5c18c841bcd8d9f3ce086a5857c9474c2ebbebf576c3
[2m2025-12-10T10:08:47.720081Z[0m [34mDEBUG[0m [2methereum_transaction_pool_monitor::eth_client[0m[2m:[0m 🔍 Fetching transaction details for hash: 0xb4e06945a6a483e0d93b5c18c841bcd8d9f3ce086a5857c9474c2ebbebf576c3
[2m2025-12-10T10:08:47.720107Z[0m [34mDEBUG[0m [2mhyper::client::pool[0m[2m:[0m reuse idle connection for ("http", 192.168.0.14:8545)
[2m2025-12-10T10:08:47.720144Z[0m [34mDEBUG[0m [2mhyper::proto::h1::io[0m[2m:[0m flushed 250 bytes
[2m2025-12-10T10:08:47.720168Z[0m [34mDEBUG[0m [2methereum_transaction_pool_monitor::eth_client[0m[2m:[0m 📨 Received WebSocket message: {"jsonrpc":"2.0","method":"eth_subscription","params":{"subscription":"0xbed0a0851463e895960a451075a301a9","result":"0xe44565e6832903e02faa8be44038c9cb05a24fbaadb48dea4852f40ab6485707"}}
[2m2025-12-10T10:08:47.720176Z[0m [34mDEBUG[0m [2methereum_transaction_pool_monitor::eth_client[0m[2m:[0m 📨 Received pending transaction: 0xe44565e6832903e02faa8be44038c9cb05a24fbaadb48dea4852f40ab6485707
[2m2025-12-10T10:08:47.720189Z[0m [34mDEBUG[0m [2mhyper::proto::h1::io[0m[2m:[0m parsed 4 headers
[2m2025-12-10T10:08:47.720193Z[0m [34mDEBUG[0m [2mhyper::proto::h1::conn[0m[2m:[0m incoming body is content-length (45 bytes)
[2m2025-12-10T10:08:47.720203Z[0m [34mDEBUG[0m [2mhyper::proto::h1::conn[0m[2m:[0m incoming body completed
[2m2025-12-10T10:08:47.720212Z[0m [34mDEBUG[0m [2mhyper::client::pool[0m[2m:[0m pooling idle connection for ("http", 192.168.0.14:8545)
[2m2025-12-10T10:08:47.720230Z[0m [34mDEBUG[0m [2mhyper::client::pool[0m[2m:[0m reuse idle connection for ("http", 192.168.0.14:8545)
[2m2025-12-10T10:08:47.720247Z[0m [34mDEBUG[0m [2mhyper::proto::h1::io[0m[2m:[0m flushed 172 bytes
[2m2025-12-10T10:08:47.749060Z[0m [34mDEBUG[0m [2methereum_transaction_pool_monitor::eth_client[0m[2m:[0m 📨 Received WebSocket message: {"jsonrpc":"2.0","method":"eth_subscription","params":{"subscription":"0xbed0a0851463e895960a451075a301a9","result":"0xcec01cfd736ec19fd05327e3060796ad2ff593bb91520124831f4a0eaa7b3b1e"}}
[2m2025-12-10T10:08:47.749115Z[0m [34mDEBUG[0m [2methereum_transaction_pool_monitor::eth_client[0m[2m:[0m 📨 Received pending transaction: 0xcec01cfd736ec19fd05327e3060796ad2ff593bb91520124831f4a0eaa7b3b1e
[2m2025-12-10T10:08:47.774025Z[0m [34mDEBUG[0m [2mhyper::proto::h1::io[0m[2m:[0m parsed 4 headers
[2m2025-12-10T10:08:47.774039Z[0m [34mDEBUG[0m [2mhyper::proto::h1::conn[0m[2m:[0m incoming body is content-length (45 bytes)
[2m2025-12-10T10:08:47.774056Z[0m [34mDEBUG[0m [2mhyper::proto::h1::conn[0m[2m:[0m incoming body completed
[2m2025-12-10T10:08:47.774075Z[0m [34mDEBUG[0m [2mhyper::client::pool[0m[2m:[0m pooling idle connection for ("http", 192.168.0.14:8545)
[2m2025-12-10T10:08:47.774098Z[0m [34mDEBUG[0m [2mhyper::proto::h1::io[0m[2m:[0m parsed 4 headers
[2m2025-12-10T10:08:47.774103Z[0m [34mDEBUG[0m [2mhyper::proto::h1::conn[0m[2m:[0m incoming body is content-length (776 bytes)
[2m2025-12-10T10:08:47.774107Z[0m [34mDEBUG[0m [2mhyper::proto::h1::conn[0m[2m:[0m incoming body completed
[2m2025-12-10T10:08:47.774114Z[0m [34mDEBUG[0m [2mhyper::client::pool[0m[2m:[0m pooling idle connection for ("http", 192.168.0.14:8545)
[2m2025-12-10T10:08:47.774118Z[0m [34mDEBUG[0m [2methereum_transaction_pool_monitor::eth_client[0m[2m:[0m 📡 Transaction fetch RPC completed in 54.032667ms
[2m2025-12-10T10:08:47.863559Z[0m [34mDEBUG[0m [2methereum_transaction_pool_monitor::eth_client[0m[2m:[0m ✅ Transaction 0xb4e06945a6a483e0d93b5c18c841bcd8d9f3ce086a5857c9474c2ebbebf576c3 fetched and parsed in 143.468959ms
[2m2025-12-10T10:08:47.863584Z[0m [34mDEBUG[0m [2methereum_transaction_pool_monitor::mempool_monitor[0m[2m:[0m 🔍 Skipping tx 0xb4e06945a6a483e0d93b5c18c841bcd8d9f3ce086a5857c9474c2ebbebf576c3 - not a DEX interaction (target: 0xA0b86991c6218b36c1d19D4a2e9Eb0cE3606eB48)
[2m2025-12-10T10:08:47.863595Z[0m [34mDEBUG[0m [2methereum_transaction_pool_monitor::mempool_monitor[0m[2m:[0m 📨 Processing new pending transaction: 0x86ee3b57e74e907a4804272773123c6a92c39fd5cf27c3715ebb079ed5cfbe69
[2m2025-12-10T10:08:47.863600Z[0m [34mDEBUG[0m [2methereum_transaction_pool_monitor::mempool_monitor[0m[2m:[0m 🔍 Fetching transaction details for: 0x86ee3b57e74e907a4804272773123c6a92c39fd5cf27c3715ebb079ed5cfbe69
[2m2025-12-10T10:08:47.863604Z[0m [34mDEBUG[0m [2methereum_transaction_pool_monitor::eth_client[0m[2m:[0m 🔍 Fetching transaction details for hash: 0x86ee3b57e74e907a4804272773123c6a92c39fd5cf27c3715ebb079ed5cfbe69
[2m2025-12-10T10:08:47.863629Z[0m [34mDEBUG[0m [2mhyper::client::pool[0m[2m:[0m reuse idle connection for ("http", 192.168.0.14:8545)
[2m2025-12-10T10:08:47.863663Z[0m [34mDEBUG[0m [2mhyper::proto::h1::io[0m[2m:[0m flushed 250 bytes
[2m2025-12-10T10:08:47.863682Z[0m [34mDEBUG[0m [2mhyper::client::pool[0m[2m:[0m reuse idle connection for ("http", 192.168.0.14:8545)
[2m2025-12-10T10:08:47.863698Z[0m [34mDEBUG[0m [2mhyper::proto::h1::io[0m[2m:[0m flushed 172 bytes
[2m2025-12-10T10:08:47.863700Z[0m [34mDEBUG[0m [2methereum_transaction_pool_monitor::eth_client[0m[2m:[0m 📨 Received WebSocket message: {"jsonrpc":"2.0","method":"eth_subscription","params":{"subscription":"0xbed0a0851463e895960a451075a301a9","result":"0x4a3f4ee7470bc23188f5f2943ce36cbebb116dd6921c54342a8ecaf920f33486"}}
[2m2025-12-10T10:08:47.863714Z[0m [34mDEBUG[0m [2methereum_transaction_pool_monitor::eth_client[0m[2m:[0m 📨 Received pending transaction: 0x4a3f4ee7470bc23188f5f2943ce36cbebb116dd6921c54342a8ecaf920f33486
[2m2025-12-10T10:08:47.863720Z[0m [34mDEBUG[0m [2methereum_transaction_pool_monitor::eth_client[0m[2m:[0m 📨 Received WebSocket message: {"jsonrpc":"2.0","method":"eth_subscription","params":{"subscription":"0xbed0a0851463e895960a451075a301a9","result":"0xa949c43c29417dfbc77da9bd682fcb091a01340094bbbf95561da03d98de0327"}}
[2m2025-12-10T10:08:47.863726Z[0m [34mDEBUG[0m [2methereum_transaction_pool_monitor::eth_client[0m[2m:[0m 📨 Received pending transaction: 0xa949c43c29417dfbc77da9bd682fcb091a01340094bbbf95561da03d98de0327
[2m2025-12-10T10:08:47.869069Z[0m [34mDEBUG[0m [2mhyper::proto::h1::io[0m[2m:[0m parsed 4 headers
[2m2025-12-10T10:08:47.869084Z[0m [34mDEBUG[0m [2mhyper::proto::h1::conn[0m[2m:[0m incoming body is content-length (45 bytes)
[2m2025-12-10T10:08:47.869084Z[0m [34mDEBUG[0m [2mhyper::proto::h1::io[0m[2m:[0m parsed 4 headers
[2m2025-12-10T10:08:47.869096Z[0m [34mDEBUG[0m [2mhyper::proto::h1::conn[0m[2m:[0m incoming body completed
[2m2025-12-10T10:08:47.869097Z[0m [34mDEBUG[0m [2mhyper::proto::h1::conn[0m[2m:[0m incoming body is content-length (1802 bytes)
[2m2025-12-10T10:08:47.869107Z[0m [34mDEBUG[0m [2mhyper::proto::h1::conn[0m[2m:[0m incoming body completed
[2m2025-12-10T10:08:47.869112Z[0m [34mDEBUG[0m [2mhyper::client::pool[0m[2m:[0m pooling idle connection for ("http", 192.168.0.14:8545)
[2m2025-12-10T10:08:47.869116Z[0m [34mDEBUG[0m [2mhyper::client::pool[0m[2m:[0m pooling idle connection for ("http", 192.168.0.14:8545)
[2m2025-12-10T10:08:47.869123Z[0m [34mDEBUG[0m [2methereum_transaction_pool_monitor::eth_client[0m[2m:[0m 📡 Transaction fetch RPC completed in 5.51525ms
[2m2025-12-10T10:08:47.887041Z[0m [34mDEBUG[0m [2methereum_transaction_pool_monitor::eth_client[0m[2m:[0m 📨 Received WebSocket message: {"jsonrpc":"2.0","method":"eth_subscription","params":{"subscription":"0xbed0a0851463e895960a451075a301a9","result":"0x22bd15a791681c7e81b07d6e048decf60a30505f6d89dfacce8d3977fe68784d"}}
[2m2025-12-10T10:08:47.887084Z[0m [34mDEBUG[0m [2methereum_transaction_pool_monitor::eth_client[0m[2m:[0m 📨 Received pending transaction: 0x22bd15a791681c7e81b07d6e048decf60a30505f6d89dfacce8d3977fe68784d
[2m2025-12-10T10:08:47.896490Z[0m [34mDEBUG[0m [2mhyper::client::pool[0m[2m:[0m reuse idle connection for ("http", 192.168.0.14:8545)
[2m2025-12-10T10:08:47.896637Z[0m [34mDEBUG[0m [2mhyper::proto::h1::io[0m[2m:[0m flushed 172 bytes
[2m2025-12-10T10:08:47.899549Z[0m [34mDEBUG[0m [2mhyper::proto::h1::io[0m[2m:[0m parsed 4 headers
[2m2025-12-10T10:08:47.899590Z[0m [34mDEBUG[0m [2mhyper::proto::h1::conn[0m[2m:[0m incoming body is content-length (45 bytes)
[2m2025-12-10T10:08:47.899608Z[0m [34mDEBUG[0m [2mhyper::proto::h1::conn[0m[2m:[0m incoming body completed
[2m2025-12-10T10:08:47.899632Z[0m [34mDEBUG[0m [2mhyper::client::pool[0m[2m:[0m pooling idle connection for ("http", 192.168.0.14:8545)
[2m2025-12-10T10:08:47.922852Z[0m [34mDEBUG[0m [2methereum_transaction_pool_monitor::eth_client[0m[2m:[0m 📨 Received WebSocket message: {"jsonrpc":"2.0","method":"eth_subscription","params":{"subscription":"0xbed0a0851463e895960a451075a301a9","result":"0xfbf12d09b4d30ef425f9a2af0385ad7826ca25ad9b6fbcc05fff2adf6901b22c"}}
[2m2025-12-10T10:08:47.922882Z[0m [34mDEBUG[0m [2methereum_transaction_pool_monitor::eth_client[0m[2m:[0m 📨 Received pending transaction: 0xfbf12d09b4d30ef425f9a2af0385ad7826ca25ad9b6fbcc05fff2adf6901b22c
[2m2025-12-10T10:08:47.948783Z[0m [34mDEBUG[0m [2methereum_transaction_pool_monitor::eth_client[0m[2m:[0m ✅ Transaction 0x86ee3b57e74e907a4804272773123c6a92c39fd5cf27c3715ebb079ed5cfbe69 fetched and parsed in 85.171041ms
[2m2025-12-10T10:08:47.948816Z[0m [34mDEBUG[0m [2methereum_transaction_pool_monitor::mempool_monitor[0m[2m:[0m 🔍 Skipping tx 0x86ee3b57e74e907a4804272773123c6a92c39fd5cf27c3715ebb079ed5cfbe69 - not a DEX interaction (target: 0xd72a6BA4a87DDB33e801b3f1c7750b2d0911fC6C)
[2m2025-12-10T10:08:47.948826Z[0m [34mDEBUG[0m [2methereum_transaction_pool_monitor::mempool_monitor[0m[2m:[0m 📨 Processing new pending transaction: 0x97a440bf44bbab77c1f2f2940a3575bcdb51fb51bc27dbc1b188737e770fe14f
[2m2025-12-10T10:08:47.948832Z[0m [34mDEBUG[0m [2methereum_transaction_pool_monitor::mempool_monitor[0m[2m:[0m 🔍 Fetching transaction details for: 0x97a440bf44bbab77c1f2f2940a3575bcdb51fb51bc27dbc1b188737e770fe14f
[2m2025-12-10T10:08:47.948836Z[0m [34mDEBUG[0m [2methereum_transaction_pool_monitor::eth_client[0m[2m:[0m 🔍 Fetching transaction details for hash: 0x97a440bf44bbab77c1f2f2940a3575bcdb51fb51bc27dbc1b188737e770fe14f
[2m2025-12-10T10:08:47.948861Z[0m [34mDEBUG[0m [2mhyper::client::pool[0m[2m:[0m reuse idle connection for ("http", 192.168.0.14:8545)
[2m2025-12-10T10:08:47.948934Z[0m [34mDEBUG[0m [2mhyper::proto::h1::io[0m[2m:[0m flushed 250 bytes
[2m2025-12-10T10:08:47.954241Z[0m [34mDEBUG[0m [2methereum_transaction_pool_monitor::eth_client[0m[2m:[0m 📨 Received WebSocket message: {"jsonrpc":"2.0","method":"eth_subscription","params":{"subscription":"0xbed0a0851463e895960a451075a301a9","result":"0x594e88b90b6d3120d483d4b0fcd472cebe7da40d2a3bc881f83a74b267c6069a"}}
[2m2025-12-10T10:08:47.954262Z[0m [34mDEBUG[0m [2methereum_transaction_pool_monitor::eth_client[0m[2m:[0m 📨 Received pending transaction: 0x594e88b90b6d3120d483d4b0fcd472cebe7da40d2a3bc881f83a74b267c6069a
[2m2025-12-10T10:08:47.956565Z[0m [34mDEBUG[0m [2mhyper::proto::h1::io[0m[2m:[0m parsed 4 headers
[2m2025-12-10T10:08:47.956581Z[0m [34mDEBUG[0m [2mhyper::proto::h1::conn[0m[2m:[0m incoming body is content-length (776 bytes)
[2m2025-12-10T10:08:47.956592Z[0m [34mDEBUG[0m [2mhyper::proto::h1::conn[0m[2m:[0m incoming body completed
[2m2025-12-10T10:08:47.956609Z[0m [34mDEBUG[0m [2mhyper::client::pool[0m[2m:[0m pooling idle connection for ("http", 192.168.0.14:8545)
[2m2025-12-10T10:08:47.956627Z[0m [34mDEBUG[0m [2methereum_transaction_pool_monitor::eth_client[0m[2m:[0m 📡 Transaction fetch RPC completed in 7.787666ms
[2m2025-12-10T10:08:48.030984Z[0m [34mDEBUG[0m [2methereum_transaction_pool_monitor::eth_client[0m[2m:[0m ✅ Transaction 0x97a440bf44bbab77c1f2f2940a3575bcdb51fb51bc27dbc1b188737e770fe14f fetched and parsed in 82.140083ms
[2m2025-12-10T10:08:48.031010Z[0m [34mDEBUG[0m [2methereum_transaction_pool_monitor::mempool_monitor[0m[2m:[0m 🔍 Skipping tx 0x97a440bf44bbab77c1f2f2940a3575bcdb51fb51bc27dbc1b188737e770fe14f - not a DEX interaction (target: 0x6c3ea9036406852006290770BEdFcAbA0e23A0e8)
[2m2025-12-10T10:08:48.031021Z[0m [34mDEBUG[0m [2methereum_transaction_pool_monitor::mempool_monitor[0m[2m:[0m 📨 Processing new pending transaction: 0xb7b1a25417410939ae6b44443d1a51e7a6a9dc191e81200a5d134577711e2a91
[2m2025-12-10T10:08:48.031025Z[0m [34mDEBUG[0m [2methereum_transaction_pool_monitor::mempool_monitor[0m[2m:[0m 🔍 Fetching transaction details for: 0xb7b1a25417410939ae6b44443d1a51e7a6a9dc191e81200a5d134577711e2a91
[2m2025-12-10T10:08:48.031029Z[0m [34mDEBUG[0m [2methereum_transaction_pool_monitor::eth_client[0m[2m:[0m 🔍 Fetching transaction details for hash: 0xb7b1a25417410939ae6b44443d1a51e7a6a9dc191e81200a5d134577711e2a91
[2m2025-12-10T10:08:48.031055Z[0m [34mDEBUG[0m [2mhyper::client::pool[0m[2m:[0m reuse idle connection for ("http", 192.168.0.14:8545)
[2m2025-12-10T10:08:48.031098Z[0m [34mDEBUG[0m [2mhyper::proto::h1::io[0m[2m:[0m flushed 250 bytes
[2m2025-12-10T10:08:48.031122Z[0m [34mDEBUG[0m [2mhyper::client::pool[0m[2m:[0m reuse idle connection for ("http", 192.168.0.14:8545)
[2m2025-12-10T10:08:48.031138Z[0m [34mDEBUG[0m [2mhyper::proto::h1::io[0m[2m:[0m flushed 172 bytes
[2m2025-12-10T10:08:48.031171Z[0m [34mDEBUG[0m [2methereum_transaction_pool_monitor::eth_client[0m[2m:[0m 📨 Received WebSocket message: {"jsonrpc":"2.0","method":"eth_subscription","params":{"subscription":"0xbed0a0851463e895960a451075a301a9","result":"0x0bc858c16b17d855601ad53fa82ef2be873dddfeeca14e8d87e6a84739c0c419"}}
[2m2025-12-10T10:08:48.031179Z[0m [34mDEBUG[0m [2methereum_transaction_pool_monitor::eth_client[0m[2m:[0m 📨 Received pending transaction: 0x0bc858c16b17d855601ad53fa82ef2be873dddfeeca14e8d87e6a84739c0c419
[2m2025-12-10T10:08:48.034499Z[0m [34mDEBUG[0m [2mhyper::proto::h1::io[0m[2m:[0m parsed 4 headers
[2m2025-12-10T10:08:48.034512Z[0m [34mDEBUG[0m [2mhyper::proto::h1::conn[0m[2m:[0m incoming body is content-length (45 bytes)
[2m2025-12-10T10:08:48.034522Z[0m [34mDEBUG[0m [2mhyper::proto::h1::conn[0m[2m:[0m incoming body completed
[2m2025-12-10T10:08:48.034536Z[0m [34mDEBUG[0m [2mhyper::client::pool[0m[2m:[0m pooling idle connection for ("http", 192.168.0.14:8545)
[2m2025-12-10T10:08:48.039032Z[0m [34mDEBUG[0m [2mhyper::proto::h1::io[0m[2m:[0m parsed 4 headers
[2m2025-12-10T10:08:48.039052Z[0m [34mDEBUG[0m [2mhyper::proto::h1::conn[0m[2m:[0m incoming body is content-length (775 bytes)
[2m2025-12-10T10:08:48.039064Z[0m [34mDEBUG[0m [2mhyper::proto::h1::conn[0m[2m:[0m incoming body completed
[2m2025-12-10T10:08:48.039083Z[0m [34mDEBUG[0m [2mhyper::client::pool[0m[2m:[0m pooling idle connection for ("http", 192.168.0.14:8545)
[2m2025-12-10T10:08:48.039094Z[0m [34mDEBUG[0m [2methereum_transaction_pool_monitor::eth_client[0m[2m:[0m 📡 Transaction fetch RPC completed in 8.061208ms
[2m2025-12-10T10:08:48.039120Z[0m [34mDEBUG[0m [2methereum_transaction_pool_monitor::eth_client[0m[2m:[0m DeFi transaction detected - Address: 0x6b175474e89094c44da98b954eedeac495271d0f, Type: Stablecoin, Value: 0 ETH, Gas: 200.00 Gwei
[2m2025-12-10T10:08:48.039136Z[0m [34mDEBUG[0m [2methereum_transaction_pool_monitor::eth_client[0m[2m:[0m ✅ Transaction 0xb7b1a25417410939ae6b44443d1a51e7a6a9dc191e81200a5d134577711e2a91 fetched and parsed in 8.103291ms
[2m2025-12-10T10:08:48.039143Z[0m [34mDEBUG[0m [2methereum_transaction_pool_monitor::mempool_monitor[0m[2m:[0m 🔍 Skipping tx 0xb7b1a25417410939ae6b44443d1a51e7a6a9dc191e81200a5d134577711e2a91 - not a DEX interaction (target: 0x6B175474E89094C44Da98b954EedeAC495271d0F)
[2m2025-12-10T10:08:48.039153Z[0m [34mDEBUG[0m [2methereum_transaction_pool_monitor::mempool_monitor[0m[2m:[0m 📨 Processing new pending transaction: 0x8c11a23ac56251c2795be3d8eb7714cf06f9a8fc606c17892e91db72a32d8540
[2m2025-12-10T10:08:48.039158Z[0m [34mDEBUG[0m [2methereum_transaction_pool_monitor::mempool_monitor[0m[2m:[0m 🔍 Fetching transaction details for: 0x8c11a23ac56251c2795be3d8eb7714cf06f9a8fc606c17892e91db72a32d8540
[2m2025-12-10T10:08:48.039161Z[0m [34mDEBUG[0m [2methereum_transaction_pool_monitor::eth_client[0m[2m:[0m 🔍 Fetching transaction details for hash: 0x8c11a23ac56251c2795be3d8eb7714cf06f9a8fc606c17892e91db72a32d8540
[2m2025-12-10T10:08:48.039192Z[0m [34mDEBUG[0m [2mhyper::client::pool[0m[2m:[0m reuse idle connection for ("http", 192.168.0.14:8545)
[2m2025-12-10T10:08:48.039228Z[0m [34mDEBUG[0m [2mhyper::proto::h1::io[0m[2m:[0m flushed 250 bytes
[2m2025-12-10T10:08:48.043861Z[0m [34mDEBUG[0m [2mhyper::proto::h1::io[0m[2m:[0m parsed 4 headers
[2m2025-12-10T10:08:48.043906Z[0m [34mDEBUG[0m [2mhyper::proto::h1::conn[0m[2m:[0m incoming body is content-length (776 bytes)
[2m2025-12-10T10:08:48.043925Z[0m [34mDEBUG[0m [2mhyper::proto::h1::conn[0m[2m:[0m incoming body completed
[2m2025-12-10T10:08:48.043950Z[0m [34mDEBUG[0m [2mhyper::client::pool[0m[2m:[0m pooling idle connection for ("http", 192.168.0.14:8545)
[2m2025-12-10T10:08:48.043968Z[0m [34mDEBUG[0m [2methereum_transaction_pool_monitor::eth_client[0m[2m:[0m 📡 Transaction fetch RPC completed in 4.803125ms
[2m2025-12-10T10:08:48.176223Z[0m [34mDEBUG[0m [2methereum_transaction_pool_monitor::eth_client[0m[2m:[0m ✅ Transaction 0x8c11a23ac56251c2795be3d8eb7714cf06f9a8fc606c17892e91db72a32d8540 fetched and parsed in 137.053875ms
[2m2025-12-10T10:08:48.176255Z[0m [34mDEBUG[0m [2methereum_transaction_pool_monitor::mempool_monitor[0m[2m:[0m 🔍 Skipping tx 0x8c11a23ac56251c2795be3d8eb7714cf06f9a8fc606c17892e91db72a32d8540 - not a DEX interaction (target: 0x467719aD09025FcC6cF6F8311755809d45a5E5f3)
[2m2025-12-10T10:08:48.176267Z[0m [34mDEBUG[0m [2methereum_transaction_pool_monitor::mempool_monitor[0m[2m:[0m 📨 Processing new pending transaction: 0x93f04807bf30209ea4f6559140e08103eb00c3efa5fda2388d94c61d1dbc5121
[2m2025-12-10T10:08:48.176272Z[0m [34mDEBUG[0m [2methereum_transaction_pool_monitor::mempool_monitor[0m[2m:[0m 🔍 Fetching transaction details for: 0x93f04807bf30209ea4f6559140e08103eb00c3efa5fda2388d94c61d1dbc5121
[2m2025-12-10T10:08:48.176276Z[0m [34mDEBUG[0m [2methereum_transaction_pool_monitor::eth_client[0m[2m:[0m 🔍 Fetching transaction details for hash: 0x93f04807bf30209ea4f6559140e08103eb00c3efa5fda2388d94c61d1dbc5121
[2m2025-12-10T10:08:48.176299Z[0m [34mDEBUG[0m [2mhyper::client::pool[0m[2m:[0m reuse idle connection for ("http", 192.168.0.14:8545)
[2m2025-12-10T10:08:48.176369Z[0m [34mDEBUG[0m [2mhyper::proto::h1::io[0m[2m:[0m flushed 250 bytes
[2m2025-12-10T10:08:48.176394Z[0m [34mDEBUG[0m [2mhyper::client::pool[0m[2m:[0m reuse idle connection for ("http", 192.168.0.14:8545)
[2m2025-12-10T10:08:48.176415Z[0m [34mDEBUG[0m [2mhyper::proto::h1::io[0m[2m:[0m flushed 172 bytes
[2m2025-12-10T10:08:48.176452Z[0m [34mDEBUG[0m [2methereum_transaction_pool_monitor::eth_client[0m[2m:[0m 📨 Received WebSocket message: {"jsonrpc":"2.0","method":"eth_subscription","params":{"subscription":"0xbed0a0851463e895960a451075a301a9","result":"0x3e2950ee81c0882b0c12ffedb18e3882f7e7c16d98eaee630f4ae9ebc8e38eb8"}}
[2m2025-12-10T10:08:48.176493Z[0m [34mDEBUG[0m [2methereum_transaction_pool_monitor::eth_client[0m[2m:[0m 📨 Received pending transaction: 0x3e2950ee81c0882b0c12ffedb18e3882f7e7c16d98eaee630f4ae9ebc8e38eb8
[2m2025-12-10T10:08:48.176522Z[0m [34mDEBUG[0m [2methereum_transaction_pool_monitor::eth_client[0m[2m:[0m 📨 Received WebSocket message: {"jsonrpc":"2.0","method":"eth_subscription","params":{"subscription":"0xbed0a0851463e895960a451075a301a9","result":"0x7c266f216db63ca6b3dd26281896278153994546353d43342f290b8efea4fe28"}}
[2m2025-12-10T10:08:48.176556Z[0m [34mDEBUG[0m [2methereum_transaction_pool_monitor::eth_client[0m[2m:[0m 📨 Received pending transaction: 0x7c266f216db63ca6b3dd26281896278153994546353d43342f290b8efea4fe28
[2m2025-12-10T10:08:48.180509Z[0m [34mDEBUG[0m [2mhyper::proto::h1::io[0m[2m:[0m parsed 4 headers
[2m2025-12-10T10:08:48.181878Z[0m [34mDEBUG[0m [2mhyper::proto::h1::conn[0m[2m:[0m incoming body is content-length (45 bytes)
[2m2025-12-10T10:08:48.181900Z[0m [34mDEBUG[0m [2mhyper::proto::h1::conn[0m[2m:[0m incoming body completed
[2m2025-12-10T10:08:48.181919Z[0m [34mDEBUG[0m [2mhyper::client::pool[0m[2m:[0m pooling idle connection for ("http", 192.168.0.14:8545)
[2m2025-12-10T10:08:48.181952Z[0m [34mDEBUG[0m [2mhyper::proto::h1::io[0m[2m:[0m parsed 4 headers
[2m2025-12-10T10:08:48.181957Z[0m [34mDEBUG[0m [2mhyper::proto::h1::conn[0m[2m:[0m incoming body is content-length (776 bytes)
[2m2025-12-10T10:08:48.181963Z[0m [34mDEBUG[0m [2mhyper::proto::h1::conn[0m[2m:[0m incoming body completed
[2m2025-12-10T10:08:48.181969Z[0m [34mDEBUG[0m [2mhyper::client::pool[0m[2m:[0m pooling idle connection for ("http", 192.168.0.14:8545)
[2m2025-12-10T10:08:48.181974Z[0m [34mDEBUG[0m [2methereum_transaction_pool_monitor::eth_client[0m[2m:[0m 📡 Transaction fetch RPC completed in 5.693875ms
[2m2025-12-10T10:08:48.296414Z[0m [34mDEBUG[0m [2methereum_transaction_pool_monitor::eth_client[0m[2m:[0m ✅ Transaction 0x93f04807bf30209ea4f6559140e08103eb00c3efa5fda2388d94c61d1dbc5121 fetched and parsed in 120.128333ms
[2m2025-12-10T10:08:48.296469Z[0m [34mDEBUG[0m [2methereum_transaction_pool_monitor::mempool_monitor[0m[2m:[0m 🔍 Skipping tx 0x93f04807bf30209ea4f6559140e08103eb00c3efa5fda2388d94c61d1dbc5121 - not a DEX interaction (target: 0xA0b86991c6218b36c1d19D4a2e9Eb0cE3606eB48)
[2m2025-12-10T10:08:48.296490Z[0m [34mDEBUG[0m [2methereum_transaction_pool_monitor::mempool_monitor[0m[2m:[0m 📨 Processing new pending transaction: 0x3cf4975dbec0d92cbb5c7b62801330c3a93e31243e7a40f884dbed7702879da7
[2m2025-12-10T10:08:48.296501Z[0m [34mDEBUG[0m [2methereum_transaction_pool_monitor::mempool_monitor[0m[2m:[0m 🔍 Fetching transaction details for: 0x3cf4975dbec0d92cbb5c7b62801330c3a93e31243e7a40f884dbed7702879da7
[2m2025-12-10T10:08:48.296510Z[0m [34mDEBUG[0m [2methereum_transaction_pool_monitor::eth_client[0m[2m:[0m 🔍 Fetching transaction details for hash: 0x3cf4975dbec0d92cbb5c7b62801330c3a93e31243e7a40f884dbed7702879da7
[2m2025-12-10T10:08:48.296551Z[0m [34mDEBUG[0m [2mhyper::client::pool[0m[2m:[0m reuse idle connection for ("http", 192.168.0.14:8545)
[2m2025-12-10T10:08:48.296613Z[0m [34mDEBUG[0m [2mhyper::proto::h1::io[0m[2m:[0m flushed 250 bytes
[2m2025-12-10T10:08:48.296651Z[0m [34mDEBUG[0m [2mhyper::client::pool[0m[2m:[0m reuse idle connection for ("http", 192.168.0.14:8545)
[2m2025-12-10T10:08:48.296659Z[0m [34mDEBUG[0m [2methereum_transaction_pool_monitor::eth_client[0m[2m:[0m 📨 Received WebSocket message: {"jsonrpc":"2.0","method":"eth_subscription","params":{"subscription":"0xbed0a0851463e895960a451075a301a9","result":"0xa27b96422ae7eaede26507de4563f777529299ad4762ec0e822c89ea0cf7bda0"}}
[2m2025-12-10T10:08:48.296681Z[0m [34mDEBUG[0m [2methereum_transaction_pool_monitor::eth_client[0m[2m:[0m 📨 Received pending transaction: 0xa27b96422ae7eaede26507de4563f777529299ad4762ec0e822c89ea0cf7bda0
[2m2025-12-10T10:08:48.296683Z[0m [34mDEBUG[0m [2mhyper::proto::h1::io[0m[2m:[0m flushed 172 bytes
[2m2025-12-10T10:08:48.296688Z[0m [34mDEBUG[0m [2methereum_transaction_pool_monitor::eth_client[0m[2m:[0m 📨 Received WebSocket message: {"jsonrpc":"2.0","method":"eth_subscription","params":{"subscription":"0xbed0a0851463e895960a451075a301a9","result":"0x351e8ce39edffc3f488afa4b8bad4ac8de29e84d619ac43b7ff5fc01e9780f41"}}
[2m2025-12-10T10:08:48.296711Z[0m [34mDEBUG[0m [2methereum_transaction_pool_monitor::eth_client[0m[2m:[0m 📨 Received pending transaction: 0x351e8ce39edffc3f488afa4b8bad4ac8de29e84d619ac43b7ff5fc01e9780f41
[2m2025-12-10T10:08:48.300896Z[0m [34mDEBUG[0m [2mhyper::proto::h1::io[0m[2m:[0m parsed 4 headers
[2m2025-12-10T10:08:48.300927Z[0m [34mDEBUG[0m [2mhyper::proto::h1::conn[0m[2m:[0m incoming body is content-length (45 bytes)
[2m2025-12-10T10:08:48.300942Z[0m [34mDEBUG[0m [2mhyper::proto::h1::conn[0m[2m:[0m incoming body completed
[2m2025-12-10T10:08:48.300971Z[0m [34mDEBUG[0m [2mhyper::client::pool[0m[2m:[0m pooling idle connection for ("http", 192.168.0.14:8545)
[2m2025-12-10T10:08:48.301013Z[0m [34mDEBUG[0m [2mhyper::client::pool[0m[2m:[0m reuse idle connection for ("http", 192.168.0.14:8545)
[2m2025-12-10T10:08:48.301054Z[0m [34mDEBUG[0m [2mhyper::proto::h1::io[0m[2m:[0m flushed 172 bytes
[2m2025-12-10T10:08:48.301062Z[0m [34mDEBUG[0m [2mhyper::proto::h1::io[0m[2m:[0m parsed 4 headers
[2m2025-12-10T10:08:48.301088Z[0m [34mDEBUG[0m [2mhyper::proto::h1::conn[0m[2m:[0m incoming body is content-length (776 bytes)
[2m2025-12-10T10:08:48.301102Z[0m [34mDEBUG[0m [2mhyper::proto::h1::conn[0m[2m:[0m incoming body completed
[2m2025-12-10T10:08:48.301120Z[0m [34mDEBUG[0m [2mhyper::client::pool[0m[2m:[0m pooling idle connection for ("http", 192.168.0.14:8545)
[2m2025-12-10T10:08:48.301136Z[0m [34mDEBUG[0m [2methereum_transaction_pool_monitor::eth_client[0m[2m:[0m 📡 Transaction fetch RPC completed in 4.616583ms
[2m2025-12-10T10:08:48.301165Z[0m [34mDEBUG[0m [2methereum_transaction_pool_monitor::eth_client[0m[2m:[0m DeFi transaction detected - Address: 0xdac17f958d2ee523a2206206994597c13d831ec7, Type: Stablecoin, Value: 0 ETH, Gas: 200.00 Gwei
[2m2025-12-10T10:08:48.301190Z[0m [34mDEBUG[0m [2methereum_transaction_pool_monitor::eth_client[0m[2m:[0m ✅ Transaction 0x3cf4975dbec0d92cbb5c7b62801330c3a93e31243e7a40f884dbed7702879da7 fetched and parsed in 4.670625ms
[2m2025-12-10T10:08:48.301204Z[0m [34mDEBUG[0m [2methereum_transaction_pool_monitor::mempool_monitor[0m[2m:[0m 🔍 Skipping tx 0x3cf4975dbec0d92cbb5c7b62801330c3a93e31243e7a40f884dbed7702879da7 - not a DEX interaction (target: 0xdAC17F958D2ee523a2206206994597C13D831ec7)
[2m2025-12-10T10:08:48.301219Z[0m [34mDEBUG[0m [2methereum_transaction_pool_monitor::mempool_monitor[0m[2m:[0m 📨 Processing new pending transaction: 0xcc39950e6c0af0c2dc235d22a296d78ee5edcf96b8276c4c3a59cbcd2483beac
[2m2025-12-10T10:08:48.301228Z[0m [34mDEBUG[0m [2methereum_transaction_pool_monitor::mempool_monitor[0m[2m:[0m 🔍 Fetching transaction details for: 0xcc39950e6c0af0c2dc235d22a296d78ee5edcf96b8276c4c3a59cbcd2483beac
[2m2025-12-10T10:08:48.301236Z[0m [34mDEBUG[0m [2methereum_transaction_pool_monitor::eth_client[0m[2m:[0m 🔍 Fetching transaction details for hash: 0xcc39950e6c0af0c2dc235d22a296d78ee5edcf96b8276c4c3a59cbcd2483beac
[2m2025-12-10T10:08:48.301260Z[0m [34mDEBUG[0m [2mhyper::client::pool[0m[2m:[0m reuse idle connection for ("http", 192.168.0.14:8545)
[2m2025-12-10T10:08:48.301300Z[0m [34mDEBUG[0m [2mhyper::proto::h1::io[0m[2m:[0m flushed 250 bytes
[2m2025-12-10T10:08:48.304780Z[0m [34mDEBUG[0m [2mhyper::proto::h1::io[0m[2m:[0m parsed 4 headers
[2m2025-12-10T10:08:48.304805Z[0m [34mDEBUG[0m [2mhyper::proto::h1::conn[0m[2m:[0m incoming body is content-length (45 bytes)
[2m2025-12-10T10:08:48.304817Z[0m [34mDEBUG[0m [2mhyper::proto::h1::conn[0m[2m:[0m incoming body completed
[2m2025-12-10T10:08:48.304831Z[0m [34mDEBUG[0m [2mhyper::client::pool[0m[2m:[0m pooling idle connection for ("http", 192.168.0.14:8545)
[2m2025-12-10T10:08:48.310558Z[0m [34mDEBUG[0m [2mhyper::proto::h1::io[0m[2m:[0m parsed 4 headers
[2m2025-12-10T10:08:48.310583Z[0m [34mDEBUG[0m [2mhyper::proto::h1::conn[0m[2m:[0m incoming body is content-length (769 bytes)
[2m2025-12-10T10:08:48.310593Z[0m [34mDEBUG[0m [2mhyper::proto::h1::conn[0m[2m:[0m incoming body completed
[2m2025-12-10T10:08:48.310608Z[0m [34mDEBUG[0m [2mhyper::client::pool[0m[2m:[0m pooling idle connection for ("http", 192.168.0.14:8545)
[2m2025-12-10T10:08:48.310618Z[0m [34mDEBUG[0m [2methereum_transaction_pool_monitor::eth_client[0m[2m:[0m 📡 Transaction fetch RPC completed in 9.373292ms
[2m2025-12-10T10:08:48.497536Z[0m [34mDEBUG[0m [2methereum_transaction_pool_monitor::eth_client[0m[2m:[0m ✅ Transaction 0xcc39950e6c0af0c2dc235d22a296d78ee5edcf96b8276c4c3a59cbcd2483beac fetched and parsed in 196.287417ms
[2m2025-12-10T10:08:48.497563Z[0m [34mDEBUG[0m [2methereum_transaction_pool_monitor::mempool_monitor[0m[2m:[0m 🔍 Skipping tx 0xcc39950e6c0af0c2dc235d22a296d78ee5edcf96b8276c4c3a59cbcd2483beac - not a DEX interaction (target: 0xFFFe68c44264Aa02020e30298F58f0004afc1527)
[2m2025-12-10T10:08:48.497574Z[0m [34mDEBUG[0m [2methereum_transaction_pool_monitor::mempool_monitor[0m[2m:[0m 📨 Processing new pending transaction: 0xa2140c85d213425941688a35b98b45b20541674a7510b699f079fef520a2b558
[2m2025-12-10T10:08:48.497579Z[0m [34mDEBUG[0m [2methereum_transaction_pool_monitor::mempool_monitor[0m[2m:[0m 🔍 Fetching transaction details for: 0xa2140c85d213425941688a35b98b45b20541674a7510b699f079fef520a2b558
[2m2025-12-10T10:08:48.497582Z[0m [34mDEBUG[0m [2methereum_transaction_pool_monitor::eth_client[0m[2m:[0m 🔍 Fetching transaction details for hash: 0xa2140c85d213425941688a35b98b45b20541674a7510b699f079fef520a2b558
[2m2025-12-10T10:08:48.497606Z[0m [34mDEBUG[0m [2mhyper::client::pool[0m[2m:[0m reuse idle connection for ("http", 192.168.0.14:8545)
[2m2025-12-10T10:08:48.497645Z[0m [34mDEBUG[0m [2mhyper::proto::h1::io[0m[2m:[0m flushed 250 bytes
[2m2025-12-10T10:08:48.497678Z[0m [34mDEBUG[0m [2mhyper::client::pool[0m[2m:[0m reuse idle connection for ("http", 192.168.0.14:8545)
[2m2025-12-10T10:08:48.497707Z[0m [34mDEBUG[0m [2mhyper::proto::h1::io[0m[2m:[0m flushed 172 bytes
[2m2025-12-10T10:08:48.502425Z[0m [34mDEBUG[0m [2mhyper::proto::h1::io[0m[2m:[0m parsed 4 headers
[2m2025-12-10T10:08:48.502459Z[0m [34mDEBUG[0m [2mhyper::proto::h1::conn[0m[2m:[0m incoming body is content-length (45 bytes)
[2m2025-12-10T10:08:48.502500Z[0m [34mDEBUG[0m [2mhyper::proto::h1::conn[0m[2m:[0m incoming body completed
[2m2025-12-10T10:08:48.502564Z[0m [34mDEBUG[0m [2mhyper::client::pool[0m[2m:[0m pooling idle connection for ("http", 192.168.0.14:8545)
[2m2025-12-10T10:08:48.502603Z[0m [34mDEBUG[0m [2mhyper::client::pool[0m[2m:[0m reuse idle connection for ("http", 192.168.0.14:8545)
[2m2025-12-10T10:08:48.502643Z[0m [34mDEBUG[0m [2mhyper::proto::h1::io[0m[2m:[0m flushed 172 bytes
[2m2025-12-10T10:08:48.503470Z[0m [34mDEBUG[0m [2mhyper::proto::h1::io[0m[2m:[0m parsed 4 headers
[2m2025-12-10T10:08:48.503512Z[0m [34mDEBUG[0m [2mhyper::proto::h1::conn[0m[2m:[0m incoming body is content-length (775 bytes)
[2m2025-12-10T10:08:48.503529Z[0m [34mDEBUG[0m [2mhyper::proto::h1::conn[0m[2m:[0m incoming body completed
[2m2025-12-10T10:08:48.503547Z[0m [34mDEBUG[0m [2mhyper::client::pool[0m[2m:[0m pooling idle connection for ("http", 192.168.0.14:8545)
[2m2025-12-10T10:08:48.503568Z[0m [34mDEBUG[0m [2methereum_transaction_pool_monitor::eth_client[0m[2m:[0m 📡 Transaction fetch RPC completed in 5.981375ms
[2m2025-12-10T10:08:48.503611Z[0m [34mDEBUG[0m [2methereum_transaction_pool_monitor::eth_client[0m[2m:[0m DeFi transaction detected - Address: 0xdac17f958d2ee523a2206206994597c13d831ec7, Type: Stablecoin, Value: 0 ETH, Gas: 200.00 Gwei
[2m2025-12-10T10:08:48.503632Z[0m [34mDEBUG[0m [2methereum_transaction_pool_monitor::eth_client[0m[2m:[0m ✅ Transaction 0xa2140c85d213425941688a35b98b45b20541674a7510b699f079fef520a2b558 fetched and parsed in 6.046375ms
[2m2025-12-10T10:08:48.503642Z[0m [34mDEBUG[0m [2methereum_transaction_pool_monitor::mempool_monitor[0m[2m:[0m 🔍 Skipping tx 0xa2140c85d213425941688a35b98b45b20541674a7510b699f079fef520a2b558 - not a DEX interaction (target: 0xdAC17F958D2ee523a2206206994597C13D831ec7)
[2m2025-12-10T10:08:48.503652Z[0m [34mDEBUG[0m [2methereum_transaction_pool_monitor::mempool_monitor[0m[2m:[0m 📨 Processing new pending transaction: 0x95d476cf20245f5afbffb754e519097f7ad5b0fae3777eaf3c2c95167e9c81e0
[2m2025-12-10T10:08:48.503657Z[0m [34mDEBUG[0m [2methereum_transaction_pool_monitor::mempool_monitor[0m[2m:[0m 🔍 Fetching transaction details for: 0x95d476cf20245f5afbffb754e519097f7ad5b0fae3777eaf3c2c95167e9c81e0
[2m2025-12-10T10:08:48.503660Z[0m [34mDEBUG[0m [2methereum_transaction_pool_monitor::eth_client[0m[2m:[0m 🔍 Fetching transaction details for hash: 0x95d476cf20245f5afbffb754e519097f7ad5b0fae3777eaf3c2c95167e9c81e0
[2m2025-12-10T10:08:48.503674Z[0m [34mDEBUG[0m [2mhyper::client::pool[0m[2m:[0m reuse idle connection for ("http", 192.168.0.14:8545)
[2m2025-12-10T10:08:48.503692Z[0m [34mDEBUG[0m [2mhyper::proto::h1::io[0m[2m:[0m flushed 250 bytes
[2m2025-12-10T10:08:48.508896Z[0m [34mDEBUG[0m [2mhyper::proto::h1::io[0m[2m:[0m parsed 4 headers
[2m2025-12-10T10:08:48.508918Z[0m [34mDEBUG[0m [2mhyper::proto::h1::conn[0m[2m:[0m incoming body is content-length (45 bytes)
[2m2025-12-10T10:08:48.508928Z[0m [34mDEBUG[0m [2mhyper::proto::h1::conn[0m[2m:[0m incoming body completed
[2m2025-12-10T10:08:48.508941Z[0m [34mDEBUG[0m [2mhyper::client::pool[0m[2m:[0m pooling idle connection for ("http", 192.168.0.14:8545)
[2m2025-12-10T10:08:48.516171Z[0m [34mDEBUG[0m [2mhyper::proto::h1::io[0m[2m:[0m parsed 4 headers
[2m2025-12-10T10:08:48.516209Z[0m [34mDEBUG[0m [2mhyper::proto::h1::conn[0m[2m:[0m incoming body is content-length (776 bytes)
[2m2025-12-10T10:08:48.516228Z[0m [34mDEBUG[0m [2mhyper::proto::h1::conn[0m[2m:[0m incoming body completed
[2m2025-12-10T10:08:48.516252Z[0m [34mDEBUG[0m [2mhyper::client::pool[0m[2m:[0m pooling idle connection for ("http", 192.168.0.14:8545)
[2m2025-12-10T10:08:48.516273Z[0m [34mDEBUG[0m [2methereum_transaction_pool_monitor::eth_client[0m[2m:[0m 📡 Transaction fetch RPC completed in 12.607958ms
[2m2025-12-10T10:08:48.516309Z[0m [34mDEBUG[0m [2methereum_transaction_pool_monitor::eth_client[0m[2m:[0m DeFi transaction detected - Address: 0xdac17f958d2ee523a2206206994597c13d831ec7, Type: Stablecoin, Value: 0 ETH, Gas: 200.00 Gwei
[2m2025-12-10T10:08:48.516335Z[0m [34mDEBUG[0m [2methereum_transaction_pool_monitor::eth_client[0m[2m:[0m ✅ Transaction 0x95d476cf20245f5afbffb754e519097f7ad5b0fae3777eaf3c2c95167e9c81e0 fetched and parsed in 12.670042ms
[2m2025-12-10T10:08:48.516354Z[0m [34mDEBUG[0m [2methereum_transaction_pool_monitor::mempool_monitor[0m[2m:[0m 🔍 Skipping tx 0x95d476cf20245f5afbffb754e519097f7ad5b0fae3777eaf3c2c95167e9c81e0 - not a DEX interaction (target: 0xdAC17F958D2ee523a2206206994597C13D831ec7)
[2m2025-12-10T10:08:48.516374Z[0m [34mDEBUG[0m [2methereum_transaction_pool_monitor::mempool_monitor[0m[2m:[0m 📨 Processing new pending transaction: 0x1c6e7505974a6ba3beffa126fc505f236a931c5089f42e11d25fb80a80acc109
[2m2025-12-10T10:08:48.516384Z[0m [34mDEBUG[0m [2methereum_transaction_pool_monitor::mempool_monitor[0m[2m:[0m 🔍 Fetching transaction details for: 0x1c6e7505974a6ba3beffa126fc505f236a931c5089f42e11d25fb80a80acc109
[2m2025-12-10T10:08:48.516392Z[0m [34mDEBUG[0m [2methereum_transaction_pool_monitor::eth_client[0m[2m:[0m 🔍 Fetching transaction details for hash: 0x1c6e7505974a6ba3beffa126fc505f236a931c5089f42e11d25fb80a80acc109
[2m2025-12-10T10:08:48.516426Z[0m [34mDEBUG[0m [2mhyper::client::pool[0m[2m:[0m reuse idle connection for ("http", 192.168.0.14:8545)
[2m2025-12-10T10:08:48.516489Z[0m [34mDEBUG[0m [2mhyper::proto::h1::io[0m[2m:[0m flushed 250 bytes
[2m2025-12-10T10:08:48.523963Z[0m [34mDEBUG[0m [2mhyper::proto::h1::io[0m[2m:[0m parsed 4 headers
[2m2025-12-10T10:08:48.523984Z[0m [34mDEBUG[0m [2mhyper::proto::h1::conn[0m[2m:[0m incoming body is content-length (641 bytes)
[2m2025-12-10T10:08:48.523994Z[0m [34mDEBUG[0m [2mhyper::proto::h1::conn[0m[2m:[0m incoming body completed
[2m2025-12-10T10:08:48.524009Z[0m [34mDEBUG[0m [2mhyper::client::pool[0m[2m:[0m pooling idle connection for ("http", 192.168.0.14:8545)
[2m2025-12-10T10:08:48.524020Z[0m [34mDEBUG[0m [2methereum_transaction_pool_monitor::eth_client[0m[2m:[0m 📡 Transaction fetch RPC completed in 7.620084ms
[2m2025-12-10T10:08:48.729432Z[0m [34mDEBUG[0m [2methereum_transaction_pool_monitor::eth_client[0m[2m:[0m ✅ Transaction 0x1c6e7505974a6ba3beffa126fc505f236a931c5089f42e11d25fb80a80acc109 fetched and parsed in 213.0265ms
[2m2025-12-10T10:08:48.729458Z[0m [34mDEBUG[0m [2methereum_transaction_pool_monitor::mempool_monitor[0m[2m:[0m 🔍 Skipping tx 0x1c6e7505974a6ba3beffa126fc505f236a931c5089f42e11d25fb80a80acc109 - not a DEX interaction (target: 0x7EEedA1361a98c82be09072bb1B2571AA9FD502A)
[2m2025-12-10T10:08:48.729469Z[0m [34mDEBUG[0m [2methereum_transaction_pool_monitor::mempool_monitor[0m[2m:[0m 📨 Processing new pending transaction: 0x42441fa47b543e33206e0e74f66eb3de8f81eb49bdc69cb43c0a368f7e710bd9
[2m2025-12-10T10:08:48.729474Z[0m [34mDEBUG[0m [2methereum_transaction_pool_monitor::mempool_monitor[0m[2m:[0m 🔍 Fetching transaction details for: 0x42441fa47b543e33206e0e74f66eb3de8f81eb49bdc69cb43c0a368f7e710bd9
[2m2025-12-10T10:08:48.729477Z[0m [34mDEBUG[0m [2methereum_transaction_pool_monitor::eth_client[0m[2m:[0m 🔍 Fetching transaction details for hash: 0x42441fa47b543e33206e0e74f66eb3de8f81eb49bdc69cb43c0a368f7e710bd9
[2m2025-12-10T10:08:48.729502Z[0m [34mDEBUG[0m [2mhyper::client::pool[0m[2m:[0m reuse idle connection for ("http", 192.168.0.14:8545)
[2m2025-12-10T10:08:48.729543Z[0m [34mDEBUG[0m [2mhyper::proto::h1::io[0m[2m:[0m flushed 250 bytes
[2m2025-12-10T10:08:48.729564Z[0m [34mDEBUG[0m [2mhyper::client::pool[0m[2m:[0m reuse idle connection for ("http", 192.168.0.14:8545)
[2m2025-12-10T10:08:48.729579Z[0m [34mDEBUG[0m [2mhyper::proto::h1::io[0m[2m:[0m flushed 172 bytes
[2m2025-12-10T10:08:48.729595Z[0m [34mDEBUG[0m [2methereum_transaction_pool_monitor::eth_client[0m[2m:[0m 📨 Received WebSocket message: {"jsonrpc":"2.0","method":"eth_subscription","params":{"subscription":"0xbed0a0851463e895960a451075a301a9","result":"0xa927291c8fe9dd58aff903cfa133feef73a47091c479599125cada0b1dd2b743"}}
[2m2025-12-10T10:08:48.729602Z[0m [34mDEBUG[0m [2methereum_transaction_pool_monitor::eth_client[0m[2m:[0m 📨 Received pending transaction: 0xa927291c8fe9dd58aff903cfa133feef73a47091c479599125cada0b1dd2b743
[2m2025-12-10T10:08:48.729606Z[0m [32m INFO[0m [2methereum_transaction_pool_monitor::eth_client[0m[2m:[0m 📊 WebSocket stats - Total: 690 transactions, Rate: 13.6 tx/s
[2m2025-12-10T10:08:48.737320Z[0m [34mDEBUG[0m [2mhyper::proto::h1::io[0m[2m:[0m parsed 4 headers
[2m2025-12-10T10:08:48.737335Z[0m [34mDEBUG[0m [2mhyper::proto::h1::conn[0m[2m:[0m incoming body is content-length (644 bytes)
[2m2025-12-10T10:08:48.737343Z[0m [34mDEBUG[0m [2mhyper::proto::h1::conn[0m[2m:[0m incoming body completed
[2m2025-12-10T10:08:48.737356Z[0m [34mDEBUG[0m [2mhyper::client::pool[0m[2m:[0m pooling idle connection for ("http", 192.168.0.14:8545)
[2m2025-12-10T10:08:48.737364Z[0m [34mDEBUG[0m [2methereum_transaction_pool_monitor::eth_client[0m[2m:[0m 📡 Transaction fetch RPC completed in 7.882542ms
[2m2025-12-10T10:08:48.920554Z[0m [34mDEBUG[0m [2methereum_transaction_pool_monitor::eth_client[0m[2m:[0m ✅ Transaction 0x42441fa47b543e33206e0e74f66eb3de8f81eb49bdc69cb43c0a368f7e710bd9 fetched and parsed in 191.067959ms
[2m2025-12-10T10:08:48.920580Z[0m [34mDEBUG[0m [2methereum_transaction_pool_monitor::mempool_monitor[0m[2m:[0m 🔍 Skipping tx 0x42441fa47b543e33206e0e74f66eb3de8f81eb49bdc69cb43c0a368f7e710bd9 - not a DEX interaction (target: 0x17E5545B11b468072283Cee1F066a059Fb0dbF24)
[2m2025-12-10T10:08:48.920591Z[0m [34mDEBUG[0m [2methereum_transaction_pool_monitor::mempool_monitor[0m[2m:[0m 📨 Processing new pending transaction: 0xdeaaa4f3fc81019e45afc8b5aa4c9be5717f863d7474468d43df786062b29c2e
[2m2025-12-10T10:08:48.920596Z[0m [34mDEBUG[0m [2methereum_transaction_pool_monitor::mempool_monitor[0m[2m:[0m 🔍 Fetching transaction details for: 0xdeaaa4f3fc81019e45afc8b5aa4c9be5717f863d7474468d43df786062b29c2e
[2m2025-12-10T10:08:48.920600Z[0m [34mDEBUG[0m [2methereum_transaction_pool_monitor::eth_client[0m[2m:[0m 🔍 Fetching transaction details for hash: 0xdeaaa4f3fc81019e45afc8b5aa4c9be5717f863d7474468d43df786062b29c2e
[2m2025-12-10T10:08:48.920624Z[0m [34mDEBUG[0m [2mhyper::client::pool[0m[2m:[0m reuse idle connection for ("http", 192.168.0.14:8545)
[2m2025-12-10T10:08:48.920672Z[0m [34mDEBUG[0m [2mhyper::proto::h1::io[0m[2m:[0m flushed 250 bytes
[2m2025-12-10T10:08:48.920697Z[0m [34mDEBUG[0m [2methereum_transaction_pool_monitor::eth_client[0m[2m:[0m 📨 Received WebSocket message: {"jsonrpc":"2.0","method":"eth_subscription","params":{"subscription":"0xbed0a0851463e895960a451075a301a9","result":"0x45bae6b70c549c4ee6ce4bcebfea5f9a006ba9d74109cc1c5941bfeea752c57e"}}
[2m2025-12-10T10:08:48.920705Z[0m [34mDEBUG[0m [2methereum_transaction_pool_monitor::eth_client[0m[2m:[0m 📨 Received pending transaction: 0x45bae6b70c549c4ee6ce4bcebfea5f9a006ba9d74109cc1c5941bfeea752c57e
[2m2025-12-10T10:08:48.920704Z[0m [34mDEBUG[0m [2mhyper::proto::h1::io[0m[2m:[0m parsed 4 headers
[2m2025-12-10T10:08:48.920711Z[0m [34mDEBUG[0m [2methereum_transaction_pool_monitor::eth_client[0m[2m:[0m 📨 Received WebSocket message: {"jsonrpc":"2.0","method":"eth_subscription","params":{"subscription":"0xbed0a0851463e895960a451075a301a9","result":"0xf4af42f301130cf1c49b847ab0f24589b76f3cdb1c5bbaf9802eb5fcc9e59168"}}
[2m2025-12-10T10:08:48.920716Z[0m [34mDEBUG[0m [2mhyper::proto::h1::conn[0m[2m:[0m incoming body is content-length (45 bytes)
[2m2025-12-10T10:08:48.920722Z[0m [34mDEBUG[0m [2methereum_transaction_pool_monitor::eth_client[0m[2m:[0m 📨 Received pending transaction: 0xf4af42f301130cf1c49b847ab0f24589b76f3cdb1c5bbaf9802eb5fcc9e59168
[2m2025-12-10T10:08:48.920728Z[0m [34mDEBUG[0m [2methereum_transaction_pool_monitor::eth_client[0m[2m:[0m 📨 Received WebSocket message: {"jsonrpc":"2.0","method":"eth_subscription","params":{"subscription":"0xbed0a0851463e895960a451075a301a9","result":"0x40aebcea6408b1f25d46bfe2d11b68dccc95b5007dc6b8ab30ac9baee831b274"}}
[2m2025-12-10T10:08:48.920729Z[0m [34mDEBUG[0m [2mhyper::proto::h1::conn[0m[2m:[0m incoming body completed
[2m2025-12-10T10:08:48.920735Z[0m [34mDEBUG[0m [2methereum_transaction_pool_monitor::eth_client[0m[2m:[0m 📨 Received pending transaction: 0x40aebcea6408b1f25d46bfe2d11b68dccc95b5007dc6b8ab30ac9baee831b274
[2m2025-12-10T10:08:48.920746Z[0m [34mDEBUG[0m [2mhyper::client::pool[0m[2m:[0m pooling idle connection for ("http", 192.168.0.14:8545)
[2m2025-12-10T10:08:48.920767Z[0m [34mDEBUG[0m [2mhyper::client::pool[0m[2m:[0m reuse idle connection for ("http", 192.168.0.14:8545)
[2m2025-12-10T10:08:48.920788Z[0m [34mDEBUG[0m [2mhyper::proto::h1::io[0m[2m:[0m flushed 172 bytes
[2m2025-12-10T10:08:48.927590Z[0m [34mDEBUG[0m [2mhyper::proto::h1::io[0m[2m:[0m parsed 4 headers
[2m2025-12-10T10:08:48.927629Z[0m [34mDEBUG[0m [2mhyper::proto::h1::io[0m[2m:[0m parsed 4 headers
[2m2025-12-10T10:08:48.927641Z[0m [34mDEBUG[0m [2mhyper::proto::h1::conn[0m[2m:[0m incoming body is content-length (45 bytes)
[2m2025-12-10T10:08:48.927653Z[0m [34mDEBUG[0m [2mhyper::proto::h1::conn[0m[2m:[0m incoming body is content-length (2118 bytes)
[2m2025-12-10T10:08:48.927674Z[0m [34mDEBUG[0m [2mhyper::proto::h1::conn[0m[2m:[0m incoming body completed
[2m2025-12-10T10:08:48.927689Z[0m [34mDEBUG[0m [2mhyper::proto::h1::conn[0m[2m:[0m incoming body completed
[2m2025-12-10T10:08:48.927720Z[0m [34mDEBUG[0m [2mhyper::client::pool[0m[2m:[0m pooling idle connection for ("http", 192.168.0.14:8545)
[2m2025-12-10T10:08:48.927709Z[0m [34mDEBUG[0m [2mhyper::client::pool[0m[2m:[0m pooling idle connection for ("http", 192.168.0.14:8545)
[2m2025-12-10T10:08:48.927753Z[0m [34mDEBUG[0m [2methereum_transaction_pool_monitor::eth_client[0m[2m:[0m 📡 Transaction fetch RPC completed in 7.148792ms
[2m2025-12-10T10:08:48.927774Z[0m [34mDEBUG[0m [2mhyper::client::pool[0m[2m:[0m reuse idle connection for ("http", 192.168.0.14:8545)
[2m2025-12-10T10:08:48.927822Z[0m [34mDEBUG[0m [2mhyper::proto::h1::io[0m[2m:[0m flushed 172 bytes
[2m2025-12-10T10:08:48.934077Z[0m [34mDEBUG[0m [2methereum_transaction_pool_monitor::eth_client[0m[2m:[0m 📨 Received WebSocket message: {"jsonrpc":"2.0","method":"eth_subscription","params":{"subscription":"0xbed0a0851463e895960a451075a301a9","result":"0xff54ce2de51e9eb7828c2dce5aa7f8b01d01d36d8124b7a56fb9f32b925cee51"}}
[2m2025-12-10T10:08:48.934126Z[0m [34mDEBUG[0m [2methereum_transaction_pool_monitor::eth_client[0m[2m:[0m 📨 Received pending transaction: 0xff54ce2de51e9eb7828c2dce5aa7f8b01d01d36d8124b7a56fb9f32b925cee51
[2m2025-12-10T10:08:48.934850Z[0m [34mDEBUG[0m [2mhyper::proto::h1::io[0m[2m:[0m parsed 4 headers
[2m2025-12-10T10:08:48.934866Z[0m [34mDEBUG[0m [2mhyper::proto::h1::conn[0m[2m:[0m incoming body is content-length (45 bytes)
[2m2025-12-10T10:08:48.934875Z[0m [34mDEBUG[0m [2mhyper::proto::h1::conn[0m[2m:[0m incoming body completed
[2m2025-12-10T10:08:48.934888Z[0m [34mDEBUG[0m [2mhyper::client::pool[0m[2m:[0m pooling idle connection for ("http", 192.168.0.14:8545)
[2m2025-12-10T10:08:48.934998Z[0m [34mDEBUG[0m [2mhyper::client::pool[0m[2m:[0m reuse idle connection for ("http", 192.168.0.14:8545)
[2m2025-12-10T10:08:48.935080Z[0m [34mDEBUG[0m [2mhyper::proto::h1::io[0m[2m:[0m flushed 172 bytes
[2m2025-12-10T10:08:48.937819Z[0m [34mDEBUG[0m [2methereum_transaction_pool_monitor::eth_client[0m[2m:[0m 📨 Received WebSocket message: {"jsonrpc":"2.0","method":"eth_subscription","params":{"subscription":"0xbed0a0851463e895960a451075a301a9","result":"0xe08885ab4ca10bcada0de286dabdfe165fcd303d5d149e5665f31885d4940b5c"}}
[2m2025-12-10T10:08:48.937869Z[0m [34mDEBUG[0m [2methereum_transaction_pool_monitor::eth_client[0m[2m:[0m 📨 Received pending transaction: 0xe08885ab4ca10bcada0de286dabdfe165fcd303d5d149e5665f31885d4940b5c
[2m2025-12-10T10:08:48.939165Z[0m [34mDEBUG[0m [2methereum_transaction_pool_monitor::eth_client[0m[2m:[0m 📨 Received WebSocket message: {"jsonrpc":"2.0","method":"eth_subscription","params":{"subscription":"0xbed0a0851463e895960a451075a301a9","result":"0x4e12b5bd3c20e1dc2b5e59e3ae82becafd38e58dfaeb59564d1924d057ae05e9"}}
[2m2025-12-10T10:08:48.939198Z[0m [34mDEBUG[0m [2methereum_transaction_pool_monitor::eth_client[0m[2m:[0m 📨 Received pending transaction: 0x4e12b5bd3c20e1dc2b5e59e3ae82becafd38e58dfaeb59564d1924d057ae05e9
[2m2025-12-10T10:08:48.939971Z[0m [34mDEBUG[0m [2mhyper::proto::h1::io[0m[2m:[0m parsed 4 headers
[2m2025-12-10T10:08:48.939981Z[0m [34mDEBUG[0m [2mhyper::proto::h1::conn[0m[2m:[0m incoming body is content-length (45 bytes)
[2m2025-12-10T10:08:48.939993Z[0m [34mDEBUG[0m [2mhyper::proto::h1::conn[0m[2m:[0m incoming body completed
[2m2025-12-10T10:08:48.940008Z[0m [34mDEBUG[0m [2mhyper::client::pool[0m[2m:[0m pooling idle connection for ("http", 192.168.0.14:8545)
[2m2025-12-10T10:08:48.996280Z[0m [34mDEBUG[0m [2mhyper::client::pool[0m[2m:[0m reuse idle connection for ("http", 192.168.0.14:8545)
[2m2025-12-10T10:08:48.996406Z[0m [34mDEBUG[0m [2mhyper::proto::h1::io[0m[2m:[0m flushed 172 bytes
[2m2025-12-10T10:08:48.997595Z[0m [34mDEBUG[0m [2methereum_transaction_pool_monitor::eth_client[0m[2m:[0m 📨 Received WebSocket message: {"jsonrpc":"2.0","method":"eth_subscription","params":{"subscription":"0xbed0a0851463e895960a451075a301a9","result":"0x5c943385c66d16aa7644015f51c334f92df3ea6c7ea80cfc387a88a75f6036e5"}}
[2m2025-12-10T10:08:48.997625Z[0m [34mDEBUG[0m [2methereum_transaction_pool_monitor::eth_client[0m[2m:[0m 📨 Received pending transaction: 0x5c943385c66d16aa7644015f51c334f92df3ea6c7ea80cfc387a88a75f6036e5
[2m2025-12-10T10:08:49.000728Z[0m [34mDEBUG[0m [2mhyper::proto::h1::io[0m[2m:[0m parsed 4 headers
[2m2025-12-10T10:08:49.000753Z[0m [34mDEBUG[0m [2mhyper::proto::h1::conn[0m[2m:[0m incoming body is content-length (45 bytes)
[2m2025-12-10T10:08:49.000771Z[0m [34mDEBUG[0m [2mhyper::proto::h1::conn[0m[2m:[0m incoming body completed
[2m2025-12-10T10:08:49.000791Z[0m [34mDEBUG[0m [2mhyper::client::pool[0m[2m:[0m pooling idle connection for ("http", 192.168.0.14:8545)
[2m2025-12-10T10:08:49.044478Z[0m [34mDEBUG[0m [2methereum_transaction_pool_monitor::eth_client[0m[2m:[0m ✅ Transaction 0xdeaaa4f3fc81019e45afc8b5aa4c9be5717f863d7474468d43df786062b29c2e fetched and parsed in 123.870167ms
[2m2025-12-10T10:08:49.044515Z[0m [34mDEBUG[0m [2methereum_transaction_pool_monitor::mempool_monitor[0m[2m:[0m 🔍 Skipping tx 0xdeaaa4f3fc81019e45afc8b5aa4c9be5717f863d7474468d43df786062b29c2e - not a DEX interaction (target: 0x8FafAE7Dd957044088b3d0F67359C327c6200d18)
[2m2025-12-10T10:08:49.044526Z[0m [34mDEBUG[0m [2methereum_transaction_pool_monitor::mempool_monitor[0m[2m:[0m 📨 Processing new pending transaction: 0x4b630d0485921969ab49cf5121a8825989c854663ce57d0fbd140cbb49c87dbc
[2m2025-12-10T10:08:49.044531Z[0m [34mDEBUG[0m [2methereum_transaction_pool_monitor::mempool_monitor[0m[2m:[0m 🔍 Fetching transaction details for: 0x4b630d0485921969ab49cf5121a8825989c854663ce57d0fbd140cbb49c87dbc
[2m2025-12-10T10:08:49.044534Z[0m [34mDEBUG[0m [2methereum_transaction_pool_monitor::eth_client[0m[2m:[0m 🔍 Fetching transaction details for hash: 0x4b630d0485921969ab49cf5121a8825989c854663ce57d0fbd140cbb49c87dbc
[2m2025-12-10T10:08:49.044558Z[0m [34mDEBUG[0m [2mhyper::client::pool[0m[2m:[0m reuse idle connection for ("http", 192.168.0.14:8545)
[2m2025-12-10T10:08:49.044632Z[0m [34mDEBUG[0m [2mhyper::proto::h1::io[0m[2m:[0m flushed 250 bytes
[2m2025-12-10T10:08:49.052385Z[0m [34mDEBUG[0m [2mhyper::proto::h1::io[0m[2m:[0m parsed 4 headers
[2m2025-12-10T10:08:49.052400Z[0m [34mDEBUG[0m [2mhyper::proto::h1::conn[0m[2m:[0m incoming body is content-length (1990 bytes)
[2m2025-12-10T10:08:49.052409Z[0m [34mDEBUG[0m [2mhyper::proto::h1::conn[0m[2m:[0m incoming body completed
[2m2025-12-10T10:08:49.052421Z[0m [34mDEBUG[0m [2mhyper::client::pool[0m[2m:[0m pooling idle connection for ("http", 192.168.0.14:8545)
[2m2025-12-10T10:08:49.052429Z[0m [34mDEBUG[0m [2methereum_transaction_pool_monitor::eth_client[0m[2m:[0m 📡 Transaction fetch RPC completed in 7.890625ms
[2m2025-12-10T10:08:49.213402Z[0m [34mDEBUG[0m [2methereum_transaction_pool_monitor::eth_client[0m[2m:[0m ✅ Transaction 0x4b630d0485921969ab49cf5121a8825989c854663ce57d0fbd140cbb49c87dbc fetched and parsed in 168.858708ms
[2m2025-12-10T10:08:49.213435Z[0m [34mDEBUG[0m [2methereum_transaction_pool_monitor::mempool_monitor[0m[2m:[0m 🔍 Skipping tx 0x4b630d0485921969ab49cf5121a8825989c854663ce57d0fbd140cbb49c87dbc - not a DEX interaction (target: 0xa59BA433ac34D2927232918Ef5B2eaAfcF130BA5)
[2m2025-12-10T10:08:49.213445Z[0m [34mDEBUG[0m [2methereum_transaction_pool_monitor::mempool_monitor[0m[2m:[0m 📨 Processing new pending transaction: 0xfdb2f433f42451d0b5859f6390fa3dff70fc0bc54518c24ba763d83e3e84b3d1
[2m2025-12-10T10:08:49.213450Z[0m [34mDEBUG[0m [2methereum_transaction_pool_monitor::mempool_monitor[0m[2m:[0m 🔍 Fetching transaction details for: 0xfdb2f433f42451d0b5859f6390fa3dff70fc0bc54518c24ba763d83e3e84b3d1
[2m2025-12-10T10:08:49.213453Z[0m [34mDEBUG[0m [2methereum_transaction_pool_monitor::eth_client[0m[2m:[0m 🔍 Fetching transaction details for hash: 0xfdb2f433f42451d0b5859f6390fa3dff70fc0bc54518c24ba763d83e3e84b3d1
[2m2025-12-10T10:08:49.213478Z[0m [34mDEBUG[0m [2mhyper::client::pool[0m[2m:[0m reuse idle connection for ("http", 192.168.0.14:8545)
[2m2025-12-10T10:08:49.213560Z[0m [34mDEBUG[0m [2mhyper::proto::h1::io[0m[2m:[0m flushed 250 bytes
[2m2025-12-10T10:08:49.213618Z[0m [34mDEBUG[0m [2mhyper::client::pool[0m[2m:[0m reuse idle connection for ("http", 192.168.0.14:8545)
[2m2025-12-10T10:08:49.213639Z[0m [34mDEBUG[0m [2mhyper::proto::h1::io[0m[2m:[0m flushed 172 bytes
[2m2025-12-10T10:08:49.218248Z[0m [34mDEBUG[0m [2mhyper::proto::h1::io[0m[2m:[0m parsed 4 headers
[2m2025-12-10T10:08:49.218274Z[0m [34mDEBUG[0m [2mhyper::proto::h1::conn[0m[2m:[0m incoming body is content-length (5507 bytes)
[2m2025-12-10T10:08:49.218295Z[0m [34mDEBUG[0m [2methereum_transaction_pool_monitor::eth_client[0m[2m:[0m 📡 Transaction fetch RPC completed in 4.838208ms
[2m2025-12-10T10:08:49.221014Z[0m [34mDEBUG[0m [2mhyper::proto::h1::conn[0m[2m:[0m incoming body completed
[2m2025-12-10T10:08:49.221034Z[0m [34mDEBUG[0m [2mhyper::client::pool[0m[2m:[0m pooling idle connection for ("http", 192.168.0.14:8545)
[2m2025-12-10T10:08:49.221067Z[0m [34mDEBUG[0m [2mhyper::proto::h1::io[0m[2m:[0m parsed 4 headers
[2m2025-12-10T10:08:49.221100Z[0m [34mDEBUG[0m [2mhyper::proto::h1::conn[0m[2m:[0m incoming body is content-length (45 bytes)
[2m2025-12-10T10:08:49.221116Z[0m [34mDEBUG[0m [2mhyper::proto::h1::conn[0m[2m:[0m incoming body completed
[2m2025-12-10T10:08:49.221135Z[0m [34mDEBUG[0m [2mhyper::client::pool[0m[2m:[0m pooling idle connection for ("http", 192.168.0.14:8545)
[2m2025-12-10T10:08:49.221188Z[0m [34mDEBUG[0m [2mhyper::client::pool[0m[2m:[0m reuse idle connection for ("http", 192.168.0.14:8545)
[2m2025-12-10T10:08:49.221242Z[0m [34mDEBUG[0m [2mhyper::proto::h1::io[0m[2m:[0m flushed 172 bytes
[2m2025-12-10T10:08:49.227553Z[0m [34mDEBUG[0m [2mhyper::proto::h1::io[0m[2m:[0m parsed 4 headers
[2m2025-12-10T10:08:49.227602Z[0m [34mDEBUG[0m [2mhyper::proto::h1::conn[0m[2m:[0m incoming body is content-length (45 bytes)
[2m2025-12-10T10:08:49.227618Z[0m [34mDEBUG[0m [2mhyper::proto::h1::conn[0m[2m:[0m incoming body completed
[2m2025-12-10T10:08:49.227633Z[0m [34mDEBUG[0m [2mhyper::client::pool[0m[2m:[0m pooling idle connection for ("http", 192.168.0.14:8545)
[2m2025-12-10T10:08:49.280104Z[0m [34mDEBUG[0m [2methereum_transaction_pool_monitor::eth_client[0m[2m:[0m 📨 Received WebSocket message: {"jsonrpc":"2.0","method":"eth_subscription","params":{"subscription":"0xbed0a0851463e895960a451075a301a9","result":"0x4cefa9eb4f3366668dfb5eee475cc464017a9ec19488401e84a3416c9d7204b1"}}
[2m2025-12-10T10:08:49.280155Z[0m [34mDEBUG[0m [2methereum_transaction_pool_monitor::eth_client[0m[2m:[0m 📨 Received pending transaction: 0x4cefa9eb4f3366668dfb5eee475cc464017a9ec19488401e84a3416c9d7204b1
[2m2025-12-10T10:08:49.297222Z[0m [34mDEBUG[0m [2mhyper::client::pool[0m[2m:[0m reuse idle connection for ("http", 192.168.0.14:8545)
[2m2025-12-10T10:08:49.297363Z[0m [34mDEBUG[0m [2mhyper::proto::h1::io[0m[2m:[0m flushed 172 bytes
[2m2025-12-10T10:08:49.300221Z[0m [34mDEBUG[0m [2mhyper::proto::h1::io[0m[2m:[0m parsed 4 headers
[2m2025-12-10T10:08:49.300271Z[0m [34mDEBUG[0m [2mhyper::proto::h1::conn[0m[2m:[0m incoming body is content-length (45 bytes)
[2m2025-12-10T10:08:49.300296Z[0m [34mDEBUG[0m [2mhyper::proto::h1::conn[0m[2m:[0m incoming body completed
[2m2025-12-10T10:08:49.300309Z[0m [34mDEBUG[0m [2mhyper::client::pool[0m[2m:[0m pooling idle connection for ("http", 192.168.0.14:8545)
[2m2025-12-10T10:08:49.337329Z[0m [34mDEBUG[0m [2methereum_transaction_pool_monitor::eth_client[0m[2m:[0m ✅ Transaction 0xfdb2f433f42451d0b5859f6390fa3dff70fc0bc54518c24ba763d83e3e84b3d1 fetched and parsed in 123.868708ms
[2m2025-12-10T10:08:49.337656Z[0m [34mDEBUG[0m [2methereum_transaction_pool_monitor::mempool_monitor[0m[2m:[0m 🔍 Skipping tx 0xfdb2f433f42451d0b5859f6390fa3dff70fc0bc54518c24ba763d83e3e84b3d1 - not a DEX interaction (target: 0xF6801D319497789f934ec7F83E142a9536312B08)
[2m2025-12-10T10:08:49.337669Z[0m [34mDEBUG[0m [2methereum_transaction_pool_monitor::mempool_monitor[0m[2m:[0m 📨 Processing new pending transaction: 0x6c57ef2adaf99bf890435435f39c0c82914c112fe27bac91c6b58c7047016eab
[2m2025-12-10T10:08:49.337675Z[0m [34mDEBUG[0m [2methereum_transaction_pool_monitor::mempool_monitor[0m[2m:[0m 🔍 Fetching transaction details for: 0x6c57ef2adaf99bf890435435f39c0c82914c112fe27bac91c6b58c7047016eab
[2m2025-12-10T10:08:49.337679Z[0m [34mDEBUG[0m [2methereum_transaction_pool_monitor::eth_client[0m[2m:[0m 🔍 Fetching transaction details for hash: 0x6c57ef2adaf99bf890435435f39c0c82914c112fe27bac91c6b58c7047016eab
[2m2025-12-10T10:08:49.337705Z[0m [34mDEBUG[0m [2mhyper::client::pool[0m[2m:[0m reuse idle connection for ("http", 192.168.0.14:8545)
[2m2025-12-10T10:08:49.337764Z[0m [34mDEBUG[0m [2mhyper::proto::h1::io[0m[2m:[0m flushed 250 bytes
[2m2025-12-10T10:08:49.341781Z[0m [34mDEBUG[0m [2mhyper::proto::h1::io[0m[2m:[0m parsed 4 headers
[2m2025-12-10T10:08:49.341834Z[0m [34mDEBUG[0m [2mhyper::proto::h1::conn[0m[2m:[0m incoming body is content-length (777 bytes)
[2m2025-12-10T10:08:49.341847Z[0m [34mDEBUG[0m [2mhyper::proto::h1::conn[0m[2m:[0m incoming body completed
[2m2025-12-10T10:08:49.341858Z[0m [34mDEBUG[0m [2mhyper::client::pool[0m[2m:[0m pooling idle connection for ("http", 192.168.0.14:8545)
[2m2025-12-10T10:08:49.341866Z[0m [34mDEBUG[0m [2methereum_transaction_pool_monitor::eth_client[0m[2m:[0m 📡 Transaction fetch RPC completed in 4.183291ms
[2m2025-12-10T10:08:49.341886Z[0m [34mDEBUG[0m [2methereum_transaction_pool_monitor::eth_client[0m[2m:[0m DeFi transaction detected - Address: 0xdac17f958d2ee523a2206206994597c13d831ec7, Type: Stablecoin, Value: 0 ETH, Gas: 127.50 Gwei
[2m2025-12-10T10:08:49.341902Z[0m [34mDEBUG[0m [2methereum_transaction_pool_monitor::eth_client[0m[2m:[0m ✅ Transaction 0x6c57ef2adaf99bf890435435f39c0c82914c112fe27bac91c6b58c7047016eab fetched and parsed in 4.218916ms
[2m2025-12-10T10:08:49.341908Z[0m [34mDEBUG[0m [2methereum_transaction_pool_monitor::mempool_monitor[0m[2m:[0m 🔍 Skipping tx 0x6c57ef2adaf99bf890435435f39c0c82914c112fe27bac91c6b58c7047016eab - not a DEX interaction (target: 0xdAC17F958D2ee523a2206206994597C13D831ec7)
[2m2025-12-10T10:08:49.341915Z[0m [34mDEBUG[0m [2methereum_transaction_pool_monitor::mempool_monitor[0m[2m:[0m 📨 Processing new pending transaction: 0x89c7a644eaef540ecf4f07b1e99ed0b980bae11dbbea29703d5ec75cdc5156aa
[2m2025-12-10T10:08:49.341919Z[0m [34mDEBUG[0m [2methereum_transaction_pool_monitor::mempool_monitor[0m[2m:[0m 🔍 Fetching transaction details for: 0x89c7a644eaef540ecf4f07b1e99ed0b980bae11dbbea29703d5ec75cdc5156aa
[2m2025-12-10T10:08:49.341923Z[0m [34mDEBUG[0m [2methereum_transaction_pool_monitor::eth_client[0m[2m:[0m 🔍 Fetching transaction details for hash: 0x89c7a644eaef540ecf4f07b1e99ed0b980bae11dbbea29703d5ec75cdc5156aa
[2m2025-12-10T10:08:49.341939Z[0m [34mDEBUG[0m [2mhyper::client::pool[0m[2m:[0m reuse idle connection for ("http", 192.168.0.14:8545)
[2m2025-12-10T10:08:49.341958Z[0m [34mDEBUG[0m [2mhyper::proto::h1::io[0m[2m:[0m flushed 250 bytes
[2m2025-12-10T10:08:49.346245Z[0m [34mDEBUG[0m [2mhyper::proto::h1::io[0m[2m:[0m parsed 4 headers
[2m2025-12-10T10:08:49.346263Z[0m [34mDEBUG[0m [2mhyper::proto::h1::conn[0m[2m:[0m incoming body is content-length (641 bytes)
[2m2025-12-10T10:08:49.346273Z[0m [34mDEBUG[0m [2mhyper::proto::h1::conn[0m[2m:[0m incoming body completed
[2m2025-12-10T10:08:49.346285Z[0m [34mDEBUG[0m [2mhyper::client::pool[0m[2m:[0m pooling idle connection for ("http", 192.168.0.14:8545)
[2m2025-12-10T10:08:49.346294Z[0m [34mDEBUG[0m [2methereum_transaction_pool_monitor::eth_client[0m[2m:[0m 📡 Transaction fetch RPC completed in 4.367125ms
[2m2025-12-10T10:08:49.444955Z[0m [34mDEBUG[0m [2methereum_transaction_pool_monitor::eth_client[0m[2m:[0m ✅ Transaction 0x89c7a644eaef540ecf4f07b1e99ed0b980bae11dbbea29703d5ec75cdc5156aa fetched and parsed in 103.02225ms
[2m2025-12-10T10:08:49.444995Z[0m [34mDEBUG[0m [2methereum_transaction_pool_monitor::mempool_monitor[0m[2m:[0m 🔍 Skipping tx 0x89c7a644eaef540ecf4f07b1e99ed0b980bae11dbbea29703d5ec75cdc5156aa - not a DEX interaction (target: 0x94855E68af2F38f29acab25388353B2d0D3A30e9)
[2m2025-12-10T10:08:49.445009Z[0m [34mDEBUG[0m [2methereum_transaction_pool_monitor::mempool_monitor[0m[2m:[0m 📨 Processing new pending transaction: 0x97860a27bc6891ab6294a0cfbad4ffca85de6883907b13fcdfae572d903e8fbe
[2m2025-12-10T10:08:49.445015Z[0m [34mDEBUG[0m [2methereum_transaction_pool_monitor::mempool_monitor[0m[2m:[0m 🔍 Fetching transaction details for: 0x97860a27bc6891ab6294a0cfbad4ffca85de6883907b13fcdfae572d903e8fbe
[2m2025-12-10T10:08:49.445020Z[0m [34mDEBUG[0m [2methereum_transaction_pool_monitor::eth_client[0m[2m:[0m 🔍 Fetching transaction details for hash: 0x97860a27bc6891ab6294a0cfbad4ffca85de6883907b13fcdfae572d903e8fbe
[2m2025-12-10T10:08:49.445062Z[0m [34mDEBUG[0m [2mhyper::client::pool[0m[2m:[0m reuse idle connection for ("http", 192.168.0.14:8545)
[2m2025-12-10T10:08:49.445205Z[0m [34mDEBUG[0m [2mhyper::proto::h1::io[0m[2m:[0m flushed 250 bytes
[2m2025-12-10T10:08:49.445272Z[0m [34mDEBUG[0m [2mhyper::client::pool[0m[2m:[0m reuse idle connection for ("http", 192.168.0.14:8545)
[2m2025-12-10T10:08:49.445295Z[0m [34mDEBUG[0m [2methereum_transaction_pool_monitor::eth_client[0m[2m:[0m 📨 Received WebSocket message: {"jsonrpc":"2.0","method":"eth_subscription","params":{"subscription":"0xbed0a0851463e895960a451075a301a9","result":"0xbced6174b14ac2c0ea303b29df78905af53f2dd9f6f292f7b5cd3c65c8a183e3"}}
[2m2025-12-10T10:08:49.445315Z[0m [34mDEBUG[0m [2methereum_transaction_pool_monitor::eth_client[0m[2m:[0m 📨 Received pending transaction: 0xbced6174b14ac2c0ea303b29df78905af53f2dd9f6f292f7b5cd3c65c8a183e3
[2m2025-12-10T10:08:49.445321Z[0m [34mDEBUG[0m [2mhyper::proto::h1::io[0m[2m:[0m flushed 172 bytes
[2m2025-12-10T10:08:49.445327Z[0m [34mDEBUG[0m [2methereum_transaction_pool_monitor::eth_client[0m[2m:[0m 📨 Received WebSocket message: {"jsonrpc":"2.0","method":"eth_subscription","params":{"subscription":"0xbed0a0851463e895960a451075a301a9","result":"0x9747d5bf13bd256b4fe74c0bbe63a1f705767416222bd36a16bacc22ec8cea27"}}
[2m2025-12-10T10:08:49.445366Z[0m [34mDEBUG[0m [2methereum_transaction_pool_monitor::eth_client[0m[2m:[0m 📨 Received pending transaction: 0x9747d5bf13bd256b4fe74c0bbe63a1f705767416222bd36a16bacc22ec8cea27
[2m2025-12-10T10:08:49.445379Z[0m [34mDEBUG[0m [2methereum_transaction_pool_monitor::eth_client[0m[2m:[0m 📨 Received WebSocket message: {"jsonrpc":"2.0","method":"eth_subscription","params":{"subscription":"0xbed0a0851463e895960a451075a301a9","result":"0x64869805351ea62618d89ffea1c07740b58cc9b46f901db41364f74ba7c5286c"}}
[2m2025-12-10T10:08:49.445391Z[0m [34mDEBUG[0m [2methereum_transaction_pool_monitor::eth_client[0m[2m:[0m 📨 Received pending transaction: 0x64869805351ea62618d89ffea1c07740b58cc9b46f901db41364f74ba7c5286c
[2m2025-12-10T10:08:49.445400Z[0m [34mDEBUG[0m [2methereum_transaction_pool_monitor::eth_client[0m[2m:[0m 📨 Received WebSocket message: {"jsonrpc":"2.0","method":"eth_subscription","params":{"subscription":"0xbed0a0851463e895960a451075a301a9","result":"0x86784ff2ba6c4a1672dc12ae23616023e2f5d5544b7552662ec1cd0804b869b8"}}
[2m2025-12-10T10:08:49.445411Z[0m [34mDEBUG[0m [2methereum_transaction_pool_monitor::eth_client[0m[2m:[0m 📨 Received pending transaction: 0x86784ff2ba6c4a1672dc12ae23616023e2f5d5544b7552662ec1cd0804b869b8
[2m2025-12-10T10:08:49.450820Z[0m [34mDEBUG[0m [2mhyper::proto::h1::io[0m[2m:[0m parsed 4 headers
[2m2025-12-10T10:08:49.450835Z[0m [34mDEBUG[0m [2mhyper::proto::h1::conn[0m[2m:[0m incoming body is content-length (778 bytes)
[2m2025-12-10T10:08:49.450844Z[0m [34mDEBUG[0m [2mhyper::proto::h1::conn[0m[2m:[0m incoming body completed
[2m2025-12-10T10:08:49.450857Z[0m [34mDEBUG[0m [2mhyper::client::pool[0m[2m:[0m pooling idle connection for ("http", 192.168.0.14:8545)
[2m2025-12-10T10:08:49.450865Z[0m [34mDEBUG[0m [2methereum_transaction_pool_monitor::eth_client[0m[2m:[0m 📡 Transaction fetch RPC completed in 5.841042ms
[2m2025-12-10T10:08:49.540588Z[0m [34mDEBUG[0m [2methereum_transaction_pool_monitor::eth_client[0m[2m:[0m ✅ Transaction 0x97860a27bc6891ab6294a0cfbad4ffca85de6883907b13fcdfae572d903e8fbe fetched and parsed in 95.5605ms
[2m2025-12-10T10:08:49.540609Z[0m [34mDEBUG[0m [2methereum_transaction_pool_monitor::mempool_monitor[0m[2m:[0m 🔍 Skipping tx 0x97860a27bc6891ab6294a0cfbad4ffca85de6883907b13fcdfae572d903e8fbe - not a DEX interaction (target: 0xDEf1CA1fb7FBcDC777520aa7f396b4E015F497aB)
[2m2025-12-10T10:08:49.540619Z[0m [34mDEBUG[0m [2methereum_transaction_pool_monitor::mempool_monitor[0m[2m:[0m 📨 Processing new pending transaction: 0x9582a615924cc9d1c8a52a2c7052876b4140218594e86bec823658d8e122d11a
[2m2025-12-10T10:08:49.540624Z[0m [34mDEBUG[0m [2methereum_transaction_pool_monitor::mempool_monitor[0m[2m:[0m 🔍 Fetching transaction details for: 0x9582a615924cc9d1c8a52a2c7052876b4140218594e86bec823658d8e122d11a
[2m2025-12-10T10:08:49.540627Z[0m [34mDEBUG[0m [2methereum_transaction_pool_monitor::eth_client[0m[2m:[0m 🔍 Fetching transaction details for hash: 0x9582a615924cc9d1c8a52a2c7052876b4140218594e86bec823658d8e122d11a
[2m2025-12-10T10:08:49.540649Z[0m [34mDEBUG[0m [2mhyper::client::pool[0m[2m:[0m reuse idle connection for ("http", 192.168.0.14:8545)
[2m2025-12-10T10:08:49.540677Z[0m [34mDEBUG[0m [2mhyper::proto::h1::io[0m[2m:[0m flushed 250 bytes
[2m2025-12-10T10:08:49.540698Z[0m [34mDEBUG[0m [2methereum_transaction_pool_monitor::eth_client[0m[2m:[0m 📨 Received WebSocket message: {"jsonrpc":"2.0","method":"eth_subscription","params":{"subscription":"0xbed0a0851463e895960a451075a301a9","result":"0x25b4262a6dd0eb39dc0cdbd7030bf447873ab7d942f266a1c253199c15fe7dc5"}}
[2m2025-12-10T10:08:49.540699Z[0m [34mDEBUG[0m [2mhyper::proto::h1::io[0m[2m:[0m parsed 4 headers
[2m2025-12-10T10:08:49.540706Z[0m [34mDEBUG[0m [2methereum_transaction_pool_monitor::eth_client[0m[2m:[0m 📨 Received pending transaction: 0x25b4262a6dd0eb39dc0cdbd7030bf447873ab7d942f266a1c253199c15fe7dc5
[2m2025-12-10T10:08:49.540709Z[0m [34mDEBUG[0m [2mhyper::proto::h1::conn[0m[2m:[0m incoming body is content-length (45 bytes)
[2m2025-12-10T10:08:49.540718Z[0m [34mDEBUG[0m [2mhyper::proto::h1::conn[0m[2m:[0m incoming body completed
[2m2025-12-10T10:08:49.540726Z[0m [34mDEBUG[0m [2mhyper::client::pool[0m[2m:[0m pooling idle connection for ("http", 192.168.0.14:8545)
[2m2025-12-10T10:08:49.540744Z[0m [34mDEBUG[0m [2mhyper::client::pool[0m[2m:[0m reuse idle connection for ("http", 192.168.0.14:8545)
[2m2025-12-10T10:08:49.540760Z[0m [34mDEBUG[0m [2mhyper::proto::h1::io[0m[2m:[0m flushed 172 bytes
[2m2025-12-10T10:08:49.551389Z[0m [34mDEBUG[0m [2mhyper::proto::h1::io[0m[2m:[0m parsed 4 headers
[2m2025-12-10T10:08:49.551407Z[0m [34mDEBUG[0m [2mhyper::proto::h1::conn[0m[2m:[0m incoming body is content-length (769 bytes)
[2m2025-12-10T10:08:49.551419Z[0m [34mDEBUG[0m [2mhyper::proto::h1::conn[0m[2m:[0m incoming body completed
[2m2025-12-10T10:08:49.551433Z[0m [34mDEBUG[0m [2mhyper::client::pool[0m[2m:[0m pooling idle connection for ("http", 192.168.0.14:8545)
[2m2025-12-10T10:08:49.551444Z[0m [34mDEBUG[0m [2methereum_transaction_pool_monitor::eth_client[0m[2m:[0m 📡 Transaction fetch RPC completed in 10.812833ms
[2m2025-12-10T10:08:49.551463Z[0m [34mDEBUG[0m [2methereum_transaction_pool_monitor::eth_client[0m[2m:[0m DeFi transaction detected - Address: 0xdac17f958d2ee523a2206206994597c13d831ec7, Type: Stablecoin, Value: 0 ETH, Gas: 0.24 Gwei
[2m2025-12-10T10:08:49.551478Z[0m [34mDEBUG[0m [2methereum_transaction_pool_monitor::eth_client[0m[2m:[0m ✅ Transaction 0x9582a615924cc9d1c8a52a2c7052876b4140218594e86bec823658d8e122d11a fetched and parsed in 10.846916ms
[2m2025-12-10T10:08:49.551485Z[0m [34mDEBUG[0m [2methereum_transaction_pool_monitor::mempool_monitor[0m[2m:[0m 🔍 Skipping tx 0x9582a615924cc9d1c8a52a2c7052876b4140218594e86bec823658d8e122d11a - not a DEX interaction (target: 0xdAC17F958D2ee523a2206206994597C13D831ec7)
[2m2025-12-10T10:08:49.551492Z[0m [34mDEBUG[0m [2methereum_transaction_pool_monitor::mempool_monitor[0m[2m:[0m 📨 Processing new pending transaction: 0xd7a108bad6e3e3df291c78b08d90a161e35e641d62525970d82689ee93d86bb5
[2m2025-12-10T10:08:49.551496Z[0m [34mDEBUG[0m [2methereum_transaction_pool_monitor::mempool_monitor[0m[2m:[0m 🔍 Fetching transaction details for: 0xd7a108bad6e3e3df291c78b08d90a161e35e641d62525970d82689ee93d86bb5
[2m2025-12-10T10:08:49.551500Z[0m [34mDEBUG[0m [2methereum_transaction_pool_monitor::eth_client[0m[2m:[0m 🔍 Fetching transaction details for hash: 0xd7a108bad6e3e3df291c78b08d90a161e35e641d62525970d82689ee93d86bb5
[2m2025-12-10T10:08:49.551518Z[0m [34mDEBUG[0m [2mhyper::client::pool[0m[2m:[0m reuse idle connection for ("http", 192.168.0.14:8545)
[2m2025-12-10T10:08:49.551555Z[0m [34mDEBUG[0m [2mhyper::proto::h1::io[0m[2m:[0m flushed 250 bytes
[2m2025-12-10T10:08:49.551566Z[0m [34mDEBUG[0m [2mhyper::proto::h1::io[0m[2m:[0m parsed 4 headers
[2m2025-12-10T10:08:49.551569Z[0m [34mDEBUG[0m [2mhyper::proto::h1::conn[0m[2m:[0m incoming body is content-length (45 bytes)
[2m2025-12-10T10:08:49.551573Z[0m [34mDEBUG[0m [2mhyper::proto::h1::conn[0m[2m:[0m incoming body completed
[2m2025-12-10T10:08:49.551579Z[0m [34mDEBUG[0m [2mhyper::client::pool[0m[2m:[0m pooling idle connection for ("http", 192.168.0.14:8545)
[2m2025-12-10T10:08:49.555987Z[0m [34mDEBUG[0m [2mhyper::proto::h1::io[0m[2m:[0m parsed 4 headers
[2m2025-12-10T10:08:49.559031Z[0m [34mDEBUG[0m [2mhyper::proto::h1::conn[0m[2m:[0m incoming body is content-length (650 bytes)
[2m2025-12-10T10:08:49.559046Z[0m [34mDEBUG[0m [2mhyper::proto::h1::conn[0m[2m:[0m incoming body completed
[2m2025-12-10T10:08:49.559065Z[0m [34mDEBUG[0m [2mhyper::client::pool[0m[2m:[0m pooling idle connection for ("http", 192.168.0.14:8545)
[2m2025-12-10T10:08:49.559076Z[0m [34mDEBUG[0m [2methereum_transaction_pool_monitor::eth_client[0m[2m:[0m 📡 Transaction fetch RPC completed in 7.572792ms
[2m2025-12-10T10:08:49.652920Z[0m [34mDEBUG[0m [2methereum_transaction_pool_monitor::eth_client[0m[2m:[0m ✅ Transaction 0xd7a108bad6e3e3df291c78b08d90a161e35e641d62525970d82689ee93d86bb5 fetched and parsed in 101.412833ms
[2m2025-12-10T10:08:49.652951Z[0m [34mDEBUG[0m [2methereum_transaction_pool_monitor::mempool_monitor[0m[2m:[0m 🔍 Skipping tx 0xd7a108bad6e3e3df291c78b08d90a161e35e641d62525970d82689ee93d86bb5 - not a DEX interaction (target: 0x3732Bcf0bf4E92356fc0DC19B6b373846f04c44b)
[2m2025-12-10T10:08:49.652963Z[0m [34mDEBUG[0m [2methereum_transaction_pool_monitor::mempool_monitor[0m[2m:[0m 📨 Processing new pending transaction: 0xbfe37076f3480b8a09eb0aec4e142b5b8aba4c34aea2b157eb765a5f096b839a
[2m2025-12-10T10:08:49.652968Z[0m [34mDEBUG[0m [2methereum_transaction_pool_monitor::mempool_monitor[0m[2m:[0m 🔍 Fetching transaction details for: 0xbfe37076f3480b8a09eb0aec4e142b5b8aba4c34aea2b157eb765a5f096b839a
[2m2025-12-10T10:08:49.652973Z[0m [34mDEBUG[0m [2methereum_transaction_pool_monitor::eth_client[0m[2m:[0m 🔍 Fetching transaction details for hash: 0xbfe37076f3480b8a09eb0aec4e142b5b8aba4c34aea2b157eb765a5f096b839a
[2m2025-12-10T10:08:49.652998Z[0m [34mDEBUG[0m [2mhyper::client::pool[0m[2m:[0m reuse idle connection for ("http", 192.168.0.14:8545)
[2m2025-12-10T10:08:49.653087Z[0m [34mDEBUG[0m [2mhyper::proto::h1::io[0m[2m:[0m flushed 250 bytes
[2m2025-12-10T10:08:49.653128Z[0m [34mDEBUG[0m [2mhyper::client::pool[0m[2m:[0m reuse idle connection for ("http", 192.168.0.14:8545)
[2m2025-12-10T10:08:49.653168Z[0m [34mDEBUG[0m [2mhyper::proto::h1::io[0m[2m:[0m flushed 172 bytes
[2m2025-12-10T10:08:49.653180Z[0m [34mDEBUG[0m [2methereum_transaction_pool_monitor::eth_client[0m[2m:[0m 📨 Received WebSocket message: {"jsonrpc":"2.0","method":"eth_subscription","params":{"subscription":"0xbed0a0851463e895960a451075a301a9","result":"0x8c058e0d8de96712c6032cf2b13628b6105a98b0284e227b25d88a30bd3c2a90"}}
[2m2025-12-10T10:08:49.653220Z[0m [34mDEBUG[0m [2methereum_transaction_pool_monitor::eth_client[0m[2m:[0m 📨 Received pending transaction: 0x8c058e0d8de96712c6032cf2b13628b6105a98b0284e227b25d88a30bd3c2a90
[2m2025-12-10T10:08:49.660007Z[0m [34mDEBUG[0m [2mhyper::proto::h1::io[0m[2m:[0m parsed 4 headers
[2m2025-12-10T10:08:49.660034Z[0m [34mDEBUG[0m [2mhyper::proto::h1::conn[0m[2m:[0m incoming body is content-length (45 bytes)
[2m2025-12-10T10:08:49.660047Z[0m [34mDEBUG[0m [2mhyper::proto::h1::conn[0m[2m:[0m incoming body completed
[2m2025-12-10T10:08:49.660062Z[0m [34mDEBUG[0m [2mhyper::client::pool[0m[2m:[0m pooling idle connection for ("http", 192.168.0.14:8545)
[2m2025-12-10T10:08:49.666000Z[0m [34mDEBUG[0m [2mhyper::proto::h1::io[0m[2m:[0m parsed 4 headers
[2m2025-12-10T10:08:49.666043Z[0m [34mDEBUG[0m [2mhyper::proto::h1::conn[0m[2m:[0m incoming body is content-length (778 bytes)
[2m2025-12-10T10:08:49.666059Z[0m [34mDEBUG[0m [2mhyper::proto::h1::conn[0m[2m:[0m incoming body completed
[2m2025-12-10T10:08:49.666075Z[0m [34mDEBUG[0m [2mhyper::client::pool[0m[2m:[0m pooling idle connection for ("http", 192.168.0.14:8545)
[2m2025-12-10T10:08:49.666100Z[0m [34mDEBUG[0m [2methereum_transaction_pool_monitor::eth_client[0m[2m:[0m 📡 Transaction fetch RPC completed in 13.120958ms
[2m2025-12-10T10:08:49.886460Z[0m [34mDEBUG[0m [2methereum_transaction_pool_monitor::eth_client[0m[2m:[0m ✅ Transaction 0xbfe37076f3480b8a09eb0aec4e142b5b8aba4c34aea2b157eb765a5f096b839a fetched and parsed in 233.477208ms
[2m2025-12-10T10:08:49.886483Z[0m [34mDEBUG[0m [2methereum_transaction_pool_monitor::mempool_monitor[0m[2m:[0m 🔍 Skipping tx 0xbfe37076f3480b8a09eb0aec4e142b5b8aba4c34aea2b157eb765a5f096b839a - not a DEX interaction (target: 0x57e114B691Db790C35207b2e685D4A43181e6061)
[2m2025-12-10T10:08:49.886493Z[0m [34mDEBUG[0m [2methereum_transaction_pool_monitor::mempool_monitor[0m[2m:[0m 📨 Processing new pending transaction: 0x6701478fbca90f45908aa20b3be4e4697171afa14ac3ed402f353ee9db7f8831
[2m2025-12-10T10:08:49.886527Z[0m [34mDEBUG[0m [2methereum_transaction_pool_monitor::mempool_monitor[0m[2m:[0m 🔍 Fetching transaction details for: 0x6701478fbca90f45908aa20b3be4e4697171afa14ac3ed402f353ee9db7f8831
[2m2025-12-10T10:08:49.886550Z[0m [34mDEBUG[0m [2methereum_transaction_pool_monitor::eth_client[0m[2m:[0m 🔍 Fetching transaction details for hash: 0x6701478fbca90f45908aa20b3be4e4697171afa14ac3ed402f353ee9db7f8831
[2m2025-12-10T10:08:49.886605Z[0m [34mDEBUG[0m [2mhyper::client::pool[0m[2m:[0m reuse idle connection for ("http", 192.168.0.14:8545)
[2m2025-12-10T10:08:49.886662Z[0m [34mDEBUG[0m [2mhyper::proto::h1::io[0m[2m:[0m flushed 250 bytes
[2m2025-12-10T10:08:49.886696Z[0m [34mDEBUG[0m [2mhyper::client::pool[0m[2m:[0m reuse idle connection for ("http", 192.168.0.14:8545)
[2m2025-12-10T10:08:49.886715Z[0m [34mDEBUG[0m [2mhyper::proto::h1::io[0m[2m:[0m flushed 172 bytes
[2m2025-12-10T10:08:49.886730Z[0m [34mDEBUG[0m [2methereum_transaction_pool_monitor::eth_client[0m[2m:[0m 📨 Received WebSocket message: {"jsonrpc":"2.0","method":"eth_subscription","params":{"subscription":"0xbed0a0851463e895960a451075a301a9","result":"0xd7b9a3f8e396592d600ee2cb432209fa2a90da234564ed25d955a09273fa1663"}}
[2m2025-12-10T10:08:49.886738Z[0m [34mDEBUG[0m [2methereum_transaction_pool_monitor::eth_client[0m[2m:[0m 📨 Received pending transaction: 0xd7b9a3f8e396592d600ee2cb432209fa2a90da234564ed25d955a09273fa1663
[2m2025-12-10T10:08:49.892328Z[0m [34mDEBUG[0m [2mhyper::proto::h1::io[0m[2m:[0m parsed 4 headers
[2m2025-12-10T10:08:49.892368Z[0m [34mDEBUG[0m [2mhyper::proto::h1::conn[0m[2m:[0m incoming body is content-length (45 bytes)
[2m2025-12-10T10:08:49.892402Z[0m [34mDEBUG[0m [2mhyper::proto::h1::conn[0m[2m:[0m incoming body completed
[2m2025-12-10T10:08:49.892443Z[0m [34mDEBUG[0m [2mhyper::client::pool[0m[2m:[0m pooling idle connection for ("http", 192.168.0.14:8545)
[2m2025-12-10T10:08:49.892499Z[0m [34mDEBUG[0m [2mhyper::client::pool[0m[2m:[0m reuse idle connection for ("http", 192.168.0.14:8545)
[2m2025-12-10T10:08:49.892527Z[0m [34mDEBUG[0m [2mhyper::proto::h1::io[0m[2m:[0m parsed 4 headers
[2m2025-12-10T10:08:49.892536Z[0m [34mDEBUG[0m [2mhyper::proto::h1::conn[0m[2m:[0m incoming body is content-length (784 bytes)
[2m2025-12-10T10:08:49.892543Z[0m [34mDEBUG[0m [2mhyper::proto::h1::conn[0m[2m:[0m incoming body completed
[2m2025-12-10T10:08:49.892542Z[0m [34mDEBUG[0m [2mhyper::proto::h1::io[0m[2m:[0m flushed 172 bytes
[2m2025-12-10T10:08:49.892552Z[0m [34mDEBUG[0m [2mhyper::client::pool[0m[2m:[0m pooling idle connection for ("http", 192.168.0.14:8545)
[2m2025-12-10T10:08:49.892559Z[0m [34mDEBUG[0m [2methereum_transaction_pool_monitor::eth_client[0m[2m:[0m 📡 Transaction fetch RPC completed in 5.983083ms
[2m2025-12-10T10:08:49.897659Z[0m [34mDEBUG[0m [2mhyper::proto::h1::io[0m[2m:[0m parsed 4 headers
[2m2025-12-10T10:08:49.897699Z[0m [34mDEBUG[0m [2mhyper::proto::h1::conn[0m[2m:[0m incoming body is content-length (45 bytes)
[2m2025-12-10T10:08:49.897718Z[0m [34mDEBUG[0m [2mhyper::proto::h1::conn[0m[2m:[0m incoming body completed
[2m2025-12-10T10:08:49.897740Z[0m [34mDEBUG[0m [2mhyper::client::pool[0m[2m:[0m pooling idle connection for ("http", 192.168.0.14:8545)
[2m2025-12-10T10:08:49.897791Z[0m [34mDEBUG[0m [2mhyper::client::pool[0m[2m:[0m reuse idle connection for ("http", 192.168.0.14:8545)
[2m2025-12-10T10:08:49.897854Z[0m [34mDEBUG[0m [2mhyper::proto::h1::io[0m[2m:[0m flushed 172 bytes
[2m2025-12-10T10:08:49.902137Z[0m [34mDEBUG[0m [2mhyper::proto::h1::io[0m[2m:[0m parsed 4 headers
[2m2025-12-10T10:08:49.902161Z[0m [34mDEBUG[0m [2mhyper::proto::h1::conn[0m[2m:[0m incoming body is content-length (45 bytes)
[2m2025-12-10T10:08:49.902177Z[0m [34mDEBUG[0m [2mhyper::proto::h1::conn[0m[2m:[0m incoming body completed
[2m2025-12-10T10:08:49.902200Z[0m [34mDEBUG[0m [2mhyper::client::pool[0m[2m:[0m pooling idle connection for ("http", 192.168.0.14:8545)
[2m2025-12-10T10:08:49.919547Z[0m [34mDEBUG[0m [2methereum_transaction_pool_monitor::eth_client[0m[2m:[0m 📨 Received WebSocket message: {"jsonrpc":"2.0","method":"eth_subscription","params":{"subscription":"0xbed0a0851463e895960a451075a301a9","result":"0xd42240fffa01c49eca3229c7ecd0b4883f9ad6a525c8eea9483fe932e3947550"}}
[2m2025-12-10T10:08:49.919594Z[0m [34mDEBUG[0m [2methereum_transaction_pool_monitor::eth_client[0m[2m:[0m 📨 Received pending transaction: 0xd42240fffa01c49eca3229c7ecd0b4883f9ad6a525c8eea9483fe932e3947550
[2m2025-12-10T10:08:49.949521Z[0m [34mDEBUG[0m [2methereum_transaction_pool_monitor::eth_client[0m[2m:[0m 📨 Received WebSocket message: {"jsonrpc":"2.0","method":"eth_subscription","params":{"subscription":"0xbed0a0851463e895960a451075a301a9","result":"0xfd3c0be697c2aca48999af676a3e115a7323feb9d2421d565973b04ca572d265"}}
[2m2025-12-10T10:08:49.951998Z[0m [34mDEBUG[0m [2methereum_transaction_pool_monitor::eth_client[0m[2m:[0m 📨 Received pending transaction: 0xfd3c0be697c2aca48999af676a3e115a7323feb9d2421d565973b04ca572d265
[2m2025-12-10T10:08:49.954573Z[0m [34mDEBUG[0m [2methereum_transaction_pool_monitor::eth_client[0m[2m:[0m 📨 Received WebSocket message: {"jsonrpc":"2.0","method":"eth_subscription","params":{"subscription":"0xbed0a0851463e895960a451075a301a9","result":"0x9ded913aae71679470086fef8ac5cc902104785d67f87e6ef90308550f0bcfb4"}}
[2m2025-12-10T10:08:49.954622Z[0m [34mDEBUG[0m [2methereum_transaction_pool_monitor::eth_client[0m[2m:[0m 📨 Received pending transaction: 0x9ded913aae71679470086fef8ac5cc902104785d67f87e6ef90308550f0bcfb4
[2m2025-12-10T10:08:49.997430Z[0m [34mDEBUG[0m [2mhyper::client::pool[0m[2m:[0m reuse idle connection for ("http", 192.168.0.14:8545)
[2m2025-12-10T10:08:49.997574Z[0m [34mDEBUG[0m [2mhyper::proto::h1::io[0m[2m:[0m flushed 172 bytes
[2m2025-12-10T10:08:50.002285Z[0m [34mDEBUG[0m [2mhyper::proto::h1::io[0m[2m:[0m parsed 4 headers
[2m2025-12-10T10:08:50.002317Z[0m [34mDEBUG[0m [2mhyper::proto::h1::conn[0m[2m:[0m incoming body is content-length (45 bytes)
[2m2025-12-10T10:08:50.002337Z[0m [34mDEBUG[0m [2mhyper::proto::h1::conn[0m[2m:[0m incoming body completed
[2m2025-12-10T10:08:50.002365Z[0m [34mDEBUG[0m [2mhyper::client::pool[0m[2m:[0m pooling idle connection for ("http", 192.168.0.14:8545)
[2m2025-12-10T10:08:50.005054Z[0m [34mDEBUG[0m [2methereum_transaction_pool_monitor::eth_client[0m[2m:[0m ✅ Transaction 0x6701478fbca90f45908aa20b3be4e4697171afa14ac3ed402f353ee9db7f8831 fetched and parsed in 118.474291ms
[2m2025-12-10T10:08:50.005079Z[0m [34mDEBUG[0m [2methereum_transaction_pool_monitor::mempool_monitor[0m[2m:[0m 🔍 Skipping tx 0x6701478fbca90f45908aa20b3be4e4697171afa14ac3ed402f353ee9db7f8831 - not a DEX interaction (target: 0xF4a3E5d56dBB1187e779F4F6861cAAF48c58189f)
[2m2025-12-10T10:08:50.005092Z[0m [34mDEBUG[0m [2methereum_transaction_pool_monitor::mempool_monitor[0m[2m:[0m 📨 Processing new pending transaction: 0x2bef676989e9291182c4cb21850bafdaea749808df843b3db8aff5affdb64665
[2m2025-12-10T10:08:50.005098Z[0m [34mDEBUG[0m [2methereum_transaction_pool_monitor::mempool_monitor[0m[2m:[0m 🔍 Fetching transaction details for: 0x2bef676989e9291182c4cb21850bafdaea749808df843b3db8aff5affdb64665
[2m2025-12-10T10:08:50.005104Z[0m [34mDEBUG[0m [2methereum_transaction_pool_monitor::eth_client[0m[2m:[0m 🔍 Fetching transaction details for hash: 0x2bef676989e9291182c4cb21850bafdaea749808df843b3db8aff5affdb64665
[2m2025-12-10T10:08:50.005167Z[0m [34mDEBUG[0m [2mhyper::client::pool[0m[2m:[0m reuse idle connection for ("http", 192.168.0.14:8545)
[2m2025-12-10T10:08:50.005257Z[0m [34mDEBUG[0m [2mhyper::proto::h1::io[0m[2m:[0m flushed 250 bytes
[2m2025-12-10T10:08:50.010740Z[0m [34mDEBUG[0m [2mhyper::proto::h1::io[0m[2m:[0m parsed 4 headers
[2m2025-12-10T10:08:50.010763Z[0m [34mDEBUG[0m [2mhyper::proto::h1::conn[0m[2m:[0m incoming body is content-length (842 bytes)
[2m2025-12-10T10:08:50.010774Z[0m [34mDEBUG[0m [2mhyper::proto::h1::conn[0m[2m:[0m incoming body completed
[2m2025-12-10T10:08:50.010832Z[0m [34mDEBUG[0m [2mhyper::client::pool[0m[2m:[0m pooling idle connection for ("http", 192.168.0.14:8545)
[2m2025-12-10T10:08:50.010847Z[0m [34mDEBUG[0m [2methereum_transaction_pool_monitor::eth_client[0m[2m:[0m 📡 Transaction fetch RPC completed in 5.736791ms
[2m2025-12-10T10:08:50.187721Z[0m [34mDEBUG[0m [2methereum_transaction_pool_monitor::eth_client[0m[2m:[0m ✅ Transaction 0x2bef676989e9291182c4cb21850bafdaea749808df843b3db8aff5affdb64665 fetched and parsed in 182.605791ms
[2m2025-12-10T10:08:50.187750Z[0m [34mDEBUG[0m [2methereum_transaction_pool_monitor::mempool_monitor[0m[2m:[0m 🔍 Skipping tx 0x2bef676989e9291182c4cb21850bafdaea749808df843b3db8aff5affdb64665 - not a DEX interaction (target: 0xA0b86991c6218b36c1d19D4a2e9Eb0cE3606eB48)
[2m2025-12-10T10:08:50.187762Z[0m [34mDEBUG[0m [2methereum_transaction_pool_monitor::mempool_monitor[0m[2m:[0m 📨 Processing new pending transaction: 0x5d72555b93438a2f786ea4de5a3135a7a8a0459ecd332c8ca9cd813a854d0ba0
[2m2025-12-10T10:08:50.187768Z[0m [34mDEBUG[0m [2methereum_transaction_pool_monitor::mempool_monitor[0m[2m:[0m 🔍 Fetching transaction details for: 0x5d72555b93438a2f786ea4de5a3135a7a8a0459ecd332c8ca9cd813a854d0ba0
[2m2025-12-10T10:08:50.187799Z[0m [34mDEBUG[0m [2methereum_transaction_pool_monitor::eth_client[0m[2m:[0m 🔍 Fetching transaction details for hash: 0x5d72555b93438a2f786ea4de5a3135a7a8a0459ecd332c8ca9cd813a854d0ba0
[2m2025-12-10T10:08:50.187854Z[0m [34mDEBUG[0m [2mhyper::client::pool[0m[2m:[0m reuse idle connection for ("http", 192.168.0.14:8545)
[2m2025-12-10T10:08:50.187964Z[0m [34mDEBUG[0m [2mhyper::proto::h1::io[0m[2m:[0m flushed 250 bytes
[2m2025-12-10T10:08:50.188013Z[0m [34mDEBUG[0m [2mhyper::client::pool[0m[2m:[0m reuse idle connection for ("http", 192.168.0.14:8545)
[2m2025-12-10T10:08:50.188066Z[0m [34mDEBUG[0m [2mhyper::proto::h1::io[0m[2m:[0m flushed 172 bytes
[2m2025-12-10T10:08:50.188092Z[0m [34mDEBUG[0m [2methereum_transaction_pool_monitor::eth_client[0m[2m:[0m 📨 Received WebSocket message: {"jsonrpc":"2.0","method":"eth_subscription","params":{"subscription":"0xbed0a0851463e895960a451075a301a9","result":"0x04c388e709514c18fd859e2107647cfbab018501d5d21802bd114dea18a59028"}}
[2m2025-12-10T10:08:50.188109Z[0m [34mDEBUG[0m [2methereum_transaction_pool_monitor::eth_client[0m[2m:[0m 📨 Received pending transaction: 0x04c388e709514c18fd859e2107647cfbab018501d5d21802bd114dea18a59028
[2m2025-12-10T10:08:50.188121Z[0m [34mDEBUG[0m [2methereum_transaction_pool_monitor::eth_client[0m[2m:[0m 📨 Received WebSocket message: {"jsonrpc":"2.0","method":"eth_subscription","params":{"subscription":"0xbed0a0851463e895960a451075a301a9","result":"0x44a6ee77d32b5424749a8aa48bc4123c9818e2e25246aa398d688a6c5d37d0f5"}}
[2m2025-12-10T10:08:50.188133Z[0m [34mDEBUG[0m [2methereum_transaction_pool_monitor::eth_client[0m[2m:[0m 📨 Received pending transaction: 0x44a6ee77d32b5424749a8aa48bc4123c9818e2e25246aa398d688a6c5d37d0f5
[2m2025-12-10T10:08:50.188142Z[0m [34mDEBUG[0m [2methereum_transaction_pool_monitor::eth_client[0m[2m:[0m 📨 Received WebSocket message: {"jsonrpc":"2.0","method":"eth_subscription","params":{"subscription":"0xbed0a0851463e895960a451075a301a9","result":"0x26b1d073e439b3c1bd5310245f8f1f2dcbd9d2a50bd7ddcfcf28db64dd71e557"}}
[2m2025-12-10T10:08:50.188152Z[0m [34mDEBUG[0m [2methereum_transaction_pool_monitor::eth_client[0m[2m:[0m 📨 Received pending transaction: 0x26b1d073e439b3c1bd5310245f8f1f2dcbd9d2a50bd7ddcfcf28db64dd71e557
[2m2025-12-10T10:08:50.192281Z[0m [34mDEBUG[0m [2mhyper::proto::h1::io[0m[2m:[0m parsed 4 headers
[2m2025-12-10T10:08:50.192349Z[0m [34mDEBUG[0m [2mhyper::proto::h1::conn[0m[2m:[0m incoming body is content-length (639 bytes)
[2m2025-12-10T10:08:50.192365Z[0m [34mDEBUG[0m [2mhyper::proto::h1::conn[0m[2m:[0m incoming body completed
[2m2025-12-10T10:08:50.192381Z[0m [34mDEBUG[0m [2mhyper::client::pool[0m[2m:[0m pooling idle connection for ("http", 192.168.0.14:8545)
[2m2025-12-10T10:08:50.192391Z[0m [34mDEBUG[0m [2methereum_transaction_pool_monitor::eth_client[0m[2m:[0m 📡 Transaction fetch RPC completed in 4.569584ms
[2m2025-12-10T10:08:50.301977Z[0m [34mDEBUG[0m [2methereum_transaction_pool_monitor::eth_client[0m[2m:[0m ✅ Transaction 0x5d72555b93438a2f786ea4de5a3135a7a8a0459ecd332c8ca9cd813a854d0ba0 fetched and parsed in 114.151542ms
[2m2025-12-10T10:08:50.302010Z[0m [34mDEBUG[0m [2methereum_transaction_pool_monitor::mempool_monitor[0m[2m:[0m 🔍 Skipping tx 0x5d72555b93438a2f786ea4de5a3135a7a8a0459ecd332c8ca9cd813a854d0ba0 - not a DEX interaction (target: 0x746792e16bf62a131411DC9B152CBA37ecA10F8A)
[2m2025-12-10T10:08:50.302021Z[0m [34mDEBUG[0m [2methereum_transaction_pool_monitor::mempool_monitor[0m[2m:[0m 📨 Processing new pending transaction: 0x146dead80c362bde00a92cb88c470b1a6a769b7cc11817f29ab14e653a6c470f
[2m2025-12-10T10:08:50.302026Z[0m [34mDEBUG[0m [2methereum_transaction_pool_monitor::mempool_monitor[0m[2m:[0m 🔍 Fetching transaction details for: 0x146dead80c362bde00a92cb88c470b1a6a769b7cc11817f29ab14e653a6c470f
[2m2025-12-10T10:08:50.302030Z[0m [34mDEBUG[0m [2methereum_transaction_pool_monitor::eth_client[0m[2m:[0m 🔍 Fetching transaction details for hash: 0x146dead80c362bde00a92cb88c470b1a6a769b7cc11817f29ab14e653a6c470f
[2m2025-12-10T10:08:50.302053Z[0m [34mDEBUG[0m [2mhyper::client::pool[0m[2m:[0m reuse idle connection for ("http", 192.168.0.14:8545)
[2m2025-12-10T10:08:50.302120Z[0m [34mDEBUG[0m [2mhyper::proto::h1::io[0m[2m:[0m flushed 250 bytes
[2m2025-12-10T10:08:50.302144Z[0m [34mDEBUG[0m [2methereum_transaction_pool_monitor::eth_client[0m[2m:[0m 📨 Received WebSocket message: {"jsonrpc":"2.0","method":"eth_subscription","params":{"subscription":"0xbed0a0851463e895960a451075a301a9","result":"0xcb946d1efed754319bee993513eab63bb0d9b64d4d11acbfb1a35306a55cdef9"}}
[2m2025-12-10T10:08:50.302151Z[0m [34mDEBUG[0m [2methereum_transaction_pool_monitor::eth_client[0m[2m:[0m 📨 Received pending transaction: 0xcb946d1efed754319bee993513eab63bb0d9b64d4d11acbfb1a35306a55cdef9
[2m2025-12-10T10:08:50.302180Z[0m [34mDEBUG[0m [2mhyper::proto::h1::io[0m[2m:[0m parsed 4 headers
[2m2025-12-10T10:08:50.302210Z[0m [34mDEBUG[0m [2mhyper::proto::h1::conn[0m[2m:[0m incoming body is content-length (45 bytes)
[2m2025-12-10T10:08:50.302226Z[0m [34mDEBUG[0m [2mhyper::proto::h1::conn[0m[2m:[0m incoming body completed
[2m2025-12-10T10:08:50.302245Z[0m [34mDEBUG[0m [2mhyper::client::pool[0m[2m:[0m pooling idle connection for ("http", 192.168.0.14:8545)
[2m2025-12-10T10:08:50.302281Z[0m [34mDEBUG[0m [2mhyper::client::pool[0m[2m:[0m reuse idle connection for ("http", 192.168.0.14:8545)
[2m2025-12-10T10:08:50.302337Z[0m [34mDEBUG[0m [2mhyper::proto::h1::io[0m[2m:[0m flushed 172 bytes
[2m2025-12-10T10:08:50.306603Z[0m [34mDEBUG[0m [2mhyper::proto::h1::io[0m[2m:[0m parsed 4 headers
[2m2025-12-10T10:08:50.306641Z[0m [34mDEBUG[0m [2mhyper::proto::h1::conn[0m[2m:[0m incoming body is content-length (905 bytes)
[2m2025-12-10T10:08:50.306656Z[0m [34mDEBUG[0m [2mhyper::proto::h1::conn[0m[2m:[0m incoming body completed
[2m2025-12-10T10:08:50.306675Z[0m [34mDEBUG[0m [2mhyper::client::pool[0m[2m:[0m pooling idle connection for ("http", 192.168.0.14:8545)
[2m2025-12-10T10:08:50.306689Z[0m [34mDEBUG[0m [2methereum_transaction_pool_monitor::eth_client[0m[2m:[0m 📡 Transaction fetch RPC completed in 4.655291ms
[2m2025-12-10T10:08:50.412602Z[0m [34mDEBUG[0m [2methereum_transaction_pool_monitor::eth_client[0m[2m:[0m ✅ Transaction 0x146dead80c362bde00a92cb88c470b1a6a769b7cc11817f29ab14e653a6c470f fetched and parsed in 110.563666ms
[2m2025-12-10T10:08:50.412647Z[0m [34mDEBUG[0m [2methereum_transaction_pool_monitor::mempool_monitor[0m[2m:[0m 🔍 Skipping tx 0x146dead80c362bde00a92cb88c470b1a6a769b7cc11817f29ab14e653a6c470f - not a DEX interaction (target: 0x3B4D794a66304F130a4Db8F2551B0070dfCf5ca7)
[2m2025-12-10T10:08:50.412659Z[0m [34mDEBUG[0m [2methereum_transaction_pool_monitor::mempool_monitor[0m[2m:[0m 📨 Processing new pending transaction: 0x4a79b1eb5b8978e76d94cc28c2fc8a3bb75aaf39774e331f1b82c39c4e9554dc
[2m2025-12-10T10:08:50.412664Z[0m [34mDEBUG[0m [2methereum_transaction_pool_monitor::mempool_monitor[0m[2m:[0m 🔍 Fetching transaction details for: 0x4a79b1eb5b8978e76d94cc28c2fc8a3bb75aaf39774e331f1b82c39c4e9554dc
[2m2025-12-10T10:08:50.412668Z[0m [34mDEBUG[0m [2methereum_transaction_pool_monitor::eth_client[0m[2m:[0m 🔍 Fetching transaction details for hash: 0x4a79b1eb5b8978e76d94cc28c2fc8a3bb75aaf39774e331f1b82c39c4e9554dc
[2m2025-12-10T10:08:50.412696Z[0m [34mDEBUG[0m [2mhyper::client::pool[0m[2m:[0m reuse idle connection for ("http", 192.168.0.14:8545)
[2m2025-12-10T10:08:50.412781Z[0m [34mDEBUG[0m [2mhyper::proto::h1::io[0m[2m:[0m flushed 250 bytes
[2m2025-12-10T10:08:50.412813Z[0m [34mDEBUG[0m [2methereum_transaction_pool_monitor::eth_client[0m[2m:[0m 📨 Received WebSocket message: {"jsonrpc":"2.0","method":"eth_subscription","params":{"subscription":"0xbed0a0851463e895960a451075a301a9","result":"0xb7f377c99349cf746ba75bc5d28a05896d291796aa8613cad49a83addbf2f7ef"}}
[2m2025-12-10T10:08:50.412823Z[0m [34mDEBUG[0m [2methereum_transaction_pool_monitor::eth_client[0m[2m:[0m 📨 Received pending transaction: 0xb7f377c99349cf746ba75bc5d28a05896d291796aa8613cad49a83addbf2f7ef
[2m2025-12-10T10:08:50.412829Z[0m [34mDEBUG[0m [2methereum_transaction_pool_monitor::eth_client[0m[2m:[0m 📨 Received WebSocket message: {"jsonrpc":"2.0","method":"eth_subscription","params":{"subscription":"0xbed0a0851463e895960a451075a301a9","result":"0x4ad42ef89986e6185630897e598133af2eb456fff2f9cf2feab1ae8564f0e84b"}}
[2m2025-12-10T10:08:50.412835Z[0m [34mDEBUG[0m [2methereum_transaction_pool_monitor::eth_client[0m[2m:[0m 📨 Received pending transaction: 0x4ad42ef89986e6185630897e598133af2eb456fff2f9cf2feab1ae8564f0e84b
[2m2025-12-10T10:08:50.412842Z[0m [34mDEBUG[0m [2mhyper::proto::h1::io[0m[2m:[0m parsed 4 headers
[2m2025-12-10T10:08:50.412854Z[0m [34mDEBUG[0m [2mhyper::proto::h1::conn[0m[2m:[0m incoming body is content-length (45 bytes)
[2m2025-12-10T10:08:50.412864Z[0m [34mDEBUG[0m [2mhyper::proto::h1::conn[0m[2m:[0m incoming body completed
[2m2025-12-10T10:08:50.412875Z[0m [34mDEBUG[0m [2mhyper::client::pool[0m[2m:[0m pooling idle connection for ("http", 192.168.0.14:8545)
[2m2025-12-10T10:08:50.412900Z[0m [34mDEBUG[0m [2mhyper::client::pool[0m[2m:[0m reuse idle connection for ("http", 192.168.0.14:8545)
[2m2025-12-10T10:08:50.412936Z[0m [34mDEBUG[0m [2mhyper::proto::h1::io[0m[2m:[0m flushed 172 bytes
[2m2025-12-10T10:08:50.419779Z[0m [34mDEBUG[0m [2mhyper::proto::h1::io[0m[2m:[0m parsed 4 headers
[2m2025-12-10T10:08:50.419827Z[0m [34mDEBUG[0m [2mhyper::proto::h1::conn[0m[2m:[0m incoming body is content-length (720 bytes)
[2m2025-12-10T10:08:50.419847Z[0m [34mDEBUG[0m [2mhyper::proto::h1::conn[0m[2m:[0m incoming body completed
[2m2025-12-10T10:08:50.419871Z[0m [34mDEBUG[0m [2mhyper::client::pool[0m[2m:[0m pooling idle connection for ("http", 192.168.0.14:8545)
[2m2025-12-10T10:08:50.419889Z[0m [34mDEBUG[0m [2methereum_transaction_pool_monitor::eth_client[0m[2m:[0m 📡 Transaction fetch RPC completed in 7.215959ms
[2m2025-12-10T10:08:50.531658Z[0m [34mDEBUG[0m [2methereum_transaction_pool_monitor::eth_client[0m[2m:[0m ✅ Transaction 0x4a79b1eb5b8978e76d94cc28c2fc8a3bb75aaf39774e331f1b82c39c4e9554dc fetched and parsed in 118.9805ms
[2m2025-12-10T10:08:50.531698Z[0m [34mDEBUG[0m [2methereum_transaction_pool_monitor::mempool_monitor[0m[2m:[0m 🔍 Skipping tx 0x4a79b1eb5b8978e76d94cc28c2fc8a3bb75aaf39774e331f1b82c39c4e9554dc - not a DEX interaction (target: 0x64d3aC39ae26d74c275b23a4ac15e707ebc26ca3)
[2m2025-12-10T10:08:50.531709Z[0m [34mDEBUG[0m [2methereum_transaction_pool_monitor::mempool_monitor[0m[2m:[0m 📨 Processing new pending transaction: 0x802efc78be670e0af3ea4e3fab6e9c1c67166f9d14e74df03aa7c3f25f0a6163
[2m2025-12-10T10:08:50.531714Z[0m [34mDEBUG[0m [2methereum_transaction_pool_monitor::mempool_monitor[0m[2m:[0m 🔍 Fetching transaction details for: 0x802efc78be670e0af3ea4e3fab6e9c1c67166f9d14e74df03aa7c3f25f0a6163
[2m2025-12-10T10:08:50.531718Z[0m [34mDEBUG[0m [2methereum_transaction_pool_monitor::eth_client[0m[2m:[0m 🔍 Fetching transaction details for hash: 0x802efc78be670e0af3ea4e3fab6e9c1c67166f9d14e74df03aa7c3f25f0a6163
[2m2025-12-10T10:08:50.531749Z[0m [34mDEBUG[0m [2mhyper::client::pool[0m[2m:[0m reuse idle connection for ("http", 192.168.0.14:8545)
[2m2025-12-10T10:08:50.531853Z[0m [34mDEBUG[0m [2mhyper::proto::h1::io[0m[2m:[0m flushed 250 bytes
[2m2025-12-10T10:08:50.531884Z[0m [34mDEBUG[0m [2methereum_transaction_pool_monitor::eth_client[0m[2m:[0m 📨 Received WebSocket message: {"jsonrpc":"2.0","method":"eth_subscription","params":{"subscription":"0xbed0a0851463e895960a451075a301a9","result":"0xa8a06ccd72c058d87253dde59409d4ce4009da0277ad742675100d35e6485909"}}
[2m2025-12-10T10:08:50.531893Z[0m [34mDEBUG[0m [2methereum_transaction_pool_monitor::eth_client[0m[2m:[0m 📨 Received pending transaction: 0xa8a06ccd72c058d87253dde59409d4ce4009da0277ad742675100d35e6485909
[2m2025-12-10T10:08:50.531906Z[0m [34mDEBUG[0m [2mhyper::proto::h1::io[0m[2m:[0m parsed 4 headers
[2m2025-12-10T10:08:50.531910Z[0m [34mDEBUG[0m [2mhyper::proto::h1::conn[0m[2m:[0m incoming body is content-length (45 bytes)
[2m2025-12-10T10:08:50.531919Z[0m [34mDEBUG[0m [2mhyper::proto::h1::conn[0m[2m:[0m incoming body completed
[2m2025-12-10T10:08:50.531930Z[0m [34mDEBUG[0m [2mhyper::client::pool[0m[2m:[0m pooling idle connection for ("http", 192.168.0.14:8545)
[2m2025-12-10T10:08:50.531953Z[0m [34mDEBUG[0m [2mhyper::client::pool[0m[2m:[0m reuse idle connection for ("http", 192.168.0.14:8545)
[2m2025-12-10T10:08:50.531978Z[0m [34mDEBUG[0m [2mhyper::proto::h1::io[0m[2m:[0m flushed 172 bytes
[2m2025-12-10T10:08:50.536702Z[0m [34mDEBUG[0m [2mhyper::proto::h1::io[0m[2m:[0m parsed 4 headers
[2m2025-12-10T10:08:50.536736Z[0m [34mDEBUG[0m [2mhyper::proto::h1::conn[0m[2m:[0m incoming body is content-length (844 bytes)
[2m2025-12-10T10:08:50.536754Z[0m [34mDEBUG[0m [2mhyper::proto::h1::conn[0m[2m:[0m incoming body completed
[2m2025-12-10T10:08:50.536780Z[0m [34mDEBUG[0m [2mhyper::client::pool[0m[2m:[0m pooling idle connection for ("http", 192.168.0.14:8545)
[2m2025-12-10T10:08:50.536797Z[0m [34mDEBUG[0m [2methereum_transaction_pool_monitor::eth_client[0m[2m:[0m 📡 Transaction fetch RPC completed in 5.074208ms
[2m2025-12-10T10:08:50.536843Z[0m [34mDEBUG[0m [2methereum_transaction_pool_monitor::eth_client[0m[2m:[0m DeFi transaction detected - Address: 0xdac17f958d2ee523a2206206994597c13d831ec7, Type: Stablecoin, Value: 0 ETH, Gas: 2.19 Gwei
[2m2025-12-10T10:08:50.536868Z[0m [34mDEBUG[0m [2methereum_transaction_pool_monitor::eth_client[0m[2m:[0m ✅ Transaction 0x802efc78be670e0af3ea4e3fab6e9c1c67166f9d14e74df03aa7c3f25f0a6163 fetched and parsed in 5.145875ms
[2m2025-12-10T10:08:50.536880Z[0m [34mDEBUG[0m [2methereum_transaction_pool_monitor::mempool_monitor[0m[2m:[0m 🔍 Skipping tx 0x802efc78be670e0af3ea4e3fab6e9c1c67166f9d14e74df03aa7c3f25f0a6163 - not a DEX interaction (target: 0xdAC17F958D2ee523a2206206994597C13D831ec7)
[2m2025-12-10T10:08:50.536890Z[0m [34mDEBUG[0m [2methereum_transaction_pool_monitor::mempool_monitor[0m[2m:[0m 📨 Processing new pending transaction: 0xcb9815ed39d5b0f8671b0ebdec2664d8e340c577c0462244538dcc51cfb08af2
[2m2025-12-10T10:08:50.536894Z[0m [34mDEBUG[0m [2methereum_transaction_pool_monitor::mempool_monitor[0m[2m:[0m 🔍 Fetching transaction details for: 0xcb9815ed39d5b0f8671b0ebdec2664d8e340c577c0462244538dcc51cfb08af2
[2m2025-12-10T10:08:50.536898Z[0m [34mDEBUG[0m [2methereum_transaction_pool_monitor::eth_client[0m[2m:[0m 🔍 Fetching transaction details for hash: 0xcb9815ed39d5b0f8671b0ebdec2664d8e340c577c0462244538dcc51cfb08af2
[2m2025-12-10T10:08:50.536917Z[0m [34mDEBUG[0m [2mhyper::client::pool[0m[2m:[0m reuse idle connection for ("http", 192.168.0.14:8545)
[2m2025-12-10T10:08:50.536967Z[0m [34mDEBUG[0m [2mhyper::proto::h1::io[0m[2m:[0m flushed 250 bytes
[2m2025-12-10T10:08:50.539532Z[0m [34mDEBUG[0m [2mhyper::proto::h1::io[0m[2m:[0m parsed 4 headers
[2m2025-12-10T10:08:50.539572Z[0m [34mDEBUG[0m [2mhyper::proto::h1::conn[0m[2m:[0m incoming body is content-length (45 bytes)
[2m2025-12-10T10:08:50.539589Z[0m [34mDEBUG[0m [2mhyper::proto::h1::conn[0m[2m:[0m incoming body completed
[2m2025-12-10T10:08:50.539622Z[0m [34mDEBUG[0m [2mhyper::client::pool[0m[2m:[0m pooling idle connection for ("http", 192.168.0.14:8545)
[2m2025-12-10T10:08:50.539681Z[0m [34mDEBUG[0m [2mhyper::client::pool[0m[2m:[0m reuse idle connection for ("http", 192.168.0.14:8545)
[2m2025-12-10T10:08:50.539745Z[0m [34mDEBUG[0m [2mhyper::proto::h1::io[0m[2m:[0m flushed 172 bytes
[2m2025-12-10T10:08:50.541294Z[0m [34mDEBUG[0m [2methereum_transaction_pool_monitor::eth_client[0m[2m:[0m 📨 Received WebSocket message: {"jsonrpc":"2.0","method":"eth_subscription","params":{"subscription":"0xbed0a0851463e895960a451075a301a9","result":"0x21dda800a2d34cb4bc9bf0604b6adeffb6a80b9ad8a1759640777b96ca9f1101"}}
[2m2025-12-10T10:08:50.541341Z[0m [34mDEBUG[0m [2methereum_transaction_pool_monitor::eth_client[0m[2m:[0m 📨 Received pending transaction: 0x21dda800a2d34cb4bc9bf0604b6adeffb6a80b9ad8a1759640777b96ca9f1101
[2m2025-12-10T10:08:50.549907Z[0m [34mDEBUG[0m [2mhyper::proto::h1::io[0m[2m:[0m parsed 4 headers
[2m2025-12-10T10:08:50.549955Z[0m [34mDEBUG[0m [2mhyper::proto::h1::conn[0m[2m:[0m incoming body is content-length (832 bytes)
[2m2025-12-10T10:08:50.549975Z[0m [34mDEBUG[0m [2mhyper::proto::h1::conn[0m[2m:[0m incoming body completed
[2m2025-12-10T10:08:50.549999Z[0m [34mDEBUG[0m [2mhyper::client::pool[0m[2m:[0m pooling idle connection for ("http", 192.168.0.14:8545)
[2m2025-12-10T10:08:50.550016Z[0m [34mDEBUG[0m [2methereum_transaction_pool_monitor::eth_client[0m[2m:[0m 📡 Transaction fetch RPC completed in 13.114166ms
[2m2025-12-10T10:08:50.660221Z[0m [34mDEBUG[0m [2methereum_transaction_pool_monitor::eth_client[0m[2m:[0m ✅ Transaction 0xcb9815ed39d5b0f8671b0ebdec2664d8e340c577c0462244538dcc51cfb08af2 fetched and parsed in 123.3145ms
[2m2025-12-10T10:08:50.660248Z[0m [34mDEBUG[0m [2methereum_transaction_pool_monitor::mempool_monitor[0m[2m:[0m 🔍 Skipping tx 0xcb9815ed39d5b0f8671b0ebdec2664d8e340c577c0462244538dcc51cfb08af2 - not a DEX interaction (target: 0x3B4D794a66304F130a4Db8F2551B0070dfCf5ca7)
[2m2025-12-10T10:08:50.660259Z[0m [34mDEBUG[0m [2methereum_transaction_pool_monitor::mempool_monitor[0m[2m:[0m 📨 Processing new pending transaction: 0x2671aed84a72521203950d5d3cd69135220e7d70fe846d1cc73ffe6cb1eb25cd
[2m2025-12-10T10:08:50.660270Z[0m [34mDEBUG[0m [2methereum_transaction_pool_monitor::mempool_monitor[0m[2m:[0m 🔍 Fetching transaction details for: 0x2671aed84a72521203950d5d3cd69135220e7d70fe846d1cc73ffe6cb1eb25cd
[2m2025-12-10T10:08:50.660276Z[0m [34mDEBUG[0m [2methereum_transaction_pool_monitor::eth_client[0m[2m:[0m 🔍 Fetching transaction details for hash: 0x2671aed84a72521203950d5d3cd69135220e7d70fe846d1cc73ffe6cb1eb25cd
[2m2025-12-10T10:08:50.660303Z[0m [34mDEBUG[0m [2mhyper::client::pool[0m[2m:[0m reuse idle connection for ("http", 192.168.0.14:8545)
[2m2025-12-10T10:08:50.660384Z[0m [34mDEBUG[0m [2mhyper::proto::h1::io[0m[2m:[0m flushed 250 bytes
[2m2025-12-10T10:08:50.660409Z[0m [34mDEBUG[0m [2methereum_transaction_pool_monitor::eth_client[0m[2m:[0m 📨 Received WebSocket message: {"jsonrpc":"2.0","method":"eth_subscription","params":{"subscription":"0xbed0a0851463e895960a451075a301a9","result":"0xd20b31d6235826fa7b925f3af9a63e0165886a1b385d47161b3f5967a314adce"}}
[2m2025-12-10T10:08:50.660416Z[0m [34mDEBUG[0m [2methereum_transaction_pool_monitor::eth_client[0m[2m:[0m 📨 Received pending transaction: 0xd20b31d6235826fa7b925f3af9a63e0165886a1b385d47161b3f5967a314adce
[2m2025-12-10T10:08:50.660438Z[0m [34mDEBUG[0m [2mhyper::proto::h1::io[0m[2m:[0m parsed 4 headers
[2m2025-12-10T10:08:50.660466Z[0m [34mDEBUG[0m [2mhyper::proto::h1::conn[0m[2m:[0m incoming body is content-length (45 bytes)
[2m2025-12-10T10:08:50.660483Z[0m [34mDEBUG[0m [2mhyper::proto::h1::conn[0m[2m:[0m incoming body completed
[2m2025-12-10T10:08:50.660502Z[0m [34mDEBUG[0m [2mhyper::client::pool[0m[2m:[0m pooling idle connection for ("http", 192.168.0.14:8545)
[2m2025-12-10T10:08:50.660540Z[0m [34mDEBUG[0m [2mhyper::client::pool[0m[2m:[0m reuse idle connection for ("http", 192.168.0.14:8545)
[2m2025-12-10T10:08:50.660595Z[0m [34mDEBUG[0m [2mhyper::proto::h1::io[0m[2m:[0m flushed 172 bytes
[2m2025-12-10T10:08:50.664770Z[0m [34mDEBUG[0m [2mhyper::proto::h1::io[0m[2m:[0m parsed 4 headers
[2m2025-12-10T10:08:50.666812Z[0m [34mDEBUG[0m [2mhyper::proto::h1::conn[0m[2m:[0m incoming body is content-length (771 bytes)
[2m2025-12-10T10:08:50.666826Z[0m [34mDEBUG[0m [2mhyper::proto::h1::conn[0m[2m:[0m incoming body completed
[2m2025-12-10T10:08:50.666841Z[0m [34mDEBUG[0m [2mhyper::client::pool[0m[2m:[0m pooling idle connection for ("http", 192.168.0.14:8545)
[2m2025-12-10T10:08:50.666851Z[0m [34mDEBUG[0m [2methereum_transaction_pool_monitor::eth_client[0m[2m:[0m 📡 Transaction fetch RPC completed in 6.569209ms
[2m2025-12-10T10:08:50.757848Z[0m [34mDEBUG[0m [2methereum_transaction_pool_monitor::eth_client[0m[2m:[0m ✅ Transaction 0x2671aed84a72521203950d5d3cd69135220e7d70fe846d1cc73ffe6cb1eb25cd fetched and parsed in 97.560792ms
[2m2025-12-10T10:08:50.757872Z[0m [34mDEBUG[0m [2methereum_transaction_pool_monitor::mempool_monitor[0m[2m:[0m 🔍 Skipping tx 0x2671aed84a72521203950d5d3cd69135220e7d70fe846d1cc73ffe6cb1eb25cd - not a DEX interaction (target: 0xB8f28C60dD8240141185a192fa4156A23E189305)
[2m2025-12-10T10:08:50.757883Z[0m [34mDEBUG[0m [2methereum_transaction_pool_monitor::mempool_monitor[0m[2m:[0m 📨 Processing new pending transaction: 0xe44565e6832903e02faa8be44038c9cb05a24fbaadb48dea4852f40ab6485707
[2m2025-12-10T10:08:50.757888Z[0m [34mDEBUG[0m [2methereum_transaction_pool_monitor::mempool_monitor[0m[2m:[0m 🔍 Fetching transaction details for: 0xe44565e6832903e02faa8be44038c9cb05a24fbaadb48dea4852f40ab6485707
[2m2025-12-10T10:08:50.757892Z[0m [34mDEBUG[0m [2methereum_transaction_pool_monitor::eth_client[0m[2m:[0m 🔍 Fetching transaction details for hash: 0xe44565e6832903e02faa8be44038c9cb05a24fbaadb48dea4852f40ab6485707
[2m2025-12-10T10:08:50.757915Z[0m [34mDEBUG[0m [2mhyper::client::pool[0m[2m:[0m reuse idle connection for ("http", 192.168.0.14:8545)
[2m2025-12-10T10:08:50.757975Z[0m [34mDEBUG[0m [2mhyper::proto::h1::io[0m[2m:[0m flushed 250 bytes
[2m2025-12-10T10:08:50.757997Z[0m [34mDEBUG[0m [2methereum_transaction_pool_monitor::eth_client[0m[2m:[0m 📨 Received WebSocket message: {"jsonrpc":"2.0","method":"eth_subscription","params":{"subscription":"0xbed0a0851463e895960a451075a301a9","result":"0xc184547cfee477b09a3663b1ba7711771866fa8d2ae337f6c8a8d05618651421"}}
[2m2025-12-10T10:08:50.758004Z[0m [34mDEBUG[0m [2methereum_transaction_pool_monitor::eth_client[0m[2m:[0m 📨 Received pending transaction: 0xc184547cfee477b09a3663b1ba7711771866fa8d2ae337f6c8a8d05618651421
[2m2025-12-10T10:08:50.758025Z[0m [34mDEBUG[0m [2mhyper::proto::h1::io[0m[2m:[0m parsed 4 headers
[2m2025-12-10T10:08:50.758059Z[0m [34mDEBUG[0m [2mhyper::proto::h1::conn[0m[2m:[0m incoming body is content-length (45 bytes)
[2m2025-12-10T10:08:50.758075Z[0m [34mDEBUG[0m [2mhyper::proto::h1::conn[0m[2m:[0m incoming body completed
[2m2025-12-10T10:08:50.758094Z[0m [34mDEBUG[0m [2mhyper::client::pool[0m[2m:[0m pooling idle connection for ("http", 192.168.0.14:8545)
[2m2025-12-10T10:08:50.758129Z[0m [34mDEBUG[0m [2mhyper::client::pool[0m[2m:[0m reuse idle connection for ("http", 192.168.0.14:8545)
[2m2025-12-10T10:08:50.758183Z[0m [34mDEBUG[0m [2mhyper::proto::h1::io[0m[2m:[0m flushed 172 bytes
[2m2025-12-10T10:08:50.762911Z[0m [34mDEBUG[0m [2mhyper::proto::h1::io[0m[2m:[0m parsed 4 headers
[2m2025-12-10T10:08:50.762954Z[0m [34mDEBUG[0m [2mhyper::proto::h1::conn[0m[2m:[0m incoming body is content-length (832 bytes)
[2m2025-12-10T10:08:50.762969Z[0m [34mDEBUG[0m [2mhyper::proto::h1::conn[0m[2m:[0m incoming body completed
[2m2025-12-10T10:08:50.762989Z[0m [34mDEBUG[0m [2mhyper::client::pool[0m[2m:[0m pooling idle connection for ("http", 192.168.0.14:8545)
[2m2025-12-10T10:08:50.763012Z[0m [34mDEBUG[0m [2methereum_transaction_pool_monitor::eth_client[0m[2m:[0m 📡 Transaction fetch RPC completed in 5.116083ms
[2m2025-12-10T10:08:50.869697Z[0m [34mDEBUG[0m [2methereum_transaction_pool_monitor::eth_client[0m[2m:[0m ✅ Transaction 0xe44565e6832903e02faa8be44038c9cb05a24fbaadb48dea4852f40ab6485707 fetched and parsed in 111.791041ms
[2m2025-12-10T10:08:50.869737Z[0m [34mDEBUG[0m [2methereum_transaction_pool_monitor::mempool_monitor[0m[2m:[0m 🔍 Skipping tx 0xe44565e6832903e02faa8be44038c9cb05a24fbaadb48dea4852f40ab6485707 - not a DEX interaction (target: 0x3B4D794a66304F130a4Db8F2551B0070dfCf5ca7)
[2m2025-12-10T10:08:50.869751Z[0m [34mDEBUG[0m [2methereum_transaction_pool_monitor::mempool_monitor[0m[2m:[0m 📨 Processing new pending transaction: 0xcec01cfd736ec19fd05327e3060796ad2ff593bb91520124831f4a0eaa7b3b1e
[2m2025-12-10T10:08:50.869757Z[0m [34mDEBUG[0m [2methereum_transaction_pool_monitor::mempool_monitor[0m[2m:[0m 🔍 Fetching transaction details for: 0xcec01cfd736ec19fd05327e3060796ad2ff593bb91520124831f4a0eaa7b3b1e
[2m2025-12-10T10:08:50.869760Z[0m [34mDEBUG[0m [2methereum_transaction_pool_monitor::eth_client[0m[2m:[0m 🔍 Fetching transaction details for hash: 0xcec01cfd736ec19fd05327e3060796ad2ff593bb91520124831f4a0eaa7b3b1e
[2m2025-12-10T10:08:50.869811Z[0m [34mDEBUG[0m [2mhyper::client::pool[0m[2m:[0m reuse idle connection for ("http", 192.168.0.14:8545)
[2m2025-12-10T10:08:50.869951Z[0m [34mDEBUG[0m [2mhyper::proto::h1::io[0m[2m:[0m flushed 250 bytes
[2m2025-12-10T10:08:50.870025Z[0m [34mDEBUG[0m [2methereum_transaction_pool_monitor::eth_client[0m[2m:[0m 📨 Received WebSocket message: {"jsonrpc":"2.0","method":"eth_subscription","params":{"subscription":"0xbed0a0851463e895960a451075a301a9","result":"0xa99eef38f2cfa7b4666d249ebad857e19d96072d6fc86ddad3e051752477d26d"}}
[2m2025-12-10T10:08:50.870026Z[0m [34mDEBUG[0m [2mhyper::proto::h1::io[0m[2m:[0m parsed 4 headers
[2m2025-12-10T10:08:50.870055Z[0m [34mDEBUG[0m [2methereum_transaction_pool_monitor::eth_client[0m[2m:[0m 📨 Received pending transaction: 0xa99eef38f2cfa7b4666d249ebad857e19d96072d6fc86ddad3e051752477d26d
[2m2025-12-10T10:08:50.870062Z[0m [34mDEBUG[0m [2mhyper::proto::h1::conn[0m[2m:[0m incoming body is content-length (45 bytes)
[2m2025-12-10T10:08:50.870087Z[0m [34mDEBUG[0m [2mhyper::proto::h1::conn[0m[2m:[0m incoming body completed
[2m2025-12-10T10:08:50.870110Z[0m [34mDEBUG[0m [2mhyper::client::pool[0m[2m:[0m pooling idle connection for ("http", 192.168.0.14:8545)
[2m2025-12-10T10:08:50.870167Z[0m [34mDEBUG[0m [2mhyper::client::pool[0m[2m:[0m reuse idle connection for ("http", 192.168.0.14:8545)
[2m2025-12-10T10:08:50.870241Z[0m [34mDEBUG[0m [2mhyper::proto::h1::io[0m[2m:[0m flushed 172 bytes
[2m2025-12-10T10:08:50.873017Z[0m [34mDEBUG[0m [2mhyper::proto::h1::io[0m[2m:[0m parsed 4 headers
[2m2025-12-10T10:08:50.873057Z[0m [34mDEBUG[0m [2mhyper::proto::h1::conn[0m[2m:[0m incoming body is content-length (769 bytes)
[2m2025-12-10T10:08:50.873076Z[0m [34mDEBUG[0m [2mhyper::proto::h1::conn[0m[2m:[0m incoming body completed
[2m2025-12-10T10:08:50.873099Z[0m [34mDEBUG[0m [2mhyper::client::pool[0m[2m:[0m pooling idle connection for ("http", 192.168.0.14:8545)
[2m2025-12-10T10:08:50.873116Z[0m [34mDEBUG[0m [2methereum_transaction_pool_monitor::eth_client[0m[2m:[0m 📡 Transaction fetch RPC completed in 3.351625ms
[2m2025-12-10T10:08:50.982545Z[0m [34mDEBUG[0m [2methereum_transaction_pool_monitor::eth_client[0m[2m:[0m ✅ Transaction 0xcec01cfd736ec19fd05327e3060796ad2ff593bb91520124831f4a0eaa7b3b1e fetched and parsed in 112.777083ms
[2m2025-12-10T10:08:50.982572Z[0m [34mDEBUG[0m [2methereum_transaction_pool_monitor::mempool_monitor[0m[2m:[0m 🔍 Skipping tx 0xcec01cfd736ec19fd05327e3060796ad2ff593bb91520124831f4a0eaa7b3b1e - not a DEX interaction (target: 0xA0b86991c6218b36c1d19D4a2e9Eb0cE3606eB48)
[2m2025-12-10T10:08:50.982581Z[0m [34mDEBUG[0m [2methereum_transaction_pool_monitor::mempool_monitor[0m[2m:[0m 📨 Processing new pending transaction: 0x4a3f4ee7470bc23188f5f2943ce36cbebb116dd6921c54342a8ecaf920f33486
[2m2025-12-10T10:08:50.982586Z[0m [34mDEBUG[0m [2methereum_transaction_pool_monitor::mempool_monitor[0m[2m:[0m 🔍 Fetching transaction details for: 0x4a3f4ee7470bc23188f5f2943ce36cbebb116dd6921c54342a8ecaf920f33486
[2m2025-12-10T10:08:50.982590Z[0m [34mDEBUG[0m [2methereum_transaction_pool_monitor::eth_client[0m[2m:[0m 🔍 Fetching transaction details for hash: 0x4a3f4ee7470bc23188f5f2943ce36cbebb116dd6921c54342a8ecaf920f33486
[2m2025-12-10T10:08:50.982616Z[0m [34mDEBUG[0m [2mhyper::client::pool[0m[2m:[0m reuse idle connection for ("http", 192.168.0.14:8545)
[2m2025-12-10T10:08:50.982711Z[0m [34mDEBUG[0m [2mhyper::proto::h1::io[0m[2m:[0m flushed 250 bytes
[2m2025-12-10T10:08:50.982754Z[0m [34mDEBUG[0m [2methereum_transaction_pool_monitor::eth_client[0m[2m:[0m 📨 Received WebSocket message: {"jsonrpc":"2.0","method":"eth_subscription","params":{"subscription":"0xbed0a0851463e895960a451075a301a9","result":"0x3abd2fa9ec3e73bf3741ce51ad5aeb303b8ddd5e73031845e2ea7007a80e50e1"}}
[2m2025-12-10T10:08:50.982767Z[0m [34mDEBUG[0m [2methereum_transaction_pool_monitor::eth_client[0m[2m:[0m 📨 Received pending transaction: 0x3abd2fa9ec3e73bf3741ce51ad5aeb303b8ddd5e73031845e2ea7007a80e50e1
[2m2025-12-10T10:08:50.982768Z[0m [34mDEBUG[0m [2mhyper::proto::h1::io[0m[2m:[0m parsed 4 headers
[2m2025-12-10T10:08:50.982777Z[0m [34mDEBUG[0m [2mhyper::proto::h1::conn[0m[2m:[0m incoming body is content-length (45 bytes)
[2m2025-12-10T10:08:50.982781Z[0m [34mDEBUG[0m [2methereum_transaction_pool_monitor::eth_client[0m[2m:[0m 📨 Received WebSocket message: {"jsonrpc":"2.0","method":"eth_subscription","params":{"subscription":"0xbed0a0851463e895960a451075a301a9","result":"0xcc3fd1a7ee938393a486483fbd17d5bbaeea7b8c03e36b18f603bbe5e7016ade"}}
[2m2025-12-10T10:08:50.982785Z[0m [34mDEBUG[0m [2mhyper::proto::h1::conn[0m[2m:[0m incoming body completed
[2m2025-12-10T10:08:50.982789Z[0m [34mDEBUG[0m [2methereum_transaction_pool_monitor::eth_client[0m[2m:[0m 📨 Received pending transaction: 0xcc3fd1a7ee938393a486483fbd17d5bbaeea7b8c03e36b18f603bbe5e7016ade
[2m2025-12-10T10:08:50.982795Z[0m [34mDEBUG[0m [2methereum_transaction_pool_monitor::eth_client[0m[2m:[0m 📨 Received WebSocket message: {"jsonrpc":"2.0","method":"eth_subscription","params":{"subscription":"0xbed0a0851463e895960a451075a301a9","result":"0x244d1f30ab2c133ddfd80ecb5de1e22fd90a11cabfe6ba31e4240d96ad5a4efd"}}
[2m2025-12-10T10:08:50.982802Z[0m [34mDEBUG[0m [2methereum_transaction_pool_monitor::eth_client[0m[2m:[0m 📨 Received pending transaction: 0x244d1f30ab2c133ddfd80ecb5de1e22fd90a11cabfe6ba31e4240d96ad5a4efd
[2m2025-12-10T10:08:50.982806Z[0m [34mDEBUG[0m [2methereum_transaction_pool_monitor::eth_client[0m[2m:[0m 📨 Received WebSocket message: {"jsonrpc":"2.0","method":"eth_subscription","params":{"subscription":"0xbed0a0851463e895960a451075a301a9","result":"0x301cc9566e264cb394d00d7f9651915eb22f253de4f7499051eee088c75e816f"}}
[2m2025-12-10T10:08:50.982811Z[0m [34mDEBUG[0m [2methereum_transaction_pool_monitor::eth_client[0m[2m:[0m 📨 Received pending transaction: 0x301cc9566e264cb394d00d7f9651915eb22f253de4f7499051eee088c75e816f
[2m2025-12-10T10:08:50.982796Z[0m [34mDEBUG[0m [2mhyper::client::pool[0m[2m:[0m pooling idle connection for ("http", 192.168.0.14:8545)
[2m2025-12-10T10:08:50.982815Z[0m [34mDEBUG[0m [2methereum_transaction_pool_monitor::eth_client[0m[2m:[0m 📨 Received WebSocket message: {"jsonrpc":"2.0","method":"eth_subscription","params":{"subscription":"0xbed0a0851463e895960a451075a301a9","result":"0x85645892a60badaf6eb6b8ff2163ac0d5bf240d3c38ff90461ae9a40a9b62b66"}}
[2m2025-12-10T10:08:50.982871Z[0m [34mDEBUG[0m [2methereum_transaction_pool_monitor::eth_client[0m[2m:[0m 📨 Received pending transaction: 0x85645892a60badaf6eb6b8ff2163ac0d5bf240d3c38ff90461ae9a40a9b62b66
[2m2025-12-10T10:08:50.982901Z[0m [34mDEBUG[0m [2mhyper::client::pool[0m[2m:[0m reuse idle connection for ("http", 192.168.0.14:8545)
[2m2025-12-10T10:08:50.982928Z[0m [34mDEBUG[0m [2mhyper::proto::h1::io[0m[2m:[0m flushed 172 bytes
[2m2025-12-10T10:08:50.987463Z[0m [34mDEBUG[0m [2mhyper::proto::h1::io[0m[2m:[0m parsed 4 headers
[2m2025-12-10T10:08:50.987504Z[0m [34mDEBUG[0m [2mhyper::proto::h1::conn[0m[2m:[0m incoming body is content-length (582 bytes)
[2m2025-12-10T10:08:50.987526Z[0m [34mDEBUG[0m [2mhyper::proto::h1::conn[0m[2m:[0m incoming body completed
[2m2025-12-10T10:08:50.987551Z[0m [34mDEBUG[0m [2mhyper::client::pool[0m[2m:[0m pooling idle connection for ("http", 192.168.0.14:8545)
[2m2025-12-10T10:08:50.987568Z[0m [34mDEBUG[0m [2methereum_transaction_pool_monitor::eth_client[0m[2m:[0m 📡 Transaction fetch RPC completed in 4.973625ms
[2m2025-12-10T10:08:51.091187Z[0m [34mDEBUG[0m [2methereum_transaction_pool_monitor::eth_client[0m[2m:[0m ✅ Transaction 0x4a3f4ee7470bc23188f5f2943ce36cbebb116dd6921c54342a8ecaf920f33486 fetched and parsed in 108.588584ms
[2m2025-12-10T10:08:51.091222Z[0m [34mDEBUG[0m [2methereum_transaction_pool_monitor::mempool_monitor[0m[2m:[0m 🔍 Skipping tx 0x4a3f4ee7470bc23188f5f2943ce36cbebb116dd6921c54342a8ecaf920f33486 - not a DEX interaction (target: 0x4Bf0f3A6B2A0148fe2cfF283B9430EDbFbd00478)
[2m2025-12-10T10:08:51.091231Z[0m [34mDEBUG[0m [2methereum_transaction_pool_monitor::mempool_monitor[0m[2m:[0m 📨 Processing new pending transaction: 0xa949c43c29417dfbc77da9bd682fcb091a01340094bbbf95561da03d98de0327
[2m2025-12-10T10:08:51.091236Z[0m [34mDEBUG[0m [2methereum_transaction_pool_monitor::mempool_monitor[0m[2m:[0m 🔍 Fetching transaction details for: 0xa949c43c29417dfbc77da9bd682fcb091a01340094bbbf95561da03d98de0327
[2m2025-12-10T10:08:51.091241Z[0m [34mDEBUG[0m [2methereum_transaction_pool_monitor::eth_client[0m[2m:[0m 🔍 Fetching transaction details for hash: 0xa949c43c29417dfbc77da9bd682fcb091a01340094bbbf95561da03d98de0327
[2m2025-12-10T10:08:51.091267Z[0m [34mDEBUG[0m [2mhyper::client::pool[0m[2m:[0m reuse idle connection for ("http", 192.168.0.14:8545)
[2m2025-12-10T10:08:51.091324Z[0m [34mDEBUG[0m [2mhyper::proto::h1::io[0m[2m:[0m flushed 250 bytes
[2m2025-12-10T10:08:51.091349Z[0m [34mDEBUG[0m [2methereum_transaction_pool_monitor::eth_client[0m[2m:[0m 📨 Received WebSocket message: {"jsonrpc":"2.0","method":"eth_subscription","params":{"subscription":"0xbed0a0851463e895960a451075a301a9","result":"0x4fc71a7d1d414dfd34f32c603ed44de09e275396df609c02f50b3d378bdbf051"}}
[2m2025-12-10T10:08:51.091357Z[0m [34mDEBUG[0m [2methereum_transaction_pool_monitor::eth_client[0m[2m:[0m 📨 Received pending transaction: 0x4fc71a7d1d414dfd34f32c603ed44de09e275396df609c02f50b3d378bdbf051
[2m2025-12-10T10:08:51.091362Z[0m [34mDEBUG[0m [2methereum_transaction_pool_monitor::eth_client[0m[2m:[0m 📨 Received WebSocket message: {"jsonrpc":"2.0","method":"eth_subscription","params":{"subscription":"0xbed0a0851463e895960a451075a301a9","result":"0xaf77bd12c6107725bcb81cebc40facd3ac6a9301a7d630d95be49faecc4a2e5e"}}
[2m2025-12-10T10:08:51.091368Z[0m [34mDEBUG[0m [2methereum_transaction_pool_monitor::eth_client[0m[2m:[0m 📨 Received pending transaction: 0xaf77bd12c6107725bcb81cebc40facd3ac6a9301a7d630d95be49faecc4a2e5e
[2m2025-12-10T10:08:51.091372Z[0m [34mDEBUG[0m [2methereum_transaction_pool_monitor::eth_client[0m[2m:[0m 📨 Received WebSocket message: {"jsonrpc":"2.0","method":"eth_subscription","params":{"subscription":"0xbed0a0851463e895960a451075a301a9","result":"0xd6eb33d5d3d92356fc50c79036494916f0c2c630b8c0da550ea6853782923369"}}
[2m2025-12-10T10:08:51.091369Z[0m [34mDEBUG[0m [2mhyper::proto::h1::io[0m[2m:[0m parsed 4 headers
[2m2025-12-10T10:08:51.091379Z[0m [34mDEBUG[0m [2methereum_transaction_pool_monitor::eth_client[0m[2m:[0m 📨 Received pending transaction: 0xd6eb33d5d3d92356fc50c79036494916f0c2c630b8c0da550ea6853782923369
[2m2025-12-10T10:08:51.091411Z[0m [34mDEBUG[0m [2mhyper::proto::h1::conn[0m[2m:[0m incoming body is content-length (45 bytes)
[2m2025-12-10T10:08:51.091427Z[0m [34mDEBUG[0m [2methereum_transaction_pool_monitor::eth_client[0m[2m:[0m 📨 Received WebSocket message: {"jsonrpc":"2.0","method":"eth_subscription","params":{"subscription":"0xbed0a0851463e895960a451075a301a9","result":"0xc345b0dbd46ebe184ec05ec35855a0194ac478f08480ff4ba4c18ec6b0a89316"}}
[2m2025-12-10T10:08:51.091434Z[0m [34mDEBUG[0m [2mhyper::proto::h1::conn[0m[2m:[0m incoming body completed
[2m2025-12-10T10:08:51.091443Z[0m [34mDEBUG[0m [2methereum_transaction_pool_monitor::eth_client[0m[2m:[0m 📨 Received pending transaction: 0xc345b0dbd46ebe184ec05ec35855a0194ac478f08480ff4ba4c18ec6b0a89316
[2m2025-12-10T10:08:51.091455Z[0m [34mDEBUG[0m [2methereum_transaction_pool_monitor::eth_client[0m[2m:[0m 📨 Received WebSocket message: {"jsonrpc":"2.0","method":"eth_subscription","params":{"subscription":"0xbed0a0851463e895960a451075a301a9","result":"0x9e5ae479ff2a482bad40124eaba25ab207faa480afbbc76545d378c952a847a4"}}
[2m2025-12-10T10:08:51.091471Z[0m [34mDEBUG[0m [2methereum_transaction_pool_monitor::eth_client[0m[2m:[0m 📨 Received pending transaction: 0x9e5ae479ff2a482bad40124eaba25ab207faa480afbbc76545d378c952a847a4
[2m2025-12-10T10:08:51.091456Z[0m [34mDEBUG[0m [2mhyper::client::pool[0m[2m:[0m pooling idle connection for ("http", 192.168.0.14:8545)
[2m2025-12-10T10:08:51.091571Z[0m [34mDEBUG[0m [2mhyper::client::pool[0m[2m:[0m reuse idle connection for ("http", 192.168.0.14:8545)
[2m2025-12-10T10:08:51.091630Z[0m [34mDEBUG[0m [2mhyper::proto::h1::io[0m[2m:[0m flushed 172 bytes
[2m2025-12-10T10:08:51.095656Z[0m [34mDEBUG[0m [2mhyper::proto::h1::io[0m[2m:[0m parsed 4 headers
[2m2025-12-10T10:08:51.095688Z[0m [34mDEBUG[0m [2mhyper::proto::h1::conn[0m[2m:[0m incoming body is content-length (766 bytes)
[2m2025-12-10T10:08:51.095699Z[0m [34mDEBUG[0m [2mhyper::proto::h1::conn[0m[2m:[0m incoming body completed
[2m2025-12-10T10:08:51.095715Z[0m [34mDEBUG[0m [2mhyper::client::pool[0m[2m:[0m pooling idle connection for ("http", 192.168.0.14:8545)
[2m2025-12-10T10:08:51.095725Z[0m [34mDEBUG[0m [2methereum_transaction_pool_monitor::eth_client[0m[2m:[0m 📡 Transaction fetch RPC completed in 4.479875ms
[2m2025-12-10T10:08:51.182547Z[0m [34mDEBUG[0m [2methereum_transaction_pool_monitor::eth_client[0m[2m:[0m ✅ Transaction 0xa949c43c29417dfbc77da9bd682fcb091a01340094bbbf95561da03d98de0327 fetched and parsed in 91.298666ms
[2m2025-12-10T10:08:51.182582Z[0m [34mDEBUG[0m [2methereum_transaction_pool_monitor::mempool_monitor[0m[2m:[0m 🔍 Skipping tx 0xa949c43c29417dfbc77da9bd682fcb091a01340094bbbf95561da03d98de0327 - not a DEX interaction (target: 0x6033F7f88332B8db6ad452B7C6D5bB643990aE3f)
[2m2025-12-10T10:08:51.182594Z[0m [34mDEBUG[0m [2methereum_transaction_pool_monitor::mempool_monitor[0m[2m:[0m 📨 Processing new pending transaction: 0x22bd15a791681c7e81b07d6e048decf60a30505f6d89dfacce8d3977fe68784d
[2m2025-12-10T10:08:51.182599Z[0m [34mDEBUG[0m [2methereum_transaction_pool_monitor::mempool_monitor[0m[2m:[0m 🔍 Fetching transaction details for: 0x22bd15a791681c7e81b07d6e048decf60a30505f6d89dfacce8d3977fe68784d
[2m2025-12-10T10:08:51.182604Z[0m [34mDEBUG[0m [2methereum_transaction_pool_monitor::eth_client[0m[2m:[0m 🔍 Fetching transaction details for hash: 0x22bd15a791681c7e81b07d6e048decf60a30505f6d89dfacce8d3977fe68784d
[2m2025-12-10T10:08:51.182628Z[0m [34mDEBUG[0m [2mhyper::client::pool[0m[2m:[0m reuse idle connection for ("http", 192.168.0.14:8545)
[2m2025-12-10T10:08:51.182699Z[0m [34mDEBUG[0m [2mhyper::proto::h1::io[0m[2m:[0m flushed 250 bytes
[2m2025-12-10T10:08:51.182731Z[0m [34mDEBUG[0m [2methereum_transaction_pool_monitor::eth_client[0m[2m:[0m 📨 Received WebSocket message: {"jsonrpc":"2.0","method":"eth_subscription","params":{"subscription":"0xbed0a0851463e895960a451075a301a9","result":"0x2755fcd2545873c4a17dd18837afaade6a2c1c1757b9d521cf2c177ab8360881"}}
[2m2025-12-10T10:08:51.182741Z[0m [34mDEBUG[0m [2methereum_transaction_pool_monitor::eth_client[0m[2m:[0m 📨 Received pending transaction: 0x2755fcd2545873c4a17dd18837afaade6a2c1c1757b9d521cf2c177ab8360881
[2m2025-12-10T10:08:51.182746Z[0m [34mDEBUG[0m [2methereum_transaction_pool_monitor::eth_client[0m[2m:[0m 📨 Received WebSocket message: {"jsonrpc":"2.0","method":"eth_subscription","params":{"subscription":"0xbed0a0851463e895960a451075a301a9","result":"0x69e3774e9560e79603a2a6fb92763069c850d563570de64442fb64d172cc46ff"}}
[2m2025-12-10T10:08:51.182745Z[0m [34mDEBUG[0m [2mhyper::proto::h1::io[0m[2m:[0m parsed 4 headers
[2m2025-12-10T10:08:51.182751Z[0m [34mDEBUG[0m [2methereum_transaction_pool_monitor::eth_client[0m[2m:[0m 📨 Received pending transaction: 0x69e3774e9560e79603a2a6fb92763069c850d563570de64442fb64d172cc46ff
[2m2025-12-10T10:08:51.182779Z[0m [34mDEBUG[0m [2mhyper::proto::h1::conn[0m[2m:[0m incoming body is content-length (45 bytes)
[2m2025-12-10T10:08:51.182799Z[0m [34mDEBUG[0m [2methereum_transaction_pool_monitor::eth_client[0m[2m:[0m 📨 Received WebSocket message: {"jsonrpc":"2.0","method":"eth_subscription","params":{"subscription":"0xbed0a0851463e895960a451075a301a9","result":"0x28a5333b7be19e424297b9f7082e18da24b44c54de81394a3e80eb16961bf861"}}
[2m2025-12-10T10:08:51.182819Z[0m [34mDEBUG[0m [2mhyper::proto::h1::conn[0m[2m:[0m incoming body completed
[2m2025-12-10T10:08:51.182822Z[0m [34mDEBUG[0m [2methereum_transaction_pool_monitor::eth_client[0m[2m:[0m 📨 Received pending transaction: 0x28a5333b7be19e424297b9f7082e18da24b44c54de81394a3e80eb16961bf861
[2m2025-12-10T10:08:51.182842Z[0m [34mDEBUG[0m [2mhyper::client::pool[0m[2m:[0m pooling idle connection for ("http", 192.168.0.14:8545)
[2m2025-12-10T10:08:51.182843Z[0m [34mDEBUG[0m [2methereum_transaction_pool_monitor::eth_client[0m[2m:[0m 📨 Received WebSocket message: {"jsonrpc":"2.0","method":"eth_subscription","params":{"subscription":"0xbed0a0851463e895960a451075a301a9","result":"0x7c0f7a09ba63886ccab0906d398aa74df161838a376bab4436254a5e6c1c3831"}}
[2m2025-12-10T10:08:51.182872Z[0m [34mDEBUG[0m [2methereum_transaction_pool_monitor::eth_client[0m[2m:[0m 📨 Received pending transaction: 0x7c0f7a09ba63886ccab0906d398aa74df161838a376bab4436254a5e6c1c3831
[2m2025-12-10T10:08:51.182891Z[0m [34mDEBUG[0m [2mhyper::client::pool[0m[2m:[0m reuse idle connection for ("http", 192.168.0.14:8545)
[2m2025-12-10T10:08:51.182893Z[0m [34mDEBUG[0m [2methereum_transaction_pool_monitor::eth_client[0m[2m:[0m 📨 Received WebSocket message: {"jsonrpc":"2.0","method":"eth_subscription","params":{"subscription":"0xbed0a0851463e895960a451075a301a9","result":"0x230838a9abc7090df99f3e8f755df383d02842fdef97b1a4e2caa9da0388d8eb"}}
[2m2025-12-10T10:08:51.182920Z[0m [34mDEBUG[0m [2mhyper::proto::h1::io[0m[2m:[0m flushed 172 bytes
[2m2025-12-10T10:08:51.182921Z[0m [34mDEBUG[0m [2methereum_transaction_pool_monitor::eth_client[0m[2m:[0m 📨 Received pending transaction: 0x230838a9abc7090df99f3e8f755df383d02842fdef97b1a4e2caa9da0388d8eb
[2m2025-12-10T10:08:51.185770Z[0m [34mDEBUG[0m [2mhyper::proto::h1::io[0m[2m:[0m parsed 4 headers
[2m2025-12-10T10:08:51.185816Z[0m [34mDEBUG[0m [2mhyper::proto::h1::conn[0m[2m:[0m incoming body is content-length (770 bytes)
[2m2025-12-10T10:08:51.185835Z[0m [34mDEBUG[0m [2mhyper::proto::h1::conn[0m[2m:[0m incoming body completed
[2m2025-12-10T10:08:51.185858Z[0m [34mDEBUG[0m [2mhyper::client::pool[0m[2m:[0m pooling idle connection for ("http", 192.168.0.14:8545)
[2m2025-12-10T10:08:51.185874Z[0m [34mDEBUG[0m [2methereum_transaction_pool_monitor::eth_client[0m[2m:[0m 📡 Transaction fetch RPC completed in 3.266583ms
[2m2025-12-10T10:08:51.272627Z[0m [34mDEBUG[0m [2methereum_transaction_pool_monitor::eth_client[0m[2m:[0m ✅ Transaction 0x22bd15a791681c7e81b07d6e048decf60a30505f6d89dfacce8d3977fe68784d fetched and parsed in 90.015833ms
[2m2025-12-10T10:08:51.272658Z[0m [34mDEBUG[0m [2methereum_transaction_pool_monitor::mempool_monitor[0m[2m:[0m 🔍 Skipping tx 0x22bd15a791681c7e81b07d6e048decf60a30505f6d89dfacce8d3977fe68784d - not a DEX interaction (target: 0xB8f28C60dD8240141185a192fa4156A23E189305)
[2m2025-12-10T10:08:51.272669Z[0m [34mDEBUG[0m [2methereum_transaction_pool_monitor::mempool_monitor[0m[2m:[0m 📨 Processing new pending transaction: 0xfbf12d09b4d30ef425f9a2af0385ad7826ca25ad9b6fbcc05fff2adf6901b22c
[2m2025-12-10T10:08:51.272674Z[0m [34mDEBUG[0m [2methereum_transaction_pool_monitor::mempool_monitor[0m[2m:[0m 🔍 Fetching transaction details for: 0xfbf12d09b4d30ef425f9a2af0385ad7826ca25ad9b6fbcc05fff2adf6901b22c
[2m2025-12-10T10:08:51.272678Z[0m [34mDEBUG[0m [2methereum_transaction_pool_monitor::eth_client[0m[2m:[0m 🔍 Fetching transaction details for hash: 0xfbf12d09b4d30ef425f9a2af0385ad7826ca25ad9b6fbcc05fff2adf6901b22c
[2m2025-12-10T10:08:51.272704Z[0m [34mDEBUG[0m [2mhyper::client::pool[0m[2m:[0m reuse idle connection for ("http", 192.168.0.14:8545)
[2m2025-12-10T10:08:51.272756Z[0m [34mDEBUG[0m [2mhyper::proto::h1::io[0m[2m:[0m flushed 250 bytes
[2m2025-12-10T10:08:51.272782Z[0m [34mDEBUG[0m [2mhyper::proto::h1::io[0m[2m:[0m parsed 4 headers
[2m2025-12-10T10:08:51.272789Z[0m [34mDEBUG[0m [2mhyper::proto::h1::conn[0m[2m:[0m incoming body is content-length (45 bytes)
[2m2025-12-10T10:08:51.272798Z[0m [34mDEBUG[0m [2mhyper::proto::h1::conn[0m[2m:[0m incoming body completed
[2m2025-12-10T10:08:51.272810Z[0m [34mDEBUG[0m [2mhyper::client::pool[0m[2m:[0m pooling idle connection for ("http", 192.168.0.14:8545)
[2m2025-12-10T10:08:51.272811Z[0m [34mDEBUG[0m [2methereum_transaction_pool_monitor::eth_client[0m[2m:[0m 📨 Received WebSocket message: {"jsonrpc":"2.0","method":"eth_subscription","params":{"subscription":"0xbed0a0851463e895960a451075a301a9","result":"0x014e72d32e0f1daa1f2ac194e9e1181a6c91d4574356031c98ee6900d1757b14"}}
[2m2025-12-10T10:08:51.272829Z[0m [34mDEBUG[0m [2mhyper::client::pool[0m[2m:[0m reuse idle connection for ("http", 192.168.0.14:8545)
[2m2025-12-10T10:08:51.272846Z[0m [34mDEBUG[0m [2methereum_transaction_pool_monitor::eth_client[0m[2m:[0m 📨 Received pending transaction: 0x014e72d32e0f1daa1f2ac194e9e1181a6c91d4574356031c98ee6900d1757b14
[2m2025-12-10T10:08:51.272863Z[0m [34mDEBUG[0m [2mhyper::proto::h1::io[0m[2m:[0m flushed 172 bytes
[2m2025-12-10T10:08:51.272866Z[0m [34mDEBUG[0m [2methereum_transaction_pool_monitor::eth_client[0m[2m:[0m 📨 Received WebSocket message: {"jsonrpc":"2.0","method":"eth_subscription","params":{"subscription":"0xbed0a0851463e895960a451075a301a9","result":"0x744c8f7f9c94b8c5189e6f0deb2f78097a5a6fe4aa0cd71104993cfb5073ecb1"}}
[2m2025-12-10T10:08:51.272898Z[0m [34mDEBUG[0m [2methereum_transaction_pool_monitor::eth_client[0m[2m:[0m 📨 Received pending transaction: 0x744c8f7f9c94b8c5189e6f0deb2f78097a5a6fe4aa0cd71104993cfb5073ecb1
[2m2025-12-10T10:08:51.272914Z[0m [34mDEBUG[0m [2methereum_transaction_pool_monitor::eth_client[0m[2m:[0m 📨 Received WebSocket message: {"jsonrpc":"2.0","method":"eth_subscription","params":{"subscription":"0xbed0a0851463e895960a451075a301a9","result":"0xef8ae9659b98f3b03bc2a17ad0986a1c18d3d6d720da9e8a2a6d13daa1fc2d46"}}
[2m2025-12-10T10:08:51.272925Z[0m [34mDEBUG[0m [2methereum_transaction_pool_monitor::eth_client[0m[2m:[0m 📨 Received pending transaction: 0xef8ae9659b98f3b03bc2a17ad0986a1c18d3d6d720da9e8a2a6d13daa1fc2d46
[2m2025-12-10T10:08:51.272935Z[0m [34mDEBUG[0m [2methereum_transaction_pool_monitor::eth_client[0m[2m:[0m 📨 Received WebSocket message: {"jsonrpc":"2.0","method":"eth_subscription","params":{"subscription":"0xbed0a0851463e895960a451075a301a9","result":"0xd9ce58b815d13c7e0b8743f660f1762dd6bf436ca5f5d193337b81b328d97807"}}
[2m2025-12-10T10:08:51.272945Z[0m [34mDEBUG[0m [2methereum_transaction_pool_monitor::eth_client[0m[2m:[0m 📨 Received pending transaction: 0xd9ce58b815d13c7e0b8743f660f1762dd6bf436ca5f5d193337b81b328d97807
[2m2025-12-10T10:08:51.272954Z[0m [34mDEBUG[0m [2methereum_transaction_pool_monitor::eth_client[0m[2m:[0m 📨 Received WebSocket message: {"jsonrpc":"2.0","method":"eth_subscription","params":{"subscription":"0xbed0a0851463e895960a451075a301a9","result":"0xb6e64a76e7f6fe32a185e0fe22c61e28bcdcbc031aa1bfb689a66cd66ef1b137"}}
[2m2025-12-10T10:08:51.272964Z[0m [34mDEBUG[0m [2methereum_transaction_pool_monitor::eth_client[0m[2m:[0m 📨 Received pending transaction: 0xb6e64a76e7f6fe32a185e0fe22c61e28bcdcbc031aa1bfb689a66cd66ef1b137
[2m2025-12-10T10:08:51.272973Z[0m [34mDEBUG[0m [2methereum_transaction_pool_monitor::eth_client[0m[2m:[0m 📨 Received WebSocket message: {"jsonrpc":"2.0","method":"eth_subscription","params":{"subscription":"0xbed0a0851463e895960a451075a301a9","result":"0x583db97fd61eb51f84334190dc278cc3bf4908082e76af1a802c72312b150078"}}
[2m2025-12-10T10:08:51.272983Z[0m [34mDEBUG[0m [2methereum_transaction_pool_monitor::eth_client[0m[2m:[0m 📨 Received pending transaction: 0x583db97fd61eb51f84334190dc278cc3bf4908082e76af1a802c72312b150078
[2m2025-12-10T10:08:51.273001Z[0m [34mDEBUG[0m [2methereum_transaction_pool_monitor::eth_client[0m[2m:[0m 📨 Received WebSocket message: {"jsonrpc":"2.0","method":"eth_subscription","params":{"subscription":"0xbed0a0851463e895960a451075a301a9","result":"0xad012202b1fabdf2d86d46828b29f9572fc379997dcb272d60f2bff4ffe9d1a5"}}
[2m2025-12-10T10:08:51.273010Z[0m [34mDEBUG[0m [2methereum_transaction_pool_monitor::eth_client[0m[2m:[0m 📨 Received pending transaction: 0xad012202b1fabdf2d86d46828b29f9572fc379997dcb272d60f2bff4ffe9d1a5
[2m2025-12-10T10:08:51.278420Z[0m [34mDEBUG[0m [2mhyper::proto::h1::io[0m[2m:[0m parsed 4 headers
[2m2025-12-10T10:08:51.278454Z[0m [34mDEBUG[0m [2mhyper::proto::h1::conn[0m[2m:[0m incoming body is content-length (45 bytes)
[2m2025-12-10T10:08:51.278471Z[0m [34mDEBUG[0m [2mhyper::proto::h1::conn[0m[2m:[0m incoming body completed
[2m2025-12-10T10:08:51.278491Z[0m [34mDEBUG[0m [2mhyper::client::pool[0m[2m:[0m pooling idle connection for ("http", 192.168.0.14:8545)
[2m2025-12-10T10:08:51.280217Z[0m [34mDEBUG[0m [2mhyper::proto::h1::io[0m[2m:[0m parsed 4 headers
[2m2025-12-10T10:08:51.280249Z[0m [34mDEBUG[0m [2mhyper::proto::h1::conn[0m[2m:[0m incoming body is content-length (2059 bytes)
[2m2025-12-10T10:08:51.280264Z[0m [34mDEBUG[0m [2mhyper::proto::h1::conn[0m[2m:[0m incoming body completed
[2m2025-12-10T10:08:51.280282Z[0m [34mDEBUG[0m [2mhyper::client::pool[0m[2m:[0m pooling idle connection for ("http", 192.168.0.14:8545)
[2m2025-12-10T10:08:51.280296Z[0m [34mDEBUG[0m [2methereum_transaction_pool_monitor::eth_client[0m[2m:[0m 📡 Transaction fetch RPC completed in 7.613625ms
[2m2025-12-10T10:08:51.369750Z[0m [34mDEBUG[0m [2methereum_transaction_pool_monitor::eth_client[0m[2m:[0m ✅ Transaction 0xfbf12d09b4d30ef425f9a2af0385ad7826ca25ad9b6fbcc05fff2adf6901b22c fetched and parsed in 97.063916ms
[2m2025-12-10T10:08:51.369781Z[0m [34mDEBUG[0m [2methereum_transaction_pool_monitor::mempool_monitor[0m[2m:[0m 🔍 Skipping tx 0xfbf12d09b4d30ef425f9a2af0385ad7826ca25ad9b6fbcc05fff2adf6901b22c - not a DEX interaction (target: 0xbD216513d74C8cf14cf4747E6AaA6420FF64ee9e)
[2m2025-12-10T10:08:51.369791Z[0m [34mDEBUG[0m [2methereum_transaction_pool_monitor::mempool_monitor[0m[2m:[0m 📨 Processing new pending transaction: 0x594e88b90b6d3120d483d4b0fcd472cebe7da40d2a3bc881f83a74b267c6069a
[2m2025-12-10T10:08:51.369796Z[0m [34mDEBUG[0m [2methereum_transaction_pool_monitor::mempool_monitor[0m[2m:[0m 🔍 Fetching transaction details for: 0x594e88b90b6d3120d483d4b0fcd472cebe7da40d2a3bc881f83a74b267c6069a
[2m2025-12-10T10:08:51.369800Z[0m [34mDEBUG[0m [2methereum_transaction_pool_monitor::eth_client[0m[2m:[0m 🔍 Fetching transaction details for hash: 0x594e88b90b6d3120d483d4b0fcd472cebe7da40d2a3bc881f83a74b267c6069a
[2m2025-12-10T10:08:51.369826Z[0m [34mDEBUG[0m [2mhyper::client::pool[0m[2m:[0m reuse idle connection for ("http", 192.168.0.14:8545)
[2m2025-12-10T10:08:51.369893Z[0m [34mDEBUG[0m [2mhyper::proto::h1::io[0m[2m:[0m flushed 250 bytes
[2m2025-12-10T10:08:51.369918Z[0m [34mDEBUG[0m [2mhyper::client::pool[0m[2m:[0m reuse idle connection for ("http", 192.168.0.14:8545)
[2m2025-12-10T10:08:51.369936Z[0m [34mDEBUG[0m [2mhyper::proto::h1::io[0m[2m:[0m flushed 172 bytes
[2m2025-12-10T10:08:51.369961Z[0m [34mDEBUG[0m [2methereum_transaction_pool_monitor::eth_client[0m[2m:[0m 📨 Received WebSocket message: {"jsonrpc":"2.0","method":"eth_subscription","params":{"subscription":"0xbed0a0851463e895960a451075a301a9","result":"0x3851f7d578a9879249be9d3097b1dde5fd37e851055025700d5082b48c64f98b"}}
[2m2025-12-10T10:08:51.370005Z[0m [34mDEBUG[0m [2methereum_transaction_pool_monitor::eth_client[0m[2m:[0m 📨 Received pending transaction: 0x3851f7d578a9879249be9d3097b1dde5fd37e851055025700d5082b48c64f98b
[2m2025-12-10T10:08:51.370019Z[0m [34mDEBUG[0m [2methereum_transaction_pool_monitor::eth_client[0m[2m:[0m 📨 Received WebSocket message: {"jsonrpc":"2.0","method":"eth_subscription","params":{"subscription":"0xbed0a0851463e895960a451075a301a9","result":"0x01a544e55cd00cd09bb62703593bb4a09c132503d687d9942750496c7a131ad7"}}
[2m2025-12-10T10:08:51.370031Z[0m [34mDEBUG[0m [2methereum_transaction_pool_monitor::eth_client[0m[2m:[0m 📨 Received pending transaction: 0x01a544e55cd00cd09bb62703593bb4a09c132503d687d9942750496c7a131ad7
[2m2025-12-10T10:08:51.370040Z[0m [34mDEBUG[0m [2methereum_transaction_pool_monitor::eth_client[0m[2m:[0m 📨 Received WebSocket message: {"jsonrpc":"2.0","method":"eth_subscription","params":{"subscription":"0xbed0a0851463e895960a451075a301a9","result":"0x9d1d50776af20563a3613cf6169fcac5b0dffa8732fdb587a85cc1540cad5ffd"}}
[2m2025-12-10T10:08:51.370051Z[0m [34mDEBUG[0m [2methereum_transaction_pool_monitor::eth_client[0m[2m:[0m 📨 Received pending transaction: 0x9d1d50776af20563a3613cf6169fcac5b0dffa8732fdb587a85cc1540cad5ffd
[2m2025-12-10T10:08:51.370069Z[0m [34mDEBUG[0m [2methereum_transaction_pool_monitor::eth_client[0m[2m:[0m 📨 Received WebSocket message: {"jsonrpc":"2.0","method":"eth_subscription","params":{"subscription":"0xbed0a0851463e895960a451075a301a9","result":"0xb99becc1dc7e588727dc5e92bb359552a6c871d8d7f34d1eae4adad0ee10045b"}}
[2m2025-12-10T10:08:51.370080Z[0m [34mDEBUG[0m [2methereum_transaction_pool_monitor::eth_client[0m[2m:[0m 📨 Received pending transaction: 0xb99becc1dc7e588727dc5e92bb359552a6c871d8d7f34d1eae4adad0ee10045b
[2m2025-12-10T10:08:51.370091Z[0m [34mDEBUG[0m [2methereum_transaction_pool_monitor::eth_client[0m[2m:[0m 📨 Received WebSocket message: {"jsonrpc":"2.0","method":"eth_subscription","params":{"subscription":"0xbed0a0851463e895960a451075a301a9","result":"0x63da8dd7a3dd4beb0088912e8a009689787d57b845a2b652bac3482e00235fbc"}}
[2m2025-12-10T10:08:51.370103Z[0m [34mDEBUG[0m [2methereum_transaction_pool_monitor::eth_client[0m[2m:[0m 📨 Received pending transaction: 0x63da8dd7a3dd4beb0088912e8a009689787d57b845a2b652bac3482e00235fbc
[2m2025-12-10T10:08:51.370113Z[0m [34mDEBUG[0m [2methereum_transaction_pool_monitor::eth_client[0m[2m:[0m 📨 Received WebSocket message: {"jsonrpc":"2.0","method":"eth_subscription","params":{"subscription":"0xbed0a0851463e895960a451075a301a9","result":"0x971035c6f903d485819fcf61306041378299f47d51a83dbb739a342c13748e17"}}
[2m2025-12-10T10:08:51.370124Z[0m [34mDEBUG[0m [2methereum_transaction_pool_monitor::eth_client[0m[2m:[0m 📨 Received pending transaction: 0x971035c6f903d485819fcf61306041378299f47d51a83dbb739a342c13748e17
[2m2025-12-10T10:08:51.376871Z[0m [34mDEBUG[0m [2mhyper::proto::h1::io[0m[2m:[0m parsed 4 headers
[2m2025-12-10T10:08:51.376909Z[0m [34mDEBUG[0m [2mhyper::proto::h1::conn[0m[2m:[0m incoming body is content-length (1100 bytes)
[2m2025-12-10T10:08:51.376928Z[0m [34mDEBUG[0m [2mhyper::proto::h1::conn[0m[2m:[0m incoming body completed
[2m2025-12-10T10:08:51.376951Z[0m [34mDEBUG[0m [2mhyper::client::pool[0m[2m:[0m pooling idle connection for ("http", 192.168.0.14:8545)
[2m2025-12-10T10:08:51.376968Z[0m [34mDEBUG[0m [2methereum_transaction_pool_monitor::eth_client[0m[2m:[0m 📡 Transaction fetch RPC completed in 7.164042ms
[2m2025-12-10T10:08:51.376999Z[0m [34mDEBUG[0m [2methereum_transaction_pool_monitor::eth_client[0m[2m:[0m DeFi transaction detected - Address: 0x7a250d5630b4cf539739df2c5dacb4c659f2488d, Type: DexRouter, Value: 0.0155 ETH, Gas: 0.39 Gwei
[2m2025-12-10T10:08:51.377025Z[0m [34mDEBUG[0m [2methereum_transaction_pool_monitor::eth_client[0m[2m:[0m ✅ Transaction 0x594e88b90b6d3120d483d4b0fcd472cebe7da40d2a3bc881f83a74b267c6069a fetched and parsed in 7.220542ms
[2m2025-12-10T10:08:51.377038Z[0m [34mDEBUG[0m [2methereum_transaction_pool_monitor::mempool_monitor[0m[2m:[0m 🔍 Skipping tx 0x594e88b90b6d3120d483d4b0fcd472cebe7da40d2a3bc881f83a74b267c6069a - not a DEX interaction (target: 0x7a250d5630B4cF539739dF2C5dAcb4c659F2488D)
[2m2025-12-10T10:08:51.377070Z[0m [34mDEBUG[0m [2methereum_transaction_pool_monitor::mempool_monitor[0m[2m:[0m 📨 Processing new pending transaction: 0x0bc858c16b17d855601ad53fa82ef2be873dddfeeca14e8d87e6a84739c0c419
[2m2025-12-10T10:08:51.377080Z[0m [34mDEBUG[0m [2methereum_transaction_pool_monitor::mempool_monitor[0m[2m:[0m 🔍 Fetching transaction details for: 0x0bc858c16b17d855601ad53fa82ef2be873dddfeeca14e8d87e6a84739c0c419
[2m2025-12-10T10:08:51.377085Z[0m [34mDEBUG[0m [2methereum_transaction_pool_monitor::eth_client[0m[2m:[0m 🔍 Fetching transaction details for hash: 0x0bc858c16b17d855601ad53fa82ef2be873dddfeeca14e8d87e6a84739c0c419
[2m2025-12-10T10:08:51.377105Z[0m [34mDEBUG[0m [2mhyper::client::pool[0m[2m:[0m reuse idle connection for ("http", 192.168.0.14:8545)
[2m2025-12-10T10:08:51.377148Z[0m [34mDEBUG[0m [2mhyper::proto::h1::io[0m[2m:[0m flushed 250 bytes
[2m2025-12-10T10:08:51.377163Z[0m [34mDEBUG[0m [2mhyper::proto::h1::io[0m[2m:[0m parsed 4 headers
[2m2025-12-10T10:08:51.377167Z[0m [34mDEBUG[0m [2mhyper::proto::h1::conn[0m[2m:[0m incoming body is content-length (45 bytes)
[2m2025-12-10T10:08:51.377174Z[0m [34mDEBUG[0m [2mhyper::proto::h1::conn[0m[2m:[0m incoming body completed
[2m2025-12-10T10:08:51.377182Z[0m [34mDEBUG[0m [2mhyper::client::pool[0m[2m:[0m pooling idle connection for ("http", 192.168.0.14:8545)
[2m2025-12-10T10:08:51.381536Z[0m [34mDEBUG[0m [2mhyper::proto::h1::io[0m[2m:[0m parsed 4 headers
[2m2025-12-10T10:08:51.381575Z[0m [34mDEBUG[0m [2mhyper::proto::h1::conn[0m[2m:[0m incoming body is content-length (641 bytes)
[2m2025-12-10T10:08:51.381593Z[0m [34mDEBUG[0m [2mhyper::proto::h1::conn[0m[2m:[0m incoming body completed
[2m2025-12-10T10:08:51.381613Z[0m [34mDEBUG[0m [2mhyper::client::pool[0m[2m:[0m pooling idle connection for ("http", 192.168.0.14:8545)
[2m2025-12-10T10:08:51.381627Z[0m [34mDEBUG[0m [2methereum_transaction_pool_monitor::eth_client[0m[2m:[0m 📡 Transaction fetch RPC completed in 4.538208ms
[2m2025-12-10T10:08:51.483216Z[0m [34mDEBUG[0m [2methereum_transaction_pool_monitor::eth_client[0m[2m:[0m ✅ Transaction 0x0bc858c16b17d855601ad53fa82ef2be873dddfeeca14e8d87e6a84739c0c419 fetched and parsed in 106.123333ms
[2m2025-12-10T10:08:51.483241Z[0m [34mDEBUG[0m [2methereum_transaction_pool_monitor::mempool_monitor[0m[2m:[0m 🔍 Skipping tx 0x0bc858c16b17d855601ad53fa82ef2be873dddfeeca14e8d87e6a84739c0c419 - not a DEX interaction (target: 0x6131fE0A75a074E024F320C5C767E73FD128c956)
[2m2025-12-10T10:08:51.483252Z[0m [34mDEBUG[0m [2methereum_transaction_pool_monitor::mempool_monitor[0m[2m:[0m 📨 Processing new pending transaction: 0x3e2950ee81c0882b0c12ffedb18e3882f7e7c16d98eaee630f4ae9ebc8e38eb8
[2m2025-12-10T10:08:51.483256Z[0m [34mDEBUG[0m [2methereum_transaction_pool_monitor::mempool_monitor[0m[2m:[0m 🔍 Fetching transaction details for: 0x3e2950ee81c0882b0c12ffedb18e3882f7e7c16d98eaee630f4ae9ebc8e38eb8
[2m2025-12-10T10:08:51.483260Z[0m [34mDEBUG[0m [2methereum_transaction_pool_monitor::eth_client[0m[2m:[0m 🔍 Fetching transaction details for hash: 0x3e2950ee81c0882b0c12ffedb18e3882f7e7c16d98eaee630f4ae9ebc8e38eb8
[2m2025-12-10T10:08:51.483283Z[0m [34mDEBUG[0m [2mhyper::client::pool[0m[2m:[0m reuse idle connection for ("http", 192.168.0.14:8545)
[2m2025-12-10T10:08:51.483322Z[0m [34mDEBUG[0m [2mhyper::proto::h1::io[0m[2m:[0m flushed 250 bytes
[2m2025-12-10T10:08:51.483342Z[0m [34mDEBUG[0m [2mhyper::client::pool[0m[2m:[0m reuse idle connection for ("http", 192.168.0.14:8545)
[2m2025-12-10T10:08:51.483355Z[0m [34mDEBUG[0m [2mhyper::proto::h1::io[0m[2m:[0m flushed 172 bytes
[2m2025-12-10T10:08:51.483398Z[0m [34mDEBUG[0m [2methereum_transaction_pool_monitor::eth_client[0m[2m:[0m 📨 Received WebSocket message: {"jsonrpc":"2.0","method":"eth_subscription","params":{"subscription":"0xbed0a0851463e895960a451075a301a9","result":"0x428cdb94c85b6f0dbeb1466a96bf701635d7b51fe41e9078cca1bd7a6bcc268b"}}
[2m2025-12-10T10:08:51.483438Z[0m [34mDEBUG[0m [2methereum_transaction_pool_monitor::eth_client[0m[2m:[0m 📨 Received pending transaction: 0x428cdb94c85b6f0dbeb1466a96bf701635d7b51fe41e9078cca1bd7a6bcc268b
[2m2025-12-10T10:08:51.488216Z[0m [34mDEBUG[0m [2mhyper::proto::h1::io[0m[2m:[0m parsed 4 headers
[2m2025-12-10T10:08:51.488249Z[0m [34mDEBUG[0m [2mhyper::proto::h1::conn[0m[2m:[0m incoming body is content-length (45 bytes)
[2m2025-12-10T10:08:51.488266Z[0m [34mDEBUG[0m [2mhyper::proto::h1::conn[0m[2m:[0m incoming body completed
[2m2025-12-10T10:08:51.488285Z[0m [34mDEBUG[0m [2mhyper::client::pool[0m[2m:[0m pooling idle connection for ("http", 192.168.0.14:8545)
[2m2025-12-10T10:08:51.493657Z[0m [34mDEBUG[0m [2mhyper::proto::h1::io[0m[2m:[0m parsed 4 headers
[2m2025-12-10T10:08:51.493692Z[0m [34mDEBUG[0m [2mhyper::proto::h1::conn[0m[2m:[0m incoming body is content-length (4869 bytes)
[2m2025-12-10T10:08:51.493710Z[0m [34mDEBUG[0m [2mhyper::proto::h1::conn[0m[2m:[0m incoming body completed
[2m2025-12-10T10:08:51.493732Z[0m [34mDEBUG[0m [2mhyper::client::pool[0m[2m:[0m pooling idle connection for ("http", 192.168.0.14:8545)
[2m2025-12-10T10:08:51.493749Z[0m [34mDEBUG[0m [2methereum_transaction_pool_monitor::eth_client[0m[2m:[0m 📡 Transaction fetch RPC completed in 10.48575ms
[2m2025-12-10T10:08:51.580808Z[0m [34mDEBUG[0m [2methereum_transaction_pool_monitor::eth_client[0m[2m:[0m ✅ Transaction 0x3e2950ee81c0882b0c12ffedb18e3882f7e7c16d98eaee630f4ae9ebc8e38eb8 fetched and parsed in 97.540209ms
[2m2025-12-10T10:08:51.580837Z[0m [34mDEBUG[0m [2methereum_transaction_pool_monitor::mempool_monitor[0m[2m:[0m 🔍 Skipping tx 0x3e2950ee81c0882b0c12ffedb18e3882f7e7c16d98eaee630f4ae9ebc8e38eb8 - not a DEX interaction (target: 0x5E1f62Dac767b0491e3CE72469C217365D5B48cC)
[2m2025-12-10T10:08:51.580849Z[0m [34mDEBUG[0m [2methereum_transaction_pool_monitor::mempool_monitor[0m[2m:[0m 📨 Processing new pending transaction: 0x7c266f216db63ca6b3dd26281896278153994546353d43342f290b8efea4fe28
[2m2025-12-10T10:08:51.580854Z[0m [34mDEBUG[0m [2methereum_transaction_pool_monitor::mempool_monitor[0m[2m:[0m 🔍 Fetching transaction details for: 0x7c266f216db63ca6b3dd26281896278153994546353d43342f290b8efea4fe28
[2m2025-12-10T10:08:51.580858Z[0m [34mDEBUG[0m [2methereum_transaction_pool_monitor::eth_client[0m[2m:[0m 🔍 Fetching transaction details for hash: 0x7c266f216db63ca6b3dd26281896278153994546353d43342f290b8efea4fe28
[2m2025-12-10T10:08:51.580883Z[0m [34mDEBUG[0m [2mhyper::client::pool[0m[2m:[0m reuse idle connection for ("http", 192.168.0.14:8545)
[2m2025-12-10T10:08:51.580958Z[0m [34mDEBUG[0m [2mhyper::proto::h1::io[0m[2m:[0m flushed 250 bytes
[2m2025-12-10T10:08:51.580982Z[0m [34mDEBUG[0m [2mhyper::client::pool[0m[2m:[0m reuse idle connection for ("http", 192.168.0.14:8545)
[2m2025-12-10T10:08:51.581001Z[0m [34mDEBUG[0m [2mhyper::proto::h1::io[0m[2m:[0m flushed 172 bytes
[2m2025-12-10T10:08:51.581022Z[0m [34mDEBUG[0m [2methereum_transaction_pool_monitor::eth_client[0m[2m:[0m 📨 Received WebSocket message: {"jsonrpc":"2.0","method":"eth_subscription","params":{"subscription":"0xbed0a0851463e895960a451075a301a9","result":"0xc8d1dd6e897b79bedb8af1c360774f21d339c7a3d25fa198c21f4e0cab7569c5"}}
[2m2025-12-10T10:08:51.581058Z[0m [34mDEBUG[0m [2methereum_transaction_pool_monitor::eth_client[0m[2m:[0m 📨 Received pending transaction: 0xc8d1dd6e897b79bedb8af1c360774f21d339c7a3d25fa198c21f4e0cab7569c5
[2m2025-12-10T10:08:51.588030Z[0m [34mDEBUG[0m [2mhyper::proto::h1::io[0m[2m:[0m parsed 4 headers
[2m2025-12-10T10:08:51.588037Z[0m [34mDEBUG[0m [2mhyper::proto::h1::io[0m[2m:[0m parsed 4 headers
[2m2025-12-10T10:08:51.588073Z[0m [34mDEBUG[0m [2mhyper::proto::h1::conn[0m[2m:[0m incoming body is content-length (45 bytes)
[2m2025-12-10T10:08:51.588079Z[0m [34mDEBUG[0m [2mhyper::proto::h1::conn[0m[2m:[0m incoming body is content-length (1731 bytes)
[2m2025-12-10T10:08:51.588093Z[0m [34mDEBUG[0m [2mhyper::proto::h1::conn[0m[2m:[0m incoming body completed
[2m2025-12-10T10:08:51.588094Z[0m [34mDEBUG[0m [2mhyper::proto::h1::conn[0m[2m:[0m incoming body completed
[2m2025-12-10T10:08:51.588118Z[0m [34mDEBUG[0m [2mhyper::client::pool[0m[2m:[0m pooling idle connection for ("http", 192.168.0.14:8545)
[2m2025-12-10T10:08:51.588126Z[0m [34mDEBUG[0m [2mhyper::client::pool[0m[2m:[0m pooling idle connection for ("http", 192.168.0.14:8545)
[2m2025-12-10T10:08:51.588140Z[0m [34mDEBUG[0m [2methereum_transaction_pool_monitor::eth_client[0m[2m:[0m 📡 Transaction fetch RPC completed in 7.277542ms
[2m2025-12-10T10:08:51.597100Z[0m [34mDEBUG[0m [2mhyper::client::pool[0m[2m:[0m reuse idle connection for ("http", 192.168.0.14:8545)
[2m2025-12-10T10:08:51.597257Z[0m [34mDEBUG[0m [2mhyper::proto::h1::io[0m[2m:[0m flushed 172 bytes
[2m2025-12-10T10:08:51.600300Z[0m [34mDEBUG[0m [2mhyper::proto::h1::io[0m[2m:[0m parsed 4 headers
[2m2025-12-10T10:08:51.600338Z[0m [34mDEBUG[0m [2mhyper::proto::h1::conn[0m[2m:[0m incoming body is content-length (45 bytes)
[2m2025-12-10T10:08:51.600356Z[0m [34mDEBUG[0m [2mhyper::proto::h1::conn[0m[2m:[0m incoming body completed
[2m2025-12-10T10:08:51.600379Z[0m [34mDEBUG[0m [2mhyper::client::pool[0m[2m:[0m pooling idle connection for ("http", 192.168.0.14:8545)
[2m2025-12-10T10:08:51.648310Z[0m [34mDEBUG[0m [2methereum_transaction_pool_monitor::eth_client[0m[2m:[0m 📨 Received WebSocket message: {"jsonrpc":"2.0","method":"eth_subscription","params":{"subscription":"0xbed0a0851463e895960a451075a301a9","result":"0x9fb60b767c4a4befca719c871c1e3546ec9f64374e4245acffa3f090953f4d0b"}}
[2m2025-12-10T10:08:51.648361Z[0m [34mDEBUG[0m [2methereum_transaction_pool_monitor::eth_client[0m[2m:[0m 📨 Received pending transaction: 0x9fb60b767c4a4befca719c871c1e3546ec9f64374e4245acffa3f090953f4d0b
[2m2025-12-10T10:08:51.697434Z[0m [34mDEBUG[0m [2mhyper::client::pool[0m[2m:[0m reuse idle connection for ("http", 192.168.0.14:8545)
[2m2025-12-10T10:08:51.697598Z[0m [34mDEBUG[0m [2mhyper::proto::h1::io[0m[2m:[0m flushed 172 bytes
[2m2025-12-10T10:08:51.701304Z[0m [34mDEBUG[0m [2mhyper::proto::h1::io[0m[2m:[0m parsed 4 headers
[2m2025-12-10T10:08:51.701340Z[0m [34mDEBUG[0m [2mhyper::proto::h1::conn[0m[2m:[0m incoming body is content-length (45 bytes)
[2m2025-12-10T10:08:51.701358Z[0m [34mDEBUG[0m [2mhyper::proto::h1::conn[0m[2m:[0m incoming body completed
[2m2025-12-10T10:08:51.701380Z[0m [34mDEBUG[0m [2mhyper::client::pool[0m[2m:[0m pooling idle connection for ("http", 192.168.0.14:8545)
[2m2025-12-10T10:08:51.734950Z[0m [34mDEBUG[0m [2methereum_transaction_pool_monitor::eth_client[0m[2m:[0m 📨 Received WebSocket message: {"jsonrpc":"2.0","method":"eth_subscription","params":{"subscription":"0xbed0a0851463e895960a451075a301a9","result":"0xbd8c5a34783f4b91d48600115e56ce4a1725d4ca460a9690a9cce67711e00c89"}}
[2m2025-12-10T10:08:51.734997Z[0m [34mDEBUG[0m [2methereum_transaction_pool_monitor::eth_client[0m[2m:[0m 📨 Received pending transaction: 0xbd8c5a34783f4b91d48600115e56ce4a1725d4ca460a9690a9cce67711e00c89
[2m2025-12-10T10:08:51.735909Z[0m [34mDEBUG[0m [2methereum_transaction_pool_monitor::eth_client[0m[2m:[0m 📨 Received WebSocket message: {"jsonrpc":"2.0","method":"eth_subscription","params":{"subscription":"0xbed0a0851463e895960a451075a301a9","result":"0xdcc0d9ce333ff030191533dfb6c98ff7f667e889a420dbd62182e3356e6cca16"}}
[2m2025-12-10T10:08:51.735951Z[0m [34mDEBUG[0m [2methereum_transaction_pool_monitor::eth_client[0m[2m:[0m 📨 Received pending transaction: 0xdcc0d9ce333ff030191533dfb6c98ff7f667e889a420dbd62182e3356e6cca16
[2m2025-12-10T10:08:51.750674Z[0m [34mDEBUG[0m [2methereum_transaction_pool_monitor::eth_client[0m[2m:[0m 📨 Received WebSocket message: {"jsonrpc":"2.0","method":"eth_subscription","params":{"subscription":"0xbed0a0851463e895960a451075a301a9","result":"0x14ced67a29538985229aaac3342fca195da8a629352504a0340ff25dd53702c7"}}
[2m2025-12-10T10:08:51.750723Z[0m [34mDEBUG[0m [2methereum_transaction_pool_monitor::eth_client[0m[2m:[0m 📨 Received pending transaction: 0x14ced67a29538985229aaac3342fca195da8a629352504a0340ff25dd53702c7
[2m2025-12-10T10:08:51.775278Z[0m [34mDEBUG[0m [2methereum_transaction_pool_monitor::eth_client[0m[2m:[0m ✅ Transaction 0x7c266f216db63ca6b3dd26281896278153994546353d43342f290b8efea4fe28 fetched and parsed in 194.410875ms
[2m2025-12-10T10:08:51.775310Z[0m [34mDEBUG[0m [2methereum_transaction_pool_monitor::mempool_monitor[0m[2m:[0m 🔍 Skipping tx 0x7c266f216db63ca6b3dd26281896278153994546353d43342f290b8efea4fe28 - not a DEX interaction (target: 0x601a2aD6CB5949f0529735254189Ba3194221EDF)
[2m2025-12-10T10:08:51.775321Z[0m [34mDEBUG[0m [2methereum_transaction_pool_monitor::mempool_monitor[0m[2m:[0m 📨 Processing new pending transaction: 0xa27b96422ae7eaede26507de4563f777529299ad4762ec0e822c89ea0cf7bda0
[2m2025-12-10T10:08:51.775327Z[0m [34mDEBUG[0m [2methereum_transaction_pool_monitor::mempool_monitor[0m[2m:[0m 🔍 Fetching transaction details for: 0xa27b96422ae7eaede26507de4563f777529299ad4762ec0e822c89ea0cf7bda0
[2m2025-12-10T10:08:51.775331Z[0m [34mDEBUG[0m [2methereum_transaction_pool_monitor::eth_client[0m[2m:[0m 🔍 Fetching transaction details for hash: 0xa27b96422ae7eaede26507de4563f777529299ad4762ec0e822c89ea0cf7bda0
[2m2025-12-10T10:08:51.775357Z[0m [34mDEBUG[0m [2mhyper::client::pool[0m[2m:[0m reuse idle connection for ("http", 192.168.0.14:8545)
[2m2025-12-10T10:08:51.775422Z[0m [34mDEBUG[0m [2mhyper::proto::h1::io[0m[2m:[0m flushed 250 bytes
[2m2025-12-10T10:08:51.784714Z[0m [34mDEBUG[0m [2mhyper::proto::h1::io[0m[2m:[0m parsed 4 headers
[2m2025-12-10T10:08:51.784747Z[0m [34mDEBUG[0m [2mhyper::proto::h1::conn[0m[2m:[0m incoming body is content-length (1730 bytes)
[2m2025-12-10T10:08:51.784765Z[0m [34mDEBUG[0m [2mhyper::proto::h1::conn[0m[2m:[0m incoming body completed
[2m2025-12-10T10:08:51.784791Z[0m [34mDEBUG[0m [2mhyper::client::pool[0m[2m:[0m pooling idle connection for ("http", 192.168.0.14:8545)
[2m2025-12-10T10:08:51.784807Z[0m [34mDEBUG[0m [2methereum_transaction_pool_monitor::eth_client[0m[2m:[0m 📡 Transaction fetch RPC completed in 9.471459ms
[2m2025-12-10T10:08:51.881612Z[0m [34mDEBUG[0m [2methereum_transaction_pool_monitor::eth_client[0m[2m:[0m ✅ Transaction 0xa27b96422ae7eaede26507de4563f777529299ad4762ec0e822c89ea0cf7bda0 fetched and parsed in 106.271959ms
[2m2025-12-10T10:08:51.881640Z[0m [34mDEBUG[0m [2methereum_transaction_pool_monitor::mempool_monitor[0m[2m:[0m 🔍 Skipping tx 0xa27b96422ae7eaede26507de4563f777529299ad4762ec0e822c89ea0cf7bda0 - not a DEX interaction (target: 0x601a2aD6CB5949f0529735254189Ba3194221EDF)
[2m2025-12-10T10:08:51.881649Z[0m [34mDEBUG[0m [2methereum_transaction_pool_monitor::mempool_monitor[0m[2m:[0m 📨 Processing new pending transaction: 0x351e8ce39edffc3f488afa4b8bad4ac8de29e84d619ac43b7ff5fc01e9780f41
[2m2025-12-10T10:08:51.881654Z[0m [34mDEBUG[0m [2methereum_transaction_pool_monitor::mempool_monitor[0m[2m:[0m 🔍 Fetching transaction details for: 0x351e8ce39edffc3f488afa4b8bad4ac8de29e84d619ac43b7ff5fc01e9780f41
[2m2025-12-10T10:08:51.881658Z[0m [34mDEBUG[0m [2methereum_transaction_pool_monitor::eth_client[0m[2m:[0m 🔍 Fetching transaction details for hash: 0x351e8ce39edffc3f488afa4b8bad4ac8de29e84d619ac43b7ff5fc01e9780f41
[2m2025-12-10T10:08:51.881683Z[0m [34mDEBUG[0m [2mhyper::client::pool[0m[2m:[0m reuse idle connection for ("http", 192.168.0.14:8545)
[2m2025-12-10T10:08:51.881744Z[0m [34mDEBUG[0m [2mhyper::proto::h1::io[0m[2m:[0m flushed 250 bytes
[2m2025-12-10T10:08:51.881797Z[0m [34mDEBUG[0m [2mhyper::client::pool[0m[2m:[0m reuse idle connection for ("http", 192.168.0.14:8545)
[2m2025-12-10T10:08:51.881880Z[0m [34mDEBUG[0m [2mhyper::proto::h1::io[0m[2m:[0m flushed 172 bytes
[2m2025-12-10T10:08:51.886328Z[0m [34mDEBUG[0m [2mhyper::proto::h1::io[0m[2m:[0m parsed 4 headers
[2m2025-12-10T10:08:51.886362Z[0m [34mDEBUG[0m [2mhyper::proto::h1::conn[0m[2m:[0m incoming body is content-length (767 bytes)
[2m2025-12-10T10:08:51.886379Z[0m [34mDEBUG[0m [2mhyper::proto::h1::conn[0m[2m:[0m incoming body completed
[2m2025-12-10T10:08:51.886399Z[0m [34mDEBUG[0m [2mhyper::client::pool[0m[2m:[0m pooling idle connection for ("http", 192.168.0.14:8545)
[2m2025-12-10T10:08:51.886414Z[0m [34mDEBUG[0m [2methereum_transaction_pool_monitor::eth_client[0m[2m:[0m 📡 Transaction fetch RPC completed in 4.751375ms
[2m2025-12-10T10:08:52.008611Z[0m [34mDEBUG[0m [2methereum_transaction_pool_monitor::eth_client[0m[2m:[0m ✅ Transaction 0x351e8ce39edffc3f488afa4b8bad4ac8de29e84d619ac43b7ff5fc01e9780f41 fetched and parsed in 126.944292ms
[2m2025-12-10T10:08:52.008643Z[0m [34mDEBUG[0m [2methereum_transaction_pool_monitor::mempool_monitor[0m[2m:[0m 🔍 Skipping tx 0x351e8ce39edffc3f488afa4b8bad4ac8de29e84d619ac43b7ff5fc01e9780f41 - not a DEX interaction (target: 0x6982508145454Ce325dDbE47a25d4ec3d2311933)
[2m2025-12-10T10:08:52.008670Z[0m [34mDEBUG[0m [2methereum_transaction_pool_monitor::mempool_monitor[0m[2m:[0m 📨 Processing new pending transaction: 0xa927291c8fe9dd58aff903cfa133feef73a47091c479599125cada0b1dd2b743
[2m2025-12-10T10:08:52.008676Z[0m [34mDEBUG[0m [2methereum_transaction_pool_monitor::mempool_monitor[0m[2m:[0m 🔍 Fetching transaction details for: 0xa927291c8fe9dd58aff903cfa133feef73a47091c479599125cada0b1dd2b743
[2m2025-12-10T10:08:52.008696Z[0m [34mDEBUG[0m [2methereum_transaction_pool_monitor::eth_client[0m[2m:[0m 🔍 Fetching transaction details for hash: 0xa927291c8fe9dd58aff903cfa133feef73a47091c479599125cada0b1dd2b743
[2m2025-12-10T10:08:52.008727Z[0m [34mDEBUG[0m [2mhyper::client::pool[0m[2m:[0m reuse idle connection for ("http", 192.168.0.14:8545)
[2m2025-12-10T10:08:52.008779Z[0m [34mDEBUG[0m [2mhyper::proto::h1::io[0m[2m:[0m flushed 250 bytes
[2m2025-12-10T10:08:52.008802Z[0m [34mDEBUG[0m [2mhyper::proto::h1::io[0m[2m:[0m parsed 4 headers
[2m2025-12-10T10:08:52.008806Z[0m [34mDEBUG[0m [2mhyper::proto::h1::conn[0m[2m:[0m incoming body is content-length (45 bytes)
[2m2025-12-10T10:08:52.008815Z[0m [34mDEBUG[0m [2mhyper::proto::h1::conn[0m[2m:[0m incoming body completed
[2m2025-12-10T10:08:52.008828Z[0m [34mDEBUG[0m [2mhyper::client::pool[0m[2m:[0m pooling idle connection for ("http", 192.168.0.14:8545)
[2m2025-12-10T10:08:52.008866Z[0m [34mDEBUG[0m [2mhyper::client::pool[0m[2m:[0m reuse idle connection for ("http", 192.168.0.14:8545)
[2m2025-12-10T10:08:52.008886Z[0m [34mDEBUG[0m [2mhyper::proto::h1::io[0m[2m:[0m flushed 172 bytes
[2m2025-12-10T10:08:52.013068Z[0m [34mDEBUG[0m [2mhyper::proto::h1::io[0m[2m:[0m parsed 4 headers
[2m2025-12-10T10:08:52.013128Z[0m [34mDEBUG[0m [2mhyper::proto::h1::conn[0m[2m:[0m incoming body is content-length (45 bytes)
[2m2025-12-10T10:08:52.013146Z[0m [34mDEBUG[0m [2mhyper::proto::h1::conn[0m[2m:[0m incoming body completed
[2m2025-12-10T10:08:52.013161Z[0m [34mDEBUG[0m [2mhyper::proto::h1::io[0m[2m:[0m parsed 4 headers
[2m2025-12-10T10:08:52.013170Z[0m [34mDEBUG[0m [2mhyper::client::pool[0m[2m:[0m pooling idle connection for ("http", 192.168.0.14:8545)
[2m2025-12-10T10:08:52.013180Z[0m [34mDEBUG[0m [2mhyper::proto::h1::conn[0m[2m:[0m incoming body is content-length (553 bytes)
[2m2025-12-10T10:08:52.013207Z[0m [34mDEBUG[0m [2mhyper::proto::h1::conn[0m[2m:[0m incoming body completed
[2m2025-12-10T10:08:52.013222Z[0m [34mDEBUG[0m [2mhyper::client::pool[0m[2m:[0m pooling idle connection for ("http", 192.168.0.14:8545)
[2m2025-12-10T10:08:52.013230Z[0m [34mDEBUG[0m [2mhyper::client::pool[0m[2m:[0m reuse idle connection for ("http", 192.168.0.14:8545)
[2m2025-12-10T10:08:52.013231Z[0m [34mDEBUG[0m [2methereum_transaction_pool_monitor::eth_client[0m[2m:[0m 📡 Transaction fetch RPC completed in 4.527875ms
[2m2025-12-10T10:08:52.013295Z[0m [34mDEBUG[0m [2mhyper::proto::h1::io[0m[2m:[0m flushed 172 bytes
[2m2025-12-10T10:08:52.018188Z[0m [34mDEBUG[0m [2mhyper::proto::h1::io[0m[2m:[0m parsed 4 headers
[2m2025-12-10T10:08:52.018211Z[0m [34mDEBUG[0m [2mhyper::proto::h1::conn[0m[2m:[0m incoming body is content-length (45 bytes)
[2m2025-12-10T10:08:52.018221Z[0m [34mDEBUG[0m [2mhyper::proto::h1::conn[0m[2m:[0m incoming body completed
[2m2025-12-10T10:08:52.018233Z[0m [34mDEBUG[0m [2mhyper::client::pool[0m[2m:[0m pooling idle connection for ("http", 192.168.0.14:8545)
[2m2025-12-10T10:08:52.084494Z[0m [34mDEBUG[0m [2methereum_transaction_pool_monitor::eth_client[0m[2m:[0m 📨 Received WebSocket message: {"jsonrpc":"2.0","method":"eth_subscription","params":{"subscription":"0xbed0a0851463e895960a451075a301a9","result":"0x54bd5b66f2658cbd7342a4d2c111eebf08e1757177f67706f802ba860f936dab"}}
[2m2025-12-10T10:08:52.084568Z[0m [34mDEBUG[0m [2methereum_transaction_pool_monitor::eth_client[0m[2m:[0m 📨 Received pending transaction: 0x54bd5b66f2658cbd7342a4d2c111eebf08e1757177f67706f802ba860f936dab
[2m2025-12-10T10:08:52.096648Z[0m [34mDEBUG[0m [2mhyper::client::pool[0m[2m:[0m reuse idle connection for ("http", 192.168.0.14:8545)
[2m2025-12-10T10:08:52.096795Z[0m [34mDEBUG[0m [2mhyper::proto::h1::io[0m[2m:[0m flushed 172 bytes
[2m2025-12-10T10:08:52.103026Z[0m [34mDEBUG[0m [2mhyper::proto::h1::io[0m[2m:[0m parsed 4 headers
[2m2025-12-10T10:08:52.103083Z[0m [34mDEBUG[0m [2mhyper::proto::h1::conn[0m[2m:[0m incoming body is content-length (45 bytes)
[2m2025-12-10T10:08:52.103114Z[0m [34mDEBUG[0m [2mhyper::proto::h1::conn[0m[2m:[0m incoming body completed
[2m2025-12-10T10:08:52.103138Z[0m [34mDEBUG[0m [2mhyper::client::pool[0m[2m:[0m pooling idle connection for ("http", 192.168.0.14:8545)
[2m2025-12-10T10:08:52.124801Z[0m [34mDEBUG[0m [2methereum_transaction_pool_monitor::eth_client[0m[2m:[0m 📨 Received WebSocket message: {"jsonrpc":"2.0","method":"eth_subscription","params":{"subscription":"0xbed0a0851463e895960a451075a301a9","result":"0xb49165f8bfcd362cdec6ac22538b2daca28cecc51b5b49a0254108fdacb8d67b"}}
[2m2025-12-10T10:08:52.124861Z[0m [34mDEBUG[0m [2methereum_transaction_pool_monitor::eth_client[0m[2m:[0m 📨 Received pending transaction: 0xb49165f8bfcd362cdec6ac22538b2daca28cecc51b5b49a0254108fdacb8d67b
[2m2025-12-10T10:08:52.129557Z[0m [34mDEBUG[0m [2methereum_transaction_pool_monitor::eth_client[0m[2m:[0m ✅ Transaction 0xa927291c8fe9dd58aff903cfa133feef73a47091c479599125cada0b1dd2b743 fetched and parsed in 120.849458ms
[2m2025-12-10T10:08:52.129579Z[0m [34mDEBUG[0m [2methereum_transaction_pool_monitor::mempool_monitor[0m[2m:[0m 🔍 Skipping tx 0xa927291c8fe9dd58aff903cfa133feef73a47091c479599125cada0b1dd2b743 - not a DEX interaction (target: 0x4864CB4F2C6B31d220b9399C3577be820d7a6b23)
[2m2025-12-10T10:08:52.129590Z[0m [34mDEBUG[0m [2methereum_transaction_pool_monitor::mempool_monitor[0m[2m:[0m 📨 Processing new pending transaction: 0x45bae6b70c549c4ee6ce4bcebfea5f9a006ba9d74109cc1c5941bfeea752c57e
[2m2025-12-10T10:08:52.129595Z[0m [34mDEBUG[0m [2methereum_transaction_pool_monitor::mempool_monitor[0m[2m:[0m 🔍 Fetching transaction details for: 0x45bae6b70c549c4ee6ce4bcebfea5f9a006ba9d74109cc1c5941bfeea752c57e
[2m2025-12-10T10:08:52.129599Z[0m [34mDEBUG[0m [2methereum_transaction_pool_monitor::eth_client[0m[2m:[0m 🔍 Fetching transaction details for hash: 0x45bae6b70c549c4ee6ce4bcebfea5f9a006ba9d74109cc1c5941bfeea752c57e
[2m2025-12-10T10:08:52.129622Z[0m [34mDEBUG[0m [2mhyper::client::pool[0m[2m:[0m reuse idle connection for ("http", 192.168.0.14:8545)
[2m2025-12-10T10:08:52.129679Z[0m [34mDEBUG[0m [2mhyper::proto::h1::io[0m[2m:[0m flushed 250 bytes
[2m2025-12-10T10:08:52.133580Z[0m [34mDEBUG[0m [2mhyper::proto::h1::io[0m[2m:[0m parsed 4 headers
[2m2025-12-10T10:08:52.133618Z[0m [34mDEBUG[0m [2mhyper::proto::h1::conn[0m[2m:[0m incoming body is content-length (910 bytes)
[2m2025-12-10T10:08:52.133636Z[0m [34mDEBUG[0m [2mhyper::proto::h1::conn[0m[2m:[0m incoming body completed
[2m2025-12-10T10:08:52.133658Z[0m [34mDEBUG[0m [2mhyper::client::pool[0m[2m:[0m pooling idle connection for ("http", 192.168.0.14:8545)
[2m2025-12-10T10:08:52.133674Z[0m [34mDEBUG[0m [2methereum_transaction_pool_monitor::eth_client[0m[2m:[0m 📡 Transaction fetch RPC completed in 4.070125ms
[2m2025-12-10T10:08:52.218870Z[0m [34mDEBUG[0m [2methereum_transaction_pool_monitor::eth_client[0m[2m:[0m ✅ Transaction 0x45bae6b70c549c4ee6ce4bcebfea5f9a006ba9d74109cc1c5941bfeea752c57e fetched and parsed in 89.262875ms
[2m2025-12-10T10:08:52.218896Z[0m [34mDEBUG[0m [2methereum_transaction_pool_monitor::mempool_monitor[0m[2m:[0m 🔍 Skipping tx 0x45bae6b70c549c4ee6ce4bcebfea5f9a006ba9d74109cc1c5941bfeea752c57e - not a DEX interaction (target: 0x111111125421cA6dc452d289314280a0f8842A65)
[2m2025-12-10T10:08:52.218906Z[0m [34mDEBUG[0m [2methereum_transaction_pool_monitor::mempool_monitor[0m[2m:[0m 📨 Processing new pending transaction: 0xf4af42f301130cf1c49b847ab0f24589b76f3cdb1c5bbaf9802eb5fcc9e59168
[2m2025-12-10T10:08:52.218910Z[0m [34mDEBUG[0m [2methereum_transaction_pool_monitor::mempool_monitor[0m[2m:[0m 🔍 Fetching transaction details for: 0xf4af42f301130cf1c49b847ab0f24589b76f3cdb1c5bbaf9802eb5fcc9e59168
[2m2025-12-10T10:08:52.218914Z[0m [34mDEBUG[0m [2methereum_transaction_pool_monitor::eth_client[0m[2m:[0m 🔍 Fetching transaction details for hash: 0xf4af42f301130cf1c49b847ab0f24589b76f3cdb1c5bbaf9802eb5fcc9e59168
[2m2025-12-10T10:08:52.218937Z[0m [34mDEBUG[0m [2mhyper::client::pool[0m[2m:[0m reuse idle connection for ("http", 192.168.0.14:8545)
[2m2025-12-10T10:08:52.218983Z[0m [34mDEBUG[0m [2mhyper::proto::h1::io[0m[2m:[0m flushed 250 bytes
[2m2025-12-10T10:08:52.219003Z[0m [34mDEBUG[0m [2mhyper::client::pool[0m[2m:[0m reuse idle connection for ("http", 192.168.0.14:8545)
[2m2025-12-10T10:08:52.219019Z[0m [34mDEBUG[0m [2mhyper::proto::h1::io[0m[2m:[0m flushed 172 bytes
[2m2025-12-10T10:08:52.219038Z[0m [34mDEBUG[0m [2methereum_transaction_pool_monitor::eth_client[0m[2m:[0m 📨 Received WebSocket message: {"jsonrpc":"2.0","method":"eth_subscription","params":{"subscription":"0xbed0a0851463e895960a451075a301a9","result":"0x3df28f30e3fabc6514b5e7dcb53b3c6e9ac83ce4be6fc77b6dae2b5fabff5f64"}}
[2m2025-12-10T10:08:52.219071Z[0m [34mDEBUG[0m [2methereum_transaction_pool_monitor::eth_client[0m[2m:[0m 📨 Received pending transaction: 0x3df28f30e3fabc6514b5e7dcb53b3c6e9ac83ce4be6fc77b6dae2b5fabff5f64
[2m2025-12-10T10:08:52.224319Z[0m [34mDEBUG[0m [2mhyper::proto::h1::io[0m[2m:[0m parsed 4 headers
[2m2025-12-10T10:08:52.224358Z[0m [34mDEBUG[0m [2mhyper::proto::h1::conn[0m[2m:[0m incoming body is content-length (2760 bytes)
[2m2025-12-10T10:08:52.224388Z[0m [34mDEBUG[0m [2methereum_transaction_pool_monitor::eth_client[0m[2m:[0m 📡 Transaction fetch RPC completed in 5.469334ms
[2m2025-12-10T10:08:52.224857Z[0m [34mDEBUG[0m [2mhyper::proto::h1::conn[0m[2m:[0m incoming body completed
[2m2025-12-10T10:08:52.224886Z[0m [34mDEBUG[0m [2mhyper::client::pool[0m[2m:[0m pooling idle connection for ("http", 192.168.0.14:8545)
[2m2025-12-10T10:08:52.224911Z[0m [34mDEBUG[0m [2mhyper::proto::h1::io[0m[2m:[0m parsed 4 headers
[2m2025-12-10T10:08:52.224923Z[0m [34mDEBUG[0m [2mhyper::proto::h1::conn[0m[2m:[0m incoming body is content-length (45 bytes)
[2m2025-12-10T10:08:52.224934Z[0m [34mDEBUG[0m [2mhyper::proto::h1::conn[0m[2m:[0m incoming body completed
[2m2025-12-10T10:08:52.224948Z[0m [34mDEBUG[0m [2mhyper::client::pool[0m[2m:[0m pooling idle connection for ("http", 192.168.0.14:8545)
[2m2025-12-10T10:08:52.286302Z[0m [34mDEBUG[0m [2methereum_transaction_pool_monitor::eth_client[0m[2m:[0m 📨 Received WebSocket message: {"jsonrpc":"2.0","method":"eth_subscription","params":{"subscription":"0xbed0a0851463e895960a451075a301a9","result":"0xd4ad5d28aafb5b97f1baaa517ff9439c5c8633f39cfbf5001119a2136ed426e0"}}
[2m2025-12-10T10:08:52.286351Z[0m [34mDEBUG[0m [2methereum_transaction_pool_monitor::eth_client[0m[2m:[0m 📨 Received pending transaction: 0xd4ad5d28aafb5b97f1baaa517ff9439c5c8633f39cfbf5001119a2136ed426e0
[2m2025-12-10T10:08:52.297417Z[0m [34mDEBUG[0m [2mhyper::client::pool[0m[2m:[0m reuse idle connection for ("http", 192.168.0.14:8545)
[2m2025-12-10T10:08:52.297566Z[0m [34mDEBUG[0m [2mhyper::proto::h1::io[0m[2m:[0m flushed 172 bytes
[2m2025-12-10T10:08:52.300836Z[0m [34mDEBUG[0m [2mhyper::proto::h1::io[0m[2m:[0m parsed 4 headers
[2m2025-12-10T10:08:52.300881Z[0m [34mDEBUG[0m [2mhyper::proto::h1::conn[0m[2m:[0m incoming body is content-length (45 bytes)
[2m2025-12-10T10:08:52.300899Z[0m [34mDEBUG[0m [2mhyper::proto::h1::conn[0m[2m:[0m incoming body completed
[2m2025-12-10T10:08:52.300920Z[0m [34mDEBUG[0m [2mhyper::client::pool[0m[2m:[0m pooling idle connection for ("http", 192.168.0.14:8545)
[2m2025-12-10T10:08:52.316487Z[0m [34mDEBUG[0m [2methereum_transaction_pool_monitor::eth_client[0m[2m:[0m ✅ Transaction 0xf4af42f301130cf1c49b847ab0f24589b76f3cdb1c5bbaf9802eb5fcc9e59168 fetched and parsed in 97.566292ms
[2m2025-12-10T10:08:52.316517Z[0m [34mDEBUG[0m [2methereum_transaction_pool_monitor::mempool_monitor[0m[2m:[0m 🔍 Skipping tx 0xf4af42f301130cf1c49b847ab0f24589b76f3cdb1c5bbaf9802eb5fcc9e59168 - not a DEX interaction (target: 0xA9D1e08C7793af67e9d92fe308d5697FB81d3E43)
[2m2025-12-10T10:08:52.316526Z[0m [34mDEBUG[0m [2methereum_transaction_pool_monitor::mempool_monitor[0m[2m:[0m 📨 Processing new pending transaction: 0x40aebcea6408b1f25d46bfe2d11b68dccc95b5007dc6b8ab30ac9baee831b274
[2m2025-12-10T10:08:52.316531Z[0m [34mDEBUG[0m [2methereum_transaction_pool_monitor::mempool_monitor[0m[2m:[0m 🔍 Fetching transaction details for: 0x40aebcea6408b1f25d46bfe2d11b68dccc95b5007dc6b8ab30ac9baee831b274
[2m2025-12-10T10:08:52.316535Z[0m [34mDEBUG[0m [2methereum_transaction_pool_monitor::eth_client[0m[2m:[0m 🔍 Fetching transaction details for hash: 0x40aebcea6408b1f25d46bfe2d11b68dccc95b5007dc6b8ab30ac9baee831b274
[2m2025-12-10T10:08:52.316556Z[0m [34mDEBUG[0m [2mhyper::client::pool[0m[2m:[0m reuse idle connection for ("http", 192.168.0.14:8545)
[2m2025-12-10T10:08:52.316616Z[0m [34mDEBUG[0m [2mhyper::proto::h1::io[0m[2m:[0m flushed 250 bytes
[2m2025-12-10T10:08:52.323205Z[0m [34mDEBUG[0m [2mhyper::proto::h1::io[0m[2m:[0m parsed 4 headers
[2m2025-12-10T10:08:52.323244Z[0m [34mDEBUG[0m [2mhyper::proto::h1::conn[0m[2m:[0m incoming body is content-length (641 bytes)
[2m2025-12-10T10:08:52.323261Z[0m [34mDEBUG[0m [2mhyper::proto::h1::conn[0m[2m:[0m incoming body completed
[2m2025-12-10T10:08:52.323282Z[0m [34mDEBUG[0m [2mhyper::client::pool[0m[2m:[0m pooling idle connection for ("http", 192.168.0.14:8545)
[2m2025-12-10T10:08:52.323302Z[0m [34mDEBUG[0m [2methereum_transaction_pool_monitor::eth_client[0m[2m:[0m 📡 Transaction fetch RPC completed in 6.7625ms
[2m2025-12-10T10:08:52.404311Z[0m [34mDEBUG[0m [2methereum_transaction_pool_monitor::eth_client[0m[2m:[0m ✅ Transaction 0x40aebcea6408b1f25d46bfe2d11b68dccc95b5007dc6b8ab30ac9baee831b274 fetched and parsed in 87.768125ms
[2m2025-12-10T10:08:52.404338Z[0m [34mDEBUG[0m [2methereum_transaction_pool_monitor::mempool_monitor[0m[2m:[0m 🔍 Skipping tx 0x40aebcea6408b1f25d46bfe2d11b68dccc95b5007dc6b8ab30ac9baee831b274 - not a DEX interaction (target: 0xf0949973B3D601fD61B36a3087E29dF3d482a106)
[2m2025-12-10T10:08:52.404348Z[0m [34mDEBUG[0m [2methereum_transaction_pool_monitor::mempool_monitor[0m[2m:[0m 📨 Processing new pending transaction: 0xff54ce2de51e9eb7828c2dce5aa7f8b01d01d36d8124b7a56fb9f32b925cee51
[2m2025-12-10T10:08:52.404352Z[0m [34mDEBUG[0m [2methereum_transaction_pool_monitor::mempool_monitor[0m[2m:[0m 🔍 Fetching transaction details for: 0xff54ce2de51e9eb7828c2dce5aa7f8b01d01d36d8124b7a56fb9f32b925cee51
[2m2025-12-10T10:08:52.404356Z[0m [34mDEBUG[0m [2methereum_transaction_pool_monitor::eth_client[0m[2m:[0m 🔍 Fetching transaction details for hash: 0xff54ce2de51e9eb7828c2dce5aa7f8b01d01d36d8124b7a56fb9f32b925cee51
[2m2025-12-10T10:08:52.404382Z[0m [34mDEBUG[0m [2mhyper::client::pool[0m[2m:[0m reuse idle connection for ("http", 192.168.0.14:8545)
[2m2025-12-10T10:08:52.404462Z[0m [34mDEBUG[0m [2mhyper::proto::h1::io[0m[2m:[0m flushed 250 bytes
[2m2025-12-10T10:08:52.404486Z[0m [34mDEBUG[0m [2mhyper::client::pool[0m[2m:[0m reuse idle connection for ("http", 192.168.0.14:8545)
[2m2025-12-10T10:08:52.404504Z[0m [34mDEBUG[0m [2mhyper::proto::h1::io[0m[2m:[0m flushed 172 bytes
[2m2025-12-10T10:08:52.404519Z[0m [34mDEBUG[0m [2methereum_transaction_pool_monitor::eth_client[0m[2m:[0m 📨 Received WebSocket message: {"jsonrpc":"2.0","method":"eth_subscription","params":{"subscription":"0xbed0a0851463e895960a451075a301a9","result":"0x98489b84dd2cb686ab56d2661b1686b4b04667015248854aeb59ab9d0a7c7411"}}
[2m2025-12-10T10:08:52.404527Z[0m [34mDEBUG[0m [2methereum_transaction_pool_monitor::eth_client[0m[2m:[0m 📨 Received pending transaction: 0x98489b84dd2cb686ab56d2661b1686b4b04667015248854aeb59ab9d0a7c7411
[2m2025-12-10T10:08:52.408640Z[0m [34mDEBUG[0m [2mhyper::proto::h1::io[0m[2m:[0m parsed 4 headers
[2m2025-12-10T10:08:52.408662Z[0m [34mDEBUG[0m [2mhyper::proto::h1::conn[0m[2m:[0m incoming body is content-length (766 bytes)
[2m2025-12-10T10:08:52.408673Z[0m [34mDEBUG[0m [2mhyper::proto::h1::conn[0m[2m:[0m incoming body completed
[2m2025-12-10T10:08:52.408687Z[0m [34mDEBUG[0m [2mhyper::client::pool[0m[2m:[0m pooling idle connection for ("http", 192.168.0.14:8545)
[2m2025-12-10T10:08:52.408696Z[0m [34mDEBUG[0m [2methereum_transaction_pool_monitor::eth_client[0m[2m:[0m 📡 Transaction fetch RPC completed in 4.335ms
[2m2025-12-10T10:08:52.408716Z[0m [34mDEBUG[0m [2methereum_transaction_pool_monitor::eth_client[0m[2m:[0m DeFi transaction detected - Address: 0xdac17f958d2ee523a2206206994597c13d831ec7, Type: Stablecoin, Value: 0 ETH, Gas: 0.39 Gwei
[2m2025-12-10T10:08:52.408729Z[0m [34mDEBUG[0m [2methereum_transaction_pool_monitor::eth_client[0m[2m:[0m ✅ Transaction 0xff54ce2de51e9eb7828c2dce5aa7f8b01d01d36d8124b7a56fb9f32b925cee51 fetched and parsed in 4.368417ms
[2m2025-12-10T10:08:52.408736Z[0m [34mDEBUG[0m [2methereum_transaction_pool_monitor::mempool_monitor[0m[2m:[0m 🔍 Skipping tx 0xff54ce2de51e9eb7828c2dce5aa7f8b01d01d36d8124b7a56fb9f32b925cee51 - not a DEX interaction (target: 0xdAC17F958D2ee523a2206206994597C13D831ec7)
[2m2025-12-10T10:08:52.408744Z[0m [34mDEBUG[0m [2methereum_transaction_pool_monitor::mempool_monitor[0m[2m:[0m 📨 Processing new pending transaction: 0xe08885ab4ca10bcada0de286dabdfe165fcd303d5d149e5665f31885d4940b5c
[2m2025-12-10T10:08:52.408747Z[0m [34mDEBUG[0m [2methereum_transaction_pool_monitor::mempool_monitor[0m[2m:[0m 🔍 Fetching transaction details for: 0xe08885ab4ca10bcada0de286dabdfe165fcd303d5d149e5665f31885d4940b5c
[2m2025-12-10T10:08:52.408751Z[0m [34mDEBUG[0m [2methereum_transaction_pool_monitor::eth_client[0m[2m:[0m 🔍 Fetching transaction details for hash: 0xe08885ab4ca10bcada0de286dabdfe165fcd303d5d149e5665f31885d4940b5c
[2m2025-12-10T10:08:52.408766Z[0m [34mDEBUG[0m [2mhyper::client::pool[0m[2m:[0m reuse idle connection for ("http", 192.168.0.14:8545)
[2m2025-12-10T10:08:52.408798Z[0m [34mDEBUG[0m [2mhyper::proto::h1::io[0m[2m:[0m flushed 250 bytes
[2m2025-12-10T10:08:52.409334Z[0m [34mDEBUG[0m [2mhyper::proto::h1::io[0m[2m:[0m parsed 4 headers
[2m2025-12-10T10:08:52.409368Z[0m [34mDEBUG[0m [2mhyper::proto::h1::conn[0m[2m:[0m incoming body is content-length (45 bytes)
[2m2025-12-10T10:08:52.409384Z[0m [34mDEBUG[0m [2mhyper::proto::h1::conn[0m[2m:[0m incoming body completed
[2m2025-12-10T10:08:52.409403Z[0m [34mDEBUG[0m [2mhyper::client::pool[0m[2m:[0m pooling idle connection for ("http", 192.168.0.14:8545)
[2m2025-12-10T10:08:52.413560Z[0m [34mDEBUG[0m [2mhyper::proto::h1::io[0m[2m:[0m parsed 4 headers
[2m2025-12-10T10:08:52.413599Z[0m [34mDEBUG[0m [2mhyper::proto::h1::conn[0m[2m:[0m incoming body is content-length (3170 bytes)
[2m2025-12-10T10:08:52.413631Z[0m [34mDEBUG[0m [2methereum_transaction_pool_monitor::eth_client[0m[2m:[0m 📡 Transaction fetch RPC completed in 4.87675ms
[2m2025-12-10T10:08:52.415873Z[0m [34mDEBUG[0m [2mhyper::proto::h1::conn[0m[2m:[0m incoming body completed
[2m2025-12-10T10:08:52.415927Z[0m [34mDEBUG[0m [2mhyper::client::pool[0m[2m:[0m pooling idle connection for ("http", 192.168.0.14:8545)
[2m2025-12-10T10:08:52.491299Z[0m [34mDEBUG[0m [2methereum_transaction_pool_monitor::eth_client[0m[2m:[0m ✅ Transaction 0xe08885ab4ca10bcada0de286dabdfe165fcd303d5d149e5665f31885d4940b5c fetched and parsed in 82.542ms
[2m2025-12-10T10:08:52.491328Z[0m [34mDEBUG[0m [2methereum_transaction_pool_monitor::mempool_monitor[0m[2m:[0m 🔍 Skipping tx 0xe08885ab4ca10bcada0de286dabdfe165fcd303d5d149e5665f31885d4940b5c - not a DEX interaction (target: 0x211E1c4c7f1bF5351Ac850Ed10FD68CFfCF6c21b)
[2m2025-12-10T10:08:52.491336Z[0m [34mDEBUG[0m [2methereum_transaction_pool_monitor::mempool_monitor[0m[2m:[0m 📨 Processing new pending transaction: 0x4e12b5bd3c20e1dc2b5e59e3ae82becafd38e58dfaeb59564d1924d057ae05e9
[2m2025-12-10T10:08:52.491341Z[0m [34mDEBUG[0m [2methereum_transaction_pool_monitor::mempool_monitor[0m[2m:[0m 🔍 Fetching transaction details for: 0x4e12b5bd3c20e1dc2b5e59e3ae82becafd38e58dfaeb59564d1924d057ae05e9
[2m2025-12-10T10:08:52.491344Z[0m [34mDEBUG[0m [2methereum_transaction_pool_monitor::eth_client[0m[2m:[0m 🔍 Fetching transaction details for hash: 0x4e12b5bd3c20e1dc2b5e59e3ae82becafd38e58dfaeb59564d1924d057ae05e9
[2m2025-12-10T10:08:52.491363Z[0m [34mDEBUG[0m [2mhyper::client::pool[0m[2m:[0m reuse idle connection for ("http", 192.168.0.14:8545)
[2m2025-12-10T10:08:52.491415Z[0m [34mDEBUG[0m [2mhyper::proto::h1::io[0m[2m:[0m flushed 250 bytes
[2m2025-12-10T10:08:52.494583Z[0m [34mDEBUG[0m [2mhyper::proto::h1::io[0m[2m:[0m parsed 4 headers
[2m2025-12-10T10:08:52.494605Z[0m [34mDEBUG[0m [2mhyper::proto::h1::conn[0m[2m:[0m incoming body is content-length (778 bytes)
[2m2025-12-10T10:08:52.494614Z[0m [34mDEBUG[0m [2mhyper::proto::h1::conn[0m[2m:[0m incoming body completed
[2m2025-12-10T10:08:52.494627Z[0m [34mDEBUG[0m [2mhyper::client::pool[0m[2m:[0m pooling idle connection for ("http", 192.168.0.14:8545)
[2m2025-12-10T10:08:52.494635Z[0m [34mDEBUG[0m [2methereum_transaction_pool_monitor::eth_client[0m[2m:[0m 📡 Transaction fetch RPC completed in 3.287042ms
[2m2025-12-10T10:08:52.494654Z[0m [34mDEBUG[0m [2methereum_transaction_pool_monitor::eth_client[0m[2m:[0m DeFi transaction detected - Address: 0xdac17f958d2ee523a2206206994597c13d831ec7, Type: Stablecoin, Value: 0 ETH, Gas: 999.00 Gwei
[2m2025-12-10T10:08:52.494666Z[0m [34mDEBUG[0m [2methereum_transaction_pool_monitor::eth_client[0m[2m:[0m ✅ Transaction 0x4e12b5bd3c20e1dc2b5e59e3ae82becafd38e58dfaeb59564d1924d057ae05e9 fetched and parsed in 3.318334ms
[2m2025-12-10T10:08:52.494673Z[0m [34mDEBUG[0m [2methereum_transaction_pool_monitor::mempool_monitor[0m[2m:[0m 🔍 Skipping tx 0x4e12b5bd3c20e1dc2b5e59e3ae82becafd38e58dfaeb59564d1924d057ae05e9 - not a DEX interaction (target: 0xdAC17F958D2ee523a2206206994597C13D831ec7)
[2m2025-12-10T10:08:52.494680Z[0m [34mDEBUG[0m [2methereum_transaction_pool_monitor::mempool_monitor[0m[2m:[0m 📨 Processing new pending transaction: 0x5c943385c66d16aa7644015f51c334f92df3ea6c7ea80cfc387a88a75f6036e5
[2m2025-12-10T10:08:52.494684Z[0m [34mDEBUG[0m [2methereum_transaction_pool_monitor::mempool_monitor[0m[2m:[0m 🔍 Fetching transaction details for: 0x5c943385c66d16aa7644015f51c334f92df3ea6c7ea80cfc387a88a75f6036e5
[2m2025-12-10T10:08:52.494687Z[0m [34mDEBUG[0m [2methereum_transaction_pool_monitor::eth_client[0m[2m:[0m 🔍 Fetching transaction details for hash: 0x5c943385c66d16aa7644015f51c334f92df3ea6c7ea80cfc387a88a75f6036e5
[2m2025-12-10T10:08:52.494703Z[0m [34mDEBUG[0m [2mhyper::client::pool[0m[2m:[0m reuse idle connection for ("http", 192.168.0.14:8545)
[2m2025-12-10T10:08:52.494743Z[0m [34mDEBUG[0m [2mhyper::proto::h1::io[0m[2m:[0m flushed 250 bytes
[2m2025-12-10T10:08:52.495889Z[0m [34mDEBUG[0m [2mhyper::client::pool[0m[2m:[0m reuse idle connection for ("http", 192.168.0.14:8545)
[2m2025-12-10T10:08:52.495922Z[0m [34mDEBUG[0m [2mhyper::proto::h1::io[0m[2m:[0m flushed 172 bytes
[2m2025-12-10T10:08:52.499514Z[0m [34mDEBUG[0m [2mhyper::proto::h1::io[0m[2m:[0m parsed 4 headers
[2m2025-12-10T10:08:52.499533Z[0m [34mDEBUG[0m [2mhyper::proto::h1::conn[0m[2m:[0m incoming body is content-length (1156 bytes)
[2m2025-12-10T10:08:52.499542Z[0m [34mDEBUG[0m [2mhyper::proto::h1::conn[0m[2m:[0m incoming body completed
[2m2025-12-10T10:08:52.499554Z[0m [34mDEBUG[0m [2mhyper::client::pool[0m[2m:[0m pooling idle connection for ("http", 192.168.0.14:8545)
[2m2025-12-10T10:08:52.499563Z[0m [34mDEBUG[0m [2methereum_transaction_pool_monitor::eth_client[0m[2m:[0m 📡 Transaction fetch RPC completed in 4.872291ms
[2m2025-12-10T10:08:52.499587Z[0m [34mDEBUG[0m [2methereum_transaction_pool_monitor::eth_client[0m[2m:[0m DeFi transaction detected - Address: 0xe592427a0aece92de3edee1f18e0157c05861564, Type: DexRouter, Value: 0 ETH, Gas: 0.24 Gwei
[2m2025-12-10T10:08:52.499607Z[0m [34mDEBUG[0m [2methereum_transaction_pool_monitor::eth_client[0m[2m:[0m ✅ Transaction 0x5c943385c66d16aa7644015f51c334f92df3ea6c7ea80cfc387a88a75f6036e5 fetched and parsed in 4.916333ms
[2m2025-12-10T10:08:52.499615Z[0m [34mDEBUG[0m [2methereum_transaction_pool_monitor::mempool_monitor[0m[2m:[0m 🔍 Skipping tx 0x5c943385c66d16aa7644015f51c334f92df3ea6c7ea80cfc387a88a75f6036e5 - not a DEX interaction (target: 0xE592427A0AEce92De3Edee1F18E0157C05861564)
[2m2025-12-10T10:08:52.499622Z[0m [34mDEBUG[0m [2methereum_transaction_pool_monitor::mempool_monitor[0m[2m:[0m 📨 Processing new pending transaction: 0x4cefa9eb4f3366668dfb5eee475cc464017a9ec19488401e84a3416c9d7204b1
[2m2025-12-10T10:08:52.499626Z[0m [34mDEBUG[0m [2methereum_transaction_pool_monitor::mempool_monitor[0m[2m:[0m 🔍 Fetching transaction details for: 0x4cefa9eb4f3366668dfb5eee475cc464017a9ec19488401e84a3416c9d7204b1
[2m2025-12-10T10:08:52.499630Z[0m [34mDEBUG[0m [2methereum_transaction_pool_monitor::eth_client[0m[2m:[0m 🔍 Fetching transaction details for hash: 0x4cefa9eb4f3366668dfb5eee475cc464017a9ec19488401e84a3416c9d7204b1
[2m2025-12-10T10:08:52.499646Z[0m [34mDEBUG[0m [2mhyper::client::pool[0m[2m:[0m reuse idle connection for ("http", 192.168.0.14:8545)
[2m2025-12-10T10:08:52.499686Z[0m [34mDEBUG[0m [2mhyper::proto::h1::io[0m[2m:[0m flushed 250 bytes
[2m2025-12-10T10:08:52.499935Z[0m [34mDEBUG[0m [2mhyper::proto::h1::io[0m[2m:[0m parsed 4 headers
[2m2025-12-10T10:08:52.499940Z[0m [34mDEBUG[0m [2mhyper::proto::h1::conn[0m[2m:[0m incoming body is content-length (45 bytes)
[2m2025-12-10T10:08:52.499945Z[0m [34mDEBUG[0m [2mhyper::proto::h1::conn[0m[2m:[0m incoming body completed
[2m2025-12-10T10:08:52.499951Z[0m [34mDEBUG[0m [2mhyper::client::pool[0m[2m:[0m pooling idle connection for ("http", 192.168.0.14:8545)
[2m2025-12-10T10:08:52.504882Z[0m [34mDEBUG[0m [2mhyper::proto::h1::io[0m[2m:[0m parsed 4 headers
[2m2025-12-10T10:08:52.504910Z[0m [34mDEBUG[0m [2mhyper::proto::h1::conn[0m[2m:[0m incoming body is content-length (832 bytes)
[2m2025-12-10T10:08:52.504920Z[0m [34mDEBUG[0m [2mhyper::proto::h1::conn[0m[2m:[0m incoming body completed
[2m2025-12-10T10:08:52.504933Z[0m [34mDEBUG[0m [2mhyper::client::pool[0m[2m:[0m pooling idle connection for ("http", 192.168.0.14:8545)
[2m2025-12-10T10:08:52.504940Z[0m [34mDEBUG[0m [2methereum_transaction_pool_monitor::eth_client[0m[2m:[0m 📡 Transaction fetch RPC completed in 5.30725ms
[2m2025-12-10T10:08:52.579116Z[0m [34mDEBUG[0m [2methereum_transaction_pool_monitor::eth_client[0m[2m:[0m ✅ Transaction 0x4cefa9eb4f3366668dfb5eee475cc464017a9ec19488401e84a3416c9d7204b1 fetched and parsed in 79.479541ms
[2m2025-12-10T10:08:52.579140Z[0m [34mDEBUG[0m [2methereum_transaction_pool_monitor::mempool_monitor[0m[2m:[0m 🔍 Skipping tx 0x4cefa9eb4f3366668dfb5eee475cc464017a9ec19488401e84a3416c9d7204b1 - not a DEX interaction (target: 0x3B4D794a66304F130a4Db8F2551B0070dfCf5ca7)
[2m2025-12-10T10:08:52.579149Z[0m [34mDEBUG[0m [2methereum_transaction_pool_monitor::mempool_monitor[0m[2m:[0m 📨 Processing new pending transaction: 0xbced6174b14ac2c0ea303b29df78905af53f2dd9f6f292f7b5cd3c65c8a183e3
[2m2025-12-10T10:08:52.579154Z[0m [34mDEBUG[0m [2methereum_transaction_pool_monitor::mempool_monitor[0m[2m:[0m 🔍 Fetching transaction details for: 0xbced6174b14ac2c0ea303b29df78905af53f2dd9f6f292f7b5cd3c65c8a183e3
[2m2025-12-10T10:08:52.579164Z[0m [34mDEBUG[0m [2methereum_transaction_pool_monitor::eth_client[0m[2m:[0m 🔍 Fetching transaction details for hash: 0xbced6174b14ac2c0ea303b29df78905af53f2dd9f6f292f7b5cd3c65c8a183e3
[2m2025-12-10T10:08:52.579187Z[0m [34mDEBUG[0m [2mhyper::client::pool[0m[2m:[0m reuse idle connection for ("http", 192.168.0.14:8545)
[2m2025-12-10T10:08:52.579255Z[0m [34mDEBUG[0m [2mhyper::proto::h1::io[0m[2m:[0m flushed 250 bytes
[2m2025-12-10T10:08:52.579278Z[0m [34mDEBUG[0m [2methereum_transaction_pool_monitor::eth_client[0m[2m:[0m 📨 Received WebSocket message: {"jsonrpc":"2.0","method":"eth_subscription","params":{"subscription":"0xbed0a0851463e895960a451075a301a9","result":"0x1d6b09397044ce1761fe91eabe39142727402e77722f9ea8b8b2e326fbca5d56"}}
[2m2025-12-10T10:08:52.579286Z[0m [34mDEBUG[0m [2methereum_transaction_pool_monitor::eth_client[0m[2m:[0m 📨 Received pending transaction: 0x1d6b09397044ce1761fe91eabe39142727402e77722f9ea8b8b2e326fbca5d56
[2m2025-12-10T10:08:52.583616Z[0m [34mDEBUG[0m [2mhyper::proto::h1::io[0m[2m:[0m parsed 4 headers
[2m2025-12-10T10:08:52.583633Z[0m [34mDEBUG[0m [2mhyper::proto::h1::conn[0m[2m:[0m incoming body is content-length (557 bytes)
[2m2025-12-10T10:08:52.583643Z[0m [34mDEBUG[0m [2mhyper::proto::h1::conn[0m[2m:[0m incoming body completed
[2m2025-12-10T10:08:52.583655Z[0m [34mDEBUG[0m [2mhyper::client::pool[0m[2m:[0m pooling idle connection for ("http", 192.168.0.14:8545)
[2m2025-12-10T10:08:52.583664Z[0m [34mDEBUG[0m [2methereum_transaction_pool_monitor::eth_client[0m[2m:[0m 📡 Transaction fetch RPC completed in 4.496042ms
[2m2025-12-10T10:08:52.667112Z[0m [34mDEBUG[0m [2methereum_transaction_pool_monitor::eth_client[0m[2m:[0m ✅ Transaction 0xbced6174b14ac2c0ea303b29df78905af53f2dd9f6f292f7b5cd3c65c8a183e3 fetched and parsed in 87.939833ms
[2m2025-12-10T10:08:52.667140Z[0m [34mDEBUG[0m [2methereum_transaction_pool_monitor::mempool_monitor[0m[2m:[0m 🔍 Skipping tx 0xbced6174b14ac2c0ea303b29df78905af53f2dd9f6f292f7b5cd3c65c8a183e3 - not a DEX interaction (target: 0xD60074B84Aca543bf16639d7E6ddE8327dED790D)
[2m2025-12-10T10:08:52.667150Z[0m [34mDEBUG[0m [2methereum_transaction_pool_monitor::mempool_monitor[0m[2m:[0m 📨 Processing new pending transaction: 0x9747d5bf13bd256b4fe74c0bbe63a1f705767416222bd36a16bacc22ec8cea27
[2m2025-12-10T10:08:52.667155Z[0m [34mDEBUG[0m [2methereum_transaction_pool_monitor::mempool_monitor[0m[2m:[0m 🔍 Fetching transaction details for: 0x9747d5bf13bd256b4fe74c0bbe63a1f705767416222bd36a16bacc22ec8cea27
[2m2025-12-10T10:08:52.667159Z[0m [34mDEBUG[0m [2methereum_transaction_pool_monitor::eth_client[0m[2m:[0m 🔍 Fetching transaction details for hash: 0x9747d5bf13bd256b4fe74c0bbe63a1f705767416222bd36a16bacc22ec8cea27
[2m2025-12-10T10:08:52.667185Z[0m [34mDEBUG[0m [2mhyper::client::pool[0m[2m:[0m reuse idle connection for ("http", 192.168.0.14:8545)
[2m2025-12-10T10:08:52.667254Z[0m [34mDEBUG[0m [2mhyper::proto::h1::io[0m[2m:[0m flushed 250 bytes
[2m2025-12-10T10:08:52.667278Z[0m [34mDEBUG[0m [2mhyper::client::pool[0m[2m:[0m reuse idle connection for ("http", 192.168.0.14:8545)
[2m2025-12-10T10:08:52.667295Z[0m [34mDEBUG[0m [2mhyper::proto::h1::io[0m[2m:[0m flushed 172 bytes
[2m2025-12-10T10:08:52.667326Z[0m [34mDEBUG[0m [2methereum_transaction_pool_monitor::eth_client[0m[2m:[0m 📨 Received WebSocket message: {"jsonrpc":"2.0","method":"eth_subscription","params":{"subscription":"0xbed0a0851463e895960a451075a301a9","result":"0xe148c42580da827866574668c194223609b343d58fb3763144def047abd9035d"}}
[2m2025-12-10T10:08:52.667334Z[0m [34mDEBUG[0m [2methereum_transaction_pool_monitor::eth_client[0m[2m:[0m 📨 Received pending transaction: 0xe148c42580da827866574668c194223609b343d58fb3763144def047abd9035d
[2m2025-12-10T10:08:52.667339Z[0m [34mDEBUG[0m [2methereum_transaction_pool_monitor::eth_client[0m[2m:[0m 📨 Received WebSocket message: {"jsonrpc":"2.0","method":"eth_subscription","params":{"subscription":"0xbed0a0851463e895960a451075a301a9","result":"0x62e418d904856c2ee919143b1d9a4ac65f7a8609867f0cd421e431dd95e94e77"}}
[2m2025-12-10T10:08:52.667345Z[0m [34mDEBUG[0m [2methereum_transaction_pool_monitor::eth_client[0m[2m:[0m 📨 Received pending transaction: 0x62e418d904856c2ee919143b1d9a4ac65f7a8609867f0cd421e431dd95e94e77
[2m2025-12-10T10:08:52.671319Z[0m [34mDEBUG[0m [2mhyper::proto::h1::io[0m[2m:[0m parsed 4 headers
[2m2025-12-10T10:08:52.671354Z[0m [34mDEBUG[0m [2mhyper::proto::h1::conn[0m[2m:[0m incoming body is content-length (771 bytes)
[2m2025-12-10T10:08:52.671371Z[0m [34mDEBUG[0m [2mhyper::proto::h1::conn[0m[2m:[0m incoming body completed
[2m2025-12-10T10:08:52.671391Z[0m [34mDEBUG[0m [2mhyper::client::pool[0m[2m:[0m pooling idle connection for ("http", 192.168.0.14:8545)
[2m2025-12-10T10:08:52.671407Z[0m [34mDEBUG[0m [2methereum_transaction_pool_monitor::eth_client[0m[2m:[0m 📡 Transaction fetch RPC completed in 4.244ms
[2m2025-12-10T10:08:52.671436Z[0m [34mDEBUG[0m [2methereum_transaction_pool_monitor::eth_client[0m[2m:[0m DeFi transaction detected - Address: 0xdac17f958d2ee523a2206206994597c13d831ec7, Type: Stablecoin, Value: 0 ETH, Gas: 0.52 Gwei
[2m2025-12-10T10:08:52.671460Z[0m [34mDEBUG[0m [2methereum_transaction_pool_monitor::eth_client[0m[2m:[0m ✅ Transaction 0x9747d5bf13bd256b4fe74c0bbe63a1f705767416222bd36a16bacc22ec8cea27 fetched and parsed in 4.296375ms
[2m2025-12-10T10:08:52.671475Z[0m [34mDEBUG[0m [2methereum_transaction_pool_monitor::mempool_monitor[0m[2m:[0m 🔍 Skipping tx 0x9747d5bf13bd256b4fe74c0bbe63a1f705767416222bd36a16bacc22ec8cea27 - not a DEX interaction (target: 0xdAC17F958D2ee523a2206206994597C13D831ec7)
[2m2025-12-10T10:08:52.671491Z[0m [34mDEBUG[0m [2methereum_transaction_pool_monitor::mempool_monitor[0m[2m:[0m 📨 Processing new pending transaction: 0x64869805351ea62618d89ffea1c07740b58cc9b46f901db41364f74ba7c5286c
[2m2025-12-10T10:08:52.671500Z[0m [34mDEBUG[0m [2methereum_transaction_pool_monitor::mempool_monitor[0m[2m:[0m 🔍 Fetching transaction details for: 0x64869805351ea62618d89ffea1c07740b58cc9b46f901db41364f74ba7c5286c
[2m2025-12-10T10:08:52.671508Z[0m [34mDEBUG[0m [2methereum_transaction_pool_monitor::eth_client[0m[2m:[0m 🔍 Fetching transaction details for hash: 0x64869805351ea62618d89ffea1c07740b58cc9b46f901db41364f74ba7c5286c
[2m2025-12-10T10:08:52.671535Z[0m [34mDEBUG[0m [2mhyper::client::pool[0m[2m:[0m reuse idle connection for ("http", 192.168.0.14:8545)
[2m2025-12-10T10:08:52.671594Z[0m [34mDEBUG[0m [2mhyper::proto::h1::io[0m[2m:[0m flushed 250 bytes
[2m2025-12-10T10:08:52.672154Z[0m [34mDEBUG[0m [2mhyper::proto::h1::io[0m[2m:[0m parsed 4 headers
[2m2025-12-10T10:08:52.672175Z[0m [34mDEBUG[0m [2mhyper::proto::h1::conn[0m[2m:[0m incoming body is content-length (45 bytes)
[2m2025-12-10T10:08:52.672189Z[0m [34mDEBUG[0m [2mhyper::proto::h1::conn[0m[2m:[0m incoming body completed
[2m2025-12-10T10:08:52.672205Z[0m [34mDEBUG[0m [2mhyper::client::pool[0m[2m:[0m pooling idle connection for ("http", 192.168.0.14:8545)
[2m2025-12-10T10:08:52.675640Z[0m [34mDEBUG[0m [2mhyper::proto::h1::io[0m[2m:[0m parsed 4 headers
[2m2025-12-10T10:08:52.675676Z[0m [34mDEBUG[0m [2mhyper::proto::h1::conn[0m[2m:[0m incoming body is content-length (644 bytes)
[2m2025-12-10T10:08:52.675693Z[0m [34mDEBUG[0m [2mhyper::proto::h1::conn[0m[2m:[0m incoming body completed
[2m2025-12-10T10:08:52.675712Z[0m [34mDEBUG[0m [2mhyper::client::pool[0m[2m:[0m pooling idle connection for ("http", 192.168.0.14:8545)
[2m2025-12-10T10:08:52.675728Z[0m [34mDEBUG[0m [2methereum_transaction_pool_monitor::eth_client[0m[2m:[0m 📡 Transaction fetch RPC completed in 4.211667ms
[2m2025-12-10T10:08:52.754718Z[0m [34mDEBUG[0m [2methereum_transaction_pool_monitor::eth_client[0m[2m:[0m ✅ Transaction 0x64869805351ea62618d89ffea1c07740b58cc9b46f901db41364f74ba7c5286c fetched and parsed in 83.198ms
[2m2025-12-10T10:08:52.754750Z[0m [34mDEBUG[0m [2methereum_transaction_pool_monitor::mempool_monitor[0m[2m:[0m 🔍 Skipping tx 0x64869805351ea62618d89ffea1c07740b58cc9b46f901db41364f74ba7c5286c - not a DEX interaction (target: 0x17E5545B11b468072283Cee1F066a059Fb0dbF24)
[2m2025-12-10T10:08:52.754760Z[0m [34mDEBUG[0m [2methereum_transaction_pool_monitor::mempool_monitor[0m[2m:[0m 📨 Processing new pending transaction: 0x86784ff2ba6c4a1672dc12ae23616023e2f5d5544b7552662ec1cd0804b869b8
[2m2025-12-10T10:08:52.754765Z[0m [34mDEBUG[0m [2methereum_transaction_pool_monitor::mempool_monitor[0m[2m:[0m 🔍 Fetching transaction details for: 0x86784ff2ba6c4a1672dc12ae23616023e2f5d5544b7552662ec1cd0804b869b8
[2m2025-12-10T10:08:52.754769Z[0m [34mDEBUG[0m [2methereum_transaction_pool_monitor::eth_client[0m[2m:[0m 🔍 Fetching transaction details for hash: 0x86784ff2ba6c4a1672dc12ae23616023e2f5d5544b7552662ec1cd0804b869b8
[2m2025-12-10T10:08:52.754795Z[0m [34mDEBUG[0m [2mhyper::client::pool[0m[2m:[0m reuse idle connection for ("http", 192.168.0.14:8545)
[2m2025-12-10T10:08:52.754859Z[0m [34mDEBUG[0m [2mhyper::proto::h1::io[0m[2m:[0m flushed 250 bytes
[2m2025-12-10T10:08:52.754916Z[0m [34mDEBUG[0m [2mhyper::client::pool[0m[2m:[0m reuse idle connection for ("http", 192.168.0.14:8545)
[2m2025-12-10T10:08:52.755006Z[0m [34mDEBUG[0m [2mhyper::proto::h1::io[0m[2m:[0m flushed 172 bytes
[2m2025-12-10T10:08:52.760229Z[0m [34mDEBUG[0m [2mhyper::proto::h1::io[0m[2m:[0m parsed 4 headers
[2m2025-12-10T10:08:52.760251Z[0m [34mDEBUG[0m [2mhyper::proto::h1::conn[0m[2m:[0m incoming body is content-length (771 bytes)
[2m2025-12-10T10:08:52.760260Z[0m [34mDEBUG[0m [2mhyper::proto::h1::conn[0m[2m:[0m incoming body completed
[2m2025-12-10T10:08:52.760273Z[0m [34mDEBUG[0m [2mhyper::client::pool[0m[2m:[0m pooling idle connection for ("http", 192.168.0.14:8545)
[2m2025-12-10T10:08:52.760282Z[0m [34mDEBUG[0m [2methereum_transaction_pool_monitor::eth_client[0m[2m:[0m 📡 Transaction fetch RPC completed in 5.508875ms
[2m2025-12-10T10:08:52.835328Z[0m [34mDEBUG[0m [2methereum_transaction_pool_monitor::eth_client[0m[2m:[0m ✅ Transaction 0x86784ff2ba6c4a1672dc12ae23616023e2f5d5544b7552662ec1cd0804b869b8 fetched and parsed in 80.5515ms
[2m2025-12-10T10:08:52.835358Z[0m [34mDEBUG[0m [2methereum_transaction_pool_monitor::mempool_monitor[0m[2m:[0m 🔍 Skipping tx 0x86784ff2ba6c4a1672dc12ae23616023e2f5d5544b7552662ec1cd0804b869b8 - not a DEX interaction (target: 0xba83b5ed3f12Bfa44f066f03eE0433419B74f469)
[2m2025-12-10T10:08:52.835368Z[0m [34mDEBUG[0m [2methereum_transaction_pool_monitor::mempool_monitor[0m[2m:[0m 📨 Processing new pending transaction: 0x25b4262a6dd0eb39dc0cdbd7030bf447873ab7d942f266a1c253199c15fe7dc5
[2m2025-12-10T10:08:52.835373Z[0m [34mDEBUG[0m [2methereum_transaction_pool_monitor::mempool_monitor[0m[2m:[0m 🔍 Fetching transaction details for: 0x25b4262a6dd0eb39dc0cdbd7030bf447873ab7d942f266a1c253199c15fe7dc5
[2m2025-12-10T10:08:52.835377Z[0m [34mDEBUG[0m [2methereum_transaction_pool_monitor::eth_client[0m[2m:[0m 🔍 Fetching transaction details for hash: 0x25b4262a6dd0eb39dc0cdbd7030bf447873ab7d942f266a1c253199c15fe7dc5
[2m2025-12-10T10:08:52.835400Z[0m [34mDEBUG[0m [2mhyper::client::pool[0m[2m:[0m reuse idle connection for ("http", 192.168.0.14:8545)
[2m2025-12-10T10:08:52.835473Z[0m [34mDEBUG[0m [2mhyper::proto::h1::io[0m[2m:[0m flushed 250 bytes
[2m2025-12-10T10:08:52.835505Z[0m [34mDEBUG[0m [2methereum_transaction_pool_monitor::eth_client[0m[2m:[0m 📨 Received WebSocket message: {"jsonrpc":"2.0","method":"eth_subscription","params":{"subscription":"0xbed0a0851463e895960a451075a301a9","result":"0xc531935a1cd04f641af2b71897f69217e8aace0fd7c63882e244190be94fc18a"}}
[2m2025-12-10T10:08:52.835515Z[0m [34mDEBUG[0m [2methereum_transaction_pool_monitor::eth_client[0m[2m:[0m 📨 Received pending transaction: 0xc531935a1cd04f641af2b71897f69217e8aace0fd7c63882e244190be94fc18a
[2m2025-12-10T10:08:52.835530Z[0m [34mDEBUG[0m [2mhyper::proto::h1::io[0m[2m:[0m parsed 4 headers
[2m2025-12-10T10:08:52.835535Z[0m [34mDEBUG[0m [2mhyper::proto::h1::conn[0m[2m:[0m incoming body is content-length (45 bytes)
[2m2025-12-10T10:08:52.835544Z[0m [34mDEBUG[0m [2mhyper::proto::h1::conn[0m[2m:[0m incoming body completed
[2m2025-12-10T10:08:52.835553Z[0m [34mDEBUG[0m [2mhyper::client::pool[0m[2m:[0m pooling idle connection for ("http", 192.168.0.14:8545)
[2m2025-12-10T10:08:52.835574Z[0m [34mDEBUG[0m [2mhyper::client::pool[0m[2m:[0m reuse idle connection for ("http", 192.168.0.14:8545)
[2m2025-12-10T10:08:52.835593Z[0m [34mDEBUG[0m [2mhyper::proto::h1::io[0m[2m:[0m flushed 172 bytes
[2m2025-12-10T10:08:52.838995Z[0m [34mDEBUG[0m [2mhyper::proto::h1::io[0m[2m:[0m parsed 4 headers
[2m2025-12-10T10:08:52.839018Z[0m [34mDEBUG[0m [2mhyper::proto::h1::conn[0m[2m:[0m incoming body is content-length (770 bytes)
[2m2025-12-10T10:08:52.839027Z[0m [34mDEBUG[0m [2mhyper::proto::h1::conn[0m[2m:[0m incoming body completed
[2m2025-12-10T10:08:52.839041Z[0m [34mDEBUG[0m [2mhyper::client::pool[0m[2m:[0m pooling idle connection for ("http", 192.168.0.14:8545)
[2m2025-12-10T10:08:52.839050Z[0m [34mDEBUG[0m [2methereum_transaction_pool_monitor::eth_client[0m[2m:[0m 📡 Transaction fetch RPC completed in 3.669209ms
[2m2025-12-10T10:08:52.912814Z[0m [34mDEBUG[0m [2methereum_transaction_pool_monitor::eth_client[0m[2m:[0m ✅ Transaction 0x25b4262a6dd0eb39dc0cdbd7030bf447873ab7d942f266a1c253199c15fe7dc5 fetched and parsed in 77.429375ms
[2m2025-12-10T10:08:52.912843Z[0m [34mDEBUG[0m [2methereum_transaction_pool_monitor::mempool_monitor[0m[2m:[0m 🔍 Skipping tx 0x25b4262a6dd0eb39dc0cdbd7030bf447873ab7d942f266a1c253199c15fe7dc5 - not a DEX interaction (target: 0x168e209D7b2F58f1f24b8Ae7B7d35E662bBF11Cc)
[2m2025-12-10T10:08:52.912853Z[0m [34mDEBUG[0m [2methereum_transaction_pool_monitor::mempool_monitor[0m[2m:[0m 📨 Processing new pending transaction: 0x8c058e0d8de96712c6032cf2b13628b6105a98b0284e227b25d88a30bd3c2a90
[2m2025-12-10T10:08:52.912858Z[0m [34mDEBUG[0m [2methereum_transaction_pool_monitor::mempool_monitor[0m[2m:[0m 🔍 Fetching transaction details for: 0x8c058e0d8de96712c6032cf2b13628b6105a98b0284e227b25d88a30bd3c2a90
[2m2025-12-10T10:08:52.912862Z[0m [34mDEBUG[0m [2methereum_transaction_pool_monitor::eth_client[0m[2m:[0m 🔍 Fetching transaction details for hash: 0x8c058e0d8de96712c6032cf2b13628b6105a98b0284e227b25d88a30bd3c2a90
[2m2025-12-10T10:08:52.912885Z[0m [34mDEBUG[0m [2mhyper::client::pool[0m[2m:[0m reuse idle connection for ("http", 192.168.0.14:8545)
[2m2025-12-10T10:08:52.912938Z[0m [34mDEBUG[0m [2mhyper::proto::h1::io[0m[2m:[0m flushed 250 bytes
[2m2025-12-10T10:08:52.912963Z[0m [34mDEBUG[0m [2methereum_transaction_pool_monitor::eth_client[0m[2m:[0m 📨 Received WebSocket message: {"jsonrpc":"2.0","method":"eth_subscription","params":{"subscription":"0xbed0a0851463e895960a451075a301a9","result":"0x99459a269e25aa994d31f6b00d56a25c457b86ed9cf782119e5c6c7b443d2830"}}
[2m2025-12-10T10:08:52.912972Z[0m [34mDEBUG[0m [2methereum_transaction_pool_monitor::eth_client[0m[2m:[0m 📨 Received pending transaction: 0x99459a269e25aa994d31f6b00d56a25c457b86ed9cf782119e5c6c7b443d2830
[2m2025-12-10T10:08:52.912978Z[0m [34mDEBUG[0m [2mhyper::proto::h1::io[0m[2m:[0m parsed 4 headers
[2m2025-12-10T10:08:52.912992Z[0m [34mDEBUG[0m [2mhyper::proto::h1::conn[0m[2m:[0m incoming body is content-length (45 bytes)
[2m2025-12-10T10:08:52.913000Z[0m [34mDEBUG[0m [2mhyper::proto::h1::conn[0m[2m:[0m incoming body completed
[2m2025-12-10T10:08:52.913020Z[0m [34mDEBUG[0m [2mhyper::client::pool[0m[2m:[0m pooling idle connection for ("http", 192.168.0.14:8545)
[2m2025-12-10T10:08:52.913047Z[0m [34mDEBUG[0m [2mhyper::client::pool[0m[2m:[0m reuse idle connection for ("http", 192.168.0.14:8545)
[2m2025-12-10T10:08:52.913064Z[0m [34mDEBUG[0m [2mhyper::proto::h1::io[0m[2m:[0m flushed 172 bytes
[2m2025-12-10T10:08:52.916858Z[0m [34mDEBUG[0m [2mhyper::proto::h1::io[0m[2m:[0m parsed 4 headers
[2m2025-12-10T10:08:52.916883Z[0m [34mDEBUG[0m [2mhyper::proto::h1::conn[0m[2m:[0m incoming body is content-length (771 bytes)
[2m2025-12-10T10:08:52.916893Z[0m [34mDEBUG[0m [2mhyper::proto::h1::conn[0m[2m:[0m incoming body completed
[2m2025-12-10T10:08:52.916907Z[0m [34mDEBUG[0m [2mhyper::client::pool[0m[2m:[0m pooling idle connection for ("http", 192.168.0.14:8545)
[2m2025-12-10T10:08:52.916917Z[0m [34mDEBUG[0m [2methereum_transaction_pool_monitor::eth_client[0m[2m:[0m 📡 Transaction fetch RPC completed in 4.051375ms
[2m2025-12-10T10:08:52.916935Z[0m [34mDEBUG[0m [2methereum_transaction_pool_monitor::eth_client[0m[2m:[0m DeFi transaction detected - Address: 0xdac17f958d2ee523a2206206994597c13d831ec7, Type: Stablecoin, Value: 0 ETH, Gas: 0.34 Gwei
[2m2025-12-10T10:08:52.916949Z[0m [34mDEBUG[0m [2methereum_transaction_pool_monitor::eth_client[0m[2m:[0m ✅ Transaction 0x8c058e0d8de96712c6032cf2b13628b6105a98b0284e227b25d88a30bd3c2a90 fetched and parsed in 4.083416ms
[2m2025-12-10T10:08:52.916955Z[0m [34mDEBUG[0m [2methereum_transaction_pool_monitor::mempool_monitor[0m[2m:[0m 🔍 Skipping tx 0x8c058e0d8de96712c6032cf2b13628b6105a98b0284e227b25d88a30bd3c2a90 - not a DEX interaction (target: 0xdAC17F958D2ee523a2206206994597C13D831ec7)
[2m2025-12-10T10:08:52.916963Z[0m [34mDEBUG[0m [2methereum_transaction_pool_monitor::mempool_monitor[0m[2m:[0m 📨 Processing new pending transaction: 0xd7b9a3f8e396592d600ee2cb432209fa2a90da234564ed25d955a09273fa1663
[2m2025-12-10T10:08:52.916967Z[0m [34mDEBUG[0m [2methereum_transaction_pool_monitor::mempool_monitor[0m[2m:[0m 🔍 Fetching transaction details for: 0xd7b9a3f8e396592d600ee2cb432209fa2a90da234564ed25d955a09273fa1663
[2m2025-12-10T10:08:52.916971Z[0m [34mDEBUG[0m [2methereum_transaction_pool_monitor::eth_client[0m[2m:[0m 🔍 Fetching transaction details for hash: 0xd7b9a3f8e396592d600ee2cb432209fa2a90da234564ed25d955a09273fa1663
[2m2025-12-10T10:08:52.916989Z[0m [34mDEBUG[0m [2mhyper::client::pool[0m[2m:[0m reuse idle connection for ("http", 192.168.0.14:8545)
[2m2025-12-10T10:08:52.917031Z[0m [34mDEBUG[0m [2mhyper::proto::h1::io[0m[2m:[0m flushed 250 bytes
[2m2025-12-10T10:08:52.917575Z[0m [34mDEBUG[0m [2methereum_transaction_pool_monitor::eth_client[0m[2m:[0m 📨 Received WebSocket message: {"jsonrpc":"2.0","method":"eth_subscription","params":{"subscription":"0xbed0a0851463e895960a451075a301a9","result":"0x5eb698cf41eb0f02e400f9eae049cbae86030f3a62319af9b7e4e9261b581884"}}
[2m2025-12-10T10:08:52.917587Z[0m [34mDEBUG[0m [2methereum_transaction_pool_monitor::eth_client[0m[2m:[0m 📨 Received pending transaction: 0x5eb698cf41eb0f02e400f9eae049cbae86030f3a62319af9b7e4e9261b581884
[2m2025-12-10T10:08:52.917603Z[0m [34mDEBUG[0m [2mhyper::proto::h1::io[0m[2m:[0m parsed 4 headers
[2m2025-12-10T10:08:52.917608Z[0m [34mDEBUG[0m [2mhyper::proto::h1::conn[0m[2m:[0m incoming body is content-length (45 bytes)
[2m2025-12-10T10:08:52.917614Z[0m [34mDEBUG[0m [2mhyper::proto::h1::conn[0m[2m:[0m incoming body completed
[2m2025-12-10T10:08:52.917622Z[0m [34mDEBUG[0m [2mhyper::client::pool[0m[2m:[0m pooling idle connection for ("http", 192.168.0.14:8545)
[2m2025-12-10T10:08:52.922898Z[0m [34mDEBUG[0m [2mhyper::proto::h1::io[0m[2m:[0m parsed 4 headers
[2m2025-12-10T10:08:52.922922Z[0m [34mDEBUG[0m [2mhyper::proto::h1::conn[0m[2m:[0m incoming body is content-length (767 bytes)
[2m2025-12-10T10:08:52.922931Z[0m [34mDEBUG[0m [2mhyper::proto::h1::conn[0m[2m:[0m incoming body completed
[2m2025-12-10T10:08:52.922944Z[0m [34mDEBUG[0m [2mhyper::client::pool[0m[2m:[0m pooling idle connection for ("http", 192.168.0.14:8545)
[2m2025-12-10T10:08:52.922952Z[0m [34mDEBUG[0m [2methereum_transaction_pool_monitor::eth_client[0m[2m:[0m 📡 Transaction fetch RPC completed in 5.977916ms
[2m2025-12-10T10:08:53.016076Z[0m [34mDEBUG[0m [2methereum_transaction_pool_monitor::eth_client[0m[2m:[0m ✅ Transaction 0xd7b9a3f8e396592d600ee2cb432209fa2a90da234564ed25d955a09273fa1663 fetched and parsed in 99.096791ms
[2m2025-12-10T10:08:53.016115Z[0m [34mDEBUG[0m [2methereum_transaction_pool_monitor::mempool_monitor[0m[2m:[0m 🔍 Skipping tx 0xd7b9a3f8e396592d600ee2cb432209fa2a90da234564ed25d955a09273fa1663 - not a DEX interaction (target: 0xA0b86991c6218b36c1d19D4a2e9Eb0cE3606eB48)
[2m2025-12-10T10:08:53.016144Z[0m [34mDEBUG[0m [2methereum_transaction_pool_monitor::mempool_monitor[0m[2m:[0m 📨 Processing new pending transaction: 0xd42240fffa01c49eca3229c7ecd0b4883f9ad6a525c8eea9483fe932e3947550
[2m2025-12-10T10:08:53.016151Z[0m [34mDEBUG[0m [2methereum_transaction_pool_monitor::mempool_monitor[0m[2m:[0m 🔍 Fetching transaction details for: 0xd42240fffa01c49eca3229c7ecd0b4883f9ad6a525c8eea9483fe932e3947550
[2m2025-12-10T10:08:53.016156Z[0m [34mDEBUG[0m [2methereum_transaction_pool_monitor::eth_client[0m[2m:[0m 🔍 Fetching transaction details for hash: 0xd42240fffa01c49eca3229c7ecd0b4883f9ad6a525c8eea9483fe932e3947550
[2m2025-12-10T10:08:53.016180Z[0m [34mDEBUG[0m [2mhyper::client::pool[0m[2m:[0m reuse idle connection for ("http", 192.168.0.14:8545)
[2m2025-12-10T10:08:53.016267Z[0m [34mDEBUG[0m [2mhyper::proto::h1::io[0m[2m:[0m flushed 250 bytes
[2m2025-12-10T10:08:53.016295Z[0m [34mDEBUG[0m [2mhyper::client::pool[0m[2m:[0m reuse idle connection for ("http", 192.168.0.14:8545)
[2m2025-12-10T10:08:53.016312Z[0m [34mDEBUG[0m [2methereum_transaction_pool_monitor::eth_client[0m[2m:[0m 📨 Received WebSocket message: {"jsonrpc":"2.0","method":"eth_subscription","params":{"subscription":"0xbed0a0851463e895960a451075a301a9","result":"0xe3f93f9b65915ca81caa8375ffd7a25845d6df18538b32c2e6ee8f557759f6d5"}}
[2m2025-12-10T10:08:53.016314Z[0m [34mDEBUG[0m [2mhyper::proto::h1::io[0m[2m:[0m flushed 172 bytes
[2m2025-12-10T10:08:53.016330Z[0m [34mDEBUG[0m [2methereum_transaction_pool_monitor::eth_client[0m[2m:[0m 📨 Received pending transaction: 0xe3f93f9b65915ca81caa8375ffd7a25845d6df18538b32c2e6ee8f557759f6d5
[2m2025-12-10T10:08:53.016338Z[0m [34mDEBUG[0m [2methereum_transaction_pool_monitor::eth_client[0m[2m:[0m 📨 Received WebSocket message: {"jsonrpc":"2.0","method":"eth_subscription","params":{"subscription":"0xbed0a0851463e895960a451075a301a9","result":"0xbb33af32134c5a15c8d2d13d356dfe71b7c156984d20851910be3b55ac3da3fc"}}
[2m2025-12-10T10:08:53.016343Z[0m [34mDEBUG[0m [2methereum_transaction_pool_monitor::eth_client[0m[2m:[0m 📨 Received pending transaction: 0xbb33af32134c5a15c8d2d13d356dfe71b7c156984d20851910be3b55ac3da3fc
[2m2025-12-10T10:08:53.016347Z[0m [34mDEBUG[0m [2methereum_transaction_pool_monitor::eth_client[0m[2m:[0m 📨 Received WebSocket message: {"jsonrpc":"2.0","method":"eth_subscription","params":{"subscription":"0xbed0a0851463e895960a451075a301a9","result":"0xa26b8d36a79160acfb3691cdcb45ea85ac01a1208b11484e28344494bd3dbdf7"}}
[2m2025-12-10T10:08:53.016352Z[0m [34mDEBUG[0m [2methereum_transaction_pool_monitor::eth_client[0m[2m:[0m 📨 Received pending transaction: 0xa26b8d36a79160acfb3691cdcb45ea85ac01a1208b11484e28344494bd3dbdf7
[2m2025-12-10T10:08:53.016356Z[0m [34mDEBUG[0m [2methereum_transaction_pool_monitor::eth_client[0m[2m:[0m 📨 Received WebSocket message: {"jsonrpc":"2.0","method":"eth_subscription","params":{"subscription":"0xbed0a0851463e895960a451075a301a9","result":"0xf3bb463059a04c20723919f026f12228148c636b80aa7298b79d931c7dd0a148"}}
[2m2025-12-10T10:08:53.016360Z[0m [34mDEBUG[0m [2methereum_transaction_pool_monitor::eth_client[0m[2m:[0m 📨 Received pending transaction: 0xf3bb463059a04c20723919f026f12228148c636b80aa7298b79d931c7dd0a148
[2m2025-12-10T10:08:53.022140Z[0m [34mDEBUG[0m [2mhyper::proto::h1::io[0m[2m:[0m parsed 4 headers
[2m2025-12-10T10:08:53.025130Z[0m [34mDEBUG[0m [2mhyper::proto::h1::conn[0m[2m:[0m incoming body is content-length (5506 bytes)
[2m2025-12-10T10:08:53.025185Z[0m [34mDEBUG[0m [2methereum_transaction_pool_monitor::eth_client[0m[2m:[0m 📡 Transaction fetch RPC completed in 9.023334ms
[2m2025-12-10T10:08:53.025263Z[0m [34mDEBUG[0m [2mhyper::proto::h1::io[0m[2m:[0m parsed 4 headers
[2m2025-12-10T10:08:53.025274Z[0m [34mDEBUG[0m [2mhyper::proto::h1::conn[0m[2m:[0m incoming body is content-length (45 bytes)
[2m2025-12-10T10:08:53.025280Z[0m [34mDEBUG[0m [2mhyper::proto::h1::conn[0m[2m:[0m incoming body completed
[2m2025-12-10T10:08:53.025285Z[0m [34mDEBUG[0m [2mhyper::proto::h1::conn[0m[2m:[0m incoming body completed
[2m2025-12-10T10:08:53.025291Z[0m [34mDEBUG[0m [2mhyper::client::pool[0m[2m:[0m pooling idle connection for ("http", 192.168.0.14:8545)
[2m2025-12-10T10:08:53.025314Z[0m [34mDEBUG[0m [2mhyper::client::pool[0m[2m:[0m pooling idle connection for ("http", 192.168.0.14:8545)
[2m2025-12-10T10:08:53.084426Z[0m [34mDEBUG[0m [2methereum_transaction_pool_monitor::eth_client[0m[2m:[0m 📨 Received WebSocket message: {"jsonrpc":"2.0","method":"eth_subscription","params":{"subscription":"0xbed0a0851463e895960a451075a301a9","result":"0x7007a0fdea578963bf9de51069fa2f8ced79fa13d67efb33d681f1af61469400"}}
[2m2025-12-10T10:08:53.084473Z[0m [34mDEBUG[0m [2methereum_transaction_pool_monitor::eth_client[0m[2m:[0m 📨 Received pending transaction: 0x7007a0fdea578963bf9de51069fa2f8ced79fa13d67efb33d681f1af61469400
[2m2025-12-10T10:08:53.096546Z[0m [34mDEBUG[0m [2mhyper::client::pool[0m[2m:[0m reuse idle connection for ("http", 192.168.0.14:8545)
[2m2025-12-10T10:08:53.099534Z[0m [34mDEBUG[0m [2mhyper::proto::h1::io[0m[2m:[0m flushed 172 bytes
[2m2025-12-10T10:08:53.102475Z[0m [34mDEBUG[0m [2mhyper::proto::h1::io[0m[2m:[0m parsed 4 headers
[2m2025-12-10T10:08:53.102505Z[0m [34mDEBUG[0m [2mhyper::proto::h1::conn[0m[2m:[0m incoming body is content-length (45 bytes)
[2m2025-12-10T10:08:53.102554Z[0m [34mDEBUG[0m [2mhyper::proto::h1::conn[0m[2m:[0m incoming body completed
[2m2025-12-10T10:08:53.102579Z[0m [34mDEBUG[0m [2mhyper::client::pool[0m[2m:[0m pooling idle connection for ("http", 192.168.0.14:8545)
[2m2025-12-10T10:08:53.107607Z[0m [34mDEBUG[0m [2methereum_transaction_pool_monitor::eth_client[0m[2m:[0m ✅ Transaction 0xd42240fffa01c49eca3229c7ecd0b4883f9ad6a525c8eea9483fe932e3947550 fetched and parsed in 91.444417ms
[2m2025-12-10T10:08:53.107626Z[0m [34mDEBUG[0m [2methereum_transaction_pool_monitor::mempool_monitor[0m[2m:[0m 🔍 Skipping tx 0xd42240fffa01c49eca3229c7ecd0b4883f9ad6a525c8eea9483fe932e3947550 - not a DEX interaction (target: 0xF6801D319497789f934ec7F83E142a9536312B08)
[2m2025-12-10T10:08:53.107637Z[0m [34mDEBUG[0m [2methereum_transaction_pool_monitor::mempool_monitor[0m[2m:[0m 📨 Processing new pending transaction: 0xfd3c0be697c2aca48999af676a3e115a7323feb9d2421d565973b04ca572d265
[2m2025-12-10T10:08:53.107643Z[0m [34mDEBUG[0m [2methereum_transaction_pool_monitor::mempool_monitor[0m[2m:[0m 🔍 Fetching transaction details for: 0xfd3c0be697c2aca48999af676a3e115a7323feb9d2421d565973b04ca572d265
[2m2025-12-10T10:08:53.107647Z[0m [34mDEBUG[0m [2methereum_transaction_pool_monitor::eth_client[0m[2m:[0m 🔍 Fetching transaction details for hash: 0xfd3c0be697c2aca48999af676a3e115a7323feb9d2421d565973b04ca572d265
[2m2025-12-10T10:08:53.107670Z[0m [34mDEBUG[0m [2mhyper::client::pool[0m[2m:[0m reuse idle connection for ("http", 192.168.0.14:8545)
[2m2025-12-10T10:08:53.107708Z[0m [34mDEBUG[0m [2mhyper::proto::h1::io[0m[2m:[0m flushed 250 bytes
[2m2025-12-10T10:08:53.110680Z[0m [34mDEBUG[0m [2mhyper::proto::h1::io[0m[2m:[0m parsed 4 headers
[2m2025-12-10T10:08:53.110733Z[0m [34mDEBUG[0m [2mhyper::proto::h1::conn[0m[2m:[0m incoming body is content-length (1731 bytes)
[2m2025-12-10T10:08:53.110793Z[0m [34mDEBUG[0m [2methereum_transaction_pool_monitor::eth_client[0m[2m:[0m 📡 Transaction fetch RPC completed in 3.141208ms
[2m2025-12-10T10:08:53.111842Z[0m [34mDEBUG[0m [2mhyper::proto::h1::conn[0m[2m:[0m incoming body completed
[2m2025-12-10T10:08:53.111884Z[0m [34mDEBUG[0m [2mhyper::client::pool[0m[2m:[0m pooling idle connection for ("http", 192.168.0.14:8545)
[2m2025-12-10T10:08:53.195024Z[0m [34mDEBUG[0m [2methereum_transaction_pool_monitor::eth_client[0m[2m:[0m ✅ Transaction 0xfd3c0be697c2aca48999af676a3e115a7323feb9d2421d565973b04ca572d265 fetched and parsed in 87.3685ms
[2m2025-12-10T10:08:53.195054Z[0m [34mDEBUG[0m [2methereum_transaction_pool_monitor::mempool_monitor[0m[2m:[0m 🔍 Skipping tx 0xfd3c0be697c2aca48999af676a3e115a7323feb9d2421d565973b04ca572d265 - not a DEX interaction (target: 0x601a2aD6CB5949f0529735254189Ba3194221EDF)
[2m2025-12-10T10:08:53.195065Z[0m [34mDEBUG[0m [2methereum_transaction_pool_monitor::mempool_monitor[0m[2m:[0m 📨 Processing new pending transaction: 0x9ded913aae71679470086fef8ac5cc902104785d67f87e6ef90308550f0bcfb4
[2m2025-12-10T10:08:53.195071Z[0m [34mDEBUG[0m [2methereum_transaction_pool_monitor::mempool_monitor[0m[2m:[0m 🔍 Fetching transaction details for: 0x9ded913aae71679470086fef8ac5cc902104785d67f87e6ef90308550f0bcfb4
[2m2025-12-10T10:08:53.195075Z[0m [34mDEBUG[0m [2methereum_transaction_pool_monitor::eth_client[0m[2m:[0m 🔍 Fetching transaction details for hash: 0x9ded913aae71679470086fef8ac5cc902104785d67f87e6ef90308550f0bcfb4
[2m2025-12-10T10:08:53.195100Z[0m [34mDEBUG[0m [2mhyper::client::pool[0m[2m:[0m reuse idle connection for ("http", 192.168.0.14:8545)
[2m2025-12-10T10:08:53.195178Z[0m [34mDEBUG[0m [2mhyper::proto::h1::io[0m[2m:[0m flushed 250 bytes
[2m2025-12-10T10:08:53.196451Z[0m [34mDEBUG[0m [2mhyper::client::pool[0m[2m:[0m reuse idle connection for ("http", 192.168.0.14:8545)
[2m2025-12-10T10:08:53.196555Z[0m [34mDEBUG[0m [2mhyper::proto::h1::io[0m[2m:[0m flushed 172 bytes
[2m2025-12-10T10:08:53.199377Z[0m [34mDEBUG[0m [2mhyper::proto::h1::io[0m[2m:[0m parsed 4 headers
[2m2025-12-10T10:08:53.199410Z[0m [34mDEBUG[0m [2mhyper::proto::h1::conn[0m[2m:[0m incoming body is content-length (45 bytes)
[2m2025-12-10T10:08:53.199428Z[0m [34mDEBUG[0m [2mhyper::proto::h1::conn[0m[2m:[0m incoming body completed
[2m2025-12-10T10:08:53.199447Z[0m [34mDEBUG[0m [2mhyper::client::pool[0m[2m:[0m pooling idle connection for ("http", 192.168.0.14:8545)
[2m2025-12-10T10:08:53.204308Z[0m [34mDEBUG[0m [2mhyper::proto::h1::io[0m[2m:[0m parsed 4 headers
[2m2025-12-10T10:08:53.204340Z[0m [34mDEBUG[0m [2mhyper::proto::h1::conn[0m[2m:[0m incoming body is content-length (840 bytes)
[2m2025-12-10T10:08:53.204360Z[0m [34mDEBUG[0m [2mhyper::proto::h1::conn[0m[2m:[0m incoming body completed
[2m2025-12-10T10:08:53.204381Z[0m [34mDEBUG[0m [2mhyper::client::pool[0m[2m:[0m pooling idle connection for ("http", 192.168.0.14:8545)
[2m2025-12-10T10:08:53.204404Z[0m [34mDEBUG[0m [2methereum_transaction_pool_monitor::eth_client[0m[2m:[0m 📡 Transaction fetch RPC completed in 9.324708ms
[2m2025-12-10T10:08:53.310953Z[0m [34mDEBUG[0m [2methereum_transaction_pool_monitor::eth_client[0m[2m:[0m ✅ Transaction 0x9ded913aae71679470086fef8ac5cc902104785d67f87e6ef90308550f0bcfb4 fetched and parsed in 115.869625ms
[2m2025-12-10T10:08:53.310997Z[0m [34mDEBUG[0m [2methereum_transaction_pool_monitor::mempool_monitor[0m[2m:[0m 🔍 Skipping tx 0x9ded913aae71679470086fef8ac5cc902104785d67f87e6ef90308550f0bcfb4 - not a DEX interaction (target: 0xA0b86991c6218b36c1d19D4a2e9Eb0cE3606eB48)
[2m2025-12-10T10:08:53.311008Z[0m [34mDEBUG[0m [2methereum_transaction_pool_monitor::mempool_monitor[0m[2m:[0m 📨 Processing new pending transaction: 0x04c388e709514c18fd859e2107647cfbab018501d5d21802bd114dea18a59028
[2m2025-12-10T10:08:53.311014Z[0m [34mDEBUG[0m [2methereum_transaction_pool_monitor::mempool_monitor[0m[2m:[0m 🔍 Fetching transaction details for: 0x04c388e709514c18fd859e2107647cfbab018501d5d21802bd114dea18a59028
[2m2025-12-10T10:08:53.311018Z[0m [34mDEBUG[0m [2methereum_transaction_pool_monitor::eth_client[0m[2m:[0m 🔍 Fetching transaction details for hash: 0x04c388e709514c18fd859e2107647cfbab018501d5d21802bd114dea18a59028
[2m2025-12-10T10:08:53.311044Z[0m [34mDEBUG[0m [2mhyper::client::pool[0m[2m:[0m reuse idle connection for ("http", 192.168.0.14:8545)
[2m2025-12-10T10:08:53.311110Z[0m [34mDEBUG[0m [2mhyper::proto::h1::io[0m[2m:[0m flushed 250 bytes
[2m2025-12-10T10:08:53.311139Z[0m [34mDEBUG[0m [2mhyper::client::pool[0m[2m:[0m reuse idle connection for ("http", 192.168.0.14:8545)
[2m2025-12-10T10:08:53.311163Z[0m [34mDEBUG[0m [2mhyper::proto::h1::io[0m[2m:[0m flushed 172 bytes
[2m2025-12-10T10:08:53.311160Z[0m [34mDEBUG[0m [2methereum_transaction_pool_monitor::eth_client[0m[2m:[0m 📨 Received WebSocket message: {"jsonrpc":"2.0","method":"eth_subscription","params":{"subscription":"0xbed0a0851463e895960a451075a301a9","result":"0x018efc8b2c06fb2218a0918680121ba1a7a12d7cd920f089f3028357b2391513"}}
[2m2025-12-10T10:08:53.311219Z[0m [34mDEBUG[0m [2methereum_transaction_pool_monitor::eth_client[0m[2m:[0m 📨 Received pending transaction: 0x018efc8b2c06fb2218a0918680121ba1a7a12d7cd920f089f3028357b2391513
[2m2025-12-10T10:08:53.315656Z[0m [34mDEBUG[0m [2mhyper::proto::h1::io[0m[2m:[0m parsed 4 headers
[2m2025-12-10T10:08:53.315703Z[0m [34mDEBUG[0m [2mhyper::proto::h1::conn[0m[2m:[0m incoming body is content-length (45 bytes)
[2m2025-12-10T10:08:53.315719Z[0m [34mDEBUG[0m [2mhyper::proto::h1::conn[0m[2m:[0m incoming body completed
[2m2025-12-10T10:08:53.315740Z[0m [34mDEBUG[0m [2mhyper::client::pool[0m[2m:[0m pooling idle connection for ("http", 192.168.0.14:8545)
[2m2025-12-10T10:08:53.321747Z[0m [34mDEBUG[0m [2mhyper::proto::h1::io[0m[2m:[0m parsed 4 headers
[2m2025-12-10T10:08:53.321778Z[0m [34mDEBUG[0m [2mhyper::proto::h1::conn[0m[2m:[0m incoming body is content-length (3455 bytes)
[2m2025-12-10T10:08:53.321814Z[0m [34mDEBUG[0m [2methereum_transaction_pool_monitor::eth_client[0m[2m:[0m 📡 Transaction fetch RPC completed in 10.792167ms
[2m2025-12-10T10:08:53.323437Z[0m [34mDEBUG[0m [2mhyper::proto::h1::conn[0m[2m:[0m incoming body completed
[2m2025-12-10T10:08:53.323461Z[0m [34mDEBUG[0m [2mhyper::client::pool[0m[2m:[0m pooling idle connection for ("http", 192.168.0.14:8545)
[2m2025-12-10T10:08:53.340486Z[0m [34mDEBUG[0m [2methereum_transaction_pool_monitor::eth_client[0m[2m:[0m 📨 Received WebSocket message: {"jsonrpc":"2.0","method":"eth_subscription","params":{"subscription":"0xbed0a0851463e895960a451075a301a9","result":"0xb38173ff1982dce8f557cdc9c78034c1f9022bceb4daef53fa9dd2b6f2a02ca6"}}
[2m2025-12-10T10:08:53.340564Z[0m [34mDEBUG[0m [2methereum_transaction_pool_monitor::eth_client[0m[2m:[0m 📨 Received pending transaction: 0xb38173ff1982dce8f557cdc9c78034c1f9022bceb4daef53fa9dd2b6f2a02ca6
[2m2025-12-10T10:08:53.344508Z[0m [34mDEBUG[0m [2methereum_transaction_pool_monitor::eth_client[0m[2m:[0m 📨 Received WebSocket message: {"jsonrpc":"2.0","method":"eth_subscription","params":{"subscription":"0xbed0a0851463e895960a451075a301a9","result":"0xc3dc7a9cd29d2fe06c101eac2f418c5a45f866af7c35d249a4a5c3643bd2ea29"}}
[2m2025-12-10T10:08:53.344532Z[0m [34mDEBUG[0m [2methereum_transaction_pool_monitor::eth_client[0m[2m:[0m 📨 Received pending transaction: 0xc3dc7a9cd29d2fe06c101eac2f418c5a45f866af7c35d249a4a5c3643bd2ea29
[2m2025-12-10T10:08:53.396443Z[0m [34mDEBUG[0m [2mhyper::client::pool[0m[2m:[0m reuse idle connection for ("http", 192.168.0.14:8545)
[2m2025-12-10T10:08:53.396559Z[0m [34mDEBUG[0m [2mhyper::proto::h1::io[0m[2m:[0m flushed 172 bytes
[2m2025-12-10T10:08:53.402641Z[0m [34mDEBUG[0m [2mhyper::proto::h1::io[0m[2m:[0m parsed 4 headers
[2m2025-12-10T10:08:53.402686Z[0m [34mDEBUG[0m [2mhyper::proto::h1::conn[0m[2m:[0m incoming body is content-length (45 bytes)
[2m2025-12-10T10:08:53.402705Z[0m [34mDEBUG[0m [2mhyper::proto::h1::conn[0m[2m:[0m incoming body completed
[2m2025-12-10T10:08:53.402742Z[0m [34mDEBUG[0m [2mhyper::client::pool[0m[2m:[0m pooling idle connection for ("http", 192.168.0.14:8545)
[2m2025-12-10T10:08:53.418845Z[0m [34mDEBUG[0m [2methereum_transaction_pool_monitor::eth_client[0m[2m:[0m 📨 Received WebSocket message: {"jsonrpc":"2.0","method":"eth_subscription","params":{"subscription":"0xbed0a0851463e895960a451075a301a9","result":"0xafc62950395b6550fb3b2d4fcef880ace5ce6853ec1c318096a8419a9d4f57e3"}}
[2m2025-12-10T10:08:53.418898Z[0m [34mDEBUG[0m [2methereum_transaction_pool_monitor::eth_client[0m[2m:[0m 📨 Received pending transaction: 0xafc62950395b6550fb3b2d4fcef880ace5ce6853ec1c318096a8419a9d4f57e3
[2m2025-12-10T10:08:53.419525Z[0m [34mDEBUG[0m [2methereum_transaction_pool_monitor::eth_client[0m[2m:[0m 📨 Received WebSocket message: {"jsonrpc":"2.0","method":"eth_subscription","params":{"subscription":"0xbed0a0851463e895960a451075a301a9","result":"0x64cc5e5b36e4d1c3ecbb00c8e8a1e6ab6b9176062cb652a44e0009233acc7381"}}
[2m2025-12-10T10:08:53.419553Z[0m [34mDEBUG[0m [2methereum_transaction_pool_monitor::eth_client[0m[2m:[0m 📨 Received pending transaction: 0x64cc5e5b36e4d1c3ecbb00c8e8a1e6ab6b9176062cb652a44e0009233acc7381
[2m2025-12-10T10:08:53.446165Z[0m [34mDEBUG[0m [2methereum_transaction_pool_monitor::eth_client[0m[2m:[0m ✅ Transaction 0x04c388e709514c18fd859e2107647cfbab018501d5d21802bd114dea18a59028 fetched and parsed in 135.138917ms
[2m2025-12-10T10:08:53.446189Z[0m [34mDEBUG[0m [2methereum_transaction_pool_monitor::mempool_monitor[0m[2m:[0m 🔍 Skipping tx 0x04c388e709514c18fd859e2107647cfbab018501d5d21802bd114dea18a59028 - not a DEX interaction (target: 0x618892aE551eB5bB2DE8911057b3714274b5FFe1)
[2m2025-12-10T10:08:53.446199Z[0m [34mDEBUG[0m [2methereum_transaction_pool_monitor::mempool_monitor[0m[2m:[0m 📨 Processing new pending transaction: 0x44a6ee77d32b5424749a8aa48bc4123c9818e2e25246aa398d688a6c5d37d0f5
[2m2025-12-10T10:08:53.446204Z[0m [34mDEBUG[0m [2methereum_transaction_pool_monitor::mempool_monitor[0m[2m:[0m 🔍 Fetching transaction details for: 0x44a6ee77d32b5424749a8aa48bc4123c9818e2e25246aa398d688a6c5d37d0f5
[2m2025-12-10T10:08:53.446209Z[0m [34mDEBUG[0m [2methereum_transaction_pool_monitor::eth_client[0m[2m:[0m 🔍 Fetching transaction details for hash: 0x44a6ee77d32b5424749a8aa48bc4123c9818e2e25246aa398d688a6c5d37d0f5
[2m2025-12-10T10:08:53.446234Z[0m [34mDEBUG[0m [2mhyper::client::pool[0m[2m:[0m reuse idle connection for ("http", 192.168.0.14:8545)
[2m2025-12-10T10:08:53.446305Z[0m [34mDEBUG[0m [2mhyper::proto::h1::io[0m[2m:[0m flushed 250 bytes
[2m2025-12-10T10:08:53.450291Z[0m [34mDEBUG[0m [2mhyper::proto::h1::io[0m[2m:[0m parsed 4 headers
[2m2025-12-10T10:08:53.450306Z[0m [34mDEBUG[0m [2mhyper::proto::h1::conn[0m[2m:[0m incoming body is content-length (1731 bytes)
[2m2025-12-10T10:08:53.450327Z[0m [34mDEBUG[0m [2methereum_transaction_pool_monitor::eth_client[0m[2m:[0m 📡 Transaction fetch RPC completed in 4.112792ms
[2m2025-12-10T10:08:53.450707Z[0m [34mDEBUG[0m [2mhyper::proto::h1::conn[0m[2m:[0m incoming body completed
[2m2025-12-10T10:08:53.450719Z[0m [34mDEBUG[0m [2mhyper::client::pool[0m[2m:[0m pooling idle connection for ("http", 192.168.0.14:8545)
[2m2025-12-10T10:08:53.496561Z[0m [34mDEBUG[0m [2mhyper::client::pool[0m[2m:[0m reuse idle connection for ("http", 192.168.0.14:8545)
[2m2025-12-10T10:08:53.496696Z[0m [34mDEBUG[0m [2mhyper::proto::h1::io[0m[2m:[0m flushed 172 bytes
[2m2025-12-10T10:08:53.500251Z[0m [34mDEBUG[0m [2mhyper::proto::h1::io[0m[2m:[0m parsed 4 headers
[2m2025-12-10T10:08:53.500298Z[0m [34mDEBUG[0m [2mhyper::proto::h1::conn[0m[2m:[0m incoming body is content-length (45 bytes)
[2m2025-12-10T10:08:53.500316Z[0m [34mDEBUG[0m [2mhyper::proto::h1::conn[0m[2m:[0m incoming body completed
[2m2025-12-10T10:08:53.500337Z[0m [34mDEBUG[0m [2mhyper::client::pool[0m[2m:[0m pooling idle connection for ("http", 192.168.0.14:8545)
[2m2025-12-10T10:08:53.506246Z[0m [34mDEBUG[0m [2methereum_transaction_pool_monitor::eth_client[0m[2m:[0m 📨 Received WebSocket message: {"jsonrpc":"2.0","method":"eth_subscription","params":{"subscription":"0xbed0a0851463e895960a451075a301a9","result":"0x6dddb44a0c5c6d53137e71c9504d35664b261e49793888ec0a8309a0b480a95d"}}
[2m2025-12-10T10:08:53.506290Z[0m [34mDEBUG[0m [2methereum_transaction_pool_monitor::eth_client[0m[2m:[0m 📨 Received pending transaction: 0x6dddb44a0c5c6d53137e71c9504d35664b261e49793888ec0a8309a0b480a95d
[2m2025-12-10T10:08:53.539552Z[0m [34mDEBUG[0m [2methereum_transaction_pool_monitor::eth_client[0m[2m:[0m ✅ Transaction 0x44a6ee77d32b5424749a8aa48bc4123c9818e2e25246aa398d688a6c5d37d0f5 fetched and parsed in 93.333542ms
[2m2025-12-10T10:08:53.539585Z[0m [34mDEBUG[0m [2methereum_transaction_pool_monitor::mempool_monitor[0m[2m:[0m 🔍 Skipping tx 0x44a6ee77d32b5424749a8aa48bc4123c9818e2e25246aa398d688a6c5d37d0f5 - not a DEX interaction (target: 0x601a2aD6CB5949f0529735254189Ba3194221EDF)
[2m2025-12-10T10:08:53.539594Z[0m [34mDEBUG[0m [2methereum_transaction_pool_monitor::mempool_monitor[0m[2m:[0m 📨 Processing new pending transaction: 0x26b1d073e439b3c1bd5310245f8f1f2dcbd9d2a50bd7ddcfcf28db64dd71e557
[2m2025-12-10T10:08:53.539599Z[0m [34mDEBUG[0m [2methereum_transaction_pool_monitor::mempool_monitor[0m[2m:[0m 🔍 Fetching transaction details for: 0x26b1d073e439b3c1bd5310245f8f1f2dcbd9d2a50bd7ddcfcf28db64dd71e557
[2m2025-12-10T10:08:53.539603Z[0m [34mDEBUG[0m [2methereum_transaction_pool_monitor::eth_client[0m[2m:[0m 🔍 Fetching transaction details for hash: 0x26b1d073e439b3c1bd5310245f8f1f2dcbd9d2a50bd7ddcfcf28db64dd71e557
[2m2025-12-10T10:08:53.539626Z[0m [34mDEBUG[0m [2mhyper::client::pool[0m[2m:[0m reuse idle connection for ("http", 192.168.0.14:8545)
[2m2025-12-10T10:08:53.539702Z[0m [34mDEBUG[0m [2mhyper::proto::h1::io[0m[2m:[0m flushed 250 bytes
[2m2025-12-10T10:08:53.548273Z[0m [34mDEBUG[0m [2mhyper::proto::h1::io[0m[2m:[0m parsed 4 headers
[2m2025-12-10T10:08:53.548572Z[0m [34mDEBUG[0m [2mhyper::proto::h1::conn[0m[2m:[0m incoming body is content-length (646 bytes)
[2m2025-12-10T10:08:53.548587Z[0m [34mDEBUG[0m [2mhyper::proto::h1::conn[0m[2m:[0m incoming body completed
[2m2025-12-10T10:08:53.548602Z[0m [34mDEBUG[0m [2mhyper::client::pool[0m[2m:[0m pooling idle connection for ("http", 192.168.0.14:8545)
[2m2025-12-10T10:08:53.548613Z[0m [34mDEBUG[0m [2methereum_transaction_pool_monitor::eth_client[0m[2m:[0m 📡 Transaction fetch RPC completed in 9.005875ms
[2m2025-12-10T10:08:53.635172Z[0m [34mDEBUG[0m [2methereum_transaction_pool_monitor::eth_client[0m[2m:[0m ✅ Transaction 0x26b1d073e439b3c1bd5310245f8f1f2dcbd9d2a50bd7ddcfcf28db64dd71e557 fetched and parsed in 95.561084ms
[2m2025-12-10T10:08:53.635203Z[0m [34mDEBUG[0m [2methereum_transaction_pool_monitor::mempool_monitor[0m[2m:[0m 🔍 Skipping tx 0x26b1d073e439b3c1bd5310245f8f1f2dcbd9d2a50bd7ddcfcf28db64dd71e557 - not a DEX interaction (target: 0x22F6FF465CCdca67E284D43359D61e02719437A0)
[2m2025-12-10T10:08:53.635213Z[0m [34mDEBUG[0m [2methereum_transaction_pool_monitor::mempool_monitor[0m[2m:[0m 📨 Processing new pending transaction: 0xcb946d1efed754319bee993513eab63bb0d9b64d4d11acbfb1a35306a55cdef9
[2m2025-12-10T10:08:53.635217Z[0m [34mDEBUG[0m [2methereum_transaction_pool_monitor::mempool_monitor[0m[2m:[0m 🔍 Fetching transaction details for: 0xcb946d1efed754319bee993513eab63bb0d9b64d4d11acbfb1a35306a55cdef9
[2m2025-12-10T10:08:53.635221Z[0m [34mDEBUG[0m [2methereum_transaction_pool_monitor::eth_client[0m[2m:[0m 🔍 Fetching transaction details for hash: 0xcb946d1efed754319bee993513eab63bb0d9b64d4d11acbfb1a35306a55cdef9
[2m2025-12-10T10:08:53.635243Z[0m [34mDEBUG[0m [2mhyper::client::pool[0m[2m:[0m reuse idle connection for ("http", 192.168.0.14:8545)
[2m2025-12-10T10:08:53.635320Z[0m [34mDEBUG[0m [2mhyper::proto::h1::io[0m[2m:[0m flushed 250 bytes
[2m2025-12-10T10:08:53.635344Z[0m [34mDEBUG[0m [2mhyper::client::pool[0m[2m:[0m reuse idle connection for ("http", 192.168.0.14:8545)
[2m2025-12-10T10:08:53.635363Z[0m [34mDEBUG[0m [2mhyper::proto::h1::io[0m[2m:[0m flushed 172 bytes
[2m2025-12-10T10:08:53.635360Z[0m [34mDEBUG[0m [2methereum_transaction_pool_monitor::eth_client[0m[2m:[0m 📨 Received WebSocket message: {"jsonrpc":"2.0","method":"eth_subscription","params":{"subscription":"0xbed0a0851463e895960a451075a301a9","result":"0x720d1e33183cb44b55f0fb667b82ffca6f90c509d1033f5db101a97f2f287291"}}
[2m2025-12-10T10:08:53.635406Z[0m [34mDEBUG[0m [2methereum_transaction_pool_monitor::eth_client[0m[2m:[0m 📨 Received pending transaction: 0x720d1e33183cb44b55f0fb667b82ffca6f90c509d1033f5db101a97f2f287291
[2m2025-12-10T10:08:53.638778Z[0m [34mDEBUG[0m [2mhyper::proto::h1::io[0m[2m:[0m parsed 4 headers
[2m2025-12-10T10:08:53.638817Z[0m [34mDEBUG[0m [2mhyper::proto::h1::conn[0m[2m:[0m incoming body is content-length (45 bytes)
[2m2025-12-10T10:08:53.638834Z[0m [34mDEBUG[0m [2mhyper::proto::h1::conn[0m[2m:[0m incoming body completed
[2m2025-12-10T10:08:53.638853Z[0m [34mDEBUG[0m [2mhyper::client::pool[0m[2m:[0m pooling idle connection for ("http", 192.168.0.14:8545)
[2m2025-12-10T10:08:53.641292Z[0m [34mDEBUG[0m [2mhyper::proto::h1::io[0m[2m:[0m parsed 4 headers
[2m2025-12-10T10:08:53.641322Z[0m [34mDEBUG[0m [2mhyper::proto::h1::conn[0m[2m:[0m incoming body is content-length (654 bytes)
[2m2025-12-10T10:08:53.641336Z[0m [34mDEBUG[0m [2mhyper::proto::h1::conn[0m[2m:[0m incoming body completed
[2m2025-12-10T10:08:53.641352Z[0m [34mDEBUG[0m [2mhyper::client::pool[0m[2m:[0m pooling idle connection for ("http", 192.168.0.14:8545)
[2m2025-12-10T10:08:53.641364Z[0m [34mDEBUG[0m [2methereum_transaction_pool_monitor::eth_client[0m[2m:[0m 📡 Transaction fetch RPC completed in 6.1395ms
[2m2025-12-10T10:08:53.753304Z[0m [34mDEBUG[0m [2methereum_transaction_pool_monitor::eth_client[0m[2m:[0m ✅ Transaction 0xcb946d1efed754319bee993513eab63bb0d9b64d4d11acbfb1a35306a55cdef9 fetched and parsed in 118.075167ms
[2m2025-12-10T10:08:53.753351Z[0m [34mDEBUG[0m [2methereum_transaction_pool_monitor::mempool_monitor[0m[2m:[0m 🔍 Skipping tx 0xcb946d1efed754319bee993513eab63bb0d9b64d4d11acbfb1a35306a55cdef9 - not a DEX interaction (target: 0x443cAd5AE3aC62abB2b76A6ce8e11331e6709Bb8)
[2m2025-12-10T10:08:53.753369Z[0m [34mDEBUG[0m [2methereum_transaction_pool_monitor::mempool_monitor[0m[2m:[0m 📨 Processing new pending transaction: 0xb7f377c99349cf746ba75bc5d28a05896d291796aa8613cad49a83addbf2f7ef
[2m2025-12-10T10:08:53.753378Z[0m [34mDEBUG[0m [2methereum_transaction_pool_monitor::mempool_monitor[0m[2m:[0m 🔍 Fetching transaction details for: 0xb7f377c99349cf746ba75bc5d28a05896d291796aa8613cad49a83addbf2f7ef
[2m2025-12-10T10:08:53.753386Z[0m [34mDEBUG[0m [2methereum_transaction_pool_monitor::eth_client[0m[2m:[0m 🔍 Fetching transaction details for hash: 0xb7f377c99349cf746ba75bc5d28a05896d291796aa8613cad49a83addbf2f7ef
[2m2025-12-10T10:08:53.753421Z[0m [34mDEBUG[0m [2mhyper::client::pool[0m[2m:[0m reuse idle connection for ("http", 192.168.0.14:8545)
[2m2025-12-10T10:08:53.753520Z[0m [34mDEBUG[0m [2mhyper::proto::h1::io[0m[2m:[0m flushed 250 bytes
[2m2025-12-10T10:08:53.753557Z[0m [34mDEBUG[0m [2mhyper::client::pool[0m[2m:[0m reuse idle connection for ("http", 192.168.0.14:8545)
[2m2025-12-10T10:08:53.753569Z[0m [34mDEBUG[0m [2methereum_transaction_pool_monitor::eth_client[0m[2m:[0m 📨 Received WebSocket message: {"jsonrpc":"2.0","method":"eth_subscription","params":{"subscription":"0xbed0a0851463e895960a451075a301a9","result":"0xefbc6d2ec0eb97d398ae16cdc570202e938a4ea934ca4e10425ebbaa84aaf72b"}}
[2m2025-12-10T10:08:53.753590Z[0m [34mDEBUG[0m [2mhyper::proto::h1::io[0m[2m:[0m flushed 172 bytes
[2m2025-12-10T10:08:53.753591Z[0m [34mDEBUG[0m [2methereum_transaction_pool_monitor::eth_client[0m[2m:[0m 📨 Received pending transaction: 0xefbc6d2ec0eb97d398ae16cdc570202e938a4ea934ca4e10425ebbaa84aaf72b
[2m2025-12-10T10:08:53.753623Z[0m [34mDEBUG[0m [2methereum_transaction_pool_monitor::eth_client[0m[2m:[0m 📨 Received WebSocket message: {"jsonrpc":"2.0","method":"eth_subscription","params":{"subscription":"0xbed0a0851463e895960a451075a301a9","result":"0x61485e169d08a92e09ea984f2fdbfe5d546932c25aca938aed529c8b06be1a32"}}
[2m2025-12-10T10:08:53.753636Z[0m [34mDEBUG[0m [2methereum_transaction_pool_monitor::eth_client[0m[2m:[0m 📨 Received pending transaction: 0x61485e169d08a92e09ea984f2fdbfe5d546932c25aca938aed529c8b06be1a32
[2m2025-12-10T10:08:53.753646Z[0m [34mDEBUG[0m [2methereum_transaction_pool_monitor::eth_client[0m[2m:[0m 📨 Received WebSocket message: {"jsonrpc":"2.0","method":"eth_subscription","params":{"subscription":"0xbed0a0851463e895960a451075a301a9","result":"0x2f9c33662d416820ca0dd6d762ce99df773c97942d252af63382eae44c144dfd"}}
[2m2025-12-10T10:08:53.753657Z[0m [34mDEBUG[0m [2methereum_transaction_pool_monitor::eth_client[0m[2m:[0m 📨 Received pending transaction: 0x2f9c33662d416820ca0dd6d762ce99df773c97942d252af63382eae44c144dfd
[2m2025-12-10T10:08:53.753666Z[0m [34mDEBUG[0m [2methereum_transaction_pool_monitor::eth_client[0m[2m:[0m 📨 Received WebSocket message: {"jsonrpc":"2.0","method":"eth_subscription","params":{"subscription":"0xbed0a0851463e895960a451075a301a9","result":"0xf365ecec1172e6692d9be15fe6c4f32c3696d9f6022ba4ade7bf558ffb4cc312"}}
[2m2025-12-10T10:08:53.753675Z[0m [34mDEBUG[0m [2methereum_transaction_pool_monitor::eth_client[0m[2m:[0m 📨 Received pending transaction: 0xf365ecec1172e6692d9be15fe6c4f32c3696d9f6022ba4ade7bf558ffb4cc312
[2m2025-12-10T10:08:53.756915Z[0m [34mDEBUG[0m [2mhyper::proto::h1::io[0m[2m:[0m parsed 4 headers
[2m2025-12-10T10:08:53.756967Z[0m [34mDEBUG[0m [2mhyper::proto::h1::conn[0m[2m:[0m incoming body is content-length (45 bytes)
[2m2025-12-10T10:08:53.756989Z[0m [34mDEBUG[0m [2mhyper::proto::h1::conn[0m[2m:[0m incoming body completed
[2m2025-12-10T10:08:53.757010Z[0m [34mDEBUG[0m [2mhyper::client::pool[0m[2m:[0m pooling idle connection for ("http", 192.168.0.14:8545)
[2m2025-12-10T10:08:53.757438Z[0m [34mDEBUG[0m [2mhyper::proto::h1::io[0m[2m:[0m parsed 4 headers
[2m2025-12-10T10:08:53.757451Z[0m [34mDEBUG[0m [2mhyper::proto::h1::conn[0m[2m:[0m incoming body is content-length (678 bytes)
[2m2025-12-10T10:08:53.757464Z[0m [34mDEBUG[0m [2mhyper::proto::h1::conn[0m[2m:[0m incoming body completed
[2m2025-12-10T10:08:53.757478Z[0m [34mDEBUG[0m [2mhyper::client::pool[0m[2m:[0m pooling idle connection for ("http", 192.168.0.14:8545)
[2m2025-12-10T10:08:53.757492Z[0m [34mDEBUG[0m [2methereum_transaction_pool_monitor::eth_client[0m[2m:[0m 📡 Transaction fetch RPC completed in 4.097041ms
[2m2025-12-10T10:08:53.757516Z[0m [34mDEBUG[0m [2methereum_transaction_pool_monitor::eth_client[0m[2m:[0m DeFi transaction detected - Address: 0xdac17f958d2ee523a2206206994597c13d831ec7, Type: Stablecoin, Value: 0 ETH, Gas: 0.21 Gwei
[2m2025-12-10T10:08:53.757540Z[0m [34mDEBUG[0m [2methereum_transaction_pool_monitor::eth_client[0m[2m:[0m ✅ Transaction 0xb7f377c99349cf746ba75bc5d28a05896d291796aa8613cad49a83addbf2f7ef fetched and parsed in 4.145875ms
[2m2025-12-10T10:08:53.757555Z[0m [34mDEBUG[0m [2methereum_transaction_pool_monitor::mempool_monitor[0m[2m:[0m 🔍 Skipping tx 0xb7f377c99349cf746ba75bc5d28a05896d291796aa8613cad49a83addbf2f7ef - not a DEX interaction (target: 0xdAC17F958D2ee523a2206206994597C13D831ec7)
[2m2025-12-10T10:08:53.757571Z[0m [34mDEBUG[0m [2methereum_transaction_pool_monitor::mempool_monitor[0m[2m:[0m 📨 Processing new pending transaction: 0x4ad42ef89986e6185630897e598133af2eb456fff2f9cf2feab1ae8564f0e84b
[2m2025-12-10T10:08:53.757580Z[0m [34mDEBUG[0m [2methereum_transaction_pool_monitor::mempool_monitor[0m[2m:[0m 🔍 Fetching transaction details for: 0x4ad42ef89986e6185630897e598133af2eb456fff2f9cf2feab1ae8564f0e84b
[2m2025-12-10T10:08:53.757590Z[0m [34mDEBUG[0m [2methereum_transaction_pool_monitor::eth_client[0m[2m:[0m 🔍 Fetching transaction details for hash: 0x4ad42ef89986e6185630897e598133af2eb456fff2f9cf2feab1ae8564f0e84b
[2m2025-12-10T10:08:53.757616Z[0m [34mDEBUG[0m [2mhyper::client::pool[0m[2m:[0m reuse idle connection for ("http", 192.168.0.14:8545)
[2m2025-12-10T10:08:53.757666Z[0m [34mDEBUG[0m [2mhyper::proto::h1::io[0m[2m:[0m flushed 250 bytes
[2m2025-12-10T10:08:53.762320Z[0m [34mDEBUG[0m [2mhyper::proto::h1::io[0m[2m:[0m parsed 4 headers
[2m2025-12-10T10:08:53.762351Z[0m [34mDEBUG[0m [2mhyper::proto::h1::conn[0m[2m:[0m incoming body is content-length (552 bytes)
[2m2025-12-10T10:08:53.762366Z[0m [34mDEBUG[0m [2mhyper::proto::h1::conn[0m[2m:[0m incoming body completed
[2m2025-12-10T10:08:53.762384Z[0m [34mDEBUG[0m [2mhyper::client::pool[0m[2m:[0m pooling idle connection for ("http", 192.168.0.14:8545)
[2m2025-12-10T10:08:53.762398Z[0m [34mDEBUG[0m [2methereum_transaction_pool_monitor::eth_client[0m[2m:[0m 📡 Transaction fetch RPC completed in 4.80025ms
[2m2025-12-10T10:08:53.865636Z[0m [34mDEBUG[0m [2methereum_transaction_pool_monitor::eth_client[0m[2m:[0m ✅ Transaction 0x4ad42ef89986e6185630897e598133af2eb456fff2f9cf2feab1ae8564f0e84b fetched and parsed in 108.033666ms
[2m2025-12-10T10:08:53.865670Z[0m [34mDEBUG[0m [2methereum_transaction_pool_monitor::mempool_monitor[0m[2m:[0m 🔍 Skipping tx 0x4ad42ef89986e6185630897e598133af2eb456fff2f9cf2feab1ae8564f0e84b - not a DEX interaction (target: 0x252E4d2a9eFB289B6956159ea70200D8fd931286)
[2m2025-12-10T10:08:53.865682Z[0m [34mDEBUG[0m [2methereum_transaction_pool_monitor::mempool_monitor[0m[2m:[0m 📨 Processing new pending transaction: 0xa8a06ccd72c058d87253dde59409d4ce4009da0277ad742675100d35e6485909
[2m2025-12-10T10:08:53.865688Z[0m [34mDEBUG[0m [2methereum_transaction_pool_monitor::mempool_monitor[0m[2m:[0m 🔍 Fetching transaction details for: 0xa8a06ccd72c058d87253dde59409d4ce4009da0277ad742675100d35e6485909
[2m2025-12-10T10:08:53.865825Z[0m [34mDEBUG[0m [2methereum_transaction_pool_monitor::eth_client[0m[2m:[0m 🔍 Fetching transaction details for hash: 0xa8a06ccd72c058d87253dde59409d4ce4009da0277ad742675100d35e6485909
[2m2025-12-10T10:08:53.866121Z[0m [34mDEBUG[0m [2mhyper::client::pool[0m[2m:[0m reuse idle connection for ("http", 192.168.0.14:8545)
[2m2025-12-10T10:08:53.866578Z[0m [34mDEBUG[0m [2mhyper::proto::h1::io[0m[2m:[0m flushed 250 bytes
[2m2025-12-10T10:08:53.866782Z[0m [34mDEBUG[0m [2mhyper::client::pool[0m[2m:[0m reuse idle connection for ("http", 192.168.0.14:8545)
[2m2025-12-10T10:08:53.866877Z[0m [34mDEBUG[0m [2mhyper::proto::h1::io[0m[2m:[0m flushed 172 bytes
[2m2025-12-10T10:08:53.876835Z[0m [34mDEBUG[0m [2mhyper::proto::h1::io[0m[2m:[0m parsed 4 headers
[2m2025-12-10T10:08:53.876879Z[0m [34mDEBUG[0m [2mhyper::proto::h1::conn[0m[2m:[0m incoming body is content-length (45 bytes)
[2m2025-12-10T10:08:53.876896Z[0m [34mDEBUG[0m [2mhyper::proto::h1::conn[0m[2m:[0m incoming body completed
[2m2025-12-10T10:08:53.876917Z[0m [34mDEBUG[0m [2mhyper::client::pool[0m[2m:[0m pooling idle connection for ("http", 192.168.0.14:8545)
[2m2025-12-10T10:08:53.877623Z[0m [34mDEBUG[0m [2mhyper::proto::h1::io[0m[2m:[0m parsed 4 headers
[2m2025-12-10T10:08:53.877653Z[0m [34mDEBUG[0m [2mhyper::proto::h1::conn[0m[2m:[0m incoming body is content-length (763 bytes)
[2m2025-12-10T10:08:53.877667Z[0m [34mDEBUG[0m [2mhyper::proto::h1::conn[0m[2m:[0m incoming body completed
[2m2025-12-10T10:08:53.877682Z[0m [34mDEBUG[0m [2mhyper::client::pool[0m[2m:[0m pooling idle connection for ("http", 192.168.0.14:8545)
[2m2025-12-10T10:08:53.877695Z[0m [34mDEBUG[0m [2methereum_transaction_pool_monitor::eth_client[0m[2m:[0m 📡 Transaction fetch RPC completed in 11.780459ms
[2m2025-12-10T10:08:53.966730Z[0m [34mDEBUG[0m [2methereum_transaction_pool_monitor::eth_client[0m[2m:[0m ✅ Transaction 0xa8a06ccd72c058d87253dde59409d4ce4009da0277ad742675100d35e6485909 fetched and parsed in 100.812ms
[2m2025-12-10T10:08:53.966771Z[0m [34mDEBUG[0m [2methereum_transaction_pool_monitor::mempool_monitor[0m[2m:[0m 🔍 Skipping tx 0xa8a06ccd72c058d87253dde59409d4ce4009da0277ad742675100d35e6485909 - not a DEX interaction (target: 0xA0b86991c6218b36c1d19D4a2e9Eb0cE3606eB48)
[2m2025-12-10T10:08:53.966782Z[0m [34mDEBUG[0m [2methereum_transaction_pool_monitor::mempool_monitor[0m[2m:[0m 📨 Processing new pending transaction: 0x21dda800a2d34cb4bc9bf0604b6adeffb6a80b9ad8a1759640777b96ca9f1101
[2m2025-12-10T10:08:53.966787Z[0m [34mDEBUG[0m [2methereum_transaction_pool_monitor::mempool_monitor[0m[2m:[0m 🔍 Fetching transaction details for: 0x21dda800a2d34cb4bc9bf0604b6adeffb6a80b9ad8a1759640777b96ca9f1101
[2m2025-12-10T10:08:53.966792Z[0m [34mDEBUG[0m [2methereum_transaction_pool_monitor::eth_client[0m[2m:[0m 🔍 Fetching transaction details for hash: 0x21dda800a2d34cb4bc9bf0604b6adeffb6a80b9ad8a1759640777b96ca9f1101
[2m2025-12-10T10:08:53.966815Z[0m [34mDEBUG[0m [2mhyper::client::pool[0m[2m:[0m reuse idle connection for ("http", 192.168.0.14:8545)
[2m2025-12-10T10:08:53.966892Z[0m [34mDEBUG[0m [2mhyper::proto::h1::io[0m[2m:[0m flushed 250 bytes
[2m2025-12-10T10:08:53.966950Z[0m [34mDEBUG[0m [2mhyper::client::pool[0m[2m:[0m reuse idle connection for ("http", 192.168.0.14:8545)
[2m2025-12-10T10:08:53.967029Z[0m [34mDEBUG[0m [2mhyper::proto::h1::io[0m[2m:[0m flushed 172 bytes
[2m2025-12-10T10:08:53.971198Z[0m [34mDEBUG[0m [2mhyper::proto::h1::io[0m[2m:[0m parsed 4 headers
[2m2025-12-10T10:08:53.971244Z[0m [34mDEBUG[0m [2mhyper::proto::h1::conn[0m[2m:[0m incoming body is content-length (45 bytes)
[2m2025-12-10T10:08:53.971261Z[0m [34mDEBUG[0m [2mhyper::proto::h1::conn[0m[2m:[0m incoming body completed
[2m2025-12-10T10:08:53.971281Z[0m [34mDEBUG[0m [2mhyper::client::pool[0m[2m:[0m pooling idle connection for ("http", 192.168.0.14:8545)
[2m2025-12-10T10:08:53.971725Z[0m [34mDEBUG[0m [2mhyper::proto::h1::io[0m[2m:[0m parsed 4 headers
[2m2025-12-10T10:08:53.971749Z[0m [34mDEBUG[0m [2mhyper::proto::h1::conn[0m[2m:[0m incoming body is content-length (773 bytes)
[2m2025-12-10T10:08:53.971764Z[0m [34mDEBUG[0m [2mhyper::proto::h1::conn[0m[2m:[0m incoming body completed
[2m2025-12-10T10:08:53.971780Z[0m [34mDEBUG[0m [2mhyper::client::pool[0m[2m:[0m pooling idle connection for ("http", 192.168.0.14:8545)
[2m2025-12-10T10:08:53.971792Z[0m [34mDEBUG[0m [2methereum_transaction_pool_monitor::eth_client[0m[2m:[0m 📡 Transaction fetch RPC completed in 4.995959ms
[2m2025-12-10T10:08:53.971817Z[0m [34mDEBUG[0m [2methereum_transaction_pool_monitor::eth_client[0m[2m:[0m DeFi transaction detected - Address: 0xdac17f958d2ee523a2206206994597c13d831ec7, Type: Stablecoin, Value: 0 ETH, Gas: 0.77 Gwei
[2m2025-12-10T10:08:53.971839Z[0m [34mDEBUG[0m [2methereum_transaction_pool_monitor::eth_client[0m[2m:[0m ✅ Transaction 0x21dda800a2d34cb4bc9bf0604b6adeffb6a80b9ad8a1759640777b96ca9f1101 fetched and parsed in 5.043584ms
[2m2025-12-10T10:08:53.971851Z[0m [34mDEBUG[0m [2methereum_transaction_pool_monitor::mempool_monitor[0m[2m:[0m 🔍 Skipping tx 0x21dda800a2d34cb4bc9bf0604b6adeffb6a80b9ad8a1759640777b96ca9f1101 - not a DEX interaction (target: 0xdAC17F958D2ee523a2206206994597C13D831ec7)
[2m2025-12-10T10:08:53.971865Z[0m [34mDEBUG[0m [2methereum_transaction_pool_monitor::mempool_monitor[0m[2m:[0m 📨 Processing new pending transaction: 0xd20b31d6235826fa7b925f3af9a63e0165886a1b385d47161b3f5967a314adce
[2m2025-12-10T10:08:53.971873Z[0m [34mDEBUG[0m [2methereum_transaction_pool_monitor::mempool_monitor[0m[2m:[0m 🔍 Fetching transaction details for: 0xd20b31d6235826fa7b925f3af9a63e0165886a1b385d47161b3f5967a314adce
[2m2025-12-10T10:08:53.971880Z[0m [34mDEBUG[0m [2methereum_transaction_pool_monitor::eth_client[0m[2m:[0m 🔍 Fetching transaction details for hash: 0xd20b31d6235826fa7b925f3af9a63e0165886a1b385d47161b3f5967a314adce
[2m2025-12-10T10:08:53.971906Z[0m [34mDEBUG[0m [2mhyper::client::pool[0m[2m:[0m reuse idle connection for ("http", 192.168.0.14:8545)
[2m2025-12-10T10:08:53.971947Z[0m [34mDEBUG[0m [2mhyper::proto::h1::io[0m[2m:[0m flushed 250 bytes
[2m2025-12-10T10:08:53.985290Z[0m [34mDEBUG[0m [2mhyper::proto::h1::io[0m[2m:[0m parsed 4 headers
[2m2025-12-10T10:08:53.985327Z[0m [34mDEBUG[0m [2mhyper::proto::h1::conn[0m[2m:[0m incoming body is content-length (1351 bytes)
[2m2025-12-10T10:08:53.985356Z[0m [34mDEBUG[0m [2methereum_transaction_pool_monitor::eth_client[0m[2m:[0m 📡 Transaction fetch RPC completed in 13.467459ms
[2m2025-12-10T10:08:53.986106Z[0m [34mDEBUG[0m [2mhyper::proto::h1::conn[0m[2m:[0m incoming body completed
[2m2025-12-10T10:08:53.986128Z[0m [34mDEBUG[0m [2mhyper::client::pool[0m[2m:[0m pooling idle connection for ("http", 192.168.0.14:8545)
[2m2025-12-10T10:08:53.993315Z[0m [34mDEBUG[0m [2methereum_transaction_pool_monitor::eth_client[0m[2m:[0m 📨 Received WebSocket message: {"jsonrpc":"2.0","method":"eth_subscription","params":{"subscription":"0xbed0a0851463e895960a451075a301a9","result":"0xe2d531e209819d2418de5b9e2f5511be718318a4021c9caeb1cfdff46b47fe1a"}}
[2m2025-12-10T10:08:53.993370Z[0m [34mDEBUG[0m [2methereum_transaction_pool_monitor::eth_client[0m[2m:[0m 📨 Received pending transaction: 0xe2d531e209819d2418de5b9e2f5511be718318a4021c9caeb1cfdff46b47fe1a
[2m2025-12-10T10:08:53.993384Z[0m [34mDEBUG[0m [2methereum_transaction_pool_monitor::eth_client[0m[2m:[0m 📨 Received WebSocket message: {"jsonrpc":"2.0","method":"eth_subscription","params":{"subscription":"0xbed0a0851463e895960a451075a301a9","result":"0x45ba65ea5ffc7841e7f57f19b5e15210bab0a255239d833ecb7a173192d3e2ff"}}
[2m2025-12-10T10:08:53.993396Z[0m [34mDEBUG[0m [2methereum_transaction_pool_monitor::eth_client[0m[2m:[0m 📨 Received pending transaction: 0x45ba65ea5ffc7841e7f57f19b5e15210bab0a255239d833ecb7a173192d3e2ff
[2m2025-12-10T10:08:53.993406Z[0m [34mDEBUG[0m [2methereum_transaction_pool_monitor::eth_client[0m[2m:[0m 📨 Received WebSocket message: {"jsonrpc":"2.0","method":"eth_subscription","params":{"subscription":"0xbed0a0851463e895960a451075a301a9","result":"0x8366a790280fe1e892b2efe9eaddc5020a233905a2b89a1330141503ac35b997"}}
[2m2025-12-10T10:08:53.993416Z[0m [34mDEBUG[0m [2methereum_transaction_pool_monitor::eth_client[0m[2m:[0m 📨 Received pending transaction: 0x8366a790280fe1e892b2efe9eaddc5020a233905a2b89a1330141503ac35b997
[2m2025-12-10T10:08:53.996579Z[0m [34mDEBUG[0m [2mhyper::client::pool[0m[2m:[0m reuse idle connection for ("http", 192.168.0.14:8545)
[2m2025-12-10T10:08:53.996671Z[0m [34mDEBUG[0m [2mhyper::proto::h1::io[0m[2m:[0m flushed 172 bytes
[2m2025-12-10T10:08:54.001584Z[0m [34mDEBUG[0m [2mhyper::proto::h1::io[0m[2m:[0m parsed 4 headers
[2m2025-12-10T10:08:54.004004Z[0m [34mDEBUG[0m [2mhyper::proto::h1::conn[0m[2m:[0m incoming body is content-length (45 bytes)
[2m2025-12-10T10:08:54.004023Z[0m [34mDEBUG[0m [2mhyper::proto::h1::conn[0m[2m:[0m incoming body completed
[2m2025-12-10T10:08:54.004044Z[0m [34mDEBUG[0m [2mhyper::client::pool[0m[2m:[0m pooling idle connection for ("http", 192.168.0.14:8545)
[2m2025-12-10T10:08:54.004859Z[0m [34mDEBUG[0m [2methereum_transaction_pool_monitor::eth_client[0m[2m:[0m 📨 Received WebSocket message: {"jsonrpc":"2.0","method":"eth_subscription","params":{"subscription":"0xbed0a0851463e895960a451075a301a9","result":"0x2cf0bc07474e0d848948ac1442309ff6a951f9d97f6008887541a1693e72c552"}}
[2m2025-12-10T10:08:54.004898Z[0m [34mDEBUG[0m [2methereum_transaction_pool_monitor::eth_client[0m[2m:[0m 📨 Received pending transaction: 0x2cf0bc07474e0d848948ac1442309ff6a951f9d97f6008887541a1693e72c552
[2m2025-12-10T10:08:54.085187Z[0m [34mDEBUG[0m [2methereum_transaction_pool_monitor::eth_client[0m[2m:[0m 📨 Received WebSocket message: {"jsonrpc":"2.0","method":"eth_subscription","params":{"subscription":"0xbed0a0851463e895960a451075a301a9","result":"0xa9a1fc209d30bed3c7bd1b6bc18ee363f11404dfd10499c901f91de096241619"}}
[2m2025-12-10T10:08:54.085240Z[0m [34mDEBUG[0m [2methereum_transaction_pool_monitor::eth_client[0m[2m:[0m 📨 Received pending transaction: 0xa9a1fc209d30bed3c7bd1b6bc18ee363f11404dfd10499c901f91de096241619
[2m2025-12-10T10:08:54.091004Z[0m [34mDEBUG[0m [2methereum_transaction_pool_monitor::eth_client[0m[2m:[0m ✅ Transaction 0xd20b31d6235826fa7b925f3af9a63e0165886a1b385d47161b3f5967a314adce fetched and parsed in 119.112ms
[2m2025-12-10T10:08:54.091041Z[0m [34mDEBUG[0m [2methereum_transaction_pool_monitor::mempool_monitor[0m[2m:[0m 🔍 Skipping tx 0xd20b31d6235826fa7b925f3af9a63e0165886a1b385d47161b3f5967a314adce - not a DEX interaction (target: 0x4e0A22606a1AbAA857Ec4958ae9B0B38451dFF4A)
[2m2025-12-10T10:08:54.091052Z[0m [34mDEBUG[0m [2methereum_transaction_pool_monitor::mempool_monitor[0m[2m:[0m 📨 Processing new pending transaction: 0xc184547cfee477b09a3663b1ba7711771866fa8d2ae337f6c8a8d05618651421
[2m2025-12-10T10:08:54.091057Z[0m [34mDEBUG[0m [2methereum_transaction_pool_monitor::mempool_monitor[0m[2m:[0m 🔍 Fetching transaction details for: 0xc184547cfee477b09a3663b1ba7711771866fa8d2ae337f6c8a8d05618651421
[2m2025-12-10T10:08:54.091061Z[0m [34mDEBUG[0m [2methereum_transaction_pool_monitor::eth_client[0m[2m:[0m 🔍 Fetching transaction details for hash: 0xc184547cfee477b09a3663b1ba7711771866fa8d2ae337f6c8a8d05618651421
[2m2025-12-10T10:08:54.091086Z[0m [34mDEBUG[0m [2mhyper::client::pool[0m[2m:[0m reuse idle connection for ("http", 192.168.0.14:8545)
[2m2025-12-10T10:08:54.091166Z[0m [34mDEBUG[0m [2mhyper::proto::h1::io[0m[2m:[0m flushed 250 bytes
[2m2025-12-10T10:08:54.095283Z[0m [34mDEBUG[0m [2mhyper::proto::h1::io[0m[2m:[0m parsed 4 headers
[2m2025-12-10T10:08:54.095327Z[0m [34mDEBUG[0m [2mhyper::proto::h1::conn[0m[2m:[0m incoming body is content-length (640 bytes)
[2m2025-12-10T10:08:54.095345Z[0m [34mDEBUG[0m [2mhyper::proto::h1::conn[0m[2m:[0m incoming body completed
[2m2025-12-10T10:08:54.095366Z[0m [34mDEBUG[0m [2mhyper::client::pool[0m[2m:[0m pooling idle connection for ("http", 192.168.0.14:8545)
[2m2025-12-10T10:08:54.095382Z[0m [34mDEBUG[0m [2methereum_transaction_pool_monitor::eth_client[0m[2m:[0m 📡 Transaction fetch RPC completed in 4.315834ms
[2m2025-12-10T10:08:54.247476Z[0m [34mDEBUG[0m [2methereum_transaction_pool_monitor::eth_client[0m[2m:[0m ✅ Transaction 0xc184547cfee477b09a3663b1ba7711771866fa8d2ae337f6c8a8d05618651421 fetched and parsed in 156.405209ms
[2m2025-12-10T10:08:54.247512Z[0m [34mDEBUG[0m [2methereum_transaction_pool_monitor::mempool_monitor[0m[2m:[0m 🔍 Skipping tx 0xc184547cfee477b09a3663b1ba7711771866fa8d2ae337f6c8a8d05618651421 - not a DEX interaction (target: 0x4A44754fd493F8927319bc6150636Af32233a0F3)
[2m2025-12-10T10:08:54.247523Z[0m [34mDEBUG[0m [2methereum_transaction_pool_monitor::mempool_monitor[0m[2m:[0m 📨 Processing new pending transaction: 0xa99eef38f2cfa7b4666d249ebad857e19d96072d6fc86ddad3e051752477d26d
[2m2025-12-10T10:08:54.247527Z[0m [34mDEBUG[0m [2methereum_transaction_pool_monitor::mempool_monitor[0m[2m:[0m 🔍 Fetching transaction details for: 0xa99eef38f2cfa7b4666d249ebad857e19d96072d6fc86ddad3e051752477d26d
[2m2025-12-10T10:08:54.247531Z[0m [34mDEBUG[0m [2methereum_transaction_pool_monitor::eth_client[0m[2m:[0m 🔍 Fetching transaction details for hash: 0xa99eef38f2cfa7b4666d249ebad857e19d96072d6fc86ddad3e051752477d26d
[2m2025-12-10T10:08:54.247556Z[0m [34mDEBUG[0m [2mhyper::client::pool[0m[2m:[0m reuse idle connection for ("http", 192.168.0.14:8545)
[2m2025-12-10T10:08:54.247669Z[0m [34mDEBUG[0m [2mhyper::proto::h1::io[0m[2m:[0m flushed 250 bytes
[2m2025-12-10T10:08:54.247703Z[0m [34mDEBUG[0m [2mhyper::client::pool[0m[2m:[0m reuse idle connection for ("http", 192.168.0.14:8545)
[2m2025-12-10T10:08:54.247736Z[0m [34mDEBUG[0m [2mhyper::proto::h1::io[0m[2m:[0m flushed 172 bytes
[2m2025-12-10T10:08:54.247746Z[0m [34mDEBUG[0m [2methereum_transaction_pool_monitor::eth_client[0m[2m:[0m 📨 Received WebSocket message: {"jsonrpc":"2.0","method":"eth_subscription","params":{"subscription":"0xbed0a0851463e895960a451075a301a9","result":"0x4c94b80ea3969ecf26ca201cc7db99c6d538cd07e56b254c460c7f342a61ce59"}}
[2m2025-12-10T10:08:54.247806Z[0m [34mDEBUG[0m [2methereum_transaction_pool_monitor::eth_client[0m[2m:[0m 📨 Received pending transaction: 0x4c94b80ea3969ecf26ca201cc7db99c6d538cd07e56b254c460c7f342a61ce59
[2m2025-12-10T10:08:54.247818Z[0m [34mDEBUG[0m [2methereum_transaction_pool_monitor::eth_client[0m[2m:[0m 📨 Received WebSocket message: {"jsonrpc":"2.0","method":"eth_subscription","params":{"subscription":"0xbed0a0851463e895960a451075a301a9","result":"0x8db64e58be3da21161a9c8ee069549491384683993cbe564399668e682c7c11b"}}
[2m2025-12-10T10:08:54.247823Z[0m [34mDEBUG[0m [2methereum_transaction_pool_monitor::eth_client[0m[2m:[0m 📨 Received pending transaction: 0x8db64e58be3da21161a9c8ee069549491384683993cbe564399668e682c7c11b
[2m2025-12-10T10:08:54.247827Z[0m [34mDEBUG[0m [2methereum_transaction_pool_monitor::eth_client[0m[2m:[0m 📨 Received WebSocket message: {"jsonrpc":"2.0","method":"eth_subscription","params":{"subscription":"0xbed0a0851463e895960a451075a301a9","result":"0x7f2378f830719941130c173645d12821a93986cbea66037051420ff6b350ce7d"}}
[2m2025-12-10T10:08:54.247832Z[0m [34mDEBUG[0m [2methereum_transaction_pool_monitor::eth_client[0m[2m:[0m 📨 Received pending transaction: 0x7f2378f830719941130c173645d12821a93986cbea66037051420ff6b350ce7d
[2m2025-12-10T10:08:54.247836Z[0m [34mDEBUG[0m [2methereum_transaction_pool_monitor::eth_client[0m[2m:[0m 📨 Received WebSocket message: {"jsonrpc":"2.0","method":"eth_subscription","params":{"subscription":"0xbed0a0851463e895960a451075a301a9","result":"0xa30f62b9af4b4e468bb9fe9c923e602af53a05dbe0377c837187a8d8971cfb57"}}
[2m2025-12-10T10:08:54.247841Z[0m [34mDEBUG[0m [2methereum_transaction_pool_monitor::eth_client[0m[2m:[0m 📨 Received pending transaction: 0xa30f62b9af4b4e468bb9fe9c923e602af53a05dbe0377c837187a8d8971cfb57
[2m2025-12-10T10:08:54.252175Z[0m [34mDEBUG[0m [2mhyper::proto::h1::io[0m[2m:[0m parsed 4 headers
[2m2025-12-10T10:08:54.252201Z[0m [34mDEBUG[0m [2mhyper::proto::h1::conn[0m[2m:[0m incoming body is content-length (717 bytes)
[2m2025-12-10T10:08:54.252217Z[0m [34mDEBUG[0m [2mhyper::proto::h1::conn[0m[2m:[0m incoming body completed
[2m2025-12-10T10:08:54.252250Z[0m [34mDEBUG[0m [2mhyper::client::pool[0m[2m:[0m pooling idle connection for ("http", 192.168.0.14:8545)
[2m2025-12-10T10:08:54.252278Z[0m [34mDEBUG[0m [2methereum_transaction_pool_monitor::eth_client[0m[2m:[0m 📡 Transaction fetch RPC completed in 4.743083ms
[2m2025-12-10T10:08:54.394251Z[0m [34mDEBUG[0m [2methereum_transaction_pool_monitor::eth_client[0m[2m:[0m ✅ Transaction 0xa99eef38f2cfa7b4666d249ebad857e19d96072d6fc86ddad3e051752477d26d fetched and parsed in 146.710833ms
[2m2025-12-10T10:08:54.394278Z[0m [34mDEBUG[0m [2methereum_transaction_pool_monitor::mempool_monitor[0m[2m:[0m 🔍 Skipping tx 0xa99eef38f2cfa7b4666d249ebad857e19d96072d6fc86ddad3e051752477d26d - not a DEX interaction (target: 0xbD9a30a63DF163DC91EFd65060d47Ed350061B53)
[2m2025-12-10T10:08:54.394287Z[0m [34mDEBUG[0m [2methereum_transaction_pool_monitor::mempool_monitor[0m[2m:[0m 📨 Processing new pending transaction: 0x3abd2fa9ec3e73bf3741ce51ad5aeb303b8ddd5e73031845e2ea7007a80e50e1
[2m2025-12-10T10:08:54.394292Z[0m [34mDEBUG[0m [2methereum_transaction_pool_monitor::mempool_monitor[0m[2m:[0m 🔍 Fetching transaction details for: 0x3abd2fa9ec3e73bf3741ce51ad5aeb303b8ddd5e73031845e2ea7007a80e50e1
[2m2025-12-10T10:08:54.394296Z[0m [34mDEBUG[0m [2methereum_transaction_pool_monitor::eth_client[0m[2m:[0m 🔍 Fetching transaction details for hash: 0x3abd2fa9ec3e73bf3741ce51ad5aeb303b8ddd5e73031845e2ea7007a80e50e1
[2m2025-12-10T10:08:54.394322Z[0m [34mDEBUG[0m [2mhyper::client::pool[0m[2m:[0m reuse idle connection for ("http", 192.168.0.14:8545)
[2m2025-12-10T10:08:54.394399Z[0m [34mDEBUG[0m [2mhyper::proto::h1::io[0m[2m:[0m flushed 250 bytes
[2m2025-12-10T10:08:54.394431Z[0m [34mDEBUG[0m [2methereum_transaction_pool_monitor::eth_client[0m[2m:[0m 📨 Received WebSocket message: {"jsonrpc":"2.0","method":"eth_subscription","params":{"subscription":"0xbed0a0851463e895960a451075a301a9","result":"0x99d9c0b5a33aeff5c8cec6087b2f7ac0edc777290925a32666df34f8fdde613e"}}
[2m2025-12-10T10:08:54.394440Z[0m [34mDEBUG[0m [2methereum_transaction_pool_monitor::eth_client[0m[2m:[0m 📨 Received pending transaction: 0x99d9c0b5a33aeff5c8cec6087b2f7ac0edc777290925a32666df34f8fdde613e
[2m2025-12-10T10:08:54.394446Z[0m [34mDEBUG[0m [2methereum_transaction_pool_monitor::eth_client[0m[2m:[0m 📨 Received WebSocket message: {"jsonrpc":"2.0","method":"eth_subscription","params":{"subscription":"0xbed0a0851463e895960a451075a301a9","result":"0xc0a02304b18c92caf38ec0038f03b141e6b7fbfece4e08b342d330f7d2667c74"}}
[2m2025-12-10T10:08:54.394452Z[0m [34mDEBUG[0m [2methereum_transaction_pool_monitor::eth_client[0m[2m:[0m 📨 Received pending transaction: 0xc0a02304b18c92caf38ec0038f03b141e6b7fbfece4e08b342d330f7d2667c74
[2m2025-12-10T10:08:54.394451Z[0m [34mDEBUG[0m [2mhyper::proto::h1::io[0m[2m:[0m parsed 4 headers
[2m2025-12-10T10:08:54.394458Z[0m [34mDEBUG[0m [2methereum_transaction_pool_monitor::eth_client[0m[2m:[0m 📨 Received WebSocket message: {"jsonrpc":"2.0","method":"eth_subscription","params":{"subscription":"0xbed0a0851463e895960a451075a301a9","result":"0xefb60eb206ee8bacbc0156388a981df973394ccda1009e12cfb9d014a20e5ddb"}}
[2m2025-12-10T10:08:54.394502Z[0m [34mDEBUG[0m [2mhyper::proto::h1::conn[0m[2m:[0m incoming body is content-length (45 bytes)
[2m2025-12-10T10:08:54.394513Z[0m [34mDEBUG[0m [2methereum_transaction_pool_monitor::eth_client[0m[2m:[0m 📨 Received pending transaction: 0xefb60eb206ee8bacbc0156388a981df973394ccda1009e12cfb9d014a20e5ddb
[2m2025-12-10T10:08:54.394524Z[0m [34mDEBUG[0m [2mhyper::proto::h1::conn[0m[2m:[0m incoming body completed
[2m2025-12-10T10:08:54.394558Z[0m [34mDEBUG[0m [2mhyper::client::pool[0m[2m:[0m pooling idle connection for ("http", 192.168.0.14:8545)
[2m2025-12-10T10:08:54.394613Z[0m [34mDEBUG[0m [2mhyper::client::pool[0m[2m:[0m reuse idle connection for ("http", 192.168.0.14:8545)
[2m2025-12-10T10:08:54.394639Z[0m [34mDEBUG[0m [2mhyper::proto::h1::io[0m[2m:[0m flushed 172 bytes
[2m2025-12-10T10:08:54.398647Z[0m [34mDEBUG[0m [2mhyper::proto::h1::io[0m[2m:[0m parsed 4 headers
[2m2025-12-10T10:08:54.398679Z[0m [34mDEBUG[0m [2mhyper::proto::h1::conn[0m[2m:[0m incoming body is content-length (45 bytes)
[2m2025-12-10T10:08:54.398696Z[0m [34mDEBUG[0m [2mhyper::proto::h1::conn[0m[2m:[0m incoming body completed
[2m2025-12-10T10:08:54.398717Z[0m [34mDEBUG[0m [2mhyper::client::pool[0m[2m:[0m pooling idle connection for ("http", 192.168.0.14:8545)
[2m2025-12-10T10:08:54.398763Z[0m [34mDEBUG[0m [2mhyper::client::pool[0m[2m:[0m reuse idle connection for ("http", 192.168.0.14:8545)
[2m2025-12-10T10:08:54.398810Z[0m [34mDEBUG[0m [2mhyper::proto::h1::io[0m[2m:[0m parsed 4 headers
[2m2025-12-10T10:08:54.398811Z[0m [34mDEBUG[0m [2mhyper::proto::h1::io[0m[2m:[0m flushed 172 bytes
[2m2025-12-10T10:08:54.398833Z[0m [34mDEBUG[0m [2mhyper::proto::h1::conn[0m[2m:[0m incoming body is content-length (776 bytes)
[2m2025-12-10T10:08:54.398855Z[0m [34mDEBUG[0m [2mhyper::proto::h1::conn[0m[2m:[0m incoming body completed
[2m2025-12-10T10:08:54.398872Z[0m [34mDEBUG[0m [2mhyper::client::pool[0m[2m:[0m pooling idle connection for ("http", 192.168.0.14:8545)
[2m2025-12-10T10:08:54.398886Z[0m [34mDEBUG[0m [2methereum_transaction_pool_monitor::eth_client[0m[2m:[0m 📡 Transaction fetch RPC completed in 4.585833ms
[2m2025-12-10T10:08:54.398916Z[0m [34mDEBUG[0m [2methereum_transaction_pool_monitor::eth_client[0m[2m:[0m DeFi transaction detected - Address: 0xdac17f958d2ee523a2206206994597c13d831ec7, Type: Stablecoin, Value: 0 ETH, Gas: 200.00 Gwei
[2m2025-12-10T10:08:54.398939Z[0m [34mDEBUG[0m [2methereum_transaction_pool_monitor::eth_client[0m[2m:[0m ✅ Transaction 0x3abd2fa9ec3e73bf3741ce51ad5aeb303b8ddd5e73031845e2ea7007a80e50e1 fetched and parsed in 4.638416ms
[2m2025-12-10T10:08:54.398951Z[0m [34mDEBUG[0m [2methereum_transaction_pool_monitor::mempool_monitor[0m[2m:[0m 🔍 Skipping tx 0x3abd2fa9ec3e73bf3741ce51ad5aeb303b8ddd5e73031845e2ea7007a80e50e1 - not a DEX interaction (target: 0xdAC17F958D2ee523a2206206994597C13D831ec7)
[2m2025-12-10T10:08:54.398963Z[0m [34mDEBUG[0m [2methereum_transaction_pool_monitor::mempool_monitor[0m[2m:[0m 📨 Processing new pending transaction: 0xcc3fd1a7ee938393a486483fbd17d5bbaeea7b8c03e36b18f603bbe5e7016ade
[2m2025-12-10T10:08:54.398971Z[0m [34mDEBUG[0m [2methereum_transaction_pool_monitor::mempool_monitor[0m[2m:[0m 🔍 Fetching transaction details for: 0xcc3fd1a7ee938393a486483fbd17d5bbaeea7b8c03e36b18f603bbe5e7016ade
[2m2025-12-10T10:08:54.398979Z[0m [34mDEBUG[0m [2methereum_transaction_pool_monitor::eth_client[0m[2m:[0m 🔍 Fetching transaction details for hash: 0xcc3fd1a7ee938393a486483fbd17d5bbaeea7b8c03e36b18f603bbe5e7016ade
[2m2025-12-10T10:08:54.398996Z[0m [34mDEBUG[0m [2mhyper::client::pool[0m[2m:[0m reuse idle connection for ("http", 192.168.0.14:8545)
[2m2025-12-10T10:08:54.399026Z[0m [34mDEBUG[0m [2mhyper::proto::h1::io[0m[2m:[0m flushed 250 bytes
[2m2025-12-10T10:08:54.404720Z[0m [34mDEBUG[0m [2methereum_transaction_pool_monitor::eth_client[0m[2m:[0m 📨 Received WebSocket message: {"jsonrpc":"2.0","method":"eth_subscription","params":{"subscription":"0xbed0a0851463e895960a451075a301a9","result":"0x0815b9d8b73bdc354996c3ac1a7f5a90b6708d623b59b4d8c00f01efa2a73d97"}}
[2m2025-12-10T10:08:54.404756Z[0m [34mDEBUG[0m [2methereum_transaction_pool_monitor::eth_client[0m[2m:[0m 📨 Received pending transaction: 0x0815b9d8b73bdc354996c3ac1a7f5a90b6708d623b59b4d8c00f01efa2a73d97
[2m2025-12-10T10:08:54.404786Z[0m [34mDEBUG[0m [2mhyper::proto::h1::io[0m[2m:[0m parsed 4 headers
[2m2025-12-10T10:08:54.404796Z[0m [34mDEBUG[0m [2mhyper::proto::h1::conn[0m[2m:[0m incoming body is content-length (45 bytes)
[2m2025-12-10T10:08:54.404813Z[0m [34mDEBUG[0m [2mhyper::proto::h1::conn[0m[2m:[0m incoming body completed
[2m2025-12-10T10:08:54.404832Z[0m [34mDEBUG[0m [2mhyper::client::pool[0m[2m:[0m pooling idle connection for ("http", 192.168.0.14:8545)
[2m2025-12-10T10:08:54.404875Z[0m [34mDEBUG[0m [2mhyper::client::pool[0m[2m:[0m reuse idle connection for ("http", 192.168.0.14:8545)
[2m2025-12-10T10:08:54.404917Z[0m [34mDEBUG[0m [2mhyper::proto::h1::io[0m[2m:[0m flushed 172 bytes
[2m2025-12-10T10:08:54.408703Z[0m [34mDEBUG[0m [2mhyper::proto::h1::io[0m[2m:[0m parsed 4 headers
[2m2025-12-10T10:08:54.408732Z[0m [34mDEBUG[0m [2mhyper::proto::h1::conn[0m[2m:[0m incoming body is content-length (776 bytes)
[2m2025-12-10T10:08:54.408743Z[0m [34mDEBUG[0m [2mhyper::proto::h1::conn[0m[2m:[0m incoming body completed
[2m2025-12-10T10:08:54.408757Z[0m [34mDEBUG[0m [2mhyper::client::pool[0m[2m:[0m pooling idle connection for ("http", 192.168.0.14:8545)
[2m2025-12-10T10:08:54.408766Z[0m [34mDEBUG[0m [2methereum_transaction_pool_monitor::eth_client[0m[2m:[0m 📡 Transaction fetch RPC completed in 9.780375ms
[2m2025-12-10T10:08:54.408785Z[0m [34mDEBUG[0m [2methereum_transaction_pool_monitor::eth_client[0m[2m:[0m DeFi transaction detected - Address: 0xdac17f958d2ee523a2206206994597c13d831ec7, Type: Stablecoin, Value: 0 ETH, Gas: 200.00 Gwei
[2m2025-12-10T10:08:54.408796Z[0m [34mDEBUG[0m [2methereum_transaction_pool_monitor::eth_client[0m[2m:[0m ✅ Transaction 0xcc3fd1a7ee938393a486483fbd17d5bbaeea7b8c03e36b18f603bbe5e7016ade fetched and parsed in 9.810667ms
[2m2025-12-10T10:08:54.408803Z[0m [34mDEBUG[0m [2methereum_transaction_pool_monitor::mempool_monitor[0m[2m:[0m 🔍 Skipping tx 0xcc3fd1a7ee938393a486483fbd17d5bbaeea7b8c03e36b18f603bbe5e7016ade - not a DEX interaction (target: 0xdAC17F958D2ee523a2206206994597C13D831ec7)
[2m2025-12-10T10:08:54.408811Z[0m [34mDEBUG[0m [2methereum_transaction_pool_monitor::mempool_monitor[0m[2m:[0m 📨 Processing new pending transaction: 0x244d1f30ab2c133ddfd80ecb5de1e22fd90a11cabfe6ba31e4240d96ad5a4efd
[2m2025-12-10T10:08:54.408815Z[0m [34mDEBUG[0m [2methereum_transaction_pool_monitor::mempool_monitor[0m[2m:[0m 🔍 Fetching transaction details for: 0x244d1f30ab2c133ddfd80ecb5de1e22fd90a11cabfe6ba31e4240d96ad5a4efd
[2m2025-12-10T10:08:54.408818Z[0m [34mDEBUG[0m [2methereum_transaction_pool_monitor::eth_client[0m[2m:[0m 🔍 Fetching transaction details for hash: 0x244d1f30ab2c133ddfd80ecb5de1e22fd90a11cabfe6ba31e4240d96ad5a4efd
[2m2025-12-10T10:08:54.408835Z[0m [34mDEBUG[0m [2mhyper::client::pool[0m[2m:[0m reuse idle connection for ("http", 192.168.0.14:8545)
[2m2025-12-10T10:08:54.408877Z[0m [34mDEBUG[0m [2mhyper::proto::h1::io[0m[2m:[0m flushed 250 bytes
[2m2025-12-10T10:08:54.410341Z[0m [34mDEBUG[0m [2mhyper::proto::h1::io[0m[2m:[0m parsed 4 headers
[2m2025-12-10T10:08:54.410359Z[0m [34mDEBUG[0m [2mhyper::proto::h1::conn[0m[2m:[0m incoming body is content-length (45 bytes)
[2m2025-12-10T10:08:54.410371Z[0m [34mDEBUG[0m [2mhyper::proto::h1::conn[0m[2m:[0m incoming body completed
[2m2025-12-10T10:08:54.410386Z[0m [34mDEBUG[0m [2mhyper::client::pool[0m[2m:[0m pooling idle connection for ("http", 192.168.0.14:8545)
[2m2025-12-10T10:08:54.414189Z[0m [34mDEBUG[0m [2mhyper::proto::h1::io[0m[2m:[0m parsed 4 headers
[2m2025-12-10T10:08:54.414216Z[0m [34mDEBUG[0m [2mhyper::proto::h1::conn[0m[2m:[0m incoming body is content-length (1030 bytes)
[2m2025-12-10T10:08:54.414226Z[0m [34mDEBUG[0m [2mhyper::proto::h1::conn[0m[2m:[0m incoming body completed
[2m2025-12-10T10:08:54.414239Z[0m [34mDEBUG[0m [2mhyper::client::pool[0m[2m:[0m pooling idle connection for ("http", 192.168.0.14:8545)
[2m2025-12-10T10:08:54.414248Z[0m [34mDEBUG[0m [2methereum_transaction_pool_monitor::eth_client[0m[2m:[0m 📡 Transaction fetch RPC completed in 5.426458ms
[2m2025-12-10T10:08:54.498781Z[0m [34mDEBUG[0m [2methereum_transaction_pool_monitor::eth_client[0m[2m:[0m ✅ Transaction 0x244d1f30ab2c133ddfd80ecb5de1e22fd90a11cabfe6ba31e4240d96ad5a4efd fetched and parsed in 89.956ms
[2m2025-12-10T10:08:54.498816Z[0m [34mDEBUG[0m [2methereum_transaction_pool_monitor::mempool_monitor[0m[2m:[0m 🔍 Skipping tx 0x244d1f30ab2c133ddfd80ecb5de1e22fd90a11cabfe6ba31e4240d96ad5a4efd - not a DEX interaction (target: 0xc02Ab410f0734EFa3F14628780e6e695156024C2)
[2m2025-12-10T10:08:54.498826Z[0m [34mDEBUG[0m [2methereum_transaction_pool_monitor::mempool_monitor[0m[2m:[0m 📨 Processing new pending transaction: 0x301cc9566e264cb394d00d7f9651915eb22f253de4f7499051eee088c75e816f
[2m2025-12-10T10:08:54.498831Z[0m [34mDEBUG[0m [2methereum_transaction_pool_monitor::mempool_monitor[0m[2m:[0m 🔍 Fetching transaction details for: 0x301cc9566e264cb394d00d7f9651915eb22f253de4f7499051eee088c75e816f
[2m2025-12-10T10:08:54.498834Z[0m [34mDEBUG[0m [2methereum_transaction_pool_monitor::eth_client[0m[2m:[0m 🔍 Fetching transaction details for hash: 0x301cc9566e264cb394d00d7f9651915eb22f253de4f7499051eee088c75e816f
[2m2025-12-10T10:08:54.498857Z[0m [34mDEBUG[0m [2mhyper::client::pool[0m[2m:[0m reuse idle connection for ("http", 192.168.0.14:8545)
[2m2025-12-10T10:08:54.498934Z[0m [34mDEBUG[0m [2mhyper::proto::h1::io[0m[2m:[0m flushed 250 bytes
[2m2025-12-10T10:08:54.498966Z[0m [34mDEBUG[0m [2mhyper::client::pool[0m[2m:[0m reuse idle connection for ("http", 192.168.0.14:8545)
[2m2025-12-10T10:08:54.498984Z[0m [34mDEBUG[0m [2mhyper::proto::h1::io[0m[2m:[0m flushed 172 bytes
[2m2025-12-10T10:08:54.503421Z[0m [34mDEBUG[0m [2mhyper::proto::h1::io[0m[2m:[0m parsed 4 headers
[2m2025-12-10T10:08:54.503436Z[0m [34mDEBUG[0m [2mhyper::proto::h1::conn[0m[2m:[0m incoming body is content-length (45 bytes)
[2m2025-12-10T10:08:54.503445Z[0m [34mDEBUG[0m [2mhyper::proto::h1::conn[0m[2m:[0m incoming body completed
[2m2025-12-10T10:08:54.503457Z[0m [34mDEBUG[0m [2mhyper::client::pool[0m[2m:[0m pooling idle connection for ("http", 192.168.0.14:8545)
[2m2025-12-10T10:08:54.504333Z[0m [34mDEBUG[0m [2mhyper::proto::h1::io[0m[2m:[0m parsed 4 headers
[2m2025-12-10T10:08:54.504371Z[0m [34mDEBUG[0m [2mhyper::proto::h1::conn[0m[2m:[0m incoming body is content-length (775 bytes)
[2m2025-12-10T10:08:54.504392Z[0m [34mDEBUG[0m [2mhyper::proto::h1::conn[0m[2m:[0m incoming body completed
[2m2025-12-10T10:08:54.504417Z[0m [34mDEBUG[0m [2mhyper::client::pool[0m[2m:[0m pooling idle connection for ("http", 192.168.0.14:8545)
[2m2025-12-10T10:08:54.504437Z[0m [34mDEBUG[0m [2methereum_transaction_pool_monitor::eth_client[0m[2m:[0m 📡 Transaction fetch RPC completed in 5.599209ms
[2m2025-12-10T10:08:54.504477Z[0m [34mDEBUG[0m [2methereum_transaction_pool_monitor::eth_client[0m[2m:[0m DeFi transaction detected - Address: 0xdac17f958d2ee523a2206206994597c13d831ec7, Type: Stablecoin, Value: 0 ETH, Gas: 200.00 Gwei
[2m2025-12-10T10:08:54.504494Z[0m [34mDEBUG[0m [2methereum_transaction_pool_monitor::eth_client[0m[2m:[0m ✅ Transaction 0x301cc9566e264cb394d00d7f9651915eb22f253de4f7499051eee088c75e816f fetched and parsed in 5.655917ms
[2m2025-12-10T10:08:54.504501Z[0m [34mDEBUG[0m [2methereum_transaction_pool_monitor::mempool_monitor[0m[2m:[0m 🔍 Skipping tx 0x301cc9566e264cb394d00d7f9651915eb22f253de4f7499051eee088c75e816f - not a DEX interaction (target: 0xdAC17F958D2ee523a2206206994597C13D831ec7)
[2m2025-12-10T10:08:54.504509Z[0m [34mDEBUG[0m [2methereum_transaction_pool_monitor::mempool_monitor[0m[2m:[0m 📨 Processing new pending transaction: 0x85645892a60badaf6eb6b8ff2163ac0d5bf240d3c38ff90461ae9a40a9b62b66
[2m2025-12-10T10:08:54.504513Z[0m [34mDEBUG[0m [2methereum_transaction_pool_monitor::mempool_monitor[0m[2m:[0m 🔍 Fetching transaction details for: 0x85645892a60badaf6eb6b8ff2163ac0d5bf240d3c38ff90461ae9a40a9b62b66
[2m2025-12-10T10:08:54.504516Z[0m [34mDEBUG[0m [2methereum_transaction_pool_monitor::eth_client[0m[2m:[0m 🔍 Fetching transaction details for hash: 0x85645892a60badaf6eb6b8ff2163ac0d5bf240d3c38ff90461ae9a40a9b62b66
[2m2025-12-10T10:08:54.504533Z[0m [34mDEBUG[0m [2mhyper::client::pool[0m[2m:[0m reuse idle connection for ("http", 192.168.0.14:8545)
[2m2025-12-10T10:08:54.504554Z[0m [34mDEBUG[0m [2mhyper::proto::h1::io[0m[2m:[0m flushed 250 bytes
[2m2025-12-10T10:08:54.509208Z[0m [34mDEBUG[0m [2mhyper::proto::h1::io[0m[2m:[0m parsed 4 headers
[2m2025-12-10T10:08:54.509238Z[0m [34mDEBUG[0m [2mhyper::proto::h1::conn[0m[2m:[0m incoming body is content-length (655 bytes)
[2m2025-12-10T10:08:54.509254Z[0m [34mDEBUG[0m [2mhyper::proto::h1::conn[0m[2m:[0m incoming body completed
[2m2025-12-10T10:08:54.509273Z[0m [34mDEBUG[0m [2mhyper::client::pool[0m[2m:[0m pooling idle connection for ("http", 192.168.0.14:8545)
[2m2025-12-10T10:08:54.509287Z[0m [34mDEBUG[0m [2methereum_transaction_pool_monitor::eth_client[0m[2m:[0m 📡 Transaction fetch RPC completed in 4.767209ms
[2m2025-12-10T10:08:54.595104Z[0m [34mDEBUG[0m [2methereum_transaction_pool_monitor::eth_client[0m[2m:[0m ✅ Transaction 0x85645892a60badaf6eb6b8ff2163ac0d5bf240d3c38ff90461ae9a40a9b62b66 fetched and parsed in 90.580875ms
[2m2025-12-10T10:08:54.595138Z[0m [34mDEBUG[0m [2methereum_transaction_pool_monitor::mempool_monitor[0m[2m:[0m 🔍 Skipping tx 0x85645892a60badaf6eb6b8ff2163ac0d5bf240d3c38ff90461ae9a40a9b62b66 - not a DEX interaction (target: 0xa1abfA21f80ecf401bd41365adBb6fEF6fEfDF09)
[2m2025-12-10T10:08:54.595148Z[0m [34mDEBUG[0m [2methereum_transaction_pool_monitor::mempool_monitor[0m[2m:[0m 📨 Processing new pending transaction: 0x4fc71a7d1d414dfd34f32c603ed44de09e275396df609c02f50b3d378bdbf051
[2m2025-12-10T10:08:54.595152Z[0m [34mDEBUG[0m [2methereum_transaction_pool_monitor::mempool_monitor[0m[2m:[0m 🔍 Fetching transaction details for: 0x4fc71a7d1d414dfd34f32c603ed44de09e275396df609c02f50b3d378bdbf051
[2m2025-12-10T10:08:54.595156Z[0m [34mDEBUG[0m [2methereum_transaction_pool_monitor::eth_client[0m[2m:[0m 🔍 Fetching transaction details for hash: 0x4fc71a7d1d414dfd34f32c603ed44de09e275396df609c02f50b3d378bdbf051
[2m2025-12-10T10:08:54.595180Z[0m [34mDEBUG[0m [2mhyper::client::pool[0m[2m:[0m reuse idle connection for ("http", 192.168.0.14:8545)
[2m2025-12-10T10:08:54.595260Z[0m [34mDEBUG[0m [2mhyper::proto::h1::io[0m[2m:[0m flushed 250 bytes
[2m2025-12-10T10:08:54.595287Z[0m [34mDEBUG[0m [2methereum_transaction_pool_monitor::eth_client[0m[2m:[0m 📨 Received WebSocket message: {"jsonrpc":"2.0","method":"eth_subscription","params":{"subscription":"0xbed0a0851463e895960a451075a301a9","result":"0xd4da02159ca52b7d12473d8c9143bee182733aaf5231879792364a4a36f1daf8"}}
[2m2025-12-10T10:08:54.595295Z[0m [34mDEBUG[0m [2methereum_transaction_pool_monitor::eth_client[0m[2m:[0m 📨 Received pending transaction: 0xd4da02159ca52b7d12473d8c9143bee182733aaf5231879792364a4a36f1daf8
[2m2025-12-10T10:08:54.596463Z[0m [34mDEBUG[0m [2mhyper::client::pool[0m[2m:[0m reuse idle connection for ("http", 192.168.0.14:8545)
[2m2025-12-10T10:08:54.596556Z[0m [34mDEBUG[0m [2mhyper::proto::h1::io[0m[2m:[0m flushed 172 bytes
[2m2025-12-10T10:08:54.599827Z[0m [34mDEBUG[0m [2mhyper::proto::h1::io[0m[2m:[0m parsed 4 headers
[2m2025-12-10T10:08:54.599843Z[0m [34mDEBUG[0m [2mhyper::proto::h1::conn[0m[2m:[0m incoming body is content-length (776 bytes)
[2m2025-12-10T10:08:54.599858Z[0m [34mDEBUG[0m [2mhyper::proto::h1::conn[0m[2m:[0m incoming body completed
[2m2025-12-10T10:08:54.599875Z[0m [34mDEBUG[0m [2mhyper::client::pool[0m[2m:[0m pooling idle connection for ("http", 192.168.0.14:8545)
[2m2025-12-10T10:08:54.599890Z[0m [34mDEBUG[0m [2methereum_transaction_pool_monitor::eth_client[0m[2m:[0m 📡 Transaction fetch RPC completed in 4.729042ms
[2m2025-12-10T10:08:54.599921Z[0m [34mDEBUG[0m [2methereum_transaction_pool_monitor::eth_client[0m[2m:[0m DeFi transaction detected - Address: 0xdac17f958d2ee523a2206206994597c13d831ec7, Type: Stablecoin, Value: 0 ETH, Gas: 200.00 Gwei
[2m2025-12-10T10:08:54.599943Z[0m [34mDEBUG[0m [2methereum_transaction_pool_monitor::eth_client[0m[2m:[0m ✅ Transaction 0x4fc71a7d1d414dfd34f32c603ed44de09e275396df609c02f50b3d378bdbf051 fetched and parsed in 4.782334ms
[2m2025-12-10T10:08:54.599955Z[0m [34mDEBUG[0m [2methereum_transaction_pool_monitor::mempool_monitor[0m[2m:[0m 🔍 Skipping tx 0x4fc71a7d1d414dfd34f32c603ed44de09e275396df609c02f50b3d378bdbf051 - not a DEX interaction (target: 0xdAC17F958D2ee523a2206206994597C13D831ec7)
[2m2025-12-10T10:08:54.599971Z[0m [34mDEBUG[0m [2methereum_transaction_pool_monitor::mempool_monitor[0m[2m:[0m 📨 Processing new pending transaction: 0xaf77bd12c6107725bcb81cebc40facd3ac6a9301a7d630d95be49faecc4a2e5e
[2m2025-12-10T10:08:54.599981Z[0m [34mDEBUG[0m [2methereum_transaction_pool_monitor::mempool_monitor[0m[2m:[0m 🔍 Fetching transaction details for: 0xaf77bd12c6107725bcb81cebc40facd3ac6a9301a7d630d95be49faecc4a2e5e
[2m2025-12-10T10:08:54.599990Z[0m [34mDEBUG[0m [2methereum_transaction_pool_monitor::eth_client[0m[2m:[0m 🔍 Fetching transaction details for hash: 0xaf77bd12c6107725bcb81cebc40facd3ac6a9301a7d630d95be49faecc4a2e5e
[2m2025-12-10T10:08:54.600012Z[0m [34mDEBUG[0m [2mhyper::client::pool[0m[2m:[0m reuse idle connection for ("http", 192.168.0.14:8545)
[2m2025-12-10T10:08:54.600048Z[0m [34mDEBUG[0m [2mhyper::proto::h1::io[0m[2m:[0m flushed 250 bytes
[2m2025-12-10T10:08:54.600334Z[0m [34mDEBUG[0m [2mhyper::proto::h1::io[0m[2m:[0m parsed 4 headers
[2m2025-12-10T10:08:54.600353Z[0m [34mDEBUG[0m [2mhyper::proto::h1::conn[0m[2m:[0m incoming body is content-length (45 bytes)
[2m2025-12-10T10:08:54.600367Z[0m [34mDEBUG[0m [2mhyper::proto::h1::conn[0m[2m:[0m incoming body completed
[2m2025-12-10T10:08:54.600382Z[0m [34mDEBUG[0m [2mhyper::client::pool[0m[2m:[0m pooling idle connection for ("http", 192.168.0.14:8545)
[2m2025-12-10T10:08:54.604372Z[0m [34mDEBUG[0m [2mhyper::proto::h1::io[0m[2m:[0m parsed 4 headers
[2m2025-12-10T10:08:54.604391Z[0m [34mDEBUG[0m [2mhyper::proto::h1::conn[0m[2m:[0m incoming body is content-length (776 bytes)
[2m2025-12-10T10:08:54.604400Z[0m [34mDEBUG[0m [2mhyper::proto::h1::conn[0m[2m:[0m incoming body completed
[2m2025-12-10T10:08:54.604410Z[0m [34mDEBUG[0m [2mhyper::client::pool[0m[2m:[0m pooling idle connection for ("http", 192.168.0.14:8545)
[2m2025-12-10T10:08:54.604418Z[0m [34mDEBUG[0m [2methereum_transaction_pool_monitor::eth_client[0m[2m:[0m 📡 Transaction fetch RPC completed in 4.419792ms
[2m2025-12-10T10:08:54.604438Z[0m [34mDEBUG[0m [2methereum_transaction_pool_monitor::eth_client[0m[2m:[0m DeFi transaction detected - Address: 0xdac17f958d2ee523a2206206994597c13d831ec7, Type: Stablecoin, Value: 0 ETH, Gas: 200.00 Gwei
[2m2025-12-10T10:08:54.604451Z[0m [34mDEBUG[0m [2methereum_transaction_pool_monitor::eth_client[0m[2m:[0m ✅ Transaction 0xaf77bd12c6107725bcb81cebc40facd3ac6a9301a7d630d95be49faecc4a2e5e fetched and parsed in 4.4525ms
[2m2025-12-10T10:08:54.604458Z[0m [34mDEBUG[0m [2methereum_transaction_pool_monitor::mempool_monitor[0m[2m:[0m 🔍 Skipping tx 0xaf77bd12c6107725bcb81cebc40facd3ac6a9301a7d630d95be49faecc4a2e5e - not a DEX interaction (target: 0xdAC17F958D2ee523a2206206994597C13D831ec7)
[2m2025-12-10T10:08:54.604465Z[0m [34mDEBUG[0m [2methereum_transaction_pool_monitor::mempool_monitor[0m[2m:[0m 📨 Processing new pending transaction: 0xd6eb33d5d3d92356fc50c79036494916f0c2c630b8c0da550ea6853782923369
[2m2025-12-10T10:08:54.604468Z[0m [34mDEBUG[0m [2methereum_transaction_pool_monitor::mempool_monitor[0m[2m:[0m 🔍 Fetching transaction details for: 0xd6eb33d5d3d92356fc50c79036494916f0c2c630b8c0da550ea6853782923369
[2m2025-12-10T10:08:54.604472Z[0m [34mDEBUG[0m [2methereum_transaction_pool_monitor::eth_client[0m[2m:[0m 🔍 Fetching transaction details for hash: 0xd6eb33d5d3d92356fc50c79036494916f0c2c630b8c0da550ea6853782923369
[2m2025-12-10T10:08:54.604488Z[0m [34mDEBUG[0m [2mhyper::client::pool[0m[2m:[0m reuse idle connection for ("http", 192.168.0.14:8545)
[2m2025-12-10T10:08:54.604522Z[0m [34mDEBUG[0m [2mhyper::proto::h1::io[0m[2m:[0m flushed 250 bytes
[2m2025-12-10T10:08:54.608232Z[0m [34mDEBUG[0m [2mhyper::proto::h1::io[0m[2m:[0m parsed 4 headers
[2m2025-12-10T10:08:54.608251Z[0m [34mDEBUG[0m [2mhyper::proto::h1::conn[0m[2m:[0m incoming body is content-length (652 bytes)
[2m2025-12-10T10:08:54.608262Z[0m [34mDEBUG[0m [2mhyper::proto::h1::conn[0m[2m:[0m incoming body completed
[2m2025-12-10T10:08:54.608274Z[0m [34mDEBUG[0m [2mhyper::client::pool[0m[2m:[0m pooling idle connection for ("http", 192.168.0.14:8545)
[2m2025-12-10T10:08:54.608283Z[0m [34mDEBUG[0m [2methereum_transaction_pool_monitor::eth_client[0m[2m:[0m 📡 Transaction fetch RPC completed in 3.808166ms
[2m2025-12-10T10:08:54.701038Z[0m [34mDEBUG[0m [2methereum_transaction_pool_monitor::eth_client[0m[2m:[0m ✅ Transaction 0xd6eb33d5d3d92356fc50c79036494916f0c2c630b8c0da550ea6853782923369 fetched and parsed in 96.559083ms
[2m2025-12-10T10:08:54.701067Z[0m [34mDEBUG[0m [2methereum_transaction_pool_monitor::mempool_monitor[0m[2m:[0m 🔍 Skipping tx 0xd6eb33d5d3d92356fc50c79036494916f0c2c630b8c0da550ea6853782923369 - not a DEX interaction (target: 0xa1abfA21f80ecf401bd41365adBb6fEF6fEfDF09)
[2m2025-12-10T10:08:54.701078Z[0m [34mDEBUG[0m [2methereum_transaction_pool_monitor::mempool_monitor[0m[2m:[0m 📨 Processing new pending transaction: 0xc345b0dbd46ebe184ec05ec35855a0194ac478f08480ff4ba4c18ec6b0a89316
[2m2025-12-10T10:08:54.701083Z[0m [34mDEBUG[0m [2methereum_transaction_pool_monitor::mempool_monitor[0m[2m:[0m 🔍 Fetching transaction details for: 0xc345b0dbd46ebe184ec05ec35855a0194ac478f08480ff4ba4c18ec6b0a89316
[2m2025-12-10T10:08:54.701087Z[0m [34mDEBUG[0m [2methereum_transaction_pool_monitor::eth_client[0m[2m:[0m 🔍 Fetching transaction details for hash: 0xc345b0dbd46ebe184ec05ec35855a0194ac478f08480ff4ba4c18ec6b0a89316
[2m2025-12-10T10:08:54.701111Z[0m [34mDEBUG[0m [2mhyper::client::pool[0m[2m:[0m reuse idle connection for ("http", 192.168.0.14:8545)
[2m2025-12-10T10:08:54.701201Z[0m [34mDEBUG[0m [2mhyper::proto::h1::io[0m[2m:[0m flushed 250 bytes
[2m2025-12-10T10:08:54.701233Z[0m [34mDEBUG[0m [2mhyper::client::pool[0m[2m:[0m reuse idle connection for ("http", 192.168.0.14:8545)
[2m2025-12-10T10:08:54.701268Z[0m [34mDEBUG[0m [2mhyper::proto::h1::io[0m[2m:[0m flushed 172 bytes
[2m2025-12-10T10:08:54.706214Z[0m [34mDEBUG[0m [2mhyper::proto::h1::io[0m[2m:[0m parsed 4 headers
[2m2025-12-10T10:08:54.706232Z[0m [34mDEBUG[0m [2mhyper::proto::h1::conn[0m[2m:[0m incoming body is content-length (45 bytes)
[2m2025-12-10T10:08:54.706242Z[0m [34mDEBUG[0m [2mhyper::proto::h1::conn[0m[2m:[0m incoming body completed
[2m2025-12-10T10:08:54.706255Z[0m [34mDEBUG[0m [2mhyper::client::pool[0m[2m:[0m pooling idle connection for ("http", 192.168.0.14:8545)
[2m2025-12-10T10:08:54.710457Z[0m [34mDEBUG[0m [2mhyper::proto::h1::io[0m[2m:[0m parsed 4 headers
[2m2025-12-10T10:08:54.710496Z[0m [34mDEBUG[0m [2mhyper::proto::h1::conn[0m[2m:[0m incoming body is content-length (771 bytes)
[2m2025-12-10T10:08:54.710512Z[0m [34mDEBUG[0m [2mhyper::proto::h1::conn[0m[2m:[0m incoming body completed
[2m2025-12-10T10:08:54.710532Z[0m [34mDEBUG[0m [2mhyper::client::pool[0m[2m:[0m pooling idle connection for ("http", 192.168.0.14:8545)
[2m2025-12-10T10:08:54.710549Z[0m [34mDEBUG[0m [2methereum_transaction_pool_monitor::eth_client[0m[2m:[0m 📡 Transaction fetch RPC completed in 9.458375ms
[2m2025-12-10T10:08:54.879261Z[0m [34mDEBUG[0m [2methereum_transaction_pool_monitor::eth_client[0m[2m:[0m ✅ Transaction 0xc345b0dbd46ebe184ec05ec35855a0194ac478f08480ff4ba4c18ec6b0a89316 fetched and parsed in 178.165875ms
[2m2025-12-10T10:08:54.879283Z[0m [34mDEBUG[0m [2methereum_transaction_pool_monitor::mempool_monitor[0m[2m:[0m 🔍 Skipping tx 0xc345b0dbd46ebe184ec05ec35855a0194ac478f08480ff4ba4c18ec6b0a89316 - not a DEX interaction (target: 0xA0b86991c6218b36c1d19D4a2e9Eb0cE3606eB48)
[2m2025-12-10T10:08:54.879293Z[0m [34mDEBUG[0m [2methereum_transaction_pool_monitor::mempool_monitor[0m[2m:[0m 📨 Processing new pending transaction: 0x9e5ae479ff2a482bad40124eaba25ab207faa480afbbc76545d378c952a847a4
[2m2025-12-10T10:08:54.879297Z[0m [34mDEBUG[0m [2methereum_transaction_pool_monitor::mempool_monitor[0m[2m:[0m 🔍 Fetching transaction details for: 0x9e5ae479ff2a482bad40124eaba25ab207faa480afbbc76545d378c952a847a4
[2m2025-12-10T10:08:54.879301Z[0m [34mDEBUG[0m [2methereum_transaction_pool_monitor::eth_client[0m[2m:[0m 🔍 Fetching transaction details for hash: 0x9e5ae479ff2a482bad40124eaba25ab207faa480afbbc76545d378c952a847a4
[2m2025-12-10T10:08:54.879324Z[0m [34mDEBUG[0m [2mhyper::client::pool[0m[2m:[0m reuse idle connection for ("http", 192.168.0.14:8545)
[2m2025-12-10T10:08:54.879367Z[0m [34mDEBUG[0m [2mhyper::proto::h1::io[0m[2m:[0m flushed 250 bytes
[2m2025-12-10T10:08:54.879386Z[0m [34mDEBUG[0m [2mhyper::client::pool[0m[2m:[0m reuse idle connection for ("http", 192.168.0.14:8545)
[2m2025-12-10T10:08:54.879395Z[0m [34mDEBUG[0m [2methereum_transaction_pool_monitor::eth_client[0m[2m:[0m 📨 Received WebSocket message: {"jsonrpc":"2.0","method":"eth_subscription","params":{"subscription":"0xbed0a0851463e895960a451075a301a9","result":"0xe7428ea90846192c9414a8bd663080749ada8993cc026c11d7408df29157764c"}}
[2m2025-12-10T10:08:54.879401Z[0m [34mDEBUG[0m [2mhyper::proto::h1::io[0m[2m:[0m flushed 172 bytes
[2m2025-12-10T10:08:54.879408Z[0m [34mDEBUG[0m [2methereum_transaction_pool_monitor::eth_client[0m[2m:[0m 📨 Received pending transaction: 0xe7428ea90846192c9414a8bd663080749ada8993cc026c11d7408df29157764c
[2m2025-12-10T10:08:54.879415Z[0m [34mDEBUG[0m [2methereum_transaction_pool_monitor::eth_client[0m[2m:[0m 📨 Received WebSocket message: {"jsonrpc":"2.0","method":"eth_subscription","params":{"subscription":"0xbed0a0851463e895960a451075a301a9","result":"0x2b95462a95f88945b22da36f0fc6f30240542b5f675c0ffad737125480ba8a3a"}}
[2m2025-12-10T10:08:54.879421Z[0m [34mDEBUG[0m [2methereum_transaction_pool_monitor::eth_client[0m[2m:[0m 📨 Received pending transaction: 0x2b95462a95f88945b22da36f0fc6f30240542b5f675c0ffad737125480ba8a3a
[2m2025-12-10T10:08:54.881330Z[0m [34mDEBUG[0m [2methereum_transaction_pool_monitor::eth_client[0m[2m:[0m 📨 Received WebSocket message: {"jsonrpc":"2.0","method":"eth_subscription","params":{"subscription":"0xbed0a0851463e895960a451075a301a9","result":"0xf044538b59f5aa8ffd5d793d30e7fd51f92d6c8bc850cce0a8bf053273891a3b"}}
[2m2025-12-10T10:08:54.881340Z[0m [34mDEBUG[0m [2methereum_transaction_pool_monitor::eth_client[0m[2m:[0m 📨 Received pending transaction: 0xf044538b59f5aa8ffd5d793d30e7fd51f92d6c8bc850cce0a8bf053273891a3b
[2m2025-12-10T10:08:54.887423Z[0m [34mDEBUG[0m [2mhyper::proto::h1::io[0m[2m:[0m parsed 4 headers
[2m2025-12-10T10:08:54.887436Z[0m [34mDEBUG[0m [2mhyper::proto::h1::conn[0m[2m:[0m incoming body is content-length (45 bytes)
[2m2025-12-10T10:08:54.887444Z[0m [34mDEBUG[0m [2mhyper::proto::h1::conn[0m[2m:[0m incoming body completed
[2m2025-12-10T10:08:54.887457Z[0m [34mDEBUG[0m [2mhyper::client::pool[0m[2m:[0m pooling idle connection for ("http", 192.168.0.14:8545)
[2m2025-12-10T10:08:54.888754Z[0m [34mDEBUG[0m [2mhyper::proto::h1::io[0m[2m:[0m parsed 4 headers
[2m2025-12-10T10:08:54.888793Z[0m [34mDEBUG[0m [2mhyper::proto::h1::conn[0m[2m:[0m incoming body is content-length (775 bytes)
[2m2025-12-10T10:08:54.888809Z[0m [34mDEBUG[0m [2mhyper::proto::h1::conn[0m[2m:[0m incoming body completed
[2m2025-12-10T10:08:54.888828Z[0m [34mDEBUG[0m [2mhyper::client::pool[0m[2m:[0m pooling idle connection for ("http", 192.168.0.14:8545)
[2m2025-12-10T10:08:54.888843Z[0m [34mDEBUG[0m [2methereum_transaction_pool_monitor::eth_client[0m[2m:[0m 📡 Transaction fetch RPC completed in 9.537667ms
[2m2025-12-10T10:08:54.888872Z[0m [34mDEBUG[0m [2methereum_transaction_pool_monitor::eth_client[0m[2m:[0m DeFi transaction detected - Address: 0xdac17f958d2ee523a2206206994597c13d831ec7, Type: Stablecoin, Value: 0 ETH, Gas: 200.00 Gwei
[2m2025-12-10T10:08:54.888897Z[0m [34mDEBUG[0m [2methereum_transaction_pool_monitor::eth_client[0m[2m:[0m ✅ Transaction 0x9e5ae479ff2a482bad40124eaba25ab207faa480afbbc76545d378c952a847a4 fetched and parsed in 9.591708ms
[2m2025-12-10T10:08:54.888913Z[0m [34mDEBUG[0m [2methereum_transaction_pool_monitor::mempool_monitor[0m[2m:[0m 🔍 Skipping tx 0x9e5ae479ff2a482bad40124eaba25ab207faa480afbbc76545d378c952a847a4 - not a DEX interaction (target: 0xdAC17F958D2ee523a2206206994597C13D831ec7)
[2m2025-12-10T10:08:54.888929Z[0m [34mDEBUG[0m [2methereum_transaction_pool_monitor::mempool_monitor[0m[2m:[0m 📨 Processing new pending transaction: 0x2755fcd2545873c4a17dd18837afaade6a2c1c1757b9d521cf2c177ab8360881
[2m2025-12-10T10:08:54.888940Z[0m [34mDEBUG[0m [2methereum_transaction_pool_monitor::mempool_monitor[0m[2m:[0m 🔍 Fetching transaction details for: 0x2755fcd2545873c4a17dd18837afaade6a2c1c1757b9d521cf2c177ab8360881
[2m2025-12-10T10:08:54.888950Z[0m [34mDEBUG[0m [2methereum_transaction_pool_monitor::eth_client[0m[2m:[0m 🔍 Fetching transaction details for hash: 0x2755fcd2545873c4a17dd18837afaade6a2c1c1757b9d521cf2c177ab8360881
[2m2025-12-10T10:08:54.888980Z[0m [34mDEBUG[0m [2mhyper::client::pool[0m[2m:[0m reuse idle connection for ("http", 192.168.0.14:8545)
[2m2025-12-10T10:08:54.889023Z[0m [34mDEBUG[0m [2mhyper::proto::h1::io[0m[2m:[0m flushed 250 bytes
[2m2025-12-10T10:08:54.896124Z[0m [34mDEBUG[0m [2mhyper::client::pool[0m[2m:[0m reuse idle connection for ("http", 192.168.0.14:8545)
[2m2025-12-10T10:08:54.896201Z[0m [34mDEBUG[0m [2mhyper::proto::h1::io[0m[2m:[0m flushed 172 bytes
[2m2025-12-10T10:08:54.896540Z[0m [34mDEBUG[0m [2mhyper::proto::h1::io[0m[2m:[0m parsed 4 headers
[2m2025-12-10T10:08:54.896548Z[0m [34mDEBUG[0m [2mhyper::proto::h1::conn[0m[2m:[0m incoming body is content-length (655 bytes)
[2m2025-12-10T10:08:54.896556Z[0m [34mDEBUG[0m [2mhyper::proto::h1::conn[0m[2m:[0m incoming body completed
[2m2025-12-10T10:08:54.896565Z[0m [34mDEBUG[0m [2mhyper::client::pool[0m[2m:[0m pooling idle connection for ("http", 192.168.0.14:8545)
[2m2025-12-10T10:08:54.896571Z[0m [34mDEBUG[0m [2methereum_transaction_pool_monitor::eth_client[0m[2m:[0m 📡 Transaction fetch RPC completed in 7.613167ms
[2m2025-12-10T10:08:54.977756Z[0m [34mDEBUG[0m [2methereum_transaction_pool_monitor::eth_client[0m[2m:[0m ✅ Transaction 0x2755fcd2545873c4a17dd18837afaade6a2c1c1757b9d521cf2c177ab8360881 fetched and parsed in 88.794334ms
[2m2025-12-10T10:08:54.977782Z[0m [34mDEBUG[0m [2methereum_transaction_pool_monitor::mempool_monitor[0m[2m:[0m 🔍 Skipping tx 0x2755fcd2545873c4a17dd18837afaade6a2c1c1757b9d521cf2c177ab8360881 - not a DEX interaction (target: 0xa1abfA21f80ecf401bd41365adBb6fEF6fEfDF09)
[2m2025-12-10T10:08:54.977793Z[0m [34mDEBUG[0m [2methereum_transaction_pool_monitor::mempool_monitor[0m[2m:[0m 📨 Processing new pending transaction: 0x69e3774e9560e79603a2a6fb92763069c850d563570de64442fb64d172cc46ff
[2m2025-12-10T10:08:54.977798Z[0m [34mDEBUG[0m [2methereum_transaction_pool_monitor::mempool_monitor[0m[2m:[0m 🔍 Fetching transaction details for: 0x69e3774e9560e79603a2a6fb92763069c850d563570de64442fb64d172cc46ff
[2m2025-12-10T10:08:54.977801Z[0m [34mDEBUG[0m [2methereum_transaction_pool_monitor::eth_client[0m[2m:[0m 🔍 Fetching transaction details for hash: 0x69e3774e9560e79603a2a6fb92763069c850d563570de64442fb64d172cc46ff
[2m2025-12-10T10:08:54.977823Z[0m [34mDEBUG[0m [2mhyper::client::pool[0m[2m:[0m reuse idle connection for ("http", 192.168.0.14:8545)
[2m2025-12-10T10:08:54.977883Z[0m [34mDEBUG[0m [2mhyper::proto::h1::io[0m[2m:[0m flushed 250 bytes
[2m2025-12-10T10:08:54.977902Z[0m [34mDEBUG[0m [2mhyper::proto::h1::io[0m[2m:[0m parsed 4 headers
[2m2025-12-10T10:08:54.977906Z[0m [34mDEBUG[0m [2mhyper::proto::h1::conn[0m[2m:[0m incoming body is content-length (45 bytes)
[2m2025-12-10T10:08:54.977914Z[0m [34mDEBUG[0m [2mhyper::proto::h1::conn[0m[2m:[0m incoming body completed
[2m2025-12-10T10:08:54.977923Z[0m [34mDEBUG[0m [2mhyper::client::pool[0m[2m:[0m pooling idle connection for ("http", 192.168.0.14:8545)
[2m2025-12-10T10:08:54.984191Z[0m [34mDEBUG[0m [2mhyper::proto::h1::io[0m[2m:[0m parsed 4 headers
[2m2025-12-10T10:08:54.984203Z[0m [34mDEBUG[0m [2mhyper::proto::h1::conn[0m[2m:[0m incoming body is content-length (654 bytes)
[2m2025-12-10T10:08:54.984211Z[0m [34mDEBUG[0m [2mhyper::proto::h1::conn[0m[2m:[0m incoming body completed
[2m2025-12-10T10:08:54.984221Z[0m [34mDEBUG[0m [2mhyper::client::pool[0m[2m:[0m pooling idle connection for ("http", 192.168.0.14:8545)
[2m2025-12-10T10:08:54.984228Z[0m [34mDEBUG[0m [2methereum_transaction_pool_monitor::eth_client[0m[2m:[0m 📡 Transaction fetch RPC completed in 6.422209ms
[2m2025-12-10T10:08:55.057054Z[0m [34mDEBUG[0m [2methereum_transaction_pool_monitor::eth_client[0m[2m:[0m ✅ Transaction 0x69e3774e9560e79603a2a6fb92763069c850d563570de64442fb64d172cc46ff fetched and parsed in 79.24525ms
[2m2025-12-10T10:08:55.057077Z[0m [34mDEBUG[0m [2methereum_transaction_pool_monitor::mempool_monitor[0m[2m:[0m 🔍 Skipping tx 0x69e3774e9560e79603a2a6fb92763069c850d563570de64442fb64d172cc46ff - not a DEX interaction (target: 0xa1abfA21f80ecf401bd41365adBb6fEF6fEfDF09)
[2m2025-12-10T10:08:55.057086Z[0m [34mDEBUG[0m [2methereum_transaction_pool_monitor::mempool_monitor[0m[2m:[0m 📨 Processing new pending transaction: 0x28a5333b7be19e424297b9f7082e18da24b44c54de81394a3e80eb16961bf861
[2m2025-12-10T10:08:55.057090Z[0m [34mDEBUG[0m [2methereum_transaction_pool_monitor::mempool_monitor[0m[2m:[0m 🔍 Fetching transaction details for: 0x28a5333b7be19e424297b9f7082e18da24b44c54de81394a3e80eb16961bf861
[2m2025-12-10T10:08:55.057094Z[0m [34mDEBUG[0m [2methereum_transaction_pool_monitor::eth_client[0m[2m:[0m 🔍 Fetching transaction details for hash: 0x28a5333b7be19e424297b9f7082e18da24b44c54de81394a3e80eb16961bf861
[2m2025-12-10T10:08:55.057115Z[0m [34mDEBUG[0m [2mhyper::client::pool[0m[2m:[0m reuse idle connection for ("http", 192.168.0.14:8545)
[2m2025-12-10T10:08:55.057152Z[0m [34mDEBUG[0m [2mhyper::proto::h1::io[0m[2m:[0m flushed 250 bytes
[2m2025-12-10T10:08:55.057171Z[0m [34mDEBUG[0m [2mhyper::client::pool[0m[2m:[0m reuse idle connection for ("http", 192.168.0.14:8545)
[2m2025-12-10T10:08:55.057185Z[0m [34mDEBUG[0m [2mhyper::proto::h1::io[0m[2m:[0m flushed 172 bytes
[2m2025-12-10T10:08:55.057186Z[0m [34mDEBUG[0m [2methereum_transaction_pool_monitor::eth_client[0m[2m:[0m 📨 Received WebSocket message: {"jsonrpc":"2.0","method":"eth_subscription","params":{"subscription":"0xbed0a0851463e895960a451075a301a9","result":"0xc9eb2200c931b30de12787a63aae5ba0f9cddb8ab304510888b8aa77e6cc0cdf"}}
[2m2025-12-10T10:08:55.057198Z[0m [34mDEBUG[0m [2methereum_transaction_pool_monitor::eth_client[0m[2m:[0m 📨 Received pending transaction: 0xc9eb2200c931b30de12787a63aae5ba0f9cddb8ab304510888b8aa77e6cc0cdf
[2m2025-12-10T10:08:55.057203Z[0m [34mDEBUG[0m [2methereum_transaction_pool_monitor::eth_client[0m[2m:[0m 📨 Received WebSocket message: {"jsonrpc":"2.0","method":"eth_subscription","params":{"subscription":"0xbed0a0851463e895960a451075a301a9","result":"0xbd3e5d26e2d29b0727854cc272075c86ea3c1224bb73d9b99a59352d80ba803b"}}
[2m2025-12-10T10:08:55.057207Z[0m [34mDEBUG[0m [2methereum_transaction_pool_monitor::eth_client[0m[2m:[0m 📨 Received pending transaction: 0xbd3e5d26e2d29b0727854cc272075c86ea3c1224bb73d9b99a59352d80ba803b
[2m2025-12-10T10:08:55.061517Z[0m [34mDEBUG[0m [2mhyper::proto::h1::io[0m[2m:[0m parsed 4 headers
[2m2025-12-10T10:08:55.061550Z[0m [34mDEBUG[0m [2mhyper::proto::h1::conn[0m[2m:[0m incoming body is content-length (653 bytes)
[2m2025-12-10T10:08:55.061567Z[0m [34mDEBUG[0m [2mhyper::proto::h1::conn[0m[2m:[0m incoming body completed
[2m2025-12-10T10:08:55.061586Z[0m [34mDEBUG[0m [2mhyper::client::pool[0m[2m:[0m pooling idle connection for ("http", 192.168.0.14:8545)
[2m2025-12-10T10:08:55.061602Z[0m [34mDEBUG[0m [2methereum_transaction_pool_monitor::eth_client[0m[2m:[0m 📡 Transaction fetch RPC completed in 4.504292ms
[2m2025-12-10T10:08:55.136756Z[0m [34mDEBUG[0m [2methereum_transaction_pool_monitor::eth_client[0m[2m:[0m ✅ Transaction 0x28a5333b7be19e424297b9f7082e18da24b44c54de81394a3e80eb16961bf861 fetched and parsed in 79.654959ms
[2m2025-12-10T10:08:55.136787Z[0m [34mDEBUG[0m [2methereum_transaction_pool_monitor::mempool_monitor[0m[2m:[0m 🔍 Skipping tx 0x28a5333b7be19e424297b9f7082e18da24b44c54de81394a3e80eb16961bf861 - not a DEX interaction (target: 0xa1abfA21f80ecf401bd41365adBb6fEF6fEfDF09)
[2m2025-12-10T10:08:55.136796Z[0m [34mDEBUG[0m [2methereum_transaction_pool_monitor::mempool_monitor[0m[2m:[0m 📨 Processing new pending transaction: 0x7c0f7a09ba63886ccab0906d398aa74df161838a376bab4436254a5e6c1c3831
[2m2025-12-10T10:08:55.136801Z[0m [34mDEBUG[0m [2methereum_transaction_pool_monitor::mempool_monitor[0m[2m:[0m 🔍 Fetching transaction details for: 0x7c0f7a09ba63886ccab0906d398aa74df161838a376bab4436254a5e6c1c3831
[2m2025-12-10T10:08:55.136805Z[0m [34mDEBUG[0m [2methereum_transaction_pool_monitor::eth_client[0m[2m:[0m 🔍 Fetching transaction details for hash: 0x7c0f7a09ba63886ccab0906d398aa74df161838a376bab4436254a5e6c1c3831
[2m2025-12-10T10:08:55.136828Z[0m [34mDEBUG[0m [2mhyper::client::pool[0m[2m:[0m reuse idle connection for ("http", 192.168.0.14:8545)
[2m2025-12-10T10:08:55.136907Z[0m [34mDEBUG[0m [2mhyper::proto::h1::io[0m[2m:[0m flushed 250 bytes
[2m2025-12-10T10:08:55.136940Z[0m [34mDEBUG[0m [2methereum_transaction_pool_monitor::eth_client[0m[2m:[0m 📨 Received WebSocket message: {"jsonrpc":"2.0","method":"eth_subscription","params":{"subscription":"0xbed0a0851463e895960a451075a301a9","result":"0x8c0658b98fae3777b097dc15c846578e2420d6ffe767800b3f87c449db6461b0"}}
[2m2025-12-10T10:08:55.136949Z[0m [34mDEBUG[0m [2methereum_transaction_pool_monitor::eth_client[0m[2m:[0m 📨 Received pending transaction: 0x8c0658b98fae3777b097dc15c846578e2420d6ffe767800b3f87c449db6461b0
[2m2025-12-10T10:08:55.136954Z[0m [34mDEBUG[0m [2mhyper::proto::h1::io[0m[2m:[0m parsed 4 headers
[2m2025-12-10T10:08:55.136988Z[0m [34mDEBUG[0m [2mhyper::proto::h1::conn[0m[2m:[0m incoming body is content-length (45 bytes)
[2m2025-12-10T10:08:55.136996Z[0m [34mDEBUG[0m [2mhyper::proto::h1::conn[0m[2m:[0m incoming body completed
[2m2025-12-10T10:08:55.137007Z[0m [34mDEBUG[0m [2mhyper::client::pool[0m[2m:[0m pooling idle connection for ("http", 192.168.0.14:8545)
[2m2025-12-10T10:08:55.137027Z[0m [34mDEBUG[0m [2mhyper::client::pool[0m[2m:[0m reuse idle connection for ("http", 192.168.0.14:8545)
[2m2025-12-10T10:08:55.137044Z[0m [34mDEBUG[0m [2mhyper::proto::h1::io[0m[2m:[0m flushed 172 bytes
[2m2025-12-10T10:08:55.148380Z[0m [34mDEBUG[0m [2mhyper::proto::h1::io[0m[2m:[0m parsed 4 headers
[2m2025-12-10T10:08:55.148399Z[0m [34mDEBUG[0m [2mhyper::proto::h1::conn[0m[2m:[0m incoming body is content-length (776 bytes)
[2m2025-12-10T10:08:55.148409Z[0m [34mDEBUG[0m [2mhyper::proto::h1::conn[0m[2m:[0m incoming body completed
[2m2025-12-10T10:08:55.148421Z[0m [34mDEBUG[0m [2mhyper::client::pool[0m[2m:[0m pooling idle connection for ("http", 192.168.0.14:8545)
[2m2025-12-10T10:08:55.148429Z[0m [34mDEBUG[0m [2methereum_transaction_pool_monitor::eth_client[0m[2m:[0m 📡 Transaction fetch RPC completed in 11.62ms
[2m2025-12-10T10:08:55.148450Z[0m [34mDEBUG[0m [2methereum_transaction_pool_monitor::eth_client[0m[2m:[0m DeFi transaction detected - Address: 0xdac17f958d2ee523a2206206994597c13d831ec7, Type: Stablecoin, Value: 0 ETH, Gas: 12.00 Gwei
[2m2025-12-10T10:08:55.148464Z[0m [34mDEBUG[0m [2methereum_transaction_pool_monitor::eth_client[0m[2m:[0m ✅ Transaction 0x7c0f7a09ba63886ccab0906d398aa74df161838a376bab4436254a5e6c1c3831 fetched and parsed in 11.65525ms
[2m2025-12-10T10:08:55.148471Z[0m [34mDEBUG[0m [2methereum_transaction_pool_monitor::mempool_monitor[0m[2m:[0m 🔍 Skipping tx 0x7c0f7a09ba63886ccab0906d398aa74df161838a376bab4436254a5e6c1c3831 - not a DEX interaction (target: 0xdAC17F958D2ee523a2206206994597C13D831ec7)
[2m2025-12-10T10:08:55.148477Z[0m [34mDEBUG[0m [2methereum_transaction_pool_monitor::mempool_monitor[0m[2m:[0m 📨 Processing new pending transaction: 0x230838a9abc7090df99f3e8f755df383d02842fdef97b1a4e2caa9da0388d8eb
[2m2025-12-10T10:08:55.148481Z[0m [34mDEBUG[0m [2methereum_transaction_pool_monitor::mempool_monitor[0m[2m:[0m 🔍 Fetching transaction details for: 0x230838a9abc7090df99f3e8f755df383d02842fdef97b1a4e2caa9da0388d8eb
[2m2025-12-10T10:08:55.148484Z[0m [34mDEBUG[0m [2methereum_transaction_pool_monitor::eth_client[0m[2m:[0m 🔍 Fetching transaction details for hash: 0x230838a9abc7090df99f3e8f755df383d02842fdef97b1a4e2caa9da0388d8eb
[2m2025-12-10T10:08:55.148502Z[0m [34mDEBUG[0m [2mhyper::client::pool[0m[2m:[0m reuse idle connection for ("http", 192.168.0.14:8545)
[2m2025-12-10T10:08:55.148536Z[0m [34mDEBUG[0m [2mhyper::proto::h1::io[0m[2m:[0m flushed 250 bytes
[2m2025-12-10T10:08:55.148545Z[0m [34mDEBUG[0m [2mhyper::proto::h1::io[0m[2m:[0m parsed 4 headers
[2m2025-12-10T10:08:55.148550Z[0m [34mDEBUG[0m [2mhyper::proto::h1::conn[0m[2m:[0m incoming body is content-length (45 bytes)
[2m2025-12-10T10:08:55.148555Z[0m [34mDEBUG[0m [2mhyper::proto::h1::conn[0m[2m:[0m incoming body completed
[2m2025-12-10T10:08:55.148560Z[0m [34mDEBUG[0m [2mhyper::client::pool[0m[2m:[0m pooling idle connection for ("http", 192.168.0.14:8545)
[2m2025-12-10T10:08:55.156883Z[0m [34mDEBUG[0m [2mhyper::proto::h1::io[0m[2m:[0m parsed 4 headers
[2m2025-12-10T10:08:55.156913Z[0m [34mDEBUG[0m [2mhyper::proto::h1::conn[0m[2m:[0m incoming body is content-length (651 bytes)
[2m2025-12-10T10:08:55.156923Z[0m [34mDEBUG[0m [2mhyper::proto::h1::conn[0m[2m:[0m incoming body completed
[2m2025-12-10T10:08:55.156936Z[0m [34mDEBUG[0m [2mhyper::client::pool[0m[2m:[0m pooling idle connection for ("http", 192.168.0.14:8545)
[2m2025-12-10T10:08:55.156945Z[0m [34mDEBUG[0m [2methereum_transaction_pool_monitor::eth_client[0m[2m:[0m 📡 Transaction fetch RPC completed in 8.457417ms
[2m2025-12-10T10:08:55.229972Z[0m [34mDEBUG[0m [2methereum_transaction_pool_monitor::eth_client[0m[2m:[0m ✅ Transaction 0x230838a9abc7090df99f3e8f755df383d02842fdef97b1a4e2caa9da0388d8eb fetched and parsed in 81.480667ms
[2m2025-12-10T10:08:55.230003Z[0m [34mDEBUG[0m [2methereum_transaction_pool_monitor::mempool_monitor[0m[2m:[0m 🔍 Skipping tx 0x230838a9abc7090df99f3e8f755df383d02842fdef97b1a4e2caa9da0388d8eb - not a DEX interaction (target: 0xa1abfA21f80ecf401bd41365adBb6fEF6fEfDF09)
[2m2025-12-10T10:08:55.230013Z[0m [34mDEBUG[0m [2methereum_transaction_pool_monitor::mempool_monitor[0m[2m:[0m 📨 Processing new pending transaction: 0x014e72d32e0f1daa1f2ac194e9e1181a6c91d4574356031c98ee6900d1757b14
[2m2025-12-10T10:08:55.230018Z[0m [34mDEBUG[0m [2methereum_transaction_pool_monitor::mempool_monitor[0m[2m:[0m 🔍 Fetching transaction details for: 0x014e72d32e0f1daa1f2ac194e9e1181a6c91d4574356031c98ee6900d1757b14
[2m2025-12-10T10:08:55.230023Z[0m [34mDEBUG[0m [2methereum_transaction_pool_monitor::eth_client[0m[2m:[0m 🔍 Fetching transaction details for hash: 0x014e72d32e0f1daa1f2ac194e9e1181a6c91d4574356031c98ee6900d1757b14
[2m2025-12-10T10:08:55.230048Z[0m [34mDEBUG[0m [2mhyper::client::pool[0m[2m:[0m reuse idle connection for ("http", 192.168.0.14:8545)
[2m2025-12-10T10:08:55.230119Z[0m [34mDEBUG[0m [2mhyper::proto::h1::io[0m[2m:[0m flushed 250 bytes
[2m2025-12-10T10:08:55.230159Z[0m [34mDEBUG[0m [2mhyper::client::pool[0m[2m:[0m reuse idle connection for ("http", 192.168.0.14:8545)
[2m2025-12-10T10:08:55.230180Z[0m [34mDEBUG[0m [2mhyper::proto::h1::io[0m[2m:[0m flushed 172 bytes
[2m2025-12-10T10:08:55.236646Z[0m [34mDEBUG[0m [2mhyper::proto::h1::io[0m[2m:[0m parsed 4 headers
[2m2025-12-10T10:08:55.236665Z[0m [34mDEBUG[0m [2mhyper::proto::h1::conn[0m[2m:[0m incoming body is content-length (652 bytes)
[2m2025-12-10T10:08:55.236675Z[0m [34mDEBUG[0m [2mhyper::proto::h1::conn[0m[2m:[0m incoming body completed
[2m2025-12-10T10:08:55.236687Z[0m [34mDEBUG[0m [2mhyper::client::pool[0m[2m:[0m pooling idle connection for ("http", 192.168.0.14:8545)
[2m2025-12-10T10:08:55.236695Z[0m [34mDEBUG[0m [2methereum_transaction_pool_monitor::eth_client[0m[2m:[0m 📡 Transaction fetch RPC completed in 6.667958ms
[2m2025-12-10T10:08:55.307963Z[0m [34mDEBUG[0m [2methereum_transaction_pool_monitor::eth_client[0m[2m:[0m ✅ Transaction 0x014e72d32e0f1daa1f2ac194e9e1181a6c91d4574356031c98ee6900d1757b14 fetched and parsed in 77.932375ms
[2m2025-12-10T10:08:55.310306Z[0m [34mDEBUG[0m [2methereum_transaction_pool_monitor::mempool_monitor[0m[2m:[0m 🔍 Skipping tx 0x014e72d32e0f1daa1f2ac194e9e1181a6c91d4574356031c98ee6900d1757b14 - not a DEX interaction (target: 0xa1abfA21f80ecf401bd41365adBb6fEF6fEfDF09)
[2m2025-12-10T10:08:55.310318Z[0m [34mDEBUG[0m [2methereum_transaction_pool_monitor::mempool_monitor[0m[2m:[0m 📨 Processing new pending transaction: 0x744c8f7f9c94b8c5189e6f0deb2f78097a5a6fe4aa0cd71104993cfb5073ecb1
[2m2025-12-10T10:08:55.310323Z[0m [34mDEBUG[0m [2methereum_transaction_pool_monitor::mempool_monitor[0m[2m:[0m 🔍 Fetching transaction details for: 0x744c8f7f9c94b8c5189e6f0deb2f78097a5a6fe4aa0cd71104993cfb5073ecb1
[2m2025-12-10T10:08:55.310328Z[0m [34mDEBUG[0m [2methereum_transaction_pool_monitor::eth_client[0m[2m:[0m 🔍 Fetching transaction details for hash: 0x744c8f7f9c94b8c5189e6f0deb2f78097a5a6fe4aa0cd71104993cfb5073ecb1
[2m2025-12-10T10:08:55.310351Z[0m [34mDEBUG[0m [2mhyper::client::pool[0m[2m:[0m reuse idle connection for ("http", 192.168.0.14:8545)
[2m2025-12-10T10:08:55.310415Z[0m [34mDEBUG[0m [2mhyper::proto::h1::io[0m[2m:[0m flushed 250 bytes
[2m2025-12-10T10:08:55.310446Z[0m [34mDEBUG[0m [2methereum_transaction_pool_monitor::eth_client[0m[2m:[0m 📨 Received WebSocket message: {"jsonrpc":"2.0","method":"eth_subscription","params":{"subscription":"0xbed0a0851463e895960a451075a301a9","result":"0xe23b527adb04bf27369e6ed28f8ca8902b5289bdd6e67b99299a2ccadf5166b1"}}
[2m2025-12-10T10:08:55.310447Z[0m [34mDEBUG[0m [2mhyper::proto::h1::io[0m[2m:[0m parsed 4 headers
[2m2025-12-10T10:08:55.310457Z[0m [34mDEBUG[0m [2methereum_transaction_pool_monitor::eth_client[0m[2m:[0m 📨 Received pending transaction: 0xe23b527adb04bf27369e6ed28f8ca8902b5289bdd6e67b99299a2ccadf5166b1
[2m2025-12-10T10:08:55.310457Z[0m [34mDEBUG[0m [2mhyper::proto::h1::conn[0m[2m:[0m incoming body is content-length (45 bytes)
[2m2025-12-10T10:08:55.310477Z[0m [34mDEBUG[0m [2mhyper::proto::h1::conn[0m[2m:[0m incoming body completed
[2m2025-12-10T10:08:55.310486Z[0m [34mDEBUG[0m [2mhyper::client::pool[0m[2m:[0m pooling idle connection for ("http", 192.168.0.14:8545)
[2m2025-12-10T10:08:55.310508Z[0m [34mDEBUG[0m [2mhyper::client::pool[0m[2m:[0m reuse idle connection for ("http", 192.168.0.14:8545)
[2m2025-12-10T10:08:55.310529Z[0m [34mDEBUG[0m [2mhyper::proto::h1::io[0m[2m:[0m flushed 172 bytes
[2m2025-12-10T10:08:55.319229Z[0m [34mDEBUG[0m [2mhyper::proto::h1::io[0m[2m:[0m parsed 4 headers
[2m2025-12-10T10:08:55.319241Z[0m [34mDEBUG[0m [2mhyper::proto::h1::conn[0m[2m:[0m incoming body is content-length (45 bytes)
[2m2025-12-10T10:08:55.319249Z[0m [34mDEBUG[0m [2mhyper::proto::h1::conn[0m[2m:[0m incoming body completed
[2m2025-12-10T10:08:55.319259Z[0m [34mDEBUG[0m [2mhyper::client::pool[0m[2m:[0m pooling idle connection for ("http", 192.168.0.14:8545)
[2m2025-12-10T10:08:55.322669Z[0m [34mDEBUG[0m [2mhyper::proto::h1::io[0m[2m:[0m parsed 4 headers
[2m2025-12-10T10:08:55.322679Z[0m [34mDEBUG[0m [2mhyper::proto::h1::conn[0m[2m:[0m incoming body is content-length (1731 bytes)
[2m2025-12-10T10:08:55.322686Z[0m [34mDEBUG[0m [2mhyper::proto::h1::conn[0m[2m:[0m incoming body completed
[2m2025-12-10T10:08:55.322696Z[0m [34mDEBUG[0m [2mhyper::client::pool[0m[2m:[0m pooling idle connection for ("http", 192.168.0.14:8545)
[2m2025-12-10T10:08:55.322702Z[0m [34mDEBUG[0m [2methereum_transaction_pool_monitor::eth_client[0m[2m:[0m 📡 Transaction fetch RPC completed in 12.3705ms
[2m2025-12-10T10:08:55.394490Z[0m [34mDEBUG[0m [2methereum_transaction_pool_monitor::eth_client[0m[2m:[0m ✅ Transaction 0x744c8f7f9c94b8c5189e6f0deb2f78097a5a6fe4aa0cd71104993cfb5073ecb1 fetched and parsed in 84.15525ms
[2m2025-12-10T10:08:55.394518Z[0m [34mDEBUG[0m [2methereum_transaction_pool_monitor::mempool_monitor[0m[2m:[0m 🔍 Skipping tx 0x744c8f7f9c94b8c5189e6f0deb2f78097a5a6fe4aa0cd71104993cfb5073ecb1 - not a DEX interaction (target: 0x601a2aD6CB5949f0529735254189Ba3194221EDF)
[2m2025-12-10T10:08:55.394529Z[0m [34mDEBUG[0m [2methereum_transaction_pool_monitor::mempool_monitor[0m[2m:[0m 📨 Processing new pending transaction: 0xef8ae9659b98f3b03bc2a17ad0986a1c18d3d6d720da9e8a2a6d13daa1fc2d46
[2m2025-12-10T10:08:55.394534Z[0m [34mDEBUG[0m [2methereum_transaction_pool_monitor::mempool_monitor[0m[2m:[0m 🔍 Fetching transaction details for: 0xef8ae9659b98f3b03bc2a17ad0986a1c18d3d6d720da9e8a2a6d13daa1fc2d46
[2m2025-12-10T10:08:55.394539Z[0m [34mDEBUG[0m [2methereum_transaction_pool_monitor::eth_client[0m[2m:[0m 🔍 Fetching transaction details for hash: 0xef8ae9659b98f3b03bc2a17ad0986a1c18d3d6d720da9e8a2a6d13daa1fc2d46
[2m2025-12-10T10:08:55.394563Z[0m [34mDEBUG[0m [2mhyper::client::pool[0m[2m:[0m reuse idle connection for ("http", 192.168.0.14:8545)
[2m2025-12-10T10:08:55.394610Z[0m [34mDEBUG[0m [2mhyper::proto::h1::io[0m[2m:[0m flushed 250 bytes
[2m2025-12-10T10:08:55.394632Z[0m [34mDEBUG[0m [2methereum_transaction_pool_monitor::eth_client[0m[2m:[0m 📨 Received WebSocket message: {"jsonrpc":"2.0","method":"eth_subscription","params":{"subscription":"0xbed0a0851463e895960a451075a301a9","result":"0x5f892c29c25742a4ebb993df2077bd0f09788e0a2643d9730d25205d6965a299"}}
[2m2025-12-10T10:08:55.394639Z[0m [34mDEBUG[0m [2methereum_transaction_pool_monitor::eth_client[0m[2m:[0m 📨 Received pending transaction: 0x5f892c29c25742a4ebb993df2077bd0f09788e0a2643d9730d25205d6965a299
[2m2025-12-10T10:08:55.395004Z[0m [34mDEBUG[0m [2methereum_transaction_pool_monitor::eth_client[0m[2m:[0m 📨 Received WebSocket message: {"jsonrpc":"2.0","method":"eth_subscription","params":{"subscription":"0xbed0a0851463e895960a451075a301a9","result":"0x4d07273ecc61ba2bb9ae6feeea5d54214be74d77ae65bf45e4eb96675adff56b"}}
[2m2025-12-10T10:08:55.395014Z[0m [34mDEBUG[0m [2methereum_transaction_pool_monitor::eth_client[0m[2m:[0m 📨 Received pending transaction: 0x4d07273ecc61ba2bb9ae6feeea5d54214be74d77ae65bf45e4eb96675adff56b
[2m2025-12-10T10:08:55.396163Z[0m [34mDEBUG[0m [2mhyper::client::pool[0m[2m:[0m reuse idle connection for ("http", 192.168.0.14:8545)
[2m2025-12-10T10:08:55.396189Z[0m [34mDEBUG[0m [2mhyper::proto::h1::io[0m[2m:[0m flushed 172 bytes
[2m2025-12-10T10:08:55.402227Z[0m [34mDEBUG[0m [2mhyper::proto::h1::io[0m[2m:[0m parsed 4 headers
[2m2025-12-10T10:08:55.402245Z[0m [34mDEBUG[0m [2mhyper::proto::h1::conn[0m[2m:[0m incoming body is content-length (652 bytes)
[2m2025-12-10T10:08:55.402255Z[0m [34mDEBUG[0m [2mhyper::proto::h1::conn[0m[2m:[0m incoming body completed
[2m2025-12-10T10:08:55.402268Z[0m [34mDEBUG[0m [2mhyper::client::pool[0m[2m:[0m pooling idle connection for ("http", 192.168.0.14:8545)
[2m2025-12-10T10:08:55.402276Z[0m [34mDEBUG[0m [2methereum_transaction_pool_monitor::eth_client[0m[2m:[0m 📡 Transaction fetch RPC completed in 7.733ms
[2m2025-12-10T10:08:55.473930Z[0m [34mDEBUG[0m [2methereum_transaction_pool_monitor::eth_client[0m[2m:[0m ✅ Transaction 0xef8ae9659b98f3b03bc2a17ad0986a1c18d3d6d720da9e8a2a6d13daa1fc2d46 fetched and parsed in 79.382167ms
[2m2025-12-10T10:08:55.473963Z[0m [34mDEBUG[0m [2methereum_transaction_pool_monitor::mempool_monitor[0m[2m:[0m 🔍 Skipping tx 0xef8ae9659b98f3b03bc2a17ad0986a1c18d3d6d720da9e8a2a6d13daa1fc2d46 - not a DEX interaction (target: 0xa1abfA21f80ecf401bd41365adBb6fEF6fEfDF09)
[2m2025-12-10T10:08:55.473973Z[0m [34mDEBUG[0m [2methereum_transaction_pool_monitor::mempool_monitor[0m[2m:[0m 📨 Processing new pending transaction: 0xd9ce58b815d13c7e0b8743f660f1762dd6bf436ca5f5d193337b81b328d97807
[2m2025-12-10T10:08:55.473979Z[0m [34mDEBUG[0m [2methereum_transaction_pool_monitor::mempool_monitor[0m[2m:[0m 🔍 Fetching transaction details for: 0xd9ce58b815d13c7e0b8743f660f1762dd6bf436ca5f5d193337b81b328d97807
[2m2025-12-10T10:08:55.473984Z[0m [34mDEBUG[0m [2methereum_transaction_pool_monitor::eth_client[0m[2m:[0m 🔍 Fetching transaction details for hash: 0xd9ce58b815d13c7e0b8743f660f1762dd6bf436ca5f5d193337b81b328d97807
[2m2025-12-10T10:08:55.474008Z[0m [34mDEBUG[0m [2mhyper::client::pool[0m[2m:[0m reuse idle connection for ("http", 192.168.0.14:8545)
[2m2025-12-10T10:08:55.474077Z[0m [34mDEBUG[0m [2mhyper::proto::h1::io[0m[2m:[0m flushed 250 bytes
[2m2025-12-10T10:08:55.474106Z[0m [34mDEBUG[0m [2methereum_transaction_pool_monitor::eth_client[0m[2m:[0m 📨 Received WebSocket message: {"jsonrpc":"2.0","method":"eth_subscription","params":{"subscription":"0xbed0a0851463e895960a451075a301a9","result":"0x87ef1828c866ea120867a1973bceedcd67f6f85f99674b48b216e42af9589468"}}
[2m2025-12-10T10:08:55.474114Z[0m [34mDEBUG[0m [2methereum_transaction_pool_monitor::eth_client[0m[2m:[0m 📨 Received pending transaction: 0x87ef1828c866ea120867a1973bceedcd67f6f85f99674b48b216e42af9589468
[2m2025-12-10T10:08:55.474125Z[0m [34mDEBUG[0m [2mhyper::proto::h1::io[0m[2m:[0m parsed 4 headers
[2m2025-12-10T10:08:55.474130Z[0m [34mDEBUG[0m [2mhyper::proto::h1::conn[0m[2m:[0m incoming body is content-length (45 bytes)
[2m2025-12-10T10:08:55.474137Z[0m [34mDEBUG[0m [2mhyper::proto::h1::conn[0m[2m:[0m incoming body completed
[2m2025-12-10T10:08:55.474146Z[0m [34mDEBUG[0m [2mhyper::client::pool[0m[2m:[0m pooling idle connection for ("http", 192.168.0.14:8545)
[2m2025-12-10T10:08:55.478821Z[0m [34mDEBUG[0m [2mhyper::proto::h1::io[0m[2m:[0m parsed 4 headers
[2m2025-12-10T10:08:55.478867Z[0m [34mDEBUG[0m [2mhyper::proto::h1::conn[0m[2m:[0m incoming body is content-length (1731 bytes)
[2m2025-12-10T10:08:55.478899Z[0m [34mDEBUG[0m [2methereum_transaction_pool_monitor::eth_client[0m[2m:[0m 📡 Transaction fetch RPC completed in 4.910958ms
[2m2025-12-10T10:08:55.479403Z[0m [34mDEBUG[0m [2mhyper::proto::h1::conn[0m[2m:[0m incoming body completed
[2m2025-12-10T10:08:55.479431Z[0m [34mDEBUG[0m [2mhyper::client::pool[0m[2m:[0m pooling idle connection for ("http", 192.168.0.14:8545)
[2m2025-12-10T10:08:55.496809Z[0m [34mDEBUG[0m [2mhyper::client::pool[0m[2m:[0m reuse idle connection for ("http", 192.168.0.14:8545)
[2m2025-12-10T10:08:55.496960Z[0m [34mDEBUG[0m [2mhyper::proto::h1::io[0m[2m:[0m flushed 172 bytes
[2m2025-12-10T10:08:55.500499Z[0m [34mDEBUG[0m [2mhyper::proto::h1::io[0m[2m:[0m parsed 4 headers
[2m2025-12-10T10:08:55.500547Z[0m [34mDEBUG[0m [2mhyper::proto::h1::conn[0m[2m:[0m incoming body is content-length (45 bytes)
[2m2025-12-10T10:08:55.500567Z[0m [34mDEBUG[0m [2mhyper::proto::h1::conn[0m[2m:[0m incoming body completed
[2m2025-12-10T10:08:55.500588Z[0m [34mDEBUG[0m [2mhyper::client::pool[0m[2m:[0m pooling idle connection for ("http", 192.168.0.14:8545)
[2m2025-12-10T10:08:55.562327Z[0m [34mDEBUG[0m [2methereum_transaction_pool_monitor::eth_client[0m[2m:[0m ✅ Transaction 0xd9ce58b815d13c7e0b8743f660f1762dd6bf436ca5f5d193337b81b328d97807 fetched and parsed in 88.334667ms
[2m2025-12-10T10:08:55.562359Z[0m [34mDEBUG[0m [2methereum_transaction_pool_monitor::mempool_monitor[0m[2m:[0m 🔍 Skipping tx 0xd9ce58b815d13c7e0b8743f660f1762dd6bf436ca5f5d193337b81b328d97807 - not a DEX interaction (target: 0x601a2aD6CB5949f0529735254189Ba3194221EDF)
[2m2025-12-10T10:08:55.562370Z[0m [34mDEBUG[0m [2methereum_transaction_pool_monitor::mempool_monitor[0m[2m:[0m 📨 Processing new pending transaction: 0xb6e64a76e7f6fe32a185e0fe22c61e28bcdcbc031aa1bfb689a66cd66ef1b137
[2m2025-12-10T10:08:55.562375Z[0m [34mDEBUG[0m [2methereum_transaction_pool_monitor::mempool_monitor[0m[2m:[0m 🔍 Fetching transaction details for: 0xb6e64a76e7f6fe32a185e0fe22c61e28bcdcbc031aa1bfb689a66cd66ef1b137
[2m2025-12-10T10:08:55.562378Z[0m [34mDEBUG[0m [2methereum_transaction_pool_monitor::eth_client[0m[2m:[0m 🔍 Fetching transaction details for hash: 0xb6e64a76e7f6fe32a185e0fe22c61e28bcdcbc031aa1bfb689a66cd66ef1b137
[2m2025-12-10T10:08:55.562404Z[0m [34mDEBUG[0m [2mhyper::client::pool[0m[2m:[0m reuse idle connection for ("http", 192.168.0.14:8545)
[2m2025-12-10T10:08:55.562451Z[0m [34mDEBUG[0m [2mhyper::proto::h1::io[0m[2m:[0m flushed 250 bytes
[2m2025-12-10T10:08:55.566709Z[0m [34mDEBUG[0m [2mhyper::proto::h1::io[0m[2m:[0m parsed 4 headers
[2m2025-12-10T10:08:55.566724Z[0m [34mDEBUG[0m [2mhyper::proto::h1::conn[0m[2m:[0m incoming body is content-length (1731 bytes)
[2m2025-12-10T10:08:55.566744Z[0m [34mDEBUG[0m [2methereum_transaction_pool_monitor::eth_client[0m[2m:[0m 📡 Transaction fetch RPC completed in 4.361208ms
[2m2025-12-10T10:08:55.567818Z[0m [34mDEBUG[0m [2mhyper::proto::h1::conn[0m[2m:[0m incoming body completed
[2m2025-12-10T10:08:55.567839Z[0m [34mDEBUG[0m [2mhyper::client::pool[0m[2m:[0m pooling idle connection for ("http", 192.168.0.14:8545)
[2m2025-12-10T10:08:55.596357Z[0m [34mDEBUG[0m [2mhyper::client::pool[0m[2m:[0m reuse idle connection for ("http", 192.168.0.14:8545)
[2m2025-12-10T10:08:55.596857Z[0m [34mDEBUG[0m [2mhyper::proto::h1::io[0m[2m:[0m flushed 172 bytes
[2m2025-12-10T10:08:55.603583Z[0m [34mDEBUG[0m [2mhyper::proto::h1::io[0m[2m:[0m parsed 4 headers
[2m2025-12-10T10:08:55.603619Z[0m [34mDEBUG[0m [2mhyper::proto::h1::conn[0m[2m:[0m incoming body is content-length (45 bytes)
[2m2025-12-10T10:08:55.603646Z[0m [34mDEBUG[0m [2mhyper::proto::h1::conn[0m[2m:[0m incoming body completed
[2m2025-12-10T10:08:55.603674Z[0m [34mDEBUG[0m [2mhyper::client::pool[0m[2m:[0m pooling idle connection for ("http", 192.168.0.14:8545)
[2m2025-12-10T10:08:55.629586Z[0m [34mDEBUG[0m [2methereum_transaction_pool_monitor::eth_client[0m[2m:[0m 📨 Received WebSocket message: {"jsonrpc":"2.0","method":"eth_subscription","params":{"subscription":"0xbed0a0851463e895960a451075a301a9","result":"0x8d6e9d848e2243df2131a6ee0f6498b56302aa4dd930fbec009f1382ff610e48"}}
[2m2025-12-10T10:08:55.632412Z[0m [34mDEBUG[0m [2methereum_transaction_pool_monitor::eth_client[0m[2m:[0m 📨 Received pending transaction: 0x8d6e9d848e2243df2131a6ee0f6498b56302aa4dd930fbec009f1382ff610e48
[2m2025-12-10T10:08:55.653770Z[0m [34mDEBUG[0m [2methereum_transaction_pool_monitor::eth_client[0m[2m:[0m ✅ Transaction 0xb6e64a76e7f6fe32a185e0fe22c61e28bcdcbc031aa1bfb689a66cd66ef1b137 fetched and parsed in 91.384083ms
[2m2025-12-10T10:08:55.653798Z[0m [34mDEBUG[0m [2methereum_transaction_pool_monitor::mempool_monitor[0m[2m:[0m 🔍 Skipping tx 0xb6e64a76e7f6fe32a185e0fe22c61e28bcdcbc031aa1bfb689a66cd66ef1b137 - not a DEX interaction (target: 0x601a2aD6CB5949f0529735254189Ba3194221EDF)
[2m2025-12-10T10:08:55.653807Z[0m [34mDEBUG[0m [2methereum_transaction_pool_monitor::mempool_monitor[0m[2m:[0m 📨 Processing new pending transaction: 0x583db97fd61eb51f84334190dc278cc3bf4908082e76af1a802c72312b150078
[2m2025-12-10T10:08:55.653812Z[0m [34mDEBUG[0m [2methereum_transaction_pool_monitor::mempool_monitor[0m[2m:[0m 🔍 Fetching transaction details for: 0x583db97fd61eb51f84334190dc278cc3bf4908082e76af1a802c72312b150078
[2m2025-12-10T10:08:55.653815Z[0m [34mDEBUG[0m [2methereum_transaction_pool_monitor::eth_client[0m[2m:[0m 🔍 Fetching transaction details for hash: 0x583db97fd61eb51f84334190dc278cc3bf4908082e76af1a802c72312b150078
[2m2025-12-10T10:08:55.653839Z[0m [34mDEBUG[0m [2mhyper::client::pool[0m[2m:[0m reuse idle connection for ("http", 192.168.0.14:8545)
[2m2025-12-10T10:08:55.653906Z[0m [34mDEBUG[0m [2mhyper::proto::h1::io[0m[2m:[0m flushed 250 bytes
[2m2025-12-10T10:08:55.662511Z[0m [34mDEBUG[0m [2mhyper::proto::h1::io[0m[2m:[0m parsed 4 headers
[2m2025-12-10T10:08:55.662532Z[0m [34mDEBUG[0m [2mhyper::proto::h1::conn[0m[2m:[0m incoming body is content-length (653 bytes)
[2m2025-12-10T10:08:55.662541Z[0m [34mDEBUG[0m [2mhyper::proto::h1::conn[0m[2m:[0m incoming body completed
[2m2025-12-10T10:08:55.662555Z[0m [34mDEBUG[0m [2mhyper::client::pool[0m[2m:[0m pooling idle connection for ("http", 192.168.0.14:8545)
[2m2025-12-10T10:08:55.662564Z[0m [34mDEBUG[0m [2methereum_transaction_pool_monitor::eth_client[0m[2m:[0m 📡 Transaction fetch RPC completed in 8.744625ms
[2m2025-12-10T10:08:55.734449Z[0m [34mDEBUG[0m [2methereum_transaction_pool_monitor::eth_client[0m[2m:[0m ✅ Transaction 0x583db97fd61eb51f84334190dc278cc3bf4908082e76af1a802c72312b150078 fetched and parsed in 80.626291ms
[2m2025-12-10T10:08:55.734478Z[0m [34mDEBUG[0m [2methereum_transaction_pool_monitor::mempool_monitor[0m[2m:[0m 🔍 Skipping tx 0x583db97fd61eb51f84334190dc278cc3bf4908082e76af1a802c72312b150078 - not a DEX interaction (target: 0xa1abfA21f80ecf401bd41365adBb6fEF6fEfDF09)
[2m2025-12-10T10:08:55.734491Z[0m [34mDEBUG[0m [2methereum_transaction_pool_monitor::mempool_monitor[0m[2m:[0m 📨 Processing new pending transaction: 0xad012202b1fabdf2d86d46828b29f9572fc379997dcb272d60f2bff4ffe9d1a5
[2m2025-12-10T10:08:55.734496Z[0m [34mDEBUG[0m [2methereum_transaction_pool_monitor::mempool_monitor[0m[2m:[0m 🔍 Fetching transaction details for: 0xad012202b1fabdf2d86d46828b29f9572fc379997dcb272d60f2bff4ffe9d1a5
[2m2025-12-10T10:08:55.734501Z[0m [34mDEBUG[0m [2methereum_transaction_pool_monitor::eth_client[0m[2m:[0m 🔍 Fetching transaction details for hash: 0xad012202b1fabdf2d86d46828b29f9572fc379997dcb272d60f2bff4ffe9d1a5
[2m2025-12-10T10:08:55.734527Z[0m [34mDEBUG[0m [2mhyper::client::pool[0m[2m:[0m reuse idle connection for ("http", 192.168.0.14:8545)
[2m2025-12-10T10:08:55.734572Z[0m [34mDEBUG[0m [2mhyper::proto::h1::io[0m[2m:[0m flushed 250 bytes
[2m2025-12-10T10:08:55.734603Z[0m [34mDEBUG[0m [2mhyper::client::pool[0m[2m:[0m reuse idle connection for ("http", 192.168.0.14:8545)
[2m2025-12-10T10:08:55.734618Z[0m [34mDEBUG[0m [2mhyper::proto::h1::io[0m[2m:[0m flushed 172 bytes
[2m2025-12-10T10:08:55.747348Z[0m [34mDEBUG[0m [2mhyper::proto::h1::io[0m[2m:[0m parsed 4 headers
[2m2025-12-10T10:08:55.748586Z[0m [34mDEBUG[0m [2mhyper::proto::h1::conn[0m[2m:[0m incoming body is content-length (45 bytes)
[2m2025-12-10T10:08:55.748601Z[0m [34mDEBUG[0m [2mhyper::proto::h1::conn[0m[2m:[0m incoming body completed
[2m2025-12-10T10:08:55.748620Z[0m [34mDEBUG[0m [2mhyper::client::pool[0m[2m:[0m pooling idle connection for ("http", 192.168.0.14:8545)
[2m2025-12-10T10:08:55.749265Z[0m [34mDEBUG[0m [2mhyper::proto::h1::io[0m[2m:[0m parsed 4 headers
[2m2025-12-10T10:08:55.749276Z[0m [34mDEBUG[0m [2mhyper::proto::h1::conn[0m[2m:[0m incoming body is content-length (1731 bytes)
[2m2025-12-10T10:08:55.749284Z[0m [34mDEBUG[0m [2mhyper::proto::h1::conn[0m[2m:[0m incoming body completed
[2m2025-12-10T10:08:55.749293Z[0m [34mDEBUG[0m [2mhyper::client::pool[0m[2m:[0m pooling idle connection for ("http", 192.168.0.14:8545)
[2m2025-12-10T10:08:55.749299Z[0m [34mDEBUG[0m [2methereum_transaction_pool_monitor::eth_client[0m[2m:[0m 📡 Transaction fetch RPC completed in 14.7935ms
[2m2025-12-10T10:08:55.821545Z[0m [34mDEBUG[0m [2methereum_transaction_pool_monitor::eth_client[0m[2m:[0m ✅ Transaction 0xad012202b1fabdf2d86d46828b29f9572fc379997dcb272d60f2bff4ffe9d1a5 fetched and parsed in 87.035834ms
[2m2025-12-10T10:08:55.821575Z[0m [34mDEBUG[0m [2methereum_transaction_pool_monitor::mempool_monitor[0m[2m:[0m 🔍 Skipping tx 0xad012202b1fabdf2d86d46828b29f9572fc379997dcb272d60f2bff4ffe9d1a5 - not a DEX interaction (target: 0x601a2aD6CB5949f0529735254189Ba3194221EDF)
[2m2025-12-10T10:08:55.821588Z[0m [34mDEBUG[0m [2methereum_transaction_pool_monitor::mempool_monitor[0m[2m:[0m 📨 Processing new pending transaction: 0x3851f7d578a9879249be9d3097b1dde5fd37e851055025700d5082b48c64f98b
[2m2025-12-10T10:08:55.821593Z[0m [34mDEBUG[0m [2methereum_transaction_pool_monitor::mempool_monitor[0m[2m:[0m 🔍 Fetching transaction details for: 0x3851f7d578a9879249be9d3097b1dde5fd37e851055025700d5082b48c64f98b
[2m2025-12-10T10:08:55.821597Z[0m [34mDEBUG[0m [2methereum_transaction_pool_monitor::eth_client[0m[2m:[0m 🔍 Fetching transaction details for hash: 0x3851f7d578a9879249be9d3097b1dde5fd37e851055025700d5082b48c64f98b
[2m2025-12-10T10:08:55.821621Z[0m [34mDEBUG[0m [2mhyper::client::pool[0m[2m:[0m reuse idle connection for ("http", 192.168.0.14:8545)
[2m2025-12-10T10:08:55.821682Z[0m [34mDEBUG[0m [2mhyper::proto::h1::io[0m[2m:[0m flushed 250 bytes
[2m2025-12-10T10:08:55.821716Z[0m [34mDEBUG[0m [2mhyper::client::pool[0m[2m:[0m reuse idle connection for ("http", 192.168.0.14:8545)
[2m2025-12-10T10:08:55.821746Z[0m [34mDEBUG[0m [2mhyper::proto::h1::io[0m[2m:[0m flushed 172 bytes
[2m2025-12-10T10:08:55.826484Z[0m [34mDEBUG[0m [2mhyper::proto::h1::io[0m[2m:[0m parsed 4 headers
[2m2025-12-10T10:08:55.826491Z[0m [34mDEBUG[0m [2mhyper::proto::h1::conn[0m[2m:[0m incoming body is content-length (45 bytes)
[2m2025-12-10T10:08:55.826500Z[0m [34mDEBUG[0m [2mhyper::proto::h1::conn[0m[2m:[0m incoming body completed
[2m2025-12-10T10:08:55.826509Z[0m [34mDEBUG[0m [2mhyper::client::pool[0m[2m:[0m pooling idle connection for ("http", 192.168.0.14:8545)
[2m2025-12-10T10:08:55.827222Z[0m [34mDEBUG[0m [2mhyper::proto::h1::io[0m[2m:[0m parsed 4 headers
[2m2025-12-10T10:08:55.827231Z[0m [34mDEBUG[0m [2mhyper::proto::h1::conn[0m[2m:[0m incoming body is content-length (778 bytes)
[2m2025-12-10T10:08:55.827237Z[0m [34mDEBUG[0m [2mhyper::proto::h1::conn[0m[2m:[0m incoming body completed
[2m2025-12-10T10:08:55.827244Z[0m [34mDEBUG[0m [2mhyper::client::pool[0m[2m:[0m pooling idle connection for ("http", 192.168.0.14:8545)
[2m2025-12-10T10:08:55.827250Z[0m [34mDEBUG[0m [2methereum_transaction_pool_monitor::eth_client[0m[2m:[0m 📡 Transaction fetch RPC completed in 5.649084ms
[2m2025-12-10T10:08:55.899553Z[0m [34mDEBUG[0m [2methereum_transaction_pool_monitor::eth_client[0m[2m:[0m ✅ Transaction 0x3851f7d578a9879249be9d3097b1dde5fd37e851055025700d5082b48c64f98b fetched and parsed in 77.948959ms
[2m2025-12-10T10:08:55.899585Z[0m [34mDEBUG[0m [2methereum_transaction_pool_monitor::mempool_monitor[0m[2m:[0m 🔍 Skipping tx 0x3851f7d578a9879249be9d3097b1dde5fd37e851055025700d5082b48c64f98b - not a DEX interaction (target: 0x675B68AA4d9c2d3BB3F0397048e62E6B7192079c)
[2m2025-12-10T10:08:55.899598Z[0m [34mDEBUG[0m [2methereum_transaction_pool_monitor::mempool_monitor[0m[2m:[0m 📨 Processing new pending transaction: 0x01a544e55cd00cd09bb62703593bb4a09c132503d687d9942750496c7a131ad7
[2m2025-12-10T10:08:55.899604Z[0m [34mDEBUG[0m [2methereum_transaction_pool_monitor::mempool_monitor[0m[2m:[0m 🔍 Fetching transaction details for: 0x01a544e55cd00cd09bb62703593bb4a09c132503d687d9942750496c7a131ad7
[2m2025-12-10T10:08:55.899608Z[0m [34mDEBUG[0m [2methereum_transaction_pool_monitor::eth_client[0m[2m:[0m 🔍 Fetching transaction details for hash: 0x01a544e55cd00cd09bb62703593bb4a09c132503d687d9942750496c7a131ad7
[2m2025-12-10T10:08:55.899633Z[0m [34mDEBUG[0m [2mhyper::client::pool[0m[2m:[0m reuse idle connection for ("http", 192.168.0.14:8545)
[2m2025-12-10T10:08:55.899690Z[0m [34mDEBUG[0m [2mhyper::proto::h1::io[0m[2m:[0m flushed 250 bytes
[2m2025-12-10T10:08:55.899712Z[0m [34mDEBUG[0m [2mhyper::client::pool[0m[2m:[0m reuse idle connection for ("http", 192.168.0.14:8545)
[2m2025-12-10T10:08:55.899730Z[0m [34mDEBUG[0m [2mhyper::proto::h1::io[0m[2m:[0m flushed 172 bytes
[2m2025-12-10T10:08:55.899744Z[0m [34mDEBUG[0m [2methereum_transaction_pool_monitor::eth_client[0m[2m:[0m 📨 Received WebSocket message: {"jsonrpc":"2.0","method":"eth_subscription","params":{"subscription":"0xbed0a0851463e895960a451075a301a9","result":"0x35f0ccfc502098b356acbbe5133491867965bbc7a23c05d4da1cc43ebcae4a89"}}
[2m2025-12-10T10:08:55.899753Z[0m [34mDEBUG[0m [2methereum_transaction_pool_monitor::eth_client[0m[2m:[0m 📨 Received pending transaction: 0x35f0ccfc502098b356acbbe5133491867965bbc7a23c05d4da1cc43ebcae4a89
[2m2025-12-10T10:08:55.903358Z[0m [34mDEBUG[0m [2mhyper::proto::h1::io[0m[2m:[0m parsed 4 headers
[2m2025-12-10T10:08:55.903368Z[0m [34mDEBUG[0m [2mhyper::proto::h1::conn[0m[2m:[0m incoming body is content-length (45 bytes)
[2m2025-12-10T10:08:55.903377Z[0m [34mDEBUG[0m [2mhyper::proto::h1::conn[0m[2m:[0m incoming body completed
[2m2025-12-10T10:08:55.903387Z[0m [34mDEBUG[0m [2mhyper::client::pool[0m[2m:[0m pooling idle connection for ("http", 192.168.0.14:8545)
[2m2025-12-10T10:08:55.903904Z[0m [34mDEBUG[0m [2mhyper::proto::h1::io[0m[2m:[0m parsed 4 headers
[2m2025-12-10T10:08:55.903909Z[0m [34mDEBUG[0m [2mhyper::proto::h1::conn[0m[2m:[0m incoming body is content-length (653 bytes)
[2m2025-12-10T10:08:55.903914Z[0m [34mDEBUG[0m [2mhyper::proto::h1::conn[0m[2m:[0m incoming body completed
[2m2025-12-10T10:08:55.903921Z[0m [34mDEBUG[0m [2mhyper::client::pool[0m[2m:[0m pooling idle connection for ("http", 192.168.0.14:8545)
[2m2025-12-10T10:08:55.903926Z[0m [34mDEBUG[0m [2methereum_transaction_pool_monitor::eth_client[0m[2m:[0m 📡 Transaction fetch RPC completed in 4.313541ms
[2m2025-12-10T10:08:55.977271Z[0m [34mDEBUG[0m [2methereum_transaction_pool_monitor::eth_client[0m[2m:[0m ✅ Transaction 0x01a544e55cd00cd09bb62703593bb4a09c132503d687d9942750496c7a131ad7 fetched and parsed in 77.655541ms
[2m2025-12-10T10:08:55.977310Z[0m [34mDEBUG[0m [2methereum_transaction_pool_monitor::mempool_monitor[0m[2m:[0m 🔍 Skipping tx 0x01a544e55cd00cd09bb62703593bb4a09c132503d687d9942750496c7a131ad7 - not a DEX interaction (target: 0xa1abfA21f80ecf401bd41365adBb6fEF6fEfDF09)
[2m2025-12-10T10:08:55.977321Z[0m [34mDEBUG[0m [2methereum_transaction_pool_monitor::mempool_monitor[0m[2m:[0m 📨 Processing new pending transaction: 0x9d1d50776af20563a3613cf6169fcac5b0dffa8732fdb587a85cc1540cad5ffd
[2m2025-12-10T10:08:55.977327Z[0m [34mDEBUG[0m [2methereum_transaction_pool_monitor::mempool_monitor[0m[2m:[0m 🔍 Fetching transaction details for: 0x9d1d50776af20563a3613cf6169fcac5b0dffa8732fdb587a85cc1540cad5ffd
[2m2025-12-10T10:08:55.977330Z[0m [34mDEBUG[0m [2methereum_transaction_pool_monitor::eth_client[0m[2m:[0m 🔍 Fetching transaction details for hash: 0x9d1d50776af20563a3613cf6169fcac5b0dffa8732fdb587a85cc1540cad5ffd
[2m2025-12-10T10:08:55.977354Z[0m [34mDEBUG[0m [2mhyper::client::pool[0m[2m:[0m reuse idle connection for ("http", 192.168.0.14:8545)
[2m2025-12-10T10:08:55.977421Z[0m [34mDEBUG[0m [2mhyper::proto::h1::io[0m[2m:[0m flushed 250 bytes
[2m2025-12-10T10:08:55.977447Z[0m [34mDEBUG[0m [2methereum_transaction_pool_monitor::eth_client[0m[2m:[0m 📨 Received WebSocket message: {"jsonrpc":"2.0","method":"eth_subscription","params":{"subscription":"0xbed0a0851463e895960a451075a301a9","result":"0x13c428ce59959fe64c263ee493cea66de7e563ad130c69a43b9637f91b0b60f3"}}
[2m2025-12-10T10:08:55.977455Z[0m [34mDEBUG[0m [2methereum_transaction_pool_monitor::eth_client[0m[2m:[0m 📨 Received pending transaction: 0x13c428ce59959fe64c263ee493cea66de7e563ad130c69a43b9637f91b0b60f3
[2m2025-12-10T10:08:55.977460Z[0m [34mDEBUG[0m [2methereum_transaction_pool_monitor::eth_client[0m[2m:[0m 📨 Received WebSocket message: {"jsonrpc":"2.0","method":"eth_subscription","params":{"subscription":"0xbed0a0851463e895960a451075a301a9","result":"0x1b721e8d7dd89109e1891310a2ae3fe80ef4f80469dd1dd7ddbaa997297796dc"}}
[2m2025-12-10T10:08:55.977465Z[0m [34mDEBUG[0m [2methereum_transaction_pool_monitor::eth_client[0m[2m:[0m 📨 Received pending transaction: 0x1b721e8d7dd89109e1891310a2ae3fe80ef4f80469dd1dd7ddbaa997297796dc
[2m2025-12-10T10:08:55.982484Z[0m [34mDEBUG[0m [2mhyper::proto::h1::io[0m[2m:[0m parsed 4 headers
[2m2025-12-10T10:08:55.982523Z[0m [34mDEBUG[0m [2mhyper::proto::h1::conn[0m[2m:[0m incoming body is content-length (652 bytes)
[2m2025-12-10T10:08:55.982544Z[0m [34mDEBUG[0m [2mhyper::proto::h1::conn[0m[2m:[0m incoming body completed
[2m2025-12-10T10:08:55.982569Z[0m [34mDEBUG[0m [2mhyper::client::pool[0m[2m:[0m pooling idle connection for ("http", 192.168.0.14:8545)
[2m2025-12-10T10:08:55.982586Z[0m [34mDEBUG[0m [2methereum_transaction_pool_monitor::eth_client[0m[2m:[0m 📡 Transaction fetch RPC completed in 5.251666ms
[2m2025-12-10T10:08:56.060730Z[0m [34mDEBUG[0m [2methereum_transaction_pool_monitor::eth_client[0m[2m:[0m ✅ Transaction 0x9d1d50776af20563a3613cf6169fcac5b0dffa8732fdb587a85cc1540cad5ffd fetched and parsed in 83.391291ms
[2m2025-12-10T10:08:56.061960Z[0m [34mDEBUG[0m [2methereum_transaction_pool_monitor::mempool_monitor[0m[2m:[0m 🔍 Skipping tx 0x9d1d50776af20563a3613cf6169fcac5b0dffa8732fdb587a85cc1540cad5ffd - not a DEX interaction (target: 0xa1abfA21f80ecf401bd41365adBb6fEF6fEfDF09)
[2m2025-12-10T10:08:56.061973Z[0m [34mDEBUG[0m [2methereum_transaction_pool_monitor::mempool_monitor[0m[2m:[0m 📨 Processing new pending transaction: 0xb99becc1dc7e588727dc5e92bb359552a6c871d8d7f34d1eae4adad0ee10045b
[2m2025-12-10T10:08:56.061979Z[0m [34mDEBUG[0m [2methereum_transaction_pool_monitor::mempool_monitor[0m[2m:[0m 🔍 Fetching transaction details for: 0xb99becc1dc7e588727dc5e92bb359552a6c871d8d7f34d1eae4adad0ee10045b
[2m2025-12-10T10:08:56.061983Z[0m [34mDEBUG[0m [2methereum_transaction_pool_monitor::eth_client[0m[2m:[0m 🔍 Fetching transaction details for hash: 0xb99becc1dc7e588727dc5e92bb359552a6c871d8d7f34d1eae4adad0ee10045b
[2m2025-12-10T10:08:56.062010Z[0m [34mDEBUG[0m [2mhyper::client::pool[0m[2m:[0m reuse idle connection for ("http", 192.168.0.14:8545)
[2m2025-12-10T10:08:56.062051Z[0m [34mDEBUG[0m [2mhyper::proto::h1::io[0m[2m:[0m flushed 250 bytes
[2m2025-12-10T10:08:56.062096Z[0m [34mDEBUG[0m [2mhyper::client::pool[0m[2m:[0m reuse idle connection for ("http", 192.168.0.14:8545)
[2m2025-12-10T10:08:56.062116Z[0m [34mDEBUG[0m [2mhyper::proto::h1::io[0m[2m:[0m flushed 172 bytes
[2m2025-12-10T10:08:56.068680Z[0m [34mDEBUG[0m [2mhyper::proto::h1::io[0m[2m:[0m parsed 4 headers
[2m2025-12-10T10:08:56.068720Z[0m [34mDEBUG[0m [2mhyper::proto::h1::conn[0m[2m:[0m incoming body is content-length (1731 bytes)
[2m2025-12-10T10:08:56.068753Z[0m [34mDEBUG[0m [2methereum_transaction_pool_monitor::eth_client[0m[2m:[0m 📡 Transaction fetch RPC completed in 6.763625ms
[2m2025-12-10T10:08:56.071279Z[0m [34mDEBUG[0m [2mhyper::proto::h1::conn[0m[2m:[0m incoming body completed
[2m2025-12-10T10:08:56.071315Z[0m [34mDEBUG[0m [2mhyper::client::pool[0m[2m:[0m pooling idle connection for ("http", 192.168.0.14:8545)
[2m2025-12-10T10:08:56.071339Z[0m [34mDEBUG[0m [2mhyper::proto::h1::io[0m[2m:[0m parsed 4 headers
[2m2025-12-10T10:08:56.071355Z[0m [34mDEBUG[0m [2mhyper::proto::h1::conn[0m[2m:[0m incoming body is content-length (45 bytes)
[2m2025-12-10T10:08:56.071372Z[0m [34mDEBUG[0m [2mhyper::proto::h1::conn[0m[2m:[0m incoming body completed
[2m2025-12-10T10:08:56.071398Z[0m [34mDEBUG[0m [2mhyper::client::pool[0m[2m:[0m pooling idle connection for ("http", 192.168.0.14:8545)
[2m2025-12-10T10:08:56.096505Z[0m [34mDEBUG[0m [2mhyper::client::pool[0m[2m:[0m reuse idle connection for ("http", 192.168.0.14:8545)
[2m2025-12-10T10:08:56.096626Z[0m [34mDEBUG[0m [2mhyper::proto::h1::io[0m[2m:[0m flushed 172 bytes
[2m2025-12-10T10:08:56.100652Z[0m [34mDEBUG[0m [2mhyper::proto::h1::io[0m[2m:[0m parsed 4 headers
[2m2025-12-10T10:08:56.100691Z[0m [34mDEBUG[0m [2mhyper::proto::h1::conn[0m[2m:[0m incoming body is content-length (45 bytes)
[2m2025-12-10T10:08:56.100711Z[0m [34mDEBUG[0m [2mhyper::proto::h1::conn[0m[2m:[0m incoming body completed
[2m2025-12-10T10:08:56.100733Z[0m [34mDEBUG[0m [2mhyper::client::pool[0m[2m:[0m pooling idle connection for ("http", 192.168.0.14:8545)
[2m2025-12-10T10:08:56.150131Z[0m [34mDEBUG[0m [2methereum_transaction_pool_monitor::eth_client[0m[2m:[0m ✅ Transaction 0xb99becc1dc7e588727dc5e92bb359552a6c871d8d7f34d1eae4adad0ee10045b fetched and parsed in 88.138542ms
[2m2025-12-10T10:08:56.150161Z[0m [34mDEBUG[0m [2methereum_transaction_pool_monitor::mempool_monitor[0m[2m:[0m 🔍 Skipping tx 0xb99becc1dc7e588727dc5e92bb359552a6c871d8d7f34d1eae4adad0ee10045b - not a DEX interaction (target: 0x601a2aD6CB5949f0529735254189Ba3194221EDF)
[2m2025-12-10T10:08:56.150171Z[0m [34mDEBUG[0m [2methereum_transaction_pool_monitor::mempool_monitor[0m[2m:[0m 📨 Processing new pending transaction: 0x63da8dd7a3dd4beb0088912e8a009689787d57b845a2b652bac3482e00235fbc
[2m2025-12-10T10:08:56.150175Z[0m [34mDEBUG[0m [2methereum_transaction_pool_monitor::mempool_monitor[0m[2m:[0m 🔍 Fetching transaction details for: 0x63da8dd7a3dd4beb0088912e8a009689787d57b845a2b652bac3482e00235fbc
[2m2025-12-10T10:08:56.150179Z[0m [34mDEBUG[0m [2methereum_transaction_pool_monitor::eth_client[0m[2m:[0m 🔍 Fetching transaction details for hash: 0x63da8dd7a3dd4beb0088912e8a009689787d57b845a2b652bac3482e00235fbc
[2m2025-12-10T10:08:56.150199Z[0m [34mDEBUG[0m [2mhyper::client::pool[0m[2m:[0m reuse idle connection for ("http", 192.168.0.14:8545)
[2m2025-12-10T10:08:56.150262Z[0m [34mDEBUG[0m [2mhyper::proto::h1::io[0m[2m:[0m flushed 250 bytes
[2m2025-12-10T10:08:56.154218Z[0m [34mDEBUG[0m [2mhyper::proto::h1::io[0m[2m:[0m parsed 4 headers
[2m2025-12-10T10:08:56.154233Z[0m [34mDEBUG[0m [2mhyper::proto::h1::conn[0m[2m:[0m incoming body is content-length (1731 bytes)
[2m2025-12-10T10:08:56.154256Z[0m [34mDEBUG[0m [2methereum_transaction_pool_monitor::eth_client[0m[2m:[0m 📡 Transaction fetch RPC completed in 4.072958ms
[2m2025-12-10T10:08:56.155477Z[0m [34mDEBUG[0m [2mhyper::proto::h1::conn[0m[2m:[0m incoming body completed
[2m2025-12-10T10:08:56.155491Z[0m [34mDEBUG[0m [2mhyper::client::pool[0m[2m:[0m pooling idle connection for ("http", 192.168.0.14:8545)
[2m2025-12-10T10:08:56.196349Z[0m [34mDEBUG[0m [2mhyper::client::pool[0m[2m:[0m reuse idle connection for ("http", 192.168.0.14:8545)
[2m2025-12-10T10:08:56.196485Z[0m [34mDEBUG[0m [2mhyper::proto::h1::io[0m[2m:[0m flushed 172 bytes
[2m2025-12-10T10:08:56.200678Z[0m [34mDEBUG[0m [2mhyper::proto::h1::io[0m[2m:[0m parsed 4 headers
[2m2025-12-10T10:08:56.200712Z[0m [34mDEBUG[0m [2mhyper::proto::h1::conn[0m[2m:[0m incoming body is content-length (45 bytes)
[2m2025-12-10T10:08:56.200730Z[0m [34mDEBUG[0m [2mhyper::proto::h1::conn[0m[2m:[0m incoming body completed
[2m2025-12-10T10:08:56.200751Z[0m [34mDEBUG[0m [2mhyper::client::pool[0m[2m:[0m pooling idle connection for ("http", 192.168.0.14:8545)
[2m2025-12-10T10:08:56.205779Z[0m [34mDEBUG[0m [2methereum_transaction_pool_monitor::eth_client[0m[2m:[0m 📨 Received WebSocket message: {"jsonrpc":"2.0","method":"eth_subscription","params":{"subscription":"0xbed0a0851463e895960a451075a301a9","result":"0x013aacf788bd50b44b8b03527758b230aea83c84925cfd3867dd6d7da5af87e0"}}
[2m2025-12-10T10:08:56.205820Z[0m [34mDEBUG[0m [2methereum_transaction_pool_monitor::eth_client[0m[2m:[0m 📨 Received pending transaction: 0x013aacf788bd50b44b8b03527758b230aea83c84925cfd3867dd6d7da5af87e0
[2m2025-12-10T10:08:56.229234Z[0m [34mDEBUG[0m [2methereum_transaction_pool_monitor::eth_client[0m[2m:[0m ✅ Transaction 0x63da8dd7a3dd4beb0088912e8a009689787d57b845a2b652bac3482e00235fbc fetched and parsed in 79.047417ms
[2m2025-12-10T10:08:56.229266Z[0m [34mDEBUG[0m [2methereum_transaction_pool_monitor::mempool_monitor[0m[2m:[0m 🔍 Skipping tx 0x63da8dd7a3dd4beb0088912e8a009689787d57b845a2b652bac3482e00235fbc - not a DEX interaction (target: 0x601a2aD6CB5949f0529735254189Ba3194221EDF)
[2m2025-12-10T10:08:56.229277Z[0m [34mDEBUG[0m [2methereum_transaction_pool_monitor::mempool_monitor[0m[2m:[0m 📨 Processing new pending transaction: 0x971035c6f903d485819fcf61306041378299f47d51a83dbb739a342c13748e17
[2m2025-12-10T10:08:56.229282Z[0m [34mDEBUG[0m [2methereum_transaction_pool_monitor::mempool_monitor[0m[2m:[0m 🔍 Fetching transaction details for: 0x971035c6f903d485819fcf61306041378299f47d51a83dbb739a342c13748e17
[2m2025-12-10T10:08:56.229286Z[0m [34mDEBUG[0m [2methereum_transaction_pool_monitor::eth_client[0m[2m:[0m 🔍 Fetching transaction details for hash: 0x971035c6f903d485819fcf61306041378299f47d51a83dbb739a342c13748e17
[2m2025-12-10T10:08:56.229311Z[0m [34mDEBUG[0m [2mhyper::client::pool[0m[2m:[0m reuse idle connection for ("http", 192.168.0.14:8545)
[2m2025-12-10T10:08:56.229376Z[0m [34mDEBUG[0m [2mhyper::proto::h1::io[0m[2m:[0m flushed 250 bytes
[2m2025-12-10T10:08:56.233599Z[0m [34mDEBUG[0m [2mhyper::proto::h1::io[0m[2m:[0m parsed 4 headers
[2m2025-12-10T10:08:56.233617Z[0m [34mDEBUG[0m [2mhyper::proto::h1::conn[0m[2m:[0m incoming body is content-length (646 bytes)
[2m2025-12-10T10:08:56.233627Z[0m [34mDEBUG[0m [2mhyper::proto::h1::conn[0m[2m:[0m incoming body completed
[2m2025-12-10T10:08:56.233640Z[0m [34mDEBUG[0m [2mhyper::client::pool[0m[2m:[0m pooling idle connection for ("http", 192.168.0.14:8545)
[2m2025-12-10T10:08:56.233649Z[0m [34mDEBUG[0m [2methereum_transaction_pool_monitor::eth_client[0m[2m:[0m 📡 Transaction fetch RPC completed in 4.358916ms
[2m2025-12-10T10:08:56.306770Z[0m [34mDEBUG[0m [2methereum_transaction_pool_monitor::eth_client[0m[2m:[0m ✅ Transaction 0x971035c6f903d485819fcf61306041378299f47d51a83dbb739a342c13748e17 fetched and parsed in 77.476041ms
[2m2025-12-10T10:08:56.306806Z[0m [34mDEBUG[0m [2methereum_transaction_pool_monitor::mempool_monitor[0m[2m:[0m 🔍 Skipping tx 0x971035c6f903d485819fcf61306041378299f47d51a83dbb739a342c13748e17 - not a DEX interaction (target: 0xE3Eb08a53a719745C1a30fb96A5bEc437DED4cab)
[2m2025-12-10T10:08:56.306817Z[0m [34mDEBUG[0m [2methereum_transaction_pool_monitor::mempool_monitor[0m[2m:[0m 📨 Processing new pending transaction: 0x428cdb94c85b6f0dbeb1466a96bf701635d7b51fe41e9078cca1bd7a6bcc268b
[2m2025-12-10T10:08:56.306822Z[0m [34mDEBUG[0m [2methereum_transaction_pool_monitor::mempool_monitor[0m[2m:[0m 🔍 Fetching transaction details for: 0x428cdb94c85b6f0dbeb1466a96bf701635d7b51fe41e9078cca1bd7a6bcc268b
[2m2025-12-10T10:08:56.306826Z[0m [34mDEBUG[0m [2methereum_transaction_pool_monitor::eth_client[0m[2m:[0m 🔍 Fetching transaction details for hash: 0x428cdb94c85b6f0dbeb1466a96bf701635d7b51fe41e9078cca1bd7a6bcc268b
[2m2025-12-10T10:08:56.306850Z[0m [34mDEBUG[0m [2mhyper::client::pool[0m[2m:[0m reuse idle connection for ("http", 192.168.0.14:8545)
[2m2025-12-10T10:08:56.306920Z[0m [34mDEBUG[0m [2mhyper::proto::h1::io[0m[2m:[0m flushed 250 bytes
[2m2025-12-10T10:08:56.306954Z[0m [34mDEBUG[0m [2mhyper::client::pool[0m[2m:[0m reuse idle connection for ("http", 192.168.0.14:8545)
[2m2025-12-10T10:08:56.306971Z[0m [34mDEBUG[0m [2mhyper::proto::h1::io[0m[2m:[0m flushed 172 bytes
[2m2025-12-10T10:08:56.311349Z[0m [34mDEBUG[0m [2mhyper::proto::h1::io[0m[2m:[0m parsed 4 headers
[2m2025-12-10T10:08:56.311370Z[0m [34mDEBUG[0m [2mhyper::proto::h1::conn[0m[2m:[0m incoming body is content-length (45 bytes)
[2m2025-12-10T10:08:56.311380Z[0m [34mDEBUG[0m [2mhyper::proto::h1::conn[0m[2m:[0m incoming body completed
[2m2025-12-10T10:08:56.311393Z[0m [34mDEBUG[0m [2mhyper::client::pool[0m[2m:[0m pooling idle connection for ("http", 192.168.0.14:8545)
[2m2025-12-10T10:08:56.311983Z[0m [34mDEBUG[0m [2mhyper::proto::h1::io[0m[2m:[0m parsed 4 headers
[2m2025-12-10T10:08:56.311991Z[0m [34mDEBUG[0m [2mhyper::proto::h1::conn[0m[2m:[0m incoming body is content-length (675 bytes)
[2m2025-12-10T10:08:56.311998Z[0m [34mDEBUG[0m [2mhyper::proto::h1::conn[0m[2m:[0m incoming body completed
[2m2025-12-10T10:08:56.312006Z[0m [34mDEBUG[0m [2mhyper::client::pool[0m[2m:[0m pooling idle connection for ("http", 192.168.0.14:8545)
[2m2025-12-10T10:08:56.312014Z[0m [34mDEBUG[0m [2methereum_transaction_pool_monitor::eth_client[0m[2m:[0m 📡 Transaction fetch RPC completed in 5.184417ms
[2m2025-12-10T10:08:56.385307Z[0m [34mDEBUG[0m [2methereum_transaction_pool_monitor::eth_client[0m[2m:[0m ✅ Transaction 0x428cdb94c85b6f0dbeb1466a96bf701635d7b51fe41e9078cca1bd7a6bcc268b fetched and parsed in 78.473334ms
[2m2025-12-10T10:08:56.385336Z[0m [34mDEBUG[0m [2methereum_transaction_pool_monitor::mempool_monitor[0m[2m:[0m 🔍 Skipping tx 0x428cdb94c85b6f0dbeb1466a96bf701635d7b51fe41e9078cca1bd7a6bcc268b - not a DEX interaction (target: 0xba83b5ed3f12Bfa44f066f03eE0433419B74f469)
[2m2025-12-10T10:08:56.385347Z[0m [34mDEBUG[0m [2methereum_transaction_pool_monitor::mempool_monitor[0m[2m:[0m 📨 Processing new pending transaction: 0xc8d1dd6e897b79bedb8af1c360774f21d339c7a3d25fa198c21f4e0cab7569c5
[2m2025-12-10T10:08:56.385353Z[0m [34mDEBUG[0m [2methereum_transaction_pool_monitor::mempool_monitor[0m[2m:[0m 🔍 Fetching transaction details for: 0xc8d1dd6e897b79bedb8af1c360774f21d339c7a3d25fa198c21f4e0cab7569c5
[2m2025-12-10T10:08:56.385357Z[0m [34mDEBUG[0m [2methereum_transaction_pool_monitor::eth_client[0m[2m:[0m 🔍 Fetching transaction details for hash: 0xc8d1dd6e897b79bedb8af1c360774f21d339c7a3d25fa198c21f4e0cab7569c5
[2m2025-12-10T10:08:56.385382Z[0m [34mDEBUG[0m [2mhyper::client::pool[0m[2m:[0m reuse idle connection for ("http", 192.168.0.14:8545)
[2m2025-12-10T10:08:56.385438Z[0m [34mDEBUG[0m [2mhyper::proto::h1::io[0m[2m:[0m flushed 250 bytes
[2m2025-12-10T10:08:56.385463Z[0m [34mDEBUG[0m [2methereum_transaction_pool_monitor::eth_client[0m[2m:[0m 📨 Received WebSocket message: {"jsonrpc":"2.0","method":"eth_subscription","params":{"subscription":"0xbed0a0851463e895960a451075a301a9","result":"0x632de6a8b5053d1560163d1c12744b5f1dec6e903913d049d39c37f2583e8b4c"}}
[2m2025-12-10T10:08:56.385471Z[0m [34mDEBUG[0m [2methereum_transaction_pool_monitor::eth_client[0m[2m:[0m 📨 Received pending transaction: 0x632de6a8b5053d1560163d1c12744b5f1dec6e903913d049d39c37f2583e8b4c
[2m2025-12-10T10:08:56.392535Z[0m [34mDEBUG[0m [2mhyper::proto::h1::io[0m[2m:[0m parsed 4 headers
[2m2025-12-10T10:08:56.392558Z[0m [34mDEBUG[0m [2mhyper::proto::h1::conn[0m[2m:[0m incoming body is content-length (832 bytes)
[2m2025-12-10T10:08:56.392568Z[0m [34mDEBUG[0m [2mhyper::proto::h1::conn[0m[2m:[0m incoming body completed
[2m2025-12-10T10:08:56.392581Z[0m [34mDEBUG[0m [2mhyper::client::pool[0m[2m:[0m pooling idle connection for ("http", 192.168.0.14:8545)
[2m2025-12-10T10:08:56.392590Z[0m [34mDEBUG[0m [2methereum_transaction_pool_monitor::eth_client[0m[2m:[0m 📡 Transaction fetch RPC completed in 7.228833ms
[2m2025-12-10T10:08:56.465513Z[0m [34mDEBUG[0m [2methereum_transaction_pool_monitor::eth_client[0m[2m:[0m ✅ Transaction 0xc8d1dd6e897b79bedb8af1c360774f21d339c7a3d25fa198c21f4e0cab7569c5 fetched and parsed in 80.148416ms
[2m2025-12-10T10:08:56.465549Z[0m [34mDEBUG[0m [2methereum_transaction_pool_monitor::mempool_monitor[0m[2m:[0m 🔍 Skipping tx 0xc8d1dd6e897b79bedb8af1c360774f21d339c7a3d25fa198c21f4e0cab7569c5 - not a DEX interaction (target: 0x3B4D794a66304F130a4Db8F2551B0070dfCf5ca7)
[2m2025-12-10T10:08:56.465562Z[0m [34mDEBUG[0m [2methereum_transaction_pool_monitor::mempool_monitor[0m[2m:[0m 📨 Processing new pending transaction: 0x9fb60b767c4a4befca719c871c1e3546ec9f64374e4245acffa3f090953f4d0b
[2m2025-12-10T10:08:56.465568Z[0m [34mDEBUG[0m [2methereum_transaction_pool_monitor::mempool_monitor[0m[2m:[0m 🔍 Fetching transaction details for: 0x9fb60b767c4a4befca719c871c1e3546ec9f64374e4245acffa3f090953f4d0b
[2m2025-12-10T10:08:56.465572Z[0m [34mDEBUG[0m [2methereum_transaction_pool_monitor::eth_client[0m[2m:[0m 🔍 Fetching transaction details for hash: 0x9fb60b767c4a4befca719c871c1e3546ec9f64374e4245acffa3f090953f4d0b
[2m2025-12-10T10:08:56.465596Z[0m [34mDEBUG[0m [2mhyper::client::pool[0m[2m:[0m reuse idle connection for ("http", 192.168.0.14:8545)
[2m2025-12-10T10:08:56.465648Z[0m [34mDEBUG[0m [2mhyper::proto::h1::io[0m[2m:[0m flushed 250 bytes
[2m2025-12-10T10:08:56.465671Z[0m [34mDEBUG[0m [2mhyper::client::pool[0m[2m:[0m reuse idle connection for ("http", 192.168.0.14:8545)
[2m2025-12-10T10:08:56.465689Z[0m [34mDEBUG[0m [2mhyper::proto::h1::io[0m[2m:[0m flushed 172 bytes
[2m2025-12-10T10:08:56.465720Z[0m [34mDEBUG[0m [2methereum_transaction_pool_monitor::eth_client[0m[2m:[0m 📨 Received WebSocket message: {"jsonrpc":"2.0","method":"eth_subscription","params":{"subscription":"0xbed0a0851463e895960a451075a301a9","result":"0x11174e07c478b89134ea810e045171196f3acb2c75e1c7b0cc3156e276b9c9c1"}}
[2m2025-12-10T10:08:56.465763Z[0m [34mDEBUG[0m [2methereum_transaction_pool_monitor::eth_client[0m[2m:[0m 📨 Received pending transaction: 0x11174e07c478b89134ea810e045171196f3acb2c75e1c7b0cc3156e276b9c9c1
[2m2025-12-10T10:08:56.471370Z[0m [34mDEBUG[0m [2mhyper::proto::h1::io[0m[2m:[0m parsed 4 headers
[2m2025-12-10T10:08:56.471420Z[0m [34mDEBUG[0m [2mhyper::proto::h1::conn[0m[2m:[0m incoming body is content-length (45 bytes)
[2m2025-12-10T10:08:56.471432Z[0m [34mDEBUG[0m [2mhyper::proto::h1::conn[0m[2m:[0m incoming body completed
[2m2025-12-10T10:08:56.471445Z[0m [34mDEBUG[0m [2mhyper::client::pool[0m[2m:[0m pooling idle connection for ("http", 192.168.0.14:8545)
[2m2025-12-10T10:08:56.474008Z[0m [34mDEBUG[0m [2mhyper::proto::h1::io[0m[2m:[0m parsed 4 headers
[2m2025-12-10T10:08:56.474024Z[0m [34mDEBUG[0m [2mhyper::proto::h1::conn[0m[2m:[0m incoming body is content-length (3970 bytes)
[2m2025-12-10T10:08:56.474035Z[0m [34mDEBUG[0m [2mhyper::proto::h1::conn[0m[2m:[0m incoming body completed
[2m2025-12-10T10:08:56.474046Z[0m [34mDEBUG[0m [2mhyper::client::pool[0m[2m:[0m pooling idle connection for ("http", 192.168.0.14:8545)
[2m2025-12-10T10:08:56.474054Z[0m [34mDEBUG[0m [2methereum_transaction_pool_monitor::eth_client[0m[2m:[0m 📡 Transaction fetch RPC completed in 8.4785ms
[2m2025-12-10T10:08:56.546416Z[0m [34mDEBUG[0m [2methereum_transaction_pool_monitor::eth_client[0m[2m:[0m ✅ Transaction 0x9fb60b767c4a4befca719c871c1e3546ec9f64374e4245acffa3f090953f4d0b fetched and parsed in 80.83725ms
[2m2025-12-10T10:08:56.546452Z[0m [34mDEBUG[0m [2methereum_transaction_pool_monitor::mempool_monitor[0m[2m:[0m 🔍 Skipping tx 0x9fb60b767c4a4befca719c871c1e3546ec9f64374e4245acffa3f090953f4d0b - not a DEX interaction (target: 0xF81a32548CbD14c12FA3F9e57b533bB1480FCcb9)
[2m2025-12-10T10:08:56.546462Z[0m [34mDEBUG[0m [2methereum_transaction_pool_monitor::mempool_monitor[0m[2m:[0m 📨 Processing new pending transaction: 0xbd8c5a34783f4b91d48600115e56ce4a1725d4ca460a9690a9cce67711e00c89
[2m2025-12-10T10:08:56.546467Z[0m [34mDEBUG[0m [2methereum_transaction_pool_monitor::mempool_monitor[0m[2m:[0m 🔍 Fetching transaction details for: 0xbd8c5a34783f4b91d48600115e56ce4a1725d4ca460a9690a9cce67711e00c89
[2m2025-12-10T10:08:56.546471Z[0m [34mDEBUG[0m [2methereum_transaction_pool_monitor::eth_client[0m[2m:[0m 🔍 Fetching transaction details for hash: 0xbd8c5a34783f4b91d48600115e56ce4a1725d4ca460a9690a9cce67711e00c89
[2m2025-12-10T10:08:56.546499Z[0m [34mDEBUG[0m [2mhyper::client::pool[0m[2m:[0m reuse idle connection for ("http", 192.168.0.14:8545)
[2m2025-12-10T10:08:56.546572Z[0m [34mDEBUG[0m [2mhyper::proto::h1::io[0m[2m:[0m flushed 250 bytes
[2m2025-12-10T10:08:56.546634Z[0m [34mDEBUG[0m [2mhyper::client::pool[0m[2m:[0m reuse idle connection for ("http", 192.168.0.14:8545)
[2m2025-12-10T10:08:56.546654Z[0m [34mDEBUG[0m [2mhyper::proto::h1::io[0m[2m:[0m flushed 172 bytes
[2m2025-12-10T10:08:56.555576Z[0m [34mDEBUG[0m [2mhyper::proto::h1::io[0m[2m:[0m parsed 4 headers
[2m2025-12-10T10:08:56.555593Z[0m [34mDEBUG[0m [2mhyper::proto::h1::conn[0m[2m:[0m incoming body is content-length (45 bytes)
[2m2025-12-10T10:08:56.555603Z[0m [34mDEBUG[0m [2mhyper::proto::h1::conn[0m[2m:[0m incoming body completed
[2m2025-12-10T10:08:56.555616Z[0m [34mDEBUG[0m [2mhyper::client::pool[0m[2m:[0m pooling idle connection for ("http", 192.168.0.14:8545)
[2m2025-12-10T10:08:56.555640Z[0m [34mDEBUG[0m [2mhyper::proto::h1::io[0m[2m:[0m parsed 4 headers
[2m2025-12-10T10:08:56.555645Z[0m [34mDEBUG[0m [2mhyper::proto::h1::conn[0m[2m:[0m incoming body is content-length (764 bytes)
[2m2025-12-10T10:08:56.555649Z[0m [34mDEBUG[0m [2mhyper::proto::h1::conn[0m[2m:[0m incoming body completed
[2m2025-12-10T10:08:56.555655Z[0m [34mDEBUG[0m [2mhyper::client::pool[0m[2m:[0m pooling idle connection for ("http", 192.168.0.14:8545)
[2m2025-12-10T10:08:56.555660Z[0m [34mDEBUG[0m [2methereum_transaction_pool_monitor::eth_client[0m[2m:[0m 📡 Transaction fetch RPC completed in 9.18075ms
[2m2025-12-10T10:08:56.628270Z[0m [34mDEBUG[0m [2methereum_transaction_pool_monitor::eth_client[0m[2m:[0m ✅ Transaction 0xbd8c5a34783f4b91d48600115e56ce4a1725d4ca460a9690a9cce67711e00c89 fetched and parsed in 81.78775ms
[2m2025-12-10T10:08:56.628304Z[0m [34mDEBUG[0m [2methereum_transaction_pool_monitor::mempool_monitor[0m[2m:[0m 🔍 Skipping tx 0xbd8c5a34783f4b91d48600115e56ce4a1725d4ca460a9690a9cce67711e00c89 - not a DEX interaction (target: 0xc83f7D9F2D4A76E81145849381ABA02602373723)
[2m2025-12-10T10:08:56.628318Z[0m [34mDEBUG[0m [2methereum_transaction_pool_monitor::mempool_monitor[0m[2m:[0m 📨 Processing new pending transaction: 0xdcc0d9ce333ff030191533dfb6c98ff7f667e889a420dbd62182e3356e6cca16
[2m2025-12-10T10:08:56.628324Z[0m [34mDEBUG[0m [2methereum_transaction_pool_monitor::mempool_monitor[0m[2m:[0m 🔍 Fetching transaction details for: 0xdcc0d9ce333ff030191533dfb6c98ff7f667e889a420dbd62182e3356e6cca16
[2m2025-12-10T10:08:56.628327Z[0m [34mDEBUG[0m [2methereum_transaction_pool_monitor::eth_client[0m[2m:[0m 🔍 Fetching transaction details for hash: 0xdcc0d9ce333ff030191533dfb6c98ff7f667e889a420dbd62182e3356e6cca16
[2m2025-12-10T10:08:56.628353Z[0m [34mDEBUG[0m [2mhyper::client::pool[0m[2m:[0m reuse idle connection for ("http", 192.168.0.14:8545)
[2m2025-12-10T10:08:56.628414Z[0m [34mDEBUG[0m [2mhyper::proto::h1::io[0m[2m:[0m flushed 250 bytes
[2m2025-12-10T10:08:56.628477Z[0m [34mDEBUG[0m [2mhyper::client::pool[0m[2m:[0m reuse idle connection for ("http", 192.168.0.14:8545)
[2m2025-12-10T10:08:56.628496Z[0m [34mDEBUG[0m [2mhyper::proto::h1::io[0m[2m:[0m flushed 172 bytes
[2m2025-12-10T10:08:56.634214Z[0m [34mDEBUG[0m [2mhyper::proto::h1::io[0m[2m:[0m parsed 4 headers
[2m2025-12-10T10:08:56.634229Z[0m [34mDEBUG[0m [2mhyper::proto::h1::conn[0m[2m:[0m incoming body is content-length (45 bytes)
[2m2025-12-10T10:08:56.634238Z[0m [34mDEBUG[0m [2mhyper::proto::h1::conn[0m[2m:[0m incoming body completed
[2m2025-12-10T10:08:56.634250Z[0m [34mDEBUG[0m [2mhyper::client::pool[0m[2m:[0m pooling idle connection for ("http", 192.168.0.14:8545)
[2m2025-12-10T10:08:56.637907Z[0m [34mDEBUG[0m [2mhyper::proto::h1::io[0m[2m:[0m parsed 4 headers
[2m2025-12-10T10:08:56.637925Z[0m [34mDEBUG[0m [2mhyper::proto::h1::conn[0m[2m:[0m incoming body is content-length (552 bytes)
[2m2025-12-10T10:08:56.637933Z[0m [34mDEBUG[0m [2mhyper::proto::h1::conn[0m[2m:[0m incoming body completed
[2m2025-12-10T10:08:56.637943Z[0m [34mDEBUG[0m [2mhyper::client::pool[0m[2m:[0m pooling idle connection for ("http", 192.168.0.14:8545)
[2m2025-12-10T10:08:56.637950Z[0m [34mDEBUG[0m [2methereum_transaction_pool_monitor::eth_client[0m[2m:[0m 📡 Transaction fetch RPC completed in 9.618958ms
[2m2025-12-10T10:08:56.712312Z[0m [34mDEBUG[0m [2methereum_transaction_pool_monitor::eth_client[0m[2m:[0m ✅ Transaction 0xdcc0d9ce333ff030191533dfb6c98ff7f667e889a420dbd62182e3356e6cca16 fetched and parsed in 83.97775ms
[2m2025-12-10T10:08:56.712340Z[0m [34mDEBUG[0m [2methereum_transaction_pool_monitor::mempool_monitor[0m[2m:[0m 🔍 Skipping tx 0xdcc0d9ce333ff030191533dfb6c98ff7f667e889a420dbd62182e3356e6cca16 - not a DEX interaction (target: 0xB12c14AA3f61A4e227A57C06f13e855ed0D0B967)
[2m2025-12-10T10:08:56.712352Z[0m [34mDEBUG[0m [2methereum_transaction_pool_monitor::mempool_monitor[0m[2m:[0m 📨 Processing new pending transaction: 0x14ced67a29538985229aaac3342fca195da8a629352504a0340ff25dd53702c7
[2m2025-12-10T10:08:56.712400Z[0m [34mDEBUG[0m [2methereum_transaction_pool_monitor::mempool_monitor[0m[2m:[0m 🔍 Fetching transaction details for: 0x14ced67a29538985229aaac3342fca195da8a629352504a0340ff25dd53702c7
[2m2025-12-10T10:08:56.712405Z[0m [34mDEBUG[0m [2methereum_transaction_pool_monitor::eth_client[0m[2m:[0m 🔍 Fetching transaction details for hash: 0x14ced67a29538985229aaac3342fca195da8a629352504a0340ff25dd53702c7
[2m2025-12-10T10:08:56.712430Z[0m [34mDEBUG[0m [2mhyper::client::pool[0m[2m:[0m reuse idle connection for ("http", 192.168.0.14:8545)
[2m2025-12-10T10:08:56.712477Z[0m [34mDEBUG[0m [2mhyper::proto::h1::io[0m[2m:[0m flushed 250 bytes
[2m2025-12-10T10:08:56.712528Z[0m [34mDEBUG[0m [2mhyper::client::pool[0m[2m:[0m reuse idle connection for ("http", 192.168.0.14:8545)
[2m2025-12-10T10:08:56.712548Z[0m [34mDEBUG[0m [2mhyper::proto::h1::io[0m[2m:[0m flushed 172 bytes
[2m2025-12-10T10:08:56.717708Z[0m [34mDEBUG[0m [2mhyper::proto::h1::io[0m[2m:[0m parsed 4 headers
[2m2025-12-10T10:08:56.717722Z[0m [34mDEBUG[0m [2mhyper::proto::h1::conn[0m[2m:[0m incoming body is content-length (771 bytes)
[2m2025-12-10T10:08:56.717731Z[0m [34mDEBUG[0m [2mhyper::proto::h1::conn[0m[2m:[0m incoming body completed
[2m2025-12-10T10:08:56.717741Z[0m [34mDEBUG[0m [2mhyper::client::pool[0m[2m:[0m pooling idle connection for ("http", 192.168.0.14:8545)
[2m2025-12-10T10:08:56.717750Z[0m [34mDEBUG[0m [2methereum_transaction_pool_monitor::eth_client[0m[2m:[0m 📡 Transaction fetch RPC completed in 5.339708ms
[2m2025-12-10T10:08:56.789887Z[0m [34mDEBUG[0m [2methereum_transaction_pool_monitor::eth_client[0m[2m:[0m ✅ Transaction 0x14ced67a29538985229aaac3342fca195da8a629352504a0340ff25dd53702c7 fetched and parsed in 77.473041ms
[2m2025-12-10T10:08:56.789918Z[0m [34mDEBUG[0m [2methereum_transaction_pool_monitor::mempool_monitor[0m[2m:[0m 🔍 Skipping tx 0x14ced67a29538985229aaac3342fca195da8a629352504a0340ff25dd53702c7 - not a DEX interaction (target: 0xE556ABa6fe6036275Ec1f87eda296BE72C811BCE)
[2m2025-12-10T10:08:56.789931Z[0m [34mDEBUG[0m [2methereum_transaction_pool_monitor::mempool_monitor[0m[2m:[0m 📨 Processing new pending transaction: 0x54bd5b66f2658cbd7342a4d2c111eebf08e1757177f67706f802ba860f936dab
[2m2025-12-10T10:08:56.789937Z[0m [34mDEBUG[0m [2methereum_transaction_pool_monitor::mempool_monitor[0m[2m:[0m 🔍 Fetching transaction details for: 0x54bd5b66f2658cbd7342a4d2c111eebf08e1757177f67706f802ba860f936dab
[2m2025-12-10T10:08:56.789941Z[0m [34mDEBUG[0m [2methereum_transaction_pool_monitor::eth_client[0m[2m:[0m 🔍 Fetching transaction details for hash: 0x54bd5b66f2658cbd7342a4d2c111eebf08e1757177f67706f802ba860f936dab
[2m2025-12-10T10:08:56.789972Z[0m [34mDEBUG[0m [2mhyper::client::pool[0m[2m:[0m reuse idle connection for ("http", 192.168.0.14:8545)
[2m2025-12-10T10:08:56.790012Z[0m [34mDEBUG[0m [2mhyper::proto::h1::io[0m[2m:[0m flushed 250 bytes
[2m2025-12-10T10:08:56.790033Z[0m [34mDEBUG[0m [2mhyper::proto::h1::io[0m[2m:[0m parsed 4 headers
[2m2025-12-10T10:08:56.790038Z[0m [34mDEBUG[0m [2mhyper::proto::h1::conn[0m[2m:[0m incoming body is content-length (45 bytes)
[2m2025-12-10T10:08:56.790048Z[0m [34mDEBUG[0m [2mhyper::proto::h1::conn[0m[2m:[0m incoming body completed
[2m2025-12-10T10:08:56.790059Z[0m [34mDEBUG[0m [2mhyper::client::pool[0m[2m:[0m pooling idle connection for ("http", 192.168.0.14:8545)
[2m2025-12-10T10:08:56.796391Z[0m [34mDEBUG[0m [2mhyper::client::pool[0m[2m:[0m reuse idle connection for ("http", 192.168.0.14:8545)
[2m2025-12-10T10:08:56.796437Z[0m [34mDEBUG[0m [2mhyper::proto::h1::io[0m[2m:[0m flushed 172 bytes
[2m2025-12-10T10:08:56.796449Z[0m [34mDEBUG[0m [2mhyper::proto::h1::io[0m[2m:[0m parsed 4 headers
[2m2025-12-10T10:08:56.796453Z[0m [34mDEBUG[0m [2mhyper::proto::h1::conn[0m[2m:[0m incoming body is content-length (643 bytes)
[2m2025-12-10T10:08:56.796460Z[0m [34mDEBUG[0m [2mhyper::proto::h1::conn[0m[2m:[0m incoming body completed
[2m2025-12-10T10:08:56.796468Z[0m [34mDEBUG[0m [2mhyper::client::pool[0m[2m:[0m pooling idle connection for ("http", 192.168.0.14:8545)
[2m2025-12-10T10:08:56.796473Z[0m [34mDEBUG[0m [2methereum_transaction_pool_monitor::eth_client[0m[2m:[0m 📡 Transaction fetch RPC completed in 6.528042ms
[2m2025-12-10T10:08:56.871575Z[0m [34mDEBUG[0m [2methereum_transaction_pool_monitor::eth_client[0m[2m:[0m ✅ Transaction 0x54bd5b66f2658cbd7342a4d2c111eebf08e1757177f67706f802ba860f936dab fetched and parsed in 81.626958ms
[2m2025-12-10T10:08:56.871595Z[0m [34mDEBUG[0m [2methereum_transaction_pool_monitor::mempool_monitor[0m[2m:[0m 🔍 Skipping tx 0x54bd5b66f2658cbd7342a4d2c111eebf08e1757177f67706f802ba860f936dab - not a DEX interaction (target: 0x6Adb3baB5730852eB53987EA89D8e8f16393C200)
[2m2025-12-10T10:08:56.871603Z[0m [34mDEBUG[0m [2methereum_transaction_pool_monitor::mempool_monitor[0m[2m:[0m 📨 Processing new pending transaction: 0xb49165f8bfcd362cdec6ac22538b2daca28cecc51b5b49a0254108fdacb8d67b
[2m2025-12-10T10:08:56.871607Z[0m [34mDEBUG[0m [2methereum_transaction_pool_monitor::mempool_monitor[0m[2m:[0m 🔍 Fetching transaction details for: 0xb49165f8bfcd362cdec6ac22538b2daca28cecc51b5b49a0254108fdacb8d67b
[2m2025-12-10T10:08:56.871611Z[0m [34mDEBUG[0m [2methereum_transaction_pool_monitor::eth_client[0m[2m:[0m 🔍 Fetching transaction details for hash: 0xb49165f8bfcd362cdec6ac22538b2daca28cecc51b5b49a0254108fdacb8d67b
[2m2025-12-10T10:08:56.871632Z[0m [34mDEBUG[0m [2mhyper::client::pool[0m[2m:[0m reuse idle connection for ("http", 192.168.0.14:8545)
[2m2025-12-10T10:08:56.871663Z[0m [34mDEBUG[0m [2mhyper::proto::h1::io[0m[2m:[0m flushed 250 bytes
[2m2025-12-10T10:08:56.871678Z[0m [34mDEBUG[0m [2mhyper::proto::h1::io[0m[2m:[0m parsed 4 headers
[2m2025-12-10T10:08:56.871682Z[0m [34mDEBUG[0m [2mhyper::proto::h1::conn[0m[2m:[0m incoming body is content-length (45 bytes)
[2m2025-12-10T10:08:56.871688Z[0m [34mDEBUG[0m [2mhyper::proto::h1::conn[0m[2m:[0m incoming body completed
[2m2025-12-10T10:08:56.871696Z[0m [34mDEBUG[0m [2mhyper::client::pool[0m[2m:[0m pooling idle connection for ("http", 192.168.0.14:8545)
[2m2025-12-10T10:08:56.875186Z[0m [34mDEBUG[0m [2mhyper::proto::h1::io[0m[2m:[0m parsed 4 headers
[2m2025-12-10T10:08:56.875208Z[0m [34mDEBUG[0m [2mhyper::proto::h1::conn[0m[2m:[0m incoming body is content-length (763 bytes)
[2m2025-12-10T10:08:56.875215Z[0m [34mDEBUG[0m [2mhyper::proto::h1::conn[0m[2m:[0m incoming body completed
[2m2025-12-10T10:08:56.875224Z[0m [34mDEBUG[0m [2mhyper::client::pool[0m[2m:[0m pooling idle connection for ("http", 192.168.0.14:8545)
[2m2025-12-10T10:08:56.875232Z[0m [34mDEBUG[0m [2methereum_transaction_pool_monitor::eth_client[0m[2m:[0m 📡 Transaction fetch RPC completed in 3.617042ms
[2m2025-12-10T10:08:56.947830Z[0m [34mDEBUG[0m [2methereum_transaction_pool_monitor::eth_client[0m[2m:[0m ✅ Transaction 0xb49165f8bfcd362cdec6ac22538b2daca28cecc51b5b49a0254108fdacb8d67b fetched and parsed in 76.21175ms
[2m2025-12-10T10:08:56.947860Z[0m [34mDEBUG[0m [2methereum_transaction_pool_monitor::mempool_monitor[0m[2m:[0m 🔍 Skipping tx 0xb49165f8bfcd362cdec6ac22538b2daca28cecc51b5b49a0254108fdacb8d67b - not a DEX interaction (target: 0xd50370bEE8bFf23Bbb30ca558a1d0207DBc96ef2)
[2m2025-12-10T10:08:56.947871Z[0m [34mDEBUG[0m [2methereum_transaction_pool_monitor::mempool_monitor[0m[2m:[0m 📨 Processing new pending transaction: 0x3df28f30e3fabc6514b5e7dcb53b3c6e9ac83ce4be6fc77b6dae2b5fabff5f64
[2m2025-12-10T10:08:56.947876Z[0m [34mDEBUG[0m [2methereum_transaction_pool_monitor::mempool_monitor[0m[2m:[0m 🔍 Fetching transaction details for: 0x3df28f30e3fabc6514b5e7dcb53b3c6e9ac83ce4be6fc77b6dae2b5fabff5f64
[2m2025-12-10T10:08:56.947880Z[0m [34mDEBUG[0m [2methereum_transaction_pool_monitor::eth_client[0m[2m:[0m 🔍 Fetching transaction details for hash: 0x3df28f30e3fabc6514b5e7dcb53b3c6e9ac83ce4be6fc77b6dae2b5fabff5f64
[2m2025-12-10T10:08:56.947905Z[0m [34mDEBUG[0m [2mhyper::client::pool[0m[2m:[0m reuse idle connection for ("http", 192.168.0.14:8545)
[2m2025-12-10T10:08:56.947945Z[0m [34mDEBUG[0m [2mhyper::proto::h1::io[0m[2m:[0m flushed 250 bytes
[2m2025-12-10T10:08:56.948003Z[0m [34mDEBUG[0m [2mhyper::client::pool[0m[2m:[0m reuse idle connection for ("http", 192.168.0.14:8545)
[2m2025-12-10T10:08:56.948026Z[0m [34mDEBUG[0m [2mhyper::proto::h1::io[0m[2m:[0m flushed 172 bytes
[2m2025-12-10T10:08:56.952495Z[0m [34mDEBUG[0m [2mhyper::proto::h1::io[0m[2m:[0m parsed 4 headers
[2m2025-12-10T10:08:56.952502Z[0m [34mDEBUG[0m [2mhyper::proto::h1::conn[0m[2m:[0m incoming body is content-length (776 bytes)
[2m2025-12-10T10:08:56.952511Z[0m [34mDEBUG[0m [2mhyper::proto::h1::conn[0m[2m:[0m incoming body completed
[2m2025-12-10T10:08:56.952520Z[0m [34mDEBUG[0m [2mhyper::client::pool[0m[2m:[0m pooling idle connection for ("http", 192.168.0.14:8545)
[2m2025-12-10T10:08:56.952527Z[0m [34mDEBUG[0m [2methereum_transaction_pool_monitor::eth_client[0m[2m:[0m 📡 Transaction fetch RPC completed in 4.64225ms
[2m2025-12-10T10:08:56.952544Z[0m [34mDEBUG[0m [2methereum_transaction_pool_monitor::eth_client[0m[2m:[0m DeFi transaction detected - Address: 0xdac17f958d2ee523a2206206994597c13d831ec7, Type: Stablecoin, Value: 0 ETH, Gas: 12.00 Gwei
[2m2025-12-10T10:08:56.952556Z[0m [34mDEBUG[0m [2methereum_transaction_pool_monitor::eth_client[0m[2m:[0m ✅ Transaction 0x3df28f30e3fabc6514b5e7dcb53b3c6e9ac83ce4be6fc77b6dae2b5fabff5f64 fetched and parsed in 4.672084ms
[2m2025-12-10T10:08:56.952562Z[0m [34mDEBUG[0m [2methereum_transaction_pool_monitor::mempool_monitor[0m[2m:[0m 🔍 Skipping tx 0x3df28f30e3fabc6514b5e7dcb53b3c6e9ac83ce4be6fc77b6dae2b5fabff5f64 - not a DEX interaction (target: 0xdAC17F958D2ee523a2206206994597C13D831ec7)
[2m2025-12-10T10:08:56.952568Z[0m [34mDEBUG[0m [2methereum_transaction_pool_monitor::mempool_monitor[0m[2m:[0m 📨 Processing new pending transaction: 0xd4ad5d28aafb5b97f1baaa517ff9439c5c8633f39cfbf5001119a2136ed426e0
[2m2025-12-10T10:08:56.952572Z[0m [34mDEBUG[0m [2methereum_transaction_pool_monitor::mempool_monitor[0m[2m:[0m 🔍 Fetching transaction details for: 0xd4ad5d28aafb5b97f1baaa517ff9439c5c8633f39cfbf5001119a2136ed426e0
[2m2025-12-10T10:08:56.952575Z[0m [34mDEBUG[0m [2methereum_transaction_pool_monitor::eth_client[0m[2m:[0m 🔍 Fetching transaction details for hash: 0xd4ad5d28aafb5b97f1baaa517ff9439c5c8633f39cfbf5001119a2136ed426e0
[2m2025-12-10T10:08:56.952584Z[0m [34mDEBUG[0m [2mhyper::client::pool[0m[2m:[0m reuse idle connection for ("http", 192.168.0.14:8545)
[2m2025-12-10T10:08:56.952600Z[0m [34mDEBUG[0m [2mhyper::proto::h1::io[0m[2m:[0m flushed 250 bytes
[2m2025-12-10T10:08:56.953405Z[0m [34mDEBUG[0m [2mhyper::proto::h1::io[0m[2m:[0m parsed 4 headers
[2m2025-12-10T10:08:56.953453Z[0m [34mDEBUG[0m [2mhyper::proto::h1::conn[0m[2m:[0m incoming body is content-length (45 bytes)
[2m2025-12-10T10:08:56.953473Z[0m [34mDEBUG[0m [2mhyper::proto::h1::conn[0m[2m:[0m incoming body completed
[2m2025-12-10T10:08:56.953496Z[0m [34mDEBUG[0m [2mhyper::client::pool[0m[2m:[0m pooling idle connection for ("http", 192.168.0.14:8545)
[2m2025-12-10T10:08:56.960079Z[0m [34mDEBUG[0m [2mhyper::proto::h1::io[0m[2m:[0m parsed 4 headers
[2m2025-12-10T10:08:56.960108Z[0m [34mDEBUG[0m [2mhyper::proto::h1::conn[0m[2m:[0m incoming body is content-length (770 bytes)
[2m2025-12-10T10:08:56.960117Z[0m [34mDEBUG[0m [2mhyper::proto::h1::conn[0m[2m:[0m incoming body completed
[2m2025-12-10T10:08:56.960129Z[0m [34mDEBUG[0m [2mhyper::client::pool[0m[2m:[0m pooling idle connection for ("http", 192.168.0.14:8545)
[2m2025-12-10T10:08:56.960138Z[0m [34mDEBUG[0m [2methereum_transaction_pool_monitor::eth_client[0m[2m:[0m 📡 Transaction fetch RPC completed in 7.559167ms
[2m2025-12-10T10:08:57.032943Z[0m [34mDEBUG[0m [2methereum_transaction_pool_monitor::eth_client[0m[2m:[0m ✅ Transaction 0xd4ad5d28aafb5b97f1baaa517ff9439c5c8633f39cfbf5001119a2136ed426e0 fetched and parsed in 80.361625ms
[2m2025-12-10T10:08:57.032974Z[0m [34mDEBUG[0m [2methereum_transaction_pool_monitor::mempool_monitor[0m[2m:[0m 🔍 Skipping tx 0xd4ad5d28aafb5b97f1baaa517ff9439c5c8633f39cfbf5001119a2136ed426e0 - not a DEX interaction (target: 0xB8f28C60dD8240141185a192fa4156A23E189305)
[2m2025-12-10T10:08:57.032986Z[0m [34mDEBUG[0m [2methereum_transaction_pool_monitor::mempool_monitor[0m[2m:[0m 📨 Processing new pending transaction: 0x98489b84dd2cb686ab56d2661b1686b4b04667015248854aeb59ab9d0a7c7411
[2m2025-12-10T10:08:57.032992Z[0m [34mDEBUG[0m [2methereum_transaction_pool_monitor::mempool_monitor[0m[2m:[0m 🔍 Fetching transaction details for: 0x98489b84dd2cb686ab56d2661b1686b4b04667015248854aeb59ab9d0a7c7411
[2m2025-12-10T10:08:57.032996Z[0m [34mDEBUG[0m [2methereum_transaction_pool_monitor::eth_client[0m[2m:[0m 🔍 Fetching transaction details for hash: 0x98489b84dd2cb686ab56d2661b1686b4b04667015248854aeb59ab9d0a7c7411
[2m2025-12-10T10:08:57.033022Z[0m [34mDEBUG[0m [2mhyper::client::pool[0m[2m:[0m reuse idle connection for ("http", 192.168.0.14:8545)
[2m2025-12-10T10:08:57.033082Z[0m [34mDEBUG[0m [2mhyper::proto::h1::io[0m[2m:[0m flushed 250 bytes
[2m2025-12-10T10:08:57.033116Z[0m [34mDEBUG[0m [2mhyper::client::pool[0m[2m:[0m reuse idle connection for ("http", 192.168.0.14:8545)
[2m2025-12-10T10:08:57.033133Z[0m [34mDEBUG[0m [2mhyper::proto::h1::io[0m[2m:[0m flushed 172 bytes
[2m2025-12-10T10:08:57.046032Z[0m [34mDEBUG[0m [2mhyper::proto::h1::io[0m[2m:[0m parsed 4 headers
[2m2025-12-10T10:08:57.046056Z[0m [34mDEBUG[0m [2mhyper::proto::h1::conn[0m[2m:[0m incoming body is content-length (641 bytes)
[2m2025-12-10T10:08:57.046067Z[0m [34mDEBUG[0m [2mhyper::proto::h1::conn[0m[2m:[0m incoming body completed
[2m2025-12-10T10:08:57.046082Z[0m [34mDEBUG[0m [2mhyper::client::pool[0m[2m:[0m pooling idle connection for ("http", 192.168.0.14:8545)
[2m2025-12-10T10:08:57.046091Z[0m [34mDEBUG[0m [2methereum_transaction_pool_monitor::eth_client[0m[2m:[0m 📡 Transaction fetch RPC completed in 13.091625ms
[2m2025-12-10T10:08:57.121368Z[0m [34mDEBUG[0m [2methereum_transaction_pool_monitor::eth_client[0m[2m:[0m ✅ Transaction 0x98489b84dd2cb686ab56d2661b1686b4b04667015248854aeb59ab9d0a7c7411 fetched and parsed in 88.366041ms
[2m2025-12-10T10:08:57.121390Z[0m [34mDEBUG[0m [2methereum_transaction_pool_monitor::mempool_monitor[0m[2m:[0m 🔍 Skipping tx 0x98489b84dd2cb686ab56d2661b1686b4b04667015248854aeb59ab9d0a7c7411 - not a DEX interaction (target: 0xF5c9D93EaB1668701F02bE1ec214377016F7397B)
[2m2025-12-10T10:08:57.121398Z[0m [34mDEBUG[0m [2methereum_transaction_pool_monitor::mempool_monitor[0m[2m:[0m 📨 Processing new pending transaction: 0x1d6b09397044ce1761fe91eabe39142727402e77722f9ea8b8b2e326fbca5d56
[2m2025-12-10T10:08:57.121402Z[0m [34mDEBUG[0m [2methereum_transaction_pool_monitor::mempool_monitor[0m[2m:[0m 🔍 Fetching transaction details for: 0x1d6b09397044ce1761fe91eabe39142727402e77722f9ea8b8b2e326fbca5d56
[2m2025-12-10T10:08:57.121406Z[0m [34mDEBUG[0m [2methereum_transaction_pool_monitor::eth_client[0m[2m:[0m 🔍 Fetching transaction details for hash: 0x1d6b09397044ce1761fe91eabe39142727402e77722f9ea8b8b2e326fbca5d56
[2m2025-12-10T10:08:57.121425Z[0m [34mDEBUG[0m [2mhyper::client::pool[0m[2m:[0m reuse idle connection for ("http", 192.168.0.14:8545)
[2m2025-12-10T10:08:57.121459Z[0m [34mDEBUG[0m [2mhyper::proto::h1::io[0m[2m:[0m flushed 250 bytes
[2m2025-12-10T10:08:57.121482Z[0m [34mDEBUG[0m [2methereum_transaction_pool_monitor::eth_client[0m[2m:[0m 📨 Received WebSocket message: {"jsonrpc":"2.0","method":"eth_subscription","params":{"subscription":"0xbed0a0851463e895960a451075a301a9","result":"0x7b5c22f3a2649fa7b78e9a8c188196595f5dc9e8889cca37202e69d80ab7a36b"}}
[2m2025-12-10T10:08:57.121488Z[0m [34mDEBUG[0m [2mhyper::proto::h1::io[0m[2m:[0m parsed 4 headers
[2m2025-12-10T10:08:57.121490Z[0m [34mDEBUG[0m [2methereum_transaction_pool_monitor::eth_client[0m[2m:[0m 📨 Received pending transaction: 0x7b5c22f3a2649fa7b78e9a8c188196595f5dc9e8889cca37202e69d80ab7a36b
[2m2025-12-10T10:08:57.121497Z[0m [34mDEBUG[0m [2mhyper::proto::h1::conn[0m[2m:[0m incoming body is content-length (45 bytes)
[2m2025-12-10T10:08:57.121506Z[0m [34mDEBUG[0m [2mhyper::proto::h1::conn[0m[2m:[0m incoming body completed
[2m2025-12-10T10:08:57.121514Z[0m [34mDEBUG[0m [2mhyper::client::pool[0m[2m:[0m pooling idle connection for ("http", 192.168.0.14:8545)
[2m2025-12-10T10:08:57.121557Z[0m [34mDEBUG[0m [2mhyper::client::pool[0m[2m:[0m reuse idle connection for ("http", 192.168.0.14:8545)
[2m2025-12-10T10:08:57.121576Z[0m [34mDEBUG[0m [2mhyper::proto::h1::io[0m[2m:[0m flushed 172 bytes
[2m2025-12-10T10:08:57.128877Z[0m [34mDEBUG[0m [2methereum_transaction_pool_monitor::eth_client[0m[2m:[0m 📨 Received WebSocket message: {"jsonrpc":"2.0","method":"eth_subscription","params":{"subscription":"0xbed0a0851463e895960a451075a301a9","result":"0x2319df6e6f602d6d0fdc032a4c3945ec6d4bc40f6f142bb9e5ec7f1debca4c74"}}
[2m2025-12-10T10:08:57.128897Z[0m [34mDEBUG[0m [2methereum_transaction_pool_monitor::eth_client[0m[2m:[0m 📨 Received pending transaction: 0x2319df6e6f602d6d0fdc032a4c3945ec6d4bc40f6f142bb9e5ec7f1debca4c74
[2m2025-12-10T10:08:57.128900Z[0m [34mDEBUG[0m [2mhyper::proto::h1::io[0m[2m:[0m parsed 4 headers
[2m2025-12-10T10:08:57.128946Z[0m [34mDEBUG[0m [2mhyper::proto::h1::conn[0m[2m:[0m incoming body is content-length (645 bytes)
[2m2025-12-10T10:08:57.128919Z[0m [34mDEBUG[0m [2mhyper::proto::h1::io[0m[2m:[0m parsed 4 headers
[2m2025-12-10T10:08:57.128971Z[0m [34mDEBUG[0m [2mhyper::proto::h1::conn[0m[2m:[0m incoming body is content-length (45 bytes)
[2m2025-12-10T10:08:57.128956Z[0m [34mDEBUG[0m [2mhyper::proto::h1::conn[0m[2m:[0m incoming body completed
[2m2025-12-10T10:08:57.128977Z[0m [34mDEBUG[0m [2mhyper::proto::h1::conn[0m[2m:[0m incoming body completed
[2m2025-12-10T10:08:57.129015Z[0m [34mDEBUG[0m [2mhyper::client::pool[0m[2m:[0m pooling idle connection for ("http", 192.168.0.14:8545)
[2m2025-12-10T10:08:57.128999Z[0m [34mDEBUG[0m [2mhyper::client::pool[0m[2m:[0m pooling idle connection for ("http", 192.168.0.14:8545)
[2m2025-12-10T10:08:57.129047Z[0m [34mDEBUG[0m [2methereum_transaction_pool_monitor::eth_client[0m[2m:[0m 📡 Transaction fetch RPC completed in 7.63725ms
[2m2025-12-10T10:08:57.196980Z[0m [34mDEBUG[0m [2mhyper::client::pool[0m[2m:[0m reuse idle connection for ("http", 192.168.0.14:8545)
[2m2025-12-10T10:08:57.197103Z[0m [34mDEBUG[0m [2mhyper::proto::h1::io[0m[2m:[0m flushed 172 bytes
[2m2025-12-10T10:08:57.199757Z[0m [34mDEBUG[0m [2methereum_transaction_pool_monitor::eth_client[0m[2m:[0m ✅ Transaction 0x1d6b09397044ce1761fe91eabe39142727402e77722f9ea8b8b2e326fbca5d56 fetched and parsed in 78.345166ms
[2m2025-12-10T10:08:57.199779Z[0m [34mDEBUG[0m [2methereum_transaction_pool_monitor::mempool_monitor[0m[2m:[0m 🔍 Skipping tx 0x1d6b09397044ce1761fe91eabe39142727402e77722f9ea8b8b2e326fbca5d56 - not a DEX interaction (target: 0xd6C201E0800749Eec3eD7Be36B3019bdC369a3F1)
[2m2025-12-10T10:08:57.199788Z[0m [34mDEBUG[0m [2methereum_transaction_pool_monitor::mempool_monitor[0m[2m:[0m 📨 Processing new pending transaction: 0xe148c42580da827866574668c194223609b343d58fb3763144def047abd9035d
[2m2025-12-10T10:08:57.199793Z[0m [34mDEBUG[0m [2methereum_transaction_pool_monitor::mempool_monitor[0m[2m:[0m 🔍 Fetching transaction details for: 0xe148c42580da827866574668c194223609b343d58fb3763144def047abd9035d
[2m2025-12-10T10:08:57.199790Z[0m [34mDEBUG[0m [2mhyper::proto::h1::io[0m[2m:[0m parsed 4 headers
[2m2025-12-10T10:08:57.199798Z[0m [34mDEBUG[0m [2methereum_transaction_pool_monitor::eth_client[0m[2m:[0m 🔍 Fetching transaction details for hash: 0xe148c42580da827866574668c194223609b343d58fb3763144def047abd9035d
[2m2025-12-10T10:08:57.199839Z[0m [34mDEBUG[0m [2mhyper::proto::h1::conn[0m[2m:[0m incoming body is content-length (45 bytes)
[2m2025-12-10T10:08:57.199860Z[0m [34mDEBUG[0m [2mhyper::client::pool[0m[2m:[0m reuse idle connection for ("http", 192.168.0.14:8545)
[2m2025-12-10T10:08:57.199865Z[0m [34mDEBUG[0m [2mhyper::proto::h1::conn[0m[2m:[0m incoming body completed
[2m2025-12-10T10:08:57.199888Z[0m [34mDEBUG[0m [2mhyper::client::pool[0m[2m:[0m pooling idle connection for ("http", 192.168.0.14:8545)
[2m2025-12-10T10:08:57.199901Z[0m [34mDEBUG[0m [2mhyper::proto::h1::io[0m[2m:[0m flushed 250 bytes
[2m2025-12-10T10:08:57.204739Z[0m [34mDEBUG[0m [2mhyper::proto::h1::io[0m[2m:[0m parsed 4 headers
[2m2025-12-10T10:08:57.204779Z[0m [34mDEBUG[0m [2mhyper::proto::h1::conn[0m[2m:[0m incoming body is content-length (1731 bytes)
[2m2025-12-10T10:08:57.204806Z[0m [34mDEBUG[0m [2methereum_transaction_pool_monitor::eth_client[0m[2m:[0m 📡 Transaction fetch RPC completed in 4.961041ms
[2m2025-12-10T10:08:57.205159Z[0m [34mDEBUG[0m [2mhyper::proto::h1::conn[0m[2m:[0m incoming body completed
[2m2025-12-10T10:08:57.205178Z[0m [34mDEBUG[0m [2mhyper::client::pool[0m[2m:[0m pooling idle connection for ("http", 192.168.0.14:8545)
[2m2025-12-10T10:08:57.280961Z[0m [34mDEBUG[0m [2methereum_transaction_pool_monitor::eth_client[0m[2m:[0m ✅ Transaction 0xe148c42580da827866574668c194223609b343d58fb3763144def047abd9035d fetched and parsed in 81.113291ms
[2m2025-12-10T10:08:57.280991Z[0m [34mDEBUG[0m [2methereum_transaction_pool_monitor::mempool_monitor[0m[2m:[0m 🔍 Skipping tx 0xe148c42580da827866574668c194223609b343d58fb3763144def047abd9035d - not a DEX interaction (target: 0x601a2aD6CB5949f0529735254189Ba3194221EDF)
[2m2025-12-10T10:08:57.281001Z[0m [34mDEBUG[0m [2methereum_transaction_pool_monitor::mempool_monitor[0m[2m:[0m 📨 Processing new pending transaction: 0x62e418d904856c2ee919143b1d9a4ac65f7a8609867f0cd421e431dd95e94e77
[2m2025-12-10T10:08:57.281006Z[0m [34mDEBUG[0m [2methereum_transaction_pool_monitor::mempool_monitor[0m[2m:[0m 🔍 Fetching transaction details for: 0x62e418d904856c2ee919143b1d9a4ac65f7a8609867f0cd421e431dd95e94e77
[2m2025-12-10T10:08:57.281011Z[0m [34mDEBUG[0m [2methereum_transaction_pool_monitor::eth_client[0m[2m:[0m 🔍 Fetching transaction details for hash: 0x62e418d904856c2ee919143b1d9a4ac65f7a8609867f0cd421e431dd95e94e77
[2m2025-12-10T10:08:57.281033Z[0m [34mDEBUG[0m [2mhyper::client::pool[0m[2m:[0m reuse idle connection for ("http", 192.168.0.14:8545)
[2m2025-12-10T10:08:57.281071Z[0m [34mDEBUG[0m [2mhyper::proto::h1::io[0m[2m:[0m flushed 250 bytes
[2m2025-12-10T10:08:57.285155Z[0m [34mDEBUG[0m [2mhyper::proto::h1::io[0m[2m:[0m parsed 4 headers
[2m2025-12-10T10:08:57.285170Z[0m [34mDEBUG[0m [2mhyper::proto::h1::conn[0m[2m:[0m incoming body is content-length (768 bytes)
[2m2025-12-10T10:08:57.285178Z[0m [34mDEBUG[0m [2mhyper::proto::h1::conn[0m[2m:[0m incoming body completed
[2m2025-12-10T10:08:57.285186Z[0m [34mDEBUG[0m [2mhyper::client::pool[0m[2m:[0m pooling idle connection for ("http", 192.168.0.14:8545)
[2m2025-12-10T10:08:57.285193Z[0m [34mDEBUG[0m [2methereum_transaction_pool_monitor::eth_client[0m[2m:[0m 📡 Transaction fetch RPC completed in 4.176958ms
[2m2025-12-10T10:08:57.285208Z[0m [34mDEBUG[0m [2methereum_transaction_pool_monitor::eth_client[0m[2m:[0m DeFi transaction detected - Address: 0xdac17f958d2ee523a2206206994597c13d831ec7, Type: Stablecoin, Value: 0 ETH, Gas: 0.28 Gwei
[2m2025-12-10T10:08:57.285219Z[0m [34mDEBUG[0m [2methereum_transaction_pool_monitor::eth_client[0m[2m:[0m ✅ Transaction 0x62e418d904856c2ee919143b1d9a4ac65f7a8609867f0cd421e431dd95e94e77 fetched and parsed in 4.203125ms
[2m2025-12-10T10:08:57.285224Z[0m [34mDEBUG[0m [2methereum_transaction_pool_monitor::mempool_monitor[0m[2m:[0m 🔍 Skipping tx 0x62e418d904856c2ee919143b1d9a4ac65f7a8609867f0cd421e431dd95e94e77 - not a DEX interaction (target: 0xdAC17F958D2ee523a2206206994597C13D831ec7)
[2m2025-12-10T10:08:57.285231Z[0m [34mDEBUG[0m [2methereum_transaction_pool_monitor::mempool_monitor[0m[2m:[0m 📨 Processing new pending transaction: 0xc531935a1cd04f641af2b71897f69217e8aace0fd7c63882e244190be94fc18a
[2m2025-12-10T10:08:57.285236Z[0m [34mDEBUG[0m [2methereum_transaction_pool_monitor::mempool_monitor[0m[2m:[0m 🔍 Fetching transaction details for: 0xc531935a1cd04f641af2b71897f69217e8aace0fd7c63882e244190be94fc18a
[2m2025-12-10T10:08:57.285240Z[0m [34mDEBUG[0m [2methereum_transaction_pool_monitor::eth_client[0m[2m:[0m 🔍 Fetching transaction details for hash: 0xc531935a1cd04f641af2b71897f69217e8aace0fd7c63882e244190be94fc18a
[2m2025-12-10T10:08:57.285255Z[0m [34mDEBUG[0m [2mhyper::client::pool[0m[2m:[0m reuse idle connection for ("http", 192.168.0.14:8545)
[2m2025-12-10T10:08:57.285285Z[0m [34mDEBUG[0m [2mhyper::proto::h1::io[0m[2m:[0m flushed 250 bytes
[2m2025-12-10T10:08:57.288862Z[0m [34mDEBUG[0m [2mhyper::proto::h1::io[0m[2m:[0m parsed 4 headers
[2m2025-12-10T10:08:57.288868Z[0m [34mDEBUG[0m [2mhyper::proto::h1::conn[0m[2m:[0m incoming body is content-length (1731 bytes)
[2m2025-12-10T10:08:57.288880Z[0m [34mDEBUG[0m [2methereum_transaction_pool_monitor::eth_client[0m[2m:[0m 📡 Transaction fetch RPC completed in 3.635542ms
[2m2025-12-10T10:08:57.289695Z[0m [34mDEBUG[0m [2mhyper::proto::h1::conn[0m[2m:[0m incoming body completed
[2m2025-12-10T10:08:57.289705Z[0m [34mDEBUG[0m [2mhyper::client::pool[0m[2m:[0m pooling idle connection for ("http", 192.168.0.14:8545)
[2m2025-12-10T10:08:57.296544Z[0m [34mDEBUG[0m [2mhyper::client::pool[0m[2m:[0m reuse idle connection for ("http", 192.168.0.14:8545)
[2m2025-12-10T10:08:57.296617Z[0m [34mDEBUG[0m [2mhyper::proto::h1::io[0m[2m:[0m flushed 172 bytes
[2m2025-12-10T10:08:57.307470Z[0m [34mDEBUG[0m [2mhyper::proto::h1::io[0m[2m:[0m parsed 4 headers
[2m2025-12-10T10:08:57.307509Z[0m [34mDEBUG[0m [2mhyper::proto::h1::conn[0m[2m:[0m incoming body is content-length (45 bytes)
[2m2025-12-10T10:08:57.307526Z[0m [34mDEBUG[0m [2mhyper::proto::h1::conn[0m[2m:[0m incoming body completed
[2m2025-12-10T10:08:57.307549Z[0m [34mDEBUG[0m [2mhyper::client::pool[0m[2m:[0m pooling idle connection for ("http", 192.168.0.14:8545)
[2m2025-12-10T10:08:57.358687Z[0m [34mDEBUG[0m [2methereum_transaction_pool_monitor::eth_client[0m[2m:[0m ✅ Transaction 0xc531935a1cd04f641af2b71897f69217e8aace0fd7c63882e244190be94fc18a fetched and parsed in 73.440708ms
[2m2025-12-10T10:08:57.359826Z[0m [34mDEBUG[0m [2methereum_transaction_pool_monitor::mempool_monitor[0m[2m:[0m 🔍 Skipping tx 0xc531935a1cd04f641af2b71897f69217e8aace0fd7c63882e244190be94fc18a - not a DEX interaction (target: 0x601a2aD6CB5949f0529735254189Ba3194221EDF)
[2m2025-12-10T10:08:57.359842Z[0m [34mDEBUG[0m [2methereum_transaction_pool_monitor::mempool_monitor[0m[2m:[0m 📨 Processing new pending transaction: 0x99459a269e25aa994d31f6b00d56a25c457b86ed9cf782119e5c6c7b443d2830
[2m2025-12-10T10:08:57.359849Z[0m [34mDEBUG[0m [2methereum_transaction_pool_monitor::mempool_monitor[0m[2m:[0m 🔍 Fetching transaction details for: 0x99459a269e25aa994d31f6b00d56a25c457b86ed9cf782119e5c6c7b443d2830
[2m2025-12-10T10:08:57.359855Z[0m [34mDEBUG[0m [2methereum_transaction_pool_monitor::eth_client[0m[2m:[0m 🔍 Fetching transaction details for hash: 0x99459a269e25aa994d31f6b00d56a25c457b86ed9cf782119e5c6c7b443d2830
[2m2025-12-10T10:08:57.359878Z[0m [34mDEBUG[0m [2mhyper::client::pool[0m[2m:[0m reuse idle connection for ("http", 192.168.0.14:8545)
[2m2025-12-10T10:08:57.359910Z[0m [34mDEBUG[0m [2mhyper::proto::h1::io[0m[2m:[0m flushed 250 bytes
[2m2025-12-10T10:08:57.366525Z[0m [34mDEBUG[0m [2mhyper::proto::h1::io[0m[2m:[0m parsed 4 headers
[2m2025-12-10T10:08:57.366531Z[0m [34mDEBUG[0m [2mhyper::proto::h1::conn[0m[2m:[0m incoming body is content-length (766 bytes)
[2m2025-12-10T10:08:57.366538Z[0m [34mDEBUG[0m [2mhyper::proto::h1::conn[0m[2m:[0m incoming body completed
[2m2025-12-10T10:08:57.366545Z[0m [34mDEBUG[0m [2mhyper::client::pool[0m[2m:[0m pooling idle connection for ("http", 192.168.0.14:8545)
[2m2025-12-10T10:08:57.366550Z[0m [34mDEBUG[0m [2methereum_transaction_pool_monitor::eth_client[0m[2m:[0m 📡 Transaction fetch RPC completed in 6.689042ms
[2m2025-12-10T10:08:57.438608Z[0m [34mDEBUG[0m [2methereum_transaction_pool_monitor::eth_client[0m[2m:[0m ✅ Transaction 0x99459a269e25aa994d31f6b00d56a25c457b86ed9cf782119e5c6c7b443d2830 fetched and parsed in 78.743125ms
[2m2025-12-10T10:08:57.438640Z[0m [34mDEBUG[0m [2methereum_transaction_pool_monitor::mempool_monitor[0m[2m:[0m 🔍 Skipping tx 0x99459a269e25aa994d31f6b00d56a25c457b86ed9cf782119e5c6c7b443d2830 - not a DEX interaction (target: 0xDe30da39c46104798bB5aA3fe8B9e0e1F348163F)
[2m2025-12-10T10:08:57.438651Z[0m [34mDEBUG[0m [2methereum_transaction_pool_monitor::mempool_monitor[0m[2m:[0m 📨 Processing new pending transaction: 0x5eb698cf41eb0f02e400f9eae049cbae86030f3a62319af9b7e4e9261b581884
[2m2025-12-10T10:08:57.438656Z[0m [34mDEBUG[0m [2methereum_transaction_pool_monitor::mempool_monitor[0m[2m:[0m 🔍 Fetching transaction details for: 0x5eb698cf41eb0f02e400f9eae049cbae86030f3a62319af9b7e4e9261b581884
[2m2025-12-10T10:08:57.438660Z[0m [34mDEBUG[0m [2methereum_transaction_pool_monitor::eth_client[0m[2m:[0m 🔍 Fetching transaction details for hash: 0x5eb698cf41eb0f02e400f9eae049cbae86030f3a62319af9b7e4e9261b581884
[2m2025-12-10T10:08:57.438681Z[0m [34mDEBUG[0m [2mhyper::client::pool[0m[2m:[0m reuse idle connection for ("http", 192.168.0.14:8545)
[2m2025-12-10T10:08:57.438724Z[0m [34mDEBUG[0m [2mhyper::proto::h1::io[0m[2m:[0m flushed 250 bytes
[2m2025-12-10T10:08:57.438744Z[0m [34mDEBUG[0m [2mhyper::client::pool[0m[2m:[0m reuse idle connection for ("http", 192.168.0.14:8545)
[2m2025-12-10T10:08:57.438759Z[0m [34mDEBUG[0m [2mhyper::proto::h1::io[0m[2m:[0m flushed 172 bytes
[2m2025-12-10T10:08:57.438792Z[0m [34mDEBUG[0m [2methereum_transaction_pool_monitor::eth_client[0m[2m:[0m 📨 Received WebSocket message: {"jsonrpc":"2.0","method":"eth_subscription","params":{"subscription":"0xbed0a0851463e895960a451075a301a9","result":"0xd8c6a5e82436d141b4d8155b8f3c551fa51bb22f547106e4282b0d0e4549bd1f"}}
[2m2025-12-10T10:08:57.438799Z[0m [34mDEBUG[0m [2methereum_transaction_pool_monitor::eth_client[0m[2m:[0m 📨 Received pending transaction: 0xd8c6a5e82436d141b4d8155b8f3c551fa51bb22f547106e4282b0d0e4549bd1f
[2m2025-12-10T10:08:57.444771Z[0m [34mDEBUG[0m [2mhyper::proto::h1::io[0m[2m:[0m parsed 4 headers
[2m2025-12-10T10:08:57.444777Z[0m [34mDEBUG[0m [2mhyper::proto::h1::conn[0m[2m:[0m incoming body is content-length (45 bytes)
[2m2025-12-10T10:08:57.444785Z[0m [34mDEBUG[0m [2mhyper::proto::h1::conn[0m[2m:[0m incoming body completed
[2m2025-12-10T10:08:57.444793Z[0m [34mDEBUG[0m [2mhyper::client::pool[0m[2m:[0m pooling idle connection for ("http", 192.168.0.14:8545)
[2m2025-12-10T10:08:57.444811Z[0m [34mDEBUG[0m [2mhyper::proto::h1::io[0m[2m:[0m parsed 4 headers
[2m2025-12-10T10:08:57.444815Z[0m [34mDEBUG[0m [2mhyper::proto::h1::conn[0m[2m:[0m incoming body is content-length (551 bytes)
[2m2025-12-10T10:08:57.444819Z[0m [34mDEBUG[0m [2mhyper::proto::h1::conn[0m[2m:[0m incoming body completed
[2m2025-12-10T10:08:57.444823Z[0m [34mDEBUG[0m [2mhyper::client::pool[0m[2m:[0m pooling idle connection for ("http", 192.168.0.14:8545)
[2m2025-12-10T10:08:57.444827Z[0m [34mDEBUG[0m [2methereum_transaction_pool_monitor::eth_client[0m[2m:[0m 📡 Transaction fetch RPC completed in 6.162708ms
[2m2025-12-10T10:08:57.517376Z[0m [34mDEBUG[0m [2methereum_transaction_pool_monitor::eth_client[0m[2m:[0m ✅ Transaction 0x5eb698cf41eb0f02e400f9eae049cbae86030f3a62319af9b7e4e9261b581884 fetched and parsed in 78.708958ms
[2m2025-12-10T10:08:57.517403Z[0m [34mDEBUG[0m [2methereum_transaction_pool_monitor::mempool_monitor[0m[2m:[0m 🔍 Skipping tx 0x5eb698cf41eb0f02e400f9eae049cbae86030f3a62319af9b7e4e9261b581884 - not a DEX interaction (target: 0x458C2A06ba8dC3dEF078513ad98e9da8ceD39E02)
[2m2025-12-10T10:08:57.517413Z[0m [34mDEBUG[0m [2methereum_transaction_pool_monitor::mempool_monitor[0m[2m:[0m 📨 Processing new pending transaction: 0xe3f93f9b65915ca81caa8375ffd7a25845d6df18538b32c2e6ee8f557759f6d5
[2m2025-12-10T10:08:57.517418Z[0m [34mDEBUG[0m [2methereum_transaction_pool_monitor::mempool_monitor[0m[2m:[0m 🔍 Fetching transaction details for: 0xe3f93f9b65915ca81caa8375ffd7a25845d6df18538b32c2e6ee8f557759f6d5
[2m2025-12-10T10:08:57.517423Z[0m [34mDEBUG[0m [2methereum_transaction_pool_monitor::eth_client[0m[2m:[0m 🔍 Fetching transaction details for hash: 0xe3f93f9b65915ca81caa8375ffd7a25845d6df18538b32c2e6ee8f557759f6d5
[2m2025-12-10T10:08:57.517444Z[0m [34mDEBUG[0m [2mhyper::client::pool[0m[2m:[0m reuse idle connection for ("http", 192.168.0.14:8545)
[2m2025-12-10T10:08:57.517493Z[0m [34mDEBUG[0m [2mhyper::proto::h1::io[0m[2m:[0m flushed 250 bytes
[2m2025-12-10T10:08:57.517513Z[0m [34mDEBUG[0m [2mhyper::client::pool[0m[2m:[0m reuse idle connection for ("http", 192.168.0.14:8545)
[2m2025-12-10T10:08:57.517529Z[0m [34mDEBUG[0m [2mhyper::proto::h1::io[0m[2m:[0m flushed 172 bytes
[2m2025-12-10T10:08:57.517547Z[0m [34mDEBUG[0m [2methereum_transaction_pool_monitor::eth_client[0m[2m:[0m 📨 Received WebSocket message: {"jsonrpc":"2.0","method":"eth_subscription","params":{"subscription":"0xbed0a0851463e895960a451075a301a9","result":"0x46dea28384d44b99ee52b9c7eff101b338680e1a17a8d26ac6752a59de150da5"}}
[2m2025-12-10T10:08:57.517557Z[0m [34mDEBUG[0m [2methereum_transaction_pool_monitor::eth_client[0m[2m:[0m 📨 Received pending transaction: 0x46dea28384d44b99ee52b9c7eff101b338680e1a17a8d26ac6752a59de150da5
[2m2025-12-10T10:08:57.528615Z[0m [34mDEBUG[0m [2methereum_transaction_pool_monitor::eth_client[0m[2m:[0m 📨 Received WebSocket message: {"jsonrpc":"2.0","method":"eth_subscription","params":{"subscription":"0xbed0a0851463e895960a451075a301a9","result":"0xa09eb8cb4c3a1bef41818a23f0a9465499d8196f7000e159141660ae9857c429"}}
[2m2025-12-10T10:08:57.528626Z[0m [34mDEBUG[0m [2methereum_transaction_pool_monitor::eth_client[0m[2m:[0m 📨 Received pending transaction: 0xa09eb8cb4c3a1bef41818a23f0a9465499d8196f7000e159141660ae9857c429
[2m2025-12-10T10:08:57.528639Z[0m [34mDEBUG[0m [2mhyper::proto::h1::io[0m[2m:[0m parsed 4 headers
[2m2025-12-10T10:08:57.528643Z[0m [34mDEBUG[0m [2mhyper::proto::h1::conn[0m[2m:[0m incoming body is content-length (45 bytes)
[2m2025-12-10T10:08:57.528651Z[0m [34mDEBUG[0m [2mhyper::proto::h1::conn[0m[2m:[0m incoming body completed
[2m2025-12-10T10:08:57.528659Z[0m [34mDEBUG[0m [2mhyper::client::pool[0m[2m:[0m pooling idle connection for ("http", 192.168.0.14:8545)
[2m2025-12-10T10:08:57.528676Z[0m [34mDEBUG[0m [2mhyper::proto::h1::io[0m[2m:[0m parsed 4 headers
[2m2025-12-10T10:08:57.528680Z[0m [34mDEBUG[0m [2mhyper::proto::h1::conn[0m[2m:[0m incoming body is content-length (653 bytes)
[2m2025-12-10T10:08:57.528685Z[0m [34mDEBUG[0m [2mhyper::proto::h1::conn[0m[2m:[0m incoming body completed
[2m2025-12-10T10:08:57.528690Z[0m [34mDEBUG[0m [2mhyper::client::pool[0m[2m:[0m pooling idle connection for ("http", 192.168.0.14:8545)
[2m2025-12-10T10:08:57.528694Z[0m [34mDEBUG[0m [2methereum_transaction_pool_monitor::eth_client[0m[2m:[0m 📡 Transaction fetch RPC completed in 11.266875ms
[2m2025-12-10T10:08:57.601102Z[0m [34mDEBUG[0m [2methereum_transaction_pool_monitor::eth_client[0m[2m:[0m ✅ Transaction 0xe3f93f9b65915ca81caa8375ffd7a25845d6df18538b32c2e6ee8f557759f6d5 fetched and parsed in 83.672292ms
[2m2025-12-10T10:08:57.601132Z[0m [34mDEBUG[0m [2methereum_transaction_pool_monitor::mempool_monitor[0m[2m:[0m 🔍 Skipping tx 0xe3f93f9b65915ca81caa8375ffd7a25845d6df18538b32c2e6ee8f557759f6d5 - not a DEX interaction (target: 0x320f21812c75750450081fd78E58764b43d869DE)
[2m2025-12-10T10:08:57.601145Z[0m [34mDEBUG[0m [2methereum_transaction_pool_monitor::mempool_monitor[0m[2m:[0m 📨 Processing new pending transaction: 0xbb33af32134c5a15c8d2d13d356dfe71b7c156984d20851910be3b55ac3da3fc
[2m2025-12-10T10:08:57.601153Z[0m [34mDEBUG[0m [2methereum_transaction_pool_monitor::mempool_monitor[0m[2m:[0m 🔍 Fetching transaction details for: 0xbb33af32134c5a15c8d2d13d356dfe71b7c156984d20851910be3b55ac3da3fc
[2m2025-12-10T10:08:57.601160Z[0m [34mDEBUG[0m [2methereum_transaction_pool_monitor::eth_client[0m[2m:[0m 🔍 Fetching transaction details for hash: 0xbb33af32134c5a15c8d2d13d356dfe71b7c156984d20851910be3b55ac3da3fc
[2m2025-12-10T10:08:57.601180Z[0m [34mDEBUG[0m [2mhyper::client::pool[0m[2m:[0m reuse idle connection for ("http", 192.168.0.14:8545)
[2m2025-12-10T10:08:57.601220Z[0m [34mDEBUG[0m [2mhyper::proto::h1::io[0m[2m:[0m flushed 250 bytes
[2m2025-12-10T10:08:57.601245Z[0m [34mDEBUG[0m [2mhyper::client::pool[0m[2m:[0m reuse idle connection for ("http", 192.168.0.14:8545)
[2m2025-12-10T10:08:57.601257Z[0m [34mDEBUG[0m [2mhyper::proto::h1::io[0m[2m:[0m flushed 172 bytes
[2m2025-12-10T10:08:57.609474Z[0m [34mDEBUG[0m [2mhyper::proto::h1::io[0m[2m:[0m parsed 4 headers
[2m2025-12-10T10:08:57.609478Z[0m [34mDEBUG[0m [2mhyper::proto::h1::conn[0m[2m:[0m incoming body is content-length (655 bytes)
[2m2025-12-10T10:08:57.609485Z[0m [34mDEBUG[0m [2mhyper::proto::h1::conn[0m[2m:[0m incoming body completed
[2m2025-12-10T10:08:57.609492Z[0m [34mDEBUG[0m [2mhyper::client::pool[0m[2m:[0m pooling idle connection for ("http", 192.168.0.14:8545)
[2m2025-12-10T10:08:57.609498Z[0m [34mDEBUG[0m [2methereum_transaction_pool_monitor::eth_client[0m[2m:[0m 📡 Transaction fetch RPC completed in 8.330584ms
[2m2025-12-10T10:08:57.680287Z[0m [34mDEBUG[0m [2methereum_transaction_pool_monitor::eth_client[0m[2m:[0m ✅ Transaction 0xbb33af32134c5a15c8d2d13d356dfe71b7c156984d20851910be3b55ac3da3fc fetched and parsed in 79.117709ms
[2m2025-12-10T10:08:57.680316Z[0m [34mDEBUG[0m [2methereum_transaction_pool_monitor::mempool_monitor[0m[2m:[0m 🔍 Skipping tx 0xbb33af32134c5a15c8d2d13d356dfe71b7c156984d20851910be3b55ac3da3fc - not a DEX interaction (target: 0x84564e374b937b8Bf072bb564b4433BD1e7Ecb95)
[2m2025-12-10T10:08:57.680326Z[0m [34mDEBUG[0m [2methereum_transaction_pool_monitor::mempool_monitor[0m[2m:[0m 📨 Processing new pending transaction: 0xa26b8d36a79160acfb3691cdcb45ea85ac01a1208b11484e28344494bd3dbdf7
[2m2025-12-10T10:08:57.680331Z[0m [34mDEBUG[0m [2methereum_transaction_pool_monitor::mempool_monitor[0m[2m:[0m 🔍 Fetching transaction details for: 0xa26b8d36a79160acfb3691cdcb45ea85ac01a1208b11484e28344494bd3dbdf7
[2m2025-12-10T10:08:57.680336Z[0m [34mDEBUG[0m [2methereum_transaction_pool_monitor::eth_client[0m[2m:[0m 🔍 Fetching transaction details for hash: 0xa26b8d36a79160acfb3691cdcb45ea85ac01a1208b11484e28344494bd3dbdf7
[2m2025-12-10T10:08:57.680355Z[0m [34mDEBUG[0m [2mhyper::client::pool[0m[2m:[0m reuse idle connection for ("http", 192.168.0.14:8545)
[2m2025-12-10T10:08:57.680402Z[0m [34mDEBUG[0m [2mhyper::proto::h1::io[0m[2m:[0m flushed 250 bytes
[2m2025-12-10T10:08:57.680419Z[0m [34mDEBUG[0m [2mhyper::proto::h1::io[0m[2m:[0m parsed 4 headers
[2m2025-12-10T10:08:57.680424Z[0m [34mDEBUG[0m [2mhyper::proto::h1::conn[0m[2m:[0m incoming body is content-length (45 bytes)
[2m2025-12-10T10:08:57.680432Z[0m [34mDEBUG[0m [2mhyper::proto::h1::conn[0m[2m:[0m incoming body completed
[2m2025-12-10T10:08:57.680440Z[0m [34mDEBUG[0m [2mhyper::client::pool[0m[2m:[0m pooling idle connection for ("http", 192.168.0.14:8545)
[2m2025-12-10T10:08:57.684061Z[0m [34mDEBUG[0m [2mhyper::proto::h1::io[0m[2m:[0m parsed 4 headers
[2m2025-12-10T10:08:57.684066Z[0m [34mDEBUG[0m [2mhyper::proto::h1::conn[0m[2m:[0m incoming body is content-length (1098 bytes)
[2m2025-12-10T10:08:57.684069Z[0m [34mDEBUG[0m [2mhyper::proto::h1::conn[0m[2m:[0m incoming body completed
[2m2025-12-10T10:08:57.684074Z[0m [34mDEBUG[0m [2mhyper::client::pool[0m[2m:[0m pooling idle connection for ("http", 192.168.0.14:8545)
[2m2025-12-10T10:08:57.684080Z[0m [34mDEBUG[0m [2methereum_transaction_pool_monitor::eth_client[0m[2m:[0m 📡 Transaction fetch RPC completed in 3.740208ms
[2m2025-12-10T10:08:57.754510Z[0m [34mDEBUG[0m [2methereum_transaction_pool_monitor::eth_client[0m[2m:[0m ✅ Transaction 0xa26b8d36a79160acfb3691cdcb45ea85ac01a1208b11484e28344494bd3dbdf7 fetched and parsed in 74.16825ms
[2m2025-12-10T10:08:57.754545Z[0m [34mDEBUG[0m [2methereum_transaction_pool_monitor::mempool_monitor[0m[2m:[0m 🔍 Skipping tx 0xa26b8d36a79160acfb3691cdcb45ea85ac01a1208b11484e28344494bd3dbdf7 - not a DEX interaction (target: 0xEe7aE85f2Fe2239E27D9c1E23fFFe168D63b4055)
[2m2025-12-10T10:08:57.754562Z[0m [34mDEBUG[0m [2methereum_transaction_pool_monitor::mempool_monitor[0m[2m:[0m 📨 Processing new pending transaction: 0xf3bb463059a04c20723919f026f12228148c636b80aa7298b79d931c7dd0a148
[2m2025-12-10T10:08:57.754571Z[0m [34mDEBUG[0m [2methereum_transaction_pool_monitor::mempool_monitor[0m[2m:[0m 🔍 Fetching transaction details for: 0xf3bb463059a04c20723919f026f12228148c636b80aa7298b79d931c7dd0a148
[2m2025-12-10T10:08:57.754577Z[0m [34mDEBUG[0m [2methereum_transaction_pool_monitor::eth_client[0m[2m:[0m 🔍 Fetching transaction details for hash: 0xf3bb463059a04c20723919f026f12228148c636b80aa7298b79d931c7dd0a148
[2m2025-12-10T10:08:57.754601Z[0m [34mDEBUG[0m [2mhyper::client::pool[0m[2m:[0m reuse idle connection for ("http", 192.168.0.14:8545)
[2m2025-12-10T10:08:57.754640Z[0m [34mDEBUG[0m [2mhyper::proto::h1::io[0m[2m:[0m flushed 250 bytes
[2m2025-12-10T10:08:57.754661Z[0m [34mDEBUG[0m [2mhyper::client::pool[0m[2m:[0m reuse idle connection for ("http", 192.168.0.14:8545)
[2m2025-12-10T10:08:57.754677Z[0m [34mDEBUG[0m [2mhyper::proto::h1::io[0m[2m:[0m flushed 172 bytes
[2m2025-12-10T10:08:57.754692Z[0m [34mDEBUG[0m [2methereum_transaction_pool_monitor::eth_client[0m[2m:[0m 📨 Received WebSocket message: {"jsonrpc":"2.0","method":"eth_subscription","params":{"subscription":"0xbed0a0851463e895960a451075a301a9","result":"0x685b8b807aba7bfa253dc172054d5f546e6c83cd94cc8c90378c04c4c16edf67"}}
[2m2025-12-10T10:08:57.754701Z[0m [34mDEBUG[0m [2methereum_transaction_pool_monitor::eth_client[0m[2m:[0m 📨 Received pending transaction: 0x685b8b807aba7bfa253dc172054d5f546e6c83cd94cc8c90378c04c4c16edf67
[2m2025-12-10T10:08:57.754707Z[0m [34mDEBUG[0m [2methereum_transaction_pool_monitor::eth_client[0m[2m:[0m 📨 Received WebSocket message: {"jsonrpc":"2.0","method":"eth_subscription","params":{"subscription":"0xbed0a0851463e895960a451075a301a9","result":"0x789c6940068b7b63c925648bddfb8626593558a864f9a348eb8fac824c7103c9"}}
[2m2025-12-10T10:08:57.754712Z[0m [34mDEBUG[0m [2methereum_transaction_pool_monitor::eth_client[0m[2m:[0m 📨 Received pending transaction: 0x789c6940068b7b63c925648bddfb8626593558a864f9a348eb8fac824c7103c9
[2m2025-12-10T10:08:57.758587Z[0m [34mDEBUG[0m [2mhyper::proto::h1::io[0m[2m:[0m parsed 4 headers
[2m2025-12-10T10:08:57.758596Z[0m [34mDEBUG[0m [2mhyper::proto::h1::conn[0m[2m:[0m incoming body is content-length (45 bytes)
[2m2025-12-10T10:08:57.758605Z[0m [34mDEBUG[0m [2mhyper::proto::h1::conn[0m[2m:[0m incoming body completed
[2m2025-12-10T10:08:57.758612Z[0m [34mDEBUG[0m [2mhyper::client::pool[0m[2m:[0m pooling idle connection for ("http", 192.168.0.14:8545)
[2m2025-12-10T10:08:57.759793Z[0m [34mDEBUG[0m [2mhyper::proto::h1::io[0m[2m:[0m parsed 4 headers
[2m2025-12-10T10:08:57.759801Z[0m [34mDEBUG[0m [2mhyper::proto::h1::conn[0m[2m:[0m incoming body is content-length (679 bytes)
[2m2025-12-10T10:08:57.759808Z[0m [34mDEBUG[0m [2mhyper::proto::h1::conn[0m[2m:[0m incoming body completed
[2m2025-12-10T10:08:57.759815Z[0m [34mDEBUG[0m [2mhyper::client::pool[0m[2m:[0m pooling idle connection for ("http", 192.168.0.14:8545)
[2m2025-12-10T10:08:57.759821Z[0m [34mDEBUG[0m [2methereum_transaction_pool_monitor::eth_client[0m[2m:[0m 📡 Transaction fetch RPC completed in 5.237458ms
[2m2025-12-10T10:08:57.759832Z[0m [34mDEBUG[0m [2methereum_transaction_pool_monitor::eth_client[0m[2m:[0m DeFi transaction detected - Address: 0xdac17f958d2ee523a2206206994597c13d831ec7, Type: Stablecoin, Value: 0 ETH, Gas: 2.19 Gwei
[2m2025-12-10T10:08:57.759846Z[0m [34mDEBUG[0m [2methereum_transaction_pool_monitor::eth_client[0m[2m:[0m ✅ Transaction 0xf3bb463059a04c20723919f026f12228148c636b80aa7298b79d931c7dd0a148 fetched and parsed in 5.263375ms
[2m2025-12-10T10:08:57.759852Z[0m [34mDEBUG[0m [2methereum_transaction_pool_monitor::mempool_monitor[0m[2m:[0m 🔍 Skipping tx 0xf3bb463059a04c20723919f026f12228148c636b80aa7298b79d931c7dd0a148 - not a DEX interaction (target: 0xdAC17F958D2ee523a2206206994597C13D831ec7)
[2m2025-12-10T10:08:57.759859Z[0m [34mDEBUG[0m [2methereum_transaction_pool_monitor::mempool_monitor[0m[2m:[0m 📨 Processing new pending transaction: 0x7007a0fdea578963bf9de51069fa2f8ced79fa13d67efb33d681f1af61469400
[2m2025-12-10T10:08:57.759863Z[0m [34mDEBUG[0m [2methereum_transaction_pool_monitor::mempool_monitor[0m[2m:[0m 🔍 Fetching transaction details for: 0x7007a0fdea578963bf9de51069fa2f8ced79fa13d67efb33d681f1af61469400
[2m2025-12-10T10:08:57.759866Z[0m [34mDEBUG[0m [2methereum_transaction_pool_monitor::eth_client[0m[2m:[0m 🔍 Fetching transaction details for hash: 0x7007a0fdea578963bf9de51069fa2f8ced79fa13d67efb33d681f1af61469400
[2m2025-12-10T10:08:57.759874Z[0m [34mDEBUG[0m [2mhyper::client::pool[0m[2m:[0m reuse idle connection for ("http", 192.168.0.14:8545)
[2m2025-12-10T10:08:57.759890Z[0m [34mDEBUG[0m [2mhyper::proto::h1::io[0m[2m:[0m flushed 250 bytes
[2m2025-12-10T10:08:57.764450Z[0m [34mDEBUG[0m [2mhyper::proto::h1::io[0m[2m:[0m parsed 4 headers
[2m2025-12-10T10:08:57.764459Z[0m [34mDEBUG[0m [2mhyper::proto::h1::conn[0m[2m:[0m incoming body is content-length (773 bytes)
[2m2025-12-10T10:08:57.764464Z[0m [34mDEBUG[0m [2mhyper::proto::h1::conn[0m[2m:[0m incoming body completed
[2m2025-12-10T10:08:57.764470Z[0m [34mDEBUG[0m [2mhyper::client::pool[0m[2m:[0m pooling idle connection for ("http", 192.168.0.14:8545)
[2m2025-12-10T10:08:57.764475Z[0m [34mDEBUG[0m [2methereum_transaction_pool_monitor::eth_client[0m[2m:[0m 📡 Transaction fetch RPC completed in 4.604917ms
[2m2025-12-10T10:08:57.834942Z[0m [34mDEBUG[0m [2methereum_transaction_pool_monitor::eth_client[0m[2m:[0m ✅ Transaction 0x7007a0fdea578963bf9de51069fa2f8ced79fa13d67efb33d681f1af61469400 fetched and parsed in 75.069625ms
[2m2025-12-10T10:08:57.834969Z[0m [34mDEBUG[0m [2methereum_transaction_pool_monitor::mempool_monitor[0m[2m:[0m 🔍 Skipping tx 0x7007a0fdea578963bf9de51069fa2f8ced79fa13d67efb33d681f1af61469400 - not a DEX interaction (target: 0x6982508145454Ce325dDbE47a25d4ec3d2311933)
[2m2025-12-10T10:08:57.834980Z[0m [34mDEBUG[0m [2methereum_transaction_pool_monitor::mempool_monitor[0m[2m:[0m 📨 Processing new pending transaction: 0x018efc8b2c06fb2218a0918680121ba1a7a12d7cd920f089f3028357b2391513
[2m2025-12-10T10:08:57.834986Z[0m [34mDEBUG[0m [2methereum_transaction_pool_monitor::mempool_monitor[0m[2m:[0m 🔍 Fetching transaction details for: 0x018efc8b2c06fb2218a0918680121ba1a7a12d7cd920f089f3028357b2391513
[2m2025-12-10T10:08:57.834991Z[0m [34mDEBUG[0m [2methereum_transaction_pool_monitor::eth_client[0m[2m:[0m 🔍 Fetching transaction details for hash: 0x018efc8b2c06fb2218a0918680121ba1a7a12d7cd920f089f3028357b2391513
[2m2025-12-10T10:08:57.835013Z[0m [34mDEBUG[0m [2mhyper::client::pool[0m[2m:[0m reuse idle connection for ("http", 192.168.0.14:8545)
[2m2025-12-10T10:08:57.835067Z[0m [34mDEBUG[0m [2mhyper::proto::h1::io[0m[2m:[0m flushed 250 bytes
[2m2025-12-10T10:08:57.835095Z[0m [34mDEBUG[0m [2mhyper::client::pool[0m[2m:[0m reuse idle connection for ("http", 192.168.0.14:8545)
[2m2025-12-10T10:08:57.835112Z[0m [34mDEBUG[0m [2mhyper::proto::h1::io[0m[2m:[0m flushed 172 bytes
[2m2025-12-10T10:08:57.838396Z[0m [34mDEBUG[0m [2mhyper::proto::h1::io[0m[2m:[0m parsed 4 headers
[2m2025-12-10T10:08:57.838402Z[0m [34mDEBUG[0m [2mhyper::proto::h1::conn[0m[2m:[0m incoming body is content-length (45 bytes)
[2m2025-12-10T10:08:57.838410Z[0m [34mDEBUG[0m [2mhyper::proto::h1::conn[0m[2m:[0m incoming body completed
[2m2025-12-10T10:08:57.838418Z[0m [34mDEBUG[0m [2mhyper::client::pool[0m[2m:[0m pooling idle connection for ("http", 192.168.0.14:8545)
[2m2025-12-10T10:08:57.839028Z[0m [34mDEBUG[0m [2mhyper::proto::h1::io[0m[2m:[0m parsed 4 headers
[2m2025-12-10T10:08:57.839033Z[0m [34mDEBUG[0m [2mhyper::proto::h1::conn[0m[2m:[0m incoming body is content-length (904 bytes)
[2m2025-12-10T10:08:57.839039Z[0m [34mDEBUG[0m [2mhyper::proto::h1::conn[0m[2m:[0m incoming body completed
[2m2025-12-10T10:08:57.839047Z[0m [34mDEBUG[0m [2mhyper::client::pool[0m[2m:[0m pooling idle connection for ("http", 192.168.0.14:8545)
[2m2025-12-10T10:08:57.839052Z[0m [34mDEBUG[0m [2methereum_transaction_pool_monitor::eth_client[0m[2m:[0m 📡 Transaction fetch RPC completed in 4.057291ms
[2m2025-12-10T10:08:57.909808Z[0m [34mDEBUG[0m [2methereum_transaction_pool_monitor::eth_client[0m[2m:[0m ✅ Transaction 0x018efc8b2c06fb2218a0918680121ba1a7a12d7cd920f089f3028357b2391513 fetched and parsed in 74.810833ms
[2m2025-12-10T10:08:57.909841Z[0m [34mDEBUG[0m [2methereum_transaction_pool_monitor::mempool_monitor[0m[2m:[0m 🔍 Skipping tx 0x018efc8b2c06fb2218a0918680121ba1a7a12d7cd920f089f3028357b2391513 - not a DEX interaction (target: 0xff00000000000000000000000000000000000480)
[2m2025-12-10T10:08:57.909851Z[0m [34mDEBUG[0m [2methereum_transaction_pool_monitor::mempool_monitor[0m[2m:[0m 📨 Processing new pending transaction: 0xb38173ff1982dce8f557cdc9c78034c1f9022bceb4daef53fa9dd2b6f2a02ca6
[2m2025-12-10T10:08:57.909856Z[0m [34mDEBUG[0m [2methereum_transaction_pool_monitor::mempool_monitor[0m[2m:[0m 🔍 Fetching transaction details for: 0xb38173ff1982dce8f557cdc9c78034c1f9022bceb4daef53fa9dd2b6f2a02ca6
[2m2025-12-10T10:08:57.909860Z[0m [34mDEBUG[0m [2methereum_transaction_pool_monitor::eth_client[0m[2m:[0m 🔍 Fetching transaction details for hash: 0xb38173ff1982dce8f557cdc9c78034c1f9022bceb4daef53fa9dd2b6f2a02ca6
[2m2025-12-10T10:08:57.909881Z[0m [34mDEBUG[0m [2mhyper::client::pool[0m[2m:[0m reuse idle connection for ("http", 192.168.0.14:8545)
[2m2025-12-10T10:08:57.909928Z[0m [34mDEBUG[0m [2mhyper::proto::h1::io[0m[2m:[0m flushed 250 bytes
[2m2025-12-10T10:08:57.909961Z[0m [34mDEBUG[0m [2mhyper::client::pool[0m[2m:[0m reuse idle connection for ("http", 192.168.0.14:8545)
[2m2025-12-10T10:08:57.909983Z[0m [34mDEBUG[0m [2mhyper::proto::h1::io[0m[2m:[0m flushed 172 bytes
[2m2025-12-10T10:08:57.914404Z[0m [34mDEBUG[0m [2mhyper::proto::h1::io[0m[2m:[0m parsed 4 headers
[2m2025-12-10T10:08:57.914410Z[0m [34mDEBUG[0m [2mhyper::proto::h1::conn[0m[2m:[0m incoming body is content-length (45 bytes)
[2m2025-12-10T10:08:57.914417Z[0m [34mDEBUG[0m [2mhyper::proto::h1::conn[0m[2m:[0m incoming body completed
[2m2025-12-10T10:08:57.914424Z[0m [34mDEBUG[0m [2mhyper::client::pool[0m[2m:[0m pooling idle connection for ("http", 192.168.0.14:8545)
[2m2025-12-10T10:08:57.915586Z[0m [34mDEBUG[0m [2mhyper::proto::h1::io[0m[2m:[0m parsed 4 headers
[2m2025-12-10T10:08:57.915615Z[0m [34mDEBUG[0m [2mhyper::proto::h1::conn[0m[2m:[0m incoming body is content-length (772 bytes)
[2m2025-12-10T10:08:57.915627Z[0m [34mDEBUG[0m [2mhyper::proto::h1::conn[0m[2m:[0m incoming body completed
[2m2025-12-10T10:08:57.915635Z[0m [34mDEBUG[0m [2mhyper::client::pool[0m[2m:[0m pooling idle connection for ("http", 192.168.0.14:8545)
[2m2025-12-10T10:08:57.915640Z[0m [34mDEBUG[0m [2methereum_transaction_pool_monitor::eth_client[0m[2m:[0m 📡 Transaction fetch RPC completed in 5.775292ms
[2m2025-12-10T10:08:57.987976Z[0m [34mDEBUG[0m [2methereum_transaction_pool_monitor::eth_client[0m[2m:[0m ✅ Transaction 0xb38173ff1982dce8f557cdc9c78034c1f9022bceb4daef53fa9dd2b6f2a02ca6 fetched and parsed in 78.108209ms
[2m2025-12-10T10:08:57.988007Z[0m [34mDEBUG[0m [2methereum_transaction_pool_monitor::mempool_monitor[0m[2m:[0m 🔍 Skipping tx 0xb38173ff1982dce8f557cdc9c78034c1f9022bceb4daef53fa9dd2b6f2a02ca6 - not a DEX interaction (target: 0xB8f28C60dD8240141185a192fa4156A23E189305)
[2m2025-12-10T10:08:57.988015Z[0m [34mDEBUG[0m [2methereum_transaction_pool_monitor::mempool_monitor[0m[2m:[0m 📨 Processing new pending transaction: 0xc3dc7a9cd29d2fe06c101eac2f418c5a45f866af7c35d249a4a5c3643bd2ea29
[2m2025-12-10T10:08:57.988019Z[0m [34mDEBUG[0m [2methereum_transaction_pool_monitor::mempool_monitor[0m[2m:[0m 🔍 Fetching transaction details for: 0xc3dc7a9cd29d2fe06c101eac2f418c5a45f866af7c35d249a4a5c3643bd2ea29
[2m2025-12-10T10:08:57.988023Z[0m [34mDEBUG[0m [2methereum_transaction_pool_monitor::eth_client[0m[2m:[0m 🔍 Fetching transaction details for hash: 0xc3dc7a9cd29d2fe06c101eac2f418c5a45f866af7c35d249a4a5c3643bd2ea29
[2m2025-12-10T10:08:57.988046Z[0m [34mDEBUG[0m [2mhyper::client::pool[0m[2m:[0m reuse idle connection for ("http", 192.168.0.14:8545)
[2m2025-12-10T10:08:57.988117Z[0m [34mDEBUG[0m [2mhyper::proto::h1::io[0m[2m:[0m flushed 250 bytes
[2m2025-12-10T10:08:57.988147Z[0m [34mDEBUG[0m [2methereum_transaction_pool_monitor::eth_client[0m[2m:[0m 📨 Received WebSocket message: {"jsonrpc":"2.0","method":"eth_subscription","params":{"subscription":"0xbed0a0851463e895960a451075a301a9","result":"0x8c00a064194759ab984d693c370ec5ddf0d7d671378b274835abf7a512d86e79"}}
[2m2025-12-10T10:08:57.988156Z[0m [34mDEBUG[0m [2methereum_transaction_pool_monitor::eth_client[0m[2m:[0m 📨 Received pending transaction: 0x8c00a064194759ab984d693c370ec5ddf0d7d671378b274835abf7a512d86e79
[2m2025-12-10T10:08:57.991868Z[0m [34mDEBUG[0m [2mhyper::proto::h1::io[0m[2m:[0m parsed 4 headers
[2m2025-12-10T10:08:57.991886Z[0m [34mDEBUG[0m [2mhyper::proto::h1::conn[0m[2m:[0m incoming body is content-length (769 bytes)
[2m2025-12-10T10:08:57.991896Z[0m [34mDEBUG[0m [2mhyper::proto::h1::conn[0m[2m:[0m incoming body completed
[2m2025-12-10T10:08:57.991908Z[0m [34mDEBUG[0m [2mhyper::client::pool[0m[2m:[0m pooling idle connection for ("http", 192.168.0.14:8545)
[2m2025-12-10T10:08:57.991915Z[0m [34mDEBUG[0m [2methereum_transaction_pool_monitor::eth_client[0m[2m:[0m 📡 Transaction fetch RPC completed in 3.888583ms
[2m2025-12-10T10:08:57.991933Z[0m [34mDEBUG[0m [2methereum_transaction_pool_monitor::eth_client[0m[2m:[0m DeFi transaction detected - Address: 0xdac17f958d2ee523a2206206994597c13d831ec7, Type: Stablecoin, Value: 0 ETH, Gas: 0.41 Gwei
[2m2025-12-10T10:08:57.991946Z[0m [34mDEBUG[0m [2methereum_transaction_pool_monitor::eth_client[0m[2m:[0m ✅ Transaction 0xc3dc7a9cd29d2fe06c101eac2f418c5a45f866af7c35d249a4a5c3643bd2ea29 fetched and parsed in 3.918792ms
[2m2025-12-10T10:08:57.991951Z[0m [34mDEBUG[0m [2methereum_transaction_pool_monitor::mempool_monitor[0m[2m:[0m 🔍 Skipping tx 0xc3dc7a9cd29d2fe06c101eac2f418c5a45f866af7c35d249a4a5c3643bd2ea29 - not a DEX interaction (target: 0xdAC17F958D2ee523a2206206994597C13D831ec7)
[2m2025-12-10T10:08:57.991959Z[0m [34mDEBUG[0m [2methereum_transaction_pool_monitor::mempool_monitor[0m[2m:[0m 📨 Processing new pending transaction: 0xafc62950395b6550fb3b2d4fcef880ace5ce6853ec1c318096a8419a9d4f57e3
[2m2025-12-10T10:08:57.991962Z[0m [34mDEBUG[0m [2methereum_transaction_pool_monitor::mempool_monitor[0m[2m:[0m 🔍 Fetching transaction details for: 0xafc62950395b6550fb3b2d4fcef880ace5ce6853ec1c318096a8419a9d4f57e3
[2m2025-12-10T10:08:57.991966Z[0m [34mDEBUG[0m [2methereum_transaction_pool_monitor::eth_client[0m[2m:[0m 🔍 Fetching transaction details for hash: 0xafc62950395b6550fb3b2d4fcef880ace5ce6853ec1c318096a8419a9d4f57e3
[2m2025-12-10T10:08:57.991980Z[0m [34mDEBUG[0m [2mhyper::client::pool[0m[2m:[0m reuse idle connection for ("http", 192.168.0.14:8545)
[2m2025-12-10T10:08:57.992011Z[0m [34mDEBUG[0m [2mhyper::proto::h1::io[0m[2m:[0m flushed 250 bytes
[2m2025-12-10T10:08:57.996540Z[0m [34mDEBUG[0m [2mhyper::client::pool[0m[2m:[0m reuse idle connection for ("http", 192.168.0.14:8545)
[2m2025-12-10T10:08:57.996588Z[0m [34mDEBUG[0m [2mhyper::proto::h1::io[0m[2m:[0m flushed 172 bytes
[2m2025-12-10T10:08:57.996725Z[0m [34mDEBUG[0m [2mhyper::proto::h1::io[0m[2m:[0m parsed 4 headers
[2m2025-12-10T10:08:57.996731Z[0m [34mDEBUG[0m [2mhyper::proto::h1::conn[0m[2m:[0m incoming body is content-length (1731 bytes)
[2m2025-12-10T10:08:57.996744Z[0m [34mDEBUG[0m [2methereum_transaction_pool_monitor::eth_client[0m[2m:[0m 📡 Transaction fetch RPC completed in 4.774959ms
[2m2025-12-10T10:08:57.998434Z[0m [34mDEBUG[0m [2mhyper::proto::h1::conn[0m[2m:[0m incoming body completed
[2m2025-12-10T10:08:57.998443Z[0m [34mDEBUG[0m [2mhyper::client::pool[0m[2m:[0m pooling idle connection for ("http", 192.168.0.14:8545)
[2m2025-12-10T10:08:58.000361Z[0m [34mDEBUG[0m [2mhyper::proto::h1::io[0m[2m:[0m parsed 4 headers
[2m2025-12-10T10:08:58.000368Z[0m [34mDEBUG[0m [2mhyper::proto::h1::conn[0m[2m:[0m incoming body is content-length (45 bytes)
[2m2025-12-10T10:08:58.000372Z[0m [34mDEBUG[0m [2mhyper::proto::h1::conn[0m[2m:[0m incoming body completed
[2m2025-12-10T10:08:58.000379Z[0m [34mDEBUG[0m [2mhyper::client::pool[0m[2m:[0m pooling idle connection for ("http", 192.168.0.14:8545)
[2m2025-12-10T10:08:58.020895Z[0m [34mDEBUG[0m [2methereum_transaction_pool_monitor::eth_client[0m[2m:[0m 📨 Received WebSocket message: {"jsonrpc":"2.0","method":"eth_subscription","params":{"subscription":"0xbed0a0851463e895960a451075a301a9","result":"0x5288d56d61757582bf16a1acc71c83f5405cf4964590dca91c1a3c0ebd9210a9"}}
[2m2025-12-10T10:08:58.020933Z[0m [34mDEBUG[0m [2methereum_transaction_pool_monitor::eth_client[0m[2m:[0m 📨 Received pending transaction: 0x5288d56d61757582bf16a1acc71c83f5405cf4964590dca91c1a3c0ebd9210a9
[2m2025-12-10T10:08:58.072292Z[0m [34mDEBUG[0m [2methereum_transaction_pool_monitor::eth_client[0m[2m:[0m ✅ Transaction 0xafc62950395b6550fb3b2d4fcef880ace5ce6853ec1c318096a8419a9d4f57e3 fetched and parsed in 80.317834ms
[2m2025-12-10T10:08:58.072317Z[0m [34mDEBUG[0m [2methereum_transaction_pool_monitor::mempool_monitor[0m[2m:[0m 🔍 Skipping tx 0xafc62950395b6550fb3b2d4fcef880ace5ce6853ec1c318096a8419a9d4f57e3 - not a DEX interaction (target: 0x601a2aD6CB5949f0529735254189Ba3194221EDF)
[2m2025-12-10T10:08:58.072327Z[0m [34mDEBUG[0m [2methereum_transaction_pool_monitor::mempool_monitor[0m[2m:[0m 📨 Processing new pending transaction: 0x64cc5e5b36e4d1c3ecbb00c8e8a1e6ab6b9176062cb652a44e0009233acc7381
[2m2025-12-10T10:08:58.072331Z[0m [34mDEBUG[0m [2methereum_transaction_pool_monitor::mempool_monitor[0m[2m:[0m 🔍 Fetching transaction details for: 0x64cc5e5b36e4d1c3ecbb00c8e8a1e6ab6b9176062cb652a44e0009233acc7381
[2m2025-12-10T10:08:58.072336Z[0m [34mDEBUG[0m [2methereum_transaction_pool_monitor::eth_client[0m[2m:[0m 🔍 Fetching transaction details for hash: 0x64cc5e5b36e4d1c3ecbb00c8e8a1e6ab6b9176062cb652a44e0009233acc7381
[2m2025-12-10T10:08:58.072359Z[0m [34mDEBUG[0m [2mhyper::client::pool[0m[2m:[0m reuse idle connection for ("http", 192.168.0.14:8545)
[2m2025-12-10T10:08:58.072396Z[0m [34mDEBUG[0m [2mhyper::proto::h1::io[0m[2m:[0m flushed 250 bytes
[2m2025-12-10T10:08:58.077852Z[0m [34mDEBUG[0m [2mhyper::proto::h1::io[0m[2m:[0m parsed 4 headers
[2m2025-12-10T10:08:58.077862Z[0m [34mDEBUG[0m [2mhyper::proto::h1::conn[0m[2m:[0m incoming body is content-length (2403 bytes)
[2m2025-12-10T10:08:58.077872Z[0m [34mDEBUG[0m [2mhyper::proto::h1::conn[0m[2m:[0m incoming body completed
[2m2025-12-10T10:08:58.077884Z[0m [34mDEBUG[0m [2mhyper::client::pool[0m[2m:[0m pooling idle connection for ("http", 192.168.0.14:8545)
[2m2025-12-10T10:08:58.077892Z[0m [34mDEBUG[0m [2methereum_transaction_pool_monitor::eth_client[0m[2m:[0m 📡 Transaction fetch RPC completed in 5.552792ms
[2m2025-12-10T10:08:58.149038Z[0m [34mDEBUG[0m [2methereum_transaction_pool_monitor::eth_client[0m[2m:[0m ✅ Transaction 0x64cc5e5b36e4d1c3ecbb00c8e8a1e6ab6b9176062cb652a44e0009233acc7381 fetched and parsed in 76.695458ms
[2m2025-12-10T10:08:58.149064Z[0m [34mDEBUG[0m [2methereum_transaction_pool_monitor::mempool_monitor[0m[2m:[0m 🔍 Skipping tx 0x64cc5e5b36e4d1c3ecbb00c8e8a1e6ab6b9176062cb652a44e0009233acc7381 - not a DEX interaction (target: 0x65b382653f7C31bC0Af67f188122035461ec9C76)
[2m2025-12-10T10:08:58.149075Z[0m [34mDEBUG[0m [2methereum_transaction_pool_monitor::mempool_monitor[0m[2m:[0m 📨 Processing new pending transaction: 0x6dddb44a0c5c6d53137e71c9504d35664b261e49793888ec0a8309a0b480a95d
[2m2025-12-10T10:08:58.149081Z[0m [34mDEBUG[0m [2methereum_transaction_pool_monitor::mempool_monitor[0m[2m:[0m 🔍 Fetching transaction details for: 0x6dddb44a0c5c6d53137e71c9504d35664b261e49793888ec0a8309a0b480a95d
[2m2025-12-10T10:08:58.149085Z[0m [34mDEBUG[0m [2methereum_transaction_pool_monitor::eth_client[0m[2m:[0m 🔍 Fetching transaction details for hash: 0x6dddb44a0c5c6d53137e71c9504d35664b261e49793888ec0a8309a0b480a95d
[2m2025-12-10T10:08:58.149108Z[0m [34mDEBUG[0m [2mhyper::client::pool[0m[2m:[0m reuse idle connection for ("http", 192.168.0.14:8545)
[2m2025-12-10T10:08:58.149148Z[0m [34mDEBUG[0m [2mhyper::proto::h1::io[0m[2m:[0m flushed 250 bytes
[2m2025-12-10T10:08:58.149168Z[0m [34mDEBUG[0m [2mhyper::client::pool[0m[2m:[0m reuse idle connection for ("http", 192.168.0.14:8545)
[2m2025-12-10T10:08:58.149167Z[0m [32m INFO[0m [2methereum_transaction_pool_monitor::bot_runner[0m[2m:[0m 🤖 MEV Bot Stats | Uptime: 0.0h | Opportunities: 0 | Bundles: 0/0 (0.0%) | Profit: 0.0000 ETH | Rate: 0.00/h
[2m2025-12-10T10:08:58.149182Z[0m [34mDEBUG[0m [2mhyper::proto::h1::io[0m[2m:[0m flushed 172 bytes
[2m2025-12-10T10:08:58.149182Z[0m [34mDEBUG[0m [2methereum_transaction_pool_monitor::eth_client[0m[2m:[0m 📨 Received WebSocket message: {"jsonrpc":"2.0","method":"eth_subscription","params":{"subscription":"0xbed0a0851463e895960a451075a301a9","result":"0xfc4994d62d8b59dd9dc022f73cab2ac15a42764ef8f3faf581003ffa3ae3af19"}}
[2m2025-12-10T10:08:58.149197Z[0m [34mDEBUG[0m [2methereum_transaction_pool_monitor::eth_client[0m[2m:[0m 📨 Received pending transaction: 0xfc4994d62d8b59dd9dc022f73cab2ac15a42764ef8f3faf581003ffa3ae3af19
[2m2025-12-10T10:08:58.152615Z[0m [34mDEBUG[0m [2mhyper::proto::h1::io[0m[2m:[0m parsed 4 headers
[2m2025-12-10T10:08:58.152622Z[0m [34mDEBUG[0m [2mhyper::proto::h1::conn[0m[2m:[0m incoming body is content-length (45 bytes)
[2m2025-12-10T10:08:58.152630Z[0m [34mDEBUG[0m [2mhyper::proto::h1::conn[0m[2m:[0m incoming body completed
[2m2025-12-10T10:08:58.152637Z[0m [34mDEBUG[0m [2mhyper::client::pool[0m[2m:[0m pooling idle connection for ("http", 192.168.0.14:8545)
[2m2025-12-10T10:08:58.153238Z[0m [34mDEBUG[0m [2mhyper::proto::h1::io[0m[2m:[0m parsed 4 headers
[2m2025-12-10T10:08:58.153243Z[0m [34mDEBUG[0m [2mhyper::proto::h1::conn[0m[2m:[0m incoming body is content-length (769 bytes)
[2m2025-12-10T10:08:58.153248Z[0m [34mDEBUG[0m [2mhyper::proto::h1::conn[0m[2m:[0m incoming body completed
[2m2025-12-10T10:08:58.153254Z[0m [34mDEBUG[0m [2mhyper::client::pool[0m[2m:[0m pooling idle connection for ("http", 192.168.0.14:8545)
[2m2025-12-10T10:08:58.153260Z[0m [34mDEBUG[0m [2methereum_transaction_pool_monitor::eth_client[0m[2m:[0m 📡 Transaction fetch RPC completed in 4.171542ms
[2m2025-12-10T10:08:58.153274Z[0m [34mDEBUG[0m [2methereum_transaction_pool_monitor::eth_client[0m[2m:[0m DeFi transaction detected - Address: 0xdac17f958d2ee523a2206206994597c13d831ec7, Type: Stablecoin, Value: 0 ETH, Gas: 0.25 Gwei
[2m2025-12-10T10:08:58.153288Z[0m [34mDEBUG[0m [2methereum_transaction_pool_monitor::eth_client[0m[2m:[0m ✅ Transaction 0x6dddb44a0c5c6d53137e71c9504d35664b261e49793888ec0a8309a0b480a95d fetched and parsed in 4.199292ms
[2m2025-12-10T10:08:58.153297Z[0m [34mDEBUG[0m [2methereum_transaction_pool_monitor::mempool_monitor[0m[2m:[0m 🔍 Skipping tx 0x6dddb44a0c5c6d53137e71c9504d35664b261e49793888ec0a8309a0b480a95d - not a DEX interaction (target: 0xdAC17F958D2ee523a2206206994597C13D831ec7)
[2m2025-12-10T10:08:58.153303Z[0m [34mDEBUG[0m [2methereum_transaction_pool_monitor::mempool_monitor[0m[2m:[0m 📨 Processing new pending transaction: 0x720d1e33183cb44b55f0fb667b82ffca6f90c509d1033f5db101a97f2f287291
[2m2025-12-10T10:08:58.153308Z[0m [34mDEBUG[0m [2methereum_transaction_pool_monitor::mempool_monitor[0m[2m:[0m 🔍 Fetching transaction details for: 0x720d1e33183cb44b55f0fb667b82ffca6f90c509d1033f5db101a97f2f287291
[2m2025-12-10T10:08:58.153312Z[0m [34mDEBUG[0m [2methereum_transaction_pool_monitor::eth_client[0m[2m:[0m 🔍 Fetching transaction details for hash: 0x720d1e33183cb44b55f0fb667b82ffca6f90c509d1033f5db101a97f2f287291
[2m2025-12-10T10:08:58.153321Z[0m [34mDEBUG[0m [2mhyper::client::pool[0m[2m:[0m reuse idle connection for ("http", 192.168.0.14:8545)
[2m2025-12-10T10:08:58.153340Z[0m [34mDEBUG[0m [2mhyper::proto::h1::io[0m[2m:[0m flushed 250 bytes
[2m2025-12-10T10:08:58.159039Z[0m [34mDEBUG[0m [2mhyper::proto::h1::io[0m[2m:[0m parsed 4 headers
[2m2025-12-10T10:08:58.159044Z[0m [34mDEBUG[0m [2mhyper::proto::h1::conn[0m[2m:[0m incoming body is content-length (778 bytes)
[2m2025-12-10T10:08:58.159049Z[0m [34mDEBUG[0m [2mhyper::proto::h1::conn[0m[2m:[0m incoming body completed
[2m2025-12-10T10:08:58.159054Z[0m [34mDEBUG[0m [2mhyper::client::pool[0m[2m:[0m pooling idle connection for ("http", 192.168.0.14:8545)
[2m2025-12-10T10:08:58.159058Z[0m [34mDEBUG[0m [2methereum_transaction_pool_monitor::eth_client[0m[2m:[0m 📡 Transaction fetch RPC completed in 5.742875ms
[2m2025-12-10T10:08:58.159069Z[0m [34mDEBUG[0m [2methereum_transaction_pool_monitor::eth_client[0m[2m:[0m DeFi transaction detected - Address: 0xdac17f958d2ee523a2206206994597c13d831ec7, Type: Stablecoin, Value: 0 ETH, Gas: 127.50 Gwei
[2m2025-12-10T10:08:58.159078Z[0m [34mDEBUG[0m [2methereum_transaction_pool_monitor::eth_client[0m[2m:[0m ✅ Transaction 0x720d1e33183cb44b55f0fb667b82ffca6f90c509d1033f5db101a97f2f287291 fetched and parsed in 5.761959ms
[2m2025-12-10T10:08:58.159083Z[0m [34mDEBUG[0m [2methereum_transaction_pool_monitor::mempool_monitor[0m[2m:[0m 🔍 Skipping tx 0x720d1e33183cb44b55f0fb667b82ffca6f90c509d1033f5db101a97f2f287291 - not a DEX interaction (target: 0xdAC17F958D2ee523a2206206994597C13D831ec7)
[2m2025-12-10T10:08:58.159087Z[0m [34mDEBUG[0m [2methereum_transaction_pool_monitor::mempool_monitor[0m[2m:[0m 📨 Processing new pending transaction: 0xefbc6d2ec0eb97d398ae16cdc570202e938a4ea934ca4e10425ebbaa84aaf72b
[2m2025-12-10T10:08:58.159091Z[0m [34mDEBUG[0m [2methereum_transaction_pool_monitor::mempool_monitor[0m[2m:[0m 🔍 Fetching transaction details for: 0xefbc6d2ec0eb97d398ae16cdc570202e938a4ea934ca4e10425ebbaa84aaf72b
[2m2025-12-10T10:08:58.159094Z[0m [34mDEBUG[0m [2methereum_transaction_pool_monitor::eth_client[0m[2m:[0m 🔍 Fetching transaction details for hash: 0xefbc6d2ec0eb97d398ae16cdc570202e938a4ea934ca4e10425ebbaa84aaf72b
[2m2025-12-10T10:08:58.159101Z[0m [34mDEBUG[0m [2mhyper::client::pool[0m[2m:[0m reuse idle connection for ("http", 192.168.0.14:8545)
[2m2025-12-10T10:08:58.159115Z[0m [34mDEBUG[0m [2mhyper::proto::h1::io[0m[2m:[0m flushed 250 bytes
[2m2025-12-10T10:08:58.164774Z[0m [34mDEBUG[0m [2mhyper::proto::h1::io[0m[2m:[0m parsed 4 headers
[2m2025-12-10T10:08:58.166069Z[0m [34mDEBUG[0m [2mhyper::proto::h1::conn[0m[2m:[0m incoming body is content-length (646 bytes)
[2m2025-12-10T10:08:58.166078Z[0m [34mDEBUG[0m [2mhyper::proto::h1::conn[0m[2m:[0m incoming body completed
[2m2025-12-10T10:08:58.166089Z[0m [34mDEBUG[0m [2mhyper::client::pool[0m[2m:[0m pooling idle connection for ("http", 192.168.0.14:8545)
[2m2025-12-10T10:08:58.166098Z[0m [34mDEBUG[0m [2methereum_transaction_pool_monitor::eth_client[0m[2m:[0m 📡 Transaction fetch RPC completed in 6.999916ms
[2m2025-12-10T10:08:58.247199Z[0m [34mDEBUG[0m [2methereum_transaction_pool_monitor::eth_client[0m[2m:[0m ✅ Transaction 0xefbc6d2ec0eb97d398ae16cdc570202e938a4ea934ca4e10425ebbaa84aaf72b fetched and parsed in 88.098458ms
[2m2025-12-10T10:08:58.247223Z[0m [34mDEBUG[0m [2methereum_transaction_pool_monitor::mempool_monitor[0m[2m:[0m 🔍 Skipping tx 0xefbc6d2ec0eb97d398ae16cdc570202e938a4ea934ca4e10425ebbaa84aaf72b - not a DEX interaction (target: 0x30Af8B6Df798F166F7E1BEe0a05734a7a86bCb97)
[2m2025-12-10T10:08:58.247233Z[0m [34mDEBUG[0m [2methereum_transaction_pool_monitor::mempool_monitor[0m[2m:[0m 📨 Processing new pending transaction: 0x61485e169d08a92e09ea984f2fdbfe5d546932c25aca938aed529c8b06be1a32
[2m2025-12-10T10:08:58.247237Z[0m [34mDEBUG[0m [2methereum_transaction_pool_monitor::mempool_monitor[0m[2m:[0m 🔍 Fetching transaction details for: 0x61485e169d08a92e09ea984f2fdbfe5d546932c25aca938aed529c8b06be1a32
[2m2025-12-10T10:08:58.247241Z[0m [34mDEBUG[0m [2methereum_transaction_pool_monitor::eth_client[0m[2m:[0m 🔍 Fetching transaction details for hash: 0x61485e169d08a92e09ea984f2fdbfe5d546932c25aca938aed529c8b06be1a32
[2m2025-12-10T10:08:58.247267Z[0m [34mDEBUG[0m [2mhyper::client::pool[0m[2m:[0m reuse idle connection for ("http", 192.168.0.14:8545)
[2m2025-12-10T10:08:58.247331Z[0m [34mDEBUG[0m [2mhyper::proto::h1::io[0m[2m:[0m flushed 250 bytes
[2m2025-12-10T10:08:58.247475Z[0m [34mDEBUG[0m [2mhyper::client::pool[0m[2m:[0m reuse idle connection for ("http", 192.168.0.14:8545)
[2m2025-12-10T10:08:58.247541Z[0m [34mDEBUG[0m [2mhyper::proto::h1::io[0m[2m:[0m flushed 172 bytes
[2m2025-12-10T10:08:58.251311Z[0m [34mDEBUG[0m [2mhyper::proto::h1::io[0m[2m:[0m parsed 4 headers
[2m2025-12-10T10:08:58.251322Z[0m [34mDEBUG[0m [2mhyper::proto::h1::conn[0m[2m:[0m incoming body is content-length (832 bytes)
[2m2025-12-10T10:08:58.251331Z[0m [34mDEBUG[0m [2mhyper::proto::h1::conn[0m[2m:[0m incoming body completed
[2m2025-12-10T10:08:58.251344Z[0m [34mDEBUG[0m [2mhyper::client::pool[0m[2m:[0m pooling idle connection for ("http", 192.168.0.14:8545)
[2m2025-12-10T10:08:58.251351Z[0m [34mDEBUG[0m [2methereum_transaction_pool_monitor::eth_client[0m[2m:[0m 📡 Transaction fetch RPC completed in 4.106167ms
[2m2025-12-10T10:08:58.497944Z[0m [34mDEBUG[0m [2methereum_transaction_pool_monitor::eth_client[0m[2m:[0m ✅ Transaction 0x61485e169d08a92e09ea984f2fdbfe5d546932c25aca938aed529c8b06be1a32 fetched and parsed in 250.693ms
[2m2025-12-10T10:08:58.497990Z[0m [34mDEBUG[0m [2methereum_transaction_pool_monitor::mempool_monitor[0m[2m:[0m 🔍 Skipping tx 0x61485e169d08a92e09ea984f2fdbfe5d546932c25aca938aed529c8b06be1a32 - not a DEX interaction (target: 0x3B4D794a66304F130a4Db8F2551B0070dfCf5ca7)
[2m2025-12-10T10:08:58.498003Z[0m [34mDEBUG[0m [2methereum_transaction_pool_monitor::mempool_monitor[0m[2m:[0m 📨 Processing new pending transaction: 0x2f9c33662d416820ca0dd6d762ce99df773c97942d252af63382eae44c144dfd
[2m2025-12-10T10:08:58.498009Z[0m [34mDEBUG[0m [2methereum_transaction_pool_monitor::mempool_monitor[0m[2m:[0m 🔍 Fetching transaction details for: 0x2f9c33662d416820ca0dd6d762ce99df773c97942d252af63382eae44c144dfd
[2m2025-12-10T10:08:58.498013Z[0m [34mDEBUG[0m [2methereum_transaction_pool_monitor::eth_client[0m[2m:[0m 🔍 Fetching transaction details for hash: 0x2f9c33662d416820ca0dd6d762ce99df773c97942d252af63382eae44c144dfd
[2m2025-12-10T10:08:58.498047Z[0m [34mDEBUG[0m [2mhyper::client::pool[0m[2m:[0m reuse idle connection for ("http", 192.168.0.14:8545)
[2m2025-12-10T10:08:58.498152Z[0m [34mDEBUG[0m [2mhyper::proto::h1::io[0m[2m:[0m flushed 250 bytes
[2m2025-12-10T10:08:58.498187Z[0m [34mDEBUG[0m [2methereum_transaction_pool_monitor::eth_client[0m[2m:[0m 📨 Received WebSocket message: {"jsonrpc":"2.0","method":"eth_subscription","params":{"subscription":"0xbed0a0851463e895960a451075a301a9","result":"0x6a54c631a75ccdbdc69efa69501930653a131d3f2282d910d86a1e53d65ccbe5"}}
[2m2025-12-10T10:08:58.498200Z[0m [34mDEBUG[0m [2methereum_transaction_pool_monitor::eth_client[0m[2m:[0m 📨 Received pending transaction: 0x6a54c631a75ccdbdc69efa69501930653a131d3f2282d910d86a1e53d65ccbe5
[2m2025-12-10T10:08:58.498209Z[0m [34mDEBUG[0m [2methereum_transaction_pool_monitor::eth_client[0m[2m:[0m 📨 Received WebSocket message: {"jsonrpc":"2.0","method":"eth_subscription","params":{"subscription":"0xbed0a0851463e895960a451075a301a9","result":"0x3ff57b8c86b17098e2007f2e762dc5443507281e8ef034d09c99656a074c06f1"}}
[2m2025-12-10T10:08:58.498217Z[0m [34mDEBUG[0m [2methereum_transaction_pool_monitor::eth_client[0m[2m:[0m 📨 Received pending transaction: 0x3ff57b8c86b17098e2007f2e762dc5443507281e8ef034d09c99656a074c06f1
[2m2025-12-10T10:08:58.498226Z[0m [34mDEBUG[0m [2mhyper::proto::h1::io[0m[2m:[0m parsed 4 headers
[2m2025-12-10T10:08:58.498243Z[0m [34mDEBUG[0m [2mhyper::proto::h1::conn[0m[2m:[0m incoming body is content-length (45 bytes)
[2m2025-12-10T10:08:58.498252Z[0m [34mDEBUG[0m [2mhyper::proto::h1::conn[0m[2m:[0m incoming body completed
[2m2025-12-10T10:08:58.498264Z[0m [34mDEBUG[0m [2mhyper::client::pool[0m[2m:[0m pooling idle connection for ("http", 192.168.0.14:8545)
[2m2025-12-10T10:08:58.498290Z[0m [34mDEBUG[0m [2mhyper::client::pool[0m[2m:[0m reuse idle connection for ("http", 192.168.0.14:8545)
[2m2025-12-10T10:08:58.498316Z[0m [34mDEBUG[0m [2mhyper::proto::h1::io[0m[2m:[0m flushed 172 bytes
[2m2025-12-10T10:08:58.503184Z[0m [34mDEBUG[0m [2mhyper::proto::h1::io[0m[2m:[0m parsed 4 headers
[2m2025-12-10T10:08:58.503208Z[0m [34mDEBUG[0m [2mhyper::proto::h1::conn[0m[2m:[0m incoming body is content-length (45 bytes)
[2m2025-12-10T10:08:58.503219Z[0m [34mDEBUG[0m [2mhyper::proto::h1::conn[0m[2m:[0m incoming body completed
[2m2025-12-10T10:08:58.503236Z[0m [34mDEBUG[0m [2mhyper::client::pool[0m[2m:[0m pooling idle connection for ("http", 192.168.0.14:8545)
[2m2025-12-10T10:08:58.503280Z[0m [34mDEBUG[0m [2mhyper::client::pool[0m[2m:[0m reuse idle connection for ("http", 192.168.0.14:8545)
[2m2025-12-10T10:08:58.503332Z[0m [34mDEBUG[0m [2mhyper::proto::h1::io[0m[2m:[0m flushed 172 bytes
[2m2025-12-10T10:08:58.503747Z[0m [34mDEBUG[0m [2mhyper::proto::h1::io[0m[2m:[0m parsed 4 headers
[2m2025-12-10T10:08:58.503754Z[0m [34mDEBUG[0m [2mhyper::proto::h1::conn[0m[2m:[0m incoming body is content-length (681 bytes)
[2m2025-12-10T10:08:58.503759Z[0m [34mDEBUG[0m [2mhyper::proto::h1::conn[0m[2m:[0m incoming body completed
[2m2025-12-10T10:08:58.503765Z[0m [34mDEBUG[0m [2mhyper::client::pool[0m[2m:[0m pooling idle connection for ("http", 192.168.0.14:8545)
[2m2025-12-10T10:08:58.503771Z[0m [34mDEBUG[0m [2methereum_transaction_pool_monitor::eth_client[0m[2m:[0m 📡 Transaction fetch RPC completed in 5.753375ms
[2m2025-12-10T10:08:58.503790Z[0m [34mDEBUG[0m [2methereum_transaction_pool_monitor::eth_client[0m[2m:[0m DeFi transaction detected - Address: 0xdac17f958d2ee523a2206206994597c13d831ec7, Type: Stablecoin, Value: 0 ETH, Gas: 0.19 Gwei
[2m2025-12-10T10:08:58.503806Z[0m [34mDEBUG[0m [2methereum_transaction_pool_monitor::eth_client[0m[2m:[0m ✅ Transaction 0x2f9c33662d416820ca0dd6d762ce99df773c97942d252af63382eae44c144dfd fetched and parsed in 5.788792ms
[2m2025-12-10T10:08:58.503814Z[0m [34mDEBUG[0m [2methereum_transaction_pool_monitor::mempool_monitor[0m[2m:[0m 🔍 Skipping tx 0x2f9c33662d416820ca0dd6d762ce99df773c97942d252af63382eae44c144dfd - not a DEX interaction (target: 0xdAC17F958D2ee523a2206206994597C13D831ec7)
[2m2025-12-10T10:08:58.503822Z[0m [34mDEBUG[0m [2methereum_transaction_pool_monitor::mempool_monitor[0m[2m:[0m 📨 Processing new pending transaction: 0xf365ecec1172e6692d9be15fe6c4f32c3696d9f6022ba4ade7bf558ffb4cc312
[2m2025-12-10T10:08:58.503827Z[0m [34mDEBUG[0m [2methereum_transaction_pool_monitor::mempool_monitor[0m[2m:[0m 🔍 Fetching transaction details for: 0xf365ecec1172e6692d9be15fe6c4f32c3696d9f6022ba4ade7bf558ffb4cc312
[2m2025-12-10T10:08:58.503831Z[0m [34mDEBUG[0m [2methereum_transaction_pool_monitor::eth_client[0m[2m:[0m 🔍 Fetching transaction details for hash: 0xf365ecec1172e6692d9be15fe6c4f32c3696d9f6022ba4ade7bf558ffb4cc312
[2m2025-12-10T10:08:58.503843Z[0m [34mDEBUG[0m [2mhyper::client::pool[0m[2m:[0m reuse idle connection for ("http", 192.168.0.14:8545)
[2m2025-12-10T10:08:58.503860Z[0m [34mDEBUG[0m [2mhyper::proto::h1::io[0m[2m:[0m flushed 250 bytes
[2m2025-12-10T10:08:58.508991Z[0m [34mDEBUG[0m [2mhyper::proto::h1::io[0m[2m:[0m parsed 4 headers
[2m2025-12-10T10:08:58.509000Z[0m [34mDEBUG[0m [2mhyper::proto::h1::conn[0m[2m:[0m incoming body is content-length (45 bytes)
[2m2025-12-10T10:08:58.509006Z[0m [34mDEBUG[0m [2mhyper::proto::h1::conn[0m[2m:[0m incoming body completed
[2m2025-12-10T10:08:58.509014Z[0m [34mDEBUG[0m [2mhyper::client::pool[0m[2m:[0m pooling idle connection for ("http", 192.168.0.14:8545)
[2m2025-12-10T10:08:58.509032Z[0m [34mDEBUG[0m [2mhyper::client::pool[0m[2m:[0m reuse idle connection for ("http", 192.168.0.14:8545)
[2m2025-12-10T10:08:58.509051Z[0m [34mDEBUG[0m [2mhyper::proto::h1::io[0m[2m:[0m flushed 172 bytes
[2m2025-12-10T10:08:58.512857Z[0m [34mDEBUG[0m [2mhyper::proto::h1::io[0m[2m:[0m parsed 4 headers
[2m2025-12-10T10:08:58.512867Z[0m [34mDEBUG[0m [2mhyper::proto::h1::conn[0m[2m:[0m incoming body is content-length (45 bytes)
[2m2025-12-10T10:08:58.512873Z[0m [34mDEBUG[0m [2mhyper::proto::h1::conn[0m[2m:[0m incoming body completed
[2m2025-12-10T10:08:58.512881Z[0m [34mDEBUG[0m [2mhyper::client::pool[0m[2m:[0m pooling idle connection for ("http", 192.168.0.14:8545)
[2m2025-12-10T10:08:58.515703Z[0m [34mDEBUG[0m [2mhyper::proto::h1::io[0m[2m:[0m parsed 4 headers
[2m2025-12-10T10:08:58.515713Z[0m [34mDEBUG[0m [2mhyper::proto::h1::conn[0m[2m:[0m incoming body is content-length (644 bytes)
[2m2025-12-10T10:08:58.515719Z[0m [34mDEBUG[0m [2mhyper::proto::h1::conn[0m[2m:[0m incoming body completed
[2m2025-12-10T10:08:58.515726Z[0m [34mDEBUG[0m [2mhyper::client::pool[0m[2m:[0m pooling idle connection for ("http", 192.168.0.14:8545)
[2m2025-12-10T10:08:58.515731Z[0m [34mDEBUG[0m [2methereum_transaction_pool_monitor::eth_client[0m[2m:[0m 📡 Transaction fetch RPC completed in 11.894958ms
[2m2025-12-10T10:08:58.628776Z[0m [34mDEBUG[0m [2methereum_transaction_pool_monitor::eth_client[0m[2m:[0m ✅ Transaction 0xf365ecec1172e6692d9be15fe6c4f32c3696d9f6022ba4ade7bf558ffb4cc312 fetched and parsed in 124.935167ms
[2m2025-12-10T10:08:58.628805Z[0m [34mDEBUG[0m [2methereum_transaction_pool_monitor::mempool_monitor[0m[2m:[0m 🔍 Skipping tx 0xf365ecec1172e6692d9be15fe6c4f32c3696d9f6022ba4ade7bf558ffb4cc312 - not a DEX interaction (target: 0x17E5545B11b468072283Cee1F066a059Fb0dbF24)
[2m2025-12-10T10:08:58.628815Z[0m [34mDEBUG[0m [2methereum_transaction_pool_monitor::mempool_monitor[0m[2m:[0m 📨 Processing new pending transaction: 0xe2d531e209819d2418de5b9e2f5511be718318a4021c9caeb1cfdff46b47fe1a
[2m2025-12-10T10:08:58.628820Z[0m [34mDEBUG[0m [2methereum_transaction_pool_monitor::mempool_monitor[0m[2m:[0m 🔍 Fetching transaction details for: 0xe2d531e209819d2418de5b9e2f5511be718318a4021c9caeb1cfdff46b47fe1a
[2m2025-12-10T10:08:58.628824Z[0m [34mDEBUG[0m [2methereum_transaction_pool_monitor::eth_client[0m[2m:[0m 🔍 Fetching transaction details for hash: 0xe2d531e209819d2418de5b9e2f5511be718318a4021c9caeb1cfdff46b47fe1a
[2m2025-12-10T10:08:58.628852Z[0m [34mDEBUG[0m [2mhyper::client::pool[0m[2m:[0m reuse idle connection for ("http", 192.168.0.14:8545)
[2m2025-12-10T10:08:58.628928Z[0m [34mDEBUG[0m [2mhyper::proto::h1::io[0m[2m:[0m flushed 250 bytes
[2m2025-12-10T10:08:58.628982Z[0m [34mDEBUG[0m [2mhyper::client::pool[0m[2m:[0m reuse idle connection for ("http", 192.168.0.14:8545)
[2m2025-12-10T10:08:58.629041Z[0m [34mDEBUG[0m [2mhyper::proto::h1::io[0m[2m:[0m flushed 172 bytes
[2m2025-12-10T10:08:58.635909Z[0m [34mDEBUG[0m [2mhyper::proto::h1::io[0m[2m:[0m parsed 4 headers
[2m2025-12-10T10:08:58.635946Z[0m [34mDEBUG[0m [2mhyper::proto::h1::conn[0m[2m:[0m incoming body is content-length (905 bytes)
[2m2025-12-10T10:08:58.635963Z[0m [34mDEBUG[0m [2mhyper::proto::h1::conn[0m[2m:[0m incoming body completed
[2m2025-12-10T10:08:58.635984Z[0m [34mDEBUG[0m [2mhyper::client::pool[0m[2m:[0m pooling idle connection for ("http", 192.168.0.14:8545)
[2m2025-12-10T10:08:58.636002Z[0m [34mDEBUG[0m [2methereum_transaction_pool_monitor::eth_client[0m[2m:[0m 📡 Transaction fetch RPC completed in 7.174334ms
[2m2025-12-10T10:08:58.733187Z[0m [34mDEBUG[0m [2methereum_transaction_pool_monitor::eth_client[0m[2m:[0m ✅ Transaction 0xe2d531e209819d2418de5b9e2f5511be718318a4021c9caeb1cfdff46b47fe1a fetched and parsed in 104.356334ms
[2m2025-12-10T10:08:58.733209Z[0m [34mDEBUG[0m [2methereum_transaction_pool_monitor::mempool_monitor[0m[2m:[0m 🔍 Skipping tx 0xe2d531e209819d2418de5b9e2f5511be718318a4021c9caeb1cfdff46b47fe1a - not a DEX interaction (target: 0xFf00000000000000000000000000000000008453)
[2m2025-12-10T10:08:58.733217Z[0m [34mDEBUG[0m [2methereum_transaction_pool_monitor::mempool_monitor[0m[2m:[0m 📨 Processing new pending transaction: 0x45ba65ea5ffc7841e7f57f19b5e15210bab0a255239d833ecb7a173192d3e2ff
[2m2025-12-10T10:08:58.733221Z[0m [34mDEBUG[0m [2methereum_transaction_pool_monitor::mempool_monitor[0m[2m:[0m 🔍 Fetching transaction details for: 0x45ba65ea5ffc7841e7f57f19b5e15210bab0a255239d833ecb7a173192d3e2ff
[2m2025-12-10T10:08:58.733225Z[0m [34mDEBUG[0m [2methereum_transaction_pool_monitor::eth_client[0m[2m:[0m 🔍 Fetching transaction details for hash: 0x45ba65ea5ffc7841e7f57f19b5e15210bab0a255239d833ecb7a173192d3e2ff
[2m2025-12-10T10:08:58.733249Z[0m [34mDEBUG[0m [2mhyper::client::pool[0m[2m:[0m reuse idle connection for ("http", 192.168.0.14:8545)
[2m2025-12-10T10:08:58.733311Z[0m [34mDEBUG[0m [2mhyper::proto::h1::io[0m[2m:[0m flushed 250 bytes
[2m2025-12-10T10:08:58.733329Z[0m [34mDEBUG[0m [2mhyper::proto::h1::io[0m[2m:[0m parsed 4 headers
[2m2025-12-10T10:08:58.733333Z[0m [34mDEBUG[0m [2mhyper::proto::h1::conn[0m[2m:[0m incoming body is content-length (45 bytes)
[2m2025-12-10T10:08:58.733340Z[0m [34mDEBUG[0m [2mhyper::proto::h1::conn[0m[2m:[0m incoming body completed
[2m2025-12-10T10:08:58.733348Z[0m [34mDEBUG[0m [2mhyper::client::pool[0m[2m:[0m pooling idle connection for ("http", 192.168.0.14:8545)
[2m2025-12-10T10:08:58.733366Z[0m [34mDEBUG[0m [2mhyper::client::pool[0m[2m:[0m reuse idle connection for ("http", 192.168.0.14:8545)
[2m2025-12-10T10:08:58.733384Z[0m [34mDEBUG[0m [2mhyper::proto::h1::io[0m[2m:[0m flushed 172 bytes
[2m2025-12-10T10:08:58.738793Z[0m [34mDEBUG[0m [2mhyper::proto::h1::io[0m[2m:[0m parsed 4 headers
[2m2025-12-10T10:08:58.738819Z[0m [34mDEBUG[0m [2mhyper::proto::h1::conn[0m[2m:[0m incoming body is content-length (45 bytes)
[2m2025-12-10T10:08:58.738831Z[0m [34mDEBUG[0m [2mhyper::proto::h1::conn[0m[2m:[0m incoming body completed
[2m2025-12-10T10:08:58.738850Z[0m [34mDEBUG[0m [2mhyper::client::pool[0m[2m:[0m pooling idle connection for ("http", 192.168.0.14:8545)
[2m2025-12-10T10:08:58.740003Z[0m [34mDEBUG[0m [2mhyper::proto::h1::io[0m[2m:[0m parsed 4 headers
[2m2025-12-10T10:08:58.740010Z[0m [34mDEBUG[0m [2mhyper::proto::h1::conn[0m[2m:[0m incoming body is content-length (778 bytes)
[2m2025-12-10T10:08:58.740016Z[0m [34mDEBUG[0m [2mhyper::proto::h1::conn[0m[2m:[0m incoming body completed
[2m2025-12-10T10:08:58.740024Z[0m [34mDEBUG[0m [2mhyper::client::pool[0m[2m:[0m pooling idle connection for ("http", 192.168.0.14:8545)
[2m2025-12-10T10:08:58.740030Z[0m [34mDEBUG[0m [2methereum_transaction_pool_monitor::eth_client[0m[2m:[0m 📡 Transaction fetch RPC completed in 6.801083ms
[2m2025-12-10T10:08:58.740046Z[0m [34mDEBUG[0m [2methereum_transaction_pool_monitor::eth_client[0m[2m:[0m DeFi transaction detected - Address: 0xdac17f958d2ee523a2206206994597c13d831ec7, Type: Stablecoin, Value: 0 ETH, Gas: 127.50 Gwei
[2m2025-12-10T10:08:58.740059Z[0m [34mDEBUG[0m [2methereum_transaction_pool_monitor::eth_client[0m[2m:[0m ✅ Transaction 0x45ba65ea5ffc7841e7f57f19b5e15210bab0a255239d833ecb7a173192d3e2ff fetched and parsed in 6.830167ms
[2m2025-12-10T10:08:58.740065Z[0m [34mDEBUG[0m [2methereum_transaction_pool_monitor::mempool_monitor[0m[2m:[0m 🔍 Skipping tx 0x45ba65ea5ffc7841e7f57f19b5e15210bab0a255239d833ecb7a173192d3e2ff - not a DEX interaction (target: 0xdAC17F958D2ee523a2206206994597C13D831ec7)
[2m2025-12-10T10:08:58.740072Z[0m [34mDEBUG[0m [2methereum_transaction_pool_monitor::mempool_monitor[0m[2m:[0m 📨 Processing new pending transaction: 0x8366a790280fe1e892b2efe9eaddc5020a233905a2b89a1330141503ac35b997
[2m2025-12-10T10:08:58.740075Z[0m [34mDEBUG[0m [2methereum_transaction_pool_monitor::mempool_monitor[0m[2m:[0m 🔍 Fetching transaction details for: 0x8366a790280fe1e892b2efe9eaddc5020a233905a2b89a1330141503ac35b997
[2m2025-12-10T10:08:58.740078Z[0m [34mDEBUG[0m [2methereum_transaction_pool_monitor::eth_client[0m[2m:[0m 🔍 Fetching transaction details for hash: 0x8366a790280fe1e892b2efe9eaddc5020a233905a2b89a1330141503ac35b997
[2m2025-12-10T10:08:58.740096Z[0m [34mDEBUG[0m [2mhyper::client::pool[0m[2m:[0m reuse idle connection for ("http", 192.168.0.14:8545)
[2m2025-12-10T10:08:58.740127Z[0m [34mDEBUG[0m [2mhyper::proto::h1::io[0m[2m:[0m flushed 250 bytes
[2m2025-12-10T10:08:58.751051Z[0m [34mDEBUG[0m [2mhyper::proto::h1::io[0m[2m:[0m parsed 4 headers
[2m2025-12-10T10:08:58.751078Z[0m [34mDEBUG[0m [2mhyper::proto::h1::conn[0m[2m:[0m incoming body is content-length (772 bytes)
[2m2025-12-10T10:08:58.751096Z[0m [34mDEBUG[0m [2mhyper::proto::h1::conn[0m[2m:[0m incoming body completed
[2m2025-12-10T10:08:58.751120Z[0m [34mDEBUG[0m [2mhyper::client::pool[0m[2m:[0m pooling idle connection for ("http", 192.168.0.14:8545)
[2m2025-12-10T10:08:58.751149Z[0m [34mDEBUG[0m [2methereum_transaction_pool_monitor::eth_client[0m[2m:[0m 📡 Transaction fetch RPC completed in 11.065375ms
[2m2025-12-10T10:08:58.751189Z[0m [34mDEBUG[0m [2methereum_transaction_pool_monitor::eth_client[0m[2m:[0m DeFi transaction detected - Address: 0xdac17f958d2ee523a2206206994597c13d831ec7, Type: Stablecoin, Value: 0 ETH, Gas: 0.77 Gwei
[2m2025-12-10T10:08:58.751215Z[0m [34mDEBUG[0m [2methereum_transaction_pool_monitor::eth_client[0m[2m:[0m ✅ Transaction 0x8366a790280fe1e892b2efe9eaddc5020a233905a2b89a1330141503ac35b997 fetched and parsed in 11.13325ms
[2m2025-12-10T10:08:58.751230Z[0m [34mDEBUG[0m [2methereum_transaction_pool_monitor::mempool_monitor[0m[2m:[0m 🔍 Skipping tx 0x8366a790280fe1e892b2efe9eaddc5020a233905a2b89a1330141503ac35b997 - not a DEX interaction (target: 0xdAC17F958D2ee523a2206206994597C13D831ec7)
[2m2025-12-10T10:08:58.751248Z[0m [34mDEBUG[0m [2methereum_transaction_pool_monitor::mempool_monitor[0m[2m:[0m 📨 Processing new pending transaction: 0x2cf0bc07474e0d848948ac1442309ff6a951f9d97f6008887541a1693e72c552
[2m2025-12-10T10:08:58.751257Z[0m [34mDEBUG[0m [2methereum_transaction_pool_monitor::mempool_monitor[0m[2m:[0m 🔍 Fetching transaction details for: 0x2cf0bc07474e0d848948ac1442309ff6a951f9d97f6008887541a1693e72c552
[2m2025-12-10T10:08:58.751265Z[0m [34mDEBUG[0m [2methereum_transaction_pool_monitor::eth_client[0m[2m:[0m 🔍 Fetching transaction details for hash: 0x2cf0bc07474e0d848948ac1442309ff6a951f9d97f6008887541a1693e72c552
[2m2025-12-10T10:08:58.751298Z[0m [34mDEBUG[0m [2mhyper::client::pool[0m[2m:[0m reuse idle connection for ("http", 192.168.0.14:8545)
[2m2025-12-10T10:08:58.751360Z[0m [34mDEBUG[0m [2mhyper::proto::h1::io[0m[2m:[0m flushed 250 bytes
[2m2025-12-10T10:08:58.757389Z[0m [34mDEBUG[0m [2mhyper::proto::h1::io[0m[2m:[0m parsed 4 headers
[2m2025-12-10T10:08:58.757434Z[0m [34mDEBUG[0m [2mhyper::proto::h1::conn[0m[2m:[0m incoming body is content-length (779 bytes)
[2m2025-12-10T10:08:58.757453Z[0m [34mDEBUG[0m [2mhyper::proto::h1::conn[0m[2m:[0m incoming body completed
[2m2025-12-10T10:08:58.757477Z[0m [34mDEBUG[0m [2mhyper::client::pool[0m[2m:[0m pooling idle connection for ("http", 192.168.0.14:8545)
[2m2025-12-10T10:08:58.757495Z[0m [34mDEBUG[0m [2methereum_transaction_pool_monitor::eth_client[0m[2m:[0m 📡 Transaction fetch RPC completed in 6.222292ms
[2m2025-12-10T10:08:58.857017Z[0m [34mDEBUG[0m [2methereum_transaction_pool_monitor::eth_client[0m[2m:[0m ✅ Transaction 0x2cf0bc07474e0d848948ac1442309ff6a951f9d97f6008887541a1693e72c552 fetched and parsed in 105.740208ms
[2m2025-12-10T10:08:58.857039Z[0m [34mDEBUG[0m [2methereum_transaction_pool_monitor::mempool_monitor[0m[2m:[0m 🔍 Skipping tx 0x2cf0bc07474e0d848948ac1442309ff6a951f9d97f6008887541a1693e72c552 - not a DEX interaction (target: 0xA0b86991c6218b36c1d19D4a2e9Eb0cE3606eB48)
[2m2025-12-10T10:08:58.857050Z[0m [34mDEBUG[0m [2methereum_transaction_pool_monitor::mempool_monitor[0m[2m:[0m 📨 Processing new pending transaction: 0xa9a1fc209d30bed3c7bd1b6bc18ee363f11404dfd10499c901f91de096241619
[2m2025-12-10T10:08:58.857054Z[0m [34mDEBUG[0m [2methereum_transaction_pool_monitor::mempool_monitor[0m[2m:[0m 🔍 Fetching transaction details for: 0xa9a1fc209d30bed3c7bd1b6bc18ee363f11404dfd10499c901f91de096241619
[2m2025-12-10T10:08:58.857058Z[0m [34mDEBUG[0m [2methereum_transaction_pool_monitor::eth_client[0m[2m:[0m 🔍 Fetching transaction details for hash: 0xa9a1fc209d30bed3c7bd1b6bc18ee363f11404dfd10499c901f91de096241619
[2m2025-12-10T10:08:58.857082Z[0m [34mDEBUG[0m [2mhyper::client::pool[0m[2m:[0m reuse idle connection for ("http", 192.168.0.14:8545)
[2m2025-12-10T10:08:58.857142Z[0m [34mDEBUG[0m [2mhyper::proto::h1::io[0m[2m:[0m flushed 250 bytes
[2m2025-12-10T10:08:58.857170Z[0m [34mDEBUG[0m [2mhyper::client::pool[0m[2m:[0m reuse idle connection for ("http", 192.168.0.14:8545)
[2m2025-12-10T10:08:58.857186Z[0m [34mDEBUG[0m [2mhyper::proto::h1::io[0m[2m:[0m flushed 172 bytes
[2m2025-12-10T10:08:58.861138Z[0m [34mDEBUG[0m [2mhyper::proto::h1::io[0m[2m:[0m parsed 4 headers
[2m2025-12-10T10:08:58.861147Z[0m [34mDEBUG[0m [2mhyper::proto::h1::conn[0m[2m:[0m incoming body is content-length (45 bytes)
[2m2025-12-10T10:08:58.861156Z[0m [34mDEBUG[0m [2mhyper::proto::h1::conn[0m[2m:[0m incoming body completed
[2m2025-12-10T10:08:58.861167Z[0m [34mDEBUG[0m [2mhyper::client::pool[0m[2m:[0m pooling idle connection for ("http", 192.168.0.14:8545)
[2m2025-12-10T10:08:58.864806Z[0m [34mDEBUG[0m [2mhyper::proto::h1::io[0m[2m:[0m parsed 4 headers
[2m2025-12-10T10:08:58.864830Z[0m [34mDEBUG[0m [2mhyper::proto::h1::conn[0m[2m:[0m incoming body is content-length (832 bytes)
[2m2025-12-10T10:08:58.864840Z[0m [34mDEBUG[0m [2mhyper::proto::h1::conn[0m[2m:[0m incoming body completed
[2m2025-12-10T10:08:58.864853Z[0m [34mDEBUG[0m [2mhyper::client::pool[0m[2m:[0m pooling idle connection for ("http", 192.168.0.14:8545)
[2m2025-12-10T10:08:58.864861Z[0m [34mDEBUG[0m [2methereum_transaction_pool_monitor::eth_client[0m[2m:[0m 📡 Transaction fetch RPC completed in 7.79975ms
[2m2025-12-10T10:08:58.956024Z[0m [34mDEBUG[0m [2methereum_transaction_pool_monitor::eth_client[0m[2m:[0m ✅ Transaction 0xa9a1fc209d30bed3c7bd1b6bc18ee363f11404dfd10499c901f91de096241619 fetched and parsed in 98.958417ms
[2m2025-12-10T10:08:58.956056Z[0m [34mDEBUG[0m [2methereum_transaction_pool_monitor::mempool_monitor[0m[2m:[0m 🔍 Skipping tx 0xa9a1fc209d30bed3c7bd1b6bc18ee363f11404dfd10499c901f91de096241619 - not a DEX interaction (target: 0x3B4D794a66304F130a4Db8F2551B0070dfCf5ca7)
[2m2025-12-10T10:08:58.956067Z[0m [34mDEBUG[0m [2methereum_transaction_pool_monitor::mempool_monitor[0m[2m:[0m 📨 Processing new pending transaction: 0x4c94b80ea3969ecf26ca201cc7db99c6d538cd07e56b254c460c7f342a61ce59
[2m2025-12-10T10:08:58.956073Z[0m [34mDEBUG[0m [2methereum_transaction_pool_monitor::mempool_monitor[0m[2m:[0m 🔍 Fetching transaction details for: 0x4c94b80ea3969ecf26ca201cc7db99c6d538cd07e56b254c460c7f342a61ce59
[2m2025-12-10T10:08:58.956077Z[0m [34mDEBUG[0m [2methereum_transaction_pool_monitor::eth_client[0m[2m:[0m 🔍 Fetching transaction details for hash: 0x4c94b80ea3969ecf26ca201cc7db99c6d538cd07e56b254c460c7f342a61ce59
[2m2025-12-10T10:08:58.956106Z[0m [34mDEBUG[0m [2mhyper::client::pool[0m[2m:[0m reuse idle connection for ("http", 192.168.0.14:8545)
[2m2025-12-10T10:08:58.956186Z[0m [34mDEBUG[0m [2mhyper::proto::h1::io[0m[2m:[0m flushed 250 bytes
[2m2025-12-10T10:08:58.956208Z[0m [34mDEBUG[0m [2mhyper::client::pool[0m[2m:[0m reuse idle connection for ("http", 192.168.0.14:8545)
[2m2025-12-10T10:08:58.956214Z[0m [34mDEBUG[0m [2methereum_transaction_pool_monitor::eth_client[0m[2m:[0m 📨 Received WebSocket message: {"jsonrpc":"2.0","method":"eth_subscription","params":{"subscription":"0xbed0a0851463e895960a451075a301a9","result":"0x7cc05a1568f2716f88e163ea282a339c859a989dcb7cb71fc4f58e466f29c941"}}
[2m2025-12-10T10:08:58.956226Z[0m [34mDEBUG[0m [2methereum_transaction_pool_monitor::eth_client[0m[2m:[0m 📨 Received pending transaction: 0x7cc05a1568f2716f88e163ea282a339c859a989dcb7cb71fc4f58e466f29c941
[2m2025-12-10T10:08:58.956228Z[0m [34mDEBUG[0m [2mhyper::proto::h1::io[0m[2m:[0m flushed 172 bytes
[2m2025-12-10T10:08:58.956231Z[0m [32m INFO[0m [2methereum_transaction_pool_monitor::eth_client[0m[2m:[0m 📊 WebSocket stats - Total: 824 transactions, Rate: 13.5 tx/s
[2m2025-12-10T10:08:58.960574Z[0m [34mDEBUG[0m [2mhyper::proto::h1::io[0m[2m:[0m parsed 4 headers
[2m2025-12-10T10:08:58.960590Z[0m [34mDEBUG[0m [2mhyper::proto::h1::conn[0m[2m:[0m incoming body is content-length (45 bytes)
[2m2025-12-10T10:08:58.960599Z[0m [34mDEBUG[0m [2mhyper::proto::h1::conn[0m[2m:[0m incoming body completed
[2m2025-12-10T10:08:58.960611Z[0m [34mDEBUG[0m [2mhyper::client::pool[0m[2m:[0m pooling idle connection for ("http", 192.168.0.14:8545)
[2m2025-12-10T10:08:58.961195Z[0m [34mDEBUG[0m [2mhyper::proto::h1::io[0m[2m:[0m parsed 4 headers
[2m2025-12-10T10:08:58.961205Z[0m [34mDEBUG[0m [2mhyper::proto::h1::conn[0m[2m:[0m incoming body is content-length (832 bytes)
[2m2025-12-10T10:08:58.961212Z[0m [34mDEBUG[0m [2mhyper::proto::h1::conn[0m[2m:[0m incoming body completed
[2m2025-12-10T10:08:58.961221Z[0m [34mDEBUG[0m [2mhyper::client::pool[0m[2m:[0m pooling idle connection for ("http", 192.168.0.14:8545)
[2m2025-12-10T10:08:58.961229Z[0m [34mDEBUG[0m [2methereum_transaction_pool_monitor::eth_client[0m[2m:[0m 📡 Transaction fetch RPC completed in 5.148167ms
[2m2025-12-10T10:08:59.048835Z[0m [34mDEBUG[0m [2methereum_transaction_pool_monitor::eth_client[0m[2m:[0m ✅ Transaction 0x4c94b80ea3969ecf26ca201cc7db99c6d538cd07e56b254c460c7f342a61ce59 fetched and parsed in 92.750209ms
[2m2025-12-10T10:08:59.048856Z[0m [34mDEBUG[0m [2methereum_transaction_pool_monitor::mempool_monitor[0m[2m:[0m 🔍 Skipping tx 0x4c94b80ea3969ecf26ca201cc7db99c6d538cd07e56b254c460c7f342a61ce59 - not a DEX interaction (target: 0x3B4D794a66304F130a4Db8F2551B0070dfCf5ca7)
[2m2025-12-10T10:08:59.048867Z[0m [34mDEBUG[0m [2methereum_transaction_pool_monitor::mempool_monitor[0m[2m:[0m 📨 Processing new pending transaction: 0x8db64e58be3da21161a9c8ee069549491384683993cbe564399668e682c7c11b
[2m2025-12-10T10:08:59.048871Z[0m [34mDEBUG[0m [2methereum_transaction_pool_monitor::mempool_monitor[0m[2m:[0m 🔍 Fetching transaction details for: 0x8db64e58be3da21161a9c8ee069549491384683993cbe564399668e682c7c11b
[2m2025-12-10T10:08:59.048875Z[0m [34mDEBUG[0m [2methereum_transaction_pool_monitor::eth_client[0m[2m:[0m 🔍 Fetching transaction details for hash: 0x8db64e58be3da21161a9c8ee069549491384683993cbe564399668e682c7c11b
[2m2025-12-10T10:08:59.048901Z[0m [34mDEBUG[0m [2mhyper::client::pool[0m[2m:[0m reuse idle connection for ("http", 192.168.0.14:8545)
[2m2025-12-10T10:08:59.048936Z[0m [34mDEBUG[0m [2mhyper::proto::h1::io[0m[2m:[0m flushed 250 bytes
[2m2025-12-10T10:08:59.048964Z[0m [34mDEBUG[0m [2mhyper::client::pool[0m[2m:[0m reuse idle connection for ("http", 192.168.0.14:8545)
[2m2025-12-10T10:08:59.048979Z[0m [34mDEBUG[0m [2mhyper::proto::h1::io[0m[2m:[0m flushed 172 bytes
[2m2025-12-10T10:08:59.060680Z[0m [34mDEBUG[0m [2mhyper::proto::h1::io[0m[2m:[0m parsed 4 headers
[2m2025-12-10T10:08:59.060713Z[0m [34mDEBUG[0m [2mhyper::proto::h1::conn[0m[2m:[0m incoming body is content-length (1731 bytes)
[2m2025-12-10T10:08:59.060724Z[0m [34mDEBUG[0m [2mhyper::proto::h1::conn[0m[2m:[0m incoming body completed
[2m2025-12-10T10:08:59.060741Z[0m [34mDEBUG[0m [2mhyper::client::pool[0m[2m:[0m pooling idle connection for ("http", 192.168.0.14:8545)
[2m2025-12-10T10:08:59.060750Z[0m [34mDEBUG[0m [2methereum_transaction_pool_monitor::eth_client[0m[2m:[0m 📡 Transaction fetch RPC completed in 11.869834ms
[2m2025-12-10T10:08:59.153252Z[0m [34mDEBUG[0m [2methereum_transaction_pool_monitor::eth_client[0m[2m:[0m ✅ Transaction 0x8db64e58be3da21161a9c8ee069549491384683993cbe564399668e682c7c11b fetched and parsed in 104.367917ms
[2m2025-12-10T10:08:59.153278Z[0m [34mDEBUG[0m [2methereum_transaction_pool_monitor::mempool_monitor[0m[2m:[0m 🔍 Skipping tx 0x8db64e58be3da21161a9c8ee069549491384683993cbe564399668e682c7c11b - not a DEX interaction (target: 0x601a2aD6CB5949f0529735254189Ba3194221EDF)
[2m2025-12-10T10:08:59.153288Z[0m [34mDEBUG[0m [2methereum_transaction_pool_monitor::mempool_monitor[0m[2m:[0m 📨 Processing new pending transaction: 0x7f2378f830719941130c173645d12821a93986cbea66037051420ff6b350ce7d
[2m2025-12-10T10:08:59.153292Z[0m [34mDEBUG[0m [2methereum_transaction_pool_monitor::mempool_monitor[0m[2m:[0m 🔍 Fetching transaction details for: 0x7f2378f830719941130c173645d12821a93986cbea66037051420ff6b350ce7d
[2m2025-12-10T10:08:59.153296Z[0m [34mDEBUG[0m [2methereum_transaction_pool_monitor::eth_client[0m[2m:[0m 🔍 Fetching transaction details for hash: 0x7f2378f830719941130c173645d12821a93986cbea66037051420ff6b350ce7d
[2m2025-12-10T10:08:59.153321Z[0m [34mDEBUG[0m [2mhyper::client::pool[0m[2m:[0m reuse idle connection for ("http", 192.168.0.14:8545)
[2m2025-12-10T10:08:59.153396Z[0m [34mDEBUG[0m [2mhyper::proto::h1::io[0m[2m:[0m flushed 250 bytes
[2m2025-12-10T10:08:59.153429Z[0m [34mDEBUG[0m [2mhyper::proto::h1::io[0m[2m:[0m parsed 4 headers
[2m2025-12-10T10:08:59.153430Z[0m [34mDEBUG[0m [2methereum_transaction_pool_monitor::eth_client[0m[2m:[0m 📨 Received WebSocket message: {"jsonrpc":"2.0","method":"eth_subscription","params":{"subscription":"0xbed0a0851463e895960a451075a301a9","result":"0x4395caca04264878364b250eeb76da26390edb1cfd8692f1a19217ff0791fc64"}}
[2m2025-12-10T10:08:59.153439Z[0m [34mDEBUG[0m [2mhyper::proto::h1::conn[0m[2m:[0m incoming body is content-length (45 bytes)
[2m2025-12-10T10:08:59.153450Z[0m [34mDEBUG[0m [2methereum_transaction_pool_monitor::eth_client[0m[2m:[0m 📨 Received pending transaction: 0x4395caca04264878364b250eeb76da26390edb1cfd8692f1a19217ff0791fc64
[2m2025-12-10T10:08:59.153456Z[0m [34mDEBUG[0m [2mhyper::proto::h1::conn[0m[2m:[0m incoming body completed
[2m2025-12-10T10:08:59.153495Z[0m [34mDEBUG[0m [2mhyper::client::pool[0m[2m:[0m pooling idle connection for ("http", 192.168.0.14:8545)
[2m2025-12-10T10:08:59.153530Z[0m [34mDEBUG[0m [2mhyper::client::pool[0m[2m:[0m reuse idle connection for ("http", 192.168.0.14:8545)
[2m2025-12-10T10:08:59.153550Z[0m [34mDEBUG[0m [2mhyper::proto::h1::io[0m[2m:[0m flushed 172 bytes
[2m2025-12-10T10:08:59.159177Z[0m [34mDEBUG[0m [2mhyper::proto::h1::io[0m[2m:[0m parsed 4 headers
[2m2025-12-10T10:08:59.159226Z[0m [34mDEBUG[0m [2mhyper::proto::h1::conn[0m[2m:[0m incoming body is content-length (764 bytes)
[2m2025-12-10T10:08:59.159261Z[0m [34mDEBUG[0m [2mhyper::proto::h1::conn[0m[2m:[0m incoming body completed
[2m2025-12-10T10:08:59.159290Z[0m [34mDEBUG[0m [2mhyper::client::pool[0m[2m:[0m pooling idle connection for ("http", 192.168.0.14:8545)
[2m2025-12-10T10:08:59.159315Z[0m [34mDEBUG[0m [2methereum_transaction_pool_monitor::eth_client[0m[2m:[0m 📡 Transaction fetch RPC completed in 6.014625ms
[2m2025-12-10T10:08:59.289385Z[0m [34mDEBUG[0m [2methereum_transaction_pool_monitor::eth_client[0m[2m:[0m ✅ Transaction 0x7f2378f830719941130c173645d12821a93986cbea66037051420ff6b350ce7d fetched and parsed in 136.079667ms
[2m2025-12-10T10:08:59.289435Z[0m [34mDEBUG[0m [2methereum_transaction_pool_monitor::mempool_monitor[0m[2m:[0m 🔍 Skipping tx 0x7f2378f830719941130c173645d12821a93986cbea66037051420ff6b350ce7d - not a DEX interaction (target: 0x6De037ef9aD2725EB40118Bb1702EBb27e4Aeb24)
[2m2025-12-10T10:08:59.289474Z[0m [34mDEBUG[0m [2methereum_transaction_pool_monitor::mempool_monitor[0m[2m:[0m 📨 Processing new pending transaction: 0xa30f62b9af4b4e468bb9fe9c923e602af53a05dbe0377c837187a8d8971cfb57
[2m2025-12-10T10:08:59.289485Z[0m [34mDEBUG[0m [2methereum_transaction_pool_monitor::mempool_monitor[0m[2m:[0m 🔍 Fetching transaction details for: 0xa30f62b9af4b4e468bb9fe9c923e602af53a05dbe0377c837187a8d8971cfb57
[2m2025-12-10T10:08:59.289502Z[0m [34mDEBUG[0m [2methereum_transaction_pool_monitor::eth_client[0m[2m:[0m 🔍 Fetching transaction details for hash: 0xa30f62b9af4b4e468bb9fe9c923e602af53a05dbe0377c837187a8d8971cfb57
[2m2025-12-10T10:08:59.289553Z[0m [34mDEBUG[0m [2mhyper::client::pool[0m[2m:[0m reuse idle connection for ("http", 192.168.0.14:8545)
[2m2025-12-10T10:08:59.289628Z[0m [34mDEBUG[0m [2mhyper::proto::h1::io[0m[2m:[0m flushed 250 bytes
[2m2025-12-10T10:08:59.289655Z[0m [34mDEBUG[0m [2methereum_transaction_pool_monitor::eth_client[0m[2m:[0m 📨 Received WebSocket message: {"jsonrpc":"2.0","method":"eth_subscription","params":{"subscription":"0xbed0a0851463e895960a451075a301a9","result":"0x83029243c4576c95309709186c405d5d9da252c01a7c91774af80da6c0a24394"}}
[2m2025-12-10T10:08:59.289661Z[0m [34mDEBUG[0m [2mhyper::proto::h1::io[0m[2m:[0m parsed 4 headers
[2m2025-12-10T10:08:59.289663Z[0m [34mDEBUG[0m [2methereum_transaction_pool_monitor::eth_client[0m[2m:[0m 📨 Received pending transaction: 0x83029243c4576c95309709186c405d5d9da252c01a7c91774af80da6c0a24394
[2m2025-12-10T10:08:59.289672Z[0m [34mDEBUG[0m [2mhyper::proto::h1::conn[0m[2m:[0m incoming body is content-length (45 bytes)
[2m2025-12-10T10:08:59.289676Z[0m [34mDEBUG[0m [2methereum_transaction_pool_monitor::eth_client[0m[2m:[0m 📨 Received WebSocket message: {"jsonrpc":"2.0","method":"eth_subscription","params":{"subscription":"0xbed0a0851463e895960a451075a301a9","result":"0x76d2a5267b5375e31d92c5dc10caa16ba485e9e9353a7a91395ee6538dbe9c6a"}}
[2m2025-12-10T10:08:59.289682Z[0m [34mDEBUG[0m [2mhyper::proto::h1::conn[0m[2m:[0m incoming body completed
[2m2025-12-10T10:08:59.289683Z[0m [34mDEBUG[0m [2methereum_transaction_pool_monitor::eth_client[0m[2m:[0m 📨 Received pending transaction: 0x76d2a5267b5375e31d92c5dc10caa16ba485e9e9353a7a91395ee6538dbe9c6a
[2m2025-12-10T10:08:59.289695Z[0m [34mDEBUG[0m [2mhyper::client::pool[0m[2m:[0m pooling idle connection for ("http", 192.168.0.14:8545)
[2m2025-12-10T10:08:59.289730Z[0m [34mDEBUG[0m [2mhyper::client::pool[0m[2m:[0m reuse idle connection for ("http", 192.168.0.14:8545)
[2m2025-12-10T10:08:59.289758Z[0m [34mDEBUG[0m [2mhyper::proto::h1::io[0m[2m:[0m flushed 172 bytes
[2m2025-12-10T10:08:59.295290Z[0m [34mDEBUG[0m [2mhyper::proto::h1::io[0m[2m:[0m parsed 4 headers
[2m2025-12-10T10:08:59.295316Z[0m [34mDEBUG[0m [2mhyper::proto::h1::conn[0m[2m:[0m incoming body is content-length (45 bytes)
[2m2025-12-10T10:08:59.295327Z[0m [34mDEBUG[0m [2mhyper::proto::h1::conn[0m[2m:[0m incoming body completed
[2m2025-12-10T10:08:59.295341Z[0m [34mDEBUG[0m [2mhyper::client::pool[0m[2m:[0m pooling idle connection for ("http", 192.168.0.14:8545)
[2m2025-12-10T10:08:59.296512Z[0m [34mDEBUG[0m [2mhyper::client::pool[0m[2m:[0m reuse idle connection for ("http", 192.168.0.14:8545)
[2m2025-12-10T10:08:59.296564Z[0m [34mDEBUG[0m [2mhyper::proto::h1::io[0m[2m:[0m flushed 172 bytes
[2m2025-12-10T10:08:59.299603Z[0m [34mDEBUG[0m [2mhyper::proto::h1::io[0m[2m:[0m parsed 4 headers
[2m2025-12-10T10:08:59.299617Z[0m [34mDEBUG[0m [2mhyper::proto::h1::conn[0m[2m:[0m incoming body is content-length (551 bytes)
[2m2025-12-10T10:08:59.299626Z[0m [34mDEBUG[0m [2mhyper::proto::h1::conn[0m[2m:[0m incoming body completed
[2m2025-12-10T10:08:59.299637Z[0m [34mDEBUG[0m [2mhyper::client::pool[0m[2m:[0m pooling idle connection for ("http", 192.168.0.14:8545)
[2m2025-12-10T10:08:59.299645Z[0m [34mDEBUG[0m [2methereum_transaction_pool_monitor::eth_client[0m[2m:[0m 📡 Transaction fetch RPC completed in 10.129792ms
[2m2025-12-10T10:08:59.425758Z[0m [34mDEBUG[0m [2methereum_transaction_pool_monitor::eth_client[0m[2m:[0m ✅ Transaction 0xa30f62b9af4b4e468bb9fe9c923e602af53a05dbe0377c837187a8d8971cfb57 fetched and parsed in 136.238459ms
[2m2025-12-10T10:08:59.425786Z[0m [34mDEBUG[0m [2methereum_transaction_pool_monitor::mempool_monitor[0m[2m:[0m 🔍 Skipping tx 0xa30f62b9af4b4e468bb9fe9c923e602af53a05dbe0377c837187a8d8971cfb57 - not a DEX interaction (target: 0xEbA88149813BEc1cCcccFDb0daCEFaaa5DE94cB1)
[2m2025-12-10T10:08:59.425797Z[0m [34mDEBUG[0m [2methereum_transaction_pool_monitor::mempool_monitor[0m[2m:[0m 📨 Processing new pending transaction: 0x99d9c0b5a33aeff5c8cec6087b2f7ac0edc777290925a32666df34f8fdde613e
[2m2025-12-10T10:08:59.425802Z[0m [34mDEBUG[0m [2methereum_transaction_pool_monitor::mempool_monitor[0m[2m:[0m 🔍 Fetching transaction details for: 0x99d9c0b5a33aeff5c8cec6087b2f7ac0edc777290925a32666df34f8fdde613e
[2m2025-12-10T10:08:59.425807Z[0m [34mDEBUG[0m [2methereum_transaction_pool_monitor::eth_client[0m[2m:[0m 🔍 Fetching transaction details for hash: 0x99d9c0b5a33aeff5c8cec6087b2f7ac0edc777290925a32666df34f8fdde613e
[2m2025-12-10T10:08:59.425832Z[0m [34mDEBUG[0m [2mhyper::client::pool[0m[2m:[0m reuse idle connection for ("http", 192.168.0.14:8545)
[2m2025-12-10T10:08:59.425909Z[0m [34mDEBUG[0m [2mhyper::proto::h1::io[0m[2m:[0m flushed 250 bytes
[2m2025-12-10T10:08:59.425934Z[0m [34mDEBUG[0m [2methereum_transaction_pool_monitor::eth_client[0m[2m:[0m 📨 Received WebSocket message: {"jsonrpc":"2.0","method":"eth_subscription","params":{"subscription":"0xbed0a0851463e895960a451075a301a9","result":"0x9657d500ed01293a44e44e0cf7ec0d8943d9df3430ff20234d602f42282c04c1"}}
[2m2025-12-10T10:08:59.425942Z[0m [34mDEBUG[0m [2methereum_transaction_pool_monitor::eth_client[0m[2m:[0m 📨 Received pending transaction: 0x9657d500ed01293a44e44e0cf7ec0d8943d9df3430ff20234d602f42282c04c1
[2m2025-12-10T10:08:59.425966Z[0m [34mDEBUG[0m [2mhyper::proto::h1::io[0m[2m:[0m parsed 4 headers
[2m2025-12-10T10:08:59.425998Z[0m [34mDEBUG[0m [2mhyper::proto::h1::conn[0m[2m:[0m incoming body is content-length (45 bytes)
[2m2025-12-10T10:08:59.426016Z[0m [34mDEBUG[0m [2mhyper::proto::h1::conn[0m[2m:[0m incoming body completed
[2m2025-12-10T10:08:59.426036Z[0m [34mDEBUG[0m [2mhyper::client::pool[0m[2m:[0m pooling idle connection for ("http", 192.168.0.14:8545)
[2m2025-12-10T10:08:59.426079Z[0m [34mDEBUG[0m [2mhyper::client::pool[0m[2m:[0m reuse idle connection for ("http", 192.168.0.14:8545)
[2m2025-12-10T10:08:59.426147Z[0m [34mDEBUG[0m [2mhyper::proto::h1::io[0m[2m:[0m flushed 172 bytes
[2m2025-12-10T10:08:59.429799Z[0m [34mDEBUG[0m [2mhyper::proto::h1::io[0m[2m:[0m parsed 4 headers
[2m2025-12-10T10:08:59.429844Z[0m [34mDEBUG[0m [2mhyper::proto::h1::conn[0m[2m:[0m incoming body is content-length (45 bytes)
[2m2025-12-10T10:08:59.429868Z[0m [34mDEBUG[0m [2mhyper::proto::h1::conn[0m[2m:[0m incoming body completed
[2m2025-12-10T10:08:59.429893Z[0m [34mDEBUG[0m [2mhyper::client::pool[0m[2m:[0m pooling idle connection for ("http", 192.168.0.14:8545)
[2m2025-12-10T10:08:59.430482Z[0m [34mDEBUG[0m [2mhyper::proto::h1::io[0m[2m:[0m parsed 4 headers
[2m2025-12-10T10:08:59.430501Z[0m [34mDEBUG[0m [2mhyper::proto::h1::conn[0m[2m:[0m incoming body is content-length (1098 bytes)
[2m2025-12-10T10:08:59.430511Z[0m [34mDEBUG[0m [2mhyper::proto::h1::conn[0m[2m:[0m incoming body completed
[2m2025-12-10T10:08:59.430525Z[0m [34mDEBUG[0m [2mhyper::client::pool[0m[2m:[0m pooling idle connection for ("http", 192.168.0.14:8545)
[2m2025-12-10T10:08:59.430537Z[0m [34mDEBUG[0m [2methereum_transaction_pool_monitor::eth_client[0m[2m:[0m 📡 Transaction fetch RPC completed in 4.72625ms
[2m2025-12-10T10:08:59.524332Z[0m [34mDEBUG[0m [2methereum_transaction_pool_monitor::eth_client[0m[2m:[0m ✅ Transaction 0x99d9c0b5a33aeff5c8cec6087b2f7ac0edc777290925a32666df34f8fdde613e fetched and parsed in 98.517958ms
[2m2025-12-10T10:08:59.524393Z[0m [34mDEBUG[0m [2methereum_transaction_pool_monitor::mempool_monitor[0m[2m:[0m 🔍 Skipping tx 0x99d9c0b5a33aeff5c8cec6087b2f7ac0edc777290925a32666df34f8fdde613e - not a DEX interaction (target: 0xEbf6C883A1D60AB38c8ed4780aadBFE4c805Ed4F)
[2m2025-12-10T10:08:59.524408Z[0m [34mDEBUG[0m [2methereum_transaction_pool_monitor::mempool_monitor[0m[2m:[0m 📨 Processing new pending transaction: 0xc0a02304b18c92caf38ec0038f03b141e6b7fbfece4e08b342d330f7d2667c74
[2m2025-12-10T10:08:59.524413Z[0m [34mDEBUG[0m [2methereum_transaction_pool_monitor::mempool_monitor[0m[2m:[0m 🔍 Fetching transaction details for: 0xc0a02304b18c92caf38ec0038f03b141e6b7fbfece4e08b342d330f7d2667c74
[2m2025-12-10T10:08:59.524421Z[0m [34mDEBUG[0m [2methereum_transaction_pool_monitor::eth_client[0m[2m:[0m 🔍 Fetching transaction details for hash: 0xc0a02304b18c92caf38ec0038f03b141e6b7fbfece4e08b342d330f7d2667c74
[2m2025-12-10T10:08:59.524448Z[0m [34mDEBUG[0m [2mhyper::client::pool[0m[2m:[0m reuse idle connection for ("http", 192.168.0.14:8545)
[2m2025-12-10T10:08:59.524521Z[0m [34mDEBUG[0m [2mhyper::proto::h1::io[0m[2m:[0m flushed 250 bytes
[2m2025-12-10T10:08:59.524549Z[0m [34mDEBUG[0m [2mhyper::client::pool[0m[2m:[0m reuse idle connection for ("http", 192.168.0.14:8545)
[2m2025-12-10T10:08:59.524568Z[0m [34mDEBUG[0m [2mhyper::proto::h1::io[0m[2m:[0m flushed 172 bytes
[2m2025-12-10T10:08:59.524583Z[0m [34mDEBUG[0m [2methereum_transaction_pool_monitor::eth_client[0m[2m:[0m 📨 Received WebSocket message: {"jsonrpc":"2.0","method":"eth_subscription","params":{"subscription":"0xbed0a0851463e895960a451075a301a9","result":"0xd2ccb315170a39beee3757a42cb6f4008ef68bba82164cc7798bc25ffdd25a27"}}
[2m2025-12-10T10:08:59.524591Z[0m [34mDEBUG[0m [2methereum_transaction_pool_monitor::eth_client[0m[2m:[0m 📨 Received pending transaction: 0xd2ccb315170a39beee3757a42cb6f4008ef68bba82164cc7798bc25ffdd25a27
[2m2025-12-10T10:08:59.531045Z[0m [34mDEBUG[0m [2mhyper::proto::h1::io[0m[2m:[0m parsed 4 headers
[2m2025-12-10T10:08:59.531169Z[0m [34mDEBUG[0m [2mhyper::proto::h1::conn[0m[2m:[0m incoming body is content-length (45 bytes)
[2m2025-12-10T10:08:59.531213Z[0m [34mDEBUG[0m [2mhyper::proto::h1::conn[0m[2m:[0m incoming body completed
[2m2025-12-10T10:08:59.531250Z[0m [34mDEBUG[0m [2mhyper::client::pool[0m[2m:[0m pooling idle connection for ("http", 192.168.0.14:8545)
[2m2025-12-10T10:08:59.534824Z[0m [34mDEBUG[0m [2mhyper::proto::h1::io[0m[2m:[0m parsed 4 headers
[2m2025-12-10T10:08:59.536298Z[0m [34mDEBUG[0m [2mhyper::proto::h1::conn[0m[2m:[0m incoming body is content-length (556 bytes)
[2m2025-12-10T10:08:59.536329Z[0m [34mDEBUG[0m [2mhyper::proto::h1::conn[0m[2m:[0m incoming body completed
[2m2025-12-10T10:08:59.536356Z[0m [34mDEBUG[0m [2mhyper::client::pool[0m[2m:[0m pooling idle connection for ("http", 192.168.0.14:8545)
[2m2025-12-10T10:08:59.536373Z[0m [34mDEBUG[0m [2methereum_transaction_pool_monitor::eth_client[0m[2m:[0m 📡 Transaction fetch RPC completed in 11.946541ms
[2m2025-12-10T10:08:59.654891Z[0m [34mDEBUG[0m [2methereum_transaction_pool_monitor::eth_client[0m[2m:[0m ✅ Transaction 0xc0a02304b18c92caf38ec0038f03b141e6b7fbfece4e08b342d330f7d2667c74 fetched and parsed in 130.460958ms
[2m2025-12-10T10:08:59.654923Z[0m [34mDEBUG[0m [2methereum_transaction_pool_monitor::mempool_monitor[0m[2m:[0m 🔍 Skipping tx 0xc0a02304b18c92caf38ec0038f03b141e6b7fbfece4e08b342d330f7d2667c74 - not a DEX interaction (target: 0x93a419dc4c447B336D311D8d7a522a203C67dc7a)
[2m2025-12-10T10:08:59.654935Z[0m [34mDEBUG[0m [2methereum_transaction_pool_monitor::mempool_monitor[0m[2m:[0m 📨 Processing new pending transaction: 0xefb60eb206ee8bacbc0156388a981df973394ccda1009e12cfb9d014a20e5ddb
[2m2025-12-10T10:08:59.654940Z[0m [34mDEBUG[0m [2methereum_transaction_pool_monitor::mempool_monitor[0m[2m:[0m 🔍 Fetching transaction details for: 0xefb60eb206ee8bacbc0156388a981df973394ccda1009e12cfb9d014a20e5ddb
[2m2025-12-10T10:08:59.654944Z[0m [34mDEBUG[0m [2methereum_transaction_pool_monitor::eth_client[0m[2m:[0m 🔍 Fetching transaction details for hash: 0xefb60eb206ee8bacbc0156388a981df973394ccda1009e12cfb9d014a20e5ddb
[2m2025-12-10T10:08:59.654968Z[0m [34mDEBUG[0m [2mhyper::client::pool[0m[2m:[0m reuse idle connection for ("http", 192.168.0.14:8545)
[2m2025-12-10T10:08:59.655044Z[0m [34mDEBUG[0m [2mhyper::proto::h1::io[0m[2m:[0m flushed 250 bytes
[2m2025-12-10T10:08:59.655076Z[0m [34mDEBUG[0m [2mhyper::client::pool[0m[2m:[0m reuse idle connection for ("http", 192.168.0.14:8545)
[2m2025-12-10T10:08:59.655094Z[0m [34mDEBUG[0m [2mhyper::proto::h1::io[0m[2m:[0m flushed 172 bytes
[2m2025-12-10T10:08:59.658699Z[0m [34mDEBUG[0m [2mhyper::proto::h1::io[0m[2m:[0m parsed 4 headers
[2m2025-12-10T10:08:59.658744Z[0m [34mDEBUG[0m [2mhyper::proto::h1::conn[0m[2m:[0m incoming body is content-length (681 bytes)
[2m2025-12-10T10:08:59.658763Z[0m [34mDEBUG[0m [2mhyper::proto::h1::conn[0m[2m:[0m incoming body completed
[2m2025-12-10T10:08:59.658706Z[0m [34mDEBUG[0m [2mhyper::proto::h1::io[0m[2m:[0m parsed 4 headers
[2m2025-12-10T10:08:59.658787Z[0m [34mDEBUG[0m [2mhyper::client::pool[0m[2m:[0m pooling idle connection for ("http", 192.168.0.14:8545)
[2m2025-12-10T10:08:59.658796Z[0m [34mDEBUG[0m [2mhyper::proto::h1::conn[0m[2m:[0m incoming body is content-length (45 bytes)
[2m2025-12-10T10:08:59.658811Z[0m [34mDEBUG[0m [2mhyper::proto::h1::conn[0m[2m:[0m incoming body completed
[2m2025-12-10T10:08:59.658848Z[0m [34mDEBUG[0m [2mhyper::client::pool[0m[2m:[0m pooling idle connection for ("http", 192.168.0.14:8545)
[2m2025-12-10T10:08:59.658810Z[0m [34mDEBUG[0m [2methereum_transaction_pool_monitor::eth_client[0m[2m:[0m 📡 Transaction fetch RPC completed in 3.857125ms
[2m2025-12-10T10:08:59.696642Z[0m [34mDEBUG[0m [2mhyper::client::pool[0m[2m:[0m reuse idle connection for ("http", 192.168.0.14:8545)
[2m2025-12-10T10:08:59.696739Z[0m [34mDEBUG[0m [2mhyper::proto::h1::io[0m[2m:[0m flushed 172 bytes
[2m2025-12-10T10:08:59.703194Z[0m [34mDEBUG[0m [2mhyper::proto::h1::io[0m[2m:[0m parsed 4 headers
[2m2025-12-10T10:08:59.703265Z[0m [34mDEBUG[0m [2mhyper::proto::h1::conn[0m[2m:[0m incoming body is content-length (45 bytes)
[2m2025-12-10T10:08:59.703289Z[0m [34mDEBUG[0m [2mhyper::proto::h1::conn[0m[2m:[0m incoming body completed
[2m2025-12-10T10:08:59.703324Z[0m [34mDEBUG[0m [2mhyper::client::pool[0m[2m:[0m pooling idle connection for ("http", 192.168.0.14:8545)
[2m2025-12-10T10:08:59.770967Z[0m [34mDEBUG[0m [2methereum_transaction_pool_monitor::eth_client[0m[2m:[0m ✅ Transaction 0xefb60eb206ee8bacbc0156388a981df973394ccda1009e12cfb9d014a20e5ddb fetched and parsed in 116.013792ms
[2m2025-12-10T10:08:59.770993Z[0m [34mDEBUG[0m [2methereum_transaction_pool_monitor::mempool_monitor[0m[2m:[0m 🔍 Skipping tx 0xefb60eb206ee8bacbc0156388a981df973394ccda1009e12cfb9d014a20e5ddb - not a DEX interaction (target: 0xA0b86991c6218b36c1d19D4a2e9Eb0cE3606eB48)
[2m2025-12-10T10:08:59.771005Z[0m [34mDEBUG[0m [2methereum_transaction_pool_monitor::mempool_monitor[0m[2m:[0m 📨 Processing new pending transaction: 0x0815b9d8b73bdc354996c3ac1a7f5a90b6708d623b59b4d8c00f01efa2a73d97
[2m2025-12-10T10:08:59.771010Z[0m [34mDEBUG[0m [2methereum_transaction_pool_monitor::mempool_monitor[0m[2m:[0m 🔍 Fetching transaction details for: 0x0815b9d8b73bdc354996c3ac1a7f5a90b6708d623b59b4d8c00f01efa2a73d97
[2m2025-12-10T10:08:59.771014Z[0m [34mDEBUG[0m [2methereum_transaction_pool_monitor::eth_client[0m[2m:[0m 🔍 Fetching transaction details for hash: 0x0815b9d8b73bdc354996c3ac1a7f5a90b6708d623b59b4d8c00f01efa2a73d97
[2m2025-12-10T10:08:59.771038Z[0m [34mDEBUG[0m [2mhyper::client::pool[0m[2m:[0m reuse idle connection for ("http", 192.168.0.14:8545)
[2m2025-12-10T10:08:59.771113Z[0m [34mDEBUG[0m [2mhyper::proto::h1::io[0m[2m:[0m flushed 250 bytes
[2m2025-12-10T10:08:59.779025Z[0m [34mDEBUG[0m [2mhyper::proto::h1::io[0m[2m:[0m parsed 4 headers
[2m2025-12-10T10:08:59.779068Z[0m [34mDEBUG[0m [2mhyper::proto::h1::conn[0m[2m:[0m incoming body is content-length (775 bytes)
[2m2025-12-10T10:08:59.779086Z[0m [34mDEBUG[0m [2mhyper::proto::h1::conn[0m[2m:[0m incoming body completed
[2m2025-12-10T10:08:59.779108Z[0m [34mDEBUG[0m [2mhyper::client::pool[0m[2m:[0m pooling idle connection for ("http", 192.168.0.14:8545)
[2m2025-12-10T10:08:59.779124Z[0m [34mDEBUG[0m [2methereum_transaction_pool_monitor::eth_client[0m[2m:[0m 📡 Transaction fetch RPC completed in 8.106458ms
[2m2025-12-10T10:08:59.995025Z[0m [34mDEBUG[0m [2methereum_transaction_pool_monitor::eth_client[0m[2m:[0m ✅ Transaction 0x0815b9d8b73bdc354996c3ac1a7f5a90b6708d623b59b4d8c00f01efa2a73d97 fetched and parsed in 224.001833ms
[2m2025-12-10T10:08:59.995058Z[0m [34mDEBUG[0m [2methereum_transaction_pool_monitor::mempool_monitor[0m[2m:[0m 🔍 Skipping tx 0x0815b9d8b73bdc354996c3ac1a7f5a90b6708d623b59b4d8c00f01efa2a73d97 - not a DEX interaction (target: 0xFe0c30065B384F05761f15d0CC899D4F9F9Cc0eB)
[2m2025-12-10T10:08:59.995069Z[0m [34mDEBUG[0m [2methereum_transaction_pool_monitor::mempool_monitor[0m[2m:[0m 📨 Processing new pending transaction: 0xd4da02159ca52b7d12473d8c9143bee182733aaf5231879792364a4a36f1daf8
[2m2025-12-10T10:08:59.995074Z[0m [34mDEBUG[0m [2methereum_transaction_pool_monitor::mempool_monitor[0m[2m:[0m 🔍 Fetching transaction details for: 0xd4da02159ca52b7d12473d8c9143bee182733aaf5231879792364a4a36f1daf8
[2m2025-12-10T10:08:59.995078Z[0m [34mDEBUG[0m [2methereum_transaction_pool_monitor::eth_client[0m[2m:[0m 🔍 Fetching transaction details for hash: 0xd4da02159ca52b7d12473d8c9143bee182733aaf5231879792364a4a36f1daf8
[2m2025-12-10T10:08:59.995131Z[0m [34mDEBUG[0m [2mhyper::client::pool[0m[2m:[0m reuse idle connection for ("http", 192.168.0.14:8545)
[2m2025-12-10T10:08:59.995233Z[0m [34mDEBUG[0m [2mhyper::proto::h1::io[0m[2m:[0m flushed 250 bytes
[2m2025-12-10T10:08:59.995258Z[0m [34mDEBUG[0m [2mhyper::client::pool[0m[2m:[0m reuse idle connection for ("http", 192.168.0.14:8545)
[2m2025-12-10T10:08:59.995277Z[0m [34mDEBUG[0m [2mhyper::proto::h1::io[0m[2m:[0m flushed 172 bytes
[2m2025-12-10T10:08:59.995289Z[0m [34mDEBUG[0m [2methereum_transaction_pool_monitor::eth_client[0m[2m:[0m 📨 Received WebSocket message: {"jsonrpc":"2.0","method":"eth_subscription","params":{"subscription":"0xbed0a0851463e895960a451075a301a9","result":"0xf6a95b71b39e0a421b98583fc0ae51de5adaf91ce1a1e6f34575684dc9364473"}}
[2m2025-12-10T10:08:59.995297Z[0m [34mDEBUG[0m [2methereum_transaction_pool_monitor::eth_client[0m[2m:[0m 📨 Received pending transaction: 0xf6a95b71b39e0a421b98583fc0ae51de5adaf91ce1a1e6f34575684dc9364473
[2m2025-12-10T10:08:59.995303Z[0m [34mDEBUG[0m [2methereum_transaction_pool_monitor::eth_client[0m[2m:[0m 📨 Received WebSocket message: {"jsonrpc":"2.0","method":"eth_subscription","params":{"subscription":"0xbed0a0851463e895960a451075a301a9","result":"0xabb2c597c8d4780dc1c4c815a8fa280e6fabd8cf15ce7abf0d40a524655b2547"}}
[2m2025-12-10T10:08:59.995309Z[0m [34mDEBUG[0m [2methereum_transaction_pool_monitor::eth_client[0m[2m:[0m 📨 Received pending transaction: 0xabb2c597c8d4780dc1c4c815a8fa280e6fabd8cf15ce7abf0d40a524655b2547
[2m2025-12-10T10:08:59.998664Z[0m [34mDEBUG[0m [2mhyper::proto::h1::io[0m[2m:[0m parsed 4 headers
[2m2025-12-10T10:08:59.998728Z[0m [34mDEBUG[0m [2mhyper::proto::h1::conn[0m[2m:[0m incoming body is content-length (45 bytes)
[2m2025-12-10T10:08:59.998754Z[0m [34mDEBUG[0m [2mhyper::proto::h1::conn[0m[2m:[0m incoming body completed
[2m2025-12-10T10:08:59.998790Z[0m [34mDEBUG[0m [2mhyper::client::pool[0m[2m:[0m pooling idle connection for ("http", 192.168.0.14:8545)
[2m2025-12-10T10:08:59.998860Z[0m [34mDEBUG[0m [2mhyper::client::pool[0m[2m:[0m reuse idle connection for ("http", 192.168.0.14:8545)
[2m2025-12-10T10:08:59.998921Z[0m [34mDEBUG[0m [2mhyper::proto::h1::io[0m[2m:[0m flushed 172 bytes
[2m2025-12-10T10:08:59.999344Z[0m [34mDEBUG[0m [2mhyper::proto::h1::io[0m[2m:[0m parsed 4 headers
[2m2025-12-10T10:08:59.999377Z[0m [34mDEBUG[0m [2mhyper::proto::h1::conn[0m[2m:[0m incoming body is content-length (649 bytes)
[2m2025-12-10T10:08:59.999397Z[0m [34mDEBUG[0m [2mhyper::proto::h1::conn[0m[2m:[0m incoming body completed
[2m2025-12-10T10:08:59.999440Z[0m [34mDEBUG[0m [2mhyper::client::pool[0m[2m:[0m pooling idle connection for ("http", 192.168.0.14:8545)
[2m2025-12-10T10:08:59.999496Z[0m [34mDEBUG[0m [2methereum_transaction_pool_monitor::eth_client[0m[2m:[0m 📡 Transaction fetch RPC completed in 4.400917ms
[2m2025-12-10T10:09:00.266567Z[0m [34mDEBUG[0m [2methereum_transaction_pool_monitor::eth_client[0m[2m:[0m ✅ Transaction 0xd4da02159ca52b7d12473d8c9143bee182733aaf5231879792364a4a36f1daf8 fetched and parsed in 271.466875ms
[2m2025-12-10T10:09:00.266617Z[0m [34mDEBUG[0m [2methereum_transaction_pool_monitor::mempool_monitor[0m[2m:[0m 🔍 Skipping tx 0xd4da02159ca52b7d12473d8c9143bee182733aaf5231879792364a4a36f1daf8 - not a DEX interaction (target: 0x9A236F0EbFAFf7404ae983E67D758bf05abb8258)
[2m2025-12-10T10:09:00.266628Z[0m [34mDEBUG[0m [2methereum_transaction_pool_monitor::mempool_monitor[0m[2m:[0m 📨 Processing new pending transaction: 0xe7428ea90846192c9414a8bd663080749ada8993cc026c11d7408df29157764c
[2m2025-12-10T10:09:00.266634Z[0m [34mDEBUG[0m [2methereum_transaction_pool_monitor::mempool_monitor[0m[2m:[0m 🔍 Fetching transaction details for: 0xe7428ea90846192c9414a8bd663080749ada8993cc026c11d7408df29157764c
[2m2025-12-10T10:09:00.266638Z[0m [34mDEBUG[0m [2methereum_transaction_pool_monitor::eth_client[0m[2m:[0m 🔍 Fetching transaction details for hash: 0xe7428ea90846192c9414a8bd663080749ada8993cc026c11d7408df29157764c
[2m2025-12-10T10:09:00.266668Z[0m [34mDEBUG[0m [2mhyper::client::pool[0m[2m:[0m reuse idle connection for ("http", 192.168.0.14:8545)
[2m2025-12-10T10:09:00.266767Z[0m [34mDEBUG[0m [2mhyper::proto::h1::io[0m[2m:[0m flushed 250 bytes
[2m2025-12-10T10:09:00.266801Z[0m [34mDEBUG[0m [2methereum_transaction_pool_monitor::eth_client[0m[2m:[0m 📨 Received WebSocket message: {"jsonrpc":"2.0","method":"eth_subscription","params":{"subscription":"0xbed0a0851463e895960a451075a301a9","result":"0x33b1037559a66c3733c927780c686c25c3e76dc8e5ad0afe71881eb412049f25"}}
[2m2025-12-10T10:09:00.266810Z[0m [34mDEBUG[0m [2methereum_transaction_pool_monitor::eth_client[0m[2m:[0m 📨 Received pending transaction: 0x33b1037559a66c3733c927780c686c25c3e76dc8e5ad0afe71881eb412049f25
[2m2025-12-10T10:09:00.266816Z[0m [34mDEBUG[0m [2methereum_transaction_pool_monitor::eth_client[0m[2m:[0m 📨 Received WebSocket message: {"jsonrpc":"2.0","method":"eth_subscription","params":{"subscription":"0xbed0a0851463e895960a451075a301a9","result":"0xe34b7b62a51d6064ae0e5522ffdc5747a0c5406e74641ffe1f423c1959c91727"}}
[2m2025-12-10T10:09:00.266821Z[0m [34mDEBUG[0m [2methereum_transaction_pool_monitor::eth_client[0m[2m:[0m 📨 Received pending transaction: 0xe34b7b62a51d6064ae0e5522ffdc5747a0c5406e74641ffe1f423c1959c91727
[2m2025-12-10T10:09:00.266825Z[0m [34mDEBUG[0m [2methereum_transaction_pool_monitor::eth_client[0m[2m:[0m 📨 Received WebSocket message: {"jsonrpc":"2.0","method":"eth_subscription","params":{"subscription":"0xbed0a0851463e895960a451075a301a9","result":"0xc5c8d4436ab07a468e0a7c77d9926d467d80ea27e8d681431a697c7e33359d24"}}
[2m2025-12-10T10:09:00.266830Z[0m [34mDEBUG[0m [2methereum_transaction_pool_monitor::eth_client[0m[2m:[0m 📨 Received pending transaction: 0xc5c8d4436ab07a468e0a7c77d9926d467d80ea27e8d681431a697c7e33359d24
[2m2025-12-10T10:09:00.266834Z[0m [34mDEBUG[0m [2methereum_transaction_pool_monitor::eth_client[0m[2m:[0m 📨 Received WebSocket message: {"jsonrpc":"2.0","method":"eth_subscription","params":{"subscription":"0xbed0a0851463e895960a451075a301a9","result":"0xa3fbfa5adaf15b0f2d22fb9061c145470f314f44de910c2a7ca4d08f95119e74"}}
[2m2025-12-10T10:09:00.266838Z[0m [34mDEBUG[0m [2methereum_transaction_pool_monitor::eth_client[0m[2m:[0m 📨 Received pending transaction: 0xa3fbfa5adaf15b0f2d22fb9061c145470f314f44de910c2a7ca4d08f95119e74
[2m2025-12-10T10:09:00.266851Z[0m [34mDEBUG[0m [2mhyper::proto::h1::io[0m[2m:[0m parsed 4 headers
[2m2025-12-10T10:09:00.266855Z[0m [34mDEBUG[0m [2mhyper::proto::h1::conn[0m[2m:[0m incoming body is content-length (45 bytes)
[2m2025-12-10T10:09:00.266864Z[0m [34mDEBUG[0m [2mhyper::proto::h1::conn[0m[2m:[0m incoming body completed
[2m2025-12-10T10:09:00.266876Z[0m [34mDEBUG[0m [2mhyper::client::pool[0m[2m:[0m pooling idle connection for ("http", 192.168.0.14:8545)
[2m2025-12-10T10:09:00.266899Z[0m [34mDEBUG[0m [2mhyper::client::pool[0m[2m:[0m reuse idle connection for ("http", 192.168.0.14:8545)
[2m2025-12-10T10:09:00.266932Z[0m [34mDEBUG[0m [2mhyper::proto::h1::io[0m[2m:[0m flushed 172 bytes
[2m2025-12-10T10:09:00.270779Z[0m [34mDEBUG[0m [2mhyper::proto::h1::io[0m[2m:[0m parsed 4 headers
[2m2025-12-10T10:09:00.270843Z[0m [34mDEBUG[0m [2mhyper::proto::h1::conn[0m[2m:[0m incoming body is content-length (676 bytes)
[2m2025-12-10T10:09:00.270865Z[0m [34mDEBUG[0m [2mhyper::proto::h1::conn[0m[2m:[0m incoming body completed
[2m2025-12-10T10:09:00.270890Z[0m [34mDEBUG[0m [2mhyper::client::pool[0m[2m:[0m pooling idle connection for ("http", 192.168.0.14:8545)
[2m2025-12-10T10:09:00.270909Z[0m [34mDEBUG[0m [2methereum_transaction_pool_monitor::eth_client[0m[2m:[0m 📡 Transaction fetch RPC completed in 4.266166ms
[2m2025-12-10T10:09:00.270941Z[0m [34mDEBUG[0m [2methereum_transaction_pool_monitor::eth_client[0m[2m:[0m DeFi transaction detected - Address: 0xdac17f958d2ee523a2206206994597c13d831ec7, Type: Stablecoin, Value: 0 ETH, Gas: 0.19 Gwei
[2m2025-12-10T10:09:00.270966Z[0m [34mDEBUG[0m [2methereum_transaction_pool_monitor::eth_client[0m[2m:[0m ✅ Transaction 0xe7428ea90846192c9414a8bd663080749ada8993cc026c11d7408df29157764c fetched and parsed in 4.32375ms
[2m2025-12-10T10:09:00.270980Z[0m [34mDEBUG[0m [2methereum_transaction_pool_monitor::mempool_monitor[0m[2m:[0m 🔍 Skipping tx 0xe7428ea90846192c9414a8bd663080749ada8993cc026c11d7408df29157764c - not a DEX interaction (target: 0xdAC17F958D2ee523a2206206994597C13D831ec7)
[2m2025-12-10T10:09:00.270995Z[0m [34mDEBUG[0m [2methereum_transaction_pool_monitor::mempool_monitor[0m[2m:[0m 📨 Processing new pending transaction: 0x2b95462a95f88945b22da36f0fc6f30240542b5f675c0ffad737125480ba8a3a
[2m2025-12-10T10:09:00.271004Z[0m [34mDEBUG[0m [2methereum_transaction_pool_monitor::mempool_monitor[0m[2m:[0m 🔍 Fetching transaction details for: 0x2b95462a95f88945b22da36f0fc6f30240542b5f675c0ffad737125480ba8a3a
[2m2025-12-10T10:09:00.271012Z[0m [34mDEBUG[0m [2methereum_transaction_pool_monitor::eth_client[0m[2m:[0m 🔍 Fetching transaction details for hash: 0x2b95462a95f88945b22da36f0fc6f30240542b5f675c0ffad737125480ba8a3a
[2m2025-12-10T10:09:00.271043Z[0m [34mDEBUG[0m [2mhyper::client::pool[0m[2m:[0m reuse idle connection for ("http", 192.168.0.14:8545)
[2m2025-12-10T10:09:00.271127Z[0m [34mDEBUG[0m [2mhyper::proto::h1::io[0m[2m:[0m flushed 250 bytes
[2m2025-12-10T10:09:00.271401Z[0m [34mDEBUG[0m [2mhyper::proto::h1::io[0m[2m:[0m parsed 4 headers
[2m2025-12-10T10:09:00.271440Z[0m [34mDEBUG[0m [2mhyper::proto::h1::conn[0m[2m:[0m incoming body is content-length (45 bytes)
[2m2025-12-10T10:09:00.271457Z[0m [34mDEBUG[0m [2mhyper::proto::h1::conn[0m[2m:[0m incoming body completed
[2m2025-12-10T10:09:00.271477Z[0m [34mDEBUG[0m [2mhyper::client::pool[0m[2m:[0m pooling idle connection for ("http", 192.168.0.14:8545)
[2m2025-12-10T10:09:00.271522Z[0m [34mDEBUG[0m [2mhyper::client::pool[0m[2m:[0m reuse idle connection for ("http", 192.168.0.14:8545)
[2m2025-12-10T10:09:00.271582Z[0m [34mDEBUG[0m [2mhyper::proto::h1::io[0m[2m:[0m flushed 172 bytes
[2m2025-12-10T10:09:00.275450Z[0m [34mDEBUG[0m [2mhyper::proto::h1::io[0m[2m:[0m parsed 4 headers
[2m2025-12-10T10:09:00.275506Z[0m [34mDEBUG[0m [2mhyper::proto::h1::conn[0m[2m:[0m incoming body is content-length (45 bytes)
[2m2025-12-10T10:09:00.275528Z[0m [34mDEBUG[0m [2mhyper::proto::h1::conn[0m[2m:[0m incoming body completed
[2m2025-12-10T10:09:00.275555Z[0m [34mDEBUG[0m [2mhyper::client::pool[0m[2m:[0m pooling idle connection for ("http", 192.168.0.14:8545)
[2m2025-12-10T10:09:00.275617Z[0m [34mDEBUG[0m [2mhyper::client::pool[0m[2m:[0m reuse idle connection for ("http", 192.168.0.14:8545)
[2m2025-12-10T10:09:00.275732Z[0m [34mDEBUG[0m [2mhyper::proto::h1::io[0m[2m:[0m flushed 172 bytes
[2m2025-12-10T10:09:00.279921Z[0m [34mDEBUG[0m [2mhyper::proto::h1::io[0m[2m:[0m parsed 4 headers
[2m2025-12-10T10:09:00.279946Z[0m [34mDEBUG[0m [2mhyper::proto::h1::conn[0m[2m:[0m incoming body is content-length (45 bytes)
[2m2025-12-10T10:09:00.279957Z[0m [34mDEBUG[0m [2mhyper::proto::h1::conn[0m[2m:[0m incoming body completed
[2m2025-12-10T10:09:00.279970Z[0m [34mDEBUG[0m [2mhyper::client::pool[0m[2m:[0m pooling idle connection for ("http", 192.168.0.14:8545)
[2m2025-12-10T10:09:00.280137Z[0m [34mDEBUG[0m [2mhyper::proto::h1::io[0m[2m:[0m parsed 4 headers
[2m2025-12-10T10:09:00.280158Z[0m [34mDEBUG[0m [2mhyper::proto::h1::conn[0m[2m:[0m incoming body is content-length (641 bytes)
[2m2025-12-10T10:09:00.280166Z[0m [34mDEBUG[0m [2mhyper::proto::h1::conn[0m[2m:[0m incoming body completed
[2m2025-12-10T10:09:00.280176Z[0m [34mDEBUG[0m [2mhyper::client::pool[0m[2m:[0m pooling idle connection for ("http", 192.168.0.14:8545)
[2m2025-12-10T10:09:00.280183Z[0m [34mDEBUG[0m [2methereum_transaction_pool_monitor::eth_client[0m[2m:[0m 📡 Transaction fetch RPC completed in 9.162959ms
[2m2025-12-10T10:09:00.371158Z[0m [34mDEBUG[0m [2methereum_transaction_pool_monitor::eth_client[0m[2m:[0m ✅ Transaction 0x2b95462a95f88945b22da36f0fc6f30240542b5f675c0ffad737125480ba8a3a fetched and parsed in 100.134209ms
[2m2025-12-10T10:09:00.374321Z[0m [34mDEBUG[0m [2methereum_transaction_pool_monitor::mempool_monitor[0m[2m:[0m 🔍 Skipping tx 0x2b95462a95f88945b22da36f0fc6f30240542b5f675c0ffad737125480ba8a3a - not a DEX interaction (target: 0x078a2224fB6DcA08C92832B70e193F743a54bd69)
[2m2025-12-10T10:09:00.374336Z[0m [34mDEBUG[0m [2methereum_transaction_pool_monitor::mempool_monitor[0m[2m:[0m 📨 Processing new pending transaction: 0xf044538b59f5aa8ffd5d793d30e7fd51f92d6c8bc850cce0a8bf053273891a3b
[2m2025-12-10T10:09:00.374345Z[0m [34mDEBUG[0m [2methereum_transaction_pool_monitor::mempool_monitor[0m[2m:[0m 🔍 Fetching transaction details for: 0xf044538b59f5aa8ffd5d793d30e7fd51f92d6c8bc850cce0a8bf053273891a3b
[2m2025-12-10T10:09:00.374349Z[0m [34mDEBUG[0m [2methereum_transaction_pool_monitor::eth_client[0m[2m:[0m 🔍 Fetching transaction details for hash: 0xf044538b59f5aa8ffd5d793d30e7fd51f92d6c8bc850cce0a8bf053273891a3b
[2m2025-12-10T10:09:00.374376Z[0m [34mDEBUG[0m [2mhyper::client::pool[0m[2m:[0m reuse idle connection for ("http", 192.168.0.14:8545)
[2m2025-12-10T10:09:00.374443Z[0m [34mDEBUG[0m [2mhyper::proto::h1::io[0m[2m:[0m flushed 250 bytes
[2m2025-12-10T10:09:00.374477Z[0m [34mDEBUG[0m [2mhyper::client::pool[0m[2m:[0m reuse idle connection for ("http", 192.168.0.14:8545)
[2m2025-12-10T10:09:00.374499Z[0m [34mDEBUG[0m [2mhyper::proto::h1::io[0m[2m:[0m flushed 172 bytes
[2m2025-12-10T10:09:00.374500Z[0m [34mDEBUG[0m [2methereum_transaction_pool_monitor::eth_client[0m[2m:[0m 📨 Received WebSocket message: {"jsonrpc":"2.0","method":"eth_subscription","params":{"subscription":"0xbed0a0851463e895960a451075a301a9","result":"0xaffc7f5c56889195168cd2eff8b3b77a9487e51670a392d4ba804749b8c533cf"}}
[2m2025-12-10T10:09:00.374529Z[0m [34mDEBUG[0m [2methereum_transaction_pool_monitor::eth_client[0m[2m:[0m 📨 Received pending transaction: 0xaffc7f5c56889195168cd2eff8b3b77a9487e51670a392d4ba804749b8c533cf
[2m2025-12-10T10:09:00.378463Z[0m [34mDEBUG[0m [2mhyper::proto::h1::io[0m[2m:[0m parsed 4 headers
[2m2025-12-10T10:09:00.378476Z[0m [34mDEBUG[0m [2mhyper::proto::h1::conn[0m[2m:[0m incoming body is content-length (45 bytes)
[2m2025-12-10T10:09:00.378485Z[0m [34mDEBUG[0m [2mhyper::proto::h1::conn[0m[2m:[0m incoming body completed
[2m2025-12-10T10:09:00.378497Z[0m [34mDEBUG[0m [2mhyper::client::pool[0m[2m:[0m pooling idle connection for ("http", 192.168.0.14:8545)
[2m2025-12-10T10:09:00.380135Z[0m [34mDEBUG[0m [2mhyper::proto::h1::io[0m[2m:[0m parsed 4 headers
[2m2025-12-10T10:09:00.380145Z[0m [34mDEBUG[0m [2mhyper::proto::h1::conn[0m[2m:[0m incoming body is content-length (773 bytes)
[2m2025-12-10T10:09:00.380152Z[0m [34mDEBUG[0m [2mhyper::proto::h1::conn[0m[2m:[0m incoming body completed
[2m2025-12-10T10:09:00.380160Z[0m [34mDEBUG[0m [2mhyper::client::pool[0m[2m:[0m pooling idle connection for ("http", 192.168.0.14:8545)
[2m2025-12-10T10:09:00.380229Z[0m [34mDEBUG[0m [2methereum_transaction_pool_monitor::eth_client[0m[2m:[0m 📡 Transaction fetch RPC completed in 5.874083ms
[2m2025-12-10T10:09:00.452722Z[0m [34mDEBUG[0m [2methereum_transaction_pool_monitor::eth_client[0m[2m:[0m ✅ Transaction 0xf044538b59f5aa8ffd5d793d30e7fd51f92d6c8bc850cce0a8bf053273891a3b fetched and parsed in 78.365458ms
[2m2025-12-10T10:09:00.452749Z[0m [34mDEBUG[0m [2methereum_transaction_pool_monitor::mempool_monitor[0m[2m:[0m 🔍 Skipping tx 0xf044538b59f5aa8ffd5d793d30e7fd51f92d6c8bc850cce0a8bf053273891a3b - not a DEX interaction (target: 0xA0b86991c6218b36c1d19D4a2e9Eb0cE3606eB48)
[2m2025-12-10T10:09:00.452759Z[0m [34mDEBUG[0m [2methereum_transaction_pool_monitor::mempool_monitor[0m[2m:[0m 📨 Processing new pending transaction: 0xc9eb2200c931b30de12787a63aae5ba0f9cddb8ab304510888b8aa77e6cc0cdf
[2m2025-12-10T10:09:00.452764Z[0m [34mDEBUG[0m [2methereum_transaction_pool_monitor::mempool_monitor[0m[2m:[0m 🔍 Fetching transaction details for: 0xc9eb2200c931b30de12787a63aae5ba0f9cddb8ab304510888b8aa77e6cc0cdf
[2m2025-12-10T10:09:00.452769Z[0m [34mDEBUG[0m [2methereum_transaction_pool_monitor::eth_client[0m[2m:[0m 🔍 Fetching transaction details for hash: 0xc9eb2200c931b30de12787a63aae5ba0f9cddb8ab304510888b8aa77e6cc0cdf
[2m2025-12-10T10:09:00.452797Z[0m [34mDEBUG[0m [2mhyper::client::pool[0m[2m:[0m reuse idle connection for ("http", 192.168.0.14:8545)
[2m2025-12-10T10:09:00.452865Z[0m [34mDEBUG[0m [2mhyper::proto::h1::io[0m[2m:[0m flushed 250 bytes
[2m2025-12-10T10:09:00.452888Z[0m [34mDEBUG[0m [2mhyper::client::pool[0m[2m:[0m reuse idle connection for ("http", 192.168.0.14:8545)
[2m2025-12-10T10:09:00.452894Z[0m [34mDEBUG[0m [2methereum_transaction_pool_monitor::eth_client[0m[2m:[0m 📨 Received WebSocket message: {"jsonrpc":"2.0","method":"eth_subscription","params":{"subscription":"0xbed0a0851463e895960a451075a301a9","result":"0x79a5bd2d1d73e89869a85c2fb4f3817ab9cb77e3e48681ab18d77e748ff8d0b3"}}
[2m2025-12-10T10:09:00.452906Z[0m [34mDEBUG[0m [2mhyper::proto::h1::io[0m[2m:[0m flushed 172 bytes
[2m2025-12-10T10:09:00.452942Z[0m [34mDEBUG[0m [2methereum_transaction_pool_monitor::eth_client[0m[2m:[0m 📨 Received pending transaction: 0x79a5bd2d1d73e89869a85c2fb4f3817ab9cb77e3e48681ab18d77e748ff8d0b3
[2m2025-12-10T10:09:00.452951Z[0m [34mDEBUG[0m [2methereum_transaction_pool_monitor::eth_client[0m[2m:[0m 📨 Received WebSocket message: {"jsonrpc":"2.0","method":"eth_subscription","params":{"subscription":"0xbed0a0851463e895960a451075a301a9","result":"0xf3894fd2cd143f190ef11680aedb7a556bee83ac2943c22fb9b465d33bd92cdb"}}
[2m2025-12-10T10:09:00.452956Z[0m [34mDEBUG[0m [2methereum_transaction_pool_monitor::eth_client[0m[2m:[0m 📨 Received pending transaction: 0xf3894fd2cd143f190ef11680aedb7a556bee83ac2943c22fb9b465d33bd92cdb
[2m2025-12-10T10:09:00.457261Z[0m [34mDEBUG[0m [2mhyper::proto::h1::io[0m[2m:[0m parsed 4 headers
[2m2025-12-10T10:09:00.457271Z[0m [34mDEBUG[0m [2mhyper::proto::h1::conn[0m[2m:[0m incoming body is content-length (45 bytes)
[2m2025-12-10T10:09:00.457279Z[0m [34mDEBUG[0m [2mhyper::proto::h1::conn[0m[2m:[0m incoming body completed
[2m2025-12-10T10:09:00.457290Z[0m [34mDEBUG[0m [2mhyper::client::pool[0m[2m:[0m pooling idle connection for ("http", 192.168.0.14:8545)
[2m2025-12-10T10:09:00.458019Z[0m [34mDEBUG[0m [2mhyper::proto::h1::io[0m[2m:[0m parsed 4 headers
[2m2025-12-10T10:09:00.458026Z[0m [34mDEBUG[0m [2mhyper::proto::h1::conn[0m[2m:[0m incoming body is content-length (832 bytes)
[2m2025-12-10T10:09:00.458031Z[0m [34mDEBUG[0m [2mhyper::proto::h1::conn[0m[2m:[0m incoming body completed
[2m2025-12-10T10:09:00.458038Z[0m [34mDEBUG[0m [2mhyper::client::pool[0m[2m:[0m pooling idle connection for ("http", 192.168.0.14:8545)
[2m2025-12-10T10:09:00.458043Z[0m [34mDEBUG[0m [2methereum_transaction_pool_monitor::eth_client[0m[2m:[0m 📡 Transaction fetch RPC completed in 5.268875ms
[2m2025-12-10T10:09:00.531333Z[0m [34mDEBUG[0m [2methereum_transaction_pool_monitor::eth_client[0m[2m:[0m ✅ Transaction 0xc9eb2200c931b30de12787a63aae5ba0f9cddb8ab304510888b8aa77e6cc0cdf fetched and parsed in 78.555583ms
[2m2025-12-10T10:09:00.531360Z[0m [34mDEBUG[0m [2methereum_transaction_pool_monitor::mempool_monitor[0m[2m:[0m 🔍 Skipping tx 0xc9eb2200c931b30de12787a63aae5ba0f9cddb8ab304510888b8aa77e6cc0cdf - not a DEX interaction (target: 0x3B4D794a66304F130a4Db8F2551B0070dfCf5ca7)
[2m2025-12-10T10:09:00.531371Z[0m [34mDEBUG[0m [2methereum_transaction_pool_monitor::mempool_monitor[0m[2m:[0m 📨 Processing new pending transaction: 0xbd3e5d26e2d29b0727854cc272075c86ea3c1224bb73d9b99a59352d80ba803b
[2m2025-12-10T10:09:00.531377Z[0m [34mDEBUG[0m [2methereum_transaction_pool_monitor::mempool_monitor[0m[2m:[0m 🔍 Fetching transaction details for: 0xbd3e5d26e2d29b0727854cc272075c86ea3c1224bb73d9b99a59352d80ba803b
[2m2025-12-10T10:09:00.531381Z[0m [34mDEBUG[0m [2methereum_transaction_pool_monitor::eth_client[0m[2m:[0m 🔍 Fetching transaction details for hash: 0xbd3e5d26e2d29b0727854cc272075c86ea3c1224bb73d9b99a59352d80ba803b
[2m2025-12-10T10:09:00.531405Z[0m [34mDEBUG[0m [2mhyper::client::pool[0m[2m:[0m reuse idle connection for ("http", 192.168.0.14:8545)
[2m2025-12-10T10:09:00.531472Z[0m [34mDEBUG[0m [2mhyper::proto::h1::io[0m[2m:[0m flushed 250 bytes
[2m2025-12-10T10:09:00.531496Z[0m [34mDEBUG[0m [2mhyper::client::pool[0m[2m:[0m reuse idle connection for ("http", 192.168.0.14:8545)
[2m2025-12-10T10:09:00.531512Z[0m [34mDEBUG[0m [2mhyper::proto::h1::io[0m[2m:[0m flushed 172 bytes
[2m2025-12-10T10:09:00.531516Z[0m [34mDEBUG[0m [2methereum_transaction_pool_monitor::eth_client[0m[2m:[0m 📨 Received WebSocket message: {"jsonrpc":"2.0","method":"eth_subscription","params":{"subscription":"0xbed0a0851463e895960a451075a301a9","result":"0x84c46803f4ddc2fc063e78352121945ba1ec7a729f3cbccf9224806f9b387563"}}
[2m2025-12-10T10:09:00.531585Z[0m [34mDEBUG[0m [2methereum_transaction_pool_monitor::eth_client[0m[2m:[0m 📨 Received pending transaction: 0x84c46803f4ddc2fc063e78352121945ba1ec7a729f3cbccf9224806f9b387563
[2m2025-12-10T10:09:00.540283Z[0m [34mDEBUG[0m [2mhyper::proto::h1::io[0m[2m:[0m parsed 4 headers
[2m2025-12-10T10:09:00.540329Z[0m [34mDEBUG[0m [2mhyper::proto::h1::conn[0m[2m:[0m incoming body is content-length (1731 bytes)
[2m2025-12-10T10:09:00.540349Z[0m [34mDEBUG[0m [2mhyper::proto::h1::conn[0m[2m:[0m incoming body completed
[2m2025-12-10T10:09:00.540371Z[0m [34mDEBUG[0m [2mhyper::client::pool[0m[2m:[0m pooling idle connection for ("http", 192.168.0.14:8545)
[2m2025-12-10T10:09:00.540389Z[0m [34mDEBUG[0m [2methereum_transaction_pool_monitor::eth_client[0m[2m:[0m 📡 Transaction fetch RPC completed in 9.003458ms
[2m2025-12-10T10:09:00.624093Z[0m [34mDEBUG[0m [2methereum_transaction_pool_monitor::eth_client[0m[2m:[0m ✅ Transaction 0xbd3e5d26e2d29b0727854cc272075c86ea3c1224bb73d9b99a59352d80ba803b fetched and parsed in 92.704666ms
[2m2025-12-10T10:09:00.624121Z[0m [34mDEBUG[0m [2methereum_transaction_pool_monitor::mempool_monitor[0m[2m:[0m 🔍 Skipping tx 0xbd3e5d26e2d29b0727854cc272075c86ea3c1224bb73d9b99a59352d80ba803b - not a DEX interaction (target: 0x601a2aD6CB5949f0529735254189Ba3194221EDF)
[2m2025-12-10T10:09:00.624132Z[0m [34mDEBUG[0m [2methereum_transaction_pool_monitor::mempool_monitor[0m[2m:[0m 📨 Processing new pending transaction: 0x8c0658b98fae3777b097dc15c846578e2420d6ffe767800b3f87c449db6461b0
[2m2025-12-10T10:09:00.624137Z[0m [34mDEBUG[0m [2methereum_transaction_pool_monitor::mempool_monitor[0m[2m:[0m 🔍 Fetching transaction details for: 0x8c0658b98fae3777b097dc15c846578e2420d6ffe767800b3f87c449db6461b0
[2m2025-12-10T10:09:00.624140Z[0m [34mDEBUG[0m [2methereum_transaction_pool_monitor::eth_client[0m[2m:[0m 🔍 Fetching transaction details for hash: 0x8c0658b98fae3777b097dc15c846578e2420d6ffe767800b3f87c449db6461b0
[2m2025-12-10T10:09:00.624164Z[0m [34mDEBUG[0m [2mhyper::client::pool[0m[2m:[0m reuse idle connection for ("http", 192.168.0.14:8545)
[2m2025-12-10T10:09:00.624240Z[0m [34mDEBUG[0m [2mhyper::proto::h1::io[0m[2m:[0m flushed 250 bytes
[2m2025-12-10T10:09:00.624266Z[0m [34mDEBUG[0m [2methereum_transaction_pool_monitor::eth_client[0m[2m:[0m 📨 Received WebSocket message: {"jsonrpc":"2.0","method":"eth_subscription","params":{"subscription":"0xbed0a0851463e895960a451075a301a9","result":"0xb12b282a9282af92e39fe06c4b9fdfd02dddbc3d54278e386fabb962da6b63cf"}}
[2m2025-12-10T10:09:00.624273Z[0m [34mDEBUG[0m [2methereum_transaction_pool_monitor::eth_client[0m[2m:[0m 📨 Received pending transaction: 0xb12b282a9282af92e39fe06c4b9fdfd02dddbc3d54278e386fabb962da6b63cf
[2m2025-12-10T10:09:00.624278Z[0m [34mDEBUG[0m [2methereum_transaction_pool_monitor::eth_client[0m[2m:[0m 📨 Received WebSocket message: {"jsonrpc":"2.0","method":"eth_subscription","params":{"subscription":"0xbed0a0851463e895960a451075a301a9","result":"0xf08f06a913a7a56f24994afa46de41349bc968afaa7600ef9e61fc4cca10fe61"}}
[2m2025-12-10T10:09:00.624283Z[0m [34mDEBUG[0m [2methereum_transaction_pool_monitor::eth_client[0m[2m:[0m 📨 Received pending transaction: 0xf08f06a913a7a56f24994afa46de41349bc968afaa7600ef9e61fc4cca10fe61
[2m2025-12-10T10:09:00.624285Z[0m [34mDEBUG[0m [2mhyper::proto::h1::io[0m[2m:[0m parsed 4 headers
[2m2025-12-10T10:09:00.624320Z[0m [34mDEBUG[0m [2mhyper::proto::h1::conn[0m[2m:[0m incoming body is content-length (45 bytes)
[2m2025-12-10T10:09:00.624337Z[0m [34mDEBUG[0m [2mhyper::proto::h1::conn[0m[2m:[0m incoming body completed
[2m2025-12-10T10:09:00.624355Z[0m [34mDEBUG[0m [2mhyper::client::pool[0m[2m:[0m pooling idle connection for ("http", 192.168.0.14:8545)
[2m2025-12-10T10:09:00.624391Z[0m [34mDEBUG[0m [2mhyper::client::pool[0m[2m:[0m reuse idle connection for ("http", 192.168.0.14:8545)
[2m2025-12-10T10:09:00.624442Z[0m [34mDEBUG[0m [2mhyper::proto::h1::io[0m[2m:[0m flushed 172 bytes
[2m2025-12-10T10:09:00.626614Z[0m [34mDEBUG[0m [2methereum_transaction_pool_monitor::eth_client[0m[2m:[0m 📨 Received WebSocket message: {"jsonrpc":"2.0","method":"eth_subscription","params":{"subscription":"0xbed0a0851463e895960a451075a301a9","result":"0x6e30de87520f1e2c00b7458b7d6df08d1feb8a85d17ca91dae3d88c3d136c47b"}}
[2m2025-12-10T10:09:00.626656Z[0m [34mDEBUG[0m [2methereum_transaction_pool_monitor::eth_client[0m[2m:[0m 📨 Received pending transaction: 0x6e30de87520f1e2c00b7458b7d6df08d1feb8a85d17ca91dae3d88c3d136c47b
[2m2025-12-10T10:09:00.629338Z[0m [34mDEBUG[0m [2mhyper::proto::h1::io[0m[2m:[0m parsed 4 headers
[2m2025-12-10T10:09:00.629353Z[0m [34mDEBUG[0m [2mhyper::proto::h1::conn[0m[2m:[0m incoming body is content-length (831 bytes)
[2m2025-12-10T10:09:00.629362Z[0m [34mDEBUG[0m [2mhyper::proto::h1::conn[0m[2m:[0m incoming body completed
[2m2025-12-10T10:09:00.629375Z[0m [34mDEBUG[0m [2mhyper::client::pool[0m[2m:[0m pooling idle connection for ("http", 192.168.0.14:8545)
[2m2025-12-10T10:09:00.629384Z[0m [34mDEBUG[0m [2methereum_transaction_pool_monitor::eth_client[0m[2m:[0m 📡 Transaction fetch RPC completed in 5.239875ms
[2m2025-12-10T10:09:00.713087Z[0m [34mDEBUG[0m [2methereum_transaction_pool_monitor::eth_client[0m[2m:[0m ✅ Transaction 0x8c0658b98fae3777b097dc15c846578e2420d6ffe767800b3f87c449db6461b0 fetched and parsed in 88.939417ms
[2m2025-12-10T10:09:00.713116Z[0m [34mDEBUG[0m [2methereum_transaction_pool_monitor::mempool_monitor[0m[2m:[0m 🔍 Skipping tx 0x8c0658b98fae3777b097dc15c846578e2420d6ffe767800b3f87c449db6461b0 - not a DEX interaction (target: 0x3B4D794a66304F130a4Db8F2551B0070dfCf5ca7)
[2m2025-12-10T10:09:00.713125Z[0m [34mDEBUG[0m [2methereum_transaction_pool_monitor::mempool_monitor[0m[2m:[0m 📨 Processing new pending transaction: 0xe23b527adb04bf27369e6ed28f8ca8902b5289bdd6e67b99299a2ccadf5166b1
[2m2025-12-10T10:09:00.713130Z[0m [34mDEBUG[0m [2methereum_transaction_pool_monitor::mempool_monitor[0m[2m:[0m 🔍 Fetching transaction details for: 0xe23b527adb04bf27369e6ed28f8ca8902b5289bdd6e67b99299a2ccadf5166b1
[2m2025-12-10T10:09:00.713134Z[0m [34mDEBUG[0m [2methereum_transaction_pool_monitor::eth_client[0m[2m:[0m 🔍 Fetching transaction details for hash: 0xe23b527adb04bf27369e6ed28f8ca8902b5289bdd6e67b99299a2ccadf5166b1
[2m2025-12-10T10:09:00.713158Z[0m [34mDEBUG[0m [2mhyper::client::pool[0m[2m:[0m reuse idle connection for ("http", 192.168.0.14:8545)
[2m2025-12-10T10:09:00.713225Z[0m [34mDEBUG[0m [2mhyper::proto::h1::io[0m[2m:[0m flushed 250 bytes
[2m2025-12-10T10:09:00.713252Z[0m [34mDEBUG[0m [2methereum_transaction_pool_monitor::eth_client[0m[2m:[0m 📨 Received WebSocket message: {"jsonrpc":"2.0","method":"eth_subscription","params":{"subscription":"0xbed0a0851463e895960a451075a301a9","result":"0xcbe4062f47aad8c6af39e9598bc44982192dff1a4e3960871e4e3c1f4e93624e"}}
[2m2025-12-10T10:09:00.713260Z[0m [34mDEBUG[0m [2methereum_transaction_pool_monitor::eth_client[0m[2m:[0m 📨 Received pending transaction: 0xcbe4062f47aad8c6af39e9598bc44982192dff1a4e3960871e4e3c1f4e93624e
[2m2025-12-10T10:09:00.713266Z[0m [34mDEBUG[0m [2methereum_transaction_pool_monitor::eth_client[0m[2m:[0m 📨 Received WebSocket message: {"jsonrpc":"2.0","method":"eth_subscription","params":{"subscription":"0xbed0a0851463e895960a451075a301a9","result":"0x648c5d684f3b2be412d54c6ae4c139b0f1979d13e02e9b584c6e48046fa65a1d"}}
[2m2025-12-10T10:09:00.713271Z[0m [34mDEBUG[0m [2methereum_transaction_pool_monitor::eth_client[0m[2m:[0m 📨 Received pending transaction: 0x648c5d684f3b2be412d54c6ae4c139b0f1979d13e02e9b584c6e48046fa65a1d
[2m2025-12-10T10:09:00.713269Z[0m [34mDEBUG[0m [2mhyper::proto::h1::io[0m[2m:[0m parsed 4 headers
[2m2025-12-10T10:09:00.713314Z[0m [34mDEBUG[0m [2mhyper::proto::h1::conn[0m[2m:[0m incoming body is content-length (45 bytes)
[2m2025-12-10T10:09:00.713329Z[0m [34mDEBUG[0m [2mhyper::proto::h1::conn[0m[2m:[0m incoming body completed
[2m2025-12-10T10:09:00.713348Z[0m [34mDEBUG[0m [2mhyper::client::pool[0m[2m:[0m pooling idle connection for ("http", 192.168.0.14:8545)
[2m2025-12-10T10:09:00.713382Z[0m [34mDEBUG[0m [2mhyper::client::pool[0m[2m:[0m reuse idle connection for ("http", 192.168.0.14:8545)
[2m2025-12-10T10:09:00.713433Z[0m [34mDEBUG[0m [2mhyper::proto::h1::io[0m[2m:[0m flushed 172 bytes
[2m2025-12-10T10:09:00.719008Z[0m [34mDEBUG[0m [2mhyper::proto::h1::io[0m[2m:[0m parsed 4 headers
[2m2025-12-10T10:09:00.719033Z[0m [34mDEBUG[0m [2mhyper::proto::h1::conn[0m[2m:[0m incoming body is content-length (45 bytes)
[2m2025-12-10T10:09:00.719075Z[0m [34mDEBUG[0m [2mhyper::proto::h1::conn[0m[2m:[0m incoming body completed
[2m2025-12-10T10:09:00.719091Z[0m [34mDEBUG[0m [2mhyper::client::pool[0m[2m:[0m pooling idle connection for ("http", 192.168.0.14:8545)
[2m2025-12-10T10:09:00.722319Z[0m [34mDEBUG[0m [2mhyper::proto::h1::io[0m[2m:[0m parsed 4 headers
[2m2025-12-10T10:09:00.722331Z[0m [34mDEBUG[0m [2mhyper::proto::h1::conn[0m[2m:[0m incoming body is content-length (832 bytes)
[2m2025-12-10T10:09:00.722369Z[0m [34mDEBUG[0m [2mhyper::proto::h1::conn[0m[2m:[0m incoming body completed
[2m2025-12-10T10:09:00.722379Z[0m [34mDEBUG[0m [2mhyper::client::pool[0m[2m:[0m pooling idle connection for ("http", 192.168.0.14:8545)
[2m2025-12-10T10:09:00.722385Z[0m [34mDEBUG[0m [2methereum_transaction_pool_monitor::eth_client[0m[2m:[0m 📡 Transaction fetch RPC completed in 9.247166ms
[2m2025-12-10T10:09:00.805044Z[0m [34mDEBUG[0m [2methereum_transaction_pool_monitor::eth_client[0m[2m:[0m ✅ Transaction 0xe23b527adb04bf27369e6ed28f8ca8902b5289bdd6e67b99299a2ccadf5166b1 fetched and parsed in 91.90275ms
[2m2025-12-10T10:09:00.805065Z[0m [34mDEBUG[0m [2methereum_transaction_pool_monitor::mempool_monitor[0m[2m:[0m 🔍 Skipping tx 0xe23b527adb04bf27369e6ed28f8ca8902b5289bdd6e67b99299a2ccadf5166b1 - not a DEX interaction (target: 0x3B4D794a66304F130a4Db8F2551B0070dfCf5ca7)
[2m2025-12-10T10:09:00.805074Z[0m [34mDEBUG[0m [2methereum_transaction_pool_monitor::mempool_monitor[0m[2m:[0m 📨 Processing new pending transaction: 0x5f892c29c25742a4ebb993df2077bd0f09788e0a2643d9730d25205d6965a299
[2m2025-12-10T10:09:00.805078Z[0m [34mDEBUG[0m [2methereum_transaction_pool_monitor::mempool_monitor[0m[2m:[0m 🔍 Fetching transaction details for: 0x5f892c29c25742a4ebb993df2077bd0f09788e0a2643d9730d25205d6965a299
[2m2025-12-10T10:09:00.805082Z[0m [34mDEBUG[0m [2methereum_transaction_pool_monitor::eth_client[0m[2m:[0m 🔍 Fetching transaction details for hash: 0x5f892c29c25742a4ebb993df2077bd0f09788e0a2643d9730d25205d6965a299
[2m2025-12-10T10:09:00.805105Z[0m [34mDEBUG[0m [2mhyper::client::pool[0m[2m:[0m reuse idle connection for ("http", 192.168.0.14:8545)
[2m2025-12-10T10:09:00.805146Z[0m [34mDEBUG[0m [2mhyper::proto::h1::io[0m[2m:[0m flushed 250 bytes
[2m2025-12-10T10:09:00.805165Z[0m [34mDEBUG[0m [2mhyper::client::pool[0m[2m:[0m reuse idle connection for ("http", 192.168.0.14:8545)
[2m2025-12-10T10:09:00.805171Z[0m [34mDEBUG[0m [2methereum_transaction_pool_monitor::eth_client[0m[2m:[0m 📨 Received WebSocket message: {"jsonrpc":"2.0","method":"eth_subscription","params":{"subscription":"0xbed0a0851463e895960a451075a301a9","result":"0x690874db37c2f61eb9e8e3a18ed5ea6cb8e5b268f10d9eefc9729da242997aa6"}}
[2m2025-12-10T10:09:00.805179Z[0m [34mDEBUG[0m [2mhyper::proto::h1::io[0m[2m:[0m flushed 172 bytes
[2m2025-12-10T10:09:00.805182Z[0m [34mDEBUG[0m [2methereum_transaction_pool_monitor::eth_client[0m[2m:[0m 📨 Received pending transaction: 0x690874db37c2f61eb9e8e3a18ed5ea6cb8e5b268f10d9eefc9729da242997aa6
[2m2025-12-10T10:09:00.805190Z[0m [34mDEBUG[0m [2methereum_transaction_pool_monitor::eth_client[0m[2m:[0m 📨 Received WebSocket message: {"jsonrpc":"2.0","method":"eth_subscription","params":{"subscription":"0xbed0a0851463e895960a451075a301a9","result":"0xf35538292501dc1671fdc5d306dd0c18d614235297ba1d54e88a0b811ee3eaf8"}}
[2m2025-12-10T10:09:00.805195Z[0m [34mDEBUG[0m [2methereum_transaction_pool_monitor::eth_client[0m[2m:[0m 📨 Received pending transaction: 0xf35538292501dc1671fdc5d306dd0c18d614235297ba1d54e88a0b811ee3eaf8
[2m2025-12-10T10:09:00.805199Z[0m [34mDEBUG[0m [2methereum_transaction_pool_monitor::eth_client[0m[2m:[0m 📨 Received WebSocket message: {"jsonrpc":"2.0","method":"eth_subscription","params":{"subscription":"0xbed0a0851463e895960a451075a301a9","result":"0xda9e35cbca5b2cac5c1d91550e4eb69ee4f05d56e2bd09c096cdda6ef5f786c7"}}
[2m2025-12-10T10:09:00.805204Z[0m [34mDEBUG[0m [2methereum_transaction_pool_monitor::eth_client[0m[2m:[0m 📨 Received pending transaction: 0xda9e35cbca5b2cac5c1d91550e4eb69ee4f05d56e2bd09c096cdda6ef5f786c7
[2m2025-12-10T10:09:00.809732Z[0m [34mDEBUG[0m [2mhyper::proto::h1::io[0m[2m:[0m parsed 4 headers
[2m2025-12-10T10:09:00.809786Z[0m [34mDEBUG[0m [2mhyper::proto::h1::conn[0m[2m:[0m incoming body is content-length (843 bytes)
[2m2025-12-10T10:09:00.809805Z[0m [34mDEBUG[0m [2mhyper::proto::h1::conn[0m[2m:[0m incoming body completed
[2m2025-12-10T10:09:00.809825Z[0m [34mDEBUG[0m [2mhyper::client::pool[0m[2m:[0m pooling idle connection for ("http", 192.168.0.14:8545)
[2m2025-12-10T10:09:00.809840Z[0m [34mDEBUG[0m [2methereum_transaction_pool_monitor::eth_client[0m[2m:[0m 📡 Transaction fetch RPC completed in 4.754041ms
[2m2025-12-10T10:09:00.809869Z[0m [34mDEBUG[0m [2methereum_transaction_pool_monitor::eth_client[0m[2m:[0m DeFi transaction detected - Address: 0xdac17f958d2ee523a2206206994597c13d831ec7, Type: Stablecoin, Value: 0 ETH, Gas: 182.00 Gwei
[2m2025-12-10T10:09:00.809892Z[0m [34mDEBUG[0m [2methereum_transaction_pool_monitor::eth_client[0m[2m:[0m ✅ Transaction 0x5f892c29c25742a4ebb993df2077bd0f09788e0a2643d9730d25205d6965a299 fetched and parsed in 4.805958ms
[2m2025-12-10T10:09:00.809905Z[0m [34mDEBUG[0m [2methereum_transaction_pool_monitor::mempool_monitor[0m[2m:[0m 🔍 Skipping tx 0x5f892c29c25742a4ebb993df2077bd0f09788e0a2643d9730d25205d6965a299 - not a DEX interaction (target: 0xdAC17F958D2ee523a2206206994597C13D831ec7)
[2m2025-12-10T10:09:00.809920Z[0m [34mDEBUG[0m [2methereum_transaction_pool_monitor::mempool_monitor[0m[2m:[0m 📨 Processing new pending transaction: 0x4d07273ecc61ba2bb9ae6feeea5d54214be74d77ae65bf45e4eb96675adff56b
[2m2025-12-10T10:09:00.809929Z[0m [34mDEBUG[0m [2methereum_transaction_pool_monitor::mempool_monitor[0m[2m:[0m 🔍 Fetching transaction details for: 0x4d07273ecc61ba2bb9ae6feeea5d54214be74d77ae65bf45e4eb96675adff56b
[2m2025-12-10T10:09:00.809936Z[0m [34mDEBUG[0m [2methereum_transaction_pool_monitor::eth_client[0m[2m:[0m 🔍 Fetching transaction details for hash: 0x4d07273ecc61ba2bb9ae6feeea5d54214be74d77ae65bf45e4eb96675adff56b
[2m2025-12-10T10:09:00.809960Z[0m [34mDEBUG[0m [2mhyper::client::pool[0m[2m:[0m reuse idle connection for ("http", 192.168.0.14:8545)
[2m2025-12-10T10:09:00.809997Z[0m [34mDEBUG[0m [2mhyper::proto::h1::io[0m[2m:[0m flushed 250 bytes
[2m2025-12-10T10:09:00.810435Z[0m [34mDEBUG[0m [2mhyper::proto::h1::io[0m[2m:[0m parsed 4 headers
[2m2025-12-10T10:09:00.810447Z[0m [34mDEBUG[0m [2mhyper::proto::h1::conn[0m[2m:[0m incoming body is content-length (45 bytes)
[2m2025-12-10T10:09:00.810458Z[0m [34mDEBUG[0m [2mhyper::proto::h1::conn[0m[2m:[0m incoming body completed
[2m2025-12-10T10:09:00.810471Z[0m [34mDEBUG[0m [2mhyper::client::pool[0m[2m:[0m pooling idle connection for ("http", 192.168.0.14:8545)
[2m2025-12-10T10:09:00.814047Z[0m [34mDEBUG[0m [2mhyper::proto::h1::io[0m[2m:[0m parsed 4 headers
[2m2025-12-10T10:09:00.814065Z[0m [34mDEBUG[0m [2mhyper::proto::h1::conn[0m[2m:[0m incoming body is content-length (771 bytes)
[2m2025-12-10T10:09:00.814075Z[0m [34mDEBUG[0m [2mhyper::proto::h1::conn[0m[2m:[0m incoming body completed
[2m2025-12-10T10:09:00.814088Z[0m [34mDEBUG[0m [2mhyper::client::pool[0m[2m:[0m pooling idle connection for ("http", 192.168.0.14:8545)
[2m2025-12-10T10:09:00.814097Z[0m [34mDEBUG[0m [2methereum_transaction_pool_monitor::eth_client[0m[2m:[0m 📡 Transaction fetch RPC completed in 4.153083ms
[2m2025-12-10T10:09:00.899485Z[0m [34mDEBUG[0m [2methereum_transaction_pool_monitor::eth_client[0m[2m:[0m ✅ Transaction 0x4d07273ecc61ba2bb9ae6feeea5d54214be74d77ae65bf45e4eb96675adff56b fetched and parsed in 89.53775ms
[2m2025-12-10T10:09:00.899509Z[0m [34mDEBUG[0m [2methereum_transaction_pool_monitor::mempool_monitor[0m[2m:[0m 🔍 Skipping tx 0x4d07273ecc61ba2bb9ae6feeea5d54214be74d77ae65bf45e4eb96675adff56b - not a DEX interaction (target: 0xA0b86991c6218b36c1d19D4a2e9Eb0cE3606eB48)
[2m2025-12-10T10:09:00.899519Z[0m [34mDEBUG[0m [2methereum_transaction_pool_monitor::mempool_monitor[0m[2m:[0m 📨 Processing new pending transaction: 0x87ef1828c866ea120867a1973bceedcd67f6f85f99674b48b216e42af9589468
[2m2025-12-10T10:09:00.899523Z[0m [34mDEBUG[0m [2methereum_transaction_pool_monitor::mempool_monitor[0m[2m:[0m 🔍 Fetching transaction details for: 0x87ef1828c866ea120867a1973bceedcd67f6f85f99674b48b216e42af9589468
[2m2025-12-10T10:09:00.899527Z[0m [34mDEBUG[0m [2methereum_transaction_pool_monitor::eth_client[0m[2m:[0m 🔍 Fetching transaction details for hash: 0x87ef1828c866ea120867a1973bceedcd67f6f85f99674b48b216e42af9589468
[2m2025-12-10T10:09:00.899550Z[0m [34mDEBUG[0m [2mhyper::client::pool[0m[2m:[0m reuse idle connection for ("http", 192.168.0.14:8545)
[2m2025-12-10T10:09:00.899605Z[0m [34mDEBUG[0m [2mhyper::proto::h1::io[0m[2m:[0m flushed 250 bytes
[2m2025-12-10T10:09:00.899656Z[0m [34mDEBUG[0m [2mhyper::client::pool[0m[2m:[0m reuse idle connection for ("http", 192.168.0.14:8545)
[2m2025-12-10T10:09:00.899726Z[0m [34mDEBUG[0m [2mhyper::proto::h1::io[0m[2m:[0m flushed 172 bytes
[2m2025-12-10T10:09:00.903004Z[0m [34mDEBUG[0m [2mhyper::proto::h1::io[0m[2m:[0m parsed 4 headers
[2m2025-12-10T10:09:00.903023Z[0m [34mDEBUG[0m [2mhyper::proto::h1::conn[0m[2m:[0m incoming body is content-length (1219 bytes)
[2m2025-12-10T10:09:00.903039Z[0m [34mDEBUG[0m [2mhyper::proto::h1::conn[0m[2m:[0m incoming body completed
[2m2025-12-10T10:09:00.903058Z[0m [34mDEBUG[0m [2mhyper::client::pool[0m[2m:[0m pooling idle connection for ("http", 192.168.0.14:8545)
[2m2025-12-10T10:09:00.903071Z[0m [34mDEBUG[0m [2methereum_transaction_pool_monitor::eth_client[0m[2m:[0m 📡 Transaction fetch RPC completed in 3.539917ms
[2m2025-12-10T10:09:00.987370Z[0m [34mDEBUG[0m [2methereum_transaction_pool_monitor::eth_client[0m[2m:[0m ✅ Transaction 0x87ef1828c866ea120867a1973bceedcd67f6f85f99674b48b216e42af9589468 fetched and parsed in 87.83475ms
[2m2025-12-10T10:09:00.987406Z[0m [34mDEBUG[0m [2methereum_transaction_pool_monitor::mempool_monitor[0m[2m:[0m 🔍 Skipping tx 0x87ef1828c866ea120867a1973bceedcd67f6f85f99674b48b216e42af9589468 - not a DEX interaction (target: 0xF6801D319497789f934ec7F83E142a9536312B08)
[2m2025-12-10T10:09:00.987416Z[0m [34mDEBUG[0m [2methereum_transaction_pool_monitor::mempool_monitor[0m[2m:[0m 📨 Processing new pending transaction: 0x8d6e9d848e2243df2131a6ee0f6498b56302aa4dd930fbec009f1382ff610e48
[2m2025-12-10T10:09:00.987421Z[0m [34mDEBUG[0m [2methereum_transaction_pool_monitor::mempool_monitor[0m[2m:[0m 🔍 Fetching transaction details for: 0x8d6e9d848e2243df2131a6ee0f6498b56302aa4dd930fbec009f1382ff610e48
[2m2025-12-10T10:09:00.987425Z[0m [34mDEBUG[0m [2methereum_transaction_pool_monitor::eth_client[0m[2m:[0m 🔍 Fetching transaction details for hash: 0x8d6e9d848e2243df2131a6ee0f6498b56302aa4dd930fbec009f1382ff610e48
[2m2025-12-10T10:09:00.987448Z[0m [34mDEBUG[0m [2mhyper::client::pool[0m[2m:[0m reuse idle connection for ("http", 192.168.0.14:8545)
[2m2025-12-10T10:09:00.987532Z[0m [34mDEBUG[0m [2mhyper::proto::h1::io[0m[2m:[0m flushed 250 bytes
[2m2025-12-10T10:09:00.987562Z[0m [34mDEBUG[0m [2methereum_transaction_pool_monitor::eth_client[0m[2m:[0m 📨 Received WebSocket message: {"jsonrpc":"2.0","method":"eth_subscription","params":{"subscription":"0xbed0a0851463e895960a451075a301a9","result":"0xb916723ef2307e3ebea63a7c39a4414fda23a895a3ef63a0681388291868929e"}}
[2m2025-12-10T10:09:00.987571Z[0m [34mDEBUG[0m [2methereum_transaction_pool_monitor::eth_client[0m[2m:[0m 📨 Received pending transaction: 0xb916723ef2307e3ebea63a7c39a4414fda23a895a3ef63a0681388291868929e
[2m2025-12-10T10:09:00.987577Z[0m [34mDEBUG[0m [2methereum_transaction_pool_monitor::eth_client[0m[2m:[0m 📨 Received WebSocket message: {"jsonrpc":"2.0","method":"eth_subscription","params":{"subscription":"0xbed0a0851463e895960a451075a301a9","result":"0x52a6930137eb6597e5611256d74d3dc525e427f4b51ba84c7954b54cc910906e"}}
[2m2025-12-10T10:09:00.987582Z[0m [34mDEBUG[0m [2methereum_transaction_pool_monitor::eth_client[0m[2m:[0m 📨 Received pending transaction: 0x52a6930137eb6597e5611256d74d3dc525e427f4b51ba84c7954b54cc910906e
[2m2025-12-10T10:09:00.987581Z[0m [34mDEBUG[0m [2mhyper::proto::h1::io[0m[2m:[0m parsed 4 headers
[2m2025-12-10T10:09:00.987615Z[0m [34mDEBUG[0m [2mhyper::proto::h1::conn[0m[2m:[0m incoming body is content-length (45 bytes)
[2m2025-12-10T10:09:00.987636Z[0m [34mDEBUG[0m [2mhyper::proto::h1::conn[0m[2m:[0m incoming body completed
[2m2025-12-10T10:09:00.987645Z[0m [34mDEBUG[0m [2mhyper::client::pool[0m[2m:[0m pooling idle connection for ("http", 192.168.0.14:8545)
[2m2025-12-10T10:09:00.992379Z[0m [34mDEBUG[0m [2mhyper::proto::h1::io[0m[2m:[0m parsed 4 headers
[2m2025-12-10T10:09:00.992412Z[0m [34mDEBUG[0m [2mhyper::proto::h1::conn[0m[2m:[0m incoming body is content-length (774 bytes)
[2m2025-12-10T10:09:00.992428Z[0m [34mDEBUG[0m [2mhyper::proto::h1::conn[0m[2m:[0m incoming body completed
[2m2025-12-10T10:09:00.992448Z[0m [34mDEBUG[0m [2mhyper::client::pool[0m[2m:[0m pooling idle connection for ("http", 192.168.0.14:8545)
[2m2025-12-10T10:09:00.992464Z[0m [34mDEBUG[0m [2methereum_transaction_pool_monitor::eth_client[0m[2m:[0m 📡 Transaction fetch RPC completed in 5.034834ms
[2m2025-12-10T10:09:01.073807Z[0m [34mDEBUG[0m [2methereum_transaction_pool_monitor::eth_client[0m[2m:[0m ✅ Transaction 0x8d6e9d848e2243df2131a6ee0f6498b56302aa4dd930fbec009f1382ff610e48 fetched and parsed in 86.374375ms
[2m2025-12-10T10:09:01.073849Z[0m [34mDEBUG[0m [2methereum_transaction_pool_monitor::mempool_monitor[0m[2m:[0m 🔍 Skipping tx 0x8d6e9d848e2243df2131a6ee0f6498b56302aa4dd930fbec009f1382ff610e48 - not a DEX interaction (target: 0xA0b86991c6218b36c1d19D4a2e9Eb0cE3606eB48)
[2m2025-12-10T10:09:01.073860Z[0m [34mDEBUG[0m [2methereum_transaction_pool_monitor::mempool_monitor[0m[2m:[0m 📨 Processing new pending transaction: 0x35f0ccfc502098b356acbbe5133491867965bbc7a23c05d4da1cc43ebcae4a89
[2m2025-12-10T10:09:01.073867Z[0m [34mDEBUG[0m [2methereum_transaction_pool_monitor::mempool_monitor[0m[2m:[0m 🔍 Fetching transaction details for: 0x35f0ccfc502098b356acbbe5133491867965bbc7a23c05d4da1cc43ebcae4a89
[2m2025-12-10T10:09:01.073871Z[0m [34mDEBUG[0m [2methereum_transaction_pool_monitor::eth_client[0m[2m:[0m 🔍 Fetching transaction details for hash: 0x35f0ccfc502098b356acbbe5133491867965bbc7a23c05d4da1cc43ebcae4a89
[2m2025-12-10T10:09:01.073897Z[0m [34mDEBUG[0m [2mhyper::client::pool[0m[2m:[0m reuse idle connection for ("http", 192.168.0.14:8545)
[2m2025-12-10T10:09:01.073983Z[0m [34mDEBUG[0m [2mhyper::proto::h1::io[0m[2m:[0m flushed 250 bytes
[2m2025-12-10T10:09:01.074012Z[0m [34mDEBUG[0m [2mhyper::client::pool[0m[2m:[0m reuse idle connection for ("http", 192.168.0.14:8545)
[2m2025-12-10T10:09:01.074036Z[0m [34mDEBUG[0m [2mhyper::proto::h1::io[0m[2m:[0m flushed 172 bytes
[2m2025-12-10T10:09:01.074103Z[0m [34mDEBUG[0m [2methereum_transaction_pool_monitor::eth_client[0m[2m:[0m 📨 Received WebSocket message: {"jsonrpc":"2.0","method":"eth_subscription","params":{"subscription":"0xbed0a0851463e895960a451075a301a9","result":"0x95ec5db05977f16ed94d0794c4b339aaf5bbb516184b09205ba3ecb6daf8f5f7"}}
[2m2025-12-10T10:09:01.074112Z[0m [34mDEBUG[0m [2methereum_transaction_pool_monitor::eth_client[0m[2m:[0m 📨 Received pending transaction: 0x95ec5db05977f16ed94d0794c4b339aaf5bbb516184b09205ba3ecb6daf8f5f7
[2m2025-12-10T10:09:01.078860Z[0m [34mDEBUG[0m [2mhyper::proto::h1::io[0m[2m:[0m parsed 4 headers
[2m2025-12-10T10:09:01.078913Z[0m [34mDEBUG[0m [2mhyper::proto::h1::conn[0m[2m:[0m incoming body is content-length (45 bytes)
[2m2025-12-10T10:09:01.078929Z[0m [34mDEBUG[0m [2mhyper::proto::h1::conn[0m[2m:[0m incoming body completed
[2m2025-12-10T10:09:01.078943Z[0m [34mDEBUG[0m [2mhyper::client::pool[0m[2m:[0m pooling idle connection for ("http", 192.168.0.14:8545)
[2m2025-12-10T10:09:01.079420Z[0m [34mDEBUG[0m [2mhyper::proto::h1::io[0m[2m:[0m parsed 4 headers
[2m2025-12-10T10:09:01.079447Z[0m [34mDEBUG[0m [2mhyper::proto::h1::conn[0m[2m:[0m incoming body is content-length (831 bytes)
[2m2025-12-10T10:09:01.079462Z[0m [34mDEBUG[0m [2mhyper::proto::h1::conn[0m[2m:[0m incoming body completed
[2m2025-12-10T10:09:01.079479Z[0m [34mDEBUG[0m [2mhyper::client::pool[0m[2m:[0m pooling idle connection for ("http", 192.168.0.14:8545)
[2m2025-12-10T10:09:01.079493Z[0m [34mDEBUG[0m [2methereum_transaction_pool_monitor::eth_client[0m[2m:[0m 📡 Transaction fetch RPC completed in 5.617208ms
[2m2025-12-10T10:09:01.159219Z[0m [34mDEBUG[0m [2methereum_transaction_pool_monitor::eth_client[0m[2m:[0m ✅ Transaction 0x35f0ccfc502098b356acbbe5133491867965bbc7a23c05d4da1cc43ebcae4a89 fetched and parsed in 85.339125ms
[2m2025-12-10T10:09:01.159248Z[0m [34mDEBUG[0m [2methereum_transaction_pool_monitor::mempool_monitor[0m[2m:[0m 🔍 Skipping tx 0x35f0ccfc502098b356acbbe5133491867965bbc7a23c05d4da1cc43ebcae4a89 - not a DEX interaction (target: 0x3B4D794a66304F130a4Db8F2551B0070dfCf5ca7)
[2m2025-12-10T10:09:01.159259Z[0m [34mDEBUG[0m [2methereum_transaction_pool_monitor::mempool_monitor[0m[2m:[0m 📨 Processing new pending transaction: 0x13c428ce59959fe64c263ee493cea66de7e563ad130c69a43b9637f91b0b60f3
[2m2025-12-10T10:09:01.159264Z[0m [34mDEBUG[0m [2methereum_transaction_pool_monitor::mempool_monitor[0m[2m:[0m 🔍 Fetching transaction details for: 0x13c428ce59959fe64c263ee493cea66de7e563ad130c69a43b9637f91b0b60f3
[2m2025-12-10T10:09:01.159267Z[0m [34mDEBUG[0m [2methereum_transaction_pool_monitor::eth_client[0m[2m:[0m 🔍 Fetching transaction details for hash: 0x13c428ce59959fe64c263ee493cea66de7e563ad130c69a43b9637f91b0b60f3
[2m2025-12-10T10:09:01.159292Z[0m [34mDEBUG[0m [2mhyper::client::pool[0m[2m:[0m reuse idle connection for ("http", 192.168.0.14:8545)
[2m2025-12-10T10:09:01.159358Z[0m [34mDEBUG[0m [2mhyper::proto::h1::io[0m[2m:[0m flushed 250 bytes
[2m2025-12-10T10:09:01.159389Z[0m [34mDEBUG[0m [2mhyper::client::pool[0m[2m:[0m reuse idle connection for ("http", 192.168.0.14:8545)
[2m2025-12-10T10:09:01.159406Z[0m [34mDEBUG[0m [2mhyper::proto::h1::io[0m[2m:[0m flushed 172 bytes
[2m2025-12-10T10:09:01.162632Z[0m [34mDEBUG[0m [2mhyper::proto::h1::io[0m[2m:[0m parsed 4 headers
[2m2025-12-10T10:09:01.162679Z[0m [34mDEBUG[0m [2mhyper::proto::h1::conn[0m[2m:[0m incoming body is content-length (643 bytes)
[2m2025-12-10T10:09:01.162696Z[0m [34mDEBUG[0m [2mhyper::proto::h1::conn[0m[2m:[0m incoming body completed
[2m2025-12-10T10:09:01.162718Z[0m [34mDEBUG[0m [2mhyper::client::pool[0m[2m:[0m pooling idle connection for ("http", 192.168.0.14:8545)
[2m2025-12-10T10:09:01.162733Z[0m [34mDEBUG[0m [2methereum_transaction_pool_monitor::eth_client[0m[2m:[0m 📡 Transaction fetch RPC completed in 3.461583ms
[2m2025-12-10T10:09:01.242900Z[0m [34mDEBUG[0m [2methereum_transaction_pool_monitor::eth_client[0m[2m:[0m ✅ Transaction 0x13c428ce59959fe64c263ee493cea66de7e563ad130c69a43b9637f91b0b60f3 fetched and parsed in 83.625041ms
[2m2025-12-10T10:09:01.242925Z[0m [34mDEBUG[0m [2methereum_transaction_pool_monitor::mempool_monitor[0m[2m:[0m 🔍 Skipping tx 0x13c428ce59959fe64c263ee493cea66de7e563ad130c69a43b9637f91b0b60f3 - not a DEX interaction (target: 0x0beB3fe88e1b5715fc563A063B8687Fc0D69c9Cd)
[2m2025-12-10T10:09:01.242937Z[0m [34mDEBUG[0m [2methereum_transaction_pool_monitor::mempool_monitor[0m[2m:[0m 📨 Processing new pending transaction: 0x1b721e8d7dd89109e1891310a2ae3fe80ef4f80469dd1dd7ddbaa997297796dc
[2m2025-12-10T10:09:01.242942Z[0m [34mDEBUG[0m [2methereum_transaction_pool_monitor::mempool_monitor[0m[2m:[0m 🔍 Fetching transaction details for: 0x1b721e8d7dd89109e1891310a2ae3fe80ef4f80469dd1dd7ddbaa997297796dc
[2m2025-12-10T10:09:01.242946Z[0m [34mDEBUG[0m [2methereum_transaction_pool_monitor::eth_client[0m[2m:[0m 🔍 Fetching transaction details for hash: 0x1b721e8d7dd89109e1891310a2ae3fe80ef4f80469dd1dd7ddbaa997297796dc
[2m2025-12-10T10:09:01.242969Z[0m [34mDEBUG[0m [2mhyper::client::pool[0m[2m:[0m reuse idle connection for ("http", 192.168.0.14:8545)
[2m2025-12-10T10:09:01.243009Z[0m [34mDEBUG[0m [2mhyper::proto::h1::io[0m[2m:[0m flushed 250 bytes
[2m2025-12-10T10:09:01.243027Z[0m [34mDEBUG[0m [2mhyper::proto::h1::io[0m[2m:[0m parsed 4 headers
[2m2025-12-10T10:09:01.243031Z[0m [34mDEBUG[0m [2mhyper::proto::h1::conn[0m[2m:[0m incoming body is content-length (45 bytes)
[2m2025-12-10T10:09:01.243038Z[0m [34mDEBUG[0m [2mhyper::proto::h1::conn[0m[2m:[0m incoming body completed
[2m2025-12-10T10:09:01.243046Z[0m [34mDEBUG[0m [2mhyper::client::pool[0m[2m:[0m pooling idle connection for ("http", 192.168.0.14:8545)
[2m2025-12-10T10:09:01.243064Z[0m [34mDEBUG[0m [2mhyper::client::pool[0m[2m:[0m reuse idle connection for ("http", 192.168.0.14:8545)
[2m2025-12-10T10:09:01.243083Z[0m [34mDEBUG[0m [2mhyper::proto::h1::io[0m[2m:[0m flushed 172 bytes
[2m2025-12-10T10:09:01.247899Z[0m [34mDEBUG[0m [2mhyper::proto::h1::io[0m[2m:[0m parsed 4 headers
[2m2025-12-10T10:09:01.247927Z[0m [34mDEBUG[0m [2mhyper::proto::h1::conn[0m[2m:[0m incoming body is content-length (45 bytes)
[2m2025-12-10T10:09:01.247945Z[0m [34mDEBUG[0m [2mhyper::proto::h1::conn[0m[2m:[0m incoming body completed
[2m2025-12-10T10:09:01.247966Z[0m [34mDEBUG[0m [2mhyper::client::pool[0m[2m:[0m pooling idle connection for ("http", 192.168.0.14:8545)
[2m2025-12-10T10:09:01.251833Z[0m [34mDEBUG[0m [2mhyper::proto::h1::io[0m[2m:[0m parsed 4 headers
[2m2025-12-10T10:09:01.255386Z[0m [34mDEBUG[0m [2mhyper::proto::h1::conn[0m[2m:[0m incoming body is content-length (1730 bytes)
[2m2025-12-10T10:09:01.255400Z[0m [34mDEBUG[0m [2mhyper::proto::h1::conn[0m[2m:[0m incoming body completed
[2m2025-12-10T10:09:01.255423Z[0m [34mDEBUG[0m [2mhyper::client::pool[0m[2m:[0m pooling idle connection for ("http", 192.168.0.14:8545)
[2m2025-12-10T10:09:01.255436Z[0m [34mDEBUG[0m [2methereum_transaction_pool_monitor::eth_client[0m[2m:[0m 📡 Transaction fetch RPC completed in 12.486417ms
[2m2025-12-10T10:09:01.338323Z[0m [34mDEBUG[0m [2methereum_transaction_pool_monitor::eth_client[0m[2m:[0m ✅ Transaction 0x1b721e8d7dd89109e1891310a2ae3fe80ef4f80469dd1dd7ddbaa997297796dc fetched and parsed in 95.369625ms
[2m2025-12-10T10:09:01.338357Z[0m [34mDEBUG[0m [2methereum_transaction_pool_monitor::mempool_monitor[0m[2m:[0m 🔍 Skipping tx 0x1b721e8d7dd89109e1891310a2ae3fe80ef4f80469dd1dd7ddbaa997297796dc - not a DEX interaction (target: 0x601a2aD6CB5949f0529735254189Ba3194221EDF)
[2m2025-12-10T10:09:01.338369Z[0m [34mDEBUG[0m [2methereum_transaction_pool_monitor::mempool_monitor[0m[2m:[0m 📨 Processing new pending transaction: 0x013aacf788bd50b44b8b03527758b230aea83c84925cfd3867dd6d7da5af87e0
[2m2025-12-10T10:09:01.338374Z[0m [34mDEBUG[0m [2methereum_transaction_pool_monitor::mempool_monitor[0m[2m:[0m 🔍 Fetching transaction details for: 0x013aacf788bd50b44b8b03527758b230aea83c84925cfd3867dd6d7da5af87e0
[2m2025-12-10T10:09:01.338378Z[0m [34mDEBUG[0m [2methereum_transaction_pool_monitor::eth_client[0m[2m:[0m 🔍 Fetching transaction details for hash: 0x013aacf788bd50b44b8b03527758b230aea83c84925cfd3867dd6d7da5af87e0
[2m2025-12-10T10:09:01.338403Z[0m [34mDEBUG[0m [2mhyper::client::pool[0m[2m:[0m reuse idle connection for ("http", 192.168.0.14:8545)
[2m2025-12-10T10:09:01.338481Z[0m [34mDEBUG[0m [2mhyper::proto::h1::io[0m[2m:[0m flushed 250 bytes
[2m2025-12-10T10:09:01.338504Z[0m [34mDEBUG[0m [2mhyper::client::pool[0m[2m:[0m reuse idle connection for ("http", 192.168.0.14:8545)
[2m2025-12-10T10:09:01.338525Z[0m [34mDEBUG[0m [2mhyper::proto::h1::io[0m[2m:[0m flushed 172 bytes
[2m2025-12-10T10:09:01.338565Z[0m [34mDEBUG[0m [2methereum_transaction_pool_monitor::eth_client[0m[2m:[0m 📨 Received WebSocket message: {"jsonrpc":"2.0","method":"eth_subscription","params":{"subscription":"0xbed0a0851463e895960a451075a301a9","result":"0xa446f05d1a1bc11f34ebb470125962686a99e35248abef220939a3bcee02094e"}}
[2m2025-12-10T10:09:01.338582Z[0m [34mDEBUG[0m [2methereum_transaction_pool_monitor::eth_client[0m[2m:[0m 📨 Received pending transaction: 0xa446f05d1a1bc11f34ebb470125962686a99e35248abef220939a3bcee02094e
[2m2025-12-10T10:09:01.342155Z[0m [34mDEBUG[0m [2mhyper::proto::h1::io[0m[2m:[0m parsed 4 headers
[2m2025-12-10T10:09:01.342179Z[0m [34mDEBUG[0m [2mhyper::proto::h1::conn[0m[2m:[0m incoming body is content-length (45 bytes)
[2m2025-12-10T10:09:01.342189Z[0m [34mDEBUG[0m [2mhyper::proto::h1::conn[0m[2m:[0m incoming body completed
[2m2025-12-10T10:09:01.342202Z[0m [34mDEBUG[0m [2mhyper::client::pool[0m[2m:[0m pooling idle connection for ("http", 192.168.0.14:8545)
[2m2025-12-10T10:09:01.342344Z[0m [34mDEBUG[0m [2methereum_transaction_pool_monitor::eth_client[0m[2m:[0m 📨 Received WebSocket message: {"jsonrpc":"2.0","method":"eth_subscription","params":{"subscription":"0xbed0a0851463e895960a451075a301a9","result":"0x679136471ebfa45cbdc8e5c226c3a10ba4c7cb592fd7df7c08ed4fffccda8f6f"}}
[2m2025-12-10T10:09:01.342354Z[0m [34mDEBUG[0m [2methereum_transaction_pool_monitor::eth_client[0m[2m:[0m 📨 Received pending transaction: 0x679136471ebfa45cbdc8e5c226c3a10ba4c7cb592fd7df7c08ed4fffccda8f6f
[2m2025-12-10T10:09:01.342364Z[0m [34mDEBUG[0m [2mhyper::proto::h1::io[0m[2m:[0m parsed 4 headers
[2m2025-12-10T10:09:01.342368Z[0m [34mDEBUG[0m [2mhyper::proto::h1::conn[0m[2m:[0m incoming body is content-length (836 bytes)
[2m2025-12-10T10:09:01.342372Z[0m [34mDEBUG[0m [2mhyper::proto::h1::conn[0m[2m:[0m incoming body completed
[2m2025-12-10T10:09:01.342379Z[0m [34mDEBUG[0m [2mhyper::client::pool[0m[2m:[0m pooling idle connection for ("http", 192.168.0.14:8545)
[2m2025-12-10T10:09:01.342383Z[0m [34mDEBUG[0m [2methereum_transaction_pool_monitor::eth_client[0m[2m:[0m 📡 Transaction fetch RPC completed in 4.001292ms
[2m2025-12-10T10:09:01.420899Z[0m [34mDEBUG[0m [2methereum_transaction_pool_monitor::eth_client[0m[2m:[0m ✅ Transaction 0x013aacf788bd50b44b8b03527758b230aea83c84925cfd3867dd6d7da5af87e0 fetched and parsed in 82.512833ms
[2m2025-12-10T10:09:01.420928Z[0m [34mDEBUG[0m [2methereum_transaction_pool_monitor::mempool_monitor[0m[2m:[0m 🔍 Skipping tx 0x013aacf788bd50b44b8b03527758b230aea83c84925cfd3867dd6d7da5af87e0 - not a DEX interaction (target: 0x87870Bca3F3fD6335C3F4ce8392D69350B4fA4E2)
[2m2025-12-10T10:09:01.420938Z[0m [34mDEBUG[0m [2methereum_transaction_pool_monitor::mempool_monitor[0m[2m:[0m 📨 Processing new pending transaction: 0x632de6a8b5053d1560163d1c12744b5f1dec6e903913d049d39c37f2583e8b4c
[2m2025-12-10T10:09:01.420943Z[0m [34mDEBUG[0m [2methereum_transaction_pool_monitor::mempool_monitor[0m[2m:[0m 🔍 Fetching transaction details for: 0x632de6a8b5053d1560163d1c12744b5f1dec6e903913d049d39c37f2583e8b4c
[2m2025-12-10T10:09:01.420947Z[0m [34mDEBUG[0m [2methereum_transaction_pool_monitor::eth_client[0m[2m:[0m 🔍 Fetching transaction details for hash: 0x632de6a8b5053d1560163d1c12744b5f1dec6e903913d049d39c37f2583e8b4c
[2m2025-12-10T10:09:01.420971Z[0m [34mDEBUG[0m [2mhyper::client::pool[0m[2m:[0m reuse idle connection for ("http", 192.168.0.14:8545)
[2m2025-12-10T10:09:01.421041Z[0m [34mDEBUG[0m [2mhyper::proto::h1::io[0m[2m:[0m flushed 250 bytes
[2m2025-12-10T10:09:01.421063Z[0m [34mDEBUG[0m [2mhyper::client::pool[0m[2m:[0m reuse idle connection for ("http", 192.168.0.14:8545)
[2m2025-12-10T10:09:01.421081Z[0m [34mDEBUG[0m [2mhyper::proto::h1::io[0m[2m:[0m flushed 172 bytes
[2m2025-12-10T10:09:01.421112Z[0m [34mDEBUG[0m [2methereum_transaction_pool_monitor::eth_client[0m[2m:[0m 📨 Received WebSocket message: {"jsonrpc":"2.0","method":"eth_subscription","params":{"subscription":"0xbed0a0851463e895960a451075a301a9","result":"0x074b5bc0732e498826a39cc07d4314fd475a4b1a53adfe346389b10eb64dc574"}}
[2m2025-12-10T10:09:01.421119Z[0m [34mDEBUG[0m [2methereum_transaction_pool_monitor::eth_client[0m[2m:[0m 📨 Received pending transaction: 0x074b5bc0732e498826a39cc07d4314fd475a4b1a53adfe346389b10eb64dc574
[2m2025-12-10T10:09:01.425838Z[0m [34mDEBUG[0m [2mhyper::proto::h1::io[0m[2m:[0m parsed 4 headers
[2m2025-12-10T10:09:01.425874Z[0m [34mDEBUG[0m [2mhyper::proto::h1::conn[0m[2m:[0m incoming body is content-length (45 bytes)
[2m2025-12-10T10:09:01.425890Z[0m [34mDEBUG[0m [2mhyper::proto::h1::conn[0m[2m:[0m incoming body completed
[2m2025-12-10T10:09:01.425909Z[0m [34mDEBUG[0m [2mhyper::client::pool[0m[2m:[0m pooling idle connection for ("http", 192.168.0.14:8545)
[2m2025-12-10T10:09:01.426490Z[0m [34mDEBUG[0m [2mhyper::proto::h1::io[0m[2m:[0m parsed 4 headers
[2m2025-12-10T10:09:01.426509Z[0m [34mDEBUG[0m [2mhyper::proto::h1::conn[0m[2m:[0m incoming body is content-length (835 bytes)
[2m2025-12-10T10:09:01.426521Z[0m [34mDEBUG[0m [2mhyper::proto::h1::conn[0m[2m:[0m incoming body completed
[2m2025-12-10T10:09:01.426536Z[0m [34mDEBUG[0m [2mhyper::client::pool[0m[2m:[0m pooling idle connection for ("http", 192.168.0.14:8545)
[2m2025-12-10T10:09:01.426548Z[0m [34mDEBUG[0m [2methereum_transaction_pool_monitor::eth_client[0m[2m:[0m 📡 Transaction fetch RPC completed in 5.597584ms
[2m2025-12-10T10:09:01.503643Z[0m [34mDEBUG[0m [2methereum_transaction_pool_monitor::eth_client[0m[2m:[0m ✅ Transaction 0x632de6a8b5053d1560163d1c12744b5f1dec6e903913d049d39c37f2583e8b4c fetched and parsed in 82.688125ms
[2m2025-12-10T10:09:01.503680Z[0m [34mDEBUG[0m [2methereum_transaction_pool_monitor::mempool_monitor[0m[2m:[0m 🔍 Skipping tx 0x632de6a8b5053d1560163d1c12744b5f1dec6e903913d049d39c37f2583e8b4c - not a DEX interaction (target: 0x3B4D794a66304F130a4Db8F2551B0070dfCf5ca7)
[2m2025-12-10T10:09:01.503691Z[0m [34mDEBUG[0m [2methereum_transaction_pool_monitor::mempool_monitor[0m[2m:[0m 📨 Processing new pending transaction: 0x11174e07c478b89134ea810e045171196f3acb2c75e1c7b0cc3156e276b9c9c1
[2m2025-12-10T10:09:01.503696Z[0m [34mDEBUG[0m [2methereum_transaction_pool_monitor::mempool_monitor[0m[2m:[0m 🔍 Fetching transaction details for: 0x11174e07c478b89134ea810e045171196f3acb2c75e1c7b0cc3156e276b9c9c1
[2m2025-12-10T10:09:01.503700Z[0m [34mDEBUG[0m [2methereum_transaction_pool_monitor::eth_client[0m[2m:[0m 🔍 Fetching transaction details for hash: 0x11174e07c478b89134ea810e045171196f3acb2c75e1c7b0cc3156e276b9c9c1
[2m2025-12-10T10:09:01.503725Z[0m [34mDEBUG[0m [2mhyper::client::pool[0m[2m:[0m reuse idle connection for ("http", 192.168.0.14:8545)
[2m2025-12-10T10:09:01.503802Z[0m [34mDEBUG[0m [2mhyper::proto::h1::io[0m[2m:[0m flushed 250 bytes
[2m2025-12-10T10:09:01.503832Z[0m [34mDEBUG[0m [2mhyper::client::pool[0m[2m:[0m reuse idle connection for ("http", 192.168.0.14:8545)
[2m2025-12-10T10:09:01.503856Z[0m [34mDEBUG[0m [2mhyper::proto::h1::io[0m[2m:[0m flushed 172 bytes
[2m2025-12-10T10:09:01.503881Z[0m [34mDEBUG[0m [2methereum_transaction_pool_monitor::eth_client[0m[2m:[0m 📨 Received WebSocket message: {"jsonrpc":"2.0","method":"eth_subscription","params":{"subscription":"0xbed0a0851463e895960a451075a301a9","result":"0x39f29ed660d3dfef393aa389b810f0a398ac2334c4fbb1332dd4f3371cb5d5aa"}}
[2m2025-12-10T10:09:01.503889Z[0m [34mDEBUG[0m [2methereum_transaction_pool_monitor::eth_client[0m[2m:[0m 📨 Received pending transaction: 0x39f29ed660d3dfef393aa389b810f0a398ac2334c4fbb1332dd4f3371cb5d5aa
[2m2025-12-10T10:09:01.507065Z[0m [34mDEBUG[0m [2mhyper::proto::h1::io[0m[2m:[0m parsed 4 headers
[2m2025-12-10T10:09:01.507108Z[0m [34mDEBUG[0m [2mhyper::proto::h1::conn[0m[2m:[0m incoming body is content-length (45 bytes)
[2m2025-12-10T10:09:01.507125Z[0m [34mDEBUG[0m [2mhyper::proto::h1::conn[0m[2m:[0m incoming body completed
[2m2025-12-10T10:09:01.507144Z[0m [34mDEBUG[0m [2mhyper::client::pool[0m[2m:[0m pooling idle connection for ("http", 192.168.0.14:8545)
[2m2025-12-10T10:09:01.507749Z[0m [34mDEBUG[0m [2mhyper::proto::h1::io[0m[2m:[0m parsed 4 headers
[2m2025-12-10T10:09:01.507774Z[0m [34mDEBUG[0m [2mhyper::proto::h1::conn[0m[2m:[0m incoming body is content-length (554 bytes)
[2m2025-12-10T10:09:01.507788Z[0m [34mDEBUG[0m [2mhyper::proto::h1::conn[0m[2m:[0m incoming body completed
[2m2025-12-10T10:09:01.507806Z[0m [34mDEBUG[0m [2mhyper::client::pool[0m[2m:[0m pooling idle connection for ("http", 192.168.0.14:8545)
[2m2025-12-10T10:09:01.507821Z[0m [34mDEBUG[0m [2methereum_transaction_pool_monitor::eth_client[0m[2m:[0m 📡 Transaction fetch RPC completed in 4.116958ms
[2m2025-12-10T10:09:01.585767Z[0m [34mDEBUG[0m [2methereum_transaction_pool_monitor::eth_client[0m[2m:[0m ✅ Transaction 0x11174e07c478b89134ea810e045171196f3acb2c75e1c7b0cc3156e276b9c9c1 fetched and parsed in 82.059792ms
[2m2025-12-10T10:09:01.585789Z[0m [34mDEBUG[0m [2methereum_transaction_pool_monitor::mempool_monitor[0m[2m:[0m 🔍 Skipping tx 0x11174e07c478b89134ea810e045171196f3acb2c75e1c7b0cc3156e276b9c9c1 - not a DEX interaction (target: 0xb2cCA9425795BB4f94d485597a298A9bdbE8d808)
[2m2025-12-10T10:09:01.585798Z[0m [34mDEBUG[0m [2methereum_transaction_pool_monitor::mempool_monitor[0m[2m:[0m 📨 Processing new pending transaction: 0x7b5c22f3a2649fa7b78e9a8c188196595f5dc9e8889cca37202e69d80ab7a36b
[2m2025-12-10T10:09:01.585803Z[0m [34mDEBUG[0m [2methereum_transaction_pool_monitor::mempool_monitor[0m[2m:[0m 🔍 Fetching transaction details for: 0x7b5c22f3a2649fa7b78e9a8c188196595f5dc9e8889cca37202e69d80ab7a36b
[2m2025-12-10T10:09:01.585806Z[0m [34mDEBUG[0m [2methereum_transaction_pool_monitor::eth_client[0m[2m:[0m 🔍 Fetching transaction details for hash: 0x7b5c22f3a2649fa7b78e9a8c188196595f5dc9e8889cca37202e69d80ab7a36b
[2m2025-12-10T10:09:01.585828Z[0m [34mDEBUG[0m [2mhyper::client::pool[0m[2m:[0m reuse idle connection for ("http", 192.168.0.14:8545)
[2m2025-12-10T10:09:01.585895Z[0m [34mDEBUG[0m [2mhyper::proto::h1::io[0m[2m:[0m flushed 250 bytes
[2m2025-12-10T10:09:01.590527Z[0m [34mDEBUG[0m [2mhyper::proto::h1::io[0m[2m:[0m parsed 4 headers
[2m2025-12-10T10:09:01.590544Z[0m [34mDEBUG[0m [2mhyper::proto::h1::conn[0m[2m:[0m incoming body is content-length (770 bytes)
[2m2025-12-10T10:09:01.590555Z[0m [34mDEBUG[0m [2mhyper::proto::h1::conn[0m[2m:[0m incoming body completed
[2m2025-12-10T10:09:01.590567Z[0m [34mDEBUG[0m [2mhyper::client::pool[0m[2m:[0m pooling idle connection for ("http", 192.168.0.14:8545)
[2m2025-12-10T10:09:01.590575Z[0m [34mDEBUG[0m [2methereum_transaction_pool_monitor::eth_client[0m[2m:[0m 📡 Transaction fetch RPC completed in 4.765333ms
[2m2025-12-10T10:09:01.590593Z[0m [34mDEBUG[0m [2methereum_transaction_pool_monitor::eth_client[0m[2m:[0m DeFi transaction detected - Address: 0xdac17f958d2ee523a2206206994597c13d831ec7, Type: Stablecoin, Value: 0 ETH, Gas: 0.23 Gwei
[2m2025-12-10T10:09:01.590608Z[0m [34mDEBUG[0m [2methereum_transaction_pool_monitor::eth_client[0m[2m:[0m ✅ Transaction 0x7b5c22f3a2649fa7b78e9a8c188196595f5dc9e8889cca37202e69d80ab7a36b fetched and parsed in 4.798083ms
[2m2025-12-10T10:09:01.590615Z[0m [34mDEBUG[0m [2methereum_transaction_pool_monitor::mempool_monitor[0m[2m:[0m 🔍 Skipping tx 0x7b5c22f3a2649fa7b78e9a8c188196595f5dc9e8889cca37202e69d80ab7a36b - not a DEX interaction (target: 0xdAC17F958D2ee523a2206206994597C13D831ec7)
[2m2025-12-10T10:09:01.590622Z[0m [34mDEBUG[0m [2methereum_transaction_pool_monitor::mempool_monitor[0m[2m:[0m 📨 Processing new pending transaction: 0x2319df6e6f602d6d0fdc032a4c3945ec6d4bc40f6f142bb9e5ec7f1debca4c74
[2m2025-12-10T10:09:01.590626Z[0m [34mDEBUG[0m [2methereum_transaction_pool_monitor::mempool_monitor[0m[2m:[0m 🔍 Fetching transaction details for: 0x2319df6e6f602d6d0fdc032a4c3945ec6d4bc40f6f142bb9e5ec7f1debca4c74
[2m2025-12-10T10:09:01.590629Z[0m [34mDEBUG[0m [2methereum_transaction_pool_monitor::eth_client[0m[2m:[0m 🔍 Fetching transaction details for hash: 0x2319df6e6f602d6d0fdc032a4c3945ec6d4bc40f6f142bb9e5ec7f1debca4c74
[2m2025-12-10T10:09:01.590644Z[0m [34mDEBUG[0m [2mhyper::client::pool[0m[2m:[0m reuse idle connection for ("http", 192.168.0.14:8545)
[2m2025-12-10T10:09:01.590680Z[0m [34mDEBUG[0m [2mhyper::proto::h1::io[0m[2m:[0m flushed 250 bytes
[2m2025-12-10T10:09:01.596345Z[0m [34mDEBUG[0m [2mhyper::client::pool[0m[2m:[0m reuse idle connection for ("http", 192.168.0.14:8545)
[2m2025-12-10T10:09:01.596393Z[0m [34mDEBUG[0m [2mhyper::proto::h1::io[0m[2m:[0m flushed 172 bytes
[2m2025-12-10T10:09:01.596437Z[0m [34mDEBUG[0m [2mhyper::proto::h1::io[0m[2m:[0m parsed 4 headers
[2m2025-12-10T10:09:01.596441Z[0m [34mDEBUG[0m [2mhyper::proto::h1::conn[0m[2m:[0m incoming body is content-length (643 bytes)
[2m2025-12-10T10:09:01.596449Z[0m [34mDEBUG[0m [2mhyper::proto::h1::conn[0m[2m:[0m incoming body completed
[2m2025-12-10T10:09:01.596458Z[0m [34mDEBUG[0m [2mhyper::client::pool[0m[2m:[0m pooling idle connection for ("http", 192.168.0.14:8545)
[2m2025-12-10T10:09:01.596464Z[0m [34mDEBUG[0m [2methereum_transaction_pool_monitor::eth_client[0m[2m:[0m 📡 Transaction fetch RPC completed in 5.83225ms
[2m2025-12-10T10:09:01.669041Z[0m [34mDEBUG[0m [2methereum_transaction_pool_monitor::eth_client[0m[2m:[0m ✅ Transaction 0x2319df6e6f602d6d0fdc032a4c3945ec6d4bc40f6f142bb9e5ec7f1debca4c74 fetched and parsed in 78.406791ms
[2m2025-12-10T10:09:01.669065Z[0m [34mDEBUG[0m [2methereum_transaction_pool_monitor::mempool_monitor[0m[2m:[0m 🔍 Skipping tx 0x2319df6e6f602d6d0fdc032a4c3945ec6d4bc40f6f142bb9e5ec7f1debca4c74 - not a DEX interaction (target: 0x17E5545B11b468072283Cee1F066a059Fb0dbF24)
[2m2025-12-10T10:09:01.669075Z[0m [34mDEBUG[0m [2methereum_transaction_pool_monitor::mempool_monitor[0m[2m:[0m 📨 Processing new pending transaction: 0xd8c6a5e82436d141b4d8155b8f3c551fa51bb22f547106e4282b0d0e4549bd1f
[2m2025-12-10T10:09:01.669080Z[0m [34mDEBUG[0m [2methereum_transaction_pool_monitor::mempool_monitor[0m[2m:[0m 🔍 Fetching transaction details for: 0xd8c6a5e82436d141b4d8155b8f3c551fa51bb22f547106e4282b0d0e4549bd1f
[2m2025-12-10T10:09:01.669084Z[0m [34mDEBUG[0m [2methereum_transaction_pool_monitor::eth_client[0m[2m:[0m 🔍 Fetching transaction details for hash: 0xd8c6a5e82436d141b4d8155b8f3c551fa51bb22f547106e4282b0d0e4549bd1f
[2m2025-12-10T10:09:01.669105Z[0m [34mDEBUG[0m [2mhyper::client::pool[0m[2m:[0m reuse idle connection for ("http", 192.168.0.14:8545)
[2m2025-12-10T10:09:01.669166Z[0m [34mDEBUG[0m [2mhyper::proto::h1::io[0m[2m:[0m flushed 250 bytes
[2m2025-12-10T10:09:01.669185Z[0m [34mDEBUG[0m [2mhyper::proto::h1::io[0m[2m:[0m parsed 4 headers
[2m2025-12-10T10:09:01.669189Z[0m [34mDEBUG[0m [2mhyper::proto::h1::conn[0m[2m:[0m incoming body is content-length (45 bytes)
[2m2025-12-10T10:09:01.669197Z[0m [34mDEBUG[0m [2mhyper::proto::h1::conn[0m[2m:[0m incoming body completed
[2m2025-12-10T10:09:01.669206Z[0m [34mDEBUG[0m [2mhyper::client::pool[0m[2m:[0m pooling idle connection for ("http", 192.168.0.14:8545)
[2m2025-12-10T10:09:01.678759Z[0m [34mDEBUG[0m [2mhyper::proto::h1::io[0m[2m:[0m parsed 4 headers
[2m2025-12-10T10:09:01.678781Z[0m [34mDEBUG[0m [2mhyper::proto::h1::conn[0m[2m:[0m incoming body is content-length (639 bytes)
[2m2025-12-10T10:09:01.678793Z[0m [34mDEBUG[0m [2mhyper::proto::h1::conn[0m[2m:[0m incoming body completed
[2m2025-12-10T10:09:01.678806Z[0m [34mDEBUG[0m [2mhyper::client::pool[0m[2m:[0m pooling idle connection for ("http", 192.168.0.14:8545)
[2m2025-12-10T10:09:01.678816Z[0m [34mDEBUG[0m [2methereum_transaction_pool_monitor::eth_client[0m[2m:[0m 📡 Transaction fetch RPC completed in 9.727875ms
[2m2025-12-10T10:09:01.753191Z[0m [34mDEBUG[0m [2methereum_transaction_pool_monitor::eth_client[0m[2m:[0m ✅ Transaction 0xd8c6a5e82436d141b4d8155b8f3c551fa51bb22f547106e4282b0d0e4549bd1f fetched and parsed in 84.099041ms
[2m2025-12-10T10:09:01.753224Z[0m [34mDEBUG[0m [2methereum_transaction_pool_monitor::mempool_monitor[0m[2m:[0m 🔍 Skipping tx 0xd8c6a5e82436d141b4d8155b8f3c551fa51bb22f547106e4282b0d0e4549bd1f - not a DEX interaction (target: 0xf3C095bD3867dDcE851C7C3303eD97663Ee440f0)
[2m2025-12-10T10:09:01.753235Z[0m [34mDEBUG[0m [2methereum_transaction_pool_monitor::mempool_monitor[0m[2m:[0m 📨 Processing new pending transaction: 0x46dea28384d44b99ee52b9c7eff101b338680e1a17a8d26ac6752a59de150da5
[2m2025-12-10T10:09:01.753239Z[0m [34mDEBUG[0m [2methereum_transaction_pool_monitor::mempool_monitor[0m[2m:[0m 🔍 Fetching transaction details for: 0x46dea28384d44b99ee52b9c7eff101b338680e1a17a8d26ac6752a59de150da5
[2m2025-12-10T10:09:01.753244Z[0m [34mDEBUG[0m [2methereum_transaction_pool_monitor::eth_client[0m[2m:[0m 🔍 Fetching transaction details for hash: 0x46dea28384d44b99ee52b9c7eff101b338680e1a17a8d26ac6752a59de150da5
[2m2025-12-10T10:09:01.753269Z[0m [34mDEBUG[0m [2mhyper::client::pool[0m[2m:[0m reuse idle connection for ("http", 192.168.0.14:8545)
[2m2025-12-10T10:09:01.753335Z[0m [34mDEBUG[0m [2mhyper::proto::h1::io[0m[2m:[0m flushed 250 bytes
[2m2025-12-10T10:09:01.753362Z[0m [34mDEBUG[0m [2mhyper::client::pool[0m[2m:[0m reuse idle connection for ("http", 192.168.0.14:8545)
[2m2025-12-10T10:09:01.753388Z[0m [34mDEBUG[0m [2mhyper::proto::h1::io[0m[2m:[0m flushed 172 bytes
[2m2025-12-10T10:09:01.753404Z[0m [34mDEBUG[0m [2methereum_transaction_pool_monitor::eth_client[0m[2m:[0m 📨 Received WebSocket message: {"jsonrpc":"2.0","method":"eth_subscription","params":{"subscription":"0xbed0a0851463e895960a451075a301a9","result":"0xe9b354051b2c1e6bee69604efe906b8c8292171525ffa713e5d8ab9abdeb299e"}}
[2m2025-12-10T10:09:01.753411Z[0m [34mDEBUG[0m [2methereum_transaction_pool_monitor::eth_client[0m[2m:[0m 📨 Received pending transaction: 0xe9b354051b2c1e6bee69604efe906b8c8292171525ffa713e5d8ab9abdeb299e
[2m2025-12-10T10:09:01.757710Z[0m [34mDEBUG[0m [2mhyper::proto::h1::io[0m[2m:[0m parsed 4 headers
[2m2025-12-10T10:09:01.757725Z[0m [34mDEBUG[0m [2mhyper::proto::h1::conn[0m[2m:[0m incoming body is content-length (45 bytes)
[2m2025-12-10T10:09:01.757735Z[0m [34mDEBUG[0m [2mhyper::proto::h1::conn[0m[2m:[0m incoming body completed
[2m2025-12-10T10:09:01.757748Z[0m [34mDEBUG[0m [2mhyper::client::pool[0m[2m:[0m pooling idle connection for ("http", 192.168.0.14:8545)
[2m2025-12-10T10:09:01.758046Z[0m [34mDEBUG[0m [2mhyper::proto::h1::io[0m[2m:[0m parsed 4 headers
[2m2025-12-10T10:09:01.758052Z[0m [34mDEBUG[0m [2mhyper::proto::h1::conn[0m[2m:[0m incoming body is content-length (770 bytes)
[2m2025-12-10T10:09:01.758058Z[0m [34mDEBUG[0m [2mhyper::proto::h1::conn[0m[2m:[0m incoming body completed
[2m2025-12-10T10:09:01.758065Z[0m [34mDEBUG[0m [2mhyper::client::pool[0m[2m:[0m pooling idle connection for ("http", 192.168.0.14:8545)
[2m2025-12-10T10:09:01.758071Z[0m [34mDEBUG[0m [2methereum_transaction_pool_monitor::eth_client[0m[2m:[0m 📡 Transaction fetch RPC completed in 4.822709ms
[2m2025-12-10T10:09:01.832293Z[0m [34mDEBUG[0m [2methereum_transaction_pool_monitor::eth_client[0m[2m:[0m ✅ Transaction 0x46dea28384d44b99ee52b9c7eff101b338680e1a17a8d26ac6752a59de150da5 fetched and parsed in 79.04075ms
[2m2025-12-10T10:09:01.832328Z[0m [34mDEBUG[0m [2methereum_transaction_pool_monitor::mempool_monitor[0m[2m:[0m 🔍 Skipping tx 0x46dea28384d44b99ee52b9c7eff101b338680e1a17a8d26ac6752a59de150da5 - not a DEX interaction (target: 0xB8f28C60dD8240141185a192fa4156A23E189305)
[2m2025-12-10T10:09:01.832338Z[0m [34mDEBUG[0m [2methereum_transaction_pool_monitor::mempool_monitor[0m[2m:[0m 📨 Processing new pending transaction: 0xa09eb8cb4c3a1bef41818a23f0a9465499d8196f7000e159141660ae9857c429
[2m2025-12-10T10:09:01.832343Z[0m [34mDEBUG[0m [2methereum_transaction_pool_monitor::mempool_monitor[0m[2m:[0m 🔍 Fetching transaction details for: 0xa09eb8cb4c3a1bef41818a23f0a9465499d8196f7000e159141660ae9857c429
[2m2025-12-10T10:09:01.832346Z[0m [34mDEBUG[0m [2methereum_transaction_pool_monitor::eth_client[0m[2m:[0m 🔍 Fetching transaction details for hash: 0xa09eb8cb4c3a1bef41818a23f0a9465499d8196f7000e159141660ae9857c429
[2m2025-12-10T10:09:01.832369Z[0m [34mDEBUG[0m [2mhyper::client::pool[0m[2m:[0m reuse idle connection for ("http", 192.168.0.14:8545)
[2m2025-12-10T10:09:01.832442Z[0m [34mDEBUG[0m [2mhyper::proto::h1::io[0m[2m:[0m flushed 250 bytes
[2m2025-12-10T10:09:01.832477Z[0m [34mDEBUG[0m [2mhyper::client::pool[0m[2m:[0m reuse idle connection for ("http", 192.168.0.14:8545)
[2m2025-12-10T10:09:01.832497Z[0m [34mDEBUG[0m [2mhyper::proto::h1::io[0m[2m:[0m flushed 172 bytes
[2m2025-12-10T10:09:01.835554Z[0m [34mDEBUG[0m [2mhyper::proto::h1::io[0m[2m:[0m parsed 4 headers
[2m2025-12-10T10:09:01.835568Z[0m [34mDEBUG[0m [2mhyper::proto::h1::conn[0m[2m:[0m incoming body is content-length (45 bytes)
[2m2025-12-10T10:09:01.835577Z[0m [34mDEBUG[0m [2mhyper::proto::h1::conn[0m[2m:[0m incoming body completed
[2m2025-12-10T10:09:01.835588Z[0m [34mDEBUG[0m [2mhyper::client::pool[0m[2m:[0m pooling idle connection for ("http", 192.168.0.14:8545)
[2m2025-12-10T10:09:01.836040Z[0m [34mDEBUG[0m [2mhyper::proto::h1::io[0m[2m:[0m parsed 4 headers
[2m2025-12-10T10:09:01.836047Z[0m [34mDEBUG[0m [2mhyper::proto::h1::conn[0m[2m:[0m incoming body is content-length (770 bytes)
[2m2025-12-10T10:09:01.836054Z[0m [34mDEBUG[0m [2mhyper::proto::h1::conn[0m[2m:[0m incoming body completed
[2m2025-12-10T10:09:01.836061Z[0m [34mDEBUG[0m [2mhyper::client::pool[0m[2m:[0m pooling idle connection for ("http", 192.168.0.14:8545)
[2m2025-12-10T10:09:01.836067Z[0m [34mDEBUG[0m [2methereum_transaction_pool_monitor::eth_client[0m[2m:[0m 📡 Transaction fetch RPC completed in 3.717125ms
[2m2025-12-10T10:09:01.836082Z[0m [34mDEBUG[0m [2methereum_transaction_pool_monitor::eth_client[0m[2m:[0m DeFi transaction detected - Address: 0xdac17f958d2ee523a2206206994597c13d831ec7, Type: Stablecoin, Value: 0 ETH, Gas: 2.21 Gwei
[2m2025-12-10T10:09:01.836095Z[0m [34mDEBUG[0m [2methereum_transaction_pool_monitor::eth_client[0m[2m:[0m ✅ Transaction 0xa09eb8cb4c3a1bef41818a23f0a9465499d8196f7000e159141660ae9857c429 fetched and parsed in 3.744709ms
[2m2025-12-10T10:09:01.836101Z[0m [34mDEBUG[0m [2methereum_transaction_pool_monitor::mempool_monitor[0m[2m:[0m 🔍 Skipping tx 0xa09eb8cb4c3a1bef41818a23f0a9465499d8196f7000e159141660ae9857c429 - not a DEX interaction (target: 0xdAC17F958D2ee523a2206206994597C13D831ec7)
[2m2025-12-10T10:09:01.836108Z[0m [34mDEBUG[0m [2methereum_transaction_pool_monitor::mempool_monitor[0m[2m:[0m 📨 Processing new pending transaction: 0x685b8b807aba7bfa253dc172054d5f546e6c83cd94cc8c90378c04c4c16edf67
[2m2025-12-10T10:09:01.836112Z[0m [34mDEBUG[0m [2methereum_transaction_pool_monitor::mempool_monitor[0m[2m:[0m 🔍 Fetching transaction details for: 0x685b8b807aba7bfa253dc172054d5f546e6c83cd94cc8c90378c04c4c16edf67
[2m2025-12-10T10:09:01.836116Z[0m [34mDEBUG[0m [2methereum_transaction_pool_monitor::eth_client[0m[2m:[0m 🔍 Fetching transaction details for hash: 0x685b8b807aba7bfa253dc172054d5f546e6c83cd94cc8c90378c04c4c16edf67
[2m2025-12-10T10:09:01.836129Z[0m [34mDEBUG[0m [2mhyper::client::pool[0m[2m:[0m reuse idle connection for ("http", 192.168.0.14:8545)
[2m2025-12-10T10:09:01.836151Z[0m [34mDEBUG[0m [2mhyper::proto::h1::io[0m[2m:[0m flushed 250 bytes
[2m2025-12-10T10:09:01.841940Z[0m [34mDEBUG[0m [2mhyper::proto::h1::io[0m[2m:[0m parsed 4 headers
[2m2025-12-10T10:09:01.841950Z[0m [34mDEBUG[0m [2mhyper::proto::h1::conn[0m[2m:[0m incoming body is content-length (835 bytes)
[2m2025-12-10T10:09:01.841955Z[0m [34mDEBUG[0m [2mhyper::proto::h1::conn[0m[2m:[0m incoming body completed
[2m2025-12-10T10:09:01.841963Z[0m [34mDEBUG[0m [2mhyper::client::pool[0m[2m:[0m pooling idle connection for ("http", 192.168.0.14:8545)
[2m2025-12-10T10:09:01.841969Z[0m [34mDEBUG[0m [2methereum_transaction_pool_monitor::eth_client[0m[2m:[0m 📡 Transaction fetch RPC completed in 5.849292ms
[2m2025-12-10T10:09:01.914232Z[0m [34mDEBUG[0m [2methereum_transaction_pool_monitor::eth_client[0m[2m:[0m ✅ Transaction 0x685b8b807aba7bfa253dc172054d5f546e6c83cd94cc8c90378c04c4c16edf67 fetched and parsed in 78.108625ms
[2m2025-12-10T10:09:01.914260Z[0m [34mDEBUG[0m [2methereum_transaction_pool_monitor::mempool_monitor[0m[2m:[0m 🔍 Skipping tx 0x685b8b807aba7bfa253dc172054d5f546e6c83cd94cc8c90378c04c4c16edf67 - not a DEX interaction (target: 0x3B4D794a66304F130a4Db8F2551B0070dfCf5ca7)
[2m2025-12-10T10:09:01.914271Z[0m [34mDEBUG[0m [2methereum_transaction_pool_monitor::mempool_monitor[0m[2m:[0m 📨 Processing new pending transaction: 0x789c6940068b7b63c925648bddfb8626593558a864f9a348eb8fac824c7103c9
[2m2025-12-10T10:09:01.914277Z[0m [34mDEBUG[0m [2methereum_transaction_pool_monitor::mempool_monitor[0m[2m:[0m 🔍 Fetching transaction details for: 0x789c6940068b7b63c925648bddfb8626593558a864f9a348eb8fac824c7103c9
[2m2025-12-10T10:09:01.914281Z[0m [34mDEBUG[0m [2methereum_transaction_pool_monitor::eth_client[0m[2m:[0m 🔍 Fetching transaction details for hash: 0x789c6940068b7b63c925648bddfb8626593558a864f9a348eb8fac824c7103c9
[2m2025-12-10T10:09:01.914306Z[0m [34mDEBUG[0m [2mhyper::client::pool[0m[2m:[0m reuse idle connection for ("http", 192.168.0.14:8545)
[2m2025-12-10T10:09:01.914349Z[0m [34mDEBUG[0m [2mhyper::proto::h1::io[0m[2m:[0m flushed 250 bytes
[2m2025-12-10T10:09:01.914397Z[0m [34mDEBUG[0m [2mhyper::client::pool[0m[2m:[0m reuse idle connection for ("http", 192.168.0.14:8545)
[2m2025-12-10T10:09:01.914416Z[0m [34mDEBUG[0m [2mhyper::proto::h1::io[0m[2m:[0m flushed 172 bytes
[2m2025-12-10T10:09:01.919373Z[0m [34mDEBUG[0m [2mhyper::proto::h1::io[0m[2m:[0m parsed 4 headers
[2m2025-12-10T10:09:01.919386Z[0m [34mDEBUG[0m [2mhyper::proto::h1::conn[0m[2m:[0m incoming body is content-length (45 bytes)
[2m2025-12-10T10:09:01.919394Z[0m [34mDEBUG[0m [2mhyper::proto::h1::conn[0m[2m:[0m incoming body completed
[2m2025-12-10T10:09:01.919404Z[0m [34mDEBUG[0m [2mhyper::client::pool[0m[2m:[0m pooling idle connection for ("http", 192.168.0.14:8545)
[2m2025-12-10T10:09:01.925370Z[0m [34mDEBUG[0m [2mhyper::proto::h1::io[0m[2m:[0m parsed 4 headers
[2m2025-12-10T10:09:01.926563Z[0m [34mDEBUG[0m [2mhyper::proto::h1::conn[0m[2m:[0m incoming body is content-length (764 bytes)
[2m2025-12-10T10:09:01.926576Z[0m [34mDEBUG[0m [2mhyper::proto::h1::conn[0m[2m:[0m incoming body completed
[2m2025-12-10T10:09:01.926591Z[0m [34mDEBUG[0m [2mhyper::client::pool[0m[2m:[0m pooling idle connection for ("http", 192.168.0.14:8545)
[2m2025-12-10T10:09:01.926621Z[0m [34mDEBUG[0m [2methereum_transaction_pool_monitor::eth_client[0m[2m:[0m 📡 Transaction fetch RPC completed in 12.336ms
[2m2025-12-10T10:09:01.999463Z[0m [34mDEBUG[0m [2methereum_transaction_pool_monitor::eth_client[0m[2m:[0m ✅ Transaction 0x789c6940068b7b63c925648bddfb8626593558a864f9a348eb8fac824c7103c9 fetched and parsed in 85.17475ms
[2m2025-12-10T10:09:01.999499Z[0m [34mDEBUG[0m [2methereum_transaction_pool_monitor::mempool_monitor[0m[2m:[0m 🔍 Skipping tx 0x789c6940068b7b63c925648bddfb8626593558a864f9a348eb8fac824c7103c9 - not a DEX interaction (target: 0xA0b86991c6218b36c1d19D4a2e9Eb0cE3606eB48)
[2m2025-12-10T10:09:01.999512Z[0m [34mDEBUG[0m [2methereum_transaction_pool_monitor::mempool_monitor[0m[2m:[0m 📨 Processing new pending transaction: 0x8c00a064194759ab984d693c370ec5ddf0d7d671378b274835abf7a512d86e79
[2m2025-12-10T10:09:01.999519Z[0m [34mDEBUG[0m [2methereum_transaction_pool_monitor::mempool_monitor[0m[2m:[0m 🔍 Fetching transaction details for: 0x8c00a064194759ab984d693c370ec5ddf0d7d671378b274835abf7a512d86e79
[2m2025-12-10T10:09:01.999524Z[0m [34mDEBUG[0m [2methereum_transaction_pool_monitor::eth_client[0m[2m:[0m 🔍 Fetching transaction details for hash: 0x8c00a064194759ab984d693c370ec5ddf0d7d671378b274835abf7a512d86e79
[2m2025-12-10T10:09:01.999547Z[0m [34mDEBUG[0m [2mhyper::client::pool[0m[2m:[0m reuse idle connection for ("http", 192.168.0.14:8545)
[2m2025-12-10T10:09:01.999612Z[0m [34mDEBUG[0m [2mhyper::proto::h1::io[0m[2m:[0m flushed 250 bytes
[2m2025-12-10T10:09:01.999639Z[0m [34mDEBUG[0m [2mhyper::client::pool[0m[2m:[0m reuse idle connection for ("http", 192.168.0.14:8545)
[2m2025-12-10T10:09:01.999663Z[0m [34mDEBUG[0m [2mhyper::proto::h1::io[0m[2m:[0m flushed 172 bytes
[2m2025-12-10T10:09:01.999691Z[0m [34mDEBUG[0m [2methereum_transaction_pool_monitor::eth_client[0m[2m:[0m 📨 Received WebSocket message: {"jsonrpc":"2.0","method":"eth_subscription","params":{"subscription":"0xbed0a0851463e895960a451075a301a9","result":"0x7bce19309aa71759e1dd211ea576a04e0e3f5da5ad1aa39ac8959e8fb66e6ea8"}}
[2m2025-12-10T10:09:01.999731Z[0m [34mDEBUG[0m [2methereum_transaction_pool_monitor::eth_client[0m[2m:[0m 📨 Received pending transaction: 0x7bce19309aa71759e1dd211ea576a04e0e3f5da5ad1aa39ac8959e8fb66e6ea8
[2m2025-12-10T10:09:02.003763Z[0m [34mDEBUG[0m [2mhyper::proto::h1::io[0m[2m:[0m parsed 4 headers
[2m2025-12-10T10:09:02.003783Z[0m [34mDEBUG[0m [2mhyper::proto::h1::conn[0m[2m:[0m incoming body is content-length (45 bytes)
[2m2025-12-10T10:09:02.003792Z[0m [34mDEBUG[0m [2mhyper::proto::h1::conn[0m[2m:[0m incoming body completed
[2m2025-12-10T10:09:02.003803Z[0m [34mDEBUG[0m [2mhyper::client::pool[0m[2m:[0m pooling idle connection for ("http", 192.168.0.14:8545)
[2m2025-12-10T10:09:02.008045Z[0m [34mDEBUG[0m [2mhyper::proto::h1::io[0m[2m:[0m parsed 4 headers
[2m2025-12-10T10:09:02.008059Z[0m [34mDEBUG[0m [2mhyper::proto::h1::conn[0m[2m:[0m incoming body is content-length (2265 bytes)
[2m2025-12-10T10:09:02.008067Z[0m [34mDEBUG[0m [2mhyper::proto::h1::conn[0m[2m:[0m incoming body completed
[2m2025-12-10T10:09:02.008077Z[0m [34mDEBUG[0m [2mhyper::client::pool[0m[2m:[0m pooling idle connection for ("http", 192.168.0.14:8545)
[2m2025-12-10T10:09:02.008085Z[0m [34mDEBUG[0m [2methereum_transaction_pool_monitor::eth_client[0m[2m:[0m 📡 Transaction fetch RPC completed in 8.556917ms
[2m2025-12-10T10:09:02.082393Z[0m [34mDEBUG[0m [2methereum_transaction_pool_monitor::eth_client[0m[2m:[0m ✅ Transaction 0x8c00a064194759ab984d693c370ec5ddf0d7d671378b274835abf7a512d86e79 fetched and parsed in 82.862ms
[2m2025-12-10T10:09:02.082425Z[0m [34mDEBUG[0m [2methereum_transaction_pool_monitor::mempool_monitor[0m[2m:[0m 🔍 Skipping tx 0x8c00a064194759ab984d693c370ec5ddf0d7d671378b274835abf7a512d86e79 - not a DEX interaction (target: 0x0000000000000068F116a894984e2DB1123eB395)
[2m2025-12-10T10:09:02.082437Z[0m [34mDEBUG[0m [2methereum_transaction_pool_monitor::mempool_monitor[0m[2m:[0m 📨 Processing new pending transaction: 0x5288d56d61757582bf16a1acc71c83f5405cf4964590dca91c1a3c0ebd9210a9
[2m2025-12-10T10:09:02.082443Z[0m [34mDEBUG[0m [2methereum_transaction_pool_monitor::mempool_monitor[0m[2m:[0m 🔍 Fetching transaction details for: 0x5288d56d61757582bf16a1acc71c83f5405cf4964590dca91c1a3c0ebd9210a9
[2m2025-12-10T10:09:02.082449Z[0m [34mDEBUG[0m [2methereum_transaction_pool_monitor::eth_client[0m[2m:[0m 🔍 Fetching transaction details for hash: 0x5288d56d61757582bf16a1acc71c83f5405cf4964590dca91c1a3c0ebd9210a9
[2m2025-12-10T10:09:02.082475Z[0m [34mDEBUG[0m [2mhyper::client::pool[0m[2m:[0m reuse idle connection for ("http", 192.168.0.14:8545)
[2m2025-12-10T10:09:02.082554Z[0m [34mDEBUG[0m [2mhyper::proto::h1::io[0m[2m:[0m flushed 250 bytes
[2m2025-12-10T10:09:02.082579Z[0m [34mDEBUG[0m [2methereum_transaction_pool_monitor::eth_client[0m[2m:[0m 📨 Received WebSocket message: {"jsonrpc":"2.0","method":"eth_subscription","params":{"subscription":"0xbed0a0851463e895960a451075a301a9","result":"0xfce2569ae3607b9adb4ead40ea00e9c6cfa368d89cdecb3604b6d4555a7e040f"}}
[2m2025-12-10T10:09:02.082589Z[0m [34mDEBUG[0m [2methereum_transaction_pool_monitor::eth_client[0m[2m:[0m 📨 Received pending transaction: 0xfce2569ae3607b9adb4ead40ea00e9c6cfa368d89cdecb3604b6d4555a7e040f
[2m2025-12-10T10:09:02.082595Z[0m [34mDEBUG[0m [2methereum_transaction_pool_monitor::eth_client[0m[2m:[0m 📨 Received WebSocket message: {"jsonrpc":"2.0","method":"eth_subscription","params":{"subscription":"0xbed0a0851463e895960a451075a301a9","result":"0x787f3cc616d719bb79a5aeb8f8bfaf948c3aafc3719553a8c0dd668aad3c4765"}}
[2m2025-12-10T10:09:02.082603Z[0m [34mDEBUG[0m [2methereum_transaction_pool_monitor::eth_client[0m[2m:[0m 📨 Received pending transaction: 0x787f3cc616d719bb79a5aeb8f8bfaf948c3aafc3719553a8c0dd668aad3c4765
[2m2025-12-10T10:09:02.086460Z[0m [34mDEBUG[0m [2mhyper::proto::h1::io[0m[2m:[0m parsed 4 headers
[2m2025-12-10T10:09:02.086470Z[0m [34mDEBUG[0m [2mhyper::proto::h1::conn[0m[2m:[0m incoming body is content-length (638 bytes)
[2m2025-12-10T10:09:02.086479Z[0m [34mDEBUG[0m [2mhyper::proto::h1::conn[0m[2m:[0m incoming body completed
[2m2025-12-10T10:09:02.086489Z[0m [34mDEBUG[0m [2mhyper::client::pool[0m[2m:[0m pooling idle connection for ("http", 192.168.0.14:8545)
[2m2025-12-10T10:09:02.086497Z[0m [34mDEBUG[0m [2methereum_transaction_pool_monitor::eth_client[0m[2m:[0m 📡 Transaction fetch RPC completed in 4.041875ms
[2m2025-12-10T10:09:02.161357Z[0m [34mDEBUG[0m [2methereum_transaction_pool_monitor::eth_client[0m[2m:[0m ✅ Transaction 0x5288d56d61757582bf16a1acc71c83f5405cf4964590dca91c1a3c0ebd9210a9 fetched and parsed in 78.897833ms
[2m2025-12-10T10:09:02.161393Z[0m [34mDEBUG[0m [2methereum_transaction_pool_monitor::mempool_monitor[0m[2m:[0m 🔍 Skipping tx 0x5288d56d61757582bf16a1acc71c83f5405cf4964590dca91c1a3c0ebd9210a9 - not a DEX interaction (target: 0x78D21Aada674651324FE2660cC0E661CC4C89E3b)
[2m2025-12-10T10:09:02.161405Z[0m [34mDEBUG[0m [2methereum_transaction_pool_monitor::mempool_monitor[0m[2m:[0m 📨 Processing new pending transaction: 0xfc4994d62d8b59dd9dc022f73cab2ac15a42764ef8f3faf581003ffa3ae3af19
[2m2025-12-10T10:09:02.161412Z[0m [34mDEBUG[0m [2methereum_transaction_pool_monitor::mempool_monitor[0m[2m:[0m 🔍 Fetching transaction details for: 0xfc4994d62d8b59dd9dc022f73cab2ac15a42764ef8f3faf581003ffa3ae3af19
[2m2025-12-10T10:09:02.161417Z[0m [34mDEBUG[0m [2methereum_transaction_pool_monitor::eth_client[0m[2m:[0m 🔍 Fetching transaction details for hash: 0xfc4994d62d8b59dd9dc022f73cab2ac15a42764ef8f3faf581003ffa3ae3af19
[2m2025-12-10T10:09:02.161442Z[0m [34mDEBUG[0m [2mhyper::client::pool[0m[2m:[0m reuse idle connection for ("http", 192.168.0.14:8545)
[2m2025-12-10T10:09:02.161513Z[0m [34mDEBUG[0m [2mhyper::proto::h1::io[0m[2m:[0m flushed 250 bytes
[2m2025-12-10T10:09:02.161540Z[0m [34mDEBUG[0m [2mhyper::client::pool[0m[2m:[0m reuse idle connection for ("http", 192.168.0.14:8545)
[2m2025-12-10T10:09:02.161559Z[0m [34mDEBUG[0m [2mhyper::proto::h1::io[0m[2m:[0m flushed 172 bytes
[2m2025-12-10T10:09:02.161591Z[0m [34mDEBUG[0m [2methereum_transaction_pool_monitor::eth_client[0m[2m:[0m 📨 Received WebSocket message: {"jsonrpc":"2.0","method":"eth_subscription","params":{"subscription":"0xbed0a0851463e895960a451075a301a9","result":"0x531d8477f33a33642985317be5a4554cbac21c4a0b908ee45c84f4997f296c77"}}
[2m2025-12-10T10:09:02.161603Z[0m [34mDEBUG[0m [2methereum_transaction_pool_monitor::eth_client[0m[2m:[0m 📨 Received pending transaction: 0x531d8477f33a33642985317be5a4554cbac21c4a0b908ee45c84f4997f296c77
[2m2025-12-10T10:09:02.161609Z[0m [34mDEBUG[0m [2methereum_transaction_pool_monitor::eth_client[0m[2m:[0m 📨 Received WebSocket message: {"jsonrpc":"2.0","method":"eth_subscription","params":{"subscription":"0xbed0a0851463e895960a451075a301a9","result":"0x3527a827d3b10abff24d9d13bc10a4c0680ae37291506ab8765b430b24fe5406"}}
[2m2025-12-10T10:09:02.161617Z[0m [34mDEBUG[0m [2methereum_transaction_pool_monitor::eth_client[0m[2m:[0m 📨 Received pending transaction: 0x3527a827d3b10abff24d9d13bc10a4c0680ae37291506ab8765b430b24fe5406
[2m2025-12-10T10:09:02.166425Z[0m [34mDEBUG[0m [2mhyper::proto::h1::io[0m[2m:[0m parsed 4 headers
[2m2025-12-10T10:09:02.166448Z[0m [34mDEBUG[0m [2mhyper::proto::h1::conn[0m[2m:[0m incoming body is content-length (45 bytes)
[2m2025-12-10T10:09:02.166458Z[0m [34mDEBUG[0m [2mhyper::proto::h1::conn[0m[2m:[0m incoming body completed
[2m2025-12-10T10:09:02.166471Z[0m [34mDEBUG[0m [2mhyper::client::pool[0m[2m:[0m pooling idle connection for ("http", 192.168.0.14:8545)
[2m2025-12-10T10:09:02.168226Z[0m [34mDEBUG[0m [2mhyper::proto::h1::io[0m[2m:[0m parsed 4 headers
[2m2025-12-10T10:09:02.168242Z[0m [34mDEBUG[0m [2mhyper::proto::h1::conn[0m[2m:[0m incoming body is content-length (2322 bytes)
[2m2025-12-10T10:09:02.168249Z[0m [34mDEBUG[0m [2mhyper::proto::h1::conn[0m[2m:[0m incoming body completed
[2m2025-12-10T10:09:02.168259Z[0m [34mDEBUG[0m [2mhyper::client::pool[0m[2m:[0m pooling idle connection for ("http", 192.168.0.14:8545)
[2m2025-12-10T10:09:02.168269Z[0m [34mDEBUG[0m [2methereum_transaction_pool_monitor::eth_client[0m[2m:[0m 📡 Transaction fetch RPC completed in 6.8475ms
[2m2025-12-10T10:09:02.244733Z[0m [34mDEBUG[0m [2methereum_transaction_pool_monitor::eth_client[0m[2m:[0m ✅ Transaction 0xfc4994d62d8b59dd9dc022f73cab2ac15a42764ef8f3faf581003ffa3ae3af19 fetched and parsed in 83.308875ms
[2m2025-12-10T10:09:02.244761Z[0m [34mDEBUG[0m [2methereum_transaction_pool_monitor::mempool_monitor[0m[2m:[0m 🔍 Skipping tx 0xfc4994d62d8b59dd9dc022f73cab2ac15a42764ef8f3faf581003ffa3ae3af19 - not a DEX interaction (target: 0x66a9893cC07D91D95644AEDD05D03f95e1dBA8Af)
[2m2025-12-10T10:09:02.244772Z[0m [34mDEBUG[0m [2methereum_transaction_pool_monitor::mempool_monitor[0m[2m:[0m 📨 Processing new pending transaction: 0x6a54c631a75ccdbdc69efa69501930653a131d3f2282d910d86a1e53d65ccbe5
[2m2025-12-10T10:09:02.244776Z[0m [34mDEBUG[0m [2methereum_transaction_pool_monitor::mempool_monitor[0m[2m:[0m 🔍 Fetching transaction details for: 0x6a54c631a75ccdbdc69efa69501930653a131d3f2282d910d86a1e53d65ccbe5
[2m2025-12-10T10:09:02.244780Z[0m [34mDEBUG[0m [2methereum_transaction_pool_monitor::eth_client[0m[2m:[0m 🔍 Fetching transaction details for hash: 0x6a54c631a75ccdbdc69efa69501930653a131d3f2282d910d86a1e53d65ccbe5
[2m2025-12-10T10:09:02.244801Z[0m [34mDEBUG[0m [2mhyper::client::pool[0m[2m:[0m reuse idle connection for ("http", 192.168.0.14:8545)
[2m2025-12-10T10:09:02.244855Z[0m [34mDEBUG[0m [2mhyper::proto::h1::io[0m[2m:[0m flushed 250 bytes
[2m2025-12-10T10:09:02.244886Z[0m [34mDEBUG[0m [2mhyper::client::pool[0m[2m:[0m reuse idle connection for ("http", 192.168.0.14:8545)
[2m2025-12-10T10:09:02.244901Z[0m [34mDEBUG[0m [2mhyper::proto::h1::io[0m[2m:[0m flushed 172 bytes
[2m2025-12-10T10:09:02.248817Z[0m [34mDEBUG[0m [2mhyper::proto::h1::io[0m[2m:[0m parsed 4 headers
[2m2025-12-10T10:09:02.248836Z[0m [34mDEBUG[0m [2mhyper::proto::h1::conn[0m[2m:[0m incoming body is content-length (45 bytes)
[2m2025-12-10T10:09:02.248845Z[0m [34mDEBUG[0m [2mhyper::proto::h1::conn[0m[2m:[0m incoming body completed
[2m2025-12-10T10:09:02.248857Z[0m [34mDEBUG[0m [2mhyper::client::pool[0m[2m:[0m pooling idle connection for ("http", 192.168.0.14:8545)
[2m2025-12-10T10:09:02.252839Z[0m [34mDEBUG[0m [2mhyper::proto::h1::io[0m[2m:[0m parsed 4 headers
[2m2025-12-10T10:09:02.252878Z[0m [34mDEBUG[0m [2mhyper::proto::h1::conn[0m[2m:[0m incoming body is content-length (646 bytes)
[2m2025-12-10T10:09:02.252896Z[0m [34mDEBUG[0m [2mhyper::proto::h1::conn[0m[2m:[0m incoming body completed
[2m2025-12-10T10:09:02.252914Z[0m [34mDEBUG[0m [2mhyper::client::pool[0m[2m:[0m pooling idle connection for ("http", 192.168.0.14:8545)
[2m2025-12-10T10:09:02.252928Z[0m [34mDEBUG[0m [2methereum_transaction_pool_monitor::eth_client[0m[2m:[0m 📡 Transaction fetch RPC completed in 8.143041ms
[2m2025-12-10T10:09:02.326773Z[0m [34mDEBUG[0m [2methereum_transaction_pool_monitor::eth_client[0m[2m:[0m ✅ Transaction 0x6a54c631a75ccdbdc69efa69501930653a131d3f2282d910d86a1e53d65ccbe5 fetched and parsed in 81.985ms
[2m2025-12-10T10:09:02.326808Z[0m [34mDEBUG[0m [2methereum_transaction_pool_monitor::mempool_monitor[0m[2m:[0m 🔍 Skipping tx 0x6a54c631a75ccdbdc69efa69501930653a131d3f2282d910d86a1e53d65ccbe5 - not a DEX interaction (target: 0x9CdA08655646Aa680E7E2F12102b047a6b28789d)
[2m2025-12-10T10:09:02.326819Z[0m [34mDEBUG[0m [2methereum_transaction_pool_monitor::mempool_monitor[0m[2m:[0m 📨 Processing new pending transaction: 0x3ff57b8c86b17098e2007f2e762dc5443507281e8ef034d09c99656a074c06f1
[2m2025-12-10T10:09:02.326826Z[0m [34mDEBUG[0m [2methereum_transaction_pool_monitor::mempool_monitor[0m[2m:[0m 🔍 Fetching transaction details for: 0x3ff57b8c86b17098e2007f2e762dc5443507281e8ef034d09c99656a074c06f1
[2m2025-12-10T10:09:02.326830Z[0m [34mDEBUG[0m [2methereum_transaction_pool_monitor::eth_client[0m[2m:[0m 🔍 Fetching transaction details for hash: 0x3ff57b8c86b17098e2007f2e762dc5443507281e8ef034d09c99656a074c06f1
[2m2025-12-10T10:09:02.326855Z[0m [34mDEBUG[0m [2mhyper::client::pool[0m[2m:[0m reuse idle connection for ("http", 192.168.0.14:8545)
[2m2025-12-10T10:09:02.326916Z[0m [34mDEBUG[0m [2mhyper::proto::h1::io[0m[2m:[0m flushed 250 bytes
[2m2025-12-10T10:09:02.326945Z[0m [34mDEBUG[0m [2mhyper::client::pool[0m[2m:[0m reuse idle connection for ("http", 192.168.0.14:8545)
[2m2025-12-10T10:09:02.326968Z[0m [34mDEBUG[0m [2mhyper::proto::h1::io[0m[2m:[0m flushed 172 bytes
[2m2025-12-10T10:09:02.326990Z[0m [34mDEBUG[0m [2methereum_transaction_pool_monitor::eth_client[0m[2m:[0m 📨 Received WebSocket message: {"jsonrpc":"2.0","method":"eth_subscription","params":{"subscription":"0xbed0a0851463e895960a451075a301a9","result":"0x8b0f613d24ad3d4adc37c2c83ab8314ef02eb6db870ee0ceee929abaed2cbe30"}}
[2m2025-12-10T10:09:02.326998Z[0m [34mDEBUG[0m [2methereum_transaction_pool_monitor::eth_client[0m[2m:[0m 📨 Received pending transaction: 0x8b0f613d24ad3d4adc37c2c83ab8314ef02eb6db870ee0ceee929abaed2cbe30
[2m2025-12-10T10:09:02.333093Z[0m [34mDEBUG[0m [2mhyper::proto::h1::io[0m[2m:[0m parsed 4 headers
[2m2025-12-10T10:09:02.333118Z[0m [34mDEBUG[0m [2mhyper::proto::h1::conn[0m[2m:[0m incoming body is content-length (641 bytes)
[2m2025-12-10T10:09:02.333128Z[0m [34mDEBUG[0m [2mhyper::proto::h1::conn[0m[2m:[0m incoming body completed
[2m2025-12-10T10:09:02.333140Z[0m [34mDEBUG[0m [2mhyper::client::pool[0m[2m:[0m pooling idle connection for ("http", 192.168.0.14:8545)
[2m2025-12-10T10:09:02.333148Z[0m [34mDEBUG[0m [2methereum_transaction_pool_monitor::eth_client[0m[2m:[0m 📡 Transaction fetch RPC completed in 6.314292ms
[2m2025-12-10T10:09:02.415205Z[0m [34mDEBUG[0m [2methereum_transaction_pool_monitor::eth_client[0m[2m:[0m ✅ Transaction 0x3ff57b8c86b17098e2007f2e762dc5443507281e8ef034d09c99656a074c06f1 fetched and parsed in 88.367459ms
[2m2025-12-10T10:09:02.415231Z[0m [34mDEBUG[0m [2methereum_transaction_pool_monitor::mempool_monitor[0m[2m:[0m 🔍 Skipping tx 0x3ff57b8c86b17098e2007f2e762dc5443507281e8ef034d09c99656a074c06f1 - not a DEX interaction (target: 0x3169e6Ef14d4E33aF662CcCF41e916cd7F5745aB)
[2m2025-12-10T10:09:02.415244Z[0m [34mDEBUG[0m [2methereum_transaction_pool_monitor::mempool_monitor[0m[2m:[0m 📨 Processing new pending transaction: 0x7cc05a1568f2716f88e163ea282a339c859a989dcb7cb71fc4f58e466f29c941
[2m2025-12-10T10:09:02.415249Z[0m [34mDEBUG[0m [2methereum_transaction_pool_monitor::mempool_monitor[0m[2m:[0m 🔍 Fetching transaction details for: 0x7cc05a1568f2716f88e163ea282a339c859a989dcb7cb71fc4f58e466f29c941
[2m2025-12-10T10:09:02.415253Z[0m [34mDEBUG[0m [2methereum_transaction_pool_monitor::eth_client[0m[2m:[0m 🔍 Fetching transaction details for hash: 0x7cc05a1568f2716f88e163ea282a339c859a989dcb7cb71fc4f58e466f29c941
[2m2025-12-10T10:09:02.415276Z[0m [34mDEBUG[0m [2mhyper::client::pool[0m[2m:[0m reuse idle connection for ("http", 192.168.0.14:8545)
[2m2025-12-10T10:09:02.415323Z[0m [34mDEBUG[0m [2mhyper::proto::h1::io[0m[2m:[0m flushed 250 bytes
[2m2025-12-10T10:09:02.415349Z[0m [34mDEBUG[0m [2methereum_transaction_pool_monitor::eth_client[0m[2m:[0m 📨 Received WebSocket message: {"jsonrpc":"2.0","method":"eth_subscription","params":{"subscription":"0xbed0a0851463e895960a451075a301a9","result":"0x3a5f713f8818c6a68fa25a1bcdecf048e87cc6763522725ddcf31f316986a3dc"}}
[2m2025-12-10T10:09:02.415357Z[0m [34mDEBUG[0m [2methereum_transaction_pool_monitor::eth_client[0m[2m:[0m 📨 Received pending transaction: 0x3a5f713f8818c6a68fa25a1bcdecf048e87cc6763522725ddcf31f316986a3dc
[2m2025-12-10T10:09:02.415372Z[0m [34mDEBUG[0m [2mhyper::proto::h1::io[0m[2m:[0m parsed 4 headers
[2m2025-12-10T10:09:02.415376Z[0m [34mDEBUG[0m [2mhyper::proto::h1::conn[0m[2m:[0m incoming body is content-length (45 bytes)
[2m2025-12-10T10:09:02.415383Z[0m [34mDEBUG[0m [2mhyper::proto::h1::conn[0m[2m:[0m incoming body completed
[2m2025-12-10T10:09:02.415391Z[0m [34mDEBUG[0m [2mhyper::client::pool[0m[2m:[0m pooling idle connection for ("http", 192.168.0.14:8545)
[2m2025-12-10T10:09:02.415407Z[0m [34mDEBUG[0m [2mhyper::client::pool[0m[2m:[0m reuse idle connection for ("http", 192.168.0.14:8545)
[2m2025-12-10T10:09:02.415421Z[0m [34mDEBUG[0m [2mhyper::proto::h1::io[0m[2m:[0m flushed 172 bytes
[2m2025-12-10T10:09:02.421214Z[0m [34mDEBUG[0m [2mhyper::proto::h1::io[0m[2m:[0m parsed 4 headers
[2m2025-12-10T10:09:02.421228Z[0m [34mDEBUG[0m [2mhyper::proto::h1::conn[0m[2m:[0m incoming body is content-length (647 bytes)
[2m2025-12-10T10:09:02.421236Z[0m [34mDEBUG[0m [2mhyper::proto::h1::conn[0m[2m:[0m incoming body completed
[2m2025-12-10T10:09:02.421245Z[0m [34mDEBUG[0m [2mhyper::client::pool[0m[2m:[0m pooling idle connection for ("http", 192.168.0.14:8545)
[2m2025-12-10T10:09:02.421252Z[0m [34mDEBUG[0m [2methereum_transaction_pool_monitor::eth_client[0m[2m:[0m 📡 Transaction fetch RPC completed in 5.994875ms
[2m2025-12-10T10:09:02.499924Z[0m [34mDEBUG[0m [2methereum_transaction_pool_monitor::eth_client[0m[2m:[0m ✅ Transaction 0x7cc05a1568f2716f88e163ea282a339c859a989dcb7cb71fc4f58e466f29c941 fetched and parsed in 84.662125ms
[2m2025-12-10T10:09:02.499953Z[0m [34mDEBUG[0m [2methereum_transaction_pool_monitor::mempool_monitor[0m[2m:[0m 🔍 Skipping tx 0x7cc05a1568f2716f88e163ea282a339c859a989dcb7cb71fc4f58e466f29c941 - not a DEX interaction (target: 0xDbD464A0c7988b6d60A6EB61b3DDc908Aea6293f)
[2m2025-12-10T10:09:02.499964Z[0m [34mDEBUG[0m [2methereum_transaction_pool_monitor::mempool_monitor[0m[2m:[0m 📨 Processing new pending transaction: 0x4395caca04264878364b250eeb76da26390edb1cfd8692f1a19217ff0791fc64
[2m2025-12-10T10:09:02.499969Z[0m [34mDEBUG[0m [2methereum_transaction_pool_monitor::mempool_monitor[0m[2m:[0m 🔍 Fetching transaction details for: 0x4395caca04264878364b250eeb76da26390edb1cfd8692f1a19217ff0791fc64
[2m2025-12-10T10:09:02.499973Z[0m [34mDEBUG[0m [2methereum_transaction_pool_monitor::eth_client[0m[2m:[0m 🔍 Fetching transaction details for hash: 0x4395caca04264878364b250eeb76da26390edb1cfd8692f1a19217ff0791fc64
[2m2025-12-10T10:09:02.499997Z[0m [34mDEBUG[0m [2mhyper::client::pool[0m[2m:[0m reuse idle connection for ("http", 192.168.0.14:8545)
[2m2025-12-10T10:09:02.500063Z[0m [34mDEBUG[0m [2mhyper::proto::h1::io[0m[2m:[0m flushed 250 bytes
[2m2025-12-10T10:09:02.500082Z[0m [34mDEBUG[0m [2mhyper::proto::h1::io[0m[2m:[0m parsed 4 headers
[2m2025-12-10T10:09:02.500086Z[0m [34mDEBUG[0m [2mhyper::proto::h1::conn[0m[2m:[0m incoming body is content-length (45 bytes)
[2m2025-12-10T10:09:02.500093Z[0m [34mDEBUG[0m [2mhyper::proto::h1::conn[0m[2m:[0m incoming body completed
[2m2025-12-10T10:09:02.500101Z[0m [34mDEBUG[0m [2mhyper::client::pool[0m[2m:[0m pooling idle connection for ("http", 192.168.0.14:8545)
[2m2025-12-10T10:09:02.500117Z[0m [34mDEBUG[0m [2mhyper::client::pool[0m[2m:[0m reuse idle connection for ("http", 192.168.0.14:8545)
[2m2025-12-10T10:09:02.500137Z[0m [34mDEBUG[0m [2mhyper::proto::h1::io[0m[2m:[0m flushed 172 bytes
[2m2025-12-10T10:09:02.505504Z[0m [34mDEBUG[0m [2mhyper::proto::h1::io[0m[2m:[0m parsed 4 headers
[2m2025-12-10T10:09:02.505512Z[0m [34mDEBUG[0m [2mhyper::proto::h1::conn[0m[2m:[0m incoming body is content-length (764 bytes)
[2m2025-12-10T10:09:02.505518Z[0m [34mDEBUG[0m [2mhyper::proto::h1::conn[0m[2m:[0m incoming body completed
[2m2025-12-10T10:09:02.505525Z[0m [34mDEBUG[0m [2mhyper::client::pool[0m[2m:[0m pooling idle connection for ("http", 192.168.0.14:8545)
[2m2025-12-10T10:09:02.505530Z[0m [34mDEBUG[0m [2methereum_transaction_pool_monitor::eth_client[0m[2m:[0m 📡 Transaction fetch RPC completed in 5.553ms
[2m2025-12-10T10:09:02.578674Z[0m [34mDEBUG[0m [2methereum_transaction_pool_monitor::eth_client[0m[2m:[0m ✅ Transaction 0x4395caca04264878364b250eeb76da26390edb1cfd8692f1a19217ff0791fc64 fetched and parsed in 78.692958ms
[2m2025-12-10T10:09:02.578706Z[0m [34mDEBUG[0m [2methereum_transaction_pool_monitor::mempool_monitor[0m[2m:[0m 🔍 Skipping tx 0x4395caca04264878364b250eeb76da26390edb1cfd8692f1a19217ff0791fc64 - not a DEX interaction (target: 0xA0b86991c6218b36c1d19D4a2e9Eb0cE3606eB48)
[2m2025-12-10T10:09:02.578717Z[0m [34mDEBUG[0m [2methereum_transaction_pool_monitor::mempool_monitor[0m[2m:[0m 📨 Processing new pending transaction: 0x83029243c4576c95309709186c405d5d9da252c01a7c91774af80da6c0a24394
[2m2025-12-10T10:09:02.578723Z[0m [34mDEBUG[0m [2methereum_transaction_pool_monitor::mempool_monitor[0m[2m:[0m 🔍 Fetching transaction details for: 0x83029243c4576c95309709186c405d5d9da252c01a7c91774af80da6c0a24394
[2m2025-12-10T10:09:02.578726Z[0m [34mDEBUG[0m [2methereum_transaction_pool_monitor::eth_client[0m[2m:[0m 🔍 Fetching transaction details for hash: 0x83029243c4576c95309709186c405d5d9da252c01a7c91774af80da6c0a24394
[2m2025-12-10T10:09:02.578750Z[0m [34mDEBUG[0m [2mhyper::client::pool[0m[2m:[0m reuse idle connection for ("http", 192.168.0.14:8545)
[2m2025-12-10T10:09:02.578803Z[0m [34mDEBUG[0m [2mhyper::proto::h1::io[0m[2m:[0m flushed 250 bytes
[2m2025-12-10T10:09:02.578820Z[0m [34mDEBUG[0m [2mhyper::proto::h1::io[0m[2m:[0m parsed 4 headers
[2m2025-12-10T10:09:02.578825Z[0m [34mDEBUG[0m [2mhyper::proto::h1::conn[0m[2m:[0m incoming body is content-length (45 bytes)
[2m2025-12-10T10:09:02.578834Z[0m [34mDEBUG[0m [2mhyper::proto::h1::conn[0m[2m:[0m incoming body completed
[2m2025-12-10T10:09:02.578844Z[0m [34mDEBUG[0m [2mhyper::client::pool[0m[2m:[0m pooling idle connection for ("http", 192.168.0.14:8545)
[2m2025-12-10T10:09:02.583391Z[0m [34mDEBUG[0m [2mhyper::proto::h1::io[0m[2m:[0m parsed 4 headers
[2m2025-12-10T10:09:02.583397Z[0m [34mDEBUG[0m [2mhyper::proto::h1::conn[0m[2m:[0m incoming body is content-length (773 bytes)
[2m2025-12-10T10:09:02.583402Z[0m [34mDEBUG[0m [2mhyper::proto::h1::conn[0m[2m:[0m incoming body completed
[2m2025-12-10T10:09:02.583409Z[0m [34mDEBUG[0m [2mhyper::client::pool[0m[2m:[0m pooling idle connection for ("http", 192.168.0.14:8545)
[2m2025-12-10T10:09:02.583413Z[0m [34mDEBUG[0m [2methereum_transaction_pool_monitor::eth_client[0m[2m:[0m 📡 Transaction fetch RPC completed in 4.68325ms
[2m2025-12-10T10:09:02.583426Z[0m [34mDEBUG[0m [2methereum_transaction_pool_monitor::eth_client[0m[2m:[0m DeFi transaction detected - Address: 0xdac17f958d2ee523a2206206994597c13d831ec7, Type: Stablecoin, Value: 0 ETH, Gas: 1.90 Gwei
[2m2025-12-10T10:09:02.583439Z[0m [34mDEBUG[0m [2methereum_transaction_pool_monitor::eth_client[0m[2m:[0m ✅ Transaction 0x83029243c4576c95309709186c405d5d9da252c01a7c91774af80da6c0a24394 fetched and parsed in 4.708542ms
[2m2025-12-10T10:09:02.583443Z[0m [34mDEBUG[0m [2methereum_transaction_pool_monitor::mempool_monitor[0m[2m:[0m 🔍 Skipping tx 0x83029243c4576c95309709186c405d5d9da252c01a7c91774af80da6c0a24394 - not a DEX interaction (target: 0xdAC17F958D2ee523a2206206994597C13D831ec7)
[2m2025-12-10T10:09:02.583449Z[0m [34mDEBUG[0m [2methereum_transaction_pool_monitor::mempool_monitor[0m[2m:[0m 📨 Processing new pending transaction: 0x76d2a5267b5375e31d92c5dc10caa16ba485e9e9353a7a91395ee6538dbe9c6a
[2m2025-12-10T10:09:02.583452Z[0m [34mDEBUG[0m [2methereum_transaction_pool_monitor::mempool_monitor[0m[2m:[0m 🔍 Fetching transaction details for: 0x76d2a5267b5375e31d92c5dc10caa16ba485e9e9353a7a91395ee6538dbe9c6a
[2m2025-12-10T10:09:02.583455Z[0m [34mDEBUG[0m [2methereum_transaction_pool_monitor::eth_client[0m[2m:[0m 🔍 Fetching transaction details for hash: 0x76d2a5267b5375e31d92c5dc10caa16ba485e9e9353a7a91395ee6538dbe9c6a
[2m2025-12-10T10:09:02.583466Z[0m [34mDEBUG[0m [2mhyper::client::pool[0m[2m:[0m reuse idle connection for ("http", 192.168.0.14:8545)
[2m2025-12-10T10:09:02.583483Z[0m [34mDEBUG[0m [2mhyper::proto::h1::io[0m[2m:[0m flushed 250 bytes
[2m2025-12-10T10:09:02.588596Z[0m [34mDEBUG[0m [2mhyper::proto::h1::io[0m[2m:[0m parsed 4 headers
[2m2025-12-10T10:09:02.588603Z[0m [34mDEBUG[0m [2mhyper::proto::h1::conn[0m[2m:[0m incoming body is content-length (639 bytes)
[2m2025-12-10T10:09:02.588608Z[0m [34mDEBUG[0m [2mhyper::proto::h1::conn[0m[2m:[0m incoming body completed
[2m2025-12-10T10:09:02.588614Z[0m [34mDEBUG[0m [2mhyper::client::pool[0m[2m:[0m pooling idle connection for ("http", 192.168.0.14:8545)
[2m2025-12-10T10:09:02.588618Z[0m [34mDEBUG[0m [2methereum_transaction_pool_monitor::eth_client[0m[2m:[0m 📡 Transaction fetch RPC completed in 5.159917ms
[2m2025-12-10T10:09:02.661256Z[0m [34mDEBUG[0m [2methereum_transaction_pool_monitor::eth_client[0m[2m:[0m ✅ Transaction 0x76d2a5267b5375e31d92c5dc10caa16ba485e9e9353a7a91395ee6538dbe9c6a fetched and parsed in 77.793917ms
[2m2025-12-10T10:09:02.661288Z[0m [34mDEBUG[0m [2methereum_transaction_pool_monitor::mempool_monitor[0m[2m:[0m 🔍 Skipping tx 0x76d2a5267b5375e31d92c5dc10caa16ba485e9e9353a7a91395ee6538dbe9c6a - not a DEX interaction (target: 0x75E3a4Fb236f02E463b5efFE1646934532203209)
[2m2025-12-10T10:09:02.661299Z[0m [34mDEBUG[0m [2methereum_transaction_pool_monitor::mempool_monitor[0m[2m:[0m 📨 Processing new pending transaction: 0x9657d500ed01293a44e44e0cf7ec0d8943d9df3430ff20234d602f42282c04c1
[2m2025-12-10T10:09:02.661305Z[0m [34mDEBUG[0m [2methereum_transaction_pool_monitor::mempool_monitor[0m[2m:[0m 🔍 Fetching transaction details for: 0x9657d500ed01293a44e44e0cf7ec0d8943d9df3430ff20234d602f42282c04c1
[2m2025-12-10T10:09:02.661310Z[0m [34mDEBUG[0m [2methereum_transaction_pool_monitor::eth_client[0m[2m:[0m 🔍 Fetching transaction details for hash: 0x9657d500ed01293a44e44e0cf7ec0d8943d9df3430ff20234d602f42282c04c1
[2m2025-12-10T10:09:02.661333Z[0m [34mDEBUG[0m [2mhyper::client::pool[0m[2m:[0m reuse idle connection for ("http", 192.168.0.14:8545)
[2m2025-12-10T10:09:02.661393Z[0m [34mDEBUG[0m [2mhyper::proto::h1::io[0m[2m:[0m flushed 250 bytes
[2m2025-12-10T10:09:02.661414Z[0m [34mDEBUG[0m [2mhyper::client::pool[0m[2m:[0m reuse idle connection for ("http", 192.168.0.14:8545)
[2m2025-12-10T10:09:02.661427Z[0m [34mDEBUG[0m [2methereum_transaction_pool_monitor::eth_client[0m[2m:[0m 📨 Received WebSocket message: {"jsonrpc":"2.0","method":"eth_subscription","params":{"subscription":"0xbed0a0851463e895960a451075a301a9","result":"0x1a576a41924774e6d57d51cace1089b1e7b94af7a53b5be3c4bc97b911f974c7"}}
[2m2025-12-10T10:09:02.661429Z[0m [34mDEBUG[0m [2mhyper::proto::h1::io[0m[2m:[0m flushed 172 bytes
[2m2025-12-10T10:09:02.661443Z[0m [34mDEBUG[0m [2methereum_transaction_pool_monitor::eth_client[0m[2m:[0m 📨 Received pending transaction: 0x1a576a41924774e6d57d51cace1089b1e7b94af7a53b5be3c4bc97b911f974c7
[2m2025-12-10T10:09:02.666384Z[0m [34mDEBUG[0m [2mhyper::proto::h1::io[0m[2m:[0m parsed 4 headers
[2m2025-12-10T10:09:02.666393Z[0m [34mDEBUG[0m [2mhyper::proto::h1::conn[0m[2m:[0m incoming body is content-length (830 bytes)
[2m2025-12-10T10:09:02.666401Z[0m [34mDEBUG[0m [2mhyper::proto::h1::conn[0m[2m:[0m incoming body completed
[2m2025-12-10T10:09:02.666409Z[0m [34mDEBUG[0m [2mhyper::client::pool[0m[2m:[0m pooling idle connection for ("http", 192.168.0.14:8545)
[2m2025-12-10T10:09:02.666416Z[0m [34mDEBUG[0m [2methereum_transaction_pool_monitor::eth_client[0m[2m:[0m 📡 Transaction fetch RPC completed in 5.101875ms
[2m2025-12-10T10:09:02.738838Z[0m [34mDEBUG[0m [2methereum_transaction_pool_monitor::eth_client[0m[2m:[0m ✅ Transaction 0x9657d500ed01293a44e44e0cf7ec0d8943d9df3430ff20234d602f42282c04c1 fetched and parsed in 77.518ms
[2m2025-12-10T10:09:02.738863Z[0m [34mDEBUG[0m [2methereum_transaction_pool_monitor::mempool_monitor[0m[2m:[0m 🔍 Skipping tx 0x9657d500ed01293a44e44e0cf7ec0d8943d9df3430ff20234d602f42282c04c1 - not a DEX interaction (target: 0x51C03A791e0F22D66F17edA5a897c108d5CF7ce7)
[2m2025-12-10T10:09:02.738874Z[0m [34mDEBUG[0m [2methereum_transaction_pool_monitor::mempool_monitor[0m[2m:[0m 📨 Processing new pending transaction: 0xd2ccb315170a39beee3757a42cb6f4008ef68bba82164cc7798bc25ffdd25a27
[2m2025-12-10T10:09:02.738879Z[0m [34mDEBUG[0m [2methereum_transaction_pool_monitor::mempool_monitor[0m[2m:[0m 🔍 Fetching transaction details for: 0xd2ccb315170a39beee3757a42cb6f4008ef68bba82164cc7798bc25ffdd25a27
[2m2025-12-10T10:09:02.738884Z[0m [34mDEBUG[0m [2methereum_transaction_pool_monitor::eth_client[0m[2m:[0m 🔍 Fetching transaction details for hash: 0xd2ccb315170a39beee3757a42cb6f4008ef68bba82164cc7798bc25ffdd25a27
[2m2025-12-10T10:09:02.738910Z[0m [34mDEBUG[0m [2mhyper::client::pool[0m[2m:[0m reuse idle connection for ("http", 192.168.0.14:8545)
[2m2025-12-10T10:09:02.738947Z[0m [34mDEBUG[0m [2mhyper::proto::h1::io[0m[2m:[0m flushed 250 bytes
[2m2025-12-10T10:09:02.738966Z[0m [34mDEBUG[0m [2mhyper::proto::h1::io[0m[2m:[0m parsed 4 headers
[2m2025-12-10T10:09:02.738970Z[0m [34mDEBUG[0m [2mhyper::proto::h1::conn[0m[2m:[0m incoming body is content-length (45 bytes)
[2m2025-12-10T10:09:02.738979Z[0m [34mDEBUG[0m [2mhyper::proto::h1::conn[0m[2m:[0m incoming body completed
[2m2025-12-10T10:09:02.738989Z[0m [34mDEBUG[0m [2mhyper::client::pool[0m[2m:[0m pooling idle connection for ("http", 192.168.0.14:8545)
[2m2025-12-10T10:09:02.739022Z[0m [34mDEBUG[0m [2mhyper::client::pool[0m[2m:[0m reuse idle connection for ("http", 192.168.0.14:8545)
[2m2025-12-10T10:09:02.739039Z[0m [34mDEBUG[0m [2mhyper::proto::h1::io[0m[2m:[0m flushed 172 bytes
[2m2025-12-10T10:09:02.743658Z[0m [34mDEBUG[0m [2mhyper::proto::h1::io[0m[2m:[0m parsed 4 headers
[2m2025-12-10T10:09:02.743679Z[0m [34mDEBUG[0m [2mhyper::proto::h1::conn[0m[2m:[0m incoming body is content-length (45 bytes)
[2m2025-12-10T10:09:02.743690Z[0m [34mDEBUG[0m [2mhyper::proto::h1::conn[0m[2m:[0m incoming body completed
[2m2025-12-10T10:09:02.743704Z[0m [34mDEBUG[0m [2mhyper::client::pool[0m[2m:[0m pooling idle connection for ("http", 192.168.0.14:8545)
[2m2025-12-10T10:09:02.744191Z[0m [34mDEBUG[0m [2mhyper::proto::h1::io[0m[2m:[0m parsed 4 headers
[2m2025-12-10T10:09:02.744232Z[0m [34mDEBUG[0m [2mhyper::proto::h1::conn[0m[2m:[0m incoming body is content-length (556 bytes)
[2m2025-12-10T10:09:02.744265Z[0m [34mDEBUG[0m [2mhyper::proto::h1::conn[0m[2m:[0m incoming body completed
[2m2025-12-10T10:09:02.744284Z[0m [34mDEBUG[0m [2mhyper::client::pool[0m[2m:[0m pooling idle connection for ("http", 192.168.0.14:8545)
[2m2025-12-10T10:09:02.744292Z[0m [34mDEBUG[0m [2methereum_transaction_pool_monitor::eth_client[0m[2m:[0m 📡 Transaction fetch RPC completed in 5.40425ms
[2m2025-12-10T10:09:02.816759Z[0m [34mDEBUG[0m [2methereum_transaction_pool_monitor::eth_client[0m[2m:[0m ✅ Transaction 0xd2ccb315170a39beee3757a42cb6f4008ef68bba82164cc7798bc25ffdd25a27 fetched and parsed in 77.868417ms
[2m2025-12-10T10:09:02.816790Z[0m [34mDEBUG[0m [2methereum_transaction_pool_monitor::mempool_monitor[0m[2m:[0m 🔍 Skipping tx 0xd2ccb315170a39beee3757a42cb6f4008ef68bba82164cc7798bc25ffdd25a27 - not a DEX interaction (target: 0x203931B3d7Baa84ef76BA944F485A4104C3Bd035)
[2m2025-12-10T10:09:02.816802Z[0m [34mDEBUG[0m [2methereum_transaction_pool_monitor::mempool_monitor[0m[2m:[0m 📨 Processing new pending transaction: 0xf6a95b71b39e0a421b98583fc0ae51de5adaf91ce1a1e6f34575684dc9364473
[2m2025-12-10T10:09:02.816807Z[0m [34mDEBUG[0m [2methereum_transaction_pool_monitor::mempool_monitor[0m[2m:[0m 🔍 Fetching transaction details for: 0xf6a95b71b39e0a421b98583fc0ae51de5adaf91ce1a1e6f34575684dc9364473
[2m2025-12-10T10:09:02.816812Z[0m [34mDEBUG[0m [2methereum_transaction_pool_monitor::eth_client[0m[2m:[0m 🔍 Fetching transaction details for hash: 0xf6a95b71b39e0a421b98583fc0ae51de5adaf91ce1a1e6f34575684dc9364473
[2m2025-12-10T10:09:02.816835Z[0m [34mDEBUG[0m [2mhyper::client::pool[0m[2m:[0m reuse idle connection for ("http", 192.168.0.14:8545)
[2m2025-12-10T10:09:02.816889Z[0m [34mDEBUG[0m [2mhyper::proto::h1::io[0m[2m:[0m flushed 250 bytes
[2m2025-12-10T10:09:02.816909Z[0m [34mDEBUG[0m [2mhyper::client::pool[0m[2m:[0m reuse idle connection for ("http", 192.168.0.14:8545)
[2m2025-12-10T10:09:02.816921Z[0m [34mDEBUG[0m [2methereum_transaction_pool_monitor::eth_client[0m[2m:[0m 📨 Received WebSocket message: {"jsonrpc":"2.0","method":"eth_subscription","params":{"subscription":"0xbed0a0851463e895960a451075a301a9","result":"0xb20490fb99c5c1a23d66f7a09961a889437e8a9a40b304b2eabccab76b0db31e"}}
[2m2025-12-10T10:09:02.816927Z[0m [34mDEBUG[0m [2mhyper::proto::h1::io[0m[2m:[0m flushed 172 bytes
[2m2025-12-10T10:09:02.816934Z[0m [34mDEBUG[0m [2methereum_transaction_pool_monitor::eth_client[0m[2m:[0m 📨 Received pending transaction: 0xb20490fb99c5c1a23d66f7a09961a889437e8a9a40b304b2eabccab76b0db31e
[2m2025-12-10T10:09:02.820076Z[0m [34mDEBUG[0m [2mhyper::proto::h1::io[0m[2m:[0m parsed 4 headers
[2m2025-12-10T10:09:02.820083Z[0m [34mDEBUG[0m [2mhyper::proto::h1::conn[0m[2m:[0m incoming body is content-length (45 bytes)
[2m2025-12-10T10:09:02.820090Z[0m [34mDEBUG[0m [2mhyper::proto::h1::conn[0m[2m:[0m incoming body completed
[2m2025-12-10T10:09:02.820098Z[0m [34mDEBUG[0m [2mhyper::client::pool[0m[2m:[0m pooling idle connection for ("http", 192.168.0.14:8545)
[2m2025-12-10T10:09:02.820841Z[0m [34mDEBUG[0m [2mhyper::proto::h1::io[0m[2m:[0m parsed 4 headers
[2m2025-12-10T10:09:02.820847Z[0m [34mDEBUG[0m [2mhyper::proto::h1::conn[0m[2m:[0m incoming body is content-length (645 bytes)
[2m2025-12-10T10:09:02.820853Z[0m [34mDEBUG[0m [2mhyper::proto::h1::conn[0m[2m:[0m incoming body completed
[2m2025-12-10T10:09:02.820860Z[0m [34mDEBUG[0m [2mhyper::client::pool[0m[2m:[0m pooling idle connection for ("http", 192.168.0.14:8545)
[2m2025-12-10T10:09:02.820867Z[0m [34mDEBUG[0m [2methereum_transaction_pool_monitor::eth_client[0m[2m:[0m 📡 Transaction fetch RPC completed in 4.051083ms
[2m2025-12-10T10:09:02.893152Z[0m [34mDEBUG[0m [2methereum_transaction_pool_monitor::eth_client[0m[2m:[0m ✅ Transaction 0xf6a95b71b39e0a421b98583fc0ae51de5adaf91ce1a1e6f34575684dc9364473 fetched and parsed in 76.332833ms
[2m2025-12-10T10:09:02.893181Z[0m [34mDEBUG[0m [2methereum_transaction_pool_monitor::mempool_monitor[0m[2m:[0m 🔍 Skipping tx 0xf6a95b71b39e0a421b98583fc0ae51de5adaf91ce1a1e6f34575684dc9364473 - not a DEX interaction (target: 0x14E5630fCc93A40B54bec6A33ee9407f87386cFA)
[2m2025-12-10T10:09:02.893191Z[0m [34mDEBUG[0m [2methereum_transaction_pool_monitor::mempool_monitor[0m[2m:[0m 📨 Processing new pending transaction: 0xabb2c597c8d4780dc1c4c815a8fa280e6fabd8cf15ce7abf0d40a524655b2547
[2m2025-12-10T10:09:02.893196Z[0m [34mDEBUG[0m [2methereum_transaction_pool_monitor::mempool_monitor[0m[2m:[0m 🔍 Fetching transaction details for: 0xabb2c597c8d4780dc1c4c815a8fa280e6fabd8cf15ce7abf0d40a524655b2547
[2m2025-12-10T10:09:02.893200Z[0m [34mDEBUG[0m [2methereum_transaction_pool_monitor::eth_client[0m[2m:[0m 🔍 Fetching transaction details for hash: 0xabb2c597c8d4780dc1c4c815a8fa280e6fabd8cf15ce7abf0d40a524655b2547
[2m2025-12-10T10:09:02.893222Z[0m [34mDEBUG[0m [2mhyper::client::pool[0m[2m:[0m reuse idle connection for ("http", 192.168.0.14:8545)
[2m2025-12-10T10:09:02.893279Z[0m [34mDEBUG[0m [2mhyper::proto::h1::io[0m[2m:[0m flushed 250 bytes
[2m2025-12-10T10:09:02.896689Z[0m [34mDEBUG[0m [2mhyper::client::pool[0m[2m:[0m reuse idle connection for ("http", 192.168.0.14:8545)
[2m2025-12-10T10:09:02.896721Z[0m [34mDEBUG[0m [2mhyper::proto::h1::io[0m[2m:[0m flushed 172 bytes
[2m2025-12-10T10:09:02.897616Z[0m [34mDEBUG[0m [2mhyper::proto::h1::io[0m[2m:[0m parsed 4 headers
[2m2025-12-10T10:09:02.897626Z[0m [34mDEBUG[0m [2mhyper::proto::h1::conn[0m[2m:[0m incoming body is content-length (643 bytes)
[2m2025-12-10T10:09:02.897637Z[0m [34mDEBUG[0m [2mhyper::proto::h1::conn[0m[2m:[0m incoming body completed
[2m2025-12-10T10:09:02.897647Z[0m [34mDEBUG[0m [2mhyper::client::pool[0m[2m:[0m pooling idle connection for ("http", 192.168.0.14:8545)
[2m2025-12-10T10:09:02.897654Z[0m [34mDEBUG[0m [2methereum_transaction_pool_monitor::eth_client[0m[2m:[0m 📡 Transaction fetch RPC completed in 4.450208ms
[2m2025-12-10T10:09:02.971554Z[0m [34mDEBUG[0m [2methereum_transaction_pool_monitor::eth_client[0m[2m:[0m ✅ Transaction 0xabb2c597c8d4780dc1c4c815a8fa280e6fabd8cf15ce7abf0d40a524655b2547 fetched and parsed in 78.346083ms
[2m2025-12-10T10:09:02.971585Z[0m [34mDEBUG[0m [2methereum_transaction_pool_monitor::mempool_monitor[0m[2m:[0m 🔍 Skipping tx 0xabb2c597c8d4780dc1c4c815a8fa280e6fabd8cf15ce7abf0d40a524655b2547 - not a DEX interaction (target: 0x7c4c87dd12093559ea9D5FeE30E5c630Af104ed9)
[2m2025-12-10T10:09:02.971597Z[0m [34mDEBUG[0m [2methereum_transaction_pool_monitor::mempool_monitor[0m[2m:[0m 📨 Processing new pending transaction: 0x33b1037559a66c3733c927780c686c25c3e76dc8e5ad0afe71881eb412049f25
[2m2025-12-10T10:09:02.971603Z[0m [34mDEBUG[0m [2methereum_transaction_pool_monitor::mempool_monitor[0m[2m:[0m 🔍 Fetching transaction details for: 0x33b1037559a66c3733c927780c686c25c3e76dc8e5ad0afe71881eb412049f25
[2m2025-12-10T10:09:02.971608Z[0m [34mDEBUG[0m [2methereum_transaction_pool_monitor::eth_client[0m[2m:[0m 🔍 Fetching transaction details for hash: 0x33b1037559a66c3733c927780c686c25c3e76dc8e5ad0afe71881eb412049f25
[2m2025-12-10T10:09:02.971632Z[0m [34mDEBUG[0m [2mhyper::client::pool[0m[2m:[0m reuse idle connection for ("http", 192.168.0.14:8545)
[2m2025-12-10T10:09:02.971689Z[0m [34mDEBUG[0m [2mhyper::proto::h1::io[0m[2m:[0m flushed 250 bytes
[2m2025-12-10T10:09:02.971721Z[0m [34mDEBUG[0m [2methereum_transaction_pool_monitor::eth_client[0m[2m:[0m 📨 Received WebSocket message: {"jsonrpc":"2.0","method":"eth_subscription","params":{"subscription":"0xbed0a0851463e895960a451075a301a9","result":"0x6e7568b71dc6d34323c28a9662b1bbed63050b47d897e1e6b6ff8a7f70004dbd"}}
[2m2025-12-10T10:09:02.971731Z[0m [34mDEBUG[0m [2methereum_transaction_pool_monitor::eth_client[0m[2m:[0m 📨 Received pending transaction: 0x6e7568b71dc6d34323c28a9662b1bbed63050b47d897e1e6b6ff8a7f70004dbd
[2m2025-12-10T10:09:02.971738Z[0m [34mDEBUG[0m [2methereum_transaction_pool_monitor::eth_client[0m[2m:[0m 📨 Received WebSocket message: {"jsonrpc":"2.0","method":"eth_subscription","params":{"subscription":"0xbed0a0851463e895960a451075a301a9","result":"0xb1b615609b4bee36eba57ce1e3625926b4bb2188cc577b09b726b38884a7460a"}}
[2m2025-12-10T10:09:02.971738Z[0m [34mDEBUG[0m [2mhyper::proto::h1::io[0m[2m:[0m parsed 4 headers
[2m2025-12-10T10:09:02.971773Z[0m [34mDEBUG[0m [2mhyper::proto::h1::conn[0m[2m:[0m incoming body is content-length (45 bytes)
[2m2025-12-10T10:09:02.971745Z[0m [34mDEBUG[0m [2methereum_transaction_pool_monitor::eth_client[0m[2m:[0m 📨 Received pending transaction: 0xb1b615609b4bee36eba57ce1e3625926b4bb2188cc577b09b726b38884a7460a
[2m2025-12-10T10:09:02.971784Z[0m [34mDEBUG[0m [2mhyper::proto::h1::conn[0m[2m:[0m incoming body completed
[2m2025-12-10T10:09:02.971811Z[0m [34mDEBUG[0m [2mhyper::client::pool[0m[2m:[0m pooling idle connection for ("http", 192.168.0.14:8545)
[2m2025-12-10T10:09:02.975703Z[0m [34mDEBUG[0m [2mhyper::proto::h1::io[0m[2m:[0m parsed 4 headers
[2m2025-12-10T10:09:02.975715Z[0m [34mDEBUG[0m [2mhyper::proto::h1::conn[0m[2m:[0m incoming body is content-length (647 bytes)
[2m2025-12-10T10:09:02.975722Z[0m [34mDEBUG[0m [2mhyper::proto::h1::conn[0m[2m:[0m incoming body completed
[2m2025-12-10T10:09:02.975732Z[0m [34mDEBUG[0m [2mhyper::client::pool[0m[2m:[0m pooling idle connection for ("http", 192.168.0.14:8545)
[2m2025-12-10T10:09:02.975739Z[0m [34mDEBUG[0m [2methereum_transaction_pool_monitor::eth_client[0m[2m:[0m 📡 Transaction fetch RPC completed in 4.127208ms
[2m2025-12-10T10:09:03.051090Z[0m [34mDEBUG[0m [2methereum_transaction_pool_monitor::eth_client[0m[2m:[0m ✅ Transaction 0x33b1037559a66c3733c927780c686c25c3e76dc8e5ad0afe71881eb412049f25 fetched and parsed in 79.473417ms
[2m2025-12-10T10:09:03.051122Z[0m [34mDEBUG[0m [2methereum_transaction_pool_monitor::mempool_monitor[0m[2m:[0m 🔍 Skipping tx 0x33b1037559a66c3733c927780c686c25c3e76dc8e5ad0afe71881eb412049f25 - not a DEX interaction (target: 0x34d7a8bc43Bf40117f1946E3E32bC9fcD5427E3b)
[2m2025-12-10T10:09:03.051136Z[0m [34mDEBUG[0m [2methereum_transaction_pool_monitor::mempool_monitor[0m[2m:[0m 📨 Processing new pending transaction: 0xe34b7b62a51d6064ae0e5522ffdc5747a0c5406e74641ffe1f423c1959c91727
[2m2025-12-10T10:09:03.051141Z[0m [34mDEBUG[0m [2methereum_transaction_pool_monitor::mempool_monitor[0m[2m:[0m 🔍 Fetching transaction details for: 0xe34b7b62a51d6064ae0e5522ffdc5747a0c5406e74641ffe1f423c1959c91727
[2m2025-12-10T10:09:03.051145Z[0m [34mDEBUG[0m [2methereum_transaction_pool_monitor::eth_client[0m[2m:[0m 🔍 Fetching transaction details for hash: 0xe34b7b62a51d6064ae0e5522ffdc5747a0c5406e74641ffe1f423c1959c91727
[2m2025-12-10T10:09:03.051170Z[0m [34mDEBUG[0m [2mhyper::client::pool[0m[2m:[0m reuse idle connection for ("http", 192.168.0.14:8545)
[2m2025-12-10T10:09:03.051228Z[0m [34mDEBUG[0m [2mhyper::proto::h1::io[0m[2m:[0m flushed 250 bytes
[2m2025-12-10T10:09:03.051250Z[0m [34mDEBUG[0m [2mhyper::client::pool[0m[2m:[0m reuse idle connection for ("http", 192.168.0.14:8545)
[2m2025-12-10T10:09:03.051268Z[0m [34mDEBUG[0m [2mhyper::proto::h1::io[0m[2m:[0m flushed 172 bytes
[2m2025-12-10T10:09:03.051314Z[0m [34mDEBUG[0m [2methereum_transaction_pool_monitor::eth_client[0m[2m:[0m 📨 Received WebSocket message: {"jsonrpc":"2.0","method":"eth_subscription","params":{"subscription":"0xbed0a0851463e895960a451075a301a9","result":"0x2b2f438d682c49960ff8097cb4cd205302d236098058f68f25b0b61ec8f6bb9c"}}
[2m2025-12-10T10:09:03.051331Z[0m [34mDEBUG[0m [2methereum_transaction_pool_monitor::eth_client[0m[2m:[0m 📨 Received pending transaction: 0x2b2f438d682c49960ff8097cb4cd205302d236098058f68f25b0b61ec8f6bb9c
[2m2025-12-10T10:09:03.055221Z[0m [34mDEBUG[0m [2mhyper::proto::h1::io[0m[2m:[0m parsed 4 headers
[2m2025-12-10T10:09:03.055229Z[0m [34mDEBUG[0m [2mhyper::proto::h1::conn[0m[2m:[0m incoming body is content-length (45 bytes)
[2m2025-12-10T10:09:03.055238Z[0m [34mDEBUG[0m [2mhyper::proto::h1::conn[0m[2m:[0m incoming body completed
[2m2025-12-10T10:09:03.055248Z[0m [34mDEBUG[0m [2mhyper::client::pool[0m[2m:[0m pooling idle connection for ("http", 192.168.0.14:8545)
[2m2025-12-10T10:09:03.055628Z[0m [34mDEBUG[0m [2mhyper::proto::h1::io[0m[2m:[0m parsed 4 headers
[2m2025-12-10T10:09:03.055634Z[0m [34mDEBUG[0m [2mhyper::proto::h1::conn[0m[2m:[0m incoming body is content-length (681 bytes)
[2m2025-12-10T10:09:03.055638Z[0m [34mDEBUG[0m [2mhyper::proto::h1::conn[0m[2m:[0m incoming body completed
[2m2025-12-10T10:09:03.055643Z[0m [34mDEBUG[0m [2mhyper::client::pool[0m[2m:[0m pooling idle connection for ("http", 192.168.0.14:8545)
[2m2025-12-10T10:09:03.055649Z[0m [34mDEBUG[0m [2methereum_transaction_pool_monitor::eth_client[0m[2m:[0m 📡 Transaction fetch RPC completed in 4.499917ms
[2m2025-12-10T10:09:03.055662Z[0m [34mDEBUG[0m [2methereum_transaction_pool_monitor::eth_client[0m[2m:[0m DeFi transaction detected - Address: 0xdac17f958d2ee523a2206206994597c13d831ec7, Type: Stablecoin, Value: 0 ETH, Gas: 0.19 Gwei
[2m2025-12-10T10:09:03.055674Z[0m [34mDEBUG[0m [2methereum_transaction_pool_monitor::eth_client[0m[2m:[0m ✅ Transaction 0xe34b7b62a51d6064ae0e5522ffdc5747a0c5406e74641ffe1f423c1959c91727 fetched and parsed in 4.525083ms
[2m2025-12-10T10:09:03.055695Z[0m [34mDEBUG[0m [2methereum_transaction_pool_monitor::mempool_monitor[0m[2m:[0m 🔍 Skipping tx 0xe34b7b62a51d6064ae0e5522ffdc5747a0c5406e74641ffe1f423c1959c91727 - not a DEX interaction (target: 0xdAC17F958D2ee523a2206206994597C13D831ec7)
[2m2025-12-10T10:09:03.055742Z[0m [34mDEBUG[0m [2methereum_transaction_pool_monitor::mempool_monitor[0m[2m:[0m 📨 Processing new pending transaction: 0xc5c8d4436ab07a468e0a7c77d9926d467d80ea27e8d681431a697c7e33359d24
[2m2025-12-10T10:09:03.055758Z[0m [34mDEBUG[0m [2methereum_transaction_pool_monitor::mempool_monitor[0m[2m:[0m 🔍 Fetching transaction details for: 0xc5c8d4436ab07a468e0a7c77d9926d467d80ea27e8d681431a697c7e33359d24
[2m2025-12-10T10:09:03.055769Z[0m [34mDEBUG[0m [2methereum_transaction_pool_monitor::eth_client[0m[2m:[0m 🔍 Fetching transaction details for hash: 0xc5c8d4436ab07a468e0a7c77d9926d467d80ea27e8d681431a697c7e33359d24
[2m2025-12-10T10:09:03.055807Z[0m [34mDEBUG[0m [2mhyper::client::pool[0m[2m:[0m reuse idle connection for ("http", 192.168.0.14:8545)
[2m2025-12-10T10:09:03.055834Z[0m [34mDEBUG[0m [2mhyper::proto::h1::io[0m[2m:[0m flushed 250 bytes
[2m2025-12-10T10:09:03.059873Z[0m [34mDEBUG[0m [2mhyper::proto::h1::io[0m[2m:[0m parsed 4 headers
[2m2025-12-10T10:09:03.059891Z[0m [34mDEBUG[0m [2mhyper::proto::h1::conn[0m[2m:[0m incoming body is content-length (954 bytes)
[2m2025-12-10T10:09:03.059899Z[0m [34mDEBUG[0m [2mhyper::proto::h1::conn[0m[2m:[0m incoming body completed
[2m2025-12-10T10:09:03.059909Z[0m [34mDEBUG[0m [2mhyper::client::pool[0m[2m:[0m pooling idle connection for ("http", 192.168.0.14:8545)
[2m2025-12-10T10:09:03.059917Z[0m [34mDEBUG[0m [2methereum_transaction_pool_monitor::eth_client[0m[2m:[0m 📡 Transaction fetch RPC completed in 4.135417ms
[2m2025-12-10T10:09:03.135117Z[0m [34mDEBUG[0m [2methereum_transaction_pool_monitor::eth_client[0m[2m:[0m ✅ Transaction 0xc5c8d4436ab07a468e0a7c77d9926d467d80ea27e8d681431a697c7e33359d24 fetched and parsed in 79.33125ms
[2m2025-12-10T10:09:03.135143Z[0m [34mDEBUG[0m [2methereum_transaction_pool_monitor::mempool_monitor[0m[2m:[0m 🔍 Skipping tx 0xc5c8d4436ab07a468e0a7c77d9926d467d80ea27e8d681431a697c7e33359d24 - not a DEX interaction (target: 0x9d3aB072f10AD533aC3f26B6978A88aFe55822f4)
[2m2025-12-10T10:09:03.135156Z[0m [34mDEBUG[0m [2methereum_transaction_pool_monitor::mempool_monitor[0m[2m:[0m 📨 Processing new pending transaction: 0xa3fbfa5adaf15b0f2d22fb9061c145470f314f44de910c2a7ca4d08f95119e74
[2m2025-12-10T10:09:03.135162Z[0m [34mDEBUG[0m [2methereum_transaction_pool_monitor::mempool_monitor[0m[2m:[0m 🔍 Fetching transaction details for: 0xa3fbfa5adaf15b0f2d22fb9061c145470f314f44de910c2a7ca4d08f95119e74
[2m2025-12-10T10:09:03.135167Z[0m [34mDEBUG[0m [2methereum_transaction_pool_monitor::eth_client[0m[2m:[0m 🔍 Fetching transaction details for hash: 0xa3fbfa5adaf15b0f2d22fb9061c145470f314f44de910c2a7ca4d08f95119e74
[2m2025-12-10T10:09:03.135193Z[0m [34mDEBUG[0m [2mhyper::client::pool[0m[2m:[0m reuse idle connection for ("http", 192.168.0.14:8545)
[2m2025-12-10T10:09:03.135244Z[0m [34mDEBUG[0m [2mhyper::proto::h1::io[0m[2m:[0m flushed 250 bytes
[2m2025-12-10T10:09:03.135267Z[0m [34mDEBUG[0m [2mhyper::client::pool[0m[2m:[0m reuse idle connection for ("http", 192.168.0.14:8545)
[2m2025-12-10T10:09:03.135284Z[0m [34mDEBUG[0m [2mhyper::proto::h1::io[0m[2m:[0m flushed 172 bytes
[2m2025-12-10T10:09:03.135317Z[0m [34mDEBUG[0m [2methereum_transaction_pool_monitor::eth_client[0m[2m:[0m 📨 Received WebSocket message: {"jsonrpc":"2.0","method":"eth_subscription","params":{"subscription":"0xbed0a0851463e895960a451075a301a9","result":"0xda03e9c76fee1fddd90c68d7e89a31b3b82002a0d27f8096e2a11f2b2a222f9c"}}
[2m2025-12-10T10:09:03.135327Z[0m [34mDEBUG[0m [2methereum_transaction_pool_monitor::eth_client[0m[2m:[0m 📨 Received pending transaction: 0xda03e9c76fee1fddd90c68d7e89a31b3b82002a0d27f8096e2a11f2b2a222f9c
[2m2025-12-10T10:09:03.135333Z[0m [34mDEBUG[0m [2methereum_transaction_pool_monitor::eth_client[0m[2m:[0m 📨 Received WebSocket message: {"jsonrpc":"2.0","method":"eth_subscription","params":{"subscription":"0xbed0a0851463e895960a451075a301a9","result":"0x0c28a31d5a910a45cf97ff0fa09e892ac9c1e26f526c037c5e40e70511828253"}}
[2m2025-12-10T10:09:03.135339Z[0m [34mDEBUG[0m [2methereum_transaction_pool_monitor::eth_client[0m[2m:[0m 📨 Received pending transaction: 0x0c28a31d5a910a45cf97ff0fa09e892ac9c1e26f526c037c5e40e70511828253
[2m2025-12-10T10:09:03.142702Z[0m [34mDEBUG[0m [2mhyper::proto::h1::io[0m[2m:[0m parsed 4 headers
[2m2025-12-10T10:09:03.142722Z[0m [34mDEBUG[0m [2mhyper::proto::h1::conn[0m[2m:[0m incoming body is content-length (641 bytes)
[2m2025-12-10T10:09:03.142733Z[0m [34mDEBUG[0m [2mhyper::proto::h1::conn[0m[2m:[0m incoming body completed
[2m2025-12-10T10:09:03.142746Z[0m [34mDEBUG[0m [2mhyper::client::pool[0m[2m:[0m pooling idle connection for ("http", 192.168.0.14:8545)
[2m2025-12-10T10:09:03.142755Z[0m [34mDEBUG[0m [2methereum_transaction_pool_monitor::eth_client[0m[2m:[0m 📡 Transaction fetch RPC completed in 7.583833ms
[2m2025-12-10T10:09:03.217504Z[0m [34mDEBUG[0m [2methereum_transaction_pool_monitor::eth_client[0m[2m:[0m ✅ Transaction 0xa3fbfa5adaf15b0f2d22fb9061c145470f314f44de910c2a7ca4d08f95119e74 fetched and parsed in 82.329417ms
[2m2025-12-10T10:09:03.217532Z[0m [34mDEBUG[0m [2methereum_transaction_pool_monitor::mempool_monitor[0m[2m:[0m 🔍 Skipping tx 0xa3fbfa5adaf15b0f2d22fb9061c145470f314f44de910c2a7ca4d08f95119e74 - not a DEX interaction (target: 0x0942bc370D1BBB78846224055d246f7d77D0bdf3)
[2m2025-12-10T10:09:03.217542Z[0m [34mDEBUG[0m [2methereum_transaction_pool_monitor::mempool_monitor[0m[2m:[0m 📨 Processing new pending transaction: 0xaffc7f5c56889195168cd2eff8b3b77a9487e51670a392d4ba804749b8c533cf
[2m2025-12-10T10:09:03.217548Z[0m [34mDEBUG[0m [2methereum_transaction_pool_monitor::mempool_monitor[0m[2m:[0m 🔍 Fetching transaction details for: 0xaffc7f5c56889195168cd2eff8b3b77a9487e51670a392d4ba804749b8c533cf
[2m2025-12-10T10:09:03.217553Z[0m [34mDEBUG[0m [2methereum_transaction_pool_monitor::eth_client[0m[2m:[0m 🔍 Fetching transaction details for hash: 0xaffc7f5c56889195168cd2eff8b3b77a9487e51670a392d4ba804749b8c533cf
[2m2025-12-10T10:09:03.217574Z[0m [34mDEBUG[0m [2mhyper::client::pool[0m[2m:[0m reuse idle connection for ("http", 192.168.0.14:8545)
[2m2025-12-10T10:09:03.217625Z[0m [34mDEBUG[0m [2mhyper::proto::h1::io[0m[2m:[0m flushed 250 bytes
[2m2025-12-10T10:09:03.217654Z[0m [34mDEBUG[0m [2methereum_transaction_pool_monitor::eth_client[0m[2m:[0m 📨 Received WebSocket message: {"jsonrpc":"2.0","method":"eth_subscription","params":{"subscription":"0xbed0a0851463e895960a451075a301a9","result":"0xf76bc7e3609df74a53aefa7c10b5355b84805e18dbca24325d3de8447a1d25e1"}}
[2m2025-12-10T10:09:03.217662Z[0m [34mDEBUG[0m [2methereum_transaction_pool_monitor::eth_client[0m[2m:[0m 📨 Received pending transaction: 0xf76bc7e3609df74a53aefa7c10b5355b84805e18dbca24325d3de8447a1d25e1
[2m2025-12-10T10:09:03.217673Z[0m [34mDEBUG[0m [2mhyper::proto::h1::io[0m[2m:[0m parsed 4 headers
[2m2025-12-10T10:09:03.217721Z[0m [34mDEBUG[0m [2mhyper::proto::h1::conn[0m[2m:[0m incoming body is content-length (45 bytes)
[2m2025-12-10T10:09:03.217731Z[0m [34mDEBUG[0m [2mhyper::proto::h1::conn[0m[2m:[0m incoming body completed
[2m2025-12-10T10:09:03.217741Z[0m [34mDEBUG[0m [2mhyper::client::pool[0m[2m:[0m pooling idle connection for ("http", 192.168.0.14:8545)
[2m2025-12-10T10:09:03.217758Z[0m [34mDEBUG[0m [2mhyper::client::pool[0m[2m:[0m reuse idle connection for ("http", 192.168.0.14:8545)
[2m2025-12-10T10:09:03.217772Z[0m [34mDEBUG[0m [2mhyper::proto::h1::io[0m[2m:[0m flushed 172 bytes
[2m2025-12-10T10:09:03.222956Z[0m [34mDEBUG[0m [2mhyper::proto::h1::io[0m[2m:[0m parsed 4 headers
[2m2025-12-10T10:09:03.222973Z[0m [34mDEBUG[0m [2mhyper::proto::h1::conn[0m[2m:[0m incoming body is content-length (835 bytes)
[2m2025-12-10T10:09:03.222982Z[0m [34mDEBUG[0m [2mhyper::proto::h1::conn[0m[2m:[0m incoming body completed
[2m2025-12-10T10:09:03.222995Z[0m [34mDEBUG[0m [2mhyper::client::pool[0m[2m:[0m pooling idle connection for ("http", 192.168.0.14:8545)
[2m2025-12-10T10:09:03.223004Z[0m [34mDEBUG[0m [2methereum_transaction_pool_monitor::eth_client[0m[2m:[0m 📡 Transaction fetch RPC completed in 5.447125ms
[2m2025-12-10T10:09:03.297571Z[0m [34mDEBUG[0m [2methereum_transaction_pool_monitor::eth_client[0m[2m:[0m ✅ Transaction 0xaffc7f5c56889195168cd2eff8b3b77a9487e51670a392d4ba804749b8c533cf fetched and parsed in 80.010208ms
[2m2025-12-10T10:09:03.297594Z[0m [34mDEBUG[0m [2methereum_transaction_pool_monitor::mempool_monitor[0m[2m:[0m 🔍 Skipping tx 0xaffc7f5c56889195168cd2eff8b3b77a9487e51670a392d4ba804749b8c533cf - not a DEX interaction (target: 0x3B4D794a66304F130a4Db8F2551B0070dfCf5ca7)
[2m2025-12-10T10:09:03.297605Z[0m [34mDEBUG[0m [2methereum_transaction_pool_monitor::mempool_monitor[0m[2m:[0m 📨 Processing new pending transaction: 0x79a5bd2d1d73e89869a85c2fb4f3817ab9cb77e3e48681ab18d77e748ff8d0b3
[2m2025-12-10T10:09:03.297613Z[0m [34mDEBUG[0m [2methereum_transaction_pool_monitor::mempool_monitor[0m[2m:[0m 🔍 Fetching transaction details for: 0x79a5bd2d1d73e89869a85c2fb4f3817ab9cb77e3e48681ab18d77e748ff8d0b3
[2m2025-12-10T10:09:03.297619Z[0m [34mDEBUG[0m [2methereum_transaction_pool_monitor::eth_client[0m[2m:[0m 🔍 Fetching transaction details for hash: 0x79a5bd2d1d73e89869a85c2fb4f3817ab9cb77e3e48681ab18d77e748ff8d0b3
[2m2025-12-10T10:09:03.297644Z[0m [34mDEBUG[0m [2mhyper::client::pool[0m[2m:[0m reuse idle connection for ("http", 192.168.0.14:8545)
[2m2025-12-10T10:09:03.297702Z[0m [34mDEBUG[0m [2mhyper::proto::h1::io[0m[2m:[0m flushed 250 bytes
[2m2025-12-10T10:09:03.297730Z[0m [34mDEBUG[0m [2methereum_transaction_pool_monitor::eth_client[0m[2m:[0m 📨 Received WebSocket message: {"jsonrpc":"2.0","method":"eth_subscription","params":{"subscription":"0xbed0a0851463e895960a451075a301a9","result":"0x62cf4957cf5dfaf5158f8a4662243eb4397428981f33fcf09ebd84a9fc1c2559"}}
[2m2025-12-10T10:09:03.297740Z[0m [34mDEBUG[0m [2methereum_transaction_pool_monitor::eth_client[0m[2m:[0m 📨 Received pending transaction: 0x62cf4957cf5dfaf5158f8a4662243eb4397428981f33fcf09ebd84a9fc1c2559
[2m2025-12-10T10:09:03.297748Z[0m [34mDEBUG[0m [2methereum_transaction_pool_monitor::eth_client[0m[2m:[0m 📨 Received WebSocket message: {"jsonrpc":"2.0","method":"eth_subscription","params":{"subscription":"0xbed0a0851463e895960a451075a301a9","result":"0x91eee33e9e7b693ed9ca35154ecc0d9d20124b16480bf51d61720ef4a590424d"}}
[2m2025-12-10T10:09:03.297755Z[0m [34mDEBUG[0m [2methereum_transaction_pool_monitor::eth_client[0m[2m:[0m 📨 Received pending transaction: 0x91eee33e9e7b693ed9ca35154ecc0d9d20124b16480bf51d61720ef4a590424d
[2m2025-12-10T10:09:03.297751Z[0m [34mDEBUG[0m [2mhyper::proto::h1::io[0m[2m:[0m parsed 4 headers
[2m2025-12-10T10:09:03.297801Z[0m [34mDEBUG[0m [2mhyper::proto::h1::conn[0m[2m:[0m incoming body is content-length (45 bytes)
[2m2025-12-10T10:09:03.297812Z[0m [34mDEBUG[0m [2mhyper::proto::h1::conn[0m[2m:[0m incoming body completed
[2m2025-12-10T10:09:03.297829Z[0m [34mDEBUG[0m [2mhyper::client::pool[0m[2m:[0m pooling idle connection for ("http", 192.168.0.14:8545)
[2m2025-12-10T10:09:03.297849Z[0m [34mDEBUG[0m [2mhyper::client::pool[0m[2m:[0m reuse idle connection for ("http", 192.168.0.14:8545)
[2m2025-12-10T10:09:03.297870Z[0m [34mDEBUG[0m [2mhyper::proto::h1::io[0m[2m:[0m flushed 172 bytes
[2m2025-12-10T10:09:03.303848Z[0m [34mDEBUG[0m [2mhyper::proto::h1::io[0m[2m:[0m parsed 4 headers
[2m2025-12-10T10:09:03.303862Z[0m [34mDEBUG[0m [2mhyper::proto::h1::conn[0m[2m:[0m incoming body is content-length (45 bytes)
[2m2025-12-10T10:09:03.303871Z[0m [34mDEBUG[0m [2mhyper::proto::h1::conn[0m[2m:[0m incoming body completed
[2m2025-12-10T10:09:03.303879Z[0m [34mDEBUG[0m [2mhyper::client::pool[0m[2m:[0m pooling idle connection for ("http", 192.168.0.14:8545)
[2m2025-12-10T10:09:03.304599Z[0m [34mDEBUG[0m [2mhyper::proto::h1::io[0m[2m:[0m parsed 4 headers
[2m2025-12-10T10:09:03.304608Z[0m [34mDEBUG[0m [2mhyper::proto::h1::conn[0m[2m:[0m incoming body is content-length (641 bytes)
[2m2025-12-10T10:09:03.304622Z[0m [34mDEBUG[0m [2mhyper::proto::h1::conn[0m[2m:[0m incoming body completed
[2m2025-12-10T10:09:03.304633Z[0m [34mDEBUG[0m [2mhyper::client::pool[0m[2m:[0m pooling idle connection for ("http", 192.168.0.14:8545)
[2m2025-12-10T10:09:03.304641Z[0m [34mDEBUG[0m [2methereum_transaction_pool_monitor::eth_client[0m[2m:[0m 📡 Transaction fetch RPC completed in 7.016708ms
[2m2025-12-10T10:09:03.379238Z[0m [34mDEBUG[0m [2methereum_transaction_pool_monitor::eth_client[0m[2m:[0m ✅ Transaction 0x79a5bd2d1d73e89869a85c2fb4f3817ab9cb77e3e48681ab18d77e748ff8d0b3 fetched and parsed in 81.60975ms
[2m2025-12-10T10:09:03.381046Z[0m [34mDEBUG[0m [2methereum_transaction_pool_monitor::mempool_monitor[0m[2m:[0m 🔍 Skipping tx 0x79a5bd2d1d73e89869a85c2fb4f3817ab9cb77e3e48681ab18d77e748ff8d0b3 - not a DEX interaction (target: 0xDFaa75323fB721e5f29D43859390f62Cc4B600b8)
[2m2025-12-10T10:09:03.381413Z[0m [34mDEBUG[0m [2methereum_transaction_pool_monitor::mempool_monitor[0m[2m:[0m 📨 Processing new pending transaction: 0xf3894fd2cd143f190ef11680aedb7a556bee83ac2943c22fb9b465d33bd92cdb
[2m2025-12-10T10:09:03.381421Z[0m [34mDEBUG[0m [2methereum_transaction_pool_monitor::mempool_monitor[0m[2m:[0m 🔍 Fetching transaction details for: 0xf3894fd2cd143f190ef11680aedb7a556bee83ac2943c22fb9b465d33bd92cdb
[2m2025-12-10T10:09:03.381426Z[0m [34mDEBUG[0m [2methereum_transaction_pool_monitor::eth_client[0m[2m:[0m 🔍 Fetching transaction details for hash: 0xf3894fd2cd143f190ef11680aedb7a556bee83ac2943c22fb9b465d33bd92cdb
[2m2025-12-10T10:09:03.381455Z[0m [34mDEBUG[0m [2mhyper::client::pool[0m[2m:[0m reuse idle connection for ("http", 192.168.0.14:8545)
[2m2025-12-10T10:09:03.381516Z[0m [34mDEBUG[0m [2mhyper::proto::h1::io[0m[2m:[0m flushed 250 bytes
[2m2025-12-10T10:09:03.390494Z[0m [34mDEBUG[0m [2mhyper::proto::h1::io[0m[2m:[0m parsed 4 headers
[2m2025-12-10T10:09:03.390509Z[0m [34mDEBUG[0m [2mhyper::proto::h1::conn[0m[2m:[0m incoming body is content-length (644 bytes)
[2m2025-12-10T10:09:03.390519Z[0m [34mDEBUG[0m [2mhyper::proto::h1::conn[0m[2m:[0m incoming body completed
[2m2025-12-10T10:09:03.390531Z[0m [34mDEBUG[0m [2mhyper::client::pool[0m[2m:[0m pooling idle connection for ("http", 192.168.0.14:8545)
[2m2025-12-10T10:09:03.390541Z[0m [34mDEBUG[0m [2methereum_transaction_pool_monitor::eth_client[0m[2m:[0m 📡 Transaction fetch RPC completed in 9.1085ms
[2m2025-12-10T10:09:03.462914Z[0m [34mDEBUG[0m [2methereum_transaction_pool_monitor::eth_client[0m[2m:[0m ✅ Transaction 0xf3894fd2cd143f190ef11680aedb7a556bee83ac2943c22fb9b465d33bd92cdb fetched and parsed in 81.478042ms
[2m2025-12-10T10:09:03.462954Z[0m [34mDEBUG[0m [2methereum_transaction_pool_monitor::mempool_monitor[0m[2m:[0m 🔍 Skipping tx 0xf3894fd2cd143f190ef11680aedb7a556bee83ac2943c22fb9b465d33bd92cdb - not a DEX interaction (target: 0x17E5545B11b468072283Cee1F066a059Fb0dbF24)
[2m2025-12-10T10:09:03.462967Z[0m [34mDEBUG[0m [2methereum_transaction_pool_monitor::mempool_monitor[0m[2m:[0m 📨 Processing new pending transaction: 0x84c46803f4ddc2fc063e78352121945ba1ec7a729f3cbccf9224806f9b387563
[2m2025-12-10T10:09:03.462974Z[0m [34mDEBUG[0m [2methereum_transaction_pool_monitor::mempool_monitor[0m[2m:[0m 🔍 Fetching transaction details for: 0x84c46803f4ddc2fc063e78352121945ba1ec7a729f3cbccf9224806f9b387563
[2m2025-12-10T10:09:03.462980Z[0m [34mDEBUG[0m [2methereum_transaction_pool_monitor::eth_client[0m[2m:[0m 🔍 Fetching transaction details for hash: 0x84c46803f4ddc2fc063e78352121945ba1ec7a729f3cbccf9224806f9b387563
[2m2025-12-10T10:09:03.463005Z[0m [34mDEBUG[0m [2mhyper::client::pool[0m[2m:[0m reuse idle connection for ("http", 192.168.0.14:8545)
[2m2025-12-10T10:09:03.463073Z[0m [34mDEBUG[0m [2mhyper::proto::h1::io[0m[2m:[0m flushed 250 bytes
[2m2025-12-10T10:09:03.463138Z[0m [34mDEBUG[0m [2mhyper::client::pool[0m[2m:[0m reuse idle connection for ("http", 192.168.0.14:8545)
[2m2025-12-10T10:09:03.463159Z[0m [34mDEBUG[0m [2mhyper::proto::h1::io[0m[2m:[0m flushed 172 bytes
[2m2025-12-10T10:09:03.468366Z[0m [34mDEBUG[0m [2mhyper::proto::h1::io[0m[2m:[0m parsed 4 headers
[2m2025-12-10T10:09:03.468386Z[0m [34mDEBUG[0m [2mhyper::proto::h1::conn[0m[2m:[0m incoming body is content-length (832 bytes)
[2m2025-12-10T10:09:03.468398Z[0m [34mDEBUG[0m [2mhyper::proto::h1::conn[0m[2m:[0m incoming body completed
[2m2025-12-10T10:09:03.468412Z[0m [34mDEBUG[0m [2mhyper::client::pool[0m[2m:[0m pooling idle connection for ("http", 192.168.0.14:8545)
[2m2025-12-10T10:09:03.468422Z[0m [34mDEBUG[0m [2methereum_transaction_pool_monitor::eth_client[0m[2m:[0m 📡 Transaction fetch RPC completed in 5.437458ms
[2m2025-12-10T10:09:03.540883Z[0m [34mDEBUG[0m [2methereum_transaction_pool_monitor::eth_client[0m[2m:[0m ✅ Transaction 0x84c46803f4ddc2fc063e78352121945ba1ec7a729f3cbccf9224806f9b387563 fetched and parsed in 77.895416ms
[2m2025-12-10T10:09:03.540915Z[0m [34mDEBUG[0m [2methereum_transaction_pool_monitor::mempool_monitor[0m[2m:[0m 🔍 Skipping tx 0x84c46803f4ddc2fc063e78352121945ba1ec7a729f3cbccf9224806f9b387563 - not a DEX interaction (target: 0x3B4D794a66304F130a4Db8F2551B0070dfCf5ca7)
[2m2025-12-10T10:09:03.540927Z[0m [34mDEBUG[0m [2methereum_transaction_pool_monitor::mempool_monitor[0m[2m:[0m 📨 Processing new pending transaction: 0xb12b282a9282af92e39fe06c4b9fdfd02dddbc3d54278e386fabb962da6b63cf
[2m2025-12-10T10:09:03.540935Z[0m [34mDEBUG[0m [2methereum_transaction_pool_monitor::mempool_monitor[0m[2m:[0m 🔍 Fetching transaction details for: 0xb12b282a9282af92e39fe06c4b9fdfd02dddbc3d54278e386fabb962da6b63cf
[2m2025-12-10T10:09:03.540942Z[0m [34mDEBUG[0m [2methereum_transaction_pool_monitor::eth_client[0m[2m:[0m 🔍 Fetching transaction details for hash: 0xb12b282a9282af92e39fe06c4b9fdfd02dddbc3d54278e386fabb962da6b63cf
[2m2025-12-10T10:09:03.540970Z[0m [34mDEBUG[0m [2mhyper::client::pool[0m[2m:[0m reuse idle connection for ("http", 192.168.0.14:8545)
[2m2025-12-10T10:09:03.541038Z[0m [34mDEBUG[0m [2mhyper::proto::h1::io[0m[2m:[0m flushed 250 bytes
[2m2025-12-10T10:09:03.541058Z[0m [34mDEBUG[0m [2mhyper::proto::h1::io[0m[2m:[0m parsed 4 headers
[2m2025-12-10T10:09:03.541063Z[0m [34mDEBUG[0m [2mhyper::proto::h1::conn[0m[2m:[0m incoming body is content-length (45 bytes)
[2m2025-12-10T10:09:03.541072Z[0m [34mDEBUG[0m [2mhyper::proto::h1::conn[0m[2m:[0m incoming body completed
[2m2025-12-10T10:09:03.541082Z[0m [34mDEBUG[0m [2mhyper::client::pool[0m[2m:[0m pooling idle connection for ("http", 192.168.0.14:8545)
[2m2025-12-10T10:09:03.541102Z[0m [34mDEBUG[0m [2mhyper::client::pool[0m[2m:[0m reuse idle connection for ("http", 192.168.0.14:8545)
[2m2025-12-10T10:09:03.541122Z[0m [34mDEBUG[0m [2mhyper::proto::h1::io[0m[2m:[0m flushed 172 bytes
[2m2025-12-10T10:09:03.547339Z[0m [34mDEBUG[0m [2mhyper::proto::h1::io[0m[2m:[0m parsed 4 headers
[2m2025-12-10T10:09:03.547359Z[0m [34mDEBUG[0m [2mhyper::proto::h1::conn[0m[2m:[0m incoming body is content-length (45 bytes)
[2m2025-12-10T10:09:03.547370Z[0m [34mDEBUG[0m [2mhyper::proto::h1::conn[0m[2m:[0m incoming body completed
[2m2025-12-10T10:09:03.547384Z[0m [34mDEBUG[0m [2mhyper::client::pool[0m[2m:[0m pooling idle connection for ("http", 192.168.0.14:8545)
[2m2025-12-10T10:09:03.547412Z[0m [34mDEBUG[0m [2mhyper::proto::h1::io[0m[2m:[0m parsed 4 headers
[2m2025-12-10T10:09:03.547419Z[0m [34mDEBUG[0m [2mhyper::proto::h1::conn[0m[2m:[0m incoming body is content-length (674 bytes)
[2m2025-12-10T10:09:03.547424Z[0m [34mDEBUG[0m [2mhyper::proto::h1::conn[0m[2m:[0m incoming body completed
[2m2025-12-10T10:09:03.547430Z[0m [34mDEBUG[0m [2mhyper::client::pool[0m[2m:[0m pooling idle connection for ("http", 192.168.0.14:8545)
[2m2025-12-10T10:09:03.547437Z[0m [34mDEBUG[0m [2methereum_transaction_pool_monitor::eth_client[0m[2m:[0m 📡 Transaction fetch RPC completed in 6.489459ms
[2m2025-12-10T10:09:03.547451Z[0m [34mDEBUG[0m [2methereum_transaction_pool_monitor::eth_client[0m[2m:[0m DeFi transaction detected - Address: 0xdac17f958d2ee523a2206206994597c13d831ec7, Type: Stablecoin, Value: 0 ETH, Gas: 0.21 Gwei
[2m2025-12-10T10:09:03.547465Z[0m [34mDEBUG[0m [2methereum_transaction_pool_monitor::eth_client[0m[2m:[0m ✅ Transaction 0xb12b282a9282af92e39fe06c4b9fdfd02dddbc3d54278e386fabb962da6b63cf fetched and parsed in 6.518042ms
[2m2025-12-10T10:09:03.547471Z[0m [34mDEBUG[0m [2methereum_transaction_pool_monitor::mempool_monitor[0m[2m:[0m 🔍 Skipping tx 0xb12b282a9282af92e39fe06c4b9fdfd02dddbc3d54278e386fabb962da6b63cf - not a DEX interaction (target: 0xdAC17F958D2ee523a2206206994597C13D831ec7)
[2m2025-12-10T10:09:03.547481Z[0m [34mDEBUG[0m [2methereum_transaction_pool_monitor::mempool_monitor[0m[2m:[0m 📨 Processing new pending transaction: 0xf08f06a913a7a56f24994afa46de41349bc968afaa7600ef9e61fc4cca10fe61
[2m2025-12-10T10:09:03.547485Z[0m [34mDEBUG[0m [2methereum_transaction_pool_monitor::mempool_monitor[0m[2m:[0m 🔍 Fetching transaction details for: 0xf08f06a913a7a56f24994afa46de41349bc968afaa7600ef9e61fc4cca10fe61
[2m2025-12-10T10:09:03.547489Z[0m [34mDEBUG[0m [2methereum_transaction_pool_monitor::eth_client[0m[2m:[0m 🔍 Fetching transaction details for hash: 0xf08f06a913a7a56f24994afa46de41349bc968afaa7600ef9e61fc4cca10fe61
[2m2025-12-10T10:09:03.547506Z[0m [34mDEBUG[0m [2mhyper::client::pool[0m[2m:[0m reuse idle connection for ("http", 192.168.0.14:8545)
[2m2025-12-10T10:09:03.547528Z[0m [34mDEBUG[0m [2mhyper::proto::h1::io[0m[2m:[0m flushed 250 bytes
[2m2025-12-10T10:09:03.558543Z[0m [34mDEBUG[0m [2mhyper::proto::h1::io[0m[2m:[0m parsed 4 headers
[2m2025-12-10T10:09:03.558559Z[0m [34mDEBUG[0m [2mhyper::proto::h1::conn[0m[2m:[0m incoming body is content-length (770 bytes)
[2m2025-12-10T10:09:03.558570Z[0m [34mDEBUG[0m [2mhyper::proto::h1::conn[0m[2m:[0m incoming body completed
[2m2025-12-10T10:09:03.558584Z[0m [34mDEBUG[0m [2mhyper::client::pool[0m[2m:[0m pooling idle connection for ("http", 192.168.0.14:8545)
[2m2025-12-10T10:09:03.558593Z[0m [34mDEBUG[0m [2methereum_transaction_pool_monitor::eth_client[0m[2m:[0m 📡 Transaction fetch RPC completed in 11.100042ms
[2m2025-12-10T10:09:03.630236Z[0m [34mDEBUG[0m [2methereum_transaction_pool_monitor::eth_client[0m[2m:[0m ✅ Transaction 0xf08f06a913a7a56f24994afa46de41349bc968afaa7600ef9e61fc4cca10fe61 fetched and parsed in 82.739333ms
[2m2025-12-10T10:09:03.630267Z[0m [34mDEBUG[0m [2methereum_transaction_pool_monitor::mempool_monitor[0m[2m:[0m 🔍 Skipping tx 0xf08f06a913a7a56f24994afa46de41349bc968afaa7600ef9e61fc4cca10fe61 - not a DEX interaction (target: 0xA0b86991c6218b36c1d19D4a2e9Eb0cE3606eB48)
[2m2025-12-10T10:09:03.630279Z[0m [34mDEBUG[0m [2methereum_transaction_pool_monitor::mempool_monitor[0m[2m:[0m 📨 Processing new pending transaction: 0x6e30de87520f1e2c00b7458b7d6df08d1feb8a85d17ca91dae3d88c3d136c47b
[2m2025-12-10T10:09:03.630286Z[0m [34mDEBUG[0m [2methereum_transaction_pool_monitor::mempool_monitor[0m[2m:[0m 🔍 Fetching transaction details for: 0x6e30de87520f1e2c00b7458b7d6df08d1feb8a85d17ca91dae3d88c3d136c47b
[2m2025-12-10T10:09:03.630293Z[0m [34mDEBUG[0m [2methereum_transaction_pool_monitor::eth_client[0m[2m:[0m 🔍 Fetching transaction details for hash: 0x6e30de87520f1e2c00b7458b7d6df08d1feb8a85d17ca91dae3d88c3d136c47b
[2m2025-12-10T10:09:03.630318Z[0m [34mDEBUG[0m [2mhyper::client::pool[0m[2m:[0m reuse idle connection for ("http", 192.168.0.14:8545)
[2m2025-12-10T10:09:03.630382Z[0m [34mDEBUG[0m [2mhyper::proto::h1::io[0m[2m:[0m flushed 250 bytes
[2m2025-12-10T10:09:03.630406Z[0m [34mDEBUG[0m [2mhyper::client::pool[0m[2m:[0m reuse idle connection for ("http", 192.168.0.14:8545)
[2m2025-12-10T10:09:03.630423Z[0m [34mDEBUG[0m [2mhyper::proto::h1::io[0m[2m:[0m flushed 172 bytes
[2m2025-12-10T10:09:03.630428Z[0m [34mDEBUG[0m [2methereum_transaction_pool_monitor::eth_client[0m[2m:[0m 📨 Received WebSocket message: {"jsonrpc":"2.0","method":"eth_subscription","params":{"subscription":"0xbed0a0851463e895960a451075a301a9","result":"0xf6cfa4c388abf3fdae66f41e9875bb1c6da352bdf0f25bec6ffe24ed34af065c"}}
[2m2025-12-10T10:09:03.630440Z[0m [34mDEBUG[0m [2methereum_transaction_pool_monitor::eth_client[0m[2m:[0m 📨 Received pending transaction: 0xf6cfa4c388abf3fdae66f41e9875bb1c6da352bdf0f25bec6ffe24ed34af065c
[2m2025-12-10T10:09:03.630447Z[0m [34mDEBUG[0m [2methereum_transaction_pool_monitor::eth_client[0m[2m:[0m 📨 Received WebSocket message: {"jsonrpc":"2.0","method":"eth_subscription","params":{"subscription":"0xbed0a0851463e895960a451075a301a9","result":"0x04bfd8748cfb44c6b6013f30fda3151bab747fcd45d5f397e16615b3b2cc42f5"}}
[2m2025-12-10T10:09:03.630453Z[0m [34mDEBUG[0m [2methereum_transaction_pool_monitor::eth_client[0m[2m:[0m 📨 Received pending transaction: 0x04bfd8748cfb44c6b6013f30fda3151bab747fcd45d5f397e16615b3b2cc42f5
[2m2025-12-10T10:09:03.633346Z[0m [34mDEBUG[0m [2mhyper::proto::h1::io[0m[2m:[0m parsed 4 headers
[2m2025-12-10T10:09:03.633362Z[0m [34mDEBUG[0m [2mhyper::proto::h1::conn[0m[2m:[0m incoming body is content-length (45 bytes)
[2m2025-12-10T10:09:03.633371Z[0m [34mDEBUG[0m [2mhyper::proto::h1::conn[0m[2m:[0m incoming body completed
[2m2025-12-10T10:09:03.633382Z[0m [34mDEBUG[0m [2mhyper::client::pool[0m[2m:[0m pooling idle connection for ("http", 192.168.0.14:8545)
[2m2025-12-10T10:09:03.634158Z[0m [34mDEBUG[0m [2mhyper::proto::h1::io[0m[2m:[0m parsed 4 headers
[2m2025-12-10T10:09:03.634169Z[0m [34mDEBUG[0m [2mhyper::proto::h1::conn[0m[2m:[0m incoming body is content-length (3145 bytes)
[2m2025-12-10T10:09:03.634182Z[0m [34mDEBUG[0m [2methereum_transaction_pool_monitor::eth_client[0m[2m:[0m 📡 Transaction fetch RPC completed in 3.883791ms
[2m2025-12-10T10:09:03.636543Z[0m [34mDEBUG[0m [2mhyper::proto::h1::conn[0m[2m:[0m incoming body completed
[2m2025-12-10T10:09:03.636568Z[0m [34mDEBUG[0m [2mhyper::client::pool[0m[2m:[0m pooling idle connection for ("http", 192.168.0.14:8545)
[2m2025-12-10T10:09:03.670330Z[0m [34mDEBUG[0m [2methereum_transaction_pool_monitor::eth_client[0m[2m:[0m 📨 Received WebSocket message: {"jsonrpc":"2.0","method":"eth_subscription","params":{"subscription":"0xbed0a0851463e895960a451075a301a9","result":"0xeb7b2d35a78bd0495f6a6a1080ac4204b0c3b690c04111b8e9330e70f526c97a"}}
[2m2025-12-10T10:09:03.670392Z[0m [34mDEBUG[0m [2methereum_transaction_pool_monitor::eth_client[0m[2m:[0m 📨 Received pending transaction: 0xeb7b2d35a78bd0495f6a6a1080ac4204b0c3b690c04111b8e9330e70f526c97a
[2m2025-12-10T10:09:03.696943Z[0m [34mDEBUG[0m [2mhyper::client::pool[0m[2m:[0m reuse idle connection for ("http", 192.168.0.14:8545)
[2m2025-12-10T10:09:03.697072Z[0m [34mDEBUG[0m [2mhyper::proto::h1::io[0m[2m:[0m flushed 172 bytes
[2m2025-12-10T10:09:03.701021Z[0m [34mDEBUG[0m [2mhyper::proto::h1::io[0m[2m:[0m parsed 4 headers
[2m2025-12-10T10:09:03.701052Z[0m [34mDEBUG[0m [2mhyper::proto::h1::conn[0m[2m:[0m incoming body is content-length (45 bytes)
[2m2025-12-10T10:09:03.701071Z[0m [34mDEBUG[0m [2mhyper::proto::h1::conn[0m[2m:[0m incoming body completed
[2m2025-12-10T10:09:03.701094Z[0m [34mDEBUG[0m [2mhyper::client::pool[0m[2m:[0m pooling idle connection for ("http", 192.168.0.14:8545)
[2m2025-12-10T10:09:03.711795Z[0m [34mDEBUG[0m [2methereum_transaction_pool_monitor::eth_client[0m[2m:[0m ✅ Transaction 0x6e30de87520f1e2c00b7458b7d6df08d1feb8a85d17ca91dae3d88c3d136c47b fetched and parsed in 81.492791ms
[2m2025-12-10T10:09:03.711822Z[0m [34mDEBUG[0m [2methereum_transaction_pool_monitor::mempool_monitor[0m[2m:[0m 🔍 Skipping tx 0x6e30de87520f1e2c00b7458b7d6df08d1feb8a85d17ca91dae3d88c3d136c47b - not a DEX interaction (target: 0xA9D1e08C7793af67e9d92fe308d5697FB81d3E43)
[2m2025-12-10T10:09:03.711833Z[0m [34mDEBUG[0m [2methereum_transaction_pool_monitor::mempool_monitor[0m[2m:[0m 📨 Processing new pending transaction: 0xcbe4062f47aad8c6af39e9598bc44982192dff1a4e3960871e4e3c1f4e93624e
[2m2025-12-10T10:09:03.711839Z[0m [34mDEBUG[0m [2methereum_transaction_pool_monitor::mempool_monitor[0m[2m:[0m 🔍 Fetching transaction details for: 0xcbe4062f47aad8c6af39e9598bc44982192dff1a4e3960871e4e3c1f4e93624e
[2m2025-12-10T10:09:03.711844Z[0m [34mDEBUG[0m [2methereum_transaction_pool_monitor::eth_client[0m[2m:[0m 🔍 Fetching transaction details for hash: 0xcbe4062f47aad8c6af39e9598bc44982192dff1a4e3960871e4e3c1f4e93624e
[2m2025-12-10T10:09:03.711871Z[0m [34mDEBUG[0m [2mhyper::client::pool[0m[2m:[0m reuse idle connection for ("http", 192.168.0.14:8545)
[2m2025-12-10T10:09:03.711918Z[0m [34mDEBUG[0m [2mhyper::proto::h1::io[0m[2m:[0m flushed 250 bytes
[2m2025-12-10T10:09:03.714206Z[0m [34mDEBUG[0m [2methereum_transaction_pool_monitor::eth_client[0m[2m:[0m 📨 Received WebSocket message: {"jsonrpc":"2.0","method":"eth_subscription","params":{"subscription":"0xbed0a0851463e895960a451075a301a9","result":"0xc031254d211fa624f47f60a2d5cea7e00efc0bf69eb727680050683eac50c152"}}
[2m2025-12-10T10:09:03.714222Z[0m [34mDEBUG[0m [2methereum_transaction_pool_monitor::eth_client[0m[2m:[0m 📨 Received pending transaction: 0xc031254d211fa624f47f60a2d5cea7e00efc0bf69eb727680050683eac50c152
[2m2025-12-10T10:09:03.719098Z[0m [34mDEBUG[0m [2mhyper::proto::h1::io[0m[2m:[0m parsed 4 headers
[2m2025-12-10T10:09:03.719115Z[0m [34mDEBUG[0m [2mhyper::proto::h1::conn[0m[2m:[0m incoming body is content-length (674 bytes)
[2m2025-12-10T10:09:03.719125Z[0m [34mDEBUG[0m [2mhyper::proto::h1::conn[0m[2m:[0m incoming body completed
[2m2025-12-10T10:09:03.719139Z[0m [34mDEBUG[0m [2mhyper::client::pool[0m[2m:[0m pooling idle connection for ("http", 192.168.0.14:8545)
[2m2025-12-10T10:09:03.719150Z[0m [34mDEBUG[0m [2methereum_transaction_pool_monitor::eth_client[0m[2m:[0m 📡 Transaction fetch RPC completed in 7.300958ms
[2m2025-12-10T10:09:03.719169Z[0m [34mDEBUG[0m [2methereum_transaction_pool_monitor::eth_client[0m[2m:[0m DeFi transaction detected - Address: 0xdac17f958d2ee523a2206206994597c13d831ec7, Type: Stablecoin, Value: 0 ETH, Gas: 0.21 Gwei
[2m2025-12-10T10:09:03.719182Z[0m [34mDEBUG[0m [2methereum_transaction_pool_monitor::eth_client[0m[2m:[0m ✅ Transaction 0xcbe4062f47aad8c6af39e9598bc44982192dff1a4e3960871e4e3c1f4e93624e fetched and parsed in 7.333ms
[2m2025-12-10T10:09:03.719189Z[0m [34mDEBUG[0m [2methereum_transaction_pool_monitor::mempool_monitor[0m[2m:[0m 🔍 Skipping tx 0xcbe4062f47aad8c6af39e9598bc44982192dff1a4e3960871e4e3c1f4e93624e - not a DEX interaction (target: 0xdAC17F958D2ee523a2206206994597C13D831ec7)
[2m2025-12-10T10:09:03.719196Z[0m [34mDEBUG[0m [2methereum_transaction_pool_monitor::mempool_monitor[0m[2m:[0m 📨 Processing new pending transaction: 0x648c5d684f3b2be412d54c6ae4c139b0f1979d13e02e9b584c6e48046fa65a1d
[2m2025-12-10T10:09:03.719200Z[0m [34mDEBUG[0m [2methereum_transaction_pool_monitor::mempool_monitor[0m[2m:[0m 🔍 Fetching transaction details for: 0x648c5d684f3b2be412d54c6ae4c139b0f1979d13e02e9b584c6e48046fa65a1d
[2m2025-12-10T10:09:03.719204Z[0m [34mDEBUG[0m [2methereum_transaction_pool_monitor::eth_client[0m[2m:[0m 🔍 Fetching transaction details for hash: 0x648c5d684f3b2be412d54c6ae4c139b0f1979d13e02e9b584c6e48046fa65a1d
[2m2025-12-10T10:09:03.719223Z[0m [34mDEBUG[0m [2mhyper::client::pool[0m[2m:[0m reuse idle connection for ("http", 192.168.0.14:8545)
[2m2025-12-10T10:09:03.719252Z[0m [34mDEBUG[0m [2mhyper::proto::h1::io[0m[2m:[0m flushed 250 bytes
[2m2025-12-10T10:09:03.726164Z[0m [34mDEBUG[0m [2mhyper::proto::h1::io[0m[2m:[0m parsed 4 headers
[2m2025-12-10T10:09:03.726180Z[0m [34mDEBUG[0m [2mhyper::proto::h1::conn[0m[2m:[0m incoming body is content-length (5378 bytes)
[2m2025-12-10T10:09:03.726189Z[0m [34mDEBUG[0m [2mhyper::proto::h1::conn[0m[2m:[0m incoming body completed
[2m2025-12-10T10:09:03.726203Z[0m [34mDEBUG[0m [2mhyper::client::pool[0m[2m:[0m pooling idle connection for ("http", 192.168.0.14:8545)
[2m2025-12-10T10:09:03.726211Z[0m [34mDEBUG[0m [2methereum_transaction_pool_monitor::eth_client[0m[2m:[0m 📡 Transaction fetch RPC completed in 7.003625ms
[2m2025-12-10T10:09:03.798763Z[0m [34mDEBUG[0m [2methereum_transaction_pool_monitor::eth_client[0m[2m:[0m ✅ Transaction 0x648c5d684f3b2be412d54c6ae4c139b0f1979d13e02e9b584c6e48046fa65a1d fetched and parsed in 79.551583ms
[2m2025-12-10T10:09:03.798790Z[0m [34mDEBUG[0m [2methereum_transaction_pool_monitor::mempool_monitor[0m[2m:[0m 🔍 Skipping tx 0x648c5d684f3b2be412d54c6ae4c139b0f1979d13e02e9b584c6e48046fa65a1d - not a DEX interaction (target: 0xF6801D319497789f934ec7F83E142a9536312B08)
[2m2025-12-10T10:09:03.798802Z[0m [34mDEBUG[0m [2methereum_transaction_pool_monitor::mempool_monitor[0m[2m:[0m 📨 Processing new pending transaction: 0x690874db37c2f61eb9e8e3a18ed5ea6cb8e5b268f10d9eefc9729da242997aa6
[2m2025-12-10T10:09:03.798810Z[0m [34mDEBUG[0m [2methereum_transaction_pool_monitor::mempool_monitor[0m[2m:[0m 🔍 Fetching transaction details for: 0x690874db37c2f61eb9e8e3a18ed5ea6cb8e5b268f10d9eefc9729da242997aa6
[2m2025-12-10T10:09:03.798816Z[0m [34mDEBUG[0m [2methereum_transaction_pool_monitor::eth_client[0m[2m:[0m 🔍 Fetching transaction details for hash: 0x690874db37c2f61eb9e8e3a18ed5ea6cb8e5b268f10d9eefc9729da242997aa6
[2m2025-12-10T10:09:03.798841Z[0m [34mDEBUG[0m [2mhyper::client::pool[0m[2m:[0m reuse idle connection for ("http", 192.168.0.14:8545)
[2m2025-12-10T10:09:03.798885Z[0m [34mDEBUG[0m [2mhyper::proto::h1::io[0m[2m:[0m flushed 250 bytes
[2m2025-12-10T10:09:03.798908Z[0m [34mDEBUG[0m [2mhyper::client::pool[0m[2m:[0m reuse idle connection for ("http", 192.168.0.14:8545)
[2m2025-12-10T10:09:03.798924Z[0m [34mDEBUG[0m [2mhyper::proto::h1::io[0m[2m:[0m flushed 172 bytes
[2m2025-12-10T10:09:03.798944Z[0m [34mDEBUG[0m [2methereum_transaction_pool_monitor::eth_client[0m[2m:[0m 📨 Received WebSocket message: {"jsonrpc":"2.0","method":"eth_subscription","params":{"subscription":"0xbed0a0851463e895960a451075a301a9","result":"0xdef519b53366a3650e1f95995ae4cb73be6c87f9544ccd57508d45e844952a20"}}
[2m2025-12-10T10:09:03.798952Z[0m [34mDEBUG[0m [2methereum_transaction_pool_monitor::eth_client[0m[2m:[0m 📨 Received pending transaction: 0xdef519b53366a3650e1f95995ae4cb73be6c87f9544ccd57508d45e844952a20
[2m2025-12-10T10:09:03.798957Z[0m [34mDEBUG[0m [2methereum_transaction_pool_monitor::eth_client[0m[2m:[0m 📨 Received WebSocket message: {"jsonrpc":"2.0","method":"eth_subscription","params":{"subscription":"0xbed0a0851463e895960a451075a301a9","result":"0x1ebf0333b080b3f2376e884d0961b1bc9fab0e5aebcff836f604429fa81d508d"}}
[2m2025-12-10T10:09:03.798963Z[0m [34mDEBUG[0m [2methereum_transaction_pool_monitor::eth_client[0m[2m:[0m 📨 Received pending transaction: 0x1ebf0333b080b3f2376e884d0961b1bc9fab0e5aebcff836f604429fa81d508d
[2m2025-12-10T10:09:03.798967Z[0m [34mDEBUG[0m [2methereum_transaction_pool_monitor::eth_client[0m[2m:[0m 📨 Received WebSocket message: {"jsonrpc":"2.0","method":"eth_subscription","params":{"subscription":"0xbed0a0851463e895960a451075a301a9","result":"0x16b5aeb60c209faaa363583daac0b12689989657b62686ca4825e39e2cefc410"}}
[2m2025-12-10T10:09:03.798972Z[0m [34mDEBUG[0m [2methereum_transaction_pool_monitor::eth_client[0m[2m:[0m 📨 Received pending transaction: 0x16b5aeb60c209faaa363583daac0b12689989657b62686ca4825e39e2cefc410
[2m2025-12-10T10:09:03.803110Z[0m [34mDEBUG[0m [2mhyper::proto::h1::io[0m[2m:[0m parsed 4 headers
[2m2025-12-10T10:09:03.803126Z[0m [34mDEBUG[0m [2mhyper::proto::h1::conn[0m[2m:[0m incoming body is content-length (45 bytes)
[2m2025-12-10T10:09:03.803135Z[0m [34mDEBUG[0m [2mhyper::proto::h1::conn[0m[2m:[0m incoming body completed
[2m2025-12-10T10:09:03.803146Z[0m [34mDEBUG[0m [2mhyper::client::pool[0m[2m:[0m pooling idle connection for ("http", 192.168.0.14:8545)
[2m2025-12-10T10:09:03.805165Z[0m [34mDEBUG[0m [2mhyper::proto::h1::io[0m[2m:[0m parsed 4 headers
[2m2025-12-10T10:09:03.805182Z[0m [34mDEBUG[0m [2mhyper::proto::h1::conn[0m[2m:[0m incoming body is content-length (5765 bytes)
[2m2025-12-10T10:09:03.805198Z[0m [34mDEBUG[0m [2methereum_transaction_pool_monitor::eth_client[0m[2m:[0m 📡 Transaction fetch RPC completed in 6.376584ms
[2m2025-12-10T10:09:03.806539Z[0m [34mDEBUG[0m [2mhyper::proto::h1::conn[0m[2m:[0m incoming body completed
[2m2025-12-10T10:09:03.806553Z[0m [34mDEBUG[0m [2mhyper::client::pool[0m[2m:[0m pooling idle connection for ("http", 192.168.0.14:8545)
[2m2025-12-10T10:09:03.872347Z[0m [34mDEBUG[0m [2methereum_transaction_pool_monitor::eth_client[0m[2m:[0m 📨 Received WebSocket message: {"jsonrpc":"2.0","method":"eth_subscription","params":{"subscription":"0xbed0a0851463e895960a451075a301a9","result":"0x00407407d1f781d23c73bb7cd11dadf5f3ef66c68e114a64a442e02ce563b181"}}
[2m2025-12-10T10:09:03.872411Z[0m [34mDEBUG[0m [2methereum_transaction_pool_monitor::eth_client[0m[2m:[0m 📨 Received pending transaction: 0x00407407d1f781d23c73bb7cd11dadf5f3ef66c68e114a64a442e02ce563b181
[2m2025-12-10T10:09:03.880095Z[0m [34mDEBUG[0m [2methereum_transaction_pool_monitor::eth_client[0m[2m:[0m ✅ Transaction 0x690874db37c2f61eb9e8e3a18ed5ea6cb8e5b268f10d9eefc9729da242997aa6 fetched and parsed in 81.270042ms
[2m2025-12-10T10:09:03.880134Z[0m [34mDEBUG[0m [2methereum_transaction_pool_monitor::mempool_monitor[0m[2m:[0m 🔍 Skipping tx 0x690874db37c2f61eb9e8e3a18ed5ea6cb8e5b268f10d9eefc9729da242997aa6 - not a DEX interaction (target: 0x2393d38400CAd1D0FFae85b37d76de05Bb7EDDC6)
[2m2025-12-10T10:09:03.880147Z[0m [34mDEBUG[0m [2methereum_transaction_pool_monitor::mempool_monitor[0m[2m:[0m 📨 Processing new pending transaction: 0xf35538292501dc1671fdc5d306dd0c18d614235297ba1d54e88a0b811ee3eaf8
[2m2025-12-10T10:09:03.880154Z[0m [34mDEBUG[0m [2methereum_transaction_pool_monitor::mempool_monitor[0m[2m:[0m 🔍 Fetching transaction details for: 0xf35538292501dc1671fdc5d306dd0c18d614235297ba1d54e88a0b811ee3eaf8
[2m2025-12-10T10:09:03.880161Z[0m [34mDEBUG[0m [2methereum_transaction_pool_monitor::eth_client[0m[2m:[0m 🔍 Fetching transaction details for hash: 0xf35538292501dc1671fdc5d306dd0c18d614235297ba1d54e88a0b811ee3eaf8
[2m2025-12-10T10:09:03.880198Z[0m [34mDEBUG[0m [2mhyper::client::pool[0m[2m:[0m reuse idle connection for ("http", 192.168.0.14:8545)
[2m2025-12-10T10:09:03.880252Z[0m [34mDEBUG[0m [2mhyper::proto::h1::io[0m[2m:[0m flushed 250 bytes
[2m2025-12-10T10:09:03.883821Z[0m [34mDEBUG[0m [2mhyper::proto::h1::io[0m[2m:[0m parsed 4 headers
[2m2025-12-10T10:09:03.883830Z[0m [34mDEBUG[0m [2mhyper::proto::h1::conn[0m[2m:[0m incoming body is content-length (2831 bytes)
[2m2025-12-10T10:09:03.883844Z[0m [34mDEBUG[0m [2methereum_transaction_pool_monitor::eth_client[0m[2m:[0m 📡 Transaction fetch RPC completed in 3.678541ms
[2m2025-12-10T10:09:03.885703Z[0m [34mDEBUG[0m [2mhyper::proto::h1::conn[0m[2m:[0m incoming body completed
[2m2025-12-10T10:09:03.885721Z[0m [34mDEBUG[0m [2mhyper::client::pool[0m[2m:[0m pooling idle connection for ("http", 192.168.0.14:8545)
[2m2025-12-10T10:09:03.896714Z[0m [34mDEBUG[0m [2mhyper::client::pool[0m[2m:[0m reuse idle connection for ("http", 192.168.0.14:8545)
[2m2025-12-10T10:09:03.896786Z[0m [34mDEBUG[0m [2mhyper::proto::h1::io[0m[2m:[0m flushed 172 bytes
[2m2025-12-10T10:09:03.900045Z[0m [34mDEBUG[0m [2mhyper::proto::h1::io[0m[2m:[0m parsed 4 headers
[2m2025-12-10T10:09:03.900085Z[0m [34mDEBUG[0m [2mhyper::proto::h1::conn[0m[2m:[0m incoming body is content-length (45 bytes)
[2m2025-12-10T10:09:03.900102Z[0m [34mDEBUG[0m [2mhyper::proto::h1::conn[0m[2m:[0m incoming body completed
[2m2025-12-10T10:09:03.900124Z[0m [34mDEBUG[0m [2mhyper::client::pool[0m[2m:[0m pooling idle connection for ("http", 192.168.0.14:8545)
[2m2025-12-10T10:09:03.969963Z[0m [34mDEBUG[0m [2methereum_transaction_pool_monitor::eth_client[0m[2m:[0m ✅ Transaction 0xf35538292501dc1671fdc5d306dd0c18d614235297ba1d54e88a0b811ee3eaf8 fetched and parsed in 89.794375ms
[2m2025-12-10T10:09:03.969992Z[0m [34mDEBUG[0m [2methereum_transaction_pool_monitor::mempool_monitor[0m[2m:[0m 🔍 Skipping tx 0xf35538292501dc1671fdc5d306dd0c18d614235297ba1d54e88a0b811ee3eaf8 - not a DEX interaction (target: 0xeF4fB24aD0916217251F553c0596F8Edc630EB66)
[2m2025-12-10T10:09:03.970002Z[0m [34mDEBUG[0m [2methereum_transaction_pool_monitor::mempool_monitor[0m[2m:[0m 📨 Processing new pending transaction: 0xda9e35cbca5b2cac5c1d91550e4eb69ee4f05d56e2bd09c096cdda6ef5f786c7
[2m2025-12-10T10:09:03.970007Z[0m [34mDEBUG[0m [2methereum_transaction_pool_monitor::mempool_monitor[0m[2m:[0m 🔍 Fetching transaction details for: 0xda9e35cbca5b2cac5c1d91550e4eb69ee4f05d56e2bd09c096cdda6ef5f786c7
[2m2025-12-10T10:09:03.970011Z[0m [34mDEBUG[0m [2methereum_transaction_pool_monitor::eth_client[0m[2m:[0m 🔍 Fetching transaction details for hash: 0xda9e35cbca5b2cac5c1d91550e4eb69ee4f05d56e2bd09c096cdda6ef5f786c7
[2m2025-12-10T10:09:03.970029Z[0m [34mDEBUG[0m [2mhyper::client::pool[0m[2m:[0m reuse idle connection for ("http", 192.168.0.14:8545)
[2m2025-12-10T10:09:03.970086Z[0m [34mDEBUG[0m [2mhyper::proto::h1::io[0m[2m:[0m flushed 250 bytes
[2m2025-12-10T10:09:03.975748Z[0m [34mDEBUG[0m [2mhyper::proto::h1::io[0m[2m:[0m parsed 4 headers
[2m2025-12-10T10:09:03.975773Z[0m [34mDEBUG[0m [2mhyper::proto::h1::conn[0m[2m:[0m incoming body is content-length (769 bytes)
[2m2025-12-10T10:09:03.975782Z[0m [34mDEBUG[0m [2mhyper::proto::h1::conn[0m[2m:[0m incoming body completed
[2m2025-12-10T10:09:03.975793Z[0m [34mDEBUG[0m [2mhyper::client::pool[0m[2m:[0m pooling idle connection for ("http", 192.168.0.14:8545)
[2m2025-12-10T10:09:03.975802Z[0m [34mDEBUG[0m [2methereum_transaction_pool_monitor::eth_client[0m[2m:[0m 📡 Transaction fetch RPC completed in 5.787167ms
[2m2025-12-10T10:09:03.975822Z[0m [34mDEBUG[0m [2methereum_transaction_pool_monitor::eth_client[0m[2m:[0m DeFi transaction detected - Address: 0x514910771af9ca656af840dff83e8264ecf986ca, Type: TokenContract, Value: 0 ETH, Gas: 1.75 Gwei
[2m2025-12-10T10:09:03.975837Z[0m [34mDEBUG[0m [2methereum_transaction_pool_monitor::eth_client[0m[2m:[0m ✅ Transaction 0xda9e35cbca5b2cac5c1d91550e4eb69ee4f05d56e2bd09c096cdda6ef5f786c7 fetched and parsed in 5.822417ms
[2m2025-12-10T10:09:03.975845Z[0m [34mDEBUG[0m [2methereum_transaction_pool_monitor::mempool_monitor[0m[2m:[0m 🔍 Skipping tx 0xda9e35cbca5b2cac5c1d91550e4eb69ee4f05d56e2bd09c096cdda6ef5f786c7 - not a DEX interaction (target: 0x514910771AF9Ca656af840dff83E8264EcF986CA)
[2m2025-12-10T10:09:03.975854Z[0m [34mDEBUG[0m [2methereum_transaction_pool_monitor::mempool_monitor[0m[2m:[0m 📨 Processing new pending transaction: 0xb916723ef2307e3ebea63a7c39a4414fda23a895a3ef63a0681388291868929e
[2m2025-12-10T10:09:03.975859Z[0m [34mDEBUG[0m [2methereum_transaction_pool_monitor::mempool_monitor[0m[2m:[0m 🔍 Fetching transaction details for: 0xb916723ef2307e3ebea63a7c39a4414fda23a895a3ef63a0681388291868929e
[2m2025-12-10T10:09:03.975863Z[0m [34mDEBUG[0m [2methereum_transaction_pool_monitor::eth_client[0m[2m:[0m 🔍 Fetching transaction details for hash: 0xb916723ef2307e3ebea63a7c39a4414fda23a895a3ef63a0681388291868929e
[2m2025-12-10T10:09:03.975881Z[0m [34mDEBUG[0m [2mhyper::client::pool[0m[2m:[0m reuse idle connection for ("http", 192.168.0.14:8545)
[2m2025-12-10T10:09:03.975921Z[0m [34mDEBUG[0m [2mhyper::proto::h1::io[0m[2m:[0m flushed 250 bytes
[2m2025-12-10T10:09:03.980568Z[0m [34mDEBUG[0m [2mhyper::proto::h1::io[0m[2m:[0m parsed 4 headers
[2m2025-12-10T10:09:03.980581Z[0m [34mDEBUG[0m [2mhyper::proto::h1::conn[0m[2m:[0m incoming body is content-length (2304 bytes)
[2m2025-12-10T10:09:03.980596Z[0m [34mDEBUG[0m [2methereum_transaction_pool_monitor::eth_client[0m[2m:[0m 📡 Transaction fetch RPC completed in 4.728708ms
[2m2025-12-10T10:09:03.981022Z[0m [34mDEBUG[0m [2mhyper::proto::h1::conn[0m[2m:[0m incoming body completed
[2m2025-12-10T10:09:03.981033Z[0m [34mDEBUG[0m [2mhyper::client::pool[0m[2m:[0m pooling idle connection for ("http", 192.168.0.14:8545)
[2m2025-12-10T10:09:03.997389Z[0m [34mDEBUG[0m [2mhyper::client::pool[0m[2m:[0m reuse idle connection for ("http", 192.168.0.14:8545)
[2m2025-12-10T10:09:03.997479Z[0m [34mDEBUG[0m [2mhyper::proto::h1::io[0m[2m:[0m flushed 172 bytes
[2m2025-12-10T10:09:04.000999Z[0m [34mDEBUG[0m [2mhyper::proto::h1::io[0m[2m:[0m parsed 4 headers
[2m2025-12-10T10:09:04.001016Z[0m [34mDEBUG[0m [2mhyper::proto::h1::conn[0m[2m:[0m incoming body is content-length (45 bytes)
[2m2025-12-10T10:09:04.001026Z[0m [34mDEBUG[0m [2mhyper::proto::h1::conn[0m[2m:[0m incoming body completed
[2m2025-12-10T10:09:04.001036Z[0m [34mDEBUG[0m [2mhyper::client::pool[0m[2m:[0m pooling idle connection for ("http", 192.168.0.14:8545)
[2m2025-12-10T10:09:04.044430Z[0m [34mDEBUG[0m [2methereum_transaction_pool_monitor::eth_client[0m[2m:[0m 📨 Received WebSocket message: {"jsonrpc":"2.0","method":"eth_subscription","params":{"subscription":"0xbed0a0851463e895960a451075a301a9","result":"0x19e8792c750146eacae36d3804c7b5bce19c526b8f8b132b5c6321226e09fc7f"}}
[2m2025-12-10T10:09:04.044453Z[0m [34mDEBUG[0m [2methereum_transaction_pool_monitor::eth_client[0m[2m:[0m 📨 Received pending transaction: 0x19e8792c750146eacae36d3804c7b5bce19c526b8f8b132b5c6321226e09fc7f
[2m2025-12-10T10:09:04.096997Z[0m [34mDEBUG[0m [2mhyper::client::pool[0m[2m:[0m reuse idle connection for ("http", 192.168.0.14:8545)
[2m2025-12-10T10:09:04.097048Z[0m [34mDEBUG[0m [2mhyper::proto::h1::io[0m[2m:[0m flushed 172 bytes
[2m2025-12-10T10:09:04.101246Z[0m [34mDEBUG[0m [2mhyper::proto::h1::io[0m[2m:[0m parsed 4 headers
[2m2025-12-10T10:09:04.101270Z[0m [34mDEBUG[0m [2mhyper::proto::h1::conn[0m[2m:[0m incoming body is content-length (45 bytes)
[2m2025-12-10T10:09:04.101279Z[0m [34mDEBUG[0m [2mhyper::proto::h1::conn[0m[2m:[0m incoming body completed
[2m2025-12-10T10:09:04.101292Z[0m [34mDEBUG[0m [2mhyper::client::pool[0m[2m:[0m pooling idle connection for ("http", 192.168.0.14:8545)
[2m2025-12-10T10:09:04.129831Z[0m [34mDEBUG[0m [2methereum_transaction_pool_monitor::eth_client[0m[2m:[0m ✅ Transaction 0xb916723ef2307e3ebea63a7c39a4414fda23a895a3ef63a0681388291868929e fetched and parsed in 153.960625ms
[2m2025-12-10T10:09:04.129859Z[0m [34mDEBUG[0m [2methereum_transaction_pool_monitor::mempool_monitor[0m[2m:[0m 🔍 Skipping tx 0xb916723ef2307e3ebea63a7c39a4414fda23a895a3ef63a0681388291868929e - not a DEX interaction (target: 0xe8070a4FE798C0569e20729573DDec558e91a68a)
[2m2025-12-10T10:09:04.129870Z[0m [34mDEBUG[0m [2methereum_transaction_pool_monitor::mempool_monitor[0m[2m:[0m 📨 Processing new pending transaction: 0x52a6930137eb6597e5611256d74d3dc525e427f4b51ba84c7954b54cc910906e
[2m2025-12-10T10:09:04.129877Z[0m [34mDEBUG[0m [2methereum_transaction_pool_monitor::mempool_monitor[0m[2m:[0m 🔍 Fetching transaction details for: 0x52a6930137eb6597e5611256d74d3dc525e427f4b51ba84c7954b54cc910906e
[2m2025-12-10T10:09:04.129884Z[0m [34mDEBUG[0m [2methereum_transaction_pool_monitor::eth_client[0m[2m:[0m 🔍 Fetching transaction details for hash: 0x52a6930137eb6597e5611256d74d3dc525e427f4b51ba84c7954b54cc910906e
[2m2025-12-10T10:09:04.129905Z[0m [34mDEBUG[0m [2mhyper::client::pool[0m[2m:[0m reuse idle connection for ("http", 192.168.0.14:8545)
[2m2025-12-10T10:09:04.129955Z[0m [34mDEBUG[0m [2mhyper::proto::h1::io[0m[2m:[0m flushed 250 bytes
[2m2025-12-10T10:09:04.138815Z[0m [34mDEBUG[0m [2mhyper::proto::h1::io[0m[2m:[0m parsed 4 headers
[2m2025-12-10T10:09:04.138838Z[0m [34mDEBUG[0m [2mhyper::proto::h1::conn[0m[2m:[0m incoming body is content-length (1155 bytes)
[2m2025-12-10T10:09:04.138848Z[0m [34mDEBUG[0m [2mhyper::proto::h1::conn[0m[2m:[0m incoming body completed
[2m2025-12-10T10:09:04.138860Z[0m [34mDEBUG[0m [2mhyper::client::pool[0m[2m:[0m pooling idle connection for ("http", 192.168.0.14:8545)
[2m2025-12-10T10:09:04.138868Z[0m [34mDEBUG[0m [2methereum_transaction_pool_monitor::eth_client[0m[2m:[0m 📡 Transaction fetch RPC completed in 8.979625ms
[2m2025-12-10T10:09:04.213404Z[0m [34mDEBUG[0m [2methereum_transaction_pool_monitor::eth_client[0m[2m:[0m ✅ Transaction 0x52a6930137eb6597e5611256d74d3dc525e427f4b51ba84c7954b54cc910906e fetched and parsed in 83.512084ms
[2m2025-12-10T10:09:04.213432Z[0m [34mDEBUG[0m [2methereum_transaction_pool_monitor::mempool_monitor[0m[2m:[0m 🔍 Skipping tx 0x52a6930137eb6597e5611256d74d3dc525e427f4b51ba84c7954b54cc910906e - not a DEX interaction (target: 0xAe05Cd22df81871bc7cC2a04BeCfb516bFe332C8)
[2m2025-12-10T10:09:04.213444Z[0m [34mDEBUG[0m [2methereum_transaction_pool_monitor::mempool_monitor[0m[2m:[0m 📨 Processing new pending transaction: 0x95ec5db05977f16ed94d0794c4b339aaf5bbb516184b09205ba3ecb6daf8f5f7
[2m2025-12-10T10:09:04.213451Z[0m [34mDEBUG[0m [2methereum_transaction_pool_monitor::mempool_monitor[0m[2m:[0m 🔍 Fetching transaction details for: 0x95ec5db05977f16ed94d0794c4b339aaf5bbb516184b09205ba3ecb6daf8f5f7
[2m2025-12-10T10:09:04.213458Z[0m [34mDEBUG[0m [2methereum_transaction_pool_monitor::eth_client[0m[2m:[0m 🔍 Fetching transaction details for hash: 0x95ec5db05977f16ed94d0794c4b339aaf5bbb516184b09205ba3ecb6daf8f5f7
[2m2025-12-10T10:09:04.213479Z[0m [34mDEBUG[0m [2mhyper::client::pool[0m[2m:[0m reuse idle connection for ("http", 192.168.0.14:8545)
[2m2025-12-10T10:09:04.213529Z[0m [34mDEBUG[0m [2mhyper::proto::h1::io[0m[2m:[0m flushed 250 bytes
[2m2025-12-10T10:09:04.213559Z[0m [34mDEBUG[0m [2mhyper::client::pool[0m[2m:[0m reuse idle connection for ("http", 192.168.0.14:8545)
[2m2025-12-10T10:09:04.213574Z[0m [34mDEBUG[0m [2mhyper::proto::h1::io[0m[2m:[0m flushed 172 bytes
[2m2025-12-10T10:09:04.219412Z[0m [34mDEBUG[0m [2mhyper::proto::h1::io[0m[2m:[0m parsed 4 headers
[2m2025-12-10T10:09:04.219423Z[0m [34mDEBUG[0m [2mhyper::proto::h1::conn[0m[2m:[0m incoming body is content-length (45 bytes)
[2m2025-12-10T10:09:04.219432Z[0m [34mDEBUG[0m [2mhyper::proto::h1::conn[0m[2m:[0m incoming body completed
[2m2025-12-10T10:09:04.219446Z[0m [34mDEBUG[0m [2mhyper::client::pool[0m[2m:[0m pooling idle connection for ("http", 192.168.0.14:8545)
[2m2025-12-10T10:09:04.219471Z[0m [34mDEBUG[0m [2mhyper::proto::h1::io[0m[2m:[0m parsed 4 headers
[2m2025-12-10T10:09:04.219476Z[0m [34mDEBUG[0m [2mhyper::proto::h1::conn[0m[2m:[0m incoming body is content-length (708 bytes)
[2m2025-12-10T10:09:04.219480Z[0m [34mDEBUG[0m [2mhyper::proto::h1::conn[0m[2m:[0m incoming body completed
[2m2025-12-10T10:09:04.219486Z[0m [34mDEBUG[0m [2mhyper::client::pool[0m[2m:[0m pooling idle connection for ("http", 192.168.0.14:8545)
[2m2025-12-10T10:09:04.219491Z[0m [34mDEBUG[0m [2methereum_transaction_pool_monitor::eth_client[0m[2m:[0m 📡 Transaction fetch RPC completed in 6.027458ms
[2m2025-12-10T10:09:04.292670Z[0m [34mDEBUG[0m [2methereum_transaction_pool_monitor::eth_client[0m[2m:[0m ✅ Transaction 0x95ec5db05977f16ed94d0794c4b339aaf5bbb516184b09205ba3ecb6daf8f5f7 fetched and parsed in 79.202292ms
[2m2025-12-10T10:09:04.292700Z[0m [34mDEBUG[0m [2methereum_transaction_pool_monitor::mempool_monitor[0m[2m:[0m 🔍 Skipping tx 0x95ec5db05977f16ed94d0794c4b339aaf5bbb516184b09205ba3ecb6daf8f5f7 - not a DEX interaction (target: 0x55f7cBE9f0FAdC6289Ff53123D890E7A1cbb1bC1)
[2m2025-12-10T10:09:04.292713Z[0m [34mDEBUG[0m [2methereum_transaction_pool_monitor::mempool_monitor[0m[2m:[0m 📨 Processing new pending transaction: 0xa446f05d1a1bc11f34ebb470125962686a99e35248abef220939a3bcee02094e
[2m2025-12-10T10:09:04.292720Z[0m [34mDEBUG[0m [2methereum_transaction_pool_monitor::mempool_monitor[0m[2m:[0m 🔍 Fetching transaction details for: 0xa446f05d1a1bc11f34ebb470125962686a99e35248abef220939a3bcee02094e
[2m2025-12-10T10:09:04.292725Z[0m [34mDEBUG[0m [2methereum_transaction_pool_monitor::eth_client[0m[2m:[0m 🔍 Fetching transaction details for hash: 0xa446f05d1a1bc11f34ebb470125962686a99e35248abef220939a3bcee02094e
[2m2025-12-10T10:09:04.292750Z[0m [34mDEBUG[0m [2mhyper::client::pool[0m[2m:[0m reuse idle connection for ("http", 192.168.0.14:8545)
[2m2025-12-10T10:09:04.292796Z[0m [34mDEBUG[0m [2mhyper::proto::h1::io[0m[2m:[0m flushed 250 bytes
[2m2025-12-10T10:09:04.292822Z[0m [34mDEBUG[0m [2methereum_transaction_pool_monitor::eth_client[0m[2m:[0m 📨 Received WebSocket message: {"jsonrpc":"2.0","method":"eth_subscription","params":{"subscription":"0xbed0a0851463e895960a451075a301a9","result":"0xaf7d1f999d2097c213fd433909cbb447881000d6671b412078113af41330153d"}}
[2m2025-12-10T10:09:04.292831Z[0m [34mDEBUG[0m [2methereum_transaction_pool_monitor::eth_client[0m[2m:[0m 📨 Received pending transaction: 0xaf7d1f999d2097c213fd433909cbb447881000d6671b412078113af41330153d
[2m2025-12-10T10:09:04.292837Z[0m [34mDEBUG[0m [2methereum_transaction_pool_monitor::eth_client[0m[2m:[0m 📨 Received WebSocket message: {"jsonrpc":"2.0","method":"eth_subscription","params":{"subscription":"0xbed0a0851463e895960a451075a301a9","result":"0x9df0b9746d4c9ab56a31c9f8cd1694eb62e57659a2fc9125966a1a7ae1714c04"}}
[2m2025-12-10T10:09:04.292843Z[0m [34mDEBUG[0m [2methereum_transaction_pool_monitor::eth_client[0m[2m:[0m 📨 Received pending transaction: 0x9df0b9746d4c9ab56a31c9f8cd1694eb62e57659a2fc9125966a1a7ae1714c04
[2m2025-12-10T10:09:04.292848Z[0m [34mDEBUG[0m [2methereum_transaction_pool_monitor::eth_client[0m[2m:[0m 📨 Received WebSocket message: {"jsonrpc":"2.0","method":"eth_subscription","params":{"subscription":"0xbed0a0851463e895960a451075a301a9","result":"0x1c78d00d20e22690890298405bebf921432e83f7960a8f11ed6125dfd02b514e"}}
[2m2025-12-10T10:09:04.292853Z[0m [34mDEBUG[0m [2methereum_transaction_pool_monitor::eth_client[0m[2m:[0m 📨 Received pending transaction: 0x1c78d00d20e22690890298405bebf921432e83f7960a8f11ed6125dfd02b514e
[2m2025-12-10T10:09:04.292857Z[0m [34mDEBUG[0m [2methereum_transaction_pool_monitor::eth_client[0m[2m:[0m 📨 Received WebSocket message: {"jsonrpc":"2.0","method":"eth_subscription","params":{"subscription":"0xbed0a0851463e895960a451075a301a9","result":"0xf7a884fcee1480327dddfa21f4a8d8de176f1d5c968bc9c93a7bf2c3b8f95e1b"}}
[2m2025-12-10T10:09:04.292862Z[0m [34mDEBUG[0m [2methereum_transaction_pool_monitor::eth_client[0m[2m:[0m 📨 Received pending transaction: 0xf7a884fcee1480327dddfa21f4a8d8de176f1d5c968bc9c93a7bf2c3b8f95e1b
[2m2025-12-10T10:09:04.296261Z[0m [34mDEBUG[0m [2mhyper::client::pool[0m[2m:[0m reuse idle connection for ("http", 192.168.0.14:8545)
[2m2025-12-10T10:09:04.296287Z[0m [34mDEBUG[0m [2mhyper::proto::h1::io[0m[2m:[0m flushed 172 bytes
[2m2025-12-10T10:09:04.296913Z[0m [34mDEBUG[0m [2mhyper::proto::h1::io[0m[2m:[0m parsed 4 headers
[2m2025-12-10T10:09:04.296921Z[0m [34mDEBUG[0m [2mhyper::proto::h1::conn[0m[2m:[0m incoming body is content-length (779 bytes)
[2m2025-12-10T10:09:04.296929Z[0m [34mDEBUG[0m [2mhyper::proto::h1::conn[0m[2m:[0m incoming body completed
[2m2025-12-10T10:09:04.296938Z[0m [34mDEBUG[0m [2mhyper::client::pool[0m[2m:[0m pooling idle connection for ("http", 192.168.0.14:8545)
[2m2025-12-10T10:09:04.296945Z[0m [34mDEBUG[0m [2methereum_transaction_pool_monitor::eth_client[0m[2m:[0m 📡 Transaction fetch RPC completed in 4.216375ms
[2m2025-12-10T10:09:04.368527Z[0m [34mDEBUG[0m [2methereum_transaction_pool_monitor::eth_client[0m[2m:[0m ✅ Transaction 0xa446f05d1a1bc11f34ebb470125962686a99e35248abef220939a3bcee02094e fetched and parsed in 75.795042ms
[2m2025-12-10T10:09:04.368558Z[0m [34mDEBUG[0m [2methereum_transaction_pool_monitor::mempool_monitor[0m[2m:[0m 🔍 Skipping tx 0xa446f05d1a1bc11f34ebb470125962686a99e35248abef220939a3bcee02094e - not a DEX interaction (target: 0xA0b86991c6218b36c1d19D4a2e9Eb0cE3606eB48)
[2m2025-12-10T10:09:04.368570Z[0m [34mDEBUG[0m [2methereum_transaction_pool_monitor::mempool_monitor[0m[2m:[0m 📨 Processing new pending transaction: 0x679136471ebfa45cbdc8e5c226c3a10ba4c7cb592fd7df7c08ed4fffccda8f6f
[2m2025-12-10T10:09:04.368578Z[0m [34mDEBUG[0m [2methereum_transaction_pool_monitor::mempool_monitor[0m[2m:[0m 🔍 Fetching transaction details for: 0x679136471ebfa45cbdc8e5c226c3a10ba4c7cb592fd7df7c08ed4fffccda8f6f
[2m2025-12-10T10:09:04.368584Z[0m [34mDEBUG[0m [2methereum_transaction_pool_monitor::eth_client[0m[2m:[0m 🔍 Fetching transaction details for hash: 0x679136471ebfa45cbdc8e5c226c3a10ba4c7cb592fd7df7c08ed4fffccda8f6f
[2m2025-12-10T10:09:04.368604Z[0m [34mDEBUG[0m [2mhyper::client::pool[0m[2m:[0m reuse idle connection for ("http", 192.168.0.14:8545)
[2m2025-12-10T10:09:04.368652Z[0m [34mDEBUG[0m [2mhyper::proto::h1::io[0m[2m:[0m flushed 250 bytes
[2m2025-12-10T10:09:04.368676Z[0m [34mDEBUG[0m [2methereum_transaction_pool_monitor::eth_client[0m[2m:[0m 📨 Received WebSocket message: {"jsonrpc":"2.0","method":"eth_subscription","params":{"subscription":"0xbed0a0851463e895960a451075a301a9","result":"0x94b2cb29124c0125e35d57c9048949853cc034af28136651e8a166957f4104de"}}
[2m2025-12-10T10:09:04.368685Z[0m [34mDEBUG[0m [2methereum_transaction_pool_monitor::eth_client[0m[2m:[0m 📨 Received pending transaction: 0x94b2cb29124c0125e35d57c9048949853cc034af28136651e8a166957f4104de
[2m2025-12-10T10:09:04.368700Z[0m [34mDEBUG[0m [2mhyper::proto::h1::io[0m[2m:[0m parsed 4 headers
[2m2025-12-10T10:09:04.368706Z[0m [34mDEBUG[0m [2mhyper::proto::h1::conn[0m[2m:[0m incoming body is content-length (45 bytes)
[2m2025-12-10T10:09:04.368714Z[0m [34mDEBUG[0m [2mhyper::proto::h1::conn[0m[2m:[0m incoming body completed
[2m2025-12-10T10:09:04.368722Z[0m [34mDEBUG[0m [2mhyper::client::pool[0m[2m:[0m pooling idle connection for ("http", 192.168.0.14:8545)
[2m2025-12-10T10:09:04.372036Z[0m [34mDEBUG[0m [2mhyper::proto::h1::io[0m[2m:[0m parsed 4 headers
[2m2025-12-10T10:09:04.372050Z[0m [34mDEBUG[0m [2mhyper::proto::h1::conn[0m[2m:[0m incoming body is content-length (644 bytes)
[2m2025-12-10T10:09:04.372056Z[0m [34mDEBUG[0m [2mhyper::proto::h1::conn[0m[2m:[0m incoming body completed
[2m2025-12-10T10:09:04.372063Z[0m [34mDEBUG[0m [2mhyper::client::pool[0m[2m:[0m pooling idle connection for ("http", 192.168.0.14:8545)
[2m2025-12-10T10:09:04.372070Z[0m [34mDEBUG[0m [2methereum_transaction_pool_monitor::eth_client[0m[2m:[0m 📡 Transaction fetch RPC completed in 3.481583ms
[2m2025-12-10T10:09:04.497828Z[0m [34mDEBUG[0m [2methereum_transaction_pool_monitor::eth_client[0m[2m:[0m ✅ Transaction 0x679136471ebfa45cbdc8e5c226c3a10ba4c7cb592fd7df7c08ed4fffccda8f6f fetched and parsed in 129.237208ms
[2m2025-12-10T10:09:04.497853Z[0m [34mDEBUG[0m [2methereum_transaction_pool_monitor::mempool_monitor[0m[2m:[0m 🔍 Skipping tx 0x679136471ebfa45cbdc8e5c226c3a10ba4c7cb592fd7df7c08ed4fffccda8f6f - not a DEX interaction (target: 0x8329D783F96e48d50f0f1f5a3c7F83b73A5c0218)
[2m2025-12-10T10:09:04.497863Z[0m [34mDEBUG[0m [2methereum_transaction_pool_monitor::mempool_monitor[0m[2m:[0m 📨 Processing new pending transaction: 0x074b5bc0732e498826a39cc07d4314fd475a4b1a53adfe346389b10eb64dc574
[2m2025-12-10T10:09:04.497871Z[0m [34mDEBUG[0m [2methereum_transaction_pool_monitor::mempool_monitor[0m[2m:[0m 🔍 Fetching transaction details for: 0x074b5bc0732e498826a39cc07d4314fd475a4b1a53adfe346389b10eb64dc574
[2m2025-12-10T10:09:04.497877Z[0m [34mDEBUG[0m [2methereum_transaction_pool_monitor::eth_client[0m[2m:[0m 🔍 Fetching transaction details for hash: 0x074b5bc0732e498826a39cc07d4314fd475a4b1a53adfe346389b10eb64dc574
[2m2025-12-10T10:09:04.497900Z[0m [34mDEBUG[0m [2mhyper::client::pool[0m[2m:[0m reuse idle connection for ("http", 192.168.0.14:8545)
[2m2025-12-10T10:09:04.497939Z[0m [34mDEBUG[0m [2mhyper::proto::h1::io[0m[2m:[0m flushed 250 bytes
[2m2025-12-10T10:09:04.497959Z[0m [34mDEBUG[0m [2mhyper::client::pool[0m[2m:[0m reuse idle connection for ("http", 192.168.0.14:8545)
[2m2025-12-10T10:09:04.497974Z[0m [34mDEBUG[0m [2mhyper::proto::h1::io[0m[2m:[0m flushed 172 bytes
[2m2025-12-10T10:09:04.498001Z[0m [34mDEBUG[0m [2methereum_transaction_pool_monitor::eth_client[0m[2m:[0m 📨 Received WebSocket message: {"jsonrpc":"2.0","method":"eth_subscription","params":{"subscription":"0xbed0a0851463e895960a451075a301a9","result":"0x2c5103af9eaf01e75dcc6286b050691edca01f7445ff5d1d805c1f08b9da03f6"}}
[2m2025-12-10T10:09:04.498038Z[0m [34mDEBUG[0m [2methereum_transaction_pool_monitor::eth_client[0m[2m:[0m 📨 Received pending transaction: 0x2c5103af9eaf01e75dcc6286b050691edca01f7445ff5d1d805c1f08b9da03f6
[2m2025-12-10T10:09:04.498048Z[0m [34mDEBUG[0m [2methereum_transaction_pool_monitor::eth_client[0m[2m:[0m 📨 Received WebSocket message: {"jsonrpc":"2.0","method":"eth_subscription","params":{"subscription":"0xbed0a0851463e895960a451075a301a9","result":"0x9c62c21776db9a9c2b4419350ff30a01a615e0292575ad768938328f983390ff"}}
[2m2025-12-10T10:09:04.498055Z[0m [34mDEBUG[0m [2methereum_transaction_pool_monitor::eth_client[0m[2m:[0m 📨 Received pending transaction: 0x9c62c21776db9a9c2b4419350ff30a01a615e0292575ad768938328f983390ff
[2m2025-12-10T10:09:04.498061Z[0m [34mDEBUG[0m [2methereum_transaction_pool_monitor::eth_client[0m[2m:[0m 📨 Received WebSocket message: {"jsonrpc":"2.0","method":"eth_subscription","params":{"subscription":"0xbed0a0851463e895960a451075a301a9","result":"0x29aa507e2439a12f9c2cfe3171d7e766a11944df5d7eb8008c8a4709a219e8cb"}}
[2m2025-12-10T10:09:04.498069Z[0m [34mDEBUG[0m [2methereum_transaction_pool_monitor::eth_client[0m[2m:[0m 📨 Received pending transaction: 0x29aa507e2439a12f9c2cfe3171d7e766a11944df5d7eb8008c8a4709a219e8cb
[2m2025-12-10T10:09:04.503938Z[0m [34mDEBUG[0m [2methereum_transaction_pool_monitor::eth_client[0m[2m:[0m 📨 Received WebSocket message: {"jsonrpc":"2.0","method":"eth_subscription","params":{"subscription":"0xbed0a0851463e895960a451075a301a9","result":"0x28e212a4bd34de9298c416c6a18d469c21c7ae888f276039716e459c4ed001dc"}}
[2m2025-12-10T10:09:04.503958Z[0m [34mDEBUG[0m [2methereum_transaction_pool_monitor::eth_client[0m[2m:[0m 📨 Received pending transaction: 0x28e212a4bd34de9298c416c6a18d469c21c7ae888f276039716e459c4ed001dc
[2m2025-12-10T10:09:04.506603Z[0m [34mDEBUG[0m [2mhyper::proto::h1::io[0m[2m:[0m parsed 4 headers
[2m2025-12-10T10:09:04.506617Z[0m [34mDEBUG[0m [2mhyper::proto::h1::conn[0m[2m:[0m incoming body is content-length (45 bytes)
[2m2025-12-10T10:09:04.506624Z[0m [34mDEBUG[0m [2mhyper::proto::h1::conn[0m[2m:[0m incoming body completed
[2m2025-12-10T10:09:04.506634Z[0m [34mDEBUG[0m [2mhyper::client::pool[0m[2m:[0m pooling idle connection for ("http", 192.168.0.14:8545)
[2m2025-12-10T10:09:04.506657Z[0m [34mDEBUG[0m [2mhyper::client::pool[0m[2m:[0m reuse idle connection for ("http", 192.168.0.14:8545)
[2m2025-12-10T10:09:04.506691Z[0m [34mDEBUG[0m [2mhyper::proto::h1::io[0m[2m:[0m flushed 172 bytes
[2m2025-12-10T10:09:04.514351Z[0m [34mDEBUG[0m [2mhyper::proto::h1::io[0m[2m:[0m parsed 4 headers
[2m2025-12-10T10:09:04.514365Z[0m [34mDEBUG[0m [2mhyper::proto::h1::conn[0m[2m:[0m incoming body is content-length (744 bytes)
[2m2025-12-10T10:09:04.514372Z[0m [34mDEBUG[0m [2mhyper::proto::h1::conn[0m[2m:[0m incoming body completed
[2m2025-12-10T10:09:04.514383Z[0m [34mDEBUG[0m [2mhyper::client::pool[0m[2m:[0m pooling idle connection for ("http", 192.168.0.14:8545)
[2m2025-12-10T10:09:04.514389Z[0m [34mDEBUG[0m [2methereum_transaction_pool_monitor::eth_client[0m[2m:[0m 📡 Transaction fetch RPC completed in 16.507875ms
[2m2025-12-10T10:09:04.632146Z[0m [34mDEBUG[0m [2methereum_transaction_pool_monitor::eth_client[0m[2m:[0m ✅ Transaction 0x074b5bc0732e498826a39cc07d4314fd475a4b1a53adfe346389b10eb64dc574 fetched and parsed in 134.259666ms
[2m2025-12-10T10:09:04.632209Z[0m [34mDEBUG[0m [2methereum_transaction_pool_monitor::mempool_monitor[0m[2m:[0m 🔍 Skipping tx 0x074b5bc0732e498826a39cc07d4314fd475a4b1a53adfe346389b10eb64dc574 - not a DEX interaction (target: 0xB685760EBD368a891F27ae547391F4E2A289895b)
[2m2025-12-10T10:09:04.632225Z[0m [34mDEBUG[0m [2methereum_transaction_pool_monitor::mempool_monitor[0m[2m:[0m 📨 Processing new pending transaction: 0x39f29ed660d3dfef393aa389b810f0a398ac2334c4fbb1332dd4f3371cb5d5aa
[2m2025-12-10T10:09:04.632231Z[0m [34mDEBUG[0m [2methereum_transaction_pool_monitor::mempool_monitor[0m[2m:[0m 🔍 Fetching transaction details for: 0x39f29ed660d3dfef393aa389b810f0a398ac2334c4fbb1332dd4f3371cb5d5aa
[2m2025-12-10T10:09:04.632237Z[0m [34mDEBUG[0m [2methereum_transaction_pool_monitor::eth_client[0m[2m:[0m 🔍 Fetching transaction details for hash: 0x39f29ed660d3dfef393aa389b810f0a398ac2334c4fbb1332dd4f3371cb5d5aa
[2m2025-12-10T10:09:04.632259Z[0m [34mDEBUG[0m [2mhyper::client::pool[0m[2m:[0m reuse idle connection for ("http", 192.168.0.14:8545)
[2m2025-12-10T10:09:04.632402Z[0m [34mDEBUG[0m [2mhyper::proto::h1::io[0m[2m:[0m flushed 250 bytes
[2m2025-12-10T10:09:04.632466Z[0m [34mDEBUG[0m [2mhyper::proto::h1::io[0m[2m:[0m parsed 4 headers
[2m2025-12-10T10:09:04.632496Z[0m [34mDEBUG[0m [2mhyper::proto::h1::conn[0m[2m:[0m incoming body is content-length (45 bytes)
[2m2025-12-10T10:09:04.632521Z[0m [34mDEBUG[0m [2mhyper::proto::h1::conn[0m[2m:[0m incoming body completed
[2m2025-12-10T10:09:04.632541Z[0m [34mDEBUG[0m [2mhyper::client::pool[0m[2m:[0m pooling idle connection for ("http", 192.168.0.14:8545)
[2m2025-12-10T10:09:04.632585Z[0m [34mDEBUG[0m [2mhyper::client::pool[0m[2m:[0m reuse idle connection for ("http", 192.168.0.14:8545)
[2m2025-12-10T10:09:04.632644Z[0m [34mDEBUG[0m [2mhyper::proto::h1::io[0m[2m:[0m flushed 172 bytes
[2m2025-12-10T10:09:04.637522Z[0m [34mDEBUG[0m [2mhyper::proto::h1::io[0m[2m:[0m parsed 4 headers
[2m2025-12-10T10:09:04.637555Z[0m [34mDEBUG[0m [2mhyper::proto::h1::conn[0m[2m:[0m incoming body is content-length (45 bytes)
[2m2025-12-10T10:09:04.637569Z[0m [34mDEBUG[0m [2mhyper::proto::h1::conn[0m[2m:[0m incoming body completed
[2m2025-12-10T10:09:04.637589Z[0m [34mDEBUG[0m [2mhyper::client::pool[0m[2m:[0m pooling idle connection for ("http", 192.168.0.14:8545)
[2m2025-12-10T10:09:04.643055Z[0m [34mDEBUG[0m [2mhyper::proto::h1::io[0m[2m:[0m parsed 4 headers
[2m2025-12-10T10:09:04.643067Z[0m [34mDEBUG[0m [2mhyper::proto::h1::conn[0m[2m:[0m incoming body is content-length (767 bytes)
[2m2025-12-10T10:09:04.643078Z[0m [34mDEBUG[0m [2mhyper::proto::h1::conn[0m[2m:[0m incoming body completed
[2m2025-12-10T10:09:04.643090Z[0m [34mDEBUG[0m [2mhyper::client::pool[0m[2m:[0m pooling idle connection for ("http", 192.168.0.14:8545)
[2m2025-12-10T10:09:04.643098Z[0m [34mDEBUG[0m [2methereum_transaction_pool_monitor::eth_client[0m[2m:[0m 📡 Transaction fetch RPC completed in 10.857167ms
[2m2025-12-10T10:09:04.715387Z[0m [34mDEBUG[0m [2methereum_transaction_pool_monitor::eth_client[0m[2m:[0m ✅ Transaction 0x39f29ed660d3dfef393aa389b810f0a398ac2334c4fbb1332dd4f3371cb5d5aa fetched and parsed in 83.142042ms
[2m2025-12-10T10:09:04.715421Z[0m [34mDEBUG[0m [2methereum_transaction_pool_monitor::mempool_monitor[0m[2m:[0m 🔍 Skipping tx 0x39f29ed660d3dfef393aa389b810f0a398ac2334c4fbb1332dd4f3371cb5d5aa - not a DEX interaction (target: 0x35c60Cc77b0A8bf6F938B11bd3E9D319a876c2aC)
[2m2025-12-10T10:09:04.715431Z[0m [34mDEBUG[0m [2methereum_transaction_pool_monitor::mempool_monitor[0m[2m:[0m 📨 Processing new pending transaction: 0xe9b354051b2c1e6bee69604efe906b8c8292171525ffa713e5d8ab9abdeb299e
[2m2025-12-10T10:09:04.715436Z[0m [34mDEBUG[0m [2methereum_transaction_pool_monitor::mempool_monitor[0m[2m:[0m 🔍 Fetching transaction details for: 0xe9b354051b2c1e6bee69604efe906b8c8292171525ffa713e5d8ab9abdeb299e
[2m2025-12-10T10:09:04.715440Z[0m [34mDEBUG[0m [2methereum_transaction_pool_monitor::eth_client[0m[2m:[0m 🔍 Fetching transaction details for hash: 0xe9b354051b2c1e6bee69604efe906b8c8292171525ffa713e5d8ab9abdeb299e
[2m2025-12-10T10:09:04.715461Z[0m [34mDEBUG[0m [2mhyper::client::pool[0m[2m:[0m reuse idle connection for ("http", 192.168.0.14:8545)
[2m2025-12-10T10:09:04.715522Z[0m [34mDEBUG[0m [2mhyper::proto::h1::io[0m[2m:[0m flushed 250 bytes
[2m2025-12-10T10:09:04.715545Z[0m [34mDEBUG[0m [2mhyper::client::pool[0m[2m:[0m reuse idle connection for ("http", 192.168.0.14:8545)
[2m2025-12-10T10:09:04.715562Z[0m [34mDEBUG[0m [2mhyper::proto::h1::io[0m[2m:[0m flushed 172 bytes
[2m2025-12-10T10:09:04.715584Z[0m [34mDEBUG[0m [2methereum_transaction_pool_monitor::eth_client[0m[2m:[0m 📨 Received WebSocket message: {"jsonrpc":"2.0","method":"eth_subscription","params":{"subscription":"0xbed0a0851463e895960a451075a301a9","result":"0x5399211562a14ad57549824325a197266fae7d79d753abbf157ff6fa82eeae81"}}
[2m2025-12-10T10:09:04.715592Z[0m [34mDEBUG[0m [2methereum_transaction_pool_monitor::eth_client[0m[2m:[0m 📨 Received pending transaction: 0x5399211562a14ad57549824325a197266fae7d79d753abbf157ff6fa82eeae81
[2m2025-12-10T10:09:04.715597Z[0m [34mDEBUG[0m [2methereum_transaction_pool_monitor::eth_client[0m[2m:[0m 📨 Received WebSocket message: {"jsonrpc":"2.0","method":"eth_subscription","params":{"subscription":"0xbed0a0851463e895960a451075a301a9","result":"0xa1091f054979d1c3f98016920a410e4b01ffeab12748f6ff3c8a495df122ebb0"}}
[2m2025-12-10T10:09:04.715603Z[0m [34mDEBUG[0m [2methereum_transaction_pool_monitor::eth_client[0m[2m:[0m 📨 Received pending transaction: 0xa1091f054979d1c3f98016920a410e4b01ffeab12748f6ff3c8a495df122ebb0
[2m2025-12-10T10:09:04.719515Z[0m [34mDEBUG[0m [2mhyper::proto::h1::io[0m[2m:[0m parsed 4 headers
[2m2025-12-10T10:09:04.719529Z[0m [34mDEBUG[0m [2mhyper::proto::h1::conn[0m[2m:[0m incoming body is content-length (45 bytes)
[2m2025-12-10T10:09:04.719538Z[0m [34mDEBUG[0m [2mhyper::proto::h1::conn[0m[2m:[0m incoming body completed
[2m2025-12-10T10:09:04.719549Z[0m [34mDEBUG[0m [2mhyper::client::pool[0m[2m:[0m pooling idle connection for ("http", 192.168.0.14:8545)
[2m2025-12-10T10:09:04.719776Z[0m [34mDEBUG[0m [2mhyper::proto::h1::io[0m[2m:[0m parsed 4 headers
[2m2025-12-10T10:09:04.719781Z[0m [34mDEBUG[0m [2mhyper::proto::h1::conn[0m[2m:[0m incoming body is content-length (1219 bytes)
[2m2025-12-10T10:09:04.719786Z[0m [34mDEBUG[0m [2mhyper::proto::h1::conn[0m[2m:[0m incoming body completed
[2m2025-12-10T10:09:04.719792Z[0m [34mDEBUG[0m [2mhyper::client::pool[0m[2m:[0m pooling idle connection for ("http", 192.168.0.14:8545)
[2m2025-12-10T10:09:04.719797Z[0m [34mDEBUG[0m [2methereum_transaction_pool_monitor::eth_client[0m[2m:[0m 📡 Transaction fetch RPC completed in 4.352583ms
[2m2025-12-10T10:09:04.792090Z[0m [34mDEBUG[0m [2methereum_transaction_pool_monitor::eth_client[0m[2m:[0m ✅ Transaction 0xe9b354051b2c1e6bee69604efe906b8c8292171525ffa713e5d8ab9abdeb299e fetched and parsed in 76.642958ms
[2m2025-12-10T10:09:04.792126Z[0m [34mDEBUG[0m [2methereum_transaction_pool_monitor::mempool_monitor[0m[2m:[0m 🔍 Skipping tx 0xe9b354051b2c1e6bee69604efe906b8c8292171525ffa713e5d8ab9abdeb299e - not a DEX interaction (target: 0xF6801D319497789f934ec7F83E142a9536312B08)
[2m2025-12-10T10:09:04.792138Z[0m [34mDEBUG[0m [2methereum_transaction_pool_monitor::mempool_monitor[0m[2m:[0m 📨 Processing new pending transaction: 0x7bce19309aa71759e1dd211ea576a04e0e3f5da5ad1aa39ac8959e8fb66e6ea8
[2m2025-12-10T10:09:04.792144Z[0m [34mDEBUG[0m [2methereum_transaction_pool_monitor::mempool_monitor[0m[2m:[0m 🔍 Fetching transaction details for: 0x7bce19309aa71759e1dd211ea576a04e0e3f5da5ad1aa39ac8959e8fb66e6ea8
[2m2025-12-10T10:09:04.792149Z[0m [34mDEBUG[0m [2methereum_transaction_pool_monitor::eth_client[0m[2m:[0m 🔍 Fetching transaction details for hash: 0x7bce19309aa71759e1dd211ea576a04e0e3f5da5ad1aa39ac8959e8fb66e6ea8
[2m2025-12-10T10:09:04.792168Z[0m [34mDEBUG[0m [2mhyper::client::pool[0m[2m:[0m reuse idle connection for ("http", 192.168.0.14:8545)
[2m2025-12-10T10:09:04.792234Z[0m [34mDEBUG[0m [2mhyper::proto::h1::io[0m[2m:[0m flushed 250 bytes
[2m2025-12-10T10:09:04.795034Z[0m [34mDEBUG[0m [2methereum_transaction_pool_monitor::eth_client[0m[2m:[0m 📨 Received WebSocket message: {"jsonrpc":"2.0","method":"eth_subscription","params":{"subscription":"0xbed0a0851463e895960a451075a301a9","result":"0xc5ea81802ac55cfcc79a3765bc8c311f1f8482234f3e2fd6b9d756784b66c3fe"}}
[2m2025-12-10T10:09:04.795049Z[0m [34mDEBUG[0m [2methereum_transaction_pool_monitor::eth_client[0m[2m:[0m 📨 Received pending transaction: 0xc5ea81802ac55cfcc79a3765bc8c311f1f8482234f3e2fd6b9d756784b66c3fe
[2m2025-12-10T10:09:04.796200Z[0m [34mDEBUG[0m [2mhyper::client::pool[0m[2m:[0m reuse idle connection for ("http", 192.168.0.14:8545)
[2m2025-12-10T10:09:04.796230Z[0m [34mDEBUG[0m [2mhyper::proto::h1::io[0m[2m:[0m flushed 172 bytes
[2m2025-12-10T10:09:04.802357Z[0m [34mDEBUG[0m [2mhyper::proto::h1::io[0m[2m:[0m parsed 4 headers
[2m2025-12-10T10:09:04.802369Z[0m [34mDEBUG[0m [2mhyper::proto::h1::conn[0m[2m:[0m incoming body is content-length (45 bytes)
[2m2025-12-10T10:09:04.802377Z[0m [34mDEBUG[0m [2mhyper::proto::h1::conn[0m[2m:[0m incoming body completed
[2m2025-12-10T10:09:04.802388Z[0m [34mDEBUG[0m [2mhyper::client::pool[0m[2m:[0m pooling idle connection for ("http", 192.168.0.14:8545)
[2m2025-12-10T10:09:04.803200Z[0m [34mDEBUG[0m [2mhyper::proto::h1::io[0m[2m:[0m parsed 4 headers
[2m2025-12-10T10:09:04.803205Z[0m [34mDEBUG[0m [2mhyper::proto::h1::conn[0m[2m:[0m incoming body is content-length (649 bytes)
[2m2025-12-10T10:09:04.803210Z[0m [34mDEBUG[0m [2mhyper::proto::h1::conn[0m[2m:[0m incoming body completed
[2m2025-12-10T10:09:04.803217Z[0m [34mDEBUG[0m [2mhyper::client::pool[0m[2m:[0m pooling idle connection for ("http", 192.168.0.14:8545)
[2m2025-12-10T10:09:04.803223Z[0m [34mDEBUG[0m [2methereum_transaction_pool_monitor::eth_client[0m[2m:[0m 📡 Transaction fetch RPC completed in 11.070209ms
[2m2025-12-10T10:09:04.875344Z[0m [34mDEBUG[0m [2methereum_transaction_pool_monitor::eth_client[0m[2m:[0m ✅ Transaction 0x7bce19309aa71759e1dd211ea576a04e0e3f5da5ad1aa39ac8959e8fb66e6ea8 fetched and parsed in 83.188292ms
[2m2025-12-10T10:09:04.875374Z[0m [34mDEBUG[0m [2methereum_transaction_pool_monitor::mempool_monitor[0m[2m:[0m 🔍 Skipping tx 0x7bce19309aa71759e1dd211ea576a04e0e3f5da5ad1aa39ac8959e8fb66e6ea8 - not a DEX interaction (target: 0x77A6ab7DC9096e7a311Eb9Bb4791494460F53c82)
[2m2025-12-10T10:09:04.875384Z[0m [34mDEBUG[0m [2methereum_transaction_pool_monitor::mempool_monitor[0m[2m:[0m 📨 Processing new pending transaction: 0xfce2569ae3607b9adb4ead40ea00e9c6cfa368d89cdecb3604b6d4555a7e040f
[2m2025-12-10T10:09:04.875391Z[0m [34mDEBUG[0m [2methereum_transaction_pool_monitor::mempool_monitor[0m[2m:[0m 🔍 Fetching transaction details for: 0xfce2569ae3607b9adb4ead40ea00e9c6cfa368d89cdecb3604b6d4555a7e040f
[2m2025-12-10T10:09:04.875398Z[0m [34mDEBUG[0m [2methereum_transaction_pool_monitor::eth_client[0m[2m:[0m 🔍 Fetching transaction details for hash: 0xfce2569ae3607b9adb4ead40ea00e9c6cfa368d89cdecb3604b6d4555a7e040f
[2m2025-12-10T10:09:04.875421Z[0m [34mDEBUG[0m [2mhyper::client::pool[0m[2m:[0m reuse idle connection for ("http", 192.168.0.14:8545)
[2m2025-12-10T10:09:04.875467Z[0m [34mDEBUG[0m [2mhyper::proto::h1::io[0m[2m:[0m flushed 250 bytes
[2m2025-12-10T10:09:04.879724Z[0m [34mDEBUG[0m [2mhyper::proto::h1::io[0m[2m:[0m parsed 4 headers
[2m2025-12-10T10:09:04.879751Z[0m [34mDEBUG[0m [2mhyper::proto::h1::conn[0m[2m:[0m incoming body is content-length (770 bytes)
[2m2025-12-10T10:09:04.879767Z[0m [34mDEBUG[0m [2mhyper::proto::h1::conn[0m[2m:[0m incoming body completed
[2m2025-12-10T10:09:04.879793Z[0m [34mDEBUG[0m [2mhyper::client::pool[0m[2m:[0m pooling idle connection for ("http", 192.168.0.14:8545)
[2m2025-12-10T10:09:04.879802Z[0m [34mDEBUG[0m [2methereum_transaction_pool_monitor::eth_client[0m[2m:[0m 📡 Transaction fetch RPC completed in 4.399667ms
[2m2025-12-10T10:09:04.879824Z[0m [34mDEBUG[0m [2methereum_transaction_pool_monitor::eth_client[0m[2m:[0m DeFi transaction detected - Address: 0xdac17f958d2ee523a2206206994597c13d831ec7, Type: Stablecoin, Value: 0 ETH, Gas: 0.39 Gwei
[2m2025-12-10T10:09:04.879841Z[0m [34mDEBUG[0m [2methereum_transaction_pool_monitor::eth_client[0m[2m:[0m ✅ Transaction 0xfce2569ae3607b9adb4ead40ea00e9c6cfa368d89cdecb3604b6d4555a7e040f fetched and parsed in 4.439334ms
[2m2025-12-10T10:09:04.879847Z[0m [34mDEBUG[0m [2methereum_transaction_pool_monitor::mempool_monitor[0m[2m:[0m 🔍 Skipping tx 0xfce2569ae3607b9adb4ead40ea00e9c6cfa368d89cdecb3604b6d4555a7e040f - not a DEX interaction (target: 0xdAC17F958D2ee523a2206206994597C13D831ec7)
[2m2025-12-10T10:09:04.879854Z[0m [34mDEBUG[0m [2methereum_transaction_pool_monitor::mempool_monitor[0m[2m:[0m 📨 Processing new pending transaction: 0x787f3cc616d719bb79a5aeb8f8bfaf948c3aafc3719553a8c0dd668aad3c4765
[2m2025-12-10T10:09:04.879858Z[0m [34mDEBUG[0m [2methereum_transaction_pool_monitor::mempool_monitor[0m[2m:[0m 🔍 Fetching transaction details for: 0x787f3cc616d719bb79a5aeb8f8bfaf948c3aafc3719553a8c0dd668aad3c4765
[2m2025-12-10T10:09:04.879861Z[0m [34mDEBUG[0m [2methereum_transaction_pool_monitor::eth_client[0m[2m:[0m 🔍 Fetching transaction details for hash: 0x787f3cc616d719bb79a5aeb8f8bfaf948c3aafc3719553a8c0dd668aad3c4765
[2m2025-12-10T10:09:04.879875Z[0m [34mDEBUG[0m [2mhyper::client::pool[0m[2m:[0m reuse idle connection for ("http", 192.168.0.14:8545)
[2m2025-12-10T10:09:04.879896Z[0m [34mDEBUG[0m [2mhyper::proto::h1::io[0m[2m:[0m flushed 250 bytes
[2m2025-12-10T10:09:04.884771Z[0m [34mDEBUG[0m [2mhyper::proto::h1::io[0m[2m:[0m parsed 4 headers
[2m2025-12-10T10:09:04.884779Z[0m [34mDEBUG[0m [2mhyper::proto::h1::conn[0m[2m:[0m incoming body is content-length (2321 bytes)
[2m2025-12-10T10:09:04.884790Z[0m [34mDEBUG[0m [2methereum_transaction_pool_monitor::eth_client[0m[2m:[0m 📡 Transaction fetch RPC completed in 4.924042ms
[2m2025-12-10T10:09:04.885922Z[0m [34mDEBUG[0m [2mhyper::proto::h1::conn[0m[2m:[0m incoming body completed
[2m2025-12-10T10:09:04.885934Z[0m [34mDEBUG[0m [2mhyper::client::pool[0m[2m:[0m pooling idle connection for ("http", 192.168.0.14:8545)
[2m2025-12-10T10:09:04.891272Z[0m [34mDEBUG[0m [2methereum_transaction_pool_monitor::eth_client[0m[2m:[0m 📨 Received WebSocket message: {"jsonrpc":"2.0","method":"eth_subscription","params":{"subscription":"0xbed0a0851463e895960a451075a301a9","result":"0x6b9ba58ee407c285de1dbda0b0827a23788d462ca9a2da33e21ccbdf2df41fe6"}}
[2m2025-12-10T10:09:04.891287Z[0m [34mDEBUG[0m [2methereum_transaction_pool_monitor::eth_client[0m[2m:[0m 📨 Received pending transaction: 0x6b9ba58ee407c285de1dbda0b0827a23788d462ca9a2da33e21ccbdf2df41fe6
[2m2025-12-10T10:09:04.897009Z[0m [34mDEBUG[0m [2mhyper::client::pool[0m[2m:[0m reuse idle connection for ("http", 192.168.0.14:8545)
[2m2025-12-10T10:09:04.897191Z[0m [34mDEBUG[0m [2mhyper::proto::h1::io[0m[2m:[0m flushed 172 bytes
[2m2025-12-10T10:09:04.901601Z[0m [34mDEBUG[0m [2mhyper::proto::h1::io[0m[2m:[0m parsed 4 headers
[2m2025-12-10T10:09:04.901615Z[0m [34mDEBUG[0m [2mhyper::proto::h1::conn[0m[2m:[0m incoming body is content-length (45 bytes)
[2m2025-12-10T10:09:04.901622Z[0m [34mDEBUG[0m [2mhyper::proto::h1::conn[0m[2m:[0m incoming body completed
[2m2025-12-10T10:09:04.901632Z[0m [34mDEBUG[0m [2mhyper::client::pool[0m[2m:[0m pooling idle connection for ("http", 192.168.0.14:8545)
[2m2025-12-10T10:09:04.945192Z[0m [34mDEBUG[0m [2methereum_transaction_pool_monitor::eth_client[0m[2m:[0m 📨 Received WebSocket message: {"jsonrpc":"2.0","method":"eth_subscription","params":{"subscription":"0xbed0a0851463e895960a451075a301a9","result":"0x970850855ec919722850420a50fe2e0f1a8375f78f54b912d9225be4f040c43b"}}
[2m2025-12-10T10:09:04.945227Z[0m [34mDEBUG[0m [2methereum_transaction_pool_monitor::eth_client[0m[2m:[0m 📨 Received pending transaction: 0x970850855ec919722850420a50fe2e0f1a8375f78f54b912d9225be4f040c43b
[2m2025-12-10T10:09:04.957584Z[0m [34mDEBUG[0m [2methereum_transaction_pool_monitor::eth_client[0m[2m:[0m ✅ Transaction 0x787f3cc616d719bb79a5aeb8f8bfaf948c3aafc3719553a8c0dd668aad3c4765 fetched and parsed in 77.716833ms
[2m2025-12-10T10:09:04.957612Z[0m [34mDEBUG[0m [2methereum_transaction_pool_monitor::mempool_monitor[0m[2m:[0m 🔍 Skipping tx 0x787f3cc616d719bb79a5aeb8f8bfaf948c3aafc3719553a8c0dd668aad3c4765 - not a DEX interaction (target: 0x66a9893cC07D91D95644AEDD05D03f95e1dBA8Af)
[2m2025-12-10T10:09:04.957625Z[0m [34mDEBUG[0m [2methereum_transaction_pool_monitor::mempool_monitor[0m[2m:[0m 📨 Processing new pending transaction: 0x531d8477f33a33642985317be5a4554cbac21c4a0b908ee45c84f4997f296c77
[2m2025-12-10T10:09:04.957632Z[0m [34mDEBUG[0m [2methereum_transaction_pool_monitor::mempool_monitor[0m[2m:[0m 🔍 Fetching transaction details for: 0x531d8477f33a33642985317be5a4554cbac21c4a0b908ee45c84f4997f296c77
[2m2025-12-10T10:09:04.957640Z[0m [34mDEBUG[0m [2methereum_transaction_pool_monitor::eth_client[0m[2m:[0m 🔍 Fetching transaction details for hash: 0x531d8477f33a33642985317be5a4554cbac21c4a0b908ee45c84f4997f296c77
[2m2025-12-10T10:09:04.957660Z[0m [34mDEBUG[0m [2mhyper::client::pool[0m[2m:[0m reuse idle connection for ("http", 192.168.0.14:8545)
[2m2025-12-10T10:09:04.957692Z[0m [34mDEBUG[0m [2mhyper::proto::h1::io[0m[2m:[0m flushed 250 bytes
[2m2025-12-10T10:09:04.963605Z[0m [34mDEBUG[0m [2mhyper::proto::h1::io[0m[2m:[0m parsed 4 headers
[2m2025-12-10T10:09:04.963621Z[0m [34mDEBUG[0m [2mhyper::proto::h1::conn[0m[2m:[0m incoming body is content-length (552 bytes)
[2m2025-12-10T10:09:04.963640Z[0m [34mDEBUG[0m [2mhyper::proto::h1::conn[0m[2m:[0m incoming body completed
[2m2025-12-10T10:09:04.963658Z[0m [34mDEBUG[0m [2mhyper::client::pool[0m[2m:[0m pooling idle connection for ("http", 192.168.0.14:8545)
[2m2025-12-10T10:09:04.963668Z[0m [34mDEBUG[0m [2methereum_transaction_pool_monitor::eth_client[0m[2m:[0m 📡 Transaction fetch RPC completed in 6.023208ms
[2m2025-12-10T10:09:05.035316Z[0m [34mDEBUG[0m [2methereum_transaction_pool_monitor::eth_client[0m[2m:[0m ✅ Transaction 0x531d8477f33a33642985317be5a4554cbac21c4a0b908ee45c84f4997f296c77 fetched and parsed in 77.669292ms
[2m2025-12-10T10:09:05.035346Z[0m [34mDEBUG[0m [2methereum_transaction_pool_monitor::mempool_monitor[0m[2m:[0m 🔍 Skipping tx 0x531d8477f33a33642985317be5a4554cbac21c4a0b908ee45c84f4997f296c77 - not a DEX interaction (target: 0xFe72FD63a48D1B8ec21D5304d82D40a6A5869C1c)
[2m2025-12-10T10:09:05.035357Z[0m [34mDEBUG[0m [2methereum_transaction_pool_monitor::mempool_monitor[0m[2m:[0m 📨 Processing new pending transaction: 0x3527a827d3b10abff24d9d13bc10a4c0680ae37291506ab8765b430b24fe5406
[2m2025-12-10T10:09:05.035365Z[0m [34mDEBUG[0m [2methereum_transaction_pool_monitor::mempool_monitor[0m[2m:[0m 🔍 Fetching transaction details for: 0x3527a827d3b10abff24d9d13bc10a4c0680ae37291506ab8765b430b24fe5406
[2m2025-12-10T10:09:05.035372Z[0m [34mDEBUG[0m [2methereum_transaction_pool_monitor::eth_client[0m[2m:[0m 🔍 Fetching transaction details for hash: 0x3527a827d3b10abff24d9d13bc10a4c0680ae37291506ab8765b430b24fe5406
[2m2025-12-10T10:09:05.035392Z[0m [34mDEBUG[0m [2mhyper::client::pool[0m[2m:[0m reuse idle connection for ("http", 192.168.0.14:8545)
[2m2025-12-10T10:09:05.035436Z[0m [34mDEBUG[0m [2mhyper::proto::h1::io[0m[2m:[0m flushed 250 bytes
[2m2025-12-10T10:09:05.035457Z[0m [34mDEBUG[0m [2mhyper::client::pool[0m[2m:[0m reuse idle connection for ("http", 192.168.0.14:8545)
[2m2025-12-10T10:09:05.035471Z[0m [34mDEBUG[0m [2mhyper::proto::h1::io[0m[2m:[0m flushed 172 bytes
[2m2025-12-10T10:09:05.035512Z[0m [34mDEBUG[0m [2methereum_transaction_pool_monitor::eth_client[0m[2m:[0m 📨 Received WebSocket message: {"jsonrpc":"2.0","method":"eth_subscription","params":{"subscription":"0xbed0a0851463e895960a451075a301a9","result":"0x6e5e8a8289b09f03fde0ed903d80b797e918009408a15f084d7eea42c13213b6"}}
[2m2025-12-10T10:09:05.035524Z[0m [34mDEBUG[0m [2methereum_transaction_pool_monitor::eth_client[0m[2m:[0m 📨 Received pending transaction: 0x6e5e8a8289b09f03fde0ed903d80b797e918009408a15f084d7eea42c13213b6
[2m2025-12-10T10:09:05.040730Z[0m [34mDEBUG[0m [2mhyper::proto::h1::io[0m[2m:[0m parsed 4 headers
[2m2025-12-10T10:09:05.040736Z[0m [34mDEBUG[0m [2mhyper::proto::h1::conn[0m[2m:[0m incoming body is content-length (680 bytes)
[2m2025-12-10T10:09:05.040743Z[0m [34mDEBUG[0m [2mhyper::proto::h1::conn[0m[2m:[0m incoming body completed
[2m2025-12-10T10:09:05.040751Z[0m [34mDEBUG[0m [2mhyper::client::pool[0m[2m:[0m pooling idle connection for ("http", 192.168.0.14:8545)
[2m2025-12-10T10:09:05.040757Z[0m [34mDEBUG[0m [2methereum_transaction_pool_monitor::eth_client[0m[2m:[0m 📡 Transaction fetch RPC completed in 5.380083ms
[2m2025-12-10T10:09:05.109873Z[0m [34mDEBUG[0m [2methereum_transaction_pool_monitor::eth_client[0m[2m:[0m ✅ Transaction 0x3527a827d3b10abff24d9d13bc10a4c0680ae37291506ab8765b430b24fe5406 fetched and parsed in 74.49325ms
[2m2025-12-10T10:09:05.109901Z[0m [34mDEBUG[0m [2methereum_transaction_pool_monitor::mempool_monitor[0m[2m:[0m 🔍 Skipping tx 0x3527a827d3b10abff24d9d13bc10a4c0680ae37291506ab8765b430b24fe5406 - not a DEX interaction (target: 0xB685760EBD368a891F27ae547391F4E2A289895b)
[2m2025-12-10T10:09:05.109911Z[0m [34mDEBUG[0m [2methereum_transaction_pool_monitor::mempool_monitor[0m[2m:[0m 📨 Processing new pending transaction: 0x8b0f613d24ad3d4adc37c2c83ab8314ef02eb6db870ee0ceee929abaed2cbe30
[2m2025-12-10T10:09:05.109918Z[0m [34mDEBUG[0m [2methereum_transaction_pool_monitor::mempool_monitor[0m[2m:[0m 🔍 Fetching transaction details for: 0x8b0f613d24ad3d4adc37c2c83ab8314ef02eb6db870ee0ceee929abaed2cbe30
[2m2025-12-10T10:09:05.109925Z[0m [34mDEBUG[0m [2methereum_transaction_pool_monitor::eth_client[0m[2m:[0m 🔍 Fetching transaction details for hash: 0x8b0f613d24ad3d4adc37c2c83ab8314ef02eb6db870ee0ceee929abaed2cbe30
[2m2025-12-10T10:09:05.109950Z[0m [34mDEBUG[0m [2mhyper::client::pool[0m[2m:[0m reuse idle connection for ("http", 192.168.0.14:8545)
[2m2025-12-10T10:09:05.109994Z[0m [34mDEBUG[0m [2mhyper::proto::h1::io[0m[2m:[0m flushed 250 bytes
[2m2025-12-10T10:09:05.110013Z[0m [34mDEBUG[0m [2mhyper::proto::h1::io[0m[2m:[0m parsed 4 headers
[2m2025-12-10T10:09:05.110018Z[0m [34mDEBUG[0m [2mhyper::proto::h1::conn[0m[2m:[0m incoming body is content-length (45 bytes)
[2m2025-12-10T10:09:05.110029Z[0m [34mDEBUG[0m [2mhyper::proto::h1::conn[0m[2m:[0m incoming body completed
[2m2025-12-10T10:09:05.110040Z[0m [34mDEBUG[0m [2mhyper::client::pool[0m[2m:[0m pooling idle connection for ("http", 192.168.0.14:8545)
[2m2025-12-10T10:09:05.110064Z[0m [34mDEBUG[0m [2mhyper::client::pool[0m[2m:[0m reuse idle connection for ("http", 192.168.0.14:8545)
[2m2025-12-10T10:09:05.110079Z[0m [34mDEBUG[0m [2mhyper::proto::h1::io[0m[2m:[0m flushed 172 bytes
[2m2025-12-10T10:09:05.116283Z[0m [34mDEBUG[0m [2mhyper::proto::h1::io[0m[2m:[0m parsed 4 headers
[2m2025-12-10T10:09:05.116306Z[0m [34mDEBUG[0m [2mhyper::proto::h1::conn[0m[2m:[0m incoming body is content-length (45 bytes)
[2m2025-12-10T10:09:05.116348Z[0m [34mDEBUG[0m [2mhyper::proto::h1::conn[0m[2m:[0m incoming body completed
[2m2025-12-10T10:09:05.116359Z[0m [34mDEBUG[0m [2mhyper::client::pool[0m[2m:[0m pooling idle connection for ("http", 192.168.0.14:8545)
[2m2025-12-10T10:09:05.116387Z[0m [34mDEBUG[0m [2mhyper::proto::h1::io[0m[2m:[0m parsed 4 headers
[2m2025-12-10T10:09:05.116390Z[0m [34mDEBUG[0m [2methereum_transaction_pool_monitor::eth_client[0m[2m:[0m 📨 Received WebSocket message: {"jsonrpc":"2.0","method":"eth_subscription","params":{"subscription":"0xbed0a0851463e895960a451075a301a9","result":"0x0de67019fbad7cc4e721adf21c97d161ce77c81d34f05f26a124195ef04b268f"}}
[2m2025-12-10T10:09:05.116396Z[0m [34mDEBUG[0m [2mhyper::proto::h1::conn[0m[2m:[0m incoming body is content-length (768 bytes)
[2m2025-12-10T10:09:05.116403Z[0m [34mDEBUG[0m [2methereum_transaction_pool_monitor::eth_client[0m[2m:[0m 📨 Received pending transaction: 0x0de67019fbad7cc4e721adf21c97d161ce77c81d34f05f26a124195ef04b268f
[2m2025-12-10T10:09:05.116405Z[0m [34mDEBUG[0m [2mhyper::proto::h1::conn[0m[2m:[0m incoming body completed
[2m2025-12-10T10:09:05.116419Z[0m [34mDEBUG[0m [2mhyper::client::pool[0m[2m:[0m pooling idle connection for ("http", 192.168.0.14:8545)
[2m2025-12-10T10:09:05.116424Z[0m [34mDEBUG[0m [2methereum_transaction_pool_monitor::eth_client[0m[2m:[0m 📡 Transaction fetch RPC completed in 6.494917ms
[2m2025-12-10T10:09:05.116438Z[0m [34mDEBUG[0m [2methereum_transaction_pool_monitor::eth_client[0m[2m:[0m DeFi transaction detected - Address: 0xdac17f958d2ee523a2206206994597c13d831ec7, Type: Stablecoin, Value: 0 ETH, Gas: 0.35 Gwei
[2m2025-12-10T10:09:05.116454Z[0m [34mDEBUG[0m [2methereum_transaction_pool_monitor::eth_client[0m[2m:[0m ✅ Transaction 0x8b0f613d24ad3d4adc37c2c83ab8314ef02eb6db870ee0ceee929abaed2cbe30 fetched and parsed in 6.525083ms
[2m2025-12-10T10:09:05.116461Z[0m [34mDEBUG[0m [2methereum_transaction_pool_monitor::mempool_monitor[0m[2m:[0m 🔍 Skipping tx 0x8b0f613d24ad3d4adc37c2c83ab8314ef02eb6db870ee0ceee929abaed2cbe30 - not a DEX interaction (target: 0xdAC17F958D2ee523a2206206994597C13D831ec7)
[2m2025-12-10T10:09:05.116475Z[0m [34mDEBUG[0m [2methereum_transaction_pool_monitor::mempool_monitor[0m[2m:[0m 📨 Processing new pending transaction: 0x3a5f713f8818c6a68fa25a1bcdecf048e87cc6763522725ddcf31f316986a3dc
[2m2025-12-10T10:09:05.116479Z[0m [34mDEBUG[0m [2methereum_transaction_pool_monitor::mempool_monitor[0m[2m:[0m 🔍 Fetching transaction details for: 0x3a5f713f8818c6a68fa25a1bcdecf048e87cc6763522725ddcf31f316986a3dc
[2m2025-12-10T10:09:05.116483Z[0m [34mDEBUG[0m [2methereum_transaction_pool_monitor::eth_client[0m[2m:[0m 🔍 Fetching transaction details for hash: 0x3a5f713f8818c6a68fa25a1bcdecf048e87cc6763522725ddcf31f316986a3dc
[2m2025-12-10T10:09:05.116492Z[0m [34mDEBUG[0m [2mhyper::client::pool[0m[2m:[0m reuse idle connection for ("http", 192.168.0.14:8545)
[2m2025-12-10T10:09:05.116505Z[0m [34mDEBUG[0m [2mhyper::proto::h1::io[0m[2m:[0m flushed 250 bytes
[2m2025-12-10T10:09:05.121074Z[0m [34mDEBUG[0m [2mhyper::proto::h1::io[0m[2m:[0m parsed 4 headers
[2m2025-12-10T10:09:05.121099Z[0m [34mDEBUG[0m [2mhyper::proto::h1::conn[0m[2m:[0m incoming body is content-length (763 bytes)
[2m2025-12-10T10:09:05.121119Z[0m [34mDEBUG[0m [2mhyper::proto::h1::conn[0m[2m:[0m incoming body completed
[2m2025-12-10T10:09:05.121136Z[0m [34mDEBUG[0m [2mhyper::client::pool[0m[2m:[0m pooling idle connection for ("http", 192.168.0.14:8545)
[2m2025-12-10T10:09:05.121141Z[0m [34mDEBUG[0m [2methereum_transaction_pool_monitor::eth_client[0m[2m:[0m 📡 Transaction fetch RPC completed in 4.654167ms
[2m2025-12-10T10:09:05.121165Z[0m [34mDEBUG[0m [2methereum_transaction_pool_monitor::eth_client[0m[2m:[0m DeFi transaction detected - Address: 0xdac17f958d2ee523a2206206994597c13d831ec7, Type: Stablecoin, Value: 0 ETH, Gas: 0.27 Gwei
[2m2025-12-10T10:09:05.121175Z[0m [34mDEBUG[0m [2methereum_transaction_pool_monitor::eth_client[0m[2m:[0m ✅ Transaction 0x3a5f713f8818c6a68fa25a1bcdecf048e87cc6763522725ddcf31f316986a3dc fetched and parsed in 4.687792ms
[2m2025-12-10T10:09:05.121180Z[0m [34mDEBUG[0m [2methereum_transaction_pool_monitor::mempool_monitor[0m[2m:[0m 🔍 Skipping tx 0x3a5f713f8818c6a68fa25a1bcdecf048e87cc6763522725ddcf31f316986a3dc - not a DEX interaction (target: 0xdAC17F958D2ee523a2206206994597C13D831ec7)
[2m2025-12-10T10:09:05.121186Z[0m [34mDEBUG[0m [2methereum_transaction_pool_monitor::mempool_monitor[0m[2m:[0m 📨 Processing new pending transaction: 0x1a576a41924774e6d57d51cace1089b1e7b94af7a53b5be3c4bc97b911f974c7
[2m2025-12-10T10:09:05.121190Z[0m [34mDEBUG[0m [2methereum_transaction_pool_monitor::mempool_monitor[0m[2m:[0m 🔍 Fetching transaction details for: 0x1a576a41924774e6d57d51cace1089b1e7b94af7a53b5be3c4bc97b911f974c7
[2m2025-12-10T10:09:05.121194Z[0m [34mDEBUG[0m [2methereum_transaction_pool_monitor::eth_client[0m[2m:[0m 🔍 Fetching transaction details for hash: 0x1a576a41924774e6d57d51cace1089b1e7b94af7a53b5be3c4bc97b911f974c7
[2m2025-12-10T10:09:05.121201Z[0m [34mDEBUG[0m [2mhyper::client::pool[0m[2m:[0m reuse idle connection for ("http", 192.168.0.14:8545)
[2m2025-12-10T10:09:05.121218Z[0m [34mDEBUG[0m [2mhyper::proto::h1::io[0m[2m:[0m flushed 250 bytes
[2m2025-12-10T10:09:05.125301Z[0m [34mDEBUG[0m [2mhyper::proto::h1::io[0m[2m:[0m parsed 4 headers
[2m2025-12-10T10:09:05.125307Z[0m [34mDEBUG[0m [2mhyper::proto::h1::conn[0m[2m:[0m incoming body is content-length (771 bytes)
[2m2025-12-10T10:09:05.125311Z[0m [34mDEBUG[0m [2mhyper::proto::h1::conn[0m[2m:[0m incoming body completed
[2m2025-12-10T10:09:05.125316Z[0m [34mDEBUG[0m [2mhyper::client::pool[0m[2m:[0m pooling idle connection for ("http", 192.168.0.14:8545)
[2m2025-12-10T10:09:05.125321Z[0m [34mDEBUG[0m [2methereum_transaction_pool_monitor::eth_client[0m[2m:[0m 📡 Transaction fetch RPC completed in 4.1235ms
[2m2025-12-10T10:09:05.125330Z[0m [34mDEBUG[0m [2methereum_transaction_pool_monitor::eth_client[0m[2m:[0m DeFi transaction detected - Address: 0xdac17f958d2ee523a2206206994597c13d831ec7, Type: Stablecoin, Value: 0 ETH, Gas: 2.01 Gwei
[2m2025-12-10T10:09:05.125338Z[0m [34mDEBUG[0m [2methereum_transaction_pool_monitor::eth_client[0m[2m:[0m ✅ Transaction 0x1a576a41924774e6d57d51cace1089b1e7b94af7a53b5be3c4bc97b911f974c7 fetched and parsed in 4.140292ms
[2m2025-12-10T10:09:05.125343Z[0m [34mDEBUG[0m [2methereum_transaction_pool_monitor::mempool_monitor[0m[2m:[0m 🔍 Skipping tx 0x1a576a41924774e6d57d51cace1089b1e7b94af7a53b5be3c4bc97b911f974c7 - not a DEX interaction (target: 0xdAC17F958D2ee523a2206206994597C13D831ec7)
[2m2025-12-10T10:09:05.125348Z[0m [34mDEBUG[0m [2methereum_transaction_pool_monitor::mempool_monitor[0m[2m:[0m 📨 Processing new pending transaction: 0xb20490fb99c5c1a23d66f7a09961a889437e8a9a40b304b2eabccab76b0db31e
[2m2025-12-10T10:09:05.125352Z[0m [34mDEBUG[0m [2methereum_transaction_pool_monitor::mempool_monitor[0m[2m:[0m 🔍 Fetching transaction details for: 0xb20490fb99c5c1a23d66f7a09961a889437e8a9a40b304b2eabccab76b0db31e
[2m2025-12-10T10:09:05.125355Z[0m [34mDEBUG[0m [2methereum_transaction_pool_monitor::eth_client[0m[2m:[0m 🔍 Fetching transaction details for hash: 0xb20490fb99c5c1a23d66f7a09961a889437e8a9a40b304b2eabccab76b0db31e
[2m2025-12-10T10:09:05.125362Z[0m [34mDEBUG[0m [2mhyper::client::pool[0m[2m:[0m reuse idle connection for ("http", 192.168.0.14:8545)
[2m2025-12-10T10:09:05.125374Z[0m [34mDEBUG[0m [2mhyper::proto::h1::io[0m[2m:[0m flushed 250 bytes
[2m2025-12-10T10:09:05.129342Z[0m [34mDEBUG[0m [2mhyper::proto::h1::io[0m[2m:[0m parsed 4 headers
[2m2025-12-10T10:09:05.129378Z[0m [34mDEBUG[0m [2mhyper::proto::h1::conn[0m[2m:[0m incoming body is content-length (771 bytes)
[2m2025-12-10T10:09:05.129402Z[0m [34mDEBUG[0m [2mhyper::proto::h1::conn[0m[2m:[0m incoming body completed
[2m2025-12-10T10:09:05.129408Z[0m [34mDEBUG[0m [2mhyper::client::pool[0m[2m:[0m pooling idle connection for ("http", 192.168.0.14:8545)
[2m2025-12-10T10:09:05.129427Z[0m [34mDEBUG[0m [2methereum_transaction_pool_monitor::eth_client[0m[2m:[0m 📡 Transaction fetch RPC completed in 4.067792ms
[2m2025-12-10T10:09:05.129434Z[0m [34mDEBUG[0m [2methereum_transaction_pool_monitor::eth_client[0m[2m:[0m DeFi transaction detected - Address: 0xdac17f958d2ee523a2206206994597c13d831ec7, Type: Stablecoin, Value: 0 ETH, Gas: 0.52 Gwei
[2m2025-12-10T10:09:05.129443Z[0m [34mDEBUG[0m [2methereum_transaction_pool_monitor::eth_client[0m[2m:[0m ✅ Transaction 0xb20490fb99c5c1a23d66f7a09961a889437e8a9a40b304b2eabccab76b0db31e fetched and parsed in 4.08375ms
[2m2025-12-10T10:09:05.129448Z[0m [34mDEBUG[0m [2methereum_transaction_pool_monitor::mempool_monitor[0m[2m:[0m 🔍 Skipping tx 0xb20490fb99c5c1a23d66f7a09961a889437e8a9a40b304b2eabccab76b0db31e - not a DEX interaction (target: 0xdAC17F958D2ee523a2206206994597C13D831ec7)
[2m2025-12-10T10:09:05.129454Z[0m [34mDEBUG[0m [2methereum_transaction_pool_monitor::mempool_monitor[0m[2m:[0m 📨 Processing new pending transaction: 0x6e7568b71dc6d34323c28a9662b1bbed63050b47d897e1e6b6ff8a7f70004dbd
[2m2025-12-10T10:09:05.129458Z[0m [34mDEBUG[0m [2methereum_transaction_pool_monitor::mempool_monitor[0m[2m:[0m 🔍 Fetching transaction details for: 0x6e7568b71dc6d34323c28a9662b1bbed63050b47d897e1e6b6ff8a7f70004dbd
[2m2025-12-10T10:09:05.129461Z[0m [34mDEBUG[0m [2methereum_transaction_pool_monitor::eth_client[0m[2m:[0m 🔍 Fetching transaction details for hash: 0x6e7568b71dc6d34323c28a9662b1bbed63050b47d897e1e6b6ff8a7f70004dbd
[2m2025-12-10T10:09:05.129470Z[0m [34mDEBUG[0m [2mhyper::client::pool[0m[2m:[0m reuse idle connection for ("http", 192.168.0.14:8545)
[2m2025-12-10T10:09:05.129483Z[0m [34mDEBUG[0m [2mhyper::proto::h1::io[0m[2m:[0m flushed 250 bytes
[2m2025-12-10T10:09:05.134922Z[0m [34mDEBUG[0m [2mhyper::proto::h1::io[0m[2m:[0m parsed 4 headers
[2m2025-12-10T10:09:05.134929Z[0m [34mDEBUG[0m [2mhyper::proto::h1::conn[0m[2m:[0m incoming body is content-length (778 bytes)
[2m2025-12-10T10:09:05.134935Z[0m [34mDEBUG[0m [2mhyper::proto::h1::conn[0m[2m:[0m incoming body completed
[2m2025-12-10T10:09:05.134940Z[0m [34mDEBUG[0m [2mhyper::client::pool[0m[2m:[0m pooling idle connection for ("http", 192.168.0.14:8545)
[2m2025-12-10T10:09:05.134945Z[0m [34mDEBUG[0m [2methereum_transaction_pool_monitor::eth_client[0m[2m:[0m 📡 Transaction fetch RPC completed in 5.478125ms
[2m2025-12-10T10:09:05.204831Z[0m [34mDEBUG[0m [2methereum_transaction_pool_monitor::eth_client[0m[2m:[0m ✅ Transaction 0x6e7568b71dc6d34323c28a9662b1bbed63050b47d897e1e6b6ff8a7f70004dbd fetched and parsed in 75.361417ms
[2m2025-12-10T10:09:05.204862Z[0m [34mDEBUG[0m [2methereum_transaction_pool_monitor::mempool_monitor[0m[2m:[0m 🔍 Skipping tx 0x6e7568b71dc6d34323c28a9662b1bbed63050b47d897e1e6b6ff8a7f70004dbd - not a DEX interaction (target: 0xC4441c2BE5d8fA8126822B9929CA0b81Ea0DE38E)
[2m2025-12-10T10:09:05.204873Z[0m [34mDEBUG[0m [2methereum_transaction_pool_monitor::mempool_monitor[0m[2m:[0m 📨 Processing new pending transaction: 0xb1b615609b4bee36eba57ce1e3625926b4bb2188cc577b09b726b38884a7460a
[2m2025-12-10T10:09:05.204880Z[0m [34mDEBUG[0m [2methereum_transaction_pool_monitor::mempool_monitor[0m[2m:[0m 🔍 Fetching transaction details for: 0xb1b615609b4bee36eba57ce1e3625926b4bb2188cc577b09b726b38884a7460a
[2m2025-12-10T10:09:05.204887Z[0m [34mDEBUG[0m [2methereum_transaction_pool_monitor::eth_client[0m[2m:[0m 🔍 Fetching transaction details for hash: 0xb1b615609b4bee36eba57ce1e3625926b4bb2188cc577b09b726b38884a7460a
[2m2025-12-10T10:09:05.204910Z[0m [34mDEBUG[0m [2mhyper::client::pool[0m[2m:[0m reuse idle connection for ("http", 192.168.0.14:8545)
[2m2025-12-10T10:09:05.204955Z[0m [34mDEBUG[0m [2mhyper::proto::h1::io[0m[2m:[0m flushed 250 bytes
[2m2025-12-10T10:09:05.204992Z[0m [34mDEBUG[0m [2mhyper::client::pool[0m[2m:[0m reuse idle connection for ("http", 192.168.0.14:8545)
[2m2025-12-10T10:09:05.205024Z[0m [34mDEBUG[0m [2mhyper::proto::h1::io[0m[2m:[0m flushed 172 bytes
[2m2025-12-10T10:09:05.208612Z[0m [34mDEBUG[0m [2mhyper::proto::h1::io[0m[2m:[0m parsed 4 headers
[2m2025-12-10T10:09:05.208915Z[0m [34mDEBUG[0m [2mhyper::proto::h1::conn[0m[2m:[0m incoming body is content-length (45 bytes)
[2m2025-12-10T10:09:05.208926Z[0m [34mDEBUG[0m [2mhyper::proto::h1::conn[0m[2m:[0m incoming body completed
[2m2025-12-10T10:09:05.208935Z[0m [34mDEBUG[0m [2mhyper::client::pool[0m[2m:[0m pooling idle connection for ("http", 192.168.0.14:8545)
[2m2025-12-10T10:09:05.208955Z[0m [34mDEBUG[0m [2mhyper::proto::h1::io[0m[2m:[0m parsed 4 headers
[2m2025-12-10T10:09:05.208962Z[0m [34mDEBUG[0m [2mhyper::proto::h1::conn[0m[2m:[0m incoming body is content-length (654 bytes)
[2m2025-12-10T10:09:05.208966Z[0m [34mDEBUG[0m [2mhyper::proto::h1::conn[0m[2m:[0m incoming body completed
[2m2025-12-10T10:09:05.208972Z[0m [34mDEBUG[0m [2mhyper::client::pool[0m[2m:[0m pooling idle connection for ("http", 192.168.0.14:8545)
[2m2025-12-10T10:09:05.208977Z[0m [34mDEBUG[0m [2methereum_transaction_pool_monitor::eth_client[0m[2m:[0m 📡 Transaction fetch RPC completed in 4.084667ms
[2m2025-12-10T10:09:05.280565Z[0m [34mDEBUG[0m [2methereum_transaction_pool_monitor::eth_client[0m[2m:[0m ✅ Transaction 0xb1b615609b4bee36eba57ce1e3625926b4bb2188cc577b09b726b38884a7460a fetched and parsed in 75.669292ms
[2m2025-12-10T10:09:05.280595Z[0m [34mDEBUG[0m [2methereum_transaction_pool_monitor::mempool_monitor[0m[2m:[0m 🔍 Skipping tx 0xb1b615609b4bee36eba57ce1e3625926b4bb2188cc577b09b726b38884a7460a - not a DEX interaction (target: 0xF75AeA3235c68FDF8CF8EE29d1Db0a71Ec00bAa2)
[2m2025-12-10T10:09:05.280607Z[0m [34mDEBUG[0m [2methereum_transaction_pool_monitor::mempool_monitor[0m[2m:[0m 📨 Processing new pending transaction: 0x2b2f438d682c49960ff8097cb4cd205302d236098058f68f25b0b61ec8f6bb9c
[2m2025-12-10T10:09:05.280614Z[0m [34mDEBUG[0m [2methereum_transaction_pool_monitor::mempool_monitor[0m[2m:[0m 🔍 Fetching transaction details for: 0x2b2f438d682c49960ff8097cb4cd205302d236098058f68f25b0b61ec8f6bb9c
[2m2025-12-10T10:09:05.280619Z[0m [34mDEBUG[0m [2methereum_transaction_pool_monitor::eth_client[0m[2m:[0m 🔍 Fetching transaction details for hash: 0x2b2f438d682c49960ff8097cb4cd205302d236098058f68f25b0b61ec8f6bb9c
[2m2025-12-10T10:09:05.280642Z[0m [34mDEBUG[0m [2mhyper::client::pool[0m[2m:[0m reuse idle connection for ("http", 192.168.0.14:8545)
[2m2025-12-10T10:09:05.280689Z[0m [34mDEBUG[0m [2mhyper::proto::h1::io[0m[2m:[0m flushed 250 bytes
[2m2025-12-10T10:09:05.294139Z[0m [34mDEBUG[0m [2mhyper::proto::h1::io[0m[2m:[0m parsed 4 headers
[2m2025-12-10T10:09:05.294171Z[0m [34mDEBUG[0m [2mhyper::proto::h1::conn[0m[2m:[0m incoming body is content-length (774 bytes)
[2m2025-12-10T10:09:05.294184Z[0m [34mDEBUG[0m [2mhyper::proto::h1::conn[0m[2m:[0m incoming body completed
[2m2025-12-10T10:09:05.294207Z[0m [34mDEBUG[0m [2mhyper::client::pool[0m[2m:[0m pooling idle connection for ("http", 192.168.0.14:8545)
[2m2025-12-10T10:09:05.294214Z[0m [34mDEBUG[0m [2methereum_transaction_pool_monitor::eth_client[0m[2m:[0m 📡 Transaction fetch RPC completed in 13.590417ms
[2m2025-12-10T10:09:05.294233Z[0m [34mDEBUG[0m [2methereum_transaction_pool_monitor::eth_client[0m[2m:[0m DeFi transaction detected - Address: 0xdac17f958d2ee523a2206206994597c13d831ec7, Type: Stablecoin, Value: 0 ETH, Gas: 2.82 Gwei
[2m2025-12-10T10:09:05.294248Z[0m [34mDEBUG[0m [2methereum_transaction_pool_monitor::eth_client[0m[2m:[0m ✅ Transaction 0x2b2f438d682c49960ff8097cb4cd205302d236098058f68f25b0b61ec8f6bb9c fetched and parsed in 13.623583ms
[2m2025-12-10T10:09:05.294254Z[0m [34mDEBUG[0m [2methereum_transaction_pool_monitor::mempool_monitor[0m[2m:[0m 🔍 Skipping tx 0x2b2f438d682c49960ff8097cb4cd205302d236098058f68f25b0b61ec8f6bb9c - not a DEX interaction (target: 0xdAC17F958D2ee523a2206206994597C13D831ec7)
[2m2025-12-10T10:09:05.294261Z[0m [34mDEBUG[0m [2methereum_transaction_pool_monitor::mempool_monitor[0m[2m:[0m 📨 Processing new pending transaction: 0xda03e9c76fee1fddd90c68d7e89a31b3b82002a0d27f8096e2a11f2b2a222f9c
[2m2025-12-10T10:09:05.294265Z[0m [34mDEBUG[0m [2methereum_transaction_pool_monitor::mempool_monitor[0m[2m:[0m 🔍 Fetching transaction details for: 0xda03e9c76fee1fddd90c68d7e89a31b3b82002a0d27f8096e2a11f2b2a222f9c
[2m2025-12-10T10:09:05.294270Z[0m [34mDEBUG[0m [2methereum_transaction_pool_monitor::eth_client[0m[2m:[0m 🔍 Fetching transaction details for hash: 0xda03e9c76fee1fddd90c68d7e89a31b3b82002a0d27f8096e2a11f2b2a222f9c
[2m2025-12-10T10:09:05.294286Z[0m [34mDEBUG[0m [2mhyper::client::pool[0m[2m:[0m reuse idle connection for ("http", 192.168.0.14:8545)
[2m2025-12-10T10:09:05.294306Z[0m [34mDEBUG[0m [2mhyper::proto::h1::io[0m[2m:[0m flushed 250 bytes
[2m2025-12-10T10:09:05.296480Z[0m [34mDEBUG[0m [2mhyper::client::pool[0m[2m:[0m reuse idle connection for ("http", 192.168.0.14:8545)
[2m2025-12-10T10:09:05.296530Z[0m [34mDEBUG[0m [2mhyper::proto::h1::io[0m[2m:[0m flushed 172 bytes
[2m2025-12-10T10:09:05.300475Z[0m [34mDEBUG[0m [2mhyper::proto::h1::io[0m[2m:[0m parsed 4 headers
[2m2025-12-10T10:09:05.300480Z[0m [34mDEBUG[0m [2mhyper::proto::h1::conn[0m[2m:[0m incoming body is content-length (772 bytes)
[2m2025-12-10T10:09:05.300484Z[0m [34mDEBUG[0m [2mhyper::proto::h1::conn[0m[2m:[0m incoming body completed
[2m2025-12-10T10:09:05.300489Z[0m [34mDEBUG[0m [2mhyper::client::pool[0m[2m:[0m pooling idle connection for ("http", 192.168.0.14:8545)
[2m2025-12-10T10:09:05.300494Z[0m [34mDEBUG[0m [2methereum_transaction_pool_monitor::eth_client[0m[2m:[0m 📡 Transaction fetch RPC completed in 6.2185ms
[2m2025-12-10T10:09:05.300504Z[0m [34mDEBUG[0m [2methereum_transaction_pool_monitor::eth_client[0m[2m:[0m DeFi transaction detected - Address: 0xdac17f958d2ee523a2206206994597c13d831ec7, Type: Stablecoin, Value: 0 ETH, Gas: 2.01 Gwei
[2m2025-12-10T10:09:05.300513Z[0m [34mDEBUG[0m [2methereum_transaction_pool_monitor::eth_client[0m[2m:[0m ✅ Transaction 0xda03e9c76fee1fddd90c68d7e89a31b3b82002a0d27f8096e2a11f2b2a222f9c fetched and parsed in 6.236875ms
[2m2025-12-10T10:09:05.300517Z[0m [34mDEBUG[0m [2methereum_transaction_pool_monitor::mempool_monitor[0m[2m:[0m 🔍 Skipping tx 0xda03e9c76fee1fddd90c68d7e89a31b3b82002a0d27f8096e2a11f2b2a222f9c - not a DEX interaction (target: 0xdAC17F958D2ee523a2206206994597C13D831ec7)
[2m2025-12-10T10:09:05.300523Z[0m [34mDEBUG[0m [2methereum_transaction_pool_monitor::mempool_monitor[0m[2m:[0m 📨 Processing new pending transaction: 0x0c28a31d5a910a45cf97ff0fa09e892ac9c1e26f526c037c5e40e70511828253
[2m2025-12-10T10:09:05.300526Z[0m [34mDEBUG[0m [2methereum_transaction_pool_monitor::mempool_monitor[0m[2m:[0m 🔍 Fetching transaction details for: 0x0c28a31d5a910a45cf97ff0fa09e892ac9c1e26f526c037c5e40e70511828253
[2m2025-12-10T10:09:05.300530Z[0m [34mDEBUG[0m [2methereum_transaction_pool_monitor::eth_client[0m[2m:[0m 🔍 Fetching transaction details for hash: 0x0c28a31d5a910a45cf97ff0fa09e892ac9c1e26f526c037c5e40e70511828253
[2m2025-12-10T10:09:05.300536Z[0m [34mDEBUG[0m [2mhyper::client::pool[0m[2m:[0m reuse idle connection for ("http", 192.168.0.14:8545)
[2m2025-12-10T10:09:05.300553Z[0m [34mDEBUG[0m [2mhyper::proto::h1::io[0m[2m:[0m flushed 250 bytes
[2m2025-12-10T10:09:05.303239Z[0m [34mDEBUG[0m [2mhyper::proto::h1::io[0m[2m:[0m parsed 4 headers
[2m2025-12-10T10:09:05.303247Z[0m [34mDEBUG[0m [2mhyper::proto::h1::conn[0m[2m:[0m incoming body is content-length (45 bytes)
[2m2025-12-10T10:09:05.303253Z[0m [34mDEBUG[0m [2mhyper::proto::h1::conn[0m[2m:[0m incoming body completed
[2m2025-12-10T10:09:05.303260Z[0m [34mDEBUG[0m [2mhyper::client::pool[0m[2m:[0m pooling idle connection for ("http", 192.168.0.14:8545)
[2m2025-12-10T10:09:05.304912Z[0m [34mDEBUG[0m [2mhyper::proto::h1::io[0m[2m:[0m parsed 4 headers
[2m2025-12-10T10:09:05.304933Z[0m [34mDEBUG[0m [2mhyper::proto::h1::conn[0m[2m:[0m incoming body is content-length (772 bytes)
[2m2025-12-10T10:09:05.304966Z[0m [34mDEBUG[0m [2mhyper::proto::h1::conn[0m[2m:[0m incoming body completed
[2m2025-12-10T10:09:05.304972Z[0m [34mDEBUG[0m [2mhyper::client::pool[0m[2m:[0m pooling idle connection for ("http", 192.168.0.14:8545)
[2m2025-12-10T10:09:05.304978Z[0m [34mDEBUG[0m [2methereum_transaction_pool_monitor::eth_client[0m[2m:[0m 📡 Transaction fetch RPC completed in 4.444542ms
[2m2025-12-10T10:09:05.410768Z[0m [34mDEBUG[0m [2methereum_transaction_pool_monitor::eth_client[0m[2m:[0m ✅ Transaction 0x0c28a31d5a910a45cf97ff0fa09e892ac9c1e26f526c037c5e40e70511828253 fetched and parsed in 110.23075ms
[2m2025-12-10T10:09:05.410800Z[0m [34mDEBUG[0m [2methereum_transaction_pool_monitor::mempool_monitor[0m[2m:[0m 🔍 Skipping tx 0x0c28a31d5a910a45cf97ff0fa09e892ac9c1e26f526c037c5e40e70511828253 - not a DEX interaction (target: 0xA0b86991c6218b36c1d19D4a2e9Eb0cE3606eB48)
[2m2025-12-10T10:09:05.410811Z[0m [34mDEBUG[0m [2methereum_transaction_pool_monitor::mempool_monitor[0m[2m:[0m 📨 Processing new pending transaction: 0xf76bc7e3609df74a53aefa7c10b5355b84805e18dbca24325d3de8447a1d25e1
[2m2025-12-10T10:09:05.410819Z[0m [34mDEBUG[0m [2methereum_transaction_pool_monitor::mempool_monitor[0m[2m:[0m 🔍 Fetching transaction details for: 0xf76bc7e3609df74a53aefa7c10b5355b84805e18dbca24325d3de8447a1d25e1
[2m2025-12-10T10:09:05.410825Z[0m [34mDEBUG[0m [2methereum_transaction_pool_monitor::eth_client[0m[2m:[0m 🔍 Fetching transaction details for hash: 0xf76bc7e3609df74a53aefa7c10b5355b84805e18dbca24325d3de8447a1d25e1
[2m2025-12-10T10:09:05.410845Z[0m [34mDEBUG[0m [2mhyper::client::pool[0m[2m:[0m reuse idle connection for ("http", 192.168.0.14:8545)
[2m2025-12-10T10:09:05.410892Z[0m [34mDEBUG[0m [2mhyper::proto::h1::io[0m[2m:[0m flushed 250 bytes
[2m2025-12-10T10:09:05.410914Z[0m [34mDEBUG[0m [2mhyper::client::pool[0m[2m:[0m reuse idle connection for ("http", 192.168.0.14:8545)
[2m2025-12-10T10:09:05.410925Z[0m [34mDEBUG[0m [2methereum_transaction_pool_monitor::eth_client[0m[2m:[0m 📨 Received WebSocket message: {"jsonrpc":"2.0","method":"eth_subscription","params":{"subscription":"0xbed0a0851463e895960a451075a301a9","result":"0x65e8a5fe0aadefddd5abd87217405165313aa8e93e16a4dc53decfbe18ebb8a8"}}
[2m2025-12-10T10:09:05.410932Z[0m [34mDEBUG[0m [2mhyper::proto::h1::io[0m[2m:[0m flushed 172 bytes
[2m2025-12-10T10:09:05.410940Z[0m [34mDEBUG[0m [2methereum_transaction_pool_monitor::eth_client[0m[2m:[0m 📨 Received pending transaction: 0x65e8a5fe0aadefddd5abd87217405165313aa8e93e16a4dc53decfbe18ebb8a8
[2m2025-12-10T10:09:05.410951Z[0m [34mDEBUG[0m [2methereum_transaction_pool_monitor::eth_client[0m[2m:[0m 📨 Received WebSocket message: {"jsonrpc":"2.0","method":"eth_subscription","params":{"subscription":"0xbed0a0851463e895960a451075a301a9","result":"0x028870b636474ec5fedb39a67d4989bccf9e017b8601dfdeeec51a4a364bbebc"}}
[2m2025-12-10T10:09:05.410960Z[0m [34mDEBUG[0m [2methereum_transaction_pool_monitor::eth_client[0m[2m:[0m 📨 Received pending transaction: 0x028870b636474ec5fedb39a67d4989bccf9e017b8601dfdeeec51a4a364bbebc
[2m2025-12-10T10:09:05.417120Z[0m [34mDEBUG[0m [2mhyper::proto::h1::io[0m[2m:[0m parsed 4 headers
[2m2025-12-10T10:09:05.417153Z[0m [34mDEBUG[0m [2mhyper::proto::h1::conn[0m[2m:[0m incoming body is content-length (45 bytes)
[2m2025-12-10T10:09:05.417167Z[0m [34mDEBUG[0m [2mhyper::proto::h1::conn[0m[2m:[0m incoming body completed
[2m2025-12-10T10:09:05.417189Z[0m [34mDEBUG[0m [2mhyper::client::pool[0m[2m:[0m pooling idle connection for ("http", 192.168.0.14:8545)
[2m2025-12-10T10:09:05.417861Z[0m [34mDEBUG[0m [2mhyper::proto::h1::io[0m[2m:[0m parsed 4 headers
[2m2025-12-10T10:09:05.417868Z[0m [34mDEBUG[0m [2mhyper::proto::h1::conn[0m[2m:[0m incoming body is content-length (681 bytes)
[2m2025-12-10T10:09:05.417873Z[0m [34mDEBUG[0m [2mhyper::proto::h1::conn[0m[2m:[0m incoming body completed
[2m2025-12-10T10:09:05.417879Z[0m [34mDEBUG[0m [2mhyper::client::pool[0m[2m:[0m pooling idle connection for ("http", 192.168.0.14:8545)
[2m2025-12-10T10:09:05.417888Z[0m [34mDEBUG[0m [2methereum_transaction_pool_monitor::eth_client[0m[2m:[0m 📡 Transaction fetch RPC completed in 7.058208ms
[2m2025-12-10T10:09:05.488830Z[0m [34mDEBUG[0m [2methereum_transaction_pool_monitor::eth_client[0m[2m:[0m ✅ Transaction 0xf76bc7e3609df74a53aefa7c10b5355b84805e18dbca24325d3de8447a1d25e1 fetched and parsed in 77.997875ms
[2m2025-12-10T10:09:05.488864Z[0m [34mDEBUG[0m [2methereum_transaction_pool_monitor::mempool_monitor[0m[2m:[0m 🔍 Skipping tx 0xf76bc7e3609df74a53aefa7c10b5355b84805e18dbca24325d3de8447a1d25e1 - not a DEX interaction (target: 0xA0b86991c6218b36c1d19D4a2e9Eb0cE3606eB48)
[2m2025-12-10T10:09:05.488874Z[0m [34mDEBUG[0m [2methereum_transaction_pool_monitor::mempool_monitor[0m[2m:[0m 📨 Processing new pending transaction: 0x62cf4957cf5dfaf5158f8a4662243eb4397428981f33fcf09ebd84a9fc1c2559
[2m2025-12-10T10:09:05.488881Z[0m [34mDEBUG[0m [2methereum_transaction_pool_monitor::mempool_monitor[0m[2m:[0m 🔍 Fetching transaction details for: 0x62cf4957cf5dfaf5158f8a4662243eb4397428981f33fcf09ebd84a9fc1c2559
[2m2025-12-10T10:09:05.488887Z[0m [34mDEBUG[0m [2methereum_transaction_pool_monitor::eth_client[0m[2m:[0m 🔍 Fetching transaction details for hash: 0x62cf4957cf5dfaf5158f8a4662243eb4397428981f33fcf09ebd84a9fc1c2559
[2m2025-12-10T10:09:05.488908Z[0m [34mDEBUG[0m [2mhyper::client::pool[0m[2m:[0m reuse idle connection for ("http", 192.168.0.14:8545)
[2m2025-12-10T10:09:05.488976Z[0m [34mDEBUG[0m [2mhyper::proto::h1::io[0m[2m:[0m flushed 250 bytes
[2m2025-12-10T10:09:05.489006Z[0m [34mDEBUG[0m [2methereum_transaction_pool_monitor::eth_client[0m[2m:[0m 📨 Received WebSocket message: {"jsonrpc":"2.0","method":"eth_subscription","params":{"subscription":"0xbed0a0851463e895960a451075a301a9","result":"0xed5a9b9e631f2df9f62014b71028f5d4a9d129a660a909e3d39c3449d612a395"}}
[2m2025-12-10T10:09:05.489017Z[0m [34mDEBUG[0m [2methereum_transaction_pool_monitor::eth_client[0m[2m:[0m 📨 Received pending transaction: 0xed5a9b9e631f2df9f62014b71028f5d4a9d129a660a909e3d39c3449d612a395
[2m2025-12-10T10:09:05.496919Z[0m [34mDEBUG[0m [2mhyper::client::pool[0m[2m:[0m reuse idle connection for ("http", 192.168.0.14:8545)
[2m2025-12-10T10:09:05.496943Z[0m [34mDEBUG[0m [2mhyper::proto::h1::io[0m[2m:[0m flushed 172 bytes
[2m2025-12-10T10:09:05.498474Z[0m [34mDEBUG[0m [2mhyper::proto::h1::io[0m[2m:[0m parsed 4 headers
[2m2025-12-10T10:09:05.498496Z[0m [34mDEBUG[0m [2mhyper::proto::h1::conn[0m[2m:[0m incoming body is content-length (3159 bytes)
[2m2025-12-10T10:09:05.498536Z[0m [34mDEBUG[0m [2methereum_transaction_pool_monitor::eth_client[0m[2m:[0m 📡 Transaction fetch RPC completed in 9.642292ms
[2m2025-12-10T10:09:05.500403Z[0m [34mDEBUG[0m [2mhyper::proto::h1::conn[0m[2m:[0m incoming body completed
[2m2025-12-10T10:09:05.500434Z[0m [34mDEBUG[0m [2mhyper::client::pool[0m[2m:[0m pooling idle connection for ("http", 192.168.0.14:8545)
[2m2025-12-10T10:09:05.500474Z[0m [34mDEBUG[0m [2mhyper::proto::h1::io[0m[2m:[0m parsed 4 headers
[2m2025-12-10T10:09:05.500479Z[0m [34mDEBUG[0m [2mhyper::proto::h1::conn[0m[2m:[0m incoming body is content-length (45 bytes)
[2m2025-12-10T10:09:05.500485Z[0m [34mDEBUG[0m [2mhyper::proto::h1::conn[0m[2m:[0m incoming body completed
[2m2025-12-10T10:09:05.500491Z[0m [34mDEBUG[0m [2mhyper::client::pool[0m[2m:[0m pooling idle connection for ("http", 192.168.0.14:8545)
[2m2025-12-10T10:09:05.563585Z[0m [34mDEBUG[0m [2methereum_transaction_pool_monitor::eth_client[0m[2m:[0m 📨 Received WebSocket message: {"jsonrpc":"2.0","method":"eth_subscription","params":{"subscription":"0xbed0a0851463e895960a451075a301a9","result":"0xb9b80965bad059a260474237c5683a7532953e54fd77a20d5c4d4fe889501f5a"}}
[2m2025-12-10T10:09:05.563614Z[0m [34mDEBUG[0m [2methereum_transaction_pool_monitor::eth_client[0m[2m:[0m 📨 Received pending transaction: 0xb9b80965bad059a260474237c5683a7532953e54fd77a20d5c4d4fe889501f5a
[2m2025-12-10T10:09:05.570839Z[0m [34mDEBUG[0m [2methereum_transaction_pool_monitor::eth_client[0m[2m:[0m ✅ Transaction 0x62cf4957cf5dfaf5158f8a4662243eb4397428981f33fcf09ebd84a9fc1c2559 fetched and parsed in 81.944334ms
[2m2025-12-10T10:09:05.570859Z[0m [34mDEBUG[0m [2methereum_transaction_pool_monitor::mempool_monitor[0m[2m:[0m 🔍 Skipping tx 0x62cf4957cf5dfaf5158f8a4662243eb4397428981f33fcf09ebd84a9fc1c2559 - not a DEX interaction (target: 0x66a9893cC07D91D95644AEDD05D03f95e1dBA8Af)
[2m2025-12-10T10:09:05.570871Z[0m [34mDEBUG[0m [2methereum_transaction_pool_monitor::mempool_monitor[0m[2m:[0m 📨 Processing new pending transaction: 0x91eee33e9e7b693ed9ca35154ecc0d9d20124b16480bf51d61720ef4a590424d
[2m2025-12-10T10:09:05.570877Z[0m [34mDEBUG[0m [2methereum_transaction_pool_monitor::mempool_monitor[0m[2m:[0m 🔍 Fetching transaction details for: 0x91eee33e9e7b693ed9ca35154ecc0d9d20124b16480bf51d61720ef4a590424d
[2m2025-12-10T10:09:05.570882Z[0m [34mDEBUG[0m [2methereum_transaction_pool_monitor::eth_client[0m[2m:[0m 🔍 Fetching transaction details for hash: 0x91eee33e9e7b693ed9ca35154ecc0d9d20124b16480bf51d61720ef4a590424d
[2m2025-12-10T10:09:05.570903Z[0m [34mDEBUG[0m [2mhyper::client::pool[0m[2m:[0m reuse idle connection for ("http", 192.168.0.14:8545)
[2m2025-12-10T10:09:05.570935Z[0m [34mDEBUG[0m [2mhyper::proto::h1::io[0m[2m:[0m flushed 250 bytes
[2m2025-12-10T10:09:05.577953Z[0m [34mDEBUG[0m [2mhyper::proto::h1::io[0m[2m:[0m parsed 4 headers
[2m2025-12-10T10:09:05.577961Z[0m [34mDEBUG[0m [2mhyper::proto::h1::conn[0m[2m:[0m incoming body is content-length (767 bytes)
[2m2025-12-10T10:09:05.577969Z[0m [34mDEBUG[0m [2mhyper::proto::h1::conn[0m[2m:[0m incoming body completed
[2m2025-12-10T10:09:05.577978Z[0m [34mDEBUG[0m [2mhyper::client::pool[0m[2m:[0m pooling idle connection for ("http", 192.168.0.14:8545)
[2m2025-12-10T10:09:05.577984Z[0m [34mDEBUG[0m [2methereum_transaction_pool_monitor::eth_client[0m[2m:[0m 📡 Transaction fetch RPC completed in 7.096417ms
[2m2025-12-10T10:09:05.648636Z[0m [34mDEBUG[0m [2methereum_transaction_pool_monitor::eth_client[0m[2m:[0m ✅ Transaction 0x91eee33e9e7b693ed9ca35154ecc0d9d20124b16480bf51d61720ef4a590424d fetched and parsed in 77.744792ms
[2m2025-12-10T10:09:05.648672Z[0m [34mDEBUG[0m [2methereum_transaction_pool_monitor::mempool_monitor[0m[2m:[0m 🔍 Skipping tx 0x91eee33e9e7b693ed9ca35154ecc0d9d20124b16480bf51d61720ef4a590424d - not a DEX interaction (target: 0xA0b86991c6218b36c1d19D4a2e9Eb0cE3606eB48)
[2m2025-12-10T10:09:05.648683Z[0m [34mDEBUG[0m [2methereum_transaction_pool_monitor::mempool_monitor[0m[2m:[0m 📨 Processing new pending transaction: 0xf6cfa4c388abf3fdae66f41e9875bb1c6da352bdf0f25bec6ffe24ed34af065c
[2m2025-12-10T10:09:05.648691Z[0m [34mDEBUG[0m [2methereum_transaction_pool_monitor::mempool_monitor[0m[2m:[0m 🔍 Fetching transaction details for: 0xf6cfa4c388abf3fdae66f41e9875bb1c6da352bdf0f25bec6ffe24ed34af065c
[2m2025-12-10T10:09:05.648698Z[0m [34mDEBUG[0m [2methereum_transaction_pool_monitor::eth_client[0m[2m:[0m 🔍 Fetching transaction details for hash: 0xf6cfa4c388abf3fdae66f41e9875bb1c6da352bdf0f25bec6ffe24ed34af065c
[2m2025-12-10T10:09:05.648720Z[0m [34mDEBUG[0m [2mhyper::client::pool[0m[2m:[0m reuse idle connection for ("http", 192.168.0.14:8545)
[2m2025-12-10T10:09:05.648772Z[0m [34mDEBUG[0m [2mhyper::proto::h1::io[0m[2m:[0m flushed 250 bytes
[2m2025-12-10T10:09:05.648803Z[0m [34mDEBUG[0m [2mhyper::client::pool[0m[2m:[0m reuse idle connection for ("http", 192.168.0.14:8545)
[2m2025-12-10T10:09:05.648815Z[0m [34mDEBUG[0m [2methereum_transaction_pool_monitor::eth_client[0m[2m:[0m 📨 Received WebSocket message: {"jsonrpc":"2.0","method":"eth_subscription","params":{"subscription":"0xbed0a0851463e895960a451075a301a9","result":"0x6a3e23e247f085f47135e816b552ea92a7ae8969a62489e3d63186285aded2ff"}}
[2m2025-12-10T10:09:05.648823Z[0m [34mDEBUG[0m [2mhyper::proto::h1::io[0m[2m:[0m flushed 172 bytes
[2m2025-12-10T10:09:05.648828Z[0m [34mDEBUG[0m [2methereum_transaction_pool_monitor::eth_client[0m[2m:[0m 📨 Received pending transaction: 0x6a3e23e247f085f47135e816b552ea92a7ae8969a62489e3d63186285aded2ff
[2m2025-12-10T10:09:05.652281Z[0m [34mDEBUG[0m [2mhyper::proto::h1::io[0m[2m:[0m parsed 4 headers
[2m2025-12-10T10:09:05.652311Z[0m [34mDEBUG[0m [2mhyper::proto::h1::conn[0m[2m:[0m incoming body is content-length (45 bytes)
[2m2025-12-10T10:09:05.652339Z[0m [34mDEBUG[0m [2mhyper::proto::h1::conn[0m[2m:[0m incoming body completed
[2m2025-12-10T10:09:05.652369Z[0m [34mDEBUG[0m [2mhyper::client::pool[0m[2m:[0m pooling idle connection for ("http", 192.168.0.14:8545)
[2m2025-12-10T10:09:05.658998Z[0m [34mDEBUG[0m [2mhyper::proto::h1::io[0m[2m:[0m parsed 4 headers
[2m2025-12-10T10:09:05.659004Z[0m [34mDEBUG[0m [2mhyper::proto::h1::conn[0m[2m:[0m incoming body is content-length (770 bytes)
[2m2025-12-10T10:09:05.659010Z[0m [34mDEBUG[0m [2mhyper::proto::h1::conn[0m[2m:[0m incoming body completed
[2m2025-12-10T10:09:05.659016Z[0m [34mDEBUG[0m [2mhyper::client::pool[0m[2m:[0m pooling idle connection for ("http", 192.168.0.14:8545)
[2m2025-12-10T10:09:05.659021Z[0m [34mDEBUG[0m [2methereum_transaction_pool_monitor::eth_client[0m[2m:[0m 📡 Transaction fetch RPC completed in 10.319125ms
[2m2025-12-10T10:09:05.729410Z[0m [34mDEBUG[0m [2methereum_transaction_pool_monitor::eth_client[0m[2m:[0m ✅ Transaction 0xf6cfa4c388abf3fdae66f41e9875bb1c6da352bdf0f25bec6ffe24ed34af065c fetched and parsed in 80.705792ms
[2m2025-12-10T10:09:05.729439Z[0m [34mDEBUG[0m [2methereum_transaction_pool_monitor::mempool_monitor[0m[2m:[0m 🔍 Skipping tx 0xf6cfa4c388abf3fdae66f41e9875bb1c6da352bdf0f25bec6ffe24ed34af065c - not a DEX interaction (target: 0xB8f28C60dD8240141185a192fa4156A23E189305)
[2m2025-12-10T10:09:05.729449Z[0m [34mDEBUG[0m [2methereum_transaction_pool_monitor::mempool_monitor[0m[2m:[0m 📨 Processing new pending transaction: 0x04bfd8748cfb44c6b6013f30fda3151bab747fcd45d5f397e16615b3b2cc42f5
[2m2025-12-10T10:09:05.729456Z[0m [34mDEBUG[0m [2methereum_transaction_pool_monitor::mempool_monitor[0m[2m:[0m 🔍 Fetching transaction details for: 0x04bfd8748cfb44c6b6013f30fda3151bab747fcd45d5f397e16615b3b2cc42f5
[2m2025-12-10T10:09:05.729462Z[0m [34mDEBUG[0m [2methereum_transaction_pool_monitor::eth_client[0m[2m:[0m 🔍 Fetching transaction details for hash: 0x04bfd8748cfb44c6b6013f30fda3151bab747fcd45d5f397e16615b3b2cc42f5
[2m2025-12-10T10:09:05.729480Z[0m [34mDEBUG[0m [2mhyper::client::pool[0m[2m:[0m reuse idle connection for ("http", 192.168.0.14:8545)
[2m2025-12-10T10:09:05.729528Z[0m [34mDEBUG[0m [2mhyper::proto::h1::io[0m[2m:[0m flushed 250 bytes
[2m2025-12-10T10:09:05.729558Z[0m [34mDEBUG[0m [2mhyper::client::pool[0m[2m:[0m reuse idle connection for ("http", 192.168.0.14:8545)
[2m2025-12-10T10:09:05.729572Z[0m [34mDEBUG[0m [2mhyper::proto::h1::io[0m[2m:[0m flushed 172 bytes
[2m2025-12-10T10:09:05.734344Z[0m [34mDEBUG[0m [2mhyper::proto::h1::io[0m[2m:[0m parsed 4 headers
[2m2025-12-10T10:09:05.734350Z[0m [34mDEBUG[0m [2mhyper::proto::h1::conn[0m[2m:[0m incoming body is content-length (45 bytes)
[2m2025-12-10T10:09:05.734358Z[0m [34mDEBUG[0m [2mhyper::proto::h1::conn[0m[2m:[0m incoming body completed
[2m2025-12-10T10:09:05.734365Z[0m [34mDEBUG[0m [2mhyper::client::pool[0m[2m:[0m pooling idle connection for ("http", 192.168.0.14:8545)
[2m2025-12-10T10:09:05.737788Z[0m [34mDEBUG[0m [2mhyper::proto::h1::io[0m[2m:[0m parsed 4 headers
[2m2025-12-10T10:09:05.737794Z[0m [34mDEBUG[0m [2mhyper::proto::h1::conn[0m[2m:[0m incoming body is content-length (4807 bytes)
[2m2025-12-10T10:09:05.737800Z[0m [34mDEBUG[0m [2mhyper::proto::h1::conn[0m[2m:[0m incoming body completed
[2m2025-12-10T10:09:05.737806Z[0m [34mDEBUG[0m [2mhyper::client::pool[0m[2m:[0m pooling idle connection for ("http", 192.168.0.14:8545)
[2m2025-12-10T10:09:05.737811Z[0m [34mDEBUG[0m [2methereum_transaction_pool_monitor::eth_client[0m[2m:[0m 📡 Transaction fetch RPC completed in 8.344958ms
[2m2025-12-10T10:09:05.805847Z[0m [34mDEBUG[0m [2methereum_transaction_pool_monitor::eth_client[0m[2m:[0m ✅ Transaction 0x04bfd8748cfb44c6b6013f30fda3151bab747fcd45d5f397e16615b3b2cc42f5 fetched and parsed in 76.378417ms
[2m2025-12-10T10:09:05.805871Z[0m [34mDEBUG[0m [2methereum_transaction_pool_monitor::mempool_monitor[0m[2m:[0m 🔍 Skipping tx 0x04bfd8748cfb44c6b6013f30fda3151bab747fcd45d5f397e16615b3b2cc42f5 - not a DEX interaction (target: 0x225a38bc71102999Dd13478BFaBD7c4d53f2DC17)
[2m2025-12-10T10:09:05.805883Z[0m [34mDEBUG[0m [2methereum_transaction_pool_monitor::mempool_monitor[0m[2m:[0m 📨 Processing new pending transaction: 0xeb7b2d35a78bd0495f6a6a1080ac4204b0c3b690c04111b8e9330e70f526c97a
[2m2025-12-10T10:09:05.805891Z[0m [34mDEBUG[0m [2methereum_transaction_pool_monitor::mempool_monitor[0m[2m:[0m 🔍 Fetching transaction details for: 0xeb7b2d35a78bd0495f6a6a1080ac4204b0c3b690c04111b8e9330e70f526c97a
[2m2025-12-10T10:09:05.805896Z[0m [34mDEBUG[0m [2methereum_transaction_pool_monitor::eth_client[0m[2m:[0m 🔍 Fetching transaction details for hash: 0xeb7b2d35a78bd0495f6a6a1080ac4204b0c3b690c04111b8e9330e70f526c97a
[2m2025-12-10T10:09:05.805917Z[0m [34mDEBUG[0m [2mhyper::client::pool[0m[2m:[0m reuse idle connection for ("http", 192.168.0.14:8545)
[2m2025-12-10T10:09:05.805946Z[0m [34mDEBUG[0m [2mhyper::proto::h1::io[0m[2m:[0m flushed 250 bytes
[2m2025-12-10T10:09:05.805977Z[0m [34mDEBUG[0m [2mhyper::client::pool[0m[2m:[0m reuse idle connection for ("http", 192.168.0.14:8545)
[2m2025-12-10T10:09:05.805992Z[0m [34mDEBUG[0m [2mhyper::proto::h1::io[0m[2m:[0m flushed 172 bytes
[2m2025-12-10T10:09:05.809055Z[0m [34mDEBUG[0m [2mhyper::proto::h1::io[0m[2m:[0m parsed 4 headers
[2m2025-12-10T10:09:05.809091Z[0m [34mDEBUG[0m [2mhyper::proto::h1::conn[0m[2m:[0m incoming body is content-length (45 bytes)
[2m2025-12-10T10:09:05.809099Z[0m [34mDEBUG[0m [2mhyper::proto::h1::conn[0m[2m:[0m incoming body completed
[2m2025-12-10T10:09:05.809106Z[0m [34mDEBUG[0m [2mhyper::client::pool[0m[2m:[0m pooling idle connection for ("http", 192.168.0.14:8545)
[2m2025-12-10T10:09:05.810347Z[0m [34mDEBUG[0m [2mhyper::proto::h1::io[0m[2m:[0m parsed 4 headers
[2m2025-12-10T10:09:05.810353Z[0m [34mDEBUG[0m [2mhyper::proto::h1::conn[0m[2m:[0m incoming body is content-length (838 bytes)
[2m2025-12-10T10:09:05.810358Z[0m [34mDEBUG[0m [2mhyper::proto::h1::conn[0m[2m:[0m incoming body completed
[2m2025-12-10T10:09:05.810364Z[0m [34mDEBUG[0m [2mhyper::client::pool[0m[2m:[0m pooling idle connection for ("http", 192.168.0.14:8545)
[2m2025-12-10T10:09:05.810369Z[0m [34mDEBUG[0m [2methereum_transaction_pool_monitor::eth_client[0m[2m:[0m 📡 Transaction fetch RPC completed in 4.468875ms
[2m2025-12-10T10:09:05.909765Z[0m [34mDEBUG[0m [2methereum_transaction_pool_monitor::eth_client[0m[2m:[0m ✅ Transaction 0xeb7b2d35a78bd0495f6a6a1080ac4204b0c3b690c04111b8e9330e70f526c97a fetched and parsed in 103.862041ms
[2m2025-12-10T10:09:05.909794Z[0m [34mDEBUG[0m [2methereum_transaction_pool_monitor::mempool_monitor[0m[2m:[0m 🔍 Skipping tx 0xeb7b2d35a78bd0495f6a6a1080ac4204b0c3b690c04111b8e9330e70f526c97a - not a DEX interaction (target: 0xA0b86991c6218b36c1d19D4a2e9Eb0cE3606eB48)
[2m2025-12-10T10:09:05.909806Z[0m [34mDEBUG[0m [2methereum_transaction_pool_monitor::mempool_monitor[0m[2m:[0m 📨 Processing new pending transaction: 0xc031254d211fa624f47f60a2d5cea7e00efc0bf69eb727680050683eac50c152
[2m2025-12-10T10:09:05.909813Z[0m [34mDEBUG[0m [2methereum_transaction_pool_monitor::mempool_monitor[0m[2m:[0m 🔍 Fetching transaction details for: 0xc031254d211fa624f47f60a2d5cea7e00efc0bf69eb727680050683eac50c152
[2m2025-12-10T10:09:05.909819Z[0m [34mDEBUG[0m [2methereum_transaction_pool_monitor::eth_client[0m[2m:[0m 🔍 Fetching transaction details for hash: 0xc031254d211fa624f47f60a2d5cea7e00efc0bf69eb727680050683eac50c152
[2m2025-12-10T10:09:05.909841Z[0m [34mDEBUG[0m [2mhyper::client::pool[0m[2m:[0m reuse idle connection for ("http", 192.168.0.14:8545)
[2m2025-12-10T10:09:05.909884Z[0m [34mDEBUG[0m [2mhyper::proto::h1::io[0m[2m:[0m flushed 250 bytes
[2m2025-12-10T10:09:05.909906Z[0m [34mDEBUG[0m [2mhyper::client::pool[0m[2m:[0m reuse idle connection for ("http", 192.168.0.14:8545)
[2m2025-12-10T10:09:05.909920Z[0m [34mDEBUG[0m [2methereum_transaction_pool_monitor::eth_client[0m[2m:[0m 📨 Received WebSocket message: {"jsonrpc":"2.0","method":"eth_subscription","params":{"subscription":"0xbed0a0851463e895960a451075a301a9","result":"0x5bbdbb417207ca84ea362d6f23fd46474e6da55aa7fb6b347905f0b6e004652c"}}
[2m2025-12-10T10:09:05.909921Z[0m [34mDEBUG[0m [2mhyper::proto::h1::io[0m[2m:[0m flushed 172 bytes
[2m2025-12-10T10:09:05.909933Z[0m [34mDEBUG[0m [2methereum_transaction_pool_monitor::eth_client[0m[2m:[0m 📨 Received pending transaction: 0x5bbdbb417207ca84ea362d6f23fd46474e6da55aa7fb6b347905f0b6e004652c
[2m2025-12-10T10:09:05.909941Z[0m [34mDEBUG[0m [2methereum_transaction_pool_monitor::eth_client[0m[2m:[0m 📨 Received WebSocket message: {"jsonrpc":"2.0","method":"eth_subscription","params":{"subscription":"0xbed0a0851463e895960a451075a301a9","result":"0xa0fbc01c792779d28134bec95b610ed8c76abc5a25fed1549f1a61247f7dc872"}}
[2m2025-12-10T10:09:05.909948Z[0m [34mDEBUG[0m [2methereum_transaction_pool_monitor::eth_client[0m[2m:[0m 📨 Received pending transaction: 0xa0fbc01c792779d28134bec95b610ed8c76abc5a25fed1549f1a61247f7dc872
[2m2025-12-10T10:09:05.913816Z[0m [34mDEBUG[0m [2mhyper::proto::h1::io[0m[2m:[0m parsed 4 headers
[2m2025-12-10T10:09:05.913822Z[0m [34mDEBUG[0m [2mhyper::proto::h1::conn[0m[2m:[0m incoming body is content-length (45 bytes)
[2m2025-12-10T10:09:05.913828Z[0m [34mDEBUG[0m [2mhyper::proto::h1::conn[0m[2m:[0m incoming body completed
[2m2025-12-10T10:09:05.913835Z[0m [34mDEBUG[0m [2mhyper::client::pool[0m[2m:[0m pooling idle connection for ("http", 192.168.0.14:8545)
[2m2025-12-10T10:09:05.915008Z[0m [34mDEBUG[0m [2mhyper::proto::h1::io[0m[2m:[0m parsed 4 headers
[2m2025-12-10T10:09:05.915013Z[0m [34mDEBUG[0m [2mhyper::proto::h1::conn[0m[2m:[0m incoming body is content-length (772 bytes)
[2m2025-12-10T10:09:05.915018Z[0m [34mDEBUG[0m [2mhyper::proto::h1::conn[0m[2m:[0m incoming body completed
[2m2025-12-10T10:09:05.915024Z[0m [34mDEBUG[0m [2mhyper::client::pool[0m[2m:[0m pooling idle connection for ("http", 192.168.0.14:8545)
[2m2025-12-10T10:09:05.915030Z[0m [34mDEBUG[0m [2methereum_transaction_pool_monitor::eth_client[0m[2m:[0m 📡 Transaction fetch RPC completed in 5.206875ms
[2m2025-12-10T10:09:05.915043Z[0m [34mDEBUG[0m [2methereum_transaction_pool_monitor::eth_client[0m[2m:[0m DeFi transaction detected - Address: 0xdac17f958d2ee523a2206206994597c13d831ec7, Type: Stablecoin, Value: 0 ETH, Gas: 2.01 Gwei
[2m2025-12-10T10:09:05.915060Z[0m [34mDEBUG[0m [2methereum_transaction_pool_monitor::eth_client[0m[2m:[0m ✅ Transaction 0xc031254d211fa624f47f60a2d5cea7e00efc0bf69eb727680050683eac50c152 fetched and parsed in 5.237042ms
[2m2025-12-10T10:09:05.915066Z[0m [34mDEBUG[0m [2methereum_transaction_pool_monitor::mempool_monitor[0m[2m:[0m 🔍 Skipping tx 0xc031254d211fa624f47f60a2d5cea7e00efc0bf69eb727680050683eac50c152 - not a DEX interaction (target: 0xdAC17F958D2ee523a2206206994597C13D831ec7)
[2m2025-12-10T10:09:05.915073Z[0m [34mDEBUG[0m [2methereum_transaction_pool_monitor::mempool_monitor[0m[2m:[0m 📨 Processing new pending transaction: 0xdef519b53366a3650e1f95995ae4cb73be6c87f9544ccd57508d45e844952a20
[2m2025-12-10T10:09:05.915077Z[0m [34mDEBUG[0m [2methereum_transaction_pool_monitor::mempool_monitor[0m[2m:[0m 🔍 Fetching transaction details for: 0xdef519b53366a3650e1f95995ae4cb73be6c87f9544ccd57508d45e844952a20
[2m2025-12-10T10:09:05.915082Z[0m [34mDEBUG[0m [2methereum_transaction_pool_monitor::eth_client[0m[2m:[0m 🔍 Fetching transaction details for hash: 0xdef519b53366a3650e1f95995ae4cb73be6c87f9544ccd57508d45e844952a20
[2m2025-12-10T10:09:05.915090Z[0m [34mDEBUG[0m [2mhyper::client::pool[0m[2m:[0m reuse idle connection for ("http", 192.168.0.14:8545)
[2m2025-12-10T10:09:05.915106Z[0m [34mDEBUG[0m [2mhyper::proto::h1::io[0m[2m:[0m flushed 250 bytes
[2m2025-12-10T10:09:05.919502Z[0m [34mDEBUG[0m [2mhyper::proto::h1::io[0m[2m:[0m parsed 4 headers
[2m2025-12-10T10:09:05.919514Z[0m [34mDEBUG[0m [2mhyper::proto::h1::conn[0m[2m:[0m incoming body is content-length (778 bytes)
[2m2025-12-10T10:09:05.919521Z[0m [34mDEBUG[0m [2mhyper::proto::h1::conn[0m[2m:[0m incoming body completed
[2m2025-12-10T10:09:05.919529Z[0m [34mDEBUG[0m [2mhyper::client::pool[0m[2m:[0m pooling idle connection for ("http", 192.168.0.14:8545)
[2m2025-12-10T10:09:05.919536Z[0m [34mDEBUG[0m [2methereum_transaction_pool_monitor::eth_client[0m[2m:[0m 📡 Transaction fetch RPC completed in 4.449458ms
[2m2025-12-10T10:09:05.919551Z[0m [34mDEBUG[0m [2methereum_transaction_pool_monitor::eth_client[0m[2m:[0m DeFi transaction detected - Address: 0xdac17f958d2ee523a2206206994597c13d831ec7, Type: Stablecoin, Value: 0 ETH, Gas: 127.50 Gwei
[2m2025-12-10T10:09:05.919564Z[0m [34mDEBUG[0m [2methereum_transaction_pool_monitor::eth_client[0m[2m:[0m ✅ Transaction 0xdef519b53366a3650e1f95995ae4cb73be6c87f9544ccd57508d45e844952a20 fetched and parsed in 4.477875ms
[2m2025-12-10T10:09:05.919572Z[0m [34mDEBUG[0m [2methereum_transaction_pool_monitor::mempool_monitor[0m[2m:[0m 🔍 Skipping tx 0xdef519b53366a3650e1f95995ae4cb73be6c87f9544ccd57508d45e844952a20 - not a DEX interaction (target: 0xdAC17F958D2ee523a2206206994597C13D831ec7)
[2m2025-12-10T10:09:05.919582Z[0m [34mDEBUG[0m [2methereum_transaction_pool_monitor::mempool_monitor[0m[2m:[0m 📨 Processing new pending transaction: 0x1ebf0333b080b3f2376e884d0961b1bc9fab0e5aebcff836f604429fa81d508d
[2m2025-12-10T10:09:05.919590Z[0m [34mDEBUG[0m [2methereum_transaction_pool_monitor::mempool_monitor[0m[2m:[0m 🔍 Fetching transaction details for: 0x1ebf0333b080b3f2376e884d0961b1bc9fab0e5aebcff836f604429fa81d508d
[2m2025-12-10T10:09:05.919594Z[0m [34mDEBUG[0m [2methereum_transaction_pool_monitor::eth_client[0m[2m:[0m 🔍 Fetching transaction details for hash: 0x1ebf0333b080b3f2376e884d0961b1bc9fab0e5aebcff836f604429fa81d508d
[2m2025-12-10T10:09:05.919603Z[0m [34mDEBUG[0m [2mhyper::client::pool[0m[2m:[0m reuse idle connection for ("http", 192.168.0.14:8545)
[2m2025-12-10T10:09:05.919619Z[0m [34mDEBUG[0m [2mhyper::proto::h1::io[0m[2m:[0m flushed 250 bytes
[2m2025-12-10T10:09:05.924462Z[0m [34mDEBUG[0m [2mhyper::proto::h1::io[0m[2m:[0m parsed 4 headers
[2m2025-12-10T10:09:05.924485Z[0m [34mDEBUG[0m [2mhyper::proto::h1::conn[0m[2m:[0m incoming body is content-length (644 bytes)
[2m2025-12-10T10:09:05.924504Z[0m [34mDEBUG[0m [2mhyper::proto::h1::conn[0m[2m:[0m incoming body completed
[2m2025-12-10T10:09:05.924521Z[0m [34mDEBUG[0m [2mhyper::client::pool[0m[2m:[0m pooling idle connection for ("http", 192.168.0.14:8545)
[2m2025-12-10T10:09:05.924526Z[0m [34mDEBUG[0m [2methereum_transaction_pool_monitor::eth_client[0m[2m:[0m 📡 Transaction fetch RPC completed in 4.927583ms
[2m2025-12-10T10:09:05.995785Z[0m [34mDEBUG[0m [2methereum_transaction_pool_monitor::eth_client[0m[2m:[0m ✅ Transaction 0x1ebf0333b080b3f2376e884d0961b1bc9fab0e5aebcff836f604429fa81d508d fetched and parsed in 76.183708ms
[2m2025-12-10T10:09:05.995812Z[0m [34mDEBUG[0m [2methereum_transaction_pool_monitor::mempool_monitor[0m[2m:[0m 🔍 Skipping tx 0x1ebf0333b080b3f2376e884d0961b1bc9fab0e5aebcff836f604429fa81d508d - not a DEX interaction (target: 0x17E5545B11b468072283Cee1F066a059Fb0dbF24)
[2m2025-12-10T10:09:05.995822Z[0m [34mDEBUG[0m [2methereum_transaction_pool_monitor::mempool_monitor[0m[2m:[0m 📨 Processing new pending transaction: 0x16b5aeb60c209faaa363583daac0b12689989657b62686ca4825e39e2cefc410
[2m2025-12-10T10:09:05.995829Z[0m [34mDEBUG[0m [2methereum_transaction_pool_monitor::mempool_monitor[0m[2m:[0m 🔍 Fetching transaction details for: 0x16b5aeb60c209faaa363583daac0b12689989657b62686ca4825e39e2cefc410
[2m2025-12-10T10:09:05.995835Z[0m [34mDEBUG[0m [2methereum_transaction_pool_monitor::eth_client[0m[2m:[0m 🔍 Fetching transaction details for hash: 0x16b5aeb60c209faaa363583daac0b12689989657b62686ca4825e39e2cefc410
[2m2025-12-10T10:09:05.995852Z[0m [34mDEBUG[0m [2mhyper::client::pool[0m[2m:[0m reuse idle connection for ("http", 192.168.0.14:8545)
[2m2025-12-10T10:09:05.995896Z[0m [34mDEBUG[0m [2mhyper::proto::h1::io[0m[2m:[0m flushed 250 bytes
[2m2025-12-10T10:09:05.995916Z[0m [34mDEBUG[0m [2mhyper::client::pool[0m[2m:[0m reuse idle connection for ("http", 192.168.0.14:8545)
[2m2025-12-10T10:09:05.995933Z[0m [34mDEBUG[0m [2mhyper::proto::h1::io[0m[2m:[0m flushed 172 bytes
[2m2025-12-10T10:09:05.995946Z[0m [34mDEBUG[0m [2methereum_transaction_pool_monitor::eth_client[0m[2m:[0m 📨 Received WebSocket message: {"jsonrpc":"2.0","method":"eth_subscription","params":{"subscription":"0xbed0a0851463e895960a451075a301a9","result":"0xce6d63897b7e1ca14fba1c6bbb2f119fe7222dd2a0de6fc4a2f1d5e478c7ffa0"}}
[2m2025-12-10T10:09:05.995957Z[0m [34mDEBUG[0m [2methereum_transaction_pool_monitor::eth_client[0m[2m:[0m 📨 Received pending transaction: 0xce6d63897b7e1ca14fba1c6bbb2f119fe7222dd2a0de6fc4a2f1d5e478c7ffa0
[2m2025-12-10T10:09:05.995965Z[0m [34mDEBUG[0m [2methereum_transaction_pool_monitor::eth_client[0m[2m:[0m 📨 Received WebSocket message: {"jsonrpc":"2.0","method":"eth_subscription","params":{"subscription":"0xbed0a0851463e895960a451075a301a9","result":"0x6934b9cfe5cd70e36a51efbfdcd499d4dfb3e29f7e48a413f954d341da9383ec"}}
[2m2025-12-10T10:09:05.995971Z[0m [34mDEBUG[0m [2methereum_transaction_pool_monitor::eth_client[0m[2m:[0m 📨 Received pending transaction: 0x6934b9cfe5cd70e36a51efbfdcd499d4dfb3e29f7e48a413f954d341da9383ec
[2m2025-12-10T10:09:05.995977Z[0m [34mDEBUG[0m [2methereum_transaction_pool_monitor::eth_client[0m[2m:[0m 📨 Received WebSocket message: {"jsonrpc":"2.0","method":"eth_subscription","params":{"subscription":"0xbed0a0851463e895960a451075a301a9","result":"0x686ab0e2408ca30d3eea0802712145276c9f0e9eb959166639b4fe30e26aad03"}}
[2m2025-12-10T10:09:05.995982Z[0m [34mDEBUG[0m [2methereum_transaction_pool_monitor::eth_client[0m[2m:[0m 📨 Received pending transaction: 0x686ab0e2408ca30d3eea0802712145276c9f0e9eb959166639b4fe30e26aad03
[2m2025-12-10T10:09:06.003945Z[0m [34mDEBUG[0m [2mhyper::proto::h1::io[0m[2m:[0m parsed 4 headers
[2m2025-12-10T10:09:06.003962Z[0m [34mDEBUG[0m [2mhyper::proto::h1::conn[0m[2m:[0m incoming body is content-length (1508 bytes)
[2m2025-12-10T10:09:06.003974Z[0m [34mDEBUG[0m [2mhyper::proto::h1::conn[0m[2m:[0m incoming body completed
[2m2025-12-10T10:09:06.003986Z[0m [34mDEBUG[0m [2mhyper::client::pool[0m[2m:[0m pooling idle connection for ("http", 192.168.0.14:8545)
[2m2025-12-10T10:09:06.003993Z[0m [34mDEBUG[0m [2methereum_transaction_pool_monitor::eth_client[0m[2m:[0m 📡 Transaction fetch RPC completed in 8.153667ms
[2m2025-12-10T10:09:06.102868Z[0m [34mDEBUG[0m [2methereum_transaction_pool_monitor::eth_client[0m[2m:[0m ✅ Transaction 0x16b5aeb60c209faaa363583daac0b12689989657b62686ca4825e39e2cefc410 fetched and parsed in 107.024875ms
[2m2025-12-10T10:09:06.102903Z[0m [34mDEBUG[0m [2methereum_transaction_pool_monitor::mempool_monitor[0m[2m:[0m 🔍 Skipping tx 0x16b5aeb60c209faaa363583daac0b12689989657b62686ca4825e39e2cefc410 - not a DEX interaction (target: 0x9F954Ca511ea6C453FC743D0d9b8FbF17e7D86c0)
[2m2025-12-10T10:09:06.102915Z[0m [34mDEBUG[0m [2methereum_transaction_pool_monitor::mempool_monitor[0m[2m:[0m 📨 Processing new pending transaction: 0x00407407d1f781d23c73bb7cd11dadf5f3ef66c68e114a64a442e02ce563b181
[2m2025-12-10T10:09:06.102922Z[0m [34mDEBUG[0m [2methereum_transaction_pool_monitor::mempool_monitor[0m[2m:[0m 🔍 Fetching transaction details for: 0x00407407d1f781d23c73bb7cd11dadf5f3ef66c68e114a64a442e02ce563b181
[2m2025-12-10T10:09:06.102929Z[0m [34mDEBUG[0m [2methereum_transaction_pool_monitor::eth_client[0m[2m:[0m 🔍 Fetching transaction details for hash: 0x00407407d1f781d23c73bb7cd11dadf5f3ef66c68e114a64a442e02ce563b181
[2m2025-12-10T10:09:06.102952Z[0m [34mDEBUG[0m [2mhyper::client::pool[0m[2m:[0m reuse idle connection for ("http", 192.168.0.14:8545)
[2m2025-12-10T10:09:06.103015Z[0m [34mDEBUG[0m [2mhyper::proto::h1::io[0m[2m:[0m flushed 250 bytes
[2m2025-12-10T10:09:06.103047Z[0m [34mDEBUG[0m [2methereum_transaction_pool_monitor::eth_client[0m[2m:[0m 📨 Received WebSocket message: {"jsonrpc":"2.0","method":"eth_subscription","params":{"subscription":"0xbed0a0851463e895960a451075a301a9","result":"0xef1f9ee8213bf56e07fb7f978abdc18faed483559d942c3df6122f37820331aa"}}
[2m2025-12-10T10:09:06.103058Z[0m [34mDEBUG[0m [2methereum_transaction_pool_monitor::eth_client[0m[2m:[0m 📨 Received pending transaction: 0xef1f9ee8213bf56e07fb7f978abdc18faed483559d942c3df6122f37820331aa
[2m2025-12-10T10:09:06.103066Z[0m [34mDEBUG[0m [2methereum_transaction_pool_monitor::eth_client[0m[2m:[0m 📨 Received WebSocket message: {"jsonrpc":"2.0","method":"eth_subscription","params":{"subscription":"0xbed0a0851463e895960a451075a301a9","result":"0x7b5728347e1869c3730f8d70a9f8e723844f254a85c7c25accd3359cabcd2782"}}
[2m2025-12-10T10:09:06.103074Z[0m [34mDEBUG[0m [2methereum_transaction_pool_monitor::eth_client[0m[2m:[0m 📨 Received pending transaction: 0x7b5728347e1869c3730f8d70a9f8e723844f254a85c7c25accd3359cabcd2782
[2m2025-12-10T10:09:06.103066Z[0m [34mDEBUG[0m [2mhyper::proto::h1::io[0m[2m:[0m parsed 4 headers
[2m2025-12-10T10:09:06.103085Z[0m [34mDEBUG[0m [2mhyper::proto::h1::conn[0m[2m:[0m incoming body is content-length (45 bytes)
[2m2025-12-10T10:09:06.103092Z[0m [34mDEBUG[0m [2mhyper::proto::h1::conn[0m[2m:[0m incoming body completed
[2m2025-12-10T10:09:06.103101Z[0m [34mDEBUG[0m [2mhyper::client::pool[0m[2m:[0m pooling idle connection for ("http", 192.168.0.14:8545)
[2m2025-12-10T10:09:06.103117Z[0m [34mDEBUG[0m [2mhyper::client::pool[0m[2m:[0m reuse idle connection for ("http", 192.168.0.14:8545)
[2m2025-12-10T10:09:06.103131Z[0m [34mDEBUG[0m [2mhyper::proto::h1::io[0m[2m:[0m flushed 172 bytes
[2m2025-12-10T10:09:06.108967Z[0m [34mDEBUG[0m [2mhyper::proto::h1::io[0m[2m:[0m parsed 4 headers
[2m2025-12-10T10:09:06.109014Z[0m [34mDEBUG[0m [2mhyper::proto::h1::conn[0m[2m:[0m incoming body is content-length (45 bytes)
[2m2025-12-10T10:09:06.109023Z[0m [34mDEBUG[0m [2mhyper::proto::h1::conn[0m[2m:[0m incoming body completed
[2m2025-12-10T10:09:06.109035Z[0m [34mDEBUG[0m [2mhyper::client::pool[0m[2m:[0m pooling idle connection for ("http", 192.168.0.14:8545)
[2m2025-12-10T10:09:06.110432Z[0m [34mDEBUG[0m [2mhyper::proto::h1::io[0m[2m:[0m parsed 4 headers
[2m2025-12-10T10:09:06.110480Z[0m [34mDEBUG[0m [2mhyper::proto::h1::conn[0m[2m:[0m incoming body is content-length (771 bytes)
[2m2025-12-10T10:09:06.110486Z[0m [34mDEBUG[0m [2mhyper::proto::h1::conn[0m[2m:[0m incoming body completed
[2m2025-12-10T10:09:06.110493Z[0m [34mDEBUG[0m [2mhyper::client::pool[0m[2m:[0m pooling idle connection for ("http", 192.168.0.14:8545)
[2m2025-12-10T10:09:06.110498Z[0m [34mDEBUG[0m [2methereum_transaction_pool_monitor::eth_client[0m[2m:[0m 📡 Transaction fetch RPC completed in 7.56425ms
[2m2025-12-10T10:09:06.182435Z[0m [34mDEBUG[0m [2methereum_transaction_pool_monitor::eth_client[0m[2m:[0m ✅ Transaction 0x00407407d1f781d23c73bb7cd11dadf5f3ef66c68e114a64a442e02ce563b181 fetched and parsed in 79.497375ms
[2m2025-12-10T10:09:06.182463Z[0m [34mDEBUG[0m [2methereum_transaction_pool_monitor::mempool_monitor[0m[2m:[0m 🔍 Skipping tx 0x00407407d1f781d23c73bb7cd11dadf5f3ef66c68e114a64a442e02ce563b181 - not a DEX interaction (target: 0xdA5e1988097297dCdc1f90D4dFE7909e847CBeF6)
[2m2025-12-10T10:09:06.182474Z[0m [34mDEBUG[0m [2methereum_transaction_pool_monitor::mempool_monitor[0m[2m:[0m 📨 Processing new pending transaction: 0x19e8792c750146eacae36d3804c7b5bce19c526b8f8b132b5c6321226e09fc7f
[2m2025-12-10T10:09:06.182481Z[0m [34mDEBUG[0m [2methereum_transaction_pool_monitor::mempool_monitor[0m[2m:[0m 🔍 Fetching transaction details for: 0x19e8792c750146eacae36d3804c7b5bce19c526b8f8b132b5c6321226e09fc7f
[2m2025-12-10T10:09:06.182487Z[0m [34mDEBUG[0m [2methereum_transaction_pool_monitor::eth_client[0m[2m:[0m 🔍 Fetching transaction details for hash: 0x19e8792c750146eacae36d3804c7b5bce19c526b8f8b132b5c6321226e09fc7f
[2m2025-12-10T10:09:06.182509Z[0m [34mDEBUG[0m [2mhyper::client::pool[0m[2m:[0m reuse idle connection for ("http", 192.168.0.14:8545)
[2m2025-12-10T10:09:06.182564Z[0m [34mDEBUG[0m [2mhyper::proto::h1::io[0m[2m:[0m flushed 250 bytes
[2m2025-12-10T10:09:06.187386Z[0m [34mDEBUG[0m [2mhyper::proto::h1::io[0m[2m:[0m parsed 4 headers
[2m2025-12-10T10:09:06.187407Z[0m [34mDEBUG[0m [2mhyper::proto::h1::conn[0m[2m:[0m incoming body is content-length (653 bytes)
[2m2025-12-10T10:09:06.187419Z[0m [34mDEBUG[0m [2mhyper::proto::h1::conn[0m[2m:[0m incoming body completed
[2m2025-12-10T10:09:06.187431Z[0m [34mDEBUG[0m [2mhyper::client::pool[0m[2m:[0m pooling idle connection for ("http", 192.168.0.14:8545)
[2m2025-12-10T10:09:06.187453Z[0m [34mDEBUG[0m [2methereum_transaction_pool_monitor::eth_client[0m[2m:[0m 📡 Transaction fetch RPC completed in 4.961417ms
[2m2025-12-10T10:09:06.267706Z[0m [34mDEBUG[0m [2methereum_transaction_pool_monitor::eth_client[0m[2m:[0m ✅ Transaction 0x19e8792c750146eacae36d3804c7b5bce19c526b8f8b132b5c6321226e09fc7f fetched and parsed in 85.211375ms
[2m2025-12-10T10:09:06.267737Z[0m [34mDEBUG[0m [2methereum_transaction_pool_monitor::mempool_monitor[0m[2m:[0m 🔍 Skipping tx 0x19e8792c750146eacae36d3804c7b5bce19c526b8f8b132b5c6321226e09fc7f - not a DEX interaction (target: 0x336f8190C81aaDD795F2e17ca8E9CA6b8dBE070C)
[2m2025-12-10T10:09:06.267748Z[0m [34mDEBUG[0m [2methereum_transaction_pool_monitor::mempool_monitor[0m[2m:[0m 📨 Processing new pending transaction: 0xaf7d1f999d2097c213fd433909cbb447881000d6671b412078113af41330153d
[2m2025-12-10T10:09:06.267755Z[0m [34mDEBUG[0m [2methereum_transaction_pool_monitor::mempool_monitor[0m[2m:[0m 🔍 Fetching transaction details for: 0xaf7d1f999d2097c213fd433909cbb447881000d6671b412078113af41330153d
[2m2025-12-10T10:09:06.267761Z[0m [34mDEBUG[0m [2methereum_transaction_pool_monitor::eth_client[0m[2m:[0m 🔍 Fetching transaction details for hash: 0xaf7d1f999d2097c213fd433909cbb447881000d6671b412078113af41330153d
[2m2025-12-10T10:09:06.267816Z[0m [34mDEBUG[0m [2mhyper::client::pool[0m[2m:[0m reuse idle connection for ("http", 192.168.0.14:8545)
[2m2025-12-10T10:09:06.267851Z[0m [34mDEBUG[0m [2mhyper::proto::h1::io[0m[2m:[0m flushed 250 bytes
[2m2025-12-10T10:09:06.267874Z[0m [34mDEBUG[0m [2mhyper::client::pool[0m[2m:[0m reuse idle connection for ("http", 192.168.0.14:8545)
[2m2025-12-10T10:09:06.267916Z[0m [34mDEBUG[0m [2mhyper::proto::h1::io[0m[2m:[0m flushed 172 bytes
[2m2025-12-10T10:09:06.267916Z[0m [34mDEBUG[0m [2methereum_transaction_pool_monitor::eth_client[0m[2m:[0m 📨 Received WebSocket message: {"jsonrpc":"2.0","method":"eth_subscription","params":{"subscription":"0xbed0a0851463e895960a451075a301a9","result":"0xf45f300b02ac4d838fbb9ca86e505a9780cd64160da12871d35e939dd7c8f816"}}
[2m2025-12-10T10:09:06.267966Z[0m [34mDEBUG[0m [2methereum_transaction_pool_monitor::eth_client[0m[2m:[0m 📨 Received pending transaction: 0xf45f300b02ac4d838fbb9ca86e505a9780cd64160da12871d35e939dd7c8f816
[2m2025-12-10T10:09:06.274599Z[0m [34mDEBUG[0m [2mhyper::proto::h1::io[0m[2m:[0m parsed 4 headers
[2m2025-12-10T10:09:06.274617Z[0m [34mDEBUG[0m [2mhyper::proto::h1::conn[0m[2m:[0m incoming body is content-length (45 bytes)
[2m2025-12-10T10:09:06.274625Z[0m [34mDEBUG[0m [2mhyper::proto::h1::conn[0m[2m:[0m incoming body completed
[2m2025-12-10T10:09:06.274634Z[0m [34mDEBUG[0m [2mhyper::client::pool[0m[2m:[0m pooling idle connection for ("http", 192.168.0.14:8545)
[2m2025-12-10T10:09:06.275313Z[0m [34mDEBUG[0m [2mhyper::proto::h1::io[0m[2m:[0m parsed 4 headers
[2m2025-12-10T10:09:06.275321Z[0m [34mDEBUG[0m [2mhyper::proto::h1::conn[0m[2m:[0m incoming body is content-length (771 bytes)
[2m2025-12-10T10:09:06.275329Z[0m [34mDEBUG[0m [2mhyper::proto::h1::conn[0m[2m:[0m incoming body completed
[2m2025-12-10T10:09:06.275339Z[0m [34mDEBUG[0m [2mhyper::client::pool[0m[2m:[0m pooling idle connection for ("http", 192.168.0.14:8545)
[2m2025-12-10T10:09:06.275344Z[0m [34mDEBUG[0m [2methereum_transaction_pool_monitor::eth_client[0m[2m:[0m 📡 Transaction fetch RPC completed in 7.578584ms
[2m2025-12-10T10:09:06.375926Z[0m [34mDEBUG[0m [2methereum_transaction_pool_monitor::eth_client[0m[2m:[0m ✅ Transaction 0xaf7d1f999d2097c213fd433909cbb447881000d6671b412078113af41330153d fetched and parsed in 108.15675ms
[2m2025-12-10T10:09:06.375955Z[0m [34mDEBUG[0m [2methereum_transaction_pool_monitor::mempool_monitor[0m[2m:[0m 🔍 Skipping tx 0xaf7d1f999d2097c213fd433909cbb447881000d6671b412078113af41330153d - not a DEX interaction (target: 0xA0b86991c6218b36c1d19D4a2e9Eb0cE3606eB48)
[2m2025-12-10T10:09:06.375965Z[0m [34mDEBUG[0m [2methereum_transaction_pool_monitor::mempool_monitor[0m[2m:[0m 📨 Processing new pending transaction: 0x9df0b9746d4c9ab56a31c9f8cd1694eb62e57659a2fc9125966a1a7ae1714c04
[2m2025-12-10T10:09:06.375972Z[0m [34mDEBUG[0m [2methereum_transaction_pool_monitor::mempool_monitor[0m[2m:[0m 🔍 Fetching transaction details for: 0x9df0b9746d4c9ab56a31c9f8cd1694eb62e57659a2fc9125966a1a7ae1714c04
[2m2025-12-10T10:09:06.375978Z[0m [34mDEBUG[0m [2methereum_transaction_pool_monitor::eth_client[0m[2m:[0m 🔍 Fetching transaction details for hash: 0x9df0b9746d4c9ab56a31c9f8cd1694eb62e57659a2fc9125966a1a7ae1714c04
[2m2025-12-10T10:09:06.375998Z[0m [34mDEBUG[0m [2mhyper::client::pool[0m[2m:[0m reuse idle connection for ("http", 192.168.0.14:8545)
[2m2025-12-10T10:09:06.376039Z[0m [34mDEBUG[0m [2mhyper::proto::h1::io[0m[2m:[0m flushed 250 bytes
[2m2025-12-10T10:09:06.376060Z[0m [34mDEBUG[0m [2mhyper::client::pool[0m[2m:[0m reuse idle connection for ("http", 192.168.0.14:8545)
[2m2025-12-10T10:09:06.376077Z[0m [34mDEBUG[0m [2mhyper::proto::h1::io[0m[2m:[0m flushed 172 bytes
[2m2025-12-10T10:09:06.376118Z[0m [34mDEBUG[0m [2methereum_transaction_pool_monitor::eth_client[0m[2m:[0m 📨 Received WebSocket message: {"jsonrpc":"2.0","method":"eth_subscription","params":{"subscription":"0xbed0a0851463e895960a451075a301a9","result":"0xb3bbf0f48c475cecaf1cbf283550cba3943b4299f6a876f2af404a31c1edd3d5"}}
[2m2025-12-10T10:09:06.376129Z[0m [34mDEBUG[0m [2methereum_transaction_pool_monitor::eth_client[0m[2m:[0m 📨 Received pending transaction: 0xb3bbf0f48c475cecaf1cbf283550cba3943b4299f6a876f2af404a31c1edd3d5
[2m2025-12-10T10:09:06.376136Z[0m [34mDEBUG[0m [2methereum_transaction_pool_monitor::eth_client[0m[2m:[0m 📨 Received WebSocket message: {"jsonrpc":"2.0","method":"eth_subscription","params":{"subscription":"0xbed0a0851463e895960a451075a301a9","result":"0xef79ea9db37e1c9205bf141311b3f10f7518a9b6aa0933adc3007071f4683fbc"}}
[2m2025-12-10T10:09:06.376143Z[0m [34mDEBUG[0m [2methereum_transaction_pool_monitor::eth_client[0m[2m:[0m 📨 Received pending transaction: 0xef79ea9db37e1c9205bf141311b3f10f7518a9b6aa0933adc3007071f4683fbc
[2m2025-12-10T10:09:06.376150Z[0m [34mDEBUG[0m [2methereum_transaction_pool_monitor::eth_client[0m[2m:[0m 📨 Received WebSocket message: {"jsonrpc":"2.0","method":"eth_subscription","params":{"subscription":"0xbed0a0851463e895960a451075a301a9","result":"0x32adf49341d4d49d6c68a87d6cb7ba156e2e53e7bebbd04a02594033b4f51522"}}
[2m2025-12-10T10:09:06.376157Z[0m [34mDEBUG[0m [2methereum_transaction_pool_monitor::eth_client[0m[2m:[0m 📨 Received pending transaction: 0x32adf49341d4d49d6c68a87d6cb7ba156e2e53e7bebbd04a02594033b4f51522
[2m2025-12-10T10:09:06.376163Z[0m [34mDEBUG[0m [2methereum_transaction_pool_monitor::eth_client[0m[2m:[0m 📨 Received WebSocket message: {"jsonrpc":"2.0","method":"eth_subscription","params":{"subscription":"0xbed0a0851463e895960a451075a301a9","result":"0x3ce9fced0fcbe06e053dccd54c2c4037d28e7b104991a7b93ed723b1b2d3b357"}}
[2m2025-12-10T10:09:06.376168Z[0m [34mDEBUG[0m [2methereum_transaction_pool_monitor::eth_client[0m[2m:[0m 📨 Received pending transaction: 0x3ce9fced0fcbe06e053dccd54c2c4037d28e7b104991a7b93ed723b1b2d3b357
[2m2025-12-10T10:09:06.376174Z[0m [34mDEBUG[0m [2methereum_transaction_pool_monitor::eth_client[0m[2m:[0m 📨 Received WebSocket message: {"jsonrpc":"2.0","method":"eth_subscription","params":{"subscription":"0xbed0a0851463e895960a451075a301a9","result":"0xe69d5f9c3bfa4e9ab38c4d6ddcf3c6c4418f4449a1d551cf4e72ddf6b498e35f"}}
[2m2025-12-10T10:09:06.376178Z[0m [34mDEBUG[0m [2methereum_transaction_pool_monitor::eth_client[0m[2m:[0m 📨 Received pending transaction: 0xe69d5f9c3bfa4e9ab38c4d6ddcf3c6c4418f4449a1d551cf4e72ddf6b498e35f
[2m2025-12-10T10:09:06.376182Z[0m [34mDEBUG[0m [2methereum_transaction_pool_monitor::eth_client[0m[2m:[0m 📨 Received WebSocket message: {"jsonrpc":"2.0","method":"eth_subscription","params":{"subscription":"0xbed0a0851463e895960a451075a301a9","result":"0x4ee3c5978406deea8f33bade56423a304cc8160b26c18c69725c953baefcd57a"}}
[2m2025-12-10T10:09:06.376187Z[0m [34mDEBUG[0m [2methereum_transaction_pool_monitor::eth_client[0m[2m:[0m 📨 Received pending transaction: 0x4ee3c5978406deea8f33bade56423a304cc8160b26c18c69725c953baefcd57a
[2m2025-12-10T10:09:06.376191Z[0m [34mDEBUG[0m [2methereum_transaction_pool_monitor::eth_client[0m[2m:[0m 📨 Received WebSocket message: {"jsonrpc":"2.0","method":"eth_subscription","params":{"subscription":"0xbed0a0851463e895960a451075a301a9","result":"0x26892c12eec58cf6333ff8cdc0f5befd4cbc8ba1197128e12fec64f5aa64e68a"}}
[2m2025-12-10T10:09:06.376195Z[0m [34mDEBUG[0m [2methereum_transaction_pool_monitor::eth_client[0m[2m:[0m 📨 Received pending transaction: 0x26892c12eec58cf6333ff8cdc0f5befd4cbc8ba1197128e12fec64f5aa64e68a
[2m2025-12-10T10:09:06.376199Z[0m [34mDEBUG[0m [2methereum_transaction_pool_monitor::eth_client[0m[2m:[0m 📨 Received WebSocket message: {"jsonrpc":"2.0","method":"eth_subscription","params":{"subscription":"0xbed0a0851463e895960a451075a301a9","result":"0xe278fd1fb3b9c3b54d15140bbbdd58c1a0a1d599064515a89121b1a05277e1dd"}}
[2m2025-12-10T10:09:06.376203Z[0m [34mDEBUG[0m [2methereum_transaction_pool_monitor::eth_client[0m[2m:[0m 📨 Received pending transaction: 0xe278fd1fb3b9c3b54d15140bbbdd58c1a0a1d599064515a89121b1a05277e1dd
[2m2025-12-10T10:09:06.376207Z[0m [34mDEBUG[0m [2methereum_transaction_pool_monitor::eth_client[0m[2m:[0m 📨 Received WebSocket message: {"jsonrpc":"2.0","method":"eth_subscription","params":{"subscription":"0xbed0a0851463e895960a451075a301a9","result":"0xb1ea1967e8048f647593ca649794549b539dcd35a638169bf742a259726310e2"}}
[2m2025-12-10T10:09:06.376212Z[0m [34mDEBUG[0m [2methereum_transaction_pool_monitor::eth_client[0m[2m:[0m 📨 Received pending transaction: 0xb1ea1967e8048f647593ca649794549b539dcd35a638169bf742a259726310e2
[2m2025-12-10T10:09:06.379671Z[0m [34mDEBUG[0m [2mhyper::proto::h1::io[0m[2m:[0m parsed 4 headers
[2m2025-12-10T10:09:06.379706Z[0m [34mDEBUG[0m [2mhyper::proto::h1::conn[0m[2m:[0m incoming body is content-length (45 bytes)
[2m2025-12-10T10:09:06.379732Z[0m [34mDEBUG[0m [2mhyper::proto::h1::conn[0m[2m:[0m incoming body completed
[2m2025-12-10T10:09:06.379745Z[0m [34mDEBUG[0m [2mhyper::client::pool[0m[2m:[0m pooling idle connection for ("http", 192.168.0.14:8545)
[2m2025-12-10T10:09:06.385509Z[0m [34mDEBUG[0m [2mhyper::proto::h1::io[0m[2m:[0m parsed 4 headers
[2m2025-12-10T10:09:06.385512Z[0m [34mDEBUG[0m [2methereum_transaction_pool_monitor::eth_client[0m[2m:[0m 📨 Received WebSocket message: {"jsonrpc":"2.0","method":"eth_subscription","params":{"subscription":"0xbed0a0851463e895960a451075a301a9","result":"0x6b508b27976596af216a2d5310b52e678707552a2254f18200e0b046100dfb33"}}
[2m2025-12-10T10:09:06.385519Z[0m [34mDEBUG[0m [2mhyper::proto::h1::conn[0m[2m:[0m incoming body is content-length (679 bytes)
[2m2025-12-10T10:09:06.385526Z[0m [34mDEBUG[0m [2methereum_transaction_pool_monitor::eth_client[0m[2m:[0m 📨 Received pending transaction: 0x6b508b27976596af216a2d5310b52e678707552a2254f18200e0b046100dfb33
[2m2025-12-10T10:09:06.385530Z[0m [34mDEBUG[0m [2mhyper::proto::h1::conn[0m[2m:[0m incoming body completed
[2m2025-12-10T10:09:06.385541Z[0m [34mDEBUG[0m [2mhyper::client::pool[0m[2m:[0m pooling idle connection for ("http", 192.168.0.14:8545)
[2m2025-12-10T10:09:06.385548Z[0m [34mDEBUG[0m [2methereum_transaction_pool_monitor::eth_client[0m[2m:[0m 📡 Transaction fetch RPC completed in 9.56525ms
[2m2025-12-10T10:09:06.397559Z[0m [34mDEBUG[0m [2mhyper::client::pool[0m[2m:[0m reuse idle connection for ("http", 192.168.0.14:8545)
[2m2025-12-10T10:09:06.397625Z[0m [34mDEBUG[0m [2mhyper::proto::h1::io[0m[2m:[0m flushed 172 bytes
[2m2025-12-10T10:09:06.400853Z[0m [34mDEBUG[0m [2mhyper::proto::h1::io[0m[2m:[0m parsed 4 headers
[2m2025-12-10T10:09:06.400862Z[0m [34mDEBUG[0m [2mhyper::proto::h1::conn[0m[2m:[0m incoming body is content-length (45 bytes)
[2m2025-12-10T10:09:06.400869Z[0m [34mDEBUG[0m [2mhyper::proto::h1::conn[0m[2m:[0m incoming body completed
[2m2025-12-10T10:09:06.400878Z[0m [34mDEBUG[0m [2mhyper::client::pool[0m[2m:[0m pooling idle connection for ("http", 192.168.0.14:8545)
[2m2025-12-10T10:09:06.406993Z[0m [34mDEBUG[0m [2methereum_transaction_pool_monitor::eth_client[0m[2m:[0m 📨 Received WebSocket message: {"jsonrpc":"2.0","method":"eth_subscription","params":{"subscription":"0xbed0a0851463e895960a451075a301a9","result":"0x7f6b6c5001e1aff75a918c2740871826a997e9fdd9a04f0c47f0613d25ec3512"}}
[2m2025-12-10T10:09:06.407015Z[0m [34mDEBUG[0m [2methereum_transaction_pool_monitor::eth_client[0m[2m:[0m 📨 Received pending transaction: 0x7f6b6c5001e1aff75a918c2740871826a997e9fdd9a04f0c47f0613d25ec3512
[2m2025-12-10T10:09:06.453673Z[0m [34mDEBUG[0m [2methereum_transaction_pool_monitor::eth_client[0m[2m:[0m 📨 Received WebSocket message: {"jsonrpc":"2.0","method":"eth_subscription","params":{"subscription":"0xbed0a0851463e895960a451075a301a9","result":"0x155e2309dfd89bdbfde756c632c05d6505a45ae92a2a3ca320716f456241c9c6"}}
[2m2025-12-10T10:09:06.453734Z[0m [34mDEBUG[0m [2methereum_transaction_pool_monitor::eth_client[0m[2m:[0m 📨 Received pending transaction: 0x155e2309dfd89bdbfde756c632c05d6505a45ae92a2a3ca320716f456241c9c6
[2m2025-12-10T10:09:06.456119Z[0m [34mDEBUG[0m [2methereum_transaction_pool_monitor::eth_client[0m[2m:[0m ✅ Transaction 0x9df0b9746d4c9ab56a31c9f8cd1694eb62e57659a2fc9125966a1a7ae1714c04 fetched and parsed in 80.133792ms
[2m2025-12-10T10:09:06.456140Z[0m [34mDEBUG[0m [2methereum_transaction_pool_monitor::mempool_monitor[0m[2m:[0m 🔍 Skipping tx 0x9df0b9746d4c9ab56a31c9f8cd1694eb62e57659a2fc9125966a1a7ae1714c04 - not a DEX interaction (target: 0xA0b86991c6218b36c1d19D4a2e9Eb0cE3606eB48)
[2m2025-12-10T10:09:06.456150Z[0m [34mDEBUG[0m [2methereum_transaction_pool_monitor::mempool_monitor[0m[2m:[0m 📨 Processing new pending transaction: 0x1c78d00d20e22690890298405bebf921432e83f7960a8f11ed6125dfd02b514e
[2m2025-12-10T10:09:06.456157Z[0m [34mDEBUG[0m [2methereum_transaction_pool_monitor::mempool_monitor[0m[2m:[0m 🔍 Fetching transaction details for: 0x1c78d00d20e22690890298405bebf921432e83f7960a8f11ed6125dfd02b514e
[2m2025-12-10T10:09:06.456164Z[0m [34mDEBUG[0m [2methereum_transaction_pool_monitor::eth_client[0m[2m:[0m 🔍 Fetching transaction details for hash: 0x1c78d00d20e22690890298405bebf921432e83f7960a8f11ed6125dfd02b514e
[2m2025-12-10T10:09:06.456185Z[0m [34mDEBUG[0m [2mhyper::client::pool[0m[2m:[0m reuse idle connection for ("http", 192.168.0.14:8545)
[2m2025-12-10T10:09:06.456220Z[0m [34mDEBUG[0m [2mhyper::proto::h1::io[0m[2m:[0m flushed 250 bytes
[2m2025-12-10T10:09:06.460199Z[0m [34mDEBUG[0m [2mhyper::proto::h1::io[0m[2m:[0m parsed 4 headers
[2m2025-12-10T10:09:06.460215Z[0m [34mDEBUG[0m [2mhyper::proto::h1::conn[0m[2m:[0m incoming body is content-length (679 bytes)
[2m2025-12-10T10:09:06.460223Z[0m [34mDEBUG[0m [2mhyper::proto::h1::conn[0m[2m:[0m incoming body completed
[2m2025-12-10T10:09:06.460232Z[0m [34mDEBUG[0m [2mhyper::client::pool[0m[2m:[0m pooling idle connection for ("http", 192.168.0.14:8545)
[2m2025-12-10T10:09:06.460239Z[0m [34mDEBUG[0m [2methereum_transaction_pool_monitor::eth_client[0m[2m:[0m 📡 Transaction fetch RPC completed in 4.070166ms
[2m2025-12-10T10:09:06.460252Z[0m [34mDEBUG[0m [2methereum_transaction_pool_monitor::eth_client[0m[2m:[0m DeFi transaction detected - Address: 0x6b175474e89094c44da98b954eedeac495271d0f, Type: Stablecoin, Value: 0 ETH, Gas: 0.22 Gwei
[2m2025-12-10T10:09:06.460266Z[0m [34mDEBUG[0m [2methereum_transaction_pool_monitor::eth_client[0m[2m:[0m ✅ Transaction 0x1c78d00d20e22690890298405bebf921432e83f7960a8f11ed6125dfd02b514e fetched and parsed in 4.09775ms
[2m2025-12-10T10:09:06.460273Z[0m [34mDEBUG[0m [2methereum_transaction_pool_monitor::mempool_monitor[0m[2m:[0m 🔍 Skipping tx 0x1c78d00d20e22690890298405bebf921432e83f7960a8f11ed6125dfd02b514e - not a DEX interaction (target: 0x6B175474E89094C44Da98b954EedeAC495271d0F)
[2m2025-12-10T10:09:06.460281Z[0m [34mDEBUG[0m [2methereum_transaction_pool_monitor::mempool_monitor[0m[2m:[0m 📨 Processing new pending transaction: 0xf7a884fcee1480327dddfa21f4a8d8de176f1d5c968bc9c93a7bf2c3b8f95e1b
[2m2025-12-10T10:09:06.460285Z[0m [34mDEBUG[0m [2methereum_transaction_pool_monitor::mempool_monitor[0m[2m:[0m 🔍 Fetching transaction details for: 0xf7a884fcee1480327dddfa21f4a8d8de176f1d5c968bc9c93a7bf2c3b8f95e1b
[2m2025-12-10T10:09:06.460289Z[0m [34mDEBUG[0m [2methereum_transaction_pool_monitor::eth_client[0m[2m:[0m 🔍 Fetching transaction details for hash: 0xf7a884fcee1480327dddfa21f4a8d8de176f1d5c968bc9c93a7bf2c3b8f95e1b
[2m2025-12-10T10:09:06.460302Z[0m [34mDEBUG[0m [2mhyper::client::pool[0m[2m:[0m reuse idle connection for ("http", 192.168.0.14:8545)
[2m2025-12-10T10:09:06.460330Z[0m [34mDEBUG[0m [2mhyper::proto::h1::io[0m[2m:[0m flushed 250 bytes
[2m2025-12-10T10:09:06.466395Z[0m [34mDEBUG[0m [2mhyper::proto::h1::io[0m[2m:[0m parsed 4 headers
[2m2025-12-10T10:09:06.466413Z[0m [34mDEBUG[0m [2mhyper::proto::h1::conn[0m[2m:[0m incoming body is content-length (774 bytes)
[2m2025-12-10T10:09:06.466420Z[0m [34mDEBUG[0m [2mhyper::proto::h1::conn[0m[2m:[0m incoming body completed
[2m2025-12-10T10:09:06.466429Z[0m [34mDEBUG[0m [2mhyper::client::pool[0m[2m:[0m pooling idle connection for ("http", 192.168.0.14:8545)
[2m2025-12-10T10:09:06.466437Z[0m [34mDEBUG[0m [2methereum_transaction_pool_monitor::eth_client[0m[2m:[0m 📡 Transaction fetch RPC completed in 6.144209ms
[2m2025-12-10T10:09:06.538099Z[0m [34mDEBUG[0m [2methereum_transaction_pool_monitor::eth_client[0m[2m:[0m ✅ Transaction 0xf7a884fcee1480327dddfa21f4a8d8de176f1d5c968bc9c93a7bf2c3b8f95e1b fetched and parsed in 77.802584ms
[2m2025-12-10T10:09:06.538131Z[0m [34mDEBUG[0m [2methereum_transaction_pool_monitor::mempool_monitor[0m[2m:[0m 🔍 Skipping tx 0xf7a884fcee1480327dddfa21f4a8d8de176f1d5c968bc9c93a7bf2c3b8f95e1b - not a DEX interaction (target: 0xf0DB65D17e30a966C2ae6A21f6BBA71cea6e9754)
[2m2025-12-10T10:09:06.538144Z[0m [34mDEBUG[0m [2methereum_transaction_pool_monitor::mempool_monitor[0m[2m:[0m 📨 Processing new pending transaction: 0x94b2cb29124c0125e35d57c9048949853cc034af28136651e8a166957f4104de
[2m2025-12-10T10:09:06.538152Z[0m [34mDEBUG[0m [2methereum_transaction_pool_monitor::mempool_monitor[0m[2m:[0m 🔍 Fetching transaction details for: 0x94b2cb29124c0125e35d57c9048949853cc034af28136651e8a166957f4104de
[2m2025-12-10T10:09:06.538158Z[0m [34mDEBUG[0m [2methereum_transaction_pool_monitor::eth_client[0m[2m:[0m 🔍 Fetching transaction details for hash: 0x94b2cb29124c0125e35d57c9048949853cc034af28136651e8a166957f4104de
[2m2025-12-10T10:09:06.538180Z[0m [34mDEBUG[0m [2mhyper::client::pool[0m[2m:[0m reuse idle connection for ("http", 192.168.0.14:8545)
[2m2025-12-10T10:09:06.538229Z[0m [34mDEBUG[0m [2mhyper::proto::h1::io[0m[2m:[0m flushed 250 bytes
[2m2025-12-10T10:09:06.538291Z[0m [34mDEBUG[0m [2mhyper::client::pool[0m[2m:[0m reuse idle connection for ("http", 192.168.0.14:8545)
[2m2025-12-10T10:09:06.538305Z[0m [34mDEBUG[0m [2mhyper::proto::h1::io[0m[2m:[0m flushed 172 bytes
[2m2025-12-10T10:09:06.542072Z[0m [34mDEBUG[0m [2mhyper::proto::h1::io[0m[2m:[0m parsed 4 headers
[2m2025-12-10T10:09:06.542080Z[0m [34mDEBUG[0m [2mhyper::proto::h1::conn[0m[2m:[0m incoming body is content-length (45 bytes)
[2m2025-12-10T10:09:06.542087Z[0m [34mDEBUG[0m [2mhyper::proto::h1::conn[0m[2m:[0m incoming body completed
[2m2025-12-10T10:09:06.542096Z[0m [34mDEBUG[0m [2mhyper::client::pool[0m[2m:[0m pooling idle connection for ("http", 192.168.0.14:8545)
[2m2025-12-10T10:09:06.543942Z[0m [34mDEBUG[0m [2mhyper::proto::h1::io[0m[2m:[0m parsed 4 headers
[2m2025-12-10T10:09:06.543952Z[0m [34mDEBUG[0m [2mhyper::proto::h1::conn[0m[2m:[0m incoming body is content-length (773 bytes)
[2m2025-12-10T10:09:06.543962Z[0m [34mDEBUG[0m [2mhyper::proto::h1::conn[0m[2m:[0m incoming body completed
[2m2025-12-10T10:09:06.543971Z[0m [34mDEBUG[0m [2mhyper::client::pool[0m[2m:[0m pooling idle connection for ("http", 192.168.0.14:8545)
[2m2025-12-10T10:09:06.543978Z[0m [34mDEBUG[0m [2methereum_transaction_pool_monitor::eth_client[0m[2m:[0m 📡 Transaction fetch RPC completed in 5.815208ms
[2m2025-12-10T10:09:06.543992Z[0m [34mDEBUG[0m [2methereum_transaction_pool_monitor::eth_client[0m[2m:[0m DeFi transaction detected - Address: 0xdac17f958d2ee523a2206206994597c13d831ec7, Type: Stablecoin, Value: 0 ETH, Gas: 1.21 Gwei
[2m2025-12-10T10:09:06.544007Z[0m [34mDEBUG[0m [2methereum_transaction_pool_monitor::eth_client[0m[2m:[0m ✅ Transaction 0x94b2cb29124c0125e35d57c9048949853cc034af28136651e8a166957f4104de fetched and parsed in 5.844833ms
[2m2025-12-10T10:09:06.544016Z[0m [34mDEBUG[0m [2methereum_transaction_pool_monitor::mempool_monitor[0m[2m:[0m 🔍 Skipping tx 0x94b2cb29124c0125e35d57c9048949853cc034af28136651e8a166957f4104de - not a DEX interaction (target: 0xdAC17F958D2ee523a2206206994597C13D831ec7)
[2m2025-12-10T10:09:06.544026Z[0m [34mDEBUG[0m [2methereum_transaction_pool_monitor::mempool_monitor[0m[2m:[0m 📨 Processing new pending transaction: 0x2c5103af9eaf01e75dcc6286b050691edca01f7445ff5d1d805c1f08b9da03f6
[2m2025-12-10T10:09:06.544030Z[0m [34mDEBUG[0m [2methereum_transaction_pool_monitor::mempool_monitor[0m[2m:[0m 🔍 Fetching transaction details for: 0x2c5103af9eaf01e75dcc6286b050691edca01f7445ff5d1d805c1f08b9da03f6
[2m2025-12-10T10:09:06.544034Z[0m [34mDEBUG[0m [2methereum_transaction_pool_monitor::eth_client[0m[2m:[0m 🔍 Fetching transaction details for hash: 0x2c5103af9eaf01e75dcc6286b050691edca01f7445ff5d1d805c1f08b9da03f6
[2m2025-12-10T10:09:06.544050Z[0m [34mDEBUG[0m [2mhyper::client::pool[0m[2m:[0m reuse idle connection for ("http", 192.168.0.14:8545)
[2m2025-12-10T10:09:06.544067Z[0m [34mDEBUG[0m [2mhyper::proto::h1::io[0m[2m:[0m flushed 250 bytes
[2m2025-12-10T10:09:06.548264Z[0m [34mDEBUG[0m [2mhyper::proto::h1::io[0m[2m:[0m parsed 4 headers
[2m2025-12-10T10:09:06.548270Z[0m [34mDEBUG[0m [2mhyper::proto::h1::conn[0m[2m:[0m incoming body is content-length (679 bytes)
[2m2025-12-10T10:09:06.548276Z[0m [34mDEBUG[0m [2mhyper::proto::h1::conn[0m[2m:[0m incoming body completed
[2m2025-12-10T10:09:06.548283Z[0m [34mDEBUG[0m [2mhyper::client::pool[0m[2m:[0m pooling idle connection for ("http", 192.168.0.14:8545)
[2m2025-12-10T10:09:06.548289Z[0m [34mDEBUG[0m [2methereum_transaction_pool_monitor::eth_client[0m[2m:[0m 📡 Transaction fetch RPC completed in 4.249333ms
[2m2025-12-10T10:09:06.548300Z[0m [34mDEBUG[0m [2methereum_transaction_pool_monitor::eth_client[0m[2m:[0m DeFi transaction detected - Address: 0xdac17f958d2ee523a2206206994597c13d831ec7, Type: Stablecoin, Value: 0 ETH, Gas: 0.21 Gwei
[2m2025-12-10T10:09:06.548312Z[0m [34mDEBUG[0m [2methereum_transaction_pool_monitor::eth_client[0m[2m:[0m ✅ Transaction 0x2c5103af9eaf01e75dcc6286b050691edca01f7445ff5d1d805c1f08b9da03f6 fetched and parsed in 4.272583ms
[2m2025-12-10T10:09:06.548320Z[0m [34mDEBUG[0m [2methereum_transaction_pool_monitor::mempool_monitor[0m[2m:[0m 🔍 Skipping tx 0x2c5103af9eaf01e75dcc6286b050691edca01f7445ff5d1d805c1f08b9da03f6 - not a DEX interaction (target: 0xdAC17F958D2ee523a2206206994597C13D831ec7)
[2m2025-12-10T10:09:06.548327Z[0m [34mDEBUG[0m [2methereum_transaction_pool_monitor::mempool_monitor[0m[2m:[0m 📨 Processing new pending transaction: 0x9c62c21776db9a9c2b4419350ff30a01a615e0292575ad768938328f983390ff
[2m2025-12-10T10:09:06.548334Z[0m [34mDEBUG[0m [2methereum_transaction_pool_monitor::mempool_monitor[0m[2m:[0m 🔍 Fetching transaction details for: 0x9c62c21776db9a9c2b4419350ff30a01a615e0292575ad768938328f983390ff
[2m2025-12-10T10:09:06.548338Z[0m [34mDEBUG[0m [2methereum_transaction_pool_monitor::eth_client[0m[2m:[0m 🔍 Fetching transaction details for hash: 0x9c62c21776db9a9c2b4419350ff30a01a615e0292575ad768938328f983390ff
[2m2025-12-10T10:09:06.548353Z[0m [34mDEBUG[0m [2mhyper::client::pool[0m[2m:[0m reuse idle connection for ("http", 192.168.0.14:8545)
[2m2025-12-10T10:09:06.548372Z[0m [34mDEBUG[0m [2mhyper::proto::h1::io[0m[2m:[0m flushed 250 bytes
[2m2025-12-10T10:09:06.553818Z[0m [34mDEBUG[0m [2mhyper::proto::h1::io[0m[2m:[0m parsed 4 headers
[2m2025-12-10T10:09:06.553828Z[0m [34mDEBUG[0m [2mhyper::proto::h1::conn[0m[2m:[0m incoming body is content-length (679 bytes)
[2m2025-12-10T10:09:06.553833Z[0m [34mDEBUG[0m [2mhyper::proto::h1::conn[0m[2m:[0m incoming body completed
[2m2025-12-10T10:09:06.553839Z[0m [34mDEBUG[0m [2mhyper::client::pool[0m[2m:[0m pooling idle connection for ("http", 192.168.0.14:8545)
[2m2025-12-10T10:09:06.553844Z[0m [34mDEBUG[0m [2methereum_transaction_pool_monitor::eth_client[0m[2m:[0m 📡 Transaction fetch RPC completed in 5.499ms
[2m2025-12-10T10:09:06.625505Z[0m [34mDEBUG[0m [2methereum_transaction_pool_monitor::eth_client[0m[2m:[0m ✅ Transaction 0x9c62c21776db9a9c2b4419350ff30a01a615e0292575ad768938328f983390ff fetched and parsed in 77.157583ms
[2m2025-12-10T10:09:06.625532Z[0m [34mDEBUG[0m [2methereum_transaction_pool_monitor::mempool_monitor[0m[2m:[0m 🔍 Skipping tx 0x9c62c21776db9a9c2b4419350ff30a01a615e0292575ad768938328f983390ff - not a DEX interaction (target: 0xe53EC727dbDEB9E2d5456c3be40cFF031AB40A55)
[2m2025-12-10T10:09:06.625542Z[0m [34mDEBUG[0m [2methereum_transaction_pool_monitor::mempool_monitor[0m[2m:[0m 📨 Processing new pending transaction: 0x29aa507e2439a12f9c2cfe3171d7e766a11944df5d7eb8008c8a4709a219e8cb
[2m2025-12-10T10:09:06.625550Z[0m [34mDEBUG[0m [2methereum_transaction_pool_monitor::mempool_monitor[0m[2m:[0m 🔍 Fetching transaction details for: 0x29aa507e2439a12f9c2cfe3171d7e766a11944df5d7eb8008c8a4709a219e8cb
[2m2025-12-10T10:09:06.625556Z[0m [34mDEBUG[0m [2methereum_transaction_pool_monitor::eth_client[0m[2m:[0m 🔍 Fetching transaction details for hash: 0x29aa507e2439a12f9c2cfe3171d7e766a11944df5d7eb8008c8a4709a219e8cb
[2m2025-12-10T10:09:06.625575Z[0m [34mDEBUG[0m [2mhyper::client::pool[0m[2m:[0m reuse idle connection for ("http", 192.168.0.14:8545)
[2m2025-12-10T10:09:06.625617Z[0m [34mDEBUG[0m [2mhyper::proto::h1::io[0m[2m:[0m flushed 250 bytes
[2m2025-12-10T10:09:06.625637Z[0m [34mDEBUG[0m [2mhyper::client::pool[0m[2m:[0m reuse idle connection for ("http", 192.168.0.14:8545)
[2m2025-12-10T10:09:06.625651Z[0m [34mDEBUG[0m [2methereum_transaction_pool_monitor::eth_client[0m[2m:[0m 📨 Received WebSocket message: {"jsonrpc":"2.0","method":"eth_subscription","params":{"subscription":"0xbed0a0851463e895960a451075a301a9","result":"0x831ad794cf9d0bc51d7743a66f69e989c60bfecc5c64bf11fe00854d1ab09328"}}
[2m2025-12-10T10:09:06.625653Z[0m [34mDEBUG[0m [2mhyper::proto::h1::io[0m[2m:[0m flushed 172 bytes
[2m2025-12-10T10:09:06.625663Z[0m [34mDEBUG[0m [2methereum_transaction_pool_monitor::eth_client[0m[2m:[0m 📨 Received pending transaction: 0x831ad794cf9d0bc51d7743a66f69e989c60bfecc5c64bf11fe00854d1ab09328
[2m2025-12-10T10:09:06.629654Z[0m [34mDEBUG[0m [2mhyper::proto::h1::io[0m[2m:[0m parsed 4 headers
[2m2025-12-10T10:09:06.629668Z[0m [34mDEBUG[0m [2mhyper::proto::h1::conn[0m[2m:[0m incoming body is content-length (45 bytes)
[2m2025-12-10T10:09:06.629675Z[0m [34mDEBUG[0m [2mhyper::proto::h1::conn[0m[2m:[0m incoming body completed
[2m2025-12-10T10:09:06.629684Z[0m [34mDEBUG[0m [2mhyper::client::pool[0m[2m:[0m pooling idle connection for ("http", 192.168.0.14:8545)
[2m2025-12-10T10:09:06.630502Z[0m [34mDEBUG[0m [2mhyper::proto::h1::io[0m[2m:[0m parsed 4 headers
[2m2025-12-10T10:09:06.630515Z[0m [34mDEBUG[0m [2mhyper::proto::h1::conn[0m[2m:[0m incoming body is content-length (647 bytes)
[2m2025-12-10T10:09:06.630526Z[0m [34mDEBUG[0m [2mhyper::proto::h1::conn[0m[2m:[0m incoming body completed
[2m2025-12-10T10:09:06.630536Z[0m [34mDEBUG[0m [2mhyper::client::pool[0m[2m:[0m pooling idle connection for ("http", 192.168.0.14:8545)
[2m2025-12-10T10:09:06.630545Z[0m [34mDEBUG[0m [2methereum_transaction_pool_monitor::eth_client[0m[2m:[0m 📡 Transaction fetch RPC completed in 4.984709ms
[2m2025-12-10T10:09:06.703041Z[0m [34mDEBUG[0m [2methereum_transaction_pool_monitor::eth_client[0m[2m:[0m ✅ Transaction 0x29aa507e2439a12f9c2cfe3171d7e766a11944df5d7eb8008c8a4709a219e8cb fetched and parsed in 77.478292ms
[2m2025-12-10T10:09:06.703067Z[0m [34mDEBUG[0m [2methereum_transaction_pool_monitor::mempool_monitor[0m[2m:[0m 🔍 Skipping tx 0x29aa507e2439a12f9c2cfe3171d7e766a11944df5d7eb8008c8a4709a219e8cb - not a DEX interaction (target: 0x5313C1A9913397c42cB0badaafcef46cfE6913a9)
[2m2025-12-10T10:09:06.703078Z[0m [34mDEBUG[0m [2methereum_transaction_pool_monitor::mempool_monitor[0m[2m:[0m 📨 Processing new pending transaction: 0x28e212a4bd34de9298c416c6a18d469c21c7ae888f276039716e459c4ed001dc
[2m2025-12-10T10:09:06.703084Z[0m [34mDEBUG[0m [2methereum_transaction_pool_monitor::mempool_monitor[0m[2m:[0m 🔍 Fetching transaction details for: 0x28e212a4bd34de9298c416c6a18d469c21c7ae888f276039716e459c4ed001dc
[2m2025-12-10T10:09:06.703091Z[0m [34mDEBUG[0m [2methereum_transaction_pool_monitor::eth_client[0m[2m:[0m 🔍 Fetching transaction details for hash: 0x28e212a4bd34de9298c416c6a18d469c21c7ae888f276039716e459c4ed001dc
[2m2025-12-10T10:09:06.703111Z[0m [34mDEBUG[0m [2mhyper::client::pool[0m[2m:[0m reuse idle connection for ("http", 192.168.0.14:8545)
[2m2025-12-10T10:09:06.703157Z[0m [34mDEBUG[0m [2mhyper::proto::h1::io[0m[2m:[0m flushed 250 bytes
[2m2025-12-10T10:09:06.703189Z[0m [34mDEBUG[0m [2mhyper::client::pool[0m[2m:[0m reuse idle connection for ("http", 192.168.0.14:8545)
[2m2025-12-10T10:09:06.703215Z[0m [34mDEBUG[0m [2mhyper::proto::h1::io[0m[2m:[0m flushed 172 bytes
[2m2025-12-10T10:09:06.706505Z[0m [34mDEBUG[0m [2mhyper::proto::h1::io[0m[2m:[0m parsed 4 headers
[2m2025-12-10T10:09:06.706519Z[0m [34mDEBUG[0m [2mhyper::proto::h1::conn[0m[2m:[0m incoming body is content-length (45 bytes)
[2m2025-12-10T10:09:06.706528Z[0m [34mDEBUG[0m [2mhyper::proto::h1::conn[0m[2m:[0m incoming body completed
[2m2025-12-10T10:09:06.706538Z[0m [34mDEBUG[0m [2mhyper::client::pool[0m[2m:[0m pooling idle connection for ("http", 192.168.0.14:8545)
[2m2025-12-10T10:09:06.707093Z[0m [34mDEBUG[0m [2mhyper::proto::h1::io[0m[2m:[0m parsed 4 headers
[2m2025-12-10T10:09:06.707101Z[0m [34mDEBUG[0m [2mhyper::proto::h1::conn[0m[2m:[0m incoming body is content-length (556 bytes)
[2m2025-12-10T10:09:06.707109Z[0m [34mDEBUG[0m [2mhyper::proto::h1::conn[0m[2m:[0m incoming body completed
[2m2025-12-10T10:09:06.707119Z[0m [34mDEBUG[0m [2mhyper::client::pool[0m[2m:[0m pooling idle connection for ("http", 192.168.0.14:8545)
[2m2025-12-10T10:09:06.707125Z[0m [34mDEBUG[0m [2methereum_transaction_pool_monitor::eth_client[0m[2m:[0m 📡 Transaction fetch RPC completed in 4.030167ms
[2m2025-12-10T10:09:06.779741Z[0m [34mDEBUG[0m [2methereum_transaction_pool_monitor::eth_client[0m[2m:[0m ✅ Transaction 0x28e212a4bd34de9298c416c6a18d469c21c7ae888f276039716e459c4ed001dc fetched and parsed in 76.642667ms
[2m2025-12-10T10:09:06.779767Z[0m [34mDEBUG[0m [2methereum_transaction_pool_monitor::mempool_monitor[0m[2m:[0m 🔍 Skipping tx 0x28e212a4bd34de9298c416c6a18d469c21c7ae888f276039716e459c4ed001dc - not a DEX interaction (target: 0x2Ea4a2BF6e978D050Bd24B275248fDF5C17D3155)
[2m2025-12-10T10:09:06.779781Z[0m [34mDEBUG[0m [2methereum_transaction_pool_monitor::mempool_monitor[0m[2m:[0m 📨 Processing new pending transaction: 0x5399211562a14ad57549824325a197266fae7d79d753abbf157ff6fa82eeae81
[2m2025-12-10T10:09:06.779788Z[0m [34mDEBUG[0m [2methereum_transaction_pool_monitor::mempool_monitor[0m[2m:[0m 🔍 Fetching transaction details for: 0x5399211562a14ad57549824325a197266fae7d79d753abbf157ff6fa82eeae81
[2m2025-12-10T10:09:06.779795Z[0m [34mDEBUG[0m [2methereum_transaction_pool_monitor::eth_client[0m[2m:[0m 🔍 Fetching transaction details for hash: 0x5399211562a14ad57549824325a197266fae7d79d753abbf157ff6fa82eeae81
[2m2025-12-10T10:09:06.779817Z[0m [34mDEBUG[0m [2mhyper::client::pool[0m[2m:[0m reuse idle connection for ("http", 192.168.0.14:8545)
[2m2025-12-10T10:09:06.779862Z[0m [34mDEBUG[0m [2mhyper::proto::h1::io[0m[2m:[0m flushed 250 bytes
[2m2025-12-10T10:09:06.779882Z[0m [34mDEBUG[0m [2methereum_transaction_pool_monitor::eth_client[0m[2m:[0m 📨 Received WebSocket message: {"jsonrpc":"2.0","method":"eth_subscription","params":{"subscription":"0xbed0a0851463e895960a451075a301a9","result":"0xbbf02127ecf2c9f7efd92198a0fb1591de5dbc97161018c2b51c185ebb32d8cf"}}
[2m2025-12-10T10:09:06.779891Z[0m [34mDEBUG[0m [2methereum_transaction_pool_monitor::eth_client[0m[2m:[0m 📨 Received pending transaction: 0xbbf02127ecf2c9f7efd92198a0fb1591de5dbc97161018c2b51c185ebb32d8cf
[2m2025-12-10T10:09:06.785503Z[0m [34mDEBUG[0m [2mhyper::proto::h1::io[0m[2m:[0m parsed 4 headers
[2m2025-12-10T10:09:06.785511Z[0m [34mDEBUG[0m [2mhyper::proto::h1::conn[0m[2m:[0m incoming body is content-length (768 bytes)
[2m2025-12-10T10:09:06.785519Z[0m [34mDEBUG[0m [2mhyper::proto::h1::conn[0m[2m:[0m incoming body completed
[2m2025-12-10T10:09:06.785528Z[0m [34mDEBUG[0m [2mhyper::client::pool[0m[2m:[0m pooling idle connection for ("http", 192.168.0.14:8545)
[2m2025-12-10T10:09:06.785534Z[0m [34mDEBUG[0m [2methereum_transaction_pool_monitor::eth_client[0m[2m:[0m 📡 Transaction fetch RPC completed in 5.733875ms
[2m2025-12-10T10:09:06.785549Z[0m [34mDEBUG[0m [2methereum_transaction_pool_monitor::eth_client[0m[2m:[0m DeFi transaction detected - Address: 0xdac17f958d2ee523a2206206994597c13d831ec7, Type: Stablecoin, Value: 0 ETH, Gas: 0.23 Gwei
[2m2025-12-10T10:09:06.785561Z[0m [34mDEBUG[0m [2methereum_transaction_pool_monitor::eth_client[0m[2m:[0m ✅ Transaction 0x5399211562a14ad57549824325a197266fae7d79d753abbf157ff6fa82eeae81 fetched and parsed in 5.760417ms
[2m2025-12-10T10:09:06.785566Z[0m [34mDEBUG[0m [2methereum_transaction_pool_monitor::mempool_monitor[0m[2m:[0m 🔍 Skipping tx 0x5399211562a14ad57549824325a197266fae7d79d753abbf157ff6fa82eeae81 - not a DEX interaction (target: 0xdAC17F958D2ee523a2206206994597C13D831ec7)
[2m2025-12-10T10:09:06.785572Z[0m [34mDEBUG[0m [2methereum_transaction_pool_monitor::mempool_monitor[0m[2m:[0m 📨 Processing new pending transaction: 0xa1091f054979d1c3f98016920a410e4b01ffeab12748f6ff3c8a495df122ebb0
[2m2025-12-10T10:09:06.785576Z[0m [34mDEBUG[0m [2methereum_transaction_pool_monitor::mempool_monitor[0m[2m:[0m 🔍 Fetching transaction details for: 0xa1091f054979d1c3f98016920a410e4b01ffeab12748f6ff3c8a495df122ebb0
[2m2025-12-10T10:09:06.785580Z[0m [34mDEBUG[0m [2methereum_transaction_pool_monitor::eth_client[0m[2m:[0m 🔍 Fetching transaction details for hash: 0xa1091f054979d1c3f98016920a410e4b01ffeab12748f6ff3c8a495df122ebb0
[2m2025-12-10T10:09:06.785590Z[0m [34mDEBUG[0m [2mhyper::client::pool[0m[2m:[0m reuse idle connection for ("http", 192.168.0.14:8545)
[2m2025-12-10T10:09:06.785610Z[0m [34mDEBUG[0m [2mhyper::proto::h1::io[0m[2m:[0m flushed 250 bytes
[2m2025-12-10T10:09:06.795652Z[0m [34mDEBUG[0m [2mhyper::client::pool[0m[2m:[0m reuse idle connection for ("http", 192.168.0.14:8545)
[2m2025-12-10T10:09:06.795690Z[0m [34mDEBUG[0m [2mhyper::proto::h1::io[0m[2m:[0m flushed 172 bytes
[2m2025-12-10T10:09:06.797379Z[0m [34mDEBUG[0m [2methereum_transaction_pool_monitor::eth_client[0m[2m:[0m 📨 Received WebSocket message: {"jsonrpc":"2.0","method":"eth_subscription","params":{"subscription":"0xbed0a0851463e895960a451075a301a9","result":"0x78621dec112c0f3f00294226f0d52037e81c947ab66d6b37fc84ed1ed2f4a24e"}}
[2m2025-12-10T10:09:06.797401Z[0m [34mDEBUG[0m [2methereum_transaction_pool_monitor::eth_client[0m[2m:[0m 📨 Received pending transaction: 0x78621dec112c0f3f00294226f0d52037e81c947ab66d6b37fc84ed1ed2f4a24e
[2m2025-12-10T10:09:06.797430Z[0m [34mDEBUG[0m [2mhyper::proto::h1::io[0m[2m:[0m parsed 4 headers
[2m2025-12-10T10:09:06.797437Z[0m [34mDEBUG[0m [2mhyper::proto::h1::conn[0m[2m:[0m incoming body is content-length (771 bytes)
[2m2025-12-10T10:09:06.797452Z[0m [34mDEBUG[0m [2mhyper::proto::h1::conn[0m[2m:[0m incoming body completed
[2m2025-12-10T10:09:06.797475Z[0m [34mDEBUG[0m [2mhyper::client::pool[0m[2m:[0m pooling idle connection for ("http", 192.168.0.14:8545)
[2m2025-12-10T10:09:06.797492Z[0m [34mDEBUG[0m [2methereum_transaction_pool_monitor::eth_client[0m[2m:[0m 📡 Transaction fetch RPC completed in 11.907917ms
[2m2025-12-10T10:09:06.869548Z[0m [34mDEBUG[0m [2methereum_transaction_pool_monitor::eth_client[0m[2m:[0m ✅ Transaction 0xa1091f054979d1c3f98016920a410e4b01ffeab12748f6ff3c8a495df122ebb0 fetched and parsed in 83.962209ms
[2m2025-12-10T10:09:06.869572Z[0m [34mDEBUG[0m [2methereum_transaction_pool_monitor::mempool_monitor[0m[2m:[0m 🔍 Skipping tx 0xa1091f054979d1c3f98016920a410e4b01ffeab12748f6ff3c8a495df122ebb0 - not a DEX interaction (target: 0xA0b86991c6218b36c1d19D4a2e9Eb0cE3606eB48)
[2m2025-12-10T10:09:06.869583Z[0m [34mDEBUG[0m [2methereum_transaction_pool_monitor::mempool_monitor[0m[2m:[0m 📨 Processing new pending transaction: 0xc5ea81802ac55cfcc79a3765bc8c311f1f8482234f3e2fd6b9d756784b66c3fe
[2m2025-12-10T10:09:06.869592Z[0m [34mDEBUG[0m [2methereum_transaction_pool_monitor::mempool_monitor[0m[2m:[0m 🔍 Fetching transaction details for: 0xc5ea81802ac55cfcc79a3765bc8c311f1f8482234f3e2fd6b9d756784b66c3fe
[2m2025-12-10T10:09:06.869599Z[0m [34mDEBUG[0m [2methereum_transaction_pool_monitor::eth_client[0m[2m:[0m 🔍 Fetching transaction details for hash: 0xc5ea81802ac55cfcc79a3765bc8c311f1f8482234f3e2fd6b9d756784b66c3fe
[2m2025-12-10T10:09:06.869620Z[0m [34mDEBUG[0m [2mhyper::client::pool[0m[2m:[0m reuse idle connection for ("http", 192.168.0.14:8545)
[2m2025-12-10T10:09:06.869661Z[0m [34mDEBUG[0m [2mhyper::proto::h1::io[0m[2m:[0m flushed 250 bytes
[2m2025-12-10T10:09:06.869685Z[0m [34mDEBUG[0m [2methereum_transaction_pool_monitor::eth_client[0m[2m:[0m 📨 Received WebSocket message: {"jsonrpc":"2.0","method":"eth_subscription","params":{"subscription":"0xbed0a0851463e895960a451075a301a9","result":"0xc3f9ff48db2ea0924aa8407a61c5f7c3146a1a8bd2d99c45823ad2e659f697b5"}}
[2m2025-12-10T10:09:06.869695Z[0m [34mDEBUG[0m [2methereum_transaction_pool_monitor::eth_client[0m[2m:[0m 📨 Received pending transaction: 0xc3f9ff48db2ea0924aa8407a61c5f7c3146a1a8bd2d99c45823ad2e659f697b5
[2m2025-12-10T10:09:06.869703Z[0m [34mDEBUG[0m [2methereum_transaction_pool_monitor::eth_client[0m[2m:[0m 📨 Received WebSocket message: {"jsonrpc":"2.0","method":"eth_subscription","params":{"subscription":"0xbed0a0851463e895960a451075a301a9","result":"0xce71892236ea8cd76899184e24131c3e2f632c09612916eae7221407878d121c"}}
[2m2025-12-10T10:09:06.869711Z[0m [34mDEBUG[0m [2methereum_transaction_pool_monitor::eth_client[0m[2m:[0m 📨 Received pending transaction: 0xce71892236ea8cd76899184e24131c3e2f632c09612916eae7221407878d121c
[2m2025-12-10T10:09:06.869717Z[0m [34mDEBUG[0m [2methereum_transaction_pool_monitor::eth_client[0m[2m:[0m 📨 Received WebSocket message: {"jsonrpc":"2.0","method":"eth_subscription","params":{"subscription":"0xbed0a0851463e895960a451075a301a9","result":"0xd7d2227f7b10e6ce070729133ac571e3df7223a372cfb1a33fc35c56ed1699c6"}}
[2m2025-12-10T10:09:06.869724Z[0m [34mDEBUG[0m [2methereum_transaction_pool_monitor::eth_client[0m[2m:[0m 📨 Received pending transaction: 0xd7d2227f7b10e6ce070729133ac571e3df7223a372cfb1a33fc35c56ed1699c6
[2m2025-12-10T10:09:06.869727Z[0m [34mDEBUG[0m [2mhyper::proto::h1::io[0m[2m:[0m parsed 4 headers
[2m2025-12-10T10:09:06.869764Z[0m [34mDEBUG[0m [2mhyper::proto::h1::conn[0m[2m:[0m incoming body is content-length (45 bytes)
[2m2025-12-10T10:09:06.869773Z[0m [34mDEBUG[0m [2mhyper::proto::h1::conn[0m[2m:[0m incoming body completed
[2m2025-12-10T10:09:06.869783Z[0m [34mDEBUG[0m [2mhyper::client::pool[0m[2m:[0m pooling idle connection for ("http", 192.168.0.14:8545)
[2m2025-12-10T10:09:06.873900Z[0m [34mDEBUG[0m [2mhyper::proto::h1::io[0m[2m:[0m parsed 4 headers
[2m2025-12-10T10:09:06.873912Z[0m [34mDEBUG[0m [2mhyper::proto::h1::conn[0m[2m:[0m incoming body is content-length (832 bytes)
[2m2025-12-10T10:09:06.873918Z[0m [34mDEBUG[0m [2mhyper::proto::h1::conn[0m[2m:[0m incoming body completed
[2m2025-12-10T10:09:06.873925Z[0m [34mDEBUG[0m [2mhyper::client::pool[0m[2m:[0m pooling idle connection for ("http", 192.168.0.14:8545)
[2m2025-12-10T10:09:06.873930Z[0m [34mDEBUG[0m [2methereum_transaction_pool_monitor::eth_client[0m[2m:[0m 📡 Transaction fetch RPC completed in 4.326667ms
[2m2025-12-10T10:09:06.945245Z[0m [34mDEBUG[0m [2methereum_transaction_pool_monitor::eth_client[0m[2m:[0m ✅ Transaction 0xc5ea81802ac55cfcc79a3765bc8c311f1f8482234f3e2fd6b9d756784b66c3fe fetched and parsed in 75.638709ms
[2m2025-12-10T10:09:06.945276Z[0m [34mDEBUG[0m [2methereum_transaction_pool_monitor::mempool_monitor[0m[2m:[0m 🔍 Skipping tx 0xc5ea81802ac55cfcc79a3765bc8c311f1f8482234f3e2fd6b9d756784b66c3fe - not a DEX interaction (target: 0x3B4D794a66304F130a4Db8F2551B0070dfCf5ca7)
[2m2025-12-10T10:09:06.945288Z[0m [34mDEBUG[0m [2methereum_transaction_pool_monitor::mempool_monitor[0m[2m:[0m 📨 Processing new pending transaction: 0x6b9ba58ee407c285de1dbda0b0827a23788d462ca9a2da33e21ccbdf2df41fe6
[2m2025-12-10T10:09:06.945295Z[0m [34mDEBUG[0m [2methereum_transaction_pool_monitor::mempool_monitor[0m[2m:[0m 🔍 Fetching transaction details for: 0x6b9ba58ee407c285de1dbda0b0827a23788d462ca9a2da33e21ccbdf2df41fe6
[2m2025-12-10T10:09:06.945302Z[0m [34mDEBUG[0m [2methereum_transaction_pool_monitor::eth_client[0m[2m:[0m 🔍 Fetching transaction details for hash: 0x6b9ba58ee407c285de1dbda0b0827a23788d462ca9a2da33e21ccbdf2df41fe6
[2m2025-12-10T10:09:06.945325Z[0m [34mDEBUG[0m [2mhyper::client::pool[0m[2m:[0m reuse idle connection for ("http", 192.168.0.14:8545)
[2m2025-12-10T10:09:06.945377Z[0m [34mDEBUG[0m [2mhyper::proto::h1::io[0m[2m:[0m flushed 250 bytes
[2m2025-12-10T10:09:06.945440Z[0m [34mDEBUG[0m [2mhyper::client::pool[0m[2m:[0m reuse idle connection for ("http", 192.168.0.14:8545)
[2m2025-12-10T10:09:06.945459Z[0m [34mDEBUG[0m [2mhyper::proto::h1::io[0m[2m:[0m flushed 172 bytes
[2m2025-12-10T10:09:06.949550Z[0m [34mDEBUG[0m [2mhyper::proto::h1::io[0m[2m:[0m parsed 4 headers
[2m2025-12-10T10:09:06.949571Z[0m [34mDEBUG[0m [2mhyper::proto::h1::conn[0m[2m:[0m incoming body is content-length (45 bytes)
[2m2025-12-10T10:09:06.949584Z[0m [34mDEBUG[0m [2mhyper::proto::h1::conn[0m[2m:[0m incoming body completed
[2m2025-12-10T10:09:06.949605Z[0m [34mDEBUG[0m [2mhyper::client::pool[0m[2m:[0m pooling idle connection for ("http", 192.168.0.14:8545)
[2m2025-12-10T10:09:06.950369Z[0m [34mDEBUG[0m [2mhyper::proto::h1::io[0m[2m:[0m parsed 4 headers
[2m2025-12-10T10:09:06.950382Z[0m [34mDEBUG[0m [2mhyper::proto::h1::conn[0m[2m:[0m incoming body is content-length (829 bytes)
[2m2025-12-10T10:09:06.950389Z[0m [34mDEBUG[0m [2mhyper::proto::h1::conn[0m[2m:[0m incoming body completed
[2m2025-12-10T10:09:06.950401Z[0m [34mDEBUG[0m [2mhyper::client::pool[0m[2m:[0m pooling idle connection for ("http", 192.168.0.14:8545)
[2m2025-12-10T10:09:06.950411Z[0m [34mDEBUG[0m [2methereum_transaction_pool_monitor::eth_client[0m[2m:[0m 📡 Transaction fetch RPC completed in 5.103459ms
[2m2025-12-10T10:09:07.023069Z[0m [34mDEBUG[0m [2methereum_transaction_pool_monitor::eth_client[0m[2m:[0m ✅ Transaction 0x6b9ba58ee407c285de1dbda0b0827a23788d462ca9a2da33e21ccbdf2df41fe6 fetched and parsed in 77.75725ms
[2m2025-12-10T10:09:07.023109Z[0m [34mDEBUG[0m [2methereum_transaction_pool_monitor::mempool_monitor[0m[2m:[0m 🔍 Skipping tx 0x6b9ba58ee407c285de1dbda0b0827a23788d462ca9a2da33e21ccbdf2df41fe6 - not a DEX interaction (target: 0xe343167631d89B6Ffc58B88d6b7fB0228795491D)
[2m2025-12-10T10:09:07.023123Z[0m [34mDEBUG[0m [2methereum_transaction_pool_monitor::mempool_monitor[0m[2m:[0m 📨 Processing new pending transaction: 0x970850855ec919722850420a50fe2e0f1a8375f78f54b912d9225be4f040c43b
[2m2025-12-10T10:09:07.023131Z[0m [34mDEBUG[0m [2methereum_transaction_pool_monitor::mempool_monitor[0m[2m:[0m 🔍 Fetching transaction details for: 0x970850855ec919722850420a50fe2e0f1a8375f78f54b912d9225be4f040c43b
[2m2025-12-10T10:09:07.023136Z[0m [34mDEBUG[0m [2methereum_transaction_pool_monitor::eth_client[0m[2m:[0m 🔍 Fetching transaction details for hash: 0x970850855ec919722850420a50fe2e0f1a8375f78f54b912d9225be4f040c43b
[2m2025-12-10T10:09:07.023163Z[0m [34mDEBUG[0m [2mhyper::client::pool[0m[2m:[0m reuse idle connection for ("http", 192.168.0.14:8545)
[2m2025-12-10T10:09:07.023225Z[0m [34mDEBUG[0m [2mhyper::proto::h1::io[0m[2m:[0m flushed 250 bytes
[2m2025-12-10T10:09:07.023254Z[0m [34mDEBUG[0m [2mhyper::client::pool[0m[2m:[0m reuse idle connection for ("http", 192.168.0.14:8545)
[2m2025-12-10T10:09:07.023273Z[0m [34mDEBUG[0m [2mhyper::proto::h1::io[0m[2m:[0m flushed 172 bytes
[2m2025-12-10T10:09:07.023322Z[0m [34mDEBUG[0m [2methereum_transaction_pool_monitor::eth_client[0m[2m:[0m 📨 Received WebSocket message: {"jsonrpc":"2.0","method":"eth_subscription","params":{"subscription":"0xbed0a0851463e895960a451075a301a9","result":"0x8172cad41ec5414bc4ff654ff71c5d276b6e3b5997a426f9eb25d5a09c42171a"}}
[2m2025-12-10T10:09:07.023333Z[0m [34mDEBUG[0m [2methereum_transaction_pool_monitor::eth_client[0m[2m:[0m 📨 Received pending transaction: 0x8172cad41ec5414bc4ff654ff71c5d276b6e3b5997a426f9eb25d5a09c42171a
[2m2025-12-10T10:09:07.029050Z[0m [34mDEBUG[0m [2mhyper::proto::h1::io[0m[2m:[0m parsed 4 headers
[2m2025-12-10T10:09:07.029064Z[0m [34mDEBUG[0m [2mhyper::proto::h1::conn[0m[2m:[0m incoming body is content-length (45 bytes)
[2m2025-12-10T10:09:07.029071Z[0m [34mDEBUG[0m [2mhyper::proto::h1::conn[0m[2m:[0m incoming body completed
[2m2025-12-10T10:09:07.029081Z[0m [34mDEBUG[0m [2mhyper::client::pool[0m[2m:[0m pooling idle connection for ("http", 192.168.0.14:8545)
[2m2025-12-10T10:09:07.029100Z[0m [34mDEBUG[0m [2mhyper::proto::h1::io[0m[2m:[0m parsed 4 headers
[2m2025-12-10T10:09:07.029104Z[0m [34mDEBUG[0m [2mhyper::proto::h1::conn[0m[2m:[0m incoming body is content-length (675 bytes)
[2m2025-12-10T10:09:07.029109Z[0m [34mDEBUG[0m [2mhyper::proto::h1::conn[0m[2m:[0m incoming body completed
[2m2025-12-10T10:09:07.029118Z[0m [34mDEBUG[0m [2mhyper::client::pool[0m[2m:[0m pooling idle connection for ("http", 192.168.0.14:8545)
[2m2025-12-10T10:09:07.029123Z[0m [34mDEBUG[0m [2methereum_transaction_pool_monitor::eth_client[0m[2m:[0m 📡 Transaction fetch RPC completed in 5.982417ms
[2m2025-12-10T10:09:07.029136Z[0m [34mDEBUG[0m [2methereum_transaction_pool_monitor::eth_client[0m[2m:[0m DeFi transaction detected - Address: 0xdac17f958d2ee523a2206206994597c13d831ec7, Type: Stablecoin, Value: 0 ETH, Gas: 0.25 Gwei
[2m2025-12-10T10:09:07.029149Z[0m [34mDEBUG[0m [2methereum_transaction_pool_monitor::eth_client[0m[2m:[0m ✅ Transaction 0x970850855ec919722850420a50fe2e0f1a8375f78f54b912d9225be4f040c43b fetched and parsed in 6.007625ms
[2m2025-12-10T10:09:07.029155Z[0m [34mDEBUG[0m [2methereum_transaction_pool_monitor::mempool_monitor[0m[2m:[0m 🔍 Skipping tx 0x970850855ec919722850420a50fe2e0f1a8375f78f54b912d9225be4f040c43b - not a DEX interaction (target: 0xdAC17F958D2ee523a2206206994597C13D831ec7)
[2m2025-12-10T10:09:07.029165Z[0m [34mDEBUG[0m [2methereum_transaction_pool_monitor::mempool_monitor[0m[2m:[0m 📨 Processing new pending transaction: 0x6e5e8a8289b09f03fde0ed903d80b797e918009408a15f084d7eea42c13213b6
[2m2025-12-10T10:09:07.029170Z[0m [34mDEBUG[0m [2methereum_transaction_pool_monitor::mempool_monitor[0m[2m:[0m 🔍 Fetching transaction details for: 0x6e5e8a8289b09f03fde0ed903d80b797e918009408a15f084d7eea42c13213b6
[2m2025-12-10T10:09:07.029177Z[0m [34mDEBUG[0m [2methereum_transaction_pool_monitor::eth_client[0m[2m:[0m 🔍 Fetching transaction details for hash: 0x6e5e8a8289b09f03fde0ed903d80b797e918009408a15f084d7eea42c13213b6
[2m2025-12-10T10:09:07.029191Z[0m [34mDEBUG[0m [2mhyper::client::pool[0m[2m:[0m reuse idle connection for ("http", 192.168.0.14:8545)
[2m2025-12-10T10:09:07.029216Z[0m [34mDEBUG[0m [2mhyper::proto::h1::io[0m[2m:[0m flushed 250 bytes
[2m2025-12-10T10:09:07.042406Z[0m [34mDEBUG[0m [2mhyper::proto::h1::io[0m[2m:[0m parsed 4 headers
[2m2025-12-10T10:09:07.042418Z[0m [34mDEBUG[0m [2mhyper::proto::h1::conn[0m[2m:[0m incoming body is content-length (837 bytes)
[2m2025-12-10T10:09:07.042424Z[0m [34mDEBUG[0m [2mhyper::proto::h1::conn[0m[2m:[0m incoming body completed
[2m2025-12-10T10:09:07.042434Z[0m [34mDEBUG[0m [2mhyper::client::pool[0m[2m:[0m pooling idle connection for ("http", 192.168.0.14:8545)
[2m2025-12-10T10:09:07.042441Z[0m [34mDEBUG[0m [2methereum_transaction_pool_monitor::eth_client[0m[2m:[0m 📡 Transaction fetch RPC completed in 13.259ms
[2m2025-12-10T10:09:07.042456Z[0m [34mDEBUG[0m [2methereum_transaction_pool_monitor::eth_client[0m[2m:[0m DeFi transaction detected - Address: 0xdac17f958d2ee523a2206206994597c13d831ec7, Type: Stablecoin, Value: 0 ETH, Gas: 2.21 Gwei
[2m2025-12-10T10:09:07.042468Z[0m [34mDEBUG[0m [2methereum_transaction_pool_monitor::eth_client[0m[2m:[0m ✅ Transaction 0x6e5e8a8289b09f03fde0ed903d80b797e918009408a15f084d7eea42c13213b6 fetched and parsed in 13.286459ms
[2m2025-12-10T10:09:07.042474Z[0m [34mDEBUG[0m [2methereum_transaction_pool_monitor::mempool_monitor[0m[2m:[0m 🔍 Skipping tx 0x6e5e8a8289b09f03fde0ed903d80b797e918009408a15f084d7eea42c13213b6 - not a DEX interaction (target: 0xdAC17F958D2ee523a2206206994597C13D831ec7)
[2m2025-12-10T10:09:07.042481Z[0m [34mDEBUG[0m [2methereum_transaction_pool_monitor::mempool_monitor[0m[2m:[0m 📨 Processing new pending transaction: 0x0de67019fbad7cc4e721adf21c97d161ce77c81d34f05f26a124195ef04b268f
[2m2025-12-10T10:09:07.042485Z[0m [34mDEBUG[0m [2methereum_transaction_pool_monitor::mempool_monitor[0m[2m:[0m 🔍 Fetching transaction details for: 0x0de67019fbad7cc4e721adf21c97d161ce77c81d34f05f26a124195ef04b268f
[2m2025-12-10T10:09:07.042489Z[0m [34mDEBUG[0m [2methereum_transaction_pool_monitor::eth_client[0m[2m:[0m 🔍 Fetching transaction details for hash: 0x0de67019fbad7cc4e721adf21c97d161ce77c81d34f05f26a124195ef04b268f
[2m2025-12-10T10:09:07.042500Z[0m [34mDEBUG[0m [2mhyper::client::pool[0m[2m:[0m reuse idle connection for ("http", 192.168.0.14:8545)
[2m2025-12-10T10:09:07.042522Z[0m [34mDEBUG[0m [2mhyper::proto::h1::io[0m[2m:[0m flushed 250 bytes
[2m2025-12-10T10:09:07.053963Z[0m [34mDEBUG[0m [2mhyper::proto::h1::io[0m[2m:[0m parsed 4 headers
[2m2025-12-10T10:09:07.053978Z[0m [34mDEBUG[0m [2mhyper::proto::h1::conn[0m[2m:[0m incoming body is content-length (765 bytes)
[2m2025-12-10T10:09:07.053986Z[0m [34mDEBUG[0m [2mhyper::proto::h1::conn[0m[2m:[0m incoming body completed
[2m2025-12-10T10:09:07.053996Z[0m [34mDEBUG[0m [2mhyper::client::pool[0m[2m:[0m pooling idle connection for ("http", 192.168.0.14:8545)
[2m2025-12-10T10:09:07.054002Z[0m [34mDEBUG[0m [2methereum_transaction_pool_monitor::eth_client[0m[2m:[0m 📡 Transaction fetch RPC completed in 11.509583ms
[2m2025-12-10T10:09:07.054018Z[0m [34mDEBUG[0m [2methereum_transaction_pool_monitor::eth_client[0m[2m:[0m DeFi transaction detected - Address: 0xdac17f958d2ee523a2206206994597c13d831ec7, Type: Stablecoin, Value: 0 ETH, Gas: 0.44 Gwei
[2m2025-12-10T10:09:07.054029Z[0m [34mDEBUG[0m [2methereum_transaction_pool_monitor::eth_client[0m[2m:[0m ✅ Transaction 0x0de67019fbad7cc4e721adf21c97d161ce77c81d34f05f26a124195ef04b268f fetched and parsed in 11.535917ms
[2m2025-12-10T10:09:07.054034Z[0m [34mDEBUG[0m [2methereum_transaction_pool_monitor::mempool_monitor[0m[2m:[0m 🔍 Skipping tx 0x0de67019fbad7cc4e721adf21c97d161ce77c81d34f05f26a124195ef04b268f - not a DEX interaction (target: 0xdAC17F958D2ee523a2206206994597C13D831ec7)
[2m2025-12-10T10:09:07.054042Z[0m [34mDEBUG[0m [2methereum_transaction_pool_monitor::mempool_monitor[0m[2m:[0m 📨 Processing new pending transaction: 0x65e8a5fe0aadefddd5abd87217405165313aa8e93e16a4dc53decfbe18ebb8a8
[2m2025-12-10T10:09:07.054046Z[0m [34mDEBUG[0m [2methereum_transaction_pool_monitor::mempool_monitor[0m[2m:[0m 🔍 Fetching transaction details for: 0x65e8a5fe0aadefddd5abd87217405165313aa8e93e16a4dc53decfbe18ebb8a8
[2m2025-12-10T10:09:07.054050Z[0m [34mDEBUG[0m [2methereum_transaction_pool_monitor::eth_client[0m[2m:[0m 🔍 Fetching transaction details for hash: 0x65e8a5fe0aadefddd5abd87217405165313aa8e93e16a4dc53decfbe18ebb8a8
[2m2025-12-10T10:09:07.054063Z[0m [34mDEBUG[0m [2mhyper::client::pool[0m[2m:[0m reuse idle connection for ("http", 192.168.0.14:8545)
[2m2025-12-10T10:09:07.054090Z[0m [34mDEBUG[0m [2mhyper::proto::h1::io[0m[2m:[0m flushed 250 bytes
[2m2025-12-10T10:09:07.058597Z[0m [34mDEBUG[0m [2mhyper::proto::h1::io[0m[2m:[0m parsed 4 headers
[2m2025-12-10T10:09:07.058611Z[0m [34mDEBUG[0m [2mhyper::proto::h1::conn[0m[2m:[0m incoming body is content-length (1557 bytes)
[2m2025-12-10T10:09:07.058625Z[0m [34mDEBUG[0m [2methereum_transaction_pool_monitor::eth_client[0m[2m:[0m 📡 Transaction fetch RPC completed in 4.57075ms
[2m2025-12-10T10:09:07.061530Z[0m [34mDEBUG[0m [2mhyper::proto::h1::conn[0m[2m:[0m incoming body completed
[2m2025-12-10T10:09:07.061553Z[0m [34mDEBUG[0m [2mhyper::client::pool[0m[2m:[0m pooling idle connection for ("http", 192.168.0.14:8545)
[2m2025-12-10T10:09:07.096534Z[0m [34mDEBUG[0m [2mhyper::client::pool[0m[2m:[0m reuse idle connection for ("http", 192.168.0.14:8545)
[2m2025-12-10T10:09:07.096609Z[0m [34mDEBUG[0m [2mhyper::proto::h1::io[0m[2m:[0m flushed 172 bytes
[2m2025-12-10T10:09:07.101238Z[0m [34mDEBUG[0m [2mhyper::proto::h1::io[0m[2m:[0m parsed 4 headers
[2m2025-12-10T10:09:07.101253Z[0m [34mDEBUG[0m [2mhyper::proto::h1::conn[0m[2m:[0m incoming body is content-length (45 bytes)
[2m2025-12-10T10:09:07.101262Z[0m [34mDEBUG[0m [2mhyper::proto::h1::conn[0m[2m:[0m incoming body completed
[2m2025-12-10T10:09:07.101273Z[0m [34mDEBUG[0m [2mhyper::client::pool[0m[2m:[0m pooling idle connection for ("http", 192.168.0.14:8545)
[2m2025-12-10T10:09:07.109909Z[0m [34mDEBUG[0m [2methereum_transaction_pool_monitor::eth_client[0m[2m:[0m 📨 Received WebSocket message: {"jsonrpc":"2.0","method":"eth_subscription","params":{"subscription":"0xbed0a0851463e895960a451075a301a9","result":"0xa24be08a6aaa7de1ca6cfea41c81a9b0c6d78b6feeb8422d5760fda0ea235f1f"}}
[2m2025-12-10T10:09:07.109949Z[0m [34mDEBUG[0m [2methereum_transaction_pool_monitor::eth_client[0m[2m:[0m 📨 Received pending transaction: 0xa24be08a6aaa7de1ca6cfea41c81a9b0c6d78b6feeb8422d5760fda0ea235f1f
[2m2025-12-10T10:09:07.131789Z[0m [34mDEBUG[0m [2methereum_transaction_pool_monitor::eth_client[0m[2m:[0m ✅ Transaction 0x65e8a5fe0aadefddd5abd87217405165313aa8e93e16a4dc53decfbe18ebb8a8 fetched and parsed in 77.731333ms
[2m2025-12-10T10:09:07.135686Z[0m [34mDEBUG[0m [2methereum_transaction_pool_monitor::mempool_monitor[0m[2m:[0m 🔍 Skipping tx 0x65e8a5fe0aadefddd5abd87217405165313aa8e93e16a4dc53decfbe18ebb8a8 - not a DEX interaction (target: 0x6C96dE32CEa08842dcc4058c14d3aaAD7Fa41dee)
[2m2025-12-10T10:09:07.135697Z[0m [34mDEBUG[0m [2methereum_transaction_pool_monitor::mempool_monitor[0m[2m:[0m 📨 Processing new pending transaction: 0x028870b636474ec5fedb39a67d4989bccf9e017b8601dfdeeec51a4a364bbebc
[2m2025-12-10T10:09:07.135702Z[0m [34mDEBUG[0m [2methereum_transaction_pool_monitor::mempool_monitor[0m[2m:[0m 🔍 Fetching transaction details for: 0x028870b636474ec5fedb39a67d4989bccf9e017b8601dfdeeec51a4a364bbebc
[2m2025-12-10T10:09:07.135709Z[0m [34mDEBUG[0m [2methereum_transaction_pool_monitor::eth_client[0m[2m:[0m 🔍 Fetching transaction details for hash: 0x028870b636474ec5fedb39a67d4989bccf9e017b8601dfdeeec51a4a364bbebc
[2m2025-12-10T10:09:07.135731Z[0m [34mDEBUG[0m [2mhyper::client::pool[0m[2m:[0m reuse idle connection for ("http", 192.168.0.14:8545)
[2m2025-12-10T10:09:07.135774Z[0m [34mDEBUG[0m [2mhyper::proto::h1::io[0m[2m:[0m flushed 250 bytes
[2m2025-12-10T10:09:07.141439Z[0m [34mDEBUG[0m [2mhyper::proto::h1::io[0m[2m:[0m parsed 4 headers
[2m2025-12-10T10:09:07.141460Z[0m [34mDEBUG[0m [2mhyper::proto::h1::conn[0m[2m:[0m incoming body is content-length (771 bytes)
[2m2025-12-10T10:09:07.141469Z[0m [34mDEBUG[0m [2mhyper::proto::h1::conn[0m[2m:[0m incoming body completed
[2m2025-12-10T10:09:07.141479Z[0m [34mDEBUG[0m [2mhyper::client::pool[0m[2m:[0m pooling idle connection for ("http", 192.168.0.14:8545)
[2m2025-12-10T10:09:07.141486Z[0m [34mDEBUG[0m [2methereum_transaction_pool_monitor::eth_client[0m[2m:[0m 📡 Transaction fetch RPC completed in 5.769458ms
[2m2025-12-10T10:09:07.210589Z[0m [34mDEBUG[0m [2methereum_transaction_pool_monitor::eth_client[0m[2m:[0m ✅ Transaction 0x028870b636474ec5fedb39a67d4989bccf9e017b8601dfdeeec51a4a364bbebc fetched and parsed in 74.869417ms
[2m2025-12-10T10:09:07.210617Z[0m [34mDEBUG[0m [2methereum_transaction_pool_monitor::mempool_monitor[0m[2m:[0m 🔍 Skipping tx 0x028870b636474ec5fedb39a67d4989bccf9e017b8601dfdeeec51a4a364bbebc - not a DEX interaction (target: 0xB8f28C60dD8240141185a192fa4156A23E189305)
[2m2025-12-10T10:09:07.210626Z[0m [34mDEBUG[0m [2methereum_transaction_pool_monitor::mempool_monitor[0m[2m:[0m 📨 Processing new pending transaction: 0xed5a9b9e631f2df9f62014b71028f5d4a9d129a660a909e3d39c3449d612a395
[2m2025-12-10T10:09:07.210631Z[0m [34mDEBUG[0m [2methereum_transaction_pool_monitor::mempool_monitor[0m[2m:[0m 🔍 Fetching transaction details for: 0xed5a9b9e631f2df9f62014b71028f5d4a9d129a660a909e3d39c3449d612a395
[2m2025-12-10T10:09:07.210636Z[0m [34mDEBUG[0m [2methereum_transaction_pool_monitor::eth_client[0m[2m:[0m 🔍 Fetching transaction details for hash: 0xed5a9b9e631f2df9f62014b71028f5d4a9d129a660a909e3d39c3449d612a395
[2m2025-12-10T10:09:07.210657Z[0m [34mDEBUG[0m [2mhyper::client::pool[0m[2m:[0m reuse idle connection for ("http", 192.168.0.14:8545)
[2m2025-12-10T10:09:07.210700Z[0m [34mDEBUG[0m [2mhyper::proto::h1::io[0m[2m:[0m flushed 250 bytes
[2m2025-12-10T10:09:07.210729Z[0m [34mDEBUG[0m [2mhyper::client::pool[0m[2m:[0m reuse idle connection for ("http", 192.168.0.14:8545)
[2m2025-12-10T10:09:07.210745Z[0m [34mDEBUG[0m [2mhyper::proto::h1::io[0m[2m:[0m flushed 172 bytes
[2m2025-12-10T10:09:07.215909Z[0m [34mDEBUG[0m [2mhyper::proto::h1::io[0m[2m:[0m parsed 4 headers
[2m2025-12-10T10:09:07.215921Z[0m [34mDEBUG[0m [2mhyper::proto::h1::conn[0m[2m:[0m incoming body is content-length (764 bytes)
[2m2025-12-10T10:09:07.215929Z[0m [34mDEBUG[0m [2mhyper::proto::h1::conn[0m[2m:[0m incoming body completed
[2m2025-12-10T10:09:07.215939Z[0m [34mDEBUG[0m [2mhyper::client::pool[0m[2m:[0m pooling idle connection for ("http", 192.168.0.14:8545)
[2m2025-12-10T10:09:07.215947Z[0m [34mDEBUG[0m [2methereum_transaction_pool_monitor::eth_client[0m[2m:[0m 📡 Transaction fetch RPC completed in 5.306458ms
[2m2025-12-10T10:09:07.284016Z[0m [34mDEBUG[0m [2methereum_transaction_pool_monitor::eth_client[0m[2m:[0m ✅ Transaction 0xed5a9b9e631f2df9f62014b71028f5d4a9d129a660a909e3d39c3449d612a395 fetched and parsed in 73.373542ms
[2m2025-12-10T10:09:07.284033Z[0m [34mDEBUG[0m [2methereum_transaction_pool_monitor::mempool_monitor[0m[2m:[0m 🔍 Skipping tx 0xed5a9b9e631f2df9f62014b71028f5d4a9d129a660a909e3d39c3449d612a395 - not a DEX interaction (target: 0xA0b86991c6218b36c1d19D4a2e9Eb0cE3606eB48)
[2m2025-12-10T10:09:07.284043Z[0m [34mDEBUG[0m [2methereum_transaction_pool_monitor::mempool_monitor[0m[2m:[0m 📨 Processing new pending transaction: 0xb9b80965bad059a260474237c5683a7532953e54fd77a20d5c4d4fe889501f5a
[2m2025-12-10T10:09:07.284047Z[0m [34mDEBUG[0m [2methereum_transaction_pool_monitor::mempool_monitor[0m[2m:[0m 🔍 Fetching transaction details for: 0xb9b80965bad059a260474237c5683a7532953e54fd77a20d5c4d4fe889501f5a
[2m2025-12-10T10:09:07.284052Z[0m [34mDEBUG[0m [2methereum_transaction_pool_monitor::eth_client[0m[2m:[0m 🔍 Fetching transaction details for hash: 0xb9b80965bad059a260474237c5683a7532953e54fd77a20d5c4d4fe889501f5a
[2m2025-12-10T10:09:07.284070Z[0m [34mDEBUG[0m [2mhyper::client::pool[0m[2m:[0m reuse idle connection for ("http", 192.168.0.14:8545)
[2m2025-12-10T10:09:07.284098Z[0m [34mDEBUG[0m [2mhyper::proto::h1::io[0m[2m:[0m flushed 250 bytes
[2m2025-12-10T10:09:07.284120Z[0m [34mDEBUG[0m [2methereum_transaction_pool_monitor::eth_client[0m[2m:[0m 📨 Received WebSocket message: {"jsonrpc":"2.0","method":"eth_subscription","params":{"subscription":"0xbed0a0851463e895960a451075a301a9","result":"0xcac54b9ca845bf6c9298aa77bd4d30df730abdadcbed7372828ac73fbe7f3b88"}}
[2m2025-12-10T10:09:07.284124Z[0m [34mDEBUG[0m [2mhyper::proto::h1::io[0m[2m:[0m parsed 4 headers
[2m2025-12-10T10:09:07.284128Z[0m [34mDEBUG[0m [2methereum_transaction_pool_monitor::eth_client[0m[2m:[0m 📨 Received pending transaction: 0xcac54b9ca845bf6c9298aa77bd4d30df730abdadcbed7372828ac73fbe7f3b88
[2m2025-12-10T10:09:07.284131Z[0m [34mDEBUG[0m [2mhyper::proto::h1::conn[0m[2m:[0m incoming body is content-length (45 bytes)
[2m2025-12-10T10:09:07.284140Z[0m [34mDEBUG[0m [2mhyper::proto::h1::conn[0m[2m:[0m incoming body completed
[2m2025-12-10T10:09:07.284148Z[0m [34mDEBUG[0m [2mhyper::client::pool[0m[2m:[0m pooling idle connection for ("http", 192.168.0.14:8545)
[2m2025-12-10T10:09:07.289370Z[0m [34mDEBUG[0m [2mhyper::proto::h1::io[0m[2m:[0m parsed 4 headers
[2m2025-12-10T10:09:07.289380Z[0m [34mDEBUG[0m [2mhyper::proto::h1::conn[0m[2m:[0m incoming body is content-length (771 bytes)
[2m2025-12-10T10:09:07.289386Z[0m [34mDEBUG[0m [2mhyper::proto::h1::conn[0m[2m:[0m incoming body completed
[2m2025-12-10T10:09:07.289395Z[0m [34mDEBUG[0m [2mhyper::client::pool[0m[2m:[0m pooling idle connection for ("http", 192.168.0.14:8545)
[2m2025-12-10T10:09:07.289401Z[0m [34mDEBUG[0m [2methereum_transaction_pool_monitor::eth_client[0m[2m:[0m 📡 Transaction fetch RPC completed in 5.345334ms
[2m2025-12-10T10:09:07.359740Z[0m [34mDEBUG[0m [2methereum_transaction_pool_monitor::eth_client[0m[2m:[0m ✅ Transaction 0xb9b80965bad059a260474237c5683a7532953e54fd77a20d5c4d4fe889501f5a fetched and parsed in 75.680875ms
[2m2025-12-10T10:09:07.359773Z[0m [34mDEBUG[0m [2methereum_transaction_pool_monitor::mempool_monitor[0m[2m:[0m 🔍 Skipping tx 0xb9b80965bad059a260474237c5683a7532953e54fd77a20d5c4d4fe889501f5a - not a DEX interaction (target: 0xdA5e1988097297dCdc1f90D4dFE7909e847CBeF6)
[2m2025-12-10T10:09:07.359785Z[0m [34mDEBUG[0m [2methereum_transaction_pool_monitor::mempool_monitor[0m[2m:[0m 📨 Processing new pending transaction: 0x6a3e23e247f085f47135e816b552ea92a7ae8969a62489e3d63186285aded2ff
[2m2025-12-10T10:09:07.359792Z[0m [34mDEBUG[0m [2methereum_transaction_pool_monitor::mempool_monitor[0m[2m:[0m 🔍 Fetching transaction details for: 0x6a3e23e247f085f47135e816b552ea92a7ae8969a62489e3d63186285aded2ff
[2m2025-12-10T10:09:07.359799Z[0m [34mDEBUG[0m [2methereum_transaction_pool_monitor::eth_client[0m[2m:[0m 🔍 Fetching transaction details for hash: 0x6a3e23e247f085f47135e816b552ea92a7ae8969a62489e3d63186285aded2ff
[2m2025-12-10T10:09:07.359821Z[0m [34mDEBUG[0m [2mhyper::client::pool[0m[2m:[0m reuse idle connection for ("http", 192.168.0.14:8545)
[2m2025-12-10T10:09:07.359856Z[0m [34mDEBUG[0m [2mhyper::proto::h1::io[0m[2m:[0m flushed 250 bytes
[2m2025-12-10T10:09:07.359881Z[0m [34mDEBUG[0m [2mhyper::client::pool[0m[2m:[0m reuse idle connection for ("http", 192.168.0.14:8545)
[2m2025-12-10T10:09:07.359893Z[0m [34mDEBUG[0m [2methereum_transaction_pool_monitor::eth_client[0m[2m:[0m 📨 Received WebSocket message: {"jsonrpc":"2.0","method":"eth_subscription","params":{"subscription":"0xbed0a0851463e895960a451075a301a9","result":"0x6f80138a3a54bfd03b78d13a1dcdbce9bfc30f0d3a0b423a07f159e6506ad16f"}}
[2m2025-12-10T10:09:07.359898Z[0m [34mDEBUG[0m [2mhyper::proto::h1::io[0m[2m:[0m flushed 172 bytes
[2m2025-12-10T10:09:07.359910Z[0m [34mDEBUG[0m [2methereum_transaction_pool_monitor::eth_client[0m[2m:[0m 📨 Received pending transaction: 0x6f80138a3a54bfd03b78d13a1dcdbce9bfc30f0d3a0b423a07f159e6506ad16f
[2m2025-12-10T10:09:07.364204Z[0m [34mDEBUG[0m [2mhyper::proto::h1::io[0m[2m:[0m parsed 4 headers
[2m2025-12-10T10:09:07.364211Z[0m [34mDEBUG[0m [2mhyper::proto::h1::conn[0m[2m:[0m incoming body is content-length (45 bytes)
[2m2025-12-10T10:09:07.364219Z[0m [34mDEBUG[0m [2mhyper::proto::h1::conn[0m[2m:[0m incoming body completed
[2m2025-12-10T10:09:07.364227Z[0m [34mDEBUG[0m [2mhyper::client::pool[0m[2m:[0m pooling idle connection for ("http", 192.168.0.14:8545)
[2m2025-12-10T10:09:07.365527Z[0m [34mDEBUG[0m [2mhyper::proto::h1::io[0m[2m:[0m parsed 4 headers
[2m2025-12-10T10:09:07.365537Z[0m [34mDEBUG[0m [2mhyper::proto::h1::conn[0m[2m:[0m incoming body is content-length (38 bytes)
[2m2025-12-10T10:09:07.365544Z[0m [34mDEBUG[0m [2mhyper::proto::h1::conn[0m[2m:[0m incoming body completed
[2m2025-12-10T10:09:07.365551Z[0m [34mDEBUG[0m [2mhyper::client::pool[0m[2m:[0m pooling idle connection for ("http", 192.168.0.14:8545)
[2m2025-12-10T10:09:07.365557Z[0m [34mDEBUG[0m [2methereum_transaction_pool_monitor::eth_client[0m[2m:[0m 📡 Transaction fetch RPC completed in 5.75275ms
[2m2025-12-10T10:09:07.365566Z[0m [34mDEBUG[0m [2methereum_transaction_pool_monitor::eth_client[0m[2m:[0m ✅ Transaction 0x6a3e23e247f085f47135e816b552ea92a7ae8969a62489e3d63186285aded2ff fetched and parsed in 5.7615ms
[2m2025-12-10T10:09:07.365573Z[0m [34mDEBUG[0m [2methereum_transaction_pool_monitor::mempool_monitor[0m[2m:[0m 🔍 Skipping tx 0x6a3e23e247f085f47135e816b552ea92a7ae8969a62489e3d63186285aded2ff - contract creation
[2m2025-12-10T10:09:07.365579Z[0m [34mDEBUG[0m [2methereum_transaction_pool_monitor::mempool_monitor[0m[2m:[0m 📨 Processing new pending transaction: 0x5bbdbb417207ca84ea362d6f23fd46474e6da55aa7fb6b347905f0b6e004652c
[2m2025-12-10T10:09:07.365584Z[0m [34mDEBUG[0m [2methereum_transaction_pool_monitor::mempool_monitor[0m[2m:[0m 🔍 Fetching transaction details for: 0x5bbdbb417207ca84ea362d6f23fd46474e6da55aa7fb6b347905f0b6e004652c
[2m2025-12-10T10:09:07.365587Z[0m [34mDEBUG[0m [2methereum_transaction_pool_monitor::eth_client[0m[2m:[0m 🔍 Fetching transaction details for hash: 0x5bbdbb417207ca84ea362d6f23fd46474e6da55aa7fb6b347905f0b6e004652c
[2m2025-12-10T10:09:07.365610Z[0m [34mDEBUG[0m [2mhyper::client::pool[0m[2m:[0m reuse idle connection for ("http", 192.168.0.14:8545)
[2m2025-12-10T10:09:07.365623Z[0m [34mDEBUG[0m [2mhyper::proto::h1::io[0m[2m:[0m flushed 250 bytes
[2m2025-12-10T10:09:07.374362Z[0m [34mDEBUG[0m [2mhyper::proto::h1::io[0m[2m:[0m parsed 4 headers
[2m2025-12-10T10:09:07.374385Z[0m [34mDEBUG[0m [2mhyper::proto::h1::conn[0m[2m:[0m incoming body is content-length (772 bytes)
[2m2025-12-10T10:09:07.374405Z[0m [34mDEBUG[0m [2mhyper::proto::h1::conn[0m[2m:[0m incoming body completed
[2m2025-12-10T10:09:07.374413Z[0m [34mDEBUG[0m [2mhyper::client::pool[0m[2m:[0m pooling idle connection for ("http", 192.168.0.14:8545)
[2m2025-12-10T10:09:07.374420Z[0m [34mDEBUG[0m [2methereum_transaction_pool_monitor::eth_client[0m[2m:[0m 📡 Transaction fetch RPC completed in 8.826834ms
[2m2025-12-10T10:09:07.374447Z[0m [34mDEBUG[0m [2methereum_transaction_pool_monitor::eth_client[0m[2m:[0m DeFi transaction detected - Address: 0xdac17f958d2ee523a2206206994597c13d831ec7, Type: Stablecoin, Value: 0 ETH, Gas: 0.31 Gwei
[2m2025-12-10T10:09:07.374461Z[0m [34mDEBUG[0m [2methereum_transaction_pool_monitor::eth_client[0m[2m:[0m ✅ Transaction 0x5bbdbb417207ca84ea362d6f23fd46474e6da55aa7fb6b347905f0b6e004652c fetched and parsed in 8.867792ms
[2m2025-12-10T10:09:07.374466Z[0m [34mDEBUG[0m [2methereum_transaction_pool_monitor::mempool_monitor[0m[2m:[0m 🔍 Skipping tx 0x5bbdbb417207ca84ea362d6f23fd46474e6da55aa7fb6b347905f0b6e004652c - not a DEX interaction (target: 0xdAC17F958D2ee523a2206206994597C13D831ec7)
[2m2025-12-10T10:09:07.374472Z[0m [34mDEBUG[0m [2methereum_transaction_pool_monitor::mempool_monitor[0m[2m:[0m 📨 Processing new pending transaction: 0xa0fbc01c792779d28134bec95b610ed8c76abc5a25fed1549f1a61247f7dc872
[2m2025-12-10T10:09:07.374476Z[0m [34mDEBUG[0m [2methereum_transaction_pool_monitor::mempool_monitor[0m[2m:[0m 🔍 Fetching transaction details for: 0xa0fbc01c792779d28134bec95b610ed8c76abc5a25fed1549f1a61247f7dc872
[2m2025-12-10T10:09:07.374480Z[0m [34mDEBUG[0m [2methereum_transaction_pool_monitor::eth_client[0m[2m:[0m 🔍 Fetching transaction details for hash: 0xa0fbc01c792779d28134bec95b610ed8c76abc5a25fed1549f1a61247f7dc872
[2m2025-12-10T10:09:07.374487Z[0m [34mDEBUG[0m [2mhyper::client::pool[0m[2m:[0m reuse idle connection for ("http", 192.168.0.14:8545)
[2m2025-12-10T10:09:07.374502Z[0m [34mDEBUG[0m [2mhyper::proto::h1::io[0m[2m:[0m flushed 250 bytes
[2m2025-12-10T10:09:07.381673Z[0m [34mDEBUG[0m [2mhyper::proto::h1::io[0m[2m:[0m parsed 4 headers
[2m2025-12-10T10:09:07.381686Z[0m [34mDEBUG[0m [2mhyper::proto::h1::conn[0m[2m:[0m incoming body is content-length (1802 bytes)
[2m2025-12-10T10:09:07.381700Z[0m [34mDEBUG[0m [2methereum_transaction_pool_monitor::eth_client[0m[2m:[0m 📡 Transaction fetch RPC completed in 7.216ms
[2m2025-12-10T10:09:07.382110Z[0m [34mDEBUG[0m [2mhyper::proto::h1::conn[0m[2m:[0m incoming body completed
[2m2025-12-10T10:09:07.382117Z[0m [34mDEBUG[0m [2mhyper::client::pool[0m[2m:[0m pooling idle connection for ("http", 192.168.0.14:8545)
[2m2025-12-10T10:09:07.397155Z[0m [34mDEBUG[0m [2mhyper::client::pool[0m[2m:[0m reuse idle connection for ("http", 192.168.0.14:8545)
[2m2025-12-10T10:09:07.397209Z[0m [34mDEBUG[0m [2mhyper::proto::h1::io[0m[2m:[0m flushed 172 bytes
[2m2025-12-10T10:09:07.400531Z[0m [34mDEBUG[0m [2mhyper::proto::h1::io[0m[2m:[0m parsed 4 headers
[2m2025-12-10T10:09:07.400539Z[0m [34mDEBUG[0m [2mhyper::proto::h1::conn[0m[2m:[0m incoming body is content-length (45 bytes)
[2m2025-12-10T10:09:07.400547Z[0m [34mDEBUG[0m [2mhyper::proto::h1::conn[0m[2m:[0m incoming body completed
[2m2025-12-10T10:09:07.400555Z[0m [34mDEBUG[0m [2mhyper::client::pool[0m[2m:[0m pooling idle connection for ("http", 192.168.0.14:8545)
[2m2025-12-10T10:09:07.452853Z[0m [34mDEBUG[0m [2methereum_transaction_pool_monitor::eth_client[0m[2m:[0m ✅ Transaction 0xa0fbc01c792779d28134bec95b610ed8c76abc5a25fed1549f1a61247f7dc872 fetched and parsed in 78.366208ms
[2m2025-12-10T10:09:07.452879Z[0m [34mDEBUG[0m [2methereum_transaction_pool_monitor::mempool_monitor[0m[2m:[0m 🔍 Skipping tx 0xa0fbc01c792779d28134bec95b610ed8c76abc5a25fed1549f1a61247f7dc872 - not a DEX interaction (target: 0xd72a6BA4a87DDB33e801b3f1c7750b2d0911fC6C)
[2m2025-12-10T10:09:07.452890Z[0m [34mDEBUG[0m [2methereum_transaction_pool_monitor::mempool_monitor[0m[2m:[0m 📨 Processing new pending transaction: 0xce6d63897b7e1ca14fba1c6bbb2f119fe7222dd2a0de6fc4a2f1d5e478c7ffa0
[2m2025-12-10T10:09:07.452897Z[0m [34mDEBUG[0m [2methereum_transaction_pool_monitor::mempool_monitor[0m[2m:[0m 🔍 Fetching transaction details for: 0xce6d63897b7e1ca14fba1c6bbb2f119fe7222dd2a0de6fc4a2f1d5e478c7ffa0
[2m2025-12-10T10:09:07.452903Z[0m [34mDEBUG[0m [2methereum_transaction_pool_monitor::eth_client[0m[2m:[0m 🔍 Fetching transaction details for hash: 0xce6d63897b7e1ca14fba1c6bbb2f119fe7222dd2a0de6fc4a2f1d5e478c7ffa0
[2m2025-12-10T10:09:07.452923Z[0m [34mDEBUG[0m [2mhyper::client::pool[0m[2m:[0m reuse idle connection for ("http", 192.168.0.14:8545)
[2m2025-12-10T10:09:07.452965Z[0m [34mDEBUG[0m [2mhyper::proto::h1::io[0m[2m:[0m flushed 250 bytes
[2m2025-12-10T10:09:07.454711Z[0m [34mDEBUG[0m [2methereum_transaction_pool_monitor::eth_client[0m[2m:[0m 📨 Received WebSocket message: {"jsonrpc":"2.0","method":"eth_subscription","params":{"subscription":"0xbed0a0851463e895960a451075a301a9","result":"0xf74dcb29313e7b883f29cf5d232006d7d313219027cbaf1d85e9c1569a3c7079"}}
[2m2025-12-10T10:09:07.454737Z[0m [34mDEBUG[0m [2methereum_transaction_pool_monitor::eth_client[0m[2m:[0m 📨 Received pending transaction: 0xf74dcb29313e7b883f29cf5d232006d7d313219027cbaf1d85e9c1569a3c7079
[2m2025-12-10T10:09:07.461623Z[0m [34mDEBUG[0m [2mhyper::proto::h1::io[0m[2m:[0m parsed 4 headers
[2m2025-12-10T10:09:07.461649Z[0m [34mDEBUG[0m [2mhyper::proto::h1::conn[0m[2m:[0m incoming body is content-length (1961 bytes)
[2m2025-12-10T10:09:07.461676Z[0m [34mDEBUG[0m [2mhyper::proto::h1::conn[0m[2m:[0m incoming body completed
[2m2025-12-10T10:09:07.461688Z[0m [34mDEBUG[0m [2mhyper::client::pool[0m[2m:[0m pooling idle connection for ("http", 192.168.0.14:8545)
[2m2025-12-10T10:09:07.461696Z[0m [34mDEBUG[0m [2methereum_transaction_pool_monitor::eth_client[0m[2m:[0m 📡 Transaction fetch RPC completed in 8.788375ms
[2m2025-12-10T10:09:07.532512Z[0m [34mDEBUG[0m [2methereum_transaction_pool_monitor::eth_client[0m[2m:[0m ✅ Transaction 0xce6d63897b7e1ca14fba1c6bbb2f119fe7222dd2a0de6fc4a2f1d5e478c7ffa0 fetched and parsed in 79.601292ms
[2m2025-12-10T10:09:07.532538Z[0m [34mDEBUG[0m [2methereum_transaction_pool_monitor::mempool_monitor[0m[2m:[0m 🔍 Skipping tx 0xce6d63897b7e1ca14fba1c6bbb2f119fe7222dd2a0de6fc4a2f1d5e478c7ffa0 - not a DEX interaction (target: 0xfaf17849fb05a11a4E233f221bAc99CA43Fc83f8)
[2m2025-12-10T10:09:07.532550Z[0m [34mDEBUG[0m [2methereum_transaction_pool_monitor::mempool_monitor[0m[2m:[0m 📨 Processing new pending transaction: 0x6934b9cfe5cd70e36a51efbfdcd499d4dfb3e29f7e48a413f954d341da9383ec
[2m2025-12-10T10:09:07.532557Z[0m [34mDEBUG[0m [2methereum_transaction_pool_monitor::mempool_monitor[0m[2m:[0m 🔍 Fetching transaction details for: 0x6934b9cfe5cd70e36a51efbfdcd499d4dfb3e29f7e48a413f954d341da9383ec
[2m2025-12-10T10:09:07.532562Z[0m [34mDEBUG[0m [2methereum_transaction_pool_monitor::eth_client[0m[2m:[0m 🔍 Fetching transaction details for hash: 0x6934b9cfe5cd70e36a51efbfdcd499d4dfb3e29f7e48a413f954d341da9383ec
[2m2025-12-10T10:09:07.532582Z[0m [34mDEBUG[0m [2mhyper::client::pool[0m[2m:[0m reuse idle connection for ("http", 192.168.0.14:8545)
[2m2025-12-10T10:09:07.532616Z[0m [34mDEBUG[0m [2mhyper::proto::h1::io[0m[2m:[0m flushed 250 bytes
[2m2025-12-10T10:09:07.532636Z[0m [34mDEBUG[0m [2mhyper::client::pool[0m[2m:[0m reuse idle connection for ("http", 192.168.0.14:8545)
[2m2025-12-10T10:09:07.532654Z[0m [34mDEBUG[0m [2mhyper::proto::h1::io[0m[2m:[0m flushed 172 bytes
[2m2025-12-10T10:09:07.532656Z[0m [34mDEBUG[0m [2methereum_transaction_pool_monitor::eth_client[0m[2m:[0m 📨 Received WebSocket message: {"jsonrpc":"2.0","method":"eth_subscription","params":{"subscription":"0xbed0a0851463e895960a451075a301a9","result":"0x9afde15fc1027446296effbb8e2f95732dd3f8fa82ab48351e47ec661624e35b"}}
[2m2025-12-10T10:09:07.532667Z[0m [34mDEBUG[0m [2methereum_transaction_pool_monitor::eth_client[0m[2m:[0m 📨 Received pending transaction: 0x9afde15fc1027446296effbb8e2f95732dd3f8fa82ab48351e47ec661624e35b
[2m2025-12-10T10:09:07.542950Z[0m [34mDEBUG[0m [2mhyper::proto::h1::io[0m[2m:[0m parsed 4 headers
[2m2025-12-10T10:09:07.542959Z[0m [34mDEBUG[0m [2mhyper::proto::h1::conn[0m[2m:[0m incoming body is content-length (4735 bytes)
[2m2025-12-10T10:09:07.542970Z[0m [34mDEBUG[0m [2mhyper::proto::h1::conn[0m[2m:[0m incoming body completed
[2m2025-12-10T10:09:07.542979Z[0m [34mDEBUG[0m [2mhyper::client::pool[0m[2m:[0m pooling idle connection for ("http", 192.168.0.14:8545)
[2m2025-12-10T10:09:07.542986Z[0m [34mDEBUG[0m [2methereum_transaction_pool_monitor::eth_client[0m[2m:[0m 📡 Transaction fetch RPC completed in 10.419ms
[2m2025-12-10T10:09:07.614478Z[0m [34mDEBUG[0m [2methereum_transaction_pool_monitor::eth_client[0m[2m:[0m ✅ Transaction 0x6934b9cfe5cd70e36a51efbfdcd499d4dfb3e29f7e48a413f954d341da9383ec fetched and parsed in 81.908917ms
[2m2025-12-10T10:09:07.614507Z[0m [34mDEBUG[0m [2methereum_transaction_pool_monitor::mempool_monitor[0m[2m:[0m 🔍 Skipping tx 0x6934b9cfe5cd70e36a51efbfdcd499d4dfb3e29f7e48a413f954d341da9383ec - not a DEX interaction (target: 0x5E1f62Dac767b0491e3CE72469C217365D5B48cC)
[2m2025-12-10T10:09:07.614517Z[0m [34mDEBUG[0m [2methereum_transaction_pool_monitor::mempool_monitor[0m[2m:[0m 📨 Processing new pending transaction: 0x686ab0e2408ca30d3eea0802712145276c9f0e9eb959166639b4fe30e26aad03
[2m2025-12-10T10:09:07.614527Z[0m [34mDEBUG[0m [2methereum_transaction_pool_monitor::mempool_monitor[0m[2m:[0m 🔍 Fetching transaction details for: 0x686ab0e2408ca30d3eea0802712145276c9f0e9eb959166639b4fe30e26aad03
[2m2025-12-10T10:09:07.614532Z[0m [34mDEBUG[0m [2methereum_transaction_pool_monitor::eth_client[0m[2m:[0m 🔍 Fetching transaction details for hash: 0x686ab0e2408ca30d3eea0802712145276c9f0e9eb959166639b4fe30e26aad03
[2m2025-12-10T10:09:07.614551Z[0m [34mDEBUG[0m [2mhyper::client::pool[0m[2m:[0m reuse idle connection for ("http", 192.168.0.14:8545)
[2m2025-12-10T10:09:07.614601Z[0m [34mDEBUG[0m [2mhyper::proto::h1::io[0m[2m:[0m flushed 250 bytes
[2m2025-12-10T10:09:07.614627Z[0m [34mDEBUG[0m [2methereum_transaction_pool_monitor::eth_client[0m[2m:[0m 📨 Received WebSocket message: {"jsonrpc":"2.0","method":"eth_subscription","params":{"subscription":"0xbed0a0851463e895960a451075a301a9","result":"0x7c9f6b4651e25c98294ffa6663a2d3f5f1d59f4e80d449cc12ef21f15e9b6a92"}}
[2m2025-12-10T10:09:07.614637Z[0m [34mDEBUG[0m [2methereum_transaction_pool_monitor::eth_client[0m[2m:[0m 📨 Received pending transaction: 0x7c9f6b4651e25c98294ffa6663a2d3f5f1d59f4e80d449cc12ef21f15e9b6a92
[2m2025-12-10T10:09:07.614664Z[0m [34mDEBUG[0m [2mhyper::proto::h1::io[0m[2m:[0m parsed 4 headers
[2m2025-12-10T10:09:07.614672Z[0m [34mDEBUG[0m [2mhyper::proto::h1::conn[0m[2m:[0m incoming body is content-length (45 bytes)
[2m2025-12-10T10:09:07.614682Z[0m [34mDEBUG[0m [2mhyper::proto::h1::conn[0m[2m:[0m incoming body completed
[2m2025-12-10T10:09:07.614692Z[0m [34mDEBUG[0m [2mhyper::client::pool[0m[2m:[0m pooling idle connection for ("http", 192.168.0.14:8545)
[2m2025-12-10T10:09:07.614710Z[0m [34mDEBUG[0m [2mhyper::client::pool[0m[2m:[0m reuse idle connection for ("http", 192.168.0.14:8545)
[2m2025-12-10T10:09:07.614727Z[0m [34mDEBUG[0m [2mhyper::proto::h1::io[0m[2m:[0m flushed 172 bytes
[2m2025-12-10T10:09:07.621843Z[0m [34mDEBUG[0m [2mhyper::proto::h1::io[0m[2m:[0m parsed 4 headers
[2m2025-12-10T10:09:07.621849Z[0m [34mDEBUG[0m [2mhyper::proto::h1::conn[0m[2m:[0m incoming body is content-length (763 bytes)
[2m2025-12-10T10:09:07.621854Z[0m [34mDEBUG[0m [2mhyper::proto::h1::conn[0m[2m:[0m incoming body completed
[2m2025-12-10T10:09:07.621860Z[0m [34mDEBUG[0m [2mhyper::client::pool[0m[2m:[0m pooling idle connection for ("http", 192.168.0.14:8545)
[2m2025-12-10T10:09:07.621866Z[0m [34mDEBUG[0m [2methereum_transaction_pool_monitor::eth_client[0m[2m:[0m 📡 Transaction fetch RPC completed in 7.329083ms
[2m2025-12-10T10:09:07.621881Z[0m [34mDEBUG[0m [2methereum_transaction_pool_monitor::eth_client[0m[2m:[0m DeFi transaction detected - Address: 0xdac17f958d2ee523a2206206994597c13d831ec7, Type: Stablecoin, Value: 0 ETH, Gas: 0.44 Gwei
[2m2025-12-10T10:09:07.621893Z[0m [34mDEBUG[0m [2methereum_transaction_pool_monitor::eth_client[0m[2m:[0m ✅ Transaction 0x686ab0e2408ca30d3eea0802712145276c9f0e9eb959166639b4fe30e26aad03 fetched and parsed in 7.356583ms
[2m2025-12-10T10:09:07.621901Z[0m [34mDEBUG[0m [2methereum_transaction_pool_monitor::mempool_monitor[0m[2m:[0m 🔍 Skipping tx 0x686ab0e2408ca30d3eea0802712145276c9f0e9eb959166639b4fe30e26aad03 - not a DEX interaction (target: 0xdAC17F958D2ee523a2206206994597C13D831ec7)
[2m2025-12-10T10:09:07.621907Z[0m [34mDEBUG[0m [2methereum_transaction_pool_monitor::mempool_monitor[0m[2m:[0m 📨 Processing new pending transaction: 0xef1f9ee8213bf56e07fb7f978abdc18faed483559d942c3df6122f37820331aa
[2m2025-12-10T10:09:07.621911Z[0m [34mDEBUG[0m [2methereum_transaction_pool_monitor::mempool_monitor[0m[2m:[0m 🔍 Fetching transaction details for: 0xef1f9ee8213bf56e07fb7f978abdc18faed483559d942c3df6122f37820331aa
[2m2025-12-10T10:09:07.621915Z[0m [34mDEBUG[0m [2methereum_transaction_pool_monitor::eth_client[0m[2m:[0m 🔍 Fetching transaction details for hash: 0xef1f9ee8213bf56e07fb7f978abdc18faed483559d942c3df6122f37820331aa
[2m2025-12-10T10:09:07.621922Z[0m [34mDEBUG[0m [2mhyper::client::pool[0m[2m:[0m reuse idle connection for ("http", 192.168.0.14:8545)
[2m2025-12-10T10:09:07.621939Z[0m [34mDEBUG[0m [2mhyper::proto::h1::io[0m[2m:[0m flushed 250 bytes
[2m2025-12-10T10:09:07.622591Z[0m [34mDEBUG[0m [2mhyper::proto::h1::io[0m[2m:[0m parsed 4 headers
[2m2025-12-10T10:09:07.622599Z[0m [34mDEBUG[0m [2mhyper::proto::h1::conn[0m[2m:[0m incoming body is content-length (45 bytes)
[2m2025-12-10T10:09:07.622605Z[0m [34mDEBUG[0m [2mhyper::proto::h1::conn[0m[2m:[0m incoming body completed
[2m2025-12-10T10:09:07.622611Z[0m [34mDEBUG[0m [2mhyper::client::pool[0m[2m:[0m pooling idle connection for ("http", 192.168.0.14:8545)
[2m2025-12-10T10:09:07.629058Z[0m [34mDEBUG[0m [2mhyper::proto::h1::io[0m[2m:[0m parsed 4 headers
[2m2025-12-10T10:09:07.629064Z[0m [34mDEBUG[0m [2mhyper::proto::h1::conn[0m[2m:[0m incoming body is content-length (702 bytes)
[2m2025-12-10T10:09:07.629073Z[0m [34mDEBUG[0m [2mhyper::proto::h1::conn[0m[2m:[0m incoming body completed
[2m2025-12-10T10:09:07.629078Z[0m [34mDEBUG[0m [2mhyper::client::pool[0m[2m:[0m pooling idle connection for ("http", 192.168.0.14:8545)
[2m2025-12-10T10:09:07.629083Z[0m [34mDEBUG[0m [2methereum_transaction_pool_monitor::eth_client[0m[2m:[0m 📡 Transaction fetch RPC completed in 7.164084ms
[2m2025-12-10T10:09:07.699439Z[0m [34mDEBUG[0m [2methereum_transaction_pool_monitor::eth_client[0m[2m:[0m ✅ Transaction 0xef1f9ee8213bf56e07fb7f978abdc18faed483559d942c3df6122f37820331aa fetched and parsed in 77.518042ms
[2m2025-12-10T10:09:07.699465Z[0m [34mDEBUG[0m [2methereum_transaction_pool_monitor::mempool_monitor[0m[2m:[0m 🔍 Skipping tx 0xef1f9ee8213bf56e07fb7f978abdc18faed483559d942c3df6122f37820331aa - not a DEX interaction (target: 0xCd8c3D7C593eDb1690e80D7fA442632d9aA90955)
[2m2025-12-10T10:09:07.699476Z[0m [34mDEBUG[0m [2methereum_transaction_pool_monitor::mempool_monitor[0m[2m:[0m 📨 Processing new pending transaction: 0x7b5728347e1869c3730f8d70a9f8e723844f254a85c7c25accd3359cabcd2782
[2m2025-12-10T10:09:07.699483Z[0m [34mDEBUG[0m [2methereum_transaction_pool_monitor::mempool_monitor[0m[2m:[0m 🔍 Fetching transaction details for: 0x7b5728347e1869c3730f8d70a9f8e723844f254a85c7c25accd3359cabcd2782
[2m2025-12-10T10:09:07.699488Z[0m [34mDEBUG[0m [2methereum_transaction_pool_monitor::eth_client[0m[2m:[0m 🔍 Fetching transaction details for hash: 0x7b5728347e1869c3730f8d70a9f8e723844f254a85c7c25accd3359cabcd2782
[2m2025-12-10T10:09:07.699507Z[0m [34mDEBUG[0m [2mhyper::client::pool[0m[2m:[0m reuse idle connection for ("http", 192.168.0.14:8545)
[2m2025-12-10T10:09:07.699547Z[0m [34mDEBUG[0m [2mhyper::proto::h1::io[0m[2m:[0m flushed 250 bytes
[2m2025-12-10T10:09:07.699576Z[0m [34mDEBUG[0m [2mhyper::client::pool[0m[2m:[0m reuse idle connection for ("http", 192.168.0.14:8545)
[2m2025-12-10T10:09:07.699592Z[0m [34mDEBUG[0m [2mhyper::proto::h1::io[0m[2m:[0m flushed 172 bytes
[2m2025-12-10T10:09:07.707939Z[0m [34mDEBUG[0m [2methereum_transaction_pool_monitor::eth_client[0m[2m:[0m 📨 Received WebSocket message: {"jsonrpc":"2.0","method":"eth_subscription","params":{"subscription":"0xbed0a0851463e895960a451075a301a9","result":"0x1248c71e83ac37d878ac1e2fe98431555bfcba39ed0347c694db752e7aef92f1"}}
[2m2025-12-10T10:09:07.707970Z[0m [34mDEBUG[0m [2methereum_transaction_pool_monitor::eth_client[0m[2m:[0m 📨 Received pending transaction: 0x1248c71e83ac37d878ac1e2fe98431555bfcba39ed0347c694db752e7aef92f1
[2m2025-12-10T10:09:07.710272Z[0m [34mDEBUG[0m [2mhyper::proto::h1::io[0m[2m:[0m parsed 4 headers
[2m2025-12-10T10:09:07.710294Z[0m [34mDEBUG[0m [2mhyper::proto::h1::conn[0m[2m:[0m incoming body is content-length (45 bytes)
[2m2025-12-10T10:09:07.710305Z[0m [34mDEBUG[0m [2mhyper::proto::h1::conn[0m[2m:[0m incoming body completed
[2m2025-12-10T10:09:07.710317Z[0m [34mDEBUG[0m [2mhyper::client::pool[0m[2m:[0m pooling idle connection for ("http", 192.168.0.14:8545)
[2m2025-12-10T10:09:07.710339Z[0m [34mDEBUG[0m [2mhyper::proto::h1::io[0m[2m:[0m parsed 4 headers
[2m2025-12-10T10:09:07.710354Z[0m [34mDEBUG[0m [2mhyper::proto::h1::conn[0m[2m:[0m incoming body is content-length (4734 bytes)
[2m2025-12-10T10:09:07.710359Z[0m [34mDEBUG[0m [2mhyper::proto::h1::conn[0m[2m:[0m incoming body completed
[2m2025-12-10T10:09:07.710365Z[0m [34mDEBUG[0m [2mhyper::client::pool[0m[2m:[0m pooling idle connection for ("http", 192.168.0.14:8545)
[2m2025-12-10T10:09:07.710370Z[0m [34mDEBUG[0m [2methereum_transaction_pool_monitor::eth_client[0m[2m:[0m 📡 Transaction fetch RPC completed in 10.877208ms
[2m2025-12-10T10:09:07.716997Z[0m [34mDEBUG[0m [2methereum_transaction_pool_monitor::eth_client[0m[2m:[0m 📨 Received WebSocket message: {"jsonrpc":"2.0","method":"eth_subscription","params":{"subscription":"0xbed0a0851463e895960a451075a301a9","result":"0xe84e5eb5e461ac6406a4976e494417ba3160865e360f687e7217765be79f3094"}}
[2m2025-12-10T10:09:07.717007Z[0m [34mDEBUG[0m [2methereum_transaction_pool_monitor::eth_client[0m[2m:[0m 📨 Received pending transaction: 0xe84e5eb5e461ac6406a4976e494417ba3160865e360f687e7217765be79f3094
[2m2025-12-10T10:09:07.781283Z[0m [34mDEBUG[0m [2methereum_transaction_pool_monitor::eth_client[0m[2m:[0m ✅ Transaction 0x7b5728347e1869c3730f8d70a9f8e723844f254a85c7c25accd3359cabcd2782 fetched and parsed in 81.788542ms
[2m2025-12-10T10:09:07.781311Z[0m [34mDEBUG[0m [2methereum_transaction_pool_monitor::mempool_monitor[0m[2m:[0m 🔍 Skipping tx 0x7b5728347e1869c3730f8d70a9f8e723844f254a85c7c25accd3359cabcd2782 - not a DEX interaction (target: 0x5E1f62Dac767b0491e3CE72469C217365D5B48cC)
[2m2025-12-10T10:09:07.781322Z[0m [34mDEBUG[0m [2methereum_transaction_pool_monitor::mempool_monitor[0m[2m:[0m 📨 Processing new pending transaction: 0xf45f300b02ac4d838fbb9ca86e505a9780cd64160da12871d35e939dd7c8f816
[2m2025-12-10T10:09:07.781330Z[0m [34mDEBUG[0m [2methereum_transaction_pool_monitor::mempool_monitor[0m[2m:[0m 🔍 Fetching transaction details for: 0xf45f300b02ac4d838fbb9ca86e505a9780cd64160da12871d35e939dd7c8f816
[2m2025-12-10T10:09:07.781336Z[0m [34mDEBUG[0m [2methereum_transaction_pool_monitor::eth_client[0m[2m:[0m 🔍 Fetching transaction details for hash: 0xf45f300b02ac4d838fbb9ca86e505a9780cd64160da12871d35e939dd7c8f816
[2m2025-12-10T10:09:07.781356Z[0m [34mDEBUG[0m [2mhyper::client::pool[0m[2m:[0m reuse idle connection for ("http", 192.168.0.14:8545)
[2m2025-12-10T10:09:07.781403Z[0m [34mDEBUG[0m [2mhyper::proto::h1::io[0m[2m:[0m flushed 250 bytes
[2m2025-12-10T10:09:07.789263Z[0m [34mDEBUG[0m [2mhyper::proto::h1::io[0m[2m:[0m parsed 4 headers
[2m2025-12-10T10:09:07.789272Z[0m [34mDEBUG[0m [2mhyper::proto::h1::conn[0m[2m:[0m incoming body is content-length (654 bytes)
[2m2025-12-10T10:09:07.789279Z[0m [34mDEBUG[0m [2mhyper::proto::h1::conn[0m[2m:[0m incoming body completed
[2m2025-12-10T10:09:07.789288Z[0m [34mDEBUG[0m [2mhyper::client::pool[0m[2m:[0m pooling idle connection for ("http", 192.168.0.14:8545)
[2m2025-12-10T10:09:07.789294Z[0m [34mDEBUG[0m [2methereum_transaction_pool_monitor::eth_client[0m[2m:[0m 📡 Transaction fetch RPC completed in 7.954333ms
[2m2025-12-10T10:09:07.860387Z[0m [34mDEBUG[0m [2methereum_transaction_pool_monitor::eth_client[0m[2m:[0m ✅ Transaction 0xf45f300b02ac4d838fbb9ca86e505a9780cd64160da12871d35e939dd7c8f816 fetched and parsed in 79.044625ms
[2m2025-12-10T10:09:07.860420Z[0m [34mDEBUG[0m [2methereum_transaction_pool_monitor::mempool_monitor[0m[2m:[0m 🔍 Skipping tx 0xf45f300b02ac4d838fbb9ca86e505a9780cd64160da12871d35e939dd7c8f816 - not a DEX interaction (target: 0x552e4d0862a273c2b96E10Ca4c095a507A292d39)
[2m2025-12-10T10:09:07.860431Z[0m [34mDEBUG[0m [2methereum_transaction_pool_monitor::mempool_monitor[0m[2m:[0m 📨 Processing new pending transaction: 0xb3bbf0f48c475cecaf1cbf283550cba3943b4299f6a876f2af404a31c1edd3d5
[2m2025-12-10T10:09:07.860439Z[0m [34mDEBUG[0m [2methereum_transaction_pool_monitor::mempool_monitor[0m[2m:[0m 🔍 Fetching transaction details for: 0xb3bbf0f48c475cecaf1cbf283550cba3943b4299f6a876f2af404a31c1edd3d5
[2m2025-12-10T10:09:07.860445Z[0m [34mDEBUG[0m [2methereum_transaction_pool_monitor::eth_client[0m[2m:[0m 🔍 Fetching transaction details for hash: 0xb3bbf0f48c475cecaf1cbf283550cba3943b4299f6a876f2af404a31c1edd3d5
[2m2025-12-10T10:09:07.860466Z[0m [34mDEBUG[0m [2mhyper::client::pool[0m[2m:[0m reuse idle connection for ("http", 192.168.0.14:8545)
[2m2025-12-10T10:09:07.860511Z[0m [34mDEBUG[0m [2mhyper::proto::h1::io[0m[2m:[0m flushed 250 bytes
[2m2025-12-10T10:09:07.860533Z[0m [34mDEBUG[0m [2mhyper::client::pool[0m[2m:[0m reuse idle connection for ("http", 192.168.0.14:8545)
[2m2025-12-10T10:09:07.860541Z[0m [34mDEBUG[0m [2methereum_transaction_pool_monitor::eth_client[0m[2m:[0m 📨 Received WebSocket message: {"jsonrpc":"2.0","method":"eth_subscription","params":{"subscription":"0xbed0a0851463e895960a451075a301a9","result":"0x4c9d43cf280eeeb9db474628bad8198ee6cb3e7d31a9433f74483473306e83af"}}
[2m2025-12-10T10:09:07.860555Z[0m [34mDEBUG[0m [2methereum_transaction_pool_monitor::eth_client[0m[2m:[0m 📨 Received pending transaction: 0x4c9d43cf280eeeb9db474628bad8198ee6cb3e7d31a9433f74483473306e83af
[2m2025-12-10T10:09:07.860557Z[0m [34mDEBUG[0m [2mhyper::proto::h1::io[0m[2m:[0m flushed 172 bytes
[2m2025-12-10T10:09:07.874007Z[0m [34mDEBUG[0m [2mhyper::proto::h1::io[0m[2m:[0m parsed 4 headers
[2m2025-12-10T10:09:07.874023Z[0m [34mDEBUG[0m [2mhyper::proto::h1::conn[0m[2m:[0m incoming body is content-length (45 bytes)
[2m2025-12-10T10:09:07.874037Z[0m [34mDEBUG[0m [2mhyper::proto::h1::conn[0m[2m:[0m incoming body completed
[2m2025-12-10T10:09:07.874055Z[0m [34mDEBUG[0m [2mhyper::client::pool[0m[2m:[0m pooling idle connection for ("http", 192.168.0.14:8545)
[2m2025-12-10T10:09:07.875931Z[0m [34mDEBUG[0m [2mhyper::proto::h1::io[0m[2m:[0m parsed 4 headers
[2m2025-12-10T10:09:07.875943Z[0m [34mDEBUG[0m [2mhyper::proto::h1::conn[0m[2m:[0m incoming body is content-length (655 bytes)
[2m2025-12-10T10:09:07.875954Z[0m [34mDEBUG[0m [2mhyper::proto::h1::conn[0m[2m:[0m incoming body completed
[2m2025-12-10T10:09:07.875966Z[0m [34mDEBUG[0m [2mhyper::client::pool[0m[2m:[0m pooling idle connection for ("http", 192.168.0.14:8545)
[2m2025-12-10T10:09:07.875975Z[0m [34mDEBUG[0m [2methereum_transaction_pool_monitor::eth_client[0m[2m:[0m 📡 Transaction fetch RPC completed in 15.525584ms
[2m2025-12-10T10:09:07.946877Z[0m [34mDEBUG[0m [2methereum_transaction_pool_monitor::eth_client[0m[2m:[0m ✅ Transaction 0xb3bbf0f48c475cecaf1cbf283550cba3943b4299f6a876f2af404a31c1edd3d5 fetched and parsed in 86.42475ms
[2m2025-12-10T10:09:07.946903Z[0m [34mDEBUG[0m [2methereum_transaction_pool_monitor::mempool_monitor[0m[2m:[0m 🔍 Skipping tx 0xb3bbf0f48c475cecaf1cbf283550cba3943b4299f6a876f2af404a31c1edd3d5 - not a DEX interaction (target: 0x3E72547CF4fCD2fa58f83F8575145F4aa083226c)
[2m2025-12-10T10:09:07.946917Z[0m [34mDEBUG[0m [2methereum_transaction_pool_monitor::mempool_monitor[0m[2m:[0m 📨 Processing new pending transaction: 0xef79ea9db37e1c9205bf141311b3f10f7518a9b6aa0933adc3007071f4683fbc
[2m2025-12-10T10:09:07.946924Z[0m [34mDEBUG[0m [2methereum_transaction_pool_monitor::mempool_monitor[0m[2m:[0m 🔍 Fetching transaction details for: 0xef79ea9db37e1c9205bf141311b3f10f7518a9b6aa0933adc3007071f4683fbc
[2m2025-12-10T10:09:07.946928Z[0m [34mDEBUG[0m [2methereum_transaction_pool_monitor::eth_client[0m[2m:[0m 🔍 Fetching transaction details for hash: 0xef79ea9db37e1c9205bf141311b3f10f7518a9b6aa0933adc3007071f4683fbc
[2m2025-12-10T10:09:07.946948Z[0m [34mDEBUG[0m [2mhyper::client::pool[0m[2m:[0m reuse idle connection for ("http", 192.168.0.14:8545)
[2m2025-12-10T10:09:07.946987Z[0m [34mDEBUG[0m [2mhyper::proto::h1::io[0m[2m:[0m flushed 250 bytes
[2m2025-12-10T10:09:07.947028Z[0m [34mDEBUG[0m [2mhyper::client::pool[0m[2m:[0m reuse idle connection for ("http", 192.168.0.14:8545)
[2m2025-12-10T10:09:07.947048Z[0m [34mDEBUG[0m [2mhyper::proto::h1::io[0m[2m:[0m flushed 172 bytes
[2m2025-12-10T10:09:07.952876Z[0m [34mDEBUG[0m [2mhyper::proto::h1::io[0m[2m:[0m parsed 4 headers
[2m2025-12-10T10:09:07.952884Z[0m [34mDEBUG[0m [2mhyper::proto::h1::conn[0m[2m:[0m incoming body is content-length (45 bytes)
[2m2025-12-10T10:09:07.952896Z[0m [34mDEBUG[0m [2mhyper::proto::h1::conn[0m[2m:[0m incoming body completed
[2m2025-12-10T10:09:07.952910Z[0m [34mDEBUG[0m [2mhyper::client::pool[0m[2m:[0m pooling idle connection for ("http", 192.168.0.14:8545)
[2m2025-12-10T10:09:07.952934Z[0m [34mDEBUG[0m [2mhyper::proto::h1::io[0m[2m:[0m parsed 4 headers
[2m2025-12-10T10:09:07.952940Z[0m [34mDEBUG[0m [2mhyper::proto::h1::conn[0m[2m:[0m incoming body is content-length (1063 bytes)
[2m2025-12-10T10:09:07.952945Z[0m [34mDEBUG[0m [2mhyper::proto::h1::conn[0m[2m:[0m incoming body completed
[2m2025-12-10T10:09:07.952953Z[0m [34mDEBUG[0m [2mhyper::client::pool[0m[2m:[0m pooling idle connection for ("http", 192.168.0.14:8545)
[2m2025-12-10T10:09:07.952959Z[0m [34mDEBUG[0m [2methereum_transaction_pool_monitor::eth_client[0m[2m:[0m 📡 Transaction fetch RPC completed in 6.025917ms
[2m2025-12-10T10:09:07.952973Z[0m [34mDEBUG[0m [2methereum_transaction_pool_monitor::eth_client[0m[2m:[0m DeFi transaction detected - Address: 0x7a250d5630b4cf539739df2c5dacb4c659f2488d, Type: DexRouter, Value: 0 ETH, Gas: 0.19 Gwei
[2m2025-12-10T10:09:07.952990Z[0m [34mDEBUG[0m [2methereum_transaction_pool_monitor::eth_client[0m[2m:[0m ✅ Transaction 0xef79ea9db37e1c9205bf141311b3f10f7518a9b6aa0933adc3007071f4683fbc fetched and parsed in 6.056625ms
[2m2025-12-10T10:09:07.952996Z[0m [34mDEBUG[0m [2methereum_transaction_pool_monitor::mempool_monitor[0m[2m:[0m 🔍 Skipping tx 0xef79ea9db37e1c9205bf141311b3f10f7518a9b6aa0933adc3007071f4683fbc - not a DEX interaction (target: 0x7a250d5630B4cF539739dF2C5dAcb4c659F2488D)
[2m2025-12-10T10:09:07.953006Z[0m [34mDEBUG[0m [2methereum_transaction_pool_monitor::mempool_monitor[0m[2m:[0m 📨 Processing new pending transaction: 0x32adf49341d4d49d6c68a87d6cb7ba156e2e53e7bebbd04a02594033b4f51522
[2m2025-12-10T10:09:07.953010Z[0m [34mDEBUG[0m [2methereum_transaction_pool_monitor::mempool_monitor[0m[2m:[0m 🔍 Fetching transaction details for: 0x32adf49341d4d49d6c68a87d6cb7ba156e2e53e7bebbd04a02594033b4f51522
[2m2025-12-10T10:09:07.953018Z[0m [34mDEBUG[0m [2methereum_transaction_pool_monitor::eth_client[0m[2m:[0m 🔍 Fetching transaction details for hash: 0x32adf49341d4d49d6c68a87d6cb7ba156e2e53e7bebbd04a02594033b4f51522
[2m2025-12-10T10:09:07.953031Z[0m [34mDEBUG[0m [2mhyper::client::pool[0m[2m:[0m reuse idle connection for ("http", 192.168.0.14:8545)
[2m2025-12-10T10:09:07.953043Z[0m [34mDEBUG[0m [2mhyper::proto::h1::io[0m[2m:[0m flushed 250 bytes
[2m2025-12-10T10:09:07.960422Z[0m [34mDEBUG[0m [2mhyper::proto::h1::io[0m[2m:[0m parsed 4 headers
[2m2025-12-10T10:09:07.960428Z[0m [34mDEBUG[0m [2mhyper::proto::h1::conn[0m[2m:[0m incoming body is content-length (830 bytes)
[2m2025-12-10T10:09:07.960433Z[0m [34mDEBUG[0m [2mhyper::proto::h1::conn[0m[2m:[0m incoming body completed
[2m2025-12-10T10:09:07.960437Z[0m [34mDEBUG[0m [2mhyper::client::pool[0m[2m:[0m pooling idle connection for ("http", 192.168.0.14:8545)
[2m2025-12-10T10:09:07.960441Z[0m [34mDEBUG[0m [2methereum_transaction_pool_monitor::eth_client[0m[2m:[0m 📡 Transaction fetch RPC completed in 7.419709ms
[2m2025-12-10T10:09:08.029932Z[0m [34mDEBUG[0m [2methereum_transaction_pool_monitor::eth_client[0m[2m:[0m ✅ Transaction 0x32adf49341d4d49d6c68a87d6cb7ba156e2e53e7bebbd04a02594033b4f51522 fetched and parsed in 76.907625ms
[2m2025-12-10T10:09:08.029961Z[0m [34mDEBUG[0m [2methereum_transaction_pool_monitor::mempool_monitor[0m[2m:[0m 🔍 Skipping tx 0x32adf49341d4d49d6c68a87d6cb7ba156e2e53e7bebbd04a02594033b4f51522 - not a DEX interaction (target: 0x3B4D794a66304F130a4Db8F2551B0070dfCf5ca7)
[2m2025-12-10T10:09:08.029972Z[0m [34mDEBUG[0m [2methereum_transaction_pool_monitor::mempool_monitor[0m[2m:[0m 📨 Processing new pending transaction: 0x3ce9fced0fcbe06e053dccd54c2c4037d28e7b104991a7b93ed723b1b2d3b357
[2m2025-12-10T10:09:08.029978Z[0m [34mDEBUG[0m [2methereum_transaction_pool_monitor::mempool_monitor[0m[2m:[0m 🔍 Fetching transaction details for: 0x3ce9fced0fcbe06e053dccd54c2c4037d28e7b104991a7b93ed723b1b2d3b357
[2m2025-12-10T10:09:08.029984Z[0m [34mDEBUG[0m [2methereum_transaction_pool_monitor::eth_client[0m[2m:[0m 🔍 Fetching transaction details for hash: 0x3ce9fced0fcbe06e053dccd54c2c4037d28e7b104991a7b93ed723b1b2d3b357
[2m2025-12-10T10:09:08.030002Z[0m [34mDEBUG[0m [2mhyper::client::pool[0m[2m:[0m reuse idle connection for ("http", 192.168.0.14:8545)
[2m2025-12-10T10:09:08.030042Z[0m [34mDEBUG[0m [2mhyper::proto::h1::io[0m[2m:[0m flushed 250 bytes
[2m2025-12-10T10:09:08.030077Z[0m [34mDEBUG[0m [2mhyper::client::pool[0m[2m:[0m reuse idle connection for ("http", 192.168.0.14:8545)
[2m2025-12-10T10:09:08.030101Z[0m [34mDEBUG[0m [2mhyper::proto::h1::io[0m[2m:[0m flushed 172 bytes
[2m2025-12-10T10:09:08.038378Z[0m [34mDEBUG[0m [2mhyper::proto::h1::io[0m[2m:[0m parsed 4 headers
[2m2025-12-10T10:09:08.038410Z[0m [34mDEBUG[0m [2mhyper::proto::h1::conn[0m[2m:[0m incoming body is content-length (45 bytes)
[2m2025-12-10T10:09:08.038410Z[0m [34mDEBUG[0m [2mhyper::proto::h1::io[0m[2m:[0m parsed 4 headers
[2m2025-12-10T10:09:08.038425Z[0m [34mDEBUG[0m [2mhyper::proto::h1::conn[0m[2m:[0m incoming body completed
[2m2025-12-10T10:09:08.038426Z[0m [34mDEBUG[0m [2mhyper::proto::h1::conn[0m[2m:[0m incoming body is content-length (4735 bytes)
[2m2025-12-10T10:09:08.038437Z[0m [34mDEBUG[0m [2mhyper::client::pool[0m[2m:[0m pooling idle connection for ("http", 192.168.0.14:8545)
[2m2025-12-10T10:09:08.038440Z[0m [34mDEBUG[0m [2mhyper::proto::h1::conn[0m[2m:[0m incoming body completed
[2m2025-12-10T10:09:08.038451Z[0m [34mDEBUG[0m [2mhyper::client::pool[0m[2m:[0m pooling idle connection for ("http", 192.168.0.14:8545)
[2m2025-12-10T10:09:08.038456Z[0m [34mDEBUG[0m [2methereum_transaction_pool_monitor::eth_client[0m[2m:[0m 📡 Transaction fetch RPC completed in 8.468333ms
[2m2025-12-10T10:09:08.097452Z[0m [34mDEBUG[0m [2mhyper::client::pool[0m[2m:[0m reuse idle connection for ("http", 192.168.0.14:8545)
[2m2025-12-10T10:09:08.097521Z[0m [34mDEBUG[0m [2mhyper::proto::h1::io[0m[2m:[0m flushed 172 bytes
[2m2025-12-10T10:09:08.106071Z[0m [34mDEBUG[0m [2mhyper::proto::h1::io[0m[2m:[0m parsed 4 headers
[2m2025-12-10T10:09:08.106081Z[0m [34mDEBUG[0m [2mhyper::proto::h1::conn[0m[2m:[0m incoming body is content-length (45 bytes)
[2m2025-12-10T10:09:08.106089Z[0m [34mDEBUG[0m [2mhyper::proto::h1::conn[0m[2m:[0m incoming body completed
[2m2025-12-10T10:09:08.106098Z[0m [34mDEBUG[0m [2mhyper::client::pool[0m[2m:[0m pooling idle connection for ("http", 192.168.0.14:8545)
[2m2025-12-10T10:09:08.109242Z[0m [34mDEBUG[0m [2methereum_transaction_pool_monitor::eth_client[0m[2m:[0m ✅ Transaction 0x3ce9fced0fcbe06e053dccd54c2c4037d28e7b104991a7b93ed723b1b2d3b357 fetched and parsed in 79.253583ms
[2m2025-12-10T10:09:08.109258Z[0m [34mDEBUG[0m [2methereum_transaction_pool_monitor::mempool_monitor[0m[2m:[0m 🔍 Skipping tx 0x3ce9fced0fcbe06e053dccd54c2c4037d28e7b104991a7b93ed723b1b2d3b357 - not a DEX interaction (target: 0x5E1f62Dac767b0491e3CE72469C217365D5B48cC)
[2m2025-12-10T10:09:08.109268Z[0m [34mDEBUG[0m [2methereum_transaction_pool_monitor::mempool_monitor[0m[2m:[0m 📨 Processing new pending transaction: 0xe69d5f9c3bfa4e9ab38c4d6ddcf3c6c4418f4449a1d551cf4e72ddf6b498e35f
[2m2025-12-10T10:09:08.109275Z[0m [34mDEBUG[0m [2methereum_transaction_pool_monitor::mempool_monitor[0m[2m:[0m 🔍 Fetching transaction details for: 0xe69d5f9c3bfa4e9ab38c4d6ddcf3c6c4418f4449a1d551cf4e72ddf6b498e35f
[2m2025-12-10T10:09:08.109282Z[0m [34mDEBUG[0m [2methereum_transaction_pool_monitor::eth_client[0m[2m:[0m 🔍 Fetching transaction details for hash: 0xe69d5f9c3bfa4e9ab38c4d6ddcf3c6c4418f4449a1d551cf4e72ddf6b498e35f
[2m2025-12-10T10:09:08.109297Z[0m [34mDEBUG[0m [2mhyper::client::pool[0m[2m:[0m reuse idle connection for ("http", 192.168.0.14:8545)
[2m2025-12-10T10:09:08.109328Z[0m [34mDEBUG[0m [2mhyper::proto::h1::io[0m[2m:[0m flushed 250 bytes
[2m2025-12-10T10:09:08.121018Z[0m [34mDEBUG[0m [2mhyper::proto::h1::io[0m[2m:[0m parsed 4 headers
[2m2025-12-10T10:09:08.121033Z[0m [34mDEBUG[0m [2mhyper::proto::h1::conn[0m[2m:[0m incoming body is content-length (4735 bytes)
[2m2025-12-10T10:09:08.121044Z[0m [34mDEBUG[0m [2mhyper::proto::h1::conn[0m[2m:[0m incoming body completed
[2m2025-12-10T10:09:08.121065Z[0m [34mDEBUG[0m [2mhyper::client::pool[0m[2m:[0m pooling idle connection for ("http", 192.168.0.14:8545)
[2m2025-12-10T10:09:08.121071Z[0m [34mDEBUG[0m [2methereum_transaction_pool_monitor::eth_client[0m[2m:[0m 📡 Transaction fetch RPC completed in 11.783625ms
[2m2025-12-10T10:09:08.191465Z[0m [34mDEBUG[0m [2methereum_transaction_pool_monitor::eth_client[0m[2m:[0m ✅ Transaction 0xe69d5f9c3bfa4e9ab38c4d6ddcf3c6c4418f4449a1d551cf4e72ddf6b498e35f fetched and parsed in 82.174375ms
[2m2025-12-10T10:09:08.191485Z[0m [34mDEBUG[0m [2methereum_transaction_pool_monitor::mempool_monitor[0m[2m:[0m 🔍 Skipping tx 0xe69d5f9c3bfa4e9ab38c4d6ddcf3c6c4418f4449a1d551cf4e72ddf6b498e35f - not a DEX interaction (target: 0x5E1f62Dac767b0491e3CE72469C217365D5B48cC)
[2m2025-12-10T10:09:08.191497Z[0m [34mDEBUG[0m [2methereum_transaction_pool_monitor::mempool_monitor[0m[2m:[0m 📨 Processing new pending transaction: 0x4ee3c5978406deea8f33bade56423a304cc8160b26c18c69725c953baefcd57a
[2m2025-12-10T10:09:08.191503Z[0m [34mDEBUG[0m [2methereum_transaction_pool_monitor::mempool_monitor[0m[2m:[0m 🔍 Fetching transaction details for: 0x4ee3c5978406deea8f33bade56423a304cc8160b26c18c69725c953baefcd57a
[2m2025-12-10T10:09:08.191511Z[0m [34mDEBUG[0m [2methereum_transaction_pool_monitor::eth_client[0m[2m:[0m 🔍 Fetching transaction details for hash: 0x4ee3c5978406deea8f33bade56423a304cc8160b26c18c69725c953baefcd57a
[2m2025-12-10T10:09:08.191532Z[0m [34mDEBUG[0m [2mhyper::client::pool[0m[2m:[0m reuse idle connection for ("http", 192.168.0.14:8545)
[2m2025-12-10T10:09:08.191556Z[0m [34mDEBUG[0m [2mhyper::proto::h1::io[0m[2m:[0m flushed 250 bytes
[2m2025-12-10T10:09:08.195626Z[0m [34mDEBUG[0m [2mhyper::client::pool[0m[2m:[0m reuse idle connection for ("http", 192.168.0.14:8545)
[2m2025-12-10T10:09:08.195648Z[0m [34mDEBUG[0m [2mhyper::proto::h1::io[0m[2m:[0m parsed 4 headers
[2m2025-12-10T10:09:08.195664Z[0m [34mDEBUG[0m [2mhyper::proto::h1::conn[0m[2m:[0m incoming body is content-length (830 bytes)
[2m2025-12-10T10:09:08.195682Z[0m [34mDEBUG[0m [2mhyper::proto::h1::io[0m[2m:[0m flushed 172 bytes
[2m2025-12-10T10:09:08.195684Z[0m [34mDEBUG[0m [2mhyper::proto::h1::conn[0m[2m:[0m incoming body completed
[2m2025-12-10T10:09:08.195698Z[0m [34mDEBUG[0m [2mhyper::client::pool[0m[2m:[0m pooling idle connection for ("http", 192.168.0.14:8545)
[2m2025-12-10T10:09:08.195705Z[0m [34mDEBUG[0m [2methereum_transaction_pool_monitor::eth_client[0m[2m:[0m 📡 Transaction fetch RPC completed in 4.187958ms
[2m2025-12-10T10:09:08.200305Z[0m [34mDEBUG[0m [2mhyper::proto::h1::io[0m[2m:[0m parsed 4 headers
[2m2025-12-10T10:09:08.200313Z[0m [34mDEBUG[0m [2mhyper::proto::h1::conn[0m[2m:[0m incoming body is content-length (45 bytes)
[2m2025-12-10T10:09:08.200319Z[0m [34mDEBUG[0m [2mhyper::proto::h1::conn[0m[2m:[0m incoming body completed
[2m2025-12-10T10:09:08.200327Z[0m [34mDEBUG[0m [2mhyper::client::pool[0m[2m:[0m pooling idle connection for ("http", 192.168.0.14:8545)
[2m2025-12-10T10:09:08.215142Z[0m [34mDEBUG[0m [2methereum_transaction_pool_monitor::eth_client[0m[2m:[0m 📨 Received WebSocket message: {"jsonrpc":"2.0","method":"eth_subscription","params":{"subscription":"0xbed0a0851463e895960a451075a301a9","result":"0x750797c76d6615633f143313097c503e59098866c0e2e59b5b3a8b51003ef394"}}
[2m2025-12-10T10:09:08.218219Z[0m [34mDEBUG[0m [2methereum_transaction_pool_monitor::eth_client[0m[2m:[0m 📨 Received pending transaction: 0x750797c76d6615633f143313097c503e59098866c0e2e59b5b3a8b51003ef394
[2m2025-12-10T10:09:08.225753Z[0m [34mDEBUG[0m [2methereum_transaction_pool_monitor::eth_client[0m[2m:[0m 📨 Received WebSocket message: {"jsonrpc":"2.0","method":"eth_subscription","params":{"subscription":"0xbed0a0851463e895960a451075a301a9","result":"0xbe5bf4e79971c11b5c8b29010507726c5ff69f0602b9b7afb95057f978548fd2"}}
[2m2025-12-10T10:09:08.225768Z[0m [34mDEBUG[0m [2methereum_transaction_pool_monitor::eth_client[0m[2m:[0m 📨 Received pending transaction: 0xbe5bf4e79971c11b5c8b29010507726c5ff69f0602b9b7afb95057f978548fd2
[2m2025-12-10T10:09:08.266364Z[0m [34mDEBUG[0m [2methereum_transaction_pool_monitor::eth_client[0m[2m:[0m ✅ Transaction 0x4ee3c5978406deea8f33bade56423a304cc8160b26c18c69725c953baefcd57a fetched and parsed in 74.844458ms
[2m2025-12-10T10:09:08.266394Z[0m [34mDEBUG[0m [2methereum_transaction_pool_monitor::mempool_monitor[0m[2m:[0m 🔍 Skipping tx 0x4ee3c5978406deea8f33bade56423a304cc8160b26c18c69725c953baefcd57a - not a DEX interaction (target: 0x3B4D794a66304F130a4Db8F2551B0070dfCf5ca7)
[2m2025-12-10T10:09:08.266404Z[0m [34mDEBUG[0m [2methereum_transaction_pool_monitor::mempool_monitor[0m[2m:[0m 📨 Processing new pending transaction: 0x26892c12eec58cf6333ff8cdc0f5befd4cbc8ba1197128e12fec64f5aa64e68a
[2m2025-12-10T10:09:08.266413Z[0m [34mDEBUG[0m [2methereum_transaction_pool_monitor::mempool_monitor[0m[2m:[0m 🔍 Fetching transaction details for: 0x26892c12eec58cf6333ff8cdc0f5befd4cbc8ba1197128e12fec64f5aa64e68a
[2m2025-12-10T10:09:08.266419Z[0m [34mDEBUG[0m [2methereum_transaction_pool_monitor::eth_client[0m[2m:[0m 🔍 Fetching transaction details for hash: 0x26892c12eec58cf6333ff8cdc0f5befd4cbc8ba1197128e12fec64f5aa64e68a
[2m2025-12-10T10:09:08.266436Z[0m [34mDEBUG[0m [2mhyper::client::pool[0m[2m:[0m reuse idle connection for ("http", 192.168.0.14:8545)
[2m2025-12-10T10:09:08.266479Z[0m [34mDEBUG[0m [2mhyper::proto::h1::io[0m[2m:[0m flushed 250 bytes
[2m2025-12-10T10:09:08.270919Z[0m [34mDEBUG[0m [2mhyper::proto::h1::io[0m[2m:[0m parsed 4 headers
[2m2025-12-10T10:09:08.270927Z[0m [34mDEBUG[0m [2mhyper::proto::h1::conn[0m[2m:[0m incoming body is content-length (4734 bytes)
[2m2025-12-10T10:09:08.270941Z[0m [34mDEBUG[0m [2methereum_transaction_pool_monitor::eth_client[0m[2m:[0m 📡 Transaction fetch RPC completed in 4.517417ms
[2m2025-12-10T10:09:08.273293Z[0m [34mDEBUG[0m [2mhyper::proto::h1::conn[0m[2m:[0m incoming body completed
[2m2025-12-10T10:09:08.273351Z[0m [34mDEBUG[0m [2mhyper::client::pool[0m[2m:[0m pooling idle connection for ("http", 192.168.0.14:8545)
[2m2025-12-10T10:09:08.297387Z[0m [34mDEBUG[0m [2mhyper::client::pool[0m[2m:[0m reuse idle connection for ("http", 192.168.0.14:8545)
[2m2025-12-10T10:09:08.297460Z[0m [34mDEBUG[0m [2mhyper::proto::h1::io[0m[2m:[0m flushed 172 bytes
[2m2025-12-10T10:09:08.300754Z[0m [34mDEBUG[0m [2mhyper::proto::h1::io[0m[2m:[0m parsed 4 headers
[2m2025-12-10T10:09:08.300762Z[0m [34mDEBUG[0m [2mhyper::proto::h1::conn[0m[2m:[0m incoming body is content-length (45 bytes)
[2m2025-12-10T10:09:08.300770Z[0m [34mDEBUG[0m [2mhyper::proto::h1::conn[0m[2m:[0m incoming body completed
[2m2025-12-10T10:09:08.300779Z[0m [34mDEBUG[0m [2mhyper::client::pool[0m[2m:[0m pooling idle connection for ("http", 192.168.0.14:8545)
[2m2025-12-10T10:09:08.302834Z[0m [34mDEBUG[0m [2methereum_transaction_pool_monitor::eth_client[0m[2m:[0m 📨 Received WebSocket message: {"jsonrpc":"2.0","method":"eth_subscription","params":{"subscription":"0xbed0a0851463e895960a451075a301a9","result":"0xcb4f6fd438c0a5904ff6eab2d0d0b9db477ca1100d624e9c0d51de9a6ab9efe8"}}
[2m2025-12-10T10:09:08.302844Z[0m [34mDEBUG[0m [2methereum_transaction_pool_monitor::eth_client[0m[2m:[0m 📨 Received pending transaction: 0xcb4f6fd438c0a5904ff6eab2d0d0b9db477ca1100d624e9c0d51de9a6ab9efe8
[2m2025-12-10T10:09:08.309929Z[0m [34mDEBUG[0m [2methereum_transaction_pool_monitor::eth_client[0m[2m:[0m 📨 Received WebSocket message: {"jsonrpc":"2.0","method":"eth_subscription","params":{"subscription":"0xbed0a0851463e895960a451075a301a9","result":"0xbc4c279178f370044a9d62e2e0ebe1209b39405dd5fc7cd890eee03de9b238c7"}}
[2m2025-12-10T10:09:08.309940Z[0m [34mDEBUG[0m [2methereum_transaction_pool_monitor::eth_client[0m[2m:[0m 📨 Received pending transaction: 0xbc4c279178f370044a9d62e2e0ebe1209b39405dd5fc7cd890eee03de9b238c7
[2m2025-12-10T10:09:08.344583Z[0m [34mDEBUG[0m [2methereum_transaction_pool_monitor::eth_client[0m[2m:[0m ✅ Transaction 0x26892c12eec58cf6333ff8cdc0f5befd4cbc8ba1197128e12fec64f5aa64e68a fetched and parsed in 78.157375ms
[2m2025-12-10T10:09:08.344610Z[0m [34mDEBUG[0m [2methereum_transaction_pool_monitor::mempool_monitor[0m[2m:[0m 🔍 Skipping tx 0x26892c12eec58cf6333ff8cdc0f5befd4cbc8ba1197128e12fec64f5aa64e68a - not a DEX interaction (target: 0x5E1f62Dac767b0491e3CE72469C217365D5B48cC)
[2m2025-12-10T10:09:08.344623Z[0m [34mDEBUG[0m [2methereum_transaction_pool_monitor::mempool_monitor[0m[2m:[0m 📨 Processing new pending transaction: 0xe278fd1fb3b9c3b54d15140bbbdd58c1a0a1d599064515a89121b1a05277e1dd
[2m2025-12-10T10:09:08.344634Z[0m [34mDEBUG[0m [2methereum_transaction_pool_monitor::mempool_monitor[0m[2m:[0m 🔍 Fetching transaction details for: 0xe278fd1fb3b9c3b54d15140bbbdd58c1a0a1d599064515a89121b1a05277e1dd
[2m2025-12-10T10:09:08.344643Z[0m [34mDEBUG[0m [2methereum_transaction_pool_monitor::eth_client[0m[2m:[0m 🔍 Fetching transaction details for hash: 0xe278fd1fb3b9c3b54d15140bbbdd58c1a0a1d599064515a89121b1a05277e1dd
[2m2025-12-10T10:09:08.344663Z[0m [34mDEBUG[0m [2mhyper::client::pool[0m[2m:[0m reuse idle connection for ("http", 192.168.0.14:8545)
[2m2025-12-10T10:09:08.344702Z[0m [34mDEBUG[0m [2mhyper::proto::h1::io[0m[2m:[0m flushed 250 bytes
[2m2025-12-10T10:09:08.351126Z[0m [34mDEBUG[0m [2mhyper::proto::h1::io[0m[2m:[0m parsed 4 headers
[2m2025-12-10T10:09:08.351155Z[0m [34mDEBUG[0m [2mhyper::proto::h1::conn[0m[2m:[0m incoming body is content-length (4735 bytes)
[2m2025-12-10T10:09:08.351177Z[0m [34mDEBUG[0m [2mhyper::proto::h1::conn[0m[2m:[0m incoming body completed
[2m2025-12-10T10:09:08.351189Z[0m [34mDEBUG[0m [2mhyper::client::pool[0m[2m:[0m pooling idle connection for ("http", 192.168.0.14:8545)
[2m2025-12-10T10:09:08.351197Z[0m [34mDEBUG[0m [2methereum_transaction_pool_monitor::eth_client[0m[2m:[0m 📡 Transaction fetch RPC completed in 6.548667ms
[2m2025-12-10T10:09:08.422055Z[0m [34mDEBUG[0m [2methereum_transaction_pool_monitor::eth_client[0m[2m:[0m ✅ Transaction 0xe278fd1fb3b9c3b54d15140bbbdd58c1a0a1d599064515a89121b1a05277e1dd fetched and parsed in 77.405042ms
[2m2025-12-10T10:09:08.422081Z[0m [34mDEBUG[0m [2methereum_transaction_pool_monitor::mempool_monitor[0m[2m:[0m 🔍 Skipping tx 0xe278fd1fb3b9c3b54d15140bbbdd58c1a0a1d599064515a89121b1a05277e1dd - not a DEX interaction (target: 0x5E1f62Dac767b0491e3CE72469C217365D5B48cC)
[2m2025-12-10T10:09:08.422093Z[0m [34mDEBUG[0m [2methereum_transaction_pool_monitor::mempool_monitor[0m[2m:[0m 📨 Processing new pending transaction: 0xb1ea1967e8048f647593ca649794549b539dcd35a638169bf742a259726310e2
[2m2025-12-10T10:09:08.422105Z[0m [34mDEBUG[0m [2methereum_transaction_pool_monitor::mempool_monitor[0m[2m:[0m 🔍 Fetching transaction details for: 0xb1ea1967e8048f647593ca649794549b539dcd35a638169bf742a259726310e2
[2m2025-12-10T10:09:08.422113Z[0m [34mDEBUG[0m [2methereum_transaction_pool_monitor::eth_client[0m[2m:[0m 🔍 Fetching transaction details for hash: 0xb1ea1967e8048f647593ca649794549b539dcd35a638169bf742a259726310e2
[2m2025-12-10T10:09:08.422135Z[0m [34mDEBUG[0m [2mhyper::client::pool[0m[2m:[0m reuse idle connection for ("http", 192.168.0.14:8545)
[2m2025-12-10T10:09:08.422165Z[0m [34mDEBUG[0m [2mhyper::proto::h1::io[0m[2m:[0m flushed 250 bytes
[2m2025-12-10T10:09:08.422199Z[0m [34mDEBUG[0m [2mhyper::client::pool[0m[2m:[0m reuse idle connection for ("http", 192.168.0.14:8545)
[2m2025-12-10T10:09:08.422219Z[0m [34mDEBUG[0m [2mhyper::proto::h1::io[0m[2m:[0m flushed 172 bytes
[2m2025-12-10T10:09:08.427080Z[0m [34mDEBUG[0m [2mhyper::proto::h1::io[0m[2m:[0m parsed 4 headers
[2m2025-12-10T10:09:08.427102Z[0m [34mDEBUG[0m [2mhyper::proto::h1::conn[0m[2m:[0m incoming body is content-length (654 bytes)
[2m2025-12-10T10:09:08.427128Z[0m [34mDEBUG[0m [2mhyper::proto::h1::conn[0m[2m:[0m incoming body completed
[2m2025-12-10T10:09:08.427140Z[0m [34mDEBUG[0m [2mhyper::client::pool[0m[2m:[0m pooling idle connection for ("http", 192.168.0.14:8545)
[2m2025-12-10T10:09:08.427160Z[0m [34mDEBUG[0m [2methereum_transaction_pool_monitor::eth_client[0m[2m:[0m 📡 Transaction fetch RPC completed in 5.041834ms
[2m2025-12-10T10:09:08.497800Z[0m [34mDEBUG[0m [2methereum_transaction_pool_monitor::eth_client[0m[2m:[0m ✅ Transaction 0xb1ea1967e8048f647593ca649794549b539dcd35a638169bf742a259726310e2 fetched and parsed in 75.679709ms
[2m2025-12-10T10:09:08.497829Z[0m [34mDEBUG[0m [2methereum_transaction_pool_monitor::mempool_monitor[0m[2m:[0m 🔍 Skipping tx 0xb1ea1967e8048f647593ca649794549b539dcd35a638169bf742a259726310e2 - not a DEX interaction (target: 0xFc00F14ECbb546c5A1D42Fbf42a98e123Fbd2F64)
[2m2025-12-10T10:09:08.497839Z[0m [34mDEBUG[0m [2methereum_transaction_pool_monitor::mempool_monitor[0m[2m:[0m 📨 Processing new pending transaction: 0x6b508b27976596af216a2d5310b52e678707552a2254f18200e0b046100dfb33
[2m2025-12-10T10:09:08.497846Z[0m [34mDEBUG[0m [2methereum_transaction_pool_monitor::mempool_monitor[0m[2m:[0m 🔍 Fetching transaction details for: 0x6b508b27976596af216a2d5310b52e678707552a2254f18200e0b046100dfb33
[2m2025-12-10T10:09:08.497851Z[0m [34mDEBUG[0m [2methereum_transaction_pool_monitor::eth_client[0m[2m:[0m 🔍 Fetching transaction details for hash: 0x6b508b27976596af216a2d5310b52e678707552a2254f18200e0b046100dfb33
[2m2025-12-10T10:09:08.497873Z[0m [34mDEBUG[0m [2mhyper::client::pool[0m[2m:[0m reuse idle connection for ("http", 192.168.0.14:8545)
[2m2025-12-10T10:09:08.497922Z[0m [34mDEBUG[0m [2mhyper::proto::h1::io[0m[2m:[0m flushed 250 bytes
[2m2025-12-10T10:09:08.497941Z[0m [34mDEBUG[0m [2mhyper::proto::h1::io[0m[2m:[0m parsed 4 headers
[2m2025-12-10T10:09:08.497948Z[0m [34mDEBUG[0m [2mhyper::proto::h1::conn[0m[2m:[0m incoming body is content-length (45 bytes)
[2m2025-12-10T10:09:08.497956Z[0m [34mDEBUG[0m [2mhyper::proto::h1::conn[0m[2m:[0m incoming body completed
[2m2025-12-10T10:09:08.497966Z[0m [34mDEBUG[0m [2mhyper::client::pool[0m[2m:[0m pooling idle connection for ("http", 192.168.0.14:8545)
[2m2025-12-10T10:09:08.497984Z[0m [34mDEBUG[0m [2mhyper::client::pool[0m[2m:[0m reuse idle connection for ("http", 192.168.0.14:8545)
[2m2025-12-10T10:09:08.498001Z[0m [34mDEBUG[0m [2mhyper::proto::h1::io[0m[2m:[0m flushed 172 bytes
[2m2025-12-10T10:09:08.503621Z[0m [34mDEBUG[0m [2mhyper::proto::h1::io[0m[2m:[0m parsed 4 headers
[2m2025-12-10T10:09:08.503629Z[0m [34mDEBUG[0m [2mhyper::proto::h1::conn[0m[2m:[0m incoming body is content-length (4735 bytes)
[2m2025-12-10T10:09:08.503640Z[0m [34mDEBUG[0m [2methereum_transaction_pool_monitor::eth_client[0m[2m:[0m 📡 Transaction fetch RPC completed in 5.782916ms
[2m2025-12-10T10:09:08.506050Z[0m [34mDEBUG[0m [2mhyper::proto::h1::conn[0m[2m:[0m incoming body completed
[2m2025-12-10T10:09:08.506063Z[0m [34mDEBUG[0m [2mhyper::client::pool[0m[2m:[0m pooling idle connection for ("http", 192.168.0.14:8545)
[2m2025-12-10T10:09:08.506091Z[0m [34mDEBUG[0m [2mhyper::proto::h1::io[0m[2m:[0m parsed 4 headers
[2m2025-12-10T10:09:08.506095Z[0m [34mDEBUG[0m [2mhyper::proto::h1::conn[0m[2m:[0m incoming body is content-length (45 bytes)
[2m2025-12-10T10:09:08.506100Z[0m [34mDEBUG[0m [2mhyper::proto::h1::conn[0m[2m:[0m incoming body completed
[2m2025-12-10T10:09:08.506107Z[0m [34mDEBUG[0m [2mhyper::client::pool[0m[2m:[0m pooling idle connection for ("http", 192.168.0.14:8545)
[2m2025-12-10T10:09:08.520738Z[0m [34mDEBUG[0m [2methereum_transaction_pool_monitor::eth_client[0m[2m:[0m 📨 Received WebSocket message: {"jsonrpc":"2.0","method":"eth_subscription","params":{"subscription":"0xbed0a0851463e895960a451075a301a9","result":"0x76c14c6922032017812687c2757cbd43515aa7670836c0131d70336025336014"}}
[2m2025-12-10T10:09:08.520755Z[0m [34mDEBUG[0m [2methereum_transaction_pool_monitor::eth_client[0m[2m:[0m 📨 Received pending transaction: 0x76c14c6922032017812687c2757cbd43515aa7670836c0131d70336025336014
[2m2025-12-10T10:09:08.522216Z[0m [34mDEBUG[0m [2methereum_transaction_pool_monitor::eth_client[0m[2m:[0m 📨 Received WebSocket message: {"jsonrpc":"2.0","method":"eth_subscription","params":{"subscription":"0xbed0a0851463e895960a451075a301a9","result":"0xed3afb1701f1d64f3bfbe54e49dc75102925ce8df4ff69d16a41f0931d1f36ba"}}
[2m2025-12-10T10:09:08.522284Z[0m [34mDEBUG[0m [2methereum_transaction_pool_monitor::eth_client[0m[2m:[0m 📨 Received pending transaction: 0xed3afb1701f1d64f3bfbe54e49dc75102925ce8df4ff69d16a41f0931d1f36ba
[2m2025-12-10T10:09:08.538111Z[0m [34mDEBUG[0m [2methereum_transaction_pool_monitor::eth_client[0m[2m:[0m 📨 Received WebSocket message: {"jsonrpc":"2.0","method":"eth_subscription","params":{"subscription":"0xbed0a0851463e895960a451075a301a9","result":"0x5287dfa34a44d6fbabf0ba7bbf99f930e0d5c5ea6374862a154499c063b6efa2"}}
[2m2025-12-10T10:09:08.538132Z[0m [34mDEBUG[0m [2methereum_transaction_pool_monitor::eth_client[0m[2m:[0m 📨 Received pending transaction: 0x5287dfa34a44d6fbabf0ba7bbf99f930e0d5c5ea6374862a154499c063b6efa2
[2m2025-12-10T10:09:08.577991Z[0m [34mDEBUG[0m [2methereum_transaction_pool_monitor::eth_client[0m[2m:[0m ✅ Transaction 0x6b508b27976596af216a2d5310b52e678707552a2254f18200e0b046100dfb33 fetched and parsed in 80.132166ms
[2m2025-12-10T10:09:08.578018Z[0m [34mDEBUG[0m [2methereum_transaction_pool_monitor::mempool_monitor[0m[2m:[0m 🔍 Skipping tx 0x6b508b27976596af216a2d5310b52e678707552a2254f18200e0b046100dfb33 - not a DEX interaction (target: 0x5E1f62Dac767b0491e3CE72469C217365D5B48cC)
[2m2025-12-10T10:09:08.578029Z[0m [34mDEBUG[0m [2methereum_transaction_pool_monitor::mempool_monitor[0m[2m:[0m 📨 Processing new pending transaction: 0x7f6b6c5001e1aff75a918c2740871826a997e9fdd9a04f0c47f0613d25ec3512
[2m2025-12-10T10:09:08.578037Z[0m [34mDEBUG[0m [2methereum_transaction_pool_monitor::mempool_monitor[0m[2m:[0m 🔍 Fetching transaction details for: 0x7f6b6c5001e1aff75a918c2740871826a997e9fdd9a04f0c47f0613d25ec3512
[2m2025-12-10T10:09:08.578044Z[0m [34mDEBUG[0m [2methereum_transaction_pool_monitor::eth_client[0m[2m:[0m 🔍 Fetching transaction details for hash: 0x7f6b6c5001e1aff75a918c2740871826a997e9fdd9a04f0c47f0613d25ec3512
[2m2025-12-10T10:09:08.578063Z[0m [34mDEBUG[0m [2mhyper::client::pool[0m[2m:[0m reuse idle connection for ("http", 192.168.0.14:8545)
[2m2025-12-10T10:09:08.578112Z[0m [34mDEBUG[0m [2mhyper::proto::h1::io[0m[2m:[0m flushed 250 bytes
[2m2025-12-10T10:09:08.582396Z[0m [34mDEBUG[0m [2mhyper::proto::h1::io[0m[2m:[0m parsed 4 headers
[2m2025-12-10T10:09:08.582418Z[0m [34mDEBUG[0m [2mhyper::proto::h1::conn[0m[2m:[0m incoming body is content-length (773 bytes)
[2m2025-12-10T10:09:08.582426Z[0m [34mDEBUG[0m [2mhyper::proto::h1::conn[0m[2m:[0m incoming body completed
[2m2025-12-10T10:09:08.582437Z[0m [34mDEBUG[0m [2mhyper::client::pool[0m[2m:[0m pooling idle connection for ("http", 192.168.0.14:8545)
[2m2025-12-10T10:09:08.582444Z[0m [34mDEBUG[0m [2methereum_transaction_pool_monitor::eth_client[0m[2m:[0m 📡 Transaction fetch RPC completed in 4.395916ms
[2m2025-12-10T10:09:08.653669Z[0m [34mDEBUG[0m [2methereum_transaction_pool_monitor::eth_client[0m[2m:[0m ✅ Transaction 0x7f6b6c5001e1aff75a918c2740871826a997e9fdd9a04f0c47f0613d25ec3512 fetched and parsed in 75.618666ms
[2m2025-12-10T10:09:08.653696Z[0m [34mDEBUG[0m [2methereum_transaction_pool_monitor::mempool_monitor[0m[2m:[0m 🔍 Skipping tx 0x7f6b6c5001e1aff75a918c2740871826a997e9fdd9a04f0c47f0613d25ec3512 - not a DEX interaction (target: 0xA0b86991c6218b36c1d19D4a2e9Eb0cE3606eB48)
[2m2025-12-10T10:09:08.653707Z[0m [34mDEBUG[0m [2methereum_transaction_pool_monitor::mempool_monitor[0m[2m:[0m 📨 Processing new pending transaction: 0x155e2309dfd89bdbfde756c632c05d6505a45ae92a2a3ca320716f456241c9c6
[2m2025-12-10T10:09:08.653714Z[0m [34mDEBUG[0m [2methereum_transaction_pool_monitor::mempool_monitor[0m[2m:[0m 🔍 Fetching transaction details for: 0x155e2309dfd89bdbfde756c632c05d6505a45ae92a2a3ca320716f456241c9c6
[2m2025-12-10T10:09:08.653720Z[0m [34mDEBUG[0m [2methereum_transaction_pool_monitor::eth_client[0m[2m:[0m 🔍 Fetching transaction details for hash: 0x155e2309dfd89bdbfde756c632c05d6505a45ae92a2a3ca320716f456241c9c6
[2m2025-12-10T10:09:08.653739Z[0m [34mDEBUG[0m [2mhyper::client::pool[0m[2m:[0m reuse idle connection for ("http", 192.168.0.14:8545)
[2m2025-12-10T10:09:08.653787Z[0m [34mDEBUG[0m [2mhyper::proto::h1::io[0m[2m:[0m flushed 250 bytes
[2m2025-12-10T10:09:08.653807Z[0m [34mDEBUG[0m [2mhyper::client::pool[0m[2m:[0m reuse idle connection for ("http", 192.168.0.14:8545)
[2m2025-12-10T10:09:08.653820Z[0m [34mDEBUG[0m [2methereum_transaction_pool_monitor::eth_client[0m[2m:[0m 📨 Received WebSocket message: {"jsonrpc":"2.0","method":"eth_subscription","params":{"subscription":"0xbed0a0851463e895960a451075a301a9","result":"0xd39ae0aa3abb66a3fe3a093cb80d4d89ad6576b3182c4280dfdc4d46298c4994"}}
[2m2025-12-10T10:09:08.653823Z[0m [34mDEBUG[0m [2mhyper::proto::h1::io[0m[2m:[0m flushed 172 bytes
[2m2025-12-10T10:09:08.653832Z[0m [34mDEBUG[0m [2methereum_transaction_pool_monitor::eth_client[0m[2m:[0m 📨 Received pending transaction: 0xd39ae0aa3abb66a3fe3a093cb80d4d89ad6576b3182c4280dfdc4d46298c4994
[2m2025-12-10T10:09:08.660867Z[0m [34mDEBUG[0m [2mhyper::proto::h1::io[0m[2m:[0m parsed 4 headers
[2m2025-12-10T10:09:08.663396Z[0m [34mDEBUG[0m [2mhyper::proto::h1::conn[0m[2m:[0m incoming body is content-length (768 bytes)
[2m2025-12-10T10:09:08.663407Z[0m [34mDEBUG[0m [2mhyper::proto::h1::conn[0m[2m:[0m incoming body completed
[2m2025-12-10T10:09:08.663420Z[0m [34mDEBUG[0m [2mhyper::client::pool[0m[2m:[0m pooling idle connection for ("http", 192.168.0.14:8545)
[2m2025-12-10T10:09:08.663428Z[0m [34mDEBUG[0m [2methereum_transaction_pool_monitor::eth_client[0m[2m:[0m 📡 Transaction fetch RPC completed in 9.703875ms
[2m2025-12-10T10:09:08.734743Z[0m [34mDEBUG[0m [2methereum_transaction_pool_monitor::eth_client[0m[2m:[0m ✅ Transaction 0x155e2309dfd89bdbfde756c632c05d6505a45ae92a2a3ca320716f456241c9c6 fetched and parsed in 81.015417ms
[2m2025-12-10T10:09:08.734768Z[0m [34mDEBUG[0m [2methereum_transaction_pool_monitor::mempool_monitor[0m[2m:[0m 🔍 Skipping tx 0x155e2309dfd89bdbfde756c632c05d6505a45ae92a2a3ca320716f456241c9c6 - not a DEX interaction (target: 0xA0b86991c6218b36c1d19D4a2e9Eb0cE3606eB48)
[2m2025-12-10T10:09:08.734779Z[0m [34mDEBUG[0m [2methereum_transaction_pool_monitor::mempool_monitor[0m[2m:[0m 📨 Processing new pending transaction: 0x831ad794cf9d0bc51d7743a66f69e989c60bfecc5c64bf11fe00854d1ab09328
[2m2025-12-10T10:09:08.734786Z[0m [34mDEBUG[0m [2methereum_transaction_pool_monitor::mempool_monitor[0m[2m:[0m 🔍 Fetching transaction details for: 0x831ad794cf9d0bc51d7743a66f69e989c60bfecc5c64bf11fe00854d1ab09328
[2m2025-12-10T10:09:08.734791Z[0m [34mDEBUG[0m [2methereum_transaction_pool_monitor::eth_client[0m[2m:[0m 🔍 Fetching transaction details for hash: 0x831ad794cf9d0bc51d7743a66f69e989c60bfecc5c64bf11fe00854d1ab09328
[2m2025-12-10T10:09:08.734810Z[0m [34mDEBUG[0m [2mhyper::client::pool[0m[2m:[0m reuse idle connection for ("http", 192.168.0.14:8545)
[2m2025-12-10T10:09:08.734850Z[0m [34mDEBUG[0m [2mhyper::proto::h1::io[0m[2m:[0m flushed 250 bytes
[2m2025-12-10T10:09:08.734872Z[0m [34mDEBUG[0m [2methereum_transaction_pool_monitor::eth_client[0m[2m:[0m 📨 Received WebSocket message: {"jsonrpc":"2.0","method":"eth_subscription","params":{"subscription":"0xbed0a0851463e895960a451075a301a9","result":"0x5f558ac157fb341b4eda6daba481123565b206ab5f664c8907055adb688a85ca"}}
[2m2025-12-10T10:09:08.734881Z[0m [34mDEBUG[0m [2methereum_transaction_pool_monitor::eth_client[0m[2m:[0m 📨 Received pending transaction: 0x5f558ac157fb341b4eda6daba481123565b206ab5f664c8907055adb688a85ca
[2m2025-12-10T10:09:08.734887Z[0m [34mDEBUG[0m [2methereum_transaction_pool_monitor::eth_client[0m[2m:[0m 📨 Received WebSocket message: {"jsonrpc":"2.0","method":"eth_subscription","params":{"subscription":"0xbed0a0851463e895960a451075a301a9","result":"0x47f0bf69311eb989d621a399753ded3e97474552b8cea6a8b84ad4df8da17bc8"}}
[2m2025-12-10T10:09:08.734894Z[0m [34mDEBUG[0m [2methereum_transaction_pool_monitor::eth_client[0m[2m:[0m 📨 Received pending transaction: 0x47f0bf69311eb989d621a399753ded3e97474552b8cea6a8b84ad4df8da17bc8
[2m2025-12-10T10:09:08.734900Z[0m [34mDEBUG[0m [2mhyper::proto::h1::io[0m[2m:[0m parsed 4 headers
[2m2025-12-10T10:09:08.734907Z[0m [34mDEBUG[0m [2mhyper::proto::h1::conn[0m[2m:[0m incoming body is content-length (45 bytes)
[2m2025-12-10T10:09:08.734915Z[0m [34mDEBUG[0m [2mhyper::proto::h1::conn[0m[2m:[0m incoming body completed
[2m2025-12-10T10:09:08.734923Z[0m [34mDEBUG[0m [2mhyper::client::pool[0m[2m:[0m pooling idle connection for ("http", 192.168.0.14:8545)
[2m2025-12-10T10:09:08.734937Z[0m [34mDEBUG[0m [2mhyper::client::pool[0m[2m:[0m reuse idle connection for ("http", 192.168.0.14:8545)
[2m2025-12-10T10:09:08.734952Z[0m [34mDEBUG[0m [2mhyper::proto::h1::io[0m[2m:[0m flushed 172 bytes
[2m2025-12-10T10:09:08.744114Z[0m [34mDEBUG[0m [2mhyper::proto::h1::io[0m[2m:[0m parsed 4 headers
[2m2025-12-10T10:09:08.744133Z[0m [34mDEBUG[0m [2mhyper::proto::h1::conn[0m[2m:[0m incoming body is content-length (1151 bytes)
[2m2025-12-10T10:09:08.744147Z[0m [34mDEBUG[0m [2mhyper::proto::h1::conn[0m[2m:[0m incoming body completed
[2m2025-12-10T10:09:08.744159Z[0m [34mDEBUG[0m [2mhyper::client::pool[0m[2m:[0m pooling idle connection for ("http", 192.168.0.14:8545)
[2m2025-12-10T10:09:08.744167Z[0m [34mDEBUG[0m [2methereum_transaction_pool_monitor::eth_client[0m[2m:[0m 📡 Transaction fetch RPC completed in 9.371833ms
[2m2025-12-10T10:09:08.744186Z[0m [34mDEBUG[0m [2methereum_transaction_pool_monitor::eth_client[0m[2m:[0m DeFi transaction detected - Address: 0x7a250d5630b4cf539739df2c5dacb4c659f2488d, Type: DexRouter, Value: 0 ETH, Gas: 0.23 Gwei
[2m2025-12-10T10:09:08.744198Z[0m [34mDEBUG[0m [2methereum_transaction_pool_monitor::eth_client[0m[2m:[0m ✅ Transaction 0x831ad794cf9d0bc51d7743a66f69e989c60bfecc5c64bf11fe00854d1ab09328 fetched and parsed in 9.402625ms
[2m2025-12-10T10:09:08.744207Z[0m [34mDEBUG[0m [2methereum_transaction_pool_monitor::mempool_monitor[0m[2m:[0m 🔍 Skipping tx 0x831ad794cf9d0bc51d7743a66f69e989c60bfecc5c64bf11fe00854d1ab09328 - not a DEX interaction (target: 0x7a250d5630B4cF539739dF2C5dAcb4c659F2488D)
[2m2025-12-10T10:09:08.744218Z[0m [34mDEBUG[0m [2methereum_transaction_pool_monitor::mempool_monitor[0m[2m:[0m 📨 Processing new pending transaction: 0xbbf02127ecf2c9f7efd92198a0fb1591de5dbc97161018c2b51c185ebb32d8cf
[2m2025-12-10T10:09:08.744223Z[0m [34mDEBUG[0m [2methereum_transaction_pool_monitor::mempool_monitor[0m[2m:[0m 🔍 Fetching transaction details for: 0xbbf02127ecf2c9f7efd92198a0fb1591de5dbc97161018c2b51c185ebb32d8cf
[2m2025-12-10T10:09:08.744227Z[0m [34mDEBUG[0m [2methereum_transaction_pool_monitor::eth_client[0m[2m:[0m 🔍 Fetching transaction details for hash: 0xbbf02127ecf2c9f7efd92198a0fb1591de5dbc97161018c2b51c185ebb32d8cf
[2m2025-12-10T10:09:08.744240Z[0m [34mDEBUG[0m [2mhyper::client::pool[0m[2m:[0m reuse idle connection for ("http", 192.168.0.14:8545)
[2m2025-12-10T10:09:08.744261Z[0m [34mDEBUG[0m [2mhyper::proto::h1::io[0m[2m:[0m flushed 250 bytes
[2m2025-12-10T10:09:08.745215Z[0m [34mDEBUG[0m [2mhyper::proto::h1::io[0m[2m:[0m parsed 4 headers
[2m2025-12-10T10:09:08.745221Z[0m [34mDEBUG[0m [2mhyper::proto::h1::conn[0m[2m:[0m incoming body is content-length (45 bytes)
[2m2025-12-10T10:09:08.745227Z[0m [34mDEBUG[0m [2mhyper::proto::h1::conn[0m[2m:[0m incoming body completed
[2m2025-12-10T10:09:08.745235Z[0m [34mDEBUG[0m [2mhyper::client::pool[0m[2m:[0m pooling idle connection for ("http", 192.168.0.14:8545)
[2m2025-12-10T10:09:08.750954Z[0m [34mDEBUG[0m [2mhyper::proto::h1::io[0m[2m:[0m parsed 4 headers
[2m2025-12-10T10:09:08.750970Z[0m [34mDEBUG[0m [2mhyper::proto::h1::conn[0m[2m:[0m incoming body is content-length (643 bytes)
[2m2025-12-10T10:09:08.750977Z[0m [34mDEBUG[0m [2mhyper::proto::h1::conn[0m[2m:[0m incoming body completed
[2m2025-12-10T10:09:08.750985Z[0m [34mDEBUG[0m [2mhyper::client::pool[0m[2m:[0m pooling idle connection for ("http", 192.168.0.14:8545)
[2m2025-12-10T10:09:08.750992Z[0m [34mDEBUG[0m [2methereum_transaction_pool_monitor::eth_client[0m[2m:[0m 📡 Transaction fetch RPC completed in 6.760416ms
[2m2025-12-10T10:09:08.822851Z[0m [34mDEBUG[0m [2methereum_transaction_pool_monitor::eth_client[0m[2m:[0m ✅ Transaction 0xbbf02127ecf2c9f7efd92198a0fb1591de5dbc97161018c2b51c185ebb32d8cf fetched and parsed in 78.617875ms
[2m2025-12-10T10:09:08.822878Z[0m [34mDEBUG[0m [2methereum_transaction_pool_monitor::mempool_monitor[0m[2m:[0m 🔍 Skipping tx 0xbbf02127ecf2c9f7efd92198a0fb1591de5dbc97161018c2b51c185ebb32d8cf - not a DEX interaction (target: 0x5eFbE62B500191DB9d5526525A150d50f7072b4b)
[2m2025-12-10T10:09:08.822888Z[0m [34mDEBUG[0m [2methereum_transaction_pool_monitor::mempool_monitor[0m[2m:[0m 📨 Processing new pending transaction: 0x78621dec112c0f3f00294226f0d52037e81c947ab66d6b37fc84ed1ed2f4a24e
[2m2025-12-10T10:09:08.822896Z[0m [34mDEBUG[0m [2methereum_transaction_pool_monitor::mempool_monitor[0m[2m:[0m 🔍 Fetching transaction details for: 0x78621dec112c0f3f00294226f0d52037e81c947ab66d6b37fc84ed1ed2f4a24e
[2m2025-12-10T10:09:08.822902Z[0m [34mDEBUG[0m [2methereum_transaction_pool_monitor::eth_client[0m[2m:[0m 🔍 Fetching transaction details for hash: 0x78621dec112c0f3f00294226f0d52037e81c947ab66d6b37fc84ed1ed2f4a24e
[2m2025-12-10T10:09:08.822920Z[0m [34mDEBUG[0m [2mhyper::client::pool[0m[2m:[0m reuse idle connection for ("http", 192.168.0.14:8545)
[2m2025-12-10T10:09:08.822968Z[0m [34mDEBUG[0m [2mhyper::proto::h1::io[0m[2m:[0m flushed 250 bytes
[2m2025-12-10T10:09:08.822996Z[0m [34mDEBUG[0m [2mhyper::client::pool[0m[2m:[0m reuse idle connection for ("http", 192.168.0.14:8545)
[2m2025-12-10T10:09:08.823012Z[0m [34mDEBUG[0m [2mhyper::proto::h1::io[0m[2m:[0m flushed 172 bytes
[2m2025-12-10T10:09:08.829036Z[0m [34mDEBUG[0m [2mhyper::proto::h1::io[0m[2m:[0m parsed 4 headers
[2m2025-12-10T10:09:08.829047Z[0m [34mDEBUG[0m [2mhyper::proto::h1::conn[0m[2m:[0m incoming body is content-length (45 bytes)
[2m2025-12-10T10:09:08.829054Z[0m [34mDEBUG[0m [2mhyper::proto::h1::conn[0m[2m:[0m incoming body completed
[2m2025-12-10T10:09:08.829063Z[0m [34mDEBUG[0m [2mhyper::client::pool[0m[2m:[0m pooling idle connection for ("http", 192.168.0.14:8545)
[2m2025-12-10T10:09:08.829950Z[0m [34mDEBUG[0m [2mhyper::proto::h1::io[0m[2m:[0m parsed 4 headers
[2m2025-12-10T10:09:08.829987Z[0m [34mDEBUG[0m [2mhyper::proto::h1::conn[0m[2m:[0m incoming body is content-length (649 bytes)
[2m2025-12-10T10:09:08.830004Z[0m [34mDEBUG[0m [2mhyper::proto::h1::conn[0m[2m:[0m incoming body completed
[2m2025-12-10T10:09:08.830022Z[0m [34mDEBUG[0m [2mhyper::client::pool[0m[2m:[0m pooling idle connection for ("http", 192.168.0.14:8545)
[2m2025-12-10T10:09:08.830039Z[0m [34mDEBUG[0m [2methereum_transaction_pool_monitor::eth_client[0m[2m:[0m 📡 Transaction fetch RPC completed in 7.132084ms
[2m2025-12-10T10:09:08.902723Z[0m [34mDEBUG[0m [2methereum_transaction_pool_monitor::eth_client[0m[2m:[0m ✅ Transaction 0x78621dec112c0f3f00294226f0d52037e81c947ab66d6b37fc84ed1ed2f4a24e fetched and parsed in 79.814292ms
[2m2025-12-10T10:09:08.902754Z[0m [34mDEBUG[0m [2methereum_transaction_pool_monitor::mempool_monitor[0m[2m:[0m 🔍 Skipping tx 0x78621dec112c0f3f00294226f0d52037e81c947ab66d6b37fc84ed1ed2f4a24e - not a DEX interaction (target: 0x9bf81CC31d0f1FA7Ade83058509a4DB154a182a2)
[2m2025-12-10T10:09:08.902764Z[0m [34mDEBUG[0m [2methereum_transaction_pool_monitor::mempool_monitor[0m[2m:[0m 📨 Processing new pending transaction: 0xc3f9ff48db2ea0924aa8407a61c5f7c3146a1a8bd2d99c45823ad2e659f697b5
[2m2025-12-10T10:09:08.902773Z[0m [34mDEBUG[0m [2methereum_transaction_pool_monitor::mempool_monitor[0m[2m:[0m 🔍 Fetching transaction details for: 0xc3f9ff48db2ea0924aa8407a61c5f7c3146a1a8bd2d99c45823ad2e659f697b5
[2m2025-12-10T10:09:08.902779Z[0m [34mDEBUG[0m [2methereum_transaction_pool_monitor::eth_client[0m[2m:[0m 🔍 Fetching transaction details for hash: 0xc3f9ff48db2ea0924aa8407a61c5f7c3146a1a8bd2d99c45823ad2e659f697b5
[2m2025-12-10T10:09:08.902799Z[0m [34mDEBUG[0m [2mhyper::client::pool[0m[2m:[0m reuse idle connection for ("http", 192.168.0.14:8545)
[2m2025-12-10T10:09:08.902848Z[0m [34mDEBUG[0m [2mhyper::proto::h1::io[0m[2m:[0m flushed 250 bytes
[2m2025-12-10T10:09:08.902878Z[0m [34mDEBUG[0m [2mhyper::client::pool[0m[2m:[0m reuse idle connection for ("http", 192.168.0.14:8545)
[2m2025-12-10T10:09:08.902894Z[0m [34mDEBUG[0m [2mhyper::proto::h1::io[0m[2m:[0m flushed 172 bytes
[2m2025-12-10T10:09:08.907068Z[0m [34mDEBUG[0m [2mhyper::proto::h1::io[0m[2m:[0m parsed 4 headers
[2m2025-12-10T10:09:08.907084Z[0m [34mDEBUG[0m [2mhyper::proto::h1::conn[0m[2m:[0m incoming body is content-length (45 bytes)
[2m2025-12-10T10:09:08.907093Z[0m [34mDEBUG[0m [2mhyper::proto::h1::conn[0m[2m:[0m incoming body completed
[2m2025-12-10T10:09:08.907103Z[0m [34mDEBUG[0m [2mhyper::client::pool[0m[2m:[0m pooling idle connection for ("http", 192.168.0.14:8545)
[2m2025-12-10T10:09:08.907861Z[0m [34mDEBUG[0m [2mhyper::proto::h1::io[0m[2m:[0m parsed 4 headers
[2m2025-12-10T10:09:08.910863Z[0m [34mDEBUG[0m [2mhyper::proto::h1::conn[0m[2m:[0m incoming body is content-length (830 bytes)
[2m2025-12-10T10:09:08.910874Z[0m [34mDEBUG[0m [2mhyper::proto::h1::conn[0m[2m:[0m incoming body completed
[2m2025-12-10T10:09:08.910885Z[0m [34mDEBUG[0m [2mhyper::client::pool[0m[2m:[0m pooling idle connection for ("http", 192.168.0.14:8545)
[2m2025-12-10T10:09:08.910891Z[0m [34mDEBUG[0m [2methereum_transaction_pool_monitor::eth_client[0m[2m:[0m 📡 Transaction fetch RPC completed in 8.106875ms
[2m2025-12-10T10:09:08.983058Z[0m [34mDEBUG[0m [2methereum_transaction_pool_monitor::eth_client[0m[2m:[0m ✅ Transaction 0xc3f9ff48db2ea0924aa8407a61c5f7c3146a1a8bd2d99c45823ad2e659f697b5 fetched and parsed in 80.270459ms
[2m2025-12-10T10:09:08.983091Z[0m [34mDEBUG[0m [2methereum_transaction_pool_monitor::mempool_monitor[0m[2m:[0m 🔍 Skipping tx 0xc3f9ff48db2ea0924aa8407a61c5f7c3146a1a8bd2d99c45823ad2e659f697b5 - not a DEX interaction (target: 0x3B4D794a66304F130a4Db8F2551B0070dfCf5ca7)
[2m2025-12-10T10:09:08.983103Z[0m [34mDEBUG[0m [2methereum_transaction_pool_monitor::mempool_monitor[0m[2m:[0m 📨 Processing new pending transaction: 0xce71892236ea8cd76899184e24131c3e2f632c09612916eae7221407878d121c
[2m2025-12-10T10:09:08.983110Z[0m [34mDEBUG[0m [2methereum_transaction_pool_monitor::mempool_monitor[0m[2m:[0m 🔍 Fetching transaction details for: 0xce71892236ea8cd76899184e24131c3e2f632c09612916eae7221407878d121c
[2m2025-12-10T10:09:08.983116Z[0m [34mDEBUG[0m [2methereum_transaction_pool_monitor::eth_client[0m[2m:[0m 🔍 Fetching transaction details for hash: 0xce71892236ea8cd76899184e24131c3e2f632c09612916eae7221407878d121c
[2m2025-12-10T10:09:08.983138Z[0m [34mDEBUG[0m [2mhyper::client::pool[0m[2m:[0m reuse idle connection for ("http", 192.168.0.14:8545)
[2m2025-12-10T10:09:08.983180Z[0m [34mDEBUG[0m [2mhyper::proto::h1::io[0m[2m:[0m flushed 250 bytes
[2m2025-12-10T10:09:08.983951Z[0m [34mDEBUG[0m [2methereum_transaction_pool_monitor::eth_client[0m[2m:[0m 📨 Received WebSocket message: {"jsonrpc":"2.0","method":"eth_subscription","params":{"subscription":"0xbed0a0851463e895960a451075a301a9","result":"0xbf6f26dc1cb0e007e6e4981250e2f2612a9630423a397241d9ba8ef4cdf36a02"}}
[2m2025-12-10T10:09:08.983961Z[0m [34mDEBUG[0m [2methereum_transaction_pool_monitor::eth_client[0m[2m:[0m 📨 Received pending transaction: 0xbf6f26dc1cb0e007e6e4981250e2f2612a9630423a397241d9ba8ef4cdf36a02
[2m2025-12-10T10:09:08.983966Z[0m [32m INFO[0m [2methereum_transaction_pool_monitor::eth_client[0m[2m:[0m 📊 WebSocket stats - Total: 949 transactions, Rate: 13.4 tx/s
[2m2025-12-10T10:09:08.989205Z[0m [34mDEBUG[0m [2mhyper::proto::h1::io[0m[2m:[0m parsed 4 headers
[2m2025-12-10T10:09:08.989213Z[0m [34mDEBUG[0m [2mhyper::proto::h1::conn[0m[2m:[0m incoming body is content-length (779 bytes)
[2m2025-12-10T10:09:08.989220Z[0m [34mDEBUG[0m [2mhyper::proto::h1::conn[0m[2m:[0m incoming body completed
[2m2025-12-10T10:09:08.989229Z[0m [34mDEBUG[0m [2mhyper::client::pool[0m[2m:[0m pooling idle connection for ("http", 192.168.0.14:8545)
[2m2025-12-10T10:09:08.989236Z[0m [34mDEBUG[0m [2methereum_transaction_pool_monitor::eth_client[0m[2m:[0m 📡 Transaction fetch RPC completed in 6.115292ms
[2m2025-12-10T10:09:09.060017Z[0m [34mDEBUG[0m [2methereum_transaction_pool_monitor::eth_client[0m[2m:[0m ✅ Transaction 0xce71892236ea8cd76899184e24131c3e2f632c09612916eae7221407878d121c fetched and parsed in 76.894083ms
[2m2025-12-10T10:09:09.060044Z[0m [34mDEBUG[0m [2methereum_transaction_pool_monitor::mempool_monitor[0m[2m:[0m 🔍 Skipping tx 0xce71892236ea8cd76899184e24131c3e2f632c09612916eae7221407878d121c - not a DEX interaction (target: 0xA0b86991c6218b36c1d19D4a2e9Eb0cE3606eB48)
[2m2025-12-10T10:09:09.060055Z[0m [34mDEBUG[0m [2methereum_transaction_pool_monitor::mempool_monitor[0m[2m:[0m 📨 Processing new pending transaction: 0xd7d2227f7b10e6ce070729133ac571e3df7223a372cfb1a33fc35c56ed1699c6
[2m2025-12-10T10:09:09.060062Z[0m [34mDEBUG[0m [2methereum_transaction_pool_monitor::mempool_monitor[0m[2m:[0m 🔍 Fetching transaction details for: 0xd7d2227f7b10e6ce070729133ac571e3df7223a372cfb1a33fc35c56ed1699c6
[2m2025-12-10T10:09:09.060068Z[0m [34mDEBUG[0m [2methereum_transaction_pool_monitor::eth_client[0m[2m:[0m 🔍 Fetching transaction details for hash: 0xd7d2227f7b10e6ce070729133ac571e3df7223a372cfb1a33fc35c56ed1699c6
[2m2025-12-10T10:09:09.060086Z[0m [34mDEBUG[0m [2mhyper::client::pool[0m[2m:[0m reuse idle connection for ("http", 192.168.0.14:8545)
[2m2025-12-10T10:09:09.060130Z[0m [34mDEBUG[0m [2mhyper::proto::h1::io[0m[2m:[0m flushed 250 bytes
[2m2025-12-10T10:09:09.060159Z[0m [34mDEBUG[0m [2mhyper::client::pool[0m[2m:[0m reuse idle connection for ("http", 192.168.0.14:8545)
[2m2025-12-10T10:09:09.060175Z[0m [34mDEBUG[0m [2mhyper::proto::h1::io[0m[2m:[0m flushed 172 bytes
[2m2025-12-10T10:09:09.063884Z[0m [34mDEBUG[0m [2methereum_transaction_pool_monitor::eth_client[0m[2m:[0m 📨 Received WebSocket message: {"jsonrpc":"2.0","method":"eth_subscription","params":{"subscription":"0xbed0a0851463e895960a451075a301a9","result":"0x383668c27c201203dcb22580b875ad17972b39b29aa0c70e885d0d1ca22cfb85"}}
[2m2025-12-10T10:09:09.063898Z[0m [34mDEBUG[0m [2methereum_transaction_pool_monitor::eth_client[0m[2m:[0m 📨 Received pending transaction: 0x383668c27c201203dcb22580b875ad17972b39b29aa0c70e885d0d1ca22cfb85
[2m2025-12-10T10:09:09.067799Z[0m [34mDEBUG[0m [2mhyper::proto::h1::io[0m[2m:[0m parsed 4 headers
[2m2025-12-10T10:09:09.067810Z[0m [34mDEBUG[0m [2mhyper::proto::h1::conn[0m[2m:[0m incoming body is content-length (10628 bytes)
[2m2025-12-10T10:09:09.067828Z[0m [34mDEBUG[0m [2methereum_transaction_pool_monitor::eth_client[0m[2m:[0m 📡 Transaction fetch RPC completed in 7.755416ms
[2m2025-12-10T10:09:09.067857Z[0m [34mDEBUG[0m [2mhyper::proto::h1::conn[0m[2m:[0m incoming body completed
[2m2025-12-10T10:09:09.067868Z[0m [34mDEBUG[0m [2mhyper::client::pool[0m[2m:[0m pooling idle connection for ("http", 192.168.0.14:8545)
[2m2025-12-10T10:09:09.071073Z[0m [34mDEBUG[0m [2mhyper::proto::h1::io[0m[2m:[0m parsed 4 headers
[2m2025-12-10T10:09:09.071081Z[0m [34mDEBUG[0m [2mhyper::proto::h1::conn[0m[2m:[0m incoming body is content-length (45 bytes)
[2m2025-12-10T10:09:09.071087Z[0m [34mDEBUG[0m [2mhyper::proto::h1::conn[0m[2m:[0m incoming body completed
[2m2025-12-10T10:09:09.071095Z[0m [34mDEBUG[0m [2mhyper::client::pool[0m[2m:[0m pooling idle connection for ("http", 192.168.0.14:8545)
[2m2025-12-10T10:09:09.075348Z[0m [34mDEBUG[0m [2methereum_transaction_pool_monitor::eth_client[0m[2m:[0m 📨 Received WebSocket message: {"jsonrpc":"2.0","method":"eth_subscription","params":{"subscription":"0xbed0a0851463e895960a451075a301a9","result":"0x1f5186177d2d1598fcf216bb7e4922be085cc5dc8b922c8f6ea2fdde47e70c93"}}
[2m2025-12-10T10:09:09.075402Z[0m [34mDEBUG[0m [2methereum_transaction_pool_monitor::eth_client[0m[2m:[0m 📨 Received pending transaction: 0x1f5186177d2d1598fcf216bb7e4922be085cc5dc8b922c8f6ea2fdde47e70c93
[2m2025-12-10T10:09:09.083542Z[0m [34mDEBUG[0m [2methereum_transaction_pool_monitor::eth_client[0m[2m:[0m 📨 Received WebSocket message: {"jsonrpc":"2.0","method":"eth_subscription","params":{"subscription":"0xbed0a0851463e895960a451075a301a9","result":"0xe20ddd09348dcc953827c3d8ebd1e9d7864bfc4e56aa58ed7499360a4b0cf233"}}
[2m2025-12-10T10:09:09.083560Z[0m [34mDEBUG[0m [2methereum_transaction_pool_monitor::eth_client[0m[2m:[0m 📨 Received pending transaction: 0xe20ddd09348dcc953827c3d8ebd1e9d7864bfc4e56aa58ed7499360a4b0cf233
[2m2025-12-10T10:09:09.083566Z[0m [34mDEBUG[0m [2methereum_transaction_pool_monitor::eth_client[0m[2m:[0m 📨 Received WebSocket message: {"jsonrpc":"2.0","method":"eth_subscription","params":{"subscription":"0xbed0a0851463e895960a451075a301a9","result":"0xe53a301dbeffd4d3b35d309a8bf4ccbc8e53db8104d0edde3503df45e2490c0a"}}
[2m2025-12-10T10:09:09.083574Z[0m [34mDEBUG[0m [2methereum_transaction_pool_monitor::eth_client[0m[2m:[0m 📨 Received pending transaction: 0xe53a301dbeffd4d3b35d309a8bf4ccbc8e53db8104d0edde3503df45e2490c0a
[2m2025-12-10T10:09:09.096636Z[0m [34mDEBUG[0m [2mhyper::client::pool[0m[2m:[0m reuse idle connection for ("http", 192.168.0.14:8545)
[2m2025-12-10T10:09:09.097292Z[0m [34mDEBUG[0m [2mhyper::proto::h1::io[0m[2m:[0m flushed 172 bytes
[2m2025-12-10T10:09:09.101944Z[0m [34mDEBUG[0m [2mhyper::proto::h1::io[0m[2m:[0m parsed 4 headers
[2m2025-12-10T10:09:09.101963Z[0m [34mDEBUG[0m [2mhyper::proto::h1::conn[0m[2m:[0m incoming body is content-length (45 bytes)
[2m2025-12-10T10:09:09.101973Z[0m [34mDEBUG[0m [2mhyper::proto::h1::conn[0m[2m:[0m incoming body completed
[2m2025-12-10T10:09:09.101984Z[0m [34mDEBUG[0m [2mhyper::client::pool[0m[2m:[0m pooling idle connection for ("http", 192.168.0.14:8545)
[2m2025-12-10T10:09:09.139462Z[0m [34mDEBUG[0m [2methereum_transaction_pool_monitor::eth_client[0m[2m:[0m ✅ Transaction 0xd7d2227f7b10e6ce070729133ac571e3df7223a372cfb1a33fc35c56ed1699c6 fetched and parsed in 79.387375ms
[2m2025-12-10T10:09:09.139492Z[0m [34mDEBUG[0m [2methereum_transaction_pool_monitor::mempool_monitor[0m[2m:[0m 🔍 Skipping tx 0xd7d2227f7b10e6ce070729133ac571e3df7223a372cfb1a33fc35c56ed1699c6 - not a DEX interaction (target: 0xf938dDC2af0033D5A022C8aD95206D817d0A3385)
[2m2025-12-10T10:09:09.139505Z[0m [34mDEBUG[0m [2methereum_transaction_pool_monitor::mempool_monitor[0m[2m:[0m 📨 Processing new pending transaction: 0x8172cad41ec5414bc4ff654ff71c5d276b6e3b5997a426f9eb25d5a09c42171a
[2m2025-12-10T10:09:09.139513Z[0m [34mDEBUG[0m [2methereum_transaction_pool_monitor::mempool_monitor[0m[2m:[0m 🔍 Fetching transaction details for: 0x8172cad41ec5414bc4ff654ff71c5d276b6e3b5997a426f9eb25d5a09c42171a
[2m2025-12-10T10:09:09.139521Z[0m [34mDEBUG[0m [2methereum_transaction_pool_monitor::eth_client[0m[2m:[0m 🔍 Fetching transaction details for hash: 0x8172cad41ec5414bc4ff654ff71c5d276b6e3b5997a426f9eb25d5a09c42171a
[2m2025-12-10T10:09:09.139540Z[0m [34mDEBUG[0m [2mhyper::client::pool[0m[2m:[0m reuse idle connection for ("http", 192.168.0.14:8545)
[2m2025-12-10T10:09:09.139591Z[0m [34mDEBUG[0m [2mhyper::proto::h1::io[0m[2m:[0m flushed 250 bytes
[2m2025-12-10T10:09:09.144623Z[0m [34mDEBUG[0m [2methereum_transaction_pool_monitor::eth_client[0m[2m:[0m 📨 Received WebSocket message: {"jsonrpc":"2.0","method":"eth_subscription","params":{"subscription":"0xbed0a0851463e895960a451075a301a9","result":"0xd443356ef47acce012517af53bb064d5652a22b92012beb018fc91debba19293"}}
[2m2025-12-10T10:09:09.144640Z[0m [34mDEBUG[0m [2methereum_transaction_pool_monitor::eth_client[0m[2m:[0m 📨 Received pending transaction: 0xd443356ef47acce012517af53bb064d5652a22b92012beb018fc91debba19293
[2m2025-12-10T10:09:09.148946Z[0m [34mDEBUG[0m [2mhyper::proto::h1::io[0m[2m:[0m parsed 4 headers
[2m2025-12-10T10:09:09.148966Z[0m [34mDEBUG[0m [2mhyper::proto::h1::conn[0m[2m:[0m incoming body is content-length (4734 bytes)
[2m2025-12-10T10:09:09.148976Z[0m [34mDEBUG[0m [2mhyper::proto::h1::conn[0m[2m:[0m incoming body completed
[2m2025-12-10T10:09:09.148987Z[0m [34mDEBUG[0m [2mhyper::client::pool[0m[2m:[0m pooling idle connection for ("http", 192.168.0.14:8545)
[2m2025-12-10T10:09:09.148995Z[0m [34mDEBUG[0m [2methereum_transaction_pool_monitor::eth_client[0m[2m:[0m 📡 Transaction fetch RPC completed in 9.470209ms
[2m2025-12-10T10:09:09.220927Z[0m [34mDEBUG[0m [2methereum_transaction_pool_monitor::eth_client[0m[2m:[0m ✅ Transaction 0x8172cad41ec5414bc4ff654ff71c5d276b6e3b5997a426f9eb25d5a09c42171a fetched and parsed in 81.399125ms
[2m2025-12-10T10:09:09.220954Z[0m [34mDEBUG[0m [2methereum_transaction_pool_monitor::mempool_monitor[0m[2m:[0m 🔍 Skipping tx 0x8172cad41ec5414bc4ff654ff71c5d276b6e3b5997a426f9eb25d5a09c42171a - not a DEX interaction (target: 0x5E1f62Dac767b0491e3CE72469C217365D5B48cC)
[2m2025-12-10T10:09:09.220964Z[0m [34mDEBUG[0m [2methereum_transaction_pool_monitor::mempool_monitor[0m[2m:[0m 📨 Processing new pending transaction: 0xa24be08a6aaa7de1ca6cfea41c81a9b0c6d78b6feeb8422d5760fda0ea235f1f
[2m2025-12-10T10:09:09.220971Z[0m [34mDEBUG[0m [2methereum_transaction_pool_monitor::mempool_monitor[0m[2m:[0m 🔍 Fetching transaction details for: 0xa24be08a6aaa7de1ca6cfea41c81a9b0c6d78b6feeb8422d5760fda0ea235f1f
[2m2025-12-10T10:09:09.220977Z[0m [34mDEBUG[0m [2methereum_transaction_pool_monitor::eth_client[0m[2m:[0m 🔍 Fetching transaction details for hash: 0xa24be08a6aaa7de1ca6cfea41c81a9b0c6d78b6feeb8422d5760fda0ea235f1f
[2m2025-12-10T10:09:09.220996Z[0m [34mDEBUG[0m [2mhyper::client::pool[0m[2m:[0m reuse idle connection for ("http", 192.168.0.14:8545)
[2m2025-12-10T10:09:09.221042Z[0m [34mDEBUG[0m [2mhyper::proto::h1::io[0m[2m:[0m flushed 250 bytes
[2m2025-12-10T10:09:09.221072Z[0m [34mDEBUG[0m [2mhyper::client::pool[0m[2m:[0m reuse idle connection for ("http", 192.168.0.14:8545)
[2m2025-12-10T10:09:09.221091Z[0m [34mDEBUG[0m [2mhyper::proto::h1::io[0m[2m:[0m flushed 172 bytes
[2m2025-12-10T10:09:09.231450Z[0m [34mDEBUG[0m [2mhyper::proto::h1::io[0m[2m:[0m parsed 4 headers
[2m2025-12-10T10:09:09.231467Z[0m [34mDEBUG[0m [2mhyper::proto::h1::conn[0m[2m:[0m incoming body is content-length (45 bytes)
[2m2025-12-10T10:09:09.231476Z[0m [34mDEBUG[0m [2mhyper::proto::h1::conn[0m[2m:[0m incoming body completed
[2m2025-12-10T10:09:09.231489Z[0m [34mDEBUG[0m [2mhyper::client::pool[0m[2m:[0m pooling idle connection for ("http", 192.168.0.14:8545)
[2m2025-12-10T10:09:09.231509Z[0m [34mDEBUG[0m [2mhyper::proto::h1::io[0m[2m:[0m parsed 4 headers
[2m2025-12-10T10:09:09.231514Z[0m [34mDEBUG[0m [2mhyper::proto::h1::conn[0m[2m:[0m incoming body is content-length (556 bytes)
[2m2025-12-10T10:09:09.231519Z[0m [34mDEBUG[0m [2mhyper::proto::h1::conn[0m[2m:[0m incoming body completed
[2m2025-12-10T10:09:09.231525Z[0m [34mDEBUG[0m [2mhyper::client::pool[0m[2m:[0m pooling idle connection for ("http", 192.168.0.14:8545)
[2m2025-12-10T10:09:09.231529Z[0m [34mDEBUG[0m [2methereum_transaction_pool_monitor::eth_client[0m[2m:[0m 📡 Transaction fetch RPC completed in 10.548125ms
[2m2025-12-10T10:09:09.304264Z[0m [34mDEBUG[0m [2methereum_transaction_pool_monitor::eth_client[0m[2m:[0m ✅ Transaction 0xa24be08a6aaa7de1ca6cfea41c81a9b0c6d78b6feeb8422d5760fda0ea235f1f fetched and parsed in 83.280084ms
[2m2025-12-10T10:09:09.304294Z[0m [34mDEBUG[0m [2methereum_transaction_pool_monitor::mempool_monitor[0m[2m:[0m 🔍 Skipping tx 0xa24be08a6aaa7de1ca6cfea41c81a9b0c6d78b6feeb8422d5760fda0ea235f1f - not a DEX interaction (target: 0x8102F16c911aaD03588E50ff23d0ff0D233438dC)
[2m2025-12-10T10:09:09.304306Z[0m [34mDEBUG[0m [2methereum_transaction_pool_monitor::mempool_monitor[0m[2m:[0m 📨 Processing new pending transaction: 0xcac54b9ca845bf6c9298aa77bd4d30df730abdadcbed7372828ac73fbe7f3b88
[2m2025-12-10T10:09:09.304312Z[0m [34mDEBUG[0m [2methereum_transaction_pool_monitor::mempool_monitor[0m[2m:[0m 🔍 Fetching transaction details for: 0xcac54b9ca845bf6c9298aa77bd4d30df730abdadcbed7372828ac73fbe7f3b88
[2m2025-12-10T10:09:09.304317Z[0m [34mDEBUG[0m [2methereum_transaction_pool_monitor::eth_client[0m[2m:[0m 🔍 Fetching transaction details for hash: 0xcac54b9ca845bf6c9298aa77bd4d30df730abdadcbed7372828ac73fbe7f3b88
[2m2025-12-10T10:09:09.304337Z[0m [34mDEBUG[0m [2mhyper::client::pool[0m[2m:[0m reuse idle connection for ("http", 192.168.0.14:8545)
[2m2025-12-10T10:09:09.304388Z[0m [34mDEBUG[0m [2mhyper::proto::h1::io[0m[2m:[0m flushed 250 bytes
[2m2025-12-10T10:09:09.304444Z[0m [34mDEBUG[0m [2mhyper::client::pool[0m[2m:[0m reuse idle connection for ("http", 192.168.0.14:8545)
[2m2025-12-10T10:09:09.304471Z[0m [34mDEBUG[0m [2methereum_transaction_pool_monitor::eth_client[0m[2m:[0m 📨 Received WebSocket message: {"jsonrpc":"2.0","method":"eth_subscription","params":{"subscription":"0xbed0a0851463e895960a451075a301a9","result":"0x1a95f22c42307d0eccce8c98f5eb7a8629749c2480152c4fba9e46dbd3bbfd27"}}
[2m2025-12-10T10:09:09.304497Z[0m [34mDEBUG[0m [2methereum_transaction_pool_monitor::eth_client[0m[2m:[0m 📨 Received pending transaction: 0x1a95f22c42307d0eccce8c98f5eb7a8629749c2480152c4fba9e46dbd3bbfd27
[2m2025-12-10T10:09:09.304515Z[0m [34mDEBUG[0m [2mhyper::proto::h1::io[0m[2m:[0m flushed 172 bytes
[2m2025-12-10T10:09:09.310089Z[0m [34mDEBUG[0m [2mhyper::proto::h1::io[0m[2m:[0m parsed 4 headers
[2m2025-12-10T10:09:09.310126Z[0m [34mDEBUG[0m [2mhyper::proto::h1::conn[0m[2m:[0m incoming body is content-length (4102 bytes)
[2m2025-12-10T10:09:09.310162Z[0m [34mDEBUG[0m [2methereum_transaction_pool_monitor::eth_client[0m[2m:[0m 📡 Transaction fetch RPC completed in 5.84ms
[2m2025-12-10T10:09:09.313984Z[0m [34mDEBUG[0m [2mhyper::proto::h1::conn[0m[2m:[0m incoming body completed
[2m2025-12-10T10:09:09.314009Z[0m [34mDEBUG[0m [2mhyper::client::pool[0m[2m:[0m pooling idle connection for ("http", 192.168.0.14:8545)
[2m2025-12-10T10:09:09.314043Z[0m [34mDEBUG[0m [2mhyper::proto::h1::io[0m[2m:[0m parsed 4 headers
[2m2025-12-10T10:09:09.314078Z[0m [34mDEBUG[0m [2mhyper::proto::h1::conn[0m[2m:[0m incoming body is content-length (45 bytes)
[2m2025-12-10T10:09:09.314094Z[0m [34mDEBUG[0m [2mhyper::proto::h1::conn[0m[2m:[0m incoming body completed
[2m2025-12-10T10:09:09.314125Z[0m [34mDEBUG[0m [2mhyper::client::pool[0m[2m:[0m pooling idle connection for ("http", 192.168.0.14:8545)
[2m2025-12-10T10:09:09.348048Z[0m [34mDEBUG[0m [2methereum_transaction_pool_monitor::eth_client[0m[2m:[0m 📨 Received WebSocket message: {"jsonrpc":"2.0","method":"eth_subscription","params":{"subscription":"0xbed0a0851463e895960a451075a301a9","result":"0x8c71291570a1aa1d27e68993233360c649f05fa3afe9cdee380d321aca9a0652"}}
[2m2025-12-10T10:09:09.348112Z[0m [34mDEBUG[0m [2methereum_transaction_pool_monitor::eth_client[0m[2m:[0m 📨 Received pending transaction: 0x8c71291570a1aa1d27e68993233360c649f05fa3afe9cdee380d321aca9a0652
[2m2025-12-10T10:09:09.349485Z[0m [34mDEBUG[0m [2methereum_transaction_pool_monitor::eth_client[0m[2m:[0m 📨 Received WebSocket message: {"jsonrpc":"2.0","method":"eth_subscription","params":{"subscription":"0xbed0a0851463e895960a451075a301a9","result":"0xd5fdeab6706eb857732cdf91029aa91bdb9e6139a06ee67a0ae6f60fe7766b0d"}}
[2m2025-12-10T10:09:09.349543Z[0m [34mDEBUG[0m [2methereum_transaction_pool_monitor::eth_client[0m[2m:[0m 📨 Received pending transaction: 0xd5fdeab6706eb857732cdf91029aa91bdb9e6139a06ee67a0ae6f60fe7766b0d
[2m2025-12-10T10:09:09.386943Z[0m [34mDEBUG[0m [2methereum_transaction_pool_monitor::eth_client[0m[2m:[0m 📨 Received WebSocket message: {"jsonrpc":"2.0","method":"eth_subscription","params":{"subscription":"0xbed0a0851463e895960a451075a301a9","result":"0xd1af8a8ba620a373286fc1b45a22c631b67a303689bfbc1771681f46bbdcca4c"}}
[2m2025-12-10T10:09:09.386977Z[0m [34mDEBUG[0m [2methereum_transaction_pool_monitor::eth_client[0m[2m:[0m 📨 Received pending transaction: 0xd1af8a8ba620a373286fc1b45a22c631b67a303689bfbc1771681f46bbdcca4c
[2m2025-12-10T10:09:09.387616Z[0m [34mDEBUG[0m [2methereum_transaction_pool_monitor::eth_client[0m[2m:[0m ✅ Transaction 0xcac54b9ca845bf6c9298aa77bd4d30df730abdadcbed7372828ac73fbe7f3b88 fetched and parsed in 83.293625ms
[2m2025-12-10T10:09:09.387632Z[0m [34mDEBUG[0m [2methereum_transaction_pool_monitor::mempool_monitor[0m[2m:[0m 🔍 Skipping tx 0xcac54b9ca845bf6c9298aa77bd4d30df730abdadcbed7372828ac73fbe7f3b88 - not a DEX interaction (target: 0x66d84fedED0e51aeB47ceD1BB2fc0221Ae8D7C12)
[2m2025-12-10T10:09:09.387642Z[0m [34mDEBUG[0m [2methereum_transaction_pool_monitor::mempool_monitor[0m[2m:[0m 📨 Processing new pending transaction: 0x6f80138a3a54bfd03b78d13a1dcdbce9bfc30f0d3a0b423a07f159e6506ad16f
[2m2025-12-10T10:09:09.387647Z[0m [34mDEBUG[0m [2methereum_transaction_pool_monitor::mempool_monitor[0m[2m:[0m 🔍 Fetching transaction details for: 0x6f80138a3a54bfd03b78d13a1dcdbce9bfc30f0d3a0b423a07f159e6506ad16f
[2m2025-12-10T10:09:09.387652Z[0m [34mDEBUG[0m [2methereum_transaction_pool_monitor::eth_client[0m[2m:[0m 🔍 Fetching transaction details for hash: 0x6f80138a3a54bfd03b78d13a1dcdbce9bfc30f0d3a0b423a07f159e6506ad16f
[2m2025-12-10T10:09:09.387673Z[0m [34mDEBUG[0m [2mhyper::client::pool[0m[2m:[0m reuse idle connection for ("http", 192.168.0.14:8545)
[2m2025-12-10T10:09:09.387722Z[0m [34mDEBUG[0m [2mhyper::proto::h1::io[0m[2m:[0m flushed 250 bytes
[2m2025-12-10T10:09:09.393244Z[0m [34mDEBUG[0m [2mhyper::proto::h1::io[0m[2m:[0m parsed 4 headers
[2m2025-12-10T10:09:09.393257Z[0m [34mDEBUG[0m [2mhyper::proto::h1::conn[0m[2m:[0m incoming body is content-length (644 bytes)
[2m2025-12-10T10:09:09.393265Z[0m [34mDEBUG[0m [2mhyper::proto::h1::conn[0m[2m:[0m incoming body completed
[2m2025-12-10T10:09:09.393277Z[0m [34mDEBUG[0m [2mhyper::client::pool[0m[2m:[0m pooling idle connection for ("http", 192.168.0.14:8545)
[2m2025-12-10T10:09:09.393285Z[0m [34mDEBUG[0m [2methereum_transaction_pool_monitor::eth_client[0m[2m:[0m 📡 Transaction fetch RPC completed in 5.629167ms
[2m2025-12-10T10:09:09.468700Z[0m [34mDEBUG[0m [2methereum_transaction_pool_monitor::eth_client[0m[2m:[0m ✅ Transaction 0x6f80138a3a54bfd03b78d13a1dcdbce9bfc30f0d3a0b423a07f159e6506ad16f fetched and parsed in 81.040834ms
[2m2025-12-10T10:09:09.468736Z[0m [34mDEBUG[0m [2methereum_transaction_pool_monitor::mempool_monitor[0m[2m:[0m 🔍 Skipping tx 0x6f80138a3a54bfd03b78d13a1dcdbce9bfc30f0d3a0b423a07f159e6506ad16f - not a DEX interaction (target: 0x17E5545B11b468072283Cee1F066a059Fb0dbF24)
[2m2025-12-10T10:09:09.468748Z[0m [34mDEBUG[0m [2methereum_transaction_pool_monitor::mempool_monitor[0m[2m:[0m 📨 Processing new pending transaction: 0xf74dcb29313e7b883f29cf5d232006d7d313219027cbaf1d85e9c1569a3c7079
[2m2025-12-10T10:09:09.468753Z[0m [34mDEBUG[0m [2methereum_transaction_pool_monitor::mempool_monitor[0m[2m:[0m 🔍 Fetching transaction details for: 0xf74dcb29313e7b883f29cf5d232006d7d313219027cbaf1d85e9c1569a3c7079
[2m2025-12-10T10:09:09.468757Z[0m [34mDEBUG[0m [2methereum_transaction_pool_monitor::eth_client[0m[2m:[0m 🔍 Fetching transaction details for hash: 0xf74dcb29313e7b883f29cf5d232006d7d313219027cbaf1d85e9c1569a3c7079
[2m2025-12-10T10:09:09.468780Z[0m [34mDEBUG[0m [2mhyper::client::pool[0m[2m:[0m reuse idle connection for ("http", 192.168.0.14:8545)
[2m2025-12-10T10:09:09.468843Z[0m [34mDEBUG[0m [2mhyper::proto::h1::io[0m[2m:[0m flushed 250 bytes
[2m2025-12-10T10:09:09.468867Z[0m [34mDEBUG[0m [2mhyper::client::pool[0m[2m:[0m reuse idle connection for ("http", 192.168.0.14:8545)
[2m2025-12-10T10:09:09.468886Z[0m [34mDEBUG[0m [2mhyper::proto::h1::io[0m[2m:[0m flushed 172 bytes
[2m2025-12-10T10:09:09.468922Z[0m [34mDEBUG[0m [2methereum_transaction_pool_monitor::eth_client[0m[2m:[0m 📨 Received WebSocket message: {"jsonrpc":"2.0","method":"eth_subscription","params":{"subscription":"0xbed0a0851463e895960a451075a301a9","result":"0xb43c5610768181f1199951ed18fa746c6ce6114cafd7ec67ba012aa21bc33e95"}}
[2m2025-12-10T10:09:09.468931Z[0m [34mDEBUG[0m [2methereum_transaction_pool_monitor::eth_client[0m[2m:[0m 📨 Received pending transaction: 0xb43c5610768181f1199951ed18fa746c6ce6114cafd7ec67ba012aa21bc33e95
[2m2025-12-10T10:09:09.472126Z[0m [34mDEBUG[0m [2mhyper::proto::h1::io[0m[2m:[0m parsed 4 headers
[2m2025-12-10T10:09:09.472149Z[0m [34mDEBUG[0m [2mhyper::proto::h1::conn[0m[2m:[0m incoming body is content-length (45 bytes)
[2m2025-12-10T10:09:09.472162Z[0m [34mDEBUG[0m [2mhyper::proto::h1::conn[0m[2m:[0m incoming body completed
[2m2025-12-10T10:09:09.472175Z[0m [34mDEBUG[0m [2mhyper::client::pool[0m[2m:[0m pooling idle connection for ("http", 192.168.0.14:8545)
[2m2025-12-10T10:09:09.474423Z[0m [34mDEBUG[0m [2mhyper::proto::h1::io[0m[2m:[0m parsed 4 headers
[2m2025-12-10T10:09:09.474465Z[0m [34mDEBUG[0m [2mhyper::proto::h1::conn[0m[2m:[0m incoming body is content-length (712 bytes)
[2m2025-12-10T10:09:09.474487Z[0m [34mDEBUG[0m [2mhyper::proto::h1::conn[0m[2m:[0m incoming body completed
[2m2025-12-10T10:09:09.474509Z[0m [34mDEBUG[0m [2mhyper::client::pool[0m[2m:[0m pooling idle connection for ("http", 192.168.0.14:8545)
[2m2025-12-10T10:09:09.474525Z[0m [34mDEBUG[0m [2methereum_transaction_pool_monitor::eth_client[0m[2m:[0m 📡 Transaction fetch RPC completed in 5.762709ms
[2m2025-12-10T10:09:09.550142Z[0m [34mDEBUG[0m [2methereum_transaction_pool_monitor::eth_client[0m[2m:[0m ✅ Transaction 0xf74dcb29313e7b883f29cf5d232006d7d313219027cbaf1d85e9c1569a3c7079 fetched and parsed in 81.377334ms
[2m2025-12-10T10:09:09.550175Z[0m [34mDEBUG[0m [2methereum_transaction_pool_monitor::mempool_monitor[0m[2m:[0m 🔍 Skipping tx 0xf74dcb29313e7b883f29cf5d232006d7d313219027cbaf1d85e9c1569a3c7079 - not a DEX interaction (target: 0xe6882A07f8C20BAEF0bbdd85561575fD982Ed384)
[2m2025-12-10T10:09:09.550187Z[0m [34mDEBUG[0m [2methereum_transaction_pool_monitor::mempool_monitor[0m[2m:[0m 📨 Processing new pending transaction: 0x9afde15fc1027446296effbb8e2f95732dd3f8fa82ab48351e47ec661624e35b
[2m2025-12-10T10:09:09.550193Z[0m [34mDEBUG[0m [2methereum_transaction_pool_monitor::mempool_monitor[0m[2m:[0m 🔍 Fetching transaction details for: 0x9afde15fc1027446296effbb8e2f95732dd3f8fa82ab48351e47ec661624e35b
[2m2025-12-10T10:09:09.550199Z[0m [34mDEBUG[0m [2methereum_transaction_pool_monitor::eth_client[0m[2m:[0m 🔍 Fetching transaction details for hash: 0x9afde15fc1027446296effbb8e2f95732dd3f8fa82ab48351e47ec661624e35b
[2m2025-12-10T10:09:09.550223Z[0m [34mDEBUG[0m [2mhyper::client::pool[0m[2m:[0m reuse idle connection for ("http", 192.168.0.14:8545)
[2m2025-12-10T10:09:09.550285Z[0m [34mDEBUG[0m [2mhyper::proto::h1::io[0m[2m:[0m flushed 250 bytes
[2m2025-12-10T10:09:09.550309Z[0m [34mDEBUG[0m [2mhyper::client::pool[0m[2m:[0m reuse idle connection for ("http", 192.168.0.14:8545)
[2m2025-12-10T10:09:09.550329Z[0m [34mDEBUG[0m [2mhyper::proto::h1::io[0m[2m:[0m flushed 172 bytes
[2m2025-12-10T10:09:09.550330Z[0m [34mDEBUG[0m [2methereum_transaction_pool_monitor::eth_client[0m[2m:[0m 📨 Received WebSocket message: {"jsonrpc":"2.0","method":"eth_subscription","params":{"subscription":"0xbed0a0851463e895960a451075a301a9","result":"0xede28a68191c8c91fe338cb1a473705735e094cb057017a6653aec68858c1b93"}}
[2m2025-12-10T10:09:09.550355Z[0m [34mDEBUG[0m [2methereum_transaction_pool_monitor::eth_client[0m[2m:[0m 📨 Received pending transaction: 0xede28a68191c8c91fe338cb1a473705735e094cb057017a6653aec68858c1b93
[2m2025-12-10T10:09:09.550364Z[0m [34mDEBUG[0m [2methereum_transaction_pool_monitor::eth_client[0m[2m:[0m 📨 Received WebSocket message: {"jsonrpc":"2.0","method":"eth_subscription","params":{"subscription":"0xbed0a0851463e895960a451075a301a9","result":"0x4d742720773877a36c5b45612fa5e38a24909b2ba2078c8203afd6cc0e21daff"}}
[2m2025-12-10T10:09:09.550372Z[0m [34mDEBUG[0m [2methereum_transaction_pool_monitor::eth_client[0m[2m:[0m 📨 Received pending transaction: 0x4d742720773877a36c5b45612fa5e38a24909b2ba2078c8203afd6cc0e21daff
[2m2025-12-10T10:09:09.555514Z[0m [34mDEBUG[0m [2mhyper::proto::h1::io[0m[2m:[0m parsed 4 headers
[2m2025-12-10T10:09:09.555528Z[0m [34mDEBUG[0m [2mhyper::proto::h1::conn[0m[2m:[0m incoming body is content-length (649 bytes)
[2m2025-12-10T10:09:09.555537Z[0m [34mDEBUG[0m [2mhyper::proto::h1::conn[0m[2m:[0m incoming body completed
[2m2025-12-10T10:09:09.555548Z[0m [34mDEBUG[0m [2mhyper::client::pool[0m[2m:[0m pooling idle connection for ("http", 192.168.0.14:8545)
[2m2025-12-10T10:09:09.555557Z[0m [34mDEBUG[0m [2methereum_transaction_pool_monitor::eth_client[0m[2m:[0m 📡 Transaction fetch RPC completed in 5.35275ms
[2m2025-12-10T10:09:09.627418Z[0m [34mDEBUG[0m [2methereum_transaction_pool_monitor::eth_client[0m[2m:[0m ✅ Transaction 0x9afde15fc1027446296effbb8e2f95732dd3f8fa82ab48351e47ec661624e35b fetched and parsed in 77.210708ms
[2m2025-12-10T10:09:09.627451Z[0m [34mDEBUG[0m [2methereum_transaction_pool_monitor::mempool_monitor[0m[2m:[0m 🔍 Skipping tx 0x9afde15fc1027446296effbb8e2f95732dd3f8fa82ab48351e47ec661624e35b - not a DEX interaction (target: 0xcb643417A27430771f339046Fa53750C287a48c7)
[2m2025-12-10T10:09:09.627463Z[0m [34mDEBUG[0m [2methereum_transaction_pool_monitor::mempool_monitor[0m[2m:[0m 📨 Processing new pending transaction: 0x7c9f6b4651e25c98294ffa6663a2d3f5f1d59f4e80d449cc12ef21f15e9b6a92
[2m2025-12-10T10:09:09.627470Z[0m [34mDEBUG[0m [2methereum_transaction_pool_monitor::mempool_monitor[0m[2m:[0m 🔍 Fetching transaction details for: 0x7c9f6b4651e25c98294ffa6663a2d3f5f1d59f4e80d449cc12ef21f15e9b6a92
[2m2025-12-10T10:09:09.627476Z[0m [34mDEBUG[0m [2methereum_transaction_pool_monitor::eth_client[0m[2m:[0m 🔍 Fetching transaction details for hash: 0x7c9f6b4651e25c98294ffa6663a2d3f5f1d59f4e80d449cc12ef21f15e9b6a92
[2m2025-12-10T10:09:09.627496Z[0m [34mDEBUG[0m [2mhyper::client::pool[0m[2m:[0m reuse idle connection for ("http", 192.168.0.14:8545)
[2m2025-12-10T10:09:09.627553Z[0m [34mDEBUG[0m [2mhyper::proto::h1::io[0m[2m:[0m flushed 250 bytes
[2m2025-12-10T10:09:09.627588Z[0m [34mDEBUG[0m [2methereum_transaction_pool_monitor::eth_client[0m[2m:[0m 📨 Received WebSocket message: {"jsonrpc":"2.0","method":"eth_subscription","params":{"subscription":"0xbed0a0851463e895960a451075a301a9","result":"0xddd1e434911229f48b4024992ddb47563fc5e4d08b9da2b23949c8467b55d21a"}}
[2m2025-12-10T10:09:09.627603Z[0m [34mDEBUG[0m [2methereum_transaction_pool_monitor::eth_client[0m[2m:[0m 📨 Received pending transaction: 0xddd1e434911229f48b4024992ddb47563fc5e4d08b9da2b23949c8467b55d21a
[2m2025-12-10T10:09:09.627626Z[0m [34mDEBUG[0m [2mhyper::proto::h1::io[0m[2m:[0m parsed 4 headers
[2m2025-12-10T10:09:09.627667Z[0m [34mDEBUG[0m [2mhyper::proto::h1::conn[0m[2m:[0m incoming body is content-length (45 bytes)
[2m2025-12-10T10:09:09.627684Z[0m [34mDEBUG[0m [2mhyper::proto::h1::conn[0m[2m:[0m incoming body completed
[2m2025-12-10T10:09:09.627696Z[0m [34mDEBUG[0m [2mhyper::client::pool[0m[2m:[0m pooling idle connection for ("http", 192.168.0.14:8545)
[2m2025-12-10T10:09:09.627719Z[0m [34mDEBUG[0m [2mhyper::client::pool[0m[2m:[0m reuse idle connection for ("http", 192.168.0.14:8545)
[2m2025-12-10T10:09:09.627738Z[0m [34mDEBUG[0m [2mhyper::proto::h1::io[0m[2m:[0m flushed 172 bytes
[2m2025-12-10T10:09:09.635686Z[0m [34mDEBUG[0m [2mhyper::proto::h1::io[0m[2m:[0m parsed 4 headers
[2m2025-12-10T10:09:09.635704Z[0m [34mDEBUG[0m [2mhyper::proto::h1::conn[0m[2m:[0m incoming body is content-length (830 bytes)
[2m2025-12-10T10:09:09.635718Z[0m [34mDEBUG[0m [2mhyper::proto::h1::conn[0m[2m:[0m incoming body completed
[2m2025-12-10T10:09:09.635731Z[0m [34mDEBUG[0m [2mhyper::client::pool[0m[2m:[0m pooling idle connection for ("http", 192.168.0.14:8545)
[2m2025-12-10T10:09:09.635741Z[0m [34mDEBUG[0m [2methereum_transaction_pool_monitor::eth_client[0m[2m:[0m 📡 Transaction fetch RPC completed in 8.259916ms
[2m2025-12-10T10:09:09.708546Z[0m [34mDEBUG[0m [2methereum_transaction_pool_monitor::eth_client[0m[2m:[0m ✅ Transaction 0x7c9f6b4651e25c98294ffa6663a2d3f5f1d59f4e80d449cc12ef21f15e9b6a92 fetched and parsed in 81.062375ms
[2m2025-12-10T10:09:09.708575Z[0m [34mDEBUG[0m [2methereum_transaction_pool_monitor::mempool_monitor[0m[2m:[0m 🔍 Skipping tx 0x7c9f6b4651e25c98294ffa6663a2d3f5f1d59f4e80d449cc12ef21f15e9b6a92 - not a DEX interaction (target: 0x3B4D794a66304F130a4Db8F2551B0070dfCf5ca7)
[2m2025-12-10T10:09:09.708585Z[0m [34mDEBUG[0m [2methereum_transaction_pool_monitor::mempool_monitor[0m[2m:[0m 📨 Processing new pending transaction: 0x1248c71e83ac37d878ac1e2fe98431555bfcba39ed0347c694db752e7aef92f1
[2m2025-12-10T10:09:09.708591Z[0m [34mDEBUG[0m [2methereum_transaction_pool_monitor::mempool_monitor[0m[2m:[0m 🔍 Fetching transaction details for: 0x1248c71e83ac37d878ac1e2fe98431555bfcba39ed0347c694db752e7aef92f1
[2m2025-12-10T10:09:09.708598Z[0m [34mDEBUG[0m [2methereum_transaction_pool_monitor::eth_client[0m[2m:[0m 🔍 Fetching transaction details for hash: 0x1248c71e83ac37d878ac1e2fe98431555bfcba39ed0347c694db752e7aef92f1
[2m2025-12-10T10:09:09.708618Z[0m [34mDEBUG[0m [2mhyper::client::pool[0m[2m:[0m reuse idle connection for ("http", 192.168.0.14:8545)
[2m2025-12-10T10:09:09.708669Z[0m [34mDEBUG[0m [2mhyper::proto::h1::io[0m[2m:[0m flushed 250 bytes
[2m2025-12-10T10:09:09.708696Z[0m [34mDEBUG[0m [2methereum_transaction_pool_monitor::eth_client[0m[2m:[0m 📨 Received WebSocket message: {"jsonrpc":"2.0","method":"eth_subscription","params":{"subscription":"0xbed0a0851463e895960a451075a301a9","result":"0x22ef051ce3fed761cc5ec846c58bc0b8a01c6eaccb145ee637223b82bdd27040"}}
[2m2025-12-10T10:09:09.708705Z[0m [34mDEBUG[0m [2methereum_transaction_pool_monitor::eth_client[0m[2m:[0m 📨 Received pending transaction: 0x22ef051ce3fed761cc5ec846c58bc0b8a01c6eaccb145ee637223b82bdd27040
[2m2025-12-10T10:09:09.708720Z[0m [34mDEBUG[0m [2mhyper::proto::h1::io[0m[2m:[0m parsed 4 headers
[2m2025-12-10T10:09:09.708724Z[0m [34mDEBUG[0m [2mhyper::proto::h1::conn[0m[2m:[0m incoming body is content-length (45 bytes)
[2m2025-12-10T10:09:09.708733Z[0m [34mDEBUG[0m [2mhyper::proto::h1::conn[0m[2m:[0m incoming body completed
[2m2025-12-10T10:09:09.708742Z[0m [34mDEBUG[0m [2mhyper::client::pool[0m[2m:[0m pooling idle connection for ("http", 192.168.0.14:8545)
[2m2025-12-10T10:09:09.708765Z[0m [34mDEBUG[0m [2mhyper::client::pool[0m[2m:[0m reuse idle connection for ("http", 192.168.0.14:8545)
[2m2025-12-10T10:09:09.708780Z[0m [34mDEBUG[0m [2mhyper::proto::h1::io[0m[2m:[0m flushed 172 bytes
[2m2025-12-10T10:09:09.712782Z[0m [34mDEBUG[0m [2mhyper::proto::h1::io[0m[2m:[0m parsed 4 headers
[2m2025-12-10T10:09:09.712795Z[0m [34mDEBUG[0m [2mhyper::proto::h1::conn[0m[2m:[0m incoming body is content-length (45 bytes)
[2m2025-12-10T10:09:09.712803Z[0m [34mDEBUG[0m [2mhyper::proto::h1::conn[0m[2m:[0m incoming body completed
[2m2025-12-10T10:09:09.712813Z[0m [34mDEBUG[0m [2mhyper::client::pool[0m[2m:[0m pooling idle connection for ("http", 192.168.0.14:8545)
[2m2025-12-10T10:09:09.713195Z[0m [34mDEBUG[0m [2mhyper::proto::h1::io[0m[2m:[0m parsed 4 headers
[2m2025-12-10T10:09:09.713201Z[0m [34mDEBUG[0m [2mhyper::proto::h1::conn[0m[2m:[0m incoming body is content-length (643 bytes)
[2m2025-12-10T10:09:09.713206Z[0m [34mDEBUG[0m [2mhyper::proto::h1::conn[0m[2m:[0m incoming body completed
[2m2025-12-10T10:09:09.713214Z[0m [34mDEBUG[0m [2mhyper::client::pool[0m[2m:[0m pooling idle connection for ("http", 192.168.0.14:8545)
[2m2025-12-10T10:09:09.713219Z[0m [34mDEBUG[0m [2methereum_transaction_pool_monitor::eth_client[0m[2m:[0m 📡 Transaction fetch RPC completed in 4.616666ms
[2m2025-12-10T10:09:09.789235Z[0m [34mDEBUG[0m [2methereum_transaction_pool_monitor::eth_client[0m[2m:[0m ✅ Transaction 0x1248c71e83ac37d878ac1e2fe98431555bfcba39ed0347c694db752e7aef92f1 fetched and parsed in 80.628708ms
[2m2025-12-10T10:09:09.789297Z[0m [34mDEBUG[0m [2methereum_transaction_pool_monitor::mempool_monitor[0m[2m:[0m 🔍 Skipping tx 0x1248c71e83ac37d878ac1e2fe98431555bfcba39ed0347c694db752e7aef92f1 - not a DEX interaction (target: 0xa0569Db150C9EC1c368c5398A5F83Bf097EAD3C2)
[2m2025-12-10T10:09:09.789317Z[0m [34mDEBUG[0m [2methereum_transaction_pool_monitor::mempool_monitor[0m[2m:[0m 📨 Processing new pending transaction: 0xe84e5eb5e461ac6406a4976e494417ba3160865e360f687e7217765be79f3094
[2m2025-12-10T10:09:09.789338Z[0m [34mDEBUG[0m [2methereum_transaction_pool_monitor::mempool_monitor[0m[2m:[0m 🔍 Fetching transaction details for: 0xe84e5eb5e461ac6406a4976e494417ba3160865e360f687e7217765be79f3094
[2m2025-12-10T10:09:09.789353Z[0m [34mDEBUG[0m [2methereum_transaction_pool_monitor::eth_client[0m[2m:[0m 🔍 Fetching transaction details for hash: 0xe84e5eb5e461ac6406a4976e494417ba3160865e360f687e7217765be79f3094
[2m2025-12-10T10:09:09.789389Z[0m [34mDEBUG[0m [2mhyper::client::pool[0m[2m:[0m reuse idle connection for ("http", 192.168.0.14:8545)
[2m2025-12-10T10:09:09.789498Z[0m [34mDEBUG[0m [2mhyper::proto::h1::io[0m[2m:[0m flushed 250 bytes
[2m2025-12-10T10:09:09.789560Z[0m [34mDEBUG[0m [2methereum_transaction_pool_monitor::eth_client[0m[2m:[0m 📨 Received WebSocket message: {"jsonrpc":"2.0","method":"eth_subscription","params":{"subscription":"0xbed0a0851463e895960a451075a301a9","result":"0xe65254d0bc860c95aa03432465b2982f8504a45cf97c0573f911e184e9effcc6"}}
[2m2025-12-10T10:09:09.789583Z[0m [34mDEBUG[0m [2methereum_transaction_pool_monitor::eth_client[0m[2m:[0m 📨 Received pending transaction: 0xe65254d0bc860c95aa03432465b2982f8504a45cf97c0573f911e184e9effcc6
[2m2025-12-10T10:09:09.796408Z[0m [34mDEBUG[0m [2mhyper::client::pool[0m[2m:[0m reuse idle connection for ("http", 192.168.0.14:8545)
[2m2025-12-10T10:09:09.796511Z[0m [34mDEBUG[0m [2mhyper::proto::h1::io[0m[2m:[0m flushed 172 bytes
[2m2025-12-10T10:09:09.797874Z[0m [34mDEBUG[0m [2mhyper::proto::h1::io[0m[2m:[0m parsed 4 headers
[2m2025-12-10T10:09:09.797902Z[0m [34mDEBUG[0m [2mhyper::proto::h1::conn[0m[2m:[0m incoming body is content-length (765 bytes)
[2m2025-12-10T10:09:09.797926Z[0m [34mDEBUG[0m [2mhyper::proto::h1::conn[0m[2m:[0m incoming body completed
[2m2025-12-10T10:09:09.797955Z[0m [34mDEBUG[0m [2mhyper::client::pool[0m[2m:[0m pooling idle connection for ("http", 192.168.0.14:8545)
[2m2025-12-10T10:09:09.797975Z[0m [34mDEBUG[0m [2methereum_transaction_pool_monitor::eth_client[0m[2m:[0m 📡 Transaction fetch RPC completed in 8.6115ms
[2m2025-12-10T10:09:09.798010Z[0m [34mDEBUG[0m [2methereum_transaction_pool_monitor::eth_client[0m[2m:[0m DeFi transaction detected - Address: 0xdac17f958d2ee523a2206206994597c13d831ec7, Type: Stablecoin, Value: 0 ETH, Gas: 0.28 Gwei
[2m2025-12-10T10:09:09.798042Z[0m [34mDEBUG[0m [2methereum_transaction_pool_monitor::eth_client[0m[2m:[0m ✅ Transaction 0xe84e5eb5e461ac6406a4976e494417ba3160865e360f687e7217765be79f3094 fetched and parsed in 8.678958ms
[2m2025-12-10T10:09:09.798060Z[0m [34mDEBUG[0m [2methereum_transaction_pool_monitor::mempool_monitor[0m[2m:[0m 🔍 Skipping tx 0xe84e5eb5e461ac6406a4976e494417ba3160865e360f687e7217765be79f3094 - not a DEX interaction (target: 0xdAC17F958D2ee523a2206206994597C13D831ec7)
[2m2025-12-10T10:09:09.798077Z[0m [34mDEBUG[0m [2methereum_transaction_pool_monitor::mempool_monitor[0m[2m:[0m 📨 Processing new pending transaction: 0x4c9d43cf280eeeb9db474628bad8198ee6cb3e7d31a9433f74483473306e83af
[2m2025-12-10T10:09:09.798087Z[0m [34mDEBUG[0m [2methereum_transaction_pool_monitor::mempool_monitor[0m[2m:[0m 🔍 Fetching transaction details for: 0x4c9d43cf280eeeb9db474628bad8198ee6cb3e7d31a9433f74483473306e83af
[2m2025-12-10T10:09:09.798097Z[0m [34mDEBUG[0m [2methereum_transaction_pool_monitor::eth_client[0m[2m:[0m 🔍 Fetching transaction details for hash: 0x4c9d43cf280eeeb9db474628bad8198ee6cb3e7d31a9433f74483473306e83af
[2m2025-12-10T10:09:09.798122Z[0m [34mDEBUG[0m [2mhyper::client::pool[0m[2m:[0m reuse idle connection for ("http", 192.168.0.14:8545)
[2m2025-12-10T10:09:09.798167Z[0m [34mDEBUG[0m [2mhyper::proto::h1::io[0m[2m:[0m flushed 250 bytes
[2m2025-12-10T10:09:09.804467Z[0m [34mDEBUG[0m [2mhyper::proto::h1::io[0m[2m:[0m parsed 4 headers
[2m2025-12-10T10:09:09.804483Z[0m [34mDEBUG[0m [2mhyper::proto::h1::conn[0m[2m:[0m incoming body is content-length (45 bytes)
[2m2025-12-10T10:09:09.804495Z[0m [34mDEBUG[0m [2mhyper::proto::h1::conn[0m[2m:[0m incoming body completed
[2m2025-12-10T10:09:09.804507Z[0m [34mDEBUG[0m [2mhyper::client::pool[0m[2m:[0m pooling idle connection for ("http", 192.168.0.14:8545)
[2m2025-12-10T10:09:09.806062Z[0m [34mDEBUG[0m [2mhyper::proto::h1::io[0m[2m:[0m parsed 4 headers
[2m2025-12-10T10:09:09.806079Z[0m [34mDEBUG[0m [2mhyper::proto::h1::conn[0m[2m:[0m incoming body is content-length (830 bytes)
[2m2025-12-10T10:09:09.806089Z[0m [34mDEBUG[0m [2mhyper::proto::h1::conn[0m[2m:[0m incoming body completed
[2m2025-12-10T10:09:09.806101Z[0m [34mDEBUG[0m [2mhyper::client::pool[0m[2m:[0m pooling idle connection for ("http", 192.168.0.14:8545)
[2m2025-12-10T10:09:09.806109Z[0m [34mDEBUG[0m [2methereum_transaction_pool_monitor::eth_client[0m[2m:[0m 📡 Transaction fetch RPC completed in 8.002709ms
[2m2025-12-10T10:09:09.878827Z[0m [34mDEBUG[0m [2methereum_transaction_pool_monitor::eth_client[0m[2m:[0m ✅ Transaction 0x4c9d43cf280eeeb9db474628bad8198ee6cb3e7d31a9433f74483473306e83af fetched and parsed in 80.717125ms
[2m2025-12-10T10:09:09.878859Z[0m [34mDEBUG[0m [2methereum_transaction_pool_monitor::mempool_monitor[0m[2m:[0m 🔍 Skipping tx 0x4c9d43cf280eeeb9db474628bad8198ee6cb3e7d31a9433f74483473306e83af - not a DEX interaction (target: 0x3B4D794a66304F130a4Db8F2551B0070dfCf5ca7)
[2m2025-12-10T10:09:09.878870Z[0m [34mDEBUG[0m [2methereum_transaction_pool_monitor::mempool_monitor[0m[2m:[0m 📨 Processing new pending transaction: 0x750797c76d6615633f143313097c503e59098866c0e2e59b5b3a8b51003ef394
[2m2025-12-10T10:09:09.878874Z[0m [34mDEBUG[0m [2methereum_transaction_pool_monitor::mempool_monitor[0m[2m:[0m 🔍 Fetching transaction details for: 0x750797c76d6615633f143313097c503e59098866c0e2e59b5b3a8b51003ef394
[2m2025-12-10T10:09:09.878879Z[0m [34mDEBUG[0m [2methereum_transaction_pool_monitor::eth_client[0m[2m:[0m 🔍 Fetching transaction details for hash: 0x750797c76d6615633f143313097c503e59098866c0e2e59b5b3a8b51003ef394
[2m2025-12-10T10:09:09.878901Z[0m [34mDEBUG[0m [2mhyper::client::pool[0m[2m:[0m reuse idle connection for ("http", 192.168.0.14:8545)
[2m2025-12-10T10:09:09.878968Z[0m [34mDEBUG[0m [2mhyper::proto::h1::io[0m[2m:[0m flushed 250 bytes
[2m2025-12-10T10:09:09.878990Z[0m [34mDEBUG[0m [2methereum_transaction_pool_monitor::eth_client[0m[2m:[0m 📨 Received WebSocket message: {"jsonrpc":"2.0","method":"eth_subscription","params":{"subscription":"0xbed0a0851463e895960a451075a301a9","result":"0xd05ad69a87d83dd5b4b035c9b6ae3dc1467a4ad86a39d6239f3cc0a1112a59e2"}}
[2m2025-12-10T10:09:09.878998Z[0m [34mDEBUG[0m [2methereum_transaction_pool_monitor::eth_client[0m[2m:[0m 📨 Received pending transaction: 0xd05ad69a87d83dd5b4b035c9b6ae3dc1467a4ad86a39d6239f3cc0a1112a59e2
[2m2025-12-10T10:09:09.879004Z[0m [34mDEBUG[0m [2methereum_transaction_pool_monitor::eth_client[0m[2m:[0m 📨 Received WebSocket message: {"jsonrpc":"2.0","method":"eth_subscription","params":{"subscription":"0xbed0a0851463e895960a451075a301a9","result":"0x5c4e5fa84e9a04e68867df8e0c8a5c3be4764e3806228012b213db2703574d8b"}}
[2m2025-12-10T10:09:09.879009Z[0m [34mDEBUG[0m [2methereum_transaction_pool_monitor::eth_client[0m[2m:[0m 📨 Received pending transaction: 0x5c4e5fa84e9a04e68867df8e0c8a5c3be4764e3806228012b213db2703574d8b
[2m2025-12-10T10:09:09.884848Z[0m [34mDEBUG[0m [2mhyper::proto::h1::io[0m[2m:[0m parsed 4 headers
[2m2025-12-10T10:09:09.884862Z[0m [34mDEBUG[0m [2mhyper::proto::h1::conn[0m[2m:[0m incoming body is content-length (771 bytes)
[2m2025-12-10T10:09:09.884873Z[0m [34mDEBUG[0m [2mhyper::proto::h1::conn[0m[2m:[0m incoming body completed
[2m2025-12-10T10:09:09.884886Z[0m [34mDEBUG[0m [2mhyper::client::pool[0m[2m:[0m pooling idle connection for ("http", 192.168.0.14:8545)
[2m2025-12-10T10:09:09.884895Z[0m [34mDEBUG[0m [2methereum_transaction_pool_monitor::eth_client[0m[2m:[0m 📡 Transaction fetch RPC completed in 6.011542ms
[2m2025-12-10T10:09:09.958717Z[0m [34mDEBUG[0m [2methereum_transaction_pool_monitor::eth_client[0m[2m:[0m ✅ Transaction 0x750797c76d6615633f143313097c503e59098866c0e2e59b5b3a8b51003ef394 fetched and parsed in 79.830209ms
[2m2025-12-10T10:09:09.958748Z[0m [34mDEBUG[0m [2methereum_transaction_pool_monitor::mempool_monitor[0m[2m:[0m 🔍 Skipping tx 0x750797c76d6615633f143313097c503e59098866c0e2e59b5b3a8b51003ef394 - not a DEX interaction (target: 0xA0b86991c6218b36c1d19D4a2e9Eb0cE3606eB48)
[2m2025-12-10T10:09:09.958762Z[0m [34mDEBUG[0m [2methereum_transaction_pool_monitor::mempool_monitor[0m[2m:[0m 📨 Processing new pending transaction: 0xbe5bf4e79971c11b5c8b29010507726c5ff69f0602b9b7afb95057f978548fd2
[2m2025-12-10T10:09:09.958769Z[0m [34mDEBUG[0m [2methereum_transaction_pool_monitor::mempool_monitor[0m[2m:[0m 🔍 Fetching transaction details for: 0xbe5bf4e79971c11b5c8b29010507726c5ff69f0602b9b7afb95057f978548fd2
[2m2025-12-10T10:09:09.958775Z[0m [34mDEBUG[0m [2methereum_transaction_pool_monitor::eth_client[0m[2m:[0m 🔍 Fetching transaction details for hash: 0xbe5bf4e79971c11b5c8b29010507726c5ff69f0602b9b7afb95057f978548fd2
[2m2025-12-10T10:09:09.958804Z[0m [34mDEBUG[0m [2mhyper::client::pool[0m[2m:[0m reuse idle connection for ("http", 192.168.0.14:8545)
[2m2025-12-10T10:09:09.958873Z[0m [34mDEBUG[0m [2mhyper::proto::h1::io[0m[2m:[0m flushed 250 bytes
[2m2025-12-10T10:09:09.958900Z[0m [34mDEBUG[0m [2mhyper::client::pool[0m[2m:[0m reuse idle connection for ("http", 192.168.0.14:8545)
[2m2025-12-10T10:09:09.958924Z[0m [34mDEBUG[0m [2mhyper::proto::h1::io[0m[2m:[0m flushed 172 bytes
[2m2025-12-10T10:09:09.958956Z[0m [34mDEBUG[0m [2methereum_transaction_pool_monitor::eth_client[0m[2m:[0m 📨 Received WebSocket message: {"jsonrpc":"2.0","method":"eth_subscription","params":{"subscription":"0xbed0a0851463e895960a451075a301a9","result":"0x7d428d22f2a5850f0865a6abc9e7d602418cf34507c0fd127f9fb2672e714ee0"}}
[2m2025-12-10T10:09:09.959021Z[0m [34mDEBUG[0m [2methereum_transaction_pool_monitor::eth_client[0m[2m:[0m 📨 Received pending transaction: 0x7d428d22f2a5850f0865a6abc9e7d602418cf34507c0fd127f9fb2672e714ee0
[2m2025-12-10T10:09:09.959050Z[0m [34mDEBUG[0m [2methereum_transaction_pool_monitor::eth_client[0m[2m:[0m 📨 Received WebSocket message: {"jsonrpc":"2.0","method":"eth_subscription","params":{"subscription":"0xbed0a0851463e895960a451075a301a9","result":"0xfea17d0ce29e574f1db20f0eef0fac7cb2da006a82dfc2d857aa9ee0e39e1257"}}
[2m2025-12-10T10:09:09.959075Z[0m [34mDEBUG[0m [2methereum_transaction_pool_monitor::eth_client[0m[2m:[0m 📨 Received pending transaction: 0xfea17d0ce29e574f1db20f0eef0fac7cb2da006a82dfc2d857aa9ee0e39e1257
[2m2025-12-10T10:09:09.959086Z[0m [34mDEBUG[0m [2methereum_transaction_pool_monitor::eth_client[0m[2m:[0m 📨 Received WebSocket message: {"jsonrpc":"2.0","method":"eth_subscription","params":{"subscription":"0xbed0a0851463e895960a451075a301a9","result":"0x2065f4cf25a4dbd1110c0f648ef11b3708f8636ace951f7eced732136a62c195"}}
[2m2025-12-10T10:09:09.959092Z[0m [34mDEBUG[0m [2methereum_transaction_pool_monitor::eth_client[0m[2m:[0m 📨 Received pending transaction: 0x2065f4cf25a4dbd1110c0f648ef11b3708f8636ace951f7eced732136a62c195
[2m2025-12-10T10:09:09.966124Z[0m [34mDEBUG[0m [2mhyper::proto::h1::io[0m[2m:[0m parsed 4 headers
[2m2025-12-10T10:09:09.967513Z[0m [34mDEBUG[0m [2mhyper::proto::h1::conn[0m[2m:[0m incoming body is content-length (680 bytes)
[2m2025-12-10T10:09:09.967530Z[0m [34mDEBUG[0m [2mhyper::proto::h1::conn[0m[2m:[0m incoming body completed
[2m2025-12-10T10:09:09.967546Z[0m [34mDEBUG[0m [2mhyper::client::pool[0m[2m:[0m pooling idle connection for ("http", 192.168.0.14:8545)
[2m2025-12-10T10:09:09.967557Z[0m [34mDEBUG[0m [2methereum_transaction_pool_monitor::eth_client[0m[2m:[0m 📡 Transaction fetch RPC completed in 8.777292ms
[2m2025-12-10T10:09:10.040450Z[0m [34mDEBUG[0m [2methereum_transaction_pool_monitor::eth_client[0m[2m:[0m ✅ Transaction 0xbe5bf4e79971c11b5c8b29010507726c5ff69f0602b9b7afb95057f978548fd2 fetched and parsed in 81.665875ms
[2m2025-12-10T10:09:10.040486Z[0m [34mDEBUG[0m [2methereum_transaction_pool_monitor::mempool_monitor[0m[2m:[0m 🔍 Skipping tx 0xbe5bf4e79971c11b5c8b29010507726c5ff69f0602b9b7afb95057f978548fd2 - not a DEX interaction (target: 0xB4b9DC1C77bdbb135eA907fd5a08094d98883A35)
[2m2025-12-10T10:09:10.040497Z[0m [34mDEBUG[0m [2methereum_transaction_pool_monitor::mempool_monitor[0m[2m:[0m 📨 Processing new pending transaction: 0xcb4f6fd438c0a5904ff6eab2d0d0b9db477ca1100d624e9c0d51de9a6ab9efe8
[2m2025-12-10T10:09:10.040504Z[0m [34mDEBUG[0m [2methereum_transaction_pool_monitor::mempool_monitor[0m[2m:[0m 🔍 Fetching transaction details for: 0xcb4f6fd438c0a5904ff6eab2d0d0b9db477ca1100d624e9c0d51de9a6ab9efe8
[2m2025-12-10T10:09:10.040510Z[0m [34mDEBUG[0m [2methereum_transaction_pool_monitor::eth_client[0m[2m:[0m 🔍 Fetching transaction details for hash: 0xcb4f6fd438c0a5904ff6eab2d0d0b9db477ca1100d624e9c0d51de9a6ab9efe8
[2m2025-12-10T10:09:10.040534Z[0m [34mDEBUG[0m [2mhyper::client::pool[0m[2m:[0m reuse idle connection for ("http", 192.168.0.14:8545)
[2m2025-12-10T10:09:10.040594Z[0m [34mDEBUG[0m [2mhyper::proto::h1::io[0m[2m:[0m flushed 250 bytes
[2m2025-12-10T10:09:10.040623Z[0m [34mDEBUG[0m [2methereum_transaction_pool_monitor::eth_client[0m[2m:[0m 📨 Received WebSocket message: {"jsonrpc":"2.0","method":"eth_subscription","params":{"subscription":"0xbed0a0851463e895960a451075a301a9","result":"0x7b37a82aa5315f15abd9340cc40438a3f105c99af1a9804c8c198f99a9936964"}}
[2m2025-12-10T10:09:10.040636Z[0m [34mDEBUG[0m [2methereum_transaction_pool_monitor::eth_client[0m[2m:[0m 📨 Received pending transaction: 0x7b37a82aa5315f15abd9340cc40438a3f105c99af1a9804c8c198f99a9936964
[2m2025-12-10T10:09:10.040642Z[0m [34mDEBUG[0m [2mhyper::proto::h1::io[0m[2m:[0m parsed 4 headers
[2m2025-12-10T10:09:10.040666Z[0m [34mDEBUG[0m [2mhyper::proto::h1::conn[0m[2m:[0m incoming body is content-length (45 bytes)
[2m2025-12-10T10:09:10.040679Z[0m [34mDEBUG[0m [2mhyper::proto::h1::conn[0m[2m:[0m incoming body completed
[2m2025-12-10T10:09:10.040646Z[0m [34mDEBUG[0m [2methereum_transaction_pool_monitor::eth_client[0m[2m:[0m 📨 Received WebSocket message: {"jsonrpc":"2.0","method":"eth_subscription","params":{"subscription":"0xbed0a0851463e895960a451075a301a9","result":"0xaff86959a494505a2cb5a3d73c4cf81b99f2985ef6106311405cefab96e01270"}}
[2m2025-12-10T10:09:10.040695Z[0m [34mDEBUG[0m [2mhyper::client::pool[0m[2m:[0m pooling idle connection for ("http", 192.168.0.14:8545)
[2m2025-12-10T10:09:10.040738Z[0m [34mDEBUG[0m [2methereum_transaction_pool_monitor::eth_client[0m[2m:[0m 📨 Received pending transaction: 0xaff86959a494505a2cb5a3d73c4cf81b99f2985ef6106311405cefab96e01270
[2m2025-12-10T10:09:10.040754Z[0m [34mDEBUG[0m [2mhyper::client::pool[0m[2m:[0m reuse idle connection for ("http", 192.168.0.14:8545)
[2m2025-12-10T10:09:10.040773Z[0m [34mDEBUG[0m [2mhyper::proto::h1::io[0m[2m:[0m flushed 172 bytes
[2m2025-12-10T10:09:10.047770Z[0m [34mDEBUG[0m [2mhyper::proto::h1::io[0m[2m:[0m parsed 4 headers
[2m2025-12-10T10:09:10.047785Z[0m [34mDEBUG[0m [2mhyper::proto::h1::conn[0m[2m:[0m incoming body is content-length (830 bytes)
[2m2025-12-10T10:09:10.047796Z[0m [34mDEBUG[0m [2mhyper::proto::h1::conn[0m[2m:[0m incoming body completed
[2m2025-12-10T10:09:10.047808Z[0m [34mDEBUG[0m [2mhyper::client::pool[0m[2m:[0m pooling idle connection for ("http", 192.168.0.14:8545)
[2m2025-12-10T10:09:10.047817Z[0m [34mDEBUG[0m [2methereum_transaction_pool_monitor::eth_client[0m[2m:[0m 📡 Transaction fetch RPC completed in 7.302917ms
[2m2025-12-10T10:09:10.233405Z[0m [34mDEBUG[0m [2methereum_transaction_pool_monitor::eth_client[0m[2m:[0m ✅ Transaction 0xcb4f6fd438c0a5904ff6eab2d0d0b9db477ca1100d624e9c0d51de9a6ab9efe8 fetched and parsed in 192.885334ms
[2m2025-12-10T10:09:10.233437Z[0m [34mDEBUG[0m [2methereum_transaction_pool_monitor::mempool_monitor[0m[2m:[0m 🔍 Skipping tx 0xcb4f6fd438c0a5904ff6eab2d0d0b9db477ca1100d624e9c0d51de9a6ab9efe8 - not a DEX interaction (target: 0x3B4D794a66304F130a4Db8F2551B0070dfCf5ca7)
[2m2025-12-10T10:09:10.233449Z[0m [34mDEBUG[0m [2methereum_transaction_pool_monitor::mempool_monitor[0m[2m:[0m 📨 Processing new pending transaction: 0xbc4c279178f370044a9d62e2e0ebe1209b39405dd5fc7cd890eee03de9b238c7
[2m2025-12-10T10:09:10.233456Z[0m [34mDEBUG[0m [2methereum_transaction_pool_monitor::mempool_monitor[0m[2m:[0m 🔍 Fetching transaction details for: 0xbc4c279178f370044a9d62e2e0ebe1209b39405dd5fc7cd890eee03de9b238c7
[2m2025-12-10T10:09:10.233462Z[0m [34mDEBUG[0m [2methereum_transaction_pool_monitor::eth_client[0m[2m:[0m 🔍 Fetching transaction details for hash: 0xbc4c279178f370044a9d62e2e0ebe1209b39405dd5fc7cd890eee03de9b238c7
[2m2025-12-10T10:09:10.233494Z[0m [34mDEBUG[0m [2mhyper::client::pool[0m[2m:[0m reuse idle connection for ("http", 192.168.0.14:8545)
[2m2025-12-10T10:09:10.233576Z[0m [34mDEBUG[0m [2mhyper::proto::h1::io[0m[2m:[0m flushed 250 bytes
[2m2025-12-10T10:09:10.233617Z[0m [34mDEBUG[0m [2mhyper::proto::h1::io[0m[2m:[0m parsed 4 headers
[2m2025-12-10T10:09:10.233625Z[0m [34mDEBUG[0m [2mhyper::proto::h1::conn[0m[2m:[0m incoming body is content-length (45 bytes)
[2m2025-12-10T10:09:10.233635Z[0m [34mDEBUG[0m [2mhyper::proto::h1::conn[0m[2m:[0m incoming body completed
[2m2025-12-10T10:09:10.233647Z[0m [34mDEBUG[0m [2mhyper::client::pool[0m[2m:[0m pooling idle connection for ("http", 192.168.0.14:8545)
[2m2025-12-10T10:09:10.233678Z[0m [34mDEBUG[0m [2mhyper::client::pool[0m[2m:[0m reuse idle connection for ("http", 192.168.0.14:8545)
[2m2025-12-10T10:09:10.233702Z[0m [34mDEBUG[0m [2mhyper::proto::h1::io[0m[2m:[0m flushed 172 bytes
[2m2025-12-10T10:09:10.239962Z[0m [34mDEBUG[0m [2mhyper::proto::h1::io[0m[2m:[0m parsed 4 headers
[2m2025-12-10T10:09:10.239971Z[0m [34mDEBUG[0m [2mhyper::proto::h1::conn[0m[2m:[0m incoming body is content-length (45 bytes)
[2m2025-12-10T10:09:10.239978Z[0m [34mDEBUG[0m [2mhyper::proto::h1::conn[0m[2m:[0m incoming body completed
[2m2025-12-10T10:09:10.239987Z[0m [34mDEBUG[0m [2mhyper::client::pool[0m[2m:[0m pooling idle connection for ("http", 192.168.0.14:8545)
[2m2025-12-10T10:09:10.240010Z[0m [34mDEBUG[0m [2mhyper::client::pool[0m[2m:[0m reuse idle connection for ("http", 192.168.0.14:8545)
[2m2025-12-10T10:09:10.240028Z[0m [34mDEBUG[0m [2mhyper::proto::h1::io[0m[2m:[0m flushed 172 bytes
[2m2025-12-10T10:09:10.244119Z[0m [34mDEBUG[0m [2mhyper::proto::h1::io[0m[2m:[0m parsed 4 headers
[2m2025-12-10T10:09:10.244132Z[0m [34mDEBUG[0m [2mhyper::proto::h1::conn[0m[2m:[0m incoming body is content-length (45 bytes)
[2m2025-12-10T10:09:10.244141Z[0m [34mDEBUG[0m [2mhyper::proto::h1::conn[0m[2m:[0m incoming body completed
[2m2025-12-10T10:09:10.244150Z[0m [34mDEBUG[0m [2mhyper::client::pool[0m[2m:[0m pooling idle connection for ("http", 192.168.0.14:8545)
[2m2025-12-10T10:09:10.244750Z[0m [34mDEBUG[0m [2mhyper::proto::h1::io[0m[2m:[0m parsed 4 headers
[2m2025-12-10T10:09:10.244758Z[0m [34mDEBUG[0m [2mhyper::proto::h1::conn[0m[2m:[0m incoming body is content-length (773 bytes)
[2m2025-12-10T10:09:10.244764Z[0m [34mDEBUG[0m [2mhyper::proto::h1::conn[0m[2m:[0m incoming body completed
[2m2025-12-10T10:09:10.244770Z[0m [34mDEBUG[0m [2mhyper::client::pool[0m[2m:[0m pooling idle connection for ("http", 192.168.0.14:8545)
[2m2025-12-10T10:09:10.244777Z[0m [34mDEBUG[0m [2methereum_transaction_pool_monitor::eth_client[0m[2m:[0m 📡 Transaction fetch RPC completed in 11.308708ms
[2m2025-12-10T10:09:10.390611Z[0m [34mDEBUG[0m [2methereum_transaction_pool_monitor::eth_client[0m[2m:[0m ✅ Transaction 0xbc4c279178f370044a9d62e2e0ebe1209b39405dd5fc7cd890eee03de9b238c7 fetched and parsed in 157.136958ms
[2m2025-12-10T10:09:10.390645Z[0m [34mDEBUG[0m [2methereum_transaction_pool_monitor::mempool_monitor[0m[2m:[0m 🔍 Skipping tx 0xbc4c279178f370044a9d62e2e0ebe1209b39405dd5fc7cd890eee03de9b238c7 - not a DEX interaction (target: 0xA0b86991c6218b36c1d19D4a2e9Eb0cE3606eB48)
[2m2025-12-10T10:09:10.390657Z[0m [34mDEBUG[0m [2methereum_transaction_pool_monitor::mempool_monitor[0m[2m:[0m 📨 Processing new pending transaction: 0x76c14c6922032017812687c2757cbd43515aa7670836c0131d70336025336014
[2m2025-12-10T10:09:10.390665Z[0m [34mDEBUG[0m [2methereum_transaction_pool_monitor::mempool_monitor[0m[2m:[0m 🔍 Fetching transaction details for: 0x76c14c6922032017812687c2757cbd43515aa7670836c0131d70336025336014
[2m2025-12-10T10:09:10.390671Z[0m [34mDEBUG[0m [2methereum_transaction_pool_monitor::eth_client[0m[2m:[0m 🔍 Fetching transaction details for hash: 0x76c14c6922032017812687c2757cbd43515aa7670836c0131d70336025336014
[2m2025-12-10T10:09:10.390701Z[0m [34mDEBUG[0m [2mhyper::client::pool[0m[2m:[0m reuse idle connection for ("http", 192.168.0.14:8545)
[2m2025-12-10T10:09:10.390774Z[0m [34mDEBUG[0m [2mhyper::proto::h1::io[0m[2m:[0m flushed 250 bytes
[2m2025-12-10T10:09:10.390809Z[0m [34mDEBUG[0m [2mhyper::client::pool[0m[2m:[0m reuse idle connection for ("http", 192.168.0.14:8545)
[2m2025-12-10T10:09:10.390827Z[0m [34mDEBUG[0m [2mhyper::proto::h1::io[0m[2m:[0m flushed 172 bytes
[2m2025-12-10T10:09:10.397393Z[0m [34mDEBUG[0m [2mhyper::proto::h1::io[0m[2m:[0m parsed 4 headers
[2m2025-12-10T10:09:10.399916Z[0m [34mDEBUG[0m [2mhyper::proto::h1::conn[0m[2m:[0m incoming body is content-length (45 bytes)
[2m2025-12-10T10:09:10.399931Z[0m [34mDEBUG[0m [2mhyper::proto::h1::conn[0m[2m:[0m incoming body completed
[2m2025-12-10T10:09:10.399944Z[0m [34mDEBUG[0m [2mhyper::client::pool[0m[2m:[0m pooling idle connection for ("http", 192.168.0.14:8545)
[2m2025-12-10T10:09:10.399976Z[0m [34mDEBUG[0m [2mhyper::client::pool[0m[2m:[0m reuse idle connection for ("http", 192.168.0.14:8545)
[2m2025-12-10T10:09:10.400012Z[0m [34mDEBUG[0m [2mhyper::proto::h1::io[0m[2m:[0m flushed 172 bytes
[2m2025-12-10T10:09:10.400029Z[0m [34mDEBUG[0m [2mhyper::proto::h1::io[0m[2m:[0m parsed 4 headers
[2m2025-12-10T10:09:10.400034Z[0m [34mDEBUG[0m [2mhyper::proto::h1::conn[0m[2m:[0m incoming body is content-length (762 bytes)
[2m2025-12-10T10:09:10.400041Z[0m [34mDEBUG[0m [2mhyper::proto::h1::conn[0m[2m:[0m incoming body completed
[2m2025-12-10T10:09:10.400076Z[0m [34mDEBUG[0m [2mhyper::client::pool[0m[2m:[0m pooling idle connection for ("http", 192.168.0.14:8545)
[2m2025-12-10T10:09:10.400085Z[0m [34mDEBUG[0m [2methereum_transaction_pool_monitor::eth_client[0m[2m:[0m 📡 Transaction fetch RPC completed in 9.409583ms
[2m2025-12-10T10:09:10.400100Z[0m [34mDEBUG[0m [2methereum_transaction_pool_monitor::eth_client[0m[2m:[0m DeFi transaction detected - Address: 0xdac17f958d2ee523a2206206994597c13d831ec7, Type: Stablecoin, Value: 0 ETH, Gas: 0.34 Gwei
[2m2025-12-10T10:09:10.400114Z[0m [34mDEBUG[0m [2methereum_transaction_pool_monitor::eth_client[0m[2m:[0m ✅ Transaction 0x76c14c6922032017812687c2757cbd43515aa7670836c0131d70336025336014 fetched and parsed in 9.43875ms
[2m2025-12-10T10:09:10.400121Z[0m [34mDEBUG[0m [2methereum_transaction_pool_monitor::mempool_monitor[0m[2m:[0m 🔍 Skipping tx 0x76c14c6922032017812687c2757cbd43515aa7670836c0131d70336025336014 - not a DEX interaction (target: 0xdAC17F958D2ee523a2206206994597C13D831ec7)
[2m2025-12-10T10:09:10.400131Z[0m [34mDEBUG[0m [2methereum_transaction_pool_monitor::mempool_monitor[0m[2m:[0m 📨 Processing new pending transaction: 0xed3afb1701f1d64f3bfbe54e49dc75102925ce8df4ff69d16a41f0931d1f36ba
[2m2025-12-10T10:09:10.400137Z[0m [34mDEBUG[0m [2methereum_transaction_pool_monitor::mempool_monitor[0m[2m:[0m 🔍 Fetching transaction details for: 0xed3afb1701f1d64f3bfbe54e49dc75102925ce8df4ff69d16a41f0931d1f36ba
[2m2025-12-10T10:09:10.400143Z[0m [34mDEBUG[0m [2methereum_transaction_pool_monitor::eth_client[0m[2m:[0m 🔍 Fetching transaction details for hash: 0xed3afb1701f1d64f3bfbe54e49dc75102925ce8df4ff69d16a41f0931d1f36ba
[2m2025-12-10T10:09:10.400154Z[0m [34mDEBUG[0m [2mhyper::client::pool[0m[2m:[0m reuse idle connection for ("http", 192.168.0.14:8545)
[2m2025-12-10T10:09:10.400169Z[0m [34mDEBUG[0m [2mhyper::proto::h1::io[0m[2m:[0m flushed 250 bytes
[2m2025-12-10T10:09:10.404620Z[0m [34mDEBUG[0m [2mhyper::proto::h1::io[0m[2m:[0m parsed 4 headers
[2m2025-12-10T10:09:10.404630Z[0m [34mDEBUG[0m [2mhyper::proto::h1::conn[0m[2m:[0m incoming body is content-length (45 bytes)
[2m2025-12-10T10:09:10.404636Z[0m [34mDEBUG[0m [2mhyper::proto::h1::conn[0m[2m:[0m incoming body completed
[2m2025-12-10T10:09:10.404644Z[0m [34mDEBUG[0m [2mhyper::client::pool[0m[2m:[0m pooling idle connection for ("http", 192.168.0.14:8545)
[2m2025-12-10T10:09:10.412716Z[0m [34mDEBUG[0m [2mhyper::proto::h1::io[0m[2m:[0m parsed 4 headers
[2m2025-12-10T10:09:10.412732Z[0m [34mDEBUG[0m [2mhyper::proto::h1::conn[0m[2m:[0m incoming body is content-length (679 bytes)
[2m2025-12-10T10:09:10.412739Z[0m [34mDEBUG[0m [2mhyper::proto::h1::conn[0m[2m:[0m incoming body completed
[2m2025-12-10T10:09:10.412748Z[0m [34mDEBUG[0m [2mhyper::client::pool[0m[2m:[0m pooling idle connection for ("http", 192.168.0.14:8545)
[2m2025-12-10T10:09:10.412757Z[0m [34mDEBUG[0m [2methereum_transaction_pool_monitor::eth_client[0m[2m:[0m 📡 Transaction fetch RPC completed in 12.608084ms
[2m2025-12-10T10:09:10.484757Z[0m [34mDEBUG[0m [2methereum_transaction_pool_monitor::eth_client[0m[2m:[0m ✅ Transaction 0xed3afb1701f1d64f3bfbe54e49dc75102925ce8df4ff69d16a41f0931d1f36ba fetched and parsed in 84.604042ms
[2m2025-12-10T10:09:10.484791Z[0m [34mDEBUG[0m [2methereum_transaction_pool_monitor::mempool_monitor[0m[2m:[0m 🔍 Skipping tx 0xed3afb1701f1d64f3bfbe54e49dc75102925ce8df4ff69d16a41f0931d1f36ba - not a DEX interaction (target: 0x967da4048cD07aB37855c090aAF366e4ce1b9F48)
[2m2025-12-10T10:09:10.484803Z[0m [34mDEBUG[0m [2methereum_transaction_pool_monitor::mempool_monitor[0m[2m:[0m 📨 Processing new pending transaction: 0x5287dfa34a44d6fbabf0ba7bbf99f930e0d5c5ea6374862a154499c063b6efa2
[2m2025-12-10T10:09:10.484810Z[0m [34mDEBUG[0m [2methereum_transaction_pool_monitor::mempool_monitor[0m[2m:[0m 🔍 Fetching transaction details for: 0x5287dfa34a44d6fbabf0ba7bbf99f930e0d5c5ea6374862a154499c063b6efa2
[2m2025-12-10T10:09:10.484815Z[0m [34mDEBUG[0m [2methereum_transaction_pool_monitor::eth_client[0m[2m:[0m 🔍 Fetching transaction details for hash: 0x5287dfa34a44d6fbabf0ba7bbf99f930e0d5c5ea6374862a154499c063b6efa2
[2m2025-12-10T10:09:10.484841Z[0m [34mDEBUG[0m [2mhyper::client::pool[0m[2m:[0m reuse idle connection for ("http", 192.168.0.14:8545)
[2m2025-12-10T10:09:10.484895Z[0m [34mDEBUG[0m [2mhyper::proto::h1::io[0m[2m:[0m flushed 250 bytes
[2m2025-12-10T10:09:10.489053Z[0m [34mDEBUG[0m [2mhyper::proto::h1::io[0m[2m:[0m parsed 4 headers
[2m2025-12-10T10:09:10.489067Z[0m [34mDEBUG[0m [2mhyper::proto::h1::conn[0m[2m:[0m incoming body is content-length (769 bytes)
[2m2025-12-10T10:09:10.489076Z[0m [34mDEBUG[0m [2mhyper::proto::h1::conn[0m[2m:[0m incoming body completed
[2m2025-12-10T10:09:10.489086Z[0m [34mDEBUG[0m [2mhyper::client::pool[0m[2m:[0m pooling idle connection for ("http", 192.168.0.14:8545)
[2m2025-12-10T10:09:10.489094Z[0m [34mDEBUG[0m [2methereum_transaction_pool_monitor::eth_client[0m[2m:[0m 📡 Transaction fetch RPC completed in 4.273667ms
[2m2025-12-10T10:09:10.489111Z[0m [34mDEBUG[0m [2methereum_transaction_pool_monitor::eth_client[0m[2m:[0m DeFi transaction detected - Address: 0xdac17f958d2ee523a2206206994597c13d831ec7, Type: Stablecoin, Value: 0 ETH, Gas: 0.23 Gwei
[2m2025-12-10T10:09:10.489123Z[0m [34mDEBUG[0m [2methereum_transaction_pool_monitor::eth_client[0m[2m:[0m ✅ Transaction 0x5287dfa34a44d6fbabf0ba7bbf99f930e0d5c5ea6374862a154499c063b6efa2 fetched and parsed in 4.30325ms
[2m2025-12-10T10:09:10.489129Z[0m [34mDEBUG[0m [2methereum_transaction_pool_monitor::mempool_monitor[0m[2m:[0m 🔍 Skipping tx 0x5287dfa34a44d6fbabf0ba7bbf99f930e0d5c5ea6374862a154499c063b6efa2 - not a DEX interaction (target: 0xdAC17F958D2ee523a2206206994597C13D831ec7)
[2m2025-12-10T10:09:10.489136Z[0m [34mDEBUG[0m [2methereum_transaction_pool_monitor::mempool_monitor[0m[2m:[0m 📨 Processing new pending transaction: 0xd39ae0aa3abb66a3fe3a093cb80d4d89ad6576b3182c4280dfdc4d46298c4994
[2m2025-12-10T10:09:10.489140Z[0m [34mDEBUG[0m [2methereum_transaction_pool_monitor::mempool_monitor[0m[2m:[0m 🔍 Fetching transaction details for: 0xd39ae0aa3abb66a3fe3a093cb80d4d89ad6576b3182c4280dfdc4d46298c4994
[2m2025-12-10T10:09:10.489144Z[0m [34mDEBUG[0m [2methereum_transaction_pool_monitor::eth_client[0m[2m:[0m 🔍 Fetching transaction details for hash: 0xd39ae0aa3abb66a3fe3a093cb80d4d89ad6576b3182c4280dfdc4d46298c4994
[2m2025-12-10T10:09:10.489158Z[0m [34mDEBUG[0m [2mhyper::client::pool[0m[2m:[0m reuse idle connection for ("http", 192.168.0.14:8545)
[2m2025-12-10T10:09:10.489178Z[0m [34mDEBUG[0m [2mhyper::proto::h1::io[0m[2m:[0m flushed 250 bytes
[2m2025-12-10T10:09:10.493103Z[0m [34mDEBUG[0m [2mhyper::proto::h1::io[0m[2m:[0m parsed 4 headers
[2m2025-12-10T10:09:10.493112Z[0m [34mDEBUG[0m [2mhyper::proto::h1::conn[0m[2m:[0m incoming body is content-length (830 bytes)
[2m2025-12-10T10:09:10.493118Z[0m [34mDEBUG[0m [2mhyper::proto::h1::conn[0m[2m:[0m incoming body completed
[2m2025-12-10T10:09:10.493127Z[0m [34mDEBUG[0m [2mhyper::client::pool[0m[2m:[0m pooling idle connection for ("http", 192.168.0.14:8545)
[2m2025-12-10T10:09:10.493135Z[0m [34mDEBUG[0m [2methereum_transaction_pool_monitor::eth_client[0m[2m:[0m 📡 Transaction fetch RPC completed in 3.986708ms
[2m2025-12-10T10:09:10.566083Z[0m [34mDEBUG[0m [2methereum_transaction_pool_monitor::eth_client[0m[2m:[0m ✅ Transaction 0xd39ae0aa3abb66a3fe3a093cb80d4d89ad6576b3182c4280dfdc4d46298c4994 fetched and parsed in 76.931417ms
[2m2025-12-10T10:09:10.566115Z[0m [34mDEBUG[0m [2methereum_transaction_pool_monitor::mempool_monitor[0m[2m:[0m 🔍 Skipping tx 0xd39ae0aa3abb66a3fe3a093cb80d4d89ad6576b3182c4280dfdc4d46298c4994 - not a DEX interaction (target: 0x3B4D794a66304F130a4Db8F2551B0070dfCf5ca7)
[2m2025-12-10T10:09:10.566126Z[0m [34mDEBUG[0m [2methereum_transaction_pool_monitor::mempool_monitor[0m[2m:[0m 📨 Processing new pending transaction: 0x5f558ac157fb341b4eda6daba481123565b206ab5f664c8907055adb688a85ca
[2m2025-12-10T10:09:10.566132Z[0m [34mDEBUG[0m [2methereum_transaction_pool_monitor::mempool_monitor[0m[2m:[0m 🔍 Fetching transaction details for: 0x5f558ac157fb341b4eda6daba481123565b206ab5f664c8907055adb688a85ca
[2m2025-12-10T10:09:10.566139Z[0m [34mDEBUG[0m [2methereum_transaction_pool_monitor::eth_client[0m[2m:[0m 🔍 Fetching transaction details for hash: 0x5f558ac157fb341b4eda6daba481123565b206ab5f664c8907055adb688a85ca
[2m2025-12-10T10:09:10.566163Z[0m [34mDEBUG[0m [2mhyper::client::pool[0m[2m:[0m reuse idle connection for ("http", 192.168.0.14:8545)
[2m2025-12-10T10:09:10.566228Z[0m [34mDEBUG[0m [2mhyper::proto::h1::io[0m[2m:[0m flushed 250 bytes
[2m2025-12-10T10:09:10.566254Z[0m [34mDEBUG[0m [2mhyper::client::pool[0m[2m:[0m reuse idle connection for ("http", 192.168.0.14:8545)
[2m2025-12-10T10:09:10.566268Z[0m [34mDEBUG[0m [2methereum_transaction_pool_monitor::eth_client[0m[2m:[0m 📨 Received WebSocket message: {"jsonrpc":"2.0","method":"eth_subscription","params":{"subscription":"0xbed0a0851463e895960a451075a301a9","result":"0x540599c3218d0b5d886eba7e260357b9c8342b252ebc2e89979e5bcd936b05f8"}}
[2m2025-12-10T10:09:10.566270Z[0m [34mDEBUG[0m [2mhyper::proto::h1::io[0m[2m:[0m flushed 172 bytes
[2m2025-12-10T10:09:10.566283Z[0m [34mDEBUG[0m [2methereum_transaction_pool_monitor::eth_client[0m[2m:[0m 📨 Received pending transaction: 0x540599c3218d0b5d886eba7e260357b9c8342b252ebc2e89979e5bcd936b05f8
[2m2025-12-10T10:09:10.573877Z[0m [34mDEBUG[0m [2mhyper::proto::h1::io[0m[2m:[0m parsed 4 headers
[2m2025-12-10T10:09:10.573883Z[0m [34mDEBUG[0m [2mhyper::proto::h1::conn[0m[2m:[0m incoming body is content-length (905 bytes)
[2m2025-12-10T10:09:10.573891Z[0m [34mDEBUG[0m [2mhyper::proto::h1::conn[0m[2m:[0m incoming body completed
[2m2025-12-10T10:09:10.573900Z[0m [34mDEBUG[0m [2mhyper::client::pool[0m[2m:[0m pooling idle connection for ("http", 192.168.0.14:8545)
[2m2025-12-10T10:09:10.573906Z[0m [34mDEBUG[0m [2methereum_transaction_pool_monitor::eth_client[0m[2m:[0m 📡 Transaction fetch RPC completed in 7.762625ms
[2m2025-12-10T10:09:10.654689Z[0m [34mDEBUG[0m [2methereum_transaction_pool_monitor::eth_client[0m[2m:[0m ✅ Transaction 0x5f558ac157fb341b4eda6daba481123565b206ab5f664c8907055adb688a85ca fetched and parsed in 88.542416ms
[2m2025-12-10T10:09:10.654729Z[0m [34mDEBUG[0m [2methereum_transaction_pool_monitor::mempool_monitor[0m[2m:[0m 🔍 Skipping tx 0x5f558ac157fb341b4eda6daba481123565b206ab5f664c8907055adb688a85ca - not a DEX interaction (target: 0xFf00000000000000000000000000000000008453)
[2m2025-12-10T10:09:10.654741Z[0m [34mDEBUG[0m [2methereum_transaction_pool_monitor::mempool_monitor[0m[2m:[0m 📨 Processing new pending transaction: 0x47f0bf69311eb989d621a399753ded3e97474552b8cea6a8b84ad4df8da17bc8
[2m2025-12-10T10:09:10.654748Z[0m [34mDEBUG[0m [2methereum_transaction_pool_monitor::mempool_monitor[0m[2m:[0m 🔍 Fetching transaction details for: 0x47f0bf69311eb989d621a399753ded3e97474552b8cea6a8b84ad4df8da17bc8
[2m2025-12-10T10:09:10.654753Z[0m [34mDEBUG[0m [2methereum_transaction_pool_monitor::eth_client[0m[2m:[0m 🔍 Fetching transaction details for hash: 0x47f0bf69311eb989d621a399753ded3e97474552b8cea6a8b84ad4df8da17bc8
[2m2025-12-10T10:09:10.654782Z[0m [34mDEBUG[0m [2mhyper::client::pool[0m[2m:[0m reuse idle connection for ("http", 192.168.0.14:8545)
[2m2025-12-10T10:09:10.654858Z[0m [34mDEBUG[0m [2mhyper::proto::h1::io[0m[2m:[0m flushed 250 bytes
[2m2025-12-10T10:09:10.654880Z[0m [34mDEBUG[0m [2mhyper::proto::h1::io[0m[2m:[0m parsed 4 headers
[2m2025-12-10T10:09:10.654885Z[0m [34mDEBUG[0m [2mhyper::proto::h1::conn[0m[2m:[0m incoming body is content-length (45 bytes)
[2m2025-12-10T10:09:10.654894Z[0m [34mDEBUG[0m [2mhyper::proto::h1::conn[0m[2m:[0m incoming body completed
[2m2025-12-10T10:09:10.654904Z[0m [34mDEBUG[0m [2mhyper::client::pool[0m[2m:[0m pooling idle connection for ("http", 192.168.0.14:8545)
[2m2025-12-10T10:09:10.654926Z[0m [34mDEBUG[0m [2mhyper::client::pool[0m[2m:[0m reuse idle connection for ("http", 192.168.0.14:8545)
[2m2025-12-10T10:09:10.654948Z[0m [34mDEBUG[0m [2mhyper::proto::h1::io[0m[2m:[0m flushed 172 bytes
[2m2025-12-10T10:09:10.658884Z[0m [34mDEBUG[0m [2mhyper::proto::h1::io[0m[2m:[0m parsed 4 headers
[2m2025-12-10T10:09:10.658900Z[0m [34mDEBUG[0m [2mhyper::proto::h1::conn[0m[2m:[0m incoming body is content-length (45 bytes)
[2m2025-12-10T10:09:10.658908Z[0m [34mDEBUG[0m [2mhyper::proto::h1::conn[0m[2m:[0m incoming body completed
[2m2025-12-10T10:09:10.658917Z[0m [34mDEBUG[0m [2mhyper::client::pool[0m[2m:[0m pooling idle connection for ("http", 192.168.0.14:8545)
[2m2025-12-10T10:09:10.659820Z[0m [34mDEBUG[0m [2mhyper::proto::h1::io[0m[2m:[0m parsed 4 headers
[2m2025-12-10T10:09:10.659828Z[0m [34mDEBUG[0m [2mhyper::proto::h1::conn[0m[2m:[0m incoming body is content-length (675 bytes)
[2m2025-12-10T10:09:10.659833Z[0m [34mDEBUG[0m [2mhyper::proto::h1::conn[0m[2m:[0m incoming body completed
[2m2025-12-10T10:09:10.659842Z[0m [34mDEBUG[0m [2mhyper::client::pool[0m[2m:[0m pooling idle connection for ("http", 192.168.0.14:8545)
[2m2025-12-10T10:09:10.659867Z[0m [34mDEBUG[0m [2methereum_transaction_pool_monitor::eth_client[0m[2m:[0m 📡 Transaction fetch RPC completed in 5.107916ms
[2m2025-12-10T10:09:10.659883Z[0m [34mDEBUG[0m [2methereum_transaction_pool_monitor::eth_client[0m[2m:[0m DeFi transaction detected - Address: 0xdac17f958d2ee523a2206206994597c13d831ec7, Type: Stablecoin, Value: 0 ETH, Gas: 2.00 Gwei
[2m2025-12-10T10:09:10.659898Z[0m [34mDEBUG[0m [2methereum_transaction_pool_monitor::eth_client[0m[2m:[0m ✅ Transaction 0x47f0bf69311eb989d621a399753ded3e97474552b8cea6a8b84ad4df8da17bc8 fetched and parsed in 5.13875ms
[2m2025-12-10T10:09:10.659914Z[0m [34mDEBUG[0m [2methereum_transaction_pool_monitor::mempool_monitor[0m[2m:[0m 🔍 Skipping tx 0x47f0bf69311eb989d621a399753ded3e97474552b8cea6a8b84ad4df8da17bc8 - not a DEX interaction (target: 0xdAC17F958D2ee523a2206206994597C13D831ec7)
[2m2025-12-10T10:09:10.659922Z[0m [34mDEBUG[0m [2methereum_transaction_pool_monitor::mempool_monitor[0m[2m:[0m 📨 Processing new pending transaction: 0xbf6f26dc1cb0e007e6e4981250e2f2612a9630423a397241d9ba8ef4cdf36a02
[2m2025-12-10T10:09:10.659926Z[0m [34mDEBUG[0m [2methereum_transaction_pool_monitor::mempool_monitor[0m[2m:[0m 🔍 Fetching transaction details for: 0xbf6f26dc1cb0e007e6e4981250e2f2612a9630423a397241d9ba8ef4cdf36a02
[2m2025-12-10T10:09:10.659931Z[0m [34mDEBUG[0m [2methereum_transaction_pool_monitor::eth_client[0m[2m:[0m 🔍 Fetching transaction details for hash: 0xbf6f26dc1cb0e007e6e4981250e2f2612a9630423a397241d9ba8ef4cdf36a02
[2m2025-12-10T10:09:10.659946Z[0m [34mDEBUG[0m [2mhyper::client::pool[0m[2m:[0m reuse idle connection for ("http", 192.168.0.14:8545)
[2m2025-12-10T10:09:10.659965Z[0m [34mDEBUG[0m [2mhyper::proto::h1::io[0m[2m:[0m flushed 250 bytes
[2m2025-12-10T10:09:10.666340Z[0m [34mDEBUG[0m [2mhyper::proto::h1::io[0m[2m:[0m parsed 4 headers
[2m2025-12-10T10:09:10.666346Z[0m [34mDEBUG[0m [2mhyper::proto::h1::conn[0m[2m:[0m incoming body is content-length (649 bytes)
[2m2025-12-10T10:09:10.666351Z[0m [34mDEBUG[0m [2mhyper::proto::h1::conn[0m[2m:[0m incoming body completed
[2m2025-12-10T10:09:10.666356Z[0m [34mDEBUG[0m [2mhyper::client::pool[0m[2m:[0m pooling idle connection for ("http", 192.168.0.14:8545)
[2m2025-12-10T10:09:10.666361Z[0m [34mDEBUG[0m [2methereum_transaction_pool_monitor::eth_client[0m[2m:[0m 📡 Transaction fetch RPC completed in 6.425084ms
[2m2025-12-10T10:09:10.806181Z[0m [34mDEBUG[0m [2methereum_transaction_pool_monitor::eth_client[0m[2m:[0m ✅ Transaction 0xbf6f26dc1cb0e007e6e4981250e2f2612a9630423a397241d9ba8ef4cdf36a02 fetched and parsed in 146.235584ms
[2m2025-12-10T10:09:10.806209Z[0m [34mDEBUG[0m [2methereum_transaction_pool_monitor::mempool_monitor[0m[2m:[0m 🔍 Skipping tx 0xbf6f26dc1cb0e007e6e4981250e2f2612a9630423a397241d9ba8ef4cdf36a02 - not a DEX interaction (target: 0x304d12FcE252f673fDDbfcE824dCe4950f04E15B)
[2m2025-12-10T10:09:10.806221Z[0m [34mDEBUG[0m [2methereum_transaction_pool_monitor::mempool_monitor[0m[2m:[0m 📨 Processing new pending transaction: 0x383668c27c201203dcb22580b875ad17972b39b29aa0c70e885d0d1ca22cfb85
[2m2025-12-10T10:09:10.806226Z[0m [34mDEBUG[0m [2methereum_transaction_pool_monitor::mempool_monitor[0m[2m:[0m 🔍 Fetching transaction details for: 0x383668c27c201203dcb22580b875ad17972b39b29aa0c70e885d0d1ca22cfb85
[2m2025-12-10T10:09:10.806230Z[0m [34mDEBUG[0m [2methereum_transaction_pool_monitor::eth_client[0m[2m:[0m 🔍 Fetching transaction details for hash: 0x383668c27c201203dcb22580b875ad17972b39b29aa0c70e885d0d1ca22cfb85
[2m2025-12-10T10:09:10.806258Z[0m [34mDEBUG[0m [2mhyper::client::pool[0m[2m:[0m reuse idle connection for ("http", 192.168.0.14:8545)
[2m2025-12-10T10:09:10.806292Z[0m [34mDEBUG[0m [2mhyper::proto::h1::io[0m[2m:[0m flushed 250 bytes
[2m2025-12-10T10:09:10.806319Z[0m [34mDEBUG[0m [2mhyper::client::pool[0m[2m:[0m reuse idle connection for ("http", 192.168.0.14:8545)
[2m2025-12-10T10:09:10.806335Z[0m [34mDEBUG[0m [2mhyper::proto::h1::io[0m[2m:[0m flushed 172 bytes
[2m2025-12-10T10:09:10.806346Z[0m [34mDEBUG[0m [2methereum_transaction_pool_monitor::eth_client[0m[2m:[0m 📨 Received WebSocket message: {"jsonrpc":"2.0","method":"eth_subscription","params":{"subscription":"0xbed0a0851463e895960a451075a301a9","result":"0x57f1da76aa591d50a3252f313ff9d2de6310b054f3dd63881a1d662a695e1ec0"}}
[2m2025-12-10T10:09:10.806356Z[0m [34mDEBUG[0m [2methereum_transaction_pool_monitor::eth_client[0m[2m:[0m 📨 Received pending transaction: 0x57f1da76aa591d50a3252f313ff9d2de6310b054f3dd63881a1d662a695e1ec0
[2m2025-12-10T10:09:10.806363Z[0m [34mDEBUG[0m [2methereum_transaction_pool_monitor::eth_client[0m[2m:[0m 📨 Received WebSocket message: {"jsonrpc":"2.0","method":"eth_subscription","params":{"subscription":"0xbed0a0851463e895960a451075a301a9","result":"0xdca2e281199e1a3fddd5f1141c3948afec530b52e0abd912b3b7729de6056575"}}
[2m2025-12-10T10:09:10.806369Z[0m [34mDEBUG[0m [2methereum_transaction_pool_monitor::eth_client[0m[2m:[0m 📨 Received pending transaction: 0xdca2e281199e1a3fddd5f1141c3948afec530b52e0abd912b3b7729de6056575
[2m2025-12-10T10:09:10.806374Z[0m [34mDEBUG[0m [2methereum_transaction_pool_monitor::eth_client[0m[2m:[0m 📨 Received WebSocket message: {"jsonrpc":"2.0","method":"eth_subscription","params":{"subscription":"0xbed0a0851463e895960a451075a301a9","result":"0xc0930e1d9fc2c29f6a98c727fdaddb042997c2a2c0cb20184ce389082e056732"}}
[2m2025-12-10T10:09:10.806380Z[0m [34mDEBUG[0m [2methereum_transaction_pool_monitor::eth_client[0m[2m:[0m 📨 Received pending transaction: 0xc0930e1d9fc2c29f6a98c727fdaddb042997c2a2c0cb20184ce389082e056732
[2m2025-12-10T10:09:10.813142Z[0m [34mDEBUG[0m [2mhyper::proto::h1::io[0m[2m:[0m parsed 4 headers
[2m2025-12-10T10:09:10.813162Z[0m [34mDEBUG[0m [2mhyper::proto::h1::conn[0m[2m:[0m incoming body is content-length (1731 bytes)
[2m2025-12-10T10:09:10.813183Z[0m [34mDEBUG[0m [2methereum_transaction_pool_monitor::eth_client[0m[2m:[0m 📡 Transaction fetch RPC completed in 6.94675ms
[2m2025-12-10T10:09:10.814952Z[0m [34mDEBUG[0m [2mhyper::proto::h1::conn[0m[2m:[0m incoming body completed
[2m2025-12-10T10:09:10.814964Z[0m [34mDEBUG[0m [2mhyper::client::pool[0m[2m:[0m pooling idle connection for ("http", 192.168.0.14:8545)
[2m2025-12-10T10:09:10.815059Z[0m [34mDEBUG[0m [2mhyper::proto::h1::io[0m[2m:[0m parsed 4 headers
[2m2025-12-10T10:09:10.815064Z[0m [34mDEBUG[0m [2mhyper::proto::h1::conn[0m[2m:[0m incoming body is content-length (45 bytes)
[2m2025-12-10T10:09:10.815070Z[0m [34mDEBUG[0m [2mhyper::proto::h1::conn[0m[2m:[0m incoming body completed
[2m2025-12-10T10:09:10.815077Z[0m [34mDEBUG[0m [2mhyper::client::pool[0m[2m:[0m pooling idle connection for ("http", 192.168.0.14:8545)
[2m2025-12-10T10:09:10.815095Z[0m [34mDEBUG[0m [2mhyper::client::pool[0m[2m:[0m reuse idle connection for ("http", 192.168.0.14:8545)
[2m2025-12-10T10:09:10.815119Z[0m [34mDEBUG[0m [2mhyper::proto::h1::io[0m[2m:[0m flushed 172 bytes
[2m2025-12-10T10:09:10.826895Z[0m [34mDEBUG[0m [2mhyper::proto::h1::io[0m[2m:[0m parsed 4 headers
[2m2025-12-10T10:09:10.826917Z[0m [34mDEBUG[0m [2mhyper::proto::h1::conn[0m[2m:[0m incoming body is content-length (45 bytes)
[2m2025-12-10T10:09:10.826927Z[0m [34mDEBUG[0m [2mhyper::proto::h1::conn[0m[2m:[0m incoming body completed
[2m2025-12-10T10:09:10.826939Z[0m [34mDEBUG[0m [2mhyper::client::pool[0m[2m:[0m pooling idle connection for ("http", 192.168.0.14:8545)
[2m2025-12-10T10:09:10.896994Z[0m [34mDEBUG[0m [2mhyper::client::pool[0m[2m:[0m reuse idle connection for ("http", 192.168.0.14:8545)
[2m2025-12-10T10:09:10.897100Z[0m [34mDEBUG[0m [2mhyper::proto::h1::io[0m[2m:[0m flushed 172 bytes
[2m2025-12-10T10:09:10.900845Z[0m [34mDEBUG[0m [2mhyper::proto::h1::io[0m[2m:[0m parsed 4 headers
[2m2025-12-10T10:09:10.900853Z[0m [34mDEBUG[0m [2mhyper::proto::h1::conn[0m[2m:[0m incoming body is content-length (45 bytes)
[2m2025-12-10T10:09:10.900861Z[0m [34mDEBUG[0m [2mhyper::proto::h1::conn[0m[2m:[0m incoming body completed
[2m2025-12-10T10:09:10.900871Z[0m [34mDEBUG[0m [2mhyper::client::pool[0m[2m:[0m pooling idle connection for ("http", 192.168.0.14:8545)
[2m2025-12-10T10:09:10.904142Z[0m [34mDEBUG[0m [2methereum_transaction_pool_monitor::eth_client[0m[2m:[0m 📨 Received WebSocket message: {"jsonrpc":"2.0","method":"eth_subscription","params":{"subscription":"0xbed0a0851463e895960a451075a301a9","result":"0x263cb2a7fac22eaee5024e0fde723209e5e85e8fa417fd60159213a7c48251d0"}}
[2m2025-12-10T10:09:10.904154Z[0m [34mDEBUG[0m [2methereum_transaction_pool_monitor::eth_client[0m[2m:[0m 📨 Received pending transaction: 0x263cb2a7fac22eaee5024e0fde723209e5e85e8fa417fd60159213a7c48251d0
[2m2025-12-10T10:09:10.920074Z[0m [34mDEBUG[0m [2methereum_transaction_pool_monitor::eth_client[0m[2m:[0m ✅ Transaction 0x383668c27c201203dcb22580b875ad17972b39b29aa0c70e885d0d1ca22cfb85 fetched and parsed in 113.83575ms
[2m2025-12-10T10:09:10.920099Z[0m [34mDEBUG[0m [2methereum_transaction_pool_monitor::mempool_monitor[0m[2m:[0m 🔍 Skipping tx 0x383668c27c201203dcb22580b875ad17972b39b29aa0c70e885d0d1ca22cfb85 - not a DEX interaction (target: 0x601a2aD6CB5949f0529735254189Ba3194221EDF)
[2m2025-12-10T10:09:10.920109Z[0m [34mDEBUG[0m [2methereum_transaction_pool_monitor::mempool_monitor[0m[2m:[0m 📨 Processing new pending transaction: 0x1f5186177d2d1598fcf216bb7e4922be085cc5dc8b922c8f6ea2fdde47e70c93
[2m2025-12-10T10:09:10.920117Z[0m [34mDEBUG[0m [2methereum_transaction_pool_monitor::mempool_monitor[0m[2m:[0m 🔍 Fetching transaction details for: 0x1f5186177d2d1598fcf216bb7e4922be085cc5dc8b922c8f6ea2fdde47e70c93
[2m2025-12-10T10:09:10.920123Z[0m [34mDEBUG[0m [2methereum_transaction_pool_monitor::eth_client[0m[2m:[0m 🔍 Fetching transaction details for hash: 0x1f5186177d2d1598fcf216bb7e4922be085cc5dc8b922c8f6ea2fdde47e70c93
[2m2025-12-10T10:09:10.920141Z[0m [34mDEBUG[0m [2mhyper::client::pool[0m[2m:[0m reuse idle connection for ("http", 192.168.0.14:8545)
[2m2025-12-10T10:09:10.920183Z[0m [34mDEBUG[0m [2mhyper::proto::h1::io[0m[2m:[0m flushed 250 bytes
[2m2025-12-10T10:09:10.925449Z[0m [34mDEBUG[0m [2mhyper::proto::h1::io[0m[2m:[0m parsed 4 headers
[2m2025-12-10T10:09:10.925454Z[0m [34mDEBUG[0m [2mhyper::proto::h1::conn[0m[2m:[0m incoming body is content-length (677 bytes)
[2m2025-12-10T10:09:10.925463Z[0m [34mDEBUG[0m [2mhyper::proto::h1::conn[0m[2m:[0m incoming body completed
[2m2025-12-10T10:09:10.925472Z[0m [34mDEBUG[0m [2mhyper::client::pool[0m[2m:[0m pooling idle connection for ("http", 192.168.0.14:8545)
[2m2025-12-10T10:09:10.925480Z[0m [34mDEBUG[0m [2methereum_transaction_pool_monitor::eth_client[0m[2m:[0m 📡 Transaction fetch RPC completed in 5.352041ms
[2m2025-12-10T10:09:10.925497Z[0m [34mDEBUG[0m [2methereum_transaction_pool_monitor::eth_client[0m[2m:[0m DeFi transaction detected - Address: 0xdac17f958d2ee523a2206206994597c13d831ec7, Type: Stablecoin, Value: 0 ETH, Gas: 2.00 Gwei
[2m2025-12-10T10:09:10.925512Z[0m [34mDEBUG[0m [2methereum_transaction_pool_monitor::eth_client[0m[2m:[0m ✅ Transaction 0x1f5186177d2d1598fcf216bb7e4922be085cc5dc8b922c8f6ea2fdde47e70c93 fetched and parsed in 5.383833ms
[2m2025-12-10T10:09:10.925518Z[0m [34mDEBUG[0m [2methereum_transaction_pool_monitor::mempool_monitor[0m[2m:[0m 🔍 Skipping tx 0x1f5186177d2d1598fcf216bb7e4922be085cc5dc8b922c8f6ea2fdde47e70c93 - not a DEX interaction (target: 0xdAC17F958D2ee523a2206206994597C13D831ec7)
[2m2025-12-10T10:09:10.925526Z[0m [34mDEBUG[0m [2methereum_transaction_pool_monitor::mempool_monitor[0m[2m:[0m 📨 Processing new pending transaction: 0xe20ddd09348dcc953827c3d8ebd1e9d7864bfc4e56aa58ed7499360a4b0cf233
[2m2025-12-10T10:09:10.925533Z[0m [34mDEBUG[0m [2methereum_transaction_pool_monitor::mempool_monitor[0m[2m:[0m 🔍 Fetching transaction details for: 0xe20ddd09348dcc953827c3d8ebd1e9d7864bfc4e56aa58ed7499360a4b0cf233
[2m2025-12-10T10:09:10.925539Z[0m [34mDEBUG[0m [2methereum_transaction_pool_monitor::eth_client[0m[2m:[0m 🔍 Fetching transaction details for hash: 0xe20ddd09348dcc953827c3d8ebd1e9d7864bfc4e56aa58ed7499360a4b0cf233
[2m2025-12-10T10:09:10.925552Z[0m [34mDEBUG[0m [2mhyper::client::pool[0m[2m:[0m reuse idle connection for ("http", 192.168.0.14:8545)
[2m2025-12-10T10:09:10.925568Z[0m [34mDEBUG[0m [2mhyper::proto::h1::io[0m[2m:[0m flushed 250 bytes
[2m2025-12-10T10:09:10.932346Z[0m [34mDEBUG[0m [2mhyper::proto::h1::io[0m[2m:[0m parsed 4 headers
[2m2025-12-10T10:09:10.932351Z[0m [34mDEBUG[0m [2mhyper::proto::h1::conn[0m[2m:[0m incoming body is content-length (676 bytes)
[2m2025-12-10T10:09:10.932356Z[0m [34mDEBUG[0m [2mhyper::proto::h1::conn[0m[2m:[0m incoming body completed
[2m2025-12-10T10:09:10.932362Z[0m [34mDEBUG[0m [2mhyper::client::pool[0m[2m:[0m pooling idle connection for ("http", 192.168.0.14:8545)
[2m2025-12-10T10:09:10.932368Z[0m [34mDEBUG[0m [2methereum_transaction_pool_monitor::eth_client[0m[2m:[0m 📡 Transaction fetch RPC completed in 6.823625ms
[2m2025-12-10T10:09:10.932379Z[0m [34mDEBUG[0m [2methereum_transaction_pool_monitor::eth_client[0m[2m:[0m DeFi transaction detected - Address: 0xdac17f958d2ee523a2206206994597c13d831ec7, Type: Stablecoin, Value: 0 ETH, Gas: 2.00 Gwei
[2m2025-12-10T10:09:10.932390Z[0m [34mDEBUG[0m [2methereum_transaction_pool_monitor::eth_client[0m[2m:[0m ✅ Transaction 0xe20ddd09348dcc953827c3d8ebd1e9d7864bfc4e56aa58ed7499360a4b0cf233 fetched and parsed in 6.845916ms
[2m2025-12-10T10:09:10.932396Z[0m [34mDEBUG[0m [2methereum_transaction_pool_monitor::mempool_monitor[0m[2m:[0m 🔍 Skipping tx 0xe20ddd09348dcc953827c3d8ebd1e9d7864bfc4e56aa58ed7499360a4b0cf233 - not a DEX interaction (target: 0xdAC17F958D2ee523a2206206994597C13D831ec7)
[2m2025-12-10T10:09:10.932404Z[0m [34mDEBUG[0m [2methereum_transaction_pool_monitor::mempool_monitor[0m[2m:[0m 📨 Processing new pending transaction: 0xe53a301dbeffd4d3b35d309a8bf4ccbc8e53db8104d0edde3503df45e2490c0a
[2m2025-12-10T10:09:10.932410Z[0m [34mDEBUG[0m [2methereum_transaction_pool_monitor::mempool_monitor[0m[2m:[0m 🔍 Fetching transaction details for: 0xe53a301dbeffd4d3b35d309a8bf4ccbc8e53db8104d0edde3503df45e2490c0a
[2m2025-12-10T10:09:10.932416Z[0m [34mDEBUG[0m [2methereum_transaction_pool_monitor::eth_client[0m[2m:[0m 🔍 Fetching transaction details for hash: 0xe53a301dbeffd4d3b35d309a8bf4ccbc8e53db8104d0edde3503df45e2490c0a
[2m2025-12-10T10:09:10.932426Z[0m [34mDEBUG[0m [2mhyper::client::pool[0m[2m:[0m reuse idle connection for ("http", 192.168.0.14:8545)
[2m2025-12-10T10:09:10.932439Z[0m [34mDEBUG[0m [2mhyper::proto::h1::io[0m[2m:[0m flushed 250 bytes
[2m2025-12-10T10:09:10.935127Z[0m [34mDEBUG[0m [2methereum_transaction_pool_monitor::eth_client[0m[2m:[0m 📨 Received WebSocket message: {"jsonrpc":"2.0","method":"eth_subscription","params":{"subscription":"0xbed0a0851463e895960a451075a301a9","result":"0xee34f6860ed61ecdec4b168f72466269f866c9cc433f61c53efceb26e3f152ce"}}
[2m2025-12-10T10:09:10.935134Z[0m [34mDEBUG[0m [2methereum_transaction_pool_monitor::eth_client[0m[2m:[0m 📨 Received pending transaction: 0xee34f6860ed61ecdec4b168f72466269f866c9cc433f61c53efceb26e3f152ce
[2m2025-12-10T10:09:10.939584Z[0m [34mDEBUG[0m [2mhyper::proto::h1::io[0m[2m:[0m parsed 4 headers
[2m2025-12-10T10:09:10.939591Z[0m [34mDEBUG[0m [2mhyper::proto::h1::conn[0m[2m:[0m incoming body is content-length (765 bytes)
[2m2025-12-10T10:09:10.939597Z[0m [34mDEBUG[0m [2mhyper::proto::h1::conn[0m[2m:[0m incoming body completed
[2m2025-12-10T10:09:10.939603Z[0m [34mDEBUG[0m [2mhyper::client::pool[0m[2m:[0m pooling idle connection for ("http", 192.168.0.14:8545)
[2m2025-12-10T10:09:10.939608Z[0m [34mDEBUG[0m [2methereum_transaction_pool_monitor::eth_client[0m[2m:[0m 📡 Transaction fetch RPC completed in 7.186042ms
[2m2025-12-10T10:09:11.012935Z[0m [34mDEBUG[0m [2methereum_transaction_pool_monitor::eth_client[0m[2m:[0m ✅ Transaction 0xe53a301dbeffd4d3b35d309a8bf4ccbc8e53db8104d0edde3503df45e2490c0a fetched and parsed in 80.510875ms
[2m2025-12-10T10:09:11.012966Z[0m [34mDEBUG[0m [2methereum_transaction_pool_monitor::mempool_monitor[0m[2m:[0m 🔍 Skipping tx 0xe53a301dbeffd4d3b35d309a8bf4ccbc8e53db8104d0edde3503df45e2490c0a - not a DEX interaction (target: 0xA0b86991c6218b36c1d19D4a2e9Eb0cE3606eB48)
[2m2025-12-10T10:09:11.012977Z[0m [34mDEBUG[0m [2methereum_transaction_pool_monitor::mempool_monitor[0m[2m:[0m 📨 Processing new pending transaction: 0xd443356ef47acce012517af53bb064d5652a22b92012beb018fc91debba19293
[2m2025-12-10T10:09:11.012985Z[0m [34mDEBUG[0m [2methereum_transaction_pool_monitor::mempool_monitor[0m[2m:[0m 🔍 Fetching transaction details for: 0xd443356ef47acce012517af53bb064d5652a22b92012beb018fc91debba19293
[2m2025-12-10T10:09:11.012991Z[0m [34mDEBUG[0m [2methereum_transaction_pool_monitor::eth_client[0m[2m:[0m 🔍 Fetching transaction details for hash: 0xd443356ef47acce012517af53bb064d5652a22b92012beb018fc91debba19293
[2m2025-12-10T10:09:11.013010Z[0m [34mDEBUG[0m [2mhyper::client::pool[0m[2m:[0m reuse idle connection for ("http", 192.168.0.14:8545)
[2m2025-12-10T10:09:11.013062Z[0m [34mDEBUG[0m [2mhyper::proto::h1::io[0m[2m:[0m flushed 250 bytes
[2m2025-12-10T10:09:11.013082Z[0m [34mDEBUG[0m [2mhyper::client::pool[0m[2m:[0m reuse idle connection for ("http", 192.168.0.14:8545)
[2m2025-12-10T10:09:11.013097Z[0m [34mDEBUG[0m [2mhyper::proto::h1::io[0m[2m:[0m flushed 172 bytes
[2m2025-12-10T10:09:11.013105Z[0m [34mDEBUG[0m [2methereum_transaction_pool_monitor::eth_client[0m[2m:[0m 📨 Received WebSocket message: {"jsonrpc":"2.0","method":"eth_subscription","params":{"subscription":"0xbed0a0851463e895960a451075a301a9","result":"0xa2bffdb06152e23055e8b8bcbc52f94dfaa35dad16b85b3c6d0221c6597e736a"}}
[2m2025-12-10T10:09:11.013122Z[0m [34mDEBUG[0m [2methereum_transaction_pool_monitor::eth_client[0m[2m:[0m 📨 Received pending transaction: 0xa2bffdb06152e23055e8b8bcbc52f94dfaa35dad16b85b3c6d0221c6597e736a
[2m2025-12-10T10:09:11.016504Z[0m [34mDEBUG[0m [2mhyper::proto::h1::io[0m[2m:[0m parsed 4 headers
[2m2025-12-10T10:09:11.016518Z[0m [34mDEBUG[0m [2mhyper::proto::h1::conn[0m[2m:[0m incoming body is content-length (45 bytes)
[2m2025-12-10T10:09:11.016526Z[0m [34mDEBUG[0m [2mhyper::proto::h1::conn[0m[2m:[0m incoming body completed
[2m2025-12-10T10:09:11.016536Z[0m [34mDEBUG[0m [2mhyper::client::pool[0m[2m:[0m pooling idle connection for ("http", 192.168.0.14:8545)
[2m2025-12-10T10:09:11.017064Z[0m [34mDEBUG[0m [2mhyper::proto::h1::io[0m[2m:[0m parsed 4 headers
[2m2025-12-10T10:09:11.017073Z[0m [34mDEBUG[0m [2mhyper::proto::h1::conn[0m[2m:[0m incoming body is content-length (781 bytes)
[2m2025-12-10T10:09:11.017079Z[0m [34mDEBUG[0m [2mhyper::proto::h1::conn[0m[2m:[0m incoming body completed
[2m2025-12-10T10:09:11.017087Z[0m [34mDEBUG[0m [2mhyper::client::pool[0m[2m:[0m pooling idle connection for ("http", 192.168.0.14:8545)
[2m2025-12-10T10:09:11.017095Z[0m [34mDEBUG[0m [2methereum_transaction_pool_monitor::eth_client[0m[2m:[0m 📡 Transaction fetch RPC completed in 4.099209ms
[2m2025-12-10T10:09:11.017113Z[0m [34mDEBUG[0m [2methereum_transaction_pool_monitor::eth_client[0m[2m:[0m DeFi transaction detected - Address: 0xc02aaa39b223fe8d0a0e5c4f27ead9083c756cc2, Type: TokenContract, Value: 0 ETH, Gas: 1507.00 Gwei
[2m2025-12-10T10:09:11.017127Z[0m [34mDEBUG[0m [2methereum_transaction_pool_monitor::eth_client[0m[2m:[0m ✅ Transaction 0xd443356ef47acce012517af53bb064d5652a22b92012beb018fc91debba19293 fetched and parsed in 4.131709ms
[2m2025-12-10T10:09:11.017135Z[0m [34mDEBUG[0m [2methereum_transaction_pool_monitor::mempool_monitor[0m[2m:[0m 🔍 Skipping tx 0xd443356ef47acce012517af53bb064d5652a22b92012beb018fc91debba19293 - not a DEX interaction (target: 0xC02aaA39b223FE8D0A0e5C4F27eAD9083C756Cc2)
[2m2025-12-10T10:09:11.017157Z[0m [34mDEBUG[0m [2methereum_transaction_pool_monitor::mempool_monitor[0m[2m:[0m 📨 Processing new pending transaction: 0x1a95f22c42307d0eccce8c98f5eb7a8629749c2480152c4fba9e46dbd3bbfd27
[2m2025-12-10T10:09:11.017162Z[0m [34mDEBUG[0m [2methereum_transaction_pool_monitor::mempool_monitor[0m[2m:[0m 🔍 Fetching transaction details for: 0x1a95f22c42307d0eccce8c98f5eb7a8629749c2480152c4fba9e46dbd3bbfd27
[2m2025-12-10T10:09:11.017167Z[0m [34mDEBUG[0m [2methereum_transaction_pool_monitor::eth_client[0m[2m:[0m 🔍 Fetching transaction details for hash: 0x1a95f22c42307d0eccce8c98f5eb7a8629749c2480152c4fba9e46dbd3bbfd27
[2m2025-12-10T10:09:11.017182Z[0m [34mDEBUG[0m [2mhyper::client::pool[0m[2m:[0m reuse idle connection for ("http", 192.168.0.14:8545)
[2m2025-12-10T10:09:11.017198Z[0m [34mDEBUG[0m [2mhyper::proto::h1::io[0m[2m:[0m flushed 250 bytes
[2m2025-12-10T10:09:11.022398Z[0m [34mDEBUG[0m [2mhyper::proto::h1::io[0m[2m:[0m parsed 4 headers
[2m2025-12-10T10:09:11.022408Z[0m [34mDEBUG[0m [2mhyper::proto::h1::conn[0m[2m:[0m incoming body is content-length (830 bytes)
[2m2025-12-10T10:09:11.022415Z[0m [34mDEBUG[0m [2mhyper::proto::h1::conn[0m[2m:[0m incoming body completed
[2m2025-12-10T10:09:11.022424Z[0m [34mDEBUG[0m [2mhyper::client::pool[0m[2m:[0m pooling idle connection for ("http", 192.168.0.14:8545)
[2m2025-12-10T10:09:11.022430Z[0m [34mDEBUG[0m [2methereum_transaction_pool_monitor::eth_client[0m[2m:[0m 📡 Transaction fetch RPC completed in 5.260208ms
[2m2025-12-10T10:09:11.096324Z[0m [34mDEBUG[0m [2methereum_transaction_pool_monitor::eth_client[0m[2m:[0m ✅ Transaction 0x1a95f22c42307d0eccce8c98f5eb7a8629749c2480152c4fba9e46dbd3bbfd27 fetched and parsed in 79.150791ms
[2m2025-12-10T10:09:11.096345Z[0m [34mDEBUG[0m [2methereum_transaction_pool_monitor::mempool_monitor[0m[2m:[0m 🔍 Skipping tx 0x1a95f22c42307d0eccce8c98f5eb7a8629749c2480152c4fba9e46dbd3bbfd27 - not a DEX interaction (target: 0x3B4D794a66304F130a4Db8F2551B0070dfCf5ca7)
[2m2025-12-10T10:09:11.096354Z[0m [34mDEBUG[0m [2methereum_transaction_pool_monitor::mempool_monitor[0m[2m:[0m 📨 Processing new pending transaction: 0x8c71291570a1aa1d27e68993233360c649f05fa3afe9cdee380d321aca9a0652
[2m2025-12-10T10:09:11.096358Z[0m [34mDEBUG[0m [2methereum_transaction_pool_monitor::mempool_monitor[0m[2m:[0m 🔍 Fetching transaction details for: 0x8c71291570a1aa1d27e68993233360c649f05fa3afe9cdee380d321aca9a0652
[2m2025-12-10T10:09:11.096362Z[0m [34mDEBUG[0m [2methereum_transaction_pool_monitor::eth_client[0m[2m:[0m 🔍 Fetching transaction details for hash: 0x8c71291570a1aa1d27e68993233360c649f05fa3afe9cdee380d321aca9a0652
[2m2025-12-10T10:09:11.096379Z[0m [34mDEBUG[0m [2mhyper::client::pool[0m[2m:[0m reuse idle connection for ("http", 192.168.0.14:8545)
[2m2025-12-10T10:09:11.096412Z[0m [34mDEBUG[0m [2mhyper::proto::h1::io[0m[2m:[0m flushed 250 bytes
[2m2025-12-10T10:09:11.096438Z[0m [34mDEBUG[0m [2mhyper::client::pool[0m[2m:[0m reuse idle connection for ("http", 192.168.0.14:8545)
[2m2025-12-10T10:09:11.096450Z[0m [34mDEBUG[0m [2mhyper::proto::h1::io[0m[2m:[0m flushed 172 bytes
[2m2025-12-10T10:09:11.097635Z[0m [34mDEBUG[0m [2methereum_transaction_pool_monitor::eth_client[0m[2m:[0m 📨 Received WebSocket message: {"jsonrpc":"2.0","method":"eth_subscription","params":{"subscription":"0xbed0a0851463e895960a451075a301a9","result":"0x28602cef9453a35d1d4a4fecba2ce99473dc2c039c429cd1b88f0c2f6999902d"}}
[2m2025-12-10T10:09:11.097647Z[0m [34mDEBUG[0m [2methereum_transaction_pool_monitor::eth_client[0m[2m:[0m 📨 Received pending transaction: 0x28602cef9453a35d1d4a4fecba2ce99473dc2c039c429cd1b88f0c2f6999902d
[2m2025-12-10T10:09:11.100839Z[0m [34mDEBUG[0m [2mhyper::proto::h1::io[0m[2m:[0m parsed 4 headers
[2m2025-12-10T10:09:11.100849Z[0m [34mDEBUG[0m [2mhyper::proto::h1::conn[0m[2m:[0m incoming body is content-length (45 bytes)
[2m2025-12-10T10:09:11.100857Z[0m [34mDEBUG[0m [2mhyper::proto::h1::conn[0m[2m:[0m incoming body completed
[2m2025-12-10T10:09:11.100868Z[0m [34mDEBUG[0m [2mhyper::client::pool[0m[2m:[0m pooling idle connection for ("http", 192.168.0.14:8545)
[2m2025-12-10T10:09:11.100890Z[0m [34mDEBUG[0m [2mhyper::proto::h1::io[0m[2m:[0m parsed 4 headers
[2m2025-12-10T10:09:11.100894Z[0m [34mDEBUG[0m [2mhyper::proto::h1::conn[0m[2m:[0m incoming body is content-length (677 bytes)
[2m2025-12-10T10:09:11.100898Z[0m [34mDEBUG[0m [2mhyper::proto::h1::conn[0m[2m:[0m incoming body completed
[2m2025-12-10T10:09:11.100904Z[0m [34mDEBUG[0m [2mhyper::client::pool[0m[2m:[0m pooling idle connection for ("http", 192.168.0.14:8545)
[2m2025-12-10T10:09:11.100908Z[0m [34mDEBUG[0m [2methereum_transaction_pool_monitor::eth_client[0m[2m:[0m 📡 Transaction fetch RPC completed in 4.541916ms
[2m2025-12-10T10:09:11.172634Z[0m [34mDEBUG[0m [2methereum_transaction_pool_monitor::eth_client[0m[2m:[0m ✅ Transaction 0x8c71291570a1aa1d27e68993233360c649f05fa3afe9cdee380d321aca9a0652 fetched and parsed in 76.264916ms
[2m2025-12-10T10:09:11.172666Z[0m [34mDEBUG[0m [2methereum_transaction_pool_monitor::mempool_monitor[0m[2m:[0m 🔍 Skipping tx 0x8c71291570a1aa1d27e68993233360c649f05fa3afe9cdee380d321aca9a0652 - not a DEX interaction (target: 0xA0b86991c6218b36c1d19D4a2e9Eb0cE3606eB48)
[2m2025-12-10T10:09:11.172676Z[0m [34mDEBUG[0m [2methereum_transaction_pool_monitor::mempool_monitor[0m[2m:[0m 📨 Processing new pending transaction: 0xd5fdeab6706eb857732cdf91029aa91bdb9e6139a06ee67a0ae6f60fe7766b0d
[2m2025-12-10T10:09:11.172680Z[0m [34mDEBUG[0m [2methereum_transaction_pool_monitor::mempool_monitor[0m[2m:[0m 🔍 Fetching transaction details for: 0xd5fdeab6706eb857732cdf91029aa91bdb9e6139a06ee67a0ae6f60fe7766b0d
[2m2025-12-10T10:09:11.172690Z[0m [34mDEBUG[0m [2methereum_transaction_pool_monitor::eth_client[0m[2m:[0m 🔍 Fetching transaction details for hash: 0xd5fdeab6706eb857732cdf91029aa91bdb9e6139a06ee67a0ae6f60fe7766b0d
[2m2025-12-10T10:09:11.172713Z[0m [34mDEBUG[0m [2mhyper::client::pool[0m[2m:[0m reuse idle connection for ("http", 192.168.0.14:8545)
[2m2025-12-10T10:09:11.172777Z[0m [34mDEBUG[0m [2mhyper::proto::h1::io[0m[2m:[0m flushed 250 bytes
[2m2025-12-10T10:09:11.187037Z[0m [34mDEBUG[0m [2mhyper::proto::h1::io[0m[2m:[0m parsed 4 headers
[2m2025-12-10T10:09:11.187057Z[0m [34mDEBUG[0m [2mhyper::proto::h1::conn[0m[2m:[0m incoming body is content-length (654 bytes)
[2m2025-12-10T10:09:11.187065Z[0m [34mDEBUG[0m [2mhyper::proto::h1::conn[0m[2m:[0m incoming body completed
[2m2025-12-10T10:09:11.187075Z[0m [34mDEBUG[0m [2mhyper::client::pool[0m[2m:[0m pooling idle connection for ("http", 192.168.0.14:8545)
[2m2025-12-10T10:09:11.187082Z[0m [34mDEBUG[0m [2methereum_transaction_pool_monitor::eth_client[0m[2m:[0m 📡 Transaction fetch RPC completed in 14.388167ms
[2m2025-12-10T10:09:11.259055Z[0m [34mDEBUG[0m [2methereum_transaction_pool_monitor::eth_client[0m[2m:[0m ✅ Transaction 0xd5fdeab6706eb857732cdf91029aa91bdb9e6139a06ee67a0ae6f60fe7766b0d fetched and parsed in 86.35875ms
[2m2025-12-10T10:09:11.259079Z[0m [34mDEBUG[0m [2methereum_transaction_pool_monitor::mempool_monitor[0m[2m:[0m 🔍 Skipping tx 0xd5fdeab6706eb857732cdf91029aa91bdb9e6139a06ee67a0ae6f60fe7766b0d - not a DEX interaction (target: 0x281a8f5D52e4968d27E4DA4eE6B247502A472615)
[2m2025-12-10T10:09:11.259089Z[0m [34mDEBUG[0m [2methereum_transaction_pool_monitor::mempool_monitor[0m[2m:[0m 📨 Processing new pending transaction: 0xd1af8a8ba620a373286fc1b45a22c631b67a303689bfbc1771681f46bbdcca4c
[2m2025-12-10T10:09:11.259097Z[0m [34mDEBUG[0m [2methereum_transaction_pool_monitor::mempool_monitor[0m[2m:[0m 🔍 Fetching transaction details for: 0xd1af8a8ba620a373286fc1b45a22c631b67a303689bfbc1771681f46bbdcca4c
[2m2025-12-10T10:09:11.259102Z[0m [34mDEBUG[0m [2methereum_transaction_pool_monitor::eth_client[0m[2m:[0m 🔍 Fetching transaction details for hash: 0xd1af8a8ba620a373286fc1b45a22c631b67a303689bfbc1771681f46bbdcca4c
[2m2025-12-10T10:09:11.259124Z[0m [34mDEBUG[0m [2mhyper::client::pool[0m[2m:[0m reuse idle connection for ("http", 192.168.0.14:8545)
[2m2025-12-10T10:09:11.259190Z[0m [34mDEBUG[0m [2mhyper::proto::h1::io[0m[2m:[0m flushed 250 bytes
[2m2025-12-10T10:09:11.259212Z[0m [34mDEBUG[0m [2mhyper::client::pool[0m[2m:[0m reuse idle connection for ("http", 192.168.0.14:8545)
[2m2025-12-10T10:09:11.259218Z[0m [34mDEBUG[0m [2methereum_transaction_pool_monitor::eth_client[0m[2m:[0m 📨 Received WebSocket message: {"jsonrpc":"2.0","method":"eth_subscription","params":{"subscription":"0xbed0a0851463e895960a451075a301a9","result":"0x72925284b9d4d46ef677f1c77b929a6c1c6411796f95b4e8a884de31e4fad7c2"}}
[2m2025-12-10T10:09:11.259229Z[0m [34mDEBUG[0m [2mhyper::proto::h1::io[0m[2m:[0m flushed 172 bytes
[2m2025-12-10T10:09:11.259229Z[0m [34mDEBUG[0m [2methereum_transaction_pool_monitor::eth_client[0m[2m:[0m 📨 Received pending transaction: 0x72925284b9d4d46ef677f1c77b929a6c1c6411796f95b4e8a884de31e4fad7c2
[2m2025-12-10T10:09:11.262841Z[0m [34mDEBUG[0m [2mhyper::proto::h1::io[0m[2m:[0m parsed 4 headers
[2m2025-12-10T10:09:11.262859Z[0m [34mDEBUG[0m [2mhyper::proto::h1::conn[0m[2m:[0m incoming body is content-length (830 bytes)
[2m2025-12-10T10:09:11.262868Z[0m [34mDEBUG[0m [2mhyper::proto::h1::conn[0m[2m:[0m incoming body completed
[2m2025-12-10T10:09:11.262878Z[0m [34mDEBUG[0m [2mhyper::client::pool[0m[2m:[0m pooling idle connection for ("http", 192.168.0.14:8545)
[2m2025-12-10T10:09:11.262886Z[0m [34mDEBUG[0m [2methereum_transaction_pool_monitor::eth_client[0m[2m:[0m 📡 Transaction fetch RPC completed in 3.779958ms
[2m2025-12-10T10:09:11.335465Z[0m [34mDEBUG[0m [2methereum_transaction_pool_monitor::eth_client[0m[2m:[0m ✅ Transaction 0xd1af8a8ba620a373286fc1b45a22c631b67a303689bfbc1771681f46bbdcca4c fetched and parsed in 76.356291ms
[2m2025-12-10T10:09:11.335495Z[0m [34mDEBUG[0m [2methereum_transaction_pool_monitor::mempool_monitor[0m[2m:[0m 🔍 Skipping tx 0xd1af8a8ba620a373286fc1b45a22c631b67a303689bfbc1771681f46bbdcca4c - not a DEX interaction (target: 0x3B4D794a66304F130a4Db8F2551B0070dfCf5ca7)
[2m2025-12-10T10:09:11.335508Z[0m [34mDEBUG[0m [2methereum_transaction_pool_monitor::mempool_monitor[0m[2m:[0m 📨 Processing new pending transaction: 0xb43c5610768181f1199951ed18fa746c6ce6114cafd7ec67ba012aa21bc33e95
[2m2025-12-10T10:09:11.335514Z[0m [34mDEBUG[0m [2methereum_transaction_pool_monitor::mempool_monitor[0m[2m:[0m 🔍 Fetching transaction details for: 0xb43c5610768181f1199951ed18fa746c6ce6114cafd7ec67ba012aa21bc33e95
[2m2025-12-10T10:09:11.335518Z[0m [34mDEBUG[0m [2methereum_transaction_pool_monitor::eth_client[0m[2m:[0m 🔍 Fetching transaction details for hash: 0xb43c5610768181f1199951ed18fa746c6ce6114cafd7ec67ba012aa21bc33e95
[2m2025-12-10T10:09:11.335537Z[0m [34mDEBUG[0m [2mhyper::client::pool[0m[2m:[0m reuse idle connection for ("http", 192.168.0.14:8545)
[2m2025-12-10T10:09:11.335579Z[0m [34mDEBUG[0m [2mhyper::proto::h1::io[0m[2m:[0m flushed 250 bytes
[2m2025-12-10T10:09:11.335598Z[0m [34mDEBUG[0m [2methereum_transaction_pool_monitor::eth_client[0m[2m:[0m 📨 Received WebSocket message: {"jsonrpc":"2.0","method":"eth_subscription","params":{"subscription":"0xbed0a0851463e895960a451075a301a9","result":"0xcd06a6feebab718ca62ca961c94cbcab1567029b9311e1baa7469d65bba65368"}}
[2m2025-12-10T10:09:11.335606Z[0m [34mDEBUG[0m [2methereum_transaction_pool_monitor::eth_client[0m[2m:[0m 📨 Received pending transaction: 0xcd06a6feebab718ca62ca961c94cbcab1567029b9311e1baa7469d65bba65368
[2m2025-12-10T10:09:11.335635Z[0m [34mDEBUG[0m [2mhyper::proto::h1::io[0m[2m:[0m parsed 4 headers
[2m2025-12-10T10:09:11.335641Z[0m [34mDEBUG[0m [2mhyper::proto::h1::conn[0m[2m:[0m incoming body is content-length (45 bytes)
[2m2025-12-10T10:09:11.335651Z[0m [34mDEBUG[0m [2mhyper::proto::h1::conn[0m[2m:[0m incoming body completed
[2m2025-12-10T10:09:11.335660Z[0m [34mDEBUG[0m [2mhyper::client::pool[0m[2m:[0m pooling idle connection for ("http", 192.168.0.14:8545)
[2m2025-12-10T10:09:11.335681Z[0m [34mDEBUG[0m [2mhyper::client::pool[0m[2m:[0m reuse idle connection for ("http", 192.168.0.14:8545)
[2m2025-12-10T10:09:11.335698Z[0m [34mDEBUG[0m [2mhyper::proto::h1::io[0m[2m:[0m flushed 172 bytes
[2m2025-12-10T10:09:11.339809Z[0m [34mDEBUG[0m [2mhyper::proto::h1::io[0m[2m:[0m parsed 4 headers
[2m2025-12-10T10:09:11.339820Z[0m [34mDEBUG[0m [2mhyper::proto::h1::conn[0m[2m:[0m incoming body is content-length (1158 bytes)
[2m2025-12-10T10:09:11.339826Z[0m [34mDEBUG[0m [2mhyper::proto::h1::conn[0m[2m:[0m incoming body completed
[2m2025-12-10T10:09:11.339836Z[0m [34mDEBUG[0m [2mhyper::client::pool[0m[2m:[0m pooling idle connection for ("http", 192.168.0.14:8545)
[2m2025-12-10T10:09:11.339841Z[0m [34mDEBUG[0m [2methereum_transaction_pool_monitor::eth_client[0m[2m:[0m 📡 Transaction fetch RPC completed in 4.3195ms
[2m2025-12-10T10:09:11.472577Z[0m [34mDEBUG[0m [2methereum_transaction_pool_monitor::eth_client[0m[2m:[0m ✅ Transaction 0xb43c5610768181f1199951ed18fa746c6ce6114cafd7ec67ba012aa21bc33e95 fetched and parsed in 137.051042ms
[2m2025-12-10T10:09:11.472609Z[0m [34mDEBUG[0m [2methereum_transaction_pool_monitor::mempool_monitor[0m[2m:[0m 🔍 Skipping tx 0xb43c5610768181f1199951ed18fa746c6ce6114cafd7ec67ba012aa21bc33e95 - not a DEX interaction (target: 0xD37BbE5744D730a1d98d8DC97c42F0Ca46aD7146)
[2m2025-12-10T10:09:11.472621Z[0m [34mDEBUG[0m [2methereum_transaction_pool_monitor::mempool_monitor[0m[2m:[0m 📨 Processing new pending transaction: 0xede28a68191c8c91fe338cb1a473705735e094cb057017a6653aec68858c1b93
[2m2025-12-10T10:09:11.472626Z[0m [34mDEBUG[0m [2methereum_transaction_pool_monitor::mempool_monitor[0m[2m:[0m 🔍 Fetching transaction details for: 0xede28a68191c8c91fe338cb1a473705735e094cb057017a6653aec68858c1b93
[2m2025-12-10T10:09:11.472630Z[0m [34mDEBUG[0m [2methereum_transaction_pool_monitor::eth_client[0m[2m:[0m 🔍 Fetching transaction details for hash: 0xede28a68191c8c91fe338cb1a473705735e094cb057017a6653aec68858c1b93
[2m2025-12-10T10:09:11.472651Z[0m [34mDEBUG[0m [2mhyper::client::pool[0m[2m:[0m reuse idle connection for ("http", 192.168.0.14:8545)
[2m2025-12-10T10:09:11.472702Z[0m [34mDEBUG[0m [2mhyper::proto::h1::io[0m[2m:[0m flushed 250 bytes
[2m2025-12-10T10:09:11.472721Z[0m [34mDEBUG[0m [2mhyper::proto::h1::io[0m[2m:[0m parsed 4 headers
[2m2025-12-10T10:09:11.472726Z[0m [34mDEBUG[0m [2mhyper::proto::h1::conn[0m[2m:[0m incoming body is content-length (45 bytes)
[2m2025-12-10T10:09:11.472733Z[0m [34mDEBUG[0m [2mhyper::proto::h1::conn[0m[2m:[0m incoming body completed
[2m2025-12-10T10:09:11.472742Z[0m [34mDEBUG[0m [2mhyper::client::pool[0m[2m:[0m pooling idle connection for ("http", 192.168.0.14:8545)
[2m2025-12-10T10:09:11.472760Z[0m [34mDEBUG[0m [2mhyper::client::pool[0m[2m:[0m reuse idle connection for ("http", 192.168.0.14:8545)
[2m2025-12-10T10:09:11.472775Z[0m [34mDEBUG[0m [2mhyper::proto::h1::io[0m[2m:[0m flushed 172 bytes
[2m2025-12-10T10:09:11.477549Z[0m [34mDEBUG[0m [2mhyper::proto::h1::io[0m[2m:[0m parsed 4 headers
[2m2025-12-10T10:09:11.477560Z[0m [34mDEBUG[0m [2mhyper::proto::h1::conn[0m[2m:[0m incoming body is content-length (677 bytes)
[2m2025-12-10T10:09:11.477566Z[0m [34mDEBUG[0m [2mhyper::proto::h1::conn[0m[2m:[0m incoming body completed
[2m2025-12-10T10:09:11.477574Z[0m [34mDEBUG[0m [2mhyper::client::pool[0m[2m:[0m pooling idle connection for ("http", 192.168.0.14:8545)
[2m2025-12-10T10:09:11.477580Z[0m [34mDEBUG[0m [2methereum_transaction_pool_monitor::eth_client[0m[2m:[0m 📡 Transaction fetch RPC completed in 4.946458ms
[2m2025-12-10T10:09:11.548840Z[0m [34mDEBUG[0m [2methereum_transaction_pool_monitor::eth_client[0m[2m:[0m ✅ Transaction 0xede28a68191c8c91fe338cb1a473705735e094cb057017a6653aec68858c1b93 fetched and parsed in 76.203458ms
[2m2025-12-10T10:09:11.548875Z[0m [34mDEBUG[0m [2methereum_transaction_pool_monitor::mempool_monitor[0m[2m:[0m 🔍 Skipping tx 0xede28a68191c8c91fe338cb1a473705735e094cb057017a6653aec68858c1b93 - not a DEX interaction (target: 0xA0b86991c6218b36c1d19D4a2e9Eb0cE3606eB48)
[2m2025-12-10T10:09:11.548886Z[0m [34mDEBUG[0m [2methereum_transaction_pool_monitor::mempool_monitor[0m[2m:[0m 📨 Processing new pending transaction: 0x4d742720773877a36c5b45612fa5e38a24909b2ba2078c8203afd6cc0e21daff
[2m2025-12-10T10:09:11.548892Z[0m [34mDEBUG[0m [2methereum_transaction_pool_monitor::mempool_monitor[0m[2m:[0m 🔍 Fetching transaction details for: 0x4d742720773877a36c5b45612fa5e38a24909b2ba2078c8203afd6cc0e21daff
[2m2025-12-10T10:09:11.548896Z[0m [34mDEBUG[0m [2methereum_transaction_pool_monitor::eth_client[0m[2m:[0m 🔍 Fetching transaction details for hash: 0x4d742720773877a36c5b45612fa5e38a24909b2ba2078c8203afd6cc0e21daff
[2m2025-12-10T10:09:11.548918Z[0m [34mDEBUG[0m [2mhyper::client::pool[0m[2m:[0m reuse idle connection for ("http", 192.168.0.14:8545)
[2m2025-12-10T10:09:11.548972Z[0m [34mDEBUG[0m [2mhyper::proto::h1::io[0m[2m:[0m flushed 250 bytes
[2m2025-12-10T10:09:11.548993Z[0m [34mDEBUG[0m [2methereum_transaction_pool_monitor::eth_client[0m[2m:[0m 📨 Received WebSocket message: {"jsonrpc":"2.0","method":"eth_subscription","params":{"subscription":"0xbed0a0851463e895960a451075a301a9","result":"0xe25d2c5218e344a8f7a0cecce4af516f40dc0b14fe840058e0a9e55158d7b806"}}
[2m2025-12-10T10:09:11.548999Z[0m [34mDEBUG[0m [2mhyper::proto::h1::io[0m[2m:[0m parsed 4 headers
[2m2025-12-10T10:09:11.549008Z[0m [34mDEBUG[0m [2mhyper::proto::h1::conn[0m[2m:[0m incoming body is content-length (45 bytes)
[2m2025-12-10T10:09:11.549017Z[0m [34mDEBUG[0m [2mhyper::proto::h1::conn[0m[2m:[0m incoming body completed
[2m2025-12-10T10:09:11.549001Z[0m [34mDEBUG[0m [2methereum_transaction_pool_monitor::eth_client[0m[2m:[0m 📨 Received pending transaction: 0xe25d2c5218e344a8f7a0cecce4af516f40dc0b14fe840058e0a9e55158d7b806
[2m2025-12-10T10:09:11.549026Z[0m [34mDEBUG[0m [2mhyper::client::pool[0m[2m:[0m pooling idle connection for ("http", 192.168.0.14:8545)
[2m2025-12-10T10:09:11.549086Z[0m [34mDEBUG[0m [2mhyper::client::pool[0m[2m:[0m reuse idle connection for ("http", 192.168.0.14:8545)
[2m2025-12-10T10:09:11.549103Z[0m [34mDEBUG[0m [2mhyper::proto::h1::io[0m[2m:[0m flushed 172 bytes
[2m2025-12-10T10:09:11.553645Z[0m [34mDEBUG[0m [2mhyper::proto::h1::io[0m[2m:[0m parsed 4 headers
[2m2025-12-10T10:09:11.553655Z[0m [34mDEBUG[0m [2mhyper::proto::h1::conn[0m[2m:[0m incoming body is content-length (45 bytes)
[2m2025-12-10T10:09:11.553661Z[0m [34mDEBUG[0m [2mhyper::proto::h1::conn[0m[2m:[0m incoming body completed
[2m2025-12-10T10:09:11.553669Z[0m [34mDEBUG[0m [2mhyper::client::pool[0m[2m:[0m pooling idle connection for ("http", 192.168.0.14:8545)
[2m2025-12-10T10:09:11.559448Z[0m [34mDEBUG[0m [2mhyper::proto::h1::io[0m[2m:[0m parsed 4 headers
[2m2025-12-10T10:09:11.559461Z[0m [34mDEBUG[0m [2mhyper::proto::h1::conn[0m[2m:[0m incoming body is content-length (771 bytes)
[2m2025-12-10T10:09:11.559468Z[0m [34mDEBUG[0m [2mhyper::proto::h1::conn[0m[2m:[0m incoming body completed
[2m2025-12-10T10:09:11.559478Z[0m [34mDEBUG[0m [2mhyper::client::pool[0m[2m:[0m pooling idle connection for ("http", 192.168.0.14:8545)
[2m2025-12-10T10:09:11.559484Z[0m [34mDEBUG[0m [2methereum_transaction_pool_monitor::eth_client[0m[2m:[0m 📡 Transaction fetch RPC completed in 10.583667ms
[2m2025-12-10T10:09:11.631151Z[0m [34mDEBUG[0m [2methereum_transaction_pool_monitor::eth_client[0m[2m:[0m ✅ Transaction 0x4d742720773877a36c5b45612fa5e38a24909b2ba2078c8203afd6cc0e21daff fetched and parsed in 82.248042ms
[2m2025-12-10T10:09:11.631176Z[0m [34mDEBUG[0m [2methereum_transaction_pool_monitor::mempool_monitor[0m[2m:[0m 🔍 Skipping tx 0x4d742720773877a36c5b45612fa5e38a24909b2ba2078c8203afd6cc0e21daff - not a DEX interaction (target: 0xB8f28C60dD8240141185a192fa4156A23E189305)
[2m2025-12-10T10:09:11.631188Z[0m [34mDEBUG[0m [2methereum_transaction_pool_monitor::mempool_monitor[0m[2m:[0m 📨 Processing new pending transaction: 0xddd1e434911229f48b4024992ddb47563fc5e4d08b9da2b23949c8467b55d21a
[2m2025-12-10T10:09:11.631195Z[0m [34mDEBUG[0m [2methereum_transaction_pool_monitor::mempool_monitor[0m[2m:[0m 🔍 Fetching transaction details for: 0xddd1e434911229f48b4024992ddb47563fc5e4d08b9da2b23949c8467b55d21a
[2m2025-12-10T10:09:11.631199Z[0m [34mDEBUG[0m [2methereum_transaction_pool_monitor::eth_client[0m[2m:[0m 🔍 Fetching transaction details for hash: 0xddd1e434911229f48b4024992ddb47563fc5e4d08b9da2b23949c8467b55d21a
[2m2025-12-10T10:09:11.631220Z[0m [34mDEBUG[0m [2mhyper::client::pool[0m[2m:[0m reuse idle connection for ("http", 192.168.0.14:8545)
[2m2025-12-10T10:09:11.631270Z[0m [34mDEBUG[0m [2mhyper::proto::h1::io[0m[2m:[0m flushed 250 bytes
[2m2025-12-10T10:09:11.631292Z[0m [34mDEBUG[0m [2mhyper::client::pool[0m[2m:[0m reuse idle connection for ("http", 192.168.0.14:8545)
[2m2025-12-10T10:09:11.631299Z[0m [34mDEBUG[0m [2methereum_transaction_pool_monitor::eth_client[0m[2m:[0m 📨 Received WebSocket message: {"jsonrpc":"2.0","method":"eth_subscription","params":{"subscription":"0xbed0a0851463e895960a451075a301a9","result":"0xe3a737957b37c5c8abf86d39ea59d0f617633206fd3e0a9bde2929a4491d98ed"}}
[2m2025-12-10T10:09:11.631307Z[0m [34mDEBUG[0m [2mhyper::proto::h1::io[0m[2m:[0m flushed 172 bytes
[2m2025-12-10T10:09:11.631311Z[0m [34mDEBUG[0m [2methereum_transaction_pool_monitor::eth_client[0m[2m:[0m 📨 Received pending transaction: 0xe3a737957b37c5c8abf86d39ea59d0f617633206fd3e0a9bde2929a4491d98ed
[2m2025-12-10T10:09:11.637160Z[0m [34mDEBUG[0m [2mhyper::proto::h1::io[0m[2m:[0m parsed 4 headers
[2m2025-12-10T10:09:11.637172Z[0m [34mDEBUG[0m [2mhyper::proto::h1::conn[0m[2m:[0m incoming body is content-length (676 bytes)
[2m2025-12-10T10:09:11.637181Z[0m [34mDEBUG[0m [2mhyper::proto::h1::conn[0m[2m:[0m incoming body completed
[2m2025-12-10T10:09:11.637192Z[0m [34mDEBUG[0m [2mhyper::client::pool[0m[2m:[0m pooling idle connection for ("http", 192.168.0.14:8545)
[2m2025-12-10T10:09:11.637201Z[0m [34mDEBUG[0m [2methereum_transaction_pool_monitor::eth_client[0m[2m:[0m 📡 Transaction fetch RPC completed in 5.997375ms
[2m2025-12-10T10:09:11.708968Z[0m [34mDEBUG[0m [2methereum_transaction_pool_monitor::eth_client[0m[2m:[0m ✅ Transaction 0xddd1e434911229f48b4024992ddb47563fc5e4d08b9da2b23949c8467b55d21a fetched and parsed in 77.762083ms
[2m2025-12-10T10:09:11.709000Z[0m [34mDEBUG[0m [2methereum_transaction_pool_monitor::mempool_monitor[0m[2m:[0m 🔍 Skipping tx 0xddd1e434911229f48b4024992ddb47563fc5e4d08b9da2b23949c8467b55d21a - not a DEX interaction (target: 0xA0b86991c6218b36c1d19D4a2e9Eb0cE3606eB48)
[2m2025-12-10T10:09:11.709012Z[0m [34mDEBUG[0m [2methereum_transaction_pool_monitor::mempool_monitor[0m[2m:[0m 📨 Processing new pending transaction: 0x22ef051ce3fed761cc5ec846c58bc0b8a01c6eaccb145ee637223b82bdd27040
[2m2025-12-10T10:09:11.709018Z[0m [34mDEBUG[0m [2methereum_transaction_pool_monitor::mempool_monitor[0m[2m:[0m 🔍 Fetching transaction details for: 0x22ef051ce3fed761cc5ec846c58bc0b8a01c6eaccb145ee637223b82bdd27040
[2m2025-12-10T10:09:11.709023Z[0m [34mDEBUG[0m [2methereum_transaction_pool_monitor::eth_client[0m[2m:[0m 🔍 Fetching transaction details for hash: 0x22ef051ce3fed761cc5ec846c58bc0b8a01c6eaccb145ee637223b82bdd27040
[2m2025-12-10T10:09:11.709044Z[0m [34mDEBUG[0m [2mhyper::client::pool[0m[2m:[0m reuse idle connection for ("http", 192.168.0.14:8545)
[2m2025-12-10T10:09:11.709090Z[0m [34mDEBUG[0m [2mhyper::proto::h1::io[0m[2m:[0m flushed 250 bytes
[2m2025-12-10T10:09:11.709112Z[0m [34mDEBUG[0m [2methereum_transaction_pool_monitor::eth_client[0m[2m:[0m 📨 Received WebSocket message: {"jsonrpc":"2.0","method":"eth_subscription","params":{"subscription":"0xbed0a0851463e895960a451075a301a9","result":"0xbaf95853a6d226f82e8b8d3f5f10f91386c78f0d63d0c1978192ac4b9204e5aa"}}
[2m2025-12-10T10:09:11.709121Z[0m [34mDEBUG[0m [2methereum_transaction_pool_monitor::eth_client[0m[2m:[0m 📨 Received pending transaction: 0xbaf95853a6d226f82e8b8d3f5f10f91386c78f0d63d0c1978192ac4b9204e5aa
[2m2025-12-10T10:09:11.709148Z[0m [34mDEBUG[0m [2mhyper::proto::h1::io[0m[2m:[0m parsed 4 headers
[2m2025-12-10T10:09:11.709155Z[0m [34mDEBUG[0m [2mhyper::proto::h1::conn[0m[2m:[0m incoming body is content-length (45 bytes)
[2m2025-12-10T10:09:11.709163Z[0m [34mDEBUG[0m [2mhyper::proto::h1::conn[0m[2m:[0m incoming body completed
[2m2025-12-10T10:09:11.709173Z[0m [34mDEBUG[0m [2mhyper::client::pool[0m[2m:[0m pooling idle connection for ("http", 192.168.0.14:8545)
[2m2025-12-10T10:09:11.709194Z[0m [34mDEBUG[0m [2mhyper::client::pool[0m[2m:[0m reuse idle connection for ("http", 192.168.0.14:8545)
[2m2025-12-10T10:09:11.709214Z[0m [34mDEBUG[0m [2mhyper::proto::h1::io[0m[2m:[0m flushed 172 bytes
[2m2025-12-10T10:09:11.713483Z[0m [34mDEBUG[0m [2mhyper::proto::h1::io[0m[2m:[0m parsed 4 headers
[2m2025-12-10T10:09:11.713491Z[0m [34mDEBUG[0m [2mhyper::proto::h1::conn[0m[2m:[0m incoming body is content-length (552 bytes)
[2m2025-12-10T10:09:11.713497Z[0m [34mDEBUG[0m [2mhyper::proto::h1::conn[0m[2m:[0m incoming body completed
[2m2025-12-10T10:09:11.713506Z[0m [34mDEBUG[0m [2mhyper::client::pool[0m[2m:[0m pooling idle connection for ("http", 192.168.0.14:8545)
[2m2025-12-10T10:09:11.713512Z[0m [34mDEBUG[0m [2methereum_transaction_pool_monitor::eth_client[0m[2m:[0m 📡 Transaction fetch RPC completed in 4.485375ms
[2m2025-12-10T10:09:11.785439Z[0m [34mDEBUG[0m [2methereum_transaction_pool_monitor::eth_client[0m[2m:[0m ✅ Transaction 0x22ef051ce3fed761cc5ec846c58bc0b8a01c6eaccb145ee637223b82bdd27040 fetched and parsed in 76.410208ms
[2m2025-12-10T10:09:11.785469Z[0m [34mDEBUG[0m [2methereum_transaction_pool_monitor::mempool_monitor[0m[2m:[0m 🔍 Skipping tx 0x22ef051ce3fed761cc5ec846c58bc0b8a01c6eaccb145ee637223b82bdd27040 - not a DEX interaction (target: 0xCFFAd3200574698b78f32232aa9D63eABD290703)
[2m2025-12-10T10:09:11.785479Z[0m [34mDEBUG[0m [2methereum_transaction_pool_monitor::mempool_monitor[0m[2m:[0m 📨 Processing new pending transaction: 0xe65254d0bc860c95aa03432465b2982f8504a45cf97c0573f911e184e9effcc6
[2m2025-12-10T10:09:11.785485Z[0m [34mDEBUG[0m [2methereum_transaction_pool_monitor::mempool_monitor[0m[2m:[0m 🔍 Fetching transaction details for: 0xe65254d0bc860c95aa03432465b2982f8504a45cf97c0573f911e184e9effcc6
[2m2025-12-10T10:09:11.785489Z[0m [34mDEBUG[0m [2methereum_transaction_pool_monitor::eth_client[0m[2m:[0m 🔍 Fetching transaction details for hash: 0xe65254d0bc860c95aa03432465b2982f8504a45cf97c0573f911e184e9effcc6
[2m2025-12-10T10:09:11.785509Z[0m [34mDEBUG[0m [2mhyper::client::pool[0m[2m:[0m reuse idle connection for ("http", 192.168.0.14:8545)
[2m2025-12-10T10:09:11.785560Z[0m [34mDEBUG[0m [2mhyper::proto::h1::io[0m[2m:[0m flushed 250 bytes
[2m2025-12-10T10:09:11.785577Z[0m [34mDEBUG[0m [2mhyper::proto::h1::io[0m[2m:[0m parsed 4 headers
[2m2025-12-10T10:09:11.785581Z[0m [34mDEBUG[0m [2mhyper::proto::h1::conn[0m[2m:[0m incoming body is content-length (45 bytes)
[2m2025-12-10T10:09:11.785588Z[0m [34mDEBUG[0m [2mhyper::proto::h1::conn[0m[2m:[0m incoming body completed
[2m2025-12-10T10:09:11.785596Z[0m [34mDEBUG[0m [2mhyper::client::pool[0m[2m:[0m pooling idle connection for ("http", 192.168.0.14:8545)
[2m2025-12-10T10:09:11.794906Z[0m [34mDEBUG[0m [2mhyper::proto::h1::io[0m[2m:[0m parsed 4 headers
[2m2025-12-10T10:09:11.794919Z[0m [34mDEBUG[0m [2mhyper::proto::h1::conn[0m[2m:[0m incoming body is content-length (554 bytes)
[2m2025-12-10T10:09:11.794929Z[0m [34mDEBUG[0m [2mhyper::proto::h1::conn[0m[2m:[0m incoming body completed
[2m2025-12-10T10:09:11.794939Z[0m [34mDEBUG[0m [2mhyper::client::pool[0m[2m:[0m pooling idle connection for ("http", 192.168.0.14:8545)
[2m2025-12-10T10:09:11.794946Z[0m [34mDEBUG[0m [2methereum_transaction_pool_monitor::eth_client[0m[2m:[0m 📡 Transaction fetch RPC completed in 9.453208ms
[2m2025-12-10T10:09:11.866375Z[0m [34mDEBUG[0m [2methereum_transaction_pool_monitor::eth_client[0m[2m:[0m ✅ Transaction 0xe65254d0bc860c95aa03432465b2982f8504a45cf97c0573f911e184e9effcc6 fetched and parsed in 80.880041ms
[2m2025-12-10T10:09:11.866397Z[0m [34mDEBUG[0m [2methereum_transaction_pool_monitor::mempool_monitor[0m[2m:[0m 🔍 Skipping tx 0xe65254d0bc860c95aa03432465b2982f8504a45cf97c0573f911e184e9effcc6 - not a DEX interaction (target: 0xCFFAd3200574698b78f32232aa9D63eABD290703)
[2m2025-12-10T10:09:11.866407Z[0m [34mDEBUG[0m [2methereum_transaction_pool_monitor::mempool_monitor[0m[2m:[0m 📨 Processing new pending transaction: 0xd05ad69a87d83dd5b4b035c9b6ae3dc1467a4ad86a39d6239f3cc0a1112a59e2
[2m2025-12-10T10:09:11.866412Z[0m [34mDEBUG[0m [2methereum_transaction_pool_monitor::mempool_monitor[0m[2m:[0m 🔍 Fetching transaction details for: 0xd05ad69a87d83dd5b4b035c9b6ae3dc1467a4ad86a39d6239f3cc0a1112a59e2
[2m2025-12-10T10:09:11.866416Z[0m [34mDEBUG[0m [2methereum_transaction_pool_monitor::eth_client[0m[2m:[0m 🔍 Fetching transaction details for hash: 0xd05ad69a87d83dd5b4b035c9b6ae3dc1467a4ad86a39d6239f3cc0a1112a59e2
[2m2025-12-10T10:09:11.866438Z[0m [34mDEBUG[0m [2mhyper::client::pool[0m[2m:[0m reuse idle connection for ("http", 192.168.0.14:8545)
[2m2025-12-10T10:09:11.866472Z[0m [34mDEBUG[0m [2mhyper::proto::h1::io[0m[2m:[0m flushed 250 bytes
[2m2025-12-10T10:09:11.866500Z[0m [34mDEBUG[0m [2mhyper::client::pool[0m[2m:[0m reuse idle connection for ("http", 192.168.0.14:8545)
[2m2025-12-10T10:09:11.866513Z[0m [34mDEBUG[0m [2mhyper::proto::h1::io[0m[2m:[0m flushed 172 bytes
[2m2025-12-10T10:09:11.875112Z[0m [34mDEBUG[0m [2mhyper::proto::h1::io[0m[2m:[0m parsed 4 headers
[2m2025-12-10T10:09:11.875123Z[0m [34mDEBUG[0m [2mhyper::proto::h1::conn[0m[2m:[0m incoming body is content-length (1733 bytes)
[2m2025-12-10T10:09:11.875130Z[0m [34mDEBUG[0m [2mhyper::proto::h1::conn[0m[2m:[0m incoming body completed
[2m2025-12-10T10:09:11.875139Z[0m [34mDEBUG[0m [2mhyper::client::pool[0m[2m:[0m pooling idle connection for ("http", 192.168.0.14:8545)
[2m2025-12-10T10:09:11.875145Z[0m [34mDEBUG[0m [2methereum_transaction_pool_monitor::eth_client[0m[2m:[0m 📡 Transaction fetch RPC completed in 8.723458ms
[2m2025-12-10T10:09:11.946985Z[0m [34mDEBUG[0m [2methereum_transaction_pool_monitor::eth_client[0m[2m:[0m ✅ Transaction 0xd05ad69a87d83dd5b4b035c9b6ae3dc1467a4ad86a39d6239f3cc0a1112a59e2 fetched and parsed in 80.559958ms
[2m2025-12-10T10:09:11.947020Z[0m [34mDEBUG[0m [2methereum_transaction_pool_monitor::mempool_monitor[0m[2m:[0m 🔍 Skipping tx 0xd05ad69a87d83dd5b4b035c9b6ae3dc1467a4ad86a39d6239f3cc0a1112a59e2 - not a DEX interaction (target: 0x601a2aD6CB5949f0529735254189Ba3194221EDF)
[2m2025-12-10T10:09:11.947038Z[0m [34mDEBUG[0m [2methereum_transaction_pool_monitor::mempool_monitor[0m[2m:[0m 📨 Processing new pending transaction: 0x5c4e5fa84e9a04e68867df8e0c8a5c3be4764e3806228012b213db2703574d8b
[2m2025-12-10T10:09:11.947050Z[0m [34mDEBUG[0m [2methereum_transaction_pool_monitor::mempool_monitor[0m[2m:[0m 🔍 Fetching transaction details for: 0x5c4e5fa84e9a04e68867df8e0c8a5c3be4764e3806228012b213db2703574d8b
[2m2025-12-10T10:09:11.947056Z[0m [34mDEBUG[0m [2methereum_transaction_pool_monitor::eth_client[0m[2m:[0m 🔍 Fetching transaction details for hash: 0x5c4e5fa84e9a04e68867df8e0c8a5c3be4764e3806228012b213db2703574d8b
[2m2025-12-10T10:09:11.947083Z[0m [34mDEBUG[0m [2mhyper::client::pool[0m[2m:[0m reuse idle connection for ("http", 192.168.0.14:8545)
[2m2025-12-10T10:09:11.947123Z[0m [34mDEBUG[0m [2mhyper::proto::h1::io[0m[2m:[0m flushed 250 bytes
[2m2025-12-10T10:09:11.947142Z[0m [34mDEBUG[0m [2mhyper::proto::h1::io[0m[2m:[0m parsed 4 headers
[2m2025-12-10T10:09:11.947147Z[0m [34mDEBUG[0m [2mhyper::proto::h1::conn[0m[2m:[0m incoming body is content-length (45 bytes)
[2m2025-12-10T10:09:11.947154Z[0m [34mDEBUG[0m [2mhyper::proto::h1::conn[0m[2m:[0m incoming body completed
[2m2025-12-10T10:09:11.947162Z[0m [34mDEBUG[0m [2mhyper::client::pool[0m[2m:[0m pooling idle connection for ("http", 192.168.0.14:8545)
[2m2025-12-10T10:09:11.947179Z[0m [34mDEBUG[0m [2mhyper::client::pool[0m[2m:[0m reuse idle connection for ("http", 192.168.0.14:8545)
[2m2025-12-10T10:09:11.947196Z[0m [34mDEBUG[0m [2mhyper::proto::h1::io[0m[2m:[0m flushed 172 bytes
[2m2025-12-10T10:09:11.952695Z[0m [34mDEBUG[0m [2mhyper::proto::h1::io[0m[2m:[0m parsed 4 headers
[2m2025-12-10T10:09:11.952711Z[0m [34mDEBUG[0m [2mhyper::proto::h1::conn[0m[2m:[0m incoming body is content-length (45 bytes)
[2m2025-12-10T10:09:11.952719Z[0m [34mDEBUG[0m [2mhyper::proto::h1::conn[0m[2m:[0m incoming body completed
[2m2025-12-10T10:09:11.952729Z[0m [34mDEBUG[0m [2mhyper::client::pool[0m[2m:[0m pooling idle connection for ("http", 192.168.0.14:8545)
[2m2025-12-10T10:09:11.959004Z[0m [34mDEBUG[0m [2methereum_transaction_pool_monitor::eth_client[0m[2m:[0m 📨 Received WebSocket message: {"jsonrpc":"2.0","method":"eth_subscription","params":{"subscription":"0xbed0a0851463e895960a451075a301a9","result":"0x97bbc04d61bf030f5bafa8805630838f0aaf8607a94fd883f58acabe27745dda"}}
[2m2025-12-10T10:09:11.959021Z[0m [34mDEBUG[0m [2methereum_transaction_pool_monitor::eth_client[0m[2m:[0m 📨 Received pending transaction: 0x97bbc04d61bf030f5bafa8805630838f0aaf8607a94fd883f58acabe27745dda
[2m2025-12-10T10:09:11.959027Z[0m [34mDEBUG[0m [2methereum_transaction_pool_monitor::eth_client[0m[2m:[0m 📨 Received WebSocket message: {"jsonrpc":"2.0","method":"eth_subscription","params":{"subscription":"0xbed0a0851463e895960a451075a301a9","result":"0x363f47ed848e717f8a75a14ab75c8668e6737521373fe4082f87ad7990e1c982"}}
[2m2025-12-10T10:09:11.959033Z[0m [34mDEBUG[0m [2methereum_transaction_pool_monitor::eth_client[0m[2m:[0m 📨 Received pending transaction: 0x363f47ed848e717f8a75a14ab75c8668e6737521373fe4082f87ad7990e1c982
[2m2025-12-10T10:09:11.959045Z[0m [34mDEBUG[0m [2mhyper::proto::h1::io[0m[2m:[0m parsed 4 headers
[2m2025-12-10T10:09:11.959049Z[0m [34mDEBUG[0m [2mhyper::proto::h1::conn[0m[2m:[0m incoming body is content-length (552 bytes)
[2m2025-12-10T10:09:11.959055Z[0m [34mDEBUG[0m [2mhyper::proto::h1::conn[0m[2m:[0m incoming body completed
[2m2025-12-10T10:09:11.959065Z[0m [34mDEBUG[0m [2mhyper::client::pool[0m[2m:[0m pooling idle connection for ("http", 192.168.0.14:8545)
[2m2025-12-10T10:09:11.959073Z[0m [34mDEBUG[0m [2methereum_transaction_pool_monitor::eth_client[0m[2m:[0m 📡 Transaction fetch RPC completed in 12.011ms
[2m2025-12-10T10:09:12.032091Z[0m [34mDEBUG[0m [2methereum_transaction_pool_monitor::eth_client[0m[2m:[0m ✅ Transaction 0x5c4e5fa84e9a04e68867df8e0c8a5c3be4764e3806228012b213db2703574d8b fetched and parsed in 85.025416ms
[2m2025-12-10T10:09:12.032116Z[0m [34mDEBUG[0m [2methereum_transaction_pool_monitor::mempool_monitor[0m[2m:[0m 🔍 Skipping tx 0x5c4e5fa84e9a04e68867df8e0c8a5c3be4764e3806228012b213db2703574d8b - not a DEX interaction (target: 0xCFFAd3200574698b78f32232aa9D63eABD290703)
[2m2025-12-10T10:09:12.032125Z[0m [34mDEBUG[0m [2methereum_transaction_pool_monitor::mempool_monitor[0m[2m:[0m 📨 Processing new pending transaction: 0x7d428d22f2a5850f0865a6abc9e7d602418cf34507c0fd127f9fb2672e714ee0
[2m2025-12-10T10:09:12.032129Z[0m [34mDEBUG[0m [2methereum_transaction_pool_monitor::mempool_monitor[0m[2m:[0m 🔍 Fetching transaction details for: 0x7d428d22f2a5850f0865a6abc9e7d602418cf34507c0fd127f9fb2672e714ee0
[2m2025-12-10T10:09:12.032133Z[0m [34mDEBUG[0m [2methereum_transaction_pool_monitor::eth_client[0m[2m:[0m 🔍 Fetching transaction details for hash: 0x7d428d22f2a5850f0865a6abc9e7d602418cf34507c0fd127f9fb2672e714ee0
[2m2025-12-10T10:09:12.032155Z[0m [34mDEBUG[0m [2mhyper::client::pool[0m[2m:[0m reuse idle connection for ("http", 192.168.0.14:8545)
[2m2025-12-10T10:09:12.032190Z[0m [34mDEBUG[0m [2mhyper::proto::h1::io[0m[2m:[0m flushed 250 bytes
[2m2025-12-10T10:09:12.032218Z[0m [34mDEBUG[0m [2mhyper::client::pool[0m[2m:[0m reuse idle connection for ("http", 192.168.0.14:8545)
[2m2025-12-10T10:09:12.032233Z[0m [34mDEBUG[0m [2mhyper::proto::h1::io[0m[2m:[0m flushed 172 bytes
[2m2025-12-10T10:09:12.036447Z[0m [34mDEBUG[0m [2mhyper::proto::h1::io[0m[2m:[0m parsed 4 headers
[2m2025-12-10T10:09:12.036462Z[0m [34mDEBUG[0m [2mhyper::proto::h1::conn[0m[2m:[0m incoming body is content-length (714 bytes)
[2m2025-12-10T10:09:12.036471Z[0m [34mDEBUG[0m [2mhyper::proto::h1::conn[0m[2m:[0m incoming body completed
[2m2025-12-10T10:09:12.036481Z[0m [34mDEBUG[0m [2mhyper::client::pool[0m[2m:[0m pooling idle connection for ("http", 192.168.0.14:8545)
[2m2025-12-10T10:09:12.036488Z[0m [34mDEBUG[0m [2methereum_transaction_pool_monitor::eth_client[0m[2m:[0m 📡 Transaction fetch RPC completed in 4.350583ms
[2m2025-12-10T10:09:12.105402Z[0m [34mDEBUG[0m [2methereum_transaction_pool_monitor::eth_client[0m[2m:[0m ✅ Transaction 0x7d428d22f2a5850f0865a6abc9e7d602418cf34507c0fd127f9fb2672e714ee0 fetched and parsed in 73.262916ms
[2m2025-12-10T10:09:12.105425Z[0m [34mDEBUG[0m [2methereum_transaction_pool_monitor::mempool_monitor[0m[2m:[0m 🔍 Skipping tx 0x7d428d22f2a5850f0865a6abc9e7d602418cf34507c0fd127f9fb2672e714ee0 - not a DEX interaction (target: 0xd6FDFfa6Fa38a4cA7a2a218d6f5c6eA3F0261511)
[2m2025-12-10T10:09:12.105436Z[0m [34mDEBUG[0m [2methereum_transaction_pool_monitor::mempool_monitor[0m[2m:[0m 📨 Processing new pending transaction: 0xfea17d0ce29e574f1db20f0eef0fac7cb2da006a82dfc2d857aa9ee0e39e1257
[2m2025-12-10T10:09:12.105440Z[0m [34mDEBUG[0m [2methereum_transaction_pool_monitor::mempool_monitor[0m[2m:[0m 🔍 Fetching transaction details for: 0xfea17d0ce29e574f1db20f0eef0fac7cb2da006a82dfc2d857aa9ee0e39e1257
[2m2025-12-10T10:09:12.105444Z[0m [34mDEBUG[0m [2methereum_transaction_pool_monitor::eth_client[0m[2m:[0m 🔍 Fetching transaction details for hash: 0xfea17d0ce29e574f1db20f0eef0fac7cb2da006a82dfc2d857aa9ee0e39e1257
[2m2025-12-10T10:09:12.105466Z[0m [34mDEBUG[0m [2mhyper::client::pool[0m[2m:[0m reuse idle connection for ("http", 192.168.0.14:8545)
[2m2025-12-10T10:09:12.105499Z[0m [34mDEBUG[0m [2mhyper::proto::h1::io[0m[2m:[0m flushed 250 bytes
[2m2025-12-10T10:09:12.105519Z[0m [34mDEBUG[0m [2methereum_transaction_pool_monitor::eth_client[0m[2m:[0m 📨 Received WebSocket message: {"jsonrpc":"2.0","method":"eth_subscription","params":{"subscription":"0xbed0a0851463e895960a451075a301a9","result":"0x1b8e2e188fe77021f86567d648f7e93178519c3138f4e9d8c68bf483cd40f585"}}
[2m2025-12-10T10:09:12.105539Z[0m [34mDEBUG[0m [2mhyper::proto::h1::io[0m[2m:[0m parsed 4 headers
[2m2025-12-10T10:09:12.105548Z[0m [34mDEBUG[0m [2mhyper::proto::h1::conn[0m[2m:[0m incoming body is content-length (45 bytes)
[2m2025-12-10T10:09:12.105541Z[0m [34mDEBUG[0m [2methereum_transaction_pool_monitor::eth_client[0m[2m:[0m 📨 Received pending transaction: 0x1b8e2e188fe77021f86567d648f7e93178519c3138f4e9d8c68bf483cd40f585
[2m2025-12-10T10:09:12.105556Z[0m [34mDEBUG[0m [2mhyper::proto::h1::conn[0m[2m:[0m incoming body completed
[2m2025-12-10T10:09:12.105567Z[0m [34mDEBUG[0m [2mhyper::client::pool[0m[2m:[0m pooling idle connection for ("http", 192.168.0.14:8545)
[2m2025-12-10T10:09:12.105591Z[0m [34mDEBUG[0m [2mhyper::client::pool[0m[2m:[0m reuse idle connection for ("http", 192.168.0.14:8545)
[2m2025-12-10T10:09:12.105608Z[0m [34mDEBUG[0m [2mhyper::proto::h1::io[0m[2m:[0m flushed 172 bytes
[2m2025-12-10T10:09:12.110920Z[0m [34mDEBUG[0m [2mhyper::proto::h1::io[0m[2m:[0m parsed 4 headers
[2m2025-12-10T10:09:12.110932Z[0m [34mDEBUG[0m [2mhyper::proto::h1::conn[0m[2m:[0m incoming body is content-length (645 bytes)
[2m2025-12-10T10:09:12.110940Z[0m [34mDEBUG[0m [2mhyper::proto::h1::conn[0m[2m:[0m incoming body completed
[2m2025-12-10T10:09:12.110950Z[0m [34mDEBUG[0m [2mhyper::client::pool[0m[2m:[0m pooling idle connection for ("http", 192.168.0.14:8545)
[2m2025-12-10T10:09:12.110957Z[0m [34mDEBUG[0m [2methereum_transaction_pool_monitor::eth_client[0m[2m:[0m 📡 Transaction fetch RPC completed in 5.5095ms
[2m2025-12-10T10:09:12.184013Z[0m [34mDEBUG[0m [2methereum_transaction_pool_monitor::eth_client[0m[2m:[0m ✅ Transaction 0xfea17d0ce29e574f1db20f0eef0fac7cb2da006a82dfc2d857aa9ee0e39e1257 fetched and parsed in 78.563209ms
[2m2025-12-10T10:09:12.184045Z[0m [34mDEBUG[0m [2methereum_transaction_pool_monitor::mempool_monitor[0m[2m:[0m 🔍 Skipping tx 0xfea17d0ce29e574f1db20f0eef0fac7cb2da006a82dfc2d857aa9ee0e39e1257 - not a DEX interaction (target: 0xA566068F3DF812CDd838fB1CF16296d01930a0a3)
[2m2025-12-10T10:09:12.184057Z[0m [34mDEBUG[0m [2methereum_transaction_pool_monitor::mempool_monitor[0m[2m:[0m 📨 Processing new pending transaction: 0x2065f4cf25a4dbd1110c0f648ef11b3708f8636ace951f7eced732136a62c195
[2m2025-12-10T10:09:12.184063Z[0m [34mDEBUG[0m [2methereum_transaction_pool_monitor::mempool_monitor[0m[2m:[0m 🔍 Fetching transaction details for: 0x2065f4cf25a4dbd1110c0f648ef11b3708f8636ace951f7eced732136a62c195
[2m2025-12-10T10:09:12.184067Z[0m [34mDEBUG[0m [2methereum_transaction_pool_monitor::eth_client[0m[2m:[0m 🔍 Fetching transaction details for hash: 0x2065f4cf25a4dbd1110c0f648ef11b3708f8636ace951f7eced732136a62c195
[2m2025-12-10T10:09:12.184088Z[0m [34mDEBUG[0m [2mhyper::client::pool[0m[2m:[0m reuse idle connection for ("http", 192.168.0.14:8545)
[2m2025-12-10T10:09:12.184149Z[0m [34mDEBUG[0m [2mhyper::proto::h1::io[0m[2m:[0m flushed 250 bytes
[2m2025-12-10T10:09:12.184171Z[0m [34mDEBUG[0m [2methereum_transaction_pool_monitor::eth_client[0m[2m:[0m 📨 Received WebSocket message: {"jsonrpc":"2.0","method":"eth_subscription","params":{"subscription":"0xbed0a0851463e895960a451075a301a9","result":"0x3f114dbb86d993de17ccbde66fac44fbd79bf3dc252f6e6094dc662a27a65e08"}}
[2m2025-12-10T10:09:12.184180Z[0m [34mDEBUG[0m [2methereum_transaction_pool_monitor::eth_client[0m[2m:[0m 📨 Received pending transaction: 0x3f114dbb86d993de17ccbde66fac44fbd79bf3dc252f6e6094dc662a27a65e08
[2m2025-12-10T10:09:12.184191Z[0m [34mDEBUG[0m [2methereum_transaction_pool_monitor::eth_client[0m[2m:[0m 📨 Received WebSocket message: {"jsonrpc":"2.0","method":"eth_subscription","params":{"subscription":"0xbed0a0851463e895960a451075a301a9","result":"0x41f362529f5ca10ab70e6f99e49618379850e766d1b71482376084afb9e5d9a6"}}
[2m2025-12-10T10:09:12.184198Z[0m [34mDEBUG[0m [2methereum_transaction_pool_monitor::eth_client[0m[2m:[0m 📨 Received pending transaction: 0x41f362529f5ca10ab70e6f99e49618379850e766d1b71482376084afb9e5d9a6
[2m2025-12-10T10:09:12.184225Z[0m [34mDEBUG[0m [2mhyper::proto::h1::io[0m[2m:[0m parsed 4 headers
[2m2025-12-10T10:09:12.184268Z[0m [34mDEBUG[0m [2mhyper::proto::h1::conn[0m[2m:[0m incoming body is content-length (45 bytes)
[2m2025-12-10T10:09:12.184279Z[0m [34mDEBUG[0m [2mhyper::proto::h1::conn[0m[2m:[0m incoming body completed
[2m2025-12-10T10:09:12.184289Z[0m [34mDEBUG[0m [2mhyper::client::pool[0m[2m:[0m pooling idle connection for ("http", 192.168.0.14:8545)
[2m2025-12-10T10:09:12.188469Z[0m [34mDEBUG[0m [2mhyper::proto::h1::io[0m[2m:[0m parsed 4 headers
[2m2025-12-10T10:09:12.188481Z[0m [34mDEBUG[0m [2mhyper::proto::h1::conn[0m[2m:[0m incoming body is content-length (713 bytes)
[2m2025-12-10T10:09:12.188487Z[0m [34mDEBUG[0m [2mhyper::proto::h1::conn[0m[2m:[0m incoming body completed
[2m2025-12-10T10:09:12.188497Z[0m [34mDEBUG[0m [2mhyper::client::pool[0m[2m:[0m pooling idle connection for ("http", 192.168.0.14:8545)
[2m2025-12-10T10:09:12.188502Z[0m [34mDEBUG[0m [2methereum_transaction_pool_monitor::eth_client[0m[2m:[0m 📡 Transaction fetch RPC completed in 4.431416ms
[2m2025-12-10T10:09:12.260745Z[0m [34mDEBUG[0m [2methereum_transaction_pool_monitor::eth_client[0m[2m:[0m ✅ Transaction 0x2065f4cf25a4dbd1110c0f648ef11b3708f8636ace951f7eced732136a62c195 fetched and parsed in 76.671791ms
[2m2025-12-10T10:09:12.260772Z[0m [34mDEBUG[0m [2methereum_transaction_pool_monitor::mempool_monitor[0m[2m:[0m 🔍 Skipping tx 0x2065f4cf25a4dbd1110c0f648ef11b3708f8636ace951f7eced732136a62c195 - not a DEX interaction (target: 0x11EFfA155c7D7Ff42C2B1f4119479eEf263F8a05)
[2m2025-12-10T10:09:12.260783Z[0m [34mDEBUG[0m [2methereum_transaction_pool_monitor::mempool_monitor[0m[2m:[0m 📨 Processing new pending transaction: 0x7b37a82aa5315f15abd9340cc40438a3f105c99af1a9804c8c198f99a9936964
[2m2025-12-10T10:09:12.260789Z[0m [34mDEBUG[0m [2methereum_transaction_pool_monitor::mempool_monitor[0m[2m:[0m 🔍 Fetching transaction details for: 0x7b37a82aa5315f15abd9340cc40438a3f105c99af1a9804c8c198f99a9936964
[2m2025-12-10T10:09:12.260794Z[0m [34mDEBUG[0m [2methereum_transaction_pool_monitor::eth_client[0m[2m:[0m 🔍 Fetching transaction details for hash: 0x7b37a82aa5315f15abd9340cc40438a3f105c99af1a9804c8c198f99a9936964
[2m2025-12-10T10:09:12.260816Z[0m [34mDEBUG[0m [2mhyper::client::pool[0m[2m:[0m reuse idle connection for ("http", 192.168.0.14:8545)
[2m2025-12-10T10:09:12.260874Z[0m [34mDEBUG[0m [2mhyper::proto::h1::io[0m[2m:[0m flushed 250 bytes
[2m2025-12-10T10:09:12.260902Z[0m [34mDEBUG[0m [2mhyper::client::pool[0m[2m:[0m reuse idle connection for ("http", 192.168.0.14:8545)
[2m2025-12-10T10:09:12.260917Z[0m [34mDEBUG[0m [2mhyper::proto::h1::io[0m[2m:[0m flushed 172 bytes
[2m2025-12-10T10:09:12.264931Z[0m [34mDEBUG[0m [2mhyper::proto::h1::io[0m[2m:[0m parsed 4 headers
[2m2025-12-10T10:09:12.264961Z[0m [34mDEBUG[0m [2mhyper::proto::h1::conn[0m[2m:[0m incoming body is content-length (45 bytes)
[2m2025-12-10T10:09:12.264986Z[0m [34mDEBUG[0m [2mhyper::proto::h1::conn[0m[2m:[0m incoming body completed
[2m2025-12-10T10:09:12.264996Z[0m [34mDEBUG[0m [2mhyper::client::pool[0m[2m:[0m pooling idle connection for ("http", 192.168.0.14:8545)
[2m2025-12-10T10:09:12.270271Z[0m [34mDEBUG[0m [2mhyper::proto::h1::io[0m[2m:[0m parsed 4 headers
[2m2025-12-10T10:09:12.270279Z[0m [34mDEBUG[0m [2mhyper::proto::h1::conn[0m[2m:[0m incoming body is content-length (780 bytes)
[2m2025-12-10T10:09:12.270285Z[0m [34mDEBUG[0m [2mhyper::proto::h1::conn[0m[2m:[0m incoming body completed
[2m2025-12-10T10:09:12.270293Z[0m [34mDEBUG[0m [2mhyper::client::pool[0m[2m:[0m pooling idle connection for ("http", 192.168.0.14:8545)
[2m2025-12-10T10:09:12.270298Z[0m [34mDEBUG[0m [2methereum_transaction_pool_monitor::eth_client[0m[2m:[0m 📡 Transaction fetch RPC completed in 9.500333ms
[2m2025-12-10T10:09:12.270313Z[0m [34mDEBUG[0m [2methereum_transaction_pool_monitor::eth_client[0m[2m:[0m DeFi transaction detected - Address: 0xc02aaa39b223fe8d0a0e5c4f27ead9083c756cc2, Type: TokenContract, Value: 0 ETH, Gas: 1507.00 Gwei
[2m2025-12-10T10:09:12.270324Z[0m [34mDEBUG[0m [2methereum_transaction_pool_monitor::eth_client[0m[2m:[0m ✅ Transaction 0x7b37a82aa5315f15abd9340cc40438a3f105c99af1a9804c8c198f99a9936964 fetched and parsed in 9.526417ms
[2m2025-12-10T10:09:12.270330Z[0m [34mDEBUG[0m [2methereum_transaction_pool_monitor::mempool_monitor[0m[2m:[0m 🔍 Skipping tx 0x7b37a82aa5315f15abd9340cc40438a3f105c99af1a9804c8c198f99a9936964 - not a DEX interaction (target: 0xC02aaA39b223FE8D0A0e5C4F27eAD9083C756Cc2)
[2m2025-12-10T10:09:12.270336Z[0m [34mDEBUG[0m [2methereum_transaction_pool_monitor::mempool_monitor[0m[2m:[0m 📨 Processing new pending transaction: 0xaff86959a494505a2cb5a3d73c4cf81b99f2985ef6106311405cefab96e01270
[2m2025-12-10T10:09:12.270340Z[0m [34mDEBUG[0m [2methereum_transaction_pool_monitor::mempool_monitor[0m[2m:[0m 🔍 Fetching transaction details for: 0xaff86959a494505a2cb5a3d73c4cf81b99f2985ef6106311405cefab96e01270
[2m2025-12-10T10:09:12.270343Z[0m [34mDEBUG[0m [2methereum_transaction_pool_monitor::eth_client[0m[2m:[0m 🔍 Fetching transaction details for hash: 0xaff86959a494505a2cb5a3d73c4cf81b99f2985ef6106311405cefab96e01270
[2m2025-12-10T10:09:12.270356Z[0m [34mDEBUG[0m [2mhyper::client::pool[0m[2m:[0m reuse idle connection for ("http", 192.168.0.14:8545)
[2m2025-12-10T10:09:12.270374Z[0m [34mDEBUG[0m [2mhyper::proto::h1::io[0m[2m:[0m flushed 250 bytes
[2m2025-12-10T10:09:12.274057Z[0m [34mDEBUG[0m [2mhyper::proto::h1::io[0m[2m:[0m parsed 4 headers
[2m2025-12-10T10:09:12.274070Z[0m [34mDEBUG[0m [2mhyper::proto::h1::conn[0m[2m:[0m incoming body is content-length (776 bytes)
[2m2025-12-10T10:09:12.274077Z[0m [34mDEBUG[0m [2mhyper::proto::h1::conn[0m[2m:[0m incoming body completed
[2m2025-12-10T10:09:12.274085Z[0m [34mDEBUG[0m [2mhyper::client::pool[0m[2m:[0m pooling idle connection for ("http", 192.168.0.14:8545)
[2m2025-12-10T10:09:12.274091Z[0m [34mDEBUG[0m [2methereum_transaction_pool_monitor::eth_client[0m[2m:[0m 📡 Transaction fetch RPC completed in 3.744417ms
[2m2025-12-10T10:09:12.274106Z[0m [34mDEBUG[0m [2methereum_transaction_pool_monitor::eth_client[0m[2m:[0m DeFi transaction detected - Address: 0x514910771af9ca656af840dff83e8264ecf986ca, Type: TokenContract, Value: 0 ETH, Gas: 1.47 Gwei
[2m2025-12-10T10:09:12.274117Z[0m [34mDEBUG[0m [2methereum_transaction_pool_monitor::eth_client[0m[2m:[0m ✅ Transaction 0xaff86959a494505a2cb5a3d73c4cf81b99f2985ef6106311405cefab96e01270 fetched and parsed in 3.770292ms
[2m2025-12-10T10:09:12.274123Z[0m [34mDEBUG[0m [2methereum_transaction_pool_monitor::mempool_monitor[0m[2m:[0m 🔍 Skipping tx 0xaff86959a494505a2cb5a3d73c4cf81b99f2985ef6106311405cefab96e01270 - not a DEX interaction (target: 0x514910771AF9Ca656af840dff83E8264EcF986CA)
[2m2025-12-10T10:09:12.274131Z[0m [34mDEBUG[0m [2methereum_transaction_pool_monitor::mempool_monitor[0m[2m:[0m 📨 Processing new pending transaction: 0x540599c3218d0b5d886eba7e260357b9c8342b252ebc2e89979e5bcd936b05f8
[2m2025-12-10T10:09:12.274135Z[0m [34mDEBUG[0m [2methereum_transaction_pool_monitor::mempool_monitor[0m[2m:[0m 🔍 Fetching transaction details for: 0x540599c3218d0b5d886eba7e260357b9c8342b252ebc2e89979e5bcd936b05f8
[2m2025-12-10T10:09:12.274139Z[0m [34mDEBUG[0m [2methereum_transaction_pool_monitor::eth_client[0m[2m:[0m 🔍 Fetching transaction details for hash: 0x540599c3218d0b5d886eba7e260357b9c8342b252ebc2e89979e5bcd936b05f8
[2m2025-12-10T10:09:12.274150Z[0m [34mDEBUG[0m [2mhyper::client::pool[0m[2m:[0m reuse idle connection for ("http", 192.168.0.14:8545)
[2m2025-12-10T10:09:12.274174Z[0m [34mDEBUG[0m [2mhyper::proto::h1::io[0m[2m:[0m flushed 250 bytes
[2m2025-12-10T10:09:12.278631Z[0m [34mDEBUG[0m [2mhyper::proto::h1::io[0m[2m:[0m parsed 4 headers
[2m2025-12-10T10:09:12.278650Z[0m [34mDEBUG[0m [2mhyper::proto::h1::conn[0m[2m:[0m incoming body is content-length (768 bytes)
[2m2025-12-10T10:09:12.278659Z[0m [34mDEBUG[0m [2mhyper::proto::h1::conn[0m[2m:[0m incoming body completed
[2m2025-12-10T10:09:12.278669Z[0m [34mDEBUG[0m [2mhyper::client::pool[0m[2m:[0m pooling idle connection for ("http", 192.168.0.14:8545)
[2m2025-12-10T10:09:12.278676Z[0m [34mDEBUG[0m [2methereum_transaction_pool_monitor::eth_client[0m[2m:[0m 📡 Transaction fetch RPC completed in 4.533917ms
[2m2025-12-10T10:09:12.353517Z[0m [34mDEBUG[0m [2methereum_transaction_pool_monitor::eth_client[0m[2m:[0m ✅ Transaction 0x540599c3218d0b5d886eba7e260357b9c8342b252ebc2e89979e5bcd936b05f8 fetched and parsed in 79.371375ms
[2m2025-12-10T10:09:12.353545Z[0m [34mDEBUG[0m [2methereum_transaction_pool_monitor::mempool_monitor[0m[2m:[0m 🔍 Skipping tx 0x540599c3218d0b5d886eba7e260357b9c8342b252ebc2e89979e5bcd936b05f8 - not a DEX interaction (target: 0xA0b86991c6218b36c1d19D4a2e9Eb0cE3606eB48)
[2m2025-12-10T10:09:12.353555Z[0m [34mDEBUG[0m [2methereum_transaction_pool_monitor::mempool_monitor[0m[2m:[0m 📨 Processing new pending transaction: 0x57f1da76aa591d50a3252f313ff9d2de6310b054f3dd63881a1d662a695e1ec0
[2m2025-12-10T10:09:12.353559Z[0m [34mDEBUG[0m [2methereum_transaction_pool_monitor::mempool_monitor[0m[2m:[0m 🔍 Fetching transaction details for: 0x57f1da76aa591d50a3252f313ff9d2de6310b054f3dd63881a1d662a695e1ec0
[2m2025-12-10T10:09:12.353563Z[0m [34mDEBUG[0m [2methereum_transaction_pool_monitor::eth_client[0m[2m:[0m 🔍 Fetching transaction details for hash: 0x57f1da76aa591d50a3252f313ff9d2de6310b054f3dd63881a1d662a695e1ec0
[2m2025-12-10T10:09:12.353583Z[0m [34mDEBUG[0m [2mhyper::client::pool[0m[2m:[0m reuse idle connection for ("http", 192.168.0.14:8545)
[2m2025-12-10T10:09:12.353630Z[0m [34mDEBUG[0m [2mhyper::proto::h1::io[0m[2m:[0m flushed 250 bytes
[2m2025-12-10T10:09:12.353652Z[0m [34mDEBUG[0m [2mhyper::client::pool[0m[2m:[0m reuse idle connection for ("http", 192.168.0.14:8545)
[2m2025-12-10T10:09:12.353666Z[0m [34mDEBUG[0m [2mhyper::proto::h1::io[0m[2m:[0m flushed 172 bytes
[2m2025-12-10T10:09:12.353672Z[0m [34mDEBUG[0m [2methereum_transaction_pool_monitor::eth_client[0m[2m:[0m 📨 Received WebSocket message: {"jsonrpc":"2.0","method":"eth_subscription","params":{"subscription":"0xbed0a0851463e895960a451075a301a9","result":"0xc0107396c53c5e7e1ef89fe358db8fa9712fa72c815fe126b5da362ac4a12b74"}}
[2m2025-12-10T10:09:12.353716Z[0m [34mDEBUG[0m [2methereum_transaction_pool_monitor::eth_client[0m[2m:[0m 📨 Received pending transaction: 0xc0107396c53c5e7e1ef89fe358db8fa9712fa72c815fe126b5da362ac4a12b74
[2m2025-12-10T10:09:12.353730Z[0m [34mDEBUG[0m [2methereum_transaction_pool_monitor::eth_client[0m[2m:[0m 📨 Received WebSocket message: {"jsonrpc":"2.0","method":"eth_subscription","params":{"subscription":"0xbed0a0851463e895960a451075a301a9","result":"0x8b4c8df4bb8a7ef1ba13e01ef43b0f257e49450df54edcbe690d377322da25b1"}}
[2m2025-12-10T10:09:12.353740Z[0m [34mDEBUG[0m [2methereum_transaction_pool_monitor::eth_client[0m[2m:[0m 📨 Received pending transaction: 0x8b4c8df4bb8a7ef1ba13e01ef43b0f257e49450df54edcbe690d377322da25b1
[2m2025-12-10T10:09:12.360002Z[0m [34mDEBUG[0m [2methereum_transaction_pool_monitor::eth_client[0m[2m:[0m 📨 Received WebSocket message: {"jsonrpc":"2.0","method":"eth_subscription","params":{"subscription":"0xbed0a0851463e895960a451075a301a9","result":"0x598f60ff1d479fa658140a9afb3b0463a51c46a4dc55ce91d6137316a66ab2a7"}}
[2m2025-12-10T10:09:12.360007Z[0m [34mDEBUG[0m [2mhyper::proto::h1::io[0m[2m:[0m parsed 4 headers
[2m2025-12-10T10:09:12.360006Z[0m [34mDEBUG[0m [2mhyper::proto::h1::io[0m[2m:[0m parsed 4 headers
[2m2025-12-10T10:09:12.360058Z[0m [34mDEBUG[0m [2mhyper::proto::h1::conn[0m[2m:[0m incoming body is content-length (45 bytes)
[2m2025-12-10T10:09:12.360057Z[0m [34mDEBUG[0m [2methereum_transaction_pool_monitor::eth_client[0m[2m:[0m 📨 Received pending transaction: 0x598f60ff1d479fa658140a9afb3b0463a51c46a4dc55ce91d6137316a66ab2a7
[2m2025-12-10T10:09:12.360069Z[0m [34mDEBUG[0m [2mhyper::proto::h1::conn[0m[2m:[0m incoming body is content-length (1731 bytes)
[2m2025-12-10T10:09:12.360083Z[0m [34mDEBUG[0m [2mhyper::proto::h1::conn[0m[2m:[0m incoming body completed
[2m2025-12-10T10:09:12.360091Z[0m [34mDEBUG[0m [2mhyper::proto::h1::conn[0m[2m:[0m incoming body completed
[2m2025-12-10T10:09:12.360106Z[0m [34mDEBUG[0m [2mhyper::client::pool[0m[2m:[0m pooling idle connection for ("http", 192.168.0.14:8545)
[2m2025-12-10T10:09:12.360107Z[0m [34mDEBUG[0m [2mhyper::client::pool[0m[2m:[0m pooling idle connection for ("http", 192.168.0.14:8545)
[2m2025-12-10T10:09:12.360130Z[0m [34mDEBUG[0m [2methereum_transaction_pool_monitor::eth_client[0m[2m:[0m 📡 Transaction fetch RPC completed in 6.562041ms
[2m2025-12-10T10:09:12.397148Z[0m [34mDEBUG[0m [2mhyper::client::pool[0m[2m:[0m reuse idle connection for ("http", 192.168.0.14:8545)
[2m2025-12-10T10:09:12.397212Z[0m [34mDEBUG[0m [2mhyper::proto::h1::io[0m[2m:[0m flushed 172 bytes
[2m2025-12-10T10:09:12.400667Z[0m [34mDEBUG[0m [2mhyper::proto::h1::io[0m[2m:[0m parsed 4 headers
[2m2025-12-10T10:09:12.400674Z[0m [34mDEBUG[0m [2mhyper::proto::h1::conn[0m[2m:[0m incoming body is content-length (45 bytes)
[2m2025-12-10T10:09:12.400683Z[0m [34mDEBUG[0m [2mhyper::proto::h1::conn[0m[2m:[0m incoming body completed
[2m2025-12-10T10:09:12.400691Z[0m [34mDEBUG[0m [2mhyper::client::pool[0m[2m:[0m pooling idle connection for ("http", 192.168.0.14:8545)
[2m2025-12-10T10:09:12.427819Z[0m [34mDEBUG[0m [2methereum_transaction_pool_monitor::eth_client[0m[2m:[0m ✅ Transaction 0x57f1da76aa591d50a3252f313ff9d2de6310b054f3dd63881a1d662a695e1ec0 fetched and parsed in 74.249666ms
[2m2025-12-10T10:09:12.427840Z[0m [34mDEBUG[0m [2methereum_transaction_pool_monitor::mempool_monitor[0m[2m:[0m 🔍 Skipping tx 0x57f1da76aa591d50a3252f313ff9d2de6310b054f3dd63881a1d662a695e1ec0 - not a DEX interaction (target: 0x601a2aD6CB5949f0529735254189Ba3194221EDF)
[2m2025-12-10T10:09:12.427850Z[0m [34mDEBUG[0m [2methereum_transaction_pool_monitor::mempool_monitor[0m[2m:[0m 📨 Processing new pending transaction: 0xdca2e281199e1a3fddd5f1141c3948afec530b52e0abd912b3b7729de6056575
[2m2025-12-10T10:09:12.427854Z[0m [34mDEBUG[0m [2methereum_transaction_pool_monitor::mempool_monitor[0m[2m:[0m 🔍 Fetching transaction details for: 0xdca2e281199e1a3fddd5f1141c3948afec530b52e0abd912b3b7729de6056575
[2m2025-12-10T10:09:12.427858Z[0m [34mDEBUG[0m [2methereum_transaction_pool_monitor::eth_client[0m[2m:[0m 🔍 Fetching transaction details for hash: 0xdca2e281199e1a3fddd5f1141c3948afec530b52e0abd912b3b7729de6056575
[2m2025-12-10T10:09:12.427877Z[0m [34mDEBUG[0m [2mhyper::client::pool[0m[2m:[0m reuse idle connection for ("http", 192.168.0.14:8545)
[2m2025-12-10T10:09:12.427915Z[0m [34mDEBUG[0m [2mhyper::proto::h1::io[0m[2m:[0m flushed 250 bytes
[2m2025-12-10T10:09:12.434190Z[0m [34mDEBUG[0m [2mhyper::proto::h1::io[0m[2m:[0m parsed 4 headers
[2m2025-12-10T10:09:12.434201Z[0m [34mDEBUG[0m [2mhyper::proto::h1::conn[0m[2m:[0m incoming body is content-length (1795 bytes)
[2m2025-12-10T10:09:12.434211Z[0m [34mDEBUG[0m [2mhyper::proto::h1::conn[0m[2m:[0m incoming body completed
[2m2025-12-10T10:09:12.434222Z[0m [34mDEBUG[0m [2mhyper::client::pool[0m[2m:[0m pooling idle connection for ("http", 192.168.0.14:8545)
[2m2025-12-10T10:09:12.434230Z[0m [34mDEBUG[0m [2methereum_transaction_pool_monitor::eth_client[0m[2m:[0m 📡 Transaction fetch RPC completed in 6.36825ms
[2m2025-12-10T10:09:12.505535Z[0m [34mDEBUG[0m [2methereum_transaction_pool_monitor::eth_client[0m[2m:[0m ✅ Transaction 0xdca2e281199e1a3fddd5f1141c3948afec530b52e0abd912b3b7729de6056575 fetched and parsed in 77.669792ms
[2m2025-12-10T10:09:12.505563Z[0m [34mDEBUG[0m [2methereum_transaction_pool_monitor::mempool_monitor[0m[2m:[0m 🔍 Skipping tx 0xdca2e281199e1a3fddd5f1141c3948afec530b52e0abd912b3b7729de6056575 - not a DEX interaction (target: 0xa6B71E26C5e0845f74c812102Ca7114b6a896AB2)
[2m2025-12-10T10:09:12.505573Z[0m [34mDEBUG[0m [2methereum_transaction_pool_monitor::mempool_monitor[0m[2m:[0m 📨 Processing new pending transaction: 0xc0930e1d9fc2c29f6a98c727fdaddb042997c2a2c0cb20184ce389082e056732
[2m2025-12-10T10:09:12.505579Z[0m [34mDEBUG[0m [2methereum_transaction_pool_monitor::mempool_monitor[0m[2m:[0m 🔍 Fetching transaction details for: 0xc0930e1d9fc2c29f6a98c727fdaddb042997c2a2c0cb20184ce389082e056732
[2m2025-12-10T10:09:12.505583Z[0m [34mDEBUG[0m [2methereum_transaction_pool_monitor::eth_client[0m[2m:[0m 🔍 Fetching transaction details for hash: 0xc0930e1d9fc2c29f6a98c727fdaddb042997c2a2c0cb20184ce389082e056732
[2m2025-12-10T10:09:12.505612Z[0m [34mDEBUG[0m [2mhyper::client::pool[0m[2m:[0m reuse idle connection for ("http", 192.168.0.14:8545)
[2m2025-12-10T10:09:12.505644Z[0m [34mDEBUG[0m [2mhyper::proto::h1::io[0m[2m:[0m flushed 250 bytes
[2m2025-12-10T10:09:12.505675Z[0m [34mDEBUG[0m [2mhyper::client::pool[0m[2m:[0m reuse idle connection for ("http", 192.168.0.14:8545)
[2m2025-12-10T10:09:12.505690Z[0m [34mDEBUG[0m [2mhyper::proto::h1::io[0m[2m:[0m flushed 172 bytes
[2m2025-12-10T10:09:12.509355Z[0m [34mDEBUG[0m [2mhyper::proto::h1::io[0m[2m:[0m parsed 4 headers
[2m2025-12-10T10:09:12.509365Z[0m [34mDEBUG[0m [2mhyper::proto::h1::conn[0m[2m:[0m incoming body is content-length (45 bytes)
[2m2025-12-10T10:09:12.509377Z[0m [34mDEBUG[0m [2mhyper::proto::h1::conn[0m[2m:[0m incoming body completed
[2m2025-12-10T10:09:12.509390Z[0m [34mDEBUG[0m [2mhyper::client::pool[0m[2m:[0m pooling idle connection for ("http", 192.168.0.14:8545)
[2m2025-12-10T10:09:12.509956Z[0m [34mDEBUG[0m [2mhyper::proto::h1::io[0m[2m:[0m parsed 4 headers
[2m2025-12-10T10:09:12.509967Z[0m [34mDEBUG[0m [2mhyper::proto::h1::conn[0m[2m:[0m incoming body is content-length (644 bytes)
[2m2025-12-10T10:09:12.509973Z[0m [34mDEBUG[0m [2mhyper::proto::h1::conn[0m[2m:[0m incoming body completed
[2m2025-12-10T10:09:12.509981Z[0m [34mDEBUG[0m [2mhyper::client::pool[0m[2m:[0m pooling idle connection for ("http", 192.168.0.14:8545)
[2m2025-12-10T10:09:12.509989Z[0m [34mDEBUG[0m [2methereum_transaction_pool_monitor::eth_client[0m[2m:[0m 📡 Transaction fetch RPC completed in 4.399583ms
[2m2025-12-10T10:09:12.581948Z[0m [34mDEBUG[0m [2methereum_transaction_pool_monitor::eth_client[0m[2m:[0m ✅ Transaction 0xc0930e1d9fc2c29f6a98c727fdaddb042997c2a2c0cb20184ce389082e056732 fetched and parsed in 76.354958ms
[2m2025-12-10T10:09:12.581986Z[0m [34mDEBUG[0m [2methereum_transaction_pool_monitor::mempool_monitor[0m[2m:[0m 🔍 Skipping tx 0xc0930e1d9fc2c29f6a98c727fdaddb042997c2a2c0cb20184ce389082e056732 - not a DEX interaction (target: 0x17E5545B11b468072283Cee1F066a059Fb0dbF24)
[2m2025-12-10T10:09:12.582000Z[0m [34mDEBUG[0m [2methereum_transaction_pool_monitor::mempool_monitor[0m[2m:[0m 📨 Processing new pending transaction: 0x263cb2a7fac22eaee5024e0fde723209e5e85e8fa417fd60159213a7c48251d0
[2m2025-12-10T10:09:12.582006Z[0m [34mDEBUG[0m [2methereum_transaction_pool_monitor::mempool_monitor[0m[2m:[0m 🔍 Fetching transaction details for: 0x263cb2a7fac22eaee5024e0fde723209e5e85e8fa417fd60159213a7c48251d0
[2m2025-12-10T10:09:12.582010Z[0m [34mDEBUG[0m [2methereum_transaction_pool_monitor::eth_client[0m[2m:[0m 🔍 Fetching transaction details for hash: 0x263cb2a7fac22eaee5024e0fde723209e5e85e8fa417fd60159213a7c48251d0
[2m2025-12-10T10:09:12.582035Z[0m [34mDEBUG[0m [2mhyper::client::pool[0m[2m:[0m reuse idle connection for ("http", 192.168.0.14:8545)
[2m2025-12-10T10:09:12.582094Z[0m [34mDEBUG[0m [2mhyper::proto::h1::io[0m[2m:[0m flushed 250 bytes
[2m2025-12-10T10:09:12.592905Z[0m [34mDEBUG[0m [2mhyper::proto::h1::io[0m[2m:[0m parsed 4 headers
[2m2025-12-10T10:09:12.592913Z[0m [34mDEBUG[0m [2mhyper::proto::h1::conn[0m[2m:[0m incoming body is content-length (553 bytes)
[2m2025-12-10T10:09:12.592920Z[0m [34mDEBUG[0m [2mhyper::proto::h1::conn[0m[2m:[0m incoming body completed
[2m2025-12-10T10:09:12.592928Z[0m [34mDEBUG[0m [2mhyper::client::pool[0m[2m:[0m pooling idle connection for ("http", 192.168.0.14:8545)
[2m2025-12-10T10:09:12.592933Z[0m [34mDEBUG[0m [2methereum_transaction_pool_monitor::eth_client[0m[2m:[0m 📡 Transaction fetch RPC completed in 10.919209ms
[2m2025-12-10T10:09:12.662316Z[0m [34mDEBUG[0m [2methereum_transaction_pool_monitor::eth_client[0m[2m:[0m ✅ Transaction 0x263cb2a7fac22eaee5024e0fde723209e5e85e8fa417fd60159213a7c48251d0 fetched and parsed in 80.300042ms
[2m2025-12-10T10:09:12.662347Z[0m [34mDEBUG[0m [2methereum_transaction_pool_monitor::mempool_monitor[0m[2m:[0m 🔍 Skipping tx 0x263cb2a7fac22eaee5024e0fde723209e5e85e8fa417fd60159213a7c48251d0 - not a DEX interaction (target: 0x5b71D5FD6bb118665582dd87922bF3B9De6c75F9)
[2m2025-12-10T10:09:12.662358Z[0m [34mDEBUG[0m [2methereum_transaction_pool_monitor::mempool_monitor[0m[2m:[0m 📨 Processing new pending transaction: 0xee34f6860ed61ecdec4b168f72466269f866c9cc433f61c53efceb26e3f152ce
[2m2025-12-10T10:09:12.662364Z[0m [34mDEBUG[0m [2methereum_transaction_pool_monitor::mempool_monitor[0m[2m:[0m 🔍 Fetching transaction details for: 0xee34f6860ed61ecdec4b168f72466269f866c9cc433f61c53efceb26e3f152ce
[2m2025-12-10T10:09:12.662370Z[0m [34mDEBUG[0m [2methereum_transaction_pool_monitor::eth_client[0m[2m:[0m 🔍 Fetching transaction details for hash: 0xee34f6860ed61ecdec4b168f72466269f866c9cc433f61c53efceb26e3f152ce
[2m2025-12-10T10:09:12.662391Z[0m [34mDEBUG[0m [2mhyper::client::pool[0m[2m:[0m reuse idle connection for ("http", 192.168.0.14:8545)
[2m2025-12-10T10:09:12.662435Z[0m [34mDEBUG[0m [2mhyper::proto::h1::io[0m[2m:[0m flushed 250 bytes
[2m2025-12-10T10:09:12.662469Z[0m [34mDEBUG[0m [2mhyper::client::pool[0m[2m:[0m reuse idle connection for ("http", 192.168.0.14:8545)
[2m2025-12-10T10:09:12.662490Z[0m [34mDEBUG[0m [2mhyper::proto::h1::io[0m[2m:[0m flushed 172 bytes
[2m2025-12-10T10:09:12.666258Z[0m [34mDEBUG[0m [2mhyper::proto::h1::io[0m[2m:[0m parsed 4 headers
[2m2025-12-10T10:09:12.666283Z[0m [34mDEBUG[0m [2mhyper::proto::h1::conn[0m[2m:[0m incoming body is content-length (45 bytes)
[2m2025-12-10T10:09:12.666319Z[0m [34mDEBUG[0m [2mhyper::proto::h1::conn[0m[2m:[0m incoming body completed
[2m2025-12-10T10:09:12.666328Z[0m [34mDEBUG[0m [2mhyper::client::pool[0m[2m:[0m pooling idle connection for ("http", 192.168.0.14:8545)
[2m2025-12-10T10:09:12.666889Z[0m [34mDEBUG[0m [2mhyper::proto::h1::io[0m[2m:[0m parsed 4 headers
[2m2025-12-10T10:09:12.666893Z[0m [34mDEBUG[0m [2mhyper::proto::h1::conn[0m[2m:[0m incoming body is content-length (771 bytes)
[2m2025-12-10T10:09:12.666898Z[0m [34mDEBUG[0m [2mhyper::proto::h1::conn[0m[2m:[0m incoming body completed
[2m2025-12-10T10:09:12.666902Z[0m [34mDEBUG[0m [2mhyper::client::pool[0m[2m:[0m pooling idle connection for ("http", 192.168.0.14:8545)
[2m2025-12-10T10:09:12.666906Z[0m [34mDEBUG[0m [2methereum_transaction_pool_monitor::eth_client[0m[2m:[0m 📡 Transaction fetch RPC completed in 4.532416ms
[2m2025-12-10T10:09:12.736460Z[0m [34mDEBUG[0m [2methereum_transaction_pool_monitor::eth_client[0m[2m:[0m ✅ Transaction 0xee34f6860ed61ecdec4b168f72466269f866c9cc433f61c53efceb26e3f152ce fetched and parsed in 74.084ms
[2m2025-12-10T10:09:12.736484Z[0m [34mDEBUG[0m [2methereum_transaction_pool_monitor::mempool_monitor[0m[2m:[0m 🔍 Skipping tx 0xee34f6860ed61ecdec4b168f72466269f866c9cc433f61c53efceb26e3f152ce - not a DEX interaction (target: 0xB8f28C60dD8240141185a192fa4156A23E189305)
[2m2025-12-10T10:09:12.736494Z[0m [34mDEBUG[0m [2methereum_transaction_pool_monitor::mempool_monitor[0m[2m:[0m 📨 Processing new pending transaction: 0xa2bffdb06152e23055e8b8bcbc52f94dfaa35dad16b85b3c6d0221c6597e736a
[2m2025-12-10T10:09:12.736501Z[0m [34mDEBUG[0m [2methereum_transaction_pool_monitor::mempool_monitor[0m[2m:[0m 🔍 Fetching transaction details for: 0xa2bffdb06152e23055e8b8bcbc52f94dfaa35dad16b85b3c6d0221c6597e736a
[2m2025-12-10T10:09:12.736505Z[0m [34mDEBUG[0m [2methereum_transaction_pool_monitor::eth_client[0m[2m:[0m 🔍 Fetching transaction details for hash: 0xa2bffdb06152e23055e8b8bcbc52f94dfaa35dad16b85b3c6d0221c6597e736a
[2m2025-12-10T10:09:12.736525Z[0m [34mDEBUG[0m [2mhyper::client::pool[0m[2m:[0m reuse idle connection for ("http", 192.168.0.14:8545)
[2m2025-12-10T10:09:12.736573Z[0m [34mDEBUG[0m [2mhyper::proto::h1::io[0m[2m:[0m flushed 250 bytes
[2m2025-12-10T10:09:12.736601Z[0m [34mDEBUG[0m [2mhyper::client::pool[0m[2m:[0m reuse idle connection for ("http", 192.168.0.14:8545)
[2m2025-12-10T10:09:12.736614Z[0m [34mDEBUG[0m [2mhyper::proto::h1::io[0m[2m:[0m flushed 172 bytes
[2m2025-12-10T10:09:12.740513Z[0m [34mDEBUG[0m [2mhyper::proto::h1::io[0m[2m:[0m parsed 4 headers
[2m2025-12-10T10:09:12.740519Z[0m [34mDEBUG[0m [2mhyper::proto::h1::conn[0m[2m:[0m incoming body is content-length (45 bytes)
[2m2025-12-10T10:09:12.740530Z[0m [34mDEBUG[0m [2mhyper::proto::h1::conn[0m[2m:[0m incoming body completed
[2m2025-12-10T10:09:12.740543Z[0m [34mDEBUG[0m [2mhyper::client::pool[0m[2m:[0m pooling idle connection for ("http", 192.168.0.14:8545)
[2m2025-12-10T10:09:12.745971Z[0m [34mDEBUG[0m [2mhyper::proto::h1::io[0m[2m:[0m parsed 4 headers
[2m2025-12-10T10:09:12.745977Z[0m [34mDEBUG[0m [2mhyper::proto::h1::conn[0m[2m:[0m incoming body is content-length (552 bytes)
[2m2025-12-10T10:09:12.745983Z[0m [34mDEBUG[0m [2mhyper::proto::h1::conn[0m[2m:[0m incoming body completed
[2m2025-12-10T10:09:12.745989Z[0m [34mDEBUG[0m [2mhyper::client::pool[0m[2m:[0m pooling idle connection for ("http", 192.168.0.14:8545)
[2m2025-12-10T10:09:12.745994Z[0m [34mDEBUG[0m [2methereum_transaction_pool_monitor::eth_client[0m[2m:[0m 📡 Transaction fetch RPC completed in 9.48525ms
[2m2025-12-10T10:09:12.817643Z[0m [34mDEBUG[0m [2methereum_transaction_pool_monitor::eth_client[0m[2m:[0m ✅ Transaction 0xa2bffdb06152e23055e8b8bcbc52f94dfaa35dad16b85b3c6d0221c6597e736a fetched and parsed in 81.131083ms
[2m2025-12-10T10:09:12.817664Z[0m [34mDEBUG[0m [2methereum_transaction_pool_monitor::mempool_monitor[0m[2m:[0m 🔍 Skipping tx 0xa2bffdb06152e23055e8b8bcbc52f94dfaa35dad16b85b3c6d0221c6597e736a - not a DEX interaction (target: 0xCFFAd3200574698b78f32232aa9D63eABD290703)
[2m2025-12-10T10:09:12.817676Z[0m [34mDEBUG[0m [2methereum_transaction_pool_monitor::mempool_monitor[0m[2m:[0m 📨 Processing new pending transaction: 0x28602cef9453a35d1d4a4fecba2ce99473dc2c039c429cd1b88f0c2f6999902d
[2m2025-12-10T10:09:12.817681Z[0m [34mDEBUG[0m [2methereum_transaction_pool_monitor::mempool_monitor[0m[2m:[0m 🔍 Fetching transaction details for: 0x28602cef9453a35d1d4a4fecba2ce99473dc2c039c429cd1b88f0c2f6999902d
[2m2025-12-10T10:09:12.817685Z[0m [34mDEBUG[0m [2methereum_transaction_pool_monitor::eth_client[0m[2m:[0m 🔍 Fetching transaction details for hash: 0x28602cef9453a35d1d4a4fecba2ce99473dc2c039c429cd1b88f0c2f6999902d
[2m2025-12-10T10:09:12.817706Z[0m [34mDEBUG[0m [2mhyper::client::pool[0m[2m:[0m reuse idle connection for ("http", 192.168.0.14:8545)
[2m2025-12-10T10:09:12.817761Z[0m [34mDEBUG[0m [2mhyper::proto::h1::io[0m[2m:[0m flushed 250 bytes
[2m2025-12-10T10:09:12.817782Z[0m [34mDEBUG[0m [2mhyper::client::pool[0m[2m:[0m reuse idle connection for ("http", 192.168.0.14:8545)
[2m2025-12-10T10:09:12.817795Z[0m [34mDEBUG[0m [2mhyper::proto::h1::io[0m[2m:[0m flushed 172 bytes
[2m2025-12-10T10:09:12.817825Z[0m [34mDEBUG[0m [2methereum_transaction_pool_monitor::eth_client[0m[2m:[0m 📨 Received WebSocket message: {"jsonrpc":"2.0","method":"eth_subscription","params":{"subscription":"0xbed0a0851463e895960a451075a301a9","result":"0x30002a0476b8dad8c7bf49380c99e2a216a0e6d97482e97c06093fc88e21e643"}}
[2m2025-12-10T10:09:12.818077Z[0m [34mDEBUG[0m [2methereum_transaction_pool_monitor::eth_client[0m[2m:[0m 📨 Received pending transaction: 0x30002a0476b8dad8c7bf49380c99e2a216a0e6d97482e97c06093fc88e21e643
[2m2025-12-10T10:09:12.821278Z[0m [34mDEBUG[0m [2mhyper::proto::h1::io[0m[2m:[0m parsed 4 headers
[2m2025-12-10T10:09:12.821666Z[0m [34mDEBUG[0m [2mhyper::proto::h1::conn[0m[2m:[0m incoming body is content-length (45 bytes)
[2m2025-12-10T10:09:12.821677Z[0m [34mDEBUG[0m [2mhyper::proto::h1::conn[0m[2m:[0m incoming body completed
[2m2025-12-10T10:09:12.821687Z[0m [34mDEBUG[0m [2mhyper::client::pool[0m[2m:[0m pooling idle connection for ("http", 192.168.0.14:8545)
[2m2025-12-10T10:09:12.823128Z[0m [34mDEBUG[0m [2mhyper::proto::h1::io[0m[2m:[0m parsed 4 headers
[2m2025-12-10T10:09:12.823147Z[0m [34mDEBUG[0m [2mhyper::proto::h1::conn[0m[2m:[0m incoming body is content-length (771 bytes)
[2m2025-12-10T10:09:12.823174Z[0m [34mDEBUG[0m [2mhyper::proto::h1::conn[0m[2m:[0m incoming body completed
[2m2025-12-10T10:09:12.823181Z[0m [34mDEBUG[0m [2mhyper::client::pool[0m[2m:[0m pooling idle connection for ("http", 192.168.0.14:8545)
[2m2025-12-10T10:09:12.823188Z[0m [34mDEBUG[0m [2methereum_transaction_pool_monitor::eth_client[0m[2m:[0m 📡 Transaction fetch RPC completed in 5.4975ms
[2m2025-12-10T10:09:12.893843Z[0m [34mDEBUG[0m [2methereum_transaction_pool_monitor::eth_client[0m[2m:[0m ✅ Transaction 0x28602cef9453a35d1d4a4fecba2ce99473dc2c039c429cd1b88f0c2f6999902d fetched and parsed in 76.149375ms
[2m2025-12-10T10:09:12.893871Z[0m [34mDEBUG[0m [2methereum_transaction_pool_monitor::mempool_monitor[0m[2m:[0m 🔍 Skipping tx 0x28602cef9453a35d1d4a4fecba2ce99473dc2c039c429cd1b88f0c2f6999902d - not a DEX interaction (target: 0xB8f28C60dD8240141185a192fa4156A23E189305)
[2m2025-12-10T10:09:12.893883Z[0m [34mDEBUG[0m [2methereum_transaction_pool_monitor::mempool_monitor[0m[2m:[0m 📨 Processing new pending transaction: 0x72925284b9d4d46ef677f1c77b929a6c1c6411796f95b4e8a884de31e4fad7c2
[2m2025-12-10T10:09:12.893888Z[0m [34mDEBUG[0m [2methereum_transaction_pool_monitor::mempool_monitor[0m[2m:[0m 🔍 Fetching transaction details for: 0x72925284b9d4d46ef677f1c77b929a6c1c6411796f95b4e8a884de31e4fad7c2
[2m2025-12-10T10:09:12.893893Z[0m [34mDEBUG[0m [2methereum_transaction_pool_monitor::eth_client[0m[2m:[0m 🔍 Fetching transaction details for hash: 0x72925284b9d4d46ef677f1c77b929a6c1c6411796f95b4e8a884de31e4fad7c2
[2m2025-12-10T10:09:12.893915Z[0m [34mDEBUG[0m [2mhyper::client::pool[0m[2m:[0m reuse idle connection for ("http", 192.168.0.14:8545)
[2m2025-12-10T10:09:12.893956Z[0m [34mDEBUG[0m [2mhyper::proto::h1::io[0m[2m:[0m flushed 250 bytes
[2m2025-12-10T10:09:12.893979Z[0m [34mDEBUG[0m [2methereum_transaction_pool_monitor::eth_client[0m[2m:[0m 📨 Received WebSocket message: {"jsonrpc":"2.0","method":"eth_subscription","params":{"subscription":"0xbed0a0851463e895960a451075a301a9","result":"0xad16928f9c966b3ad8a1f2392a1ca79f9fd5a35bccd3aa10ce90e34a453539b7"}}
[2m2025-12-10T10:09:12.893988Z[0m [34mDEBUG[0m [2methereum_transaction_pool_monitor::eth_client[0m[2m:[0m 📨 Received pending transaction: 0xad16928f9c966b3ad8a1f2392a1ca79f9fd5a35bccd3aa10ce90e34a453539b7
[2m2025-12-10T10:09:12.896176Z[0m [34mDEBUG[0m [2mhyper::client::pool[0m[2m:[0m reuse idle connection for ("http", 192.168.0.14:8545)
[2m2025-12-10T10:09:12.896202Z[0m [34mDEBUG[0m [2mhyper::proto::h1::io[0m[2m:[0m flushed 172 bytes
[2m2025-12-10T10:09:12.899434Z[0m [34mDEBUG[0m [2mhyper::proto::h1::io[0m[2m:[0m parsed 4 headers
[2m2025-12-10T10:09:12.899440Z[0m [34mDEBUG[0m [2mhyper::proto::h1::conn[0m[2m:[0m incoming body is content-length (763 bytes)
[2m2025-12-10T10:09:12.899451Z[0m [34mDEBUG[0m [2mhyper::proto::h1::conn[0m[2m:[0m incoming body completed
[2m2025-12-10T10:09:12.899462Z[0m [34mDEBUG[0m [2mhyper::client::pool[0m[2m:[0m pooling idle connection for ("http", 192.168.0.14:8545)
[2m2025-12-10T10:09:12.899472Z[0m [34mDEBUG[0m [2methereum_transaction_pool_monitor::eth_client[0m[2m:[0m 📡 Transaction fetch RPC completed in 5.574791ms
[2m2025-12-10T10:09:12.899492Z[0m [34mDEBUG[0m [2methereum_transaction_pool_monitor::eth_client[0m[2m:[0m DeFi transaction detected - Address: 0xdac17f958d2ee523a2206206994597c13d831ec7, Type: Stablecoin, Value: 0 ETH, Gas: 0.27 Gwei
[2m2025-12-10T10:09:12.899508Z[0m [34mDEBUG[0m [2methereum_transaction_pool_monitor::eth_client[0m[2m:[0m ✅ Transaction 0x72925284b9d4d46ef677f1c77b929a6c1c6411796f95b4e8a884de31e4fad7c2 fetched and parsed in 5.611666ms
[2m2025-12-10T10:09:12.899514Z[0m [34mDEBUG[0m [2methereum_transaction_pool_monitor::mempool_monitor[0m[2m:[0m 🔍 Skipping tx 0x72925284b9d4d46ef677f1c77b929a6c1c6411796f95b4e8a884de31e4fad7c2 - not a DEX interaction (target: 0xdAC17F958D2ee523a2206206994597C13D831ec7)
[2m2025-12-10T10:09:12.899525Z[0m [34mDEBUG[0m [2methereum_transaction_pool_monitor::mempool_monitor[0m[2m:[0m 📨 Processing new pending transaction: 0xcd06a6feebab718ca62ca961c94cbcab1567029b9311e1baa7469d65bba65368
[2m2025-12-10T10:09:12.899529Z[0m [34mDEBUG[0m [2methereum_transaction_pool_monitor::mempool_monitor[0m[2m:[0m 🔍 Fetching transaction details for: 0xcd06a6feebab718ca62ca961c94cbcab1567029b9311e1baa7469d65bba65368
[2m2025-12-10T10:09:12.899534Z[0m [34mDEBUG[0m [2methereum_transaction_pool_monitor::eth_client[0m[2m:[0m 🔍 Fetching transaction details for hash: 0xcd06a6feebab718ca62ca961c94cbcab1567029b9311e1baa7469d65bba65368
[2m2025-12-10T10:09:12.899546Z[0m [34mDEBUG[0m [2mhyper::client::pool[0m[2m:[0m reuse idle connection for ("http", 192.168.0.14:8545)
[2m2025-12-10T10:09:12.899565Z[0m [34mDEBUG[0m [2mhyper::proto::h1::io[0m[2m:[0m flushed 250 bytes
[2m2025-12-10T10:09:12.900214Z[0m [34mDEBUG[0m [2mhyper::proto::h1::io[0m[2m:[0m parsed 4 headers
[2m2025-12-10T10:09:12.900232Z[0m [34mDEBUG[0m [2mhyper::proto::h1::conn[0m[2m:[0m incoming body is content-length (45 bytes)
[2m2025-12-10T10:09:12.900248Z[0m [34mDEBUG[0m [2mhyper::proto::h1::conn[0m[2m:[0m incoming body completed
[2m2025-12-10T10:09:12.900278Z[0m [34mDEBUG[0m [2mhyper::client::pool[0m[2m:[0m pooling idle connection for ("http", 192.168.0.14:8545)
[2m2025-12-10T10:09:12.908841Z[0m [34mDEBUG[0m [2mhyper::proto::h1::io[0m[2m:[0m parsed 4 headers
[2m2025-12-10T10:09:12.908846Z[0m [34mDEBUG[0m [2mhyper::proto::h1::conn[0m[2m:[0m incoming body is content-length (553 bytes)
[2m2025-12-10T10:09:12.908850Z[0m [34mDEBUG[0m [2mhyper::proto::h1::conn[0m[2m:[0m incoming body completed
[2m2025-12-10T10:09:12.908854Z[0m [34mDEBUG[0m [2mhyper::client::pool[0m[2m:[0m pooling idle connection for ("http", 192.168.0.14:8545)
[2m2025-12-10T10:09:12.908858Z[0m [34mDEBUG[0m [2methereum_transaction_pool_monitor::eth_client[0m[2m:[0m 📡 Transaction fetch RPC completed in 9.319541ms
[2m2025-12-10T10:09:12.979637Z[0m [34mDEBUG[0m [2methereum_transaction_pool_monitor::eth_client[0m[2m:[0m ✅ Transaction 0xcd06a6feebab718ca62ca961c94cbcab1567029b9311e1baa7469d65bba65368 fetched and parsed in 80.094916ms
[2m2025-12-10T10:09:12.979667Z[0m [34mDEBUG[0m [2methereum_transaction_pool_monitor::mempool_monitor[0m[2m:[0m 🔍 Skipping tx 0xcd06a6feebab718ca62ca961c94cbcab1567029b9311e1baa7469d65bba65368 - not a DEX interaction (target: 0xA023f08c70A23aBc7EdFc5B6b5E171d78dFc947e)
[2m2025-12-10T10:09:12.979678Z[0m [34mDEBUG[0m [2methereum_transaction_pool_monitor::mempool_monitor[0m[2m:[0m 📨 Processing new pending transaction: 0xe25d2c5218e344a8f7a0cecce4af516f40dc0b14fe840058e0a9e55158d7b806
[2m2025-12-10T10:09:12.979683Z[0m [34mDEBUG[0m [2methereum_transaction_pool_monitor::mempool_monitor[0m[2m:[0m 🔍 Fetching transaction details for: 0xe25d2c5218e344a8f7a0cecce4af516f40dc0b14fe840058e0a9e55158d7b806
[2m2025-12-10T10:09:12.979687Z[0m [34mDEBUG[0m [2methereum_transaction_pool_monitor::eth_client[0m[2m:[0m 🔍 Fetching transaction details for hash: 0xe25d2c5218e344a8f7a0cecce4af516f40dc0b14fe840058e0a9e55158d7b806
[2m2025-12-10T10:09:12.979710Z[0m [34mDEBUG[0m [2mhyper::client::pool[0m[2m:[0m reuse idle connection for ("http", 192.168.0.14:8545)
[2m2025-12-10T10:09:12.979751Z[0m [34mDEBUG[0m [2mhyper::proto::h1::io[0m[2m:[0m flushed 250 bytes
[2m2025-12-10T10:09:12.986634Z[0m [34mDEBUG[0m [2mhyper::proto::h1::io[0m[2m:[0m parsed 4 headers
[2m2025-12-10T10:09:12.986641Z[0m [34mDEBUG[0m [2mhyper::proto::h1::conn[0m[2m:[0m incoming body is content-length (552 bytes)
[2m2025-12-10T10:09:12.986647Z[0m [34mDEBUG[0m [2mhyper::proto::h1::conn[0m[2m:[0m incoming body completed
[2m2025-12-10T10:09:12.986656Z[0m [34mDEBUG[0m [2mhyper::client::pool[0m[2m:[0m pooling idle connection for ("http", 192.168.0.14:8545)
[2m2025-12-10T10:09:12.986661Z[0m [34mDEBUG[0m [2methereum_transaction_pool_monitor::eth_client[0m[2m:[0m 📡 Transaction fetch RPC completed in 6.969959ms
[2m2025-12-10T10:09:13.056212Z[0m [34mDEBUG[0m [2methereum_transaction_pool_monitor::eth_client[0m[2m:[0m ✅ Transaction 0xe25d2c5218e344a8f7a0cecce4af516f40dc0b14fe840058e0a9e55158d7b806 fetched and parsed in 76.517667ms
[2m2025-12-10T10:09:13.056244Z[0m [34mDEBUG[0m [2methereum_transaction_pool_monitor::mempool_monitor[0m[2m:[0m 🔍 Skipping tx 0xe25d2c5218e344a8f7a0cecce4af516f40dc0b14fe840058e0a9e55158d7b806 - not a DEX interaction (target: 0xCFFAd3200574698b78f32232aa9D63eABD290703)
[2m2025-12-10T10:09:13.056256Z[0m [34mDEBUG[0m [2methereum_transaction_pool_monitor::mempool_monitor[0m[2m:[0m 📨 Processing new pending transaction: 0xe3a737957b37c5c8abf86d39ea59d0f617633206fd3e0a9bde2929a4491d98ed
[2m2025-12-10T10:09:13.056261Z[0m [34mDEBUG[0m [2methereum_transaction_pool_monitor::mempool_monitor[0m[2m:[0m 🔍 Fetching transaction details for: 0xe3a737957b37c5c8abf86d39ea59d0f617633206fd3e0a9bde2929a4491d98ed
[2m2025-12-10T10:09:13.056265Z[0m [34mDEBUG[0m [2methereum_transaction_pool_monitor::eth_client[0m[2m:[0m 🔍 Fetching transaction details for hash: 0xe3a737957b37c5c8abf86d39ea59d0f617633206fd3e0a9bde2929a4491d98ed
[2m2025-12-10T10:09:13.056285Z[0m [34mDEBUG[0m [2mhyper::client::pool[0m[2m:[0m reuse idle connection for ("http", 192.168.0.14:8545)
[2m2025-12-10T10:09:13.056336Z[0m [34mDEBUG[0m [2mhyper::proto::h1::io[0m[2m:[0m flushed 250 bytes
[2m2025-12-10T10:09:13.056359Z[0m [34mDEBUG[0m [2mhyper::client::pool[0m[2m:[0m reuse idle connection for ("http", 192.168.0.14:8545)
[2m2025-12-10T10:09:13.056376Z[0m [34mDEBUG[0m [2mhyper::proto::h1::io[0m[2m:[0m flushed 172 bytes
[2m2025-12-10T10:09:13.056377Z[0m [34mDEBUG[0m [2methereum_transaction_pool_monitor::eth_client[0m[2m:[0m 📨 Received WebSocket message: {"jsonrpc":"2.0","method":"eth_subscription","params":{"subscription":"0xbed0a0851463e895960a451075a301a9","result":"0xc3229969bfb009693d545319896d7ece0e7de1b2e93cbd36c07fc03482733a5f"}}
[2m2025-12-10T10:09:13.056398Z[0m [34mDEBUG[0m [2methereum_transaction_pool_monitor::eth_client[0m[2m:[0m 📨 Received pending transaction: 0xc3229969bfb009693d545319896d7ece0e7de1b2e93cbd36c07fc03482733a5f
[2m2025-12-10T10:09:13.059718Z[0m [34mDEBUG[0m [2mhyper::proto::h1::io[0m[2m:[0m parsed 4 headers
[2m2025-12-10T10:09:13.059725Z[0m [34mDEBUG[0m [2mhyper::proto::h1::conn[0m[2m:[0m incoming body is content-length (830 bytes)
[2m2025-12-10T10:09:13.059732Z[0m [34mDEBUG[0m [2mhyper::proto::h1::conn[0m[2m:[0m incoming body completed
[2m2025-12-10T10:09:13.059741Z[0m [34mDEBUG[0m [2mhyper::client::pool[0m[2m:[0m pooling idle connection for ("http", 192.168.0.14:8545)
[2m2025-12-10T10:09:13.059747Z[0m [34mDEBUG[0m [2methereum_transaction_pool_monitor::eth_client[0m[2m:[0m 📡 Transaction fetch RPC completed in 3.477625ms
[2m2025-12-10T10:09:13.129843Z[0m [34mDEBUG[0m [2methereum_transaction_pool_monitor::eth_client[0m[2m:[0m ✅ Transaction 0xe3a737957b37c5c8abf86d39ea59d0f617633206fd3e0a9bde2929a4491d98ed fetched and parsed in 73.571875ms
[2m2025-12-10T10:09:13.129868Z[0m [34mDEBUG[0m [2methereum_transaction_pool_monitor::mempool_monitor[0m[2m:[0m 🔍 Skipping tx 0xe3a737957b37c5c8abf86d39ea59d0f617633206fd3e0a9bde2929a4491d98ed - not a DEX interaction (target: 0x3B4D794a66304F130a4Db8F2551B0070dfCf5ca7)
[2m2025-12-10T10:09:13.129878Z[0m [34mDEBUG[0m [2methereum_transaction_pool_monitor::mempool_monitor[0m[2m:[0m 📨 Processing new pending transaction: 0xbaf95853a6d226f82e8b8d3f5f10f91386c78f0d63d0c1978192ac4b9204e5aa
[2m2025-12-10T10:09:13.129884Z[0m [34mDEBUG[0m [2methereum_transaction_pool_monitor::mempool_monitor[0m[2m:[0m 🔍 Fetching transaction details for: 0xbaf95853a6d226f82e8b8d3f5f10f91386c78f0d63d0c1978192ac4b9204e5aa
[2m2025-12-10T10:09:13.129888Z[0m [34mDEBUG[0m [2methereum_transaction_pool_monitor::eth_client[0m[2m:[0m 🔍 Fetching transaction details for hash: 0xbaf95853a6d226f82e8b8d3f5f10f91386c78f0d63d0c1978192ac4b9204e5aa
[2m2025-12-10T10:09:13.129907Z[0m [34mDEBUG[0m [2mhyper::client::pool[0m[2m:[0m reuse idle connection for ("http", 192.168.0.14:8545)
[2m2025-12-10T10:09:13.129953Z[0m [34mDEBUG[0m [2mhyper::proto::h1::io[0m[2m:[0m flushed 250 bytes
[2m2025-12-10T10:09:13.129976Z[0m [34mDEBUG[0m [2methereum_transaction_pool_monitor::eth_client[0m[2m:[0m 📨 Received WebSocket message: {"jsonrpc":"2.0","method":"eth_subscription","params":{"subscription":"0xbed0a0851463e895960a451075a301a9","result":"0xfd801185bbc577ea40f57ee1423ccf03c03dc5348c4ae9951782879857453902"}}
[2m2025-12-10T10:09:13.129983Z[0m [34mDEBUG[0m [2mhyper::proto::h1::io[0m[2m:[0m parsed 4 headers
[2m2025-12-10T10:09:13.129984Z[0m [34mDEBUG[0m [2methereum_transaction_pool_monitor::eth_client[0m[2m:[0m 📨 Received pending transaction: 0xfd801185bbc577ea40f57ee1423ccf03c03dc5348c4ae9951782879857453902
[2m2025-12-10T10:09:13.129995Z[0m [34mDEBUG[0m [2mhyper::proto::h1::conn[0m[2m:[0m incoming body is content-length (45 bytes)
[2m2025-12-10T10:09:13.130015Z[0m [34mDEBUG[0m [2mhyper::proto::h1::conn[0m[2m:[0m incoming body completed
[2m2025-12-10T10:09:13.130026Z[0m [34mDEBUG[0m [2mhyper::client::pool[0m[2m:[0m pooling idle connection for ("http", 192.168.0.14:8545)
[2m2025-12-10T10:09:13.130044Z[0m [34mDEBUG[0m [2mhyper::client::pool[0m[2m:[0m reuse idle connection for ("http", 192.168.0.14:8545)
[2m2025-12-10T10:09:13.130061Z[0m [34mDEBUG[0m [2mhyper::proto::h1::io[0m[2m:[0m flushed 172 bytes
[2m2025-12-10T10:09:13.135654Z[0m [34mDEBUG[0m [2mhyper::proto::h1::io[0m[2m:[0m parsed 4 headers
[2m2025-12-10T10:09:13.135659Z[0m [34mDEBUG[0m [2mhyper::proto::h1::conn[0m[2m:[0m incoming body is content-length (771 bytes)
[2m2025-12-10T10:09:13.135664Z[0m [34mDEBUG[0m [2mhyper::proto::h1::conn[0m[2m:[0m incoming body completed
[2m2025-12-10T10:09:13.135669Z[0m [34mDEBUG[0m [2mhyper::client::pool[0m[2m:[0m pooling idle connection for ("http", 192.168.0.14:8545)
[2m2025-12-10T10:09:13.135674Z[0m [34mDEBUG[0m [2methereum_transaction_pool_monitor::eth_client[0m[2m:[0m 📡 Transaction fetch RPC completed in 5.782042ms
[2m2025-12-10T10:09:13.206478Z[0m [34mDEBUG[0m [2methereum_transaction_pool_monitor::eth_client[0m[2m:[0m ✅ Transaction 0xbaf95853a6d226f82e8b8d3f5f10f91386c78f0d63d0c1978192ac4b9204e5aa fetched and parsed in 76.583542ms
[2m2025-12-10T10:09:13.206508Z[0m [34mDEBUG[0m [2methereum_transaction_pool_monitor::mempool_monitor[0m[2m:[0m 🔍 Skipping tx 0xbaf95853a6d226f82e8b8d3f5f10f91386c78f0d63d0c1978192ac4b9204e5aa - not a DEX interaction (target: 0x34C6cBb13d7da5e73A22A691c389c7B7770348Fe)
[2m2025-12-10T10:09:13.206518Z[0m [34mDEBUG[0m [2methereum_transaction_pool_monitor::mempool_monitor[0m[2m:[0m 📨 Processing new pending transaction: 0x97bbc04d61bf030f5bafa8805630838f0aaf8607a94fd883f58acabe27745dda
[2m2025-12-10T10:09:13.206524Z[0m [34mDEBUG[0m [2methereum_transaction_pool_monitor::mempool_monitor[0m[2m:[0m 🔍 Fetching transaction details for: 0x97bbc04d61bf030f5bafa8805630838f0aaf8607a94fd883f58acabe27745dda
[2m2025-12-10T10:09:13.206528Z[0m [34mDEBUG[0m [2methereum_transaction_pool_monitor::eth_client[0m[2m:[0m 🔍 Fetching transaction details for hash: 0x97bbc04d61bf030f5bafa8805630838f0aaf8607a94fd883f58acabe27745dda
[2m2025-12-10T10:09:13.206550Z[0m [34mDEBUG[0m [2mhyper::client::pool[0m[2m:[0m reuse idle connection for ("http", 192.168.0.14:8545)
[2m2025-12-10T10:09:13.206590Z[0m [34mDEBUG[0m [2mhyper::proto::h1::io[0m[2m:[0m flushed 250 bytes
[2m2025-12-10T10:09:13.206615Z[0m [34mDEBUG[0m [2methereum_transaction_pool_monitor::eth_client[0m[2m:[0m 📨 Received WebSocket message: {"jsonrpc":"2.0","method":"eth_subscription","params":{"subscription":"0xbed0a0851463e895960a451075a301a9","result":"0xe18eeb7d3f4688dfd207d02eb32863131361ca6a8202757a5efa96055f08dd48"}}
[2m2025-12-10T10:09:13.206616Z[0m [34mDEBUG[0m [2mhyper::proto::h1::io[0m[2m:[0m parsed 4 headers
[2m2025-12-10T10:09:13.206626Z[0m [34mDEBUG[0m [2methereum_transaction_pool_monitor::eth_client[0m[2m:[0m 📨 Received pending transaction: 0xe18eeb7d3f4688dfd207d02eb32863131361ca6a8202757a5efa96055f08dd48
[2m2025-12-10T10:09:13.206631Z[0m [34mDEBUG[0m [2mhyper::proto::h1::conn[0m[2m:[0m incoming body is content-length (45 bytes)
[2m2025-12-10T10:09:13.206640Z[0m [34mDEBUG[0m [2methereum_transaction_pool_monitor::eth_client[0m[2m:[0m 📨 Received WebSocket message: {"jsonrpc":"2.0","method":"eth_subscription","params":{"subscription":"0xbed0a0851463e895960a451075a301a9","result":"0xfa646c5b343ee2d6abc59cb0b429bf951ef872a1358cfed36660795dc41a702b"}}
[2m2025-12-10T10:09:13.206646Z[0m [34mDEBUG[0m [2mhyper::proto::h1::conn[0m[2m:[0m incoming body completed
[2m2025-12-10T10:09:13.206647Z[0m [34mDEBUG[0m [2methereum_transaction_pool_monitor::eth_client[0m[2m:[0m 📨 Received pending transaction: 0xfa646c5b343ee2d6abc59cb0b429bf951ef872a1358cfed36660795dc41a702b
[2m2025-12-10T10:09:13.206658Z[0m [34mDEBUG[0m [2mhyper::client::pool[0m[2m:[0m pooling idle connection for ("http", 192.168.0.14:8545)
[2m2025-12-10T10:09:13.206675Z[0m [34mDEBUG[0m [2mhyper::client::pool[0m[2m:[0m reuse idle connection for ("http", 192.168.0.14:8545)
[2m2025-12-10T10:09:13.206692Z[0m [34mDEBUG[0m [2mhyper::proto::h1::io[0m[2m:[0m flushed 172 bytes
[2m2025-12-10T10:09:13.213097Z[0m [34mDEBUG[0m [2mhyper::proto::h1::io[0m[2m:[0m parsed 4 headers
[2m2025-12-10T10:09:13.213120Z[0m [34mDEBUG[0m [2mhyper::proto::h1::conn[0m[2m:[0m incoming body is content-length (45 bytes)
[2m2025-12-10T10:09:13.213140Z[0m [34mDEBUG[0m [2mhyper::proto::h1::conn[0m[2m:[0m incoming body completed
[2m2025-12-10T10:09:13.213147Z[0m [34mDEBUG[0m [2mhyper::client::pool[0m[2m:[0m pooling idle connection for ("http", 192.168.0.14:8545)
[2m2025-12-10T10:09:13.216609Z[0m [34mDEBUG[0m [2mhyper::proto::h1::io[0m[2m:[0m parsed 4 headers
[2m2025-12-10T10:09:13.216616Z[0m [34mDEBUG[0m [2mhyper::proto::h1::conn[0m[2m:[0m incoming body is content-length (3535 bytes)
[2m2025-12-10T10:09:13.216620Z[0m [34mDEBUG[0m [2mhyper::proto::h1::conn[0m[2m:[0m incoming body completed
[2m2025-12-10T10:09:13.216626Z[0m [34mDEBUG[0m [2mhyper::client::pool[0m[2m:[0m pooling idle connection for ("http", 192.168.0.14:8545)
[2m2025-12-10T10:09:13.216631Z[0m [34mDEBUG[0m [2methereum_transaction_pool_monitor::eth_client[0m[2m:[0m 📡 Transaction fetch RPC completed in 10.098666ms
[2m2025-12-10T10:09:13.287609Z[0m [34mDEBUG[0m [2methereum_transaction_pool_monitor::eth_client[0m[2m:[0m ✅ Transaction 0x97bbc04d61bf030f5bafa8805630838f0aaf8607a94fd883f58acabe27745dda fetched and parsed in 81.074458ms
[2m2025-12-10T10:09:13.287639Z[0m [34mDEBUG[0m [2methereum_transaction_pool_monitor::mempool_monitor[0m[2m:[0m 🔍 Skipping tx 0x97bbc04d61bf030f5bafa8805630838f0aaf8607a94fd883f58acabe27745dda - not a DEX interaction (target: 0xF338cad020D506e8e3d9B4854986E0EcE6C23640)
[2m2025-12-10T10:09:13.287650Z[0m [34mDEBUG[0m [2methereum_transaction_pool_monitor::mempool_monitor[0m[2m:[0m 📨 Processing new pending transaction: 0x363f47ed848e717f8a75a14ab75c8668e6737521373fe4082f87ad7990e1c982
[2m2025-12-10T10:09:13.287655Z[0m [34mDEBUG[0m [2methereum_transaction_pool_monitor::mempool_monitor[0m[2m:[0m 🔍 Fetching transaction details for: 0x363f47ed848e717f8a75a14ab75c8668e6737521373fe4082f87ad7990e1c982
[2m2025-12-10T10:09:13.287659Z[0m [34mDEBUG[0m [2methereum_transaction_pool_monitor::eth_client[0m[2m:[0m 🔍 Fetching transaction details for hash: 0x363f47ed848e717f8a75a14ab75c8668e6737521373fe4082f87ad7990e1c982
[2m2025-12-10T10:09:13.287678Z[0m [34mDEBUG[0m [2mhyper::client::pool[0m[2m:[0m reuse idle connection for ("http", 192.168.0.14:8545)
[2m2025-12-10T10:09:13.287714Z[0m [34mDEBUG[0m [2mhyper::proto::h1::io[0m[2m:[0m flushed 250 bytes
[2m2025-12-10T10:09:13.295723Z[0m [34mDEBUG[0m [2mhyper::client::pool[0m[2m:[0m reuse idle connection for ("http", 192.168.0.14:8545)
[2m2025-12-10T10:09:13.295739Z[0m [34mDEBUG[0m [2mhyper::proto::h1::io[0m[2m:[0m parsed 4 headers
[2m2025-12-10T10:09:13.295752Z[0m [34mDEBUG[0m [2mhyper::proto::h1::conn[0m[2m:[0m incoming body is content-length (830 bytes)
[2m2025-12-10T10:09:13.295777Z[0m [34mDEBUG[0m [2mhyper::proto::h1::conn[0m[2m:[0m incoming body completed
[2m2025-12-10T10:09:13.295778Z[0m [34mDEBUG[0m [2mhyper::proto::h1::io[0m[2m:[0m flushed 172 bytes
[2m2025-12-10T10:09:13.295787Z[0m [34mDEBUG[0m [2mhyper::client::pool[0m[2m:[0m pooling idle connection for ("http", 192.168.0.14:8545)
[2m2025-12-10T10:09:13.295794Z[0m [34mDEBUG[0m [2methereum_transaction_pool_monitor::eth_client[0m[2m:[0m 📡 Transaction fetch RPC completed in 8.130667ms
[2m2025-12-10T10:09:13.300419Z[0m [34mDEBUG[0m [2mhyper::proto::h1::io[0m[2m:[0m parsed 4 headers
[2m2025-12-10T10:09:13.300424Z[0m [34mDEBUG[0m [2mhyper::proto::h1::conn[0m[2m:[0m incoming body is content-length (45 bytes)
[2m2025-12-10T10:09:13.300430Z[0m [34mDEBUG[0m [2mhyper::proto::h1::conn[0m[2m:[0m incoming body completed
[2m2025-12-10T10:09:13.300436Z[0m [34mDEBUG[0m [2mhyper::client::pool[0m[2m:[0m pooling idle connection for ("http", 192.168.0.14:8545)
[2m2025-12-10T10:09:13.367594Z[0m [34mDEBUG[0m [2methereum_transaction_pool_monitor::eth_client[0m[2m:[0m ✅ Transaction 0x363f47ed848e717f8a75a14ab75c8668e6737521373fe4082f87ad7990e1c982 fetched and parsed in 79.928959ms
[2m2025-12-10T10:09:13.367617Z[0m [34mDEBUG[0m [2methereum_transaction_pool_monitor::mempool_monitor[0m[2m:[0m 🔍 Skipping tx 0x363f47ed848e717f8a75a14ab75c8668e6737521373fe4082f87ad7990e1c982 - not a DEX interaction (target: 0x3B4D794a66304F130a4Db8F2551B0070dfCf5ca7)
[2m2025-12-10T10:09:13.367627Z[0m [34mDEBUG[0m [2methereum_transaction_pool_monitor::mempool_monitor[0m[2m:[0m 📨 Processing new pending transaction: 0x1b8e2e188fe77021f86567d648f7e93178519c3138f4e9d8c68bf483cd40f585
[2m2025-12-10T10:09:13.367633Z[0m [34mDEBUG[0m [2methereum_transaction_pool_monitor::mempool_monitor[0m[2m:[0m 🔍 Fetching transaction details for: 0x1b8e2e188fe77021f86567d648f7e93178519c3138f4e9d8c68bf483cd40f585
[2m2025-12-10T10:09:13.367637Z[0m [34mDEBUG[0m [2methereum_transaction_pool_monitor::eth_client[0m[2m:[0m 🔍 Fetching transaction details for hash: 0x1b8e2e188fe77021f86567d648f7e93178519c3138f4e9d8c68bf483cd40f585
[2m2025-12-10T10:09:13.367658Z[0m [34mDEBUG[0m [2mhyper::client::pool[0m[2m:[0m reuse idle connection for ("http", 192.168.0.14:8545)
[2m2025-12-10T10:09:13.367696Z[0m [34mDEBUG[0m [2mhyper::proto::h1::io[0m[2m:[0m flushed 250 bytes
[2m2025-12-10T10:09:13.371872Z[0m [34mDEBUG[0m [2mhyper::proto::h1::io[0m[2m:[0m parsed 4 headers
[2m2025-12-10T10:09:13.371880Z[0m [34mDEBUG[0m [2mhyper::proto::h1::conn[0m[2m:[0m incoming body is content-length (643 bytes)
[2m2025-12-10T10:09:13.371887Z[0m [34mDEBUG[0m [2mhyper::proto::h1::conn[0m[2m:[0m incoming body completed
[2m2025-12-10T10:09:13.371895Z[0m [34mDEBUG[0m [2mhyper::client::pool[0m[2m:[0m pooling idle connection for ("http", 192.168.0.14:8545)
[2m2025-12-10T10:09:13.371901Z[0m [34mDEBUG[0m [2methereum_transaction_pool_monitor::eth_client[0m[2m:[0m 📡 Transaction fetch RPC completed in 4.259625ms
[2m2025-12-10T10:09:13.443014Z[0m [34mDEBUG[0m [2methereum_transaction_pool_monitor::eth_client[0m[2m:[0m ✅ Transaction 0x1b8e2e188fe77021f86567d648f7e93178519c3138f4e9d8c68bf483cd40f585 fetched and parsed in 75.369292ms
[2m2025-12-10T10:09:13.443045Z[0m [34mDEBUG[0m [2methereum_transaction_pool_monitor::mempool_monitor[0m[2m:[0m 🔍 Skipping tx 0x1b8e2e188fe77021f86567d648f7e93178519c3138f4e9d8c68bf483cd40f585 - not a DEX interaction (target: 0x0Be9b815401aFce0553B7822EaE841d2D7AF8199)
[2m2025-12-10T10:09:13.443056Z[0m [34mDEBUG[0m [2methereum_transaction_pool_monitor::mempool_monitor[0m[2m:[0m 📨 Processing new pending transaction: 0x3f114dbb86d993de17ccbde66fac44fbd79bf3dc252f6e6094dc662a27a65e08
[2m2025-12-10T10:09:13.443062Z[0m [34mDEBUG[0m [2methereum_transaction_pool_monitor::mempool_monitor[0m[2m:[0m 🔍 Fetching transaction details for: 0x3f114dbb86d993de17ccbde66fac44fbd79bf3dc252f6e6094dc662a27a65e08
[2m2025-12-10T10:09:13.443066Z[0m [34mDEBUG[0m [2methereum_transaction_pool_monitor::eth_client[0m[2m:[0m 🔍 Fetching transaction details for hash: 0x3f114dbb86d993de17ccbde66fac44fbd79bf3dc252f6e6094dc662a27a65e08
[2m2025-12-10T10:09:13.443087Z[0m [34mDEBUG[0m [2mhyper::client::pool[0m[2m:[0m reuse idle connection for ("http", 192.168.0.14:8545)
[2m2025-12-10T10:09:13.443129Z[0m [34mDEBUG[0m [2mhyper::proto::h1::io[0m[2m:[0m flushed 250 bytes
[2m2025-12-10T10:09:13.443159Z[0m [34mDEBUG[0m [2mhyper::client::pool[0m[2m:[0m reuse idle connection for ("http", 192.168.0.14:8545)
[2m2025-12-10T10:09:13.443178Z[0m [34mDEBUG[0m [2mhyper::proto::h1::io[0m[2m:[0m flushed 172 bytes
[2m2025-12-10T10:09:13.448045Z[0m [34mDEBUG[0m [2mhyper::proto::h1::io[0m[2m:[0m parsed 4 headers
[2m2025-12-10T10:09:13.448050Z[0m [34mDEBUG[0m [2mhyper::proto::h1::conn[0m[2m:[0m incoming body is content-length (45 bytes)
[2m2025-12-10T10:09:13.448057Z[0m [34mDEBUG[0m [2mhyper::proto::h1::conn[0m[2m:[0m incoming body completed
[2m2025-12-10T10:09:13.448064Z[0m [34mDEBUG[0m [2mhyper::client::pool[0m[2m:[0m pooling idle connection for ("http", 192.168.0.14:8545)
[2m2025-12-10T10:09:13.452514Z[0m [34mDEBUG[0m [2mhyper::proto::h1::io[0m[2m:[0m parsed 4 headers
[2m2025-12-10T10:09:13.452519Z[0m [34mDEBUG[0m [2mhyper::proto::h1::conn[0m[2m:[0m incoming body is content-length (771 bytes)
[2m2025-12-10T10:09:13.452523Z[0m [34mDEBUG[0m [2mhyper::proto::h1::conn[0m[2m:[0m incoming body completed
[2m2025-12-10T10:09:13.452528Z[0m [34mDEBUG[0m [2mhyper::client::pool[0m[2m:[0m pooling idle connection for ("http", 192.168.0.14:8545)
[2m2025-12-10T10:09:13.452532Z[0m [34mDEBUG[0m [2methereum_transaction_pool_monitor::eth_client[0m[2m:[0m 📡 Transaction fetch RPC completed in 9.461666ms
[2m2025-12-10T10:09:13.524906Z[0m [34mDEBUG[0m [2methereum_transaction_pool_monitor::eth_client[0m[2m:[0m ✅ Transaction 0x3f114dbb86d993de17ccbde66fac44fbd79bf3dc252f6e6094dc662a27a65e08 fetched and parsed in 81.833666ms
[2m2025-12-10T10:09:13.524937Z[0m [34mDEBUG[0m [2methereum_transaction_pool_monitor::mempool_monitor[0m[2m:[0m 🔍 Skipping tx 0x3f114dbb86d993de17ccbde66fac44fbd79bf3dc252f6e6094dc662a27a65e08 - not a DEX interaction (target: 0xA0b86991c6218b36c1d19D4a2e9Eb0cE3606eB48)
[2m2025-12-10T10:09:13.524948Z[0m [34mDEBUG[0m [2methereum_transaction_pool_monitor::mempool_monitor[0m[2m:[0m 📨 Processing new pending transaction: 0x41f362529f5ca10ab70e6f99e49618379850e766d1b71482376084afb9e5d9a6
[2m2025-12-10T10:09:13.524953Z[0m [34mDEBUG[0m [2methereum_transaction_pool_monitor::mempool_monitor[0m[2m:[0m 🔍 Fetching transaction details for: 0x41f362529f5ca10ab70e6f99e49618379850e766d1b71482376084afb9e5d9a6
[2m2025-12-10T10:09:13.524957Z[0m [34mDEBUG[0m [2methereum_transaction_pool_monitor::eth_client[0m[2m:[0m 🔍 Fetching transaction details for hash: 0x41f362529f5ca10ab70e6f99e49618379850e766d1b71482376084afb9e5d9a6
[2m2025-12-10T10:09:13.524976Z[0m [34mDEBUG[0m [2mhyper::client::pool[0m[2m:[0m reuse idle connection for ("http", 192.168.0.14:8545)
[2m2025-12-10T10:09:13.525026Z[0m [34mDEBUG[0m [2mhyper::proto::h1::io[0m[2m:[0m flushed 250 bytes
[2m2025-12-10T10:09:13.525044Z[0m [34mDEBUG[0m [2mhyper::client::pool[0m[2m:[0m reuse idle connection for ("http", 192.168.0.14:8545)
[2m2025-12-10T10:09:13.525056Z[0m [34mDEBUG[0m [2methereum_transaction_pool_monitor::eth_client[0m[2m:[0m 📨 Received WebSocket message: {"jsonrpc":"2.0","method":"eth_subscription","params":{"subscription":"0xbed0a0851463e895960a451075a301a9","result":"0x109d31dd77eef842811e4ae85c60c464c2e7cde91108088ce9d9d7104ed6c9e8"}}
[2m2025-12-10T10:09:13.525069Z[0m [34mDEBUG[0m [2methereum_transaction_pool_monitor::eth_client[0m[2m:[0m 📨 Received pending transaction: 0x109d31dd77eef842811e4ae85c60c464c2e7cde91108088ce9d9d7104ed6c9e8
[2m2025-12-10T10:09:13.525059Z[0m [34mDEBUG[0m [2mhyper::proto::h1::io[0m[2m:[0m flushed 172 bytes
[2m2025-12-10T10:09:13.534003Z[0m [34mDEBUG[0m [2mhyper::proto::h1::io[0m[2m:[0m parsed 4 headers
[2m2025-12-10T10:09:13.534026Z[0m [34mDEBUG[0m [2mhyper::proto::h1::conn[0m[2m:[0m incoming body is content-length (45 bytes)
[2m2025-12-10T10:09:13.534039Z[0m [34mDEBUG[0m [2mhyper::proto::h1::conn[0m[2m:[0m incoming body completed
[2m2025-12-10T10:09:13.534052Z[0m [34mDEBUG[0m [2mhyper::client::pool[0m[2m:[0m pooling idle connection for ("http", 192.168.0.14:8545)
[2m2025-12-10T10:09:13.534074Z[0m [34mDEBUG[0m [2mhyper::proto::h1::io[0m[2m:[0m parsed 4 headers
[2m2025-12-10T10:09:13.534078Z[0m [34mDEBUG[0m [2mhyper::proto::h1::conn[0m[2m:[0m incoming body is content-length (772 bytes)
[2m2025-12-10T10:09:13.534084Z[0m [34mDEBUG[0m [2mhyper::proto::h1::conn[0m[2m:[0m incoming body completed
[2m2025-12-10T10:09:13.534090Z[0m [34mDEBUG[0m [2mhyper::client::pool[0m[2m:[0m pooling idle connection for ("http", 192.168.0.14:8545)
[2m2025-12-10T10:09:13.534096Z[0m [34mDEBUG[0m [2methereum_transaction_pool_monitor::eth_client[0m[2m:[0m 📡 Transaction fetch RPC completed in 9.13475ms
[2m2025-12-10T10:09:13.534110Z[0m [34mDEBUG[0m [2methereum_transaction_pool_monitor::eth_client[0m[2m:[0m DeFi transaction detected - Address: 0xdac17f958d2ee523a2206206994597c13d831ec7, Type: Stablecoin, Value: 0 ETH, Gas: 0.30 Gwei
[2m2025-12-10T10:09:13.534125Z[0m [34mDEBUG[0m [2methereum_transaction_pool_monitor::eth_client[0m[2m:[0m ✅ Transaction 0x41f362529f5ca10ab70e6f99e49618379850e766d1b71482376084afb9e5d9a6 fetched and parsed in 9.163625ms
[2m2025-12-10T10:09:13.534131Z[0m [34mDEBUG[0m [2methereum_transaction_pool_monitor::mempool_monitor[0m[2m:[0m 🔍 Skipping tx 0x41f362529f5ca10ab70e6f99e49618379850e766d1b71482376084afb9e5d9a6 - not a DEX interaction (target: 0xdAC17F958D2ee523a2206206994597C13D831ec7)
[2m2025-12-10T10:09:13.534139Z[0m [34mDEBUG[0m [2methereum_transaction_pool_monitor::mempool_monitor[0m[2m:[0m 📨 Processing new pending transaction: 0xc0107396c53c5e7e1ef89fe358db8fa9712fa72c815fe126b5da362ac4a12b74
[2m2025-12-10T10:09:13.534144Z[0m [34mDEBUG[0m [2methereum_transaction_pool_monitor::mempool_monitor[0m[2m:[0m 🔍 Fetching transaction details for: 0xc0107396c53c5e7e1ef89fe358db8fa9712fa72c815fe126b5da362ac4a12b74
[2m2025-12-10T10:09:13.534148Z[0m [34mDEBUG[0m [2methereum_transaction_pool_monitor::eth_client[0m[2m:[0m 🔍 Fetching transaction details for hash: 0xc0107396c53c5e7e1ef89fe358db8fa9712fa72c815fe126b5da362ac4a12b74
[2m2025-12-10T10:09:13.534163Z[0m [34mDEBUG[0m [2mhyper::client::pool[0m[2m:[0m reuse idle connection for ("http", 192.168.0.14:8545)
[2m2025-12-10T10:09:13.534181Z[0m [34mDEBUG[0m [2mhyper::proto::h1::io[0m[2m:[0m flushed 250 bytes
[2m2025-12-10T10:09:13.541803Z[0m [34mDEBUG[0m [2mhyper::proto::h1::io[0m[2m:[0m parsed 4 headers
[2m2025-12-10T10:09:13.541854Z[0m [34mDEBUG[0m [2mhyper::proto::h1::conn[0m[2m:[0m incoming body is content-length (766 bytes)
[2m2025-12-10T10:09:13.541862Z[0m [34mDEBUG[0m [2mhyper::proto::h1::conn[0m[2m:[0m incoming body completed
[2m2025-12-10T10:09:13.541872Z[0m [34mDEBUG[0m [2mhyper::client::pool[0m[2m:[0m pooling idle connection for ("http", 192.168.0.14:8545)
[2m2025-12-10T10:09:13.541879Z[0m [34mDEBUG[0m [2methereum_transaction_pool_monitor::eth_client[0m[2m:[0m 📡 Transaction fetch RPC completed in 7.727083ms
[2m2025-12-10T10:09:13.541894Z[0m [34mDEBUG[0m [2methereum_transaction_pool_monitor::eth_client[0m[2m:[0m DeFi transaction detected - Address: 0xdac17f958d2ee523a2206206994597c13d831ec7, Type: Stablecoin, Value: 0 ETH, Gas: 0.27 Gwei
[2m2025-12-10T10:09:13.541905Z[0m [34mDEBUG[0m [2methereum_transaction_pool_monitor::eth_client[0m[2m:[0m ✅ Transaction 0xc0107396c53c5e7e1ef89fe358db8fa9712fa72c815fe126b5da362ac4a12b74 fetched and parsed in 7.753833ms
[2m2025-12-10T10:09:13.541912Z[0m [34mDEBUG[0m [2methereum_transaction_pool_monitor::mempool_monitor[0m[2m:[0m 🔍 Skipping tx 0xc0107396c53c5e7e1ef89fe358db8fa9712fa72c815fe126b5da362ac4a12b74 - not a DEX interaction (target: 0xdAC17F958D2ee523a2206206994597C13D831ec7)
[2m2025-12-10T10:09:13.541919Z[0m [34mDEBUG[0m [2methereum_transaction_pool_monitor::mempool_monitor[0m[2m:[0m 📨 Processing new pending transaction: 0x8b4c8df4bb8a7ef1ba13e01ef43b0f257e49450df54edcbe690d377322da25b1
[2m2025-12-10T10:09:13.541923Z[0m [34mDEBUG[0m [2methereum_transaction_pool_monitor::mempool_monitor[0m[2m:[0m 🔍 Fetching transaction details for: 0x8b4c8df4bb8a7ef1ba13e01ef43b0f257e49450df54edcbe690d377322da25b1
[2m2025-12-10T10:09:13.541926Z[0m [34mDEBUG[0m [2methereum_transaction_pool_monitor::eth_client[0m[2m:[0m 🔍 Fetching transaction details for hash: 0x8b4c8df4bb8a7ef1ba13e01ef43b0f257e49450df54edcbe690d377322da25b1
[2m2025-12-10T10:09:13.541941Z[0m [34mDEBUG[0m [2mhyper::client::pool[0m[2m:[0m reuse idle connection for ("http", 192.168.0.14:8545)
[2m2025-12-10T10:09:13.541971Z[0m [34mDEBUG[0m [2mhyper::proto::h1::io[0m[2m:[0m flushed 250 bytes
[2m2025-12-10T10:09:13.547524Z[0m [34mDEBUG[0m [2mhyper::proto::h1::io[0m[2m:[0m parsed 4 headers
[2m2025-12-10T10:09:13.547540Z[0m [34mDEBUG[0m [2mhyper::proto::h1::conn[0m[2m:[0m incoming body is content-length (830 bytes)
[2m2025-12-10T10:09:13.547547Z[0m [34mDEBUG[0m [2mhyper::proto::h1::conn[0m[2m:[0m incoming body completed
[2m2025-12-10T10:09:13.547555Z[0m [34mDEBUG[0m [2mhyper::client::pool[0m[2m:[0m pooling idle connection for ("http", 192.168.0.14:8545)
[2m2025-12-10T10:09:13.547560Z[0m [34mDEBUG[0m [2methereum_transaction_pool_monitor::eth_client[0m[2m:[0m 📡 Transaction fetch RPC completed in 5.630709ms
[2m2025-12-10T10:09:13.619103Z[0m [34mDEBUG[0m [2methereum_transaction_pool_monitor::eth_client[0m[2m:[0m ✅ Transaction 0x8b4c8df4bb8a7ef1ba13e01ef43b0f257e49450df54edcbe690d377322da25b1 fetched and parsed in 77.170292ms
[2m2025-12-10T10:09:13.619121Z[0m [34mDEBUG[0m [2methereum_transaction_pool_monitor::mempool_monitor[0m[2m:[0m 🔍 Skipping tx 0x8b4c8df4bb8a7ef1ba13e01ef43b0f257e49450df54edcbe690d377322da25b1 - not a DEX interaction (target: 0x3B4D794a66304F130a4Db8F2551B0070dfCf5ca7)
[2m2025-12-10T10:09:13.619132Z[0m [34mDEBUG[0m [2methereum_transaction_pool_monitor::mempool_monitor[0m[2m:[0m 📨 Processing new pending transaction: 0x598f60ff1d479fa658140a9afb3b0463a51c46a4dc55ce91d6137316a66ab2a7
[2m2025-12-10T10:09:13.619137Z[0m [34mDEBUG[0m [2methereum_transaction_pool_monitor::mempool_monitor[0m[2m:[0m 🔍 Fetching transaction details for: 0x598f60ff1d479fa658140a9afb3b0463a51c46a4dc55ce91d6137316a66ab2a7
[2m2025-12-10T10:09:13.619142Z[0m [34mDEBUG[0m [2methereum_transaction_pool_monitor::eth_client[0m[2m:[0m 🔍 Fetching transaction details for hash: 0x598f60ff1d479fa658140a9afb3b0463a51c46a4dc55ce91d6137316a66ab2a7
[2m2025-12-10T10:09:13.619162Z[0m [34mDEBUG[0m [2mhyper::client::pool[0m[2m:[0m reuse idle connection for ("http", 192.168.0.14:8545)
[2m2025-12-10T10:09:13.619199Z[0m [34mDEBUG[0m [2mhyper::proto::h1::io[0m[2m:[0m flushed 250 bytes
[2m2025-12-10T10:09:13.619220Z[0m [34mDEBUG[0m [2mhyper::client::pool[0m[2m:[0m reuse idle connection for ("http", 192.168.0.14:8545)
[2m2025-12-10T10:09:13.619229Z[0m [34mDEBUG[0m [2methereum_transaction_pool_monitor::eth_client[0m[2m:[0m 📨 Received WebSocket message: {"jsonrpc":"2.0","method":"eth_subscription","params":{"subscription":"0xbed0a0851463e895960a451075a301a9","result":"0x1b92ddfca822302f59096fa9714087e49304828e72b9e85d35f06a0b782e27b2"}}
[2m2025-12-10T10:09:13.619243Z[0m [34mDEBUG[0m [2methereum_transaction_pool_monitor::eth_client[0m[2m:[0m 📨 Received pending transaction: 0x1b92ddfca822302f59096fa9714087e49304828e72b9e85d35f06a0b782e27b2
[2m2025-12-10T10:09:13.619232Z[0m [34mDEBUG[0m [2mhyper::proto::h1::io[0m[2m:[0m flushed 172 bytes
[2m2025-12-10T10:09:13.623708Z[0m [34mDEBUG[0m [2mhyper::proto::h1::io[0m[2m:[0m parsed 4 headers
[2m2025-12-10T10:09:13.623733Z[0m [34mDEBUG[0m [2mhyper::proto::h1::conn[0m[2m:[0m incoming body is content-length (45 bytes)
[2m2025-12-10T10:09:13.623742Z[0m [34mDEBUG[0m [2mhyper::proto::h1::conn[0m[2m:[0m incoming body completed
[2m2025-12-10T10:09:13.623755Z[0m [34mDEBUG[0m [2mhyper::client::pool[0m[2m:[0m pooling idle connection for ("http", 192.168.0.14:8545)
[2m2025-12-10T10:09:13.627338Z[0m [34mDEBUG[0m [2mhyper::proto::h1::io[0m[2m:[0m parsed 4 headers
[2m2025-12-10T10:09:13.627345Z[0m [34mDEBUG[0m [2mhyper::proto::h1::conn[0m[2m:[0m incoming body is content-length (1730 bytes)
[2m2025-12-10T10:09:13.627352Z[0m [34mDEBUG[0m [2mhyper::proto::h1::conn[0m[2m:[0m incoming body completed
[2m2025-12-10T10:09:13.627360Z[0m [34mDEBUG[0m [2mhyper::client::pool[0m[2m:[0m pooling idle connection for ("http", 192.168.0.14:8545)
[2m2025-12-10T10:09:13.627366Z[0m [34mDEBUG[0m [2methereum_transaction_pool_monitor::eth_client[0m[2m:[0m 📡 Transaction fetch RPC completed in 8.219ms
[2m2025-12-10T10:09:13.700204Z[0m [34mDEBUG[0m [2methereum_transaction_pool_monitor::eth_client[0m[2m:[0m ✅ Transaction 0x598f60ff1d479fa658140a9afb3b0463a51c46a4dc55ce91d6137316a66ab2a7 fetched and parsed in 81.054833ms
[2m2025-12-10T10:09:13.700232Z[0m [34mDEBUG[0m [2methereum_transaction_pool_monitor::mempool_monitor[0m[2m:[0m 🔍 Skipping tx 0x598f60ff1d479fa658140a9afb3b0463a51c46a4dc55ce91d6137316a66ab2a7 - not a DEX interaction (target: 0x601a2aD6CB5949f0529735254189Ba3194221EDF)
[2m2025-12-10T10:09:13.700243Z[0m [34mDEBUG[0m [2methereum_transaction_pool_monitor::mempool_monitor[0m[2m:[0m 📨 Processing new pending transaction: 0x30002a0476b8dad8c7bf49380c99e2a216a0e6d97482e97c06093fc88e21e643
[2m2025-12-10T10:09:13.700249Z[0m [34mDEBUG[0m [2methereum_transaction_pool_monitor::mempool_monitor[0m[2m:[0m 🔍 Fetching transaction details for: 0x30002a0476b8dad8c7bf49380c99e2a216a0e6d97482e97c06093fc88e21e643
[2m2025-12-10T10:09:13.700253Z[0m [34mDEBUG[0m [2methereum_transaction_pool_monitor::eth_client[0m[2m:[0m 🔍 Fetching transaction details for hash: 0x30002a0476b8dad8c7bf49380c99e2a216a0e6d97482e97c06093fc88e21e643
[2m2025-12-10T10:09:13.700274Z[0m [34mDEBUG[0m [2mhyper::client::pool[0m[2m:[0m reuse idle connection for ("http", 192.168.0.14:8545)
[2m2025-12-10T10:09:13.700306Z[0m [34mDEBUG[0m [2mhyper::proto::h1::io[0m[2m:[0m flushed 250 bytes
[2m2025-12-10T10:09:13.700324Z[0m [34mDEBUG[0m [2mhyper::client::pool[0m[2m:[0m reuse idle connection for ("http", 192.168.0.14:8545)
[2m2025-12-10T10:09:13.700336Z[0m [34mDEBUG[0m [2mhyper::proto::h1::io[0m[2m:[0m flushed 172 bytes
[2m2025-12-10T10:09:13.700336Z[0m [34mDEBUG[0m [2methereum_transaction_pool_monitor::eth_client[0m[2m:[0m 📨 Received WebSocket message: {"jsonrpc":"2.0","method":"eth_subscription","params":{"subscription":"0xbed0a0851463e895960a451075a301a9","result":"0x0ef83ab2b562f3e7aaf42bc245c819f8a9cc5e27256b9aabc8bc62df118195c7"}}
[2m2025-12-10T10:09:13.700350Z[0m [34mDEBUG[0m [2methereum_transaction_pool_monitor::eth_client[0m[2m:[0m 📨 Received pending transaction: 0x0ef83ab2b562f3e7aaf42bc245c819f8a9cc5e27256b9aabc8bc62df118195c7
[2m2025-12-10T10:09:13.704912Z[0m [34mDEBUG[0m [2mhyper::proto::h1::io[0m[2m:[0m parsed 4 headers
[2m2025-12-10T10:09:13.705962Z[0m [34mDEBUG[0m [2mhyper::proto::h1::conn[0m[2m:[0m incoming body is content-length (553 bytes)
[2m2025-12-10T10:09:13.705977Z[0m [34mDEBUG[0m [2mhyper::proto::h1::conn[0m[2m:[0m incoming body completed
[2m2025-12-10T10:09:13.705995Z[0m [34mDEBUG[0m [2mhyper::client::pool[0m[2m:[0m pooling idle connection for ("http", 192.168.0.14:8545)
[2m2025-12-10T10:09:13.706005Z[0m [34mDEBUG[0m [2methereum_transaction_pool_monitor::eth_client[0m[2m:[0m 📡 Transaction fetch RPC completed in 5.747541ms
[2m2025-12-10T10:09:13.777959Z[0m [34mDEBUG[0m [2methereum_transaction_pool_monitor::eth_client[0m[2m:[0m ✅ Transaction 0x30002a0476b8dad8c7bf49380c99e2a216a0e6d97482e97c06093fc88e21e643 fetched and parsed in 77.699ms
[2m2025-12-10T10:09:13.777987Z[0m [34mDEBUG[0m [2methereum_transaction_pool_monitor::mempool_monitor[0m[2m:[0m 🔍 Skipping tx 0x30002a0476b8dad8c7bf49380c99e2a216a0e6d97482e97c06093fc88e21e643 - not a DEX interaction (target: 0xCBD6832Ebc203e49E2B771897067fce3c58575ac)
[2m2025-12-10T10:09:13.777998Z[0m [34mDEBUG[0m [2methereum_transaction_pool_monitor::mempool_monitor[0m[2m:[0m 📨 Processing new pending transaction: 0xad16928f9c966b3ad8a1f2392a1ca79f9fd5a35bccd3aa10ce90e34a453539b7
[2m2025-12-10T10:09:13.778004Z[0m [34mDEBUG[0m [2methereum_transaction_pool_monitor::mempool_monitor[0m[2m:[0m 🔍 Fetching transaction details for: 0xad16928f9c966b3ad8a1f2392a1ca79f9fd5a35bccd3aa10ce90e34a453539b7
[2m2025-12-10T10:09:13.778008Z[0m [34mDEBUG[0m [2methereum_transaction_pool_monitor::eth_client[0m[2m:[0m 🔍 Fetching transaction details for hash: 0xad16928f9c966b3ad8a1f2392a1ca79f9fd5a35bccd3aa10ce90e34a453539b7
[2m2025-12-10T10:09:13.778029Z[0m [34mDEBUG[0m [2mhyper::client::pool[0m[2m:[0m reuse idle connection for ("http", 192.168.0.14:8545)
[2m2025-12-10T10:09:13.778074Z[0m [34mDEBUG[0m [2mhyper::proto::h1::io[0m[2m:[0m flushed 250 bytes
[2m2025-12-10T10:09:13.778098Z[0m [34mDEBUG[0m [2methereum_transaction_pool_monitor::eth_client[0m[2m:[0m 📨 Received WebSocket message: {"jsonrpc":"2.0","method":"eth_subscription","params":{"subscription":"0xbed0a0851463e895960a451075a301a9","result":"0x6c57573165059e3da2e370b6fe3899bb2b80e45d9e019fec08f4b67132efadf5"}}
[2m2025-12-10T10:09:13.778100Z[0m [34mDEBUG[0m [2mhyper::proto::h1::io[0m[2m:[0m parsed 4 headers
[2m2025-12-10T10:09:13.778107Z[0m [34mDEBUG[0m [2methereum_transaction_pool_monitor::eth_client[0m[2m:[0m 📨 Received pending transaction: 0x6c57573165059e3da2e370b6fe3899bb2b80e45d9e019fec08f4b67132efadf5
[2m2025-12-10T10:09:13.778111Z[0m [34mDEBUG[0m [2mhyper::proto::h1::conn[0m[2m:[0m incoming body is content-length (45 bytes)
[2m2025-12-10T10:09:13.778119Z[0m [34mDEBUG[0m [2mhyper::proto::h1::conn[0m[2m:[0m incoming body completed
[2m2025-12-10T10:09:13.778127Z[0m [34mDEBUG[0m [2mhyper::client::pool[0m[2m:[0m pooling idle connection for ("http", 192.168.0.14:8545)
[2m2025-12-10T10:09:13.788131Z[0m [34mDEBUG[0m [2mhyper::proto::h1::io[0m[2m:[0m parsed 4 headers
[2m2025-12-10T10:09:13.788142Z[0m [34mDEBUG[0m [2mhyper::proto::h1::conn[0m[2m:[0m incoming body is content-length (774 bytes)
[2m2025-12-10T10:09:13.788149Z[0m [34mDEBUG[0m [2mhyper::proto::h1::conn[0m[2m:[0m incoming body completed
[2m2025-12-10T10:09:13.788158Z[0m [34mDEBUG[0m [2mhyper::client::pool[0m[2m:[0m pooling idle connection for ("http", 192.168.0.14:8545)
[2m2025-12-10T10:09:13.788164Z[0m [34mDEBUG[0m [2methereum_transaction_pool_monitor::eth_client[0m[2m:[0m 📡 Transaction fetch RPC completed in 10.151833ms
[2m2025-12-10T10:09:13.788179Z[0m [34mDEBUG[0m [2methereum_transaction_pool_monitor::eth_client[0m[2m:[0m DeFi transaction detected - Address: 0xdac17f958d2ee523a2206206994597c13d831ec7, Type: Stablecoin, Value: 0 ETH, Gas: 2.21 Gwei
[2m2025-12-10T10:09:13.788191Z[0m [34mDEBUG[0m [2methereum_transaction_pool_monitor::eth_client[0m[2m:[0m ✅ Transaction 0xad16928f9c966b3ad8a1f2392a1ca79f9fd5a35bccd3aa10ce90e34a453539b7 fetched and parsed in 10.178416ms
[2m2025-12-10T10:09:13.788196Z[0m [34mDEBUG[0m [2methereum_transaction_pool_monitor::mempool_monitor[0m[2m:[0m 🔍 Skipping tx 0xad16928f9c966b3ad8a1f2392a1ca79f9fd5a35bccd3aa10ce90e34a453539b7 - not a DEX interaction (target: 0xdAC17F958D2ee523a2206206994597C13D831ec7)
[2m2025-12-10T10:09:13.788202Z[0m [34mDEBUG[0m [2methereum_transaction_pool_monitor::mempool_monitor[0m[2m:[0m 📨 Processing new pending transaction: 0xc3229969bfb009693d545319896d7ece0e7de1b2e93cbd36c07fc03482733a5f
[2m2025-12-10T10:09:13.788206Z[0m [34mDEBUG[0m [2methereum_transaction_pool_monitor::mempool_monitor[0m[2m:[0m 🔍 Fetching transaction details for: 0xc3229969bfb009693d545319896d7ece0e7de1b2e93cbd36c07fc03482733a5f
[2m2025-12-10T10:09:13.788209Z[0m [34mDEBUG[0m [2methereum_transaction_pool_monitor::eth_client[0m[2m:[0m 🔍 Fetching transaction details for hash: 0xc3229969bfb009693d545319896d7ece0e7de1b2e93cbd36c07fc03482733a5f
[2m2025-12-10T10:09:13.788222Z[0m [34mDEBUG[0m [2mhyper::client::pool[0m[2m:[0m reuse idle connection for ("http", 192.168.0.14:8545)
[2m2025-12-10T10:09:13.788241Z[0m [34mDEBUG[0m [2mhyper::proto::h1::io[0m[2m:[0m flushed 250 bytes
[2m2025-12-10T10:09:13.797273Z[0m [34mDEBUG[0m [2mhyper::client::pool[0m[2m:[0m reuse idle connection for ("http", 192.168.0.14:8545)
[2m2025-12-10T10:09:13.797320Z[0m [34mDEBUG[0m [2mhyper::proto::h1::io[0m[2m:[0m flushed 172 bytes
[2m2025-12-10T10:09:13.797763Z[0m [34mDEBUG[0m [2mhyper::proto::h1::io[0m[2m:[0m parsed 4 headers
[2m2025-12-10T10:09:13.797769Z[0m [34mDEBUG[0m [2mhyper::proto::h1::conn[0m[2m:[0m incoming body is content-length (898 bytes)
[2m2025-12-10T10:09:13.797776Z[0m [34mDEBUG[0m [2mhyper::proto::h1::conn[0m[2m:[0m incoming body completed
[2m2025-12-10T10:09:13.797784Z[0m [34mDEBUG[0m [2mhyper::client::pool[0m[2m:[0m pooling idle connection for ("http", 192.168.0.14:8545)
[2m2025-12-10T10:09:13.797789Z[0m [34mDEBUG[0m [2methereum_transaction_pool_monitor::eth_client[0m[2m:[0m 📡 Transaction fetch RPC completed in 9.5765ms
[2m2025-12-10T10:09:13.868106Z[0m [34mDEBUG[0m [2methereum_transaction_pool_monitor::eth_client[0m[2m:[0m ✅ Transaction 0xc3229969bfb009693d545319896d7ece0e7de1b2e93cbd36c07fc03482733a5f fetched and parsed in 79.8905ms
[2m2025-12-10T10:09:13.868126Z[0m [34mDEBUG[0m [2methereum_transaction_pool_monitor::mempool_monitor[0m[2m:[0m 🔍 Skipping tx 0xc3229969bfb009693d545319896d7ece0e7de1b2e93cbd36c07fc03482733a5f - not a DEX interaction (target: 0x62b397afd9DFb2166C57323Fa3bBeaAceeCb3460)
[2m2025-12-10T10:09:13.868135Z[0m [34mDEBUG[0m [2methereum_transaction_pool_monitor::mempool_monitor[0m[2m:[0m 📨 Processing new pending transaction: 0xfd801185bbc577ea40f57ee1423ccf03c03dc5348c4ae9951782879857453902
[2m2025-12-10T10:09:13.868139Z[0m [34mDEBUG[0m [2methereum_transaction_pool_monitor::mempool_monitor[0m[2m:[0m 🔍 Fetching transaction details for: 0xfd801185bbc577ea40f57ee1423ccf03c03dc5348c4ae9951782879857453902
[2m2025-12-10T10:09:13.868143Z[0m [34mDEBUG[0m [2methereum_transaction_pool_monitor::eth_client[0m[2m:[0m 🔍 Fetching transaction details for hash: 0xfd801185bbc577ea40f57ee1423ccf03c03dc5348c4ae9951782879857453902
[2m2025-12-10T10:09:13.868160Z[0m [34mDEBUG[0m [2mhyper::client::pool[0m[2m:[0m reuse idle connection for ("http", 192.168.0.14:8545)
[2m2025-12-10T10:09:13.868199Z[0m [34mDEBUG[0m [2mhyper::proto::h1::io[0m[2m:[0m flushed 250 bytes
[2m2025-12-10T10:09:13.868213Z[0m [34mDEBUG[0m [2mhyper::proto::h1::io[0m[2m:[0m parsed 4 headers
[2m2025-12-10T10:09:13.868217Z[0m [34mDEBUG[0m [2mhyper::proto::h1::conn[0m[2m:[0m incoming body is content-length (45 bytes)
[2m2025-12-10T10:09:13.868224Z[0m [34mDEBUG[0m [2mhyper::proto::h1::conn[0m[2m:[0m incoming body completed
[2m2025-12-10T10:09:13.868231Z[0m [34mDEBUG[0m [2mhyper::client::pool[0m[2m:[0m pooling idle connection for ("http", 192.168.0.14:8545)
[2m2025-12-10T10:09:13.876809Z[0m [34mDEBUG[0m [2mhyper::proto::h1::io[0m[2m:[0m parsed 4 headers
[2m2025-12-10T10:09:13.876821Z[0m [34mDEBUG[0m [2mhyper::proto::h1::conn[0m[2m:[0m incoming body is content-length (775 bytes)
[2m2025-12-10T10:09:13.876830Z[0m [34mDEBUG[0m [2mhyper::proto::h1::conn[0m[2m:[0m incoming body completed
[2m2025-12-10T10:09:13.876840Z[0m [34mDEBUG[0m [2mhyper::client::pool[0m[2m:[0m pooling idle connection for ("http", 192.168.0.14:8545)
[2m2025-12-10T10:09:13.876847Z[0m [34mDEBUG[0m [2methereum_transaction_pool_monitor::eth_client[0m[2m:[0m 📡 Transaction fetch RPC completed in 8.7005ms
[2m2025-12-10T10:09:13.876863Z[0m [34mDEBUG[0m [2methereum_transaction_pool_monitor::eth_client[0m[2m:[0m DeFi transaction detected - Address: 0xdac17f958d2ee523a2206206994597c13d831ec7, Type: Stablecoin, Value: 0 ETH, Gas: 2.86 Gwei
[2m2025-12-10T10:09:13.876876Z[0m [34mDEBUG[0m [2methereum_transaction_pool_monitor::eth_client[0m[2m:[0m ✅ Transaction 0xfd801185bbc577ea40f57ee1423ccf03c03dc5348c4ae9951782879857453902 fetched and parsed in 8.729541ms
[2m2025-12-10T10:09:13.876882Z[0m [34mDEBUG[0m [2methereum_transaction_pool_monitor::mempool_monitor[0m[2m:[0m 🔍 Skipping tx 0xfd801185bbc577ea40f57ee1423ccf03c03dc5348c4ae9951782879857453902 - not a DEX interaction (target: 0xdAC17F958D2ee523a2206206994597C13D831ec7)
[2m2025-12-10T10:09:13.876889Z[0m [34mDEBUG[0m [2methereum_transaction_pool_monitor::mempool_monitor[0m[2m:[0m 📨 Processing new pending transaction: 0xe18eeb7d3f4688dfd207d02eb32863131361ca6a8202757a5efa96055f08dd48
[2m2025-12-10T10:09:13.876893Z[0m [34mDEBUG[0m [2methereum_transaction_pool_monitor::mempool_monitor[0m[2m:[0m 🔍 Fetching transaction details for: 0xe18eeb7d3f4688dfd207d02eb32863131361ca6a8202757a5efa96055f08dd48
[2m2025-12-10T10:09:13.876897Z[0m [34mDEBUG[0m [2methereum_transaction_pool_monitor::eth_client[0m[2m:[0m 🔍 Fetching transaction details for hash: 0xe18eeb7d3f4688dfd207d02eb32863131361ca6a8202757a5efa96055f08dd48
[2m2025-12-10T10:09:13.876911Z[0m [34mDEBUG[0m [2mhyper::client::pool[0m[2m:[0m reuse idle connection for ("http", 192.168.0.14:8545)
[2m2025-12-10T10:09:13.876934Z[0m [34mDEBUG[0m [2mhyper::proto::h1::io[0m[2m:[0m flushed 250 bytes
[2m2025-12-10T10:09:13.882264Z[0m [34mDEBUG[0m [2mhyper::proto::h1::io[0m[2m:[0m parsed 4 headers
[2m2025-12-10T10:09:13.882285Z[0m [34mDEBUG[0m [2mhyper::proto::h1::conn[0m[2m:[0m incoming body is content-length (770 bytes)
[2m2025-12-10T10:09:13.882293Z[0m [34mDEBUG[0m [2mhyper::proto::h1::conn[0m[2m:[0m incoming body completed
[2m2025-12-10T10:09:13.882304Z[0m [34mDEBUG[0m [2mhyper::client::pool[0m[2m:[0m pooling idle connection for ("http", 192.168.0.14:8545)
[2m2025-12-10T10:09:13.882312Z[0m [34mDEBUG[0m [2methereum_transaction_pool_monitor::eth_client[0m[2m:[0m 📡 Transaction fetch RPC completed in 5.411125ms
[2m2025-12-10T10:09:13.882328Z[0m [34mDEBUG[0m [2methereum_transaction_pool_monitor::eth_client[0m[2m:[0m DeFi transaction detected - Address: 0xdac17f958d2ee523a2206206994597c13d831ec7, Type: Stablecoin, Value: 0 ETH, Gas: 0.21 Gwei
[2m2025-12-10T10:09:13.882339Z[0m [34mDEBUG[0m [2methereum_transaction_pool_monitor::eth_client[0m[2m:[0m ✅ Transaction 0xe18eeb7d3f4688dfd207d02eb32863131361ca6a8202757a5efa96055f08dd48 fetched and parsed in 5.4385ms
[2m2025-12-10T10:09:13.882345Z[0m [34mDEBUG[0m [2methereum_transaction_pool_monitor::mempool_monitor[0m[2m:[0m 🔍 Skipping tx 0xe18eeb7d3f4688dfd207d02eb32863131361ca6a8202757a5efa96055f08dd48 - not a DEX interaction (target: 0xdAC17F958D2ee523a2206206994597C13D831ec7)
[2m2025-12-10T10:09:13.882353Z[0m [34mDEBUG[0m [2methereum_transaction_pool_monitor::mempool_monitor[0m[2m:[0m 📨 Processing new pending transaction: 0xfa646c5b343ee2d6abc59cb0b429bf951ef872a1358cfed36660795dc41a702b
[2m2025-12-10T10:09:13.882356Z[0m [34mDEBUG[0m [2methereum_transaction_pool_monitor::mempool_monitor[0m[2m:[0m 🔍 Fetching transaction details for: 0xfa646c5b343ee2d6abc59cb0b429bf951ef872a1358cfed36660795dc41a702b
[2m2025-12-10T10:09:13.882359Z[0m [34mDEBUG[0m [2methereum_transaction_pool_monitor::eth_client[0m[2m:[0m 🔍 Fetching transaction details for hash: 0xfa646c5b343ee2d6abc59cb0b429bf951ef872a1358cfed36660795dc41a702b
[2m2025-12-10T10:09:13.882378Z[0m [34mDEBUG[0m [2mhyper::client::pool[0m[2m:[0m reuse idle connection for ("http", 192.168.0.14:8545)
[2m2025-12-10T10:09:13.882411Z[0m [34mDEBUG[0m [2mhyper::proto::h1::io[0m[2m:[0m flushed 250 bytes
[2m2025-12-10T10:09:13.885906Z[0m [34mDEBUG[0m [2mhyper::proto::h1::io[0m[2m:[0m parsed 4 headers
[2m2025-12-10T10:09:13.885920Z[0m [34mDEBUG[0m [2mhyper::proto::h1::conn[0m[2m:[0m incoming body is content-length (641 bytes)
[2m2025-12-10T10:09:13.885926Z[0m [34mDEBUG[0m [2mhyper::proto::h1::conn[0m[2m:[0m incoming body completed
[2m2025-12-10T10:09:13.885935Z[0m [34mDEBUG[0m [2mhyper::client::pool[0m[2m:[0m pooling idle connection for ("http", 192.168.0.14:8545)
[2m2025-12-10T10:09:13.885941Z[0m [34mDEBUG[0m [2methereum_transaction_pool_monitor::eth_client[0m[2m:[0m 📡 Transaction fetch RPC completed in 3.574459ms
[2m2025-12-10T10:09:13.955969Z[0m [34mDEBUG[0m [2methereum_transaction_pool_monitor::eth_client[0m[2m:[0m ✅ Transaction 0xfa646c5b343ee2d6abc59cb0b429bf951ef872a1358cfed36660795dc41a702b fetched and parsed in 73.599167ms
[2m2025-12-10T10:09:13.956005Z[0m [34mDEBUG[0m [2methereum_transaction_pool_monitor::mempool_monitor[0m[2m:[0m 🔍 Skipping tx 0xfa646c5b343ee2d6abc59cb0b429bf951ef872a1358cfed36660795dc41a702b - not a DEX interaction (target: 0x02c7Fd161E135b927a40d5DF889f4CEb3eC088b9)
[2m2025-12-10T10:09:13.956017Z[0m [34mDEBUG[0m [2methereum_transaction_pool_monitor::mempool_monitor[0m[2m:[0m 📨 Processing new pending transaction: 0x109d31dd77eef842811e4ae85c60c464c2e7cde91108088ce9d9d7104ed6c9e8
[2m2025-12-10T10:09:13.956022Z[0m [34mDEBUG[0m [2methereum_transaction_pool_monitor::mempool_monitor[0m[2m:[0m 🔍 Fetching transaction details for: 0x109d31dd77eef842811e4ae85c60c464c2e7cde91108088ce9d9d7104ed6c9e8
[2m2025-12-10T10:09:13.956027Z[0m [34mDEBUG[0m [2methereum_transaction_pool_monitor::eth_client[0m[2m:[0m 🔍 Fetching transaction details for hash: 0x109d31dd77eef842811e4ae85c60c464c2e7cde91108088ce9d9d7104ed6c9e8
[2m2025-12-10T10:09:13.956055Z[0m [34mDEBUG[0m [2mhyper::client::pool[0m[2m:[0m reuse idle connection for ("http", 192.168.0.14:8545)
[2m2025-12-10T10:09:13.956093Z[0m [34mDEBUG[0m [2mhyper::proto::h1::io[0m[2m:[0m flushed 250 bytes
[2m2025-12-10T10:09:13.956114Z[0m [34mDEBUG[0m [2mhyper::client::pool[0m[2m:[0m reuse idle connection for ("http", 192.168.0.14:8545)
[2m2025-12-10T10:09:13.956125Z[0m [34mDEBUG[0m [2methereum_transaction_pool_monitor::eth_client[0m[2m:[0m 📨 Received WebSocket message: {"jsonrpc":"2.0","method":"eth_subscription","params":{"subscription":"0xbed0a0851463e895960a451075a301a9","result":"0x8e9e1970bf2c3e0982c2662aebb23fe4bb834d89d094c4c2d8014dd8d75e99e7"}}
[2m2025-12-10T10:09:13.956129Z[0m [34mDEBUG[0m [2mhyper::proto::h1::io[0m[2m:[0m flushed 172 bytes
[2m2025-12-10T10:09:13.956138Z[0m [34mDEBUG[0m [2methereum_transaction_pool_monitor::eth_client[0m[2m:[0m 📨 Received pending transaction: 0x8e9e1970bf2c3e0982c2662aebb23fe4bb834d89d094c4c2d8014dd8d75e99e7
[2m2025-12-10T10:09:13.965186Z[0m [34mDEBUG[0m [2mhyper::proto::h1::io[0m[2m:[0m parsed 4 headers
[2m2025-12-10T10:09:13.965200Z[0m [34mDEBUG[0m [2mhyper::proto::h1::conn[0m[2m:[0m incoming body is content-length (646 bytes)
[2m2025-12-10T10:09:13.965208Z[0m [34mDEBUG[0m [2mhyper::proto::h1::conn[0m[2m:[0m incoming body completed
[2m2025-12-10T10:09:13.965219Z[0m [34mDEBUG[0m [2mhyper::client::pool[0m[2m:[0m pooling idle connection for ("http", 192.168.0.14:8545)
[2m2025-12-10T10:09:13.965227Z[0m [34mDEBUG[0m [2methereum_transaction_pool_monitor::eth_client[0m[2m:[0m 📡 Transaction fetch RPC completed in 9.196292ms
[2m2025-12-10T10:09:14.037183Z[0m [34mDEBUG[0m [2methereum_transaction_pool_monitor::eth_client[0m[2m:[0m ✅ Transaction 0x109d31dd77eef842811e4ae85c60c464c2e7cde91108088ce9d9d7104ed6c9e8 fetched and parsed in 81.149208ms
[2m2025-12-10T10:09:14.037213Z[0m [34mDEBUG[0m [2methereum_transaction_pool_monitor::mempool_monitor[0m[2m:[0m 🔍 Skipping tx 0x109d31dd77eef842811e4ae85c60c464c2e7cde91108088ce9d9d7104ed6c9e8 - not a DEX interaction (target: 0xF4681f158eAa06D962b471606733A921F69be7EE)
[2m2025-12-10T10:09:14.037224Z[0m [34mDEBUG[0m [2methereum_transaction_pool_monitor::mempool_monitor[0m[2m:[0m 📨 Processing new pending transaction: 0x1b92ddfca822302f59096fa9714087e49304828e72b9e85d35f06a0b782e27b2
[2m2025-12-10T10:09:14.037229Z[0m [34mDEBUG[0m [2methereum_transaction_pool_monitor::mempool_monitor[0m[2m:[0m 🔍 Fetching transaction details for: 0x1b92ddfca822302f59096fa9714087e49304828e72b9e85d35f06a0b782e27b2
[2m2025-12-10T10:09:14.037233Z[0m [34mDEBUG[0m [2methereum_transaction_pool_monitor::eth_client[0m[2m:[0m 🔍 Fetching transaction details for hash: 0x1b92ddfca822302f59096fa9714087e49304828e72b9e85d35f06a0b782e27b2
[2m2025-12-10T10:09:14.037253Z[0m [34mDEBUG[0m [2mhyper::client::pool[0m[2m:[0m reuse idle connection for ("http", 192.168.0.14:8545)
[2m2025-12-10T10:09:14.037298Z[0m [34mDEBUG[0m [2mhyper::proto::h1::io[0m[2m:[0m flushed 250 bytes
[2m2025-12-10T10:09:14.037322Z[0m [34mDEBUG[0m [2methereum_transaction_pool_monitor::eth_client[0m[2m:[0m 📨 Received WebSocket message: {"jsonrpc":"2.0","method":"eth_subscription","params":{"subscription":"0xbed0a0851463e895960a451075a301a9","result":"0x93286db03388e16a85b83b7914b4e57d1adbeb07236a72caba0da2cd1e7bc18b"}}
[2m2025-12-10T10:09:14.037331Z[0m [34mDEBUG[0m [2methereum_transaction_pool_monitor::eth_client[0m[2m:[0m 📨 Received pending transaction: 0x93286db03388e16a85b83b7914b4e57d1adbeb07236a72caba0da2cd1e7bc18b
[2m2025-12-10T10:09:14.037348Z[0m [34mDEBUG[0m [2mhyper::proto::h1::io[0m[2m:[0m parsed 4 headers
[2m2025-12-10T10:09:14.037355Z[0m [34mDEBUG[0m [2mhyper::proto::h1::conn[0m[2m:[0m incoming body is content-length (45 bytes)
[2m2025-12-10T10:09:14.037363Z[0m [34mDEBUG[0m [2mhyper::proto::h1::conn[0m[2m:[0m incoming body completed
[2m2025-12-10T10:09:14.037371Z[0m [34mDEBUG[0m [2mhyper::client::pool[0m[2m:[0m pooling idle connection for ("http", 192.168.0.14:8545)
[2m2025-12-10T10:09:14.037388Z[0m [34mDEBUG[0m [2mhyper::client::pool[0m[2m:[0m reuse idle connection for ("http", 192.168.0.14:8545)
[2m2025-12-10T10:09:14.037403Z[0m [34mDEBUG[0m [2mhyper::proto::h1::io[0m[2m:[0m flushed 172 bytes
[2m2025-12-10T10:09:14.042071Z[0m [34mDEBUG[0m [2mhyper::proto::h1::io[0m[2m:[0m parsed 4 headers
[2m2025-12-10T10:09:14.042083Z[0m [34mDEBUG[0m [2mhyper::proto::h1::conn[0m[2m:[0m incoming body is content-length (647 bytes)
[2m2025-12-10T10:09:14.042090Z[0m [34mDEBUG[0m [2mhyper::proto::h1::conn[0m[2m:[0m incoming body completed
[2m2025-12-10T10:09:14.042099Z[0m [34mDEBUG[0m [2mhyper::client::pool[0m[2m:[0m pooling idle connection for ("http", 192.168.0.14:8545)
[2m2025-12-10T10:09:14.042105Z[0m [34mDEBUG[0m [2methereum_transaction_pool_monitor::eth_client[0m[2m:[0m 📡 Transaction fetch RPC completed in 4.868125ms
[2m2025-12-10T10:09:14.113462Z[0m [34mDEBUG[0m [2methereum_transaction_pool_monitor::eth_client[0m[2m:[0m ✅ Transaction 0x1b92ddfca822302f59096fa9714087e49304828e72b9e85d35f06a0b782e27b2 fetched and parsed in 76.221166ms
[2m2025-12-10T10:09:14.113486Z[0m [34mDEBUG[0m [2methereum_transaction_pool_monitor::mempool_monitor[0m[2m:[0m 🔍 Skipping tx 0x1b92ddfca822302f59096fa9714087e49304828e72b9e85d35f06a0b782e27b2 - not a DEX interaction (target: 0x523152242e1a499Ef66e3b1B5baBE31D0A5187c1)
[2m2025-12-10T10:09:14.113496Z[0m [34mDEBUG[0m [2methereum_transaction_pool_monitor::mempool_monitor[0m[2m:[0m 📨 Processing new pending transaction: 0x0ef83ab2b562f3e7aaf42bc245c819f8a9cc5e27256b9aabc8bc62df118195c7
[2m2025-12-10T10:09:14.113501Z[0m [34mDEBUG[0m [2methereum_transaction_pool_monitor::mempool_monitor[0m[2m:[0m 🔍 Fetching transaction details for: 0x0ef83ab2b562f3e7aaf42bc245c819f8a9cc5e27256b9aabc8bc62df118195c7
[2m2025-12-10T10:09:14.113505Z[0m [34mDEBUG[0m [2methereum_transaction_pool_monitor::eth_client[0m[2m:[0m 🔍 Fetching transaction details for hash: 0x0ef83ab2b562f3e7aaf42bc245c819f8a9cc5e27256b9aabc8bc62df118195c7
[2m2025-12-10T10:09:14.113526Z[0m [34mDEBUG[0m [2mhyper::client::pool[0m[2m:[0m reuse idle connection for ("http", 192.168.0.14:8545)
[2m2025-12-10T10:09:14.113559Z[0m [34mDEBUG[0m [2mhyper::proto::h1::io[0m[2m:[0m flushed 250 bytes
[2m2025-12-10T10:09:14.113583Z[0m [34mDEBUG[0m [2methereum_transaction_pool_monitor::eth_client[0m[2m:[0m 📨 Received WebSocket message: {"jsonrpc":"2.0","method":"eth_subscription","params":{"subscription":"0xbed0a0851463e895960a451075a301a9","result":"0x0c6c2102fca3672eb081db339107c58bc1e2deee9bb17e5e8d9140d4e15bcda3"}}
[2m2025-12-10T10:09:14.113587Z[0m [34mDEBUG[0m [2mhyper::proto::h1::io[0m[2m:[0m parsed 4 headers
[2m2025-12-10T10:09:14.113591Z[0m [34mDEBUG[0m [2methereum_transaction_pool_monitor::eth_client[0m[2m:[0m 📨 Received pending transaction: 0x0c6c2102fca3672eb081db339107c58bc1e2deee9bb17e5e8d9140d4e15bcda3
[2m2025-12-10T10:09:14.113596Z[0m [34mDEBUG[0m [2mhyper::proto::h1::conn[0m[2m:[0m incoming body is content-length (45 bytes)
[2m2025-12-10T10:09:14.113599Z[0m [34mDEBUG[0m [2methereum_transaction_pool_monitor::eth_client[0m[2m:[0m 📨 Received WebSocket message: {"jsonrpc":"2.0","method":"eth_subscription","params":{"subscription":"0xbed0a0851463e895960a451075a301a9","result":"0x21aeaf26d612f7e0a4ce64559b6f7380241f4bba9060f6a69879d77153629a0d"}}
[2m2025-12-10T10:09:14.113605Z[0m [34mDEBUG[0m [2mhyper::proto::h1::conn[0m[2m:[0m incoming body completed
[2m2025-12-10T10:09:14.113606Z[0m [34mDEBUG[0m [2methereum_transaction_pool_monitor::eth_client[0m[2m:[0m 📨 Received pending transaction: 0x21aeaf26d612f7e0a4ce64559b6f7380241f4bba9060f6a69879d77153629a0d
[2m2025-12-10T10:09:14.113616Z[0m [34mDEBUG[0m [2methereum_transaction_pool_monitor::eth_client[0m[2m:[0m 📨 Received WebSocket message: {"jsonrpc":"2.0","method":"eth_subscription","params":{"subscription":"0xbed0a0851463e895960a451075a301a9","result":"0x97025683375e9e0d0a31824c11758628ed99db512a9f6a26aa4897527962d368"}}
[2m2025-12-10T10:09:14.113616Z[0m [34mDEBUG[0m [2mhyper::client::pool[0m[2m:[0m pooling idle connection for ("http", 192.168.0.14:8545)
[2m2025-12-10T10:09:14.113622Z[0m [34mDEBUG[0m [2methereum_transaction_pool_monitor::eth_client[0m[2m:[0m 📨 Received pending transaction: 0x97025683375e9e0d0a31824c11758628ed99db512a9f6a26aa4897527962d368
[2m2025-12-10T10:09:14.113637Z[0m [34mDEBUG[0m [2mhyper::client::pool[0m[2m:[0m reuse idle connection for ("http", 192.168.0.14:8545)
[2m2025-12-10T10:09:14.113653Z[0m [34mDEBUG[0m [2mhyper::proto::h1::io[0m[2m:[0m flushed 172 bytes
[2m2025-12-10T10:09:14.118895Z[0m [34mDEBUG[0m [2mhyper::proto::h1::io[0m[2m:[0m parsed 4 headers
[2m2025-12-10T10:09:14.118912Z[0m [34mDEBUG[0m [2mhyper::proto::h1::conn[0m[2m:[0m incoming body is content-length (45 bytes)
[2m2025-12-10T10:09:14.118920Z[0m [34mDEBUG[0m [2mhyper::proto::h1::conn[0m[2m:[0m incoming body completed
[2m2025-12-10T10:09:14.118929Z[0m [34mDEBUG[0m [2mhyper::client::pool[0m[2m:[0m pooling idle connection for ("http", 192.168.0.14:8545)
[2m2025-12-10T10:09:14.120761Z[0m [34mDEBUG[0m [2mhyper::proto::h1::io[0m[2m:[0m parsed 4 headers
[2m2025-12-10T10:09:14.120775Z[0m [34mDEBUG[0m [2mhyper::proto::h1::conn[0m[2m:[0m incoming body is content-length (1731 bytes)
[2m2025-12-10T10:09:14.120783Z[0m [34mDEBUG[0m [2mhyper::proto::h1::conn[0m[2m:[0m incoming body completed
[2m2025-12-10T10:09:14.120793Z[0m [34mDEBUG[0m [2mhyper::client::pool[0m[2m:[0m pooling idle connection for ("http", 192.168.0.14:8545)
[2m2025-12-10T10:09:14.120802Z[0m [34mDEBUG[0m [2methereum_transaction_pool_monitor::eth_client[0m[2m:[0m 📡 Transaction fetch RPC completed in 7.293042ms
[2m2025-12-10T10:09:14.193166Z[0m [34mDEBUG[0m [2methereum_transaction_pool_monitor::eth_client[0m[2m:[0m ✅ Transaction 0x0ef83ab2b562f3e7aaf42bc245c819f8a9cc5e27256b9aabc8bc62df118195c7 fetched and parsed in 79.654958ms
[2m2025-12-10T10:09:14.193197Z[0m [34mDEBUG[0m [2methereum_transaction_pool_monitor::mempool_monitor[0m[2m:[0m 🔍 Skipping tx 0x0ef83ab2b562f3e7aaf42bc245c819f8a9cc5e27256b9aabc8bc62df118195c7 - not a DEX interaction (target: 0x601a2aD6CB5949f0529735254189Ba3194221EDF)
[2m2025-12-10T10:09:14.193208Z[0m [34mDEBUG[0m [2methereum_transaction_pool_monitor::mempool_monitor[0m[2m:[0m 📨 Processing new pending transaction: 0x6c57573165059e3da2e370b6fe3899bb2b80e45d9e019fec08f4b67132efadf5
[2m2025-12-10T10:09:14.193214Z[0m [34mDEBUG[0m [2methereum_transaction_pool_monitor::mempool_monitor[0m[2m:[0m 🔍 Fetching transaction details for: 0x6c57573165059e3da2e370b6fe3899bb2b80e45d9e019fec08f4b67132efadf5
[2m2025-12-10T10:09:14.193218Z[0m [34mDEBUG[0m [2methereum_transaction_pool_monitor::eth_client[0m[2m:[0m 🔍 Fetching transaction details for hash: 0x6c57573165059e3da2e370b6fe3899bb2b80e45d9e019fec08f4b67132efadf5
[2m2025-12-10T10:09:14.193238Z[0m [34mDEBUG[0m [2mhyper::client::pool[0m[2m:[0m reuse idle connection for ("http", 192.168.0.14:8545)
[2m2025-12-10T10:09:14.193279Z[0m [34mDEBUG[0m [2mhyper::proto::h1::io[0m[2m:[0m flushed 250 bytes
[2m2025-12-10T10:09:14.196716Z[0m [34mDEBUG[0m [2mhyper::client::pool[0m[2m:[0m reuse idle connection for ("http", 192.168.0.14:8545)
[2m2025-12-10T10:09:14.196770Z[0m [34mDEBUG[0m [2mhyper::proto::h1::io[0m[2m:[0m flushed 172 bytes
[2m2025-12-10T10:09:14.199564Z[0m [34mDEBUG[0m [2mhyper::proto::h1::io[0m[2m:[0m parsed 4 headers
[2m2025-12-10T10:09:14.199571Z[0m [34mDEBUG[0m [2mhyper::proto::h1::conn[0m[2m:[0m incoming body is content-length (640 bytes)
[2m2025-12-10T10:09:14.199578Z[0m [34mDEBUG[0m [2mhyper::proto::h1::conn[0m[2m:[0m incoming body completed
[2m2025-12-10T10:09:14.199586Z[0m [34mDEBUG[0m [2mhyper::client::pool[0m[2m:[0m pooling idle connection for ("http", 192.168.0.14:8545)
[2m2025-12-10T10:09:14.199592Z[0m [34mDEBUG[0m [2methereum_transaction_pool_monitor::eth_client[0m[2m:[0m 📡 Transaction fetch RPC completed in 6.3705ms
[2m2025-12-10T10:09:14.268530Z[0m [34mDEBUG[0m [2methereum_transaction_pool_monitor::eth_client[0m[2m:[0m ✅ Transaction 0x6c57573165059e3da2e370b6fe3899bb2b80e45d9e019fec08f4b67132efadf5 fetched and parsed in 75.305875ms
[2m2025-12-10T10:09:14.268565Z[0m [34mDEBUG[0m [2methereum_transaction_pool_monitor::mempool_monitor[0m[2m:[0m 🔍 Skipping tx 0x6c57573165059e3da2e370b6fe3899bb2b80e45d9e019fec08f4b67132efadf5 - not a DEX interaction (target: 0x7C9a7130379F1B5dd6e7A53AF84fC0fE32267B65)
[2m2025-12-10T10:09:14.268576Z[0m [34mDEBUG[0m [2methereum_transaction_pool_monitor::mempool_monitor[0m[2m:[0m 📨 Processing new pending transaction: 0x8e9e1970bf2c3e0982c2662aebb23fe4bb834d89d094c4c2d8014dd8d75e99e7
[2m2025-12-10T10:09:14.268581Z[0m [34mDEBUG[0m [2methereum_transaction_pool_monitor::mempool_monitor[0m[2m:[0m 🔍 Fetching transaction details for: 0x8e9e1970bf2c3e0982c2662aebb23fe4bb834d89d094c4c2d8014dd8d75e99e7
[2m2025-12-10T10:09:14.268585Z[0m [34mDEBUG[0m [2methereum_transaction_pool_monitor::eth_client[0m[2m:[0m 🔍 Fetching transaction details for hash: 0x8e9e1970bf2c3e0982c2662aebb23fe4bb834d89d094c4c2d8014dd8d75e99e7
[2m2025-12-10T10:09:14.268606Z[0m [34mDEBUG[0m [2mhyper::client::pool[0m[2m:[0m reuse idle connection for ("http", 192.168.0.14:8545)
[2m2025-12-10T10:09:14.268656Z[0m [34mDEBUG[0m [2mhyper::proto::h1::io[0m[2m:[0m flushed 250 bytes
[2m2025-12-10T10:09:14.268681Z[0m [34mDEBUG[0m [2methereum_transaction_pool_monitor::eth_client[0m[2m:[0m 📨 Received WebSocket message: {"jsonrpc":"2.0","method":"eth_subscription","params":{"subscription":"0xbed0a0851463e895960a451075a301a9","result":"0x43f842f81f842db860c404479915fd5ee573adab18760fb856c5bb37446ae9c1"}}
[2m2025-12-10T10:09:14.268692Z[0m [34mDEBUG[0m [2methereum_transaction_pool_monitor::eth_client[0m[2m:[0m 📨 Received pending transaction: 0x43f842f81f842db860c404479915fd5ee573adab18760fb856c5bb37446ae9c1
[2m2025-12-10T10:09:14.268698Z[0m [34mDEBUG[0m [2mhyper::proto::h1::io[0m[2m:[0m parsed 4 headers
[2m2025-12-10T10:09:14.268715Z[0m [34mDEBUG[0m [2mhyper::proto::h1::conn[0m[2m:[0m incoming body is content-length (45 bytes)
[2m2025-12-10T10:09:14.268724Z[0m [34mDEBUG[0m [2mhyper::proto::h1::conn[0m[2m:[0m incoming body completed
[2m2025-12-10T10:09:14.268733Z[0m [34mDEBUG[0m [2mhyper::client::pool[0m[2m:[0m pooling idle connection for ("http", 192.168.0.14:8545)
[2m2025-12-10T10:09:14.273865Z[0m [34mDEBUG[0m [2mhyper::proto::h1::io[0m[2m:[0m parsed 4 headers
[2m2025-12-10T10:09:14.273875Z[0m [34mDEBUG[0m [2mhyper::proto::h1::conn[0m[2m:[0m incoming body is content-length (712 bytes)
[2m2025-12-10T10:09:14.273881Z[0m [34mDEBUG[0m [2mhyper::proto::h1::conn[0m[2m:[0m incoming body completed
[2m2025-12-10T10:09:14.273889Z[0m [34mDEBUG[0m [2mhyper::client::pool[0m[2m:[0m pooling idle connection for ("http", 192.168.0.14:8545)
[2m2025-12-10T10:09:14.273894Z[0m [34mDEBUG[0m [2methereum_transaction_pool_monitor::eth_client[0m[2m:[0m 📡 Transaction fetch RPC completed in 5.305375ms
[2m2025-12-10T10:09:14.345015Z[0m [34mDEBUG[0m [2methereum_transaction_pool_monitor::eth_client[0m[2m:[0m ✅ Transaction 0x8e9e1970bf2c3e0982c2662aebb23fe4bb834d89d094c4c2d8014dd8d75e99e7 fetched and parsed in 76.423583ms
[2m2025-12-10T10:09:14.345042Z[0m [34mDEBUG[0m [2methereum_transaction_pool_monitor::mempool_monitor[0m[2m:[0m 🔍 Skipping tx 0x8e9e1970bf2c3e0982c2662aebb23fe4bb834d89d094c4c2d8014dd8d75e99e7 - not a DEX interaction (target: 0x1BBd7c8Dd9ca3fa49D0Ea4ec07D168081989EB37)
[2m2025-12-10T10:09:14.345053Z[0m [34mDEBUG[0m [2methereum_transaction_pool_monitor::mempool_monitor[0m[2m:[0m 📨 Processing new pending transaction: 0x93286db03388e16a85b83b7914b4e57d1adbeb07236a72caba0da2cd1e7bc18b
[2m2025-12-10T10:09:14.345059Z[0m [34mDEBUG[0m [2methereum_transaction_pool_monitor::mempool_monitor[0m[2m:[0m 🔍 Fetching transaction details for: 0x93286db03388e16a85b83b7914b4e57d1adbeb07236a72caba0da2cd1e7bc18b
[2m2025-12-10T10:09:14.345063Z[0m [34mDEBUG[0m [2methereum_transaction_pool_monitor::eth_client[0m[2m:[0m 🔍 Fetching transaction details for hash: 0x93286db03388e16a85b83b7914b4e57d1adbeb07236a72caba0da2cd1e7bc18b
[2m2025-12-10T10:09:14.345085Z[0m [34mDEBUG[0m [2mhyper::client::pool[0m[2m:[0m reuse idle connection for ("http", 192.168.0.14:8545)
[2m2025-12-10T10:09:14.345131Z[0m [34mDEBUG[0m [2mhyper::proto::h1::io[0m[2m:[0m flushed 250 bytes
[2m2025-12-10T10:09:14.345160Z[0m [34mDEBUG[0m [2mhyper::client::pool[0m[2m:[0m reuse idle connection for ("http", 192.168.0.14:8545)
[2m2025-12-10T10:09:14.345177Z[0m [34mDEBUG[0m [2mhyper::proto::h1::io[0m[2m:[0m flushed 172 bytes
[2m2025-12-10T10:09:14.348635Z[0m [34mDEBUG[0m [2mhyper::proto::h1::io[0m[2m:[0m parsed 4 headers
[2m2025-12-10T10:09:14.348642Z[0m [34mDEBUG[0m [2mhyper::proto::h1::conn[0m[2m:[0m incoming body is content-length (45 bytes)
[2m2025-12-10T10:09:14.348650Z[0m [34mDEBUG[0m [2mhyper::proto::h1::conn[0m[2m:[0m incoming body completed
[2m2025-12-10T10:09:14.348657Z[0m [34mDEBUG[0m [2mhyper::client::pool[0m[2m:[0m pooling idle connection for ("http", 192.168.0.14:8545)
[2m2025-12-10T10:09:14.348969Z[0m [34mDEBUG[0m [2mhyper::proto::h1::io[0m[2m:[0m parsed 4 headers
[2m2025-12-10T10:09:14.348984Z[0m [34mDEBUG[0m [2mhyper::proto::h1::conn[0m[2m:[0m incoming body is content-length (773 bytes)
[2m2025-12-10T10:09:14.348991Z[0m [34mDEBUG[0m [2mhyper::proto::h1::conn[0m[2m:[0m incoming body completed
[2m2025-12-10T10:09:14.348998Z[0m [34mDEBUG[0m [2mhyper::client::pool[0m[2m:[0m pooling idle connection for ("http", 192.168.0.14:8545)
[2m2025-12-10T10:09:14.349003Z[0m [34mDEBUG[0m [2methereum_transaction_pool_monitor::eth_client[0m[2m:[0m 📡 Transaction fetch RPC completed in 3.935792ms
[2m2025-12-10T10:09:14.421351Z[0m [34mDEBUG[0m [2methereum_transaction_pool_monitor::eth_client[0m[2m:[0m ✅ Transaction 0x93286db03388e16a85b83b7914b4e57d1adbeb07236a72caba0da2cd1e7bc18b fetched and parsed in 76.281417ms
[2m2025-12-10T10:09:14.421378Z[0m [34mDEBUG[0m [2methereum_transaction_pool_monitor::mempool_monitor[0m[2m:[0m 🔍 Skipping tx 0x93286db03388e16a85b83b7914b4e57d1adbeb07236a72caba0da2cd1e7bc18b - not a DEX interaction (target: 0xA0b86991c6218b36c1d19D4a2e9Eb0cE3606eB48)
[2m2025-12-10T10:09:14.421388Z[0m [34mDEBUG[0m [2methereum_transaction_pool_monitor::mempool_monitor[0m[2m:[0m 📨 Processing new pending transaction: 0x0c6c2102fca3672eb081db339107c58bc1e2deee9bb17e5e8d9140d4e15bcda3
[2m2025-12-10T10:09:14.421393Z[0m [34mDEBUG[0m [2methereum_transaction_pool_monitor::mempool_monitor[0m[2m:[0m 🔍 Fetching transaction details for: 0x0c6c2102fca3672eb081db339107c58bc1e2deee9bb17e5e8d9140d4e15bcda3
[2m2025-12-10T10:09:14.421397Z[0m [34mDEBUG[0m [2methereum_transaction_pool_monitor::eth_client[0m[2m:[0m 🔍 Fetching transaction details for hash: 0x0c6c2102fca3672eb081db339107c58bc1e2deee9bb17e5e8d9140d4e15bcda3
[2m2025-12-10T10:09:14.421415Z[0m [34mDEBUG[0m [2mhyper::client::pool[0m[2m:[0m reuse idle connection for ("http", 192.168.0.14:8545)
[2m2025-12-10T10:09:14.421460Z[0m [34mDEBUG[0m [2mhyper::proto::h1::io[0m[2m:[0m flushed 250 bytes
[2m2025-12-10T10:09:14.421480Z[0m [34mDEBUG[0m [2mhyper::client::pool[0m[2m:[0m reuse idle connection for ("http", 192.168.0.14:8545)
[2m2025-12-10T10:09:14.421492Z[0m [34mDEBUG[0m [2mhyper::proto::h1::io[0m[2m:[0m flushed 172 bytes
[2m2025-12-10T10:09:14.421541Z[0m [34mDEBUG[0m [2methereum_transaction_pool_monitor::eth_client[0m[2m:[0m 📨 Received WebSocket message: {"jsonrpc":"2.0","method":"eth_subscription","params":{"subscription":"0xbed0a0851463e895960a451075a301a9","result":"0x6159518c6863b01ebf4a8ee81e6b1ce3966c78674d179073087a7a80909c29f4"}}
[2m2025-12-10T10:09:14.421550Z[0m [34mDEBUG[0m [2methereum_transaction_pool_monitor::eth_client[0m[2m:[0m 📨 Received pending transaction: 0x6159518c6863b01ebf4a8ee81e6b1ce3966c78674d179073087a7a80909c29f4
[2m2025-12-10T10:09:14.425760Z[0m [34mDEBUG[0m [2mhyper::proto::h1::io[0m[2m:[0m parsed 4 headers
[2m2025-12-10T10:09:14.425774Z[0m [34mDEBUG[0m [2mhyper::proto::h1::conn[0m[2m:[0m incoming body is content-length (45 bytes)
[2m2025-12-10T10:09:14.425780Z[0m [34mDEBUG[0m [2mhyper::proto::h1::conn[0m[2m:[0m incoming body completed
[2m2025-12-10T10:09:14.425789Z[0m [34mDEBUG[0m [2mhyper::client::pool[0m[2m:[0m pooling idle connection for ("http", 192.168.0.14:8545)
[2m2025-12-10T10:09:14.432404Z[0m [34mDEBUG[0m [2mhyper::proto::h1::io[0m[2m:[0m parsed 4 headers
[2m2025-12-10T10:09:14.432412Z[0m [34mDEBUG[0m [2mhyper::proto::h1::conn[0m[2m:[0m incoming body is content-length (772 bytes)
[2m2025-12-10T10:09:14.432418Z[0m [34mDEBUG[0m [2mhyper::proto::h1::conn[0m[2m:[0m incoming body completed
[2m2025-12-10T10:09:14.432426Z[0m [34mDEBUG[0m [2mhyper::client::pool[0m[2m:[0m pooling idle connection for ("http", 192.168.0.14:8545)
[2m2025-12-10T10:09:14.432433Z[0m [34mDEBUG[0m [2methereum_transaction_pool_monitor::eth_client[0m[2m:[0m 📡 Transaction fetch RPC completed in 11.031042ms
[2m2025-12-10T10:09:14.504558Z[0m [34mDEBUG[0m [2methereum_transaction_pool_monitor::eth_client[0m[2m:[0m ✅ Transaction 0x0c6c2102fca3672eb081db339107c58bc1e2deee9bb17e5e8d9140d4e15bcda3 fetched and parsed in 83.153ms
[2m2025-12-10T10:09:14.505515Z[0m [34mDEBUG[0m [2methereum_transaction_pool_monitor::mempool_monitor[0m[2m:[0m 🔍 Skipping tx 0x0c6c2102fca3672eb081db339107c58bc1e2deee9bb17e5e8d9140d4e15bcda3 - not a DEX interaction (target: 0xB8f28C60dD8240141185a192fa4156A23E189305)
[2m2025-12-10T10:09:14.505526Z[0m [34mDEBUG[0m [2methereum_transaction_pool_monitor::mempool_monitor[0m[2m:[0m 📨 Processing new pending transaction: 0x21aeaf26d612f7e0a4ce64559b6f7380241f4bba9060f6a69879d77153629a0d
[2m2025-12-10T10:09:14.505532Z[0m [34mDEBUG[0m [2methereum_transaction_pool_monitor::mempool_monitor[0m[2m:[0m 🔍 Fetching transaction details for: 0x21aeaf26d612f7e0a4ce64559b6f7380241f4bba9060f6a69879d77153629a0d
[2m2025-12-10T10:09:14.505536Z[0m [34mDEBUG[0m [2methereum_transaction_pool_monitor::eth_client[0m[2m:[0m 🔍 Fetching transaction details for hash: 0x21aeaf26d612f7e0a4ce64559b6f7380241f4bba9060f6a69879d77153629a0d
[2m2025-12-10T10:09:14.505558Z[0m [34mDEBUG[0m [2mhyper::client::pool[0m[2m:[0m reuse idle connection for ("http", 192.168.0.14:8545)
[2m2025-12-10T10:09:14.505600Z[0m [34mDEBUG[0m [2mhyper::proto::h1::io[0m[2m:[0m flushed 250 bytes
[2m2025-12-10T10:09:14.505620Z[0m [34mDEBUG[0m [2mhyper::client::pool[0m[2m:[0m reuse idle connection for ("http", 192.168.0.14:8545)
[2m2025-12-10T10:09:14.505634Z[0m [34mDEBUG[0m [2mhyper::proto::h1::io[0m[2m:[0m flushed 172 bytes
[2m2025-12-10T10:09:14.505634Z[0m [34mDEBUG[0m [2methereum_transaction_pool_monitor::eth_client[0m[2m:[0m 📨 Received WebSocket message: {"jsonrpc":"2.0","method":"eth_subscription","params":{"subscription":"0xbed0a0851463e895960a451075a301a9","result":"0xe0d0fe8285ccc8bb23c3ab80d85587eb95315d5b647ad67478fca54d661e75c2"}}
[2m2025-12-10T10:09:14.505646Z[0m [34mDEBUG[0m [2methereum_transaction_pool_monitor::eth_client[0m[2m:[0m 📨 Received pending transaction: 0xe0d0fe8285ccc8bb23c3ab80d85587eb95315d5b647ad67478fca54d661e75c2
[2m2025-12-10T10:09:14.505654Z[0m [34mDEBUG[0m [2methereum_transaction_pool_monitor::eth_client[0m[2m:[0m 📨 Received WebSocket message: {"jsonrpc":"2.0","method":"eth_subscription","params":{"subscription":"0xbed0a0851463e895960a451075a301a9","result":"0xc042248bd0a9f56e84a31febef1a6b1556060efc44bcbe58d8276bf044206179"}}
[2m2025-12-10T10:09:14.505662Z[0m [34mDEBUG[0m [2methereum_transaction_pool_monitor::eth_client[0m[2m:[0m 📨 Received pending transaction: 0xc042248bd0a9f56e84a31febef1a6b1556060efc44bcbe58d8276bf044206179
[2m2025-12-10T10:09:14.512552Z[0m [34mDEBUG[0m [2mhyper::proto::h1::io[0m[2m:[0m parsed 4 headers
[2m2025-12-10T10:09:14.512566Z[0m [34mDEBUG[0m [2mhyper::proto::h1::conn[0m[2m:[0m incoming body is content-length (830 bytes)
[2m2025-12-10T10:09:14.512574Z[0m [34mDEBUG[0m [2mhyper::proto::h1::conn[0m[2m:[0m incoming body completed
[2m2025-12-10T10:09:14.512584Z[0m [34mDEBUG[0m [2mhyper::client::pool[0m[2m:[0m pooling idle connection for ("http", 192.168.0.14:8545)
[2m2025-12-10T10:09:14.512590Z[0m [34mDEBUG[0m [2methereum_transaction_pool_monitor::eth_client[0m[2m:[0m 📡 Transaction fetch RPC completed in 7.050083ms
[2m2025-12-10T10:09:14.580665Z[0m [34mDEBUG[0m [2methereum_transaction_pool_monitor::eth_client[0m[2m:[0m ✅ Transaction 0x21aeaf26d612f7e0a4ce64559b6f7380241f4bba9060f6a69879d77153629a0d fetched and parsed in 75.122542ms
[2m2025-12-10T10:09:14.580687Z[0m [34mDEBUG[0m [2methereum_transaction_pool_monitor::mempool_monitor[0m[2m:[0m 🔍 Skipping tx 0x21aeaf26d612f7e0a4ce64559b6f7380241f4bba9060f6a69879d77153629a0d - not a DEX interaction (target: 0x3B4D794a66304F130a4Db8F2551B0070dfCf5ca7)
[2m2025-12-10T10:09:14.580699Z[0m [34mDEBUG[0m [2methereum_transaction_pool_monitor::mempool_monitor[0m[2m:[0m 📨 Processing new pending transaction: 0x97025683375e9e0d0a31824c11758628ed99db512a9f6a26aa4897527962d368
[2m2025-12-10T10:09:14.580704Z[0m [34mDEBUG[0m [2methereum_transaction_pool_monitor::mempool_monitor[0m[2m:[0m 🔍 Fetching transaction details for: 0x97025683375e9e0d0a31824c11758628ed99db512a9f6a26aa4897527962d368
[2m2025-12-10T10:09:14.580708Z[0m [34mDEBUG[0m [2methereum_transaction_pool_monitor::eth_client[0m[2m:[0m 🔍 Fetching transaction details for hash: 0x97025683375e9e0d0a31824c11758628ed99db512a9f6a26aa4897527962d368
[2m2025-12-10T10:09:14.580732Z[0m [34mDEBUG[0m [2mhyper::client::pool[0m[2m:[0m reuse idle connection for ("http", 192.168.0.14:8545)
[2m2025-12-10T10:09:14.580774Z[0m [34mDEBUG[0m [2mhyper::proto::h1::io[0m[2m:[0m flushed 250 bytes
[2m2025-12-10T10:09:14.580795Z[0m [34mDEBUG[0m [2methereum_transaction_pool_monitor::eth_client[0m[2m:[0m 📨 Received WebSocket message: {"jsonrpc":"2.0","method":"eth_subscription","params":{"subscription":"0xbed0a0851463e895960a451075a301a9","result":"0xe10649f9386c587e0791a9e6de70d81441cef0ecdc77b1cc51c87f7e021badd6"}}
[2m2025-12-10T10:09:14.580801Z[0m [34mDEBUG[0m [2methereum_transaction_pool_monitor::eth_client[0m[2m:[0m 📨 Received pending transaction: 0xe10649f9386c587e0791a9e6de70d81441cef0ecdc77b1cc51c87f7e021badd6
[2m2025-12-10T10:09:14.580811Z[0m [34mDEBUG[0m [2mhyper::proto::h1::io[0m[2m:[0m parsed 4 headers
[2m2025-12-10T10:09:14.580816Z[0m [34mDEBUG[0m [2mhyper::proto::h1::conn[0m[2m:[0m incoming body is content-length (45 bytes)
[2m2025-12-10T10:09:14.580823Z[0m [34mDEBUG[0m [2mhyper::proto::h1::conn[0m[2m:[0m incoming body completed
[2m2025-12-10T10:09:14.580831Z[0m [34mDEBUG[0m [2mhyper::client::pool[0m[2m:[0m pooling idle connection for ("http", 192.168.0.14:8545)
[2m2025-12-10T10:09:14.587418Z[0m [34mDEBUG[0m [2mhyper::proto::h1::io[0m[2m:[0m parsed 4 headers
[2m2025-12-10T10:09:14.587429Z[0m [34mDEBUG[0m [2mhyper::proto::h1::conn[0m[2m:[0m incoming body is content-length (1034 bytes)
[2m2025-12-10T10:09:14.587437Z[0m [34mDEBUG[0m [2mhyper::proto::h1::conn[0m[2m:[0m incoming body completed
[2m2025-12-10T10:09:14.587446Z[0m [34mDEBUG[0m [2mhyper::client::pool[0m[2m:[0m pooling idle connection for ("http", 192.168.0.14:8545)
[2m2025-12-10T10:09:14.587452Z[0m [34mDEBUG[0m [2methereum_transaction_pool_monitor::eth_client[0m[2m:[0m 📡 Transaction fetch RPC completed in 6.739208ms
[2m2025-12-10T10:09:14.658730Z[0m [34mDEBUG[0m [2methereum_transaction_pool_monitor::eth_client[0m[2m:[0m ✅ Transaction 0x97025683375e9e0d0a31824c11758628ed99db512a9f6a26aa4897527962d368 fetched and parsed in 78.014ms
[2m2025-12-10T10:09:14.658764Z[0m [34mDEBUG[0m [2methereum_transaction_pool_monitor::mempool_monitor[0m[2m:[0m 🔍 Skipping tx 0x97025683375e9e0d0a31824c11758628ed99db512a9f6a26aa4897527962d368 - not a DEX interaction (target: 0x5f65f7b609678448494De4C87521CdF6cEf1e932)
[2m2025-12-10T10:09:14.658774Z[0m [34mDEBUG[0m [2methereum_transaction_pool_monitor::mempool_monitor[0m[2m:[0m 📨 Processing new pending transaction: 0x43f842f81f842db860c404479915fd5ee573adab18760fb856c5bb37446ae9c1
[2m2025-12-10T10:09:14.658780Z[0m [34mDEBUG[0m [2methereum_transaction_pool_monitor::mempool_monitor[0m[2m:[0m 🔍 Fetching transaction details for: 0x43f842f81f842db860c404479915fd5ee573adab18760fb856c5bb37446ae9c1
[2m2025-12-10T10:09:14.658784Z[0m [34mDEBUG[0m [2methereum_transaction_pool_monitor::eth_client[0m[2m:[0m 🔍 Fetching transaction details for hash: 0x43f842f81f842db860c404479915fd5ee573adab18760fb856c5bb37446ae9c1
[2m2025-12-10T10:09:14.658805Z[0m [34mDEBUG[0m [2mhyper::client::pool[0m[2m:[0m reuse idle connection for ("http", 192.168.0.14:8545)
[2m2025-12-10T10:09:14.658850Z[0m [34mDEBUG[0m [2mhyper::proto::h1::io[0m[2m:[0m flushed 250 bytes
[2m2025-12-10T10:09:14.658872Z[0m [34mDEBUG[0m [2mhyper::client::pool[0m[2m:[0m reuse idle connection for ("http", 192.168.0.14:8545)
[2m2025-12-10T10:09:14.658888Z[0m [34mDEBUG[0m [2mhyper::proto::h1::io[0m[2m:[0m flushed 172 bytes
[2m2025-12-10T10:09:14.658921Z[0m [34mDEBUG[0m [2methereum_transaction_pool_monitor::eth_client[0m[2m:[0m 📨 Received WebSocket message: {"jsonrpc":"2.0","method":"eth_subscription","params":{"subscription":"0xbed0a0851463e895960a451075a301a9","result":"0x3940d23e001be4f4dcd13791189644346d49299dd4bfdc3108dd604716218dbc"}}
[2m2025-12-10T10:09:14.658931Z[0m [34mDEBUG[0m [2methereum_transaction_pool_monitor::eth_client[0m[2m:[0m 📨 Received pending transaction: 0x3940d23e001be4f4dcd13791189644346d49299dd4bfdc3108dd604716218dbc
[2m2025-12-10T10:09:14.662476Z[0m [34mDEBUG[0m [2mhyper::proto::h1::io[0m[2m:[0m parsed 4 headers
[2m2025-12-10T10:09:14.662524Z[0m [34mDEBUG[0m [2mhyper::proto::h1::conn[0m[2m:[0m incoming body is content-length (644 bytes)
[2m2025-12-10T10:09:14.662534Z[0m [34mDEBUG[0m [2mhyper::proto::h1::conn[0m[2m:[0m incoming body completed
[2m2025-12-10T10:09:14.662545Z[0m [34mDEBUG[0m [2mhyper::client::pool[0m[2m:[0m pooling idle connection for ("http", 192.168.0.14:8545)
[2m2025-12-10T10:09:14.662552Z[0m [34mDEBUG[0m [2methereum_transaction_pool_monitor::eth_client[0m[2m:[0m 📡 Transaction fetch RPC completed in 3.763875ms
[2m2025-12-10T10:09:14.733525Z[0m [34mDEBUG[0m [2methereum_transaction_pool_monitor::eth_client[0m[2m:[0m ✅ Transaction 0x43f842f81f842db860c404479915fd5ee573adab18760fb856c5bb37446ae9c1 fetched and parsed in 74.733625ms
[2m2025-12-10T10:09:14.733555Z[0m [34mDEBUG[0m [2methereum_transaction_pool_monitor::mempool_monitor[0m[2m:[0m 🔍 Skipping tx 0x43f842f81f842db860c404479915fd5ee573adab18760fb856c5bb37446ae9c1 - not a DEX interaction (target: 0x17E5545B11b468072283Cee1F066a059Fb0dbF24)
[2m2025-12-10T10:09:14.733568Z[0m [34mDEBUG[0m [2methereum_transaction_pool_monitor::mempool_monitor[0m[2m:[0m 📨 Processing new pending transaction: 0x6159518c6863b01ebf4a8ee81e6b1ce3966c78674d179073087a7a80909c29f4
[2m2025-12-10T10:09:14.733575Z[0m [34mDEBUG[0m [2methereum_transaction_pool_monitor::mempool_monitor[0m[2m:[0m 🔍 Fetching transaction details for: 0x6159518c6863b01ebf4a8ee81e6b1ce3966c78674d179073087a7a80909c29f4
[2m2025-12-10T10:09:14.733579Z[0m [34mDEBUG[0m [2methereum_transaction_pool_monitor::eth_client[0m[2m:[0m 🔍 Fetching transaction details for hash: 0x6159518c6863b01ebf4a8ee81e6b1ce3966c78674d179073087a7a80909c29f4
[2m2025-12-10T10:09:14.733599Z[0m [34mDEBUG[0m [2mhyper::client::pool[0m[2m:[0m reuse idle connection for ("http", 192.168.0.14:8545)
[2m2025-12-10T10:09:14.733646Z[0m [34mDEBUG[0m [2mhyper::proto::h1::io[0m[2m:[0m flushed 250 bytes
[2m2025-12-10T10:09:14.733663Z[0m [34mDEBUG[0m [2mhyper::proto::h1::io[0m[2m:[0m parsed 4 headers
[2m2025-12-10T10:09:14.733669Z[0m [34mDEBUG[0m [2mhyper::proto::h1::conn[0m[2m:[0m incoming body is content-length (45 bytes)
[2m2025-12-10T10:09:14.733677Z[0m [34mDEBUG[0m [2mhyper::proto::h1::conn[0m[2m:[0m incoming body completed
[2m2025-12-10T10:09:14.733690Z[0m [34mDEBUG[0m [2mhyper::client::pool[0m[2m:[0m pooling idle connection for ("http", 192.168.0.14:8545)
[2m2025-12-10T10:09:14.733706Z[0m [34mDEBUG[0m [2mhyper::client::pool[0m[2m:[0m reuse idle connection for ("http", 192.168.0.14:8545)
[2m2025-12-10T10:09:14.733720Z[0m [34mDEBUG[0m [2mhyper::proto::h1::io[0m[2m:[0m flushed 172 bytes
[2m2025-12-10T10:09:14.739467Z[0m [34mDEBUG[0m [2mhyper::proto::h1::io[0m[2m:[0m parsed 4 headers
[2m2025-12-10T10:09:14.739483Z[0m [34mDEBUG[0m [2mhyper::proto::h1::conn[0m[2m:[0m incoming body is content-length (840 bytes)
[2m2025-12-10T10:09:14.739490Z[0m [34mDEBUG[0m [2mhyper::proto::h1::conn[0m[2m:[0m incoming body completed
[2m2025-12-10T10:09:14.739498Z[0m [34mDEBUG[0m [2mhyper::client::pool[0m[2m:[0m pooling idle connection for ("http", 192.168.0.14:8545)
[2m2025-12-10T10:09:14.739504Z[0m [34mDEBUG[0m [2methereum_transaction_pool_monitor::eth_client[0m[2m:[0m 📡 Transaction fetch RPC completed in 5.920833ms
[2m2025-12-10T10:09:14.810694Z[0m [34mDEBUG[0m [2methereum_transaction_pool_monitor::eth_client[0m[2m:[0m ✅ Transaction 0x6159518c6863b01ebf4a8ee81e6b1ce3966c78674d179073087a7a80909c29f4 fetched and parsed in 77.1085ms
[2m2025-12-10T10:09:14.810726Z[0m [34mDEBUG[0m [2methereum_transaction_pool_monitor::mempool_monitor[0m[2m:[0m 🔍 Skipping tx 0x6159518c6863b01ebf4a8ee81e6b1ce3966c78674d179073087a7a80909c29f4 - not a DEX interaction (target: 0xA0b86991c6218b36c1d19D4a2e9Eb0cE3606eB48)
[2m2025-12-10T10:09:14.810736Z[0m [34mDEBUG[0m [2methereum_transaction_pool_monitor::mempool_monitor[0m[2m:[0m 📨 Processing new pending transaction: 0xe0d0fe8285ccc8bb23c3ab80d85587eb95315d5b647ad67478fca54d661e75c2
[2m2025-12-10T10:09:14.810742Z[0m [34mDEBUG[0m [2methereum_transaction_pool_monitor::mempool_monitor[0m[2m:[0m 🔍 Fetching transaction details for: 0xe0d0fe8285ccc8bb23c3ab80d85587eb95315d5b647ad67478fca54d661e75c2
[2m2025-12-10T10:09:14.810747Z[0m [34mDEBUG[0m [2methereum_transaction_pool_monitor::eth_client[0m[2m:[0m 🔍 Fetching transaction details for hash: 0xe0d0fe8285ccc8bb23c3ab80d85587eb95315d5b647ad67478fca54d661e75c2
[2m2025-12-10T10:09:14.810769Z[0m [34mDEBUG[0m [2mhyper::client::pool[0m[2m:[0m reuse idle connection for ("http", 192.168.0.14:8545)
[2m2025-12-10T10:09:14.810822Z[0m [34mDEBUG[0m [2mhyper::proto::h1::io[0m[2m:[0m flushed 250 bytes
[2m2025-12-10T10:09:14.810840Z[0m [34mDEBUG[0m [2mhyper::proto::h1::io[0m[2m:[0m parsed 4 headers
[2m2025-12-10T10:09:14.810847Z[0m [34mDEBUG[0m [2mhyper::proto::h1::conn[0m[2m:[0m incoming body is content-length (45 bytes)
[2m2025-12-10T10:09:14.810856Z[0m [34mDEBUG[0m [2mhyper::proto::h1::conn[0m[2m:[0m incoming body completed
[2m2025-12-10T10:09:14.810867Z[0m [34mDEBUG[0m [2mhyper::client::pool[0m[2m:[0m pooling idle connection for ("http", 192.168.0.14:8545)
[2m2025-12-10T10:09:14.810887Z[0m [34mDEBUG[0m [2mhyper::client::pool[0m[2m:[0m reuse idle connection for ("http", 192.168.0.14:8545)
[2m2025-12-10T10:09:14.810906Z[0m [34mDEBUG[0m [2mhyper::proto::h1::io[0m[2m:[0m flushed 172 bytes
[2m2025-12-10T10:09:14.815277Z[0m [34mDEBUG[0m [2mhyper::proto::h1::io[0m[2m:[0m parsed 4 headers
[2m2025-12-10T10:09:14.815310Z[0m [34mDEBUG[0m [2mhyper::proto::h1::conn[0m[2m:[0m incoming body is content-length (772 bytes)
[2m2025-12-10T10:09:14.815327Z[0m [34mDEBUG[0m [2mhyper::proto::h1::conn[0m[2m:[0m incoming body completed
[2m2025-12-10T10:09:14.815352Z[0m [34mDEBUG[0m [2mhyper::client::pool[0m[2m:[0m pooling idle connection for ("http", 192.168.0.14:8545)
[2m2025-12-10T10:09:14.815358Z[0m [34mDEBUG[0m [2methereum_transaction_pool_monitor::eth_client[0m[2m:[0m 📡 Transaction fetch RPC completed in 4.606667ms
[2m2025-12-10T10:09:14.886638Z[0m [34mDEBUG[0m [2methereum_transaction_pool_monitor::eth_client[0m[2m:[0m ✅ Transaction 0xe0d0fe8285ccc8bb23c3ab80d85587eb95315d5b647ad67478fca54d661e75c2 fetched and parsed in 75.883834ms
[2m2025-12-10T10:09:14.886664Z[0m [34mDEBUG[0m [2methereum_transaction_pool_monitor::mempool_monitor[0m[2m:[0m 🔍 Skipping tx 0xe0d0fe8285ccc8bb23c3ab80d85587eb95315d5b647ad67478fca54d661e75c2 - not a DEX interaction (target: 0x84EAac1B2dc3f84D92Ff84c3ec205B1FA74671fC)
[2m2025-12-10T10:09:14.886676Z[0m [34mDEBUG[0m [2methereum_transaction_pool_monitor::mempool_monitor[0m[2m:[0m 📨 Processing new pending transaction: 0xc042248bd0a9f56e84a31febef1a6b1556060efc44bcbe58d8276bf044206179
[2m2025-12-10T10:09:14.886681Z[0m [34mDEBUG[0m [2methereum_transaction_pool_monitor::mempool_monitor[0m[2m:[0m 🔍 Fetching transaction details for: 0xc042248bd0a9f56e84a31febef1a6b1556060efc44bcbe58d8276bf044206179
[2m2025-12-10T10:09:14.886685Z[0m [34mDEBUG[0m [2methereum_transaction_pool_monitor::eth_client[0m[2m:[0m 🔍 Fetching transaction details for hash: 0xc042248bd0a9f56e84a31febef1a6b1556060efc44bcbe58d8276bf044206179
[2m2025-12-10T10:09:14.886707Z[0m [34mDEBUG[0m [2mhyper::client::pool[0m[2m:[0m reuse idle connection for ("http", 192.168.0.14:8545)
[2m2025-12-10T10:09:14.886753Z[0m [34mDEBUG[0m [2mhyper::proto::h1::io[0m[2m:[0m flushed 250 bytes
[2m2025-12-10T10:09:14.886770Z[0m [34mDEBUG[0m [2mhyper::proto::h1::io[0m[2m:[0m parsed 4 headers
[2m2025-12-10T10:09:14.886775Z[0m [34mDEBUG[0m [2mhyper::proto::h1::conn[0m[2m:[0m incoming body is content-length (45 bytes)
[2m2025-12-10T10:09:14.886784Z[0m [34mDEBUG[0m [2mhyper::proto::h1::conn[0m[2m:[0m incoming body completed
[2m2025-12-10T10:09:14.886793Z[0m [34mDEBUG[0m [2mhyper::client::pool[0m[2m:[0m pooling idle connection for ("http", 192.168.0.14:8545)
[2m2025-12-10T10:09:14.892487Z[0m [34mDEBUG[0m [2mhyper::proto::h1::io[0m[2m:[0m parsed 4 headers
[2m2025-12-10T10:09:14.892511Z[0m [34mDEBUG[0m [2mhyper::proto::h1::conn[0m[2m:[0m incoming body is content-length (5379 bytes)
[2m2025-12-10T10:09:14.892551Z[0m [34mDEBUG[0m [2methereum_transaction_pool_monitor::eth_client[0m[2m:[0m 📡 Transaction fetch RPC completed in 5.861375ms
[2m2025-12-10T10:09:14.896095Z[0m [34mDEBUG[0m [2mhyper::client::pool[0m[2m:[0m reuse idle connection for ("http", 192.168.0.14:8545)
[2m2025-12-10T10:09:14.896118Z[0m [34mDEBUG[0m [2mhyper::proto::h1::conn[0m[2m:[0m incoming body completed
[2m2025-12-10T10:09:14.896141Z[0m [34mDEBUG[0m [2mhyper::client::pool[0m[2m:[0m pooling idle connection for ("http", 192.168.0.14:8545)
[2m2025-12-10T10:09:14.896147Z[0m [34mDEBUG[0m [2mhyper::proto::h1::io[0m[2m:[0m flushed 172 bytes
[2m2025-12-10T10:09:14.903359Z[0m [34mDEBUG[0m [2mhyper::proto::h1::io[0m[2m:[0m parsed 4 headers
[2m2025-12-10T10:09:14.903392Z[0m [34mDEBUG[0m [2mhyper::proto::h1::conn[0m[2m:[0m incoming body is content-length (45 bytes)
[2m2025-12-10T10:09:14.903408Z[0m [34mDEBUG[0m [2mhyper::proto::h1::conn[0m[2m:[0m incoming body completed
[2m2025-12-10T10:09:14.903428Z[0m [34mDEBUG[0m [2mhyper::client::pool[0m[2m:[0m pooling idle connection for ("http", 192.168.0.14:8545)
[2m2025-12-10T10:09:14.966891Z[0m [34mDEBUG[0m [2methereum_transaction_pool_monitor::eth_client[0m[2m:[0m ✅ Transaction 0xc042248bd0a9f56e84a31febef1a6b1556060efc44bcbe58d8276bf044206179 fetched and parsed in 80.199459ms
[2m2025-12-10T10:09:14.966922Z[0m [34mDEBUG[0m [2methereum_transaction_pool_monitor::mempool_monitor[0m[2m:[0m 🔍 Skipping tx 0xc042248bd0a9f56e84a31febef1a6b1556060efc44bcbe58d8276bf044206179 - not a DEX interaction (target: 0xF6801D319497789f934ec7F83E142a9536312B08)
[2m2025-12-10T10:09:14.966931Z[0m [34mDEBUG[0m [2methereum_transaction_pool_monitor::mempool_monitor[0m[2m:[0m 📨 Processing new pending transaction: 0xe10649f9386c587e0791a9e6de70d81441cef0ecdc77b1cc51c87f7e021badd6
[2m2025-12-10T10:09:14.966937Z[0m [34mDEBUG[0m [2methereum_transaction_pool_monitor::mempool_monitor[0m[2m:[0m 🔍 Fetching transaction details for: 0xe10649f9386c587e0791a9e6de70d81441cef0ecdc77b1cc51c87f7e021badd6
[2m2025-12-10T10:09:14.966942Z[0m [34mDEBUG[0m [2methereum_transaction_pool_monitor::eth_client[0m[2m:[0m 🔍 Fetching transaction details for hash: 0xe10649f9386c587e0791a9e6de70d81441cef0ecdc77b1cc51c87f7e021badd6
[2m2025-12-10T10:09:14.966962Z[0m [34mDEBUG[0m [2mhyper::client::pool[0m[2m:[0m reuse idle connection for ("http", 192.168.0.14:8545)
[2m2025-12-10T10:09:14.967011Z[0m [34mDEBUG[0m [2mhyper::proto::h1::io[0m[2m:[0m flushed 250 bytes
[2m2025-12-10T10:09:14.973379Z[0m [34mDEBUG[0m [2mhyper::proto::h1::io[0m[2m:[0m parsed 4 headers
[2m2025-12-10T10:09:14.973397Z[0m [34mDEBUG[0m [2mhyper::proto::h1::conn[0m[2m:[0m incoming body is content-length (2431 bytes)
[2m2025-12-10T10:09:14.973407Z[0m [34mDEBUG[0m [2mhyper::proto::h1::conn[0m[2m:[0m incoming body completed
[2m2025-12-10T10:09:14.973417Z[0m [34mDEBUG[0m [2mhyper::client::pool[0m[2m:[0m pooling idle connection for ("http", 192.168.0.14:8545)
[2m2025-12-10T10:09:14.973424Z[0m [34mDEBUG[0m [2methereum_transaction_pool_monitor::eth_client[0m[2m:[0m 📡 Transaction fetch RPC completed in 6.477834ms
[2m2025-12-10T10:09:15.044603Z[0m [34mDEBUG[0m [2methereum_transaction_pool_monitor::eth_client[0m[2m:[0m ✅ Transaction 0xe10649f9386c587e0791a9e6de70d81441cef0ecdc77b1cc51c87f7e021badd6 fetched and parsed in 77.654375ms
[2m2025-12-10T10:09:15.044627Z[0m [34mDEBUG[0m [2methereum_transaction_pool_monitor::mempool_monitor[0m[2m:[0m 🔍 Skipping tx 0xe10649f9386c587e0791a9e6de70d81441cef0ecdc77b1cc51c87f7e021badd6 - not a DEX interaction (target: 0x618892aE551eB5bB2DE8911057b3714274b5FFe1)
[2m2025-12-10T10:09:15.044638Z[0m [34mDEBUG[0m [2methereum_transaction_pool_monitor::mempool_monitor[0m[2m:[0m 📨 Processing new pending transaction: 0x3940d23e001be4f4dcd13791189644346d49299dd4bfdc3108dd604716218dbc
[2m2025-12-10T10:09:15.044643Z[0m [34mDEBUG[0m [2methereum_transaction_pool_monitor::mempool_monitor[0m[2m:[0m 🔍 Fetching transaction details for: 0x3940d23e001be4f4dcd13791189644346d49299dd4bfdc3108dd604716218dbc
[2m2025-12-10T10:09:15.044647Z[0m [34mDEBUG[0m [2methereum_transaction_pool_monitor::eth_client[0m[2m:[0m 🔍 Fetching transaction details for hash: 0x3940d23e001be4f4dcd13791189644346d49299dd4bfdc3108dd604716218dbc
[2m2025-12-10T10:09:15.044690Z[0m [34mDEBUG[0m [2mhyper::client::pool[0m[2m:[0m reuse idle connection for ("http", 192.168.0.14:8545)
[2m2025-12-10T10:09:15.044753Z[0m [34mDEBUG[0m [2mhyper::proto::h1::io[0m[2m:[0m flushed 250 bytes
[2m2025-12-10T10:09:15.044783Z[0m [34mDEBUG[0m [2mhyper::client::pool[0m[2m:[0m reuse idle connection for ("http", 192.168.0.14:8545)
[2m2025-12-10T10:09:15.044798Z[0m [34mDEBUG[0m [2mhyper::proto::h1::io[0m[2m:[0m flushed 172 bytes
[2m2025-12-10T10:09:15.077391Z[0m [34mDEBUG[0m [2mhyper::proto::h1::io[0m[2m:[0m parsed 4 headers
[2m2025-12-10T10:09:15.077417Z[0m [34mDEBUG[0m [2mhyper::proto::h1::conn[0m[2m:[0m incoming body is content-length (45 bytes)
[2m2025-12-10T10:09:15.077426Z[0m [34mDEBUG[0m [2mhyper::proto::h1::conn[0m[2m:[0m incoming body completed
[2m2025-12-10T10:09:15.077438Z[0m [34mDEBUG[0m [2mhyper::client::pool[0m[2m:[0m pooling idle connection for ("http", 192.168.0.14:8545)
[2m2025-12-10T10:09:15.097491Z[0m [34mDEBUG[0m [2mhyper::client::pool[0m[2m:[0m reuse idle connection for ("http", 192.168.0.14:8545)
[2m2025-12-10T10:09:15.097542Z[0m [34mDEBUG[0m [2mhyper::proto::h1::io[0m[2m:[0m flushed 172 bytes
[2m2025-12-10T10:09:15.101325Z[0m [34mDEBUG[0m [2mhyper::proto::h1::io[0m[2m:[0m parsed 4 headers
[2m2025-12-10T10:09:15.101331Z[0m [34mDEBUG[0m [2mhyper::proto::h1::conn[0m[2m:[0m incoming body is content-length (45 bytes)
[2m2025-12-10T10:09:15.101336Z[0m [34mDEBUG[0m [2mhyper::proto::h1::conn[0m[2m:[0m incoming body completed
[2m2025-12-10T10:09:15.101341Z[0m [34mDEBUG[0m [2mhyper::client::pool[0m[2m:[0m pooling idle connection for ("http", 192.168.0.14:8545)
[2m2025-12-10T10:09:15.104833Z[0m [34mDEBUG[0m [2mhyper::proto::h1::io[0m[2m:[0m parsed 4 headers
[2m2025-12-10T10:09:15.104839Z[0m [34mDEBUG[0m [2mhyper::proto::h1::conn[0m[2m:[0m incoming body is content-length (774 bytes)
[2m2025-12-10T10:09:15.104844Z[0m [34mDEBUG[0m [2mhyper::proto::h1::conn[0m[2m:[0m incoming body completed
[2m2025-12-10T10:09:15.104850Z[0m [34mDEBUG[0m [2mhyper::client::pool[0m[2m:[0m pooling idle connection for ("http", 192.168.0.14:8545)
[2m2025-12-10T10:09:15.104854Z[0m [34mDEBUG[0m [2methereum_transaction_pool_monitor::eth_client[0m[2m:[0m 📡 Transaction fetch RPC completed in 60.20275ms
[2m2025-12-10T10:09:15.173747Z[0m [34mDEBUG[0m [2methereum_transaction_pool_monitor::eth_client[0m[2m:[0m ✅ Transaction 0x3940d23e001be4f4dcd13791189644346d49299dd4bfdc3108dd604716218dbc fetched and parsed in 129.092625ms
[2m2025-12-10T10:09:15.173785Z[0m [34mDEBUG[0m [2methereum_transaction_pool_monitor::mempool_monitor[0m[2m:[0m 🔍 Skipping tx 0x3940d23e001be4f4dcd13791189644346d49299dd4bfdc3108dd604716218dbc - not a DEX interaction (target: 0xA0b86991c6218b36c1d19D4a2e9Eb0cE3606eB48)
[2m2025-12-10T10:09:15.196199Z[0m [34mDEBUG[0m [2mhyper::client::pool[0m[2m:[0m reuse idle connection for ("http", 192.168.0.14:8545)
[2m2025-12-10T10:09:15.196262Z[0m [34mDEBUG[0m [2mhyper::proto::h1::io[0m[2m:[0m flushed 172 bytes
[2m2025-12-10T10:09:15.199930Z[0m [34mDEBUG[0m [2mhyper::proto::h1::io[0m[2m:[0m parsed 4 headers
[2m2025-12-10T10:09:15.199935Z[0m [34mDEBUG[0m [2mhyper::proto::h1::conn[0m[2m:[0m incoming body is content-length (45 bytes)
[2m2025-12-10T10:09:15.199945Z[0m [34mDEBUG[0m [2mhyper::proto::h1::conn[0m[2m:[0m incoming body completed
[2m2025-12-10T10:09:15.199954Z[0m [34mDEBUG[0m [2mhyper::client::pool[0m[2m:[0m pooling idle connection for ("http", 192.168.0.14:8545)
[2m2025-12-10T10:09:15.205124Z[0m [34mDEBUG[0m [2methereum_transaction_pool_monitor::eth_client[0m[2m:[0m 📨 Received WebSocket message: {"jsonrpc":"2.0","method":"eth_subscription","params":{"subscription":"0xbed0a0851463e895960a451075a301a9","result":"0xbc1c545ddce30bf7126c63ac6edbe80c78011acdb53f76c18fba2cc2378bfd00"}}
[2m2025-12-10T10:09:15.205150Z[0m [34mDEBUG[0m [2methereum_transaction_pool_monitor::eth_client[0m[2m:[0m 📨 Received pending transaction: 0xbc1c545ddce30bf7126c63ac6edbe80c78011acdb53f76c18fba2cc2378bfd00
[2m2025-12-10T10:09:15.205159Z[0m [34mDEBUG[0m [2methereum_transaction_pool_monitor::mempool_monitor[0m[2m:[0m 📨 Processing new pending transaction: 0xbc1c545ddce30bf7126c63ac6edbe80c78011acdb53f76c18fba2cc2378bfd00
[2m2025-12-10T10:09:15.205165Z[0m [34mDEBUG[0m [2methereum_transaction_pool_monitor::mempool_monitor[0m[2m:[0m 🔍 Fetching transaction details for: 0xbc1c545ddce30bf7126c63ac6edbe80c78011acdb53f76c18fba2cc2378bfd00
[2m2025-12-10T10:09:15.205170Z[0m [34mDEBUG[0m [2methereum_transaction_pool_monitor::eth_client[0m[2m:[0m 🔍 Fetching transaction details for hash: 0xbc1c545ddce30bf7126c63ac6edbe80c78011acdb53f76c18fba2cc2378bfd00
[2m2025-12-10T10:09:15.205193Z[0m [34mDEBUG[0m [2mhyper::client::pool[0m[2m:[0m reuse idle connection for ("http", 192.168.0.14:8545)
[2m2025-12-10T10:09:15.205210Z[0m [34mDEBUG[0m [2mhyper::proto::h1::io[0m[2m:[0m flushed 250 bytes
[2m2025-12-10T10:09:15.209018Z[0m [34mDEBUG[0m [2mhyper::proto::h1::io[0m[2m:[0m parsed 4 headers
[2m2025-12-10T10:09:15.209024Z[0m [34mDEBUG[0m [2mhyper::proto::h1::conn[0m[2m:[0m incoming body is content-length (642 bytes)
[2m2025-12-10T10:09:15.209030Z[0m [34mDEBUG[0m [2mhyper::proto::h1::conn[0m[2m:[0m incoming body completed
[2m2025-12-10T10:09:15.209035Z[0m [34mDEBUG[0m [2mhyper::client::pool[0m[2m:[0m pooling idle connection for ("http", 192.168.0.14:8545)
[2m2025-12-10T10:09:15.209040Z[0m [34mDEBUG[0m [2methereum_transaction_pool_monitor::eth_client[0m[2m:[0m 📡 Transaction fetch RPC completed in 3.866167ms
[2m2025-12-10T10:09:15.279146Z[0m [34mDEBUG[0m [2methereum_transaction_pool_monitor::eth_client[0m[2m:[0m ✅ Transaction 0xbc1c545ddce30bf7126c63ac6edbe80c78011acdb53f76c18fba2cc2378bfd00 fetched and parsed in 73.969ms
[2m2025-12-10T10:09:15.279176Z[0m [34mDEBUG[0m [2methereum_transaction_pool_monitor::mempool_monitor[0m[2m:[0m 🔍 Skipping tx 0xbc1c545ddce30bf7126c63ac6edbe80c78011acdb53f76c18fba2cc2378bfd00 - not a DEX interaction (target: 0x509523132fEdaFd3C1C8BDA70B6486556A7D9703)
[2m2025-12-10T10:09:15.297229Z[0m [34mDEBUG[0m [2mhyper::client::pool[0m[2m:[0m reuse idle connection for ("http", 192.168.0.14:8545)
[2m2025-12-10T10:09:15.297265Z[0m [34mDEBUG[0m [2mhyper::proto::h1::io[0m[2m:[0m flushed 172 bytes
[2m2025-12-10T10:09:15.301741Z[0m [34mDEBUG[0m [2mhyper::proto::h1::io[0m[2m:[0m parsed 4 headers
[2m2025-12-10T10:09:15.301761Z[0m [34mDEBUG[0m [2mhyper::proto::h1::conn[0m[2m:[0m incoming body is content-length (45 bytes)
[2m2025-12-10T10:09:15.301796Z[0m [34mDEBUG[0m [2mhyper::proto::h1::conn[0m[2m:[0m incoming body completed
[2m2025-12-10T10:09:15.301804Z[0m [34mDEBUG[0m [2mhyper::client::pool[0m[2m:[0m pooling idle connection for ("http", 192.168.0.14:8545)
[2m2025-12-10T10:09:15.397352Z[0m [34mDEBUG[0m [2mhyper::client::pool[0m[2m:[0m reuse idle connection for ("http", 192.168.0.14:8545)
[2m2025-12-10T10:09:15.397444Z[0m [34mDEBUG[0m [2mhyper::proto::h1::io[0m[2m:[0m flushed 172 bytes
[2m2025-12-10T10:09:15.401854Z[0m [34mDEBUG[0m [2mhyper::proto::h1::io[0m[2m:[0m parsed 4 headers
[2m2025-12-10T10:09:15.401876Z[0m [34mDEBUG[0m [2mhyper::proto::h1::conn[0m[2m:[0m incoming body is content-length (45 bytes)
[2m2025-12-10T10:09:15.401896Z[0m [34mDEBUG[0m [2mhyper::proto::h1::conn[0m[2m:[0m incoming body completed
[2m2025-12-10T10:09:15.401907Z[0m [34mDEBUG[0m [2mhyper::client::pool[0m[2m:[0m pooling idle connection for ("http", 192.168.0.14:8545)
[2m2025-12-10T10:09:15.453644Z[0m [34mDEBUG[0m [2methereum_transaction_pool_monitor::eth_client[0m[2m:[0m 📨 Received WebSocket message: {"jsonrpc":"2.0","method":"eth_subscription","params":{"subscription":"0xbed0a0851463e895960a451075a301a9","result":"0xdd1ab7d0bd259202f4f70ac5808f9a75bcb2f1173c56d22233443837d6a0ce96"}}
[2m2025-12-10T10:09:15.453691Z[0m [34mDEBUG[0m [2methereum_transaction_pool_monitor::eth_client[0m[2m:[0m 📨 Received pending transaction: 0xdd1ab7d0bd259202f4f70ac5808f9a75bcb2f1173c56d22233443837d6a0ce96
[2m2025-12-10T10:09:15.453716Z[0m [34mDEBUG[0m [2methereum_transaction_pool_monitor::mempool_monitor[0m[2m:[0m 📨 Processing new pending transaction: 0xdd1ab7d0bd259202f4f70ac5808f9a75bcb2f1173c56d22233443837d6a0ce96
[2m2025-12-10T10:09:15.453726Z[0m [34mDEBUG[0m [2methereum_transaction_pool_monitor::mempool_monitor[0m[2m:[0m 🔍 Fetching transaction details for: 0xdd1ab7d0bd259202f4f70ac5808f9a75bcb2f1173c56d22233443837d6a0ce96
[2m2025-12-10T10:09:15.453733Z[0m [34mDEBUG[0m [2methereum_transaction_pool_monitor::eth_client[0m[2m:[0m 🔍 Fetching transaction details for hash: 0xdd1ab7d0bd259202f4f70ac5808f9a75bcb2f1173c56d22233443837d6a0ce96
[2m2025-12-10T10:09:15.453758Z[0m [34mDEBUG[0m [2mhyper::client::pool[0m[2m:[0m reuse idle connection for ("http", 192.168.0.14:8545)
[2m2025-12-10T10:09:15.453793Z[0m [34mDEBUG[0m [2mhyper::proto::h1::io[0m[2m:[0m flushed 250 bytes
[2m2025-12-10T10:09:15.457926Z[0m [34mDEBUG[0m [2mhyper::proto::h1::io[0m[2m:[0m parsed 4 headers
[2m2025-12-10T10:09:15.458799Z[0m [34mDEBUG[0m [2mhyper::proto::h1::conn[0m[2m:[0m incoming body is content-length (7480 bytes)
[2m2025-12-10T10:09:15.458825Z[0m [34mDEBUG[0m [2methereum_transaction_pool_monitor::eth_client[0m[2m:[0m 📡 Transaction fetch RPC completed in 5.084542ms
[2m2025-12-10T10:09:15.461429Z[0m [34mDEBUG[0m [2mhyper::proto::h1::conn[0m[2m:[0m incoming body completed
[2m2025-12-10T10:09:15.461450Z[0m [34mDEBUG[0m [2mhyper::client::pool[0m[2m:[0m pooling idle connection for ("http", 192.168.0.14:8545)
[2m2025-12-10T10:09:15.497517Z[0m [34mDEBUG[0m [2mhyper::client::pool[0m[2m:[0m reuse idle connection for ("http", 192.168.0.14:8545)
[2m2025-12-10T10:09:15.497620Z[0m [34mDEBUG[0m [2mhyper::proto::h1::io[0m[2m:[0m flushed 172 bytes
[2m2025-12-10T10:09:15.502012Z[0m [34mDEBUG[0m [2mhyper::proto::h1::io[0m[2m:[0m parsed 4 headers
[2m2025-12-10T10:09:15.502023Z[0m [34mDEBUG[0m [2mhyper::proto::h1::conn[0m[2m:[0m incoming body is content-length (45 bytes)
[2m2025-12-10T10:09:15.502031Z[0m [34mDEBUG[0m [2mhyper::proto::h1::conn[0m[2m:[0m incoming body completed
[2m2025-12-10T10:09:15.502041Z[0m [34mDEBUG[0m [2mhyper::client::pool[0m[2m:[0m pooling idle connection for ("http", 192.168.0.14:8545)
[2m2025-12-10T10:09:15.522704Z[0m [34mDEBUG[0m [2methereum_transaction_pool_monitor::eth_client[0m[2m:[0m 📨 Received WebSocket message: {"jsonrpc":"2.0","method":"eth_subscription","params":{"subscription":"0xbed0a0851463e895960a451075a301a9","result":"0xf460ca895b1d9e9f49e27f1421591fbcf223b842a040845939a313e3cbf16ad8"}}
[2m2025-12-10T10:09:15.522731Z[0m [34mDEBUG[0m [2methereum_transaction_pool_monitor::eth_client[0m[2m:[0m 📨 Received pending transaction: 0xf460ca895b1d9e9f49e27f1421591fbcf223b842a040845939a313e3cbf16ad8
[2m2025-12-10T10:09:15.537628Z[0m [34mDEBUG[0m [2methereum_transaction_pool_monitor::eth_client[0m[2m:[0m ✅ Transaction 0xdd1ab7d0bd259202f4f70ac5808f9a75bcb2f1173c56d22233443837d6a0ce96 fetched and parsed in 83.885209ms
[2m2025-12-10T10:09:15.537656Z[0m [34mDEBUG[0m [2methereum_transaction_pool_monitor::mempool_monitor[0m[2m:[0m 🔍 Skipping tx 0xdd1ab7d0bd259202f4f70ac5808f9a75bcb2f1173c56d22233443837d6a0ce96 - not a DEX interaction (target: 0xcA11bde05977b3631167028862bE2a173976CA11)
[2m2025-12-10T10:09:15.537667Z[0m [34mDEBUG[0m [2methereum_transaction_pool_monitor::mempool_monitor[0m[2m:[0m 📨 Processing new pending transaction: 0xf460ca895b1d9e9f49e27f1421591fbcf223b842a040845939a313e3cbf16ad8
[2m2025-12-10T10:09:15.537671Z[0m [34mDEBUG[0m [2methereum_transaction_pool_monitor::mempool_monitor[0m[2m:[0m 🔍 Fetching transaction details for: 0xf460ca895b1d9e9f49e27f1421591fbcf223b842a040845939a313e3cbf16ad8
[2m2025-12-10T10:09:15.537675Z[0m [34mDEBUG[0m [2methereum_transaction_pool_monitor::eth_client[0m[2m:[0m 🔍 Fetching transaction details for hash: 0xf460ca895b1d9e9f49e27f1421591fbcf223b842a040845939a313e3cbf16ad8
[2m2025-12-10T10:09:15.537697Z[0m [34mDEBUG[0m [2mhyper::client::pool[0m[2m:[0m reuse idle connection for ("http", 192.168.0.14:8545)
[2m2025-12-10T10:09:15.537762Z[0m [34mDEBUG[0m [2mhyper::proto::h1::io[0m[2m:[0m flushed 250 bytes
[2m2025-12-10T10:09:15.539734Z[0m [34mDEBUG[0m [2methereum_transaction_pool_monitor::eth_client[0m[2m:[0m 📨 Received WebSocket message: {"jsonrpc":"2.0","method":"eth_subscription","params":{"subscription":"0xbed0a0851463e895960a451075a301a9","result":"0x93e282de6136af3599fe5e0d0c2bee83148d00ced8f94c4d2d73643f9b3aa5d5"}}
[2m2025-12-10T10:09:15.539748Z[0m [34mDEBUG[0m [2methereum_transaction_pool_monitor::eth_client[0m[2m:[0m 📨 Received pending transaction: 0x93e282de6136af3599fe5e0d0c2bee83148d00ced8f94c4d2d73643f9b3aa5d5
[2m2025-12-10T10:09:15.544717Z[0m [34mDEBUG[0m [2mhyper::proto::h1::io[0m[2m:[0m parsed 4 headers
[2m2025-12-10T10:09:15.544727Z[0m [34mDEBUG[0m [2mhyper::proto::h1::conn[0m[2m:[0m incoming body is content-length (7800 bytes)
[2m2025-12-10T10:09:15.544744Z[0m [34mDEBUG[0m [2methereum_transaction_pool_monitor::eth_client[0m[2m:[0m 📡 Transaction fetch RPC completed in 7.065542ms
[2m2025-12-10T10:09:15.545525Z[0m [34mDEBUG[0m [2mhyper::proto::h1::conn[0m[2m:[0m incoming body completed
[2m2025-12-10T10:09:15.545534Z[0m [34mDEBUG[0m [2mhyper::client::pool[0m[2m:[0m pooling idle connection for ("http", 192.168.0.14:8545)
[2m2025-12-10T10:09:15.597506Z[0m [34mDEBUG[0m [2mhyper::client::pool[0m[2m:[0m reuse idle connection for ("http", 192.168.0.14:8545)
[2m2025-12-10T10:09:15.597599Z[0m [34mDEBUG[0m [2mhyper::proto::h1::io[0m[2m:[0m flushed 172 bytes
[2m2025-12-10T10:09:15.601890Z[0m [34mDEBUG[0m [2mhyper::proto::h1::io[0m[2m:[0m parsed 4 headers
[2m2025-12-10T10:09:15.601900Z[0m [34mDEBUG[0m [2mhyper::proto::h1::conn[0m[2m:[0m incoming body is content-length (45 bytes)
[2m2025-12-10T10:09:15.601907Z[0m [34mDEBUG[0m [2mhyper::proto::h1::conn[0m[2m:[0m incoming body completed
[2m2025-12-10T10:09:15.601917Z[0m [34mDEBUG[0m [2mhyper::client::pool[0m[2m:[0m pooling idle connection for ("http", 192.168.0.14:8545)
[2m2025-12-10T10:09:15.614087Z[0m [34mDEBUG[0m [2methereum_transaction_pool_monitor::eth_client[0m[2m:[0m ✅ Transaction 0xf460ca895b1d9e9f49e27f1421591fbcf223b842a040845939a313e3cbf16ad8 fetched and parsed in 76.4065ms
[2m2025-12-10T10:09:15.614114Z[0m [34mDEBUG[0m [2methereum_transaction_pool_monitor::mempool_monitor[0m[2m:[0m 🔍 Skipping tx 0xf460ca895b1d9e9f49e27f1421591fbcf223b842a040845939a313e3cbf16ad8 - not a DEX interaction (target: 0xcA11bde05977b3631167028862bE2a173976CA11)
[2m2025-12-10T10:09:15.614124Z[0m [34mDEBUG[0m [2methereum_transaction_pool_monitor::mempool_monitor[0m[2m:[0m 📨 Processing new pending transaction: 0x93e282de6136af3599fe5e0d0c2bee83148d00ced8f94c4d2d73643f9b3aa5d5
[2m2025-12-10T10:09:15.614128Z[0m [34mDEBUG[0m [2methereum_transaction_pool_monitor::mempool_monitor[0m[2m:[0m 🔍 Fetching transaction details for: 0x93e282de6136af3599fe5e0d0c2bee83148d00ced8f94c4d2d73643f9b3aa5d5
[2m2025-12-10T10:09:15.614132Z[0m [34mDEBUG[0m [2methereum_transaction_pool_monitor::eth_client[0m[2m:[0m 🔍 Fetching transaction details for hash: 0x93e282de6136af3599fe5e0d0c2bee83148d00ced8f94c4d2d73643f9b3aa5d5
[2m2025-12-10T10:09:15.614150Z[0m [34mDEBUG[0m [2mhyper::client::pool[0m[2m:[0m reuse idle connection for ("http", 192.168.0.14:8545)
[2m2025-12-10T10:09:15.614195Z[0m [34mDEBUG[0m [2mhyper::proto::h1::io[0m[2m:[0m flushed 250 bytes
[2m2025-12-10T10:09:15.618174Z[0m [34mDEBUG[0m [2mhyper::proto::h1::io[0m[2m:[0m parsed 4 headers
[2m2025-12-10T10:09:15.618182Z[0m [34mDEBUG[0m [2mhyper::proto::h1::conn[0m[2m:[0m incoming body is content-length (1730 bytes)
[2m2025-12-10T10:09:15.618195Z[0m [34mDEBUG[0m [2methereum_transaction_pool_monitor::eth_client[0m[2m:[0m 📡 Transaction fetch RPC completed in 4.059625ms
[2m2025-12-10T10:09:15.620389Z[0m [34mDEBUG[0m [2mhyper::proto::h1::conn[0m[2m:[0m incoming body completed
[2m2025-12-10T10:09:15.620398Z[0m [34mDEBUG[0m [2mhyper::client::pool[0m[2m:[0m pooling idle connection for ("http", 192.168.0.14:8545)
[2m2025-12-10T10:09:15.690416Z[0m [34mDEBUG[0m [2methereum_transaction_pool_monitor::eth_client[0m[2m:[0m ✅ Transaction 0x93e282de6136af3599fe5e0d0c2bee83148d00ced8f94c4d2d73643f9b3aa5d5 fetched and parsed in 76.277416ms
[2m2025-12-10T10:09:15.690433Z[0m [34mDEBUG[0m [2methereum_transaction_pool_monitor::mempool_monitor[0m[2m:[0m 🔍 Skipping tx 0x93e282de6136af3599fe5e0d0c2bee83148d00ced8f94c4d2d73643f9b3aa5d5 - not a DEX interaction (target: 0x601a2aD6CB5949f0529735254189Ba3194221EDF)
[2m2025-12-10T10:09:15.696979Z[0m [34mDEBUG[0m [2mhyper::client::pool[0m[2m:[0m reuse idle connection for ("http", 192.168.0.14:8545)
[2m2025-12-10T10:09:15.697025Z[0m [34mDEBUG[0m [2mhyper::proto::h1::io[0m[2m:[0m flushed 172 bytes
[2m2025-12-10T10:09:15.701258Z[0m [34mDEBUG[0m [2mhyper::proto::h1::io[0m[2m:[0m parsed 4 headers
[2m2025-12-10T10:09:15.701264Z[0m [34mDEBUG[0m [2mhyper::proto::h1::conn[0m[2m:[0m incoming body is content-length (45 bytes)
[2m2025-12-10T10:09:15.701271Z[0m [34mDEBUG[0m [2mhyper::proto::h1::conn[0m[2m:[0m incoming body completed
[2m2025-12-10T10:09:15.701280Z[0m [34mDEBUG[0m [2mhyper::client::pool[0m[2m:[0m pooling idle connection for ("http", 192.168.0.14:8545)
[2m2025-12-10T10:09:15.797378Z[0m [34mDEBUG[0m [2mhyper::client::pool[0m[2m:[0m reuse idle connection for ("http", 192.168.0.14:8545)
[2m2025-12-10T10:09:15.797450Z[0m [34mDEBUG[0m [2mhyper::proto::h1::io[0m[2m:[0m flushed 172 bytes
[2m2025-12-10T10:09:15.806151Z[0m [34mDEBUG[0m [2mhyper::proto::h1::io[0m[2m:[0m parsed 4 headers
[2m2025-12-10T10:09:15.806169Z[0m [34mDEBUG[0m [2mhyper::proto::h1::conn[0m[2m:[0m incoming body is content-length (45 bytes)
[2m2025-12-10T10:09:15.806177Z[0m [34mDEBUG[0m [2mhyper::proto::h1::conn[0m[2m:[0m incoming body completed
[2m2025-12-10T10:09:15.806187Z[0m [34mDEBUG[0m [2mhyper::client::pool[0m[2m:[0m pooling idle connection for ("http", 192.168.0.14:8545)
[2m2025-12-10T10:09:15.896792Z[0m [34mDEBUG[0m [2mhyper::client::pool[0m[2m:[0m reuse idle connection for ("http", 192.168.0.14:8545)
[2m2025-12-10T10:09:15.898297Z[0m [34mDEBUG[0m [2mhyper::proto::h1::io[0m[2m:[0m flushed 172 bytes
[2m2025-12-10T10:09:15.901931Z[0m [34mDEBUG[0m [2mhyper::proto::h1::io[0m[2m:[0m parsed 4 headers
[2m2025-12-10T10:09:15.901956Z[0m [34mDEBUG[0m [2mhyper::proto::h1::conn[0m[2m:[0m incoming body is content-length (45 bytes)
[2m2025-12-10T10:09:15.901971Z[0m [34mDEBUG[0m [2mhyper::proto::h1::conn[0m[2m:[0m incoming body completed
[2m2025-12-10T10:09:15.901986Z[0m [34mDEBUG[0m [2mhyper::client::pool[0m[2m:[0m pooling idle connection for ("http", 192.168.0.14:8545)
[2m2025-12-10T10:09:15.930800Z[0m [34mDEBUG[0m [2methereum_transaction_pool_monitor::eth_client[0m[2m:[0m 📨 Received WebSocket message: {"jsonrpc":"2.0","method":"eth_subscription","params":{"subscription":"0xbed0a0851463e895960a451075a301a9","result":"0x690634648ba8aeb672cf2d5efc90d9cf3abdc3a7e373633dc07ab59810bb98a6"}}
[2m2025-12-10T10:09:15.930823Z[0m [34mDEBUG[0m [2methereum_transaction_pool_monitor::eth_client[0m[2m:[0m 📨 Received pending transaction: 0x690634648ba8aeb672cf2d5efc90d9cf3abdc3a7e373633dc07ab59810bb98a6
[2m2025-12-10T10:09:15.930836Z[0m [34mDEBUG[0m [2methereum_transaction_pool_monitor::mempool_monitor[0m[2m:[0m 📨 Processing new pending transaction: 0x690634648ba8aeb672cf2d5efc90d9cf3abdc3a7e373633dc07ab59810bb98a6
[2m2025-12-10T10:09:15.930843Z[0m [34mDEBUG[0m [2methereum_transaction_pool_monitor::mempool_monitor[0m[2m:[0m 🔍 Fetching transaction details for: 0x690634648ba8aeb672cf2d5efc90d9cf3abdc3a7e373633dc07ab59810bb98a6
[2m2025-12-10T10:09:15.930848Z[0m [34mDEBUG[0m [2methereum_transaction_pool_monitor::eth_client[0m[2m:[0m 🔍 Fetching transaction details for hash: 0x690634648ba8aeb672cf2d5efc90d9cf3abdc3a7e373633dc07ab59810bb98a6
[2m2025-12-10T10:09:15.930873Z[0m [34mDEBUG[0m [2mhyper::client::pool[0m[2m:[0m reuse idle connection for ("http", 192.168.0.14:8545)
[2m2025-12-10T10:09:15.930900Z[0m [34mDEBUG[0m [2mhyper::proto::h1::io[0m[2m:[0m flushed 250 bytes
[2m2025-12-10T10:09:15.937067Z[0m [34mDEBUG[0m [2mhyper::proto::h1::io[0m[2m:[0m parsed 4 headers
[2m2025-12-10T10:09:15.937076Z[0m [34mDEBUG[0m [2mhyper::proto::h1::conn[0m[2m:[0m incoming body is content-length (642 bytes)
[2m2025-12-10T10:09:15.937087Z[0m [34mDEBUG[0m [2mhyper::proto::h1::conn[0m[2m:[0m incoming body completed
[2m2025-12-10T10:09:15.937101Z[0m [34mDEBUG[0m [2mhyper::client::pool[0m[2m:[0m pooling idle connection for ("http", 192.168.0.14:8545)
[2m2025-12-10T10:09:15.937109Z[0m [34mDEBUG[0m [2methereum_transaction_pool_monitor::eth_client[0m[2m:[0m 📡 Transaction fetch RPC completed in 6.255958ms
[2m2025-12-10T10:09:16.016170Z[0m [34mDEBUG[0m [2methereum_transaction_pool_monitor::eth_client[0m[2m:[0m ✅ Transaction 0x690634648ba8aeb672cf2d5efc90d9cf3abdc3a7e373633dc07ab59810bb98a6 fetched and parsed in 85.3085ms
[2m2025-12-10T10:09:16.016235Z[0m [34mDEBUG[0m [2methereum_transaction_pool_monitor::mempool_monitor[0m[2m:[0m 🔍 Skipping tx 0x690634648ba8aeb672cf2d5efc90d9cf3abdc3a7e373633dc07ab59810bb98a6 - not a DEX interaction (target: 0x95B45363457d85e60DC9f7B5687da6f74C343CfD)
[2m2025-12-10T10:09:16.016315Z[0m [34mDEBUG[0m [2mhyper::client::pool[0m[2m:[0m reuse idle connection for ("http", 192.168.0.14:8545)
[2m2025-12-10T10:09:16.016359Z[0m [34mDEBUG[0m [2mhyper::proto::h1::io[0m[2m:[0m flushed 172 bytes
[2m2025-12-10T10:09:16.019812Z[0m [34mDEBUG[0m [2mhyper::proto::h1::io[0m[2m:[0m parsed 4 headers
[2m2025-12-10T10:09:16.019828Z[0m [34mDEBUG[0m [2mhyper::proto::h1::conn[0m[2m:[0m incoming body is content-length (45 bytes)
[2m2025-12-10T10:09:16.019838Z[0m [34mDEBUG[0m [2mhyper::proto::h1::conn[0m[2m:[0m incoming body completed
[2m2025-12-10T10:09:16.019850Z[0m [34mDEBUG[0m [2mhyper::client::pool[0m[2m:[0m pooling idle connection for ("http", 192.168.0.14:8545)
[2m2025-12-10T10:09:16.069042Z[0m [34mDEBUG[0m [2methereum_transaction_pool_monitor::eth_client[0m[2m:[0m 📨 Received WebSocket message: {"jsonrpc":"2.0","method":"eth_subscription","params":{"subscription":"0xbed0a0851463e895960a451075a301a9","result":"0x54f029e61fba78f417a8b556e3352f601e8973bdd2314fb5988d27960a17e1f4"}}
[2m2025-12-10T10:09:16.069291Z[0m [34mDEBUG[0m [2methereum_transaction_pool_monitor::eth_client[0m[2m:[0m 📨 Received pending transaction: 0x54f029e61fba78f417a8b556e3352f601e8973bdd2314fb5988d27960a17e1f4
[2m2025-12-10T10:09:16.069301Z[0m [34mDEBUG[0m [2methereum_transaction_pool_monitor::mempool_monitor[0m[2m:[0m 📨 Processing new pending transaction: 0x54f029e61fba78f417a8b556e3352f601e8973bdd2314fb5988d27960a17e1f4
[2m2025-12-10T10:09:16.069306Z[0m [34mDEBUG[0m [2methereum_transaction_pool_monitor::mempool_monitor[0m[2m:[0m 🔍 Fetching transaction details for: 0x54f029e61fba78f417a8b556e3352f601e8973bdd2314fb5988d27960a17e1f4
[2m2025-12-10T10:09:16.069309Z[0m [34mDEBUG[0m [2methereum_transaction_pool_monitor::eth_client[0m[2m:[0m 🔍 Fetching transaction details for hash: 0x54f029e61fba78f417a8b556e3352f601e8973bdd2314fb5988d27960a17e1f4
[2m2025-12-10T10:09:16.069332Z[0m [34mDEBUG[0m [2mhyper::client::pool[0m[2m:[0m reuse idle connection for ("http", 192.168.0.14:8545)
[2m2025-12-10T10:09:16.069362Z[0m [34mDEBUG[0m [2mhyper::proto::h1::io[0m[2m:[0m flushed 250 bytes
[2m2025-12-10T10:09:16.076222Z[0m [34mDEBUG[0m [2mhyper::proto::h1::io[0m[2m:[0m parsed 4 headers
[2m2025-12-10T10:09:16.076255Z[0m [34mDEBUG[0m [2mhyper::proto::h1::conn[0m[2m:[0m incoming body is content-length (2566 bytes)
[2m2025-12-10T10:09:16.076266Z[0m [34mDEBUG[0m [2mhyper::proto::h1::conn[0m[2m:[0m incoming body completed
[2m2025-12-10T10:09:16.076279Z[0m [34mDEBUG[0m [2mhyper::client::pool[0m[2m:[0m pooling idle connection for ("http", 192.168.0.14:8545)
[2m2025-12-10T10:09:16.076288Z[0m [34mDEBUG[0m [2methereum_transaction_pool_monitor::eth_client[0m[2m:[0m 📡 Transaction fetch RPC completed in 6.974625ms
[2m2025-12-10T10:09:16.173697Z[0m [34mDEBUG[0m [2methereum_transaction_pool_monitor::eth_client[0m[2m:[0m ✅ Transaction 0x54f029e61fba78f417a8b556e3352f601e8973bdd2314fb5988d27960a17e1f4 fetched and parsed in 104.3805ms
[2m2025-12-10T10:09:16.173727Z[0m [34mDEBUG[0m [2methereum_transaction_pool_monitor::mempool_monitor[0m[2m:[0m 🔍 Skipping tx 0x54f029e61fba78f417a8b556e3352f601e8973bdd2314fb5988d27960a17e1f4 - not a DEX interaction (target: 0x604DD02d620633Ae427888d41bfd15e38483736E)
[2m2025-12-10T10:09:16.173769Z[0m [34mDEBUG[0m [2mhyper::client::pool[0m[2m:[0m reuse idle connection for ("http", 192.168.0.14:8545)
[2m2025-12-10T10:09:16.173826Z[0m [34mDEBUG[0m [2mhyper::proto::h1::io[0m[2m:[0m flushed 172 bytes
[2m2025-12-10T10:09:16.173826Z[0m [34mDEBUG[0m [2methereum_transaction_pool_monitor::eth_client[0m[2m:[0m 📨 Received WebSocket message: {"jsonrpc":"2.0","method":"eth_subscription","params":{"subscription":"0xbed0a0851463e895960a451075a301a9","result":"0xcb80815c6b31c4de7043066bb0abdfd50f270b80fb31adb7fbf140bd64145e56"}}
[2m2025-12-10T10:09:16.173844Z[0m [34mDEBUG[0m [2methereum_transaction_pool_monitor::eth_client[0m[2m:[0m 📨 Received pending transaction: 0xcb80815c6b31c4de7043066bb0abdfd50f270b80fb31adb7fbf140bd64145e56
[2m2025-12-10T10:09:16.173852Z[0m [34mDEBUG[0m [2methereum_transaction_pool_monitor::mempool_monitor[0m[2m:[0m 📨 Processing new pending transaction: 0xcb80815c6b31c4de7043066bb0abdfd50f270b80fb31adb7fbf140bd64145e56
[2m2025-12-10T10:09:16.173856Z[0m [34mDEBUG[0m [2methereum_transaction_pool_monitor::mempool_monitor[0m[2m:[0m 🔍 Fetching transaction details for: 0xcb80815c6b31c4de7043066bb0abdfd50f270b80fb31adb7fbf140bd64145e56
[2m2025-12-10T10:09:16.173860Z[0m [34mDEBUG[0m [2methereum_transaction_pool_monitor::eth_client[0m[2m:[0m 🔍 Fetching transaction details for hash: 0xcb80815c6b31c4de7043066bb0abdfd50f270b80fb31adb7fbf140bd64145e56
[2m2025-12-10T10:09:16.173870Z[0m [34mDEBUG[0m [2mhyper::client::pool[0m[2m:[0m reuse idle connection for ("http", 192.168.0.14:8545)
[2m2025-12-10T10:09:16.173885Z[0m [34mDEBUG[0m [2mhyper::proto::h1::io[0m[2m:[0m flushed 250 bytes
[2m2025-12-10T10:09:16.178202Z[0m [34mDEBUG[0m [2mhyper::proto::h1::io[0m[2m:[0m parsed 4 headers
[2m2025-12-10T10:09:16.178219Z[0m [34mDEBUG[0m [2mhyper::proto::h1::conn[0m[2m:[0m incoming body is content-length (45 bytes)
[2m2025-12-10T10:09:16.178227Z[0m [34mDEBUG[0m [2mhyper::proto::h1::conn[0m[2m:[0m incoming body completed
[2m2025-12-10T10:09:16.178236Z[0m [34mDEBUG[0m [2mhyper::client::pool[0m[2m:[0m pooling idle connection for ("http", 192.168.0.14:8545)
[2m2025-12-10T10:09:16.179918Z[0m [34mDEBUG[0m [2mhyper::proto::h1::io[0m[2m:[0m parsed 4 headers
[2m2025-12-10T10:09:16.179932Z[0m [34mDEBUG[0m [2mhyper::proto::h1::conn[0m[2m:[0m incoming body is content-length (15299 bytes)
[2m2025-12-10T10:09:16.179950Z[0m [34mDEBUG[0m [2methereum_transaction_pool_monitor::eth_client[0m[2m:[0m 📡 Transaction fetch RPC completed in 6.085417ms
[2m2025-12-10T10:09:16.184301Z[0m [34mDEBUG[0m [2mhyper::proto::h1::conn[0m[2m:[0m incoming body completed
[2m2025-12-10T10:09:16.184314Z[0m [34mDEBUG[0m [2mhyper::client::pool[0m[2m:[0m pooling idle connection for ("http", 192.168.0.14:8545)
[2m2025-12-10T10:09:16.197358Z[0m [34mDEBUG[0m [2mhyper::client::pool[0m[2m:[0m reuse idle connection for ("http", 192.168.0.14:8545)
[2m2025-12-10T10:09:16.197429Z[0m [34mDEBUG[0m [2mhyper::proto::h1::io[0m[2m:[0m flushed 172 bytes
[2m2025-12-10T10:09:16.201603Z[0m [34mDEBUG[0m [2mhyper::proto::h1::io[0m[2m:[0m parsed 4 headers
[2m2025-12-10T10:09:16.201640Z[0m [34mDEBUG[0m [2mhyper::proto::h1::conn[0m[2m:[0m incoming body is content-length (45 bytes)
[2m2025-12-10T10:09:16.201657Z[0m [34mDEBUG[0m [2mhyper::proto::h1::conn[0m[2m:[0m incoming body completed
[2m2025-12-10T10:09:16.201678Z[0m [34mDEBUG[0m [2mhyper::client::pool[0m[2m:[0m pooling idle connection for ("http", 192.168.0.14:8545)
[2m2025-12-10T10:09:16.234450Z[0m [34mDEBUG[0m [2methereum_transaction_pool_monitor::eth_client[0m[2m:[0m 📨 Received WebSocket message: {"jsonrpc":"2.0","method":"eth_subscription","params":{"subscription":"0xbed0a0851463e895960a451075a301a9","result":"0xf58fe4dae8d1f9769ab99259d814a94233ce191072ef6d138fbbe148bc8ef76d"}}
[2m2025-12-10T10:09:16.234470Z[0m [34mDEBUG[0m [2methereum_transaction_pool_monitor::eth_client[0m[2m:[0m 📨 Received pending transaction: 0xf58fe4dae8d1f9769ab99259d814a94233ce191072ef6d138fbbe148bc8ef76d
[2m2025-12-10T10:09:16.255334Z[0m [34mDEBUG[0m [2methereum_transaction_pool_monitor::eth_client[0m[2m:[0m ✅ Transaction 0xcb80815c6b31c4de7043066bb0abdfd50f270b80fb31adb7fbf140bd64145e56 fetched and parsed in 81.466917ms
[2m2025-12-10T10:09:16.255368Z[0m [34mDEBUG[0m [2methereum_transaction_pool_monitor::mempool_monitor[0m[2m:[0m 🔍 Skipping tx 0xcb80815c6b31c4de7043066bb0abdfd50f270b80fb31adb7fbf140bd64145e56 - not a DEX interaction (target: 0x4F674A18FA16EbE3bc0213C99491c758D76814B6)
[2m2025-12-10T10:09:16.255378Z[0m [34mDEBUG[0m [2methereum_transaction_pool_monitor::mempool_monitor[0m[2m:[0m 📨 Processing new pending transaction: 0xf58fe4dae8d1f9769ab99259d814a94233ce191072ef6d138fbbe148bc8ef76d
[2m2025-12-10T10:09:16.255382Z[0m [34mDEBUG[0m [2methereum_transaction_pool_monitor::mempool_monitor[0m[2m:[0m 🔍 Fetching transaction details for: 0xf58fe4dae8d1f9769ab99259d814a94233ce191072ef6d138fbbe148bc8ef76d
[2m2025-12-10T10:09:16.255386Z[0m [34mDEBUG[0m [2methereum_transaction_pool_monitor::eth_client[0m[2m:[0m 🔍 Fetching transaction details for hash: 0xf58fe4dae8d1f9769ab99259d814a94233ce191072ef6d138fbbe148bc8ef76d
[2m2025-12-10T10:09:16.255405Z[0m [34mDEBUG[0m [2mhyper::client::pool[0m[2m:[0m reuse idle connection for ("http", 192.168.0.14:8545)
[2m2025-12-10T10:09:16.255465Z[0m [34mDEBUG[0m [2mhyper::proto::h1::io[0m[2m:[0m flushed 250 bytes
[2m2025-12-10T10:09:16.259481Z[0m [34mDEBUG[0m [2mhyper::proto::h1::io[0m[2m:[0m parsed 4 headers
[2m2025-12-10T10:09:16.259498Z[0m [34mDEBUG[0m [2mhyper::proto::h1::conn[0m[2m:[0m incoming body is content-length (645 bytes)
[2m2025-12-10T10:09:16.259506Z[0m [34mDEBUG[0m [2mhyper::proto::h1::conn[0m[2m:[0m incoming body completed
[2m2025-12-10T10:09:16.259516Z[0m [34mDEBUG[0m [2mhyper::client::pool[0m[2m:[0m pooling idle connection for ("http", 192.168.0.14:8545)
[2m2025-12-10T10:09:16.259522Z[0m [34mDEBUG[0m [2methereum_transaction_pool_monitor::eth_client[0m[2m:[0m 📡 Transaction fetch RPC completed in 4.131917ms
[2m2025-12-10T10:09:16.330421Z[0m [34mDEBUG[0m [2methereum_transaction_pool_monitor::eth_client[0m[2m:[0m ✅ Transaction 0xf58fe4dae8d1f9769ab99259d814a94233ce191072ef6d138fbbe148bc8ef76d fetched and parsed in 75.027542ms
[2m2025-12-10T10:09:16.334102Z[0m [34mDEBUG[0m [2methereum_transaction_pool_monitor::mempool_monitor[0m[2m:[0m 🔍 Skipping tx 0xf58fe4dae8d1f9769ab99259d814a94233ce191072ef6d138fbbe148bc8ef76d - not a DEX interaction (target: 0x258494A21d9EA90FCBcB9E22BD57C6899dE0D995)
[2m2025-12-10T10:09:16.334150Z[0m [34mDEBUG[0m [2mhyper::client::pool[0m[2m:[0m reuse idle connection for ("http", 192.168.0.14:8545)
[2m2025-12-10T10:09:16.334195Z[0m [34mDEBUG[0m [2mhyper::proto::h1::io[0m[2m:[0m flushed 172 bytes
[2m2025-12-10T10:09:16.337810Z[0m [34mDEBUG[0m [2mhyper::proto::h1::io[0m[2m:[0m parsed 4 headers
[2m2025-12-10T10:09:16.337819Z[0m [34mDEBUG[0m [2mhyper::proto::h1::conn[0m[2m:[0m incoming body is content-length (45 bytes)
[2m2025-12-10T10:09:16.337827Z[0m [34mDEBUG[0m [2mhyper::proto::h1::conn[0m[2m:[0m incoming body completed
[2m2025-12-10T10:09:16.337836Z[0m [34mDEBUG[0m [2mhyper::client::pool[0m[2m:[0m pooling idle connection for ("http", 192.168.0.14:8545)
[2m2025-12-10T10:09:16.396833Z[0m [34mDEBUG[0m [2mhyper::client::pool[0m[2m:[0m reuse idle connection for ("http", 192.168.0.14:8545)
[2m2025-12-10T10:09:16.396895Z[0m [34mDEBUG[0m [2mhyper::proto::h1::io[0m[2m:[0m flushed 172 bytes
[2m2025-12-10T10:09:16.399938Z[0m [34mDEBUG[0m [2mhyper::proto::h1::io[0m[2m:[0m parsed 4 headers
[2m2025-12-10T10:09:16.399948Z[0m [34mDEBUG[0m [2mhyper::proto::h1::conn[0m[2m:[0m incoming body is content-length (45 bytes)
[2m2025-12-10T10:09:16.399957Z[0m [34mDEBUG[0m [2mhyper::proto::h1::conn[0m[2m:[0m incoming body completed
[2m2025-12-10T10:09:16.399966Z[0m [34mDEBUG[0m [2mhyper::client::pool[0m[2m:[0m pooling idle connection for ("http", 192.168.0.14:8545)
[2m2025-12-10T10:09:16.496792Z[0m [34mDEBUG[0m [2mhyper::client::pool[0m[2m:[0m reuse idle connection for ("http", 192.168.0.14:8545)
[2m2025-12-10T10:09:16.496841Z[0m [34mDEBUG[0m [2mhyper::proto::h1::io[0m[2m:[0m flushed 172 bytes
[2m2025-12-10T10:09:16.499997Z[0m [34mDEBUG[0m [2mhyper::proto::h1::io[0m[2m:[0m parsed 4 headers
[2m2025-12-10T10:09:16.500009Z[0m [34mDEBUG[0m [2mhyper::proto::h1::conn[0m[2m:[0m incoming body is content-length (45 bytes)
[2m2025-12-10T10:09:16.500016Z[0m [34mDEBUG[0m [2mhyper::proto::h1::conn[0m[2m:[0m incoming body completed
[2m2025-12-10T10:09:16.500025Z[0m [34mDEBUG[0m [2mhyper::client::pool[0m[2m:[0m pooling idle connection for ("http", 192.168.0.14:8545)
[2m2025-12-10T10:09:16.596465Z[0m [34mDEBUG[0m [2mhyper::client::pool[0m[2m:[0m reuse idle connection for ("http", 192.168.0.14:8545)
[2m2025-12-10T10:09:16.596535Z[0m [34mDEBUG[0m [2mhyper::proto::h1::io[0m[2m:[0m flushed 172 bytes
[2m2025-12-10T10:09:16.600025Z[0m [34mDEBUG[0m [2mhyper::proto::h1::io[0m[2m:[0m parsed 4 headers
[2m2025-12-10T10:09:16.600041Z[0m [34mDEBUG[0m [2mhyper::proto::h1::conn[0m[2m:[0m incoming body is content-length (45 bytes)
[2m2025-12-10T10:09:16.600049Z[0m [34mDEBUG[0m [2mhyper::proto::h1::conn[0m[2m:[0m incoming body completed
[2m2025-12-10T10:09:16.600059Z[0m [34mDEBUG[0m [2mhyper::client::pool[0m[2m:[0m pooling idle connection for ("http", 192.168.0.14:8545)
[2m2025-12-10T10:09:16.675205Z[0m [34mDEBUG[0m [2methereum_transaction_pool_monitor::eth_client[0m[2m:[0m 📨 Received WebSocket message: {"jsonrpc":"2.0","method":"eth_subscription","params":{"subscription":"0xbed0a0851463e895960a451075a301a9","result":"0x744ccac51a3db62910a3efeeaeedc0921bbb591542a86feb5531852a442c0179"}}
[2m2025-12-10T10:09:16.675355Z[0m [34mDEBUG[0m [2methereum_transaction_pool_monitor::eth_client[0m[2m:[0m 📨 Received pending transaction: 0x744ccac51a3db62910a3efeeaeedc0921bbb591542a86feb5531852a442c0179
[2m2025-12-10T10:09:16.675386Z[0m [34mDEBUG[0m [2methereum_transaction_pool_monitor::mempool_monitor[0m[2m:[0m 📨 Processing new pending transaction: 0x744ccac51a3db62910a3efeeaeedc0921bbb591542a86feb5531852a442c0179
[2m2025-12-10T10:09:16.675399Z[0m [34mDEBUG[0m [2methereum_transaction_pool_monitor::mempool_monitor[0m[2m:[0m 🔍 Fetching transaction details for: 0x744ccac51a3db62910a3efeeaeedc0921bbb591542a86feb5531852a442c0179
[2m2025-12-10T10:09:16.675411Z[0m [34mDEBUG[0m [2methereum_transaction_pool_monitor::eth_client[0m[2m:[0m 🔍 Fetching transaction details for hash: 0x744ccac51a3db62910a3efeeaeedc0921bbb591542a86feb5531852a442c0179
[2m2025-12-10T10:09:16.675461Z[0m [34mDEBUG[0m [2mhyper::client::pool[0m[2m:[0m reuse idle connection for ("http", 192.168.0.14:8545)
[2m2025-12-10T10:09:16.675538Z[0m [34mDEBUG[0m [2mhyper::proto::h1::io[0m[2m:[0m flushed 250 bytes
[2m2025-12-10T10:09:16.679470Z[0m [34mDEBUG[0m [2mhyper::proto::h1::io[0m[2m:[0m parsed 4 headers
[2m2025-12-10T10:09:16.679900Z[0m [34mDEBUG[0m [2mhyper::proto::h1::conn[0m[2m:[0m incoming body is content-length (1731 bytes)
[2m2025-12-10T10:09:16.679936Z[0m [34mDEBUG[0m [2mhyper::proto::h1::conn[0m[2m:[0m incoming body completed
[2m2025-12-10T10:09:16.679978Z[0m [34mDEBUG[0m [2mhyper::client::pool[0m[2m:[0m pooling idle connection for ("http", 192.168.0.14:8545)
[2m2025-12-10T10:09:16.680009Z[0m [34mDEBUG[0m [2methereum_transaction_pool_monitor::eth_client[0m[2m:[0m 📡 Transaction fetch RPC completed in 4.587667ms
[2m2025-12-10T10:09:16.852609Z[0m [34mDEBUG[0m [2methereum_transaction_pool_monitor::eth_client[0m[2m:[0m ✅ Transaction 0x744ccac51a3db62910a3efeeaeedc0921bbb591542a86feb5531852a442c0179 fetched and parsed in 177.183625ms
[2m2025-12-10T10:09:16.852635Z[0m [34mDEBUG[0m [2methereum_transaction_pool_monitor::mempool_monitor[0m[2m:[0m 🔍 Skipping tx 0x744ccac51a3db62910a3efeeaeedc0921bbb591542a86feb5531852a442c0179 - not a DEX interaction (target: 0x601a2aD6CB5949f0529735254189Ba3194221EDF)
[2m2025-12-10T10:09:16.852697Z[0m [34mDEBUG[0m [2mhyper::client::pool[0m[2m:[0m reuse idle connection for ("http", 192.168.0.14:8545)
[2m2025-12-10T10:09:16.852752Z[0m [34mDEBUG[0m [2mhyper::proto::h1::io[0m[2m:[0m flushed 172 bytes
[2m2025-12-10T10:09:16.855856Z[0m [34mDEBUG[0m [2mhyper::proto::h1::io[0m[2m:[0m parsed 4 headers
[2m2025-12-10T10:09:16.855871Z[0m [34mDEBUG[0m [2mhyper::proto::h1::conn[0m[2m:[0m incoming body is content-length (45 bytes)
[2m2025-12-10T10:09:16.855879Z[0m [34mDEBUG[0m [2mhyper::proto::h1::conn[0m[2m:[0m incoming body completed
[2m2025-12-10T10:09:16.855889Z[0m [34mDEBUG[0m [2mhyper::client::pool[0m[2m:[0m pooling idle connection for ("http", 192.168.0.14:8545)
[2m2025-12-10T10:09:16.855912Z[0m [34mDEBUG[0m [2mhyper::client::pool[0m[2m:[0m reuse idle connection for ("http", 192.168.0.14:8545)
[2m2025-12-10T10:09:16.855942Z[0m [34mDEBUG[0m [2mhyper::proto::h1::io[0m[2m:[0m flushed 172 bytes
[2m2025-12-10T10:09:16.860229Z[0m [34mDEBUG[0m [2mhyper::proto::h1::io[0m[2m:[0m parsed 4 headers
[2m2025-12-10T10:09:16.860285Z[0m [34mDEBUG[0m [2mhyper::proto::h1::conn[0m[2m:[0m incoming body is content-length (45 bytes)
[2m2025-12-10T10:09:16.860294Z[0m [34mDEBUG[0m [2mhyper::proto::h1::conn[0m[2m:[0m incoming body completed
[2m2025-12-10T10:09:16.860305Z[0m [34mDEBUG[0m [2mhyper::client::pool[0m[2m:[0m pooling idle connection for ("http", 192.168.0.14:8545)
[2m2025-12-10T10:09:16.897370Z[0m [34mDEBUG[0m [2mhyper::client::pool[0m[2m:[0m reuse idle connection for ("http", 192.168.0.14:8545)
[2m2025-12-10T10:09:16.897446Z[0m [34mDEBUG[0m [2mhyper::proto::h1::io[0m[2m:[0m flushed 172 bytes
[2m2025-12-10T10:09:16.900854Z[0m [34mDEBUG[0m [2mhyper::proto::h1::io[0m[2m:[0m parsed 4 headers
[2m2025-12-10T10:09:16.900868Z[0m [34mDEBUG[0m [2mhyper::proto::h1::conn[0m[2m:[0m incoming body is content-length (45 bytes)
[2m2025-12-10T10:09:16.900876Z[0m [34mDEBUG[0m [2mhyper::proto::h1::conn[0m[2m:[0m incoming body completed
[2m2025-12-10T10:09:16.900887Z[0m [34mDEBUG[0m [2mhyper::client::pool[0m[2m:[0m pooling idle connection for ("http", 192.168.0.14:8545)
[2m2025-12-10T10:09:16.938613Z[0m [34mDEBUG[0m [2methereum_transaction_pool_monitor::eth_client[0m[2m:[0m 📨 Received WebSocket message: {"jsonrpc":"2.0","method":"eth_subscription","params":{"subscription":"0xbed0a0851463e895960a451075a301a9","result":"0x9c4ae6e70be6947432fafc44275e9ac3955646081b6a736e15ba9a12d97828d7"}}
[2m2025-12-10T10:09:16.938633Z[0m [34mDEBUG[0m [2methereum_transaction_pool_monitor::eth_client[0m[2m:[0m 📨 Received pending transaction: 0x9c4ae6e70be6947432fafc44275e9ac3955646081b6a736e15ba9a12d97828d7
[2m2025-12-10T10:09:16.938641Z[0m [34mDEBUG[0m [2methereum_transaction_pool_monitor::mempool_monitor[0m[2m:[0m 📨 Processing new pending transaction: 0x9c4ae6e70be6947432fafc44275e9ac3955646081b6a736e15ba9a12d97828d7
[2m2025-12-10T10:09:16.938646Z[0m [34mDEBUG[0m [2methereum_transaction_pool_monitor::mempool_monitor[0m[2m:[0m 🔍 Fetching transaction details for: 0x9c4ae6e70be6947432fafc44275e9ac3955646081b6a736e15ba9a12d97828d7
[2m2025-12-10T10:09:16.938650Z[0m [34mDEBUG[0m [2methereum_transaction_pool_monitor::eth_client[0m[2m:[0m 🔍 Fetching transaction details for hash: 0x9c4ae6e70be6947432fafc44275e9ac3955646081b6a736e15ba9a12d97828d7
[2m2025-12-10T10:09:16.938672Z[0m [34mDEBUG[0m [2mhyper::client::pool[0m[2m:[0m reuse idle connection for ("http", 192.168.0.14:8545)
[2m2025-12-10T10:09:16.938697Z[0m [34mDEBUG[0m [2mhyper::proto::h1::io[0m[2m:[0m flushed 250 bytes
[2m2025-12-10T10:09:16.945538Z[0m [34mDEBUG[0m [2mhyper::proto::h1::io[0m[2m:[0m parsed 4 headers
[2m2025-12-10T10:09:16.945588Z[0m [34mDEBUG[0m [2mhyper::proto::h1::conn[0m[2m:[0m incoming body is content-length (654 bytes)
[2m2025-12-10T10:09:16.945598Z[0m [34mDEBUG[0m [2mhyper::proto::h1::conn[0m[2m:[0m incoming body completed
[2m2025-12-10T10:09:16.945614Z[0m [34mDEBUG[0m [2mhyper::client::pool[0m[2m:[0m pooling idle connection for ("http", 192.168.0.14:8545)
[2m2025-12-10T10:09:16.945623Z[0m [34mDEBUG[0m [2methereum_transaction_pool_monitor::eth_client[0m[2m:[0m 📡 Transaction fetch RPC completed in 6.9695ms
[2m2025-12-10T10:09:17.080691Z[0m [34mDEBUG[0m [2methereum_transaction_pool_monitor::eth_client[0m[2m:[0m ✅ Transaction 0x9c4ae6e70be6947432fafc44275e9ac3955646081b6a736e15ba9a12d97828d7 fetched and parsed in 142.033917ms
[2m2025-12-10T10:09:17.080725Z[0m [34mDEBUG[0m [2methereum_transaction_pool_monitor::mempool_monitor[0m[2m:[0m 🔍 Skipping tx 0x9c4ae6e70be6947432fafc44275e9ac3955646081b6a736e15ba9a12d97828d7 - not a DEX interaction (target: 0x45A43209434aD12e9b2820dd386d10336872397e)
[2m2025-12-10T10:09:17.080770Z[0m [34mDEBUG[0m [2mhyper::client::pool[0m[2m:[0m reuse idle connection for ("http", 192.168.0.14:8545)
[2m2025-12-10T10:09:17.080790Z[0m [34mDEBUG[0m [2methereum_transaction_pool_monitor::eth_client[0m[2m:[0m 📨 Received WebSocket message: {"jsonrpc":"2.0","method":"eth_subscription","params":{"subscription":"0xbed0a0851463e895960a451075a301a9","result":"0xe9ae0c6e8f77fd8d3cfa3644d49f0ce099e22e06507a8bed97c93a311105eafe"}}
[2m2025-12-10T10:09:17.080834Z[0m [34mDEBUG[0m [2methereum_transaction_pool_monitor::eth_client[0m[2m:[0m 📨 Received pending transaction: 0xe9ae0c6e8f77fd8d3cfa3644d49f0ce099e22e06507a8bed97c93a311105eafe
[2m2025-12-10T10:09:17.080861Z[0m [34mDEBUG[0m [2mhyper::proto::h1::io[0m[2m:[0m flushed 172 bytes
[2m2025-12-10T10:09:17.080900Z[0m [34mDEBUG[0m [2methereum_transaction_pool_monitor::eth_client[0m[2m:[0m 📨 Received WebSocket message: {"jsonrpc":"2.0","method":"eth_subscription","params":{"subscription":"0xbed0a0851463e895960a451075a301a9","result":"0x7b88c1d40d49280a90eb9caf4be617f278b1d8e09bdb6320b704fa39a284e466"}}
[2m2025-12-10T10:09:17.080910Z[0m [34mDEBUG[0m [2methereum_transaction_pool_monitor::eth_client[0m[2m:[0m 📨 Received pending transaction: 0x7b88c1d40d49280a90eb9caf4be617f278b1d8e09bdb6320b704fa39a284e466
[2m2025-12-10T10:09:17.080918Z[0m [34mDEBUG[0m [2methereum_transaction_pool_monitor::mempool_monitor[0m[2m:[0m 📨 Processing new pending transaction: 0xe9ae0c6e8f77fd8d3cfa3644d49f0ce099e22e06507a8bed97c93a311105eafe
[2m2025-12-10T10:09:17.080923Z[0m [34mDEBUG[0m [2methereum_transaction_pool_monitor::mempool_monitor[0m[2m:[0m 🔍 Fetching transaction details for: 0xe9ae0c6e8f77fd8d3cfa3644d49f0ce099e22e06507a8bed97c93a311105eafe
[2m2025-12-10T10:09:17.080929Z[0m [34mDEBUG[0m [2methereum_transaction_pool_monitor::eth_client[0m[2m:[0m 🔍 Fetching transaction details for hash: 0xe9ae0c6e8f77fd8d3cfa3644d49f0ce099e22e06507a8bed97c93a311105eafe
[2m2025-12-10T10:09:17.080941Z[0m [34mDEBUG[0m [2mhyper::client::pool[0m[2m:[0m reuse idle connection for ("http", 192.168.0.14:8545)
[2m2025-12-10T10:09:17.080960Z[0m [34mDEBUG[0m [2mhyper::proto::h1::io[0m[2m:[0m flushed 250 bytes
[2m2025-12-10T10:09:17.085440Z[0m [34mDEBUG[0m [2mhyper::proto::h1::io[0m[2m:[0m parsed 4 headers
[2m2025-12-10T10:09:17.085446Z[0m [34mDEBUG[0m [2mhyper::proto::h1::conn[0m[2m:[0m incoming body is content-length (45 bytes)
[2m2025-12-10T10:09:17.085453Z[0m [34mDEBUG[0m [2mhyper::proto::h1::conn[0m[2m:[0m incoming body completed
[2m2025-12-10T10:09:17.085461Z[0m [34mDEBUG[0m [2mhyper::client::pool[0m[2m:[0m pooling idle connection for ("http", 192.168.0.14:8545)
[2m2025-12-10T10:09:17.088554Z[0m [34mDEBUG[0m [2mhyper::proto::h1::io[0m[2m:[0m parsed 4 headers
[2m2025-12-10T10:09:17.088563Z[0m [34mDEBUG[0m [2mhyper::proto::h1::conn[0m[2m:[0m incoming body is content-length (771 bytes)
[2m2025-12-10T10:09:17.088570Z[0m [34mDEBUG[0m [2mhyper::proto::h1::conn[0m[2m:[0m incoming body completed
[2m2025-12-10T10:09:17.088579Z[0m [34mDEBUG[0m [2mhyper::client::pool[0m[2m:[0m pooling idle connection for ("http", 192.168.0.14:8545)
[2m2025-12-10T10:09:17.088585Z[0m [34mDEBUG[0m [2methereum_transaction_pool_monitor::eth_client[0m[2m:[0m 📡 Transaction fetch RPC completed in 7.651375ms
[2m2025-12-10T10:09:17.088599Z[0m [34mDEBUG[0m [2methereum_transaction_pool_monitor::eth_client[0m[2m:[0m DeFi transaction detected - Address: 0xdac17f958d2ee523a2206206994597c13d831ec7, Type: Stablecoin, Value: 0 ETH, Gas: 0.71 Gwei
[2m2025-12-10T10:09:17.088612Z[0m [34mDEBUG[0m [2methereum_transaction_pool_monitor::eth_client[0m[2m:[0m ✅ Transaction 0xe9ae0c6e8f77fd8d3cfa3644d49f0ce099e22e06507a8bed97c93a311105eafe fetched and parsed in 7.678833ms
[2m2025-12-10T10:09:17.088619Z[0m [34mDEBUG[0m [2methereum_transaction_pool_monitor::mempool_monitor[0m[2m:[0m 🔍 Skipping tx 0xe9ae0c6e8f77fd8d3cfa3644d49f0ce099e22e06507a8bed97c93a311105eafe - not a DEX interaction (target: 0xdAC17F958D2ee523a2206206994597C13D831ec7)
[2m2025-12-10T10:09:17.088625Z[0m [34mDEBUG[0m [2methereum_transaction_pool_monitor::mempool_monitor[0m[2m:[0m 📨 Processing new pending transaction: 0x7b88c1d40d49280a90eb9caf4be617f278b1d8e09bdb6320b704fa39a284e466
[2m2025-12-10T10:09:17.088629Z[0m [34mDEBUG[0m [2methereum_transaction_pool_monitor::mempool_monitor[0m[2m:[0m 🔍 Fetching transaction details for: 0x7b88c1d40d49280a90eb9caf4be617f278b1d8e09bdb6320b704fa39a284e466
[2m2025-12-10T10:09:17.088632Z[0m [34mDEBUG[0m [2methereum_transaction_pool_monitor::eth_client[0m[2m:[0m 🔍 Fetching transaction details for hash: 0x7b88c1d40d49280a90eb9caf4be617f278b1d8e09bdb6320b704fa39a284e466
[2m2025-12-10T10:09:17.088643Z[0m [34mDEBUG[0m [2mhyper::client::pool[0m[2m:[0m reuse idle connection for ("http", 192.168.0.14:8545)
[2m2025-12-10T10:09:17.088662Z[0m [34mDEBUG[0m [2mhyper::proto::h1::io[0m[2m:[0m flushed 250 bytes
[2m2025-12-10T10:09:17.094621Z[0m [34mDEBUG[0m [2mhyper::proto::h1::io[0m[2m:[0m parsed 4 headers
[2m2025-12-10T10:09:17.094633Z[0m [34mDEBUG[0m [2mhyper::proto::h1::conn[0m[2m:[0m incoming body is content-length (5379 bytes)
[2m2025-12-10T10:09:17.094639Z[0m [34mDEBUG[0m [2mhyper::proto::h1::conn[0m[2m:[0m incoming body completed
[2m2025-12-10T10:09:17.094648Z[0m [34mDEBUG[0m [2mhyper::client::pool[0m[2m:[0m pooling idle connection for ("http", 192.168.0.14:8545)
[2m2025-12-10T10:09:17.094654Z[0m [34mDEBUG[0m [2methereum_transaction_pool_monitor::eth_client[0m[2m:[0m 📡 Transaction fetch RPC completed in 6.01925ms
[2m2025-12-10T10:09:17.207315Z[0m [34mDEBUG[0m [2methereum_transaction_pool_monitor::eth_client[0m[2m:[0m ✅ Transaction 0x7b88c1d40d49280a90eb9caf4be617f278b1d8e09bdb6320b704fa39a284e466 fetched and parsed in 118.675875ms
[2m2025-12-10T10:09:17.207347Z[0m [34mDEBUG[0m [2methereum_transaction_pool_monitor::mempool_monitor[0m[2m:[0m 🔍 Skipping tx 0x7b88c1d40d49280a90eb9caf4be617f278b1d8e09bdb6320b704fa39a284e466 - not a DEX interaction (target: 0xF6801D319497789f934ec7F83E142a9536312B08)
[2m2025-12-10T10:09:17.207464Z[0m [34mDEBUG[0m [2mhyper::client::pool[0m[2m:[0m reuse idle connection for ("http", 192.168.0.14:8545)
[2m2025-12-10T10:09:17.207497Z[0m [34mDEBUG[0m [2mhyper::proto::h1::io[0m[2m:[0m flushed 172 bytes
[2m2025-12-10T10:09:17.211031Z[0m [34mDEBUG[0m [2mhyper::proto::h1::io[0m[2m:[0m parsed 4 headers
[2m2025-12-10T10:09:17.211041Z[0m [34mDEBUG[0m [2mhyper::proto::h1::conn[0m[2m:[0m incoming body is content-length (45 bytes)
[2m2025-12-10T10:09:17.211049Z[0m [34mDEBUG[0m [2mhyper::proto::h1::conn[0m[2m:[0m incoming body completed
[2m2025-12-10T10:09:17.211058Z[0m [34mDEBUG[0m [2mhyper::client::pool[0m[2m:[0m pooling idle connection for ("http", 192.168.0.14:8545)
[2m2025-12-10T10:09:17.211080Z[0m [34mDEBUG[0m [2mhyper::client::pool[0m[2m:[0m reuse idle connection for ("http", 192.168.0.14:8545)
[2m2025-12-10T10:09:17.211104Z[0m [34mDEBUG[0m [2mhyper::proto::h1::io[0m[2m:[0m flushed 172 bytes
[2m2025-12-10T10:09:17.214533Z[0m [34mDEBUG[0m [2mhyper::proto::h1::io[0m[2m:[0m parsed 4 headers
[2m2025-12-10T10:09:17.214556Z[0m [34mDEBUG[0m [2mhyper::proto::h1::conn[0m[2m:[0m incoming body is content-length (45 bytes)
[2m2025-12-10T10:09:17.214565Z[0m [34mDEBUG[0m [2mhyper::proto::h1::conn[0m[2m:[0m incoming body completed
[2m2025-12-10T10:09:17.214577Z[0m [34mDEBUG[0m [2mhyper::client::pool[0m[2m:[0m pooling idle connection for ("http", 192.168.0.14:8545)
[2m2025-12-10T10:09:17.296847Z[0m [34mDEBUG[0m [2mhyper::client::pool[0m[2m:[0m reuse idle connection for ("http", 192.168.0.14:8545)
[2m2025-12-10T10:09:17.296907Z[0m [34mDEBUG[0m [2mhyper::proto::h1::io[0m[2m:[0m flushed 172 bytes
[2m2025-12-10T10:09:17.300631Z[0m [34mDEBUG[0m [2mhyper::proto::h1::io[0m[2m:[0m parsed 4 headers
[2m2025-12-10T10:09:17.300638Z[0m [34mDEBUG[0m [2mhyper::proto::h1::conn[0m[2m:[0m incoming body is content-length (45 bytes)
[2m2025-12-10T10:09:17.300646Z[0m [34mDEBUG[0m [2mhyper::proto::h1::conn[0m[2m:[0m incoming body completed
[2m2025-12-10T10:09:17.300654Z[0m [34mDEBUG[0m [2mhyper::client::pool[0m[2m:[0m pooling idle connection for ("http", 192.168.0.14:8545)
[2m2025-12-10T10:09:17.396766Z[0m [34mDEBUG[0m [2mhyper::client::pool[0m[2m:[0m reuse idle connection for ("http", 192.168.0.14:8545)
[2m2025-12-10T10:09:17.396845Z[0m [34mDEBUG[0m [2mhyper::proto::h1::io[0m[2m:[0m flushed 172 bytes
[2m2025-12-10T10:09:17.403828Z[0m [34mDEBUG[0m [2mhyper::proto::h1::io[0m[2m:[0m parsed 4 headers
[2m2025-12-10T10:09:17.403838Z[0m [34mDEBUG[0m [2mhyper::proto::h1::conn[0m[2m:[0m incoming body is content-length (45 bytes)
[2m2025-12-10T10:09:17.403846Z[0m [34mDEBUG[0m [2mhyper::proto::h1::conn[0m[2m:[0m incoming body completed
[2m2025-12-10T10:09:17.403856Z[0m [34mDEBUG[0m [2mhyper::client::pool[0m[2m:[0m pooling idle connection for ("http", 192.168.0.14:8545)
[2m2025-12-10T10:09:17.445924Z[0m [34mDEBUG[0m [2methereum_transaction_pool_monitor::eth_client[0m[2m:[0m 📨 Received WebSocket message: {"jsonrpc":"2.0","method":"eth_subscription","params":{"subscription":"0xbed0a0851463e895960a451075a301a9","result":"0x078354f1c99d25a26d05f5c17e9a322abc21176973b2a3f2e5e6c0e5a598d527"}}
[2m2025-12-10T10:09:17.446055Z[0m [34mDEBUG[0m [2methereum_transaction_pool_monitor::eth_client[0m[2m:[0m 📨 Received pending transaction: 0x078354f1c99d25a26d05f5c17e9a322abc21176973b2a3f2e5e6c0e5a598d527
[2m2025-12-10T10:09:17.446069Z[0m [34mDEBUG[0m [2methereum_transaction_pool_monitor::mempool_monitor[0m[2m:[0m 📨 Processing new pending transaction: 0x078354f1c99d25a26d05f5c17e9a322abc21176973b2a3f2e5e6c0e5a598d527
[2m2025-12-10T10:09:17.446079Z[0m [34mDEBUG[0m [2methereum_transaction_pool_monitor::mempool_monitor[0m[2m:[0m 🔍 Fetching transaction details for: 0x078354f1c99d25a26d05f5c17e9a322abc21176973b2a3f2e5e6c0e5a598d527
[2m2025-12-10T10:09:17.446086Z[0m [34mDEBUG[0m [2methereum_transaction_pool_monitor::eth_client[0m[2m:[0m 🔍 Fetching transaction details for hash: 0x078354f1c99d25a26d05f5c17e9a322abc21176973b2a3f2e5e6c0e5a598d527
[2m2025-12-10T10:09:17.446112Z[0m [34mDEBUG[0m [2mhyper::client::pool[0m[2m:[0m reuse idle connection for ("http", 192.168.0.14:8545)
[2m2025-12-10T10:09:17.446145Z[0m [34mDEBUG[0m [2mhyper::proto::h1::io[0m[2m:[0m flushed 250 bytes
[2m2025-12-10T10:09:17.451925Z[0m [34mDEBUG[0m [2mhyper::proto::h1::io[0m[2m:[0m parsed 4 headers
[2m2025-12-10T10:09:17.451939Z[0m [34mDEBUG[0m [2mhyper::proto::h1::conn[0m[2m:[0m incoming body is content-length (650 bytes)
[2m2025-12-10T10:09:17.451950Z[0m [34mDEBUG[0m [2mhyper::proto::h1::conn[0m[2m:[0m incoming body completed
[2m2025-12-10T10:09:17.451963Z[0m [34mDEBUG[0m [2mhyper::client::pool[0m[2m:[0m pooling idle connection for ("http", 192.168.0.14:8545)
[2m2025-12-10T10:09:17.451972Z[0m [34mDEBUG[0m [2methereum_transaction_pool_monitor::eth_client[0m[2m:[0m 📡 Transaction fetch RPC completed in 5.88075ms
[2m2025-12-10T10:09:17.589126Z[0m [34mDEBUG[0m [2methereum_transaction_pool_monitor::eth_client[0m[2m:[0m ✅ Transaction 0x078354f1c99d25a26d05f5c17e9a322abc21176973b2a3f2e5e6c0e5a598d527 fetched and parsed in 143.031542ms
[2m2025-12-10T10:09:17.589150Z[0m [34mDEBUG[0m [2methereum_transaction_pool_monitor::mempool_monitor[0m[2m:[0m 🔍 Skipping tx 0x078354f1c99d25a26d05f5c17e9a322abc21176973b2a3f2e5e6c0e5a598d527 - not a DEX interaction (target: 0xa8e3a3dC000A6b72A8d4d55D7754e944643fABbe)
[2m2025-12-10T10:09:17.589196Z[0m [34mDEBUG[0m [2mhyper::client::pool[0m[2m:[0m reuse idle connection for ("http", 192.168.0.14:8545)
[2m2025-12-10T10:09:17.589227Z[0m [34mDEBUG[0m [2mhyper::proto::h1::io[0m[2m:[0m flushed 172 bytes
[2m2025-12-10T10:09:17.589238Z[0m [34mDEBUG[0m [2methereum_transaction_pool_monitor::eth_client[0m[2m:[0m 📨 Received WebSocket message: {"jsonrpc":"2.0","method":"eth_subscription","params":{"subscription":"0xbed0a0851463e895960a451075a301a9","result":"0xd1fc5c1e687859dc6a1dbe7149921b3a51a7f23576863e71c2a45cccd0e0e8d3"}}
[2m2025-12-10T10:09:17.589247Z[0m [34mDEBUG[0m [2methereum_transaction_pool_monitor::eth_client[0m[2m:[0m 📨 Received pending transaction: 0xd1fc5c1e687859dc6a1dbe7149921b3a51a7f23576863e71c2a45cccd0e0e8d3
[2m2025-12-10T10:09:17.589256Z[0m [34mDEBUG[0m [2methereum_transaction_pool_monitor::eth_client[0m[2m:[0m 📨 Received WebSocket message: {"jsonrpc":"2.0","method":"eth_subscription","params":{"subscription":"0xbed0a0851463e895960a451075a301a9","result":"0x774b9a70d144a4814fa12e57380983a852c7c81cd6aa152e9e3919d4d13f1135"}}
[2m2025-12-10T10:09:17.589264Z[0m [34mDEBUG[0m [2methereum_transaction_pool_monitor::eth_client[0m[2m:[0m 📨 Received pending transaction: 0x774b9a70d144a4814fa12e57380983a852c7c81cd6aa152e9e3919d4d13f1135
[2m2025-12-10T10:09:17.589270Z[0m [34mDEBUG[0m [2methereum_transaction_pool_monitor::eth_client[0m[2m:[0m 📨 Received WebSocket message: {"jsonrpc":"2.0","method":"eth_subscription","params":{"subscription":"0xbed0a0851463e895960a451075a301a9","result":"0xe5c23eec3b88277d5a78c00e8e5aea9c0723511678ef04ee355ce23b4f2d7887"}}
[2m2025-12-10T10:09:17.589276Z[0m [34mDEBUG[0m [2methereum_transaction_pool_monitor::eth_client[0m[2m:[0m 📨 Received pending transaction: 0xe5c23eec3b88277d5a78c00e8e5aea9c0723511678ef04ee355ce23b4f2d7887
[2m2025-12-10T10:09:17.589281Z[0m [34mDEBUG[0m [2methereum_transaction_pool_monitor::eth_client[0m[2m:[0m 📨 Received WebSocket message: {"jsonrpc":"2.0","method":"eth_subscription","params":{"subscription":"0xbed0a0851463e895960a451075a301a9","result":"0x0e5315051d45e8e45207d215481d35226775ca1a0e11ecdb033a62b39de2a2b0"}}
[2m2025-12-10T10:09:17.589287Z[0m [34mDEBUG[0m [2methereum_transaction_pool_monitor::eth_client[0m[2m:[0m 📨 Received pending transaction: 0x0e5315051d45e8e45207d215481d35226775ca1a0e11ecdb033a62b39de2a2b0
[2m2025-12-10T10:09:17.589292Z[0m [34mDEBUG[0m [2methereum_transaction_pool_monitor::eth_client[0m[2m:[0m 📨 Received WebSocket message: {"jsonrpc":"2.0","method":"eth_subscription","params":{"subscription":"0xbed0a0851463e895960a451075a301a9","result":"0xe4524bf117e52bedba19e050bb51f5402c0b13e5bd5127a40ddb9b506c274300"}}
[2m2025-12-10T10:09:17.589298Z[0m [34mDEBUG[0m [2methereum_transaction_pool_monitor::eth_client[0m[2m:[0m 📨 Received pending transaction: 0xe4524bf117e52bedba19e050bb51f5402c0b13e5bd5127a40ddb9b506c274300
[2m2025-12-10T10:09:17.589305Z[0m [34mDEBUG[0m [2methereum_transaction_pool_monitor::mempool_monitor[0m[2m:[0m 📨 Processing new pending transaction: 0xd1fc5c1e687859dc6a1dbe7149921b3a51a7f23576863e71c2a45cccd0e0e8d3
[2m2025-12-10T10:09:17.589309Z[0m [34mDEBUG[0m [2methereum_transaction_pool_monitor::mempool_monitor[0m[2m:[0m 🔍 Fetching transaction details for: 0xd1fc5c1e687859dc6a1dbe7149921b3a51a7f23576863e71c2a45cccd0e0e8d3
[2m2025-12-10T10:09:17.589315Z[0m [34mDEBUG[0m [2methereum_transaction_pool_monitor::eth_client[0m[2m:[0m 🔍 Fetching transaction details for hash: 0xd1fc5c1e687859dc6a1dbe7149921b3a51a7f23576863e71c2a45cccd0e0e8d3
[2m2025-12-10T10:09:17.589324Z[0m [34mDEBUG[0m [2mhyper::client::pool[0m[2m:[0m reuse idle connection for ("http", 192.168.0.14:8545)
[2m2025-12-10T10:09:17.589338Z[0m [34mDEBUG[0m [2mhyper::proto::h1::io[0m[2m:[0m flushed 250 bytes
[2m2025-12-10T10:09:17.593076Z[0m [34mDEBUG[0m [2mhyper::proto::h1::io[0m[2m:[0m parsed 4 headers
[2m2025-12-10T10:09:17.593083Z[0m [34mDEBUG[0m [2mhyper::proto::h1::conn[0m[2m:[0m incoming body is content-length (45 bytes)
[2m2025-12-10T10:09:17.593091Z[0m [34mDEBUG[0m [2mhyper::proto::h1::conn[0m[2m:[0m incoming body completed
[2m2025-12-10T10:09:17.593099Z[0m [34mDEBUG[0m [2mhyper::client::pool[0m[2m:[0m pooling idle connection for ("http", 192.168.0.14:8545)
[2m2025-12-10T10:09:17.596506Z[0m [34mDEBUG[0m [2mhyper::client::pool[0m[2m:[0m reuse idle connection for ("http", 192.168.0.14:8545)
[2m2025-12-10T10:09:17.596542Z[0m [34mDEBUG[0m [2mhyper::proto::h1::io[0m[2m:[0m flushed 172 bytes
[2m2025-12-10T10:09:17.597406Z[0m [34mDEBUG[0m [2mhyper::proto::h1::io[0m[2m:[0m parsed 4 headers
[2m2025-12-10T10:09:17.597412Z[0m [34mDEBUG[0m [2mhyper::proto::h1::conn[0m[2m:[0m incoming body is content-length (771 bytes)
[2m2025-12-10T10:09:17.597418Z[0m [34mDEBUG[0m [2mhyper::proto::h1::conn[0m[2m:[0m incoming body completed
[2m2025-12-10T10:09:17.597425Z[0m [34mDEBUG[0m [2mhyper::client::pool[0m[2m:[0m pooling idle connection for ("http", 192.168.0.14:8545)
[2m2025-12-10T10:09:17.597430Z[0m [34mDEBUG[0m [2methereum_transaction_pool_monitor::eth_client[0m[2m:[0m 📡 Transaction fetch RPC completed in 8.111125ms
[2m2025-12-10T10:09:17.597444Z[0m [34mDEBUG[0m [2methereum_transaction_pool_monitor::eth_client[0m[2m:[0m DeFi transaction detected - Address: 0xdac17f958d2ee523a2206206994597c13d831ec7, Type: Stablecoin, Value: 0 ETH, Gas: 2.23 Gwei
[2m2025-12-10T10:09:17.597455Z[0m [34mDEBUG[0m [2methereum_transaction_pool_monitor::eth_client[0m[2m:[0m ✅ Transaction 0xd1fc5c1e687859dc6a1dbe7149921b3a51a7f23576863e71c2a45cccd0e0e8d3 fetched and parsed in 8.135625ms
[2m2025-12-10T10:09:17.597462Z[0m [34mDEBUG[0m [2methereum_transaction_pool_monitor::mempool_monitor[0m[2m:[0m 🔍 Skipping tx 0xd1fc5c1e687859dc6a1dbe7149921b3a51a7f23576863e71c2a45cccd0e0e8d3 - not a DEX interaction (target: 0xdAC17F958D2ee523a2206206994597C13D831ec7)
[2m2025-12-10T10:09:17.597469Z[0m [34mDEBUG[0m [2methereum_transaction_pool_monitor::mempool_monitor[0m[2m:[0m 📨 Processing new pending transaction: 0x774b9a70d144a4814fa12e57380983a852c7c81cd6aa152e9e3919d4d13f1135
[2m2025-12-10T10:09:17.597473Z[0m [34mDEBUG[0m [2methereum_transaction_pool_monitor::mempool_monitor[0m[2m:[0m 🔍 Fetching transaction details for: 0x774b9a70d144a4814fa12e57380983a852c7c81cd6aa152e9e3919d4d13f1135
[2m2025-12-10T10:09:17.597477Z[0m [34mDEBUG[0m [2methereum_transaction_pool_monitor::eth_client[0m[2m:[0m 🔍 Fetching transaction details for hash: 0x774b9a70d144a4814fa12e57380983a852c7c81cd6aa152e9e3919d4d13f1135
[2m2025-12-10T10:09:17.597484Z[0m [34mDEBUG[0m [2mhyper::client::pool[0m[2m:[0m reuse idle connection for ("http", 192.168.0.14:8545)
[2m2025-12-10T10:09:17.597498Z[0m [34mDEBUG[0m [2mhyper::proto::h1::io[0m[2m:[0m flushed 250 bytes
[2m2025-12-10T10:09:17.600791Z[0m [34mDEBUG[0m [2mhyper::proto::h1::io[0m[2m:[0m parsed 4 headers
[2m2025-12-10T10:09:17.600798Z[0m [34mDEBUG[0m [2mhyper::proto::h1::conn[0m[2m:[0m incoming body is content-length (45 bytes)
[2m2025-12-10T10:09:17.600803Z[0m [34mDEBUG[0m [2mhyper::proto::h1::conn[0m[2m:[0m incoming body completed
[2m2025-12-10T10:09:17.600809Z[0m [34mDEBUG[0m [2mhyper::client::pool[0m[2m:[0m pooling idle connection for ("http", 192.168.0.14:8545)
[2m2025-12-10T10:09:17.602432Z[0m [34mDEBUG[0m [2mhyper::proto::h1::io[0m[2m:[0m parsed 4 headers
[2m2025-12-10T10:09:17.602440Z[0m [34mDEBUG[0m [2mhyper::proto::h1::conn[0m[2m:[0m incoming body is content-length (1478 bytes)
[2m2025-12-10T10:09:17.602446Z[0m [34mDEBUG[0m [2mhyper::proto::h1::conn[0m[2m:[0m incoming body completed
[2m2025-12-10T10:09:17.602454Z[0m [34mDEBUG[0m [2mhyper::client::pool[0m[2m:[0m pooling idle connection for ("http", 192.168.0.14:8545)
[2m2025-12-10T10:09:17.602461Z[0m [34mDEBUG[0m [2methereum_transaction_pool_monitor::eth_client[0m[2m:[0m 📡 Transaction fetch RPC completed in 4.980334ms
[2m2025-12-10T10:09:17.673403Z[0m [34mDEBUG[0m [2methereum_transaction_pool_monitor::eth_client[0m[2m:[0m ✅ Transaction 0x774b9a70d144a4814fa12e57380983a852c7c81cd6aa152e9e3919d4d13f1135 fetched and parsed in 75.919542ms
[2m2025-12-10T10:09:17.673438Z[0m [34mDEBUG[0m [2methereum_transaction_pool_monitor::mempool_monitor[0m[2m:[0m 🔍 Skipping tx 0x774b9a70d144a4814fa12e57380983a852c7c81cd6aa152e9e3919d4d13f1135 - not a DEX interaction (target: 0x173272739Bd7Aa6e4e214714048a9fE699453059)
[2m2025-12-10T10:09:17.673449Z[0m [34mDEBUG[0m [2methereum_transaction_pool_monitor::mempool_monitor[0m[2m:[0m 📨 Processing new pending transaction: 0xe5c23eec3b88277d5a78c00e8e5aea9c0723511678ef04ee355ce23b4f2d7887
[2m2025-12-10T10:09:17.673456Z[0m [34mDEBUG[0m [2methereum_transaction_pool_monitor::mempool_monitor[0m[2m:[0m 🔍 Fetching transaction details for: 0xe5c23eec3b88277d5a78c00e8e5aea9c0723511678ef04ee355ce23b4f2d7887
[2m2025-12-10T10:09:17.673461Z[0m [34mDEBUG[0m [2methereum_transaction_pool_monitor::eth_client[0m[2m:[0m 🔍 Fetching transaction details for hash: 0xe5c23eec3b88277d5a78c00e8e5aea9c0723511678ef04ee355ce23b4f2d7887
[2m2025-12-10T10:09:17.673485Z[0m [34mDEBUG[0m [2mhyper::client::pool[0m[2m:[0m reuse idle connection for ("http", 192.168.0.14:8545)
[2m2025-12-10T10:09:17.673535Z[0m [34mDEBUG[0m [2mhyper::proto::h1::io[0m[2m:[0m flushed 250 bytes
[2m2025-12-10T10:09:17.673559Z[0m [34mDEBUG[0m [2methereum_transaction_pool_monitor::eth_client[0m[2m:[0m 📨 Received WebSocket message: {"jsonrpc":"2.0","method":"eth_subscription","params":{"subscription":"0xbed0a0851463e895960a451075a301a9","result":"0x43058a0213f9a6e4bf6d433c70f54278b90afc40f668090af37c23cd4cbcbbc0"}}
[2m2025-12-10T10:09:17.673570Z[0m [34mDEBUG[0m [2methereum_transaction_pool_monitor::eth_client[0m[2m:[0m 📨 Received pending transaction: 0x43058a0213f9a6e4bf6d433c70f54278b90afc40f668090af37c23cd4cbcbbc0
[2m2025-12-10T10:09:17.679390Z[0m [34mDEBUG[0m [2mhyper::proto::h1::io[0m[2m:[0m parsed 4 headers
[2m2025-12-10T10:09:17.679411Z[0m [34mDEBUG[0m [2mhyper::proto::h1::conn[0m[2m:[0m incoming body is content-length (711 bytes)
[2m2025-12-10T10:09:17.679424Z[0m [34mDEBUG[0m [2mhyper::proto::h1::conn[0m[2m:[0m incoming body completed
[2m2025-12-10T10:09:17.679438Z[0m [34mDEBUG[0m [2mhyper::client::pool[0m[2m:[0m pooling idle connection for ("http", 192.168.0.14:8545)
[2m2025-12-10T10:09:17.679449Z[0m [34mDEBUG[0m [2methereum_transaction_pool_monitor::eth_client[0m[2m:[0m 📡 Transaction fetch RPC completed in 5.982667ms
[2m2025-12-10T10:09:17.751028Z[0m [34mDEBUG[0m [2methereum_transaction_pool_monitor::eth_client[0m[2m:[0m ✅ Transaction 0xe5c23eec3b88277d5a78c00e8e5aea9c0723511678ef04ee355ce23b4f2d7887 fetched and parsed in 77.559125ms
[2m2025-12-10T10:09:17.751056Z[0m [34mDEBUG[0m [2methereum_transaction_pool_monitor::mempool_monitor[0m[2m:[0m 🔍 Skipping tx 0xe5c23eec3b88277d5a78c00e8e5aea9c0723511678ef04ee355ce23b4f2d7887 - not a DEX interaction (target: 0x81834ACBeD25A025384f09d0ae1bE2919Ff90B01)
[2m2025-12-10T10:09:17.751069Z[0m [34mDEBUG[0m [2methereum_transaction_pool_monitor::mempool_monitor[0m[2m:[0m 📨 Processing new pending transaction: 0x0e5315051d45e8e45207d215481d35226775ca1a0e11ecdb033a62b39de2a2b0
[2m2025-12-10T10:09:17.751076Z[0m [34mDEBUG[0m [2methereum_transaction_pool_monitor::mempool_monitor[0m[2m:[0m 🔍 Fetching transaction details for: 0x0e5315051d45e8e45207d215481d35226775ca1a0e11ecdb033a62b39de2a2b0
[2m2025-12-10T10:09:17.751080Z[0m [34mDEBUG[0m [2methereum_transaction_pool_monitor::eth_client[0m[2m:[0m 🔍 Fetching transaction details for hash: 0x0e5315051d45e8e45207d215481d35226775ca1a0e11ecdb033a62b39de2a2b0
[2m2025-12-10T10:09:17.751103Z[0m [34mDEBUG[0m [2mhyper::client::pool[0m[2m:[0m reuse idle connection for ("http", 192.168.0.14:8545)
[2m2025-12-10T10:09:17.751157Z[0m [34mDEBUG[0m [2mhyper::proto::h1::io[0m[2m:[0m flushed 250 bytes
[2m2025-12-10T10:09:17.751194Z[0m [34mDEBUG[0m [2mhyper::client::pool[0m[2m:[0m reuse idle connection for ("http", 192.168.0.14:8545)
[2m2025-12-10T10:09:17.751218Z[0m [34mDEBUG[0m [2mhyper::proto::h1::io[0m[2m:[0m flushed 172 bytes
[2m2025-12-10T10:09:17.755148Z[0m [34mDEBUG[0m [2mhyper::proto::h1::io[0m[2m:[0m parsed 4 headers
[2m2025-12-10T10:09:17.755158Z[0m [34mDEBUG[0m [2mhyper::proto::h1::conn[0m[2m:[0m incoming body is content-length (644 bytes)
[2m2025-12-10T10:09:17.755168Z[0m [34mDEBUG[0m [2mhyper::proto::h1::conn[0m[2m:[0m incoming body completed
[2m2025-12-10T10:09:17.755179Z[0m [34mDEBUG[0m [2mhyper::client::pool[0m[2m:[0m pooling idle connection for ("http", 192.168.0.14:8545)
[2m2025-12-10T10:09:17.755187Z[0m [34mDEBUG[0m [2methereum_transaction_pool_monitor::eth_client[0m[2m:[0m 📡 Transaction fetch RPC completed in 4.102125ms
[2m2025-12-10T10:09:17.826011Z[0m [34mDEBUG[0m [2methereum_transaction_pool_monitor::eth_client[0m[2m:[0m ✅ Transaction 0x0e5315051d45e8e45207d215481d35226775ca1a0e11ecdb033a62b39de2a2b0 fetched and parsed in 74.9225ms
[2m2025-12-10T10:09:17.826041Z[0m [34mDEBUG[0m [2methereum_transaction_pool_monitor::mempool_monitor[0m[2m:[0m 🔍 Skipping tx 0x0e5315051d45e8e45207d215481d35226775ca1a0e11ecdb033a62b39de2a2b0 - not a DEX interaction (target: 0x17E5545B11b468072283Cee1F066a059Fb0dbF24)
[2m2025-12-10T10:09:17.826053Z[0m [34mDEBUG[0m [2methereum_transaction_pool_monitor::mempool_monitor[0m[2m:[0m 📨 Processing new pending transaction: 0xe4524bf117e52bedba19e050bb51f5402c0b13e5bd5127a40ddb9b506c274300
[2m2025-12-10T10:09:17.826061Z[0m [34mDEBUG[0m [2methereum_transaction_pool_monitor::mempool_monitor[0m[2m:[0m 🔍 Fetching transaction details for: 0xe4524bf117e52bedba19e050bb51f5402c0b13e5bd5127a40ddb9b506c274300
[2m2025-12-10T10:09:17.826066Z[0m [34mDEBUG[0m [2methereum_transaction_pool_monitor::eth_client[0m[2m:[0m 🔍 Fetching transaction details for hash: 0xe4524bf117e52bedba19e050bb51f5402c0b13e5bd5127a40ddb9b506c274300
[2m2025-12-10T10:09:17.826088Z[0m [34mDEBUG[0m [2mhyper::client::pool[0m[2m:[0m reuse idle connection for ("http", 192.168.0.14:8545)
[2m2025-12-10T10:09:17.826140Z[0m [34mDEBUG[0m [2mhyper::proto::h1::io[0m[2m:[0m flushed 250 bytes
[2m2025-12-10T10:09:17.826160Z[0m [34mDEBUG[0m [2mhyper::proto::h1::io[0m[2m:[0m parsed 4 headers
[2m2025-12-10T10:09:17.826165Z[0m [34mDEBUG[0m [2mhyper::proto::h1::conn[0m[2m:[0m incoming body is content-length (45 bytes)
[2m2025-12-10T10:09:17.826174Z[0m [34mDEBUG[0m [2mhyper::proto::h1::conn[0m[2m:[0m incoming body completed
[2m2025-12-10T10:09:17.826185Z[0m [34mDEBUG[0m [2mhyper::client::pool[0m[2m:[0m pooling idle connection for ("http", 192.168.0.14:8545)
[2m2025-12-10T10:09:17.826206Z[0m [34mDEBUG[0m [2mhyper::client::pool[0m[2m:[0m reuse idle connection for ("http", 192.168.0.14:8545)
[2m2025-12-10T10:09:17.826223Z[0m [34mDEBUG[0m [2mhyper::proto::h1::io[0m[2m:[0m flushed 172 bytes
[2m2025-12-10T10:09:17.831113Z[0m [34mDEBUG[0m [2mhyper::proto::h1::io[0m[2m:[0m parsed 4 headers
[2m2025-12-10T10:09:17.831124Z[0m [34mDEBUG[0m [2mhyper::proto::h1::conn[0m[2m:[0m incoming body is content-length (770 bytes)
[2m2025-12-10T10:09:17.831132Z[0m [34mDEBUG[0m [2mhyper::proto::h1::conn[0m[2m:[0m incoming body completed
[2m2025-12-10T10:09:17.831138Z[0m [34mDEBUG[0m [2mhyper::client::pool[0m[2m:[0m pooling idle connection for ("http", 192.168.0.14:8545)
[2m2025-12-10T10:09:17.831144Z[0m [34mDEBUG[0m [2methereum_transaction_pool_monitor::eth_client[0m[2m:[0m 📡 Transaction fetch RPC completed in 5.073208ms
[2m2025-12-10T10:09:17.902018Z[0m [34mDEBUG[0m [2methereum_transaction_pool_monitor::eth_client[0m[2m:[0m ✅ Transaction 0xe4524bf117e52bedba19e050bb51f5402c0b13e5bd5127a40ddb9b506c274300 fetched and parsed in 75.942917ms
[2m2025-12-10T10:09:17.902055Z[0m [34mDEBUG[0m [2methereum_transaction_pool_monitor::mempool_monitor[0m[2m:[0m 🔍 Skipping tx 0xe4524bf117e52bedba19e050bb51f5402c0b13e5bd5127a40ddb9b506c274300 - not a DEX interaction (target: 0xA0b86991c6218b36c1d19D4a2e9Eb0cE3606eB48)
[2m2025-12-10T10:09:17.902067Z[0m [34mDEBUG[0m [2methereum_transaction_pool_monitor::mempool_monitor[0m[2m:[0m 📨 Processing new pending transaction: 0x43058a0213f9a6e4bf6d433c70f54278b90afc40f668090af37c23cd4cbcbbc0
[2m2025-12-10T10:09:17.902074Z[0m [34mDEBUG[0m [2methereum_transaction_pool_monitor::mempool_monitor[0m[2m:[0m 🔍 Fetching transaction details for: 0x43058a0213f9a6e4bf6d433c70f54278b90afc40f668090af37c23cd4cbcbbc0
[2m2025-12-10T10:09:17.902079Z[0m [34mDEBUG[0m [2methereum_transaction_pool_monitor::eth_client[0m[2m:[0m 🔍 Fetching transaction details for hash: 0x43058a0213f9a6e4bf6d433c70f54278b90afc40f668090af37c23cd4cbcbbc0
[2m2025-12-10T10:09:17.902104Z[0m [34mDEBUG[0m [2mhyper::client::pool[0m[2m:[0m reuse idle connection for ("http", 192.168.0.14:8545)
[2m2025-12-10T10:09:17.902150Z[0m [34mDEBUG[0m [2mhyper::proto::h1::io[0m[2m:[0m flushed 250 bytes
[2m2025-12-10T10:09:17.902187Z[0m [34mDEBUG[0m [2methereum_transaction_pool_monitor::eth_client[0m[2m:[0m 📨 Received WebSocket message: {"jsonrpc":"2.0","method":"eth_subscription","params":{"subscription":"0xbed0a0851463e895960a451075a301a9","result":"0xcd51f2c7ddfa2205e9c96b26ed21b0f0a3bfc8d1cc7a5dd7dbd310d103b94c94"}}
[2m2025-12-10T10:09:17.902200Z[0m [34mDEBUG[0m [2mhyper::proto::h1::io[0m[2m:[0m parsed 4 headers
[2m2025-12-10T10:09:17.902201Z[0m [34mDEBUG[0m [2methereum_transaction_pool_monitor::eth_client[0m[2m:[0m 📨 Received pending transaction: 0xcd51f2c7ddfa2205e9c96b26ed21b0f0a3bfc8d1cc7a5dd7dbd310d103b94c94
[2m2025-12-10T10:09:17.902214Z[0m [34mDEBUG[0m [2mhyper::proto::h1::conn[0m[2m:[0m incoming body is content-length (45 bytes)
[2m2025-12-10T10:09:17.902226Z[0m [34mDEBUG[0m [2methereum_transaction_pool_monitor::eth_client[0m[2m:[0m 📨 Received WebSocket message: {"jsonrpc":"2.0","method":"eth_subscription","params":{"subscription":"0xbed0a0851463e895960a451075a301a9","result":"0xb7de64bdd61d8d8c5c78fe81f090fd16841a78eecebbb5b3cdd64aa0fd98a737"}}
[2m2025-12-10T10:09:17.902239Z[0m [34mDEBUG[0m [2mhyper::proto::h1::conn[0m[2m:[0m incoming body completed
[2m2025-12-10T10:09:17.902247Z[0m [34mDEBUG[0m [2methereum_transaction_pool_monitor::eth_client[0m[2m:[0m 📨 Received pending transaction: 0xb7de64bdd61d8d8c5c78fe81f090fd16841a78eecebbb5b3cdd64aa0fd98a737
[2m2025-12-10T10:09:17.902265Z[0m [34mDEBUG[0m [2mhyper::client::pool[0m[2m:[0m pooling idle connection for ("http", 192.168.0.14:8545)
[2m2025-12-10T10:09:17.902286Z[0m [34mDEBUG[0m [2mhyper::client::pool[0m[2m:[0m reuse idle connection for ("http", 192.168.0.14:8545)
[2m2025-12-10T10:09:17.902309Z[0m [34mDEBUG[0m [2mhyper::proto::h1::io[0m[2m:[0m flushed 172 bytes
[2m2025-12-10T10:09:17.909679Z[0m [34mDEBUG[0m [2methereum_transaction_pool_monitor::eth_client[0m[2m:[0m 📨 Received WebSocket message: {"jsonrpc":"2.0","method":"eth_subscription","params":{"subscription":"0xbed0a0851463e895960a451075a301a9","result":"0xa09ae99d1eefb868051c30060c9059a09a2179bc2dd131112d174949d90ce68d"}}
[2m2025-12-10T10:09:17.909688Z[0m [34mDEBUG[0m [2methereum_transaction_pool_monitor::eth_client[0m[2m:[0m 📨 Received pending transaction: 0xa09ae99d1eefb868051c30060c9059a09a2179bc2dd131112d174949d90ce68d
[2m2025-12-10T10:09:17.909699Z[0m [34mDEBUG[0m [2mhyper::proto::h1::io[0m[2m:[0m parsed 4 headers
[2m2025-12-10T10:09:17.909703Z[0m [34mDEBUG[0m [2mhyper::proto::h1::conn[0m[2m:[0m incoming body is content-length (712 bytes)
[2m2025-12-10T10:09:17.909709Z[0m [34mDEBUG[0m [2mhyper::proto::h1::conn[0m[2m:[0m incoming body completed
[2m2025-12-10T10:09:17.909717Z[0m [34mDEBUG[0m [2mhyper::client::pool[0m[2m:[0m pooling idle connection for ("http", 192.168.0.14:8545)
[2m2025-12-10T10:09:17.909724Z[0m [34mDEBUG[0m [2methereum_transaction_pool_monitor::eth_client[0m[2m:[0m 📡 Transaction fetch RPC completed in 7.64025ms
[2m2025-12-10T10:09:17.980560Z[0m [34mDEBUG[0m [2methereum_transaction_pool_monitor::eth_client[0m[2m:[0m ✅ Transaction 0x43058a0213f9a6e4bf6d433c70f54278b90afc40f668090af37c23cd4cbcbbc0 fetched and parsed in 78.472041ms
[2m2025-12-10T10:09:17.982412Z[0m [34mDEBUG[0m [2methereum_transaction_pool_monitor::mempool_monitor[0m[2m:[0m 🔍 Skipping tx 0x43058a0213f9a6e4bf6d433c70f54278b90afc40f668090af37c23cd4cbcbbc0 - not a DEX interaction (target: 0x622A79792Ae34d7B371812a893e53f3557361Dae)
[2m2025-12-10T10:09:17.982442Z[0m [34mDEBUG[0m [2methereum_transaction_pool_monitor::mempool_monitor[0m[2m:[0m 📨 Processing new pending transaction: 0xcd51f2c7ddfa2205e9c96b26ed21b0f0a3bfc8d1cc7a5dd7dbd310d103b94c94
[2m2025-12-10T10:09:17.982449Z[0m [34mDEBUG[0m [2methereum_transaction_pool_monitor::mempool_monitor[0m[2m:[0m 🔍 Fetching transaction details for: 0xcd51f2c7ddfa2205e9c96b26ed21b0f0a3bfc8d1cc7a5dd7dbd310d103b94c94
[2m2025-12-10T10:09:17.982454Z[0m [34mDEBUG[0m [2methereum_transaction_pool_monitor::eth_client[0m[2m:[0m 🔍 Fetching transaction details for hash: 0xcd51f2c7ddfa2205e9c96b26ed21b0f0a3bfc8d1cc7a5dd7dbd310d103b94c94
[2m2025-12-10T10:09:17.982481Z[0m [34mDEBUG[0m [2mhyper::client::pool[0m[2m:[0m reuse idle connection for ("http", 192.168.0.14:8545)
[2m2025-12-10T10:09:17.982548Z[0m [34mDEBUG[0m [2mhyper::proto::h1::io[0m[2m:[0m flushed 250 bytes
[2m2025-12-10T10:09:17.982571Z[0m [34mDEBUG[0m [2mhyper::proto::h1::io[0m[2m:[0m parsed 4 headers
[2m2025-12-10T10:09:17.982581Z[0m [34mDEBUG[0m [2mhyper::proto::h1::conn[0m[2m:[0m incoming body is content-length (45 bytes)
[2m2025-12-10T10:09:17.982591Z[0m [34mDEBUG[0m [2mhyper::proto::h1::conn[0m[2m:[0m incoming body completed
[2m2025-12-10T10:09:17.982600Z[0m [34mDEBUG[0m [2mhyper::client::pool[0m[2m:[0m pooling idle connection for ("http", 192.168.0.14:8545)
[2m2025-12-10T10:09:17.989497Z[0m [34mDEBUG[0m [2methereum_transaction_pool_monitor::eth_client[0m[2m:[0m 📨 Received WebSocket message: {"jsonrpc":"2.0","method":"eth_subscription","params":{"subscription":"0xbed0a0851463e895960a451075a301a9","result":"0x3e7e2d2f52bca2eb74db22bc60edfde8d8fba7092f3677f091ab3fd761c17e9a"}}
[2m2025-12-10T10:09:17.989507Z[0m [34mDEBUG[0m [2methereum_transaction_pool_monitor::eth_client[0m[2m:[0m 📨 Received pending transaction: 0x3e7e2d2f52bca2eb74db22bc60edfde8d8fba7092f3677f091ab3fd761c17e9a
[2m2025-12-10T10:09:17.989841Z[0m [34mDEBUG[0m [2mhyper::proto::h1::io[0m[2m:[0m parsed 4 headers
[2m2025-12-10T10:09:17.989846Z[0m [34mDEBUG[0m [2mhyper::proto::h1::conn[0m[2m:[0m incoming body is content-length (654 bytes)
[2m2025-12-10T10:09:17.989851Z[0m [34mDEBUG[0m [2mhyper::proto::h1::conn[0m[2m:[0m incoming body completed
[2m2025-12-10T10:09:17.989858Z[0m [34mDEBUG[0m [2mhyper::client::pool[0m[2m:[0m pooling idle connection for ("http", 192.168.0.14:8545)
[2m2025-12-10T10:09:17.989864Z[0m [34mDEBUG[0m [2methereum_transaction_pool_monitor::eth_client[0m[2m:[0m 📡 Transaction fetch RPC completed in 7.405458ms
[2m2025-12-10T10:09:18.060327Z[0m [34mDEBUG[0m [2methereum_transaction_pool_monitor::eth_client[0m[2m:[0m ✅ Transaction 0xcd51f2c7ddfa2205e9c96b26ed21b0f0a3bfc8d1cc7a5dd7dbd310d103b94c94 fetched and parsed in 77.866083ms
[2m2025-12-10T10:09:18.060356Z[0m [34mDEBUG[0m [2methereum_transaction_pool_monitor::mempool_monitor[0m[2m:[0m 🔍 Skipping tx 0xcd51f2c7ddfa2205e9c96b26ed21b0f0a3bfc8d1cc7a5dd7dbd310d103b94c94 - not a DEX interaction (target: 0x6F372043e342EAF82bfF5C76d3FD5aAc2C50402F)
[2m2025-12-10T10:09:18.060366Z[0m [34mDEBUG[0m [2methereum_transaction_pool_monitor::mempool_monitor[0m[2m:[0m 📨 Processing new pending transaction: 0xb7de64bdd61d8d8c5c78fe81f090fd16841a78eecebbb5b3cdd64aa0fd98a737
[2m2025-12-10T10:09:18.060373Z[0m [34mDEBUG[0m [2methereum_transaction_pool_monitor::mempool_monitor[0m[2m:[0m 🔍 Fetching transaction details for: 0xb7de64bdd61d8d8c5c78fe81f090fd16841a78eecebbb5b3cdd64aa0fd98a737
[2m2025-12-10T10:09:18.060378Z[0m [34mDEBUG[0m [2methereum_transaction_pool_monitor::eth_client[0m[2m:[0m 🔍 Fetching transaction details for hash: 0xb7de64bdd61d8d8c5c78fe81f090fd16841a78eecebbb5b3cdd64aa0fd98a737
[2m2025-12-10T10:09:18.060397Z[0m [34mDEBUG[0m [2mhyper::client::pool[0m[2m:[0m reuse idle connection for ("http", 192.168.0.14:8545)
[2m2025-12-10T10:09:18.060444Z[0m [34mDEBUG[0m [2mhyper::proto::h1::io[0m[2m:[0m flushed 250 bytes
[2m2025-12-10T10:09:18.060466Z[0m [34mDEBUG[0m [2mhyper::client::pool[0m[2m:[0m reuse idle connection for ("http", 192.168.0.14:8545)
[2m2025-12-10T10:09:18.060480Z[0m [34mDEBUG[0m [2mhyper::proto::h1::io[0m[2m:[0m flushed 172 bytes
[2m2025-12-10T10:09:18.060480Z[0m [34mDEBUG[0m [2methereum_transaction_pool_monitor::eth_client[0m[2m:[0m 📨 Received WebSocket message: {"jsonrpc":"2.0","method":"eth_subscription","params":{"subscription":"0xbed0a0851463e895960a451075a301a9","result":"0xe5f88e0798f147c6e973e26b4338984ae2f1bac98ec561d9bed01ab63f00e261"}}
[2m2025-12-10T10:09:18.060496Z[0m [34mDEBUG[0m [2methereum_transaction_pool_monitor::eth_client[0m[2m:[0m 📨 Received pending transaction: 0xe5f88e0798f147c6e973e26b4338984ae2f1bac98ec561d9bed01ab63f00e261
[2m2025-12-10T10:09:18.064263Z[0m [34mDEBUG[0m [2mhyper::proto::h1::io[0m[2m:[0m parsed 4 headers
[2m2025-12-10T10:09:18.064269Z[0m [34mDEBUG[0m [2mhyper::proto::h1::conn[0m[2m:[0m incoming body is content-length (45 bytes)
[2m2025-12-10T10:09:18.064276Z[0m [34mDEBUG[0m [2mhyper::proto::h1::conn[0m[2m:[0m incoming body completed
[2m2025-12-10T10:09:18.064284Z[0m [34mDEBUG[0m [2mhyper::client::pool[0m[2m:[0m pooling idle connection for ("http", 192.168.0.14:8545)
[2m2025-12-10T10:09:18.065100Z[0m [34mDEBUG[0m [2mhyper::proto::h1::io[0m[2m:[0m parsed 4 headers
[2m2025-12-10T10:09:18.065106Z[0m [34mDEBUG[0m [2mhyper::proto::h1::conn[0m[2m:[0m incoming body is content-length (645 bytes)
[2m2025-12-10T10:09:18.065110Z[0m [34mDEBUG[0m [2mhyper::proto::h1::conn[0m[2m:[0m incoming body completed
[2m2025-12-10T10:09:18.065115Z[0m [34mDEBUG[0m [2mhyper::client::pool[0m[2m:[0m pooling idle connection for ("http", 192.168.0.14:8545)
[2m2025-12-10T10:09:18.065120Z[0m [34mDEBUG[0m [2methereum_transaction_pool_monitor::eth_client[0m[2m:[0m 📡 Transaction fetch RPC completed in 4.736541ms
[2m2025-12-10T10:09:18.135143Z[0m [34mDEBUG[0m [2methereum_transaction_pool_monitor::eth_client[0m[2m:[0m ✅ Transaction 0xb7de64bdd61d8d8c5c78fe81f090fd16841a78eecebbb5b3cdd64aa0fd98a737 fetched and parsed in 74.757ms
[2m2025-12-10T10:09:18.135170Z[0m [34mDEBUG[0m [2methereum_transaction_pool_monitor::mempool_monitor[0m[2m:[0m 🔍 Skipping tx 0xb7de64bdd61d8d8c5c78fe81f090fd16841a78eecebbb5b3cdd64aa0fd98a737 - not a DEX interaction (target: 0x4af05E4b3523DA04e388865B28aAc750756cb5d4)
[2m2025-12-10T10:09:18.135182Z[0m [34mDEBUG[0m [2methereum_transaction_pool_monitor::mempool_monitor[0m[2m:[0m 📨 Processing new pending transaction: 0xa09ae99d1eefb868051c30060c9059a09a2179bc2dd131112d174949d90ce68d
[2m2025-12-10T10:09:18.135189Z[0m [34mDEBUG[0m [2methereum_transaction_pool_monitor::mempool_monitor[0m[2m:[0m 🔍 Fetching transaction details for: 0xa09ae99d1eefb868051c30060c9059a09a2179bc2dd131112d174949d90ce68d
[2m2025-12-10T10:09:18.135193Z[0m [34mDEBUG[0m [2methereum_transaction_pool_monitor::eth_client[0m[2m:[0m 🔍 Fetching transaction details for hash: 0xa09ae99d1eefb868051c30060c9059a09a2179bc2dd131112d174949d90ce68d
[2m2025-12-10T10:09:18.135217Z[0m [34mDEBUG[0m [2mhyper::client::pool[0m[2m:[0m reuse idle connection for ("http", 192.168.0.14:8545)
[2m2025-12-10T10:09:18.135262Z[0m [34mDEBUG[0m [2mhyper::proto::h1::io[0m[2m:[0m flushed 250 bytes
[2m2025-12-10T10:09:18.135284Z[0m [34mDEBUG[0m [2mhyper::client::pool[0m[2m:[0m reuse idle connection for ("http", 192.168.0.14:8545)
[2m2025-12-10T10:09:18.135300Z[0m [34mDEBUG[0m [2mhyper::proto::h1::io[0m[2m:[0m flushed 172 bytes
[2m2025-12-10T10:09:18.135334Z[0m [34mDEBUG[0m [2methereum_transaction_pool_monitor::eth_client[0m[2m:[0m 📨 Received WebSocket message: {"jsonrpc":"2.0","method":"eth_subscription","params":{"subscription":"0xbed0a0851463e895960a451075a301a9","result":"0xb365704752cadb204aa3ccacd3fa8b310546c09ad65d34b4679aa9d2550d1ea1"}}
[2m2025-12-10T10:09:18.135345Z[0m [34mDEBUG[0m [2methereum_transaction_pool_monitor::eth_client[0m[2m:[0m 📨 Received pending transaction: 0xb365704752cadb204aa3ccacd3fa8b310546c09ad65d34b4679aa9d2550d1ea1
[2m2025-12-10T10:09:18.135350Z[0m [34mDEBUG[0m [2methereum_transaction_pool_monitor::eth_client[0m[2m:[0m 📨 Received WebSocket message: {"jsonrpc":"2.0","method":"eth_subscription","params":{"subscription":"0xbed0a0851463e895960a451075a301a9","result":"0xc8022367079451879637312b3c445cd8a3152063a0dc0175d3e798c69adf86c4"}}
[2m2025-12-10T10:09:18.135355Z[0m [34mDEBUG[0m [2methereum_transaction_pool_monitor::eth_client[0m[2m:[0m 📨 Received pending transaction: 0xc8022367079451879637312b3c445cd8a3152063a0dc0175d3e798c69adf86c4
[2m2025-12-10T10:09:18.140234Z[0m [34mDEBUG[0m [2mhyper::proto::h1::io[0m[2m:[0m parsed 4 headers
[2m2025-12-10T10:09:18.140242Z[0m [34mDEBUG[0m [2mhyper::proto::h1::conn[0m[2m:[0m incoming body is content-length (741 bytes)
[2m2025-12-10T10:09:18.140249Z[0m [34mDEBUG[0m [2mhyper::proto::h1::conn[0m[2m:[0m incoming body completed
[2m2025-12-10T10:09:18.140261Z[0m [34mDEBUG[0m [2mhyper::client::pool[0m[2m:[0m pooling idle connection for ("http", 192.168.0.14:8545)
[2m2025-12-10T10:09:18.140268Z[0m [34mDEBUG[0m [2methereum_transaction_pool_monitor::eth_client[0m[2m:[0m 📡 Transaction fetch RPC completed in 5.0705ms
[2m2025-12-10T10:09:18.210602Z[0m [34mDEBUG[0m [2methereum_transaction_pool_monitor::eth_client[0m[2m:[0m ✅ Transaction 0xa09ae99d1eefb868051c30060c9059a09a2179bc2dd131112d174949d90ce68d fetched and parsed in 75.401125ms
[2m2025-12-10T10:09:18.210634Z[0m [34mDEBUG[0m [2methereum_transaction_pool_monitor::mempool_monitor[0m[2m:[0m 🔍 Skipping tx 0xa09ae99d1eefb868051c30060c9059a09a2179bc2dd131112d174949d90ce68d - not a DEX interaction (target: 0x87870Bca3F3fD6335C3F4ce8392D69350B4fA4E2)
[2m2025-12-10T10:09:18.210644Z[0m [34mDEBUG[0m [2methereum_transaction_pool_monitor::mempool_monitor[0m[2m:[0m 📨 Processing new pending transaction: 0x3e7e2d2f52bca2eb74db22bc60edfde8d8fba7092f3677f091ab3fd761c17e9a
[2m2025-12-10T10:09:18.210651Z[0m [34mDEBUG[0m [2methereum_transaction_pool_monitor::mempool_monitor[0m[2m:[0m 🔍 Fetching transaction details for: 0x3e7e2d2f52bca2eb74db22bc60edfde8d8fba7092f3677f091ab3fd761c17e9a
[2m2025-12-10T10:09:18.210656Z[0m [34mDEBUG[0m [2methereum_transaction_pool_monitor::eth_client[0m[2m:[0m 🔍 Fetching transaction details for hash: 0x3e7e2d2f52bca2eb74db22bc60edfde8d8fba7092f3677f091ab3fd761c17e9a
[2m2025-12-10T10:09:18.210678Z[0m [34mDEBUG[0m [2mhyper::client::pool[0m[2m:[0m reuse idle connection for ("http", 192.168.0.14:8545)
[2m2025-12-10T10:09:18.210728Z[0m [34mDEBUG[0m [2mhyper::proto::h1::io[0m[2m:[0m flushed 250 bytes
[2m2025-12-10T10:09:18.210750Z[0m [34mDEBUG[0m [2mhyper::proto::h1::io[0m[2m:[0m parsed 4 headers
[2m2025-12-10T10:09:18.210759Z[0m [34mDEBUG[0m [2mhyper::proto::h1::conn[0m[2m:[0m incoming body is content-length (45 bytes)
[2m2025-12-10T10:09:18.210768Z[0m [34mDEBUG[0m [2mhyper::proto::h1::conn[0m[2m:[0m incoming body completed
[2m2025-12-10T10:09:18.210777Z[0m [34mDEBUG[0m [2mhyper::client::pool[0m[2m:[0m pooling idle connection for ("http", 192.168.0.14:8545)
[2m2025-12-10T10:09:18.210794Z[0m [34mDEBUG[0m [2mhyper::client::pool[0m[2m:[0m reuse idle connection for ("http", 192.168.0.14:8545)
[2m2025-12-10T10:09:18.210810Z[0m [34mDEBUG[0m [2mhyper::proto::h1::io[0m[2m:[0m flushed 172 bytes
[2m2025-12-10T10:09:18.214661Z[0m [34mDEBUG[0m [2mhyper::proto::h1::io[0m[2m:[0m parsed 4 headers
[2m2025-12-10T10:09:18.214670Z[0m [34mDEBUG[0m [2mhyper::proto::h1::conn[0m[2m:[0m incoming body is content-length (45 bytes)
[2m2025-12-10T10:09:18.214676Z[0m [34mDEBUG[0m [2mhyper::proto::h1::conn[0m[2m:[0m incoming body completed
[2m2025-12-10T10:09:18.214684Z[0m [34mDEBUG[0m [2mhyper::client::pool[0m[2m:[0m pooling idle connection for ("http", 192.168.0.14:8545)
[2m2025-12-10T10:09:18.215099Z[0m [34mDEBUG[0m [2mhyper::proto::h1::io[0m[2m:[0m parsed 4 headers
[2m2025-12-10T10:09:18.215107Z[0m [34mDEBUG[0m [2mhyper::proto::h1::conn[0m[2m:[0m incoming body is content-length (771 bytes)
[2m2025-12-10T10:09:18.215114Z[0m [34mDEBUG[0m [2mhyper::proto::h1::conn[0m[2m:[0m incoming body completed
[2m2025-12-10T10:09:18.215121Z[0m [34mDEBUG[0m [2mhyper::client::pool[0m[2m:[0m pooling idle connection for ("http", 192.168.0.14:8545)
[2m2025-12-10T10:09:18.215127Z[0m [34mDEBUG[0m [2methereum_transaction_pool_monitor::eth_client[0m[2m:[0m 📡 Transaction fetch RPC completed in 4.466125ms
[2m2025-12-10T10:09:18.285782Z[0m [34mDEBUG[0m [2methereum_transaction_pool_monitor::eth_client[0m[2m:[0m ✅ Transaction 0x3e7e2d2f52bca2eb74db22bc60edfde8d8fba7092f3677f091ab3fd761c17e9a fetched and parsed in 75.118958ms
[2m2025-12-10T10:09:18.285810Z[0m [34mDEBUG[0m [2methereum_transaction_pool_monitor::mempool_monitor[0m[2m:[0m 🔍 Skipping tx 0x3e7e2d2f52bca2eb74db22bc60edfde8d8fba7092f3677f091ab3fd761c17e9a - not a DEX interaction (target: 0x4C1746A800D224393fE2470C70A35717eD4eA5F1)
[2m2025-12-10T10:09:18.285821Z[0m [34mDEBUG[0m [2methereum_transaction_pool_monitor::mempool_monitor[0m[2m:[0m 📨 Processing new pending transaction: 0xe5f88e0798f147c6e973e26b4338984ae2f1bac98ec561d9bed01ab63f00e261
[2m2025-12-10T10:09:18.285828Z[0m [34mDEBUG[0m [2methereum_transaction_pool_monitor::mempool_monitor[0m[2m:[0m 🔍 Fetching transaction details for: 0xe5f88e0798f147c6e973e26b4338984ae2f1bac98ec561d9bed01ab63f00e261
[2m2025-12-10T10:09:18.285832Z[0m [34mDEBUG[0m [2methereum_transaction_pool_monitor::eth_client[0m[2m:[0m 🔍 Fetching transaction details for hash: 0xe5f88e0798f147c6e973e26b4338984ae2f1bac98ec561d9bed01ab63f00e261
[2m2025-12-10T10:09:18.285849Z[0m [34mDEBUG[0m [2mhyper::client::pool[0m[2m:[0m reuse idle connection for ("http", 192.168.0.14:8545)
[2m2025-12-10T10:09:18.285890Z[0m [34mDEBUG[0m [2mhyper::proto::h1::io[0m[2m:[0m flushed 250 bytes
[2m2025-12-10T10:09:18.291364Z[0m [34mDEBUG[0m [2mhyper::proto::h1::io[0m[2m:[0m parsed 4 headers
[2m2025-12-10T10:09:18.291388Z[0m [34mDEBUG[0m [2mhyper::proto::h1::conn[0m[2m:[0m incoming body is content-length (646 bytes)
[2m2025-12-10T10:09:18.291414Z[0m [34mDEBUG[0m [2mhyper::proto::h1::conn[0m[2m:[0m incoming body completed
[2m2025-12-10T10:09:18.291424Z[0m [34mDEBUG[0m [2mhyper::client::pool[0m[2m:[0m pooling idle connection for ("http", 192.168.0.14:8545)
[2m2025-12-10T10:09:18.291443Z[0m [34mDEBUG[0m [2methereum_transaction_pool_monitor::eth_client[0m[2m:[0m 📡 Transaction fetch RPC completed in 5.605708ms
[2m2025-12-10T10:09:18.361995Z[0m [34mDEBUG[0m [2methereum_transaction_pool_monitor::eth_client[0m[2m:[0m ✅ Transaction 0xe5f88e0798f147c6e973e26b4338984ae2f1bac98ec561d9bed01ab63f00e261 fetched and parsed in 76.155ms
[2m2025-12-10T10:09:18.362022Z[0m [34mDEBUG[0m [2methereum_transaction_pool_monitor::mempool_monitor[0m[2m:[0m 🔍 Skipping tx 0xe5f88e0798f147c6e973e26b4338984ae2f1bac98ec561d9bed01ab63f00e261 - not a DEX interaction (target: 0x2e7F2740a839231c41cfde0d531828df312bea04)
[2m2025-12-10T10:09:18.362033Z[0m [34mDEBUG[0m [2methereum_transaction_pool_monitor::mempool_monitor[0m[2m:[0m 📨 Processing new pending transaction: 0xb365704752cadb204aa3ccacd3fa8b310546c09ad65d34b4679aa9d2550d1ea1
[2m2025-12-10T10:09:18.362040Z[0m [34mDEBUG[0m [2methereum_transaction_pool_monitor::mempool_monitor[0m[2m:[0m 🔍 Fetching transaction details for: 0xb365704752cadb204aa3ccacd3fa8b310546c09ad65d34b4679aa9d2550d1ea1
[2m2025-12-10T10:09:18.362044Z[0m [34mDEBUG[0m [2methereum_transaction_pool_monitor::eth_client[0m[2m:[0m 🔍 Fetching transaction details for hash: 0xb365704752cadb204aa3ccacd3fa8b310546c09ad65d34b4679aa9d2550d1ea1
[2m2025-12-10T10:09:18.362062Z[0m [34mDEBUG[0m [2mhyper::client::pool[0m[2m:[0m reuse idle connection for ("http", 192.168.0.14:8545)
[2m2025-12-10T10:09:18.362109Z[0m [34mDEBUG[0m [2mhyper::proto::h1::io[0m[2m:[0m flushed 250 bytes
[2m2025-12-10T10:09:18.362145Z[0m [34mDEBUG[0m [2mhyper::client::pool[0m[2m:[0m reuse idle connection for ("http", 192.168.0.14:8545)
[2m2025-12-10T10:09:18.362170Z[0m [34mDEBUG[0m [2mhyper::proto::h1::io[0m[2m:[0m flushed 172 bytes
[2m2025-12-10T10:09:18.369339Z[0m [34mDEBUG[0m [2mhyper::proto::h1::io[0m[2m:[0m parsed 4 headers
[2m2025-12-10T10:09:18.369368Z[0m [34mDEBUG[0m [2mhyper::proto::h1::conn[0m[2m:[0m incoming body is content-length (45 bytes)
[2m2025-12-10T10:09:18.369383Z[0m [34mDEBUG[0m [2mhyper::proto::h1::conn[0m[2m:[0m incoming body completed
[2m2025-12-10T10:09:18.369406Z[0m [34mDEBUG[0m [2mhyper::client::pool[0m[2m:[0m pooling idle connection for ("http", 192.168.0.14:8545)
[2m2025-12-10T10:09:18.369811Z[0m [34mDEBUG[0m [2mhyper::proto::h1::io[0m[2m:[0m parsed 4 headers
[2m2025-12-10T10:09:18.369820Z[0m [34mDEBUG[0m [2mhyper::proto::h1::conn[0m[2m:[0m incoming body is content-length (648 bytes)
[2m2025-12-10T10:09:18.369826Z[0m [34mDEBUG[0m [2mhyper::proto::h1::conn[0m[2m:[0m incoming body completed
[2m2025-12-10T10:09:18.369834Z[0m [34mDEBUG[0m [2mhyper::client::pool[0m[2m:[0m pooling idle connection for ("http", 192.168.0.14:8545)
[2m2025-12-10T10:09:18.369841Z[0m [34mDEBUG[0m [2methereum_transaction_pool_monitor::eth_client[0m[2m:[0m 📡 Transaction fetch RPC completed in 7.792208ms
[2m2025-12-10T10:09:18.440724Z[0m [34mDEBUG[0m [2methereum_transaction_pool_monitor::eth_client[0m[2m:[0m ✅ Transaction 0xb365704752cadb204aa3ccacd3fa8b310546c09ad65d34b4679aa9d2550d1ea1 fetched and parsed in 78.67275ms
[2m2025-12-10T10:09:18.440758Z[0m [34mDEBUG[0m [2methereum_transaction_pool_monitor::mempool_monitor[0m[2m:[0m 🔍 Skipping tx 0xb365704752cadb204aa3ccacd3fa8b310546c09ad65d34b4679aa9d2550d1ea1 - not a DEX interaction (target: 0x2e7F2740a839231c41cfde0d531828df312bea04)
[2m2025-12-10T10:09:18.440770Z[0m [34mDEBUG[0m [2methereum_transaction_pool_monitor::mempool_monitor[0m[2m:[0m 📨 Processing new pending transaction: 0xc8022367079451879637312b3c445cd8a3152063a0dc0175d3e798c69adf86c4
[2m2025-12-10T10:09:18.440778Z[0m [34mDEBUG[0m [2methereum_transaction_pool_monitor::mempool_monitor[0m[2m:[0m 🔍 Fetching transaction details for: 0xc8022367079451879637312b3c445cd8a3152063a0dc0175d3e798c69adf86c4
[2m2025-12-10T10:09:18.440783Z[0m [34mDEBUG[0m [2methereum_transaction_pool_monitor::eth_client[0m[2m:[0m 🔍 Fetching transaction details for hash: 0xc8022367079451879637312b3c445cd8a3152063a0dc0175d3e798c69adf86c4
[2m2025-12-10T10:09:18.440808Z[0m [34mDEBUG[0m [2mhyper::client::pool[0m[2m:[0m reuse idle connection for ("http", 192.168.0.14:8545)
[2m2025-12-10T10:09:18.440850Z[0m [34mDEBUG[0m [2mhyper::proto::h1::io[0m[2m:[0m flushed 250 bytes
[2m2025-12-10T10:09:18.440873Z[0m [34mDEBUG[0m [2mhyper::client::pool[0m[2m:[0m reuse idle connection for ("http", 192.168.0.14:8545)
[2m2025-12-10T10:09:18.440889Z[0m [34mDEBUG[0m [2mhyper::proto::h1::io[0m[2m:[0m flushed 172 bytes
[2m2025-12-10T10:09:18.440888Z[0m [34mDEBUG[0m [2methereum_transaction_pool_monitor::eth_client[0m[2m:[0m 📨 Received WebSocket message: {"jsonrpc":"2.0","method":"eth_subscription","params":{"subscription":"0xbed0a0851463e895960a451075a301a9","result":"0x54b12da65525708574a13f6ca0669fe4dad0fd1848f29cd46a296ff38c30e519"}}
[2m2025-12-10T10:09:18.440907Z[0m [34mDEBUG[0m [2methereum_transaction_pool_monitor::eth_client[0m[2m:[0m 📨 Received pending transaction: 0x54b12da65525708574a13f6ca0669fe4dad0fd1848f29cd46a296ff38c30e519
[2m2025-12-10T10:09:18.444738Z[0m [34mDEBUG[0m [2mhyper::proto::h1::io[0m[2m:[0m parsed 4 headers
[2m2025-12-10T10:09:18.444746Z[0m [34mDEBUG[0m [2mhyper::proto::h1::conn[0m[2m:[0m incoming body is content-length (677 bytes)
[2m2025-12-10T10:09:18.444753Z[0m [34mDEBUG[0m [2mhyper::proto::h1::conn[0m[2m:[0m incoming body completed
[2m2025-12-10T10:09:18.444762Z[0m [34mDEBUG[0m [2mhyper::client::pool[0m[2m:[0m pooling idle connection for ("http", 192.168.0.14:8545)
[2m2025-12-10T10:09:18.444768Z[0m [34mDEBUG[0m [2methereum_transaction_pool_monitor::eth_client[0m[2m:[0m 📡 Transaction fetch RPC completed in 3.98025ms
[2m2025-12-10T10:09:18.516042Z[0m [34mDEBUG[0m [2methereum_transaction_pool_monitor::eth_client[0m[2m:[0m ✅ Transaction 0xc8022367079451879637312b3c445cd8a3152063a0dc0175d3e798c69adf86c4 fetched and parsed in 75.252125ms
[2m2025-12-10T10:09:18.516072Z[0m [34mDEBUG[0m [2methereum_transaction_pool_monitor::mempool_monitor[0m[2m:[0m 🔍 Skipping tx 0xc8022367079451879637312b3c445cd8a3152063a0dc0175d3e798c69adf86c4 - not a DEX interaction (target: 0xB685760EBD368a891F27ae547391F4E2A289895b)
[2m2025-12-10T10:09:18.516083Z[0m [34mDEBUG[0m [2methereum_transaction_pool_monitor::mempool_monitor[0m[2m:[0m 📨 Processing new pending transaction: 0x54b12da65525708574a13f6ca0669fe4dad0fd1848f29cd46a296ff38c30e519
[2m2025-12-10T10:09:18.516091Z[0m [34mDEBUG[0m [2methereum_transaction_pool_monitor::mempool_monitor[0m[2m:[0m 🔍 Fetching transaction details for: 0x54b12da65525708574a13f6ca0669fe4dad0fd1848f29cd46a296ff38c30e519
[2m2025-12-10T10:09:18.516097Z[0m [34mDEBUG[0m [2methereum_transaction_pool_monitor::eth_client[0m[2m:[0m 🔍 Fetching transaction details for hash: 0x54b12da65525708574a13f6ca0669fe4dad0fd1848f29cd46a296ff38c30e519
[2m2025-12-10T10:09:18.516117Z[0m [34mDEBUG[0m [2mhyper::client::pool[0m[2m:[0m reuse idle connection for ("http", 192.168.0.14:8545)
[2m2025-12-10T10:09:18.516163Z[0m [34mDEBUG[0m [2mhyper::proto::h1::io[0m[2m:[0m flushed 250 bytes
[2m2025-12-10T10:09:18.516189Z[0m [34mDEBUG[0m [2methereum_transaction_pool_monitor::eth_client[0m[2m:[0m 📨 Received WebSocket message: {"jsonrpc":"2.0","method":"eth_subscription","params":{"subscription":"0xbed0a0851463e895960a451075a301a9","result":"0x7c36d20500c5d7826152b39bf2b17f94967d21f51d116f7210ff7a2eb38c9364"}}
[2m2025-12-10T10:09:18.516193Z[0m [34mDEBUG[0m [2mhyper::proto::h1::io[0m[2m:[0m parsed 4 headers
[2m2025-12-10T10:09:18.516200Z[0m [34mDEBUG[0m [2methereum_transaction_pool_monitor::eth_client[0m[2m:[0m 📨 Received pending transaction: 0x7c36d20500c5d7826152b39bf2b17f94967d21f51d116f7210ff7a2eb38c9364
[2m2025-12-10T10:09:18.516202Z[0m [34mDEBUG[0m [2mhyper::proto::h1::conn[0m[2m:[0m incoming body is content-length (45 bytes)
[2m2025-12-10T10:09:18.516220Z[0m [34mDEBUG[0m [2mhyper::proto::h1::conn[0m[2m:[0m incoming body completed
[2m2025-12-10T10:09:18.516231Z[0m [34mDEBUG[0m [2mhyper::client::pool[0m[2m:[0m pooling idle connection for ("http", 192.168.0.14:8545)
[2m2025-12-10T10:09:18.516277Z[0m [34mDEBUG[0m [2mhyper::client::pool[0m[2m:[0m reuse idle connection for ("http", 192.168.0.14:8545)
[2m2025-12-10T10:09:18.516297Z[0m [34mDEBUG[0m [2mhyper::proto::h1::io[0m[2m:[0m flushed 172 bytes
[2m2025-12-10T10:09:18.521409Z[0m [34mDEBUG[0m [2mhyper::proto::h1::io[0m[2m:[0m parsed 4 headers
[2m2025-12-10T10:09:18.521424Z[0m [34mDEBUG[0m [2mhyper::proto::h1::conn[0m[2m:[0m incoming body is content-length (1100 bytes)
[2m2025-12-10T10:09:18.521432Z[0m [34mDEBUG[0m [2mhyper::proto::h1::conn[0m[2m:[0m incoming body completed
[2m2025-12-10T10:09:18.521442Z[0m [34mDEBUG[0m [2mhyper::client::pool[0m[2m:[0m pooling idle connection for ("http", 192.168.0.14:8545)
[2m2025-12-10T10:09:18.521448Z[0m [34mDEBUG[0m [2methereum_transaction_pool_monitor::eth_client[0m[2m:[0m 📡 Transaction fetch RPC completed in 5.3475ms
[2m2025-12-10T10:09:18.521466Z[0m [34mDEBUG[0m [2methereum_transaction_pool_monitor::eth_client[0m[2m:[0m DeFi transaction detected - Address: 0x7a250d5630b4cf539739df2c5dacb4c659f2488d, Type: DexRouter, Value: 0.0903 ETH, Gas: 0.38 Gwei
[2m2025-12-10T10:09:18.521483Z[0m [34mDEBUG[0m [2methereum_transaction_pool_monitor::eth_client[0m[2m:[0m ✅ Transaction 0x54b12da65525708574a13f6ca0669fe4dad0fd1848f29cd46a296ff38c30e519 fetched and parsed in 5.382584ms
[2m2025-12-10T10:09:18.521491Z[0m [34mDEBUG[0m [2methereum_transaction_pool_monitor::mempool_monitor[0m[2m:[0m 🔍 Skipping tx 0x54b12da65525708574a13f6ca0669fe4dad0fd1848f29cd46a296ff38c30e519 - not a DEX interaction (target: 0x7a250d5630B4cF539739dF2C5dAcb4c659F2488D)
[2m2025-12-10T10:09:18.521499Z[0m [34mDEBUG[0m [2methereum_transaction_pool_monitor::mempool_monitor[0m[2m:[0m 📨 Processing new pending transaction: 0x7c36d20500c5d7826152b39bf2b17f94967d21f51d116f7210ff7a2eb38c9364
[2m2025-12-10T10:09:18.521503Z[0m [34mDEBUG[0m [2methereum_transaction_pool_monitor::mempool_monitor[0m[2m:[0m 🔍 Fetching transaction details for: 0x7c36d20500c5d7826152b39bf2b17f94967d21f51d116f7210ff7a2eb38c9364
[2m2025-12-10T10:09:18.521507Z[0m [34mDEBUG[0m [2methereum_transaction_pool_monitor::eth_client[0m[2m:[0m 🔍 Fetching transaction details for hash: 0x7c36d20500c5d7826152b39bf2b17f94967d21f51d116f7210ff7a2eb38c9364
[2m2025-12-10T10:09:18.521523Z[0m [34mDEBUG[0m [2mhyper::client::pool[0m[2m:[0m reuse idle connection for ("http", 192.168.0.14:8545)
[2m2025-12-10T10:09:18.521546Z[0m [34mDEBUG[0m [2mhyper::proto::h1::io[0m[2m:[0m flushed 250 bytes
[2m2025-12-10T10:09:18.522342Z[0m [34mDEBUG[0m [2mhyper::proto::h1::io[0m[2m:[0m parsed 4 headers
[2m2025-12-10T10:09:18.522350Z[0m [34mDEBUG[0m [2mhyper::proto::h1::conn[0m[2m:[0m incoming body is content-length (45 bytes)
[2m2025-12-10T10:09:18.522357Z[0m [34mDEBUG[0m [2mhyper::proto::h1::conn[0m[2m:[0m incoming body completed
[2m2025-12-10T10:09:18.522368Z[0m [34mDEBUG[0m [2mhyper::client::pool[0m[2m:[0m pooling idle connection for ("http", 192.168.0.14:8545)
[2m2025-12-10T10:09:18.528456Z[0m [34mDEBUG[0m [2mhyper::proto::h1::io[0m[2m:[0m parsed 4 headers
[2m2025-12-10T10:09:18.528473Z[0m [34mDEBUG[0m [2mhyper::proto::h1::conn[0m[2m:[0m incoming body is content-length (765 bytes)
[2m2025-12-10T10:09:18.528480Z[0m [34mDEBUG[0m [2mhyper::proto::h1::conn[0m[2m:[0m incoming body completed
[2m2025-12-10T10:09:18.528490Z[0m [34mDEBUG[0m [2mhyper::client::pool[0m[2m:[0m pooling idle connection for ("http", 192.168.0.14:8545)
[2m2025-12-10T10:09:18.528496Z[0m [34mDEBUG[0m [2methereum_transaction_pool_monitor::eth_client[0m[2m:[0m 📡 Transaction fetch RPC completed in 6.98475ms
[2m2025-12-10T10:09:18.596637Z[0m [34mDEBUG[0m [2methereum_transaction_pool_monitor::eth_client[0m[2m:[0m ✅ Transaction 0x7c36d20500c5d7826152b39bf2b17f94967d21f51d116f7210ff7a2eb38c9364 fetched and parsed in 75.1225ms
[2m2025-12-10T10:09:18.596670Z[0m [34mDEBUG[0m [2methereum_transaction_pool_monitor::mempool_monitor[0m[2m:[0m 🔍 Skipping tx 0x7c36d20500c5d7826152b39bf2b17f94967d21f51d116f7210ff7a2eb38c9364 - not a DEX interaction (target: 0xA0b86991c6218b36c1d19D4a2e9Eb0cE3606eB48)
[2m2025-12-10T10:09:18.596749Z[0m [34mDEBUG[0m [2mhyper::client::pool[0m[2m:[0m reuse idle connection for ("http", 192.168.0.14:8545)
[2m2025-12-10T10:09:18.596832Z[0m [34mDEBUG[0m [2mhyper::proto::h1::io[0m[2m:[0m flushed 172 bytes
[2m2025-12-10T10:09:18.600692Z[0m [34mDEBUG[0m [2mhyper::proto::h1::io[0m[2m:[0m parsed 4 headers
[2m2025-12-10T10:09:18.600701Z[0m [34mDEBUG[0m [2mhyper::proto::h1::conn[0m[2m:[0m incoming body is content-length (45 bytes)
[2m2025-12-10T10:09:18.600710Z[0m [34mDEBUG[0m [2mhyper::proto::h1::conn[0m[2m:[0m incoming body completed
[2m2025-12-10T10:09:18.600720Z[0m [34mDEBUG[0m [2mhyper::client::pool[0m[2m:[0m pooling idle connection for ("http", 192.168.0.14:8545)
[2m2025-12-10T10:09:18.608451Z[0m [34mDEBUG[0m [2methereum_transaction_pool_monitor::eth_client[0m[2m:[0m 📨 Received WebSocket message: {"jsonrpc":"2.0","method":"eth_subscription","params":{"subscription":"0xbed0a0851463e895960a451075a301a9","result":"0x624d619ff3db04cb49232aa01d8edb98c75898190b17f0be74319c16ac04d6ca"}}
[2m2025-12-10T10:09:18.608469Z[0m [34mDEBUG[0m [2methereum_transaction_pool_monitor::eth_client[0m[2m:[0m 📨 Received pending transaction: 0x624d619ff3db04cb49232aa01d8edb98c75898190b17f0be74319c16ac04d6ca
[2m2025-12-10T10:09:18.608478Z[0m [34mDEBUG[0m [2methereum_transaction_pool_monitor::mempool_monitor[0m[2m:[0m 📨 Processing new pending transaction: 0x624d619ff3db04cb49232aa01d8edb98c75898190b17f0be74319c16ac04d6ca
[2m2025-12-10T10:09:18.608483Z[0m [34mDEBUG[0m [2methereum_transaction_pool_monitor::mempool_monitor[0m[2m:[0m 🔍 Fetching transaction details for: 0x624d619ff3db04cb49232aa01d8edb98c75898190b17f0be74319c16ac04d6ca
[2m2025-12-10T10:09:18.608487Z[0m [34mDEBUG[0m [2methereum_transaction_pool_monitor::eth_client[0m[2m:[0m 🔍 Fetching transaction details for hash: 0x624d619ff3db04cb49232aa01d8edb98c75898190b17f0be74319c16ac04d6ca
[2m2025-12-10T10:09:18.608508Z[0m [34mDEBUG[0m [2mhyper::client::pool[0m[2m:[0m reuse idle connection for ("http", 192.168.0.14:8545)
[2m2025-12-10T10:09:18.608530Z[0m [34mDEBUG[0m [2mhyper::proto::h1::io[0m[2m:[0m flushed 250 bytes
[2m2025-12-10T10:09:18.614270Z[0m [34mDEBUG[0m [2mhyper::proto::h1::io[0m[2m:[0m parsed 4 headers
[2m2025-12-10T10:09:18.614284Z[0m [34mDEBUG[0m [2mhyper::proto::h1::conn[0m[2m:[0m incoming body is content-length (771 bytes)
[2m2025-12-10T10:09:18.614291Z[0m [34mDEBUG[0m [2mhyper::proto::h1::conn[0m[2m:[0m incoming body completed
[2m2025-12-10T10:09:18.614302Z[0m [34mDEBUG[0m [2mhyper::client::pool[0m[2m:[0m pooling idle connection for ("http", 192.168.0.14:8545)
[2m2025-12-10T10:09:18.614309Z[0m [34mDEBUG[0m [2methereum_transaction_pool_monitor::eth_client[0m[2m:[0m 📡 Transaction fetch RPC completed in 5.817666ms
[2m2025-12-10T10:09:18.685778Z[0m [34mDEBUG[0m [2methereum_transaction_pool_monitor::eth_client[0m[2m:[0m ✅ Transaction 0x624d619ff3db04cb49232aa01d8edb98c75898190b17f0be74319c16ac04d6ca fetched and parsed in 77.284125ms
[2m2025-12-10T10:09:18.685808Z[0m [34mDEBUG[0m [2methereum_transaction_pool_monitor::mempool_monitor[0m[2m:[0m 🔍 Skipping tx 0x624d619ff3db04cb49232aa01d8edb98c75898190b17f0be74319c16ac04d6ca - not a DEX interaction (target: 0xA0b86991c6218b36c1d19D4a2e9Eb0cE3606eB48)
[2m2025-12-10T10:09:18.685862Z[0m [34mDEBUG[0m [2methereum_transaction_pool_monitor::eth_client[0m[2m:[0m 📨 Received WebSocket message: {"jsonrpc":"2.0","method":"eth_subscription","params":{"subscription":"0xbed0a0851463e895960a451075a301a9","result":"0xa3df1f26f02409ad4bdd8a400602c2b789f4f94ac4ad365bf8bb7b0bac35614e"}}
[2m2025-12-10T10:09:18.685874Z[0m [34mDEBUG[0m [2methereum_transaction_pool_monitor::eth_client[0m[2m:[0m 📨 Received pending transaction: 0xa3df1f26f02409ad4bdd8a400602c2b789f4f94ac4ad365bf8bb7b0bac35614e
[2m2025-12-10T10:09:18.685883Z[0m [34mDEBUG[0m [2methereum_transaction_pool_monitor::mempool_monitor[0m[2m:[0m 📨 Processing new pending transaction: 0xa3df1f26f02409ad4bdd8a400602c2b789f4f94ac4ad365bf8bb7b0bac35614e
[2m2025-12-10T10:09:18.685889Z[0m [34mDEBUG[0m [2methereum_transaction_pool_monitor::mempool_monitor[0m[2m:[0m 🔍 Fetching transaction details for: 0xa3df1f26f02409ad4bdd8a400602c2b789f4f94ac4ad365bf8bb7b0bac35614e
[2m2025-12-10T10:09:18.685896Z[0m [34mDEBUG[0m [2methereum_transaction_pool_monitor::eth_client[0m[2m:[0m 🔍 Fetching transaction details for hash: 0xa3df1f26f02409ad4bdd8a400602c2b789f4f94ac4ad365bf8bb7b0bac35614e
[2m2025-12-10T10:09:18.685918Z[0m [34mDEBUG[0m [2mhyper::client::pool[0m[2m:[0m reuse idle connection for ("http", 192.168.0.14:8545)
[2m2025-12-10T10:09:18.685941Z[0m [34mDEBUG[0m [2mhyper::proto::h1::io[0m[2m:[0m flushed 250 bytes
[2m2025-12-10T10:09:18.694197Z[0m [34mDEBUG[0m [2mhyper::proto::h1::io[0m[2m:[0m parsed 4 headers
[2m2025-12-10T10:09:18.694219Z[0m [34mDEBUG[0m [2mhyper::proto::h1::conn[0m[2m:[0m incoming body is content-length (774 bytes)
[2m2025-12-10T10:09:18.694227Z[0m [34mDEBUG[0m [2mhyper::proto::h1::conn[0m[2m:[0m incoming body completed
[2m2025-12-10T10:09:18.694239Z[0m [34mDEBUG[0m [2mhyper::client::pool[0m[2m:[0m pooling idle connection for ("http", 192.168.0.14:8545)
[2m2025-12-10T10:09:18.694247Z[0m [34mDEBUG[0m [2methereum_transaction_pool_monitor::eth_client[0m[2m:[0m 📡 Transaction fetch RPC completed in 8.346834ms
[2m2025-12-10T10:09:18.762818Z[0m [34mDEBUG[0m [2methereum_transaction_pool_monitor::eth_client[0m[2m:[0m ✅ Transaction 0xa3df1f26f02409ad4bdd8a400602c2b789f4f94ac4ad365bf8bb7b0bac35614e fetched and parsed in 76.915459ms
[2m2025-12-10T10:09:18.762841Z[0m [34mDEBUG[0m [2methereum_transaction_pool_monitor::mempool_monitor[0m[2m:[0m 🔍 Skipping tx 0xa3df1f26f02409ad4bdd8a400602c2b789f4f94ac4ad365bf8bb7b0bac35614e - not a DEX interaction (target: 0xDEf1CA1fb7FBcDC777520aa7f396b4E015F497aB)
[2m2025-12-10T10:09:18.762882Z[0m [34mDEBUG[0m [2mhyper::client::pool[0m[2m:[0m reuse idle connection for ("http", 192.168.0.14:8545)
[2m2025-12-10T10:09:18.762895Z[0m [34mDEBUG[0m [2methereum_transaction_pool_monitor::eth_client[0m[2m:[0m 📨 Received WebSocket message: {"jsonrpc":"2.0","method":"eth_subscription","params":{"subscription":"0xbed0a0851463e895960a451075a301a9","result":"0x3fa2849bc83ff407b0fd180d33e07c0bbbd8d405bc32e9ad5dfe40a0688c784e"}}
[2m2025-12-10T10:09:18.762907Z[0m [34mDEBUG[0m [2methereum_transaction_pool_monitor::eth_client[0m[2m:[0m 📨 Received pending transaction: 0x3fa2849bc83ff407b0fd180d33e07c0bbbd8d405bc32e9ad5dfe40a0688c784e
[2m2025-12-10T10:09:18.762909Z[0m [34mDEBUG[0m [2mhyper::proto::h1::io[0m[2m:[0m flushed 172 bytes
[2m2025-12-10T10:09:18.762915Z[0m [34mDEBUG[0m [2methereum_transaction_pool_monitor::mempool_monitor[0m[2m:[0m 📨 Processing new pending transaction: 0x3fa2849bc83ff407b0fd180d33e07c0bbbd8d405bc32e9ad5dfe40a0688c784e
[2m2025-12-10T10:09:18.762921Z[0m [34mDEBUG[0m [2methereum_transaction_pool_monitor::mempool_monitor[0m[2m:[0m 🔍 Fetching transaction details for: 0x3fa2849bc83ff407b0fd180d33e07c0bbbd8d405bc32e9ad5dfe40a0688c784e
[2m2025-12-10T10:09:18.762925Z[0m [34mDEBUG[0m [2methereum_transaction_pool_monitor::eth_client[0m[2m:[0m 🔍 Fetching transaction details for hash: 0x3fa2849bc83ff407b0fd180d33e07c0bbbd8d405bc32e9ad5dfe40a0688c784e
[2m2025-12-10T10:09:18.762935Z[0m [34mDEBUG[0m [2mhyper::client::pool[0m[2m:[0m reuse idle connection for ("http", 192.168.0.14:8545)
[2m2025-12-10T10:09:18.762950Z[0m [34mDEBUG[0m [2mhyper::proto::h1::io[0m[2m:[0m flushed 250 bytes
[2m2025-12-10T10:09:18.767600Z[0m [34mDEBUG[0m [2mhyper::proto::h1::io[0m[2m:[0m parsed 4 headers
[2m2025-12-10T10:09:18.767609Z[0m [34mDEBUG[0m [2mhyper::proto::h1::conn[0m[2m:[0m incoming body is content-length (45 bytes)
[2m2025-12-10T10:09:18.767619Z[0m [34mDEBUG[0m [2mhyper::proto::h1::conn[0m[2m:[0m incoming body completed
[2m2025-12-10T10:09:18.767629Z[0m [34mDEBUG[0m [2mhyper::client::pool[0m[2m:[0m pooling idle connection for ("http", 192.168.0.14:8545)
[2m2025-12-10T10:09:18.768993Z[0m [34mDEBUG[0m [2mhyper::proto::h1::io[0m[2m:[0m parsed 4 headers
[2m2025-12-10T10:09:18.769002Z[0m [34mDEBUG[0m [2mhyper::proto::h1::conn[0m[2m:[0m incoming body is content-length (647 bytes)
[2m2025-12-10T10:09:18.769013Z[0m [34mDEBUG[0m [2mhyper::proto::h1::conn[0m[2m:[0m incoming body completed
[2m2025-12-10T10:09:18.769023Z[0m [34mDEBUG[0m [2mhyper::client::pool[0m[2m:[0m pooling idle connection for ("http", 192.168.0.14:8545)
[2m2025-12-10T10:09:18.769033Z[0m [34mDEBUG[0m [2methereum_transaction_pool_monitor::eth_client[0m[2m:[0m 📡 Transaction fetch RPC completed in 6.103667ms
[2m2025-12-10T10:09:18.840626Z[0m [34mDEBUG[0m [2methereum_transaction_pool_monitor::eth_client[0m[2m:[0m ✅ Transaction 0x3fa2849bc83ff407b0fd180d33e07c0bbbd8d405bc32e9ad5dfe40a0688c784e fetched and parsed in 77.69425ms
[2m2025-12-10T10:09:18.840657Z[0m [34mDEBUG[0m [2methereum_transaction_pool_monitor::mempool_monitor[0m[2m:[0m 🔍 Skipping tx 0x3fa2849bc83ff407b0fd180d33e07c0bbbd8d405bc32e9ad5dfe40a0688c784e - not a DEX interaction (target: 0x1F471D2d3A01b8174f320E45564AE02288BB87B9)
[2m2025-12-10T10:09:18.840707Z[0m [34mDEBUG[0m [2mhyper::client::pool[0m[2m:[0m reuse idle connection for ("http", 192.168.0.14:8545)
[2m2025-12-10T10:09:18.840758Z[0m [34mDEBUG[0m [2mhyper::proto::h1::io[0m[2m:[0m flushed 172 bytes
[2m2025-12-10T10:09:18.845529Z[0m [34mDEBUG[0m [2mhyper::proto::h1::io[0m[2m:[0m parsed 4 headers
[2m2025-12-10T10:09:18.846563Z[0m [34mDEBUG[0m [2mhyper::proto::h1::conn[0m[2m:[0m incoming body is content-length (45 bytes)
[2m2025-12-10T10:09:18.846589Z[0m [34mDEBUG[0m [2mhyper::proto::h1::conn[0m[2m:[0m incoming body completed
[2m2025-12-10T10:09:18.846617Z[0m [34mDEBUG[0m [2mhyper::client::pool[0m[2m:[0m pooling idle connection for ("http", 192.168.0.14:8545)
[2m2025-12-10T10:09:18.854688Z[0m [34mDEBUG[0m [2methereum_transaction_pool_monitor::eth_client[0m[2m:[0m 📨 Received WebSocket message: {"jsonrpc":"2.0","method":"eth_subscription","params":{"subscription":"0xbed0a0851463e895960a451075a301a9","result":"0x96176254e7f1c76e43470895d9474ffd1540288b25c8e6393b0e355b62a7f2fe"}}
[2m2025-12-10T10:09:18.854702Z[0m [34mDEBUG[0m [2methereum_transaction_pool_monitor::eth_client[0m[2m:[0m 📨 Received pending transaction: 0x96176254e7f1c76e43470895d9474ffd1540288b25c8e6393b0e355b62a7f2fe
[2m2025-12-10T10:09:18.854710Z[0m [34mDEBUG[0m [2methereum_transaction_pool_monitor::mempool_monitor[0m[2m:[0m 📨 Processing new pending transaction: 0x96176254e7f1c76e43470895d9474ffd1540288b25c8e6393b0e355b62a7f2fe
[2m2025-12-10T10:09:18.854715Z[0m [34mDEBUG[0m [2methereum_transaction_pool_monitor::mempool_monitor[0m[2m:[0m 🔍 Fetching transaction details for: 0x96176254e7f1c76e43470895d9474ffd1540288b25c8e6393b0e355b62a7f2fe
[2m2025-12-10T10:09:18.854719Z[0m [34mDEBUG[0m [2methereum_transaction_pool_monitor::eth_client[0m[2m:[0m 🔍 Fetching transaction details for hash: 0x96176254e7f1c76e43470895d9474ffd1540288b25c8e6393b0e355b62a7f2fe
[2m2025-12-10T10:09:18.854735Z[0m [34mDEBUG[0m [2mhyper::client::pool[0m[2m:[0m reuse idle connection for ("http", 192.168.0.14:8545)
[2m2025-12-10T10:09:18.854756Z[0m [34mDEBUG[0m [2mhyper::proto::h1::io[0m[2m:[0m flushed 250 bytes
[2m2025-12-10T10:09:18.860201Z[0m [34mDEBUG[0m [2mhyper::proto::h1::io[0m[2m:[0m parsed 4 headers
[2m2025-12-10T10:09:18.860213Z[0m [34mDEBUG[0m [2mhyper::proto::h1::conn[0m[2m:[0m incoming body is content-length (766 bytes)
[2m2025-12-10T10:09:18.860220Z[0m [34mDEBUG[0m [2mhyper::proto::h1::conn[0m[2m:[0m incoming body completed
[2m2025-12-10T10:09:18.860230Z[0m [34mDEBUG[0m [2mhyper::client::pool[0m[2m:[0m pooling idle connection for ("http", 192.168.0.14:8545)
[2m2025-12-10T10:09:18.860237Z[0m [34mDEBUG[0m [2methereum_transaction_pool_monitor::eth_client[0m[2m:[0m 📡 Transaction fetch RPC completed in 5.513791ms
[2m2025-12-10T10:09:18.931216Z[0m [34mDEBUG[0m [2methereum_transaction_pool_monitor::eth_client[0m[2m:[0m ✅ Transaction 0x96176254e7f1c76e43470895d9474ffd1540288b25c8e6393b0e355b62a7f2fe fetched and parsed in 76.490166ms
[2m2025-12-10T10:09:18.931243Z[0m [34mDEBUG[0m [2methereum_transaction_pool_monitor::mempool_monitor[0m[2m:[0m 🔍 Skipping tx 0x96176254e7f1c76e43470895d9474ffd1540288b25c8e6393b0e355b62a7f2fe - not a DEX interaction (target: 0xF17e65822b568B3903685a7c9F496CF7656Cc6C2)
[2m2025-12-10T10:09:18.931291Z[0m [34mDEBUG[0m [2mhyper::client::pool[0m[2m:[0m reuse idle connection for ("http", 192.168.0.14:8545)
[2m2025-12-10T10:09:18.931346Z[0m [34mDEBUG[0m [2mhyper::proto::h1::io[0m[2m:[0m flushed 172 bytes
[2m2025-12-10T10:09:18.937059Z[0m [34mDEBUG[0m [2mhyper::proto::h1::io[0m[2m:[0m parsed 4 headers
[2m2025-12-10T10:09:18.937068Z[0m [34mDEBUG[0m [2mhyper::proto::h1::conn[0m[2m:[0m incoming body is content-length (45 bytes)
[2m2025-12-10T10:09:18.937076Z[0m [34mDEBUG[0m [2mhyper::proto::h1::conn[0m[2m:[0m incoming body completed
[2m2025-12-10T10:09:18.937085Z[0m [34mDEBUG[0m [2mhyper::client::pool[0m[2m:[0m pooling idle connection for ("http", 192.168.0.14:8545)
[2m2025-12-10T10:09:18.997049Z[0m [34mDEBUG[0m [2mhyper::client::pool[0m[2m:[0m reuse idle connection for ("http", 192.168.0.14:8545)
[2m2025-12-10T10:09:18.997112Z[0m [34mDEBUG[0m [2mhyper::proto::h1::io[0m[2m:[0m flushed 172 bytes
[2m2025-12-10T10:09:18.999790Z[0m [34mDEBUG[0m [2mhyper::proto::h1::io[0m[2m:[0m parsed 4 headers
[2m2025-12-10T10:09:18.999799Z[0m [34mDEBUG[0m [2mhyper::proto::h1::conn[0m[2m:[0m incoming body is content-length (45 bytes)
[2m2025-12-10T10:09:18.999807Z[0m [34mDEBUG[0m [2mhyper::proto::h1::conn[0m[2m:[0m incoming body completed
[2m2025-12-10T10:09:18.999816Z[0m [34mDEBUG[0m [2mhyper::client::pool[0m[2m:[0m pooling idle connection for ("http", 192.168.0.14:8545)
[2m2025-12-10T10:09:19.005640Z[0m [34mDEBUG[0m [2methereum_transaction_pool_monitor::eth_client[0m[2m:[0m 📨 Received WebSocket message: {"jsonrpc":"2.0","method":"eth_subscription","params":{"subscription":"0xbed0a0851463e895960a451075a301a9","result":"0x6f5b1e42ae40dbbd660ee242c604a1c78af8cffac256d4e08418fbf6f444fd3f"}}
[2m2025-12-10T10:09:19.005655Z[0m [34mDEBUG[0m [2methereum_transaction_pool_monitor::eth_client[0m[2m:[0m 📨 Received pending transaction: 0x6f5b1e42ae40dbbd660ee242c604a1c78af8cffac256d4e08418fbf6f444fd3f
[2m2025-12-10T10:09:19.005661Z[0m [32m INFO[0m [2methereum_transaction_pool_monitor::eth_client[0m[2m:[0m 📊 WebSocket stats - Total: 1046 transactions, Rate: 12.9 tx/s
[2m2025-12-10T10:09:19.005670Z[0m [34mDEBUG[0m [2methereum_transaction_pool_monitor::mempool_monitor[0m[2m:[0m 📨 Processing new pending transaction: 0x6f5b1e42ae40dbbd660ee242c604a1c78af8cffac256d4e08418fbf6f444fd3f
[2m2025-12-10T10:09:19.005676Z[0m [34mDEBUG[0m [2methereum_transaction_pool_monitor::mempool_monitor[0m[2m:[0m 🔍 Fetching transaction details for: 0x6f5b1e42ae40dbbd660ee242c604a1c78af8cffac256d4e08418fbf6f444fd3f
[2m2025-12-10T10:09:19.005681Z[0m [34mDEBUG[0m [2methereum_transaction_pool_monitor::eth_client[0m[2m:[0m 🔍 Fetching transaction details for hash: 0x6f5b1e42ae40dbbd660ee242c604a1c78af8cffac256d4e08418fbf6f444fd3f
[2m2025-12-10T10:09:19.005697Z[0m [34mDEBUG[0m [2mhyper::client::pool[0m[2m:[0m reuse idle connection for ("http", 192.168.0.14:8545)
[2m2025-12-10T10:09:19.005716Z[0m [34mDEBUG[0m [2mhyper::proto::h1::io[0m[2m:[0m flushed 250 bytes
[2m2025-12-10T10:09:19.012098Z[0m [34mDEBUG[0m [2mhyper::proto::h1::io[0m[2m:[0m parsed 4 headers
[2m2025-12-10T10:09:19.012108Z[0m [34mDEBUG[0m [2mhyper::proto::h1::conn[0m[2m:[0m incoming body is content-length (772 bytes)
[2m2025-12-10T10:09:19.012116Z[0m [34mDEBUG[0m [2mhyper::proto::h1::conn[0m[2m:[0m incoming body completed
[2m2025-12-10T10:09:19.012126Z[0m [34mDEBUG[0m [2mhyper::client::pool[0m[2m:[0m pooling idle connection for ("http", 192.168.0.14:8545)
[2m2025-12-10T10:09:19.012133Z[0m [34mDEBUG[0m [2methereum_transaction_pool_monitor::eth_client[0m[2m:[0m 📡 Transaction fetch RPC completed in 6.447459ms
[2m2025-12-10T10:09:19.084728Z[0m [34mDEBUG[0m [2methereum_transaction_pool_monitor::eth_client[0m[2m:[0m ✅ Transaction 0x6f5b1e42ae40dbbd660ee242c604a1c78af8cffac256d4e08418fbf6f444fd3f fetched and parsed in 79.039584ms
[2m2025-12-10T10:09:19.084762Z[0m [34mDEBUG[0m [2methereum_transaction_pool_monitor::mempool_monitor[0m[2m:[0m 🔍 Skipping tx 0x6f5b1e42ae40dbbd660ee242c604a1c78af8cffac256d4e08418fbf6f444fd3f - not a DEX interaction (target: 0xD4419C2d3DAA986Dc30444Fa333a846be44Fd1eb)
[2m2025-12-10T10:09:19.084811Z[0m [34mDEBUG[0m [2methereum_transaction_pool_monitor::eth_client[0m[2m:[0m 📨 Received WebSocket message: {"jsonrpc":"2.0","method":"eth_subscription","params":{"subscription":"0xbed0a0851463e895960a451075a301a9","result":"0xb221eb9717550ab823fb5e8f40abde73ad6647888a047e0188f2ac89c527afb3"}}
[2m2025-12-10T10:09:19.084824Z[0m [34mDEBUG[0m [2methereum_transaction_pool_monitor::eth_client[0m[2m:[0m 📨 Received pending transaction: 0xb221eb9717550ab823fb5e8f40abde73ad6647888a047e0188f2ac89c527afb3
[2m2025-12-10T10:09:19.084832Z[0m [34mDEBUG[0m [2methereum_transaction_pool_monitor::mempool_monitor[0m[2m:[0m 📨 Processing new pending transaction: 0xb221eb9717550ab823fb5e8f40abde73ad6647888a047e0188f2ac89c527afb3
[2m2025-12-10T10:09:19.084843Z[0m [34mDEBUG[0m [2methereum_transaction_pool_monitor::mempool_monitor[0m[2m:[0m 🔍 Fetching transaction details for: 0xb221eb9717550ab823fb5e8f40abde73ad6647888a047e0188f2ac89c527afb3
[2m2025-12-10T10:09:19.084849Z[0m [34mDEBUG[0m [2methereum_transaction_pool_monitor::eth_client[0m[2m:[0m 🔍 Fetching transaction details for hash: 0xb221eb9717550ab823fb5e8f40abde73ad6647888a047e0188f2ac89c527afb3
[2m2025-12-10T10:09:19.084872Z[0m [34mDEBUG[0m [2mhyper::client::pool[0m[2m:[0m reuse idle connection for ("http", 192.168.0.14:8545)
[2m2025-12-10T10:09:19.084900Z[0m [34mDEBUG[0m [2mhyper::proto::h1::io[0m[2m:[0m flushed 250 bytes
[2m2025-12-10T10:09:19.090234Z[0m [34mDEBUG[0m [2mhyper::proto::h1::io[0m[2m:[0m parsed 4 headers
[2m2025-12-10T10:09:19.090242Z[0m [34mDEBUG[0m [2mhyper::proto::h1::conn[0m[2m:[0m incoming body is content-length (769 bytes)
[2m2025-12-10T10:09:19.090249Z[0m [34mDEBUG[0m [2mhyper::proto::h1::conn[0m[2m:[0m incoming body completed
[2m2025-12-10T10:09:19.090258Z[0m [34mDEBUG[0m [2mhyper::client::pool[0m[2m:[0m pooling idle connection for ("http", 192.168.0.14:8545)
[2m2025-12-10T10:09:19.090265Z[0m [34mDEBUG[0m [2methereum_transaction_pool_monitor::eth_client[0m[2m:[0m 📡 Transaction fetch RPC completed in 5.410667ms
[2m2025-12-10T10:09:19.090280Z[0m [34mDEBUG[0m [2methereum_transaction_pool_monitor::eth_client[0m[2m:[0m DeFi transaction detected - Address: 0xdac17f958d2ee523a2206206994597c13d831ec7, Type: Stablecoin, Value: 0 ETH, Gas: 0.23 Gwei
[2m2025-12-10T10:09:19.090293Z[0m [34mDEBUG[0m [2methereum_transaction_pool_monitor::eth_client[0m[2m:[0m ✅ Transaction 0xb221eb9717550ab823fb5e8f40abde73ad6647888a047e0188f2ac89c527afb3 fetched and parsed in 5.43825ms
[2m2025-12-10T10:09:19.090299Z[0m [34mDEBUG[0m [2methereum_transaction_pool_monitor::mempool_monitor[0m[2m:[0m 🔍 Skipping tx 0xb221eb9717550ab823fb5e8f40abde73ad6647888a047e0188f2ac89c527afb3 - not a DEX interaction (target: 0xdAC17F958D2ee523a2206206994597C13D831ec7)
[2m2025-12-10T10:09:19.094891Z[0m [34mDEBUG[0m [2methereum_transaction_pool_monitor::eth_client[0m[2m:[0m 📨 Received WebSocket message: {"jsonrpc":"2.0","method":"eth_subscription","params":{"subscription":"0xbed0a0851463e895960a451075a301a9","result":"0x79f8a9753ed2536ecf777b09e994d15c807216689208b5369f1f4dd8750c442f"}}
[2m2025-12-10T10:09:19.094904Z[0m [34mDEBUG[0m [2methereum_transaction_pool_monitor::eth_client[0m[2m:[0m 📨 Received pending transaction: 0x79f8a9753ed2536ecf777b09e994d15c807216689208b5369f1f4dd8750c442f
[2m2025-12-10T10:09:19.094910Z[0m [34mDEBUG[0m [2methereum_transaction_pool_monitor::mempool_monitor[0m[2m:[0m 📨 Processing new pending transaction: 0x79f8a9753ed2536ecf777b09e994d15c807216689208b5369f1f4dd8750c442f
[2m2025-12-10T10:09:19.094915Z[0m [34mDEBUG[0m [2methereum_transaction_pool_monitor::mempool_monitor[0m[2m:[0m 🔍 Fetching transaction details for: 0x79f8a9753ed2536ecf777b09e994d15c807216689208b5369f1f4dd8750c442f
[2m2025-12-10T10:09:19.094918Z[0m [34mDEBUG[0m [2methereum_transaction_pool_monitor::eth_client[0m[2m:[0m 🔍 Fetching transaction details for hash: 0x79f8a9753ed2536ecf777b09e994d15c807216689208b5369f1f4dd8750c442f
[2m2025-12-10T10:09:19.094933Z[0m [34mDEBUG[0m [2mhyper::client::pool[0m[2m:[0m reuse idle connection for ("http", 192.168.0.14:8545)
[2m2025-12-10T10:09:19.094952Z[0m [34mDEBUG[0m [2mhyper::proto::h1::io[0m[2m:[0m flushed 250 bytes
[2m2025-12-10T10:09:19.096093Z[0m [34mDEBUG[0m [2mhyper::client::pool[0m[2m:[0m reuse idle connection for ("http", 192.168.0.14:8545)
[2m2025-12-10T10:09:19.096115Z[0m [34mDEBUG[0m [2mhyper::proto::h1::io[0m[2m:[0m flushed 172 bytes
[2m2025-12-10T10:09:19.098865Z[0m [34mDEBUG[0m [2mhyper::proto::h1::io[0m[2m:[0m parsed 4 headers
[2m2025-12-10T10:09:19.098888Z[0m [34mDEBUG[0m [2mhyper::proto::h1::conn[0m[2m:[0m incoming body is content-length (771 bytes)
[2m2025-12-10T10:09:19.098915Z[0m [34mDEBUG[0m [2mhyper::proto::h1::conn[0m[2m:[0m incoming body completed
[2m2025-12-10T10:09:19.098922Z[0m [34mDEBUG[0m [2mhyper::client::pool[0m[2m:[0m pooling idle connection for ("http", 192.168.0.14:8545)
[2m2025-12-10T10:09:19.098929Z[0m [34mDEBUG[0m [2methereum_transaction_pool_monitor::eth_client[0m[2m:[0m 📡 Transaction fetch RPC completed in 4.006334ms
[2m2025-12-10T10:09:19.168838Z[0m [34mDEBUG[0m [2methereum_transaction_pool_monitor::eth_client[0m[2m:[0m ✅ Transaction 0x79f8a9753ed2536ecf777b09e994d15c807216689208b5369f1f4dd8750c442f fetched and parsed in 73.913625ms
[2m2025-12-10T10:09:19.168870Z[0m [34mDEBUG[0m [2methereum_transaction_pool_monitor::mempool_monitor[0m[2m:[0m 🔍 Skipping tx 0x79f8a9753ed2536ecf777b09e994d15c807216689208b5369f1f4dd8750c442f - not a DEX interaction (target: 0x808507121B80c02388fAd14726482e061B8da827)
[2m2025-12-10T10:09:19.168908Z[0m [34mDEBUG[0m [2mhyper::proto::h1::io[0m[2m:[0m parsed 4 headers
[2m2025-12-10T10:09:19.168918Z[0m [34mDEBUG[0m [2mhyper::proto::h1::conn[0m[2m:[0m incoming body is content-length (45 bytes)
[2m2025-12-10T10:09:19.168924Z[0m [34mDEBUG[0m [2methereum_transaction_pool_monitor::eth_client[0m[2m:[0m 📨 Received WebSocket message: {"jsonrpc":"2.0","method":"eth_subscription","params":{"subscription":"0xbed0a0851463e895960a451075a301a9","result":"0xf0c56d0532f58c2ea0ef58637ad14d7239feb58efe0b8dc82ec4493143ff3244"}}
[2m2025-12-10T10:09:19.168928Z[0m [34mDEBUG[0m [2mhyper::proto::h1::conn[0m[2m:[0m incoming body completed
[2m2025-12-10T10:09:19.168934Z[0m [34mDEBUG[0m [2methereum_transaction_pool_monitor::eth_client[0m[2m:[0m 📨 Received pending transaction: 0xf0c56d0532f58c2ea0ef58637ad14d7239feb58efe0b8dc82ec4493143ff3244
[2m2025-12-10T10:09:19.168941Z[0m [34mDEBUG[0m [2methereum_transaction_pool_monitor::eth_client[0m[2m:[0m 📨 Received WebSocket message: {"jsonrpc":"2.0","method":"eth_subscription","params":{"subscription":"0xbed0a0851463e895960a451075a301a9","result":"0x5a27aaf17df4d206559028493476ceebe4ce00373602e3ba64ddb90a2a115c9a"}}
[2m2025-12-10T10:09:19.168941Z[0m [34mDEBUG[0m [2mhyper::client::pool[0m[2m:[0m pooling idle connection for ("http", 192.168.0.14:8545)
[2m2025-12-10T10:09:19.168948Z[0m [34mDEBUG[0m [2methereum_transaction_pool_monitor::eth_client[0m[2m:[0m 📨 Received pending transaction: 0x5a27aaf17df4d206559028493476ceebe4ce00373602e3ba64ddb90a2a115c9a
[2m2025-12-10T10:09:19.168956Z[0m [34mDEBUG[0m [2methereum_transaction_pool_monitor::mempool_monitor[0m[2m:[0m 📨 Processing new pending transaction: 0xf0c56d0532f58c2ea0ef58637ad14d7239feb58efe0b8dc82ec4493143ff3244
[2m2025-12-10T10:09:19.168961Z[0m [34mDEBUG[0m [2methereum_transaction_pool_monitor::mempool_monitor[0m[2m:[0m 🔍 Fetching transaction details for: 0xf0c56d0532f58c2ea0ef58637ad14d7239feb58efe0b8dc82ec4493143ff3244
[2m2025-12-10T10:09:19.168965Z[0m [34mDEBUG[0m [2methereum_transaction_pool_monitor::eth_client[0m[2m:[0m 🔍 Fetching transaction details for hash: 0xf0c56d0532f58c2ea0ef58637ad14d7239feb58efe0b8dc82ec4493143ff3244
[2m2025-12-10T10:09:19.168982Z[0m [34mDEBUG[0m [2mhyper::client::pool[0m[2m:[0m reuse idle connection for ("http", 192.168.0.14:8545)
[2m2025-12-10T10:09:19.169004Z[0m [34mDEBUG[0m [2mhyper::proto::h1::io[0m[2m:[0m flushed 250 bytes
[2m2025-12-10T10:09:19.175861Z[0m [34mDEBUG[0m [2mhyper::proto::h1::io[0m[2m:[0m parsed 4 headers
[2m2025-12-10T10:09:19.175875Z[0m [34mDEBUG[0m [2mhyper::proto::h1::conn[0m[2m:[0m incoming body is content-length (1604 bytes)
[2m2025-12-10T10:09:19.175889Z[0m [34mDEBUG[0m [2methereum_transaction_pool_monitor::eth_client[0m[2m:[0m 📡 Transaction fetch RPC completed in 6.919666ms
[2m2025-12-10T10:09:19.177665Z[0m [34mDEBUG[0m [2mhyper::proto::h1::conn[0m[2m:[0m incoming body completed
[2m2025-12-10T10:09:19.177680Z[0m [34mDEBUG[0m [2mhyper::client::pool[0m[2m:[0m pooling idle connection for ("http", 192.168.0.14:8545)
[2m2025-12-10T10:09:19.196719Z[0m [34mDEBUG[0m [2mhyper::client::pool[0m[2m:[0m reuse idle connection for ("http", 192.168.0.14:8545)
[2m2025-12-10T10:09:19.196795Z[0m [34mDEBUG[0m [2mhyper::proto::h1::io[0m[2m:[0m flushed 172 bytes
[2m2025-12-10T10:09:19.202712Z[0m [34mDEBUG[0m [2mhyper::proto::h1::io[0m[2m:[0m parsed 4 headers
[2m2025-12-10T10:09:19.202734Z[0m [34mDEBUG[0m [2mhyper::proto::h1::conn[0m[2m:[0m incoming body is content-length (45 bytes)
[2m2025-12-10T10:09:19.202743Z[0m [34mDEBUG[0m [2mhyper::proto::h1::conn[0m[2m:[0m incoming body completed
[2m2025-12-10T10:09:19.202755Z[0m [34mDEBUG[0m [2mhyper::client::pool[0m[2m:[0m pooling idle connection for ("http", 192.168.0.14:8545)
[2m2025-12-10T10:09:19.249801Z[0m [34mDEBUG[0m [2methereum_transaction_pool_monitor::eth_client[0m[2m:[0m ✅ Transaction 0xf0c56d0532f58c2ea0ef58637ad14d7239feb58efe0b8dc82ec4493143ff3244 fetched and parsed in 80.828666ms
[2m2025-12-10T10:09:19.249827Z[0m [34mDEBUG[0m [2methereum_transaction_pool_monitor::mempool_monitor[0m[2m:[0m 🔍 Skipping tx 0xf0c56d0532f58c2ea0ef58637ad14d7239feb58efe0b8dc82ec4493143ff3244 - not a DEX interaction (target: 0x601a2aD6CB5949f0529735254189Ba3194221EDF)
[2m2025-12-10T10:09:19.249838Z[0m [34mDEBUG[0m [2methereum_transaction_pool_monitor::mempool_monitor[0m[2m:[0m 📨 Processing new pending transaction: 0x5a27aaf17df4d206559028493476ceebe4ce00373602e3ba64ddb90a2a115c9a
[2m2025-12-10T10:09:19.249847Z[0m [34mDEBUG[0m [2methereum_transaction_pool_monitor::mempool_monitor[0m[2m:[0m 🔍 Fetching transaction details for: 0x5a27aaf17df4d206559028493476ceebe4ce00373602e3ba64ddb90a2a115c9a
[2m2025-12-10T10:09:19.249854Z[0m [34mDEBUG[0m [2methereum_transaction_pool_monitor::eth_client[0m[2m:[0m 🔍 Fetching transaction details for hash: 0x5a27aaf17df4d206559028493476ceebe4ce00373602e3ba64ddb90a2a115c9a
[2m2025-12-10T10:09:19.249872Z[0m [34mDEBUG[0m [2mhyper::client::pool[0m[2m:[0m reuse idle connection for ("http", 192.168.0.14:8545)
[2m2025-12-10T10:09:19.249925Z[0m [34mDEBUG[0m [2mhyper::proto::h1::io[0m[2m:[0m flushed 250 bytes
[2m2025-12-10T10:09:19.256148Z[0m [34mDEBUG[0m [2mhyper::proto::h1::io[0m[2m:[0m parsed 4 headers
[2m2025-12-10T10:09:19.256161Z[0m [34mDEBUG[0m [2mhyper::proto::h1::conn[0m[2m:[0m incoming body is content-length (713 bytes)
[2m2025-12-10T10:09:19.256170Z[0m [34mDEBUG[0m [2mhyper::proto::h1::conn[0m[2m:[0m incoming body completed
[2m2025-12-10T10:09:19.256182Z[0m [34mDEBUG[0m [2mhyper::client::pool[0m[2m:[0m pooling idle connection for ("http", 192.168.0.14:8545)
[2m2025-12-10T10:09:19.256191Z[0m [34mDEBUG[0m [2methereum_transaction_pool_monitor::eth_client[0m[2m:[0m 📡 Transaction fetch RPC completed in 6.332ms
[2m2025-12-10T10:09:19.327231Z[0m [34mDEBUG[0m [2methereum_transaction_pool_monitor::eth_client[0m[2m:[0m ✅ Transaction 0x5a27aaf17df4d206559028493476ceebe4ce00373602e3ba64ddb90a2a115c9a fetched and parsed in 77.369125ms
[2m2025-12-10T10:09:19.327264Z[0m [34mDEBUG[0m [2methereum_transaction_pool_monitor::mempool_monitor[0m[2m:[0m 🔍 Skipping tx 0x5a27aaf17df4d206559028493476ceebe4ce00373602e3ba64ddb90a2a115c9a - not a DEX interaction (target: 0xBf8AA1536EEF938070A654cdd1f00A8A63D818E9)
[2m2025-12-10T10:09:19.327311Z[0m [34mDEBUG[0m [2mhyper::client::pool[0m[2m:[0m reuse idle connection for ("http", 192.168.0.14:8545)
[2m2025-12-10T10:09:19.327347Z[0m [34mDEBUG[0m [2methereum_transaction_pool_monitor::eth_client[0m[2m:[0m 📨 Received WebSocket message: {"jsonrpc":"2.0","method":"eth_subscription","params":{"subscription":"0xbed0a0851463e895960a451075a301a9","result":"0xf1616284ac5c7d6ee589437838caff7de24d9d092f59bc2b7a1d06ffb12e52d4"}}
[2m2025-12-10T10:09:19.327359Z[0m [34mDEBUG[0m [2methereum_transaction_pool_monitor::eth_client[0m[2m:[0m 📨 Received pending transaction: 0xf1616284ac5c7d6ee589437838caff7de24d9d092f59bc2b7a1d06ffb12e52d4
[2m2025-12-10T10:09:19.327367Z[0m [34mDEBUG[0m [2methereum_transaction_pool_monitor::mempool_monitor[0m[2m:[0m 📨 Processing new pending transaction: 0xf1616284ac5c7d6ee589437838caff7de24d9d092f59bc2b7a1d06ffb12e52d4
[2m2025-12-10T10:09:19.327367Z[0m [34mDEBUG[0m [2mhyper::proto::h1::io[0m[2m:[0m flushed 172 bytes
[2m2025-12-10T10:09:19.327377Z[0m [34mDEBUG[0m [2methereum_transaction_pool_monitor::mempool_monitor[0m[2m:[0m 🔍 Fetching transaction details for: 0xf1616284ac5c7d6ee589437838caff7de24d9d092f59bc2b7a1d06ffb12e52d4
[2m2025-12-10T10:09:19.327390Z[0m [34mDEBUG[0m [2methereum_transaction_pool_monitor::eth_client[0m[2m:[0m 🔍 Fetching transaction details for hash: 0xf1616284ac5c7d6ee589437838caff7de24d9d092f59bc2b7a1d06ffb12e52d4
[2m2025-12-10T10:09:19.327404Z[0m [34mDEBUG[0m [2mhyper::client::pool[0m[2m:[0m reuse idle connection for ("http", 192.168.0.14:8545)
[2m2025-12-10T10:09:19.327422Z[0m [34mDEBUG[0m [2mhyper::proto::h1::io[0m[2m:[0m flushed 250 bytes
[2m2025-12-10T10:09:19.334827Z[0m [34mDEBUG[0m [2mhyper::proto::h1::io[0m[2m:[0m parsed 4 headers
[2m2025-12-10T10:09:19.334843Z[0m [34mDEBUG[0m [2mhyper::proto::h1::conn[0m[2m:[0m incoming body is content-length (45 bytes)
[2m2025-12-10T10:09:19.334855Z[0m [34mDEBUG[0m [2mhyper::proto::h1::conn[0m[2m:[0m incoming body completed
[2m2025-12-10T10:09:19.334865Z[0m [34mDEBUG[0m [2mhyper::client::pool[0m[2m:[0m pooling idle connection for ("http", 192.168.0.14:8545)
[2m2025-12-10T10:09:19.336245Z[0m [34mDEBUG[0m [2mhyper::proto::h1::io[0m[2m:[0m parsed 4 headers
[2m2025-12-10T10:09:19.336252Z[0m [34mDEBUG[0m [2mhyper::proto::h1::conn[0m[2m:[0m incoming body is content-length (766 bytes)
[2m2025-12-10T10:09:19.336257Z[0m [34mDEBUG[0m [2mhyper::proto::h1::conn[0m[2m:[0m incoming body completed
[2m2025-12-10T10:09:19.336266Z[0m [34mDEBUG[0m [2mhyper::client::pool[0m[2m:[0m pooling idle connection for ("http", 192.168.0.14:8545)
[2m2025-12-10T10:09:19.336272Z[0m [34mDEBUG[0m [2methereum_transaction_pool_monitor::eth_client[0m[2m:[0m 📡 Transaction fetch RPC completed in 8.874042ms
[2m2025-12-10T10:09:19.407867Z[0m [34mDEBUG[0m [2methereum_transaction_pool_monitor::eth_client[0m[2m:[0m ✅ Transaction 0xf1616284ac5c7d6ee589437838caff7de24d9d092f59bc2b7a1d06ffb12e52d4 fetched and parsed in 80.466667ms
[2m2025-12-10T10:09:19.407902Z[0m [34mDEBUG[0m [2methereum_transaction_pool_monitor::mempool_monitor[0m[2m:[0m 🔍 Skipping tx 0xf1616284ac5c7d6ee589437838caff7de24d9d092f59bc2b7a1d06ffb12e52d4 - not a DEX interaction (target: 0xEb964A1A6fAB73b8c72A0D15c7337fA4804F484d)
[2m2025-12-10T10:09:19.407942Z[0m [34mDEBUG[0m [2mhyper::client::pool[0m[2m:[0m reuse idle connection for ("http", 192.168.0.14:8545)
[2m2025-12-10T10:09:19.407999Z[0m [34mDEBUG[0m [2mhyper::proto::h1::io[0m[2m:[0m flushed 172 bytes
[2m2025-12-10T10:09:19.408008Z[0m [34mDEBUG[0m [2methereum_transaction_pool_monitor::eth_client[0m[2m:[0m 📨 Received WebSocket message: {"jsonrpc":"2.0","method":"eth_subscription","params":{"subscription":"0xbed0a0851463e895960a451075a301a9","result":"0x6eee9d40dffeb9fc77c9be107b884d886d411e8ec0d837bfd9f8a0c32b74981d"}}
[2m2025-12-10T10:09:19.408029Z[0m [34mDEBUG[0m [2methereum_transaction_pool_monitor::eth_client[0m[2m:[0m 📨 Received pending transaction: 0x6eee9d40dffeb9fc77c9be107b884d886d411e8ec0d837bfd9f8a0c32b74981d
[2m2025-12-10T10:09:19.408038Z[0m [34mDEBUG[0m [2methereum_transaction_pool_monitor::mempool_monitor[0m[2m:[0m 📨 Processing new pending transaction: 0x6eee9d40dffeb9fc77c9be107b884d886d411e8ec0d837bfd9f8a0c32b74981d
[2m2025-12-10T10:09:19.408046Z[0m [34mDEBUG[0m [2methereum_transaction_pool_monitor::mempool_monitor[0m[2m:[0m 🔍 Fetching transaction details for: 0x6eee9d40dffeb9fc77c9be107b884d886d411e8ec0d837bfd9f8a0c32b74981d
[2m2025-12-10T10:09:19.408054Z[0m [34mDEBUG[0m [2methereum_transaction_pool_monitor::eth_client[0m[2m:[0m 🔍 Fetching transaction details for hash: 0x6eee9d40dffeb9fc77c9be107b884d886d411e8ec0d837bfd9f8a0c32b74981d
[2m2025-12-10T10:09:19.408066Z[0m [34mDEBUG[0m [2mhyper::client::pool[0m[2m:[0m reuse idle connection for ("http", 192.168.0.14:8545)
[2m2025-12-10T10:09:19.408082Z[0m [34mDEBUG[0m [2mhyper::proto::h1::io[0m[2m:[0m flushed 250 bytes
[2m2025-12-10T10:09:19.412186Z[0m [34mDEBUG[0m [2mhyper::proto::h1::io[0m[2m:[0m parsed 4 headers
[2m2025-12-10T10:09:19.412201Z[0m [34mDEBUG[0m [2mhyper::proto::h1::conn[0m[2m:[0m incoming body is content-length (45 bytes)
[2m2025-12-10T10:09:19.412210Z[0m [34mDEBUG[0m [2mhyper::proto::h1::conn[0m[2m:[0m incoming body completed
[2m2025-12-10T10:09:19.412220Z[0m [34mDEBUG[0m [2mhyper::client::pool[0m[2m:[0m pooling idle connection for ("http", 192.168.0.14:8545)
[2m2025-12-10T10:09:19.416078Z[0m [34mDEBUG[0m [2mhyper::proto::h1::io[0m[2m:[0m parsed 4 headers
[2m2025-12-10T10:09:19.416088Z[0m [34mDEBUG[0m [2mhyper::proto::h1::conn[0m[2m:[0m incoming body is content-length (643 bytes)
[2m2025-12-10T10:09:19.416094Z[0m [34mDEBUG[0m [2mhyper::proto::h1::conn[0m[2m:[0m incoming body completed
[2m2025-12-10T10:09:19.416102Z[0m [34mDEBUG[0m [2mhyper::client::pool[0m[2m:[0m pooling idle connection for ("http", 192.168.0.14:8545)
[2m2025-12-10T10:09:19.416108Z[0m [34mDEBUG[0m [2methereum_transaction_pool_monitor::eth_client[0m[2m:[0m 📡 Transaction fetch RPC completed in 8.048834ms
[2m2025-12-10T10:09:19.484838Z[0m [34mDEBUG[0m [2methereum_transaction_pool_monitor::eth_client[0m[2m:[0m ✅ Transaction 0x6eee9d40dffeb9fc77c9be107b884d886d411e8ec0d837bfd9f8a0c32b74981d fetched and parsed in 76.777ms
[2m2025-12-10T10:09:19.484859Z[0m [34mDEBUG[0m [2methereum_transaction_pool_monitor::mempool_monitor[0m[2m:[0m 🔍 Skipping tx 0x6eee9d40dffeb9fc77c9be107b884d886d411e8ec0d837bfd9f8a0c32b74981d - not a DEX interaction (target: 0xB453D4C61D453c206686d2650455b34c685dB71d)
[2m2025-12-10T10:09:19.496921Z[0m [34mDEBUG[0m [2mhyper::client::pool[0m[2m:[0m reuse idle connection for ("http", 192.168.0.14:8545)
[2m2025-12-10T10:09:19.497115Z[0m [34mDEBUG[0m [2mhyper::proto::h1::io[0m[2m:[0m flushed 172 bytes
[2m2025-12-10T10:09:19.499826Z[0m [34mDEBUG[0m [2mhyper::proto::h1::io[0m[2m:[0m parsed 4 headers
[2m2025-12-10T10:09:19.499832Z[0m [34mDEBUG[0m [2mhyper::proto::h1::conn[0m[2m:[0m incoming body is content-length (45 bytes)
[2m2025-12-10T10:09:19.499839Z[0m [34mDEBUG[0m [2mhyper::proto::h1::conn[0m[2m:[0m incoming body completed
[2m2025-12-10T10:09:19.499847Z[0m [34mDEBUG[0m [2mhyper::client::pool[0m[2m:[0m pooling idle connection for ("http", 192.168.0.14:8545)
[2m2025-12-10T10:09:19.556035Z[0m [34mDEBUG[0m [2methereum_transaction_pool_monitor::eth_client[0m[2m:[0m 📨 Received WebSocket message: {"jsonrpc":"2.0","method":"eth_subscription","params":{"subscription":"0xbed0a0851463e895960a451075a301a9","result":"0x212656d18a70d58740211df2daca907d59f6a12c580e848b048887d0ddc43c43"}}
[2m2025-12-10T10:09:19.556062Z[0m [34mDEBUG[0m [2methereum_transaction_pool_monitor::eth_client[0m[2m:[0m 📨 Received pending transaction: 0x212656d18a70d58740211df2daca907d59f6a12c580e848b048887d0ddc43c43
[2m2025-12-10T10:09:19.556072Z[0m [34mDEBUG[0m [2methereum_transaction_pool_monitor::mempool_monitor[0m[2m:[0m 📨 Processing new pending transaction: 0x212656d18a70d58740211df2daca907d59f6a12c580e848b048887d0ddc43c43
[2m2025-12-10T10:09:19.556077Z[0m [34mDEBUG[0m [2methereum_transaction_pool_monitor::mempool_monitor[0m[2m:[0m 🔍 Fetching transaction details for: 0x212656d18a70d58740211df2daca907d59f6a12c580e848b048887d0ddc43c43
[2m2025-12-10T10:09:19.556082Z[0m [34mDEBUG[0m [2methereum_transaction_pool_monitor::eth_client[0m[2m:[0m 🔍 Fetching transaction details for hash: 0x212656d18a70d58740211df2daca907d59f6a12c580e848b048887d0ddc43c43
[2m2025-12-10T10:09:19.556103Z[0m [34mDEBUG[0m [2mhyper::client::pool[0m[2m:[0m reuse idle connection for ("http", 192.168.0.14:8545)
[2m2025-12-10T10:09:19.556131Z[0m [34mDEBUG[0m [2mhyper::proto::h1::io[0m[2m:[0m flushed 250 bytes
[2m2025-12-10T10:09:19.561889Z[0m [34mDEBUG[0m [2mhyper::proto::h1::io[0m[2m:[0m parsed 4 headers
[2m2025-12-10T10:09:19.561906Z[0m [34mDEBUG[0m [2mhyper::proto::h1::conn[0m[2m:[0m incoming body is content-length (557 bytes)
[2m2025-12-10T10:09:19.561916Z[0m [34mDEBUG[0m [2mhyper::proto::h1::conn[0m[2m:[0m incoming body completed
[2m2025-12-10T10:09:19.561928Z[0m [34mDEBUG[0m [2mhyper::client::pool[0m[2m:[0m pooling idle connection for ("http", 192.168.0.14:8545)
[2m2025-12-10T10:09:19.561936Z[0m [34mDEBUG[0m [2methereum_transaction_pool_monitor::eth_client[0m[2m:[0m 📡 Transaction fetch RPC completed in 5.849792ms
[2m2025-12-10T10:09:19.631941Z[0m [34mDEBUG[0m [2methereum_transaction_pool_monitor::eth_client[0m[2m:[0m ✅ Transaction 0x212656d18a70d58740211df2daca907d59f6a12c580e848b048887d0ddc43c43 fetched and parsed in 75.852209ms
[2m2025-12-10T10:09:19.631977Z[0m [34mDEBUG[0m [2methereum_transaction_pool_monitor::mempool_monitor[0m[2m:[0m 🔍 Skipping tx 0x212656d18a70d58740211df2daca907d59f6a12c580e848b048887d0ddc43c43 - not a DEX interaction (target: 0x782115d05A6A484F4eb18ab10f7de684bc667aE7)
[2m2025-12-10T10:09:19.632029Z[0m [34mDEBUG[0m [2mhyper::client::pool[0m[2m:[0m reuse idle connection for ("http", 192.168.0.14:8545)
[2m2025-12-10T10:09:19.632055Z[0m [34mDEBUG[0m [2mhyper::proto::h1::io[0m[2m:[0m flushed 172 bytes
[2m2025-12-10T10:09:19.632064Z[0m [34mDEBUG[0m [2methereum_transaction_pool_monitor::eth_client[0m[2m:[0m 📨 Received WebSocket message: {"jsonrpc":"2.0","method":"eth_subscription","params":{"subscription":"0xbed0a0851463e895960a451075a301a9","result":"0x054a98ba26f0145236eb1aad495f1f7dff5fcae43dd2d858bcc9db83fb7b1eca"}}
[2m2025-12-10T10:09:19.632079Z[0m [34mDEBUG[0m [2methereum_transaction_pool_monitor::eth_client[0m[2m:[0m 📨 Received pending transaction: 0x054a98ba26f0145236eb1aad495f1f7dff5fcae43dd2d858bcc9db83fb7b1eca
[2m2025-12-10T10:09:19.632089Z[0m [34mDEBUG[0m [2methereum_transaction_pool_monitor::eth_client[0m[2m:[0m 📨 Received WebSocket message: {"jsonrpc":"2.0","method":"eth_subscription","params":{"subscription":"0xbed0a0851463e895960a451075a301a9","result":"0xb166675d8fbc512057fc63572d3415ce7934289da4c3bd8beea823c50cc46daa"}}
[2m2025-12-10T10:09:19.632101Z[0m [34mDEBUG[0m [2methereum_transaction_pool_monitor::eth_client[0m[2m:[0m 📨 Received pending transaction: 0xb166675d8fbc512057fc63572d3415ce7934289da4c3bd8beea823c50cc46daa
[2m2025-12-10T10:09:19.632111Z[0m [34mDEBUG[0m [2methereum_transaction_pool_monitor::mempool_monitor[0m[2m:[0m 📨 Processing new pending transaction: 0x054a98ba26f0145236eb1aad495f1f7dff5fcae43dd2d858bcc9db83fb7b1eca
[2m2025-12-10T10:09:19.632121Z[0m [34mDEBUG[0m [2methereum_transaction_pool_monitor::mempool_monitor[0m[2m:[0m 🔍 Fetching transaction details for: 0x054a98ba26f0145236eb1aad495f1f7dff5fcae43dd2d858bcc9db83fb7b1eca
[2m2025-12-10T10:09:19.632126Z[0m [34mDEBUG[0m [2methereum_transaction_pool_monitor::eth_client[0m[2m:[0m 🔍 Fetching transaction details for hash: 0x054a98ba26f0145236eb1aad495f1f7dff5fcae43dd2d858bcc9db83fb7b1eca
[2m2025-12-10T10:09:19.632136Z[0m [34mDEBUG[0m [2mhyper::client::pool[0m[2m:[0m reuse idle connection for ("http", 192.168.0.14:8545)
[2m2025-12-10T10:09:19.632159Z[0m [34mDEBUG[0m [2mhyper::proto::h1::io[0m[2m:[0m flushed 250 bytes
[2m2025-12-10T10:09:19.637912Z[0m [34mDEBUG[0m [2mhyper::proto::h1::io[0m[2m:[0m parsed 4 headers
[2m2025-12-10T10:09:19.637928Z[0m [34mDEBUG[0m [2mhyper::proto::h1::conn[0m[2m:[0m incoming body is content-length (45 bytes)
[2m2025-12-10T10:09:19.637937Z[0m [34mDEBUG[0m [2mhyper::proto::h1::conn[0m[2m:[0m incoming body completed
[2m2025-12-10T10:09:19.637947Z[0m [34mDEBUG[0m [2mhyper::client::pool[0m[2m:[0m pooling idle connection for ("http", 192.168.0.14:8545)
[2m2025-12-10T10:09:19.638592Z[0m [34mDEBUG[0m [2mhyper::proto::h1::io[0m[2m:[0m parsed 4 headers
[2m2025-12-10T10:09:19.638601Z[0m [34mDEBUG[0m [2mhyper::proto::h1::conn[0m[2m:[0m incoming body is content-length (768 bytes)
[2m2025-12-10T10:09:19.638608Z[0m [34mDEBUG[0m [2mhyper::proto::h1::conn[0m[2m:[0m incoming body completed
[2m2025-12-10T10:09:19.638615Z[0m [34mDEBUG[0m [2mhyper::client::pool[0m[2m:[0m pooling idle connection for ("http", 192.168.0.14:8545)
[2m2025-12-10T10:09:19.638621Z[0m [34mDEBUG[0m [2methereum_transaction_pool_monitor::eth_client[0m[2m:[0m 📡 Transaction fetch RPC completed in 6.491ms
[2m2025-12-10T10:09:19.638638Z[0m [34mDEBUG[0m [2methereum_transaction_pool_monitor::eth_client[0m[2m:[0m DeFi transaction detected - Address: 0xdac17f958d2ee523a2206206994597c13d831ec7, Type: Stablecoin, Value: 0 ETH, Gas: 0.23 Gwei
[2m2025-12-10T10:09:19.638652Z[0m [34mDEBUG[0m [2methereum_transaction_pool_monitor::eth_client[0m[2m:[0m ✅ Transaction 0x054a98ba26f0145236eb1aad495f1f7dff5fcae43dd2d858bcc9db83fb7b1eca fetched and parsed in 6.52175ms
[2m2025-12-10T10:09:19.638660Z[0m [34mDEBUG[0m [2methereum_transaction_pool_monitor::mempool_monitor[0m[2m:[0m 🔍 Skipping tx 0x054a98ba26f0145236eb1aad495f1f7dff5fcae43dd2d858bcc9db83fb7b1eca - not a DEX interaction (target: 0xdAC17F958D2ee523a2206206994597C13D831ec7)
[2m2025-12-10T10:09:19.638668Z[0m [34mDEBUG[0m [2methereum_transaction_pool_monitor::mempool_monitor[0m[2m:[0m 📨 Processing new pending transaction: 0xb166675d8fbc512057fc63572d3415ce7934289da4c3bd8beea823c50cc46daa
[2m2025-12-10T10:09:19.638673Z[0m [34mDEBUG[0m [2methereum_transaction_pool_monitor::mempool_monitor[0m[2m:[0m 🔍 Fetching transaction details for: 0xb166675d8fbc512057fc63572d3415ce7934289da4c3bd8beea823c50cc46daa
[2m2025-12-10T10:09:19.638677Z[0m [34mDEBUG[0m [2methereum_transaction_pool_monitor::eth_client[0m[2m:[0m 🔍 Fetching transaction details for hash: 0xb166675d8fbc512057fc63572d3415ce7934289da4c3bd8beea823c50cc46daa
[2m2025-12-10T10:09:19.638692Z[0m [34mDEBUG[0m [2mhyper::client::pool[0m[2m:[0m reuse idle connection for ("http", 192.168.0.14:8545)
[2m2025-12-10T10:09:19.638718Z[0m [34mDEBUG[0m [2mhyper::proto::h1::io[0m[2m:[0m flushed 250 bytes
[2m2025-12-10T10:09:19.648523Z[0m [34mDEBUG[0m [2mhyper::proto::h1::io[0m[2m:[0m parsed 4 headers
[2m2025-12-10T10:09:19.648545Z[0m [34mDEBUG[0m [2mhyper::proto::h1::conn[0m[2m:[0m incoming body is content-length (675 bytes)
[2m2025-12-10T10:09:19.648555Z[0m [34mDEBUG[0m [2mhyper::proto::h1::conn[0m[2m:[0m incoming body completed
[2m2025-12-10T10:09:19.648567Z[0m [34mDEBUG[0m [2mhyper::client::pool[0m[2m:[0m pooling idle connection for ("http", 192.168.0.14:8545)
[2m2025-12-10T10:09:19.648575Z[0m [34mDEBUG[0m [2methereum_transaction_pool_monitor::eth_client[0m[2m:[0m 📡 Transaction fetch RPC completed in 9.894125ms
[2m2025-12-10T10:09:19.648590Z[0m [34mDEBUG[0m [2methereum_transaction_pool_monitor::eth_client[0m[2m:[0m DeFi transaction detected - Address: 0xdac17f958d2ee523a2206206994597c13d831ec7, Type: Stablecoin, Value: 0 ETH, Gas: 0.25 Gwei
[2m2025-12-10T10:09:19.648602Z[0m [34mDEBUG[0m [2methereum_transaction_pool_monitor::eth_client[0m[2m:[0m ✅ Transaction 0xb166675d8fbc512057fc63572d3415ce7934289da4c3bd8beea823c50cc46daa fetched and parsed in 9.921333ms
[2m2025-12-10T10:09:19.648608Z[0m [34mDEBUG[0m [2methereum_transaction_pool_monitor::mempool_monitor[0m[2m:[0m 🔍 Skipping tx 0xb166675d8fbc512057fc63572d3415ce7934289da4c3bd8beea823c50cc46daa - not a DEX interaction (target: 0xdAC17F958D2ee523a2206206994597C13D831ec7)
[2m2025-12-10T10:09:19.665530Z[0m [34mDEBUG[0m [2methereum_transaction_pool_monitor::eth_client[0m[2m:[0m 📨 Received WebSocket message: {"jsonrpc":"2.0","method":"eth_subscription","params":{"subscription":"0xbed0a0851463e895960a451075a301a9","result":"0x6144e14e764f56000b475c0c0f1a4c6e74ff59b1825cbf6d127781c9062d4681"}}
[2m2025-12-10T10:09:19.665564Z[0m [34mDEBUG[0m [2methereum_transaction_pool_monitor::eth_client[0m[2m:[0m 📨 Received pending transaction: 0x6144e14e764f56000b475c0c0f1a4c6e74ff59b1825cbf6d127781c9062d4681
[2m2025-12-10T10:09:19.665576Z[0m [34mDEBUG[0m [2methereum_transaction_pool_monitor::mempool_monitor[0m[2m:[0m 📨 Processing new pending transaction: 0x6144e14e764f56000b475c0c0f1a4c6e74ff59b1825cbf6d127781c9062d4681
[2m2025-12-10T10:09:19.665585Z[0m [34mDEBUG[0m [2methereum_transaction_pool_monitor::mempool_monitor[0m[2m:[0m 🔍 Fetching transaction details for: 0x6144e14e764f56000b475c0c0f1a4c6e74ff59b1825cbf6d127781c9062d4681
[2m2025-12-10T10:09:19.665591Z[0m [34mDEBUG[0m [2methereum_transaction_pool_monitor::eth_client[0m[2m:[0m 🔍 Fetching transaction details for hash: 0x6144e14e764f56000b475c0c0f1a4c6e74ff59b1825cbf6d127781c9062d4681
[2m2025-12-10T10:09:19.665620Z[0m [34mDEBUG[0m [2mhyper::client::pool[0m[2m:[0m reuse idle connection for ("http", 192.168.0.14:8545)
[2m2025-12-10T10:09:19.665648Z[0m [34mDEBUG[0m [2mhyper::proto::h1::io[0m[2m:[0m flushed 250 bytes
[2m2025-12-10T10:09:19.672202Z[0m [34mDEBUG[0m [2mhyper::proto::h1::io[0m[2m:[0m parsed 4 headers
[2m2025-12-10T10:09:19.672213Z[0m [34mDEBUG[0m [2mhyper::proto::h1::conn[0m[2m:[0m incoming body is content-length (768 bytes)
[2m2025-12-10T10:09:19.672221Z[0m [34mDEBUG[0m [2mhyper::proto::h1::conn[0m[2m:[0m incoming body completed
[2m2025-12-10T10:09:19.672232Z[0m [34mDEBUG[0m [2mhyper::client::pool[0m[2m:[0m pooling idle connection for ("http", 192.168.0.14:8545)
[2m2025-12-10T10:09:19.672239Z[0m [34mDEBUG[0m [2methereum_transaction_pool_monitor::eth_client[0m[2m:[0m 📡 Transaction fetch RPC completed in 6.640375ms
[2m2025-12-10T10:09:19.744291Z[0m [34mDEBUG[0m [2methereum_transaction_pool_monitor::eth_client[0m[2m:[0m ✅ Transaction 0x6144e14e764f56000b475c0c0f1a4c6e74ff59b1825cbf6d127781c9062d4681 fetched and parsed in 78.689666ms
[2m2025-12-10T10:09:19.744323Z[0m [34mDEBUG[0m [2methereum_transaction_pool_monitor::mempool_monitor[0m[2m:[0m 🔍 Skipping tx 0x6144e14e764f56000b475c0c0f1a4c6e74ff59b1825cbf6d127781c9062d4681 - not a DEX interaction (target: 0xA0b86991c6218b36c1d19D4a2e9Eb0cE3606eB48)
[2m2025-12-10T10:09:19.744364Z[0m [34mDEBUG[0m [2mhyper::client::pool[0m[2m:[0m reuse idle connection for ("http", 192.168.0.14:8545)
[2m2025-12-10T10:09:19.744420Z[0m [34mDEBUG[0m [2mhyper::proto::h1::io[0m[2m:[0m flushed 172 bytes
[2m2025-12-10T10:09:19.744460Z[0m [34mDEBUG[0m [2methereum_transaction_pool_monitor::eth_client[0m[2m:[0m 📨 Received WebSocket message: {"jsonrpc":"2.0","method":"eth_subscription","params":{"subscription":"0xbed0a0851463e895960a451075a301a9","result":"0x073f4aa0786dc02d161c1cb9c460a856bbbc79d7985297b7323277ab2fb6ac04"}}
[2m2025-12-10T10:09:19.744471Z[0m [34mDEBUG[0m [2methereum_transaction_pool_monitor::eth_client[0m[2m:[0m 📨 Received pending transaction: 0x073f4aa0786dc02d161c1cb9c460a856bbbc79d7985297b7323277ab2fb6ac04
[2m2025-12-10T10:09:19.744480Z[0m [34mDEBUG[0m [2methereum_transaction_pool_monitor::mempool_monitor[0m[2m:[0m 📨 Processing new pending transaction: 0x073f4aa0786dc02d161c1cb9c460a856bbbc79d7985297b7323277ab2fb6ac04
[2m2025-12-10T10:09:19.744486Z[0m [34mDEBUG[0m [2methereum_transaction_pool_monitor::mempool_monitor[0m[2m:[0m 🔍 Fetching transaction details for: 0x073f4aa0786dc02d161c1cb9c460a856bbbc79d7985297b7323277ab2fb6ac04
[2m2025-12-10T10:09:19.744492Z[0m [34mDEBUG[0m [2methereum_transaction_pool_monitor::eth_client[0m[2m:[0m 🔍 Fetching transaction details for hash: 0x073f4aa0786dc02d161c1cb9c460a856bbbc79d7985297b7323277ab2fb6ac04
[2m2025-12-10T10:09:19.744509Z[0m [34mDEBUG[0m [2mhyper::client::pool[0m[2m:[0m reuse idle connection for ("http", 192.168.0.14:8545)
[2m2025-12-10T10:09:19.744527Z[0m [34mDEBUG[0m [2mhyper::proto::h1::io[0m[2m:[0m flushed 250 bytes
[2m2025-12-10T10:09:19.750449Z[0m [34mDEBUG[0m [2mhyper::proto::h1::io[0m[2m:[0m parsed 4 headers
[2m2025-12-10T10:09:19.750455Z[0m [34mDEBUG[0m [2mhyper::proto::h1::conn[0m[2m:[0m incoming body is content-length (45 bytes)
[2m2025-12-10T10:09:19.750464Z[0m [34mDEBUG[0m [2mhyper::proto::h1::conn[0m[2m:[0m incoming body completed
[2m2025-12-10T10:09:19.750472Z[0m [34mDEBUG[0m [2mhyper::client::pool[0m[2m:[0m pooling idle connection for ("http", 192.168.0.14:8545)
[2m2025-12-10T10:09:19.751106Z[0m [34mDEBUG[0m [2mhyper::proto::h1::io[0m[2m:[0m parsed 4 headers
[2m2025-12-10T10:09:19.751112Z[0m [34mDEBUG[0m [2mhyper::proto::h1::conn[0m[2m:[0m incoming body is content-length (830 bytes)
[2m2025-12-10T10:09:19.751118Z[0m [34mDEBUG[0m [2mhyper::proto::h1::conn[0m[2m:[0m incoming body completed
[2m2025-12-10T10:09:19.751123Z[0m [34mDEBUG[0m [2mhyper::client::pool[0m[2m:[0m pooling idle connection for ("http", 192.168.0.14:8545)
[2m2025-12-10T10:09:19.751128Z[0m [34mDEBUG[0m [2methereum_transaction_pool_monitor::eth_client[0m[2m:[0m 📡 Transaction fetch RPC completed in 6.628083ms
[2m2025-12-10T10:09:19.822427Z[0m [34mDEBUG[0m [2methereum_transaction_pool_monitor::eth_client[0m[2m:[0m ✅ Transaction 0x073f4aa0786dc02d161c1cb9c460a856bbbc79d7985297b7323277ab2fb6ac04 fetched and parsed in 77.924958ms
[2m2025-12-10T10:09:19.822456Z[0m [34mDEBUG[0m [2methereum_transaction_pool_monitor::mempool_monitor[0m[2m:[0m 🔍 Skipping tx 0x073f4aa0786dc02d161c1cb9c460a856bbbc79d7985297b7323277ab2fb6ac04 - not a DEX interaction (target: 0x3B4D794a66304F130a4Db8F2551B0070dfCf5ca7)
[2m2025-12-10T10:09:19.822500Z[0m [34mDEBUG[0m [2mhyper::client::pool[0m[2m:[0m reuse idle connection for ("http", 192.168.0.14:8545)
[2m2025-12-10T10:09:19.822550Z[0m [34mDEBUG[0m [2mhyper::proto::h1::io[0m[2m:[0m flushed 172 bytes
[2m2025-12-10T10:09:19.822552Z[0m [34mDEBUG[0m [2methereum_transaction_pool_monitor::eth_client[0m[2m:[0m 📨 Received WebSocket message: {"jsonrpc":"2.0","method":"eth_subscription","params":{"subscription":"0xbed0a0851463e895960a451075a301a9","result":"0x8fe46cad226db9afd009d966a145c6abc45f9828b932cc76c77ecbaddb9834fb"}}
[2m2025-12-10T10:09:19.822583Z[0m [34mDEBUG[0m [2methereum_transaction_pool_monitor::eth_client[0m[2m:[0m 📨 Received pending transaction: 0x8fe46cad226db9afd009d966a145c6abc45f9828b932cc76c77ecbaddb9834fb
[2m2025-12-10T10:09:19.822592Z[0m [34mDEBUG[0m [2methereum_transaction_pool_monitor::mempool_monitor[0m[2m:[0m 📨 Processing new pending transaction: 0x8fe46cad226db9afd009d966a145c6abc45f9828b932cc76c77ecbaddb9834fb
[2m2025-12-10T10:09:19.822599Z[0m [34mDEBUG[0m [2methereum_transaction_pool_monitor::mempool_monitor[0m[2m:[0m 🔍 Fetching transaction details for: 0x8fe46cad226db9afd009d966a145c6abc45f9828b932cc76c77ecbaddb9834fb
[2m2025-12-10T10:09:19.822605Z[0m [34mDEBUG[0m [2methereum_transaction_pool_monitor::eth_client[0m[2m:[0m 🔍 Fetching transaction details for hash: 0x8fe46cad226db9afd009d966a145c6abc45f9828b932cc76c77ecbaddb9834fb
[2m2025-12-10T10:09:19.822616Z[0m [34mDEBUG[0m [2mhyper::client::pool[0m[2m:[0m reuse idle connection for ("http", 192.168.0.14:8545)
[2m2025-12-10T10:09:19.822634Z[0m [34mDEBUG[0m [2mhyper::proto::h1::io[0m[2m:[0m flushed 250 bytes
[2m2025-12-10T10:09:19.828114Z[0m [34mDEBUG[0m [2mhyper::proto::h1::io[0m[2m:[0m parsed 4 headers
[2m2025-12-10T10:09:19.828129Z[0m [34mDEBUG[0m [2mhyper::proto::h1::conn[0m[2m:[0m incoming body is content-length (45 bytes)
[2m2025-12-10T10:09:19.828138Z[0m [34mDEBUG[0m [2mhyper::proto::h1::conn[0m[2m:[0m incoming body completed
[2m2025-12-10T10:09:19.828148Z[0m [34mDEBUG[0m [2mhyper::client::pool[0m[2m:[0m pooling idle connection for ("http", 192.168.0.14:8545)
[2m2025-12-10T10:09:19.829933Z[0m [34mDEBUG[0m [2mhyper::proto::h1::io[0m[2m:[0m parsed 4 headers
[2m2025-12-10T10:09:19.829944Z[0m [34mDEBUG[0m [2mhyper::proto::h1::conn[0m[2m:[0m incoming body is content-length (1731 bytes)
[2m2025-12-10T10:09:19.829953Z[0m [34mDEBUG[0m [2mhyper::proto::h1::conn[0m[2m:[0m incoming body completed
[2m2025-12-10T10:09:19.829962Z[0m [34mDEBUG[0m [2mhyper::client::pool[0m[2m:[0m pooling idle connection for ("http", 192.168.0.14:8545)
[2m2025-12-10T10:09:19.829968Z[0m [34mDEBUG[0m [2methereum_transaction_pool_monitor::eth_client[0m[2m:[0m 📡 Transaction fetch RPC completed in 7.358458ms
[2m2025-12-10T10:09:19.901477Z[0m [34mDEBUG[0m [2methereum_transaction_pool_monitor::eth_client[0m[2m:[0m ✅ Transaction 0x8fe46cad226db9afd009d966a145c6abc45f9828b932cc76c77ecbaddb9834fb fetched and parsed in 78.864292ms
[2m2025-12-10T10:09:19.901506Z[0m [34mDEBUG[0m [2methereum_transaction_pool_monitor::mempool_monitor[0m[2m:[0m 🔍 Skipping tx 0x8fe46cad226db9afd009d966a145c6abc45f9828b932cc76c77ecbaddb9834fb - not a DEX interaction (target: 0x601a2aD6CB5949f0529735254189Ba3194221EDF)
[2m2025-12-10T10:09:19.901556Z[0m [34mDEBUG[0m [2mhyper::client::pool[0m[2m:[0m reuse idle connection for ("http", 192.168.0.14:8545)
[2m2025-12-10T10:09:19.901600Z[0m [34mDEBUG[0m [2mhyper::proto::h1::io[0m[2m:[0m flushed 172 bytes
[2m2025-12-10T10:09:19.906924Z[0m [34mDEBUG[0m [2mhyper::proto::h1::io[0m[2m:[0m parsed 4 headers
[2m2025-12-10T10:09:19.906930Z[0m [34mDEBUG[0m [2mhyper::proto::h1::conn[0m[2m:[0m incoming body is content-length (45 bytes)
[2m2025-12-10T10:09:19.906938Z[0m [34mDEBUG[0m [2mhyper::proto::h1::conn[0m[2m:[0m incoming body completed
[2m2025-12-10T10:09:19.906945Z[0m [34mDEBUG[0m [2mhyper::client::pool[0m[2m:[0m pooling idle connection for ("http", 192.168.0.14:8545)
[2m2025-12-10T10:09:19.997011Z[0m [34mDEBUG[0m [2mhyper::client::pool[0m[2m:[0m reuse idle connection for ("http", 192.168.0.14:8545)
[2m2025-12-10T10:09:19.997063Z[0m [34mDEBUG[0m [2mhyper::proto::h1::io[0m[2m:[0m flushed 172 bytes
[2m2025-12-10T10:09:19.999994Z[0m [34mDEBUG[0m [2mhyper::proto::h1::io[0m[2m:[0m parsed 4 headers
[2m2025-12-10T10:09:20.000004Z[0m [34mDEBUG[0m [2mhyper::proto::h1::conn[0m[2m:[0m incoming body is content-length (45 bytes)
[2m2025-12-10T10:09:20.000013Z[0m [34mDEBUG[0m [2mhyper::proto::h1::conn[0m[2m:[0m incoming body completed
[2m2025-12-10T10:09:20.000023Z[0m [34mDEBUG[0m [2mhyper::client::pool[0m[2m:[0m pooling idle connection for ("http", 192.168.0.14:8545)
[2m2025-12-10T10:09:20.035359Z[0m [34mDEBUG[0m [2methereum_transaction_pool_monitor::eth_client[0m[2m:[0m 📨 Received WebSocket message: {"jsonrpc":"2.0","method":"eth_subscription","params":{"subscription":"0xbed0a0851463e895960a451075a301a9","result":"0x12f2eb689e99dc0827a367cab5964c47f16a78be25243488c93a08a25db0c152"}}
[2m2025-12-10T10:09:20.035376Z[0m [34mDEBUG[0m [2methereum_transaction_pool_monitor::eth_client[0m[2m:[0m 📨 Received pending transaction: 0x12f2eb689e99dc0827a367cab5964c47f16a78be25243488c93a08a25db0c152
[2m2025-12-10T10:09:20.035388Z[0m [34mDEBUG[0m [2methereum_transaction_pool_monitor::mempool_monitor[0m[2m:[0m 📨 Processing new pending transaction: 0x12f2eb689e99dc0827a367cab5964c47f16a78be25243488c93a08a25db0c152
[2m2025-12-10T10:09:20.035395Z[0m [34mDEBUG[0m [2methereum_transaction_pool_monitor::mempool_monitor[0m[2m:[0m 🔍 Fetching transaction details for: 0x12f2eb689e99dc0827a367cab5964c47f16a78be25243488c93a08a25db0c152
[2m2025-12-10T10:09:20.035401Z[0m [34mDEBUG[0m [2methereum_transaction_pool_monitor::eth_client[0m[2m:[0m 🔍 Fetching transaction details for hash: 0x12f2eb689e99dc0827a367cab5964c47f16a78be25243488c93a08a25db0c152
[2m2025-12-10T10:09:20.035424Z[0m [34mDEBUG[0m [2mhyper::client::pool[0m[2m:[0m reuse idle connection for ("http", 192.168.0.14:8545)
[2m2025-12-10T10:09:20.035449Z[0m [34mDEBUG[0m [2mhyper::proto::h1::io[0m[2m:[0m flushed 250 bytes
[2m2025-12-10T10:09:20.040314Z[0m [34mDEBUG[0m [2mhyper::proto::h1::io[0m[2m:[0m parsed 4 headers
[2m2025-12-10T10:09:20.040325Z[0m [34mDEBUG[0m [2mhyper::proto::h1::conn[0m[2m:[0m incoming body is content-length (712 bytes)
[2m2025-12-10T10:09:20.040337Z[0m [34mDEBUG[0m [2mhyper::proto::h1::conn[0m[2m:[0m incoming body completed
[2m2025-12-10T10:09:20.040353Z[0m [34mDEBUG[0m [2mhyper::client::pool[0m[2m:[0m pooling idle connection for ("http", 192.168.0.14:8545)
[2m2025-12-10T10:09:20.040363Z[0m [34mDEBUG[0m [2methereum_transaction_pool_monitor::eth_client[0m[2m:[0m 📡 Transaction fetch RPC completed in 4.956166ms
[2m2025-12-10T10:09:20.120729Z[0m [34mDEBUG[0m [2methereum_transaction_pool_monitor::eth_client[0m[2m:[0m ✅ Transaction 0x12f2eb689e99dc0827a367cab5964c47f16a78be25243488c93a08a25db0c152 fetched and parsed in 85.319666ms
[2m2025-12-10T10:09:20.120761Z[0m [34mDEBUG[0m [2methereum_transaction_pool_monitor::mempool_monitor[0m[2m:[0m 🔍 Skipping tx 0x12f2eb689e99dc0827a367cab5964c47f16a78be25243488c93a08a25db0c152 - not a DEX interaction (target: 0xadf5E2b9977Ec5707D89f0179B65f0A111D9b71e)
[2m2025-12-10T10:09:20.120811Z[0m [34mDEBUG[0m [2mhyper::client::pool[0m[2m:[0m reuse idle connection for ("http", 192.168.0.14:8545)
[2m2025-12-10T10:09:20.120849Z[0m [34mDEBUG[0m [2mhyper::proto::h1::io[0m[2m:[0m flushed 172 bytes
[2m2025-12-10T10:09:20.125531Z[0m [34mDEBUG[0m [2mhyper::proto::h1::io[0m[2m:[0m parsed 4 headers
[2m2025-12-10T10:09:20.125556Z[0m [34mDEBUG[0m [2mhyper::proto::h1::conn[0m[2m:[0m incoming body is content-length (45 bytes)
[2m2025-12-10T10:09:20.125584Z[0m [34mDEBUG[0m [2mhyper::proto::h1::conn[0m[2m:[0m incoming body completed
[2m2025-12-10T10:09:20.125604Z[0m [34mDEBUG[0m [2mhyper::client::pool[0m[2m:[0m pooling idle connection for ("http", 192.168.0.14:8545)
[2m2025-12-10T10:09:20.197700Z[0m [34mDEBUG[0m [2mhyper::client::pool[0m[2m:[0m reuse idle connection for ("http", 192.168.0.14:8545)
[2m2025-12-10T10:09:20.197825Z[0m [34mDEBUG[0m [2mhyper::proto::h1::io[0m[2m:[0m flushed 172 bytes
[2m2025-12-10T10:09:20.201672Z[0m [34mDEBUG[0m [2mhyper::proto::h1::io[0m[2m:[0m parsed 4 headers
[2m2025-12-10T10:09:20.201713Z[0m [34mDEBUG[0m [2mhyper::proto::h1::conn[0m[2m:[0m incoming body is content-length (45 bytes)
[2m2025-12-10T10:09:20.201727Z[0m [34mDEBUG[0m [2mhyper::proto::h1::conn[0m[2m:[0m incoming body completed
[2m2025-12-10T10:09:20.201744Z[0m [34mDEBUG[0m [2mhyper::client::pool[0m[2m:[0m pooling idle connection for ("http", 192.168.0.14:8545)
[2m2025-12-10T10:09:20.208523Z[0m [34mDEBUG[0m [2methereum_transaction_pool_monitor::eth_client[0m[2m:[0m 📨 Received WebSocket message: {"jsonrpc":"2.0","method":"eth_subscription","params":{"subscription":"0xbed0a0851463e895960a451075a301a9","result":"0xdb20b37d3ed175c1ca0c04f2edad55fbb1a661928495dba865f3043062ce453c"}}
[2m2025-12-10T10:09:20.208609Z[0m [34mDEBUG[0m [2methereum_transaction_pool_monitor::eth_client[0m[2m:[0m 📨 Received pending transaction: 0xdb20b37d3ed175c1ca0c04f2edad55fbb1a661928495dba865f3043062ce453c
[2m2025-12-10T10:09:20.208621Z[0m [34mDEBUG[0m [2methereum_transaction_pool_monitor::mempool_monitor[0m[2m:[0m 📨 Processing new pending transaction: 0xdb20b37d3ed175c1ca0c04f2edad55fbb1a661928495dba865f3043062ce453c
[2m2025-12-10T10:09:20.208628Z[0m [34mDEBUG[0m [2methereum_transaction_pool_monitor::mempool_monitor[0m[2m:[0m 🔍 Fetching transaction details for: 0xdb20b37d3ed175c1ca0c04f2edad55fbb1a661928495dba865f3043062ce453c
[2m2025-12-10T10:09:20.208633Z[0m [34mDEBUG[0m [2methereum_transaction_pool_monitor::eth_client[0m[2m:[0m 🔍 Fetching transaction details for hash: 0xdb20b37d3ed175c1ca0c04f2edad55fbb1a661928495dba865f3043062ce453c
[2m2025-12-10T10:09:20.208657Z[0m [34mDEBUG[0m [2mhyper::client::pool[0m[2m:[0m reuse idle connection for ("http", 192.168.0.14:8545)
[2m2025-12-10T10:09:20.208693Z[0m [34mDEBUG[0m [2mhyper::proto::h1::io[0m[2m:[0m flushed 250 bytes
[2m2025-12-10T10:09:20.214023Z[0m [34mDEBUG[0m [2mhyper::proto::h1::io[0m[2m:[0m parsed 4 headers
[2m2025-12-10T10:09:20.214053Z[0m [34mDEBUG[0m [2mhyper::proto::h1::conn[0m[2m:[0m incoming body is content-length (768 bytes)
[2m2025-12-10T10:09:20.214064Z[0m [34mDEBUG[0m [2mhyper::proto::h1::conn[0m[2m:[0m incoming body completed
[2m2025-12-10T10:09:20.214080Z[0m [34mDEBUG[0m [2mhyper::client::pool[0m[2m:[0m pooling idle connection for ("http", 192.168.0.14:8545)
[2m2025-12-10T10:09:20.214089Z[0m [34mDEBUG[0m [2methereum_transaction_pool_monitor::eth_client[0m[2m:[0m 📡 Transaction fetch RPC completed in 5.451916ms
[2m2025-12-10T10:09:20.214110Z[0m [34mDEBUG[0m [2methereum_transaction_pool_monitor::eth_client[0m[2m:[0m DeFi transaction detected - Address: 0xdac17f958d2ee523a2206206994597c13d831ec7, Type: Stablecoin, Value: 0 ETH, Gas: 0.27 Gwei
[2m2025-12-10T10:09:20.214125Z[0m [34mDEBUG[0m [2methereum_transaction_pool_monitor::eth_client[0m[2m:[0m ✅ Transaction 0xdb20b37d3ed175c1ca0c04f2edad55fbb1a661928495dba865f3043062ce453c fetched and parsed in 5.487625ms
[2m2025-12-10T10:09:20.214133Z[0m [34mDEBUG[0m [2methereum_transaction_pool_monitor::mempool_monitor[0m[2m:[0m 🔍 Skipping tx 0xdb20b37d3ed175c1ca0c04f2edad55fbb1a661928495dba865f3043062ce453c - not a DEX interaction (target: 0xdAC17F958D2ee523a2206206994597C13D831ec7)
[2m2025-12-10T10:09:20.251707Z[0m [34mDEBUG[0m [2methereum_transaction_pool_monitor::eth_client[0m[2m:[0m 📨 Received WebSocket message: {"jsonrpc":"2.0","method":"eth_subscription","params":{"subscription":"0xbed0a0851463e895960a451075a301a9","result":"0x29d3d848209b042c2bdd893a66a60b87e7d86d4f323689aed5be043616aae079"}}
[2m2025-12-10T10:09:20.251745Z[0m [34mDEBUG[0m [2methereum_transaction_pool_monitor::eth_client[0m[2m:[0m 📨 Received pending transaction: 0x29d3d848209b042c2bdd893a66a60b87e7d86d4f323689aed5be043616aae079
[2m2025-12-10T10:09:20.251770Z[0m [34mDEBUG[0m [2methereum_transaction_pool_monitor::mempool_monitor[0m[2m:[0m 📨 Processing new pending transaction: 0x29d3d848209b042c2bdd893a66a60b87e7d86d4f323689aed5be043616aae079
[2m2025-12-10T10:09:20.251776Z[0m [34mDEBUG[0m [2methereum_transaction_pool_monitor::mempool_monitor[0m[2m:[0m 🔍 Fetching transaction details for: 0x29d3d848209b042c2bdd893a66a60b87e7d86d4f323689aed5be043616aae079
[2m2025-12-10T10:09:20.251780Z[0m [34mDEBUG[0m [2methereum_transaction_pool_monitor::eth_client[0m[2m:[0m 🔍 Fetching transaction details for hash: 0x29d3d848209b042c2bdd893a66a60b87e7d86d4f323689aed5be043616aae079
[2m2025-12-10T10:09:20.251807Z[0m [34mDEBUG[0m [2mhyper::client::pool[0m[2m:[0m reuse idle connection for ("http", 192.168.0.14:8545)
[2m2025-12-10T10:09:20.251834Z[0m [34mDEBUG[0m [2mhyper::proto::h1::io[0m[2m:[0m flushed 250 bytes
[2m2025-12-10T10:09:20.258620Z[0m [34mDEBUG[0m [2mhyper::proto::h1::io[0m[2m:[0m parsed 4 headers
[2m2025-12-10T10:09:20.258631Z[0m [34mDEBUG[0m [2mhyper::proto::h1::conn[0m[2m:[0m incoming body is content-length (1726 bytes)
[2m2025-12-10T10:09:20.258640Z[0m [34mDEBUG[0m [2mhyper::proto::h1::conn[0m[2m:[0m incoming body completed
[2m2025-12-10T10:09:20.258651Z[0m [34mDEBUG[0m [2mhyper::client::pool[0m[2m:[0m pooling idle connection for ("http", 192.168.0.14:8545)
[2m2025-12-10T10:09:20.258659Z[0m [34mDEBUG[0m [2methereum_transaction_pool_monitor::eth_client[0m[2m:[0m 📡 Transaction fetch RPC completed in 6.8745ms
[2m2025-12-10T10:09:20.329609Z[0m [34mDEBUG[0m [2methereum_transaction_pool_monitor::eth_client[0m[2m:[0m ✅ Transaction 0x29d3d848209b042c2bdd893a66a60b87e7d86d4f323689aed5be043616aae079 fetched and parsed in 77.82175ms
[2m2025-12-10T10:09:20.329630Z[0m [34mDEBUG[0m [2methereum_transaction_pool_monitor::mempool_monitor[0m[2m:[0m 🔍 Skipping tx 0x29d3d848209b042c2bdd893a66a60b87e7d86d4f323689aed5be043616aae079 - not a DEX interaction (target: 0x0a992d191DEeC32aFe36203Ad87D7d289a738F81)
[2m2025-12-10T10:09:20.329674Z[0m [34mDEBUG[0m [2mhyper::client::pool[0m[2m:[0m reuse idle connection for ("http", 192.168.0.14:8545)
[2m2025-12-10T10:09:20.329696Z[0m [34mDEBUG[0m [2methereum_transaction_pool_monitor::eth_client[0m[2m:[0m 📨 Received WebSocket message: {"jsonrpc":"2.0","method":"eth_subscription","params":{"subscription":"0xbed0a0851463e895960a451075a301a9","result":"0xeface34faa2420497279f0f0f715dd7f1311d9a465c3d40846b6ef758328b648"}}
[2m2025-12-10T10:09:20.329702Z[0m [34mDEBUG[0m [2mhyper::proto::h1::io[0m[2m:[0m flushed 172 bytes
[2m2025-12-10T10:09:20.329709Z[0m [34mDEBUG[0m [2methereum_transaction_pool_monitor::eth_client[0m[2m:[0m 📨 Received pending transaction: 0xeface34faa2420497279f0f0f715dd7f1311d9a465c3d40846b6ef758328b648
[2m2025-12-10T10:09:20.329718Z[0m [34mDEBUG[0m [2methereum_transaction_pool_monitor::eth_client[0m[2m:[0m 📨 Received WebSocket message: {"jsonrpc":"2.0","method":"eth_subscription","params":{"subscription":"0xbed0a0851463e895960a451075a301a9","result":"0x7b73607a9087d17535b4649f3464fc09208abe241a09c55e700cc5578ecd9aa6"}}
[2m2025-12-10T10:09:20.329724Z[0m [34mDEBUG[0m [2methereum_transaction_pool_monitor::eth_client[0m[2m:[0m 📨 Received pending transaction: 0x7b73607a9087d17535b4649f3464fc09208abe241a09c55e700cc5578ecd9aa6
[2m2025-12-10T10:09:20.329729Z[0m [34mDEBUG[0m [2methereum_transaction_pool_monitor::eth_client[0m[2m:[0m 📨 Received WebSocket message: {"jsonrpc":"2.0","method":"eth_subscription","params":{"subscription":"0xbed0a0851463e895960a451075a301a9","result":"0xe0fd97216d3eafb52cf6ad687bcb0210089b295bb85ad97888b1677ea5af0815"}}
[2m2025-12-10T10:09:20.329734Z[0m [34mDEBUG[0m [2methereum_transaction_pool_monitor::eth_client[0m[2m:[0m 📨 Received pending transaction: 0xe0fd97216d3eafb52cf6ad687bcb0210089b295bb85ad97888b1677ea5af0815
[2m2025-12-10T10:09:20.329739Z[0m [34mDEBUG[0m [2methereum_transaction_pool_monitor::mempool_monitor[0m[2m:[0m 📨 Processing new pending transaction: 0xeface34faa2420497279f0f0f715dd7f1311d9a465c3d40846b6ef758328b648
[2m2025-12-10T10:09:20.329743Z[0m [34mDEBUG[0m [2methereum_transaction_pool_monitor::mempool_monitor[0m[2m:[0m 🔍 Fetching transaction details for: 0xeface34faa2420497279f0f0f715dd7f1311d9a465c3d40846b6ef758328b648
[2m2025-12-10T10:09:20.329747Z[0m [34mDEBUG[0m [2methereum_transaction_pool_monitor::eth_client[0m[2m:[0m 🔍 Fetching transaction details for hash: 0xeface34faa2420497279f0f0f715dd7f1311d9a465c3d40846b6ef758328b648
[2m2025-12-10T10:09:20.329757Z[0m [34mDEBUG[0m [2mhyper::client::pool[0m[2m:[0m reuse idle connection for ("http", 192.168.0.14:8545)
[2m2025-12-10T10:09:20.329777Z[0m [34mDEBUG[0m [2mhyper::proto::h1::io[0m[2m:[0m flushed 250 bytes
[2m2025-12-10T10:09:20.335101Z[0m [34mDEBUG[0m [2mhyper::proto::h1::io[0m[2m:[0m parsed 4 headers
[2m2025-12-10T10:09:20.335109Z[0m [34mDEBUG[0m [2mhyper::proto::h1::conn[0m[2m:[0m incoming body is content-length (45 bytes)
[2m2025-12-10T10:09:20.335117Z[0m [34mDEBUG[0m [2mhyper::proto::h1::conn[0m[2m:[0m incoming body completed
[2m2025-12-10T10:09:20.335126Z[0m [34mDEBUG[0m [2mhyper::client::pool[0m[2m:[0m pooling idle connection for ("http", 192.168.0.14:8545)
[2m2025-12-10T10:09:20.337147Z[0m [34mDEBUG[0m [2mhyper::proto::h1::io[0m[2m:[0m parsed 4 headers
[2m2025-12-10T10:09:20.337174Z[0m [34mDEBUG[0m [2mhyper::proto::h1::conn[0m[2m:[0m incoming body is content-length (1731 bytes)
[2m2025-12-10T10:09:20.337181Z[0m [34mDEBUG[0m [2mhyper::proto::h1::conn[0m[2m:[0m incoming body completed
[2m2025-12-10T10:09:20.337204Z[0m [34mDEBUG[0m [2mhyper::client::pool[0m[2m:[0m pooling idle connection for ("http", 192.168.0.14:8545)
[2m2025-12-10T10:09:20.337212Z[0m [34mDEBUG[0m [2methereum_transaction_pool_monitor::eth_client[0m[2m:[0m 📡 Transaction fetch RPC completed in 7.460791ms
[2m2025-12-10T10:09:20.408444Z[0m [34mDEBUG[0m [2methereum_transaction_pool_monitor::eth_client[0m[2m:[0m ✅ Transaction 0xeface34faa2420497279f0f0f715dd7f1311d9a465c3d40846b6ef758328b648 fetched and parsed in 78.690125ms
[2m2025-12-10T10:09:20.408473Z[0m [34mDEBUG[0m [2methereum_transaction_pool_monitor::mempool_monitor[0m[2m:[0m 🔍 Skipping tx 0xeface34faa2420497279f0f0f715dd7f1311d9a465c3d40846b6ef758328b648 - not a DEX interaction (target: 0x601a2aD6CB5949f0529735254189Ba3194221EDF)
[2m2025-12-10T10:09:20.408485Z[0m [34mDEBUG[0m [2methereum_transaction_pool_monitor::mempool_monitor[0m[2m:[0m 📨 Processing new pending transaction: 0x7b73607a9087d17535b4649f3464fc09208abe241a09c55e700cc5578ecd9aa6
[2m2025-12-10T10:09:20.408492Z[0m [34mDEBUG[0m [2methereum_transaction_pool_monitor::mempool_monitor[0m[2m:[0m 🔍 Fetching transaction details for: 0x7b73607a9087d17535b4649f3464fc09208abe241a09c55e700cc5578ecd9aa6
[2m2025-12-10T10:09:20.408497Z[0m [34mDEBUG[0m [2methereum_transaction_pool_monitor::eth_client[0m[2m:[0m 🔍 Fetching transaction details for hash: 0x7b73607a9087d17535b4649f3464fc09208abe241a09c55e700cc5578ecd9aa6
[2m2025-12-10T10:09:20.408521Z[0m [34mDEBUG[0m [2mhyper::client::pool[0m[2m:[0m reuse idle connection for ("http", 192.168.0.14:8545)
[2m2025-12-10T10:09:20.408569Z[0m [34mDEBUG[0m [2mhyper::proto::h1::io[0m[2m:[0m flushed 250 bytes
[2m2025-12-10T10:09:20.408590Z[0m [34mDEBUG[0m [2mhyper::client::pool[0m[2m:[0m reuse idle connection for ("http", 192.168.0.14:8545)
[2m2025-12-10T10:09:20.408604Z[0m [34mDEBUG[0m [2mhyper::proto::h1::io[0m[2m:[0m flushed 172 bytes
[2m2025-12-10T10:09:20.408653Z[0m [34mDEBUG[0m [2methereum_transaction_pool_monitor::eth_client[0m[2m:[0m 📨 Received WebSocket message: {"jsonrpc":"2.0","method":"eth_subscription","params":{"subscription":"0xbed0a0851463e895960a451075a301a9","result":"0x05a51236c816d3578033a36e1868aa0fdd1b9db82cb19ea26050d8e40bcb92ed"}}
[2m2025-12-10T10:09:20.408662Z[0m [34mDEBUG[0m [2methereum_transaction_pool_monitor::eth_client[0m[2m:[0m 📨 Received pending transaction: 0x05a51236c816d3578033a36e1868aa0fdd1b9db82cb19ea26050d8e40bcb92ed
[2m2025-12-10T10:09:20.415288Z[0m [34mDEBUG[0m [2mhyper::proto::h1::io[0m[2m:[0m parsed 4 headers
[2m2025-12-10T10:09:20.415300Z[0m [34mDEBUG[0m [2mhyper::proto::h1::conn[0m[2m:[0m incoming body is content-length (45 bytes)
[2m2025-12-10T10:09:20.415310Z[0m [34mDEBUG[0m [2mhyper::proto::h1::conn[0m[2m:[0m incoming body completed
[2m2025-12-10T10:09:20.415318Z[0m [34mDEBUG[0m [2mhyper::client::pool[0m[2m:[0m pooling idle connection for ("http", 192.168.0.14:8545)
[2m2025-12-10T10:09:20.415854Z[0m [34mDEBUG[0m [2mhyper::proto::h1::io[0m[2m:[0m parsed 4 headers
[2m2025-12-10T10:09:20.415862Z[0m [34mDEBUG[0m [2mhyper::proto::h1::conn[0m[2m:[0m incoming body is content-length (644 bytes)
[2m2025-12-10T10:09:20.415868Z[0m [34mDEBUG[0m [2mhyper::proto::h1::conn[0m[2m:[0m incoming body completed
[2m2025-12-10T10:09:20.415874Z[0m [34mDEBUG[0m [2mhyper::client::pool[0m[2m:[0m pooling idle connection for ("http", 192.168.0.14:8545)
[2m2025-12-10T10:09:20.415882Z[0m [34mDEBUG[0m [2methereum_transaction_pool_monitor::eth_client[0m[2m:[0m 📡 Transaction fetch RPC completed in 7.380875ms
[2m2025-12-10T10:09:20.486817Z[0m [34mDEBUG[0m [2methereum_transaction_pool_monitor::eth_client[0m[2m:[0m ✅ Transaction 0x7b73607a9087d17535b4649f3464fc09208abe241a09c55e700cc5578ecd9aa6 fetched and parsed in 78.312584ms
[2m2025-12-10T10:09:20.487231Z[0m [34mDEBUG[0m [2methereum_transaction_pool_monitor::mempool_monitor[0m[2m:[0m 🔍 Skipping tx 0x7b73607a9087d17535b4649f3464fc09208abe241a09c55e700cc5578ecd9aa6 - not a DEX interaction (target: 0x45bB7D117fCa8cD760A99A0bF50590FFa61C987a)
[2m2025-12-10T10:09:20.487247Z[0m [34mDEBUG[0m [2methereum_transaction_pool_monitor::mempool_monitor[0m[2m:[0m 📨 Processing new pending transaction: 0xe0fd97216d3eafb52cf6ad687bcb0210089b295bb85ad97888b1677ea5af0815
[2m2025-12-10T10:09:20.487254Z[0m [34mDEBUG[0m [2methereum_transaction_pool_monitor::mempool_monitor[0m[2m:[0m 🔍 Fetching transaction details for: 0xe0fd97216d3eafb52cf6ad687bcb0210089b295bb85ad97888b1677ea5af0815
[2m2025-12-10T10:09:20.487259Z[0m [34mDEBUG[0m [2methereum_transaction_pool_monitor::eth_client[0m[2m:[0m 🔍 Fetching transaction details for hash: 0xe0fd97216d3eafb52cf6ad687bcb0210089b295bb85ad97888b1677ea5af0815
[2m2025-12-10T10:09:20.487290Z[0m [34mDEBUG[0m [2mhyper::client::pool[0m[2m:[0m reuse idle connection for ("http", 192.168.0.14:8545)
[2m2025-12-10T10:09:20.487366Z[0m [34mDEBUG[0m [2mhyper::proto::h1::io[0m[2m:[0m flushed 250 bytes
[2m2025-12-10T10:09:20.493586Z[0m [34mDEBUG[0m [2mhyper::proto::h1::io[0m[2m:[0m parsed 4 headers
[2m2025-12-10T10:09:20.493595Z[0m [34mDEBUG[0m [2mhyper::proto::h1::conn[0m[2m:[0m incoming body is content-length (1802 bytes)
[2m2025-12-10T10:09:20.493608Z[0m [34mDEBUG[0m [2mhyper::proto::h1::conn[0m[2m:[0m incoming body completed
[2m2025-12-10T10:09:20.493624Z[0m [34mDEBUG[0m [2mhyper::client::pool[0m[2m:[0m pooling idle connection for ("http", 192.168.0.14:8545)
[2m2025-12-10T10:09:20.493663Z[0m [34mDEBUG[0m [2methereum_transaction_pool_monitor::eth_client[0m[2m:[0m 📡 Transaction fetch RPC completed in 6.398542ms
[2m2025-12-10T10:09:20.563972Z[0m [34mDEBUG[0m [2methereum_transaction_pool_monitor::eth_client[0m[2m:[0m ✅ Transaction 0xe0fd97216d3eafb52cf6ad687bcb0210089b295bb85ad97888b1677ea5af0815 fetched and parsed in 76.70425ms
[2m2025-12-10T10:09:20.563993Z[0m [34mDEBUG[0m [2methereum_transaction_pool_monitor::mempool_monitor[0m[2m:[0m 🔍 Skipping tx 0xe0fd97216d3eafb52cf6ad687bcb0210089b295bb85ad97888b1677ea5af0815 - not a DEX interaction (target: 0xd72a6BA4a87DDB33e801b3f1c7750b2d0911fC6C)
[2m2025-12-10T10:09:20.564004Z[0m [34mDEBUG[0m [2methereum_transaction_pool_monitor::mempool_monitor[0m[2m:[0m 📨 Processing new pending transaction: 0x05a51236c816d3578033a36e1868aa0fdd1b9db82cb19ea26050d8e40bcb92ed
[2m2025-12-10T10:09:20.564011Z[0m [34mDEBUG[0m [2methereum_transaction_pool_monitor::mempool_monitor[0m[2m:[0m 🔍 Fetching transaction details for: 0x05a51236c816d3578033a36e1868aa0fdd1b9db82cb19ea26050d8e40bcb92ed
[2m2025-12-10T10:09:20.564017Z[0m [34mDEBUG[0m [2methereum_transaction_pool_monitor::eth_client[0m[2m:[0m 🔍 Fetching transaction details for hash: 0x05a51236c816d3578033a36e1868aa0fdd1b9db82cb19ea26050d8e40bcb92ed
[2m2025-12-10T10:09:20.564037Z[0m [34mDEBUG[0m [2mhyper::client::pool[0m[2m:[0m reuse idle connection for ("http", 192.168.0.14:8545)
[2m2025-12-10T10:09:20.564070Z[0m [34mDEBUG[0m [2mhyper::proto::h1::io[0m[2m:[0m flushed 250 bytes
[2m2025-12-10T10:09:20.564091Z[0m [34mDEBUG[0m [2mhyper::client::pool[0m[2m:[0m reuse idle connection for ("http", 192.168.0.14:8545)
[2m2025-12-10T10:09:20.564103Z[0m [34mDEBUG[0m [2methereum_transaction_pool_monitor::eth_client[0m[2m:[0m 📨 Received WebSocket message: {"jsonrpc":"2.0","method":"eth_subscription","params":{"subscription":"0xbed0a0851463e895960a451075a301a9","result":"0xce9c07f27808d549fae7f0cbfca8aae447a4d13488c4f0a15f45db4e8db69838"}}
[2m2025-12-10T10:09:20.564105Z[0m [34mDEBUG[0m [2mhyper::proto::h1::io[0m[2m:[0m flushed 172 bytes
[2m2025-12-10T10:09:20.564117Z[0m [34mDEBUG[0m [2methereum_transaction_pool_monitor::eth_client[0m[2m:[0m 📨 Received pending transaction: 0xce9c07f27808d549fae7f0cbfca8aae447a4d13488c4f0a15f45db4e8db69838
[2m2025-12-10T10:09:20.564137Z[0m [34mDEBUG[0m [2methereum_transaction_pool_monitor::eth_client[0m[2m:[0m 📨 Received WebSocket message: {"jsonrpc":"2.0","method":"eth_subscription","params":{"subscription":"0xbed0a0851463e895960a451075a301a9","result":"0x92eb889e408e84a9c68845ff8ddf09bb4c92f20acd3d8014be90a82650d043fa"}}
[2m2025-12-10T10:09:20.564144Z[0m [34mDEBUG[0m [2methereum_transaction_pool_monitor::eth_client[0m[2m:[0m 📨 Received pending transaction: 0x92eb889e408e84a9c68845ff8ddf09bb4c92f20acd3d8014be90a82650d043fa
[2m2025-12-10T10:09:20.565039Z[0m [34mDEBUG[0m [2methereum_transaction_pool_monitor::eth_client[0m[2m:[0m 📨 Received WebSocket message: {"jsonrpc":"2.0","method":"eth_subscription","params":{"subscription":"0xbed0a0851463e895960a451075a301a9","result":"0x139e69854160ca52556874473fcc35f1e4afe41267fd0029ca0d7a7fe8136d5f"}}
[2m2025-12-10T10:09:20.565068Z[0m [34mDEBUG[0m [2methereum_transaction_pool_monitor::eth_client[0m[2m:[0m 📨 Received pending transaction: 0x139e69854160ca52556874473fcc35f1e4afe41267fd0029ca0d7a7fe8136d5f
[2m2025-12-10T10:09:20.568657Z[0m [34mDEBUG[0m [2mhyper::proto::h1::io[0m[2m:[0m parsed 4 headers
[2m2025-12-10T10:09:20.568682Z[0m [34mDEBUG[0m [2mhyper::proto::h1::conn[0m[2m:[0m incoming body is content-length (45 bytes)
[2m2025-12-10T10:09:20.568710Z[0m [34mDEBUG[0m [2mhyper::proto::h1::conn[0m[2m:[0m incoming body completed
[2m2025-12-10T10:09:20.568756Z[0m [34mDEBUG[0m [2mhyper::client::pool[0m[2m:[0m pooling idle connection for ("http", 192.168.0.14:8545)
[2m2025-12-10T10:09:20.569570Z[0m [34mDEBUG[0m [2mhyper::proto::h1::io[0m[2m:[0m parsed 4 headers
[2m2025-12-10T10:09:20.569580Z[0m [34mDEBUG[0m [2mhyper::proto::h1::conn[0m[2m:[0m incoming body is content-length (552 bytes)
[2m2025-12-10T10:09:20.569586Z[0m [34mDEBUG[0m [2mhyper::proto::h1::conn[0m[2m:[0m incoming body completed
[2m2025-12-10T10:09:20.569593Z[0m [34mDEBUG[0m [2mhyper::client::pool[0m[2m:[0m pooling idle connection for ("http", 192.168.0.14:8545)
[2m2025-12-10T10:09:20.569600Z[0m [34mDEBUG[0m [2methereum_transaction_pool_monitor::eth_client[0m[2m:[0m 📡 Transaction fetch RPC completed in 5.57775ms
[2m2025-12-10T10:09:20.640705Z[0m [34mDEBUG[0m [2methereum_transaction_pool_monitor::eth_client[0m[2m:[0m ✅ Transaction 0x05a51236c816d3578033a36e1868aa0fdd1b9db82cb19ea26050d8e40bcb92ed fetched and parsed in 76.680791ms
[2m2025-12-10T10:09:20.640732Z[0m [34mDEBUG[0m [2methereum_transaction_pool_monitor::mempool_monitor[0m[2m:[0m 🔍 Skipping tx 0x05a51236c816d3578033a36e1868aa0fdd1b9db82cb19ea26050d8e40bcb92ed - not a DEX interaction (target: 0x58b04Ca7bF179B7F7c37aE47962346f971D7E423)
[2m2025-12-10T10:09:20.640743Z[0m [34mDEBUG[0m [2methereum_transaction_pool_monitor::mempool_monitor[0m[2m:[0m 📨 Processing new pending transaction: 0xce9c07f27808d549fae7f0cbfca8aae447a4d13488c4f0a15f45db4e8db69838
[2m2025-12-10T10:09:20.640752Z[0m [34mDEBUG[0m [2methereum_transaction_pool_monitor::mempool_monitor[0m[2m:[0m 🔍 Fetching transaction details for: 0xce9c07f27808d549fae7f0cbfca8aae447a4d13488c4f0a15f45db4e8db69838
[2m2025-12-10T10:09:20.640758Z[0m [34mDEBUG[0m [2methereum_transaction_pool_monitor::eth_client[0m[2m:[0m 🔍 Fetching transaction details for hash: 0xce9c07f27808d549fae7f0cbfca8aae447a4d13488c4f0a15f45db4e8db69838
[2m2025-12-10T10:09:20.640777Z[0m [34mDEBUG[0m [2mhyper::client::pool[0m[2m:[0m reuse idle connection for ("http", 192.168.0.14:8545)
[2m2025-12-10T10:09:20.640820Z[0m [34mDEBUG[0m [2mhyper::proto::h1::io[0m[2m:[0m flushed 250 bytes
[2m2025-12-10T10:09:20.640840Z[0m [34mDEBUG[0m [2mhyper::client::pool[0m[2m:[0m reuse idle connection for ("http", 192.168.0.14:8545)
[2m2025-12-10T10:09:20.640854Z[0m [34mDEBUG[0m [2mhyper::proto::h1::io[0m[2m:[0m flushed 172 bytes
[2m2025-12-10T10:09:20.640893Z[0m [34mDEBUG[0m [2methereum_transaction_pool_monitor::eth_client[0m[2m:[0m 📨 Received WebSocket message: {"jsonrpc":"2.0","method":"eth_subscription","params":{"subscription":"0xbed0a0851463e895960a451075a301a9","result":"0x268fbd122115a6003edfcf498470766eb283175acf7b1f3a2bc5fac94247cf23"}}
[2m2025-12-10T10:09:20.640903Z[0m [34mDEBUG[0m [2methereum_transaction_pool_monitor::eth_client[0m[2m:[0m 📨 Received pending transaction: 0x268fbd122115a6003edfcf498470766eb283175acf7b1f3a2bc5fac94247cf23
[2m2025-12-10T10:09:20.646153Z[0m [34mDEBUG[0m [2mhyper::proto::h1::io[0m[2m:[0m parsed 4 headers
[2m2025-12-10T10:09:20.646159Z[0m [34mDEBUG[0m [2mhyper::proto::h1::conn[0m[2m:[0m incoming body is content-length (45 bytes)
[2m2025-12-10T10:09:20.646166Z[0m [34mDEBUG[0m [2mhyper::proto::h1::conn[0m[2m:[0m incoming body completed
[2m2025-12-10T10:09:20.646174Z[0m [34mDEBUG[0m [2mhyper::client::pool[0m[2m:[0m pooling idle connection for ("http", 192.168.0.14:8545)
[2m2025-12-10T10:09:20.647601Z[0m [34mDEBUG[0m [2mhyper::proto::h1::io[0m[2m:[0m parsed 4 headers
[2m2025-12-10T10:09:20.647641Z[0m [34mDEBUG[0m [2mhyper::proto::h1::conn[0m[2m:[0m incoming body is content-length (772 bytes)
[2m2025-12-10T10:09:20.647651Z[0m [34mDEBUG[0m [2mhyper::proto::h1::conn[0m[2m:[0m incoming body completed
[2m2025-12-10T10:09:20.647660Z[0m [34mDEBUG[0m [2mhyper::client::pool[0m[2m:[0m pooling idle connection for ("http", 192.168.0.14:8545)
[2m2025-12-10T10:09:20.647666Z[0m [34mDEBUG[0m [2methereum_transaction_pool_monitor::eth_client[0m[2m:[0m 📡 Transaction fetch RPC completed in 6.90275ms
[2m2025-12-10T10:09:20.718188Z[0m [34mDEBUG[0m [2methereum_transaction_pool_monitor::eth_client[0m[2m:[0m ✅ Transaction 0xce9c07f27808d549fae7f0cbfca8aae447a4d13488c4f0a15f45db4e8db69838 fetched and parsed in 77.422042ms
[2m2025-12-10T10:09:20.718222Z[0m [34mDEBUG[0m [2methereum_transaction_pool_monitor::mempool_monitor[0m[2m:[0m 🔍 Skipping tx 0xce9c07f27808d549fae7f0cbfca8aae447a4d13488c4f0a15f45db4e8db69838 - not a DEX interaction (target: 0xA0b86991c6218b36c1d19D4a2e9Eb0cE3606eB48)
[2m2025-12-10T10:09:20.718234Z[0m [34mDEBUG[0m [2methereum_transaction_pool_monitor::mempool_monitor[0m[2m:[0m 📨 Processing new pending transaction: 0x92eb889e408e84a9c68845ff8ddf09bb4c92f20acd3d8014be90a82650d043fa
[2m2025-12-10T10:09:20.718240Z[0m [34mDEBUG[0m [2methereum_transaction_pool_monitor::mempool_monitor[0m[2m:[0m 🔍 Fetching transaction details for: 0x92eb889e408e84a9c68845ff8ddf09bb4c92f20acd3d8014be90a82650d043fa
[2m2025-12-10T10:09:20.718246Z[0m [34mDEBUG[0m [2methereum_transaction_pool_monitor::eth_client[0m[2m:[0m 🔍 Fetching transaction details for hash: 0x92eb889e408e84a9c68845ff8ddf09bb4c92f20acd3d8014be90a82650d043fa
[2m2025-12-10T10:09:20.718269Z[0m [34mDEBUG[0m [2mhyper::client::pool[0m[2m:[0m reuse idle connection for ("http", 192.168.0.14:8545)
[2m2025-12-10T10:09:20.718321Z[0m [34mDEBUG[0m [2mhyper::proto::h1::io[0m[2m:[0m flushed 250 bytes
[2m2025-12-10T10:09:20.718347Z[0m [34mDEBUG[0m [2mhyper::client::pool[0m[2m:[0m reuse idle connection for ("http", 192.168.0.14:8545)
[2m2025-12-10T10:09:20.718362Z[0m [34mDEBUG[0m [2mhyper::proto::h1::io[0m[2m:[0m flushed 172 bytes
[2m2025-12-10T10:09:20.718377Z[0m [34mDEBUG[0m [2methereum_transaction_pool_monitor::eth_client[0m[2m:[0m 📨 Received WebSocket message: {"jsonrpc":"2.0","method":"eth_subscription","params":{"subscription":"0xbed0a0851463e895960a451075a301a9","result":"0x6346b771a8317dc2261d9e7a253a7b3b095c3c719590b49cc098179fd7f8027d"}}
[2m2025-12-10T10:09:20.718387Z[0m [34mDEBUG[0m [2methereum_transaction_pool_monitor::eth_client[0m[2m:[0m 📨 Received pending transaction: 0x6346b771a8317dc2261d9e7a253a7b3b095c3c719590b49cc098179fd7f8027d
[2m2025-12-10T10:09:20.722922Z[0m [34mDEBUG[0m [2mhyper::proto::h1::io[0m[2m:[0m parsed 4 headers
[2m2025-12-10T10:09:20.722936Z[0m [34mDEBUG[0m [2mhyper::proto::h1::conn[0m[2m:[0m incoming body is content-length (552 bytes)
[2m2025-12-10T10:09:20.722951Z[0m [34mDEBUG[0m [2mhyper::proto::h1::conn[0m[2m:[0m incoming body completed
[2m2025-12-10T10:09:20.722964Z[0m [34mDEBUG[0m [2mhyper::client::pool[0m[2m:[0m pooling idle connection for ("http", 192.168.0.14:8545)
[2m2025-12-10T10:09:20.722973Z[0m [34mDEBUG[0m [2methereum_transaction_pool_monitor::eth_client[0m[2m:[0m 📡 Transaction fetch RPC completed in 4.721833ms
[2m2025-12-10T10:09:20.792395Z[0m [34mDEBUG[0m [2methereum_transaction_pool_monitor::eth_client[0m[2m:[0m ✅ Transaction 0x92eb889e408e84a9c68845ff8ddf09bb4c92f20acd3d8014be90a82650d043fa fetched and parsed in 74.141667ms
[2m2025-12-10T10:09:20.792416Z[0m [34mDEBUG[0m [2methereum_transaction_pool_monitor::mempool_monitor[0m[2m:[0m 🔍 Skipping tx 0x92eb889e408e84a9c68845ff8ddf09bb4c92f20acd3d8014be90a82650d043fa - not a DEX interaction (target: 0xfc2A17c158035415525BcD8F3243c64AEF88A78b)
[2m2025-12-10T10:09:20.792426Z[0m [34mDEBUG[0m [2methereum_transaction_pool_monitor::mempool_monitor[0m[2m:[0m 📨 Processing new pending transaction: 0x139e69854160ca52556874473fcc35f1e4afe41267fd0029ca0d7a7fe8136d5f
[2m2025-12-10T10:09:20.792435Z[0m [34mDEBUG[0m [2methereum_transaction_pool_monitor::mempool_monitor[0m[2m:[0m 🔍 Fetching transaction details for: 0x139e69854160ca52556874473fcc35f1e4afe41267fd0029ca0d7a7fe8136d5f
[2m2025-12-10T10:09:20.792440Z[0m [34mDEBUG[0m [2methereum_transaction_pool_monitor::eth_client[0m[2m:[0m 🔍 Fetching transaction details for hash: 0x139e69854160ca52556874473fcc35f1e4afe41267fd0029ca0d7a7fe8136d5f
[2m2025-12-10T10:09:20.792461Z[0m [34mDEBUG[0m [2mhyper::client::pool[0m[2m:[0m reuse idle connection for ("http", 192.168.0.14:8545)
[2m2025-12-10T10:09:20.792509Z[0m [34mDEBUG[0m [2mhyper::proto::h1::io[0m[2m:[0m flushed 250 bytes
[2m2025-12-10T10:09:20.792526Z[0m [34mDEBUG[0m [2mhyper::proto::h1::io[0m[2m:[0m parsed 4 headers
[2m2025-12-10T10:09:20.792532Z[0m [34mDEBUG[0m [2mhyper::proto::h1::conn[0m[2m:[0m incoming body is content-length (45 bytes)
[2m2025-12-10T10:09:20.792541Z[0m [34mDEBUG[0m [2mhyper::proto::h1::conn[0m[2m:[0m incoming body completed
[2m2025-12-10T10:09:20.792550Z[0m [34mDEBUG[0m [2mhyper::client::pool[0m[2m:[0m pooling idle connection for ("http", 192.168.0.14:8545)
[2m2025-12-10T10:09:20.797081Z[0m [34mDEBUG[0m [2mhyper::client::pool[0m[2m:[0m reuse idle connection for ("http", 192.168.0.14:8545)
[2m2025-12-10T10:09:20.798707Z[0m [34mDEBUG[0m [2mhyper::proto::h1::io[0m[2m:[0m flushed 172 bytes
[2m2025-12-10T10:09:20.800160Z[0m [34mDEBUG[0m [2mhyper::proto::h1::io[0m[2m:[0m parsed 4 headers
[2m2025-12-10T10:09:20.800166Z[0m [34mDEBUG[0m [2mhyper::proto::h1::conn[0m[2m:[0m incoming body is content-length (5508 bytes)
[2m2025-12-10T10:09:20.800177Z[0m [34mDEBUG[0m [2methereum_transaction_pool_monitor::eth_client[0m[2m:[0m 📡 Transaction fetch RPC completed in 7.731791ms
[2m2025-12-10T10:09:20.802601Z[0m [34mDEBUG[0m [2mhyper::proto::h1::conn[0m[2m:[0m incoming body completed
[2m2025-12-10T10:09:20.802655Z[0m [34mDEBUG[0m [2mhyper::client::pool[0m[2m:[0m pooling idle connection for ("http", 192.168.0.14:8545)
[2m2025-12-10T10:09:20.802686Z[0m [34mDEBUG[0m [2mhyper::proto::h1::io[0m[2m:[0m parsed 4 headers
[2m2025-12-10T10:09:20.802710Z[0m [34mDEBUG[0m [2mhyper::proto::h1::conn[0m[2m:[0m incoming body is content-length (45 bytes)
[2m2025-12-10T10:09:20.802725Z[0m [34mDEBUG[0m [2mhyper::proto::h1::conn[0m[2m:[0m incoming body completed
[2m2025-12-10T10:09:20.802742Z[0m [34mDEBUG[0m [2mhyper::client::pool[0m[2m:[0m pooling idle connection for ("http", 192.168.0.14:8545)
[2m2025-12-10T10:09:20.873113Z[0m [34mDEBUG[0m [2methereum_transaction_pool_monitor::eth_client[0m[2m:[0m ✅ Transaction 0x139e69854160ca52556874473fcc35f1e4afe41267fd0029ca0d7a7fe8136d5f fetched and parsed in 80.664916ms
[2m2025-12-10T10:09:20.873140Z[0m [34mDEBUG[0m [2methereum_transaction_pool_monitor::mempool_monitor[0m[2m:[0m 🔍 Skipping tx 0x139e69854160ca52556874473fcc35f1e4afe41267fd0029ca0d7a7fe8136d5f - not a DEX interaction (target: 0xF6801D319497789f934ec7F83E142a9536312B08)
[2m2025-12-10T10:09:20.873152Z[0m [34mDEBUG[0m [2methereum_transaction_pool_monitor::mempool_monitor[0m[2m:[0m 📨 Processing new pending transaction: 0x268fbd122115a6003edfcf498470766eb283175acf7b1f3a2bc5fac94247cf23
[2m2025-12-10T10:09:20.873158Z[0m [34mDEBUG[0m [2methereum_transaction_pool_monitor::mempool_monitor[0m[2m:[0m 🔍 Fetching transaction details for: 0x268fbd122115a6003edfcf498470766eb283175acf7b1f3a2bc5fac94247cf23
[2m2025-12-10T10:09:20.873165Z[0m [34mDEBUG[0m [2methereum_transaction_pool_monitor::eth_client[0m[2m:[0m 🔍 Fetching transaction details for hash: 0x268fbd122115a6003edfcf498470766eb283175acf7b1f3a2bc5fac94247cf23
[2m2025-12-10T10:09:20.873186Z[0m [34mDEBUG[0m [2mhyper::client::pool[0m[2m:[0m reuse idle connection for ("http", 192.168.0.14:8545)
[2m2025-12-10T10:09:20.873238Z[0m [34mDEBUG[0m [2mhyper::proto::h1::io[0m[2m:[0m flushed 250 bytes
[2m2025-12-10T10:09:20.877590Z[0m [34mDEBUG[0m [2mhyper::proto::h1::io[0m[2m:[0m parsed 4 headers
[2m2025-12-10T10:09:20.877601Z[0m [34mDEBUG[0m [2mhyper::proto::h1::conn[0m[2m:[0m incoming body is content-length (839 bytes)
[2m2025-12-10T10:09:20.877610Z[0m [34mDEBUG[0m [2mhyper::proto::h1::conn[0m[2m:[0m incoming body completed
[2m2025-12-10T10:09:20.877620Z[0m [34mDEBUG[0m [2mhyper::client::pool[0m[2m:[0m pooling idle connection for ("http", 192.168.0.14:8545)
[2m2025-12-10T10:09:20.877627Z[0m [34mDEBUG[0m [2methereum_transaction_pool_monitor::eth_client[0m[2m:[0m 📡 Transaction fetch RPC completed in 4.455833ms
[2m2025-12-10T10:09:20.948603Z[0m [34mDEBUG[0m [2methereum_transaction_pool_monitor::eth_client[0m[2m:[0m ✅ Transaction 0x268fbd122115a6003edfcf498470766eb283175acf7b1f3a2bc5fac94247cf23 fetched and parsed in 75.429916ms
[2m2025-12-10T10:09:20.948637Z[0m [34mDEBUG[0m [2methereum_transaction_pool_monitor::mempool_monitor[0m[2m:[0m 🔍 Skipping tx 0x268fbd122115a6003edfcf498470766eb283175acf7b1f3a2bc5fac94247cf23 - not a DEX interaction (target: 0xec53bF9167f50cDEB3Ae105f56099aaaB9061F83)
[2m2025-12-10T10:09:20.948649Z[0m [34mDEBUG[0m [2methereum_transaction_pool_monitor::mempool_monitor[0m[2m:[0m 📨 Processing new pending transaction: 0x6346b771a8317dc2261d9e7a253a7b3b095c3c719590b49cc098179fd7f8027d
[2m2025-12-10T10:09:20.948655Z[0m [34mDEBUG[0m [2methereum_transaction_pool_monitor::mempool_monitor[0m[2m:[0m 🔍 Fetching transaction details for: 0x6346b771a8317dc2261d9e7a253a7b3b095c3c719590b49cc098179fd7f8027d
[2m2025-12-10T10:09:20.948661Z[0m [34mDEBUG[0m [2methereum_transaction_pool_monitor::eth_client[0m[2m:[0m 🔍 Fetching transaction details for hash: 0x6346b771a8317dc2261d9e7a253a7b3b095c3c719590b49cc098179fd7f8027d
[2m2025-12-10T10:09:20.948682Z[0m [34mDEBUG[0m [2mhyper::client::pool[0m[2m:[0m reuse idle connection for ("http", 192.168.0.14:8545)
[2m2025-12-10T10:09:20.948732Z[0m [34mDEBUG[0m [2mhyper::proto::h1::io[0m[2m:[0m flushed 250 bytes
[2m2025-12-10T10:09:20.948755Z[0m [34mDEBUG[0m [2mhyper::client::pool[0m[2m:[0m reuse idle connection for ("http", 192.168.0.14:8545)
[2m2025-12-10T10:09:20.948776Z[0m [34mDEBUG[0m [2mhyper::proto::h1::io[0m[2m:[0m flushed 172 bytes
[2m2025-12-10T10:09:20.948813Z[0m [34mDEBUG[0m [2methereum_transaction_pool_monitor::eth_client[0m[2m:[0m 📨 Received WebSocket message: {"jsonrpc":"2.0","method":"eth_subscription","params":{"subscription":"0xbed0a0851463e895960a451075a301a9","result":"0xd54c87508b37bfbfc1c2f92a1725b525599e6addc098ab1080d2da9c9c2dde52"}}
[2m2025-12-10T10:09:20.948822Z[0m [34mDEBUG[0m [2methereum_transaction_pool_monitor::eth_client[0m[2m:[0m 📨 Received pending transaction: 0xd54c87508b37bfbfc1c2f92a1725b525599e6addc098ab1080d2da9c9c2dde52
[2m2025-12-10T10:09:20.954893Z[0m [34mDEBUG[0m [2mhyper::proto::h1::io[0m[2m:[0m parsed 4 headers
[2m2025-12-10T10:09:20.954900Z[0m [34mDEBUG[0m [2mhyper::proto::h1::conn[0m[2m:[0m incoming body is content-length (45 bytes)
[2m2025-12-10T10:09:20.954908Z[0m [34mDEBUG[0m [2mhyper::proto::h1::conn[0m[2m:[0m incoming body completed
[2m2025-12-10T10:09:20.954920Z[0m [34mDEBUG[0m [2mhyper::client::pool[0m[2m:[0m pooling idle connection for ("http", 192.168.0.14:8545)
[2m2025-12-10T10:09:20.954939Z[0m [34mDEBUG[0m [2mhyper::proto::h1::io[0m[2m:[0m parsed 4 headers
[2m2025-12-10T10:09:20.954943Z[0m [34mDEBUG[0m [2mhyper::proto::h1::conn[0m[2m:[0m incoming body is content-length (770 bytes)
[2m2025-12-10T10:09:20.954949Z[0m [34mDEBUG[0m [2mhyper::proto::h1::conn[0m[2m:[0m incoming body completed
[2m2025-12-10T10:09:20.954956Z[0m [34mDEBUG[0m [2mhyper::client::pool[0m[2m:[0m pooling idle connection for ("http", 192.168.0.14:8545)
[2m2025-12-10T10:09:20.954961Z[0m [34mDEBUG[0m [2methereum_transaction_pool_monitor::eth_client[0m[2m:[0m 📡 Transaction fetch RPC completed in 6.2955ms
[2m2025-12-10T10:09:20.954972Z[0m [34mDEBUG[0m [2methereum_transaction_pool_monitor::eth_client[0m[2m:[0m DeFi transaction detected - Address: 0xdac17f958d2ee523a2206206994597c13d831ec7, Type: Stablecoin, Value: 0 ETH, Gas: 0.23 Gwei
[2m2025-12-10T10:09:20.954987Z[0m [34mDEBUG[0m [2methereum_transaction_pool_monitor::eth_client[0m[2m:[0m ✅ Transaction 0x6346b771a8317dc2261d9e7a253a7b3b095c3c719590b49cc098179fd7f8027d fetched and parsed in 6.321375ms
[2m2025-12-10T10:09:20.954998Z[0m [34mDEBUG[0m [2methereum_transaction_pool_monitor::mempool_monitor[0m[2m:[0m 🔍 Skipping tx 0x6346b771a8317dc2261d9e7a253a7b3b095c3c719590b49cc098179fd7f8027d - not a DEX interaction (target: 0xdAC17F958D2ee523a2206206994597C13D831ec7)
[2m2025-12-10T10:09:20.955006Z[0m [34mDEBUG[0m [2methereum_transaction_pool_monitor::mempool_monitor[0m[2m:[0m 📨 Processing new pending transaction: 0xd54c87508b37bfbfc1c2f92a1725b525599e6addc098ab1080d2da9c9c2dde52
[2m2025-12-10T10:09:20.955010Z[0m [34mDEBUG[0m [2methereum_transaction_pool_monitor::mempool_monitor[0m[2m:[0m 🔍 Fetching transaction details for: 0xd54c87508b37bfbfc1c2f92a1725b525599e6addc098ab1080d2da9c9c2dde52
[2m2025-12-10T10:09:20.955016Z[0m [34mDEBUG[0m [2methereum_transaction_pool_monitor::eth_client[0m[2m:[0m 🔍 Fetching transaction details for hash: 0xd54c87508b37bfbfc1c2f92a1725b525599e6addc098ab1080d2da9c9c2dde52
[2m2025-12-10T10:09:20.955025Z[0m [34mDEBUG[0m [2mhyper::client::pool[0m[2m:[0m reuse idle connection for ("http", 192.168.0.14:8545)
[2m2025-12-10T10:09:20.955042Z[0m [34mDEBUG[0m [2mhyper::proto::h1::io[0m[2m:[0m flushed 250 bytes
[2m2025-12-10T10:09:20.960193Z[0m [34mDEBUG[0m [2mhyper::proto::h1::io[0m[2m:[0m parsed 4 headers
[2m2025-12-10T10:09:20.960203Z[0m [34mDEBUG[0m [2mhyper::proto::h1::conn[0m[2m:[0m incoming body is content-length (646 bytes)
[2m2025-12-10T10:09:20.960211Z[0m [34mDEBUG[0m [2mhyper::proto::h1::conn[0m[2m:[0m incoming body completed
[2m2025-12-10T10:09:20.960219Z[0m [34mDEBUG[0m [2mhyper::client::pool[0m[2m:[0m pooling idle connection for ("http", 192.168.0.14:8545)
[2m2025-12-10T10:09:20.960226Z[0m [34mDEBUG[0m [2methereum_transaction_pool_monitor::eth_client[0m[2m:[0m 📡 Transaction fetch RPC completed in 5.206458ms
[2m2025-12-10T10:09:21.031180Z[0m [34mDEBUG[0m [2methereum_transaction_pool_monitor::eth_client[0m[2m:[0m ✅ Transaction 0xd54c87508b37bfbfc1c2f92a1725b525599e6addc098ab1080d2da9c9c2dde52 fetched and parsed in 76.157166ms
[2m2025-12-10T10:09:21.031207Z[0m [34mDEBUG[0m [2methereum_transaction_pool_monitor::mempool_monitor[0m[2m:[0m 🔍 Skipping tx 0xd54c87508b37bfbfc1c2f92a1725b525599e6addc098ab1080d2da9c9c2dde52 - not a DEX interaction (target: 0x42be500cE7eB65e75Dc1C0255a7611b70Ad4c77D)
[2m2025-12-10T10:09:21.031291Z[0m [34mDEBUG[0m [2mhyper::client::pool[0m[2m:[0m reuse idle connection for ("http", 192.168.0.14:8545)
[2m2025-12-10T10:09:21.031357Z[0m [34mDEBUG[0m [2mhyper::proto::h1::io[0m[2m:[0m flushed 172 bytes
[2m2025-12-10T10:09:21.038767Z[0m [34mDEBUG[0m [2mhyper::proto::h1::io[0m[2m:[0m parsed 4 headers
[2m2025-12-10T10:09:21.038780Z[0m [34mDEBUG[0m [2mhyper::proto::h1::conn[0m[2m:[0m incoming body is content-length (45 bytes)
[2m2025-12-10T10:09:21.038789Z[0m [34mDEBUG[0m [2mhyper::proto::h1::conn[0m[2m:[0m incoming body completed
[2m2025-12-10T10:09:21.038798Z[0m [34mDEBUG[0m [2mhyper::client::pool[0m[2m:[0m pooling idle connection for ("http", 192.168.0.14:8545)
[2m2025-12-10T10:09:21.079781Z[0m [34mDEBUG[0m [2methereum_transaction_pool_monitor::eth_client[0m[2m:[0m 📨 Received WebSocket message: {"jsonrpc":"2.0","method":"eth_subscription","params":{"subscription":"0xbed0a0851463e895960a451075a301a9","result":"0x43fa8e9be855f8d1db99c9c784ede0bf43f75b288611cbf616962e0dc4e5e0dd"}}
[2m2025-12-10T10:09:21.079802Z[0m [34mDEBUG[0m [2methereum_transaction_pool_monitor::eth_client[0m[2m:[0m 📨 Received pending transaction: 0x43fa8e9be855f8d1db99c9c784ede0bf43f75b288611cbf616962e0dc4e5e0dd
[2m2025-12-10T10:09:21.079811Z[0m [34mDEBUG[0m [2methereum_transaction_pool_monitor::mempool_monitor[0m[2m:[0m 📨 Processing new pending transaction: 0x43fa8e9be855f8d1db99c9c784ede0bf43f75b288611cbf616962e0dc4e5e0dd
[2m2025-12-10T10:09:21.079816Z[0m [34mDEBUG[0m [2methereum_transaction_pool_monitor::mempool_monitor[0m[2m:[0m 🔍 Fetching transaction details for: 0x43fa8e9be855f8d1db99c9c784ede0bf43f75b288611cbf616962e0dc4e5e0dd
[2m2025-12-10T10:09:21.079820Z[0m [34mDEBUG[0m [2methereum_transaction_pool_monitor::eth_client[0m[2m:[0m 🔍 Fetching transaction details for hash: 0x43fa8e9be855f8d1db99c9c784ede0bf43f75b288611cbf616962e0dc4e5e0dd
[2m2025-12-10T10:09:21.079838Z[0m [34mDEBUG[0m [2mhyper::client::pool[0m[2m:[0m reuse idle connection for ("http", 192.168.0.14:8545)
[2m2025-12-10T10:09:21.079859Z[0m [34mDEBUG[0m [2mhyper::proto::h1::io[0m[2m:[0m flushed 250 bytes
[2m2025-12-10T10:09:21.088077Z[0m [34mDEBUG[0m [2methereum_transaction_pool_monitor::eth_client[0m[2m:[0m 📨 Received WebSocket message: {"jsonrpc":"2.0","method":"eth_subscription","params":{"subscription":"0xbed0a0851463e895960a451075a301a9","result":"0x569dd7afafb34cc003412a33b9a6512018c84464de304b786f37e3156dd6a053"}}
[2m2025-12-10T10:09:21.088099Z[0m [34mDEBUG[0m [2methereum_transaction_pool_monitor::eth_client[0m[2m:[0m 📨 Received pending transaction: 0x569dd7afafb34cc003412a33b9a6512018c84464de304b786f37e3156dd6a053
[2m2025-12-10T10:09:21.088107Z[0m [34mDEBUG[0m [2methereum_transaction_pool_monitor::eth_client[0m[2m:[0m 📨 Received WebSocket message: {"jsonrpc":"2.0","method":"eth_subscription","params":{"subscription":"0xbed0a0851463e895960a451075a301a9","result":"0xf17ff18362943664bda2d9ba632d82408d78562c017f41752032f8a50d861bd7"}}
[2m2025-12-10T10:09:21.088113Z[0m [34mDEBUG[0m [2methereum_transaction_pool_monitor::eth_client[0m[2m:[0m 📨 Received pending transaction: 0xf17ff18362943664bda2d9ba632d82408d78562c017f41752032f8a50d861bd7
[2m2025-12-10T10:09:21.088118Z[0m [34mDEBUG[0m [2methereum_transaction_pool_monitor::eth_client[0m[2m:[0m 📨 Received WebSocket message: {"jsonrpc":"2.0","method":"eth_subscription","params":{"subscription":"0xbed0a0851463e895960a451075a301a9","result":"0x12ee1876810b1cb0859454c9e6cd81347753f833a03afbcb700d4df87a260a49"}}
[2m2025-12-10T10:09:21.088126Z[0m [34mDEBUG[0m [2methereum_transaction_pool_monitor::eth_client[0m[2m:[0m 📨 Received pending transaction: 0x12ee1876810b1cb0859454c9e6cd81347753f833a03afbcb700d4df87a260a49
[2m2025-12-10T10:09:21.088170Z[0m [34mDEBUG[0m [2mhyper::proto::h1::io[0m[2m:[0m parsed 4 headers
[2m2025-12-10T10:09:21.088193Z[0m [34mDEBUG[0m [2mhyper::proto::h1::conn[0m[2m:[0m incoming body is content-length (905 bytes)
[2m2025-12-10T10:09:21.088204Z[0m [34mDEBUG[0m [2mhyper::proto::h1::conn[0m[2m:[0m incoming body completed
[2m2025-12-10T10:09:21.088227Z[0m [34mDEBUG[0m [2mhyper::client::pool[0m[2m:[0m pooling idle connection for ("http", 192.168.0.14:8545)
[2m2025-12-10T10:09:21.088240Z[0m [34mDEBUG[0m [2methereum_transaction_pool_monitor::eth_client[0m[2m:[0m 📡 Transaction fetch RPC completed in 8.415875ms
[2m2025-12-10T10:09:21.162621Z[0m [34mDEBUG[0m [2methereum_transaction_pool_monitor::eth_client[0m[2m:[0m ✅ Transaction 0x43fa8e9be855f8d1db99c9c784ede0bf43f75b288611cbf616962e0dc4e5e0dd fetched and parsed in 82.793958ms
[2m2025-12-10T10:09:21.162656Z[0m [34mDEBUG[0m [2methereum_transaction_pool_monitor::mempool_monitor[0m[2m:[0m 🔍 Skipping tx 0x43fa8e9be855f8d1db99c9c784ede0bf43f75b288611cbf616962e0dc4e5e0dd - not a DEX interaction (target: 0xFf00000000000000000000000000000000008453)
[2m2025-12-10T10:09:21.162669Z[0m [34mDEBUG[0m [2methereum_transaction_pool_monitor::mempool_monitor[0m[2m:[0m 📨 Processing new pending transaction: 0x569dd7afafb34cc003412a33b9a6512018c84464de304b786f37e3156dd6a053
[2m2025-12-10T10:09:21.162677Z[0m [34mDEBUG[0m [2methereum_transaction_pool_monitor::mempool_monitor[0m[2m:[0m 🔍 Fetching transaction details for: 0x569dd7afafb34cc003412a33b9a6512018c84464de304b786f37e3156dd6a053
[2m2025-12-10T10:09:21.162683Z[0m [34mDEBUG[0m [2methereum_transaction_pool_monitor::eth_client[0m[2m:[0m 🔍 Fetching transaction details for hash: 0x569dd7afafb34cc003412a33b9a6512018c84464de304b786f37e3156dd6a053
[2m2025-12-10T10:09:21.162708Z[0m [34mDEBUG[0m [2mhyper::client::pool[0m[2m:[0m reuse idle connection for ("http", 192.168.0.14:8545)
[2m2025-12-10T10:09:21.162760Z[0m [34mDEBUG[0m [2mhyper::proto::h1::io[0m[2m:[0m flushed 250 bytes
[2m2025-12-10T10:09:21.162792Z[0m [34mDEBUG[0m [2mhyper::client::pool[0m[2m:[0m reuse idle connection for ("http", 192.168.0.14:8545)
[2m2025-12-10T10:09:21.162808Z[0m [34mDEBUG[0m [2mhyper::proto::h1::io[0m[2m:[0m flushed 172 bytes
[2m2025-12-10T10:09:21.166153Z[0m [34mDEBUG[0m [2mhyper::proto::h1::io[0m[2m:[0m parsed 4 headers
[2m2025-12-10T10:09:21.166164Z[0m [34mDEBUG[0m [2mhyper::proto::h1::conn[0m[2m:[0m incoming body is content-length (45 bytes)
[2m2025-12-10T10:09:21.166172Z[0m [34mDEBUG[0m [2mhyper::proto::h1::conn[0m[2m:[0m incoming body completed
[2m2025-12-10T10:09:21.166182Z[0m [34mDEBUG[0m [2mhyper::client::pool[0m[2m:[0m pooling idle connection for ("http", 192.168.0.14:8545)
[2m2025-12-10T10:09:21.167655Z[0m [34mDEBUG[0m [2mhyper::proto::h1::io[0m[2m:[0m parsed 4 headers
[2m2025-12-10T10:09:21.167667Z[0m [34mDEBUG[0m [2mhyper::proto::h1::conn[0m[2m:[0m incoming body is content-length (644 bytes)
[2m2025-12-10T10:09:21.167673Z[0m [34mDEBUG[0m [2mhyper::proto::h1::conn[0m[2m:[0m incoming body completed
[2m2025-12-10T10:09:21.167681Z[0m [34mDEBUG[0m [2mhyper::client::pool[0m[2m:[0m pooling idle connection for ("http", 192.168.0.14:8545)
[2m2025-12-10T10:09:21.167687Z[0m [34mDEBUG[0m [2methereum_transaction_pool_monitor::eth_client[0m[2m:[0m 📡 Transaction fetch RPC completed in 4.999ms
[2m2025-12-10T10:09:21.239526Z[0m [34mDEBUG[0m [2methereum_transaction_pool_monitor::eth_client[0m[2m:[0m ✅ Transaction 0x569dd7afafb34cc003412a33b9a6512018c84464de304b786f37e3156dd6a053 fetched and parsed in 76.835125ms
[2m2025-12-10T10:09:21.239560Z[0m [34mDEBUG[0m [2methereum_transaction_pool_monitor::mempool_monitor[0m[2m:[0m 🔍 Skipping tx 0x569dd7afafb34cc003412a33b9a6512018c84464de304b786f37e3156dd6a053 - not a DEX interaction (target: 0x17E5545B11b468072283Cee1F066a059Fb0dbF24)
[2m2025-12-10T10:09:21.239571Z[0m [34mDEBUG[0m [2methereum_transaction_pool_monitor::mempool_monitor[0m[2m:[0m 📨 Processing new pending transaction: 0xf17ff18362943664bda2d9ba632d82408d78562c017f41752032f8a50d861bd7
[2m2025-12-10T10:09:21.239578Z[0m [34mDEBUG[0m [2methereum_transaction_pool_monitor::mempool_monitor[0m[2m:[0m 🔍 Fetching transaction details for: 0xf17ff18362943664bda2d9ba632d82408d78562c017f41752032f8a50d861bd7
[2m2025-12-10T10:09:21.239584Z[0m [34mDEBUG[0m [2methereum_transaction_pool_monitor::eth_client[0m[2m:[0m 🔍 Fetching transaction details for hash: 0xf17ff18362943664bda2d9ba632d82408d78562c017f41752032f8a50d861bd7
[2m2025-12-10T10:09:21.239608Z[0m [34mDEBUG[0m [2mhyper::client::pool[0m[2m:[0m reuse idle connection for ("http", 192.168.0.14:8545)
[2m2025-12-10T10:09:21.239643Z[0m [34mDEBUG[0m [2mhyper::proto::h1::io[0m[2m:[0m flushed 250 bytes
[2m2025-12-10T10:09:21.239665Z[0m [34mDEBUG[0m [2mhyper::client::pool[0m[2m:[0m reuse idle connection for ("http", 192.168.0.14:8545)
[2m2025-12-10T10:09:21.239681Z[0m [34mDEBUG[0m [2mhyper::proto::h1::io[0m[2m:[0m flushed 172 bytes
[2m2025-12-10T10:09:21.239684Z[0m [34mDEBUG[0m [2methereum_transaction_pool_monitor::eth_client[0m[2m:[0m 📨 Received WebSocket message: {"jsonrpc":"2.0","method":"eth_subscription","params":{"subscription":"0xbed0a0851463e895960a451075a301a9","result":"0x37cbaa5616aee48c6b47cb9a91433b908e32dd96ad4408f6e19a01f2d027f96f"}}
[2m2025-12-10T10:09:21.239699Z[0m [34mDEBUG[0m [2methereum_transaction_pool_monitor::eth_client[0m[2m:[0m 📨 Received pending transaction: 0x37cbaa5616aee48c6b47cb9a91433b908e32dd96ad4408f6e19a01f2d027f96f
[2m2025-12-10T10:09:21.245157Z[0m [34mDEBUG[0m [2mhyper::proto::h1::io[0m[2m:[0m parsed 4 headers
[2m2025-12-10T10:09:21.245169Z[0m [34mDEBUG[0m [2mhyper::proto::h1::conn[0m[2m:[0m incoming body is content-length (770 bytes)
[2m2025-12-10T10:09:21.245178Z[0m [34mDEBUG[0m [2mhyper::proto::h1::conn[0m[2m:[0m incoming body completed
[2m2025-12-10T10:09:21.245191Z[0m [34mDEBUG[0m [2mhyper::client::pool[0m[2m:[0m pooling idle connection for ("http", 192.168.0.14:8545)
[2m2025-12-10T10:09:21.245200Z[0m [34mDEBUG[0m [2methereum_transaction_pool_monitor::eth_client[0m[2m:[0m 📡 Transaction fetch RPC completed in 5.610667ms
[2m2025-12-10T10:09:21.316815Z[0m [34mDEBUG[0m [2methereum_transaction_pool_monitor::eth_client[0m[2m:[0m ✅ Transaction 0xf17ff18362943664bda2d9ba632d82408d78562c017f41752032f8a50d861bd7 fetched and parsed in 77.223625ms
[2m2025-12-10T10:09:21.316844Z[0m [34mDEBUG[0m [2methereum_transaction_pool_monitor::mempool_monitor[0m[2m:[0m 🔍 Skipping tx 0xf17ff18362943664bda2d9ba632d82408d78562c017f41752032f8a50d861bd7 - not a DEX interaction (target: 0xB8f28C60dD8240141185a192fa4156A23E189305)
[2m2025-12-10T10:09:21.316855Z[0m [34mDEBUG[0m [2methereum_transaction_pool_monitor::mempool_monitor[0m[2m:[0m 📨 Processing new pending transaction: 0x12ee1876810b1cb0859454c9e6cd81347753f833a03afbcb700d4df87a260a49
[2m2025-12-10T10:09:21.316863Z[0m [34mDEBUG[0m [2methereum_transaction_pool_monitor::mempool_monitor[0m[2m:[0m 🔍 Fetching transaction details for: 0x12ee1876810b1cb0859454c9e6cd81347753f833a03afbcb700d4df87a260a49
[2m2025-12-10T10:09:21.316868Z[0m [34mDEBUG[0m [2methereum_transaction_pool_monitor::eth_client[0m[2m:[0m 🔍 Fetching transaction details for hash: 0x12ee1876810b1cb0859454c9e6cd81347753f833a03afbcb700d4df87a260a49
[2m2025-12-10T10:09:21.316890Z[0m [34mDEBUG[0m [2mhyper::client::pool[0m[2m:[0m reuse idle connection for ("http", 192.168.0.14:8545)
[2m2025-12-10T10:09:21.316935Z[0m [34mDEBUG[0m [2mhyper::proto::h1::io[0m[2m:[0m flushed 250 bytes
[2m2025-12-10T10:09:21.316951Z[0m [34mDEBUG[0m [2mhyper::proto::h1::io[0m[2m:[0m parsed 4 headers
[2m2025-12-10T10:09:21.316956Z[0m [34mDEBUG[0m [2mhyper::proto::h1::conn[0m[2m:[0m incoming body is content-length (45 bytes)
[2m2025-12-10T10:09:21.316963Z[0m [34mDEBUG[0m [2mhyper::proto::h1::conn[0m[2m:[0m incoming body completed
[2m2025-12-10T10:09:21.316972Z[0m [34mDEBUG[0m [2mhyper::client::pool[0m[2m:[0m pooling idle connection for ("http", 192.168.0.14:8545)
[2m2025-12-10T10:09:21.316992Z[0m [34mDEBUG[0m [2mhyper::client::pool[0m[2m:[0m reuse idle connection for ("http", 192.168.0.14:8545)
[2m2025-12-10T10:09:21.317009Z[0m [34mDEBUG[0m [2mhyper::proto::h1::io[0m[2m:[0m flushed 172 bytes
[2m2025-12-10T10:09:21.321687Z[0m [34mDEBUG[0m [2mhyper::proto::h1::io[0m[2m:[0m parsed 4 headers
[2m2025-12-10T10:09:21.321697Z[0m [34mDEBUG[0m [2mhyper::proto::h1::conn[0m[2m:[0m incoming body is content-length (45 bytes)
[2m2025-12-10T10:09:21.321705Z[0m [34mDEBUG[0m [2mhyper::proto::h1::conn[0m[2m:[0m incoming body completed
[2m2025-12-10T10:09:21.321714Z[0m [34mDEBUG[0m [2mhyper::client::pool[0m[2m:[0m pooling idle connection for ("http", 192.168.0.14:8545)
[2m2025-12-10T10:09:21.321732Z[0m [34mDEBUG[0m [2mhyper::proto::h1::io[0m[2m:[0m parsed 4 headers
[2m2025-12-10T10:09:21.321766Z[0m [34mDEBUG[0m [2mhyper::proto::h1::conn[0m[2m:[0m incoming body is content-length (836 bytes)
[2m2025-12-10T10:09:21.321772Z[0m [34mDEBUG[0m [2mhyper::proto::h1::conn[0m[2m:[0m incoming body completed
[2m2025-12-10T10:09:21.321784Z[0m [34mDEBUG[0m [2mhyper::client::pool[0m[2m:[0m pooling idle connection for ("http", 192.168.0.14:8545)
[2m2025-12-10T10:09:21.321794Z[0m [34mDEBUG[0m [2methereum_transaction_pool_monitor::eth_client[0m[2m:[0m 📡 Transaction fetch RPC completed in 4.920625ms
[2m2025-12-10T10:09:21.393707Z[0m [34mDEBUG[0m [2methereum_transaction_pool_monitor::eth_client[0m[2m:[0m ✅ Transaction 0x12ee1876810b1cb0859454c9e6cd81347753f833a03afbcb700d4df87a260a49 fetched and parsed in 76.830833ms
[2m2025-12-10T10:09:21.393738Z[0m [34mDEBUG[0m [2methereum_transaction_pool_monitor::mempool_monitor[0m[2m:[0m 🔍 Skipping tx 0x12ee1876810b1cb0859454c9e6cd81347753f833a03afbcb700d4df87a260a49 - not a DEX interaction (target: 0x3B4D794a66304F130a4Db8F2551B0070dfCf5ca7)
[2m2025-12-10T10:09:21.393751Z[0m [34mDEBUG[0m [2methereum_transaction_pool_monitor::mempool_monitor[0m[2m:[0m 📨 Processing new pending transaction: 0x37cbaa5616aee48c6b47cb9a91433b908e32dd96ad4408f6e19a01f2d027f96f
[2m2025-12-10T10:09:21.393757Z[0m [34mDEBUG[0m [2methereum_transaction_pool_monitor::mempool_monitor[0m[2m:[0m 🔍 Fetching transaction details for: 0x37cbaa5616aee48c6b47cb9a91433b908e32dd96ad4408f6e19a01f2d027f96f
[2m2025-12-10T10:09:21.393764Z[0m [34mDEBUG[0m [2methereum_transaction_pool_monitor::eth_client[0m[2m:[0m 🔍 Fetching transaction details for hash: 0x37cbaa5616aee48c6b47cb9a91433b908e32dd96ad4408f6e19a01f2d027f96f
[2m2025-12-10T10:09:21.393786Z[0m [34mDEBUG[0m [2mhyper::client::pool[0m[2m:[0m reuse idle connection for ("http", 192.168.0.14:8545)
[2m2025-12-10T10:09:21.393828Z[0m [34mDEBUG[0m [2mhyper::proto::h1::io[0m[2m:[0m flushed 250 bytes
[2m2025-12-10T10:09:21.396126Z[0m [34mDEBUG[0m [2mhyper::client::pool[0m[2m:[0m reuse idle connection for ("http", 192.168.0.14:8545)
[2m2025-12-10T10:09:21.396157Z[0m [34mDEBUG[0m [2mhyper::proto::h1::io[0m[2m:[0m flushed 172 bytes
[2m2025-12-10T10:09:21.402717Z[0m [34mDEBUG[0m [2mhyper::proto::h1::io[0m[2m:[0m parsed 4 headers
[2m2025-12-10T10:09:21.402727Z[0m [34mDEBUG[0m [2mhyper::proto::h1::conn[0m[2m:[0m incoming body is content-length (4804 bytes)
[2m2025-12-10T10:09:21.402746Z[0m [34mDEBUG[0m [2methereum_transaction_pool_monitor::eth_client[0m[2m:[0m 📡 Transaction fetch RPC completed in 8.977167ms
[2m2025-12-10T10:09:21.404505Z[0m [34mDEBUG[0m [2mhyper::proto::h1::conn[0m[2m:[0m incoming body completed
[2m2025-12-10T10:09:21.404524Z[0m [34mDEBUG[0m [2mhyper::client::pool[0m[2m:[0m pooling idle connection for ("http", 192.168.0.14:8545)
[2m2025-12-10T10:09:21.404536Z[0m [34mDEBUG[0m [2mhyper::proto::h1::io[0m[2m:[0m parsed 4 headers
[2m2025-12-10T10:09:21.404541Z[0m [34mDEBUG[0m [2mhyper::proto::h1::conn[0m[2m:[0m incoming body is content-length (45 bytes)
[2m2025-12-10T10:09:21.404547Z[0m [34mDEBUG[0m [2mhyper::proto::h1::conn[0m[2m:[0m incoming body completed
[2m2025-12-10T10:09:21.404553Z[0m [34mDEBUG[0m [2mhyper::client::pool[0m[2m:[0m pooling idle connection for ("http", 192.168.0.14:8545)
[2m2025-12-10T10:09:21.474090Z[0m [34mDEBUG[0m [2methereum_transaction_pool_monitor::eth_client[0m[2m:[0m ✅ Transaction 0x37cbaa5616aee48c6b47cb9a91433b908e32dd96ad4408f6e19a01f2d027f96f fetched and parsed in 80.318875ms
[2m2025-12-10T10:09:21.474181Z[0m [34mDEBUG[0m [2methereum_transaction_pool_monitor::mempool_monitor[0m[2m:[0m 🔍 Skipping tx 0x37cbaa5616aee48c6b47cb9a91433b908e32dd96ad4408f6e19a01f2d027f96f - not a DEX interaction (target: 0x5E1f62Dac767b0491e3CE72469C217365D5B48cC)
[2m2025-12-10T10:09:21.497570Z[0m [34mDEBUG[0m [2mhyper::client::pool[0m[2m:[0m reuse idle connection for ("http", 192.168.0.14:8545)
[2m2025-12-10T10:09:21.497628Z[0m [34mDEBUG[0m [2mhyper::proto::h1::io[0m[2m:[0m flushed 172 bytes
[2m2025-12-10T10:09:21.500988Z[0m [34mDEBUG[0m [2mhyper::proto::h1::io[0m[2m:[0m parsed 4 headers
[2m2025-12-10T10:09:21.501000Z[0m [34mDEBUG[0m [2mhyper::proto::h1::conn[0m[2m:[0m incoming body is content-length (45 bytes)
[2m2025-12-10T10:09:21.501009Z[0m [34mDEBUG[0m [2mhyper::proto::h1::conn[0m[2m:[0m incoming body completed
[2m2025-12-10T10:09:21.501018Z[0m [34mDEBUG[0m [2mhyper::client::pool[0m[2m:[0m pooling idle connection for ("http", 192.168.0.14:8545)
[2m2025-12-10T10:09:21.595660Z[0m [34mDEBUG[0m [2methereum_transaction_pool_monitor::eth_client[0m[2m:[0m 📨 Received WebSocket message: {"jsonrpc":"2.0","method":"eth_subscription","params":{"subscription":"0xbed0a0851463e895960a451075a301a9","result":"0x047b8c4aff5a53149f8a85011e668352aee117fc778a5b6532bb87b60f742c9c"}}
[2m2025-12-10T10:09:21.595705Z[0m [34mDEBUG[0m [2methereum_transaction_pool_monitor::eth_client[0m[2m:[0m 📨 Received pending transaction: 0x047b8c4aff5a53149f8a85011e668352aee117fc778a5b6532bb87b60f742c9c
[2m2025-12-10T10:09:21.595717Z[0m [34mDEBUG[0m [2methereum_transaction_pool_monitor::mempool_monitor[0m[2m:[0m 📨 Processing new pending transaction: 0x047b8c4aff5a53149f8a85011e668352aee117fc778a5b6532bb87b60f742c9c
[2m2025-12-10T10:09:21.595724Z[0m [34mDEBUG[0m [2methereum_transaction_pool_monitor::mempool_monitor[0m[2m:[0m 🔍 Fetching transaction details for: 0x047b8c4aff5a53149f8a85011e668352aee117fc778a5b6532bb87b60f742c9c
[2m2025-12-10T10:09:21.595731Z[0m [34mDEBUG[0m [2methereum_transaction_pool_monitor::eth_client[0m[2m:[0m 🔍 Fetching transaction details for hash: 0x047b8c4aff5a53149f8a85011e668352aee117fc778a5b6532bb87b60f742c9c
[2m2025-12-10T10:09:21.595757Z[0m [34mDEBUG[0m [2mhyper::client::pool[0m[2m:[0m reuse idle connection for ("http", 192.168.0.14:8545)
[2m2025-12-10T10:09:21.595790Z[0m [34mDEBUG[0m [2mhyper::proto::h1::io[0m[2m:[0m flushed 250 bytes
[2m2025-12-10T10:09:21.595824Z[0m [34mDEBUG[0m [2mhyper::client::pool[0m[2m:[0m reuse idle connection for ("http", 192.168.0.14:8545)
[2m2025-12-10T10:09:21.595841Z[0m [34mDEBUG[0m [2mhyper::proto::h1::io[0m[2m:[0m flushed 172 bytes
[2m2025-12-10T10:09:21.599729Z[0m [34mDEBUG[0m [2mhyper::proto::h1::io[0m[2m:[0m parsed 4 headers
[2m2025-12-10T10:09:21.599742Z[0m [34mDEBUG[0m [2mhyper::proto::h1::conn[0m[2m:[0m incoming body is content-length (45 bytes)
[2m2025-12-10T10:09:21.599749Z[0m [34mDEBUG[0m [2mhyper::proto::h1::conn[0m[2m:[0m incoming body completed
[2m2025-12-10T10:09:21.599758Z[0m [34mDEBUG[0m [2mhyper::client::pool[0m[2m:[0m pooling idle connection for ("http", 192.168.0.14:8545)
[2m2025-12-10T10:09:21.601336Z[0m [34mDEBUG[0m [2mhyper::proto::h1::io[0m[2m:[0m parsed 4 headers
[2m2025-12-10T10:09:21.601343Z[0m [34mDEBUG[0m [2mhyper::proto::h1::conn[0m[2m:[0m incoming body is content-length (763 bytes)
[2m2025-12-10T10:09:21.601349Z[0m [34mDEBUG[0m [2mhyper::proto::h1::conn[0m[2m:[0m incoming body completed
[2m2025-12-10T10:09:21.601357Z[0m [34mDEBUG[0m [2mhyper::client::pool[0m[2m:[0m pooling idle connection for ("http", 192.168.0.14:8545)
[2m2025-12-10T10:09:21.601363Z[0m [34mDEBUG[0m [2methereum_transaction_pool_monitor::eth_client[0m[2m:[0m 📡 Transaction fetch RPC completed in 5.625ms
[2m2025-12-10T10:09:21.699655Z[0m [34mDEBUG[0m [2methereum_transaction_pool_monitor::eth_client[0m[2m:[0m ✅ Transaction 0x047b8c4aff5a53149f8a85011e668352aee117fc778a5b6532bb87b60f742c9c fetched and parsed in 103.913959ms
[2m2025-12-10T10:09:21.699690Z[0m [34mDEBUG[0m [2methereum_transaction_pool_monitor::mempool_monitor[0m[2m:[0m 🔍 Skipping tx 0x047b8c4aff5a53149f8a85011e668352aee117fc778a5b6532bb87b60f742c9c - not a DEX interaction (target: 0xd50370bEE8bFf23Bbb30ca558a1d0207DBc96ef2)
[2m2025-12-10T10:09:21.699734Z[0m [34mDEBUG[0m [2mhyper::client::pool[0m[2m:[0m reuse idle connection for ("http", 192.168.0.14:8545)
[2m2025-12-10T10:09:21.699790Z[0m [34mDEBUG[0m [2mhyper::proto::h1::io[0m[2m:[0m flushed 172 bytes
[2m2025-12-10T10:09:21.699798Z[0m [34mDEBUG[0m [2methereum_transaction_pool_monitor::eth_client[0m[2m:[0m 📨 Received WebSocket message: {"jsonrpc":"2.0","method":"eth_subscription","params":{"subscription":"0xbed0a0851463e895960a451075a301a9","result":"0xea7472911397fc04579e83486288847021c46bc4680943648fcbbb7fa8104a1f"}}
[2m2025-12-10T10:09:21.699809Z[0m [34mDEBUG[0m [2methereum_transaction_pool_monitor::eth_client[0m[2m:[0m 📨 Received pending transaction: 0xea7472911397fc04579e83486288847021c46bc4680943648fcbbb7fa8104a1f
[2m2025-12-10T10:09:21.699819Z[0m [34mDEBUG[0m [2methereum_transaction_pool_monitor::mempool_monitor[0m[2m:[0m 📨 Processing new pending transaction: 0xea7472911397fc04579e83486288847021c46bc4680943648fcbbb7fa8104a1f
[2m2025-12-10T10:09:21.699824Z[0m [34mDEBUG[0m [2methereum_transaction_pool_monitor::mempool_monitor[0m[2m:[0m 🔍 Fetching transaction details for: 0xea7472911397fc04579e83486288847021c46bc4680943648fcbbb7fa8104a1f
[2m2025-12-10T10:09:21.699829Z[0m [34mDEBUG[0m [2methereum_transaction_pool_monitor::eth_client[0m[2m:[0m 🔍 Fetching transaction details for hash: 0xea7472911397fc04579e83486288847021c46bc4680943648fcbbb7fa8104a1f
[2m2025-12-10T10:09:21.699839Z[0m [34mDEBUG[0m [2mhyper::client::pool[0m[2m:[0m reuse idle connection for ("http", 192.168.0.14:8545)
[2m2025-12-10T10:09:21.699880Z[0m [34mDEBUG[0m [2mhyper::proto::h1::io[0m[2m:[0m flushed 250 bytes
[2m2025-12-10T10:09:21.703463Z[0m [34mDEBUG[0m [2mhyper::proto::h1::io[0m[2m:[0m parsed 4 headers
[2m2025-12-10T10:09:21.703474Z[0m [34mDEBUG[0m [2mhyper::proto::h1::conn[0m[2m:[0m incoming body is content-length (45 bytes)
[2m2025-12-10T10:09:21.703482Z[0m [34mDEBUG[0m [2mhyper::proto::h1::conn[0m[2m:[0m incoming body completed
[2m2025-12-10T10:09:21.703491Z[0m [34mDEBUG[0m [2mhyper::client::pool[0m[2m:[0m pooling idle connection for ("http", 192.168.0.14:8545)
[2m2025-12-10T10:09:21.704588Z[0m [34mDEBUG[0m [2mhyper::proto::h1::io[0m[2m:[0m parsed 4 headers
[2m2025-12-10T10:09:21.704594Z[0m [34mDEBUG[0m [2mhyper::proto::h1::conn[0m[2m:[0m incoming body is content-length (552 bytes)
[2m2025-12-10T10:09:21.704600Z[0m [34mDEBUG[0m [2mhyper::proto::h1::conn[0m[2m:[0m incoming body completed
[2m2025-12-10T10:09:21.704607Z[0m [34mDEBUG[0m [2mhyper::client::pool[0m[2m:[0m pooling idle connection for ("http", 192.168.0.14:8545)
[2m2025-12-10T10:09:21.704612Z[0m [34mDEBUG[0m [2methereum_transaction_pool_monitor::eth_client[0m[2m:[0m 📡 Transaction fetch RPC completed in 4.779041ms
[2m2025-12-10T10:09:21.774871Z[0m [34mDEBUG[0m [2methereum_transaction_pool_monitor::eth_client[0m[2m:[0m ✅ Transaction 0xea7472911397fc04579e83486288847021c46bc4680943648fcbbb7fa8104a1f fetched and parsed in 75.035041ms
[2m2025-12-10T10:09:21.774912Z[0m [34mDEBUG[0m [2methereum_transaction_pool_monitor::mempool_monitor[0m[2m:[0m 🔍 Skipping tx 0xea7472911397fc04579e83486288847021c46bc4680943648fcbbb7fa8104a1f - not a DEX interaction (target: 0x6D17674dFa504E772B615Aef0e5530963c2848E3)
[2m2025-12-10T10:09:21.774964Z[0m [34mDEBUG[0m [2methereum_transaction_pool_monitor::eth_client[0m[2m:[0m 📨 Received WebSocket message: {"jsonrpc":"2.0","method":"eth_subscription","params":{"subscription":"0xbed0a0851463e895960a451075a301a9","result":"0x96d1657e3e3109ee42b7d88dfbd94375e32358c75ed33f2cf2629affbc4c3eeb"}}
[2m2025-12-10T10:09:21.774975Z[0m [34mDEBUG[0m [2methereum_transaction_pool_monitor::eth_client[0m[2m:[0m 📨 Received pending transaction: 0x96d1657e3e3109ee42b7d88dfbd94375e32358c75ed33f2cf2629affbc4c3eeb
[2m2025-12-10T10:09:21.774981Z[0m [34mDEBUG[0m [2methereum_transaction_pool_monitor::eth_client[0m[2m:[0m 📨 Received WebSocket message: {"jsonrpc":"2.0","method":"eth_subscription","params":{"subscription":"0xbed0a0851463e895960a451075a301a9","result":"0x0ac9fb57738f0412df4527cc487e9cec963bb31077482eccc64e9f4fc1eda878"}}
[2m2025-12-10T10:09:21.774987Z[0m [34mDEBUG[0m [2methereum_transaction_pool_monitor::eth_client[0m[2m:[0m 📨 Received pending transaction: 0x0ac9fb57738f0412df4527cc487e9cec963bb31077482eccc64e9f4fc1eda878
[2m2025-12-10T10:09:21.774991Z[0m [34mDEBUG[0m [2methereum_transaction_pool_monitor::eth_client[0m[2m:[0m 📨 Received WebSocket message: {"jsonrpc":"2.0","method":"eth_subscription","params":{"subscription":"0xbed0a0851463e895960a451075a301a9","result":"0x8ac76a5546a5ee9b359501ffd4f1cb2956acdbf7fd9b35fe9f77294a70fa99ac"}}
[2m2025-12-10T10:09:21.774996Z[0m [34mDEBUG[0m [2methereum_transaction_pool_monitor::eth_client[0m[2m:[0m 📨 Received pending transaction: 0x8ac76a5546a5ee9b359501ffd4f1cb2956acdbf7fd9b35fe9f77294a70fa99ac
[2m2025-12-10T10:09:21.775000Z[0m [34mDEBUG[0m [2methereum_transaction_pool_monitor::eth_client[0m[2m:[0m 📨 Received WebSocket message: {"jsonrpc":"2.0","method":"eth_subscription","params":{"subscription":"0xbed0a0851463e895960a451075a301a9","result":"0xf2268b8fc243343d5501f1ec5683d0c3d0da44a037b04f1ecc2abd1180cc7431"}}
[2m2025-12-10T10:09:21.775007Z[0m [34mDEBUG[0m [2methereum_transaction_pool_monitor::eth_client[0m[2m:[0m 📨 Received pending transaction: 0xf2268b8fc243343d5501f1ec5683d0c3d0da44a037b04f1ecc2abd1180cc7431
[2m2025-12-10T10:09:21.775012Z[0m [34mDEBUG[0m [2methereum_transaction_pool_monitor::mempool_monitor[0m[2m:[0m 📨 Processing new pending transaction: 0x96d1657e3e3109ee42b7d88dfbd94375e32358c75ed33f2cf2629affbc4c3eeb
[2m2025-12-10T10:09:21.775017Z[0m [34mDEBUG[0m [2methereum_transaction_pool_monitor::mempool_monitor[0m[2m:[0m 🔍 Fetching transaction details for: 0x96d1657e3e3109ee42b7d88dfbd94375e32358c75ed33f2cf2629affbc4c3eeb
[2m2025-12-10T10:09:21.775021Z[0m [34mDEBUG[0m [2methereum_transaction_pool_monitor::eth_client[0m[2m:[0m 🔍 Fetching transaction details for hash: 0x96d1657e3e3109ee42b7d88dfbd94375e32358c75ed33f2cf2629affbc4c3eeb
[2m2025-12-10T10:09:21.775042Z[0m [34mDEBUG[0m [2mhyper::client::pool[0m[2m:[0m reuse idle connection for ("http", 192.168.0.14:8545)
[2m2025-12-10T10:09:21.775068Z[0m [34mDEBUG[0m [2mhyper::proto::h1::io[0m[2m:[0m flushed 250 bytes
[2m2025-12-10T10:09:21.781865Z[0m [34mDEBUG[0m [2mhyper::proto::h1::io[0m[2m:[0m parsed 4 headers
[2m2025-12-10T10:09:21.781875Z[0m [34mDEBUG[0m [2mhyper::proto::h1::conn[0m[2m:[0m incoming body is content-length (711 bytes)
[2m2025-12-10T10:09:21.781885Z[0m [34mDEBUG[0m [2mhyper::proto::h1::conn[0m[2m:[0m incoming body completed
[2m2025-12-10T10:09:21.781893Z[0m [34mDEBUG[0m [2mhyper::client::pool[0m[2m:[0m pooling idle connection for ("http", 192.168.0.14:8545)
[2m2025-12-10T10:09:21.781901Z[0m [34mDEBUG[0m [2methereum_transaction_pool_monitor::eth_client[0m[2m:[0m 📡 Transaction fetch RPC completed in 6.875916ms
[2m2025-12-10T10:09:21.850532Z[0m [34mDEBUG[0m [2methereum_transaction_pool_monitor::eth_client[0m[2m:[0m ✅ Transaction 0x96d1657e3e3109ee42b7d88dfbd94375e32358c75ed33f2cf2629affbc4c3eeb fetched and parsed in 75.504416ms
[2m2025-12-10T10:09:21.850553Z[0m [34mDEBUG[0m [2methereum_transaction_pool_monitor::mempool_monitor[0m[2m:[0m 🔍 Skipping tx 0x96d1657e3e3109ee42b7d88dfbd94375e32358c75ed33f2cf2629affbc4c3eeb - not a DEX interaction (target: 0xF1E048e79A3dA83C3c8075C9c4161bC47C627B1F)
[2m2025-12-10T10:09:21.850562Z[0m [34mDEBUG[0m [2methereum_transaction_pool_monitor::mempool_monitor[0m[2m:[0m 📨 Processing new pending transaction: 0x0ac9fb57738f0412df4527cc487e9cec963bb31077482eccc64e9f4fc1eda878
[2m2025-12-10T10:09:21.850567Z[0m [34mDEBUG[0m [2methereum_transaction_pool_monitor::mempool_monitor[0m[2m:[0m 🔍 Fetching transaction details for: 0x0ac9fb57738f0412df4527cc487e9cec963bb31077482eccc64e9f4fc1eda878
[2m2025-12-10T10:09:21.850571Z[0m [34mDEBUG[0m [2methereum_transaction_pool_monitor::eth_client[0m[2m:[0m 🔍 Fetching transaction details for hash: 0x0ac9fb57738f0412df4527cc487e9cec963bb31077482eccc64e9f4fc1eda878
[2m2025-12-10T10:09:21.850592Z[0m [34mDEBUG[0m [2mhyper::client::pool[0m[2m:[0m reuse idle connection for ("http", 192.168.0.14:8545)
[2m2025-12-10T10:09:21.850628Z[0m [34mDEBUG[0m [2mhyper::proto::h1::io[0m[2m:[0m flushed 250 bytes
[2m2025-12-10T10:09:21.850656Z[0m [34mDEBUG[0m [2mhyper::client::pool[0m[2m:[0m reuse idle connection for ("http", 192.168.0.14:8545)
[2m2025-12-10T10:09:21.850669Z[0m [34mDEBUG[0m [2mhyper::proto::h1::io[0m[2m:[0m flushed 172 bytes
[2m2025-12-10T10:09:21.857579Z[0m [34mDEBUG[0m [2mhyper::proto::h1::io[0m[2m:[0m parsed 4 headers
[2m2025-12-10T10:09:21.857599Z[0m [34mDEBUG[0m [2mhyper::proto::h1::conn[0m[2m:[0m incoming body is content-length (649 bytes)
[2m2025-12-10T10:09:21.857610Z[0m [34mDEBUG[0m [2mhyper::proto::h1::conn[0m[2m:[0m incoming body completed
[2m2025-12-10T10:09:21.857624Z[0m [34mDEBUG[0m [2mhyper::client::pool[0m[2m:[0m pooling idle connection for ("http", 192.168.0.14:8545)
[2m2025-12-10T10:09:21.857635Z[0m [34mDEBUG[0m [2methereum_transaction_pool_monitor::eth_client[0m[2m:[0m 📡 Transaction fetch RPC completed in 7.059584ms
[2m2025-12-10T10:09:21.929027Z[0m [34mDEBUG[0m [2methereum_transaction_pool_monitor::eth_client[0m[2m:[0m ✅ Transaction 0x0ac9fb57738f0412df4527cc487e9cec963bb31077482eccc64e9f4fc1eda878 fetched and parsed in 78.449459ms
[2m2025-12-10T10:09:21.929059Z[0m [34mDEBUG[0m [2methereum_transaction_pool_monitor::mempool_monitor[0m[2m:[0m 🔍 Skipping tx 0x0ac9fb57738f0412df4527cc487e9cec963bb31077482eccc64e9f4fc1eda878 - not a DEX interaction (target: 0xa4b51F5cCf2aaBFE9D7AA6340A37c99fef566426)
[2m2025-12-10T10:09:21.929070Z[0m [34mDEBUG[0m [2methereum_transaction_pool_monitor::mempool_monitor[0m[2m:[0m 📨 Processing new pending transaction: 0x8ac76a5546a5ee9b359501ffd4f1cb2956acdbf7fd9b35fe9f77294a70fa99ac
[2m2025-12-10T10:09:21.929077Z[0m [34mDEBUG[0m [2methereum_transaction_pool_monitor::mempool_monitor[0m[2m:[0m 🔍 Fetching transaction details for: 0x8ac76a5546a5ee9b359501ffd4f1cb2956acdbf7fd9b35fe9f77294a70fa99ac
[2m2025-12-10T10:09:21.929084Z[0m [34mDEBUG[0m [2methereum_transaction_pool_monitor::eth_client[0m[2m:[0m 🔍 Fetching transaction details for hash: 0x8ac76a5546a5ee9b359501ffd4f1cb2956acdbf7fd9b35fe9f77294a70fa99ac
[2m2025-12-10T10:09:21.929110Z[0m [34mDEBUG[0m [2mhyper::client::pool[0m[2m:[0m reuse idle connection for ("http", 192.168.0.14:8545)
[2m2025-12-10T10:09:21.929139Z[0m [34mDEBUG[0m [2mhyper::proto::h1::io[0m[2m:[0m flushed 250 bytes
[2m2025-12-10T10:09:21.929164Z[0m [34mDEBUG[0m [2methereum_transaction_pool_monitor::eth_client[0m[2m:[0m 📨 Received WebSocket message: {"jsonrpc":"2.0","method":"eth_subscription","params":{"subscription":"0xbed0a0851463e895960a451075a301a9","result":"0x0acd0dc5d5ab91e76dfeaafd611bf793d265e947a7a983e6e0dda3ae7c11eab9"}}
[2m2025-12-10T10:09:21.929173Z[0m [34mDEBUG[0m [2methereum_transaction_pool_monitor::eth_client[0m[2m:[0m 📨 Received pending transaction: 0x0acd0dc5d5ab91e76dfeaafd611bf793d265e947a7a983e6e0dda3ae7c11eab9
[2m2025-12-10T10:09:21.929180Z[0m [34mDEBUG[0m [2methereum_transaction_pool_monitor::eth_client[0m[2m:[0m 📨 Received WebSocket message: {"jsonrpc":"2.0","method":"eth_subscription","params":{"subscription":"0xbed0a0851463e895960a451075a301a9","result":"0x1fde6e50cd87da6d498e3eb5d6572a3fe1e9bac5371ca414866a2dcfcbc7d1c3"}}
[2m2025-12-10T10:09:21.929190Z[0m [34mDEBUG[0m [2methereum_transaction_pool_monitor::eth_client[0m[2m:[0m 📨 Received pending transaction: 0x1fde6e50cd87da6d498e3eb5d6572a3fe1e9bac5371ca414866a2dcfcbc7d1c3
[2m2025-12-10T10:09:21.929191Z[0m [34mDEBUG[0m [2mhyper::proto::h1::io[0m[2m:[0m parsed 4 headers
[2m2025-12-10T10:09:21.929206Z[0m [34mDEBUG[0m [2mhyper::proto::h1::conn[0m[2m:[0m incoming body is content-length (45 bytes)
[2m2025-12-10T10:09:21.929217Z[0m [34mDEBUG[0m [2mhyper::proto::h1::conn[0m[2m:[0m incoming body completed
[2m2025-12-10T10:09:21.929226Z[0m [34mDEBUG[0m [2mhyper::client::pool[0m[2m:[0m pooling idle connection for ("http", 192.168.0.14:8545)
[2m2025-12-10T10:09:21.929243Z[0m [34mDEBUG[0m [2mhyper::client::pool[0m[2m:[0m reuse idle connection for ("http", 192.168.0.14:8545)
[2m2025-12-10T10:09:21.929258Z[0m [34mDEBUG[0m [2mhyper::proto::h1::io[0m[2m:[0m flushed 172 bytes
[2m2025-12-10T10:09:21.938379Z[0m [34mDEBUG[0m [2mhyper::proto::h1::io[0m[2m:[0m parsed 4 headers
[2m2025-12-10T10:09:21.938398Z[0m [34mDEBUG[0m [2mhyper::proto::h1::conn[0m[2m:[0m incoming body is content-length (711 bytes)
[2m2025-12-10T10:09:21.938407Z[0m [34mDEBUG[0m [2mhyper::proto::h1::conn[0m[2m:[0m incoming body completed
[2m2025-12-10T10:09:21.938418Z[0m [34mDEBUG[0m [2mhyper::client::pool[0m[2m:[0m pooling idle connection for ("http", 192.168.0.14:8545)
[2m2025-12-10T10:09:21.938427Z[0m [34mDEBUG[0m [2methereum_transaction_pool_monitor::eth_client[0m[2m:[0m 📡 Transaction fetch RPC completed in 9.338667ms
[2m2025-12-10T10:09:22.010069Z[0m [34mDEBUG[0m [2methereum_transaction_pool_monitor::eth_client[0m[2m:[0m ✅ Transaction 0x8ac76a5546a5ee9b359501ffd4f1cb2956acdbf7fd9b35fe9f77294a70fa99ac fetched and parsed in 80.977083ms
[2m2025-12-10T10:09:22.010099Z[0m [34mDEBUG[0m [2methereum_transaction_pool_monitor::mempool_monitor[0m[2m:[0m 🔍 Skipping tx 0x8ac76a5546a5ee9b359501ffd4f1cb2956acdbf7fd9b35fe9f77294a70fa99ac - not a DEX interaction (target: 0xF1aFB15623EcEB3F0d9589E5ddBc8Ea59CB36FCc)
[2m2025-12-10T10:09:22.010110Z[0m [34mDEBUG[0m [2methereum_transaction_pool_monitor::mempool_monitor[0m[2m:[0m 📨 Processing new pending transaction: 0xf2268b8fc243343d5501f1ec5683d0c3d0da44a037b04f1ecc2abd1180cc7431
[2m2025-12-10T10:09:22.010118Z[0m [34mDEBUG[0m [2methereum_transaction_pool_monitor::mempool_monitor[0m[2m:[0m 🔍 Fetching transaction details for: 0xf2268b8fc243343d5501f1ec5683d0c3d0da44a037b04f1ecc2abd1180cc7431
[2m2025-12-10T10:09:22.010124Z[0m [34mDEBUG[0m [2methereum_transaction_pool_monitor::eth_client[0m[2m:[0m 🔍 Fetching transaction details for hash: 0xf2268b8fc243343d5501f1ec5683d0c3d0da44a037b04f1ecc2abd1180cc7431
[2m2025-12-10T10:09:22.010148Z[0m [34mDEBUG[0m [2mhyper::client::pool[0m[2m:[0m reuse idle connection for ("http", 192.168.0.14:8545)
[2m2025-12-10T10:09:22.010204Z[0m [34mDEBUG[0m [2mhyper::proto::h1::io[0m[2m:[0m flushed 250 bytes
[2m2025-12-10T10:09:22.010231Z[0m [34mDEBUG[0m [2methereum_transaction_pool_monitor::eth_client[0m[2m:[0m 📨 Received WebSocket message: {"jsonrpc":"2.0","method":"eth_subscription","params":{"subscription":"0xbed0a0851463e895960a451075a301a9","result":"0x70adef2dc7f097fafdab1766f3d8665284cf6e26cdb46d8e9b1b319f1d8508b9"}}
[2m2025-12-10T10:09:22.010242Z[0m [34mDEBUG[0m [2methereum_transaction_pool_monitor::eth_client[0m[2m:[0m 📨 Received pending transaction: 0x70adef2dc7f097fafdab1766f3d8665284cf6e26cdb46d8e9b1b319f1d8508b9
[2m2025-12-10T10:09:22.010232Z[0m [34mDEBUG[0m [2mhyper::proto::h1::io[0m[2m:[0m parsed 4 headers
[2m2025-12-10T10:09:22.010255Z[0m [34mDEBUG[0m [2mhyper::proto::h1::conn[0m[2m:[0m incoming body is content-length (45 bytes)
[2m2025-12-10T10:09:22.010264Z[0m [34mDEBUG[0m [2mhyper::proto::h1::conn[0m[2m:[0m incoming body completed
[2m2025-12-10T10:09:22.010272Z[0m [34mDEBUG[0m [2mhyper::client::pool[0m[2m:[0m pooling idle connection for ("http", 192.168.0.14:8545)
[2m2025-12-10T10:09:22.010286Z[0m [34mDEBUG[0m [2mhyper::client::pool[0m[2m:[0m reuse idle connection for ("http", 192.168.0.14:8545)
[2m2025-12-10T10:09:22.010301Z[0m [34mDEBUG[0m [2mhyper::proto::h1::io[0m[2m:[0m flushed 172 bytes
[2m2025-12-10T10:09:22.013866Z[0m [34mDEBUG[0m [2mhyper::proto::h1::io[0m[2m:[0m parsed 4 headers
[2m2025-12-10T10:09:22.015080Z[0m [34mDEBUG[0m [2mhyper::proto::h1::conn[0m[2m:[0m incoming body is content-length (681 bytes)
[2m2025-12-10T10:09:22.015091Z[0m [34mDEBUG[0m [2mhyper::proto::h1::conn[0m[2m:[0m incoming body completed
[2m2025-12-10T10:09:22.015102Z[0m [34mDEBUG[0m [2mhyper::client::pool[0m[2m:[0m pooling idle connection for ("http", 192.168.0.14:8545)
[2m2025-12-10T10:09:22.015112Z[0m [34mDEBUG[0m [2methereum_transaction_pool_monitor::eth_client[0m[2m:[0m 📡 Transaction fetch RPC completed in 4.983375ms
[2m2025-12-10T10:09:22.086955Z[0m [34mDEBUG[0m [2methereum_transaction_pool_monitor::eth_client[0m[2m:[0m ✅ Transaction 0xf2268b8fc243343d5501f1ec5683d0c3d0da44a037b04f1ecc2abd1180cc7431 fetched and parsed in 76.822875ms
[2m2025-12-10T10:09:22.086982Z[0m [34mDEBUG[0m [2methereum_transaction_pool_monitor::mempool_monitor[0m[2m:[0m 🔍 Skipping tx 0xf2268b8fc243343d5501f1ec5683d0c3d0da44a037b04f1ecc2abd1180cc7431 - not a DEX interaction (target: 0x6E2a43be0B1d33b726f0CA3b8de60b3482b8b050)
[2m2025-12-10T10:09:22.086993Z[0m [34mDEBUG[0m [2methereum_transaction_pool_monitor::mempool_monitor[0m[2m:[0m 📨 Processing new pending transaction: 0x0acd0dc5d5ab91e76dfeaafd611bf793d265e947a7a983e6e0dda3ae7c11eab9
[2m2025-12-10T10:09:22.086999Z[0m [34mDEBUG[0m [2methereum_transaction_pool_monitor::mempool_monitor[0m[2m:[0m 🔍 Fetching transaction details for: 0x0acd0dc5d5ab91e76dfeaafd611bf793d265e947a7a983e6e0dda3ae7c11eab9
[2m2025-12-10T10:09:22.087005Z[0m [34mDEBUG[0m [2methereum_transaction_pool_monitor::eth_client[0m[2m:[0m 🔍 Fetching transaction details for hash: 0x0acd0dc5d5ab91e76dfeaafd611bf793d265e947a7a983e6e0dda3ae7c11eab9
[2m2025-12-10T10:09:22.087025Z[0m [34mDEBUG[0m [2mhyper::client::pool[0m[2m:[0m reuse idle connection for ("http", 192.168.0.14:8545)
[2m2025-12-10T10:09:22.087073Z[0m [34mDEBUG[0m [2mhyper::proto::h1::io[0m[2m:[0m flushed 250 bytes
[2m2025-12-10T10:09:22.087090Z[0m [34mDEBUG[0m [2mhyper::proto::h1::io[0m[2m:[0m parsed 4 headers
[2m2025-12-10T10:09:22.087097Z[0m [34mDEBUG[0m [2mhyper::proto::h1::conn[0m[2m:[0m incoming body is content-length (45 bytes)
[2m2025-12-10T10:09:22.087106Z[0m [34mDEBUG[0m [2mhyper::proto::h1::conn[0m[2m:[0m incoming body completed
[2m2025-12-10T10:09:22.087114Z[0m [34mDEBUG[0m [2mhyper::client::pool[0m[2m:[0m pooling idle connection for ("http", 192.168.0.14:8545)
[2m2025-12-10T10:09:22.094121Z[0m [34mDEBUG[0m [2mhyper::proto::h1::io[0m[2m:[0m parsed 4 headers
[2m2025-12-10T10:09:22.096537Z[0m [34mDEBUG[0m [2mhyper::proto::h1::conn[0m[2m:[0m incoming body is content-length (1730 bytes)
[2m2025-12-10T10:09:22.096547Z[0m [34mDEBUG[0m [2mhyper::proto::h1::conn[0m[2m:[0m incoming body completed
[2m2025-12-10T10:09:22.096559Z[0m [34mDEBUG[0m [2mhyper::client::pool[0m[2m:[0m pooling idle connection for ("http", 192.168.0.14:8545)
[2m2025-12-10T10:09:22.096568Z[0m [34mDEBUG[0m [2methereum_transaction_pool_monitor::eth_client[0m[2m:[0m 📡 Transaction fetch RPC completed in 9.55775ms
[2m2025-12-10T10:09:22.168311Z[0m [34mDEBUG[0m [2methereum_transaction_pool_monitor::eth_client[0m[2m:[0m ✅ Transaction 0x0acd0dc5d5ab91e76dfeaafd611bf793d265e947a7a983e6e0dda3ae7c11eab9 fetched and parsed in 81.298584ms
[2m2025-12-10T10:09:22.168345Z[0m [34mDEBUG[0m [2methereum_transaction_pool_monitor::mempool_monitor[0m[2m:[0m 🔍 Skipping tx 0x0acd0dc5d5ab91e76dfeaafd611bf793d265e947a7a983e6e0dda3ae7c11eab9 - not a DEX interaction (target: 0x601a2aD6CB5949f0529735254189Ba3194221EDF)
[2m2025-12-10T10:09:22.168360Z[0m [34mDEBUG[0m [2methereum_transaction_pool_monitor::mempool_monitor[0m[2m:[0m 📨 Processing new pending transaction: 0x1fde6e50cd87da6d498e3eb5d6572a3fe1e9bac5371ca414866a2dcfcbc7d1c3
[2m2025-12-10T10:09:22.168366Z[0m [34mDEBUG[0m [2methereum_transaction_pool_monitor::mempool_monitor[0m[2m:[0m 🔍 Fetching transaction details for: 0x1fde6e50cd87da6d498e3eb5d6572a3fe1e9bac5371ca414866a2dcfcbc7d1c3
[2m2025-12-10T10:09:22.168371Z[0m [34mDEBUG[0m [2methereum_transaction_pool_monitor::eth_client[0m[2m:[0m 🔍 Fetching transaction details for hash: 0x1fde6e50cd87da6d498e3eb5d6572a3fe1e9bac5371ca414866a2dcfcbc7d1c3
[2m2025-12-10T10:09:22.168393Z[0m [34mDEBUG[0m [2mhyper::client::pool[0m[2m:[0m reuse idle connection for ("http", 192.168.0.14:8545)
[2m2025-12-10T10:09:22.168446Z[0m [34mDEBUG[0m [2mhyper::proto::h1::io[0m[2m:[0m flushed 250 bytes
[2m2025-12-10T10:09:22.168487Z[0m [34mDEBUG[0m [2mhyper::client::pool[0m[2m:[0m reuse idle connection for ("http", 192.168.0.14:8545)
[2m2025-12-10T10:09:22.168513Z[0m [34mDEBUG[0m [2mhyper::proto::h1::io[0m[2m:[0m flushed 172 bytes
[2m2025-12-10T10:09:22.176253Z[0m [34mDEBUG[0m [2mhyper::proto::h1::io[0m[2m:[0m parsed 4 headers
[2m2025-12-10T10:09:22.176277Z[0m [34mDEBUG[0m [2mhyper::proto::h1::conn[0m[2m:[0m incoming body is content-length (45 bytes)
[2m2025-12-10T10:09:22.176287Z[0m [34mDEBUG[0m [2mhyper::proto::h1::conn[0m[2m:[0m incoming body completed
[2m2025-12-10T10:09:22.176299Z[0m [34mDEBUG[0m [2mhyper::client::pool[0m[2m:[0m pooling idle connection for ("http", 192.168.0.14:8545)
[2m2025-12-10T10:09:22.178626Z[0m [34mDEBUG[0m [2mhyper::proto::h1::io[0m[2m:[0m parsed 4 headers
[2m2025-12-10T10:09:22.178634Z[0m [34mDEBUG[0m [2mhyper::proto::h1::conn[0m[2m:[0m incoming body is content-length (830 bytes)
[2m2025-12-10T10:09:22.178640Z[0m [34mDEBUG[0m [2mhyper::proto::h1::conn[0m[2m:[0m incoming body completed
[2m2025-12-10T10:09:22.178647Z[0m [34mDEBUG[0m [2mhyper::client::pool[0m[2m:[0m pooling idle connection for ("http", 192.168.0.14:8545)
[2m2025-12-10T10:09:22.178652Z[0m [34mDEBUG[0m [2methereum_transaction_pool_monitor::eth_client[0m[2m:[0m 📡 Transaction fetch RPC completed in 10.275791ms
[2m2025-12-10T10:09:22.300818Z[0m [34mDEBUG[0m [2methereum_transaction_pool_monitor::eth_client[0m[2m:[0m ✅ Transaction 0x1fde6e50cd87da6d498e3eb5d6572a3fe1e9bac5371ca414866a2dcfcbc7d1c3 fetched and parsed in 132.438416ms
[2m2025-12-10T10:09:22.300854Z[0m [34mDEBUG[0m [2methereum_transaction_pool_monitor::mempool_monitor[0m[2m:[0m 🔍 Skipping tx 0x1fde6e50cd87da6d498e3eb5d6572a3fe1e9bac5371ca414866a2dcfcbc7d1c3 - not a DEX interaction (target: 0x3B4D794a66304F130a4Db8F2551B0070dfCf5ca7)
[2m2025-12-10T10:09:22.300867Z[0m [34mDEBUG[0m [2methereum_transaction_pool_monitor::mempool_monitor[0m[2m:[0m 📨 Processing new pending transaction: 0x70adef2dc7f097fafdab1766f3d8665284cf6e26cdb46d8e9b1b319f1d8508b9
[2m2025-12-10T10:09:22.300874Z[0m [34mDEBUG[0m [2methereum_transaction_pool_monitor::mempool_monitor[0m[2m:[0m 🔍 Fetching transaction details for: 0x70adef2dc7f097fafdab1766f3d8665284cf6e26cdb46d8e9b1b319f1d8508b9
[2m2025-12-10T10:09:22.300879Z[0m [34mDEBUG[0m [2methereum_transaction_pool_monitor::eth_client[0m[2m:[0m 🔍 Fetching transaction details for hash: 0x70adef2dc7f097fafdab1766f3d8665284cf6e26cdb46d8e9b1b319f1d8508b9
[2m2025-12-10T10:09:22.300903Z[0m [34mDEBUG[0m [2mhyper::client::pool[0m[2m:[0m reuse idle connection for ("http", 192.168.0.14:8545)
[2m2025-12-10T10:09:22.300956Z[0m [34mDEBUG[0m [2mhyper::proto::h1::io[0m[2m:[0m flushed 250 bytes
[2m2025-12-10T10:09:22.300980Z[0m [34mDEBUG[0m [2mhyper::client::pool[0m[2m:[0m reuse idle connection for ("http", 192.168.0.14:8545)
[2m2025-12-10T10:09:22.300999Z[0m [34mDEBUG[0m [2mhyper::proto::h1::io[0m[2m:[0m flushed 172 bytes
[2m2025-12-10T10:09:22.301044Z[0m [34mDEBUG[0m [2methereum_transaction_pool_monitor::eth_client[0m[2m:[0m 📨 Received WebSocket message: {"jsonrpc":"2.0","method":"eth_subscription","params":{"subscription":"0xbed0a0851463e895960a451075a301a9","result":"0xe9f47c790bf1f4f9bcfc79cdca4d5e73e1f049b65596d3851115d1fd3d954011"}}
[2m2025-12-10T10:09:22.301055Z[0m [34mDEBUG[0m [2methereum_transaction_pool_monitor::eth_client[0m[2m:[0m 📨 Received pending transaction: 0xe9f47c790bf1f4f9bcfc79cdca4d5e73e1f049b65596d3851115d1fd3d954011
[2m2025-12-10T10:09:22.305822Z[0m [34mDEBUG[0m [2mhyper::proto::h1::io[0m[2m:[0m parsed 4 headers
[2m2025-12-10T10:09:22.305838Z[0m [34mDEBUG[0m [2mhyper::proto::h1::conn[0m[2m:[0m incoming body is content-length (45 bytes)
[2m2025-12-10T10:09:22.305845Z[0m [34mDEBUG[0m [2mhyper::proto::h1::conn[0m[2m:[0m incoming body completed
[2m2025-12-10T10:09:22.305855Z[0m [34mDEBUG[0m [2mhyper::client::pool[0m[2m:[0m pooling idle connection for ("http", 192.168.0.14:8545)
[2m2025-12-10T10:09:22.305877Z[0m [34mDEBUG[0m [2mhyper::client::pool[0m[2m:[0m reuse idle connection for ("http", 192.168.0.14:8545)
[2m2025-12-10T10:09:22.305905Z[0m [34mDEBUG[0m [2mhyper::proto::h1::io[0m[2m:[0m flushed 172 bytes
[2m2025-12-10T10:09:22.306182Z[0m [34mDEBUG[0m [2mhyper::proto::h1::io[0m[2m:[0m parsed 4 headers
[2m2025-12-10T10:09:22.306191Z[0m [34mDEBUG[0m [2mhyper::proto::h1::conn[0m[2m:[0m incoming body is content-length (651 bytes)
[2m2025-12-10T10:09:22.306199Z[0m [34mDEBUG[0m [2mhyper::proto::h1::conn[0m[2m:[0m incoming body completed
[2m2025-12-10T10:09:22.306207Z[0m [34mDEBUG[0m [2mhyper::client::pool[0m[2m:[0m pooling idle connection for ("http", 192.168.0.14:8545)
[2m2025-12-10T10:09:22.306213Z[0m [34mDEBUG[0m [2methereum_transaction_pool_monitor::eth_client[0m[2m:[0m 📡 Transaction fetch RPC completed in 5.328833ms
[2m2025-12-10T10:09:22.383827Z[0m [34mDEBUG[0m [2methereum_transaction_pool_monitor::eth_client[0m[2m:[0m ✅ Transaction 0x70adef2dc7f097fafdab1766f3d8665284cf6e26cdb46d8e9b1b319f1d8508b9 fetched and parsed in 82.940416ms
[2m2025-12-10T10:09:22.383856Z[0m [34mDEBUG[0m [2methereum_transaction_pool_monitor::mempool_monitor[0m[2m:[0m 🔍 Skipping tx 0x70adef2dc7f097fafdab1766f3d8665284cf6e26cdb46d8e9b1b319f1d8508b9 - not a DEX interaction (target: 0xcb5EcA23dbdbD637911B02d0Ed0139947081c183)
[2m2025-12-10T10:09:22.383867Z[0m [34mDEBUG[0m [2methereum_transaction_pool_monitor::mempool_monitor[0m[2m:[0m 📨 Processing new pending transaction: 0xe9f47c790bf1f4f9bcfc79cdca4d5e73e1f049b65596d3851115d1fd3d954011
[2m2025-12-10T10:09:22.383875Z[0m [34mDEBUG[0m [2methereum_transaction_pool_monitor::mempool_monitor[0m[2m:[0m 🔍 Fetching transaction details for: 0xe9f47c790bf1f4f9bcfc79cdca4d5e73e1f049b65596d3851115d1fd3d954011
[2m2025-12-10T10:09:22.383881Z[0m [34mDEBUG[0m [2methereum_transaction_pool_monitor::eth_client[0m[2m:[0m 🔍 Fetching transaction details for hash: 0xe9f47c790bf1f4f9bcfc79cdca4d5e73e1f049b65596d3851115d1fd3d954011
[2m2025-12-10T10:09:22.383902Z[0m [34mDEBUG[0m [2mhyper::client::pool[0m[2m:[0m reuse idle connection for ("http", 192.168.0.14:8545)
[2m2025-12-10T10:09:22.383942Z[0m [34mDEBUG[0m [2mhyper::proto::h1::io[0m[2m:[0m flushed 250 bytes
[2m2025-12-10T10:09:22.383960Z[0m [34mDEBUG[0m [2mhyper::proto::h1::io[0m[2m:[0m parsed 4 headers
[2m2025-12-10T10:09:22.383964Z[0m [34mDEBUG[0m [2mhyper::proto::h1::conn[0m[2m:[0m incoming body is content-length (45 bytes)
[2m2025-12-10T10:09:22.383971Z[0m [34mDEBUG[0m [2mhyper::proto::h1::conn[0m[2m:[0m incoming body completed
[2m2025-12-10T10:09:22.383978Z[0m [34mDEBUG[0m [2mhyper::client::pool[0m[2m:[0m pooling idle connection for ("http", 192.168.0.14:8545)
[2m2025-12-10T10:09:22.387990Z[0m [34mDEBUG[0m [2mhyper::proto::h1::io[0m[2m:[0m parsed 4 headers
[2m2025-12-10T10:09:22.387997Z[0m [34mDEBUG[0m [2mhyper::proto::h1::conn[0m[2m:[0m incoming body is content-length (677 bytes)
[2m2025-12-10T10:09:22.388003Z[0m [34mDEBUG[0m [2mhyper::proto::h1::conn[0m[2m:[0m incoming body completed
[2m2025-12-10T10:09:22.388009Z[0m [34mDEBUG[0m [2mhyper::client::pool[0m[2m:[0m pooling idle connection for ("http", 192.168.0.14:8545)
[2m2025-12-10T10:09:22.388014Z[0m [34mDEBUG[0m [2methereum_transaction_pool_monitor::eth_client[0m[2m:[0m 📡 Transaction fetch RPC completed in 4.127958ms
[2m2025-12-10T10:09:22.388026Z[0m [34mDEBUG[0m [2methereum_transaction_pool_monitor::eth_client[0m[2m:[0m DeFi transaction detected - Address: 0xdac17f958d2ee523a2206206994597c13d831ec7, Type: Stablecoin, Value: 0 ETH, Gas: 0.19 Gwei
[2m2025-12-10T10:09:22.388038Z[0m [34mDEBUG[0m [2methereum_transaction_pool_monitor::eth_client[0m[2m:[0m ✅ Transaction 0xe9f47c790bf1f4f9bcfc79cdca4d5e73e1f049b65596d3851115d1fd3d954011 fetched and parsed in 4.152625ms
[2m2025-12-10T10:09:22.388044Z[0m [34mDEBUG[0m [2methereum_transaction_pool_monitor::mempool_monitor[0m[2m:[0m 🔍 Skipping tx 0xe9f47c790bf1f4f9bcfc79cdca4d5e73e1f049b65596d3851115d1fd3d954011 - not a DEX interaction (target: 0xdAC17F958D2ee523a2206206994597C13D831ec7)
[2m2025-12-10T10:09:22.397077Z[0m [34mDEBUG[0m [2mhyper::client::pool[0m[2m:[0m reuse idle connection for ("http", 192.168.0.14:8545)
[2m2025-12-10T10:09:22.397110Z[0m [34mDEBUG[0m [2mhyper::proto::h1::io[0m[2m:[0m flushed 172 bytes
[2m2025-12-10T10:09:22.401597Z[0m [34mDEBUG[0m [2mhyper::proto::h1::io[0m[2m:[0m parsed 4 headers
[2m2025-12-10T10:09:22.401606Z[0m [34mDEBUG[0m [2mhyper::proto::h1::conn[0m[2m:[0m incoming body is content-length (45 bytes)
[2m2025-12-10T10:09:22.401613Z[0m [34mDEBUG[0m [2mhyper::proto::h1::conn[0m[2m:[0m incoming body completed
[2m2025-12-10T10:09:22.401620Z[0m [34mDEBUG[0m [2mhyper::client::pool[0m[2m:[0m pooling idle connection for ("http", 192.168.0.14:8545)
[2m2025-12-10T10:09:22.442746Z[0m [34mDEBUG[0m [2methereum_transaction_pool_monitor::eth_client[0m[2m:[0m 📨 Received WebSocket message: {"jsonrpc":"2.0","method":"eth_subscription","params":{"subscription":"0xbed0a0851463e895960a451075a301a9","result":"0x6e5d17c3ebce1f23f5ba40cdbbe348d5efcde0e8bc7875c9fdfd6a8842b98b0e"}}
[2m2025-12-10T10:09:22.442791Z[0m [34mDEBUG[0m [2methereum_transaction_pool_monitor::eth_client[0m[2m:[0m 📨 Received pending transaction: 0x6e5d17c3ebce1f23f5ba40cdbbe348d5efcde0e8bc7875c9fdfd6a8842b98b0e
[2m2025-12-10T10:09:22.442800Z[0m [34mDEBUG[0m [2methereum_transaction_pool_monitor::mempool_monitor[0m[2m:[0m 📨 Processing new pending transaction: 0x6e5d17c3ebce1f23f5ba40cdbbe348d5efcde0e8bc7875c9fdfd6a8842b98b0e
[2m2025-12-10T10:09:22.442805Z[0m [34mDEBUG[0m [2methereum_transaction_pool_monitor::mempool_monitor[0m[2m:[0m 🔍 Fetching transaction details for: 0x6e5d17c3ebce1f23f5ba40cdbbe348d5efcde0e8bc7875c9fdfd6a8842b98b0e
[2m2025-12-10T10:09:22.442810Z[0m [34mDEBUG[0m [2methereum_transaction_pool_monitor::eth_client[0m[2m:[0m 🔍 Fetching transaction details for hash: 0x6e5d17c3ebce1f23f5ba40cdbbe348d5efcde0e8bc7875c9fdfd6a8842b98b0e
[2m2025-12-10T10:09:22.442833Z[0m [34mDEBUG[0m [2mhyper::client::pool[0m[2m:[0m reuse idle connection for ("http", 192.168.0.14:8545)
[2m2025-12-10T10:09:22.442858Z[0m [34mDEBUG[0m [2mhyper::proto::h1::io[0m[2m:[0m flushed 250 bytes
[2m2025-12-10T10:09:22.446246Z[0m [34mDEBUG[0m [2mhyper::proto::h1::io[0m[2m:[0m parsed 4 headers
[2m2025-12-10T10:09:22.446256Z[0m [34mDEBUG[0m [2mhyper::proto::h1::conn[0m[2m:[0m incoming body is content-length (770 bytes)
[2m2025-12-10T10:09:22.446265Z[0m [34mDEBUG[0m [2mhyper::proto::h1::conn[0m[2m:[0m incoming body completed
[2m2025-12-10T10:09:22.446280Z[0m [34mDEBUG[0m [2mhyper::client::pool[0m[2m:[0m pooling idle connection for ("http", 192.168.0.14:8545)
[2m2025-12-10T10:09:22.446288Z[0m [34mDEBUG[0m [2methereum_transaction_pool_monitor::eth_client[0m[2m:[0m 📡 Transaction fetch RPC completed in 3.474916ms
[2m2025-12-10T10:09:22.517386Z[0m [34mDEBUG[0m [2methereum_transaction_pool_monitor::eth_client[0m[2m:[0m ✅ Transaction 0x6e5d17c3ebce1f23f5ba40cdbbe348d5efcde0e8bc7875c9fdfd6a8842b98b0e fetched and parsed in 74.570541ms
[2m2025-12-10T10:09:22.517414Z[0m [34mDEBUG[0m [2methereum_transaction_pool_monitor::mempool_monitor[0m[2m:[0m 🔍 Skipping tx 0x6e5d17c3ebce1f23f5ba40cdbbe348d5efcde0e8bc7875c9fdfd6a8842b98b0e - not a DEX interaction (target: 0xB8f28C60dD8240141185a192fa4156A23E189305)
[2m2025-12-10T10:09:22.517461Z[0m [34mDEBUG[0m [2mhyper::client::pool[0m[2m:[0m reuse idle connection for ("http", 192.168.0.14:8545)
[2m2025-12-10T10:09:22.517505Z[0m [34mDEBUG[0m [2mhyper::proto::h1::io[0m[2m:[0m flushed 172 bytes
[2m2025-12-10T10:09:22.521035Z[0m [34mDEBUG[0m [2mhyper::proto::h1::io[0m[2m:[0m parsed 4 headers
[2m2025-12-10T10:09:22.521059Z[0m [34mDEBUG[0m [2mhyper::proto::h1::conn[0m[2m:[0m incoming body is content-length (45 bytes)
[2m2025-12-10T10:09:22.521084Z[0m [34mDEBUG[0m [2mhyper::proto::h1::conn[0m[2m:[0m incoming body completed
[2m2025-12-10T10:09:22.521095Z[0m [34mDEBUG[0m [2mhyper::client::pool[0m[2m:[0m pooling idle connection for ("http", 192.168.0.14:8545)
[2m2025-12-10T10:09:22.549903Z[0m [34mDEBUG[0m [2methereum_transaction_pool_monitor::eth_client[0m[2m:[0m 📨 Received WebSocket message: {"jsonrpc":"2.0","method":"eth_subscription","params":{"subscription":"0xbed0a0851463e895960a451075a301a9","result":"0xd360459d82f9a65dd6f0bd3aec4ac634a2f2982502fd945638a20be6f55033b8"}}
[2m2025-12-10T10:09:22.549928Z[0m [34mDEBUG[0m [2methereum_transaction_pool_monitor::eth_client[0m[2m:[0m 📨 Received pending transaction: 0xd360459d82f9a65dd6f0bd3aec4ac634a2f2982502fd945638a20be6f55033b8
[2m2025-12-10T10:09:22.549949Z[0m [34mDEBUG[0m [2methereum_transaction_pool_monitor::mempool_monitor[0m[2m:[0m 📨 Processing new pending transaction: 0xd360459d82f9a65dd6f0bd3aec4ac634a2f2982502fd945638a20be6f55033b8
[2m2025-12-10T10:09:22.549954Z[0m [34mDEBUG[0m [2methereum_transaction_pool_monitor::mempool_monitor[0m[2m:[0m 🔍 Fetching transaction details for: 0xd360459d82f9a65dd6f0bd3aec4ac634a2f2982502fd945638a20be6f55033b8
[2m2025-12-10T10:09:22.549958Z[0m [34mDEBUG[0m [2methereum_transaction_pool_monitor::eth_client[0m[2m:[0m 🔍 Fetching transaction details for hash: 0xd360459d82f9a65dd6f0bd3aec4ac634a2f2982502fd945638a20be6f55033b8
[2m2025-12-10T10:09:22.549978Z[0m [34mDEBUG[0m [2mhyper::client::pool[0m[2m:[0m reuse idle connection for ("http", 192.168.0.14:8545)
[2m2025-12-10T10:09:22.550000Z[0m [34mDEBUG[0m [2mhyper::proto::h1::io[0m[2m:[0m flushed 250 bytes
[2m2025-12-10T10:09:22.555051Z[0m [34mDEBUG[0m [2mhyper::proto::h1::io[0m[2m:[0m parsed 4 headers
[2m2025-12-10T10:09:22.555060Z[0m [34mDEBUG[0m [2mhyper::proto::h1::conn[0m[2m:[0m incoming body is content-length (552 bytes)
[2m2025-12-10T10:09:22.555068Z[0m [34mDEBUG[0m [2mhyper::proto::h1::conn[0m[2m:[0m incoming body completed
[2m2025-12-10T10:09:22.555078Z[0m [34mDEBUG[0m [2mhyper::client::pool[0m[2m:[0m pooling idle connection for ("http", 192.168.0.14:8545)
[2m2025-12-10T10:09:22.555084Z[0m [34mDEBUG[0m [2methereum_transaction_pool_monitor::eth_client[0m[2m:[0m 📡 Transaction fetch RPC completed in 5.12175ms
[2m2025-12-10T10:09:22.625578Z[0m [34mDEBUG[0m [2methereum_transaction_pool_monitor::eth_client[0m[2m:[0m ✅ Transaction 0xd360459d82f9a65dd6f0bd3aec4ac634a2f2982502fd945638a20be6f55033b8 fetched and parsed in 75.612583ms
[2m2025-12-10T10:09:22.625608Z[0m [34mDEBUG[0m [2methereum_transaction_pool_monitor::mempool_monitor[0m[2m:[0m 🔍 Skipping tx 0xd360459d82f9a65dd6f0bd3aec4ac634a2f2982502fd945638a20be6f55033b8 - not a DEX interaction (target: 0x122D7099aE5B9589a8a760FFe3fD161fA29cEc86)
[2m2025-12-10T10:09:22.625654Z[0m [34mDEBUG[0m [2mhyper::client::pool[0m[2m:[0m reuse idle connection for ("http", 192.168.0.14:8545)
[2m2025-12-10T10:09:22.625711Z[0m [34mDEBUG[0m [2mhyper::proto::h1::io[0m[2m:[0m flushed 172 bytes
[2m2025-12-10T10:09:22.628976Z[0m [34mDEBUG[0m [2mhyper::proto::h1::io[0m[2m:[0m parsed 4 headers
[2m2025-12-10T10:09:22.628984Z[0m [34mDEBUG[0m [2mhyper::proto::h1::conn[0m[2m:[0m incoming body is content-length (45 bytes)
[2m2025-12-10T10:09:22.628991Z[0m [34mDEBUG[0m [2mhyper::proto::h1::conn[0m[2m:[0m incoming body completed
[2m2025-12-10T10:09:22.628998Z[0m [34mDEBUG[0m [2mhyper::client::pool[0m[2m:[0m pooling idle connection for ("http", 192.168.0.14:8545)
[2m2025-12-10T10:09:22.671219Z[0m [34mDEBUG[0m [2methereum_transaction_pool_monitor::eth_client[0m[2m:[0m 📨 Received WebSocket message: {"jsonrpc":"2.0","method":"eth_subscription","params":{"subscription":"0xbed0a0851463e895960a451075a301a9","result":"0x1e1cf090d18cc30aed48274c1f1fe8194ea0d3ec2d5ae5f9ff9c1959653cf27e"}}
[2m2025-12-10T10:09:22.671231Z[0m [34mDEBUG[0m [2methereum_transaction_pool_monitor::eth_client[0m[2m:[0m 📨 Received pending transaction: 0x1e1cf090d18cc30aed48274c1f1fe8194ea0d3ec2d5ae5f9ff9c1959653cf27e
[2m2025-12-10T10:09:22.671238Z[0m [34mDEBUG[0m [2methereum_transaction_pool_monitor::mempool_monitor[0m[2m:[0m 📨 Processing new pending transaction: 0x1e1cf090d18cc30aed48274c1f1fe8194ea0d3ec2d5ae5f9ff9c1959653cf27e
[2m2025-12-10T10:09:22.671243Z[0m [34mDEBUG[0m [2methereum_transaction_pool_monitor::mempool_monitor[0m[2m:[0m 🔍 Fetching transaction details for: 0x1e1cf090d18cc30aed48274c1f1fe8194ea0d3ec2d5ae5f9ff9c1959653cf27e
[2m2025-12-10T10:09:22.671247Z[0m [34mDEBUG[0m [2methereum_transaction_pool_monitor::eth_client[0m[2m:[0m 🔍 Fetching transaction details for hash: 0x1e1cf090d18cc30aed48274c1f1fe8194ea0d3ec2d5ae5f9ff9c1959653cf27e
[2m2025-12-10T10:09:22.671261Z[0m [34mDEBUG[0m [2mhyper::client::pool[0m[2m:[0m reuse idle connection for ("http", 192.168.0.14:8545)
[2m2025-12-10T10:09:22.671278Z[0m [34mDEBUG[0m [2mhyper::proto::h1::io[0m[2m:[0m flushed 250 bytes
[2m2025-12-10T10:09:22.676748Z[0m [34mDEBUG[0m [2mhyper::proto::h1::io[0m[2m:[0m parsed 4 headers
[2m2025-12-10T10:09:22.676848Z[0m [34mDEBUG[0m [2mhyper::proto::h1::conn[0m[2m:[0m incoming body is content-length (552 bytes)
[2m2025-12-10T10:09:22.676858Z[0m [34mDEBUG[0m [2mhyper::proto::h1::conn[0m[2m:[0m incoming body completed
[2m2025-12-10T10:09:22.676868Z[0m [34mDEBUG[0m [2mhyper::client::pool[0m[2m:[0m pooling idle connection for ("http", 192.168.0.14:8545)
[2m2025-12-10T10:09:22.676875Z[0m [34mDEBUG[0m [2methereum_transaction_pool_monitor::eth_client[0m[2m:[0m 📡 Transaction fetch RPC completed in 5.62425ms
[2m2025-12-10T10:09:22.748943Z[0m [34mDEBUG[0m [2methereum_transaction_pool_monitor::eth_client[0m[2m:[0m ✅ Transaction 0x1e1cf090d18cc30aed48274c1f1fe8194ea0d3ec2d5ae5f9ff9c1959653cf27e fetched and parsed in 77.687542ms
[2m2025-12-10T10:09:22.750901Z[0m [34mDEBUG[0m [2methereum_transaction_pool_monitor::mempool_monitor[0m[2m:[0m 🔍 Skipping tx 0x1e1cf090d18cc30aed48274c1f1fe8194ea0d3ec2d5ae5f9ff9c1959653cf27e - not a DEX interaction (target: 0x5fE7e1F21b15a46AAb09198772101a9C56711069)
[2m2025-12-10T10:09:22.750982Z[0m [34mDEBUG[0m [2mhyper::client::pool[0m[2m:[0m reuse idle connection for ("http", 192.168.0.14:8545)
[2m2025-12-10T10:09:22.751035Z[0m [34mDEBUG[0m [2mhyper::proto::h1::io[0m[2m:[0m flushed 172 bytes
[2m2025-12-10T10:09:22.755951Z[0m [34mDEBUG[0m [2mhyper::proto::h1::io[0m[2m:[0m parsed 4 headers
[2m2025-12-10T10:09:22.755959Z[0m [34mDEBUG[0m [2mhyper::proto::h1::conn[0m[2m:[0m incoming body is content-length (45 bytes)
[2m2025-12-10T10:09:22.755971Z[0m [34mDEBUG[0m [2mhyper::proto::h1::conn[0m[2m:[0m incoming body completed
[2m2025-12-10T10:09:22.755983Z[0m [34mDEBUG[0m [2mhyper::client::pool[0m[2m:[0m pooling idle connection for ("http", 192.168.0.14:8545)
[2m2025-12-10T10:09:22.797029Z[0m [34mDEBUG[0m [2mhyper::client::pool[0m[2m:[0m reuse idle connection for ("http", 192.168.0.14:8545)
[2m2025-12-10T10:09:22.797065Z[0m [34mDEBUG[0m [2mhyper::proto::h1::io[0m[2m:[0m flushed 172 bytes
[2m2025-12-10T10:09:22.801354Z[0m [34mDEBUG[0m [2mhyper::proto::h1::io[0m[2m:[0m parsed 4 headers
[2m2025-12-10T10:09:22.801381Z[0m [34mDEBUG[0m [2mhyper::proto::h1::conn[0m[2m:[0m incoming body is content-length (45 bytes)
[2m2025-12-10T10:09:22.801395Z[0m [34mDEBUG[0m [2mhyper::proto::h1::conn[0m[2m:[0m incoming body completed
[2m2025-12-10T10:09:22.801419Z[0m [34mDEBUG[0m [2mhyper::client::pool[0m[2m:[0m pooling idle connection for ("http", 192.168.0.14:8545)
[2m2025-12-10T10:09:22.873637Z[0m [34mDEBUG[0m [2methereum_transaction_pool_monitor::eth_client[0m[2m:[0m 📨 Received WebSocket message: {"jsonrpc":"2.0","method":"eth_subscription","params":{"subscription":"0xbed0a0851463e895960a451075a301a9","result":"0x0b4e888929106c5c6ad60e61f05f22239af9c201aa6e37aed542a70c40ed15db"}}
[2m2025-12-10T10:09:22.873657Z[0m [34mDEBUG[0m [2methereum_transaction_pool_monitor::eth_client[0m[2m:[0m 📨 Received pending transaction: 0x0b4e888929106c5c6ad60e61f05f22239af9c201aa6e37aed542a70c40ed15db
[2m2025-12-10T10:09:22.873665Z[0m [34mDEBUG[0m [2methereum_transaction_pool_monitor::mempool_monitor[0m[2m:[0m 📨 Processing new pending transaction: 0x0b4e888929106c5c6ad60e61f05f22239af9c201aa6e37aed542a70c40ed15db
[2m2025-12-10T10:09:22.873670Z[0m [34mDEBUG[0m [2methereum_transaction_pool_monitor::mempool_monitor[0m[2m:[0m 🔍 Fetching transaction details for: 0x0b4e888929106c5c6ad60e61f05f22239af9c201aa6e37aed542a70c40ed15db
[2m2025-12-10T10:09:22.873676Z[0m [34mDEBUG[0m [2methereum_transaction_pool_monitor::eth_client[0m[2m:[0m 🔍 Fetching transaction details for hash: 0x0b4e888929106c5c6ad60e61f05f22239af9c201aa6e37aed542a70c40ed15db
[2m2025-12-10T10:09:22.873695Z[0m [34mDEBUG[0m [2mhyper::client::pool[0m[2m:[0m reuse idle connection for ("http", 192.168.0.14:8545)
[2m2025-12-10T10:09:22.873719Z[0m [34mDEBUG[0m [2mhyper::proto::h1::io[0m[2m:[0m flushed 250 bytes
[2m2025-12-10T10:09:22.877374Z[0m [34mDEBUG[0m [2mhyper::proto::h1::io[0m[2m:[0m parsed 4 headers
[2m2025-12-10T10:09:22.877380Z[0m [34mDEBUG[0m [2mhyper::proto::h1::conn[0m[2m:[0m incoming body is content-length (654 bytes)
[2m2025-12-10T10:09:22.877388Z[0m [34mDEBUG[0m [2mhyper::proto::h1::conn[0m[2m:[0m incoming body completed
[2m2025-12-10T10:09:22.877396Z[0m [34mDEBUG[0m [2mhyper::client::pool[0m[2m:[0m pooling idle connection for ("http", 192.168.0.14:8545)
[2m2025-12-10T10:09:22.877402Z[0m [34mDEBUG[0m [2methereum_transaction_pool_monitor::eth_client[0m[2m:[0m 📡 Transaction fetch RPC completed in 3.722542ms
[2m2025-12-10T10:09:23.002208Z[0m [34mDEBUG[0m [2methereum_transaction_pool_monitor::eth_client[0m[2m:[0m ✅ Transaction 0x0b4e888929106c5c6ad60e61f05f22239af9c201aa6e37aed542a70c40ed15db fetched and parsed in 128.524917ms
[2m2025-12-10T10:09:23.002235Z[0m [34mDEBUG[0m [2methereum_transaction_pool_monitor::mempool_monitor[0m[2m:[0m 🔍 Skipping tx 0x0b4e888929106c5c6ad60e61f05f22239af9c201aa6e37aed542a70c40ed15db - not a DEX interaction (target: 0xb77307774952bd07891B0354902dD352871f9156)
[2m2025-12-10T10:09:23.002278Z[0m [34mDEBUG[0m [2mhyper::client::pool[0m[2m:[0m reuse idle connection for ("http", 192.168.0.14:8545)
[2m2025-12-10T10:09:23.002324Z[0m [34mDEBUG[0m [2mhyper::proto::h1::io[0m[2m:[0m flushed 172 bytes
[2m2025-12-10T10:09:23.002335Z[0m [34mDEBUG[0m [2methereum_transaction_pool_monitor::eth_client[0m[2m:[0m 📨 Received WebSocket message: {"jsonrpc":"2.0","method":"eth_subscription","params":{"subscription":"0xbed0a0851463e895960a451075a301a9","result":"0x6ea2253ffbafaeccadb13ceda03b53bf9ad583e704ca68ce8c211f2f8893206c"}}
[2m2025-12-10T10:09:23.002344Z[0m [34mDEBUG[0m [2methereum_transaction_pool_monitor::eth_client[0m[2m:[0m 📨 Received pending transaction: 0x6ea2253ffbafaeccadb13ceda03b53bf9ad583e704ca68ce8c211f2f8893206c
[2m2025-12-10T10:09:23.002354Z[0m [34mDEBUG[0m [2methereum_transaction_pool_monitor::mempool_monitor[0m[2m:[0m 📨 Processing new pending transaction: 0x6ea2253ffbafaeccadb13ceda03b53bf9ad583e704ca68ce8c211f2f8893206c
[2m2025-12-10T10:09:23.002360Z[0m [34mDEBUG[0m [2methereum_transaction_pool_monitor::mempool_monitor[0m[2m:[0m 🔍 Fetching transaction details for: 0x6ea2253ffbafaeccadb13ceda03b53bf9ad583e704ca68ce8c211f2f8893206c
[2m2025-12-10T10:09:23.002364Z[0m [34mDEBUG[0m [2methereum_transaction_pool_monitor::eth_client[0m[2m:[0m 🔍 Fetching transaction details for hash: 0x6ea2253ffbafaeccadb13ceda03b53bf9ad583e704ca68ce8c211f2f8893206c
[2m2025-12-10T10:09:23.002372Z[0m [34mDEBUG[0m [2mhyper::client::pool[0m[2m:[0m reuse idle connection for ("http", 192.168.0.14:8545)
[2m2025-12-10T10:09:23.002386Z[0m [34mDEBUG[0m [2mhyper::proto::h1::io[0m[2m:[0m flushed 250 bytes
[2m2025-12-10T10:09:23.008520Z[0m [34mDEBUG[0m [2mhyper::proto::h1::io[0m[2m:[0m parsed 4 headers
[2m2025-12-10T10:09:23.008531Z[0m [34mDEBUG[0m [2mhyper::proto::h1::conn[0m[2m:[0m incoming body is content-length (45 bytes)
[2m2025-12-10T10:09:23.008544Z[0m [34mDEBUG[0m [2mhyper::proto::h1::conn[0m[2m:[0m incoming body completed
[2m2025-12-10T10:09:23.008558Z[0m [34mDEBUG[0m [2mhyper::client::pool[0m[2m:[0m pooling idle connection for ("http", 192.168.0.14:8545)
[2m2025-12-10T10:09:23.008587Z[0m [34mDEBUG[0m [2mhyper::client::pool[0m[2m:[0m reuse idle connection for ("http", 192.168.0.14:8545)
[2m2025-12-10T10:09:23.008612Z[0m [34mDEBUG[0m [2mhyper::proto::h1::io[0m[2m:[0m flushed 172 bytes
[2m2025-12-10T10:09:23.010504Z[0m [34mDEBUG[0m [2mhyper::proto::h1::io[0m[2m:[0m parsed 4 headers
[2m2025-12-10T10:09:23.010518Z[0m [34mDEBUG[0m [2mhyper::proto::h1::conn[0m[2m:[0m incoming body is content-length (2307 bytes)
[2m2025-12-10T10:09:23.010541Z[0m [34mDEBUG[0m [2mhyper::proto::h1::conn[0m[2m:[0m incoming body completed
[2m2025-12-10T10:09:23.010550Z[0m [34mDEBUG[0m [2mhyper::client::pool[0m[2m:[0m pooling idle connection for ("http", 192.168.0.14:8545)
[2m2025-12-10T10:09:23.010557Z[0m [34mDEBUG[0m [2methereum_transaction_pool_monitor::eth_client[0m[2m:[0m 📡 Transaction fetch RPC completed in 8.188709ms
[2m2025-12-10T10:09:23.082082Z[0m [34mDEBUG[0m [2methereum_transaction_pool_monitor::eth_client[0m[2m:[0m ✅ Transaction 0x6ea2253ffbafaeccadb13ceda03b53bf9ad583e704ca68ce8c211f2f8893206c fetched and parsed in 79.711709ms
[2m2025-12-10T10:09:23.082109Z[0m [34mDEBUG[0m [2methereum_transaction_pool_monitor::mempool_monitor[0m[2m:[0m 🔍 Skipping tx 0x6ea2253ffbafaeccadb13ceda03b53bf9ad583e704ca68ce8c211f2f8893206c - not a DEX interaction (target: 0x66a9893cC07D91D95644AEDD05D03f95e1dBA8Af)
[2m2025-12-10T10:09:23.082136Z[0m [34mDEBUG[0m [2mhyper::proto::h1::io[0m[2m:[0m parsed 4 headers
[2m2025-12-10T10:09:23.082141Z[0m [34mDEBUG[0m [2mhyper::proto::h1::conn[0m[2m:[0m incoming body is content-length (45 bytes)
[2m2025-12-10T10:09:23.082149Z[0m [34mDEBUG[0m [2mhyper::proto::h1::conn[0m[2m:[0m incoming body completed
[2m2025-12-10T10:09:23.082159Z[0m [34mDEBUG[0m [2mhyper::client::pool[0m[2m:[0m pooling idle connection for ("http", 192.168.0.14:8545)
[2m2025-12-10T10:09:23.097237Z[0m [34mDEBUG[0m [2mhyper::client::pool[0m[2m:[0m reuse idle connection for ("http", 192.168.0.14:8545)
[2m2025-12-10T10:09:23.097308Z[0m [34mDEBUG[0m [2mhyper::proto::h1::io[0m[2m:[0m flushed 172 bytes
[2m2025-12-10T10:09:23.100987Z[0m [34mDEBUG[0m [2mhyper::proto::h1::io[0m[2m:[0m parsed 4 headers
[2m2025-12-10T10:09:23.101010Z[0m [34mDEBUG[0m [2mhyper::proto::h1::conn[0m[2m:[0m incoming body is content-length (45 bytes)
[2m2025-12-10T10:09:23.101033Z[0m [34mDEBUG[0m [2mhyper::proto::h1::conn[0m[2m:[0m incoming body completed
[2m2025-12-10T10:09:23.101043Z[0m [34mDEBUG[0m [2mhyper::client::pool[0m[2m:[0m pooling idle connection for ("http", 192.168.0.14:8545)
[2m2025-12-10T10:09:23.197321Z[0m [34mDEBUG[0m [2mhyper::client::pool[0m[2m:[0m reuse idle connection for ("http", 192.168.0.14:8545)
[2m2025-12-10T10:09:23.197364Z[0m [34mDEBUG[0m [2mhyper::proto::h1::io[0m[2m:[0m flushed 172 bytes
[2m2025-12-10T10:09:23.202642Z[0m [34mDEBUG[0m [2mhyper::proto::h1::io[0m[2m:[0m parsed 4 headers
[2m2025-12-10T10:09:23.202667Z[0m [34mDEBUG[0m [2mhyper::proto::h1::conn[0m[2m:[0m incoming body is content-length (45 bytes)
[2m2025-12-10T10:09:23.202685Z[0m [34mDEBUG[0m [2mhyper::proto::h1::conn[0m[2m:[0m incoming body completed
[2m2025-12-10T10:09:23.202701Z[0m [34mDEBUG[0m [2mhyper::client::pool[0m[2m:[0m pooling idle connection for ("http", 192.168.0.14:8545)
[2m2025-12-10T10:09:23.261208Z[0m [34mDEBUG[0m [2methereum_transaction_pool_monitor::eth_client[0m[2m:[0m 📨 Received WebSocket message: {"jsonrpc":"2.0","method":"eth_subscription","params":{"subscription":"0xbed0a0851463e895960a451075a301a9","result":"0x2f5cceede944730e36ff6081ce0b3a8a285b01aa812ad0874b044412fae667a1"}}
[2m2025-12-10T10:09:23.261280Z[0m [34mDEBUG[0m [2methereum_transaction_pool_monitor::eth_client[0m[2m:[0m 📨 Received pending transaction: 0x2f5cceede944730e36ff6081ce0b3a8a285b01aa812ad0874b044412fae667a1
[2m2025-12-10T10:09:23.261303Z[0m [34mDEBUG[0m [2methereum_transaction_pool_monitor::mempool_monitor[0m[2m:[0m 📨 Processing new pending transaction: 0x2f5cceede944730e36ff6081ce0b3a8a285b01aa812ad0874b044412fae667a1
[2m2025-12-10T10:09:23.261317Z[0m [34mDEBUG[0m [2methereum_transaction_pool_monitor::mempool_monitor[0m[2m:[0m 🔍 Fetching transaction details for: 0x2f5cceede944730e36ff6081ce0b3a8a285b01aa812ad0874b044412fae667a1
[2m2025-12-10T10:09:23.261329Z[0m [34mDEBUG[0m [2methereum_transaction_pool_monitor::eth_client[0m[2m:[0m 🔍 Fetching transaction details for hash: 0x2f5cceede944730e36ff6081ce0b3a8a285b01aa812ad0874b044412fae667a1
[2m2025-12-10T10:09:23.261374Z[0m [34mDEBUG[0m [2mhyper::client::pool[0m[2m:[0m reuse idle connection for ("http", 192.168.0.14:8545)
[2m2025-12-10T10:09:23.261439Z[0m [34mDEBUG[0m [2mhyper::proto::h1::io[0m[2m:[0m flushed 250 bytes
[2m2025-12-10T10:09:23.266758Z[0m [34mDEBUG[0m [2mhyper::proto::h1::io[0m[2m:[0m parsed 4 headers
[2m2025-12-10T10:09:23.266778Z[0m [34mDEBUG[0m [2mhyper::proto::h1::conn[0m[2m:[0m incoming body is content-length (1219 bytes)
[2m2025-12-10T10:09:23.266789Z[0m [34mDEBUG[0m [2mhyper::proto::h1::conn[0m[2m:[0m incoming body completed
[2m2025-12-10T10:09:23.266802Z[0m [34mDEBUG[0m [2mhyper::client::pool[0m[2m:[0m pooling idle connection for ("http", 192.168.0.14:8545)
[2m2025-12-10T10:09:23.266811Z[0m [34mDEBUG[0m [2methereum_transaction_pool_monitor::eth_client[0m[2m:[0m 📡 Transaction fetch RPC completed in 5.470666ms
[2m2025-12-10T10:09:23.417430Z[0m [34mDEBUG[0m [2methereum_transaction_pool_monitor::eth_client[0m[2m:[0m ✅ Transaction 0x2f5cceede944730e36ff6081ce0b3a8a285b01aa812ad0874b044412fae667a1 fetched and parsed in 156.085666ms
[2m2025-12-10T10:09:23.417463Z[0m [34mDEBUG[0m [2methereum_transaction_pool_monitor::mempool_monitor[0m[2m:[0m 🔍 Skipping tx 0x2f5cceede944730e36ff6081ce0b3a8a285b01aa812ad0874b044412fae667a1 - not a DEX interaction (target: 0xF6801D319497789f934ec7F83E142a9536312B08)
[2m2025-12-10T10:09:23.417503Z[0m [34mDEBUG[0m [2mhyper::client::pool[0m[2m:[0m reuse idle connection for ("http", 192.168.0.14:8545)
[2m2025-12-10T10:09:23.417515Z[0m [34mDEBUG[0m [2methereum_transaction_pool_monitor::eth_client[0m[2m:[0m 📨 Received WebSocket message: {"jsonrpc":"2.0","method":"eth_subscription","params":{"subscription":"0xbed0a0851463e895960a451075a301a9","result":"0x493884e5c305a436759f4ccdf4bf81202cfebfee8cf54641b0280bcd66d4646a"}}
[2m2025-12-10T10:09:23.417527Z[0m [34mDEBUG[0m [2methereum_transaction_pool_monitor::eth_client[0m[2m:[0m 📨 Received pending transaction: 0x493884e5c305a436759f4ccdf4bf81202cfebfee8cf54641b0280bcd66d4646a
[2m2025-12-10T10:09:23.417537Z[0m [34mDEBUG[0m [2methereum_transaction_pool_monitor::mempool_monitor[0m[2m:[0m 📨 Processing new pending transaction: 0x493884e5c305a436759f4ccdf4bf81202cfebfee8cf54641b0280bcd66d4646a
[2m2025-12-10T10:09:23.417543Z[0m [34mDEBUG[0m [2mhyper::proto::h1::io[0m[2m:[0m flushed 172 bytes
[2m2025-12-10T10:09:23.417544Z[0m [34mDEBUG[0m [2methereum_transaction_pool_monitor::mempool_monitor[0m[2m:[0m 🔍 Fetching transaction details for: 0x493884e5c305a436759f4ccdf4bf81202cfebfee8cf54641b0280bcd66d4646a
[2m2025-12-10T10:09:23.417570Z[0m [34mDEBUG[0m [2methereum_transaction_pool_monitor::eth_client[0m[2m:[0m 🔍 Fetching transaction details for hash: 0x493884e5c305a436759f4ccdf4bf81202cfebfee8cf54641b0280bcd66d4646a
[2m2025-12-10T10:09:23.417582Z[0m [34mDEBUG[0m [2mhyper::client::pool[0m[2m:[0m reuse idle connection for ("http", 192.168.0.14:8545)
[2m2025-12-10T10:09:23.417599Z[0m [34mDEBUG[0m [2mhyper::proto::h1::io[0m[2m:[0m flushed 250 bytes
[2m2025-12-10T10:09:23.421579Z[0m [34mDEBUG[0m [2mhyper::proto::h1::io[0m[2m:[0m parsed 4 headers
[2m2025-12-10T10:09:23.421603Z[0m [34mDEBUG[0m [2mhyper::proto::h1::conn[0m[2m:[0m incoming body is content-length (45 bytes)
[2m2025-12-10T10:09:23.421631Z[0m [34mDEBUG[0m [2mhyper::proto::h1::conn[0m[2m:[0m incoming body completed
[2m2025-12-10T10:09:23.421654Z[0m [34mDEBUG[0m [2mhyper::client::pool[0m[2m:[0m pooling idle connection for ("http", 192.168.0.14:8545)
[2m2025-12-10T10:09:23.421671Z[0m [34mDEBUG[0m [2mhyper::client::pool[0m[2m:[0m reuse idle connection for ("http", 192.168.0.14:8545)
[2m2025-12-10T10:09:23.421688Z[0m [34mDEBUG[0m [2mhyper::proto::h1::io[0m[2m:[0m flushed 172 bytes
[2m2025-12-10T10:09:23.424637Z[0m [34mDEBUG[0m [2mhyper::proto::h1::io[0m[2m:[0m parsed 4 headers
[2m2025-12-10T10:09:23.424659Z[0m [34mDEBUG[0m [2mhyper::proto::h1::conn[0m[2m:[0m incoming body is content-length (614 bytes)
[2m2025-12-10T10:09:23.424680Z[0m [34mDEBUG[0m [2mhyper::proto::h1::conn[0m[2m:[0m incoming body completed
[2m2025-12-10T10:09:23.424694Z[0m [34mDEBUG[0m [2mhyper::client::pool[0m[2m:[0m pooling idle connection for ("http", 192.168.0.14:8545)
[2m2025-12-10T10:09:23.424699Z[0m [34mDEBUG[0m [2methereum_transaction_pool_monitor::eth_client[0m[2m:[0m 📡 Transaction fetch RPC completed in 7.123792ms
[2m2025-12-10T10:09:23.540106Z[0m [34mDEBUG[0m [2methereum_transaction_pool_monitor::eth_client[0m[2m:[0m ✅ Transaction 0x493884e5c305a436759f4ccdf4bf81202cfebfee8cf54641b0280bcd66d4646a fetched and parsed in 122.526959ms
[2m2025-12-10T10:09:23.540136Z[0m [34mDEBUG[0m [2methereum_transaction_pool_monitor::mempool_monitor[0m[2m:[0m 🔍 Skipping tx 0x493884e5c305a436759f4ccdf4bf81202cfebfee8cf54641b0280bcd66d4646a - not a DEX interaction (target: 0x018153A536ADA3544fE1C8760687E4087f95c57E)
[2m2025-12-10T10:09:23.540165Z[0m [34mDEBUG[0m [2mhyper::proto::h1::io[0m[2m:[0m parsed 4 headers
[2m2025-12-10T10:09:23.540173Z[0m [34mDEBUG[0m [2mhyper::proto::h1::conn[0m[2m:[0m incoming body is content-length (45 bytes)
[2m2025-12-10T10:09:23.540185Z[0m [34mDEBUG[0m [2mhyper::proto::h1::conn[0m[2m:[0m incoming body completed
[2m2025-12-10T10:09:23.540198Z[0m [34mDEBUG[0m [2mhyper::client::pool[0m[2m:[0m pooling idle connection for ("http", 192.168.0.14:8545)
[2m2025-12-10T10:09:23.540229Z[0m [34mDEBUG[0m [2mhyper::client::pool[0m[2m:[0m reuse idle connection for ("http", 192.168.0.14:8545)
[2m2025-12-10T10:09:23.540255Z[0m [34mDEBUG[0m [2mhyper::proto::h1::io[0m[2m:[0m flushed 172 bytes
[2m2025-12-10T10:09:23.543851Z[0m [34mDEBUG[0m [2mhyper::proto::h1::io[0m[2m:[0m parsed 4 headers
[2m2025-12-10T10:09:23.544489Z[0m [34mDEBUG[0m [2mhyper::proto::h1::conn[0m[2m:[0m incoming body is content-length (45 bytes)
[2m2025-12-10T10:09:23.544498Z[0m [34mDEBUG[0m [2mhyper::proto::h1::conn[0m[2m:[0m incoming body completed
[2m2025-12-10T10:09:23.544508Z[0m [34mDEBUG[0m [2mhyper::client::pool[0m[2m:[0m pooling idle connection for ("http", 192.168.0.14:8545)
[2m2025-12-10T10:09:23.597572Z[0m [34mDEBUG[0m [2mhyper::client::pool[0m[2m:[0m reuse idle connection for ("http", 192.168.0.14:8545)
[2m2025-12-10T10:09:23.597643Z[0m [34mDEBUG[0m [2mhyper::proto::h1::io[0m[2m:[0m flushed 172 bytes
[2m2025-12-10T10:09:23.602570Z[0m [34mDEBUG[0m [2mhyper::proto::h1::io[0m[2m:[0m parsed 4 headers
[2m2025-12-10T10:09:23.602583Z[0m [34mDEBUG[0m [2mhyper::proto::h1::conn[0m[2m:[0m incoming body is content-length (45 bytes)
[2m2025-12-10T10:09:23.602593Z[0m [34mDEBUG[0m [2mhyper::proto::h1::conn[0m[2m:[0m incoming body completed
[2m2025-12-10T10:09:23.602602Z[0m [34mDEBUG[0m [2mhyper::client::pool[0m[2m:[0m pooling idle connection for ("http", 192.168.0.14:8545)
[2m2025-12-10T10:09:23.651089Z[0m [34mDEBUG[0m [2methereum_transaction_pool_monitor::eth_client[0m[2m:[0m 📨 Received WebSocket message: {"jsonrpc":"2.0","method":"eth_subscription","params":{"subscription":"0xbed0a0851463e895960a451075a301a9","result":"0x8acd3928be26c3620c6cb170ff9f7b157c506b23e64b3ed27dcf746a6c3405ea"}}
[2m2025-12-10T10:09:23.651112Z[0m [34mDEBUG[0m [2methereum_transaction_pool_monitor::eth_client[0m[2m:[0m 📨 Received pending transaction: 0x8acd3928be26c3620c6cb170ff9f7b157c506b23e64b3ed27dcf746a6c3405ea
[2m2025-12-10T10:09:23.651121Z[0m [34mDEBUG[0m [2methereum_transaction_pool_monitor::mempool_monitor[0m[2m:[0m 📨 Processing new pending transaction: 0x8acd3928be26c3620c6cb170ff9f7b157c506b23e64b3ed27dcf746a6c3405ea
[2m2025-12-10T10:09:23.651128Z[0m [34mDEBUG[0m [2methereum_transaction_pool_monitor::mempool_monitor[0m[2m:[0m 🔍 Fetching transaction details for: 0x8acd3928be26c3620c6cb170ff9f7b157c506b23e64b3ed27dcf746a6c3405ea
[2m2025-12-10T10:09:23.651133Z[0m [34mDEBUG[0m [2methereum_transaction_pool_monitor::eth_client[0m[2m:[0m 🔍 Fetching transaction details for hash: 0x8acd3928be26c3620c6cb170ff9f7b157c506b23e64b3ed27dcf746a6c3405ea
[2m2025-12-10T10:09:23.651153Z[0m [34mDEBUG[0m [2mhyper::client::pool[0m[2m:[0m reuse idle connection for ("http", 192.168.0.14:8545)
[2m2025-12-10T10:09:23.651188Z[0m [34mDEBUG[0m [2mhyper::proto::h1::io[0m[2m:[0m flushed 250 bytes
[2m2025-12-10T10:09:23.657089Z[0m [34mDEBUG[0m [2mhyper::proto::h1::io[0m[2m:[0m parsed 4 headers
[2m2025-12-10T10:09:23.657102Z[0m [34mDEBUG[0m [2mhyper::proto::h1::conn[0m[2m:[0m incoming body is content-length (651 bytes)
[2m2025-12-10T10:09:23.657113Z[0m [34mDEBUG[0m [2mhyper::proto::h1::conn[0m[2m:[0m incoming body completed
[2m2025-12-10T10:09:23.657127Z[0m [34mDEBUG[0m [2mhyper::client::pool[0m[2m:[0m pooling idle connection for ("http", 192.168.0.14:8545)
[2m2025-12-10T10:09:23.657136Z[0m [34mDEBUG[0m [2methereum_transaction_pool_monitor::eth_client[0m[2m:[0m 📡 Transaction fetch RPC completed in 5.997917ms
[2m2025-12-10T10:09:23.730622Z[0m [34mDEBUG[0m [2methereum_transaction_pool_monitor::eth_client[0m[2m:[0m ✅ Transaction 0x8acd3928be26c3620c6cb170ff9f7b157c506b23e64b3ed27dcf746a6c3405ea fetched and parsed in 79.480709ms
[2m2025-12-10T10:09:23.730651Z[0m [34mDEBUG[0m [2methereum_transaction_pool_monitor::mempool_monitor[0m[2m:[0m 🔍 Skipping tx 0x8acd3928be26c3620c6cb170ff9f7b157c506b23e64b3ed27dcf746a6c3405ea - not a DEX interaction (target: 0x0D31eB86f8858a2261214fC6D6B24cbF3D5E78d0)
[2m2025-12-10T10:09:23.730720Z[0m [34mDEBUG[0m [2mhyper::client::pool[0m[2m:[0m reuse idle connection for ("http", 192.168.0.14:8545)
[2m2025-12-10T10:09:23.730773Z[0m [34mDEBUG[0m [2mhyper::proto::h1::io[0m[2m:[0m flushed 172 bytes
[2m2025-12-10T10:09:23.736933Z[0m [34mDEBUG[0m [2mhyper::proto::h1::io[0m[2m:[0m parsed 4 headers
[2m2025-12-10T10:09:23.736955Z[0m [34mDEBUG[0m [2mhyper::proto::h1::conn[0m[2m:[0m incoming body is content-length (45 bytes)
[2m2025-12-10T10:09:23.736964Z[0m [34mDEBUG[0m [2mhyper::proto::h1::conn[0m[2m:[0m incoming body completed
[2m2025-12-10T10:09:23.736975Z[0m [34mDEBUG[0m [2mhyper::client::pool[0m[2m:[0m pooling idle connection for ("http", 192.168.0.14:8545)
[2m2025-12-10T10:09:23.796153Z[0m [34mDEBUG[0m [2mhyper::client::pool[0m[2m:[0m reuse idle connection for ("http", 192.168.0.14:8545)
[2m2025-12-10T10:09:23.796193Z[0m [34mDEBUG[0m [2mhyper::proto::h1::io[0m[2m:[0m flushed 172 bytes
[2m2025-12-10T10:09:23.800976Z[0m [34mDEBUG[0m [2mhyper::proto::h1::io[0m[2m:[0m parsed 4 headers
[2m2025-12-10T10:09:23.800997Z[0m [34mDEBUG[0m [2mhyper::proto::h1::conn[0m[2m:[0m incoming body is content-length (45 bytes)
[2m2025-12-10T10:09:23.801007Z[0m [34mDEBUG[0m [2mhyper::proto::h1::conn[0m[2m:[0m incoming body completed
[2m2025-12-10T10:09:23.801019Z[0m [34mDEBUG[0m [2mhyper::client::pool[0m[2m:[0m pooling idle connection for ("http", 192.168.0.14:8545)
[2m2025-12-10T10:09:23.820521Z[0m [34mDEBUG[0m [2methereum_transaction_pool_monitor::eth_client[0m[2m:[0m 📨 Received WebSocket message: {"jsonrpc":"2.0","method":"eth_subscription","params":{"subscription":"0xbed0a0851463e895960a451075a301a9","result":"0xb786bd91c14a75499cf62133961913325d10257c954aeefe52f2104c4251f6a5"}}
[2m2025-12-10T10:09:23.820541Z[0m [34mDEBUG[0m [2methereum_transaction_pool_monitor::eth_client[0m[2m:[0m 📨 Received pending transaction: 0xb786bd91c14a75499cf62133961913325d10257c954aeefe52f2104c4251f6a5
[2m2025-12-10T10:09:23.820549Z[0m [34mDEBUG[0m [2methereum_transaction_pool_monitor::mempool_monitor[0m[2m:[0m 📨 Processing new pending transaction: 0xb786bd91c14a75499cf62133961913325d10257c954aeefe52f2104c4251f6a5
[2m2025-12-10T10:09:23.820554Z[0m [34mDEBUG[0m [2methereum_transaction_pool_monitor::mempool_monitor[0m[2m:[0m 🔍 Fetching transaction details for: 0xb786bd91c14a75499cf62133961913325d10257c954aeefe52f2104c4251f6a5
[2m2025-12-10T10:09:23.820558Z[0m [34mDEBUG[0m [2methereum_transaction_pool_monitor::eth_client[0m[2m:[0m 🔍 Fetching transaction details for hash: 0xb786bd91c14a75499cf62133961913325d10257c954aeefe52f2104c4251f6a5
[2m2025-12-10T10:09:23.820577Z[0m [34mDEBUG[0m [2mhyper::client::pool[0m[2m:[0m reuse idle connection for ("http", 192.168.0.14:8545)
[2m2025-12-10T10:09:23.820616Z[0m [34mDEBUG[0m [2mhyper::proto::h1::io[0m[2m:[0m flushed 250 bytes
[2m2025-12-10T10:09:23.824548Z[0m [34mDEBUG[0m [2mhyper::proto::h1::io[0m[2m:[0m parsed 4 headers
[2m2025-12-10T10:09:23.824564Z[0m [34mDEBUG[0m [2mhyper::proto::h1::conn[0m[2m:[0m incoming body is content-length (645 bytes)
[2m2025-12-10T10:09:23.824573Z[0m [34mDEBUG[0m [2mhyper::proto::h1::conn[0m[2m:[0m incoming body completed
[2m2025-12-10T10:09:23.824584Z[0m [34mDEBUG[0m [2mhyper::client::pool[0m[2m:[0m pooling idle connection for ("http", 192.168.0.14:8545)
[2m2025-12-10T10:09:23.824592Z[0m [34mDEBUG[0m [2methereum_transaction_pool_monitor::eth_client[0m[2m:[0m 📡 Transaction fetch RPC completed in 4.029792ms
[2m2025-12-10T10:09:23.894860Z[0m [34mDEBUG[0m [2methereum_transaction_pool_monitor::eth_client[0m[2m:[0m ✅ Transaction 0xb786bd91c14a75499cf62133961913325d10257c954aeefe52f2104c4251f6a5 fetched and parsed in 74.294667ms
[2m2025-12-10T10:09:23.894891Z[0m [34mDEBUG[0m [2methereum_transaction_pool_monitor::mempool_monitor[0m[2m:[0m 🔍 Skipping tx 0xb786bd91c14a75499cf62133961913325d10257c954aeefe52f2104c4251f6a5 - not a DEX interaction (target: 0x04C168D57774BE336ECc8542155D684e65b369E2)
[2m2025-12-10T10:09:23.896076Z[0m [34mDEBUG[0m [2mhyper::client::pool[0m[2m:[0m reuse idle connection for ("http", 192.168.0.14:8545)
[2m2025-12-10T10:09:23.896114Z[0m [34mDEBUG[0m [2mhyper::proto::h1::io[0m[2m:[0m flushed 172 bytes
[2m2025-12-10T10:09:23.900751Z[0m [34mDEBUG[0m [2mhyper::proto::h1::io[0m[2m:[0m parsed 4 headers
[2m2025-12-10T10:09:23.900763Z[0m [34mDEBUG[0m [2mhyper::proto::h1::conn[0m[2m:[0m incoming body is content-length (45 bytes)
[2m2025-12-10T10:09:23.900776Z[0m [34mDEBUG[0m [2mhyper::proto::h1::conn[0m[2m:[0m incoming body completed
[2m2025-12-10T10:09:23.900789Z[0m [34mDEBUG[0m [2mhyper::client::pool[0m[2m:[0m pooling idle connection for ("http", 192.168.0.14:8545)
[2m2025-12-10T10:09:23.996610Z[0m [34mDEBUG[0m [2mhyper::client::pool[0m[2m:[0m reuse idle connection for ("http", 192.168.0.14:8545)
[2m2025-12-10T10:09:23.996699Z[0m [34mDEBUG[0m [2mhyper::proto::h1::io[0m[2m:[0m flushed 172 bytes
[2m2025-12-10T10:09:23.999580Z[0m [34mDEBUG[0m [2mhyper::proto::h1::io[0m[2m:[0m parsed 4 headers
[2m2025-12-10T10:09:23.999599Z[0m [34mDEBUG[0m [2mhyper::proto::h1::conn[0m[2m:[0m incoming body is content-length (45 bytes)
[2m2025-12-10T10:09:23.999608Z[0m [34mDEBUG[0m [2mhyper::proto::h1::conn[0m[2m:[0m incoming body completed
[2m2025-12-10T10:09:23.999619Z[0m [34mDEBUG[0m [2mhyper::client::pool[0m[2m:[0m pooling idle connection for ("http", 192.168.0.14:8545)
[2m2025-12-10T10:09:24.097572Z[0m [34mDEBUG[0m [2mhyper::client::pool[0m[2m:[0m reuse idle connection for ("http", 192.168.0.14:8545)
[2m2025-12-10T10:09:24.097640Z[0m [34mDEBUG[0m [2mhyper::proto::h1::io[0m[2m:[0m flushed 172 bytes
[2m2025-12-10T10:09:24.101414Z[0m [34mDEBUG[0m [2mhyper::proto::h1::io[0m[2m:[0m parsed 4 headers
[2m2025-12-10T10:09:24.101431Z[0m [34mDEBUG[0m [2mhyper::proto::h1::conn[0m[2m:[0m incoming body is content-length (45 bytes)
[2m2025-12-10T10:09:24.101439Z[0m [34mDEBUG[0m [2mhyper::proto::h1::conn[0m[2m:[0m incoming body completed
[2m2025-12-10T10:09:24.101449Z[0m [34mDEBUG[0m [2mhyper::client::pool[0m[2m:[0m pooling idle connection for ("http", 192.168.0.14:8545)
[2m2025-12-10T10:09:24.182844Z[0m [34mDEBUG[0m [2methereum_transaction_pool_monitor::eth_client[0m[2m:[0m 📨 Received WebSocket message: {"jsonrpc":"2.0","method":"eth_subscription","params":{"subscription":"0xbed0a0851463e895960a451075a301a9","result":"0x13f3e1cfdce8580010bcb835b34142ba3201e11796e2972509e762d0347a3f23"}}
[2m2025-12-10T10:09:24.182865Z[0m [34mDEBUG[0m [2methereum_transaction_pool_monitor::eth_client[0m[2m:[0m 📨 Received pending transaction: 0x13f3e1cfdce8580010bcb835b34142ba3201e11796e2972509e762d0347a3f23
[2m2025-12-10T10:09:24.182874Z[0m [34mDEBUG[0m [2methereum_transaction_pool_monitor::mempool_monitor[0m[2m:[0m 📨 Processing new pending transaction: 0x13f3e1cfdce8580010bcb835b34142ba3201e11796e2972509e762d0347a3f23
[2m2025-12-10T10:09:24.182879Z[0m [34mDEBUG[0m [2methereum_transaction_pool_monitor::mempool_monitor[0m[2m:[0m 🔍 Fetching transaction details for: 0x13f3e1cfdce8580010bcb835b34142ba3201e11796e2972509e762d0347a3f23
[2m2025-12-10T10:09:24.182883Z[0m [34mDEBUG[0m [2methereum_transaction_pool_monitor::eth_client[0m[2m:[0m 🔍 Fetching transaction details for hash: 0x13f3e1cfdce8580010bcb835b34142ba3201e11796e2972509e762d0347a3f23
[2m2025-12-10T10:09:24.182905Z[0m [34mDEBUG[0m [2mhyper::client::pool[0m[2m:[0m reuse idle connection for ("http", 192.168.0.14:8545)
[2m2025-12-10T10:09:24.182941Z[0m [34mDEBUG[0m [2mhyper::proto::h1::io[0m[2m:[0m flushed 250 bytes
[2m2025-12-10T10:09:24.186930Z[0m [34mDEBUG[0m [2mhyper::proto::h1::io[0m[2m:[0m parsed 4 headers
[2m2025-12-10T10:09:24.186944Z[0m [34mDEBUG[0m [2mhyper::proto::h1::conn[0m[2m:[0m incoming body is content-length (768 bytes)
[2m2025-12-10T10:09:24.186951Z[0m [34mDEBUG[0m [2mhyper::proto::h1::conn[0m[2m:[0m incoming body completed
[2m2025-12-10T10:09:24.186962Z[0m [34mDEBUG[0m [2mhyper::client::pool[0m[2m:[0m pooling idle connection for ("http", 192.168.0.14:8545)
[2m2025-12-10T10:09:24.186969Z[0m [34mDEBUG[0m [2methereum_transaction_pool_monitor::eth_client[0m[2m:[0m 📡 Transaction fetch RPC completed in 4.081458ms
[2m2025-12-10T10:09:24.186986Z[0m [34mDEBUG[0m [2methereum_transaction_pool_monitor::eth_client[0m[2m:[0m DeFi transaction detected - Address: 0xdac17f958d2ee523a2206206994597c13d831ec7, Type: Stablecoin, Value: 0 ETH, Gas: 0.56 Gwei
[2m2025-12-10T10:09:24.186998Z[0m [34mDEBUG[0m [2methereum_transaction_pool_monitor::eth_client[0m[2m:[0m ✅ Transaction 0x13f3e1cfdce8580010bcb835b34142ba3201e11796e2972509e762d0347a3f23 fetched and parsed in 4.110916ms
[2m2025-12-10T10:09:24.187005Z[0m [34mDEBUG[0m [2methereum_transaction_pool_monitor::mempool_monitor[0m[2m:[0m 🔍 Skipping tx 0x13f3e1cfdce8580010bcb835b34142ba3201e11796e2972509e762d0347a3f23 - not a DEX interaction (target: 0xdAC17F958D2ee523a2206206994597C13D831ec7)
[2m2025-12-10T10:09:24.191284Z[0m [34mDEBUG[0m [2methereum_transaction_pool_monitor::eth_client[0m[2m:[0m 📨 Received WebSocket message: {"jsonrpc":"2.0","method":"eth_subscription","params":{"subscription":"0xbed0a0851463e895960a451075a301a9","result":"0x48af7d73420b49456b9b818334970315ffd635496d4348f1944a44fcd23a4d78"}}
[2m2025-12-10T10:09:24.191318Z[0m [34mDEBUG[0m [2methereum_transaction_pool_monitor::eth_client[0m[2m:[0m 📨 Received pending transaction: 0x48af7d73420b49456b9b818334970315ffd635496d4348f1944a44fcd23a4d78
[2m2025-12-10T10:09:24.191326Z[0m [34mDEBUG[0m [2methereum_transaction_pool_monitor::mempool_monitor[0m[2m:[0m 📨 Processing new pending transaction: 0x48af7d73420b49456b9b818334970315ffd635496d4348f1944a44fcd23a4d78
[2m2025-12-10T10:09:24.191333Z[0m [34mDEBUG[0m [2methereum_transaction_pool_monitor::mempool_monitor[0m[2m:[0m 🔍 Fetching transaction details for: 0x48af7d73420b49456b9b818334970315ffd635496d4348f1944a44fcd23a4d78
[2m2025-12-10T10:09:24.191339Z[0m [34mDEBUG[0m [2methereum_transaction_pool_monitor::eth_client[0m[2m:[0m 🔍 Fetching transaction details for hash: 0x48af7d73420b49456b9b818334970315ffd635496d4348f1944a44fcd23a4d78
[2m2025-12-10T10:09:24.191355Z[0m [34mDEBUG[0m [2mhyper::client::pool[0m[2m:[0m reuse idle connection for ("http", 192.168.0.14:8545)
[2m2025-12-10T10:09:24.191376Z[0m [34mDEBUG[0m [2mhyper::proto::h1::io[0m[2m:[0m flushed 250 bytes
[2m2025-12-10T10:09:24.197032Z[0m [34mDEBUG[0m [2mhyper::client::pool[0m[2m:[0m reuse idle connection for ("http", 192.168.0.14:8545)
[2m2025-12-10T10:09:24.197083Z[0m [34mDEBUG[0m [2mhyper::proto::h1::io[0m[2m:[0m flushed 172 bytes
[2m2025-12-10T10:09:24.197745Z[0m [34mDEBUG[0m [2mhyper::proto::h1::io[0m[2m:[0m parsed 4 headers
[2m2025-12-10T10:09:24.197751Z[0m [34mDEBUG[0m [2mhyper::proto::h1::conn[0m[2m:[0m incoming body is content-length (771 bytes)
[2m2025-12-10T10:09:24.197757Z[0m [34mDEBUG[0m [2mhyper::proto::h1::conn[0m[2m:[0m incoming body completed
[2m2025-12-10T10:09:24.197765Z[0m [34mDEBUG[0m [2mhyper::client::pool[0m[2m:[0m pooling idle connection for ("http", 192.168.0.14:8545)
[2m2025-12-10T10:09:24.197770Z[0m [34mDEBUG[0m [2methereum_transaction_pool_monitor::eth_client[0m[2m:[0m 📡 Transaction fetch RPC completed in 6.427167ms
[2m2025-12-10T10:09:24.197785Z[0m [34mDEBUG[0m [2methereum_transaction_pool_monitor::eth_client[0m[2m:[0m DeFi transaction detected - Address: 0xdac17f958d2ee523a2206206994597c13d831ec7, Type: Stablecoin, Value: 0 ETH, Gas: 0.52 Gwei
[2m2025-12-10T10:09:24.197796Z[0m [34mDEBUG[0m [2methereum_transaction_pool_monitor::eth_client[0m[2m:[0m ✅ Transaction 0x48af7d73420b49456b9b818334970315ffd635496d4348f1944a44fcd23a4d78 fetched and parsed in 6.453333ms
[2m2025-12-10T10:09:24.197803Z[0m [34mDEBUG[0m [2methereum_transaction_pool_monitor::mempool_monitor[0m[2m:[0m 🔍 Skipping tx 0x48af7d73420b49456b9b818334970315ffd635496d4348f1944a44fcd23a4d78 - not a DEX interaction (target: 0xdAC17F958D2ee523a2206206994597C13D831ec7)
[2m2025-12-10T10:09:24.200863Z[0m [34mDEBUG[0m [2mhyper::proto::h1::io[0m[2m:[0m parsed 4 headers
[2m2025-12-10T10:09:24.200874Z[0m [34mDEBUG[0m [2mhyper::proto::h1::conn[0m[2m:[0m incoming body is content-length (45 bytes)
[2m2025-12-10T10:09:24.200880Z[0m [34mDEBUG[0m [2mhyper::proto::h1::conn[0m[2m:[0m incoming body completed
[2m2025-12-10T10:09:24.200887Z[0m [34mDEBUG[0m [2mhyper::client::pool[0m[2m:[0m pooling idle connection for ("http", 192.168.0.14:8545)
[2m2025-12-10T10:09:24.243977Z[0m [34mDEBUG[0m [2methereum_transaction_pool_monitor::eth_client[0m[2m:[0m 📨 Received WebSocket message: {"jsonrpc":"2.0","method":"eth_subscription","params":{"subscription":"0xbed0a0851463e895960a451075a301a9","result":"0x61fe42c7575fad91c64114d017f7e16d031d71a6bb9558c3fe92c907f79d1602"}}
[2m2025-12-10T10:09:24.243999Z[0m [34mDEBUG[0m [2methereum_transaction_pool_monitor::eth_client[0m[2m:[0m 📨 Received pending transaction: 0x61fe42c7575fad91c64114d017f7e16d031d71a6bb9558c3fe92c907f79d1602
[2m2025-12-10T10:09:24.244008Z[0m [34mDEBUG[0m [2methereum_transaction_pool_monitor::mempool_monitor[0m[2m:[0m 📨 Processing new pending transaction: 0x61fe42c7575fad91c64114d017f7e16d031d71a6bb9558c3fe92c907f79d1602
[2m2025-12-10T10:09:24.244013Z[0m [34mDEBUG[0m [2methereum_transaction_pool_monitor::mempool_monitor[0m[2m:[0m 🔍 Fetching transaction details for: 0x61fe42c7575fad91c64114d017f7e16d031d71a6bb9558c3fe92c907f79d1602
[2m2025-12-10T10:09:24.244018Z[0m [34mDEBUG[0m [2methereum_transaction_pool_monitor::eth_client[0m[2m:[0m 🔍 Fetching transaction details for hash: 0x61fe42c7575fad91c64114d017f7e16d031d71a6bb9558c3fe92c907f79d1602
[2m2025-12-10T10:09:24.244037Z[0m [34mDEBUG[0m [2mhyper::client::pool[0m[2m:[0m reuse idle connection for ("http", 192.168.0.14:8545)
[2m2025-12-10T10:09:24.244063Z[0m [34mDEBUG[0m [2mhyper::proto::h1::io[0m[2m:[0m flushed 250 bytes
[2m2025-12-10T10:09:24.247850Z[0m [34mDEBUG[0m [2mhyper::proto::h1::io[0m[2m:[0m parsed 4 headers
[2m2025-12-10T10:09:24.247860Z[0m [34mDEBUG[0m [2mhyper::proto::h1::conn[0m[2m:[0m incoming body is content-length (770 bytes)
[2m2025-12-10T10:09:24.247869Z[0m [34mDEBUG[0m [2mhyper::proto::h1::conn[0m[2m:[0m incoming body completed
[2m2025-12-10T10:09:24.247881Z[0m [34mDEBUG[0m [2mhyper::client::pool[0m[2m:[0m pooling idle connection for ("http", 192.168.0.14:8545)
[2m2025-12-10T10:09:24.247889Z[0m [34mDEBUG[0m [2methereum_transaction_pool_monitor::eth_client[0m[2m:[0m 📡 Transaction fetch RPC completed in 3.8675ms
[2m2025-12-10T10:09:24.319079Z[0m [34mDEBUG[0m [2methereum_transaction_pool_monitor::eth_client[0m[2m:[0m ✅ Transaction 0x61fe42c7575fad91c64114d017f7e16d031d71a6bb9558c3fe92c907f79d1602 fetched and parsed in 75.05475ms
[2m2025-12-10T10:09:24.319112Z[0m [34mDEBUG[0m [2methereum_transaction_pool_monitor::mempool_monitor[0m[2m:[0m 🔍 Skipping tx 0x61fe42c7575fad91c64114d017f7e16d031d71a6bb9558c3fe92c907f79d1602 - not a DEX interaction (target: 0xA0b86991c6218b36c1d19D4a2e9Eb0cE3606eB48)
[2m2025-12-10T10:09:24.319159Z[0m [34mDEBUG[0m [2mhyper::client::pool[0m[2m:[0m reuse idle connection for ("http", 192.168.0.14:8545)
[2m2025-12-10T10:09:24.319181Z[0m [34mDEBUG[0m [2methereum_transaction_pool_monitor::eth_client[0m[2m:[0m 📨 Received WebSocket message: {"jsonrpc":"2.0","method":"eth_subscription","params":{"subscription":"0xbed0a0851463e895960a451075a301a9","result":"0xafcb829790ad1212c8da24ed51f2cc84c49c5b98b3d545ce3ae91c9e72013804"}}
[2m2025-12-10T10:09:24.319194Z[0m [34mDEBUG[0m [2methereum_transaction_pool_monitor::eth_client[0m[2m:[0m 📨 Received pending transaction: 0xafcb829790ad1212c8da24ed51f2cc84c49c5b98b3d545ce3ae91c9e72013804
[2m2025-12-10T10:09:24.319208Z[0m [34mDEBUG[0m [2mhyper::proto::h1::io[0m[2m:[0m flushed 172 bytes
[2m2025-12-10T10:09:24.319225Z[0m [34mDEBUG[0m [2methereum_transaction_pool_monitor::eth_client[0m[2m:[0m 📨 Received WebSocket message: {"jsonrpc":"2.0","method":"eth_subscription","params":{"subscription":"0xbed0a0851463e895960a451075a301a9","result":"0x0a0aa9ae1d04bf9c598e0f1c77c6910723a09f71a1604f42209a3b7fa15c588a"}}
[2m2025-12-10T10:09:24.319233Z[0m [34mDEBUG[0m [2methereum_transaction_pool_monitor::eth_client[0m[2m:[0m 📨 Received pending transaction: 0x0a0aa9ae1d04bf9c598e0f1c77c6910723a09f71a1604f42209a3b7fa15c588a
[2m2025-12-10T10:09:24.319260Z[0m [34mDEBUG[0m [2methereum_transaction_pool_monitor::eth_client[0m[2m:[0m 📨 Received WebSocket message: {"jsonrpc":"2.0","method":"eth_subscription","params":{"subscription":"0xbed0a0851463e895960a451075a301a9","result":"0x5a8fd01b52eae0b63f1739499160b3bdca84c87240d426c02778adf0f0e55d7b"}}
[2m2025-12-10T10:09:24.319269Z[0m [34mDEBUG[0m [2methereum_transaction_pool_monitor::eth_client[0m[2m:[0m 📨 Received pending transaction: 0x5a8fd01b52eae0b63f1739499160b3bdca84c87240d426c02778adf0f0e55d7b
[2m2025-12-10T10:09:24.319280Z[0m [34mDEBUG[0m [2methereum_transaction_pool_monitor::mempool_monitor[0m[2m:[0m 📨 Processing new pending transaction: 0xafcb829790ad1212c8da24ed51f2cc84c49c5b98b3d545ce3ae91c9e72013804
[2m2025-12-10T10:09:24.319287Z[0m [34mDEBUG[0m [2methereum_transaction_pool_monitor::mempool_monitor[0m[2m:[0m 🔍 Fetching transaction details for: 0xafcb829790ad1212c8da24ed51f2cc84c49c5b98b3d545ce3ae91c9e72013804
[2m2025-12-10T10:09:24.319295Z[0m [34mDEBUG[0m [2methereum_transaction_pool_monitor::eth_client[0m[2m:[0m 🔍 Fetching transaction details for hash: 0xafcb829790ad1212c8da24ed51f2cc84c49c5b98b3d545ce3ae91c9e72013804
[2m2025-12-10T10:09:24.319308Z[0m [34mDEBUG[0m [2mhyper::client::pool[0m[2m:[0m reuse idle connection for ("http", 192.168.0.14:8545)
[2m2025-12-10T10:09:24.319326Z[0m [34mDEBUG[0m [2mhyper::proto::h1::io[0m[2m:[0m flushed 250 bytes
[2m2025-12-10T10:09:24.323452Z[0m [34mDEBUG[0m [2mhyper::proto::h1::io[0m[2m:[0m parsed 4 headers
[2m2025-12-10T10:09:24.323461Z[0m [34mDEBUG[0m [2mhyper::proto::h1::conn[0m[2m:[0m incoming body is content-length (45 bytes)
[2m2025-12-10T10:09:24.323469Z[0m [34mDEBUG[0m [2mhyper::proto::h1::conn[0m[2m:[0m incoming body completed
[2m2025-12-10T10:09:24.323478Z[0m [34mDEBUG[0m [2mhyper::client::pool[0m[2m:[0m pooling idle connection for ("http", 192.168.0.14:8545)
[2m2025-12-10T10:09:24.324828Z[0m [34mDEBUG[0m [2mhyper::proto::h1::io[0m[2m:[0m parsed 4 headers
[2m2025-12-10T10:09:24.324835Z[0m [34mDEBUG[0m [2mhyper::proto::h1::conn[0m[2m:[0m incoming body is content-length (773 bytes)
[2m2025-12-10T10:09:24.324840Z[0m [34mDEBUG[0m [2mhyper::proto::h1::conn[0m[2m:[0m incoming body completed
[2m2025-12-10T10:09:24.324847Z[0m [34mDEBUG[0m [2mhyper::client::pool[0m[2m:[0m pooling idle connection for ("http", 192.168.0.14:8545)
[2m2025-12-10T10:09:24.324852Z[0m [34mDEBUG[0m [2methereum_transaction_pool_monitor::eth_client[0m[2m:[0m 📡 Transaction fetch RPC completed in 5.550084ms
[2m2025-12-10T10:09:24.324866Z[0m [34mDEBUG[0m [2methereum_transaction_pool_monitor::eth_client[0m[2m:[0m DeFi transaction detected - Address: 0xdac17f958d2ee523a2206206994597c13d831ec7, Type: Stablecoin, Value: 0 ETH, Gas: 2.37 Gwei
[2m2025-12-10T10:09:24.324878Z[0m [34mDEBUG[0m [2methereum_transaction_pool_monitor::eth_client[0m[2m:[0m ✅ Transaction 0xafcb829790ad1212c8da24ed51f2cc84c49c5b98b3d545ce3ae91c9e72013804 fetched and parsed in 5.576209ms
[2m2025-12-10T10:09:24.324884Z[0m [34mDEBUG[0m [2methereum_transaction_pool_monitor::mempool_monitor[0m[2m:[0m 🔍 Skipping tx 0xafcb829790ad1212c8da24ed51f2cc84c49c5b98b3d545ce3ae91c9e72013804 - not a DEX interaction (target: 0xdAC17F958D2ee523a2206206994597C13D831ec7)
[2m2025-12-10T10:09:24.324890Z[0m [34mDEBUG[0m [2methereum_transaction_pool_monitor::mempool_monitor[0m[2m:[0m 📨 Processing new pending transaction: 0x0a0aa9ae1d04bf9c598e0f1c77c6910723a09f71a1604f42209a3b7fa15c588a
[2m2025-12-10T10:09:24.324894Z[0m [34mDEBUG[0m [2methereum_transaction_pool_monitor::mempool_monitor[0m[2m:[0m 🔍 Fetching transaction details for: 0x0a0aa9ae1d04bf9c598e0f1c77c6910723a09f71a1604f42209a3b7fa15c588a
[2m2025-12-10T10:09:24.324898Z[0m [34mDEBUG[0m [2methereum_transaction_pool_monitor::eth_client[0m[2m:[0m 🔍 Fetching transaction details for hash: 0x0a0aa9ae1d04bf9c598e0f1c77c6910723a09f71a1604f42209a3b7fa15c588a
[2m2025-12-10T10:09:24.324909Z[0m [34mDEBUG[0m [2mhyper::client::pool[0m[2m:[0m reuse idle connection for ("http", 192.168.0.14:8545)
[2m2025-12-10T10:09:24.324928Z[0m [34mDEBUG[0m [2mhyper::proto::h1::io[0m[2m:[0m flushed 250 bytes
[2m2025-12-10T10:09:24.328529Z[0m [34mDEBUG[0m [2mhyper::proto::h1::io[0m[2m:[0m parsed 4 headers
[2m2025-12-10T10:09:24.328538Z[0m [34mDEBUG[0m [2mhyper::proto::h1::conn[0m[2m:[0m incoming body is content-length (643 bytes)
[2m2025-12-10T10:09:24.328545Z[0m [34mDEBUG[0m [2mhyper::proto::h1::conn[0m[2m:[0m incoming body completed
[2m2025-12-10T10:09:24.328553Z[0m [34mDEBUG[0m [2mhyper::client::pool[0m[2m:[0m pooling idle connection for ("http", 192.168.0.14:8545)
[2m2025-12-10T10:09:24.328559Z[0m [34mDEBUG[0m [2methereum_transaction_pool_monitor::eth_client[0m[2m:[0m 📡 Transaction fetch RPC completed in 3.657666ms
[2m2025-12-10T10:09:24.400406Z[0m [34mDEBUG[0m [2methereum_transaction_pool_monitor::eth_client[0m[2m:[0m ✅ Transaction 0x0a0aa9ae1d04bf9c598e0f1c77c6910723a09f71a1604f42209a3b7fa15c588a fetched and parsed in 75.500958ms
[2m2025-12-10T10:09:24.400435Z[0m [34mDEBUG[0m [2methereum_transaction_pool_monitor::mempool_monitor[0m[2m:[0m 🔍 Skipping tx 0x0a0aa9ae1d04bf9c598e0f1c77c6910723a09f71a1604f42209a3b7fa15c588a - not a DEX interaction (target: 0x17E5545B11b468072283Cee1F066a059Fb0dbF24)
[2m2025-12-10T10:09:24.400448Z[0m [34mDEBUG[0m [2methereum_transaction_pool_monitor::mempool_monitor[0m[2m:[0m 📨 Processing new pending transaction: 0x5a8fd01b52eae0b63f1739499160b3bdca84c87240d426c02778adf0f0e55d7b
[2m2025-12-10T10:09:24.400455Z[0m [34mDEBUG[0m [2methereum_transaction_pool_monitor::mempool_monitor[0m[2m:[0m 🔍 Fetching transaction details for: 0x5a8fd01b52eae0b63f1739499160b3bdca84c87240d426c02778adf0f0e55d7b
[2m2025-12-10T10:09:24.400461Z[0m [34mDEBUG[0m [2methereum_transaction_pool_monitor::eth_client[0m[2m:[0m 🔍 Fetching transaction details for hash: 0x5a8fd01b52eae0b63f1739499160b3bdca84c87240d426c02778adf0f0e55d7b
[2m2025-12-10T10:09:24.400483Z[0m [34mDEBUG[0m [2mhyper::client::pool[0m[2m:[0m reuse idle connection for ("http", 192.168.0.14:8545)
[2m2025-12-10T10:09:24.400534Z[0m [34mDEBUG[0m [2mhyper::proto::h1::io[0m[2m:[0m flushed 250 bytes
[2m2025-12-10T10:09:24.400565Z[0m [34mDEBUG[0m [2mhyper::client::pool[0m[2m:[0m reuse idle connection for ("http", 192.168.0.14:8545)
[2m2025-12-10T10:09:24.400581Z[0m [34mDEBUG[0m [2mhyper::proto::h1::io[0m[2m:[0m flushed 172 bytes
[2m2025-12-10T10:09:24.407933Z[0m [34mDEBUG[0m [2mhyper::proto::h1::io[0m[2m:[0m parsed 4 headers
[2m2025-12-10T10:09:24.407947Z[0m [34mDEBUG[0m [2mhyper::proto::h1::conn[0m[2m:[0m incoming body is content-length (9476 bytes)
[2m2025-12-10T10:09:24.407963Z[0m [34mDEBUG[0m [2methereum_transaction_pool_monitor::eth_client[0m[2m:[0m 📡 Transaction fetch RPC completed in 7.498209ms
[2m2025-12-10T10:09:24.410367Z[0m [34mDEBUG[0m [2mhyper::proto::h1::conn[0m[2m:[0m incoming body completed
[2m2025-12-10T10:09:24.410382Z[0m [34mDEBUG[0m [2mhyper::client::pool[0m[2m:[0m pooling idle connection for ("http", 192.168.0.14:8545)
[2m2025-12-10T10:09:24.410442Z[0m [34mDEBUG[0m [2mhyper::proto::h1::io[0m[2m:[0m parsed 4 headers
[2m2025-12-10T10:09:24.410495Z[0m [34mDEBUG[0m [2mhyper::proto::h1::conn[0m[2m:[0m incoming body is content-length (45 bytes)
[2m2025-12-10T10:09:24.410508Z[0m [34mDEBUG[0m [2mhyper::proto::h1::conn[0m[2m:[0m incoming body completed
[2m2025-12-10T10:09:24.410515Z[0m [34mDEBUG[0m [2mhyper::client::pool[0m[2m:[0m pooling idle connection for ("http", 192.168.0.14:8545)
[2m2025-12-10T10:09:24.443241Z[0m [34mDEBUG[0m [2methereum_transaction_pool_monitor::eth_client[0m[2m:[0m 📨 Received WebSocket message: {"jsonrpc":"2.0","method":"eth_subscription","params":{"subscription":"0xbed0a0851463e895960a451075a301a9","result":"0x394dc1b3040b287daeee1c1a42b90985644c9a5fa5a80cffa97ff1c32c40b0c1"}}
[2m2025-12-10T10:09:24.443284Z[0m [34mDEBUG[0m [2methereum_transaction_pool_monitor::eth_client[0m[2m:[0m 📨 Received pending transaction: 0x394dc1b3040b287daeee1c1a42b90985644c9a5fa5a80cffa97ff1c32c40b0c1
[2m2025-12-10T10:09:24.481865Z[0m [34mDEBUG[0m [2methereum_transaction_pool_monitor::eth_client[0m[2m:[0m ✅ Transaction 0x5a8fd01b52eae0b63f1739499160b3bdca84c87240d426c02778adf0f0e55d7b fetched and parsed in 81.396042ms
[2m2025-12-10T10:09:24.484461Z[0m [34mDEBUG[0m [2methereum_transaction_pool_monitor::mempool_monitor[0m[2m:[0m 🔍 Skipping tx 0x5a8fd01b52eae0b63f1739499160b3bdca84c87240d426c02778adf0f0e55d7b - not a DEX interaction (target: 0xA2FaAAC9120c1Ff75814F0c6DdB119496a12eEA6)
[2m2025-12-10T10:09:24.484477Z[0m [34mDEBUG[0m [2methereum_transaction_pool_monitor::mempool_monitor[0m[2m:[0m 📨 Processing new pending transaction: 0x394dc1b3040b287daeee1c1a42b90985644c9a5fa5a80cffa97ff1c32c40b0c1
[2m2025-12-10T10:09:24.484484Z[0m [34mDEBUG[0m [2methereum_transaction_pool_monitor::mempool_monitor[0m[2m:[0m 🔍 Fetching transaction details for: 0x394dc1b3040b287daeee1c1a42b90985644c9a5fa5a80cffa97ff1c32c40b0c1
[2m2025-12-10T10:09:24.484490Z[0m [34mDEBUG[0m [2methereum_transaction_pool_monitor::eth_client[0m[2m:[0m 🔍 Fetching transaction details for hash: 0x394dc1b3040b287daeee1c1a42b90985644c9a5fa5a80cffa97ff1c32c40b0c1
[2m2025-12-10T10:09:24.484516Z[0m [34mDEBUG[0m [2mhyper::client::pool[0m[2m:[0m reuse idle connection for ("http", 192.168.0.14:8545)
[2m2025-12-10T10:09:24.484569Z[0m [34mDEBUG[0m [2mhyper::proto::h1::io[0m[2m:[0m flushed 250 bytes
[2m2025-12-10T10:09:24.489654Z[0m [34mDEBUG[0m [2mhyper::proto::h1::io[0m[2m:[0m parsed 4 headers
[2m2025-12-10T10:09:24.489670Z[0m [34mDEBUG[0m [2mhyper::proto::h1::conn[0m[2m:[0m incoming body is content-length (1219 bytes)
[2m2025-12-10T10:09:24.489679Z[0m [34mDEBUG[0m [2mhyper::proto::h1::conn[0m[2m:[0m incoming body completed
[2m2025-12-10T10:09:24.489690Z[0m [34mDEBUG[0m [2mhyper::client::pool[0m[2m:[0m pooling idle connection for ("http", 192.168.0.14:8545)
[2m2025-12-10T10:09:24.489699Z[0m [34mDEBUG[0m [2methereum_transaction_pool_monitor::eth_client[0m[2m:[0m 📡 Transaction fetch RPC completed in 5.204167ms
[2m2025-12-10T10:09:24.561471Z[0m [34mDEBUG[0m [2methereum_transaction_pool_monitor::eth_client[0m[2m:[0m ✅ Transaction 0x394dc1b3040b287daeee1c1a42b90985644c9a5fa5a80cffa97ff1c32c40b0c1 fetched and parsed in 76.974292ms
[2m2025-12-10T10:09:24.561501Z[0m [34mDEBUG[0m [2methereum_transaction_pool_monitor::mempool_monitor[0m[2m:[0m 🔍 Skipping tx 0x394dc1b3040b287daeee1c1a42b90985644c9a5fa5a80cffa97ff1c32c40b0c1 - not a DEX interaction (target: 0xF6801D319497789f934ec7F83E142a9536312B08)
[2m2025-12-10T10:09:24.561541Z[0m [34mDEBUG[0m [2mhyper::client::pool[0m[2m:[0m reuse idle connection for ("http", 192.168.0.14:8545)
[2m2025-12-10T10:09:24.561587Z[0m [34mDEBUG[0m [2methereum_transaction_pool_monitor::eth_client[0m[2m:[0m 📨 Received WebSocket message: {"jsonrpc":"2.0","method":"eth_subscription","params":{"subscription":"0xbed0a0851463e895960a451075a301a9","result":"0x90e464b5327b2b6e1d58370a38a462116f0f9a40d81b6657b89d57eae04e2176"}}
[2m2025-12-10T10:09:24.561595Z[0m [34mDEBUG[0m [2mhyper::proto::h1::io[0m[2m:[0m flushed 172 bytes
[2m2025-12-10T10:09:24.561598Z[0m [34mDEBUG[0m [2methereum_transaction_pool_monitor::eth_client[0m[2m:[0m 📨 Received pending transaction: 0x90e464b5327b2b6e1d58370a38a462116f0f9a40d81b6657b89d57eae04e2176
[2m2025-12-10T10:09:24.561613Z[0m [34mDEBUG[0m [2methereum_transaction_pool_monitor::mempool_monitor[0m[2m:[0m 📨 Processing new pending transaction: 0x90e464b5327b2b6e1d58370a38a462116f0f9a40d81b6657b89d57eae04e2176
[2m2025-12-10T10:09:24.561619Z[0m [34mDEBUG[0m [2methereum_transaction_pool_monitor::mempool_monitor[0m[2m:[0m 🔍 Fetching transaction details for: 0x90e464b5327b2b6e1d58370a38a462116f0f9a40d81b6657b89d57eae04e2176
[2m2025-12-10T10:09:24.561626Z[0m [34mDEBUG[0m [2methereum_transaction_pool_monitor::eth_client[0m[2m:[0m 🔍 Fetching transaction details for hash: 0x90e464b5327b2b6e1d58370a38a462116f0f9a40d81b6657b89d57eae04e2176
[2m2025-12-10T10:09:24.561637Z[0m [34mDEBUG[0m [2mhyper::client::pool[0m[2m:[0m reuse idle connection for ("http", 192.168.0.14:8545)
[2m2025-12-10T10:09:24.561657Z[0m [34mDEBUG[0m [2mhyper::proto::h1::io[0m[2m:[0m flushed 250 bytes
[2m2025-12-10T10:09:24.566192Z[0m [34mDEBUG[0m [2mhyper::proto::h1::io[0m[2m:[0m parsed 4 headers
[2m2025-12-10T10:09:24.566209Z[0m [34mDEBUG[0m [2mhyper::proto::h1::conn[0m[2m:[0m incoming body is content-length (45 bytes)
[2m2025-12-10T10:09:24.566217Z[0m [34mDEBUG[0m [2mhyper::proto::h1::conn[0m[2m:[0m incoming body completed
[2m2025-12-10T10:09:24.566227Z[0m [34mDEBUG[0m [2mhyper::client::pool[0m[2m:[0m pooling idle connection for ("http", 192.168.0.14:8545)
[2m2025-12-10T10:09:24.566823Z[0m [34mDEBUG[0m [2mhyper::proto::h1::io[0m[2m:[0m parsed 4 headers
[2m2025-12-10T10:09:24.566833Z[0m [34mDEBUG[0m [2mhyper::proto::h1::conn[0m[2m:[0m incoming body is content-length (645 bytes)
[2m2025-12-10T10:09:24.566838Z[0m [34mDEBUG[0m [2mhyper::proto::h1::conn[0m[2m:[0m incoming body completed
[2m2025-12-10T10:09:24.566845Z[0m [34mDEBUG[0m [2mhyper::client::pool[0m[2m:[0m pooling idle connection for ("http", 192.168.0.14:8545)
[2m2025-12-10T10:09:24.566853Z[0m [34mDEBUG[0m [2methereum_transaction_pool_monitor::eth_client[0m[2m:[0m 📡 Transaction fetch RPC completed in 5.222334ms
[2m2025-12-10T10:09:24.639545Z[0m [34mDEBUG[0m [2methereum_transaction_pool_monitor::eth_client[0m[2m:[0m ✅ Transaction 0x90e464b5327b2b6e1d58370a38a462116f0f9a40d81b6657b89d57eae04e2176 fetched and parsed in 77.911917ms
[2m2025-12-10T10:09:24.639573Z[0m [34mDEBUG[0m [2methereum_transaction_pool_monitor::mempool_monitor[0m[2m:[0m 🔍 Skipping tx 0x90e464b5327b2b6e1d58370a38a462116f0f9a40d81b6657b89d57eae04e2176 - not a DEX interaction (target: 0xF44537F7A7ff74df37a57a898BAD283cFf753Cf0)
[2m2025-12-10T10:09:24.639612Z[0m [34mDEBUG[0m [2mhyper::client::pool[0m[2m:[0m reuse idle connection for ("http", 192.168.0.14:8545)
[2m2025-12-10T10:09:24.639631Z[0m [34mDEBUG[0m [2methereum_transaction_pool_monitor::eth_client[0m[2m:[0m 📨 Received WebSocket message: {"jsonrpc":"2.0","method":"eth_subscription","params":{"subscription":"0xbed0a0851463e895960a451075a301a9","result":"0x086f10380c9cebcfe6deebdcdcc15ed1ce79cb9714141ad23601f85a46fed12e"}}
[2m2025-12-10T10:09:24.639657Z[0m [34mDEBUG[0m [2mhyper::proto::h1::io[0m[2m:[0m flushed 172 bytes
[2m2025-12-10T10:09:24.639708Z[0m [34mDEBUG[0m [2methereum_transaction_pool_monitor::eth_client[0m[2m:[0m 📨 Received pending transaction: 0x086f10380c9cebcfe6deebdcdcc15ed1ce79cb9714141ad23601f85a46fed12e
[2m2025-12-10T10:09:24.639716Z[0m [34mDEBUG[0m [2methereum_transaction_pool_monitor::eth_client[0m[2m:[0m 📨 Received WebSocket message: {"jsonrpc":"2.0","method":"eth_subscription","params":{"subscription":"0xbed0a0851463e895960a451075a301a9","result":"0x353807dc2cf151d8cc708d17ef9931383b175c98c2ac2d6e7fe5c5128d4a9a48"}}
[2m2025-12-10T10:09:24.639722Z[0m [34mDEBUG[0m [2methereum_transaction_pool_monitor::eth_client[0m[2m:[0m 📨 Received pending transaction: 0x353807dc2cf151d8cc708d17ef9931383b175c98c2ac2d6e7fe5c5128d4a9a48
[2m2025-12-10T10:09:24.639728Z[0m [34mDEBUG[0m [2methereum_transaction_pool_monitor::mempool_monitor[0m[2m:[0m 📨 Processing new pending transaction: 0x086f10380c9cebcfe6deebdcdcc15ed1ce79cb9714141ad23601f85a46fed12e
[2m2025-12-10T10:09:24.639734Z[0m [34mDEBUG[0m [2methereum_transaction_pool_monitor::mempool_monitor[0m[2m:[0m 🔍 Fetching transaction details for: 0x086f10380c9cebcfe6deebdcdcc15ed1ce79cb9714141ad23601f85a46fed12e
[2m2025-12-10T10:09:24.639738Z[0m [34mDEBUG[0m [2methereum_transaction_pool_monitor::eth_client[0m[2m:[0m 🔍 Fetching transaction details for hash: 0x086f10380c9cebcfe6deebdcdcc15ed1ce79cb9714141ad23601f85a46fed12e
[2m2025-12-10T10:09:24.639747Z[0m [34mDEBUG[0m [2mhyper::client::pool[0m[2m:[0m reuse idle connection for ("http", 192.168.0.14:8545)
[2m2025-12-10T10:09:24.639760Z[0m [34mDEBUG[0m [2mhyper::proto::h1::io[0m[2m:[0m flushed 250 bytes
[2m2025-12-10T10:09:24.644758Z[0m [34mDEBUG[0m [2mhyper::proto::h1::io[0m[2m:[0m parsed 4 headers
[2m2025-12-10T10:09:24.644783Z[0m [34mDEBUG[0m [2mhyper::proto::h1::conn[0m[2m:[0m incoming body is content-length (45 bytes)
[2m2025-12-10T10:09:24.644793Z[0m [34mDEBUG[0m [2mhyper::proto::h1::conn[0m[2m:[0m incoming body completed
[2m2025-12-10T10:09:24.644804Z[0m [34mDEBUG[0m [2mhyper::client::pool[0m[2m:[0m pooling idle connection for ("http", 192.168.0.14:8545)
[2m2025-12-10T10:09:24.646715Z[0m [34mDEBUG[0m [2methereum_transaction_pool_monitor::eth_client[0m[2m:[0m 📨 Received WebSocket message: {"jsonrpc":"2.0","method":"eth_subscription","params":{"subscription":"0xbed0a0851463e895960a451075a301a9","result":"0x4372797d9bab25f642d8e90c6779150f1cd703790da7a14540979c2890f8901a"}}
[2m2025-12-10T10:09:24.646767Z[0m [34mDEBUG[0m [2methereum_transaction_pool_monitor::eth_client[0m[2m:[0m 📨 Received pending transaction: 0x4372797d9bab25f642d8e90c6779150f1cd703790da7a14540979c2890f8901a
[2m2025-12-10T10:09:24.647928Z[0m [34mDEBUG[0m [2mhyper::proto::h1::io[0m[2m:[0m parsed 4 headers
[2m2025-12-10T10:09:24.647938Z[0m [34mDEBUG[0m [2mhyper::proto::h1::conn[0m[2m:[0m incoming body is content-length (650 bytes)
[2m2025-12-10T10:09:24.647950Z[0m [34mDEBUG[0m [2mhyper::proto::h1::conn[0m[2m:[0m incoming body completed
[2m2025-12-10T10:09:24.647963Z[0m [34mDEBUG[0m [2mhyper::client::pool[0m[2m:[0m pooling idle connection for ("http", 192.168.0.14:8545)
[2m2025-12-10T10:09:24.647972Z[0m [34mDEBUG[0m [2methereum_transaction_pool_monitor::eth_client[0m[2m:[0m 📡 Transaction fetch RPC completed in 8.230125ms
[2m2025-12-10T10:09:24.719973Z[0m [34mDEBUG[0m [2methereum_transaction_pool_monitor::eth_client[0m[2m:[0m ✅ Transaction 0x086f10380c9cebcfe6deebdcdcc15ed1ce79cb9714141ad23601f85a46fed12e fetched and parsed in 80.229916ms
[2m2025-12-10T10:09:24.720000Z[0m [34mDEBUG[0m [2methereum_transaction_pool_monitor::mempool_monitor[0m[2m:[0m 🔍 Skipping tx 0x086f10380c9cebcfe6deebdcdcc15ed1ce79cb9714141ad23601f85a46fed12e - not a DEX interaction (target: 0xA9D1e08C7793af67e9d92fe308d5697FB81d3E43)
[2m2025-12-10T10:09:24.720010Z[0m [34mDEBUG[0m [2methereum_transaction_pool_monitor::mempool_monitor[0m[2m:[0m 📨 Processing new pending transaction: 0x353807dc2cf151d8cc708d17ef9931383b175c98c2ac2d6e7fe5c5128d4a9a48
[2m2025-12-10T10:09:24.720017Z[0m [34mDEBUG[0m [2methereum_transaction_pool_monitor::mempool_monitor[0m[2m:[0m 🔍 Fetching transaction details for: 0x353807dc2cf151d8cc708d17ef9931383b175c98c2ac2d6e7fe5c5128d4a9a48
[2m2025-12-10T10:09:24.720023Z[0m [34mDEBUG[0m [2methereum_transaction_pool_monitor::eth_client[0m[2m:[0m 🔍 Fetching transaction details for hash: 0x353807dc2cf151d8cc708d17ef9931383b175c98c2ac2d6e7fe5c5128d4a9a48
[2m2025-12-10T10:09:24.720041Z[0m [34mDEBUG[0m [2mhyper::client::pool[0m[2m:[0m reuse idle connection for ("http", 192.168.0.14:8545)
[2m2025-12-10T10:09:24.720080Z[0m [34mDEBUG[0m [2mhyper::proto::h1::io[0m[2m:[0m flushed 250 bytes
[2m2025-12-10T10:09:24.720100Z[0m [34mDEBUG[0m [2mhyper::client::pool[0m[2m:[0m reuse idle connection for ("http", 192.168.0.14:8545)
[2m2025-12-10T10:09:24.720116Z[0m [34mDEBUG[0m [2mhyper::proto::h1::io[0m[2m:[0m flushed 172 bytes
[2m2025-12-10T10:09:24.720133Z[0m [34mDEBUG[0m [2methereum_transaction_pool_monitor::eth_client[0m[2m:[0m 📨 Received WebSocket message: {"jsonrpc":"2.0","method":"eth_subscription","params":{"subscription":"0xbed0a0851463e895960a451075a301a9","result":"0x8dcb7e08a52adb79f8737daa2e013a22fd2f152f409d36bcf3ad1f80275329c9"}}
[2m2025-12-10T10:09:24.720143Z[0m [34mDEBUG[0m [2methereum_transaction_pool_monitor::eth_client[0m[2m:[0m 📨 Received pending transaction: 0x8dcb7e08a52adb79f8737daa2e013a22fd2f152f409d36bcf3ad1f80275329c9
[2m2025-12-10T10:09:24.720149Z[0m [34mDEBUG[0m [2methereum_transaction_pool_monitor::eth_client[0m[2m:[0m 📨 Received WebSocket message: {"jsonrpc":"2.0","method":"eth_subscription","params":{"subscription":"0xbed0a0851463e895960a451075a301a9","result":"0x67e1290562f1833e10c0c3523f8f283a31cc8b762eb9aa0b938d36f29e91d3c7"}}
[2m2025-12-10T10:09:24.720154Z[0m [34mDEBUG[0m [2methereum_transaction_pool_monitor::eth_client[0m[2m:[0m 📨 Received pending transaction: 0x67e1290562f1833e10c0c3523f8f283a31cc8b762eb9aa0b938d36f29e91d3c7
[2m2025-12-10T10:09:24.730685Z[0m [34mDEBUG[0m [2mhyper::proto::h1::io[0m[2m:[0m parsed 4 headers
[2m2025-12-10T10:09:24.730700Z[0m [34mDEBUG[0m [2mhyper::proto::h1::conn[0m[2m:[0m incoming body is content-length (648 bytes)
[2m2025-12-10T10:09:24.730708Z[0m [34mDEBUG[0m [2mhyper::proto::h1::conn[0m[2m:[0m incoming body completed
[2m2025-12-10T10:09:24.730719Z[0m [34mDEBUG[0m [2mhyper::client::pool[0m[2m:[0m pooling idle connection for ("http", 192.168.0.14:8545)
[2m2025-12-10T10:09:24.730726Z[0m [34mDEBUG[0m [2methereum_transaction_pool_monitor::eth_client[0m[2m:[0m 📡 Transaction fetch RPC completed in 10.698416ms
[2m2025-12-10T10:09:24.802061Z[0m [34mDEBUG[0m [2methereum_transaction_pool_monitor::eth_client[0m[2m:[0m ✅ Transaction 0x353807dc2cf151d8cc708d17ef9931383b175c98c2ac2d6e7fe5c5128d4a9a48 fetched and parsed in 82.029583ms
[2m2025-12-10T10:09:24.802082Z[0m [34mDEBUG[0m [2methereum_transaction_pool_monitor::mempool_monitor[0m[2m:[0m 🔍 Skipping tx 0x353807dc2cf151d8cc708d17ef9931383b175c98c2ac2d6e7fe5c5128d4a9a48 - not a DEX interaction (target: 0xA9D1e08C7793af67e9d92fe308d5697FB81d3E43)
[2m2025-12-10T10:09:24.802094Z[0m [34mDEBUG[0m [2methereum_transaction_pool_monitor::mempool_monitor[0m[2m:[0m 📨 Processing new pending transaction: 0x4372797d9bab25f642d8e90c6779150f1cd703790da7a14540979c2890f8901a
[2m2025-12-10T10:09:24.802102Z[0m [34mDEBUG[0m [2methereum_transaction_pool_monitor::mempool_monitor[0m[2m:[0m 🔍 Fetching transaction details for: 0x4372797d9bab25f642d8e90c6779150f1cd703790da7a14540979c2890f8901a
[2m2025-12-10T10:09:24.802108Z[0m [34mDEBUG[0m [2methereum_transaction_pool_monitor::eth_client[0m[2m:[0m 🔍 Fetching transaction details for hash: 0x4372797d9bab25f642d8e90c6779150f1cd703790da7a14540979c2890f8901a
[2m2025-12-10T10:09:24.802131Z[0m [34mDEBUG[0m [2mhyper::client::pool[0m[2m:[0m reuse idle connection for ("http", 192.168.0.14:8545)
[2m2025-12-10T10:09:24.802171Z[0m [34mDEBUG[0m [2mhyper::proto::h1::io[0m[2m:[0m flushed 250 bytes
[2m2025-12-10T10:09:24.802197Z[0m [34mDEBUG[0m [2methereum_transaction_pool_monitor::eth_client[0m[2m:[0m 📨 Received WebSocket message: {"jsonrpc":"2.0","method":"eth_subscription","params":{"subscription":"0xbed0a0851463e895960a451075a301a9","result":"0xaad9b278d681d41b922c39f51fb7f71eea8f1a5edafb904241750db6391f336c"}}
[2m2025-12-10T10:09:24.802204Z[0m [34mDEBUG[0m [2mhyper::proto::h1::io[0m[2m:[0m parsed 4 headers
[2m2025-12-10T10:09:24.802209Z[0m [34mDEBUG[0m [2methereum_transaction_pool_monitor::eth_client[0m[2m:[0m 📨 Received pending transaction: 0xaad9b278d681d41b922c39f51fb7f71eea8f1a5edafb904241750db6391f336c
[2m2025-12-10T10:09:24.802215Z[0m [34mDEBUG[0m [2mhyper::proto::h1::conn[0m[2m:[0m incoming body is content-length (45 bytes)
[2m2025-12-10T10:09:24.802228Z[0m [34mDEBUG[0m [2mhyper::proto::h1::conn[0m[2m:[0m incoming body completed
[2m2025-12-10T10:09:24.802219Z[0m [34mDEBUG[0m [2methereum_transaction_pool_monitor::eth_client[0m[2m:[0m 📨 Received WebSocket message: {"jsonrpc":"2.0","method":"eth_subscription","params":{"subscription":"0xbed0a0851463e895960a451075a301a9","result":"0x23822ef1817145787bd343926fcfd3f94a9e85495012223a74248eabfaaf8fa0"}}
[2m2025-12-10T10:09:24.802262Z[0m [34mDEBUG[0m [2mhyper::client::pool[0m[2m:[0m pooling idle connection for ("http", 192.168.0.14:8545)
[2m2025-12-10T10:09:24.802305Z[0m [34mDEBUG[0m [2methereum_transaction_pool_monitor::eth_client[0m[2m:[0m 📨 Received pending transaction: 0x23822ef1817145787bd343926fcfd3f94a9e85495012223a74248eabfaaf8fa0
[2m2025-12-10T10:09:24.802321Z[0m [34mDEBUG[0m [2mhyper::client::pool[0m[2m:[0m reuse idle connection for ("http", 192.168.0.14:8545)
[2m2025-12-10T10:09:24.802341Z[0m [34mDEBUG[0m [2methereum_transaction_pool_monitor::eth_client[0m[2m:[0m 📨 Received WebSocket message: {"jsonrpc":"2.0","method":"eth_subscription","params":{"subscription":"0xbed0a0851463e895960a451075a301a9","result":"0x41552bf7262591f57197e6686fe00de4cde65bb444eb090d8ce1e2c83c58a40f"}}
[2m2025-12-10T10:09:24.802348Z[0m [34mDEBUG[0m [2methereum_transaction_pool_monitor::eth_client[0m[2m:[0m 📨 Received pending transaction: 0x41552bf7262591f57197e6686fe00de4cde65bb444eb090d8ce1e2c83c58a40f
[2m2025-12-10T10:09:24.802356Z[0m [34mDEBUG[0m [2mhyper::proto::h1::io[0m[2m:[0m flushed 172 bytes
[2m2025-12-10T10:09:24.802362Z[0m [34mDEBUG[0m [2methereum_transaction_pool_monitor::eth_client[0m[2m:[0m 📨 Received WebSocket message: {"jsonrpc":"2.0","method":"eth_subscription","params":{"subscription":"0xbed0a0851463e895960a451075a301a9","result":"0x6e08a114e5a68d5e3fcf74e23c063163aa8503f9fd6f034491e1ec4c305f292c"}}
[2m2025-12-10T10:09:24.802370Z[0m [34mDEBUG[0m [2methereum_transaction_pool_monitor::eth_client[0m[2m:[0m 📨 Received pending transaction: 0x6e08a114e5a68d5e3fcf74e23c063163aa8503f9fd6f034491e1ec4c305f292c
[2m2025-12-10T10:09:24.802374Z[0m [34mDEBUG[0m [2methereum_transaction_pool_monitor::eth_client[0m[2m:[0m 📨 Received WebSocket message: {"jsonrpc":"2.0","method":"eth_subscription","params":{"subscription":"0xbed0a0851463e895960a451075a301a9","result":"0x3a0908b0eca0f9f8556b41e6553bef01e2fd072349b83810ca66a7e96265d9b2"}}
[2m2025-12-10T10:09:24.802379Z[0m [34mDEBUG[0m [2methereum_transaction_pool_monitor::eth_client[0m[2m:[0m 📨 Received pending transaction: 0x3a0908b0eca0f9f8556b41e6553bef01e2fd072349b83810ca66a7e96265d9b2
[2m2025-12-10T10:09:24.802385Z[0m [34mDEBUG[0m [2methereum_transaction_pool_monitor::eth_client[0m[2m:[0m 📨 Received WebSocket message: {"jsonrpc":"2.0","method":"eth_subscription","params":{"subscription":"0xbed0a0851463e895960a451075a301a9","result":"0xa4be9d9783b5e3d24a93098b4dbd68c51a24ffae2124ec75f9010e1949eabd52"}}
[2m2025-12-10T10:09:24.802392Z[0m [34mDEBUG[0m [2methereum_transaction_pool_monitor::eth_client[0m[2m:[0m 📨 Received pending transaction: 0xa4be9d9783b5e3d24a93098b4dbd68c51a24ffae2124ec75f9010e1949eabd52
[2m2025-12-10T10:09:24.802399Z[0m [34mDEBUG[0m [2methereum_transaction_pool_monitor::eth_client[0m[2m:[0m 📨 Received WebSocket message: {"jsonrpc":"2.0","method":"eth_subscription","params":{"subscription":"0xbed0a0851463e895960a451075a301a9","result":"0x36c4f1a7f9937c9bd1661dad618b6ba8b3009a9fc47f210bede34e910ec375b7"}}
[2m2025-12-10T10:09:24.802407Z[0m [34mDEBUG[0m [2methereum_transaction_pool_monitor::eth_client[0m[2m:[0m 📨 Received pending transaction: 0x36c4f1a7f9937c9bd1661dad618b6ba8b3009a9fc47f210bede34e910ec375b7
[2m2025-12-10T10:09:24.806334Z[0m [34mDEBUG[0m [2mhyper::proto::h1::io[0m[2m:[0m parsed 4 headers
[2m2025-12-10T10:09:24.806347Z[0m [34mDEBUG[0m [2mhyper::proto::h1::conn[0m[2m:[0m incoming body is content-length (648 bytes)
[2m2025-12-10T10:09:24.806354Z[0m [34mDEBUG[0m [2mhyper::proto::h1::conn[0m[2m:[0m incoming body completed
[2m2025-12-10T10:09:24.806362Z[0m [34mDEBUG[0m [2mhyper::client::pool[0m[2m:[0m pooling idle connection for ("http", 192.168.0.14:8545)
[2m2025-12-10T10:09:24.806369Z[0m [34mDEBUG[0m [2methereum_transaction_pool_monitor::eth_client[0m[2m:[0m 📡 Transaction fetch RPC completed in 4.254708ms
[2m2025-12-10T10:09:24.877983Z[0m [34mDEBUG[0m [2methereum_transaction_pool_monitor::eth_client[0m[2m:[0m ✅ Transaction 0x4372797d9bab25f642d8e90c6779150f1cd703790da7a14540979c2890f8901a fetched and parsed in 75.865708ms
[2m2025-12-10T10:09:24.878014Z[0m [34mDEBUG[0m [2methereum_transaction_pool_monitor::mempool_monitor[0m[2m:[0m 🔍 Skipping tx 0x4372797d9bab25f642d8e90c6779150f1cd703790da7a14540979c2890f8901a - not a DEX interaction (target: 0xb5d85CBf7cB3EE0D56b3bB207D5Fc4B82f43F511)
[2m2025-12-10T10:09:24.878026Z[0m [34mDEBUG[0m [2methereum_transaction_pool_monitor::mempool_monitor[0m[2m:[0m 📨 Processing new pending transaction: 0x8dcb7e08a52adb79f8737daa2e013a22fd2f152f409d36bcf3ad1f80275329c9
[2m2025-12-10T10:09:24.878034Z[0m [34mDEBUG[0m [2methereum_transaction_pool_monitor::mempool_monitor[0m[2m:[0m 🔍 Fetching transaction details for: 0x8dcb7e08a52adb79f8737daa2e013a22fd2f152f409d36bcf3ad1f80275329c9
[2m2025-12-10T10:09:24.878040Z[0m [34mDEBUG[0m [2methereum_transaction_pool_monitor::eth_client[0m[2m:[0m 🔍 Fetching transaction details for hash: 0x8dcb7e08a52adb79f8737daa2e013a22fd2f152f409d36bcf3ad1f80275329c9
[2m2025-12-10T10:09:24.878064Z[0m [34mDEBUG[0m [2mhyper::client::pool[0m[2m:[0m reuse idle connection for ("http", 192.168.0.14:8545)
[2m2025-12-10T10:09:24.878117Z[0m [34mDEBUG[0m [2mhyper::proto::h1::io[0m[2m:[0m flushed 250 bytes
[2m2025-12-10T10:09:24.878144Z[0m [34mDEBUG[0m [2methereum_transaction_pool_monitor::eth_client[0m[2m:[0m 📨 Received WebSocket message: {"jsonrpc":"2.0","method":"eth_subscription","params":{"subscription":"0xbed0a0851463e895960a451075a301a9","result":"0xc999f26dfb87f63763a2bad9a69545ccfbeae95a9fe922994526dee7c09c70cc"}}
[2m2025-12-10T10:09:24.878155Z[0m [34mDEBUG[0m [2methereum_transaction_pool_monitor::eth_client[0m[2m:[0m 📨 Received pending transaction: 0xc999f26dfb87f63763a2bad9a69545ccfbeae95a9fe922994526dee7c09c70cc
[2m2025-12-10T10:09:24.878161Z[0m [34mDEBUG[0m [2methereum_transaction_pool_monitor::eth_client[0m[2m:[0m 📨 Received WebSocket message: {"jsonrpc":"2.0","method":"eth_subscription","params":{"subscription":"0xbed0a0851463e895960a451075a301a9","result":"0x2414275c499aeac4bb844f315efd84c1a1e9322ad27359793523c7b3f96fb8c1"}}
[2m2025-12-10T10:09:24.878168Z[0m [34mDEBUG[0m [2methereum_transaction_pool_monitor::eth_client[0m[2m:[0m 📨 Received pending transaction: 0x2414275c499aeac4bb844f315efd84c1a1e9322ad27359793523c7b3f96fb8c1
[2m2025-12-10T10:09:24.878176Z[0m [34mDEBUG[0m [2methereum_transaction_pool_monitor::eth_client[0m[2m:[0m 📨 Received WebSocket message: {"jsonrpc":"2.0","method":"eth_subscription","params":{"subscription":"0xbed0a0851463e895960a451075a301a9","result":"0x743ba1a99906fb758de5a2d4e03c929644ae7f76ccc2420772ecb608dc80a84a"}}
[2m2025-12-10T10:09:24.878179Z[0m [34mDEBUG[0m [2mhyper::proto::h1::io[0m[2m:[0m parsed 4 headers
[2m2025-12-10T10:09:24.878192Z[0m [34mDEBUG[0m [2mhyper::proto::h1::conn[0m[2m:[0m incoming body is content-length (45 bytes)
[2m2025-12-10T10:09:24.878184Z[0m [34mDEBUG[0m [2methereum_transaction_pool_monitor::eth_client[0m[2m:[0m 📨 Received pending transaction: 0x743ba1a99906fb758de5a2d4e03c929644ae7f76ccc2420772ecb608dc80a84a
[2m2025-12-10T10:09:24.878201Z[0m [34mDEBUG[0m [2mhyper::proto::h1::conn[0m[2m:[0m incoming body completed
[2m2025-12-10T10:09:24.878207Z[0m [34mDEBUG[0m [2methereum_transaction_pool_monitor::eth_client[0m[2m:[0m 📨 Received WebSocket message: {"jsonrpc":"2.0","method":"eth_subscription","params":{"subscription":"0xbed0a0851463e895960a451075a301a9","result":"0x8d4453bad952edeb571f90b3c69848850061d6709c19e5df8cc058c24955419b"}}
[2m2025-12-10T10:09:24.878217Z[0m [34mDEBUG[0m [2mhyper::client::pool[0m[2m:[0m pooling idle connection for ("http", 192.168.0.14:8545)
[2m2025-12-10T10:09:24.878223Z[0m [34mDEBUG[0m [2methereum_transaction_pool_monitor::eth_client[0m[2m:[0m 📨 Received pending transaction: 0x8d4453bad952edeb571f90b3c69848850061d6709c19e5df8cc058c24955419b
[2m2025-12-10T10:09:24.882967Z[0m [34mDEBUG[0m [2mhyper::proto::h1::io[0m[2m:[0m parsed 4 headers
[2m2025-12-10T10:09:24.882974Z[0m [34mDEBUG[0m [2mhyper::proto::h1::conn[0m[2m:[0m incoming body is content-length (647 bytes)
[2m2025-12-10T10:09:24.882980Z[0m [34mDEBUG[0m [2mhyper::proto::h1::conn[0m[2m:[0m incoming body completed
[2m2025-12-10T10:09:24.882988Z[0m [34mDEBUG[0m [2mhyper::client::pool[0m[2m:[0m pooling idle connection for ("http", 192.168.0.14:8545)
[2m2025-12-10T10:09:24.882995Z[0m [34mDEBUG[0m [2methereum_transaction_pool_monitor::eth_client[0m[2m:[0m 📡 Transaction fetch RPC completed in 4.949792ms
[2m2025-12-10T10:09:24.953930Z[0m [34mDEBUG[0m [2methereum_transaction_pool_monitor::eth_client[0m[2m:[0m ✅ Transaction 0x8dcb7e08a52adb79f8737daa2e013a22fd2f152f409d36bcf3ad1f80275329c9 fetched and parsed in 75.882584ms
[2m2025-12-10T10:09:24.953965Z[0m [34mDEBUG[0m [2methereum_transaction_pool_monitor::mempool_monitor[0m[2m:[0m 🔍 Skipping tx 0x8dcb7e08a52adb79f8737daa2e013a22fd2f152f409d36bcf3ad1f80275329c9 - not a DEX interaction (target: 0xA9D1e08C7793af67e9d92fe308d5697FB81d3E43)
[2m2025-12-10T10:09:24.953976Z[0m [34mDEBUG[0m [2methereum_transaction_pool_monitor::mempool_monitor[0m[2m:[0m 📨 Processing new pending transaction: 0x67e1290562f1833e10c0c3523f8f283a31cc8b762eb9aa0b938d36f29e91d3c7
[2m2025-12-10T10:09:24.953983Z[0m [34mDEBUG[0m [2methereum_transaction_pool_monitor::mempool_monitor[0m[2m:[0m 🔍 Fetching transaction details for: 0x67e1290562f1833e10c0c3523f8f283a31cc8b762eb9aa0b938d36f29e91d3c7
[2m2025-12-10T10:09:24.953990Z[0m [34mDEBUG[0m [2methereum_transaction_pool_monitor::eth_client[0m[2m:[0m 🔍 Fetching transaction details for hash: 0x67e1290562f1833e10c0c3523f8f283a31cc8b762eb9aa0b938d36f29e91d3c7
[2m2025-12-10T10:09:24.954011Z[0m [34mDEBUG[0m [2mhyper::client::pool[0m[2m:[0m reuse idle connection for ("http", 192.168.0.14:8545)
[2m2025-12-10T10:09:24.954059Z[0m [34mDEBUG[0m [2mhyper::proto::h1::io[0m[2m:[0m flushed 250 bytes
[2m2025-12-10T10:09:24.954082Z[0m [34mDEBUG[0m [2mhyper::client::pool[0m[2m:[0m reuse idle connection for ("http", 192.168.0.14:8545)
[2m2025-12-10T10:09:24.954094Z[0m [34mDEBUG[0m [2methereum_transaction_pool_monitor::eth_client[0m[2m:[0m 📨 Received WebSocket message: {"jsonrpc":"2.0","method":"eth_subscription","params":{"subscription":"0xbed0a0851463e895960a451075a301a9","result":"0x3888c7f7ea80e28b7dcf3ed4084ab51cf4c858702d3eecc786929cefb4e39e24"}}
[2m2025-12-10T10:09:24.954103Z[0m [34mDEBUG[0m [2mhyper::proto::h1::io[0m[2m:[0m flushed 172 bytes
[2m2025-12-10T10:09:24.954107Z[0m [34mDEBUG[0m [2methereum_transaction_pool_monitor::eth_client[0m[2m:[0m 📨 Received pending transaction: 0x3888c7f7ea80e28b7dcf3ed4084ab51cf4c858702d3eecc786929cefb4e39e24
[2m2025-12-10T10:09:24.954115Z[0m [34mDEBUG[0m [2methereum_transaction_pool_monitor::eth_client[0m[2m:[0m 📨 Received WebSocket message: {"jsonrpc":"2.0","method":"eth_subscription","params":{"subscription":"0xbed0a0851463e895960a451075a301a9","result":"0xa83d329472fce975aed6b187b4e34bd17b9d3f92be1ad027b6179d060f79638c"}}
[2m2025-12-10T10:09:24.954124Z[0m [34mDEBUG[0m [2methereum_transaction_pool_monitor::eth_client[0m[2m:[0m 📨 Received pending transaction: 0xa83d329472fce975aed6b187b4e34bd17b9d3f92be1ad027b6179d060f79638c
[2m2025-12-10T10:09:24.954130Z[0m [34mDEBUG[0m [2methereum_transaction_pool_monitor::eth_client[0m[2m:[0m 📨 Received WebSocket message: {"jsonrpc":"2.0","method":"eth_subscription","params":{"subscription":"0xbed0a0851463e895960a451075a301a9","result":"0xe02a420056a56fb8de88dfa6c8e674d627af7b5315d7f6c52868307a1f2c4d56"}}
[2m2025-12-10T10:09:24.954136Z[0m [34mDEBUG[0m [2methereum_transaction_pool_monitor::eth_client[0m[2m:[0m 📨 Received pending transaction: 0xe02a420056a56fb8de88dfa6c8e674d627af7b5315d7f6c52868307a1f2c4d56
[2m2025-12-10T10:09:24.960413Z[0m [34mDEBUG[0m [2mhyper::proto::h1::io[0m[2m:[0m parsed 4 headers
[2m2025-12-10T10:09:24.960419Z[0m [34mDEBUG[0m [2mhyper::proto::h1::conn[0m[2m:[0m incoming body is content-length (647 bytes)
[2m2025-12-10T10:09:24.960427Z[0m [34mDEBUG[0m [2mhyper::proto::h1::conn[0m[2m:[0m incoming body completed
[2m2025-12-10T10:09:24.960436Z[0m [34mDEBUG[0m [2mhyper::client::pool[0m[2m:[0m pooling idle connection for ("http", 192.168.0.14:8545)
[2m2025-12-10T10:09:24.960442Z[0m [34mDEBUG[0m [2methereum_transaction_pool_monitor::eth_client[0m[2m:[0m 📡 Transaction fetch RPC completed in 6.447917ms
[2m2025-12-10T10:09:25.028636Z[0m [34mDEBUG[0m [2methereum_transaction_pool_monitor::eth_client[0m[2m:[0m ✅ Transaction 0x67e1290562f1833e10c0c3523f8f283a31cc8b762eb9aa0b938d36f29e91d3c7 fetched and parsed in 74.639125ms
[2m2025-12-10T10:09:25.028665Z[0m [34mDEBUG[0m [2methereum_transaction_pool_monitor::mempool_monitor[0m[2m:[0m 🔍 Skipping tx 0x67e1290562f1833e10c0c3523f8f283a31cc8b762eb9aa0b938d36f29e91d3c7 - not a DEX interaction (target: 0xb5d85CBf7cB3EE0D56b3bB207D5Fc4B82f43F511)
[2m2025-12-10T10:09:25.028677Z[0m [34mDEBUG[0m [2methereum_transaction_pool_monitor::mempool_monitor[0m[2m:[0m 📨 Processing new pending transaction: 0xaad9b278d681d41b922c39f51fb7f71eea8f1a5edafb904241750db6391f336c
[2m2025-12-10T10:09:25.028684Z[0m [34mDEBUG[0m [2methereum_transaction_pool_monitor::mempool_monitor[0m[2m:[0m 🔍 Fetching transaction details for: 0xaad9b278d681d41b922c39f51fb7f71eea8f1a5edafb904241750db6391f336c
[2m2025-12-10T10:09:25.028689Z[0m [34mDEBUG[0m [2methereum_transaction_pool_monitor::eth_client[0m[2m:[0m 🔍 Fetching transaction details for hash: 0xaad9b278d681d41b922c39f51fb7f71eea8f1a5edafb904241750db6391f336c
[2m2025-12-10T10:09:25.028713Z[0m [34mDEBUG[0m [2mhyper::client::pool[0m[2m:[0m reuse idle connection for ("http", 192.168.0.14:8545)
[2m2025-12-10T10:09:25.028765Z[0m [34mDEBUG[0m [2mhyper::proto::h1::io[0m[2m:[0m flushed 250 bytes
[2m2025-12-10T10:09:25.028785Z[0m [34mDEBUG[0m [2mhyper::proto::h1::io[0m[2m:[0m parsed 4 headers
[2m2025-12-10T10:09:25.028791Z[0m [34mDEBUG[0m [2mhyper::proto::h1::conn[0m[2m:[0m incoming body is content-length (45 bytes)
[2m2025-12-10T10:09:25.028800Z[0m [34mDEBUG[0m [2mhyper::proto::h1::conn[0m[2m:[0m incoming body completed
[2m2025-12-10T10:09:25.028810Z[0m [34mDEBUG[0m [2mhyper::client::pool[0m[2m:[0m pooling idle connection for ("http", 192.168.0.14:8545)
[2m2025-12-10T10:09:25.028828Z[0m [34mDEBUG[0m [2mhyper::client::pool[0m[2m:[0m reuse idle connection for ("http", 192.168.0.14:8545)
[2m2025-12-10T10:09:25.028845Z[0m [34mDEBUG[0m [2mhyper::proto::h1::io[0m[2m:[0m flushed 172 bytes
[2m2025-12-10T10:09:25.037305Z[0m [34mDEBUG[0m [2mhyper::proto::h1::io[0m[2m:[0m parsed 4 headers
[2m2025-12-10T10:09:25.037328Z[0m [34mDEBUG[0m [2mhyper::proto::h1::conn[0m[2m:[0m incoming body is content-length (45 bytes)
[2m2025-12-10T10:09:25.037348Z[0m [34mDEBUG[0m [2mhyper::proto::h1::conn[0m[2m:[0m incoming body completed
[2m2025-12-10T10:09:25.037366Z[0m [34mDEBUG[0m [2mhyper::client::pool[0m[2m:[0m pooling idle connection for ("http", 192.168.0.14:8545)
[2m2025-12-10T10:09:25.039784Z[0m [34mDEBUG[0m [2mhyper::proto::h1::io[0m[2m:[0m parsed 4 headers
[2m2025-12-10T10:09:25.039791Z[0m [34mDEBUG[0m [2mhyper::proto::h1::conn[0m[2m:[0m incoming body is content-length (647 bytes)
[2m2025-12-10T10:09:25.039796Z[0m [34mDEBUG[0m [2mhyper::proto::h1::conn[0m[2m:[0m incoming body completed
[2m2025-12-10T10:09:25.039803Z[0m [34mDEBUG[0m [2mhyper::client::pool[0m[2m:[0m pooling idle connection for ("http", 192.168.0.14:8545)
[2m2025-12-10T10:09:25.039813Z[0m [34mDEBUG[0m [2methereum_transaction_pool_monitor::eth_client[0m[2m:[0m 📡 Transaction fetch RPC completed in 11.119ms
[2m2025-12-10T10:09:25.110386Z[0m [34mDEBUG[0m [2methereum_transaction_pool_monitor::eth_client[0m[2m:[0m ✅ Transaction 0xaad9b278d681d41b922c39f51fb7f71eea8f1a5edafb904241750db6391f336c fetched and parsed in 81.689792ms
[2m2025-12-10T10:09:25.110419Z[0m [34mDEBUG[0m [2methereum_transaction_pool_monitor::mempool_monitor[0m[2m:[0m 🔍 Skipping tx 0xaad9b278d681d41b922c39f51fb7f71eea8f1a5edafb904241750db6391f336c - not a DEX interaction (target: 0xb5d85CBf7cB3EE0D56b3bB207D5Fc4B82f43F511)
[2m2025-12-10T10:09:25.110431Z[0m [34mDEBUG[0m [2methereum_transaction_pool_monitor::mempool_monitor[0m[2m:[0m 📨 Processing new pending transaction: 0x23822ef1817145787bd343926fcfd3f94a9e85495012223a74248eabfaaf8fa0
[2m2025-12-10T10:09:25.110438Z[0m [34mDEBUG[0m [2methereum_transaction_pool_monitor::mempool_monitor[0m[2m:[0m 🔍 Fetching transaction details for: 0x23822ef1817145787bd343926fcfd3f94a9e85495012223a74248eabfaaf8fa0
[2m2025-12-10T10:09:25.110443Z[0m [34mDEBUG[0m [2methereum_transaction_pool_monitor::eth_client[0m[2m:[0m 🔍 Fetching transaction details for hash: 0x23822ef1817145787bd343926fcfd3f94a9e85495012223a74248eabfaaf8fa0
[2m2025-12-10T10:09:25.110465Z[0m [34mDEBUG[0m [2mhyper::client::pool[0m[2m:[0m reuse idle connection for ("http", 192.168.0.14:8545)
[2m2025-12-10T10:09:25.110513Z[0m [34mDEBUG[0m [2mhyper::proto::h1::io[0m[2m:[0m flushed 250 bytes
[2m2025-12-10T10:09:25.110534Z[0m [34mDEBUG[0m [2mhyper::client::pool[0m[2m:[0m reuse idle connection for ("http", 192.168.0.14:8545)
[2m2025-12-10T10:09:25.110553Z[0m [34mDEBUG[0m [2mhyper::proto::h1::io[0m[2m:[0m flushed 172 bytes
[2m2025-12-10T10:09:25.110556Z[0m [34mDEBUG[0m [2methereum_transaction_pool_monitor::eth_client[0m[2m:[0m 📨 Received WebSocket message: {"jsonrpc":"2.0","method":"eth_subscription","params":{"subscription":"0xbed0a0851463e895960a451075a301a9","result":"0xdd53967df3bbd1dd7f28895b91062e3b5d7d2b61876a01f53b508471a96b3d81"}}
[2m2025-12-10T10:09:25.110570Z[0m [34mDEBUG[0m [2methereum_transaction_pool_monitor::eth_client[0m[2m:[0m 📨 Received pending transaction: 0xdd53967df3bbd1dd7f28895b91062e3b5d7d2b61876a01f53b508471a96b3d81
[2m2025-12-10T10:09:25.116793Z[0m [34mDEBUG[0m [2mhyper::proto::h1::io[0m[2m:[0m parsed 4 headers
[2m2025-12-10T10:09:25.116800Z[0m [34mDEBUG[0m [2mhyper::proto::h1::conn[0m[2m:[0m incoming body is content-length (647 bytes)
[2m2025-12-10T10:09:25.116813Z[0m [34mDEBUG[0m [2mhyper::proto::h1::conn[0m[2m:[0m incoming body completed
[2m2025-12-10T10:09:25.116827Z[0m [34mDEBUG[0m [2mhyper::client::pool[0m[2m:[0m pooling idle connection for ("http", 192.168.0.14:8545)
[2m2025-12-10T10:09:25.116836Z[0m [34mDEBUG[0m [2methereum_transaction_pool_monitor::eth_client[0m[2m:[0m 📡 Transaction fetch RPC completed in 6.388458ms
[2m2025-12-10T10:09:25.187697Z[0m [34mDEBUG[0m [2methereum_transaction_pool_monitor::eth_client[0m[2m:[0m ✅ Transaction 0x23822ef1817145787bd343926fcfd3f94a9e85495012223a74248eabfaaf8fa0 fetched and parsed in 77.246542ms
[2m2025-12-10T10:09:25.187730Z[0m [34mDEBUG[0m [2methereum_transaction_pool_monitor::mempool_monitor[0m[2m:[0m 🔍 Skipping tx 0x23822ef1817145787bd343926fcfd3f94a9e85495012223a74248eabfaaf8fa0 - not a DEX interaction (target: 0xA9D1e08C7793af67e9d92fe308d5697FB81d3E43)
[2m2025-12-10T10:09:25.187742Z[0m [34mDEBUG[0m [2methereum_transaction_pool_monitor::mempool_monitor[0m[2m:[0m 📨 Processing new pending transaction: 0x41552bf7262591f57197e6686fe00de4cde65bb444eb090d8ce1e2c83c58a40f
[2m2025-12-10T10:09:25.187749Z[0m [34mDEBUG[0m [2methereum_transaction_pool_monitor::mempool_monitor[0m[2m:[0m 🔍 Fetching transaction details for: 0x41552bf7262591f57197e6686fe00de4cde65bb444eb090d8ce1e2c83c58a40f
[2m2025-12-10T10:09:25.187755Z[0m [34mDEBUG[0m [2methereum_transaction_pool_monitor::eth_client[0m[2m:[0m 🔍 Fetching transaction details for hash: 0x41552bf7262591f57197e6686fe00de4cde65bb444eb090d8ce1e2c83c58a40f
[2m2025-12-10T10:09:25.187775Z[0m [34mDEBUG[0m [2mhyper::client::pool[0m[2m:[0m reuse idle connection for ("http", 192.168.0.14:8545)
[2m2025-12-10T10:09:25.187826Z[0m [34mDEBUG[0m [2mhyper::proto::h1::io[0m[2m:[0m flushed 250 bytes
[2m2025-12-10T10:09:25.187851Z[0m [34mDEBUG[0m [2methereum_transaction_pool_monitor::eth_client[0m[2m:[0m 📨 Received WebSocket message: {"jsonrpc":"2.0","method":"eth_subscription","params":{"subscription":"0xbed0a0851463e895960a451075a301a9","result":"0x9858aff33bbcb21a8b36645b56de6d9d6c81a1780622d27c3e70914ca26bc6af"}}
[2m2025-12-10T10:09:25.187855Z[0m [34mDEBUG[0m [2mhyper::proto::h1::io[0m[2m:[0m parsed 4 headers
[2m2025-12-10T10:09:25.187862Z[0m [34mDEBUG[0m [2methereum_transaction_pool_monitor::eth_client[0m[2m:[0m 📨 Received pending transaction: 0x9858aff33bbcb21a8b36645b56de6d9d6c81a1780622d27c3e70914ca26bc6af
[2m2025-12-10T10:09:25.187868Z[0m [34mDEBUG[0m [2mhyper::proto::h1::conn[0m[2m:[0m incoming body is content-length (45 bytes)
[2m2025-12-10T10:09:25.187880Z[0m [34mDEBUG[0m [2mhyper::proto::h1::conn[0m[2m:[0m incoming body completed
[2m2025-12-10T10:09:25.187889Z[0m [34mDEBUG[0m [2mhyper::client::pool[0m[2m:[0m pooling idle connection for ("http", 192.168.0.14:8545)
[2m2025-12-10T10:09:25.194008Z[0m [34mDEBUG[0m [2mhyper::proto::h1::io[0m[2m:[0m parsed 4 headers
[2m2025-12-10T10:09:25.194014Z[0m [34mDEBUG[0m [2mhyper::proto::h1::conn[0m[2m:[0m incoming body is content-length (647 bytes)
[2m2025-12-10T10:09:25.194019Z[0m [34mDEBUG[0m [2mhyper::proto::h1::conn[0m[2m:[0m incoming body completed
[2m2025-12-10T10:09:25.194026Z[0m [34mDEBUG[0m [2mhyper::client::pool[0m[2m:[0m pooling idle connection for ("http", 192.168.0.14:8545)
[2m2025-12-10T10:09:25.194031Z[0m [34mDEBUG[0m [2methereum_transaction_pool_monitor::eth_client[0m[2m:[0m 📡 Transaction fetch RPC completed in 6.27175ms
[2m2025-12-10T10:09:25.263301Z[0m [34mDEBUG[0m [2methereum_transaction_pool_monitor::eth_client[0m[2m:[0m ✅ Transaction 0x41552bf7262591f57197e6686fe00de4cde65bb444eb090d8ce1e2c83c58a40f fetched and parsed in 75.539375ms
[2m2025-12-10T10:09:25.263336Z[0m [34mDEBUG[0m [2methereum_transaction_pool_monitor::mempool_monitor[0m[2m:[0m 🔍 Skipping tx 0x41552bf7262591f57197e6686fe00de4cde65bb444eb090d8ce1e2c83c58a40f - not a DEX interaction (target: 0xb5d85CBf7cB3EE0D56b3bB207D5Fc4B82f43F511)
[2m2025-12-10T10:09:25.263349Z[0m [34mDEBUG[0m [2methereum_transaction_pool_monitor::mempool_monitor[0m[2m:[0m 📨 Processing new pending transaction: 0x6e08a114e5a68d5e3fcf74e23c063163aa8503f9fd6f034491e1ec4c305f292c
[2m2025-12-10T10:09:25.263357Z[0m [34mDEBUG[0m [2methereum_transaction_pool_monitor::mempool_monitor[0m[2m:[0m 🔍 Fetching transaction details for: 0x6e08a114e5a68d5e3fcf74e23c063163aa8503f9fd6f034491e1ec4c305f292c
[2m2025-12-10T10:09:25.263363Z[0m [34mDEBUG[0m [2methereum_transaction_pool_monitor::eth_client[0m[2m:[0m 🔍 Fetching transaction details for hash: 0x6e08a114e5a68d5e3fcf74e23c063163aa8503f9fd6f034491e1ec4c305f292c
[2m2025-12-10T10:09:25.263387Z[0m [34mDEBUG[0m [2mhyper::client::pool[0m[2m:[0m reuse idle connection for ("http", 192.168.0.14:8545)
[2m2025-12-10T10:09:25.263433Z[0m [34mDEBUG[0m [2mhyper::proto::h1::io[0m[2m:[0m flushed 250 bytes
[2m2025-12-10T10:09:25.263456Z[0m [34mDEBUG[0m [2mhyper::client::pool[0m[2m:[0m reuse idle connection for ("http", 192.168.0.14:8545)
[2m2025-12-10T10:09:25.263465Z[0m [34mDEBUG[0m [2methereum_transaction_pool_monitor::eth_client[0m[2m:[0m 📨 Received WebSocket message: {"jsonrpc":"2.0","method":"eth_subscription","params":{"subscription":"0xbed0a0851463e895960a451075a301a9","result":"0x98520272a41d72d526c7f00d29e2bb8ca50bc9dcc280e236049621d7ef3a4510"}}
[2m2025-12-10T10:09:25.263474Z[0m [34mDEBUG[0m [2mhyper::proto::h1::io[0m[2m:[0m flushed 172 bytes
[2m2025-12-10T10:09:25.263477Z[0m [34mDEBUG[0m [2methereum_transaction_pool_monitor::eth_client[0m[2m:[0m 📨 Received pending transaction: 0x98520272a41d72d526c7f00d29e2bb8ca50bc9dcc280e236049621d7ef3a4510
[2m2025-12-10T10:09:25.270788Z[0m [34mDEBUG[0m [2mhyper::proto::h1::io[0m[2m:[0m parsed 4 headers
[2m2025-12-10T10:09:25.270817Z[0m [34mDEBUG[0m [2mhyper::proto::h1::conn[0m[2m:[0m incoming body is content-length (648 bytes)
[2m2025-12-10T10:09:25.270843Z[0m [34mDEBUG[0m [2mhyper::proto::h1::conn[0m[2m:[0m incoming body completed
[2m2025-12-10T10:09:25.270853Z[0m [34mDEBUG[0m [2mhyper::client::pool[0m[2m:[0m pooling idle connection for ("http", 192.168.0.14:8545)
[2m2025-12-10T10:09:25.270862Z[0m [34mDEBUG[0m [2methereum_transaction_pool_monitor::eth_client[0m[2m:[0m 📡 Transaction fetch RPC completed in 7.494167ms
[2m2025-12-10T10:09:25.341955Z[0m [34mDEBUG[0m [2methereum_transaction_pool_monitor::eth_client[0m[2m:[0m ✅ Transaction 0x6e08a114e5a68d5e3fcf74e23c063163aa8503f9fd6f034491e1ec4c305f292c fetched and parsed in 78.584334ms
[2m2025-12-10T10:09:25.341988Z[0m [34mDEBUG[0m [2methereum_transaction_pool_monitor::mempool_monitor[0m[2m:[0m 🔍 Skipping tx 0x6e08a114e5a68d5e3fcf74e23c063163aa8503f9fd6f034491e1ec4c305f292c - not a DEX interaction (target: 0xA9D1e08C7793af67e9d92fe308d5697FB81d3E43)
[2m2025-12-10T10:09:25.342002Z[0m [34mDEBUG[0m [2methereum_transaction_pool_monitor::mempool_monitor[0m[2m:[0m 📨 Processing new pending transaction: 0x3a0908b0eca0f9f8556b41e6553bef01e2fd072349b83810ca66a7e96265d9b2
[2m2025-12-10T10:09:25.342010Z[0m [34mDEBUG[0m [2methereum_transaction_pool_monitor::mempool_monitor[0m[2m:[0m 🔍 Fetching transaction details for: 0x3a0908b0eca0f9f8556b41e6553bef01e2fd072349b83810ca66a7e96265d9b2
[2m2025-12-10T10:09:25.342015Z[0m [34mDEBUG[0m [2methereum_transaction_pool_monitor::eth_client[0m[2m:[0m 🔍 Fetching transaction details for hash: 0x3a0908b0eca0f9f8556b41e6553bef01e2fd072349b83810ca66a7e96265d9b2
[2m2025-12-10T10:09:25.342035Z[0m [34mDEBUG[0m [2mhyper::client::pool[0m[2m:[0m reuse idle connection for ("http", 192.168.0.14:8545)
[2m2025-12-10T10:09:25.342079Z[0m [34mDEBUG[0m [2mhyper::proto::h1::io[0m[2m:[0m flushed 250 bytes
[2m2025-12-10T10:09:25.342105Z[0m [34mDEBUG[0m [2methereum_transaction_pool_monitor::eth_client[0m[2m:[0m 📨 Received WebSocket message: {"jsonrpc":"2.0","method":"eth_subscription","params":{"subscription":"0xbed0a0851463e895960a451075a301a9","result":"0x62c051cb5bcc4549b9f17f2bc52092bb95a22bac1efa8c145aaab8d24f442bd7"}}
[2m2025-12-10T10:09:25.342107Z[0m [34mDEBUG[0m [2mhyper::proto::h1::io[0m[2m:[0m parsed 4 headers
[2m2025-12-10T10:09:25.342124Z[0m [34mDEBUG[0m [2mhyper::proto::h1::conn[0m[2m:[0m incoming body is content-length (45 bytes)
[2m2025-12-10T10:09:25.342132Z[0m [34mDEBUG[0m [2mhyper::proto::h1::conn[0m[2m:[0m incoming body completed
[2m2025-12-10T10:09:25.342117Z[0m [34mDEBUG[0m [2methereum_transaction_pool_monitor::eth_client[0m[2m:[0m 📨 Received pending transaction: 0x62c051cb5bcc4549b9f17f2bc52092bb95a22bac1efa8c145aaab8d24f442bd7
[2m2025-12-10T10:09:25.342141Z[0m [34mDEBUG[0m [2mhyper::client::pool[0m[2m:[0m pooling idle connection for ("http", 192.168.0.14:8545)
[2m2025-12-10T10:09:25.342146Z[0m [34mDEBUG[0m [2methereum_transaction_pool_monitor::eth_client[0m[2m:[0m 📨 Received WebSocket message: {"jsonrpc":"2.0","method":"eth_subscription","params":{"subscription":"0xbed0a0851463e895960a451075a301a9","result":"0x41c84883555ca43838e10f78d56ef0838acc36ff76185b8f409fef082925dc56"}}
[2m2025-12-10T10:09:25.342155Z[0m [34mDEBUG[0m [2methereum_transaction_pool_monitor::eth_client[0m[2m:[0m 📨 Received pending transaction: 0x41c84883555ca43838e10f78d56ef0838acc36ff76185b8f409fef082925dc56
[2m2025-12-10T10:09:25.342162Z[0m [34mDEBUG[0m [2mhyper::client::pool[0m[2m:[0m reuse idle connection for ("http", 192.168.0.14:8545)
[2m2025-12-10T10:09:25.342165Z[0m [34mDEBUG[0m [2methereum_transaction_pool_monitor::eth_client[0m[2m:[0m 📨 Received WebSocket message: {"jsonrpc":"2.0","method":"eth_subscription","params":{"subscription":"0xbed0a0851463e895960a451075a301a9","result":"0xc50bbbc107b1baff4605a218b2687dd4427f0c844e9d7b1ce85324db807d6bce"}}
[2m2025-12-10T10:09:25.342178Z[0m [34mDEBUG[0m [2methereum_transaction_pool_monitor::eth_client[0m[2m:[0m 📨 Received pending transaction: 0xc50bbbc107b1baff4605a218b2687dd4427f0c844e9d7b1ce85324db807d6bce
[2m2025-12-10T10:09:25.342184Z[0m [34mDEBUG[0m [2mhyper::proto::h1::io[0m[2m:[0m flushed 172 bytes
[2m2025-12-10T10:09:25.347065Z[0m [34mDEBUG[0m [2mhyper::proto::h1::io[0m[2m:[0m parsed 4 headers
[2m2025-12-10T10:09:25.347071Z[0m [34mDEBUG[0m [2mhyper::proto::h1::conn[0m[2m:[0m incoming body is content-length (45 bytes)
[2m2025-12-10T10:09:25.347077Z[0m [34mDEBUG[0m [2mhyper::proto::h1::conn[0m[2m:[0m incoming body completed
[2m2025-12-10T10:09:25.347083Z[0m [34mDEBUG[0m [2mhyper::client::pool[0m[2m:[0m pooling idle connection for ("http", 192.168.0.14:8545)
[2m2025-12-10T10:09:25.347677Z[0m [34mDEBUG[0m [2mhyper::proto::h1::io[0m[2m:[0m parsed 4 headers
[2m2025-12-10T10:09:25.347684Z[0m [34mDEBUG[0m [2mhyper::proto::h1::conn[0m[2m:[0m incoming body is content-length (647 bytes)
[2m2025-12-10T10:09:25.347692Z[0m [34mDEBUG[0m [2mhyper::proto::h1::conn[0m[2m:[0m incoming body completed
[2m2025-12-10T10:09:25.347699Z[0m [34mDEBUG[0m [2mhyper::client::pool[0m[2m:[0m pooling idle connection for ("http", 192.168.0.14:8545)
[2m2025-12-10T10:09:25.347704Z[0m [34mDEBUG[0m [2methereum_transaction_pool_monitor::eth_client[0m[2m:[0m 📡 Transaction fetch RPC completed in 5.683917ms
[2m2025-12-10T10:09:25.419042Z[0m [34mDEBUG[0m [2methereum_transaction_pool_monitor::eth_client[0m[2m:[0m ✅ Transaction 0x3a0908b0eca0f9f8556b41e6553bef01e2fd072349b83810ca66a7e96265d9b2 fetched and parsed in 77.019292ms
[2m2025-12-10T10:09:25.419069Z[0m [34mDEBUG[0m [2methereum_transaction_pool_monitor::mempool_monitor[0m[2m:[0m 🔍 Skipping tx 0x3a0908b0eca0f9f8556b41e6553bef01e2fd072349b83810ca66a7e96265d9b2 - not a DEX interaction (target: 0xb5d85CBf7cB3EE0D56b3bB207D5Fc4B82f43F511)
[2m2025-12-10T10:09:25.419079Z[0m [34mDEBUG[0m [2methereum_transaction_pool_monitor::mempool_monitor[0m[2m:[0m 📨 Processing new pending transaction: 0xa4be9d9783b5e3d24a93098b4dbd68c51a24ffae2124ec75f9010e1949eabd52
[2m2025-12-10T10:09:25.419086Z[0m [34mDEBUG[0m [2methereum_transaction_pool_monitor::mempool_monitor[0m[2m:[0m 🔍 Fetching transaction details for: 0xa4be9d9783b5e3d24a93098b4dbd68c51a24ffae2124ec75f9010e1949eabd52
[2m2025-12-10T10:09:25.419092Z[0m [34mDEBUG[0m [2methereum_transaction_pool_monitor::eth_client[0m[2m:[0m 🔍 Fetching transaction details for hash: 0xa4be9d9783b5e3d24a93098b4dbd68c51a24ffae2124ec75f9010e1949eabd52
[2m2025-12-10T10:09:25.419113Z[0m [34mDEBUG[0m [2mhyper::client::pool[0m[2m:[0m reuse idle connection for ("http", 192.168.0.14:8545)
[2m2025-12-10T10:09:25.419162Z[0m [34mDEBUG[0m [2mhyper::proto::h1::io[0m[2m:[0m flushed 250 bytes
[2m2025-12-10T10:09:25.419181Z[0m [34mDEBUG[0m [2mhyper::client::pool[0m[2m:[0m reuse idle connection for ("http", 192.168.0.14:8545)
[2m2025-12-10T10:09:25.419193Z[0m [34mDEBUG[0m [2methereum_transaction_pool_monitor::eth_client[0m[2m:[0m 📨 Received WebSocket message: {"jsonrpc":"2.0","method":"eth_subscription","params":{"subscription":"0xbed0a0851463e895960a451075a301a9","result":"0x3c8e9c5aaec69a05955a1f9ff5df95e4bff04d82f51f7fe83f8e7719900f3b21"}}
[2m2025-12-10T10:09:25.419195Z[0m [34mDEBUG[0m [2mhyper::proto::h1::io[0m[2m:[0m flushed 172 bytes
[2m2025-12-10T10:09:25.419207Z[0m [34mDEBUG[0m [2methereum_transaction_pool_monitor::eth_client[0m[2m:[0m 📨 Received pending transaction: 0x3c8e9c5aaec69a05955a1f9ff5df95e4bff04d82f51f7fe83f8e7719900f3b21
[2m2025-12-10T10:09:25.419227Z[0m [34mDEBUG[0m [2methereum_transaction_pool_monitor::eth_client[0m[2m:[0m 📨 Received WebSocket message: {"jsonrpc":"2.0","method":"eth_subscription","params":{"subscription":"0xbed0a0851463e895960a451075a301a9","result":"0x564f6620db1fb57eee4afd248fb6491661cc118be1baa97579639167ba825bd8"}}
[2m2025-12-10T10:09:25.419234Z[0m [34mDEBUG[0m [2methereum_transaction_pool_monitor::eth_client[0m[2m:[0m 📨 Received pending transaction: 0x564f6620db1fb57eee4afd248fb6491661cc118be1baa97579639167ba825bd8
[2m2025-12-10T10:09:25.422993Z[0m [34mDEBUG[0m [2methereum_transaction_pool_monitor::eth_client[0m[2m:[0m 📨 Received WebSocket message: {"jsonrpc":"2.0","method":"eth_subscription","params":{"subscription":"0xbed0a0851463e895960a451075a301a9","result":"0xe902543f2e6b8018edd6d26bb9c2c3cbaa7502518a54b074d32d76d7419d202f"}}
[2m2025-12-10T10:09:25.423000Z[0m [34mDEBUG[0m [2methereum_transaction_pool_monitor::eth_client[0m[2m:[0m 📨 Received pending transaction: 0xe902543f2e6b8018edd6d26bb9c2c3cbaa7502518a54b074d32d76d7419d202f
[2m2025-12-10T10:09:25.427943Z[0m [34mDEBUG[0m [2mhyper::proto::h1::io[0m[2m:[0m parsed 4 headers
[2m2025-12-10T10:09:25.427948Z[0m [34mDEBUG[0m [2mhyper::proto::h1::conn[0m[2m:[0m incoming body is content-length (646 bytes)
[2m2025-12-10T10:09:25.427955Z[0m [34mDEBUG[0m [2mhyper::proto::h1::conn[0m[2m:[0m incoming body completed
[2m2025-12-10T10:09:25.427962Z[0m [34mDEBUG[0m [2mhyper::client::pool[0m[2m:[0m pooling idle connection for ("http", 192.168.0.14:8545)
[2m2025-12-10T10:09:25.427968Z[0m [34mDEBUG[0m [2methereum_transaction_pool_monitor::eth_client[0m[2m:[0m 📡 Transaction fetch RPC completed in 8.871167ms
[2m2025-12-10T10:09:25.497470Z[0m [34mDEBUG[0m [2methereum_transaction_pool_monitor::eth_client[0m[2m:[0m ✅ Transaction 0xa4be9d9783b5e3d24a93098b4dbd68c51a24ffae2124ec75f9010e1949eabd52 fetched and parsed in 78.370209ms
[2m2025-12-10T10:09:25.497497Z[0m [34mDEBUG[0m [2methereum_transaction_pool_monitor::mempool_monitor[0m[2m:[0m 🔍 Skipping tx 0xa4be9d9783b5e3d24a93098b4dbd68c51a24ffae2124ec75f9010e1949eabd52 - not a DEX interaction (target: 0xA9D1e08C7793af67e9d92fe308d5697FB81d3E43)
[2m2025-12-10T10:09:25.497508Z[0m [34mDEBUG[0m [2methereum_transaction_pool_monitor::mempool_monitor[0m[2m:[0m 📨 Processing new pending transaction: 0x36c4f1a7f9937c9bd1661dad618b6ba8b3009a9fc47f210bede34e910ec375b7
[2m2025-12-10T10:09:25.497515Z[0m [34mDEBUG[0m [2methereum_transaction_pool_monitor::mempool_monitor[0m[2m:[0m 🔍 Fetching transaction details for: 0x36c4f1a7f9937c9bd1661dad618b6ba8b3009a9fc47f210bede34e910ec375b7
[2m2025-12-10T10:09:25.497520Z[0m [34mDEBUG[0m [2methereum_transaction_pool_monitor::eth_client[0m[2m:[0m 🔍 Fetching transaction details for hash: 0x36c4f1a7f9937c9bd1661dad618b6ba8b3009a9fc47f210bede34e910ec375b7
[2m2025-12-10T10:09:25.497541Z[0m [34mDEBUG[0m [2mhyper::client::pool[0m[2m:[0m reuse idle connection for ("http", 192.168.0.14:8545)
[2m2025-12-10T10:09:25.497585Z[0m [34mDEBUG[0m [2mhyper::proto::h1::io[0m[2m:[0m flushed 250 bytes
[2m2025-12-10T10:09:25.497610Z[0m [34mDEBUG[0m [2methereum_transaction_pool_monitor::eth_client[0m[2m:[0m 📨 Received WebSocket message: {"jsonrpc":"2.0","method":"eth_subscription","params":{"subscription":"0xbed0a0851463e895960a451075a301a9","result":"0x2d46613efdf2aa95eb9db07c267d4bdcbef265bf7e7cf4af27eaf06b1ad5d7e5"}}
[2m2025-12-10T10:09:25.497614Z[0m [34mDEBUG[0m [2mhyper::proto::h1::io[0m[2m:[0m parsed 4 headers
[2m2025-12-10T10:09:25.497618Z[0m [34mDEBUG[0m [2methereum_transaction_pool_monitor::eth_client[0m[2m:[0m 📨 Received pending transaction: 0x2d46613efdf2aa95eb9db07c267d4bdcbef265bf7e7cf4af27eaf06b1ad5d7e5
[2m2025-12-10T10:09:25.497629Z[0m [34mDEBUG[0m [2mhyper::proto::h1::conn[0m[2m:[0m incoming body is content-length (45 bytes)
[2m2025-12-10T10:09:25.497638Z[0m [34mDEBUG[0m [2mhyper::proto::h1::conn[0m[2m:[0m incoming body completed
[2m2025-12-10T10:09:25.497646Z[0m [34mDEBUG[0m [2mhyper::client::pool[0m[2m:[0m pooling idle connection for ("http", 192.168.0.14:8545)
[2m2025-12-10T10:09:25.497662Z[0m [34mDEBUG[0m [2mhyper::client::pool[0m[2m:[0m reuse idle connection for ("http", 192.168.0.14:8545)
[2m2025-12-10T10:09:25.497680Z[0m [34mDEBUG[0m [2mhyper::proto::h1::io[0m[2m:[0m flushed 172 bytes
[2m2025-12-10T10:09:25.501412Z[0m [34mDEBUG[0m [2mhyper::proto::h1::io[0m[2m:[0m parsed 4 headers
[2m2025-12-10T10:09:25.501444Z[0m [34mDEBUG[0m [2mhyper::proto::h1::conn[0m[2m:[0m incoming body is content-length (648 bytes)
[2m2025-12-10T10:09:25.501461Z[0m [34mDEBUG[0m [2mhyper::proto::h1::conn[0m[2m:[0m incoming body completed
[2m2025-12-10T10:09:25.501470Z[0m [34mDEBUG[0m [2mhyper::client::pool[0m[2m:[0m pooling idle connection for ("http", 192.168.0.14:8545)
[2m2025-12-10T10:09:25.501475Z[0m [34mDEBUG[0m [2methereum_transaction_pool_monitor::eth_client[0m[2m:[0m 📡 Transaction fetch RPC completed in 3.950083ms
[2m2025-12-10T10:09:25.570377Z[0m [34mDEBUG[0m [2methereum_transaction_pool_monitor::eth_client[0m[2m:[0m ✅ Transaction 0x36c4f1a7f9937c9bd1661dad618b6ba8b3009a9fc47f210bede34e910ec375b7 fetched and parsed in 72.850375ms
[2m2025-12-10T10:09:25.570409Z[0m [34mDEBUG[0m [2methereum_transaction_pool_monitor::mempool_monitor[0m[2m:[0m 🔍 Skipping tx 0x36c4f1a7f9937c9bd1661dad618b6ba8b3009a9fc47f210bede34e910ec375b7 - not a DEX interaction (target: 0xA9D1e08C7793af67e9d92fe308d5697FB81d3E43)
[2m2025-12-10T10:09:25.570419Z[0m [34mDEBUG[0m [2methereum_transaction_pool_monitor::mempool_monitor[0m[2m:[0m 📨 Processing new pending transaction: 0xc999f26dfb87f63763a2bad9a69545ccfbeae95a9fe922994526dee7c09c70cc
[2m2025-12-10T10:09:25.570424Z[0m [34mDEBUG[0m [2methereum_transaction_pool_monitor::mempool_monitor[0m[2m:[0m 🔍 Fetching transaction details for: 0xc999f26dfb87f63763a2bad9a69545ccfbeae95a9fe922994526dee7c09c70cc
[2m2025-12-10T10:09:25.570428Z[0m [34mDEBUG[0m [2methereum_transaction_pool_monitor::eth_client[0m[2m:[0m 🔍 Fetching transaction details for hash: 0xc999f26dfb87f63763a2bad9a69545ccfbeae95a9fe922994526dee7c09c70cc
[2m2025-12-10T10:09:25.570448Z[0m [34mDEBUG[0m [2mhyper::client::pool[0m[2m:[0m reuse idle connection for ("http", 192.168.0.14:8545)
[2m2025-12-10T10:09:25.570503Z[0m [34mDEBUG[0m [2mhyper::proto::h1::io[0m[2m:[0m flushed 250 bytes
[2m2025-12-10T10:09:25.570526Z[0m [34mDEBUG[0m [2methereum_transaction_pool_monitor::eth_client[0m[2m:[0m 📨 Received WebSocket message: {"jsonrpc":"2.0","method":"eth_subscription","params":{"subscription":"0xbed0a0851463e895960a451075a301a9","result":"0x6a0d3b3e846c80e407d3a161371a1706d5abeeefe2ed40e85c1144574ceea1cc"}}
[2m2025-12-10T10:09:25.570533Z[0m [34mDEBUG[0m [2methereum_transaction_pool_monitor::eth_client[0m[2m:[0m 📨 Received pending transaction: 0x6a0d3b3e846c80e407d3a161371a1706d5abeeefe2ed40e85c1144574ceea1cc
[2m2025-12-10T10:09:25.570538Z[0m [34mDEBUG[0m [2methereum_transaction_pool_monitor::eth_client[0m[2m:[0m 📨 Received WebSocket message: {"jsonrpc":"2.0","method":"eth_subscription","params":{"subscription":"0xbed0a0851463e895960a451075a301a9","result":"0x1d4aa90d71333f171d4a529d9b26def5904e7de5cef1188ae96893dd7b6f4a09"}}
[2m2025-12-10T10:09:25.570543Z[0m [34mDEBUG[0m [2methereum_transaction_pool_monitor::eth_client[0m[2m:[0m 📨 Received pending transaction: 0x1d4aa90d71333f171d4a529d9b26def5904e7de5cef1188ae96893dd7b6f4a09
[2m2025-12-10T10:09:25.570548Z[0m [34mDEBUG[0m [2methereum_transaction_pool_monitor::eth_client[0m[2m:[0m 📨 Received WebSocket message: {"jsonrpc":"2.0","method":"eth_subscription","params":{"subscription":"0xbed0a0851463e895960a451075a301a9","result":"0xaca2644994baf48dd410ed09ef8d49279c9d34831b8660eba8f57f74b4caf89a"}}
[2m2025-12-10T10:09:25.570553Z[0m [34mDEBUG[0m [2methereum_transaction_pool_monitor::eth_client[0m[2m:[0m 📨 Received pending transaction: 0xaca2644994baf48dd410ed09ef8d49279c9d34831b8660eba8f57f74b4caf89a
[2m2025-12-10T10:09:25.570557Z[0m [34mDEBUG[0m [2methereum_transaction_pool_monitor::eth_client[0m[2m:[0m 📨 Received WebSocket message: {"jsonrpc":"2.0","method":"eth_subscription","params":{"subscription":"0xbed0a0851463e895960a451075a301a9","result":"0x396bedb9963a6eb77985e08b802171dc14091f8aebcd883b090782c0f0d52fed"}}
[2m2025-12-10T10:09:25.570566Z[0m [34mDEBUG[0m [2methereum_transaction_pool_monitor::eth_client[0m[2m:[0m 📨 Received pending transaction: 0x396bedb9963a6eb77985e08b802171dc14091f8aebcd883b090782c0f0d52fed
[2m2025-12-10T10:09:25.570583Z[0m [34mDEBUG[0m [2mhyper::proto::h1::io[0m[2m:[0m parsed 4 headers
[2m2025-12-10T10:09:25.570593Z[0m [34mDEBUG[0m [2mhyper::proto::h1::conn[0m[2m:[0m incoming body is content-length (45 bytes)
[2m2025-12-10T10:09:25.570625Z[0m [34mDEBUG[0m [2mhyper::proto::h1::conn[0m[2m:[0m incoming body completed
[2m2025-12-10T10:09:25.570640Z[0m [34mDEBUG[0m [2mhyper::client::pool[0m[2m:[0m pooling idle connection for ("http", 192.168.0.14:8545)
[2m2025-12-10T10:09:25.583864Z[0m [34mDEBUG[0m [2mhyper::proto::h1::io[0m[2m:[0m parsed 4 headers
[2m2025-12-10T10:09:25.583881Z[0m [34mDEBUG[0m [2mhyper::proto::h1::conn[0m[2m:[0m incoming body is content-length (647 bytes)
[2m2025-12-10T10:09:25.583889Z[0m [34mDEBUG[0m [2mhyper::proto::h1::conn[0m[2m:[0m incoming body completed
[2m2025-12-10T10:09:25.583899Z[0m [34mDEBUG[0m [2mhyper::client::pool[0m[2m:[0m pooling idle connection for ("http", 192.168.0.14:8545)
[2m2025-12-10T10:09:25.583905Z[0m [34mDEBUG[0m [2methereum_transaction_pool_monitor::eth_client[0m[2m:[0m 📡 Transaction fetch RPC completed in 13.471792ms
[2m2025-12-10T10:09:25.654756Z[0m [34mDEBUG[0m [2methereum_transaction_pool_monitor::eth_client[0m[2m:[0m ✅ Transaction 0xc999f26dfb87f63763a2bad9a69545ccfbeae95a9fe922994526dee7c09c70cc fetched and parsed in 84.320375ms
[2m2025-12-10T10:09:25.654786Z[0m [34mDEBUG[0m [2methereum_transaction_pool_monitor::mempool_monitor[0m[2m:[0m 🔍 Skipping tx 0xc999f26dfb87f63763a2bad9a69545ccfbeae95a9fe922994526dee7c09c70cc - not a DEX interaction (target: 0xb5d85CBf7cB3EE0D56b3bB207D5Fc4B82f43F511)
[2m2025-12-10T10:09:25.654799Z[0m [34mDEBUG[0m [2methereum_transaction_pool_monitor::mempool_monitor[0m[2m:[0m 📨 Processing new pending transaction: 0x2414275c499aeac4bb844f315efd84c1a1e9322ad27359793523c7b3f96fb8c1
[2m2025-12-10T10:09:25.654806Z[0m [34mDEBUG[0m [2methereum_transaction_pool_monitor::mempool_monitor[0m[2m:[0m 🔍 Fetching transaction details for: 0x2414275c499aeac4bb844f315efd84c1a1e9322ad27359793523c7b3f96fb8c1
[2m2025-12-10T10:09:25.654811Z[0m [34mDEBUG[0m [2methereum_transaction_pool_monitor::eth_client[0m[2m:[0m 🔍 Fetching transaction details for hash: 0x2414275c499aeac4bb844f315efd84c1a1e9322ad27359793523c7b3f96fb8c1
[2m2025-12-10T10:09:25.654831Z[0m [34mDEBUG[0m [2mhyper::client::pool[0m[2m:[0m reuse idle connection for ("http", 192.168.0.14:8545)
[2m2025-12-10T10:09:25.654876Z[0m [34mDEBUG[0m [2mhyper::proto::h1::io[0m[2m:[0m flushed 250 bytes
[2m2025-12-10T10:09:25.654897Z[0m [34mDEBUG[0m [2mhyper::client::pool[0m[2m:[0m reuse idle connection for ("http", 192.168.0.14:8545)
[2m2025-12-10T10:09:25.654907Z[0m [34mDEBUG[0m [2methereum_transaction_pool_monitor::eth_client[0m[2m:[0m 📨 Received WebSocket message: {"jsonrpc":"2.0","method":"eth_subscription","params":{"subscription":"0xbed0a0851463e895960a451075a301a9","result":"0x9d203cad7037670d397e96024a2988cc3ef0167c4ff50ecc7aa50be0dd88edd4"}}
[2m2025-12-10T10:09:25.654911Z[0m [34mDEBUG[0m [2mhyper::proto::h1::io[0m[2m:[0m flushed 172 bytes
[2m2025-12-10T10:09:25.654924Z[0m [34mDEBUG[0m [2methereum_transaction_pool_monitor::eth_client[0m[2m:[0m 📨 Received pending transaction: 0x9d203cad7037670d397e96024a2988cc3ef0167c4ff50ecc7aa50be0dd88edd4
[2m2025-12-10T10:09:25.658878Z[0m [34mDEBUG[0m [2mhyper::proto::h1::io[0m[2m:[0m parsed 4 headers
[2m2025-12-10T10:09:25.658883Z[0m [34mDEBUG[0m [2mhyper::proto::h1::conn[0m[2m:[0m incoming body is content-length (647 bytes)
[2m2025-12-10T10:09:25.658890Z[0m [34mDEBUG[0m [2mhyper::proto::h1::conn[0m[2m:[0m incoming body completed
[2m2025-12-10T10:09:25.658898Z[0m [34mDEBUG[0m [2mhyper::client::pool[0m[2m:[0m pooling idle connection for ("http", 192.168.0.14:8545)
[2m2025-12-10T10:09:25.658907Z[0m [34mDEBUG[0m [2methereum_transaction_pool_monitor::eth_client[0m[2m:[0m 📡 Transaction fetch RPC completed in 4.092083ms
[2m2025-12-10T10:09:25.729233Z[0m [34mDEBUG[0m [2methereum_transaction_pool_monitor::eth_client[0m[2m:[0m ✅ Transaction 0x2414275c499aeac4bb844f315efd84c1a1e9322ad27359793523c7b3f96fb8c1 fetched and parsed in 74.415ms
[2m2025-12-10T10:09:25.729265Z[0m [34mDEBUG[0m [2methereum_transaction_pool_monitor::mempool_monitor[0m[2m:[0m 🔍 Skipping tx 0x2414275c499aeac4bb844f315efd84c1a1e9322ad27359793523c7b3f96fb8c1 - not a DEX interaction (target: 0xA9D1e08C7793af67e9d92fe308d5697FB81d3E43)
[2m2025-12-10T10:09:25.729277Z[0m [34mDEBUG[0m [2methereum_transaction_pool_monitor::mempool_monitor[0m[2m:[0m 📨 Processing new pending transaction: 0x743ba1a99906fb758de5a2d4e03c929644ae7f76ccc2420772ecb608dc80a84a
[2m2025-12-10T10:09:25.729284Z[0m [34mDEBUG[0m [2methereum_transaction_pool_monitor::mempool_monitor[0m[2m:[0m 🔍 Fetching transaction details for: 0x743ba1a99906fb758de5a2d4e03c929644ae7f76ccc2420772ecb608dc80a84a
[2m2025-12-10T10:09:25.729291Z[0m [34mDEBUG[0m [2methereum_transaction_pool_monitor::eth_client[0m[2m:[0m 🔍 Fetching transaction details for hash: 0x743ba1a99906fb758de5a2d4e03c929644ae7f76ccc2420772ecb608dc80a84a
[2m2025-12-10T10:09:25.729311Z[0m [34mDEBUG[0m [2mhyper::client::pool[0m[2m:[0m reuse idle connection for ("http", 192.168.0.14:8545)
[2m2025-12-10T10:09:25.729353Z[0m [34mDEBUG[0m [2mhyper::proto::h1::io[0m[2m:[0m flushed 250 bytes
[2m2025-12-10T10:09:25.729380Z[0m [34mDEBUG[0m [2methereum_transaction_pool_monitor::eth_client[0m[2m:[0m 📨 Received WebSocket message: {"jsonrpc":"2.0","method":"eth_subscription","params":{"subscription":"0xbed0a0851463e895960a451075a301a9","result":"0x2d4b669e8e853e8baed9098f5f9277f7aa2b5f0770862022eb5456909812b17e"}}
[2m2025-12-10T10:09:25.729386Z[0m [34mDEBUG[0m [2mhyper::proto::h1::io[0m[2m:[0m parsed 4 headers
[2m2025-12-10T10:09:25.729400Z[0m [34mDEBUG[0m [2mhyper::proto::h1::conn[0m[2m:[0m incoming body is content-length (45 bytes)
[2m2025-12-10T10:09:25.729410Z[0m [34mDEBUG[0m [2mhyper::proto::h1::conn[0m[2m:[0m incoming body completed
[2m2025-12-10T10:09:25.729390Z[0m [34mDEBUG[0m [2methereum_transaction_pool_monitor::eth_client[0m[2m:[0m 📨 Received pending transaction: 0x2d4b669e8e853e8baed9098f5f9277f7aa2b5f0770862022eb5456909812b17e
[2m2025-12-10T10:09:25.729421Z[0m [34mDEBUG[0m [2mhyper::client::pool[0m[2m:[0m pooling idle connection for ("http", 192.168.0.14:8545)
[2m2025-12-10T10:09:25.729422Z[0m [34mDEBUG[0m [2methereum_transaction_pool_monitor::eth_client[0m[2m:[0m 📨 Received WebSocket message: {"jsonrpc":"2.0","method":"eth_subscription","params":{"subscription":"0xbed0a0851463e895960a451075a301a9","result":"0xa4a5992479c1eb4a15cdf73c7f02b3eeef3178040b69cd5f19b285cdb10fbe45"}}
[2m2025-12-10T10:09:25.729437Z[0m [34mDEBUG[0m [2methereum_transaction_pool_monitor::eth_client[0m[2m:[0m 📨 Received pending transaction: 0xa4a5992479c1eb4a15cdf73c7f02b3eeef3178040b69cd5f19b285cdb10fbe45
[2m2025-12-10T10:09:25.729442Z[0m [34mDEBUG[0m [2mhyper::client::pool[0m[2m:[0m reuse idle connection for ("http", 192.168.0.14:8545)
[2m2025-12-10T10:09:25.729463Z[0m [34mDEBUG[0m [2mhyper::proto::h1::io[0m[2m:[0m flushed 172 bytes
[2m2025-12-10T10:09:25.735937Z[0m [34mDEBUG[0m [2mhyper::proto::h1::io[0m[2m:[0m parsed 4 headers
[2m2025-12-10T10:09:25.735943Z[0m [34mDEBUG[0m [2mhyper::proto::h1::conn[0m[2m:[0m incoming body is content-length (651 bytes)
[2m2025-12-10T10:09:25.735949Z[0m [34mDEBUG[0m [2mhyper::proto::h1::conn[0m[2m:[0m incoming body completed
[2m2025-12-10T10:09:25.735955Z[0m [34mDEBUG[0m [2mhyper::client::pool[0m[2m:[0m pooling idle connection for ("http", 192.168.0.14:8545)
[2m2025-12-10T10:09:25.735960Z[0m [34mDEBUG[0m [2methereum_transaction_pool_monitor::eth_client[0m[2m:[0m 📡 Transaction fetch RPC completed in 6.665167ms
[2m2025-12-10T10:09:25.805911Z[0m [34mDEBUG[0m [2methereum_transaction_pool_monitor::eth_client[0m[2m:[0m ✅ Transaction 0x743ba1a99906fb758de5a2d4e03c929644ae7f76ccc2420772ecb608dc80a84a fetched and parsed in 76.612875ms
[2m2025-12-10T10:09:25.805945Z[0m [34mDEBUG[0m [2methereum_transaction_pool_monitor::mempool_monitor[0m[2m:[0m 🔍 Skipping tx 0x743ba1a99906fb758de5a2d4e03c929644ae7f76ccc2420772ecb608dc80a84a - not a DEX interaction (target: 0xA9D1e08C7793af67e9d92fe308d5697FB81d3E43)
[2m2025-12-10T10:09:25.805957Z[0m [34mDEBUG[0m [2methereum_transaction_pool_monitor::mempool_monitor[0m[2m:[0m 📨 Processing new pending transaction: 0x8d4453bad952edeb571f90b3c69848850061d6709c19e5df8cc058c24955419b
[2m2025-12-10T10:09:25.805963Z[0m [34mDEBUG[0m [2methereum_transaction_pool_monitor::mempool_monitor[0m[2m:[0m 🔍 Fetching transaction details for: 0x8d4453bad952edeb571f90b3c69848850061d6709c19e5df8cc058c24955419b
[2m2025-12-10T10:09:25.805970Z[0m [34mDEBUG[0m [2methereum_transaction_pool_monitor::eth_client[0m[2m:[0m 🔍 Fetching transaction details for hash: 0x8d4453bad952edeb571f90b3c69848850061d6709c19e5df8cc058c24955419b
[2m2025-12-10T10:09:25.805993Z[0m [34mDEBUG[0m [2mhyper::client::pool[0m[2m:[0m reuse idle connection for ("http", 192.168.0.14:8545)
[2m2025-12-10T10:09:25.806046Z[0m [34mDEBUG[0m [2mhyper::proto::h1::io[0m[2m:[0m flushed 250 bytes
[2m2025-12-10T10:09:25.806063Z[0m [34mDEBUG[0m [2mhyper::proto::h1::io[0m[2m:[0m parsed 4 headers
[2m2025-12-10T10:09:25.806069Z[0m [34mDEBUG[0m [2mhyper::proto::h1::conn[0m[2m:[0m incoming body is content-length (45 bytes)
[2m2025-12-10T10:09:25.806077Z[0m [34mDEBUG[0m [2mhyper::proto::h1::conn[0m[2m:[0m incoming body completed
[2m2025-12-10T10:09:25.806087Z[0m [34mDEBUG[0m [2mhyper::client::pool[0m[2m:[0m pooling idle connection for ("http", 192.168.0.14:8545)
[2m2025-12-10T10:09:25.806109Z[0m [34mDEBUG[0m [2mhyper::client::pool[0m[2m:[0m reuse idle connection for ("http", 192.168.0.14:8545)
[2m2025-12-10T10:09:25.806125Z[0m [34mDEBUG[0m [2mhyper::proto::h1::io[0m[2m:[0m flushed 172 bytes
[2m2025-12-10T10:09:25.811932Z[0m [34mDEBUG[0m [2mhyper::proto::h1::io[0m[2m:[0m parsed 4 headers
[2m2025-12-10T10:09:25.811940Z[0m [34mDEBUG[0m [2mhyper::proto::h1::conn[0m[2m:[0m incoming body is content-length (645 bytes)
[2m2025-12-10T10:09:25.811945Z[0m [34mDEBUG[0m [2mhyper::proto::h1::conn[0m[2m:[0m incoming body completed
[2m2025-12-10T10:09:25.811952Z[0m [34mDEBUG[0m [2mhyper::client::pool[0m[2m:[0m pooling idle connection for ("http", 192.168.0.14:8545)
[2m2025-12-10T10:09:25.811957Z[0m [34mDEBUG[0m [2methereum_transaction_pool_monitor::eth_client[0m[2m:[0m 📡 Transaction fetch RPC completed in 5.982125ms
[2m2025-12-10T10:09:25.882858Z[0m [34mDEBUG[0m [2methereum_transaction_pool_monitor::eth_client[0m[2m:[0m ✅ Transaction 0x8d4453bad952edeb571f90b3c69848850061d6709c19e5df8cc058c24955419b fetched and parsed in 76.880125ms
[2m2025-12-10T10:09:25.882885Z[0m [34mDEBUG[0m [2methereum_transaction_pool_monitor::mempool_monitor[0m[2m:[0m 🔍 Skipping tx 0x8d4453bad952edeb571f90b3c69848850061d6709c19e5df8cc058c24955419b - not a DEX interaction (target: 0xb5d85CBf7cB3EE0D56b3bB207D5Fc4B82f43F511)
[2m2025-12-10T10:09:25.882899Z[0m [34mDEBUG[0m [2methereum_transaction_pool_monitor::mempool_monitor[0m[2m:[0m 📨 Processing new pending transaction: 0x3888c7f7ea80e28b7dcf3ed4084ab51cf4c858702d3eecc786929cefb4e39e24
[2m2025-12-10T10:09:25.882907Z[0m [34mDEBUG[0m [2methereum_transaction_pool_monitor::mempool_monitor[0m[2m:[0m 🔍 Fetching transaction details for: 0x3888c7f7ea80e28b7dcf3ed4084ab51cf4c858702d3eecc786929cefb4e39e24
[2m2025-12-10T10:09:25.882911Z[0m [34mDEBUG[0m [2methereum_transaction_pool_monitor::eth_client[0m[2m:[0m 🔍 Fetching transaction details for hash: 0x3888c7f7ea80e28b7dcf3ed4084ab51cf4c858702d3eecc786929cefb4e39e24
[2m2025-12-10T10:09:25.882932Z[0m [34mDEBUG[0m [2mhyper::client::pool[0m[2m:[0m reuse idle connection for ("http", 192.168.0.14:8545)
[2m2025-12-10T10:09:25.882971Z[0m [34mDEBUG[0m [2mhyper::proto::h1::io[0m[2m:[0m flushed 250 bytes
[2m2025-12-10T10:09:25.882996Z[0m [34mDEBUG[0m [2methereum_transaction_pool_monitor::eth_client[0m[2m:[0m 📨 Received WebSocket message: {"jsonrpc":"2.0","method":"eth_subscription","params":{"subscription":"0xbed0a0851463e895960a451075a301a9","result":"0x5ce9927ea4a1938af1b08b4af887cecb81b491edba086001d337ee21ed4f718f"}}
[2m2025-12-10T10:09:25.883004Z[0m [34mDEBUG[0m [2methereum_transaction_pool_monitor::eth_client[0m[2m:[0m 📨 Received pending transaction: 0x5ce9927ea4a1938af1b08b4af887cecb81b491edba086001d337ee21ed4f718f
[2m2025-12-10T10:09:25.883011Z[0m [34mDEBUG[0m [2methereum_transaction_pool_monitor::eth_client[0m[2m:[0m 📨 Received WebSocket message: {"jsonrpc":"2.0","method":"eth_subscription","params":{"subscription":"0xbed0a0851463e895960a451075a301a9","result":"0xb5ad8979d4769b667321ac24cce25bbd17024dc31c5f2456e8c8fc91f1fd9480"}}
[2m2025-12-10T10:09:25.883014Z[0m [34mDEBUG[0m [2mhyper::proto::h1::io[0m[2m:[0m parsed 4 headers
[2m2025-12-10T10:09:25.883026Z[0m [34mDEBUG[0m [2mhyper::proto::h1::conn[0m[2m:[0m incoming body is content-length (45 bytes)
[2m2025-12-10T10:09:25.883017Z[0m [34mDEBUG[0m [2methereum_transaction_pool_monitor::eth_client[0m[2m:[0m 📨 Received pending transaction: 0xb5ad8979d4769b667321ac24cce25bbd17024dc31c5f2456e8c8fc91f1fd9480
[2m2025-12-10T10:09:25.883036Z[0m [34mDEBUG[0m [2mhyper::proto::h1::conn[0m[2m:[0m incoming body completed
[2m2025-12-10T10:09:25.883086Z[0m [34mDEBUG[0m [2mhyper::client::pool[0m[2m:[0m pooling idle connection for ("http", 192.168.0.14:8545)
[2m2025-12-10T10:09:25.887971Z[0m [34mDEBUG[0m [2methereum_transaction_pool_monitor::eth_client[0m[2m:[0m 📨 Received WebSocket message: {"jsonrpc":"2.0","method":"eth_subscription","params":{"subscription":"0xbed0a0851463e895960a451075a301a9","result":"0x5ddacce2994ca1930bfb6003c6a2d44f181eaa379ed0dfb847e40c598d71ef15"}}
[2m2025-12-10T10:09:25.887980Z[0m [34mDEBUG[0m [2methereum_transaction_pool_monitor::eth_client[0m[2m:[0m 📨 Received pending transaction: 0x5ddacce2994ca1930bfb6003c6a2d44f181eaa379ed0dfb847e40c598d71ef15
[2m2025-12-10T10:09:25.887985Z[0m [34mDEBUG[0m [2mhyper::proto::h1::io[0m[2m:[0m parsed 4 headers
[2m2025-12-10T10:09:25.887993Z[0m [34mDEBUG[0m [2mhyper::proto::h1::conn[0m[2m:[0m incoming body is content-length (650 bytes)
[2m2025-12-10T10:09:25.887999Z[0m [34mDEBUG[0m [2mhyper::proto::h1::conn[0m[2m:[0m incoming body completed
[2m2025-12-10T10:09:25.888006Z[0m [34mDEBUG[0m [2mhyper::client::pool[0m[2m:[0m pooling idle connection for ("http", 192.168.0.14:8545)
[2m2025-12-10T10:09:25.888012Z[0m [34mDEBUG[0m [2methereum_transaction_pool_monitor::eth_client[0m[2m:[0m 📡 Transaction fetch RPC completed in 5.096083ms
[2m2025-12-10T10:09:25.897009Z[0m [34mDEBUG[0m [2mhyper::client::pool[0m[2m:[0m reuse idle connection for ("http", 192.168.0.14:8545)
[2m2025-12-10T10:09:25.897061Z[0m [34mDEBUG[0m [2mhyper::proto::h1::io[0m[2m:[0m flushed 172 bytes
[2m2025-12-10T10:09:25.900001Z[0m [34mDEBUG[0m [2mhyper::proto::h1::io[0m[2m:[0m parsed 4 headers
[2m2025-12-10T10:09:25.900009Z[0m [34mDEBUG[0m [2mhyper::proto::h1::conn[0m[2m:[0m incoming body is content-length (45 bytes)
[2m2025-12-10T10:09:25.900017Z[0m [34mDEBUG[0m [2mhyper::proto::h1::conn[0m[2m:[0m incoming body completed
[2m2025-12-10T10:09:25.900025Z[0m [34mDEBUG[0m [2mhyper::client::pool[0m[2m:[0m pooling idle connection for ("http", 192.168.0.14:8545)
[2m2025-12-10T10:09:25.947787Z[0m [34mDEBUG[0m [2methereum_transaction_pool_monitor::eth_client[0m[2m:[0m 📨 Received WebSocket message: {"jsonrpc":"2.0","method":"eth_subscription","params":{"subscription":"0xbed0a0851463e895960a451075a301a9","result":"0x9882246cf54c92324e4d1490c7587c127152664d323336d51a88e3f84aed2d27"}}
[2m2025-12-10T10:09:25.948399Z[0m [34mDEBUG[0m [2methereum_transaction_pool_monitor::eth_client[0m[2m:[0m 📨 Received pending transaction: 0x9882246cf54c92324e4d1490c7587c127152664d323336d51a88e3f84aed2d27
[2m2025-12-10T10:09:25.957688Z[0m [34mDEBUG[0m [2methereum_transaction_pool_monitor::eth_client[0m[2m:[0m ✅ Transaction 0x3888c7f7ea80e28b7dcf3ed4084ab51cf4c858702d3eecc786929cefb4e39e24 fetched and parsed in 74.770166ms
[2m2025-12-10T10:09:25.957709Z[0m [34mDEBUG[0m [2methereum_transaction_pool_monitor::mempool_monitor[0m[2m:[0m 🔍 Skipping tx 0x3888c7f7ea80e28b7dcf3ed4084ab51cf4c858702d3eecc786929cefb4e39e24 - not a DEX interaction (target: 0xb5d85CBf7cB3EE0D56b3bB207D5Fc4B82f43F511)
[2m2025-12-10T10:09:25.957721Z[0m [34mDEBUG[0m [2methereum_transaction_pool_monitor::mempool_monitor[0m[2m:[0m 📨 Processing new pending transaction: 0xa83d329472fce975aed6b187b4e34bd17b9d3f92be1ad027b6179d060f79638c
[2m2025-12-10T10:09:25.957730Z[0m [34mDEBUG[0m [2methereum_transaction_pool_monitor::mempool_monitor[0m[2m:[0m 🔍 Fetching transaction details for: 0xa83d329472fce975aed6b187b4e34bd17b9d3f92be1ad027b6179d060f79638c
[2m2025-12-10T10:09:25.957737Z[0m [34mDEBUG[0m [2methereum_transaction_pool_monitor::eth_client[0m[2m:[0m 🔍 Fetching transaction details for hash: 0xa83d329472fce975aed6b187b4e34bd17b9d3f92be1ad027b6179d060f79638c
[2m2025-12-10T10:09:25.957757Z[0m [34mDEBUG[0m [2mhyper::client::pool[0m[2m:[0m reuse idle connection for ("http", 192.168.0.14:8545)
[2m2025-12-10T10:09:25.957797Z[0m [34mDEBUG[0m [2mhyper::proto::h1::io[0m[2m:[0m flushed 250 bytes
[2m2025-12-10T10:09:25.963235Z[0m [34mDEBUG[0m [2mhyper::proto::h1::io[0m[2m:[0m parsed 4 headers
[2m2025-12-10T10:09:25.963242Z[0m [34mDEBUG[0m [2mhyper::proto::h1::conn[0m[2m:[0m incoming body is content-length (647 bytes)
[2m2025-12-10T10:09:25.963252Z[0m [34mDEBUG[0m [2mhyper::proto::h1::conn[0m[2m:[0m incoming body completed
[2m2025-12-10T10:09:25.963263Z[0m [34mDEBUG[0m [2mhyper::client::pool[0m[2m:[0m pooling idle connection for ("http", 192.168.0.14:8545)
[2m2025-12-10T10:09:25.963272Z[0m [34mDEBUG[0m [2methereum_transaction_pool_monitor::eth_client[0m[2m:[0m 📡 Transaction fetch RPC completed in 5.530209ms
[2m2025-12-10T10:09:26.035690Z[0m [34mDEBUG[0m [2methereum_transaction_pool_monitor::eth_client[0m[2m:[0m ✅ Transaction 0xa83d329472fce975aed6b187b4e34bd17b9d3f92be1ad027b6179d060f79638c fetched and parsed in 77.945625ms
[2m2025-12-10T10:09:26.035721Z[0m [34mDEBUG[0m [2methereum_transaction_pool_monitor::mempool_monitor[0m[2m:[0m 🔍 Skipping tx 0xa83d329472fce975aed6b187b4e34bd17b9d3f92be1ad027b6179d060f79638c - not a DEX interaction (target: 0xA9D1e08C7793af67e9d92fe308d5697FB81d3E43)
[2m2025-12-10T10:09:26.035734Z[0m [34mDEBUG[0m [2methereum_transaction_pool_monitor::mempool_monitor[0m[2m:[0m 📨 Processing new pending transaction: 0xe02a420056a56fb8de88dfa6c8e674d627af7b5315d7f6c52868307a1f2c4d56
[2m2025-12-10T10:09:26.035741Z[0m [34mDEBUG[0m [2methereum_transaction_pool_monitor::mempool_monitor[0m[2m:[0m 🔍 Fetching transaction details for: 0xe02a420056a56fb8de88dfa6c8e674d627af7b5315d7f6c52868307a1f2c4d56
[2m2025-12-10T10:09:26.035748Z[0m [34mDEBUG[0m [2methereum_transaction_pool_monitor::eth_client[0m[2m:[0m 🔍 Fetching transaction details for hash: 0xe02a420056a56fb8de88dfa6c8e674d627af7b5315d7f6c52868307a1f2c4d56
[2m2025-12-10T10:09:26.035770Z[0m [34mDEBUG[0m [2mhyper::client::pool[0m[2m:[0m reuse idle connection for ("http", 192.168.0.14:8545)
[2m2025-12-10T10:09:26.035812Z[0m [34mDEBUG[0m [2mhyper::proto::h1::io[0m[2m:[0m flushed 250 bytes
[2m2025-12-10T10:09:26.035833Z[0m [34mDEBUG[0m [2mhyper::client::pool[0m[2m:[0m reuse idle connection for ("http", 192.168.0.14:8545)
[2m2025-12-10T10:09:26.035856Z[0m [34mDEBUG[0m [2mhyper::proto::h1::io[0m[2m:[0m flushed 172 bytes
[2m2025-12-10T10:09:26.035915Z[0m [34mDEBUG[0m [2methereum_transaction_pool_monitor::eth_client[0m[2m:[0m 📨 Received WebSocket message: {"jsonrpc":"2.0","method":"eth_subscription","params":{"subscription":"0xbed0a0851463e895960a451075a301a9","result":"0x3edcf94e286bcce42409b48417fd7a3b700fffd6723927a6a5f30f616165c62e"}}
[2m2025-12-10T10:09:26.035925Z[0m [34mDEBUG[0m [2methereum_transaction_pool_monitor::eth_client[0m[2m:[0m 📨 Received pending transaction: 0x3edcf94e286bcce42409b48417fd7a3b700fffd6723927a6a5f30f616165c62e
[2m2025-12-10T10:09:26.035931Z[0m [34mDEBUG[0m [2methereum_transaction_pool_monitor::eth_client[0m[2m:[0m 📨 Received WebSocket message: {"jsonrpc":"2.0","method":"eth_subscription","params":{"subscription":"0xbed0a0851463e895960a451075a301a9","result":"0x1d5cc84daa863f1db38cac45e283a6b2b5cdded91ab4de2b26120bc22e940e77"}}
[2m2025-12-10T10:09:26.035938Z[0m [34mDEBUG[0m [2methereum_transaction_pool_monitor::eth_client[0m[2m:[0m 📨 Received pending transaction: 0x1d5cc84daa863f1db38cac45e283a6b2b5cdded91ab4de2b26120bc22e940e77
[2m2025-12-10T10:09:26.035944Z[0m [34mDEBUG[0m [2methereum_transaction_pool_monitor::eth_client[0m[2m:[0m 📨 Received WebSocket message: {"jsonrpc":"2.0","method":"eth_subscription","params":{"subscription":"0xbed0a0851463e895960a451075a301a9","result":"0xb220074354a32cbed8938fb86551ddb81faa86e6c8a76ef173937152dc73b00d"}}
[2m2025-12-10T10:09:26.035951Z[0m [34mDEBUG[0m [2methereum_transaction_pool_monitor::eth_client[0m[2m:[0m 📨 Received pending transaction: 0xb220074354a32cbed8938fb86551ddb81faa86e6c8a76ef173937152dc73b00d
[2m2025-12-10T10:09:26.035957Z[0m [34mDEBUG[0m [2methereum_transaction_pool_monitor::eth_client[0m[2m:[0m 📨 Received WebSocket message: {"jsonrpc":"2.0","method":"eth_subscription","params":{"subscription":"0xbed0a0851463e895960a451075a301a9","result":"0x4270ef7c5825e0b4a048f3abced47ffffb5bc1797c8c5f23e76b76fea7bb0623"}}
[2m2025-12-10T10:09:26.035964Z[0m [34mDEBUG[0m [2methereum_transaction_pool_monitor::eth_client[0m[2m:[0m 📨 Received pending transaction: 0x4270ef7c5825e0b4a048f3abced47ffffb5bc1797c8c5f23e76b76fea7bb0623
[2m2025-12-10T10:09:26.039746Z[0m [34mDEBUG[0m [2mhyper::proto::h1::io[0m[2m:[0m parsed 4 headers
[2m2025-12-10T10:09:26.039757Z[0m [34mDEBUG[0m [2mhyper::proto::h1::conn[0m[2m:[0m incoming body is content-length (45 bytes)
[2m2025-12-10T10:09:26.039765Z[0m [34mDEBUG[0m [2mhyper::proto::h1::conn[0m[2m:[0m incoming body completed
[2m2025-12-10T10:09:26.039776Z[0m [34mDEBUG[0m [2mhyper::client::pool[0m[2m:[0m pooling idle connection for ("http", 192.168.0.14:8545)
[2m2025-12-10T10:09:26.040354Z[0m [34mDEBUG[0m [2mhyper::proto::h1::io[0m[2m:[0m parsed 4 headers
[2m2025-12-10T10:09:26.040362Z[0m [34mDEBUG[0m [2mhyper::proto::h1::conn[0m[2m:[0m incoming body is content-length (648 bytes)
[2m2025-12-10T10:09:26.040367Z[0m [34mDEBUG[0m [2mhyper::proto::h1::conn[0m[2m:[0m incoming body completed
[2m2025-12-10T10:09:26.040375Z[0m [34mDEBUG[0m [2mhyper::client::pool[0m[2m:[0m pooling idle connection for ("http", 192.168.0.14:8545)
[2m2025-12-10T10:09:26.040380Z[0m [34mDEBUG[0m [2methereum_transaction_pool_monitor::eth_client[0m[2m:[0m 📡 Transaction fetch RPC completed in 4.628083ms
[2m2025-12-10T10:09:26.110842Z[0m [34mDEBUG[0m [2methereum_transaction_pool_monitor::eth_client[0m[2m:[0m ✅ Transaction 0xe02a420056a56fb8de88dfa6c8e674d627af7b5315d7f6c52868307a1f2c4d56 fetched and parsed in 75.087208ms
[2m2025-12-10T10:09:26.110875Z[0m [34mDEBUG[0m [2methereum_transaction_pool_monitor::mempool_monitor[0m[2m:[0m 🔍 Skipping tx 0xe02a420056a56fb8de88dfa6c8e674d627af7b5315d7f6c52868307a1f2c4d56 - not a DEX interaction (target: 0xA9D1e08C7793af67e9d92fe308d5697FB81d3E43)
[2m2025-12-10T10:09:26.110886Z[0m [34mDEBUG[0m [2methereum_transaction_pool_monitor::mempool_monitor[0m[2m:[0m 📨 Processing new pending transaction: 0xdd53967df3bbd1dd7f28895b91062e3b5d7d2b61876a01f53b508471a96b3d81
[2m2025-12-10T10:09:26.110891Z[0m [34mDEBUG[0m [2methereum_transaction_pool_monitor::mempool_monitor[0m[2m:[0m 🔍 Fetching transaction details for: 0xdd53967df3bbd1dd7f28895b91062e3b5d7d2b61876a01f53b508471a96b3d81
[2m2025-12-10T10:09:26.110895Z[0m [34mDEBUG[0m [2methereum_transaction_pool_monitor::eth_client[0m[2m:[0m 🔍 Fetching transaction details for hash: 0xdd53967df3bbd1dd7f28895b91062e3b5d7d2b61876a01f53b508471a96b3d81
[2m2025-12-10T10:09:26.110917Z[0m [34mDEBUG[0m [2mhyper::client::pool[0m[2m:[0m reuse idle connection for ("http", 192.168.0.14:8545)
[2m2025-12-10T10:09:26.110973Z[0m [34mDEBUG[0m [2mhyper::proto::h1::io[0m[2m:[0m flushed 250 bytes
[2m2025-12-10T10:09:26.111004Z[0m [34mDEBUG[0m [2mhyper::client::pool[0m[2m:[0m reuse idle connection for ("http", 192.168.0.14:8545)
[2m2025-12-10T10:09:26.111021Z[0m [34mDEBUG[0m [2mhyper::proto::h1::io[0m[2m:[0m flushed 172 bytes
[2m2025-12-10T10:09:26.113986Z[0m [34mDEBUG[0m [2mhyper::proto::h1::io[0m[2m:[0m parsed 4 headers
[2m2025-12-10T10:09:26.114001Z[0m [34mDEBUG[0m [2mhyper::proto::h1::conn[0m[2m:[0m incoming body is content-length (45 bytes)
[2m2025-12-10T10:09:26.114009Z[0m [34mDEBUG[0m [2mhyper::proto::h1::conn[0m[2m:[0m incoming body completed
[2m2025-12-10T10:09:26.114019Z[0m [34mDEBUG[0m [2mhyper::client::pool[0m[2m:[0m pooling idle connection for ("http", 192.168.0.14:8545)
[2m2025-12-10T10:09:26.114641Z[0m [34mDEBUG[0m [2mhyper::proto::h1::io[0m[2m:[0m parsed 4 headers
[2m2025-12-10T10:09:26.114649Z[0m [34mDEBUG[0m [2mhyper::proto::h1::conn[0m[2m:[0m incoming body is content-length (773 bytes)
[2m2025-12-10T10:09:26.114657Z[0m [34mDEBUG[0m [2mhyper::proto::h1::conn[0m[2m:[0m incoming body completed
[2m2025-12-10T10:09:26.114670Z[0m [34mDEBUG[0m [2mhyper::client::pool[0m[2m:[0m pooling idle connection for ("http", 192.168.0.14:8545)
[2m2025-12-10T10:09:26.114676Z[0m [34mDEBUG[0m [2methereum_transaction_pool_monitor::eth_client[0m[2m:[0m 📡 Transaction fetch RPC completed in 3.776208ms
[2m2025-12-10T10:09:26.114691Z[0m [34mDEBUG[0m [2methereum_transaction_pool_monitor::eth_client[0m[2m:[0m DeFi transaction detected - Address: 0xdac17f958d2ee523a2206206994597c13d831ec7, Type: Stablecoin, Value: 0 ETH, Gas: 0.99 Gwei
[2m2025-12-10T10:09:26.114704Z[0m [34mDEBUG[0m [2methereum_transaction_pool_monitor::eth_client[0m[2m:[0m ✅ Transaction 0xdd53967df3bbd1dd7f28895b91062e3b5d7d2b61876a01f53b508471a96b3d81 fetched and parsed in 3.80425ms
[2m2025-12-10T10:09:26.114710Z[0m [34mDEBUG[0m [2methereum_transaction_pool_monitor::mempool_monitor[0m[2m:[0m 🔍 Skipping tx 0xdd53967df3bbd1dd7f28895b91062e3b5d7d2b61876a01f53b508471a96b3d81 - not a DEX interaction (target: 0xdAC17F958D2ee523a2206206994597C13D831ec7)
[2m2025-12-10T10:09:26.114717Z[0m [34mDEBUG[0m [2methereum_transaction_pool_monitor::mempool_monitor[0m[2m:[0m 📨 Processing new pending transaction: 0x9858aff33bbcb21a8b36645b56de6d9d6c81a1780622d27c3e70914ca26bc6af
[2m2025-12-10T10:09:26.114721Z[0m [34mDEBUG[0m [2methereum_transaction_pool_monitor::mempool_monitor[0m[2m:[0m 🔍 Fetching transaction details for: 0x9858aff33bbcb21a8b36645b56de6d9d6c81a1780622d27c3e70914ca26bc6af
[2m2025-12-10T10:09:26.114725Z[0m [34mDEBUG[0m [2methereum_transaction_pool_monitor::eth_client[0m[2m:[0m 🔍 Fetching transaction details for hash: 0x9858aff33bbcb21a8b36645b56de6d9d6c81a1780622d27c3e70914ca26bc6af
[2m2025-12-10T10:09:26.114739Z[0m [34mDEBUG[0m [2mhyper::client::pool[0m[2m:[0m reuse idle connection for ("http", 192.168.0.14:8545)
[2m2025-12-10T10:09:26.114755Z[0m [34mDEBUG[0m [2mhyper::proto::h1::io[0m[2m:[0m flushed 250 bytes
[2m2025-12-10T10:09:26.120351Z[0m [34mDEBUG[0m [2mhyper::proto::h1::io[0m[2m:[0m parsed 4 headers
[2m2025-12-10T10:09:26.120358Z[0m [34mDEBUG[0m [2mhyper::proto::h1::conn[0m[2m:[0m incoming body is content-length (2747 bytes)
[2m2025-12-10T10:09:26.120364Z[0m [34mDEBUG[0m [2mhyper::proto::h1::conn[0m[2m:[0m incoming body completed
[2m2025-12-10T10:09:26.120370Z[0m [34mDEBUG[0m [2mhyper::client::pool[0m[2m:[0m pooling idle connection for ("http", 192.168.0.14:8545)
[2m2025-12-10T10:09:26.120375Z[0m [34mDEBUG[0m [2methereum_transaction_pool_monitor::eth_client[0m[2m:[0m 📡 Transaction fetch RPC completed in 5.646667ms
[2m2025-12-10T10:09:26.190887Z[0m [34mDEBUG[0m [2methereum_transaction_pool_monitor::eth_client[0m[2m:[0m ✅ Transaction 0x9858aff33bbcb21a8b36645b56de6d9d6c81a1780622d27c3e70914ca26bc6af fetched and parsed in 76.155834ms
[2m2025-12-10T10:09:26.190916Z[0m [34mDEBUG[0m [2methereum_transaction_pool_monitor::mempool_monitor[0m[2m:[0m 🔍 Skipping tx 0x9858aff33bbcb21a8b36645b56de6d9d6c81a1780622d27c3e70914ca26bc6af - not a DEX interaction (target: 0x3335733c454805df6a77f825f266e136FB4a3333)
[2m2025-12-10T10:09:26.190928Z[0m [34mDEBUG[0m [2methereum_transaction_pool_monitor::mempool_monitor[0m[2m:[0m 📨 Processing new pending transaction: 0x98520272a41d72d526c7f00d29e2bb8ca50bc9dcc280e236049621d7ef3a4510
[2m2025-12-10T10:09:26.190934Z[0m [34mDEBUG[0m [2methereum_transaction_pool_monitor::mempool_monitor[0m[2m:[0m 🔍 Fetching transaction details for: 0x98520272a41d72d526c7f00d29e2bb8ca50bc9dcc280e236049621d7ef3a4510
[2m2025-12-10T10:09:26.190938Z[0m [34mDEBUG[0m [2methereum_transaction_pool_monitor::eth_client[0m[2m:[0m 🔍 Fetching transaction details for hash: 0x98520272a41d72d526c7f00d29e2bb8ca50bc9dcc280e236049621d7ef3a4510
[2m2025-12-10T10:09:26.190960Z[0m [34mDEBUG[0m [2mhyper::client::pool[0m[2m:[0m reuse idle connection for ("http", 192.168.0.14:8545)
[2m2025-12-10T10:09:26.191016Z[0m [34mDEBUG[0m [2mhyper::proto::h1::io[0m[2m:[0m flushed 250 bytes
[2m2025-12-10T10:09:26.196691Z[0m [34mDEBUG[0m [2mhyper::client::pool[0m[2m:[0m reuse idle connection for ("http", 192.168.0.14:8545)
[2m2025-12-10T10:09:26.196743Z[0m [34mDEBUG[0m [2mhyper::proto::h1::io[0m[2m:[0m flushed 172 bytes
[2m2025-12-10T10:09:26.199091Z[0m [34mDEBUG[0m [2mhyper::proto::h1::io[0m[2m:[0m parsed 4 headers
[2m2025-12-10T10:09:26.199101Z[0m [34mDEBUG[0m [2mhyper::proto::h1::conn[0m[2m:[0m incoming body is content-length (771 bytes)
[2m2025-12-10T10:09:26.199109Z[0m [34mDEBUG[0m [2mhyper::proto::h1::conn[0m[2m:[0m incoming body completed
[2m2025-12-10T10:09:26.199118Z[0m [34mDEBUG[0m [2mhyper::client::pool[0m[2m:[0m pooling idle connection for ("http", 192.168.0.14:8545)
[2m2025-12-10T10:09:26.199124Z[0m [34mDEBUG[0m [2methereum_transaction_pool_monitor::eth_client[0m[2m:[0m 📡 Transaction fetch RPC completed in 8.182458ms
[2m2025-12-10T10:09:26.199141Z[0m [34mDEBUG[0m [2methereum_transaction_pool_monitor::eth_client[0m[2m:[0m DeFi transaction detected - Address: 0xdac17f958d2ee523a2206206994597c13d831ec7, Type: Stablecoin, Value: 0 ETH, Gas: 2.27 Gwei
[2m2025-12-10T10:09:26.199154Z[0m [34mDEBUG[0m [2methereum_transaction_pool_monitor::eth_client[0m[2m:[0m ✅ Transaction 0x98520272a41d72d526c7f00d29e2bb8ca50bc9dcc280e236049621d7ef3a4510 fetched and parsed in 8.21175ms
[2m2025-12-10T10:09:26.199160Z[0m [34mDEBUG[0m [2methereum_transaction_pool_monitor::mempool_monitor[0m[2m:[0m 🔍 Skipping tx 0x98520272a41d72d526c7f00d29e2bb8ca50bc9dcc280e236049621d7ef3a4510 - not a DEX interaction (target: 0xdAC17F958D2ee523a2206206994597C13D831ec7)
[2m2025-12-10T10:09:26.199168Z[0m [34mDEBUG[0m [2methereum_transaction_pool_monitor::mempool_monitor[0m[2m:[0m 📨 Processing new pending transaction: 0x62c051cb5bcc4549b9f17f2bc52092bb95a22bac1efa8c145aaab8d24f442bd7
[2m2025-12-10T10:09:26.199172Z[0m [34mDEBUG[0m [2methereum_transaction_pool_monitor::mempool_monitor[0m[2m:[0m 🔍 Fetching transaction details for: 0x62c051cb5bcc4549b9f17f2bc52092bb95a22bac1efa8c145aaab8d24f442bd7
[2m2025-12-10T10:09:26.199176Z[0m [34mDEBUG[0m [2methereum_transaction_pool_monitor::eth_client[0m[2m:[0m 🔍 Fetching transaction details for hash: 0x62c051cb5bcc4549b9f17f2bc52092bb95a22bac1efa8c145aaab8d24f442bd7
[2m2025-12-10T10:09:26.199187Z[0m [34mDEBUG[0m [2mhyper::client::pool[0m[2m:[0m reuse idle connection for ("http", 192.168.0.14:8545)
[2m2025-12-10T10:09:26.199209Z[0m [34mDEBUG[0m [2mhyper::proto::h1::io[0m[2m:[0m flushed 250 bytes
[2m2025-12-10T10:09:26.201749Z[0m [34mDEBUG[0m [2methereum_transaction_pool_monitor::eth_client[0m[2m:[0m 📨 Received WebSocket message: {"jsonrpc":"2.0","method":"eth_subscription","params":{"subscription":"0xbed0a0851463e895960a451075a301a9","result":"0x8ce047c7c3cb381545537a88844c1cdafeb35dcc9ec37c294b69cc8d36020368"}}
[2m2025-12-10T10:09:26.201781Z[0m [34mDEBUG[0m [2methereum_transaction_pool_monitor::eth_client[0m[2m:[0m 📨 Received pending transaction: 0x8ce047c7c3cb381545537a88844c1cdafeb35dcc9ec37c294b69cc8d36020368
[2m2025-12-10T10:09:26.204001Z[0m [34mDEBUG[0m [2mhyper::proto::h1::io[0m[2m:[0m parsed 4 headers
[2m2025-12-10T10:09:26.204037Z[0m [34mDEBUG[0m [2mhyper::proto::h1::conn[0m[2m:[0m incoming body is content-length (45 bytes)
[2m2025-12-10T10:09:26.204056Z[0m [34mDEBUG[0m [2mhyper::proto::h1::conn[0m[2m:[0m incoming body completed
[2m2025-12-10T10:09:26.204068Z[0m [34mDEBUG[0m [2mhyper::client::pool[0m[2m:[0m pooling idle connection for ("http", 192.168.0.14:8545)
[2m2025-12-10T10:09:26.206084Z[0m [34mDEBUG[0m [2mhyper::proto::h1::io[0m[2m:[0m parsed 4 headers
[2m2025-12-10T10:09:26.206090Z[0m [34mDEBUG[0m [2mhyper::proto::h1::conn[0m[2m:[0m incoming body is content-length (652 bytes)
[2m2025-12-10T10:09:26.206095Z[0m [34mDEBUG[0m [2mhyper::proto::h1::conn[0m[2m:[0m incoming body completed
[2m2025-12-10T10:09:26.206101Z[0m [34mDEBUG[0m [2mhyper::client::pool[0m[2m:[0m pooling idle connection for ("http", 192.168.0.14:8545)
[2m2025-12-10T10:09:26.206106Z[0m [34mDEBUG[0m [2methereum_transaction_pool_monitor::eth_client[0m[2m:[0m 📡 Transaction fetch RPC completed in 6.925958ms
[2m2025-12-10T10:09:26.277357Z[0m [34mDEBUG[0m [2methereum_transaction_pool_monitor::eth_client[0m[2m:[0m ✅ Transaction 0x62c051cb5bcc4549b9f17f2bc52092bb95a22bac1efa8c145aaab8d24f442bd7 fetched and parsed in 78.173792ms
[2m2025-12-10T10:09:26.277388Z[0m [34mDEBUG[0m [2methereum_transaction_pool_monitor::mempool_monitor[0m[2m:[0m 🔍 Skipping tx 0x62c051cb5bcc4549b9f17f2bc52092bb95a22bac1efa8c145aaab8d24f442bd7 - not a DEX interaction (target: 0xAcC30a20179D4169528B9CA4468CAE0bB20CD80c)
[2m2025-12-10T10:09:26.277399Z[0m [34mDEBUG[0m [2methereum_transaction_pool_monitor::mempool_monitor[0m[2m:[0m 📨 Processing new pending transaction: 0x41c84883555ca43838e10f78d56ef0838acc36ff76185b8f409fef082925dc56
[2m2025-12-10T10:09:26.277406Z[0m [34mDEBUG[0m [2methereum_transaction_pool_monitor::mempool_monitor[0m[2m:[0m 🔍 Fetching transaction details for: 0x41c84883555ca43838e10f78d56ef0838acc36ff76185b8f409fef082925dc56
[2m2025-12-10T10:09:26.277412Z[0m [34mDEBUG[0m [2methereum_transaction_pool_monitor::eth_client[0m[2m:[0m 🔍 Fetching transaction details for hash: 0x41c84883555ca43838e10f78d56ef0838acc36ff76185b8f409fef082925dc56
[2m2025-12-10T10:09:26.277433Z[0m [34mDEBUG[0m [2mhyper::client::pool[0m[2m:[0m reuse idle connection for ("http", 192.168.0.14:8545)
[2m2025-12-10T10:09:26.277469Z[0m [34mDEBUG[0m [2mhyper::proto::h1::io[0m[2m:[0m flushed 250 bytes
[2m2025-12-10T10:09:26.277496Z[0m [34mDEBUG[0m [2methereum_transaction_pool_monitor::eth_client[0m[2m:[0m 📨 Received WebSocket message: {"jsonrpc":"2.0","method":"eth_subscription","params":{"subscription":"0xbed0a0851463e895960a451075a301a9","result":"0x0f692d694b039861150d2c404c1bcd4a1936a2e1770fd0bf28b9dc16c4e02112"}}
[2m2025-12-10T10:09:26.277507Z[0m [34mDEBUG[0m [2methereum_transaction_pool_monitor::eth_client[0m[2m:[0m 📨 Received pending transaction: 0x0f692d694b039861150d2c404c1bcd4a1936a2e1770fd0bf28b9dc16c4e02112
[2m2025-12-10T10:09:26.283449Z[0m [34mDEBUG[0m [2mhyper::proto::h1::io[0m[2m:[0m parsed 4 headers
[2m2025-12-10T10:09:26.283461Z[0m [34mDEBUG[0m [2mhyper::proto::h1::conn[0m[2m:[0m incoming body is content-length (2756 bytes)
[2m2025-12-10T10:09:26.283469Z[0m [34mDEBUG[0m [2mhyper::proto::h1::conn[0m[2m:[0m incoming body completed
[2m2025-12-10T10:09:26.283479Z[0m [34mDEBUG[0m [2mhyper::client::pool[0m[2m:[0m pooling idle connection for ("http", 192.168.0.14:8545)
[2m2025-12-10T10:09:26.283487Z[0m [34mDEBUG[0m [2methereum_transaction_pool_monitor::eth_client[0m[2m:[0m 📡 Transaction fetch RPC completed in 6.070292ms
[2m2025-12-10T10:09:26.355841Z[0m [34mDEBUG[0m [2methereum_transaction_pool_monitor::eth_client[0m[2m:[0m ✅ Transaction 0x41c84883555ca43838e10f78d56ef0838acc36ff76185b8f409fef082925dc56 fetched and parsed in 78.4225ms
[2m2025-12-10T10:09:26.355868Z[0m [34mDEBUG[0m [2methereum_transaction_pool_monitor::mempool_monitor[0m[2m:[0m 🔍 Skipping tx 0x41c84883555ca43838e10f78d56ef0838acc36ff76185b8f409fef082925dc56 - not a DEX interaction (target: 0x0000000000000068F116a894984e2DB1123eB395)
[2m2025-12-10T10:09:26.355880Z[0m [34mDEBUG[0m [2methereum_transaction_pool_monitor::mempool_monitor[0m[2m:[0m 📨 Processing new pending transaction: 0xc50bbbc107b1baff4605a218b2687dd4427f0c844e9d7b1ce85324db807d6bce
[2m2025-12-10T10:09:26.355887Z[0m [34mDEBUG[0m [2methereum_transaction_pool_monitor::mempool_monitor[0m[2m:[0m 🔍 Fetching transaction details for: 0xc50bbbc107b1baff4605a218b2687dd4427f0c844e9d7b1ce85324db807d6bce
[2m2025-12-10T10:09:26.355892Z[0m [34mDEBUG[0m [2methereum_transaction_pool_monitor::eth_client[0m[2m:[0m 🔍 Fetching transaction details for hash: 0xc50bbbc107b1baff4605a218b2687dd4427f0c844e9d7b1ce85324db807d6bce
[2m2025-12-10T10:09:26.355912Z[0m [34mDEBUG[0m [2mhyper::client::pool[0m[2m:[0m reuse idle connection for ("http", 192.168.0.14:8545)
[2m2025-12-10T10:09:26.355958Z[0m [34mDEBUG[0m [2mhyper::proto::h1::io[0m[2m:[0m flushed 250 bytes
[2m2025-12-10T10:09:26.355977Z[0m [34mDEBUG[0m [2mhyper::client::pool[0m[2m:[0m reuse idle connection for ("http", 192.168.0.14:8545)
[2m2025-12-10T10:09:26.355987Z[0m [34mDEBUG[0m [2methereum_transaction_pool_monitor::eth_client[0m[2m:[0m 📨 Received WebSocket message: {"jsonrpc":"2.0","method":"eth_subscription","params":{"subscription":"0xbed0a0851463e895960a451075a301a9","result":"0x0b99d9aa485109ffe5d8a13cb900fb78b4639b51863deccc1068f3018d657793"}}
[2m2025-12-10T10:09:26.356000Z[0m [34mDEBUG[0m [2methereum_transaction_pool_monitor::eth_client[0m[2m:[0m 📨 Received pending transaction: 0x0b99d9aa485109ffe5d8a13cb900fb78b4639b51863deccc1068f3018d657793
[2m2025-12-10T10:09:26.356006Z[0m [34mDEBUG[0m [2mhyper::proto::h1::io[0m[2m:[0m flushed 172 bytes
[2m2025-12-10T10:09:26.363899Z[0m [34mDEBUG[0m [2mhyper::proto::h1::io[0m[2m:[0m parsed 4 headers
[2m2025-12-10T10:09:26.363914Z[0m [34mDEBUG[0m [2mhyper::proto::h1::conn[0m[2m:[0m incoming body is content-length (3537 bytes)
[2m2025-12-10T10:09:26.363930Z[0m [34mDEBUG[0m [2methereum_transaction_pool_monitor::eth_client[0m[2m:[0m 📡 Transaction fetch RPC completed in 8.032875ms
[2m2025-12-10T10:09:26.366569Z[0m [34mDEBUG[0m [2mhyper::proto::h1::conn[0m[2m:[0m incoming body completed
[2m2025-12-10T10:09:26.366587Z[0m [34mDEBUG[0m [2mhyper::client::pool[0m[2m:[0m pooling idle connection for ("http", 192.168.0.14:8545)
[2m2025-12-10T10:09:26.366601Z[0m [34mDEBUG[0m [2mhyper::proto::h1::io[0m[2m:[0m parsed 4 headers
[2m2025-12-10T10:09:26.366606Z[0m [34mDEBUG[0m [2mhyper::proto::h1::conn[0m[2m:[0m incoming body is content-length (45 bytes)
[2m2025-12-10T10:09:26.366611Z[0m [34mDEBUG[0m [2mhyper::proto::h1::conn[0m[2m:[0m incoming body completed
[2m2025-12-10T10:09:26.366618Z[0m [34mDEBUG[0m [2mhyper::client::pool[0m[2m:[0m pooling idle connection for ("http", 192.168.0.14:8545)
[2m2025-12-10T10:09:26.366664Z[0m [34mDEBUG[0m [2methereum_transaction_pool_monitor::eth_client[0m[2m:[0m 📨 Received WebSocket message: {"jsonrpc":"2.0","method":"eth_subscription","params":{"subscription":"0xbed0a0851463e895960a451075a301a9","result":"0x0c9a221bcb84422912426254518a9db1587099236eaad1d5c9f3ae0ddcfac500"}}
[2m2025-12-10T10:09:26.366672Z[0m [34mDEBUG[0m [2methereum_transaction_pool_monitor::eth_client[0m[2m:[0m 📨 Received pending transaction: 0x0c9a221bcb84422912426254518a9db1587099236eaad1d5c9f3ae0ddcfac500
[2m2025-12-10T10:09:26.391449Z[0m [34mDEBUG[0m [2methereum_transaction_pool_monitor::eth_client[0m[2m:[0m 📨 Received WebSocket message: {"jsonrpc":"2.0","method":"eth_subscription","params":{"subscription":"0xbed0a0851463e895960a451075a301a9","result":"0x1b2e3d4e941de02259c8ce2974140185e666639048742eff473dd0a411741af8"}}
[2m2025-12-10T10:09:26.391470Z[0m [34mDEBUG[0m [2methereum_transaction_pool_monitor::eth_client[0m[2m:[0m 📨 Received pending transaction: 0x1b2e3d4e941de02259c8ce2974140185e666639048742eff473dd0a411741af8
[2m2025-12-10T10:09:26.392389Z[0m [34mDEBUG[0m [2methereum_transaction_pool_monitor::eth_client[0m[2m:[0m 📨 Received WebSocket message: {"jsonrpc":"2.0","method":"eth_subscription","params":{"subscription":"0xbed0a0851463e895960a451075a301a9","result":"0x797321da8b01027a60411d87d09c2851de0e3e4f20440882e9c5eab08c1666f1"}}
[2m2025-12-10T10:09:26.392438Z[0m [34mDEBUG[0m [2methereum_transaction_pool_monitor::eth_client[0m[2m:[0m 📨 Received pending transaction: 0x797321da8b01027a60411d87d09c2851de0e3e4f20440882e9c5eab08c1666f1
[2m2025-12-10T10:09:26.396979Z[0m [34mDEBUG[0m [2mhyper::client::pool[0m[2m:[0m reuse idle connection for ("http", 192.168.0.14:8545)
[2m2025-12-10T10:09:26.399125Z[0m [34mDEBUG[0m [2mhyper::proto::h1::io[0m[2m:[0m flushed 172 bytes
[2m2025-12-10T10:09:26.402071Z[0m [34mDEBUG[0m [2mhyper::proto::h1::io[0m[2m:[0m parsed 4 headers
[2m2025-12-10T10:09:26.402087Z[0m [34mDEBUG[0m [2mhyper::proto::h1::conn[0m[2m:[0m incoming body is content-length (45 bytes)
[2m2025-12-10T10:09:26.402096Z[0m [34mDEBUG[0m [2mhyper::proto::h1::conn[0m[2m:[0m incoming body completed
[2m2025-12-10T10:09:26.402107Z[0m [34mDEBUG[0m [2mhyper::client::pool[0m[2m:[0m pooling idle connection for ("http", 192.168.0.14:8545)
[2m2025-12-10T10:09:26.423275Z[0m [34mDEBUG[0m [2methereum_transaction_pool_monitor::eth_client[0m[2m:[0m 📨 Received WebSocket message: {"jsonrpc":"2.0","method":"eth_subscription","params":{"subscription":"0xbed0a0851463e895960a451075a301a9","result":"0x24d1d1700acfc4dc2ab10ea34af2f6b6d677567f687db24012912e68b96db215"}}
[2m2025-12-10T10:09:26.423291Z[0m [34mDEBUG[0m [2methereum_transaction_pool_monitor::eth_client[0m[2m:[0m 📨 Received pending transaction: 0x24d1d1700acfc4dc2ab10ea34af2f6b6d677567f687db24012912e68b96db215
[2m2025-12-10T10:09:26.438536Z[0m [34mDEBUG[0m [2methereum_transaction_pool_monitor::eth_client[0m[2m:[0m ✅ Transaction 0xc50bbbc107b1baff4605a218b2687dd4427f0c844e9d7b1ce85324db807d6bce fetched and parsed in 82.635708ms
[2m2025-12-10T10:09:26.438556Z[0m [34mDEBUG[0m [2methereum_transaction_pool_monitor::mempool_monitor[0m[2m:[0m 🔍 Skipping tx 0xc50bbbc107b1baff4605a218b2687dd4427f0c844e9d7b1ce85324db807d6bce - not a DEX interaction (target: 0x0000000000001fF3684f28c67538d4D072C22734)
[2m2025-12-10T10:09:26.438567Z[0m [34mDEBUG[0m [2methereum_transaction_pool_monitor::mempool_monitor[0m[2m:[0m 📨 Processing new pending transaction: 0x3c8e9c5aaec69a05955a1f9ff5df95e4bff04d82f51f7fe83f8e7719900f3b21
[2m2025-12-10T10:09:26.438575Z[0m [34mDEBUG[0m [2methereum_transaction_pool_monitor::mempool_monitor[0m[2m:[0m 🔍 Fetching transaction details for: 0x3c8e9c5aaec69a05955a1f9ff5df95e4bff04d82f51f7fe83f8e7719900f3b21
[2m2025-12-10T10:09:26.438581Z[0m [34mDEBUG[0m [2methereum_transaction_pool_monitor::eth_client[0m[2m:[0m 🔍 Fetching transaction details for hash: 0x3c8e9c5aaec69a05955a1f9ff5df95e4bff04d82f51f7fe83f8e7719900f3b21
[2m2025-12-10T10:09:26.438601Z[0m [34mDEBUG[0m [2mhyper::client::pool[0m[2m:[0m reuse idle connection for ("http", 192.168.0.14:8545)
[2m2025-12-10T10:09:26.438639Z[0m [34mDEBUG[0m [2mhyper::proto::h1::io[0m[2m:[0m flushed 250 bytes
[2m2025-12-10T10:09:26.442227Z[0m [34mDEBUG[0m [2mhyper::proto::h1::io[0m[2m:[0m parsed 4 headers
[2m2025-12-10T10:09:26.442233Z[0m [34mDEBUG[0m [2mhyper::proto::h1::conn[0m[2m:[0m incoming body is content-length (656 bytes)
[2m2025-12-10T10:09:26.442240Z[0m [34mDEBUG[0m [2mhyper::proto::h1::conn[0m[2m:[0m incoming body completed
[2m2025-12-10T10:09:26.442248Z[0m [34mDEBUG[0m [2mhyper::client::pool[0m[2m:[0m pooling idle connection for ("http", 192.168.0.14:8545)
[2m2025-12-10T10:09:26.442255Z[0m [34mDEBUG[0m [2methereum_transaction_pool_monitor::eth_client[0m[2m:[0m 📡 Transaction fetch RPC completed in 3.669208ms
[2m2025-12-10T10:09:26.515988Z[0m [34mDEBUG[0m [2methereum_transaction_pool_monitor::eth_client[0m[2m:[0m ✅ Transaction 0x3c8e9c5aaec69a05955a1f9ff5df95e4bff04d82f51f7fe83f8e7719900f3b21 fetched and parsed in 77.400333ms
[2m2025-12-10T10:09:26.516007Z[0m [34mDEBUG[0m [2methereum_transaction_pool_monitor::mempool_monitor[0m[2m:[0m 🔍 Skipping tx 0x3c8e9c5aaec69a05955a1f9ff5df95e4bff04d82f51f7fe83f8e7719900f3b21 - not a DEX interaction (target: 0x22599685662f77e4ef222D31Eb4F3741EC71eF3b)
[2m2025-12-10T10:09:26.516015Z[0m [34mDEBUG[0m [2methereum_transaction_pool_monitor::mempool_monitor[0m[2m:[0m 📨 Processing new pending transaction: 0x564f6620db1fb57eee4afd248fb6491661cc118be1baa97579639167ba825bd8
[2m2025-12-10T10:09:26.516020Z[0m [34mDEBUG[0m [2methereum_transaction_pool_monitor::mempool_monitor[0m[2m:[0m 🔍 Fetching transaction details for: 0x564f6620db1fb57eee4afd248fb6491661cc118be1baa97579639167ba825bd8
[2m2025-12-10T10:09:26.516026Z[0m [34mDEBUG[0m [2methereum_transaction_pool_monitor::eth_client[0m[2m:[0m 🔍 Fetching transaction details for hash: 0x564f6620db1fb57eee4afd248fb6491661cc118be1baa97579639167ba825bd8
[2m2025-12-10T10:09:26.516045Z[0m [34mDEBUG[0m [2mhyper::client::pool[0m[2m:[0m reuse idle connection for ("http", 192.168.0.14:8545)
[2m2025-12-10T10:09:26.516074Z[0m [34mDEBUG[0m [2mhyper::proto::h1::io[0m[2m:[0m flushed 250 bytes
[2m2025-12-10T10:09:26.516090Z[0m [34mDEBUG[0m [2mhyper::client::pool[0m[2m:[0m reuse idle connection for ("http", 192.168.0.14:8545)
[2m2025-12-10T10:09:26.516102Z[0m [34mDEBUG[0m [2mhyper::proto::h1::io[0m[2m:[0m flushed 172 bytes
[2m2025-12-10T10:09:26.516103Z[0m [34mDEBUG[0m [2methereum_transaction_pool_monitor::eth_client[0m[2m:[0m 📨 Received WebSocket message: {"jsonrpc":"2.0","method":"eth_subscription","params":{"subscription":"0xbed0a0851463e895960a451075a301a9","result":"0x10d26d1d13a0059a3a501d0aa4d2be3458c57fcc7a0d86870131d307a9798817"}}
[2m2025-12-10T10:09:26.516115Z[0m [34mDEBUG[0m [2methereum_transaction_pool_monitor::eth_client[0m[2m:[0m 📨 Received pending transaction: 0x10d26d1d13a0059a3a501d0aa4d2be3458c57fcc7a0d86870131d307a9798817
[2m2025-12-10T10:09:26.516121Z[0m [34mDEBUG[0m [2methereum_transaction_pool_monitor::eth_client[0m[2m:[0m 📨 Received WebSocket message: {"jsonrpc":"2.0","method":"eth_subscription","params":{"subscription":"0xbed0a0851463e895960a451075a301a9","result":"0x7d46980b83c884b234a32b9d78c70aa168412ea187286f99520f73e1e13c6352"}}
[2m2025-12-10T10:09:26.516126Z[0m [34mDEBUG[0m [2methereum_transaction_pool_monitor::eth_client[0m[2m:[0m 📨 Received pending transaction: 0x7d46980b83c884b234a32b9d78c70aa168412ea187286f99520f73e1e13c6352
[2m2025-12-10T10:09:26.516131Z[0m [34mDEBUG[0m [2methereum_transaction_pool_monitor::eth_client[0m[2m:[0m 📨 Received WebSocket message: {"jsonrpc":"2.0","method":"eth_subscription","params":{"subscription":"0xbed0a0851463e895960a451075a301a9","result":"0x502cddbf75d8c83b6428e0d11a766e2afc4fb372622390bc72f7b28d450a37d2"}}
[2m2025-12-10T10:09:26.516136Z[0m [34mDEBUG[0m [2methereum_transaction_pool_monitor::eth_client[0m[2m:[0m 📨 Received pending transaction: 0x502cddbf75d8c83b6428e0d11a766e2afc4fb372622390bc72f7b28d450a37d2
[2m2025-12-10T10:09:26.520596Z[0m [34mDEBUG[0m [2mhyper::proto::h1::io[0m[2m:[0m parsed 4 headers
[2m2025-12-10T10:09:26.520639Z[0m [34mDEBUG[0m [2mhyper::proto::h1::conn[0m[2m:[0m incoming body is content-length (909 bytes)
[2m2025-12-10T10:09:26.520670Z[0m [34mDEBUG[0m [2mhyper::proto::h1::conn[0m[2m:[0m incoming body completed
[2m2025-12-10T10:09:26.520706Z[0m [34mDEBUG[0m [2mhyper::client::pool[0m[2m:[0m pooling idle connection for ("http", 192.168.0.14:8545)
[2m2025-12-10T10:09:26.520719Z[0m [34mDEBUG[0m [2methereum_transaction_pool_monitor::eth_client[0m[2m:[0m 📡 Transaction fetch RPC completed in 4.688416ms
[2m2025-12-10T10:09:26.591634Z[0m [34mDEBUG[0m [2methereum_transaction_pool_monitor::eth_client[0m[2m:[0m ✅ Transaction 0x564f6620db1fb57eee4afd248fb6491661cc118be1baa97579639167ba825bd8 fetched and parsed in 75.601583ms
[2m2025-12-10T10:09:26.591662Z[0m [34mDEBUG[0m [2methereum_transaction_pool_monitor::mempool_monitor[0m[2m:[0m 🔍 Skipping tx 0x564f6620db1fb57eee4afd248fb6491661cc118be1baa97579639167ba825bd8 - not a DEX interaction (target: 0x816f722424B49Cf1275cc86DA9840Fbd5a6167e9)
[2m2025-12-10T10:09:26.591673Z[0m [34mDEBUG[0m [2methereum_transaction_pool_monitor::mempool_monitor[0m[2m:[0m 📨 Processing new pending transaction: 0xe902543f2e6b8018edd6d26bb9c2c3cbaa7502518a54b074d32d76d7419d202f
[2m2025-12-10T10:09:26.591680Z[0m [34mDEBUG[0m [2methereum_transaction_pool_monitor::mempool_monitor[0m[2m:[0m 🔍 Fetching transaction details for: 0xe902543f2e6b8018edd6d26bb9c2c3cbaa7502518a54b074d32d76d7419d202f
[2m2025-12-10T10:09:26.591685Z[0m [34mDEBUG[0m [2methereum_transaction_pool_monitor::eth_client[0m[2m:[0m 🔍 Fetching transaction details for hash: 0xe902543f2e6b8018edd6d26bb9c2c3cbaa7502518a54b074d32d76d7419d202f
[2m2025-12-10T10:09:26.591703Z[0m [34mDEBUG[0m [2mhyper::client::pool[0m[2m:[0m reuse idle connection for ("http", 192.168.0.14:8545)
[2m2025-12-10T10:09:26.591748Z[0m [34mDEBUG[0m [2mhyper::proto::h1::io[0m[2m:[0m flushed 250 bytes
[2m2025-12-10T10:09:26.591773Z[0m [34mDEBUG[0m [2methereum_transaction_pool_monitor::eth_client[0m[2m:[0m 📨 Received WebSocket message: {"jsonrpc":"2.0","method":"eth_subscription","params":{"subscription":"0xbed0a0851463e895960a451075a301a9","result":"0x15546d8ed189c3b0358988c86b3a5a9fbaf1110cd45ef878c642738d2d7dc997"}}
[2m2025-12-10T10:09:26.591779Z[0m [34mDEBUG[0m [2mhyper::proto::h1::io[0m[2m:[0m parsed 4 headers
[2m2025-12-10T10:09:26.591795Z[0m [34mDEBUG[0m [2mhyper::proto::h1::conn[0m[2m:[0m incoming body is content-length (45 bytes)
[2m2025-12-10T10:09:26.591781Z[0m [34mDEBUG[0m [2methereum_transaction_pool_monitor::eth_client[0m[2m:[0m 📨 Received pending transaction: 0x15546d8ed189c3b0358988c86b3a5a9fbaf1110cd45ef878c642738d2d7dc997
[2m2025-12-10T10:09:26.591809Z[0m [34mDEBUG[0m [2mhyper::proto::h1::conn[0m[2m:[0m incoming body completed
[2m2025-12-10T10:09:26.591820Z[0m [34mDEBUG[0m [2methereum_transaction_pool_monitor::eth_client[0m[2m:[0m 📨 Received WebSocket message: {"jsonrpc":"2.0","method":"eth_subscription","params":{"subscription":"0xbed0a0851463e895960a451075a301a9","result":"0x7b55b4f6d447ce63deab0ae507433949cde7918800a9158b8cd7b2f728d51eff"}}
[2m2025-12-10T10:09:26.591836Z[0m [34mDEBUG[0m [2mhyper::client::pool[0m[2m:[0m pooling idle connection for ("http", 192.168.0.14:8545)
[2m2025-12-10T10:09:26.591839Z[0m [34mDEBUG[0m [2methereum_transaction_pool_monitor::eth_client[0m[2m:[0m 📨 Received pending transaction: 0x7b55b4f6d447ce63deab0ae507433949cde7918800a9158b8cd7b2f728d51eff
[2m2025-12-10T10:09:26.591849Z[0m [34mDEBUG[0m [2methereum_transaction_pool_monitor::eth_client[0m[2m:[0m 📨 Received WebSocket message: {"jsonrpc":"2.0","method":"eth_subscription","params":{"subscription":"0xbed0a0851463e895960a451075a301a9","result":"0x9182ba02cc69a91ee88fe6c222115b27132898950b6522f44e0cc262c32837e3"}}
[2m2025-12-10T10:09:26.591854Z[0m [34mDEBUG[0m [2methereum_transaction_pool_monitor::eth_client[0m[2m:[0m 📨 Received pending transaction: 0x9182ba02cc69a91ee88fe6c222115b27132898950b6522f44e0cc262c32837e3
[2m2025-12-10T10:09:26.596072Z[0m [34mDEBUG[0m [2mhyper::client::pool[0m[2m:[0m reuse idle connection for ("http", 192.168.0.14:8545)
[2m2025-12-10T10:09:26.596137Z[0m [34mDEBUG[0m [2mhyper::proto::h1::io[0m[2m:[0m flushed 172 bytes
[2m2025-12-10T10:09:26.597039Z[0m [34mDEBUG[0m [2mhyper::proto::h1::io[0m[2m:[0m parsed 4 headers
[2m2025-12-10T10:09:26.597047Z[0m [34mDEBUG[0m [2mhyper::proto::h1::conn[0m[2m:[0m incoming body is content-length (772 bytes)
[2m2025-12-10T10:09:26.597055Z[0m [34mDEBUG[0m [2mhyper::proto::h1::conn[0m[2m:[0m incoming body completed
[2m2025-12-10T10:09:26.597064Z[0m [34mDEBUG[0m [2mhyper::client::pool[0m[2m:[0m pooling idle connection for ("http", 192.168.0.14:8545)
[2m2025-12-10T10:09:26.597070Z[0m [34mDEBUG[0m [2methereum_transaction_pool_monitor::eth_client[0m[2m:[0m 📡 Transaction fetch RPC completed in 5.380708ms
[2m2025-12-10T10:09:26.597087Z[0m [34mDEBUG[0m [2methereum_transaction_pool_monitor::eth_client[0m[2m:[0m DeFi transaction detected - Address: 0xdac17f958d2ee523a2206206994597c13d831ec7, Type: Stablecoin, Value: 0 ETH, Gas: 0.76 Gwei
[2m2025-12-10T10:09:26.597100Z[0m [34mDEBUG[0m [2methereum_transaction_pool_monitor::eth_client[0m[2m:[0m ✅ Transaction 0xe902543f2e6b8018edd6d26bb9c2c3cbaa7502518a54b074d32d76d7419d202f fetched and parsed in 5.410458ms
[2m2025-12-10T10:09:26.597106Z[0m [34mDEBUG[0m [2methereum_transaction_pool_monitor::mempool_monitor[0m[2m:[0m 🔍 Skipping tx 0xe902543f2e6b8018edd6d26bb9c2c3cbaa7502518a54b074d32d76d7419d202f - not a DEX interaction (target: 0xdAC17F958D2ee523a2206206994597C13D831ec7)
[2m2025-12-10T10:09:26.597113Z[0m [34mDEBUG[0m [2methereum_transaction_pool_monitor::mempool_monitor[0m[2m:[0m 📨 Processing new pending transaction: 0x2d46613efdf2aa95eb9db07c267d4bdcbef265bf7e7cf4af27eaf06b1ad5d7e5
[2m2025-12-10T10:09:26.597117Z[0m [34mDEBUG[0m [2methereum_transaction_pool_monitor::mempool_monitor[0m[2m:[0m 🔍 Fetching transaction details for: 0x2d46613efdf2aa95eb9db07c267d4bdcbef265bf7e7cf4af27eaf06b1ad5d7e5
[2m2025-12-10T10:09:26.597120Z[0m [34mDEBUG[0m [2methereum_transaction_pool_monitor::eth_client[0m[2m:[0m 🔍 Fetching transaction details for hash: 0x2d46613efdf2aa95eb9db07c267d4bdcbef265bf7e7cf4af27eaf06b1ad5d7e5
[2m2025-12-10T10:09:26.597130Z[0m [34mDEBUG[0m [2mhyper::client::pool[0m[2m:[0m reuse idle connection for ("http", 192.168.0.14:8545)
[2m2025-12-10T10:09:26.597150Z[0m [34mDEBUG[0m [2mhyper::proto::h1::io[0m[2m:[0m flushed 250 bytes
[2m2025-12-10T10:09:26.607855Z[0m [34mDEBUG[0m [2mhyper::proto::h1::io[0m[2m:[0m parsed 4 headers
[2m2025-12-10T10:09:26.607901Z[0m [34mDEBUG[0m [2mhyper::proto::h1::conn[0m[2m:[0m incoming body is content-length (45 bytes)
[2m2025-12-10T10:09:26.607923Z[0m [34mDEBUG[0m [2mhyper::proto::h1::conn[0m[2m:[0m incoming body completed
[2m2025-12-10T10:09:26.607934Z[0m [34mDEBUG[0m [2mhyper::client::pool[0m[2m:[0m pooling idle connection for ("http", 192.168.0.14:8545)
[2m2025-12-10T10:09:26.610177Z[0m [34mDEBUG[0m [2mhyper::proto::h1::io[0m[2m:[0m parsed 4 headers
[2m2025-12-10T10:09:26.610188Z[0m [34mDEBUG[0m [2mhyper::proto::h1::conn[0m[2m:[0m incoming body is content-length (655 bytes)
[2m2025-12-10T10:09:26.610193Z[0m [34mDEBUG[0m [2mhyper::proto::h1::conn[0m[2m:[0m incoming body completed
[2m2025-12-10T10:09:26.610204Z[0m [34mDEBUG[0m [2mhyper::client::pool[0m[2m:[0m pooling idle connection for ("http", 192.168.0.14:8545)
[2m2025-12-10T10:09:26.610211Z[0m [34mDEBUG[0m [2methereum_transaction_pool_monitor::eth_client[0m[2m:[0m 📡 Transaction fetch RPC completed in 13.086542ms
[2m2025-12-10T10:09:26.682214Z[0m [34mDEBUG[0m [2methereum_transaction_pool_monitor::eth_client[0m[2m:[0m ✅ Transaction 0x2d46613efdf2aa95eb9db07c267d4bdcbef265bf7e7cf4af27eaf06b1ad5d7e5 fetched and parsed in 85.086917ms
[2m2025-12-10T10:09:26.682243Z[0m [34mDEBUG[0m [2methereum_transaction_pool_monitor::mempool_monitor[0m[2m:[0m 🔍 Skipping tx 0x2d46613efdf2aa95eb9db07c267d4bdcbef265bf7e7cf4af27eaf06b1ad5d7e5 - not a DEX interaction (target: 0x0e6A158E9f32B7697B5d3F1e440fa64F4385d51D)
[2m2025-12-10T10:09:26.682254Z[0m [34mDEBUG[0m [2methereum_transaction_pool_monitor::mempool_monitor[0m[2m:[0m 📨 Processing new pending transaction: 0x6a0d3b3e846c80e407d3a161371a1706d5abeeefe2ed40e85c1144574ceea1cc
[2m2025-12-10T10:09:26.682262Z[0m [34mDEBUG[0m [2methereum_transaction_pool_monitor::mempool_monitor[0m[2m:[0m 🔍 Fetching transaction details for: 0x6a0d3b3e846c80e407d3a161371a1706d5abeeefe2ed40e85c1144574ceea1cc
[2m2025-12-10T10:09:26.682268Z[0m [34mDEBUG[0m [2methereum_transaction_pool_monitor::eth_client[0m[2m:[0m 🔍 Fetching transaction details for hash: 0x6a0d3b3e846c80e407d3a161371a1706d5abeeefe2ed40e85c1144574ceea1cc
[2m2025-12-10T10:09:26.682288Z[0m [34mDEBUG[0m [2mhyper::client::pool[0m[2m:[0m reuse idle connection for ("http", 192.168.0.14:8545)
[2m2025-12-10T10:09:26.682336Z[0m [34mDEBUG[0m [2mhyper::proto::h1::io[0m[2m:[0m flushed 250 bytes
[2m2025-12-10T10:09:26.682359Z[0m [34mDEBUG[0m [2methereum_transaction_pool_monitor::eth_client[0m[2m:[0m 📨 Received WebSocket message: {"jsonrpc":"2.0","method":"eth_subscription","params":{"subscription":"0xbed0a0851463e895960a451075a301a9","result":"0x2d39dbdc7f9d744821ac3ae5a8ae28b2423ed3b10bdb3bd46a9774d73ee48fe9"}}
[2m2025-12-10T10:09:26.682368Z[0m [34mDEBUG[0m [2methereum_transaction_pool_monitor::eth_client[0m[2m:[0m 📨 Received pending transaction: 0x2d39dbdc7f9d744821ac3ae5a8ae28b2423ed3b10bdb3bd46a9774d73ee48fe9
[2m2025-12-10T10:09:26.687771Z[0m [34mDEBUG[0m [2mhyper::proto::h1::io[0m[2m:[0m parsed 4 headers
[2m2025-12-10T10:09:26.687788Z[0m [34mDEBUG[0m [2mhyper::proto::h1::conn[0m[2m:[0m incoming body is content-length (778 bytes)
[2m2025-12-10T10:09:26.687797Z[0m [34mDEBUG[0m [2mhyper::proto::h1::conn[0m[2m:[0m incoming body completed
[2m2025-12-10T10:09:26.687807Z[0m [34mDEBUG[0m [2mhyper::client::pool[0m[2m:[0m pooling idle connection for ("http", 192.168.0.14:8545)
[2m2025-12-10T10:09:26.687814Z[0m [34mDEBUG[0m [2methereum_transaction_pool_monitor::eth_client[0m[2m:[0m 📡 Transaction fetch RPC completed in 5.541417ms
[2m2025-12-10T10:09:26.687832Z[0m [34mDEBUG[0m [2methereum_transaction_pool_monitor::eth_client[0m[2m:[0m DeFi transaction detected - Address: 0xdac17f958d2ee523a2206206994597c13d831ec7, Type: Stablecoin, Value: 0 ETH, Gas: 127.50 Gwei
[2m2025-12-10T10:09:26.687843Z[0m [34mDEBUG[0m [2methereum_transaction_pool_monitor::eth_client[0m[2m:[0m ✅ Transaction 0x6a0d3b3e846c80e407d3a161371a1706d5abeeefe2ed40e85c1144574ceea1cc fetched and parsed in 5.571167ms
[2m2025-12-10T10:09:26.687849Z[0m [34mDEBUG[0m [2methereum_transaction_pool_monitor::mempool_monitor[0m[2m:[0m 🔍 Skipping tx 0x6a0d3b3e846c80e407d3a161371a1706d5abeeefe2ed40e85c1144574ceea1cc - not a DEX interaction (target: 0xdAC17F958D2ee523a2206206994597C13D831ec7)
[2m2025-12-10T10:09:26.687856Z[0m [34mDEBUG[0m [2methereum_transaction_pool_monitor::mempool_monitor[0m[2m:[0m 📨 Processing new pending transaction: 0x1d4aa90d71333f171d4a529d9b26def5904e7de5cef1188ae96893dd7b6f4a09
[2m2025-12-10T10:09:26.687860Z[0m [34mDEBUG[0m [2methereum_transaction_pool_monitor::mempool_monitor[0m[2m:[0m 🔍 Fetching transaction details for: 0x1d4aa90d71333f171d4a529d9b26def5904e7de5cef1188ae96893dd7b6f4a09
[2m2025-12-10T10:09:26.687864Z[0m [34mDEBUG[0m [2methereum_transaction_pool_monitor::eth_client[0m[2m:[0m 🔍 Fetching transaction details for hash: 0x1d4aa90d71333f171d4a529d9b26def5904e7de5cef1188ae96893dd7b6f4a09
[2m2025-12-10T10:09:26.687877Z[0m [34mDEBUG[0m [2mhyper::client::pool[0m[2m:[0m reuse idle connection for ("http", 192.168.0.14:8545)
[2m2025-12-10T10:09:26.687903Z[0m [34mDEBUG[0m [2mhyper::proto::h1::io[0m[2m:[0m flushed 250 bytes
[2m2025-12-10T10:09:26.692384Z[0m [34mDEBUG[0m [2mhyper::proto::h1::io[0m[2m:[0m parsed 4 headers
[2m2025-12-10T10:09:26.692389Z[0m [34mDEBUG[0m [2mhyper::proto::h1::conn[0m[2m:[0m incoming body is content-length (1098 bytes)
[2m2025-12-10T10:09:26.692396Z[0m [34mDEBUG[0m [2mhyper::proto::h1::conn[0m[2m:[0m incoming body completed
[2m2025-12-10T10:09:26.692402Z[0m [34mDEBUG[0m [2mhyper::client::pool[0m[2m:[0m pooling idle connection for ("http", 192.168.0.14:8545)
[2m2025-12-10T10:09:26.692407Z[0m [34mDEBUG[0m [2methereum_transaction_pool_monitor::eth_client[0m[2m:[0m 📡 Transaction fetch RPC completed in 4.539542ms
[2m2025-12-10T10:09:26.763923Z[0m [34mDEBUG[0m [2methereum_transaction_pool_monitor::eth_client[0m[2m:[0m ✅ Transaction 0x1d4aa90d71333f171d4a529d9b26def5904e7de5cef1188ae96893dd7b6f4a09 fetched and parsed in 76.0525ms
[2m2025-12-10T10:09:26.763951Z[0m [34mDEBUG[0m [2methereum_transaction_pool_monitor::mempool_monitor[0m[2m:[0m 🔍 Skipping tx 0x1d4aa90d71333f171d4a529d9b26def5904e7de5cef1188ae96893dd7b6f4a09 - not a DEX interaction (target: 0xEe7aE85f2Fe2239E27D9c1E23fFFe168D63b4055)
[2m2025-12-10T10:09:26.763961Z[0m [34mDEBUG[0m [2methereum_transaction_pool_monitor::mempool_monitor[0m[2m:[0m 📨 Processing new pending transaction: 0xaca2644994baf48dd410ed09ef8d49279c9d34831b8660eba8f57f74b4caf89a
[2m2025-12-10T10:09:26.763967Z[0m [34mDEBUG[0m [2methereum_transaction_pool_monitor::mempool_monitor[0m[2m:[0m 🔍 Fetching transaction details for: 0xaca2644994baf48dd410ed09ef8d49279c9d34831b8660eba8f57f74b4caf89a
[2m2025-12-10T10:09:26.763976Z[0m [34mDEBUG[0m [2methereum_transaction_pool_monitor::eth_client[0m[2m:[0m 🔍 Fetching transaction details for hash: 0xaca2644994baf48dd410ed09ef8d49279c9d34831b8660eba8f57f74b4caf89a
[2m2025-12-10T10:09:26.763996Z[0m [34mDEBUG[0m [2mhyper::client::pool[0m[2m:[0m reuse idle connection for ("http", 192.168.0.14:8545)
[2m2025-12-10T10:09:26.764048Z[0m [34mDEBUG[0m [2mhyper::proto::h1::io[0m[2m:[0m flushed 250 bytes
[2m2025-12-10T10:09:26.764071Z[0m [34mDEBUG[0m [2mhyper::client::pool[0m[2m:[0m reuse idle connection for ("http", 192.168.0.14:8545)
[2m2025-12-10T10:09:26.764089Z[0m [34mDEBUG[0m [2mhyper::proto::h1::io[0m[2m:[0m flushed 172 bytes
[2m2025-12-10T10:09:26.764122Z[0m [34mDEBUG[0m [2methereum_transaction_pool_monitor::eth_client[0m[2m:[0m 📨 Received WebSocket message: {"jsonrpc":"2.0","method":"eth_subscription","params":{"subscription":"0xbed0a0851463e895960a451075a301a9","result":"0x52d497721b6769bea4fcc9125e872fc294a714c13bb488287ebdf1bd733ac660"}}
[2m2025-12-10T10:09:26.764129Z[0m [34mDEBUG[0m [2methereum_transaction_pool_monitor::eth_client[0m[2m:[0m 📨 Received pending transaction: 0x52d497721b6769bea4fcc9125e872fc294a714c13bb488287ebdf1bd733ac660
[2m2025-12-10T10:09:26.767244Z[0m [34mDEBUG[0m [2mhyper::proto::h1::io[0m[2m:[0m parsed 4 headers
[2m2025-12-10T10:09:26.767264Z[0m [34mDEBUG[0m [2mhyper::proto::h1::conn[0m[2m:[0m incoming body is content-length (45 bytes)
[2m2025-12-10T10:09:26.767272Z[0m [34mDEBUG[0m [2mhyper::proto::h1::conn[0m[2m:[0m incoming body completed
[2m2025-12-10T10:09:26.767283Z[0m [34mDEBUG[0m [2mhyper::client::pool[0m[2m:[0m pooling idle connection for ("http", 192.168.0.14:8545)
[2m2025-12-10T10:09:26.768396Z[0m [34mDEBUG[0m [2mhyper::proto::h1::io[0m[2m:[0m parsed 4 headers
[2m2025-12-10T10:09:26.768404Z[0m [34mDEBUG[0m [2mhyper::proto::h1::conn[0m[2m:[0m incoming body is content-length (778 bytes)
[2m2025-12-10T10:09:26.768410Z[0m [34mDEBUG[0m [2mhyper::proto::h1::conn[0m[2m:[0m incoming body completed
[2m2025-12-10T10:09:26.768418Z[0m [34mDEBUG[0m [2mhyper::client::pool[0m[2m:[0m pooling idle connection for ("http", 192.168.0.14:8545)
[2m2025-12-10T10:09:26.768424Z[0m [34mDEBUG[0m [2methereum_transaction_pool_monitor::eth_client[0m[2m:[0m 📡 Transaction fetch RPC completed in 4.44325ms
[2m2025-12-10T10:09:26.840833Z[0m [34mDEBUG[0m [2methereum_transaction_pool_monitor::eth_client[0m[2m:[0m ✅ Transaction 0xaca2644994baf48dd410ed09ef8d49279c9d34831b8660eba8f57f74b4caf89a fetched and parsed in 76.8495ms
[2m2025-12-10T10:09:26.840854Z[0m [34mDEBUG[0m [2methereum_transaction_pool_monitor::mempool_monitor[0m[2m:[0m 🔍 Skipping tx 0xaca2644994baf48dd410ed09ef8d49279c9d34831b8660eba8f57f74b4caf89a - not a DEX interaction (target: 0x45804880De22913dAFE09f4980848ECE6EcbAf78)
[2m2025-12-10T10:09:26.840863Z[0m [34mDEBUG[0m [2methereum_transaction_pool_monitor::mempool_monitor[0m[2m:[0m 📨 Processing new pending transaction: 0x396bedb9963a6eb77985e08b802171dc14091f8aebcd883b090782c0f0d52fed
[2m2025-12-10T10:09:26.840868Z[0m [34mDEBUG[0m [2methereum_transaction_pool_monitor::mempool_monitor[0m[2m:[0m 🔍 Fetching transaction details for: 0x396bedb9963a6eb77985e08b802171dc14091f8aebcd883b090782c0f0d52fed
[2m2025-12-10T10:09:26.840873Z[0m [34mDEBUG[0m [2methereum_transaction_pool_monitor::eth_client[0m[2m:[0m 🔍 Fetching transaction details for hash: 0x396bedb9963a6eb77985e08b802171dc14091f8aebcd883b090782c0f0d52fed
[2m2025-12-10T10:09:26.840891Z[0m [34mDEBUG[0m [2mhyper::client::pool[0m[2m:[0m reuse idle connection for ("http", 192.168.0.14:8545)
[2m2025-12-10T10:09:26.840918Z[0m [34mDEBUG[0m [2mhyper::proto::h1::io[0m[2m:[0m flushed 250 bytes
[2m2025-12-10T10:09:26.840934Z[0m [34mDEBUG[0m [2mhyper::client::pool[0m[2m:[0m reuse idle connection for ("http", 192.168.0.14:8545)
[2m2025-12-10T10:09:26.840947Z[0m [34mDEBUG[0m [2mhyper::proto::h1::io[0m[2m:[0m flushed 172 bytes
[2m2025-12-10T10:09:26.840981Z[0m [34mDEBUG[0m [2methereum_transaction_pool_monitor::eth_client[0m[2m:[0m 📨 Received WebSocket message: {"jsonrpc":"2.0","method":"eth_subscription","params":{"subscription":"0xbed0a0851463e895960a451075a301a9","result":"0x718da98ab83c3719fbbed7da9d9a1f2a4c78aa409e43e274908f23b96095daa2"}}
[2m2025-12-10T10:09:26.840988Z[0m [34mDEBUG[0m [2methereum_transaction_pool_monitor::eth_client[0m[2m:[0m 📨 Received pending transaction: 0x718da98ab83c3719fbbed7da9d9a1f2a4c78aa409e43e274908f23b96095daa2
[2m2025-12-10T10:09:26.852240Z[0m [34mDEBUG[0m [2mhyper::proto::h1::io[0m[2m:[0m parsed 4 headers
[2m2025-12-10T10:09:26.852267Z[0m [34mDEBUG[0m [2mhyper::proto::h1::conn[0m[2m:[0m incoming body is content-length (771 bytes)
[2m2025-12-10T10:09:26.852277Z[0m [34mDEBUG[0m [2mhyper::proto::h1::conn[0m[2m:[0m incoming body completed
[2m2025-12-10T10:09:26.852290Z[0m [34mDEBUG[0m [2mhyper::client::pool[0m[2m:[0m pooling idle connection for ("http", 192.168.0.14:8545)
[2m2025-12-10T10:09:26.852299Z[0m [34mDEBUG[0m [2methereum_transaction_pool_monitor::eth_client[0m[2m:[0m 📡 Transaction fetch RPC completed in 11.421959ms
[2m2025-12-10T10:09:26.852320Z[0m [34mDEBUG[0m [2methereum_transaction_pool_monitor::eth_client[0m[2m:[0m DeFi transaction detected - Address: 0xdac17f958d2ee523a2206206994597c13d831ec7, Type: Stablecoin, Value: 0 ETH, Gas: 0.23 Gwei
[2m2025-12-10T10:09:26.852334Z[0m [34mDEBUG[0m [2methereum_transaction_pool_monitor::eth_client[0m[2m:[0m ✅ Transaction 0x396bedb9963a6eb77985e08b802171dc14091f8aebcd883b090782c0f0d52fed fetched and parsed in 11.456334ms
[2m2025-12-10T10:09:26.852341Z[0m [34mDEBUG[0m [2methereum_transaction_pool_monitor::mempool_monitor[0m[2m:[0m 🔍 Skipping tx 0x396bedb9963a6eb77985e08b802171dc14091f8aebcd883b090782c0f0d52fed - not a DEX interaction (target: 0xdAC17F958D2ee523a2206206994597C13D831ec7)
[2m2025-12-10T10:09:26.852350Z[0m [34mDEBUG[0m [2methereum_transaction_pool_monitor::mempool_monitor[0m[2m:[0m 📨 Processing new pending transaction: 0x9d203cad7037670d397e96024a2988cc3ef0167c4ff50ecc7aa50be0dd88edd4
[2m2025-12-10T10:09:26.852355Z[0m [34mDEBUG[0m [2methereum_transaction_pool_monitor::mempool_monitor[0m[2m:[0m 🔍 Fetching transaction details for: 0x9d203cad7037670d397e96024a2988cc3ef0167c4ff50ecc7aa50be0dd88edd4
[2m2025-12-10T10:09:26.852359Z[0m [34mDEBUG[0m [2methereum_transaction_pool_monitor::eth_client[0m[2m:[0m 🔍 Fetching transaction details for hash: 0x9d203cad7037670d397e96024a2988cc3ef0167c4ff50ecc7aa50be0dd88edd4
[2m2025-12-10T10:09:26.852377Z[0m [34mDEBUG[0m [2mhyper::client::pool[0m[2m:[0m reuse idle connection for ("http", 192.168.0.14:8545)
[2m2025-12-10T10:09:26.852408Z[0m [34mDEBUG[0m [2mhyper::proto::h1::io[0m[2m:[0m flushed 250 bytes
[2m2025-12-10T10:09:26.852439Z[0m [34mDEBUG[0m [2mhyper::proto::h1::io[0m[2m:[0m parsed 4 headers
[2m2025-12-10T10:09:26.852444Z[0m [34mDEBUG[0m [2mhyper::proto::h1::conn[0m[2m:[0m incoming body is content-length (45 bytes)
[2m2025-12-10T10:09:26.852453Z[0m [34mDEBUG[0m [2mhyper::proto::h1::conn[0m[2m:[0m incoming body completed
[2m2025-12-10T10:09:26.852485Z[0m [34mDEBUG[0m [2mhyper::client::pool[0m[2m:[0m pooling idle connection for ("http", 192.168.0.14:8545)
[2m2025-12-10T10:09:26.856463Z[0m [34mDEBUG[0m [2mhyper::proto::h1::io[0m[2m:[0m parsed 4 headers
[2m2025-12-10T10:09:26.856481Z[0m [34mDEBUG[0m [2mhyper::proto::h1::conn[0m[2m:[0m incoming body is content-length (655 bytes)
[2m2025-12-10T10:09:26.856490Z[0m [34mDEBUG[0m [2mhyper::proto::h1::conn[0m[2m:[0m incoming body completed
[2m2025-12-10T10:09:26.856504Z[0m [34mDEBUG[0m [2mhyper::client::pool[0m[2m:[0m pooling idle connection for ("http", 192.168.0.14:8545)
[2m2025-12-10T10:09:26.856512Z[0m [34mDEBUG[0m [2methereum_transaction_pool_monitor::eth_client[0m[2m:[0m 📡 Transaction fetch RPC completed in 4.149208ms
[2m2025-12-10T10:09:26.927618Z[0m [34mDEBUG[0m [2methereum_transaction_pool_monitor::eth_client[0m[2m:[0m ✅ Transaction 0x9d203cad7037670d397e96024a2988cc3ef0167c4ff50ecc7aa50be0dd88edd4 fetched and parsed in 75.252083ms
[2m2025-12-10T10:09:26.927638Z[0m [34mDEBUG[0m [2methereum_transaction_pool_monitor::mempool_monitor[0m[2m:[0m 🔍 Skipping tx 0x9d203cad7037670d397e96024a2988cc3ef0167c4ff50ecc7aa50be0dd88edd4 - not a DEX interaction (target: 0x2711d50801dF6748c56D4394b169B9A6610e0a92)
[2m2025-12-10T10:09:26.927648Z[0m [34mDEBUG[0m [2methereum_transaction_pool_monitor::mempool_monitor[0m[2m:[0m 📨 Processing new pending transaction: 0x2d4b669e8e853e8baed9098f5f9277f7aa2b5f0770862022eb5456909812b17e
[2m2025-12-10T10:09:26.927653Z[0m [34mDEBUG[0m [2methereum_transaction_pool_monitor::mempool_monitor[0m[2m:[0m 🔍 Fetching transaction details for: 0x2d4b669e8e853e8baed9098f5f9277f7aa2b5f0770862022eb5456909812b17e
[2m2025-12-10T10:09:26.927657Z[0m [34mDEBUG[0m [2methereum_transaction_pool_monitor::eth_client[0m[2m:[0m 🔍 Fetching transaction details for hash: 0x2d4b669e8e853e8baed9098f5f9277f7aa2b5f0770862022eb5456909812b17e
[2m2025-12-10T10:09:26.927679Z[0m [34mDEBUG[0m [2mhyper::client::pool[0m[2m:[0m reuse idle connection for ("http", 192.168.0.14:8545)
[2m2025-12-10T10:09:26.927710Z[0m [34mDEBUG[0m [2mhyper::proto::h1::io[0m[2m:[0m flushed 250 bytes
[2m2025-12-10T10:09:26.927738Z[0m [34mDEBUG[0m [2mhyper::client::pool[0m[2m:[0m reuse idle connection for ("http", 192.168.0.14:8545)
[2m2025-12-10T10:09:26.927751Z[0m [34mDEBUG[0m [2mhyper::proto::h1::io[0m[2m:[0m flushed 172 bytes
[2m2025-12-10T10:09:26.937860Z[0m [34mDEBUG[0m [2mhyper::proto::h1::io[0m[2m:[0m parsed 4 headers
[2m2025-12-10T10:09:26.937886Z[0m [34mDEBUG[0m [2mhyper::proto::h1::conn[0m[2m:[0m incoming body is content-length (45 bytes)
[2m2025-12-10T10:09:26.937898Z[0m [34mDEBUG[0m [2mhyper::proto::h1::conn[0m[2m:[0m incoming body completed
[2m2025-12-10T10:09:26.937910Z[0m [34mDEBUG[0m [2mhyper::client::pool[0m[2m:[0m pooling idle connection for ("http", 192.168.0.14:8545)
[2m2025-12-10T10:09:26.938493Z[0m [34mDEBUG[0m [2mhyper::proto::h1::io[0m[2m:[0m parsed 4 headers
[2m2025-12-10T10:09:26.938503Z[0m [34mDEBUG[0m [2mhyper::proto::h1::conn[0m[2m:[0m incoming body is content-length (763 bytes)
[2m2025-12-10T10:09:26.938508Z[0m [34mDEBUG[0m [2mhyper::proto::h1::conn[0m[2m:[0m incoming body completed
[2m2025-12-10T10:09:26.938516Z[0m [34mDEBUG[0m [2mhyper::client::pool[0m[2m:[0m pooling idle connection for ("http", 192.168.0.14:8545)
[2m2025-12-10T10:09:26.938522Z[0m [34mDEBUG[0m [2methereum_transaction_pool_monitor::eth_client[0m[2m:[0m 📡 Transaction fetch RPC completed in 10.860166ms
[2m2025-12-10T10:09:26.938538Z[0m [34mDEBUG[0m [2methereum_transaction_pool_monitor::eth_client[0m[2m:[0m DeFi transaction detected - Address: 0xdac17f958d2ee523a2206206994597c13d831ec7, Type: Stablecoin, Value: 0 ETH, Gas: 0.37 Gwei
[2m2025-12-10T10:09:26.938550Z[0m [34mDEBUG[0m [2methereum_transaction_pool_monitor::eth_client[0m[2m:[0m ✅ Transaction 0x2d4b669e8e853e8baed9098f5f9277f7aa2b5f0770862022eb5456909812b17e fetched and parsed in 10.889083ms
[2m2025-12-10T10:09:26.938557Z[0m [34mDEBUG[0m [2methereum_transaction_pool_monitor::mempool_monitor[0m[2m:[0m 🔍 Skipping tx 0x2d4b669e8e853e8baed9098f5f9277f7aa2b5f0770862022eb5456909812b17e - not a DEX interaction (target: 0xdAC17F958D2ee523a2206206994597C13D831ec7)
[2m2025-12-10T10:09:26.938565Z[0m [34mDEBUG[0m [2methereum_transaction_pool_monitor::mempool_monitor[0m[2m:[0m 📨 Processing new pending transaction: 0xa4a5992479c1eb4a15cdf73c7f02b3eeef3178040b69cd5f19b285cdb10fbe45
[2m2025-12-10T10:09:26.938569Z[0m [34mDEBUG[0m [2methereum_transaction_pool_monitor::mempool_monitor[0m[2m:[0m 🔍 Fetching transaction details for: 0xa4a5992479c1eb4a15cdf73c7f02b3eeef3178040b69cd5f19b285cdb10fbe45
[2m2025-12-10T10:09:26.938573Z[0m [34mDEBUG[0m [2methereum_transaction_pool_monitor::eth_client[0m[2m:[0m 🔍 Fetching transaction details for hash: 0xa4a5992479c1eb4a15cdf73c7f02b3eeef3178040b69cd5f19b285cdb10fbe45
[2m2025-12-10T10:09:26.938589Z[0m [34mDEBUG[0m [2mhyper::client::pool[0m[2m:[0m reuse idle connection for ("http", 192.168.0.14:8545)
[2m2025-12-10T10:09:26.938631Z[0m [34mDEBUG[0m [2mhyper::proto::h1::io[0m[2m:[0m flushed 250 bytes
[2m2025-12-10T10:09:26.946989Z[0m [34mDEBUG[0m [2mhyper::proto::h1::io[0m[2m:[0m parsed 4 headers
[2m2025-12-10T10:09:26.947013Z[0m [34mDEBUG[0m [2mhyper::proto::h1::conn[0m[2m:[0m incoming body is content-length (1038 bytes)
[2m2025-12-10T10:09:26.947024Z[0m [34mDEBUG[0m [2mhyper::proto::h1::conn[0m[2m:[0m incoming body completed
[2m2025-12-10T10:09:26.947037Z[0m [34mDEBUG[0m [2mhyper::client::pool[0m[2m:[0m pooling idle connection for ("http", 192.168.0.14:8545)
[2m2025-12-10T10:09:26.947045Z[0m [34mDEBUG[0m [2methereum_transaction_pool_monitor::eth_client[0m[2m:[0m 📡 Transaction fetch RPC completed in 8.4685ms
[2m2025-12-10T10:09:27.017193Z[0m [34mDEBUG[0m [2methereum_transaction_pool_monitor::eth_client[0m[2m:[0m ✅ Transaction 0xa4a5992479c1eb4a15cdf73c7f02b3eeef3178040b69cd5f19b285cdb10fbe45 fetched and parsed in 78.613459ms
[2m2025-12-10T10:09:27.017234Z[0m [34mDEBUG[0m [2methereum_transaction_pool_monitor::mempool_monitor[0m[2m:[0m 🔍 Skipping tx 0xa4a5992479c1eb4a15cdf73c7f02b3eeef3178040b69cd5f19b285cdb10fbe45 - not a DEX interaction (target: 0xC3898EA7E322B3CDC92D65CFe5a34808b7338236)
[2m2025-12-10T10:09:27.017245Z[0m [34mDEBUG[0m [2methereum_transaction_pool_monitor::mempool_monitor[0m[2m:[0m 📨 Processing new pending transaction: 0x5ce9927ea4a1938af1b08b4af887cecb81b491edba086001d337ee21ed4f718f
[2m2025-12-10T10:09:27.017251Z[0m [34mDEBUG[0m [2methereum_transaction_pool_monitor::mempool_monitor[0m[2m:[0m 🔍 Fetching transaction details for: 0x5ce9927ea4a1938af1b08b4af887cecb81b491edba086001d337ee21ed4f718f
[2m2025-12-10T10:09:27.017256Z[0m [34mDEBUG[0m [2methereum_transaction_pool_monitor::eth_client[0m[2m:[0m 🔍 Fetching transaction details for hash: 0x5ce9927ea4a1938af1b08b4af887cecb81b491edba086001d337ee21ed4f718f
[2m2025-12-10T10:09:27.017278Z[0m [34mDEBUG[0m [2mhyper::client::pool[0m[2m:[0m reuse idle connection for ("http", 192.168.0.14:8545)
[2m2025-12-10T10:09:27.017338Z[0m [34mDEBUG[0m [2mhyper::proto::h1::io[0m[2m:[0m flushed 250 bytes
[2m2025-12-10T10:09:27.017360Z[0m [34mDEBUG[0m [2mhyper::client::pool[0m[2m:[0m reuse idle connection for ("http", 192.168.0.14:8545)
[2m2025-12-10T10:09:27.017376Z[0m [34mDEBUG[0m [2mhyper::proto::h1::io[0m[2m:[0m flushed 172 bytes
[2m2025-12-10T10:09:27.017377Z[0m [34mDEBUG[0m [2methereum_transaction_pool_monitor::eth_client[0m[2m:[0m 📨 Received WebSocket message: {"jsonrpc":"2.0","method":"eth_subscription","params":{"subscription":"0xbed0a0851463e895960a451075a301a9","result":"0x177eed8f465ee4b562896a58f359dc7ec70201a6d11385cdc54a955c04dbafa6"}}
[2m2025-12-10T10:09:27.017391Z[0m [34mDEBUG[0m [2methereum_transaction_pool_monitor::eth_client[0m[2m:[0m 📨 Received pending transaction: 0x177eed8f465ee4b562896a58f359dc7ec70201a6d11385cdc54a955c04dbafa6
[2m2025-12-10T10:09:27.022724Z[0m [34mDEBUG[0m [2mhyper::proto::h1::io[0m[2m:[0m parsed 4 headers
[2m2025-12-10T10:09:27.022786Z[0m [34mDEBUG[0m [2mhyper::proto::h1::conn[0m[2m:[0m incoming body is content-length (45 bytes)
[2m2025-12-10T10:09:27.022804Z[0m [34mDEBUG[0m [2mhyper::proto::h1::conn[0m[2m:[0m incoming body completed
[2m2025-12-10T10:09:27.022819Z[0m [34mDEBUG[0m [2mhyper::client::pool[0m[2m:[0m pooling idle connection for ("http", 192.168.0.14:8545)
[2m2025-12-10T10:09:27.023532Z[0m [34mDEBUG[0m [2methereum_transaction_pool_monitor::eth_client[0m[2m:[0m 📨 Received WebSocket message: {"jsonrpc":"2.0","method":"eth_subscription","params":{"subscription":"0xbed0a0851463e895960a451075a301a9","result":"0x706e96540db584be099ec05ae5fca5e0166ab4ff787987f5d6eaf68c9378dc5a"}}
[2m2025-12-10T10:09:27.023546Z[0m [34mDEBUG[0m [2methereum_transaction_pool_monitor::eth_client[0m[2m:[0m 📨 Received pending transaction: 0x706e96540db584be099ec05ae5fca5e0166ab4ff787987f5d6eaf68c9378dc5a
[2m2025-12-10T10:09:27.024383Z[0m [34mDEBUG[0m [2mhyper::proto::h1::io[0m[2m:[0m parsed 4 headers
[2m2025-12-10T10:09:27.024393Z[0m [34mDEBUG[0m [2mhyper::proto::h1::conn[0m[2m:[0m incoming body is content-length (778 bytes)
[2m2025-12-10T10:09:27.024401Z[0m [34mDEBUG[0m [2mhyper::proto::h1::conn[0m[2m:[0m incoming body completed
[2m2025-12-10T10:09:27.024411Z[0m [34mDEBUG[0m [2mhyper::client::pool[0m[2m:[0m pooling idle connection for ("http", 192.168.0.14:8545)
[2m2025-12-10T10:09:27.024418Z[0m [34mDEBUG[0m [2methereum_transaction_pool_monitor::eth_client[0m[2m:[0m 📡 Transaction fetch RPC completed in 7.158167ms
[2m2025-12-10T10:09:27.024436Z[0m [34mDEBUG[0m [2methereum_transaction_pool_monitor::eth_client[0m[2m:[0m DeFi transaction detected - Address: 0xdac17f958d2ee523a2206206994597c13d831ec7, Type: Stablecoin, Value: 0 ETH, Gas: 127.50 Gwei
[2m2025-12-10T10:09:27.024449Z[0m [34mDEBUG[0m [2methereum_transaction_pool_monitor::eth_client[0m[2m:[0m ✅ Transaction 0x5ce9927ea4a1938af1b08b4af887cecb81b491edba086001d337ee21ed4f718f fetched and parsed in 7.188959ms
[2m2025-12-10T10:09:27.024456Z[0m [34mDEBUG[0m [2methereum_transaction_pool_monitor::mempool_monitor[0m[2m:[0m 🔍 Skipping tx 0x5ce9927ea4a1938af1b08b4af887cecb81b491edba086001d337ee21ed4f718f - not a DEX interaction (target: 0xdAC17F958D2ee523a2206206994597C13D831ec7)
[2m2025-12-10T10:09:27.024464Z[0m [34mDEBUG[0m [2methereum_transaction_pool_monitor::mempool_monitor[0m[2m:[0m 📨 Processing new pending transaction: 0xb5ad8979d4769b667321ac24cce25bbd17024dc31c5f2456e8c8fc91f1fd9480
[2m2025-12-10T10:09:27.024468Z[0m [34mDEBUG[0m [2methereum_transaction_pool_monitor::mempool_monitor[0m[2m:[0m 🔍 Fetching transaction details for: 0xb5ad8979d4769b667321ac24cce25bbd17024dc31c5f2456e8c8fc91f1fd9480
[2m2025-12-10T10:09:27.024476Z[0m [34mDEBUG[0m [2methereum_transaction_pool_monitor::eth_client[0m[2m:[0m 🔍 Fetching transaction details for hash: 0xb5ad8979d4769b667321ac24cce25bbd17024dc31c5f2456e8c8fc91f1fd9480
[2m2025-12-10T10:09:27.024501Z[0m [34mDEBUG[0m [2mhyper::client::pool[0m[2m:[0m reuse idle connection for ("http", 192.168.0.14:8545)
[2m2025-12-10T10:09:27.024526Z[0m [34mDEBUG[0m [2mhyper::proto::h1::io[0m[2m:[0m flushed 250 bytes
[2m2025-12-10T10:09:27.032370Z[0m [34mDEBUG[0m [2mhyper::proto::h1::io[0m[2m:[0m parsed 4 headers
[2m2025-12-10T10:09:27.032380Z[0m [34mDEBUG[0m [2mhyper::proto::h1::conn[0m[2m:[0m incoming body is content-length (777 bytes)
[2m2025-12-10T10:09:27.032387Z[0m [34mDEBUG[0m [2mhyper::proto::h1::conn[0m[2m:[0m incoming body completed
[2m2025-12-10T10:09:27.032394Z[0m [34mDEBUG[0m [2mhyper::client::pool[0m[2m:[0m pooling idle connection for ("http", 192.168.0.14:8545)
[2m2025-12-10T10:09:27.032400Z[0m [34mDEBUG[0m [2methereum_transaction_pool_monitor::eth_client[0m[2m:[0m 📡 Transaction fetch RPC completed in 7.919625ms
[2m2025-12-10T10:09:27.032413Z[0m [34mDEBUG[0m [2methereum_transaction_pool_monitor::eth_client[0m[2m:[0m DeFi transaction detected - Address: 0xdac17f958d2ee523a2206206994597c13d831ec7, Type: Stablecoin, Value: 0 ETH, Gas: 127.50 Gwei
[2m2025-12-10T10:09:27.032423Z[0m [34mDEBUG[0m [2methereum_transaction_pool_monitor::eth_client[0m[2m:[0m ✅ Transaction 0xb5ad8979d4769b667321ac24cce25bbd17024dc31c5f2456e8c8fc91f1fd9480 fetched and parsed in 7.943292ms
[2m2025-12-10T10:09:27.032429Z[0m [34mDEBUG[0m [2methereum_transaction_pool_monitor::mempool_monitor[0m[2m:[0m 🔍 Skipping tx 0xb5ad8979d4769b667321ac24cce25bbd17024dc31c5f2456e8c8fc91f1fd9480 - not a DEX interaction (target: 0xdAC17F958D2ee523a2206206994597C13D831ec7)
[2m2025-12-10T10:09:27.032435Z[0m [34mDEBUG[0m [2methereum_transaction_pool_monitor::mempool_monitor[0m[2m:[0m 📨 Processing new pending transaction: 0x5ddacce2994ca1930bfb6003c6a2d44f181eaa379ed0dfb847e40c598d71ef15
[2m2025-12-10T10:09:27.032439Z[0m [34mDEBUG[0m [2methereum_transaction_pool_monitor::mempool_monitor[0m[2m:[0m 🔍 Fetching transaction details for: 0x5ddacce2994ca1930bfb6003c6a2d44f181eaa379ed0dfb847e40c598d71ef15
[2m2025-12-10T10:09:27.032443Z[0m [34mDEBUG[0m [2methereum_transaction_pool_monitor::eth_client[0m[2m:[0m 🔍 Fetching transaction details for hash: 0x5ddacce2994ca1930bfb6003c6a2d44f181eaa379ed0dfb847e40c598d71ef15
[2m2025-12-10T10:09:27.032454Z[0m [34mDEBUG[0m [2mhyper::client::pool[0m[2m:[0m reuse idle connection for ("http", 192.168.0.14:8545)
[2m2025-12-10T10:09:27.032481Z[0m [34mDEBUG[0m [2mhyper::proto::h1::io[0m[2m:[0m flushed 250 bytes
[2m2025-12-10T10:09:27.037927Z[0m [34mDEBUG[0m [2mhyper::proto::h1::io[0m[2m:[0m parsed 4 headers
[2m2025-12-10T10:09:27.037940Z[0m [34mDEBUG[0m [2mhyper::proto::h1::conn[0m[2m:[0m incoming body is content-length (777 bytes)
[2m2025-12-10T10:09:27.037946Z[0m [34mDEBUG[0m [2mhyper::proto::h1::conn[0m[2m:[0m incoming body completed
[2m2025-12-10T10:09:27.037953Z[0m [34mDEBUG[0m [2mhyper::client::pool[0m[2m:[0m pooling idle connection for ("http", 192.168.0.14:8545)
[2m2025-12-10T10:09:27.037957Z[0m [34mDEBUG[0m [2methereum_transaction_pool_monitor::eth_client[0m[2m:[0m 📡 Transaction fetch RPC completed in 5.510583ms
[2m2025-12-10T10:09:27.037969Z[0m [34mDEBUG[0m [2methereum_transaction_pool_monitor::eth_client[0m[2m:[0m DeFi transaction detected - Address: 0xdac17f958d2ee523a2206206994597c13d831ec7, Type: Stablecoin, Value: 0 ETH, Gas: 127.50 Gwei
[2m2025-12-10T10:09:27.037977Z[0m [34mDEBUG[0m [2methereum_transaction_pool_monitor::eth_client[0m[2m:[0m ✅ Transaction 0x5ddacce2994ca1930bfb6003c6a2d44f181eaa379ed0dfb847e40c598d71ef15 fetched and parsed in 5.530542ms
[2m2025-12-10T10:09:27.037983Z[0m [34mDEBUG[0m [2methereum_transaction_pool_monitor::mempool_monitor[0m[2m:[0m 🔍 Skipping tx 0x5ddacce2994ca1930bfb6003c6a2d44f181eaa379ed0dfb847e40c598d71ef15 - not a DEX interaction (target: 0xdAC17F958D2ee523a2206206994597C13D831ec7)
[2m2025-12-10T10:09:27.037989Z[0m [34mDEBUG[0m [2methereum_transaction_pool_monitor::mempool_monitor[0m[2m:[0m 📨 Processing new pending transaction: 0x9882246cf54c92324e4d1490c7587c127152664d323336d51a88e3f84aed2d27
[2m2025-12-10T10:09:27.037993Z[0m [34mDEBUG[0m [2methereum_transaction_pool_monitor::mempool_monitor[0m[2m:[0m 🔍 Fetching transaction details for: 0x9882246cf54c92324e4d1490c7587c127152664d323336d51a88e3f84aed2d27
[2m2025-12-10T10:09:27.037996Z[0m [34mDEBUG[0m [2methereum_transaction_pool_monitor::eth_client[0m[2m:[0m 🔍 Fetching transaction details for hash: 0x9882246cf54c92324e4d1490c7587c127152664d323336d51a88e3f84aed2d27
[2m2025-12-10T10:09:27.038007Z[0m [34mDEBUG[0m [2mhyper::client::pool[0m[2m:[0m reuse idle connection for ("http", 192.168.0.14:8545)
[2m2025-12-10T10:09:27.038027Z[0m [34mDEBUG[0m [2mhyper::proto::h1::io[0m[2m:[0m flushed 250 bytes
[2m2025-12-10T10:09:27.043852Z[0m [34mDEBUG[0m [2mhyper::proto::h1::io[0m[2m:[0m parsed 4 headers
[2m2025-12-10T10:09:27.043884Z[0m [34mDEBUG[0m [2mhyper::proto::h1::conn[0m[2m:[0m incoming body is content-length (554 bytes)
[2m2025-12-10T10:09:27.043907Z[0m [34mDEBUG[0m [2mhyper::proto::h1::conn[0m[2m:[0m incoming body completed
[2m2025-12-10T10:09:27.043916Z[0m [34mDEBUG[0m [2mhyper::client::pool[0m[2m:[0m pooling idle connection for ("http", 192.168.0.14:8545)
[2m2025-12-10T10:09:27.043922Z[0m [34mDEBUG[0m [2methereum_transaction_pool_monitor::eth_client[0m[2m:[0m 📡 Transaction fetch RPC completed in 5.922458ms
[2m2025-12-10T10:09:27.115478Z[0m [34mDEBUG[0m [2methereum_transaction_pool_monitor::eth_client[0m[2m:[0m ✅ Transaction 0x9882246cf54c92324e4d1490c7587c127152664d323336d51a88e3f84aed2d27 fetched and parsed in 77.475833ms
[2m2025-12-10T10:09:27.115513Z[0m [34mDEBUG[0m [2methereum_transaction_pool_monitor::mempool_monitor[0m[2m:[0m 🔍 Skipping tx 0x9882246cf54c92324e4d1490c7587c127152664d323336d51a88e3f84aed2d27 - not a DEX interaction (target: 0x6A86203b8371C7A944f0985B759141eCd4C44C22)
[2m2025-12-10T10:09:27.115524Z[0m [34mDEBUG[0m [2methereum_transaction_pool_monitor::mempool_monitor[0m[2m:[0m 📨 Processing new pending transaction: 0x3edcf94e286bcce42409b48417fd7a3b700fffd6723927a6a5f30f616165c62e
[2m2025-12-10T10:09:27.115532Z[0m [34mDEBUG[0m [2methereum_transaction_pool_monitor::mempool_monitor[0m[2m:[0m 🔍 Fetching transaction details for: 0x3edcf94e286bcce42409b48417fd7a3b700fffd6723927a6a5f30f616165c62e
[2m2025-12-10T10:09:27.115537Z[0m [34mDEBUG[0m [2methereum_transaction_pool_monitor::eth_client[0m[2m:[0m 🔍 Fetching transaction details for hash: 0x3edcf94e286bcce42409b48417fd7a3b700fffd6723927a6a5f30f616165c62e
[2m2025-12-10T10:09:27.115560Z[0m [34mDEBUG[0m [2mhyper::client::pool[0m[2m:[0m reuse idle connection for ("http", 192.168.0.14:8545)
[2m2025-12-10T10:09:27.115594Z[0m [34mDEBUG[0m [2mhyper::proto::h1::io[0m[2m:[0m flushed 250 bytes
[2m2025-12-10T10:09:27.115625Z[0m [34mDEBUG[0m [2mhyper::client::pool[0m[2m:[0m reuse idle connection for ("http", 192.168.0.14:8545)
[2m2025-12-10T10:09:27.115644Z[0m [34mDEBUG[0m [2mhyper::proto::h1::io[0m[2m:[0m flushed 172 bytes
[2m2025-12-10T10:09:27.125349Z[0m [34mDEBUG[0m [2mhyper::proto::h1::io[0m[2m:[0m parsed 4 headers
[2m2025-12-10T10:09:27.125349Z[0m [34mDEBUG[0m [2mhyper::proto::h1::io[0m[2m:[0m parsed 4 headers
[2m2025-12-10T10:09:27.125379Z[0m [34mDEBUG[0m [2mhyper::proto::h1::conn[0m[2m:[0m incoming body is content-length (778 bytes)
[2m2025-12-10T10:09:27.125367Z[0m [34mDEBUG[0m [2mhyper::proto::h1::conn[0m[2m:[0m incoming body is content-length (45 bytes)
[2m2025-12-10T10:09:27.125392Z[0m [34mDEBUG[0m [2mhyper::proto::h1::conn[0m[2m:[0m incoming body completed
[2m2025-12-10T10:09:27.125439Z[0m [34mDEBUG[0m [2mhyper::proto::h1::conn[0m[2m:[0m incoming body completed
[2m2025-12-10T10:09:27.125457Z[0m [34mDEBUG[0m [2mhyper::client::pool[0m[2m:[0m pooling idle connection for ("http", 192.168.0.14:8545)
[2m2025-12-10T10:09:27.125460Z[0m [34mDEBUG[0m [2mhyper::client::pool[0m[2m:[0m pooling idle connection for ("http", 192.168.0.14:8545)
[2m2025-12-10T10:09:27.125469Z[0m [34mDEBUG[0m [2methereum_transaction_pool_monitor::eth_client[0m[2m:[0m 📡 Transaction fetch RPC completed in 9.926708ms
[2m2025-12-10T10:09:27.125494Z[0m [34mDEBUG[0m [2methereum_transaction_pool_monitor::eth_client[0m[2m:[0m DeFi transaction detected - Address: 0xdac17f958d2ee523a2206206994597c13d831ec7, Type: Stablecoin, Value: 0 ETH, Gas: 127.50 Gwei
[2m2025-12-10T10:09:27.125507Z[0m [34mDEBUG[0m [2methereum_transaction_pool_monitor::eth_client[0m[2m:[0m ✅ Transaction 0x3edcf94e286bcce42409b48417fd7a3b700fffd6723927a6a5f30f616165c62e fetched and parsed in 9.964708ms
[2m2025-12-10T10:09:27.125513Z[0m [34mDEBUG[0m [2methereum_transaction_pool_monitor::mempool_monitor[0m[2m:[0m 🔍 Skipping tx 0x3edcf94e286bcce42409b48417fd7a3b700fffd6723927a6a5f30f616165c62e - not a DEX interaction (target: 0xdAC17F958D2ee523a2206206994597C13D831ec7)
[2m2025-12-10T10:09:27.125522Z[0m [34mDEBUG[0m [2methereum_transaction_pool_monitor::mempool_monitor[0m[2m:[0m 📨 Processing new pending transaction: 0x1d5cc84daa863f1db38cac45e283a6b2b5cdded91ab4de2b26120bc22e940e77
[2m2025-12-10T10:09:27.125527Z[0m [34mDEBUG[0m [2methereum_transaction_pool_monitor::mempool_monitor[0m[2m:[0m 🔍 Fetching transaction details for: 0x1d5cc84daa863f1db38cac45e283a6b2b5cdded91ab4de2b26120bc22e940e77
[2m2025-12-10T10:09:27.125531Z[0m [34mDEBUG[0m [2methereum_transaction_pool_monitor::eth_client[0m[2m:[0m 🔍 Fetching transaction details for hash: 0x1d5cc84daa863f1db38cac45e283a6b2b5cdded91ab4de2b26120bc22e940e77
[2m2025-12-10T10:09:27.125544Z[0m [34mDEBUG[0m [2mhyper::client::pool[0m[2m:[0m reuse idle connection for ("http", 192.168.0.14:8545)
[2m2025-12-10T10:09:27.125564Z[0m [34mDEBUG[0m [2mhyper::proto::h1::io[0m[2m:[0m flushed 250 bytes
[2m2025-12-10T10:09:27.130250Z[0m [34mDEBUG[0m [2mhyper::proto::h1::io[0m[2m:[0m parsed 4 headers
[2m2025-12-10T10:09:27.130257Z[0m [34mDEBUG[0m [2mhyper::proto::h1::conn[0m[2m:[0m incoming body is content-length (774 bytes)
[2m2025-12-10T10:09:27.130263Z[0m [34mDEBUG[0m [2mhyper::proto::h1::conn[0m[2m:[0m incoming body completed
[2m2025-12-10T10:09:27.130269Z[0m [34mDEBUG[0m [2mhyper::client::pool[0m[2m:[0m pooling idle connection for ("http", 192.168.0.14:8545)
[2m2025-12-10T10:09:27.130274Z[0m [34mDEBUG[0m [2methereum_transaction_pool_monitor::eth_client[0m[2m:[0m 📡 Transaction fetch RPC completed in 4.739959ms
[2m2025-12-10T10:09:27.201105Z[0m [34mDEBUG[0m [2methereum_transaction_pool_monitor::eth_client[0m[2m:[0m ✅ Transaction 0x1d5cc84daa863f1db38cac45e283a6b2b5cdded91ab4de2b26120bc22e940e77 fetched and parsed in 75.567417ms
[2m2025-12-10T10:09:27.201136Z[0m [34mDEBUG[0m [2methereum_transaction_pool_monitor::mempool_monitor[0m[2m:[0m 🔍 Skipping tx 0x1d5cc84daa863f1db38cac45e283a6b2b5cdded91ab4de2b26120bc22e940e77 - not a DEX interaction (target: 0xf13908204d717c0d8270fF583fD2701100f31275)
[2m2025-12-10T10:09:27.201148Z[0m [34mDEBUG[0m [2methereum_transaction_pool_monitor::mempool_monitor[0m[2m:[0m 📨 Processing new pending transaction: 0xb220074354a32cbed8938fb86551ddb81faa86e6c8a76ef173937152dc73b00d
[2m2025-12-10T10:09:27.201155Z[0m [34mDEBUG[0m [2methereum_transaction_pool_monitor::mempool_monitor[0m[2m:[0m 🔍 Fetching transaction details for: 0xb220074354a32cbed8938fb86551ddb81faa86e6c8a76ef173937152dc73b00d
[2m2025-12-10T10:09:27.201160Z[0m [34mDEBUG[0m [2methereum_transaction_pool_monitor::eth_client[0m[2m:[0m 🔍 Fetching transaction details for hash: 0xb220074354a32cbed8938fb86551ddb81faa86e6c8a76ef173937152dc73b00d
[2m2025-12-10T10:09:27.201180Z[0m [34mDEBUG[0m [2mhyper::client::pool[0m[2m:[0m reuse idle connection for ("http", 192.168.0.14:8545)
[2m2025-12-10T10:09:27.201221Z[0m [34mDEBUG[0m [2mhyper::proto::h1::io[0m[2m:[0m flushed 250 bytes
[2m2025-12-10T10:09:27.201242Z[0m [34mDEBUG[0m [2mhyper::client::pool[0m[2m:[0m reuse idle connection for ("http", 192.168.0.14:8545)
[2m2025-12-10T10:09:27.201260Z[0m [34mDEBUG[0m [2mhyper::proto::h1::io[0m[2m:[0m flushed 172 bytes
[2m2025-12-10T10:09:27.201260Z[0m [34mDEBUG[0m [2methereum_transaction_pool_monitor::eth_client[0m[2m:[0m 📨 Received WebSocket message: {"jsonrpc":"2.0","method":"eth_subscription","params":{"subscription":"0xbed0a0851463e895960a451075a301a9","result":"0xc3af6cdaf7f88876ab99cc7b3d51e9bd829e3fcbe46dffa0617f750874136211"}}
[2m2025-12-10T10:09:27.201279Z[0m [34mDEBUG[0m [2methereum_transaction_pool_monitor::eth_client[0m[2m:[0m 📨 Received pending transaction: 0xc3af6cdaf7f88876ab99cc7b3d51e9bd829e3fcbe46dffa0617f750874136211
[2m2025-12-10T10:09:27.201285Z[0m [34mDEBUG[0m [2methereum_transaction_pool_monitor::eth_client[0m[2m:[0m 📨 Received WebSocket message: {"jsonrpc":"2.0","method":"eth_subscription","params":{"subscription":"0xbed0a0851463e895960a451075a301a9","result":"0xc106c27894fa49238258a4e043e1e8f57e7d39e7b314db04c3f3a40c78c29002"}}
[2m2025-12-10T10:09:27.201291Z[0m [34mDEBUG[0m [2methereum_transaction_pool_monitor::eth_client[0m[2m:[0m 📨 Received pending transaction: 0xc106c27894fa49238258a4e043e1e8f57e7d39e7b314db04c3f3a40c78c29002
[2m2025-12-10T10:09:27.201296Z[0m [34mDEBUG[0m [2methereum_transaction_pool_monitor::eth_client[0m[2m:[0m 📨 Received WebSocket message: {"jsonrpc":"2.0","method":"eth_subscription","params":{"subscription":"0xbed0a0851463e895960a451075a301a9","result":"0x64033f587d8fc32b2ad789d9cd98f390ec37687a6bc091b5c221a03f789c9e6e"}}
[2m2025-12-10T10:09:27.201301Z[0m [34mDEBUG[0m [2methereum_transaction_pool_monitor::eth_client[0m[2m:[0m 📨 Received pending transaction: 0x64033f587d8fc32b2ad789d9cd98f390ec37687a6bc091b5c221a03f789c9e6e
[2m2025-12-10T10:09:27.206079Z[0m [34mDEBUG[0m [2mhyper::proto::h1::io[0m[2m:[0m parsed 4 headers
[2m2025-12-10T10:09:27.206093Z[0m [34mDEBUG[0m [2mhyper::proto::h1::conn[0m[2m:[0m incoming body is content-length (778 bytes)
[2m2025-12-10T10:09:27.206105Z[0m [34mDEBUG[0m [2mhyper::proto::h1::conn[0m[2m:[0m incoming body completed
[2m2025-12-10T10:09:27.206117Z[0m [34mDEBUG[0m [2mhyper::client::pool[0m[2m:[0m pooling idle connection for ("http", 192.168.0.14:8545)
[2m2025-12-10T10:09:27.206127Z[0m [34mDEBUG[0m [2methereum_transaction_pool_monitor::eth_client[0m[2m:[0m 📡 Transaction fetch RPC completed in 4.962792ms
[2m2025-12-10T10:09:27.206147Z[0m [34mDEBUG[0m [2methereum_transaction_pool_monitor::eth_client[0m[2m:[0m DeFi transaction detected - Address: 0xdac17f958d2ee523a2206206994597c13d831ec7, Type: Stablecoin, Value: 0 ETH, Gas: 127.50 Gwei
[2m2025-12-10T10:09:27.206163Z[0m [34mDEBUG[0m [2methereum_transaction_pool_monitor::eth_client[0m[2m:[0m ✅ Transaction 0xb220074354a32cbed8938fb86551ddb81faa86e6c8a76ef173937152dc73b00d fetched and parsed in 4.998209ms
[2m2025-12-10T10:09:27.206169Z[0m [34mDEBUG[0m [2methereum_transaction_pool_monitor::mempool_monitor[0m[2m:[0m 🔍 Skipping tx 0xb220074354a32cbed8938fb86551ddb81faa86e6c8a76ef173937152dc73b00d - not a DEX interaction (target: 0xdAC17F958D2ee523a2206206994597C13D831ec7)
[2m2025-12-10T10:09:27.206178Z[0m [34mDEBUG[0m [2methereum_transaction_pool_monitor::mempool_monitor[0m[2m:[0m 📨 Processing new pending transaction: 0x4270ef7c5825e0b4a048f3abced47ffffb5bc1797c8c5f23e76b76fea7bb0623
[2m2025-12-10T10:09:27.206183Z[0m [34mDEBUG[0m [2methereum_transaction_pool_monitor::mempool_monitor[0m[2m:[0m 🔍 Fetching transaction details for: 0x4270ef7c5825e0b4a048f3abced47ffffb5bc1797c8c5f23e76b76fea7bb0623
[2m2025-12-10T10:09:27.206187Z[0m [34mDEBUG[0m [2methereum_transaction_pool_monitor::eth_client[0m[2m:[0m 🔍 Fetching transaction details for hash: 0x4270ef7c5825e0b4a048f3abced47ffffb5bc1797c8c5f23e76b76fea7bb0623
[2m2025-12-10T10:09:27.206202Z[0m [34mDEBUG[0m [2mhyper::client::pool[0m[2m:[0m reuse idle connection for ("http", 192.168.0.14:8545)
[2m2025-12-10T10:09:27.206220Z[0m [34mDEBUG[0m [2mhyper::proto::h1::io[0m[2m:[0m flushed 250 bytes
[2m2025-12-10T10:09:27.206229Z[0m [34mDEBUG[0m [2mhyper::proto::h1::io[0m[2m:[0m parsed 4 headers
[2m2025-12-10T10:09:27.206233Z[0m [34mDEBUG[0m [2mhyper::proto::h1::conn[0m[2m:[0m incoming body is content-length (45 bytes)
[2m2025-12-10T10:09:27.206237Z[0m [34mDEBUG[0m [2mhyper::proto::h1::conn[0m[2m:[0m incoming body completed
[2m2025-12-10T10:09:27.206242Z[0m [34mDEBUG[0m [2mhyper::client::pool[0m[2m:[0m pooling idle connection for ("http", 192.168.0.14:8545)
[2m2025-12-10T10:09:27.211030Z[0m [34mDEBUG[0m [2mhyper::proto::h1::io[0m[2m:[0m parsed 4 headers
[2m2025-12-10T10:09:27.211043Z[0m [34mDEBUG[0m [2mhyper::proto::h1::conn[0m[2m:[0m incoming body is content-length (778 bytes)
[2m2025-12-10T10:09:27.211049Z[0m [34mDEBUG[0m [2mhyper::proto::h1::conn[0m[2m:[0m incoming body completed
[2m2025-12-10T10:09:27.211055Z[0m [34mDEBUG[0m [2mhyper::client::pool[0m[2m:[0m pooling idle connection for ("http", 192.168.0.14:8545)
[2m2025-12-10T10:09:27.211061Z[0m [34mDEBUG[0m [2methereum_transaction_pool_monitor::eth_client[0m[2m:[0m 📡 Transaction fetch RPC completed in 4.870584ms
[2m2025-12-10T10:09:27.211075Z[0m [34mDEBUG[0m [2methereum_transaction_pool_monitor::eth_client[0m[2m:[0m DeFi transaction detected - Address: 0xdac17f958d2ee523a2206206994597c13d831ec7, Type: Stablecoin, Value: 0 ETH, Gas: 127.50 Gwei
[2m2025-12-10T10:09:27.211085Z[0m [34mDEBUG[0m [2methereum_transaction_pool_monitor::eth_client[0m[2m:[0m ✅ Transaction 0x4270ef7c5825e0b4a048f3abced47ffffb5bc1797c8c5f23e76b76fea7bb0623 fetched and parsed in 4.893792ms
[2m2025-12-10T10:09:27.211091Z[0m [34mDEBUG[0m [2methereum_transaction_pool_monitor::mempool_monitor[0m[2m:[0m 🔍 Skipping tx 0x4270ef7c5825e0b4a048f3abced47ffffb5bc1797c8c5f23e76b76fea7bb0623 - not a DEX interaction (target: 0xdAC17F958D2ee523a2206206994597C13D831ec7)
[2m2025-12-10T10:09:27.211097Z[0m [34mDEBUG[0m [2methereum_transaction_pool_monitor::mempool_monitor[0m[2m:[0m 📨 Processing new pending transaction: 0x8ce047c7c3cb381545537a88844c1cdafeb35dcc9ec37c294b69cc8d36020368
[2m2025-12-10T10:09:27.211101Z[0m [34mDEBUG[0m [2methereum_transaction_pool_monitor::mempool_monitor[0m[2m:[0m 🔍 Fetching transaction details for: 0x8ce047c7c3cb381545537a88844c1cdafeb35dcc9ec37c294b69cc8d36020368
[2m2025-12-10T10:09:27.211105Z[0m [34mDEBUG[0m [2methereum_transaction_pool_monitor::eth_client[0m[2m:[0m 🔍 Fetching transaction details for hash: 0x8ce047c7c3cb381545537a88844c1cdafeb35dcc9ec37c294b69cc8d36020368
[2m2025-12-10T10:09:27.211117Z[0m [34mDEBUG[0m [2mhyper::client::pool[0m[2m:[0m reuse idle connection for ("http", 192.168.0.14:8545)
[2m2025-12-10T10:09:27.211140Z[0m [34mDEBUG[0m [2mhyper::proto::h1::io[0m[2m:[0m flushed 250 bytes
[2m2025-12-10T10:09:27.214975Z[0m [34mDEBUG[0m [2mhyper::proto::h1::io[0m[2m:[0m parsed 4 headers
[2m2025-12-10T10:09:27.214982Z[0m [34mDEBUG[0m [2mhyper::proto::h1::conn[0m[2m:[0m incoming body is content-length (712 bytes)
[2m2025-12-10T10:09:27.214988Z[0m [34mDEBUG[0m [2mhyper::proto::h1::conn[0m[2m:[0m incoming body completed
[2m2025-12-10T10:09:27.214993Z[0m [34mDEBUG[0m [2mhyper::client::pool[0m[2m:[0m pooling idle connection for ("http", 192.168.0.14:8545)
[2m2025-12-10T10:09:27.214998Z[0m [34mDEBUG[0m [2methereum_transaction_pool_monitor::eth_client[0m[2m:[0m 📡 Transaction fetch RPC completed in 3.889708ms
[2m2025-12-10T10:09:27.286532Z[0m [34mDEBUG[0m [2methereum_transaction_pool_monitor::eth_client[0m[2m:[0m ✅ Transaction 0x8ce047c7c3cb381545537a88844c1cdafeb35dcc9ec37c294b69cc8d36020368 fetched and parsed in 75.421833ms
[2m2025-12-10T10:09:27.286562Z[0m [34mDEBUG[0m [2methereum_transaction_pool_monitor::mempool_monitor[0m[2m:[0m 🔍 Skipping tx 0x8ce047c7c3cb381545537a88844c1cdafeb35dcc9ec37c294b69cc8d36020368 - not a DEX interaction (target: 0x097Cd8CFa543fDf4333C7512bF1690fC7362c1B5)
[2m2025-12-10T10:09:27.286574Z[0m [34mDEBUG[0m [2methereum_transaction_pool_monitor::mempool_monitor[0m[2m:[0m 📨 Processing new pending transaction: 0x0f692d694b039861150d2c404c1bcd4a1936a2e1770fd0bf28b9dc16c4e02112
[2m2025-12-10T10:09:27.286583Z[0m [34mDEBUG[0m [2methereum_transaction_pool_monitor::mempool_monitor[0m[2m:[0m 🔍 Fetching transaction details for: 0x0f692d694b039861150d2c404c1bcd4a1936a2e1770fd0bf28b9dc16c4e02112
[2m2025-12-10T10:09:27.286589Z[0m [34mDEBUG[0m [2methereum_transaction_pool_monitor::eth_client[0m[2m:[0m 🔍 Fetching transaction details for hash: 0x0f692d694b039861150d2c404c1bcd4a1936a2e1770fd0bf28b9dc16c4e02112
[2m2025-12-10T10:09:27.286609Z[0m [34mDEBUG[0m [2mhyper::client::pool[0m[2m:[0m reuse idle connection for ("http", 192.168.0.14:8545)
[2m2025-12-10T10:09:27.286654Z[0m [34mDEBUG[0m [2mhyper::proto::h1::io[0m[2m:[0m flushed 250 bytes
[2m2025-12-10T10:09:27.292932Z[0m [34mDEBUG[0m [2mhyper::proto::h1::io[0m[2m:[0m parsed 4 headers
[2m2025-12-10T10:09:27.292949Z[0m [34mDEBUG[0m [2mhyper::proto::h1::conn[0m[2m:[0m incoming body is content-length (648 bytes)
[2m2025-12-10T10:09:27.292958Z[0m [34mDEBUG[0m [2mhyper::proto::h1::conn[0m[2m:[0m incoming body completed
[2m2025-12-10T10:09:27.292969Z[0m [34mDEBUG[0m [2mhyper::client::pool[0m[2m:[0m pooling idle connection for ("http", 192.168.0.14:8545)
[2m2025-12-10T10:09:27.292977Z[0m [34mDEBUG[0m [2methereum_transaction_pool_monitor::eth_client[0m[2m:[0m 📡 Transaction fetch RPC completed in 6.383375ms
[2m2025-12-10T10:09:27.365047Z[0m [34mDEBUG[0m [2methereum_transaction_pool_monitor::eth_client[0m[2m:[0m ✅ Transaction 0x0f692d694b039861150d2c404c1bcd4a1936a2e1770fd0bf28b9dc16c4e02112 fetched and parsed in 78.450667ms
[2m2025-12-10T10:09:27.365073Z[0m [34mDEBUG[0m [2methereum_transaction_pool_monitor::mempool_monitor[0m[2m:[0m 🔍 Skipping tx 0x0f692d694b039861150d2c404c1bcd4a1936a2e1770fd0bf28b9dc16c4e02112 - not a DEX interaction (target: 0xc48Db5228547dca365df84a8a2A02AC91947395D)
[2m2025-12-10T10:09:27.365086Z[0m [34mDEBUG[0m [2methereum_transaction_pool_monitor::mempool_monitor[0m[2m:[0m 📨 Processing new pending transaction: 0x0b99d9aa485109ffe5d8a13cb900fb78b4639b51863deccc1068f3018d657793
[2m2025-12-10T10:09:27.365094Z[0m [34mDEBUG[0m [2methereum_transaction_pool_monitor::mempool_monitor[0m[2m:[0m 🔍 Fetching transaction details for: 0x0b99d9aa485109ffe5d8a13cb900fb78b4639b51863deccc1068f3018d657793
[2m2025-12-10T10:09:27.365099Z[0m [34mDEBUG[0m [2methereum_transaction_pool_monitor::eth_client[0m[2m:[0m 🔍 Fetching transaction details for hash: 0x0b99d9aa485109ffe5d8a13cb900fb78b4639b51863deccc1068f3018d657793
[2m2025-12-10T10:09:27.365121Z[0m [34mDEBUG[0m [2mhyper::client::pool[0m[2m:[0m reuse idle connection for ("http", 192.168.0.14:8545)
[2m2025-12-10T10:09:27.365158Z[0m [34mDEBUG[0m [2mhyper::proto::h1::io[0m[2m:[0m flushed 250 bytes
[2m2025-12-10T10:09:27.365189Z[0m [34mDEBUG[0m [2mhyper::client::pool[0m[2m:[0m reuse idle connection for ("http", 192.168.0.14:8545)
[2m2025-12-10T10:09:27.365203Z[0m [34mDEBUG[0m [2mhyper::proto::h1::io[0m[2m:[0m flushed 172 bytes
[2m2025-12-10T10:09:27.369248Z[0m [34mDEBUG[0m [2mhyper::proto::h1::io[0m[2m:[0m parsed 4 headers
[2m2025-12-10T10:09:27.369273Z[0m [34mDEBUG[0m [2mhyper::proto::h1::conn[0m[2m:[0m incoming body is content-length (45 bytes)
[2m2025-12-10T10:09:27.369296Z[0m [34mDEBUG[0m [2mhyper::proto::h1::conn[0m[2m:[0m incoming body completed
[2m2025-12-10T10:09:27.369322Z[0m [34mDEBUG[0m [2mhyper::client::pool[0m[2m:[0m pooling idle connection for ("http", 192.168.0.14:8545)
[2m2025-12-10T10:09:27.371167Z[0m [34mDEBUG[0m [2mhyper::proto::h1::io[0m[2m:[0m parsed 4 headers
[2m2025-12-10T10:09:27.371188Z[0m [34mDEBUG[0m [2mhyper::proto::h1::conn[0m[2m:[0m incoming body is content-length (2687 bytes)
[2m2025-12-10T10:09:27.371208Z[0m [34mDEBUG[0m [2mhyper::proto::h1::conn[0m[2m:[0m incoming body completed
[2m2025-12-10T10:09:27.371231Z[0m [34mDEBUG[0m [2mhyper::client::pool[0m[2m:[0m pooling idle connection for ("http", 192.168.0.14:8545)
[2m2025-12-10T10:09:27.371251Z[0m [34mDEBUG[0m [2methereum_transaction_pool_monitor::eth_client[0m[2m:[0m 📡 Transaction fetch RPC completed in 6.147083ms
[2m2025-12-10T10:09:27.458001Z[0m [34mDEBUG[0m [2methereum_transaction_pool_monitor::eth_client[0m[2m:[0m ✅ Transaction 0x0b99d9aa485109ffe5d8a13cb900fb78b4639b51863deccc1068f3018d657793 fetched and parsed in 92.894375ms
[2m2025-12-10T10:09:27.458063Z[0m [34mDEBUG[0m [2methereum_transaction_pool_monitor::mempool_monitor[0m[2m:[0m 🔍 Skipping tx 0x0b99d9aa485109ffe5d8a13cb900fb78b4639b51863deccc1068f3018d657793 - not a DEX interaction (target: 0x618892aE551eB5bB2DE8911057b3714274b5FFe1)
[2m2025-12-10T10:09:27.458075Z[0m [34mDEBUG[0m [2methereum_transaction_pool_monitor::mempool_monitor[0m[2m:[0m 📨 Processing new pending transaction: 0x0c9a221bcb84422912426254518a9db1587099236eaad1d5c9f3ae0ddcfac500
[2m2025-12-10T10:09:27.458081Z[0m [34mDEBUG[0m [2methereum_transaction_pool_monitor::mempool_monitor[0m[2m:[0m 🔍 Fetching transaction details for: 0x0c9a221bcb84422912426254518a9db1587099236eaad1d5c9f3ae0ddcfac500
[2m2025-12-10T10:09:27.458086Z[0m [34mDEBUG[0m [2methereum_transaction_pool_monitor::eth_client[0m[2m:[0m 🔍 Fetching transaction details for hash: 0x0c9a221bcb84422912426254518a9db1587099236eaad1d5c9f3ae0ddcfac500
[2m2025-12-10T10:09:27.458106Z[0m [34mDEBUG[0m [2mhyper::client::pool[0m[2m:[0m reuse idle connection for ("http", 192.168.0.14:8545)
[2m2025-12-10T10:09:27.458134Z[0m [34mDEBUG[0m [2mhyper::proto::h1::io[0m[2m:[0m flushed 250 bytes
[2m2025-12-10T10:09:27.458168Z[0m [34mDEBUG[0m [2mhyper::client::pool[0m[2m:[0m reuse idle connection for ("http", 192.168.0.14:8545)
[2m2025-12-10T10:09:27.458191Z[0m [34mDEBUG[0m [2mhyper::proto::h1::io[0m[2m:[0m flushed 172 bytes
[2m2025-12-10T10:09:27.472432Z[0m [34mDEBUG[0m [2mhyper::proto::h1::io[0m[2m:[0m parsed 4 headers
[2m2025-12-10T10:09:27.472446Z[0m [34mDEBUG[0m [2mhyper::proto::h1::conn[0m[2m:[0m incoming body is content-length (766 bytes)
[2m2025-12-10T10:09:27.472472Z[0m [34mDEBUG[0m [2mhyper::proto::h1::conn[0m[2m:[0m incoming body completed
[2m2025-12-10T10:09:27.472483Z[0m [34mDEBUG[0m [2mhyper::client::pool[0m[2m:[0m pooling idle connection for ("http", 192.168.0.14:8545)
[2m2025-12-10T10:09:27.472495Z[0m [34mDEBUG[0m [2methereum_transaction_pool_monitor::eth_client[0m[2m:[0m 📡 Transaction fetch RPC completed in 14.404375ms
[2m2025-12-10T10:09:27.472518Z[0m [34mDEBUG[0m [2methereum_transaction_pool_monitor::eth_client[0m[2m:[0m DeFi transaction detected - Address: 0xdac17f958d2ee523a2206206994597c13d831ec7, Type: Stablecoin, Value: 0 ETH, Gas: 0.25 Gwei
[2m2025-12-10T10:09:27.472537Z[0m [34mDEBUG[0m [2methereum_transaction_pool_monitor::eth_client[0m[2m:[0m ✅ Transaction 0x0c9a221bcb84422912426254518a9db1587099236eaad1d5c9f3ae0ddcfac500 fetched and parsed in 14.446583ms
[2m2025-12-10T10:09:27.472546Z[0m [34mDEBUG[0m [2methereum_transaction_pool_monitor::mempool_monitor[0m[2m:[0m 🔍 Skipping tx 0x0c9a221bcb84422912426254518a9db1587099236eaad1d5c9f3ae0ddcfac500 - not a DEX interaction (target: 0xdAC17F958D2ee523a2206206994597C13D831ec7)
[2m2025-12-10T10:09:27.472556Z[0m [34mDEBUG[0m [2methereum_transaction_pool_monitor::mempool_monitor[0m[2m:[0m 📨 Processing new pending transaction: 0x1b2e3d4e941de02259c8ce2974140185e666639048742eff473dd0a411741af8
[2m2025-12-10T10:09:27.472563Z[0m [34mDEBUG[0m [2methereum_transaction_pool_monitor::mempool_monitor[0m[2m:[0m 🔍 Fetching transaction details for: 0x1b2e3d4e941de02259c8ce2974140185e666639048742eff473dd0a411741af8
[2m2025-12-10T10:09:27.472569Z[0m [34mDEBUG[0m [2methereum_transaction_pool_monitor::eth_client[0m[2m:[0m 🔍 Fetching transaction details for hash: 0x1b2e3d4e941de02259c8ce2974140185e666639048742eff473dd0a411741af8
[2m2025-12-10T10:09:27.472579Z[0m [34mDEBUG[0m [2mhyper::client::pool[0m[2m:[0m reuse idle connection for ("http", 192.168.0.14:8545)
[2m2025-12-10T10:09:27.472598Z[0m [34mDEBUG[0m [2mhyper::proto::h1::io[0m[2m:[0m flushed 250 bytes
[2m2025-12-10T10:09:27.472610Z[0m [34mDEBUG[0m [2mhyper::proto::h1::io[0m[2m:[0m parsed 4 headers
[2m2025-12-10T10:09:27.472615Z[0m [34mDEBUG[0m [2mhyper::proto::h1::conn[0m[2m:[0m incoming body is content-length (45 bytes)
[2m2025-12-10T10:09:27.472621Z[0m [34mDEBUG[0m [2mhyper::proto::h1::conn[0m[2m:[0m incoming body completed
[2m2025-12-10T10:09:27.472627Z[0m [34mDEBUG[0m [2mhyper::client::pool[0m[2m:[0m pooling idle connection for ("http", 192.168.0.14:8545)
[2m2025-12-10T10:09:27.477915Z[0m [34mDEBUG[0m [2mhyper::proto::h1::io[0m[2m:[0m parsed 4 headers
[2m2025-12-10T10:09:27.477921Z[0m [34mDEBUG[0m [2mhyper::proto::h1::conn[0m[2m:[0m incoming body is content-length (765 bytes)
[2m2025-12-10T10:09:27.477926Z[0m [34mDEBUG[0m [2mhyper::proto::h1::conn[0m[2m:[0m incoming body completed
[2m2025-12-10T10:09:27.477931Z[0m [34mDEBUG[0m [2mhyper::client::pool[0m[2m:[0m pooling idle connection for ("http", 192.168.0.14:8545)
[2m2025-12-10T10:09:27.477936Z[0m [34mDEBUG[0m [2methereum_transaction_pool_monitor::eth_client[0m[2m:[0m 📡 Transaction fetch RPC completed in 5.363084ms
[2m2025-12-10T10:09:27.559226Z[0m [34mDEBUG[0m [2methereum_transaction_pool_monitor::eth_client[0m[2m:[0m ✅ Transaction 0x1b2e3d4e941de02259c8ce2974140185e666639048742eff473dd0a411741af8 fetched and parsed in 86.650125ms
[2m2025-12-10T10:09:27.559268Z[0m [34mDEBUG[0m [2methereum_transaction_pool_monitor::mempool_monitor[0m[2m:[0m 🔍 Skipping tx 0x1b2e3d4e941de02259c8ce2974140185e666639048742eff473dd0a411741af8 - not a DEX interaction (target: 0xA0b86991c6218b36c1d19D4a2e9Eb0cE3606eB48)
[2m2025-12-10T10:09:27.559280Z[0m [34mDEBUG[0m [2methereum_transaction_pool_monitor::mempool_monitor[0m[2m:[0m 📨 Processing new pending transaction: 0x797321da8b01027a60411d87d09c2851de0e3e4f20440882e9c5eab08c1666f1
[2m2025-12-10T10:09:27.559306Z[0m [34mDEBUG[0m [2methereum_transaction_pool_monitor::mempool_monitor[0m[2m:[0m 🔍 Fetching transaction details for: 0x797321da8b01027a60411d87d09c2851de0e3e4f20440882e9c5eab08c1666f1
[2m2025-12-10T10:09:27.559312Z[0m [34mDEBUG[0m [2methereum_transaction_pool_monitor::eth_client[0m[2m:[0m 🔍 Fetching transaction details for hash: 0x797321da8b01027a60411d87d09c2851de0e3e4f20440882e9c5eab08c1666f1
[2m2025-12-10T10:09:27.559335Z[0m [34mDEBUG[0m [2mhyper::client::pool[0m[2m:[0m reuse idle connection for ("http", 192.168.0.14:8545)
[2m2025-12-10T10:09:27.559370Z[0m [34mDEBUG[0m [2mhyper::proto::h1::io[0m[2m:[0m flushed 250 bytes
[2m2025-12-10T10:09:27.559392Z[0m [34mDEBUG[0m [2mhyper::client::pool[0m[2m:[0m reuse idle connection for ("http", 192.168.0.14:8545)
[2m2025-12-10T10:09:27.559406Z[0m [34mDEBUG[0m [2mhyper::proto::h1::io[0m[2m:[0m flushed 172 bytes
[2m2025-12-10T10:09:27.559417Z[0m [34mDEBUG[0m [2methereum_transaction_pool_monitor::eth_client[0m[2m:[0m 📨 Received WebSocket message: {"jsonrpc":"2.0","method":"eth_subscription","params":{"subscription":"0xbed0a0851463e895960a451075a301a9","result":"0xad1b04d494263fe45a6f4d62c7a35c771563776fadd3a55e39f65c714af6133b"}}
[2m2025-12-10T10:09:27.559435Z[0m [34mDEBUG[0m [2methereum_transaction_pool_monitor::eth_client[0m[2m:[0m 📨 Received pending transaction: 0xad1b04d494263fe45a6f4d62c7a35c771563776fadd3a55e39f65c714af6133b
[2m2025-12-10T10:09:27.566723Z[0m [34mDEBUG[0m [2mhyper::proto::h1::io[0m[2m:[0m parsed 4 headers
[2m2025-12-10T10:09:27.566729Z[0m [34mDEBUG[0m [2mhyper::proto::h1::conn[0m[2m:[0m incoming body is content-length (45 bytes)
[2m2025-12-10T10:09:27.566736Z[0m [34mDEBUG[0m [2mhyper::proto::h1::conn[0m[2m:[0m incoming body completed
[2m2025-12-10T10:09:27.566744Z[0m [34mDEBUG[0m [2mhyper::client::pool[0m[2m:[0m pooling idle connection for ("http", 192.168.0.14:8545)
[2m2025-12-10T10:09:27.566760Z[0m [34mDEBUG[0m [2mhyper::proto::h1::io[0m[2m:[0m parsed 4 headers
[2m2025-12-10T10:09:27.566764Z[0m [34mDEBUG[0m [2mhyper::proto::h1::conn[0m[2m:[0m incoming body is content-length (649 bytes)
[2m2025-12-10T10:09:27.566768Z[0m [34mDEBUG[0m [2mhyper::proto::h1::conn[0m[2m:[0m incoming body completed
[2m2025-12-10T10:09:27.566773Z[0m [34mDEBUG[0m [2mhyper::client::pool[0m[2m:[0m pooling idle connection for ("http", 192.168.0.14:8545)
[2m2025-12-10T10:09:27.566778Z[0m [34mDEBUG[0m [2methereum_transaction_pool_monitor::eth_client[0m[2m:[0m 📡 Transaction fetch RPC completed in 7.460875ms
[2m2025-12-10T10:09:27.687036Z[0m [34mDEBUG[0m [2methereum_transaction_pool_monitor::eth_client[0m[2m:[0m ✅ Transaction 0x797321da8b01027a60411d87d09c2851de0e3e4f20440882e9c5eab08c1666f1 fetched and parsed in 127.71625ms
[2m2025-12-10T10:09:27.687067Z[0m [34mDEBUG[0m [2methereum_transaction_pool_monitor::mempool_monitor[0m[2m:[0m 🔍 Skipping tx 0x797321da8b01027a60411d87d09c2851de0e3e4f20440882e9c5eab08c1666f1 - not a DEX interaction (target: 0x15af2ef9F09beB74387eFdd2B2C1E2265c1c1f96)
[2m2025-12-10T10:09:27.687078Z[0m [34mDEBUG[0m [2methereum_transaction_pool_monitor::mempool_monitor[0m[2m:[0m 📨 Processing new pending transaction: 0x24d1d1700acfc4dc2ab10ea34af2f6b6d677567f687db24012912e68b96db215
[2m2025-12-10T10:09:27.687085Z[0m [34mDEBUG[0m [2methereum_transaction_pool_monitor::mempool_monitor[0m[2m:[0m 🔍 Fetching transaction details for: 0x24d1d1700acfc4dc2ab10ea34af2f6b6d677567f687db24012912e68b96db215
[2m2025-12-10T10:09:27.687091Z[0m [34mDEBUG[0m [2methereum_transaction_pool_monitor::eth_client[0m[2m:[0m 🔍 Fetching transaction details for hash: 0x24d1d1700acfc4dc2ab10ea34af2f6b6d677567f687db24012912e68b96db215
[2m2025-12-10T10:09:27.687111Z[0m [34mDEBUG[0m [2mhyper::client::pool[0m[2m:[0m reuse idle connection for ("http", 192.168.0.14:8545)
[2m2025-12-10T10:09:27.687153Z[0m [34mDEBUG[0m [2mhyper::proto::h1::io[0m[2m:[0m flushed 250 bytes
[2m2025-12-10T10:09:27.687174Z[0m [34mDEBUG[0m [2mhyper::client::pool[0m[2m:[0m reuse idle connection for ("http", 192.168.0.14:8545)
[2m2025-12-10T10:09:27.687190Z[0m [34mDEBUG[0m [2mhyper::proto::h1::io[0m[2m:[0m flushed 172 bytes
[2m2025-12-10T10:09:27.687191Z[0m [34mDEBUG[0m [2methereum_transaction_pool_monitor::eth_client[0m[2m:[0m 📨 Received WebSocket message: {"jsonrpc":"2.0","method":"eth_subscription","params":{"subscription":"0xbed0a0851463e895960a451075a301a9","result":"0xcd4c6c31d850668a37e79860f652250d1ab7f9d715f6fe2f2004c87071607128"}}
[2m2025-12-10T10:09:27.687206Z[0m [34mDEBUG[0m [2methereum_transaction_pool_monitor::eth_client[0m[2m:[0m 📨 Received pending transaction: 0xcd4c6c31d850668a37e79860f652250d1ab7f9d715f6fe2f2004c87071607128
[2m2025-12-10T10:09:27.687214Z[0m [34mDEBUG[0m [2methereum_transaction_pool_monitor::eth_client[0m[2m:[0m 📨 Received WebSocket message: {"jsonrpc":"2.0","method":"eth_subscription","params":{"subscription":"0xbed0a0851463e895960a451075a301a9","result":"0xab21842113f7476917c363ab9c3a3f856015022a9bee5df10df3c23ea30c1421"}}
[2m2025-12-10T10:09:27.687221Z[0m [34mDEBUG[0m [2methereum_transaction_pool_monitor::eth_client[0m[2m:[0m 📨 Received pending transaction: 0xab21842113f7476917c363ab9c3a3f856015022a9bee5df10df3c23ea30c1421
[2m2025-12-10T10:09:27.695120Z[0m [34mDEBUG[0m [2mhyper::proto::h1::io[0m[2m:[0m parsed 4 headers
[2m2025-12-10T10:09:27.695151Z[0m [34mDEBUG[0m [2mhyper::proto::h1::conn[0m[2m:[0m incoming body is content-length (45 bytes)
[2m2025-12-10T10:09:27.695178Z[0m [34mDEBUG[0m [2mhyper::proto::h1::conn[0m[2m:[0m incoming body completed
[2m2025-12-10T10:09:27.695208Z[0m [34mDEBUG[0m [2mhyper::client::pool[0m[2m:[0m pooling idle connection for ("http", 192.168.0.14:8545)
[2m2025-12-10T10:09:27.696292Z[0m [34mDEBUG[0m [2mhyper::client::pool[0m[2m:[0m reuse idle connection for ("http", 192.168.0.14:8545)
[2m2025-12-10T10:09:27.696295Z[0m [34mDEBUG[0m [2mhyper::proto::h1::io[0m[2m:[0m parsed 4 headers
[2m2025-12-10T10:09:27.696308Z[0m [34mDEBUG[0m [2mhyper::proto::h1::conn[0m[2m:[0m incoming body is content-length (766 bytes)
[2m2025-12-10T10:09:27.696314Z[0m [34mDEBUG[0m [2mhyper::proto::h1::conn[0m[2m:[0m incoming body completed
[2m2025-12-10T10:09:27.696317Z[0m [34mDEBUG[0m [2mhyper::proto::h1::io[0m[2m:[0m flushed 172 bytes
[2m2025-12-10T10:09:27.696323Z[0m [34mDEBUG[0m [2mhyper::client::pool[0m[2m:[0m pooling idle connection for ("http", 192.168.0.14:8545)
[2m2025-12-10T10:09:27.696330Z[0m [34mDEBUG[0m [2methereum_transaction_pool_monitor::eth_client[0m[2m:[0m 📡 Transaction fetch RPC completed in 9.234333ms
[2m2025-12-10T10:09:27.701373Z[0m [34mDEBUG[0m [2mhyper::proto::h1::io[0m[2m:[0m parsed 4 headers
[2m2025-12-10T10:09:27.701381Z[0m [34mDEBUG[0m [2mhyper::proto::h1::conn[0m[2m:[0m incoming body is content-length (45 bytes)
[2m2025-12-10T10:09:27.701387Z[0m [34mDEBUG[0m [2mhyper::proto::h1::conn[0m[2m:[0m incoming body completed
[2m2025-12-10T10:09:27.701394Z[0m [34mDEBUG[0m [2mhyper::client::pool[0m[2m:[0m pooling idle connection for ("http", 192.168.0.14:8545)
[2m2025-12-10T10:09:27.751126Z[0m [34mDEBUG[0m [2methereum_transaction_pool_monitor::eth_client[0m[2m:[0m 📨 Received WebSocket message: {"jsonrpc":"2.0","method":"eth_subscription","params":{"subscription":"0xbed0a0851463e895960a451075a301a9","result":"0x6dd1c2a3feee585ed965a7124fb9c5a01dca5b98e9307fd7e899586ee2679253"}}
[2m2025-12-10T10:09:27.751159Z[0m [34mDEBUG[0m [2methereum_transaction_pool_monitor::eth_client[0m[2m:[0m 📨 Received pending transaction: 0x6dd1c2a3feee585ed965a7124fb9c5a01dca5b98e9307fd7e899586ee2679253
[2m2025-12-10T10:09:27.771586Z[0m [34mDEBUG[0m [2methereum_transaction_pool_monitor::eth_client[0m[2m:[0m ✅ Transaction 0x24d1d1700acfc4dc2ab10ea34af2f6b6d677567f687db24012912e68b96db215 fetched and parsed in 84.48825ms
[2m2025-12-10T10:09:27.771613Z[0m [34mDEBUG[0m [2methereum_transaction_pool_monitor::mempool_monitor[0m[2m:[0m 🔍 Skipping tx 0x24d1d1700acfc4dc2ab10ea34af2f6b6d677567f687db24012912e68b96db215 - not a DEX interaction (target: 0x41f7B8b9b897276b7AAE926a9016935280b44E97)
[2m2025-12-10T10:09:27.771624Z[0m [34mDEBUG[0m [2methereum_transaction_pool_monitor::mempool_monitor[0m[2m:[0m 📨 Processing new pending transaction: 0x10d26d1d13a0059a3a501d0aa4d2be3458c57fcc7a0d86870131d307a9798817
[2m2025-12-10T10:09:27.771632Z[0m [34mDEBUG[0m [2methereum_transaction_pool_monitor::mempool_monitor[0m[2m:[0m 🔍 Fetching transaction details for: 0x10d26d1d13a0059a3a501d0aa4d2be3458c57fcc7a0d86870131d307a9798817
[2m2025-12-10T10:09:27.771639Z[0m [34mDEBUG[0m [2methereum_transaction_pool_monitor::eth_client[0m[2m:[0m 🔍 Fetching transaction details for hash: 0x10d26d1d13a0059a3a501d0aa4d2be3458c57fcc7a0d86870131d307a9798817
[2m2025-12-10T10:09:27.771657Z[0m [34mDEBUG[0m [2mhyper::client::pool[0m[2m:[0m reuse idle connection for ("http", 192.168.0.14:8545)
[2m2025-12-10T10:09:27.771698Z[0m [34mDEBUG[0m [2mhyper::proto::h1::io[0m[2m:[0m flushed 250 bytes
[2m2025-12-10T10:09:27.777380Z[0m [34mDEBUG[0m [2mhyper::proto::h1::io[0m[2m:[0m parsed 4 headers
[2m2025-12-10T10:09:27.777389Z[0m [34mDEBUG[0m [2mhyper::proto::h1::conn[0m[2m:[0m incoming body is content-length (778 bytes)
[2m2025-12-10T10:09:27.777399Z[0m [34mDEBUG[0m [2mhyper::proto::h1::conn[0m[2m:[0m incoming body completed
[2m2025-12-10T10:09:27.777411Z[0m [34mDEBUG[0m [2mhyper::client::pool[0m[2m:[0m pooling idle connection for ("http", 192.168.0.14:8545)
[2m2025-12-10T10:09:27.777418Z[0m [34mDEBUG[0m [2methereum_transaction_pool_monitor::eth_client[0m[2m:[0m 📡 Transaction fetch RPC completed in 5.77425ms
[2m2025-12-10T10:09:27.848264Z[0m [34mDEBUG[0m [2methereum_transaction_pool_monitor::eth_client[0m[2m:[0m ✅ Transaction 0x10d26d1d13a0059a3a501d0aa4d2be3458c57fcc7a0d86870131d307a9798817 fetched and parsed in 76.617958ms
[2m2025-12-10T10:09:27.848285Z[0m [34mDEBUG[0m [2methereum_transaction_pool_monitor::mempool_monitor[0m[2m:[0m 🔍 Skipping tx 0x10d26d1d13a0059a3a501d0aa4d2be3458c57fcc7a0d86870131d307a9798817 - not a DEX interaction (target: 0x6e6F6d696e61decd6605bD4a57836c5DB6923340)
[2m2025-12-10T10:09:27.848296Z[0m [34mDEBUG[0m [2methereum_transaction_pool_monitor::mempool_monitor[0m[2m:[0m 📨 Processing new pending transaction: 0x7d46980b83c884b234a32b9d78c70aa168412ea187286f99520f73e1e13c6352
[2m2025-12-10T10:09:27.848301Z[0m [34mDEBUG[0m [2methereum_transaction_pool_monitor::mempool_monitor[0m[2m:[0m 🔍 Fetching transaction details for: 0x7d46980b83c884b234a32b9d78c70aa168412ea187286f99520f73e1e13c6352
[2m2025-12-10T10:09:27.848307Z[0m [34mDEBUG[0m [2methereum_transaction_pool_monitor::eth_client[0m[2m:[0m 🔍 Fetching transaction details for hash: 0x7d46980b83c884b234a32b9d78c70aa168412ea187286f99520f73e1e13c6352
[2m2025-12-10T10:09:27.848328Z[0m [34mDEBUG[0m [2mhyper::client::pool[0m[2m:[0m reuse idle connection for ("http", 192.168.0.14:8545)
[2m2025-12-10T10:09:27.848375Z[0m [34mDEBUG[0m [2mhyper::proto::h1::io[0m[2m:[0m flushed 250 bytes
[2m2025-12-10T10:09:27.848397Z[0m [34mDEBUG[0m [2mhyper::client::pool[0m[2m:[0m reuse idle connection for ("http", 192.168.0.14:8545)
[2m2025-12-10T10:09:27.848411Z[0m [34mDEBUG[0m [2mhyper::proto::h1::io[0m[2m:[0m flushed 172 bytes
[2m2025-12-10T10:09:27.848454Z[0m [34mDEBUG[0m [2methereum_transaction_pool_monitor::eth_client[0m[2m:[0m 📨 Received WebSocket message: {"jsonrpc":"2.0","method":"eth_subscription","params":{"subscription":"0xbed0a0851463e895960a451075a301a9","result":"0xea70297a45c2a52d8341a98d14efb1d34a15863a48c9f6ea7c99b3006eb302dd"}}
[2m2025-12-10T10:09:27.848465Z[0m [34mDEBUG[0m [2methereum_transaction_pool_monitor::eth_client[0m[2m:[0m 📨 Received pending transaction: 0xea70297a45c2a52d8341a98d14efb1d34a15863a48c9f6ea7c99b3006eb302dd
[2m2025-12-10T10:09:27.860387Z[0m [34mDEBUG[0m [2methereum_transaction_pool_monitor::eth_client[0m[2m:[0m 📨 Received WebSocket message: {"jsonrpc":"2.0","method":"eth_subscription","params":{"subscription":"0xbed0a0851463e895960a451075a301a9","result":"0x52e86bf9edc1451fcf4b0c337fbc7db3a88f3d428a2aebac0da7ab285a87668f"}}
[2m2025-12-10T10:09:27.860399Z[0m [34mDEBUG[0m [2methereum_transaction_pool_monitor::eth_client[0m[2m:[0m 📨 Received pending transaction: 0x52e86bf9edc1451fcf4b0c337fbc7db3a88f3d428a2aebac0da7ab285a87668f
[2m2025-12-10T10:09:27.860442Z[0m [34mDEBUG[0m [2mhyper::proto::h1::io[0m[2m:[0m parsed 4 headers
[2m2025-12-10T10:09:27.860453Z[0m [34mDEBUG[0m [2mhyper::proto::h1::conn[0m[2m:[0m incoming body is content-length (772 bytes)
[2m2025-12-10T10:09:27.860461Z[0m [34mDEBUG[0m [2mhyper::proto::h1::conn[0m[2m:[0m incoming body completed
[2m2025-12-10T10:09:27.860471Z[0m [34mDEBUG[0m [2mhyper::client::pool[0m[2m:[0m pooling idle connection for ("http", 192.168.0.14:8545)
[2m2025-12-10T10:09:27.860479Z[0m [34mDEBUG[0m [2methereum_transaction_pool_monitor::eth_client[0m[2m:[0m 📡 Transaction fetch RPC completed in 12.167041ms
[2m2025-12-10T10:09:27.932749Z[0m [34mDEBUG[0m [2methereum_transaction_pool_monitor::eth_client[0m[2m:[0m ✅ Transaction 0x7d46980b83c884b234a32b9d78c70aa168412ea187286f99520f73e1e13c6352 fetched and parsed in 84.435125ms
[2m2025-12-10T10:09:27.932778Z[0m [34mDEBUG[0m [2methereum_transaction_pool_monitor::mempool_monitor[0m[2m:[0m 🔍 Skipping tx 0x7d46980b83c884b234a32b9d78c70aa168412ea187286f99520f73e1e13c6352 - not a DEX interaction (target: 0xA0b86991c6218b36c1d19D4a2e9Eb0cE3606eB48)
[2m2025-12-10T10:09:27.932790Z[0m [34mDEBUG[0m [2methereum_transaction_pool_monitor::mempool_monitor[0m[2m:[0m 📨 Processing new pending transaction: 0x502cddbf75d8c83b6428e0d11a766e2afc4fb372622390bc72f7b28d450a37d2
[2m2025-12-10T10:09:27.932797Z[0m [34mDEBUG[0m [2methereum_transaction_pool_monitor::mempool_monitor[0m[2m:[0m 🔍 Fetching transaction details for: 0x502cddbf75d8c83b6428e0d11a766e2afc4fb372622390bc72f7b28d450a37d2
[2m2025-12-10T10:09:27.932802Z[0m [34mDEBUG[0m [2methereum_transaction_pool_monitor::eth_client[0m[2m:[0m 🔍 Fetching transaction details for hash: 0x502cddbf75d8c83b6428e0d11a766e2afc4fb372622390bc72f7b28d450a37d2
[2m2025-12-10T10:09:27.932821Z[0m [34mDEBUG[0m [2mhyper::client::pool[0m[2m:[0m reuse idle connection for ("http", 192.168.0.14:8545)
[2m2025-12-10T10:09:27.932872Z[0m [34mDEBUG[0m [2mhyper::proto::h1::io[0m[2m:[0m flushed 250 bytes
[2m2025-12-10T10:09:27.932888Z[0m [34mDEBUG[0m [2mhyper::proto::h1::io[0m[2m:[0m parsed 4 headers
[2m2025-12-10T10:09:27.932893Z[0m [34mDEBUG[0m [2mhyper::proto::h1::conn[0m[2m:[0m incoming body is content-length (45 bytes)
[2m2025-12-10T10:09:27.932901Z[0m [34mDEBUG[0m [2mhyper::proto::h1::conn[0m[2m:[0m incoming body completed
[2m2025-12-10T10:09:27.932910Z[0m [34mDEBUG[0m [2mhyper::client::pool[0m[2m:[0m pooling idle connection for ("http", 192.168.0.14:8545)
[2m2025-12-10T10:09:27.932931Z[0m [34mDEBUG[0m [2mhyper::client::pool[0m[2m:[0m reuse idle connection for ("http", 192.168.0.14:8545)
[2m2025-12-10T10:09:27.932946Z[0m [34mDEBUG[0m [2mhyper::proto::h1::io[0m[2m:[0m flushed 172 bytes
[2m2025-12-10T10:09:27.938796Z[0m [34mDEBUG[0m [2mhyper::proto::h1::io[0m[2m:[0m parsed 4 headers
[2m2025-12-10T10:09:27.938803Z[0m [34mDEBUG[0m [2mhyper::proto::h1::conn[0m[2m:[0m incoming body is content-length (45 bytes)
[2m2025-12-10T10:09:27.938820Z[0m [34mDEBUG[0m [2mhyper::proto::h1::conn[0m[2m:[0m incoming body completed
[2m2025-12-10T10:09:27.938825Z[0m [34mDEBUG[0m [2mhyper::client::pool[0m[2m:[0m pooling idle connection for ("http", 192.168.0.14:8545)
[2m2025-12-10T10:09:27.939721Z[0m [34mDEBUG[0m [2mhyper::proto::h1::io[0m[2m:[0m parsed 4 headers
[2m2025-12-10T10:09:27.939726Z[0m [34mDEBUG[0m [2mhyper::proto::h1::conn[0m[2m:[0m incoming body is content-length (778 bytes)
[2m2025-12-10T10:09:27.939731Z[0m [34mDEBUG[0m [2mhyper::proto::h1::conn[0m[2m:[0m incoming body completed
[2m2025-12-10T10:09:27.939739Z[0m [34mDEBUG[0m [2mhyper::client::pool[0m[2m:[0m pooling idle connection for ("http", 192.168.0.14:8545)
[2m2025-12-10T10:09:27.939745Z[0m [34mDEBUG[0m [2methereum_transaction_pool_monitor::eth_client[0m[2m:[0m 📡 Transaction fetch RPC completed in 6.937792ms
[2m2025-12-10T10:09:28.011737Z[0m [34mDEBUG[0m [2methereum_transaction_pool_monitor::eth_client[0m[2m:[0m ✅ Transaction 0x502cddbf75d8c83b6428e0d11a766e2afc4fb372622390bc72f7b28d450a37d2 fetched and parsed in 78.926834ms
[2m2025-12-10T10:09:28.011770Z[0m [34mDEBUG[0m [2methereum_transaction_pool_monitor::mempool_monitor[0m[2m:[0m 🔍 Skipping tx 0x502cddbf75d8c83b6428e0d11a766e2afc4fb372622390bc72f7b28d450a37d2 - not a DEX interaction (target: 0x3E5A19c91266aD8cE2477B91585d1856B84062dF)
[2m2025-12-10T10:09:28.011782Z[0m [34mDEBUG[0m [2methereum_transaction_pool_monitor::mempool_monitor[0m[2m:[0m 📨 Processing new pending transaction: 0x15546d8ed189c3b0358988c86b3a5a9fbaf1110cd45ef878c642738d2d7dc997
[2m2025-12-10T10:09:28.011790Z[0m [34mDEBUG[0m [2methereum_transaction_pool_monitor::mempool_monitor[0m[2m:[0m 🔍 Fetching transaction details for: 0x15546d8ed189c3b0358988c86b3a5a9fbaf1110cd45ef878c642738d2d7dc997
[2m2025-12-10T10:09:28.011797Z[0m [34mDEBUG[0m [2methereum_transaction_pool_monitor::eth_client[0m[2m:[0m 🔍 Fetching transaction details for hash: 0x15546d8ed189c3b0358988c86b3a5a9fbaf1110cd45ef878c642738d2d7dc997
[2m2025-12-10T10:09:28.011821Z[0m [34mDEBUG[0m [2mhyper::client::pool[0m[2m:[0m reuse idle connection for ("http", 192.168.0.14:8545)
[2m2025-12-10T10:09:28.011874Z[0m [34mDEBUG[0m [2mhyper::proto::h1::io[0m[2m:[0m flushed 250 bytes
[2m2025-12-10T10:09:28.011904Z[0m [34mDEBUG[0m [2mhyper::client::pool[0m[2m:[0m reuse idle connection for ("http", 192.168.0.14:8545)
[2m2025-12-10T10:09:28.011922Z[0m [34mDEBUG[0m [2mhyper::proto::h1::io[0m[2m:[0m flushed 172 bytes
[2m2025-12-10T10:09:28.016470Z[0m [34mDEBUG[0m [2mhyper::proto::h1::io[0m[2m:[0m parsed 4 headers
[2m2025-12-10T10:09:28.016510Z[0m [34mDEBUG[0m [2mhyper::proto::h1::conn[0m[2m:[0m incoming body is content-length (770 bytes)
[2m2025-12-10T10:09:28.016525Z[0m [34mDEBUG[0m [2mhyper::proto::h1::conn[0m[2m:[0m incoming body completed
[2m2025-12-10T10:09:28.016538Z[0m [34mDEBUG[0m [2mhyper::client::pool[0m[2m:[0m pooling idle connection for ("http", 192.168.0.14:8545)
[2m2025-12-10T10:09:28.016547Z[0m [34mDEBUG[0m [2methereum_transaction_pool_monitor::eth_client[0m[2m:[0m 📡 Transaction fetch RPC completed in 4.745458ms
[2m2025-12-10T10:09:28.016571Z[0m [34mDEBUG[0m [2methereum_transaction_pool_monitor::eth_client[0m[2m:[0m DeFi transaction detected - Address: 0xdac17f958d2ee523a2206206994597c13d831ec7, Type: Stablecoin, Value: 0 ETH, Gas: 0.52 Gwei
[2m2025-12-10T10:09:28.016590Z[0m [34mDEBUG[0m [2methereum_transaction_pool_monitor::eth_client[0m[2m:[0m ✅ Transaction 0x15546d8ed189c3b0358988c86b3a5a9fbaf1110cd45ef878c642738d2d7dc997 fetched and parsed in 4.78775ms
[2m2025-12-10T10:09:28.016596Z[0m [34mDEBUG[0m [2methereum_transaction_pool_monitor::mempool_monitor[0m[2m:[0m 🔍 Skipping tx 0x15546d8ed189c3b0358988c86b3a5a9fbaf1110cd45ef878c642738d2d7dc997 - not a DEX interaction (target: 0xdAC17F958D2ee523a2206206994597C13D831ec7)
[2m2025-12-10T10:09:28.016604Z[0m [34mDEBUG[0m [2methereum_transaction_pool_monitor::mempool_monitor[0m[2m:[0m 📨 Processing new pending transaction: 0x7b55b4f6d447ce63deab0ae507433949cde7918800a9158b8cd7b2f728d51eff
[2m2025-12-10T10:09:28.016608Z[0m [34mDEBUG[0m [2methereum_transaction_pool_monitor::mempool_monitor[0m[2m:[0m 🔍 Fetching transaction details for: 0x7b55b4f6d447ce63deab0ae507433949cde7918800a9158b8cd7b2f728d51eff
[2m2025-12-10T10:09:28.016611Z[0m [34mDEBUG[0m [2methereum_transaction_pool_monitor::eth_client[0m[2m:[0m 🔍 Fetching transaction details for hash: 0x7b55b4f6d447ce63deab0ae507433949cde7918800a9158b8cd7b2f728d51eff
[2m2025-12-10T10:09:28.016622Z[0m [34mDEBUG[0m [2mhyper::client::pool[0m[2m:[0m reuse idle connection for ("http", 192.168.0.14:8545)
[2m2025-12-10T10:09:28.016645Z[0m [34mDEBUG[0m [2mhyper::proto::h1::io[0m[2m:[0m flushed 250 bytes
[2m2025-12-10T10:09:28.017180Z[0m [34mDEBUG[0m [2mhyper::proto::h1::io[0m[2m:[0m parsed 4 headers
[2m2025-12-10T10:09:28.017185Z[0m [34mDEBUG[0m [2mhyper::proto::h1::conn[0m[2m:[0m incoming body is content-length (45 bytes)
[2m2025-12-10T10:09:28.017189Z[0m [34mDEBUG[0m [2mhyper::proto::h1::conn[0m[2m:[0m incoming body completed
[2m2025-12-10T10:09:28.017195Z[0m [34mDEBUG[0m [2mhyper::client::pool[0m[2m:[0m pooling idle connection for ("http", 192.168.0.14:8545)
[2m2025-12-10T10:09:28.021714Z[0m [34mDEBUG[0m [2mhyper::proto::h1::io[0m[2m:[0m parsed 4 headers
[2m2025-12-10T10:09:28.021736Z[0m [34mDEBUG[0m [2mhyper::proto::h1::conn[0m[2m:[0m incoming body is content-length (777 bytes)
[2m2025-12-10T10:09:28.021754Z[0m [34mDEBUG[0m [2mhyper::proto::h1::conn[0m[2m:[0m incoming body completed
[2m2025-12-10T10:09:28.021768Z[0m [34mDEBUG[0m [2mhyper::client::pool[0m[2m:[0m pooling idle connection for ("http", 192.168.0.14:8545)
[2m2025-12-10T10:09:28.021773Z[0m [34mDEBUG[0m [2methereum_transaction_pool_monitor::eth_client[0m[2m:[0m 📡 Transaction fetch RPC completed in 5.1575ms
[2m2025-12-10T10:09:28.021785Z[0m [34mDEBUG[0m [2methereum_transaction_pool_monitor::eth_client[0m[2m:[0m DeFi transaction detected - Address: 0xdac17f958d2ee523a2206206994597c13d831ec7, Type: Stablecoin, Value: 0 ETH, Gas: 127.50 Gwei
[2m2025-12-10T10:09:28.021803Z[0m [34mDEBUG[0m [2methereum_transaction_pool_monitor::eth_client[0m[2m:[0m ✅ Transaction 0x7b55b4f6d447ce63deab0ae507433949cde7918800a9158b8cd7b2f728d51eff fetched and parsed in 5.1875ms
[2m2025-12-10T10:09:28.021808Z[0m [34mDEBUG[0m [2methereum_transaction_pool_monitor::mempool_monitor[0m[2m:[0m 🔍 Skipping tx 0x7b55b4f6d447ce63deab0ae507433949cde7918800a9158b8cd7b2f728d51eff - not a DEX interaction (target: 0xdAC17F958D2ee523a2206206994597C13D831ec7)
[2m2025-12-10T10:09:28.021813Z[0m [34mDEBUG[0m [2methereum_transaction_pool_monitor::mempool_monitor[0m[2m:[0m 📨 Processing new pending transaction: 0x9182ba02cc69a91ee88fe6c222115b27132898950b6522f44e0cc262c32837e3
[2m2025-12-10T10:09:28.021817Z[0m [34mDEBUG[0m [2methereum_transaction_pool_monitor::mempool_monitor[0m[2m:[0m 🔍 Fetching transaction details for: 0x9182ba02cc69a91ee88fe6c222115b27132898950b6522f44e0cc262c32837e3
[2m2025-12-10T10:09:28.021820Z[0m [34mDEBUG[0m [2methereum_transaction_pool_monitor::eth_client[0m[2m:[0m 🔍 Fetching transaction details for hash: 0x9182ba02cc69a91ee88fe6c222115b27132898950b6522f44e0cc262c32837e3
[2m2025-12-10T10:09:28.021827Z[0m [34mDEBUG[0m [2mhyper::client::pool[0m[2m:[0m reuse idle connection for ("http", 192.168.0.14:8545)
[2m2025-12-10T10:09:28.021845Z[0m [34mDEBUG[0m [2mhyper::proto::h1::io[0m[2m:[0m flushed 250 bytes
[2m2025-12-10T10:09:28.027679Z[0m [34mDEBUG[0m [2mhyper::proto::h1::io[0m[2m:[0m parsed 4 headers
[2m2025-12-10T10:09:28.027685Z[0m [34mDEBUG[0m [2mhyper::proto::h1::conn[0m[2m:[0m incoming body is content-length (839 bytes)
[2m2025-12-10T10:09:28.027689Z[0m [34mDEBUG[0m [2mhyper::proto::h1::conn[0m[2m:[0m incoming body completed
[2m2025-12-10T10:09:28.027693Z[0m [34mDEBUG[0m [2mhyper::client::pool[0m[2m:[0m pooling idle connection for ("http", 192.168.0.14:8545)
[2m2025-12-10T10:09:28.027698Z[0m [34mDEBUG[0m [2methereum_transaction_pool_monitor::eth_client[0m[2m:[0m 📡 Transaction fetch RPC completed in 5.8735ms
[2m2025-12-10T10:09:28.098531Z[0m [34mDEBUG[0m [2methereum_transaction_pool_monitor::eth_client[0m[2m:[0m ✅ Transaction 0x9182ba02cc69a91ee88fe6c222115b27132898950b6522f44e0cc262c32837e3 fetched and parsed in 76.704292ms
[2m2025-12-10T10:09:28.098561Z[0m [34mDEBUG[0m [2methereum_transaction_pool_monitor::mempool_monitor[0m[2m:[0m 🔍 Skipping tx 0x9182ba02cc69a91ee88fe6c222115b27132898950b6522f44e0cc262c32837e3 - not a DEX interaction (target: 0xCa14007Eff0dB1f8135f4C25B34De49AB0d42766)
[2m2025-12-10T10:09:28.098575Z[0m [34mDEBUG[0m [2methereum_transaction_pool_monitor::mempool_monitor[0m[2m:[0m 📨 Processing new pending transaction: 0x2d39dbdc7f9d744821ac3ae5a8ae28b2423ed3b10bdb3bd46a9774d73ee48fe9
[2m2025-12-10T10:09:28.098581Z[0m [34mDEBUG[0m [2methereum_transaction_pool_monitor::mempool_monitor[0m[2m:[0m 🔍 Fetching transaction details for: 0x2d39dbdc7f9d744821ac3ae5a8ae28b2423ed3b10bdb3bd46a9774d73ee48fe9
[2m2025-12-10T10:09:28.098587Z[0m [34mDEBUG[0m [2methereum_transaction_pool_monitor::eth_client[0m[2m:[0m 🔍 Fetching transaction details for hash: 0x2d39dbdc7f9d744821ac3ae5a8ae28b2423ed3b10bdb3bd46a9774d73ee48fe9
[2m2025-12-10T10:09:28.098607Z[0m [34mDEBUG[0m [2mhyper::client::pool[0m[2m:[0m reuse idle connection for ("http", 192.168.0.14:8545)
[2m2025-12-10T10:09:28.098644Z[0m [34mDEBUG[0m [2mhyper::proto::h1::io[0m[2m:[0m flushed 250 bytes
[2m2025-12-10T10:09:28.098664Z[0m [34mDEBUG[0m [2mhyper::client::pool[0m[2m:[0m reuse idle connection for ("http", 192.168.0.14:8545)
[2m2025-12-10T10:09:28.098680Z[0m [34mDEBUG[0m [2mhyper::proto::h1::io[0m[2m:[0m flushed 172 bytes
[2m2025-12-10T10:09:28.098698Z[0m [34mDEBUG[0m [2methereum_transaction_pool_monitor::eth_client[0m[2m:[0m 📨 Received WebSocket message: {"jsonrpc":"2.0","method":"eth_subscription","params":{"subscription":"0xbed0a0851463e895960a451075a301a9","result":"0xb5a6635fe660bc82f40ac55b6949e299f00654c337e8800241afeecacd67a32e"}}
[2m2025-12-10T10:09:28.098702Z[0m [32m INFO[0m [2methereum_transaction_pool_monitor::bot_runner[0m[2m:[0m 🤖 MEV Bot Stats | Uptime: 0.0h | Opportunities: 0 | Bundles: 0/0 (0.0%) | Profit: 0.0000 ETH | Rate: 0.00/h
[2m2025-12-10T10:09:28.098708Z[0m [34mDEBUG[0m [2methereum_transaction_pool_monitor::eth_client[0m[2m:[0m 📨 Received pending transaction: 0xb5a6635fe660bc82f40ac55b6949e299f00654c337e8800241afeecacd67a32e
[2m2025-12-10T10:09:28.098982Z[0m [34mDEBUG[0m [2methereum_transaction_pool_monitor::eth_client[0m[2m:[0m 📨 Received WebSocket message: {"jsonrpc":"2.0","method":"eth_subscription","params":{"subscription":"0xbed0a0851463e895960a451075a301a9","result":"0x0a9108d5081ae9a57adbef24fac42e06f397ce024b0a0482a4186c29b2701a17"}}
[2m2025-12-10T10:09:28.098990Z[0m [34mDEBUG[0m [2methereum_transaction_pool_monitor::eth_client[0m[2m:[0m 📨 Received pending transaction: 0x0a9108d5081ae9a57adbef24fac42e06f397ce024b0a0482a4186c29b2701a17
[2m2025-12-10T10:09:28.107381Z[0m [34mDEBUG[0m [2mhyper::proto::h1::io[0m[2m:[0m parsed 4 headers
[2m2025-12-10T10:09:28.107387Z[0m [34mDEBUG[0m [2mhyper::proto::h1::conn[0m[2m:[0m incoming body is content-length (771 bytes)
[2m2025-12-10T10:09:28.107395Z[0m [34mDEBUG[0m [2mhyper::proto::h1::conn[0m[2m:[0m incoming body completed
[2m2025-12-10T10:09:28.107403Z[0m [34mDEBUG[0m [2mhyper::client::pool[0m[2m:[0m pooling idle connection for ("http", 192.168.0.14:8545)
[2m2025-12-10T10:09:28.107410Z[0m [34mDEBUG[0m [2methereum_transaction_pool_monitor::eth_client[0m[2m:[0m 📡 Transaction fetch RPC completed in 8.818834ms
[2m2025-12-10T10:09:28.107427Z[0m [34mDEBUG[0m [2methereum_transaction_pool_monitor::eth_client[0m[2m:[0m DeFi transaction detected - Address: 0xdac17f958d2ee523a2206206994597c13d831ec7, Type: Stablecoin, Value: 0 ETH, Gas: 0.52 Gwei
[2m2025-12-10T10:09:28.107440Z[0m [34mDEBUG[0m [2methereum_transaction_pool_monitor::eth_client[0m[2m:[0m ✅ Transaction 0x2d39dbdc7f9d744821ac3ae5a8ae28b2423ed3b10bdb3bd46a9774d73ee48fe9 fetched and parsed in 8.849125ms
[2m2025-12-10T10:09:28.107446Z[0m [34mDEBUG[0m [2methereum_transaction_pool_monitor::mempool_monitor[0m[2m:[0m 🔍 Skipping tx 0x2d39dbdc7f9d744821ac3ae5a8ae28b2423ed3b10bdb3bd46a9774d73ee48fe9 - not a DEX interaction (target: 0xdAC17F958D2ee523a2206206994597C13D831ec7)
[2m2025-12-10T10:09:28.107452Z[0m [34mDEBUG[0m [2methereum_transaction_pool_monitor::mempool_monitor[0m[2m:[0m 📨 Processing new pending transaction: 0x52d497721b6769bea4fcc9125e872fc294a714c13bb488287ebdf1bd733ac660
[2m2025-12-10T10:09:28.107456Z[0m [34mDEBUG[0m [2methereum_transaction_pool_monitor::mempool_monitor[0m[2m:[0m 🔍 Fetching transaction details for: 0x52d497721b6769bea4fcc9125e872fc294a714c13bb488287ebdf1bd733ac660
[2m2025-12-10T10:09:28.107460Z[0m [34mDEBUG[0m [2methereum_transaction_pool_monitor::eth_client[0m[2m:[0m 🔍 Fetching transaction details for hash: 0x52d497721b6769bea4fcc9125e872fc294a714c13bb488287ebdf1bd733ac660
[2m2025-12-10T10:09:28.107469Z[0m [34mDEBUG[0m [2mhyper::client::pool[0m[2m:[0m reuse idle connection for ("http", 192.168.0.14:8545)
[2m2025-12-10T10:09:28.107486Z[0m [34mDEBUG[0m [2mhyper::proto::h1::io[0m[2m:[0m flushed 250 bytes
[2m2025-12-10T10:09:28.107493Z[0m [34mDEBUG[0m [2mhyper::proto::h1::io[0m[2m:[0m parsed 4 headers
[2m2025-12-10T10:09:28.107497Z[0m [34mDEBUG[0m [2mhyper::proto::h1::conn[0m[2m:[0m incoming body is content-length (45 bytes)
[2m2025-12-10T10:09:28.107501Z[0m [34mDEBUG[0m [2mhyper::proto::h1::conn[0m[2m:[0m incoming body completed
[2m2025-12-10T10:09:28.107506Z[0m [34mDEBUG[0m [2mhyper::client::pool[0m[2m:[0m pooling idle connection for ("http", 192.168.0.14:8545)
[2m2025-12-10T10:09:28.116321Z[0m [34mDEBUG[0m [2mhyper::proto::h1::io[0m[2m:[0m parsed 4 headers
[2m2025-12-10T10:09:28.116335Z[0m [34mDEBUG[0m [2mhyper::proto::h1::conn[0m[2m:[0m incoming body is content-length (780 bytes)
[2m2025-12-10T10:09:28.116342Z[0m [34mDEBUG[0m [2mhyper::proto::h1::conn[0m[2m:[0m incoming body completed
[2m2025-12-10T10:09:28.116351Z[0m [34mDEBUG[0m [2mhyper::client::pool[0m[2m:[0m pooling idle connection for ("http", 192.168.0.14:8545)
[2m2025-12-10T10:09:28.116357Z[0m [34mDEBUG[0m [2methereum_transaction_pool_monitor::eth_client[0m[2m:[0m 📡 Transaction fetch RPC completed in 8.893333ms
[2m2025-12-10T10:09:28.184105Z[0m [34mDEBUG[0m [2methereum_transaction_pool_monitor::eth_client[0m[2m:[0m ✅ Transaction 0x52d497721b6769bea4fcc9125e872fc294a714c13bb488287ebdf1bd733ac660 fetched and parsed in 76.638417ms
[2m2025-12-10T10:09:28.184124Z[0m [34mDEBUG[0m [2methereum_transaction_pool_monitor::mempool_monitor[0m[2m:[0m 🔍 Skipping tx 0x52d497721b6769bea4fcc9125e872fc294a714c13bb488287ebdf1bd733ac660 - not a DEX interaction (target: 0x000006c2A22ff4A44ff1f5d0F2ed65F781F55555)
[2m2025-12-10T10:09:28.184134Z[0m [34mDEBUG[0m [2methereum_transaction_pool_monitor::mempool_monitor[0m[2m:[0m 📨 Processing new pending transaction: 0x718da98ab83c3719fbbed7da9d9a1f2a4c78aa409e43e274908f23b96095daa2
[2m2025-12-10T10:09:28.184139Z[0m [34mDEBUG[0m [2methereum_transaction_pool_monitor::mempool_monitor[0m[2m:[0m 🔍 Fetching transaction details for: 0x718da98ab83c3719fbbed7da9d9a1f2a4c78aa409e43e274908f23b96095daa2
[2m2025-12-10T10:09:28.184143Z[0m [34mDEBUG[0m [2methereum_transaction_pool_monitor::eth_client[0m[2m:[0m 🔍 Fetching transaction details for hash: 0x718da98ab83c3719fbbed7da9d9a1f2a4c78aa409e43e274908f23b96095daa2
[2m2025-12-10T10:09:28.184163Z[0m [34mDEBUG[0m [2mhyper::client::pool[0m[2m:[0m reuse idle connection for ("http", 192.168.0.14:8545)
[2m2025-12-10T10:09:28.184194Z[0m [34mDEBUG[0m [2mhyper::proto::h1::io[0m[2m:[0m flushed 250 bytes
[2m2025-12-10T10:09:28.184214Z[0m [34mDEBUG[0m [2methereum_transaction_pool_monitor::eth_client[0m[2m:[0m 📨 Received WebSocket message: {"jsonrpc":"2.0","method":"eth_subscription","params":{"subscription":"0xbed0a0851463e895960a451075a301a9","result":"0x5fb20ae0809f2e5ae569395ac3c1797942f86fa668873b464add476500e61e56"}}
[2m2025-12-10T10:09:28.184221Z[0m [34mDEBUG[0m [2methereum_transaction_pool_monitor::eth_client[0m[2m:[0m 📨 Received pending transaction: 0x5fb20ae0809f2e5ae569395ac3c1797942f86fa668873b464add476500e61e56
[2m2025-12-10T10:09:28.184227Z[0m [34mDEBUG[0m [2methereum_transaction_pool_monitor::eth_client[0m[2m:[0m 📨 Received WebSocket message: {"jsonrpc":"2.0","method":"eth_subscription","params":{"subscription":"0xbed0a0851463e895960a451075a301a9","result":"0x3aa42fc35dcb24d1411a1f0ca0c94be0a3362146a5e6b96f3cd0facd890def45"}}
[2m2025-12-10T10:09:28.184232Z[0m [34mDEBUG[0m [2methereum_transaction_pool_monitor::eth_client[0m[2m:[0m 📨 Received pending transaction: 0x3aa42fc35dcb24d1411a1f0ca0c94be0a3362146a5e6b96f3cd0facd890def45
[2m2025-12-10T10:09:28.187390Z[0m [34mDEBUG[0m [2mhyper::proto::h1::io[0m[2m:[0m parsed 4 headers
[2m2025-12-10T10:09:28.187396Z[0m [34mDEBUG[0m [2mhyper::proto::h1::conn[0m[2m:[0m incoming body is content-length (764 bytes)
[2m2025-12-10T10:09:28.187403Z[0m [34mDEBUG[0m [2mhyper::proto::h1::conn[0m[2m:[0m incoming body completed
[2m2025-12-10T10:09:28.187412Z[0m [34mDEBUG[0m [2mhyper::client::pool[0m[2m:[0m pooling idle connection for ("http", 192.168.0.14:8545)
[2m2025-12-10T10:09:28.187419Z[0m [34mDEBUG[0m [2methereum_transaction_pool_monitor::eth_client[0m[2m:[0m 📡 Transaction fetch RPC completed in 3.271875ms
[2m2025-12-10T10:09:28.255823Z[0m [34mDEBUG[0m [2methereum_transaction_pool_monitor::eth_client[0m[2m:[0m ✅ Transaction 0x718da98ab83c3719fbbed7da9d9a1f2a4c78aa409e43e274908f23b96095daa2 fetched and parsed in 71.673167ms
[2m2025-12-10T10:09:28.255848Z[0m [34mDEBUG[0m [2methereum_transaction_pool_monitor::mempool_monitor[0m[2m:[0m 🔍 Skipping tx 0x718da98ab83c3719fbbed7da9d9a1f2a4c78aa409e43e274908f23b96095daa2 - not a DEX interaction (target: 0xA0b86991c6218b36c1d19D4a2e9Eb0cE3606eB48)
[2m2025-12-10T10:09:28.255858Z[0m [34mDEBUG[0m [2methereum_transaction_pool_monitor::mempool_monitor[0m[2m:[0m 📨 Processing new pending transaction: 0x177eed8f465ee4b562896a58f359dc7ec70201a6d11385cdc54a955c04dbafa6
[2m2025-12-10T10:09:28.255865Z[0m [34mDEBUG[0m [2methereum_transaction_pool_monitor::mempool_monitor[0m[2m:[0m 🔍 Fetching transaction details for: 0x177eed8f465ee4b562896a58f359dc7ec70201a6d11385cdc54a955c04dbafa6
[2m2025-12-10T10:09:28.255871Z[0m [34mDEBUG[0m [2methereum_transaction_pool_monitor::eth_client[0m[2m:[0m 🔍 Fetching transaction details for hash: 0x177eed8f465ee4b562896a58f359dc7ec70201a6d11385cdc54a955c04dbafa6
[2m2025-12-10T10:09:28.255890Z[0m [34mDEBUG[0m [2mhyper::client::pool[0m[2m:[0m reuse idle connection for ("http", 192.168.0.14:8545)
[2m2025-12-10T10:09:28.255926Z[0m [34mDEBUG[0m [2mhyper::proto::h1::io[0m[2m:[0m flushed 250 bytes
[2m2025-12-10T10:09:28.255946Z[0m [34mDEBUG[0m [2mhyper::client::pool[0m[2m:[0m reuse idle connection for ("http", 192.168.0.14:8545)
[2m2025-12-10T10:09:28.255957Z[0m [34mDEBUG[0m [2methereum_transaction_pool_monitor::eth_client[0m[2m:[0m 📨 Received WebSocket message: {"jsonrpc":"2.0","method":"eth_subscription","params":{"subscription":"0xbed0a0851463e895960a451075a301a9","result":"0x217dce249d1760a40b59d0094ec5a545fff7ad73e030b798c793e886d90c6390"}}
[2m2025-12-10T10:09:28.255960Z[0m [34mDEBUG[0m [2mhyper::proto::h1::io[0m[2m:[0m flushed 172 bytes
[2m2025-12-10T10:09:28.255976Z[0m [34mDEBUG[0m [2methereum_transaction_pool_monitor::eth_client[0m[2m:[0m 📨 Received pending transaction: 0x217dce249d1760a40b59d0094ec5a545fff7ad73e030b798c793e886d90c6390
[2m2025-12-10T10:09:28.259881Z[0m [34mDEBUG[0m [2mhyper::proto::h1::io[0m[2m:[0m parsed 4 headers
[2m2025-12-10T10:09:28.259888Z[0m [34mDEBUG[0m [2mhyper::proto::h1::conn[0m[2m:[0m incoming body is content-length (650 bytes)
[2m2025-12-10T10:09:28.259898Z[0m [34mDEBUG[0m [2mhyper::proto::h1::conn[0m[2m:[0m incoming body completed
[2m2025-12-10T10:09:28.259908Z[0m [34mDEBUG[0m [2mhyper::client::pool[0m[2m:[0m pooling idle connection for ("http", 192.168.0.14:8545)
[2m2025-12-10T10:09:28.259913Z[0m [34mDEBUG[0m [2methereum_transaction_pool_monitor::eth_client[0m[2m:[0m 📡 Transaction fetch RPC completed in 4.037792ms
[2m2025-12-10T10:09:28.331681Z[0m [34mDEBUG[0m [2methereum_transaction_pool_monitor::eth_client[0m[2m:[0m ✅ Transaction 0x177eed8f465ee4b562896a58f359dc7ec70201a6d11385cdc54a955c04dbafa6 fetched and parsed in 75.802375ms
[2m2025-12-10T10:09:28.331706Z[0m [34mDEBUG[0m [2methereum_transaction_pool_monitor::mempool_monitor[0m[2m:[0m 🔍 Skipping tx 0x177eed8f465ee4b562896a58f359dc7ec70201a6d11385cdc54a955c04dbafa6 - not a DEX interaction (target: 0x95D8443D27F4d62d44fd1e38590Cdb3FBc5772F4)
[2m2025-12-10T10:09:28.331716Z[0m [34mDEBUG[0m [2methereum_transaction_pool_monitor::mempool_monitor[0m[2m:[0m 📨 Processing new pending transaction: 0x706e96540db584be099ec05ae5fca5e0166ab4ff787987f5d6eaf68c9378dc5a
[2m2025-12-10T10:09:28.331723Z[0m [34mDEBUG[0m [2methereum_transaction_pool_monitor::mempool_monitor[0m[2m:[0m 🔍 Fetching transaction details for: 0x706e96540db584be099ec05ae5fca5e0166ab4ff787987f5d6eaf68c9378dc5a
[2m2025-12-10T10:09:28.331729Z[0m [34mDEBUG[0m [2methereum_transaction_pool_monitor::eth_client[0m[2m:[0m 🔍 Fetching transaction details for hash: 0x706e96540db584be099ec05ae5fca5e0166ab4ff787987f5d6eaf68c9378dc5a
[2m2025-12-10T10:09:28.331749Z[0m [34mDEBUG[0m [2mhyper::client::pool[0m[2m:[0m reuse idle connection for ("http", 192.168.0.14:8545)
[2m2025-12-10T10:09:28.331794Z[0m [34mDEBUG[0m [2mhyper::proto::h1::io[0m[2m:[0m flushed 250 bytes
[2m2025-12-10T10:09:28.331842Z[0m [34mDEBUG[0m [2methereum_transaction_pool_monitor::eth_client[0m[2m:[0m 📨 Received WebSocket message: {"jsonrpc":"2.0","method":"eth_subscription","params":{"subscription":"0xbed0a0851463e895960a451075a301a9","result":"0x0361bd3d4f25f4ce8edad55ee486267a3b322a76c633072398c26bbe56aa142b"}}
[2m2025-12-10T10:09:28.331845Z[0m [34mDEBUG[0m [2mhyper::proto::h1::io[0m[2m:[0m parsed 4 headers
[2m2025-12-10T10:09:28.331853Z[0m [34mDEBUG[0m [2methereum_transaction_pool_monitor::eth_client[0m[2m:[0m 📨 Received pending transaction: 0x0361bd3d4f25f4ce8edad55ee486267a3b322a76c633072398c26bbe56aa142b
[2m2025-12-10T10:09:28.331855Z[0m [34mDEBUG[0m [2mhyper::proto::h1::conn[0m[2m:[0m incoming body is content-length (45 bytes)
[2m2025-12-10T10:09:28.331903Z[0m [34mDEBUG[0m [2mhyper::proto::h1::conn[0m[2m:[0m incoming body completed
[2m2025-12-10T10:09:28.331914Z[0m [34mDEBUG[0m [2mhyper::client::pool[0m[2m:[0m pooling idle connection for ("http", 192.168.0.14:8545)
[2m2025-12-10T10:09:28.331930Z[0m [34mDEBUG[0m [2mhyper::client::pool[0m[2m:[0m reuse idle connection for ("http", 192.168.0.14:8545)
[2m2025-12-10T10:09:28.331947Z[0m [34mDEBUG[0m [2mhyper::proto::h1::io[0m[2m:[0m flushed 172 bytes
[2m2025-12-10T10:09:28.335875Z[0m [34mDEBUG[0m [2mhyper::proto::h1::io[0m[2m:[0m parsed 4 headers
[2m2025-12-10T10:09:28.335880Z[0m [34mDEBUG[0m [2mhyper::proto::h1::conn[0m[2m:[0m incoming body is content-length (649 bytes)
[2m2025-12-10T10:09:28.335885Z[0m [34mDEBUG[0m [2mhyper::proto::h1::conn[0m[2m:[0m incoming body completed
[2m2025-12-10T10:09:28.335891Z[0m [34mDEBUG[0m [2mhyper::client::pool[0m[2m:[0m pooling idle connection for ("http", 192.168.0.14:8545)
[2m2025-12-10T10:09:28.335897Z[0m [34mDEBUG[0m [2methereum_transaction_pool_monitor::eth_client[0m[2m:[0m 📡 Transaction fetch RPC completed in 4.163333ms
[2m2025-12-10T10:09:28.407322Z[0m [34mDEBUG[0m [2methereum_transaction_pool_monitor::eth_client[0m[2m:[0m ✅ Transaction 0x706e96540db584be099ec05ae5fca5e0166ab4ff787987f5d6eaf68c9378dc5a fetched and parsed in 75.585542ms
[2m2025-12-10T10:09:28.407350Z[0m [34mDEBUG[0m [2methereum_transaction_pool_monitor::mempool_monitor[0m[2m:[0m 🔍 Skipping tx 0x706e96540db584be099ec05ae5fca5e0166ab4ff787987f5d6eaf68c9378dc5a - not a DEX interaction (target: 0x8a0B244F0EB420758476Dd5Ae0bD1a5103514c49)
[2m2025-12-10T10:09:28.407360Z[0m [34mDEBUG[0m [2methereum_transaction_pool_monitor::mempool_monitor[0m[2m:[0m 📨 Processing new pending transaction: 0xc3af6cdaf7f88876ab99cc7b3d51e9bd829e3fcbe46dffa0617f750874136211
[2m2025-12-10T10:09:28.407367Z[0m [34mDEBUG[0m [2methereum_transaction_pool_monitor::mempool_monitor[0m[2m:[0m 🔍 Fetching transaction details for: 0xc3af6cdaf7f88876ab99cc7b3d51e9bd829e3fcbe46dffa0617f750874136211
[2m2025-12-10T10:09:28.407372Z[0m [34mDEBUG[0m [2methereum_transaction_pool_monitor::eth_client[0m[2m:[0m 🔍 Fetching transaction details for hash: 0xc3af6cdaf7f88876ab99cc7b3d51e9bd829e3fcbe46dffa0617f750874136211
[2m2025-12-10T10:09:28.407391Z[0m [34mDEBUG[0m [2mhyper::client::pool[0m[2m:[0m reuse idle connection for ("http", 192.168.0.14:8545)
[2m2025-12-10T10:09:28.407440Z[0m [34mDEBUG[0m [2mhyper::proto::h1::io[0m[2m:[0m flushed 250 bytes
[2m2025-12-10T10:09:28.407466Z[0m [34mDEBUG[0m [2methereum_transaction_pool_monitor::eth_client[0m[2m:[0m 📨 Received WebSocket message: {"jsonrpc":"2.0","method":"eth_subscription","params":{"subscription":"0xbed0a0851463e895960a451075a301a9","result":"0x1965a9d3ff4029d1652d00ae10d0b4ac998d18dda6fd144906883522196964e3"}}
[2m2025-12-10T10:09:28.407473Z[0m [34mDEBUG[0m [2mhyper::proto::h1::io[0m[2m:[0m parsed 4 headers
[2m2025-12-10T10:09:28.407476Z[0m [34mDEBUG[0m [2methereum_transaction_pool_monitor::eth_client[0m[2m:[0m 📨 Received pending transaction: 0x1965a9d3ff4029d1652d00ae10d0b4ac998d18dda6fd144906883522196964e3
[2m2025-12-10T10:09:28.407488Z[0m [34mDEBUG[0m [2mhyper::proto::h1::conn[0m[2m:[0m incoming body is content-length (45 bytes)
[2m2025-12-10T10:09:28.407509Z[0m [34mDEBUG[0m [2mhyper::proto::h1::conn[0m[2m:[0m incoming body completed
[2m2025-12-10T10:09:28.407520Z[0m [34mDEBUG[0m [2mhyper::client::pool[0m[2m:[0m pooling idle connection for ("http", 192.168.0.14:8545)
[2m2025-12-10T10:09:28.407542Z[0m [34mDEBUG[0m [2mhyper::client::pool[0m[2m:[0m reuse idle connection for ("http", 192.168.0.14:8545)
[2m2025-12-10T10:09:28.407563Z[0m [34mDEBUG[0m [2mhyper::proto::h1::io[0m[2m:[0m flushed 172 bytes
[2m2025-12-10T10:09:28.415198Z[0m [34mDEBUG[0m [2mhyper::proto::h1::io[0m[2m:[0m parsed 4 headers
[2m2025-12-10T10:09:28.415206Z[0m [34mDEBUG[0m [2mhyper::proto::h1::conn[0m[2m:[0m incoming body is content-length (2761 bytes)
[2m2025-12-10T10:09:28.415212Z[0m [34mDEBUG[0m [2mhyper::proto::h1::conn[0m[2m:[0m incoming body completed
[2m2025-12-10T10:09:28.415219Z[0m [34mDEBUG[0m [2mhyper::client::pool[0m[2m:[0m pooling idle connection for ("http", 192.168.0.14:8545)
[2m2025-12-10T10:09:28.415224Z[0m [34mDEBUG[0m [2methereum_transaction_pool_monitor::eth_client[0m[2m:[0m 📡 Transaction fetch RPC completed in 7.84675ms
[2m2025-12-10T10:09:28.485027Z[0m [34mDEBUG[0m [2methereum_transaction_pool_monitor::eth_client[0m[2m:[0m ✅ Transaction 0xc3af6cdaf7f88876ab99cc7b3d51e9bd829e3fcbe46dffa0617f750874136211 fetched and parsed in 77.646208ms
[2m2025-12-10T10:09:28.485059Z[0m [34mDEBUG[0m [2methereum_transaction_pool_monitor::mempool_monitor[0m[2m:[0m 🔍 Skipping tx 0xc3af6cdaf7f88876ab99cc7b3d51e9bd829e3fcbe46dffa0617f750874136211 - not a DEX interaction (target: 0x1c479675ad559DC151F6Ec7ed3FbF8ceE79582B6)
[2m2025-12-10T10:09:28.485070Z[0m [34mDEBUG[0m [2methereum_transaction_pool_monitor::mempool_monitor[0m[2m:[0m 📨 Processing new pending transaction: 0xc106c27894fa49238258a4e043e1e8f57e7d39e7b314db04c3f3a40c78c29002
[2m2025-12-10T10:09:28.485076Z[0m [34mDEBUG[0m [2methereum_transaction_pool_monitor::mempool_monitor[0m[2m:[0m 🔍 Fetching transaction details for: 0xc106c27894fa49238258a4e043e1e8f57e7d39e7b314db04c3f3a40c78c29002
[2m2025-12-10T10:09:28.485082Z[0m [34mDEBUG[0m [2methereum_transaction_pool_monitor::eth_client[0m[2m:[0m 🔍 Fetching transaction details for hash: 0xc106c27894fa49238258a4e043e1e8f57e7d39e7b314db04c3f3a40c78c29002
[2m2025-12-10T10:09:28.485104Z[0m [34mDEBUG[0m [2mhyper::client::pool[0m[2m:[0m reuse idle connection for ("http", 192.168.0.14:8545)
[2m2025-12-10T10:09:28.485147Z[0m [34mDEBUG[0m [2mhyper::proto::h1::io[0m[2m:[0m flushed 250 bytes
[2m2025-12-10T10:09:28.485166Z[0m [34mDEBUG[0m [2mhyper::proto::h1::io[0m[2m:[0m parsed 4 headers
[2m2025-12-10T10:09:28.485172Z[0m [34mDEBUG[0m [2mhyper::proto::h1::conn[0m[2m:[0m incoming body is content-length (45 bytes)
[2m2025-12-10T10:09:28.485180Z[0m [34mDEBUG[0m [2mhyper::proto::h1::conn[0m[2m:[0m incoming body completed
[2m2025-12-10T10:09:28.485189Z[0m [34mDEBUG[0m [2mhyper::client::pool[0m[2m:[0m pooling idle connection for ("http", 192.168.0.14:8545)
[2m2025-12-10T10:09:28.489573Z[0m [34mDEBUG[0m [2mhyper::proto::h1::io[0m[2m:[0m parsed 4 headers
[2m2025-12-10T10:09:28.489582Z[0m [34mDEBUG[0m [2mhyper::proto::h1::conn[0m[2m:[0m incoming body is content-length (615 bytes)
[2m2025-12-10T10:09:28.489588Z[0m [34mDEBUG[0m [2mhyper::proto::h1::conn[0m[2m:[0m incoming body completed
[2m2025-12-10T10:09:28.489596Z[0m [34mDEBUG[0m [2mhyper::client::pool[0m[2m:[0m pooling idle connection for ("http", 192.168.0.14:8545)
[2m2025-12-10T10:09:28.489602Z[0m [34mDEBUG[0m [2methereum_transaction_pool_monitor::eth_client[0m[2m:[0m 📡 Transaction fetch RPC completed in 4.514916ms
[2m2025-12-10T10:09:28.560750Z[0m [34mDEBUG[0m [2methereum_transaction_pool_monitor::eth_client[0m[2m:[0m ✅ Transaction 0xc106c27894fa49238258a4e043e1e8f57e7d39e7b314db04c3f3a40c78c29002 fetched and parsed in 75.660375ms
[2m2025-12-10T10:09:28.560782Z[0m [34mDEBUG[0m [2methereum_transaction_pool_monitor::mempool_monitor[0m[2m:[0m 🔍 Skipping tx 0xc106c27894fa49238258a4e043e1e8f57e7d39e7b314db04c3f3a40c78c29002 - not a DEX interaction (target: 0xD9f0Cd5B160009DAC7F2eFe52E1e92A9068FE25F)
[2m2025-12-10T10:09:28.560795Z[0m [34mDEBUG[0m [2methereum_transaction_pool_monitor::mempool_monitor[0m[2m:[0m 📨 Processing new pending transaction: 0x64033f587d8fc32b2ad789d9cd98f390ec37687a6bc091b5c221a03f789c9e6e
[2m2025-12-10T10:09:28.560802Z[0m [34mDEBUG[0m [2methereum_transaction_pool_monitor::mempool_monitor[0m[2m:[0m 🔍 Fetching transaction details for: 0x64033f587d8fc32b2ad789d9cd98f390ec37687a6bc091b5c221a03f789c9e6e
[2m2025-12-10T10:09:28.560807Z[0m [34mDEBUG[0m [2methereum_transaction_pool_monitor::eth_client[0m[2m:[0m 🔍 Fetching transaction details for hash: 0x64033f587d8fc32b2ad789d9cd98f390ec37687a6bc091b5c221a03f789c9e6e
[2m2025-12-10T10:09:28.560829Z[0m [34mDEBUG[0m [2mhyper::client::pool[0m[2m:[0m reuse idle connection for ("http", 192.168.0.14:8545)
[2m2025-12-10T10:09:28.560878Z[0m [34mDEBUG[0m [2mhyper::proto::h1::io[0m[2m:[0m flushed 250 bytes
[2m2025-12-10T10:09:28.560901Z[0m [34mDEBUG[0m [2mhyper::client::pool[0m[2m:[0m reuse idle connection for ("http", 192.168.0.14:8545)
[2m2025-12-10T10:09:28.560919Z[0m [34mDEBUG[0m [2mhyper::proto::h1::io[0m[2m:[0m flushed 172 bytes
[2m2025-12-10T10:09:28.560944Z[0m [34mDEBUG[0m [2methereum_transaction_pool_monitor::eth_client[0m[2m:[0m 📨 Received WebSocket message: {"jsonrpc":"2.0","method":"eth_subscription","params":{"subscription":"0xbed0a0851463e895960a451075a301a9","result":"0x0aae92e3a147185c47959026182312fa194c78155b44ac7844d74098badc79ff"}}
[2m2025-12-10T10:09:28.560989Z[0m [34mDEBUG[0m [2methereum_transaction_pool_monitor::eth_client[0m[2m:[0m 📨 Received pending transaction: 0x0aae92e3a147185c47959026182312fa194c78155b44ac7844d74098badc79ff
[2m2025-12-10T10:09:28.562739Z[0m [34mDEBUG[0m [2methereum_transaction_pool_monitor::eth_client[0m[2m:[0m 📨 Received WebSocket message: {"jsonrpc":"2.0","method":"eth_subscription","params":{"subscription":"0xbed0a0851463e895960a451075a301a9","result":"0x18ca1c1eda24c5cc6e6d8ecf58e8d39406a9655320a525e6d475d651e2a60ad1"}}
[2m2025-12-10T10:09:28.562753Z[0m [34mDEBUG[0m [2methereum_transaction_pool_monitor::eth_client[0m[2m:[0m 📨 Received pending transaction: 0x18ca1c1eda24c5cc6e6d8ecf58e8d39406a9655320a525e6d475d651e2a60ad1
[2m2025-12-10T10:09:28.565535Z[0m [34mDEBUG[0m [2mhyper::proto::h1::io[0m[2m:[0m parsed 4 headers
[2m2025-12-10T10:09:28.565557Z[0m [34mDEBUG[0m [2mhyper::proto::h1::conn[0m[2m:[0m incoming body is content-length (45 bytes)
[2m2025-12-10T10:09:28.565565Z[0m [34mDEBUG[0m [2mhyper::proto::h1::conn[0m[2m:[0m incoming body completed
[2m2025-12-10T10:09:28.565576Z[0m [34mDEBUG[0m [2mhyper::client::pool[0m[2m:[0m pooling idle connection for ("http", 192.168.0.14:8545)
[2m2025-12-10T10:09:28.567876Z[0m [34mDEBUG[0m [2mhyper::proto::h1::io[0m[2m:[0m parsed 4 headers
[2m2025-12-10T10:09:28.567893Z[0m [34mDEBUG[0m [2mhyper::proto::h1::conn[0m[2m:[0m incoming body is content-length (9859 bytes)
[2m2025-12-10T10:09:28.567909Z[0m [34mDEBUG[0m [2methereum_transaction_pool_monitor::eth_client[0m[2m:[0m 📡 Transaction fetch RPC completed in 7.097583ms
[2m2025-12-10T10:09:28.567941Z[0m [34mDEBUG[0m [2mhyper::proto::h1::conn[0m[2m:[0m incoming body completed
[2m2025-12-10T10:09:28.567956Z[0m [34mDEBUG[0m [2mhyper::client::pool[0m[2m:[0m pooling idle connection for ("http", 192.168.0.14:8545)
[2m2025-12-10T10:09:28.596374Z[0m [34mDEBUG[0m [2mhyper::client::pool[0m[2m:[0m reuse idle connection for ("http", 192.168.0.14:8545)
[2m2025-12-10T10:09:28.596438Z[0m [34mDEBUG[0m [2mhyper::proto::h1::io[0m[2m:[0m flushed 172 bytes
[2m2025-12-10T10:09:28.600045Z[0m [34mDEBUG[0m [2mhyper::proto::h1::io[0m[2m:[0m parsed 4 headers
[2m2025-12-10T10:09:28.600090Z[0m [34mDEBUG[0m [2mhyper::proto::h1::conn[0m[2m:[0m incoming body is content-length (45 bytes)
[2m2025-12-10T10:09:28.600109Z[0m [34mDEBUG[0m [2mhyper::proto::h1::conn[0m[2m:[0m incoming body completed
[2m2025-12-10T10:09:28.600132Z[0m [34mDEBUG[0m [2mhyper::client::pool[0m[2m:[0m pooling idle connection for ("http", 192.168.0.14:8545)
[2m2025-12-10T10:09:28.640321Z[0m [34mDEBUG[0m [2methereum_transaction_pool_monitor::eth_client[0m[2m:[0m ✅ Transaction 0x64033f587d8fc32b2ad789d9cd98f390ec37687a6bc091b5c221a03f789c9e6e fetched and parsed in 79.506667ms
[2m2025-12-10T10:09:28.640353Z[0m [34mDEBUG[0m [2methereum_transaction_pool_monitor::mempool_monitor[0m[2m:[0m 🔍 Skipping tx 0x64033f587d8fc32b2ad789d9cd98f390ec37687a6bc091b5c221a03f789c9e6e - not a DEX interaction (target: 0x78Ace9b2EE9A31737Fad748015266A59F32dC79A)
[2m2025-12-10T10:09:28.640364Z[0m [34mDEBUG[0m [2methereum_transaction_pool_monitor::mempool_monitor[0m[2m:[0m 📨 Processing new pending transaction: 0xad1b04d494263fe45a6f4d62c7a35c771563776fadd3a55e39f65c714af6133b
[2m2025-12-10T10:09:28.640370Z[0m [34mDEBUG[0m [2methereum_transaction_pool_monitor::mempool_monitor[0m[2m:[0m 🔍 Fetching transaction details for: 0xad1b04d494263fe45a6f4d62c7a35c771563776fadd3a55e39f65c714af6133b
[2m2025-12-10T10:09:28.640375Z[0m [34mDEBUG[0m [2methereum_transaction_pool_monitor::eth_client[0m[2m:[0m 🔍 Fetching transaction details for hash: 0xad1b04d494263fe45a6f4d62c7a35c771563776fadd3a55e39f65c714af6133b
[2m2025-12-10T10:09:28.640396Z[0m [34mDEBUG[0m [2mhyper::client::pool[0m[2m:[0m reuse idle connection for ("http", 192.168.0.14:8545)
[2m2025-12-10T10:09:28.640449Z[0m [34mDEBUG[0m [2mhyper::proto::h1::io[0m[2m:[0m flushed 250 bytes
[2m2025-12-10T10:09:28.645805Z[0m [34mDEBUG[0m [2mhyper::proto::h1::io[0m[2m:[0m parsed 4 headers
[2m2025-12-10T10:09:28.645818Z[0m [34mDEBUG[0m [2mhyper::proto::h1::conn[0m[2m:[0m incoming body is content-length (830 bytes)
[2m2025-12-10T10:09:28.645828Z[0m [34mDEBUG[0m [2mhyper::proto::h1::conn[0m[2m:[0m incoming body completed
[2m2025-12-10T10:09:28.645838Z[0m [34mDEBUG[0m [2mhyper::client::pool[0m[2m:[0m pooling idle connection for ("http", 192.168.0.14:8545)
[2m2025-12-10T10:09:28.645845Z[0m [34mDEBUG[0m [2methereum_transaction_pool_monitor::eth_client[0m[2m:[0m 📡 Transaction fetch RPC completed in 5.463667ms
[2m2025-12-10T10:09:28.717816Z[0m [34mDEBUG[0m [2methereum_transaction_pool_monitor::eth_client[0m[2m:[0m ✅ Transaction 0xad1b04d494263fe45a6f4d62c7a35c771563776fadd3a55e39f65c714af6133b fetched and parsed in 77.432584ms
[2m2025-12-10T10:09:28.717844Z[0m [34mDEBUG[0m [2methereum_transaction_pool_monitor::mempool_monitor[0m[2m:[0m 🔍 Skipping tx 0xad1b04d494263fe45a6f4d62c7a35c771563776fadd3a55e39f65c714af6133b - not a DEX interaction (target: 0x3B4D794a66304F130a4Db8F2551B0070dfCf5ca7)
[2m2025-12-10T10:09:28.717854Z[0m [34mDEBUG[0m [2methereum_transaction_pool_monitor::mempool_monitor[0m[2m:[0m 📨 Processing new pending transaction: 0xcd4c6c31d850668a37e79860f652250d1ab7f9d715f6fe2f2004c87071607128
[2m2025-12-10T10:09:28.717860Z[0m [34mDEBUG[0m [2methereum_transaction_pool_monitor::mempool_monitor[0m[2m:[0m 🔍 Fetching transaction details for: 0xcd4c6c31d850668a37e79860f652250d1ab7f9d715f6fe2f2004c87071607128
[2m2025-12-10T10:09:28.717866Z[0m [34mDEBUG[0m [2methereum_transaction_pool_monitor::eth_client[0m[2m:[0m 🔍 Fetching transaction details for hash: 0xcd4c6c31d850668a37e79860f652250d1ab7f9d715f6fe2f2004c87071607128
[2m2025-12-10T10:09:28.717887Z[0m [34mDEBUG[0m [2mhyper::client::pool[0m[2m:[0m reuse idle connection for ("http", 192.168.0.14:8545)
[2m2025-12-10T10:09:28.717935Z[0m [34mDEBUG[0m [2mhyper::proto::h1::io[0m[2m:[0m flushed 250 bytes
[2m2025-12-10T10:09:28.717955Z[0m [34mDEBUG[0m [2mhyper::client::pool[0m[2m:[0m reuse idle connection for ("http", 192.168.0.14:8545)
[2m2025-12-10T10:09:28.717970Z[0m [34mDEBUG[0m [2mhyper::proto::h1::io[0m[2m:[0m flushed 172 bytes
[2m2025-12-10T10:09:28.717997Z[0m [34mDEBUG[0m [2methereum_transaction_pool_monitor::eth_client[0m[2m:[0m 📨 Received WebSocket message: {"jsonrpc":"2.0","method":"eth_subscription","params":{"subscription":"0xbed0a0851463e895960a451075a301a9","result":"0x2108c7b837f470f722d386dcb8e657aa54669ecdeaef586926e519e950fcd077"}}
[2m2025-12-10T10:09:28.718006Z[0m [34mDEBUG[0m [2methereum_transaction_pool_monitor::eth_client[0m[2m:[0m 📨 Received pending transaction: 0x2108c7b837f470f722d386dcb8e657aa54669ecdeaef586926e519e950fcd077
[2m2025-12-10T10:09:28.718012Z[0m [34mDEBUG[0m [2methereum_transaction_pool_monitor::eth_client[0m[2m:[0m 📨 Received WebSocket message: {"jsonrpc":"2.0","method":"eth_subscription","params":{"subscription":"0xbed0a0851463e895960a451075a301a9","result":"0xbc5bdb6b243a6b21154ff280757f5649b4aa7365c4c8b3c9caeacad6fcd019e3"}}
[2m2025-12-10T10:09:28.718018Z[0m [34mDEBUG[0m [2methereum_transaction_pool_monitor::eth_client[0m[2m:[0m 📨 Received pending transaction: 0xbc5bdb6b243a6b21154ff280757f5649b4aa7365c4c8b3c9caeacad6fcd019e3
[2m2025-12-10T10:09:28.723682Z[0m [34mDEBUG[0m [2mhyper::proto::h1::io[0m[2m:[0m parsed 4 headers
[2m2025-12-10T10:09:28.723700Z[0m [34mDEBUG[0m [2mhyper::proto::h1::conn[0m[2m:[0m incoming body is content-length (45 bytes)
[2m2025-12-10T10:09:28.723709Z[0m [34mDEBUG[0m [2mhyper::proto::h1::conn[0m[2m:[0m incoming body completed
[2m2025-12-10T10:09:28.723720Z[0m [34mDEBUG[0m [2mhyper::client::pool[0m[2m:[0m pooling idle connection for ("http", 192.168.0.14:8545)
[2m2025-12-10T10:09:28.724265Z[0m [34mDEBUG[0m [2mhyper::proto::h1::io[0m[2m:[0m parsed 4 headers
[2m2025-12-10T10:09:28.724271Z[0m [34mDEBUG[0m [2mhyper::proto::h1::conn[0m[2m:[0m incoming body is content-length (644 bytes)
[2m2025-12-10T10:09:28.724276Z[0m [34mDEBUG[0m [2mhyper::proto::h1::conn[0m[2m:[0m incoming body completed
[2m2025-12-10T10:09:28.724283Z[0m [34mDEBUG[0m [2mhyper::client::pool[0m[2m:[0m pooling idle connection for ("http", 192.168.0.14:8545)
[2m2025-12-10T10:09:28.724289Z[0m [34mDEBUG[0m [2methereum_transaction_pool_monitor::eth_client[0m[2m:[0m 📡 Transaction fetch RPC completed in 6.417625ms
[2m2025-12-10T10:09:28.810373Z[0m [34mDEBUG[0m [2methereum_transaction_pool_monitor::eth_client[0m[2m:[0m ✅ Transaction 0xcd4c6c31d850668a37e79860f652250d1ab7f9d715f6fe2f2004c87071607128 fetched and parsed in 92.498542ms
[2m2025-12-10T10:09:28.810403Z[0m [34mDEBUG[0m [2methereum_transaction_pool_monitor::mempool_monitor[0m[2m:[0m 🔍 Skipping tx 0xcd4c6c31d850668a37e79860f652250d1ab7f9d715f6fe2f2004c87071607128 - not a DEX interaction (target: 0x17E5545B11b468072283Cee1F066a059Fb0dbF24)
[2m2025-12-10T10:09:28.810413Z[0m [34mDEBUG[0m [2methereum_transaction_pool_monitor::mempool_monitor[0m[2m:[0m 📨 Processing new pending transaction: 0xab21842113f7476917c363ab9c3a3f856015022a9bee5df10df3c23ea30c1421
[2m2025-12-10T10:09:28.810422Z[0m [34mDEBUG[0m [2methereum_transaction_pool_monitor::mempool_monitor[0m[2m:[0m 🔍 Fetching transaction details for: 0xab21842113f7476917c363ab9c3a3f856015022a9bee5df10df3c23ea30c1421
[2m2025-12-10T10:09:28.810428Z[0m [34mDEBUG[0m [2methereum_transaction_pool_monitor::eth_client[0m[2m:[0m 🔍 Fetching transaction details for hash: 0xab21842113f7476917c363ab9c3a3f856015022a9bee5df10df3c23ea30c1421
[2m2025-12-10T10:09:28.810450Z[0m [34mDEBUG[0m [2mhyper::client::pool[0m[2m:[0m reuse idle connection for ("http", 192.168.0.14:8545)
[2m2025-12-10T10:09:28.810499Z[0m [34mDEBUG[0m [2mhyper::proto::h1::io[0m[2m:[0m flushed 250 bytes
[2m2025-12-10T10:09:28.810520Z[0m [34mDEBUG[0m [2mhyper::client::pool[0m[2m:[0m reuse idle connection for ("http", 192.168.0.14:8545)
[2m2025-12-10T10:09:28.810534Z[0m [34mDEBUG[0m [2mhyper::proto::h1::io[0m[2m:[0m flushed 172 bytes
[2m2025-12-10T10:09:28.810567Z[0m [34mDEBUG[0m [2methereum_transaction_pool_monitor::eth_client[0m[2m:[0m 📨 Received WebSocket message: {"jsonrpc":"2.0","method":"eth_subscription","params":{"subscription":"0xbed0a0851463e895960a451075a301a9","result":"0x642d6e5d44a52df128787e7a9fa7fac34635994a40b4aa3f340eecdce46ae533"}}
[2m2025-12-10T10:09:28.810633Z[0m [34mDEBUG[0m [2methereum_transaction_pool_monitor::eth_client[0m[2m:[0m 📨 Received pending transaction: 0x642d6e5d44a52df128787e7a9fa7fac34635994a40b4aa3f340eecdce46ae533
[2m2025-12-10T10:09:28.814149Z[0m [34mDEBUG[0m [2mhyper::proto::h1::io[0m[2m:[0m parsed 4 headers
[2m2025-12-10T10:09:28.814166Z[0m [34mDEBUG[0m [2mhyper::proto::h1::conn[0m[2m:[0m incoming body is content-length (45 bytes)
[2m2025-12-10T10:09:28.814175Z[0m [34mDEBUG[0m [2mhyper::proto::h1::conn[0m[2m:[0m incoming body completed
[2m2025-12-10T10:09:28.814185Z[0m [34mDEBUG[0m [2mhyper::client::pool[0m[2m:[0m pooling idle connection for ("http", 192.168.0.14:8545)
[2m2025-12-10T10:09:28.814660Z[0m [34mDEBUG[0m [2mhyper::proto::h1::io[0m[2m:[0m parsed 4 headers
[2m2025-12-10T10:09:28.814672Z[0m [34mDEBUG[0m [2mhyper::proto::h1::conn[0m[2m:[0m incoming body is content-length (770 bytes)
[2m2025-12-10T10:09:28.814678Z[0m [34mDEBUG[0m [2mhyper::proto::h1::conn[0m[2m:[0m incoming body completed
[2m2025-12-10T10:09:28.814687Z[0m [34mDEBUG[0m [2mhyper::client::pool[0m[2m:[0m pooling idle connection for ("http", 192.168.0.14:8545)
[2m2025-12-10T10:09:28.814694Z[0m [34mDEBUG[0m [2methereum_transaction_pool_monitor::eth_client[0m[2m:[0m 📡 Transaction fetch RPC completed in 4.260958ms
[2m2025-12-10T10:09:28.814737Z[0m [34mDEBUG[0m [2methereum_transaction_pool_monitor::eth_client[0m[2m:[0m DeFi transaction detected - Address: 0xdac17f958d2ee523a2206206994597c13d831ec7, Type: Stablecoin, Value: 0 ETH, Gas: 0.45 Gwei
[2m2025-12-10T10:09:28.814754Z[0m [34mDEBUG[0m [2methereum_transaction_pool_monitor::eth_client[0m[2m:[0m ✅ Transaction 0xab21842113f7476917c363ab9c3a3f856015022a9bee5df10df3c23ea30c1421 fetched and parsed in 4.3215ms
[2m2025-12-10T10:09:28.814765Z[0m [34mDEBUG[0m [2methereum_transaction_pool_monitor::mempool_monitor[0m[2m:[0m 🔍 Skipping tx 0xab21842113f7476917c363ab9c3a3f856015022a9bee5df10df3c23ea30c1421 - not a DEX interaction (target: 0xdAC17F958D2ee523a2206206994597C13D831ec7)
[2m2025-12-10T10:09:28.814773Z[0m [34mDEBUG[0m [2methereum_transaction_pool_monitor::mempool_monitor[0m[2m:[0m 📨 Processing new pending transaction: 0x6dd1c2a3feee585ed965a7124fb9c5a01dca5b98e9307fd7e899586ee2679253
[2m2025-12-10T10:09:28.814787Z[0m [34mDEBUG[0m [2methereum_transaction_pool_monitor::mempool_monitor[0m[2m:[0m 🔍 Fetching transaction details for: 0x6dd1c2a3feee585ed965a7124fb9c5a01dca5b98e9307fd7e899586ee2679253
[2m2025-12-10T10:09:28.814792Z[0m [34mDEBUG[0m [2methereum_transaction_pool_monitor::eth_client[0m[2m:[0m 🔍 Fetching transaction details for hash: 0x6dd1c2a3feee585ed965a7124fb9c5a01dca5b98e9307fd7e899586ee2679253
[2m2025-12-10T10:09:28.814818Z[0m [34mDEBUG[0m [2mhyper::client::pool[0m[2m:[0m reuse idle connection for ("http", 192.168.0.14:8545)
[2m2025-12-10T10:09:28.814850Z[0m [34mDEBUG[0m [2mhyper::proto::h1::io[0m[2m:[0m flushed 250 bytes
[2m2025-12-10T10:09:28.820038Z[0m [34mDEBUG[0m [2mhyper::proto::h1::io[0m[2m:[0m parsed 4 headers
[2m2025-12-10T10:09:28.820055Z[0m [34mDEBUG[0m [2mhyper::proto::h1::conn[0m[2m:[0m incoming body is content-length (3841 bytes)
[2m2025-12-10T10:09:28.820069Z[0m [34mDEBUG[0m [2methereum_transaction_pool_monitor::eth_client[0m[2m:[0m 📡 Transaction fetch RPC completed in 5.263209ms
[2m2025-12-10T10:09:28.823090Z[0m [34mDEBUG[0m [2mhyper::proto::h1::conn[0m[2m:[0m incoming body completed
[2m2025-12-10T10:09:28.823102Z[0m [34mDEBUG[0m [2mhyper::client::pool[0m[2m:[0m pooling idle connection for ("http", 192.168.0.14:8545)
[2m2025-12-10T10:09:28.889633Z[0m [34mDEBUG[0m [2methereum_transaction_pool_monitor::eth_client[0m[2m:[0m 📨 Received WebSocket message: {"jsonrpc":"2.0","method":"eth_subscription","params":{"subscription":"0xbed0a0851463e895960a451075a301a9","result":"0xbd286fda02271326c467820ed1e9f2113d3282f5663e45f324a21bd7fc3dca1a"}}
[2m2025-12-10T10:09:28.889694Z[0m [34mDEBUG[0m [2methereum_transaction_pool_monitor::eth_client[0m[2m:[0m 📨 Received pending transaction: 0xbd286fda02271326c467820ed1e9f2113d3282f5663e45f324a21bd7fc3dca1a
[2m2025-12-10T10:09:28.894292Z[0m [34mDEBUG[0m [2methereum_transaction_pool_monitor::eth_client[0m[2m:[0m 📨 Received WebSocket message: {"jsonrpc":"2.0","method":"eth_subscription","params":{"subscription":"0xbed0a0851463e895960a451075a301a9","result":"0xe96a49dce3695cdb0da25a190473539d292c30e913658cd824110614020f2845"}}
[2m2025-12-10T10:09:28.894316Z[0m [34mDEBUG[0m [2methereum_transaction_pool_monitor::eth_client[0m[2m:[0m 📨 Received pending transaction: 0xe96a49dce3695cdb0da25a190473539d292c30e913658cd824110614020f2845
[2m2025-12-10T10:09:28.896605Z[0m [34mDEBUG[0m [2mhyper::client::pool[0m[2m:[0m reuse idle connection for ("http", 192.168.0.14:8545)
[2m2025-12-10T10:09:28.896668Z[0m [34mDEBUG[0m [2mhyper::proto::h1::io[0m[2m:[0m flushed 172 bytes
[2m2025-12-10T10:09:28.901405Z[0m [34mDEBUG[0m [2mhyper::proto::h1::io[0m[2m:[0m parsed 4 headers
[2m2025-12-10T10:09:28.901436Z[0m [34mDEBUG[0m [2mhyper::proto::h1::conn[0m[2m:[0m incoming body is content-length (45 bytes)
[2m2025-12-10T10:09:28.901448Z[0m [34mDEBUG[0m [2mhyper::proto::h1::conn[0m[2m:[0m incoming body completed
[2m2025-12-10T10:09:28.901460Z[0m [34mDEBUG[0m [2mhyper::client::pool[0m[2m:[0m pooling idle connection for ("http", 192.168.0.14:8545)
[2m2025-12-10T10:09:28.909002Z[0m [34mDEBUG[0m [2methereum_transaction_pool_monitor::eth_client[0m[2m:[0m ✅ Transaction 0x6dd1c2a3feee585ed965a7124fb9c5a01dca5b98e9307fd7e899586ee2679253 fetched and parsed in 94.19275ms
[2m2025-12-10T10:09:28.909030Z[0m [34mDEBUG[0m [2methereum_transaction_pool_monitor::mempool_monitor[0m[2m:[0m 🔍 Skipping tx 0x6dd1c2a3feee585ed965a7124fb9c5a01dca5b98e9307fd7e899586ee2679253 - not a DEX interaction (target: 0x78Ace9b2EE9A31737Fad748015266A59F32dC79A)
[2m2025-12-10T10:09:28.909048Z[0m [34mDEBUG[0m [2methereum_transaction_pool_monitor::mempool_monitor[0m[2m:[0m 📨 Processing new pending transaction: 0xea70297a45c2a52d8341a98d14efb1d34a15863a48c9f6ea7c99b3006eb302dd
[2m2025-12-10T10:09:28.909059Z[0m [34mDEBUG[0m [2methereum_transaction_pool_monitor::mempool_monitor[0m[2m:[0m 🔍 Fetching transaction details for: 0xea70297a45c2a52d8341a98d14efb1d34a15863a48c9f6ea7c99b3006eb302dd
[2m2025-12-10T10:09:28.909069Z[0m [34mDEBUG[0m [2methereum_transaction_pool_monitor::eth_client[0m[2m:[0m 🔍 Fetching transaction details for hash: 0xea70297a45c2a52d8341a98d14efb1d34a15863a48c9f6ea7c99b3006eb302dd
[2m2025-12-10T10:09:28.909092Z[0m [34mDEBUG[0m [2mhyper::client::pool[0m[2m:[0m reuse idle connection for ("http", 192.168.0.14:8545)
[2m2025-12-10T10:09:28.909122Z[0m [34mDEBUG[0m [2mhyper::proto::h1::io[0m[2m:[0m flushed 250 bytes
[2m2025-12-10T10:09:28.916642Z[0m [34mDEBUG[0m [2mhyper::proto::h1::io[0m[2m:[0m parsed 4 headers
[2m2025-12-10T10:09:28.916658Z[0m [34mDEBUG[0m [2mhyper::proto::h1::conn[0m[2m:[0m incoming body is content-length (3661 bytes)
[2m2025-12-10T10:09:28.916668Z[0m [34mDEBUG[0m [2mhyper::proto::h1::conn[0m[2m:[0m incoming body completed
[2m2025-12-10T10:09:28.916679Z[0m [34mDEBUG[0m [2mhyper::client::pool[0m[2m:[0m pooling idle connection for ("http", 192.168.0.14:8545)
[2m2025-12-10T10:09:28.916686Z[0m [34mDEBUG[0m [2methereum_transaction_pool_monitor::eth_client[0m[2m:[0m 📡 Transaction fetch RPC completed in 7.609625ms
[2m2025-12-10T10:09:28.983435Z[0m [34mDEBUG[0m [2methereum_transaction_pool_monitor::eth_client[0m[2m:[0m ✅ Transaction 0xea70297a45c2a52d8341a98d14efb1d34a15863a48c9f6ea7c99b3006eb302dd fetched and parsed in 74.355208ms
[2m2025-12-10T10:09:28.983466Z[0m [34mDEBUG[0m [2methereum_transaction_pool_monitor::mempool_monitor[0m[2m:[0m 🔍 Skipping tx 0xea70297a45c2a52d8341a98d14efb1d34a15863a48c9f6ea7c99b3006eb302dd - not a DEX interaction (target: 0x0000000000001fF3684f28c67538d4D072C22734)
[2m2025-12-10T10:09:28.983476Z[0m [34mDEBUG[0m [2methereum_transaction_pool_monitor::mempool_monitor[0m[2m:[0m 📨 Processing new pending transaction: 0x52e86bf9edc1451fcf4b0c337fbc7db3a88f3d428a2aebac0da7ab285a87668f
[2m2025-12-10T10:09:28.983481Z[0m [34mDEBUG[0m [2methereum_transaction_pool_monitor::mempool_monitor[0m[2m:[0m 🔍 Fetching transaction details for: 0x52e86bf9edc1451fcf4b0c337fbc7db3a88f3d428a2aebac0da7ab285a87668f
[2m2025-12-10T10:09:28.983486Z[0m [34mDEBUG[0m [2methereum_transaction_pool_monitor::eth_client[0m[2m:[0m 🔍 Fetching transaction details for hash: 0x52e86bf9edc1451fcf4b0c337fbc7db3a88f3d428a2aebac0da7ab285a87668f
[2m2025-12-10T10:09:28.983506Z[0m [34mDEBUG[0m [2mhyper::client::pool[0m[2m:[0m reuse idle connection for ("http", 192.168.0.14:8545)
[2m2025-12-10T10:09:28.983559Z[0m [34mDEBUG[0m [2mhyper::proto::h1::io[0m[2m:[0m flushed 250 bytes
[2m2025-12-10T10:09:28.983580Z[0m [34mDEBUG[0m [2methereum_transaction_pool_monitor::eth_client[0m[2m:[0m 📨 Received WebSocket message: {"jsonrpc":"2.0","method":"eth_subscription","params":{"subscription":"0xbed0a0851463e895960a451075a301a9","result":"0xc91a9d074eab7a2f07e8c548bf7a2bdc9823b1be11ab66cfb1e0ffd272dc7c81"}}
[2m2025-12-10T10:09:28.983588Z[0m [34mDEBUG[0m [2methereum_transaction_pool_monitor::eth_client[0m[2m:[0m 📨 Received pending transaction: 0xc91a9d074eab7a2f07e8c548bf7a2bdc9823b1be11ab66cfb1e0ffd272dc7c81
[2m2025-12-10T10:09:28.987416Z[0m [34mDEBUG[0m [2mhyper::proto::h1::io[0m[2m:[0m parsed 4 headers
[2m2025-12-10T10:09:28.987432Z[0m [34mDEBUG[0m [2mhyper::proto::h1::conn[0m[2m:[0m incoming body is content-length (763 bytes)
[2m2025-12-10T10:09:28.987440Z[0m [34mDEBUG[0m [2mhyper::proto::h1::conn[0m[2m:[0m incoming body completed
[2m2025-12-10T10:09:28.987450Z[0m [34mDEBUG[0m [2mhyper::client::pool[0m[2m:[0m pooling idle connection for ("http", 192.168.0.14:8545)
[2m2025-12-10T10:09:28.987458Z[0m [34mDEBUG[0m [2methereum_transaction_pool_monitor::eth_client[0m[2m:[0m 📡 Transaction fetch RPC completed in 3.967ms
[2m2025-12-10T10:09:29.057017Z[0m [34mDEBUG[0m [2methereum_transaction_pool_monitor::eth_client[0m[2m:[0m ✅ Transaction 0x52e86bf9edc1451fcf4b0c337fbc7db3a88f3d428a2aebac0da7ab285a87668f fetched and parsed in 73.524334ms
[2m2025-12-10T10:09:29.057050Z[0m [34mDEBUG[0m [2methereum_transaction_pool_monitor::mempool_monitor[0m[2m:[0m 🔍 Skipping tx 0x52e86bf9edc1451fcf4b0c337fbc7db3a88f3d428a2aebac0da7ab285a87668f - not a DEX interaction (target: 0xA0b86991c6218b36c1d19D4a2e9Eb0cE3606eB48)
[2m2025-12-10T10:09:29.057061Z[0m [34mDEBUG[0m [2methereum_transaction_pool_monitor::mempool_monitor[0m[2m:[0m 📨 Processing new pending transaction: 0xb5a6635fe660bc82f40ac55b6949e299f00654c337e8800241afeecacd67a32e
[2m2025-12-10T10:09:29.057066Z[0m [34mDEBUG[0m [2methereum_transaction_pool_monitor::mempool_monitor[0m[2m:[0m 🔍 Fetching transaction details for: 0xb5a6635fe660bc82f40ac55b6949e299f00654c337e8800241afeecacd67a32e
[2m2025-12-10T10:09:29.057070Z[0m [34mDEBUG[0m [2methereum_transaction_pool_monitor::eth_client[0m[2m:[0m 🔍 Fetching transaction details for hash: 0xb5a6635fe660bc82f40ac55b6949e299f00654c337e8800241afeecacd67a32e
[2m2025-12-10T10:09:29.057091Z[0m [34mDEBUG[0m [2mhyper::client::pool[0m[2m:[0m reuse idle connection for ("http", 192.168.0.14:8545)
[2m2025-12-10T10:09:29.057146Z[0m [34mDEBUG[0m [2mhyper::proto::h1::io[0m[2m:[0m flushed 250 bytes
[2m2025-12-10T10:09:29.057175Z[0m [34mDEBUG[0m [2mhyper::client::pool[0m[2m:[0m reuse idle connection for ("http", 192.168.0.14:8545)
[2m2025-12-10T10:09:29.057189Z[0m [34mDEBUG[0m [2mhyper::proto::h1::io[0m[2m:[0m flushed 172 bytes
[2m2025-12-10T10:09:29.061068Z[0m [34mDEBUG[0m [2mhyper::proto::h1::io[0m[2m:[0m parsed 4 headers
[2m2025-12-10T10:09:29.061839Z[0m [34mDEBUG[0m [2mhyper::proto::h1::conn[0m[2m:[0m incoming body is content-length (45 bytes)
[2m2025-12-10T10:09:29.061849Z[0m [34mDEBUG[0m [2mhyper::proto::h1::conn[0m[2m:[0m incoming body completed
[2m2025-12-10T10:09:29.061859Z[0m [34mDEBUG[0m [2mhyper::client::pool[0m[2m:[0m pooling idle connection for ("http", 192.168.0.14:8545)
[2m2025-12-10T10:09:29.061880Z[0m [34mDEBUG[0m [2mhyper::proto::h1::io[0m[2m:[0m parsed 4 headers
[2m2025-12-10T10:09:29.061885Z[0m [34mDEBUG[0m [2mhyper::proto::h1::conn[0m[2m:[0m incoming body is content-length (765 bytes)
[2m2025-12-10T10:09:29.061889Z[0m [34mDEBUG[0m [2mhyper::proto::h1::conn[0m[2m:[0m incoming body completed
[2m2025-12-10T10:09:29.061895Z[0m [34mDEBUG[0m [2mhyper::client::pool[0m[2m:[0m pooling idle connection for ("http", 192.168.0.14:8545)
[2m2025-12-10T10:09:29.061904Z[0m [34mDEBUG[0m [2methereum_transaction_pool_monitor::eth_client[0m[2m:[0m 📡 Transaction fetch RPC completed in 4.829125ms
[2m2025-12-10T10:09:29.133260Z[0m [34mDEBUG[0m [2methereum_transaction_pool_monitor::eth_client[0m[2m:[0m ✅ Transaction 0xb5a6635fe660bc82f40ac55b6949e299f00654c337e8800241afeecacd67a32e fetched and parsed in 76.182167ms
[2m2025-12-10T10:09:29.133292Z[0m [34mDEBUG[0m [2methereum_transaction_pool_monitor::mempool_monitor[0m[2m:[0m 🔍 Skipping tx 0xb5a6635fe660bc82f40ac55b6949e299f00654c337e8800241afeecacd67a32e - not a DEX interaction (target: 0xA0b86991c6218b36c1d19D4a2e9Eb0cE3606eB48)
[2m2025-12-10T10:09:29.133303Z[0m [34mDEBUG[0m [2methereum_transaction_pool_monitor::mempool_monitor[0m[2m:[0m 📨 Processing new pending transaction: 0x0a9108d5081ae9a57adbef24fac42e06f397ce024b0a0482a4186c29b2701a17
[2m2025-12-10T10:09:29.133308Z[0m [34mDEBUG[0m [2methereum_transaction_pool_monitor::mempool_monitor[0m[2m:[0m 🔍 Fetching transaction details for: 0x0a9108d5081ae9a57adbef24fac42e06f397ce024b0a0482a4186c29b2701a17
[2m2025-12-10T10:09:29.133313Z[0m [34mDEBUG[0m [2methereum_transaction_pool_monitor::eth_client[0m[2m:[0m 🔍 Fetching transaction details for hash: 0x0a9108d5081ae9a57adbef24fac42e06f397ce024b0a0482a4186c29b2701a17
[2m2025-12-10T10:09:29.133337Z[0m [34mDEBUG[0m [2mhyper::client::pool[0m[2m:[0m reuse idle connection for ("http", 192.168.0.14:8545)
[2m2025-12-10T10:09:29.133400Z[0m [34mDEBUG[0m [2mhyper::proto::h1::io[0m[2m:[0m flushed 250 bytes
[2m2025-12-10T10:09:29.133431Z[0m [34mDEBUG[0m [2mhyper::client::pool[0m[2m:[0m reuse idle connection for ("http", 192.168.0.14:8545)
[2m2025-12-10T10:09:29.133451Z[0m [34mDEBUG[0m [2mhyper::proto::h1::io[0m[2m:[0m flushed 172 bytes
[2m2025-12-10T10:09:29.133638Z[0m [34mDEBUG[0m [2methereum_transaction_pool_monitor::eth_client[0m[2m:[0m 📨 Received WebSocket message: {"jsonrpc":"2.0","method":"eth_subscription","params":{"subscription":"0xbed0a0851463e895960a451075a301a9","result":"0xd1bab2922ee5f0171beda74a13b77fccb6a4758b3de860f99ba9e48c3aaa95b1"}}
[2m2025-12-10T10:09:29.133647Z[0m [34mDEBUG[0m [2methereum_transaction_pool_monitor::eth_client[0m[2m:[0m 📨 Received pending transaction: 0xd1bab2922ee5f0171beda74a13b77fccb6a4758b3de860f99ba9e48c3aaa95b1
[2m2025-12-10T10:09:29.133652Z[0m [32m INFO[0m [2methereum_transaction_pool_monitor::eth_client[0m[2m:[0m 📊 WebSocket stats - Total: 1190 transactions, Rate: 13.1 tx/s
[2m2025-12-10T10:09:29.137928Z[0m [34mDEBUG[0m [2methereum_transaction_pool_monitor::eth_client[0m[2m:[0m 📨 Received WebSocket message: {"jsonrpc":"2.0","method":"eth_subscription","params":{"subscription":"0xbed0a0851463e895960a451075a301a9","result":"0xb684b8c9a004ff4b4fb80881eb09f6864085d78ee2bfdb624169a1a6b3d10db0"}}
[2m2025-12-10T10:09:29.137949Z[0m [34mDEBUG[0m [2methereum_transaction_pool_monitor::eth_client[0m[2m:[0m 📨 Received pending transaction: 0xb684b8c9a004ff4b4fb80881eb09f6864085d78ee2bfdb624169a1a6b3d10db0
[2m2025-12-10T10:09:29.137967Z[0m [34mDEBUG[0m [2mhyper::proto::h1::io[0m[2m:[0m parsed 4 headers
[2m2025-12-10T10:09:29.137971Z[0m [34mDEBUG[0m [2mhyper::proto::h1::io[0m[2m:[0m parsed 4 headers
[2m2025-12-10T10:09:29.137972Z[0m [34mDEBUG[0m [2mhyper::proto::h1::conn[0m[2m:[0m incoming body is content-length (45 bytes)
[2m2025-12-10T10:09:29.137982Z[0m [34mDEBUG[0m [2mhyper::proto::h1::conn[0m[2m:[0m incoming body is content-length (778 bytes)
[2m2025-12-10T10:09:29.137991Z[0m [34mDEBUG[0m [2mhyper::proto::h1::conn[0m[2m:[0m incoming body completed
[2m2025-12-10T10:09:29.137994Z[0m [34mDEBUG[0m [2mhyper::proto::h1::conn[0m[2m:[0m incoming body completed
[2m2025-12-10T10:09:29.138004Z[0m [34mDEBUG[0m [2mhyper::client::pool[0m[2m:[0m pooling idle connection for ("http", 192.168.0.14:8545)
[2m2025-12-10T10:09:29.138006Z[0m [34mDEBUG[0m [2mhyper::client::pool[0m[2m:[0m pooling idle connection for ("http", 192.168.0.14:8545)
[2m2025-12-10T10:09:29.138018Z[0m [34mDEBUG[0m [2methereum_transaction_pool_monitor::eth_client[0m[2m:[0m 📡 Transaction fetch RPC completed in 4.700167ms
[2m2025-12-10T10:09:29.145876Z[0m [34mDEBUG[0m [2methereum_transaction_pool_monitor::eth_client[0m[2m:[0m 📨 Received WebSocket message: {"jsonrpc":"2.0","method":"eth_subscription","params":{"subscription":"0xbed0a0851463e895960a451075a301a9","result":"0xea1639dcfc19bb85c486a7eae82d60b6df3938725d13e605e69b46565a1f3389"}}
[2m2025-12-10T10:09:29.145945Z[0m [34mDEBUG[0m [2methereum_transaction_pool_monitor::eth_client[0m[2m:[0m 📨 Received pending transaction: 0xea1639dcfc19bb85c486a7eae82d60b6df3938725d13e605e69b46565a1f3389
[2m2025-12-10T10:09:29.148946Z[0m [34mDEBUG[0m [2methereum_transaction_pool_monitor::eth_client[0m[2m:[0m 📨 Received WebSocket message: {"jsonrpc":"2.0","method":"eth_subscription","params":{"subscription":"0xbed0a0851463e895960a451075a301a9","result":"0xaf65f761c752c589afb9081579e89ec579b2c32740c1115e94bb27b0ce10f046"}}
[2m2025-12-10T10:09:29.148979Z[0m [34mDEBUG[0m [2methereum_transaction_pool_monitor::eth_client[0m[2m:[0m 📨 Received pending transaction: 0xaf65f761c752c589afb9081579e89ec579b2c32740c1115e94bb27b0ce10f046
[2m2025-12-10T10:09:29.174209Z[0m [34mDEBUG[0m [2methereum_transaction_pool_monitor::eth_client[0m[2m:[0m 📨 Received WebSocket message: {"jsonrpc":"2.0","method":"eth_subscription","params":{"subscription":"0xbed0a0851463e895960a451075a301a9","result":"0x96979ba07be7877a70a2c3c811fb75b096be355d21732c2159b10ef74df3def3"}}
[2m2025-12-10T10:09:29.174235Z[0m [34mDEBUG[0m [2methereum_transaction_pool_monitor::eth_client[0m[2m:[0m 📨 Received pending transaction: 0x96979ba07be7877a70a2c3c811fb75b096be355d21732c2159b10ef74df3def3
[2m2025-12-10T10:09:29.197301Z[0m [34mDEBUG[0m [2mhyper::client::pool[0m[2m:[0m reuse idle connection for ("http", 192.168.0.14:8545)
[2m2025-12-10T10:09:29.197455Z[0m [34mDEBUG[0m [2mhyper::proto::h1::io[0m[2m:[0m flushed 172 bytes
[2m2025-12-10T10:09:29.201856Z[0m [34mDEBUG[0m [2mhyper::proto::h1::io[0m[2m:[0m parsed 4 headers
[2m2025-12-10T10:09:29.201878Z[0m [34mDEBUG[0m [2mhyper::proto::h1::conn[0m[2m:[0m incoming body is content-length (45 bytes)
[2m2025-12-10T10:09:29.201886Z[0m [34mDEBUG[0m [2mhyper::proto::h1::conn[0m[2m:[0m incoming body completed
[2m2025-12-10T10:09:29.201897Z[0m [34mDEBUG[0m [2mhyper::client::pool[0m[2m:[0m pooling idle connection for ("http", 192.168.0.14:8545)
[2m2025-12-10T10:09:29.207971Z[0m [34mDEBUG[0m [2methereum_transaction_pool_monitor::eth_client[0m[2m:[0m ✅ Transaction 0x0a9108d5081ae9a57adbef24fac42e06f397ce024b0a0482a4186c29b2701a17 fetched and parsed in 74.650917ms
[2m2025-12-10T10:09:29.207999Z[0m [34mDEBUG[0m [2methereum_transaction_pool_monitor::mempool_monitor[0m[2m:[0m 🔍 Skipping tx 0x0a9108d5081ae9a57adbef24fac42e06f397ce024b0a0482a4186c29b2701a17 - not a DEX interaction (target: 0x3f80B1c54Ae920Be41a77f8B902259D48cf24cCf)
[2m2025-12-10T10:09:29.208008Z[0m [34mDEBUG[0m [2methereum_transaction_pool_monitor::mempool_monitor[0m[2m:[0m 📨 Processing new pending transaction: 0x5fb20ae0809f2e5ae569395ac3c1797942f86fa668873b464add476500e61e56
[2m2025-12-10T10:09:29.208013Z[0m [34mDEBUG[0m [2methereum_transaction_pool_monitor::mempool_monitor[0m[2m:[0m 🔍 Fetching transaction details for: 0x5fb20ae0809f2e5ae569395ac3c1797942f86fa668873b464add476500e61e56
[2m2025-12-10T10:09:29.208017Z[0m [34mDEBUG[0m [2methereum_transaction_pool_monitor::eth_client[0m[2m:[0m 🔍 Fetching transaction details for hash: 0x5fb20ae0809f2e5ae569395ac3c1797942f86fa668873b464add476500e61e56
[2m2025-12-10T10:09:29.208038Z[0m [34mDEBUG[0m [2mhyper::client::pool[0m[2m:[0m reuse idle connection for ("http", 192.168.0.14:8545)
[2m2025-12-10T10:09:29.208088Z[0m [34mDEBUG[0m [2mhyper::proto::h1::io[0m[2m:[0m flushed 250 bytes
[2m2025-12-10T10:09:29.211763Z[0m [34mDEBUG[0m [2mhyper::proto::h1::io[0m[2m:[0m parsed 4 headers
[2m2025-12-10T10:09:29.211777Z[0m [34mDEBUG[0m [2mhyper::proto::h1::conn[0m[2m:[0m incoming body is content-length (656 bytes)
[2m2025-12-10T10:09:29.211786Z[0m [34mDEBUG[0m [2mhyper::proto::h1::conn[0m[2m:[0m incoming body completed
[2m2025-12-10T10:09:29.211796Z[0m [34mDEBUG[0m [2mhyper::client::pool[0m[2m:[0m pooling idle connection for ("http", 192.168.0.14:8545)
[2m2025-12-10T10:09:29.211803Z[0m [34mDEBUG[0m [2methereum_transaction_pool_monitor::eth_client[0m[2m:[0m 📡 Transaction fetch RPC completed in 3.781459ms
[2m2025-12-10T10:09:29.282072Z[0m [34mDEBUG[0m [2methereum_transaction_pool_monitor::eth_client[0m[2m:[0m ✅ Transaction 0x5fb20ae0809f2e5ae569395ac3c1797942f86fa668873b464add476500e61e56 fetched and parsed in 74.0485ms
[2m2025-12-10T10:09:29.282105Z[0m [34mDEBUG[0m [2methereum_transaction_pool_monitor::mempool_monitor[0m[2m:[0m 🔍 Skipping tx 0x5fb20ae0809f2e5ae569395ac3c1797942f86fa668873b464add476500e61e56 - not a DEX interaction (target: 0x072230E1b032Abe1B0d7Cb78D4F7740D70441e08)
[2m2025-12-10T10:09:29.282119Z[0m [34mDEBUG[0m [2methereum_transaction_pool_monitor::mempool_monitor[0m[2m:[0m 📨 Processing new pending transaction: 0x3aa42fc35dcb24d1411a1f0ca0c94be0a3362146a5e6b96f3cd0facd890def45
[2m2025-12-10T10:09:29.282125Z[0m [34mDEBUG[0m [2methereum_transaction_pool_monitor::mempool_monitor[0m[2m:[0m 🔍 Fetching transaction details for: 0x3aa42fc35dcb24d1411a1f0ca0c94be0a3362146a5e6b96f3cd0facd890def45
[2m2025-12-10T10:09:29.282130Z[0m [34mDEBUG[0m [2methereum_transaction_pool_monitor::eth_client[0m[2m:[0m 🔍 Fetching transaction details for hash: 0x3aa42fc35dcb24d1411a1f0ca0c94be0a3362146a5e6b96f3cd0facd890def45
[2m2025-12-10T10:09:29.282149Z[0m [34mDEBUG[0m [2mhyper::client::pool[0m[2m:[0m reuse idle connection for ("http", 192.168.0.14:8545)
[2m2025-12-10T10:09:29.282203Z[0m [34mDEBUG[0m [2mhyper::proto::h1::io[0m[2m:[0m flushed 250 bytes
[2m2025-12-10T10:09:29.282227Z[0m [34mDEBUG[0m [2methereum_transaction_pool_monitor::eth_client[0m[2m:[0m 📨 Received WebSocket message: {"jsonrpc":"2.0","method":"eth_subscription","params":{"subscription":"0xbed0a0851463e895960a451075a301a9","result":"0xdb38c80c472b6ffd204fb06993acf5a4f08687aa2bec11e4312e60dd43800eb2"}}
[2m2025-12-10T10:09:29.282236Z[0m [34mDEBUG[0m [2methereum_transaction_pool_monitor::eth_client[0m[2m:[0m 📨 Received pending transaction: 0xdb38c80c472b6ffd204fb06993acf5a4f08687aa2bec11e4312e60dd43800eb2
[2m2025-12-10T10:09:29.287027Z[0m [34mDEBUG[0m [2mhyper::proto::h1::io[0m[2m:[0m parsed 4 headers
[2m2025-12-10T10:09:29.287039Z[0m [34mDEBUG[0m [2mhyper::proto::h1::conn[0m[2m:[0m incoming body is content-length (777 bytes)
[2m2025-12-10T10:09:29.287046Z[0m [34mDEBUG[0m [2mhyper::proto::h1::conn[0m[2m:[0m incoming body completed
[2m2025-12-10T10:09:29.287057Z[0m [34mDEBUG[0m [2mhyper::client::pool[0m[2m:[0m pooling idle connection for ("http", 192.168.0.14:8545)
[2m2025-12-10T10:09:29.287064Z[0m [34mDEBUG[0m [2methereum_transaction_pool_monitor::eth_client[0m[2m:[0m 📡 Transaction fetch RPC completed in 4.929084ms
[2m2025-12-10T10:09:29.287079Z[0m [34mDEBUG[0m [2methereum_transaction_pool_monitor::eth_client[0m[2m:[0m DeFi transaction detected - Address: 0xdac17f958d2ee523a2206206994597c13d831ec7, Type: Stablecoin, Value: 0 ETH, Gas: 127.50 Gwei
[2m2025-12-10T10:09:29.287090Z[0m [34mDEBUG[0m [2methereum_transaction_pool_monitor::eth_client[0m[2m:[0m ✅ Transaction 0x3aa42fc35dcb24d1411a1f0ca0c94be0a3362146a5e6b96f3cd0facd890def45 fetched and parsed in 4.955959ms
[2m2025-12-10T10:09:29.287096Z[0m [34mDEBUG[0m [2methereum_transaction_pool_monitor::mempool_monitor[0m[2m:[0m 🔍 Skipping tx 0x3aa42fc35dcb24d1411a1f0ca0c94be0a3362146a5e6b96f3cd0facd890def45 - not a DEX interaction (target: 0xdAC17F958D2ee523a2206206994597C13D831ec7)
[2m2025-12-10T10:09:29.287102Z[0m [34mDEBUG[0m [2methereum_transaction_pool_monitor::mempool_monitor[0m[2m:[0m 📨 Processing new pending transaction: 0x217dce249d1760a40b59d0094ec5a545fff7ad73e030b798c793e886d90c6390
[2m2025-12-10T10:09:29.287106Z[0m [34mDEBUG[0m [2methereum_transaction_pool_monitor::mempool_monitor[0m[2m:[0m 🔍 Fetching transaction details for: 0x217dce249d1760a40b59d0094ec5a545fff7ad73e030b798c793e886d90c6390
[2m2025-12-10T10:09:29.287110Z[0m [34mDEBUG[0m [2methereum_transaction_pool_monitor::eth_client[0m[2m:[0m 🔍 Fetching transaction details for hash: 0x217dce249d1760a40b59d0094ec5a545fff7ad73e030b798c793e886d90c6390
[2m2025-12-10T10:09:29.287122Z[0m [34mDEBUG[0m [2mhyper::client::pool[0m[2m:[0m reuse idle connection for ("http", 192.168.0.14:8545)
[2m2025-12-10T10:09:29.287141Z[0m [34mDEBUG[0m [2mhyper::proto::h1::io[0m[2m:[0m flushed 250 bytes
[2m2025-12-10T10:09:29.297176Z[0m [34mDEBUG[0m [2mhyper::client::pool[0m[2m:[0m reuse idle connection for ("http", 192.168.0.14:8545)
[2m2025-12-10T10:09:29.297249Z[0m [34mDEBUG[0m [2mhyper::proto::h1::io[0m[2m:[0m flushed 172 bytes
[2m2025-12-10T10:09:29.298968Z[0m [34mDEBUG[0m [2mhyper::proto::h1::io[0m[2m:[0m parsed 4 headers
[2m2025-12-10T10:09:29.298981Z[0m [34mDEBUG[0m [2mhyper::proto::h1::conn[0m[2m:[0m incoming body is content-length (1159 bytes)
[2m2025-12-10T10:09:29.298989Z[0m [34mDEBUG[0m [2mhyper::proto::h1::conn[0m[2m:[0m incoming body completed
[2m2025-12-10T10:09:29.298999Z[0m [34mDEBUG[0m [2mhyper::client::pool[0m[2m:[0m pooling idle connection for ("http", 192.168.0.14:8545)
[2m2025-12-10T10:09:29.299006Z[0m [34mDEBUG[0m [2methereum_transaction_pool_monitor::eth_client[0m[2m:[0m 📡 Transaction fetch RPC completed in 11.891917ms
[2m2025-12-10T10:09:29.299026Z[0m [34mDEBUG[0m [2methereum_transaction_pool_monitor::eth_client[0m[2m:[0m DeFi transaction detected - Address: 0x7a250d5630b4cf539739df2c5dacb4c659f2488d, Type: DexRouter, Value: 0 ETH, Gas: 0.50 Gwei
[2m2025-12-10T10:09:29.299041Z[0m [34mDEBUG[0m [2methereum_transaction_pool_monitor::eth_client[0m[2m:[0m ✅ Transaction 0x217dce249d1760a40b59d0094ec5a545fff7ad73e030b798c793e886d90c6390 fetched and parsed in 11.926709ms
[2m2025-12-10T10:09:29.299047Z[0m [34mDEBUG[0m [2methereum_transaction_pool_monitor::mempool_monitor[0m[2m:[0m 🔍 Skipping tx 0x217dce249d1760a40b59d0094ec5a545fff7ad73e030b798c793e886d90c6390 - not a DEX interaction (target: 0x7a250d5630B4cF539739dF2C5dAcb4c659F2488D)
[2m2025-12-10T10:09:29.299055Z[0m [34mDEBUG[0m [2methereum_transaction_pool_monitor::mempool_monitor[0m[2m:[0m 📨 Processing new pending transaction: 0x0361bd3d4f25f4ce8edad55ee486267a3b322a76c633072398c26bbe56aa142b
[2m2025-12-10T10:09:29.299060Z[0m [34mDEBUG[0m [2methereum_transaction_pool_monitor::mempool_monitor[0m[2m:[0m 🔍 Fetching transaction details for: 0x0361bd3d4f25f4ce8edad55ee486267a3b322a76c633072398c26bbe56aa142b
[2m2025-12-10T10:09:29.299064Z[0m [34mDEBUG[0m [2methereum_transaction_pool_monitor::eth_client[0m[2m:[0m 🔍 Fetching transaction details for hash: 0x0361bd3d4f25f4ce8edad55ee486267a3b322a76c633072398c26bbe56aa142b
[2m2025-12-10T10:09:29.299075Z[0m [34mDEBUG[0m [2mhyper::client::pool[0m[2m:[0m reuse idle connection for ("http", 192.168.0.14:8545)
[2m2025-12-10T10:09:29.299105Z[0m [34mDEBUG[0m [2mhyper::proto::h1::io[0m[2m:[0m flushed 250 bytes
[2m2025-12-10T10:09:29.300548Z[0m [34mDEBUG[0m [2mhyper::proto::h1::io[0m[2m:[0m parsed 4 headers
[2m2025-12-10T10:09:29.300561Z[0m [34mDEBUG[0m [2mhyper::proto::h1::conn[0m[2m:[0m incoming body is content-length (45 bytes)
[2m2025-12-10T10:09:29.300569Z[0m [34mDEBUG[0m [2mhyper::proto::h1::conn[0m[2m:[0m incoming body completed
[2m2025-12-10T10:09:29.300580Z[0m [34mDEBUG[0m [2mhyper::client::pool[0m[2m:[0m pooling idle connection for ("http", 192.168.0.14:8545)
[2m2025-12-10T10:09:29.303615Z[0m [34mDEBUG[0m [2mhyper::proto::h1::io[0m[2m:[0m parsed 4 headers
[2m2025-12-10T10:09:29.303622Z[0m [34mDEBUG[0m [2mhyper::proto::h1::conn[0m[2m:[0m incoming body is content-length (770 bytes)
[2m2025-12-10T10:09:29.303628Z[0m [34mDEBUG[0m [2mhyper::proto::h1::conn[0m[2m:[0m incoming body completed
[2m2025-12-10T10:09:29.303635Z[0m [34mDEBUG[0m [2mhyper::client::pool[0m[2m:[0m pooling idle connection for ("http", 192.168.0.14:8545)
[2m2025-12-10T10:09:29.303641Z[0m [34mDEBUG[0m [2methereum_transaction_pool_monitor::eth_client[0m[2m:[0m 📡 Transaction fetch RPC completed in 4.57375ms
[2m2025-12-10T10:09:29.375540Z[0m [34mDEBUG[0m [2methereum_transaction_pool_monitor::eth_client[0m[2m:[0m ✅ Transaction 0x0361bd3d4f25f4ce8edad55ee486267a3b322a76c633072398c26bbe56aa142b fetched and parsed in 76.470375ms
[2m2025-12-10T10:09:29.375571Z[0m [34mDEBUG[0m [2methereum_transaction_pool_monitor::mempool_monitor[0m[2m:[0m 🔍 Skipping tx 0x0361bd3d4f25f4ce8edad55ee486267a3b322a76c633072398c26bbe56aa142b - not a DEX interaction (target: 0xB8f28C60dD8240141185a192fa4156A23E189305)
[2m2025-12-10T10:09:29.375580Z[0m [34mDEBUG[0m [2methereum_transaction_pool_monitor::mempool_monitor[0m[2m:[0m 📨 Processing new pending transaction: 0x1965a9d3ff4029d1652d00ae10d0b4ac998d18dda6fd144906883522196964e3
[2m2025-12-10T10:09:29.375585Z[0m [34mDEBUG[0m [2methereum_transaction_pool_monitor::mempool_monitor[0m[2m:[0m 🔍 Fetching transaction details for: 0x1965a9d3ff4029d1652d00ae10d0b4ac998d18dda6fd144906883522196964e3
[2m2025-12-10T10:09:29.375590Z[0m [34mDEBUG[0m [2methereum_transaction_pool_monitor::eth_client[0m[2m:[0m 🔍 Fetching transaction details for hash: 0x1965a9d3ff4029d1652d00ae10d0b4ac998d18dda6fd144906883522196964e3
[2m2025-12-10T10:09:29.375611Z[0m [34mDEBUG[0m [2mhyper::client::pool[0m[2m:[0m reuse idle connection for ("http", 192.168.0.14:8545)
[2m2025-12-10T10:09:29.375668Z[0m [34mDEBUG[0m [2mhyper::proto::h1::io[0m[2m:[0m flushed 250 bytes
[2m2025-12-10T10:09:29.375689Z[0m [34mDEBUG[0m [2methereum_transaction_pool_monitor::eth_client[0m[2m:[0m 📨 Received WebSocket message: {"jsonrpc":"2.0","method":"eth_subscription","params":{"subscription":"0xbed0a0851463e895960a451075a301a9","result":"0x00b8f88423616f3ad5cd08be00fafd3b6246051695caf65073fb36e6e9dab3f1"}}
[2m2025-12-10T10:09:29.375696Z[0m [34mDEBUG[0m [2methereum_transaction_pool_monitor::eth_client[0m[2m:[0m 📨 Received pending transaction: 0x00b8f88423616f3ad5cd08be00fafd3b6246051695caf65073fb36e6e9dab3f1
[2m2025-12-10T10:09:29.375701Z[0m [34mDEBUG[0m [2methereum_transaction_pool_monitor::eth_client[0m[2m:[0m 📨 Received WebSocket message: {"jsonrpc":"2.0","method":"eth_subscription","params":{"subscription":"0xbed0a0851463e895960a451075a301a9","result":"0x9a758b37b50b7c949067d83458e5db4f92d4e3898b85316ae7cf94047964ecea"}}
[2m2025-12-10T10:09:29.375706Z[0m [34mDEBUG[0m [2methereum_transaction_pool_monitor::eth_client[0m[2m:[0m 📨 Received pending transaction: 0x9a758b37b50b7c949067d83458e5db4f92d4e3898b85316ae7cf94047964ecea
[2m2025-12-10T10:09:29.381189Z[0m [34mDEBUG[0m [2mhyper::proto::h1::io[0m[2m:[0m parsed 4 headers
[2m2025-12-10T10:09:29.381217Z[0m [34mDEBUG[0m [2mhyper::proto::h1::conn[0m[2m:[0m incoming body is content-length (1360 bytes)
[2m2025-12-10T10:09:29.381238Z[0m [34mDEBUG[0m [2methereum_transaction_pool_monitor::eth_client[0m[2m:[0m 📡 Transaction fetch RPC completed in 5.643ms
[2m2025-12-10T10:09:29.381900Z[0m [34mDEBUG[0m [2mhyper::proto::h1::conn[0m[2m:[0m incoming body completed
[2m2025-12-10T10:09:29.381913Z[0m [34mDEBUG[0m [2mhyper::client::pool[0m[2m:[0m pooling idle connection for ("http", 192.168.0.14:8545)
[2m2025-12-10T10:09:29.396378Z[0m [34mDEBUG[0m [2mhyper::client::pool[0m[2m:[0m reuse idle connection for ("http", 192.168.0.14:8545)
[2m2025-12-10T10:09:29.396518Z[0m [34mDEBUG[0m [2mhyper::proto::h1::io[0m[2m:[0m flushed 172 bytes
[2m2025-12-10T10:09:29.400971Z[0m [34mDEBUG[0m [2mhyper::proto::h1::io[0m[2m:[0m parsed 4 headers
[2m2025-12-10T10:09:29.400989Z[0m [34mDEBUG[0m [2mhyper::proto::h1::conn[0m[2m:[0m incoming body is content-length (45 bytes)
[2m2025-12-10T10:09:29.400998Z[0m [34mDEBUG[0m [2mhyper::proto::h1::conn[0m[2m:[0m incoming body completed
[2m2025-12-10T10:09:29.401009Z[0m [34mDEBUG[0m [2mhyper::client::pool[0m[2m:[0m pooling idle connection for ("http", 192.168.0.14:8545)
[2m2025-12-10T10:09:29.445792Z[0m [34mDEBUG[0m [2methereum_transaction_pool_monitor::eth_client[0m[2m:[0m 📨 Received WebSocket message: {"jsonrpc":"2.0","method":"eth_subscription","params":{"subscription":"0xbed0a0851463e895960a451075a301a9","result":"0x169bbe3041d627522ec2cf255484e1f71c6d2bbe9484ee46205465ea623db125"}}
[2m2025-12-10T10:09:29.445822Z[0m [34mDEBUG[0m [2methereum_transaction_pool_monitor::eth_client[0m[2m:[0m 📨 Received pending transaction: 0x169bbe3041d627522ec2cf255484e1f71c6d2bbe9484ee46205465ea623db125
[2m2025-12-10T10:09:29.452274Z[0m [34mDEBUG[0m [2methereum_transaction_pool_monitor::eth_client[0m[2m:[0m ✅ Transaction 0x1965a9d3ff4029d1652d00ae10d0b4ac998d18dda6fd144906883522196964e3 fetched and parsed in 76.677416ms
[2m2025-12-10T10:09:29.452297Z[0m [34mDEBUG[0m [2methereum_transaction_pool_monitor::mempool_monitor[0m[2m:[0m 🔍 Skipping tx 0x1965a9d3ff4029d1652d00ae10d0b4ac998d18dda6fd144906883522196964e3 - not a DEX interaction (target: 0xF5042e6ffaC5a625D4E7848e0b01373D8eB9e222)
[2m2025-12-10T10:09:29.452306Z[0m [34mDEBUG[0m [2methereum_transaction_pool_monitor::mempool_monitor[0m[2m:[0m 📨 Processing new pending transaction: 0x0aae92e3a147185c47959026182312fa194c78155b44ac7844d74098badc79ff
[2m2025-12-10T10:09:29.452311Z[0m [34mDEBUG[0m [2methereum_transaction_pool_monitor::mempool_monitor[0m[2m:[0m 🔍 Fetching transaction details for: 0x0aae92e3a147185c47959026182312fa194c78155b44ac7844d74098badc79ff
[2m2025-12-10T10:09:29.452315Z[0m [34mDEBUG[0m [2methereum_transaction_pool_monitor::eth_client[0m[2m:[0m 🔍 Fetching transaction details for hash: 0x0aae92e3a147185c47959026182312fa194c78155b44ac7844d74098badc79ff
[2m2025-12-10T10:09:29.452337Z[0m [34mDEBUG[0m [2mhyper::client::pool[0m[2m:[0m reuse idle connection for ("http", 192.168.0.14:8545)
[2m2025-12-10T10:09:29.452389Z[0m [34mDEBUG[0m [2mhyper::proto::h1::io[0m[2m:[0m flushed 250 bytes
[2m2025-12-10T10:09:29.456732Z[0m [34mDEBUG[0m [2mhyper::proto::h1::io[0m[2m:[0m parsed 4 headers
[2m2025-12-10T10:09:29.456748Z[0m [34mDEBUG[0m [2mhyper::proto::h1::conn[0m[2m:[0m incoming body is content-length (830 bytes)
[2m2025-12-10T10:09:29.456758Z[0m [34mDEBUG[0m [2mhyper::proto::h1::conn[0m[2m:[0m incoming body completed
[2m2025-12-10T10:09:29.456769Z[0m [34mDEBUG[0m [2mhyper::client::pool[0m[2m:[0m pooling idle connection for ("http", 192.168.0.14:8545)
[2m2025-12-10T10:09:29.456776Z[0m [34mDEBUG[0m [2methereum_transaction_pool_monitor::eth_client[0m[2m:[0m 📡 Transaction fetch RPC completed in 4.4565ms
[2m2025-12-10T10:09:29.526569Z[0m [34mDEBUG[0m [2methereum_transaction_pool_monitor::eth_client[0m[2m:[0m ✅ Transaction 0x0aae92e3a147185c47959026182312fa194c78155b44ac7844d74098badc79ff fetched and parsed in 74.247417ms
[2m2025-12-10T10:09:29.526599Z[0m [34mDEBUG[0m [2methereum_transaction_pool_monitor::mempool_monitor[0m[2m:[0m 🔍 Skipping tx 0x0aae92e3a147185c47959026182312fa194c78155b44ac7844d74098badc79ff - not a DEX interaction (target: 0x3B4D794a66304F130a4Db8F2551B0070dfCf5ca7)
[2m2025-12-10T10:09:29.526608Z[0m [34mDEBUG[0m [2methereum_transaction_pool_monitor::mempool_monitor[0m[2m:[0m 📨 Processing new pending transaction: 0x18ca1c1eda24c5cc6e6d8ecf58e8d39406a9655320a525e6d475d651e2a60ad1
[2m2025-12-10T10:09:29.526613Z[0m [34mDEBUG[0m [2methereum_transaction_pool_monitor::mempool_monitor[0m[2m:[0m 🔍 Fetching transaction details for: 0x18ca1c1eda24c5cc6e6d8ecf58e8d39406a9655320a525e6d475d651e2a60ad1
[2m2025-12-10T10:09:29.526618Z[0m [34mDEBUG[0m [2methereum_transaction_pool_monitor::eth_client[0m[2m:[0m 🔍 Fetching transaction details for hash: 0x18ca1c1eda24c5cc6e6d8ecf58e8d39406a9655320a525e6d475d651e2a60ad1
[2m2025-12-10T10:09:29.526637Z[0m [34mDEBUG[0m [2mhyper::client::pool[0m[2m:[0m reuse idle connection for ("http", 192.168.0.14:8545)
[2m2025-12-10T10:09:29.526693Z[0m [34mDEBUG[0m [2mhyper::proto::h1::io[0m[2m:[0m flushed 250 bytes
[2m2025-12-10T10:09:29.526716Z[0m [34mDEBUG[0m [2mhyper::client::pool[0m[2m:[0m reuse idle connection for ("http", 192.168.0.14:8545)
[2m2025-12-10T10:09:29.526730Z[0m [34mDEBUG[0m [2mhyper::proto::h1::io[0m[2m:[0m flushed 172 bytes
[2m2025-12-10T10:09:29.526731Z[0m [34mDEBUG[0m [2methereum_transaction_pool_monitor::eth_client[0m[2m:[0m 📨 Received WebSocket message: {"jsonrpc":"2.0","method":"eth_subscription","params":{"subscription":"0xbed0a0851463e895960a451075a301a9","result":"0x00e6cf1dbbda89b488cdd2c56230b68825f18ac41598c1b4711b7adfdfa4041c"}}
[2m2025-12-10T10:09:29.526748Z[0m [34mDEBUG[0m [2methereum_transaction_pool_monitor::eth_client[0m[2m:[0m 📨 Received pending transaction: 0x00e6cf1dbbda89b488cdd2c56230b68825f18ac41598c1b4711b7adfdfa4041c
[2m2025-12-10T10:09:29.526757Z[0m [34mDEBUG[0m [2methereum_transaction_pool_monitor::eth_client[0m[2m:[0m 📨 Received WebSocket message: {"jsonrpc":"2.0","method":"eth_subscription","params":{"subscription":"0xbed0a0851463e895960a451075a301a9","result":"0xe54be9b3f21a4bd8dde3d5ebf1db3d4b45c0f3242b3438223c572d9cad9c7ead"}}
[2m2025-12-10T10:09:29.526762Z[0m [34mDEBUG[0m [2methereum_transaction_pool_monitor::eth_client[0m[2m:[0m 📨 Received pending transaction: 0xe54be9b3f21a4bd8dde3d5ebf1db3d4b45c0f3242b3438223c572d9cad9c7ead
[2m2025-12-10T10:09:29.526767Z[0m [34mDEBUG[0m [2methereum_transaction_pool_monitor::eth_client[0m[2m:[0m 📨 Received WebSocket message: {"jsonrpc":"2.0","method":"eth_subscription","params":{"subscription":"0xbed0a0851463e895960a451075a301a9","result":"0x12b6496ea3f6883a214bb6105be505c4eddb50af33d0b6bd981a38ff294b2748"}}
[2m2025-12-10T10:09:29.526772Z[0m [34mDEBUG[0m [2methereum_transaction_pool_monitor::eth_client[0m[2m:[0m 📨 Received pending transaction: 0x12b6496ea3f6883a214bb6105be505c4eddb50af33d0b6bd981a38ff294b2748
[2m2025-12-10T10:09:29.531362Z[0m [34mDEBUG[0m [2mhyper::proto::h1::io[0m[2m:[0m parsed 4 headers
[2m2025-12-10T10:09:29.531383Z[0m [34mDEBUG[0m [2mhyper::proto::h1::conn[0m[2m:[0m incoming body is content-length (45 bytes)
[2m2025-12-10T10:09:29.531392Z[0m [34mDEBUG[0m [2mhyper::proto::h1::conn[0m[2m:[0m incoming body completed
[2m2025-12-10T10:09:29.531404Z[0m [34mDEBUG[0m [2mhyper::client::pool[0m[2m:[0m pooling idle connection for ("http", 192.168.0.14:8545)
[2m2025-12-10T10:09:29.532020Z[0m [34mDEBUG[0m [2mhyper::proto::h1::io[0m[2m:[0m parsed 4 headers
[2m2025-12-10T10:09:29.532029Z[0m [34mDEBUG[0m [2mhyper::proto::h1::conn[0m[2m:[0m incoming body is content-length (652 bytes)
[2m2025-12-10T10:09:29.532035Z[0m [34mDEBUG[0m [2mhyper::proto::h1::conn[0m[2m:[0m incoming body completed
[2m2025-12-10T10:09:29.532043Z[0m [34mDEBUG[0m [2mhyper::client::pool[0m[2m:[0m pooling idle connection for ("http", 192.168.0.14:8545)
[2m2025-12-10T10:09:29.532049Z[0m [34mDEBUG[0m [2methereum_transaction_pool_monitor::eth_client[0m[2m:[0m 📡 Transaction fetch RPC completed in 5.427334ms
[2m2025-12-10T10:09:29.603338Z[0m [34mDEBUG[0m [2methereum_transaction_pool_monitor::eth_client[0m[2m:[0m ✅ Transaction 0x18ca1c1eda24c5cc6e6d8ecf58e8d39406a9655320a525e6d475d651e2a60ad1 fetched and parsed in 76.714042ms
[2m2025-12-10T10:09:29.603368Z[0m [34mDEBUG[0m [2methereum_transaction_pool_monitor::mempool_monitor[0m[2m:[0m 🔍 Skipping tx 0x18ca1c1eda24c5cc6e6d8ecf58e8d39406a9655320a525e6d475d651e2a60ad1 - not a DEX interaction (target: 0xA2c2041029D87Bb450e3606701b21E7549F23cB4)
[2m2025-12-10T10:09:29.603377Z[0m [34mDEBUG[0m [2methereum_transaction_pool_monitor::mempool_monitor[0m[2m:[0m 📨 Processing new pending transaction: 0x2108c7b837f470f722d386dcb8e657aa54669ecdeaef586926e519e950fcd077
[2m2025-12-10T10:09:29.603383Z[0m [34mDEBUG[0m [2methereum_transaction_pool_monitor::mempool_monitor[0m[2m:[0m 🔍 Fetching transaction details for: 0x2108c7b837f470f722d386dcb8e657aa54669ecdeaef586926e519e950fcd077
[2m2025-12-10T10:09:29.603387Z[0m [34mDEBUG[0m [2methereum_transaction_pool_monitor::eth_client[0m[2m:[0m 🔍 Fetching transaction details for hash: 0x2108c7b837f470f722d386dcb8e657aa54669ecdeaef586926e519e950fcd077
[2m2025-12-10T10:09:29.603405Z[0m [34mDEBUG[0m [2mhyper::client::pool[0m[2m:[0m reuse idle connection for ("http", 192.168.0.14:8545)
[2m2025-12-10T10:09:29.603458Z[0m [34mDEBUG[0m [2mhyper::proto::h1::io[0m[2m:[0m flushed 250 bytes
[2m2025-12-10T10:09:29.603477Z[0m [34mDEBUG[0m [2mhyper::client::pool[0m[2m:[0m reuse idle connection for ("http", 192.168.0.14:8545)
[2m2025-12-10T10:09:29.603491Z[0m [34mDEBUG[0m [2mhyper::proto::h1::io[0m[2m:[0m flushed 172 bytes
[2m2025-12-10T10:09:29.603489Z[0m [34mDEBUG[0m [2methereum_transaction_pool_monitor::eth_client[0m[2m:[0m 📨 Received WebSocket message: {"jsonrpc":"2.0","method":"eth_subscription","params":{"subscription":"0xbed0a0851463e895960a451075a301a9","result":"0xec6c6c8123ea93d6b3435ae214346c39080d11cdf78bff7cbd59bbb2a3dafca5"}}
[2m2025-12-10T10:09:29.603510Z[0m [34mDEBUG[0m [2methereum_transaction_pool_monitor::eth_client[0m[2m:[0m 📨 Received pending transaction: 0xec6c6c8123ea93d6b3435ae214346c39080d11cdf78bff7cbd59bbb2a3dafca5
[2m2025-12-10T10:09:29.603515Z[0m [34mDEBUG[0m [2methereum_transaction_pool_monitor::eth_client[0m[2m:[0m 📨 Received WebSocket message: {"jsonrpc":"2.0","method":"eth_subscription","params":{"subscription":"0xbed0a0851463e895960a451075a301a9","result":"0x084387328bd29c43c93a3bc145ebc9c28602e78035277fc313f3c49c665d0eca"}}
[2m2025-12-10T10:09:29.603520Z[0m [34mDEBUG[0m [2methereum_transaction_pool_monitor::eth_client[0m[2m:[0m 📨 Received pending transaction: 0x084387328bd29c43c93a3bc145ebc9c28602e78035277fc313f3c49c665d0eca
[2m2025-12-10T10:09:29.614285Z[0m [34mDEBUG[0m [2mhyper::proto::h1::io[0m[2m:[0m parsed 4 headers
[2m2025-12-10T10:09:29.614304Z[0m [34mDEBUG[0m [2mhyper::proto::h1::conn[0m[2m:[0m incoming body is content-length (45 bytes)
[2m2025-12-10T10:09:29.614313Z[0m [34mDEBUG[0m [2mhyper::proto::h1::conn[0m[2m:[0m incoming body completed
[2m2025-12-10T10:09:29.614324Z[0m [34mDEBUG[0m [2mhyper::client::pool[0m[2m:[0m pooling idle connection for ("http", 192.168.0.14:8545)
[2m2025-12-10T10:09:29.621278Z[0m [34mDEBUG[0m [2mhyper::proto::h1::io[0m[2m:[0m parsed 4 headers
[2m2025-12-10T10:09:29.621294Z[0m [34mDEBUG[0m [2mhyper::proto::h1::conn[0m[2m:[0m incoming body is content-length (559 bytes)
[2m2025-12-10T10:09:29.621303Z[0m [34mDEBUG[0m [2mhyper::proto::h1::conn[0m[2m:[0m incoming body completed
[2m2025-12-10T10:09:29.621317Z[0m [34mDEBUG[0m [2mhyper::client::pool[0m[2m:[0m pooling idle connection for ("http", 192.168.0.14:8545)
[2m2025-12-10T10:09:29.621325Z[0m [34mDEBUG[0m [2methereum_transaction_pool_monitor::eth_client[0m[2m:[0m 📡 Transaction fetch RPC completed in 17.933542ms
[2m2025-12-10T10:09:29.691476Z[0m [34mDEBUG[0m [2methereum_transaction_pool_monitor::eth_client[0m[2m:[0m ✅ Transaction 0x2108c7b837f470f722d386dcb8e657aa54669ecdeaef586926e519e950fcd077 fetched and parsed in 88.080792ms
[2m2025-12-10T10:09:29.691506Z[0m [34mDEBUG[0m [2methereum_transaction_pool_monitor::mempool_monitor[0m[2m:[0m 🔍 Skipping tx 0x2108c7b837f470f722d386dcb8e657aa54669ecdeaef586926e519e950fcd077 - not a DEX interaction (target: 0x2B32ec6d78b439e8407b0372319d315Fd4646610)
[2m2025-12-10T10:09:29.691516Z[0m [34mDEBUG[0m [2methereum_transaction_pool_monitor::mempool_monitor[0m[2m:[0m 📨 Processing new pending transaction: 0xbc5bdb6b243a6b21154ff280757f5649b4aa7365c4c8b3c9caeacad6fcd019e3
[2m2025-12-10T10:09:29.691524Z[0m [34mDEBUG[0m [2methereum_transaction_pool_monitor::mempool_monitor[0m[2m:[0m 🔍 Fetching transaction details for: 0xbc5bdb6b243a6b21154ff280757f5649b4aa7365c4c8b3c9caeacad6fcd019e3
[2m2025-12-10T10:09:29.691530Z[0m [34mDEBUG[0m [2methereum_transaction_pool_monitor::eth_client[0m[2m:[0m 🔍 Fetching transaction details for hash: 0xbc5bdb6b243a6b21154ff280757f5649b4aa7365c4c8b3c9caeacad6fcd019e3
[2m2025-12-10T10:09:29.691550Z[0m [34mDEBUG[0m [2mhyper::client::pool[0m[2m:[0m reuse idle connection for ("http", 192.168.0.14:8545)
[2m2025-12-10T10:09:29.691604Z[0m [34mDEBUG[0m [2mhyper::proto::h1::io[0m[2m:[0m flushed 250 bytes
[2m2025-12-10T10:09:29.696680Z[0m [34mDEBUG[0m [2mhyper::proto::h1::io[0m[2m:[0m parsed 4 headers
[2m2025-12-10T10:09:29.696681Z[0m [34mDEBUG[0m [2mhyper::client::pool[0m[2m:[0m reuse idle connection for ("http", 192.168.0.14:8545)
[2m2025-12-10T10:09:29.696691Z[0m [34mDEBUG[0m [2mhyper::proto::h1::conn[0m[2m:[0m incoming body is content-length (773 bytes)
[2m2025-12-10T10:09:29.696709Z[0m [34mDEBUG[0m [2mhyper::proto::h1::conn[0m[2m:[0m incoming body completed
[2m2025-12-10T10:09:29.696717Z[0m [34mDEBUG[0m [2mhyper::client::pool[0m[2m:[0m pooling idle connection for ("http", 192.168.0.14:8545)
[2m2025-12-10T10:09:29.696722Z[0m [34mDEBUG[0m [2mhyper::proto::h1::io[0m[2m:[0m flushed 172 bytes
[2m2025-12-10T10:09:29.696723Z[0m [34mDEBUG[0m [2methereum_transaction_pool_monitor::eth_client[0m[2m:[0m 📡 Transaction fetch RPC completed in 5.187916ms
[2m2025-12-10T10:09:29.698964Z[0m [34mDEBUG[0m [2methereum_transaction_pool_monitor::eth_client[0m[2m:[0m 📨 Received WebSocket message: {"jsonrpc":"2.0","method":"eth_subscription","params":{"subscription":"0xbed0a0851463e895960a451075a301a9","result":"0x38273021c814adfa02d6136c6697b8dc7001b6ab184bec127530f0fd08cf047f"}}
[2m2025-12-10T10:09:29.698981Z[0m [34mDEBUG[0m [2methereum_transaction_pool_monitor::eth_client[0m[2m:[0m 📨 Received pending transaction: 0x38273021c814adfa02d6136c6697b8dc7001b6ab184bec127530f0fd08cf047f
[2m2025-12-10T10:09:29.705119Z[0m [34mDEBUG[0m [2mhyper::proto::h1::io[0m[2m:[0m parsed 4 headers
[2m2025-12-10T10:09:29.707494Z[0m [34mDEBUG[0m [2mhyper::proto::h1::conn[0m[2m:[0m incoming body is content-length (45 bytes)
[2m2025-12-10T10:09:29.707508Z[0m [34mDEBUG[0m [2mhyper::proto::h1::conn[0m[2m:[0m incoming body completed
[2m2025-12-10T10:09:29.707523Z[0m [34mDEBUG[0m [2mhyper::client::pool[0m[2m:[0m pooling idle connection for ("http", 192.168.0.14:8545)
[2m2025-12-10T10:09:29.742149Z[0m [34mDEBUG[0m [2methereum_transaction_pool_monitor::eth_client[0m[2m:[0m 📨 Received WebSocket message: {"jsonrpc":"2.0","method":"eth_subscription","params":{"subscription":"0xbed0a0851463e895960a451075a301a9","result":"0xbcc6dd3f5eabe629048ed0bc9034bea272dd6598b6f4c873d6b8613b8ad387f8"}}
[2m2025-12-10T10:09:29.742178Z[0m [34mDEBUG[0m [2methereum_transaction_pool_monitor::eth_client[0m[2m:[0m 📨 Received pending transaction: 0xbcc6dd3f5eabe629048ed0bc9034bea272dd6598b6f4c873d6b8613b8ad387f8
[2m2025-12-10T10:09:29.747898Z[0m [34mDEBUG[0m [2methereum_transaction_pool_monitor::eth_client[0m[2m:[0m 📨 Received WebSocket message: {"jsonrpc":"2.0","method":"eth_subscription","params":{"subscription":"0xbed0a0851463e895960a451075a301a9","result":"0x6bf0c6aabc2e166538b056b89bf89e773414fe3f8615fbcbe97389c6f3adbb93"}}
[2m2025-12-10T10:09:29.747929Z[0m [34mDEBUG[0m [2methereum_transaction_pool_monitor::eth_client[0m[2m:[0m 📨 Received pending transaction: 0x6bf0c6aabc2e166538b056b89bf89e773414fe3f8615fbcbe97389c6f3adbb93
[2m2025-12-10T10:09:29.759254Z[0m [34mDEBUG[0m [2methereum_transaction_pool_monitor::eth_client[0m[2m:[0m 📨 Received WebSocket message: {"jsonrpc":"2.0","method":"eth_subscription","params":{"subscription":"0xbed0a0851463e895960a451075a301a9","result":"0x78979b983decef144c5f05f345241d9426521f06bdd0a27bd996e8f2fb1dd9f5"}}
[2m2025-12-10T10:09:29.759273Z[0m [34mDEBUG[0m [2methereum_transaction_pool_monitor::eth_client[0m[2m:[0m 📨 Received pending transaction: 0x78979b983decef144c5f05f345241d9426521f06bdd0a27bd996e8f2fb1dd9f5
[2m2025-12-10T10:09:29.768200Z[0m [34mDEBUG[0m [2methereum_transaction_pool_monitor::eth_client[0m[2m:[0m ✅ Transaction 0xbc5bdb6b243a6b21154ff280757f5649b4aa7365c4c8b3c9caeacad6fcd019e3 fetched and parsed in 76.662583ms
[2m2025-12-10T10:09:29.768228Z[0m [34mDEBUG[0m [2methereum_transaction_pool_monitor::mempool_monitor[0m[2m:[0m 🔍 Skipping tx 0xbc5bdb6b243a6b21154ff280757f5649b4aa7365c4c8b3c9caeacad6fcd019e3 - not a DEX interaction (target: 0xA0b86991c6218b36c1d19D4a2e9Eb0cE3606eB48)
[2m2025-12-10T10:09:29.768240Z[0m [34mDEBUG[0m [2methereum_transaction_pool_monitor::mempool_monitor[0m[2m:[0m 📨 Processing new pending transaction: 0x642d6e5d44a52df128787e7a9fa7fac34635994a40b4aa3f340eecdce46ae533
[2m2025-12-10T10:09:29.768247Z[0m [34mDEBUG[0m [2methereum_transaction_pool_monitor::mempool_monitor[0m[2m:[0m 🔍 Fetching transaction details for: 0x642d6e5d44a52df128787e7a9fa7fac34635994a40b4aa3f340eecdce46ae533
[2m2025-12-10T10:09:29.768252Z[0m [34mDEBUG[0m [2methereum_transaction_pool_monitor::eth_client[0m[2m:[0m 🔍 Fetching transaction details for hash: 0x642d6e5d44a52df128787e7a9fa7fac34635994a40b4aa3f340eecdce46ae533
[2m2025-12-10T10:09:29.768275Z[0m [34mDEBUG[0m [2mhyper::client::pool[0m[2m:[0m reuse idle connection for ("http", 192.168.0.14:8545)
[2m2025-12-10T10:09:29.768319Z[0m [34mDEBUG[0m [2mhyper::proto::h1::io[0m[2m:[0m flushed 250 bytes
[2m2025-12-10T10:09:29.770014Z[0m [34mDEBUG[0m [2methereum_transaction_pool_monitor::eth_client[0m[2m:[0m 📨 Received WebSocket message: {"jsonrpc":"2.0","method":"eth_subscription","params":{"subscription":"0xbed0a0851463e895960a451075a301a9","result":"0x23cebbde2f33229104f4a53fd233f6b09e2813fae707655aea16a4968b847aef"}}
[2m2025-12-10T10:09:29.770022Z[0m [34mDEBUG[0m [2methereum_transaction_pool_monitor::eth_client[0m[2m:[0m 📨 Received pending transaction: 0x23cebbde2f33229104f4a53fd233f6b09e2813fae707655aea16a4968b847aef
[2m2025-12-10T10:09:29.774638Z[0m [34mDEBUG[0m [2mhyper::proto::h1::io[0m[2m:[0m parsed 4 headers
[2m2025-12-10T10:09:29.774647Z[0m [34mDEBUG[0m [2mhyper::proto::h1::conn[0m[2m:[0m incoming body is content-length (1731 bytes)
[2m2025-12-10T10:09:29.774655Z[0m [34mDEBUG[0m [2mhyper::proto::h1::conn[0m[2m:[0m incoming body completed
[2m2025-12-10T10:09:29.774665Z[0m [34mDEBUG[0m [2mhyper::client::pool[0m[2m:[0m pooling idle connection for ("http", 192.168.0.14:8545)
[2m2025-12-10T10:09:29.774673Z[0m [34mDEBUG[0m [2methereum_transaction_pool_monitor::eth_client[0m[2m:[0m 📡 Transaction fetch RPC completed in 6.415916ms
[2m2025-12-10T10:09:29.848307Z[0m [34mDEBUG[0m [2methereum_transaction_pool_monitor::eth_client[0m[2m:[0m ✅ Transaction 0x642d6e5d44a52df128787e7a9fa7fac34635994a40b4aa3f340eecdce46ae533 fetched and parsed in 80.04775ms
[2m2025-12-10T10:09:29.848325Z[0m [34mDEBUG[0m [2methereum_transaction_pool_monitor::mempool_monitor[0m[2m:[0m 🔍 Skipping tx 0x642d6e5d44a52df128787e7a9fa7fac34635994a40b4aa3f340eecdce46ae533 - not a DEX interaction (target: 0x601a2aD6CB5949f0529735254189Ba3194221EDF)
[2m2025-12-10T10:09:29.848335Z[0m [34mDEBUG[0m [2methereum_transaction_pool_monitor::mempool_monitor[0m[2m:[0m 📨 Processing new pending transaction: 0xbd286fda02271326c467820ed1e9f2113d3282f5663e45f324a21bd7fc3dca1a
[2m2025-12-10T10:09:29.848341Z[0m [34mDEBUG[0m [2methereum_transaction_pool_monitor::mempool_monitor[0m[2m:[0m 🔍 Fetching transaction details for: 0xbd286fda02271326c467820ed1e9f2113d3282f5663e45f324a21bd7fc3dca1a
[2m2025-12-10T10:09:29.848345Z[0m [34mDEBUG[0m [2methereum_transaction_pool_monitor::eth_client[0m[2m:[0m 🔍 Fetching transaction details for hash: 0xbd286fda02271326c467820ed1e9f2113d3282f5663e45f324a21bd7fc3dca1a
[2m2025-12-10T10:09:29.848377Z[0m [34mDEBUG[0m [2mhyper::client::pool[0m[2m:[0m reuse idle connection for ("http", 192.168.0.14:8545)
[2m2025-12-10T10:09:29.848410Z[0m [34mDEBUG[0m [2mhyper::proto::h1::io[0m[2m:[0m flushed 250 bytes
[2m2025-12-10T10:09:29.848427Z[0m [34mDEBUG[0m [2mhyper::client::pool[0m[2m:[0m reuse idle connection for ("http", 192.168.0.14:8545)
[2m2025-12-10T10:09:29.848441Z[0m [34mDEBUG[0m [2mhyper::proto::h1::io[0m[2m:[0m flushed 172 bytes
[2m2025-12-10T10:09:29.848474Z[0m [34mDEBUG[0m [2methereum_transaction_pool_monitor::eth_client[0m[2m:[0m 📨 Received WebSocket message: {"jsonrpc":"2.0","method":"eth_subscription","params":{"subscription":"0xbed0a0851463e895960a451075a301a9","result":"0x54deae649bcbf66199a915b04f19b42d65abe70860a5c48603d9da70710bdc02"}}
[2m2025-12-10T10:09:29.848485Z[0m [34mDEBUG[0m [2methereum_transaction_pool_monitor::eth_client[0m[2m:[0m 📨 Received pending transaction: 0x54deae649bcbf66199a915b04f19b42d65abe70860a5c48603d9da70710bdc02
[2m2025-12-10T10:09:29.848490Z[0m [34mDEBUG[0m [2methereum_transaction_pool_monitor::eth_client[0m[2m:[0m 📨 Received WebSocket message: {"jsonrpc":"2.0","method":"eth_subscription","params":{"subscription":"0xbed0a0851463e895960a451075a301a9","result":"0xf1154e0d35a40448ceac014567425b647eeb9dca36807959728b79665186fe13"}}
[2m2025-12-10T10:09:29.848497Z[0m [34mDEBUG[0m [2methereum_transaction_pool_monitor::eth_client[0m[2m:[0m 📨 Received pending transaction: 0xf1154e0d35a40448ceac014567425b647eeb9dca36807959728b79665186fe13
[2m2025-12-10T10:09:29.848502Z[0m [34mDEBUG[0m [2methereum_transaction_pool_monitor::eth_client[0m[2m:[0m 📨 Received WebSocket message: {"jsonrpc":"2.0","method":"eth_subscription","params":{"subscription":"0xbed0a0851463e895960a451075a301a9","result":"0x61dd4ebdb98ff2bec1f6e29043fae964f9f0d2f8028ad46e255647d1bd616a33"}}
[2m2025-12-10T10:09:29.848508Z[0m [34mDEBUG[0m [2methereum_transaction_pool_monitor::eth_client[0m[2m:[0m 📨 Received pending transaction: 0x61dd4ebdb98ff2bec1f6e29043fae964f9f0d2f8028ad46e255647d1bd616a33
[2m2025-12-10T10:09:29.848512Z[0m [34mDEBUG[0m [2methereum_transaction_pool_monitor::eth_client[0m[2m:[0m 📨 Received WebSocket message: {"jsonrpc":"2.0","method":"eth_subscription","params":{"subscription":"0xbed0a0851463e895960a451075a301a9","result":"0x760276cdf0d141068388b943e74a055736f34d89d0136b0b772776d07735b751"}}
[2m2025-12-10T10:09:29.848517Z[0m [34mDEBUG[0m [2methereum_transaction_pool_monitor::eth_client[0m[2m:[0m 📨 Received pending transaction: 0x760276cdf0d141068388b943e74a055736f34d89d0136b0b772776d07735b751
[2m2025-12-10T10:09:29.848522Z[0m [34mDEBUG[0m [2methereum_transaction_pool_monitor::eth_client[0m[2m:[0m 📨 Received WebSocket message: {"jsonrpc":"2.0","method":"eth_subscription","params":{"subscription":"0xbed0a0851463e895960a451075a301a9","result":"0xf1a8406665c38fc91944b4b8fa16ba803864a529168c60d9600d3d0deef5b5b2"}}
[2m2025-12-10T10:09:29.848527Z[0m [34mDEBUG[0m [2methereum_transaction_pool_monitor::eth_client[0m[2m:[0m 📨 Received pending transaction: 0xf1a8406665c38fc91944b4b8fa16ba803864a529168c60d9600d3d0deef5b5b2
[2m2025-12-10T10:09:29.848531Z[0m [34mDEBUG[0m [2methereum_transaction_pool_monitor::eth_client[0m[2m:[0m 📨 Received WebSocket message: {"jsonrpc":"2.0","method":"eth_subscription","params":{"subscription":"0xbed0a0851463e895960a451075a301a9","result":"0x29dd3433823038e50fd6a550e3fd056dc3cf4abaa5b7b3c37ab16a8c561e214a"}}
[2m2025-12-10T10:09:29.848535Z[0m [34mDEBUG[0m [2methereum_transaction_pool_monitor::eth_client[0m[2m:[0m 📨 Received pending transaction: 0x29dd3433823038e50fd6a550e3fd056dc3cf4abaa5b7b3c37ab16a8c561e214a
[2m2025-12-10T10:09:29.848539Z[0m [34mDEBUG[0m [2methereum_transaction_pool_monitor::eth_client[0m[2m:[0m 📨 Received WebSocket message: {"jsonrpc":"2.0","method":"eth_subscription","params":{"subscription":"0xbed0a0851463e895960a451075a301a9","result":"0xb6ea7d5ae52bdaee58efbf4170329e2aa7ff738060a41e74fdcadf35e5091382"}}
[2m2025-12-10T10:09:29.848544Z[0m [34mDEBUG[0m [2methereum_transaction_pool_monitor::eth_client[0m[2m:[0m 📨 Received pending transaction: 0xb6ea7d5ae52bdaee58efbf4170329e2aa7ff738060a41e74fdcadf35e5091382
[2m2025-12-10T10:09:29.848548Z[0m [34mDEBUG[0m [2methereum_transaction_pool_monitor::eth_client[0m[2m:[0m 📨 Received WebSocket message: {"jsonrpc":"2.0","method":"eth_subscription","params":{"subscription":"0xbed0a0851463e895960a451075a301a9","result":"0x27daee1d46d128159acaa4deff116b998dbd7f6af1bc015cf296e71c31742761"}}
[2m2025-12-10T10:09:29.848553Z[0m [34mDEBUG[0m [2methereum_transaction_pool_monitor::eth_client[0m[2m:[0m 📨 Received pending transaction: 0x27daee1d46d128159acaa4deff116b998dbd7f6af1bc015cf296e71c31742761
[2m2025-12-10T10:09:29.848557Z[0m [34mDEBUG[0m [2methereum_transaction_pool_monitor::eth_client[0m[2m:[0m 📨 Received WebSocket message: {"jsonrpc":"2.0","method":"eth_subscription","params":{"subscription":"0xbed0a0851463e895960a451075a301a9","result":"0xbb0e58bb060bf33c19a2385431eae79ef105aa3091da0d0229d0ad658d795462"}}
[2m2025-12-10T10:09:29.848561Z[0m [34mDEBUG[0m [2methereum_transaction_pool_monitor::eth_client[0m[2m:[0m 📨 Received pending transaction: 0xbb0e58bb060bf33c19a2385431eae79ef105aa3091da0d0229d0ad658d795462
[2m2025-12-10T10:09:29.848565Z[0m [34mDEBUG[0m [2methereum_transaction_pool_monitor::eth_client[0m[2m:[0m 📨 Received WebSocket message: {"jsonrpc":"2.0","method":"eth_subscription","params":{"subscription":"0xbed0a0851463e895960a451075a301a9","result":"0xafb62bbebd885c261f7d824530e7d408dab012f580db38d9a39005c2f480d9af"}}
[2m2025-12-10T10:09:29.848570Z[0m [34mDEBUG[0m [2methereum_transaction_pool_monitor::eth_client[0m[2m:[0m 📨 Received pending transaction: 0xafb62bbebd885c261f7d824530e7d408dab012f580db38d9a39005c2f480d9af
[2m2025-12-10T10:09:29.849170Z[0m [34mDEBUG[0m [2methereum_transaction_pool_monitor::eth_client[0m[2m:[0m 📨 Received WebSocket message: {"jsonrpc":"2.0","method":"eth_subscription","params":{"subscription":"0xbed0a0851463e895960a451075a301a9","result":"0x2644e5a9af0c65279f25fe2a4d0e4f10da1364aa10ee0ea841ba658ca69d8726"}}
[2m2025-12-10T10:09:29.849177Z[0m [34mDEBUG[0m [2methereum_transaction_pool_monitor::eth_client[0m[2m:[0m 📨 Received pending transaction: 0x2644e5a9af0c65279f25fe2a4d0e4f10da1364aa10ee0ea841ba658ca69d8726
[2m2025-12-10T10:09:29.854602Z[0m [34mDEBUG[0m [2methereum_transaction_pool_monitor::eth_client[0m[2m:[0m 📨 Received WebSocket message: {"jsonrpc":"2.0","method":"eth_subscription","params":{"subscription":"0xbed0a0851463e895960a451075a301a9","result":"0x4b82c94fc0bfec03b513ce895c936161db58cb3372d1bd38bb8faab6305e6497"}}
[2m2025-12-10T10:09:29.854608Z[0m [34mDEBUG[0m [2methereum_transaction_pool_monitor::eth_client[0m[2m:[0m 📨 Received pending transaction: 0x4b82c94fc0bfec03b513ce895c936161db58cb3372d1bd38bb8faab6305e6497
[2m2025-12-10T10:09:29.854621Z[0m [34mDEBUG[0m [2mhyper::proto::h1::io[0m[2m:[0m parsed 4 headers
[2m2025-12-10T10:09:29.854626Z[0m [34mDEBUG[0m [2mhyper::proto::h1::io[0m[2m:[0m parsed 4 headers
[2m2025-12-10T10:09:29.854636Z[0m [34mDEBUG[0m [2mhyper::proto::h1::conn[0m[2m:[0m incoming body is content-length (45 bytes)
[2m2025-12-10T10:09:29.854627Z[0m [34mDEBUG[0m [2mhyper::proto::h1::conn[0m[2m:[0m incoming body is content-length (778 bytes)
[2m2025-12-10T10:09:29.854645Z[0m [34mDEBUG[0m [2mhyper::proto::h1::conn[0m[2m:[0m incoming body completed
[2m2025-12-10T10:09:29.854651Z[0m [34mDEBUG[0m [2mhyper::proto::h1::conn[0m[2m:[0m incoming body completed
[2m2025-12-10T10:09:29.854658Z[0m [34mDEBUG[0m [2mhyper::client::pool[0m[2m:[0m pooling idle connection for ("http", 192.168.0.14:8545)
[2m2025-12-10T10:09:29.854660Z[0m [34mDEBUG[0m [2mhyper::client::pool[0m[2m:[0m pooling idle connection for ("http", 192.168.0.14:8545)
[2m2025-12-10T10:09:29.854669Z[0m [34mDEBUG[0m [2methereum_transaction_pool_monitor::eth_client[0m[2m:[0m 📡 Transaction fetch RPC completed in 6.308834ms
[2m2025-12-10T10:09:29.854681Z[0m [34mDEBUG[0m [2methereum_transaction_pool_monitor::eth_client[0m[2m:[0m DeFi transaction detected - Address: 0xdac17f958d2ee523a2206206994597c13d831ec7, Type: Stablecoin, Value: 0 ETH, Gas: 127.50 Gwei
[2m2025-12-10T10:09:29.854692Z[0m [34mDEBUG[0m [2methereum_transaction_pool_monitor::eth_client[0m[2m:[0m ✅ Transaction 0xbd286fda02271326c467820ed1e9f2113d3282f5663e45f324a21bd7fc3dca1a fetched and parsed in 6.332125ms
[2m2025-12-10T10:09:29.854698Z[0m [34mDEBUG[0m [2methereum_transaction_pool_monitor::mempool_monitor[0m[2m:[0m 🔍 Skipping tx 0xbd286fda02271326c467820ed1e9f2113d3282f5663e45f324a21bd7fc3dca1a - not a DEX interaction (target: 0xdAC17F958D2ee523a2206206994597C13D831ec7)
[2m2025-12-10T10:09:29.854703Z[0m [34mDEBUG[0m [2methereum_transaction_pool_monitor::mempool_monitor[0m[2m:[0m 📨 Processing new pending transaction: 0xe96a49dce3695cdb0da25a190473539d292c30e913658cd824110614020f2845
[2m2025-12-10T10:09:29.854707Z[0m [34mDEBUG[0m [2methereum_transaction_pool_monitor::mempool_monitor[0m[2m:[0m 🔍 Fetching transaction details for: 0xe96a49dce3695cdb0da25a190473539d292c30e913658cd824110614020f2845
[2m2025-12-10T10:09:29.854711Z[0m [34mDEBUG[0m [2methereum_transaction_pool_monitor::eth_client[0m[2m:[0m 🔍 Fetching transaction details for hash: 0xe96a49dce3695cdb0da25a190473539d292c30e913658cd824110614020f2845
[2m2025-12-10T10:09:29.854718Z[0m [34mDEBUG[0m [2mhyper::client::pool[0m[2m:[0m reuse idle connection for ("http", 192.168.0.14:8545)
[2m2025-12-10T10:09:29.854734Z[0m [34mDEBUG[0m [2mhyper::proto::h1::io[0m[2m:[0m flushed 250 bytes
[2m2025-12-10T10:09:29.862589Z[0m [34mDEBUG[0m [2mhyper::proto::h1::io[0m[2m:[0m parsed 4 headers
[2m2025-12-10T10:09:29.862602Z[0m [34mDEBUG[0m [2mhyper::proto::h1::conn[0m[2m:[0m incoming body is content-length (778 bytes)
[2m2025-12-10T10:09:29.862610Z[0m [34mDEBUG[0m [2mhyper::proto::h1::conn[0m[2m:[0m incoming body completed
[2m2025-12-10T10:09:29.862621Z[0m [34mDEBUG[0m [2mhyper::client::pool[0m[2m:[0m pooling idle connection for ("http", 192.168.0.14:8545)
[2m2025-12-10T10:09:29.862629Z[0m [34mDEBUG[0m [2methereum_transaction_pool_monitor::eth_client[0m[2m:[0m 📡 Transaction fetch RPC completed in 7.914292ms
[2m2025-12-10T10:09:29.933036Z[0m [34mDEBUG[0m [2methereum_transaction_pool_monitor::eth_client[0m[2m:[0m ✅ Transaction 0xe96a49dce3695cdb0da25a190473539d292c30e913658cd824110614020f2845 fetched and parsed in 78.319042ms
[2m2025-12-10T10:09:29.933065Z[0m [34mDEBUG[0m [2methereum_transaction_pool_monitor::mempool_monitor[0m[2m:[0m 🔍 Skipping tx 0xe96a49dce3695cdb0da25a190473539d292c30e913658cd824110614020f2845 - not a DEX interaction (target: 0xfAB99fCF605fD8f4593EDb70A43bA56542777777)
[2m2025-12-10T10:09:29.933076Z[0m [34mDEBUG[0m [2methereum_transaction_pool_monitor::mempool_monitor[0m[2m:[0m 📨 Processing new pending transaction: 0xc91a9d074eab7a2f07e8c548bf7a2bdc9823b1be11ab66cfb1e0ffd272dc7c81
[2m2025-12-10T10:09:29.933082Z[0m [34mDEBUG[0m [2methereum_transaction_pool_monitor::mempool_monitor[0m[2m:[0m 🔍 Fetching transaction details for: 0xc91a9d074eab7a2f07e8c548bf7a2bdc9823b1be11ab66cfb1e0ffd272dc7c81
[2m2025-12-10T10:09:29.933087Z[0m [34mDEBUG[0m [2methereum_transaction_pool_monitor::eth_client[0m[2m:[0m 🔍 Fetching transaction details for hash: 0xc91a9d074eab7a2f07e8c548bf7a2bdc9823b1be11ab66cfb1e0ffd272dc7c81
[2m2025-12-10T10:09:29.933109Z[0m [34mDEBUG[0m [2mhyper::client::pool[0m[2m:[0m reuse idle connection for ("http", 192.168.0.14:8545)
[2m2025-12-10T10:09:29.933162Z[0m [34mDEBUG[0m [2mhyper::proto::h1::io[0m[2m:[0m flushed 250 bytes
[2m2025-12-10T10:09:29.933188Z[0m [34mDEBUG[0m [2mhyper::client::pool[0m[2m:[0m reuse idle connection for ("http", 192.168.0.14:8545)
[2m2025-12-10T10:09:29.933206Z[0m [34mDEBUG[0m [2mhyper::proto::h1::io[0m[2m:[0m flushed 172 bytes
[2m2025-12-10T10:09:29.933216Z[0m [34mDEBUG[0m [2methereum_transaction_pool_monitor::eth_client[0m[2m:[0m 📨 Received WebSocket message: {"jsonrpc":"2.0","method":"eth_subscription","params":{"subscription":"0xbed0a0851463e895960a451075a301a9","result":"0x80734cc3a69545ac4ec1bd8d4f749c8e654981aa299684ec7039aacc311e5bf5"}}
[2m2025-12-10T10:09:29.933224Z[0m [34mDEBUG[0m [2methereum_transaction_pool_monitor::eth_client[0m[2m:[0m 📨 Received pending transaction: 0x80734cc3a69545ac4ec1bd8d4f749c8e654981aa299684ec7039aacc311e5bf5
[2m2025-12-10T10:09:29.933231Z[0m [34mDEBUG[0m [2methereum_transaction_pool_monitor::eth_client[0m[2m:[0m 📨 Received WebSocket message: {"jsonrpc":"2.0","method":"eth_subscription","params":{"subscription":"0xbed0a0851463e895960a451075a301a9","result":"0x1b6c9eeeff20b35dd259ff190a1ddd61be88f62ebb65de7f9ae2bde4549d2c40"}}
[2m2025-12-10T10:09:29.933242Z[0m [34mDEBUG[0m [2methereum_transaction_pool_monitor::eth_client[0m[2m:[0m 📨 Received pending transaction: 0x1b6c9eeeff20b35dd259ff190a1ddd61be88f62ebb65de7f9ae2bde4549d2c40
[2m2025-12-10T10:09:29.933249Z[0m [34mDEBUG[0m [2methereum_transaction_pool_monitor::eth_client[0m[2m:[0m 📨 Received WebSocket message: {"jsonrpc":"2.0","method":"eth_subscription","params":{"subscription":"0xbed0a0851463e895960a451075a301a9","result":"0x5f18fa541274b32d2501565279c9d26cb5b2df3504b91d6f34eeba752b0e23fd"}}
[2m2025-12-10T10:09:29.933259Z[0m [34mDEBUG[0m [2methereum_transaction_pool_monitor::eth_client[0m[2m:[0m 📨 Received pending transaction: 0x5f18fa541274b32d2501565279c9d26cb5b2df3504b91d6f34eeba752b0e23fd
[2m2025-12-10T10:09:29.933268Z[0m [34mDEBUG[0m [2methereum_transaction_pool_monitor::eth_client[0m[2m:[0m 📨 Received WebSocket message: {"jsonrpc":"2.0","method":"eth_subscription","params":{"subscription":"0xbed0a0851463e895960a451075a301a9","result":"0x7a3c18e3f2e44390fe53c6e4d05d71212b74365c38a323c998b2674757b199b9"}}
[2m2025-12-10T10:09:29.933276Z[0m [34mDEBUG[0m [2methereum_transaction_pool_monitor::eth_client[0m[2m:[0m 📨 Received pending transaction: 0x7a3c18e3f2e44390fe53c6e4d05d71212b74365c38a323c998b2674757b199b9
[2m2025-12-10T10:09:29.933285Z[0m [34mDEBUG[0m [2methereum_transaction_pool_monitor::eth_client[0m[2m:[0m 📨 Received WebSocket message: {"jsonrpc":"2.0","method":"eth_subscription","params":{"subscription":"0xbed0a0851463e895960a451075a301a9","result":"0xd3706289d74a6e3a9c9ddf8cfc25ddfb797ceff42f5193390c3cb43511c6fd3b"}}
[2m2025-12-10T10:09:29.933291Z[0m [34mDEBUG[0m [2methereum_transaction_pool_monitor::eth_client[0m[2m:[0m 📨 Received pending transaction: 0xd3706289d74a6e3a9c9ddf8cfc25ddfb797ceff42f5193390c3cb43511c6fd3b
[2m2025-12-10T10:09:29.933297Z[0m [34mDEBUG[0m [2methereum_transaction_pool_monitor::eth_client[0m[2m:[0m 📨 Received WebSocket message: {"jsonrpc":"2.0","method":"eth_subscription","params":{"subscription":"0xbed0a0851463e895960a451075a301a9","result":"0x38fac9466470232c83aca41d8a438014f791b2751b6235b5acc8d75150019491"}}
[2m2025-12-10T10:09:29.933303Z[0m [34mDEBUG[0m [2methereum_transaction_pool_monitor::eth_client[0m[2m:[0m 📨 Received pending transaction: 0x38fac9466470232c83aca41d8a438014f791b2751b6235b5acc8d75150019491
[2m2025-12-10T10:09:29.933308Z[0m [34mDEBUG[0m [2methereum_transaction_pool_monitor::eth_client[0m[2m:[0m 📨 Received WebSocket message: {"jsonrpc":"2.0","method":"eth_subscription","params":{"subscription":"0xbed0a0851463e895960a451075a301a9","result":"0x1aec529210b1f8691d71c0f0b3c3bac03e56922f6ca66e864cab5b305798c805"}}
[2m2025-12-10T10:09:29.933314Z[0m [34mDEBUG[0m [2methereum_transaction_pool_monitor::eth_client[0m[2m:[0m 📨 Received pending transaction: 0x1aec529210b1f8691d71c0f0b3c3bac03e56922f6ca66e864cab5b305798c805
[2m2025-12-10T10:09:29.940460Z[0m [34mDEBUG[0m [2mhyper::proto::h1::io[0m[2m:[0m parsed 4 headers
[2m2025-12-10T10:09:29.940471Z[0m [34mDEBUG[0m [2mhyper::proto::h1::conn[0m[2m:[0m incoming body is content-length (1732 bytes)
[2m2025-12-10T10:09:29.940483Z[0m [34mDEBUG[0m [2mhyper::proto::h1::conn[0m[2m:[0m incoming body completed
[2m2025-12-10T10:09:29.940494Z[0m [34mDEBUG[0m [2mhyper::client::pool[0m[2m:[0m pooling idle connection for ("http", 192.168.0.14:8545)
[2m2025-12-10T10:09:29.940501Z[0m [34mDEBUG[0m [2methereum_transaction_pool_monitor::eth_client[0m[2m:[0m 📡 Transaction fetch RPC completed in 7.4085ms
[2m2025-12-10T10:09:30.011962Z[0m [34mDEBUG[0m [2methereum_transaction_pool_monitor::eth_client[0m[2m:[0m ✅ Transaction 0xc91a9d074eab7a2f07e8c548bf7a2bdc9823b1be11ab66cfb1e0ffd272dc7c81 fetched and parsed in 78.867333ms
[2m2025-12-10T10:09:30.011988Z[0m [34mDEBUG[0m [2methereum_transaction_pool_monitor::mempool_monitor[0m[2m:[0m 🔍 Skipping tx 0xc91a9d074eab7a2f07e8c548bf7a2bdc9823b1be11ab66cfb1e0ffd272dc7c81 - not a DEX interaction (target: 0x601a2aD6CB5949f0529735254189Ba3194221EDF)
[2m2025-12-10T10:09:30.011999Z[0m [34mDEBUG[0m [2methereum_transaction_pool_monitor::mempool_monitor[0m[2m:[0m 📨 Processing new pending transaction: 0xd1bab2922ee5f0171beda74a13b77fccb6a4758b3de860f99ba9e48c3aaa95b1
[2m2025-12-10T10:09:30.012007Z[0m [34mDEBUG[0m [2methereum_transaction_pool_monitor::mempool_monitor[0m[2m:[0m 🔍 Fetching transaction details for: 0xd1bab2922ee5f0171beda74a13b77fccb6a4758b3de860f99ba9e48c3aaa95b1
[2m2025-12-10T10:09:30.012015Z[0m [34mDEBUG[0m [2methereum_transaction_pool_monitor::eth_client[0m[2m:[0m 🔍 Fetching transaction details for hash: 0xd1bab2922ee5f0171beda74a13b77fccb6a4758b3de860f99ba9e48c3aaa95b1
[2m2025-12-10T10:09:30.012034Z[0m [34mDEBUG[0m [2mhyper::client::pool[0m[2m:[0m reuse idle connection for ("http", 192.168.0.14:8545)
[2m2025-12-10T10:09:30.012079Z[0m [34mDEBUG[0m [2mhyper::proto::h1::io[0m[2m:[0m flushed 250 bytes
[2m2025-12-10T10:09:30.012098Z[0m [34mDEBUG[0m [2mhyper::proto::h1::io[0m[2m:[0m parsed 4 headers
[2m2025-12-10T10:09:30.012103Z[0m [34mDEBUG[0m [2mhyper::proto::h1::conn[0m[2m:[0m incoming body is content-length (45 bytes)
[2m2025-12-10T10:09:30.012109Z[0m [34mDEBUG[0m [2mhyper::proto::h1::conn[0m[2m:[0m incoming body completed
[2m2025-12-10T10:09:30.012120Z[0m [34mDEBUG[0m [2mhyper::client::pool[0m[2m:[0m pooling idle connection for ("http", 192.168.0.14:8545)
[2m2025-12-10T10:09:30.012136Z[0m [34mDEBUG[0m [2mhyper::client::pool[0m[2m:[0m reuse idle connection for ("http", 192.168.0.14:8545)
[2m2025-12-10T10:09:30.012151Z[0m [34mDEBUG[0m [2mhyper::proto::h1::io[0m[2m:[0m flushed 172 bytes
[2m2025-12-10T10:09:30.016461Z[0m [34mDEBUG[0m [2mhyper::proto::h1::io[0m[2m:[0m parsed 4 headers
[2m2025-12-10T10:09:30.016469Z[0m [34mDEBUG[0m [2mhyper::proto::h1::conn[0m[2m:[0m incoming body is content-length (647 bytes)
[2m2025-12-10T10:09:30.016475Z[0m [34mDEBUG[0m [2mhyper::proto::h1::conn[0m[2m:[0m incoming body completed
[2m2025-12-10T10:09:30.016481Z[0m [34mDEBUG[0m [2mhyper::client::pool[0m[2m:[0m pooling idle connection for ("http", 192.168.0.14:8545)
[2m2025-12-10T10:09:30.016487Z[0m [34mDEBUG[0m [2methereum_transaction_pool_monitor::eth_client[0m[2m:[0m 📡 Transaction fetch RPC completed in 4.46675ms
[2m2025-12-10T10:09:30.087276Z[0m [34mDEBUG[0m [2methereum_transaction_pool_monitor::eth_client[0m[2m:[0m ✅ Transaction 0xd1bab2922ee5f0171beda74a13b77fccb6a4758b3de860f99ba9e48c3aaa95b1 fetched and parsed in 75.25275ms
[2m2025-12-10T10:09:30.087306Z[0m [34mDEBUG[0m [2methereum_transaction_pool_monitor::mempool_monitor[0m[2m:[0m 🔍 Skipping tx 0xd1bab2922ee5f0171beda74a13b77fccb6a4758b3de860f99ba9e48c3aaa95b1 - not a DEX interaction (target: 0x72193eDf8DDBbED30ca0c6f6b53a0330b8dcD827)
[2m2025-12-10T10:09:30.087317Z[0m [34mDEBUG[0m [2methereum_transaction_pool_monitor::mempool_monitor[0m[2m:[0m 📨 Processing new pending transaction: 0xb684b8c9a004ff4b4fb80881eb09f6864085d78ee2bfdb624169a1a6b3d10db0
[2m2025-12-10T10:09:30.087325Z[0m [34mDEBUG[0m [2methereum_transaction_pool_monitor::mempool_monitor[0m[2m:[0m 🔍 Fetching transaction details for: 0xb684b8c9a004ff4b4fb80881eb09f6864085d78ee2bfdb624169a1a6b3d10db0
[2m2025-12-10T10:09:30.087331Z[0m [34mDEBUG[0m [2methereum_transaction_pool_monitor::eth_client[0m[2m:[0m 🔍 Fetching transaction details for hash: 0xb684b8c9a004ff4b4fb80881eb09f6864085d78ee2bfdb624169a1a6b3d10db0
[2m2025-12-10T10:09:30.087353Z[0m [34mDEBUG[0m [2mhyper::client::pool[0m[2m:[0m reuse idle connection for ("http", 192.168.0.14:8545)
[2m2025-12-10T10:09:30.087400Z[0m [34mDEBUG[0m [2mhyper::proto::h1::io[0m[2m:[0m flushed 250 bytes
[2m2025-12-10T10:09:30.087423Z[0m [34mDEBUG[0m [2methereum_transaction_pool_monitor::eth_client[0m[2m:[0m 📨 Received WebSocket message: {"jsonrpc":"2.0","method":"eth_subscription","params":{"subscription":"0xbed0a0851463e895960a451075a301a9","result":"0x8018c5bd67ea2c5f8defd10f0adbef4c1a5d6cbbde8dc20ff13254d1607be16c"}}
[2m2025-12-10T10:09:30.087433Z[0m [34mDEBUG[0m [2methereum_transaction_pool_monitor::eth_client[0m[2m:[0m 📨 Received pending transaction: 0x8018c5bd67ea2c5f8defd10f0adbef4c1a5d6cbbde8dc20ff13254d1607be16c
[2m2025-12-10T10:09:30.087474Z[0m [34mDEBUG[0m [2mhyper::proto::h1::io[0m[2m:[0m parsed 4 headers
[2m2025-12-10T10:09:30.087480Z[0m [34mDEBUG[0m [2mhyper::proto::h1::conn[0m[2m:[0m incoming body is content-length (45 bytes)
[2m2025-12-10T10:09:30.087490Z[0m [34mDEBUG[0m [2mhyper::proto::h1::conn[0m[2m:[0m incoming body completed
[2m2025-12-10T10:09:30.087499Z[0m [34mDEBUG[0m [2mhyper::client::pool[0m[2m:[0m pooling idle connection for ("http", 192.168.0.14:8545)
[2m2025-12-10T10:09:30.093475Z[0m [34mDEBUG[0m [2mhyper::proto::h1::io[0m[2m:[0m parsed 4 headers
[2m2025-12-10T10:09:30.093481Z[0m [34mDEBUG[0m [2mhyper::proto::h1::conn[0m[2m:[0m incoming body is content-length (1988 bytes)
[2m2025-12-10T10:09:30.093488Z[0m [34mDEBUG[0m [2mhyper::proto::h1::conn[0m[2m:[0m incoming body completed
[2m2025-12-10T10:09:30.093498Z[0m [34mDEBUG[0m [2mhyper::client::pool[0m[2m:[0m pooling idle connection for ("http", 192.168.0.14:8545)
[2m2025-12-10T10:09:30.093506Z[0m [34mDEBUG[0m [2methereum_transaction_pool_monitor::eth_client[0m[2m:[0m 📡 Transaction fetch RPC completed in 6.170833ms
[2m2025-12-10T10:09:30.164611Z[0m [34mDEBUG[0m [2methereum_transaction_pool_monitor::eth_client[0m[2m:[0m ✅ Transaction 0xb684b8c9a004ff4b4fb80881eb09f6864085d78ee2bfdb624169a1a6b3d10db0 fetched and parsed in 77.272833ms
[2m2025-12-10T10:09:30.164642Z[0m [34mDEBUG[0m [2methereum_transaction_pool_monitor::mempool_monitor[0m[2m:[0m 🔍 Skipping tx 0xb684b8c9a004ff4b4fb80881eb09f6864085d78ee2bfdb624169a1a6b3d10db0 - not a DEX interaction (target: 0x6729B9Df0b4FECCb71D2D06A9ce445f1110ABf7B)
[2m2025-12-10T10:09:30.164653Z[0m [34mDEBUG[0m [2methereum_transaction_pool_monitor::mempool_monitor[0m[2m:[0m 📨 Processing new pending transaction: 0xea1639dcfc19bb85c486a7eae82d60b6df3938725d13e605e69b46565a1f3389
[2m2025-12-10T10:09:30.164659Z[0m [34mDEBUG[0m [2methereum_transaction_pool_monitor::mempool_monitor[0m[2m:[0m 🔍 Fetching transaction details for: 0xea1639dcfc19bb85c486a7eae82d60b6df3938725d13e605e69b46565a1f3389
[2m2025-12-10T10:09:30.164665Z[0m [34mDEBUG[0m [2methereum_transaction_pool_monitor::eth_client[0m[2m:[0m 🔍 Fetching transaction details for hash: 0xea1639dcfc19bb85c486a7eae82d60b6df3938725d13e605e69b46565a1f3389
[2m2025-12-10T10:09:30.164687Z[0m [34mDEBUG[0m [2mhyper::client::pool[0m[2m:[0m reuse idle connection for ("http", 192.168.0.14:8545)
[2m2025-12-10T10:09:30.164741Z[0m [34mDEBUG[0m [2mhyper::proto::h1::io[0m[2m:[0m flushed 250 bytes
[2m2025-12-10T10:09:30.164762Z[0m [34mDEBUG[0m [2mhyper::client::pool[0m[2m:[0m reuse idle connection for ("http", 192.168.0.14:8545)
[2m2025-12-10T10:09:30.164774Z[0m [34mDEBUG[0m [2methereum_transaction_pool_monitor::eth_client[0m[2m:[0m 📨 Received WebSocket message: {"jsonrpc":"2.0","method":"eth_subscription","params":{"subscription":"0xbed0a0851463e895960a451075a301a9","result":"0x3712b53a75a9c49929c5002b40a34733c1e1801eea1e6d251149d645eabc62a3"}}
[2m2025-12-10T10:09:30.164778Z[0m [34mDEBUG[0m [2mhyper::proto::h1::io[0m[2m:[0m flushed 172 bytes
[2m2025-12-10T10:09:30.164788Z[0m [34mDEBUG[0m [2methereum_transaction_pool_monitor::eth_client[0m[2m:[0m 📨 Received pending transaction: 0x3712b53a75a9c49929c5002b40a34733c1e1801eea1e6d251149d645eabc62a3
[2m2025-12-10T10:09:30.164797Z[0m [34mDEBUG[0m [2methereum_transaction_pool_monitor::eth_client[0m[2m:[0m 📨 Received WebSocket message: {"jsonrpc":"2.0","method":"eth_subscription","params":{"subscription":"0xbed0a0851463e895960a451075a301a9","result":"0xd4d0199b5a927a89a1906f6c2fd0c708af905fd940a896d47a49340d8f0153b8"}}
[2m2025-12-10T10:09:30.164803Z[0m [34mDEBUG[0m [2methereum_transaction_pool_monitor::eth_client[0m[2m:[0m 📨 Received pending transaction: 0xd4d0199b5a927a89a1906f6c2fd0c708af905fd940a896d47a49340d8f0153b8
[2m2025-12-10T10:09:30.168239Z[0m [34mDEBUG[0m [2mhyper::proto::h1::io[0m[2m:[0m parsed 4 headers
[2m2025-12-10T10:09:30.168251Z[0m [34mDEBUG[0m [2mhyper::proto::h1::conn[0m[2m:[0m incoming body is content-length (778 bytes)
[2m2025-12-10T10:09:30.168258Z[0m [34mDEBUG[0m [2mhyper::proto::h1::conn[0m[2m:[0m incoming body completed
[2m2025-12-10T10:09:30.168268Z[0m [34mDEBUG[0m [2mhyper::client::pool[0m[2m:[0m pooling idle connection for ("http", 192.168.0.14:8545)
[2m2025-12-10T10:09:30.168274Z[0m [34mDEBUG[0m [2methereum_transaction_pool_monitor::eth_client[0m[2m:[0m 📡 Transaction fetch RPC completed in 3.60425ms
[2m2025-12-10T10:09:30.240088Z[0m [34mDEBUG[0m [2methereum_transaction_pool_monitor::eth_client[0m[2m:[0m ✅ Transaction 0xea1639dcfc19bb85c486a7eae82d60b6df3938725d13e605e69b46565a1f3389 fetched and parsed in 75.415292ms
[2m2025-12-10T10:09:30.240114Z[0m [34mDEBUG[0m [2methereum_transaction_pool_monitor::mempool_monitor[0m[2m:[0m 🔍 Skipping tx 0xea1639dcfc19bb85c486a7eae82d60b6df3938725d13e605e69b46565a1f3389 - not a DEX interaction (target: 0x9C7BEBa8F6eF6643aBd725e45a4E8387eF260649)
[2m2025-12-10T10:09:30.240124Z[0m [34mDEBUG[0m [2methereum_transaction_pool_monitor::mempool_monitor[0m[2m:[0m 📨 Processing new pending transaction: 0xaf65f761c752c589afb9081579e89ec579b2c32740c1115e94bb27b0ce10f046
[2m2025-12-10T10:09:30.240132Z[0m [34mDEBUG[0m [2methereum_transaction_pool_monitor::mempool_monitor[0m[2m:[0m 🔍 Fetching transaction details for: 0xaf65f761c752c589afb9081579e89ec579b2c32740c1115e94bb27b0ce10f046
[2m2025-12-10T10:09:30.240138Z[0m [34mDEBUG[0m [2methereum_transaction_pool_monitor::eth_client[0m[2m:[0m 🔍 Fetching transaction details for hash: 0xaf65f761c752c589afb9081579e89ec579b2c32740c1115e94bb27b0ce10f046
[2m2025-12-10T10:09:30.240157Z[0m [34mDEBUG[0m [2mhyper::client::pool[0m[2m:[0m reuse idle connection for ("http", 192.168.0.14:8545)
[2m2025-12-10T10:09:30.240214Z[0m [34mDEBUG[0m [2mhyper::proto::h1::io[0m[2m:[0m flushed 250 bytes
[2m2025-12-10T10:09:30.240232Z[0m [34mDEBUG[0m [2mhyper::proto::h1::io[0m[2m:[0m parsed 4 headers
[2m2025-12-10T10:09:30.240236Z[0m [34mDEBUG[0m [2mhyper::proto::h1::conn[0m[2m:[0m incoming body is content-length (45 bytes)
[2m2025-12-10T10:09:30.240244Z[0m [34mDEBUG[0m [2mhyper::proto::h1::conn[0m[2m:[0m incoming body completed
[2m2025-12-10T10:09:30.240256Z[0m [34mDEBUG[0m [2mhyper::client::pool[0m[2m:[0m pooling idle connection for ("http", 192.168.0.14:8545)
[2m2025-12-10T10:09:30.240273Z[0m [34mDEBUG[0m [2mhyper::client::pool[0m[2m:[0m reuse idle connection for ("http", 192.168.0.14:8545)
[2m2025-12-10T10:09:30.240290Z[0m [34mDEBUG[0m [2mhyper::proto::h1::io[0m[2m:[0m flushed 172 bytes
[2m2025-12-10T10:09:30.245570Z[0m [34mDEBUG[0m [2mhyper::proto::h1::io[0m[2m:[0m parsed 4 headers
[2m2025-12-10T10:09:30.245602Z[0m [34mDEBUG[0m [2mhyper::proto::h1::conn[0m[2m:[0m incoming body is content-length (1097 bytes)
[2m2025-12-10T10:09:30.245625Z[0m [34mDEBUG[0m [2mhyper::proto::h1::conn[0m[2m:[0m incoming body completed
[2m2025-12-10T10:09:30.245634Z[0m [34mDEBUG[0m [2mhyper::client::pool[0m[2m:[0m pooling idle connection for ("http", 192.168.0.14:8545)
[2m2025-12-10T10:09:30.245660Z[0m [34mDEBUG[0m [2methereum_transaction_pool_monitor::eth_client[0m[2m:[0m 📡 Transaction fetch RPC completed in 5.517125ms
[2m2025-12-10T10:09:30.317035Z[0m [34mDEBUG[0m [2methereum_transaction_pool_monitor::eth_client[0m[2m:[0m ✅ Transaction 0xaf65f761c752c589afb9081579e89ec579b2c32740c1115e94bb27b0ce10f046 fetched and parsed in 76.889584ms
[2m2025-12-10T10:09:30.317060Z[0m [34mDEBUG[0m [2methereum_transaction_pool_monitor::mempool_monitor[0m[2m:[0m 🔍 Skipping tx 0xaf65f761c752c589afb9081579e89ec579b2c32740c1115e94bb27b0ce10f046 - not a DEX interaction (target: 0xEe7aE85f2Fe2239E27D9c1E23fFFe168D63b4055)
[2m2025-12-10T10:09:30.317071Z[0m [34mDEBUG[0m [2methereum_transaction_pool_monitor::mempool_monitor[0m[2m:[0m 📨 Processing new pending transaction: 0x96979ba07be7877a70a2c3c811fb75b096be355d21732c2159b10ef74df3def3
[2m2025-12-10T10:09:30.317079Z[0m [34mDEBUG[0m [2methereum_transaction_pool_monitor::mempool_monitor[0m[2m:[0m 🔍 Fetching transaction details for: 0x96979ba07be7877a70a2c3c811fb75b096be355d21732c2159b10ef74df3def3
[2m2025-12-10T10:09:30.317084Z[0m [34mDEBUG[0m [2methereum_transaction_pool_monitor::eth_client[0m[2m:[0m 🔍 Fetching transaction details for hash: 0x96979ba07be7877a70a2c3c811fb75b096be355d21732c2159b10ef74df3def3
[2m2025-12-10T10:09:30.317102Z[0m [34mDEBUG[0m [2mhyper::client::pool[0m[2m:[0m reuse idle connection for ("http", 192.168.0.14:8545)
[2m2025-12-10T10:09:30.317146Z[0m [34mDEBUG[0m [2mhyper::proto::h1::io[0m[2m:[0m flushed 250 bytes
[2m2025-12-10T10:09:30.317172Z[0m [34mDEBUG[0m [2methereum_transaction_pool_monitor::eth_client[0m[2m:[0m 📨 Received WebSocket message: {"jsonrpc":"2.0","method":"eth_subscription","params":{"subscription":"0xbed0a0851463e895960a451075a301a9","result":"0xe07dbc827d8abfaae2a4d565d301816ce27c82cc9aba30c1823072947e9d49f2"}}
[2m2025-12-10T10:09:30.317174Z[0m [34mDEBUG[0m [2mhyper::proto::h1::io[0m[2m:[0m parsed 4 headers
[2m2025-12-10T10:09:30.317182Z[0m [34mDEBUG[0m [2methereum_transaction_pool_monitor::eth_client[0m[2m:[0m 📨 Received pending transaction: 0xe07dbc827d8abfaae2a4d565d301816ce27c82cc9aba30c1823072947e9d49f2
[2m2025-12-10T10:09:30.317188Z[0m [34mDEBUG[0m [2mhyper::proto::h1::conn[0m[2m:[0m incoming body is content-length (45 bytes)
[2m2025-12-10T10:09:30.317195Z[0m [34mDEBUG[0m [2methereum_transaction_pool_monitor::eth_client[0m[2m:[0m 📨 Received WebSocket message: {"jsonrpc":"2.0","method":"eth_subscription","params":{"subscription":"0xbed0a0851463e895960a451075a301a9","result":"0x88b2b16119ad92f65a9b89c7e454c4018e8a6fdb4bf2a72f5b8fc6857b2d0c4e"}}
[2m2025-12-10T10:09:30.317201Z[0m [34mDEBUG[0m [2mhyper::proto::h1::conn[0m[2m:[0m incoming body completed
[2m2025-12-10T10:09:30.317202Z[0m [34mDEBUG[0m [2methereum_transaction_pool_monitor::eth_client[0m[2m:[0m 📨 Received pending transaction: 0x88b2b16119ad92f65a9b89c7e454c4018e8a6fdb4bf2a72f5b8fc6857b2d0c4e
[2m2025-12-10T10:09:30.317212Z[0m [34mDEBUG[0m [2mhyper::client::pool[0m[2m:[0m pooling idle connection for ("http", 192.168.0.14:8545)
[2m2025-12-10T10:09:30.317243Z[0m [34mDEBUG[0m [2mhyper::client::pool[0m[2m:[0m reuse idle connection for ("http", 192.168.0.14:8545)
[2m2025-12-10T10:09:30.317260Z[0m [34mDEBUG[0m [2mhyper::proto::h1::io[0m[2m:[0m flushed 172 bytes
[2m2025-12-10T10:09:30.322579Z[0m [34mDEBUG[0m [2mhyper::proto::h1::io[0m[2m:[0m parsed 4 headers
[2m2025-12-10T10:09:30.322584Z[0m [34mDEBUG[0m [2mhyper::proto::h1::conn[0m[2m:[0m incoming body is content-length (772 bytes)
[2m2025-12-10T10:09:30.322590Z[0m [34mDEBUG[0m [2mhyper::proto::h1::conn[0m[2m:[0m incoming body completed
[2m2025-12-10T10:09:30.322596Z[0m [34mDEBUG[0m [2mhyper::client::pool[0m[2m:[0m pooling idle connection for ("http", 192.168.0.14:8545)
[2m2025-12-10T10:09:30.322601Z[0m [34mDEBUG[0m [2methereum_transaction_pool_monitor::eth_client[0m[2m:[0m 📡 Transaction fetch RPC completed in 5.5125ms
[2m2025-12-10T10:09:30.322614Z[0m [34mDEBUG[0m [2methereum_transaction_pool_monitor::eth_client[0m[2m:[0m DeFi transaction detected - Address: 0xdac17f958d2ee523a2206206994597c13d831ec7, Type: Stablecoin, Value: 0 ETH, Gas: 0.76 Gwei
[2m2025-12-10T10:09:30.322626Z[0m [34mDEBUG[0m [2methereum_transaction_pool_monitor::eth_client[0m[2m:[0m ✅ Transaction 0x96979ba07be7877a70a2c3c811fb75b096be355d21732c2159b10ef74df3def3 fetched and parsed in 5.537583ms
[2m2025-12-10T10:09:30.322632Z[0m [34mDEBUG[0m [2methereum_transaction_pool_monitor::mempool_monitor[0m[2m:[0m 🔍 Skipping tx 0x96979ba07be7877a70a2c3c811fb75b096be355d21732c2159b10ef74df3def3 - not a DEX interaction (target: 0xdAC17F958D2ee523a2206206994597C13D831ec7)
[2m2025-12-10T10:09:30.322638Z[0m [34mDEBUG[0m [2methereum_transaction_pool_monitor::mempool_monitor[0m[2m:[0m 📨 Processing new pending transaction: 0xdb38c80c472b6ffd204fb06993acf5a4f08687aa2bec11e4312e60dd43800eb2
[2m2025-12-10T10:09:30.322645Z[0m [34mDEBUG[0m [2methereum_transaction_pool_monitor::mempool_monitor[0m[2m:[0m 🔍 Fetching transaction details for: 0xdb38c80c472b6ffd204fb06993acf5a4f08687aa2bec11e4312e60dd43800eb2
[2m2025-12-10T10:09:30.322648Z[0m [34mDEBUG[0m [2methereum_transaction_pool_monitor::eth_client[0m[2m:[0m 🔍 Fetching transaction details for hash: 0xdb38c80c472b6ffd204fb06993acf5a4f08687aa2bec11e4312e60dd43800eb2
[2m2025-12-10T10:09:30.322656Z[0m [34mDEBUG[0m [2mhyper::client::pool[0m[2m:[0m reuse idle connection for ("http", 192.168.0.14:8545)
[2m2025-12-10T10:09:30.322668Z[0m [34mDEBUG[0m [2mhyper::proto::h1::io[0m[2m:[0m flushed 250 bytes
[2m2025-12-10T10:09:30.322675Z[0m [34mDEBUG[0m [2mhyper::proto::h1::io[0m[2m:[0m parsed 4 headers
[2m2025-12-10T10:09:30.322678Z[0m [34mDEBUG[0m [2mhyper::proto::h1::conn[0m[2m:[0m incoming body is content-length (45 bytes)
[2m2025-12-10T10:09:30.322682Z[0m [34mDEBUG[0m [2mhyper::proto::h1::conn[0m[2m:[0m incoming body completed
[2m2025-12-10T10:09:30.322687Z[0m [34mDEBUG[0m [2mhyper::client::pool[0m[2m:[0m pooling idle connection for ("http", 192.168.0.14:8545)
[2m2025-12-10T10:09:30.324956Z[0m [34mDEBUG[0m [2methereum_transaction_pool_monitor::eth_client[0m[2m:[0m 📨 Received WebSocket message: {"jsonrpc":"2.0","method":"eth_subscription","params":{"subscription":"0xbed0a0851463e895960a451075a301a9","result":"0x7f2408ac554ce28f95100a50c4a4390a1b264bbdcc5279d11a06f04e97163656"}}
[2m2025-12-10T10:09:30.324963Z[0m [34mDEBUG[0m [2methereum_transaction_pool_monitor::eth_client[0m[2m:[0m 📨 Received pending transaction: 0x7f2408ac554ce28f95100a50c4a4390a1b264bbdcc5279d11a06f04e97163656
[2m2025-12-10T10:09:30.329826Z[0m [34mDEBUG[0m [2mhyper::proto::h1::io[0m[2m:[0m parsed 4 headers
[2m2025-12-10T10:09:30.329831Z[0m [34mDEBUG[0m [2mhyper::proto::h1::conn[0m[2m:[0m incoming body is content-length (776 bytes)
[2m2025-12-10T10:09:30.329835Z[0m [34mDEBUG[0m [2mhyper::proto::h1::conn[0m[2m:[0m incoming body completed
[2m2025-12-10T10:09:30.329840Z[0m [34mDEBUG[0m [2mhyper::client::pool[0m[2m:[0m pooling idle connection for ("http", 192.168.0.14:8545)
[2m2025-12-10T10:09:30.329845Z[0m [34mDEBUG[0m [2methereum_transaction_pool_monitor::eth_client[0m[2m:[0m 📡 Transaction fetch RPC completed in 7.191958ms
[2m2025-12-10T10:09:30.329855Z[0m [34mDEBUG[0m [2methereum_transaction_pool_monitor::eth_client[0m[2m:[0m DeFi transaction detected - Address: 0xdac17f958d2ee523a2206206994597c13d831ec7, Type: Stablecoin, Value: 0 ETH, Gas: 5.25 Gwei
[2m2025-12-10T10:09:30.329865Z[0m [34mDEBUG[0m [2methereum_transaction_pool_monitor::eth_client[0m[2m:[0m ✅ Transaction 0xdb38c80c472b6ffd204fb06993acf5a4f08687aa2bec11e4312e60dd43800eb2 fetched and parsed in 7.212041ms
[2m2025-12-10T10:09:30.329870Z[0m [34mDEBUG[0m [2methereum_transaction_pool_monitor::mempool_monitor[0m[2m:[0m 🔍 Skipping tx 0xdb38c80c472b6ffd204fb06993acf5a4f08687aa2bec11e4312e60dd43800eb2 - not a DEX interaction (target: 0xdAC17F958D2ee523a2206206994597C13D831ec7)
[2m2025-12-10T10:09:30.329888Z[0m [34mDEBUG[0m [2methereum_transaction_pool_monitor::mempool_monitor[0m[2m:[0m 📨 Processing new pending transaction: 0x00b8f88423616f3ad5cd08be00fafd3b6246051695caf65073fb36e6e9dab3f1
[2m2025-12-10T10:09:30.329892Z[0m [34mDEBUG[0m [2methereum_transaction_pool_monitor::mempool_monitor[0m[2m:[0m 🔍 Fetching transaction details for: 0x00b8f88423616f3ad5cd08be00fafd3b6246051695caf65073fb36e6e9dab3f1
[2m2025-12-10T10:09:30.329895Z[0m [34mDEBUG[0m [2methereum_transaction_pool_monitor::eth_client[0m[2m:[0m 🔍 Fetching transaction details for hash: 0x00b8f88423616f3ad5cd08be00fafd3b6246051695caf65073fb36e6e9dab3f1
[2m2025-12-10T10:09:30.329902Z[0m [34mDEBUG[0m [2mhyper::client::pool[0m[2m:[0m reuse idle connection for ("http", 192.168.0.14:8545)
[2m2025-12-10T10:09:30.329913Z[0m [34mDEBUG[0m [2mhyper::proto::h1::io[0m[2m:[0m flushed 250 bytes
[2m2025-12-10T10:09:30.335254Z[0m [34mDEBUG[0m [2mhyper::proto::h1::io[0m[2m:[0m parsed 4 headers
[2m2025-12-10T10:09:30.335262Z[0m [34mDEBUG[0m [2mhyper::proto::h1::conn[0m[2m:[0m incoming body is content-length (830 bytes)
[2m2025-12-10T10:09:30.335270Z[0m [34mDEBUG[0m [2mhyper::proto::h1::conn[0m[2m:[0m incoming body completed
[2m2025-12-10T10:09:30.335278Z[0m [34mDEBUG[0m [2mhyper::client::pool[0m[2m:[0m pooling idle connection for ("http", 192.168.0.14:8545)
[2m2025-12-10T10:09:30.335293Z[0m [34mDEBUG[0m [2methereum_transaction_pool_monitor::eth_client[0m[2m:[0m 📡 Transaction fetch RPC completed in 5.393417ms
[2m2025-12-10T10:09:30.406422Z[0m [34mDEBUG[0m [2methereum_transaction_pool_monitor::eth_client[0m[2m:[0m ✅ Transaction 0x00b8f88423616f3ad5cd08be00fafd3b6246051695caf65073fb36e6e9dab3f1 fetched and parsed in 76.519667ms
[2m2025-12-10T10:09:30.406452Z[0m [34mDEBUG[0m [2methereum_transaction_pool_monitor::mempool_monitor[0m[2m:[0m 🔍 Skipping tx 0x00b8f88423616f3ad5cd08be00fafd3b6246051695caf65073fb36e6e9dab3f1 - not a DEX interaction (target: 0x3B4D794a66304F130a4Db8F2551B0070dfCf5ca7)
[2m2025-12-10T10:09:30.406464Z[0m [34mDEBUG[0m [2methereum_transaction_pool_monitor::mempool_monitor[0m[2m:[0m 📨 Processing new pending transaction: 0x9a758b37b50b7c949067d83458e5db4f92d4e3898b85316ae7cf94047964ecea
[2m2025-12-10T10:09:30.406472Z[0m [34mDEBUG[0m [2methereum_transaction_pool_monitor::mempool_monitor[0m[2m:[0m 🔍 Fetching transaction details for: 0x9a758b37b50b7c949067d83458e5db4f92d4e3898b85316ae7cf94047964ecea
[2m2025-12-10T10:09:30.406478Z[0m [34mDEBUG[0m [2methereum_transaction_pool_monitor::eth_client[0m[2m:[0m 🔍 Fetching transaction details for hash: 0x9a758b37b50b7c949067d83458e5db4f92d4e3898b85316ae7cf94047964ecea
[2m2025-12-10T10:09:30.406498Z[0m [34mDEBUG[0m [2mhyper::client::pool[0m[2m:[0m reuse idle connection for ("http", 192.168.0.14:8545)
[2m2025-12-10T10:09:30.406545Z[0m [34mDEBUG[0m [2mhyper::proto::h1::io[0m[2m:[0m flushed 250 bytes
[2m2025-12-10T10:09:30.406574Z[0m [34mDEBUG[0m [2mhyper::client::pool[0m[2m:[0m reuse idle connection for ("http", 192.168.0.14:8545)
[2m2025-12-10T10:09:30.406598Z[0m [34mDEBUG[0m [2mhyper::proto::h1::io[0m[2m:[0m flushed 172 bytes
[2m2025-12-10T10:09:30.414056Z[0m [34mDEBUG[0m [2mhyper::proto::h1::io[0m[2m:[0m parsed 4 headers
[2m2025-12-10T10:09:30.414067Z[0m [34mDEBUG[0m [2mhyper::proto::h1::conn[0m[2m:[0m incoming body is content-length (3970 bytes)
[2m2025-12-10T10:09:30.414075Z[0m [34mDEBUG[0m [2mhyper::proto::h1::conn[0m[2m:[0m incoming body completed
[2m2025-12-10T10:09:30.414083Z[0m [34mDEBUG[0m [2mhyper::client::pool[0m[2m:[0m pooling idle connection for ("http", 192.168.0.14:8545)
[2m2025-12-10T10:09:30.414090Z[0m [34mDEBUG[0m [2methereum_transaction_pool_monitor::eth_client[0m[2m:[0m 📡 Transaction fetch RPC completed in 7.608125ms
[2m2025-12-10T10:09:30.483462Z[0m [34mDEBUG[0m [2methereum_transaction_pool_monitor::eth_client[0m[2m:[0m ✅ Transaction 0x9a758b37b50b7c949067d83458e5db4f92d4e3898b85316ae7cf94047964ecea fetched and parsed in 76.976917ms
[2m2025-12-10T10:09:30.483490Z[0m [34mDEBUG[0m [2methereum_transaction_pool_monitor::mempool_monitor[0m[2m:[0m 🔍 Skipping tx 0x9a758b37b50b7c949067d83458e5db4f92d4e3898b85316ae7cf94047964ecea - not a DEX interaction (target: 0x0000000000001fF3684f28c67538d4D072C22734)
[2m2025-12-10T10:09:30.483500Z[0m [34mDEBUG[0m [2methereum_transaction_pool_monitor::mempool_monitor[0m[2m:[0m 📨 Processing new pending transaction: 0x169bbe3041d627522ec2cf255484e1f71c6d2bbe9484ee46205465ea623db125
[2m2025-12-10T10:09:30.483507Z[0m [34mDEBUG[0m [2methereum_transaction_pool_monitor::mempool_monitor[0m[2m:[0m 🔍 Fetching transaction details for: 0x169bbe3041d627522ec2cf255484e1f71c6d2bbe9484ee46205465ea623db125
[2m2025-12-10T10:09:30.483514Z[0m [34mDEBUG[0m [2methereum_transaction_pool_monitor::eth_client[0m[2m:[0m 🔍 Fetching transaction details for hash: 0x169bbe3041d627522ec2cf255484e1f71c6d2bbe9484ee46205465ea623db125
[2m2025-12-10T10:09:30.483533Z[0m [34mDEBUG[0m [2mhyper::client::pool[0m[2m:[0m reuse idle connection for ("http", 192.168.0.14:8545)
[2m2025-12-10T10:09:30.483576Z[0m [34mDEBUG[0m [2mhyper::proto::h1::io[0m[2m:[0m flushed 250 bytes
[2m2025-12-10T10:09:30.483594Z[0m [34mDEBUG[0m [2mhyper::proto::h1::io[0m[2m:[0m parsed 4 headers
[2m2025-12-10T10:09:30.483598Z[0m [34mDEBUG[0m [2mhyper::proto::h1::conn[0m[2m:[0m incoming body is content-length (45 bytes)
[2m2025-12-10T10:09:30.483606Z[0m [34mDEBUG[0m [2mhyper::proto::h1::conn[0m[2m:[0m incoming body completed
[2m2025-12-10T10:09:30.483613Z[0m [34mDEBUG[0m [2mhyper::client::pool[0m[2m:[0m pooling idle connection for ("http", 192.168.0.14:8545)
[2m2025-12-10T10:09:30.487298Z[0m [34mDEBUG[0m [2mhyper::proto::h1::io[0m[2m:[0m parsed 4 headers
[2m2025-12-10T10:09:30.487303Z[0m [34mDEBUG[0m [2mhyper::proto::h1::conn[0m[2m:[0m incoming body is content-length (680 bytes)
[2m2025-12-10T10:09:30.487307Z[0m [34mDEBUG[0m [2mhyper::proto::h1::conn[0m[2m:[0m incoming body completed
[2m2025-12-10T10:09:30.487312Z[0m [34mDEBUG[0m [2mhyper::client::pool[0m[2m:[0m pooling idle connection for ("http", 192.168.0.14:8545)
[2m2025-12-10T10:09:30.487316Z[0m [34mDEBUG[0m [2methereum_transaction_pool_monitor::eth_client[0m[2m:[0m 📡 Transaction fetch RPC completed in 3.797667ms
[2m2025-12-10T10:09:30.487327Z[0m [34mDEBUG[0m [2methereum_transaction_pool_monitor::eth_client[0m[2m:[0m DeFi transaction detected - Address: 0xdac17f958d2ee523a2206206994597c13d831ec7, Type: Stablecoin, Value: 0 ETH, Gas: 8.00 Gwei
[2m2025-12-10T10:09:30.487342Z[0m [34mDEBUG[0m [2methereum_transaction_pool_monitor::eth_client[0m[2m:[0m ✅ Transaction 0x169bbe3041d627522ec2cf255484e1f71c6d2bbe9484ee46205465ea623db125 fetched and parsed in 3.823417ms
[2m2025-12-10T10:09:30.487347Z[0m [34mDEBUG[0m [2methereum_transaction_pool_monitor::mempool_monitor[0m[2m:[0m 🔍 Skipping tx 0x169bbe3041d627522ec2cf255484e1f71c6d2bbe9484ee46205465ea623db125 - not a DEX interaction (target: 0xdAC17F958D2ee523a2206206994597C13D831ec7)
[2m2025-12-10T10:09:30.487352Z[0m [34mDEBUG[0m [2methereum_transaction_pool_monitor::mempool_monitor[0m[2m:[0m 📨 Processing new pending transaction: 0x00e6cf1dbbda89b488cdd2c56230b68825f18ac41598c1b4711b7adfdfa4041c
[2m2025-12-10T10:09:30.487356Z[0m [34mDEBUG[0m [2methereum_transaction_pool_monitor::mempool_monitor[0m[2m:[0m 🔍 Fetching transaction details for: 0x00e6cf1dbbda89b488cdd2c56230b68825f18ac41598c1b4711b7adfdfa4041c
[2m2025-12-10T10:09:30.487360Z[0m [34mDEBUG[0m [2methereum_transaction_pool_monitor::eth_client[0m[2m:[0m 🔍 Fetching transaction details for hash: 0x00e6cf1dbbda89b488cdd2c56230b68825f18ac41598c1b4711b7adfdfa4041c
[2m2025-12-10T10:09:30.487368Z[0m [34mDEBUG[0m [2mhyper::client::pool[0m[2m:[0m reuse idle connection for ("http", 192.168.0.14:8545)
[2m2025-12-10T10:09:30.487382Z[0m [34mDEBUG[0m [2mhyper::proto::h1::io[0m[2m:[0m flushed 250 bytes
[2m2025-12-10T10:09:30.492669Z[0m [34mDEBUG[0m [2mhyper::proto::h1::io[0m[2m:[0m parsed 4 headers
[2m2025-12-10T10:09:30.492675Z[0m [34mDEBUG[0m [2mhyper::proto::h1::conn[0m[2m:[0m incoming body is content-length (647 bytes)
[2m2025-12-10T10:09:30.492680Z[0m [34mDEBUG[0m [2mhyper::proto::h1::conn[0m[2m:[0m incoming body completed
[2m2025-12-10T10:09:30.492685Z[0m [34mDEBUG[0m [2mhyper::client::pool[0m[2m:[0m pooling idle connection for ("http", 192.168.0.14:8545)
[2m2025-12-10T10:09:30.492692Z[0m [34mDEBUG[0m [2methereum_transaction_pool_monitor::eth_client[0m[2m:[0m 📡 Transaction fetch RPC completed in 5.328542ms
[2m2025-12-10T10:09:30.564096Z[0m [34mDEBUG[0m [2methereum_transaction_pool_monitor::eth_client[0m[2m:[0m ✅ Transaction 0x00e6cf1dbbda89b488cdd2c56230b68825f18ac41598c1b4711b7adfdfa4041c fetched and parsed in 76.72725ms
[2m2025-12-10T10:09:30.564133Z[0m [34mDEBUG[0m [2methereum_transaction_pool_monitor::mempool_monitor[0m[2m:[0m 🔍 Skipping tx 0x00e6cf1dbbda89b488cdd2c56230b68825f18ac41598c1b4711b7adfdfa4041c - not a DEX interaction (target: 0x3f1d4f418a47aBCB7017D7aebd63b63f3cd4d775)
[2m2025-12-10T10:09:30.564146Z[0m [34mDEBUG[0m [2methereum_transaction_pool_monitor::mempool_monitor[0m[2m:[0m 📨 Processing new pending transaction: 0xe54be9b3f21a4bd8dde3d5ebf1db3d4b45c0f3242b3438223c572d9cad9c7ead
[2m2025-12-10T10:09:30.564155Z[0m [34mDEBUG[0m [2methereum_transaction_pool_monitor::mempool_monitor[0m[2m:[0m 🔍 Fetching transaction details for: 0xe54be9b3f21a4bd8dde3d5ebf1db3d4b45c0f3242b3438223c572d9cad9c7ead
[2m2025-12-10T10:09:30.564160Z[0m [34mDEBUG[0m [2methereum_transaction_pool_monitor::eth_client[0m[2m:[0m 🔍 Fetching transaction details for hash: 0xe54be9b3f21a4bd8dde3d5ebf1db3d4b45c0f3242b3438223c572d9cad9c7ead
[2m2025-12-10T10:09:30.564190Z[0m [34mDEBUG[0m [2mhyper::client::pool[0m[2m:[0m reuse idle connection for ("http", 192.168.0.14:8545)
[2m2025-12-10T10:09:30.564261Z[0m [34mDEBUG[0m [2mhyper::proto::h1::io[0m[2m:[0m flushed 250 bytes
[2m2025-12-10T10:09:30.564293Z[0m [34mDEBUG[0m [2mhyper::client::pool[0m[2m:[0m reuse idle connection for ("http", 192.168.0.14:8545)
[2m2025-12-10T10:09:30.564308Z[0m [34mDEBUG[0m [2mhyper::proto::h1::io[0m[2m:[0m flushed 172 bytes
[2m2025-12-10T10:09:30.564316Z[0m [34mDEBUG[0m [2methereum_transaction_pool_monitor::eth_client[0m[2m:[0m 📨 Received WebSocket message: {"jsonrpc":"2.0","method":"eth_subscription","params":{"subscription":"0xbed0a0851463e895960a451075a301a9","result":"0x34e8a5f313f1e20ca0bf2b87b4cf2d6dd2104d5d69a029ebb4651daafadd8822"}}
[2m2025-12-10T10:09:30.564329Z[0m [34mDEBUG[0m [2methereum_transaction_pool_monitor::eth_client[0m[2m:[0m 📨 Received pending transaction: 0x34e8a5f313f1e20ca0bf2b87b4cf2d6dd2104d5d69a029ebb4651daafadd8822
[2m2025-12-10T10:09:30.564339Z[0m [34mDEBUG[0m [2methereum_transaction_pool_monitor::eth_client[0m[2m:[0m 📨 Received WebSocket message: {"jsonrpc":"2.0","method":"eth_subscription","params":{"subscription":"0xbed0a0851463e895960a451075a301a9","result":"0x931a60a3380ccf2f1559eafd2c6ecd83cef652b0ce8b8c092b29d9c9a89b79b0"}}
[2m2025-12-10T10:09:30.564346Z[0m [34mDEBUG[0m [2methereum_transaction_pool_monitor::eth_client[0m[2m:[0m 📨 Received pending transaction: 0x931a60a3380ccf2f1559eafd2c6ecd83cef652b0ce8b8c092b29d9c9a89b79b0
[2m2025-12-10T10:09:30.564354Z[0m [34mDEBUG[0m [2methereum_transaction_pool_monitor::eth_client[0m[2m:[0m 📨 Received WebSocket message: {"jsonrpc":"2.0","method":"eth_subscription","params":{"subscription":"0xbed0a0851463e895960a451075a301a9","result":"0x77b2f90c19c01602d4a48dff3e26bf82d27ef63e1e32e2fb253cbf84618d9aea"}}
[2m2025-12-10T10:09:30.564361Z[0m [34mDEBUG[0m [2methereum_transaction_pool_monitor::eth_client[0m[2m:[0m 📨 Received pending transaction: 0x77b2f90c19c01602d4a48dff3e26bf82d27ef63e1e32e2fb253cbf84618d9aea
[2m2025-12-10T10:09:30.564367Z[0m [34mDEBUG[0m [2methereum_transaction_pool_monitor::eth_client[0m[2m:[0m 📨 Received WebSocket message: {"jsonrpc":"2.0","method":"eth_subscription","params":{"subscription":"0xbed0a0851463e895960a451075a301a9","result":"0x481912172b27b5534f94218b79d436d9c09906b9031809f0e8c98602799856c3"}}
[2m2025-12-10T10:09:30.564374Z[0m [34mDEBUG[0m [2methereum_transaction_pool_monitor::eth_client[0m[2m:[0m 📨 Received pending transaction: 0x481912172b27b5534f94218b79d436d9c09906b9031809f0e8c98602799856c3
[2m2025-12-10T10:09:30.564380Z[0m [34mDEBUG[0m [2methereum_transaction_pool_monitor::eth_client[0m[2m:[0m 📨 Received WebSocket message: {"jsonrpc":"2.0","method":"eth_subscription","params":{"subscription":"0xbed0a0851463e895960a451075a301a9","result":"0xadab3c78fca52cbee0de4b2b0afe25c041e88f7e9b6a24dd3d58169e2dd5b116"}}
[2m2025-12-10T10:09:30.564385Z[0m [34mDEBUG[0m [2methereum_transaction_pool_monitor::eth_client[0m[2m:[0m 📨 Received pending transaction: 0xadab3c78fca52cbee0de4b2b0afe25c041e88f7e9b6a24dd3d58169e2dd5b116
[2m2025-12-10T10:09:30.564395Z[0m [34mDEBUG[0m [2methereum_transaction_pool_monitor::eth_client[0m[2m:[0m 📨 Received WebSocket message: {"jsonrpc":"2.0","method":"eth_subscription","params":{"subscription":"0xbed0a0851463e895960a451075a301a9","result":"0x4330fb72ce4fd3c822b57e7b6dbed9d8c5c56b41cb06097fddf51e07af9992de"}}
[2m2025-12-10T10:09:30.564402Z[0m [34mDEBUG[0m [2methereum_transaction_pool_monitor::eth_client[0m[2m:[0m 📨 Received pending transaction: 0x4330fb72ce4fd3c822b57e7b6dbed9d8c5c56b41cb06097fddf51e07af9992de
[2m2025-12-10T10:09:30.564408Z[0m [34mDEBUG[0m [2methereum_transaction_pool_monitor::eth_client[0m[2m:[0m 📨 Received WebSocket message: {"jsonrpc":"2.0","method":"eth_subscription","params":{"subscription":"0xbed0a0851463e895960a451075a301a9","result":"0xb98925ccd4f37aecf29291725695ce0e280d160d7676f027aac89e4454125ced"}}
[2m2025-12-10T10:09:30.564414Z[0m [34mDEBUG[0m [2methereum_transaction_pool_monitor::eth_client[0m[2m:[0m 📨 Received pending transaction: 0xb98925ccd4f37aecf29291725695ce0e280d160d7676f027aac89e4454125ced
[2m2025-12-10T10:09:30.564418Z[0m [34mDEBUG[0m [2methereum_transaction_pool_monitor::eth_client[0m[2m:[0m 📨 Received WebSocket message: {"jsonrpc":"2.0","method":"eth_subscription","params":{"subscription":"0xbed0a0851463e895960a451075a301a9","result":"0x7ff01052ce162e40f865b411d62eeb9a8f34a99bf4365f9564b4ffd07a6ca231"}}
[2m2025-12-10T10:09:30.564423Z[0m [34mDEBUG[0m [2methereum_transaction_pool_monitor::eth_client[0m[2m:[0m 📨 Received pending transaction: 0x7ff01052ce162e40f865b411d62eeb9a8f34a99bf4365f9564b4ffd07a6ca231
[2m2025-12-10T10:09:30.568938Z[0m [34mDEBUG[0m [2mhyper::proto::h1::io[0m[2m:[0m parsed 4 headers
[2m2025-12-10T10:09:30.568946Z[0m [34mDEBUG[0m [2mhyper::proto::h1::conn[0m[2m:[0m incoming body is content-length (647 bytes)
[2m2025-12-10T10:09:30.568955Z[0m [34mDEBUG[0m [2mhyper::proto::h1::conn[0m[2m:[0m incoming body completed
[2m2025-12-10T10:09:30.568962Z[0m [34mDEBUG[0m [2mhyper::client::pool[0m[2m:[0m pooling idle connection for ("http", 192.168.0.14:8545)
[2m2025-12-10T10:09:30.568969Z[0m [34mDEBUG[0m [2methereum_transaction_pool_monitor::eth_client[0m[2m:[0m 📡 Transaction fetch RPC completed in 4.804291ms
[2m2025-12-10T10:09:30.639212Z[0m [34mDEBUG[0m [2methereum_transaction_pool_monitor::eth_client[0m[2m:[0m ✅ Transaction 0xe54be9b3f21a4bd8dde3d5ebf1db3d4b45c0f3242b3438223c572d9cad9c7ead fetched and parsed in 75.045291ms
[2m2025-12-10T10:09:30.639242Z[0m [34mDEBUG[0m [2methereum_transaction_pool_monitor::mempool_monitor[0m[2m:[0m 🔍 Skipping tx 0xe54be9b3f21a4bd8dde3d5ebf1db3d4b45c0f3242b3438223c572d9cad9c7ead - not a DEX interaction (target: 0x3839aC5b6892ce10018F9e3111BFA48D044636AD)
[2m2025-12-10T10:09:30.639253Z[0m [34mDEBUG[0m [2methereum_transaction_pool_monitor::mempool_monitor[0m[2m:[0m 📨 Processing new pending transaction: 0x12b6496ea3f6883a214bb6105be505c4eddb50af33d0b6bd981a38ff294b2748
[2m2025-12-10T10:09:30.639259Z[0m [34mDEBUG[0m [2methereum_transaction_pool_monitor::mempool_monitor[0m[2m:[0m 🔍 Fetching transaction details for: 0x12b6496ea3f6883a214bb6105be505c4eddb50af33d0b6bd981a38ff294b2748
[2m2025-12-10T10:09:30.639264Z[0m [34mDEBUG[0m [2methereum_transaction_pool_monitor::eth_client[0m[2m:[0m 🔍 Fetching transaction details for hash: 0x12b6496ea3f6883a214bb6105be505c4eddb50af33d0b6bd981a38ff294b2748
[2m2025-12-10T10:09:30.639284Z[0m [34mDEBUG[0m [2mhyper::client::pool[0m[2m:[0m reuse idle connection for ("http", 192.168.0.14:8545)
[2m2025-12-10T10:09:30.639330Z[0m [34mDEBUG[0m [2mhyper::proto::h1::io[0m[2m:[0m flushed 250 bytes
[2m2025-12-10T10:09:30.639355Z[0m [34mDEBUG[0m [2methereum_transaction_pool_monitor::eth_client[0m[2m:[0m 📨 Received WebSocket message: {"jsonrpc":"2.0","method":"eth_subscription","params":{"subscription":"0xbed0a0851463e895960a451075a301a9","result":"0x2ff180d23362ee6acecae5e0551ab0644d546fc0bebf66d0c40e96f53f308377"}}
[2m2025-12-10T10:09:30.639361Z[0m [34mDEBUG[0m [2mhyper::proto::h1::io[0m[2m:[0m parsed 4 headers
[2m2025-12-10T10:09:30.639365Z[0m [34mDEBUG[0m [2methereum_transaction_pool_monitor::eth_client[0m[2m:[0m 📨 Received pending transaction: 0x2ff180d23362ee6acecae5e0551ab0644d546fc0bebf66d0c40e96f53f308377
[2m2025-12-10T10:09:30.639374Z[0m [34mDEBUG[0m [2mhyper::proto::h1::conn[0m[2m:[0m incoming body is content-length (45 bytes)
[2m2025-12-10T10:09:30.639384Z[0m [34mDEBUG[0m [2methereum_transaction_pool_monitor::eth_client[0m[2m:[0m 📨 Received WebSocket message: {"jsonrpc":"2.0","method":"eth_subscription","params":{"subscription":"0xbed0a0851463e895960a451075a301a9","result":"0x85aa98d6b4774ab47205c02cb92a532842cfb4a549519b6e5b6beb0d58bcd88d"}}
[2m2025-12-10T10:09:30.639391Z[0m [34mDEBUG[0m [2methereum_transaction_pool_monitor::eth_client[0m[2m:[0m 📨 Received pending transaction: 0x85aa98d6b4774ab47205c02cb92a532842cfb4a549519b6e5b6beb0d58bcd88d
[2m2025-12-10T10:09:30.639394Z[0m [34mDEBUG[0m [2mhyper::proto::h1::conn[0m[2m:[0m incoming body completed
[2m2025-12-10T10:09:30.639398Z[0m [34mDEBUG[0m [2methereum_transaction_pool_monitor::eth_client[0m[2m:[0m 📨 Received WebSocket message: {"jsonrpc":"2.0","method":"eth_subscription","params":{"subscription":"0xbed0a0851463e895960a451075a301a9","result":"0x4b14624b6d31ba47f665d378087d17600a1b080e26ab7d602f64e66d060276af"}}
[2m2025-12-10T10:09:30.639406Z[0m [34mDEBUG[0m [2methereum_transaction_pool_monitor::eth_client[0m[2m:[0m 📨 Received pending transaction: 0x4b14624b6d31ba47f665d378087d17600a1b080e26ab7d602f64e66d060276af
[2m2025-12-10T10:09:30.639411Z[0m [34mDEBUG[0m [2mhyper::client::pool[0m[2m:[0m pooling idle connection for ("http", 192.168.0.14:8545)
[2m2025-12-10T10:09:30.639436Z[0m [34mDEBUG[0m [2mhyper::client::pool[0m[2m:[0m reuse idle connection for ("http", 192.168.0.14:8545)
[2m2025-12-10T10:09:30.639456Z[0m [34mDEBUG[0m [2mhyper::proto::h1::io[0m[2m:[0m flushed 172 bytes
[2m2025-12-10T10:09:30.645197Z[0m [34mDEBUG[0m [2mhyper::proto::h1::io[0m[2m:[0m parsed 4 headers
[2m2025-12-10T10:09:30.645202Z[0m [34mDEBUG[0m [2mhyper::proto::h1::conn[0m[2m:[0m incoming body is content-length (777 bytes)
[2m2025-12-10T10:09:30.645207Z[0m [34mDEBUG[0m [2mhyper::proto::h1::conn[0m[2m:[0m incoming body completed
[2m2025-12-10T10:09:30.645213Z[0m [34mDEBUG[0m [2mhyper::client::pool[0m[2m:[0m pooling idle connection for ("http", 192.168.0.14:8545)
[2m2025-12-10T10:09:30.645219Z[0m [34mDEBUG[0m [2methereum_transaction_pool_monitor::eth_client[0m[2m:[0m 📡 Transaction fetch RPC completed in 5.947625ms
[2m2025-12-10T10:09:30.716630Z[0m [34mDEBUG[0m [2methereum_transaction_pool_monitor::eth_client[0m[2m:[0m ✅ Transaction 0x12b6496ea3f6883a214bb6105be505c4eddb50af33d0b6bd981a38ff294b2748 fetched and parsed in 77.356417ms
[2m2025-12-10T10:09:30.716657Z[0m [34mDEBUG[0m [2methereum_transaction_pool_monitor::mempool_monitor[0m[2m:[0m 🔍 Skipping tx 0x12b6496ea3f6883a214bb6105be505c4eddb50af33d0b6bd981a38ff294b2748 - not a DEX interaction (target: 0xD13c7342e1ef687C5ad21b27c2b65D772cAb5C8c)
[2m2025-12-10T10:09:30.716668Z[0m [34mDEBUG[0m [2methereum_transaction_pool_monitor::mempool_monitor[0m[2m:[0m 📨 Processing new pending transaction: 0xec6c6c8123ea93d6b3435ae214346c39080d11cdf78bff7cbd59bbb2a3dafca5
[2m2025-12-10T10:09:30.716675Z[0m [34mDEBUG[0m [2methereum_transaction_pool_monitor::mempool_monitor[0m[2m:[0m 🔍 Fetching transaction details for: 0xec6c6c8123ea93d6b3435ae214346c39080d11cdf78bff7cbd59bbb2a3dafca5
[2m2025-12-10T10:09:30.716681Z[0m [34mDEBUG[0m [2methereum_transaction_pool_monitor::eth_client[0m[2m:[0m 🔍 Fetching transaction details for hash: 0xec6c6c8123ea93d6b3435ae214346c39080d11cdf78bff7cbd59bbb2a3dafca5
[2m2025-12-10T10:09:30.716699Z[0m [34mDEBUG[0m [2mhyper::client::pool[0m[2m:[0m reuse idle connection for ("http", 192.168.0.14:8545)
[2m2025-12-10T10:09:30.716747Z[0m [34mDEBUG[0m [2mhyper::proto::h1::io[0m[2m:[0m flushed 250 bytes
[2m2025-12-10T10:09:30.716770Z[0m [34mDEBUG[0m [2methereum_transaction_pool_monitor::eth_client[0m[2m:[0m 📨 Received WebSocket message: {"jsonrpc":"2.0","method":"eth_subscription","params":{"subscription":"0xbed0a0851463e895960a451075a301a9","result":"0x8a0cb95d208eb84e419c850b48471ebfa1cbedba1fedb1eabfddfca78436d6f3"}}
[2m2025-12-10T10:09:30.716778Z[0m [34mDEBUG[0m [2methereum_transaction_pool_monitor::eth_client[0m[2m:[0m 📨 Received pending transaction: 0x8a0cb95d208eb84e419c850b48471ebfa1cbedba1fedb1eabfddfca78436d6f3
[2m2025-12-10T10:09:30.716784Z[0m [34mDEBUG[0m [2methereum_transaction_pool_monitor::eth_client[0m[2m:[0m 📨 Received WebSocket message: {"jsonrpc":"2.0","method":"eth_subscription","params":{"subscription":"0xbed0a0851463e895960a451075a301a9","result":"0x1a654cd2fb6b934426a9f2c37ea18eb2b24350f8055735dbcc2d993b846a775b"}}
[2m2025-12-10T10:09:30.716793Z[0m [34mDEBUG[0m [2methereum_transaction_pool_monitor::eth_client[0m[2m:[0m 📨 Received pending transaction: 0x1a654cd2fb6b934426a9f2c37ea18eb2b24350f8055735dbcc2d993b846a775b
[2m2025-12-10T10:09:30.716826Z[0m [34mDEBUG[0m [2mhyper::proto::h1::io[0m[2m:[0m parsed 4 headers
[2m2025-12-10T10:09:30.716832Z[0m [34mDEBUG[0m [2mhyper::proto::h1::conn[0m[2m:[0m incoming body is content-length (45 bytes)
[2m2025-12-10T10:09:30.716840Z[0m [34mDEBUG[0m [2mhyper::proto::h1::conn[0m[2m:[0m incoming body completed
[2m2025-12-10T10:09:30.716850Z[0m [34mDEBUG[0m [2mhyper::client::pool[0m[2m:[0m pooling idle connection for ("http", 192.168.0.14:8545)
[2m2025-12-10T10:09:30.716869Z[0m [34mDEBUG[0m [2mhyper::client::pool[0m[2m:[0m reuse idle connection for ("http", 192.168.0.14:8545)
[2m2025-12-10T10:09:30.716889Z[0m [34mDEBUG[0m [2mhyper::proto::h1::io[0m[2m:[0m flushed 172 bytes
[2m2025-12-10T10:09:30.720901Z[0m [34mDEBUG[0m [2mhyper::proto::h1::io[0m[2m:[0m parsed 4 headers
[2m2025-12-10T10:09:30.720907Z[0m [34mDEBUG[0m [2mhyper::proto::h1::conn[0m[2m:[0m incoming body is content-length (935 bytes)
[2m2025-12-10T10:09:30.720913Z[0m [34mDEBUG[0m [2mhyper::proto::h1::conn[0m[2m:[0m incoming body completed
[2m2025-12-10T10:09:30.720919Z[0m [34mDEBUG[0m [2mhyper::client::pool[0m[2m:[0m pooling idle connection for ("http", 192.168.0.14:8545)
[2m2025-12-10T10:09:30.720924Z[0m [34mDEBUG[0m [2methereum_transaction_pool_monitor::eth_client[0m[2m:[0m 📡 Transaction fetch RPC completed in 4.238125ms
[2m2025-12-10T10:09:30.791882Z[0m [34mDEBUG[0m [2methereum_transaction_pool_monitor::eth_client[0m[2m:[0m ✅ Transaction 0xec6c6c8123ea93d6b3435ae214346c39080d11cdf78bff7cbd59bbb2a3dafca5 fetched and parsed in 75.1935ms
[2m2025-12-10T10:09:30.791914Z[0m [34mDEBUG[0m [2methereum_transaction_pool_monitor::mempool_monitor[0m[2m:[0m 🔍 Skipping tx 0xec6c6c8123ea93d6b3435ae214346c39080d11cdf78bff7cbd59bbb2a3dafca5 - not a DEX interaction (target: 0xcE200515520e0AF0738DE6034fB223fd2B387C3e)
[2m2025-12-10T10:09:30.791925Z[0m [34mDEBUG[0m [2methereum_transaction_pool_monitor::mempool_monitor[0m[2m:[0m 📨 Processing new pending transaction: 0x084387328bd29c43c93a3bc145ebc9c28602e78035277fc313f3c49c665d0eca
[2m2025-12-10T10:09:30.791932Z[0m [34mDEBUG[0m [2methereum_transaction_pool_monitor::mempool_monitor[0m[2m:[0m 🔍 Fetching transaction details for: 0x084387328bd29c43c93a3bc145ebc9c28602e78035277fc313f3c49c665d0eca
[2m2025-12-10T10:09:30.791938Z[0m [34mDEBUG[0m [2methereum_transaction_pool_monitor::eth_client[0m[2m:[0m 🔍 Fetching transaction details for hash: 0x084387328bd29c43c93a3bc145ebc9c28602e78035277fc313f3c49c665d0eca
[2m2025-12-10T10:09:30.791958Z[0m [34mDEBUG[0m [2mhyper::client::pool[0m[2m:[0m reuse idle connection for ("http", 192.168.0.14:8545)
[2m2025-12-10T10:09:30.791998Z[0m [34mDEBUG[0m [2mhyper::proto::h1::io[0m[2m:[0m flushed 250 bytes
[2m2025-12-10T10:09:30.792023Z[0m [34mDEBUG[0m [2methereum_transaction_pool_monitor::eth_client[0m[2m:[0m 📨 Received WebSocket message: {"jsonrpc":"2.0","method":"eth_subscription","params":{"subscription":"0xbed0a0851463e895960a451075a301a9","result":"0x1586f3d33e7b4daad28c74495ca09b96b122e7009962a6e939d5f6c3e3c0a390"}}
[2m2025-12-10T10:09:30.792027Z[0m [34mDEBUG[0m [2mhyper::proto::h1::io[0m[2m:[0m parsed 4 headers
[2m2025-12-10T10:09:30.792035Z[0m [34mDEBUG[0m [2methereum_transaction_pool_monitor::eth_client[0m[2m:[0m 📨 Received pending transaction: 0x1586f3d33e7b4daad28c74495ca09b96b122e7009962a6e939d5f6c3e3c0a390
[2m2025-12-10T10:09:30.792042Z[0m [34mDEBUG[0m [2mhyper::proto::h1::conn[0m[2m:[0m incoming body is content-length (45 bytes)
[2m2025-12-10T10:09:30.792052Z[0m [34mDEBUG[0m [2methereum_transaction_pool_monitor::eth_client[0m[2m:[0m 📨 Received WebSocket message: {"jsonrpc":"2.0","method":"eth_subscription","params":{"subscription":"0xbed0a0851463e895960a451075a301a9","result":"0x115ef131d15899f9c0caf0e47101f7d265116d34f8a1d7e6d087ec28129fcd93"}}
[2m2025-12-10T10:09:30.792058Z[0m [34mDEBUG[0m [2mhyper::proto::h1::conn[0m[2m:[0m incoming body completed
[2m2025-12-10T10:09:30.792063Z[0m [34mDEBUG[0m [2methereum_transaction_pool_monitor::eth_client[0m[2m:[0m 📨 Received pending transaction: 0x115ef131d15899f9c0caf0e47101f7d265116d34f8a1d7e6d087ec28129fcd93
[2m2025-12-10T10:09:30.792076Z[0m [34mDEBUG[0m [2mhyper::client::pool[0m[2m:[0m pooling idle connection for ("http", 192.168.0.14:8545)
[2m2025-12-10T10:09:30.792082Z[0m [34mDEBUG[0m [2methereum_transaction_pool_monitor::eth_client[0m[2m:[0m 📨 Received WebSocket message: {"jsonrpc":"2.0","method":"eth_subscription","params":{"subscription":"0xbed0a0851463e895960a451075a301a9","result":"0x97e303593f83bf8d0353ec16b056d5432798057b67628e4a8b6f566cfd7b4e04"}}
[2m2025-12-10T10:09:30.792090Z[0m [34mDEBUG[0m [2methereum_transaction_pool_monitor::eth_client[0m[2m:[0m 📨 Received pending transaction: 0x97e303593f83bf8d0353ec16b056d5432798057b67628e4a8b6f566cfd7b4e04
[2m2025-12-10T10:09:30.796608Z[0m [34mDEBUG[0m [2mhyper::client::pool[0m[2m:[0m reuse idle connection for ("http", 192.168.0.14:8545)
[2m2025-12-10T10:09:30.796633Z[0m [34mDEBUG[0m [2mhyper::proto::h1::io[0m[2m:[0m flushed 172 bytes
[2m2025-12-10T10:09:30.799032Z[0m [34mDEBUG[0m [2mhyper::proto::h1::io[0m[2m:[0m parsed 4 headers
[2m2025-12-10T10:09:30.799057Z[0m [34mDEBUG[0m [2mhyper::proto::h1::conn[0m[2m:[0m incoming body is content-length (778 bytes)
[2m2025-12-10T10:09:30.799081Z[0m [34mDEBUG[0m [2mhyper::proto::h1::conn[0m[2m:[0m incoming body completed
[2m2025-12-10T10:09:30.799095Z[0m [34mDEBUG[0m [2mhyper::client::pool[0m[2m:[0m pooling idle connection for ("http", 192.168.0.14:8545)
[2m2025-12-10T10:09:30.799112Z[0m [34mDEBUG[0m [2methereum_transaction_pool_monitor::eth_client[0m[2m:[0m 📡 Transaction fetch RPC completed in 7.169833ms
[2m2025-12-10T10:09:30.870121Z[0m [34mDEBUG[0m [2methereum_transaction_pool_monitor::eth_client[0m[2m:[0m ✅ Transaction 0x084387328bd29c43c93a3bc145ebc9c28602e78035277fc313f3c49c665d0eca fetched and parsed in 78.175125ms
[2m2025-12-10T10:09:30.870141Z[0m [34mDEBUG[0m [2methereum_transaction_pool_monitor::mempool_monitor[0m[2m:[0m 🔍 Skipping tx 0x084387328bd29c43c93a3bc145ebc9c28602e78035277fc313f3c49c665d0eca - not a DEX interaction (target: 0xfAB99fCF605fD8f4593EDb70A43bA56542777777)
[2m2025-12-10T10:09:30.870153Z[0m [34mDEBUG[0m [2methereum_transaction_pool_monitor::mempool_monitor[0m[2m:[0m 📨 Processing new pending transaction: 0x38273021c814adfa02d6136c6697b8dc7001b6ab184bec127530f0fd08cf047f
[2m2025-12-10T10:09:30.870161Z[0m [34mDEBUG[0m [2methereum_transaction_pool_monitor::mempool_monitor[0m[2m:[0m 🔍 Fetching transaction details for: 0x38273021c814adfa02d6136c6697b8dc7001b6ab184bec127530f0fd08cf047f
[2m2025-12-10T10:09:30.870166Z[0m [34mDEBUG[0m [2methereum_transaction_pool_monitor::eth_client[0m[2m:[0m 🔍 Fetching transaction details for hash: 0x38273021c814adfa02d6136c6697b8dc7001b6ab184bec127530f0fd08cf047f
[2m2025-12-10T10:09:30.870190Z[0m [34mDEBUG[0m [2mhyper::client::pool[0m[2m:[0m reuse idle connection for ("http", 192.168.0.14:8545)
[2m2025-12-10T10:09:30.870232Z[0m [34mDEBUG[0m [2mhyper::proto::h1::io[0m[2m:[0m flushed 250 bytes
[2m2025-12-10T10:09:30.870253Z[0m [34mDEBUG[0m [2mhyper::proto::h1::io[0m[2m:[0m parsed 4 headers
[2m2025-12-10T10:09:30.870259Z[0m [34mDEBUG[0m [2mhyper::proto::h1::conn[0m[2m:[0m incoming body is content-length (45 bytes)
[2m2025-12-10T10:09:30.870261Z[0m [34mDEBUG[0m [2methereum_transaction_pool_monitor::eth_client[0m[2m:[0m 📨 Received WebSocket message: {"jsonrpc":"2.0","method":"eth_subscription","params":{"subscription":"0xbed0a0851463e895960a451075a301a9","result":"0x6d470a9dd4a8697412063220eb16352cbcdd9a5ea5b2587876994f6c8cf584ae"}}
[2m2025-12-10T10:09:30.870266Z[0m [34mDEBUG[0m [2mhyper::proto::h1::conn[0m[2m:[0m incoming body completed
[2m2025-12-10T10:09:30.870272Z[0m [34mDEBUG[0m [2methereum_transaction_pool_monitor::eth_client[0m[2m:[0m 📨 Received pending transaction: 0x6d470a9dd4a8697412063220eb16352cbcdd9a5ea5b2587876994f6c8cf584ae
[2m2025-12-10T10:09:30.870278Z[0m [34mDEBUG[0m [2mhyper::client::pool[0m[2m:[0m pooling idle connection for ("http", 192.168.0.14:8545)
[2m2025-12-10T10:09:30.870279Z[0m [34mDEBUG[0m [2methereum_transaction_pool_monitor::eth_client[0m[2m:[0m 📨 Received WebSocket message: {"jsonrpc":"2.0","method":"eth_subscription","params":{"subscription":"0xbed0a0851463e895960a451075a301a9","result":"0xa3f3dd6cb00398d4436f8cf3ca6fc8a32e9c55d391dc007387b0fb05b8cb527b"}}
[2m2025-12-10T10:09:30.870338Z[0m [34mDEBUG[0m [2methereum_transaction_pool_monitor::eth_client[0m[2m:[0m 📨 Received pending transaction: 0xa3f3dd6cb00398d4436f8cf3ca6fc8a32e9c55d391dc007387b0fb05b8cb527b
[2m2025-12-10T10:09:30.874954Z[0m [34mDEBUG[0m [2mhyper::proto::h1::io[0m[2m:[0m parsed 4 headers
[2m2025-12-10T10:09:30.874960Z[0m [34mDEBUG[0m [2mhyper::proto::h1::conn[0m[2m:[0m incoming body is content-length (647 bytes)
[2m2025-12-10T10:09:30.874968Z[0m [34mDEBUG[0m [2mhyper::proto::h1::conn[0m[2m:[0m incoming body completed
[2m2025-12-10T10:09:30.874974Z[0m [34mDEBUG[0m [2mhyper::client::pool[0m[2m:[0m pooling idle connection for ("http", 192.168.0.14:8545)
[2m2025-12-10T10:09:30.874979Z[0m [34mDEBUG[0m [2methereum_transaction_pool_monitor::eth_client[0m[2m:[0m 📡 Transaction fetch RPC completed in 4.806916ms
[2m2025-12-10T10:09:30.946003Z[0m [34mDEBUG[0m [2methereum_transaction_pool_monitor::eth_client[0m[2m:[0m ✅ Transaction 0x38273021c814adfa02d6136c6697b8dc7001b6ab184bec127530f0fd08cf047f fetched and parsed in 75.828333ms
[2m2025-12-10T10:09:30.946020Z[0m [34mDEBUG[0m [2methereum_transaction_pool_monitor::mempool_monitor[0m[2m:[0m 🔍 Skipping tx 0x38273021c814adfa02d6136c6697b8dc7001b6ab184bec127530f0fd08cf047f - not a DEX interaction (target: 0xb5d85CBf7cB3EE0D56b3bB207D5Fc4B82f43F511)
[2m2025-12-10T10:09:30.946029Z[0m [34mDEBUG[0m [2methereum_transaction_pool_monitor::mempool_monitor[0m[2m:[0m 📨 Processing new pending transaction: 0xbcc6dd3f5eabe629048ed0bc9034bea272dd6598b6f4c873d6b8613b8ad387f8
[2m2025-12-10T10:09:30.946034Z[0m [34mDEBUG[0m [2methereum_transaction_pool_monitor::mempool_monitor[0m[2m:[0m 🔍 Fetching transaction details for: 0xbcc6dd3f5eabe629048ed0bc9034bea272dd6598b6f4c873d6b8613b8ad387f8
[2m2025-12-10T10:09:30.946039Z[0m [34mDEBUG[0m [2methereum_transaction_pool_monitor::eth_client[0m[2m:[0m 🔍 Fetching transaction details for hash: 0xbcc6dd3f5eabe629048ed0bc9034bea272dd6598b6f4c873d6b8613b8ad387f8
[2m2025-12-10T10:09:30.946056Z[0m [34mDEBUG[0m [2mhyper::client::pool[0m[2m:[0m reuse idle connection for ("http", 192.168.0.14:8545)
[2m2025-12-10T10:09:30.946082Z[0m [34mDEBUG[0m [2mhyper::proto::h1::io[0m[2m:[0m flushed 250 bytes
[2m2025-12-10T10:09:30.946099Z[0m [34mDEBUG[0m [2mhyper::client::pool[0m[2m:[0m reuse idle connection for ("http", 192.168.0.14:8545)
[2m2025-12-10T10:09:30.946112Z[0m [34mDEBUG[0m [2mhyper::proto::h1::io[0m[2m:[0m flushed 172 bytes
[2m2025-12-10T10:09:30.946112Z[0m [34mDEBUG[0m [2methereum_transaction_pool_monitor::eth_client[0m[2m:[0m 📨 Received WebSocket message: {"jsonrpc":"2.0","method":"eth_subscription","params":{"subscription":"0xbed0a0851463e895960a451075a301a9","result":"0xe6fff1147af01a5731af73f10532a55739bec03ae0a6d7def56756dc453cc395"}}
[2m2025-12-10T10:09:30.946126Z[0m [34mDEBUG[0m [2methereum_transaction_pool_monitor::eth_client[0m[2m:[0m 📨 Received pending transaction: 0xe6fff1147af01a5731af73f10532a55739bec03ae0a6d7def56756dc453cc395
[2m2025-12-10T10:09:30.950744Z[0m [34mDEBUG[0m [2methereum_transaction_pool_monitor::eth_client[0m[2m:[0m 📨 Received WebSocket message: {"jsonrpc":"2.0","method":"eth_subscription","params":{"subscription":"0xbed0a0851463e895960a451075a301a9","result":"0x88f1b81f9849638798eff64fe61bc75f631a3bce8fc767c62002b68a3520f428"}}
[2m2025-12-10T10:09:30.950753Z[0m [34mDEBUG[0m [2methereum_transaction_pool_monitor::eth_client[0m[2m:[0m 📨 Received pending transaction: 0x88f1b81f9849638798eff64fe61bc75f631a3bce8fc767c62002b68a3520f428
[2m2025-12-10T10:09:30.953748Z[0m [34mDEBUG[0m [2mhyper::proto::h1::io[0m[2m:[0m parsed 4 headers
[2m2025-12-10T10:09:30.953759Z[0m [34mDEBUG[0m [2mhyper::proto::h1::conn[0m[2m:[0m incoming body is content-length (712 bytes)
[2m2025-12-10T10:09:30.953769Z[0m [34mDEBUG[0m [2mhyper::proto::h1::conn[0m[2m:[0m incoming body completed
[2m2025-12-10T10:09:30.953782Z[0m [34mDEBUG[0m [2mhyper::client::pool[0m[2m:[0m pooling idle connection for ("http", 192.168.0.14:8545)
[2m2025-12-10T10:09:30.953791Z[0m [34mDEBUG[0m [2methereum_transaction_pool_monitor::eth_client[0m[2m:[0m 📡 Transaction fetch RPC completed in 7.747708ms
[2m2025-12-10T10:09:31.025495Z[0m [34mDEBUG[0m [2methereum_transaction_pool_monitor::eth_client[0m[2m:[0m ✅ Transaction 0xbcc6dd3f5eabe629048ed0bc9034bea272dd6598b6f4c873d6b8613b8ad387f8 fetched and parsed in 79.449541ms
[2m2025-12-10T10:09:31.025526Z[0m [34mDEBUG[0m [2methereum_transaction_pool_monitor::mempool_monitor[0m[2m:[0m 🔍 Skipping tx 0xbcc6dd3f5eabe629048ed0bc9034bea272dd6598b6f4c873d6b8613b8ad387f8 - not a DEX interaction (target: 0xB0A9F2829673064732e47756ad38b1Ebee6D8756)
[2m2025-12-10T10:09:31.025538Z[0m [34mDEBUG[0m [2methereum_transaction_pool_monitor::mempool_monitor[0m[2m:[0m 📨 Processing new pending transaction: 0x6bf0c6aabc2e166538b056b89bf89e773414fe3f8615fbcbe97389c6f3adbb93
[2m2025-12-10T10:09:31.025545Z[0m [34mDEBUG[0m [2methereum_transaction_pool_monitor::mempool_monitor[0m[2m:[0m 🔍 Fetching transaction details for: 0x6bf0c6aabc2e166538b056b89bf89e773414fe3f8615fbcbe97389c6f3adbb93
[2m2025-12-10T10:09:31.025552Z[0m [34mDEBUG[0m [2methereum_transaction_pool_monitor::eth_client[0m[2m:[0m 🔍 Fetching transaction details for hash: 0x6bf0c6aabc2e166538b056b89bf89e773414fe3f8615fbcbe97389c6f3adbb93
[2m2025-12-10T10:09:31.025568Z[0m [34mDEBUG[0m [2mhyper::client::pool[0m[2m:[0m reuse idle connection for ("http", 192.168.0.14:8545)
[2m2025-12-10T10:09:31.025615Z[0m [34mDEBUG[0m [2mhyper::proto::h1::io[0m[2m:[0m flushed 250 bytes
[2m2025-12-10T10:09:31.025638Z[0m [34mDEBUG[0m [2methereum_transaction_pool_monitor::eth_client[0m[2m:[0m 📨 Received WebSocket message: {"jsonrpc":"2.0","method":"eth_subscription","params":{"subscription":"0xbed0a0851463e895960a451075a301a9","result":"0x416ea1e61d86c071b397bd9bf82c55388841766907c8e9042a31c6680893a5e3"}}
[2m2025-12-10T10:09:31.025647Z[0m [34mDEBUG[0m [2mhyper::proto::h1::io[0m[2m:[0m parsed 4 headers
[2m2025-12-10T10:09:31.025652Z[0m [34mDEBUG[0m [2methereum_transaction_pool_monitor::eth_client[0m[2m:[0m 📨 Received pending transaction: 0x416ea1e61d86c071b397bd9bf82c55388841766907c8e9042a31c6680893a5e3
[2m2025-12-10T10:09:31.025664Z[0m [34mDEBUG[0m [2mhyper::proto::h1::conn[0m[2m:[0m incoming body is content-length (45 bytes)
[2m2025-12-10T10:09:31.025668Z[0m [34mDEBUG[0m [2methereum_transaction_pool_monitor::eth_client[0m[2m:[0m 📨 Received WebSocket message: {"jsonrpc":"2.0","method":"eth_subscription","params":{"subscription":"0xbed0a0851463e895960a451075a301a9","result":"0xc789be97871aa470edd7802c1080f0b07c0f06656cfeb224fb4dcc4b7dc876f4"}}
[2m2025-12-10T10:09:31.025677Z[0m [34mDEBUG[0m [2mhyper::proto::h1::conn[0m[2m:[0m incoming body completed
[2m2025-12-10T10:09:31.025692Z[0m [34mDEBUG[0m [2mhyper::client::pool[0m[2m:[0m pooling idle connection for ("http", 192.168.0.14:8545)
[2m2025-12-10T10:09:31.025679Z[0m [34mDEBUG[0m [2methereum_transaction_pool_monitor::eth_client[0m[2m:[0m 📨 Received pending transaction: 0xc789be97871aa470edd7802c1080f0b07c0f06656cfeb224fb4dcc4b7dc876f4
[2m2025-12-10T10:09:31.025716Z[0m [34mDEBUG[0m [2mhyper::client::pool[0m[2m:[0m reuse idle connection for ("http", 192.168.0.14:8545)
[2m2025-12-10T10:09:31.025740Z[0m [34mDEBUG[0m [2methereum_transaction_pool_monitor::eth_client[0m[2m:[0m 📨 Received WebSocket message: {"jsonrpc":"2.0","method":"eth_subscription","params":{"subscription":"0xbed0a0851463e895960a451075a301a9","result":"0x2138499f157724d32356bde4460920d7cc7d46a3a5fefffcb4e97aecff6cd984"}}
[2m2025-12-10T10:09:31.025751Z[0m [34mDEBUG[0m [2methereum_transaction_pool_monitor::eth_client[0m[2m:[0m 📨 Received pending transaction: 0x2138499f157724d32356bde4460920d7cc7d46a3a5fefffcb4e97aecff6cd984
[2m2025-12-10T10:09:31.025757Z[0m [34mDEBUG[0m [2methereum_transaction_pool_monitor::eth_client[0m[2m:[0m 📨 Received WebSocket message: {"jsonrpc":"2.0","method":"eth_subscription","params":{"subscription":"0xbed0a0851463e895960a451075a301a9","result":"0x8f15c4556a43bb4b9ad7dfc4d8a3c521f1b6bce8d16f411ecfe6b526ec2bb4eb"}}
[2m2025-12-10T10:09:31.025762Z[0m [34mDEBUG[0m [2mhyper::proto::h1::io[0m[2m:[0m flushed 172 bytes
[2m2025-12-10T10:09:31.025763Z[0m [34mDEBUG[0m [2methereum_transaction_pool_monitor::eth_client[0m[2m:[0m 📨 Received pending transaction: 0x8f15c4556a43bb4b9ad7dfc4d8a3c521f1b6bce8d16f411ecfe6b526ec2bb4eb
[2m2025-12-10T10:09:31.030098Z[0m [34mDEBUG[0m [2mhyper::proto::h1::io[0m[2m:[0m parsed 4 headers
[2m2025-12-10T10:09:31.030112Z[0m [34mDEBUG[0m [2mhyper::proto::h1::conn[0m[2m:[0m incoming body is content-length (647 bytes)
[2m2025-12-10T10:09:31.030119Z[0m [34mDEBUG[0m [2mhyper::proto::h1::conn[0m[2m:[0m incoming body completed
[2m2025-12-10T10:09:31.030128Z[0m [34mDEBUG[0m [2mhyper::client::pool[0m[2m:[0m pooling idle connection for ("http", 192.168.0.14:8545)
[2m2025-12-10T10:09:31.030134Z[0m [34mDEBUG[0m [2methereum_transaction_pool_monitor::eth_client[0m[2m:[0m 📡 Transaction fetch RPC completed in 4.577916ms
[2m2025-12-10T10:09:31.101814Z[0m [34mDEBUG[0m [2methereum_transaction_pool_monitor::eth_client[0m[2m:[0m ✅ Transaction 0x6bf0c6aabc2e166538b056b89bf89e773414fe3f8615fbcbe97389c6f3adbb93 fetched and parsed in 76.255625ms
[2m2025-12-10T10:09:31.101845Z[0m [34mDEBUG[0m [2methereum_transaction_pool_monitor::mempool_monitor[0m[2m:[0m 🔍 Skipping tx 0x6bf0c6aabc2e166538b056b89bf89e773414fe3f8615fbcbe97389c6f3adbb93 - not a DEX interaction (target: 0xb5d85CBf7cB3EE0D56b3bB207D5Fc4B82f43F511)
[2m2025-12-10T10:09:31.101856Z[0m [34mDEBUG[0m [2methereum_transaction_pool_monitor::mempool_monitor[0m[2m:[0m 📨 Processing new pending transaction: 0x78979b983decef144c5f05f345241d9426521f06bdd0a27bd996e8f2fb1dd9f5
[2m2025-12-10T10:09:31.101864Z[0m [34mDEBUG[0m [2methereum_transaction_pool_monitor::mempool_monitor[0m[2m:[0m 🔍 Fetching transaction details for: 0x78979b983decef144c5f05f345241d9426521f06bdd0a27bd996e8f2fb1dd9f5
[2m2025-12-10T10:09:31.101869Z[0m [34mDEBUG[0m [2methereum_transaction_pool_monitor::eth_client[0m[2m:[0m 🔍 Fetching transaction details for hash: 0x78979b983decef144c5f05f345241d9426521f06bdd0a27bd996e8f2fb1dd9f5
[2m2025-12-10T10:09:31.101893Z[0m [34mDEBUG[0m [2mhyper::client::pool[0m[2m:[0m reuse idle connection for ("http", 192.168.0.14:8545)
[2m2025-12-10T10:09:31.101940Z[0m [34mDEBUG[0m [2mhyper::proto::h1::io[0m[2m:[0m flushed 250 bytes
[2m2025-12-10T10:09:31.101967Z[0m [34mDEBUG[0m [2methereum_transaction_pool_monitor::eth_client[0m[2m:[0m 📨 Received WebSocket message: {"jsonrpc":"2.0","method":"eth_subscription","params":{"subscription":"0xbed0a0851463e895960a451075a301a9","result":"0xf314737cc6844512e9362b8bf7a515d16baf884c8c1d7367ee34c8d7eb3b76d1"}}
[2m2025-12-10T10:09:31.101975Z[0m [34mDEBUG[0m [2methereum_transaction_pool_monitor::eth_client[0m[2m:[0m 📨 Received pending transaction: 0xf314737cc6844512e9362b8bf7a515d16baf884c8c1d7367ee34c8d7eb3b76d1
[2m2025-12-10T10:09:31.102005Z[0m [34mDEBUG[0m [2mhyper::proto::h1::io[0m[2m:[0m parsed 4 headers
[2m2025-12-10T10:09:31.102013Z[0m [34mDEBUG[0m [2mhyper::proto::h1::conn[0m[2m:[0m incoming body is content-length (45 bytes)
[2m2025-12-10T10:09:31.102023Z[0m [34mDEBUG[0m [2mhyper::proto::h1::conn[0m[2m:[0m incoming body completed
[2m2025-12-10T10:09:31.102035Z[0m [34mDEBUG[0m [2mhyper::client::pool[0m[2m:[0m pooling idle connection for ("http", 192.168.0.14:8545)
[2m2025-12-10T10:09:31.102054Z[0m [34mDEBUG[0m [2mhyper::client::pool[0m[2m:[0m reuse idle connection for ("http", 192.168.0.14:8545)
[2m2025-12-10T10:09:31.102070Z[0m [34mDEBUG[0m [2mhyper::proto::h1::io[0m[2m:[0m flushed 172 bytes
[2m2025-12-10T10:09:31.107008Z[0m [34mDEBUG[0m [2mhyper::proto::h1::io[0m[2m:[0m parsed 4 headers
[2m2025-12-10T10:09:31.107037Z[0m [34mDEBUG[0m [2mhyper::proto::h1::conn[0m[2m:[0m incoming body is content-length (770 bytes)
[2m2025-12-10T10:09:31.107054Z[0m [34mDEBUG[0m [2mhyper::proto::h1::conn[0m[2m:[0m incoming body completed
[2m2025-12-10T10:09:31.107086Z[0m [34mDEBUG[0m [2mhyper::client::pool[0m[2m:[0m pooling idle connection for ("http", 192.168.0.14:8545)
[2m2025-12-10T10:09:31.107096Z[0m [34mDEBUG[0m [2methereum_transaction_pool_monitor::eth_client[0m[2m:[0m 📡 Transaction fetch RPC completed in 5.221667ms
[2m2025-12-10T10:09:31.107118Z[0m [34mDEBUG[0m [2methereum_transaction_pool_monitor::eth_client[0m[2m:[0m DeFi transaction detected - Address: 0xdac17f958d2ee523a2206206994597c13d831ec7, Type: Stablecoin, Value: 0 ETH, Gas: 0.98 Gwei
[2m2025-12-10T10:09:31.107135Z[0m [34mDEBUG[0m [2methereum_transaction_pool_monitor::eth_client[0m[2m:[0m ✅ Transaction 0x78979b983decef144c5f05f345241d9426521f06bdd0a27bd996e8f2fb1dd9f5 fetched and parsed in 5.260667ms
[2m2025-12-10T10:09:31.107144Z[0m [34mDEBUG[0m [2methereum_transaction_pool_monitor::mempool_monitor[0m[2m:[0m 🔍 Skipping tx 0x78979b983decef144c5f05f345241d9426521f06bdd0a27bd996e8f2fb1dd9f5 - not a DEX interaction (target: 0xdAC17F958D2ee523a2206206994597C13D831ec7)
[2m2025-12-10T10:09:31.107155Z[0m [34mDEBUG[0m [2methereum_transaction_pool_monitor::mempool_monitor[0m[2m:[0m 📨 Processing new pending transaction: 0x23cebbde2f33229104f4a53fd233f6b09e2813fae707655aea16a4968b847aef
[2m2025-12-10T10:09:31.107159Z[0m [34mDEBUG[0m [2methereum_transaction_pool_monitor::mempool_monitor[0m[2m:[0m 🔍 Fetching transaction details for: 0x23cebbde2f33229104f4a53fd233f6b09e2813fae707655aea16a4968b847aef
[2m2025-12-10T10:09:31.107163Z[0m [34mDEBUG[0m [2methereum_transaction_pool_monitor::eth_client[0m[2m:[0m 🔍 Fetching transaction details for hash: 0x23cebbde2f33229104f4a53fd233f6b09e2813fae707655aea16a4968b847aef
[2m2025-12-10T10:09:31.107186Z[0m [34mDEBUG[0m [2mhyper::client::pool[0m[2m:[0m reuse idle connection for ("http", 192.168.0.14:8545)
[2m2025-12-10T10:09:31.107207Z[0m [34mDEBUG[0m [2mhyper::proto::h1::io[0m[2m:[0m flushed 250 bytes
[2m2025-12-10T10:09:31.107218Z[0m [34mDEBUG[0m [2mhyper::proto::h1::io[0m[2m:[0m parsed 4 headers
[2m2025-12-10T10:09:31.107224Z[0m [34mDEBUG[0m [2mhyper::proto::h1::conn[0m[2m:[0m incoming body is content-length (45 bytes)
[2m2025-12-10T10:09:31.107228Z[0m [34mDEBUG[0m [2mhyper::proto::h1::conn[0m[2m:[0m incoming body completed
[2m2025-12-10T10:09:31.107233Z[0m [34mDEBUG[0m [2mhyper::client::pool[0m[2m:[0m pooling idle connection for ("http", 192.168.0.14:8545)
[2m2025-12-10T10:09:31.112789Z[0m [34mDEBUG[0m [2mhyper::proto::h1::io[0m[2m:[0m parsed 4 headers
[2m2025-12-10T10:09:31.112798Z[0m [34mDEBUG[0m [2mhyper::proto::h1::conn[0m[2m:[0m incoming body is content-length (647 bytes)
[2m2025-12-10T10:09:31.112803Z[0m [34mDEBUG[0m [2mhyper::proto::h1::conn[0m[2m:[0m incoming body completed
[2m2025-12-10T10:09:31.112809Z[0m [34mDEBUG[0m [2mhyper::client::pool[0m[2m:[0m pooling idle connection for ("http", 192.168.0.14:8545)
[2m2025-12-10T10:09:31.112814Z[0m [34mDEBUG[0m [2methereum_transaction_pool_monitor::eth_client[0m[2m:[0m 📡 Transaction fetch RPC completed in 5.644083ms
[2m2025-12-10T10:09:31.187409Z[0m [34mDEBUG[0m [2methereum_transaction_pool_monitor::eth_client[0m[2m:[0m ✅ Transaction 0x23cebbde2f33229104f4a53fd233f6b09e2813fae707655aea16a4968b847aef fetched and parsed in 80.236625ms
[2m2025-12-10T10:09:31.187443Z[0m [34mDEBUG[0m [2methereum_transaction_pool_monitor::mempool_monitor[0m[2m:[0m 🔍 Skipping tx 0x23cebbde2f33229104f4a53fd233f6b09e2813fae707655aea16a4968b847aef - not a DEX interaction (target: 0xb5d85CBf7cB3EE0D56b3bB207D5Fc4B82f43F511)
[2m2025-12-10T10:09:31.187454Z[0m [34mDEBUG[0m [2methereum_transaction_pool_monitor::mempool_monitor[0m[2m:[0m 📨 Processing new pending transaction: 0x54deae649bcbf66199a915b04f19b42d65abe70860a5c48603d9da70710bdc02
[2m2025-12-10T10:09:31.187459Z[0m [34mDEBUG[0m [2methereum_transaction_pool_monitor::mempool_monitor[0m[2m:[0m 🔍 Fetching transaction details for: 0x54deae649bcbf66199a915b04f19b42d65abe70860a5c48603d9da70710bdc02
[2m2025-12-10T10:09:31.187463Z[0m [34mDEBUG[0m [2methereum_transaction_pool_monitor::eth_client[0m[2m:[0m 🔍 Fetching transaction details for hash: 0x54deae649bcbf66199a915b04f19b42d65abe70860a5c48603d9da70710bdc02
[2m2025-12-10T10:09:31.187485Z[0m [34mDEBUG[0m [2mhyper::client::pool[0m[2m:[0m reuse idle connection for ("http", 192.168.0.14:8545)
[2m2025-12-10T10:09:31.187553Z[0m [34mDEBUG[0m [2mhyper::proto::h1::io[0m[2m:[0m flushed 250 bytes
[2m2025-12-10T10:09:31.193680Z[0m [34mDEBUG[0m [2mhyper::proto::h1::io[0m[2m:[0m parsed 4 headers
[2m2025-12-10T10:09:31.193695Z[0m [34mDEBUG[0m [2mhyper::proto::h1::conn[0m[2m:[0m incoming body is content-length (647 bytes)
[2m2025-12-10T10:09:31.193704Z[0m [34mDEBUG[0m [2mhyper::proto::h1::conn[0m[2m:[0m incoming body completed
[2m2025-12-10T10:09:31.193716Z[0m [34mDEBUG[0m [2mhyper::client::pool[0m[2m:[0m pooling idle connection for ("http", 192.168.0.14:8545)
[2m2025-12-10T10:09:31.193725Z[0m [34mDEBUG[0m [2methereum_transaction_pool_monitor::eth_client[0m[2m:[0m 📡 Transaction fetch RPC completed in 6.256291ms
[2m2025-12-10T10:09:31.265980Z[0m [34mDEBUG[0m [2methereum_transaction_pool_monitor::eth_client[0m[2m:[0m ✅ Transaction 0x54deae649bcbf66199a915b04f19b42d65abe70860a5c48603d9da70710bdc02 fetched and parsed in 78.508291ms
[2m2025-12-10T10:09:31.266027Z[0m [34mDEBUG[0m [2methereum_transaction_pool_monitor::mempool_monitor[0m[2m:[0m 🔍 Skipping tx 0x54deae649bcbf66199a915b04f19b42d65abe70860a5c48603d9da70710bdc02 - not a DEX interaction (target: 0xb5d85CBf7cB3EE0D56b3bB207D5Fc4B82f43F511)
[2m2025-12-10T10:09:31.266038Z[0m [34mDEBUG[0m [2methereum_transaction_pool_monitor::mempool_monitor[0m[2m:[0m 📨 Processing new pending transaction: 0xf1154e0d35a40448ceac014567425b647eeb9dca36807959728b79665186fe13
[2m2025-12-10T10:09:31.266046Z[0m [34mDEBUG[0m [2methereum_transaction_pool_monitor::mempool_monitor[0m[2m:[0m 🔍 Fetching transaction details for: 0xf1154e0d35a40448ceac014567425b647eeb9dca36807959728b79665186fe13
[2m2025-12-10T10:09:31.266050Z[0m [34mDEBUG[0m [2methereum_transaction_pool_monitor::eth_client[0m[2m:[0m 🔍 Fetching transaction details for hash: 0xf1154e0d35a40448ceac014567425b647eeb9dca36807959728b79665186fe13
[2m2025-12-10T10:09:31.266075Z[0m [34mDEBUG[0m [2mhyper::client::pool[0m[2m:[0m reuse idle connection for ("http", 192.168.0.14:8545)
[2m2025-12-10T10:09:31.266136Z[0m [34mDEBUG[0m [2mhyper::proto::h1::io[0m[2m:[0m flushed 250 bytes
[2m2025-12-10T10:09:31.266159Z[0m [34mDEBUG[0m [2mhyper::client::pool[0m[2m:[0m reuse idle connection for ("http", 192.168.0.14:8545)
[2m2025-12-10T10:09:31.266171Z[0m [34mDEBUG[0m [2methereum_transaction_pool_monitor::eth_client[0m[2m:[0m 📨 Received WebSocket message: {"jsonrpc":"2.0","method":"eth_subscription","params":{"subscription":"0xbed0a0851463e895960a451075a301a9","result":"0x2f9a453b19257f95e8c900225557a347eb06c7329b48f1ab7c711aa089a628b8"}}
[2m2025-12-10T10:09:31.266176Z[0m [34mDEBUG[0m [2mhyper::proto::h1::io[0m[2m:[0m flushed 172 bytes
[2m2025-12-10T10:09:31.266188Z[0m [34mDEBUG[0m [2methereum_transaction_pool_monitor::eth_client[0m[2m:[0m 📨 Received pending transaction: 0x2f9a453b19257f95e8c900225557a347eb06c7329b48f1ab7c711aa089a628b8
[2m2025-12-10T10:09:31.272885Z[0m [34mDEBUG[0m [2mhyper::proto::h1::io[0m[2m:[0m parsed 4 headers
[2m2025-12-10T10:09:31.272907Z[0m [34mDEBUG[0m [2mhyper::proto::h1::conn[0m[2m:[0m incoming body is content-length (648 bytes)
[2m2025-12-10T10:09:31.272916Z[0m [34mDEBUG[0m [2mhyper::proto::h1::conn[0m[2m:[0m incoming body completed
[2m2025-12-10T10:09:31.272927Z[0m [34mDEBUG[0m [2mhyper::client::pool[0m[2m:[0m pooling idle connection for ("http", 192.168.0.14:8545)
[2m2025-12-10T10:09:31.272934Z[0m [34mDEBUG[0m [2methereum_transaction_pool_monitor::eth_client[0m[2m:[0m 📡 Transaction fetch RPC completed in 6.877958ms
[2m2025-12-10T10:09:31.343760Z[0m [34mDEBUG[0m [2methereum_transaction_pool_monitor::eth_client[0m[2m:[0m ✅ Transaction 0xf1154e0d35a40448ceac014567425b647eeb9dca36807959728b79665186fe13 fetched and parsed in 77.701083ms
[2m2025-12-10T10:09:31.343790Z[0m [34mDEBUG[0m [2methereum_transaction_pool_monitor::mempool_monitor[0m[2m:[0m 🔍 Skipping tx 0xf1154e0d35a40448ceac014567425b647eeb9dca36807959728b79665186fe13 - not a DEX interaction (target: 0xb5d85CBf7cB3EE0D56b3bB207D5Fc4B82f43F511)
[2m2025-12-10T10:09:31.343801Z[0m [34mDEBUG[0m [2methereum_transaction_pool_monitor::mempool_monitor[0m[2m:[0m 📨 Processing new pending transaction: 0x61dd4ebdb98ff2bec1f6e29043fae964f9f0d2f8028ad46e255647d1bd616a33
[2m2025-12-10T10:09:31.343808Z[0m [34mDEBUG[0m [2methereum_transaction_pool_monitor::mempool_monitor[0m[2m:[0m 🔍 Fetching transaction details for: 0x61dd4ebdb98ff2bec1f6e29043fae964f9f0d2f8028ad46e255647d1bd616a33
[2m2025-12-10T10:09:31.343813Z[0m [34mDEBUG[0m [2methereum_transaction_pool_monitor::eth_client[0m[2m:[0m 🔍 Fetching transaction details for hash: 0x61dd4ebdb98ff2bec1f6e29043fae964f9f0d2f8028ad46e255647d1bd616a33
[2m2025-12-10T10:09:31.343833Z[0m [34mDEBUG[0m [2mhyper::client::pool[0m[2m:[0m reuse idle connection for ("http", 192.168.0.14:8545)
[2m2025-12-10T10:09:31.343880Z[0m [34mDEBUG[0m [2mhyper::proto::h1::io[0m[2m:[0m flushed 250 bytes
[2m2025-12-10T10:09:31.343898Z[0m [34mDEBUG[0m [2mhyper::proto::h1::io[0m[2m:[0m parsed 4 headers
[2m2025-12-10T10:09:31.343903Z[0m [34mDEBUG[0m [2mhyper::proto::h1::conn[0m[2m:[0m incoming body is content-length (45 bytes)
[2m2025-12-10T10:09:31.343911Z[0m [34mDEBUG[0m [2mhyper::proto::h1::conn[0m[2m:[0m incoming body completed
[2m2025-12-10T10:09:31.343920Z[0m [34mDEBUG[0m [2mhyper::client::pool[0m[2m:[0m pooling idle connection for ("http", 192.168.0.14:8545)
[2m2025-12-10T10:09:31.343939Z[0m [34mDEBUG[0m [2mhyper::client::pool[0m[2m:[0m reuse idle connection for ("http", 192.168.0.14:8545)
[2m2025-12-10T10:09:31.343956Z[0m [34mDEBUG[0m [2mhyper::proto::h1::io[0m[2m:[0m flushed 172 bytes
[2m2025-12-10T10:09:31.348365Z[0m [34mDEBUG[0m [2mhyper::proto::h1::io[0m[2m:[0m parsed 4 headers
[2m2025-12-10T10:09:31.348371Z[0m [34mDEBUG[0m [2mhyper::proto::h1::conn[0m[2m:[0m incoming body is content-length (647 bytes)
[2m2025-12-10T10:09:31.348378Z[0m [34mDEBUG[0m [2mhyper::proto::h1::conn[0m[2m:[0m incoming body completed
[2m2025-12-10T10:09:31.348385Z[0m [34mDEBUG[0m [2mhyper::client::pool[0m[2m:[0m pooling idle connection for ("http", 192.168.0.14:8545)
[2m2025-12-10T10:09:31.348391Z[0m [34mDEBUG[0m [2methereum_transaction_pool_monitor::eth_client[0m[2m:[0m 📡 Transaction fetch RPC completed in 4.572958ms
[2m2025-12-10T10:09:31.419848Z[0m [34mDEBUG[0m [2methereum_transaction_pool_monitor::eth_client[0m[2m:[0m ✅ Transaction 0x61dd4ebdb98ff2bec1f6e29043fae964f9f0d2f8028ad46e255647d1bd616a33 fetched and parsed in 76.027416ms
[2m2025-12-10T10:09:31.419877Z[0m [34mDEBUG[0m [2methereum_transaction_pool_monitor::mempool_monitor[0m[2m:[0m 🔍 Skipping tx 0x61dd4ebdb98ff2bec1f6e29043fae964f9f0d2f8028ad46e255647d1bd616a33 - not a DEX interaction (target: 0xA9D1e08C7793af67e9d92fe308d5697FB81d3E43)
[2m2025-12-10T10:09:31.419886Z[0m [34mDEBUG[0m [2methereum_transaction_pool_monitor::mempool_monitor[0m[2m:[0m 📨 Processing new pending transaction: 0x760276cdf0d141068388b943e74a055736f34d89d0136b0b772776d07735b751
[2m2025-12-10T10:09:31.419893Z[0m [34mDEBUG[0m [2methereum_transaction_pool_monitor::mempool_monitor[0m[2m:[0m 🔍 Fetching transaction details for: 0x760276cdf0d141068388b943e74a055736f34d89d0136b0b772776d07735b751
[2m2025-12-10T10:09:31.419901Z[0m [34mDEBUG[0m [2methereum_transaction_pool_monitor::eth_client[0m[2m:[0m 🔍 Fetching transaction details for hash: 0x760276cdf0d141068388b943e74a055736f34d89d0136b0b772776d07735b751
[2m2025-12-10T10:09:31.419921Z[0m [34mDEBUG[0m [2mhyper::client::pool[0m[2m:[0m reuse idle connection for ("http", 192.168.0.14:8545)
[2m2025-12-10T10:09:31.419970Z[0m [34mDEBUG[0m [2mhyper::proto::h1::io[0m[2m:[0m flushed 250 bytes
[2m2025-12-10T10:09:31.419996Z[0m [34mDEBUG[0m [2methereum_transaction_pool_monitor::eth_client[0m[2m:[0m 📨 Received WebSocket message: {"jsonrpc":"2.0","method":"eth_subscription","params":{"subscription":"0xbed0a0851463e895960a451075a301a9","result":"0xd7b4db0818d21ca9280f9a5d3b2004353687cecc426ad8f6e139416032fb9459"}}
[2m2025-12-10T10:09:31.420005Z[0m [34mDEBUG[0m [2methereum_transaction_pool_monitor::eth_client[0m[2m:[0m 📨 Received pending transaction: 0xd7b4db0818d21ca9280f9a5d3b2004353687cecc426ad8f6e139416032fb9459
[2m2025-12-10T10:09:31.420025Z[0m [34mDEBUG[0m [2mhyper::proto::h1::io[0m[2m:[0m parsed 4 headers
[2m2025-12-10T10:09:31.420031Z[0m [34mDEBUG[0m [2mhyper::proto::h1::conn[0m[2m:[0m incoming body is content-length (45 bytes)
[2m2025-12-10T10:09:31.420039Z[0m [34mDEBUG[0m [2mhyper::proto::h1::conn[0m[2m:[0m incoming body completed
[2m2025-12-10T10:09:31.420049Z[0m [34mDEBUG[0m [2mhyper::client::pool[0m[2m:[0m pooling idle connection for ("http", 192.168.0.14:8545)
[2m2025-12-10T10:09:31.420067Z[0m [34mDEBUG[0m [2mhyper::client::pool[0m[2m:[0m reuse idle connection for ("http", 192.168.0.14:8545)
[2m2025-12-10T10:09:31.420083Z[0m [34mDEBUG[0m [2mhyper::proto::h1::io[0m[2m:[0m flushed 172 bytes
[2m2025-12-10T10:09:31.428198Z[0m [34mDEBUG[0m [2mhyper::proto::h1::io[0m[2m:[0m parsed 4 headers
[2m2025-12-10T10:09:31.429010Z[0m [34mDEBUG[0m [2mhyper::proto::h1::conn[0m[2m:[0m incoming body is content-length (45 bytes)
[2m2025-12-10T10:09:31.429022Z[0m [34mDEBUG[0m [2mhyper::proto::h1::conn[0m[2m:[0m incoming body completed
[2m2025-12-10T10:09:31.429034Z[0m [34mDEBUG[0m [2mhyper::client::pool[0m[2m:[0m pooling idle connection for ("http", 192.168.0.14:8545)
[2m2025-12-10T10:09:31.429057Z[0m [34mDEBUG[0m [2mhyper::proto::h1::io[0m[2m:[0m parsed 4 headers
[2m2025-12-10T10:09:31.429063Z[0m [34mDEBUG[0m [2mhyper::proto::h1::conn[0m[2m:[0m incoming body is content-length (647 bytes)
[2m2025-12-10T10:09:31.429069Z[0m [34mDEBUG[0m [2mhyper::proto::h1::conn[0m[2m:[0m incoming body completed
[2m2025-12-10T10:09:31.429077Z[0m [34mDEBUG[0m [2mhyper::client::pool[0m[2m:[0m pooling idle connection for ("http", 192.168.0.14:8545)
[2m2025-12-10T10:09:31.429083Z[0m [34mDEBUG[0m [2methereum_transaction_pool_monitor::eth_client[0m[2m:[0m 📡 Transaction fetch RPC completed in 9.177291ms
[2m2025-12-10T10:09:31.501406Z[0m [34mDEBUG[0m [2methereum_transaction_pool_monitor::eth_client[0m[2m:[0m ✅ Transaction 0x760276cdf0d141068388b943e74a055736f34d89d0136b0b772776d07735b751 fetched and parsed in 81.497166ms
[2m2025-12-10T10:09:31.501440Z[0m [34mDEBUG[0m [2methereum_transaction_pool_monitor::mempool_monitor[0m[2m:[0m 🔍 Skipping tx 0x760276cdf0d141068388b943e74a055736f34d89d0136b0b772776d07735b751 - not a DEX interaction (target: 0xA9D1e08C7793af67e9d92fe308d5697FB81d3E43)
[2m2025-12-10T10:09:31.501451Z[0m [34mDEBUG[0m [2methereum_transaction_pool_monitor::mempool_monitor[0m[2m:[0m 📨 Processing new pending transaction: 0xf1a8406665c38fc91944b4b8fa16ba803864a529168c60d9600d3d0deef5b5b2
[2m2025-12-10T10:09:31.501458Z[0m [34mDEBUG[0m [2methereum_transaction_pool_monitor::mempool_monitor[0m[2m:[0m 🔍 Fetching transaction details for: 0xf1a8406665c38fc91944b4b8fa16ba803864a529168c60d9600d3d0deef5b5b2
[2m2025-12-10T10:09:31.501465Z[0m [34mDEBUG[0m [2methereum_transaction_pool_monitor::eth_client[0m[2m:[0m 🔍 Fetching transaction details for hash: 0xf1a8406665c38fc91944b4b8fa16ba803864a529168c60d9600d3d0deef5b5b2
[2m2025-12-10T10:09:31.501489Z[0m [34mDEBUG[0m [2mhyper::client::pool[0m[2m:[0m reuse idle connection for ("http", 192.168.0.14:8545)
[2m2025-12-10T10:09:31.501539Z[0m [34mDEBUG[0m [2mhyper::proto::h1::io[0m[2m:[0m flushed 250 bytes
[2m2025-12-10T10:09:31.501560Z[0m [34mDEBUG[0m [2mhyper::client::pool[0m[2m:[0m reuse idle connection for ("http", 192.168.0.14:8545)
[2m2025-12-10T10:09:31.501578Z[0m [34mDEBUG[0m [2mhyper::proto::h1::io[0m[2m:[0m flushed 172 bytes
[2m2025-12-10T10:09:31.501635Z[0m [34mDEBUG[0m [2methereum_transaction_pool_monitor::eth_client[0m[2m:[0m 📨 Received WebSocket message: {"jsonrpc":"2.0","method":"eth_subscription","params":{"subscription":"0xbed0a0851463e895960a451075a301a9","result":"0x0700ba919b06583b0289c51dc31c07ecd62f3446e806e42dc2fd8e6131ca923c"}}
[2m2025-12-10T10:09:31.501645Z[0m [34mDEBUG[0m [2methereum_transaction_pool_monitor::eth_client[0m[2m:[0m 📨 Received pending transaction: 0x0700ba919b06583b0289c51dc31c07ecd62f3446e806e42dc2fd8e6131ca923c
[2m2025-12-10T10:09:31.501651Z[0m [34mDEBUG[0m [2methereum_transaction_pool_monitor::eth_client[0m[2m:[0m 📨 Received WebSocket message: {"jsonrpc":"2.0","method":"eth_subscription","params":{"subscription":"0xbed0a0851463e895960a451075a301a9","result":"0x8de1090dde7629d0265120bf0fd21cb4f1d34207f5b0e32790fb70a86966df3f"}}
[2m2025-12-10T10:09:31.501657Z[0m [34mDEBUG[0m [2methereum_transaction_pool_monitor::eth_client[0m[2m:[0m 📨 Received pending transaction: 0x8de1090dde7629d0265120bf0fd21cb4f1d34207f5b0e32790fb70a86966df3f
[2m2025-12-10T10:09:31.507390Z[0m [34mDEBUG[0m [2mhyper::proto::h1::io[0m[2m:[0m parsed 4 headers
[2m2025-12-10T10:09:31.507401Z[0m [34mDEBUG[0m [2mhyper::proto::h1::conn[0m[2m:[0m incoming body is content-length (647 bytes)
[2m2025-12-10T10:09:31.507410Z[0m [34mDEBUG[0m [2mhyper::proto::h1::conn[0m[2m:[0m incoming body completed
[2m2025-12-10T10:09:31.507420Z[0m [34mDEBUG[0m [2mhyper::client::pool[0m[2m:[0m pooling idle connection for ("http", 192.168.0.14:8545)
[2m2025-12-10T10:09:31.507427Z[0m [34mDEBUG[0m [2methereum_transaction_pool_monitor::eth_client[0m[2m:[0m 📡 Transaction fetch RPC completed in 5.958208ms
[2m2025-12-10T10:09:31.579551Z[0m [34mDEBUG[0m [2methereum_transaction_pool_monitor::eth_client[0m[2m:[0m ✅ Transaction 0xf1a8406665c38fc91944b4b8fa16ba803864a529168c60d9600d3d0deef5b5b2 fetched and parsed in 78.079208ms
[2m2025-12-10T10:09:31.579579Z[0m [34mDEBUG[0m [2methereum_transaction_pool_monitor::mempool_monitor[0m[2m:[0m 🔍 Skipping tx 0xf1a8406665c38fc91944b4b8fa16ba803864a529168c60d9600d3d0deef5b5b2 - not a DEX interaction (target: 0xA9D1e08C7793af67e9d92fe308d5697FB81d3E43)
[2m2025-12-10T10:09:31.579588Z[0m [34mDEBUG[0m [2methereum_transaction_pool_monitor::mempool_monitor[0m[2m:[0m 📨 Processing new pending transaction: 0x29dd3433823038e50fd6a550e3fd056dc3cf4abaa5b7b3c37ab16a8c561e214a
[2m2025-12-10T10:09:31.579597Z[0m [34mDEBUG[0m [2methereum_transaction_pool_monitor::mempool_monitor[0m[2m:[0m 🔍 Fetching transaction details for: 0x29dd3433823038e50fd6a550e3fd056dc3cf4abaa5b7b3c37ab16a8c561e214a
[2m2025-12-10T10:09:31.579602Z[0m [34mDEBUG[0m [2methereum_transaction_pool_monitor::eth_client[0m[2m:[0m 🔍 Fetching transaction details for hash: 0x29dd3433823038e50fd6a550e3fd056dc3cf4abaa5b7b3c37ab16a8c561e214a
[2m2025-12-10T10:09:31.579620Z[0m [34mDEBUG[0m [2mhyper::client::pool[0m[2m:[0m reuse idle connection for ("http", 192.168.0.14:8545)
[2m2025-12-10T10:09:31.579667Z[0m [34mDEBUG[0m [2mhyper::proto::h1::io[0m[2m:[0m flushed 250 bytes
[2m2025-12-10T10:09:31.579687Z[0m [34mDEBUG[0m [2mhyper::proto::h1::io[0m[2m:[0m parsed 4 headers
[2m2025-12-10T10:09:31.579691Z[0m [34mDEBUG[0m [2mhyper::proto::h1::conn[0m[2m:[0m incoming body is content-length (45 bytes)
[2m2025-12-10T10:09:31.579699Z[0m [34mDEBUG[0m [2mhyper::proto::h1::conn[0m[2m:[0m incoming body completed
[2m2025-12-10T10:09:31.579707Z[0m [34mDEBUG[0m [2mhyper::client::pool[0m[2m:[0m pooling idle connection for ("http", 192.168.0.14:8545)
[2m2025-12-10T10:09:31.597754Z[0m [34mDEBUG[0m [2mhyper::client::pool[0m[2m:[0m reuse idle connection for ("http", 192.168.0.14:8545)
[2m2025-12-10T10:09:31.597809Z[0m [34mDEBUG[0m [2mhyper::proto::h1::io[0m[2m:[0m flushed 172 bytes
[2m2025-12-10T10:09:31.602217Z[0m [34mDEBUG[0m [2mhyper::proto::h1::io[0m[2m:[0m parsed 4 headers
[2m2025-12-10T10:09:31.602234Z[0m [34mDEBUG[0m [2mhyper::proto::h1::conn[0m[2m:[0m incoming body is content-length (647 bytes)
[2m2025-12-10T10:09:31.602242Z[0m [34mDEBUG[0m [2mhyper::proto::h1::conn[0m[2m:[0m incoming body completed
[2m2025-12-10T10:09:31.602253Z[0m [34mDEBUG[0m [2mhyper::client::pool[0m[2m:[0m pooling idle connection for ("http", 192.168.0.14:8545)
[2m2025-12-10T10:09:31.602260Z[0m [34mDEBUG[0m [2methereum_transaction_pool_monitor::eth_client[0m[2m:[0m 📡 Transaction fetch RPC completed in 22.653125ms
[2m2025-12-10T10:09:31.672066Z[0m [34mDEBUG[0m [2methereum_transaction_pool_monitor::eth_client[0m[2m:[0m ✅ Transaction 0x29dd3433823038e50fd6a550e3fd056dc3cf4abaa5b7b3c37ab16a8c561e214a fetched and parsed in 92.456709ms
[2m2025-12-10T10:09:31.672096Z[0m [34mDEBUG[0m [2methereum_transaction_pool_monitor::mempool_monitor[0m[2m:[0m 🔍 Skipping tx 0x29dd3433823038e50fd6a550e3fd056dc3cf4abaa5b7b3c37ab16a8c561e214a - not a DEX interaction (target: 0xb5d85CBf7cB3EE0D56b3bB207D5Fc4B82f43F511)
[2m2025-12-10T10:09:31.672106Z[0m [34mDEBUG[0m [2methereum_transaction_pool_monitor::mempool_monitor[0m[2m:[0m 📨 Processing new pending transaction: 0xb6ea7d5ae52bdaee58efbf4170329e2aa7ff738060a41e74fdcadf35e5091382
[2m2025-12-10T10:09:31.672111Z[0m [34mDEBUG[0m [2methereum_transaction_pool_monitor::mempool_monitor[0m[2m:[0m 🔍 Fetching transaction details for: 0xb6ea7d5ae52bdaee58efbf4170329e2aa7ff738060a41e74fdcadf35e5091382
[2m2025-12-10T10:09:31.672115Z[0m [34mDEBUG[0m [2methereum_transaction_pool_monitor::eth_client[0m[2m:[0m 🔍 Fetching transaction details for hash: 0xb6ea7d5ae52bdaee58efbf4170329e2aa7ff738060a41e74fdcadf35e5091382
[2m2025-12-10T10:09:31.672132Z[0m [34mDEBUG[0m [2mhyper::client::pool[0m[2m:[0m reuse idle connection for ("http", 192.168.0.14:8545)
[2m2025-12-10T10:09:31.672181Z[0m [34mDEBUG[0m [2mhyper::proto::h1::io[0m[2m:[0m flushed 250 bytes
[2m2025-12-10T10:09:31.672196Z[0m [34mDEBUG[0m [2mhyper::proto::h1::io[0m[2m:[0m parsed 4 headers
[2m2025-12-10T10:09:31.672202Z[0m [34mDEBUG[0m [2mhyper::proto::h1::conn[0m[2m:[0m incoming body is content-length (45 bytes)
[2m2025-12-10T10:09:31.672209Z[0m [34mDEBUG[0m [2mhyper::proto::h1::conn[0m[2m:[0m incoming body completed
[2m2025-12-10T10:09:31.672218Z[0m [34mDEBUG[0m [2mhyper::client::pool[0m[2m:[0m pooling idle connection for ("http", 192.168.0.14:8545)
[2m2025-12-10T10:09:31.678476Z[0m [34mDEBUG[0m [2mhyper::proto::h1::io[0m[2m:[0m parsed 4 headers
[2m2025-12-10T10:09:31.678486Z[0m [34mDEBUG[0m [2mhyper::proto::h1::conn[0m[2m:[0m incoming body is content-length (654 bytes)
[2m2025-12-10T10:09:31.678492Z[0m [34mDEBUG[0m [2mhyper::proto::h1::conn[0m[2m:[0m incoming body completed
[2m2025-12-10T10:09:31.678501Z[0m [34mDEBUG[0m [2mhyper::client::pool[0m[2m:[0m pooling idle connection for ("http", 192.168.0.14:8545)
[2m2025-12-10T10:09:31.678507Z[0m [34mDEBUG[0m [2methereum_transaction_pool_monitor::eth_client[0m[2m:[0m 📡 Transaction fetch RPC completed in 6.387917ms
[2m2025-12-10T10:09:31.750610Z[0m [34mDEBUG[0m [2methereum_transaction_pool_monitor::eth_client[0m[2m:[0m ✅ Transaction 0xb6ea7d5ae52bdaee58efbf4170329e2aa7ff738060a41e74fdcadf35e5091382 fetched and parsed in 78.488125ms
[2m2025-12-10T10:09:31.750638Z[0m [34mDEBUG[0m [2methereum_transaction_pool_monitor::mempool_monitor[0m[2m:[0m 🔍 Skipping tx 0xb6ea7d5ae52bdaee58efbf4170329e2aa7ff738060a41e74fdcadf35e5091382 - not a DEX interaction (target: 0xFcD5CC4B6A17F70e96100043D4B90d70cb5C2660)
[2m2025-12-10T10:09:31.750649Z[0m [34mDEBUG[0m [2methereum_transaction_pool_monitor::mempool_monitor[0m[2m:[0m 📨 Processing new pending transaction: 0x27daee1d46d128159acaa4deff116b998dbd7f6af1bc015cf296e71c31742761
[2m2025-12-10T10:09:31.750656Z[0m [34mDEBUG[0m [2methereum_transaction_pool_monitor::mempool_monitor[0m[2m:[0m 🔍 Fetching transaction details for: 0x27daee1d46d128159acaa4deff116b998dbd7f6af1bc015cf296e71c31742761
[2m2025-12-10T10:09:31.750663Z[0m [34mDEBUG[0m [2methereum_transaction_pool_monitor::eth_client[0m[2m:[0m 🔍 Fetching transaction details for hash: 0x27daee1d46d128159acaa4deff116b998dbd7f6af1bc015cf296e71c31742761
[2m2025-12-10T10:09:31.750682Z[0m [34mDEBUG[0m [2mhyper::client::pool[0m[2m:[0m reuse idle connection for ("http", 192.168.0.14:8545)
[2m2025-12-10T10:09:31.750733Z[0m [34mDEBUG[0m [2mhyper::proto::h1::io[0m[2m:[0m flushed 250 bytes
[2m2025-12-10T10:09:31.750753Z[0m [34mDEBUG[0m [2mhyper::client::pool[0m[2m:[0m reuse idle connection for ("http", 192.168.0.14:8545)
[2m2025-12-10T10:09:31.750769Z[0m [34mDEBUG[0m [2mhyper::proto::h1::io[0m[2m:[0m flushed 172 bytes
[2m2025-12-10T10:09:31.750784Z[0m [34mDEBUG[0m [2methereum_transaction_pool_monitor::eth_client[0m[2m:[0m 📨 Received WebSocket message: {"jsonrpc":"2.0","method":"eth_subscription","params":{"subscription":"0xbed0a0851463e895960a451075a301a9","result":"0xbf04dcda775c049b3393e99f97cbffce02b2177bb338632ca83cf8a203d2e489"}}
[2m2025-12-10T10:09:31.750795Z[0m [34mDEBUG[0m [2methereum_transaction_pool_monitor::eth_client[0m[2m:[0m 📨 Received pending transaction: 0xbf04dcda775c049b3393e99f97cbffce02b2177bb338632ca83cf8a203d2e489
[2m2025-12-10T10:09:31.762626Z[0m [34mDEBUG[0m [2mhyper::proto::h1::io[0m[2m:[0m parsed 4 headers
[2m2025-12-10T10:09:31.762642Z[0m [34mDEBUG[0m [2mhyper::proto::h1::conn[0m[2m:[0m incoming body is content-length (647 bytes)
[2m2025-12-10T10:09:31.762654Z[0m [34mDEBUG[0m [2mhyper::proto::h1::conn[0m[2m:[0m incoming body completed
[2m2025-12-10T10:09:31.762664Z[0m [34mDEBUG[0m [2mhyper::client::pool[0m[2m:[0m pooling idle connection for ("http", 192.168.0.14:8545)
[2m2025-12-10T10:09:31.762671Z[0m [34mDEBUG[0m [2methereum_transaction_pool_monitor::eth_client[0m[2m:[0m 📡 Transaction fetch RPC completed in 12.003791ms
[2m2025-12-10T10:09:31.834194Z[0m [34mDEBUG[0m [2methereum_transaction_pool_monitor::eth_client[0m[2m:[0m ✅ Transaction 0x27daee1d46d128159acaa4deff116b998dbd7f6af1bc015cf296e71c31742761 fetched and parsed in 83.524291ms
[2m2025-12-10T10:09:31.834221Z[0m [34mDEBUG[0m [2methereum_transaction_pool_monitor::mempool_monitor[0m[2m:[0m 🔍 Skipping tx 0x27daee1d46d128159acaa4deff116b998dbd7f6af1bc015cf296e71c31742761 - not a DEX interaction (target: 0xA9D1e08C7793af67e9d92fe308d5697FB81d3E43)
[2m2025-12-10T10:09:31.834232Z[0m [34mDEBUG[0m [2methereum_transaction_pool_monitor::mempool_monitor[0m[2m:[0m 📨 Processing new pending transaction: 0xbb0e58bb060bf33c19a2385431eae79ef105aa3091da0d0229d0ad658d795462
[2m2025-12-10T10:09:31.834238Z[0m [34mDEBUG[0m [2methereum_transaction_pool_monitor::mempool_monitor[0m[2m:[0m 🔍 Fetching transaction details for: 0xbb0e58bb060bf33c19a2385431eae79ef105aa3091da0d0229d0ad658d795462
[2m2025-12-10T10:09:31.834243Z[0m [34mDEBUG[0m [2methereum_transaction_pool_monitor::eth_client[0m[2m:[0m 🔍 Fetching transaction details for hash: 0xbb0e58bb060bf33c19a2385431eae79ef105aa3091da0d0229d0ad658d795462
[2m2025-12-10T10:09:31.834262Z[0m [34mDEBUG[0m [2mhyper::client::pool[0m[2m:[0m reuse idle connection for ("http", 192.168.0.14:8545)
[2m2025-12-10T10:09:31.834308Z[0m [34mDEBUG[0m [2mhyper::proto::h1::io[0m[2m:[0m flushed 250 bytes
[2m2025-12-10T10:09:31.834333Z[0m [34mDEBUG[0m [2methereum_transaction_pool_monitor::eth_client[0m[2m:[0m 📨 Received WebSocket message: {"jsonrpc":"2.0","method":"eth_subscription","params":{"subscription":"0xbed0a0851463e895960a451075a301a9","result":"0x1cd84490a68383aac0562e0086b9b67f9709c2b346bb3cd3f2d66becc4fad25a"}}
[2m2025-12-10T10:09:31.834342Z[0m [34mDEBUG[0m [2methereum_transaction_pool_monitor::eth_client[0m[2m:[0m 📨 Received pending transaction: 0x1cd84490a68383aac0562e0086b9b67f9709c2b346bb3cd3f2d66becc4fad25a
[2m2025-12-10T10:09:31.834360Z[0m [34mDEBUG[0m [2mhyper::proto::h1::io[0m[2m:[0m parsed 4 headers
[2m2025-12-10T10:09:31.834390Z[0m [34mDEBUG[0m [2mhyper::proto::h1::conn[0m[2m:[0m incoming body is content-length (45 bytes)
[2m2025-12-10T10:09:31.834399Z[0m [34mDEBUG[0m [2mhyper::proto::h1::conn[0m[2m:[0m incoming body completed
[2m2025-12-10T10:09:31.834411Z[0m [34mDEBUG[0m [2mhyper::client::pool[0m[2m:[0m pooling idle connection for ("http", 192.168.0.14:8545)
[2m2025-12-10T10:09:31.834430Z[0m [34mDEBUG[0m [2mhyper::client::pool[0m[2m:[0m reuse idle connection for ("http", 192.168.0.14:8545)
[2m2025-12-10T10:09:31.834445Z[0m [34mDEBUG[0m [2mhyper::proto::h1::io[0m[2m:[0m flushed 172 bytes
[2m2025-12-10T10:09:31.841127Z[0m [34mDEBUG[0m [2mhyper::proto::h1::io[0m[2m:[0m parsed 4 headers
[2m2025-12-10T10:09:31.841146Z[0m [34mDEBUG[0m [2mhyper::proto::h1::conn[0m[2m:[0m incoming body is content-length (45 bytes)
[2m2025-12-10T10:09:31.841154Z[0m [34mDEBUG[0m [2mhyper::proto::h1::conn[0m[2m:[0m incoming body completed
[2m2025-12-10T10:09:31.841164Z[0m [34mDEBUG[0m [2mhyper::client::pool[0m[2m:[0m pooling idle connection for ("http", 192.168.0.14:8545)
[2m2025-12-10T10:09:31.841878Z[0m [34mDEBUG[0m [2mhyper::proto::h1::io[0m[2m:[0m parsed 4 headers
[2m2025-12-10T10:09:31.841886Z[0m [34mDEBUG[0m [2mhyper::proto::h1::conn[0m[2m:[0m incoming body is content-length (646 bytes)
[2m2025-12-10T10:09:31.841892Z[0m [34mDEBUG[0m [2mhyper::proto::h1::conn[0m[2m:[0m incoming body completed
[2m2025-12-10T10:09:31.841898Z[0m [34mDEBUG[0m [2mhyper::client::pool[0m[2m:[0m pooling idle connection for ("http", 192.168.0.14:8545)
[2m2025-12-10T10:09:31.841904Z[0m [34mDEBUG[0m [2methereum_transaction_pool_monitor::eth_client[0m[2m:[0m 📡 Transaction fetch RPC completed in 7.655416ms
[2m2025-12-10T10:09:31.914473Z[0m [34mDEBUG[0m [2methereum_transaction_pool_monitor::eth_client[0m[2m:[0m ✅ Transaction 0xbb0e58bb060bf33c19a2385431eae79ef105aa3091da0d0229d0ad658d795462 fetched and parsed in 80.222ms
[2m2025-12-10T10:09:31.914502Z[0m [34mDEBUG[0m [2methereum_transaction_pool_monitor::mempool_monitor[0m[2m:[0m 🔍 Skipping tx 0xbb0e58bb060bf33c19a2385431eae79ef105aa3091da0d0229d0ad658d795462 - not a DEX interaction (target: 0xb5d85CBf7cB3EE0D56b3bB207D5Fc4B82f43F511)
[2m2025-12-10T10:09:31.914515Z[0m [34mDEBUG[0m [2methereum_transaction_pool_monitor::mempool_monitor[0m[2m:[0m 📨 Processing new pending transaction: 0xafb62bbebd885c261f7d824530e7d408dab012f580db38d9a39005c2f480d9af
[2m2025-12-10T10:09:31.914522Z[0m [34mDEBUG[0m [2methereum_transaction_pool_monitor::mempool_monitor[0m[2m:[0m 🔍 Fetching transaction details for: 0xafb62bbebd885c261f7d824530e7d408dab012f580db38d9a39005c2f480d9af
[2m2025-12-10T10:09:31.914527Z[0m [34mDEBUG[0m [2methereum_transaction_pool_monitor::eth_client[0m[2m:[0m 🔍 Fetching transaction details for hash: 0xafb62bbebd885c261f7d824530e7d408dab012f580db38d9a39005c2f480d9af
[2m2025-12-10T10:09:31.914549Z[0m [34mDEBUG[0m [2mhyper::client::pool[0m[2m:[0m reuse idle connection for ("http", 192.168.0.14:8545)
[2m2025-12-10T10:09:31.914590Z[0m [34mDEBUG[0m [2mhyper::proto::h1::io[0m[2m:[0m flushed 250 bytes
[2m2025-12-10T10:09:31.914614Z[0m [34mDEBUG[0m [2mhyper::client::pool[0m[2m:[0m reuse idle connection for ("http", 192.168.0.14:8545)
[2m2025-12-10T10:09:31.914632Z[0m [34mDEBUG[0m [2mhyper::proto::h1::io[0m[2m:[0m flushed 172 bytes
[2m2025-12-10T10:09:31.914677Z[0m [34mDEBUG[0m [2methereum_transaction_pool_monitor::eth_client[0m[2m:[0m 📨 Received WebSocket message: {"jsonrpc":"2.0","method":"eth_subscription","params":{"subscription":"0xbed0a0851463e895960a451075a301a9","result":"0xcbb4228d08e4bc386fbf4a03c7eed4c0d6b713386eb2fe282ad1daaacd1dee41"}}
[2m2025-12-10T10:09:31.914688Z[0m [34mDEBUG[0m [2methereum_transaction_pool_monitor::eth_client[0m[2m:[0m 📨 Received pending transaction: 0xcbb4228d08e4bc386fbf4a03c7eed4c0d6b713386eb2fe282ad1daaacd1dee41
[2m2025-12-10T10:09:31.923029Z[0m [34mDEBUG[0m [2mhyper::proto::h1::io[0m[2m:[0m parsed 4 headers
[2m2025-12-10T10:09:31.923052Z[0m [34mDEBUG[0m [2mhyper::proto::h1::conn[0m[2m:[0m incoming body is content-length (765 bytes)
[2m2025-12-10T10:09:31.923063Z[0m [34mDEBUG[0m [2mhyper::proto::h1::conn[0m[2m:[0m incoming body completed
[2m2025-12-10T10:09:31.923077Z[0m [34mDEBUG[0m [2mhyper::client::pool[0m[2m:[0m pooling idle connection for ("http", 192.168.0.14:8545)
[2m2025-12-10T10:09:31.923086Z[0m [34mDEBUG[0m [2methereum_transaction_pool_monitor::eth_client[0m[2m:[0m 📡 Transaction fetch RPC completed in 8.554333ms
[2m2025-12-10T10:09:31.923106Z[0m [34mDEBUG[0m [2methereum_transaction_pool_monitor::eth_client[0m[2m:[0m DeFi transaction detected - Address: 0xdac17f958d2ee523a2206206994597c13d831ec7, Type: Stablecoin, Value: 0 ETH, Gas: 0.26 Gwei
[2m2025-12-10T10:09:31.923121Z[0m [34mDEBUG[0m [2methereum_transaction_pool_monitor::eth_client[0m[2m:[0m ✅ Transaction 0xafb62bbebd885c261f7d824530e7d408dab012f580db38d9a39005c2f480d9af fetched and parsed in 8.58975ms
[2m2025-12-10T10:09:31.923132Z[0m [34mDEBUG[0m [2methereum_transaction_pool_monitor::mempool_monitor[0m[2m:[0m 🔍 Skipping tx 0xafb62bbebd885c261f7d824530e7d408dab012f580db38d9a39005c2f480d9af - not a DEX interaction (target: 0xdAC17F958D2ee523a2206206994597C13D831ec7)
[2m2025-12-10T10:09:31.923142Z[0m [34mDEBUG[0m [2methereum_transaction_pool_monitor::mempool_monitor[0m[2m:[0m 📨 Processing new pending transaction: 0x2644e5a9af0c65279f25fe2a4d0e4f10da1364aa10ee0ea841ba658ca69d8726
[2m2025-12-10T10:09:31.923148Z[0m [34mDEBUG[0m [2methereum_transaction_pool_monitor::mempool_monitor[0m[2m:[0m 🔍 Fetching transaction details for: 0x2644e5a9af0c65279f25fe2a4d0e4f10da1364aa10ee0ea841ba658ca69d8726
[2m2025-12-10T10:09:31.923154Z[0m [34mDEBUG[0m [2methereum_transaction_pool_monitor::eth_client[0m[2m:[0m 🔍 Fetching transaction details for hash: 0x2644e5a9af0c65279f25fe2a4d0e4f10da1364aa10ee0ea841ba658ca69d8726
[2m2025-12-10T10:09:31.923171Z[0m [34mDEBUG[0m [2mhyper::client::pool[0m[2m:[0m reuse idle connection for ("http", 192.168.0.14:8545)
[2m2025-12-10T10:09:31.923199Z[0m [34mDEBUG[0m [2mhyper::proto::h1::io[0m[2m:[0m flushed 250 bytes
[2m2025-12-10T10:09:31.923210Z[0m [34mDEBUG[0m [2mhyper::proto::h1::io[0m[2m:[0m parsed 4 headers
[2m2025-12-10T10:09:31.923215Z[0m [34mDEBUG[0m [2mhyper::proto::h1::conn[0m[2m:[0m incoming body is content-length (45 bytes)
[2m2025-12-10T10:09:31.923220Z[0m [34mDEBUG[0m [2mhyper::proto::h1::conn[0m[2m:[0m incoming body completed
[2m2025-12-10T10:09:31.923226Z[0m [34mDEBUG[0m [2mhyper::client::pool[0m[2m:[0m pooling idle connection for ("http", 192.168.0.14:8545)
[2m2025-12-10T10:09:31.930284Z[0m [34mDEBUG[0m [2mhyper::proto::h1::io[0m[2m:[0m parsed 4 headers
[2m2025-12-10T10:09:31.930303Z[0m [34mDEBUG[0m [2mhyper::proto::h1::conn[0m[2m:[0m incoming body is content-length (647 bytes)
[2m2025-12-10T10:09:31.930311Z[0m [34mDEBUG[0m [2mhyper::proto::h1::conn[0m[2m:[0m incoming body completed
[2m2025-12-10T10:09:31.930322Z[0m [34mDEBUG[0m [2mhyper::client::pool[0m[2m:[0m pooling idle connection for ("http", 192.168.0.14:8545)
[2m2025-12-10T10:09:31.930329Z[0m [34mDEBUG[0m [2methereum_transaction_pool_monitor::eth_client[0m[2m:[0m 📡 Transaction fetch RPC completed in 7.168125ms
[2m2025-12-10T10:09:32.002259Z[0m [34mDEBUG[0m [2methereum_transaction_pool_monitor::eth_client[0m[2m:[0m ✅ Transaction 0x2644e5a9af0c65279f25fe2a4d0e4f10da1364aa10ee0ea841ba658ca69d8726 fetched and parsed in 79.095458ms
[2m2025-12-10T10:09:32.002287Z[0m [34mDEBUG[0m [2methereum_transaction_pool_monitor::mempool_monitor[0m[2m:[0m 🔍 Skipping tx 0x2644e5a9af0c65279f25fe2a4d0e4f10da1364aa10ee0ea841ba658ca69d8726 - not a DEX interaction (target: 0xA9D1e08C7793af67e9d92fe308d5697FB81d3E43)
[2m2025-12-10T10:09:32.002298Z[0m [34mDEBUG[0m [2methereum_transaction_pool_monitor::mempool_monitor[0m[2m:[0m 📨 Processing new pending transaction: 0x4b82c94fc0bfec03b513ce895c936161db58cb3372d1bd38bb8faab6305e6497
[2m2025-12-10T10:09:32.002304Z[0m [34mDEBUG[0m [2methereum_transaction_pool_monitor::mempool_monitor[0m[2m:[0m 🔍 Fetching transaction details for: 0x4b82c94fc0bfec03b513ce895c936161db58cb3372d1bd38bb8faab6305e6497
[2m2025-12-10T10:09:32.002310Z[0m [34mDEBUG[0m [2methereum_transaction_pool_monitor::eth_client[0m[2m:[0m 🔍 Fetching transaction details for hash: 0x4b82c94fc0bfec03b513ce895c936161db58cb3372d1bd38bb8faab6305e6497
[2m2025-12-10T10:09:32.002332Z[0m [34mDEBUG[0m [2mhyper::client::pool[0m[2m:[0m reuse idle connection for ("http", 192.168.0.14:8545)
[2m2025-12-10T10:09:32.002377Z[0m [34mDEBUG[0m [2mhyper::proto::h1::io[0m[2m:[0m flushed 250 bytes
[2m2025-12-10T10:09:32.002398Z[0m [34mDEBUG[0m [2mhyper::client::pool[0m[2m:[0m reuse idle connection for ("http", 192.168.0.14:8545)
[2m2025-12-10T10:09:32.002412Z[0m [34mDEBUG[0m [2mhyper::proto::h1::io[0m[2m:[0m flushed 172 bytes
[2m2025-12-10T10:09:32.002428Z[0m [34mDEBUG[0m [2methereum_transaction_pool_monitor::eth_client[0m[2m:[0m 📨 Received WebSocket message: {"jsonrpc":"2.0","method":"eth_subscription","params":{"subscription":"0xbed0a0851463e895960a451075a301a9","result":"0xd4949c64f32e82f14026062107a000e3e19519c2eb3b9160ed77f24859cfc096"}}
[2m2025-12-10T10:09:32.002437Z[0m [34mDEBUG[0m [2methereum_transaction_pool_monitor::eth_client[0m[2m:[0m 📨 Received pending transaction: 0xd4949c64f32e82f14026062107a000e3e19519c2eb3b9160ed77f24859cfc096
[2m2025-12-10T10:09:32.006961Z[0m [34mDEBUG[0m [2mhyper::proto::h1::io[0m[2m:[0m parsed 4 headers
[2m2025-12-10T10:09:32.006978Z[0m [34mDEBUG[0m [2mhyper::proto::h1::conn[0m[2m:[0m incoming body is content-length (646 bytes)
[2m2025-12-10T10:09:32.006986Z[0m [34mDEBUG[0m [2mhyper::proto::h1::conn[0m[2m:[0m incoming body completed
[2m2025-12-10T10:09:32.006996Z[0m [34mDEBUG[0m [2mhyper::client::pool[0m[2m:[0m pooling idle connection for ("http", 192.168.0.14:8545)
[2m2025-12-10T10:09:32.007003Z[0m [34mDEBUG[0m [2methereum_transaction_pool_monitor::eth_client[0m[2m:[0m 📡 Transaction fetch RPC completed in 4.688417ms
[2m2025-12-10T10:09:32.078756Z[0m [34mDEBUG[0m [2methereum_transaction_pool_monitor::eth_client[0m[2m:[0m ✅ Transaction 0x4b82c94fc0bfec03b513ce895c936161db58cb3372d1bd38bb8faab6305e6497 fetched and parsed in 76.437834ms
[2m2025-12-10T10:09:32.078782Z[0m [34mDEBUG[0m [2methereum_transaction_pool_monitor::mempool_monitor[0m[2m:[0m 🔍 Skipping tx 0x4b82c94fc0bfec03b513ce895c936161db58cb3372d1bd38bb8faab6305e6497 - not a DEX interaction (target: 0xb5d85CBf7cB3EE0D56b3bB207D5Fc4B82f43F511)
[2m2025-12-10T10:09:32.078796Z[0m [34mDEBUG[0m [2methereum_transaction_pool_monitor::mempool_monitor[0m[2m:[0m 📨 Processing new pending transaction: 0x80734cc3a69545ac4ec1bd8d4f749c8e654981aa299684ec7039aacc311e5bf5
[2m2025-12-10T10:09:32.078804Z[0m [34mDEBUG[0m [2methereum_transaction_pool_monitor::mempool_monitor[0m[2m:[0m 🔍 Fetching transaction details for: 0x80734cc3a69545ac4ec1bd8d4f749c8e654981aa299684ec7039aacc311e5bf5
[2m2025-12-10T10:09:32.078809Z[0m [34mDEBUG[0m [2methereum_transaction_pool_monitor::eth_client[0m[2m:[0m 🔍 Fetching transaction details for hash: 0x80734cc3a69545ac4ec1bd8d4f749c8e654981aa299684ec7039aacc311e5bf5
[2m2025-12-10T10:09:32.078833Z[0m [34mDEBUG[0m [2mhyper::client::pool[0m[2m:[0m reuse idle connection for ("http", 192.168.0.14:8545)
[2m2025-12-10T10:09:32.078864Z[0m [34mDEBUG[0m [2mhyper::proto::h1::io[0m[2m:[0m flushed 250 bytes
[2m2025-12-10T10:09:32.078891Z[0m [34mDEBUG[0m [2methereum_transaction_pool_monitor::eth_client[0m[2m:[0m 📨 Received WebSocket message: {"jsonrpc":"2.0","method":"eth_subscription","params":{"subscription":"0xbed0a0851463e895960a451075a301a9","result":"0xd1dbc08d55e79ebe2435f3f142c1c32ab5f2a9790ab3c3b9aedc79f273e50a84"}}
[2m2025-12-10T10:09:32.078900Z[0m [34mDEBUG[0m [2methereum_transaction_pool_monitor::eth_client[0m[2m:[0m 📨 Received pending transaction: 0xd1dbc08d55e79ebe2435f3f142c1c32ab5f2a9790ab3c3b9aedc79f273e50a84
[2m2025-12-10T10:09:32.078908Z[0m [34mDEBUG[0m [2methereum_transaction_pool_monitor::eth_client[0m[2m:[0m 📨 Received WebSocket message: {"jsonrpc":"2.0","method":"eth_subscription","params":{"subscription":"0xbed0a0851463e895960a451075a301a9","result":"0x8b9314d9a0f96a4183a2bfb82476dc2e818ffef79f7fe54795095aab31fa65fa"}}
[2m2025-12-10T10:09:32.078915Z[0m [34mDEBUG[0m [2methereum_transaction_pool_monitor::eth_client[0m[2m:[0m 📨 Received pending transaction: 0x8b9314d9a0f96a4183a2bfb82476dc2e818ffef79f7fe54795095aab31fa65fa
[2m2025-12-10T10:09:32.078925Z[0m [34mDEBUG[0m [2mhyper::proto::h1::io[0m[2m:[0m parsed 4 headers
[2m2025-12-10T10:09:32.078947Z[0m [34mDEBUG[0m [2methereum_transaction_pool_monitor::eth_client[0m[2m:[0m 📨 Received WebSocket message: {"jsonrpc":"2.0","method":"eth_subscription","params":{"subscription":"0xbed0a0851463e895960a451075a301a9","result":"0x72740690bf9e0fc2bb317625cbf9cb6f51edfe5d8e0c53feb394551e7fe5acb4"}}
[2m2025-12-10T10:09:32.078965Z[0m [34mDEBUG[0m [2methereum_transaction_pool_monitor::eth_client[0m[2m:[0m 📨 Received pending transaction: 0x72740690bf9e0fc2bb317625cbf9cb6f51edfe5d8e0c53feb394551e7fe5acb4
[2m2025-12-10T10:09:32.078982Z[0m [34mDEBUG[0m [2mhyper::proto::h1::conn[0m[2m:[0m incoming body is content-length (45 bytes)
[2m2025-12-10T10:09:32.079014Z[0m [34mDEBUG[0m [2mhyper::proto::h1::conn[0m[2m:[0m incoming body completed
[2m2025-12-10T10:09:32.079026Z[0m [34mDEBUG[0m [2mhyper::client::pool[0m[2m:[0m pooling idle connection for ("http", 192.168.0.14:8545)
[2m2025-12-10T10:09:32.083688Z[0m [34mDEBUG[0m [2mhyper::proto::h1::io[0m[2m:[0m parsed 4 headers
[2m2025-12-10T10:09:32.083698Z[0m [34mDEBUG[0m [2mhyper::proto::h1::conn[0m[2m:[0m incoming body is content-length (768 bytes)
[2m2025-12-10T10:09:32.083705Z[0m [34mDEBUG[0m [2mhyper::proto::h1::conn[0m[2m:[0m incoming body completed
[2m2025-12-10T10:09:32.083713Z[0m [34mDEBUG[0m [2mhyper::client::pool[0m[2m:[0m pooling idle connection for ("http", 192.168.0.14:8545)
[2m2025-12-10T10:09:32.083719Z[0m [34mDEBUG[0m [2methereum_transaction_pool_monitor::eth_client[0m[2m:[0m 📡 Transaction fetch RPC completed in 4.905917ms
[2m2025-12-10T10:09:32.083734Z[0m [34mDEBUG[0m [2methereum_transaction_pool_monitor::eth_client[0m[2m:[0m DeFi transaction detected - Address: 0xdac17f958d2ee523a2206206994597c13d831ec7, Type: Stablecoin, Value: 0 ETH, Gas: 0.23 Gwei
[2m2025-12-10T10:09:32.083746Z[0m [34mDEBUG[0m [2methereum_transaction_pool_monitor::eth_client[0m[2m:[0m ✅ Transaction 0x80734cc3a69545ac4ec1bd8d4f749c8e654981aa299684ec7039aacc311e5bf5 fetched and parsed in 4.933042ms
[2m2025-12-10T10:09:32.083752Z[0m [34mDEBUG[0m [2methereum_transaction_pool_monitor::mempool_monitor[0m[2m:[0m 🔍 Skipping tx 0x80734cc3a69545ac4ec1bd8d4f749c8e654981aa299684ec7039aacc311e5bf5 - not a DEX interaction (target: 0xdAC17F958D2ee523a2206206994597C13D831ec7)
[2m2025-12-10T10:09:32.083759Z[0m [34mDEBUG[0m [2methereum_transaction_pool_monitor::mempool_monitor[0m[2m:[0m 📨 Processing new pending transaction: 0x1b6c9eeeff20b35dd259ff190a1ddd61be88f62ebb65de7f9ae2bde4549d2c40
[2m2025-12-10T10:09:32.083763Z[0m [34mDEBUG[0m [2methereum_transaction_pool_monitor::mempool_monitor[0m[2m:[0m 🔍 Fetching transaction details for: 0x1b6c9eeeff20b35dd259ff190a1ddd61be88f62ebb65de7f9ae2bde4549d2c40
[2m2025-12-10T10:09:32.083767Z[0m [34mDEBUG[0m [2methereum_transaction_pool_monitor::eth_client[0m[2m:[0m 🔍 Fetching transaction details for hash: 0x1b6c9eeeff20b35dd259ff190a1ddd61be88f62ebb65de7f9ae2bde4549d2c40
[2m2025-12-10T10:09:32.083781Z[0m [34mDEBUG[0m [2mhyper::client::pool[0m[2m:[0m reuse idle connection for ("http", 192.168.0.14:8545)
[2m2025-12-10T10:09:32.083798Z[0m [34mDEBUG[0m [2mhyper::proto::h1::io[0m[2m:[0m flushed 250 bytes
[2m2025-12-10T10:09:32.088222Z[0m [34mDEBUG[0m [2mhyper::proto::h1::io[0m[2m:[0m parsed 4 headers
[2m2025-12-10T10:09:32.088231Z[0m [34mDEBUG[0m [2mhyper::proto::h1::conn[0m[2m:[0m incoming body is content-length (647 bytes)
[2m2025-12-10T10:09:32.088237Z[0m [34mDEBUG[0m [2mhyper::proto::h1::conn[0m[2m:[0m incoming body completed
[2m2025-12-10T10:09:32.088245Z[0m [34mDEBUG[0m [2mhyper::client::pool[0m[2m:[0m pooling idle connection for ("http", 192.168.0.14:8545)
[2m2025-12-10T10:09:32.088250Z[0m [34mDEBUG[0m [2methereum_transaction_pool_monitor::eth_client[0m[2m:[0m 📡 Transaction fetch RPC completed in 4.479041ms
[2m2025-12-10T10:09:32.160094Z[0m [34mDEBUG[0m [2methereum_transaction_pool_monitor::eth_client[0m[2m:[0m ✅ Transaction 0x1b6c9eeeff20b35dd259ff190a1ddd61be88f62ebb65de7f9ae2bde4549d2c40 fetched and parsed in 76.3205ms
[2m2025-12-10T10:09:32.160125Z[0m [34mDEBUG[0m [2methereum_transaction_pool_monitor::mempool_monitor[0m[2m:[0m 🔍 Skipping tx 0x1b6c9eeeff20b35dd259ff190a1ddd61be88f62ebb65de7f9ae2bde4549d2c40 - not a DEX interaction (target: 0xb5d85CBf7cB3EE0D56b3bB207D5Fc4B82f43F511)
[2m2025-12-10T10:09:32.160135Z[0m [34mDEBUG[0m [2methereum_transaction_pool_monitor::mempool_monitor[0m[2m:[0m 📨 Processing new pending transaction: 0x5f18fa541274b32d2501565279c9d26cb5b2df3504b91d6f34eeba752b0e23fd
[2m2025-12-10T10:09:32.160144Z[0m [34mDEBUG[0m [2methereum_transaction_pool_monitor::mempool_monitor[0m[2m:[0m 🔍 Fetching transaction details for: 0x5f18fa541274b32d2501565279c9d26cb5b2df3504b91d6f34eeba752b0e23fd
[2m2025-12-10T10:09:32.160150Z[0m [34mDEBUG[0m [2methereum_transaction_pool_monitor::eth_client[0m[2m:[0m 🔍 Fetching transaction details for hash: 0x5f18fa541274b32d2501565279c9d26cb5b2df3504b91d6f34eeba752b0e23fd
[2m2025-12-10T10:09:32.160170Z[0m [34mDEBUG[0m [2mhyper::client::pool[0m[2m:[0m reuse idle connection for ("http", 192.168.0.14:8545)
[2m2025-12-10T10:09:32.160217Z[0m [34mDEBUG[0m [2mhyper::proto::h1::io[0m[2m:[0m flushed 250 bytes
[2m2025-12-10T10:09:32.160251Z[0m [34mDEBUG[0m [2mhyper::client::pool[0m[2m:[0m reuse idle connection for ("http", 192.168.0.14:8545)
[2m2025-12-10T10:09:32.160270Z[0m [34mDEBUG[0m [2mhyper::proto::h1::io[0m[2m:[0m flushed 172 bytes
[2m2025-12-10T10:09:32.165808Z[0m [34mDEBUG[0m [2mhyper::proto::h1::io[0m[2m:[0m parsed 4 headers
[2m2025-12-10T10:09:32.165829Z[0m [34mDEBUG[0m [2mhyper::proto::h1::conn[0m[2m:[0m incoming body is content-length (647 bytes)
[2m2025-12-10T10:09:32.165837Z[0m [34mDEBUG[0m [2mhyper::proto::h1::conn[0m[2m:[0m incoming body completed
[2m2025-12-10T10:09:32.165848Z[0m [34mDEBUG[0m [2mhyper::client::pool[0m[2m:[0m pooling idle connection for ("http", 192.168.0.14:8545)
[2m2025-12-10T10:09:32.165856Z[0m [34mDEBUG[0m [2methereum_transaction_pool_monitor::eth_client[0m[2m:[0m 📡 Transaction fetch RPC completed in 5.701208ms
[2m2025-12-10T10:09:32.237410Z[0m [34mDEBUG[0m [2methereum_transaction_pool_monitor::eth_client[0m[2m:[0m ✅ Transaction 0x5f18fa541274b32d2501565279c9d26cb5b2df3504b91d6f34eeba752b0e23fd fetched and parsed in 77.253166ms
[2m2025-12-10T10:09:32.237438Z[0m [34mDEBUG[0m [2methereum_transaction_pool_monitor::mempool_monitor[0m[2m:[0m 🔍 Skipping tx 0x5f18fa541274b32d2501565279c9d26cb5b2df3504b91d6f34eeba752b0e23fd - not a DEX interaction (target: 0xb5d85CBf7cB3EE0D56b3bB207D5Fc4B82f43F511)
[2m2025-12-10T10:09:32.237448Z[0m [34mDEBUG[0m [2methereum_transaction_pool_monitor::mempool_monitor[0m[2m:[0m 📨 Processing new pending transaction: 0x7a3c18e3f2e44390fe53c6e4d05d71212b74365c38a323c998b2674757b199b9
[2m2025-12-10T10:09:32.237456Z[0m [34mDEBUG[0m [2methereum_transaction_pool_monitor::mempool_monitor[0m[2m:[0m 🔍 Fetching transaction details for: 0x7a3c18e3f2e44390fe53c6e4d05d71212b74365c38a323c998b2674757b199b9
[2m2025-12-10T10:09:32.237462Z[0m [34mDEBUG[0m [2methereum_transaction_pool_monitor::eth_client[0m[2m:[0m 🔍 Fetching transaction details for hash: 0x7a3c18e3f2e44390fe53c6e4d05d71212b74365c38a323c998b2674757b199b9
[2m2025-12-10T10:09:32.237484Z[0m [34mDEBUG[0m [2mhyper::client::pool[0m[2m:[0m reuse idle connection for ("http", 192.168.0.14:8545)
[2m2025-12-10T10:09:32.237537Z[0m [34mDEBUG[0m [2mhyper::proto::h1::io[0m[2m:[0m flushed 250 bytes
[2m2025-12-10T10:09:32.237569Z[0m [34mDEBUG[0m [2mhyper::proto::h1::io[0m[2m:[0m parsed 4 headers
[2m2025-12-10T10:09:32.237575Z[0m [34mDEBUG[0m [2mhyper::proto::h1::conn[0m[2m:[0m incoming body is content-length (45 bytes)
[2m2025-12-10T10:09:32.237582Z[0m [34mDEBUG[0m [2mhyper::proto::h1::conn[0m[2m:[0m incoming body completed
[2m2025-12-10T10:09:32.237593Z[0m [34mDEBUG[0m [2mhyper::client::pool[0m[2m:[0m pooling idle connection for ("http", 192.168.0.14:8545)
[2m2025-12-10T10:09:32.237610Z[0m [34mDEBUG[0m [2mhyper::client::pool[0m[2m:[0m reuse idle connection for ("http", 192.168.0.14:8545)
[2m2025-12-10T10:09:32.237627Z[0m [34mDEBUG[0m [2mhyper::proto::h1::io[0m[2m:[0m flushed 172 bytes
[2m2025-12-10T10:09:32.245289Z[0m [34mDEBUG[0m [2mhyper::proto::h1::io[0m[2m:[0m parsed 4 headers
[2m2025-12-10T10:09:32.245301Z[0m [34mDEBUG[0m [2mhyper::proto::h1::conn[0m[2m:[0m incoming body is content-length (647 bytes)
[2m2025-12-10T10:09:32.245310Z[0m [34mDEBUG[0m [2mhyper::proto::h1::conn[0m[2m:[0m incoming body completed
[2m2025-12-10T10:09:32.245320Z[0m [34mDEBUG[0m [2mhyper::client::pool[0m[2m:[0m pooling idle connection for ("http", 192.168.0.14:8545)
[2m2025-12-10T10:09:32.245327Z[0m [34mDEBUG[0m [2methereum_transaction_pool_monitor::eth_client[0m[2m:[0m 📡 Transaction fetch RPC completed in 7.860375ms
[2m2025-12-10T10:09:32.317819Z[0m [34mDEBUG[0m [2methereum_transaction_pool_monitor::eth_client[0m[2m:[0m ✅ Transaction 0x7a3c18e3f2e44390fe53c6e4d05d71212b74365c38a323c998b2674757b199b9 fetched and parsed in 80.349375ms
[2m2025-12-10T10:09:32.317857Z[0m [34mDEBUG[0m [2methereum_transaction_pool_monitor::mempool_monitor[0m[2m:[0m 🔍 Skipping tx 0x7a3c18e3f2e44390fe53c6e4d05d71212b74365c38a323c998b2674757b199b9 - not a DEX interaction (target: 0xb5d85CBf7cB3EE0D56b3bB207D5Fc4B82f43F511)
[2m2025-12-10T10:09:32.317869Z[0m [34mDEBUG[0m [2methereum_transaction_pool_monitor::mempool_monitor[0m[2m:[0m 📨 Processing new pending transaction: 0xd3706289d74a6e3a9c9ddf8cfc25ddfb797ceff42f5193390c3cb43511c6fd3b
[2m2025-12-10T10:09:32.317879Z[0m [34mDEBUG[0m [2methereum_transaction_pool_monitor::mempool_monitor[0m[2m:[0m 🔍 Fetching transaction details for: 0xd3706289d74a6e3a9c9ddf8cfc25ddfb797ceff42f5193390c3cb43511c6fd3b
[2m2025-12-10T10:09:32.317884Z[0m [34mDEBUG[0m [2methereum_transaction_pool_monitor::eth_client[0m[2m:[0m 🔍 Fetching transaction details for hash: 0xd3706289d74a6e3a9c9ddf8cfc25ddfb797ceff42f5193390c3cb43511c6fd3b
[2m2025-12-10T10:09:32.317904Z[0m [34mDEBUG[0m [2mhyper::client::pool[0m[2m:[0m reuse idle connection for ("http", 192.168.0.14:8545)
[2m2025-12-10T10:09:32.317951Z[0m [34mDEBUG[0m [2mhyper::proto::h1::io[0m[2m:[0m flushed 250 bytes
[2m2025-12-10T10:09:32.317969Z[0m [34mDEBUG[0m [2mhyper::proto::h1::io[0m[2m:[0m parsed 4 headers
[2m2025-12-10T10:09:32.317973Z[0m [34mDEBUG[0m [2mhyper::proto::h1::conn[0m[2m:[0m incoming body is content-length (45 bytes)
[2m2025-12-10T10:09:32.317982Z[0m [34mDEBUG[0m [2mhyper::proto::h1::conn[0m[2m:[0m incoming body completed
[2m2025-12-10T10:09:32.317990Z[0m [34mDEBUG[0m [2mhyper::client::pool[0m[2m:[0m pooling idle connection for ("http", 192.168.0.14:8545)
[2m2025-12-10T10:09:32.318008Z[0m [34mDEBUG[0m [2mhyper::client::pool[0m[2m:[0m reuse idle connection for ("http", 192.168.0.14:8545)
[2m2025-12-10T10:09:32.322235Z[0m [34mDEBUG[0m [2mhyper::proto::h1::io[0m[2m:[0m flushed 172 bytes
[2m2025-12-10T10:09:32.323154Z[0m [34mDEBUG[0m [2mhyper::proto::h1::io[0m[2m:[0m parsed 4 headers
[2m2025-12-10T10:09:32.323162Z[0m [34mDEBUG[0m [2mhyper::proto::h1::conn[0m[2m:[0m incoming body is content-length (647 bytes)
[2m2025-12-10T10:09:32.323169Z[0m [34mDEBUG[0m [2mhyper::proto::h1::conn[0m[2m:[0m incoming body completed
[2m2025-12-10T10:09:32.323178Z[0m [34mDEBUG[0m [2mhyper::client::pool[0m[2m:[0m pooling idle connection for ("http", 192.168.0.14:8545)
[2m2025-12-10T10:09:32.323185Z[0m [34mDEBUG[0m [2methereum_transaction_pool_monitor::eth_client[0m[2m:[0m 📡 Transaction fetch RPC completed in 5.296458ms
[2m2025-12-10T10:09:32.423647Z[0m [34mDEBUG[0m [2methereum_transaction_pool_monitor::eth_client[0m[2m:[0m ✅ Transaction 0xd3706289d74a6e3a9c9ddf8cfc25ddfb797ceff42f5193390c3cb43511c6fd3b fetched and parsed in 105.7555ms
[2m2025-12-10T10:09:32.423679Z[0m [34mDEBUG[0m [2methereum_transaction_pool_monitor::mempool_monitor[0m[2m:[0m 🔍 Skipping tx 0xd3706289d74a6e3a9c9ddf8cfc25ddfb797ceff42f5193390c3cb43511c6fd3b - not a DEX interaction (target: 0xA9D1e08C7793af67e9d92fe308d5697FB81d3E43)
[2m2025-12-10T10:09:32.423692Z[0m [34mDEBUG[0m [2methereum_transaction_pool_monitor::mempool_monitor[0m[2m:[0m 📨 Processing new pending transaction: 0x38fac9466470232c83aca41d8a438014f791b2751b6235b5acc8d75150019491
[2m2025-12-10T10:09:32.423699Z[0m [34mDEBUG[0m [2methereum_transaction_pool_monitor::mempool_monitor[0m[2m:[0m 🔍 Fetching transaction details for: 0x38fac9466470232c83aca41d8a438014f791b2751b6235b5acc8d75150019491
[2m2025-12-10T10:09:32.423703Z[0m [34mDEBUG[0m [2methereum_transaction_pool_monitor::eth_client[0m[2m:[0m 🔍 Fetching transaction details for hash: 0x38fac9466470232c83aca41d8a438014f791b2751b6235b5acc8d75150019491
[2m2025-12-10T10:09:32.423731Z[0m [34mDEBUG[0m [2mhyper::client::pool[0m[2m:[0m reuse idle connection for ("http", 192.168.0.14:8545)
[2m2025-12-10T10:09:32.423790Z[0m [34mDEBUG[0m [2mhyper::proto::h1::io[0m[2m:[0m flushed 250 bytes
[2m2025-12-10T10:09:32.423812Z[0m [34mDEBUG[0m [2mhyper::proto::h1::io[0m[2m:[0m parsed 4 headers
[2m2025-12-10T10:09:32.423817Z[0m [34mDEBUG[0m [2mhyper::proto::h1::conn[0m[2m:[0m incoming body is content-length (45 bytes)
[2m2025-12-10T10:09:32.423826Z[0m [34mDEBUG[0m [2mhyper::proto::h1::conn[0m[2m:[0m incoming body completed
[2m2025-12-10T10:09:32.423837Z[0m [34mDEBUG[0m [2mhyper::client::pool[0m[2m:[0m pooling idle connection for ("http", 192.168.0.14:8545)
[2m2025-12-10T10:09:32.423859Z[0m [34mDEBUG[0m [2mhyper::client::pool[0m[2m:[0m reuse idle connection for ("http", 192.168.0.14:8545)
[2m2025-12-10T10:09:32.423875Z[0m [34mDEBUG[0m [2mhyper::proto::h1::io[0m[2m:[0m flushed 172 bytes
[2m2025-12-10T10:09:32.428346Z[0m [34mDEBUG[0m [2mhyper::proto::h1::io[0m[2m:[0m parsed 4 headers
[2m2025-12-10T10:09:32.428367Z[0m [34mDEBUG[0m [2mhyper::proto::h1::io[0m[2m:[0m parsed 4 headers
[2m2025-12-10T10:09:32.428380Z[0m [34mDEBUG[0m [2mhyper::proto::h1::conn[0m[2m:[0m incoming body is content-length (647 bytes)
[2m2025-12-10T10:09:32.428390Z[0m [34mDEBUG[0m [2mhyper::proto::h1::conn[0m[2m:[0m incoming body is content-length (45 bytes)
[2m2025-12-10T10:09:32.428397Z[0m [34mDEBUG[0m [2mhyper::proto::h1::conn[0m[2m:[0m incoming body completed
[2m2025-12-10T10:09:32.428401Z[0m [34mDEBUG[0m [2mhyper::proto::h1::conn[0m[2m:[0m incoming body completed
[2m2025-12-10T10:09:32.428418Z[0m [34mDEBUG[0m [2mhyper::client::pool[0m[2m:[0m pooling idle connection for ("http", 192.168.0.14:8545)
[2m2025-12-10T10:09:32.428418Z[0m [34mDEBUG[0m [2mhyper::client::pool[0m[2m:[0m pooling idle connection for ("http", 192.168.0.14:8545)
[2m2025-12-10T10:09:32.428430Z[0m [34mDEBUG[0m [2methereum_transaction_pool_monitor::eth_client[0m[2m:[0m 📡 Transaction fetch RPC completed in 4.722041ms
[2m2025-12-10T10:09:32.497476Z[0m [34mDEBUG[0m [2mhyper::client::pool[0m[2m:[0m reuse idle connection for ("http", 192.168.0.14:8545)
[2m2025-12-10T10:09:32.497540Z[0m [34mDEBUG[0m [2mhyper::proto::h1::io[0m[2m:[0m flushed 172 bytes
[2m2025-12-10T10:09:32.500576Z[0m [34mDEBUG[0m [2methereum_transaction_pool_monitor::eth_client[0m[2m:[0m ✅ Transaction 0x38fac9466470232c83aca41d8a438014f791b2751b6235b5acc8d75150019491 fetched and parsed in 76.866541ms
[2m2025-12-10T10:09:32.500597Z[0m [34mDEBUG[0m [2methereum_transaction_pool_monitor::mempool_monitor[0m[2m:[0m 🔍 Skipping tx 0x38fac9466470232c83aca41d8a438014f791b2751b6235b5acc8d75150019491 - not a DEX interaction (target: 0xA9D1e08C7793af67e9d92fe308d5697FB81d3E43)
[2m2025-12-10T10:09:32.500610Z[0m [34mDEBUG[0m [2methereum_transaction_pool_monitor::mempool_monitor[0m[2m:[0m 📨 Processing new pending transaction: 0x1aec529210b1f8691d71c0f0b3c3bac03e56922f6ca66e864cab5b305798c805
[2m2025-12-10T10:09:32.500617Z[0m [34mDEBUG[0m [2methereum_transaction_pool_monitor::mempool_monitor[0m[2m:[0m 🔍 Fetching transaction details for: 0x1aec529210b1f8691d71c0f0b3c3bac03e56922f6ca66e864cab5b305798c805
[2m2025-12-10T10:09:32.500623Z[0m [34mDEBUG[0m [2methereum_transaction_pool_monitor::eth_client[0m[2m:[0m 🔍 Fetching transaction details for hash: 0x1aec529210b1f8691d71c0f0b3c3bac03e56922f6ca66e864cab5b305798c805
[2m2025-12-10T10:09:32.500639Z[0m [34mDEBUG[0m [2mhyper::client::pool[0m[2m:[0m reuse idle connection for ("http", 192.168.0.14:8545)
[2m2025-12-10T10:09:32.500676Z[0m [34mDEBUG[0m [2mhyper::proto::h1::io[0m[2m:[0m flushed 250 bytes
[2m2025-12-10T10:09:32.501521Z[0m [34mDEBUG[0m [2mhyper::proto::h1::io[0m[2m:[0m parsed 4 headers
[2m2025-12-10T10:09:32.501544Z[0m [34mDEBUG[0m [2mhyper::proto::h1::conn[0m[2m:[0m incoming body is content-length (45 bytes)
[2m2025-12-10T10:09:32.501569Z[0m [34mDEBUG[0m [2mhyper::proto::h1::conn[0m[2m:[0m incoming body completed
[2m2025-12-10T10:09:32.501581Z[0m [34mDEBUG[0m [2mhyper::client::pool[0m[2m:[0m pooling idle connection for ("http", 192.168.0.14:8545)
[2m2025-12-10T10:09:32.504522Z[0m [34mDEBUG[0m [2mhyper::proto::h1::io[0m[2m:[0m parsed 4 headers
[2m2025-12-10T10:09:32.504527Z[0m [34mDEBUG[0m [2mhyper::proto::h1::conn[0m[2m:[0m incoming body is content-length (647 bytes)
[2m2025-12-10T10:09:32.504533Z[0m [34mDEBUG[0m [2mhyper::proto::h1::conn[0m[2m:[0m incoming body completed
[2m2025-12-10T10:09:32.504539Z[0m [34mDEBUG[0m [2mhyper::client::pool[0m[2m:[0m pooling idle connection for ("http", 192.168.0.14:8545)
[2m2025-12-10T10:09:32.504544Z[0m [34mDEBUG[0m [2methereum_transaction_pool_monitor::eth_client[0m[2m:[0m 📡 Transaction fetch RPC completed in 3.916708ms
[2m2025-12-10T10:09:32.576157Z[0m [34mDEBUG[0m [2methereum_transaction_pool_monitor::eth_client[0m[2m:[0m ✅ Transaction 0x1aec529210b1f8691d71c0f0b3c3bac03e56922f6ca66e864cab5b305798c805 fetched and parsed in 75.525458ms
[2m2025-12-10T10:09:32.576184Z[0m [34mDEBUG[0m [2methereum_transaction_pool_monitor::mempool_monitor[0m[2m:[0m 🔍 Skipping tx 0x1aec529210b1f8691d71c0f0b3c3bac03e56922f6ca66e864cab5b305798c805 - not a DEX interaction (target: 0xA9D1e08C7793af67e9d92fe308d5697FB81d3E43)
[2m2025-12-10T10:09:32.576196Z[0m [34mDEBUG[0m [2methereum_transaction_pool_monitor::mempool_monitor[0m[2m:[0m 📨 Processing new pending transaction: 0x8018c5bd67ea2c5f8defd10f0adbef4c1a5d6cbbde8dc20ff13254d1607be16c
[2m2025-12-10T10:09:32.576203Z[0m [34mDEBUG[0m [2methereum_transaction_pool_monitor::mempool_monitor[0m[2m:[0m 🔍 Fetching transaction details for: 0x8018c5bd67ea2c5f8defd10f0adbef4c1a5d6cbbde8dc20ff13254d1607be16c
[2m2025-12-10T10:09:32.576209Z[0m [34mDEBUG[0m [2methereum_transaction_pool_monitor::eth_client[0m[2m:[0m 🔍 Fetching transaction details for hash: 0x8018c5bd67ea2c5f8defd10f0adbef4c1a5d6cbbde8dc20ff13254d1607be16c
[2m2025-12-10T10:09:32.576234Z[0m [34mDEBUG[0m [2mhyper::client::pool[0m[2m:[0m reuse idle connection for ("http", 192.168.0.14:8545)
[2m2025-12-10T10:09:32.576290Z[0m [34mDEBUG[0m [2mhyper::proto::h1::io[0m[2m:[0m flushed 250 bytes
[2m2025-12-10T10:09:32.581524Z[0m [34mDEBUG[0m [2mhyper::proto::h1::io[0m[2m:[0m parsed 4 headers
[2m2025-12-10T10:09:32.581530Z[0m [34mDEBUG[0m [2mhyper::proto::h1::conn[0m[2m:[0m incoming body is content-length (552 bytes)
[2m2025-12-10T10:09:32.581539Z[0m [34mDEBUG[0m [2mhyper::proto::h1::conn[0m[2m:[0m incoming body completed
[2m2025-12-10T10:09:32.581549Z[0m [34mDEBUG[0m [2mhyper::client::pool[0m[2m:[0m pooling idle connection for ("http", 192.168.0.14:8545)
[2m2025-12-10T10:09:32.581556Z[0m [34mDEBUG[0m [2methereum_transaction_pool_monitor::eth_client[0m[2m:[0m 📡 Transaction fetch RPC completed in 5.342167ms
[2m2025-12-10T10:09:32.768422Z[0m [34mDEBUG[0m [2methereum_transaction_pool_monitor::eth_client[0m[2m:[0m ✅ Transaction 0x8018c5bd67ea2c5f8defd10f0adbef4c1a5d6cbbde8dc20ff13254d1607be16c fetched and parsed in 192.203292ms
[2m2025-12-10T10:09:32.768468Z[0m [34mDEBUG[0m [2methereum_transaction_pool_monitor::mempool_monitor[0m[2m:[0m 🔍 Skipping tx 0x8018c5bd67ea2c5f8defd10f0adbef4c1a5d6cbbde8dc20ff13254d1607be16c - not a DEX interaction (target: 0xCBD6832Ebc203e49E2B771897067fce3c58575ac)
[2m2025-12-10T10:09:32.768479Z[0m [34mDEBUG[0m [2methereum_transaction_pool_monitor::mempool_monitor[0m[2m:[0m 📨 Processing new pending transaction: 0x3712b53a75a9c49929c5002b40a34733c1e1801eea1e6d251149d645eabc62a3
[2m2025-12-10T10:09:32.768485Z[0m [34mDEBUG[0m [2methereum_transaction_pool_monitor::mempool_monitor[0m[2m:[0m 🔍 Fetching transaction details for: 0x3712b53a75a9c49929c5002b40a34733c1e1801eea1e6d251149d645eabc62a3
[2m2025-12-10T10:09:32.768489Z[0m [34mDEBUG[0m [2methereum_transaction_pool_monitor::eth_client[0m[2m:[0m 🔍 Fetching transaction details for hash: 0x3712b53a75a9c49929c5002b40a34733c1e1801eea1e6d251149d645eabc62a3
[2m2025-12-10T10:09:32.768516Z[0m [34mDEBUG[0m [2mhyper::client::pool[0m[2m:[0m reuse idle connection for ("http", 192.168.0.14:8545)
[2m2025-12-10T10:09:32.768599Z[0m [34mDEBUG[0m [2mhyper::proto::h1::io[0m[2m:[0m flushed 250 bytes
[2m2025-12-10T10:09:32.768627Z[0m [34mDEBUG[0m [2mhyper::client::pool[0m[2m:[0m reuse idle connection for ("http", 192.168.0.14:8545)
[2m2025-12-10T10:09:32.768652Z[0m [34mDEBUG[0m [2mhyper::proto::h1::io[0m[2m:[0m flushed 172 bytes
[2m2025-12-10T10:09:32.768664Z[0m [34mDEBUG[0m [2methereum_transaction_pool_monitor::eth_client[0m[2m:[0m 📨 Received WebSocket message: {"jsonrpc":"2.0","method":"eth_subscription","params":{"subscription":"0xbed0a0851463e895960a451075a301a9","result":"0x4f30efc7ee6ec54eba0d01a193f8e815e91962709c76e4dca382566bbc1ab3ce"}}
[2m2025-12-10T10:09:32.768672Z[0m [34mDEBUG[0m [2methereum_transaction_pool_monitor::eth_client[0m[2m:[0m 📨 Received pending transaction: 0x4f30efc7ee6ec54eba0d01a193f8e815e91962709c76e4dca382566bbc1ab3ce
[2m2025-12-10T10:09:32.776388Z[0m [34mDEBUG[0m [2mhyper::proto::h1::io[0m[2m:[0m parsed 4 headers
[2m2025-12-10T10:09:32.776394Z[0m [34mDEBUG[0m [2mhyper::proto::h1::io[0m[2m:[0m parsed 4 headers
[2m2025-12-10T10:09:32.776468Z[0m [34mDEBUG[0m [2mhyper::proto::h1::conn[0m[2m:[0m incoming body is content-length (45 bytes)
[2m2025-12-10T10:09:32.776503Z[0m [34mDEBUG[0m [2mhyper::proto::h1::conn[0m[2m:[0m incoming body completed
[2m2025-12-10T10:09:32.776532Z[0m [34mDEBUG[0m [2mhyper::client::pool[0m[2m:[0m pooling idle connection for ("http", 192.168.0.14:8545)
[2m2025-12-10T10:09:32.776416Z[0m [34mDEBUG[0m [2mhyper::proto::h1::conn[0m[2m:[0m incoming body is content-length (676 bytes)
[2m2025-12-10T10:09:32.776598Z[0m [34mDEBUG[0m [2mhyper::client::pool[0m[2m:[0m reuse idle connection for ("http", 192.168.0.14:8545)
[2m2025-12-10T10:09:32.776599Z[0m [34mDEBUG[0m [2mhyper::proto::h1::conn[0m[2m:[0m incoming body completed
[2m2025-12-10T10:09:32.776650Z[0m [34mDEBUG[0m [2mhyper::client::pool[0m[2m:[0m pooling idle connection for ("http", 192.168.0.14:8545)
[2m2025-12-10T10:09:32.776667Z[0m [34mDEBUG[0m [2methereum_transaction_pool_monitor::eth_client[0m[2m:[0m 📡 Transaction fetch RPC completed in 8.172833ms
[2m2025-12-10T10:09:32.776771Z[0m [34mDEBUG[0m [2mhyper::proto::h1::io[0m[2m:[0m flushed 172 bytes
[2m2025-12-10T10:09:32.783009Z[0m [34mDEBUG[0m [2mhyper::proto::h1::io[0m[2m:[0m parsed 4 headers
[2m2025-12-10T10:09:32.783041Z[0m [34mDEBUG[0m [2mhyper::proto::h1::conn[0m[2m:[0m incoming body is content-length (45 bytes)
[2m2025-12-10T10:09:32.783051Z[0m [34mDEBUG[0m [2mhyper::proto::h1::conn[0m[2m:[0m incoming body completed
[2m2025-12-10T10:09:32.783065Z[0m [34mDEBUG[0m [2mhyper::client::pool[0m[2m:[0m pooling idle connection for ("http", 192.168.0.14:8545)
[2m2025-12-10T10:09:32.797300Z[0m [34mDEBUG[0m [2mhyper::client::pool[0m[2m:[0m reuse idle connection for ("http", 192.168.0.14:8545)
[2m2025-12-10T10:09:32.797395Z[0m [34mDEBUG[0m [2mhyper::proto::h1::io[0m[2m:[0m flushed 172 bytes
[2m2025-12-10T10:09:32.804864Z[0m [34mDEBUG[0m [2mhyper::proto::h1::io[0m[2m:[0m parsed 4 headers
[2m2025-12-10T10:09:32.804919Z[0m [34mDEBUG[0m [2mhyper::proto::h1::conn[0m[2m:[0m incoming body is content-length (45 bytes)
[2m2025-12-10T10:09:32.804943Z[0m [34mDEBUG[0m [2mhyper::proto::h1::conn[0m[2m:[0m incoming body completed
[2m2025-12-10T10:09:32.804972Z[0m [34mDEBUG[0m [2mhyper::client::pool[0m[2m:[0m pooling idle connection for ("http", 192.168.0.14:8545)
[2m2025-12-10T10:09:32.870360Z[0m [34mDEBUG[0m [2methereum_transaction_pool_monitor::eth_client[0m[2m:[0m 📨 Received WebSocket message: {"jsonrpc":"2.0","method":"eth_subscription","params":{"subscription":"0xbed0a0851463e895960a451075a301a9","result":"0x6f7a89b9aae97f657f1e0afc7781191dc512c7daee31f9414d5538b86b3cf5e0"}}
[2m2025-12-10T10:09:32.870403Z[0m [34mDEBUG[0m [2methereum_transaction_pool_monitor::eth_client[0m[2m:[0m 📨 Received pending transaction: 0x6f7a89b9aae97f657f1e0afc7781191dc512c7daee31f9414d5538b86b3cf5e0
[2m2025-12-10T10:09:32.897495Z[0m [34mDEBUG[0m [2mhyper::client::pool[0m[2m:[0m reuse idle connection for ("http", 192.168.0.14:8545)
[2m2025-12-10T10:09:32.897582Z[0m [34mDEBUG[0m [2mhyper::proto::h1::io[0m[2m:[0m flushed 172 bytes
[2m2025-12-10T10:09:32.906382Z[0m [34mDEBUG[0m [2mhyper::proto::h1::io[0m[2m:[0m parsed 4 headers
[2m2025-12-10T10:09:32.906403Z[0m [34mDEBUG[0m [2mhyper::proto::h1::conn[0m[2m:[0m incoming body is content-length (45 bytes)
[2m2025-12-10T10:09:32.906415Z[0m [34mDEBUG[0m [2mhyper::proto::h1::conn[0m[2m:[0m incoming body completed
[2m2025-12-10T10:09:32.906427Z[0m [34mDEBUG[0m [2mhyper::client::pool[0m[2m:[0m pooling idle connection for ("http", 192.168.0.14:8545)
[2m2025-12-10T10:09:32.958747Z[0m [34mDEBUG[0m [2methereum_transaction_pool_monitor::eth_client[0m[2m:[0m ✅ Transaction 0x3712b53a75a9c49929c5002b40a34733c1e1801eea1e6d251149d645eabc62a3 fetched and parsed in 190.249375ms
[2m2025-12-10T10:09:32.958770Z[0m [34mDEBUG[0m [2methereum_transaction_pool_monitor::mempool_monitor[0m[2m:[0m 🔍 Skipping tx 0x3712b53a75a9c49929c5002b40a34733c1e1801eea1e6d251149d645eabc62a3 - not a DEX interaction (target: 0xff56Cc6b1E6dEd347aA0B7676C85AB0B3D08B0FA)
[2m2025-12-10T10:09:32.958782Z[0m [34mDEBUG[0m [2methereum_transaction_pool_monitor::mempool_monitor[0m[2m:[0m 📨 Processing new pending transaction: 0xd4d0199b5a927a89a1906f6c2fd0c708af905fd940a896d47a49340d8f0153b8
[2m2025-12-10T10:09:32.958789Z[0m [34mDEBUG[0m [2methereum_transaction_pool_monitor::mempool_monitor[0m[2m:[0m 🔍 Fetching transaction details for: 0xd4d0199b5a927a89a1906f6c2fd0c708af905fd940a896d47a49340d8f0153b8
[2m2025-12-10T10:09:32.958793Z[0m [34mDEBUG[0m [2methereum_transaction_pool_monitor::eth_client[0m[2m:[0m 🔍 Fetching transaction details for hash: 0xd4d0199b5a927a89a1906f6c2fd0c708af905fd940a896d47a49340d8f0153b8
[2m2025-12-10T10:09:32.958816Z[0m [34mDEBUG[0m [2mhyper::client::pool[0m[2m:[0m reuse idle connection for ("http", 192.168.0.14:8545)
[2m2025-12-10T10:09:32.958849Z[0m [34mDEBUG[0m [2mhyper::proto::h1::io[0m[2m:[0m flushed 250 bytes
[2m2025-12-10T10:09:32.965431Z[0m [34mDEBUG[0m [2mhyper::proto::h1::io[0m[2m:[0m parsed 4 headers
[2m2025-12-10T10:09:32.965446Z[0m [34mDEBUG[0m [2mhyper::proto::h1::conn[0m[2m:[0m incoming body is content-length (770 bytes)
[2m2025-12-10T10:09:32.965456Z[0m [34mDEBUG[0m [2mhyper::proto::h1::conn[0m[2m:[0m incoming body completed
[2m2025-12-10T10:09:32.965468Z[0m [34mDEBUG[0m [2mhyper::client::pool[0m[2m:[0m pooling idle connection for ("http", 192.168.0.14:8545)
[2m2025-12-10T10:09:32.965477Z[0m [34mDEBUG[0m [2methereum_transaction_pool_monitor::eth_client[0m[2m:[0m 📡 Transaction fetch RPC completed in 6.678333ms
[2m2025-12-10T10:09:33.046530Z[0m [34mDEBUG[0m [2methereum_transaction_pool_monitor::eth_client[0m[2m:[0m ✅ Transaction 0xd4d0199b5a927a89a1906f6c2fd0c708af905fd940a896d47a49340d8f0153b8 fetched and parsed in 87.727625ms
[2m2025-12-10T10:09:33.046565Z[0m [34mDEBUG[0m [2methereum_transaction_pool_monitor::mempool_monitor[0m[2m:[0m 🔍 Skipping tx 0xd4d0199b5a927a89a1906f6c2fd0c708af905fd940a896d47a49340d8f0153b8 - not a DEX interaction (target: 0xE7E84B8B4f39C507499c40B4ac199B050e2882d5)
[2m2025-12-10T10:09:33.046577Z[0m [34mDEBUG[0m [2methereum_transaction_pool_monitor::mempool_monitor[0m[2m:[0m 📨 Processing new pending transaction: 0xe07dbc827d8abfaae2a4d565d301816ce27c82cc9aba30c1823072947e9d49f2
[2m2025-12-10T10:09:33.046585Z[0m [34mDEBUG[0m [2methereum_transaction_pool_monitor::mempool_monitor[0m[2m:[0m 🔍 Fetching transaction details for: 0xe07dbc827d8abfaae2a4d565d301816ce27c82cc9aba30c1823072947e9d49f2
[2m2025-12-10T10:09:33.046592Z[0m [34mDEBUG[0m [2methereum_transaction_pool_monitor::eth_client[0m[2m:[0m 🔍 Fetching transaction details for hash: 0xe07dbc827d8abfaae2a4d565d301816ce27c82cc9aba30c1823072947e9d49f2
[2m2025-12-10T10:09:33.046619Z[0m [34mDEBUG[0m [2mhyper::client::pool[0m[2m:[0m reuse idle connection for ("http", 192.168.0.14:8545)
[2m2025-12-10T10:09:33.046666Z[0m [34mDEBUG[0m [2mhyper::proto::h1::io[0m[2m:[0m flushed 250 bytes
[2m2025-12-10T10:09:33.046692Z[0m [34mDEBUG[0m [2mhyper::client::pool[0m[2m:[0m reuse idle connection for ("http", 192.168.0.14:8545)
[2m2025-12-10T10:09:33.046697Z[0m [34mDEBUG[0m [2methereum_transaction_pool_monitor::eth_client[0m[2m:[0m 📨 Received WebSocket message: {"jsonrpc":"2.0","method":"eth_subscription","params":{"subscription":"0xbed0a0851463e895960a451075a301a9","result":"0x0bb87438bcfe6a2b2c68584c4ebec48276422458187fc8fa70973c20f30d475f"}}
[2m2025-12-10T10:09:33.046711Z[0m [34mDEBUG[0m [2methereum_transaction_pool_monitor::eth_client[0m[2m:[0m 📨 Received pending transaction: 0x0bb87438bcfe6a2b2c68584c4ebec48276422458187fc8fa70973c20f30d475f
[2m2025-12-10T10:09:33.046721Z[0m [34mDEBUG[0m [2methereum_transaction_pool_monitor::eth_client[0m[2m:[0m 📨 Received WebSocket message: {"jsonrpc":"2.0","method":"eth_subscription","params":{"subscription":"0xbed0a0851463e895960a451075a301a9","result":"0xdaf92f511a8dbaa9d7372b9d301579561e378c5d363e70698bb8dc52ba7634cc"}}
[2m2025-12-10T10:09:33.046727Z[0m [34mDEBUG[0m [2methereum_transaction_pool_monitor::eth_client[0m[2m:[0m 📨 Received pending transaction: 0xdaf92f511a8dbaa9d7372b9d301579561e378c5d363e70698bb8dc52ba7634cc
[2m2025-12-10T10:09:33.046711Z[0m [34mDEBUG[0m [2mhyper::proto::h1::io[0m[2m:[0m flushed 172 bytes
[2m2025-12-10T10:09:33.052146Z[0m [34mDEBUG[0m [2mhyper::proto::h1::io[0m[2m:[0m parsed 4 headers
[2m2025-12-10T10:09:33.052153Z[0m [34mDEBUG[0m [2mhyper::proto::h1::conn[0m[2m:[0m incoming body is content-length (45 bytes)
[2m2025-12-10T10:09:33.052161Z[0m [34mDEBUG[0m [2mhyper::proto::h1::conn[0m[2m:[0m incoming body completed
[2m2025-12-10T10:09:33.052170Z[0m [34mDEBUG[0m [2mhyper::client::pool[0m[2m:[0m pooling idle connection for ("http", 192.168.0.14:8545)
[2m2025-12-10T10:09:33.052190Z[0m [34mDEBUG[0m [2mhyper::proto::h1::io[0m[2m:[0m parsed 4 headers
[2m2025-12-10T10:09:33.052195Z[0m [34mDEBUG[0m [2mhyper::proto::h1::conn[0m[2m:[0m incoming body is content-length (763 bytes)
[2m2025-12-10T10:09:33.052201Z[0m [34mDEBUG[0m [2mhyper::proto::h1::conn[0m[2m:[0m incoming body completed
[2m2025-12-10T10:09:33.052207Z[0m [34mDEBUG[0m [2mhyper::client::pool[0m[2m:[0m pooling idle connection for ("http", 192.168.0.14:8545)
[2m2025-12-10T10:09:33.052212Z[0m [34mDEBUG[0m [2methereum_transaction_pool_monitor::eth_client[0m[2m:[0m 📡 Transaction fetch RPC completed in 5.615708ms
[2m2025-12-10T10:09:33.052225Z[0m [34mDEBUG[0m [2methereum_transaction_pool_monitor::eth_client[0m[2m:[0m DeFi transaction detected - Address: 0xdac17f958d2ee523a2206206994597c13d831ec7, Type: Stablecoin, Value: 0 ETH, Gas: 0.26 Gwei
[2m2025-12-10T10:09:33.052240Z[0m [34mDEBUG[0m [2methereum_transaction_pool_monitor::eth_client[0m[2m:[0m ✅ Transaction 0xe07dbc827d8abfaae2a4d565d301816ce27c82cc9aba30c1823072947e9d49f2 fetched and parsed in 5.643917ms
[2m2025-12-10T10:09:33.052247Z[0m [34mDEBUG[0m [2methereum_transaction_pool_monitor::mempool_monitor[0m[2m:[0m 🔍 Skipping tx 0xe07dbc827d8abfaae2a4d565d301816ce27c82cc9aba30c1823072947e9d49f2 - not a DEX interaction (target: 0xdAC17F958D2ee523a2206206994597C13D831ec7)
[2m2025-12-10T10:09:33.052254Z[0m [34mDEBUG[0m [2methereum_transaction_pool_monitor::mempool_monitor[0m[2m:[0m 📨 Processing new pending transaction: 0x88b2b16119ad92f65a9b89c7e454c4018e8a6fdb4bf2a72f5b8fc6857b2d0c4e
[2m2025-12-10T10:09:33.052261Z[0m [34mDEBUG[0m [2methereum_transaction_pool_monitor::mempool_monitor[0m[2m:[0m 🔍 Fetching transaction details for: 0x88b2b16119ad92f65a9b89c7e454c4018e8a6fdb4bf2a72f5b8fc6857b2d0c4e
[2m2025-12-10T10:09:33.052265Z[0m [34mDEBUG[0m [2methereum_transaction_pool_monitor::eth_client[0m[2m:[0m 🔍 Fetching transaction details for hash: 0x88b2b16119ad92f65a9b89c7e454c4018e8a6fdb4bf2a72f5b8fc6857b2d0c4e
[2m2025-12-10T10:09:33.052274Z[0m [34mDEBUG[0m [2mhyper::client::pool[0m[2m:[0m reuse idle connection for ("http", 192.168.0.14:8545)
[2m2025-12-10T10:09:33.052289Z[0m [34mDEBUG[0m [2mhyper::proto::h1::io[0m[2m:[0m flushed 250 bytes
[2m2025-12-10T10:09:33.064412Z[0m [34mDEBUG[0m [2mhyper::proto::h1::io[0m[2m:[0m parsed 4 headers
[2m2025-12-10T10:09:33.064421Z[0m [34mDEBUG[0m [2mhyper::proto::h1::conn[0m[2m:[0m incoming body is content-length (7043 bytes)
[2m2025-12-10T10:09:33.064428Z[0m [34mDEBUG[0m [2mhyper::proto::h1::conn[0m[2m:[0m incoming body completed
[2m2025-12-10T10:09:33.064437Z[0m [34mDEBUG[0m [2mhyper::client::pool[0m[2m:[0m pooling idle connection for ("http", 192.168.0.14:8545)
[2m2025-12-10T10:09:33.064444Z[0m [34mDEBUG[0m [2methereum_transaction_pool_monitor::eth_client[0m[2m:[0m 📡 Transaction fetch RPC completed in 12.17375ms
[2m2025-12-10T10:09:33.190282Z[0m [34mDEBUG[0m [2methereum_transaction_pool_monitor::eth_client[0m[2m:[0m ✅ Transaction 0x88b2b16119ad92f65a9b89c7e454c4018e8a6fdb4bf2a72f5b8fc6857b2d0c4e fetched and parsed in 138.007667ms
[2m2025-12-10T10:09:33.190304Z[0m [34mDEBUG[0m [2methereum_transaction_pool_monitor::mempool_monitor[0m[2m:[0m 🔍 Skipping tx 0x88b2b16119ad92f65a9b89c7e454c4018e8a6fdb4bf2a72f5b8fc6857b2d0c4e - not a DEX interaction (target: 0xF6801D319497789f934ec7F83E142a9536312B08)
[2m2025-12-10T10:09:33.190318Z[0m [34mDEBUG[0m [2methereum_transaction_pool_monitor::mempool_monitor[0m[2m:[0m 📨 Processing new pending transaction: 0x7f2408ac554ce28f95100a50c4a4390a1b264bbdcc5279d11a06f04e97163656
[2m2025-12-10T10:09:33.190323Z[0m [34mDEBUG[0m [2methereum_transaction_pool_monitor::mempool_monitor[0m[2m:[0m 🔍 Fetching transaction details for: 0x7f2408ac554ce28f95100a50c4a4390a1b264bbdcc5279d11a06f04e97163656
[2m2025-12-10T10:09:33.190328Z[0m [34mDEBUG[0m [2methereum_transaction_pool_monitor::eth_client[0m[2m:[0m 🔍 Fetching transaction details for hash: 0x7f2408ac554ce28f95100a50c4a4390a1b264bbdcc5279d11a06f04e97163656
[2m2025-12-10T10:09:33.190352Z[0m [34mDEBUG[0m [2mhyper::client::pool[0m[2m:[0m reuse idle connection for ("http", 192.168.0.14:8545)
[2m2025-12-10T10:09:33.190385Z[0m [34mDEBUG[0m [2mhyper::proto::h1::io[0m[2m:[0m flushed 250 bytes
[2m2025-12-10T10:09:33.190405Z[0m [34mDEBUG[0m [2mhyper::client::pool[0m[2m:[0m reuse idle connection for ("http", 192.168.0.14:8545)
[2m2025-12-10T10:09:33.190421Z[0m [34mDEBUG[0m [2mhyper::proto::h1::io[0m[2m:[0m flushed 172 bytes
[2m2025-12-10T10:09:33.190427Z[0m [34mDEBUG[0m [2methereum_transaction_pool_monitor::eth_client[0m[2m:[0m 📨 Received WebSocket message: {"jsonrpc":"2.0","method":"eth_subscription","params":{"subscription":"0xbed0a0851463e895960a451075a301a9","result":"0x25b7be59c5d95eeb44b18a6ab91602f7dfba0278e29b1d4183fde82b54c6865f"}}
[2m2025-12-10T10:09:33.190446Z[0m [34mDEBUG[0m [2methereum_transaction_pool_monitor::eth_client[0m[2m:[0m 📨 Received pending transaction: 0x25b7be59c5d95eeb44b18a6ab91602f7dfba0278e29b1d4183fde82b54c6865f
[2m2025-12-10T10:09:33.195313Z[0m [34mDEBUG[0m [2mhyper::proto::h1::io[0m[2m:[0m parsed 4 headers
[2m2025-12-10T10:09:33.199248Z[0m [34mDEBUG[0m [2mhyper::proto::h1::conn[0m[2m:[0m incoming body is content-length (45 bytes)
[2m2025-12-10T10:09:33.199261Z[0m [34mDEBUG[0m [2mhyper::proto::h1::conn[0m[2m:[0m incoming body completed
[2m2025-12-10T10:09:33.199277Z[0m [34mDEBUG[0m [2mhyper::client::pool[0m[2m:[0m pooling idle connection for ("http", 192.168.0.14:8545)
[2m2025-12-10T10:09:33.199331Z[0m [34mDEBUG[0m [2mhyper::client::pool[0m[2m:[0m reuse idle connection for ("http", 192.168.0.14:8545)
[2m2025-12-10T10:09:33.199351Z[0m [34mDEBUG[0m [2mhyper::proto::h1::io[0m[2m:[0m parsed 4 headers
[2m2025-12-10T10:09:33.199374Z[0m [34mDEBUG[0m [2mhyper::proto::h1::io[0m[2m:[0m flushed 172 bytes
[2m2025-12-10T10:09:33.199394Z[0m [34mDEBUG[0m [2mhyper::proto::h1::conn[0m[2m:[0m incoming body is content-length (653 bytes)
[2m2025-12-10T10:09:33.199431Z[0m [34mDEBUG[0m [2mhyper::proto::h1::conn[0m[2m:[0m incoming body completed
[2m2025-12-10T10:09:33.199440Z[0m [34mDEBUG[0m [2mhyper::client::pool[0m[2m:[0m pooling idle connection for ("http", 192.168.0.14:8545)
[2m2025-12-10T10:09:33.199446Z[0m [34mDEBUG[0m [2methereum_transaction_pool_monitor::eth_client[0m[2m:[0m 📡 Transaction fetch RPC completed in 9.114ms
[2m2025-12-10T10:09:33.202681Z[0m [34mDEBUG[0m [2mhyper::proto::h1::io[0m[2m:[0m parsed 4 headers
[2m2025-12-10T10:09:33.202688Z[0m [34mDEBUG[0m [2mhyper::proto::h1::conn[0m[2m:[0m incoming body is content-length (45 bytes)
[2m2025-12-10T10:09:33.202694Z[0m [34mDEBUG[0m [2mhyper::proto::h1::conn[0m[2m:[0m incoming body completed
[2m2025-12-10T10:09:33.202700Z[0m [34mDEBUG[0m [2mhyper::client::pool[0m[2m:[0m pooling idle connection for ("http", 192.168.0.14:8545)
[2m2025-12-10T10:09:33.296988Z[0m [34mDEBUG[0m [2mhyper::client::pool[0m[2m:[0m reuse idle connection for ("http", 192.168.0.14:8545)
[2m2025-12-10T10:09:33.297098Z[0m [34mDEBUG[0m [2mhyper::proto::h1::io[0m[2m:[0m flushed 172 bytes
[2m2025-12-10T10:09:33.301694Z[0m [34mDEBUG[0m [2mhyper::proto::h1::io[0m[2m:[0m parsed 4 headers
[2m2025-12-10T10:09:33.301708Z[0m [34mDEBUG[0m [2mhyper::proto::h1::conn[0m[2m:[0m incoming body is content-length (45 bytes)
[2m2025-12-10T10:09:33.301718Z[0m [34mDEBUG[0m [2mhyper::proto::h1::conn[0m[2m:[0m incoming body completed
[2m2025-12-10T10:09:33.301728Z[0m [34mDEBUG[0m [2mhyper::client::pool[0m[2m:[0m pooling idle connection for ("http", 192.168.0.14:8545)
[2m2025-12-10T10:09:33.312761Z[0m [34mDEBUG[0m [2methereum_transaction_pool_monitor::eth_client[0m[2m:[0m ✅ Transaction 0x7f2408ac554ce28f95100a50c4a4390a1b264bbdcc5279d11a06f04e97163656 fetched and parsed in 122.424459ms
[2m2025-12-10T10:09:33.312790Z[0m [34mDEBUG[0m [2methereum_transaction_pool_monitor::mempool_monitor[0m[2m:[0m 🔍 Skipping tx 0x7f2408ac554ce28f95100a50c4a4390a1b264bbdcc5279d11a06f04e97163656 - not a DEX interaction (target: 0x483a910A7479af5bd1333014Af97Ee5c733A7052)
[2m2025-12-10T10:09:33.312801Z[0m [34mDEBUG[0m [2methereum_transaction_pool_monitor::mempool_monitor[0m[2m:[0m 📨 Processing new pending transaction: 0x34e8a5f313f1e20ca0bf2b87b4cf2d6dd2104d5d69a029ebb4651daafadd8822
[2m2025-12-10T10:09:33.312809Z[0m [34mDEBUG[0m [2methereum_transaction_pool_monitor::mempool_monitor[0m[2m:[0m 🔍 Fetching transaction details for: 0x34e8a5f313f1e20ca0bf2b87b4cf2d6dd2104d5d69a029ebb4651daafadd8822
[2m2025-12-10T10:09:33.312814Z[0m [34mDEBUG[0m [2methereum_transaction_pool_monitor::eth_client[0m[2m:[0m 🔍 Fetching transaction details for hash: 0x34e8a5f313f1e20ca0bf2b87b4cf2d6dd2104d5d69a029ebb4651daafadd8822
[2m2025-12-10T10:09:33.312840Z[0m [34mDEBUG[0m [2mhyper::client::pool[0m[2m:[0m reuse idle connection for ("http", 192.168.0.14:8545)
[2m2025-12-10T10:09:33.312889Z[0m [34mDEBUG[0m [2mhyper::proto::h1::io[0m[2m:[0m flushed 250 bytes
[2m2025-12-10T10:09:33.318819Z[0m [34mDEBUG[0m [2mhyper::proto::h1::io[0m[2m:[0m parsed 4 headers
[2m2025-12-10T10:09:33.318829Z[0m [34mDEBUG[0m [2mhyper::proto::h1::conn[0m[2m:[0m incoming body is content-length (538 bytes)
[2m2025-12-10T10:09:33.318838Z[0m [34mDEBUG[0m [2mhyper::proto::h1::conn[0m[2m:[0m incoming body completed
[2m2025-12-10T10:09:33.318848Z[0m [34mDEBUG[0m [2mhyper::client::pool[0m[2m:[0m pooling idle connection for ("http", 192.168.0.14:8545)
[2m2025-12-10T10:09:33.318856Z[0m [34mDEBUG[0m [2methereum_transaction_pool_monitor::eth_client[0m[2m:[0m 📡 Transaction fetch RPC completed in 6.035458ms
[2m2025-12-10T10:09:33.393966Z[0m [34mDEBUG[0m [2methereum_transaction_pool_monitor::eth_client[0m[2m:[0m ✅ Transaction 0x34e8a5f313f1e20ca0bf2b87b4cf2d6dd2104d5d69a029ebb4651daafadd8822 fetched and parsed in 81.1415ms
[2m2025-12-10T10:09:33.394001Z[0m [34mDEBUG[0m [2methereum_transaction_pool_monitor::mempool_monitor[0m[2m:[0m 🔍 Skipping tx 0x34e8a5f313f1e20ca0bf2b87b4cf2d6dd2104d5d69a029ebb4651daafadd8822 - not a DEX interaction (target: 0x0B4F39B552659D0bb4CC79762eB0Cc1Dd64AEd8B)
[2m2025-12-10T10:09:33.394014Z[0m [34mDEBUG[0m [2methereum_transaction_pool_monitor::mempool_monitor[0m[2m:[0m 📨 Processing new pending transaction: 0x931a60a3380ccf2f1559eafd2c6ecd83cef652b0ce8b8c092b29d9c9a89b79b0
[2m2025-12-10T10:09:33.394021Z[0m [34mDEBUG[0m [2methereum_transaction_pool_monitor::mempool_monitor[0m[2m:[0m 🔍 Fetching transaction details for: 0x931a60a3380ccf2f1559eafd2c6ecd83cef652b0ce8b8c092b29d9c9a89b79b0
[2m2025-12-10T10:09:33.394027Z[0m [34mDEBUG[0m [2methereum_transaction_pool_monitor::eth_client[0m[2m:[0m 🔍 Fetching transaction details for hash: 0x931a60a3380ccf2f1559eafd2c6ecd83cef652b0ce8b8c092b29d9c9a89b79b0
[2m2025-12-10T10:09:33.394051Z[0m [34mDEBUG[0m [2mhyper::client::pool[0m[2m:[0m reuse idle connection for ("http", 192.168.0.14:8545)
[2m2025-12-10T10:09:33.394110Z[0m [34mDEBUG[0m [2mhyper::proto::h1::io[0m[2m:[0m flushed 250 bytes
[2m2025-12-10T10:09:33.394130Z[0m [34mDEBUG[0m [2methereum_transaction_pool_monitor::eth_client[0m[2m:[0m 📨 Received WebSocket message: {"jsonrpc":"2.0","method":"eth_subscription","params":{"subscription":"0xbed0a0851463e895960a451075a301a9","result":"0x2fa439670e949f9fc8d60d5c5b9944d1f2fd3985401f6e57b743e47917222a30"}}
[2m2025-12-10T10:09:33.394140Z[0m [34mDEBUG[0m [2methereum_transaction_pool_monitor::eth_client[0m[2m:[0m 📨 Received pending transaction: 0x2fa439670e949f9fc8d60d5c5b9944d1f2fd3985401f6e57b743e47917222a30
[2m2025-12-10T10:09:33.394152Z[0m [34mDEBUG[0m [2methereum_transaction_pool_monitor::eth_client[0m[2m:[0m 📨 Received WebSocket message: {"jsonrpc":"2.0","method":"eth_subscription","params":{"subscription":"0xbed0a0851463e895960a451075a301a9","result":"0x6a24f5fdf1229e8d4dbb7c8839d0ac77b3cd081bcd99ae4fdd8b8d2c9a881b61"}}
[2m2025-12-10T10:09:33.394159Z[0m [34mDEBUG[0m [2methereum_transaction_pool_monitor::eth_client[0m[2m:[0m 📨 Received pending transaction: 0x6a24f5fdf1229e8d4dbb7c8839d0ac77b3cd081bcd99ae4fdd8b8d2c9a881b61
[2m2025-12-10T10:09:33.396428Z[0m [34mDEBUG[0m [2mhyper::client::pool[0m[2m:[0m reuse idle connection for ("http", 192.168.0.14:8545)
[2m2025-12-10T10:09:33.396452Z[0m [34mDEBUG[0m [2mhyper::proto::h1::io[0m[2m:[0m flushed 172 bytes
[2m2025-12-10T10:09:33.398258Z[0m [34mDEBUG[0m [2mhyper::proto::h1::io[0m[2m:[0m parsed 4 headers
[2m2025-12-10T10:09:33.398267Z[0m [34mDEBUG[0m [2mhyper::proto::h1::conn[0m[2m:[0m incoming body is content-length (674 bytes)
[2m2025-12-10T10:09:33.398276Z[0m [34mDEBUG[0m [2mhyper::proto::h1::conn[0m[2m:[0m incoming body completed
[2m2025-12-10T10:09:33.398285Z[0m [34mDEBUG[0m [2mhyper::client::pool[0m[2m:[0m pooling idle connection for ("http", 192.168.0.14:8545)
[2m2025-12-10T10:09:33.398292Z[0m [34mDEBUG[0m [2methereum_transaction_pool_monitor::eth_client[0m[2m:[0m 📡 Transaction fetch RPC completed in 4.2605ms
[2m2025-12-10T10:09:33.470338Z[0m [34mDEBUG[0m [2methereum_transaction_pool_monitor::eth_client[0m[2m:[0m ✅ Transaction 0x931a60a3380ccf2f1559eafd2c6ecd83cef652b0ce8b8c092b29d9c9a89b79b0 fetched and parsed in 76.303209ms
[2m2025-12-10T10:09:33.470366Z[0m [34mDEBUG[0m [2methereum_transaction_pool_monitor::mempool_monitor[0m[2m:[0m 🔍 Skipping tx 0x931a60a3380ccf2f1559eafd2c6ecd83cef652b0ce8b8c092b29d9c9a89b79b0 - not a DEX interaction (target: 0xA0b86991c6218b36c1d19D4a2e9Eb0cE3606eB48)
[2m2025-12-10T10:09:33.470376Z[0m [34mDEBUG[0m [2methereum_transaction_pool_monitor::mempool_monitor[0m[2m:[0m 📨 Processing new pending transaction: 0x77b2f90c19c01602d4a48dff3e26bf82d27ef63e1e32e2fb253cbf84618d9aea
[2m2025-12-10T10:09:33.470383Z[0m [34mDEBUG[0m [2methereum_transaction_pool_monitor::mempool_monitor[0m[2m:[0m 🔍 Fetching transaction details for: 0x77b2f90c19c01602d4a48dff3e26bf82d27ef63e1e32e2fb253cbf84618d9aea
[2m2025-12-10T10:09:33.470390Z[0m [34mDEBUG[0m [2methereum_transaction_pool_monitor::eth_client[0m[2m:[0m 🔍 Fetching transaction details for hash: 0x77b2f90c19c01602d4a48dff3e26bf82d27ef63e1e32e2fb253cbf84618d9aea
[2m2025-12-10T10:09:33.470413Z[0m [34mDEBUG[0m [2mhyper::client::pool[0m[2m:[0m reuse idle connection for ("http", 192.168.0.14:8545)
[2m2025-12-10T10:09:33.470466Z[0m [34mDEBUG[0m [2mhyper::proto::h1::io[0m[2m:[0m flushed 250 bytes
[2m2025-12-10T10:09:33.470486Z[0m [34mDEBUG[0m [2mhyper::proto::h1::io[0m[2m:[0m parsed 4 headers
[2m2025-12-10T10:09:33.470491Z[0m [34mDEBUG[0m [2mhyper::proto::h1::conn[0m[2m:[0m incoming body is content-length (45 bytes)
[2m2025-12-10T10:09:33.470501Z[0m [34mDEBUG[0m [2mhyper::proto::h1::conn[0m[2m:[0m incoming body completed
[2m2025-12-10T10:09:33.470511Z[0m [34mDEBUG[0m [2mhyper::client::pool[0m[2m:[0m pooling idle connection for ("http", 192.168.0.14:8545)
[2m2025-12-10T10:09:33.475030Z[0m [34mDEBUG[0m [2mhyper::proto::h1::io[0m[2m:[0m parsed 4 headers
[2m2025-12-10T10:09:33.475040Z[0m [34mDEBUG[0m [2mhyper::proto::h1::conn[0m[2m:[0m incoming body is content-length (830 bytes)
[2m2025-12-10T10:09:33.475048Z[0m [34mDEBUG[0m [2mhyper::proto::h1::conn[0m[2m:[0m incoming body completed
[2m2025-12-10T10:09:33.475058Z[0m [34mDEBUG[0m [2mhyper::client::pool[0m[2m:[0m pooling idle connection for ("http", 192.168.0.14:8545)
[2m2025-12-10T10:09:33.475065Z[0m [34mDEBUG[0m [2methereum_transaction_pool_monitor::eth_client[0m[2m:[0m 📡 Transaction fetch RPC completed in 4.671208ms
[2m2025-12-10T10:09:33.547415Z[0m [34mDEBUG[0m [2methereum_transaction_pool_monitor::eth_client[0m[2m:[0m ✅ Transaction 0x77b2f90c19c01602d4a48dff3e26bf82d27ef63e1e32e2fb253cbf84618d9aea fetched and parsed in 77.018375ms
[2m2025-12-10T10:09:33.547435Z[0m [34mDEBUG[0m [2methereum_transaction_pool_monitor::mempool_monitor[0m[2m:[0m 🔍 Skipping tx 0x77b2f90c19c01602d4a48dff3e26bf82d27ef63e1e32e2fb253cbf84618d9aea - not a DEX interaction (target: 0x3B4D794a66304F130a4Db8F2551B0070dfCf5ca7)
[2m2025-12-10T10:09:33.547455Z[0m [34mDEBUG[0m [2methereum_transaction_pool_monitor::mempool_monitor[0m[2m:[0m 📨 Processing new pending transaction: 0x481912172b27b5534f94218b79d436d9c09906b9031809f0e8c98602799856c3
[2m2025-12-10T10:09:33.547460Z[0m [34mDEBUG[0m [2methereum_transaction_pool_monitor::mempool_monitor[0m[2m:[0m 🔍 Fetching transaction details for: 0x481912172b27b5534f94218b79d436d9c09906b9031809f0e8c98602799856c3
[2m2025-12-10T10:09:33.547465Z[0m [34mDEBUG[0m [2methereum_transaction_pool_monitor::eth_client[0m[2m:[0m 🔍 Fetching transaction details for hash: 0x481912172b27b5534f94218b79d436d9c09906b9031809f0e8c98602799856c3
[2m2025-12-10T10:09:33.547486Z[0m [34mDEBUG[0m [2mhyper::client::pool[0m[2m:[0m reuse idle connection for ("http", 192.168.0.14:8545)
[2m2025-12-10T10:09:33.547513Z[0m [34mDEBUG[0m [2mhyper::proto::h1::io[0m[2m:[0m flushed 250 bytes
[2m2025-12-10T10:09:33.547539Z[0m [34mDEBUG[0m [2mhyper::client::pool[0m[2m:[0m reuse idle connection for ("http", 192.168.0.14:8545)
[2m2025-12-10T10:09:33.547552Z[0m [34mDEBUG[0m [2mhyper::proto::h1::io[0m[2m:[0m flushed 172 bytes
[2m2025-12-10T10:09:33.549391Z[0m [34mDEBUG[0m [2methereum_transaction_pool_monitor::eth_client[0m[2m:[0m 📨 Received WebSocket message: {"jsonrpc":"2.0","method":"eth_subscription","params":{"subscription":"0xbed0a0851463e895960a451075a301a9","result":"0x90c99c5cd5cb2158e84dc9f184e1aacd495328a429f4e5159a802dadcc527939"}}
[2m2025-12-10T10:09:33.549405Z[0m [34mDEBUG[0m [2methereum_transaction_pool_monitor::eth_client[0m[2m:[0m 📨 Received pending transaction: 0x90c99c5cd5cb2158e84dc9f184e1aacd495328a429f4e5159a802dadcc527939
[2m2025-12-10T10:09:33.554442Z[0m [34mDEBUG[0m [2mhyper::proto::h1::io[0m[2m:[0m parsed 4 headers
[2m2025-12-10T10:09:33.554452Z[0m [34mDEBUG[0m [2mhyper::proto::h1::conn[0m[2m:[0m incoming body is content-length (673 bytes)
[2m2025-12-10T10:09:33.554461Z[0m [34mDEBUG[0m [2mhyper::proto::h1::conn[0m[2m:[0m incoming body completed
[2m2025-12-10T10:09:33.554473Z[0m [34mDEBUG[0m [2mhyper::client::pool[0m[2m:[0m pooling idle connection for ("http", 192.168.0.14:8545)
[2m2025-12-10T10:09:33.554482Z[0m [34mDEBUG[0m [2methereum_transaction_pool_monitor::eth_client[0m[2m:[0m 📡 Transaction fetch RPC completed in 7.012708ms
[2m2025-12-10T10:09:33.554500Z[0m [34mDEBUG[0m [2methereum_transaction_pool_monitor::eth_client[0m[2m:[0m DeFi transaction detected - Address: 0xdac17f958d2ee523a2206206994597c13d831ec7, Type: Stablecoin, Value: 0 ETH, Gas: 0.22 Gwei
[2m2025-12-10T10:09:33.554511Z[0m [34mDEBUG[0m [2methereum_transaction_pool_monitor::eth_client[0m[2m:[0m ✅ Transaction 0x481912172b27b5534f94218b79d436d9c09906b9031809f0e8c98602799856c3 fetched and parsed in 7.042625ms
[2m2025-12-10T10:09:33.554518Z[0m [34mDEBUG[0m [2methereum_transaction_pool_monitor::mempool_monitor[0m[2m:[0m 🔍 Skipping tx 0x481912172b27b5534f94218b79d436d9c09906b9031809f0e8c98602799856c3 - not a DEX interaction (target: 0xdAC17F958D2ee523a2206206994597C13D831ec7)
[2m2025-12-10T10:09:33.554525Z[0m [34mDEBUG[0m [2methereum_transaction_pool_monitor::mempool_monitor[0m[2m:[0m 📨 Processing new pending transaction: 0xadab3c78fca52cbee0de4b2b0afe25c041e88f7e9b6a24dd3d58169e2dd5b116
[2m2025-12-10T10:09:33.554529Z[0m [34mDEBUG[0m [2methereum_transaction_pool_monitor::mempool_monitor[0m[2m:[0m 🔍 Fetching transaction details for: 0xadab3c78fca52cbee0de4b2b0afe25c041e88f7e9b6a24dd3d58169e2dd5b116
[2m2025-12-10T10:09:33.554532Z[0m [34mDEBUG[0m [2methereum_transaction_pool_monitor::eth_client[0m[2m:[0m 🔍 Fetching transaction details for hash: 0xadab3c78fca52cbee0de4b2b0afe25c041e88f7e9b6a24dd3d58169e2dd5b116
[2m2025-12-10T10:09:33.554547Z[0m [34mDEBUG[0m [2mhyper::client::pool[0m[2m:[0m reuse idle connection for ("http", 192.168.0.14:8545)
[2m2025-12-10T10:09:33.554570Z[0m [34mDEBUG[0m [2mhyper::proto::h1::io[0m[2m:[0m flushed 250 bytes
[2m2025-12-10T10:09:33.554579Z[0m [34mDEBUG[0m [2mhyper::proto::h1::io[0m[2m:[0m parsed 4 headers
[2m2025-12-10T10:09:33.554583Z[0m [34mDEBUG[0m [2mhyper::proto::h1::conn[0m[2m:[0m incoming body is content-length (45 bytes)
[2m2025-12-10T10:09:33.554587Z[0m [34mDEBUG[0m [2mhyper::proto::h1::conn[0m[2m:[0m incoming body completed
[2m2025-12-10T10:09:33.554593Z[0m [34mDEBUG[0m [2mhyper::client::pool[0m[2m:[0m pooling idle connection for ("http", 192.168.0.14:8545)
[2m2025-12-10T10:09:33.559119Z[0m [34mDEBUG[0m [2mhyper::proto::h1::io[0m[2m:[0m parsed 4 headers
[2m2025-12-10T10:09:33.559131Z[0m [34mDEBUG[0m [2mhyper::proto::h1::conn[0m[2m:[0m incoming body is content-length (551 bytes)
[2m2025-12-10T10:09:33.559139Z[0m [34mDEBUG[0m [2mhyper::proto::h1::conn[0m[2m:[0m incoming body completed
[2m2025-12-10T10:09:33.559148Z[0m [34mDEBUG[0m [2mhyper::client::pool[0m[2m:[0m pooling idle connection for ("http", 192.168.0.14:8545)
[2m2025-12-10T10:09:33.559155Z[0m [34mDEBUG[0m [2methereum_transaction_pool_monitor::eth_client[0m[2m:[0m 📡 Transaction fetch RPC completed in 4.618708ms
[2m2025-12-10T10:09:33.629477Z[0m [34mDEBUG[0m [2methereum_transaction_pool_monitor::eth_client[0m[2m:[0m ✅ Transaction 0xadab3c78fca52cbee0de4b2b0afe25c041e88f7e9b6a24dd3d58169e2dd5b116 fetched and parsed in 74.938292ms
[2m2025-12-10T10:09:33.631993Z[0m [34mDEBUG[0m [2methereum_transaction_pool_monitor::mempool_monitor[0m[2m:[0m 🔍 Skipping tx 0xadab3c78fca52cbee0de4b2b0afe25c041e88f7e9b6a24dd3d58169e2dd5b116 - not a DEX interaction (target: 0x79CaA303a7Ae6D6d7dcc4de8719C3C280AdbB27b)
[2m2025-12-10T10:09:33.632008Z[0m [34mDEBUG[0m [2methereum_transaction_pool_monitor::mempool_monitor[0m[2m:[0m 📨 Processing new pending transaction: 0x4330fb72ce4fd3c822b57e7b6dbed9d8c5c56b41cb06097fddf51e07af9992de
[2m2025-12-10T10:09:33.632015Z[0m [34mDEBUG[0m [2methereum_transaction_pool_monitor::mempool_monitor[0m[2m:[0m 🔍 Fetching transaction details for: 0x4330fb72ce4fd3c822b57e7b6dbed9d8c5c56b41cb06097fddf51e07af9992de
[2m2025-12-10T10:09:33.632028Z[0m [34mDEBUG[0m [2methereum_transaction_pool_monitor::eth_client[0m[2m:[0m 🔍 Fetching transaction details for hash: 0x4330fb72ce4fd3c822b57e7b6dbed9d8c5c56b41cb06097fddf51e07af9992de
[2m2025-12-10T10:09:33.632053Z[0m [34mDEBUG[0m [2mhyper::client::pool[0m[2m:[0m reuse idle connection for ("http", 192.168.0.14:8545)
[2m2025-12-10T10:09:33.632100Z[0m [34mDEBUG[0m [2mhyper::proto::h1::io[0m[2m:[0m flushed 250 bytes
[2m2025-12-10T10:09:33.632138Z[0m [34mDEBUG[0m [2mhyper::client::pool[0m[2m:[0m reuse idle connection for ("http", 192.168.0.14:8545)
[2m2025-12-10T10:09:33.632156Z[0m [34mDEBUG[0m [2mhyper::proto::h1::io[0m[2m:[0m flushed 172 bytes
[2m2025-12-10T10:09:33.636001Z[0m [34mDEBUG[0m [2mhyper::proto::h1::io[0m[2m:[0m parsed 4 headers
[2m2025-12-10T10:09:33.636008Z[0m [34mDEBUG[0m [2mhyper::proto::h1::conn[0m[2m:[0m incoming body is content-length (45 bytes)
[2m2025-12-10T10:09:33.636015Z[0m [34mDEBUG[0m [2mhyper::proto::h1::conn[0m[2m:[0m incoming body completed
[2m2025-12-10T10:09:33.636023Z[0m [34mDEBUG[0m [2mhyper::client::pool[0m[2m:[0m pooling idle connection for ("http", 192.168.0.14:8545)
[2m2025-12-10T10:09:33.636660Z[0m [34mDEBUG[0m [2mhyper::proto::h1::io[0m[2m:[0m parsed 4 headers
[2m2025-12-10T10:09:33.636666Z[0m [34mDEBUG[0m [2mhyper::proto::h1::conn[0m[2m:[0m incoming body is content-length (674 bytes)
[2m2025-12-10T10:09:33.636673Z[0m [34mDEBUG[0m [2mhyper::proto::h1::conn[0m[2m:[0m incoming body completed
[2m2025-12-10T10:09:33.636679Z[0m [34mDEBUG[0m [2mhyper::client::pool[0m[2m:[0m pooling idle connection for ("http", 192.168.0.14:8545)
[2m2025-12-10T10:09:33.636686Z[0m [34mDEBUG[0m [2methereum_transaction_pool_monitor::eth_client[0m[2m:[0m 📡 Transaction fetch RPC completed in 4.65225ms
[2m2025-12-10T10:09:33.636698Z[0m [34mDEBUG[0m [2methereum_transaction_pool_monitor::eth_client[0m[2m:[0m DeFi transaction detected - Address: 0xdac17f958d2ee523a2206206994597c13d831ec7, Type: Stablecoin, Value: 0 ETH, Gas: 0.22 Gwei
[2m2025-12-10T10:09:33.636711Z[0m [34mDEBUG[0m [2methereum_transaction_pool_monitor::eth_client[0m[2m:[0m ✅ Transaction 0x4330fb72ce4fd3c822b57e7b6dbed9d8c5c56b41cb06097fddf51e07af9992de fetched and parsed in 4.677667ms
[2m2025-12-10T10:09:33.636718Z[0m [34mDEBUG[0m [2methereum_transaction_pool_monitor::mempool_monitor[0m[2m:[0m 🔍 Skipping tx 0x4330fb72ce4fd3c822b57e7b6dbed9d8c5c56b41cb06097fddf51e07af9992de - not a DEX interaction (target: 0xdAC17F958D2ee523a2206206994597C13D831ec7)
[2m2025-12-10T10:09:33.636726Z[0m [34mDEBUG[0m [2methereum_transaction_pool_monitor::mempool_monitor[0m[2m:[0m 📨 Processing new pending transaction: 0xb98925ccd4f37aecf29291725695ce0e280d160d7676f027aac89e4454125ced
[2m2025-12-10T10:09:33.636731Z[0m [34mDEBUG[0m [2methereum_transaction_pool_monitor::mempool_monitor[0m[2m:[0m 🔍 Fetching transaction details for: 0xb98925ccd4f37aecf29291725695ce0e280d160d7676f027aac89e4454125ced
[2m2025-12-10T10:09:33.636735Z[0m [34mDEBUG[0m [2methereum_transaction_pool_monitor::eth_client[0m[2m:[0m 🔍 Fetching transaction details for hash: 0xb98925ccd4f37aecf29291725695ce0e280d160d7676f027aac89e4454125ced
[2m2025-12-10T10:09:33.636744Z[0m [34mDEBUG[0m [2mhyper::client::pool[0m[2m:[0m reuse idle connection for ("http", 192.168.0.14:8545)
[2m2025-12-10T10:09:33.636758Z[0m [34mDEBUG[0m [2mhyper::proto::h1::io[0m[2m:[0m flushed 250 bytes
[2m2025-12-10T10:09:33.640834Z[0m [34mDEBUG[0m [2mhyper::proto::h1::io[0m[2m:[0m parsed 4 headers
[2m2025-12-10T10:09:33.640844Z[0m [34mDEBUG[0m [2mhyper::proto::h1::conn[0m[2m:[0m incoming body is content-length (539 bytes)
[2m2025-12-10T10:09:33.640851Z[0m [34mDEBUG[0m [2mhyper::proto::h1::conn[0m[2m:[0m incoming body completed
[2m2025-12-10T10:09:33.640861Z[0m [34mDEBUG[0m [2mhyper::client::pool[0m[2m:[0m pooling idle connection for ("http", 192.168.0.14:8545)
[2m2025-12-10T10:09:33.640867Z[0m [34mDEBUG[0m [2methereum_transaction_pool_monitor::eth_client[0m[2m:[0m 📡 Transaction fetch RPC completed in 4.128792ms
[2m2025-12-10T10:09:33.713688Z[0m [34mDEBUG[0m [2methereum_transaction_pool_monitor::eth_client[0m[2m:[0m ✅ Transaction 0xb98925ccd4f37aecf29291725695ce0e280d160d7676f027aac89e4454125ced fetched and parsed in 76.946333ms
[2m2025-12-10T10:09:33.713714Z[0m [34mDEBUG[0m [2methereum_transaction_pool_monitor::mempool_monitor[0m[2m:[0m 🔍 Skipping tx 0xb98925ccd4f37aecf29291725695ce0e280d160d7676f027aac89e4454125ced - not a DEX interaction (target: 0xb021c812e51eC620E643C5667bA7Ed457F120b40)
[2m2025-12-10T10:09:33.713725Z[0m [34mDEBUG[0m [2methereum_transaction_pool_monitor::mempool_monitor[0m[2m:[0m 📨 Processing new pending transaction: 0x7ff01052ce162e40f865b411d62eeb9a8f34a99bf4365f9564b4ffd07a6ca231
[2m2025-12-10T10:09:33.713732Z[0m [34mDEBUG[0m [2methereum_transaction_pool_monitor::mempool_monitor[0m[2m:[0m 🔍 Fetching transaction details for: 0x7ff01052ce162e40f865b411d62eeb9a8f34a99bf4365f9564b4ffd07a6ca231
[2m2025-12-10T10:09:33.713739Z[0m [34mDEBUG[0m [2methereum_transaction_pool_monitor::eth_client[0m[2m:[0m 🔍 Fetching transaction details for hash: 0x7ff01052ce162e40f865b411d62eeb9a8f34a99bf4365f9564b4ffd07a6ca231
[2m2025-12-10T10:09:33.713763Z[0m [34mDEBUG[0m [2mhyper::client::pool[0m[2m:[0m reuse idle connection for ("http", 192.168.0.14:8545)
[2m2025-12-10T10:09:33.713818Z[0m [34mDEBUG[0m [2mhyper::proto::h1::io[0m[2m:[0m flushed 250 bytes
[2m2025-12-10T10:09:33.713847Z[0m [34mDEBUG[0m [2mhyper::client::pool[0m[2m:[0m reuse idle connection for ("http", 192.168.0.14:8545)
[2m2025-12-10T10:09:33.713861Z[0m [34mDEBUG[0m [2mhyper::proto::h1::io[0m[2m:[0m flushed 172 bytes
[2m2025-12-10T10:09:33.713872Z[0m [34mDEBUG[0m [2methereum_transaction_pool_monitor::eth_client[0m[2m:[0m 📨 Received WebSocket message: {"jsonrpc":"2.0","method":"eth_subscription","params":{"subscription":"0xbed0a0851463e895960a451075a301a9","result":"0x602cdfedc91a6515139b118a3f9ca422dec3135d20937c09ef48ba48ce7b4067"}}
[2m2025-12-10T10:09:33.713881Z[0m [34mDEBUG[0m [2methereum_transaction_pool_monitor::eth_client[0m[2m:[0m 📨 Received pending transaction: 0x602cdfedc91a6515139b118a3f9ca422dec3135d20937c09ef48ba48ce7b4067
[2m2025-12-10T10:09:33.713889Z[0m [34mDEBUG[0m [2methereum_transaction_pool_monitor::eth_client[0m[2m:[0m 📨 Received WebSocket message: {"jsonrpc":"2.0","method":"eth_subscription","params":{"subscription":"0xbed0a0851463e895960a451075a301a9","result":"0xa151430d63fbc793499872c678cf1e990dea347438caf5ac2bb738378d7b2456"}}
[2m2025-12-10T10:09:33.713896Z[0m [34mDEBUG[0m [2methereum_transaction_pool_monitor::eth_client[0m[2m:[0m 📨 Received pending transaction: 0xa151430d63fbc793499872c678cf1e990dea347438caf5ac2bb738378d7b2456
[2m2025-12-10T10:09:33.713901Z[0m [34mDEBUG[0m [2methereum_transaction_pool_monitor::eth_client[0m[2m:[0m 📨 Received WebSocket message: {"jsonrpc":"2.0","method":"eth_subscription","params":{"subscription":"0xbed0a0851463e895960a451075a301a9","result":"0xcd3e948b4dec1c73db802ca8b139e854fb762726c3c747ac9013b007b732a5cd"}}
[2m2025-12-10T10:09:33.713906Z[0m [34mDEBUG[0m [2methereum_transaction_pool_monitor::eth_client[0m[2m:[0m 📨 Received pending transaction: 0xcd3e948b4dec1c73db802ca8b139e854fb762726c3c747ac9013b007b732a5cd
[2m2025-12-10T10:09:33.722720Z[0m [34mDEBUG[0m [2mhyper::proto::h1::io[0m[2m:[0m parsed 4 headers
[2m2025-12-10T10:09:33.722738Z[0m [34mDEBUG[0m [2mhyper::proto::h1::conn[0m[2m:[0m incoming body is content-length (674 bytes)
[2m2025-12-10T10:09:33.722751Z[0m [34mDEBUG[0m [2mhyper::proto::h1::conn[0m[2m:[0m incoming body completed
[2m2025-12-10T10:09:33.722768Z[0m [34mDEBUG[0m [2mhyper::client::pool[0m[2m:[0m pooling idle connection for ("http", 192.168.0.14:8545)
[2m2025-12-10T10:09:33.722778Z[0m [34mDEBUG[0m [2methereum_transaction_pool_monitor::eth_client[0m[2m:[0m 📡 Transaction fetch RPC completed in 9.035292ms
[2m2025-12-10T10:09:33.722794Z[0m [34mDEBUG[0m [2methereum_transaction_pool_monitor::eth_client[0m[2m:[0m DeFi transaction detected - Address: 0xdac17f958d2ee523a2206206994597c13d831ec7, Type: Stablecoin, Value: 0 ETH, Gas: 0.22 Gwei
[2m2025-12-10T10:09:33.722808Z[0m [34mDEBUG[0m [2methereum_transaction_pool_monitor::eth_client[0m[2m:[0m ✅ Transaction 0x7ff01052ce162e40f865b411d62eeb9a8f34a99bf4365f9564b4ffd07a6ca231 fetched and parsed in 9.06525ms
[2m2025-12-10T10:09:33.722816Z[0m [34mDEBUG[0m [2methereum_transaction_pool_monitor::mempool_monitor[0m[2m:[0m 🔍 Skipping tx 0x7ff01052ce162e40f865b411d62eeb9a8f34a99bf4365f9564b4ffd07a6ca231 - not a DEX interaction (target: 0xdAC17F958D2ee523a2206206994597C13D831ec7)
[2m2025-12-10T10:09:33.722823Z[0m [34mDEBUG[0m [2methereum_transaction_pool_monitor::mempool_monitor[0m[2m:[0m 📨 Processing new pending transaction: 0x2ff180d23362ee6acecae5e0551ab0644d546fc0bebf66d0c40e96f53f308377
[2m2025-12-10T10:09:33.722828Z[0m [34mDEBUG[0m [2methereum_transaction_pool_monitor::mempool_monitor[0m[2m:[0m 🔍 Fetching transaction details for: 0x2ff180d23362ee6acecae5e0551ab0644d546fc0bebf66d0c40e96f53f308377
[2m2025-12-10T10:09:33.722832Z[0m [34mDEBUG[0m [2methereum_transaction_pool_monitor::eth_client[0m[2m:[0m 🔍 Fetching transaction details for hash: 0x2ff180d23362ee6acecae5e0551ab0644d546fc0bebf66d0c40e96f53f308377
[2m2025-12-10T10:09:33.722848Z[0m [34mDEBUG[0m [2mhyper::client::pool[0m[2m:[0m reuse idle connection for ("http", 192.168.0.14:8545)
[2m2025-12-10T10:09:33.722867Z[0m [34mDEBUG[0m [2mhyper::proto::h1::io[0m[2m:[0m flushed 250 bytes
[2m2025-12-10T10:09:33.722880Z[0m [34mDEBUG[0m [2mhyper::proto::h1::io[0m[2m:[0m parsed 4 headers
[2m2025-12-10T10:09:33.722884Z[0m [34mDEBUG[0m [2mhyper::proto::h1::conn[0m[2m:[0m incoming body is content-length (45 bytes)
[2m2025-12-10T10:09:33.722888Z[0m [34mDEBUG[0m [2mhyper::proto::h1::conn[0m[2m:[0m incoming body completed
[2m2025-12-10T10:09:33.722894Z[0m [34mDEBUG[0m [2mhyper::client::pool[0m[2m:[0m pooling idle connection for ("http", 192.168.0.14:8545)
[2m2025-12-10T10:09:33.727855Z[0m [34mDEBUG[0m [2mhyper::proto::h1::io[0m[2m:[0m parsed 4 headers
[2m2025-12-10T10:09:33.727866Z[0m [34mDEBUG[0m [2mhyper::proto::h1::conn[0m[2m:[0m incoming body is content-length (771 bytes)
[2m2025-12-10T10:09:33.727874Z[0m [34mDEBUG[0m [2mhyper::proto::h1::conn[0m[2m:[0m incoming body completed
[2m2025-12-10T10:09:33.727883Z[0m [34mDEBUG[0m [2mhyper::client::pool[0m[2m:[0m pooling idle connection for ("http", 192.168.0.14:8545)
[2m2025-12-10T10:09:33.727890Z[0m [34mDEBUG[0m [2methereum_transaction_pool_monitor::eth_client[0m[2m:[0m 📡 Transaction fetch RPC completed in 5.054209ms
[2m2025-12-10T10:09:33.805745Z[0m [34mDEBUG[0m [2methereum_transaction_pool_monitor::eth_client[0m[2m:[0m ✅ Transaction 0x2ff180d23362ee6acecae5e0551ab0644d546fc0bebf66d0c40e96f53f308377 fetched and parsed in 82.905334ms
[2m2025-12-10T10:09:33.809450Z[0m [34mDEBUG[0m [2methereum_transaction_pool_monitor::mempool_monitor[0m[2m:[0m 🔍 Skipping tx 0x2ff180d23362ee6acecae5e0551ab0644d546fc0bebf66d0c40e96f53f308377 - not a DEX interaction (target: 0xB8f28C60dD8240141185a192fa4156A23E189305)
[2m2025-12-10T10:09:33.809462Z[0m [34mDEBUG[0m [2methereum_transaction_pool_monitor::mempool_monitor[0m[2m:[0m 📨 Processing new pending transaction: 0x85aa98d6b4774ab47205c02cb92a532842cfb4a549519b6e5b6beb0d58bcd88d
[2m2025-12-10T10:09:33.809469Z[0m [34mDEBUG[0m [2methereum_transaction_pool_monitor::mempool_monitor[0m[2m:[0m 🔍 Fetching transaction details for: 0x85aa98d6b4774ab47205c02cb92a532842cfb4a549519b6e5b6beb0d58bcd88d
[2m2025-12-10T10:09:33.809473Z[0m [34mDEBUG[0m [2methereum_transaction_pool_monitor::eth_client[0m[2m:[0m 🔍 Fetching transaction details for hash: 0x85aa98d6b4774ab47205c02cb92a532842cfb4a549519b6e5b6beb0d58bcd88d
[2m2025-12-10T10:09:33.809524Z[0m [34mDEBUG[0m [2mhyper::client::pool[0m[2m:[0m reuse idle connection for ("http", 192.168.0.14:8545)
[2m2025-12-10T10:09:33.809575Z[0m [34mDEBUG[0m [2mhyper::proto::h1::io[0m[2m:[0m flushed 250 bytes
[2m2025-12-10T10:09:33.809597Z[0m [34mDEBUG[0m [2mhyper::client::pool[0m[2m:[0m reuse idle connection for ("http", 192.168.0.14:8545)
[2m2025-12-10T10:09:33.809601Z[0m [34mDEBUG[0m [2methereum_transaction_pool_monitor::eth_client[0m[2m:[0m 📨 Received WebSocket message: {"jsonrpc":"2.0","method":"eth_subscription","params":{"subscription":"0xbed0a0851463e895960a451075a301a9","result":"0x1b9bb754537004bef1516080ca068477d071e763989e104b0566925e24604f0c"}}
[2m2025-12-10T10:09:33.809611Z[0m [34mDEBUG[0m [2methereum_transaction_pool_monitor::eth_client[0m[2m:[0m 📨 Received pending transaction: 0x1b9bb754537004bef1516080ca068477d071e763989e104b0566925e24604f0c
[2m2025-12-10T10:09:33.809627Z[0m [34mDEBUG[0m [2mhyper::proto::h1::io[0m[2m:[0m flushed 172 bytes
[2m2025-12-10T10:09:33.813682Z[0m [34mDEBUG[0m [2mhyper::proto::h1::io[0m[2m:[0m parsed 4 headers
[2m2025-12-10T10:09:33.813724Z[0m [34mDEBUG[0m [2mhyper::proto::h1::conn[0m[2m:[0m incoming body is content-length (674 bytes)
[2m2025-12-10T10:09:33.813741Z[0m [34mDEBUG[0m [2mhyper::proto::h1::conn[0m[2m:[0m incoming body completed
[2m2025-12-10T10:09:33.813763Z[0m [34mDEBUG[0m [2mhyper::client::pool[0m[2m:[0m pooling idle connection for ("http", 192.168.0.14:8545)
[2m2025-12-10T10:09:33.813780Z[0m [34mDEBUG[0m [2methereum_transaction_pool_monitor::eth_client[0m[2m:[0m 📡 Transaction fetch RPC completed in 4.302083ms
[2m2025-12-10T10:09:33.892877Z[0m [34mDEBUG[0m [2methereum_transaction_pool_monitor::eth_client[0m[2m:[0m ✅ Transaction 0x85aa98d6b4774ab47205c02cb92a532842cfb4a549519b6e5b6beb0d58bcd88d fetched and parsed in 83.395958ms
[2m2025-12-10T10:09:33.892901Z[0m [34mDEBUG[0m [2methereum_transaction_pool_monitor::mempool_monitor[0m[2m:[0m 🔍 Skipping tx 0x85aa98d6b4774ab47205c02cb92a532842cfb4a549519b6e5b6beb0d58bcd88d - not a DEX interaction (target: 0xA0b86991c6218b36c1d19D4a2e9Eb0cE3606eB48)
[2m2025-12-10T10:09:33.892910Z[0m [34mDEBUG[0m [2methereum_transaction_pool_monitor::mempool_monitor[0m[2m:[0m 📨 Processing new pending transaction: 0x4b14624b6d31ba47f665d378087d17600a1b080e26ab7d602f64e66d060276af
[2m2025-12-10T10:09:33.892915Z[0m [34mDEBUG[0m [2methereum_transaction_pool_monitor::mempool_monitor[0m[2m:[0m 🔍 Fetching transaction details for: 0x4b14624b6d31ba47f665d378087d17600a1b080e26ab7d602f64e66d060276af
[2m2025-12-10T10:09:33.892920Z[0m [34mDEBUG[0m [2methereum_transaction_pool_monitor::eth_client[0m[2m:[0m 🔍 Fetching transaction details for hash: 0x4b14624b6d31ba47f665d378087d17600a1b080e26ab7d602f64e66d060276af
[2m2025-12-10T10:09:33.892942Z[0m [34mDEBUG[0m [2mhyper::client::pool[0m[2m:[0m reuse idle connection for ("http", 192.168.0.14:8545)
[2m2025-12-10T10:09:33.892991Z[0m [34mDEBUG[0m [2mhyper::proto::h1::io[0m[2m:[0m flushed 250 bytes
[2m2025-12-10T10:09:33.893012Z[0m [34mDEBUG[0m [2methereum_transaction_pool_monitor::eth_client[0m[2m:[0m 📨 Received WebSocket message: {"jsonrpc":"2.0","method":"eth_subscription","params":{"subscription":"0xbed0a0851463e895960a451075a301a9","result":"0xd59b646acc8557fdc677e0c858a9c550c68fc7a19bab39e51f719ed09075cc43"}}
[2m2025-12-10T10:09:33.893021Z[0m [34mDEBUG[0m [2methereum_transaction_pool_monitor::eth_client[0m[2m:[0m 📨 Received pending transaction: 0xd59b646acc8557fdc677e0c858a9c550c68fc7a19bab39e51f719ed09075cc43
[2m2025-12-10T10:09:33.893041Z[0m [34mDEBUG[0m [2mhyper::proto::h1::io[0m[2m:[0m parsed 4 headers
[2m2025-12-10T10:09:33.893046Z[0m [34mDEBUG[0m [2mhyper::proto::h1::conn[0m[2m:[0m incoming body is content-length (45 bytes)
[2m2025-12-10T10:09:33.893053Z[0m [34mDEBUG[0m [2mhyper::proto::h1::conn[0m[2m:[0m incoming body completed
[2m2025-12-10T10:09:33.893062Z[0m [34mDEBUG[0m [2mhyper::client::pool[0m[2m:[0m pooling idle connection for ("http", 192.168.0.14:8545)
[2m2025-12-10T10:09:33.896515Z[0m [34mDEBUG[0m [2mhyper::client::pool[0m[2m:[0m reuse idle connection for ("http", 192.168.0.14:8545)
[2m2025-12-10T10:09:33.896608Z[0m [34mDEBUG[0m [2mhyper::proto::h1::io[0m[2m:[0m flushed 172 bytes
[2m2025-12-10T10:09:33.897094Z[0m [34mDEBUG[0m [2mhyper::proto::h1::io[0m[2m:[0m parsed 4 headers
[2m2025-12-10T10:09:33.897114Z[0m [34mDEBUG[0m [2mhyper::proto::h1::conn[0m[2m:[0m incoming body is content-length (674 bytes)
[2m2025-12-10T10:09:33.897123Z[0m [34mDEBUG[0m [2mhyper::proto::h1::conn[0m[2m:[0m incoming body completed
[2m2025-12-10T10:09:33.897135Z[0m [34mDEBUG[0m [2mhyper::client::pool[0m[2m:[0m pooling idle connection for ("http", 192.168.0.14:8545)
[2m2025-12-10T10:09:33.897144Z[0m [34mDEBUG[0m [2methereum_transaction_pool_monitor::eth_client[0m[2m:[0m 📡 Transaction fetch RPC completed in 4.219625ms
[2m2025-12-10T10:09:33.897162Z[0m [34mDEBUG[0m [2methereum_transaction_pool_monitor::eth_client[0m[2m:[0m DeFi transaction detected - Address: 0xdac17f958d2ee523a2206206994597c13d831ec7, Type: Stablecoin, Value: 0 ETH, Gas: 0.22 Gwei
[2m2025-12-10T10:09:33.897177Z[0m [34mDEBUG[0m [2methereum_transaction_pool_monitor::eth_client[0m[2m:[0m ✅ Transaction 0x4b14624b6d31ba47f665d378087d17600a1b080e26ab7d602f64e66d060276af fetched and parsed in 4.252208ms
[2m2025-12-10T10:09:33.897183Z[0m [34mDEBUG[0m [2methereum_transaction_pool_monitor::mempool_monitor[0m[2m:[0m 🔍 Skipping tx 0x4b14624b6d31ba47f665d378087d17600a1b080e26ab7d602f64e66d060276af - not a DEX interaction (target: 0xdAC17F958D2ee523a2206206994597C13D831ec7)
[2m2025-12-10T10:09:33.897193Z[0m [34mDEBUG[0m [2methereum_transaction_pool_monitor::mempool_monitor[0m[2m:[0m 📨 Processing new pending transaction: 0x8a0cb95d208eb84e419c850b48471ebfa1cbedba1fedb1eabfddfca78436d6f3
[2m2025-12-10T10:09:33.897198Z[0m [34mDEBUG[0m [2methereum_transaction_pool_monitor::mempool_monitor[0m[2m:[0m 🔍 Fetching transaction details for: 0x8a0cb95d208eb84e419c850b48471ebfa1cbedba1fedb1eabfddfca78436d6f3
[2m2025-12-10T10:09:33.897202Z[0m [34mDEBUG[0m [2methereum_transaction_pool_monitor::eth_client[0m[2m:[0m 🔍 Fetching transaction details for hash: 0x8a0cb95d208eb84e419c850b48471ebfa1cbedba1fedb1eabfddfca78436d6f3
[2m2025-12-10T10:09:33.897218Z[0m [34mDEBUG[0m [2mhyper::client::pool[0m[2m:[0m reuse idle connection for ("http", 192.168.0.14:8545)
[2m2025-12-10T10:09:33.897250Z[0m [34mDEBUG[0m [2mhyper::proto::h1::io[0m[2m:[0m flushed 250 bytes
[2m2025-12-10T10:09:33.902249Z[0m [34mDEBUG[0m [2mhyper::proto::h1::io[0m[2m:[0m parsed 4 headers
[2m2025-12-10T10:09:33.902274Z[0m [34mDEBUG[0m [2mhyper::proto::h1::conn[0m[2m:[0m incoming body is content-length (45 bytes)
[2m2025-12-10T10:09:33.902285Z[0m [34mDEBUG[0m [2mhyper::proto::h1::conn[0m[2m:[0m incoming body completed
[2m2025-12-10T10:09:33.902298Z[0m [34mDEBUG[0m [2mhyper::client::pool[0m[2m:[0m pooling idle connection for ("http", 192.168.0.14:8545)
[2m2025-12-10T10:09:33.902882Z[0m [34mDEBUG[0m [2mhyper::proto::h1::io[0m[2m:[0m parsed 4 headers
[2m2025-12-10T10:09:33.902935Z[0m [34mDEBUG[0m [2mhyper::proto::h1::conn[0m[2m:[0m incoming body is content-length (674 bytes)
[2m2025-12-10T10:09:33.902962Z[0m [34mDEBUG[0m [2mhyper::proto::h1::conn[0m[2m:[0m incoming body completed
[2m2025-12-10T10:09:33.902987Z[0m [34mDEBUG[0m [2mhyper::client::pool[0m[2m:[0m pooling idle connection for ("http", 192.168.0.14:8545)
[2m2025-12-10T10:09:33.903007Z[0m [34mDEBUG[0m [2methereum_transaction_pool_monitor::eth_client[0m[2m:[0m 📡 Transaction fetch RPC completed in 5.800458ms
[2m2025-12-10T10:09:33.903047Z[0m [34mDEBUG[0m [2methereum_transaction_pool_monitor::eth_client[0m[2m:[0m DeFi transaction detected - Address: 0xdac17f958d2ee523a2206206994597c13d831ec7, Type: Stablecoin, Value: 0 ETH, Gas: 0.22 Gwei
[2m2025-12-10T10:09:33.903092Z[0m [34mDEBUG[0m [2methereum_transaction_pool_monitor::eth_client[0m[2m:[0m ✅ Transaction 0x8a0cb95d208eb84e419c850b48471ebfa1cbedba1fedb1eabfddfca78436d6f3 fetched and parsed in 5.885167ms
[2m2025-12-10T10:09:33.903111Z[0m [34mDEBUG[0m [2methereum_transaction_pool_monitor::mempool_monitor[0m[2m:[0m 🔍 Skipping tx 0x8a0cb95d208eb84e419c850b48471ebfa1cbedba1fedb1eabfddfca78436d6f3 - not a DEX interaction (target: 0xdAC17F958D2ee523a2206206994597C13D831ec7)
[2m2025-12-10T10:09:33.903122Z[0m [34mDEBUG[0m [2methereum_transaction_pool_monitor::mempool_monitor[0m[2m:[0m 📨 Processing new pending transaction: 0x1a654cd2fb6b934426a9f2c37ea18eb2b24350f8055735dbcc2d993b846a775b
[2m2025-12-10T10:09:33.903127Z[0m [34mDEBUG[0m [2methereum_transaction_pool_monitor::mempool_monitor[0m[2m:[0m 🔍 Fetching transaction details for: 0x1a654cd2fb6b934426a9f2c37ea18eb2b24350f8055735dbcc2d993b846a775b
[2m2025-12-10T10:09:33.903132Z[0m [34mDEBUG[0m [2methereum_transaction_pool_monitor::eth_client[0m[2m:[0m 🔍 Fetching transaction details for hash: 0x1a654cd2fb6b934426a9f2c37ea18eb2b24350f8055735dbcc2d993b846a775b
[2m2025-12-10T10:09:33.903152Z[0m [34mDEBUG[0m [2mhyper::client::pool[0m[2m:[0m reuse idle connection for ("http", 192.168.0.14:8545)
[2m2025-12-10T10:09:33.903184Z[0m [34mDEBUG[0m [2mhyper::proto::h1::io[0m[2m:[0m flushed 250 bytes
[2m2025-12-10T10:09:33.907733Z[0m [34mDEBUG[0m [2mhyper::proto::h1::io[0m[2m:[0m parsed 4 headers
[2m2025-12-10T10:09:33.907746Z[0m [34mDEBUG[0m [2mhyper::proto::h1::conn[0m[2m:[0m incoming body is content-length (674 bytes)
[2m2025-12-10T10:09:33.907755Z[0m [34mDEBUG[0m [2mhyper::proto::h1::conn[0m[2m:[0m incoming body completed
[2m2025-12-10T10:09:33.907766Z[0m [34mDEBUG[0m [2mhyper::client::pool[0m[2m:[0m pooling idle connection for ("http", 192.168.0.14:8545)
[2m2025-12-10T10:09:33.907774Z[0m [34mDEBUG[0m [2methereum_transaction_pool_monitor::eth_client[0m[2m:[0m 📡 Transaction fetch RPC completed in 4.637958ms
[2m2025-12-10T10:09:33.907791Z[0m [34mDEBUG[0m [2methereum_transaction_pool_monitor::eth_client[0m[2m:[0m DeFi transaction detected - Address: 0xdac17f958d2ee523a2206206994597c13d831ec7, Type: Stablecoin, Value: 0 ETH, Gas: 0.22 Gwei
[2m2025-12-10T10:09:33.907803Z[0m [34mDEBUG[0m [2methereum_transaction_pool_monitor::eth_client[0m[2m:[0m ✅ Transaction 0x1a654cd2fb6b934426a9f2c37ea18eb2b24350f8055735dbcc2d993b846a775b fetched and parsed in 4.667ms
[2m2025-12-10T10:09:33.907810Z[0m [34mDEBUG[0m [2methereum_transaction_pool_monitor::mempool_monitor[0m[2m:[0m 🔍 Skipping tx 0x1a654cd2fb6b934426a9f2c37ea18eb2b24350f8055735dbcc2d993b846a775b - not a DEX interaction (target: 0xdAC17F958D2ee523a2206206994597C13D831ec7)
[2m2025-12-10T10:09:33.907819Z[0m [34mDEBUG[0m [2methereum_transaction_pool_monitor::mempool_monitor[0m[2m:[0m 📨 Processing new pending transaction: 0x1586f3d33e7b4daad28c74495ca09b96b122e7009962a6e939d5f6c3e3c0a390
[2m2025-12-10T10:09:33.907823Z[0m [34mDEBUG[0m [2methereum_transaction_pool_monitor::mempool_monitor[0m[2m:[0m 🔍 Fetching transaction details for: 0x1586f3d33e7b4daad28c74495ca09b96b122e7009962a6e939d5f6c3e3c0a390
[2m2025-12-10T10:09:33.907827Z[0m [34mDEBUG[0m [2methereum_transaction_pool_monitor::eth_client[0m[2m:[0m 🔍 Fetching transaction details for hash: 0x1586f3d33e7b4daad28c74495ca09b96b122e7009962a6e939d5f6c3e3c0a390
[2m2025-12-10T10:09:33.907845Z[0m [34mDEBUG[0m [2mhyper::client::pool[0m[2m:[0m reuse idle connection for ("http", 192.168.0.14:8545)
[2m2025-12-10T10:09:33.907872Z[0m [34mDEBUG[0m [2mhyper::proto::h1::io[0m[2m:[0m flushed 250 bytes
[2m2025-12-10T10:09:33.911885Z[0m [34mDEBUG[0m [2mhyper::proto::h1::io[0m[2m:[0m parsed 4 headers
[2m2025-12-10T10:09:33.911901Z[0m [34mDEBUG[0m [2mhyper::proto::h1::conn[0m[2m:[0m incoming body is content-length (770 bytes)
[2m2025-12-10T10:09:33.911908Z[0m [34mDEBUG[0m [2mhyper::proto::h1::conn[0m[2m:[0m incoming body completed
[2m2025-12-10T10:09:33.911918Z[0m [34mDEBUG[0m [2mhyper::client::pool[0m[2m:[0m pooling idle connection for ("http", 192.168.0.14:8545)
[2m2025-12-10T10:09:33.911925Z[0m [34mDEBUG[0m [2methereum_transaction_pool_monitor::eth_client[0m[2m:[0m 📡 Transaction fetch RPC completed in 4.093791ms
[2m2025-12-10T10:09:33.911940Z[0m [34mDEBUG[0m [2methereum_transaction_pool_monitor::eth_client[0m[2m:[0m DeFi transaction detected - Address: 0x6b175474e89094c44da98b954eedeac495271d0f, Type: Stablecoin, Value: 0 ETH, Gas: 0.32 Gwei
[2m2025-12-10T10:09:33.911953Z[0m [34mDEBUG[0m [2methereum_transaction_pool_monitor::eth_client[0m[2m:[0m ✅ Transaction 0x1586f3d33e7b4daad28c74495ca09b96b122e7009962a6e939d5f6c3e3c0a390 fetched and parsed in 4.121291ms
[2m2025-12-10T10:09:33.911960Z[0m [34mDEBUG[0m [2methereum_transaction_pool_monitor::mempool_monitor[0m[2m:[0m 🔍 Skipping tx 0x1586f3d33e7b4daad28c74495ca09b96b122e7009962a6e939d5f6c3e3c0a390 - not a DEX interaction (target: 0x6B175474E89094C44Da98b954EedeAC495271d0F)
[2m2025-12-10T10:09:33.911968Z[0m [34mDEBUG[0m [2methereum_transaction_pool_monitor::mempool_monitor[0m[2m:[0m 📨 Processing new pending transaction: 0x115ef131d15899f9c0caf0e47101f7d265116d34f8a1d7e6d087ec28129fcd93
[2m2025-12-10T10:09:33.911973Z[0m [34mDEBUG[0m [2methereum_transaction_pool_monitor::mempool_monitor[0m[2m:[0m 🔍 Fetching transaction details for: 0x115ef131d15899f9c0caf0e47101f7d265116d34f8a1d7e6d087ec28129fcd93
[2m2025-12-10T10:09:33.911977Z[0m [34mDEBUG[0m [2methereum_transaction_pool_monitor::eth_client[0m[2m:[0m 🔍 Fetching transaction details for hash: 0x115ef131d15899f9c0caf0e47101f7d265116d34f8a1d7e6d087ec28129fcd93
[2m2025-12-10T10:09:33.911992Z[0m [34mDEBUG[0m [2mhyper::client::pool[0m[2m:[0m reuse idle connection for ("http", 192.168.0.14:8545)
[2m2025-12-10T10:09:33.912026Z[0m [34mDEBUG[0m [2mhyper::proto::h1::io[0m[2m:[0m flushed 250 bytes
[2m2025-12-10T10:09:33.916708Z[0m [34mDEBUG[0m [2mhyper::proto::h1::io[0m[2m:[0m parsed 4 headers
[2m2025-12-10T10:09:33.916727Z[0m [34mDEBUG[0m [2mhyper::proto::h1::conn[0m[2m:[0m incoming body is content-length (674 bytes)
[2m2025-12-10T10:09:33.916736Z[0m [34mDEBUG[0m [2mhyper::proto::h1::conn[0m[2m:[0m incoming body completed
[2m2025-12-10T10:09:33.916749Z[0m [34mDEBUG[0m [2mhyper::client::pool[0m[2m:[0m pooling idle connection for ("http", 192.168.0.14:8545)
[2m2025-12-10T10:09:33.916758Z[0m [34mDEBUG[0m [2methereum_transaction_pool_monitor::eth_client[0m[2m:[0m 📡 Transaction fetch RPC completed in 4.776708ms
[2m2025-12-10T10:09:33.916774Z[0m [34mDEBUG[0m [2methereum_transaction_pool_monitor::eth_client[0m[2m:[0m DeFi transaction detected - Address: 0xdac17f958d2ee523a2206206994597c13d831ec7, Type: Stablecoin, Value: 0 ETH, Gas: 0.22 Gwei
[2m2025-12-10T10:09:33.916786Z[0m [34mDEBUG[0m [2methereum_transaction_pool_monitor::eth_client[0m[2m:[0m ✅ Transaction 0x115ef131d15899f9c0caf0e47101f7d265116d34f8a1d7e6d087ec28129fcd93 fetched and parsed in 4.804833ms
[2m2025-12-10T10:09:33.916793Z[0m [34mDEBUG[0m [2methereum_transaction_pool_monitor::mempool_monitor[0m[2m:[0m 🔍 Skipping tx 0x115ef131d15899f9c0caf0e47101f7d265116d34f8a1d7e6d087ec28129fcd93 - not a DEX interaction (target: 0xdAC17F958D2ee523a2206206994597C13D831ec7)
[2m2025-12-10T10:09:33.916800Z[0m [34mDEBUG[0m [2methereum_transaction_pool_monitor::mempool_monitor[0m[2m:[0m 📨 Processing new pending transaction: 0x97e303593f83bf8d0353ec16b056d5432798057b67628e4a8b6f566cfd7b4e04
[2m2025-12-10T10:09:33.916805Z[0m [34mDEBUG[0m [2methereum_transaction_pool_monitor::mempool_monitor[0m[2m:[0m 🔍 Fetching transaction details for: 0x97e303593f83bf8d0353ec16b056d5432798057b67628e4a8b6f566cfd7b4e04
[2m2025-12-10T10:09:33.916809Z[0m [34mDEBUG[0m [2methereum_transaction_pool_monitor::eth_client[0m[2m:[0m 🔍 Fetching transaction details for hash: 0x97e303593f83bf8d0353ec16b056d5432798057b67628e4a8b6f566cfd7b4e04
[2m2025-12-10T10:09:33.916824Z[0m [34mDEBUG[0m [2mhyper::client::pool[0m[2m:[0m reuse idle connection for ("http", 192.168.0.14:8545)
[2m2025-12-10T10:09:33.916860Z[0m [34mDEBUG[0m [2mhyper::proto::h1::io[0m[2m:[0m flushed 250 bytes
[2m2025-12-10T10:09:33.920694Z[0m [34mDEBUG[0m [2mhyper::proto::h1::io[0m[2m:[0m parsed 4 headers
[2m2025-12-10T10:09:33.920713Z[0m [34mDEBUG[0m [2mhyper::proto::h1::conn[0m[2m:[0m incoming body is content-length (674 bytes)
[2m2025-12-10T10:09:33.920723Z[0m [34mDEBUG[0m [2mhyper::proto::h1::conn[0m[2m:[0m incoming body completed
[2m2025-12-10T10:09:33.920746Z[0m [34mDEBUG[0m [2mhyper::client::pool[0m[2m:[0m pooling idle connection for ("http", 192.168.0.14:8545)
[2m2025-12-10T10:09:33.920759Z[0m [34mDEBUG[0m [2methereum_transaction_pool_monitor::eth_client[0m[2m:[0m 📡 Transaction fetch RPC completed in 3.945625ms
[2m2025-12-10T10:09:33.920785Z[0m [34mDEBUG[0m [2methereum_transaction_pool_monitor::eth_client[0m[2m:[0m DeFi transaction detected - Address: 0xdac17f958d2ee523a2206206994597c13d831ec7, Type: Stablecoin, Value: 0 ETH, Gas: 0.22 Gwei
[2m2025-12-10T10:09:33.920797Z[0m [34mDEBUG[0m [2methereum_transaction_pool_monitor::eth_client[0m[2m:[0m ✅ Transaction 0x97e303593f83bf8d0353ec16b056d5432798057b67628e4a8b6f566cfd7b4e04 fetched and parsed in 3.984125ms
[2m2025-12-10T10:09:33.920808Z[0m [34mDEBUG[0m [2methereum_transaction_pool_monitor::mempool_monitor[0m[2m:[0m 🔍 Skipping tx 0x97e303593f83bf8d0353ec16b056d5432798057b67628e4a8b6f566cfd7b4e04 - not a DEX interaction (target: 0xdAC17F958D2ee523a2206206994597C13D831ec7)
[2m2025-12-10T10:09:33.920823Z[0m [34mDEBUG[0m [2methereum_transaction_pool_monitor::mempool_monitor[0m[2m:[0m 📨 Processing new pending transaction: 0x6d470a9dd4a8697412063220eb16352cbcdd9a5ea5b2587876994f6c8cf584ae
[2m2025-12-10T10:09:33.920828Z[0m [34mDEBUG[0m [2methereum_transaction_pool_monitor::mempool_monitor[0m[2m:[0m 🔍 Fetching transaction details for: 0x6d470a9dd4a8697412063220eb16352cbcdd9a5ea5b2587876994f6c8cf584ae
[2m2025-12-10T10:09:33.920832Z[0m [34mDEBUG[0m [2methereum_transaction_pool_monitor::eth_client[0m[2m:[0m 🔍 Fetching transaction details for hash: 0x6d470a9dd4a8697412063220eb16352cbcdd9a5ea5b2587876994f6c8cf584ae
[2m2025-12-10T10:09:33.920847Z[0m [34mDEBUG[0m [2mhyper::client::pool[0m[2m:[0m reuse idle connection for ("http", 192.168.0.14:8545)
[2m2025-12-10T10:09:33.920882Z[0m [34mDEBUG[0m [2mhyper::proto::h1::io[0m[2m:[0m flushed 250 bytes
[2m2025-12-10T10:09:33.925755Z[0m [34mDEBUG[0m [2mhyper::proto::h1::io[0m[2m:[0m parsed 4 headers
[2m2025-12-10T10:09:33.925776Z[0m [34mDEBUG[0m [2mhyper::proto::h1::conn[0m[2m:[0m incoming body is content-length (674 bytes)
[2m2025-12-10T10:09:33.925785Z[0m [34mDEBUG[0m [2mhyper::proto::h1::conn[0m[2m:[0m incoming body completed
[2m2025-12-10T10:09:33.925798Z[0m [34mDEBUG[0m [2mhyper::client::pool[0m[2m:[0m pooling idle connection for ("http", 192.168.0.14:8545)
[2m2025-12-10T10:09:33.925806Z[0m [34mDEBUG[0m [2methereum_transaction_pool_monitor::eth_client[0m[2m:[0m 📡 Transaction fetch RPC completed in 4.970334ms
[2m2025-12-10T10:09:33.925823Z[0m [34mDEBUG[0m [2methereum_transaction_pool_monitor::eth_client[0m[2m:[0m DeFi transaction detected - Address: 0xdac17f958d2ee523a2206206994597c13d831ec7, Type: Stablecoin, Value: 0 ETH, Gas: 0.22 Gwei
[2m2025-12-10T10:09:33.925837Z[0m [34mDEBUG[0m [2methereum_transaction_pool_monitor::eth_client[0m[2m:[0m ✅ Transaction 0x6d470a9dd4a8697412063220eb16352cbcdd9a5ea5b2587876994f6c8cf584ae fetched and parsed in 5.001167ms
[2m2025-12-10T10:09:33.925845Z[0m [34mDEBUG[0m [2methereum_transaction_pool_monitor::mempool_monitor[0m[2m:[0m 🔍 Skipping tx 0x6d470a9dd4a8697412063220eb16352cbcdd9a5ea5b2587876994f6c8cf584ae - not a DEX interaction (target: 0xdAC17F958D2ee523a2206206994597C13D831ec7)
[2m2025-12-10T10:09:33.925854Z[0m [34mDEBUG[0m [2methereum_transaction_pool_monitor::mempool_monitor[0m[2m:[0m 📨 Processing new pending transaction: 0xa3f3dd6cb00398d4436f8cf3ca6fc8a32e9c55d391dc007387b0fb05b8cb527b
[2m2025-12-10T10:09:33.925859Z[0m [34mDEBUG[0m [2methereum_transaction_pool_monitor::mempool_monitor[0m[2m:[0m 🔍 Fetching transaction details for: 0xa3f3dd6cb00398d4436f8cf3ca6fc8a32e9c55d391dc007387b0fb05b8cb527b
[2m2025-12-10T10:09:33.925864Z[0m [34mDEBUG[0m [2methereum_transaction_pool_monitor::eth_client[0m[2m:[0m 🔍 Fetching transaction details for hash: 0xa3f3dd6cb00398d4436f8cf3ca6fc8a32e9c55d391dc007387b0fb05b8cb527b
[2m2025-12-10T10:09:33.925881Z[0m [34mDEBUG[0m [2mhyper::client::pool[0m[2m:[0m reuse idle connection for ("http", 192.168.0.14:8545)
[2m2025-12-10T10:09:33.925922Z[0m [34mDEBUG[0m [2mhyper::proto::h1::io[0m[2m:[0m flushed 250 bytes
[2m2025-12-10T10:09:33.931169Z[0m [34mDEBUG[0m [2mhyper::proto::h1::io[0m[2m:[0m parsed 4 headers
[2m2025-12-10T10:09:33.931207Z[0m [34mDEBUG[0m [2mhyper::proto::h1::conn[0m[2m:[0m incoming body is content-length (644 bytes)
[2m2025-12-10T10:09:33.931223Z[0m [34mDEBUG[0m [2mhyper::proto::h1::conn[0m[2m:[0m incoming body completed
[2m2025-12-10T10:09:33.931243Z[0m [34mDEBUG[0m [2mhyper::client::pool[0m[2m:[0m pooling idle connection for ("http", 192.168.0.14:8545)
[2m2025-12-10T10:09:33.931258Z[0m [34mDEBUG[0m [2methereum_transaction_pool_monitor::eth_client[0m[2m:[0m 📡 Transaction fetch RPC completed in 5.389875ms
[2m2025-12-10T10:09:34.012681Z[0m [34mDEBUG[0m [2methereum_transaction_pool_monitor::eth_client[0m[2m:[0m ✅ Transaction 0xa3f3dd6cb00398d4436f8cf3ca6fc8a32e9c55d391dc007387b0fb05b8cb527b fetched and parsed in 86.809083ms
[2m2025-12-10T10:09:34.012706Z[0m [34mDEBUG[0m [2methereum_transaction_pool_monitor::mempool_monitor[0m[2m:[0m 🔍 Skipping tx 0xa3f3dd6cb00398d4436f8cf3ca6fc8a32e9c55d391dc007387b0fb05b8cb527b - not a DEX interaction (target: 0x17E5545B11b468072283Cee1F066a059Fb0dbF24)
[2m2025-12-10T10:09:34.012716Z[0m [34mDEBUG[0m [2methereum_transaction_pool_monitor::mempool_monitor[0m[2m:[0m 📨 Processing new pending transaction: 0xe6fff1147af01a5731af73f10532a55739bec03ae0a6d7def56756dc453cc395
[2m2025-12-10T10:09:34.012721Z[0m [34mDEBUG[0m [2methereum_transaction_pool_monitor::mempool_monitor[0m[2m:[0m 🔍 Fetching transaction details for: 0xe6fff1147af01a5731af73f10532a55739bec03ae0a6d7def56756dc453cc395
[2m2025-12-10T10:09:34.012725Z[0m [34mDEBUG[0m [2methereum_transaction_pool_monitor::eth_client[0m[2m:[0m 🔍 Fetching transaction details for hash: 0xe6fff1147af01a5731af73f10532a55739bec03ae0a6d7def56756dc453cc395
[2m2025-12-10T10:09:34.012747Z[0m [34mDEBUG[0m [2mhyper::client::pool[0m[2m:[0m reuse idle connection for ("http", 192.168.0.14:8545)
[2m2025-12-10T10:09:34.012798Z[0m [34mDEBUG[0m [2mhyper::proto::h1::io[0m[2m:[0m flushed 250 bytes
[2m2025-12-10T10:09:34.012818Z[0m [34mDEBUG[0m [2mhyper::client::pool[0m[2m:[0m reuse idle connection for ("http", 192.168.0.14:8545)
[2m2025-12-10T10:09:34.012826Z[0m [34mDEBUG[0m [2methereum_transaction_pool_monitor::eth_client[0m[2m:[0m 📨 Received WebSocket message: {"jsonrpc":"2.0","method":"eth_subscription","params":{"subscription":"0xbed0a0851463e895960a451075a301a9","result":"0xd7410cb244f4f308b02312cb7683d4a32a5d8f0afdd2b00436cb01e98d2a2b7b"}}
[2m2025-12-10T10:09:34.012833Z[0m [34mDEBUG[0m [2mhyper::proto::h1::io[0m[2m:[0m flushed 172 bytes
[2m2025-12-10T10:09:34.012841Z[0m [34mDEBUG[0m [2methereum_transaction_pool_monitor::eth_client[0m[2m:[0m 📨 Received pending transaction: 0xd7410cb244f4f308b02312cb7683d4a32a5d8f0afdd2b00436cb01e98d2a2b7b
[2m2025-12-10T10:09:34.012848Z[0m [34mDEBUG[0m [2methereum_transaction_pool_monitor::eth_client[0m[2m:[0m 📨 Received WebSocket message: {"jsonrpc":"2.0","method":"eth_subscription","params":{"subscription":"0xbed0a0851463e895960a451075a301a9","result":"0xe3cae0e6481e01dd2f9d08f3b35faed5af5207b079b173301b5ea54c584f1f1f"}}
[2m2025-12-10T10:09:34.012855Z[0m [34mDEBUG[0m [2methereum_transaction_pool_monitor::eth_client[0m[2m:[0m 📨 Received pending transaction: 0xe3cae0e6481e01dd2f9d08f3b35faed5af5207b079b173301b5ea54c584f1f1f
[2m2025-12-10T10:09:34.017355Z[0m [34mDEBUG[0m [2mhyper::proto::h1::io[0m[2m:[0m parsed 4 headers
[2m2025-12-10T10:09:34.017368Z[0m [34mDEBUG[0m [2mhyper::proto::h1::conn[0m[2m:[0m incoming body is content-length (674 bytes)
[2m2025-12-10T10:09:34.017378Z[0m [34mDEBUG[0m [2mhyper::proto::h1::conn[0m[2m:[0m incoming body completed
[2m2025-12-10T10:09:34.017390Z[0m [34mDEBUG[0m [2mhyper::client::pool[0m[2m:[0m pooling idle connection for ("http", 192.168.0.14:8545)
[2m2025-12-10T10:09:34.017398Z[0m [34mDEBUG[0m [2methereum_transaction_pool_monitor::eth_client[0m[2m:[0m 📡 Transaction fetch RPC completed in 4.669084ms
[2m2025-12-10T10:09:34.017417Z[0m [34mDEBUG[0m [2methereum_transaction_pool_monitor::eth_client[0m[2m:[0m DeFi transaction detected - Address: 0xdac17f958d2ee523a2206206994597c13d831ec7, Type: Stablecoin, Value: 0 ETH, Gas: 0.22 Gwei
[2m2025-12-10T10:09:34.017436Z[0m [34mDEBUG[0m [2methereum_transaction_pool_monitor::eth_client[0m[2m:[0m ✅ Transaction 0xe6fff1147af01a5731af73f10532a55739bec03ae0a6d7def56756dc453cc395 fetched and parsed in 4.706625ms
[2m2025-12-10T10:09:34.017444Z[0m [34mDEBUG[0m [2methereum_transaction_pool_monitor::mempool_monitor[0m[2m:[0m 🔍 Skipping tx 0xe6fff1147af01a5731af73f10532a55739bec03ae0a6d7def56756dc453cc395 - not a DEX interaction (target: 0xdAC17F958D2ee523a2206206994597C13D831ec7)
[2m2025-12-10T10:09:34.017452Z[0m [34mDEBUG[0m [2methereum_transaction_pool_monitor::mempool_monitor[0m[2m:[0m 📨 Processing new pending transaction: 0x88f1b81f9849638798eff64fe61bc75f631a3bce8fc767c62002b68a3520f428
[2m2025-12-10T10:09:34.017458Z[0m [34mDEBUG[0m [2methereum_transaction_pool_monitor::mempool_monitor[0m[2m:[0m 🔍 Fetching transaction details for: 0x88f1b81f9849638798eff64fe61bc75f631a3bce8fc767c62002b68a3520f428
[2m2025-12-10T10:09:34.017462Z[0m [34mDEBUG[0m [2methereum_transaction_pool_monitor::eth_client[0m[2m:[0m 🔍 Fetching transaction details for hash: 0x88f1b81f9849638798eff64fe61bc75f631a3bce8fc767c62002b68a3520f428
[2m2025-12-10T10:09:34.017487Z[0m [34mDEBUG[0m [2mhyper::client::pool[0m[2m:[0m reuse idle connection for ("http", 192.168.0.14:8545)
[2m2025-12-10T10:09:34.017540Z[0m [34mDEBUG[0m [2mhyper::proto::h1::io[0m[2m:[0m flushed 250 bytes
[2m2025-12-10T10:09:34.017815Z[0m [34mDEBUG[0m [2mhyper::proto::h1::io[0m[2m:[0m parsed 4 headers
[2m2025-12-10T10:09:34.017820Z[0m [34mDEBUG[0m [2mhyper::proto::h1::conn[0m[2m:[0m incoming body is content-length (45 bytes)
[2m2025-12-10T10:09:34.017825Z[0m [34mDEBUG[0m [2mhyper::proto::h1::conn[0m[2m:[0m incoming body completed
[2m2025-12-10T10:09:34.017832Z[0m [34mDEBUG[0m [2mhyper::client::pool[0m[2m:[0m pooling idle connection for ("http", 192.168.0.14:8545)
[2m2025-12-10T10:09:34.024801Z[0m [34mDEBUG[0m [2mhyper::proto::h1::io[0m[2m:[0m parsed 4 headers
[2m2025-12-10T10:09:34.024824Z[0m [34mDEBUG[0m [2mhyper::proto::h1::conn[0m[2m:[0m incoming body is content-length (674 bytes)
[2m2025-12-10T10:09:34.024835Z[0m [34mDEBUG[0m [2mhyper::proto::h1::conn[0m[2m:[0m incoming body completed
[2m2025-12-10T10:09:34.024848Z[0m [34mDEBUG[0m [2mhyper::client::pool[0m[2m:[0m pooling idle connection for ("http", 192.168.0.14:8545)
[2m2025-12-10T10:09:34.024855Z[0m [34mDEBUG[0m [2methereum_transaction_pool_monitor::eth_client[0m[2m:[0m 📡 Transaction fetch RPC completed in 7.38925ms
[2m2025-12-10T10:09:34.024872Z[0m [34mDEBUG[0m [2methereum_transaction_pool_monitor::eth_client[0m[2m:[0m DeFi transaction detected - Address: 0xdac17f958d2ee523a2206206994597c13d831ec7, Type: Stablecoin, Value: 0 ETH, Gas: 0.22 Gwei
[2m2025-12-10T10:09:34.024885Z[0m [34mDEBUG[0m [2methereum_transaction_pool_monitor::eth_client[0m[2m:[0m ✅ Transaction 0x88f1b81f9849638798eff64fe61bc75f631a3bce8fc767c62002b68a3520f428 fetched and parsed in 7.418417ms
[2m2025-12-10T10:09:34.024919Z[0m [34mDEBUG[0m [2methereum_transaction_pool_monitor::mempool_monitor[0m[2m:[0m 🔍 Skipping tx 0x88f1b81f9849638798eff64fe61bc75f631a3bce8fc767c62002b68a3520f428 - not a DEX interaction (target: 0xdAC17F958D2ee523a2206206994597C13D831ec7)
[2m2025-12-10T10:09:34.024929Z[0m [34mDEBUG[0m [2methereum_transaction_pool_monitor::mempool_monitor[0m[2m:[0m 📨 Processing new pending transaction: 0x416ea1e61d86c071b397bd9bf82c55388841766907c8e9042a31c6680893a5e3
[2m2025-12-10T10:09:34.024935Z[0m [34mDEBUG[0m [2methereum_transaction_pool_monitor::mempool_monitor[0m[2m:[0m 🔍 Fetching transaction details for: 0x416ea1e61d86c071b397bd9bf82c55388841766907c8e9042a31c6680893a5e3
[2m2025-12-10T10:09:34.024940Z[0m [34mDEBUG[0m [2methereum_transaction_pool_monitor::eth_client[0m[2m:[0m 🔍 Fetching transaction details for hash: 0x416ea1e61d86c071b397bd9bf82c55388841766907c8e9042a31c6680893a5e3
[2m2025-12-10T10:09:34.024955Z[0m [34mDEBUG[0m [2mhyper::client::pool[0m[2m:[0m reuse idle connection for ("http", 192.168.0.14:8545)
[2m2025-12-10T10:09:34.024998Z[0m [34mDEBUG[0m [2mhyper::proto::h1::io[0m[2m:[0m flushed 250 bytes
[2m2025-12-10T10:09:34.030083Z[0m [34mDEBUG[0m [2mhyper::proto::h1::io[0m[2m:[0m parsed 4 headers
[2m2025-12-10T10:09:34.030106Z[0m [34mDEBUG[0m [2mhyper::proto::h1::conn[0m[2m:[0m incoming body is content-length (671 bytes)
[2m2025-12-10T10:09:34.030116Z[0m [34mDEBUG[0m [2mhyper::proto::h1::conn[0m[2m:[0m incoming body completed
[2m2025-12-10T10:09:34.030128Z[0m [34mDEBUG[0m [2mhyper::client::pool[0m[2m:[0m pooling idle connection for ("http", 192.168.0.14:8545)
[2m2025-12-10T10:09:34.030138Z[0m [34mDEBUG[0m [2methereum_transaction_pool_monitor::eth_client[0m[2m:[0m 📡 Transaction fetch RPC completed in 5.194375ms
[2m2025-12-10T10:09:34.030155Z[0m [34mDEBUG[0m [2methereum_transaction_pool_monitor::eth_client[0m[2m:[0m DeFi transaction detected - Address: 0xdac17f958d2ee523a2206206994597c13d831ec7, Type: Stablecoin, Value: 0 ETH, Gas: 0.22 Gwei
[2m2025-12-10T10:09:34.030168Z[0m [34mDEBUG[0m [2methereum_transaction_pool_monitor::eth_client[0m[2m:[0m ✅ Transaction 0x416ea1e61d86c071b397bd9bf82c55388841766907c8e9042a31c6680893a5e3 fetched and parsed in 5.224125ms
[2m2025-12-10T10:09:34.030174Z[0m [34mDEBUG[0m [2methereum_transaction_pool_monitor::mempool_monitor[0m[2m:[0m 🔍 Skipping tx 0x416ea1e61d86c071b397bd9bf82c55388841766907c8e9042a31c6680893a5e3 - not a DEX interaction (target: 0xdAC17F958D2ee523a2206206994597C13D831ec7)
[2m2025-12-10T10:09:34.030182Z[0m [34mDEBUG[0m [2methereum_transaction_pool_monitor::mempool_monitor[0m[2m:[0m 📨 Processing new pending transaction: 0xc789be97871aa470edd7802c1080f0b07c0f06656cfeb224fb4dcc4b7dc876f4
[2m2025-12-10T10:09:34.030186Z[0m [34mDEBUG[0m [2methereum_transaction_pool_monitor::mempool_monitor[0m[2m:[0m 🔍 Fetching transaction details for: 0xc789be97871aa470edd7802c1080f0b07c0f06656cfeb224fb4dcc4b7dc876f4
[2m2025-12-10T10:09:34.030191Z[0m [34mDEBUG[0m [2methereum_transaction_pool_monitor::eth_client[0m[2m:[0m 🔍 Fetching transaction details for hash: 0xc789be97871aa470edd7802c1080f0b07c0f06656cfeb224fb4dcc4b7dc876f4
[2m2025-12-10T10:09:34.030209Z[0m [34mDEBUG[0m [2mhyper::client::pool[0m[2m:[0m reuse idle connection for ("http", 192.168.0.14:8545)
[2m2025-12-10T10:09:34.030246Z[0m [34mDEBUG[0m [2mhyper::proto::h1::io[0m[2m:[0m flushed 250 bytes
[2m2025-12-10T10:09:34.034959Z[0m [34mDEBUG[0m [2mhyper::proto::h1::io[0m[2m:[0m parsed 4 headers
[2m2025-12-10T10:09:34.034986Z[0m [34mDEBUG[0m [2mhyper::proto::h1::conn[0m[2m:[0m incoming body is content-length (674 bytes)
[2m2025-12-10T10:09:34.034997Z[0m [34mDEBUG[0m [2mhyper::proto::h1::conn[0m[2m:[0m incoming body completed
[2m2025-12-10T10:09:34.035010Z[0m [34mDEBUG[0m [2mhyper::client::pool[0m[2m:[0m pooling idle connection for ("http", 192.168.0.14:8545)
[2m2025-12-10T10:09:34.035019Z[0m [34mDEBUG[0m [2methereum_transaction_pool_monitor::eth_client[0m[2m:[0m 📡 Transaction fetch RPC completed in 4.82225ms
[2m2025-12-10T10:09:34.035038Z[0m [34mDEBUG[0m [2methereum_transaction_pool_monitor::eth_client[0m[2m:[0m DeFi transaction detected - Address: 0xdac17f958d2ee523a2206206994597c13d831ec7, Type: Stablecoin, Value: 0 ETH, Gas: 0.22 Gwei
[2m2025-12-10T10:09:34.035051Z[0m [34mDEBUG[0m [2methereum_transaction_pool_monitor::eth_client[0m[2m:[0m ✅ Transaction 0xc789be97871aa470edd7802c1080f0b07c0f06656cfeb224fb4dcc4b7dc876f4 fetched and parsed in 4.854875ms
[2m2025-12-10T10:09:34.035059Z[0m [34mDEBUG[0m [2methereum_transaction_pool_monitor::mempool_monitor[0m[2m:[0m 🔍 Skipping tx 0xc789be97871aa470edd7802c1080f0b07c0f06656cfeb224fb4dcc4b7dc876f4 - not a DEX interaction (target: 0xdAC17F958D2ee523a2206206994597C13D831ec7)
[2m2025-12-10T10:09:34.035067Z[0m [34mDEBUG[0m [2methereum_transaction_pool_monitor::mempool_monitor[0m[2m:[0m 📨 Processing new pending transaction: 0x2138499f157724d32356bde4460920d7cc7d46a3a5fefffcb4e97aecff6cd984
[2m2025-12-10T10:09:34.035072Z[0m [34mDEBUG[0m [2methereum_transaction_pool_monitor::mempool_monitor[0m[2m:[0m 🔍 Fetching transaction details for: 0x2138499f157724d32356bde4460920d7cc7d46a3a5fefffcb4e97aecff6cd984
[2m2025-12-10T10:09:34.035077Z[0m [34mDEBUG[0m [2methereum_transaction_pool_monitor::eth_client[0m[2m:[0m 🔍 Fetching transaction details for hash: 0x2138499f157724d32356bde4460920d7cc7d46a3a5fefffcb4e97aecff6cd984
[2m2025-12-10T10:09:34.035096Z[0m [34mDEBUG[0m [2mhyper::client::pool[0m[2m:[0m reuse idle connection for ("http", 192.168.0.14:8545)
[2m2025-12-10T10:09:34.035132Z[0m [34mDEBUG[0m [2mhyper::proto::h1::io[0m[2m:[0m flushed 250 bytes
[2m2025-12-10T10:09:34.039375Z[0m [34mDEBUG[0m [2mhyper::proto::h1::io[0m[2m:[0m parsed 4 headers
[2m2025-12-10T10:09:34.039422Z[0m [34mDEBUG[0m [2mhyper::proto::h1::conn[0m[2m:[0m incoming body is content-length (538 bytes)
[2m2025-12-10T10:09:34.039448Z[0m [34mDEBUG[0m [2mhyper::proto::h1::conn[0m[2m:[0m incoming body completed
[2m2025-12-10T10:09:34.039471Z[0m [34mDEBUG[0m [2mhyper::client::pool[0m[2m:[0m pooling idle connection for ("http", 192.168.0.14:8545)
[2m2025-12-10T10:09:34.039495Z[0m [34mDEBUG[0m [2methereum_transaction_pool_monitor::eth_client[0m[2m:[0m 📡 Transaction fetch RPC completed in 4.413833ms
[2m2025-12-10T10:09:34.135044Z[0m [34mDEBUG[0m [2methereum_transaction_pool_monitor::eth_client[0m[2m:[0m ✅ Transaction 0x2138499f157724d32356bde4460920d7cc7d46a3a5fefffcb4e97aecff6cd984 fetched and parsed in 99.960375ms
[2m2025-12-10T10:09:34.135069Z[0m [34mDEBUG[0m [2methereum_transaction_pool_monitor::mempool_monitor[0m[2m:[0m 🔍 Skipping tx 0x2138499f157724d32356bde4460920d7cc7d46a3a5fefffcb4e97aecff6cd984 - not a DEX interaction (target: 0x55a9f0ef9392B8CE5656e189ee209871e93ca5b0)
[2m2025-12-10T10:09:34.135079Z[0m [34mDEBUG[0m [2methereum_transaction_pool_monitor::mempool_monitor[0m[2m:[0m 📨 Processing new pending transaction: 0x8f15c4556a43bb4b9ad7dfc4d8a3c521f1b6bce8d16f411ecfe6b526ec2bb4eb
[2m2025-12-10T10:09:34.135085Z[0m [34mDEBUG[0m [2methereum_transaction_pool_monitor::mempool_monitor[0m[2m:[0m 🔍 Fetching transaction details for: 0x8f15c4556a43bb4b9ad7dfc4d8a3c521f1b6bce8d16f411ecfe6b526ec2bb4eb
[2m2025-12-10T10:09:34.135089Z[0m [34mDEBUG[0m [2methereum_transaction_pool_monitor::eth_client[0m[2m:[0m 🔍 Fetching transaction details for hash: 0x8f15c4556a43bb4b9ad7dfc4d8a3c521f1b6bce8d16f411ecfe6b526ec2bb4eb
[2m2025-12-10T10:09:34.135111Z[0m [34mDEBUG[0m [2mhyper::client::pool[0m[2m:[0m reuse idle connection for ("http", 192.168.0.14:8545)
[2m2025-12-10T10:09:34.135161Z[0m [34mDEBUG[0m [2mhyper::proto::h1::io[0m[2m:[0m flushed 250 bytes
[2m2025-12-10T10:09:34.135189Z[0m [34mDEBUG[0m [2mhyper::client::pool[0m[2m:[0m reuse idle connection for ("http", 192.168.0.14:8545)
[2m2025-12-10T10:09:34.135203Z[0m [34mDEBUG[0m [2mhyper::proto::h1::io[0m[2m:[0m flushed 172 bytes
[2m2025-12-10T10:09:34.139005Z[0m [34mDEBUG[0m [2mhyper::proto::h1::io[0m[2m:[0m parsed 4 headers
[2m2025-12-10T10:09:34.139039Z[0m [34mDEBUG[0m [2mhyper::proto::h1::conn[0m[2m:[0m incoming body is content-length (555 bytes)
[2m2025-12-10T10:09:34.139057Z[0m [34mDEBUG[0m [2mhyper::proto::h1::conn[0m[2m:[0m incoming body completed
[2m2025-12-10T10:09:34.139077Z[0m [34mDEBUG[0m [2mhyper::client::pool[0m[2m:[0m pooling idle connection for ("http", 192.168.0.14:8545)
[2m2025-12-10T10:09:34.139094Z[0m [34mDEBUG[0m [2methereum_transaction_pool_monitor::eth_client[0m[2m:[0m 📡 Transaction fetch RPC completed in 4.000417ms
[2m2025-12-10T10:09:34.231882Z[0m [34mDEBUG[0m [2methereum_transaction_pool_monitor::eth_client[0m[2m:[0m ✅ Transaction 0x8f15c4556a43bb4b9ad7dfc4d8a3c521f1b6bce8d16f411ecfe6b526ec2bb4eb fetched and parsed in 96.786125ms
[2m2025-12-10T10:09:34.231912Z[0m [34mDEBUG[0m [2methereum_transaction_pool_monitor::mempool_monitor[0m[2m:[0m 🔍 Skipping tx 0x8f15c4556a43bb4b9ad7dfc4d8a3c521f1b6bce8d16f411ecfe6b526ec2bb4eb - not a DEX interaction (target: 0x1809A5578f1868388ad61D8Fed8218aE6a78AAB5)
[2m2025-12-10T10:09:34.231922Z[0m [34mDEBUG[0m [2methereum_transaction_pool_monitor::mempool_monitor[0m[2m:[0m 📨 Processing new pending transaction: 0xf314737cc6844512e9362b8bf7a515d16baf884c8c1d7367ee34c8d7eb3b76d1
[2m2025-12-10T10:09:34.231927Z[0m [34mDEBUG[0m [2methereum_transaction_pool_monitor::mempool_monitor[0m[2m:[0m 🔍 Fetching transaction details for: 0xf314737cc6844512e9362b8bf7a515d16baf884c8c1d7367ee34c8d7eb3b76d1
[2m2025-12-10T10:09:34.231931Z[0m [34mDEBUG[0m [2methereum_transaction_pool_monitor::eth_client[0m[2m:[0m 🔍 Fetching transaction details for hash: 0xf314737cc6844512e9362b8bf7a515d16baf884c8c1d7367ee34c8d7eb3b76d1
[2m2025-12-10T10:09:34.231952Z[0m [34mDEBUG[0m [2mhyper::client::pool[0m[2m:[0m reuse idle connection for ("http", 192.168.0.14:8545)
[2m2025-12-10T10:09:34.232010Z[0m [34mDEBUG[0m [2mhyper::proto::h1::io[0m[2m:[0m flushed 250 bytes
[2m2025-12-10T10:09:34.232035Z[0m [34mDEBUG[0m [2methereum_transaction_pool_monitor::eth_client[0m[2m:[0m 📨 Received WebSocket message: {"jsonrpc":"2.0","method":"eth_subscription","params":{"subscription":"0xbed0a0851463e895960a451075a301a9","result":"0x74b0bd70b4b486f5d3ad004a316223d33dbde058428b4404fa08fc28fd748102"}}
[2m2025-12-10T10:09:34.232043Z[0m [34mDEBUG[0m [2methereum_transaction_pool_monitor::eth_client[0m[2m:[0m 📨 Received pending transaction: 0x74b0bd70b4b486f5d3ad004a316223d33dbde058428b4404fa08fc28fd748102
[2m2025-12-10T10:09:34.232048Z[0m [34mDEBUG[0m [2methereum_transaction_pool_monitor::eth_client[0m[2m:[0m 📨 Received WebSocket message: {"jsonrpc":"2.0","method":"eth_subscription","params":{"subscription":"0xbed0a0851463e895960a451075a301a9","result":"0x459056eab5774c8ce3ebdeb3a3892ee5e8a31ffe49048a1d985e0b6c62209a8d"}}
[2m2025-12-10T10:09:34.232054Z[0m [34mDEBUG[0m [2methereum_transaction_pool_monitor::eth_client[0m[2m:[0m 📨 Received pending transaction: 0x459056eab5774c8ce3ebdeb3a3892ee5e8a31ffe49048a1d985e0b6c62209a8d
[2m2025-12-10T10:09:34.232058Z[0m [34mDEBUG[0m [2mhyper::proto::h1::io[0m[2m:[0m parsed 4 headers
[2m2025-12-10T10:09:34.232094Z[0m [34mDEBUG[0m [2mhyper::proto::h1::conn[0m[2m:[0m incoming body is content-length (45 bytes)
[2m2025-12-10T10:09:34.232111Z[0m [34mDEBUG[0m [2mhyper::proto::h1::conn[0m[2m:[0m incoming body completed
[2m2025-12-10T10:09:34.232136Z[0m [34mDEBUG[0m [2mhyper::client::pool[0m[2m:[0m pooling idle connection for ("http", 192.168.0.14:8545)
[2m2025-12-10T10:09:34.232176Z[0m [34mDEBUG[0m [2mhyper::client::pool[0m[2m:[0m reuse idle connection for ("http", 192.168.0.14:8545)
[2m2025-12-10T10:09:34.232236Z[0m [34mDEBUG[0m [2mhyper::proto::h1::io[0m[2m:[0m flushed 172 bytes
[2m2025-12-10T10:09:34.235498Z[0m [34mDEBUG[0m [2mhyper::proto::h1::io[0m[2m:[0m parsed 4 headers
[2m2025-12-10T10:09:34.235544Z[0m [34mDEBUG[0m [2mhyper::proto::h1::conn[0m[2m:[0m incoming body is content-length (774 bytes)
[2m2025-12-10T10:09:34.235564Z[0m [34mDEBUG[0m [2mhyper::proto::h1::conn[0m[2m:[0m incoming body completed
[2m2025-12-10T10:09:34.235584Z[0m [34mDEBUG[0m [2mhyper::client::pool[0m[2m:[0m pooling idle connection for ("http", 192.168.0.14:8545)
[2m2025-12-10T10:09:34.235601Z[0m [34mDEBUG[0m [2methereum_transaction_pool_monitor::eth_client[0m[2m:[0m 📡 Transaction fetch RPC completed in 3.664583ms
[2m2025-12-10T10:09:34.235647Z[0m [34mDEBUG[0m [2methereum_transaction_pool_monitor::eth_client[0m[2m:[0m DeFi transaction detected - Address: 0xdac17f958d2ee523a2206206994597c13d831ec7, Type: Stablecoin, Value: 0 ETH, Gas: 1.96 Gwei
[2m2025-12-10T10:09:34.235662Z[0m [34mDEBUG[0m [2methereum_transaction_pool_monitor::eth_client[0m[2m:[0m ✅ Transaction 0xf314737cc6844512e9362b8bf7a515d16baf884c8c1d7367ee34c8d7eb3b76d1 fetched and parsed in 3.72625ms
[2m2025-12-10T10:09:34.235669Z[0m [34mDEBUG[0m [2methereum_transaction_pool_monitor::mempool_monitor[0m[2m:[0m 🔍 Skipping tx 0xf314737cc6844512e9362b8bf7a515d16baf884c8c1d7367ee34c8d7eb3b76d1 - not a DEX interaction (target: 0xdAC17F958D2ee523a2206206994597C13D831ec7)
[2m2025-12-10T10:09:34.235678Z[0m [34mDEBUG[0m [2methereum_transaction_pool_monitor::mempool_monitor[0m[2m:[0m 📨 Processing new pending transaction: 0x2f9a453b19257f95e8c900225557a347eb06c7329b48f1ab7c711aa089a628b8
[2m2025-12-10T10:09:34.235682Z[0m [34mDEBUG[0m [2methereum_transaction_pool_monitor::mempool_monitor[0m[2m:[0m 🔍 Fetching transaction details for: 0x2f9a453b19257f95e8c900225557a347eb06c7329b48f1ab7c711aa089a628b8
[2m2025-12-10T10:09:34.235686Z[0m [34mDEBUG[0m [2methereum_transaction_pool_monitor::eth_client[0m[2m:[0m 🔍 Fetching transaction details for hash: 0x2f9a453b19257f95e8c900225557a347eb06c7329b48f1ab7c711aa089a628b8
[2m2025-12-10T10:09:34.235705Z[0m [34mDEBUG[0m [2mhyper::client::pool[0m[2m:[0m reuse idle connection for ("http", 192.168.0.14:8545)
[2m2025-12-10T10:09:34.235748Z[0m [34mDEBUG[0m [2mhyper::proto::h1::io[0m[2m:[0m flushed 250 bytes
[2m2025-12-10T10:09:34.237185Z[0m [34mDEBUG[0m [2mhyper::proto::h1::io[0m[2m:[0m parsed 4 headers
[2m2025-12-10T10:09:34.237218Z[0m [34mDEBUG[0m [2mhyper::proto::h1::conn[0m[2m:[0m incoming body is content-length (45 bytes)
[2m2025-12-10T10:09:34.237235Z[0m [34mDEBUG[0m [2mhyper::proto::h1::conn[0m[2m:[0m incoming body completed
[2m2025-12-10T10:09:34.237252Z[0m [34mDEBUG[0m [2mhyper::client::pool[0m[2m:[0m pooling idle connection for ("http", 192.168.0.14:8545)
[2m2025-12-10T10:09:34.241828Z[0m [34mDEBUG[0m [2mhyper::proto::h1::io[0m[2m:[0m parsed 4 headers
[2m2025-12-10T10:09:34.241878Z[0m [34mDEBUG[0m [2mhyper::proto::h1::conn[0m[2m:[0m incoming body is content-length (675 bytes)
[2m2025-12-10T10:09:34.241897Z[0m [34mDEBUG[0m [2mhyper::proto::h1::conn[0m[2m:[0m incoming body completed
[2m2025-12-10T10:09:34.241921Z[0m [34mDEBUG[0m [2mhyper::client::pool[0m[2m:[0m pooling idle connection for ("http", 192.168.0.14:8545)
[2m2025-12-10T10:09:34.241938Z[0m [34mDEBUG[0m [2methereum_transaction_pool_monitor::eth_client[0m[2m:[0m 📡 Transaction fetch RPC completed in 6.247375ms
[2m2025-12-10T10:09:34.241975Z[0m [34mDEBUG[0m [2methereum_transaction_pool_monitor::eth_client[0m[2m:[0m DeFi transaction detected - Address: 0xdac17f958d2ee523a2206206994597c13d831ec7, Type: Stablecoin, Value: 0 ETH, Gas: 1.00 Gwei
[2m2025-12-10T10:09:34.242006Z[0m [34mDEBUG[0m [2methereum_transaction_pool_monitor::eth_client[0m[2m:[0m ✅ Transaction 0x2f9a453b19257f95e8c900225557a347eb06c7329b48f1ab7c711aa089a628b8 fetched and parsed in 6.314667ms
[2m2025-12-10T10:09:34.242025Z[0m [34mDEBUG[0m [2methereum_transaction_pool_monitor::mempool_monitor[0m[2m:[0m 🔍 Skipping tx 0x2f9a453b19257f95e8c900225557a347eb06c7329b48f1ab7c711aa089a628b8 - not a DEX interaction (target: 0xdAC17F958D2ee523a2206206994597C13D831ec7)
[2m2025-12-10T10:09:34.242043Z[0m [34mDEBUG[0m [2methereum_transaction_pool_monitor::mempool_monitor[0m[2m:[0m 📨 Processing new pending transaction: 0xd7b4db0818d21ca9280f9a5d3b2004353687cecc426ad8f6e139416032fb9459
[2m2025-12-10T10:09:34.242059Z[0m [34mDEBUG[0m [2methereum_transaction_pool_monitor::mempool_monitor[0m[2m:[0m 🔍 Fetching transaction details for: 0xd7b4db0818d21ca9280f9a5d3b2004353687cecc426ad8f6e139416032fb9459
[2m2025-12-10T10:09:34.242072Z[0m [34mDEBUG[0m [2methereum_transaction_pool_monitor::eth_client[0m[2m:[0m 🔍 Fetching transaction details for hash: 0xd7b4db0818d21ca9280f9a5d3b2004353687cecc426ad8f6e139416032fb9459
[2m2025-12-10T10:09:34.242104Z[0m [34mDEBUG[0m [2mhyper::client::pool[0m[2m:[0m reuse idle connection for ("http", 192.168.0.14:8545)
[2m2025-12-10T10:09:34.242159Z[0m [34mDEBUG[0m [2mhyper::proto::h1::io[0m[2m:[0m flushed 250 bytes
[2m2025-12-10T10:09:34.246363Z[0m [34mDEBUG[0m [2mhyper::proto::h1::io[0m[2m:[0m parsed 4 headers
[2m2025-12-10T10:09:34.247181Z[0m [34mDEBUG[0m [2mhyper::proto::h1::conn[0m[2m:[0m incoming body is content-length (2047 bytes)
[2m2025-12-10T10:09:34.247195Z[0m [34mDEBUG[0m [2mhyper::proto::h1::conn[0m[2m:[0m incoming body completed
[2m2025-12-10T10:09:34.247213Z[0m [34mDEBUG[0m [2mhyper::client::pool[0m[2m:[0m pooling idle connection for ("http", 192.168.0.14:8545)
[2m2025-12-10T10:09:34.247224Z[0m [34mDEBUG[0m [2methereum_transaction_pool_monitor::eth_client[0m[2m:[0m 📡 Transaction fetch RPC completed in 5.142166ms
[2m2025-12-10T10:09:34.413544Z[0m [34mDEBUG[0m [2methereum_transaction_pool_monitor::eth_client[0m[2m:[0m ✅ Transaction 0xd7b4db0818d21ca9280f9a5d3b2004353687cecc426ad8f6e139416032fb9459 fetched and parsed in 171.457583ms
[2m2025-12-10T10:09:34.413574Z[0m [34mDEBUG[0m [2methereum_transaction_pool_monitor::mempool_monitor[0m[2m:[0m 🔍 Skipping tx 0xd7b4db0818d21ca9280f9a5d3b2004353687cecc426ad8f6e139416032fb9459 - not a DEX interaction (target: 0x1988cb2235dd946eb3812564E6730186BE14d8Ff)
[2m2025-12-10T10:09:34.413586Z[0m [34mDEBUG[0m [2methereum_transaction_pool_monitor::mempool_monitor[0m[2m:[0m 📨 Processing new pending transaction: 0x0700ba919b06583b0289c51dc31c07ecd62f3446e806e42dc2fd8e6131ca923c
[2m2025-12-10T10:09:34.413592Z[0m [34mDEBUG[0m [2methereum_transaction_pool_monitor::mempool_monitor[0m[2m:[0m 🔍 Fetching transaction details for: 0x0700ba919b06583b0289c51dc31c07ecd62f3446e806e42dc2fd8e6131ca923c
[2m2025-12-10T10:09:34.413598Z[0m [34mDEBUG[0m [2methereum_transaction_pool_monitor::eth_client[0m[2m:[0m 🔍 Fetching transaction details for hash: 0x0700ba919b06583b0289c51dc31c07ecd62f3446e806e42dc2fd8e6131ca923c
[2m2025-12-10T10:09:34.413624Z[0m [34mDEBUG[0m [2mhyper::client::pool[0m[2m:[0m reuse idle connection for ("http", 192.168.0.14:8545)
[2m2025-12-10T10:09:34.413673Z[0m [34mDEBUG[0m [2mhyper::proto::h1::io[0m[2m:[0m flushed 250 bytes
[2m2025-12-10T10:09:34.413698Z[0m [34mDEBUG[0m [2mhyper::client::pool[0m[2m:[0m reuse idle connection for ("http", 192.168.0.14:8545)
[2m2025-12-10T10:09:34.413716Z[0m [34mDEBUG[0m [2mhyper::proto::h1::io[0m[2m:[0m flushed 172 bytes
[2m2025-12-10T10:09:34.413720Z[0m [34mDEBUG[0m [2methereum_transaction_pool_monitor::eth_client[0m[2m:[0m 📨 Received WebSocket message: {"jsonrpc":"2.0","method":"eth_subscription","params":{"subscription":"0xbed0a0851463e895960a451075a301a9","result":"0x647822cacebb8d915d21a0007b83467106ef1ac57c882baa6332e96172bd1791"}}
[2m2025-12-10T10:09:34.413767Z[0m [34mDEBUG[0m [2methereum_transaction_pool_monitor::eth_client[0m[2m:[0m 📨 Received pending transaction: 0x647822cacebb8d915d21a0007b83467106ef1ac57c882baa6332e96172bd1791
[2m2025-12-10T10:09:34.413788Z[0m [34mDEBUG[0m [2methereum_transaction_pool_monitor::eth_client[0m[2m:[0m 📨 Received WebSocket message: {"jsonrpc":"2.0","method":"eth_subscription","params":{"subscription":"0xbed0a0851463e895960a451075a301a9","result":"0xda84ca854ac560a6345eceab81b5cba26f114dcd05b36176a7b59b04d6a35c1a"}}
[2m2025-12-10T10:09:34.413803Z[0m [34mDEBUG[0m [2methereum_transaction_pool_monitor::eth_client[0m[2m:[0m 📨 Received pending transaction: 0xda84ca854ac560a6345eceab81b5cba26f114dcd05b36176a7b59b04d6a35c1a
[2m2025-12-10T10:09:34.413814Z[0m [34mDEBUG[0m [2methereum_transaction_pool_monitor::eth_client[0m[2m:[0m 📨 Received WebSocket message: {"jsonrpc":"2.0","method":"eth_subscription","params":{"subscription":"0xbed0a0851463e895960a451075a301a9","result":"0xc1220ad15df365615be6872a0aae8df42e9b4eefd37e152de9a7887c2426e1f6"}}
[2m2025-12-10T10:09:34.413828Z[0m [34mDEBUG[0m [2methereum_transaction_pool_monitor::eth_client[0m[2m:[0m 📨 Received pending transaction: 0xc1220ad15df365615be6872a0aae8df42e9b4eefd37e152de9a7887c2426e1f6
[2m2025-12-10T10:09:34.418043Z[0m [34mDEBUG[0m [2mhyper::proto::h1::io[0m[2m:[0m parsed 4 headers
[2m2025-12-10T10:09:34.418061Z[0m [34mDEBUG[0m [2mhyper::proto::h1::conn[0m[2m:[0m incoming body is content-length (45 bytes)
[2m2025-12-10T10:09:34.418071Z[0m [34mDEBUG[0m [2mhyper::proto::h1::conn[0m[2m:[0m incoming body completed
[2m2025-12-10T10:09:34.418086Z[0m [34mDEBUG[0m [2mhyper::client::pool[0m[2m:[0m pooling idle connection for ("http", 192.168.0.14:8545)
[2m2025-12-10T10:09:34.418115Z[0m [34mDEBUG[0m [2mhyper::client::pool[0m[2m:[0m reuse idle connection for ("http", 192.168.0.14:8545)
[2m2025-12-10T10:09:34.418149Z[0m [34mDEBUG[0m [2mhyper::proto::h1::io[0m[2m:[0m flushed 172 bytes
[2m2025-12-10T10:09:34.418644Z[0m [34mDEBUG[0m [2mhyper::proto::h1::io[0m[2m:[0m parsed 4 headers
[2m2025-12-10T10:09:34.418650Z[0m [34mDEBUG[0m [2mhyper::proto::h1::conn[0m[2m:[0m incoming body is content-length (676 bytes)
[2m2025-12-10T10:09:34.418655Z[0m [34mDEBUG[0m [2mhyper::proto::h1::conn[0m[2m:[0m incoming body completed
[2m2025-12-10T10:09:34.418662Z[0m [34mDEBUG[0m [2mhyper::client::pool[0m[2m:[0m pooling idle connection for ("http", 192.168.0.14:8545)
[2m2025-12-10T10:09:34.418667Z[0m [34mDEBUG[0m [2methereum_transaction_pool_monitor::eth_client[0m[2m:[0m 📡 Transaction fetch RPC completed in 5.065ms
[2m2025-12-10T10:09:34.418681Z[0m [34mDEBUG[0m [2methereum_transaction_pool_monitor::eth_client[0m[2m:[0m DeFi transaction detected - Address: 0xdac17f958d2ee523a2206206994597c13d831ec7, Type: Stablecoin, Value: 0 ETH, Gas: 1.00 Gwei
[2m2025-12-10T10:09:34.418716Z[0m [34mDEBUG[0m [2methereum_transaction_pool_monitor::eth_client[0m[2m:[0m ✅ Transaction 0x0700ba919b06583b0289c51dc31c07ecd62f3446e806e42dc2fd8e6131ca923c fetched and parsed in 5.113458ms
[2m2025-12-10T10:09:34.418726Z[0m [34mDEBUG[0m [2methereum_transaction_pool_monitor::mempool_monitor[0m[2m:[0m 🔍 Skipping tx 0x0700ba919b06583b0289c51dc31c07ecd62f3446e806e42dc2fd8e6131ca923c - not a DEX interaction (target: 0xdAC17F958D2ee523a2206206994597C13D831ec7)
[2m2025-12-10T10:09:34.418741Z[0m [34mDEBUG[0m [2methereum_transaction_pool_monitor::mempool_monitor[0m[2m:[0m 📨 Processing new pending transaction: 0x8de1090dde7629d0265120bf0fd21cb4f1d34207f5b0e32790fb70a86966df3f
[2m2025-12-10T10:09:34.418746Z[0m [34mDEBUG[0m [2methereum_transaction_pool_monitor::mempool_monitor[0m[2m:[0m 🔍 Fetching transaction details for: 0x8de1090dde7629d0265120bf0fd21cb4f1d34207f5b0e32790fb70a86966df3f
[2m2025-12-10T10:09:34.418750Z[0m [34mDEBUG[0m [2methereum_transaction_pool_monitor::eth_client[0m[2m:[0m 🔍 Fetching transaction details for hash: 0x8de1090dde7629d0265120bf0fd21cb4f1d34207f5b0e32790fb70a86966df3f
[2m2025-12-10T10:09:34.418761Z[0m [34mDEBUG[0m [2mhyper::client::pool[0m[2m:[0m reuse idle connection for ("http", 192.168.0.14:8545)
[2m2025-12-10T10:09:34.418788Z[0m [34mDEBUG[0m [2mhyper::proto::h1::io[0m[2m:[0m flushed 250 bytes
[2m2025-12-10T10:09:34.421697Z[0m [34mDEBUG[0m [2mhyper::proto::h1::io[0m[2m:[0m parsed 4 headers
[2m2025-12-10T10:09:34.421713Z[0m [34mDEBUG[0m [2mhyper::proto::h1::conn[0m[2m:[0m incoming body is content-length (45 bytes)
[2m2025-12-10T10:09:34.421720Z[0m [34mDEBUG[0m [2mhyper::proto::h1::conn[0m[2m:[0m incoming body completed
[2m2025-12-10T10:09:34.421730Z[0m [34mDEBUG[0m [2mhyper::client::pool[0m[2m:[0m pooling idle connection for ("http", 192.168.0.14:8545)
[2m2025-12-10T10:09:34.425768Z[0m [34mDEBUG[0m [2mhyper::proto::h1::io[0m[2m:[0m parsed 4 headers
[2m2025-12-10T10:09:34.425802Z[0m [34mDEBUG[0m [2mhyper::proto::h1::conn[0m[2m:[0m incoming body is content-length (830 bytes)
[2m2025-12-10T10:09:34.425817Z[0m [34mDEBUG[0m [2mhyper::proto::h1::conn[0m[2m:[0m incoming body completed
[2m2025-12-10T10:09:34.425836Z[0m [34mDEBUG[0m [2mhyper::client::pool[0m[2m:[0m pooling idle connection for ("http", 192.168.0.14:8545)
[2m2025-12-10T10:09:34.425850Z[0m [34mDEBUG[0m [2methereum_transaction_pool_monitor::eth_client[0m[2m:[0m 📡 Transaction fetch RPC completed in 7.09575ms
[2m2025-12-10T10:09:34.514462Z[0m [34mDEBUG[0m [2methereum_transaction_pool_monitor::eth_client[0m[2m:[0m ✅ Transaction 0x8de1090dde7629d0265120bf0fd21cb4f1d34207f5b0e32790fb70a86966df3f fetched and parsed in 95.704042ms
[2m2025-12-10T10:09:34.514500Z[0m [34mDEBUG[0m [2methereum_transaction_pool_monitor::mempool_monitor[0m[2m:[0m 🔍 Skipping tx 0x8de1090dde7629d0265120bf0fd21cb4f1d34207f5b0e32790fb70a86966df3f - not a DEX interaction (target: 0x3B4D794a66304F130a4Db8F2551B0070dfCf5ca7)
[2m2025-12-10T10:09:34.514511Z[0m [34mDEBUG[0m [2methereum_transaction_pool_monitor::mempool_monitor[0m[2m:[0m 📨 Processing new pending transaction: 0xbf04dcda775c049b3393e99f97cbffce02b2177bb338632ca83cf8a203d2e489
[2m2025-12-10T10:09:34.514516Z[0m [34mDEBUG[0m [2methereum_transaction_pool_monitor::mempool_monitor[0m[2m:[0m 🔍 Fetching transaction details for: 0xbf04dcda775c049b3393e99f97cbffce02b2177bb338632ca83cf8a203d2e489
[2m2025-12-10T10:09:34.514520Z[0m [34mDEBUG[0m [2methereum_transaction_pool_monitor::eth_client[0m[2m:[0m 🔍 Fetching transaction details for hash: 0xbf04dcda775c049b3393e99f97cbffce02b2177bb338632ca83cf8a203d2e489
[2m2025-12-10T10:09:34.514545Z[0m [34mDEBUG[0m [2mhyper::client::pool[0m[2m:[0m reuse idle connection for ("http", 192.168.0.14:8545)
[2m2025-12-10T10:09:34.514637Z[0m [34mDEBUG[0m [2mhyper::proto::h1::io[0m[2m:[0m flushed 250 bytes
[2m2025-12-10T10:09:34.514667Z[0m [34mDEBUG[0m [2mhyper::client::pool[0m[2m:[0m reuse idle connection for ("http", 192.168.0.14:8545)
[2m2025-12-10T10:09:34.514686Z[0m [34mDEBUG[0m [2mhyper::proto::h1::io[0m[2m:[0m flushed 172 bytes
[2m2025-12-10T10:09:34.519242Z[0m [34mDEBUG[0m [2mhyper::proto::h1::io[0m[2m:[0m parsed 4 headers
[2m2025-12-10T10:09:34.519261Z[0m [34mDEBUG[0m [2mhyper::proto::h1::conn[0m[2m:[0m incoming body is content-length (45 bytes)
[2m2025-12-10T10:09:34.519270Z[0m [34mDEBUG[0m [2mhyper::proto::h1::conn[0m[2m:[0m incoming body completed
[2m2025-12-10T10:09:34.519281Z[0m [34mDEBUG[0m [2mhyper::client::pool[0m[2m:[0m pooling idle connection for ("http", 192.168.0.14:8545)
[2m2025-12-10T10:09:34.520228Z[0m [34mDEBUG[0m [2mhyper::proto::h1::io[0m[2m:[0m parsed 4 headers
[2m2025-12-10T10:09:34.520266Z[0m [34mDEBUG[0m [2mhyper::proto::h1::conn[0m[2m:[0m incoming body is content-length (763 bytes)
[2m2025-12-10T10:09:34.520290Z[0m [34mDEBUG[0m [2mhyper::proto::h1::conn[0m[2m:[0m incoming body completed
[2m2025-12-10T10:09:34.520306Z[0m [34mDEBUG[0m [2mhyper::client::pool[0m[2m:[0m pooling idle connection for ("http", 192.168.0.14:8545)
[2m2025-12-10T10:09:34.520313Z[0m [34mDEBUG[0m [2methereum_transaction_pool_monitor::eth_client[0m[2m:[0m 📡 Transaction fetch RPC completed in 5.787958ms
[2m2025-12-10T10:09:34.601644Z[0m [34mDEBUG[0m [2methereum_transaction_pool_monitor::eth_client[0m[2m:[0m ✅ Transaction 0xbf04dcda775c049b3393e99f97cbffce02b2177bb338632ca83cf8a203d2e489 fetched and parsed in 87.11575ms
[2m2025-12-10T10:09:34.601679Z[0m [34mDEBUG[0m [2methereum_transaction_pool_monitor::mempool_monitor[0m[2m:[0m 🔍 Skipping tx 0xbf04dcda775c049b3393e99f97cbffce02b2177bb338632ca83cf8a203d2e489 - not a DEX interaction (target: 0xd50370bEE8bFf23Bbb30ca558a1d0207DBc96ef2)
[2m2025-12-10T10:09:34.601690Z[0m [34mDEBUG[0m [2methereum_transaction_pool_monitor::mempool_monitor[0m[2m:[0m 📨 Processing new pending transaction: 0x1cd84490a68383aac0562e0086b9b67f9709c2b346bb3cd3f2d66becc4fad25a
[2m2025-12-10T10:09:34.601695Z[0m [34mDEBUG[0m [2methereum_transaction_pool_monitor::mempool_monitor[0m[2m:[0m 🔍 Fetching transaction details for: 0x1cd84490a68383aac0562e0086b9b67f9709c2b346bb3cd3f2d66becc4fad25a
[2m2025-12-10T10:09:34.601700Z[0m [34mDEBUG[0m [2methereum_transaction_pool_monitor::eth_client[0m[2m:[0m 🔍 Fetching transaction details for hash: 0x1cd84490a68383aac0562e0086b9b67f9709c2b346bb3cd3f2d66becc4fad25a
[2m2025-12-10T10:09:34.601724Z[0m [34mDEBUG[0m [2mhyper::client::pool[0m[2m:[0m reuse idle connection for ("http", 192.168.0.14:8545)
[2m2025-12-10T10:09:34.601797Z[0m [34mDEBUG[0m [2mhyper::proto::h1::io[0m[2m:[0m flushed 250 bytes
[2m2025-12-10T10:09:34.601824Z[0m [34mDEBUG[0m [2mhyper::client::pool[0m[2m:[0m reuse idle connection for ("http", 192.168.0.14:8545)
[2m2025-12-10T10:09:34.601841Z[0m [34mDEBUG[0m [2methereum_transaction_pool_monitor::eth_client[0m[2m:[0m 📨 Received WebSocket message: {"jsonrpc":"2.0","method":"eth_subscription","params":{"subscription":"0xbed0a0851463e895960a451075a301a9","result":"0x50d85c7232b22c10a838a0c0758799298d38d0ac55335e7c7e5d15bafef9b730"}}
[2m2025-12-10T10:09:34.601846Z[0m [34mDEBUG[0m [2mhyper::proto::h1::io[0m[2m:[0m flushed 172 bytes
[2m2025-12-10T10:09:34.601879Z[0m [34mDEBUG[0m [2methereum_transaction_pool_monitor::eth_client[0m[2m:[0m 📨 Received pending transaction: 0x50d85c7232b22c10a838a0c0758799298d38d0ac55335e7c7e5d15bafef9b730
[2m2025-12-10T10:09:34.601916Z[0m [34mDEBUG[0m [2methereum_transaction_pool_monitor::eth_client[0m[2m:[0m 📨 Received WebSocket message: {"jsonrpc":"2.0","method":"eth_subscription","params":{"subscription":"0xbed0a0851463e895960a451075a301a9","result":"0x626db33a3bd858803b380817224d94286e4e1335a7af294bbe4a4ed2cac9d7af"}}
[2m2025-12-10T10:09:34.601923Z[0m [34mDEBUG[0m [2methereum_transaction_pool_monitor::eth_client[0m[2m:[0m 📨 Received pending transaction: 0x626db33a3bd858803b380817224d94286e4e1335a7af294bbe4a4ed2cac9d7af
[2m2025-12-10T10:09:34.605518Z[0m [34mDEBUG[0m [2mhyper::proto::h1::io[0m[2m:[0m parsed 4 headers
[2m2025-12-10T10:09:34.605582Z[0m [34mDEBUG[0m [2mhyper::proto::h1::conn[0m[2m:[0m incoming body is content-length (45 bytes)
[2m2025-12-10T10:09:34.605604Z[0m [34mDEBUG[0m [2mhyper::proto::h1::conn[0m[2m:[0m incoming body completed
[2m2025-12-10T10:09:34.605641Z[0m [34mDEBUG[0m [2mhyper::client::pool[0m[2m:[0m pooling idle connection for ("http", 192.168.0.14:8545)
[2m2025-12-10T10:09:34.605830Z[0m [34mDEBUG[0m [2mhyper::proto::h1::io[0m[2m:[0m parsed 4 headers
[2m2025-12-10T10:09:34.605847Z[0m [34mDEBUG[0m [2mhyper::proto::h1::conn[0m[2m:[0m incoming body is content-length (778 bytes)
[2m2025-12-10T10:09:34.605866Z[0m [34mDEBUG[0m [2mhyper::proto::h1::conn[0m[2m:[0m incoming body completed
[2m2025-12-10T10:09:34.605882Z[0m [34mDEBUG[0m [2mhyper::client::pool[0m[2m:[0m pooling idle connection for ("http", 192.168.0.14:8545)
[2m2025-12-10T10:09:34.605895Z[0m [34mDEBUG[0m [2methereum_transaction_pool_monitor::eth_client[0m[2m:[0m 📡 Transaction fetch RPC completed in 4.189833ms
[2m2025-12-10T10:09:34.692446Z[0m [34mDEBUG[0m [2methereum_transaction_pool_monitor::eth_client[0m[2m:[0m ✅ Transaction 0x1cd84490a68383aac0562e0086b9b67f9709c2b346bb3cd3f2d66becc4fad25a fetched and parsed in 90.738041ms
[2m2025-12-10T10:09:34.692479Z[0m [34mDEBUG[0m [2methereum_transaction_pool_monitor::mempool_monitor[0m[2m:[0m 🔍 Skipping tx 0x1cd84490a68383aac0562e0086b9b67f9709c2b346bb3cd3f2d66becc4fad25a - not a DEX interaction (target: 0x0B010000b7624eb9B3DfBC279673C76E9D29D5F7)
[2m2025-12-10T10:09:34.692491Z[0m [34mDEBUG[0m [2methereum_transaction_pool_monitor::mempool_monitor[0m[2m:[0m 📨 Processing new pending transaction: 0xcbb4228d08e4bc386fbf4a03c7eed4c0d6b713386eb2fe282ad1daaacd1dee41
[2m2025-12-10T10:09:34.692496Z[0m [34mDEBUG[0m [2methereum_transaction_pool_monitor::mempool_monitor[0m[2m:[0m 🔍 Fetching transaction details for: 0xcbb4228d08e4bc386fbf4a03c7eed4c0d6b713386eb2fe282ad1daaacd1dee41
[2m2025-12-10T10:09:34.692501Z[0m [34mDEBUG[0m [2methereum_transaction_pool_monitor::eth_client[0m[2m:[0m 🔍 Fetching transaction details for hash: 0xcbb4228d08e4bc386fbf4a03c7eed4c0d6b713386eb2fe282ad1daaacd1dee41
[2m2025-12-10T10:09:34.692524Z[0m [34mDEBUG[0m [2mhyper::client::pool[0m[2m:[0m reuse idle connection for ("http", 192.168.0.14:8545)
[2m2025-12-10T10:09:34.692594Z[0m [34mDEBUG[0m [2mhyper::proto::h1::io[0m[2m:[0m flushed 250 bytes
[2m2025-12-10T10:09:34.697149Z[0m [34mDEBUG[0m [2mhyper::client::pool[0m[2m:[0m reuse idle connection for ("http", 192.168.0.14:8545)
[2m2025-12-10T10:09:34.697213Z[0m [34mDEBUG[0m [2mhyper::proto::h1::io[0m[2m:[0m flushed 172 bytes
[2m2025-12-10T10:09:34.699940Z[0m [34mDEBUG[0m [2mhyper::proto::h1::io[0m[2m:[0m parsed 4 headers
[2m2025-12-10T10:09:34.699952Z[0m [34mDEBUG[0m [2mhyper::proto::h1::conn[0m[2m:[0m incoming body is content-length (1731 bytes)
[2m2025-12-10T10:09:34.699961Z[0m [34mDEBUG[0m [2mhyper::proto::h1::conn[0m[2m:[0m incoming body completed
[2m2025-12-10T10:09:34.699974Z[0m [34mDEBUG[0m [2mhyper::client::pool[0m[2m:[0m pooling idle connection for ("http", 192.168.0.14:8545)
[2m2025-12-10T10:09:34.699982Z[0m [34mDEBUG[0m [2methereum_transaction_pool_monitor::eth_client[0m[2m:[0m 📡 Transaction fetch RPC completed in 7.476542ms
[2m2025-12-10T10:09:34.773242Z[0m [34mDEBUG[0m [2methereum_transaction_pool_monitor::eth_client[0m[2m:[0m ✅ Transaction 0xcbb4228d08e4bc386fbf4a03c7eed4c0d6b713386eb2fe282ad1daaacd1dee41 fetched and parsed in 80.732917ms
[2m2025-12-10T10:09:34.773278Z[0m [34mDEBUG[0m [2methereum_transaction_pool_monitor::mempool_monitor[0m[2m:[0m 🔍 Skipping tx 0xcbb4228d08e4bc386fbf4a03c7eed4c0d6b713386eb2fe282ad1daaacd1dee41 - not a DEX interaction (target: 0x601a2aD6CB5949f0529735254189Ba3194221EDF)
[2m2025-12-10T10:09:34.773289Z[0m [34mDEBUG[0m [2methereum_transaction_pool_monitor::mempool_monitor[0m[2m:[0m 📨 Processing new pending transaction: 0xd4949c64f32e82f14026062107a000e3e19519c2eb3b9160ed77f24859cfc096
[2m2025-12-10T10:09:34.773297Z[0m [34mDEBUG[0m [2methereum_transaction_pool_monitor::mempool_monitor[0m[2m:[0m 🔍 Fetching transaction details for: 0xd4949c64f32e82f14026062107a000e3e19519c2eb3b9160ed77f24859cfc096
[2m2025-12-10T10:09:34.773303Z[0m [34mDEBUG[0m [2methereum_transaction_pool_monitor::eth_client[0m[2m:[0m 🔍 Fetching transaction details for hash: 0xd4949c64f32e82f14026062107a000e3e19519c2eb3b9160ed77f24859cfc096
[2m2025-12-10T10:09:34.773329Z[0m [34mDEBUG[0m [2mhyper::client::pool[0m[2m:[0m reuse idle connection for ("http", 192.168.0.14:8545)
[2m2025-12-10T10:09:34.773390Z[0m [34mDEBUG[0m [2mhyper::proto::h1::io[0m[2m:[0m flushed 250 bytes
[2m2025-12-10T10:09:34.773409Z[0m [34mDEBUG[0m [2mhyper::proto::h1::io[0m[2m:[0m parsed 4 headers
[2m2025-12-10T10:09:34.773414Z[0m [34mDEBUG[0m [2mhyper::proto::h1::conn[0m[2m:[0m incoming body is content-length (45 bytes)
[2m2025-12-10T10:09:34.773424Z[0m [34mDEBUG[0m [2mhyper::proto::h1::conn[0m[2m:[0m incoming body completed
[2m2025-12-10T10:09:34.773434Z[0m [34mDEBUG[0m [2mhyper::client::pool[0m[2m:[0m pooling idle connection for ("http", 192.168.0.14:8545)
[2m2025-12-10T10:09:34.777921Z[0m [34mDEBUG[0m [2mhyper::proto::h1::io[0m[2m:[0m parsed 4 headers
[2m2025-12-10T10:09:34.777933Z[0m [34mDEBUG[0m [2mhyper::proto::h1::conn[0m[2m:[0m incoming body is content-length (778 bytes)
[2m2025-12-10T10:09:34.777940Z[0m [34mDEBUG[0m [2mhyper::proto::h1::conn[0m[2m:[0m incoming body completed
[2m2025-12-10T10:09:34.777950Z[0m [34mDEBUG[0m [2mhyper::client::pool[0m[2m:[0m pooling idle connection for ("http", 192.168.0.14:8545)
[2m2025-12-10T10:09:34.777957Z[0m [34mDEBUG[0m [2methereum_transaction_pool_monitor::eth_client[0m[2m:[0m 📡 Transaction fetch RPC completed in 4.649541ms
[2m2025-12-10T10:09:34.850423Z[0m [34mDEBUG[0m [2methereum_transaction_pool_monitor::eth_client[0m[2m:[0m ✅ Transaction 0xd4949c64f32e82f14026062107a000e3e19519c2eb3b9160ed77f24859cfc096 fetched and parsed in 77.111583ms
[2m2025-12-10T10:09:34.850446Z[0m [34mDEBUG[0m [2methereum_transaction_pool_monitor::mempool_monitor[0m[2m:[0m 🔍 Skipping tx 0xd4949c64f32e82f14026062107a000e3e19519c2eb3b9160ed77f24859cfc096 - not a DEX interaction (target: 0xA0b86991c6218b36c1d19D4a2e9Eb0cE3606eB48)
[2m2025-12-10T10:09:34.850456Z[0m [34mDEBUG[0m [2methereum_transaction_pool_monitor::mempool_monitor[0m[2m:[0m 📨 Processing new pending transaction: 0xd1dbc08d55e79ebe2435f3f142c1c32ab5f2a9790ab3c3b9aedc79f273e50a84
[2m2025-12-10T10:09:34.850461Z[0m [34mDEBUG[0m [2methereum_transaction_pool_monitor::mempool_monitor[0m[2m:[0m 🔍 Fetching transaction details for: 0xd1dbc08d55e79ebe2435f3f142c1c32ab5f2a9790ab3c3b9aedc79f273e50a84
[2m2025-12-10T10:09:34.850465Z[0m [34mDEBUG[0m [2methereum_transaction_pool_monitor::eth_client[0m[2m:[0m 🔍 Fetching transaction details for hash: 0xd1dbc08d55e79ebe2435f3f142c1c32ab5f2a9790ab3c3b9aedc79f273e50a84
[2m2025-12-10T10:09:34.850489Z[0m [34mDEBUG[0m [2mhyper::client::pool[0m[2m:[0m reuse idle connection for ("http", 192.168.0.14:8545)
[2m2025-12-10T10:09:34.850523Z[0m [34mDEBUG[0m [2mhyper::proto::h1::io[0m[2m:[0m flushed 250 bytes
[2m2025-12-10T10:09:34.850551Z[0m [34mDEBUG[0m [2mhyper::client::pool[0m[2m:[0m reuse idle connection for ("http", 192.168.0.14:8545)
[2m2025-12-10T10:09:34.850566Z[0m [34mDEBUG[0m [2mhyper::proto::h1::io[0m[2m:[0m flushed 172 bytes
[2m2025-12-10T10:09:34.854530Z[0m [34mDEBUG[0m [2mhyper::proto::h1::io[0m[2m:[0m parsed 4 headers
[2m2025-12-10T10:09:34.854536Z[0m [34mDEBUG[0m [2mhyper::proto::h1::conn[0m[2m:[0m incoming body is content-length (779 bytes)
[2m2025-12-10T10:09:34.854544Z[0m [34mDEBUG[0m [2mhyper::proto::h1::conn[0m[2m:[0m incoming body completed
[2m2025-12-10T10:09:34.854554Z[0m [34mDEBUG[0m [2mhyper::client::pool[0m[2m:[0m pooling idle connection for ("http", 192.168.0.14:8545)
[2m2025-12-10T10:09:34.854561Z[0m [34mDEBUG[0m [2methereum_transaction_pool_monitor::eth_client[0m[2m:[0m 📡 Transaction fetch RPC completed in 4.090959ms
[2m2025-12-10T10:09:34.854578Z[0m [34mDEBUG[0m [2methereum_transaction_pool_monitor::eth_client[0m[2m:[0m DeFi transaction detected - Address: 0xdac17f958d2ee523a2206206994597c13d831ec7, Type: Stablecoin, Value: 0 ETH, Gas: 200.00 Gwei
[2m2025-12-10T10:09:34.854590Z[0m [34mDEBUG[0m [2methereum_transaction_pool_monitor::eth_client[0m[2m:[0m ✅ Transaction 0xd1dbc08d55e79ebe2435f3f142c1c32ab5f2a9790ab3c3b9aedc79f273e50a84 fetched and parsed in 4.120042ms
[2m2025-12-10T10:09:34.854596Z[0m [34mDEBUG[0m [2methereum_transaction_pool_monitor::mempool_monitor[0m[2m:[0m 🔍 Skipping tx 0xd1dbc08d55e79ebe2435f3f142c1c32ab5f2a9790ab3c3b9aedc79f273e50a84 - not a DEX interaction (target: 0xdAC17F958D2ee523a2206206994597C13D831ec7)
[2m2025-12-10T10:09:34.854602Z[0m [34mDEBUG[0m [2methereum_transaction_pool_monitor::mempool_monitor[0m[2m:[0m 📨 Processing new pending transaction: 0x8b9314d9a0f96a4183a2bfb82476dc2e818ffef79f7fe54795095aab31fa65fa
[2m2025-12-10T10:09:34.854605Z[0m [34mDEBUG[0m [2methereum_transaction_pool_monitor::mempool_monitor[0m[2m:[0m 🔍 Fetching transaction details for: 0x8b9314d9a0f96a4183a2bfb82476dc2e818ffef79f7fe54795095aab31fa65fa
[2m2025-12-10T10:09:34.854609Z[0m [34mDEBUG[0m [2methereum_transaction_pool_monitor::eth_client[0m[2m:[0m 🔍 Fetching transaction details for hash: 0x8b9314d9a0f96a4183a2bfb82476dc2e818ffef79f7fe54795095aab31fa65fa
[2m2025-12-10T10:09:34.854618Z[0m [34mDEBUG[0m [2mhyper::client::pool[0m[2m:[0m reuse idle connection for ("http", 192.168.0.14:8545)
[2m2025-12-10T10:09:34.854635Z[0m [34mDEBUG[0m [2mhyper::proto::h1::io[0m[2m:[0m flushed 250 bytes
[2m2025-12-10T10:09:34.854644Z[0m [34mDEBUG[0m [2mhyper::proto::h1::io[0m[2m:[0m parsed 4 headers
[2m2025-12-10T10:09:34.854648Z[0m [34mDEBUG[0m [2mhyper::proto::h1::conn[0m[2m:[0m incoming body is content-length (45 bytes)
[2m2025-12-10T10:09:34.854652Z[0m [34mDEBUG[0m [2mhyper::proto::h1::conn[0m[2m:[0m incoming body completed
[2m2025-12-10T10:09:34.854657Z[0m [34mDEBUG[0m [2mhyper::client::pool[0m[2m:[0m pooling idle connection for ("http", 192.168.0.14:8545)
[2m2025-12-10T10:09:34.859518Z[0m [34mDEBUG[0m [2mhyper::proto::h1::io[0m[2m:[0m parsed 4 headers
[2m2025-12-10T10:09:34.859525Z[0m [34mDEBUG[0m [2mhyper::proto::h1::conn[0m[2m:[0m incoming body is content-length (779 bytes)
[2m2025-12-10T10:09:34.859530Z[0m [34mDEBUG[0m [2mhyper::proto::h1::conn[0m[2m:[0m incoming body completed
[2m2025-12-10T10:09:34.859537Z[0m [34mDEBUG[0m [2mhyper::client::pool[0m[2m:[0m pooling idle connection for ("http", 192.168.0.14:8545)
[2m2025-12-10T10:09:34.859542Z[0m [34mDEBUG[0m [2methereum_transaction_pool_monitor::eth_client[0m[2m:[0m 📡 Transaction fetch RPC completed in 4.92925ms
[2m2025-12-10T10:09:34.859554Z[0m [34mDEBUG[0m [2methereum_transaction_pool_monitor::eth_client[0m[2m:[0m DeFi transaction detected - Address: 0xdac17f958d2ee523a2206206994597c13d831ec7, Type: Stablecoin, Value: 0 ETH, Gas: 200.00 Gwei
[2m2025-12-10T10:09:34.859564Z[0m [34mDEBUG[0m [2methereum_transaction_pool_monitor::eth_client[0m[2m:[0m ✅ Transaction 0x8b9314d9a0f96a4183a2bfb82476dc2e818ffef79f7fe54795095aab31fa65fa fetched and parsed in 4.950667ms
[2m2025-12-10T10:09:34.859569Z[0m [34mDEBUG[0m [2methereum_transaction_pool_monitor::mempool_monitor[0m[2m:[0m 🔍 Skipping tx 0x8b9314d9a0f96a4183a2bfb82476dc2e818ffef79f7fe54795095aab31fa65fa - not a DEX interaction (target: 0xdAC17F958D2ee523a2206206994597C13D831ec7)
[2m2025-12-10T10:09:34.859575Z[0m [34mDEBUG[0m [2methereum_transaction_pool_monitor::mempool_monitor[0m[2m:[0m 📨 Processing new pending transaction: 0x72740690bf9e0fc2bb317625cbf9cb6f51edfe5d8e0c53feb394551e7fe5acb4
[2m2025-12-10T10:09:34.859579Z[0m [34mDEBUG[0m [2methereum_transaction_pool_monitor::mempool_monitor[0m[2m:[0m 🔍 Fetching transaction details for: 0x72740690bf9e0fc2bb317625cbf9cb6f51edfe5d8e0c53feb394551e7fe5acb4
[2m2025-12-10T10:09:34.859583Z[0m [34mDEBUG[0m [2methereum_transaction_pool_monitor::eth_client[0m[2m:[0m 🔍 Fetching transaction details for hash: 0x72740690bf9e0fc2bb317625cbf9cb6f51edfe5d8e0c53feb394551e7fe5acb4
[2m2025-12-10T10:09:34.859593Z[0m [34mDEBUG[0m [2mhyper::client::pool[0m[2m:[0m reuse idle connection for ("http", 192.168.0.14:8545)
[2m2025-12-10T10:09:34.859609Z[0m [34mDEBUG[0m [2mhyper::proto::h1::io[0m[2m:[0m flushed 250 bytes
[2m2025-12-10T10:09:34.864426Z[0m [34mDEBUG[0m [2mhyper::proto::h1::io[0m[2m:[0m parsed 4 headers
[2m2025-12-10T10:09:34.864442Z[0m [34mDEBUG[0m [2mhyper::proto::h1::conn[0m[2m:[0m incoming body is content-length (647 bytes)
[2m2025-12-10T10:09:34.864451Z[0m [34mDEBUG[0m [2mhyper::proto::h1::conn[0m[2m:[0m incoming body completed
[2m2025-12-10T10:09:34.864461Z[0m [34mDEBUG[0m [2mhyper::client::pool[0m[2m:[0m pooling idle connection for ("http", 192.168.0.14:8545)
[2m2025-12-10T10:09:34.864472Z[0m [34mDEBUG[0m [2methereum_transaction_pool_monitor::eth_client[0m[2m:[0m 📡 Transaction fetch RPC completed in 4.884334ms
[2m2025-12-10T10:09:34.936039Z[0m [34mDEBUG[0m [2methereum_transaction_pool_monitor::eth_client[0m[2m:[0m ✅ Transaction 0x72740690bf9e0fc2bb317625cbf9cb6f51edfe5d8e0c53feb394551e7fe5acb4 fetched and parsed in 76.448792ms
[2m2025-12-10T10:09:34.936075Z[0m [34mDEBUG[0m [2methereum_transaction_pool_monitor::mempool_monitor[0m[2m:[0m 🔍 Skipping tx 0x72740690bf9e0fc2bb317625cbf9cb6f51edfe5d8e0c53feb394551e7fe5acb4 - not a DEX interaction (target: 0x6Ce41F62FBBAd7bEF57Ce143E73628b06551a666)
[2m2025-12-10T10:09:34.936087Z[0m [34mDEBUG[0m [2methereum_transaction_pool_monitor::mempool_monitor[0m[2m:[0m 📨 Processing new pending transaction: 0x4f30efc7ee6ec54eba0d01a193f8e815e91962709c76e4dca382566bbc1ab3ce
[2m2025-12-10T10:09:34.936096Z[0m [34mDEBUG[0m [2methereum_transaction_pool_monitor::mempool_monitor[0m[2m:[0m 🔍 Fetching transaction details for: 0x4f30efc7ee6ec54eba0d01a193f8e815e91962709c76e4dca382566bbc1ab3ce
[2m2025-12-10T10:09:34.936102Z[0m [34mDEBUG[0m [2methereum_transaction_pool_monitor::eth_client[0m[2m:[0m 🔍 Fetching transaction details for hash: 0x4f30efc7ee6ec54eba0d01a193f8e815e91962709c76e4dca382566bbc1ab3ce
[2m2025-12-10T10:09:34.936126Z[0m [34mDEBUG[0m [2mhyper::client::pool[0m[2m:[0m reuse idle connection for ("http", 192.168.0.14:8545)
[2m2025-12-10T10:09:34.936189Z[0m [34mDEBUG[0m [2mhyper::proto::h1::io[0m[2m:[0m flushed 250 bytes
[2m2025-12-10T10:09:34.936219Z[0m [34mDEBUG[0m [2mhyper::client::pool[0m[2m:[0m reuse idle connection for ("http", 192.168.0.14:8545)
[2m2025-12-10T10:09:34.936231Z[0m [34mDEBUG[0m [2methereum_transaction_pool_monitor::eth_client[0m[2m:[0m 📨 Received WebSocket message: {"jsonrpc":"2.0","method":"eth_subscription","params":{"subscription":"0xbed0a0851463e895960a451075a301a9","result":"0x5f2f7d7ca578f16e62e68fa4c21781fec61bcb9513a3a5c1692dfdcf9013f74e"}}
[2m2025-12-10T10:09:34.936236Z[0m [34mDEBUG[0m [2mhyper::proto::h1::io[0m[2m:[0m flushed 172 bytes
[2m2025-12-10T10:09:34.936249Z[0m [34mDEBUG[0m [2methereum_transaction_pool_monitor::eth_client[0m[2m:[0m 📨 Received pending transaction: 0x5f2f7d7ca578f16e62e68fa4c21781fec61bcb9513a3a5c1692dfdcf9013f74e
[2m2025-12-10T10:09:34.936259Z[0m [34mDEBUG[0m [2methereum_transaction_pool_monitor::eth_client[0m[2m:[0m 📨 Received WebSocket message: {"jsonrpc":"2.0","method":"eth_subscription","params":{"subscription":"0xbed0a0851463e895960a451075a301a9","result":"0x7570e83405b43bf3224d4cf81fb7e69ab007fb5b5809953377cb3a1be22d906a"}}
[2m2025-12-10T10:09:34.936264Z[0m [34mDEBUG[0m [2methereum_transaction_pool_monitor::eth_client[0m[2m:[0m 📨 Received pending transaction: 0x7570e83405b43bf3224d4cf81fb7e69ab007fb5b5809953377cb3a1be22d906a
[2m2025-12-10T10:09:34.936270Z[0m [34mDEBUG[0m [2methereum_transaction_pool_monitor::eth_client[0m[2m:[0m 📨 Received WebSocket message: {"jsonrpc":"2.0","method":"eth_subscription","params":{"subscription":"0xbed0a0851463e895960a451075a301a9","result":"0x8c97e434039c01c8333ba0e7344a5e18676bd1679bec097a3575d66391fc6a33"}}
[2m2025-12-10T10:09:34.936275Z[0m [34mDEBUG[0m [2methereum_transaction_pool_monitor::eth_client[0m[2m:[0m 📨 Received pending transaction: 0x8c97e434039c01c8333ba0e7344a5e18676bd1679bec097a3575d66391fc6a33
[2m2025-12-10T10:09:34.936279Z[0m [34mDEBUG[0m [2methereum_transaction_pool_monitor::eth_client[0m[2m:[0m 📨 Received WebSocket message: {"jsonrpc":"2.0","method":"eth_subscription","params":{"subscription":"0xbed0a0851463e895960a451075a301a9","result":"0x58ffa1709442076d839c72b804d3461127d8e912e5d50ee94db9a5c4d6b4c13d"}}
[2m2025-12-10T10:09:34.936285Z[0m [34mDEBUG[0m [2methereum_transaction_pool_monitor::eth_client[0m[2m:[0m 📨 Received pending transaction: 0x58ffa1709442076d839c72b804d3461127d8e912e5d50ee94db9a5c4d6b4c13d
[2m2025-12-10T10:09:34.936655Z[0m [34mDEBUG[0m [2methereum_transaction_pool_monitor::eth_client[0m[2m:[0m 📨 Received WebSocket message: {"jsonrpc":"2.0","method":"eth_subscription","params":{"subscription":"0xbed0a0851463e895960a451075a301a9","result":"0xa09d181b6f4e32784f729c1f755ad276785d628c3f4e406b282124f321625d9c"}}
[2m2025-12-10T10:09:34.936664Z[0m [34mDEBUG[0m [2methereum_transaction_pool_monitor::eth_client[0m[2m:[0m 📨 Received pending transaction: 0xa09d181b6f4e32784f729c1f755ad276785d628c3f4e406b282124f321625d9c
[2m2025-12-10T10:09:34.946021Z[0m [34mDEBUG[0m [2methereum_transaction_pool_monitor::eth_client[0m[2m:[0m 📨 Received WebSocket message: {"jsonrpc":"2.0","method":"eth_subscription","params":{"subscription":"0xbed0a0851463e895960a451075a301a9","result":"0xefaab3fa4c0abfeee34fe78020aadedc0172a9cb207197cb15313339040ea131"}}
[2m2025-12-10T10:09:34.946033Z[0m [34mDEBUG[0m [2methereum_transaction_pool_monitor::eth_client[0m[2m:[0m 📨 Received pending transaction: 0xefaab3fa4c0abfeee34fe78020aadedc0172a9cb207197cb15313339040ea131
[2m2025-12-10T10:09:34.946048Z[0m [34mDEBUG[0m [2mhyper::proto::h1::io[0m[2m:[0m parsed 4 headers
[2m2025-12-10T10:09:34.946053Z[0m [34mDEBUG[0m [2mhyper::proto::h1::io[0m[2m:[0m parsed 4 headers
[2m2025-12-10T10:09:34.946054Z[0m [34mDEBUG[0m [2mhyper::proto::h1::conn[0m[2m:[0m incoming body is content-length (674 bytes)
[2m2025-12-10T10:09:34.946062Z[0m [34mDEBUG[0m [2mhyper::proto::h1::conn[0m[2m:[0m incoming body is content-length (45 bytes)
[2m2025-12-10T10:09:34.946072Z[0m [34mDEBUG[0m [2mhyper::proto::h1::conn[0m[2m:[0m incoming body completed
[2m2025-12-10T10:09:34.946075Z[0m [34mDEBUG[0m [2mhyper::proto::h1::conn[0m[2m:[0m incoming body completed
[2m2025-12-10T10:09:34.946084Z[0m [34mDEBUG[0m [2mhyper::client::pool[0m[2m:[0m pooling idle connection for ("http", 192.168.0.14:8545)
[2m2025-12-10T10:09:34.946087Z[0m [34mDEBUG[0m [2mhyper::client::pool[0m[2m:[0m pooling idle connection for ("http", 192.168.0.14:8545)
[2m2025-12-10T10:09:34.946093Z[0m [34mDEBUG[0m [2methereum_transaction_pool_monitor::eth_client[0m[2m:[0m 📡 Transaction fetch RPC completed in 9.986083ms
[2m2025-12-10T10:09:34.946110Z[0m [34mDEBUG[0m [2methereum_transaction_pool_monitor::eth_client[0m[2m:[0m DeFi transaction detected - Address: 0xdac17f958d2ee523a2206206994597c13d831ec7, Type: Stablecoin, Value: 0 ETH, Gas: 0.21 Gwei
[2m2025-12-10T10:09:34.946124Z[0m [34mDEBUG[0m [2methereum_transaction_pool_monitor::eth_client[0m[2m:[0m ✅ Transaction 0x4f30efc7ee6ec54eba0d01a193f8e815e91962709c76e4dca382566bbc1ab3ce fetched and parsed in 10.016833ms
[2m2025-12-10T10:09:34.946130Z[0m [34mDEBUG[0m [2methereum_transaction_pool_monitor::mempool_monitor[0m[2m:[0m 🔍 Skipping tx 0x4f30efc7ee6ec54eba0d01a193f8e815e91962709c76e4dca382566bbc1ab3ce - not a DEX interaction (target: 0xdAC17F958D2ee523a2206206994597C13D831ec7)
[2m2025-12-10T10:09:34.946136Z[0m [34mDEBUG[0m [2methereum_transaction_pool_monitor::mempool_monitor[0m[2m:[0m 📨 Processing new pending transaction: 0x6f7a89b9aae97f657f1e0afc7781191dc512c7daee31f9414d5538b86b3cf5e0
[2m2025-12-10T10:09:34.946141Z[0m [34mDEBUG[0m [2methereum_transaction_pool_monitor::mempool_monitor[0m[2m:[0m 🔍 Fetching transaction details for: 0x6f7a89b9aae97f657f1e0afc7781191dc512c7daee31f9414d5538b86b3cf5e0
[2m2025-12-10T10:09:34.946146Z[0m [34mDEBUG[0m [2methereum_transaction_pool_monitor::eth_client[0m[2m:[0m 🔍 Fetching transaction details for hash: 0x6f7a89b9aae97f657f1e0afc7781191dc512c7daee31f9414d5538b86b3cf5e0
[2m2025-12-10T10:09:34.946158Z[0m [34mDEBUG[0m [2mhyper::client::pool[0m[2m:[0m reuse idle connection for ("http", 192.168.0.14:8545)
[2m2025-12-10T10:09:34.946177Z[0m [34mDEBUG[0m [2mhyper::proto::h1::io[0m[2m:[0m flushed 250 bytes
[2m2025-12-10T10:09:34.954628Z[0m [34mDEBUG[0m [2mhyper::proto::h1::io[0m[2m:[0m parsed 4 headers
[2m2025-12-10T10:09:34.954637Z[0m [34mDEBUG[0m [2mhyper::proto::h1::conn[0m[2m:[0m incoming body is content-length (830 bytes)
[2m2025-12-10T10:09:34.954644Z[0m [34mDEBUG[0m [2mhyper::proto::h1::conn[0m[2m:[0m incoming body completed
[2m2025-12-10T10:09:34.954653Z[0m [34mDEBUG[0m [2mhyper::client::pool[0m[2m:[0m pooling idle connection for ("http", 192.168.0.14:8545)
[2m2025-12-10T10:09:34.954659Z[0m [34mDEBUG[0m [2methereum_transaction_pool_monitor::eth_client[0m[2m:[0m 📡 Transaction fetch RPC completed in 8.506375ms
[2m2025-12-10T10:09:35.043900Z[0m [34mDEBUG[0m [2methereum_transaction_pool_monitor::eth_client[0m[2m:[0m ✅ Transaction 0x6f7a89b9aae97f657f1e0afc7781191dc512c7daee31f9414d5538b86b3cf5e0 fetched and parsed in 97.745667ms
[2m2025-12-10T10:09:35.043920Z[0m [34mDEBUG[0m [2methereum_transaction_pool_monitor::mempool_monitor[0m[2m:[0m 🔍 Skipping tx 0x6f7a89b9aae97f657f1e0afc7781191dc512c7daee31f9414d5538b86b3cf5e0 - not a DEX interaction (target: 0x51C03A791e0F22D66F17edA5a897c108d5CF7ce7)
[2m2025-12-10T10:09:35.043931Z[0m [34mDEBUG[0m [2methereum_transaction_pool_monitor::mempool_monitor[0m[2m:[0m 📨 Processing new pending transaction: 0x0bb87438bcfe6a2b2c68584c4ebec48276422458187fc8fa70973c20f30d475f
[2m2025-12-10T10:09:35.043936Z[0m [34mDEBUG[0m [2methereum_transaction_pool_monitor::mempool_monitor[0m[2m:[0m 🔍 Fetching transaction details for: 0x0bb87438bcfe6a2b2c68584c4ebec48276422458187fc8fa70973c20f30d475f
[2m2025-12-10T10:09:35.043940Z[0m [34mDEBUG[0m [2methereum_transaction_pool_monitor::eth_client[0m[2m:[0m 🔍 Fetching transaction details for hash: 0x0bb87438bcfe6a2b2c68584c4ebec48276422458187fc8fa70973c20f30d475f
[2m2025-12-10T10:09:35.043961Z[0m [34mDEBUG[0m [2mhyper::client::pool[0m[2m:[0m reuse idle connection for ("http", 192.168.0.14:8545)
[2m2025-12-10T10:09:35.043986Z[0m [34mDEBUG[0m [2mhyper::proto::h1::io[0m[2m:[0m flushed 250 bytes
[2m2025-12-10T10:09:35.044004Z[0m [34mDEBUG[0m [2mhyper::client::pool[0m[2m:[0m reuse idle connection for ("http", 192.168.0.14:8545)
[2m2025-12-10T10:09:35.044018Z[0m [34mDEBUG[0m [2mhyper::proto::h1::io[0m[2m:[0m flushed 172 bytes
[2m2025-12-10T10:09:35.044033Z[0m [34mDEBUG[0m [2methereum_transaction_pool_monitor::eth_client[0m[2m:[0m 📨 Received WebSocket message: {"jsonrpc":"2.0","method":"eth_subscription","params":{"subscription":"0xbed0a0851463e895960a451075a301a9","result":"0x2653bf2d050593f38c679338d8bec38950c810e4a09086d67164abc6eae15d6d"}}
[2m2025-12-10T10:09:35.044043Z[0m [34mDEBUG[0m [2methereum_transaction_pool_monitor::eth_client[0m[2m:[0m 📨 Received pending transaction: 0x2653bf2d050593f38c679338d8bec38950c810e4a09086d67164abc6eae15d6d
[2m2025-12-10T10:09:35.044050Z[0m [34mDEBUG[0m [2methereum_transaction_pool_monitor::eth_client[0m[2m:[0m 📨 Received WebSocket message: {"jsonrpc":"2.0","method":"eth_subscription","params":{"subscription":"0xbed0a0851463e895960a451075a301a9","result":"0x667aecf19889b07faff77983bf4918187c1a368867f4ad3c7ca4c52fe75ba554"}}
[2m2025-12-10T10:09:35.044057Z[0m [34mDEBUG[0m [2methereum_transaction_pool_monitor::eth_client[0m[2m:[0m 📨 Received pending transaction: 0x667aecf19889b07faff77983bf4918187c1a368867f4ad3c7ca4c52fe75ba554
[2m2025-12-10T10:09:35.044062Z[0m [34mDEBUG[0m [2methereum_transaction_pool_monitor::eth_client[0m[2m:[0m 📨 Received WebSocket message: {"jsonrpc":"2.0","method":"eth_subscription","params":{"subscription":"0xbed0a0851463e895960a451075a301a9","result":"0xe2b560601558605a1efff523a441e6ca5d90256f2c7ee873014fc31fd8a3a60f"}}
[2m2025-12-10T10:09:35.044067Z[0m [34mDEBUG[0m [2methereum_transaction_pool_monitor::eth_client[0m[2m:[0m 📨 Received pending transaction: 0xe2b560601558605a1efff523a441e6ca5d90256f2c7ee873014fc31fd8a3a60f
[2m2025-12-10T10:09:35.044071Z[0m [34mDEBUG[0m [2methereum_transaction_pool_monitor::eth_client[0m[2m:[0m 📨 Received WebSocket message: {"jsonrpc":"2.0","method":"eth_subscription","params":{"subscription":"0xbed0a0851463e895960a451075a301a9","result":"0xf589e19f797ebfdd8fbc96ba27259c87d6588e2075279ac9f7817165bdf95a15"}}
[2m2025-12-10T10:09:35.044076Z[0m [34mDEBUG[0m [2methereum_transaction_pool_monitor::eth_client[0m[2m:[0m 📨 Received pending transaction: 0xf589e19f797ebfdd8fbc96ba27259c87d6588e2075279ac9f7817165bdf95a15
[2m2025-12-10T10:09:35.044080Z[0m [34mDEBUG[0m [2methereum_transaction_pool_monitor::eth_client[0m[2m:[0m 📨 Received WebSocket message: {"jsonrpc":"2.0","method":"eth_subscription","params":{"subscription":"0xbed0a0851463e895960a451075a301a9","result":"0xf88eaf0e8bc35594ea2eaaaafefecc6203d0faf052d1824e70332fa55b049580"}}
[2m2025-12-10T10:09:35.044085Z[0m [34mDEBUG[0m [2methereum_transaction_pool_monitor::eth_client[0m[2m:[0m 📨 Received pending transaction: 0xf88eaf0e8bc35594ea2eaaaafefecc6203d0faf052d1824e70332fa55b049580
[2m2025-12-10T10:09:35.044089Z[0m [34mDEBUG[0m [2methereum_transaction_pool_monitor::eth_client[0m[2m:[0m 📨 Received WebSocket message: {"jsonrpc":"2.0","method":"eth_subscription","params":{"subscription":"0xbed0a0851463e895960a451075a301a9","result":"0x184a8e743eaf4af6383092447b731fc75b037a65c2a845674b2c151685e6130f"}}
[2m2025-12-10T10:09:35.044093Z[0m [34mDEBUG[0m [2methereum_transaction_pool_monitor::eth_client[0m[2m:[0m 📨 Received pending transaction: 0x184a8e743eaf4af6383092447b731fc75b037a65c2a845674b2c151685e6130f
[2m2025-12-10T10:09:35.044097Z[0m [34mDEBUG[0m [2methereum_transaction_pool_monitor::eth_client[0m[2m:[0m 📨 Received WebSocket message: {"jsonrpc":"2.0","method":"eth_subscription","params":{"subscription":"0xbed0a0851463e895960a451075a301a9","result":"0x09aa43266833df15a2c0c36ca125f08563456623f788684e0da6800947e88753"}}
[2m2025-12-10T10:09:35.044102Z[0m [34mDEBUG[0m [2methereum_transaction_pool_monitor::eth_client[0m[2m:[0m 📨 Received pending transaction: 0x09aa43266833df15a2c0c36ca125f08563456623f788684e0da6800947e88753
[2m2025-12-10T10:09:35.044106Z[0m [34mDEBUG[0m [2methereum_transaction_pool_monitor::eth_client[0m[2m:[0m 📨 Received WebSocket message: {"jsonrpc":"2.0","method":"eth_subscription","params":{"subscription":"0xbed0a0851463e895960a451075a301a9","result":"0x0581afbbcdbc8ae322de360457040feca51fc741c8938501c507cd6341d960a5"}}
[2m2025-12-10T10:09:35.044111Z[0m [34mDEBUG[0m [2methereum_transaction_pool_monitor::eth_client[0m[2m:[0m 📨 Received pending transaction: 0x0581afbbcdbc8ae322de360457040feca51fc741c8938501c507cd6341d960a5
[2m2025-12-10T10:09:35.045771Z[0m [34mDEBUG[0m [2methereum_transaction_pool_monitor::eth_client[0m[2m:[0m 📨 Received WebSocket message: {"jsonrpc":"2.0","method":"eth_subscription","params":{"subscription":"0xbed0a0851463e895960a451075a301a9","result":"0x5f9664427fd317152a22f51c8a9e06a62d171b43482b14df29a1fabcd7f62cb7"}}
[2m2025-12-10T10:09:35.045781Z[0m [34mDEBUG[0m [2methereum_transaction_pool_monitor::eth_client[0m[2m:[0m 📨 Received pending transaction: 0x5f9664427fd317152a22f51c8a9e06a62d171b43482b14df29a1fabcd7f62cb7
[2m2025-12-10T10:09:35.055467Z[0m [34mDEBUG[0m [2mhyper::proto::h1::io[0m[2m:[0m parsed 4 headers
[2m2025-12-10T10:09:35.055488Z[0m [34mDEBUG[0m [2mhyper::proto::h1::conn[0m[2m:[0m incoming body is content-length (770 bytes)
[2m2025-12-10T10:09:35.055501Z[0m [34mDEBUG[0m [2mhyper::proto::h1::conn[0m[2m:[0m incoming body completed
[2m2025-12-10T10:09:35.055516Z[0m [34mDEBUG[0m [2mhyper::client::pool[0m[2m:[0m pooling idle connection for ("http", 192.168.0.14:8545)
[2m2025-12-10T10:09:35.055528Z[0m [34mDEBUG[0m [2methereum_transaction_pool_monitor::eth_client[0m[2m:[0m 📡 Transaction fetch RPC completed in 11.582125ms
[2m2025-12-10T10:09:35.055550Z[0m [34mDEBUG[0m [2methereum_transaction_pool_monitor::eth_client[0m[2m:[0m DeFi transaction detected - Address: 0xdac17f958d2ee523a2206206994597c13d831ec7, Type: Stablecoin, Value: 0 ETH, Gas: 0.23 Gwei
[2m2025-12-10T10:09:35.055565Z[0m [34mDEBUG[0m [2methereum_transaction_pool_monitor::eth_client[0m[2m:[0m ✅ Transaction 0x0bb87438bcfe6a2b2c68584c4ebec48276422458187fc8fa70973c20f30d475f fetched and parsed in 11.61925ms
[2m2025-12-10T10:09:35.055578Z[0m [34mDEBUG[0m [2methereum_transaction_pool_monitor::mempool_monitor[0m[2m:[0m 🔍 Skipping tx 0x0bb87438bcfe6a2b2c68584c4ebec48276422458187fc8fa70973c20f30d475f - not a DEX interaction (target: 0xdAC17F958D2ee523a2206206994597C13D831ec7)
[2m2025-12-10T10:09:35.055587Z[0m [34mDEBUG[0m [2methereum_transaction_pool_monitor::mempool_monitor[0m[2m:[0m 📨 Processing new pending transaction: 0xdaf92f511a8dbaa9d7372b9d301579561e378c5d363e70698bb8dc52ba7634cc
[2m2025-12-10T10:09:35.055601Z[0m [34mDEBUG[0m [2methereum_transaction_pool_monitor::mempool_monitor[0m[2m:[0m 🔍 Fetching transaction details for: 0xdaf92f511a8dbaa9d7372b9d301579561e378c5d363e70698bb8dc52ba7634cc
[2m2025-12-10T10:09:35.055605Z[0m [34mDEBUG[0m [2methereum_transaction_pool_monitor::eth_client[0m[2m:[0m 🔍 Fetching transaction details for hash: 0xdaf92f511a8dbaa9d7372b9d301579561e378c5d363e70698bb8dc52ba7634cc
[2m2025-12-10T10:09:35.055624Z[0m [34mDEBUG[0m [2mhyper::client::pool[0m[2m:[0m reuse idle connection for ("http", 192.168.0.14:8545)
[2m2025-12-10T10:09:35.055661Z[0m [34mDEBUG[0m [2mhyper::proto::h1::io[0m[2m:[0m flushed 250 bytes
[2m2025-12-10T10:09:35.055673Z[0m [34mDEBUG[0m [2mhyper::proto::h1::io[0m[2m:[0m parsed 4 headers
[2m2025-12-10T10:09:35.055677Z[0m [34mDEBUG[0m [2mhyper::proto::h1::conn[0m[2m:[0m incoming body is content-length (45 bytes)
[2m2025-12-10T10:09:35.055682Z[0m [34mDEBUG[0m [2mhyper::proto::h1::conn[0m[2m:[0m incoming body completed
[2m2025-12-10T10:09:35.055689Z[0m [34mDEBUG[0m [2mhyper::client::pool[0m[2m:[0m pooling idle connection for ("http", 192.168.0.14:8545)
[2m2025-12-10T10:09:35.059896Z[0m [34mDEBUG[0m [2methereum_transaction_pool_monitor::eth_client[0m[2m:[0m 📨 Received WebSocket message: {"jsonrpc":"2.0","method":"eth_subscription","params":{"subscription":"0xbed0a0851463e895960a451075a301a9","result":"0xd3173967bfb4e8aca34509e0c304c4e5ac9380babc41412a62a8a1b1e2ea7a18"}}
[2m2025-12-10T10:09:35.059908Z[0m [34mDEBUG[0m [2methereum_transaction_pool_monitor::eth_client[0m[2m:[0m 📨 Received pending transaction: 0xd3173967bfb4e8aca34509e0c304c4e5ac9380babc41412a62a8a1b1e2ea7a18
[2m2025-12-10T10:09:35.064027Z[0m [34mDEBUG[0m [2mhyper::proto::h1::io[0m[2m:[0m parsed 4 headers
[2m2025-12-10T10:09:35.064040Z[0m [34mDEBUG[0m [2mhyper::proto::h1::conn[0m[2m:[0m incoming body is content-length (2436 bytes)
[2m2025-12-10T10:09:35.064055Z[0m [34mDEBUG[0m [2mhyper::proto::h1::conn[0m[2m:[0m incoming body completed
[2m2025-12-10T10:09:35.064073Z[0m [34mDEBUG[0m [2mhyper::client::pool[0m[2m:[0m pooling idle connection for ("http", 192.168.0.14:8545)
[2m2025-12-10T10:09:35.064081Z[0m [34mDEBUG[0m [2methereum_transaction_pool_monitor::eth_client[0m[2m:[0m 📡 Transaction fetch RPC completed in 8.471875ms
[2m2025-12-10T10:09:35.136641Z[0m [34mDEBUG[0m [2methereum_transaction_pool_monitor::eth_client[0m[2m:[0m ✅ Transaction 0xdaf92f511a8dbaa9d7372b9d301579561e378c5d363e70698bb8dc52ba7634cc fetched and parsed in 81.028792ms
[2m2025-12-10T10:09:35.136664Z[0m [34mDEBUG[0m [2methereum_transaction_pool_monitor::mempool_monitor[0m[2m:[0m 🔍 Skipping tx 0xdaf92f511a8dbaa9d7372b9d301579561e378c5d363e70698bb8dc52ba7634cc - not a DEX interaction (target: 0x888888888889758F76e7103c6CbF23ABbF58F946)
[2m2025-12-10T10:09:35.136676Z[0m [34mDEBUG[0m [2methereum_transaction_pool_monitor::mempool_monitor[0m[2m:[0m 📨 Processing new pending transaction: 0x25b7be59c5d95eeb44b18a6ab91602f7dfba0278e29b1d4183fde82b54c6865f
[2m2025-12-10T10:09:35.136681Z[0m [34mDEBUG[0m [2methereum_transaction_pool_monitor::mempool_monitor[0m[2m:[0m 🔍 Fetching transaction details for: 0x25b7be59c5d95eeb44b18a6ab91602f7dfba0278e29b1d4183fde82b54c6865f
[2m2025-12-10T10:09:35.136685Z[0m [34mDEBUG[0m [2methereum_transaction_pool_monitor::eth_client[0m[2m:[0m 🔍 Fetching transaction details for hash: 0x25b7be59c5d95eeb44b18a6ab91602f7dfba0278e29b1d4183fde82b54c6865f
[2m2025-12-10T10:09:35.136715Z[0m [34mDEBUG[0m [2mhyper::client::pool[0m[2m:[0m reuse idle connection for ("http", 192.168.0.14:8545)
[2m2025-12-10T10:09:35.136755Z[0m [34mDEBUG[0m [2mhyper::proto::h1::io[0m[2m:[0m flushed 250 bytes
[2m2025-12-10T10:09:35.136775Z[0m [34mDEBUG[0m [2mhyper::client::pool[0m[2m:[0m reuse idle connection for ("http", 192.168.0.14:8545)
[2m2025-12-10T10:09:35.136789Z[0m [34mDEBUG[0m [2mhyper::proto::h1::io[0m[2m:[0m flushed 172 bytes
[2m2025-12-10T10:09:35.136788Z[0m [34mDEBUG[0m [2methereum_transaction_pool_monitor::eth_client[0m[2m:[0m 📨 Received WebSocket message: {"jsonrpc":"2.0","method":"eth_subscription","params":{"subscription":"0xbed0a0851463e895960a451075a301a9","result":"0xa769ba5164a950de6af090c09cda44861680bd353e9407b74cc4f7318395e8dd"}}
[2m2025-12-10T10:09:35.136803Z[0m [34mDEBUG[0m [2methereum_transaction_pool_monitor::eth_client[0m[2m:[0m 📨 Received pending transaction: 0xa769ba5164a950de6af090c09cda44861680bd353e9407b74cc4f7318395e8dd
[2m2025-12-10T10:09:35.136809Z[0m [34mDEBUG[0m [2methereum_transaction_pool_monitor::eth_client[0m[2m:[0m 📨 Received WebSocket message: {"jsonrpc":"2.0","method":"eth_subscription","params":{"subscription":"0xbed0a0851463e895960a451075a301a9","result":"0x1f025ceba401f0582f1309a17d4d9174dc6e1ada5e352a3dec7b5ab6affaee6d"}}
[2m2025-12-10T10:09:35.136814Z[0m [34mDEBUG[0m [2methereum_transaction_pool_monitor::eth_client[0m[2m:[0m 📨 Received pending transaction: 0x1f025ceba401f0582f1309a17d4d9174dc6e1ada5e352a3dec7b5ab6affaee6d
[2m2025-12-10T10:09:35.136818Z[0m [34mDEBUG[0m [2methereum_transaction_pool_monitor::eth_client[0m[2m:[0m 📨 Received WebSocket message: {"jsonrpc":"2.0","method":"eth_subscription","params":{"subscription":"0xbed0a0851463e895960a451075a301a9","result":"0x38348421d25f05ba63d54f4220e9d40401ff5268757ffc4cd2280fec91c88b97"}}
[2m2025-12-10T10:09:35.136822Z[0m [34mDEBUG[0m [2methereum_transaction_pool_monitor::eth_client[0m[2m:[0m 📨 Received pending transaction: 0x38348421d25f05ba63d54f4220e9d40401ff5268757ffc4cd2280fec91c88b97
[2m2025-12-10T10:09:35.136826Z[0m [34mDEBUG[0m [2methereum_transaction_pool_monitor::eth_client[0m[2m:[0m 📨 Received WebSocket message: {"jsonrpc":"2.0","method":"eth_subscription","params":{"subscription":"0xbed0a0851463e895960a451075a301a9","result":"0x0de0643780369f5ab485f79b643167d68dad57e67e7ac3c8ebc3f338b809a767"}}
[2m2025-12-10T10:09:35.136830Z[0m [34mDEBUG[0m [2methereum_transaction_pool_monitor::eth_client[0m[2m:[0m 📨 Received pending transaction: 0x0de0643780369f5ab485f79b643167d68dad57e67e7ac3c8ebc3f338b809a767
[2m2025-12-10T10:09:35.136833Z[0m [34mDEBUG[0m [2methereum_transaction_pool_monitor::eth_client[0m[2m:[0m 📨 Received WebSocket message: {"jsonrpc":"2.0","method":"eth_subscription","params":{"subscription":"0xbed0a0851463e895960a451075a301a9","result":"0x35d1b517283cc5aa18f9547fb82e43f4ccb8cec15c227e8d4d047226f9b70f9c"}}
[2m2025-12-10T10:09:35.136837Z[0m [34mDEBUG[0m [2methereum_transaction_pool_monitor::eth_client[0m[2m:[0m 📨 Received pending transaction: 0x35d1b517283cc5aa18f9547fb82e43f4ccb8cec15c227e8d4d047226f9b70f9c
[2m2025-12-10T10:09:35.136841Z[0m [34mDEBUG[0m [2methereum_transaction_pool_monitor::eth_client[0m[2m:[0m 📨 Received WebSocket message: {"jsonrpc":"2.0","method":"eth_subscription","params":{"subscription":"0xbed0a0851463e895960a451075a301a9","result":"0x24a4337cd581eef0cf4adcd76b8f341159fecbb6dbf8886590898fd381b7d757"}}
[2m2025-12-10T10:09:35.136845Z[0m [34mDEBUG[0m [2methereum_transaction_pool_monitor::eth_client[0m[2m:[0m 📨 Received pending transaction: 0x24a4337cd581eef0cf4adcd76b8f341159fecbb6dbf8886590898fd381b7d757
[2m2025-12-10T10:09:35.136849Z[0m [34mDEBUG[0m [2methereum_transaction_pool_monitor::eth_client[0m[2m:[0m 📨 Received WebSocket message: {"jsonrpc":"2.0","method":"eth_subscription","params":{"subscription":"0xbed0a0851463e895960a451075a301a9","result":"0xde183c2a53836ba831722b21ac809784ca730537374fa4076dd7ac9e33101344"}}
[2m2025-12-10T10:09:35.136853Z[0m [34mDEBUG[0m [2methereum_transaction_pool_monitor::eth_client[0m[2m:[0m 📨 Received pending transaction: 0xde183c2a53836ba831722b21ac809784ca730537374fa4076dd7ac9e33101344
[2m2025-12-10T10:09:35.140490Z[0m [34mDEBUG[0m [2mhyper::proto::h1::io[0m[2m:[0m parsed 4 headers
[2m2025-12-10T10:09:35.143303Z[0m [34mDEBUG[0m [2mhyper::proto::h1::conn[0m[2m:[0m incoming body is content-length (651 bytes)
[2m2025-12-10T10:09:35.143312Z[0m [34mDEBUG[0m [2mhyper::proto::h1::conn[0m[2m:[0m incoming body completed
[2m2025-12-10T10:09:35.143321Z[0m [34mDEBUG[0m [2mhyper::client::pool[0m[2m:[0m pooling idle connection for ("http", 192.168.0.14:8545)
[2m2025-12-10T10:09:35.143328Z[0m [34mDEBUG[0m [2methereum_transaction_pool_monitor::eth_client[0m[2m:[0m 📡 Transaction fetch RPC completed in 6.630083ms
[2m2025-12-10T10:09:35.242334Z[0m [34mDEBUG[0m [2methereum_transaction_pool_monitor::eth_client[0m[2m:[0m ✅ Transaction 0x25b7be59c5d95eeb44b18a6ab91602f7dfba0278e29b1d4183fde82b54c6865f fetched and parsed in 105.63175ms
[2m2025-12-10T10:09:35.242357Z[0m [34mDEBUG[0m [2methereum_transaction_pool_monitor::mempool_monitor[0m[2m:[0m 🔍 Skipping tx 0x25b7be59c5d95eeb44b18a6ab91602f7dfba0278e29b1d4183fde82b54c6865f - not a DEX interaction (target: 0xA6f3Ef179492e5239B1f712d5F10388252b3d10F)
[2m2025-12-10T10:09:35.242367Z[0m [34mDEBUG[0m [2methereum_transaction_pool_monitor::mempool_monitor[0m[2m:[0m 📨 Processing new pending transaction: 0x2fa439670e949f9fc8d60d5c5b9944d1f2fd3985401f6e57b743e47917222a30
[2m2025-12-10T10:09:35.242372Z[0m [34mDEBUG[0m [2methereum_transaction_pool_monitor::mempool_monitor[0m[2m:[0m 🔍 Fetching transaction details for: 0x2fa439670e949f9fc8d60d5c5b9944d1f2fd3985401f6e57b743e47917222a30
[2m2025-12-10T10:09:35.242376Z[0m [34mDEBUG[0m [2methereum_transaction_pool_monitor::eth_client[0m[2m:[0m 🔍 Fetching transaction details for hash: 0x2fa439670e949f9fc8d60d5c5b9944d1f2fd3985401f6e57b743e47917222a30
[2m2025-12-10T10:09:35.242397Z[0m [34mDEBUG[0m [2mhyper::client::pool[0m[2m:[0m reuse idle connection for ("http", 192.168.0.14:8545)
[2m2025-12-10T10:09:35.242436Z[0m [34mDEBUG[0m [2mhyper::proto::h1::io[0m[2m:[0m flushed 250 bytes
[2m2025-12-10T10:09:35.242463Z[0m [34mDEBUG[0m [2methereum_transaction_pool_monitor::eth_client[0m[2m:[0m 📨 Received WebSocket message: {"jsonrpc":"2.0","method":"eth_subscription","params":{"subscription":"0xbed0a0851463e895960a451075a301a9","result":"0x4efdfdf6c82cb7051eeaeedba6018a7de3b3aa8e27201208426324951ed0809e"}}
[2m2025-12-10T10:09:35.242467Z[0m [34mDEBUG[0m [2mhyper::proto::h1::io[0m[2m:[0m parsed 4 headers
[2m2025-12-10T10:09:35.242470Z[0m [34mDEBUG[0m [2methereum_transaction_pool_monitor::eth_client[0m[2m:[0m 📨 Received pending transaction: 0x4efdfdf6c82cb7051eeaeedba6018a7de3b3aa8e27201208426324951ed0809e
[2m2025-12-10T10:09:35.242476Z[0m [34mDEBUG[0m [2mhyper::proto::h1::conn[0m[2m:[0m incoming body is content-length (45 bytes)
[2m2025-12-10T10:09:35.242479Z[0m [34mDEBUG[0m [2methereum_transaction_pool_monitor::eth_client[0m[2m:[0m 📨 Received WebSocket message: {"jsonrpc":"2.0","method":"eth_subscription","params":{"subscription":"0xbed0a0851463e895960a451075a301a9","result":"0x1ab82b83d8daa10e390145fdd7c6ca79dbb4af4d4c1cdd0047524110a4f96a27"}}
[2m2025-12-10T10:09:35.242484Z[0m [34mDEBUG[0m [2mhyper::proto::h1::conn[0m[2m:[0m incoming body completed
[2m2025-12-10T10:09:35.242485Z[0m [34mDEBUG[0m [2methereum_transaction_pool_monitor::eth_client[0m[2m:[0m 📨 Received pending transaction: 0x1ab82b83d8daa10e390145fdd7c6ca79dbb4af4d4c1cdd0047524110a4f96a27
[2m2025-12-10T10:09:35.242495Z[0m [34mDEBUG[0m [2mhyper::client::pool[0m[2m:[0m pooling idle connection for ("http", 192.168.0.14:8545)
[2m2025-12-10T10:09:35.242513Z[0m [34mDEBUG[0m [2mhyper::client::pool[0m[2m:[0m reuse idle connection for ("http", 192.168.0.14:8545)
[2m2025-12-10T10:09:35.242529Z[0m [34mDEBUG[0m [2mhyper::proto::h1::io[0m[2m:[0m flushed 172 bytes
[2m2025-12-10T10:09:35.245207Z[0m [34mDEBUG[0m [2mhyper::proto::h1::io[0m[2m:[0m parsed 4 headers
[2m2025-12-10T10:09:35.245212Z[0m [34mDEBUG[0m [2mhyper::proto::h1::conn[0m[2m:[0m incoming body is content-length (775 bytes)
[2m2025-12-10T10:09:35.245218Z[0m [34mDEBUG[0m [2mhyper::proto::h1::conn[0m[2m:[0m incoming body completed
[2m2025-12-10T10:09:35.245224Z[0m [34mDEBUG[0m [2mhyper::client::pool[0m[2m:[0m pooling idle connection for ("http", 192.168.0.14:8545)
[2m2025-12-10T10:09:35.245229Z[0m [34mDEBUG[0m [2methereum_transaction_pool_monitor::eth_client[0m[2m:[0m 📡 Transaction fetch RPC completed in 2.849292ms
[2m2025-12-10T10:09:35.317533Z[0m [34mDEBUG[0m [2methereum_transaction_pool_monitor::eth_client[0m[2m:[0m ✅ Transaction 0x2fa439670e949f9fc8d60d5c5b9944d1f2fd3985401f6e57b743e47917222a30 fetched and parsed in 75.151958ms
[2m2025-12-10T10:09:35.317579Z[0m [34mDEBUG[0m [2methereum_transaction_pool_monitor::mempool_monitor[0m[2m:[0m 🔍 Skipping tx 0x2fa439670e949f9fc8d60d5c5b9944d1f2fd3985401f6e57b743e47917222a30 - not a DEX interaction (target: 0xD33526068D116cE69F19A9ee46F0bd304F21A51f)
[2m2025-12-10T10:09:35.317592Z[0m [34mDEBUG[0m [2methereum_transaction_pool_monitor::mempool_monitor[0m[2m:[0m 📨 Processing new pending transaction: 0x6a24f5fdf1229e8d4dbb7c8839d0ac77b3cd081bcd99ae4fdd8b8d2c9a881b61
[2m2025-12-10T10:09:35.317597Z[0m [34mDEBUG[0m [2methereum_transaction_pool_monitor::mempool_monitor[0m[2m:[0m 🔍 Fetching transaction details for: 0x6a24f5fdf1229e8d4dbb7c8839d0ac77b3cd081bcd99ae4fdd8b8d2c9a881b61
[2m2025-12-10T10:09:35.317601Z[0m [34mDEBUG[0m [2methereum_transaction_pool_monitor::eth_client[0m[2m:[0m 🔍 Fetching transaction details for hash: 0x6a24f5fdf1229e8d4dbb7c8839d0ac77b3cd081bcd99ae4fdd8b8d2c9a881b61
[2m2025-12-10T10:09:35.317620Z[0m [34mDEBUG[0m [2mhyper::client::pool[0m[2m:[0m reuse idle connection for ("http", 192.168.0.14:8545)
[2m2025-12-10T10:09:35.317669Z[0m [34mDEBUG[0m [2mhyper::proto::h1::io[0m[2m:[0m flushed 250 bytes
[2m2025-12-10T10:09:35.317693Z[0m [34mDEBUG[0m [2methereum_transaction_pool_monitor::eth_client[0m[2m:[0m 📨 Received WebSocket message: {"jsonrpc":"2.0","method":"eth_subscription","params":{"subscription":"0xbed0a0851463e895960a451075a301a9","result":"0xdd9ba13e6773257b06b16e3f0aca05c62674edb72409aaa0be0fb8a99f3ab544"}}
[2m2025-12-10T10:09:35.317694Z[0m [34mDEBUG[0m [2mhyper::proto::h1::io[0m[2m:[0m parsed 4 headers
[2m2025-12-10T10:09:35.317702Z[0m [34mDEBUG[0m [2methereum_transaction_pool_monitor::eth_client[0m[2m:[0m 📨 Received pending transaction: 0xdd9ba13e6773257b06b16e3f0aca05c62674edb72409aaa0be0fb8a99f3ab544
[2m2025-12-10T10:09:35.317706Z[0m [34mDEBUG[0m [2mhyper::proto::h1::conn[0m[2m:[0m incoming body is content-length (45 bytes)
[2m2025-12-10T10:09:35.317717Z[0m [34mDEBUG[0m [2mhyper::proto::h1::conn[0m[2m:[0m incoming body completed
[2m2025-12-10T10:09:35.317726Z[0m [34mDEBUG[0m [2mhyper::client::pool[0m[2m:[0m pooling idle connection for ("http", 192.168.0.14:8545)
[2m2025-12-10T10:09:35.317743Z[0m [34mDEBUG[0m [2mhyper::client::pool[0m[2m:[0m reuse idle connection for ("http", 192.168.0.14:8545)
[2m2025-12-10T10:09:35.317764Z[0m [34mDEBUG[0m [2mhyper::proto::h1::io[0m[2m:[0m flushed 172 bytes
[2m2025-12-10T10:09:35.321375Z[0m [34mDEBUG[0m [2mhyper::proto::h1::io[0m[2m:[0m parsed 4 headers
[2m2025-12-10T10:09:35.321380Z[0m [34mDEBUG[0m [2mhyper::proto::h1::conn[0m[2m:[0m incoming body is content-length (45 bytes)
[2m2025-12-10T10:09:35.321384Z[0m [34mDEBUG[0m [2mhyper::proto::h1::conn[0m[2m:[0m incoming body completed
[2m2025-12-10T10:09:35.321389Z[0m [34mDEBUG[0m [2mhyper::client::pool[0m[2m:[0m pooling idle connection for ("http", 192.168.0.14:8545)
[2m2025-12-10T10:09:35.321985Z[0m [34mDEBUG[0m [2mhyper::proto::h1::io[0m[2m:[0m parsed 4 headers
[2m2025-12-10T10:09:35.321990Z[0m [34mDEBUG[0m [2mhyper::proto::h1::conn[0m[2m:[0m incoming body is content-length (830 bytes)
[2m2025-12-10T10:09:35.321994Z[0m [34mDEBUG[0m [2mhyper::proto::h1::conn[0m[2m:[0m incoming body completed
[2m2025-12-10T10:09:35.321999Z[0m [34mDEBUG[0m [2mhyper::client::pool[0m[2m:[0m pooling idle connection for ("http", 192.168.0.14:8545)
[2m2025-12-10T10:09:35.322005Z[0m [34mDEBUG[0m [2methereum_transaction_pool_monitor::eth_client[0m[2m:[0m 📡 Transaction fetch RPC completed in 4.400542ms
[2m2025-12-10T10:09:35.398216Z[0m [34mDEBUG[0m [2methereum_transaction_pool_monitor::eth_client[0m[2m:[0m ✅ Transaction 0x6a24f5fdf1229e8d4dbb7c8839d0ac77b3cd081bcd99ae4fdd8b8d2c9a881b61 fetched and parsed in 80.609125ms
[2m2025-12-10T10:09:35.398243Z[0m [34mDEBUG[0m [2methereum_transaction_pool_monitor::mempool_monitor[0m[2m:[0m 🔍 Skipping tx 0x6a24f5fdf1229e8d4dbb7c8839d0ac77b3cd081bcd99ae4fdd8b8d2c9a881b61 - not a DEX interaction (target: 0x3B4D794a66304F130a4Db8F2551B0070dfCf5ca7)
[2m2025-12-10T10:09:35.398253Z[0m [34mDEBUG[0m [2methereum_transaction_pool_monitor::mempool_monitor[0m[2m:[0m 📨 Processing new pending transaction: 0x90c99c5cd5cb2158e84dc9f184e1aacd495328a429f4e5159a802dadcc527939
[2m2025-12-10T10:09:35.398261Z[0m [34mDEBUG[0m [2methereum_transaction_pool_monitor::mempool_monitor[0m[2m:[0m 🔍 Fetching transaction details for: 0x90c99c5cd5cb2158e84dc9f184e1aacd495328a429f4e5159a802dadcc527939
[2m2025-12-10T10:09:35.398264Z[0m [34mDEBUG[0m [2methereum_transaction_pool_monitor::eth_client[0m[2m:[0m 🔍 Fetching transaction details for hash: 0x90c99c5cd5cb2158e84dc9f184e1aacd495328a429f4e5159a802dadcc527939
[2m2025-12-10T10:09:35.398281Z[0m [34mDEBUG[0m [2mhyper::client::pool[0m[2m:[0m reuse idle connection for ("http", 192.168.0.14:8545)
[2m2025-12-10T10:09:35.398316Z[0m [34mDEBUG[0m [2mhyper::proto::h1::io[0m[2m:[0m flushed 250 bytes
[2m2025-12-10T10:09:35.398341Z[0m [34mDEBUG[0m [2mhyper::client::pool[0m[2m:[0m reuse idle connection for ("http", 192.168.0.14:8545)
[2m2025-12-10T10:09:35.398356Z[0m [34mDEBUG[0m [2mhyper::proto::h1::io[0m[2m:[0m flushed 172 bytes
[2m2025-12-10T10:09:35.402533Z[0m [34mDEBUG[0m [2mhyper::proto::h1::io[0m[2m:[0m parsed 4 headers
[2m2025-12-10T10:09:35.402540Z[0m [34mDEBUG[0m [2mhyper::proto::h1::conn[0m[2m:[0m incoming body is content-length (775 bytes)
[2m2025-12-10T10:09:35.402547Z[0m [34mDEBUG[0m [2mhyper::proto::h1::conn[0m[2m:[0m incoming body completed
[2m2025-12-10T10:09:35.402554Z[0m [34mDEBUG[0m [2mhyper::client::pool[0m[2m:[0m pooling idle connection for ("http", 192.168.0.14:8545)
[2m2025-12-10T10:09:35.402559Z[0m [34mDEBUG[0m [2methereum_transaction_pool_monitor::eth_client[0m[2m:[0m 📡 Transaction fetch RPC completed in 4.290917ms
[2m2025-12-10T10:09:35.402573Z[0m [34mDEBUG[0m [2methereum_transaction_pool_monitor::eth_client[0m[2m:[0m DeFi transaction detected - Address: 0xdac17f958d2ee523a2206206994597c13d831ec7, Type: Stablecoin, Value: 0 ETH, Gas: 1.96 Gwei
[2m2025-12-10T10:09:35.402584Z[0m [34mDEBUG[0m [2methereum_transaction_pool_monitor::eth_client[0m[2m:[0m ✅ Transaction 0x90c99c5cd5cb2158e84dc9f184e1aacd495328a429f4e5159a802dadcc527939 fetched and parsed in 4.316333ms
[2m2025-12-10T10:09:35.402590Z[0m [34mDEBUG[0m [2methereum_transaction_pool_monitor::mempool_monitor[0m[2m:[0m 🔍 Skipping tx 0x90c99c5cd5cb2158e84dc9f184e1aacd495328a429f4e5159a802dadcc527939 - not a DEX interaction (target: 0xdAC17F958D2ee523a2206206994597C13D831ec7)
[2m2025-12-10T10:09:35.402596Z[0m [34mDEBUG[0m [2methereum_transaction_pool_monitor::mempool_monitor[0m[2m:[0m 📨 Processing new pending transaction: 0x602cdfedc91a6515139b118a3f9ca422dec3135d20937c09ef48ba48ce7b4067
[2m2025-12-10T10:09:35.402600Z[0m [34mDEBUG[0m [2methereum_transaction_pool_monitor::mempool_monitor[0m[2m:[0m 🔍 Fetching transaction details for: 0x602cdfedc91a6515139b118a3f9ca422dec3135d20937c09ef48ba48ce7b4067
[2m2025-12-10T10:09:35.402603Z[0m [34mDEBUG[0m [2methereum_transaction_pool_monitor::eth_client[0m[2m:[0m 🔍 Fetching transaction details for hash: 0x602cdfedc91a6515139b118a3f9ca422dec3135d20937c09ef48ba48ce7b4067
[2m2025-12-10T10:09:35.402609Z[0m [34mDEBUG[0m [2mhyper::client::pool[0m[2m:[0m reuse idle connection for ("http", 192.168.0.14:8545)
[2m2025-12-10T10:09:35.402625Z[0m [34mDEBUG[0m [2mhyper::proto::h1::io[0m[2m:[0m flushed 250 bytes
[2m2025-12-10T10:09:35.403240Z[0m [34mDEBUG[0m [2mhyper::proto::h1::io[0m[2m:[0m parsed 4 headers
[2m2025-12-10T10:09:35.403246Z[0m [34mDEBUG[0m [2mhyper::proto::h1::conn[0m[2m:[0m incoming body is content-length (45 bytes)
[2m2025-12-10T10:09:35.403253Z[0m [34mDEBUG[0m [2mhyper::proto::h1::conn[0m[2m:[0m incoming body completed
[2m2025-12-10T10:09:35.403257Z[0m [34mDEBUG[0m [2mhyper::client::pool[0m[2m:[0m pooling idle connection for ("http", 192.168.0.14:8545)
[2m2025-12-10T10:09:35.408631Z[0m [34mDEBUG[0m [2mhyper::proto::h1::io[0m[2m:[0m parsed 4 headers
[2m2025-12-10T10:09:35.408638Z[0m [34mDEBUG[0m [2mhyper::proto::h1::conn[0m[2m:[0m incoming body is content-length (825 bytes)
[2m2025-12-10T10:09:35.408643Z[0m [34mDEBUG[0m [2mhyper::proto::h1::conn[0m[2m:[0m incoming body completed
[2m2025-12-10T10:09:35.408648Z[0m [34mDEBUG[0m [2mhyper::client::pool[0m[2m:[0m pooling idle connection for ("http", 192.168.0.14:8545)
[2m2025-12-10T10:09:35.408653Z[0m [34mDEBUG[0m [2methereum_transaction_pool_monitor::eth_client[0m[2m:[0m 📡 Transaction fetch RPC completed in 6.046833ms
[2m2025-12-10T10:09:35.480167Z[0m [34mDEBUG[0m [2methereum_transaction_pool_monitor::eth_client[0m[2m:[0m ✅ Transaction 0x602cdfedc91a6515139b118a3f9ca422dec3135d20937c09ef48ba48ce7b4067 fetched and parsed in 77.557792ms
[2m2025-12-10T10:09:35.480194Z[0m [34mDEBUG[0m [2methereum_transaction_pool_monitor::mempool_monitor[0m[2m:[0m 🔍 Skipping tx 0x602cdfedc91a6515139b118a3f9ca422dec3135d20937c09ef48ba48ce7b4067 - not a DEX interaction (target: 0xA0b86991c6218b36c1d19D4a2e9Eb0cE3606eB48)
[2m2025-12-10T10:09:35.480205Z[0m [34mDEBUG[0m [2methereum_transaction_pool_monitor::mempool_monitor[0m[2m:[0m 📨 Processing new pending transaction: 0xa151430d63fbc793499872c678cf1e990dea347438caf5ac2bb738378d7b2456
[2m2025-12-10T10:09:35.480210Z[0m [34mDEBUG[0m [2methereum_transaction_pool_monitor::mempool_monitor[0m[2m:[0m 🔍 Fetching transaction details for: 0xa151430d63fbc793499872c678cf1e990dea347438caf5ac2bb738378d7b2456
[2m2025-12-10T10:09:35.480214Z[0m [34mDEBUG[0m [2methereum_transaction_pool_monitor::eth_client[0m[2m:[0m 🔍 Fetching transaction details for hash: 0xa151430d63fbc793499872c678cf1e990dea347438caf5ac2bb738378d7b2456
[2m2025-12-10T10:09:35.480235Z[0m [34mDEBUG[0m [2mhyper::client::pool[0m[2m:[0m reuse idle connection for ("http", 192.168.0.14:8545)
[2m2025-12-10T10:09:35.480273Z[0m [34mDEBUG[0m [2mhyper::proto::h1::io[0m[2m:[0m flushed 250 bytes
[2m2025-12-10T10:09:35.485436Z[0m [34mDEBUG[0m [2methereum_transaction_pool_monitor::eth_client[0m[2m:[0m 📨 Received WebSocket message: {"jsonrpc":"2.0","method":"eth_subscription","params":{"subscription":"0xbed0a0851463e895960a451075a301a9","result":"0x553a059641f5f2ec4901f663060fd377a601c263d9aeda4fb2f121b46066c163"}}
[2m2025-12-10T10:09:35.485444Z[0m [34mDEBUG[0m [2methereum_transaction_pool_monitor::eth_client[0m[2m:[0m 📨 Received pending transaction: 0x553a059641f5f2ec4901f663060fd377a601c263d9aeda4fb2f121b46066c163
[2m2025-12-10T10:09:35.485493Z[0m [34mDEBUG[0m [2mhyper::proto::h1::io[0m[2m:[0m parsed 4 headers
[2m2025-12-10T10:09:35.485498Z[0m [34mDEBUG[0m [2mhyper::proto::h1::conn[0m[2m:[0m incoming body is content-length (643 bytes)
[2m2025-12-10T10:09:35.485506Z[0m [34mDEBUG[0m [2mhyper::proto::h1::conn[0m[2m:[0m incoming body completed
[2m2025-12-10T10:09:35.485513Z[0m [34mDEBUG[0m [2mhyper::client::pool[0m[2m:[0m pooling idle connection for ("http", 192.168.0.14:8545)
[2m2025-12-10T10:09:35.485519Z[0m [34mDEBUG[0m [2methereum_transaction_pool_monitor::eth_client[0m[2m:[0m 📡 Transaction fetch RPC completed in 5.300542ms
[2m2025-12-10T10:09:35.558096Z[0m [34mDEBUG[0m [2methereum_transaction_pool_monitor::eth_client[0m[2m:[0m ✅ Transaction 0xa151430d63fbc793499872c678cf1e990dea347438caf5ac2bb738378d7b2456 fetched and parsed in 77.875334ms
[2m2025-12-10T10:09:35.558125Z[0m [34mDEBUG[0m [2methereum_transaction_pool_monitor::mempool_monitor[0m[2m:[0m 🔍 Skipping tx 0xa151430d63fbc793499872c678cf1e990dea347438caf5ac2bb738378d7b2456 - not a DEX interaction (target: 0x6972F2E49556db78FD178A3776B3690719D2AAF0)
[2m2025-12-10T10:09:35.558136Z[0m [34mDEBUG[0m [2methereum_transaction_pool_monitor::mempool_monitor[0m[2m:[0m 📨 Processing new pending transaction: 0xcd3e948b4dec1c73db802ca8b139e854fb762726c3c747ac9013b007b732a5cd
[2m2025-12-10T10:09:35.558142Z[0m [34mDEBUG[0m [2methereum_transaction_pool_monitor::mempool_monitor[0m[2m:[0m 🔍 Fetching transaction details for: 0xcd3e948b4dec1c73db802ca8b139e854fb762726c3c747ac9013b007b732a5cd
[2m2025-12-10T10:09:35.558147Z[0m [34mDEBUG[0m [2methereum_transaction_pool_monitor::eth_client[0m[2m:[0m 🔍 Fetching transaction details for hash: 0xcd3e948b4dec1c73db802ca8b139e854fb762726c3c747ac9013b007b732a5cd
[2m2025-12-10T10:09:35.558169Z[0m [34mDEBUG[0m [2mhyper::client::pool[0m[2m:[0m reuse idle connection for ("http", 192.168.0.14:8545)
[2m2025-12-10T10:09:35.558221Z[0m [34mDEBUG[0m [2mhyper::proto::h1::io[0m[2m:[0m flushed 250 bytes
[2m2025-12-10T10:09:35.558245Z[0m [34mDEBUG[0m [2mhyper::client::pool[0m[2m:[0m reuse idle connection for ("http", 192.168.0.14:8545)
[2m2025-12-10T10:09:35.558259Z[0m [34mDEBUG[0m [2mhyper::proto::h1::io[0m[2m:[0m flushed 172 bytes
[2m2025-12-10T10:09:35.558272Z[0m [34mDEBUG[0m [2methereum_transaction_pool_monitor::eth_client[0m[2m:[0m 📨 Received WebSocket message: {"jsonrpc":"2.0","method":"eth_subscription","params":{"subscription":"0xbed0a0851463e895960a451075a301a9","result":"0x6202959ec2a6b54601195f17e3ec84b21b7c76c3f0552dbf4bdc9f37ce81d88e"}}
[2m2025-12-10T10:09:35.558280Z[0m [34mDEBUG[0m [2methereum_transaction_pool_monitor::eth_client[0m[2m:[0m 📨 Received pending transaction: 0x6202959ec2a6b54601195f17e3ec84b21b7c76c3f0552dbf4bdc9f37ce81d88e
[2m2025-12-10T10:09:35.566107Z[0m [34mDEBUG[0m [2mhyper::proto::h1::io[0m[2m:[0m parsed 4 headers
[2m2025-12-10T10:09:35.566113Z[0m [34mDEBUG[0m [2mhyper::proto::h1::conn[0m[2m:[0m incoming body is content-length (3280 bytes)
[2m2025-12-10T10:09:35.566119Z[0m [34mDEBUG[0m [2mhyper::proto::h1::conn[0m[2m:[0m incoming body completed
[2m2025-12-10T10:09:35.566126Z[0m [34mDEBUG[0m [2mhyper::client::pool[0m[2m:[0m pooling idle connection for ("http", 192.168.0.14:8545)
[2m2025-12-10T10:09:35.566130Z[0m [34mDEBUG[0m [2methereum_transaction_pool_monitor::eth_client[0m[2m:[0m 📡 Transaction fetch RPC completed in 7.979834ms
[2m2025-12-10T10:09:35.640256Z[0m [34mDEBUG[0m [2methereum_transaction_pool_monitor::eth_client[0m[2m:[0m ✅ Transaction 0xcd3e948b4dec1c73db802ca8b139e854fb762726c3c747ac9013b007b732a5cd fetched and parsed in 82.103ms
[2m2025-12-10T10:09:35.640281Z[0m [34mDEBUG[0m [2methereum_transaction_pool_monitor::mempool_monitor[0m[2m:[0m 🔍 Skipping tx 0xcd3e948b4dec1c73db802ca8b139e854fb762726c3c747ac9013b007b732a5cd - not a DEX interaction (target: 0xB5DEd4f1CDf0Bc03e8EB49750C2c04EA2f6dA84a)
[2m2025-12-10T10:09:35.640292Z[0m [34mDEBUG[0m [2methereum_transaction_pool_monitor::mempool_monitor[0m[2m:[0m 📨 Processing new pending transaction: 0x1b9bb754537004bef1516080ca068477d071e763989e104b0566925e24604f0c
[2m2025-12-10T10:09:35.640298Z[0m [34mDEBUG[0m [2methereum_transaction_pool_monitor::mempool_monitor[0m[2m:[0m 🔍 Fetching transaction details for: 0x1b9bb754537004bef1516080ca068477d071e763989e104b0566925e24604f0c
[2m2025-12-10T10:09:35.640302Z[0m [34mDEBUG[0m [2methereum_transaction_pool_monitor::eth_client[0m[2m:[0m 🔍 Fetching transaction details for hash: 0x1b9bb754537004bef1516080ca068477d071e763989e104b0566925e24604f0c
[2m2025-12-10T10:09:35.640320Z[0m [34mDEBUG[0m [2mhyper::client::pool[0m[2m:[0m reuse idle connection for ("http", 192.168.0.14:8545)
[2m2025-12-10T10:09:35.640359Z[0m [34mDEBUG[0m [2mhyper::proto::h1::io[0m[2m:[0m flushed 250 bytes
[2m2025-12-10T10:09:35.640374Z[0m [34mDEBUG[0m [2mhyper::proto::h1::io[0m[2m:[0m parsed 4 headers
[2m2025-12-10T10:09:35.640379Z[0m [34mDEBUG[0m [2mhyper::proto::h1::conn[0m[2m:[0m incoming body is content-length (45 bytes)
[2m2025-12-10T10:09:35.640386Z[0m [34mDEBUG[0m [2mhyper::proto::h1::conn[0m[2m:[0m incoming body completed
[2m2025-12-10T10:09:35.640395Z[0m [34mDEBUG[0m [2mhyper::client::pool[0m[2m:[0m pooling idle connection for ("http", 192.168.0.14:8545)
[2m2025-12-10T10:09:35.640411Z[0m [34mDEBUG[0m [2mhyper::client::pool[0m[2m:[0m reuse idle connection for ("http", 192.168.0.14:8545)
[2m2025-12-10T10:09:35.640425Z[0m [34mDEBUG[0m [2mhyper::proto::h1::io[0m[2m:[0m flushed 172 bytes
[2m2025-12-10T10:09:35.646667Z[0m [34mDEBUG[0m [2mhyper::proto::h1::io[0m[2m:[0m parsed 4 headers
[2m2025-12-10T10:09:35.646675Z[0m [34mDEBUG[0m [2mhyper::proto::h1::conn[0m[2m:[0m incoming body is content-length (638 bytes)
[2m2025-12-10T10:09:35.646681Z[0m [34mDEBUG[0m [2mhyper::proto::h1::conn[0m[2m:[0m incoming body completed
[2m2025-12-10T10:09:35.646688Z[0m [34mDEBUG[0m [2mhyper::client::pool[0m[2m:[0m pooling idle connection for ("http", 192.168.0.14:8545)
[2m2025-12-10T10:09:35.646693Z[0m [34mDEBUG[0m [2methereum_transaction_pool_monitor::eth_client[0m[2m:[0m 📡 Transaction fetch RPC completed in 6.387875ms
[2m2025-12-10T10:09:35.722502Z[0m [34mDEBUG[0m [2methereum_transaction_pool_monitor::eth_client[0m[2m:[0m ✅ Transaction 0x1b9bb754537004bef1516080ca068477d071e763989e104b0566925e24604f0c fetched and parsed in 82.193583ms
[2m2025-12-10T10:09:35.722529Z[0m [34mDEBUG[0m [2methereum_transaction_pool_monitor::mempool_monitor[0m[2m:[0m 🔍 Skipping tx 0x1b9bb754537004bef1516080ca068477d071e763989e104b0566925e24604f0c - not a DEX interaction (target: 0x2D1C4bf91287E6E8c9E475eb7815bf46E9E85158)
[2m2025-12-10T10:09:35.722541Z[0m [34mDEBUG[0m [2methereum_transaction_pool_monitor::mempool_monitor[0m[2m:[0m 📨 Processing new pending transaction: 0xd59b646acc8557fdc677e0c858a9c550c68fc7a19bab39e51f719ed09075cc43
[2m2025-12-10T10:09:35.722546Z[0m [34mDEBUG[0m [2methereum_transaction_pool_monitor::mempool_monitor[0m[2m:[0m 🔍 Fetching transaction details for: 0xd59b646acc8557fdc677e0c858a9c550c68fc7a19bab39e51f719ed09075cc43
[2m2025-12-10T10:09:35.722550Z[0m [34mDEBUG[0m [2methereum_transaction_pool_monitor::eth_client[0m[2m:[0m 🔍 Fetching transaction details for hash: 0xd59b646acc8557fdc677e0c858a9c550c68fc7a19bab39e51f719ed09075cc43
[2m2025-12-10T10:09:35.722568Z[0m [34mDEBUG[0m [2mhyper::client::pool[0m[2m:[0m reuse idle connection for ("http", 192.168.0.14:8545)
[2m2025-12-10T10:09:35.722608Z[0m [34mDEBUG[0m [2mhyper::proto::h1::io[0m[2m:[0m flushed 250 bytes
[2m2025-12-10T10:09:35.722624Z[0m [34mDEBUG[0m [2mhyper::proto::h1::io[0m[2m:[0m parsed 4 headers
[2m2025-12-10T10:09:35.722629Z[0m [34mDEBUG[0m [2mhyper::proto::h1::conn[0m[2m:[0m incoming body is content-length (45 bytes)
[2m2025-12-10T10:09:35.722637Z[0m [34mDEBUG[0m [2mhyper::proto::h1::conn[0m[2m:[0m incoming body completed
[2m2025-12-10T10:09:35.722645Z[0m [34mDEBUG[0m [2mhyper::client::pool[0m[2m:[0m pooling idle connection for ("http", 192.168.0.14:8545)
[2m2025-12-10T10:09:35.722664Z[0m [34mDEBUG[0m [2mhyper::client::pool[0m[2m:[0m reuse idle connection for ("http", 192.168.0.14:8545)
[2m2025-12-10T10:09:35.722679Z[0m [34mDEBUG[0m [2mhyper::proto::h1::io[0m[2m:[0m flushed 172 bytes
[2m2025-12-10T10:09:35.725493Z[0m [34mDEBUG[0m [2mhyper::proto::h1::io[0m[2m:[0m parsed 4 headers
[2m2025-12-10T10:09:35.725504Z[0m [34mDEBUG[0m [2mhyper::proto::h1::conn[0m[2m:[0m incoming body is content-length (954 bytes)
[2m2025-12-10T10:09:35.725511Z[0m [34mDEBUG[0m [2mhyper::proto::h1::conn[0m[2m:[0m incoming body completed
[2m2025-12-10T10:09:35.725519Z[0m [34mDEBUG[0m [2mhyper::client::pool[0m[2m:[0m pooling idle connection for ("http", 192.168.0.14:8545)
[2m2025-12-10T10:09:35.725525Z[0m [34mDEBUG[0m [2methereum_transaction_pool_monitor::eth_client[0m[2m:[0m 📡 Transaction fetch RPC completed in 2.971083ms
[2m2025-12-10T10:09:35.795532Z[0m [34mDEBUG[0m [2methereum_transaction_pool_monitor::eth_client[0m[2m:[0m ✅ Transaction 0xd59b646acc8557fdc677e0c858a9c550c68fc7a19bab39e51f719ed09075cc43 fetched and parsed in 72.974875ms
[2m2025-12-10T10:09:35.795564Z[0m [34mDEBUG[0m [2methereum_transaction_pool_monitor::mempool_monitor[0m[2m:[0m 🔍 Skipping tx 0xd59b646acc8557fdc677e0c858a9c550c68fc7a19bab39e51f719ed09075cc43 - not a DEX interaction (target: 0x9d3aB072f10AD533aC3f26B6978A88aFe55822f4)
[2m2025-12-10T10:09:35.795574Z[0m [34mDEBUG[0m [2methereum_transaction_pool_monitor::mempool_monitor[0m[2m:[0m 📨 Processing new pending transaction: 0xd7410cb244f4f308b02312cb7683d4a32a5d8f0afdd2b00436cb01e98d2a2b7b
[2m2025-12-10T10:09:35.795580Z[0m [34mDEBUG[0m [2methereum_transaction_pool_monitor::mempool_monitor[0m[2m:[0m 🔍 Fetching transaction details for: 0xd7410cb244f4f308b02312cb7683d4a32a5d8f0afdd2b00436cb01e98d2a2b7b
[2m2025-12-10T10:09:35.795585Z[0m [34mDEBUG[0m [2methereum_transaction_pool_monitor::eth_client[0m[2m:[0m 🔍 Fetching transaction details for hash: 0xd7410cb244f4f308b02312cb7683d4a32a5d8f0afdd2b00436cb01e98d2a2b7b
[2m2025-12-10T10:09:35.795606Z[0m [34mDEBUG[0m [2mhyper::client::pool[0m[2m:[0m reuse idle connection for ("http", 192.168.0.14:8545)
[2m2025-12-10T10:09:35.795645Z[0m [34mDEBUG[0m [2mhyper::proto::h1::io[0m[2m:[0m flushed 250 bytes
[2m2025-12-10T10:09:35.795669Z[0m [34mDEBUG[0m [2methereum_transaction_pool_monitor::eth_client[0m[2m:[0m 📨 Received WebSocket message: {"jsonrpc":"2.0","method":"eth_subscription","params":{"subscription":"0xbed0a0851463e895960a451075a301a9","result":"0xad3bbbd2ad356bf3b3b0aa31755057331fc3dc111c64595d826ff401984814c1"}}
[2m2025-12-10T10:09:35.795678Z[0m [34mDEBUG[0m [2methereum_transaction_pool_monitor::eth_client[0m[2m:[0m 📨 Received pending transaction: 0xad3bbbd2ad356bf3b3b0aa31755057331fc3dc111c64595d826ff401984814c1
[2m2025-12-10T10:09:35.795685Z[0m [34mDEBUG[0m [2methereum_transaction_pool_monitor::eth_client[0m[2m:[0m 📨 Received WebSocket message: {"jsonrpc":"2.0","method":"eth_subscription","params":{"subscription":"0xbed0a0851463e895960a451075a301a9","result":"0x924775feed91e19d895651669e6465e61b7aeb8cab5aa107b0eba887cf813a5d"}}
[2m2025-12-10T10:09:35.795692Z[0m [34mDEBUG[0m [2methereum_transaction_pool_monitor::eth_client[0m[2m:[0m 📨 Received pending transaction: 0x924775feed91e19d895651669e6465e61b7aeb8cab5aa107b0eba887cf813a5d
[2m2025-12-10T10:09:35.795696Z[0m [34mDEBUG[0m [2mhyper::proto::h1::io[0m[2m:[0m parsed 4 headers
[2m2025-12-10T10:09:35.795697Z[0m [34mDEBUG[0m [2methereum_transaction_pool_monitor::eth_client[0m[2m:[0m 📨 Received WebSocket message: {"jsonrpc":"2.0","method":"eth_subscription","params":{"subscription":"0xbed0a0851463e895960a451075a301a9","result":"0x601b458d03976386e8604704b89dc186ba628db30b28c6a33e6d7d7df53fdd75"}}
[2m2025-12-10T10:09:35.795720Z[0m [34mDEBUG[0m [2mhyper::proto::h1::conn[0m[2m:[0m incoming body is content-length (45 bytes)
[2m2025-12-10T10:09:35.795727Z[0m [34mDEBUG[0m [2methereum_transaction_pool_monitor::eth_client[0m[2m:[0m 📨 Received pending transaction: 0x601b458d03976386e8604704b89dc186ba628db30b28c6a33e6d7d7df53fdd75
[2m2025-12-10T10:09:35.795758Z[0m [34mDEBUG[0m [2mhyper::proto::h1::conn[0m[2m:[0m incoming body completed
[2m2025-12-10T10:09:35.795769Z[0m [34mDEBUG[0m [2mhyper::client::pool[0m[2m:[0m pooling idle connection for ("http", 192.168.0.14:8545)
[2m2025-12-10T10:09:35.796947Z[0m [34mDEBUG[0m [2mhyper::client::pool[0m[2m:[0m reuse idle connection for ("http", 192.168.0.14:8545)
[2m2025-12-10T10:09:35.796998Z[0m [34mDEBUG[0m [2mhyper::proto::h1::io[0m[2m:[0m flushed 172 bytes
[2m2025-12-10T10:09:35.804046Z[0m [34mDEBUG[0m [2mhyper::proto::h1::io[0m[2m:[0m parsed 4 headers
[2m2025-12-10T10:09:35.804054Z[0m [34mDEBUG[0m [2mhyper::proto::h1::conn[0m[2m:[0m incoming body is content-length (654 bytes)
[2m2025-12-10T10:09:35.804060Z[0m [34mDEBUG[0m [2mhyper::proto::h1::conn[0m[2m:[0m incoming body completed
[2m2025-12-10T10:09:35.804067Z[0m [34mDEBUG[0m [2mhyper::client::pool[0m[2m:[0m pooling idle connection for ("http", 192.168.0.14:8545)
[2m2025-12-10T10:09:35.804072Z[0m [34mDEBUG[0m [2methereum_transaction_pool_monitor::eth_client[0m[2m:[0m 📡 Transaction fetch RPC completed in 8.482917ms
[2m2025-12-10T10:09:35.873238Z[0m [34mDEBUG[0m [2methereum_transaction_pool_monitor::eth_client[0m[2m:[0m ✅ Transaction 0xd7410cb244f4f308b02312cb7683d4a32a5d8f0afdd2b00436cb01e98d2a2b7b fetched and parsed in 77.646375ms
[2m2025-12-10T10:09:35.873254Z[0m [34mDEBUG[0m [2methereum_transaction_pool_monitor::mempool_monitor[0m[2m:[0m 🔍 Skipping tx 0xd7410cb244f4f308b02312cb7683d4a32a5d8f0afdd2b00436cb01e98d2a2b7b - not a DEX interaction (target: 0x89149A54559395c436a0997b2f5513FB37A27b53)
[2m2025-12-10T10:09:35.873263Z[0m [34mDEBUG[0m [2methereum_transaction_pool_monitor::mempool_monitor[0m[2m:[0m 📨 Processing new pending transaction: 0xe3cae0e6481e01dd2f9d08f3b35faed5af5207b079b173301b5ea54c584f1f1f
[2m2025-12-10T10:09:35.873268Z[0m [34mDEBUG[0m [2methereum_transaction_pool_monitor::mempool_monitor[0m[2m:[0m 🔍 Fetching transaction details for: 0xe3cae0e6481e01dd2f9d08f3b35faed5af5207b079b173301b5ea54c584f1f1f
[2m2025-12-10T10:09:35.873271Z[0m [34mDEBUG[0m [2methereum_transaction_pool_monitor::eth_client[0m[2m:[0m 🔍 Fetching transaction details for hash: 0xe3cae0e6481e01dd2f9d08f3b35faed5af5207b079b173301b5ea54c584f1f1f
[2m2025-12-10T10:09:35.873288Z[0m [34mDEBUG[0m [2mhyper::client::pool[0m[2m:[0m reuse idle connection for ("http", 192.168.0.14:8545)
[2m2025-12-10T10:09:35.873314Z[0m [34mDEBUG[0m [2mhyper::proto::h1::io[0m[2m:[0m flushed 250 bytes
[2m2025-12-10T10:09:35.873334Z[0m [34mDEBUG[0m [2methereum_transaction_pool_monitor::eth_client[0m[2m:[0m 📨 Received WebSocket message: {"jsonrpc":"2.0","method":"eth_subscription","params":{"subscription":"0xbed0a0851463e895960a451075a301a9","result":"0x86c19ae310fe0fde3c7707fd4b291c02a1393f843bbe8499331f4cc5416f1e14"}}
[2m2025-12-10T10:09:35.873337Z[0m [34mDEBUG[0m [2mhyper::proto::h1::io[0m[2m:[0m parsed 4 headers
[2m2025-12-10T10:09:35.873343Z[0m [34mDEBUG[0m [2methereum_transaction_pool_monitor::eth_client[0m[2m:[0m 📨 Received pending transaction: 0x86c19ae310fe0fde3c7707fd4b291c02a1393f843bbe8499331f4cc5416f1e14
[2m2025-12-10T10:09:35.873346Z[0m [34mDEBUG[0m [2mhyper::proto::h1::conn[0m[2m:[0m incoming body is content-length (45 bytes)
[2m2025-12-10T10:09:35.873355Z[0m [34mDEBUG[0m [2mhyper::proto::h1::conn[0m[2m:[0m incoming body completed
[2m2025-12-10T10:09:35.873364Z[0m [34mDEBUG[0m [2mhyper::client::pool[0m[2m:[0m pooling idle connection for ("http", 192.168.0.14:8545)
[2m2025-12-10T10:09:35.879644Z[0m [34mDEBUG[0m [2mhyper::proto::h1::io[0m[2m:[0m parsed 4 headers
[2m2025-12-10T10:09:35.879651Z[0m [34mDEBUG[0m [2mhyper::proto::h1::conn[0m[2m:[0m incoming body is content-length (641 bytes)
[2m2025-12-10T10:09:35.879657Z[0m [34mDEBUG[0m [2mhyper::proto::h1::conn[0m[2m:[0m incoming body completed
[2m2025-12-10T10:09:35.879664Z[0m [34mDEBUG[0m [2mhyper::client::pool[0m[2m:[0m pooling idle connection for ("http", 192.168.0.14:8545)
[2m2025-12-10T10:09:35.879670Z[0m [34mDEBUG[0m [2methereum_transaction_pool_monitor::eth_client[0m[2m:[0m 📡 Transaction fetch RPC completed in 6.394791ms
[2m2025-12-10T10:09:35.951028Z[0m [34mDEBUG[0m [2methereum_transaction_pool_monitor::eth_client[0m[2m:[0m ✅ Transaction 0xe3cae0e6481e01dd2f9d08f3b35faed5af5207b079b173301b5ea54c584f1f1f fetched and parsed in 77.750125ms
[2m2025-12-10T10:09:35.951050Z[0m [34mDEBUG[0m [2methereum_transaction_pool_monitor::mempool_monitor[0m[2m:[0m 🔍 Skipping tx 0xe3cae0e6481e01dd2f9d08f3b35faed5af5207b079b173301b5ea54c584f1f1f - not a DEX interaction (target: 0x912b749EdBD5E93D4182C9Dd9740eF349F8375D3)
[2m2025-12-10T10:09:35.951059Z[0m [34mDEBUG[0m [2methereum_transaction_pool_monitor::mempool_monitor[0m[2m:[0m 📨 Processing new pending transaction: 0x74b0bd70b4b486f5d3ad004a316223d33dbde058428b4404fa08fc28fd748102
[2m2025-12-10T10:09:35.951064Z[0m [34mDEBUG[0m [2methereum_transaction_pool_monitor::mempool_monitor[0m[2m:[0m 🔍 Fetching transaction details for: 0x74b0bd70b4b486f5d3ad004a316223d33dbde058428b4404fa08fc28fd748102
[2m2025-12-10T10:09:35.951068Z[0m [34mDEBUG[0m [2methereum_transaction_pool_monitor::eth_client[0m[2m:[0m 🔍 Fetching transaction details for hash: 0x74b0bd70b4b486f5d3ad004a316223d33dbde058428b4404fa08fc28fd748102
[2m2025-12-10T10:09:35.951087Z[0m [34mDEBUG[0m [2mhyper::client::pool[0m[2m:[0m reuse idle connection for ("http", 192.168.0.14:8545)
[2m2025-12-10T10:09:35.951116Z[0m [34mDEBUG[0m [2mhyper::proto::h1::io[0m[2m:[0m flushed 250 bytes
[2m2025-12-10T10:09:35.951134Z[0m [34mDEBUG[0m [2mhyper::client::pool[0m[2m:[0m reuse idle connection for ("http", 192.168.0.14:8545)
[2m2025-12-10T10:09:35.951145Z[0m [34mDEBUG[0m [2methereum_transaction_pool_monitor::eth_client[0m[2m:[0m 📨 Received WebSocket message: {"jsonrpc":"2.0","method":"eth_subscription","params":{"subscription":"0xbed0a0851463e895960a451075a301a9","result":"0xa2f509cf409a528384cbdd5ec22c512e55c6eda674844d0cbdb9b5cac6182f74"}}
[2m2025-12-10T10:09:35.951148Z[0m [34mDEBUG[0m [2mhyper::proto::h1::io[0m[2m:[0m flushed 172 bytes
[2m2025-12-10T10:09:35.951156Z[0m [34mDEBUG[0m [2methereum_transaction_pool_monitor::eth_client[0m[2m:[0m 📨 Received pending transaction: 0xa2f509cf409a528384cbdd5ec22c512e55c6eda674844d0cbdb9b5cac6182f74
[2m2025-12-10T10:09:35.957983Z[0m [34mDEBUG[0m [2mhyper::proto::h1::io[0m[2m:[0m parsed 4 headers
[2m2025-12-10T10:09:35.958024Z[0m [34mDEBUG[0m [2mhyper::proto::h1::conn[0m[2m:[0m incoming body is content-length (45 bytes)
[2m2025-12-10T10:09:35.958043Z[0m [34mDEBUG[0m [2mhyper::proto::h1::conn[0m[2m:[0m incoming body completed
[2m2025-12-10T10:09:35.958067Z[0m [34mDEBUG[0m [2mhyper::client::pool[0m[2m:[0m pooling idle connection for ("http", 192.168.0.14:8545)
[2m2025-12-10T10:09:35.958109Z[0m [34mDEBUG[0m [2mhyper::proto::h1::io[0m[2m:[0m parsed 4 headers
[2m2025-12-10T10:09:35.958120Z[0m [34mDEBUG[0m [2mhyper::proto::h1::conn[0m[2m:[0m incoming body is content-length (654 bytes)
[2m2025-12-10T10:09:35.958132Z[0m [34mDEBUG[0m [2mhyper::proto::h1::conn[0m[2m:[0m incoming body completed
[2m2025-12-10T10:09:35.958143Z[0m [34mDEBUG[0m [2mhyper::client::pool[0m[2m:[0m pooling idle connection for ("http", 192.168.0.14:8545)
[2m2025-12-10T10:09:35.958154Z[0m [34mDEBUG[0m [2methereum_transaction_pool_monitor::eth_client[0m[2m:[0m 📡 Transaction fetch RPC completed in 7.082375ms
[2m2025-12-10T10:09:36.030130Z[0m [34mDEBUG[0m [2methereum_transaction_pool_monitor::eth_client[0m[2m:[0m ✅ Transaction 0x74b0bd70b4b486f5d3ad004a316223d33dbde058428b4404fa08fc28fd748102 fetched and parsed in 79.055958ms
[2m2025-12-10T10:09:36.030168Z[0m [34mDEBUG[0m [2methereum_transaction_pool_monitor::mempool_monitor[0m[2m:[0m 🔍 Skipping tx 0x74b0bd70b4b486f5d3ad004a316223d33dbde058428b4404fa08fc28fd748102 - not a DEX interaction (target: 0xA184B375F087BA9EE8a4b1B4f3843BAac758F66b)
[2m2025-12-10T10:09:36.030180Z[0m [34mDEBUG[0m [2methereum_transaction_pool_monitor::mempool_monitor[0m[2m:[0m 📨 Processing new pending transaction: 0x459056eab5774c8ce3ebdeb3a3892ee5e8a31ffe49048a1d985e0b6c62209a8d
[2m2025-12-10T10:09:36.030186Z[0m [34mDEBUG[0m [2methereum_transaction_pool_monitor::mempool_monitor[0m[2m:[0m 🔍 Fetching transaction details for: 0x459056eab5774c8ce3ebdeb3a3892ee5e8a31ffe49048a1d985e0b6c62209a8d
[2m2025-12-10T10:09:36.030190Z[0m [34mDEBUG[0m [2methereum_transaction_pool_monitor::eth_client[0m[2m:[0m 🔍 Fetching transaction details for hash: 0x459056eab5774c8ce3ebdeb3a3892ee5e8a31ffe49048a1d985e0b6c62209a8d
[2m2025-12-10T10:09:36.030214Z[0m [34mDEBUG[0m [2mhyper::client::pool[0m[2m:[0m reuse idle connection for ("http", 192.168.0.14:8545)
[2m2025-12-10T10:09:36.030264Z[0m [34mDEBUG[0m [2mhyper::proto::h1::io[0m[2m:[0m flushed 250 bytes
[2m2025-12-10T10:09:36.030299Z[0m [34mDEBUG[0m [2mhyper::client::pool[0m[2m:[0m reuse idle connection for ("http", 192.168.0.14:8545)
[2m2025-12-10T10:09:36.030328Z[0m [34mDEBUG[0m [2mhyper::proto::h1::io[0m[2m:[0m flushed 172 bytes
[2m2025-12-10T10:09:36.035719Z[0m [34mDEBUG[0m [2mhyper::proto::h1::io[0m[2m:[0m parsed 4 headers
[2m2025-12-10T10:09:36.035732Z[0m [34mDEBUG[0m [2mhyper::proto::h1::conn[0m[2m:[0m incoming body is content-length (771 bytes)
[2m2025-12-10T10:09:36.035742Z[0m [34mDEBUG[0m [2mhyper::proto::h1::conn[0m[2m:[0m incoming body completed
[2m2025-12-10T10:09:36.035753Z[0m [34mDEBUG[0m [2mhyper::client::pool[0m[2m:[0m pooling idle connection for ("http", 192.168.0.14:8545)
[2m2025-12-10T10:09:36.035760Z[0m [34mDEBUG[0m [2methereum_transaction_pool_monitor::eth_client[0m[2m:[0m 📡 Transaction fetch RPC completed in 5.565375ms
[2m2025-12-10T10:09:36.107779Z[0m [34mDEBUG[0m [2methereum_transaction_pool_monitor::eth_client[0m[2m:[0m ✅ Transaction 0x459056eab5774c8ce3ebdeb3a3892ee5e8a31ffe49048a1d985e0b6c62209a8d fetched and parsed in 77.582583ms
[2m2025-12-10T10:09:36.107806Z[0m [34mDEBUG[0m [2methereum_transaction_pool_monitor::mempool_monitor[0m[2m:[0m 🔍 Skipping tx 0x459056eab5774c8ce3ebdeb3a3892ee5e8a31ffe49048a1d985e0b6c62209a8d - not a DEX interaction (target: 0x26E550AC11B26f78A04489d5F20f24E3559f7Dd9)
[2m2025-12-10T10:09:36.107815Z[0m [34mDEBUG[0m [2methereum_transaction_pool_monitor::mempool_monitor[0m[2m:[0m 📨 Processing new pending transaction: 0x647822cacebb8d915d21a0007b83467106ef1ac57c882baa6332e96172bd1791
[2m2025-12-10T10:09:36.107820Z[0m [34mDEBUG[0m [2methereum_transaction_pool_monitor::mempool_monitor[0m[2m:[0m 🔍 Fetching transaction details for: 0x647822cacebb8d915d21a0007b83467106ef1ac57c882baa6332e96172bd1791
[2m2025-12-10T10:09:36.107825Z[0m [34mDEBUG[0m [2methereum_transaction_pool_monitor::eth_client[0m[2m:[0m 🔍 Fetching transaction details for hash: 0x647822cacebb8d915d21a0007b83467106ef1ac57c882baa6332e96172bd1791
[2m2025-12-10T10:09:36.107845Z[0m [34mDEBUG[0m [2mhyper::client::pool[0m[2m:[0m reuse idle connection for ("http", 192.168.0.14:8545)
[2m2025-12-10T10:09:36.107891Z[0m [34mDEBUG[0m [2mhyper::proto::h1::io[0m[2m:[0m flushed 250 bytes
[2m2025-12-10T10:09:36.107915Z[0m [34mDEBUG[0m [2methereum_transaction_pool_monitor::eth_client[0m[2m:[0m 📨 Received WebSocket message: {"jsonrpc":"2.0","method":"eth_subscription","params":{"subscription":"0xbed0a0851463e895960a451075a301a9","result":"0xd0db0d52930bccffd5144f4f64b31ad115770cff7e0544488bbcdb629de8d40d"}}
[2m2025-12-10T10:09:36.107923Z[0m [34mDEBUG[0m [2methereum_transaction_pool_monitor::eth_client[0m[2m:[0m 📨 Received pending transaction: 0xd0db0d52930bccffd5144f4f64b31ad115770cff7e0544488bbcdb629de8d40d
[2m2025-12-10T10:09:36.107927Z[0m [34mDEBUG[0m [2methereum_transaction_pool_monitor::eth_client[0m[2m:[0m 📨 Received WebSocket message: {"jsonrpc":"2.0","method":"eth_subscription","params":{"subscription":"0xbed0a0851463e895960a451075a301a9","result":"0x40a5a828f22bbf87c1b79b82b377cfbd312473a897688d7214a9fda35253e450"}}
[2m2025-12-10T10:09:36.107935Z[0m [34mDEBUG[0m [2methereum_transaction_pool_monitor::eth_client[0m[2m:[0m 📨 Received pending transaction: 0x40a5a828f22bbf87c1b79b82b377cfbd312473a897688d7214a9fda35253e450
[2m2025-12-10T10:09:36.107960Z[0m [34mDEBUG[0m [2mhyper::proto::h1::io[0m[2m:[0m parsed 4 headers
[2m2025-12-10T10:09:36.107965Z[0m [34mDEBUG[0m [2mhyper::proto::h1::conn[0m[2m:[0m incoming body is content-length (45 bytes)
[2m2025-12-10T10:09:36.107973Z[0m [34mDEBUG[0m [2mhyper::proto::h1::conn[0m[2m:[0m incoming body completed
[2m2025-12-10T10:09:36.107980Z[0m [34mDEBUG[0m [2mhyper::client::pool[0m[2m:[0m pooling idle connection for ("http", 192.168.0.14:8545)
[2m2025-12-10T10:09:36.107997Z[0m [34mDEBUG[0m [2mhyper::client::pool[0m[2m:[0m reuse idle connection for ("http", 192.168.0.14:8545)
[2m2025-12-10T10:09:36.108012Z[0m [34mDEBUG[0m [2mhyper::proto::h1::io[0m[2m:[0m flushed 172 bytes
[2m2025-12-10T10:09:36.112218Z[0m [34mDEBUG[0m [2mhyper::proto::h1::io[0m[2m:[0m parsed 4 headers
[2m2025-12-10T10:09:36.112221Z[0m [34mDEBUG[0m [2mhyper::proto::h1::io[0m[2m:[0m parsed 4 headers
[2m2025-12-10T10:09:36.112226Z[0m [34mDEBUG[0m [2mhyper::proto::h1::conn[0m[2m:[0m incoming body is content-length (45 bytes)
[2m2025-12-10T10:09:36.112231Z[0m [34mDEBUG[0m [2mhyper::proto::h1::conn[0m[2m:[0m incoming body is content-length (655 bytes)
[2m2025-12-10T10:09:36.112239Z[0m [34mDEBUG[0m [2mhyper::proto::h1::conn[0m[2m:[0m incoming body completed
[2m2025-12-10T10:09:36.112241Z[0m [34mDEBUG[0m [2mhyper::proto::h1::conn[0m[2m:[0m incoming body completed
[2m2025-12-10T10:09:36.112247Z[0m [34mDEBUG[0m [2mhyper::client::pool[0m[2m:[0m pooling idle connection for ("http", 192.168.0.14:8545)
[2m2025-12-10T10:09:36.112250Z[0m [34mDEBUG[0m [2mhyper::client::pool[0m[2m:[0m pooling idle connection for ("http", 192.168.0.14:8545)
[2m2025-12-10T10:09:36.112257Z[0m [34mDEBUG[0m [2methereum_transaction_pool_monitor::eth_client[0m[2m:[0m 📡 Transaction fetch RPC completed in 4.427041ms
[2m2025-12-10T10:09:36.171788Z[0m [34mDEBUG[0m [2methereum_transaction_pool_monitor::eth_client[0m[2m:[0m 📨 Received WebSocket message: {"jsonrpc":"2.0","method":"eth_subscription","params":{"subscription":"0xbed0a0851463e895960a451075a301a9","result":"0xf30e9374de09edd5f1ec18f9629edb114e5d4b1881a2338797facccf102ac998"}}
[2m2025-12-10T10:09:36.171815Z[0m [34mDEBUG[0m [2methereum_transaction_pool_monitor::eth_client[0m[2m:[0m 📨 Received pending transaction: 0xf30e9374de09edd5f1ec18f9629edb114e5d4b1881a2338797facccf102ac998
[2m2025-12-10T10:09:36.184836Z[0m [34mDEBUG[0m [2methereum_transaction_pool_monitor::eth_client[0m[2m:[0m ✅ Transaction 0x647822cacebb8d915d21a0007b83467106ef1ac57c882baa6332e96172bd1791 fetched and parsed in 77.004ms
[2m2025-12-10T10:09:36.184859Z[0m [34mDEBUG[0m [2methereum_transaction_pool_monitor::mempool_monitor[0m[2m:[0m 🔍 Skipping tx 0x647822cacebb8d915d21a0007b83467106ef1ac57c882baa6332e96172bd1791 - not a DEX interaction (target: 0x1E32032aD004D0474E56A7f56cD21FB6f63D2caB)
[2m2025-12-10T10:09:36.184869Z[0m [34mDEBUG[0m [2methereum_transaction_pool_monitor::mempool_monitor[0m[2m:[0m 📨 Processing new pending transaction: 0xda84ca854ac560a6345eceab81b5cba26f114dcd05b36176a7b59b04d6a35c1a
[2m2025-12-10T10:09:36.184874Z[0m [34mDEBUG[0m [2methereum_transaction_pool_monitor::mempool_monitor[0m[2m:[0m 🔍 Fetching transaction details for: 0xda84ca854ac560a6345eceab81b5cba26f114dcd05b36176a7b59b04d6a35c1a
[2m2025-12-10T10:09:36.184879Z[0m [34mDEBUG[0m [2methereum_transaction_pool_monitor::eth_client[0m[2m:[0m 🔍 Fetching transaction details for hash: 0xda84ca854ac560a6345eceab81b5cba26f114dcd05b36176a7b59b04d6a35c1a
[2m2025-12-10T10:09:36.184899Z[0m [34mDEBUG[0m [2mhyper::client::pool[0m[2m:[0m reuse idle connection for ("http", 192.168.0.14:8545)
[2m2025-12-10T10:09:36.184939Z[0m [34mDEBUG[0m [2mhyper::proto::h1::io[0m[2m:[0m flushed 250 bytes
[2m2025-12-10T10:09:36.189164Z[0m [34mDEBUG[0m [2mhyper::proto::h1::io[0m[2m:[0m parsed 4 headers
[2m2025-12-10T10:09:36.189175Z[0m [34mDEBUG[0m [2mhyper::proto::h1::conn[0m[2m:[0m incoming body is content-length (644 bytes)
[2m2025-12-10T10:09:36.189183Z[0m [34mDEBUG[0m [2mhyper::proto::h1::conn[0m[2m:[0m incoming body completed
[2m2025-12-10T10:09:36.189192Z[0m [34mDEBUG[0m [2mhyper::client::pool[0m[2m:[0m pooling idle connection for ("http", 192.168.0.14:8545)
[2m2025-12-10T10:09:36.189201Z[0m [34mDEBUG[0m [2methereum_transaction_pool_monitor::eth_client[0m[2m:[0m 📡 Transaction fetch RPC completed in 4.318042ms
[2m2025-12-10T10:09:36.260795Z[0m [34mDEBUG[0m [2methereum_transaction_pool_monitor::eth_client[0m[2m:[0m ✅ Transaction 0xda84ca854ac560a6345eceab81b5cba26f114dcd05b36176a7b59b04d6a35c1a fetched and parsed in 75.910209ms
[2m2025-12-10T10:09:36.260826Z[0m [34mDEBUG[0m [2methereum_transaction_pool_monitor::mempool_monitor[0m[2m:[0m 🔍 Skipping tx 0xda84ca854ac560a6345eceab81b5cba26f114dcd05b36176a7b59b04d6a35c1a - not a DEX interaction (target: 0x17E5545B11b468072283Cee1F066a059Fb0dbF24)
[2m2025-12-10T10:09:36.260838Z[0m [34mDEBUG[0m [2methereum_transaction_pool_monitor::mempool_monitor[0m[2m:[0m 📨 Processing new pending transaction: 0xc1220ad15df365615be6872a0aae8df42e9b4eefd37e152de9a7887c2426e1f6
[2m2025-12-10T10:09:36.260844Z[0m [34mDEBUG[0m [2methereum_transaction_pool_monitor::mempool_monitor[0m[2m:[0m 🔍 Fetching transaction details for: 0xc1220ad15df365615be6872a0aae8df42e9b4eefd37e152de9a7887c2426e1f6
[2m2025-12-10T10:09:36.260848Z[0m [34mDEBUG[0m [2methereum_transaction_pool_monitor::eth_client[0m[2m:[0m 🔍 Fetching transaction details for hash: 0xc1220ad15df365615be6872a0aae8df42e9b4eefd37e152de9a7887c2426e1f6
[2m2025-12-10T10:09:36.260867Z[0m [34mDEBUG[0m [2mhyper::client::pool[0m[2m:[0m reuse idle connection for ("http", 192.168.0.14:8545)
[2m2025-12-10T10:09:36.260916Z[0m [34mDEBUG[0m [2mhyper::proto::h1::io[0m[2m:[0m flushed 250 bytes
[2m2025-12-10T10:09:36.260945Z[0m [34mDEBUG[0m [2mhyper::client::pool[0m[2m:[0m reuse idle connection for ("http", 192.168.0.14:8545)
[2m2025-12-10T10:09:36.260961Z[0m [34mDEBUG[0m [2mhyper::proto::h1::io[0m[2m:[0m flushed 172 bytes
[2m2025-12-10T10:09:36.264628Z[0m [34mDEBUG[0m [2mhyper::proto::h1::io[0m[2m:[0m parsed 4 headers
[2m2025-12-10T10:09:36.264638Z[0m [34mDEBUG[0m [2mhyper::proto::h1::conn[0m[2m:[0m incoming body is content-length (45 bytes)
[2m2025-12-10T10:09:36.264645Z[0m [34mDEBUG[0m [2mhyper::proto::h1::conn[0m[2m:[0m incoming body completed
[2m2025-12-10T10:09:36.264653Z[0m [34mDEBUG[0m [2mhyper::client::pool[0m[2m:[0m pooling idle connection for ("http", 192.168.0.14:8545)
[2m2025-12-10T10:09:36.266526Z[0m [34mDEBUG[0m [2mhyper::proto::h1::io[0m[2m:[0m parsed 4 headers
[2m2025-12-10T10:09:36.266534Z[0m [34mDEBUG[0m [2mhyper::proto::h1::conn[0m[2m:[0m incoming body is content-length (1731 bytes)
[2m2025-12-10T10:09:36.266539Z[0m [34mDEBUG[0m [2mhyper::proto::h1::conn[0m[2m:[0m incoming body completed
[2m2025-12-10T10:09:36.266546Z[0m [34mDEBUG[0m [2mhyper::client::pool[0m[2m:[0m pooling idle connection for ("http", 192.168.0.14:8545)
[2m2025-12-10T10:09:36.266552Z[0m [34mDEBUG[0m [2methereum_transaction_pool_monitor::eth_client[0m[2m:[0m 📡 Transaction fetch RPC completed in 5.699958ms
[2m2025-12-10T10:09:36.342654Z[0m [34mDEBUG[0m [2methereum_transaction_pool_monitor::eth_client[0m[2m:[0m ✅ Transaction 0xc1220ad15df365615be6872a0aae8df42e9b4eefd37e152de9a7887c2426e1f6 fetched and parsed in 81.799833ms
[2m2025-12-10T10:09:36.342678Z[0m [34mDEBUG[0m [2methereum_transaction_pool_monitor::mempool_monitor[0m[2m:[0m 🔍 Skipping tx 0xc1220ad15df365615be6872a0aae8df42e9b4eefd37e152de9a7887c2426e1f6 - not a DEX interaction (target: 0x601a2aD6CB5949f0529735254189Ba3194221EDF)
[2m2025-12-10T10:09:36.342687Z[0m [34mDEBUG[0m [2methereum_transaction_pool_monitor::mempool_monitor[0m[2m:[0m 📨 Processing new pending transaction: 0x50d85c7232b22c10a838a0c0758799298d38d0ac55335e7c7e5d15bafef9b730
[2m2025-12-10T10:09:36.342693Z[0m [34mDEBUG[0m [2methereum_transaction_pool_monitor::mempool_monitor[0m[2m:[0m 🔍 Fetching transaction details for: 0x50d85c7232b22c10a838a0c0758799298d38d0ac55335e7c7e5d15bafef9b730
[2m2025-12-10T10:09:36.342698Z[0m [34mDEBUG[0m [2methereum_transaction_pool_monitor::eth_client[0m[2m:[0m 🔍 Fetching transaction details for hash: 0x50d85c7232b22c10a838a0c0758799298d38d0ac55335e7c7e5d15bafef9b730
[2m2025-12-10T10:09:36.342718Z[0m [34mDEBUG[0m [2mhyper::client::pool[0m[2m:[0m reuse idle connection for ("http", 192.168.0.14:8545)
[2m2025-12-10T10:09:36.342770Z[0m [34mDEBUG[0m [2mhyper::proto::h1::io[0m[2m:[0m flushed 250 bytes
[2m2025-12-10T10:09:36.342799Z[0m [34mDEBUG[0m [2mhyper::client::pool[0m[2m:[0m reuse idle connection for ("http", 192.168.0.14:8545)
[2m2025-12-10T10:09:36.342812Z[0m [34mDEBUG[0m [2mhyper::proto::h1::io[0m[2m:[0m flushed 172 bytes
[2m2025-12-10T10:09:36.346818Z[0m [34mDEBUG[0m [2mhyper::proto::h1::io[0m[2m:[0m parsed 4 headers
[2m2025-12-10T10:09:36.346824Z[0m [34mDEBUG[0m [2mhyper::proto::h1::conn[0m[2m:[0m incoming body is content-length (45 bytes)
[2m2025-12-10T10:09:36.346835Z[0m [34mDEBUG[0m [2mhyper::proto::h1::conn[0m[2m:[0m incoming body completed
[2m2025-12-10T10:09:36.346846Z[0m [34mDEBUG[0m [2mhyper::client::pool[0m[2m:[0m pooling idle connection for ("http", 192.168.0.14:8545)
[2m2025-12-10T10:09:36.346875Z[0m [34mDEBUG[0m [2mhyper::proto::h1::io[0m[2m:[0m parsed 4 headers
[2m2025-12-10T10:09:36.346880Z[0m [34mDEBUG[0m [2mhyper::proto::h1::conn[0m[2m:[0m incoming body is content-length (771 bytes)
[2m2025-12-10T10:09:36.346885Z[0m [34mDEBUG[0m [2mhyper::proto::h1::conn[0m[2m:[0m incoming body completed
[2m2025-12-10T10:09:36.346892Z[0m [34mDEBUG[0m [2mhyper::client::pool[0m[2m:[0m pooling idle connection for ("http", 192.168.0.14:8545)
[2m2025-12-10T10:09:36.346899Z[0m [34mDEBUG[0m [2methereum_transaction_pool_monitor::eth_client[0m[2m:[0m 📡 Transaction fetch RPC completed in 4.197292ms
[2m2025-12-10T10:09:36.346924Z[0m [34mDEBUG[0m [2methereum_transaction_pool_monitor::eth_client[0m[2m:[0m DeFi transaction detected - Address: 0xdac17f958d2ee523a2206206994597c13d831ec7, Type: Stablecoin, Value: 0 ETH, Gas: 2.42 Gwei
[2m2025-12-10T10:09:36.346940Z[0m [34mDEBUG[0m [2methereum_transaction_pool_monitor::eth_client[0m[2m:[0m ✅ Transaction 0x50d85c7232b22c10a838a0c0758799298d38d0ac55335e7c7e5d15bafef9b730 fetched and parsed in 4.238042ms
[2m2025-12-10T10:09:36.346946Z[0m [34mDEBUG[0m [2methereum_transaction_pool_monitor::mempool_monitor[0m[2m:[0m 🔍 Skipping tx 0x50d85c7232b22c10a838a0c0758799298d38d0ac55335e7c7e5d15bafef9b730 - not a DEX interaction (target: 0xdAC17F958D2ee523a2206206994597C13D831ec7)
[2m2025-12-10T10:09:36.346954Z[0m [34mDEBUG[0m [2methereum_transaction_pool_monitor::mempool_monitor[0m[2m:[0m 📨 Processing new pending transaction: 0x626db33a3bd858803b380817224d94286e4e1335a7af294bbe4a4ed2cac9d7af
[2m2025-12-10T10:09:36.346957Z[0m [34mDEBUG[0m [2methereum_transaction_pool_monitor::mempool_monitor[0m[2m:[0m 🔍 Fetching transaction details for: 0x626db33a3bd858803b380817224d94286e4e1335a7af294bbe4a4ed2cac9d7af
[2m2025-12-10T10:09:36.346961Z[0m [34mDEBUG[0m [2methereum_transaction_pool_monitor::eth_client[0m[2m:[0m 🔍 Fetching transaction details for hash: 0x626db33a3bd858803b380817224d94286e4e1335a7af294bbe4a4ed2cac9d7af
[2m2025-12-10T10:09:36.346967Z[0m [34mDEBUG[0m [2mhyper::client::pool[0m[2m:[0m reuse idle connection for ("http", 192.168.0.14:8545)
[2m2025-12-10T10:09:36.346979Z[0m [34mDEBUG[0m [2mhyper::proto::h1::io[0m[2m:[0m flushed 250 bytes
[2m2025-12-10T10:09:36.351900Z[0m [34mDEBUG[0m [2mhyper::proto::h1::io[0m[2m:[0m parsed 4 headers
[2m2025-12-10T10:09:36.351909Z[0m [34mDEBUG[0m [2mhyper::proto::h1::conn[0m[2m:[0m incoming body is content-length (650 bytes)
[2m2025-12-10T10:09:36.351915Z[0m [34mDEBUG[0m [2mhyper::proto::h1::conn[0m[2m:[0m incoming body completed
[2m2025-12-10T10:09:36.351922Z[0m [34mDEBUG[0m [2mhyper::client::pool[0m[2m:[0m pooling idle connection for ("http", 192.168.0.14:8545)
[2m2025-12-10T10:09:36.351927Z[0m [34mDEBUG[0m [2methereum_transaction_pool_monitor::eth_client[0m[2m:[0m 📡 Transaction fetch RPC completed in 4.963042ms
[2m2025-12-10T10:09:36.422090Z[0m [34mDEBUG[0m [2methereum_transaction_pool_monitor::eth_client[0m[2m:[0m ✅ Transaction 0x626db33a3bd858803b380817224d94286e4e1335a7af294bbe4a4ed2cac9d7af fetched and parsed in 75.124333ms
[2m2025-12-10T10:09:36.422126Z[0m [34mDEBUG[0m [2methereum_transaction_pool_monitor::mempool_monitor[0m[2m:[0m 🔍 Skipping tx 0x626db33a3bd858803b380817224d94286e4e1335a7af294bbe4a4ed2cac9d7af - not a DEX interaction (target: 0x6BE3b9135242F1F4b0AE1cE0C5bFEB64365564B6)
[2m2025-12-10T10:09:36.422134Z[0m [34mDEBUG[0m [2methereum_transaction_pool_monitor::mempool_monitor[0m[2m:[0m 📨 Processing new pending transaction: 0x5f2f7d7ca578f16e62e68fa4c21781fec61bcb9513a3a5c1692dfdcf9013f74e
[2m2025-12-10T10:09:36.422139Z[0m [34mDEBUG[0m [2methereum_transaction_pool_monitor::mempool_monitor[0m[2m:[0m 🔍 Fetching transaction details for: 0x5f2f7d7ca578f16e62e68fa4c21781fec61bcb9513a3a5c1692dfdcf9013f74e
[2m2025-12-10T10:09:36.422143Z[0m [34mDEBUG[0m [2methereum_transaction_pool_monitor::eth_client[0m[2m:[0m 🔍 Fetching transaction details for hash: 0x5f2f7d7ca578f16e62e68fa4c21781fec61bcb9513a3a5c1692dfdcf9013f74e
[2m2025-12-10T10:09:36.422164Z[0m [34mDEBUG[0m [2mhyper::client::pool[0m[2m:[0m reuse idle connection for ("http", 192.168.0.14:8545)
[2m2025-12-10T10:09:36.422222Z[0m [34mDEBUG[0m [2mhyper::proto::h1::io[0m[2m:[0m flushed 250 bytes
[2m2025-12-10T10:09:36.422291Z[0m [34mDEBUG[0m [2mhyper::client::pool[0m[2m:[0m reuse idle connection for ("http", 192.168.0.14:8545)
[2m2025-12-10T10:09:36.422313Z[0m [34mDEBUG[0m [2mhyper::proto::h1::io[0m[2m:[0m flushed 172 bytes
[2m2025-12-10T10:09:36.427441Z[0m [34mDEBUG[0m [2mhyper::proto::h1::io[0m[2m:[0m parsed 4 headers
[2m2025-12-10T10:09:36.427477Z[0m [34mDEBUG[0m [2mhyper::proto::h1::conn[0m[2m:[0m incoming body is content-length (45 bytes)
[2m2025-12-10T10:09:36.427502Z[0m [34mDEBUG[0m [2mhyper::proto::h1::conn[0m[2m:[0m incoming body completed
[2m2025-12-10T10:09:36.427513Z[0m [34mDEBUG[0m [2mhyper::client::pool[0m[2m:[0m pooling idle connection for ("http", 192.168.0.14:8545)
[2m2025-12-10T10:09:36.429401Z[0m [34mDEBUG[0m [2mhyper::proto::h1::io[0m[2m:[0m parsed 4 headers
[2m2025-12-10T10:09:36.429422Z[0m [34mDEBUG[0m [2mhyper::proto::h1::conn[0m[2m:[0m incoming body is content-length (646 bytes)
[2m2025-12-10T10:09:36.429440Z[0m [34mDEBUG[0m [2mhyper::proto::h1::conn[0m[2m:[0m incoming body completed
[2m2025-12-10T10:09:36.429460Z[0m [34mDEBUG[0m [2mhyper::client::pool[0m[2m:[0m pooling idle connection for ("http", 192.168.0.14:8545)
[2m2025-12-10T10:09:36.429465Z[0m [34mDEBUG[0m [2methereum_transaction_pool_monitor::eth_client[0m[2m:[0m 📡 Transaction fetch RPC completed in 7.316625ms
[2m2025-12-10T10:09:36.498807Z[0m [34mDEBUG[0m [2methereum_transaction_pool_monitor::eth_client[0m[2m:[0m ✅ Transaction 0x5f2f7d7ca578f16e62e68fa4c21781fec61bcb9513a3a5c1692dfdcf9013f74e fetched and parsed in 76.656167ms
[2m2025-12-10T10:09:36.498834Z[0m [34mDEBUG[0m [2methereum_transaction_pool_monitor::mempool_monitor[0m[2m:[0m 🔍 Skipping tx 0x5f2f7d7ca578f16e62e68fa4c21781fec61bcb9513a3a5c1692dfdcf9013f74e - not a DEX interaction (target: 0xA9D1e08C7793af67e9d92fe308d5697FB81d3E43)
[2m2025-12-10T10:09:36.498842Z[0m [34mDEBUG[0m [2methereum_transaction_pool_monitor::mempool_monitor[0m[2m:[0m 📨 Processing new pending transaction: 0x7570e83405b43bf3224d4cf81fb7e69ab007fb5b5809953377cb3a1be22d906a
[2m2025-12-10T10:09:36.498849Z[0m [34mDEBUG[0m [2methereum_transaction_pool_monitor::mempool_monitor[0m[2m:[0m 🔍 Fetching transaction details for: 0x7570e83405b43bf3224d4cf81fb7e69ab007fb5b5809953377cb3a1be22d906a
[2m2025-12-10T10:09:36.498852Z[0m [34mDEBUG[0m [2methereum_transaction_pool_monitor::eth_client[0m[2m:[0m 🔍 Fetching transaction details for hash: 0x7570e83405b43bf3224d4cf81fb7e69ab007fb5b5809953377cb3a1be22d906a
[2m2025-12-10T10:09:36.498870Z[0m [34mDEBUG[0m [2mhyper::client::pool[0m[2m:[0m reuse idle connection for ("http", 192.168.0.14:8545)
[2m2025-12-10T10:09:36.498920Z[0m [34mDEBUG[0m [2mhyper::proto::h1::io[0m[2m:[0m flushed 250 bytes
[2m2025-12-10T10:09:36.498944Z[0m [34mDEBUG[0m [2mhyper::client::pool[0m[2m:[0m reuse idle connection for ("http", 192.168.0.14:8545)
[2m2025-12-10T10:09:36.498960Z[0m [34mDEBUG[0m [2mhyper::proto::h1::io[0m[2m:[0m flushed 172 bytes
[2m2025-12-10T10:09:36.503640Z[0m [34mDEBUG[0m [2mhyper::proto::h1::io[0m[2m:[0m parsed 4 headers
[2m2025-12-10T10:09:36.503651Z[0m [34mDEBUG[0m [2mhyper::proto::h1::conn[0m[2m:[0m incoming body is content-length (45 bytes)
[2m2025-12-10T10:09:36.503658Z[0m [34mDEBUG[0m [2mhyper::proto::h1::conn[0m[2m:[0m incoming body completed
[2m2025-12-10T10:09:36.503666Z[0m [34mDEBUG[0m [2mhyper::client::pool[0m[2m:[0m pooling idle connection for ("http", 192.168.0.14:8545)
[2m2025-12-10T10:09:36.504487Z[0m [34mDEBUG[0m [2mhyper::proto::h1::io[0m[2m:[0m parsed 4 headers
[2m2025-12-10T10:09:36.504493Z[0m [34mDEBUG[0m [2mhyper::proto::h1::conn[0m[2m:[0m incoming body is content-length (647 bytes)
[2m2025-12-10T10:09:36.504497Z[0m [34mDEBUG[0m [2mhyper::proto::h1::conn[0m[2m:[0m incoming body completed
[2m2025-12-10T10:09:36.504503Z[0m [34mDEBUG[0m [2mhyper::client::pool[0m[2m:[0m pooling idle connection for ("http", 192.168.0.14:8545)
[2m2025-12-10T10:09:36.504507Z[0m [34mDEBUG[0m [2methereum_transaction_pool_monitor::eth_client[0m[2m:[0m 📡 Transaction fetch RPC completed in 5.65075ms
[2m2025-12-10T10:09:36.573307Z[0m [34mDEBUG[0m [2methereum_transaction_pool_monitor::eth_client[0m[2m:[0m ✅ Transaction 0x7570e83405b43bf3224d4cf81fb7e69ab007fb5b5809953377cb3a1be22d906a fetched and parsed in 74.448041ms
[2m2025-12-10T10:09:36.573332Z[0m [34mDEBUG[0m [2methereum_transaction_pool_monitor::mempool_monitor[0m[2m:[0m 🔍 Skipping tx 0x7570e83405b43bf3224d4cf81fb7e69ab007fb5b5809953377cb3a1be22d906a - not a DEX interaction (target: 0xb5d85CBf7cB3EE0D56b3bB207D5Fc4B82f43F511)
[2m2025-12-10T10:09:36.573340Z[0m [34mDEBUG[0m [2methereum_transaction_pool_monitor::mempool_monitor[0m[2m:[0m 📨 Processing new pending transaction: 0x8c97e434039c01c8333ba0e7344a5e18676bd1679bec097a3575d66391fc6a33
[2m2025-12-10T10:09:36.573345Z[0m [34mDEBUG[0m [2methereum_transaction_pool_monitor::mempool_monitor[0m[2m:[0m 🔍 Fetching transaction details for: 0x8c97e434039c01c8333ba0e7344a5e18676bd1679bec097a3575d66391fc6a33
[2m2025-12-10T10:09:36.573349Z[0m [34mDEBUG[0m [2methereum_transaction_pool_monitor::eth_client[0m[2m:[0m 🔍 Fetching transaction details for hash: 0x8c97e434039c01c8333ba0e7344a5e18676bd1679bec097a3575d66391fc6a33
[2m2025-12-10T10:09:36.573365Z[0m [34mDEBUG[0m [2mhyper::client::pool[0m[2m:[0m reuse idle connection for ("http", 192.168.0.14:8545)
[2m2025-12-10T10:09:36.573410Z[0m [34mDEBUG[0m [2mhyper::proto::h1::io[0m[2m:[0m flushed 250 bytes
[2m2025-12-10T10:09:36.579512Z[0m [34mDEBUG[0m [2mhyper::proto::h1::io[0m[2m:[0m parsed 4 headers
[2m2025-12-10T10:09:36.579518Z[0m [34mDEBUG[0m [2mhyper::proto::h1::conn[0m[2m:[0m incoming body is content-length (766 bytes)
[2m2025-12-10T10:09:36.579525Z[0m [34mDEBUG[0m [2mhyper::proto::h1::conn[0m[2m:[0m incoming body completed
[2m2025-12-10T10:09:36.579533Z[0m [34mDEBUG[0m [2mhyper::client::pool[0m[2m:[0m pooling idle connection for ("http", 192.168.0.14:8545)
[2m2025-12-10T10:09:36.579538Z[0m [34mDEBUG[0m [2methereum_transaction_pool_monitor::eth_client[0m[2m:[0m 📡 Transaction fetch RPC completed in 6.185667ms
[2m2025-12-10T10:09:36.579552Z[0m [34mDEBUG[0m [2methereum_transaction_pool_monitor::eth_client[0m[2m:[0m DeFi transaction detected - Address: 0xdac17f958d2ee523a2206206994597c13d831ec7, Type: Stablecoin, Value: 0 ETH, Gas: 0.28 Gwei
[2m2025-12-10T10:09:36.579562Z[0m [34mDEBUG[0m [2methereum_transaction_pool_monitor::eth_client[0m[2m:[0m ✅ Transaction 0x8c97e434039c01c8333ba0e7344a5e18676bd1679bec097a3575d66391fc6a33 fetched and parsed in 6.209667ms
[2m2025-12-10T10:09:36.579567Z[0m [34mDEBUG[0m [2methereum_transaction_pool_monitor::mempool_monitor[0m[2m:[0m 🔍 Skipping tx 0x8c97e434039c01c8333ba0e7344a5e18676bd1679bec097a3575d66391fc6a33 - not a DEX interaction (target: 0xdAC17F958D2ee523a2206206994597C13D831ec7)
[2m2025-12-10T10:09:36.579572Z[0m [34mDEBUG[0m [2methereum_transaction_pool_monitor::mempool_monitor[0m[2m:[0m 📨 Processing new pending transaction: 0x58ffa1709442076d839c72b804d3461127d8e912e5d50ee94db9a5c4d6b4c13d
[2m2025-12-10T10:09:36.579575Z[0m [34mDEBUG[0m [2methereum_transaction_pool_monitor::mempool_monitor[0m[2m:[0m 🔍 Fetching transaction details for: 0x58ffa1709442076d839c72b804d3461127d8e912e5d50ee94db9a5c4d6b4c13d
[2m2025-12-10T10:09:36.579578Z[0m [34mDEBUG[0m [2methereum_transaction_pool_monitor::eth_client[0m[2m:[0m 🔍 Fetching transaction details for hash: 0x58ffa1709442076d839c72b804d3461127d8e912e5d50ee94db9a5c4d6b4c13d
[2m2025-12-10T10:09:36.579588Z[0m [34mDEBUG[0m [2mhyper::client::pool[0m[2m:[0m reuse idle connection for ("http", 192.168.0.14:8545)
[2m2025-12-10T10:09:36.579603Z[0m [34mDEBUG[0m [2mhyper::proto::h1::io[0m[2m:[0m flushed 250 bytes
[2m2025-12-10T10:09:36.584806Z[0m [34mDEBUG[0m [2mhyper::proto::h1::io[0m[2m:[0m parsed 4 headers
[2m2025-12-10T10:09:36.584824Z[0m [34mDEBUG[0m [2mhyper::proto::h1::conn[0m[2m:[0m incoming body is content-length (830 bytes)
[2m2025-12-10T10:09:36.584832Z[0m [34mDEBUG[0m [2mhyper::proto::h1::conn[0m[2m:[0m incoming body completed
[2m2025-12-10T10:09:36.584842Z[0m [34mDEBUG[0m [2mhyper::client::pool[0m[2m:[0m pooling idle connection for ("http", 192.168.0.14:8545)
[2m2025-12-10T10:09:36.584850Z[0m [34mDEBUG[0m [2methereum_transaction_pool_monitor::eth_client[0m[2m:[0m 📡 Transaction fetch RPC completed in 5.26825ms
[2m2025-12-10T10:09:36.655664Z[0m [34mDEBUG[0m [2methereum_transaction_pool_monitor::eth_client[0m[2m:[0m ✅ Transaction 0x58ffa1709442076d839c72b804d3461127d8e912e5d50ee94db9a5c4d6b4c13d fetched and parsed in 76.078875ms
[2m2025-12-10T10:09:36.655699Z[0m [34mDEBUG[0m [2methereum_transaction_pool_monitor::mempool_monitor[0m[2m:[0m 🔍 Skipping tx 0x58ffa1709442076d839c72b804d3461127d8e912e5d50ee94db9a5c4d6b4c13d - not a DEX interaction (target: 0xDDaef92FA7888eb8A8a684F72F5e8e9Ee6045490)
[2m2025-12-10T10:09:36.655711Z[0m [34mDEBUG[0m [2methereum_transaction_pool_monitor::mempool_monitor[0m[2m:[0m 📨 Processing new pending transaction: 0xa09d181b6f4e32784f729c1f755ad276785d628c3f4e406b282124f321625d9c
[2m2025-12-10T10:09:36.655716Z[0m [34mDEBUG[0m [2methereum_transaction_pool_monitor::mempool_monitor[0m[2m:[0m 🔍 Fetching transaction details for: 0xa09d181b6f4e32784f729c1f755ad276785d628c3f4e406b282124f321625d9c
[2m2025-12-10T10:09:36.655720Z[0m [34mDEBUG[0m [2methereum_transaction_pool_monitor::eth_client[0m[2m:[0m 🔍 Fetching transaction details for hash: 0xa09d181b6f4e32784f729c1f755ad276785d628c3f4e406b282124f321625d9c
[2m2025-12-10T10:09:36.655742Z[0m [34mDEBUG[0m [2mhyper::client::pool[0m[2m:[0m reuse idle connection for ("http", 192.168.0.14:8545)
[2m2025-12-10T10:09:36.655811Z[0m [34mDEBUG[0m [2mhyper::proto::h1::io[0m[2m:[0m flushed 250 bytes
[2m2025-12-10T10:09:36.655837Z[0m [34mDEBUG[0m [2mhyper::client::pool[0m[2m:[0m reuse idle connection for ("http", 192.168.0.14:8545)
[2m2025-12-10T10:09:36.655857Z[0m [34mDEBUG[0m [2mhyper::proto::h1::io[0m[2m:[0m flushed 172 bytes
[2m2025-12-10T10:09:36.655896Z[0m [34mDEBUG[0m [2methereum_transaction_pool_monitor::eth_client[0m[2m:[0m 📨 Received WebSocket message: {"jsonrpc":"2.0","method":"eth_subscription","params":{"subscription":"0xbed0a0851463e895960a451075a301a9","result":"0x7559df0a0b36953e45f6b089ac127cce3fecd788074b80a3c0621c739be6e310"}}
[2m2025-12-10T10:09:36.655905Z[0m [34mDEBUG[0m [2methereum_transaction_pool_monitor::eth_client[0m[2m:[0m 📨 Received pending transaction: 0x7559df0a0b36953e45f6b089ac127cce3fecd788074b80a3c0621c739be6e310
[2m2025-12-10T10:09:36.661367Z[0m [34mDEBUG[0m [2mhyper::proto::h1::io[0m[2m:[0m parsed 4 headers
[2m2025-12-10T10:09:36.661390Z[0m [34mDEBUG[0m [2mhyper::proto::h1::conn[0m[2m:[0m incoming body is content-length (45 bytes)
[2m2025-12-10T10:09:36.661397Z[0m [34mDEBUG[0m [2mhyper::proto::h1::conn[0m[2m:[0m incoming body completed
[2m2025-12-10T10:09:36.661408Z[0m [34mDEBUG[0m [2mhyper::client::pool[0m[2m:[0m pooling idle connection for ("http", 192.168.0.14:8545)
[2m2025-12-10T10:09:36.664317Z[0m [34mDEBUG[0m [2mhyper::proto::h1::io[0m[2m:[0m parsed 4 headers
[2m2025-12-10T10:09:36.664328Z[0m [34mDEBUG[0m [2mhyper::proto::h1::conn[0m[2m:[0m incoming body is content-length (647 bytes)
[2m2025-12-10T10:09:36.664334Z[0m [34mDEBUG[0m [2mhyper::proto::h1::conn[0m[2m:[0m incoming body completed
[2m2025-12-10T10:09:36.664350Z[0m [34mDEBUG[0m [2mhyper::client::pool[0m[2m:[0m pooling idle connection for ("http", 192.168.0.14:8545)
[2m2025-12-10T10:09:36.664358Z[0m [34mDEBUG[0m [2methereum_transaction_pool_monitor::eth_client[0m[2m:[0m 📡 Transaction fetch RPC completed in 8.633958ms
[2m2025-12-10T10:09:36.737945Z[0m [34mDEBUG[0m [2methereum_transaction_pool_monitor::eth_client[0m[2m:[0m ✅ Transaction 0xa09d181b6f4e32784f729c1f755ad276785d628c3f4e406b282124f321625d9c fetched and parsed in 82.218583ms
[2m2025-12-10T10:09:36.737977Z[0m [34mDEBUG[0m [2methereum_transaction_pool_monitor::mempool_monitor[0m[2m:[0m 🔍 Skipping tx 0xa09d181b6f4e32784f729c1f755ad276785d628c3f4e406b282124f321625d9c - not a DEX interaction (target: 0xb5d85CBf7cB3EE0D56b3bB207D5Fc4B82f43F511)
[2m2025-12-10T10:09:36.737987Z[0m [34mDEBUG[0m [2methereum_transaction_pool_monitor::mempool_monitor[0m[2m:[0m 📨 Processing new pending transaction: 0xefaab3fa4c0abfeee34fe78020aadedc0172a9cb207197cb15313339040ea131
[2m2025-12-10T10:09:36.737991Z[0m [34mDEBUG[0m [2methereum_transaction_pool_monitor::mempool_monitor[0m[2m:[0m 🔍 Fetching transaction details for: 0xefaab3fa4c0abfeee34fe78020aadedc0172a9cb207197cb15313339040ea131
[2m2025-12-10T10:09:36.737995Z[0m [34mDEBUG[0m [2methereum_transaction_pool_monitor::eth_client[0m[2m:[0m 🔍 Fetching transaction details for hash: 0xefaab3fa4c0abfeee34fe78020aadedc0172a9cb207197cb15313339040ea131
[2m2025-12-10T10:09:36.738013Z[0m [34mDEBUG[0m [2mhyper::client::pool[0m[2m:[0m reuse idle connection for ("http", 192.168.0.14:8545)
[2m2025-12-10T10:09:36.738066Z[0m [34mDEBUG[0m [2mhyper::proto::h1::io[0m[2m:[0m flushed 250 bytes
[2m2025-12-10T10:09:36.738085Z[0m [34mDEBUG[0m [2mhyper::client::pool[0m[2m:[0m reuse idle connection for ("http", 192.168.0.14:8545)
[2m2025-12-10T10:09:36.738101Z[0m [34mDEBUG[0m [2mhyper::proto::h1::io[0m[2m:[0m flushed 172 bytes
[2m2025-12-10T10:09:36.738129Z[0m [34mDEBUG[0m [2methereum_transaction_pool_monitor::eth_client[0m[2m:[0m 📨 Received WebSocket message: {"jsonrpc":"2.0","method":"eth_subscription","params":{"subscription":"0xbed0a0851463e895960a451075a301a9","result":"0x50f138aa9b06be5591e650c9fb0e0ad43e45f67696d93c2a5a3a0305a7cf9b3b"}}
[2m2025-12-10T10:09:36.738136Z[0m [34mDEBUG[0m [2methereum_transaction_pool_monitor::eth_client[0m[2m:[0m 📨 Received pending transaction: 0x50f138aa9b06be5591e650c9fb0e0ad43e45f67696d93c2a5a3a0305a7cf9b3b
[2m2025-12-10T10:09:36.738790Z[0m [34mDEBUG[0m [2methereum_transaction_pool_monitor::eth_client[0m[2m:[0m 📨 Received WebSocket message: {"jsonrpc":"2.0","method":"eth_subscription","params":{"subscription":"0xbed0a0851463e895960a451075a301a9","result":"0xc78a47c1385d57d632781f3e5a2c9c1d66795eff1005abe14cfcb6317549a239"}}
[2m2025-12-10T10:09:36.738798Z[0m [34mDEBUG[0m [2methereum_transaction_pool_monitor::eth_client[0m[2m:[0m 📨 Received pending transaction: 0xc78a47c1385d57d632781f3e5a2c9c1d66795eff1005abe14cfcb6317549a239
[2m2025-12-10T10:09:36.743386Z[0m [34mDEBUG[0m [2mhyper::proto::h1::io[0m[2m:[0m parsed 4 headers
[2m2025-12-10T10:09:36.743408Z[0m [34mDEBUG[0m [2mhyper::proto::h1::conn[0m[2m:[0m incoming body is content-length (45 bytes)
[2m2025-12-10T10:09:36.743416Z[0m [34mDEBUG[0m [2mhyper::proto::h1::conn[0m[2m:[0m incoming body completed
[2m2025-12-10T10:09:36.743427Z[0m [34mDEBUG[0m [2mhyper::client::pool[0m[2m:[0m pooling idle connection for ("http", 192.168.0.14:8545)
[2m2025-12-10T10:09:36.743977Z[0m [34mDEBUG[0m [2mhyper::proto::h1::io[0m[2m:[0m parsed 4 headers
[2m2025-12-10T10:09:36.743987Z[0m [34mDEBUG[0m [2mhyper::proto::h1::conn[0m[2m:[0m incoming body is content-length (647 bytes)
[2m2025-12-10T10:09:36.743993Z[0m [34mDEBUG[0m [2mhyper::proto::h1::conn[0m[2m:[0m incoming body completed
[2m2025-12-10T10:09:36.744000Z[0m [34mDEBUG[0m [2mhyper::client::pool[0m[2m:[0m pooling idle connection for ("http", 192.168.0.14:8545)
[2m2025-12-10T10:09:36.744005Z[0m [34mDEBUG[0m [2methereum_transaction_pool_monitor::eth_client[0m[2m:[0m 📡 Transaction fetch RPC completed in 6.006375ms
[2m2025-12-10T10:09:36.814914Z[0m [34mDEBUG[0m [2methereum_transaction_pool_monitor::eth_client[0m[2m:[0m ✅ Transaction 0xefaab3fa4c0abfeee34fe78020aadedc0172a9cb207197cb15313339040ea131 fetched and parsed in 76.912375ms
[2m2025-12-10T10:09:36.814941Z[0m [34mDEBUG[0m [2methereum_transaction_pool_monitor::mempool_monitor[0m[2m:[0m 🔍 Skipping tx 0xefaab3fa4c0abfeee34fe78020aadedc0172a9cb207197cb15313339040ea131 - not a DEX interaction (target: 0xb5d85CBf7cB3EE0D56b3bB207D5Fc4B82f43F511)
[2m2025-12-10T10:09:36.814950Z[0m [34mDEBUG[0m [2methereum_transaction_pool_monitor::mempool_monitor[0m[2m:[0m 📨 Processing new pending transaction: 0x2653bf2d050593f38c679338d8bec38950c810e4a09086d67164abc6eae15d6d
[2m2025-12-10T10:09:36.814954Z[0m [34mDEBUG[0m [2methereum_transaction_pool_monitor::mempool_monitor[0m[2m:[0m 🔍 Fetching transaction details for: 0x2653bf2d050593f38c679338d8bec38950c810e4a09086d67164abc6eae15d6d
[2m2025-12-10T10:09:36.814958Z[0m [34mDEBUG[0m [2methereum_transaction_pool_monitor::eth_client[0m[2m:[0m 🔍 Fetching transaction details for hash: 0x2653bf2d050593f38c679338d8bec38950c810e4a09086d67164abc6eae15d6d
[2m2025-12-10T10:09:36.814976Z[0m [34mDEBUG[0m [2mhyper::client::pool[0m[2m:[0m reuse idle connection for ("http", 192.168.0.14:8545)
[2m2025-12-10T10:09:36.815029Z[0m [34mDEBUG[0m [2mhyper::proto::h1::io[0m[2m:[0m flushed 250 bytes
[2m2025-12-10T10:09:36.815055Z[0m [34mDEBUG[0m [2mhyper::client::pool[0m[2m:[0m reuse idle connection for ("http", 192.168.0.14:8545)
[2m2025-12-10T10:09:36.815068Z[0m [34mDEBUG[0m [2mhyper::proto::h1::io[0m[2m:[0m flushed 172 bytes
[2m2025-12-10T10:09:36.820218Z[0m [34mDEBUG[0m [2mhyper::proto::h1::io[0m[2m:[0m parsed 4 headers
[2m2025-12-10T10:09:36.820233Z[0m [34mDEBUG[0m [2mhyper::proto::h1::conn[0m[2m:[0m incoming body is content-length (45 bytes)
[2m2025-12-10T10:09:36.820241Z[0m [34mDEBUG[0m [2mhyper::proto::h1::conn[0m[2m:[0m incoming body completed
[2m2025-12-10T10:09:36.820249Z[0m [34mDEBUG[0m [2mhyper::client::pool[0m[2m:[0m pooling idle connection for ("http", 192.168.0.14:8545)
[2m2025-12-10T10:09:36.820862Z[0m [34mDEBUG[0m [2mhyper::proto::h1::io[0m[2m:[0m parsed 4 headers
[2m2025-12-10T10:09:36.820870Z[0m [34mDEBUG[0m [2mhyper::proto::h1::conn[0m[2m:[0m incoming body is content-length (647 bytes)
[2m2025-12-10T10:09:36.820877Z[0m [34mDEBUG[0m [2mhyper::proto::h1::conn[0m[2m:[0m incoming body completed
[2m2025-12-10T10:09:36.820883Z[0m [34mDEBUG[0m [2mhyper::client::pool[0m[2m:[0m pooling idle connection for ("http", 192.168.0.14:8545)
[2m2025-12-10T10:09:36.820889Z[0m [34mDEBUG[0m [2methereum_transaction_pool_monitor::eth_client[0m[2m:[0m 📡 Transaction fetch RPC completed in 5.927042ms
[2m2025-12-10T10:09:36.912027Z[0m [34mDEBUG[0m [2methereum_transaction_pool_monitor::eth_client[0m[2m:[0m ✅ Transaction 0x2653bf2d050593f38c679338d8bec38950c810e4a09086d67164abc6eae15d6d fetched and parsed in 97.063292ms
[2m2025-12-10T10:09:36.912055Z[0m [34mDEBUG[0m [2methereum_transaction_pool_monitor::mempool_monitor[0m[2m:[0m 🔍 Skipping tx 0x2653bf2d050593f38c679338d8bec38950c810e4a09086d67164abc6eae15d6d - not a DEX interaction (target: 0xA9D1e08C7793af67e9d92fe308d5697FB81d3E43)
[2m2025-12-10T10:09:36.912065Z[0m [34mDEBUG[0m [2methereum_transaction_pool_monitor::mempool_monitor[0m[2m:[0m 📨 Processing new pending transaction: 0x667aecf19889b07faff77983bf4918187c1a368867f4ad3c7ca4c52fe75ba554
[2m2025-12-10T10:09:36.912069Z[0m [34mDEBUG[0m [2methereum_transaction_pool_monitor::mempool_monitor[0m[2m:[0m 🔍 Fetching transaction details for: 0x667aecf19889b07faff77983bf4918187c1a368867f4ad3c7ca4c52fe75ba554
[2m2025-12-10T10:09:36.912073Z[0m [34mDEBUG[0m [2methereum_transaction_pool_monitor::eth_client[0m[2m:[0m 🔍 Fetching transaction details for hash: 0x667aecf19889b07faff77983bf4918187c1a368867f4ad3c7ca4c52fe75ba554
[2m2025-12-10T10:09:36.912090Z[0m [34mDEBUG[0m [2mhyper::client::pool[0m[2m:[0m reuse idle connection for ("http", 192.168.0.14:8545)
[2m2025-12-10T10:09:36.912147Z[0m [34mDEBUG[0m [2mhyper::proto::h1::io[0m[2m:[0m flushed 250 bytes
[2m2025-12-10T10:09:36.912168Z[0m [34mDEBUG[0m [2mhyper::client::pool[0m[2m:[0m reuse idle connection for ("http", 192.168.0.14:8545)
[2m2025-12-10T10:09:36.912184Z[0m [34mDEBUG[0m [2mhyper::proto::h1::io[0m[2m:[0m flushed 172 bytes
[2m2025-12-10T10:09:36.912216Z[0m [34mDEBUG[0m [2methereum_transaction_pool_monitor::eth_client[0m[2m:[0m 📨 Received WebSocket message: {"jsonrpc":"2.0","method":"eth_subscription","params":{"subscription":"0xbed0a0851463e895960a451075a301a9","result":"0xbb560ec987328f656f39e2c93d706157ea72e76988a455f06635a4817e50b831"}}
[2m2025-12-10T10:09:36.912252Z[0m [34mDEBUG[0m [2methereum_transaction_pool_monitor::eth_client[0m[2m:[0m 📨 Received pending transaction: 0xbb560ec987328f656f39e2c93d706157ea72e76988a455f06635a4817e50b831
[2m2025-12-10T10:09:36.915234Z[0m [34mDEBUG[0m [2mhyper::proto::h1::io[0m[2m:[0m parsed 4 headers
[2m2025-12-10T10:09:36.915249Z[0m [34mDEBUG[0m [2mhyper::proto::h1::conn[0m[2m:[0m incoming body is content-length (45 bytes)
[2m2025-12-10T10:09:36.915257Z[0m [34mDEBUG[0m [2mhyper::proto::h1::conn[0m[2m:[0m incoming body completed
[2m2025-12-10T10:09:36.915266Z[0m [34mDEBUG[0m [2mhyper::client::pool[0m[2m:[0m pooling idle connection for ("http", 192.168.0.14:8545)
[2m2025-12-10T10:09:36.918033Z[0m [34mDEBUG[0m [2mhyper::proto::h1::io[0m[2m:[0m parsed 4 headers
[2m2025-12-10T10:09:36.918041Z[0m [34mDEBUG[0m [2mhyper::proto::h1::conn[0m[2m:[0m incoming body is content-length (646 bytes)
[2m2025-12-10T10:09:36.918046Z[0m [34mDEBUG[0m [2mhyper::proto::h1::conn[0m[2m:[0m incoming body completed
[2m2025-12-10T10:09:36.918053Z[0m [34mDEBUG[0m [2mhyper::client::pool[0m[2m:[0m pooling idle connection for ("http", 192.168.0.14:8545)
[2m2025-12-10T10:09:36.918058Z[0m [34mDEBUG[0m [2methereum_transaction_pool_monitor::eth_client[0m[2m:[0m 📡 Transaction fetch RPC completed in 5.981ms
[2m2025-12-10T10:09:36.991576Z[0m [34mDEBUG[0m [2methereum_transaction_pool_monitor::eth_client[0m[2m:[0m ✅ Transaction 0x667aecf19889b07faff77983bf4918187c1a368867f4ad3c7ca4c52fe75ba554 fetched and parsed in 79.495458ms
[2m2025-12-10T10:09:36.991604Z[0m [34mDEBUG[0m [2methereum_transaction_pool_monitor::mempool_monitor[0m[2m:[0m 🔍 Skipping tx 0x667aecf19889b07faff77983bf4918187c1a368867f4ad3c7ca4c52fe75ba554 - not a DEX interaction (target: 0xA9D1e08C7793af67e9d92fe308d5697FB81d3E43)
[2m2025-12-10T10:09:36.991615Z[0m [34mDEBUG[0m [2methereum_transaction_pool_monitor::mempool_monitor[0m[2m:[0m 📨 Processing new pending transaction: 0xe2b560601558605a1efff523a441e6ca5d90256f2c7ee873014fc31fd8a3a60f
[2m2025-12-10T10:09:36.991620Z[0m [34mDEBUG[0m [2methereum_transaction_pool_monitor::mempool_monitor[0m[2m:[0m 🔍 Fetching transaction details for: 0xe2b560601558605a1efff523a441e6ca5d90256f2c7ee873014fc31fd8a3a60f
[2m2025-12-10T10:09:36.991624Z[0m [34mDEBUG[0m [2methereum_transaction_pool_monitor::eth_client[0m[2m:[0m 🔍 Fetching transaction details for hash: 0xe2b560601558605a1efff523a441e6ca5d90256f2c7ee873014fc31fd8a3a60f
[2m2025-12-10T10:09:36.991648Z[0m [34mDEBUG[0m [2mhyper::client::pool[0m[2m:[0m reuse idle connection for ("http", 192.168.0.14:8545)
[2m2025-12-10T10:09:36.991712Z[0m [34mDEBUG[0m [2mhyper::proto::h1::io[0m[2m:[0m flushed 250 bytes
[2m2025-12-10T10:09:36.991736Z[0m [34mDEBUG[0m [2methereum_transaction_pool_monitor::eth_client[0m[2m:[0m 📨 Received WebSocket message: {"jsonrpc":"2.0","method":"eth_subscription","params":{"subscription":"0xbed0a0851463e895960a451075a301a9","result":"0x6e8627bf3074c6853f2868cce720d90b5e5f3fdf8eca30929ca01bad842319ae"}}
[2m2025-12-10T10:09:36.991744Z[0m [34mDEBUG[0m [2methereum_transaction_pool_monitor::eth_client[0m[2m:[0m 📨 Received pending transaction: 0x6e8627bf3074c6853f2868cce720d90b5e5f3fdf8eca30929ca01bad842319ae
[2m2025-12-10T10:09:36.996734Z[0m [34mDEBUG[0m [2mhyper::client::pool[0m[2m:[0m reuse idle connection for ("http", 192.168.0.14:8545)
[2m2025-12-10T10:09:36.996737Z[0m [34mDEBUG[0m [2mhyper::proto::h1::io[0m[2m:[0m parsed 4 headers
[2m2025-12-10T10:09:36.996775Z[0m [34mDEBUG[0m [2mhyper::proto::h1::io[0m[2m:[0m flushed 172 bytes
[2m2025-12-10T10:09:36.996776Z[0m [34mDEBUG[0m [2mhyper::proto::h1::conn[0m[2m:[0m incoming body is content-length (648 bytes)
[2m2025-12-10T10:09:36.996788Z[0m [34mDEBUG[0m [2mhyper::proto::h1::conn[0m[2m:[0m incoming body completed
[2m2025-12-10T10:09:36.996796Z[0m [34mDEBUG[0m [2mhyper::client::pool[0m[2m:[0m pooling idle connection for ("http", 192.168.0.14:8545)
[2m2025-12-10T10:09:36.996802Z[0m [34mDEBUG[0m [2methereum_transaction_pool_monitor::eth_client[0m[2m:[0m 📡 Transaction fetch RPC completed in 5.173334ms
[2m2025-12-10T10:09:37.001407Z[0m [34mDEBUG[0m [2mhyper::proto::h1::io[0m[2m:[0m parsed 4 headers
[2m2025-12-10T10:09:37.001413Z[0m [34mDEBUG[0m [2mhyper::proto::h1::conn[0m[2m:[0m incoming body is content-length (45 bytes)
[2m2025-12-10T10:09:37.001419Z[0m [34mDEBUG[0m [2mhyper::proto::h1::conn[0m[2m:[0m incoming body completed
[2m2025-12-10T10:09:37.001427Z[0m [34mDEBUG[0m [2mhyper::client::pool[0m[2m:[0m pooling idle connection for ("http", 192.168.0.14:8545)
[2m2025-12-10T10:09:37.066743Z[0m [34mDEBUG[0m [2methereum_transaction_pool_monitor::eth_client[0m[2m:[0m ✅ Transaction 0xe2b560601558605a1efff523a441e6ca5d90256f2c7ee873014fc31fd8a3a60f fetched and parsed in 75.112375ms
[2m2025-12-10T10:09:37.066771Z[0m [34mDEBUG[0m [2methereum_transaction_pool_monitor::mempool_monitor[0m[2m:[0m 🔍 Skipping tx 0xe2b560601558605a1efff523a441e6ca5d90256f2c7ee873014fc31fd8a3a60f - not a DEX interaction (target: 0xA9D1e08C7793af67e9d92fe308d5697FB81d3E43)
[2m2025-12-10T10:09:37.066779Z[0m [34mDEBUG[0m [2methereum_transaction_pool_monitor::mempool_monitor[0m[2m:[0m 📨 Processing new pending transaction: 0xf589e19f797ebfdd8fbc96ba27259c87d6588e2075279ac9f7817165bdf95a15
[2m2025-12-10T10:09:37.066784Z[0m [34mDEBUG[0m [2methereum_transaction_pool_monitor::mempool_monitor[0m[2m:[0m 🔍 Fetching transaction details for: 0xf589e19f797ebfdd8fbc96ba27259c87d6588e2075279ac9f7817165bdf95a15
[2m2025-12-10T10:09:37.066787Z[0m [34mDEBUG[0m [2methereum_transaction_pool_monitor::eth_client[0m[2m:[0m 🔍 Fetching transaction details for hash: 0xf589e19f797ebfdd8fbc96ba27259c87d6588e2075279ac9f7817165bdf95a15
[2m2025-12-10T10:09:37.066804Z[0m [34mDEBUG[0m [2mhyper::client::pool[0m[2m:[0m reuse idle connection for ("http", 192.168.0.14:8545)
[2m2025-12-10T10:09:37.066857Z[0m [34mDEBUG[0m [2mhyper::proto::h1::io[0m[2m:[0m flushed 250 bytes
[2m2025-12-10T10:09:37.070621Z[0m [34mDEBUG[0m [2mhyper::proto::h1::io[0m[2m:[0m parsed 4 headers
[2m2025-12-10T10:09:37.074374Z[0m [34mDEBUG[0m [2mhyper::proto::h1::conn[0m[2m:[0m incoming body is content-length (647 bytes)
[2m2025-12-10T10:09:37.074383Z[0m [34mDEBUG[0m [2mhyper::proto::h1::conn[0m[2m:[0m incoming body completed
[2m2025-12-10T10:09:37.074396Z[0m [34mDEBUG[0m [2mhyper::client::pool[0m[2m:[0m pooling idle connection for ("http", 192.168.0.14:8545)
[2m2025-12-10T10:09:37.074404Z[0m [34mDEBUG[0m [2methereum_transaction_pool_monitor::eth_client[0m[2m:[0m 📡 Transaction fetch RPC completed in 7.612625ms
[2m2025-12-10T10:09:37.143866Z[0m [34mDEBUG[0m [2methereum_transaction_pool_monitor::eth_client[0m[2m:[0m ✅ Transaction 0xf589e19f797ebfdd8fbc96ba27259c87d6588e2075279ac9f7817165bdf95a15 fetched and parsed in 77.07175ms
[2m2025-12-10T10:09:37.143900Z[0m [34mDEBUG[0m [2methereum_transaction_pool_monitor::mempool_monitor[0m[2m:[0m 🔍 Skipping tx 0xf589e19f797ebfdd8fbc96ba27259c87d6588e2075279ac9f7817165bdf95a15 - not a DEX interaction (target: 0xA9D1e08C7793af67e9d92fe308d5697FB81d3E43)
[2m2025-12-10T10:09:37.143911Z[0m [34mDEBUG[0m [2methereum_transaction_pool_monitor::mempool_monitor[0m[2m:[0m 📨 Processing new pending transaction: 0xf88eaf0e8bc35594ea2eaaaafefecc6203d0faf052d1824e70332fa55b049580
[2m2025-12-10T10:09:37.143916Z[0m [34mDEBUG[0m [2methereum_transaction_pool_monitor::mempool_monitor[0m[2m:[0m 🔍 Fetching transaction details for: 0xf88eaf0e8bc35594ea2eaaaafefecc6203d0faf052d1824e70332fa55b049580
[2m2025-12-10T10:09:37.143919Z[0m [34mDEBUG[0m [2methereum_transaction_pool_monitor::eth_client[0m[2m:[0m 🔍 Fetching transaction details for hash: 0xf88eaf0e8bc35594ea2eaaaafefecc6203d0faf052d1824e70332fa55b049580
[2m2025-12-10T10:09:37.143941Z[0m [34mDEBUG[0m [2mhyper::client::pool[0m[2m:[0m reuse idle connection for ("http", 192.168.0.14:8545)
[2m2025-12-10T10:09:37.144001Z[0m [34mDEBUG[0m [2mhyper::proto::h1::io[0m[2m:[0m flushed 250 bytes
[2m2025-12-10T10:09:37.144033Z[0m [34mDEBUG[0m [2mhyper::client::pool[0m[2m:[0m reuse idle connection for ("http", 192.168.0.14:8545)
[2m2025-12-10T10:09:37.144048Z[0m [34mDEBUG[0m [2mhyper::proto::h1::io[0m[2m:[0m flushed 172 bytes
[2m2025-12-10T10:09:37.147325Z[0m [34mDEBUG[0m [2mhyper::proto::h1::io[0m[2m:[0m parsed 4 headers
[2m2025-12-10T10:09:37.147333Z[0m [34mDEBUG[0m [2mhyper::proto::h1::conn[0m[2m:[0m incoming body is content-length (45 bytes)
[2m2025-12-10T10:09:37.147340Z[0m [34mDEBUG[0m [2mhyper::proto::h1::conn[0m[2m:[0m incoming body completed
[2m2025-12-10T10:09:37.147348Z[0m [34mDEBUG[0m [2mhyper::client::pool[0m[2m:[0m pooling idle connection for ("http", 192.168.0.14:8545)
[2m2025-12-10T10:09:37.147502Z[0m [34mDEBUG[0m [2mhyper::proto::h1::io[0m[2m:[0m parsed 4 headers
[2m2025-12-10T10:09:37.147506Z[0m [34mDEBUG[0m [2mhyper::proto::h1::conn[0m[2m:[0m incoming body is content-length (647 bytes)
[2m2025-12-10T10:09:37.147510Z[0m [34mDEBUG[0m [2mhyper::proto::h1::conn[0m[2m:[0m incoming body completed
[2m2025-12-10T10:09:37.147515Z[0m [34mDEBUG[0m [2mhyper::client::pool[0m[2m:[0m pooling idle connection for ("http", 192.168.0.14:8545)
[2m2025-12-10T10:09:37.147519Z[0m [34mDEBUG[0m [2methereum_transaction_pool_monitor::eth_client[0m[2m:[0m 📡 Transaction fetch RPC completed in 3.595666ms
[2m2025-12-10T10:09:37.216488Z[0m [34mDEBUG[0m [2methereum_transaction_pool_monitor::eth_client[0m[2m:[0m ✅ Transaction 0xf88eaf0e8bc35594ea2eaaaafefecc6203d0faf052d1824e70332fa55b049580 fetched and parsed in 72.562875ms
[2m2025-12-10T10:09:37.216513Z[0m [34mDEBUG[0m [2methereum_transaction_pool_monitor::mempool_monitor[0m[2m:[0m 🔍 Skipping tx 0xf88eaf0e8bc35594ea2eaaaafefecc6203d0faf052d1824e70332fa55b049580 - not a DEX interaction (target: 0xb5d85CBf7cB3EE0D56b3bB207D5Fc4B82f43F511)
[2m2025-12-10T10:09:37.216522Z[0m [34mDEBUG[0m [2methereum_transaction_pool_monitor::mempool_monitor[0m[2m:[0m 📨 Processing new pending transaction: 0x184a8e743eaf4af6383092447b731fc75b037a65c2a845674b2c151685e6130f
[2m2025-12-10T10:09:37.216527Z[0m [34mDEBUG[0m [2methereum_transaction_pool_monitor::mempool_monitor[0m[2m:[0m 🔍 Fetching transaction details for: 0x184a8e743eaf4af6383092447b731fc75b037a65c2a845674b2c151685e6130f
[2m2025-12-10T10:09:37.216530Z[0m [34mDEBUG[0m [2methereum_transaction_pool_monitor::eth_client[0m[2m:[0m 🔍 Fetching transaction details for hash: 0x184a8e743eaf4af6383092447b731fc75b037a65c2a845674b2c151685e6130f
[2m2025-12-10T10:09:37.216546Z[0m [34mDEBUG[0m [2mhyper::client::pool[0m[2m:[0m reuse idle connection for ("http", 192.168.0.14:8545)
[2m2025-12-10T10:09:37.216596Z[0m [34mDEBUG[0m [2mhyper::proto::h1::io[0m[2m:[0m flushed 250 bytes
[2m2025-12-10T10:09:37.216617Z[0m [34mDEBUG[0m [2mhyper::client::pool[0m[2m:[0m reuse idle connection for ("http", 192.168.0.14:8545)
[2m2025-12-10T10:09:37.216630Z[0m [34mDEBUG[0m [2mhyper::proto::h1::io[0m[2m:[0m flushed 172 bytes
[2m2025-12-10T10:09:37.216701Z[0m [34mDEBUG[0m [2methereum_transaction_pool_monitor::eth_client[0m[2m:[0m 📨 Received WebSocket message: {"jsonrpc":"2.0","method":"eth_subscription","params":{"subscription":"0xbed0a0851463e895960a451075a301a9","result":"0x239c64cc2fb55869779813fcbe0b63f002360edaef8551c1799960be67c4869c"}}
[2m2025-12-10T10:09:37.216709Z[0m [34mDEBUG[0m [2methereum_transaction_pool_monitor::eth_client[0m[2m:[0m 📨 Received pending transaction: 0x239c64cc2fb55869779813fcbe0b63f002360edaef8551c1799960be67c4869c
[2m2025-12-10T10:09:37.220309Z[0m [34mDEBUG[0m [2mhyper::proto::h1::io[0m[2m:[0m parsed 4 headers
[2m2025-12-10T10:09:37.220336Z[0m [34mDEBUG[0m [2mhyper::proto::h1::conn[0m[2m:[0m incoming body is content-length (647 bytes)
[2m2025-12-10T10:09:37.220358Z[0m [34mDEBUG[0m [2mhyper::proto::h1::conn[0m[2m:[0m incoming body completed
[2m2025-12-10T10:09:37.220383Z[0m [34mDEBUG[0m [2mhyper::client::pool[0m[2m:[0m pooling idle connection for ("http", 192.168.0.14:8545)
[2m2025-12-10T10:09:37.220389Z[0m [34mDEBUG[0m [2methereum_transaction_pool_monitor::eth_client[0m[2m:[0m 📡 Transaction fetch RPC completed in 3.855958ms
[2m2025-12-10T10:09:37.289707Z[0m [34mDEBUG[0m [2methereum_transaction_pool_monitor::eth_client[0m[2m:[0m ✅ Transaction 0x184a8e743eaf4af6383092447b731fc75b037a65c2a845674b2c151685e6130f fetched and parsed in 73.171042ms
[2m2025-12-10T10:09:37.289736Z[0m [34mDEBUG[0m [2methereum_transaction_pool_monitor::mempool_monitor[0m[2m:[0m 🔍 Skipping tx 0x184a8e743eaf4af6383092447b731fc75b037a65c2a845674b2c151685e6130f - not a DEX interaction (target: 0xA9D1e08C7793af67e9d92fe308d5697FB81d3E43)
[2m2025-12-10T10:09:37.289745Z[0m [34mDEBUG[0m [2methereum_transaction_pool_monitor::mempool_monitor[0m[2m:[0m 📨 Processing new pending transaction: 0x09aa43266833df15a2c0c36ca125f08563456623f788684e0da6800947e88753
[2m2025-12-10T10:09:37.289750Z[0m [34mDEBUG[0m [2methereum_transaction_pool_monitor::mempool_monitor[0m[2m:[0m 🔍 Fetching transaction details for: 0x09aa43266833df15a2c0c36ca125f08563456623f788684e0da6800947e88753
[2m2025-12-10T10:09:37.289754Z[0m [34mDEBUG[0m [2methereum_transaction_pool_monitor::eth_client[0m[2m:[0m 🔍 Fetching transaction details for hash: 0x09aa43266833df15a2c0c36ca125f08563456623f788684e0da6800947e88753
[2m2025-12-10T10:09:37.289771Z[0m [34mDEBUG[0m [2mhyper::client::pool[0m[2m:[0m reuse idle connection for ("http", 192.168.0.14:8545)
[2m2025-12-10T10:09:37.289826Z[0m [34mDEBUG[0m [2mhyper::proto::h1::io[0m[2m:[0m flushed 250 bytes
[2m2025-12-10T10:09:37.289843Z[0m [34mDEBUG[0m [2mhyper::proto::h1::io[0m[2m:[0m parsed 4 headers
[2m2025-12-10T10:09:37.289849Z[0m [34mDEBUG[0m [2mhyper::proto::h1::conn[0m[2m:[0m incoming body is content-length (45 bytes)
[2m2025-12-10T10:09:37.289857Z[0m [34mDEBUG[0m [2mhyper::proto::h1::conn[0m[2m:[0m incoming body completed
[2m2025-12-10T10:09:37.289868Z[0m [34mDEBUG[0m [2mhyper::client::pool[0m[2m:[0m pooling idle connection for ("http", 192.168.0.14:8545)
[2m2025-12-10T10:09:37.296412Z[0m [34mDEBUG[0m [2mhyper::client::pool[0m[2m:[0m reuse idle connection for ("http", 192.168.0.14:8545)
[2m2025-12-10T10:09:37.296413Z[0m [34mDEBUG[0m [2mhyper::proto::h1::io[0m[2m:[0m parsed 4 headers
[2m2025-12-10T10:09:37.296432Z[0m [34mDEBUG[0m [2mhyper::proto::h1::conn[0m[2m:[0m incoming body is content-length (647 bytes)
[2m2025-12-10T10:09:37.296440Z[0m [34mDEBUG[0m [2mhyper::proto::h1::conn[0m[2m:[0m incoming body completed
[2m2025-12-10T10:09:37.296441Z[0m [34mDEBUG[0m [2mhyper::proto::h1::io[0m[2m:[0m flushed 172 bytes
[2m2025-12-10T10:09:37.296448Z[0m [34mDEBUG[0m [2mhyper::client::pool[0m[2m:[0m pooling idle connection for ("http", 192.168.0.14:8545)
[2m2025-12-10T10:09:37.296454Z[0m [34mDEBUG[0m [2methereum_transaction_pool_monitor::eth_client[0m[2m:[0m 📡 Transaction fetch RPC completed in 6.696458ms
[2m2025-12-10T10:09:37.305991Z[0m [34mDEBUG[0m [2mhyper::proto::h1::io[0m[2m:[0m parsed 4 headers
[2m2025-12-10T10:09:37.306040Z[0m [34mDEBUG[0m [2mhyper::proto::h1::conn[0m[2m:[0m incoming body is content-length (45 bytes)
[2m2025-12-10T10:09:37.306048Z[0m [34mDEBUG[0m [2mhyper::proto::h1::conn[0m[2m:[0m incoming body completed
[2m2025-12-10T10:09:37.306059Z[0m [34mDEBUG[0m [2mhyper::client::pool[0m[2m:[0m pooling idle connection for ("http", 192.168.0.14:8545)
[2m2025-12-10T10:09:37.365129Z[0m [34mDEBUG[0m [2methereum_transaction_pool_monitor::eth_client[0m[2m:[0m ✅ Transaction 0x09aa43266833df15a2c0c36ca125f08563456623f788684e0da6800947e88753 fetched and parsed in 75.368791ms
[2m2025-12-10T10:09:37.365159Z[0m [34mDEBUG[0m [2methereum_transaction_pool_monitor::mempool_monitor[0m[2m:[0m 🔍 Skipping tx 0x09aa43266833df15a2c0c36ca125f08563456623f788684e0da6800947e88753 - not a DEX interaction (target: 0xA9D1e08C7793af67e9d92fe308d5697FB81d3E43)
[2m2025-12-10T10:09:37.365169Z[0m [34mDEBUG[0m [2methereum_transaction_pool_monitor::mempool_monitor[0m[2m:[0m 📨 Processing new pending transaction: 0x0581afbbcdbc8ae322de360457040feca51fc741c8938501c507cd6341d960a5
[2m2025-12-10T10:09:37.365173Z[0m [34mDEBUG[0m [2methereum_transaction_pool_monitor::mempool_monitor[0m[2m:[0m 🔍 Fetching transaction details for: 0x0581afbbcdbc8ae322de360457040feca51fc741c8938501c507cd6341d960a5
[2m2025-12-10T10:09:37.365177Z[0m [34mDEBUG[0m [2methereum_transaction_pool_monitor::eth_client[0m[2m:[0m 🔍 Fetching transaction details for hash: 0x0581afbbcdbc8ae322de360457040feca51fc741c8938501c507cd6341d960a5
[2m2025-12-10T10:09:37.365194Z[0m [34mDEBUG[0m [2mhyper::client::pool[0m[2m:[0m reuse idle connection for ("http", 192.168.0.14:8545)
[2m2025-12-10T10:09:37.365249Z[0m [34mDEBUG[0m [2mhyper::proto::h1::io[0m[2m:[0m flushed 250 bytes
[2m2025-12-10T10:09:37.369495Z[0m [34mDEBUG[0m [2mhyper::proto::h1::io[0m[2m:[0m parsed 4 headers
[2m2025-12-10T10:09:37.369517Z[0m [34mDEBUG[0m [2mhyper::proto::h1::conn[0m[2m:[0m incoming body is content-length (554 bytes)
[2m2025-12-10T10:09:37.369540Z[0m [34mDEBUG[0m [2mhyper::proto::h1::conn[0m[2m:[0m incoming body completed
[2m2025-12-10T10:09:37.369551Z[0m [34mDEBUG[0m [2mhyper::client::pool[0m[2m:[0m pooling idle connection for ("http", 192.168.0.14:8545)
[2m2025-12-10T10:09:37.369570Z[0m [34mDEBUG[0m [2methereum_transaction_pool_monitor::eth_client[0m[2m:[0m 📡 Transaction fetch RPC completed in 4.389583ms
[2m2025-12-10T10:09:37.440913Z[0m [34mDEBUG[0m [2methereum_transaction_pool_monitor::eth_client[0m[2m:[0m ✅ Transaction 0x0581afbbcdbc8ae322de360457040feca51fc741c8938501c507cd6341d960a5 fetched and parsed in 75.729792ms
[2m2025-12-10T10:09:37.440939Z[0m [34mDEBUG[0m [2methereum_transaction_pool_monitor::mempool_monitor[0m[2m:[0m 🔍 Skipping tx 0x0581afbbcdbc8ae322de360457040feca51fc741c8938501c507cd6341d960a5 - not a DEX interaction (target: 0xa59fD4e4CCeaDCd92BcfBab2316f3ca544125aB7)
[2m2025-12-10T10:09:37.440949Z[0m [34mDEBUG[0m [2methereum_transaction_pool_monitor::mempool_monitor[0m[2m:[0m 📨 Processing new pending transaction: 0x5f9664427fd317152a22f51c8a9e06a62d171b43482b14df29a1fabcd7f62cb7
[2m2025-12-10T10:09:37.440955Z[0m [34mDEBUG[0m [2methereum_transaction_pool_monitor::mempool_monitor[0m[2m:[0m 🔍 Fetching transaction details for: 0x5f9664427fd317152a22f51c8a9e06a62d171b43482b14df29a1fabcd7f62cb7
[2m2025-12-10T10:09:37.440959Z[0m [34mDEBUG[0m [2methereum_transaction_pool_monitor::eth_client[0m[2m:[0m 🔍 Fetching transaction details for hash: 0x5f9664427fd317152a22f51c8a9e06a62d171b43482b14df29a1fabcd7f62cb7
[2m2025-12-10T10:09:37.440980Z[0m [34mDEBUG[0m [2mhyper::client::pool[0m[2m:[0m reuse idle connection for ("http", 192.168.0.14:8545)
[2m2025-12-10T10:09:37.441012Z[0m [34mDEBUG[0m [2mhyper::proto::h1::io[0m[2m:[0m flushed 250 bytes
[2m2025-12-10T10:09:37.441040Z[0m [34mDEBUG[0m [2mhyper::client::pool[0m[2m:[0m reuse idle connection for ("http", 192.168.0.14:8545)
[2m2025-12-10T10:09:37.441056Z[0m [34mDEBUG[0m [2mhyper::proto::h1::io[0m[2m:[0m flushed 172 bytes
[2m2025-12-10T10:09:37.445637Z[0m [34mDEBUG[0m [2mhyper::proto::h1::io[0m[2m:[0m parsed 4 headers
[2m2025-12-10T10:09:37.445642Z[0m [34mDEBUG[0m [2mhyper::proto::h1::conn[0m[2m:[0m incoming body is content-length (720 bytes)
[2m2025-12-10T10:09:37.445648Z[0m [34mDEBUG[0m [2mhyper::proto::h1::conn[0m[2m:[0m incoming body completed
[2m2025-12-10T10:09:37.445654Z[0m [34mDEBUG[0m [2mhyper::client::pool[0m[2m:[0m pooling idle connection for ("http", 192.168.0.14:8545)
[2m2025-12-10T10:09:37.445660Z[0m [34mDEBUG[0m [2methereum_transaction_pool_monitor::eth_client[0m[2m:[0m 📡 Transaction fetch RPC completed in 4.697292ms
[2m2025-12-10T10:09:37.516435Z[0m [34mDEBUG[0m [2methereum_transaction_pool_monitor::eth_client[0m[2m:[0m ✅ Transaction 0x5f9664427fd317152a22f51c8a9e06a62d171b43482b14df29a1fabcd7f62cb7 fetched and parsed in 75.4695ms
[2m2025-12-10T10:09:37.516463Z[0m [34mDEBUG[0m [2methereum_transaction_pool_monitor::mempool_monitor[0m[2m:[0m 🔍 Skipping tx 0x5f9664427fd317152a22f51c8a9e06a62d171b43482b14df29a1fabcd7f62cb7 - not a DEX interaction (target: 0xA9D1e08C7793af67e9d92fe308d5697FB81d3E43)
[2m2025-12-10T10:09:37.516473Z[0m [34mDEBUG[0m [2methereum_transaction_pool_monitor::mempool_monitor[0m[2m:[0m 📨 Processing new pending transaction: 0xd3173967bfb4e8aca34509e0c304c4e5ac9380babc41412a62a8a1b1e2ea7a18
[2m2025-12-10T10:09:37.516479Z[0m [34mDEBUG[0m [2methereum_transaction_pool_monitor::mempool_monitor[0m[2m:[0m 🔍 Fetching transaction details for: 0xd3173967bfb4e8aca34509e0c304c4e5ac9380babc41412a62a8a1b1e2ea7a18
[2m2025-12-10T10:09:37.516484Z[0m [34mDEBUG[0m [2methereum_transaction_pool_monitor::eth_client[0m[2m:[0m 🔍 Fetching transaction details for hash: 0xd3173967bfb4e8aca34509e0c304c4e5ac9380babc41412a62a8a1b1e2ea7a18
[2m2025-12-10T10:09:37.516501Z[0m [34mDEBUG[0m [2mhyper::client::pool[0m[2m:[0m reuse idle connection for ("http", 192.168.0.14:8545)
[2m2025-12-10T10:09:37.516540Z[0m [34mDEBUG[0m [2mhyper::proto::h1::io[0m[2m:[0m flushed 250 bytes
[2m2025-12-10T10:09:37.516558Z[0m [34mDEBUG[0m [2mhyper::proto::h1::io[0m[2m:[0m parsed 4 headers
[2m2025-12-10T10:09:37.516563Z[0m [34mDEBUG[0m [2mhyper::proto::h1::conn[0m[2m:[0m incoming body is content-length (45 bytes)
[2m2025-12-10T10:09:37.516571Z[0m [34mDEBUG[0m [2mhyper::proto::h1::conn[0m[2m:[0m incoming body completed
[2m2025-12-10T10:09:37.516580Z[0m [34mDEBUG[0m [2mhyper::client::pool[0m[2m:[0m pooling idle connection for ("http", 192.168.0.14:8545)
[2m2025-12-10T10:09:37.516595Z[0m [34mDEBUG[0m [2mhyper::client::pool[0m[2m:[0m reuse idle connection for ("http", 192.168.0.14:8545)
[2m2025-12-10T10:09:37.516611Z[0m [34mDEBUG[0m [2mhyper::proto::h1::io[0m[2m:[0m flushed 172 bytes
[2m2025-12-10T10:09:37.520995Z[0m [34mDEBUG[0m [2mhyper::proto::h1::io[0m[2m:[0m parsed 4 headers
[2m2025-12-10T10:09:37.521016Z[0m [34mDEBUG[0m [2mhyper::proto::h1::conn[0m[2m:[0m incoming body is content-length (753 bytes)
[2m2025-12-10T10:09:37.521032Z[0m [34mDEBUG[0m [2mhyper::proto::h1::conn[0m[2m:[0m incoming body completed
[2m2025-12-10T10:09:37.521051Z[0m [34mDEBUG[0m [2mhyper::client::pool[0m[2m:[0m pooling idle connection for ("http", 192.168.0.14:8545)
[2m2025-12-10T10:09:37.521056Z[0m [34mDEBUG[0m [2methereum_transaction_pool_monitor::eth_client[0m[2m:[0m 📡 Transaction fetch RPC completed in 4.568334ms
[2m2025-12-10T10:09:37.521082Z[0m [34mDEBUG[0m [2methereum_transaction_pool_monitor::eth_client[0m[2m:[0m DeFi transaction detected - Address: 0xdac17f958d2ee523a2206206994597c13d831ec7, Type: Stablecoin, Value: 0 ETH, Gas: 0.32 Gwei
[2m2025-12-10T10:09:37.521096Z[0m [34mDEBUG[0m [2methereum_transaction_pool_monitor::eth_client[0m[2m:[0m ✅ Transaction 0xd3173967bfb4e8aca34509e0c304c4e5ac9380babc41412a62a8a1b1e2ea7a18 fetched and parsed in 4.608ms
[2m2025-12-10T10:09:37.521101Z[0m [34mDEBUG[0m [2methereum_transaction_pool_monitor::mempool_monitor[0m[2m:[0m 🔍 Skipping tx 0xd3173967bfb4e8aca34509e0c304c4e5ac9380babc41412a62a8a1b1e2ea7a18 - not a DEX interaction (target: 0xdAC17F958D2ee523a2206206994597C13D831ec7)
[2m2025-12-10T10:09:37.521105Z[0m [34mDEBUG[0m [2methereum_transaction_pool_monitor::mempool_monitor[0m[2m:[0m 📨 Processing new pending transaction: 0xa769ba5164a950de6af090c09cda44861680bd353e9407b74cc4f7318395e8dd
[2m2025-12-10T10:09:37.521109Z[0m [34mDEBUG[0m [2methereum_transaction_pool_monitor::mempool_monitor[0m[2m:[0m 🔍 Fetching transaction details for: 0xa769ba5164a950de6af090c09cda44861680bd353e9407b74cc4f7318395e8dd
[2m2025-12-10T10:09:37.521112Z[0m [34mDEBUG[0m [2methereum_transaction_pool_monitor::eth_client[0m[2m:[0m 🔍 Fetching transaction details for hash: 0xa769ba5164a950de6af090c09cda44861680bd353e9407b74cc4f7318395e8dd
[2m2025-12-10T10:09:37.521117Z[0m [34mDEBUG[0m [2mhyper::client::pool[0m[2m:[0m reuse idle connection for ("http", 192.168.0.14:8545)
[2m2025-12-10T10:09:37.521133Z[0m [34mDEBUG[0m [2mhyper::proto::h1::io[0m[2m:[0m flushed 250 bytes
[2m2025-12-10T10:09:37.522171Z[0m [34mDEBUG[0m [2mhyper::proto::h1::io[0m[2m:[0m parsed 4 headers
[2m2025-12-10T10:09:37.522177Z[0m [34mDEBUG[0m [2mhyper::proto::h1::conn[0m[2m:[0m incoming body is content-length (45 bytes)
[2m2025-12-10T10:09:37.522181Z[0m [34mDEBUG[0m [2mhyper::proto::h1::conn[0m[2m:[0m incoming body completed
[2m2025-12-10T10:09:37.522187Z[0m [34mDEBUG[0m [2mhyper::client::pool[0m[2m:[0m pooling idle connection for ("http", 192.168.0.14:8545)
[2m2025-12-10T10:09:37.528236Z[0m [34mDEBUG[0m [2mhyper::proto::h1::io[0m[2m:[0m parsed 4 headers
[2m2025-12-10T10:09:37.528254Z[0m [34mDEBUG[0m [2mhyper::proto::h1::conn[0m[2m:[0m incoming body is content-length (719 bytes)
[2m2025-12-10T10:09:37.528270Z[0m [34mDEBUG[0m [2mhyper::proto::h1::conn[0m[2m:[0m incoming body completed
[2m2025-12-10T10:09:37.528288Z[0m [34mDEBUG[0m [2mhyper::client::pool[0m[2m:[0m pooling idle connection for ("http", 192.168.0.14:8545)
[2m2025-12-10T10:09:37.528292Z[0m [34mDEBUG[0m [2methereum_transaction_pool_monitor::eth_client[0m[2m:[0m 📡 Transaction fetch RPC completed in 7.177125ms
[2m2025-12-10T10:09:37.599958Z[0m [34mDEBUG[0m [2methereum_transaction_pool_monitor::eth_client[0m[2m:[0m ✅ Transaction 0xa769ba5164a950de6af090c09cda44861680bd353e9407b74cc4f7318395e8dd fetched and parsed in 78.84075ms
[2m2025-12-10T10:09:37.599984Z[0m [34mDEBUG[0m [2methereum_transaction_pool_monitor::mempool_monitor[0m[2m:[0m 🔍 Skipping tx 0xa769ba5164a950de6af090c09cda44861680bd353e9407b74cc4f7318395e8dd - not a DEX interaction (target: 0xb5d85CBf7cB3EE0D56b3bB207D5Fc4B82f43F511)
[2m2025-12-10T10:09:37.599995Z[0m [34mDEBUG[0m [2methereum_transaction_pool_monitor::mempool_monitor[0m[2m:[0m 📨 Processing new pending transaction: 0x1f025ceba401f0582f1309a17d4d9174dc6e1ada5e352a3dec7b5ab6affaee6d
[2m2025-12-10T10:09:37.600001Z[0m [34mDEBUG[0m [2methereum_transaction_pool_monitor::mempool_monitor[0m[2m:[0m 🔍 Fetching transaction details for: 0x1f025ceba401f0582f1309a17d4d9174dc6e1ada5e352a3dec7b5ab6affaee6d
[2m2025-12-10T10:09:37.600005Z[0m [34mDEBUG[0m [2methereum_transaction_pool_monitor::eth_client[0m[2m:[0m 🔍 Fetching transaction details for hash: 0x1f025ceba401f0582f1309a17d4d9174dc6e1ada5e352a3dec7b5ab6affaee6d
[2m2025-12-10T10:09:37.600022Z[0m [34mDEBUG[0m [2mhyper::client::pool[0m[2m:[0m reuse idle connection for ("http", 192.168.0.14:8545)
[2m2025-12-10T10:09:37.600057Z[0m [34mDEBUG[0m [2mhyper::proto::h1::io[0m[2m:[0m flushed 250 bytes
[2m2025-12-10T10:09:37.600076Z[0m [34mDEBUG[0m [2mhyper::client::pool[0m[2m:[0m reuse idle connection for ("http", 192.168.0.14:8545)
[2m2025-12-10T10:09:37.600090Z[0m [34mDEBUG[0m [2mhyper::proto::h1::io[0m[2m:[0m flushed 172 bytes
[2m2025-12-10T10:09:37.600091Z[0m [34mDEBUG[0m [2methereum_transaction_pool_monitor::eth_client[0m[2m:[0m 📨 Received WebSocket message: {"jsonrpc":"2.0","method":"eth_subscription","params":{"subscription":"0xbed0a0851463e895960a451075a301a9","result":"0x5b624a7f6f367ac1cc2f7dfff79ef7b0759bcd36d79bcbcef56be0795c7c9253"}}
[2m2025-12-10T10:09:37.600108Z[0m [34mDEBUG[0m [2methereum_transaction_pool_monitor::eth_client[0m[2m:[0m 📨 Received pending transaction: 0x5b624a7f6f367ac1cc2f7dfff79ef7b0759bcd36d79bcbcef56be0795c7c9253
[2m2025-12-10T10:09:37.600114Z[0m [34mDEBUG[0m [2methereum_transaction_pool_monitor::eth_client[0m[2m:[0m 📨 Received WebSocket message: {"jsonrpc":"2.0","method":"eth_subscription","params":{"subscription":"0xbed0a0851463e895960a451075a301a9","result":"0x7345641dcabdaf4146895aeffb6a6999c429023c6ae944c273ca1f44c3d3ffff"}}
[2m2025-12-10T10:09:37.600121Z[0m [34mDEBUG[0m [2methereum_transaction_pool_monitor::eth_client[0m[2m:[0m 📨 Received pending transaction: 0x7345641dcabdaf4146895aeffb6a6999c429023c6ae944c273ca1f44c3d3ffff
[2m2025-12-10T10:09:37.600127Z[0m [34mDEBUG[0m [2methereum_transaction_pool_monitor::eth_client[0m[2m:[0m 📨 Received WebSocket message: {"jsonrpc":"2.0","method":"eth_subscription","params":{"subscription":"0xbed0a0851463e895960a451075a301a9","result":"0xc788c25b6da9a2d315d1fb68fe30850cccde57ea2528f9c5be8ca83fdf0d9650"}}
[2m2025-12-10T10:09:37.600134Z[0m [34mDEBUG[0m [2methereum_transaction_pool_monitor::eth_client[0m[2m:[0m 📨 Received pending transaction: 0xc788c25b6da9a2d315d1fb68fe30850cccde57ea2528f9c5be8ca83fdf0d9650
[2m2025-12-10T10:09:37.609638Z[0m [34mDEBUG[0m [2mhyper::proto::h1::io[0m[2m:[0m parsed 4 headers
[2m2025-12-10T10:09:37.609649Z[0m [34mDEBUG[0m [2mhyper::proto::h1::io[0m[2m:[0m parsed 4 headers
[2m2025-12-10T10:09:37.609649Z[0m [34mDEBUG[0m [2mhyper::proto::h1::conn[0m[2m:[0m incoming body is content-length (45 bytes)
[2m2025-12-10T10:09:37.609657Z[0m [34mDEBUG[0m [2mhyper::proto::h1::conn[0m[2m:[0m incoming body is content-length (721 bytes)
[2m2025-12-10T10:09:37.609677Z[0m [34mDEBUG[0m [2mhyper::proto::h1::conn[0m[2m:[0m incoming body completed
[2m2025-12-10T10:09:37.609715Z[0m [34mDEBUG[0m [2mhyper::proto::h1::conn[0m[2m:[0m incoming body completed
[2m2025-12-10T10:09:37.609720Z[0m [34mDEBUG[0m [2mhyper::client::pool[0m[2m:[0m pooling idle connection for ("http", 192.168.0.14:8545)
[2m2025-12-10T10:09:37.609722Z[0m [34mDEBUG[0m [2mhyper::client::pool[0m[2m:[0m pooling idle connection for ("http", 192.168.0.14:8545)
[2m2025-12-10T10:09:37.609732Z[0m [34mDEBUG[0m [2methereum_transaction_pool_monitor::eth_client[0m[2m:[0m 📡 Transaction fetch RPC completed in 9.723708ms
[2m2025-12-10T10:09:37.612843Z[0m [34mDEBUG[0m [2methereum_transaction_pool_monitor::eth_client[0m[2m:[0m 📨 Received WebSocket message: {"jsonrpc":"2.0","method":"eth_subscription","params":{"subscription":"0xbed0a0851463e895960a451075a301a9","result":"0xf2c2df804f5799c52ba1635dd9c467f23709511026a7b1965cc9785d8f1fb551"}}
[2m2025-12-10T10:09:37.612851Z[0m [34mDEBUG[0m [2methereum_transaction_pool_monitor::eth_client[0m[2m:[0m 📨 Received pending transaction: 0xf2c2df804f5799c52ba1635dd9c467f23709511026a7b1965cc9785d8f1fb551
[2m2025-12-10T10:09:37.640153Z[0m [34mDEBUG[0m [2methereum_transaction_pool_monitor::eth_client[0m[2m:[0m 📨 Received WebSocket message: {"jsonrpc":"2.0","method":"eth_subscription","params":{"subscription":"0xbed0a0851463e895960a451075a301a9","result":"0x6ca8a59bdf35b6fc50230e0f36e6a5d95bd1ff01232272f8164f46b04731e2fc"}}
[2m2025-12-10T10:09:37.640171Z[0m [34mDEBUG[0m [2methereum_transaction_pool_monitor::eth_client[0m[2m:[0m 📨 Received pending transaction: 0x6ca8a59bdf35b6fc50230e0f36e6a5d95bd1ff01232272f8164f46b04731e2fc
[2m2025-12-10T10:09:37.640177Z[0m [34mDEBUG[0m [2methereum_transaction_pool_monitor::eth_client[0m[2m:[0m 📨 Received WebSocket message: {"jsonrpc":"2.0","method":"eth_subscription","params":{"subscription":"0xbed0a0851463e895960a451075a301a9","result":"0x9a2f70315bd20f063cc407c78fececa4ab94da5e681bb5b7120a3ddebbb2a0a0"}}
[2m2025-12-10T10:09:37.640182Z[0m [34mDEBUG[0m [2methereum_transaction_pool_monitor::eth_client[0m[2m:[0m 📨 Received pending transaction: 0x9a2f70315bd20f063cc407c78fececa4ab94da5e681bb5b7120a3ddebbb2a0a0
[2m2025-12-10T10:09:37.642891Z[0m [34mDEBUG[0m [2methereum_transaction_pool_monitor::eth_client[0m[2m:[0m 📨 Received WebSocket message: {"jsonrpc":"2.0","method":"eth_subscription","params":{"subscription":"0xbed0a0851463e895960a451075a301a9","result":"0xb3868156b3741db1278c2e4606d2dfc9ee13d4fb6a127a364f605aa5097ab5b8"}}
[2m2025-12-10T10:09:37.642900Z[0m [34mDEBUG[0m [2methereum_transaction_pool_monitor::eth_client[0m[2m:[0m 📨 Received pending transaction: 0xb3868156b3741db1278c2e4606d2dfc9ee13d4fb6a127a364f605aa5097ab5b8
[2m2025-12-10T10:09:37.681071Z[0m [34mDEBUG[0m [2methereum_transaction_pool_monitor::eth_client[0m[2m:[0m ✅ Transaction 0x1f025ceba401f0582f1309a17d4d9174dc6e1ada5e352a3dec7b5ab6affaee6d fetched and parsed in 81.060083ms
[2m2025-12-10T10:09:37.681096Z[0m [34mDEBUG[0m [2methereum_transaction_pool_monitor::mempool_monitor[0m[2m:[0m 🔍 Skipping tx 0x1f025ceba401f0582f1309a17d4d9174dc6e1ada5e352a3dec7b5ab6affaee6d - not a DEX interaction (target: 0xb5d85CBf7cB3EE0D56b3bB207D5Fc4B82f43F511)
[2m2025-12-10T10:09:37.681107Z[0m [34mDEBUG[0m [2methereum_transaction_pool_monitor::mempool_monitor[0m[2m:[0m 📨 Processing new pending transaction: 0x38348421d25f05ba63d54f4220e9d40401ff5268757ffc4cd2280fec91c88b97
[2m2025-12-10T10:09:37.681112Z[0m [34mDEBUG[0m [2methereum_transaction_pool_monitor::mempool_monitor[0m[2m:[0m 🔍 Fetching transaction details for: 0x38348421d25f05ba63d54f4220e9d40401ff5268757ffc4cd2280fec91c88b97
[2m2025-12-10T10:09:37.681116Z[0m [34mDEBUG[0m [2methereum_transaction_pool_monitor::eth_client[0m[2m:[0m 🔍 Fetching transaction details for hash: 0x38348421d25f05ba63d54f4220e9d40401ff5268757ffc4cd2280fec91c88b97
[2m2025-12-10T10:09:37.681136Z[0m [34mDEBUG[0m [2mhyper::client::pool[0m[2m:[0m reuse idle connection for ("http", 192.168.0.14:8545)
[2m2025-12-10T10:09:37.681169Z[0m [34mDEBUG[0m [2mhyper::proto::h1::io[0m[2m:[0m flushed 250 bytes
[2m2025-12-10T10:09:37.686000Z[0m [34mDEBUG[0m [2mhyper::proto::h1::io[0m[2m:[0m parsed 4 headers
[2m2025-12-10T10:09:37.686005Z[0m [34mDEBUG[0m [2mhyper::proto::h1::conn[0m[2m:[0m incoming body is content-length (720 bytes)
[2m2025-12-10T10:09:37.686011Z[0m [34mDEBUG[0m [2mhyper::proto::h1::conn[0m[2m:[0m incoming body completed
[2m2025-12-10T10:09:37.686018Z[0m [34mDEBUG[0m [2mhyper::client::pool[0m[2m:[0m pooling idle connection for ("http", 192.168.0.14:8545)
[2m2025-12-10T10:09:37.686023Z[0m [34mDEBUG[0m [2methereum_transaction_pool_monitor::eth_client[0m[2m:[0m 📡 Transaction fetch RPC completed in 4.9035ms
[2m2025-12-10T10:09:37.756309Z[0m [34mDEBUG[0m [2methereum_transaction_pool_monitor::eth_client[0m[2m:[0m ✅ Transaction 0x38348421d25f05ba63d54f4220e9d40401ff5268757ffc4cd2280fec91c88b97 fetched and parsed in 75.186375ms
[2m2025-12-10T10:09:37.756337Z[0m [34mDEBUG[0m [2methereum_transaction_pool_monitor::mempool_monitor[0m[2m:[0m 🔍 Skipping tx 0x38348421d25f05ba63d54f4220e9d40401ff5268757ffc4cd2280fec91c88b97 - not a DEX interaction (target: 0xb5d85CBf7cB3EE0D56b3bB207D5Fc4B82f43F511)
[2m2025-12-10T10:09:37.756348Z[0m [34mDEBUG[0m [2methereum_transaction_pool_monitor::mempool_monitor[0m[2m:[0m 📨 Processing new pending transaction: 0x0de0643780369f5ab485f79b643167d68dad57e67e7ac3c8ebc3f338b809a767
[2m2025-12-10T10:09:37.756354Z[0m [34mDEBUG[0m [2methereum_transaction_pool_monitor::mempool_monitor[0m[2m:[0m 🔍 Fetching transaction details for: 0x0de0643780369f5ab485f79b643167d68dad57e67e7ac3c8ebc3f338b809a767
[2m2025-12-10T10:09:37.756358Z[0m [34mDEBUG[0m [2methereum_transaction_pool_monitor::eth_client[0m[2m:[0m 🔍 Fetching transaction details for hash: 0x0de0643780369f5ab485f79b643167d68dad57e67e7ac3c8ebc3f338b809a767
[2m2025-12-10T10:09:37.756376Z[0m [34mDEBUG[0m [2mhyper::client::pool[0m[2m:[0m reuse idle connection for ("http", 192.168.0.14:8545)
[2m2025-12-10T10:09:37.756414Z[0m [34mDEBUG[0m [2mhyper::proto::h1::io[0m[2m:[0m flushed 250 bytes
[2m2025-12-10T10:09:37.756442Z[0m [34mDEBUG[0m [2mhyper::client::pool[0m[2m:[0m reuse idle connection for ("http", 192.168.0.14:8545)
[2m2025-12-10T10:09:37.756461Z[0m [34mDEBUG[0m [2mhyper::proto::h1::io[0m[2m:[0m flushed 172 bytes
[2m2025-12-10T10:09:37.764994Z[0m [34mDEBUG[0m [2mhyper::proto::h1::io[0m[2m:[0m parsed 4 headers
[2m2025-12-10T10:09:37.765023Z[0m [34mDEBUG[0m [2mhyper::proto::h1::io[0m[2m:[0m parsed 4 headers
[2m2025-12-10T10:09:37.765033Z[0m [34mDEBUG[0m [2methereum_transaction_pool_monitor::eth_client[0m[2m:[0m 📨 Received WebSocket message: {"jsonrpc":"2.0","method":"eth_subscription","params":{"subscription":"0xbed0a0851463e895960a451075a301a9","result":"0xc754f5820cac2d5c83e14df8807d4a921971704fcd870fe8950835d54e3cfab3"}}
[2m2025-12-10T10:09:37.765102Z[0m [34mDEBUG[0m [2mhyper::proto::h1::conn[0m[2m:[0m incoming body is content-length (720 bytes)
[2m2025-12-10T10:09:37.765114Z[0m [34mDEBUG[0m [2mhyper::proto::h1::conn[0m[2m:[0m incoming body is content-length (45 bytes)
[2m2025-12-10T10:09:37.765124Z[0m [34mDEBUG[0m [2methereum_transaction_pool_monitor::eth_client[0m[2m:[0m 📨 Received pending transaction: 0xc754f5820cac2d5c83e14df8807d4a921971704fcd870fe8950835d54e3cfab3
[2m2025-12-10T10:09:37.765135Z[0m [34mDEBUG[0m [2mhyper::proto::h1::conn[0m[2m:[0m incoming body completed
[2m2025-12-10T10:09:37.765136Z[0m [34mDEBUG[0m [2mhyper::proto::h1::conn[0m[2m:[0m incoming body completed
[2m2025-12-10T10:09:37.765152Z[0m [34mDEBUG[0m [2mhyper::client::pool[0m[2m:[0m pooling idle connection for ("http", 192.168.0.14:8545)
[2m2025-12-10T10:09:37.765152Z[0m [34mDEBUG[0m [2mhyper::client::pool[0m[2m:[0m pooling idle connection for ("http", 192.168.0.14:8545)
[2m2025-12-10T10:09:37.765160Z[0m [34mDEBUG[0m [2methereum_transaction_pool_monitor::eth_client[0m[2m:[0m 📡 Transaction fetch RPC completed in 8.798291ms
[2m2025-12-10T10:09:37.772135Z[0m [34mDEBUG[0m [2methereum_transaction_pool_monitor::eth_client[0m[2m:[0m 📨 Received WebSocket message: {"jsonrpc":"2.0","method":"eth_subscription","params":{"subscription":"0xbed0a0851463e895960a451075a301a9","result":"0x2bf0d5c98df0fccbaa5a932caccee622d92f57e0818390098c294c73051e462e"}}
[2m2025-12-10T10:09:37.772144Z[0m [34mDEBUG[0m [2methereum_transaction_pool_monitor::eth_client[0m[2m:[0m 📨 Received pending transaction: 0x2bf0d5c98df0fccbaa5a932caccee622d92f57e0818390098c294c73051e462e
[2m2025-12-10T10:09:37.797681Z[0m [34mDEBUG[0m [2mhyper::client::pool[0m[2m:[0m reuse idle connection for ("http", 192.168.0.14:8545)
[2m2025-12-10T10:09:37.797735Z[0m [34mDEBUG[0m [2mhyper::proto::h1::io[0m[2m:[0m flushed 172 bytes
[2m2025-12-10T10:09:37.803064Z[0m [34mDEBUG[0m [2mhyper::proto::h1::io[0m[2m:[0m parsed 4 headers
[2m2025-12-10T10:09:37.803071Z[0m [34mDEBUG[0m [2mhyper::proto::h1::conn[0m[2m:[0m incoming body is content-length (45 bytes)
[2m2025-12-10T10:09:37.803078Z[0m [34mDEBUG[0m [2mhyper::proto::h1::conn[0m[2m:[0m incoming body completed
[2m2025-12-10T10:09:37.803086Z[0m [34mDEBUG[0m [2mhyper::client::pool[0m[2m:[0m pooling idle connection for ("http", 192.168.0.14:8545)
[2m2025-12-10T10:09:37.816819Z[0m [34mDEBUG[0m [2methereum_transaction_pool_monitor::eth_client[0m[2m:[0m 📨 Received WebSocket message: {"jsonrpc":"2.0","method":"eth_subscription","params":{"subscription":"0xbed0a0851463e895960a451075a301a9","result":"0x2ca131154cd395cbe69ffae4989d64c7b86b543e63a6769406ba39f78acbf0fc"}}
[2m2025-12-10T10:09:37.816835Z[0m [34mDEBUG[0m [2methereum_transaction_pool_monitor::eth_client[0m[2m:[0m 📨 Received pending transaction: 0x2ca131154cd395cbe69ffae4989d64c7b86b543e63a6769406ba39f78acbf0fc
[2m2025-12-10T10:09:37.836881Z[0m [34mDEBUG[0m [2methereum_transaction_pool_monitor::eth_client[0m[2m:[0m ✅ Transaction 0x0de0643780369f5ab485f79b643167d68dad57e67e7ac3c8ebc3f338b809a767 fetched and parsed in 80.517083ms
[2m2025-12-10T10:09:37.836901Z[0m [34mDEBUG[0m [2methereum_transaction_pool_monitor::mempool_monitor[0m[2m:[0m 🔍 Skipping tx 0x0de0643780369f5ab485f79b643167d68dad57e67e7ac3c8ebc3f338b809a767 - not a DEX interaction (target: 0xb5d85CBf7cB3EE0D56b3bB207D5Fc4B82f43F511)
[2m2025-12-10T10:09:37.836913Z[0m [34mDEBUG[0m [2methereum_transaction_pool_monitor::mempool_monitor[0m[2m:[0m 📨 Processing new pending transaction: 0x35d1b517283cc5aa18f9547fb82e43f4ccb8cec15c227e8d4d047226f9b70f9c
[2m2025-12-10T10:09:37.836919Z[0m [34mDEBUG[0m [2methereum_transaction_pool_monitor::mempool_monitor[0m[2m:[0m 🔍 Fetching transaction details for: 0x35d1b517283cc5aa18f9547fb82e43f4ccb8cec15c227e8d4d047226f9b70f9c
[2m2025-12-10T10:09:37.836923Z[0m [34mDEBUG[0m [2methereum_transaction_pool_monitor::eth_client[0m[2m:[0m 🔍 Fetching transaction details for hash: 0x35d1b517283cc5aa18f9547fb82e43f4ccb8cec15c227e8d4d047226f9b70f9c
[2m2025-12-10T10:09:37.836941Z[0m [34mDEBUG[0m [2mhyper::client::pool[0m[2m:[0m reuse idle connection for ("http", 192.168.0.14:8545)
[2m2025-12-10T10:09:37.836971Z[0m [34mDEBUG[0m [2mhyper::proto::h1::io[0m[2m:[0m flushed 250 bytes
[2m2025-12-10T10:09:37.842938Z[0m [34mDEBUG[0m [2mhyper::proto::h1::io[0m[2m:[0m parsed 4 headers
[2m2025-12-10T10:09:37.842944Z[0m [34mDEBUG[0m [2mhyper::proto::h1::conn[0m[2m:[0m incoming body is content-length (719 bytes)
[2m2025-12-10T10:09:37.842950Z[0m [34mDEBUG[0m [2mhyper::proto::h1::conn[0m[2m:[0m incoming body completed
[2m2025-12-10T10:09:37.842957Z[0m [34mDEBUG[0m [2mhyper::client::pool[0m[2m:[0m pooling idle connection for ("http", 192.168.0.14:8545)
[2m2025-12-10T10:09:37.842963Z[0m [34mDEBUG[0m [2methereum_transaction_pool_monitor::eth_client[0m[2m:[0m 📡 Transaction fetch RPC completed in 6.03575ms
[2m2025-12-10T10:09:37.911175Z[0m [34mDEBUG[0m [2methereum_transaction_pool_monitor::eth_client[0m[2m:[0m ✅ Transaction 0x35d1b517283cc5aa18f9547fb82e43f4ccb8cec15c227e8d4d047226f9b70f9c fetched and parsed in 74.24575ms
[2m2025-12-10T10:09:37.911200Z[0m [34mDEBUG[0m [2methereum_transaction_pool_monitor::mempool_monitor[0m[2m:[0m 🔍 Skipping tx 0x35d1b517283cc5aa18f9547fb82e43f4ccb8cec15c227e8d4d047226f9b70f9c - not a DEX interaction (target: 0xb5d85CBf7cB3EE0D56b3bB207D5Fc4B82f43F511)
[2m2025-12-10T10:09:37.911211Z[0m [34mDEBUG[0m [2methereum_transaction_pool_monitor::mempool_monitor[0m[2m:[0m 📨 Processing new pending transaction: 0x24a4337cd581eef0cf4adcd76b8f341159fecbb6dbf8886590898fd381b7d757
[2m2025-12-10T10:09:37.911217Z[0m [34mDEBUG[0m [2methereum_transaction_pool_monitor::mempool_monitor[0m[2m:[0m 🔍 Fetching transaction details for: 0x24a4337cd581eef0cf4adcd76b8f341159fecbb6dbf8886590898fd381b7d757
[2m2025-12-10T10:09:37.911220Z[0m [34mDEBUG[0m [2methereum_transaction_pool_monitor::eth_client[0m[2m:[0m 🔍 Fetching transaction details for hash: 0x24a4337cd581eef0cf4adcd76b8f341159fecbb6dbf8886590898fd381b7d757
[2m2025-12-10T10:09:37.911238Z[0m [34mDEBUG[0m [2mhyper::client::pool[0m[2m:[0m reuse idle connection for ("http", 192.168.0.14:8545)
[2m2025-12-10T10:09:37.911279Z[0m [34mDEBUG[0m [2mhyper::proto::h1::io[0m[2m:[0m flushed 250 bytes
[2m2025-12-10T10:09:37.911297Z[0m [34mDEBUG[0m [2mhyper::client::pool[0m[2m:[0m reuse idle connection for ("http", 192.168.0.14:8545)
[2m2025-12-10T10:09:37.911306Z[0m [34mDEBUG[0m [2methereum_transaction_pool_monitor::eth_client[0m[2m:[0m 📨 Received WebSocket message: {"jsonrpc":"2.0","method":"eth_subscription","params":{"subscription":"0xbed0a0851463e895960a451075a301a9","result":"0xb8f221c8cfd02d8f429b61b418f6c19c876e6851922b49e2ec48820cd0f1928b"}}
[2m2025-12-10T10:09:37.911320Z[0m [34mDEBUG[0m [2methereum_transaction_pool_monitor::eth_client[0m[2m:[0m 📨 Received pending transaction: 0xb8f221c8cfd02d8f429b61b418f6c19c876e6851922b49e2ec48820cd0f1928b
[2m2025-12-10T10:09:37.911309Z[0m [34mDEBUG[0m [2mhyper::proto::h1::io[0m[2m:[0m flushed 172 bytes
[2m2025-12-10T10:09:37.911326Z[0m [34mDEBUG[0m [2methereum_transaction_pool_monitor::eth_client[0m[2m:[0m 📨 Received WebSocket message: {"jsonrpc":"2.0","method":"eth_subscription","params":{"subscription":"0xbed0a0851463e895960a451075a301a9","result":"0xb0f7b9cd60f5e7ec5652b349c7678256858370375acd10349c8870a3e6d354d1"}}
[2m2025-12-10T10:09:37.911384Z[0m [34mDEBUG[0m [2methereum_transaction_pool_monitor::eth_client[0m[2m:[0m 📨 Received pending transaction: 0xb0f7b9cd60f5e7ec5652b349c7678256858370375acd10349c8870a3e6d354d1
[2m2025-12-10T10:09:37.922406Z[0m [34mDEBUG[0m [2mhyper::proto::h1::io[0m[2m:[0m parsed 4 headers
[2m2025-12-10T10:09:37.922431Z[0m [34mDEBUG[0m [2mhyper::proto::h1::conn[0m[2m:[0m incoming body is content-length (720 bytes)
[2m2025-12-10T10:09:37.922456Z[0m [34mDEBUG[0m [2mhyper::proto::h1::conn[0m[2m:[0m incoming body completed
[2m2025-12-10T10:09:37.922468Z[0m [34mDEBUG[0m [2mhyper::client::pool[0m[2m:[0m pooling idle connection for ("http", 192.168.0.14:8545)
[2m2025-12-10T10:09:37.922486Z[0m [34mDEBUG[0m [2methereum_transaction_pool_monitor::eth_client[0m[2m:[0m 📡 Transaction fetch RPC completed in 11.261959ms
[2m2025-12-10T10:09:37.991281Z[0m [34mDEBUG[0m [2methereum_transaction_pool_monitor::eth_client[0m[2m:[0m ✅ Transaction 0x24a4337cd581eef0cf4adcd76b8f341159fecbb6dbf8886590898fd381b7d757 fetched and parsed in 80.053959ms
[2m2025-12-10T10:09:37.991310Z[0m [34mDEBUG[0m [2methereum_transaction_pool_monitor::mempool_monitor[0m[2m:[0m 🔍 Skipping tx 0x24a4337cd581eef0cf4adcd76b8f341159fecbb6dbf8886590898fd381b7d757 - not a DEX interaction (target: 0xb5d85CBf7cB3EE0D56b3bB207D5Fc4B82f43F511)
[2m2025-12-10T10:09:37.991319Z[0m [34mDEBUG[0m [2methereum_transaction_pool_monitor::mempool_monitor[0m[2m:[0m 📨 Processing new pending transaction: 0xde183c2a53836ba831722b21ac809784ca730537374fa4076dd7ac9e33101344
[2m2025-12-10T10:09:37.991323Z[0m [34mDEBUG[0m [2methereum_transaction_pool_monitor::mempool_monitor[0m[2m:[0m 🔍 Fetching transaction details for: 0xde183c2a53836ba831722b21ac809784ca730537374fa4076dd7ac9e33101344
[2m2025-12-10T10:09:37.991329Z[0m [34mDEBUG[0m [2methereum_transaction_pool_monitor::eth_client[0m[2m:[0m 🔍 Fetching transaction details for hash: 0xde183c2a53836ba831722b21ac809784ca730537374fa4076dd7ac9e33101344
[2m2025-12-10T10:09:37.991347Z[0m [34mDEBUG[0m [2mhyper::client::pool[0m[2m:[0m reuse idle connection for ("http", 192.168.0.14:8545)
[2m2025-12-10T10:09:37.991395Z[0m [34mDEBUG[0m [2mhyper::proto::h1::io[0m[2m:[0m flushed 250 bytes
[2m2025-12-10T10:09:37.991412Z[0m [34mDEBUG[0m [2mhyper::proto::h1::io[0m[2m:[0m parsed 4 headers
[2m2025-12-10T10:09:37.991416Z[0m [34mDEBUG[0m [2mhyper::proto::h1::conn[0m[2m:[0m incoming body is content-length (45 bytes)
[2m2025-12-10T10:09:37.991422Z[0m [34mDEBUG[0m [2mhyper::proto::h1::conn[0m[2m:[0m incoming body completed
[2m2025-12-10T10:09:37.991430Z[0m [34mDEBUG[0m [2mhyper::client::pool[0m[2m:[0m pooling idle connection for ("http", 192.168.0.14:8545)
[2m2025-12-10T10:09:37.995532Z[0m [34mDEBUG[0m [2mhyper::proto::h1::io[0m[2m:[0m parsed 4 headers
[2m2025-12-10T10:09:37.995555Z[0m [34mDEBUG[0m [2mhyper::proto::h1::conn[0m[2m:[0m incoming body is content-length (721 bytes)
[2m2025-12-10T10:09:37.995576Z[0m [34mDEBUG[0m [2mhyper::proto::h1::conn[0m[2m:[0m incoming body completed
[2m2025-12-10T10:09:37.995585Z[0m [34mDEBUG[0m [2mhyper::client::pool[0m[2m:[0m pooling idle connection for ("http", 192.168.0.14:8545)
[2m2025-12-10T10:09:37.995592Z[0m [34mDEBUG[0m [2methereum_transaction_pool_monitor::eth_client[0m[2m:[0m 📡 Transaction fetch RPC completed in 4.259375ms
[2m2025-12-10T10:09:38.065360Z[0m [34mDEBUG[0m [2methereum_transaction_pool_monitor::eth_client[0m[2m:[0m ✅ Transaction 0xde183c2a53836ba831722b21ac809784ca730537374fa4076dd7ac9e33101344 fetched and parsed in 74.024833ms
[2m2025-12-10T10:09:38.065385Z[0m [34mDEBUG[0m [2methereum_transaction_pool_monitor::mempool_monitor[0m[2m:[0m 🔍 Skipping tx 0xde183c2a53836ba831722b21ac809784ca730537374fa4076dd7ac9e33101344 - not a DEX interaction (target: 0xA9D1e08C7793af67e9d92fe308d5697FB81d3E43)
[2m2025-12-10T10:09:38.065395Z[0m [34mDEBUG[0m [2methereum_transaction_pool_monitor::mempool_monitor[0m[2m:[0m 📨 Processing new pending transaction: 0x4efdfdf6c82cb7051eeaeedba6018a7de3b3aa8e27201208426324951ed0809e
[2m2025-12-10T10:09:38.065401Z[0m [34mDEBUG[0m [2methereum_transaction_pool_monitor::mempool_monitor[0m[2m:[0m 🔍 Fetching transaction details for: 0x4efdfdf6c82cb7051eeaeedba6018a7de3b3aa8e27201208426324951ed0809e
[2m2025-12-10T10:09:38.065405Z[0m [34mDEBUG[0m [2methereum_transaction_pool_monitor::eth_client[0m[2m:[0m 🔍 Fetching transaction details for hash: 0x4efdfdf6c82cb7051eeaeedba6018a7de3b3aa8e27201208426324951ed0809e
[2m2025-12-10T10:09:38.065422Z[0m [34mDEBUG[0m [2mhyper::client::pool[0m[2m:[0m reuse idle connection for ("http", 192.168.0.14:8545)
[2m2025-12-10T10:09:38.065460Z[0m [34mDEBUG[0m [2mhyper::proto::h1::io[0m[2m:[0m flushed 250 bytes
[2m2025-12-10T10:09:38.065487Z[0m [34mDEBUG[0m [2mhyper::client::pool[0m[2m:[0m reuse idle connection for ("http", 192.168.0.14:8545)
[2m2025-12-10T10:09:38.065502Z[0m [34mDEBUG[0m [2mhyper::proto::h1::io[0m[2m:[0m flushed 172 bytes
[2m2025-12-10T10:09:38.070839Z[0m [34mDEBUG[0m [2mhyper::proto::h1::io[0m[2m:[0m parsed 4 headers
[2m2025-12-10T10:09:38.070843Z[0m [34mDEBUG[0m [2mhyper::proto::h1::conn[0m[2m:[0m incoming body is content-length (725 bytes)
[2m2025-12-10T10:09:38.070849Z[0m [34mDEBUG[0m [2mhyper::proto::h1::conn[0m[2m:[0m incoming body completed
[2m2025-12-10T10:09:38.070856Z[0m [34mDEBUG[0m [2mhyper::client::pool[0m[2m:[0m pooling idle connection for ("http", 192.168.0.14:8545)
[2m2025-12-10T10:09:38.070861Z[0m [34mDEBUG[0m [2methereum_transaction_pool_monitor::eth_client[0m[2m:[0m 📡 Transaction fetch RPC completed in 5.452458ms
[2m2025-12-10T10:09:38.141963Z[0m [34mDEBUG[0m [2methereum_transaction_pool_monitor::eth_client[0m[2m:[0m ✅ Transaction 0x4efdfdf6c82cb7051eeaeedba6018a7de3b3aa8e27201208426324951ed0809e fetched and parsed in 76.551667ms
[2m2025-12-10T10:09:38.141987Z[0m [34mDEBUG[0m [2methereum_transaction_pool_monitor::mempool_monitor[0m[2m:[0m 🔍 Skipping tx 0x4efdfdf6c82cb7051eeaeedba6018a7de3b3aa8e27201208426324951ed0809e - not a DEX interaction (target: 0xd6b38beA1b891C9064b1167FB68F8478F6829326)
[2m2025-12-10T10:09:38.141997Z[0m [34mDEBUG[0m [2methereum_transaction_pool_monitor::mempool_monitor[0m[2m:[0m 📨 Processing new pending transaction: 0x1ab82b83d8daa10e390145fdd7c6ca79dbb4af4d4c1cdd0047524110a4f96a27
[2m2025-12-10T10:09:38.142002Z[0m [34mDEBUG[0m [2methereum_transaction_pool_monitor::mempool_monitor[0m[2m:[0m 🔍 Fetching transaction details for: 0x1ab82b83d8daa10e390145fdd7c6ca79dbb4af4d4c1cdd0047524110a4f96a27
[2m2025-12-10T10:09:38.142007Z[0m [34mDEBUG[0m [2methereum_transaction_pool_monitor::eth_client[0m[2m:[0m 🔍 Fetching transaction details for hash: 0x1ab82b83d8daa10e390145fdd7c6ca79dbb4af4d4c1cdd0047524110a4f96a27
[2m2025-12-10T10:09:38.142027Z[0m [34mDEBUG[0m [2mhyper::client::pool[0m[2m:[0m reuse idle connection for ("http", 192.168.0.14:8545)
[2m2025-12-10T10:09:38.142074Z[0m [34mDEBUG[0m [2mhyper::proto::h1::io[0m[2m:[0m flushed 250 bytes
[2m2025-12-10T10:09:38.142101Z[0m [34mDEBUG[0m [2mhyper::proto::h1::io[0m[2m:[0m parsed 4 headers
[2m2025-12-10T10:09:38.142105Z[0m [34mDEBUG[0m [2mhyper::proto::h1::conn[0m[2m:[0m incoming body is content-length (45 bytes)
[2m2025-12-10T10:09:38.142113Z[0m [34mDEBUG[0m [2mhyper::proto::h1::conn[0m[2m:[0m incoming body completed
[2m2025-12-10T10:09:38.142114Z[0m [34mDEBUG[0m [2methereum_transaction_pool_monitor::eth_client[0m[2m:[0m 📨 Received WebSocket message: {"jsonrpc":"2.0","method":"eth_subscription","params":{"subscription":"0xbed0a0851463e895960a451075a301a9","result":"0x479977a994ece22ba870388d1f8345eab167af899c85384dc1d3eaac78269d19"}}
[2m2025-12-10T10:09:38.142121Z[0m [34mDEBUG[0m [2mhyper::client::pool[0m[2m:[0m pooling idle connection for ("http", 192.168.0.14:8545)
[2m2025-12-10T10:09:38.142127Z[0m [34mDEBUG[0m [2methereum_transaction_pool_monitor::eth_client[0m[2m:[0m 📨 Received pending transaction: 0x479977a994ece22ba870388d1f8345eab167af899c85384dc1d3eaac78269d19
[2m2025-12-10T10:09:38.142135Z[0m [34mDEBUG[0m [2methereum_transaction_pool_monitor::eth_client[0m[2m:[0m 📨 Received WebSocket message: {"jsonrpc":"2.0","method":"eth_subscription","params":{"subscription":"0xbed0a0851463e895960a451075a301a9","result":"0x6a45dec5788a7800a126b8890c5a9a2372376a8b277a04f0eb49a184d403fb9b"}}
[2m2025-12-10T10:09:38.142137Z[0m [34mDEBUG[0m [2mhyper::client::pool[0m[2m:[0m reuse idle connection for ("http", 192.168.0.14:8545)
[2m2025-12-10T10:09:38.142142Z[0m [34mDEBUG[0m [2methereum_transaction_pool_monitor::eth_client[0m[2m:[0m 📨 Received pending transaction: 0x6a45dec5788a7800a126b8890c5a9a2372376a8b277a04f0eb49a184d403fb9b
[2m2025-12-10T10:09:38.142155Z[0m [34mDEBUG[0m [2mhyper::proto::h1::io[0m[2m:[0m flushed 172 bytes
[2m2025-12-10T10:09:38.147628Z[0m [34mDEBUG[0m [2mhyper::proto::h1::io[0m[2m:[0m parsed 4 headers
[2m2025-12-10T10:09:38.147645Z[0m [34mDEBUG[0m [2mhyper::proto::h1::io[0m[2m:[0m parsed 4 headers
[2m2025-12-10T10:09:38.147663Z[0m [34mDEBUG[0m [2mhyper::proto::h1::conn[0m[2m:[0m incoming body is content-length (38 bytes)
[2m2025-12-10T10:09:38.147668Z[0m [34mDEBUG[0m [2mhyper::proto::h1::conn[0m[2m:[0m incoming body is content-length (45 bytes)
[2m2025-12-10T10:09:38.147700Z[0m [34mDEBUG[0m [2mhyper::proto::h1::conn[0m[2m:[0m incoming body completed
[2m2025-12-10T10:09:38.147708Z[0m [34mDEBUG[0m [2mhyper::client::pool[0m[2m:[0m pooling idle connection for ("http", 192.168.0.14:8545)
[2m2025-12-10T10:09:38.147676Z[0m [34mDEBUG[0m [2mhyper::proto::h1::conn[0m[2m:[0m incoming body completed
[2m2025-12-10T10:09:38.147752Z[0m [34mDEBUG[0m [2mhyper::client::pool[0m[2m:[0m pooling idle connection for ("http", 192.168.0.14:8545)
[2m2025-12-10T10:09:38.147760Z[0m [34mDEBUG[0m [2methereum_transaction_pool_monitor::eth_client[0m[2m:[0m 📡 Transaction fetch RPC completed in 5.749417ms
[2m2025-12-10T10:09:38.147768Z[0m [34mDEBUG[0m [2methereum_transaction_pool_monitor::eth_client[0m[2m:[0m ✅ Transaction 0x1ab82b83d8daa10e390145fdd7c6ca79dbb4af4d4c1cdd0047524110a4f96a27 fetched and parsed in 5.75725ms
[2m2025-12-10T10:09:38.147773Z[0m [34mDEBUG[0m [2methereum_transaction_pool_monitor::mempool_monitor[0m[2m:[0m 🔍 Skipping tx 0x1ab82b83d8daa10e390145fdd7c6ca79dbb4af4d4c1cdd0047524110a4f96a27 - contract creation
[2m2025-12-10T10:09:38.147777Z[0m [34mDEBUG[0m [2methereum_transaction_pool_monitor::mempool_monitor[0m[2m:[0m 📨 Processing new pending transaction: 0xdd9ba13e6773257b06b16e3f0aca05c62674edb72409aaa0be0fb8a99f3ab544
[2m2025-12-10T10:09:38.147781Z[0m [34mDEBUG[0m [2methereum_transaction_pool_monitor::mempool_monitor[0m[2m:[0m 🔍 Fetching transaction details for: 0xdd9ba13e6773257b06b16e3f0aca05c62674edb72409aaa0be0fb8a99f3ab544
[2m2025-12-10T10:09:38.147784Z[0m [34mDEBUG[0m [2methereum_transaction_pool_monitor::eth_client[0m[2m:[0m 🔍 Fetching transaction details for hash: 0xdd9ba13e6773257b06b16e3f0aca05c62674edb72409aaa0be0fb8a99f3ab544
[2m2025-12-10T10:09:38.147792Z[0m [34mDEBUG[0m [2mhyper::client::pool[0m[2m:[0m reuse idle connection for ("http", 192.168.0.14:8545)
[2m2025-12-10T10:09:38.147806Z[0m [34mDEBUG[0m [2mhyper::proto::h1::io[0m[2m:[0m flushed 250 bytes
[2m2025-12-10T10:09:38.152945Z[0m [34mDEBUG[0m [2mhyper::proto::h1::io[0m[2m:[0m parsed 4 headers
[2m2025-12-10T10:09:38.153688Z[0m [34mDEBUG[0m [2mhyper::proto::h1::conn[0m[2m:[0m incoming body is content-length (1875 bytes)
[2m2025-12-10T10:09:38.153694Z[0m [34mDEBUG[0m [2mhyper::proto::h1::conn[0m[2m:[0m incoming body completed
[2m2025-12-10T10:09:38.153699Z[0m [34mDEBUG[0m [2mhyper::client::pool[0m[2m:[0m pooling idle connection for ("http", 192.168.0.14:8545)
[2m2025-12-10T10:09:38.153704Z[0m [34mDEBUG[0m [2methereum_transaction_pool_monitor::eth_client[0m[2m:[0m 📡 Transaction fetch RPC completed in 5.916875ms
[2m2025-12-10T10:09:38.224518Z[0m [34mDEBUG[0m [2methereum_transaction_pool_monitor::eth_client[0m[2m:[0m ✅ Transaction 0xdd9ba13e6773257b06b16e3f0aca05c62674edb72409aaa0be0fb8a99f3ab544 fetched and parsed in 76.727625ms
[2m2025-12-10T10:09:38.224542Z[0m [34mDEBUG[0m [2methereum_transaction_pool_monitor::mempool_monitor[0m[2m:[0m 🔍 Skipping tx 0xdd9ba13e6773257b06b16e3f0aca05c62674edb72409aaa0be0fb8a99f3ab544 - not a DEX interaction (target: 0xd72a6BA4a87DDB33e801b3f1c7750b2d0911fC6C)
[2m2025-12-10T10:09:38.224551Z[0m [34mDEBUG[0m [2methereum_transaction_pool_monitor::mempool_monitor[0m[2m:[0m 📨 Processing new pending transaction: 0x553a059641f5f2ec4901f663060fd377a601c263d9aeda4fb2f121b46066c163
[2m2025-12-10T10:09:38.224557Z[0m [34mDEBUG[0m [2methereum_transaction_pool_monitor::mempool_monitor[0m[2m:[0m 🔍 Fetching transaction details for: 0x553a059641f5f2ec4901f663060fd377a601c263d9aeda4fb2f121b46066c163
[2m2025-12-10T10:09:38.224561Z[0m [34mDEBUG[0m [2methereum_transaction_pool_monitor::eth_client[0m[2m:[0m 🔍 Fetching transaction details for hash: 0x553a059641f5f2ec4901f663060fd377a601c263d9aeda4fb2f121b46066c163
[2m2025-12-10T10:09:38.224578Z[0m [34mDEBUG[0m [2mhyper::client::pool[0m[2m:[0m reuse idle connection for ("http", 192.168.0.14:8545)
[2m2025-12-10T10:09:38.224613Z[0m [34mDEBUG[0m [2mhyper::proto::h1::io[0m[2m:[0m flushed 250 bytes
[2m2025-12-10T10:09:38.224641Z[0m [34mDEBUG[0m [2mhyper::client::pool[0m[2m:[0m reuse idle connection for ("http", 192.168.0.14:8545)
[2m2025-12-10T10:09:38.224653Z[0m [34mDEBUG[0m [2mhyper::proto::h1::io[0m[2m:[0m flushed 172 bytes
[2m2025-12-10T10:09:38.228189Z[0m [34mDEBUG[0m [2mhyper::proto::h1::io[0m[2m:[0m parsed 4 headers
[2m2025-12-10T10:09:38.228208Z[0m [34mDEBUG[0m [2mhyper::proto::h1::conn[0m[2m:[0m incoming body is content-length (839 bytes)
[2m2025-12-10T10:09:38.228230Z[0m [34mDEBUG[0m [2mhyper::proto::h1::conn[0m[2m:[0m incoming body completed
[2m2025-12-10T10:09:38.228247Z[0m [34mDEBUG[0m [2mhyper::client::pool[0m[2m:[0m pooling idle connection for ("http", 192.168.0.14:8545)
[2m2025-12-10T10:09:38.228254Z[0m [34mDEBUG[0m [2methereum_transaction_pool_monitor::eth_client[0m[2m:[0m 📡 Transaction fetch RPC completed in 3.688459ms
[2m2025-12-10T10:09:38.228279Z[0m [34mDEBUG[0m [2methereum_transaction_pool_monitor::eth_client[0m[2m:[0m DeFi transaction detected - Address: 0xdac17f958d2ee523a2206206994597c13d831ec7, Type: Stablecoin, Value: 0 ETH, Gas: 0.20 Gwei
[2m2025-12-10T10:09:38.228291Z[0m [34mDEBUG[0m [2methereum_transaction_pool_monitor::eth_client[0m[2m:[0m ✅ Transaction 0x553a059641f5f2ec4901f663060fd377a601c263d9aeda4fb2f121b46066c163 fetched and parsed in 3.726084ms
[2m2025-12-10T10:09:38.228296Z[0m [34mDEBUG[0m [2methereum_transaction_pool_monitor::mempool_monitor[0m[2m:[0m 🔍 Skipping tx 0x553a059641f5f2ec4901f663060fd377a601c263d9aeda4fb2f121b46066c163 - not a DEX interaction (target: 0xdAC17F958D2ee523a2206206994597C13D831ec7)
[2m2025-12-10T10:09:38.228301Z[0m [34mDEBUG[0m [2methereum_transaction_pool_monitor::mempool_monitor[0m[2m:[0m 📨 Processing new pending transaction: 0x6202959ec2a6b54601195f17e3ec84b21b7c76c3f0552dbf4bdc9f37ce81d88e
[2m2025-12-10T10:09:38.228304Z[0m [34mDEBUG[0m [2methereum_transaction_pool_monitor::mempool_monitor[0m[2m:[0m 🔍 Fetching transaction details for: 0x6202959ec2a6b54601195f17e3ec84b21b7c76c3f0552dbf4bdc9f37ce81d88e
[2m2025-12-10T10:09:38.228307Z[0m [34mDEBUG[0m [2methereum_transaction_pool_monitor::eth_client[0m[2m:[0m 🔍 Fetching transaction details for hash: 0x6202959ec2a6b54601195f17e3ec84b21b7c76c3f0552dbf4bdc9f37ce81d88e
[2m2025-12-10T10:09:38.228313Z[0m [34mDEBUG[0m [2mhyper::client::pool[0m[2m:[0m reuse idle connection for ("http", 192.168.0.14:8545)
[2m2025-12-10T10:09:38.228326Z[0m [34mDEBUG[0m [2mhyper::proto::h1::io[0m[2m:[0m flushed 250 bytes
[2m2025-12-10T10:09:38.228841Z[0m [34mDEBUG[0m [2mhyper::proto::h1::io[0m[2m:[0m parsed 4 headers
[2m2025-12-10T10:09:38.228848Z[0m [34mDEBUG[0m [2mhyper::proto::h1::conn[0m[2m:[0m incoming body is content-length (45 bytes)
[2m2025-12-10T10:09:38.228852Z[0m [34mDEBUG[0m [2mhyper::proto::h1::conn[0m[2m:[0m incoming body completed
[2m2025-12-10T10:09:38.228860Z[0m [34mDEBUG[0m [2mhyper::client::pool[0m[2m:[0m pooling idle connection for ("http", 192.168.0.14:8545)
[2m2025-12-10T10:09:38.234022Z[0m [34mDEBUG[0m [2mhyper::proto::h1::io[0m[2m:[0m parsed 4 headers
[2m2025-12-10T10:09:38.234040Z[0m [34mDEBUG[0m [2mhyper::proto::h1::conn[0m[2m:[0m incoming body is content-length (839 bytes)
[2m2025-12-10T10:09:38.234056Z[0m [34mDEBUG[0m [2mhyper::proto::h1::conn[0m[2m:[0m incoming body completed
[2m2025-12-10T10:09:38.234073Z[0m [34mDEBUG[0m [2mhyper::client::pool[0m[2m:[0m pooling idle connection for ("http", 192.168.0.14:8545)
[2m2025-12-10T10:09:38.234090Z[0m [34mDEBUG[0m [2methereum_transaction_pool_monitor::eth_client[0m[2m:[0m 📡 Transaction fetch RPC completed in 5.779334ms
[2m2025-12-10T10:09:38.234099Z[0m [34mDEBUG[0m [2methereum_transaction_pool_monitor::eth_client[0m[2m:[0m DeFi transaction detected - Address: 0xdac17f958d2ee523a2206206994597c13d831ec7, Type: Stablecoin, Value: 0 ETH, Gas: 0.20 Gwei
[2m2025-12-10T10:09:38.234109Z[0m [34mDEBUG[0m [2methereum_transaction_pool_monitor::eth_client[0m[2m:[0m ✅ Transaction 0x6202959ec2a6b54601195f17e3ec84b21b7c76c3f0552dbf4bdc9f37ce81d88e fetched and parsed in 5.798125ms
[2m2025-12-10T10:09:38.234113Z[0m [34mDEBUG[0m [2methereum_transaction_pool_monitor::mempool_monitor[0m[2m:[0m 🔍 Skipping tx 0x6202959ec2a6b54601195f17e3ec84b21b7c76c3f0552dbf4bdc9f37ce81d88e - not a DEX interaction (target: 0xdAC17F958D2ee523a2206206994597C13D831ec7)
[2m2025-12-10T10:09:38.234123Z[0m [34mDEBUG[0m [2methereum_transaction_pool_monitor::mempool_monitor[0m[2m:[0m 📨 Processing new pending transaction: 0xad3bbbd2ad356bf3b3b0aa31755057331fc3dc111c64595d826ff401984814c1
[2m2025-12-10T10:09:38.234126Z[0m [34mDEBUG[0m [2methereum_transaction_pool_monitor::mempool_monitor[0m[2m:[0m 🔍 Fetching transaction details for: 0xad3bbbd2ad356bf3b3b0aa31755057331fc3dc111c64595d826ff401984814c1
[2m2025-12-10T10:09:38.234130Z[0m [34mDEBUG[0m [2methereum_transaction_pool_monitor::eth_client[0m[2m:[0m 🔍 Fetching transaction details for hash: 0xad3bbbd2ad356bf3b3b0aa31755057331fc3dc111c64595d826ff401984814c1
[2m2025-12-10T10:09:38.234136Z[0m [34mDEBUG[0m [2mhyper::client::pool[0m[2m:[0m reuse idle connection for ("http", 192.168.0.14:8545)
[2m2025-12-10T10:09:38.234149Z[0m [34mDEBUG[0m [2mhyper::proto::h1::io[0m[2m:[0m flushed 250 bytes
[2m2025-12-10T10:09:38.238634Z[0m [34mDEBUG[0m [2mhyper::proto::h1::io[0m[2m:[0m parsed 4 headers
[2m2025-12-10T10:09:38.238638Z[0m [34mDEBUG[0m [2mhyper::proto::h1::conn[0m[2m:[0m incoming body is content-length (977 bytes)
[2m2025-12-10T10:09:38.238642Z[0m [34mDEBUG[0m [2mhyper::proto::h1::conn[0m[2m:[0m incoming body completed
[2m2025-12-10T10:09:38.238646Z[0m [34mDEBUG[0m [2mhyper::client::pool[0m[2m:[0m pooling idle connection for ("http", 192.168.0.14:8545)
[2m2025-12-10T10:09:38.238649Z[0m [34mDEBUG[0m [2methereum_transaction_pool_monitor::eth_client[0m[2m:[0m 📡 Transaction fetch RPC completed in 4.515958ms
[2m2025-12-10T10:09:38.309251Z[0m [34mDEBUG[0m [2methereum_transaction_pool_monitor::eth_client[0m[2m:[0m ✅ Transaction 0xad3bbbd2ad356bf3b3b0aa31755057331fc3dc111c64595d826ff401984814c1 fetched and parsed in 75.114541ms
[2m2025-12-10T10:09:38.309276Z[0m [34mDEBUG[0m [2methereum_transaction_pool_monitor::mempool_monitor[0m[2m:[0m 🔍 Skipping tx 0xad3bbbd2ad356bf3b3b0aa31755057331fc3dc111c64595d826ff401984814c1 - not a DEX interaction (target: 0xFf00000000000000000000000000000000008453)
[2m2025-12-10T10:09:38.309287Z[0m [34mDEBUG[0m [2methereum_transaction_pool_monitor::mempool_monitor[0m[2m:[0m 📨 Processing new pending transaction: 0x924775feed91e19d895651669e6465e61b7aeb8cab5aa107b0eba887cf813a5d
[2m2025-12-10T10:09:38.309292Z[0m [34mDEBUG[0m [2methereum_transaction_pool_monitor::mempool_monitor[0m[2m:[0m 🔍 Fetching transaction details for: 0x924775feed91e19d895651669e6465e61b7aeb8cab5aa107b0eba887cf813a5d
[2m2025-12-10T10:09:38.309296Z[0m [34mDEBUG[0m [2methereum_transaction_pool_monitor::eth_client[0m[2m:[0m 🔍 Fetching transaction details for hash: 0x924775feed91e19d895651669e6465e61b7aeb8cab5aa107b0eba887cf813a5d
[2m2025-12-10T10:09:38.309314Z[0m [34mDEBUG[0m [2mhyper::client::pool[0m[2m:[0m reuse idle connection for ("http", 192.168.0.14:8545)
[2m2025-12-10T10:09:38.309345Z[0m [34mDEBUG[0m [2mhyper::proto::h1::io[0m[2m:[0m flushed 250 bytes
[2m2025-12-10T10:09:38.309363Z[0m [34mDEBUG[0m [2mhyper::client::pool[0m[2m:[0m reuse idle connection for ("http", 192.168.0.14:8545)
[2m2025-12-10T10:09:38.309376Z[0m [34mDEBUG[0m [2mhyper::proto::h1::io[0m[2m:[0m flushed 172 bytes
[2m2025-12-10T10:09:38.309378Z[0m [34mDEBUG[0m [2methereum_transaction_pool_monitor::eth_client[0m[2m:[0m 📨 Received WebSocket message: {"jsonrpc":"2.0","method":"eth_subscription","params":{"subscription":"0xbed0a0851463e895960a451075a301a9","result":"0x7d23f4b6f550920e5972e8bd521257a46353ed22d06bd5bb5a97df266b5339db"}}
[2m2025-12-10T10:09:38.309388Z[0m [34mDEBUG[0m [2methereum_transaction_pool_monitor::eth_client[0m[2m:[0m 📨 Received pending transaction: 0x7d23f4b6f550920e5972e8bd521257a46353ed22d06bd5bb5a97df266b5339db
[2m2025-12-10T10:09:38.309394Z[0m [34mDEBUG[0m [2methereum_transaction_pool_monitor::eth_client[0m[2m:[0m 📨 Received WebSocket message: {"jsonrpc":"2.0","method":"eth_subscription","params":{"subscription":"0xbed0a0851463e895960a451075a301a9","result":"0x9b52c8d2bbcce0b6f2684b89dffd267262e109ea10f2bc5f0651843f1f55ef52"}}
[2m2025-12-10T10:09:38.309399Z[0m [34mDEBUG[0m [2methereum_transaction_pool_monitor::eth_client[0m[2m:[0m 📨 Received pending transaction: 0x9b52c8d2bbcce0b6f2684b89dffd267262e109ea10f2bc5f0651843f1f55ef52
[2m2025-12-10T10:09:38.314514Z[0m [34mDEBUG[0m [2mhyper::proto::h1::io[0m[2m:[0m parsed 4 headers
[2m2025-12-10T10:09:38.314519Z[0m [34mDEBUG[0m [2mhyper::proto::h1::conn[0m[2m:[0m incoming body is content-length (717 bytes)
[2m2025-12-10T10:09:38.314525Z[0m [34mDEBUG[0m [2mhyper::proto::h1::conn[0m[2m:[0m incoming body completed
[2m2025-12-10T10:09:38.314532Z[0m [34mDEBUG[0m [2mhyper::client::pool[0m[2m:[0m pooling idle connection for ("http", 192.168.0.14:8545)
[2m2025-12-10T10:09:38.314537Z[0m [34mDEBUG[0m [2methereum_transaction_pool_monitor::eth_client[0m[2m:[0m 📡 Transaction fetch RPC completed in 5.237167ms
[2m2025-12-10T10:09:38.384338Z[0m [34mDEBUG[0m [2methereum_transaction_pool_monitor::eth_client[0m[2m:[0m ✅ Transaction 0x924775feed91e19d895651669e6465e61b7aeb8cab5aa107b0eba887cf813a5d fetched and parsed in 75.035542ms
[2m2025-12-10T10:09:38.384365Z[0m [34mDEBUG[0m [2methereum_transaction_pool_monitor::mempool_monitor[0m[2m:[0m 🔍 Skipping tx 0x924775feed91e19d895651669e6465e61b7aeb8cab5aa107b0eba887cf813a5d - not a DEX interaction (target: 0x1AB4973a48dc892Cd9971ECE8e01DcC7688f8F23)
[2m2025-12-10T10:09:38.384375Z[0m [34mDEBUG[0m [2methereum_transaction_pool_monitor::mempool_monitor[0m[2m:[0m 📨 Processing new pending transaction: 0x601b458d03976386e8604704b89dc186ba628db30b28c6a33e6d7d7df53fdd75
[2m2025-12-10T10:09:38.384380Z[0m [34mDEBUG[0m [2methereum_transaction_pool_monitor::mempool_monitor[0m[2m:[0m 🔍 Fetching transaction details for: 0x601b458d03976386e8604704b89dc186ba628db30b28c6a33e6d7d7df53fdd75
[2m2025-12-10T10:09:38.384384Z[0m [34mDEBUG[0m [2methereum_transaction_pool_monitor::eth_client[0m[2m:[0m 🔍 Fetching transaction details for hash: 0x601b458d03976386e8604704b89dc186ba628db30b28c6a33e6d7d7df53fdd75
[2m2025-12-10T10:09:38.384401Z[0m [34mDEBUG[0m [2mhyper::client::pool[0m[2m:[0m reuse idle connection for ("http", 192.168.0.14:8545)
[2m2025-12-10T10:09:38.384442Z[0m [34mDEBUG[0m [2mhyper::proto::h1::io[0m[2m:[0m flushed 250 bytes
[2m2025-12-10T10:09:38.384457Z[0m [34mDEBUG[0m [2mhyper::proto::h1::io[0m[2m:[0m parsed 4 headers
[2m2025-12-10T10:09:38.384465Z[0m [34mDEBUG[0m [2mhyper::proto::h1::conn[0m[2m:[0m incoming body is content-length (45 bytes)
[2m2025-12-10T10:09:38.384475Z[0m [34mDEBUG[0m [2mhyper::proto::h1::conn[0m[2m:[0m incoming body completed
[2m2025-12-10T10:09:38.384483Z[0m [34mDEBUG[0m [2mhyper::client::pool[0m[2m:[0m pooling idle connection for ("http", 192.168.0.14:8545)
[2m2025-12-10T10:09:38.387978Z[0m [34mDEBUG[0m [2mhyper::proto::h1::io[0m[2m:[0m parsed 4 headers
[2m2025-12-10T10:09:38.387983Z[0m [34mDEBUG[0m [2mhyper::proto::h1::conn[0m[2m:[0m incoming body is content-length (724 bytes)
[2m2025-12-10T10:09:38.387987Z[0m [34mDEBUG[0m [2mhyper::proto::h1::conn[0m[2m:[0m incoming body completed
[2m2025-12-10T10:09:38.387991Z[0m [34mDEBUG[0m [2mhyper::client::pool[0m[2m:[0m pooling idle connection for ("http", 192.168.0.14:8545)
[2m2025-12-10T10:09:38.387995Z[0m [34mDEBUG[0m [2methereum_transaction_pool_monitor::eth_client[0m[2m:[0m 📡 Transaction fetch RPC completed in 3.606625ms
[2m2025-12-10T10:09:38.456503Z[0m [34mDEBUG[0m [2methereum_transaction_pool_monitor::eth_client[0m[2m:[0m ✅ Transaction 0x601b458d03976386e8604704b89dc186ba628db30b28c6a33e6d7d7df53fdd75 fetched and parsed in 72.112417ms
[2m2025-12-10T10:09:38.456530Z[0m [34mDEBUG[0m [2methereum_transaction_pool_monitor::mempool_monitor[0m[2m:[0m 🔍 Skipping tx 0x601b458d03976386e8604704b89dc186ba628db30b28c6a33e6d7d7df53fdd75 - not a DEX interaction (target: 0xFB295c64D91F91596CaDDf0bBc58AeF36865038e)
[2m2025-12-10T10:09:38.456538Z[0m [34mDEBUG[0m [2methereum_transaction_pool_monitor::mempool_monitor[0m[2m:[0m 📨 Processing new pending transaction: 0x86c19ae310fe0fde3c7707fd4b291c02a1393f843bbe8499331f4cc5416f1e14
[2m2025-12-10T10:09:38.456543Z[0m [34mDEBUG[0m [2methereum_transaction_pool_monitor::mempool_monitor[0m[2m:[0m 🔍 Fetching transaction details for: 0x86c19ae310fe0fde3c7707fd4b291c02a1393f843bbe8499331f4cc5416f1e14
[2m2025-12-10T10:09:38.456547Z[0m [34mDEBUG[0m [2methereum_transaction_pool_monitor::eth_client[0m[2m:[0m 🔍 Fetching transaction details for hash: 0x86c19ae310fe0fde3c7707fd4b291c02a1393f843bbe8499331f4cc5416f1e14
[2m2025-12-10T10:09:38.456563Z[0m [34mDEBUG[0m [2mhyper::client::pool[0m[2m:[0m reuse idle connection for ("http", 192.168.0.14:8545)
[2m2025-12-10T10:09:38.456607Z[0m [34mDEBUG[0m [2mhyper::proto::h1::io[0m[2m:[0m flushed 250 bytes
[2m2025-12-10T10:09:38.456631Z[0m [34mDEBUG[0m [2mhyper::client::pool[0m[2m:[0m reuse idle connection for ("http", 192.168.0.14:8545)
[2m2025-12-10T10:09:38.456643Z[0m [34mDEBUG[0m [2mhyper::proto::h1::io[0m[2m:[0m flushed 172 bytes
[2m2025-12-10T10:09:38.460172Z[0m [34mDEBUG[0m [2mhyper::proto::h1::io[0m[2m:[0m parsed 4 headers
[2m2025-12-10T10:09:38.460185Z[0m [34mDEBUG[0m [2mhyper::proto::h1::conn[0m[2m:[0m incoming body is content-length (836 bytes)
[2m2025-12-10T10:09:38.460198Z[0m [34mDEBUG[0m [2mhyper::proto::h1::conn[0m[2m:[0m incoming body completed
[2m2025-12-10T10:09:38.460211Z[0m [34mDEBUG[0m [2mhyper::client::pool[0m[2m:[0m pooling idle connection for ("http", 192.168.0.14:8545)
[2m2025-12-10T10:09:38.460223Z[0m [34mDEBUG[0m [2methereum_transaction_pool_monitor::eth_client[0m[2m:[0m 📡 Transaction fetch RPC completed in 3.672375ms
[2m2025-12-10T10:09:38.530234Z[0m [34mDEBUG[0m [2methereum_transaction_pool_monitor::eth_client[0m[2m:[0m ✅ Transaction 0x86c19ae310fe0fde3c7707fd4b291c02a1393f843bbe8499331f4cc5416f1e14 fetched and parsed in 73.681708ms
[2m2025-12-10T10:09:38.530258Z[0m [34mDEBUG[0m [2methereum_transaction_pool_monitor::mempool_monitor[0m[2m:[0m 🔍 Skipping tx 0x86c19ae310fe0fde3c7707fd4b291c02a1393f843bbe8499331f4cc5416f1e14 - not a DEX interaction (target: 0xA0b86991c6218b36c1d19D4a2e9Eb0cE3606eB48)
[2m2025-12-10T10:09:38.530267Z[0m [34mDEBUG[0m [2methereum_transaction_pool_monitor::mempool_monitor[0m[2m:[0m 📨 Processing new pending transaction: 0xa2f509cf409a528384cbdd5ec22c512e55c6eda674844d0cbdb9b5cac6182f74
[2m2025-12-10T10:09:38.530273Z[0m [34mDEBUG[0m [2methereum_transaction_pool_monitor::mempool_monitor[0m[2m:[0m 🔍 Fetching transaction details for: 0xa2f509cf409a528384cbdd5ec22c512e55c6eda674844d0cbdb9b5cac6182f74
[2m2025-12-10T10:09:38.530277Z[0m [34mDEBUG[0m [2methereum_transaction_pool_monitor::eth_client[0m[2m:[0m 🔍 Fetching transaction details for hash: 0xa2f509cf409a528384cbdd5ec22c512e55c6eda674844d0cbdb9b5cac6182f74
[2m2025-12-10T10:09:38.530292Z[0m [34mDEBUG[0m [2mhyper::client::pool[0m[2m:[0m reuse idle connection for ("http", 192.168.0.14:8545)
[2m2025-12-10T10:09:38.530331Z[0m [34mDEBUG[0m [2mhyper::proto::h1::io[0m[2m:[0m flushed 250 bytes
[2m2025-12-10T10:09:38.530345Z[0m [34mDEBUG[0m [2mhyper::proto::h1::io[0m[2m:[0m parsed 4 headers
[2m2025-12-10T10:09:38.530349Z[0m [34mDEBUG[0m [2mhyper::proto::h1::conn[0m[2m:[0m incoming body is content-length (45 bytes)
[2m2025-12-10T10:09:38.530355Z[0m [34mDEBUG[0m [2mhyper::proto::h1::conn[0m[2m:[0m incoming body completed
[2m2025-12-10T10:09:38.530362Z[0m [34mDEBUG[0m [2mhyper::client::pool[0m[2m:[0m pooling idle connection for ("http", 192.168.0.14:8545)
[2m2025-12-10T10:09:38.530375Z[0m [34mDEBUG[0m [2mhyper::client::pool[0m[2m:[0m reuse idle connection for ("http", 192.168.0.14:8545)
[2m2025-12-10T10:09:38.530389Z[0m [34mDEBUG[0m [2mhyper::proto::h1::io[0m[2m:[0m flushed 172 bytes
[2m2025-12-10T10:09:38.535035Z[0m [34mDEBUG[0m [2mhyper::proto::h1::io[0m[2m:[0m parsed 4 headers
[2m2025-12-10T10:09:38.535049Z[0m [34mDEBUG[0m [2mhyper::proto::h1::conn[0m[2m:[0m incoming body is content-length (721 bytes)
[2m2025-12-10T10:09:38.535056Z[0m [34mDEBUG[0m [2mhyper::proto::h1::conn[0m[2m:[0m incoming body completed
[2m2025-12-10T10:09:38.535065Z[0m [34mDEBUG[0m [2mhyper::client::pool[0m[2m:[0m pooling idle connection for ("http", 192.168.0.14:8545)
[2m2025-12-10T10:09:38.535072Z[0m [34mDEBUG[0m [2methereum_transaction_pool_monitor::eth_client[0m[2m:[0m 📡 Transaction fetch RPC completed in 4.791458ms
[2m2025-12-10T10:09:38.608084Z[0m [34mDEBUG[0m [2methereum_transaction_pool_monitor::eth_client[0m[2m:[0m ✅ Transaction 0xa2f509cf409a528384cbdd5ec22c512e55c6eda674844d0cbdb9b5cac6182f74 fetched and parsed in 77.801125ms
[2m2025-12-10T10:09:38.608108Z[0m [34mDEBUG[0m [2methereum_transaction_pool_monitor::mempool_monitor[0m[2m:[0m 🔍 Skipping tx 0xa2f509cf409a528384cbdd5ec22c512e55c6eda674844d0cbdb9b5cac6182f74 - not a DEX interaction (target: 0x272eE341A4d30e57DD7EcBf4D137a7E274a8e5a6)
[2m2025-12-10T10:09:38.608120Z[0m [34mDEBUG[0m [2methereum_transaction_pool_monitor::mempool_monitor[0m[2m:[0m 📨 Processing new pending transaction: 0xd0db0d52930bccffd5144f4f64b31ad115770cff7e0544488bbcdb629de8d40d
[2m2025-12-10T10:09:38.608126Z[0m [34mDEBUG[0m [2methereum_transaction_pool_monitor::mempool_monitor[0m[2m:[0m 🔍 Fetching transaction details for: 0xd0db0d52930bccffd5144f4f64b31ad115770cff7e0544488bbcdb629de8d40d
[2m2025-12-10T10:09:38.608130Z[0m [34mDEBUG[0m [2methereum_transaction_pool_monitor::eth_client[0m[2m:[0m 🔍 Fetching transaction details for hash: 0xd0db0d52930bccffd5144f4f64b31ad115770cff7e0544488bbcdb629de8d40d
[2m2025-12-10T10:09:38.608146Z[0m [34mDEBUG[0m [2mhyper::client::pool[0m[2m:[0m reuse idle connection for ("http", 192.168.0.14:8545)
[2m2025-12-10T10:09:38.608195Z[0m [34mDEBUG[0m [2mhyper::proto::h1::io[0m[2m:[0m flushed 250 bytes
[2m2025-12-10T10:09:38.608208Z[0m [34mDEBUG[0m [2mhyper::proto::h1::io[0m[2m:[0m parsed 4 headers
[2m2025-12-10T10:09:38.608213Z[0m [34mDEBUG[0m [2mhyper::proto::h1::conn[0m[2m:[0m incoming body is content-length (45 bytes)
[2m2025-12-10T10:09:38.608220Z[0m [34mDEBUG[0m [2mhyper::proto::h1::conn[0m[2m:[0m incoming body completed
[2m2025-12-10T10:09:38.608228Z[0m [34mDEBUG[0m [2mhyper::client::pool[0m[2m:[0m pooling idle connection for ("http", 192.168.0.14:8545)
[2m2025-12-10T10:09:38.608242Z[0m [34mDEBUG[0m [2mhyper::client::pool[0m[2m:[0m reuse idle connection for ("http", 192.168.0.14:8545)
[2m2025-12-10T10:09:38.608256Z[0m [34mDEBUG[0m [2mhyper::proto::h1::io[0m[2m:[0m flushed 172 bytes
[2m2025-12-10T10:09:38.614758Z[0m [34mDEBUG[0m [2mhyper::proto::h1::io[0m[2m:[0m parsed 4 headers
[2m2025-12-10T10:09:38.614770Z[0m [34mDEBUG[0m [2mhyper::proto::h1::conn[0m[2m:[0m incoming body is content-length (45 bytes)
[2m2025-12-10T10:09:38.614779Z[0m [34mDEBUG[0m [2mhyper::proto::h1::conn[0m[2m:[0m incoming body completed
[2m2025-12-10T10:09:38.614789Z[0m [34mDEBUG[0m [2mhyper::client::pool[0m[2m:[0m pooling idle connection for ("http", 192.168.0.14:8545)
[2m2025-12-10T10:09:38.617240Z[0m [34mDEBUG[0m [2mhyper::proto::h1::io[0m[2m:[0m parsed 4 headers
[2m2025-12-10T10:09:38.617248Z[0m [34mDEBUG[0m [2mhyper::proto::h1::conn[0m[2m:[0m incoming body is content-length (645 bytes)
[2m2025-12-10T10:09:38.617253Z[0m [34mDEBUG[0m [2mhyper::proto::h1::conn[0m[2m:[0m incoming body completed
[2m2025-12-10T10:09:38.617259Z[0m [34mDEBUG[0m [2mhyper::client::pool[0m[2m:[0m pooling idle connection for ("http", 192.168.0.14:8545)
[2m2025-12-10T10:09:38.617264Z[0m [34mDEBUG[0m [2methereum_transaction_pool_monitor::eth_client[0m[2m:[0m 📡 Transaction fetch RPC completed in 9.13025ms
[2m2025-12-10T10:09:38.689422Z[0m [34mDEBUG[0m [2methereum_transaction_pool_monitor::eth_client[0m[2m:[0m ✅ Transaction 0xd0db0d52930bccffd5144f4f64b31ad115770cff7e0544488bbcdb629de8d40d fetched and parsed in 81.285125ms
[2m2025-12-10T10:09:38.689452Z[0m [34mDEBUG[0m [2methereum_transaction_pool_monitor::mempool_monitor[0m[2m:[0m 🔍 Skipping tx 0xd0db0d52930bccffd5144f4f64b31ad115770cff7e0544488bbcdb629de8d40d - not a DEX interaction (target: 0x1AB4973a48dc892Cd9971ECE8e01DcC7688f8F23)
[2m2025-12-10T10:09:38.689463Z[0m [34mDEBUG[0m [2methereum_transaction_pool_monitor::mempool_monitor[0m[2m:[0m 📨 Processing new pending transaction: 0x40a5a828f22bbf87c1b79b82b377cfbd312473a897688d7214a9fda35253e450
[2m2025-12-10T10:09:38.689469Z[0m [34mDEBUG[0m [2methereum_transaction_pool_monitor::mempool_monitor[0m[2m:[0m 🔍 Fetching transaction details for: 0x40a5a828f22bbf87c1b79b82b377cfbd312473a897688d7214a9fda35253e450
[2m2025-12-10T10:09:38.689473Z[0m [34mDEBUG[0m [2methereum_transaction_pool_monitor::eth_client[0m[2m:[0m 🔍 Fetching transaction details for hash: 0x40a5a828f22bbf87c1b79b82b377cfbd312473a897688d7214a9fda35253e450
[2m2025-12-10T10:09:38.689493Z[0m [34mDEBUG[0m [2mhyper::client::pool[0m[2m:[0m reuse idle connection for ("http", 192.168.0.14:8545)
[2m2025-12-10T10:09:38.689523Z[0m [34mDEBUG[0m [2mhyper::proto::h1::io[0m[2m:[0m flushed 250 bytes
[2m2025-12-10T10:09:38.689543Z[0m [34mDEBUG[0m [2methereum_transaction_pool_monitor::eth_client[0m[2m:[0m 📨 Received WebSocket message: {"jsonrpc":"2.0","method":"eth_subscription","params":{"subscription":"0xbed0a0851463e895960a451075a301a9","result":"0xc33f71ae88330626daff8464582a3eeeeb23b057d82de4deb063e8ada3b2f355"}}
[2m2025-12-10T10:09:38.689551Z[0m [34mDEBUG[0m [2methereum_transaction_pool_monitor::eth_client[0m[2m:[0m 📨 Received pending transaction: 0xc33f71ae88330626daff8464582a3eeeeb23b057d82de4deb063e8ada3b2f355
[2m2025-12-10T10:09:38.689556Z[0m [34mDEBUG[0m [2methereum_transaction_pool_monitor::eth_client[0m[2m:[0m 📨 Received WebSocket message: {"jsonrpc":"2.0","method":"eth_subscription","params":{"subscription":"0xbed0a0851463e895960a451075a301a9","result":"0x8e2e748052c28219d6406e44f487153dc75a12f9806ce7de4c4df5d732ef629f"}}
[2m2025-12-10T10:09:38.689561Z[0m [34mDEBUG[0m [2methereum_transaction_pool_monitor::eth_client[0m[2m:[0m 📨 Received pending transaction: 0x8e2e748052c28219d6406e44f487153dc75a12f9806ce7de4c4df5d732ef629f
[2m2025-12-10T10:09:38.693264Z[0m [34mDEBUG[0m [2mhyper::proto::h1::io[0m[2m:[0m parsed 4 headers
[2m2025-12-10T10:09:38.693275Z[0m [34mDEBUG[0m [2mhyper::proto::h1::conn[0m[2m:[0m incoming body is content-length (772 bytes)
[2m2025-12-10T10:09:38.693283Z[0m [34mDEBUG[0m [2mhyper::proto::h1::conn[0m[2m:[0m incoming body completed
[2m2025-12-10T10:09:38.693291Z[0m [34mDEBUG[0m [2mhyper::client::pool[0m[2m:[0m pooling idle connection for ("http", 192.168.0.14:8545)
[2m2025-12-10T10:09:38.693298Z[0m [34mDEBUG[0m [2methereum_transaction_pool_monitor::eth_client[0m[2m:[0m 📡 Transaction fetch RPC completed in 3.820667ms
[2m2025-12-10T10:09:38.765526Z[0m [34mDEBUG[0m [2methereum_transaction_pool_monitor::eth_client[0m[2m:[0m ✅ Transaction 0x40a5a828f22bbf87c1b79b82b377cfbd312473a897688d7214a9fda35253e450 fetched and parsed in 76.046792ms
[2m2025-12-10T10:09:38.765551Z[0m [34mDEBUG[0m [2methereum_transaction_pool_monitor::mempool_monitor[0m[2m:[0m 🔍 Skipping tx 0x40a5a828f22bbf87c1b79b82b377cfbd312473a897688d7214a9fda35253e450 - not a DEX interaction (target: 0xA0b86991c6218b36c1d19D4a2e9Eb0cE3606eB48)
[2m2025-12-10T10:09:38.765562Z[0m [34mDEBUG[0m [2methereum_transaction_pool_monitor::mempool_monitor[0m[2m:[0m 📨 Processing new pending transaction: 0xf30e9374de09edd5f1ec18f9629edb114e5d4b1881a2338797facccf102ac998
[2m2025-12-10T10:09:38.765568Z[0m [34mDEBUG[0m [2methereum_transaction_pool_monitor::mempool_monitor[0m[2m:[0m 🔍 Fetching transaction details for: 0xf30e9374de09edd5f1ec18f9629edb114e5d4b1881a2338797facccf102ac998
[2m2025-12-10T10:09:38.765572Z[0m [34mDEBUG[0m [2methereum_transaction_pool_monitor::eth_client[0m[2m:[0m 🔍 Fetching transaction details for hash: 0xf30e9374de09edd5f1ec18f9629edb114e5d4b1881a2338797facccf102ac998
[2m2025-12-10T10:09:38.765594Z[0m [34mDEBUG[0m [2mhyper::client::pool[0m[2m:[0m reuse idle connection for ("http", 192.168.0.14:8545)
[2m2025-12-10T10:09:38.765627Z[0m [34mDEBUG[0m [2mhyper::proto::h1::io[0m[2m:[0m flushed 250 bytes
[2m2025-12-10T10:09:38.765646Z[0m [34mDEBUG[0m [2mhyper::client::pool[0m[2m:[0m reuse idle connection for ("http", 192.168.0.14:8545)
[2m2025-12-10T10:09:38.765656Z[0m [34mDEBUG[0m [2methereum_transaction_pool_monitor::eth_client[0m[2m:[0m 📨 Received WebSocket message: {"jsonrpc":"2.0","method":"eth_subscription","params":{"subscription":"0xbed0a0851463e895960a451075a301a9","result":"0xd9e39d5deea0e22892d49eedeae418024777732560fda3bc13ec55d15225bb96"}}
[2m2025-12-10T10:09:38.765657Z[0m [34mDEBUG[0m [2mhyper::proto::h1::io[0m[2m:[0m flushed 172 bytes
[2m2025-12-10T10:09:38.765669Z[0m [34mDEBUG[0m [2methereum_transaction_pool_monitor::eth_client[0m[2m:[0m 📨 Received pending transaction: 0xd9e39d5deea0e22892d49eedeae418024777732560fda3bc13ec55d15225bb96
[2m2025-12-10T10:09:38.765677Z[0m [34mDEBUG[0m [2methereum_transaction_pool_monitor::eth_client[0m[2m:[0m 📨 Received WebSocket message: {"jsonrpc":"2.0","method":"eth_subscription","params":{"subscription":"0xbed0a0851463e895960a451075a301a9","result":"0xdb12556b7999f49ed33883a19698c8498481da8bee7d91858d8f52df3b1fab10"}}
[2m2025-12-10T10:09:38.765682Z[0m [34mDEBUG[0m [2methereum_transaction_pool_monitor::eth_client[0m[2m:[0m 📨 Received pending transaction: 0xdb12556b7999f49ed33883a19698c8498481da8bee7d91858d8f52df3b1fab10
[2m2025-12-10T10:09:38.765688Z[0m [34mDEBUG[0m [2methereum_transaction_pool_monitor::eth_client[0m[2m:[0m 📨 Received WebSocket message: {"jsonrpc":"2.0","method":"eth_subscription","params":{"subscription":"0xbed0a0851463e895960a451075a301a9","result":"0x003a4cbed8e5879b453984492d668b432037bbe46d1b8dc25e27f7c20baa7c0f"}}
[2m2025-12-10T10:09:38.765693Z[0m [34mDEBUG[0m [2methereum_transaction_pool_monitor::eth_client[0m[2m:[0m 📨 Received pending transaction: 0x003a4cbed8e5879b453984492d668b432037bbe46d1b8dc25e27f7c20baa7c0f
[2m2025-12-10T10:09:38.767421Z[0m [34mDEBUG[0m [2methereum_transaction_pool_monitor::eth_client[0m[2m:[0m 📨 Received WebSocket message: {"jsonrpc":"2.0","method":"eth_subscription","params":{"subscription":"0xbed0a0851463e895960a451075a301a9","result":"0xf15786bf0239bd3833d4f2981b5eb5727998031086b24cb37e14b0260207f568"}}
[2m2025-12-10T10:09:38.767452Z[0m [34mDEBUG[0m [2methereum_transaction_pool_monitor::eth_client[0m[2m:[0m 📨 Received pending transaction: 0xf15786bf0239bd3833d4f2981b5eb5727998031086b24cb37e14b0260207f568
[2m2025-12-10T10:09:38.770746Z[0m [34mDEBUG[0m [2mhyper::proto::h1::io[0m[2m:[0m parsed 4 headers
[2m2025-12-10T10:09:38.770754Z[0m [34mDEBUG[0m [2mhyper::proto::h1::conn[0m[2m:[0m incoming body is content-length (45 bytes)
[2m2025-12-10T10:09:38.770760Z[0m [34mDEBUG[0m [2mhyper::proto::h1::conn[0m[2m:[0m incoming body completed
[2m2025-12-10T10:09:38.770768Z[0m [34mDEBUG[0m [2mhyper::client::pool[0m[2m:[0m pooling idle connection for ("http", 192.168.0.14:8545)
[2m2025-12-10T10:09:38.770892Z[0m [34mDEBUG[0m [2mhyper::proto::h1::io[0m[2m:[0m parsed 4 headers
[2m2025-12-10T10:09:38.770897Z[0m [34mDEBUG[0m [2mhyper::proto::h1::conn[0m[2m:[0m incoming body is content-length (771 bytes)
[2m2025-12-10T10:09:38.770901Z[0m [34mDEBUG[0m [2mhyper::proto::h1::conn[0m[2m:[0m incoming body completed
[2m2025-12-10T10:09:38.770905Z[0m [34mDEBUG[0m [2mhyper::client::pool[0m[2m:[0m pooling idle connection for ("http", 192.168.0.14:8545)
[2m2025-12-10T10:09:38.770909Z[0m [34mDEBUG[0m [2methereum_transaction_pool_monitor::eth_client[0m[2m:[0m 📡 Transaction fetch RPC completed in 5.333625ms
[2m2025-12-10T10:09:38.770919Z[0m [34mDEBUG[0m [2methereum_transaction_pool_monitor::eth_client[0m[2m:[0m DeFi transaction detected - Address: 0xdac17f958d2ee523a2206206994597c13d831ec7, Type: Stablecoin, Value: 0 ETH, Gas: 0.53 Gwei
[2m2025-12-10T10:09:38.770931Z[0m [34mDEBUG[0m [2methereum_transaction_pool_monitor::eth_client[0m[2m:[0m ✅ Transaction 0xf30e9374de09edd5f1ec18f9629edb114e5d4b1881a2338797facccf102ac998 fetched and parsed in 5.355292ms
[2m2025-12-10T10:09:38.770936Z[0m [34mDEBUG[0m [2methereum_transaction_pool_monitor::mempool_monitor[0m[2m:[0m 🔍 Skipping tx 0xf30e9374de09edd5f1ec18f9629edb114e5d4b1881a2338797facccf102ac998 - not a DEX interaction (target: 0xdAC17F958D2ee523a2206206994597C13D831ec7)
[2m2025-12-10T10:09:38.770942Z[0m [34mDEBUG[0m [2methereum_transaction_pool_monitor::mempool_monitor[0m[2m:[0m 📨 Processing new pending transaction: 0x7559df0a0b36953e45f6b089ac127cce3fecd788074b80a3c0621c739be6e310
[2m2025-12-10T10:09:38.770945Z[0m [34mDEBUG[0m [2methereum_transaction_pool_monitor::mempool_monitor[0m[2m:[0m 🔍 Fetching transaction details for: 0x7559df0a0b36953e45f6b089ac127cce3fecd788074b80a3c0621c739be6e310
[2m2025-12-10T10:09:38.770948Z[0m [34mDEBUG[0m [2methereum_transaction_pool_monitor::eth_client[0m[2m:[0m 🔍 Fetching transaction details for hash: 0x7559df0a0b36953e45f6b089ac127cce3fecd788074b80a3c0621c739be6e310
[2m2025-12-10T10:09:38.770956Z[0m [34mDEBUG[0m [2mhyper::client::pool[0m[2m:[0m reuse idle connection for ("http", 192.168.0.14:8545)
[2m2025-12-10T10:09:38.770971Z[0m [34mDEBUG[0m [2mhyper::proto::h1::io[0m[2m:[0m flushed 250 bytes
[2m2025-12-10T10:09:38.778403Z[0m [34mDEBUG[0m [2mhyper::proto::h1::io[0m[2m:[0m parsed 4 headers
[2m2025-12-10T10:09:38.778413Z[0m [34mDEBUG[0m [2mhyper::proto::h1::conn[0m[2m:[0m incoming body is content-length (553 bytes)
[2m2025-12-10T10:09:38.778421Z[0m [34mDEBUG[0m [2mhyper::proto::h1::conn[0m[2m:[0m incoming body completed
[2m2025-12-10T10:09:38.778429Z[0m [34mDEBUG[0m [2mhyper::client::pool[0m[2m:[0m pooling idle connection for ("http", 192.168.0.14:8545)
[2m2025-12-10T10:09:38.778435Z[0m [34mDEBUG[0m [2methereum_transaction_pool_monitor::eth_client[0m[2m:[0m 📡 Transaction fetch RPC completed in 7.483875ms
[2m2025-12-10T10:09:38.850405Z[0m [34mDEBUG[0m [2methereum_transaction_pool_monitor::eth_client[0m[2m:[0m ✅ Transaction 0x7559df0a0b36953e45f6b089ac127cce3fecd788074b80a3c0621c739be6e310 fetched and parsed in 79.451625ms
[2m2025-12-10T10:09:38.850433Z[0m [34mDEBUG[0m [2methereum_transaction_pool_monitor::mempool_monitor[0m[2m:[0m 🔍 Skipping tx 0x7559df0a0b36953e45f6b089ac127cce3fecd788074b80a3c0621c739be6e310 - not a DEX interaction (target: 0xEbA88149813BEc1cCcccFDb0daCEFaaa5DE94cB1)
[2m2025-12-10T10:09:38.850443Z[0m [34mDEBUG[0m [2methereum_transaction_pool_monitor::mempool_monitor[0m[2m:[0m 📨 Processing new pending transaction: 0x50f138aa9b06be5591e650c9fb0e0ad43e45f67696d93c2a5a3a0305a7cf9b3b
[2m2025-12-10T10:09:38.850449Z[0m [34mDEBUG[0m [2methereum_transaction_pool_monitor::mempool_monitor[0m[2m:[0m 🔍 Fetching transaction details for: 0x50f138aa9b06be5591e650c9fb0e0ad43e45f67696d93c2a5a3a0305a7cf9b3b
[2m2025-12-10T10:09:38.850453Z[0m [34mDEBUG[0m [2methereum_transaction_pool_monitor::eth_client[0m[2m:[0m 🔍 Fetching transaction details for hash: 0x50f138aa9b06be5591e650c9fb0e0ad43e45f67696d93c2a5a3a0305a7cf9b3b
[2m2025-12-10T10:09:38.850469Z[0m [34mDEBUG[0m [2mhyper::client::pool[0m[2m:[0m reuse idle connection for ("http", 192.168.0.14:8545)
[2m2025-12-10T10:09:38.850508Z[0m [34mDEBUG[0m [2mhyper::proto::h1::io[0m[2m:[0m flushed 250 bytes
[2m2025-12-10T10:09:38.850534Z[0m [34mDEBUG[0m [2mhyper::client::pool[0m[2m:[0m reuse idle connection for ("http", 192.168.0.14:8545)
[2m2025-12-10T10:09:38.850553Z[0m [34mDEBUG[0m [2mhyper::proto::h1::io[0m[2m:[0m flushed 172 bytes
[2m2025-12-10T10:09:38.856951Z[0m [34mDEBUG[0m [2methereum_transaction_pool_monitor::eth_client[0m[2m:[0m 📨 Received WebSocket message: {"jsonrpc":"2.0","method":"eth_subscription","params":{"subscription":"0xbed0a0851463e895960a451075a301a9","result":"0x2a2b1621da890e8568bd2a1e3821c86581999aad8081da42c7a707aec28f825e"}}
[2m2025-12-10T10:09:38.856952Z[0m [34mDEBUG[0m [2mhyper::proto::h1::io[0m[2m:[0m parsed 4 headers
[2m2025-12-10T10:09:38.859789Z[0m [34mDEBUG[0m [2mhyper::proto::h1::conn[0m[2m:[0m incoming body is content-length (45 bytes)
[2m2025-12-10T10:09:38.859799Z[0m [34mDEBUG[0m [2mhyper::proto::h1::conn[0m[2m:[0m incoming body completed
[2m2025-12-10T10:09:38.859809Z[0m [34mDEBUG[0m [2mhyper::client::pool[0m[2m:[0m pooling idle connection for ("http", 192.168.0.14:8545)
[2m2025-12-10T10:09:38.858414Z[0m [34mDEBUG[0m [2mhyper::proto::h1::io[0m[2m:[0m parsed 4 headers
[2m2025-12-10T10:09:38.859835Z[0m [34mDEBUG[0m [2mhyper::proto::h1::conn[0m[2m:[0m incoming body is content-length (771 bytes)
[2m2025-12-10T10:09:38.859839Z[0m [34mDEBUG[0m [2mhyper::proto::h1::conn[0m[2m:[0m incoming body completed
[2m2025-12-10T10:09:38.859844Z[0m [34mDEBUG[0m [2mhyper::client::pool[0m[2m:[0m pooling idle connection for ("http", 192.168.0.14:8545)
[2m2025-12-10T10:09:38.859783Z[0m [34mDEBUG[0m [2methereum_transaction_pool_monitor::eth_client[0m[2m:[0m 📨 Received pending transaction: 0x2a2b1621da890e8568bd2a1e3821c86581999aad8081da42c7a707aec28f825e
[2m2025-12-10T10:09:38.859849Z[0m [34mDEBUG[0m [2methereum_transaction_pool_monitor::eth_client[0m[2m:[0m 📡 Transaction fetch RPC completed in 9.391625ms
[2m2025-12-10T10:09:38.893083Z[0m [34mDEBUG[0m [2methereum_transaction_pool_monitor::eth_client[0m[2m:[0m 📨 Received WebSocket message: {"jsonrpc":"2.0","method":"eth_subscription","params":{"subscription":"0xbed0a0851463e895960a451075a301a9","result":"0xfae9ea03ee1a586a7ae59007cd89f6aaf996141b1bc993bf86e0166078bae1cc"}}
[2m2025-12-10T10:09:38.893131Z[0m [34mDEBUG[0m [2methereum_transaction_pool_monitor::eth_client[0m[2m:[0m 📨 Received pending transaction: 0xfae9ea03ee1a586a7ae59007cd89f6aaf996141b1bc993bf86e0166078bae1cc
[2m2025-12-10T10:09:38.896634Z[0m [34mDEBUG[0m [2mhyper::client::pool[0m[2m:[0m reuse idle connection for ("http", 192.168.0.14:8545)
[2m2025-12-10T10:09:38.896710Z[0m [34mDEBUG[0m [2mhyper::proto::h1::io[0m[2m:[0m flushed 172 bytes
[2m2025-12-10T10:09:38.902721Z[0m [34mDEBUG[0m [2mhyper::proto::h1::io[0m[2m:[0m parsed 4 headers
[2m2025-12-10T10:09:38.902738Z[0m [34mDEBUG[0m [2mhyper::proto::h1::conn[0m[2m:[0m incoming body is content-length (45 bytes)
[2m2025-12-10T10:09:38.902745Z[0m [34mDEBUG[0m [2mhyper::proto::h1::conn[0m[2m:[0m incoming body completed
[2m2025-12-10T10:09:38.902755Z[0m [34mDEBUG[0m [2mhyper::client::pool[0m[2m:[0m pooling idle connection for ("http", 192.168.0.14:8545)
[2m2025-12-10T10:09:38.978899Z[0m [34mDEBUG[0m [2methereum_transaction_pool_monitor::eth_client[0m[2m:[0m ✅ Transaction 0x50f138aa9b06be5591e650c9fb0e0ad43e45f67696d93c2a5a3a0305a7cf9b3b fetched and parsed in 128.438667ms
[2m2025-12-10T10:09:38.978922Z[0m [34mDEBUG[0m [2methereum_transaction_pool_monitor::mempool_monitor[0m[2m:[0m 🔍 Skipping tx 0x50f138aa9b06be5591e650c9fb0e0ad43e45f67696d93c2a5a3a0305a7cf9b3b - not a DEX interaction (target: 0xB8f28C60dD8240141185a192fa4156A23E189305)
[2m2025-12-10T10:09:38.978933Z[0m [34mDEBUG[0m [2methereum_transaction_pool_monitor::mempool_monitor[0m[2m:[0m 📨 Processing new pending transaction: 0xc78a47c1385d57d632781f3e5a2c9c1d66795eff1005abe14cfcb6317549a239
[2m2025-12-10T10:09:38.978938Z[0m [34mDEBUG[0m [2methereum_transaction_pool_monitor::mempool_monitor[0m[2m:[0m 🔍 Fetching transaction details for: 0xc78a47c1385d57d632781f3e5a2c9c1d66795eff1005abe14cfcb6317549a239
[2m2025-12-10T10:09:38.978942Z[0m [34mDEBUG[0m [2methereum_transaction_pool_monitor::eth_client[0m[2m:[0m 🔍 Fetching transaction details for hash: 0xc78a47c1385d57d632781f3e5a2c9c1d66795eff1005abe14cfcb6317549a239
[2m2025-12-10T10:09:38.978963Z[0m [34mDEBUG[0m [2mhyper::client::pool[0m[2m:[0m reuse idle connection for ("http", 192.168.0.14:8545)
[2m2025-12-10T10:09:38.979011Z[0m [34mDEBUG[0m [2mhyper::proto::h1::io[0m[2m:[0m flushed 250 bytes
[2m2025-12-10T10:09:38.985018Z[0m [34mDEBUG[0m [2mhyper::proto::h1::io[0m[2m:[0m parsed 4 headers
[2m2025-12-10T10:09:38.985035Z[0m [34mDEBUG[0m [2mhyper::proto::h1::conn[0m[2m:[0m incoming body is content-length (771 bytes)
[2m2025-12-10T10:09:38.985042Z[0m [34mDEBUG[0m [2mhyper::proto::h1::conn[0m[2m:[0m incoming body completed
[2m2025-12-10T10:09:38.985057Z[0m [34mDEBUG[0m [2mhyper::client::pool[0m[2m:[0m pooling idle connection for ("http", 192.168.0.14:8545)
[2m2025-12-10T10:09:38.985064Z[0m [34mDEBUG[0m [2methereum_transaction_pool_monitor::eth_client[0m[2m:[0m 📡 Transaction fetch RPC completed in 6.11775ms
[2m2025-12-10T10:09:39.059008Z[0m [34mDEBUG[0m [2methereum_transaction_pool_monitor::eth_client[0m[2m:[0m ✅ Transaction 0xc78a47c1385d57d632781f3e5a2c9c1d66795eff1005abe14cfcb6317549a239 fetched and parsed in 80.059792ms
[2m2025-12-10T10:09:39.059038Z[0m [34mDEBUG[0m [2methereum_transaction_pool_monitor::mempool_monitor[0m[2m:[0m 🔍 Skipping tx 0xc78a47c1385d57d632781f3e5a2c9c1d66795eff1005abe14cfcb6317549a239 - not a DEX interaction (target: 0xB8f28C60dD8240141185a192fa4156A23E189305)
[2m2025-12-10T10:09:39.059051Z[0m [34mDEBUG[0m [2methereum_transaction_pool_monitor::mempool_monitor[0m[2m:[0m 📨 Processing new pending transaction: 0xbb560ec987328f656f39e2c93d706157ea72e76988a455f06635a4817e50b831
[2m2025-12-10T10:09:39.059057Z[0m [34mDEBUG[0m [2methereum_transaction_pool_monitor::mempool_monitor[0m[2m:[0m 🔍 Fetching transaction details for: 0xbb560ec987328f656f39e2c93d706157ea72e76988a455f06635a4817e50b831
[2m2025-12-10T10:09:39.059061Z[0m [34mDEBUG[0m [2methereum_transaction_pool_monitor::eth_client[0m[2m:[0m 🔍 Fetching transaction details for hash: 0xbb560ec987328f656f39e2c93d706157ea72e76988a455f06635a4817e50b831
[2m2025-12-10T10:09:39.059078Z[0m [34mDEBUG[0m [2mhyper::client::pool[0m[2m:[0m reuse idle connection for ("http", 192.168.0.14:8545)
[2m2025-12-10T10:09:39.059127Z[0m [34mDEBUG[0m [2mhyper::proto::h1::io[0m[2m:[0m flushed 250 bytes
[2m2025-12-10T10:09:39.059151Z[0m [34mDEBUG[0m [2mhyper::client::pool[0m[2m:[0m reuse idle connection for ("http", 192.168.0.14:8545)
[2m2025-12-10T10:09:39.059165Z[0m [34mDEBUG[0m [2mhyper::proto::h1::io[0m[2m:[0m flushed 172 bytes
[2m2025-12-10T10:09:39.063838Z[0m [34mDEBUG[0m [2mhyper::proto::h1::io[0m[2m:[0m parsed 4 headers
[2m2025-12-10T10:09:39.063846Z[0m [34mDEBUG[0m [2mhyper::proto::h1::conn[0m[2m:[0m incoming body is content-length (45 bytes)
[2m2025-12-10T10:09:39.063852Z[0m [34mDEBUG[0m [2mhyper::proto::h1::conn[0m[2m:[0m incoming body completed
[2m2025-12-10T10:09:39.063860Z[0m [34mDEBUG[0m [2mhyper::client::pool[0m[2m:[0m pooling idle connection for ("http", 192.168.0.14:8545)
[2m2025-12-10T10:09:39.064509Z[0m [34mDEBUG[0m [2mhyper::proto::h1::io[0m[2m:[0m parsed 4 headers
[2m2025-12-10T10:09:39.064515Z[0m [34mDEBUG[0m [2mhyper::proto::h1::conn[0m[2m:[0m incoming body is content-length (770 bytes)
[2m2025-12-10T10:09:39.064520Z[0m [34mDEBUG[0m [2mhyper::proto::h1::conn[0m[2m:[0m incoming body completed
[2m2025-12-10T10:09:39.064525Z[0m [34mDEBUG[0m [2mhyper::client::pool[0m[2m:[0m pooling idle connection for ("http", 192.168.0.14:8545)
[2m2025-12-10T10:09:39.064531Z[0m [34mDEBUG[0m [2methereum_transaction_pool_monitor::eth_client[0m[2m:[0m 📡 Transaction fetch RPC completed in 5.465375ms
[2m2025-12-10T10:09:39.064542Z[0m [34mDEBUG[0m [2methereum_transaction_pool_monitor::eth_client[0m[2m:[0m DeFi transaction detected - Address: 0xdac17f958d2ee523a2206206994597c13d831ec7, Type: Stablecoin, Value: 0 ETH, Gas: 0.30 Gwei
[2m2025-12-10T10:09:39.064555Z[0m [34mDEBUG[0m [2methereum_transaction_pool_monitor::eth_client[0m[2m:[0m ✅ Transaction 0xbb560ec987328f656f39e2c93d706157ea72e76988a455f06635a4817e50b831 fetched and parsed in 5.489709ms
[2m2025-12-10T10:09:39.064561Z[0m [34mDEBUG[0m [2methereum_transaction_pool_monitor::mempool_monitor[0m[2m:[0m 🔍 Skipping tx 0xbb560ec987328f656f39e2c93d706157ea72e76988a455f06635a4817e50b831 - not a DEX interaction (target: 0xdAC17F958D2ee523a2206206994597C13D831ec7)
[2m2025-12-10T10:09:39.064567Z[0m [34mDEBUG[0m [2methereum_transaction_pool_monitor::mempool_monitor[0m[2m:[0m 📨 Processing new pending transaction: 0x6e8627bf3074c6853f2868cce720d90b5e5f3fdf8eca30929ca01bad842319ae
[2m2025-12-10T10:09:39.064572Z[0m [34mDEBUG[0m [2methereum_transaction_pool_monitor::mempool_monitor[0m[2m:[0m 🔍 Fetching transaction details for: 0x6e8627bf3074c6853f2868cce720d90b5e5f3fdf8eca30929ca01bad842319ae
[2m2025-12-10T10:09:39.064575Z[0m [34mDEBUG[0m [2methereum_transaction_pool_monitor::eth_client[0m[2m:[0m 🔍 Fetching transaction details for hash: 0x6e8627bf3074c6853f2868cce720d90b5e5f3fdf8eca30929ca01bad842319ae
[2m2025-12-10T10:09:39.064585Z[0m [34mDEBUG[0m [2mhyper::client::pool[0m[2m:[0m reuse idle connection for ("http", 192.168.0.14:8545)
[2m2025-12-10T10:09:39.064598Z[0m [34mDEBUG[0m [2mhyper::proto::h1::io[0m[2m:[0m flushed 250 bytes
[2m2025-12-10T10:09:39.071682Z[0m [34mDEBUG[0m [2mhyper::proto::h1::io[0m[2m:[0m parsed 4 headers
[2m2025-12-10T10:09:39.071690Z[0m [34mDEBUG[0m [2mhyper::proto::h1::conn[0m[2m:[0m incoming body is content-length (774 bytes)
[2m2025-12-10T10:09:39.071695Z[0m [34mDEBUG[0m [2mhyper::proto::h1::conn[0m[2m:[0m incoming body completed
[2m2025-12-10T10:09:39.071702Z[0m [34mDEBUG[0m [2mhyper::client::pool[0m[2m:[0m pooling idle connection for ("http", 192.168.0.14:8545)
[2m2025-12-10T10:09:39.071706Z[0m [34mDEBUG[0m [2methereum_transaction_pool_monitor::eth_client[0m[2m:[0m 📡 Transaction fetch RPC completed in 7.128083ms
[2m2025-12-10T10:09:39.142206Z[0m [34mDEBUG[0m [2methereum_transaction_pool_monitor::eth_client[0m[2m:[0m ✅ Transaction 0x6e8627bf3074c6853f2868cce720d90b5e5f3fdf8eca30929ca01bad842319ae fetched and parsed in 77.625208ms
[2m2025-12-10T10:09:39.142234Z[0m [34mDEBUG[0m [2methereum_transaction_pool_monitor::mempool_monitor[0m[2m:[0m 🔍 Skipping tx 0x6e8627bf3074c6853f2868cce720d90b5e5f3fdf8eca30929ca01bad842319ae - not a DEX interaction (target: 0xA0b86991c6218b36c1d19D4a2e9Eb0cE3606eB48)
[2m2025-12-10T10:09:39.142244Z[0m [34mDEBUG[0m [2methereum_transaction_pool_monitor::mempool_monitor[0m[2m:[0m 📨 Processing new pending transaction: 0x239c64cc2fb55869779813fcbe0b63f002360edaef8551c1799960be67c4869c
[2m2025-12-10T10:09:39.142249Z[0m [34mDEBUG[0m [2methereum_transaction_pool_monitor::mempool_monitor[0m[2m:[0m 🔍 Fetching transaction details for: 0x239c64cc2fb55869779813fcbe0b63f002360edaef8551c1799960be67c4869c
[2m2025-12-10T10:09:39.142253Z[0m [34mDEBUG[0m [2methereum_transaction_pool_monitor::eth_client[0m[2m:[0m 🔍 Fetching transaction details for hash: 0x239c64cc2fb55869779813fcbe0b63f002360edaef8551c1799960be67c4869c
[2m2025-12-10T10:09:39.142269Z[0m [34mDEBUG[0m [2mhyper::client::pool[0m[2m:[0m reuse idle connection for ("http", 192.168.0.14:8545)
[2m2025-12-10T10:09:39.142305Z[0m [34mDEBUG[0m [2mhyper::proto::h1::io[0m[2m:[0m flushed 250 bytes
[2m2025-12-10T10:09:39.142332Z[0m [34mDEBUG[0m [2mhyper::client::pool[0m[2m:[0m reuse idle connection for ("http", 192.168.0.14:8545)
[2m2025-12-10T10:09:39.142347Z[0m [34mDEBUG[0m [2mhyper::proto::h1::io[0m[2m:[0m flushed 172 bytes
[2m2025-12-10T10:09:39.149796Z[0m [34mDEBUG[0m [2mhyper::proto::h1::io[0m[2m:[0m parsed 4 headers
[2m2025-12-10T10:09:39.149805Z[0m [34mDEBUG[0m [2mhyper::proto::h1::conn[0m[2m:[0m incoming body is content-length (768 bytes)
[2m2025-12-10T10:09:39.149812Z[0m [34mDEBUG[0m [2mhyper::proto::h1::conn[0m[2m:[0m incoming body completed
[2m2025-12-10T10:09:39.149819Z[0m [34mDEBUG[0m [2mhyper::client::pool[0m[2m:[0m pooling idle connection for ("http", 192.168.0.14:8545)
[2m2025-12-10T10:09:39.149825Z[0m [34mDEBUG[0m [2methereum_transaction_pool_monitor::eth_client[0m[2m:[0m 📡 Transaction fetch RPC completed in 7.568291ms
[2m2025-12-10T10:09:39.149837Z[0m [34mDEBUG[0m [2methereum_transaction_pool_monitor::eth_client[0m[2m:[0m DeFi transaction detected - Address: 0xdac17f958d2ee523a2206206994597c13d831ec7, Type: Stablecoin, Value: 0 ETH, Gas: 0.22 Gwei
[2m2025-12-10T10:09:39.149850Z[0m [34mDEBUG[0m [2methereum_transaction_pool_monitor::eth_client[0m[2m:[0m ✅ Transaction 0x239c64cc2fb55869779813fcbe0b63f002360edaef8551c1799960be67c4869c fetched and parsed in 7.593125ms
[2m2025-12-10T10:09:39.149856Z[0m [34mDEBUG[0m [2methereum_transaction_pool_monitor::mempool_monitor[0m[2m:[0m 🔍 Skipping tx 0x239c64cc2fb55869779813fcbe0b63f002360edaef8551c1799960be67c4869c - not a DEX interaction (target: 0xdAC17F958D2ee523a2206206994597C13D831ec7)
[2m2025-12-10T10:09:39.149863Z[0m [34mDEBUG[0m [2methereum_transaction_pool_monitor::mempool_monitor[0m[2m:[0m 📨 Processing new pending transaction: 0x5b624a7f6f367ac1cc2f7dfff79ef7b0759bcd36d79bcbcef56be0795c7c9253
[2m2025-12-10T10:09:39.149867Z[0m [34mDEBUG[0m [2methereum_transaction_pool_monitor::mempool_monitor[0m[2m:[0m 🔍 Fetching transaction details for: 0x5b624a7f6f367ac1cc2f7dfff79ef7b0759bcd36d79bcbcef56be0795c7c9253
[2m2025-12-10T10:09:39.149870Z[0m [34mDEBUG[0m [2methereum_transaction_pool_monitor::eth_client[0m[2m:[0m 🔍 Fetching transaction details for hash: 0x5b624a7f6f367ac1cc2f7dfff79ef7b0759bcd36d79bcbcef56be0795c7c9253
[2m2025-12-10T10:09:39.149880Z[0m [34mDEBUG[0m [2mhyper::client::pool[0m[2m:[0m reuse idle connection for ("http", 192.168.0.14:8545)
[2m2025-12-10T10:09:39.149893Z[0m [34mDEBUG[0m [2mhyper::proto::h1::io[0m[2m:[0m flushed 250 bytes
[2m2025-12-10T10:09:39.149900Z[0m [34mDEBUG[0m [2mhyper::proto::h1::io[0m[2m:[0m parsed 4 headers
[2m2025-12-10T10:09:39.149903Z[0m [34mDEBUG[0m [2mhyper::proto::h1::conn[0m[2m:[0m incoming body is content-length (45 bytes)
[2m2025-12-10T10:09:39.149907Z[0m [34mDEBUG[0m [2mhyper::proto::h1::conn[0m[2m:[0m incoming body completed
[2m2025-12-10T10:09:39.149911Z[0m [34mDEBUG[0m [2mhyper::client::pool[0m[2m:[0m pooling idle connection for ("http", 192.168.0.14:8545)
[2m2025-12-10T10:09:39.157944Z[0m [34mDEBUG[0m [2mhyper::proto::h1::io[0m[2m:[0m parsed 4 headers
[2m2025-12-10T10:09:39.157957Z[0m [34mDEBUG[0m [2mhyper::proto::h1::conn[0m[2m:[0m incoming body is content-length (1730 bytes)
[2m2025-12-10T10:09:39.157970Z[0m [34mDEBUG[0m [2methereum_transaction_pool_monitor::eth_client[0m[2m:[0m 📡 Transaction fetch RPC completed in 8.09625ms
[2m2025-12-10T10:09:39.158523Z[0m [34mDEBUG[0m [2mhyper::proto::h1::conn[0m[2m:[0m incoming body completed
[2m2025-12-10T10:09:39.158530Z[0m [34mDEBUG[0m [2mhyper::client::pool[0m[2m:[0m pooling idle connection for ("http", 192.168.0.14:8545)
[2m2025-12-10T10:09:39.197220Z[0m [34mDEBUG[0m [2mhyper::client::pool[0m[2m:[0m reuse idle connection for ("http", 192.168.0.14:8545)
[2m2025-12-10T10:09:39.197294Z[0m [34mDEBUG[0m [2mhyper::proto::h1::io[0m[2m:[0m flushed 172 bytes
[2m2025-12-10T10:09:39.205720Z[0m [34mDEBUG[0m [2mhyper::proto::h1::io[0m[2m:[0m parsed 4 headers
[2m2025-12-10T10:09:39.205737Z[0m [34mDEBUG[0m [2mhyper::proto::h1::conn[0m[2m:[0m incoming body is content-length (45 bytes)
[2m2025-12-10T10:09:39.205746Z[0m [34mDEBUG[0m [2mhyper::proto::h1::conn[0m[2m:[0m incoming body completed
[2m2025-12-10T10:09:39.205755Z[0m [34mDEBUG[0m [2mhyper::client::pool[0m[2m:[0m pooling idle connection for ("http", 192.168.0.14:8545)
[2m2025-12-10T10:09:39.230468Z[0m [34mDEBUG[0m [2methereum_transaction_pool_monitor::eth_client[0m[2m:[0m ✅ Transaction 0x5b624a7f6f367ac1cc2f7dfff79ef7b0759bcd36d79bcbcef56be0795c7c9253 fetched and parsed in 80.591375ms
[2m2025-12-10T10:09:39.230491Z[0m [34mDEBUG[0m [2methereum_transaction_pool_monitor::mempool_monitor[0m[2m:[0m 🔍 Skipping tx 0x5b624a7f6f367ac1cc2f7dfff79ef7b0759bcd36d79bcbcef56be0795c7c9253 - not a DEX interaction (target: 0x601a2aD6CB5949f0529735254189Ba3194221EDF)
[2m2025-12-10T10:09:39.230501Z[0m [34mDEBUG[0m [2methereum_transaction_pool_monitor::mempool_monitor[0m[2m:[0m 📨 Processing new pending transaction: 0x7345641dcabdaf4146895aeffb6a6999c429023c6ae944c273ca1f44c3d3ffff
[2m2025-12-10T10:09:39.230506Z[0m [34mDEBUG[0m [2methereum_transaction_pool_monitor::mempool_monitor[0m[2m:[0m 🔍 Fetching transaction details for: 0x7345641dcabdaf4146895aeffb6a6999c429023c6ae944c273ca1f44c3d3ffff
[2m2025-12-10T10:09:39.230511Z[0m [34mDEBUG[0m [2methereum_transaction_pool_monitor::eth_client[0m[2m:[0m 🔍 Fetching transaction details for hash: 0x7345641dcabdaf4146895aeffb6a6999c429023c6ae944c273ca1f44c3d3ffff
[2m2025-12-10T10:09:39.230527Z[0m [34mDEBUG[0m [2mhyper::client::pool[0m[2m:[0m reuse idle connection for ("http", 192.168.0.14:8545)
[2m2025-12-10T10:09:39.230570Z[0m [34mDEBUG[0m [2mhyper::proto::h1::io[0m[2m:[0m flushed 250 bytes
[2m2025-12-10T10:09:39.235478Z[0m [34mDEBUG[0m [2mhyper::proto::h1::io[0m[2m:[0m parsed 4 headers
[2m2025-12-10T10:09:39.235488Z[0m [34mDEBUG[0m [2mhyper::proto::h1::conn[0m[2m:[0m incoming body is content-length (842 bytes)
[2m2025-12-10T10:09:39.235495Z[0m [34mDEBUG[0m [2mhyper::proto::h1::conn[0m[2m:[0m incoming body completed
[2m2025-12-10T10:09:39.235505Z[0m [34mDEBUG[0m [2mhyper::client::pool[0m[2m:[0m pooling idle connection for ("http", 192.168.0.14:8545)
[2m2025-12-10T10:09:39.235511Z[0m [34mDEBUG[0m [2methereum_transaction_pool_monitor::eth_client[0m[2m:[0m 📡 Transaction fetch RPC completed in 4.996ms
[2m2025-12-10T10:09:39.235525Z[0m [34mDEBUG[0m [2methereum_transaction_pool_monitor::eth_client[0m[2m:[0m DeFi transaction detected - Address: 0xdac17f958d2ee523a2206206994597c13d831ec7, Type: Stablecoin, Value: 0 ETH, Gas: 182.00 Gwei
[2m2025-12-10T10:09:39.235537Z[0m [34mDEBUG[0m [2methereum_transaction_pool_monitor::eth_client[0m[2m:[0m ✅ Transaction 0x7345641dcabdaf4146895aeffb6a6999c429023c6ae944c273ca1f44c3d3ffff fetched and parsed in 5.022333ms
[2m2025-12-10T10:09:39.235543Z[0m [34mDEBUG[0m [2methereum_transaction_pool_monitor::mempool_monitor[0m[2m:[0m 🔍 Skipping tx 0x7345641dcabdaf4146895aeffb6a6999c429023c6ae944c273ca1f44c3d3ffff - not a DEX interaction (target: 0xdAC17F958D2ee523a2206206994597C13D831ec7)
[2m2025-12-10T10:09:39.235550Z[0m [34mDEBUG[0m [2methereum_transaction_pool_monitor::mempool_monitor[0m[2m:[0m 📨 Processing new pending transaction: 0xc788c25b6da9a2d315d1fb68fe30850cccde57ea2528f9c5be8ca83fdf0d9650
[2m2025-12-10T10:09:39.235553Z[0m [34mDEBUG[0m [2methereum_transaction_pool_monitor::mempool_monitor[0m[2m:[0m 🔍 Fetching transaction details for: 0xc788c25b6da9a2d315d1fb68fe30850cccde57ea2528f9c5be8ca83fdf0d9650
[2m2025-12-10T10:09:39.235557Z[0m [34mDEBUG[0m [2methereum_transaction_pool_monitor::eth_client[0m[2m:[0m 🔍 Fetching transaction details for hash: 0xc788c25b6da9a2d315d1fb68fe30850cccde57ea2528f9c5be8ca83fdf0d9650
[2m2025-12-10T10:09:39.235569Z[0m [34mDEBUG[0m [2mhyper::client::pool[0m[2m:[0m reuse idle connection for ("http", 192.168.0.14:8545)
[2m2025-12-10T10:09:39.235593Z[0m [34mDEBUG[0m [2mhyper::proto::h1::io[0m[2m:[0m flushed 250 bytes
[2m2025-12-10T10:09:39.248840Z[0m [34mDEBUG[0m [2mhyper::proto::h1::io[0m[2m:[0m parsed 4 headers
[2m2025-12-10T10:09:39.248850Z[0m [34mDEBUG[0m [2mhyper::proto::h1::conn[0m[2m:[0m incoming body is content-length (644 bytes)
[2m2025-12-10T10:09:39.248857Z[0m [34mDEBUG[0m [2mhyper::proto::h1::conn[0m[2m:[0m incoming body completed
[2m2025-12-10T10:09:39.248864Z[0m [34mDEBUG[0m [2mhyper::client::pool[0m[2m:[0m pooling idle connection for ("http", 192.168.0.14:8545)
[2m2025-12-10T10:09:39.248871Z[0m [34mDEBUG[0m [2methereum_transaction_pool_monitor::eth_client[0m[2m:[0m 📡 Transaction fetch RPC completed in 13.311167ms
[2m2025-12-10T10:09:39.319949Z[0m [34mDEBUG[0m [2methereum_transaction_pool_monitor::eth_client[0m[2m:[0m ✅ Transaction 0xc788c25b6da9a2d315d1fb68fe30850cccde57ea2528f9c5be8ca83fdf0d9650 fetched and parsed in 84.386167ms
[2m2025-12-10T10:09:39.319975Z[0m [34mDEBUG[0m [2methereum_transaction_pool_monitor::mempool_monitor[0m[2m:[0m 🔍 Skipping tx 0xc788c25b6da9a2d315d1fb68fe30850cccde57ea2528f9c5be8ca83fdf0d9650 - not a DEX interaction (target: 0x17E5545B11b468072283Cee1F066a059Fb0dbF24)
[2m2025-12-10T10:09:39.319987Z[0m [34mDEBUG[0m [2methereum_transaction_pool_monitor::mempool_monitor[0m[2m:[0m 📨 Processing new pending transaction: 0xf2c2df804f5799c52ba1635dd9c467f23709511026a7b1965cc9785d8f1fb551
[2m2025-12-10T10:09:39.319993Z[0m [34mDEBUG[0m [2methereum_transaction_pool_monitor::mempool_monitor[0m[2m:[0m 🔍 Fetching transaction details for: 0xf2c2df804f5799c52ba1635dd9c467f23709511026a7b1965cc9785d8f1fb551
[2m2025-12-10T10:09:39.319997Z[0m [34mDEBUG[0m [2methereum_transaction_pool_monitor::eth_client[0m[2m:[0m 🔍 Fetching transaction details for hash: 0xf2c2df804f5799c52ba1635dd9c467f23709511026a7b1965cc9785d8f1fb551
[2m2025-12-10T10:09:39.320015Z[0m [34mDEBUG[0m [2mhyper::client::pool[0m[2m:[0m reuse idle connection for ("http", 192.168.0.14:8545)
[2m2025-12-10T10:09:39.320051Z[0m [34mDEBUG[0m [2mhyper::proto::h1::io[0m[2m:[0m flushed 250 bytes
[2m2025-12-10T10:09:39.320081Z[0m [34mDEBUG[0m [2mhyper::client::pool[0m[2m:[0m reuse idle connection for ("http", 192.168.0.14:8545)
[2m2025-12-10T10:09:39.320096Z[0m [34mDEBUG[0m [2mhyper::proto::h1::io[0m[2m:[0m flushed 172 bytes
[2m2025-12-10T10:09:39.324701Z[0m [34mDEBUG[0m [2mhyper::proto::h1::io[0m[2m:[0m parsed 4 headers
[2m2025-12-10T10:09:39.324718Z[0m [34mDEBUG[0m [2mhyper::proto::h1::conn[0m[2m:[0m incoming body is content-length (45 bytes)
[2m2025-12-10T10:09:39.324729Z[0m [34mDEBUG[0m [2mhyper::proto::h1::conn[0m[2m:[0m incoming body completed
[2m2025-12-10T10:09:39.324742Z[0m [34mDEBUG[0m [2mhyper::client::pool[0m[2m:[0m pooling idle connection for ("http", 192.168.0.14:8545)
[2m2025-12-10T10:09:39.324764Z[0m [34mDEBUG[0m [2mhyper::proto::h1::io[0m[2m:[0m parsed 4 headers
[2m2025-12-10T10:09:39.324768Z[0m [34mDEBUG[0m [2mhyper::proto::h1::conn[0m[2m:[0m incoming body is content-length (770 bytes)
[2m2025-12-10T10:09:39.324772Z[0m [34mDEBUG[0m [2mhyper::proto::h1::conn[0m[2m:[0m incoming body completed
[2m2025-12-10T10:09:39.324777Z[0m [34mDEBUG[0m [2mhyper::client::pool[0m[2m:[0m pooling idle connection for ("http", 192.168.0.14:8545)
[2m2025-12-10T10:09:39.324781Z[0m [34mDEBUG[0m [2methereum_transaction_pool_monitor::eth_client[0m[2m:[0m 📡 Transaction fetch RPC completed in 4.779958ms
[2m2025-12-10T10:09:39.396860Z[0m [34mDEBUG[0m [2methereum_transaction_pool_monitor::eth_client[0m[2m:[0m ✅ Transaction 0xf2c2df804f5799c52ba1635dd9c467f23709511026a7b1965cc9785d8f1fb551 fetched and parsed in 76.856958ms
[2m2025-12-10T10:09:39.396885Z[0m [34mDEBUG[0m [2methereum_transaction_pool_monitor::mempool_monitor[0m[2m:[0m 🔍 Skipping tx 0xf2c2df804f5799c52ba1635dd9c467f23709511026a7b1965cc9785d8f1fb551 - not a DEX interaction (target: 0x208b4A94B233DcD696FBE8d0c48D943e24D5F4bD)
[2m2025-12-10T10:09:39.396894Z[0m [34mDEBUG[0m [2methereum_transaction_pool_monitor::mempool_monitor[0m[2m:[0m 📨 Processing new pending transaction: 0x6ca8a59bdf35b6fc50230e0f36e6a5d95bd1ff01232272f8164f46b04731e2fc
[2m2025-12-10T10:09:39.396900Z[0m [34mDEBUG[0m [2methereum_transaction_pool_monitor::mempool_monitor[0m[2m:[0m 🔍 Fetching transaction details for: 0x6ca8a59bdf35b6fc50230e0f36e6a5d95bd1ff01232272f8164f46b04731e2fc
[2m2025-12-10T10:09:39.396904Z[0m [34mDEBUG[0m [2methereum_transaction_pool_monitor::eth_client[0m[2m:[0m 🔍 Fetching transaction details for hash: 0x6ca8a59bdf35b6fc50230e0f36e6a5d95bd1ff01232272f8164f46b04731e2fc
[2m2025-12-10T10:09:39.396920Z[0m [34mDEBUG[0m [2mhyper::client::pool[0m[2m:[0m reuse idle connection for ("http", 192.168.0.14:8545)
[2m2025-12-10T10:09:39.396966Z[0m [34mDEBUG[0m [2mhyper::proto::h1::io[0m[2m:[0m flushed 250 bytes
[2m2025-12-10T10:09:39.396985Z[0m [34mDEBUG[0m [2mhyper::client::pool[0m[2m:[0m reuse idle connection for ("http", 192.168.0.14:8545)
[2m2025-12-10T10:09:39.396997Z[0m [34mDEBUG[0m [2mhyper::proto::h1::io[0m[2m:[0m flushed 172 bytes
[2m2025-12-10T10:09:39.397004Z[0m [34mDEBUG[0m [2methereum_transaction_pool_monitor::eth_client[0m[2m:[0m 📨 Received WebSocket message: {"jsonrpc":"2.0","method":"eth_subscription","params":{"subscription":"0xbed0a0851463e895960a451075a301a9","result":"0x2cbcc207522f68d41f8b464d305e913465083c5697b0480ea150680a40ab099d"}}
[2m2025-12-10T10:09:39.397017Z[0m [34mDEBUG[0m [2methereum_transaction_pool_monitor::eth_client[0m[2m:[0m 📨 Received pending transaction: 0x2cbcc207522f68d41f8b464d305e913465083c5697b0480ea150680a40ab099d
[2m2025-12-10T10:09:39.397022Z[0m [32m INFO[0m [2methereum_transaction_pool_monitor::eth_client[0m[2m:[0m 📊 WebSocket stats - Total: 1358 transactions, Rate: 13.4 tx/s
[2m2025-12-10T10:09:39.406443Z[0m [34mDEBUG[0m [2mhyper::proto::h1::io[0m[2m:[0m parsed 4 headers
[2m2025-12-10T10:09:39.406456Z[0m [34mDEBUG[0m [2mhyper::proto::h1::conn[0m[2m:[0m incoming body is content-length (762 bytes)
[2m2025-12-10T10:09:39.406464Z[0m [34mDEBUG[0m [2mhyper::proto::h1::conn[0m[2m:[0m incoming body completed
[2m2025-12-10T10:09:39.406475Z[0m [34mDEBUG[0m [2mhyper::client::pool[0m[2m:[0m pooling idle connection for ("http", 192.168.0.14:8545)
[2m2025-12-10T10:09:39.406482Z[0m [34mDEBUG[0m [2methereum_transaction_pool_monitor::eth_client[0m[2m:[0m 📡 Transaction fetch RPC completed in 9.573917ms
[2m2025-12-10T10:09:39.475626Z[0m [34mDEBUG[0m [2methereum_transaction_pool_monitor::eth_client[0m[2m:[0m ✅ Transaction 0x6ca8a59bdf35b6fc50230e0f36e6a5d95bd1ff01232272f8164f46b04731e2fc fetched and parsed in 78.715333ms
[2m2025-12-10T10:09:39.475652Z[0m [34mDEBUG[0m [2methereum_transaction_pool_monitor::mempool_monitor[0m[2m:[0m 🔍 Skipping tx 0x6ca8a59bdf35b6fc50230e0f36e6a5d95bd1ff01232272f8164f46b04731e2fc - not a DEX interaction (target: 0xA0b86991c6218b36c1d19D4a2e9Eb0cE3606eB48)
[2m2025-12-10T10:09:39.475663Z[0m [34mDEBUG[0m [2methereum_transaction_pool_monitor::mempool_monitor[0m[2m:[0m 📨 Processing new pending transaction: 0x9a2f70315bd20f063cc407c78fececa4ab94da5e681bb5b7120a3ddebbb2a0a0
[2m2025-12-10T10:09:39.475668Z[0m [34mDEBUG[0m [2methereum_transaction_pool_monitor::mempool_monitor[0m[2m:[0m 🔍 Fetching transaction details for: 0x9a2f70315bd20f063cc407c78fececa4ab94da5e681bb5b7120a3ddebbb2a0a0
[2m2025-12-10T10:09:39.475672Z[0m [34mDEBUG[0m [2methereum_transaction_pool_monitor::eth_client[0m[2m:[0m 🔍 Fetching transaction details for hash: 0x9a2f70315bd20f063cc407c78fececa4ab94da5e681bb5b7120a3ddebbb2a0a0
[2m2025-12-10T10:09:39.475690Z[0m [34mDEBUG[0m [2mhyper::client::pool[0m[2m:[0m reuse idle connection for ("http", 192.168.0.14:8545)
[2m2025-12-10T10:09:39.475727Z[0m [34mDEBUG[0m [2mhyper::proto::h1::io[0m[2m:[0m flushed 250 bytes
[2m2025-12-10T10:09:39.475750Z[0m [34mDEBUG[0m [2methereum_transaction_pool_monitor::eth_client[0m[2m:[0m 📨 Received WebSocket message: {"jsonrpc":"2.0","method":"eth_subscription","params":{"subscription":"0xbed0a0851463e895960a451075a301a9","result":"0x2a0200c2c1a6c65ff28daf16662cf0cb54b45ca7d1e166540ec395a490ed02b3"}}
[2m2025-12-10T10:09:39.475758Z[0m [34mDEBUG[0m [2methereum_transaction_pool_monitor::eth_client[0m[2m:[0m 📨 Received pending transaction: 0x2a0200c2c1a6c65ff28daf16662cf0cb54b45ca7d1e166540ec395a490ed02b3
[2m2025-12-10T10:09:39.475764Z[0m [34mDEBUG[0m [2methereum_transaction_pool_monitor::eth_client[0m[2m:[0m 📨 Received WebSocket message: {"jsonrpc":"2.0","method":"eth_subscription","params":{"subscription":"0xbed0a0851463e895960a451075a301a9","result":"0xa57409476819eb373d2a5a67c32594da39a9e6e01a57ff59e8d3880b435b5ccd"}}
[2m2025-12-10T10:09:39.475770Z[0m [34mDEBUG[0m [2methereum_transaction_pool_monitor::eth_client[0m[2m:[0m 📨 Received pending transaction: 0xa57409476819eb373d2a5a67c32594da39a9e6e01a57ff59e8d3880b435b5ccd
[2m2025-12-10T10:09:39.475750Z[0m [34mDEBUG[0m [2mhyper::proto::h1::io[0m[2m:[0m parsed 4 headers
[2m2025-12-10T10:09:39.475780Z[0m [34mDEBUG[0m [2mhyper::proto::h1::conn[0m[2m:[0m incoming body is content-length (45 bytes)
[2m2025-12-10T10:09:39.475788Z[0m [34mDEBUG[0m [2mhyper::proto::h1::conn[0m[2m:[0m incoming body completed
[2m2025-12-10T10:09:39.475796Z[0m [34mDEBUG[0m [2mhyper::client::pool[0m[2m:[0m pooling idle connection for ("http", 192.168.0.14:8545)
[2m2025-12-10T10:09:39.483470Z[0m [34mDEBUG[0m [2mhyper::proto::h1::io[0m[2m:[0m parsed 4 headers
[2m2025-12-10T10:09:39.483476Z[0m [34mDEBUG[0m [2mhyper::proto::h1::conn[0m[2m:[0m incoming body is content-length (764 bytes)
[2m2025-12-10T10:09:39.483482Z[0m [34mDEBUG[0m [2mhyper::proto::h1::conn[0m[2m:[0m incoming body completed
[2m2025-12-10T10:09:39.483488Z[0m [34mDEBUG[0m [2mhyper::client::pool[0m[2m:[0m pooling idle connection for ("http", 192.168.0.14:8545)
[2m2025-12-10T10:09:39.483493Z[0m [34mDEBUG[0m [2methereum_transaction_pool_monitor::eth_client[0m[2m:[0m 📡 Transaction fetch RPC completed in 7.816542ms
[2m2025-12-10T10:09:39.554940Z[0m [34mDEBUG[0m [2methereum_transaction_pool_monitor::eth_client[0m[2m:[0m ✅ Transaction 0x9a2f70315bd20f063cc407c78fececa4ab94da5e681bb5b7120a3ddebbb2a0a0 fetched and parsed in 79.260917ms
[2m2025-12-10T10:09:39.554969Z[0m [34mDEBUG[0m [2methereum_transaction_pool_monitor::mempool_monitor[0m[2m:[0m 🔍 Skipping tx 0x9a2f70315bd20f063cc407c78fececa4ab94da5e681bb5b7120a3ddebbb2a0a0 - not a DEX interaction (target: 0xA0b86991c6218b36c1d19D4a2e9Eb0cE3606eB48)
[2m2025-12-10T10:09:39.554981Z[0m [34mDEBUG[0m [2methereum_transaction_pool_monitor::mempool_monitor[0m[2m:[0m 📨 Processing new pending transaction: 0xb3868156b3741db1278c2e4606d2dfc9ee13d4fb6a127a364f605aa5097ab5b8
[2m2025-12-10T10:09:39.554987Z[0m [34mDEBUG[0m [2methereum_transaction_pool_monitor::mempool_monitor[0m[2m:[0m 🔍 Fetching transaction details for: 0xb3868156b3741db1278c2e4606d2dfc9ee13d4fb6a127a364f605aa5097ab5b8
[2m2025-12-10T10:09:39.554991Z[0m [34mDEBUG[0m [2methereum_transaction_pool_monitor::eth_client[0m[2m:[0m 🔍 Fetching transaction details for hash: 0xb3868156b3741db1278c2e4606d2dfc9ee13d4fb6a127a364f605aa5097ab5b8
[2m2025-12-10T10:09:39.555009Z[0m [34mDEBUG[0m [2mhyper::client::pool[0m[2m:[0m reuse idle connection for ("http", 192.168.0.14:8545)
[2m2025-12-10T10:09:39.555050Z[0m [34mDEBUG[0m [2mhyper::proto::h1::io[0m[2m:[0m flushed 250 bytes
[2m2025-12-10T10:09:39.555077Z[0m [34mDEBUG[0m [2mhyper::client::pool[0m[2m:[0m reuse idle connection for ("http", 192.168.0.14:8545)
[2m2025-12-10T10:09:39.555093Z[0m [34mDEBUG[0m [2mhyper::proto::h1::io[0m[2m:[0m flushed 172 bytes
[2m2025-12-10T10:09:39.559917Z[0m [34mDEBUG[0m [2mhyper::proto::h1::io[0m[2m:[0m parsed 4 headers
[2m2025-12-10T10:09:39.559926Z[0m [34mDEBUG[0m [2mhyper::proto::h1::conn[0m[2m:[0m incoming body is content-length (45 bytes)
[2m2025-12-10T10:09:39.559932Z[0m [34mDEBUG[0m [2mhyper::proto::h1::conn[0m[2m:[0m incoming body completed
[2m2025-12-10T10:09:39.559939Z[0m [34mDEBUG[0m [2mhyper::client::pool[0m[2m:[0m pooling idle connection for ("http", 192.168.0.14:8545)
[2m2025-12-10T10:09:39.560336Z[0m [34mDEBUG[0m [2mhyper::proto::h1::io[0m[2m:[0m parsed 4 headers
[2m2025-12-10T10:09:39.560342Z[0m [34mDEBUG[0m [2mhyper::proto::h1::conn[0m[2m:[0m incoming body is content-length (771 bytes)
[2m2025-12-10T10:09:39.560347Z[0m [34mDEBUG[0m [2mhyper::proto::h1::conn[0m[2m:[0m incoming body completed
[2m2025-12-10T10:09:39.560352Z[0m [34mDEBUG[0m [2mhyper::client::pool[0m[2m:[0m pooling idle connection for ("http", 192.168.0.14:8545)
[2m2025-12-10T10:09:39.560356Z[0m [34mDEBUG[0m [2methereum_transaction_pool_monitor::eth_client[0m[2m:[0m 📡 Transaction fetch RPC completed in 5.361875ms
[2m2025-12-10T10:09:39.560368Z[0m [34mDEBUG[0m [2methereum_transaction_pool_monitor::eth_client[0m[2m:[0m DeFi transaction detected - Address: 0xdac17f958d2ee523a2206206994597c13d831ec7, Type: Stablecoin, Value: 0 ETH, Gas: 0.45 Gwei
[2m2025-12-10T10:09:39.560381Z[0m [34mDEBUG[0m [2methereum_transaction_pool_monitor::eth_client[0m[2m:[0m ✅ Transaction 0xb3868156b3741db1278c2e4606d2dfc9ee13d4fb6a127a364f605aa5097ab5b8 fetched and parsed in 5.386167ms
[2m2025-12-10T10:09:39.560387Z[0m [34mDEBUG[0m [2methereum_transaction_pool_monitor::mempool_monitor[0m[2m:[0m 🔍 Skipping tx 0xb3868156b3741db1278c2e4606d2dfc9ee13d4fb6a127a364f605aa5097ab5b8 - not a DEX interaction (target: 0xdAC17F958D2ee523a2206206994597C13D831ec7)
[2m2025-12-10T10:09:39.560393Z[0m [34mDEBUG[0m [2methereum_transaction_pool_monitor::mempool_monitor[0m[2m:[0m 📨 Processing new pending transaction: 0xc754f5820cac2d5c83e14df8807d4a921971704fcd870fe8950835d54e3cfab3
[2m2025-12-10T10:09:39.560397Z[0m [34mDEBUG[0m [2methereum_transaction_pool_monitor::mempool_monitor[0m[2m:[0m 🔍 Fetching transaction details for: 0xc754f5820cac2d5c83e14df8807d4a921971704fcd870fe8950835d54e3cfab3
[2m2025-12-10T10:09:39.560401Z[0m [34mDEBUG[0m [2methereum_transaction_pool_monitor::eth_client[0m[2m:[0m 🔍 Fetching transaction details for hash: 0xc754f5820cac2d5c83e14df8807d4a921971704fcd870fe8950835d54e3cfab3
[2m2025-12-10T10:09:39.560413Z[0m [34mDEBUG[0m [2mhyper::client::pool[0m[2m:[0m reuse idle connection for ("http", 192.168.0.14:8545)
[2m2025-12-10T10:09:39.560427Z[0m [34mDEBUG[0m [2mhyper::proto::h1::io[0m[2m:[0m flushed 250 bytes
[2m2025-12-10T10:09:39.570623Z[0m [34mDEBUG[0m [2mhyper::proto::h1::io[0m[2m:[0m parsed 4 headers
[2m2025-12-10T10:09:39.570630Z[0m [34mDEBUG[0m [2mhyper::proto::h1::conn[0m[2m:[0m incoming body is content-length (771 bytes)
[2m2025-12-10T10:09:39.570635Z[0m [34mDEBUG[0m [2mhyper::proto::h1::conn[0m[2m:[0m incoming body completed
[2m2025-12-10T10:09:39.570642Z[0m [34mDEBUG[0m [2mhyper::client::pool[0m[2m:[0m pooling idle connection for ("http", 192.168.0.14:8545)
[2m2025-12-10T10:09:39.570647Z[0m [34mDEBUG[0m [2methereum_transaction_pool_monitor::eth_client[0m[2m:[0m 📡 Transaction fetch RPC completed in 10.242708ms
[2m2025-12-10T10:09:39.641277Z[0m [34mDEBUG[0m [2methereum_transaction_pool_monitor::eth_client[0m[2m:[0m ✅ Transaction 0xc754f5820cac2d5c83e14df8807d4a921971704fcd870fe8950835d54e3cfab3 fetched and parsed in 80.869458ms
[2m2025-12-10T10:09:39.641304Z[0m [34mDEBUG[0m [2methereum_transaction_pool_monitor::mempool_monitor[0m[2m:[0m 🔍 Skipping tx 0xc754f5820cac2d5c83e14df8807d4a921971704fcd870fe8950835d54e3cfab3 - not a DEX interaction (target: 0xA0b86991c6218b36c1d19D4a2e9Eb0cE3606eB48)
[2m2025-12-10T10:09:39.641315Z[0m [34mDEBUG[0m [2methereum_transaction_pool_monitor::mempool_monitor[0m[2m:[0m 📨 Processing new pending transaction: 0x2bf0d5c98df0fccbaa5a932caccee622d92f57e0818390098c294c73051e462e
[2m2025-12-10T10:09:39.641320Z[0m [34mDEBUG[0m [2methereum_transaction_pool_monitor::mempool_monitor[0m[2m:[0m 🔍 Fetching transaction details for: 0x2bf0d5c98df0fccbaa5a932caccee622d92f57e0818390098c294c73051e462e
[2m2025-12-10T10:09:39.641324Z[0m [34mDEBUG[0m [2methereum_transaction_pool_monitor::eth_client[0m[2m:[0m 🔍 Fetching transaction details for hash: 0x2bf0d5c98df0fccbaa5a932caccee622d92f57e0818390098c294c73051e462e
[2m2025-12-10T10:09:39.641346Z[0m [34mDEBUG[0m [2mhyper::client::pool[0m[2m:[0m reuse idle connection for ("http", 192.168.0.14:8545)
[2m2025-12-10T10:09:39.641376Z[0m [34mDEBUG[0m [2mhyper::proto::h1::io[0m[2m:[0m flushed 250 bytes
[2m2025-12-10T10:09:39.641404Z[0m [34mDEBUG[0m [2mhyper::client::pool[0m[2m:[0m reuse idle connection for ("http", 192.168.0.14:8545)
[2m2025-12-10T10:09:39.641419Z[0m [34mDEBUG[0m [2mhyper::proto::h1::io[0m[2m:[0m flushed 172 bytes
[2m2025-12-10T10:09:39.645106Z[0m [34mDEBUG[0m [2mhyper::proto::h1::io[0m[2m:[0m parsed 4 headers
[2m2025-12-10T10:09:39.645134Z[0m [34mDEBUG[0m [2mhyper::proto::h1::conn[0m[2m:[0m incoming body is content-length (45 bytes)
[2m2025-12-10T10:09:39.645147Z[0m [34mDEBUG[0m [2mhyper::proto::h1::conn[0m[2m:[0m incoming body completed
[2m2025-12-10T10:09:39.645166Z[0m [34mDEBUG[0m [2mhyper::client::pool[0m[2m:[0m pooling idle connection for ("http", 192.168.0.14:8545)
[2m2025-12-10T10:09:39.646374Z[0m [34mDEBUG[0m [2mhyper::proto::h1::io[0m[2m:[0m parsed 4 headers
[2m2025-12-10T10:09:39.646382Z[0m [34mDEBUG[0m [2mhyper::proto::h1::conn[0m[2m:[0m incoming body is content-length (770 bytes)
[2m2025-12-10T10:09:39.646388Z[0m [34mDEBUG[0m [2mhyper::proto::h1::conn[0m[2m:[0m incoming body completed
[2m2025-12-10T10:09:39.646396Z[0m [34mDEBUG[0m [2mhyper::client::pool[0m[2m:[0m pooling idle connection for ("http", 192.168.0.14:8545)
[2m2025-12-10T10:09:39.646404Z[0m [34mDEBUG[0m [2methereum_transaction_pool_monitor::eth_client[0m[2m:[0m 📡 Transaction fetch RPC completed in 5.075709ms
[2m2025-12-10T10:09:39.718288Z[0m [34mDEBUG[0m [2methereum_transaction_pool_monitor::eth_client[0m[2m:[0m ✅ Transaction 0x2bf0d5c98df0fccbaa5a932caccee622d92f57e0818390098c294c73051e462e fetched and parsed in 76.956792ms
[2m2025-12-10T10:09:39.718312Z[0m [34mDEBUG[0m [2methereum_transaction_pool_monitor::mempool_monitor[0m[2m:[0m 🔍 Skipping tx 0x2bf0d5c98df0fccbaa5a932caccee622d92f57e0818390098c294c73051e462e - not a DEX interaction (target: 0xB8f28C60dD8240141185a192fa4156A23E189305)
[2m2025-12-10T10:09:39.718323Z[0m [34mDEBUG[0m [2methereum_transaction_pool_monitor::mempool_monitor[0m[2m:[0m 📨 Processing new pending transaction: 0x2ca131154cd395cbe69ffae4989d64c7b86b543e63a6769406ba39f78acbf0fc
[2m2025-12-10T10:09:39.718329Z[0m [34mDEBUG[0m [2methereum_transaction_pool_monitor::mempool_monitor[0m[2m:[0m 🔍 Fetching transaction details for: 0x2ca131154cd395cbe69ffae4989d64c7b86b543e63a6769406ba39f78acbf0fc
[2m2025-12-10T10:09:39.718334Z[0m [34mDEBUG[0m [2methereum_transaction_pool_monitor::eth_client[0m[2m:[0m 🔍 Fetching transaction details for hash: 0x2ca131154cd395cbe69ffae4989d64c7b86b543e63a6769406ba39f78acbf0fc
[2m2025-12-10T10:09:39.718352Z[0m [34mDEBUG[0m [2mhyper::client::pool[0m[2m:[0m reuse idle connection for ("http", 192.168.0.14:8545)
[2m2025-12-10T10:09:39.718384Z[0m [34mDEBUG[0m [2mhyper::proto::h1::io[0m[2m:[0m flushed 250 bytes
[2m2025-12-10T10:09:39.718418Z[0m [34mDEBUG[0m [2mhyper::client::pool[0m[2m:[0m reuse idle connection for ("http", 192.168.0.14:8545)
[2m2025-12-10T10:09:39.718434Z[0m [34mDEBUG[0m [2mhyper::proto::h1::io[0m[2m:[0m flushed 172 bytes
[2m2025-12-10T10:09:39.731052Z[0m [34mDEBUG[0m [2mhyper::proto::h1::io[0m[2m:[0m parsed 4 headers
[2m2025-12-10T10:09:39.731083Z[0m [34mDEBUG[0m [2mhyper::proto::h1::conn[0m[2m:[0m incoming body is content-length (45 bytes)
[2m2025-12-10T10:09:39.731099Z[0m [34mDEBUG[0m [2mhyper::proto::h1::conn[0m[2m:[0m incoming body completed
[2m2025-12-10T10:09:39.731126Z[0m [34mDEBUG[0m [2mhyper::client::pool[0m[2m:[0m pooling idle connection for ("http", 192.168.0.14:8545)
[2m2025-12-10T10:09:39.733758Z[0m [34mDEBUG[0m [2mhyper::proto::h1::io[0m[2m:[0m parsed 4 headers
[2m2025-12-10T10:09:39.733762Z[0m [34mDEBUG[0m [2mhyper::proto::h1::conn[0m[2m:[0m incoming body is content-length (647 bytes)
[2m2025-12-10T10:09:39.733767Z[0m [34mDEBUG[0m [2mhyper::proto::h1::conn[0m[2m:[0m incoming body completed
[2m2025-12-10T10:09:39.733774Z[0m [34mDEBUG[0m [2mhyper::client::pool[0m[2m:[0m pooling idle connection for ("http", 192.168.0.14:8545)
[2m2025-12-10T10:09:39.733780Z[0m [34mDEBUG[0m [2methereum_transaction_pool_monitor::eth_client[0m[2m:[0m 📡 Transaction fetch RPC completed in 15.442125ms
[2m2025-12-10T10:09:39.993632Z[0m [34mDEBUG[0m [2methereum_transaction_pool_monitor::eth_client[0m[2m:[0m ✅ Transaction 0x2ca131154cd395cbe69ffae4989d64c7b86b543e63a6769406ba39f78acbf0fc fetched and parsed in 275.289458ms
[2m2025-12-10T10:09:39.993827Z[0m [34mDEBUG[0m [2methereum_transaction_pool_monitor::mempool_monitor[0m[2m:[0m 🔍 Skipping tx 0x2ca131154cd395cbe69ffae4989d64c7b86b543e63a6769406ba39f78acbf0fc - not a DEX interaction (target: 0xE59c29944e0D73e161507bC89ad17172446aE964)
[2m2025-12-10T10:09:39.993837Z[0m [34mDEBUG[0m [2methereum_transaction_pool_monitor::mempool_monitor[0m[2m:[0m 📨 Processing new pending transaction: 0xb8f221c8cfd02d8f429b61b418f6c19c876e6851922b49e2ec48820cd0f1928b
[2m2025-12-10T10:09:39.993844Z[0m [34mDEBUG[0m [2methereum_transaction_pool_monitor::mempool_monitor[0m[2m:[0m 🔍 Fetching transaction details for: 0xb8f221c8cfd02d8f429b61b418f6c19c876e6851922b49e2ec48820cd0f1928b
[2m2025-12-10T10:09:39.993849Z[0m [34mDEBUG[0m [2methereum_transaction_pool_monitor::eth_client[0m[2m:[0m 🔍 Fetching transaction details for hash: 0xb8f221c8cfd02d8f429b61b418f6c19c876e6851922b49e2ec48820cd0f1928b
[2m2025-12-10T10:09:39.993872Z[0m [34mDEBUG[0m [2mhyper::client::pool[0m[2m:[0m reuse idle connection for ("http", 192.168.0.14:8545)
[2m2025-12-10T10:09:39.993926Z[0m [34mDEBUG[0m [2mhyper::proto::h1::io[0m[2m:[0m flushed 250 bytes
[2m2025-12-10T10:09:39.993945Z[0m [34mDEBUG[0m [2mhyper::client::pool[0m[2m:[0m reuse idle connection for ("http", 192.168.0.14:8545)
[2m2025-12-10T10:09:39.993957Z[0m [34mDEBUG[0m [2methereum_transaction_pool_monitor::eth_client[0m[2m:[0m 📨 Received WebSocket message: {"jsonrpc":"2.0","method":"eth_subscription","params":{"subscription":"0xbed0a0851463e895960a451075a301a9","result":"0x00ec500fad9e2e6c16d1978b9d17c719dd9019859e8f6a47c44f829d29938b5c"}}
[2m2025-12-10T10:09:39.993960Z[0m [34mDEBUG[0m [2mhyper::proto::h1::io[0m[2m:[0m flushed 172 bytes
[2m2025-12-10T10:09:39.993971Z[0m [34mDEBUG[0m [2methereum_transaction_pool_monitor::eth_client[0m[2m:[0m 📨 Received pending transaction: 0x00ec500fad9e2e6c16d1978b9d17c719dd9019859e8f6a47c44f829d29938b5c
[2m2025-12-10T10:09:40.000125Z[0m [34mDEBUG[0m [2mhyper::proto::h1::io[0m[2m:[0m parsed 4 headers
[2m2025-12-10T10:09:40.000150Z[0m [34mDEBUG[0m [2mhyper::proto::h1::conn[0m[2m:[0m incoming body is content-length (45 bytes)
[2m2025-12-10T10:09:40.000172Z[0m [34mDEBUG[0m [2mhyper::proto::h1::conn[0m[2m:[0m incoming body completed
[2m2025-12-10T10:09:40.000197Z[0m [34mDEBUG[0m [2mhyper::client::pool[0m[2m:[0m pooling idle connection for ("http", 192.168.0.14:8545)
[2m2025-12-10T10:09:40.000214Z[0m [34mDEBUG[0m [2mhyper::client::pool[0m[2m:[0m reuse idle connection for ("http", 192.168.0.14:8545)
[2m2025-12-10T10:09:40.000229Z[0m [34mDEBUG[0m [2mhyper::proto::h1::io[0m[2m:[0m parsed 4 headers
[2m2025-12-10T10:09:40.000230Z[0m [34mDEBUG[0m [2mhyper::proto::h1::io[0m[2m:[0m flushed 172 bytes
[2m2025-12-10T10:09:40.000237Z[0m [34mDEBUG[0m [2mhyper::proto::h1::conn[0m[2m:[0m incoming body is content-length (763 bytes)
[2m2025-12-10T10:09:40.000253Z[0m [34mDEBUG[0m [2mhyper::proto::h1::conn[0m[2m:[0m incoming body completed
[2m2025-12-10T10:09:40.000259Z[0m [34mDEBUG[0m [2mhyper::client::pool[0m[2m:[0m pooling idle connection for ("http", 192.168.0.14:8545)
[2m2025-12-10T10:09:40.000265Z[0m [34mDEBUG[0m [2methereum_transaction_pool_monitor::eth_client[0m[2m:[0m 📡 Transaction fetch RPC completed in 6.410667ms
[2m2025-12-10T10:09:40.000280Z[0m [34mDEBUG[0m [2methereum_transaction_pool_monitor::eth_client[0m[2m:[0m DeFi transaction detected - Address: 0x1f9840a85d5af5bf1d1762f925bdaddc4201f984, Type: TokenContract, Value: 0 ETH, Gas: 0.26 Gwei
[2m2025-12-10T10:09:40.000293Z[0m [34mDEBUG[0m [2methereum_transaction_pool_monitor::eth_client[0m[2m:[0m ✅ Transaction 0xb8f221c8cfd02d8f429b61b418f6c19c876e6851922b49e2ec48820cd0f1928b fetched and parsed in 6.438708ms
[2m2025-12-10T10:09:40.000299Z[0m [34mDEBUG[0m [2methereum_transaction_pool_monitor::mempool_monitor[0m[2m:[0m 🔍 Skipping tx 0xb8f221c8cfd02d8f429b61b418f6c19c876e6851922b49e2ec48820cd0f1928b - not a DEX interaction (target: 0x1f9840a85d5aF5bf1D1762F925BDADdC4201F984)
[2m2025-12-10T10:09:40.000305Z[0m [34mDEBUG[0m [2methereum_transaction_pool_monitor::mempool_monitor[0m[2m:[0m 📨 Processing new pending transaction: 0xb0f7b9cd60f5e7ec5652b349c7678256858370375acd10349c8870a3e6d354d1
[2m2025-12-10T10:09:40.000308Z[0m [34mDEBUG[0m [2methereum_transaction_pool_monitor::mempool_monitor[0m[2m:[0m 🔍 Fetching transaction details for: 0xb0f7b9cd60f5e7ec5652b349c7678256858370375acd10349c8870a3e6d354d1
[2m2025-12-10T10:09:40.000311Z[0m [34mDEBUG[0m [2methereum_transaction_pool_monitor::eth_client[0m[2m:[0m 🔍 Fetching transaction details for hash: 0xb0f7b9cd60f5e7ec5652b349c7678256858370375acd10349c8870a3e6d354d1
[2m2025-12-10T10:09:40.000319Z[0m [34mDEBUG[0m [2mhyper::client::pool[0m[2m:[0m reuse idle connection for ("http", 192.168.0.14:8545)
[2m2025-12-10T10:09:40.000331Z[0m [34mDEBUG[0m [2mhyper::proto::h1::io[0m[2m:[0m flushed 250 bytes
[2m2025-12-10T10:09:40.010459Z[0m [34mDEBUG[0m [2mhyper::proto::h1::io[0m[2m:[0m parsed 4 headers
[2m2025-12-10T10:09:40.010466Z[0m [34mDEBUG[0m [2mhyper::proto::h1::conn[0m[2m:[0m incoming body is content-length (45 bytes)
[2m2025-12-10T10:09:40.010486Z[0m [34mDEBUG[0m [2mhyper::proto::h1::conn[0m[2m:[0m incoming body completed
[2m2025-12-10T10:09:40.010493Z[0m [34mDEBUG[0m [2mhyper::client::pool[0m[2m:[0m pooling idle connection for ("http", 192.168.0.14:8545)
[2m2025-12-10T10:09:40.010505Z[0m [34mDEBUG[0m [2mhyper::client::pool[0m[2m:[0m reuse idle connection for ("http", 192.168.0.14:8545)
[2m2025-12-10T10:09:40.010520Z[0m [34mDEBUG[0m [2mhyper::proto::h1::io[0m[2m:[0m flushed 172 bytes
[2m2025-12-10T10:09:40.010523Z[0m [34mDEBUG[0m [2mhyper::proto::h1::io[0m[2m:[0m parsed 4 headers
[2m2025-12-10T10:09:40.010529Z[0m [34mDEBUG[0m [2mhyper::proto::h1::conn[0m[2m:[0m incoming body is content-length (839 bytes)
[2m2025-12-10T10:09:40.010533Z[0m [34mDEBUG[0m [2mhyper::proto::h1::conn[0m[2m:[0m incoming body completed
[2m2025-12-10T10:09:40.010538Z[0m [34mDEBUG[0m [2mhyper::client::pool[0m[2m:[0m pooling idle connection for ("http", 192.168.0.14:8545)
[2m2025-12-10T10:09:40.010543Z[0m [34mDEBUG[0m [2methereum_transaction_pool_monitor::eth_client[0m[2m:[0m 📡 Transaction fetch RPC completed in 10.228ms
[2m2025-12-10T10:09:40.020370Z[0m [34mDEBUG[0m [2methereum_transaction_pool_monitor::eth_client[0m[2m:[0m 📨 Received WebSocket message: {"jsonrpc":"2.0","method":"eth_subscription","params":{"subscription":"0xbed0a0851463e895960a451075a301a9","result":"0x5d7e4c3f03cd5eb6d28c9fa757329f6ddbaddcfcc9ff8c919e678a43c783127c"}}
[2m2025-12-10T10:09:40.020378Z[0m [34mDEBUG[0m [2methereum_transaction_pool_monitor::eth_client[0m[2m:[0m 📨 Received pending transaction: 0x5d7e4c3f03cd5eb6d28c9fa757329f6ddbaddcfcc9ff8c919e678a43c783127c
[2m2025-12-10T10:09:40.024373Z[0m [34mDEBUG[0m [2mhyper::proto::h1::io[0m[2m:[0m parsed 4 headers
[2m2025-12-10T10:09:40.024378Z[0m [34mDEBUG[0m [2mhyper::proto::h1::conn[0m[2m:[0m incoming body is content-length (45 bytes)
[2m2025-12-10T10:09:40.024383Z[0m [34mDEBUG[0m [2mhyper::proto::h1::conn[0m[2m:[0m incoming body completed
[2m2025-12-10T10:09:40.024389Z[0m [34mDEBUG[0m [2mhyper::client::pool[0m[2m:[0m pooling idle connection for ("http", 192.168.0.14:8545)
[2m2025-12-10T10:09:40.033818Z[0m [34mDEBUG[0m [2methereum_transaction_pool_monitor::eth_client[0m[2m:[0m 📨 Received WebSocket message: {"jsonrpc":"2.0","method":"eth_subscription","params":{"subscription":"0xbed0a0851463e895960a451075a301a9","result":"0xf1e823ca14640f1ea03b4d580ed6a17372ece64fbc0fe487a25c3ef519470bd4"}}
[2m2025-12-10T10:09:40.033825Z[0m [34mDEBUG[0m [2methereum_transaction_pool_monitor::eth_client[0m[2m:[0m 📨 Received pending transaction: 0xf1e823ca14640f1ea03b4d580ed6a17372ece64fbc0fe487a25c3ef519470bd4
[2m2025-12-10T10:09:40.039987Z[0m [34mDEBUG[0m [2methereum_transaction_pool_monitor::eth_client[0m[2m:[0m 📨 Received WebSocket message: {"jsonrpc":"2.0","method":"eth_subscription","params":{"subscription":"0xbed0a0851463e895960a451075a301a9","result":"0xb24160fb75dfd1e244f7dc7269bec9b7e8d736e0f8e2d851d5df143cda0baf91"}}
[2m2025-12-10T10:09:40.039995Z[0m [34mDEBUG[0m [2methereum_transaction_pool_monitor::eth_client[0m[2m:[0m 📨 Received pending transaction: 0xb24160fb75dfd1e244f7dc7269bec9b7e8d736e0f8e2d851d5df143cda0baf91
[2m2025-12-10T10:09:40.054883Z[0m [34mDEBUG[0m [2methereum_transaction_pool_monitor::eth_client[0m[2m:[0m 📨 Received WebSocket message: {"jsonrpc":"2.0","method":"eth_subscription","params":{"subscription":"0xbed0a0851463e895960a451075a301a9","result":"0xc69b1df036a2dbbdc6b3555e744b4f18aa7c31ca1badf17e885ed7f041e05d3a"}}
[2m2025-12-10T10:09:40.054901Z[0m [34mDEBUG[0m [2methereum_transaction_pool_monitor::eth_client[0m[2m:[0m 📨 Received pending transaction: 0xc69b1df036a2dbbdc6b3555e744b4f18aa7c31ca1badf17e885ed7f041e05d3a
[2m2025-12-10T10:09:40.055386Z[0m [34mDEBUG[0m [2methereum_transaction_pool_monitor::eth_client[0m[2m:[0m 📨 Received WebSocket message: {"jsonrpc":"2.0","method":"eth_subscription","params":{"subscription":"0xbed0a0851463e895960a451075a301a9","result":"0xc6a329d12efb9a0333174ed8b40f79709885e2655ed3c729a18d12da9a883bc2"}}
[2m2025-12-10T10:09:40.055393Z[0m [34mDEBUG[0m [2methereum_transaction_pool_monitor::eth_client[0m[2m:[0m 📨 Received pending transaction: 0xc6a329d12efb9a0333174ed8b40f79709885e2655ed3c729a18d12da9a883bc2
[2m2025-12-10T10:09:40.066004Z[0m [34mDEBUG[0m [2methereum_transaction_pool_monitor::eth_client[0m[2m:[0m 📨 Received WebSocket message: {"jsonrpc":"2.0","method":"eth_subscription","params":{"subscription":"0xbed0a0851463e895960a451075a301a9","result":"0xf952d1009f985e5d1753bc3643951e4563d8acbc1bda2ef5b11e2ddb39ce757d"}}
[2m2025-12-10T10:09:40.066016Z[0m [34mDEBUG[0m [2methereum_transaction_pool_monitor::eth_client[0m[2m:[0m 📨 Received pending transaction: 0xf952d1009f985e5d1753bc3643951e4563d8acbc1bda2ef5b11e2ddb39ce757d
[2m2025-12-10T10:09:40.072283Z[0m [34mDEBUG[0m [2methereum_transaction_pool_monitor::eth_client[0m[2m:[0m 📨 Received WebSocket message: {"jsonrpc":"2.0","method":"eth_subscription","params":{"subscription":"0xbed0a0851463e895960a451075a301a9","result":"0xc04a524e7ef7ad82df98c8d58fd301bd3ac176f6df06c94954f592f6a755b93c"}}
[2m2025-12-10T10:09:40.072291Z[0m [34mDEBUG[0m [2methereum_transaction_pool_monitor::eth_client[0m[2m:[0m 📨 Received pending transaction: 0xc04a524e7ef7ad82df98c8d58fd301bd3ac176f6df06c94954f592f6a755b93c
[2m2025-12-10T10:09:40.072296Z[0m [34mDEBUG[0m [2methereum_transaction_pool_monitor::eth_client[0m[2m:[0m 📨 Received WebSocket message: {"jsonrpc":"2.0","method":"eth_subscription","params":{"subscription":"0xbed0a0851463e895960a451075a301a9","result":"0x7f05af26d8740ed763acacb9f2eaba1725cedc29ca77097f0e42770d5fb35ec3"}}
[2m2025-12-10T10:09:40.072300Z[0m [34mDEBUG[0m [2methereum_transaction_pool_monitor::eth_client[0m[2m:[0m 📨 Received pending transaction: 0x7f05af26d8740ed763acacb9f2eaba1725cedc29ca77097f0e42770d5fb35ec3
[2m2025-12-10T10:09:40.087544Z[0m [34mDEBUG[0m [2methereum_transaction_pool_monitor::eth_client[0m[2m:[0m 📨 Received WebSocket message: {"jsonrpc":"2.0","method":"eth_subscription","params":{"subscription":"0xbed0a0851463e895960a451075a301a9","result":"0x4a0e4de53b93b5f3df6844cc6b7ef873a34e99d01a394a21a546fa954e05d5da"}}
[2m2025-12-10T10:09:40.087561Z[0m [34mDEBUG[0m [2methereum_transaction_pool_monitor::eth_client[0m[2m:[0m 📨 Received pending transaction: 0x4a0e4de53b93b5f3df6844cc6b7ef873a34e99d01a394a21a546fa954e05d5da
[2m2025-12-10T10:09:40.094543Z[0m [34mDEBUG[0m [2methereum_transaction_pool_monitor::eth_client[0m[2m:[0m 📨 Received WebSocket message: {"jsonrpc":"2.0","method":"eth_subscription","params":{"subscription":"0xbed0a0851463e895960a451075a301a9","result":"0x94bb18e55bb03f7055a830d3a30d1eb7f3b046ee8f2b420b4ff5515a30310101"}}
[2m2025-12-10T10:09:40.094555Z[0m [34mDEBUG[0m [2methereum_transaction_pool_monitor::eth_client[0m[2m:[0m 📨 Received pending transaction: 0x94bb18e55bb03f7055a830d3a30d1eb7f3b046ee8f2b420b4ff5515a30310101
[2m2025-12-10T10:09:40.096833Z[0m [34mDEBUG[0m [2mhyper::client::pool[0m[2m:[0m reuse idle connection for ("http", 192.168.0.14:8545)
[2m2025-12-10T10:09:40.096865Z[0m [34mDEBUG[0m [2mhyper::proto::h1::io[0m[2m:[0m flushed 172 bytes
[2m2025-12-10T10:09:40.100434Z[0m [34mDEBUG[0m [2methereum_transaction_pool_monitor::eth_client[0m[2m:[0m ✅ Transaction 0xb0f7b9cd60f5e7ec5652b349c7678256858370375acd10349c8870a3e6d354d1 fetched and parsed in 100.118458ms
[2m2025-12-10T10:09:40.103858Z[0m [34mDEBUG[0m [2methereum_transaction_pool_monitor::mempool_monitor[0m[2m:[0m 🔍 Skipping tx 0xb0f7b9cd60f5e7ec5652b349c7678256858370375acd10349c8870a3e6d354d1 - not a DEX interaction (target: 0xcf0C122c6b73ff809C693DB761e7BaeBe62b6a2E)
[2m2025-12-10T10:09:40.103873Z[0m [34mDEBUG[0m [2methereum_transaction_pool_monitor::mempool_monitor[0m[2m:[0m 📨 Processing new pending transaction: 0x479977a994ece22ba870388d1f8345eab167af899c85384dc1d3eaac78269d19
[2m2025-12-10T10:09:40.103880Z[0m [34mDEBUG[0m [2methereum_transaction_pool_monitor::mempool_monitor[0m[2m:[0m 🔍 Fetching transaction details for: 0x479977a994ece22ba870388d1f8345eab167af899c85384dc1d3eaac78269d19
[2m2025-12-10T10:09:40.103885Z[0m [34mDEBUG[0m [2methereum_transaction_pool_monitor::eth_client[0m[2m:[0m 🔍 Fetching transaction details for hash: 0x479977a994ece22ba870388d1f8345eab167af899c85384dc1d3eaac78269d19
[2m2025-12-10T10:09:40.103905Z[0m [34mDEBUG[0m [2mhyper::client::pool[0m[2m:[0m reuse idle connection for ("http", 192.168.0.14:8545)
[2m2025-12-10T10:09:40.103944Z[0m [34mDEBUG[0m [2mhyper::proto::h1::io[0m[2m:[0m flushed 250 bytes
[2m2025-12-10T10:09:40.107092Z[0m [34mDEBUG[0m [2mhyper::proto::h1::io[0m[2m:[0m parsed 4 headers
[2m2025-12-10T10:09:40.107113Z[0m [34mDEBUG[0m [2mhyper::proto::h1::conn[0m[2m:[0m incoming body is content-length (45 bytes)
[2m2025-12-10T10:09:40.107138Z[0m [34mDEBUG[0m [2mhyper::proto::h1::conn[0m[2m:[0m incoming body completed
[2m2025-12-10T10:09:40.107150Z[0m [34mDEBUG[0m [2mhyper::client::pool[0m[2m:[0m pooling idle connection for ("http", 192.168.0.14:8545)
[2m2025-12-10T10:09:40.111534Z[0m [34mDEBUG[0m [2mhyper::proto::h1::io[0m[2m:[0m parsed 4 headers
[2m2025-12-10T10:09:40.111560Z[0m [34mDEBUG[0m [2mhyper::proto::h1::conn[0m[2m:[0m incoming body is content-length (649 bytes)
[2m2025-12-10T10:09:40.111569Z[0m [34mDEBUG[0m [2mhyper::proto::h1::conn[0m[2m:[0m incoming body completed
[2m2025-12-10T10:09:40.111588Z[0m [34mDEBUG[0m [2mhyper::client::pool[0m[2m:[0m pooling idle connection for ("http", 192.168.0.14:8545)
[2m2025-12-10T10:09:40.111593Z[0m [34mDEBUG[0m [2methereum_transaction_pool_monitor::eth_client[0m[2m:[0m 📡 Transaction fetch RPC completed in 7.70225ms
[2m2025-12-10T10:09:40.182592Z[0m [34mDEBUG[0m [2methereum_transaction_pool_monitor::eth_client[0m[2m:[0m ✅ Transaction 0x479977a994ece22ba870388d1f8345eab167af899c85384dc1d3eaac78269d19 fetched and parsed in 78.699417ms
[2m2025-12-10T10:09:40.182620Z[0m [34mDEBUG[0m [2methereum_transaction_pool_monitor::mempool_monitor[0m[2m:[0m 🔍 Skipping tx 0x479977a994ece22ba870388d1f8345eab167af899c85384dc1d3eaac78269d19 - not a DEX interaction (target: 0xd9a90a876E172f0Fd03eC356e3Cc26e183c97a5F)
[2m2025-12-10T10:09:40.182631Z[0m [34mDEBUG[0m [2methereum_transaction_pool_monitor::mempool_monitor[0m[2m:[0m 📨 Processing new pending transaction: 0x6a45dec5788a7800a126b8890c5a9a2372376a8b277a04f0eb49a184d403fb9b
[2m2025-12-10T10:09:40.182637Z[0m [34mDEBUG[0m [2methereum_transaction_pool_monitor::mempool_monitor[0m[2m:[0m 🔍 Fetching transaction details for: 0x6a45dec5788a7800a126b8890c5a9a2372376a8b277a04f0eb49a184d403fb9b
[2m2025-12-10T10:09:40.182642Z[0m [34mDEBUG[0m [2methereum_transaction_pool_monitor::eth_client[0m[2m:[0m 🔍 Fetching transaction details for hash: 0x6a45dec5788a7800a126b8890c5a9a2372376a8b277a04f0eb49a184d403fb9b
[2m2025-12-10T10:09:40.182662Z[0m [34mDEBUG[0m [2mhyper::client::pool[0m[2m:[0m reuse idle connection for ("http", 192.168.0.14:8545)
[2m2025-12-10T10:09:40.182712Z[0m [34mDEBUG[0m [2mhyper::proto::h1::io[0m[2m:[0m flushed 250 bytes
[2m2025-12-10T10:09:40.182731Z[0m [34mDEBUG[0m [2methereum_transaction_pool_monitor::eth_client[0m[2m:[0m 📨 Received WebSocket message: {"jsonrpc":"2.0","method":"eth_subscription","params":{"subscription":"0xbed0a0851463e895960a451075a301a9","result":"0x36cb90efe78e6de6073e77e8b17ccd08ff335d8c9c0102a1af61fa7a1a57cf05"}}
[2m2025-12-10T10:09:40.182744Z[0m [34mDEBUG[0m [2methereum_transaction_pool_monitor::eth_client[0m[2m:[0m 📨 Received pending transaction: 0x36cb90efe78e6de6073e77e8b17ccd08ff335d8c9c0102a1af61fa7a1a57cf05
[2m2025-12-10T10:09:40.182752Z[0m [34mDEBUG[0m [2methereum_transaction_pool_monitor::eth_client[0m[2m:[0m 📨 Received WebSocket message: {"jsonrpc":"2.0","method":"eth_subscription","params":{"subscription":"0xbed0a0851463e895960a451075a301a9","result":"0x0aa83d006a3af501bbc6930a251ca4e44f7c23bf98b8b9234a574b7267444acf"}}
[2m2025-12-10T10:09:40.182761Z[0m [34mDEBUG[0m [2methereum_transaction_pool_monitor::eth_client[0m[2m:[0m 📨 Received pending transaction: 0x0aa83d006a3af501bbc6930a251ca4e44f7c23bf98b8b9234a574b7267444acf
[2m2025-12-10T10:09:40.182770Z[0m [34mDEBUG[0m [2methereum_transaction_pool_monitor::eth_client[0m[2m:[0m 📨 Received WebSocket message: {"jsonrpc":"2.0","method":"eth_subscription","params":{"subscription":"0xbed0a0851463e895960a451075a301a9","result":"0xba324e0af2dfb05c5cdb8abc5a378a2d946b47f60785886d786af63d4c6c770d"}}
[2m2025-12-10T10:09:40.182778Z[0m [34mDEBUG[0m [2methereum_transaction_pool_monitor::eth_client[0m[2m:[0m 📨 Received pending transaction: 0xba324e0af2dfb05c5cdb8abc5a378a2d946b47f60785886d786af63d4c6c770d
[2m2025-12-10T10:09:40.182784Z[0m [34mDEBUG[0m [2methereum_transaction_pool_monitor::eth_client[0m[2m:[0m 📨 Received WebSocket message: {"jsonrpc":"2.0","method":"eth_subscription","params":{"subscription":"0xbed0a0851463e895960a451075a301a9","result":"0xa6dac67e61277fb99d2713fe5d2f4f414690fe03ae35de6de90b69003e1f1baf"}}
[2m2025-12-10T10:09:40.182793Z[0m [34mDEBUG[0m [2methereum_transaction_pool_monitor::eth_client[0m[2m:[0m 📨 Received pending transaction: 0xa6dac67e61277fb99d2713fe5d2f4f414690fe03ae35de6de90b69003e1f1baf
[2m2025-12-10T10:09:40.182800Z[0m [34mDEBUG[0m [2methereum_transaction_pool_monitor::eth_client[0m[2m:[0m 📨 Received WebSocket message: {"jsonrpc":"2.0","method":"eth_subscription","params":{"subscription":"0xbed0a0851463e895960a451075a301a9","result":"0x38109e870173885a30e695e482356b3e331dd6cd59a26aa39ac10d9e7d051640"}}
[2m2025-12-10T10:09:40.182807Z[0m [34mDEBUG[0m [2methereum_transaction_pool_monitor::eth_client[0m[2m:[0m 📨 Received pending transaction: 0x38109e870173885a30e695e482356b3e331dd6cd59a26aa39ac10d9e7d051640
[2m2025-12-10T10:09:40.188334Z[0m [34mDEBUG[0m [2mhyper::proto::h1::io[0m[2m:[0m parsed 4 headers
[2m2025-12-10T10:09:40.188356Z[0m [34mDEBUG[0m [2mhyper::proto::h1::conn[0m[2m:[0m incoming body is content-length (764 bytes)
[2m2025-12-10T10:09:40.188382Z[0m [34mDEBUG[0m [2mhyper::proto::h1::conn[0m[2m:[0m incoming body completed
[2m2025-12-10T10:09:40.188394Z[0m [34mDEBUG[0m [2mhyper::client::pool[0m[2m:[0m pooling idle connection for ("http", 192.168.0.14:8545)
[2m2025-12-10T10:09:40.188412Z[0m [34mDEBUG[0m [2methereum_transaction_pool_monitor::eth_client[0m[2m:[0m 📡 Transaction fetch RPC completed in 5.764584ms
[2m2025-12-10T10:09:40.188426Z[0m [34mDEBUG[0m [2methereum_transaction_pool_monitor::eth_client[0m[2m:[0m DeFi transaction detected - Address: 0xdac17f958d2ee523a2206206994597c13d831ec7, Type: Stablecoin, Value: 0 ETH, Gas: 0.30 Gwei
[2m2025-12-10T10:09:40.188438Z[0m [34mDEBUG[0m [2methereum_transaction_pool_monitor::eth_client[0m[2m:[0m ✅ Transaction 0x6a45dec5788a7800a126b8890c5a9a2372376a8b277a04f0eb49a184d403fb9b fetched and parsed in 5.790375ms
[2m2025-12-10T10:09:40.188442Z[0m [34mDEBUG[0m [2methereum_transaction_pool_monitor::mempool_monitor[0m[2m:[0m 🔍 Skipping tx 0x6a45dec5788a7800a126b8890c5a9a2372376a8b277a04f0eb49a184d403fb9b - not a DEX interaction (target: 0xdAC17F958D2ee523a2206206994597C13D831ec7)
[2m2025-12-10T10:09:40.188449Z[0m [34mDEBUG[0m [2methereum_transaction_pool_monitor::mempool_monitor[0m[2m:[0m 📨 Processing new pending transaction: 0x7d23f4b6f550920e5972e8bd521257a46353ed22d06bd5bb5a97df266b5339db
[2m2025-12-10T10:09:40.188453Z[0m [34mDEBUG[0m [2methereum_transaction_pool_monitor::mempool_monitor[0m[2m:[0m 🔍 Fetching transaction details for: 0x7d23f4b6f550920e5972e8bd521257a46353ed22d06bd5bb5a97df266b5339db
[2m2025-12-10T10:09:40.188456Z[0m [34mDEBUG[0m [2methereum_transaction_pool_monitor::eth_client[0m[2m:[0m 🔍 Fetching transaction details for hash: 0x7d23f4b6f550920e5972e8bd521257a46353ed22d06bd5bb5a97df266b5339db
[2m2025-12-10T10:09:40.188469Z[0m [34mDEBUG[0m [2mhyper::client::pool[0m[2m:[0m reuse idle connection for ("http", 192.168.0.14:8545)
[2m2025-12-10T10:09:40.188484Z[0m [34mDEBUG[0m [2mhyper::proto::h1::io[0m[2m:[0m flushed 250 bytes
[2m2025-12-10T10:09:40.193238Z[0m [34mDEBUG[0m [2methereum_transaction_pool_monitor::eth_client[0m[2m:[0m 📨 Received WebSocket message: {"jsonrpc":"2.0","method":"eth_subscription","params":{"subscription":"0xbed0a0851463e895960a451075a301a9","result":"0xbf77edc9a1aca7b5d8cfc0d9680bc9aa4fa86dfb24b4e59d6af078c02ad8335b"}}
[2m2025-12-10T10:09:40.193265Z[0m [34mDEBUG[0m [2methereum_transaction_pool_monitor::eth_client[0m[2m:[0m 📨 Received pending transaction: 0xbf77edc9a1aca7b5d8cfc0d9680bc9aa4fa86dfb24b4e59d6af078c02ad8335b
[2m2025-12-10T10:09:40.196298Z[0m [34mDEBUG[0m [2mhyper::client::pool[0m[2m:[0m reuse idle connection for ("http", 192.168.0.14:8545)
[2m2025-12-10T10:09:40.196314Z[0m [34mDEBUG[0m [2mhyper::proto::h1::io[0m[2m:[0m flushed 172 bytes
[2m2025-12-10T10:09:40.197476Z[0m [34mDEBUG[0m [2methereum_transaction_pool_monitor::eth_client[0m[2m:[0m 📨 Received WebSocket message: {"jsonrpc":"2.0","method":"eth_subscription","params":{"subscription":"0xbed0a0851463e895960a451075a301a9","result":"0x226c5bb76e3723fa96714cba18d0c48dd0bcf74af782973e3b24360825f5c2ba"}}
[2m2025-12-10T10:09:40.197501Z[0m [34mDEBUG[0m [2methereum_transaction_pool_monitor::eth_client[0m[2m:[0m 📨 Received pending transaction: 0x226c5bb76e3723fa96714cba18d0c48dd0bcf74af782973e3b24360825f5c2ba
[2m2025-12-10T10:09:40.197520Z[0m [34mDEBUG[0m [2mhyper::proto::h1::io[0m[2m:[0m parsed 4 headers
[2m2025-12-10T10:09:40.197525Z[0m [34mDEBUG[0m [2mhyper::proto::h1::conn[0m[2m:[0m incoming body is content-length (647 bytes)
[2m2025-12-10T10:09:40.197546Z[0m [34mDEBUG[0m [2mhyper::proto::h1::conn[0m[2m:[0m incoming body completed
[2m2025-12-10T10:09:40.197553Z[0m [34mDEBUG[0m [2mhyper::client::pool[0m[2m:[0m pooling idle connection for ("http", 192.168.0.14:8545)
[2m2025-12-10T10:09:40.197558Z[0m [34mDEBUG[0m [2methereum_transaction_pool_monitor::eth_client[0m[2m:[0m 📡 Transaction fetch RPC completed in 9.095625ms
[2m2025-12-10T10:09:40.266284Z[0m [34mDEBUG[0m [2methereum_transaction_pool_monitor::eth_client[0m[2m:[0m ✅ Transaction 0x7d23f4b6f550920e5972e8bd521257a46353ed22d06bd5bb5a97df266b5339db fetched and parsed in 77.81975ms
[2m2025-12-10T10:09:40.266311Z[0m [34mDEBUG[0m [2methereum_transaction_pool_monitor::mempool_monitor[0m[2m:[0m 🔍 Skipping tx 0x7d23f4b6f550920e5972e8bd521257a46353ed22d06bd5bb5a97df266b5339db - not a DEX interaction (target: 0xF8E362C2936A258acf60fc76565c625d34D2d443)
[2m2025-12-10T10:09:40.266319Z[0m [34mDEBUG[0m [2methereum_transaction_pool_monitor::mempool_monitor[0m[2m:[0m 📨 Processing new pending transaction: 0x9b52c8d2bbcce0b6f2684b89dffd267262e109ea10f2bc5f0651843f1f55ef52
[2m2025-12-10T10:09:40.266323Z[0m [34mDEBUG[0m [2methereum_transaction_pool_monitor::mempool_monitor[0m[2m:[0m 🔍 Fetching transaction details for: 0x9b52c8d2bbcce0b6f2684b89dffd267262e109ea10f2bc5f0651843f1f55ef52
[2m2025-12-10T10:09:40.266327Z[0m [34mDEBUG[0m [2methereum_transaction_pool_monitor::eth_client[0m[2m:[0m 🔍 Fetching transaction details for hash: 0x9b52c8d2bbcce0b6f2684b89dffd267262e109ea10f2bc5f0651843f1f55ef52
[2m2025-12-10T10:09:40.266344Z[0m [34mDEBUG[0m [2mhyper::client::pool[0m[2m:[0m reuse idle connection for ("http", 192.168.0.14:8545)
[2m2025-12-10T10:09:40.266387Z[0m [34mDEBUG[0m [2mhyper::proto::h1::io[0m[2m:[0m flushed 250 bytes
[2m2025-12-10T10:09:40.266408Z[0m [34mDEBUG[0m [2methereum_transaction_pool_monitor::eth_client[0m[2m:[0m 📨 Received WebSocket message: {"jsonrpc":"2.0","method":"eth_subscription","params":{"subscription":"0xbed0a0851463e895960a451075a301a9","result":"0x3bfc72f10f11bd55031598511e3d916d0204f4ff293cff834b7e0c3a482ad96f"}}
[2m2025-12-10T10:09:40.266416Z[0m [34mDEBUG[0m [2methereum_transaction_pool_monitor::eth_client[0m[2m:[0m 📨 Received pending transaction: 0x3bfc72f10f11bd55031598511e3d916d0204f4ff293cff834b7e0c3a482ad96f
[2m2025-12-10T10:09:40.266421Z[0m [34mDEBUG[0m [2methereum_transaction_pool_monitor::eth_client[0m[2m:[0m 📨 Received WebSocket message: {"jsonrpc":"2.0","method":"eth_subscription","params":{"subscription":"0xbed0a0851463e895960a451075a301a9","result":"0xb924027b5b799dfa576109f30fd29ce6aef7944445e8a04d2bd2549d11e00e28"}}
[2m2025-12-10T10:09:40.266423Z[0m [34mDEBUG[0m [2mhyper::proto::h1::io[0m[2m:[0m parsed 4 headers
[2m2025-12-10T10:09:40.266426Z[0m [34mDEBUG[0m [2methereum_transaction_pool_monitor::eth_client[0m[2m:[0m 📨 Received pending transaction: 0xb924027b5b799dfa576109f30fd29ce6aef7944445e8a04d2bd2549d11e00e28
[2m2025-12-10T10:09:40.266431Z[0m [34mDEBUG[0m [2mhyper::proto::h1::conn[0m[2m:[0m incoming body is content-length (45 bytes)
[2m2025-12-10T10:09:40.266439Z[0m [34mDEBUG[0m [2mhyper::proto::h1::conn[0m[2m:[0m incoming body completed
[2m2025-12-10T10:09:40.266445Z[0m [34mDEBUG[0m [2mhyper::client::pool[0m[2m:[0m pooling idle connection for ("http", 192.168.0.14:8545)
[2m2025-12-10T10:09:40.278436Z[0m [34mDEBUG[0m [2mhyper::proto::h1::io[0m[2m:[0m parsed 4 headers
[2m2025-12-10T10:09:40.278457Z[0m [34mDEBUG[0m [2mhyper::proto::h1::conn[0m[2m:[0m incoming body is content-length (3455 bytes)
[2m2025-12-10T10:09:40.278492Z[0m [34mDEBUG[0m [2methereum_transaction_pool_monitor::eth_client[0m[2m:[0m 📡 Transaction fetch RPC completed in 12.160417ms
[2m2025-12-10T10:09:40.280575Z[0m [34mDEBUG[0m [2mhyper::proto::h1::conn[0m[2m:[0m incoming body completed
[2m2025-12-10T10:09:40.280603Z[0m [34mDEBUG[0m [2mhyper::client::pool[0m[2m:[0m pooling idle connection for ("http", 192.168.0.14:8545)
[2m2025-12-10T10:09:40.284065Z[0m [34mDEBUG[0m [2methereum_transaction_pool_monitor::eth_client[0m[2m:[0m 📨 Received WebSocket message: {"jsonrpc":"2.0","method":"eth_subscription","params":{"subscription":"0xbed0a0851463e895960a451075a301a9","result":"0x882a38863498af335e5b60b363ad3594b0950217253adab1987c46c6ab797b03"}}
[2m2025-12-10T10:09:40.284072Z[0m [34mDEBUG[0m [2methereum_transaction_pool_monitor::eth_client[0m[2m:[0m 📨 Received pending transaction: 0x882a38863498af335e5b60b363ad3594b0950217253adab1987c46c6ab797b03
[2m2025-12-10T10:09:40.289495Z[0m [34mDEBUG[0m [2methereum_transaction_pool_monitor::eth_client[0m[2m:[0m 📨 Received WebSocket message: {"jsonrpc":"2.0","method":"eth_subscription","params":{"subscription":"0xbed0a0851463e895960a451075a301a9","result":"0xe9e5db15511f1fc4834fcecee2bc1295fb755a039d1af8fb4b0b224247410a07"}}
[2m2025-12-10T10:09:40.289506Z[0m [34mDEBUG[0m [2methereum_transaction_pool_monitor::eth_client[0m[2m:[0m 📨 Received pending transaction: 0xe9e5db15511f1fc4834fcecee2bc1295fb755a039d1af8fb4b0b224247410a07
[2m2025-12-10T10:09:40.293948Z[0m [34mDEBUG[0m [2methereum_transaction_pool_monitor::eth_client[0m[2m:[0m 📨 Received WebSocket message: {"jsonrpc":"2.0","method":"eth_subscription","params":{"subscription":"0xbed0a0851463e895960a451075a301a9","result":"0x3199bbb9a208815d3a2d8d779f2d508c8e51ecacff42941b7a9eacddf5adf5f2"}}
[2m2025-12-10T10:09:40.293957Z[0m [34mDEBUG[0m [2methereum_transaction_pool_monitor::eth_client[0m[2m:[0m 📨 Received pending transaction: 0x3199bbb9a208815d3a2d8d779f2d508c8e51ecacff42941b7a9eacddf5adf5f2
[2m2025-12-10T10:09:40.296229Z[0m [34mDEBUG[0m [2mhyper::client::pool[0m[2m:[0m reuse idle connection for ("http", 192.168.0.14:8545)
[2m2025-12-10T10:09:40.296253Z[0m [34mDEBUG[0m [2mhyper::proto::h1::io[0m[2m:[0m flushed 172 bytes
[2m2025-12-10T10:09:40.300754Z[0m [34mDEBUG[0m [2mhyper::proto::h1::io[0m[2m:[0m parsed 4 headers
[2m2025-12-10T10:09:40.300759Z[0m [34mDEBUG[0m [2mhyper::proto::h1::conn[0m[2m:[0m incoming body is content-length (45 bytes)
[2m2025-12-10T10:09:40.300765Z[0m [34mDEBUG[0m [2mhyper::proto::h1::conn[0m[2m:[0m incoming body completed
[2m2025-12-10T10:09:40.300772Z[0m [34mDEBUG[0m [2mhyper::client::pool[0m[2m:[0m pooling idle connection for ("http", 192.168.0.14:8545)
[2m2025-12-10T10:09:40.339729Z[0m [34mDEBUG[0m [2methereum_transaction_pool_monitor::eth_client[0m[2m:[0m 📨 Received WebSocket message: {"jsonrpc":"2.0","method":"eth_subscription","params":{"subscription":"0xbed0a0851463e895960a451075a301a9","result":"0x1b8969d680e1e6377293a89eb73fb025a47b1371508250d8ab40c22f978b4b22"}}
[2m2025-12-10T10:09:40.339754Z[0m [34mDEBUG[0m [2methereum_transaction_pool_monitor::eth_client[0m[2m:[0m 📨 Received pending transaction: 0x1b8969d680e1e6377293a89eb73fb025a47b1371508250d8ab40c22f978b4b22
[2m2025-12-10T10:09:40.352590Z[0m [34mDEBUG[0m [2methereum_transaction_pool_monitor::eth_client[0m[2m:[0m ✅ Transaction 0x9b52c8d2bbcce0b6f2684b89dffd267262e109ea10f2bc5f0651843f1f55ef52 fetched and parsed in 86.256709ms
[2m2025-12-10T10:09:40.352608Z[0m [34mDEBUG[0m [2methereum_transaction_pool_monitor::mempool_monitor[0m[2m:[0m 🔍 Skipping tx 0x9b52c8d2bbcce0b6f2684b89dffd267262e109ea10f2bc5f0651843f1f55ef52 - not a DEX interaction (target: 0x618892aE551eB5bB2DE8911057b3714274b5FFe1)
[2m2025-12-10T10:09:40.352618Z[0m [34mDEBUG[0m [2methereum_transaction_pool_monitor::mempool_monitor[0m[2m:[0m 📨 Processing new pending transaction: 0xc33f71ae88330626daff8464582a3eeeeb23b057d82de4deb063e8ada3b2f355
[2m2025-12-10T10:09:40.352624Z[0m [34mDEBUG[0m [2methereum_transaction_pool_monitor::mempool_monitor[0m[2m:[0m 🔍 Fetching transaction details for: 0xc33f71ae88330626daff8464582a3eeeeb23b057d82de4deb063e8ada3b2f355
[2m2025-12-10T10:09:40.352630Z[0m [34mDEBUG[0m [2methereum_transaction_pool_monitor::eth_client[0m[2m:[0m 🔍 Fetching transaction details for hash: 0xc33f71ae88330626daff8464582a3eeeeb23b057d82de4deb063e8ada3b2f355
[2m2025-12-10T10:09:40.352649Z[0m [34mDEBUG[0m [2mhyper::client::pool[0m[2m:[0m reuse idle connection for ("http", 192.168.0.14:8545)
[2m2025-12-10T10:09:40.352685Z[0m [34mDEBUG[0m [2mhyper::proto::h1::io[0m[2m:[0m flushed 250 bytes
[2m2025-12-10T10:09:40.356845Z[0m [34mDEBUG[0m [2mhyper::proto::h1::io[0m[2m:[0m parsed 4 headers
[2m2025-12-10T10:09:40.356851Z[0m [34mDEBUG[0m [2mhyper::proto::h1::conn[0m[2m:[0m incoming body is content-length (647 bytes)
[2m2025-12-10T10:09:40.356868Z[0m [34mDEBUG[0m [2mhyper::proto::h1::conn[0m[2m:[0m incoming body completed
[2m2025-12-10T10:09:40.356883Z[0m [34mDEBUG[0m [2mhyper::client::pool[0m[2m:[0m pooling idle connection for ("http", 192.168.0.14:8545)
[2m2025-12-10T10:09:40.356892Z[0m [34mDEBUG[0m [2methereum_transaction_pool_monitor::eth_client[0m[2m:[0m 📡 Transaction fetch RPC completed in 4.257375ms
[2m2025-12-10T10:09:40.429003Z[0m [34mDEBUG[0m [2methereum_transaction_pool_monitor::eth_client[0m[2m:[0m ✅ Transaction 0xc33f71ae88330626daff8464582a3eeeeb23b057d82de4deb063e8ada3b2f355 fetched and parsed in 76.365917ms
[2m2025-12-10T10:09:40.429028Z[0m [34mDEBUG[0m [2methereum_transaction_pool_monitor::mempool_monitor[0m[2m:[0m 🔍 Skipping tx 0xc33f71ae88330626daff8464582a3eeeeb23b057d82de4deb063e8ada3b2f355 - not a DEX interaction (target: 0x87b3C658E52D112FCB45Db75600DE8300eD6953E)
[2m2025-12-10T10:09:40.429039Z[0m [34mDEBUG[0m [2methereum_transaction_pool_monitor::mempool_monitor[0m[2m:[0m 📨 Processing new pending transaction: 0x8e2e748052c28219d6406e44f487153dc75a12f9806ce7de4c4df5d732ef629f
[2m2025-12-10T10:09:40.429044Z[0m [34mDEBUG[0m [2methereum_transaction_pool_monitor::mempool_monitor[0m[2m:[0m 🔍 Fetching transaction details for: 0x8e2e748052c28219d6406e44f487153dc75a12f9806ce7de4c4df5d732ef629f
[2m2025-12-10T10:09:40.429049Z[0m [34mDEBUG[0m [2methereum_transaction_pool_monitor::eth_client[0m[2m:[0m 🔍 Fetching transaction details for hash: 0x8e2e748052c28219d6406e44f487153dc75a12f9806ce7de4c4df5d732ef629f
[2m2025-12-10T10:09:40.429070Z[0m [34mDEBUG[0m [2mhyper::client::pool[0m[2m:[0m reuse idle connection for ("http", 192.168.0.14:8545)
[2m2025-12-10T10:09:40.429112Z[0m [34mDEBUG[0m [2mhyper::proto::h1::io[0m[2m:[0m flushed 250 bytes
[2m2025-12-10T10:09:40.429141Z[0m [34mDEBUG[0m [2mhyper::client::pool[0m[2m:[0m reuse idle connection for ("http", 192.168.0.14:8545)
[2m2025-12-10T10:09:40.429158Z[0m [34mDEBUG[0m [2mhyper::proto::h1::io[0m[2m:[0m flushed 172 bytes
[2m2025-12-10T10:09:40.436170Z[0m [34mDEBUG[0m [2mhyper::proto::h1::io[0m[2m:[0m parsed 4 headers
[2m2025-12-10T10:09:40.436176Z[0m [34mDEBUG[0m [2mhyper::proto::h1::conn[0m[2m:[0m incoming body is content-length (45 bytes)
[2m2025-12-10T10:09:40.436183Z[0m [34mDEBUG[0m [2mhyper::proto::h1::conn[0m[2m:[0m incoming body completed
[2m2025-12-10T10:09:40.436191Z[0m [34mDEBUG[0m [2mhyper::client::pool[0m[2m:[0m pooling idle connection for ("http", 192.168.0.14:8545)
[2m2025-12-10T10:09:40.438527Z[0m [34mDEBUG[0m [2mhyper::proto::h1::io[0m[2m:[0m parsed 4 headers
[2m2025-12-10T10:09:40.438535Z[0m [34mDEBUG[0m [2mhyper::proto::h1::conn[0m[2m:[0m incoming body is content-length (2811 bytes)
[2m2025-12-10T10:09:40.438540Z[0m [34mDEBUG[0m [2mhyper::proto::h1::conn[0m[2m:[0m incoming body completed
[2m2025-12-10T10:09:40.438548Z[0m [34mDEBUG[0m [2mhyper::client::pool[0m[2m:[0m pooling idle connection for ("http", 192.168.0.14:8545)
[2m2025-12-10T10:09:40.438553Z[0m [34mDEBUG[0m [2methereum_transaction_pool_monitor::eth_client[0m[2m:[0m 📡 Transaction fetch RPC completed in 9.499ms
[2m2025-12-10T10:09:40.510678Z[0m [34mDEBUG[0m [2methereum_transaction_pool_monitor::eth_client[0m[2m:[0m ✅ Transaction 0x8e2e748052c28219d6406e44f487153dc75a12f9806ce7de4c4df5d732ef629f fetched and parsed in 81.621083ms
[2m2025-12-10T10:09:40.510703Z[0m [34mDEBUG[0m [2methereum_transaction_pool_monitor::mempool_monitor[0m[2m:[0m 🔍 Skipping tx 0x8e2e748052c28219d6406e44f487153dc75a12f9806ce7de4c4df5d732ef629f - not a DEX interaction (target: 0x3335733c454805df6a77f825f266e136FB4a3333)
[2m2025-12-10T10:09:40.510712Z[0m [34mDEBUG[0m [2methereum_transaction_pool_monitor::mempool_monitor[0m[2m:[0m 📨 Processing new pending transaction: 0xd9e39d5deea0e22892d49eedeae418024777732560fda3bc13ec55d15225bb96
[2m2025-12-10T10:09:40.510718Z[0m [34mDEBUG[0m [2methereum_transaction_pool_monitor::mempool_monitor[0m[2m:[0m 🔍 Fetching transaction details for: 0xd9e39d5deea0e22892d49eedeae418024777732560fda3bc13ec55d15225bb96
[2m2025-12-10T10:09:40.510723Z[0m [34mDEBUG[0m [2methereum_transaction_pool_monitor::eth_client[0m[2m:[0m 🔍 Fetching transaction details for hash: 0xd9e39d5deea0e22892d49eedeae418024777732560fda3bc13ec55d15225bb96
[2m2025-12-10T10:09:40.510742Z[0m [34mDEBUG[0m [2mhyper::client::pool[0m[2m:[0m reuse idle connection for ("http", 192.168.0.14:8545)
[2m2025-12-10T10:09:40.510787Z[0m [34mDEBUG[0m [2mhyper::proto::h1::io[0m[2m:[0m flushed 250 bytes
[2m2025-12-10T10:09:40.510806Z[0m [34mDEBUG[0m [2mhyper::client::pool[0m[2m:[0m reuse idle connection for ("http", 192.168.0.14:8545)
[2m2025-12-10T10:09:40.510818Z[0m [34mDEBUG[0m [2methereum_transaction_pool_monitor::eth_client[0m[2m:[0m 📨 Received WebSocket message: {"jsonrpc":"2.0","method":"eth_subscription","params":{"subscription":"0xbed0a0851463e895960a451075a301a9","result":"0xe5501b07e9e302854608a5aac64ebe942756464041e4dd5682806700f9234cad"}}
[2m2025-12-10T10:09:40.510820Z[0m [34mDEBUG[0m [2mhyper::proto::h1::io[0m[2m:[0m flushed 172 bytes
[2m2025-12-10T10:09:40.510830Z[0m [34mDEBUG[0m [2methereum_transaction_pool_monitor::eth_client[0m[2m:[0m 📨 Received pending transaction: 0xe5501b07e9e302854608a5aac64ebe942756464041e4dd5682806700f9234cad
[2m2025-12-10T10:09:40.516177Z[0m [34mDEBUG[0m [2mhyper::proto::h1::io[0m[2m:[0m parsed 4 headers
[2m2025-12-10T10:09:40.516183Z[0m [34mDEBUG[0m [2mhyper::proto::h1::conn[0m[2m:[0m incoming body is content-length (45 bytes)
[2m2025-12-10T10:09:40.516190Z[0m [34mDEBUG[0m [2mhyper::proto::h1::conn[0m[2m:[0m incoming body completed
[2m2025-12-10T10:09:40.516198Z[0m [34mDEBUG[0m [2mhyper::client::pool[0m[2m:[0m pooling idle connection for ("http", 192.168.0.14:8545)
[2m2025-12-10T10:09:40.516216Z[0m [34mDEBUG[0m [2mhyper::proto::h1::io[0m[2m:[0m parsed 4 headers
[2m2025-12-10T10:09:40.516220Z[0m [34mDEBUG[0m [2mhyper::proto::h1::conn[0m[2m:[0m incoming body is content-length (769 bytes)
[2m2025-12-10T10:09:40.516227Z[0m [34mDEBUG[0m [2mhyper::proto::h1::conn[0m[2m:[0m incoming body completed
[2m2025-12-10T10:09:40.516232Z[0m [34mDEBUG[0m [2mhyper::client::pool[0m[2m:[0m pooling idle connection for ("http", 192.168.0.14:8545)
[2m2025-12-10T10:09:40.516236Z[0m [34mDEBUG[0m [2methereum_transaction_pool_monitor::eth_client[0m[2m:[0m 📡 Transaction fetch RPC completed in 5.50725ms
[2m2025-12-10T10:09:40.587641Z[0m [34mDEBUG[0m [2methereum_transaction_pool_monitor::eth_client[0m[2m:[0m ✅ Transaction 0xd9e39d5deea0e22892d49eedeae418024777732560fda3bc13ec55d15225bb96 fetched and parsed in 76.910084ms
[2m2025-12-10T10:09:40.587667Z[0m [34mDEBUG[0m [2methereum_transaction_pool_monitor::mempool_monitor[0m[2m:[0m 🔍 Skipping tx 0xd9e39d5deea0e22892d49eedeae418024777732560fda3bc13ec55d15225bb96 - not a DEX interaction (target: 0xA0b86991c6218b36c1d19D4a2e9Eb0cE3606eB48)
[2m2025-12-10T10:09:40.587678Z[0m [34mDEBUG[0m [2methereum_transaction_pool_monitor::mempool_monitor[0m[2m:[0m 📨 Processing new pending transaction: 0xdb12556b7999f49ed33883a19698c8498481da8bee7d91858d8f52df3b1fab10
[2m2025-12-10T10:09:40.587684Z[0m [34mDEBUG[0m [2methereum_transaction_pool_monitor::mempool_monitor[0m[2m:[0m 🔍 Fetching transaction details for: 0xdb12556b7999f49ed33883a19698c8498481da8bee7d91858d8f52df3b1fab10
[2m2025-12-10T10:09:40.587689Z[0m [34mDEBUG[0m [2methereum_transaction_pool_monitor::eth_client[0m[2m:[0m 🔍 Fetching transaction details for hash: 0xdb12556b7999f49ed33883a19698c8498481da8bee7d91858d8f52df3b1fab10
[2m2025-12-10T10:09:40.587709Z[0m [34mDEBUG[0m [2mhyper::client::pool[0m[2m:[0m reuse idle connection for ("http", 192.168.0.14:8545)
[2m2025-12-10T10:09:40.587744Z[0m [34mDEBUG[0m [2mhyper::proto::h1::io[0m[2m:[0m flushed 250 bytes
[2m2025-12-10T10:09:40.596814Z[0m [34mDEBUG[0m [2mhyper::client::pool[0m[2m:[0m reuse idle connection for ("http", 192.168.0.14:8545)
[2m2025-12-10T10:09:40.600371Z[0m [34mDEBUG[0m [2mhyper::proto::h1::io[0m[2m:[0m flushed 172 bytes
[2m2025-12-10T10:09:40.600386Z[0m [34mDEBUG[0m [2mhyper::proto::h1::io[0m[2m:[0m parsed 4 headers
[2m2025-12-10T10:09:40.600392Z[0m [34mDEBUG[0m [2mhyper::proto::h1::conn[0m[2m:[0m incoming body is content-length (650 bytes)
[2m2025-12-10T10:09:40.600401Z[0m [34mDEBUG[0m [2mhyper::proto::h1::conn[0m[2m:[0m incoming body completed
[2m2025-12-10T10:09:40.600411Z[0m [34mDEBUG[0m [2mhyper::client::pool[0m[2m:[0m pooling idle connection for ("http", 192.168.0.14:8545)
[2m2025-12-10T10:09:40.600425Z[0m [34mDEBUG[0m [2methereum_transaction_pool_monitor::eth_client[0m[2m:[0m 📡 Transaction fetch RPC completed in 12.730541ms
[2m2025-12-10T10:09:40.672101Z[0m [34mDEBUG[0m [2methereum_transaction_pool_monitor::eth_client[0m[2m:[0m ✅ Transaction 0xdb12556b7999f49ed33883a19698c8498481da8bee7d91858d8f52df3b1fab10 fetched and parsed in 84.405125ms
[2m2025-12-10T10:09:40.672125Z[0m [34mDEBUG[0m [2methereum_transaction_pool_monitor::mempool_monitor[0m[2m:[0m 🔍 Skipping tx 0xdb12556b7999f49ed33883a19698c8498481da8bee7d91858d8f52df3b1fab10 - not a DEX interaction (target: 0x698903f56e77658c5a32fe74988F60b3fc3C8Ede)
[2m2025-12-10T10:09:40.672135Z[0m [34mDEBUG[0m [2methereum_transaction_pool_monitor::mempool_monitor[0m[2m:[0m 📨 Processing new pending transaction: 0x003a4cbed8e5879b453984492d668b432037bbe46d1b8dc25e27f7c20baa7c0f
[2m2025-12-10T10:09:40.672141Z[0m [34mDEBUG[0m [2methereum_transaction_pool_monitor::mempool_monitor[0m[2m:[0m 🔍 Fetching transaction details for: 0x003a4cbed8e5879b453984492d668b432037bbe46d1b8dc25e27f7c20baa7c0f
[2m2025-12-10T10:09:40.672145Z[0m [34mDEBUG[0m [2methereum_transaction_pool_monitor::eth_client[0m[2m:[0m 🔍 Fetching transaction details for hash: 0x003a4cbed8e5879b453984492d668b432037bbe46d1b8dc25e27f7c20baa7c0f
[2m2025-12-10T10:09:40.672163Z[0m [34mDEBUG[0m [2mhyper::client::pool[0m[2m:[0m reuse idle connection for ("http", 192.168.0.14:8545)
[2m2025-12-10T10:09:40.672201Z[0m [34mDEBUG[0m [2mhyper::proto::h1::io[0m[2m:[0m flushed 250 bytes
[2m2025-12-10T10:09:40.672225Z[0m [34mDEBUG[0m [2methereum_transaction_pool_monitor::eth_client[0m[2m:[0m 📨 Received WebSocket message: {"jsonrpc":"2.0","method":"eth_subscription","params":{"subscription":"0xbed0a0851463e895960a451075a301a9","result":"0xa4e71fca773025c0d7cab5d9b0f63ef8728f3d08ee70b6b0ee8f76abeedda158"}}
[2m2025-12-10T10:09:40.672227Z[0m [34mDEBUG[0m [2mhyper::proto::h1::io[0m[2m:[0m parsed 4 headers
[2m2025-12-10T10:09:40.672235Z[0m [34mDEBUG[0m [2methereum_transaction_pool_monitor::eth_client[0m[2m:[0m 📨 Received pending transaction: 0xa4e71fca773025c0d7cab5d9b0f63ef8728f3d08ee70b6b0ee8f76abeedda158
[2m2025-12-10T10:09:40.672238Z[0m [34mDEBUG[0m [2mhyper::proto::h1::conn[0m[2m:[0m incoming body is content-length (45 bytes)
[2m2025-12-10T10:09:40.672246Z[0m [34mDEBUG[0m [2mhyper::proto::h1::conn[0m[2m:[0m incoming body completed
[2m2025-12-10T10:09:40.672255Z[0m [34mDEBUG[0m [2mhyper::client::pool[0m[2m:[0m pooling idle connection for ("http", 192.168.0.14:8545)
[2m2025-12-10T10:09:40.675930Z[0m [34mDEBUG[0m [2mhyper::proto::h1::io[0m[2m:[0m parsed 4 headers
[2m2025-12-10T10:09:40.675949Z[0m [34mDEBUG[0m [2mhyper::proto::h1::conn[0m[2m:[0m incoming body is content-length (771 bytes)
[2m2025-12-10T10:09:40.675965Z[0m [34mDEBUG[0m [2mhyper::proto::h1::conn[0m[2m:[0m incoming body completed
[2m2025-12-10T10:09:40.675983Z[0m [34mDEBUG[0m [2mhyper::client::pool[0m[2m:[0m pooling idle connection for ("http", 192.168.0.14:8545)
[2m2025-12-10T10:09:40.675988Z[0m [34mDEBUG[0m [2methereum_transaction_pool_monitor::eth_client[0m[2m:[0m 📡 Transaction fetch RPC completed in 3.83775ms
[2m2025-12-10T10:09:40.746787Z[0m [34mDEBUG[0m [2methereum_transaction_pool_monitor::eth_client[0m[2m:[0m ✅ Transaction 0x003a4cbed8e5879b453984492d668b432037bbe46d1b8dc25e27f7c20baa7c0f fetched and parsed in 74.633875ms
[2m2025-12-10T10:09:40.746809Z[0m [34mDEBUG[0m [2methereum_transaction_pool_monitor::mempool_monitor[0m[2m:[0m 🔍 Skipping tx 0x003a4cbed8e5879b453984492d668b432037bbe46d1b8dc25e27f7c20baa7c0f - not a DEX interaction (target: 0xB8f28C60dD8240141185a192fa4156A23E189305)
[2m2025-12-10T10:09:40.746821Z[0m [34mDEBUG[0m [2methereum_transaction_pool_monitor::mempool_monitor[0m[2m:[0m 📨 Processing new pending transaction: 0xf15786bf0239bd3833d4f2981b5eb5727998031086b24cb37e14b0260207f568
[2m2025-12-10T10:09:40.746827Z[0m [34mDEBUG[0m [2methereum_transaction_pool_monitor::mempool_monitor[0m[2m:[0m 🔍 Fetching transaction details for: 0xf15786bf0239bd3833d4f2981b5eb5727998031086b24cb37e14b0260207f568
[2m2025-12-10T10:09:40.746832Z[0m [34mDEBUG[0m [2methereum_transaction_pool_monitor::eth_client[0m[2m:[0m 🔍 Fetching transaction details for hash: 0xf15786bf0239bd3833d4f2981b5eb5727998031086b24cb37e14b0260207f568
[2m2025-12-10T10:09:40.746851Z[0m [34mDEBUG[0m [2mhyper::client::pool[0m[2m:[0m reuse idle connection for ("http", 192.168.0.14:8545)
[2m2025-12-10T10:09:40.746896Z[0m [34mDEBUG[0m [2mhyper::proto::h1::io[0m[2m:[0m flushed 250 bytes
[2m2025-12-10T10:09:40.746945Z[0m [34mDEBUG[0m [2mhyper::client::pool[0m[2m:[0m reuse idle connection for ("http", 192.168.0.14:8545)
[2m2025-12-10T10:09:40.746963Z[0m [34mDEBUG[0m [2mhyper::proto::h1::io[0m[2m:[0m flushed 172 bytes
[2m2025-12-10T10:09:40.751298Z[0m [34mDEBUG[0m [2mhyper::proto::h1::io[0m[2m:[0m parsed 4 headers
[2m2025-12-10T10:09:40.754030Z[0m [34mDEBUG[0m [2mhyper::proto::h1::conn[0m[2m:[0m incoming body is content-length (646 bytes)
[2m2025-12-10T10:09:40.754052Z[0m [34mDEBUG[0m [2mhyper::proto::h1::conn[0m[2m:[0m incoming body completed
[2m2025-12-10T10:09:40.754075Z[0m [34mDEBUG[0m [2mhyper::client::pool[0m[2m:[0m pooling idle connection for ("http", 192.168.0.14:8545)
[2m2025-12-10T10:09:40.754084Z[0m [34mDEBUG[0m [2methereum_transaction_pool_monitor::eth_client[0m[2m:[0m 📡 Transaction fetch RPC completed in 7.246833ms
[2m2025-12-10T10:09:40.825947Z[0m [34mDEBUG[0m [2methereum_transaction_pool_monitor::eth_client[0m[2m:[0m ✅ Transaction 0xf15786bf0239bd3833d4f2981b5eb5727998031086b24cb37e14b0260207f568 fetched and parsed in 79.10725ms
[2m2025-12-10T10:09:40.825971Z[0m [34mDEBUG[0m [2methereum_transaction_pool_monitor::mempool_monitor[0m[2m:[0m 🔍 Skipping tx 0xf15786bf0239bd3833d4f2981b5eb5727998031086b24cb37e14b0260207f568 - not a DEX interaction (target: 0x1AB4973a48dc892Cd9971ECE8e01DcC7688f8F23)
[2m2025-12-10T10:09:40.825986Z[0m [34mDEBUG[0m [2methereum_transaction_pool_monitor::mempool_monitor[0m[2m:[0m 📨 Processing new pending transaction: 0x2a2b1621da890e8568bd2a1e3821c86581999aad8081da42c7a707aec28f825e
[2m2025-12-10T10:09:40.825994Z[0m [34mDEBUG[0m [2methereum_transaction_pool_monitor::mempool_monitor[0m[2m:[0m 🔍 Fetching transaction details for: 0x2a2b1621da890e8568bd2a1e3821c86581999aad8081da42c7a707aec28f825e
[2m2025-12-10T10:09:40.826003Z[0m [34mDEBUG[0m [2methereum_transaction_pool_monitor::eth_client[0m[2m:[0m 🔍 Fetching transaction details for hash: 0x2a2b1621da890e8568bd2a1e3821c86581999aad8081da42c7a707aec28f825e
[2m2025-12-10T10:09:40.826023Z[0m [34mDEBUG[0m [2mhyper::client::pool[0m[2m:[0m reuse idle connection for ("http", 192.168.0.14:8545)
[2m2025-12-10T10:09:40.826063Z[0m [34mDEBUG[0m [2mhyper::proto::h1::io[0m[2m:[0m flushed 250 bytes
[2m2025-12-10T10:09:40.826089Z[0m [34mDEBUG[0m [2methereum_transaction_pool_monitor::eth_client[0m[2m:[0m 📨 Received WebSocket message: {"jsonrpc":"2.0","method":"eth_subscription","params":{"subscription":"0xbed0a0851463e895960a451075a301a9","result":"0xb51536aa1cfe4bdfe717bcbdb0d244c575dd0362dcd377911d4b92cbcb67523b"}}
[2m2025-12-10T10:09:40.826093Z[0m [34mDEBUG[0m [2mhyper::proto::h1::io[0m[2m:[0m parsed 4 headers
[2m2025-12-10T10:09:40.826101Z[0m [34mDEBUG[0m [2methereum_transaction_pool_monitor::eth_client[0m[2m:[0m 📨 Received pending transaction: 0xb51536aa1cfe4bdfe717bcbdb0d244c575dd0362dcd377911d4b92cbcb67523b
[2m2025-12-10T10:09:40.826102Z[0m [34mDEBUG[0m [2mhyper::proto::h1::conn[0m[2m:[0m incoming body is content-length (45 bytes)
[2m2025-12-10T10:09:40.826120Z[0m [34mDEBUG[0m [2mhyper::proto::h1::conn[0m[2m:[0m incoming body completed
[2m2025-12-10T10:09:40.826129Z[0m [34mDEBUG[0m [2mhyper::client::pool[0m[2m:[0m pooling idle connection for ("http", 192.168.0.14:8545)
[2m2025-12-10T10:09:40.826145Z[0m [34mDEBUG[0m [2mhyper::client::pool[0m[2m:[0m reuse idle connection for ("http", 192.168.0.14:8545)
[2m2025-12-10T10:09:40.826159Z[0m [34mDEBUG[0m [2mhyper::proto::h1::io[0m[2m:[0m flushed 172 bytes
[2m2025-12-10T10:09:40.829881Z[0m [34mDEBUG[0m [2mhyper::proto::h1::io[0m[2m:[0m parsed 4 headers
[2m2025-12-10T10:09:40.829885Z[0m [34mDEBUG[0m [2mhyper::proto::h1::conn[0m[2m:[0m incoming body is content-length (772 bytes)
[2m2025-12-10T10:09:40.829890Z[0m [34mDEBUG[0m [2mhyper::proto::h1::conn[0m[2m:[0m incoming body completed
[2m2025-12-10T10:09:40.829895Z[0m [34mDEBUG[0m [2mhyper::client::pool[0m[2m:[0m pooling idle connection for ("http", 192.168.0.14:8545)
[2m2025-12-10T10:09:40.829899Z[0m [34mDEBUG[0m [2methereum_transaction_pool_monitor::eth_client[0m[2m:[0m 📡 Transaction fetch RPC completed in 3.888792ms
[2m2025-12-10T10:09:40.829909Z[0m [34mDEBUG[0m [2methereum_transaction_pool_monitor::eth_client[0m[2m:[0m DeFi transaction detected - Address: 0xdac17f958d2ee523a2206206994597c13d831ec7, Type: Stablecoin, Value: 0 ETH, Gas: 0.32 Gwei
[2m2025-12-10T10:09:40.829923Z[0m [34mDEBUG[0m [2methereum_transaction_pool_monitor::eth_client[0m[2m:[0m ✅ Transaction 0x2a2b1621da890e8568bd2a1e3821c86581999aad8081da42c7a707aec28f825e fetched and parsed in 3.91325ms
[2m2025-12-10T10:09:40.829928Z[0m [34mDEBUG[0m [2methereum_transaction_pool_monitor::mempool_monitor[0m[2m:[0m 🔍 Skipping tx 0x2a2b1621da890e8568bd2a1e3821c86581999aad8081da42c7a707aec28f825e - not a DEX interaction (target: 0xdAC17F958D2ee523a2206206994597C13D831ec7)
[2m2025-12-10T10:09:40.829933Z[0m [34mDEBUG[0m [2methereum_transaction_pool_monitor::mempool_monitor[0m[2m:[0m 📨 Processing new pending transaction: 0xfae9ea03ee1a586a7ae59007cd89f6aaf996141b1bc993bf86e0166078bae1cc
[2m2025-12-10T10:09:40.829937Z[0m [34mDEBUG[0m [2methereum_transaction_pool_monitor::mempool_monitor[0m[2m:[0m 🔍 Fetching transaction details for: 0xfae9ea03ee1a586a7ae59007cd89f6aaf996141b1bc993bf86e0166078bae1cc
[2m2025-12-10T10:09:40.829940Z[0m [34mDEBUG[0m [2methereum_transaction_pool_monitor::eth_client[0m[2m:[0m 🔍 Fetching transaction details for hash: 0xfae9ea03ee1a586a7ae59007cd89f6aaf996141b1bc993bf86e0166078bae1cc
[2m2025-12-10T10:09:40.829945Z[0m [34mDEBUG[0m [2mhyper::client::pool[0m[2m:[0m reuse idle connection for ("http", 192.168.0.14:8545)
[2m2025-12-10T10:09:40.829957Z[0m [34mDEBUG[0m [2mhyper::proto::h1::io[0m[2m:[0m flushed 250 bytes
[2m2025-12-10T10:09:40.832582Z[0m [34mDEBUG[0m [2mhyper::proto::h1::io[0m[2m:[0m parsed 4 headers
[2m2025-12-10T10:09:40.832588Z[0m [34mDEBUG[0m [2mhyper::proto::h1::conn[0m[2m:[0m incoming body is content-length (45 bytes)
[2m2025-12-10T10:09:40.832592Z[0m [34mDEBUG[0m [2mhyper::proto::h1::conn[0m[2m:[0m incoming body completed
[2m2025-12-10T10:09:40.832598Z[0m [34mDEBUG[0m [2mhyper::client::pool[0m[2m:[0m pooling idle connection for ("http", 192.168.0.14:8545)
[2m2025-12-10T10:09:40.835229Z[0m [34mDEBUG[0m [2mhyper::proto::h1::io[0m[2m:[0m parsed 4 headers
[2m2025-12-10T10:09:40.835246Z[0m [34mDEBUG[0m [2mhyper::proto::h1::conn[0m[2m:[0m incoming body is content-length (647 bytes)
[2m2025-12-10T10:09:40.835261Z[0m [34mDEBUG[0m [2mhyper::proto::h1::conn[0m[2m:[0m incoming body completed
[2m2025-12-10T10:09:40.835278Z[0m [34mDEBUG[0m [2mhyper::client::pool[0m[2m:[0m pooling idle connection for ("http", 192.168.0.14:8545)
[2m2025-12-10T10:09:40.835285Z[0m [34mDEBUG[0m [2methereum_transaction_pool_monitor::eth_client[0m[2m:[0m 📡 Transaction fetch RPC completed in 5.3425ms
[2m2025-12-10T10:09:40.904516Z[0m [34mDEBUG[0m [2methereum_transaction_pool_monitor::eth_client[0m[2m:[0m ✅ Transaction 0xfae9ea03ee1a586a7ae59007cd89f6aaf996141b1bc993bf86e0166078bae1cc fetched and parsed in 74.57175ms
[2m2025-12-10T10:09:40.904536Z[0m [34mDEBUG[0m [2methereum_transaction_pool_monitor::mempool_monitor[0m[2m:[0m 🔍 Skipping tx 0xfae9ea03ee1a586a7ae59007cd89f6aaf996141b1bc993bf86e0166078bae1cc - not a DEX interaction (target: 0x1AB4973a48dc892Cd9971ECE8e01DcC7688f8F23)
[2m2025-12-10T10:09:40.904546Z[0m [34mDEBUG[0m [2methereum_transaction_pool_monitor::mempool_monitor[0m[2m:[0m 📨 Processing new pending transaction: 0x2cbcc207522f68d41f8b464d305e913465083c5697b0480ea150680a40ab099d
[2m2025-12-10T10:09:40.904552Z[0m [34mDEBUG[0m [2methereum_transaction_pool_monitor::mempool_monitor[0m[2m:[0m 🔍 Fetching transaction details for: 0x2cbcc207522f68d41f8b464d305e913465083c5697b0480ea150680a40ab099d
[2m2025-12-10T10:09:40.904556Z[0m [34mDEBUG[0m [2methereum_transaction_pool_monitor::eth_client[0m[2m:[0m 🔍 Fetching transaction details for hash: 0x2cbcc207522f68d41f8b464d305e913465083c5697b0480ea150680a40ab099d
[2m2025-12-10T10:09:40.904576Z[0m [34mDEBUG[0m [2mhyper::client::pool[0m[2m:[0m reuse idle connection for ("http", 192.168.0.14:8545)
[2m2025-12-10T10:09:40.904615Z[0m [34mDEBUG[0m [2mhyper::proto::h1::io[0m[2m:[0m flushed 250 bytes
[2m2025-12-10T10:09:40.904634Z[0m [34mDEBUG[0m [2mhyper::client::pool[0m[2m:[0m reuse idle connection for ("http", 192.168.0.14:8545)
[2m2025-12-10T10:09:40.904646Z[0m [34mDEBUG[0m [2mhyper::proto::h1::io[0m[2m:[0m flushed 172 bytes
[2m2025-12-10T10:09:40.904660Z[0m [34mDEBUG[0m [2methereum_transaction_pool_monitor::eth_client[0m[2m:[0m 📨 Received WebSocket message: {"jsonrpc":"2.0","method":"eth_subscription","params":{"subscription":"0xbed0a0851463e895960a451075a301a9","result":"0xa47acf2c839eafef1fbadaa170888544752592c97fbfb7512f37ca7c873ea654"}}
[2m2025-12-10T10:09:40.904667Z[0m [34mDEBUG[0m [2methereum_transaction_pool_monitor::eth_client[0m[2m:[0m 📨 Received pending transaction: 0xa47acf2c839eafef1fbadaa170888544752592c97fbfb7512f37ca7c873ea654
[2m2025-12-10T10:09:40.909113Z[0m [34mDEBUG[0m [2mhyper::proto::h1::io[0m[2m:[0m parsed 4 headers
[2m2025-12-10T10:09:40.909118Z[0m [34mDEBUG[0m [2mhyper::proto::h1::conn[0m[2m:[0m incoming body is content-length (766 bytes)
[2m2025-12-10T10:09:40.909124Z[0m [34mDEBUG[0m [2mhyper::proto::h1::conn[0m[2m:[0m incoming body completed
[2m2025-12-10T10:09:40.909132Z[0m [34mDEBUG[0m [2mhyper::client::pool[0m[2m:[0m pooling idle connection for ("http", 192.168.0.14:8545)
[2m2025-12-10T10:09:40.909139Z[0m [34mDEBUG[0m [2methereum_transaction_pool_monitor::eth_client[0m[2m:[0m 📡 Transaction fetch RPC completed in 4.577209ms
[2m2025-12-10T10:09:40.909153Z[0m [34mDEBUG[0m [2methereum_transaction_pool_monitor::eth_client[0m[2m:[0m DeFi transaction detected - Address: 0xdac17f958d2ee523a2206206994597c13d831ec7, Type: Stablecoin, Value: 0 ETH, Gas: 0.40 Gwei
[2m2025-12-10T10:09:40.909166Z[0m [34mDEBUG[0m [2methereum_transaction_pool_monitor::eth_client[0m[2m:[0m ✅ Transaction 0x2cbcc207522f68d41f8b464d305e913465083c5697b0480ea150680a40ab099d fetched and parsed in 4.604209ms
[2m2025-12-10T10:09:40.909171Z[0m [34mDEBUG[0m [2methereum_transaction_pool_monitor::mempool_monitor[0m[2m:[0m 🔍 Skipping tx 0x2cbcc207522f68d41f8b464d305e913465083c5697b0480ea150680a40ab099d - not a DEX interaction (target: 0xdAC17F958D2ee523a2206206994597C13D831ec7)
[2m2025-12-10T10:09:40.909178Z[0m [34mDEBUG[0m [2methereum_transaction_pool_monitor::mempool_monitor[0m[2m:[0m 📨 Processing new pending transaction: 0x2a0200c2c1a6c65ff28daf16662cf0cb54b45ca7d1e166540ec395a490ed02b3
[2m2025-12-10T10:09:40.909183Z[0m [34mDEBUG[0m [2methereum_transaction_pool_monitor::mempool_monitor[0m[2m:[0m 🔍 Fetching transaction details for: 0x2a0200c2c1a6c65ff28daf16662cf0cb54b45ca7d1e166540ec395a490ed02b3
[2m2025-12-10T10:09:40.909189Z[0m [34mDEBUG[0m [2methereum_transaction_pool_monitor::eth_client[0m[2m:[0m 🔍 Fetching transaction details for hash: 0x2a0200c2c1a6c65ff28daf16662cf0cb54b45ca7d1e166540ec395a490ed02b3
[2m2025-12-10T10:09:40.909197Z[0m [34mDEBUG[0m [2mhyper::client::pool[0m[2m:[0m reuse idle connection for ("http", 192.168.0.14:8545)
[2m2025-12-10T10:09:40.909211Z[0m [34mDEBUG[0m [2mhyper::proto::h1::io[0m[2m:[0m flushed 250 bytes
[2m2025-12-10T10:09:40.909218Z[0m [34mDEBUG[0m [2mhyper::proto::h1::io[0m[2m:[0m parsed 4 headers
[2m2025-12-10T10:09:40.909222Z[0m [34mDEBUG[0m [2mhyper::proto::h1::conn[0m[2m:[0m incoming body is content-length (45 bytes)
[2m2025-12-10T10:09:40.909226Z[0m [34mDEBUG[0m [2mhyper::proto::h1::conn[0m[2m:[0m incoming body completed
[2m2025-12-10T10:09:40.909229Z[0m [34mDEBUG[0m [2mhyper::client::pool[0m[2m:[0m pooling idle connection for ("http", 192.168.0.14:8545)
[2m2025-12-10T10:09:40.915025Z[0m [34mDEBUG[0m [2mhyper::proto::h1::io[0m[2m:[0m parsed 4 headers
[2m2025-12-10T10:09:40.915030Z[0m [34mDEBUG[0m [2mhyper::proto::h1::conn[0m[2m:[0m incoming body is content-length (555 bytes)
[2m2025-12-10T10:09:40.915034Z[0m [34mDEBUG[0m [2mhyper::proto::h1::conn[0m[2m:[0m incoming body completed
[2m2025-12-10T10:09:40.915038Z[0m [34mDEBUG[0m [2mhyper::client::pool[0m[2m:[0m pooling idle connection for ("http", 192.168.0.14:8545)
[2m2025-12-10T10:09:40.915042Z[0m [34mDEBUG[0m [2methereum_transaction_pool_monitor::eth_client[0m[2m:[0m 📡 Transaction fetch RPC completed in 5.848209ms
[2m2025-12-10T10:09:40.985486Z[0m [34mDEBUG[0m [2methereum_transaction_pool_monitor::eth_client[0m[2m:[0m ✅ Transaction 0x2a0200c2c1a6c65ff28daf16662cf0cb54b45ca7d1e166540ec395a490ed02b3 fetched and parsed in 76.287917ms
[2m2025-12-10T10:09:40.985526Z[0m [34mDEBUG[0m [2methereum_transaction_pool_monitor::mempool_monitor[0m[2m:[0m 🔍 Skipping tx 0x2a0200c2c1a6c65ff28daf16662cf0cb54b45ca7d1e166540ec395a490ed02b3 - not a DEX interaction (target: 0xe150042807c59F17d68762578C463a23380BA6cf)
[2m2025-12-10T10:09:40.985548Z[0m [34mDEBUG[0m [2methereum_transaction_pool_monitor::mempool_monitor[0m[2m:[0m 📨 Processing new pending transaction: 0xa57409476819eb373d2a5a67c32594da39a9e6e01a57ff59e8d3880b435b5ccd
[2m2025-12-10T10:09:40.985566Z[0m [34mDEBUG[0m [2methereum_transaction_pool_monitor::mempool_monitor[0m[2m:[0m 🔍 Fetching transaction details for: 0xa57409476819eb373d2a5a67c32594da39a9e6e01a57ff59e8d3880b435b5ccd
[2m2025-12-10T10:09:40.985579Z[0m [34mDEBUG[0m [2methereum_transaction_pool_monitor::eth_client[0m[2m:[0m 🔍 Fetching transaction details for hash: 0xa57409476819eb373d2a5a67c32594da39a9e6e01a57ff59e8d3880b435b5ccd
[2m2025-12-10T10:09:40.985597Z[0m [34mDEBUG[0m [2mhyper::client::pool[0m[2m:[0m reuse idle connection for ("http", 192.168.0.14:8545)
[2m2025-12-10T10:09:40.985620Z[0m [34mDEBUG[0m [2mhyper::proto::h1::io[0m[2m:[0m flushed 250 bytes
[2m2025-12-10T10:09:40.985638Z[0m [34mDEBUG[0m [2methereum_transaction_pool_monitor::eth_client[0m[2m:[0m 📨 Received WebSocket message: {"jsonrpc":"2.0","method":"eth_subscription","params":{"subscription":"0xbed0a0851463e895960a451075a301a9","result":"0x6b63c92ec89df0ec97473d43b0db6baf64e26bc45c0af4ad576bcaab63d4e45f"}}
[2m2025-12-10T10:09:40.985645Z[0m [34mDEBUG[0m [2methereum_transaction_pool_monitor::eth_client[0m[2m:[0m 📨 Received pending transaction: 0x6b63c92ec89df0ec97473d43b0db6baf64e26bc45c0af4ad576bcaab63d4e45f
[2m2025-12-10T10:09:40.985650Z[0m [34mDEBUG[0m [2methereum_transaction_pool_monitor::eth_client[0m[2m:[0m 📨 Received WebSocket message: {"jsonrpc":"2.0","method":"eth_subscription","params":{"subscription":"0xbed0a0851463e895960a451075a301a9","result":"0xd67e885f8c4ef656f28b85dfaff806532d291bfa2ec7798a6b8ea70e64e30c36"}}
[2m2025-12-10T10:09:40.985654Z[0m [34mDEBUG[0m [2methereum_transaction_pool_monitor::eth_client[0m[2m:[0m 📨 Received pending transaction: 0xd67e885f8c4ef656f28b85dfaff806532d291bfa2ec7798a6b8ea70e64e30c36
[2m2025-12-10T10:09:40.989831Z[0m [34mDEBUG[0m [2mhyper::proto::h1::io[0m[2m:[0m parsed 4 headers
[2m2025-12-10T10:09:40.989843Z[0m [34mDEBUG[0m [2mhyper::proto::h1::conn[0m[2m:[0m incoming body is content-length (1731 bytes)
[2m2025-12-10T10:09:40.989851Z[0m [34mDEBUG[0m [2mhyper::proto::h1::conn[0m[2m:[0m incoming body completed
[2m2025-12-10T10:09:40.989862Z[0m [34mDEBUG[0m [2mhyper::client::pool[0m[2m:[0m pooling idle connection for ("http", 192.168.0.14:8545)
[2m2025-12-10T10:09:40.989870Z[0m [34mDEBUG[0m [2methereum_transaction_pool_monitor::eth_client[0m[2m:[0m 📡 Transaction fetch RPC completed in 4.287708ms
[2m2025-12-10T10:09:41.061464Z[0m [34mDEBUG[0m [2methereum_transaction_pool_monitor::eth_client[0m[2m:[0m ✅ Transaction 0xa57409476819eb373d2a5a67c32594da39a9e6e01a57ff59e8d3880b435b5ccd fetched and parsed in 75.878833ms
[2m2025-12-10T10:09:41.061493Z[0m [34mDEBUG[0m [2methereum_transaction_pool_monitor::mempool_monitor[0m[2m:[0m 🔍 Skipping tx 0xa57409476819eb373d2a5a67c32594da39a9e6e01a57ff59e8d3880b435b5ccd - not a DEX interaction (target: 0x601a2aD6CB5949f0529735254189Ba3194221EDF)
[2m2025-12-10T10:09:41.061504Z[0m [34mDEBUG[0m [2methereum_transaction_pool_monitor::mempool_monitor[0m[2m:[0m 📨 Processing new pending transaction: 0x00ec500fad9e2e6c16d1978b9d17c719dd9019859e8f6a47c44f829d29938b5c
[2m2025-12-10T10:09:41.061509Z[0m [34mDEBUG[0m [2methereum_transaction_pool_monitor::mempool_monitor[0m[2m:[0m 🔍 Fetching transaction details for: 0x00ec500fad9e2e6c16d1978b9d17c719dd9019859e8f6a47c44f829d29938b5c
[2m2025-12-10T10:09:41.061515Z[0m [34mDEBUG[0m [2methereum_transaction_pool_monitor::eth_client[0m[2m:[0m 🔍 Fetching transaction details for hash: 0x00ec500fad9e2e6c16d1978b9d17c719dd9019859e8f6a47c44f829d29938b5c
[2m2025-12-10T10:09:41.061533Z[0m [34mDEBUG[0m [2mhyper::client::pool[0m[2m:[0m reuse idle connection for ("http", 192.168.0.14:8545)
[2m2025-12-10T10:09:41.061580Z[0m [34mDEBUG[0m [2mhyper::proto::h1::io[0m[2m:[0m flushed 250 bytes
[2m2025-12-10T10:09:41.061611Z[0m [34mDEBUG[0m [2mhyper::client::pool[0m[2m:[0m reuse idle connection for ("http", 192.168.0.14:8545)
[2m2025-12-10T10:09:41.061622Z[0m [34mDEBUG[0m [2mhyper::proto::h1::io[0m[2m:[0m flushed 172 bytes
[2m2025-12-10T10:09:41.065670Z[0m [34mDEBUG[0m [2mhyper::proto::h1::io[0m[2m:[0m parsed 4 headers
[2m2025-12-10T10:09:41.065678Z[0m [34mDEBUG[0m [2mhyper::proto::h1::conn[0m[2m:[0m incoming body is content-length (45 bytes)
[2m2025-12-10T10:09:41.065685Z[0m [34mDEBUG[0m [2mhyper::proto::h1::conn[0m[2m:[0m incoming body completed
[2m2025-12-10T10:09:41.065693Z[0m [34mDEBUG[0m [2mhyper::client::pool[0m[2m:[0m pooling idle connection for ("http", 192.168.0.14:8545)
[2m2025-12-10T10:09:41.066292Z[0m [34mDEBUG[0m [2mhyper::proto::h1::io[0m[2m:[0m parsed 4 headers
[2m2025-12-10T10:09:41.066303Z[0m [34mDEBUG[0m [2mhyper::proto::h1::conn[0m[2m:[0m incoming body is content-length (647 bytes)
[2m2025-12-10T10:09:41.066311Z[0m [34mDEBUG[0m [2mhyper::proto::h1::conn[0m[2m:[0m incoming body completed
[2m2025-12-10T10:09:41.066318Z[0m [34mDEBUG[0m [2mhyper::client::pool[0m[2m:[0m pooling idle connection for ("http", 192.168.0.14:8545)
[2m2025-12-10T10:09:41.066325Z[0m [34mDEBUG[0m [2methereum_transaction_pool_monitor::eth_client[0m[2m:[0m 📡 Transaction fetch RPC completed in 4.805167ms
[2m2025-12-10T10:09:41.138088Z[0m [34mDEBUG[0m [2methereum_transaction_pool_monitor::eth_client[0m[2m:[0m ✅ Transaction 0x00ec500fad9e2e6c16d1978b9d17c719dd9019859e8f6a47c44f829d29938b5c fetched and parsed in 76.566ms
[2m2025-12-10T10:09:41.138113Z[0m [34mDEBUG[0m [2methereum_transaction_pool_monitor::mempool_monitor[0m[2m:[0m 🔍 Skipping tx 0x00ec500fad9e2e6c16d1978b9d17c719dd9019859e8f6a47c44f829d29938b5c - not a DEX interaction (target: 0xA9D1e08C7793af67e9d92fe308d5697FB81d3E43)
[2m2025-12-10T10:09:41.138123Z[0m [34mDEBUG[0m [2methereum_transaction_pool_monitor::mempool_monitor[0m[2m:[0m 📨 Processing new pending transaction: 0x5d7e4c3f03cd5eb6d28c9fa757329f6ddbaddcfcc9ff8c919e678a43c783127c
[2m2025-12-10T10:09:41.138131Z[0m [34mDEBUG[0m [2methereum_transaction_pool_monitor::mempool_monitor[0m[2m:[0m 🔍 Fetching transaction details for: 0x5d7e4c3f03cd5eb6d28c9fa757329f6ddbaddcfcc9ff8c919e678a43c783127c
[2m2025-12-10T10:09:41.138137Z[0m [34mDEBUG[0m [2methereum_transaction_pool_monitor::eth_client[0m[2m:[0m 🔍 Fetching transaction details for hash: 0x5d7e4c3f03cd5eb6d28c9fa757329f6ddbaddcfcc9ff8c919e678a43c783127c
[2m2025-12-10T10:09:41.138156Z[0m [34mDEBUG[0m [2mhyper::client::pool[0m[2m:[0m reuse idle connection for ("http", 192.168.0.14:8545)
[2m2025-12-10T10:09:41.138205Z[0m [34mDEBUG[0m [2mhyper::proto::h1::io[0m[2m:[0m flushed 250 bytes
[2m2025-12-10T10:09:41.138234Z[0m [34mDEBUG[0m [2mhyper::client::pool[0m[2m:[0m reuse idle connection for ("http", 192.168.0.14:8545)
[2m2025-12-10T10:09:41.138248Z[0m [34mDEBUG[0m [2mhyper::proto::h1::io[0m[2m:[0m flushed 172 bytes
[2m2025-12-10T10:09:41.139097Z[0m [34mDEBUG[0m [2methereum_transaction_pool_monitor::eth_client[0m[2m:[0m 📨 Received WebSocket message: {"jsonrpc":"2.0","method":"eth_subscription","params":{"subscription":"0xbed0a0851463e895960a451075a301a9","result":"0x21ca21f30c2266f5be7d9755d34c60eef057514c7435bc392ce6a421033f3501"}}
[2m2025-12-10T10:09:41.139105Z[0m [34mDEBUG[0m [2methereum_transaction_pool_monitor::eth_client[0m[2m:[0m 📨 Received pending transaction: 0x21ca21f30c2266f5be7d9755d34c60eef057514c7435bc392ce6a421033f3501
[2m2025-12-10T10:09:41.142758Z[0m [34mDEBUG[0m [2mhyper::proto::h1::io[0m[2m:[0m parsed 4 headers
[2m2025-12-10T10:09:41.142785Z[0m [34mDEBUG[0m [2mhyper::proto::h1::conn[0m[2m:[0m incoming body is content-length (45 bytes)
[2m2025-12-10T10:09:41.142800Z[0m [34mDEBUG[0m [2mhyper::proto::h1::conn[0m[2m:[0m incoming body completed
[2m2025-12-10T10:09:41.142810Z[0m [34mDEBUG[0m [2mhyper::client::pool[0m[2m:[0m pooling idle connection for ("http", 192.168.0.14:8545)
[2m2025-12-10T10:09:41.142831Z[0m [34mDEBUG[0m [2mhyper::proto::h1::io[0m[2m:[0m parsed 4 headers
[2m2025-12-10T10:09:41.142835Z[0m [34mDEBUG[0m [2mhyper::proto::h1::conn[0m[2m:[0m incoming body is content-length (647 bytes)
[2m2025-12-10T10:09:41.142839Z[0m [34mDEBUG[0m [2mhyper::proto::h1::conn[0m[2m:[0m incoming body completed
[2m2025-12-10T10:09:41.142844Z[0m [34mDEBUG[0m [2mhyper::client::pool[0m[2m:[0m pooling idle connection for ("http", 192.168.0.14:8545)
[2m2025-12-10T10:09:41.142848Z[0m [34mDEBUG[0m [2methereum_transaction_pool_monitor::eth_client[0m[2m:[0m 📡 Transaction fetch RPC completed in 4.707166ms
[2m2025-12-10T10:09:41.214310Z[0m [34mDEBUG[0m [2methereum_transaction_pool_monitor::eth_client[0m[2m:[0m ✅ Transaction 0x5d7e4c3f03cd5eb6d28c9fa757329f6ddbaddcfcc9ff8c919e678a43c783127c fetched and parsed in 76.167416ms
[2m2025-12-10T10:09:41.214338Z[0m [34mDEBUG[0m [2methereum_transaction_pool_monitor::mempool_monitor[0m[2m:[0m 🔍 Skipping tx 0x5d7e4c3f03cd5eb6d28c9fa757329f6ddbaddcfcc9ff8c919e678a43c783127c - not a DEX interaction (target: 0xb5d85CBf7cB3EE0D56b3bB207D5Fc4B82f43F511)
[2m2025-12-10T10:09:41.214348Z[0m [34mDEBUG[0m [2methereum_transaction_pool_monitor::mempool_monitor[0m[2m:[0m 📨 Processing new pending transaction: 0xf1e823ca14640f1ea03b4d580ed6a17372ece64fbc0fe487a25c3ef519470bd4
[2m2025-12-10T10:09:41.214356Z[0m [34mDEBUG[0m [2methereum_transaction_pool_monitor::mempool_monitor[0m[2m:[0m 🔍 Fetching transaction details for: 0xf1e823ca14640f1ea03b4d580ed6a17372ece64fbc0fe487a25c3ef519470bd4
[2m2025-12-10T10:09:41.214361Z[0m [34mDEBUG[0m [2methereum_transaction_pool_monitor::eth_client[0m[2m:[0m 🔍 Fetching transaction details for hash: 0xf1e823ca14640f1ea03b4d580ed6a17372ece64fbc0fe487a25c3ef519470bd4
[2m2025-12-10T10:09:41.214382Z[0m [34mDEBUG[0m [2mhyper::client::pool[0m[2m:[0m reuse idle connection for ("http", 192.168.0.14:8545)
[2m2025-12-10T10:09:41.214422Z[0m [34mDEBUG[0m [2mhyper::proto::h1::io[0m[2m:[0m flushed 250 bytes
[2m2025-12-10T10:09:41.214455Z[0m [34mDEBUG[0m [2mhyper::client::pool[0m[2m:[0m reuse idle connection for ("http", 192.168.0.14:8545)
[2m2025-12-10T10:09:41.214473Z[0m [34mDEBUG[0m [2mhyper::proto::h1::io[0m[2m:[0m flushed 172 bytes
[2m2025-12-10T10:09:41.220366Z[0m [34mDEBUG[0m [2mhyper::proto::h1::io[0m[2m:[0m parsed 4 headers
[2m2025-12-10T10:09:41.220377Z[0m [34mDEBUG[0m [2mhyper::proto::h1::conn[0m[2m:[0m incoming body is content-length (45 bytes)
[2m2025-12-10T10:09:41.220384Z[0m [34mDEBUG[0m [2mhyper::proto::h1::conn[0m[2m:[0m incoming body completed
[2m2025-12-10T10:09:41.220392Z[0m [34mDEBUG[0m [2mhyper::client::pool[0m[2m:[0m pooling idle connection for ("http", 192.168.0.14:8545)
[2m2025-12-10T10:09:41.221564Z[0m [34mDEBUG[0m [2mhyper::proto::h1::io[0m[2m:[0m parsed 4 headers
[2m2025-12-10T10:09:41.221570Z[0m [34mDEBUG[0m [2mhyper::proto::h1::conn[0m[2m:[0m incoming body is content-length (647 bytes)
[2m2025-12-10T10:09:41.221575Z[0m [34mDEBUG[0m [2mhyper::proto::h1::conn[0m[2m:[0m incoming body completed
[2m2025-12-10T10:09:41.221582Z[0m [34mDEBUG[0m [2mhyper::client::pool[0m[2m:[0m pooling idle connection for ("http", 192.168.0.14:8545)
[2m2025-12-10T10:09:41.221589Z[0m [34mDEBUG[0m [2methereum_transaction_pool_monitor::eth_client[0m[2m:[0m 📡 Transaction fetch RPC completed in 7.224125ms
[2m2025-12-10T10:09:41.293294Z[0m [34mDEBUG[0m [2methereum_transaction_pool_monitor::eth_client[0m[2m:[0m ✅ Transaction 0xf1e823ca14640f1ea03b4d580ed6a17372ece64fbc0fe487a25c3ef519470bd4 fetched and parsed in 78.926834ms
[2m2025-12-10T10:09:41.293323Z[0m [34mDEBUG[0m [2methereum_transaction_pool_monitor::mempool_monitor[0m[2m:[0m 🔍 Skipping tx 0xf1e823ca14640f1ea03b4d580ed6a17372ece64fbc0fe487a25c3ef519470bd4 - not a DEX interaction (target: 0xFC2145289aEe7798b9CBdDb33e914a360C23B134)
[2m2025-12-10T10:09:41.293335Z[0m [34mDEBUG[0m [2methereum_transaction_pool_monitor::mempool_monitor[0m[2m:[0m 📨 Processing new pending transaction: 0xb24160fb75dfd1e244f7dc7269bec9b7e8d736e0f8e2d851d5df143cda0baf91
[2m2025-12-10T10:09:41.293340Z[0m [34mDEBUG[0m [2methereum_transaction_pool_monitor::mempool_monitor[0m[2m:[0m 🔍 Fetching transaction details for: 0xb24160fb75dfd1e244f7dc7269bec9b7e8d736e0f8e2d851d5df143cda0baf91
[2m2025-12-10T10:09:41.293346Z[0m [34mDEBUG[0m [2methereum_transaction_pool_monitor::eth_client[0m[2m:[0m 🔍 Fetching transaction details for hash: 0xb24160fb75dfd1e244f7dc7269bec9b7e8d736e0f8e2d851d5df143cda0baf91
[2m2025-12-10T10:09:41.293365Z[0m [34mDEBUG[0m [2mhyper::client::pool[0m[2m:[0m reuse idle connection for ("http", 192.168.0.14:8545)
[2m2025-12-10T10:09:41.293412Z[0m [34mDEBUG[0m [2mhyper::proto::h1::io[0m[2m:[0m flushed 250 bytes
[2m2025-12-10T10:09:41.293433Z[0m [34mDEBUG[0m [2methereum_transaction_pool_monitor::eth_client[0m[2m:[0m 📨 Received WebSocket message: {"jsonrpc":"2.0","method":"eth_subscription","params":{"subscription":"0xbed0a0851463e895960a451075a301a9","result":"0x0a26dcab14dc80af4c57af14ac93f07550b8a018949b6acd185e15665747d600"}}
[2m2025-12-10T10:09:41.293446Z[0m [34mDEBUG[0m [2methereum_transaction_pool_monitor::eth_client[0m[2m:[0m 📨 Received pending transaction: 0x0a26dcab14dc80af4c57af14ac93f07550b8a018949b6acd185e15665747d600
[2m2025-12-10T10:09:41.293457Z[0m [34mDEBUG[0m [2methereum_transaction_pool_monitor::eth_client[0m[2m:[0m 📨 Received WebSocket message: {"jsonrpc":"2.0","method":"eth_subscription","params":{"subscription":"0xbed0a0851463e895960a451075a301a9","result":"0x173b44915e780a85f7bc3c61799d627f49f9aec0d98a5b86e245aebcd152a9d6"}}
[2m2025-12-10T10:09:41.293466Z[0m [34mDEBUG[0m [2methereum_transaction_pool_monitor::eth_client[0m[2m:[0m 📨 Received pending transaction: 0x173b44915e780a85f7bc3c61799d627f49f9aec0d98a5b86e245aebcd152a9d6
[2m2025-12-10T10:09:41.293473Z[0m [34mDEBUG[0m [2methereum_transaction_pool_monitor::eth_client[0m[2m:[0m 📨 Received WebSocket message: {"jsonrpc":"2.0","method":"eth_subscription","params":{"subscription":"0xbed0a0851463e895960a451075a301a9","result":"0x7c72e0f0a50c5bb19d5d0dbbe4921343a2d4160700fb1b9cfe432cc4a816a499"}}
[2m2025-12-10T10:09:41.293482Z[0m [34mDEBUG[0m [2methereum_transaction_pool_monitor::eth_client[0m[2m:[0m 📨 Received pending transaction: 0x7c72e0f0a50c5bb19d5d0dbbe4921343a2d4160700fb1b9cfe432cc4a816a499
[2m2025-12-10T10:09:41.296906Z[0m [34mDEBUG[0m [2mhyper::client::pool[0m[2m:[0m reuse idle connection for ("http", 192.168.0.14:8545)
[2m2025-12-10T10:09:41.296966Z[0m [34mDEBUG[0m [2mhyper::proto::h1::io[0m[2m:[0m flushed 172 bytes
[2m2025-12-10T10:09:41.297399Z[0m [34mDEBUG[0m [2mhyper::proto::h1::io[0m[2m:[0m parsed 4 headers
[2m2025-12-10T10:09:41.297404Z[0m [34mDEBUG[0m [2mhyper::proto::h1::conn[0m[2m:[0m incoming body is content-length (647 bytes)
[2m2025-12-10T10:09:41.297412Z[0m [34mDEBUG[0m [2mhyper::proto::h1::conn[0m[2m:[0m incoming body completed
[2m2025-12-10T10:09:41.297423Z[0m [34mDEBUG[0m [2mhyper::client::pool[0m[2m:[0m pooling idle connection for ("http", 192.168.0.14:8545)
[2m2025-12-10T10:09:41.297430Z[0m [34mDEBUG[0m [2methereum_transaction_pool_monitor::eth_client[0m[2m:[0m 📡 Transaction fetch RPC completed in 4.079416ms
[2m2025-12-10T10:09:41.369302Z[0m [34mDEBUG[0m [2methereum_transaction_pool_monitor::eth_client[0m[2m:[0m ✅ Transaction 0xb24160fb75dfd1e244f7dc7269bec9b7e8d736e0f8e2d851d5df143cda0baf91 fetched and parsed in 75.94825ms
[2m2025-12-10T10:09:41.369324Z[0m [34mDEBUG[0m [2methereum_transaction_pool_monitor::mempool_monitor[0m[2m:[0m 🔍 Skipping tx 0xb24160fb75dfd1e244f7dc7269bec9b7e8d736e0f8e2d851d5df143cda0baf91 - not a DEX interaction (target: 0xA9D1e08C7793af67e9d92fe308d5697FB81d3E43)
[2m2025-12-10T10:09:41.369335Z[0m [34mDEBUG[0m [2methereum_transaction_pool_monitor::mempool_monitor[0m[2m:[0m 📨 Processing new pending transaction: 0xc69b1df036a2dbbdc6b3555e744b4f18aa7c31ca1badf17e885ed7f041e05d3a
[2m2025-12-10T10:09:41.369340Z[0m [34mDEBUG[0m [2methereum_transaction_pool_monitor::mempool_monitor[0m[2m:[0m 🔍 Fetching transaction details for: 0xc69b1df036a2dbbdc6b3555e744b4f18aa7c31ca1badf17e885ed7f041e05d3a
[2m2025-12-10T10:09:41.369345Z[0m [34mDEBUG[0m [2methereum_transaction_pool_monitor::eth_client[0m[2m:[0m 🔍 Fetching transaction details for hash: 0xc69b1df036a2dbbdc6b3555e744b4f18aa7c31ca1badf17e885ed7f041e05d3a
[2m2025-12-10T10:09:41.369365Z[0m [34mDEBUG[0m [2mhyper::client::pool[0m[2m:[0m reuse idle connection for ("http", 192.168.0.14:8545)
[2m2025-12-10T10:09:41.369415Z[0m [34mDEBUG[0m [2mhyper::proto::h1::io[0m[2m:[0m flushed 250 bytes
[2m2025-12-10T10:09:41.369431Z[0m [34mDEBUG[0m [2mhyper::proto::h1::io[0m[2m:[0m parsed 4 headers
[2m2025-12-10T10:09:41.369435Z[0m [34mDEBUG[0m [2mhyper::proto::h1::conn[0m[2m:[0m incoming body is content-length (45 bytes)
[2m2025-12-10T10:09:41.369442Z[0m [34mDEBUG[0m [2mhyper::proto::h1::conn[0m[2m:[0m incoming body completed
[2m2025-12-10T10:09:41.369449Z[0m [34mDEBUG[0m [2mhyper::client::pool[0m[2m:[0m pooling idle connection for ("http", 192.168.0.14:8545)
[2m2025-12-10T10:09:41.373505Z[0m [34mDEBUG[0m [2mhyper::proto::h1::io[0m[2m:[0m parsed 4 headers
[2m2025-12-10T10:09:41.373512Z[0m [34mDEBUG[0m [2mhyper::proto::h1::conn[0m[2m:[0m incoming body is content-length (647 bytes)
[2m2025-12-10T10:09:41.373518Z[0m [34mDEBUG[0m [2mhyper::proto::h1::conn[0m[2m:[0m incoming body completed
[2m2025-12-10T10:09:41.373525Z[0m [34mDEBUG[0m [2mhyper::client::pool[0m[2m:[0m pooling idle connection for ("http", 192.168.0.14:8545)
[2m2025-12-10T10:09:41.373530Z[0m [34mDEBUG[0m [2methereum_transaction_pool_monitor::eth_client[0m[2m:[0m 📡 Transaction fetch RPC completed in 4.180458ms
[2m2025-12-10T10:09:41.444730Z[0m [34mDEBUG[0m [2methereum_transaction_pool_monitor::eth_client[0m[2m:[0m ✅ Transaction 0xc69b1df036a2dbbdc6b3555e744b4f18aa7c31ca1badf17e885ed7f041e05d3a fetched and parsed in 75.377833ms
[2m2025-12-10T10:09:41.444762Z[0m [34mDEBUG[0m [2methereum_transaction_pool_monitor::mempool_monitor[0m[2m:[0m 🔍 Skipping tx 0xc69b1df036a2dbbdc6b3555e744b4f18aa7c31ca1badf17e885ed7f041e05d3a - not a DEX interaction (target: 0xb5d85CBf7cB3EE0D56b3bB207D5Fc4B82f43F511)
[2m2025-12-10T10:09:41.444775Z[0m [34mDEBUG[0m [2methereum_transaction_pool_monitor::mempool_monitor[0m[2m:[0m 📨 Processing new pending transaction: 0xc6a329d12efb9a0333174ed8b40f79709885e2655ed3c729a18d12da9a883bc2
[2m2025-12-10T10:09:41.444781Z[0m [34mDEBUG[0m [2methereum_transaction_pool_monitor::mempool_monitor[0m[2m:[0m 🔍 Fetching transaction details for: 0xc6a329d12efb9a0333174ed8b40f79709885e2655ed3c729a18d12da9a883bc2
[2m2025-12-10T10:09:41.444787Z[0m [34mDEBUG[0m [2methereum_transaction_pool_monitor::eth_client[0m[2m:[0m 🔍 Fetching transaction details for hash: 0xc6a329d12efb9a0333174ed8b40f79709885e2655ed3c729a18d12da9a883bc2
[2m2025-12-10T10:09:41.444805Z[0m [34mDEBUG[0m [2mhyper::client::pool[0m[2m:[0m reuse idle connection for ("http", 192.168.0.14:8545)
[2m2025-12-10T10:09:41.444859Z[0m [34mDEBUG[0m [2mhyper::proto::h1::io[0m[2m:[0m flushed 250 bytes
[2m2025-12-10T10:09:41.444892Z[0m [34mDEBUG[0m [2mhyper::client::pool[0m[2m:[0m reuse idle connection for ("http", 192.168.0.14:8545)
[2m2025-12-10T10:09:41.444911Z[0m [34mDEBUG[0m [2mhyper::proto::h1::io[0m[2m:[0m flushed 172 bytes
[2m2025-12-10T10:09:41.448484Z[0m [34mDEBUG[0m [2methereum_transaction_pool_monitor::eth_client[0m[2m:[0m 📨 Received WebSocket message: {"jsonrpc":"2.0","method":"eth_subscription","params":{"subscription":"0xbed0a0851463e895960a451075a301a9","result":"0x4035aa336a767f195a2ccdb0d69756fb2f9a6448322a1490f83065f83b73ec9d"}}
[2m2025-12-10T10:09:41.448512Z[0m [34mDEBUG[0m [2methereum_transaction_pool_monitor::eth_client[0m[2m:[0m 📨 Received pending transaction: 0x4035aa336a767f195a2ccdb0d69756fb2f9a6448322a1490f83065f83b73ec9d
[2m2025-12-10T10:09:41.451603Z[0m [34mDEBUG[0m [2mhyper::proto::h1::io[0m[2m:[0m parsed 4 headers
[2m2025-12-10T10:09:41.451623Z[0m [34mDEBUG[0m [2mhyper::proto::h1::conn[0m[2m:[0m incoming body is content-length (45 bytes)
[2m2025-12-10T10:09:41.451633Z[0m [34mDEBUG[0m [2mhyper::proto::h1::conn[0m[2m:[0m incoming body completed
[2m2025-12-10T10:09:41.451644Z[0m [34mDEBUG[0m [2mhyper::client::pool[0m[2m:[0m pooling idle connection for ("http", 192.168.0.14:8545)
[2m2025-12-10T10:09:41.456213Z[0m [34mDEBUG[0m [2mhyper::proto::h1::io[0m[2m:[0m parsed 4 headers
[2m2025-12-10T10:09:41.456220Z[0m [34mDEBUG[0m [2mhyper::proto::h1::conn[0m[2m:[0m incoming body is content-length (647 bytes)
[2m2025-12-10T10:09:41.456226Z[0m [34mDEBUG[0m [2mhyper::proto::h1::conn[0m[2m:[0m incoming body completed
[2m2025-12-10T10:09:41.456233Z[0m [34mDEBUG[0m [2mhyper::client::pool[0m[2m:[0m pooling idle connection for ("http", 192.168.0.14:8545)
[2m2025-12-10T10:09:41.456238Z[0m [34mDEBUG[0m [2methereum_transaction_pool_monitor::eth_client[0m[2m:[0m 📡 Transaction fetch RPC completed in 11.446917ms
[2m2025-12-10T10:09:41.526891Z[0m [34mDEBUG[0m [2methereum_transaction_pool_monitor::eth_client[0m[2m:[0m ✅ Transaction 0xc6a329d12efb9a0333174ed8b40f79709885e2655ed3c729a18d12da9a883bc2 fetched and parsed in 82.097292ms
[2m2025-12-10T10:09:41.526919Z[0m [34mDEBUG[0m [2methereum_transaction_pool_monitor::mempool_monitor[0m[2m:[0m 🔍 Skipping tx 0xc6a329d12efb9a0333174ed8b40f79709885e2655ed3c729a18d12da9a883bc2 - not a DEX interaction (target: 0xb5d85CBf7cB3EE0D56b3bB207D5Fc4B82f43F511)
[2m2025-12-10T10:09:41.526930Z[0m [34mDEBUG[0m [2methereum_transaction_pool_monitor::mempool_monitor[0m[2m:[0m 📨 Processing new pending transaction: 0xf952d1009f985e5d1753bc3643951e4563d8acbc1bda2ef5b11e2ddb39ce757d
[2m2025-12-10T10:09:41.526936Z[0m [34mDEBUG[0m [2methereum_transaction_pool_monitor::mempool_monitor[0m[2m:[0m 🔍 Fetching transaction details for: 0xf952d1009f985e5d1753bc3643951e4563d8acbc1bda2ef5b11e2ddb39ce757d
[2m2025-12-10T10:09:41.526941Z[0m [34mDEBUG[0m [2methereum_transaction_pool_monitor::eth_client[0m[2m:[0m 🔍 Fetching transaction details for hash: 0xf952d1009f985e5d1753bc3643951e4563d8acbc1bda2ef5b11e2ddb39ce757d
[2m2025-12-10T10:09:41.526962Z[0m [34mDEBUG[0m [2mhyper::client::pool[0m[2m:[0m reuse idle connection for ("http", 192.168.0.14:8545)
[2m2025-12-10T10:09:41.527004Z[0m [34mDEBUG[0m [2mhyper::proto::h1::io[0m[2m:[0m flushed 250 bytes
[2m2025-12-10T10:09:41.527023Z[0m [34mDEBUG[0m [2mhyper::client::pool[0m[2m:[0m reuse idle connection for ("http", 192.168.0.14:8545)
[2m2025-12-10T10:09:41.527038Z[0m [34mDEBUG[0m [2mhyper::proto::h1::io[0m[2m:[0m flushed 172 bytes
[2m2025-12-10T10:09:41.527111Z[0m [34mDEBUG[0m [2methereum_transaction_pool_monitor::eth_client[0m[2m:[0m 📨 Received WebSocket message: {"jsonrpc":"2.0","method":"eth_subscription","params":{"subscription":"0xbed0a0851463e895960a451075a301a9","result":"0x5bfa6852c63a6f22fa102449877617d6fe9ad2caa9dc678f72620a74d4f5481e"}}
[2m2025-12-10T10:09:41.527120Z[0m [34mDEBUG[0m [2methereum_transaction_pool_monitor::eth_client[0m[2m:[0m 📨 Received pending transaction: 0x5bfa6852c63a6f22fa102449877617d6fe9ad2caa9dc678f72620a74d4f5481e
[2m2025-12-10T10:09:41.527125Z[0m [34mDEBUG[0m [2methereum_transaction_pool_monitor::eth_client[0m[2m:[0m 📨 Received WebSocket message: {"jsonrpc":"2.0","method":"eth_subscription","params":{"subscription":"0xbed0a0851463e895960a451075a301a9","result":"0xd14e2142105a2049c1ebcb44083d3d8172ec0f05ef51df6d1a5f03d385cddeed"}}
[2m2025-12-10T10:09:41.527129Z[0m [34mDEBUG[0m [2methereum_transaction_pool_monitor::eth_client[0m[2m:[0m 📨 Received pending transaction: 0xd14e2142105a2049c1ebcb44083d3d8172ec0f05ef51df6d1a5f03d385cddeed
[2m2025-12-10T10:09:41.527133Z[0m [34mDEBUG[0m [2methereum_transaction_pool_monitor::eth_client[0m[2m:[0m 📨 Received WebSocket message: {"jsonrpc":"2.0","method":"eth_subscription","params":{"subscription":"0xbed0a0851463e895960a451075a301a9","result":"0xbd85209ff7afbce7f8d1f5f30899f7ff94eff84ff98b4e54ab09d7ecd06c2d5a"}}
[2m2025-12-10T10:09:41.527137Z[0m [34mDEBUG[0m [2methereum_transaction_pool_monitor::eth_client[0m[2m:[0m 📨 Received pending transaction: 0xbd85209ff7afbce7f8d1f5f30899f7ff94eff84ff98b4e54ab09d7ecd06c2d5a
[2m2025-12-10T10:09:41.527141Z[0m [34mDEBUG[0m [2methereum_transaction_pool_monitor::eth_client[0m[2m:[0m 📨 Received WebSocket message: {"jsonrpc":"2.0","method":"eth_subscription","params":{"subscription":"0xbed0a0851463e895960a451075a301a9","result":"0x12aced01fec69620a32f77c5a29f25ffc81648c1b72b7292058c220da4c3704d"}}
[2m2025-12-10T10:09:41.527145Z[0m [34mDEBUG[0m [2methereum_transaction_pool_monitor::eth_client[0m[2m:[0m 📨 Received pending transaction: 0x12aced01fec69620a32f77c5a29f25ffc81648c1b72b7292058c220da4c3704d
[2m2025-12-10T10:09:41.527149Z[0m [34mDEBUG[0m [2methereum_transaction_pool_monitor::eth_client[0m[2m:[0m 📨 Received WebSocket message: {"jsonrpc":"2.0","method":"eth_subscription","params":{"subscription":"0xbed0a0851463e895960a451075a301a9","result":"0xbc7b28b5e32502559c64729b5d6ac974ba52cacacac7ebf872c8d6a7f32104ac"}}
[2m2025-12-10T10:09:41.527156Z[0m [34mDEBUG[0m [2methereum_transaction_pool_monitor::eth_client[0m[2m:[0m 📨 Received pending transaction: 0xbc7b28b5e32502559c64729b5d6ac974ba52cacacac7ebf872c8d6a7f32104ac
[2m2025-12-10T10:09:41.532434Z[0m [34mDEBUG[0m [2mhyper::proto::h1::io[0m[2m:[0m parsed 4 headers
[2m2025-12-10T10:09:41.532434Z[0m [34mDEBUG[0m [2mhyper::proto::h1::io[0m[2m:[0m parsed 4 headers
[2m2025-12-10T10:09:41.532448Z[0m [34mDEBUG[0m [2mhyper::proto::h1::conn[0m[2m:[0m incoming body is content-length (647 bytes)
[2m2025-12-10T10:09:41.532452Z[0m [34mDEBUG[0m [2mhyper::proto::h1::conn[0m[2m:[0m incoming body is content-length (45 bytes)
[2m2025-12-10T10:09:41.532458Z[0m [34mDEBUG[0m [2mhyper::proto::h1::conn[0m[2m:[0m incoming body completed
[2m2025-12-10T10:09:41.532459Z[0m [34mDEBUG[0m [2mhyper::proto::h1::conn[0m[2m:[0m incoming body completed
[2m2025-12-10T10:09:41.532472Z[0m [34mDEBUG[0m [2mhyper::client::pool[0m[2m:[0m pooling idle connection for ("http", 192.168.0.14:8545)
[2m2025-12-10T10:09:41.532472Z[0m [34mDEBUG[0m [2mhyper::client::pool[0m[2m:[0m pooling idle connection for ("http", 192.168.0.14:8545)
[2m2025-12-10T10:09:41.532481Z[0m [34mDEBUG[0m [2methereum_transaction_pool_monitor::eth_client[0m[2m:[0m 📡 Transaction fetch RPC completed in 5.535292ms
[2m2025-12-10T10:09:41.597604Z[0m [34mDEBUG[0m [2mhyper::client::pool[0m[2m:[0m reuse idle connection for ("http", 192.168.0.14:8545)
[2m2025-12-10T10:09:41.597778Z[0m [34mDEBUG[0m [2mhyper::proto::h1::io[0m[2m:[0m flushed 172 bytes
[2m2025-12-10T10:09:41.602114Z[0m [34mDEBUG[0m [2mhyper::proto::h1::io[0m[2m:[0m parsed 4 headers
[2m2025-12-10T10:09:41.602132Z[0m [34mDEBUG[0m [2mhyper::proto::h1::conn[0m[2m:[0m incoming body is content-length (45 bytes)
[2m2025-12-10T10:09:41.602140Z[0m [34mDEBUG[0m [2mhyper::proto::h1::conn[0m[2m:[0m incoming body completed
[2m2025-12-10T10:09:41.602151Z[0m [34mDEBUG[0m [2mhyper::client::pool[0m[2m:[0m pooling idle connection for ("http", 192.168.0.14:8545)
[2m2025-12-10T10:09:41.605892Z[0m [34mDEBUG[0m [2methereum_transaction_pool_monitor::eth_client[0m[2m:[0m ✅ Transaction 0xf952d1009f985e5d1753bc3643951e4563d8acbc1bda2ef5b11e2ddb39ce757d fetched and parsed in 78.945292ms
[2m2025-12-10T10:09:41.605906Z[0m [34mDEBUG[0m [2methereum_transaction_pool_monitor::mempool_monitor[0m[2m:[0m 🔍 Skipping tx 0xf952d1009f985e5d1753bc3643951e4563d8acbc1bda2ef5b11e2ddb39ce757d - not a DEX interaction (target: 0xb5d85CBf7cB3EE0D56b3bB207D5Fc4B82f43F511)
[2m2025-12-10T10:09:41.605917Z[0m [34mDEBUG[0m [2methereum_transaction_pool_monitor::mempool_monitor[0m[2m:[0m 📨 Processing new pending transaction: 0xc04a524e7ef7ad82df98c8d58fd301bd3ac176f6df06c94954f592f6a755b93c
[2m2025-12-10T10:09:41.605924Z[0m [34mDEBUG[0m [2methereum_transaction_pool_monitor::mempool_monitor[0m[2m:[0m 🔍 Fetching transaction details for: 0xc04a524e7ef7ad82df98c8d58fd301bd3ac176f6df06c94954f592f6a755b93c
[2m2025-12-10T10:09:41.605932Z[0m [34mDEBUG[0m [2methereum_transaction_pool_monitor::eth_client[0m[2m:[0m 🔍 Fetching transaction details for hash: 0xc04a524e7ef7ad82df98c8d58fd301bd3ac176f6df06c94954f592f6a755b93c
[2m2025-12-10T10:09:41.605949Z[0m [34mDEBUG[0m [2mhyper::client::pool[0m[2m:[0m reuse idle connection for ("http", 192.168.0.14:8545)
[2m2025-12-10T10:09:41.605990Z[0m [34mDEBUG[0m [2mhyper::proto::h1::io[0m[2m:[0m flushed 250 bytes
[2m2025-12-10T10:09:41.614851Z[0m [34mDEBUG[0m [2methereum_transaction_pool_monitor::eth_client[0m[2m:[0m 📨 Received WebSocket message: {"jsonrpc":"2.0","method":"eth_subscription","params":{"subscription":"0xbed0a0851463e895960a451075a301a9","result":"0xe8699b4674b63908bb52ad1177745622579e953a47227c49dabcdee10c2f119d"}}
[2m2025-12-10T10:09:41.615839Z[0m [34mDEBUG[0m [2methereum_transaction_pool_monitor::eth_client[0m[2m:[0m 📨 Received pending transaction: 0xe8699b4674b63908bb52ad1177745622579e953a47227c49dabcdee10c2f119d
[2m2025-12-10T10:09:41.615846Z[0m [34mDEBUG[0m [2methereum_transaction_pool_monitor::eth_client[0m[2m:[0m 📨 Received WebSocket message: {"jsonrpc":"2.0","method":"eth_subscription","params":{"subscription":"0xbed0a0851463e895960a451075a301a9","result":"0xb54aa935a75ba64b414677281ca7c21f8b8e2d46dbeea61662caedf8721bd42c"}}
[2m2025-12-10T10:09:41.615854Z[0m [34mDEBUG[0m [2methereum_transaction_pool_monitor::eth_client[0m[2m:[0m 📨 Received pending transaction: 0xb54aa935a75ba64b414677281ca7c21f8b8e2d46dbeea61662caedf8721bd42c
[2m2025-12-10T10:09:41.615869Z[0m [34mDEBUG[0m [2mhyper::proto::h1::io[0m[2m:[0m parsed 4 headers
[2m2025-12-10T10:09:41.615874Z[0m [34mDEBUG[0m [2mhyper::proto::h1::conn[0m[2m:[0m incoming body is content-length (646 bytes)
[2m2025-12-10T10:09:41.615889Z[0m [34mDEBUG[0m [2mhyper::proto::h1::conn[0m[2m:[0m incoming body completed
[2m2025-12-10T10:09:41.615901Z[0m [34mDEBUG[0m [2mhyper::client::pool[0m[2m:[0m pooling idle connection for ("http", 192.168.0.14:8545)
[2m2025-12-10T10:09:41.615910Z[0m [34mDEBUG[0m [2methereum_transaction_pool_monitor::eth_client[0m[2m:[0m 📡 Transaction fetch RPC completed in 9.972542ms
[2m2025-12-10T10:09:41.687997Z[0m [34mDEBUG[0m [2methereum_transaction_pool_monitor::eth_client[0m[2m:[0m ✅ Transaction 0xc04a524e7ef7ad82df98c8d58fd301bd3ac176f6df06c94954f592f6a755b93c fetched and parsed in 82.056084ms
[2m2025-12-10T10:09:41.688027Z[0m [34mDEBUG[0m [2methereum_transaction_pool_monitor::mempool_monitor[0m[2m:[0m 🔍 Skipping tx 0xc04a524e7ef7ad82df98c8d58fd301bd3ac176f6df06c94954f592f6a755b93c - not a DEX interaction (target: 0xA9D1e08C7793af67e9d92fe308d5697FB81d3E43)
[2m2025-12-10T10:09:41.688037Z[0m [34mDEBUG[0m [2methereum_transaction_pool_monitor::mempool_monitor[0m[2m:[0m 📨 Processing new pending transaction: 0x7f05af26d8740ed763acacb9f2eaba1725cedc29ca77097f0e42770d5fb35ec3
[2m2025-12-10T10:09:41.688044Z[0m [34mDEBUG[0m [2methereum_transaction_pool_monitor::mempool_monitor[0m[2m:[0m 🔍 Fetching transaction details for: 0x7f05af26d8740ed763acacb9f2eaba1725cedc29ca77097f0e42770d5fb35ec3
[2m2025-12-10T10:09:41.688051Z[0m [34mDEBUG[0m [2methereum_transaction_pool_monitor::eth_client[0m[2m:[0m 🔍 Fetching transaction details for hash: 0x7f05af26d8740ed763acacb9f2eaba1725cedc29ca77097f0e42770d5fb35ec3
[2m2025-12-10T10:09:41.688069Z[0m [34mDEBUG[0m [2mhyper::client::pool[0m[2m:[0m reuse idle connection for ("http", 192.168.0.14:8545)
[2m2025-12-10T10:09:41.688117Z[0m [34mDEBUG[0m [2mhyper::proto::h1::io[0m[2m:[0m flushed 250 bytes
[2m2025-12-10T10:09:41.688137Z[0m [34mDEBUG[0m [2methereum_transaction_pool_monitor::eth_client[0m[2m:[0m 📨 Received WebSocket message: {"jsonrpc":"2.0","method":"eth_subscription","params":{"subscription":"0xbed0a0851463e895960a451075a301a9","result":"0x979ef73c9dede3b2077cbceaa5c9116a720b7947b51f0e792dff370b1496dd03"}}
[2m2025-12-10T10:09:41.688144Z[0m [34mDEBUG[0m [2methereum_transaction_pool_monitor::eth_client[0m[2m:[0m 📨 Received pending transaction: 0x979ef73c9dede3b2077cbceaa5c9116a720b7947b51f0e792dff370b1496dd03
[2m2025-12-10T10:09:41.692640Z[0m [34mDEBUG[0m [2mhyper::proto::h1::io[0m[2m:[0m parsed 4 headers
[2m2025-12-10T10:09:41.696396Z[0m [34mDEBUG[0m [2mhyper::proto::h1::conn[0m[2m:[0m incoming body is content-length (647 bytes)
[2m2025-12-10T10:09:41.696407Z[0m [34mDEBUG[0m [2mhyper::proto::h1::conn[0m[2m:[0m incoming body completed
[2m2025-12-10T10:09:41.696421Z[0m [34mDEBUG[0m [2mhyper::client::pool[0m[2m:[0m pooling idle connection for ("http", 192.168.0.14:8545)
[2m2025-12-10T10:09:41.696429Z[0m [34mDEBUG[0m [2methereum_transaction_pool_monitor::eth_client[0m[2m:[0m 📡 Transaction fetch RPC completed in 8.374167ms
[2m2025-12-10T10:09:41.768146Z[0m [34mDEBUG[0m [2methereum_transaction_pool_monitor::eth_client[0m[2m:[0m ✅ Transaction 0x7f05af26d8740ed763acacb9f2eaba1725cedc29ca77097f0e42770d5fb35ec3 fetched and parsed in 80.088542ms
[2m2025-12-10T10:09:41.768174Z[0m [34mDEBUG[0m [2methereum_transaction_pool_monitor::mempool_monitor[0m[2m:[0m 🔍 Skipping tx 0x7f05af26d8740ed763acacb9f2eaba1725cedc29ca77097f0e42770d5fb35ec3 - not a DEX interaction (target: 0xb5d85CBf7cB3EE0D56b3bB207D5Fc4B82f43F511)
[2m2025-12-10T10:09:41.768183Z[0m [34mDEBUG[0m [2methereum_transaction_pool_monitor::mempool_monitor[0m[2m:[0m 📨 Processing new pending transaction: 0x4a0e4de53b93b5f3df6844cc6b7ef873a34e99d01a394a21a546fa954e05d5da
[2m2025-12-10T10:09:41.768193Z[0m [34mDEBUG[0m [2methereum_transaction_pool_monitor::mempool_monitor[0m[2m:[0m 🔍 Fetching transaction details for: 0x4a0e4de53b93b5f3df6844cc6b7ef873a34e99d01a394a21a546fa954e05d5da
[2m2025-12-10T10:09:41.768200Z[0m [34mDEBUG[0m [2methereum_transaction_pool_monitor::eth_client[0m[2m:[0m 🔍 Fetching transaction details for hash: 0x4a0e4de53b93b5f3df6844cc6b7ef873a34e99d01a394a21a546fa954e05d5da
[2m2025-12-10T10:09:41.768218Z[0m [34mDEBUG[0m [2mhyper::client::pool[0m[2m:[0m reuse idle connection for ("http", 192.168.0.14:8545)
[2m2025-12-10T10:09:41.768265Z[0m [34mDEBUG[0m [2mhyper::proto::h1::io[0m[2m:[0m flushed 250 bytes
[2m2025-12-10T10:09:41.768288Z[0m [34mDEBUG[0m [2mhyper::client::pool[0m[2m:[0m reuse idle connection for ("http", 192.168.0.14:8545)
[2m2025-12-10T10:09:41.768301Z[0m [34mDEBUG[0m [2mhyper::proto::h1::io[0m[2m:[0m flushed 172 bytes
[2m2025-12-10T10:09:41.768314Z[0m [34mDEBUG[0m [2methereum_transaction_pool_monitor::eth_client[0m[2m:[0m 📨 Received WebSocket message: {"jsonrpc":"2.0","method":"eth_subscription","params":{"subscription":"0xbed0a0851463e895960a451075a301a9","result":"0xbcb7292cb1361d8755a4f56537c073f82ecbeda31fa2f6d8038dd505e8e173a8"}}
[2m2025-12-10T10:09:41.768324Z[0m [34mDEBUG[0m [2methereum_transaction_pool_monitor::eth_client[0m[2m:[0m 📨 Received pending transaction: 0xbcb7292cb1361d8755a4f56537c073f82ecbeda31fa2f6d8038dd505e8e173a8
[2m2025-12-10T10:09:41.772865Z[0m [34mDEBUG[0m [2mhyper::proto::h1::io[0m[2m:[0m parsed 4 headers
[2m2025-12-10T10:09:41.772882Z[0m [34mDEBUG[0m [2mhyper::proto::h1::conn[0m[2m:[0m incoming body is content-length (45 bytes)
[2m2025-12-10T10:09:41.772890Z[0m [34mDEBUG[0m [2mhyper::proto::h1::conn[0m[2m:[0m incoming body completed
[2m2025-12-10T10:09:41.772900Z[0m [34mDEBUG[0m [2mhyper::client::pool[0m[2m:[0m pooling idle connection for ("http", 192.168.0.14:8545)
[2m2025-12-10T10:09:41.773518Z[0m [34mDEBUG[0m [2mhyper::proto::h1::io[0m[2m:[0m parsed 4 headers
[2m2025-12-10T10:09:41.773527Z[0m [34mDEBUG[0m [2mhyper::proto::h1::conn[0m[2m:[0m incoming body is content-length (648 bytes)
[2m2025-12-10T10:09:41.773532Z[0m [34mDEBUG[0m [2mhyper::proto::h1::conn[0m[2m:[0m incoming body completed
[2m2025-12-10T10:09:41.773538Z[0m [34mDEBUG[0m [2mhyper::client::pool[0m[2m:[0m pooling idle connection for ("http", 192.168.0.14:8545)
[2m2025-12-10T10:09:41.773543Z[0m [34mDEBUG[0m [2methereum_transaction_pool_monitor::eth_client[0m[2m:[0m 📡 Transaction fetch RPC completed in 5.338666ms
[2m2025-12-10T10:09:41.844960Z[0m [34mDEBUG[0m [2methereum_transaction_pool_monitor::eth_client[0m[2m:[0m ✅ Transaction 0x4a0e4de53b93b5f3df6844cc6b7ef873a34e99d01a394a21a546fa954e05d5da fetched and parsed in 76.753041ms
[2m2025-12-10T10:09:41.844991Z[0m [34mDEBUG[0m [2methereum_transaction_pool_monitor::mempool_monitor[0m[2m:[0m 🔍 Skipping tx 0x4a0e4de53b93b5f3df6844cc6b7ef873a34e99d01a394a21a546fa954e05d5da - not a DEX interaction (target: 0xA9D1e08C7793af67e9d92fe308d5697FB81d3E43)
[2m2025-12-10T10:09:41.845001Z[0m [34mDEBUG[0m [2methereum_transaction_pool_monitor::mempool_monitor[0m[2m:[0m 📨 Processing new pending transaction: 0x94bb18e55bb03f7055a830d3a30d1eb7f3b046ee8f2b420b4ff5515a30310101
[2m2025-12-10T10:09:41.845007Z[0m [34mDEBUG[0m [2methereum_transaction_pool_monitor::mempool_monitor[0m[2m:[0m 🔍 Fetching transaction details for: 0x94bb18e55bb03f7055a830d3a30d1eb7f3b046ee8f2b420b4ff5515a30310101
[2m2025-12-10T10:09:41.845013Z[0m [34mDEBUG[0m [2methereum_transaction_pool_monitor::eth_client[0m[2m:[0m 🔍 Fetching transaction details for hash: 0x94bb18e55bb03f7055a830d3a30d1eb7f3b046ee8f2b420b4ff5515a30310101
[2m2025-12-10T10:09:41.845039Z[0m [34mDEBUG[0m [2mhyper::client::pool[0m[2m:[0m reuse idle connection for ("http", 192.168.0.14:8545)
[2m2025-12-10T10:09:41.845077Z[0m [34mDEBUG[0m [2mhyper::proto::h1::io[0m[2m:[0m flushed 250 bytes
[2m2025-12-10T10:09:41.845098Z[0m [34mDEBUG[0m [2mhyper::client::pool[0m[2m:[0m reuse idle connection for ("http", 192.168.0.14:8545)
[2m2025-12-10T10:09:41.845110Z[0m [34mDEBUG[0m [2methereum_transaction_pool_monitor::eth_client[0m[2m:[0m 📨 Received WebSocket message: {"jsonrpc":"2.0","method":"eth_subscription","params":{"subscription":"0xbed0a0851463e895960a451075a301a9","result":"0x373a0cdbbf6c2cda3fea7c20cb33c7ab270f70401226b00f234e923e1401c812"}}
[2m2025-12-10T10:09:41.845123Z[0m [34mDEBUG[0m [2methereum_transaction_pool_monitor::eth_client[0m[2m:[0m 📨 Received pending transaction: 0x373a0cdbbf6c2cda3fea7c20cb33c7ab270f70401226b00f234e923e1401c812
[2m2025-12-10T10:09:41.845113Z[0m [34mDEBUG[0m [2mhyper::proto::h1::io[0m[2m:[0m flushed 172 bytes
[2m2025-12-10T10:09:41.845129Z[0m [34mDEBUG[0m [2methereum_transaction_pool_monitor::eth_client[0m[2m:[0m 📨 Received WebSocket message: {"jsonrpc":"2.0","method":"eth_subscription","params":{"subscription":"0xbed0a0851463e895960a451075a301a9","result":"0xdad3fa2c224807ce24e19078e7419b9904603a10efce4cd8946d563cd1b81a88"}}
[2m2025-12-10T10:09:41.845172Z[0m [34mDEBUG[0m [2methereum_transaction_pool_monitor::eth_client[0m[2m:[0m 📨 Received pending transaction: 0xdad3fa2c224807ce24e19078e7419b9904603a10efce4cd8946d563cd1b81a88
[2m2025-12-10T10:09:41.850201Z[0m [34mDEBUG[0m [2mhyper::proto::h1::io[0m[2m:[0m parsed 4 headers
[2m2025-12-10T10:09:41.850225Z[0m [34mDEBUG[0m [2mhyper::proto::h1::conn[0m[2m:[0m incoming body is content-length (45 bytes)
[2m2025-12-10T10:09:41.850259Z[0m [34mDEBUG[0m [2mhyper::proto::h1::conn[0m[2m:[0m incoming body completed
[2m2025-12-10T10:09:41.850269Z[0m [34mDEBUG[0m [2mhyper::client::pool[0m[2m:[0m pooling idle connection for ("http", 192.168.0.14:8545)
[2m2025-12-10T10:09:41.854385Z[0m [34mDEBUG[0m [2mhyper::proto::h1::io[0m[2m:[0m parsed 4 headers
[2m2025-12-10T10:09:41.854397Z[0m [34mDEBUG[0m [2mhyper::proto::h1::conn[0m[2m:[0m incoming body is content-length (647 bytes)
[2m2025-12-10T10:09:41.854403Z[0m [34mDEBUG[0m [2mhyper::proto::h1::conn[0m[2m:[0m incoming body completed
[2m2025-12-10T10:09:41.854410Z[0m [34mDEBUG[0m [2mhyper::client::pool[0m[2m:[0m pooling idle connection for ("http", 192.168.0.14:8545)
[2m2025-12-10T10:09:41.854416Z[0m [34mDEBUG[0m [2methereum_transaction_pool_monitor::eth_client[0m[2m:[0m 📡 Transaction fetch RPC completed in 9.397416ms
[2m2025-12-10T10:09:41.926055Z[0m [34mDEBUG[0m [2methereum_transaction_pool_monitor::eth_client[0m[2m:[0m ✅ Transaction 0x94bb18e55bb03f7055a830d3a30d1eb7f3b046ee8f2b420b4ff5515a30310101 fetched and parsed in 81.032875ms
[2m2025-12-10T10:09:41.926090Z[0m [34mDEBUG[0m [2methereum_transaction_pool_monitor::mempool_monitor[0m[2m:[0m 🔍 Skipping tx 0x94bb18e55bb03f7055a830d3a30d1eb7f3b046ee8f2b420b4ff5515a30310101 - not a DEX interaction (target: 0xb5d85CBf7cB3EE0D56b3bB207D5Fc4B82f43F511)
[2m2025-12-10T10:09:41.926101Z[0m [34mDEBUG[0m [2methereum_transaction_pool_monitor::mempool_monitor[0m[2m:[0m 📨 Processing new pending transaction: 0x36cb90efe78e6de6073e77e8b17ccd08ff335d8c9c0102a1af61fa7a1a57cf05
[2m2025-12-10T10:09:41.926108Z[0m [34mDEBUG[0m [2methereum_transaction_pool_monitor::mempool_monitor[0m[2m:[0m 🔍 Fetching transaction details for: 0x36cb90efe78e6de6073e77e8b17ccd08ff335d8c9c0102a1af61fa7a1a57cf05
[2m2025-12-10T10:09:41.926115Z[0m [34mDEBUG[0m [2methereum_transaction_pool_monitor::eth_client[0m[2m:[0m 🔍 Fetching transaction details for hash: 0x36cb90efe78e6de6073e77e8b17ccd08ff335d8c9c0102a1af61fa7a1a57cf05
[2m2025-12-10T10:09:41.926147Z[0m [34mDEBUG[0m [2mhyper::client::pool[0m[2m:[0m reuse idle connection for ("http", 192.168.0.14:8545)
[2m2025-12-10T10:09:41.926180Z[0m [34mDEBUG[0m [2mhyper::proto::h1::io[0m[2m:[0m flushed 250 bytes
[2m2025-12-10T10:09:41.926211Z[0m [34mDEBUG[0m [2mhyper::client::pool[0m[2m:[0m reuse idle connection for ("http", 192.168.0.14:8545)
[2m2025-12-10T10:09:41.926229Z[0m [34mDEBUG[0m [2mhyper::proto::h1::io[0m[2m:[0m flushed 172 bytes
[2m2025-12-10T10:09:41.930993Z[0m [34mDEBUG[0m [2mhyper::proto::h1::io[0m[2m:[0m parsed 4 headers
[2m2025-12-10T10:09:41.931002Z[0m [34mDEBUG[0m [2mhyper::proto::h1::conn[0m[2m:[0m incoming body is content-length (647 bytes)
[2m2025-12-10T10:09:41.931010Z[0m [34mDEBUG[0m [2mhyper::proto::h1::conn[0m[2m:[0m incoming body completed
[2m2025-12-10T10:09:41.931020Z[0m [34mDEBUG[0m [2mhyper::client::pool[0m[2m:[0m pooling idle connection for ("http", 192.168.0.14:8545)
[2m2025-12-10T10:09:41.931027Z[0m [34mDEBUG[0m [2methereum_transaction_pool_monitor::eth_client[0m[2m:[0m 📡 Transaction fetch RPC completed in 4.907834ms
[2m2025-12-10T10:09:42.003239Z[0m [34mDEBUG[0m [2methereum_transaction_pool_monitor::eth_client[0m[2m:[0m ✅ Transaction 0x36cb90efe78e6de6073e77e8b17ccd08ff335d8c9c0102a1af61fa7a1a57cf05 fetched and parsed in 77.116167ms
[2m2025-12-10T10:09:42.003266Z[0m [34mDEBUG[0m [2methereum_transaction_pool_monitor::mempool_monitor[0m[2m:[0m 🔍 Skipping tx 0x36cb90efe78e6de6073e77e8b17ccd08ff335d8c9c0102a1af61fa7a1a57cf05 - not a DEX interaction (target: 0xb5d85CBf7cB3EE0D56b3bB207D5Fc4B82f43F511)
[2m2025-12-10T10:09:42.003276Z[0m [34mDEBUG[0m [2methereum_transaction_pool_monitor::mempool_monitor[0m[2m:[0m 📨 Processing new pending transaction: 0x0aa83d006a3af501bbc6930a251ca4e44f7c23bf98b8b9234a574b7267444acf
[2m2025-12-10T10:09:42.003283Z[0m [34mDEBUG[0m [2methereum_transaction_pool_monitor::mempool_monitor[0m[2m:[0m 🔍 Fetching transaction details for: 0x0aa83d006a3af501bbc6930a251ca4e44f7c23bf98b8b9234a574b7267444acf
[2m2025-12-10T10:09:42.003289Z[0m [34mDEBUG[0m [2methereum_transaction_pool_monitor::eth_client[0m[2m:[0m 🔍 Fetching transaction details for hash: 0x0aa83d006a3af501bbc6930a251ca4e44f7c23bf98b8b9234a574b7267444acf
[2m2025-12-10T10:09:42.003309Z[0m [34mDEBUG[0m [2mhyper::client::pool[0m[2m:[0m reuse idle connection for ("http", 192.168.0.14:8545)
[2m2025-12-10T10:09:42.003357Z[0m [34mDEBUG[0m [2mhyper::proto::h1::io[0m[2m:[0m flushed 250 bytes
[2m2025-12-10T10:09:42.003381Z[0m [34mDEBUG[0m [2methereum_transaction_pool_monitor::eth_client[0m[2m:[0m 📨 Received WebSocket message: {"jsonrpc":"2.0","method":"eth_subscription","params":{"subscription":"0xbed0a0851463e895960a451075a301a9","result":"0xe866310cfc3b0799606f72f7dff29d2041a765c7e5ddbdb5c68343525d5e7c5a"}}
[2m2025-12-10T10:09:42.003391Z[0m [34mDEBUG[0m [2methereum_transaction_pool_monitor::eth_client[0m[2m:[0m 📨 Received pending transaction: 0xe866310cfc3b0799606f72f7dff29d2041a765c7e5ddbdb5c68343525d5e7c5a
[2m2025-12-10T10:09:42.003410Z[0m [34mDEBUG[0m [2mhyper::proto::h1::io[0m[2m:[0m parsed 4 headers
[2m2025-12-10T10:09:42.003416Z[0m [34mDEBUG[0m [2mhyper::proto::h1::conn[0m[2m:[0m incoming body is content-length (45 bytes)
[2m2025-12-10T10:09:42.003424Z[0m [34mDEBUG[0m [2mhyper::proto::h1::conn[0m[2m:[0m incoming body completed
[2m2025-12-10T10:09:42.003433Z[0m [34mDEBUG[0m [2mhyper::client::pool[0m[2m:[0m pooling idle connection for ("http", 192.168.0.14:8545)
[2m2025-12-10T10:09:42.003447Z[0m [34mDEBUG[0m [2mhyper::client::pool[0m[2m:[0m reuse idle connection for ("http", 192.168.0.14:8545)
[2m2025-12-10T10:09:42.003462Z[0m [34mDEBUG[0m [2mhyper::proto::h1::io[0m[2m:[0m flushed 172 bytes
[2m2025-12-10T10:09:42.009279Z[0m [34mDEBUG[0m [2mhyper::proto::h1::io[0m[2m:[0m parsed 4 headers
[2m2025-12-10T10:09:42.009289Z[0m [34mDEBUG[0m [2mhyper::proto::h1::conn[0m[2m:[0m incoming body is content-length (45 bytes)
[2m2025-12-10T10:09:42.009297Z[0m [34mDEBUG[0m [2mhyper::proto::h1::conn[0m[2m:[0m incoming body completed
[2m2025-12-10T10:09:42.009307Z[0m [34mDEBUG[0m [2mhyper::client::pool[0m[2m:[0m pooling idle connection for ("http", 192.168.0.14:8545)
[2m2025-12-10T10:09:42.009325Z[0m [34mDEBUG[0m [2mhyper::proto::h1::io[0m[2m:[0m parsed 4 headers
[2m2025-12-10T10:09:42.009329Z[0m [34mDEBUG[0m [2mhyper::proto::h1::conn[0m[2m:[0m incoming body is content-length (647 bytes)
[2m2025-12-10T10:09:42.009333Z[0m [34mDEBUG[0m [2mhyper::proto::h1::conn[0m[2m:[0m incoming body completed
[2m2025-12-10T10:09:42.009339Z[0m [34mDEBUG[0m [2mhyper::client::pool[0m[2m:[0m pooling idle connection for ("http", 192.168.0.14:8545)
[2m2025-12-10T10:09:42.009344Z[0m [34mDEBUG[0m [2methereum_transaction_pool_monitor::eth_client[0m[2m:[0m 📡 Transaction fetch RPC completed in 6.049875ms
[2m2025-12-10T10:09:42.081569Z[0m [34mDEBUG[0m [2methereum_transaction_pool_monitor::eth_client[0m[2m:[0m ✅ Transaction 0x0aa83d006a3af501bbc6930a251ca4e44f7c23bf98b8b9234a574b7267444acf fetched and parsed in 78.272334ms
[2m2025-12-10T10:09:42.081600Z[0m [34mDEBUG[0m [2methereum_transaction_pool_monitor::mempool_monitor[0m[2m:[0m 🔍 Skipping tx 0x0aa83d006a3af501bbc6930a251ca4e44f7c23bf98b8b9234a574b7267444acf - not a DEX interaction (target: 0xA9D1e08C7793af67e9d92fe308d5697FB81d3E43)
[2m2025-12-10T10:09:42.081611Z[0m [34mDEBUG[0m [2methereum_transaction_pool_monitor::mempool_monitor[0m[2m:[0m 📨 Processing new pending transaction: 0xba324e0af2dfb05c5cdb8abc5a378a2d946b47f60785886d786af63d4c6c770d
[2m2025-12-10T10:09:42.081619Z[0m [34mDEBUG[0m [2methereum_transaction_pool_monitor::mempool_monitor[0m[2m:[0m 🔍 Fetching transaction details for: 0xba324e0af2dfb05c5cdb8abc5a378a2d946b47f60785886d786af63d4c6c770d
[2m2025-12-10T10:09:42.081625Z[0m [34mDEBUG[0m [2methereum_transaction_pool_monitor::eth_client[0m[2m:[0m 🔍 Fetching transaction details for hash: 0xba324e0af2dfb05c5cdb8abc5a378a2d946b47f60785886d786af63d4c6c770d
[2m2025-12-10T10:09:42.081646Z[0m [34mDEBUG[0m [2mhyper::client::pool[0m[2m:[0m reuse idle connection for ("http", 192.168.0.14:8545)
[2m2025-12-10T10:09:42.081682Z[0m [34mDEBUG[0m [2mhyper::proto::h1::io[0m[2m:[0m flushed 250 bytes
[2m2025-12-10T10:09:42.081706Z[0m [34mDEBUG[0m [2methereum_transaction_pool_monitor::eth_client[0m[2m:[0m 📨 Received WebSocket message: {"jsonrpc":"2.0","method":"eth_subscription","params":{"subscription":"0xbed0a0851463e895960a451075a301a9","result":"0x5a0831ddebfa137ffffa693059e522154384814df6abfe5cf38704e333150c8e"}}
[2m2025-12-10T10:09:42.081717Z[0m [34mDEBUG[0m [2methereum_transaction_pool_monitor::eth_client[0m[2m:[0m 📨 Received pending transaction: 0x5a0831ddebfa137ffffa693059e522154384814df6abfe5cf38704e333150c8e
[2m2025-12-10T10:09:42.091081Z[0m [34mDEBUG[0m [2mhyper::proto::h1::io[0m[2m:[0m parsed 4 headers
[2m2025-12-10T10:09:42.091093Z[0m [34mDEBUG[0m [2mhyper::proto::h1::conn[0m[2m:[0m incoming body is content-length (647 bytes)
[2m2025-12-10T10:09:42.091100Z[0m [34mDEBUG[0m [2mhyper::proto::h1::conn[0m[2m:[0m incoming body completed
[2m2025-12-10T10:09:42.091110Z[0m [34mDEBUG[0m [2mhyper::client::pool[0m[2m:[0m pooling idle connection for ("http", 192.168.0.14:8545)
[2m2025-12-10T10:09:42.091117Z[0m [34mDEBUG[0m [2methereum_transaction_pool_monitor::eth_client[0m[2m:[0m 📡 Transaction fetch RPC completed in 9.487209ms
[2m2025-12-10T10:09:42.162590Z[0m [34mDEBUG[0m [2methereum_transaction_pool_monitor::eth_client[0m[2m:[0m ✅ Transaction 0xba324e0af2dfb05c5cdb8abc5a378a2d946b47f60785886d786af63d4c6c770d fetched and parsed in 80.957584ms
[2m2025-12-10T10:09:42.162621Z[0m [34mDEBUG[0m [2methereum_transaction_pool_monitor::mempool_monitor[0m[2m:[0m 🔍 Skipping tx 0xba324e0af2dfb05c5cdb8abc5a378a2d946b47f60785886d786af63d4c6c770d - not a DEX interaction (target: 0xA9D1e08C7793af67e9d92fe308d5697FB81d3E43)
[2m2025-12-10T10:09:42.162634Z[0m [34mDEBUG[0m [2methereum_transaction_pool_monitor::mempool_monitor[0m[2m:[0m 📨 Processing new pending transaction: 0xa6dac67e61277fb99d2713fe5d2f4f414690fe03ae35de6de90b69003e1f1baf
[2m2025-12-10T10:09:42.162641Z[0m [34mDEBUG[0m [2methereum_transaction_pool_monitor::mempool_monitor[0m[2m:[0m 🔍 Fetching transaction details for: 0xa6dac67e61277fb99d2713fe5d2f4f414690fe03ae35de6de90b69003e1f1baf
[2m2025-12-10T10:09:42.162649Z[0m [34mDEBUG[0m [2methereum_transaction_pool_monitor::eth_client[0m[2m:[0m 🔍 Fetching transaction details for hash: 0xa6dac67e61277fb99d2713fe5d2f4f414690fe03ae35de6de90b69003e1f1baf
[2m2025-12-10T10:09:42.162670Z[0m [34mDEBUG[0m [2mhyper::client::pool[0m[2m:[0m reuse idle connection for ("http", 192.168.0.14:8545)
[2m2025-12-10T10:09:42.162710Z[0m [34mDEBUG[0m [2mhyper::proto::h1::io[0m[2m:[0m flushed 250 bytes
[2m2025-12-10T10:09:42.162738Z[0m [34mDEBUG[0m [2mhyper::client::pool[0m[2m:[0m reuse idle connection for ("http", 192.168.0.14:8545)
[2m2025-12-10T10:09:42.162758Z[0m [34mDEBUG[0m [2mhyper::proto::h1::io[0m[2m:[0m flushed 172 bytes
[2m2025-12-10T10:09:42.162824Z[0m [34mDEBUG[0m [2methereum_transaction_pool_monitor::eth_client[0m[2m:[0m 📨 Received WebSocket message: {"jsonrpc":"2.0","method":"eth_subscription","params":{"subscription":"0xbed0a0851463e895960a451075a301a9","result":"0x6583cee07c1502d8b2fc64bae8204107bc40b509dce0cf1d19892eeb5ab4fa55"}}
[2m2025-12-10T10:09:42.162837Z[0m [34mDEBUG[0m [2methereum_transaction_pool_monitor::eth_client[0m[2m:[0m 📨 Received pending transaction: 0x6583cee07c1502d8b2fc64bae8204107bc40b509dce0cf1d19892eeb5ab4fa55
[2m2025-12-10T10:09:42.162843Z[0m [34mDEBUG[0m [2methereum_transaction_pool_monitor::eth_client[0m[2m:[0m 📨 Received WebSocket message: {"jsonrpc":"2.0","method":"eth_subscription","params":{"subscription":"0xbed0a0851463e895960a451075a301a9","result":"0xc7dfed8ad5b90bed7eb10c21adaca6e1b83585c10a249c1b91a5fba31aea134f"}}
[2m2025-12-10T10:09:42.162849Z[0m [34mDEBUG[0m [2methereum_transaction_pool_monitor::eth_client[0m[2m:[0m 📨 Received pending transaction: 0xc7dfed8ad5b90bed7eb10c21adaca6e1b83585c10a249c1b91a5fba31aea134f
[2m2025-12-10T10:09:42.162854Z[0m [34mDEBUG[0m [2methereum_transaction_pool_monitor::eth_client[0m[2m:[0m 📨 Received WebSocket message: {"jsonrpc":"2.0","method":"eth_subscription","params":{"subscription":"0xbed0a0851463e895960a451075a301a9","result":"0x6e3bb16cee5e2b476c27638a888e7d7799fd41d497ed3cc983ef44a367ddeebc"}}
[2m2025-12-10T10:09:42.162861Z[0m [34mDEBUG[0m [2methereum_transaction_pool_monitor::eth_client[0m[2m:[0m 📨 Received pending transaction: 0x6e3bb16cee5e2b476c27638a888e7d7799fd41d497ed3cc983ef44a367ddeebc
[2m2025-12-10T10:09:42.162866Z[0m [34mDEBUG[0m [2methereum_transaction_pool_monitor::eth_client[0m[2m:[0m 📨 Received WebSocket message: {"jsonrpc":"2.0","method":"eth_subscription","params":{"subscription":"0xbed0a0851463e895960a451075a301a9","result":"0x60c82b1ee4fc0dc77f58639e714ca09b13c93d05852e3d043a6101e96509c194"}}
[2m2025-12-10T10:09:42.162871Z[0m [34mDEBUG[0m [2methereum_transaction_pool_monitor::eth_client[0m[2m:[0m 📨 Received pending transaction: 0x60c82b1ee4fc0dc77f58639e714ca09b13c93d05852e3d043a6101e96509c194
[2m2025-12-10T10:09:42.171800Z[0m [34mDEBUG[0m [2mhyper::proto::h1::io[0m[2m:[0m parsed 4 headers
[2m2025-12-10T10:09:42.171810Z[0m [34mDEBUG[0m [2mhyper::proto::h1::conn[0m[2m:[0m incoming body is content-length (647 bytes)
[2m2025-12-10T10:09:42.171817Z[0m [34mDEBUG[0m [2mhyper::proto::h1::conn[0m[2m:[0m incoming body completed
[2m2025-12-10T10:09:42.171827Z[0m [34mDEBUG[0m [2mhyper::client::pool[0m[2m:[0m pooling idle connection for ("http", 192.168.0.14:8545)
[2m2025-12-10T10:09:42.171834Z[0m [34mDEBUG[0m [2methereum_transaction_pool_monitor::eth_client[0m[2m:[0m 📡 Transaction fetch RPC completed in 9.180167ms
[2m2025-12-10T10:09:42.243665Z[0m [34mDEBUG[0m [2methereum_transaction_pool_monitor::eth_client[0m[2m:[0m ✅ Transaction 0xa6dac67e61277fb99d2713fe5d2f4f414690fe03ae35de6de90b69003e1f1baf fetched and parsed in 81.008958ms
[2m2025-12-10T10:09:42.243692Z[0m [34mDEBUG[0m [2methereum_transaction_pool_monitor::mempool_monitor[0m[2m:[0m 🔍 Skipping tx 0xa6dac67e61277fb99d2713fe5d2f4f414690fe03ae35de6de90b69003e1f1baf - not a DEX interaction (target: 0xb5d85CBf7cB3EE0D56b3bB207D5Fc4B82f43F511)
[2m2025-12-10T10:09:42.243703Z[0m [34mDEBUG[0m [2methereum_transaction_pool_monitor::mempool_monitor[0m[2m:[0m 📨 Processing new pending transaction: 0x38109e870173885a30e695e482356b3e331dd6cd59a26aa39ac10d9e7d051640
[2m2025-12-10T10:09:42.243709Z[0m [34mDEBUG[0m [2methereum_transaction_pool_monitor::mempool_monitor[0m[2m:[0m 🔍 Fetching transaction details for: 0x38109e870173885a30e695e482356b3e331dd6cd59a26aa39ac10d9e7d051640
[2m2025-12-10T10:09:42.243716Z[0m [34mDEBUG[0m [2methereum_transaction_pool_monitor::eth_client[0m[2m:[0m 🔍 Fetching transaction details for hash: 0x38109e870173885a30e695e482356b3e331dd6cd59a26aa39ac10d9e7d051640
[2m2025-12-10T10:09:42.243735Z[0m [34mDEBUG[0m [2mhyper::client::pool[0m[2m:[0m reuse idle connection for ("http", 192.168.0.14:8545)
[2m2025-12-10T10:09:42.243774Z[0m [34mDEBUG[0m [2mhyper::proto::h1::io[0m[2m:[0m flushed 250 bytes
[2m2025-12-10T10:09:42.243796Z[0m [34mDEBUG[0m [2methereum_transaction_pool_monitor::eth_client[0m[2m:[0m 📨 Received WebSocket message: {"jsonrpc":"2.0","method":"eth_subscription","params":{"subscription":"0xbed0a0851463e895960a451075a301a9","result":"0x62525eea183f915097a0d86668693097a76f4cf4a74eebf47af017b0a1225354"}}
[2m2025-12-10T10:09:42.243805Z[0m [34mDEBUG[0m [2methereum_transaction_pool_monitor::eth_client[0m[2m:[0m 📨 Received pending transaction: 0x62525eea183f915097a0d86668693097a76f4cf4a74eebf47af017b0a1225354
[2m2025-12-10T10:09:42.243810Z[0m [34mDEBUG[0m [2methereum_transaction_pool_monitor::eth_client[0m[2m:[0m 📨 Received WebSocket message: {"jsonrpc":"2.0","method":"eth_subscription","params":{"subscription":"0xbed0a0851463e895960a451075a301a9","result":"0x82dc11b0775a0c197410006ced01fb68406a6a0a679a659a6708f54e42672246"}}
[2m2025-12-10T10:09:42.243816Z[0m [34mDEBUG[0m [2methereum_transaction_pool_monitor::eth_client[0m[2m:[0m 📨 Received pending transaction: 0x82dc11b0775a0c197410006ced01fb68406a6a0a679a659a6708f54e42672246
[2m2025-12-10T10:09:42.243847Z[0m [34mDEBUG[0m [2mhyper::proto::h1::io[0m[2m:[0m parsed 4 headers
[2m2025-12-10T10:09:42.243853Z[0m [34mDEBUG[0m [2mhyper::proto::h1::conn[0m[2m:[0m incoming body is content-length (45 bytes)
[2m2025-12-10T10:09:42.243859Z[0m [34mDEBUG[0m [2mhyper::proto::h1::conn[0m[2m:[0m incoming body completed
[2m2025-12-10T10:09:42.243867Z[0m [34mDEBUG[0m [2mhyper::client::pool[0m[2m:[0m pooling idle connection for ("http", 192.168.0.14:8545)
[2m2025-12-10T10:09:42.243880Z[0m [34mDEBUG[0m [2mhyper::client::pool[0m[2m:[0m reuse idle connection for ("http", 192.168.0.14:8545)
[2m2025-12-10T10:09:42.243894Z[0m [34mDEBUG[0m [2mhyper::proto::h1::io[0m[2m:[0m flushed 172 bytes
[2m2025-12-10T10:09:42.247973Z[0m [34mDEBUG[0m [2mhyper::proto::h1::io[0m[2m:[0m parsed 4 headers
[2m2025-12-10T10:09:42.247983Z[0m [34mDEBUG[0m [2mhyper::proto::h1::conn[0m[2m:[0m incoming body is content-length (646 bytes)
[2m2025-12-10T10:09:42.247990Z[0m [34mDEBUG[0m [2mhyper::proto::h1::conn[0m[2m:[0m incoming body completed
[2m2025-12-10T10:09:42.247999Z[0m [34mDEBUG[0m [2mhyper::client::pool[0m[2m:[0m pooling idle connection for ("http", 192.168.0.14:8545)
[2m2025-12-10T10:09:42.248005Z[0m [34mDEBUG[0m [2methereum_transaction_pool_monitor::eth_client[0m[2m:[0m 📡 Transaction fetch RPC completed in 4.28475ms
[2m2025-12-10T10:09:42.318870Z[0m [34mDEBUG[0m [2methereum_transaction_pool_monitor::eth_client[0m[2m:[0m ✅ Transaction 0x38109e870173885a30e695e482356b3e331dd6cd59a26aa39ac10d9e7d051640 fetched and parsed in 75.147209ms
[2m2025-12-10T10:09:42.318901Z[0m [34mDEBUG[0m [2methereum_transaction_pool_monitor::mempool_monitor[0m[2m:[0m 🔍 Skipping tx 0x38109e870173885a30e695e482356b3e331dd6cd59a26aa39ac10d9e7d051640 - not a DEX interaction (target: 0xA9D1e08C7793af67e9d92fe308d5697FB81d3E43)
[2m2025-12-10T10:09:42.318912Z[0m [34mDEBUG[0m [2methereum_transaction_pool_monitor::mempool_monitor[0m[2m:[0m 📨 Processing new pending transaction: 0xbf77edc9a1aca7b5d8cfc0d9680bc9aa4fa86dfb24b4e59d6af078c02ad8335b
[2m2025-12-10T10:09:42.318919Z[0m [34mDEBUG[0m [2methereum_transaction_pool_monitor::mempool_monitor[0m[2m:[0m 🔍 Fetching transaction details for: 0xbf77edc9a1aca7b5d8cfc0d9680bc9aa4fa86dfb24b4e59d6af078c02ad8335b
[2m2025-12-10T10:09:42.318926Z[0m [34mDEBUG[0m [2methereum_transaction_pool_monitor::eth_client[0m[2m:[0m 🔍 Fetching transaction details for hash: 0xbf77edc9a1aca7b5d8cfc0d9680bc9aa4fa86dfb24b4e59d6af078c02ad8335b
[2m2025-12-10T10:09:42.318945Z[0m [34mDEBUG[0m [2mhyper::client::pool[0m[2m:[0m reuse idle connection for ("http", 192.168.0.14:8545)
[2m2025-12-10T10:09:42.318991Z[0m [34mDEBUG[0m [2mhyper::proto::h1::io[0m[2m:[0m flushed 250 bytes
[2m2025-12-10T10:09:42.319013Z[0m [34mDEBUG[0m [2methereum_transaction_pool_monitor::eth_client[0m[2m:[0m 📨 Received WebSocket message: {"jsonrpc":"2.0","method":"eth_subscription","params":{"subscription":"0xbed0a0851463e895960a451075a301a9","result":"0xfc12e81139125395f9dc5773905a433c1143cbfee012db555c8429cd25bc775d"}}
[2m2025-12-10T10:09:42.319028Z[0m [34mDEBUG[0m [2methereum_transaction_pool_monitor::eth_client[0m[2m:[0m 📨 Received pending transaction: 0xfc12e81139125395f9dc5773905a433c1143cbfee012db555c8429cd25bc775d
[2m2025-12-10T10:09:42.319065Z[0m [34mDEBUG[0m [2mhyper::proto::h1::io[0m[2m:[0m parsed 4 headers
[2m2025-12-10T10:09:42.319072Z[0m [34mDEBUG[0m [2mhyper::proto::h1::conn[0m[2m:[0m incoming body is content-length (45 bytes)
[2m2025-12-10T10:09:42.319081Z[0m [34mDEBUG[0m [2mhyper::proto::h1::conn[0m[2m:[0m incoming body completed
[2m2025-12-10T10:09:42.319094Z[0m [34mDEBUG[0m [2mhyper::client::pool[0m[2m:[0m pooling idle connection for ("http", 192.168.0.14:8545)
[2m2025-12-10T10:09:42.319111Z[0m [34mDEBUG[0m [2mhyper::client::pool[0m[2m:[0m reuse idle connection for ("http", 192.168.0.14:8545)
[2m2025-12-10T10:09:42.319126Z[0m [34mDEBUG[0m [2mhyper::proto::h1::io[0m[2m:[0m flushed 172 bytes
[2m2025-12-10T10:09:42.323851Z[0m [34mDEBUG[0m [2mhyper::proto::h1::io[0m[2m:[0m parsed 4 headers
[2m2025-12-10T10:09:42.323859Z[0m [34mDEBUG[0m [2mhyper::proto::h1::conn[0m[2m:[0m incoming body is content-length (647 bytes)
[2m2025-12-10T10:09:42.323868Z[0m [34mDEBUG[0m [2mhyper::proto::h1::conn[0m[2m:[0m incoming body completed
[2m2025-12-10T10:09:42.323881Z[0m [34mDEBUG[0m [2mhyper::client::pool[0m[2m:[0m pooling idle connection for ("http", 192.168.0.14:8545)
[2m2025-12-10T10:09:42.323890Z[0m [34mDEBUG[0m [2methereum_transaction_pool_monitor::eth_client[0m[2m:[0m 📡 Transaction fetch RPC completed in 4.959917ms
[2m2025-12-10T10:09:42.396607Z[0m [34mDEBUG[0m [2methereum_transaction_pool_monitor::eth_client[0m[2m:[0m ✅ Transaction 0xbf77edc9a1aca7b5d8cfc0d9680bc9aa4fa86dfb24b4e59d6af078c02ad8335b fetched and parsed in 77.674167ms
[2m2025-12-10T10:09:42.396637Z[0m [34mDEBUG[0m [2methereum_transaction_pool_monitor::mempool_monitor[0m[2m:[0m 🔍 Skipping tx 0xbf77edc9a1aca7b5d8cfc0d9680bc9aa4fa86dfb24b4e59d6af078c02ad8335b - not a DEX interaction (target: 0xA9D1e08C7793af67e9d92fe308d5697FB81d3E43)
[2m2025-12-10T10:09:42.396649Z[0m [34mDEBUG[0m [2methereum_transaction_pool_monitor::mempool_monitor[0m[2m:[0m 📨 Processing new pending transaction: 0x226c5bb76e3723fa96714cba18d0c48dd0bcf74af782973e3b24360825f5c2ba
[2m2025-12-10T10:09:42.396656Z[0m [34mDEBUG[0m [2methereum_transaction_pool_monitor::mempool_monitor[0m[2m:[0m 🔍 Fetching transaction details for: 0x226c5bb76e3723fa96714cba18d0c48dd0bcf74af782973e3b24360825f5c2ba
[2m2025-12-10T10:09:42.396663Z[0m [34mDEBUG[0m [2methereum_transaction_pool_monitor::eth_client[0m[2m:[0m 🔍 Fetching transaction details for hash: 0x226c5bb76e3723fa96714cba18d0c48dd0bcf74af782973e3b24360825f5c2ba
[2m2025-12-10T10:09:42.396683Z[0m [34mDEBUG[0m [2mhyper::client::pool[0m[2m:[0m reuse idle connection for ("http", 192.168.0.14:8545)
[2m2025-12-10T10:09:42.396727Z[0m [34mDEBUG[0m [2mhyper::proto::h1::io[0m[2m:[0m flushed 250 bytes
[2m2025-12-10T10:09:42.396743Z[0m [34mDEBUG[0m [2mhyper::proto::h1::io[0m[2m:[0m parsed 4 headers
[2m2025-12-10T10:09:42.396753Z[0m [34mDEBUG[0m [2mhyper::proto::h1::conn[0m[2m:[0m incoming body is content-length (45 bytes)
[2m2025-12-10T10:09:42.396762Z[0m [34mDEBUG[0m [2mhyper::proto::h1::conn[0m[2m:[0m incoming body completed
[2m2025-12-10T10:09:42.396777Z[0m [34mDEBUG[0m [2mhyper::client::pool[0m[2m:[0m pooling idle connection for ("http", 192.168.0.14:8545)
[2m2025-12-10T10:09:42.396795Z[0m [34mDEBUG[0m [2mhyper::client::pool[0m[2m:[0m reuse idle connection for ("http", 192.168.0.14:8545)
[2m2025-12-10T10:09:42.396811Z[0m [34mDEBUG[0m [2mhyper::proto::h1::io[0m[2m:[0m flushed 172 bytes
[2m2025-12-10T10:09:42.398191Z[0m [34mDEBUG[0m [2methereum_transaction_pool_monitor::eth_client[0m[2m:[0m 📨 Received WebSocket message: {"jsonrpc":"2.0","method":"eth_subscription","params":{"subscription":"0xbed0a0851463e895960a451075a301a9","result":"0xe82f6c697dc109c89d574caad2a49abf2cb9b1b67bf884411efcbc6cefb4d01a"}}
[2m2025-12-10T10:09:42.398203Z[0m [34mDEBUG[0m [2methereum_transaction_pool_monitor::eth_client[0m[2m:[0m 📨 Received pending transaction: 0xe82f6c697dc109c89d574caad2a49abf2cb9b1b67bf884411efcbc6cefb4d01a
[2m2025-12-10T10:09:42.401426Z[0m [34mDEBUG[0m [2mhyper::proto::h1::io[0m[2m:[0m parsed 4 headers
[2m2025-12-10T10:09:42.401431Z[0m [34mDEBUG[0m [2mhyper::proto::h1::conn[0m[2m:[0m incoming body is content-length (45 bytes)
[2m2025-12-10T10:09:42.401437Z[0m [34mDEBUG[0m [2mhyper::proto::h1::conn[0m[2m:[0m incoming body completed
[2m2025-12-10T10:09:42.401443Z[0m [34mDEBUG[0m [2mhyper::client::pool[0m[2m:[0m pooling idle connection for ("http", 192.168.0.14:8545)
[2m2025-12-10T10:09:42.401459Z[0m [34mDEBUG[0m [2mhyper::proto::h1::io[0m[2m:[0m parsed 4 headers
[2m2025-12-10T10:09:42.401466Z[0m [34mDEBUG[0m [2mhyper::proto::h1::conn[0m[2m:[0m incoming body is content-length (647 bytes)
[2m2025-12-10T10:09:42.401474Z[0m [34mDEBUG[0m [2mhyper::proto::h1::conn[0m[2m:[0m incoming body completed
[2m2025-12-10T10:09:42.401483Z[0m [34mDEBUG[0m [2mhyper::client::pool[0m[2m:[0m pooling idle connection for ("http", 192.168.0.14:8545)
[2m2025-12-10T10:09:42.401488Z[0m [34mDEBUG[0m [2methereum_transaction_pool_monitor::eth_client[0m[2m:[0m 📡 Transaction fetch RPC completed in 4.821125ms
[2m2025-12-10T10:09:42.473577Z[0m [34mDEBUG[0m [2methereum_transaction_pool_monitor::eth_client[0m[2m:[0m ✅ Transaction 0x226c5bb76e3723fa96714cba18d0c48dd0bcf74af782973e3b24360825f5c2ba fetched and parsed in 76.907291ms
[2m2025-12-10T10:09:42.473604Z[0m [34mDEBUG[0m [2methereum_transaction_pool_monitor::mempool_monitor[0m[2m:[0m 🔍 Skipping tx 0x226c5bb76e3723fa96714cba18d0c48dd0bcf74af782973e3b24360825f5c2ba - not a DEX interaction (target: 0xA9D1e08C7793af67e9d92fe308d5697FB81d3E43)
[2m2025-12-10T10:09:42.473615Z[0m [34mDEBUG[0m [2methereum_transaction_pool_monitor::mempool_monitor[0m[2m:[0m 📨 Processing new pending transaction: 0x3bfc72f10f11bd55031598511e3d916d0204f4ff293cff834b7e0c3a482ad96f
[2m2025-12-10T10:09:42.473622Z[0m [34mDEBUG[0m [2methereum_transaction_pool_monitor::mempool_monitor[0m[2m:[0m 🔍 Fetching transaction details for: 0x3bfc72f10f11bd55031598511e3d916d0204f4ff293cff834b7e0c3a482ad96f
[2m2025-12-10T10:09:42.473629Z[0m [34mDEBUG[0m [2methereum_transaction_pool_monitor::eth_client[0m[2m:[0m 🔍 Fetching transaction details for hash: 0x3bfc72f10f11bd55031598511e3d916d0204f4ff293cff834b7e0c3a482ad96f
[2m2025-12-10T10:09:42.473646Z[0m [34mDEBUG[0m [2mhyper::client::pool[0m[2m:[0m reuse idle connection for ("http", 192.168.0.14:8545)
[2m2025-12-10T10:09:42.473690Z[0m [34mDEBUG[0m [2mhyper::proto::h1::io[0m[2m:[0m flushed 250 bytes
[2m2025-12-10T10:09:42.473712Z[0m [34mDEBUG[0m [2methereum_transaction_pool_monitor::eth_client[0m[2m:[0m 📨 Received WebSocket message: {"jsonrpc":"2.0","method":"eth_subscription","params":{"subscription":"0xbed0a0851463e895960a451075a301a9","result":"0x7e34155206bacb0db4237f91ec545058cce2d822afa938da91c95f0bea051490"}}
[2m2025-12-10T10:09:42.473724Z[0m [34mDEBUG[0m [2methereum_transaction_pool_monitor::eth_client[0m[2m:[0m 📨 Received pending transaction: 0x7e34155206bacb0db4237f91ec545058cce2d822afa938da91c95f0bea051490
[2m2025-12-10T10:09:42.477675Z[0m [34mDEBUG[0m [2mhyper::proto::h1::io[0m[2m:[0m parsed 4 headers
[2m2025-12-10T10:09:42.480671Z[0m [34mDEBUG[0m [2mhyper::proto::h1::conn[0m[2m:[0m incoming body is content-length (648 bytes)
[2m2025-12-10T10:09:42.480713Z[0m [34mDEBUG[0m [2mhyper::proto::h1::conn[0m[2m:[0m incoming body completed
[2m2025-12-10T10:09:42.480723Z[0m [34mDEBUG[0m [2mhyper::client::pool[0m[2m:[0m pooling idle connection for ("http", 192.168.0.14:8545)
[2m2025-12-10T10:09:42.480735Z[0m [34mDEBUG[0m [2methereum_transaction_pool_monitor::eth_client[0m[2m:[0m 📡 Transaction fetch RPC completed in 7.100959ms
[2m2025-12-10T10:09:42.562479Z[0m [34mDEBUG[0m [2methereum_transaction_pool_monitor::eth_client[0m[2m:[0m ✅ Transaction 0x3bfc72f10f11bd55031598511e3d916d0204f4ff293cff834b7e0c3a482ad96f fetched and parsed in 88.842292ms
[2m2025-12-10T10:09:42.562497Z[0m [34mDEBUG[0m [2methereum_transaction_pool_monitor::mempool_monitor[0m[2m:[0m 🔍 Skipping tx 0x3bfc72f10f11bd55031598511e3d916d0204f4ff293cff834b7e0c3a482ad96f - not a DEX interaction (target: 0xb5d85CBf7cB3EE0D56b3bB207D5Fc4B82f43F511)
[2m2025-12-10T10:09:42.562506Z[0m [34mDEBUG[0m [2methereum_transaction_pool_monitor::mempool_monitor[0m[2m:[0m 📨 Processing new pending transaction: 0xb924027b5b799dfa576109f30fd29ce6aef7944445e8a04d2bd2549d11e00e28
[2m2025-12-10T10:09:42.562511Z[0m [34mDEBUG[0m [2methereum_transaction_pool_monitor::mempool_monitor[0m[2m:[0m 🔍 Fetching transaction details for: 0xb924027b5b799dfa576109f30fd29ce6aef7944445e8a04d2bd2549d11e00e28
[2m2025-12-10T10:09:42.562515Z[0m [34mDEBUG[0m [2methereum_transaction_pool_monitor::eth_client[0m[2m:[0m 🔍 Fetching transaction details for hash: 0xb924027b5b799dfa576109f30fd29ce6aef7944445e8a04d2bd2549d11e00e28
[2m2025-12-10T10:09:42.562532Z[0m [34mDEBUG[0m [2mhyper::client::pool[0m[2m:[0m reuse idle connection for ("http", 192.168.0.14:8545)
[2m2025-12-10T10:09:42.562559Z[0m [34mDEBUG[0m [2mhyper::proto::h1::io[0m[2m:[0m flushed 250 bytes
[2m2025-12-10T10:09:42.562575Z[0m [34mDEBUG[0m [2mhyper::client::pool[0m[2m:[0m reuse idle connection for ("http", 192.168.0.14:8545)
[2m2025-12-10T10:09:42.562590Z[0m [34mDEBUG[0m [2mhyper::proto::h1::io[0m[2m:[0m flushed 172 bytes
[2m2025-12-10T10:09:42.562590Z[0m [34mDEBUG[0m [2methereum_transaction_pool_monitor::eth_client[0m[2m:[0m 📨 Received WebSocket message: {"jsonrpc":"2.0","method":"eth_subscription","params":{"subscription":"0xbed0a0851463e895960a451075a301a9","result":"0x3b8975754f756d490348fca9285df01b8da0b1f243765b6af183e1413da0c3c0"}}
[2m2025-12-10T10:09:42.562607Z[0m [34mDEBUG[0m [2methereum_transaction_pool_monitor::eth_client[0m[2m:[0m 📨 Received pending transaction: 0x3b8975754f756d490348fca9285df01b8da0b1f243765b6af183e1413da0c3c0
[2m2025-12-10T10:09:42.566687Z[0m [34mDEBUG[0m [2mhyper::proto::h1::io[0m[2m:[0m parsed 4 headers
[2m2025-12-10T10:09:42.566701Z[0m [34mDEBUG[0m [2mhyper::proto::h1::conn[0m[2m:[0m incoming body is content-length (654 bytes)
[2m2025-12-10T10:09:42.566710Z[0m [34mDEBUG[0m [2mhyper::proto::h1::conn[0m[2m:[0m incoming body completed
[2m2025-12-10T10:09:42.566719Z[0m [34mDEBUG[0m [2mhyper::client::pool[0m[2m:[0m pooling idle connection for ("http", 192.168.0.14:8545)
[2m2025-12-10T10:09:42.566726Z[0m [34mDEBUG[0m [2methereum_transaction_pool_monitor::eth_client[0m[2m:[0m 📡 Transaction fetch RPC completed in 4.20675ms
[2m2025-12-10T10:09:42.633676Z[0m [34mDEBUG[0m [2methereum_transaction_pool_monitor::eth_client[0m[2m:[0m ✅ Transaction 0xb924027b5b799dfa576109f30fd29ce6aef7944445e8a04d2bd2549d11e00e28 fetched and parsed in 71.155ms
[2m2025-12-10T10:09:42.633694Z[0m [34mDEBUG[0m [2methereum_transaction_pool_monitor::mempool_monitor[0m[2m:[0m 🔍 Skipping tx 0xb924027b5b799dfa576109f30fd29ce6aef7944445e8a04d2bd2549d11e00e28 - not a DEX interaction (target: 0xc624feb92bfac8627F229277FD9bf7aDe1Ae7778)
[2m2025-12-10T10:09:42.633705Z[0m [34mDEBUG[0m [2methereum_transaction_pool_monitor::mempool_monitor[0m[2m:[0m 📨 Processing new pending transaction: 0x882a38863498af335e5b60b363ad3594b0950217253adab1987c46c6ab797b03
[2m2025-12-10T10:09:42.633710Z[0m [34mDEBUG[0m [2methereum_transaction_pool_monitor::mempool_monitor[0m[2m:[0m 🔍 Fetching transaction details for: 0x882a38863498af335e5b60b363ad3594b0950217253adab1987c46c6ab797b03
[2m2025-12-10T10:09:42.633714Z[0m [34mDEBUG[0m [2methereum_transaction_pool_monitor::eth_client[0m[2m:[0m 🔍 Fetching transaction details for hash: 0x882a38863498af335e5b60b363ad3594b0950217253adab1987c46c6ab797b03
[2m2025-12-10T10:09:42.633733Z[0m [34mDEBUG[0m [2mhyper::client::pool[0m[2m:[0m reuse idle connection for ("http", 192.168.0.14:8545)
[2m2025-12-10T10:09:42.633762Z[0m [34mDEBUG[0m [2mhyper::proto::h1::io[0m[2m:[0m flushed 250 bytes
[2m2025-12-10T10:09:42.633785Z[0m [34mDEBUG[0m [2methereum_transaction_pool_monitor::eth_client[0m[2m:[0m 📨 Received WebSocket message: {"jsonrpc":"2.0","method":"eth_subscription","params":{"subscription":"0xbed0a0851463e895960a451075a301a9","result":"0xf89b7fe80dfffefe72c2eae388cd75af2197844ad105b175650871738909c282"}}
[2m2025-12-10T10:09:42.633786Z[0m [34mDEBUG[0m [2mhyper::proto::h1::io[0m[2m:[0m parsed 4 headers
[2m2025-12-10T10:09:42.633807Z[0m [34mDEBUG[0m [2mhyper::proto::h1::conn[0m[2m:[0m incoming body is content-length (45 bytes)
[2m2025-12-10T10:09:42.633797Z[0m [34mDEBUG[0m [2methereum_transaction_pool_monitor::eth_client[0m[2m:[0m 📨 Received pending transaction: 0xf89b7fe80dfffefe72c2eae388cd75af2197844ad105b175650871738909c282
[2m2025-12-10T10:09:42.633815Z[0m [34mDEBUG[0m [2mhyper::proto::h1::conn[0m[2m:[0m incoming body completed
[2m2025-12-10T10:09:42.633829Z[0m [34mDEBUG[0m [2mhyper::client::pool[0m[2m:[0m pooling idle connection for ("http", 192.168.0.14:8545)
[2m2025-12-10T10:09:42.633841Z[0m [34mDEBUG[0m [2mhyper::client::pool[0m[2m:[0m reuse idle connection for ("http", 192.168.0.14:8545)
[2m2025-12-10T10:09:42.633857Z[0m [34mDEBUG[0m [2mhyper::proto::h1::io[0m[2m:[0m flushed 172 bytes
[2m2025-12-10T10:09:42.634572Z[0m [34mDEBUG[0m [2methereum_transaction_pool_monitor::eth_client[0m[2m:[0m 📨 Received WebSocket message: {"jsonrpc":"2.0","method":"eth_subscription","params":{"subscription":"0xbed0a0851463e895960a451075a301a9","result":"0x7a276685d0cffde010021b955ffc8ea53690f733784c2946e15f689f8326c4cb"}}
[2m2025-12-10T10:09:42.634602Z[0m [34mDEBUG[0m [2methereum_transaction_pool_monitor::eth_client[0m[2m:[0m 📨 Received pending transaction: 0x7a276685d0cffde010021b955ffc8ea53690f733784c2946e15f689f8326c4cb
[2m2025-12-10T10:09:42.640510Z[0m [34mDEBUG[0m [2mhyper::proto::h1::io[0m[2m:[0m parsed 4 headers
[2m2025-12-10T10:09:42.640528Z[0m [34mDEBUG[0m [2mhyper::proto::h1::io[0m[2m:[0m parsed 4 headers
[2m2025-12-10T10:09:42.640533Z[0m [34mDEBUG[0m [2mhyper::proto::h1::conn[0m[2m:[0m incoming body is content-length (45 bytes)
[2m2025-12-10T10:09:42.640561Z[0m [34mDEBUG[0m [2mhyper::proto::h1::conn[0m[2m:[0m incoming body completed
[2m2025-12-10T10:09:42.640568Z[0m [34mDEBUG[0m [2mhyper::client::pool[0m[2m:[0m pooling idle connection for ("http", 192.168.0.14:8545)
[2m2025-12-10T10:09:42.640540Z[0m [34mDEBUG[0m [2mhyper::proto::h1::conn[0m[2m:[0m incoming body is content-length (647 bytes)
[2m2025-12-10T10:09:42.640580Z[0m [34mDEBUG[0m [2mhyper::proto::h1::conn[0m[2m:[0m incoming body completed
[2m2025-12-10T10:09:42.640586Z[0m [34mDEBUG[0m [2mhyper::client::pool[0m[2m:[0m pooling idle connection for ("http", 192.168.0.14:8545)
[2m2025-12-10T10:09:42.640591Z[0m [34mDEBUG[0m [2methereum_transaction_pool_monitor::eth_client[0m[2m:[0m 📡 Transaction fetch RPC completed in 6.873ms
[2m2025-12-10T10:09:42.697610Z[0m [34mDEBUG[0m [2mhyper::client::pool[0m[2m:[0m reuse idle connection for ("http", 192.168.0.14:8545)
[2m2025-12-10T10:09:42.701840Z[0m [34mDEBUG[0m [2mhyper::proto::h1::io[0m[2m:[0m flushed 172 bytes
[2m2025-12-10T10:09:42.705568Z[0m [34mDEBUG[0m [2mhyper::proto::h1::io[0m[2m:[0m parsed 4 headers
[2m2025-12-10T10:09:42.705574Z[0m [34mDEBUG[0m [2mhyper::proto::h1::conn[0m[2m:[0m incoming body is content-length (45 bytes)
[2m2025-12-10T10:09:42.705581Z[0m [34mDEBUG[0m [2mhyper::proto::h1::conn[0m[2m:[0m incoming body completed
[2m2025-12-10T10:09:42.705589Z[0m [34mDEBUG[0m [2mhyper::client::pool[0m[2m:[0m pooling idle connection for ("http", 192.168.0.14:8545)
[2m2025-12-10T10:09:42.711931Z[0m [34mDEBUG[0m [2methereum_transaction_pool_monitor::eth_client[0m[2m:[0m ✅ Transaction 0x882a38863498af335e5b60b363ad3594b0950217253adab1987c46c6ab797b03 fetched and parsed in 78.212209ms
[2m2025-12-10T10:09:42.711944Z[0m [34mDEBUG[0m [2methereum_transaction_pool_monitor::mempool_monitor[0m[2m:[0m 🔍 Skipping tx 0x882a38863498af335e5b60b363ad3594b0950217253adab1987c46c6ab797b03 - not a DEX interaction (target: 0xA9D1e08C7793af67e9d92fe308d5697FB81d3E43)
[2m2025-12-10T10:09:42.711954Z[0m [34mDEBUG[0m [2methereum_transaction_pool_monitor::mempool_monitor[0m[2m:[0m 📨 Processing new pending transaction: 0xe9e5db15511f1fc4834fcecee2bc1295fb755a039d1af8fb4b0b224247410a07
[2m2025-12-10T10:09:42.711960Z[0m [34mDEBUG[0m [2methereum_transaction_pool_monitor::mempool_monitor[0m[2m:[0m 🔍 Fetching transaction details for: 0xe9e5db15511f1fc4834fcecee2bc1295fb755a039d1af8fb4b0b224247410a07
[2m2025-12-10T10:09:42.711966Z[0m [34mDEBUG[0m [2methereum_transaction_pool_monitor::eth_client[0m[2m:[0m 🔍 Fetching transaction details for hash: 0xe9e5db15511f1fc4834fcecee2bc1295fb755a039d1af8fb4b0b224247410a07
[2m2025-12-10T10:09:42.711982Z[0m [34mDEBUG[0m [2mhyper::client::pool[0m[2m:[0m reuse idle connection for ("http", 192.168.0.14:8545)
[2m2025-12-10T10:09:42.712011Z[0m [34mDEBUG[0m [2mhyper::proto::h1::io[0m[2m:[0m flushed 250 bytes
[2m2025-12-10T10:09:42.720747Z[0m [34mDEBUG[0m [2mhyper::proto::h1::io[0m[2m:[0m parsed 4 headers
[2m2025-12-10T10:09:42.720756Z[0m [34mDEBUG[0m [2mhyper::proto::h1::conn[0m[2m:[0m incoming body is content-length (648 bytes)
[2m2025-12-10T10:09:42.720764Z[0m [34mDEBUG[0m [2mhyper::proto::h1::conn[0m[2m:[0m incoming body completed
[2m2025-12-10T10:09:42.720776Z[0m [34mDEBUG[0m [2mhyper::client::pool[0m[2m:[0m pooling idle connection for ("http", 192.168.0.14:8545)
[2m2025-12-10T10:09:42.720785Z[0m [34mDEBUG[0m [2methereum_transaction_pool_monitor::eth_client[0m[2m:[0m 📡 Transaction fetch RPC completed in 8.812042ms
[2m2025-12-10T10:09:42.792063Z[0m [34mDEBUG[0m [2methereum_transaction_pool_monitor::eth_client[0m[2m:[0m ✅ Transaction 0xe9e5db15511f1fc4834fcecee2bc1295fb755a039d1af8fb4b0b224247410a07 fetched and parsed in 80.087625ms
[2m2025-12-10T10:09:42.792088Z[0m [34mDEBUG[0m [2methereum_transaction_pool_monitor::mempool_monitor[0m[2m:[0m 🔍 Skipping tx 0xe9e5db15511f1fc4834fcecee2bc1295fb755a039d1af8fb4b0b224247410a07 - not a DEX interaction (target: 0x5E8c1C48e78B9B3990b32Bee4851543847D7e98f)
[2m2025-12-10T10:09:42.792099Z[0m [34mDEBUG[0m [2methereum_transaction_pool_monitor::mempool_monitor[0m[2m:[0m 📨 Processing new pending transaction: 0x3199bbb9a208815d3a2d8d779f2d508c8e51ecacff42941b7a9eacddf5adf5f2
[2m2025-12-10T10:09:42.792105Z[0m [34mDEBUG[0m [2methereum_transaction_pool_monitor::mempool_monitor[0m[2m:[0m 🔍 Fetching transaction details for: 0x3199bbb9a208815d3a2d8d779f2d508c8e51ecacff42941b7a9eacddf5adf5f2
[2m2025-12-10T10:09:42.792111Z[0m [34mDEBUG[0m [2methereum_transaction_pool_monitor::eth_client[0m[2m:[0m 🔍 Fetching transaction details for hash: 0x3199bbb9a208815d3a2d8d779f2d508c8e51ecacff42941b7a9eacddf5adf5f2
[2m2025-12-10T10:09:42.792129Z[0m [34mDEBUG[0m [2mhyper::client::pool[0m[2m:[0m reuse idle connection for ("http", 192.168.0.14:8545)
[2m2025-12-10T10:09:42.792166Z[0m [34mDEBUG[0m [2mhyper::proto::h1::io[0m[2m:[0m flushed 250 bytes
[2m2025-12-10T10:09:42.796698Z[0m [34mDEBUG[0m [2mhyper::client::pool[0m[2m:[0m reuse idle connection for ("http", 192.168.0.14:8545)
[2m2025-12-10T10:09:42.796715Z[0m [34mDEBUG[0m [2mhyper::proto::h1::io[0m[2m:[0m flushed 172 bytes
[2m2025-12-10T10:09:42.798097Z[0m [34mDEBUG[0m [2mhyper::proto::h1::io[0m[2m:[0m parsed 4 headers
[2m2025-12-10T10:09:42.798102Z[0m [34mDEBUG[0m [2mhyper::proto::h1::conn[0m[2m:[0m incoming body is content-length (1731 bytes)
[2m2025-12-10T10:09:42.798112Z[0m [34mDEBUG[0m [2mhyper::proto::h1::conn[0m[2m:[0m incoming body completed
[2m2025-12-10T10:09:42.798122Z[0m [34mDEBUG[0m [2mhyper::client::pool[0m[2m:[0m pooling idle connection for ("http", 192.168.0.14:8545)
[2m2025-12-10T10:09:42.798128Z[0m [34mDEBUG[0m [2methereum_transaction_pool_monitor::eth_client[0m[2m:[0m 📡 Transaction fetch RPC completed in 6.012917ms
[2m2025-12-10T10:09:42.869368Z[0m [34mDEBUG[0m [2methereum_transaction_pool_monitor::eth_client[0m[2m:[0m ✅ Transaction 0x3199bbb9a208815d3a2d8d779f2d508c8e51ecacff42941b7a9eacddf5adf5f2 fetched and parsed in 77.25125ms
[2m2025-12-10T10:09:42.869390Z[0m [34mDEBUG[0m [2methereum_transaction_pool_monitor::mempool_monitor[0m[2m:[0m 🔍 Skipping tx 0x3199bbb9a208815d3a2d8d779f2d508c8e51ecacff42941b7a9eacddf5adf5f2 - not a DEX interaction (target: 0x601a2aD6CB5949f0529735254189Ba3194221EDF)
[2m2025-12-10T10:09:42.869402Z[0m [34mDEBUG[0m [2methereum_transaction_pool_monitor::mempool_monitor[0m[2m:[0m 📨 Processing new pending transaction: 0x1b8969d680e1e6377293a89eb73fb025a47b1371508250d8ab40c22f978b4b22
[2m2025-12-10T10:09:42.869410Z[0m [34mDEBUG[0m [2methereum_transaction_pool_monitor::mempool_monitor[0m[2m:[0m 🔍 Fetching transaction details for: 0x1b8969d680e1e6377293a89eb73fb025a47b1371508250d8ab40c22f978b4b22
[2m2025-12-10T10:09:42.869416Z[0m [34mDEBUG[0m [2methereum_transaction_pool_monitor::eth_client[0m[2m:[0m 🔍 Fetching transaction details for hash: 0x1b8969d680e1e6377293a89eb73fb025a47b1371508250d8ab40c22f978b4b22
[2m2025-12-10T10:09:42.869434Z[0m [34mDEBUG[0m [2mhyper::client::pool[0m[2m:[0m reuse idle connection for ("http", 192.168.0.14:8545)
[2m2025-12-10T10:09:42.869471Z[0m [34mDEBUG[0m [2mhyper::proto::h1::io[0m[2m:[0m flushed 250 bytes
[2m2025-12-10T10:09:42.869493Z[0m [34mDEBUG[0m [2mhyper::proto::h1::io[0m[2m:[0m parsed 4 headers
[2m2025-12-10T10:09:42.869498Z[0m [34mDEBUG[0m [2mhyper::proto::h1::conn[0m[2m:[0m incoming body is content-length (45 bytes)
[2m2025-12-10T10:09:42.869503Z[0m [34mDEBUG[0m [2methereum_transaction_pool_monitor::eth_client[0m[2m:[0m 📨 Received WebSocket message: {"jsonrpc":"2.0","method":"eth_subscription","params":{"subscription":"0xbed0a0851463e895960a451075a301a9","result":"0x707790e2bca666a33540d05f0a05eab668cc227ec2650bcf43cb7dff0c9e2863"}}
[2m2025-12-10T10:09:42.869506Z[0m [34mDEBUG[0m [2mhyper::proto::h1::conn[0m[2m:[0m incoming body completed
[2m2025-12-10T10:09:42.869516Z[0m [34mDEBUG[0m [2methereum_transaction_pool_monitor::eth_client[0m[2m:[0m 📨 Received pending transaction: 0x707790e2bca666a33540d05f0a05eab668cc227ec2650bcf43cb7dff0c9e2863
[2m2025-12-10T10:09:42.869523Z[0m [34mDEBUG[0m [2mhyper::client::pool[0m[2m:[0m pooling idle connection for ("http", 192.168.0.14:8545)
[2m2025-12-10T10:09:42.869524Z[0m [34mDEBUG[0m [2methereum_transaction_pool_monitor::eth_client[0m[2m:[0m 📨 Received WebSocket message: {"jsonrpc":"2.0","method":"eth_subscription","params":{"subscription":"0xbed0a0851463e895960a451075a301a9","result":"0x8a328c80e1a4a4d8fd90f7e861f20872a69d96295ab3c5c8803bbe9b2abbd817"}}
[2m2025-12-10T10:09:42.869545Z[0m [34mDEBUG[0m [2methereum_transaction_pool_monitor::eth_client[0m[2m:[0m 📨 Received pending transaction: 0x8a328c80e1a4a4d8fd90f7e861f20872a69d96295ab3c5c8803bbe9b2abbd817
[2m2025-12-10T10:09:42.874541Z[0m [34mDEBUG[0m [2mhyper::proto::h1::io[0m[2m:[0m parsed 4 headers
[2m2025-12-10T10:09:42.874565Z[0m [34mDEBUG[0m [2mhyper::proto::h1::conn[0m[2m:[0m incoming body is content-length (552 bytes)
[2m2025-12-10T10:09:42.874572Z[0m [34mDEBUG[0m [2mhyper::proto::h1::conn[0m[2m:[0m incoming body completed
[2m2025-12-10T10:09:42.874582Z[0m [34mDEBUG[0m [2mhyper::client::pool[0m[2m:[0m pooling idle connection for ("http", 192.168.0.14:8545)
[2m2025-12-10T10:09:42.874598Z[0m [34mDEBUG[0m [2methereum_transaction_pool_monitor::eth_client[0m[2m:[0m 📡 Transaction fetch RPC completed in 5.17625ms
[2m2025-12-10T10:09:42.946340Z[0m [34mDEBUG[0m [2methereum_transaction_pool_monitor::eth_client[0m[2m:[0m ✅ Transaction 0x1b8969d680e1e6377293a89eb73fb025a47b1371508250d8ab40c22f978b4b22 fetched and parsed in 76.914084ms
[2m2025-12-10T10:09:42.946389Z[0m [34mDEBUG[0m [2methereum_transaction_pool_monitor::mempool_monitor[0m[2m:[0m 🔍 Skipping tx 0x1b8969d680e1e6377293a89eb73fb025a47b1371508250d8ab40c22f978b4b22 - not a DEX interaction (target: 0x9B9CFc92345FD1AaD87b1Edd61735114749Dc6C7)
[2m2025-12-10T10:09:42.946409Z[0m [34mDEBUG[0m [2methereum_transaction_pool_monitor::mempool_monitor[0m[2m:[0m 📨 Processing new pending transaction: 0xe5501b07e9e302854608a5aac64ebe942756464041e4dd5682806700f9234cad
[2m2025-12-10T10:09:42.946425Z[0m [34mDEBUG[0m [2methereum_transaction_pool_monitor::mempool_monitor[0m[2m:[0m 🔍 Fetching transaction details for: 0xe5501b07e9e302854608a5aac64ebe942756464041e4dd5682806700f9234cad
[2m2025-12-10T10:09:42.946437Z[0m [34mDEBUG[0m [2methereum_transaction_pool_monitor::eth_client[0m[2m:[0m 🔍 Fetching transaction details for hash: 0xe5501b07e9e302854608a5aac64ebe942756464041e4dd5682806700f9234cad
[2m2025-12-10T10:09:42.946486Z[0m [34mDEBUG[0m [2mhyper::client::pool[0m[2m:[0m reuse idle connection for ("http", 192.168.0.14:8545)
[2m2025-12-10T10:09:42.946513Z[0m [34mDEBUG[0m [2mhyper::proto::h1::io[0m[2m:[0m flushed 250 bytes
[2m2025-12-10T10:09:42.946540Z[0m [34mDEBUG[0m [2mhyper::client::pool[0m[2m:[0m reuse idle connection for ("http", 192.168.0.14:8545)
[2m2025-12-10T10:09:42.946552Z[0m [34mDEBUG[0m [2mhyper::proto::h1::io[0m[2m:[0m flushed 172 bytes
[2m2025-12-10T10:09:42.954849Z[0m [34mDEBUG[0m [2mhyper::proto::h1::io[0m[2m:[0m parsed 4 headers
[2m2025-12-10T10:09:42.954852Z[0m [34mDEBUG[0m [2mhyper::proto::h1::io[0m[2m:[0m parsed 4 headers
[2m2025-12-10T10:09:42.954860Z[0m [34mDEBUG[0m [2mhyper::proto::h1::conn[0m[2m:[0m incoming body is content-length (45 bytes)
[2m2025-12-10T10:09:42.954871Z[0m [34mDEBUG[0m [2mhyper::proto::h1::conn[0m[2m:[0m incoming body is content-length (7107 bytes)
[2m2025-12-10T10:09:42.954880Z[0m [34mDEBUG[0m [2mhyper::proto::h1::conn[0m[2m:[0m incoming body completed
[2m2025-12-10T10:09:42.954882Z[0m [34mDEBUG[0m [2mhyper::proto::h1::conn[0m[2m:[0m incoming body completed
[2m2025-12-10T10:09:42.954892Z[0m [34mDEBUG[0m [2mhyper::client::pool[0m[2m:[0m pooling idle connection for ("http", 192.168.0.14:8545)
[2m2025-12-10T10:09:42.954895Z[0m [34mDEBUG[0m [2mhyper::client::pool[0m[2m:[0m pooling idle connection for ("http", 192.168.0.14:8545)
[2m2025-12-10T10:09:42.954908Z[0m [34mDEBUG[0m [2methereum_transaction_pool_monitor::eth_client[0m[2m:[0m 📡 Transaction fetch RPC completed in 8.453ms
[2m2025-12-10T10:09:42.997547Z[0m [34mDEBUG[0m [2mhyper::client::pool[0m[2m:[0m reuse idle connection for ("http", 192.168.0.14:8545)
[2m2025-12-10T10:09:42.997660Z[0m [34mDEBUG[0m [2mhyper::proto::h1::io[0m[2m:[0m flushed 172 bytes
[2m2025-12-10T10:09:43.001069Z[0m [34mDEBUG[0m [2mhyper::proto::h1::io[0m[2m:[0m parsed 4 headers
[2m2025-12-10T10:09:43.001105Z[0m [34mDEBUG[0m [2mhyper::proto::h1::conn[0m[2m:[0m incoming body is content-length (45 bytes)
[2m2025-12-10T10:09:43.001129Z[0m [34mDEBUG[0m [2mhyper::proto::h1::conn[0m[2m:[0m incoming body completed
[2m2025-12-10T10:09:43.001159Z[0m [34mDEBUG[0m [2mhyper::client::pool[0m[2m:[0m pooling idle connection for ("http", 192.168.0.14:8545)
[2m2025-12-10T10:09:43.011495Z[0m [34mDEBUG[0m [2methereum_transaction_pool_monitor::eth_client[0m[2m:[0m 📨 Received WebSocket message: {"jsonrpc":"2.0","method":"eth_subscription","params":{"subscription":"0xbed0a0851463e895960a451075a301a9","result":"0x091392891a6264904ee03b85c08e9ce159ded80c590ef41ff61c012fcdf91fbf"}}
[2m2025-12-10T10:09:43.011511Z[0m [34mDEBUG[0m [2methereum_transaction_pool_monitor::eth_client[0m[2m:[0m 📨 Received pending transaction: 0x091392891a6264904ee03b85c08e9ce159ded80c590ef41ff61c012fcdf91fbf
[2m2025-12-10T10:09:43.026299Z[0m [34mDEBUG[0m [2methereum_transaction_pool_monitor::eth_client[0m[2m:[0m ✅ Transaction 0xe5501b07e9e302854608a5aac64ebe942756464041e4dd5682806700f9234cad fetched and parsed in 79.842666ms
[2m2025-12-10T10:09:43.026322Z[0m [34mDEBUG[0m [2methereum_transaction_pool_monitor::mempool_monitor[0m[2m:[0m 🔍 Skipping tx 0xe5501b07e9e302854608a5aac64ebe942756464041e4dd5682806700f9234cad - not a DEX interaction (target: 0xF6801D319497789f934ec7F83E142a9536312B08)
[2m2025-12-10T10:09:43.026335Z[0m [34mDEBUG[0m [2methereum_transaction_pool_monitor::mempool_monitor[0m[2m:[0m 📨 Processing new pending transaction: 0xa4e71fca773025c0d7cab5d9b0f63ef8728f3d08ee70b6b0ee8f76abeedda158
[2m2025-12-10T10:09:43.026342Z[0m [34mDEBUG[0m [2methereum_transaction_pool_monitor::mempool_monitor[0m[2m:[0m 🔍 Fetching transaction details for: 0xa4e71fca773025c0d7cab5d9b0f63ef8728f3d08ee70b6b0ee8f76abeedda158
[2m2025-12-10T10:09:43.026350Z[0m [34mDEBUG[0m [2methereum_transaction_pool_monitor::eth_client[0m[2m:[0m 🔍 Fetching transaction details for hash: 0xa4e71fca773025c0d7cab5d9b0f63ef8728f3d08ee70b6b0ee8f76abeedda158
[2m2025-12-10T10:09:43.026368Z[0m [34mDEBUG[0m [2mhyper::client::pool[0m[2m:[0m reuse idle connection for ("http", 192.168.0.14:8545)
[2m2025-12-10T10:09:43.026411Z[0m [34mDEBUG[0m [2mhyper::proto::h1::io[0m[2m:[0m flushed 250 bytes
[2m2025-12-10T10:09:43.036295Z[0m [34mDEBUG[0m [2mhyper::proto::h1::io[0m[2m:[0m parsed 4 headers
[2m2025-12-10T10:09:43.036316Z[0m [34mDEBUG[0m [2mhyper::proto::h1::conn[0m[2m:[0m incoming body is content-length (769 bytes)
[2m2025-12-10T10:09:43.036325Z[0m [34mDEBUG[0m [2mhyper::proto::h1::conn[0m[2m:[0m incoming body completed
[2m2025-12-10T10:09:43.036334Z[0m [34mDEBUG[0m [2mhyper::client::pool[0m[2m:[0m pooling idle connection for ("http", 192.168.0.14:8545)
[2m2025-12-10T10:09:43.036342Z[0m [34mDEBUG[0m [2methereum_transaction_pool_monitor::eth_client[0m[2m:[0m 📡 Transaction fetch RPC completed in 9.98725ms
[2m2025-12-10T10:09:43.036359Z[0m [34mDEBUG[0m [2methereum_transaction_pool_monitor::eth_client[0m[2m:[0m DeFi transaction detected - Address: 0xdac17f958d2ee523a2206206994597c13d831ec7, Type: Stablecoin, Value: 0 ETH, Gas: 0.27 Gwei
[2m2025-12-10T10:09:43.036373Z[0m [34mDEBUG[0m [2methereum_transaction_pool_monitor::eth_client[0m[2m:[0m ✅ Transaction 0xa4e71fca773025c0d7cab5d9b0f63ef8728f3d08ee70b6b0ee8f76abeedda158 fetched and parsed in 10.018875ms
[2m2025-12-10T10:09:43.036379Z[0m [34mDEBUG[0m [2methereum_transaction_pool_monitor::mempool_monitor[0m[2m:[0m 🔍 Skipping tx 0xa4e71fca773025c0d7cab5d9b0f63ef8728f3d08ee70b6b0ee8f76abeedda158 - not a DEX interaction (target: 0xdAC17F958D2ee523a2206206994597C13D831ec7)
[2m2025-12-10T10:09:43.036386Z[0m [34mDEBUG[0m [2methereum_transaction_pool_monitor::mempool_monitor[0m[2m:[0m 📨 Processing new pending transaction: 0xb51536aa1cfe4bdfe717bcbdb0d244c575dd0362dcd377911d4b92cbcb67523b
[2m2025-12-10T10:09:43.036390Z[0m [34mDEBUG[0m [2methereum_transaction_pool_monitor::mempool_monitor[0m[2m:[0m 🔍 Fetching transaction details for: 0xb51536aa1cfe4bdfe717bcbdb0d244c575dd0362dcd377911d4b92cbcb67523b
[2m2025-12-10T10:09:43.036393Z[0m [34mDEBUG[0m [2methereum_transaction_pool_monitor::eth_client[0m[2m:[0m 🔍 Fetching transaction details for hash: 0xb51536aa1cfe4bdfe717bcbdb0d244c575dd0362dcd377911d4b92cbcb67523b
[2m2025-12-10T10:09:43.036407Z[0m [34mDEBUG[0m [2mhyper::client::pool[0m[2m:[0m reuse idle connection for ("http", 192.168.0.14:8545)
[2m2025-12-10T10:09:43.036428Z[0m [34mDEBUG[0m [2mhyper::proto::h1::io[0m[2m:[0m flushed 250 bytes
[2m2025-12-10T10:09:43.041388Z[0m [34mDEBUG[0m [2mhyper::proto::h1::io[0m[2m:[0m parsed 4 headers
[2m2025-12-10T10:09:43.041394Z[0m [34mDEBUG[0m [2mhyper::proto::h1::conn[0m[2m:[0m incoming body is content-length (644 bytes)
[2m2025-12-10T10:09:43.041399Z[0m [34mDEBUG[0m [2mhyper::proto::h1::conn[0m[2m:[0m incoming body completed
[2m2025-12-10T10:09:43.041404Z[0m [34mDEBUG[0m [2mhyper::client::pool[0m[2m:[0m pooling idle connection for ("http", 192.168.0.14:8545)
[2m2025-12-10T10:09:43.041408Z[0m [34mDEBUG[0m [2methereum_transaction_pool_monitor::eth_client[0m[2m:[0m 📡 Transaction fetch RPC completed in 5.011542ms
[2m2025-12-10T10:09:43.112077Z[0m [34mDEBUG[0m [2methereum_transaction_pool_monitor::eth_client[0m[2m:[0m ✅ Transaction 0xb51536aa1cfe4bdfe717bcbdb0d244c575dd0362dcd377911d4b92cbcb67523b fetched and parsed in 75.678ms
[2m2025-12-10T10:09:43.112103Z[0m [34mDEBUG[0m [2methereum_transaction_pool_monitor::mempool_monitor[0m[2m:[0m 🔍 Skipping tx 0xb51536aa1cfe4bdfe717bcbdb0d244c575dd0362dcd377911d4b92cbcb67523b - not a DEX interaction (target: 0x17E5545B11b468072283Cee1F066a059Fb0dbF24)
[2m2025-12-10T10:09:43.112113Z[0m [34mDEBUG[0m [2methereum_transaction_pool_monitor::mempool_monitor[0m[2m:[0m 📨 Processing new pending transaction: 0xa47acf2c839eafef1fbadaa170888544752592c97fbfb7512f37ca7c873ea654
[2m2025-12-10T10:09:43.112120Z[0m [34mDEBUG[0m [2methereum_transaction_pool_monitor::mempool_monitor[0m[2m:[0m 🔍 Fetching transaction details for: 0xa47acf2c839eafef1fbadaa170888544752592c97fbfb7512f37ca7c873ea654
[2m2025-12-10T10:09:43.112126Z[0m [34mDEBUG[0m [2methereum_transaction_pool_monitor::eth_client[0m[2m:[0m 🔍 Fetching transaction details for hash: 0xa47acf2c839eafef1fbadaa170888544752592c97fbfb7512f37ca7c873ea654
[2m2025-12-10T10:09:43.112145Z[0m [34mDEBUG[0m [2mhyper::client::pool[0m[2m:[0m reuse idle connection for ("http", 192.168.0.14:8545)
[2m2025-12-10T10:09:43.112175Z[0m [34mDEBUG[0m [2mhyper::proto::h1::io[0m[2m:[0m flushed 250 bytes
[2m2025-12-10T10:09:43.112203Z[0m [34mDEBUG[0m [2mhyper::client::pool[0m[2m:[0m reuse idle connection for ("http", 192.168.0.14:8545)
[2m2025-12-10T10:09:43.112219Z[0m [34mDEBUG[0m [2mhyper::proto::h1::io[0m[2m:[0m flushed 172 bytes
[2m2025-12-10T10:09:43.118144Z[0m [34mDEBUG[0m [2methereum_transaction_pool_monitor::eth_client[0m[2m:[0m 📨 Received WebSocket message: {"jsonrpc":"2.0","method":"eth_subscription","params":{"subscription":"0xbed0a0851463e895960a451075a301a9","result":"0x1ef2ec776d5ec837a6045bf0129f8175bb3db1cd3472d29102da2f42bb723000"}}
[2m2025-12-10T10:09:43.118171Z[0m [34mDEBUG[0m [2methereum_transaction_pool_monitor::eth_client[0m[2m:[0m 📨 Received pending transaction: 0x1ef2ec776d5ec837a6045bf0129f8175bb3db1cd3472d29102da2f42bb723000
[2m2025-12-10T10:09:43.122313Z[0m [34mDEBUG[0m [2mhyper::proto::h1::io[0m[2m:[0m parsed 4 headers
[2m2025-12-10T10:09:43.122335Z[0m [34mDEBUG[0m [2mhyper::proto::h1::conn[0m[2m:[0m incoming body is content-length (45 bytes)
[2m2025-12-10T10:09:43.122359Z[0m [34mDEBUG[0m [2mhyper::proto::h1::conn[0m[2m:[0m incoming body completed
[2m2025-12-10T10:09:43.122368Z[0m [34mDEBUG[0m [2mhyper::client::pool[0m[2m:[0m pooling idle connection for ("http", 192.168.0.14:8545)
[2m2025-12-10T10:09:43.123099Z[0m [34mDEBUG[0m [2mhyper::proto::h1::io[0m[2m:[0m parsed 4 headers
[2m2025-12-10T10:09:43.123104Z[0m [34mDEBUG[0m [2mhyper::proto::h1::conn[0m[2m:[0m incoming body is content-length (674 bytes)
[2m2025-12-10T10:09:43.123109Z[0m [34mDEBUG[0m [2mhyper::proto::h1::conn[0m[2m:[0m incoming body completed
[2m2025-12-10T10:09:43.123119Z[0m [34mDEBUG[0m [2mhyper::client::pool[0m[2m:[0m pooling idle connection for ("http", 192.168.0.14:8545)
[2m2025-12-10T10:09:43.123124Z[0m [34mDEBUG[0m [2methereum_transaction_pool_monitor::eth_client[0m[2m:[0m 📡 Transaction fetch RPC completed in 10.992625ms
[2m2025-12-10T10:09:43.123145Z[0m [34mDEBUG[0m [2methereum_transaction_pool_monitor::eth_client[0m[2m:[0m DeFi transaction detected - Address: 0xdac17f958d2ee523a2206206994597c13d831ec7, Type: Stablecoin, Value: 0 ETH, Gas: 1.00 Gwei
[2m2025-12-10T10:09:43.123165Z[0m [34mDEBUG[0m [2methereum_transaction_pool_monitor::eth_client[0m[2m:[0m ✅ Transaction 0xa47acf2c839eafef1fbadaa170888544752592c97fbfb7512f37ca7c873ea654 fetched and parsed in 11.034542ms
[2m2025-12-10T10:09:43.123175Z[0m [34mDEBUG[0m [2methereum_transaction_pool_monitor::mempool_monitor[0m[2m:[0m 🔍 Skipping tx 0xa47acf2c839eafef1fbadaa170888544752592c97fbfb7512f37ca7c873ea654 - not a DEX interaction (target: 0xdAC17F958D2ee523a2206206994597C13D831ec7)
[2m2025-12-10T10:09:43.123185Z[0m [34mDEBUG[0m [2methereum_transaction_pool_monitor::mempool_monitor[0m[2m:[0m 📨 Processing new pending transaction: 0x6b63c92ec89df0ec97473d43b0db6baf64e26bc45c0af4ad576bcaab63d4e45f
[2m2025-12-10T10:09:43.123193Z[0m [34mDEBUG[0m [2methereum_transaction_pool_monitor::mempool_monitor[0m[2m:[0m 🔍 Fetching transaction details for: 0x6b63c92ec89df0ec97473d43b0db6baf64e26bc45c0af4ad576bcaab63d4e45f
[2m2025-12-10T10:09:43.123197Z[0m [34mDEBUG[0m [2methereum_transaction_pool_monitor::eth_client[0m[2m:[0m 🔍 Fetching transaction details for hash: 0x6b63c92ec89df0ec97473d43b0db6baf64e26bc45c0af4ad576bcaab63d4e45f
[2m2025-12-10T10:09:43.123207Z[0m [34mDEBUG[0m [2mhyper::client::pool[0m[2m:[0m reuse idle connection for ("http", 192.168.0.14:8545)
[2m2025-12-10T10:09:43.123225Z[0m [34mDEBUG[0m [2mhyper::proto::h1::io[0m[2m:[0m flushed 250 bytes
[2m2025-12-10T10:09:43.136436Z[0m [34mDEBUG[0m [2mhyper::proto::h1::io[0m[2m:[0m parsed 4 headers
[2m2025-12-10T10:09:43.136466Z[0m [34mDEBUG[0m [2mhyper::proto::h1::conn[0m[2m:[0m incoming body is content-length (554 bytes)
[2m2025-12-10T10:09:43.136483Z[0m [34mDEBUG[0m [2mhyper::proto::h1::conn[0m[2m:[0m incoming body completed
[2m2025-12-10T10:09:43.136503Z[0m [34mDEBUG[0m [2mhyper::client::pool[0m[2m:[0m pooling idle connection for ("http", 192.168.0.14:8545)
[2m2025-12-10T10:09:43.136520Z[0m [34mDEBUG[0m [2methereum_transaction_pool_monitor::eth_client[0m[2m:[0m 📡 Transaction fetch RPC completed in 13.316083ms
[2m2025-12-10T10:09:43.211921Z[0m [34mDEBUG[0m [2methereum_transaction_pool_monitor::eth_client[0m[2m:[0m ✅ Transaction 0x6b63c92ec89df0ec97473d43b0db6baf64e26bc45c0af4ad576bcaab63d4e45f fetched and parsed in 88.714625ms
[2m2025-12-10T10:09:43.211942Z[0m [34mDEBUG[0m [2methereum_transaction_pool_monitor::mempool_monitor[0m[2m:[0m 🔍 Skipping tx 0x6b63c92ec89df0ec97473d43b0db6baf64e26bc45c0af4ad576bcaab63d4e45f - not a DEX interaction (target: 0x8445ab5Fd67C5FC3e9BB06A7d6299a3ee558afA9)
[2m2025-12-10T10:09:43.211951Z[0m [34mDEBUG[0m [2methereum_transaction_pool_monitor::mempool_monitor[0m[2m:[0m 📨 Processing new pending transaction: 0xd67e885f8c4ef656f28b85dfaff806532d291bfa2ec7798a6b8ea70e64e30c36
[2m2025-12-10T10:09:43.211956Z[0m [34mDEBUG[0m [2methereum_transaction_pool_monitor::mempool_monitor[0m[2m:[0m 🔍 Fetching transaction details for: 0xd67e885f8c4ef656f28b85dfaff806532d291bfa2ec7798a6b8ea70e64e30c36
[2m2025-12-10T10:09:43.211963Z[0m [34mDEBUG[0m [2methereum_transaction_pool_monitor::eth_client[0m[2m:[0m 🔍 Fetching transaction details for hash: 0xd67e885f8c4ef656f28b85dfaff806532d291bfa2ec7798a6b8ea70e64e30c36
[2m2025-12-10T10:09:43.211981Z[0m [34mDEBUG[0m [2mhyper::client::pool[0m[2m:[0m reuse idle connection for ("http", 192.168.0.14:8545)
[2m2025-12-10T10:09:43.212013Z[0m [34mDEBUG[0m [2mhyper::proto::h1::io[0m[2m:[0m flushed 250 bytes
[2m2025-12-10T10:09:43.212043Z[0m [34mDEBUG[0m [2mhyper::client::pool[0m[2m:[0m reuse idle connection for ("http", 192.168.0.14:8545)
[2m2025-12-10T10:09:43.212061Z[0m [34mDEBUG[0m [2mhyper::proto::h1::io[0m[2m:[0m flushed 172 bytes
[2m2025-12-10T10:09:43.218879Z[0m [34mDEBUG[0m [2mhyper::proto::h1::io[0m[2m:[0m parsed 4 headers
[2m2025-12-10T10:09:43.218887Z[0m [34mDEBUG[0m [2mhyper::proto::h1::conn[0m[2m:[0m incoming body is content-length (45 bytes)
[2m2025-12-10T10:09:43.218895Z[0m [34mDEBUG[0m [2mhyper::proto::h1::conn[0m[2m:[0m incoming body completed
[2m2025-12-10T10:09:43.218903Z[0m [34mDEBUG[0m [2mhyper::client::pool[0m[2m:[0m pooling idle connection for ("http", 192.168.0.14:8545)
[2m2025-12-10T10:09:43.219721Z[0m [34mDEBUG[0m [2mhyper::proto::h1::io[0m[2m:[0m parsed 4 headers
[2m2025-12-10T10:09:43.219727Z[0m [34mDEBUG[0m [2mhyper::proto::h1::conn[0m[2m:[0m incoming body is content-length (675 bytes)
[2m2025-12-10T10:09:43.219732Z[0m [34mDEBUG[0m [2mhyper::proto::h1::conn[0m[2m:[0m incoming body completed
[2m2025-12-10T10:09:43.219737Z[0m [34mDEBUG[0m [2mhyper::client::pool[0m[2m:[0m pooling idle connection for ("http", 192.168.0.14:8545)
[2m2025-12-10T10:09:43.219742Z[0m [34mDEBUG[0m [2methereum_transaction_pool_monitor::eth_client[0m[2m:[0m 📡 Transaction fetch RPC completed in 7.775333ms
[2m2025-12-10T10:09:43.286468Z[0m [34mDEBUG[0m [2methereum_transaction_pool_monitor::eth_client[0m[2m:[0m ✅ Transaction 0xd67e885f8c4ef656f28b85dfaff806532d291bfa2ec7798a6b8ea70e64e30c36 fetched and parsed in 74.499375ms
[2m2025-12-10T10:09:43.286487Z[0m [34mDEBUG[0m [2methereum_transaction_pool_monitor::mempool_monitor[0m[2m:[0m 🔍 Skipping tx 0xd67e885f8c4ef656f28b85dfaff806532d291bfa2ec7798a6b8ea70e64e30c36 - not a DEX interaction (target: 0xA0b86991c6218b36c1d19D4a2e9Eb0cE3606eB48)
[2m2025-12-10T10:09:43.286495Z[0m [34mDEBUG[0m [2methereum_transaction_pool_monitor::mempool_monitor[0m[2m:[0m 📨 Processing new pending transaction: 0x21ca21f30c2266f5be7d9755d34c60eef057514c7435bc392ce6a421033f3501
[2m2025-12-10T10:09:43.286500Z[0m [34mDEBUG[0m [2methereum_transaction_pool_monitor::mempool_monitor[0m[2m:[0m 🔍 Fetching transaction details for: 0x21ca21f30c2266f5be7d9755d34c60eef057514c7435bc392ce6a421033f3501
[2m2025-12-10T10:09:43.286504Z[0m [34mDEBUG[0m [2methereum_transaction_pool_monitor::eth_client[0m[2m:[0m 🔍 Fetching transaction details for hash: 0x21ca21f30c2266f5be7d9755d34c60eef057514c7435bc392ce6a421033f3501
[2m2025-12-10T10:09:43.286521Z[0m [34mDEBUG[0m [2mhyper::client::pool[0m[2m:[0m reuse idle connection for ("http", 192.168.0.14:8545)
[2m2025-12-10T10:09:43.286550Z[0m [34mDEBUG[0m [2mhyper::proto::h1::io[0m[2m:[0m flushed 250 bytes
[2m2025-12-10T10:09:43.291440Z[0m [34mDEBUG[0m [2mhyper::proto::h1::io[0m[2m:[0m parsed 4 headers
[2m2025-12-10T10:09:43.291446Z[0m [34mDEBUG[0m [2mhyper::proto::h1::conn[0m[2m:[0m incoming body is content-length (830 bytes)
[2m2025-12-10T10:09:43.291453Z[0m [34mDEBUG[0m [2mhyper::proto::h1::conn[0m[2m:[0m incoming body completed
[2m2025-12-10T10:09:43.291461Z[0m [34mDEBUG[0m [2mhyper::client::pool[0m[2m:[0m pooling idle connection for ("http", 192.168.0.14:8545)
[2m2025-12-10T10:09:43.291467Z[0m [34mDEBUG[0m [2methereum_transaction_pool_monitor::eth_client[0m[2m:[0m 📡 Transaction fetch RPC completed in 4.959333ms
[2m2025-12-10T10:09:43.361964Z[0m [34mDEBUG[0m [2methereum_transaction_pool_monitor::eth_client[0m[2m:[0m ✅ Transaction 0x21ca21f30c2266f5be7d9755d34c60eef057514c7435bc392ce6a421033f3501 fetched and parsed in 75.454041ms
[2m2025-12-10T10:09:43.361994Z[0m [34mDEBUG[0m [2methereum_transaction_pool_monitor::mempool_monitor[0m[2m:[0m 🔍 Skipping tx 0x21ca21f30c2266f5be7d9755d34c60eef057514c7435bc392ce6a421033f3501 - not a DEX interaction (target: 0x3B4D794a66304F130a4Db8F2551B0070dfCf5ca7)
[2m2025-12-10T10:09:43.362005Z[0m [34mDEBUG[0m [2methereum_transaction_pool_monitor::mempool_monitor[0m[2m:[0m 📨 Processing new pending transaction: 0x0a26dcab14dc80af4c57af14ac93f07550b8a018949b6acd185e15665747d600
[2m2025-12-10T10:09:43.362014Z[0m [34mDEBUG[0m [2methereum_transaction_pool_monitor::mempool_monitor[0m[2m:[0m 🔍 Fetching transaction details for: 0x0a26dcab14dc80af4c57af14ac93f07550b8a018949b6acd185e15665747d600
[2m2025-12-10T10:09:43.362020Z[0m [34mDEBUG[0m [2methereum_transaction_pool_monitor::eth_client[0m[2m:[0m 🔍 Fetching transaction details for hash: 0x0a26dcab14dc80af4c57af14ac93f07550b8a018949b6acd185e15665747d600
[2m2025-12-10T10:09:43.362037Z[0m [34mDEBUG[0m [2mhyper::client::pool[0m[2m:[0m reuse idle connection for ("http", 192.168.0.14:8545)
[2m2025-12-10T10:09:43.362087Z[0m [34mDEBUG[0m [2mhyper::proto::h1::io[0m[2m:[0m flushed 250 bytes
[2m2025-12-10T10:09:43.362120Z[0m [34mDEBUG[0m [2mhyper::client::pool[0m[2m:[0m reuse idle connection for ("http", 192.168.0.14:8545)
[2m2025-12-10T10:09:43.362141Z[0m [34mDEBUG[0m [2mhyper::proto::h1::io[0m[2m:[0m flushed 172 bytes
[2m2025-12-10T10:09:43.366105Z[0m [34mDEBUG[0m [2mhyper::proto::h1::io[0m[2m:[0m parsed 4 headers
[2m2025-12-10T10:09:43.366112Z[0m [34mDEBUG[0m [2mhyper::proto::h1::conn[0m[2m:[0m incoming body is content-length (45 bytes)
[2m2025-12-10T10:09:43.366122Z[0m [34mDEBUG[0m [2mhyper::proto::h1::conn[0m[2m:[0m incoming body completed
[2m2025-12-10T10:09:43.366135Z[0m [34mDEBUG[0m [2mhyper::client::pool[0m[2m:[0m pooling idle connection for ("http", 192.168.0.14:8545)
[2m2025-12-10T10:09:43.366931Z[0m [34mDEBUG[0m [2mhyper::proto::h1::io[0m[2m:[0m parsed 4 headers
[2m2025-12-10T10:09:43.366936Z[0m [34mDEBUG[0m [2mhyper::proto::h1::conn[0m[2m:[0m incoming body is content-length (3790 bytes)
[2m2025-12-10T10:09:43.366944Z[0m [34mDEBUG[0m [2methereum_transaction_pool_monitor::eth_client[0m[2m:[0m 📡 Transaction fetch RPC completed in 4.91925ms
[2m2025-12-10T10:09:43.369765Z[0m [34mDEBUG[0m [2mhyper::proto::h1::conn[0m[2m:[0m incoming body completed
[2m2025-12-10T10:09:43.369795Z[0m [34mDEBUG[0m [2mhyper::client::pool[0m[2m:[0m pooling idle connection for ("http", 192.168.0.14:8545)
[2m2025-12-10T10:09:43.384981Z[0m [34mDEBUG[0m [2methereum_transaction_pool_monitor::eth_client[0m[2m:[0m 📨 Received WebSocket message: {"jsonrpc":"2.0","method":"eth_subscription","params":{"subscription":"0xbed0a0851463e895960a451075a301a9","result":"0x755fe9e5a30e884962388aa3c29229c68efc5a044f3a4d68cda70572a7f9e197"}}
[2m2025-12-10T10:09:43.384998Z[0m [34mDEBUG[0m [2methereum_transaction_pool_monitor::eth_client[0m[2m:[0m 📨 Received pending transaction: 0x755fe9e5a30e884962388aa3c29229c68efc5a044f3a4d68cda70572a7f9e197
[2m2025-12-10T10:09:43.397022Z[0m [34mDEBUG[0m [2mhyper::client::pool[0m[2m:[0m reuse idle connection for ("http", 192.168.0.14:8545)
[2m2025-12-10T10:09:43.397065Z[0m [34mDEBUG[0m [2mhyper::proto::h1::io[0m[2m:[0m flushed 172 bytes
[2m2025-12-10T10:09:43.400415Z[0m [34mDEBUG[0m [2mhyper::proto::h1::io[0m[2m:[0m parsed 4 headers
[2m2025-12-10T10:09:43.400425Z[0m [34mDEBUG[0m [2mhyper::proto::h1::conn[0m[2m:[0m incoming body is content-length (45 bytes)
[2m2025-12-10T10:09:43.400433Z[0m [34mDEBUG[0m [2mhyper::proto::h1::conn[0m[2m:[0m incoming body completed
[2m2025-12-10T10:09:43.400443Z[0m [34mDEBUG[0m [2mhyper::client::pool[0m[2m:[0m pooling idle connection for ("http", 192.168.0.14:8545)
[2m2025-12-10T10:09:43.441189Z[0m [34mDEBUG[0m [2methereum_transaction_pool_monitor::eth_client[0m[2m:[0m ✅ Transaction 0x0a26dcab14dc80af4c57af14ac93f07550b8a018949b6acd185e15665747d600 fetched and parsed in 79.161709ms
[2m2025-12-10T10:09:43.441216Z[0m [34mDEBUG[0m [2methereum_transaction_pool_monitor::mempool_monitor[0m[2m:[0m 🔍 Skipping tx 0x0a26dcab14dc80af4c57af14ac93f07550b8a018949b6acd185e15665747d600 - not a DEX interaction (target: 0x1231DEB6f5749EF6cE6943a275A1D3E7486F4EaE)
[2m2025-12-10T10:09:43.441227Z[0m [34mDEBUG[0m [2methereum_transaction_pool_monitor::mempool_monitor[0m[2m:[0m 📨 Processing new pending transaction: 0x173b44915e780a85f7bc3c61799d627f49f9aec0d98a5b86e245aebcd152a9d6
[2m2025-12-10T10:09:43.441234Z[0m [34mDEBUG[0m [2methereum_transaction_pool_monitor::mempool_monitor[0m[2m:[0m 🔍 Fetching transaction details for: 0x173b44915e780a85f7bc3c61799d627f49f9aec0d98a5b86e245aebcd152a9d6
[2m2025-12-10T10:09:43.441240Z[0m [34mDEBUG[0m [2methereum_transaction_pool_monitor::eth_client[0m[2m:[0m 🔍 Fetching transaction details for hash: 0x173b44915e780a85f7bc3c61799d627f49f9aec0d98a5b86e245aebcd152a9d6
[2m2025-12-10T10:09:43.441261Z[0m [34mDEBUG[0m [2mhyper::client::pool[0m[2m:[0m reuse idle connection for ("http", 192.168.0.14:8545)
[2m2025-12-10T10:09:43.441297Z[0m [34mDEBUG[0m [2mhyper::proto::h1::io[0m[2m:[0m flushed 250 bytes
[2m2025-12-10T10:09:43.450518Z[0m [34mDEBUG[0m [2mhyper::proto::h1::io[0m[2m:[0m parsed 4 headers
[2m2025-12-10T10:09:43.450530Z[0m [34mDEBUG[0m [2mhyper::proto::h1::conn[0m[2m:[0m incoming body is content-length (653 bytes)
[2m2025-12-10T10:09:43.450537Z[0m [34mDEBUG[0m [2mhyper::proto::h1::conn[0m[2m:[0m incoming body completed
[2m2025-12-10T10:09:43.450545Z[0m [34mDEBUG[0m [2mhyper::client::pool[0m[2m:[0m pooling idle connection for ("http", 192.168.0.14:8545)
[2m2025-12-10T10:09:43.450552Z[0m [34mDEBUG[0m [2methereum_transaction_pool_monitor::eth_client[0m[2m:[0m 📡 Transaction fetch RPC completed in 9.307875ms
[2m2025-12-10T10:09:43.519611Z[0m [34mDEBUG[0m [2methereum_transaction_pool_monitor::eth_client[0m[2m:[0m ✅ Transaction 0x173b44915e780a85f7bc3c61799d627f49f9aec0d98a5b86e245aebcd152a9d6 fetched and parsed in 78.364584ms
[2m2025-12-10T10:09:43.519641Z[0m [34mDEBUG[0m [2methereum_transaction_pool_monitor::mempool_monitor[0m[2m:[0m 🔍 Skipping tx 0x173b44915e780a85f7bc3c61799d627f49f9aec0d98a5b86e245aebcd152a9d6 - not a DEX interaction (target: 0x448f349048D5f3045f486D7A6c02ec1c16947c1F)
[2m2025-12-10T10:09:43.519650Z[0m [34mDEBUG[0m [2methereum_transaction_pool_monitor::mempool_monitor[0m[2m:[0m 📨 Processing new pending transaction: 0x7c72e0f0a50c5bb19d5d0dbbe4921343a2d4160700fb1b9cfe432cc4a816a499
[2m2025-12-10T10:09:43.519655Z[0m [34mDEBUG[0m [2methereum_transaction_pool_monitor::mempool_monitor[0m[2m:[0m 🔍 Fetching transaction details for: 0x7c72e0f0a50c5bb19d5d0dbbe4921343a2d4160700fb1b9cfe432cc4a816a499
[2m2025-12-10T10:09:43.519659Z[0m [34mDEBUG[0m [2methereum_transaction_pool_monitor::eth_client[0m[2m:[0m 🔍 Fetching transaction details for hash: 0x7c72e0f0a50c5bb19d5d0dbbe4921343a2d4160700fb1b9cfe432cc4a816a499
[2m2025-12-10T10:09:43.519675Z[0m [34mDEBUG[0m [2mhyper::client::pool[0m[2m:[0m reuse idle connection for ("http", 192.168.0.14:8545)
[2m2025-12-10T10:09:43.519722Z[0m [34mDEBUG[0m [2mhyper::proto::h1::io[0m[2m:[0m flushed 250 bytes
[2m2025-12-10T10:09:43.519750Z[0m [34mDEBUG[0m [2mhyper::client::pool[0m[2m:[0m reuse idle connection for ("http", 192.168.0.14:8545)
[2m2025-12-10T10:09:43.519766Z[0m [34mDEBUG[0m [2mhyper::proto::h1::io[0m[2m:[0m flushed 172 bytes
[2m2025-12-10T10:09:43.524150Z[0m [34mDEBUG[0m [2mhyper::proto::h1::io[0m[2m:[0m parsed 4 headers
[2m2025-12-10T10:09:43.524161Z[0m [34mDEBUG[0m [2mhyper::proto::h1::conn[0m[2m:[0m incoming body is content-length (656 bytes)
[2m2025-12-10T10:09:43.524170Z[0m [34mDEBUG[0m [2mhyper::proto::h1::conn[0m[2m:[0m incoming body completed
[2m2025-12-10T10:09:43.524181Z[0m [34mDEBUG[0m [2mhyper::client::pool[0m[2m:[0m pooling idle connection for ("http", 192.168.0.14:8545)
[2m2025-12-10T10:09:43.524188Z[0m [34mDEBUG[0m [2methereum_transaction_pool_monitor::eth_client[0m[2m:[0m 📡 Transaction fetch RPC completed in 4.524125ms
[2m2025-12-10T10:09:43.593659Z[0m [34mDEBUG[0m [2methereum_transaction_pool_monitor::eth_client[0m[2m:[0m ✅ Transaction 0x7c72e0f0a50c5bb19d5d0dbbe4921343a2d4160700fb1b9cfe432cc4a816a499 fetched and parsed in 73.993667ms
[2m2025-12-10T10:09:43.593693Z[0m [34mDEBUG[0m [2methereum_transaction_pool_monitor::mempool_monitor[0m[2m:[0m 🔍 Skipping tx 0x7c72e0f0a50c5bb19d5d0dbbe4921343a2d4160700fb1b9cfe432cc4a816a499 - not a DEX interaction (target: 0x75d56f9385d06857216A942FFe4d1c49E2158a6C)
[2m2025-12-10T10:09:43.593702Z[0m [34mDEBUG[0m [2methereum_transaction_pool_monitor::mempool_monitor[0m[2m:[0m 📨 Processing new pending transaction: 0x4035aa336a767f195a2ccdb0d69756fb2f9a6448322a1490f83065f83b73ec9d
[2m2025-12-10T10:09:43.593708Z[0m [34mDEBUG[0m [2methereum_transaction_pool_monitor::mempool_monitor[0m[2m:[0m 🔍 Fetching transaction details for: 0x4035aa336a767f195a2ccdb0d69756fb2f9a6448322a1490f83065f83b73ec9d
[2m2025-12-10T10:09:43.593712Z[0m [34mDEBUG[0m [2methereum_transaction_pool_monitor::eth_client[0m[2m:[0m 🔍 Fetching transaction details for hash: 0x4035aa336a767f195a2ccdb0d69756fb2f9a6448322a1490f83065f83b73ec9d
[2m2025-12-10T10:09:43.593731Z[0m [34mDEBUG[0m [2mhyper::client::pool[0m[2m:[0m reuse idle connection for ("http", 192.168.0.14:8545)
[2m2025-12-10T10:09:43.593779Z[0m [34mDEBUG[0m [2mhyper::proto::h1::io[0m[2m:[0m flushed 250 bytes
[2m2025-12-10T10:09:43.593802Z[0m [34mDEBUG[0m [2methereum_transaction_pool_monitor::eth_client[0m[2m:[0m 📨 Received WebSocket message: {"jsonrpc":"2.0","method":"eth_subscription","params":{"subscription":"0xbed0a0851463e895960a451075a301a9","result":"0x6405aba9abd5fce78e7a319569e80ef2e21fc2d0bc12835f4980ae20195ec2c8"}}
[2m2025-12-10T10:09:43.593806Z[0m [34mDEBUG[0m [2mhyper::proto::h1::io[0m[2m:[0m parsed 4 headers
[2m2025-12-10T10:09:43.593813Z[0m [34mDEBUG[0m [2methereum_transaction_pool_monitor::eth_client[0m[2m:[0m 📨 Received pending transaction: 0x6405aba9abd5fce78e7a319569e80ef2e21fc2d0bc12835f4980ae20195ec2c8
[2m2025-12-10T10:09:43.593824Z[0m [34mDEBUG[0m [2mhyper::proto::h1::conn[0m[2m:[0m incoming body is content-length (45 bytes)
[2m2025-12-10T10:09:43.593844Z[0m [34mDEBUG[0m [2mhyper::proto::h1::conn[0m[2m:[0m incoming body completed
[2m2025-12-10T10:09:43.593857Z[0m [34mDEBUG[0m [2mhyper::client::pool[0m[2m:[0m pooling idle connection for ("http", 192.168.0.14:8545)
[2m2025-12-10T10:09:43.597148Z[0m [34mDEBUG[0m [2mhyper::client::pool[0m[2m:[0m reuse idle connection for ("http", 192.168.0.14:8545)
[2m2025-12-10T10:09:43.597174Z[0m [34mDEBUG[0m [2mhyper::proto::h1::io[0m[2m:[0m flushed 172 bytes
[2m2025-12-10T10:09:43.608995Z[0m [34mDEBUG[0m [2mhyper::proto::h1::io[0m[2m:[0m parsed 4 headers
[2m2025-12-10T10:09:43.609004Z[0m [34mDEBUG[0m [2mhyper::proto::h1::conn[0m[2m:[0m incoming body is content-length (767 bytes)
[2m2025-12-10T10:09:43.609013Z[0m [34mDEBUG[0m [2mhyper::proto::h1::conn[0m[2m:[0m incoming body completed
[2m2025-12-10T10:09:43.609022Z[0m [34mDEBUG[0m [2mhyper::client::pool[0m[2m:[0m pooling idle connection for ("http", 192.168.0.14:8545)
[2m2025-12-10T10:09:43.609029Z[0m [34mDEBUG[0m [2methereum_transaction_pool_monitor::eth_client[0m[2m:[0m 📡 Transaction fetch RPC completed in 15.311625ms
[2m2025-12-10T10:09:43.609043Z[0m [34mDEBUG[0m [2methereum_transaction_pool_monitor::eth_client[0m[2m:[0m DeFi transaction detected - Address: 0xdac17f958d2ee523a2206206994597c13d831ec7, Type: Stablecoin, Value: 0 ETH, Gas: 0.25 Gwei
[2m2025-12-10T10:09:43.609058Z[0m [34mDEBUG[0m [2methereum_transaction_pool_monitor::eth_client[0m[2m:[0m ✅ Transaction 0x4035aa336a767f195a2ccdb0d69756fb2f9a6448322a1490f83065f83b73ec9d fetched and parsed in 15.341333ms
[2m2025-12-10T10:09:43.609068Z[0m [34mDEBUG[0m [2methereum_transaction_pool_monitor::mempool_monitor[0m[2m:[0m 🔍 Skipping tx 0x4035aa336a767f195a2ccdb0d69756fb2f9a6448322a1490f83065f83b73ec9d - not a DEX interaction (target: 0xdAC17F958D2ee523a2206206994597C13D831ec7)
[2m2025-12-10T10:09:43.609076Z[0m [34mDEBUG[0m [2methereum_transaction_pool_monitor::mempool_monitor[0m[2m:[0m 📨 Processing new pending transaction: 0x5bfa6852c63a6f22fa102449877617d6fe9ad2caa9dc678f72620a74d4f5481e
[2m2025-12-10T10:09:43.609081Z[0m [34mDEBUG[0m [2methereum_transaction_pool_monitor::mempool_monitor[0m[2m:[0m 🔍 Fetching transaction details for: 0x5bfa6852c63a6f22fa102449877617d6fe9ad2caa9dc678f72620a74d4f5481e
[2m2025-12-10T10:09:43.609085Z[0m [34mDEBUG[0m [2methereum_transaction_pool_monitor::eth_client[0m[2m:[0m 🔍 Fetching transaction details for hash: 0x5bfa6852c63a6f22fa102449877617d6fe9ad2caa9dc678f72620a74d4f5481e
[2m2025-12-10T10:09:43.609096Z[0m [34mDEBUG[0m [2mhyper::client::pool[0m[2m:[0m reuse idle connection for ("http", 192.168.0.14:8545)
[2m2025-12-10T10:09:43.609111Z[0m [34mDEBUG[0m [2mhyper::proto::h1::io[0m[2m:[0m flushed 250 bytes
[2m2025-12-10T10:09:43.609118Z[0m [34mDEBUG[0m [2mhyper::proto::h1::io[0m[2m:[0m parsed 4 headers
[2m2025-12-10T10:09:43.609122Z[0m [34mDEBUG[0m [2mhyper::proto::h1::conn[0m[2m:[0m incoming body is content-length (45 bytes)
[2m2025-12-10T10:09:43.609126Z[0m [34mDEBUG[0m [2mhyper::proto::h1::conn[0m[2m:[0m incoming body completed
[2m2025-12-10T10:09:43.609131Z[0m [34mDEBUG[0m [2mhyper::client::pool[0m[2m:[0m pooling idle connection for ("http", 192.168.0.14:8545)
[2m2025-12-10T10:09:43.620872Z[0m [34mDEBUG[0m [2mhyper::proto::h1::io[0m[2m:[0m parsed 4 headers
[2m2025-12-10T10:09:43.620882Z[0m [34mDEBUG[0m [2mhyper::proto::h1::conn[0m[2m:[0m incoming body is content-length (830 bytes)
[2m2025-12-10T10:09:43.620888Z[0m [34mDEBUG[0m [2mhyper::proto::h1::conn[0m[2m:[0m incoming body completed
[2m2025-12-10T10:09:43.620896Z[0m [34mDEBUG[0m [2mhyper::client::pool[0m[2m:[0m pooling idle connection for ("http", 192.168.0.14:8545)
[2m2025-12-10T10:09:43.620902Z[0m [34mDEBUG[0m [2methereum_transaction_pool_monitor::eth_client[0m[2m:[0m 📡 Transaction fetch RPC completed in 11.812667ms
[2m2025-12-10T10:09:43.691997Z[0m [34mDEBUG[0m [2methereum_transaction_pool_monitor::eth_client[0m[2m:[0m ✅ Transaction 0x5bfa6852c63a6f22fa102449877617d6fe9ad2caa9dc678f72620a74d4f5481e fetched and parsed in 82.906333ms
[2m2025-12-10T10:09:43.692025Z[0m [34mDEBUG[0m [2methereum_transaction_pool_monitor::mempool_monitor[0m[2m:[0m 🔍 Skipping tx 0x5bfa6852c63a6f22fa102449877617d6fe9ad2caa9dc678f72620a74d4f5481e - not a DEX interaction (target: 0x3B4D794a66304F130a4Db8F2551B0070dfCf5ca7)
[2m2025-12-10T10:09:43.692035Z[0m [34mDEBUG[0m [2methereum_transaction_pool_monitor::mempool_monitor[0m[2m:[0m 📨 Processing new pending transaction: 0xd14e2142105a2049c1ebcb44083d3d8172ec0f05ef51df6d1a5f03d385cddeed
[2m2025-12-10T10:09:43.692042Z[0m [34mDEBUG[0m [2methereum_transaction_pool_monitor::mempool_monitor[0m[2m:[0m 🔍 Fetching transaction details for: 0xd14e2142105a2049c1ebcb44083d3d8172ec0f05ef51df6d1a5f03d385cddeed
[2m2025-12-10T10:09:43.692049Z[0m [34mDEBUG[0m [2methereum_transaction_pool_monitor::eth_client[0m[2m:[0m 🔍 Fetching transaction details for hash: 0xd14e2142105a2049c1ebcb44083d3d8172ec0f05ef51df6d1a5f03d385cddeed
[2m2025-12-10T10:09:43.692067Z[0m [34mDEBUG[0m [2mhyper::client::pool[0m[2m:[0m reuse idle connection for ("http", 192.168.0.14:8545)
[2m2025-12-10T10:09:43.692111Z[0m [34mDEBUG[0m [2mhyper::proto::h1::io[0m[2m:[0m flushed 250 bytes
[2m2025-12-10T10:09:43.696667Z[0m [34mDEBUG[0m [2mhyper::client::pool[0m[2m:[0m reuse idle connection for ("http", 192.168.0.14:8545)
[2m2025-12-10T10:09:43.696709Z[0m [34mDEBUG[0m [2mhyper::proto::h1::io[0m[2m:[0m flushed 172 bytes
[2m2025-12-10T10:09:43.697135Z[0m [34mDEBUG[0m [2mhyper::proto::h1::io[0m[2m:[0m parsed 4 headers
[2m2025-12-10T10:09:43.697141Z[0m [34mDEBUG[0m [2mhyper::proto::h1::conn[0m[2m:[0m incoming body is content-length (773 bytes)
[2m2025-12-10T10:09:43.697147Z[0m [34mDEBUG[0m [2mhyper::proto::h1::conn[0m[2m:[0m incoming body completed
[2m2025-12-10T10:09:43.697154Z[0m [34mDEBUG[0m [2mhyper::client::pool[0m[2m:[0m pooling idle connection for ("http", 192.168.0.14:8545)
[2m2025-12-10T10:09:43.697160Z[0m [34mDEBUG[0m [2methereum_transaction_pool_monitor::eth_client[0m[2m:[0m 📡 Transaction fetch RPC completed in 5.105667ms
[2m2025-12-10T10:09:43.768939Z[0m [34mDEBUG[0m [2methereum_transaction_pool_monitor::eth_client[0m[2m:[0m ✅ Transaction 0xd14e2142105a2049c1ebcb44083d3d8172ec0f05ef51df6d1a5f03d385cddeed fetched and parsed in 76.882625ms
[2m2025-12-10T10:09:43.768973Z[0m [34mDEBUG[0m [2methereum_transaction_pool_monitor::mempool_monitor[0m[2m:[0m 🔍 Skipping tx 0xd14e2142105a2049c1ebcb44083d3d8172ec0f05ef51df6d1a5f03d385cddeed - not a DEX interaction (target: 0x83086Ea8D266c542DD07aCB064882F4Ad67034c0)
[2m2025-12-10T10:09:43.768984Z[0m [34mDEBUG[0m [2methereum_transaction_pool_monitor::mempool_monitor[0m[2m:[0m 📨 Processing new pending transaction: 0xbd85209ff7afbce7f8d1f5f30899f7ff94eff84ff98b4e54ab09d7ecd06c2d5a
[2m2025-12-10T10:09:43.768992Z[0m [34mDEBUG[0m [2methereum_transaction_pool_monitor::mempool_monitor[0m[2m:[0m 🔍 Fetching transaction details for: 0xbd85209ff7afbce7f8d1f5f30899f7ff94eff84ff98b4e54ab09d7ecd06c2d5a
[2m2025-12-10T10:09:43.768997Z[0m [34mDEBUG[0m [2methereum_transaction_pool_monitor::eth_client[0m[2m:[0m 🔍 Fetching transaction details for hash: 0xbd85209ff7afbce7f8d1f5f30899f7ff94eff84ff98b4e54ab09d7ecd06c2d5a
[2m2025-12-10T10:09:43.769018Z[0m [34mDEBUG[0m [2mhyper::client::pool[0m[2m:[0m reuse idle connection for ("http", 192.168.0.14:8545)
[2m2025-12-10T10:09:43.769052Z[0m [34mDEBUG[0m [2mhyper::proto::h1::io[0m[2m:[0m flushed 250 bytes
[2m2025-12-10T10:09:43.769078Z[0m [34mDEBUG[0m [2methereum_transaction_pool_monitor::eth_client[0m[2m:[0m 📨 Received WebSocket message: {"jsonrpc":"2.0","method":"eth_subscription","params":{"subscription":"0xbed0a0851463e895960a451075a301a9","result":"0xd52fc16053d7e8bd632a7ce56a61afe73c82724e1cdf0f8ca36050696858af01"}}
[2m2025-12-10T10:09:43.769086Z[0m [34mDEBUG[0m [2methereum_transaction_pool_monitor::eth_client[0m[2m:[0m 📨 Received pending transaction: 0xd52fc16053d7e8bd632a7ce56a61afe73c82724e1cdf0f8ca36050696858af01
[2m2025-12-10T10:09:43.769117Z[0m [34mDEBUG[0m [2mhyper::proto::h1::io[0m[2m:[0m parsed 4 headers
[2m2025-12-10T10:09:43.769123Z[0m [34mDEBUG[0m [2mhyper::proto::h1::conn[0m[2m:[0m incoming body is content-length (45 bytes)
[2m2025-12-10T10:09:43.769131Z[0m [34mDEBUG[0m [2mhyper::proto::h1::conn[0m[2m:[0m incoming body completed
[2m2025-12-10T10:09:43.769141Z[0m [34mDEBUG[0m [2mhyper::client::pool[0m[2m:[0m pooling idle connection for ("http", 192.168.0.14:8545)
[2m2025-12-10T10:09:43.773871Z[0m [34mDEBUG[0m [2mhyper::proto::h1::io[0m[2m:[0m parsed 4 headers
[2m2025-12-10T10:09:43.773878Z[0m [34mDEBUG[0m [2mhyper::proto::h1::conn[0m[2m:[0m incoming body is content-length (648 bytes)
[2m2025-12-10T10:09:43.773884Z[0m [34mDEBUG[0m [2mhyper::proto::h1::conn[0m[2m:[0m incoming body completed
[2m2025-12-10T10:09:43.773891Z[0m [34mDEBUG[0m [2mhyper::client::pool[0m[2m:[0m pooling idle connection for ("http", 192.168.0.14:8545)
[2m2025-12-10T10:09:43.773896Z[0m [34mDEBUG[0m [2methereum_transaction_pool_monitor::eth_client[0m[2m:[0m 📡 Transaction fetch RPC completed in 4.894542ms
[2m2025-12-10T10:09:43.846283Z[0m [34mDEBUG[0m [2methereum_transaction_pool_monitor::eth_client[0m[2m:[0m ✅ Transaction 0xbd85209ff7afbce7f8d1f5f30899f7ff94eff84ff98b4e54ab09d7ecd06c2d5a fetched and parsed in 77.279667ms
[2m2025-12-10T10:09:43.846314Z[0m [34mDEBUG[0m [2methereum_transaction_pool_monitor::mempool_monitor[0m[2m:[0m 🔍 Skipping tx 0xbd85209ff7afbce7f8d1f5f30899f7ff94eff84ff98b4e54ab09d7ecd06c2d5a - not a DEX interaction (target: 0x7772FE062C2B6aC0c0F83cA4948177bE4889B1B3)
[2m2025-12-10T10:09:43.846326Z[0m [34mDEBUG[0m [2methereum_transaction_pool_monitor::mempool_monitor[0m[2m:[0m 📨 Processing new pending transaction: 0x12aced01fec69620a32f77c5a29f25ffc81648c1b72b7292058c220da4c3704d
[2m2025-12-10T10:09:43.846332Z[0m [34mDEBUG[0m [2methereum_transaction_pool_monitor::mempool_monitor[0m[2m:[0m 🔍 Fetching transaction details for: 0x12aced01fec69620a32f77c5a29f25ffc81648c1b72b7292058c220da4c3704d
[2m2025-12-10T10:09:43.846339Z[0m [34mDEBUG[0m [2methereum_transaction_pool_monitor::eth_client[0m[2m:[0m 🔍 Fetching transaction details for hash: 0x12aced01fec69620a32f77c5a29f25ffc81648c1b72b7292058c220da4c3704d
[2m2025-12-10T10:09:43.846356Z[0m [34mDEBUG[0m [2mhyper::client::pool[0m[2m:[0m reuse idle connection for ("http", 192.168.0.14:8545)
[2m2025-12-10T10:09:43.846400Z[0m [34mDEBUG[0m [2mhyper::proto::h1::io[0m[2m:[0m flushed 250 bytes
[2m2025-12-10T10:09:43.846427Z[0m [34mDEBUG[0m [2mhyper::client::pool[0m[2m:[0m reuse idle connection for ("http", 192.168.0.14:8545)
[2m2025-12-10T10:09:43.846444Z[0m [34mDEBUG[0m [2mhyper::proto::h1::io[0m[2m:[0m flushed 172 bytes
[2m2025-12-10T10:09:43.861166Z[0m [34mDEBUG[0m [2methereum_transaction_pool_monitor::eth_client[0m[2m:[0m 📨 Received WebSocket message: {"jsonrpc":"2.0","method":"eth_subscription","params":{"subscription":"0xbed0a0851463e895960a451075a301a9","result":"0x3b523386977a3bddc0486eab71c445f5c6ba4634ece8acc313043c9b357e1724"}}
[2m2025-12-10T10:09:43.861202Z[0m [34mDEBUG[0m [2methereum_transaction_pool_monitor::eth_client[0m[2m:[0m 📨 Received pending transaction: 0x3b523386977a3bddc0486eab71c445f5c6ba4634ece8acc313043c9b357e1724
[2m2025-12-10T10:09:43.861221Z[0m [34mDEBUG[0m [2mhyper::proto::h1::io[0m[2m:[0m parsed 4 headers
[2m2025-12-10T10:09:43.861226Z[0m [34mDEBUG[0m [2mhyper::proto::h1::conn[0m[2m:[0m incoming body is content-length (774 bytes)
[2m2025-12-10T10:09:43.861237Z[0m [34mDEBUG[0m [2mhyper::proto::h1::conn[0m[2m:[0m incoming body completed
[2m2025-12-10T10:09:43.861251Z[0m [34mDEBUG[0m [2mhyper::client::pool[0m[2m:[0m pooling idle connection for ("http", 192.168.0.14:8545)
[2m2025-12-10T10:09:43.861258Z[0m [34mDEBUG[0m [2methereum_transaction_pool_monitor::eth_client[0m[2m:[0m 📡 Transaction fetch RPC completed in 14.914875ms
[2m2025-12-10T10:09:43.933115Z[0m [34mDEBUG[0m [2methereum_transaction_pool_monitor::eth_client[0m[2m:[0m ✅ Transaction 0x12aced01fec69620a32f77c5a29f25ffc81648c1b72b7292058c220da4c3704d fetched and parsed in 86.768958ms
[2m2025-12-10T10:09:43.933141Z[0m [34mDEBUG[0m [2methereum_transaction_pool_monitor::mempool_monitor[0m[2m:[0m 🔍 Skipping tx 0x12aced01fec69620a32f77c5a29f25ffc81648c1b72b7292058c220da4c3704d - not a DEX interaction (target: 0x3a5cc8689D1b0cEf2c317bC5C0aD6Ce88B27D597)
[2m2025-12-10T10:09:43.933152Z[0m [34mDEBUG[0m [2methereum_transaction_pool_monitor::mempool_monitor[0m[2m:[0m 📨 Processing new pending transaction: 0xbc7b28b5e32502559c64729b5d6ac974ba52cacacac7ebf872c8d6a7f32104ac
[2m2025-12-10T10:09:43.933159Z[0m [34mDEBUG[0m [2methereum_transaction_pool_monitor::mempool_monitor[0m[2m:[0m 🔍 Fetching transaction details for: 0xbc7b28b5e32502559c64729b5d6ac974ba52cacacac7ebf872c8d6a7f32104ac
[2m2025-12-10T10:09:43.933166Z[0m [34mDEBUG[0m [2methereum_transaction_pool_monitor::eth_client[0m[2m:[0m 🔍 Fetching transaction details for hash: 0xbc7b28b5e32502559c64729b5d6ac974ba52cacacac7ebf872c8d6a7f32104ac
[2m2025-12-10T10:09:43.933184Z[0m [34mDEBUG[0m [2mhyper::client::pool[0m[2m:[0m reuse idle connection for ("http", 192.168.0.14:8545)
[2m2025-12-10T10:09:43.933224Z[0m [34mDEBUG[0m [2mhyper::proto::h1::io[0m[2m:[0m flushed 250 bytes
[2m2025-12-10T10:09:43.933249Z[0m [34mDEBUG[0m [2methereum_transaction_pool_monitor::eth_client[0m[2m:[0m 📨 Received WebSocket message: {"jsonrpc":"2.0","method":"eth_subscription","params":{"subscription":"0xbed0a0851463e895960a451075a301a9","result":"0xfdf6a797e0638a709f00af0d57c5b1cb72c4e74c7018fcad8ec2f27f79e96bb9"}}
[2m2025-12-10T10:09:43.933257Z[0m [34mDEBUG[0m [2methereum_transaction_pool_monitor::eth_client[0m[2m:[0m 📨 Received pending transaction: 0xfdf6a797e0638a709f00af0d57c5b1cb72c4e74c7018fcad8ec2f27f79e96bb9
[2m2025-12-10T10:09:43.933263Z[0m [34mDEBUG[0m [2methereum_transaction_pool_monitor::eth_client[0m[2m:[0m 📨 Received WebSocket message: {"jsonrpc":"2.0","method":"eth_subscription","params":{"subscription":"0xbed0a0851463e895960a451075a301a9","result":"0x1f97a3203fd51294510e6eedc91135159e00e92aa96158050ea84ca965206039"}}
[2m2025-12-10T10:09:43.933270Z[0m [34mDEBUG[0m [2methereum_transaction_pool_monitor::eth_client[0m[2m:[0m 📨 Received pending transaction: 0x1f97a3203fd51294510e6eedc91135159e00e92aa96158050ea84ca965206039
[2m2025-12-10T10:09:43.933276Z[0m [34mDEBUG[0m [2methereum_transaction_pool_monitor::eth_client[0m[2m:[0m 📨 Received WebSocket message: {"jsonrpc":"2.0","method":"eth_subscription","params":{"subscription":"0xbed0a0851463e895960a451075a301a9","result":"0xc788df0cccf2898207273a840e74f77e98d74f4a2a7bc01dfb4528818c7b49dc"}}
[2m2025-12-10T10:09:43.933281Z[0m [34mDEBUG[0m [2methereum_transaction_pool_monitor::eth_client[0m[2m:[0m 📨 Received pending transaction: 0xc788df0cccf2898207273a840e74f77e98d74f4a2a7bc01dfb4528818c7b49dc
[2m2025-12-10T10:09:43.933299Z[0m [34mDEBUG[0m [2mhyper::proto::h1::io[0m[2m:[0m parsed 4 headers
[2m2025-12-10T10:09:43.933310Z[0m [34mDEBUG[0m [2mhyper::proto::h1::conn[0m[2m:[0m incoming body is content-length (45 bytes)
[2m2025-12-10T10:09:43.933320Z[0m [34mDEBUG[0m [2mhyper::proto::h1::conn[0m[2m:[0m incoming body completed
[2m2025-12-10T10:09:43.933332Z[0m [34mDEBUG[0m [2mhyper::client::pool[0m[2m:[0m pooling idle connection for ("http", 192.168.0.14:8545)
[2m2025-12-10T10:09:43.933349Z[0m [34mDEBUG[0m [2mhyper::client::pool[0m[2m:[0m reuse idle connection for ("http", 192.168.0.14:8545)
[2m2025-12-10T10:09:43.933366Z[0m [34mDEBUG[0m [2mhyper::proto::h1::io[0m[2m:[0m flushed 172 bytes
[2m2025-12-10T10:09:43.944628Z[0m [34mDEBUG[0m [2mhyper::proto::h1::io[0m[2m:[0m parsed 4 headers
[2m2025-12-10T10:09:43.944642Z[0m [34mDEBUG[0m [2mhyper::proto::h1::conn[0m[2m:[0m incoming body is content-length (676 bytes)
[2m2025-12-10T10:09:43.944654Z[0m [34mDEBUG[0m [2mhyper::proto::h1::conn[0m[2m:[0m incoming body completed
[2m2025-12-10T10:09:43.944671Z[0m [34mDEBUG[0m [2mhyper::client::pool[0m[2m:[0m pooling idle connection for ("http", 192.168.0.14:8545)
[2m2025-12-10T10:09:43.944680Z[0m [34mDEBUG[0m [2methereum_transaction_pool_monitor::eth_client[0m[2m:[0m 📡 Transaction fetch RPC completed in 11.508833ms
[2m2025-12-10T10:09:43.944696Z[0m [34mDEBUG[0m [2methereum_transaction_pool_monitor::eth_client[0m[2m:[0m DeFi transaction detected - Address: 0xdac17f958d2ee523a2206206994597c13d831ec7, Type: Stablecoin, Value: 0 ETH, Gas: 0.30 Gwei
[2m2025-12-10T10:09:43.944709Z[0m [34mDEBUG[0m [2methereum_transaction_pool_monitor::eth_client[0m[2m:[0m ✅ Transaction 0xbc7b28b5e32502559c64729b5d6ac974ba52cacacac7ebf872c8d6a7f32104ac fetched and parsed in 11.538916ms
[2m2025-12-10T10:09:43.944716Z[0m [34mDEBUG[0m [2methereum_transaction_pool_monitor::mempool_monitor[0m[2m:[0m 🔍 Skipping tx 0xbc7b28b5e32502559c64729b5d6ac974ba52cacacac7ebf872c8d6a7f32104ac - not a DEX interaction (target: 0xdAC17F958D2ee523a2206206994597C13D831ec7)
[2m2025-12-10T10:09:43.944723Z[0m [34mDEBUG[0m [2methereum_transaction_pool_monitor::mempool_monitor[0m[2m:[0m 📨 Processing new pending transaction: 0xe8699b4674b63908bb52ad1177745622579e953a47227c49dabcdee10c2f119d
[2m2025-12-10T10:09:43.944732Z[0m [34mDEBUG[0m [2methereum_transaction_pool_monitor::mempool_monitor[0m[2m:[0m 🔍 Fetching transaction details for: 0xe8699b4674b63908bb52ad1177745622579e953a47227c49dabcdee10c2f119d
[2m2025-12-10T10:09:43.944736Z[0m [34mDEBUG[0m [2methereum_transaction_pool_monitor::eth_client[0m[2m:[0m 🔍 Fetching transaction details for hash: 0xe8699b4674b63908bb52ad1177745622579e953a47227c49dabcdee10c2f119d
[2m2025-12-10T10:09:43.944767Z[0m [34mDEBUG[0m [2mhyper::client::pool[0m[2m:[0m reuse idle connection for ("http", 192.168.0.14:8545)
[2m2025-12-10T10:09:43.944790Z[0m [34mDEBUG[0m [2mhyper::proto::h1::io[0m[2m:[0m flushed 250 bytes
[2m2025-12-10T10:09:43.944799Z[0m [34mDEBUG[0m [2mhyper::proto::h1::io[0m[2m:[0m parsed 4 headers
[2m2025-12-10T10:09:43.944803Z[0m [34mDEBUG[0m [2mhyper::proto::h1::conn[0m[2m:[0m incoming body is content-length (45 bytes)
[2m2025-12-10T10:09:43.944807Z[0m [34mDEBUG[0m [2mhyper::proto::h1::conn[0m[2m:[0m incoming body completed
[2m2025-12-10T10:09:43.944812Z[0m [34mDEBUG[0m [2mhyper::client::pool[0m[2m:[0m pooling idle connection for ("http", 192.168.0.14:8545)
[2m2025-12-10T10:09:43.952416Z[0m [34mDEBUG[0m [2mhyper::proto::h1::io[0m[2m:[0m parsed 4 headers
[2m2025-12-10T10:09:43.952435Z[0m [34mDEBUG[0m [2mhyper::proto::h1::conn[0m[2m:[0m incoming body is content-length (769 bytes)
[2m2025-12-10T10:09:43.952443Z[0m [34mDEBUG[0m [2mhyper::proto::h1::conn[0m[2m:[0m incoming body completed
[2m2025-12-10T10:09:43.952453Z[0m [34mDEBUG[0m [2mhyper::client::pool[0m[2m:[0m pooling idle connection for ("http", 192.168.0.14:8545)
[2m2025-12-10T10:09:43.952460Z[0m [34mDEBUG[0m [2methereum_transaction_pool_monitor::eth_client[0m[2m:[0m 📡 Transaction fetch RPC completed in 7.702667ms
[2m2025-12-10T10:09:43.952476Z[0m [34mDEBUG[0m [2methereum_transaction_pool_monitor::eth_client[0m[2m:[0m DeFi transaction detected - Address: 0xdac17f958d2ee523a2206206994597c13d831ec7, Type: Stablecoin, Value: 0 ETH, Gas: 0.23 Gwei
[2m2025-12-10T10:09:43.952489Z[0m [34mDEBUG[0m [2methereum_transaction_pool_monitor::eth_client[0m[2m:[0m ✅ Transaction 0xe8699b4674b63908bb52ad1177745622579e953a47227c49dabcdee10c2f119d fetched and parsed in 7.731833ms
[2m2025-12-10T10:09:43.952496Z[0m [34mDEBUG[0m [2methereum_transaction_pool_monitor::mempool_monitor[0m[2m:[0m 🔍 Skipping tx 0xe8699b4674b63908bb52ad1177745622579e953a47227c49dabcdee10c2f119d - not a DEX interaction (target: 0xdAC17F958D2ee523a2206206994597C13D831ec7)
[2m2025-12-10T10:09:43.952503Z[0m [34mDEBUG[0m [2methereum_transaction_pool_monitor::mempool_monitor[0m[2m:[0m 📨 Processing new pending transaction: 0xb54aa935a75ba64b414677281ca7c21f8b8e2d46dbeea61662caedf8721bd42c
[2m2025-12-10T10:09:43.952507Z[0m [34mDEBUG[0m [2methereum_transaction_pool_monitor::mempool_monitor[0m[2m:[0m 🔍 Fetching transaction details for: 0xb54aa935a75ba64b414677281ca7c21f8b8e2d46dbeea61662caedf8721bd42c
[2m2025-12-10T10:09:43.952511Z[0m [34mDEBUG[0m [2methereum_transaction_pool_monitor::eth_client[0m[2m:[0m 🔍 Fetching transaction details for hash: 0xb54aa935a75ba64b414677281ca7c21f8b8e2d46dbeea61662caedf8721bd42c
[2m2025-12-10T10:09:43.952526Z[0m [34mDEBUG[0m [2mhyper::client::pool[0m[2m:[0m reuse idle connection for ("http", 192.168.0.14:8545)
[2m2025-12-10T10:09:43.952562Z[0m [34mDEBUG[0m [2mhyper::proto::h1::io[0m[2m:[0m flushed 250 bytes
[2m2025-12-10T10:09:43.957219Z[0m [34mDEBUG[0m [2mhyper::proto::h1::io[0m[2m:[0m parsed 4 headers
[2m2025-12-10T10:09:43.957234Z[0m [34mDEBUG[0m [2mhyper::proto::h1::conn[0m[2m:[0m incoming body is content-length (830 bytes)
[2m2025-12-10T10:09:43.957241Z[0m [34mDEBUG[0m [2mhyper::proto::h1::conn[0m[2m:[0m incoming body completed
[2m2025-12-10T10:09:43.957250Z[0m [34mDEBUG[0m [2mhyper::client::pool[0m[2m:[0m pooling idle connection for ("http", 192.168.0.14:8545)
[2m2025-12-10T10:09:43.957256Z[0m [34mDEBUG[0m [2methereum_transaction_pool_monitor::eth_client[0m[2m:[0m 📡 Transaction fetch RPC completed in 4.741333ms
[2m2025-12-10T10:09:44.025166Z[0m [34mDEBUG[0m [2methereum_transaction_pool_monitor::eth_client[0m[2m:[0m ✅ Transaction 0xb54aa935a75ba64b414677281ca7c21f8b8e2d46dbeea61662caedf8721bd42c fetched and parsed in 72.648ms
[2m2025-12-10T10:09:44.025186Z[0m [34mDEBUG[0m [2methereum_transaction_pool_monitor::mempool_monitor[0m[2m:[0m 🔍 Skipping tx 0xb54aa935a75ba64b414677281ca7c21f8b8e2d46dbeea61662caedf8721bd42c - not a DEX interaction (target: 0x3B4D794a66304F130a4Db8F2551B0070dfCf5ca7)
[2m2025-12-10T10:09:44.025195Z[0m [34mDEBUG[0m [2methereum_transaction_pool_monitor::mempool_monitor[0m[2m:[0m 📨 Processing new pending transaction: 0x979ef73c9dede3b2077cbceaa5c9116a720b7947b51f0e792dff370b1496dd03
[2m2025-12-10T10:09:44.025200Z[0m [34mDEBUG[0m [2methereum_transaction_pool_monitor::mempool_monitor[0m[2m:[0m 🔍 Fetching transaction details for: 0x979ef73c9dede3b2077cbceaa5c9116a720b7947b51f0e792dff370b1496dd03
[2m2025-12-10T10:09:44.025204Z[0m [34mDEBUG[0m [2methereum_transaction_pool_monitor::eth_client[0m[2m:[0m 🔍 Fetching transaction details for hash: 0x979ef73c9dede3b2077cbceaa5c9116a720b7947b51f0e792dff370b1496dd03
[2m2025-12-10T10:09:44.025221Z[0m [34mDEBUG[0m [2mhyper::client::pool[0m[2m:[0m reuse idle connection for ("http", 192.168.0.14:8545)
[2m2025-12-10T10:09:44.025251Z[0m [34mDEBUG[0m [2mhyper::proto::h1::io[0m[2m:[0m flushed 250 bytes
[2m2025-12-10T10:09:44.025267Z[0m [34mDEBUG[0m [2mhyper::client::pool[0m[2m:[0m reuse idle connection for ("http", 192.168.0.14:8545)
[2m2025-12-10T10:09:44.025280Z[0m [34mDEBUG[0m [2mhyper::proto::h1::io[0m[2m:[0m flushed 172 bytes
[2m2025-12-10T10:09:44.025281Z[0m [34mDEBUG[0m [2methereum_transaction_pool_monitor::eth_client[0m[2m:[0m 📨 Received WebSocket message: {"jsonrpc":"2.0","method":"eth_subscription","params":{"subscription":"0xbed0a0851463e895960a451075a301a9","result":"0x652a338d8ff0d13948ccf1d2b1a31d4f8262509f84b5317153d0c4266d1fcdfa"}}
[2m2025-12-10T10:09:44.025293Z[0m [34mDEBUG[0m [2methereum_transaction_pool_monitor::eth_client[0m[2m:[0m 📨 Received pending transaction: 0x652a338d8ff0d13948ccf1d2b1a31d4f8262509f84b5317153d0c4266d1fcdfa
[2m2025-12-10T10:09:44.030008Z[0m [34mDEBUG[0m [2mhyper::proto::h1::io[0m[2m:[0m parsed 4 headers
[2m2025-12-10T10:09:44.030018Z[0m [34mDEBUG[0m [2mhyper::proto::h1::conn[0m[2m:[0m incoming body is content-length (778 bytes)
[2m2025-12-10T10:09:44.030025Z[0m [34mDEBUG[0m [2mhyper::proto::h1::conn[0m[2m:[0m incoming body completed
[2m2025-12-10T10:09:44.030034Z[0m [34mDEBUG[0m [2mhyper::client::pool[0m[2m:[0m pooling idle connection for ("http", 192.168.0.14:8545)
[2m2025-12-10T10:09:44.030041Z[0m [34mDEBUG[0m [2methereum_transaction_pool_monitor::eth_client[0m[2m:[0m 📡 Transaction fetch RPC completed in 4.832208ms
[2m2025-12-10T10:09:44.101378Z[0m [34mDEBUG[0m [2methereum_transaction_pool_monitor::eth_client[0m[2m:[0m ✅ Transaction 0x979ef73c9dede3b2077cbceaa5c9116a720b7947b51f0e792dff370b1496dd03 fetched and parsed in 76.166666ms
[2m2025-12-10T10:09:44.101404Z[0m [34mDEBUG[0m [2methereum_transaction_pool_monitor::mempool_monitor[0m[2m:[0m 🔍 Skipping tx 0x979ef73c9dede3b2077cbceaa5c9116a720b7947b51f0e792dff370b1496dd03 - not a DEX interaction (target: 0x3f80B1c54Ae920Be41a77f8B902259D48cf24cCf)
[2m2025-12-10T10:09:44.101415Z[0m [34mDEBUG[0m [2methereum_transaction_pool_monitor::mempool_monitor[0m[2m:[0m 📨 Processing new pending transaction: 0xbcb7292cb1361d8755a4f56537c073f82ecbeda31fa2f6d8038dd505e8e173a8
[2m2025-12-10T10:09:44.101422Z[0m [34mDEBUG[0m [2methereum_transaction_pool_monitor::mempool_monitor[0m[2m:[0m 🔍 Fetching transaction details for: 0xbcb7292cb1361d8755a4f56537c073f82ecbeda31fa2f6d8038dd505e8e173a8
[2m2025-12-10T10:09:44.101428Z[0m [34mDEBUG[0m [2methereum_transaction_pool_monitor::eth_client[0m[2m:[0m 🔍 Fetching transaction details for hash: 0xbcb7292cb1361d8755a4f56537c073f82ecbeda31fa2f6d8038dd505e8e173a8
[2m2025-12-10T10:09:44.101446Z[0m [34mDEBUG[0m [2mhyper::client::pool[0m[2m:[0m reuse idle connection for ("http", 192.168.0.14:8545)
[2m2025-12-10T10:09:44.101480Z[0m [34mDEBUG[0m [2mhyper::proto::h1::io[0m[2m:[0m flushed 250 bytes
[2m2025-12-10T10:09:44.101495Z[0m [34mDEBUG[0m [2mhyper::proto::h1::io[0m[2m:[0m parsed 4 headers
[2m2025-12-10T10:09:44.101501Z[0m [34mDEBUG[0m [2mhyper::proto::h1::conn[0m[2m:[0m incoming body is content-length (45 bytes)
[2m2025-12-10T10:09:44.101508Z[0m [34mDEBUG[0m [2mhyper::proto::h1::conn[0m[2m:[0m incoming body completed
[2m2025-12-10T10:09:44.101516Z[0m [34mDEBUG[0m [2mhyper::client::pool[0m[2m:[0m pooling idle connection for ("http", 192.168.0.14:8545)
[2m2025-12-10T10:09:44.101533Z[0m [34mDEBUG[0m [2mhyper::client::pool[0m[2m:[0m reuse idle connection for ("http", 192.168.0.14:8545)
[2m2025-12-10T10:09:44.101549Z[0m [34mDEBUG[0m [2mhyper::proto::h1::io[0m[2m:[0m flushed 172 bytes
[2m2025-12-10T10:09:44.108390Z[0m [34mDEBUG[0m [2mhyper::proto::h1::io[0m[2m:[0m parsed 4 headers
[2m2025-12-10T10:09:44.108399Z[0m [34mDEBUG[0m [2mhyper::proto::h1::conn[0m[2m:[0m incoming body is content-length (768 bytes)
[2m2025-12-10T10:09:44.108406Z[0m [34mDEBUG[0m [2mhyper::proto::h1::conn[0m[2m:[0m incoming body completed
[2m2025-12-10T10:09:44.108415Z[0m [34mDEBUG[0m [2mhyper::client::pool[0m[2m:[0m pooling idle connection for ("http", 192.168.0.14:8545)
[2m2025-12-10T10:09:44.108421Z[0m [34mDEBUG[0m [2methereum_transaction_pool_monitor::eth_client[0m[2m:[0m 📡 Transaction fetch RPC completed in 6.988958ms
[2m2025-12-10T10:09:44.108438Z[0m [34mDEBUG[0m [2methereum_transaction_pool_monitor::eth_client[0m[2m:[0m DeFi transaction detected - Address: 0xdac17f958d2ee523a2206206994597c13d831ec7, Type: Stablecoin, Value: 0 ETH, Gas: 0.23 Gwei
[2m2025-12-10T10:09:44.108455Z[0m [34mDEBUG[0m [2methereum_transaction_pool_monitor::eth_client[0m[2m:[0m ✅ Transaction 0xbcb7292cb1361d8755a4f56537c073f82ecbeda31fa2f6d8038dd505e8e173a8 fetched and parsed in 7.023291ms
[2m2025-12-10T10:09:44.108462Z[0m [34mDEBUG[0m [2methereum_transaction_pool_monitor::mempool_monitor[0m[2m:[0m 🔍 Skipping tx 0xbcb7292cb1361d8755a4f56537c073f82ecbeda31fa2f6d8038dd505e8e173a8 - not a DEX interaction (target: 0xdAC17F958D2ee523a2206206994597C13D831ec7)
[2m2025-12-10T10:09:44.108468Z[0m [34mDEBUG[0m [2methereum_transaction_pool_monitor::mempool_monitor[0m[2m:[0m 📨 Processing new pending transaction: 0x373a0cdbbf6c2cda3fea7c20cb33c7ab270f70401226b00f234e923e1401c812
[2m2025-12-10T10:09:44.108473Z[0m [34mDEBUG[0m [2methereum_transaction_pool_monitor::mempool_monitor[0m[2m:[0m 🔍 Fetching transaction details for: 0x373a0cdbbf6c2cda3fea7c20cb33c7ab270f70401226b00f234e923e1401c812
[2m2025-12-10T10:09:44.108477Z[0m [34mDEBUG[0m [2methereum_transaction_pool_monitor::eth_client[0m[2m:[0m 🔍 Fetching transaction details for hash: 0x373a0cdbbf6c2cda3fea7c20cb33c7ab270f70401226b00f234e923e1401c812
[2m2025-12-10T10:09:44.108485Z[0m [34mDEBUG[0m [2mhyper::client::pool[0m[2m:[0m reuse idle connection for ("http", 192.168.0.14:8545)
[2m2025-12-10T10:09:44.108498Z[0m [34mDEBUG[0m [2mhyper::proto::h1::io[0m[2m:[0m flushed 250 bytes
[2m2025-12-10T10:09:44.108505Z[0m [34mDEBUG[0m [2mhyper::proto::h1::io[0m[2m:[0m parsed 4 headers
[2m2025-12-10T10:09:44.108509Z[0m [34mDEBUG[0m [2mhyper::proto::h1::conn[0m[2m:[0m incoming body is content-length (45 bytes)
[2m2025-12-10T10:09:44.108513Z[0m [34mDEBUG[0m [2mhyper::proto::h1::conn[0m[2m:[0m incoming body completed
[2m2025-12-10T10:09:44.108517Z[0m [34mDEBUG[0m [2mhyper::client::pool[0m[2m:[0m pooling idle connection for ("http", 192.168.0.14:8545)
[2m2025-12-10T10:09:44.113908Z[0m [34mDEBUG[0m [2mhyper::proto::h1::io[0m[2m:[0m parsed 4 headers
[2m2025-12-10T10:09:44.113926Z[0m [34mDEBUG[0m [2mhyper::proto::h1::conn[0m[2m:[0m incoming body is content-length (763 bytes)
[2m2025-12-10T10:09:44.113933Z[0m [34mDEBUG[0m [2mhyper::proto::h1::conn[0m[2m:[0m incoming body completed
[2m2025-12-10T10:09:44.113941Z[0m [34mDEBUG[0m [2mhyper::client::pool[0m[2m:[0m pooling idle connection for ("http", 192.168.0.14:8545)
[2m2025-12-10T10:09:44.113947Z[0m [34mDEBUG[0m [2methereum_transaction_pool_monitor::eth_client[0m[2m:[0m 📡 Transaction fetch RPC completed in 5.465583ms
[2m2025-12-10T10:09:44.185988Z[0m [34mDEBUG[0m [2methereum_transaction_pool_monitor::eth_client[0m[2m:[0m ✅ Transaction 0x373a0cdbbf6c2cda3fea7c20cb33c7ab270f70401226b00f234e923e1401c812 fetched and parsed in 77.504625ms
[2m2025-12-10T10:09:44.186019Z[0m [34mDEBUG[0m [2methereum_transaction_pool_monitor::mempool_monitor[0m[2m:[0m 🔍 Skipping tx 0x373a0cdbbf6c2cda3fea7c20cb33c7ab270f70401226b00f234e923e1401c812 - not a DEX interaction (target: 0xd50370bEE8bFf23Bbb30ca558a1d0207DBc96ef2)
[2m2025-12-10T10:09:44.186035Z[0m [34mDEBUG[0m [2methereum_transaction_pool_monitor::mempool_monitor[0m[2m:[0m 📨 Processing new pending transaction: 0xdad3fa2c224807ce24e19078e7419b9904603a10efce4cd8946d563cd1b81a88
[2m2025-12-10T10:09:44.186045Z[0m [34mDEBUG[0m [2methereum_transaction_pool_monitor::mempool_monitor[0m[2m:[0m 🔍 Fetching transaction details for: 0xdad3fa2c224807ce24e19078e7419b9904603a10efce4cd8946d563cd1b81a88
[2m2025-12-10T10:09:44.186056Z[0m [34mDEBUG[0m [2methereum_transaction_pool_monitor::eth_client[0m[2m:[0m 🔍 Fetching transaction details for hash: 0xdad3fa2c224807ce24e19078e7419b9904603a10efce4cd8946d563cd1b81a88
[2m2025-12-10T10:09:44.186078Z[0m [34mDEBUG[0m [2mhyper::client::pool[0m[2m:[0m reuse idle connection for ("http", 192.168.0.14:8545)
[2m2025-12-10T10:09:44.186108Z[0m [34mDEBUG[0m [2mhyper::proto::h1::io[0m[2m:[0m flushed 250 bytes
[2m2025-12-10T10:09:44.186134Z[0m [34mDEBUG[0m [2methereum_transaction_pool_monitor::eth_client[0m[2m:[0m 📨 Received WebSocket message: {"jsonrpc":"2.0","method":"eth_subscription","params":{"subscription":"0xbed0a0851463e895960a451075a301a9","result":"0x30d9fff878f6ab41e0698675041fa3aa7fadc40d4cb95ef9e171f8f92f5b240e"}}
[2m2025-12-10T10:09:44.186143Z[0m [34mDEBUG[0m [2methereum_transaction_pool_monitor::eth_client[0m[2m:[0m 📨 Received pending transaction: 0x30d9fff878f6ab41e0698675041fa3aa7fadc40d4cb95ef9e171f8f92f5b240e
[2m2025-12-10T10:09:44.186150Z[0m [34mDEBUG[0m [2methereum_transaction_pool_monitor::eth_client[0m[2m:[0m 📨 Received WebSocket message: {"jsonrpc":"2.0","method":"eth_subscription","params":{"subscription":"0xbed0a0851463e895960a451075a301a9","result":"0xcfccbdf58787d95e8175d24c018b0e2adfef5b654645ac5c18c957af7ad14e87"}}
[2m2025-12-10T10:09:44.186156Z[0m [34mDEBUG[0m [2methereum_transaction_pool_monitor::eth_client[0m[2m:[0m 📨 Received pending transaction: 0xcfccbdf58787d95e8175d24c018b0e2adfef5b654645ac5c18c957af7ad14e87
[2m2025-12-10T10:09:44.186163Z[0m [34mDEBUG[0m [2methereum_transaction_pool_monitor::eth_client[0m[2m:[0m 📨 Received WebSocket message: {"jsonrpc":"2.0","method":"eth_subscription","params":{"subscription":"0xbed0a0851463e895960a451075a301a9","result":"0x6b948b683f2580a7a0b892076968bbcdd88cb14727c1c59b3293eadcc6c168e5"}}
[2m2025-12-10T10:09:44.186171Z[0m [34mDEBUG[0m [2methereum_transaction_pool_monitor::eth_client[0m[2m:[0m 📨 Received pending transaction: 0x6b948b683f2580a7a0b892076968bbcdd88cb14727c1c59b3293eadcc6c168e5
[2m2025-12-10T10:09:44.186177Z[0m [34mDEBUG[0m [2methereum_transaction_pool_monitor::eth_client[0m[2m:[0m 📨 Received WebSocket message: {"jsonrpc":"2.0","method":"eth_subscription","params":{"subscription":"0xbed0a0851463e895960a451075a301a9","result":"0x7786679311491fdb475c7391a343a392a92be067765cc1992ec2a86599f243ba"}}
[2m2025-12-10T10:09:44.186185Z[0m [34mDEBUG[0m [2methereum_transaction_pool_monitor::eth_client[0m[2m:[0m 📨 Received pending transaction: 0x7786679311491fdb475c7391a343a392a92be067765cc1992ec2a86599f243ba
[2m2025-12-10T10:09:44.186204Z[0m [34mDEBUG[0m [2methereum_transaction_pool_monitor::eth_client[0m[2m:[0m 📨 Received WebSocket message: {"jsonrpc":"2.0","method":"eth_subscription","params":{"subscription":"0xbed0a0851463e895960a451075a301a9","result":"0x40c05c30e170780e74f2b0d286488779074854e6fc7e4bcd7fdf2d56eebbb6ab"}}
[2m2025-12-10T10:09:44.186209Z[0m [34mDEBUG[0m [2methereum_transaction_pool_monitor::eth_client[0m[2m:[0m 📨 Received pending transaction: 0x40c05c30e170780e74f2b0d286488779074854e6fc7e4bcd7fdf2d56eebbb6ab
[2m2025-12-10T10:09:44.192011Z[0m [34mDEBUG[0m [2mhyper::proto::h1::io[0m[2m:[0m parsed 4 headers
[2m2025-12-10T10:09:44.192042Z[0m [34mDEBUG[0m [2mhyper::proto::h1::conn[0m[2m:[0m incoming body is content-length (772 bytes)
[2m2025-12-10T10:09:44.192066Z[0m [34mDEBUG[0m [2mhyper::proto::h1::conn[0m[2m:[0m incoming body completed
[2m2025-12-10T10:09:44.192078Z[0m [34mDEBUG[0m [2mhyper::client::pool[0m[2m:[0m pooling idle connection for ("http", 192.168.0.14:8545)
[2m2025-12-10T10:09:44.192086Z[0m [34mDEBUG[0m [2methereum_transaction_pool_monitor::eth_client[0m[2m:[0m 📡 Transaction fetch RPC completed in 6.022291ms
[2m2025-12-10T10:09:44.264028Z[0m [34mDEBUG[0m [2methereum_transaction_pool_monitor::eth_client[0m[2m:[0m ✅ Transaction 0xdad3fa2c224807ce24e19078e7419b9904603a10efce4cd8946d563cd1b81a88 fetched and parsed in 77.961583ms
[2m2025-12-10T10:09:44.264059Z[0m [34mDEBUG[0m [2methereum_transaction_pool_monitor::mempool_monitor[0m[2m:[0m 🔍 Skipping tx 0xdad3fa2c224807ce24e19078e7419b9904603a10efce4cd8946d563cd1b81a88 - not a DEX interaction (target: 0xC69c87351Bf66cAB8E5676D6f2D4b63299Ad0835)
[2m2025-12-10T10:09:44.264071Z[0m [34mDEBUG[0m [2methereum_transaction_pool_monitor::mempool_monitor[0m[2m:[0m 📨 Processing new pending transaction: 0xe866310cfc3b0799606f72f7dff29d2041a765c7e5ddbdb5c68343525d5e7c5a
[2m2025-12-10T10:09:44.264079Z[0m [34mDEBUG[0m [2methereum_transaction_pool_monitor::mempool_monitor[0m[2m:[0m 🔍 Fetching transaction details for: 0xe866310cfc3b0799606f72f7dff29d2041a765c7e5ddbdb5c68343525d5e7c5a
[2m2025-12-10T10:09:44.264085Z[0m [34mDEBUG[0m [2methereum_transaction_pool_monitor::eth_client[0m[2m:[0m 🔍 Fetching transaction details for hash: 0xe866310cfc3b0799606f72f7dff29d2041a765c7e5ddbdb5c68343525d5e7c5a
[2m2025-12-10T10:09:44.264107Z[0m [34mDEBUG[0m [2mhyper::client::pool[0m[2m:[0m reuse idle connection for ("http", 192.168.0.14:8545)
[2m2025-12-10T10:09:44.264143Z[0m [34mDEBUG[0m [2mhyper::proto::h1::io[0m[2m:[0m flushed 250 bytes
[2m2025-12-10T10:09:44.264175Z[0m [34mDEBUG[0m [2mhyper::client::pool[0m[2m:[0m reuse idle connection for ("http", 192.168.0.14:8545)
[2m2025-12-10T10:09:44.264199Z[0m [34mDEBUG[0m [2mhyper::proto::h1::io[0m[2m:[0m flushed 172 bytes
[2m2025-12-10T10:09:44.267047Z[0m [34mDEBUG[0m [2methereum_transaction_pool_monitor::eth_client[0m[2m:[0m 📨 Received WebSocket message: {"jsonrpc":"2.0","method":"eth_subscription","params":{"subscription":"0xbed0a0851463e895960a451075a301a9","result":"0xe05fadc43b2316fa18148ed8fea2d221fdbb89283d0dd75f60d7bf14f0d891bf"}}
[2m2025-12-10T10:09:44.267070Z[0m [34mDEBUG[0m [2methereum_transaction_pool_monitor::eth_client[0m[2m:[0m 📨 Received pending transaction: 0xe05fadc43b2316fa18148ed8fea2d221fdbb89283d0dd75f60d7bf14f0d891bf
[2m2025-12-10T10:09:44.267400Z[0m [34mDEBUG[0m [2mhyper::proto::h1::io[0m[2m:[0m parsed 4 headers
[2m2025-12-10T10:09:44.267406Z[0m [34mDEBUG[0m [2mhyper::proto::h1::conn[0m[2m:[0m incoming body is content-length (45 bytes)
[2m2025-12-10T10:09:44.267411Z[0m [34mDEBUG[0m [2mhyper::proto::h1::conn[0m[2m:[0m incoming body completed
[2m2025-12-10T10:09:44.267418Z[0m [34mDEBUG[0m [2mhyper::client::pool[0m[2m:[0m pooling idle connection for ("http", 192.168.0.14:8545)
[2m2025-12-10T10:09:44.272589Z[0m [34mDEBUG[0m [2mhyper::proto::h1::io[0m[2m:[0m parsed 4 headers
[2m2025-12-10T10:09:44.272604Z[0m [34mDEBUG[0m [2mhyper::proto::h1::conn[0m[2m:[0m incoming body is content-length (648 bytes)
[2m2025-12-10T10:09:44.272611Z[0m [34mDEBUG[0m [2mhyper::proto::h1::conn[0m[2m:[0m incoming body completed
[2m2025-12-10T10:09:44.272619Z[0m [34mDEBUG[0m [2mhyper::client::pool[0m[2m:[0m pooling idle connection for ("http", 192.168.0.14:8545)
[2m2025-12-10T10:09:44.272625Z[0m [34mDEBUG[0m [2methereum_transaction_pool_monitor::eth_client[0m[2m:[0m 📡 Transaction fetch RPC completed in 8.535458ms
[2m2025-12-10T10:09:44.344384Z[0m [34mDEBUG[0m [2methereum_transaction_pool_monitor::eth_client[0m[2m:[0m ✅ Transaction 0xe866310cfc3b0799606f72f7dff29d2041a765c7e5ddbdb5c68343525d5e7c5a fetched and parsed in 80.291708ms
[2m2025-12-10T10:09:44.344412Z[0m [34mDEBUG[0m [2methereum_transaction_pool_monitor::mempool_monitor[0m[2m:[0m 🔍 Skipping tx 0xe866310cfc3b0799606f72f7dff29d2041a765c7e5ddbdb5c68343525d5e7c5a - not a DEX interaction (target: 0x30b3C535c19624509E82c1ACC0BBCFEe97225bd1)
[2m2025-12-10T10:09:44.344424Z[0m [34mDEBUG[0m [2methereum_transaction_pool_monitor::mempool_monitor[0m[2m:[0m 📨 Processing new pending transaction: 0x5a0831ddebfa137ffffa693059e522154384814df6abfe5cf38704e333150c8e
[2m2025-12-10T10:09:44.344433Z[0m [34mDEBUG[0m [2methereum_transaction_pool_monitor::mempool_monitor[0m[2m:[0m 🔍 Fetching transaction details for: 0x5a0831ddebfa137ffffa693059e522154384814df6abfe5cf38704e333150c8e
[2m2025-12-10T10:09:44.344439Z[0m [34mDEBUG[0m [2methereum_transaction_pool_monitor::eth_client[0m[2m:[0m 🔍 Fetching transaction details for hash: 0x5a0831ddebfa137ffffa693059e522154384814df6abfe5cf38704e333150c8e
[2m2025-12-10T10:09:44.344458Z[0m [34mDEBUG[0m [2mhyper::client::pool[0m[2m:[0m reuse idle connection for ("http", 192.168.0.14:8545)
[2m2025-12-10T10:09:44.344498Z[0m [34mDEBUG[0m [2mhyper::proto::h1::io[0m[2m:[0m flushed 250 bytes
[2m2025-12-10T10:09:44.344518Z[0m [34mDEBUG[0m [2mhyper::client::pool[0m[2m:[0m reuse idle connection for ("http", 192.168.0.14:8545)
[2m2025-12-10T10:09:44.344533Z[0m [34mDEBUG[0m [2mhyper::proto::h1::io[0m[2m:[0m flushed 172 bytes
[2m2025-12-10T10:09:44.344545Z[0m [34mDEBUG[0m [2methereum_transaction_pool_monitor::eth_client[0m[2m:[0m 📨 Received WebSocket message: {"jsonrpc":"2.0","method":"eth_subscription","params":{"subscription":"0xbed0a0851463e895960a451075a301a9","result":"0xfe839b53b9eea89430072725cd41b43f239ac1f4543ed9ee215a3af3decd07f5"}}
[2m2025-12-10T10:09:44.344555Z[0m [34mDEBUG[0m [2methereum_transaction_pool_monitor::eth_client[0m[2m:[0m 📨 Received pending transaction: 0xfe839b53b9eea89430072725cd41b43f239ac1f4543ed9ee215a3af3decd07f5
[2m2025-12-10T10:09:44.350964Z[0m [34mDEBUG[0m [2mhyper::proto::h1::io[0m[2m:[0m parsed 4 headers
[2m2025-12-10T10:09:44.350980Z[0m [34mDEBUG[0m [2mhyper::proto::h1::conn[0m[2m:[0m incoming body is content-length (45 bytes)
[2m2025-12-10T10:09:44.350992Z[0m [34mDEBUG[0m [2mhyper::proto::h1::conn[0m[2m:[0m incoming body completed
[2m2025-12-10T10:09:44.351006Z[0m [34mDEBUG[0m [2mhyper::client::pool[0m[2m:[0m pooling idle connection for ("http", 192.168.0.14:8545)
[2m2025-12-10T10:09:44.351032Z[0m [34mDEBUG[0m [2mhyper::proto::h1::io[0m[2m:[0m parsed 4 headers
[2m2025-12-10T10:09:44.351037Z[0m [34mDEBUG[0m [2mhyper::proto::h1::conn[0m[2m:[0m incoming body is content-length (650 bytes)
[2m2025-12-10T10:09:44.351041Z[0m [34mDEBUG[0m [2mhyper::proto::h1::conn[0m[2m:[0m incoming body completed
[2m2025-12-10T10:09:44.351048Z[0m [34mDEBUG[0m [2mhyper::client::pool[0m[2m:[0m pooling idle connection for ("http", 192.168.0.14:8545)
[2m2025-12-10T10:09:44.351052Z[0m [34mDEBUG[0m [2methereum_transaction_pool_monitor::eth_client[0m[2m:[0m 📡 Transaction fetch RPC completed in 6.608625ms
[2m2025-12-10T10:09:44.423309Z[0m [34mDEBUG[0m [2methereum_transaction_pool_monitor::eth_client[0m[2m:[0m ✅ Transaction 0x5a0831ddebfa137ffffa693059e522154384814df6abfe5cf38704e333150c8e fetched and parsed in 78.863625ms
[2m2025-12-10T10:09:44.423336Z[0m [34mDEBUG[0m [2methereum_transaction_pool_monitor::mempool_monitor[0m[2m:[0m 🔍 Skipping tx 0x5a0831ddebfa137ffffa693059e522154384814df6abfe5cf38704e333150c8e - not a DEX interaction (target: 0xc10EaBC4B8e59867F839854e0bf785431004657e)
[2m2025-12-10T10:09:44.423347Z[0m [34mDEBUG[0m [2methereum_transaction_pool_monitor::mempool_monitor[0m[2m:[0m 📨 Processing new pending transaction: 0x6583cee07c1502d8b2fc64bae8204107bc40b509dce0cf1d19892eeb5ab4fa55
[2m2025-12-10T10:09:44.423355Z[0m [34mDEBUG[0m [2methereum_transaction_pool_monitor::mempool_monitor[0m[2m:[0m 🔍 Fetching transaction details for: 0x6583cee07c1502d8b2fc64bae8204107bc40b509dce0cf1d19892eeb5ab4fa55
[2m2025-12-10T10:09:44.423362Z[0m [34mDEBUG[0m [2methereum_transaction_pool_monitor::eth_client[0m[2m:[0m 🔍 Fetching transaction details for hash: 0x6583cee07c1502d8b2fc64bae8204107bc40b509dce0cf1d19892eeb5ab4fa55
[2m2025-12-10T10:09:44.423381Z[0m [34mDEBUG[0m [2mhyper::client::pool[0m[2m:[0m reuse idle connection for ("http", 192.168.0.14:8545)
[2m2025-12-10T10:09:44.423433Z[0m [34mDEBUG[0m [2mhyper::proto::h1::io[0m[2m:[0m flushed 250 bytes
[2m2025-12-10T10:09:44.423463Z[0m [34mDEBUG[0m [2mhyper::client::pool[0m[2m:[0m reuse idle connection for ("http", 192.168.0.14:8545)
[2m2025-12-10T10:09:44.423479Z[0m [34mDEBUG[0m [2mhyper::proto::h1::io[0m[2m:[0m flushed 172 bytes
[2m2025-12-10T10:09:44.429330Z[0m [34mDEBUG[0m [2mhyper::proto::h1::io[0m[2m:[0m parsed 4 headers
[2m2025-12-10T10:09:44.432992Z[0m [34mDEBUG[0m [2mhyper::proto::h1::conn[0m[2m:[0m incoming body is content-length (45 bytes)
[2m2025-12-10T10:09:44.433003Z[0m [34mDEBUG[0m [2mhyper::proto::h1::conn[0m[2m:[0m incoming body completed
[2m2025-12-10T10:09:44.433015Z[0m [34mDEBUG[0m [2mhyper::client::pool[0m[2m:[0m pooling idle connection for ("http", 192.168.0.14:8545)
[2m2025-12-10T10:09:44.433037Z[0m [34mDEBUG[0m [2mhyper::proto::h1::io[0m[2m:[0m parsed 4 headers
[2m2025-12-10T10:09:44.433041Z[0m [34mDEBUG[0m [2mhyper::proto::h1::conn[0m[2m:[0m incoming body is content-length (677 bytes)
[2m2025-12-10T10:09:44.433047Z[0m [34mDEBUG[0m [2mhyper::proto::h1::conn[0m[2m:[0m incoming body completed
[2m2025-12-10T10:09:44.433055Z[0m [34mDEBUG[0m [2mhyper::client::pool[0m[2m:[0m pooling idle connection for ("http", 192.168.0.14:8545)
[2m2025-12-10T10:09:44.433067Z[0m [34mDEBUG[0m [2methereum_transaction_pool_monitor::eth_client[0m[2m:[0m 📡 Transaction fetch RPC completed in 9.700625ms
[2m2025-12-10T10:09:44.505683Z[0m [34mDEBUG[0m [2methereum_transaction_pool_monitor::eth_client[0m[2m:[0m ✅ Transaction 0x6583cee07c1502d8b2fc64bae8204107bc40b509dce0cf1d19892eeb5ab4fa55 fetched and parsed in 82.313625ms
[2m2025-12-10T10:09:44.505713Z[0m [34mDEBUG[0m [2methereum_transaction_pool_monitor::mempool_monitor[0m[2m:[0m 🔍 Skipping tx 0x6583cee07c1502d8b2fc64bae8204107bc40b509dce0cf1d19892eeb5ab4fa55 - not a DEX interaction (target: 0x8433FB60Dc7a4630f62b121d9fbBB416aE2C7d39)
[2m2025-12-10T10:09:44.505725Z[0m [34mDEBUG[0m [2methereum_transaction_pool_monitor::mempool_monitor[0m[2m:[0m 📨 Processing new pending transaction: 0xc7dfed8ad5b90bed7eb10c21adaca6e1b83585c10a249c1b91a5fba31aea134f
[2m2025-12-10T10:09:44.505732Z[0m [34mDEBUG[0m [2methereum_transaction_pool_monitor::mempool_monitor[0m[2m:[0m 🔍 Fetching transaction details for: 0xc7dfed8ad5b90bed7eb10c21adaca6e1b83585c10a249c1b91a5fba31aea134f
[2m2025-12-10T10:09:44.505737Z[0m [34mDEBUG[0m [2methereum_transaction_pool_monitor::eth_client[0m[2m:[0m 🔍 Fetching transaction details for hash: 0xc7dfed8ad5b90bed7eb10c21adaca6e1b83585c10a249c1b91a5fba31aea134f
[2m2025-12-10T10:09:44.505758Z[0m [34mDEBUG[0m [2mhyper::client::pool[0m[2m:[0m reuse idle connection for ("http", 192.168.0.14:8545)
[2m2025-12-10T10:09:44.505798Z[0m [34mDEBUG[0m [2mhyper::proto::h1::io[0m[2m:[0m flushed 250 bytes
[2m2025-12-10T10:09:44.505827Z[0m [34mDEBUG[0m [2mhyper::client::pool[0m[2m:[0m reuse idle connection for ("http", 192.168.0.14:8545)
[2m2025-12-10T10:09:44.505842Z[0m [34mDEBUG[0m [2mhyper::proto::h1::io[0m[2m:[0m flushed 172 bytes
[2m2025-12-10T10:09:44.510065Z[0m [34mDEBUG[0m [2mhyper::proto::h1::io[0m[2m:[0m parsed 4 headers
[2m2025-12-10T10:09:44.510078Z[0m [34mDEBUG[0m [2mhyper::proto::h1::conn[0m[2m:[0m incoming body is content-length (45 bytes)
[2m2025-12-10T10:09:44.510087Z[0m [34mDEBUG[0m [2mhyper::proto::h1::conn[0m[2m:[0m incoming body completed
[2m2025-12-10T10:09:44.510099Z[0m [34mDEBUG[0m [2mhyper::client::pool[0m[2m:[0m pooling idle connection for ("http", 192.168.0.14:8545)
[2m2025-12-10T10:09:44.510119Z[0m [34mDEBUG[0m [2mhyper::proto::h1::io[0m[2m:[0m parsed 4 headers
[2m2025-12-10T10:09:44.510123Z[0m [34mDEBUG[0m [2mhyper::proto::h1::conn[0m[2m:[0m incoming body is content-length (830 bytes)
[2m2025-12-10T10:09:44.510127Z[0m [34mDEBUG[0m [2mhyper::proto::h1::conn[0m[2m:[0m incoming body completed
[2m2025-12-10T10:09:44.510133Z[0m [34mDEBUG[0m [2mhyper::client::pool[0m[2m:[0m pooling idle connection for ("http", 192.168.0.14:8545)
[2m2025-12-10T10:09:44.510137Z[0m [34mDEBUG[0m [2methereum_transaction_pool_monitor::eth_client[0m[2m:[0m 📡 Transaction fetch RPC completed in 4.396208ms
[2m2025-12-10T10:09:44.582216Z[0m [34mDEBUG[0m [2methereum_transaction_pool_monitor::eth_client[0m[2m:[0m ✅ Transaction 0xc7dfed8ad5b90bed7eb10c21adaca6e1b83585c10a249c1b91a5fba31aea134f fetched and parsed in 76.472042ms
[2m2025-12-10T10:09:44.582245Z[0m [34mDEBUG[0m [2methereum_transaction_pool_monitor::mempool_monitor[0m[2m:[0m 🔍 Skipping tx 0xc7dfed8ad5b90bed7eb10c21adaca6e1b83585c10a249c1b91a5fba31aea134f - not a DEX interaction (target: 0x3B4D794a66304F130a4Db8F2551B0070dfCf5ca7)
[2m2025-12-10T10:09:44.582257Z[0m [34mDEBUG[0m [2methereum_transaction_pool_monitor::mempool_monitor[0m[2m:[0m 📨 Processing new pending transaction: 0x6e3bb16cee5e2b476c27638a888e7d7799fd41d497ed3cc983ef44a367ddeebc
[2m2025-12-10T10:09:44.582264Z[0m [34mDEBUG[0m [2methereum_transaction_pool_monitor::mempool_monitor[0m[2m:[0m 🔍 Fetching transaction details for: 0x6e3bb16cee5e2b476c27638a888e7d7799fd41d497ed3cc983ef44a367ddeebc
[2m2025-12-10T10:09:44.582270Z[0m [34mDEBUG[0m [2methereum_transaction_pool_monitor::eth_client[0m[2m:[0m 🔍 Fetching transaction details for hash: 0x6e3bb16cee5e2b476c27638a888e7d7799fd41d497ed3cc983ef44a367ddeebc
[2m2025-12-10T10:09:44.582288Z[0m [34mDEBUG[0m [2mhyper::client::pool[0m[2m:[0m reuse idle connection for ("http", 192.168.0.14:8545)
[2m2025-12-10T10:09:44.582315Z[0m [34mDEBUG[0m [2mhyper::proto::h1::io[0m[2m:[0m flushed 250 bytes
[2m2025-12-10T10:09:44.582336Z[0m [34mDEBUG[0m [2methereum_transaction_pool_monitor::eth_client[0m[2m:[0m 📨 Received WebSocket message: {"jsonrpc":"2.0","method":"eth_subscription","params":{"subscription":"0xbed0a0851463e895960a451075a301a9","result":"0xe8ab16f57384c926ee629bb8b5ed97ab56899c0222f7a8db1693a3bed59ea730"}}
[2m2025-12-10T10:09:44.582347Z[0m [34mDEBUG[0m [2methereum_transaction_pool_monitor::eth_client[0m[2m:[0m 📨 Received pending transaction: 0xe8ab16f57384c926ee629bb8b5ed97ab56899c0222f7a8db1693a3bed59ea730
[2m2025-12-10T10:09:44.588107Z[0m [34mDEBUG[0m [2mhyper::proto::h1::io[0m[2m:[0m parsed 4 headers
[2m2025-12-10T10:09:44.588115Z[0m [34mDEBUG[0m [2mhyper::proto::h1::conn[0m[2m:[0m incoming body is content-length (1802 bytes)
[2m2025-12-10T10:09:44.588123Z[0m [34mDEBUG[0m [2mhyper::proto::h1::conn[0m[2m:[0m incoming body completed
[2m2025-12-10T10:09:44.588132Z[0m [34mDEBUG[0m [2mhyper::client::pool[0m[2m:[0m pooling idle connection for ("http", 192.168.0.14:8545)
[2m2025-12-10T10:09:44.588139Z[0m [34mDEBUG[0m [2methereum_transaction_pool_monitor::eth_client[0m[2m:[0m 📡 Transaction fetch RPC completed in 5.86475ms
[2m2025-12-10T10:09:44.660073Z[0m [34mDEBUG[0m [2methereum_transaction_pool_monitor::eth_client[0m[2m:[0m ✅ Transaction 0x6e3bb16cee5e2b476c27638a888e7d7799fd41d497ed3cc983ef44a367ddeebc fetched and parsed in 77.796625ms
[2m2025-12-10T10:09:44.660096Z[0m [34mDEBUG[0m [2methereum_transaction_pool_monitor::mempool_monitor[0m[2m:[0m 🔍 Skipping tx 0x6e3bb16cee5e2b476c27638a888e7d7799fd41d497ed3cc983ef44a367ddeebc - not a DEX interaction (target: 0xEe7aE85f2Fe2239E27D9c1E23fFFe168D63b4055)
[2m2025-12-10T10:09:44.660107Z[0m [34mDEBUG[0m [2methereum_transaction_pool_monitor::mempool_monitor[0m[2m:[0m 📨 Processing new pending transaction: 0x60c82b1ee4fc0dc77f58639e714ca09b13c93d05852e3d043a6101e96509c194
[2m2025-12-10T10:09:44.660113Z[0m [34mDEBUG[0m [2methereum_transaction_pool_monitor::mempool_monitor[0m[2m:[0m 🔍 Fetching transaction details for: 0x60c82b1ee4fc0dc77f58639e714ca09b13c93d05852e3d043a6101e96509c194
[2m2025-12-10T10:09:44.660117Z[0m [34mDEBUG[0m [2methereum_transaction_pool_monitor::eth_client[0m[2m:[0m 🔍 Fetching transaction details for hash: 0x60c82b1ee4fc0dc77f58639e714ca09b13c93d05852e3d043a6101e96509c194
[2m2025-12-10T10:09:44.660136Z[0m [34mDEBUG[0m [2mhyper::client::pool[0m[2m:[0m reuse idle connection for ("http", 192.168.0.14:8545)
[2m2025-12-10T10:09:44.660187Z[0m [34mDEBUG[0m [2mhyper::proto::h1::io[0m[2m:[0m flushed 250 bytes
[2m2025-12-10T10:09:44.660220Z[0m [34mDEBUG[0m [2mhyper::client::pool[0m[2m:[0m reuse idle connection for ("http", 192.168.0.14:8545)
[2m2025-12-10T10:09:44.660239Z[0m [34mDEBUG[0m [2mhyper::proto::h1::io[0m[2m:[0m flushed 172 bytes
[2m2025-12-10T10:09:44.664280Z[0m [34mDEBUG[0m [2mhyper::proto::h1::io[0m[2m:[0m parsed 4 headers
[2m2025-12-10T10:09:44.664293Z[0m [34mDEBUG[0m [2mhyper::proto::h1::conn[0m[2m:[0m incoming body is content-length (45 bytes)
[2m2025-12-10T10:09:44.664301Z[0m [34mDEBUG[0m [2mhyper::proto::h1::conn[0m[2m:[0m incoming body completed
[2m2025-12-10T10:09:44.664310Z[0m [34mDEBUG[0m [2mhyper::client::pool[0m[2m:[0m pooling idle connection for ("http", 192.168.0.14:8545)
[2m2025-12-10T10:09:44.666966Z[0m [34mDEBUG[0m [2mhyper::proto::h1::io[0m[2m:[0m parsed 4 headers
[2m2025-12-10T10:09:44.666976Z[0m [34mDEBUG[0m [2mhyper::proto::h1::conn[0m[2m:[0m incoming body is content-length (766 bytes)
[2m2025-12-10T10:09:44.666984Z[0m [34mDEBUG[0m [2mhyper::proto::h1::conn[0m[2m:[0m incoming body completed
[2m2025-12-10T10:09:44.666992Z[0m [34mDEBUG[0m [2mhyper::client::pool[0m[2m:[0m pooling idle connection for ("http", 192.168.0.14:8545)
[2m2025-12-10T10:09:44.666999Z[0m [34mDEBUG[0m [2methereum_transaction_pool_monitor::eth_client[0m[2m:[0m 📡 Transaction fetch RPC completed in 6.876375ms
[2m2025-12-10T10:09:44.667015Z[0m [34mDEBUG[0m [2methereum_transaction_pool_monitor::eth_client[0m[2m:[0m DeFi transaction detected - Address: 0x514910771af9ca656af840dff83e8264ecf986ca, Type: TokenContract, Value: 0 ETH, Gas: 0.40 Gwei
[2m2025-12-10T10:09:44.667029Z[0m [34mDEBUG[0m [2methereum_transaction_pool_monitor::eth_client[0m[2m:[0m ✅ Transaction 0x60c82b1ee4fc0dc77f58639e714ca09b13c93d05852e3d043a6101e96509c194 fetched and parsed in 6.906292ms
[2m2025-12-10T10:09:44.667036Z[0m [34mDEBUG[0m [2methereum_transaction_pool_monitor::mempool_monitor[0m[2m:[0m 🔍 Skipping tx 0x60c82b1ee4fc0dc77f58639e714ca09b13c93d05852e3d043a6101e96509c194 - not a DEX interaction (target: 0x514910771AF9Ca656af840dff83E8264EcF986CA)
[2m2025-12-10T10:09:44.667044Z[0m [34mDEBUG[0m [2methereum_transaction_pool_monitor::mempool_monitor[0m[2m:[0m 📨 Processing new pending transaction: 0x62525eea183f915097a0d86668693097a76f4cf4a74eebf47af017b0a1225354
[2m2025-12-10T10:09:44.667050Z[0m [34mDEBUG[0m [2methereum_transaction_pool_monitor::mempool_monitor[0m[2m:[0m 🔍 Fetching transaction details for: 0x62525eea183f915097a0d86668693097a76f4cf4a74eebf47af017b0a1225354
[2m2025-12-10T10:09:44.667056Z[0m [34mDEBUG[0m [2methereum_transaction_pool_monitor::eth_client[0m[2m:[0m 🔍 Fetching transaction details for hash: 0x62525eea183f915097a0d86668693097a76f4cf4a74eebf47af017b0a1225354
[2m2025-12-10T10:09:44.667069Z[0m [34mDEBUG[0m [2mhyper::client::pool[0m[2m:[0m reuse idle connection for ("http", 192.168.0.14:8545)
[2m2025-12-10T10:09:44.667093Z[0m [34mDEBUG[0m [2mhyper::proto::h1::io[0m[2m:[0m flushed 250 bytes
[2m2025-12-10T10:09:44.672801Z[0m [34mDEBUG[0m [2mhyper::proto::h1::io[0m[2m:[0m parsed 4 headers
[2m2025-12-10T10:09:44.672806Z[0m [34mDEBUG[0m [2mhyper::proto::h1::conn[0m[2m:[0m incoming body is content-length (830 bytes)
[2m2025-12-10T10:09:44.672811Z[0m [34mDEBUG[0m [2mhyper::proto::h1::conn[0m[2m:[0m incoming body completed
[2m2025-12-10T10:09:44.672817Z[0m [34mDEBUG[0m [2mhyper::client::pool[0m[2m:[0m pooling idle connection for ("http", 192.168.0.14:8545)
[2m2025-12-10T10:09:44.672821Z[0m [34mDEBUG[0m [2methereum_transaction_pool_monitor::eth_client[0m[2m:[0m 📡 Transaction fetch RPC completed in 5.761125ms
[2m2025-12-10T10:09:44.744751Z[0m [34mDEBUG[0m [2methereum_transaction_pool_monitor::eth_client[0m[2m:[0m ✅ Transaction 0x62525eea183f915097a0d86668693097a76f4cf4a74eebf47af017b0a1225354 fetched and parsed in 77.68725ms
[2m2025-12-10T10:09:44.744777Z[0m [34mDEBUG[0m [2methereum_transaction_pool_monitor::mempool_monitor[0m[2m:[0m 🔍 Skipping tx 0x62525eea183f915097a0d86668693097a76f4cf4a74eebf47af017b0a1225354 - not a DEX interaction (target: 0x3B4D794a66304F130a4Db8F2551B0070dfCf5ca7)
[2m2025-12-10T10:09:44.744787Z[0m [34mDEBUG[0m [2methereum_transaction_pool_monitor::mempool_monitor[0m[2m:[0m 📨 Processing new pending transaction: 0x82dc11b0775a0c197410006ced01fb68406a6a0a679a659a6708f54e42672246
[2m2025-12-10T10:09:44.744795Z[0m [34mDEBUG[0m [2methereum_transaction_pool_monitor::mempool_monitor[0m[2m:[0m 🔍 Fetching transaction details for: 0x82dc11b0775a0c197410006ced01fb68406a6a0a679a659a6708f54e42672246
[2m2025-12-10T10:09:44.744801Z[0m [34mDEBUG[0m [2methereum_transaction_pool_monitor::eth_client[0m[2m:[0m 🔍 Fetching transaction details for hash: 0x82dc11b0775a0c197410006ced01fb68406a6a0a679a659a6708f54e42672246
[2m2025-12-10T10:09:44.744821Z[0m [34mDEBUG[0m [2mhyper::client::pool[0m[2m:[0m reuse idle connection for ("http", 192.168.0.14:8545)
[2m2025-12-10T10:09:44.744868Z[0m [34mDEBUG[0m [2mhyper::proto::h1::io[0m[2m:[0m flushed 250 bytes
[2m2025-12-10T10:09:44.744897Z[0m [34mDEBUG[0m [2mhyper::client::pool[0m[2m:[0m reuse idle connection for ("http", 192.168.0.14:8545)
[2m2025-12-10T10:09:44.744911Z[0m [34mDEBUG[0m [2mhyper::proto::h1::io[0m[2m:[0m flushed 172 bytes
[2m2025-12-10T10:09:44.761238Z[0m [34mDEBUG[0m [2mhyper::proto::h1::io[0m[2m:[0m parsed 4 headers
[2m2025-12-10T10:09:44.761257Z[0m [34mDEBUG[0m [2mhyper::proto::h1::conn[0m[2m:[0m incoming body is content-length (675 bytes)
[2m2025-12-10T10:09:44.761272Z[0m [34mDEBUG[0m [2mhyper::proto::h1::conn[0m[2m:[0m incoming body completed
[2m2025-12-10T10:09:44.761238Z[0m [34mDEBUG[0m [2mhyper::proto::h1::io[0m[2m:[0m parsed 4 headers
[2m2025-12-10T10:09:44.761291Z[0m [34mDEBUG[0m [2mhyper::client::pool[0m[2m:[0m pooling idle connection for ("http", 192.168.0.14:8545)
[2m2025-12-10T10:09:44.761318Z[0m [34mDEBUG[0m [2mhyper::proto::h1::conn[0m[2m:[0m incoming body is content-length (45 bytes)
[2m2025-12-10T10:09:44.761331Z[0m [34mDEBUG[0m [2methereum_transaction_pool_monitor::eth_client[0m[2m:[0m 📡 Transaction fetch RPC completed in 16.52525ms
[2m2025-12-10T10:09:44.761342Z[0m [34mDEBUG[0m [2mhyper::proto::h1::conn[0m[2m:[0m incoming body completed
[2m2025-12-10T10:09:44.761358Z[0m [34mDEBUG[0m [2mhyper::client::pool[0m[2m:[0m pooling idle connection for ("http", 192.168.0.14:8545)
[2m2025-12-10T10:09:44.761366Z[0m [34mDEBUG[0m [2methereum_transaction_pool_monitor::eth_client[0m[2m:[0m DeFi transaction detected - Address: 0xdac17f958d2ee523a2206206994597c13d831ec7, Type: Stablecoin, Value: 0 ETH, Gas: 1.00 Gwei
[2m2025-12-10T10:09:44.761382Z[0m [34mDEBUG[0m [2methereum_transaction_pool_monitor::eth_client[0m[2m:[0m ✅ Transaction 0x82dc11b0775a0c197410006ced01fb68406a6a0a679a659a6708f54e42672246 fetched and parsed in 16.576166ms
[2m2025-12-10T10:09:44.761390Z[0m [34mDEBUG[0m [2methereum_transaction_pool_monitor::mempool_monitor[0m[2m:[0m 🔍 Skipping tx 0x82dc11b0775a0c197410006ced01fb68406a6a0a679a659a6708f54e42672246 - not a DEX interaction (target: 0xdAC17F958D2ee523a2206206994597C13D831ec7)
[2m2025-12-10T10:09:44.761400Z[0m [34mDEBUG[0m [2methereum_transaction_pool_monitor::mempool_monitor[0m[2m:[0m 📨 Processing new pending transaction: 0xfc12e81139125395f9dc5773905a433c1143cbfee012db555c8429cd25bc775d
[2m2025-12-10T10:09:44.761406Z[0m [34mDEBUG[0m [2methereum_transaction_pool_monitor::mempool_monitor[0m[2m:[0m 🔍 Fetching transaction details for: 0xfc12e81139125395f9dc5773905a433c1143cbfee012db555c8429cd25bc775d
[2m2025-12-10T10:09:44.761410Z[0m [34mDEBUG[0m [2methereum_transaction_pool_monitor::eth_client[0m[2m:[0m 🔍 Fetching transaction details for hash: 0xfc12e81139125395f9dc5773905a433c1143cbfee012db555c8429cd25bc775d
[2m2025-12-10T10:09:44.761425Z[0m [34mDEBUG[0m [2mhyper::client::pool[0m[2m:[0m reuse idle connection for ("http", 192.168.0.14:8545)
[2m2025-12-10T10:09:44.761444Z[0m [34mDEBUG[0m [2mhyper::proto::h1::io[0m[2m:[0m flushed 250 bytes
[2m2025-12-10T10:09:44.770933Z[0m [34mDEBUG[0m [2mhyper::proto::h1::io[0m[2m:[0m parsed 4 headers
[2m2025-12-10T10:09:44.770953Z[0m [34mDEBUG[0m [2mhyper::proto::h1::conn[0m[2m:[0m incoming body is content-length (830 bytes)
[2m2025-12-10T10:09:44.770961Z[0m [34mDEBUG[0m [2mhyper::proto::h1::conn[0m[2m:[0m incoming body completed
[2m2025-12-10T10:09:44.770971Z[0m [34mDEBUG[0m [2mhyper::client::pool[0m[2m:[0m pooling idle connection for ("http", 192.168.0.14:8545)
[2m2025-12-10T10:09:44.770979Z[0m [34mDEBUG[0m [2methereum_transaction_pool_monitor::eth_client[0m[2m:[0m 📡 Transaction fetch RPC completed in 9.564416ms
[2m2025-12-10T10:09:44.842610Z[0m [34mDEBUG[0m [2methereum_transaction_pool_monitor::eth_client[0m[2m:[0m ✅ Transaction 0xfc12e81139125395f9dc5773905a433c1143cbfee012db555c8429cd25bc775d fetched and parsed in 81.192583ms
[2m2025-12-10T10:09:44.842639Z[0m [34mDEBUG[0m [2methereum_transaction_pool_monitor::mempool_monitor[0m[2m:[0m 🔍 Skipping tx 0xfc12e81139125395f9dc5773905a433c1143cbfee012db555c8429cd25bc775d - not a DEX interaction (target: 0x3B4D794a66304F130a4Db8F2551B0070dfCf5ca7)
[2m2025-12-10T10:09:44.842650Z[0m [34mDEBUG[0m [2methereum_transaction_pool_monitor::mempool_monitor[0m[2m:[0m 📨 Processing new pending transaction: 0xe82f6c697dc109c89d574caad2a49abf2cb9b1b67bf884411efcbc6cefb4d01a
[2m2025-12-10T10:09:44.842663Z[0m [34mDEBUG[0m [2methereum_transaction_pool_monitor::mempool_monitor[0m[2m:[0m 🔍 Fetching transaction details for: 0xe82f6c697dc109c89d574caad2a49abf2cb9b1b67bf884411efcbc6cefb4d01a
[2m2025-12-10T10:09:44.842672Z[0m [34mDEBUG[0m [2methereum_transaction_pool_monitor::eth_client[0m[2m:[0m 🔍 Fetching transaction details for hash: 0xe82f6c697dc109c89d574caad2a49abf2cb9b1b67bf884411efcbc6cefb4d01a
[2m2025-12-10T10:09:44.842695Z[0m [34mDEBUG[0m [2mhyper::client::pool[0m[2m:[0m reuse idle connection for ("http", 192.168.0.14:8545)
[2m2025-12-10T10:09:44.842726Z[0m [34mDEBUG[0m [2mhyper::proto::h1::io[0m[2m:[0m flushed 250 bytes
[2m2025-12-10T10:09:44.842746Z[0m [34mDEBUG[0m [2mhyper::client::pool[0m[2m:[0m reuse idle connection for ("http", 192.168.0.14:8545)
[2m2025-12-10T10:09:44.842760Z[0m [34mDEBUG[0m [2mhyper::proto::h1::io[0m[2m:[0m flushed 172 bytes
[2m2025-12-10T10:09:44.842797Z[0m [34mDEBUG[0m [2methereum_transaction_pool_monitor::eth_client[0m[2m:[0m 📨 Received WebSocket message: {"jsonrpc":"2.0","method":"eth_subscription","params":{"subscription":"0xbed0a0851463e895960a451075a301a9","result":"0x1c6fba0c0c3879af76d7feea81d5e34e0a53707bd6b687e1fb63d7d88d128f90"}}
[2m2025-12-10T10:09:44.842807Z[0m [34mDEBUG[0m [2methereum_transaction_pool_monitor::eth_client[0m[2m:[0m 📨 Received pending transaction: 0x1c6fba0c0c3879af76d7feea81d5e34e0a53707bd6b687e1fb63d7d88d128f90
[2m2025-12-10T10:09:44.842812Z[0m [34mDEBUG[0m [2methereum_transaction_pool_monitor::eth_client[0m[2m:[0m 📨 Received WebSocket message: {"jsonrpc":"2.0","method":"eth_subscription","params":{"subscription":"0xbed0a0851463e895960a451075a301a9","result":"0x2f28d51851fe15c4178bcb3f3bb9518a45770fce28efbd8dc31f8aa6af736289"}}
[2m2025-12-10T10:09:44.842817Z[0m [34mDEBUG[0m [2methereum_transaction_pool_monitor::eth_client[0m[2m:[0m 📨 Received pending transaction: 0x2f28d51851fe15c4178bcb3f3bb9518a45770fce28efbd8dc31f8aa6af736289
[2m2025-12-10T10:09:44.842822Z[0m [34mDEBUG[0m [2methereum_transaction_pool_monitor::eth_client[0m[2m:[0m 📨 Received WebSocket message: {"jsonrpc":"2.0","method":"eth_subscription","params":{"subscription":"0xbed0a0851463e895960a451075a301a9","result":"0x45f102ff046d5f4f9392834af0cb381de3d72d2196f9698271651ce686d05ba9"}}
[2m2025-12-10T10:09:44.842827Z[0m [34mDEBUG[0m [2methereum_transaction_pool_monitor::eth_client[0m[2m:[0m 📨 Received pending transaction: 0x45f102ff046d5f4f9392834af0cb381de3d72d2196f9698271651ce686d05ba9
[2m2025-12-10T10:09:44.854793Z[0m [34mDEBUG[0m [2mhyper::proto::h1::io[0m[2m:[0m parsed 4 headers
[2m2025-12-10T10:09:44.854819Z[0m [34mDEBUG[0m [2mhyper::proto::h1::conn[0m[2m:[0m incoming body is content-length (1730 bytes)
[2m2025-12-10T10:09:44.854854Z[0m [34mDEBUG[0m [2mhyper::proto::h1::conn[0m[2m:[0m incoming body completed
[2m2025-12-10T10:09:44.854864Z[0m [34mDEBUG[0m [2mhyper::client::pool[0m[2m:[0m pooling idle connection for ("http", 192.168.0.14:8545)
[2m2025-12-10T10:09:44.854873Z[0m [34mDEBUG[0m [2methereum_transaction_pool_monitor::eth_client[0m[2m:[0m 📡 Transaction fetch RPC completed in 12.191917ms
[2m2025-12-10T10:09:44.926746Z[0m [34mDEBUG[0m [2methereum_transaction_pool_monitor::eth_client[0m[2m:[0m ✅ Transaction 0xe82f6c697dc109c89d574caad2a49abf2cb9b1b67bf884411efcbc6cefb4d01a fetched and parsed in 84.062625ms
[2m2025-12-10T10:09:44.926775Z[0m [34mDEBUG[0m [2methereum_transaction_pool_monitor::mempool_monitor[0m[2m:[0m 🔍 Skipping tx 0xe82f6c697dc109c89d574caad2a49abf2cb9b1b67bf884411efcbc6cefb4d01a - not a DEX interaction (target: 0x601a2aD6CB5949f0529735254189Ba3194221EDF)
[2m2025-12-10T10:09:44.926786Z[0m [34mDEBUG[0m [2methereum_transaction_pool_monitor::mempool_monitor[0m[2m:[0m 📨 Processing new pending transaction: 0x7e34155206bacb0db4237f91ec545058cce2d822afa938da91c95f0bea051490
[2m2025-12-10T10:09:44.926796Z[0m [34mDEBUG[0m [2methereum_transaction_pool_monitor::mempool_monitor[0m[2m:[0m 🔍 Fetching transaction details for: 0x7e34155206bacb0db4237f91ec545058cce2d822afa938da91c95f0bea051490
[2m2025-12-10T10:09:44.926809Z[0m [34mDEBUG[0m [2methereum_transaction_pool_monitor::eth_client[0m[2m:[0m 🔍 Fetching transaction details for hash: 0x7e34155206bacb0db4237f91ec545058cce2d822afa938da91c95f0bea051490
[2m2025-12-10T10:09:44.926832Z[0m [34mDEBUG[0m [2mhyper::client::pool[0m[2m:[0m reuse idle connection for ("http", 192.168.0.14:8545)
[2m2025-12-10T10:09:44.926866Z[0m [34mDEBUG[0m [2mhyper::proto::h1::io[0m[2m:[0m flushed 250 bytes
[2m2025-12-10T10:09:44.926889Z[0m [34mDEBUG[0m [2methereum_transaction_pool_monitor::eth_client[0m[2m:[0m 📨 Received WebSocket message: {"jsonrpc":"2.0","method":"eth_subscription","params":{"subscription":"0xbed0a0851463e895960a451075a301a9","result":"0x0a6e4a6f04ed18c48b7eccb58d20ca0dfd4304c5d04381562f2157a9d8aac0a8"}}
[2m2025-12-10T10:09:44.926897Z[0m [34mDEBUG[0m [2methereum_transaction_pool_monitor::eth_client[0m[2m:[0m 📨 Received pending transaction: 0x0a6e4a6f04ed18c48b7eccb58d20ca0dfd4304c5d04381562f2157a9d8aac0a8
[2m2025-12-10T10:09:44.926908Z[0m [34mDEBUG[0m [2mhyper::proto::h1::io[0m[2m:[0m parsed 4 headers
[2m2025-12-10T10:09:44.926918Z[0m [34mDEBUG[0m [2mhyper::proto::h1::conn[0m[2m:[0m incoming body is content-length (45 bytes)
[2m2025-12-10T10:09:44.926926Z[0m [34mDEBUG[0m [2mhyper::proto::h1::conn[0m[2m:[0m incoming body completed
[2m2025-12-10T10:09:44.926935Z[0m [34mDEBUG[0m [2mhyper::client::pool[0m[2m:[0m pooling idle connection for ("http", 192.168.0.14:8545)
[2m2025-12-10T10:09:44.926952Z[0m [34mDEBUG[0m [2mhyper::client::pool[0m[2m:[0m reuse idle connection for ("http", 192.168.0.14:8545)
[2m2025-12-10T10:09:44.926965Z[0m [34mDEBUG[0m [2mhyper::proto::h1::io[0m[2m:[0m flushed 172 bytes
[2m2025-12-10T10:09:44.931867Z[0m [34mDEBUG[0m [2mhyper::proto::h1::io[0m[2m:[0m parsed 4 headers
[2m2025-12-10T10:09:44.931874Z[0m [34mDEBUG[0m [2mhyper::proto::h1::conn[0m[2m:[0m incoming body is content-length (45 bytes)
[2m2025-12-10T10:09:44.931879Z[0m [34mDEBUG[0m [2mhyper::proto::h1::conn[0m[2m:[0m incoming body completed
[2m2025-12-10T10:09:44.931886Z[0m [34mDEBUG[0m [2mhyper::client::pool[0m[2m:[0m pooling idle connection for ("http", 192.168.0.14:8545)
[2m2025-12-10T10:09:44.936999Z[0m [34mDEBUG[0m [2mhyper::proto::h1::io[0m[2m:[0m parsed 4 headers
[2m2025-12-10T10:09:44.937007Z[0m [34mDEBUG[0m [2mhyper::proto::h1::conn[0m[2m:[0m incoming body is content-length (1170 bytes)
[2m2025-12-10T10:09:44.937013Z[0m [34mDEBUG[0m [2mhyper::proto::h1::conn[0m[2m:[0m incoming body completed
[2m2025-12-10T10:09:44.937020Z[0m [34mDEBUG[0m [2mhyper::client::pool[0m[2m:[0m pooling idle connection for ("http", 192.168.0.14:8545)
[2m2025-12-10T10:09:44.937026Z[0m [34mDEBUG[0m [2methereum_transaction_pool_monitor::eth_client[0m[2m:[0m 📡 Transaction fetch RPC completed in 10.209417ms
[2m2025-12-10T10:09:45.007751Z[0m [34mDEBUG[0m [2methereum_transaction_pool_monitor::eth_client[0m[2m:[0m ✅ Transaction 0x7e34155206bacb0db4237f91ec545058cce2d822afa938da91c95f0bea051490 fetched and parsed in 80.931584ms
[2m2025-12-10T10:09:45.007774Z[0m [34mDEBUG[0m [2methereum_transaction_pool_monitor::mempool_monitor[0m[2m:[0m 🔍 Skipping tx 0x7e34155206bacb0db4237f91ec545058cce2d822afa938da91c95f0bea051490 - not a DEX interaction (target: 0x6d6620eFa72948C5f68A3C8646d58C00d3f4A980)
[2m2025-12-10T10:09:45.007786Z[0m [34mDEBUG[0m [2methereum_transaction_pool_monitor::mempool_monitor[0m[2m:[0m 📨 Processing new pending transaction: 0x3b8975754f756d490348fca9285df01b8da0b1f243765b6af183e1413da0c3c0
[2m2025-12-10T10:09:45.007793Z[0m [34mDEBUG[0m [2methereum_transaction_pool_monitor::mempool_monitor[0m[2m:[0m 🔍 Fetching transaction details for: 0x3b8975754f756d490348fca9285df01b8da0b1f243765b6af183e1413da0c3c0
[2m2025-12-10T10:09:45.007800Z[0m [34mDEBUG[0m [2methereum_transaction_pool_monitor::eth_client[0m[2m:[0m 🔍 Fetching transaction details for hash: 0x3b8975754f756d490348fca9285df01b8da0b1f243765b6af183e1413da0c3c0
[2m2025-12-10T10:09:45.007820Z[0m [34mDEBUG[0m [2mhyper::client::pool[0m[2m:[0m reuse idle connection for ("http", 192.168.0.14:8545)
[2m2025-12-10T10:09:45.007855Z[0m [34mDEBUG[0m [2mhyper::proto::h1::io[0m[2m:[0m flushed 250 bytes
[2m2025-12-10T10:09:45.007874Z[0m [34mDEBUG[0m [2mhyper::client::pool[0m[2m:[0m reuse idle connection for ("http", 192.168.0.14:8545)
[2m2025-12-10T10:09:45.007889Z[0m [34mDEBUG[0m [2mhyper::proto::h1::io[0m[2m:[0m flushed 172 bytes
[2m2025-12-10T10:09:45.007920Z[0m [34mDEBUG[0m [2methereum_transaction_pool_monitor::eth_client[0m[2m:[0m 📨 Received WebSocket message: {"jsonrpc":"2.0","method":"eth_subscription","params":{"subscription":"0xbed0a0851463e895960a451075a301a9","result":"0x6442470b1e38d9eecb5036c0a2b427f57e4394284cda5468c87ddfc36e31f9df"}}
[2m2025-12-10T10:09:45.007928Z[0m [34mDEBUG[0m [2methereum_transaction_pool_monitor::eth_client[0m[2m:[0m 📨 Received pending transaction: 0x6442470b1e38d9eecb5036c0a2b427f57e4394284cda5468c87ddfc36e31f9df
[2m2025-12-10T10:09:45.007933Z[0m [34mDEBUG[0m [2methereum_transaction_pool_monitor::eth_client[0m[2m:[0m 📨 Received WebSocket message: {"jsonrpc":"2.0","method":"eth_subscription","params":{"subscription":"0xbed0a0851463e895960a451075a301a9","result":"0xe46d83a38930d892121945797c6843a6cf8d67fbd1823fd16c7ffffd5aab7bbe"}}
[2m2025-12-10T10:09:45.007938Z[0m [34mDEBUG[0m [2methereum_transaction_pool_monitor::eth_client[0m[2m:[0m 📨 Received pending transaction: 0xe46d83a38930d892121945797c6843a6cf8d67fbd1823fd16c7ffffd5aab7bbe
[2m2025-12-10T10:09:45.013140Z[0m [34mDEBUG[0m [2methereum_transaction_pool_monitor::eth_client[0m[2m:[0m 📨 Received WebSocket message: {"jsonrpc":"2.0","method":"eth_subscription","params":{"subscription":"0xbed0a0851463e895960a451075a301a9","result":"0x1ef4c4e6cd341bb7541991a222ef2177c2677baf62d842e8141d54fcf067b070"}}
[2m2025-12-10T10:09:45.013149Z[0m [34mDEBUG[0m [2methereum_transaction_pool_monitor::eth_client[0m[2m:[0m 📨 Received pending transaction: 0x1ef4c4e6cd341bb7541991a222ef2177c2677baf62d842e8141d54fcf067b070
[2m2025-12-10T10:09:45.020017Z[0m [34mDEBUG[0m [2mhyper::proto::h1::io[0m[2m:[0m parsed 4 headers
[2m2025-12-10T10:09:45.020045Z[0m [34mDEBUG[0m [2mhyper::proto::h1::conn[0m[2m:[0m incoming body is content-length (45 bytes)
[2m2025-12-10T10:09:45.020070Z[0m [34mDEBUG[0m [2mhyper::proto::h1::conn[0m[2m:[0m incoming body completed
[2m2025-12-10T10:09:45.020080Z[0m [34mDEBUG[0m [2mhyper::client::pool[0m[2m:[0m pooling idle connection for ("http", 192.168.0.14:8545)
[2m2025-12-10T10:09:45.020099Z[0m [34mDEBUG[0m [2mhyper::proto::h1::io[0m[2m:[0m parsed 4 headers
[2m2025-12-10T10:09:45.020105Z[0m [34mDEBUG[0m [2mhyper::proto::h1::conn[0m[2m:[0m incoming body is content-length (553 bytes)
[2m2025-12-10T10:09:45.020111Z[0m [34mDEBUG[0m [2mhyper::proto::h1::conn[0m[2m:[0m incoming body completed
[2m2025-12-10T10:09:45.020118Z[0m [34mDEBUG[0m [2mhyper::client::pool[0m[2m:[0m pooling idle connection for ("http", 192.168.0.14:8545)
[2m2025-12-10T10:09:45.020124Z[0m [34mDEBUG[0m [2methereum_transaction_pool_monitor::eth_client[0m[2m:[0m 📡 Transaction fetch RPC completed in 12.3195ms
[2m2025-12-10T10:09:45.092013Z[0m [34mDEBUG[0m [2methereum_transaction_pool_monitor::eth_client[0m[2m:[0m ✅ Transaction 0x3b8975754f756d490348fca9285df01b8da0b1f243765b6af183e1413da0c3c0 fetched and parsed in 84.206542ms
[2m2025-12-10T10:09:45.092043Z[0m [34mDEBUG[0m [2methereum_transaction_pool_monitor::mempool_monitor[0m[2m:[0m 🔍 Skipping tx 0x3b8975754f756d490348fca9285df01b8da0b1f243765b6af183e1413da0c3c0 - not a DEX interaction (target: 0xc0A44AeF8cb921a2606de33A924c6314220548B3)
[2m2025-12-10T10:09:45.092055Z[0m [34mDEBUG[0m [2methereum_transaction_pool_monitor::mempool_monitor[0m[2m:[0m 📨 Processing new pending transaction: 0xf89b7fe80dfffefe72c2eae388cd75af2197844ad105b175650871738909c282
[2m2025-12-10T10:09:45.092061Z[0m [34mDEBUG[0m [2methereum_transaction_pool_monitor::mempool_monitor[0m[2m:[0m 🔍 Fetching transaction details for: 0xf89b7fe80dfffefe72c2eae388cd75af2197844ad105b175650871738909c282
[2m2025-12-10T10:09:45.092067Z[0m [34mDEBUG[0m [2methereum_transaction_pool_monitor::eth_client[0m[2m:[0m 🔍 Fetching transaction details for hash: 0xf89b7fe80dfffefe72c2eae388cd75af2197844ad105b175650871738909c282
[2m2025-12-10T10:09:45.092089Z[0m [34mDEBUG[0m [2mhyper::client::pool[0m[2m:[0m reuse idle connection for ("http", 192.168.0.14:8545)
[2m2025-12-10T10:09:45.092119Z[0m [34mDEBUG[0m [2mhyper::proto::h1::io[0m[2m:[0m flushed 250 bytes
[2m2025-12-10T10:09:45.092142Z[0m [34mDEBUG[0m [2methereum_transaction_pool_monitor::eth_client[0m[2m:[0m 📨 Received WebSocket message: {"jsonrpc":"2.0","method":"eth_subscription","params":{"subscription":"0xbed0a0851463e895960a451075a301a9","result":"0x5b65e214edc38b3ed03fd6769b11e0ba80970bc9036d8c8dfa366c671d0ccdda"}}
[2m2025-12-10T10:09:45.092150Z[0m [34mDEBUG[0m [2methereum_transaction_pool_monitor::eth_client[0m[2m:[0m 📨 Received pending transaction: 0x5b65e214edc38b3ed03fd6769b11e0ba80970bc9036d8c8dfa366c671d0ccdda
[2m2025-12-10T10:09:45.096693Z[0m [34mDEBUG[0m [2mhyper::client::pool[0m[2m:[0m reuse idle connection for ("http", 192.168.0.14:8545)
[2m2025-12-10T10:09:45.096744Z[0m [34mDEBUG[0m [2mhyper::proto::h1::io[0m[2m:[0m flushed 172 bytes
[2m2025-12-10T10:09:45.099018Z[0m [34mDEBUG[0m [2mhyper::proto::h1::io[0m[2m:[0m parsed 4 headers
[2m2025-12-10T10:09:45.099024Z[0m [34mDEBUG[0m [2mhyper::proto::h1::conn[0m[2m:[0m incoming body is content-length (904 bytes)
[2m2025-12-10T10:09:45.099044Z[0m [34mDEBUG[0m [2mhyper::proto::h1::conn[0m[2m:[0m incoming body completed
[2m2025-12-10T10:09:45.099053Z[0m [34mDEBUG[0m [2mhyper::client::pool[0m[2m:[0m pooling idle connection for ("http", 192.168.0.14:8545)
[2m2025-12-10T10:09:45.099058Z[0m [34mDEBUG[0m [2methereum_transaction_pool_monitor::eth_client[0m[2m:[0m 📡 Transaction fetch RPC completed in 6.982583ms
[2m2025-12-10T10:09:45.169971Z[0m [34mDEBUG[0m [2methereum_transaction_pool_monitor::eth_client[0m[2m:[0m ✅ Transaction 0xf89b7fe80dfffefe72c2eae388cd75af2197844ad105b175650871738909c282 fetched and parsed in 77.89325ms
[2m2025-12-10T10:09:45.169995Z[0m [34mDEBUG[0m [2methereum_transaction_pool_monitor::mempool_monitor[0m[2m:[0m 🔍 Skipping tx 0xf89b7fe80dfffefe72c2eae388cd75af2197844ad105b175650871738909c282 - not a DEX interaction (target: 0xff00000000000000000000000000000000000480)
[2m2025-12-10T10:09:45.170006Z[0m [34mDEBUG[0m [2methereum_transaction_pool_monitor::mempool_monitor[0m[2m:[0m 📨 Processing new pending transaction: 0x7a276685d0cffde010021b955ffc8ea53690f733784c2946e15f689f8326c4cb
[2m2025-12-10T10:09:45.170012Z[0m [34mDEBUG[0m [2methereum_transaction_pool_monitor::mempool_monitor[0m[2m:[0m 🔍 Fetching transaction details for: 0x7a276685d0cffde010021b955ffc8ea53690f733784c2946e15f689f8326c4cb
[2m2025-12-10T10:09:45.170018Z[0m [34mDEBUG[0m [2methereum_transaction_pool_monitor::eth_client[0m[2m:[0m 🔍 Fetching transaction details for hash: 0x7a276685d0cffde010021b955ffc8ea53690f733784c2946e15f689f8326c4cb
[2m2025-12-10T10:09:45.170034Z[0m [34mDEBUG[0m [2mhyper::client::pool[0m[2m:[0m reuse idle connection for ("http", 192.168.0.14:8545)
[2m2025-12-10T10:09:45.170074Z[0m [34mDEBUG[0m [2mhyper::proto::h1::io[0m[2m:[0m flushed 250 bytes
[2m2025-12-10T10:09:45.170096Z[0m [34mDEBUG[0m [2methereum_transaction_pool_monitor::eth_client[0m[2m:[0m 📨 Received WebSocket message: {"jsonrpc":"2.0","method":"eth_subscription","params":{"subscription":"0xbed0a0851463e895960a451075a301a9","result":"0xa8f698ab986cf71d1f3e08ddda48e2068547b11635f8fd663a3f12cca974d9b2"}}
[2m2025-12-10T10:09:45.170102Z[0m [34mDEBUG[0m [2mhyper::proto::h1::io[0m[2m:[0m parsed 4 headers
[2m2025-12-10T10:09:45.170112Z[0m [34mDEBUG[0m [2mhyper::proto::h1::conn[0m[2m:[0m incoming body is content-length (45 bytes)
[2m2025-12-10T10:09:45.170104Z[0m [34mDEBUG[0m [2methereum_transaction_pool_monitor::eth_client[0m[2m:[0m 📨 Received pending transaction: 0xa8f698ab986cf71d1f3e08ddda48e2068547b11635f8fd663a3f12cca974d9b2
[2m2025-12-10T10:09:45.170123Z[0m [34mDEBUG[0m [2mhyper::proto::h1::conn[0m[2m:[0m incoming body completed
[2m2025-12-10T10:09:45.170133Z[0m [34mDEBUG[0m [2methereum_transaction_pool_monitor::eth_client[0m[2m:[0m 📨 Received WebSocket message: {"jsonrpc":"2.0","method":"eth_subscription","params":{"subscription":"0xbed0a0851463e895960a451075a301a9","result":"0xa5695ff5a15950130ac775325982d8c5e77d1e0fc999de0ae6a370c89863ac88"}}
[2m2025-12-10T10:09:45.170141Z[0m [34mDEBUG[0m [2methereum_transaction_pool_monitor::eth_client[0m[2m:[0m 📨 Received pending transaction: 0xa5695ff5a15950130ac775325982d8c5e77d1e0fc999de0ae6a370c89863ac88
[2m2025-12-10T10:09:45.170142Z[0m [34mDEBUG[0m [2mhyper::client::pool[0m[2m:[0m pooling idle connection for ("http", 192.168.0.14:8545)
[2m2025-12-10T10:09:45.173420Z[0m [34mDEBUG[0m [2mhyper::proto::h1::io[0m[2m:[0m parsed 4 headers
[2m2025-12-10T10:09:45.173428Z[0m [34mDEBUG[0m [2mhyper::proto::h1::conn[0m[2m:[0m incoming body is content-length (830 bytes)
[2m2025-12-10T10:09:45.173433Z[0m [34mDEBUG[0m [2mhyper::proto::h1::conn[0m[2m:[0m incoming body completed
[2m2025-12-10T10:09:45.173439Z[0m [34mDEBUG[0m [2mhyper::client::pool[0m[2m:[0m pooling idle connection for ("http", 192.168.0.14:8545)
[2m2025-12-10T10:09:45.173444Z[0m [34mDEBUG[0m [2methereum_transaction_pool_monitor::eth_client[0m[2m:[0m 📡 Transaction fetch RPC completed in 3.4215ms
[2m2025-12-10T10:09:45.244605Z[0m [34mDEBUG[0m [2methereum_transaction_pool_monitor::eth_client[0m[2m:[0m ✅ Transaction 0x7a276685d0cffde010021b955ffc8ea53690f733784c2946e15f689f8326c4cb fetched and parsed in 74.580583ms
[2m2025-12-10T10:09:45.244633Z[0m [34mDEBUG[0m [2methereum_transaction_pool_monitor::mempool_monitor[0m[2m:[0m 🔍 Skipping tx 0x7a276685d0cffde010021b955ffc8ea53690f733784c2946e15f689f8326c4cb - not a DEX interaction (target: 0x3B4D794a66304F130a4Db8F2551B0070dfCf5ca7)
[2m2025-12-10T10:09:45.244648Z[0m [34mDEBUG[0m [2methereum_transaction_pool_monitor::mempool_monitor[0m[2m:[0m 📨 Processing new pending transaction: 0x707790e2bca666a33540d05f0a05eab668cc227ec2650bcf43cb7dff0c9e2863
[2m2025-12-10T10:09:45.244655Z[0m [34mDEBUG[0m [2methereum_transaction_pool_monitor::mempool_monitor[0m[2m:[0m 🔍 Fetching transaction details for: 0x707790e2bca666a33540d05f0a05eab668cc227ec2650bcf43cb7dff0c9e2863
[2m2025-12-10T10:09:45.244660Z[0m [34mDEBUG[0m [2methereum_transaction_pool_monitor::eth_client[0m[2m:[0m 🔍 Fetching transaction details for hash: 0x707790e2bca666a33540d05f0a05eab668cc227ec2650bcf43cb7dff0c9e2863
[2m2025-12-10T10:09:45.244679Z[0m [34mDEBUG[0m [2mhyper::client::pool[0m[2m:[0m reuse idle connection for ("http", 192.168.0.14:8545)
[2m2025-12-10T10:09:45.244711Z[0m [34mDEBUG[0m [2mhyper::proto::h1::io[0m[2m:[0m flushed 250 bytes
[2m2025-12-10T10:09:45.244731Z[0m [34mDEBUG[0m [2mhyper::client::pool[0m[2m:[0m reuse idle connection for ("http", 192.168.0.14:8545)
[2m2025-12-10T10:09:45.244741Z[0m [34mDEBUG[0m [2methereum_transaction_pool_monitor::eth_client[0m[2m:[0m 📨 Received WebSocket message: {"jsonrpc":"2.0","method":"eth_subscription","params":{"subscription":"0xbed0a0851463e895960a451075a301a9","result":"0x2b4e5d52b7d5646d71db47512fd0ad3bae9689f8acf65f8295886ed24c1cdbec"}}
[2m2025-12-10T10:09:45.244751Z[0m [34mDEBUG[0m [2mhyper::proto::h1::io[0m[2m:[0m flushed 172 bytes
[2m2025-12-10T10:09:45.244754Z[0m [34mDEBUG[0m [2methereum_transaction_pool_monitor::eth_client[0m[2m:[0m 📨 Received pending transaction: 0x2b4e5d52b7d5646d71db47512fd0ad3bae9689f8acf65f8295886ed24c1cdbec
[2m2025-12-10T10:09:45.244775Z[0m [34mDEBUG[0m [2methereum_transaction_pool_monitor::eth_client[0m[2m:[0m 📨 Received WebSocket message: {"jsonrpc":"2.0","method":"eth_subscription","params":{"subscription":"0xbed0a0851463e895960a451075a301a9","result":"0x7bfc0b1af0f3adae77dbd226f4b6af8ba6a51510864966bc30a09520e79c8325"}}
[2m2025-12-10T10:09:45.244785Z[0m [34mDEBUG[0m [2methereum_transaction_pool_monitor::eth_client[0m[2m:[0m 📨 Received pending transaction: 0x7bfc0b1af0f3adae77dbd226f4b6af8ba6a51510864966bc30a09520e79c8325
[2m2025-12-10T10:09:45.244797Z[0m [34mDEBUG[0m [2methereum_transaction_pool_monitor::eth_client[0m[2m:[0m 📨 Received WebSocket message: {"jsonrpc":"2.0","method":"eth_subscription","params":{"subscription":"0xbed0a0851463e895960a451075a301a9","result":"0x77052751abe867f8c7dcfe2dd573c2e1782aff6e36ed42c66e132a38193cbd4e"}}
[2m2025-12-10T10:09:45.244803Z[0m [34mDEBUG[0m [2methereum_transaction_pool_monitor::eth_client[0m[2m:[0m 📨 Received pending transaction: 0x77052751abe867f8c7dcfe2dd573c2e1782aff6e36ed42c66e132a38193cbd4e
[2m2025-12-10T10:09:45.244812Z[0m [34mDEBUG[0m [2methereum_transaction_pool_monitor::eth_client[0m[2m:[0m 📨 Received WebSocket message: {"jsonrpc":"2.0","method":"eth_subscription","params":{"subscription":"0xbed0a0851463e895960a451075a301a9","result":"0xe42964d3f41089dfb67abdb1a1f04b1f3d1851bbff0818e66f3648ba733a9e01"}}
[2m2025-12-10T10:09:45.244822Z[0m [34mDEBUG[0m [2methereum_transaction_pool_monitor::eth_client[0m[2m:[0m 📨 Received pending transaction: 0xe42964d3f41089dfb67abdb1a1f04b1f3d1851bbff0818e66f3648ba733a9e01
[2m2025-12-10T10:09:45.244828Z[0m [34mDEBUG[0m [2methereum_transaction_pool_monitor::eth_client[0m[2m:[0m 📨 Received WebSocket message: {"jsonrpc":"2.0","method":"eth_subscription","params":{"subscription":"0xbed0a0851463e895960a451075a301a9","result":"0xda01d674da822b85e7222d5c11da87ddbe8865e5c1100f2757a8c63d9ba106aa"}}
[2m2025-12-10T10:09:45.244838Z[0m [34mDEBUG[0m [2methereum_transaction_pool_monitor::eth_client[0m[2m:[0m 📨 Received pending transaction: 0xda01d674da822b85e7222d5c11da87ddbe8865e5c1100f2757a8c63d9ba106aa
[2m2025-12-10T10:09:45.244843Z[0m [34mDEBUG[0m [2methereum_transaction_pool_monitor::eth_client[0m[2m:[0m 📨 Received WebSocket message: {"jsonrpc":"2.0","method":"eth_subscription","params":{"subscription":"0xbed0a0851463e895960a451075a301a9","result":"0x65ad04b6046b2e2c36318a8f7f10bff5358d2695b0c2a2bf17ba73de0daee13a"}}
[2m2025-12-10T10:09:45.244852Z[0m [34mDEBUG[0m [2methereum_transaction_pool_monitor::eth_client[0m[2m:[0m 📨 Received pending transaction: 0x65ad04b6046b2e2c36318a8f7f10bff5358d2695b0c2a2bf17ba73de0daee13a
[2m2025-12-10T10:09:45.244860Z[0m [34mDEBUG[0m [2methereum_transaction_pool_monitor::eth_client[0m[2m:[0m 📨 Received WebSocket message: {"jsonrpc":"2.0","method":"eth_subscription","params":{"subscription":"0xbed0a0851463e895960a451075a301a9","result":"0x5b320254809878c391c2044d5b46ec40d8c5f28e94ac6774d5c3130802678270"}}
[2m2025-12-10T10:09:45.244866Z[0m [34mDEBUG[0m [2methereum_transaction_pool_monitor::eth_client[0m[2m:[0m 📨 Received pending transaction: 0x5b320254809878c391c2044d5b46ec40d8c5f28e94ac6774d5c3130802678270
[2m2025-12-10T10:09:45.248604Z[0m [34mDEBUG[0m [2methereum_transaction_pool_monitor::eth_client[0m[2m:[0m 📨 Received WebSocket message: {"jsonrpc":"2.0","method":"eth_subscription","params":{"subscription":"0xbed0a0851463e895960a451075a301a9","result":"0x4fe360f5c4f93d0be96d548dc009256537a3e790e1b247a42a3d738426f8d87d"}}
[2m2025-12-10T10:09:45.248612Z[0m [34mDEBUG[0m [2methereum_transaction_pool_monitor::eth_client[0m[2m:[0m 📨 Received pending transaction: 0x4fe360f5c4f93d0be96d548dc009256537a3e790e1b247a42a3d738426f8d87d
[2m2025-12-10T10:09:45.248618Z[0m [34mDEBUG[0m [2methereum_transaction_pool_monitor::eth_client[0m[2m:[0m 📨 Received WebSocket message: {"jsonrpc":"2.0","method":"eth_subscription","params":{"subscription":"0xbed0a0851463e895960a451075a301a9","result":"0xa7314ac71d3640c89ad0e1cc1e3648d961d7dc57b2d527348c15dc1d56a913f8"}}
[2m2025-12-10T10:09:45.248625Z[0m [34mDEBUG[0m [2methereum_transaction_pool_monitor::eth_client[0m[2m:[0m 📨 Received pending transaction: 0xa7314ac71d3640c89ad0e1cc1e3648d961d7dc57b2d527348c15dc1d56a913f8
[2m2025-12-10T10:09:45.252196Z[0m [34mDEBUG[0m [2mhyper::proto::h1::io[0m[2m:[0m parsed 4 headers
[2m2025-12-10T10:09:45.252220Z[0m [34mDEBUG[0m [2mhyper::proto::h1::conn[0m[2m:[0m incoming body is content-length (45 bytes)
[2m2025-12-10T10:09:45.252253Z[0m [34mDEBUG[0m [2mhyper::proto::h1::conn[0m[2m:[0m incoming body completed
[2m2025-12-10T10:09:45.252279Z[0m [34mDEBUG[0m [2mhyper::client::pool[0m[2m:[0m pooling idle connection for ("http", 192.168.0.14:8545)
[2m2025-12-10T10:09:45.252296Z[0m [34mDEBUG[0m [2mhyper::proto::h1::io[0m[2m:[0m parsed 4 headers
[2m2025-12-10T10:09:45.252300Z[0m [34mDEBUG[0m [2mhyper::proto::h1::conn[0m[2m:[0m incoming body is content-length (1991 bytes)
[2m2025-12-10T10:09:45.252304Z[0m [34mDEBUG[0m [2mhyper::proto::h1::conn[0m[2m:[0m incoming body completed
[2m2025-12-10T10:09:45.252309Z[0m [34mDEBUG[0m [2mhyper::client::pool[0m[2m:[0m pooling idle connection for ("http", 192.168.0.14:8545)
[2m2025-12-10T10:09:45.252314Z[0m [34mDEBUG[0m [2methereum_transaction_pool_monitor::eth_client[0m[2m:[0m 📡 Transaction fetch RPC completed in 7.64925ms
[2m2025-12-10T10:09:45.323588Z[0m [34mDEBUG[0m [2methereum_transaction_pool_monitor::eth_client[0m[2m:[0m ✅ Transaction 0x707790e2bca666a33540d05f0a05eab668cc227ec2650bcf43cb7dff0c9e2863 fetched and parsed in 78.92125ms
[2m2025-12-10T10:09:45.323617Z[0m [34mDEBUG[0m [2methereum_transaction_pool_monitor::mempool_monitor[0m[2m:[0m 🔍 Skipping tx 0x707790e2bca666a33540d05f0a05eab668cc227ec2650bcf43cb7dff0c9e2863 - not a DEX interaction (target: 0xa59BA433ac34D2927232918Ef5B2eaAfcF130BA5)
[2m2025-12-10T10:09:45.323628Z[0m [34mDEBUG[0m [2methereum_transaction_pool_monitor::mempool_monitor[0m[2m:[0m 📨 Processing new pending transaction: 0x8a328c80e1a4a4d8fd90f7e861f20872a69d96295ab3c5c8803bbe9b2abbd817
[2m2025-12-10T10:09:45.323636Z[0m [34mDEBUG[0m [2methereum_transaction_pool_monitor::mempool_monitor[0m[2m:[0m 🔍 Fetching transaction details for: 0x8a328c80e1a4a4d8fd90f7e861f20872a69d96295ab3c5c8803bbe9b2abbd817
[2m2025-12-10T10:09:45.323642Z[0m [34mDEBUG[0m [2methereum_transaction_pool_monitor::eth_client[0m[2m:[0m 🔍 Fetching transaction details for hash: 0x8a328c80e1a4a4d8fd90f7e861f20872a69d96295ab3c5c8803bbe9b2abbd817
[2m2025-12-10T10:09:45.323661Z[0m [34mDEBUG[0m [2mhyper::client::pool[0m[2m:[0m reuse idle connection for ("http", 192.168.0.14:8545)
[2m2025-12-10T10:09:45.323700Z[0m [34mDEBUG[0m [2mhyper::proto::h1::io[0m[2m:[0m flushed 250 bytes
[2m2025-12-10T10:09:45.323720Z[0m [34mDEBUG[0m [2mhyper::client::pool[0m[2m:[0m reuse idle connection for ("http", 192.168.0.14:8545)
[2m2025-12-10T10:09:45.323731Z[0m [34mDEBUG[0m [2methereum_transaction_pool_monitor::eth_client[0m[2m:[0m 📨 Received WebSocket message: {"jsonrpc":"2.0","method":"eth_subscription","params":{"subscription":"0xbed0a0851463e895960a451075a301a9","result":"0x943c28356061916c3754a0b23e3f0553fc712a5f5f27ba2bf37d9691a6ee3f5b"}}
[2m2025-12-10T10:09:45.323746Z[0m [34mDEBUG[0m [2methereum_transaction_pool_monitor::eth_client[0m[2m:[0m 📨 Received pending transaction: 0x943c28356061916c3754a0b23e3f0553fc712a5f5f27ba2bf37d9691a6ee3f5b
[2m2025-12-10T10:09:45.323737Z[0m [34mDEBUG[0m [2mhyper::proto::h1::io[0m[2m:[0m flushed 172 bytes
[2m2025-12-10T10:09:45.323759Z[0m [34mDEBUG[0m [2methereum_transaction_pool_monitor::eth_client[0m[2m:[0m 📨 Received WebSocket message: {"jsonrpc":"2.0","method":"eth_subscription","params":{"subscription":"0xbed0a0851463e895960a451075a301a9","result":"0xb0a6a5cc8520049666d651fa1e11baf96ea7f852382cda8f24ddc9ca8229c6d0"}}
[2m2025-12-10T10:09:45.323772Z[0m [34mDEBUG[0m [2methereum_transaction_pool_monitor::eth_client[0m[2m:[0m 📨 Received pending transaction: 0xb0a6a5cc8520049666d651fa1e11baf96ea7f852382cda8f24ddc9ca8229c6d0
[2m2025-12-10T10:09:45.323778Z[0m [34mDEBUG[0m [2methereum_transaction_pool_monitor::eth_client[0m[2m:[0m 📨 Received WebSocket message: {"jsonrpc":"2.0","method":"eth_subscription","params":{"subscription":"0xbed0a0851463e895960a451075a301a9","result":"0x8a85230fdafe18a8e793ce007605ec7eadbda9a9c0d65b18f0db0259ed76ca0d"}}
[2m2025-12-10T10:09:45.323784Z[0m [34mDEBUG[0m [2methereum_transaction_pool_monitor::eth_client[0m[2m:[0m 📨 Received pending transaction: 0x8a85230fdafe18a8e793ce007605ec7eadbda9a9c0d65b18f0db0259ed76ca0d
[2m2025-12-10T10:09:45.323790Z[0m [34mDEBUG[0m [2methereum_transaction_pool_monitor::eth_client[0m[2m:[0m 📨 Received WebSocket message: {"jsonrpc":"2.0","method":"eth_subscription","params":{"subscription":"0xbed0a0851463e895960a451075a301a9","result":"0x1a8da9a29b94b2c36a69a007d198369d64caf8e5fa4eab40e0dac7238b144772"}}
[2m2025-12-10T10:09:45.323796Z[0m [34mDEBUG[0m [2methereum_transaction_pool_monitor::eth_client[0m[2m:[0m 📨 Received pending transaction: 0x1a8da9a29b94b2c36a69a007d198369d64caf8e5fa4eab40e0dac7238b144772
[2m2025-12-10T10:09:45.323801Z[0m [34mDEBUG[0m [2methereum_transaction_pool_monitor::eth_client[0m[2m:[0m 📨 Received WebSocket message: {"jsonrpc":"2.0","method":"eth_subscription","params":{"subscription":"0xbed0a0851463e895960a451075a301a9","result":"0xacb15efbcd56a2ccca37724febdc6711e25c4f7c34f8160f6445ab2c403ecf87"}}
[2m2025-12-10T10:09:45.323812Z[0m [34mDEBUG[0m [2methereum_transaction_pool_monitor::eth_client[0m[2m:[0m 📨 Received pending transaction: 0xacb15efbcd56a2ccca37724febdc6711e25c4f7c34f8160f6445ab2c403ecf87
[2m2025-12-10T10:09:45.323820Z[0m [34mDEBUG[0m [2methereum_transaction_pool_monitor::eth_client[0m[2m:[0m 📨 Received WebSocket message: {"jsonrpc":"2.0","method":"eth_subscription","params":{"subscription":"0xbed0a0851463e895960a451075a301a9","result":"0x45982a36ccf75929ae90005a4295c56b283b002318a32b16a5b684aa75d8fa4c"}}
[2m2025-12-10T10:09:45.323829Z[0m [34mDEBUG[0m [2methereum_transaction_pool_monitor::eth_client[0m[2m:[0m 📨 Received pending transaction: 0x45982a36ccf75929ae90005a4295c56b283b002318a32b16a5b684aa75d8fa4c
[2m2025-12-10T10:09:45.323836Z[0m [34mDEBUG[0m [2methereum_transaction_pool_monitor::eth_client[0m[2m:[0m 📨 Received WebSocket message: {"jsonrpc":"2.0","method":"eth_subscription","params":{"subscription":"0xbed0a0851463e895960a451075a301a9","result":"0xe90a208083466b59188ef31c3dc41a15094c62efdb12f9c23089e2e8cb029074"}}
[2m2025-12-10T10:09:45.323843Z[0m [34mDEBUG[0m [2methereum_transaction_pool_monitor::eth_client[0m[2m:[0m 📨 Received pending transaction: 0xe90a208083466b59188ef31c3dc41a15094c62efdb12f9c23089e2e8cb029074
[2m2025-12-10T10:09:45.330332Z[0m [34mDEBUG[0m [2mhyper::proto::h1::io[0m[2m:[0m parsed 4 headers
[2m2025-12-10T10:09:45.330355Z[0m [34mDEBUG[0m [2mhyper::proto::h1::conn[0m[2m:[0m incoming body is content-length (829 bytes)
[2m2025-12-10T10:09:45.330382Z[0m [34mDEBUG[0m [2mhyper::proto::h1::conn[0m[2m:[0m incoming body completed
[2m2025-12-10T10:09:45.330407Z[0m [34mDEBUG[0m [2mhyper::client::pool[0m[2m:[0m pooling idle connection for ("http", 192.168.0.14:8545)
[2m2025-12-10T10:09:45.330414Z[0m [34mDEBUG[0m [2methereum_transaction_pool_monitor::eth_client[0m[2m:[0m 📡 Transaction fetch RPC completed in 6.767084ms
[2m2025-12-10T10:09:45.401291Z[0m [34mDEBUG[0m [2methereum_transaction_pool_monitor::eth_client[0m[2m:[0m ✅ Transaction 0x8a328c80e1a4a4d8fd90f7e861f20872a69d96295ab3c5c8803bbe9b2abbd817 fetched and parsed in 77.642375ms
[2m2025-12-10T10:09:45.401317Z[0m [34mDEBUG[0m [2methereum_transaction_pool_monitor::mempool_monitor[0m[2m:[0m 🔍 Skipping tx 0x8a328c80e1a4a4d8fd90f7e861f20872a69d96295ab3c5c8803bbe9b2abbd817 - not a DEX interaction (target: 0x3B4D794a66304F130a4Db8F2551B0070dfCf5ca7)
[2m2025-12-10T10:09:45.401327Z[0m [34mDEBUG[0m [2methereum_transaction_pool_monitor::mempool_monitor[0m[2m:[0m 📨 Processing new pending transaction: 0x091392891a6264904ee03b85c08e9ce159ded80c590ef41ff61c012fcdf91fbf
[2m2025-12-10T10:09:45.401334Z[0m [34mDEBUG[0m [2methereum_transaction_pool_monitor::mempool_monitor[0m[2m:[0m 🔍 Fetching transaction details for: 0x091392891a6264904ee03b85c08e9ce159ded80c590ef41ff61c012fcdf91fbf
[2m2025-12-10T10:09:45.401341Z[0m [34mDEBUG[0m [2methereum_transaction_pool_monitor::eth_client[0m[2m:[0m 🔍 Fetching transaction details for hash: 0x091392891a6264904ee03b85c08e9ce159ded80c590ef41ff61c012fcdf91fbf
[2m2025-12-10T10:09:45.401360Z[0m [34mDEBUG[0m [2mhyper::client::pool[0m[2m:[0m reuse idle connection for ("http", 192.168.0.14:8545)
[2m2025-12-10T10:09:45.401395Z[0m [34mDEBUG[0m [2mhyper::proto::h1::io[0m[2m:[0m flushed 250 bytes
[2m2025-12-10T10:09:45.401418Z[0m [34mDEBUG[0m [2methereum_transaction_pool_monitor::eth_client[0m[2m:[0m 📨 Received WebSocket message: {"jsonrpc":"2.0","method":"eth_subscription","params":{"subscription":"0xbed0a0851463e895960a451075a301a9","result":"0x2d7939d552696d1edf4c4b271e8ad31dc10223739c706dfa0d6a33bedf51aeb2"}}
[2m2025-12-10T10:09:45.401421Z[0m [34mDEBUG[0m [2mhyper::proto::h1::io[0m[2m:[0m parsed 4 headers
[2m2025-12-10T10:09:45.401428Z[0m [34mDEBUG[0m [2methereum_transaction_pool_monitor::eth_client[0m[2m:[0m 📨 Received pending transaction: 0x2d7939d552696d1edf4c4b271e8ad31dc10223739c706dfa0d6a33bedf51aeb2
[2m2025-12-10T10:09:45.401432Z[0m [34mDEBUG[0m [2mhyper::proto::h1::conn[0m[2m:[0m incoming body is content-length (45 bytes)
[2m2025-12-10T10:09:45.401438Z[0m [34mDEBUG[0m [2methereum_transaction_pool_monitor::eth_client[0m[2m:[0m 📨 Received WebSocket message: {"jsonrpc":"2.0","method":"eth_subscription","params":{"subscription":"0xbed0a0851463e895960a451075a301a9","result":"0x0d9571905a39a9387888d74abfe8681e80ca0d9c8566c7cc4f8bed4d5b591ebe"}}
[2m2025-12-10T10:09:45.401442Z[0m [34mDEBUG[0m [2mhyper::proto::h1::conn[0m[2m:[0m incoming body completed
[2m2025-12-10T10:09:45.401446Z[0m [34mDEBUG[0m [2methereum_transaction_pool_monitor::eth_client[0m[2m:[0m 📨 Received pending transaction: 0x0d9571905a39a9387888d74abfe8681e80ca0d9c8566c7cc4f8bed4d5b591ebe
[2m2025-12-10T10:09:45.401453Z[0m [34mDEBUG[0m [2mhyper::client::pool[0m[2m:[0m pooling idle connection for ("http", 192.168.0.14:8545)
[2m2025-12-10T10:09:45.401469Z[0m [34mDEBUG[0m [2mhyper::client::pool[0m[2m:[0m reuse idle connection for ("http", 192.168.0.14:8545)
[2m2025-12-10T10:09:45.401484Z[0m [34mDEBUG[0m [2mhyper::proto::h1::io[0m[2m:[0m flushed 172 bytes
[2m2025-12-10T10:09:45.408239Z[0m [34mDEBUG[0m [2mhyper::proto::h1::io[0m[2m:[0m parsed 4 headers
[2m2025-12-10T10:09:45.408261Z[0m [34mDEBUG[0m [2mhyper::proto::h1::conn[0m[2m:[0m incoming body is content-length (45 bytes)
[2m2025-12-10T10:09:45.408282Z[0m [34mDEBUG[0m [2mhyper::proto::h1::conn[0m[2m:[0m incoming body completed
[2m2025-12-10T10:09:45.408305Z[0m [34mDEBUG[0m [2mhyper::client::pool[0m[2m:[0m pooling idle connection for ("http", 192.168.0.14:8545)
[2m2025-12-10T10:09:45.410303Z[0m [34mDEBUG[0m [2mhyper::proto::h1::io[0m[2m:[0m parsed 4 headers
[2m2025-12-10T10:09:45.410311Z[0m [34mDEBUG[0m [2mhyper::proto::h1::conn[0m[2m:[0m incoming body is content-length (2116 bytes)
[2m2025-12-10T10:09:45.410317Z[0m [34mDEBUG[0m [2mhyper::proto::h1::conn[0m[2m:[0m incoming body completed
[2m2025-12-10T10:09:45.410324Z[0m [34mDEBUG[0m [2mhyper::client::pool[0m[2m:[0m pooling idle connection for ("http", 192.168.0.14:8545)
[2m2025-12-10T10:09:45.410330Z[0m [34mDEBUG[0m [2methereum_transaction_pool_monitor::eth_client[0m[2m:[0m 📡 Transaction fetch RPC completed in 8.984709ms
[2m2025-12-10T10:09:45.481897Z[0m [34mDEBUG[0m [2methereum_transaction_pool_monitor::eth_client[0m[2m:[0m ✅ Transaction 0x091392891a6264904ee03b85c08e9ce159ded80c590ef41ff61c012fcdf91fbf fetched and parsed in 80.549667ms
[2m2025-12-10T10:09:45.481928Z[0m [34mDEBUG[0m [2methereum_transaction_pool_monitor::mempool_monitor[0m[2m:[0m 🔍 Skipping tx 0x091392891a6264904ee03b85c08e9ce159ded80c590ef41ff61c012fcdf91fbf - not a DEX interaction (target: 0x8FafAE7Dd957044088b3d0F67359C327c6200d18)
[2m2025-12-10T10:09:45.481940Z[0m [34mDEBUG[0m [2methereum_transaction_pool_monitor::mempool_monitor[0m[2m:[0m 📨 Processing new pending transaction: 0x1ef2ec776d5ec837a6045bf0129f8175bb3db1cd3472d29102da2f42bb723000
[2m2025-12-10T10:09:45.481950Z[0m [34mDEBUG[0m [2methereum_transaction_pool_monitor::mempool_monitor[0m[2m:[0m 🔍 Fetching transaction details for: 0x1ef2ec776d5ec837a6045bf0129f8175bb3db1cd3472d29102da2f42bb723000
[2m2025-12-10T10:09:45.481958Z[0m [34mDEBUG[0m [2methereum_transaction_pool_monitor::eth_client[0m[2m:[0m 🔍 Fetching transaction details for hash: 0x1ef2ec776d5ec837a6045bf0129f8175bb3db1cd3472d29102da2f42bb723000
[2m2025-12-10T10:09:45.481982Z[0m [34mDEBUG[0m [2mhyper::client::pool[0m[2m:[0m reuse idle connection for ("http", 192.168.0.14:8545)
[2m2025-12-10T10:09:45.482035Z[0m [34mDEBUG[0m [2mhyper::proto::h1::io[0m[2m:[0m flushed 250 bytes
[2m2025-12-10T10:09:45.487214Z[0m [34mDEBUG[0m [2mhyper::proto::h1::io[0m[2m:[0m parsed 4 headers
[2m2025-12-10T10:09:45.487215Z[0m [34mDEBUG[0m [2methereum_transaction_pool_monitor::eth_client[0m[2m:[0m 📨 Received WebSocket message: {"jsonrpc":"2.0","method":"eth_subscription","params":{"subscription":"0xbed0a0851463e895960a451075a301a9","result":"0x34b7831fc96ca24ecc484fa63f4df9e8b1acc1014cd5fa702a890e47e0e9bbd0"}}
[2m2025-12-10T10:09:45.487223Z[0m [34mDEBUG[0m [2mhyper::proto::h1::conn[0m[2m:[0m incoming body is content-length (830 bytes)
[2m2025-12-10T10:09:45.487233Z[0m [34mDEBUG[0m [2methereum_transaction_pool_monitor::eth_client[0m[2m:[0m 📨 Received pending transaction: 0x34b7831fc96ca24ecc484fa63f4df9e8b1acc1014cd5fa702a890e47e0e9bbd0
[2m2025-12-10T10:09:45.487243Z[0m [34mDEBUG[0m [2mhyper::proto::h1::conn[0m[2m:[0m incoming body completed
[2m2025-12-10T10:09:45.487253Z[0m [34mDEBUG[0m [2mhyper::client::pool[0m[2m:[0m pooling idle connection for ("http", 192.168.0.14:8545)
[2m2025-12-10T10:09:45.487259Z[0m [34mDEBUG[0m [2methereum_transaction_pool_monitor::eth_client[0m[2m:[0m 📡 Transaction fetch RPC completed in 5.291084ms
[2m2025-12-10T10:09:45.492459Z[0m [34mDEBUG[0m [2methereum_transaction_pool_monitor::eth_client[0m[2m:[0m 📨 Received WebSocket message: {"jsonrpc":"2.0","method":"eth_subscription","params":{"subscription":"0xbed0a0851463e895960a451075a301a9","result":"0xc1bc53750bf75c05f1a5f1d18ad76970449651c00ab8f139144e47ae2401b0ac"}}
[2m2025-12-10T10:09:45.492468Z[0m [34mDEBUG[0m [2methereum_transaction_pool_monitor::eth_client[0m[2m:[0m 📨 Received pending transaction: 0xc1bc53750bf75c05f1a5f1d18ad76970449651c00ab8f139144e47ae2401b0ac
[2m2025-12-10T10:09:45.496681Z[0m [34mDEBUG[0m [2mhyper::client::pool[0m[2m:[0m reuse idle connection for ("http", 192.168.0.14:8545)
[2m2025-12-10T10:09:45.496703Z[0m [34mDEBUG[0m [2mhyper::proto::h1::io[0m[2m:[0m flushed 172 bytes
[2m2025-12-10T10:09:45.499676Z[0m [34mDEBUG[0m [2mhyper::proto::h1::io[0m[2m:[0m parsed 4 headers
[2m2025-12-10T10:09:45.499683Z[0m [34mDEBUG[0m [2mhyper::proto::h1::conn[0m[2m:[0m incoming body is content-length (45 bytes)
[2m2025-12-10T10:09:45.499689Z[0m [34mDEBUG[0m [2mhyper::proto::h1::conn[0m[2m:[0m incoming body completed
[2m2025-12-10T10:09:45.499696Z[0m [34mDEBUG[0m [2mhyper::client::pool[0m[2m:[0m pooling idle connection for ("http", 192.168.0.14:8545)
[2m2025-12-10T10:09:45.558566Z[0m [34mDEBUG[0m [2methereum_transaction_pool_monitor::eth_client[0m[2m:[0m ✅ Transaction 0x1ef2ec776d5ec837a6045bf0129f8175bb3db1cd3472d29102da2f42bb723000 fetched and parsed in 76.595709ms
[2m2025-12-10T10:09:45.558595Z[0m [34mDEBUG[0m [2methereum_transaction_pool_monitor::mempool_monitor[0m[2m:[0m 🔍 Skipping tx 0x1ef2ec776d5ec837a6045bf0129f8175bb3db1cd3472d29102da2f42bb723000 - not a DEX interaction (target: 0x3B4D794a66304F130a4Db8F2551B0070dfCf5ca7)
[2m2025-12-10T10:09:45.558607Z[0m [34mDEBUG[0m [2methereum_transaction_pool_monitor::mempool_monitor[0m[2m:[0m 📨 Processing new pending transaction: 0x755fe9e5a30e884962388aa3c29229c68efc5a044f3a4d68cda70572a7f9e197
[2m2025-12-10T10:09:45.558613Z[0m [34mDEBUG[0m [2methereum_transaction_pool_monitor::mempool_monitor[0m[2m:[0m 🔍 Fetching transaction details for: 0x755fe9e5a30e884962388aa3c29229c68efc5a044f3a4d68cda70572a7f9e197
[2m2025-12-10T10:09:45.558619Z[0m [34mDEBUG[0m [2methereum_transaction_pool_monitor::eth_client[0m[2m:[0m 🔍 Fetching transaction details for hash: 0x755fe9e5a30e884962388aa3c29229c68efc5a044f3a4d68cda70572a7f9e197
[2m2025-12-10T10:09:45.558637Z[0m [34mDEBUG[0m [2mhyper::client::pool[0m[2m:[0m reuse idle connection for ("http", 192.168.0.14:8545)
[2m2025-12-10T10:09:45.558680Z[0m [34mDEBUG[0m [2mhyper::proto::h1::io[0m[2m:[0m flushed 250 bytes
[2m2025-12-10T10:09:45.569227Z[0m [34mDEBUG[0m [2mhyper::proto::h1::io[0m[2m:[0m parsed 4 headers
[2m2025-12-10T10:09:45.569250Z[0m [34mDEBUG[0m [2mhyper::proto::h1::conn[0m[2m:[0m incoming body is content-length (830 bytes)
[2m2025-12-10T10:09:45.569274Z[0m [34mDEBUG[0m [2mhyper::proto::h1::conn[0m[2m:[0m incoming body completed
[2m2025-12-10T10:09:45.569285Z[0m [34mDEBUG[0m [2mhyper::client::pool[0m[2m:[0m pooling idle connection for ("http", 192.168.0.14:8545)
[2m2025-12-10T10:09:45.569304Z[0m [34mDEBUG[0m [2methereum_transaction_pool_monitor::eth_client[0m[2m:[0m 📡 Transaction fetch RPC completed in 10.678708ms
[2m2025-12-10T10:09:45.641138Z[0m [34mDEBUG[0m [2methereum_transaction_pool_monitor::eth_client[0m[2m:[0m ✅ Transaction 0x755fe9e5a30e884962388aa3c29229c68efc5a044f3a4d68cda70572a7f9e197 fetched and parsed in 82.510916ms
[2m2025-12-10T10:09:45.641163Z[0m [34mDEBUG[0m [2methereum_transaction_pool_monitor::mempool_monitor[0m[2m:[0m 🔍 Skipping tx 0x755fe9e5a30e884962388aa3c29229c68efc5a044f3a4d68cda70572a7f9e197 - not a DEX interaction (target: 0x3B4D794a66304F130a4Db8F2551B0070dfCf5ca7)
[2m2025-12-10T10:09:45.641174Z[0m [34mDEBUG[0m [2methereum_transaction_pool_monitor::mempool_monitor[0m[2m:[0m 📨 Processing new pending transaction: 0x6405aba9abd5fce78e7a319569e80ef2e21fc2d0bc12835f4980ae20195ec2c8
[2m2025-12-10T10:09:45.641181Z[0m [34mDEBUG[0m [2methereum_transaction_pool_monitor::mempool_monitor[0m[2m:[0m 🔍 Fetching transaction details for: 0x6405aba9abd5fce78e7a319569e80ef2e21fc2d0bc12835f4980ae20195ec2c8
[2m2025-12-10T10:09:45.641187Z[0m [34mDEBUG[0m [2methereum_transaction_pool_monitor::eth_client[0m[2m:[0m 🔍 Fetching transaction details for hash: 0x6405aba9abd5fce78e7a319569e80ef2e21fc2d0bc12835f4980ae20195ec2c8
[2m2025-12-10T10:09:45.641204Z[0m [34mDEBUG[0m [2mhyper::client::pool[0m[2m:[0m reuse idle connection for ("http", 192.168.0.14:8545)
[2m2025-12-10T10:09:45.641236Z[0m [34mDEBUG[0m [2mhyper::proto::h1::io[0m[2m:[0m flushed 250 bytes
[2m2025-12-10T10:09:45.641263Z[0m [34mDEBUG[0m [2mhyper::client::pool[0m[2m:[0m reuse idle connection for ("http", 192.168.0.14:8545)
[2m2025-12-10T10:09:45.641279Z[0m [34mDEBUG[0m [2mhyper::proto::h1::io[0m[2m:[0m flushed 172 bytes
[2m2025-12-10T10:09:45.647210Z[0m [34mDEBUG[0m [2mhyper::proto::h1::io[0m[2m:[0m parsed 4 headers
[2m2025-12-10T10:09:45.647217Z[0m [34mDEBUG[0m [2mhyper::proto::h1::conn[0m[2m:[0m incoming body is content-length (830 bytes)
[2m2025-12-10T10:09:45.647226Z[0m [34mDEBUG[0m [2mhyper::proto::h1::conn[0m[2m:[0m incoming body completed
[2m2025-12-10T10:09:45.647238Z[0m [34mDEBUG[0m [2mhyper::client::pool[0m[2m:[0m pooling idle connection for ("http", 192.168.0.14:8545)
[2m2025-12-10T10:09:45.647251Z[0m [34mDEBUG[0m [2methereum_transaction_pool_monitor::eth_client[0m[2m:[0m 📡 Transaction fetch RPC completed in 6.059667ms
[2m2025-12-10T10:09:45.718690Z[0m [34mDEBUG[0m [2methereum_transaction_pool_monitor::eth_client[0m[2m:[0m ✅ Transaction 0x6405aba9abd5fce78e7a319569e80ef2e21fc2d0bc12835f4980ae20195ec2c8 fetched and parsed in 77.496834ms
[2m2025-12-10T10:09:45.718716Z[0m [34mDEBUG[0m [2methereum_transaction_pool_monitor::mempool_monitor[0m[2m:[0m 🔍 Skipping tx 0x6405aba9abd5fce78e7a319569e80ef2e21fc2d0bc12835f4980ae20195ec2c8 - not a DEX interaction (target: 0x3B4D794a66304F130a4Db8F2551B0070dfCf5ca7)
[2m2025-12-10T10:09:45.718725Z[0m [34mDEBUG[0m [2methereum_transaction_pool_monitor::mempool_monitor[0m[2m:[0m 📨 Processing new pending transaction: 0xd52fc16053d7e8bd632a7ce56a61afe73c82724e1cdf0f8ca36050696858af01
[2m2025-12-10T10:09:45.718733Z[0m [34mDEBUG[0m [2methereum_transaction_pool_monitor::mempool_monitor[0m[2m:[0m 🔍 Fetching transaction details for: 0xd52fc16053d7e8bd632a7ce56a61afe73c82724e1cdf0f8ca36050696858af01
[2m2025-12-10T10:09:45.718738Z[0m [34mDEBUG[0m [2methereum_transaction_pool_monitor::eth_client[0m[2m:[0m 🔍 Fetching transaction details for hash: 0xd52fc16053d7e8bd632a7ce56a61afe73c82724e1cdf0f8ca36050696858af01
[2m2025-12-10T10:09:45.718754Z[0m [34mDEBUG[0m [2mhyper::client::pool[0m[2m:[0m reuse idle connection for ("http", 192.168.0.14:8545)
[2m2025-12-10T10:09:45.718793Z[0m [34mDEBUG[0m [2mhyper::proto::h1::io[0m[2m:[0m flushed 250 bytes
[2m2025-12-10T10:09:45.718810Z[0m [34mDEBUG[0m [2mhyper::proto::h1::io[0m[2m:[0m parsed 4 headers
[2m2025-12-10T10:09:45.718814Z[0m [34mDEBUG[0m [2mhyper::proto::h1::conn[0m[2m:[0m incoming body is content-length (45 bytes)
[2m2025-12-10T10:09:45.718820Z[0m [34mDEBUG[0m [2mhyper::proto::h1::conn[0m[2m:[0m incoming body completed
[2m2025-12-10T10:09:45.718831Z[0m [34mDEBUG[0m [2mhyper::client::pool[0m[2m:[0m pooling idle connection for ("http", 192.168.0.14:8545)
[2m2025-12-10T10:09:45.718846Z[0m [34mDEBUG[0m [2mhyper::client::pool[0m[2m:[0m reuse idle connection for ("http", 192.168.0.14:8545)
[2m2025-12-10T10:09:45.718861Z[0m [34mDEBUG[0m [2mhyper::proto::h1::io[0m[2m:[0m flushed 172 bytes
[2m2025-12-10T10:09:45.723351Z[0m [34mDEBUG[0m [2mhyper::proto::h1::io[0m[2m:[0m parsed 4 headers
[2m2025-12-10T10:09:45.723359Z[0m [34mDEBUG[0m [2mhyper::proto::h1::conn[0m[2m:[0m incoming body is content-length (830 bytes)
[2m2025-12-10T10:09:45.723366Z[0m [34mDEBUG[0m [2mhyper::proto::h1::conn[0m[2m:[0m incoming body completed
[2m2025-12-10T10:09:45.723373Z[0m [34mDEBUG[0m [2mhyper::client::pool[0m[2m:[0m pooling idle connection for ("http", 192.168.0.14:8545)
[2m2025-12-10T10:09:45.723383Z[0m [34mDEBUG[0m [2methereum_transaction_pool_monitor::eth_client[0m[2m:[0m 📡 Transaction fetch RPC completed in 4.639875ms
[2m2025-12-10T10:09:45.795231Z[0m [34mDEBUG[0m [2methereum_transaction_pool_monitor::eth_client[0m[2m:[0m ✅ Transaction 0xd52fc16053d7e8bd632a7ce56a61afe73c82724e1cdf0f8ca36050696858af01 fetched and parsed in 76.48575ms
[2m2025-12-10T10:09:45.795256Z[0m [34mDEBUG[0m [2methereum_transaction_pool_monitor::mempool_monitor[0m[2m:[0m 🔍 Skipping tx 0xd52fc16053d7e8bd632a7ce56a61afe73c82724e1cdf0f8ca36050696858af01 - not a DEX interaction (target: 0x3B4D794a66304F130a4Db8F2551B0070dfCf5ca7)
[2m2025-12-10T10:09:45.795266Z[0m [34mDEBUG[0m [2methereum_transaction_pool_monitor::mempool_monitor[0m[2m:[0m 📨 Processing new pending transaction: 0x3b523386977a3bddc0486eab71c445f5c6ba4634ece8acc313043c9b357e1724
[2m2025-12-10T10:09:45.795274Z[0m [34mDEBUG[0m [2methereum_transaction_pool_monitor::mempool_monitor[0m[2m:[0m 🔍 Fetching transaction details for: 0x3b523386977a3bddc0486eab71c445f5c6ba4634ece8acc313043c9b357e1724
[2m2025-12-10T10:09:45.795280Z[0m [34mDEBUG[0m [2methereum_transaction_pool_monitor::eth_client[0m[2m:[0m 🔍 Fetching transaction details for hash: 0x3b523386977a3bddc0486eab71c445f5c6ba4634ece8acc313043c9b357e1724
[2m2025-12-10T10:09:45.795296Z[0m [34mDEBUG[0m [2mhyper::client::pool[0m[2m:[0m reuse idle connection for ("http", 192.168.0.14:8545)
[2m2025-12-10T10:09:45.795337Z[0m [34mDEBUG[0m [2mhyper::proto::h1::io[0m[2m:[0m flushed 250 bytes
[2m2025-12-10T10:09:45.795359Z[0m [34mDEBUG[0m [2methereum_transaction_pool_monitor::eth_client[0m[2m:[0m 📨 Received WebSocket message: {"jsonrpc":"2.0","method":"eth_subscription","params":{"subscription":"0xbed0a0851463e895960a451075a301a9","result":"0x0c4fedc79922ae63506558669a1a700d61f7a1dc495b5b3fa29bca551be87d8b"}}
[2m2025-12-10T10:09:45.795365Z[0m [34mDEBUG[0m [2mhyper::proto::h1::io[0m[2m:[0m parsed 4 headers
[2m2025-12-10T10:09:45.795375Z[0m [34mDEBUG[0m [2mhyper::proto::h1::conn[0m[2m:[0m incoming body is content-length (45 bytes)
[2m2025-12-10T10:09:45.795367Z[0m [34mDEBUG[0m [2methereum_transaction_pool_monitor::eth_client[0m[2m:[0m 📨 Received pending transaction: 0x0c4fedc79922ae63506558669a1a700d61f7a1dc495b5b3fa29bca551be87d8b
[2m2025-12-10T10:09:45.795384Z[0m [34mDEBUG[0m [2mhyper::proto::h1::conn[0m[2m:[0m incoming body completed
[2m2025-12-10T10:09:45.795394Z[0m [34mDEBUG[0m [2mhyper::client::pool[0m[2m:[0m pooling idle connection for ("http", 192.168.0.14:8545)
[2m2025-12-10T10:09:45.796565Z[0m [34mDEBUG[0m [2mhyper::client::pool[0m[2m:[0m reuse idle connection for ("http", 192.168.0.14:8545)
[2m2025-12-10T10:09:45.796616Z[0m [34mDEBUG[0m [2mhyper::proto::h1::io[0m[2m:[0m flushed 172 bytes
[2m2025-12-10T10:09:45.820845Z[0m [34mDEBUG[0m [2mhyper::proto::h1::io[0m[2m:[0m parsed 4 headers
[2m2025-12-10T10:09:45.820868Z[0m [34mDEBUG[0m [2mhyper::proto::h1::conn[0m[2m:[0m incoming body is content-length (2322 bytes)
[2m2025-12-10T10:09:45.820879Z[0m [34mDEBUG[0m [2mhyper::proto::h1::conn[0m[2m:[0m incoming body completed
[2m2025-12-10T10:09:45.820901Z[0m [34mDEBUG[0m [2mhyper::client::pool[0m[2m:[0m pooling idle connection for ("http", 192.168.0.14:8545)
[2m2025-12-10T10:09:45.820909Z[0m [34mDEBUG[0m [2methereum_transaction_pool_monitor::eth_client[0m[2m:[0m 📡 Transaction fetch RPC completed in 25.624ms
[2m2025-12-10T10:09:45.892507Z[0m [34mDEBUG[0m [2methereum_transaction_pool_monitor::eth_client[0m[2m:[0m ✅ Transaction 0x3b523386977a3bddc0486eab71c445f5c6ba4634ece8acc313043c9b357e1724 fetched and parsed in 97.219625ms
[2m2025-12-10T10:09:45.892534Z[0m [34mDEBUG[0m [2methereum_transaction_pool_monitor::mempool_monitor[0m[2m:[0m 🔍 Skipping tx 0x3b523386977a3bddc0486eab71c445f5c6ba4634ece8acc313043c9b357e1724 - not a DEX interaction (target: 0x66a9893cC07D91D95644AEDD05D03f95e1dBA8Af)
[2m2025-12-10T10:09:45.892546Z[0m [34mDEBUG[0m [2methereum_transaction_pool_monitor::mempool_monitor[0m[2m:[0m 📨 Processing new pending transaction: 0xfdf6a797e0638a709f00af0d57c5b1cb72c4e74c7018fcad8ec2f27f79e96bb9
[2m2025-12-10T10:09:45.892558Z[0m [34mDEBUG[0m [2methereum_transaction_pool_monitor::mempool_monitor[0m[2m:[0m 🔍 Fetching transaction details for: 0xfdf6a797e0638a709f00af0d57c5b1cb72c4e74c7018fcad8ec2f27f79e96bb9
[2m2025-12-10T10:09:45.892567Z[0m [34mDEBUG[0m [2methereum_transaction_pool_monitor::eth_client[0m[2m:[0m 🔍 Fetching transaction details for hash: 0xfdf6a797e0638a709f00af0d57c5b1cb72c4e74c7018fcad8ec2f27f79e96bb9
[2m2025-12-10T10:09:45.892591Z[0m [34mDEBUG[0m [2mhyper::client::pool[0m[2m:[0m reuse idle connection for ("http", 192.168.0.14:8545)
[2m2025-12-10T10:09:45.892621Z[0m [34mDEBUG[0m [2mhyper::proto::h1::io[0m[2m:[0m flushed 250 bytes
[2m2025-12-10T10:09:45.892641Z[0m [34mDEBUG[0m [2mhyper::proto::h1::io[0m[2m:[0m parsed 4 headers
[2m2025-12-10T10:09:45.892646Z[0m [34mDEBUG[0m [2mhyper::proto::h1::conn[0m[2m:[0m incoming body is content-length (45 bytes)
[2m2025-12-10T10:09:45.892654Z[0m [34mDEBUG[0m [2mhyper::proto::h1::conn[0m[2m:[0m incoming body completed
[2m2025-12-10T10:09:45.892664Z[0m [34mDEBUG[0m [2mhyper::client::pool[0m[2m:[0m pooling idle connection for ("http", 192.168.0.14:8545)
[2m2025-12-10T10:09:45.897193Z[0m [34mDEBUG[0m [2mhyper::client::pool[0m[2m:[0m reuse idle connection for ("http", 192.168.0.14:8545)
[2m2025-12-10T10:09:45.897214Z[0m [34mDEBUG[0m [2mhyper::proto::h1::io[0m[2m:[0m flushed 172 bytes
[2m2025-12-10T10:09:45.903002Z[0m [34mDEBUG[0m [2mhyper::proto::h1::io[0m[2m:[0m parsed 4 headers
[2m2025-12-10T10:09:45.903026Z[0m [34mDEBUG[0m [2mhyper::proto::h1::conn[0m[2m:[0m incoming body is content-length (553 bytes)
[2m2025-12-10T10:09:45.903036Z[0m [34mDEBUG[0m [2mhyper::proto::h1::conn[0m[2m:[0m incoming body completed
[2m2025-12-10T10:09:45.903057Z[0m [34mDEBUG[0m [2mhyper::client::pool[0m[2m:[0m pooling idle connection for ("http", 192.168.0.14:8545)
[2m2025-12-10T10:09:45.903063Z[0m [34mDEBUG[0m [2methereum_transaction_pool_monitor::eth_client[0m[2m:[0m 📡 Transaction fetch RPC completed in 10.488792ms
[2m2025-12-10T10:09:45.976054Z[0m [34mDEBUG[0m [2methereum_transaction_pool_monitor::eth_client[0m[2m:[0m ✅ Transaction 0xfdf6a797e0638a709f00af0d57c5b1cb72c4e74c7018fcad8ec2f27f79e96bb9 fetched and parsed in 83.477584ms
[2m2025-12-10T10:09:45.976073Z[0m [34mDEBUG[0m [2methereum_transaction_pool_monitor::mempool_monitor[0m[2m:[0m 🔍 Skipping tx 0xfdf6a797e0638a709f00af0d57c5b1cb72c4e74c7018fcad8ec2f27f79e96bb9 - not a DEX interaction (target: 0xD3A9d7F2337D1ff5B6A34469052757Ac2F271362)
[2m2025-12-10T10:09:45.976082Z[0m [34mDEBUG[0m [2methereum_transaction_pool_monitor::mempool_monitor[0m[2m:[0m 📨 Processing new pending transaction: 0x1f97a3203fd51294510e6eedc91135159e00e92aa96158050ea84ca965206039
[2m2025-12-10T10:09:45.976088Z[0m [34mDEBUG[0m [2methereum_transaction_pool_monitor::mempool_monitor[0m[2m:[0m 🔍 Fetching transaction details for: 0x1f97a3203fd51294510e6eedc91135159e00e92aa96158050ea84ca965206039
[2m2025-12-10T10:09:45.976092Z[0m [34mDEBUG[0m [2methereum_transaction_pool_monitor::eth_client[0m[2m:[0m 🔍 Fetching transaction details for hash: 0x1f97a3203fd51294510e6eedc91135159e00e92aa96158050ea84ca965206039
[2m2025-12-10T10:09:45.976108Z[0m [34mDEBUG[0m [2mhyper::client::pool[0m[2m:[0m reuse idle connection for ("http", 192.168.0.14:8545)
[2m2025-12-10T10:09:45.976145Z[0m [34mDEBUG[0m [2mhyper::proto::h1::io[0m[2m:[0m flushed 250 bytes
[2m2025-12-10T10:09:45.976158Z[0m [34mDEBUG[0m [2mhyper::proto::h1::io[0m[2m:[0m parsed 4 headers
[2m2025-12-10T10:09:45.976162Z[0m [34mDEBUG[0m [2mhyper::proto::h1::conn[0m[2m:[0m incoming body is content-length (45 bytes)
[2m2025-12-10T10:09:45.976169Z[0m [34mDEBUG[0m [2mhyper::proto::h1::conn[0m[2m:[0m incoming body completed
[2m2025-12-10T10:09:45.976177Z[0m [34mDEBUG[0m [2mhyper::client::pool[0m[2m:[0m pooling idle connection for ("http", 192.168.0.14:8545)
[2m2025-12-10T10:09:45.980185Z[0m [34mDEBUG[0m [2mhyper::proto::h1::io[0m[2m:[0m parsed 4 headers
[2m2025-12-10T10:09:45.980192Z[0m [34mDEBUG[0m [2mhyper::proto::h1::conn[0m[2m:[0m incoming body is content-length (766 bytes)
[2m2025-12-10T10:09:45.980198Z[0m [34mDEBUG[0m [2mhyper::proto::h1::conn[0m[2m:[0m incoming body completed
[2m2025-12-10T10:09:45.980205Z[0m [34mDEBUG[0m [2mhyper::client::pool[0m[2m:[0m pooling idle connection for ("http", 192.168.0.14:8545)
[2m2025-12-10T10:09:45.980210Z[0m [34mDEBUG[0m [2methereum_transaction_pool_monitor::eth_client[0m[2m:[0m 📡 Transaction fetch RPC completed in 4.113792ms
[2m2025-12-10T10:09:46.051599Z[0m [34mDEBUG[0m [2methereum_transaction_pool_monitor::eth_client[0m[2m:[0m ✅ Transaction 0x1f97a3203fd51294510e6eedc91135159e00e92aa96158050ea84ca965206039 fetched and parsed in 75.499625ms
[2m2025-12-10T10:09:46.051627Z[0m [34mDEBUG[0m [2methereum_transaction_pool_monitor::mempool_monitor[0m[2m:[0m 🔍 Skipping tx 0x1f97a3203fd51294510e6eedc91135159e00e92aa96158050ea84ca965206039 - not a DEX interaction (target: 0x904567252D8F48555b7447c67dCA23F0372E16be)
[2m2025-12-10T10:09:46.051639Z[0m [34mDEBUG[0m [2methereum_transaction_pool_monitor::mempool_monitor[0m[2m:[0m 📨 Processing new pending transaction: 0xc788df0cccf2898207273a840e74f77e98d74f4a2a7bc01dfb4528818c7b49dc
[2m2025-12-10T10:09:46.051646Z[0m [34mDEBUG[0m [2methereum_transaction_pool_monitor::mempool_monitor[0m[2m:[0m 🔍 Fetching transaction details for: 0xc788df0cccf2898207273a840e74f77e98d74f4a2a7bc01dfb4528818c7b49dc
[2m2025-12-10T10:09:46.051652Z[0m [34mDEBUG[0m [2methereum_transaction_pool_monitor::eth_client[0m[2m:[0m 🔍 Fetching transaction details for hash: 0xc788df0cccf2898207273a840e74f77e98d74f4a2a7bc01dfb4528818c7b49dc
[2m2025-12-10T10:09:46.051672Z[0m [34mDEBUG[0m [2mhyper::client::pool[0m[2m:[0m reuse idle connection for ("http", 192.168.0.14:8545)
[2m2025-12-10T10:09:46.051708Z[0m [34mDEBUG[0m [2mhyper::proto::h1::io[0m[2m:[0m flushed 250 bytes
[2m2025-12-10T10:09:46.051727Z[0m [34mDEBUG[0m [2mhyper::client::pool[0m[2m:[0m reuse idle connection for ("http", 192.168.0.14:8545)
[2m2025-12-10T10:09:46.051742Z[0m [34mDEBUG[0m [2mhyper::proto::h1::io[0m[2m:[0m flushed 172 bytes
[2m2025-12-10T10:09:46.051770Z[0m [34mDEBUG[0m [2methereum_transaction_pool_monitor::eth_client[0m[2m:[0m 📨 Received WebSocket message: {"jsonrpc":"2.0","method":"eth_subscription","params":{"subscription":"0xbed0a0851463e895960a451075a301a9","result":"0x056db590afc5fa70cf7840b44844720d5700ecc5e4b657980b99d7b8683c900f"}}
[2m2025-12-10T10:09:46.051781Z[0m [34mDEBUG[0m [2methereum_transaction_pool_monitor::eth_client[0m[2m:[0m 📨 Received pending transaction: 0x056db590afc5fa70cf7840b44844720d5700ecc5e4b657980b99d7b8683c900f
[2m2025-12-10T10:09:46.057663Z[0m [34mDEBUG[0m [2mhyper::proto::h1::io[0m[2m:[0m parsed 4 headers
[2m2025-12-10T10:09:46.057673Z[0m [34mDEBUG[0m [2mhyper::proto::h1::conn[0m[2m:[0m incoming body is content-length (45 bytes)
[2m2025-12-10T10:09:46.057680Z[0m [34mDEBUG[0m [2mhyper::proto::h1::conn[0m[2m:[0m incoming body completed
[2m2025-12-10T10:09:46.057691Z[0m [34mDEBUG[0m [2mhyper::client::pool[0m[2m:[0m pooling idle connection for ("http", 192.168.0.14:8545)
[2m2025-12-10T10:09:46.057708Z[0m [34mDEBUG[0m [2mhyper::proto::h1::io[0m[2m:[0m parsed 4 headers
[2m2025-12-10T10:09:46.057712Z[0m [34mDEBUG[0m [2mhyper::proto::h1::conn[0m[2m:[0m incoming body is content-length (645 bytes)
[2m2025-12-10T10:09:46.057718Z[0m [34mDEBUG[0m [2mhyper::proto::h1::conn[0m[2m:[0m incoming body completed
[2m2025-12-10T10:09:46.057726Z[0m [34mDEBUG[0m [2mhyper::client::pool[0m[2m:[0m pooling idle connection for ("http", 192.168.0.14:8545)
[2m2025-12-10T10:09:46.057731Z[0m [34mDEBUG[0m [2methereum_transaction_pool_monitor::eth_client[0m[2m:[0m 📡 Transaction fetch RPC completed in 6.073542ms
[2m2025-12-10T10:09:46.129382Z[0m [34mDEBUG[0m [2methereum_transaction_pool_monitor::eth_client[0m[2m:[0m ✅ Transaction 0xc788df0cccf2898207273a840e74f77e98d74f4a2a7bc01dfb4528818c7b49dc fetched and parsed in 77.721875ms
[2m2025-12-10T10:09:46.129413Z[0m [34mDEBUG[0m [2methereum_transaction_pool_monitor::mempool_monitor[0m[2m:[0m 🔍 Skipping tx 0xc788df0cccf2898207273a840e74f77e98d74f4a2a7bc01dfb4528818c7b49dc - not a DEX interaction (target: 0x1C7197554CEcE09c10DA8E317F531093dAc50C78)
[2m2025-12-10T10:09:46.129424Z[0m [34mDEBUG[0m [2methereum_transaction_pool_monitor::mempool_monitor[0m[2m:[0m 📨 Processing new pending transaction: 0x652a338d8ff0d13948ccf1d2b1a31d4f8262509f84b5317153d0c4266d1fcdfa
[2m2025-12-10T10:09:46.129431Z[0m [34mDEBUG[0m [2methereum_transaction_pool_monitor::mempool_monitor[0m[2m:[0m 🔍 Fetching transaction details for: 0x652a338d8ff0d13948ccf1d2b1a31d4f8262509f84b5317153d0c4266d1fcdfa
[2m2025-12-10T10:09:46.129438Z[0m [34mDEBUG[0m [2methereum_transaction_pool_monitor::eth_client[0m[2m:[0m 🔍 Fetching transaction details for hash: 0x652a338d8ff0d13948ccf1d2b1a31d4f8262509f84b5317153d0c4266d1fcdfa
[2m2025-12-10T10:09:46.129458Z[0m [34mDEBUG[0m [2mhyper::client::pool[0m[2m:[0m reuse idle connection for ("http", 192.168.0.14:8545)
[2m2025-12-10T10:09:46.129505Z[0m [34mDEBUG[0m [2mhyper::proto::h1::io[0m[2m:[0m flushed 250 bytes
[2m2025-12-10T10:09:46.129546Z[0m [34mDEBUG[0m [2mhyper::client::pool[0m[2m:[0m reuse idle connection for ("http", 192.168.0.14:8545)
[2m2025-12-10T10:09:46.129567Z[0m [34mDEBUG[0m [2mhyper::proto::h1::io[0m[2m:[0m flushed 172 bytes
[2m2025-12-10T10:09:46.135585Z[0m [34mDEBUG[0m [2mhyper::proto::h1::io[0m[2m:[0m parsed 4 headers
[2m2025-12-10T10:09:46.135592Z[0m [34mDEBUG[0m [2mhyper::proto::h1::conn[0m[2m:[0m incoming body is content-length (644 bytes)
[2m2025-12-10T10:09:46.135602Z[0m [34mDEBUG[0m [2mhyper::proto::h1::conn[0m[2m:[0m incoming body completed
[2m2025-12-10T10:09:46.135617Z[0m [34mDEBUG[0m [2mhyper::client::pool[0m[2m:[0m pooling idle connection for ("http", 192.168.0.14:8545)
[2m2025-12-10T10:09:46.135627Z[0m [34mDEBUG[0m [2methereum_transaction_pool_monitor::eth_client[0m[2m:[0m 📡 Transaction fetch RPC completed in 6.185083ms
[2m2025-12-10T10:09:46.207477Z[0m [34mDEBUG[0m [2methereum_transaction_pool_monitor::eth_client[0m[2m:[0m ✅ Transaction 0x652a338d8ff0d13948ccf1d2b1a31d4f8262509f84b5317153d0c4266d1fcdfa fetched and parsed in 78.033166ms
[2m2025-12-10T10:09:46.207507Z[0m [34mDEBUG[0m [2methereum_transaction_pool_monitor::mempool_monitor[0m[2m:[0m 🔍 Skipping tx 0x652a338d8ff0d13948ccf1d2b1a31d4f8262509f84b5317153d0c4266d1fcdfa - not a DEX interaction (target: 0x17E5545B11b468072283Cee1F066a059Fb0dbF24)
[2m2025-12-10T10:09:46.207518Z[0m [34mDEBUG[0m [2methereum_transaction_pool_monitor::mempool_monitor[0m[2m:[0m 📨 Processing new pending transaction: 0x30d9fff878f6ab41e0698675041fa3aa7fadc40d4cb95ef9e171f8f92f5b240e
[2m2025-12-10T10:09:46.207526Z[0m [34mDEBUG[0m [2methereum_transaction_pool_monitor::mempool_monitor[0m[2m:[0m 🔍 Fetching transaction details for: 0x30d9fff878f6ab41e0698675041fa3aa7fadc40d4cb95ef9e171f8f92f5b240e
[2m2025-12-10T10:09:46.207533Z[0m [34mDEBUG[0m [2methereum_transaction_pool_monitor::eth_client[0m[2m:[0m 🔍 Fetching transaction details for hash: 0x30d9fff878f6ab41e0698675041fa3aa7fadc40d4cb95ef9e171f8f92f5b240e
[2m2025-12-10T10:09:46.207552Z[0m [34mDEBUG[0m [2mhyper::client::pool[0m[2m:[0m reuse idle connection for ("http", 192.168.0.14:8545)
[2m2025-12-10T10:09:46.207602Z[0m [34mDEBUG[0m [2mhyper::proto::h1::io[0m[2m:[0m flushed 250 bytes
[2m2025-12-10T10:09:46.207630Z[0m [34mDEBUG[0m [2methereum_transaction_pool_monitor::eth_client[0m[2m:[0m 📨 Received WebSocket message: {"jsonrpc":"2.0","method":"eth_subscription","params":{"subscription":"0xbed0a0851463e895960a451075a301a9","result":"0x042bfffd838b6d5d8bd0d634d675dfcd5f57c3bfa0cacbc8ee040884ff924c87"}}
[2m2025-12-10T10:09:46.207644Z[0m [34mDEBUG[0m [2methereum_transaction_pool_monitor::eth_client[0m[2m:[0m 📨 Received pending transaction: 0x042bfffd838b6d5d8bd0d634d675dfcd5f57c3bfa0cacbc8ee040884ff924c87
[2m2025-12-10T10:09:46.207679Z[0m [34mDEBUG[0m [2mhyper::proto::h1::io[0m[2m:[0m parsed 4 headers
[2m2025-12-10T10:09:46.207687Z[0m [34mDEBUG[0m [2mhyper::proto::h1::conn[0m[2m:[0m incoming body is content-length (45 bytes)
[2m2025-12-10T10:09:46.207697Z[0m [34mDEBUG[0m [2mhyper::proto::h1::conn[0m[2m:[0m incoming body completed
[2m2025-12-10T10:09:46.207707Z[0m [34mDEBUG[0m [2mhyper::client::pool[0m[2m:[0m pooling idle connection for ("http", 192.168.0.14:8545)
[2m2025-12-10T10:09:46.207723Z[0m [34mDEBUG[0m [2mhyper::client::pool[0m[2m:[0m reuse idle connection for ("http", 192.168.0.14:8545)
[2m2025-12-10T10:09:46.207739Z[0m [34mDEBUG[0m [2mhyper::proto::h1::io[0m[2m:[0m flushed 172 bytes
[2m2025-12-10T10:09:46.211405Z[0m [34mDEBUG[0m [2mhyper::proto::h1::io[0m[2m:[0m parsed 4 headers
[2m2025-12-10T10:09:46.211418Z[0m [34mDEBUG[0m [2mhyper::proto::h1::conn[0m[2m:[0m incoming body is content-length (553 bytes)
[2m2025-12-10T10:09:46.211426Z[0m [34mDEBUG[0m [2mhyper::proto::h1::conn[0m[2m:[0m incoming body completed
[2m2025-12-10T10:09:46.211435Z[0m [34mDEBUG[0m [2mhyper::client::pool[0m[2m:[0m pooling idle connection for ("http", 192.168.0.14:8545)
[2m2025-12-10T10:09:46.211445Z[0m [34mDEBUG[0m [2methereum_transaction_pool_monitor::eth_client[0m[2m:[0m 📡 Transaction fetch RPC completed in 3.906875ms
[2m2025-12-10T10:09:46.283092Z[0m [34mDEBUG[0m [2methereum_transaction_pool_monitor::eth_client[0m[2m:[0m ✅ Transaction 0x30d9fff878f6ab41e0698675041fa3aa7fadc40d4cb95ef9e171f8f92f5b240e fetched and parsed in 75.551375ms
[2m2025-12-10T10:09:46.283119Z[0m [34mDEBUG[0m [2methereum_transaction_pool_monitor::mempool_monitor[0m[2m:[0m 🔍 Skipping tx 0x30d9fff878f6ab41e0698675041fa3aa7fadc40d4cb95ef9e171f8f92f5b240e - not a DEX interaction (target: 0x88254f51D0c95bce1598a4bCe226287C417C7eAa)
[2m2025-12-10T10:09:46.283129Z[0m [34mDEBUG[0m [2methereum_transaction_pool_monitor::mempool_monitor[0m[2m:[0m 📨 Processing new pending transaction: 0xcfccbdf58787d95e8175d24c018b0e2adfef5b654645ac5c18c957af7ad14e87
[2m2025-12-10T10:09:46.283137Z[0m [34mDEBUG[0m [2methereum_transaction_pool_monitor::mempool_monitor[0m[2m:[0m 🔍 Fetching transaction details for: 0xcfccbdf58787d95e8175d24c018b0e2adfef5b654645ac5c18c957af7ad14e87
[2m2025-12-10T10:09:46.283143Z[0m [34mDEBUG[0m [2methereum_transaction_pool_monitor::eth_client[0m[2m:[0m 🔍 Fetching transaction details for hash: 0xcfccbdf58787d95e8175d24c018b0e2adfef5b654645ac5c18c957af7ad14e87
[2m2025-12-10T10:09:46.283161Z[0m [34mDEBUG[0m [2mhyper::client::pool[0m[2m:[0m reuse idle connection for ("http", 192.168.0.14:8545)
[2m2025-12-10T10:09:46.283206Z[0m [34mDEBUG[0m [2mhyper::proto::h1::io[0m[2m:[0m flushed 250 bytes
[2m2025-12-10T10:09:46.283222Z[0m [34mDEBUG[0m [2mhyper::proto::h1::io[0m[2m:[0m parsed 4 headers
[2m2025-12-10T10:09:46.283227Z[0m [34mDEBUG[0m [2mhyper::proto::h1::conn[0m[2m:[0m incoming body is content-length (45 bytes)
[2m2025-12-10T10:09:46.283233Z[0m [34mDEBUG[0m [2mhyper::proto::h1::conn[0m[2m:[0m incoming body completed
[2m2025-12-10T10:09:46.283242Z[0m [34mDEBUG[0m [2mhyper::client::pool[0m[2m:[0m pooling idle connection for ("http", 192.168.0.14:8545)
[2m2025-12-10T10:09:46.288863Z[0m [34mDEBUG[0m [2mhyper::proto::h1::io[0m[2m:[0m parsed 4 headers
[2m2025-12-10T10:09:46.288871Z[0m [34mDEBUG[0m [2mhyper::proto::h1::conn[0m[2m:[0m incoming body is content-length (553 bytes)
[2m2025-12-10T10:09:46.288877Z[0m [34mDEBUG[0m [2mhyper::proto::h1::conn[0m[2m:[0m incoming body completed
[2m2025-12-10T10:09:46.288886Z[0m [34mDEBUG[0m [2mhyper::client::pool[0m[2m:[0m pooling idle connection for ("http", 192.168.0.14:8545)
[2m2025-12-10T10:09:46.288892Z[0m [34mDEBUG[0m [2methereum_transaction_pool_monitor::eth_client[0m[2m:[0m 📡 Transaction fetch RPC completed in 5.743958ms
[2m2025-12-10T10:09:46.360518Z[0m [34mDEBUG[0m [2methereum_transaction_pool_monitor::eth_client[0m[2m:[0m ✅ Transaction 0xcfccbdf58787d95e8175d24c018b0e2adfef5b654645ac5c18c957af7ad14e87 fetched and parsed in 77.368042ms
[2m2025-12-10T10:09:46.360547Z[0m [34mDEBUG[0m [2methereum_transaction_pool_monitor::mempool_monitor[0m[2m:[0m 🔍 Skipping tx 0xcfccbdf58787d95e8175d24c018b0e2adfef5b654645ac5c18c957af7ad14e87 - not a DEX interaction (target: 0x697687CC0d7DE59C53bf4002134De87Fd6e87e7E)
[2m2025-12-10T10:09:46.360558Z[0m [34mDEBUG[0m [2methereum_transaction_pool_monitor::mempool_monitor[0m[2m:[0m 📨 Processing new pending transaction: 0x6b948b683f2580a7a0b892076968bbcdd88cb14727c1c59b3293eadcc6c168e5
[2m2025-12-10T10:09:46.360564Z[0m [34mDEBUG[0m [2methereum_transaction_pool_monitor::mempool_monitor[0m[2m:[0m 🔍 Fetching transaction details for: 0x6b948b683f2580a7a0b892076968bbcdd88cb14727c1c59b3293eadcc6c168e5
[2m2025-12-10T10:09:46.360569Z[0m [34mDEBUG[0m [2methereum_transaction_pool_monitor::eth_client[0m[2m:[0m 🔍 Fetching transaction details for hash: 0x6b948b683f2580a7a0b892076968bbcdd88cb14727c1c59b3293eadcc6c168e5
[2m2025-12-10T10:09:46.360587Z[0m [34mDEBUG[0m [2mhyper::client::pool[0m[2m:[0m reuse idle connection for ("http", 192.168.0.14:8545)
[2m2025-12-10T10:09:46.360634Z[0m [34mDEBUG[0m [2mhyper::proto::h1::io[0m[2m:[0m flushed 250 bytes
[2m2025-12-10T10:09:46.360670Z[0m [34mDEBUG[0m [2mhyper::client::pool[0m[2m:[0m reuse idle connection for ("http", 192.168.0.14:8545)
[2m2025-12-10T10:09:46.360688Z[0m [34mDEBUG[0m [2mhyper::proto::h1::io[0m[2m:[0m flushed 172 bytes
[2m2025-12-10T10:09:46.364992Z[0m [34mDEBUG[0m [2mhyper::proto::h1::io[0m[2m:[0m parsed 4 headers
[2m2025-12-10T10:09:46.365000Z[0m [34mDEBUG[0m [2mhyper::proto::h1::conn[0m[2m:[0m incoming body is content-length (45 bytes)
[2m2025-12-10T10:09:46.365008Z[0m [34mDEBUG[0m [2mhyper::proto::h1::conn[0m[2m:[0m incoming body completed
[2m2025-12-10T10:09:46.365016Z[0m [34mDEBUG[0m [2mhyper::client::pool[0m[2m:[0m pooling idle connection for ("http", 192.168.0.14:8545)
[2m2025-12-10T10:09:46.369296Z[0m [34mDEBUG[0m [2mhyper::proto::h1::io[0m[2m:[0m parsed 4 headers
[2m2025-12-10T10:09:46.369306Z[0m [34mDEBUG[0m [2mhyper::proto::h1::conn[0m[2m:[0m incoming body is content-length (771 bytes)
[2m2025-12-10T10:09:46.369312Z[0m [34mDEBUG[0m [2mhyper::proto::h1::conn[0m[2m:[0m incoming body completed
[2m2025-12-10T10:09:46.369319Z[0m [34mDEBUG[0m [2mhyper::client::pool[0m[2m:[0m pooling idle connection for ("http", 192.168.0.14:8545)
[2m2025-12-10T10:09:46.369325Z[0m [34mDEBUG[0m [2methereum_transaction_pool_monitor::eth_client[0m[2m:[0m 📡 Transaction fetch RPC completed in 8.750625ms
[2m2025-12-10T10:09:46.441301Z[0m [34mDEBUG[0m [2methereum_transaction_pool_monitor::eth_client[0m[2m:[0m ✅ Transaction 0x6b948b683f2580a7a0b892076968bbcdd88cb14727c1c59b3293eadcc6c168e5 fetched and parsed in 80.723791ms
[2m2025-12-10T10:09:46.441330Z[0m [34mDEBUG[0m [2methereum_transaction_pool_monitor::mempool_monitor[0m[2m:[0m 🔍 Skipping tx 0x6b948b683f2580a7a0b892076968bbcdd88cb14727c1c59b3293eadcc6c168e5 - not a DEX interaction (target: 0xA0b86991c6218b36c1d19D4a2e9Eb0cE3606eB48)
[2m2025-12-10T10:09:46.441341Z[0m [34mDEBUG[0m [2methereum_transaction_pool_monitor::mempool_monitor[0m[2m:[0m 📨 Processing new pending transaction: 0x7786679311491fdb475c7391a343a392a92be067765cc1992ec2a86599f243ba
[2m2025-12-10T10:09:46.441348Z[0m [34mDEBUG[0m [2methereum_transaction_pool_monitor::mempool_monitor[0m[2m:[0m 🔍 Fetching transaction details for: 0x7786679311491fdb475c7391a343a392a92be067765cc1992ec2a86599f243ba
[2m2025-12-10T10:09:46.441354Z[0m [34mDEBUG[0m [2methereum_transaction_pool_monitor::eth_client[0m[2m:[0m 🔍 Fetching transaction details for hash: 0x7786679311491fdb475c7391a343a392a92be067765cc1992ec2a86599f243ba
[2m2025-12-10T10:09:46.441372Z[0m [34mDEBUG[0m [2mhyper::client::pool[0m[2m:[0m reuse idle connection for ("http", 192.168.0.14:8545)
[2m2025-12-10T10:09:46.441416Z[0m [34mDEBUG[0m [2mhyper::proto::h1::io[0m[2m:[0m flushed 250 bytes
[2m2025-12-10T10:09:46.441445Z[0m [34mDEBUG[0m [2mhyper::client::pool[0m[2m:[0m reuse idle connection for ("http", 192.168.0.14:8545)
[2m2025-12-10T10:09:46.441464Z[0m [34mDEBUG[0m [2mhyper::proto::h1::io[0m[2m:[0m flushed 172 bytes
[2m2025-12-10T10:09:46.445390Z[0m [34mDEBUG[0m [2mhyper::proto::h1::io[0m[2m:[0m parsed 4 headers
[2m2025-12-10T10:09:46.445399Z[0m [34mDEBUG[0m [2mhyper::proto::h1::conn[0m[2m:[0m incoming body is content-length (45 bytes)
[2m2025-12-10T10:09:46.445407Z[0m [34mDEBUG[0m [2mhyper::proto::h1::conn[0m[2m:[0m incoming body completed
[2m2025-12-10T10:09:46.445416Z[0m [34mDEBUG[0m [2mhyper::client::pool[0m[2m:[0m pooling idle connection for ("http", 192.168.0.14:8545)
[2m2025-12-10T10:09:46.445827Z[0m [34mDEBUG[0m [2mhyper::proto::h1::io[0m[2m:[0m parsed 4 headers
[2m2025-12-10T10:09:46.445833Z[0m [34mDEBUG[0m [2mhyper::proto::h1::conn[0m[2m:[0m incoming body is content-length (772 bytes)
[2m2025-12-10T10:09:46.445837Z[0m [34mDEBUG[0m [2mhyper::proto::h1::conn[0m[2m:[0m incoming body completed
[2m2025-12-10T10:09:46.445843Z[0m [34mDEBUG[0m [2mhyper::client::pool[0m[2m:[0m pooling idle connection for ("http", 192.168.0.14:8545)
[2m2025-12-10T10:09:46.445848Z[0m [34mDEBUG[0m [2methereum_transaction_pool_monitor::eth_client[0m[2m:[0m 📡 Transaction fetch RPC completed in 4.488417ms
[2m2025-12-10T10:09:46.517904Z[0m [34mDEBUG[0m [2methereum_transaction_pool_monitor::eth_client[0m[2m:[0m ✅ Transaction 0x7786679311491fdb475c7391a343a392a92be067765cc1992ec2a86599f243ba fetched and parsed in 76.542334ms
[2m2025-12-10T10:09:46.521927Z[0m [34mDEBUG[0m [2methereum_transaction_pool_monitor::mempool_monitor[0m[2m:[0m 🔍 Skipping tx 0x7786679311491fdb475c7391a343a392a92be067765cc1992ec2a86599f243ba - not a DEX interaction (target: 0xA0b86991c6218b36c1d19D4a2e9Eb0cE3606eB48)
[2m2025-12-10T10:09:46.521941Z[0m [34mDEBUG[0m [2methereum_transaction_pool_monitor::mempool_monitor[0m[2m:[0m 📨 Processing new pending transaction: 0x40c05c30e170780e74f2b0d286488779074854e6fc7e4bcd7fdf2d56eebbb6ab
[2m2025-12-10T10:09:46.521953Z[0m [34mDEBUG[0m [2methereum_transaction_pool_monitor::mempool_monitor[0m[2m:[0m 🔍 Fetching transaction details for: 0x40c05c30e170780e74f2b0d286488779074854e6fc7e4bcd7fdf2d56eebbb6ab
[2m2025-12-10T10:09:46.521959Z[0m [34mDEBUG[0m [2methereum_transaction_pool_monitor::eth_client[0m[2m:[0m 🔍 Fetching transaction details for hash: 0x40c05c30e170780e74f2b0d286488779074854e6fc7e4bcd7fdf2d56eebbb6ab
[2m2025-12-10T10:09:46.521979Z[0m [34mDEBUG[0m [2mhyper::client::pool[0m[2m:[0m reuse idle connection for ("http", 192.168.0.14:8545)
[2m2025-12-10T10:09:46.522022Z[0m [34mDEBUG[0m [2mhyper::proto::h1::io[0m[2m:[0m flushed 250 bytes
[2m2025-12-10T10:09:46.522042Z[0m [34mDEBUG[0m [2mhyper::client::pool[0m[2m:[0m reuse idle connection for ("http", 192.168.0.14:8545)
[2m2025-12-10T10:09:46.522053Z[0m [34mDEBUG[0m [2methereum_transaction_pool_monitor::eth_client[0m[2m:[0m 📨 Received WebSocket message: {"jsonrpc":"2.0","method":"eth_subscription","params":{"subscription":"0xbed0a0851463e895960a451075a301a9","result":"0x7446ee20fac94236c9dd10958c6c7faed430bf305507dfb1364cf901695b34c2"}}
[2m2025-12-10T10:09:46.522057Z[0m [34mDEBUG[0m [2mhyper::proto::h1::io[0m[2m:[0m flushed 172 bytes
[2m2025-12-10T10:09:46.522066Z[0m [34mDEBUG[0m [2methereum_transaction_pool_monitor::eth_client[0m[2m:[0m 📨 Received pending transaction: 0x7446ee20fac94236c9dd10958c6c7faed430bf305507dfb1364cf901695b34c2
[2m2025-12-10T10:09:46.526189Z[0m [34mDEBUG[0m [2mhyper::proto::h1::io[0m[2m:[0m parsed 4 headers
[2m2025-12-10T10:09:46.526198Z[0m [34mDEBUG[0m [2mhyper::proto::h1::conn[0m[2m:[0m incoming body is content-length (45 bytes)
[2m2025-12-10T10:09:46.526205Z[0m [34mDEBUG[0m [2mhyper::proto::h1::conn[0m[2m:[0m incoming body completed
[2m2025-12-10T10:09:46.526214Z[0m [34mDEBUG[0m [2mhyper::client::pool[0m[2m:[0m pooling idle connection for ("http", 192.168.0.14:8545)
[2m2025-12-10T10:09:46.526233Z[0m [34mDEBUG[0m [2mhyper::proto::h1::io[0m[2m:[0m parsed 4 headers
[2m2025-12-10T10:09:46.526238Z[0m [34mDEBUG[0m [2mhyper::proto::h1::conn[0m[2m:[0m incoming body is content-length (830 bytes)
[2m2025-12-10T10:09:46.526244Z[0m [34mDEBUG[0m [2mhyper::proto::h1::conn[0m[2m:[0m incoming body completed
[2m2025-12-10T10:09:46.526249Z[0m [34mDEBUG[0m [2mhyper::client::pool[0m[2m:[0m pooling idle connection for ("http", 192.168.0.14:8545)
[2m2025-12-10T10:09:46.526254Z[0m [34mDEBUG[0m [2methereum_transaction_pool_monitor::eth_client[0m[2m:[0m 📡 Transaction fetch RPC completed in 4.288917ms
[2m2025-12-10T10:09:46.598448Z[0m [34mDEBUG[0m [2methereum_transaction_pool_monitor::eth_client[0m[2m:[0m ✅ Transaction 0x40c05c30e170780e74f2b0d286488779074854e6fc7e4bcd7fdf2d56eebbb6ab fetched and parsed in 76.480208ms
[2m2025-12-10T10:09:46.600373Z[0m [34mDEBUG[0m [2methereum_transaction_pool_monitor::mempool_monitor[0m[2m:[0m 🔍 Skipping tx 0x40c05c30e170780e74f2b0d286488779074854e6fc7e4bcd7fdf2d56eebbb6ab - not a DEX interaction (target: 0x3B4D794a66304F130a4Db8F2551B0070dfCf5ca7)
[2m2025-12-10T10:09:46.600399Z[0m [34mDEBUG[0m [2methereum_transaction_pool_monitor::mempool_monitor[0m[2m:[0m 📨 Processing new pending transaction: 0xe05fadc43b2316fa18148ed8fea2d221fdbb89283d0dd75f60d7bf14f0d891bf
[2m2025-12-10T10:09:46.600409Z[0m [34mDEBUG[0m [2methereum_transaction_pool_monitor::mempool_monitor[0m[2m:[0m 🔍 Fetching transaction details for: 0xe05fadc43b2316fa18148ed8fea2d221fdbb89283d0dd75f60d7bf14f0d891bf
[2m2025-12-10T10:09:46.600423Z[0m [34mDEBUG[0m [2methereum_transaction_pool_monitor::eth_client[0m[2m:[0m 🔍 Fetching transaction details for hash: 0xe05fadc43b2316fa18148ed8fea2d221fdbb89283d0dd75f60d7bf14f0d891bf
[2m2025-12-10T10:09:46.600449Z[0m [34mDEBUG[0m [2mhyper::client::pool[0m[2m:[0m reuse idle connection for ("http", 192.168.0.14:8545)
[2m2025-12-10T10:09:46.600512Z[0m [34mDEBUG[0m [2mhyper::proto::h1::io[0m[2m:[0m flushed 250 bytes
[2m2025-12-10T10:09:46.600546Z[0m [34mDEBUG[0m [2mhyper::client::pool[0m[2m:[0m reuse idle connection for ("http", 192.168.0.14:8545)
[2m2025-12-10T10:09:46.600562Z[0m [34mDEBUG[0m [2mhyper::proto::h1::io[0m[2m:[0m flushed 172 bytes
[2m2025-12-10T10:09:46.605007Z[0m [34mDEBUG[0m [2mhyper::proto::h1::io[0m[2m:[0m parsed 4 headers
[2m2025-12-10T10:09:46.605017Z[0m [34mDEBUG[0m [2mhyper::proto::h1::conn[0m[2m:[0m incoming body is content-length (45 bytes)
[2m2025-12-10T10:09:46.605034Z[0m [34mDEBUG[0m [2mhyper::proto::h1::conn[0m[2m:[0m incoming body completed
[2m2025-12-10T10:09:46.605050Z[0m [34mDEBUG[0m [2mhyper::client::pool[0m[2m:[0m pooling idle connection for ("http", 192.168.0.14:8545)
[2m2025-12-10T10:09:46.605084Z[0m [34mDEBUG[0m [2mhyper::proto::h1::io[0m[2m:[0m parsed 4 headers
[2m2025-12-10T10:09:46.605099Z[0m [34mDEBUG[0m [2mhyper::proto::h1::conn[0m[2m:[0m incoming body is content-length (771 bytes)
[2m2025-12-10T10:09:46.605103Z[0m [34mDEBUG[0m [2mhyper::proto::h1::conn[0m[2m:[0m incoming body completed
[2m2025-12-10T10:09:46.605108Z[0m [34mDEBUG[0m [2mhyper::client::pool[0m[2m:[0m pooling idle connection for ("http", 192.168.0.14:8545)
[2m2025-12-10T10:09:46.605113Z[0m [34mDEBUG[0m [2methereum_transaction_pool_monitor::eth_client[0m[2m:[0m 📡 Transaction fetch RPC completed in 4.681792ms
[2m2025-12-10T10:09:46.676732Z[0m [34mDEBUG[0m [2methereum_transaction_pool_monitor::eth_client[0m[2m:[0m ✅ Transaction 0xe05fadc43b2316fa18148ed8fea2d221fdbb89283d0dd75f60d7bf14f0d891bf fetched and parsed in 76.298667ms
[2m2025-12-10T10:09:46.676759Z[0m [34mDEBUG[0m [2methereum_transaction_pool_monitor::mempool_monitor[0m[2m:[0m 🔍 Skipping tx 0xe05fadc43b2316fa18148ed8fea2d221fdbb89283d0dd75f60d7bf14f0d891bf - not a DEX interaction (target: 0xB8f28C60dD8240141185a192fa4156A23E189305)
[2m2025-12-10T10:09:46.676769Z[0m [34mDEBUG[0m [2methereum_transaction_pool_monitor::mempool_monitor[0m[2m:[0m 📨 Processing new pending transaction: 0xfe839b53b9eea89430072725cd41b43f239ac1f4543ed9ee215a3af3decd07f5
[2m2025-12-10T10:09:46.676776Z[0m [34mDEBUG[0m [2methereum_transaction_pool_monitor::mempool_monitor[0m[2m:[0m 🔍 Fetching transaction details for: 0xfe839b53b9eea89430072725cd41b43f239ac1f4543ed9ee215a3af3decd07f5
[2m2025-12-10T10:09:46.676782Z[0m [34mDEBUG[0m [2methereum_transaction_pool_monitor::eth_client[0m[2m:[0m 🔍 Fetching transaction details for hash: 0xfe839b53b9eea89430072725cd41b43f239ac1f4543ed9ee215a3af3decd07f5
[2m2025-12-10T10:09:46.676801Z[0m [34mDEBUG[0m [2mhyper::client::pool[0m[2m:[0m reuse idle connection for ("http", 192.168.0.14:8545)
[2m2025-12-10T10:09:46.676839Z[0m [34mDEBUG[0m [2mhyper::proto::h1::io[0m[2m:[0m flushed 250 bytes
[2m2025-12-10T10:09:46.680720Z[0m [34mDEBUG[0m [2mhyper::proto::h1::io[0m[2m:[0m parsed 4 headers
[2m2025-12-10T10:09:46.680733Z[0m [34mDEBUG[0m [2mhyper::proto::h1::conn[0m[2m:[0m incoming body is content-length (653 bytes)
[2m2025-12-10T10:09:46.680750Z[0m [34mDEBUG[0m [2mhyper::proto::h1::conn[0m[2m:[0m incoming body completed
[2m2025-12-10T10:09:46.680761Z[0m [34mDEBUG[0m [2mhyper::client::pool[0m[2m:[0m pooling idle connection for ("http", 192.168.0.14:8545)
[2m2025-12-10T10:09:46.680768Z[0m [34mDEBUG[0m [2methereum_transaction_pool_monitor::eth_client[0m[2m:[0m 📡 Transaction fetch RPC completed in 3.981459ms
[2m2025-12-10T10:09:46.751959Z[0m [34mDEBUG[0m [2methereum_transaction_pool_monitor::eth_client[0m[2m:[0m ✅ Transaction 0xfe839b53b9eea89430072725cd41b43f239ac1f4543ed9ee215a3af3decd07f5 fetched and parsed in 75.170209ms
[2m2025-12-10T10:09:46.751987Z[0m [34mDEBUG[0m [2methereum_transaction_pool_monitor::mempool_monitor[0m[2m:[0m 🔍 Skipping tx 0xfe839b53b9eea89430072725cd41b43f239ac1f4543ed9ee215a3af3decd07f5 - not a DEX interaction (target: 0xE7131f57b6a93abCc5B0948c9e870eFc5b8C358b)
[2m2025-12-10T10:09:46.751997Z[0m [34mDEBUG[0m [2methereum_transaction_pool_monitor::mempool_monitor[0m[2m:[0m 📨 Processing new pending transaction: 0xe8ab16f57384c926ee629bb8b5ed97ab56899c0222f7a8db1693a3bed59ea730
[2m2025-12-10T10:09:46.752005Z[0m [34mDEBUG[0m [2methereum_transaction_pool_monitor::mempool_monitor[0m[2m:[0m 🔍 Fetching transaction details for: 0xe8ab16f57384c926ee629bb8b5ed97ab56899c0222f7a8db1693a3bed59ea730
[2m2025-12-10T10:09:46.752011Z[0m [34mDEBUG[0m [2methereum_transaction_pool_monitor::eth_client[0m[2m:[0m 🔍 Fetching transaction details for hash: 0xe8ab16f57384c926ee629bb8b5ed97ab56899c0222f7a8db1693a3bed59ea730
[2m2025-12-10T10:09:46.752029Z[0m [34mDEBUG[0m [2mhyper::client::pool[0m[2m:[0m reuse idle connection for ("http", 192.168.0.14:8545)
[2m2025-12-10T10:09:46.752074Z[0m [34mDEBUG[0m [2mhyper::proto::h1::io[0m[2m:[0m flushed 250 bytes
[2m2025-12-10T10:09:46.752095Z[0m [34mDEBUG[0m [2mhyper::client::pool[0m[2m:[0m reuse idle connection for ("http", 192.168.0.14:8545)
[2m2025-12-10T10:09:46.752111Z[0m [34mDEBUG[0m [2mhyper::proto::h1::io[0m[2m:[0m flushed 172 bytes
[2m2025-12-10T10:09:46.752149Z[0m [34mDEBUG[0m [2methereum_transaction_pool_monitor::eth_client[0m[2m:[0m 📨 Received WebSocket message: {"jsonrpc":"2.0","method":"eth_subscription","params":{"subscription":"0xbed0a0851463e895960a451075a301a9","result":"0x1228263c987a0ec48a0cd2e413840caa3be082755a188a9a0cacfdc7be865b44"}}
[2m2025-12-10T10:09:46.752158Z[0m [34mDEBUG[0m [2methereum_transaction_pool_monitor::eth_client[0m[2m:[0m 📨 Received pending transaction: 0x1228263c987a0ec48a0cd2e413840caa3be082755a188a9a0cacfdc7be865b44
[2m2025-12-10T10:09:46.755428Z[0m [34mDEBUG[0m [2mhyper::proto::h1::io[0m[2m:[0m parsed 4 headers
[2m2025-12-10T10:09:46.755442Z[0m [34mDEBUG[0m [2mhyper::proto::h1::conn[0m[2m:[0m incoming body is content-length (654 bytes)
[2m2025-12-10T10:09:46.755450Z[0m [34mDEBUG[0m [2mhyper::proto::h1::conn[0m[2m:[0m incoming body completed
[2m2025-12-10T10:09:46.755459Z[0m [34mDEBUG[0m [2mhyper::client::pool[0m[2m:[0m pooling idle connection for ("http", 192.168.0.14:8545)
[2m2025-12-10T10:09:46.755465Z[0m [34mDEBUG[0m [2methereum_transaction_pool_monitor::eth_client[0m[2m:[0m 📡 Transaction fetch RPC completed in 3.449791ms
[2m2025-12-10T10:09:46.826517Z[0m [34mDEBUG[0m [2methereum_transaction_pool_monitor::eth_client[0m[2m:[0m ✅ Transaction 0xe8ab16f57384c926ee629bb8b5ed97ab56899c0222f7a8db1693a3bed59ea730 fetched and parsed in 74.499375ms
[2m2025-12-10T10:09:46.826546Z[0m [34mDEBUG[0m [2methereum_transaction_pool_monitor::mempool_monitor[0m[2m:[0m 🔍 Skipping tx 0xe8ab16f57384c926ee629bb8b5ed97ab56899c0222f7a8db1693a3bed59ea730 - not a DEX interaction (target: 0x8391D3eacC2E5BA6752d8CD6c0884216de1Be8dc)
[2m2025-12-10T10:09:46.826558Z[0m [34mDEBUG[0m [2methereum_transaction_pool_monitor::mempool_monitor[0m[2m:[0m 📨 Processing new pending transaction: 0x1c6fba0c0c3879af76d7feea81d5e34e0a53707bd6b687e1fb63d7d88d128f90
[2m2025-12-10T10:09:46.826566Z[0m [34mDEBUG[0m [2methereum_transaction_pool_monitor::mempool_monitor[0m[2m:[0m 🔍 Fetching transaction details for: 0x1c6fba0c0c3879af76d7feea81d5e34e0a53707bd6b687e1fb63d7d88d128f90
[2m2025-12-10T10:09:46.826572Z[0m [34mDEBUG[0m [2methereum_transaction_pool_monitor::eth_client[0m[2m:[0m 🔍 Fetching transaction details for hash: 0x1c6fba0c0c3879af76d7feea81d5e34e0a53707bd6b687e1fb63d7d88d128f90
[2m2025-12-10T10:09:46.826592Z[0m [34mDEBUG[0m [2mhyper::client::pool[0m[2m:[0m reuse idle connection for ("http", 192.168.0.14:8545)
[2m2025-12-10T10:09:46.826639Z[0m [34mDEBUG[0m [2mhyper::proto::h1::io[0m[2m:[0m flushed 250 bytes
[2m2025-12-10T10:09:46.826662Z[0m [34mDEBUG[0m [2methereum_transaction_pool_monitor::eth_client[0m[2m:[0m 📨 Received WebSocket message: {"jsonrpc":"2.0","method":"eth_subscription","params":{"subscription":"0xbed0a0851463e895960a451075a301a9","result":"0xd88c793efab9d824cded2b49671ab0ef12a34465a3d6b91a692790e3d28b0108"}}
[2m2025-12-10T10:09:46.826672Z[0m [34mDEBUG[0m [2methereum_transaction_pool_monitor::eth_client[0m[2m:[0m 📨 Received pending transaction: 0xd88c793efab9d824cded2b49671ab0ef12a34465a3d6b91a692790e3d28b0108
[2m2025-12-10T10:09:46.826684Z[0m [34mDEBUG[0m [2methereum_transaction_pool_monitor::eth_client[0m[2m:[0m 📨 Received WebSocket message: {"jsonrpc":"2.0","method":"eth_subscription","params":{"subscription":"0xbed0a0851463e895960a451075a301a9","result":"0xe6ae6fa4e2f4a27f75ae924b5a78e654f3e6fdbc6eff536b07bd50844190f6ef"}}
[2m2025-12-10T10:09:46.826691Z[0m [34mDEBUG[0m [2methereum_transaction_pool_monitor::eth_client[0m[2m:[0m 📨 Received pending transaction: 0xe6ae6fa4e2f4a27f75ae924b5a78e654f3e6fdbc6eff536b07bd50844190f6ef
[2m2025-12-10T10:09:46.826694Z[0m [34mDEBUG[0m [2mhyper::proto::h1::io[0m[2m:[0m parsed 4 headers
[2m2025-12-10T10:09:46.826704Z[0m [34mDEBUG[0m [2mhyper::proto::h1::conn[0m[2m:[0m incoming body is content-length (45 bytes)
[2m2025-12-10T10:09:46.826711Z[0m [34mDEBUG[0m [2mhyper::proto::h1::conn[0m[2m:[0m incoming body completed
[2m2025-12-10T10:09:46.826721Z[0m [34mDEBUG[0m [2mhyper::client::pool[0m[2m:[0m pooling idle connection for ("http", 192.168.0.14:8545)
[2m2025-12-10T10:09:46.826738Z[0m [34mDEBUG[0m [2mhyper::client::pool[0m[2m:[0m reuse idle connection for ("http", 192.168.0.14:8545)
[2m2025-12-10T10:09:46.826753Z[0m [34mDEBUG[0m [2mhyper::proto::h1::io[0m[2m:[0m flushed 172 bytes
[2m2025-12-10T10:09:46.833759Z[0m [34mDEBUG[0m [2mhyper::proto::h1::io[0m[2m:[0m parsed 4 headers
[2m2025-12-10T10:09:46.833777Z[0m [34mDEBUG[0m [2mhyper::proto::h1::conn[0m[2m:[0m incoming body is content-length (903 bytes)
[2m2025-12-10T10:09:46.833792Z[0m [34mDEBUG[0m [2mhyper::proto::h1::conn[0m[2m:[0m incoming body completed
[2m2025-12-10T10:09:46.833813Z[0m [34mDEBUG[0m [2mhyper::client::pool[0m[2m:[0m pooling idle connection for ("http", 192.168.0.14:8545)
[2m2025-12-10T10:09:46.833837Z[0m [34mDEBUG[0m [2methereum_transaction_pool_monitor::eth_client[0m[2m:[0m 📡 Transaction fetch RPC completed in 7.257583ms
[2m2025-12-10T10:09:46.905540Z[0m [34mDEBUG[0m [2methereum_transaction_pool_monitor::eth_client[0m[2m:[0m ✅ Transaction 0x1c6fba0c0c3879af76d7feea81d5e34e0a53707bd6b687e1fb63d7d88d128f90 fetched and parsed in 78.957958ms
[2m2025-12-10T10:09:46.905569Z[0m [34mDEBUG[0m [2methereum_transaction_pool_monitor::mempool_monitor[0m[2m:[0m 🔍 Skipping tx 0x1c6fba0c0c3879af76d7feea81d5e34e0a53707bd6b687e1fb63d7d88d128f90 - not a DEX interaction (target: 0xFf00000000000000000000000000000000000130)
[2m2025-12-10T10:09:46.905583Z[0m [34mDEBUG[0m [2methereum_transaction_pool_monitor::mempool_monitor[0m[2m:[0m 📨 Processing new pending transaction: 0x2f28d51851fe15c4178bcb3f3bb9518a45770fce28efbd8dc31f8aa6af736289
[2m2025-12-10T10:09:46.905590Z[0m [34mDEBUG[0m [2methereum_transaction_pool_monitor::mempool_monitor[0m[2m:[0m 🔍 Fetching transaction details for: 0x2f28d51851fe15c4178bcb3f3bb9518a45770fce28efbd8dc31f8aa6af736289
[2m2025-12-10T10:09:46.905595Z[0m [34mDEBUG[0m [2methereum_transaction_pool_monitor::eth_client[0m[2m:[0m 🔍 Fetching transaction details for hash: 0x2f28d51851fe15c4178bcb3f3bb9518a45770fce28efbd8dc31f8aa6af736289
[2m2025-12-10T10:09:46.905615Z[0m [34mDEBUG[0m [2mhyper::client::pool[0m[2m:[0m reuse idle connection for ("http", 192.168.0.14:8545)
[2m2025-12-10T10:09:46.905649Z[0m [34mDEBUG[0m [2mhyper::proto::h1::io[0m[2m:[0m flushed 250 bytes
[2m2025-12-10T10:09:46.905666Z[0m [34mDEBUG[0m [2mhyper::proto::h1::io[0m[2m:[0m parsed 4 headers
[2m2025-12-10T10:09:46.905670Z[0m [34mDEBUG[0m [2mhyper::proto::h1::conn[0m[2m:[0m incoming body is content-length (45 bytes)
[2m2025-12-10T10:09:46.905678Z[0m [34mDEBUG[0m [2mhyper::proto::h1::conn[0m[2m:[0m incoming body completed
[2m2025-12-10T10:09:46.905688Z[0m [34mDEBUG[0m [2mhyper::client::pool[0m[2m:[0m pooling idle connection for ("http", 192.168.0.14:8545)
[2m2025-12-10T10:09:46.905706Z[0m [34mDEBUG[0m [2mhyper::client::pool[0m[2m:[0m reuse idle connection for ("http", 192.168.0.14:8545)
[2m2025-12-10T10:09:46.905724Z[0m [34mDEBUG[0m [2mhyper::proto::h1::io[0m[2m:[0m flushed 172 bytes
[2m2025-12-10T10:09:46.910886Z[0m [34mDEBUG[0m [2mhyper::proto::h1::io[0m[2m:[0m parsed 4 headers
[2m2025-12-10T10:09:46.910895Z[0m [34mDEBUG[0m [2mhyper::proto::h1::conn[0m[2m:[0m incoming body is content-length (45 bytes)
[2m2025-12-10T10:09:46.910900Z[0m [34mDEBUG[0m [2mhyper::proto::h1::conn[0m[2m:[0m incoming body completed
[2m2025-12-10T10:09:46.910908Z[0m [34mDEBUG[0m [2mhyper::client::pool[0m[2m:[0m pooling idle connection for ("http", 192.168.0.14:8545)
[2m2025-12-10T10:09:46.914965Z[0m [34mDEBUG[0m [2mhyper::proto::h1::io[0m[2m:[0m parsed 4 headers
[2m2025-12-10T10:09:46.914975Z[0m [34mDEBUG[0m [2mhyper::proto::h1::conn[0m[2m:[0m incoming body is content-length (830 bytes)
[2m2025-12-10T10:09:46.914982Z[0m [34mDEBUG[0m [2mhyper::proto::h1::conn[0m[2m:[0m incoming body completed
[2m2025-12-10T10:09:46.914992Z[0m [34mDEBUG[0m [2mhyper::client::pool[0m[2m:[0m pooling idle connection for ("http", 192.168.0.14:8545)
[2m2025-12-10T10:09:46.914998Z[0m [34mDEBUG[0m [2methereum_transaction_pool_monitor::eth_client[0m[2m:[0m 📡 Transaction fetch RPC completed in 9.398916ms
[2m2025-12-10T10:09:46.986272Z[0m [34mDEBUG[0m [2methereum_transaction_pool_monitor::eth_client[0m[2m:[0m ✅ Transaction 0x2f28d51851fe15c4178bcb3f3bb9518a45770fce28efbd8dc31f8aa6af736289 fetched and parsed in 80.670291ms
[2m2025-12-10T10:09:46.986300Z[0m [34mDEBUG[0m [2methereum_transaction_pool_monitor::mempool_monitor[0m[2m:[0m 🔍 Skipping tx 0x2f28d51851fe15c4178bcb3f3bb9518a45770fce28efbd8dc31f8aa6af736289 - not a DEX interaction (target: 0x3B4D794a66304F130a4Db8F2551B0070dfCf5ca7)
[2m2025-12-10T10:09:46.986311Z[0m [34mDEBUG[0m [2methereum_transaction_pool_monitor::mempool_monitor[0m[2m:[0m 📨 Processing new pending transaction: 0x45f102ff046d5f4f9392834af0cb381de3d72d2196f9698271651ce686d05ba9
[2m2025-12-10T10:09:46.986319Z[0m [34mDEBUG[0m [2methereum_transaction_pool_monitor::mempool_monitor[0m[2m:[0m 🔍 Fetching transaction details for: 0x45f102ff046d5f4f9392834af0cb381de3d72d2196f9698271651ce686d05ba9
[2m2025-12-10T10:09:46.986325Z[0m [34mDEBUG[0m [2methereum_transaction_pool_monitor::eth_client[0m[2m:[0m 🔍 Fetching transaction details for hash: 0x45f102ff046d5f4f9392834af0cb381de3d72d2196f9698271651ce686d05ba9
[2m2025-12-10T10:09:46.986345Z[0m [34mDEBUG[0m [2mhyper::client::pool[0m[2m:[0m reuse idle connection for ("http", 192.168.0.14:8545)
[2m2025-12-10T10:09:46.986388Z[0m [34mDEBUG[0m [2mhyper::proto::h1::io[0m[2m:[0m flushed 250 bytes
[2m2025-12-10T10:09:46.986410Z[0m [34mDEBUG[0m [2methereum_transaction_pool_monitor::eth_client[0m[2m:[0m 📨 Received WebSocket message: {"jsonrpc":"2.0","method":"eth_subscription","params":{"subscription":"0xbed0a0851463e895960a451075a301a9","result":"0xf60487e02e75728b08e26c633b9ef9330b53bab2bf01f88e0a2c00d736d45206"}}
[2m2025-12-10T10:09:46.986420Z[0m [34mDEBUG[0m [2methereum_transaction_pool_monitor::eth_client[0m[2m:[0m 📨 Received pending transaction: 0xf60487e02e75728b08e26c633b9ef9330b53bab2bf01f88e0a2c00d736d45206
[2m2025-12-10T10:09:46.992088Z[0m [34mDEBUG[0m [2mhyper::proto::h1::io[0m[2m:[0m parsed 4 headers
[2m2025-12-10T10:09:46.992094Z[0m [34mDEBUG[0m [2mhyper::proto::h1::conn[0m[2m:[0m incoming body is content-length (775 bytes)
[2m2025-12-10T10:09:46.992102Z[0m [34mDEBUG[0m [2mhyper::proto::h1::conn[0m[2m:[0m incoming body completed
[2m2025-12-10T10:09:46.992111Z[0m [34mDEBUG[0m [2mhyper::client::pool[0m[2m:[0m pooling idle connection for ("http", 192.168.0.14:8545)
[2m2025-12-10T10:09:46.992120Z[0m [34mDEBUG[0m [2methereum_transaction_pool_monitor::eth_client[0m[2m:[0m 📡 Transaction fetch RPC completed in 5.7895ms
[2m2025-12-10T10:09:46.992136Z[0m [34mDEBUG[0m [2methereum_transaction_pool_monitor::eth_client[0m[2m:[0m DeFi transaction detected - Address: 0xdac17f958d2ee523a2206206994597c13d831ec7, Type: Stablecoin, Value: 0 ETH, Gas: 0.90 Gwei
[2m2025-12-10T10:09:46.992149Z[0m [34mDEBUG[0m [2methereum_transaction_pool_monitor::eth_client[0m[2m:[0m ✅ Transaction 0x45f102ff046d5f4f9392834af0cb381de3d72d2196f9698271651ce686d05ba9 fetched and parsed in 5.819084ms
[2m2025-12-10T10:09:46.992155Z[0m [34mDEBUG[0m [2methereum_transaction_pool_monitor::mempool_monitor[0m[2m:[0m 🔍 Skipping tx 0x45f102ff046d5f4f9392834af0cb381de3d72d2196f9698271651ce686d05ba9 - not a DEX interaction (target: 0xdAC17F958D2ee523a2206206994597C13D831ec7)
[2m2025-12-10T10:09:46.992161Z[0m [34mDEBUG[0m [2methereum_transaction_pool_monitor::mempool_monitor[0m[2m:[0m 📨 Processing new pending transaction: 0x0a6e4a6f04ed18c48b7eccb58d20ca0dfd4304c5d04381562f2157a9d8aac0a8
[2m2025-12-10T10:09:46.992165Z[0m [34mDEBUG[0m [2methereum_transaction_pool_monitor::mempool_monitor[0m[2m:[0m 🔍 Fetching transaction details for: 0x0a6e4a6f04ed18c48b7eccb58d20ca0dfd4304c5d04381562f2157a9d8aac0a8
[2m2025-12-10T10:09:46.992169Z[0m [34mDEBUG[0m [2methereum_transaction_pool_monitor::eth_client[0m[2m:[0m 🔍 Fetching transaction details for hash: 0x0a6e4a6f04ed18c48b7eccb58d20ca0dfd4304c5d04381562f2157a9d8aac0a8
[2m2025-12-10T10:09:46.992180Z[0m [34mDEBUG[0m [2mhyper::client::pool[0m[2m:[0m reuse idle connection for ("http", 192.168.0.14:8545)
[2m2025-12-10T10:09:46.992195Z[0m [34mDEBUG[0m [2mhyper::proto::h1::io[0m[2m:[0m flushed 250 bytes
[2m2025-12-10T10:09:46.996512Z[0m [34mDEBUG[0m [2mhyper::client::pool[0m[2m:[0m reuse idle connection for ("http", 192.168.0.14:8545)
[2m2025-12-10T10:09:46.996540Z[0m [34mDEBUG[0m [2mhyper::proto::h1::io[0m[2m:[0m flushed 172 bytes
[2m2025-12-10T10:09:46.999800Z[0m [34mDEBUG[0m [2mhyper::proto::h1::io[0m[2m:[0m parsed 4 headers
[2m2025-12-10T10:09:46.999811Z[0m [34mDEBUG[0m [2mhyper::proto::h1::conn[0m[2m:[0m incoming body is content-length (769 bytes)
[2m2025-12-10T10:09:46.999817Z[0m [34mDEBUG[0m [2mhyper::proto::h1::conn[0m[2m:[0m incoming body completed
[2m2025-12-10T10:09:46.999825Z[0m [34mDEBUG[0m [2mhyper::client::pool[0m[2m:[0m pooling idle connection for ("http", 192.168.0.14:8545)
[2m2025-12-10T10:09:46.999830Z[0m [34mDEBUG[0m [2methereum_transaction_pool_monitor::eth_client[0m[2m:[0m 📡 Transaction fetch RPC completed in 7.658084ms
[2m2025-12-10T10:09:46.999842Z[0m [34mDEBUG[0m [2methereum_transaction_pool_monitor::eth_client[0m[2m:[0m DeFi transaction detected - Address: 0xdac17f958d2ee523a2206206994597c13d831ec7, Type: Stablecoin, Value: 0 ETH, Gas: 0.23 Gwei
[2m2025-12-10T10:09:46.999852Z[0m [34mDEBUG[0m [2methereum_transaction_pool_monitor::eth_client[0m[2m:[0m ✅ Transaction 0x0a6e4a6f04ed18c48b7eccb58d20ca0dfd4304c5d04381562f2157a9d8aac0a8 fetched and parsed in 7.680125ms
[2m2025-12-10T10:09:46.999858Z[0m [34mDEBUG[0m [2methereum_transaction_pool_monitor::mempool_monitor[0m[2m:[0m 🔍 Skipping tx 0x0a6e4a6f04ed18c48b7eccb58d20ca0dfd4304c5d04381562f2157a9d8aac0a8 - not a DEX interaction (target: 0xdAC17F958D2ee523a2206206994597C13D831ec7)
[2m2025-12-10T10:09:46.999864Z[0m [34mDEBUG[0m [2methereum_transaction_pool_monitor::mempool_monitor[0m[2m:[0m 📨 Processing new pending transaction: 0x6442470b1e38d9eecb5036c0a2b427f57e4394284cda5468c87ddfc36e31f9df
[2m2025-12-10T10:09:46.999868Z[0m [34mDEBUG[0m [2methereum_transaction_pool_monitor::mempool_monitor[0m[2m:[0m 🔍 Fetching transaction details for: 0x6442470b1e38d9eecb5036c0a2b427f57e4394284cda5468c87ddfc36e31f9df
[2m2025-12-10T10:09:46.999872Z[0m [34mDEBUG[0m [2methereum_transaction_pool_monitor::eth_client[0m[2m:[0m 🔍 Fetching transaction details for hash: 0x6442470b1e38d9eecb5036c0a2b427f57e4394284cda5468c87ddfc36e31f9df
[2m2025-12-10T10:09:46.999880Z[0m [34mDEBUG[0m [2mhyper::client::pool[0m[2m:[0m reuse idle connection for ("http", 192.168.0.14:8545)
[2m2025-12-10T10:09:46.999902Z[0m [34mDEBUG[0m [2mhyper::proto::h1::io[0m[2m:[0m flushed 250 bytes
[2m2025-12-10T10:09:47.006171Z[0m [34mDEBUG[0m [2mhyper::proto::h1::io[0m[2m:[0m parsed 4 headers
[2m2025-12-10T10:09:47.006204Z[0m [34mDEBUG[0m [2mhyper::proto::h1::conn[0m[2m:[0m incoming body is content-length (45 bytes)
[2m2025-12-10T10:09:47.006216Z[0m [34mDEBUG[0m [2mhyper::proto::h1::conn[0m[2m:[0m incoming body completed
[2m2025-12-10T10:09:47.006231Z[0m [34mDEBUG[0m [2mhyper::client::pool[0m[2m:[0m pooling idle connection for ("http", 192.168.0.14:8545)
[2m2025-12-10T10:09:47.007860Z[0m [34mDEBUG[0m [2mhyper::proto::h1::io[0m[2m:[0m parsed 4 headers
[2m2025-12-10T10:09:47.007867Z[0m [34mDEBUG[0m [2mhyper::proto::h1::conn[0m[2m:[0m incoming body is content-length (829 bytes)
[2m2025-12-10T10:09:47.007874Z[0m [34mDEBUG[0m [2mhyper::proto::h1::conn[0m[2m:[0m incoming body completed
[2m2025-12-10T10:09:47.007880Z[0m [34mDEBUG[0m [2mhyper::client::pool[0m[2m:[0m pooling idle connection for ("http", 192.168.0.14:8545)
[2m2025-12-10T10:09:47.007885Z[0m [34mDEBUG[0m [2methereum_transaction_pool_monitor::eth_client[0m[2m:[0m 📡 Transaction fetch RPC completed in 8.00925ms
[2m2025-12-10T10:09:47.078336Z[0m [34mDEBUG[0m [2methereum_transaction_pool_monitor::eth_client[0m[2m:[0m ✅ Transaction 0x6442470b1e38d9eecb5036c0a2b427f57e4394284cda5468c87ddfc36e31f9df fetched and parsed in 78.457875ms
[2m2025-12-10T10:09:47.078366Z[0m [34mDEBUG[0m [2methereum_transaction_pool_monitor::mempool_monitor[0m[2m:[0m 🔍 Skipping tx 0x6442470b1e38d9eecb5036c0a2b427f57e4394284cda5468c87ddfc36e31f9df - not a DEX interaction (target: 0x3B4D794a66304F130a4Db8F2551B0070dfCf5ca7)
[2m2025-12-10T10:09:47.078378Z[0m [34mDEBUG[0m [2methereum_transaction_pool_monitor::mempool_monitor[0m[2m:[0m 📨 Processing new pending transaction: 0xe46d83a38930d892121945797c6843a6cf8d67fbd1823fd16c7ffffd5aab7bbe
[2m2025-12-10T10:09:47.078386Z[0m [34mDEBUG[0m [2methereum_transaction_pool_monitor::mempool_monitor[0m[2m:[0m 🔍 Fetching transaction details for: 0xe46d83a38930d892121945797c6843a6cf8d67fbd1823fd16c7ffffd5aab7bbe
[2m2025-12-10T10:09:47.078392Z[0m [34mDEBUG[0m [2methereum_transaction_pool_monitor::eth_client[0m[2m:[0m 🔍 Fetching transaction details for hash: 0xe46d83a38930d892121945797c6843a6cf8d67fbd1823fd16c7ffffd5aab7bbe
[2m2025-12-10T10:09:47.078413Z[0m [34mDEBUG[0m [2mhyper::client::pool[0m[2m:[0m reuse idle connection for ("http", 192.168.0.14:8545)
[2m2025-12-10T10:09:47.078454Z[0m [34mDEBUG[0m [2mhyper::proto::h1::io[0m[2m:[0m flushed 250 bytes
[2m2025-12-10T10:09:47.078477Z[0m [34mDEBUG[0m [2methereum_transaction_pool_monitor::eth_client[0m[2m:[0m 📨 Received WebSocket message: {"jsonrpc":"2.0","method":"eth_subscription","params":{"subscription":"0xbed0a0851463e895960a451075a301a9","result":"0xe2348a7ae77a565214e8c3283f0eea4ff69f817f1b0a978f271d29da2aebb000"}}
[2m2025-12-10T10:09:47.078489Z[0m [34mDEBUG[0m [2methereum_transaction_pool_monitor::eth_client[0m[2m:[0m 📨 Received pending transaction: 0xe2348a7ae77a565214e8c3283f0eea4ff69f817f1b0a978f271d29da2aebb000
[2m2025-12-10T10:09:47.083282Z[0m [34mDEBUG[0m [2mhyper::proto::h1::io[0m[2m:[0m parsed 4 headers
[2m2025-12-10T10:09:47.083292Z[0m [34mDEBUG[0m [2mhyper::proto::h1::conn[0m[2m:[0m incoming body is content-length (645 bytes)
[2m2025-12-10T10:09:47.083299Z[0m [34mDEBUG[0m [2mhyper::proto::h1::conn[0m[2m:[0m incoming body completed
[2m2025-12-10T10:09:47.083307Z[0m [34mDEBUG[0m [2mhyper::client::pool[0m[2m:[0m pooling idle connection for ("http", 192.168.0.14:8545)
[2m2025-12-10T10:09:47.083313Z[0m [34mDEBUG[0m [2methereum_transaction_pool_monitor::eth_client[0m[2m:[0m 📡 Transaction fetch RPC completed in 4.915375ms
[2m2025-12-10T10:09:47.155094Z[0m [34mDEBUG[0m [2methereum_transaction_pool_monitor::eth_client[0m[2m:[0m ✅ Transaction 0xe46d83a38930d892121945797c6843a6cf8d67fbd1823fd16c7ffffd5aab7bbe fetched and parsed in 76.694042ms
[2m2025-12-10T10:09:47.155121Z[0m [34mDEBUG[0m [2methereum_transaction_pool_monitor::mempool_monitor[0m[2m:[0m 🔍 Skipping tx 0xe46d83a38930d892121945797c6843a6cf8d67fbd1823fd16c7ffffd5aab7bbe - not a DEX interaction (target: 0xe38784b8aa72A993d5838031ae34F54220C7efCc)
[2m2025-12-10T10:09:47.155133Z[0m [34mDEBUG[0m [2methereum_transaction_pool_monitor::mempool_monitor[0m[2m:[0m 📨 Processing new pending transaction: 0x1ef4c4e6cd341bb7541991a222ef2177c2677baf62d842e8141d54fcf067b070
[2m2025-12-10T10:09:47.155142Z[0m [34mDEBUG[0m [2methereum_transaction_pool_monitor::mempool_monitor[0m[2m:[0m 🔍 Fetching transaction details for: 0x1ef4c4e6cd341bb7541991a222ef2177c2677baf62d842e8141d54fcf067b070
[2m2025-12-10T10:09:47.155148Z[0m [34mDEBUG[0m [2methereum_transaction_pool_monitor::eth_client[0m[2m:[0m 🔍 Fetching transaction details for hash: 0x1ef4c4e6cd341bb7541991a222ef2177c2677baf62d842e8141d54fcf067b070
[2m2025-12-10T10:09:47.155169Z[0m [34mDEBUG[0m [2mhyper::client::pool[0m[2m:[0m reuse idle connection for ("http", 192.168.0.14:8545)
[2m2025-12-10T10:09:47.155226Z[0m [34mDEBUG[0m [2mhyper::proto::h1::io[0m[2m:[0m flushed 250 bytes
[2m2025-12-10T10:09:47.155306Z[0m [34mDEBUG[0m [2mhyper::client::pool[0m[2m:[0m reuse idle connection for ("http", 192.168.0.14:8545)
[2m2025-12-10T10:09:47.155319Z[0m [34mDEBUG[0m [2methereum_transaction_pool_monitor::eth_client[0m[2m:[0m 📨 Received WebSocket message: {"jsonrpc":"2.0","method":"eth_subscription","params":{"subscription":"0xbed0a0851463e895960a451075a301a9","result":"0xca5b8fd9eb42c952a210e498e638c05c9d0e0b36e2d4c0bb2465a242d6435757"}}
[2m2025-12-10T10:09:47.155334Z[0m [34mDEBUG[0m [2mhyper::proto::h1::io[0m[2m:[0m flushed 172 bytes
[2m2025-12-10T10:09:47.155361Z[0m [34mDEBUG[0m [2methereum_transaction_pool_monitor::eth_client[0m[2m:[0m 📨 Received pending transaction: 0xca5b8fd9eb42c952a210e498e638c05c9d0e0b36e2d4c0bb2465a242d6435757
[2m2025-12-10T10:09:47.155392Z[0m [34mDEBUG[0m [2methereum_transaction_pool_monitor::eth_client[0m[2m:[0m 📨 Received WebSocket message: {"jsonrpc":"2.0","method":"eth_subscription","params":{"subscription":"0xbed0a0851463e895960a451075a301a9","result":"0x577278ad89acbca4d941016ed8bfedad8aa3652d6a84b3eb2f488b594c4e661b"}}
[2m2025-12-10T10:09:47.155397Z[0m [34mDEBUG[0m [2methereum_transaction_pool_monitor::eth_client[0m[2m:[0m 📨 Received pending transaction: 0x577278ad89acbca4d941016ed8bfedad8aa3652d6a84b3eb2f488b594c4e661b
[2m2025-12-10T10:09:47.155402Z[0m [34mDEBUG[0m [2methereum_transaction_pool_monitor::eth_client[0m[2m:[0m 📨 Received WebSocket message: {"jsonrpc":"2.0","method":"eth_subscription","params":{"subscription":"0xbed0a0851463e895960a451075a301a9","result":"0x7a21af63c48a726927c0e1abf6bf2b18658d65d197ca27a1055d63e1ff815546"}}
[2m2025-12-10T10:09:47.155406Z[0m [34mDEBUG[0m [2methereum_transaction_pool_monitor::eth_client[0m[2m:[0m 📨 Received pending transaction: 0x7a21af63c48a726927c0e1abf6bf2b18658d65d197ca27a1055d63e1ff815546
[2m2025-12-10T10:09:47.155411Z[0m [34mDEBUG[0m [2methereum_transaction_pool_monitor::eth_client[0m[2m:[0m 📨 Received WebSocket message: {"jsonrpc":"2.0","method":"eth_subscription","params":{"subscription":"0xbed0a0851463e895960a451075a301a9","result":"0x4c4990a129ecd8248444469f11e39c920064fd690c445bffca84e250e8d3f13f"}}
[2m2025-12-10T10:09:47.155415Z[0m [34mDEBUG[0m [2methereum_transaction_pool_monitor::eth_client[0m[2m:[0m 📨 Received pending transaction: 0x4c4990a129ecd8248444469f11e39c920064fd690c445bffca84e250e8d3f13f
[2m2025-12-10T10:09:47.160684Z[0m [34mDEBUG[0m [2mhyper::proto::h1::io[0m[2m:[0m parsed 4 headers
[2m2025-12-10T10:09:47.160702Z[0m [34mDEBUG[0m [2mhyper::proto::h1::conn[0m[2m:[0m incoming body is content-length (836 bytes)
[2m2025-12-10T10:09:47.160710Z[0m [34mDEBUG[0m [2mhyper::proto::h1::conn[0m[2m:[0m incoming body completed
[2m2025-12-10T10:09:47.160718Z[0m [34mDEBUG[0m [2mhyper::client::pool[0m[2m:[0m pooling idle connection for ("http", 192.168.0.14:8545)
[2m2025-12-10T10:09:47.160725Z[0m [34mDEBUG[0m [2methereum_transaction_pool_monitor::eth_client[0m[2m:[0m 📡 Transaction fetch RPC completed in 5.572708ms
[2m2025-12-10T10:09:47.231723Z[0m [34mDEBUG[0m [2methereum_transaction_pool_monitor::eth_client[0m[2m:[0m ✅ Transaction 0x1ef4c4e6cd341bb7541991a222ef2177c2677baf62d842e8141d54fcf067b070 fetched and parsed in 76.567292ms
[2m2025-12-10T10:09:47.231753Z[0m [34mDEBUG[0m [2methereum_transaction_pool_monitor::mempool_monitor[0m[2m:[0m 🔍 Skipping tx 0x1ef4c4e6cd341bb7541991a222ef2177c2677baf62d842e8141d54fcf067b070 - not a DEX interaction (target: 0x3B4D794a66304F130a4Db8F2551B0070dfCf5ca7)
[2m2025-12-10T10:09:47.231765Z[0m [34mDEBUG[0m [2methereum_transaction_pool_monitor::mempool_monitor[0m[2m:[0m 📨 Processing new pending transaction: 0x5b65e214edc38b3ed03fd6769b11e0ba80970bc9036d8c8dfa366c671d0ccdda
[2m2025-12-10T10:09:47.231772Z[0m [34mDEBUG[0m [2methereum_transaction_pool_monitor::mempool_monitor[0m[2m:[0m 🔍 Fetching transaction details for: 0x5b65e214edc38b3ed03fd6769b11e0ba80970bc9036d8c8dfa366c671d0ccdda
[2m2025-12-10T10:09:47.231778Z[0m [34mDEBUG[0m [2methereum_transaction_pool_monitor::eth_client[0m[2m:[0m 🔍 Fetching transaction details for hash: 0x5b65e214edc38b3ed03fd6769b11e0ba80970bc9036d8c8dfa366c671d0ccdda
[2m2025-12-10T10:09:47.231797Z[0m [34mDEBUG[0m [2mhyper::client::pool[0m[2m:[0m reuse idle connection for ("http", 192.168.0.14:8545)
[2m2025-12-10T10:09:47.231844Z[0m [34mDEBUG[0m [2mhyper::proto::h1::io[0m[2m:[0m flushed 250 bytes
[2m2025-12-10T10:09:47.231870Z[0m [34mDEBUG[0m [2methereum_transaction_pool_monitor::eth_client[0m[2m:[0m 📨 Received WebSocket message: {"jsonrpc":"2.0","method":"eth_subscription","params":{"subscription":"0xbed0a0851463e895960a451075a301a9","result":"0x89df2e65ca16ba670d3e8548a7769c807b6978b7a800c368d76b09eaf692f10b"}}
[2m2025-12-10T10:09:47.231883Z[0m [34mDEBUG[0m [2methereum_transaction_pool_monitor::eth_client[0m[2m:[0m 📨 Received pending transaction: 0x89df2e65ca16ba670d3e8548a7769c807b6978b7a800c368d76b09eaf692f10b
[2m2025-12-10T10:09:47.231891Z[0m [34mDEBUG[0m [2methereum_transaction_pool_monitor::eth_client[0m[2m:[0m 📨 Received WebSocket message: {"jsonrpc":"2.0","method":"eth_subscription","params":{"subscription":"0xbed0a0851463e895960a451075a301a9","result":"0x83e103d48c3ced99465f17585c4bcf9be6501fc700400715c0ed620dc1fda70f"}}
[2m2025-12-10T10:09:47.231899Z[0m [34mDEBUG[0m [2methereum_transaction_pool_monitor::eth_client[0m[2m:[0m 📨 Received pending transaction: 0x83e103d48c3ced99465f17585c4bcf9be6501fc700400715c0ed620dc1fda70f
[2m2025-12-10T10:09:47.231911Z[0m [34mDEBUG[0m [2mhyper::proto::h1::io[0m[2m:[0m parsed 4 headers
[2m2025-12-10T10:09:47.231919Z[0m [34mDEBUG[0m [2mhyper::proto::h1::conn[0m[2m:[0m incoming body is content-length (45 bytes)
[2m2025-12-10T10:09:47.231960Z[0m [34mDEBUG[0m [2mhyper::proto::h1::conn[0m[2m:[0m incoming body completed
[2m2025-12-10T10:09:47.231975Z[0m [34mDEBUG[0m [2mhyper::client::pool[0m[2m:[0m pooling idle connection for ("http", 192.168.0.14:8545)
[2m2025-12-10T10:09:47.231994Z[0m [34mDEBUG[0m [2mhyper::client::pool[0m[2m:[0m reuse idle connection for ("http", 192.168.0.14:8545)
[2m2025-12-10T10:09:47.232011Z[0m [34mDEBUG[0m [2mhyper::proto::h1::io[0m[2m:[0m flushed 172 bytes
[2m2025-12-10T10:09:47.238767Z[0m [34mDEBUG[0m [2mhyper::proto::h1::io[0m[2m:[0m parsed 4 headers
[2m2025-12-10T10:09:47.238798Z[0m [34mDEBUG[0m [2mhyper::proto::h1::conn[0m[2m:[0m incoming body is content-length (1731 bytes)
[2m2025-12-10T10:09:47.238806Z[0m [34mDEBUG[0m [2mhyper::proto::h1::conn[0m[2m:[0m incoming body completed
[2m2025-12-10T10:09:47.238816Z[0m [34mDEBUG[0m [2mhyper::client::pool[0m[2m:[0m pooling idle connection for ("http", 192.168.0.14:8545)
[2m2025-12-10T10:09:47.238823Z[0m [34mDEBUG[0m [2methereum_transaction_pool_monitor::eth_client[0m[2m:[0m 📡 Transaction fetch RPC completed in 7.039666ms
[2m2025-12-10T10:09:47.310436Z[0m [34mDEBUG[0m [2methereum_transaction_pool_monitor::eth_client[0m[2m:[0m ✅ Transaction 0x5b65e214edc38b3ed03fd6769b11e0ba80970bc9036d8c8dfa366c671d0ccdda fetched and parsed in 78.65125ms
[2m2025-12-10T10:09:47.310462Z[0m [34mDEBUG[0m [2methereum_transaction_pool_monitor::mempool_monitor[0m[2m:[0m 🔍 Skipping tx 0x5b65e214edc38b3ed03fd6769b11e0ba80970bc9036d8c8dfa366c671d0ccdda - not a DEX interaction (target: 0x601a2aD6CB5949f0529735254189Ba3194221EDF)
[2m2025-12-10T10:09:47.310472Z[0m [34mDEBUG[0m [2methereum_transaction_pool_monitor::mempool_monitor[0m[2m:[0m 📨 Processing new pending transaction: 0xa8f698ab986cf71d1f3e08ddda48e2068547b11635f8fd663a3f12cca974d9b2
[2m2025-12-10T10:09:47.310479Z[0m [34mDEBUG[0m [2methereum_transaction_pool_monitor::mempool_monitor[0m[2m:[0m 🔍 Fetching transaction details for: 0xa8f698ab986cf71d1f3e08ddda48e2068547b11635f8fd663a3f12cca974d9b2
[2m2025-12-10T10:09:47.310485Z[0m [34mDEBUG[0m [2methereum_transaction_pool_monitor::eth_client[0m[2m:[0m 🔍 Fetching transaction details for hash: 0xa8f698ab986cf71d1f3e08ddda48e2068547b11635f8fd663a3f12cca974d9b2
[2m2025-12-10T10:09:47.310502Z[0m [34mDEBUG[0m [2mhyper::client::pool[0m[2m:[0m reuse idle connection for ("http", 192.168.0.14:8545)
[2m2025-12-10T10:09:47.310545Z[0m [34mDEBUG[0m [2mhyper::proto::h1::io[0m[2m:[0m flushed 250 bytes
[2m2025-12-10T10:09:47.310562Z[0m [34mDEBUG[0m [2mhyper::proto::h1::io[0m[2m:[0m parsed 4 headers
[2m2025-12-10T10:09:47.310567Z[0m [34mDEBUG[0m [2mhyper::proto::h1::conn[0m[2m:[0m incoming body is content-length (45 bytes)
[2m2025-12-10T10:09:47.310576Z[0m [34mDEBUG[0m [2mhyper::proto::h1::conn[0m[2m:[0m incoming body completed
[2m2025-12-10T10:09:47.310584Z[0m [34mDEBUG[0m [2mhyper::client::pool[0m[2m:[0m pooling idle connection for ("http", 192.168.0.14:8545)
[2m2025-12-10T10:09:47.310598Z[0m [34mDEBUG[0m [2mhyper::client::pool[0m[2m:[0m reuse idle connection for ("http", 192.168.0.14:8545)
[2m2025-12-10T10:09:47.310613Z[0m [34mDEBUG[0m [2mhyper::proto::h1::io[0m[2m:[0m flushed 172 bytes
[2m2025-12-10T10:09:47.314295Z[0m [34mDEBUG[0m [2mhyper::proto::h1::io[0m[2m:[0m parsed 4 headers
[2m2025-12-10T10:09:47.314304Z[0m [34mDEBUG[0m [2mhyper::proto::h1::conn[0m[2m:[0m incoming body is content-length (45 bytes)
[2m2025-12-10T10:09:47.314310Z[0m [34mDEBUG[0m [2mhyper::proto::h1::conn[0m[2m:[0m incoming body completed
[2m2025-12-10T10:09:47.314316Z[0m [34mDEBUG[0m [2mhyper::client::pool[0m[2m:[0m pooling idle connection for ("http", 192.168.0.14:8545)
[2m2025-12-10T10:09:47.314864Z[0m [34mDEBUG[0m [2mhyper::proto::h1::io[0m[2m:[0m parsed 4 headers
[2m2025-12-10T10:09:47.314870Z[0m [34mDEBUG[0m [2mhyper::proto::h1::conn[0m[2m:[0m incoming body is content-length (638 bytes)
[2m2025-12-10T10:09:47.314874Z[0m [34mDEBUG[0m [2mhyper::proto::h1::conn[0m[2m:[0m incoming body completed
[2m2025-12-10T10:09:47.314880Z[0m [34mDEBUG[0m [2mhyper::client::pool[0m[2m:[0m pooling idle connection for ("http", 192.168.0.14:8545)
[2m2025-12-10T10:09:47.314886Z[0m [34mDEBUG[0m [2methereum_transaction_pool_monitor::eth_client[0m[2m:[0m 📡 Transaction fetch RPC completed in 4.3965ms
[2m2025-12-10T10:09:47.386884Z[0m [34mDEBUG[0m [2methereum_transaction_pool_monitor::eth_client[0m[2m:[0m ✅ Transaction 0xa8f698ab986cf71d1f3e08ddda48e2068547b11635f8fd663a3f12cca974d9b2 fetched and parsed in 76.392042ms
[2m2025-12-10T10:09:47.386909Z[0m [34mDEBUG[0m [2methereum_transaction_pool_monitor::mempool_monitor[0m[2m:[0m 🔍 Skipping tx 0xa8f698ab986cf71d1f3e08ddda48e2068547b11635f8fd663a3f12cca974d9b2 - not a DEX interaction (target: 0xAE621635F49d783E9dF494a066ac6141FB1bE875)
[2m2025-12-10T10:09:47.386919Z[0m [34mDEBUG[0m [2methereum_transaction_pool_monitor::mempool_monitor[0m[2m:[0m 📨 Processing new pending transaction: 0xa5695ff5a15950130ac775325982d8c5e77d1e0fc999de0ae6a370c89863ac88
[2m2025-12-10T10:09:47.386926Z[0m [34mDEBUG[0m [2methereum_transaction_pool_monitor::mempool_monitor[0m[2m:[0m 🔍 Fetching transaction details for: 0xa5695ff5a15950130ac775325982d8c5e77d1e0fc999de0ae6a370c89863ac88
[2m2025-12-10T10:09:47.386932Z[0m [34mDEBUG[0m [2methereum_transaction_pool_monitor::eth_client[0m[2m:[0m 🔍 Fetching transaction details for hash: 0xa5695ff5a15950130ac775325982d8c5e77d1e0fc999de0ae6a370c89863ac88
[2m2025-12-10T10:09:47.386950Z[0m [34mDEBUG[0m [2mhyper::client::pool[0m[2m:[0m reuse idle connection for ("http", 192.168.0.14:8545)
[2m2025-12-10T10:09:47.386992Z[0m [34mDEBUG[0m [2mhyper::proto::h1::io[0m[2m:[0m flushed 250 bytes
[2m2025-12-10T10:09:47.391428Z[0m [34mDEBUG[0m [2mhyper::proto::h1::io[0m[2m:[0m parsed 4 headers
[2m2025-12-10T10:09:47.391434Z[0m [34mDEBUG[0m [2mhyper::proto::h1::conn[0m[2m:[0m incoming body is content-length (647 bytes)
[2m2025-12-10T10:09:47.391440Z[0m [34mDEBUG[0m [2mhyper::proto::h1::conn[0m[2m:[0m incoming body completed
[2m2025-12-10T10:09:47.391448Z[0m [34mDEBUG[0m [2mhyper::client::pool[0m[2m:[0m pooling idle connection for ("http", 192.168.0.14:8545)
[2m2025-12-10T10:09:47.391453Z[0m [34mDEBUG[0m [2methereum_transaction_pool_monitor::eth_client[0m[2m:[0m 📡 Transaction fetch RPC completed in 4.516959ms
[2m2025-12-10T10:09:47.462559Z[0m [34mDEBUG[0m [2methereum_transaction_pool_monitor::eth_client[0m[2m:[0m ✅ Transaction 0xa5695ff5a15950130ac775325982d8c5e77d1e0fc999de0ae6a370c89863ac88 fetched and parsed in 75.619375ms
[2m2025-12-10T10:09:47.462588Z[0m [34mDEBUG[0m [2methereum_transaction_pool_monitor::mempool_monitor[0m[2m:[0m 🔍 Skipping tx 0xa5695ff5a15950130ac775325982d8c5e77d1e0fc999de0ae6a370c89863ac88 - not a DEX interaction (target: 0xb5d85CBf7cB3EE0D56b3bB207D5Fc4B82f43F511)
[2m2025-12-10T10:09:47.462600Z[0m [34mDEBUG[0m [2methereum_transaction_pool_monitor::mempool_monitor[0m[2m:[0m 📨 Processing new pending transaction: 0x2b4e5d52b7d5646d71db47512fd0ad3bae9689f8acf65f8295886ed24c1cdbec
[2m2025-12-10T10:09:47.462607Z[0m [34mDEBUG[0m [2methereum_transaction_pool_monitor::mempool_monitor[0m[2m:[0m 🔍 Fetching transaction details for: 0x2b4e5d52b7d5646d71db47512fd0ad3bae9689f8acf65f8295886ed24c1cdbec
[2m2025-12-10T10:09:47.462614Z[0m [34mDEBUG[0m [2methereum_transaction_pool_monitor::eth_client[0m[2m:[0m 🔍 Fetching transaction details for hash: 0x2b4e5d52b7d5646d71db47512fd0ad3bae9689f8acf65f8295886ed24c1cdbec
[2m2025-12-10T10:09:47.462634Z[0m [34mDEBUG[0m [2mhyper::client::pool[0m[2m:[0m reuse idle connection for ("http", 192.168.0.14:8545)
[2m2025-12-10T10:09:47.462671Z[0m [34mDEBUG[0m [2mhyper::proto::h1::io[0m[2m:[0m flushed 250 bytes
[2m2025-12-10T10:09:47.462701Z[0m [34mDEBUG[0m [2mhyper::client::pool[0m[2m:[0m reuse idle connection for ("http", 192.168.0.14:8545)
[2m2025-12-10T10:09:47.462717Z[0m [34mDEBUG[0m [2mhyper::proto::h1::io[0m[2m:[0m flushed 172 bytes
[2m2025-12-10T10:09:47.466616Z[0m [34mDEBUG[0m [2mhyper::proto::h1::io[0m[2m:[0m parsed 4 headers
[2m2025-12-10T10:09:47.467652Z[0m [34mDEBUG[0m [2mhyper::proto::h1::conn[0m[2m:[0m incoming body is content-length (45 bytes)
[2m2025-12-10T10:09:47.467680Z[0m [34mDEBUG[0m [2mhyper::proto::h1::conn[0m[2m:[0m incoming body completed
[2m2025-12-10T10:09:47.467700Z[0m [34mDEBUG[0m [2mhyper::client::pool[0m[2m:[0m pooling idle connection for ("http", 192.168.0.14:8545)
[2m2025-12-10T10:09:47.467986Z[0m [34mDEBUG[0m [2mhyper::proto::h1::io[0m[2m:[0m parsed 4 headers
[2m2025-12-10T10:09:47.467993Z[0m [34mDEBUG[0m [2mhyper::proto::h1::conn[0m[2m:[0m incoming body is content-length (830 bytes)
[2m2025-12-10T10:09:47.468000Z[0m [34mDEBUG[0m [2mhyper::proto::h1::conn[0m[2m:[0m incoming body completed
[2m2025-12-10T10:09:47.468005Z[0m [34mDEBUG[0m [2mhyper::client::pool[0m[2m:[0m pooling idle connection for ("http", 192.168.0.14:8545)
[2m2025-12-10T10:09:47.468009Z[0m [34mDEBUG[0m [2methereum_transaction_pool_monitor::eth_client[0m[2m:[0m 📡 Transaction fetch RPC completed in 5.390875ms
[2m2025-12-10T10:09:47.539963Z[0m [34mDEBUG[0m [2methereum_transaction_pool_monitor::eth_client[0m[2m:[0m ✅ Transaction 0x2b4e5d52b7d5646d71db47512fd0ad3bae9689f8acf65f8295886ed24c1cdbec fetched and parsed in 77.341834ms
[2m2025-12-10T10:09:47.539988Z[0m [34mDEBUG[0m [2methereum_transaction_pool_monitor::mempool_monitor[0m[2m:[0m 🔍 Skipping tx 0x2b4e5d52b7d5646d71db47512fd0ad3bae9689f8acf65f8295886ed24c1cdbec - not a DEX interaction (target: 0x3B4D794a66304F130a4Db8F2551B0070dfCf5ca7)
[2m2025-12-10T10:09:47.539997Z[0m [34mDEBUG[0m [2methereum_transaction_pool_monitor::mempool_monitor[0m[2m:[0m 📨 Processing new pending transaction: 0x7bfc0b1af0f3adae77dbd226f4b6af8ba6a51510864966bc30a09520e79c8325
[2m2025-12-10T10:09:47.540005Z[0m [34mDEBUG[0m [2methereum_transaction_pool_monitor::mempool_monitor[0m[2m:[0m 🔍 Fetching transaction details for: 0x7bfc0b1af0f3adae77dbd226f4b6af8ba6a51510864966bc30a09520e79c8325
[2m2025-12-10T10:09:47.540013Z[0m [34mDEBUG[0m [2methereum_transaction_pool_monitor::eth_client[0m[2m:[0m 🔍 Fetching transaction details for hash: 0x7bfc0b1af0f3adae77dbd226f4b6af8ba6a51510864966bc30a09520e79c8325
[2m2025-12-10T10:09:47.540030Z[0m [34mDEBUG[0m [2mhyper::client::pool[0m[2m:[0m reuse idle connection for ("http", 192.168.0.14:8545)
[2m2025-12-10T10:09:47.540069Z[0m [34mDEBUG[0m [2mhyper::proto::h1::io[0m[2m:[0m flushed 250 bytes
[2m2025-12-10T10:09:47.540097Z[0m [34mDEBUG[0m [2mhyper::client::pool[0m[2m:[0m reuse idle connection for ("http", 192.168.0.14:8545)
[2m2025-12-10T10:09:47.540113Z[0m [34mDEBUG[0m [2mhyper::proto::h1::io[0m[2m:[0m flushed 172 bytes
[2m2025-12-10T10:09:47.546902Z[0m [34mDEBUG[0m [2mhyper::proto::h1::io[0m[2m:[0m parsed 4 headers
[2m2025-12-10T10:09:47.546925Z[0m [34mDEBUG[0m [2mhyper::proto::h1::conn[0m[2m:[0m incoming body is content-length (647 bytes)
[2m2025-12-10T10:09:47.546950Z[0m [34mDEBUG[0m [2mhyper::proto::h1::conn[0m[2m:[0m incoming body completed
[2m2025-12-10T10:09:47.546963Z[0m [34mDEBUG[0m [2mhyper::client::pool[0m[2m:[0m pooling idle connection for ("http", 192.168.0.14:8545)
[2m2025-12-10T10:09:47.546983Z[0m [34mDEBUG[0m [2methereum_transaction_pool_monitor::eth_client[0m[2m:[0m 📡 Transaction fetch RPC completed in 6.965792ms
[2m2025-12-10T10:09:47.618354Z[0m [34mDEBUG[0m [2methereum_transaction_pool_monitor::eth_client[0m[2m:[0m ✅ Transaction 0x7bfc0b1af0f3adae77dbd226f4b6af8ba6a51510864966bc30a09520e79c8325 fetched and parsed in 78.33425ms
[2m2025-12-10T10:09:47.618387Z[0m [34mDEBUG[0m [2methereum_transaction_pool_monitor::mempool_monitor[0m[2m:[0m 🔍 Skipping tx 0x7bfc0b1af0f3adae77dbd226f4b6af8ba6a51510864966bc30a09520e79c8325 - not a DEX interaction (target: 0xb5d85CBf7cB3EE0D56b3bB207D5Fc4B82f43F511)
[2m2025-12-10T10:09:47.618397Z[0m [34mDEBUG[0m [2methereum_transaction_pool_monitor::mempool_monitor[0m[2m:[0m 📨 Processing new pending transaction: 0x77052751abe867f8c7dcfe2dd573c2e1782aff6e36ed42c66e132a38193cbd4e
[2m2025-12-10T10:09:47.618402Z[0m [34mDEBUG[0m [2methereum_transaction_pool_monitor::mempool_monitor[0m[2m:[0m 🔍 Fetching transaction details for: 0x77052751abe867f8c7dcfe2dd573c2e1782aff6e36ed42c66e132a38193cbd4e
[2m2025-12-10T10:09:47.618406Z[0m [34mDEBUG[0m [2methereum_transaction_pool_monitor::eth_client[0m[2m:[0m 🔍 Fetching transaction details for hash: 0x77052751abe867f8c7dcfe2dd573c2e1782aff6e36ed42c66e132a38193cbd4e
[2m2025-12-10T10:09:47.618426Z[0m [34mDEBUG[0m [2mhyper::client::pool[0m[2m:[0m reuse idle connection for ("http", 192.168.0.14:8545)
[2m2025-12-10T10:09:47.618488Z[0m [34mDEBUG[0m [2mhyper::proto::h1::io[0m[2m:[0m flushed 250 bytes
[2m2025-12-10T10:09:47.618519Z[0m [34mDEBUG[0m [2methereum_transaction_pool_monitor::eth_client[0m[2m:[0m 📨 Received WebSocket message: {"jsonrpc":"2.0","method":"eth_subscription","params":{"subscription":"0xbed0a0851463e895960a451075a301a9","result":"0x2f283f30e2fb2de87d76526c79d1b208cfc347f17a1f2b288ff3f370c210c67f"}}
[2m2025-12-10T10:09:47.618538Z[0m [34mDEBUG[0m [2methereum_transaction_pool_monitor::eth_client[0m[2m:[0m 📨 Received pending transaction: 0x2f283f30e2fb2de87d76526c79d1b208cfc347f17a1f2b288ff3f370c210c67f
[2m2025-12-10T10:09:47.618559Z[0m [34mDEBUG[0m [2mhyper::proto::h1::io[0m[2m:[0m parsed 4 headers
[2m2025-12-10T10:09:47.618568Z[0m [34mDEBUG[0m [2mhyper::proto::h1::conn[0m[2m:[0m incoming body is content-length (45 bytes)
[2m2025-12-10T10:09:47.618575Z[0m [34mDEBUG[0m [2mhyper::proto::h1::conn[0m[2m:[0m incoming body completed
[2m2025-12-10T10:09:47.618584Z[0m [34mDEBUG[0m [2mhyper::client::pool[0m[2m:[0m pooling idle connection for ("http", 192.168.0.14:8545)
[2m2025-12-10T10:09:47.618603Z[0m [34mDEBUG[0m [2mhyper::client::pool[0m[2m:[0m reuse idle connection for ("http", 192.168.0.14:8545)
[2m2025-12-10T10:09:47.618631Z[0m [34mDEBUG[0m [2mhyper::proto::h1::io[0m[2m:[0m flushed 172 bytes
[2m2025-12-10T10:09:47.624079Z[0m [34mDEBUG[0m [2mhyper::proto::h1::io[0m[2m:[0m parsed 4 headers
[2m2025-12-10T10:09:47.627678Z[0m [34mDEBUG[0m [2mhyper::proto::h1::conn[0m[2m:[0m incoming body is content-length (45 bytes)
[2m2025-12-10T10:09:47.627713Z[0m [34mDEBUG[0m [2mhyper::proto::h1::conn[0m[2m:[0m incoming body completed
[2m2025-12-10T10:09:47.627723Z[0m [34mDEBUG[0m [2mhyper::client::pool[0m[2m:[0m pooling idle connection for ("http", 192.168.0.14:8545)
[2m2025-12-10T10:09:47.627753Z[0m [34mDEBUG[0m [2mhyper::proto::h1::io[0m[2m:[0m parsed 4 headers
[2m2025-12-10T10:09:47.627757Z[0m [34mDEBUG[0m [2mhyper::proto::h1::conn[0m[2m:[0m incoming body is content-length (647 bytes)
[2m2025-12-10T10:09:47.627762Z[0m [34mDEBUG[0m [2mhyper::proto::h1::conn[0m[2m:[0m incoming body completed
[2m2025-12-10T10:09:47.627773Z[0m [34mDEBUG[0m [2mhyper::client::pool[0m[2m:[0m pooling idle connection for ("http", 192.168.0.14:8545)
[2m2025-12-10T10:09:47.627782Z[0m [34mDEBUG[0m [2methereum_transaction_pool_monitor::eth_client[0m[2m:[0m 📡 Transaction fetch RPC completed in 9.371541ms
[2m2025-12-10T10:09:47.699203Z[0m [34mDEBUG[0m [2methereum_transaction_pool_monitor::eth_client[0m[2m:[0m ✅ Transaction 0x77052751abe867f8c7dcfe2dd573c2e1782aff6e36ed42c66e132a38193cbd4e fetched and parsed in 80.788958ms
[2m2025-12-10T10:09:47.699229Z[0m [34mDEBUG[0m [2methereum_transaction_pool_monitor::mempool_monitor[0m[2m:[0m 🔍 Skipping tx 0x77052751abe867f8c7dcfe2dd573c2e1782aff6e36ed42c66e132a38193cbd4e - not a DEX interaction (target: 0xb5d85CBf7cB3EE0D56b3bB207D5Fc4B82f43F511)
[2m2025-12-10T10:09:47.699241Z[0m [34mDEBUG[0m [2methereum_transaction_pool_monitor::mempool_monitor[0m[2m:[0m 📨 Processing new pending transaction: 0xe42964d3f41089dfb67abdb1a1f04b1f3d1851bbff0818e66f3648ba733a9e01
[2m2025-12-10T10:09:47.699247Z[0m [34mDEBUG[0m [2methereum_transaction_pool_monitor::mempool_monitor[0m[2m:[0m 🔍 Fetching transaction details for: 0xe42964d3f41089dfb67abdb1a1f04b1f3d1851bbff0818e66f3648ba733a9e01
[2m2025-12-10T10:09:47.699253Z[0m [34mDEBUG[0m [2methereum_transaction_pool_monitor::eth_client[0m[2m:[0m 🔍 Fetching transaction details for hash: 0xe42964d3f41089dfb67abdb1a1f04b1f3d1851bbff0818e66f3648ba733a9e01
[2m2025-12-10T10:09:47.699273Z[0m [34mDEBUG[0m [2mhyper::client::pool[0m[2m:[0m reuse idle connection for ("http", 192.168.0.14:8545)
[2m2025-12-10T10:09:47.699309Z[0m [34mDEBUG[0m [2mhyper::proto::h1::io[0m[2m:[0m flushed 250 bytes
[2m2025-12-10T10:09:47.699329Z[0m [34mDEBUG[0m [2mhyper::client::pool[0m[2m:[0m reuse idle connection for ("http", 192.168.0.14:8545)
[2m2025-12-10T10:09:47.699342Z[0m [34mDEBUG[0m [2mhyper::proto::h1::io[0m[2m:[0m flushed 172 bytes
[2m2025-12-10T10:09:47.699342Z[0m [34mDEBUG[0m [2methereum_transaction_pool_monitor::eth_client[0m[2m:[0m 📨 Received WebSocket message: {"jsonrpc":"2.0","method":"eth_subscription","params":{"subscription":"0xbed0a0851463e895960a451075a301a9","result":"0x0e7825e27f26f2afba352ca6b282cc51112657eda7c99579352bf3b4db21c6ab"}}
[2m2025-12-10T10:09:47.699361Z[0m [34mDEBUG[0m [2methereum_transaction_pool_monitor::eth_client[0m[2m:[0m 📨 Received pending transaction: 0x0e7825e27f26f2afba352ca6b282cc51112657eda7c99579352bf3b4db21c6ab
[2m2025-12-10T10:09:47.699370Z[0m [34mDEBUG[0m [2methereum_transaction_pool_monitor::eth_client[0m[2m:[0m 📨 Received WebSocket message: {"jsonrpc":"2.0","method":"eth_subscription","params":{"subscription":"0xbed0a0851463e895960a451075a301a9","result":"0xf5b7e82a18e639427b8e54d9a42730a98df7798f3b25a7f3a1e925607b8866ed"}}
[2m2025-12-10T10:09:47.699379Z[0m [34mDEBUG[0m [2methereum_transaction_pool_monitor::eth_client[0m[2m:[0m 📨 Received pending transaction: 0xf5b7e82a18e639427b8e54d9a42730a98df7798f3b25a7f3a1e925607b8866ed
[2m2025-12-10T10:09:47.705074Z[0m [34mDEBUG[0m [2mhyper::proto::h1::io[0m[2m:[0m parsed 4 headers
[2m2025-12-10T10:09:47.705080Z[0m [34mDEBUG[0m [2mhyper::proto::h1::conn[0m[2m:[0m incoming body is content-length (45 bytes)
[2m2025-12-10T10:09:47.705086Z[0m [34mDEBUG[0m [2mhyper::proto::h1::conn[0m[2m:[0m incoming body completed
[2m2025-12-10T10:09:47.705092Z[0m [34mDEBUG[0m [2mhyper::client::pool[0m[2m:[0m pooling idle connection for ("http", 192.168.0.14:8545)
[2m2025-12-10T10:09:47.709250Z[0m [34mDEBUG[0m [2mhyper::proto::h1::io[0m[2m:[0m parsed 4 headers
[2m2025-12-10T10:09:47.709271Z[0m [34mDEBUG[0m [2mhyper::proto::h1::conn[0m[2m:[0m incoming body is content-length (767 bytes)
[2m2025-12-10T10:09:47.709289Z[0m [34mDEBUG[0m [2mhyper::proto::h1::conn[0m[2m:[0m incoming body completed
[2m2025-12-10T10:09:47.709309Z[0m [34mDEBUG[0m [2mhyper::client::pool[0m[2m:[0m pooling idle connection for ("http", 192.168.0.14:8545)
[2m2025-12-10T10:09:47.709313Z[0m [34mDEBUG[0m [2methereum_transaction_pool_monitor::eth_client[0m[2m:[0m 📡 Transaction fetch RPC completed in 10.055708ms
[2m2025-12-10T10:09:47.779608Z[0m [34mDEBUG[0m [2methereum_transaction_pool_monitor::eth_client[0m[2m:[0m ✅ Transaction 0xe42964d3f41089dfb67abdb1a1f04b1f3d1851bbff0818e66f3648ba733a9e01 fetched and parsed in 80.348041ms
[2m2025-12-10T10:09:47.779635Z[0m [34mDEBUG[0m [2methereum_transaction_pool_monitor::mempool_monitor[0m[2m:[0m 🔍 Skipping tx 0xe42964d3f41089dfb67abdb1a1f04b1f3d1851bbff0818e66f3648ba733a9e01 - not a DEX interaction (target: 0xA0b86991c6218b36c1d19D4a2e9Eb0cE3606eB48)
[2m2025-12-10T10:09:47.779648Z[0m [34mDEBUG[0m [2methereum_transaction_pool_monitor::mempool_monitor[0m[2m:[0m 📨 Processing new pending transaction: 0xda01d674da822b85e7222d5c11da87ddbe8865e5c1100f2757a8c63d9ba106aa
[2m2025-12-10T10:09:47.779655Z[0m [34mDEBUG[0m [2methereum_transaction_pool_monitor::mempool_monitor[0m[2m:[0m 🔍 Fetching transaction details for: 0xda01d674da822b85e7222d5c11da87ddbe8865e5c1100f2757a8c63d9ba106aa
[2m2025-12-10T10:09:47.779659Z[0m [34mDEBUG[0m [2methereum_transaction_pool_monitor::eth_client[0m[2m:[0m 🔍 Fetching transaction details for hash: 0xda01d674da822b85e7222d5c11da87ddbe8865e5c1100f2757a8c63d9ba106aa
[2m2025-12-10T10:09:47.779678Z[0m [34mDEBUG[0m [2mhyper::client::pool[0m[2m:[0m reuse idle connection for ("http", 192.168.0.14:8545)
[2m2025-12-10T10:09:47.779709Z[0m [34mDEBUG[0m [2mhyper::proto::h1::io[0m[2m:[0m flushed 250 bytes
[2m2025-12-10T10:09:47.788672Z[0m [34mDEBUG[0m [2mhyper::proto::h1::io[0m[2m:[0m parsed 4 headers
[2m2025-12-10T10:09:47.788680Z[0m [34mDEBUG[0m [2mhyper::proto::h1::conn[0m[2m:[0m incoming body is content-length (648 bytes)
[2m2025-12-10T10:09:47.788689Z[0m [34mDEBUG[0m [2mhyper::proto::h1::conn[0m[2m:[0m incoming body completed
[2m2025-12-10T10:09:47.788698Z[0m [34mDEBUG[0m [2mhyper::client::pool[0m[2m:[0m pooling idle connection for ("http", 192.168.0.14:8545)
[2m2025-12-10T10:09:47.788705Z[0m [34mDEBUG[0m [2methereum_transaction_pool_monitor::eth_client[0m[2m:[0m 📡 Transaction fetch RPC completed in 9.041084ms
[2m2025-12-10T10:09:47.858760Z[0m [34mDEBUG[0m [2methereum_transaction_pool_monitor::eth_client[0m[2m:[0m ✅ Transaction 0xda01d674da822b85e7222d5c11da87ddbe8865e5c1100f2757a8c63d9ba106aa fetched and parsed in 79.093375ms
[2m2025-12-10T10:09:47.858791Z[0m [34mDEBUG[0m [2methereum_transaction_pool_monitor::mempool_monitor[0m[2m:[0m 🔍 Skipping tx 0xda01d674da822b85e7222d5c11da87ddbe8865e5c1100f2757a8c63d9ba106aa - not a DEX interaction (target: 0xb5d85CBf7cB3EE0D56b3bB207D5Fc4B82f43F511)
[2m2025-12-10T10:09:47.858802Z[0m [34mDEBUG[0m [2methereum_transaction_pool_monitor::mempool_monitor[0m[2m:[0m 📨 Processing new pending transaction: 0x65ad04b6046b2e2c36318a8f7f10bff5358d2695b0c2a2bf17ba73de0daee13a
[2m2025-12-10T10:09:47.858812Z[0m [34mDEBUG[0m [2methereum_transaction_pool_monitor::mempool_monitor[0m[2m:[0m 🔍 Fetching transaction details for: 0x65ad04b6046b2e2c36318a8f7f10bff5358d2695b0c2a2bf17ba73de0daee13a
[2m2025-12-10T10:09:47.858819Z[0m [34mDEBUG[0m [2methereum_transaction_pool_monitor::eth_client[0m[2m:[0m 🔍 Fetching transaction details for hash: 0x65ad04b6046b2e2c36318a8f7f10bff5358d2695b0c2a2bf17ba73de0daee13a
[2m2025-12-10T10:09:47.858839Z[0m [34mDEBUG[0m [2mhyper::client::pool[0m[2m:[0m reuse idle connection for ("http", 192.168.0.14:8545)
[2m2025-12-10T10:09:47.858876Z[0m [34mDEBUG[0m [2mhyper::proto::h1::io[0m[2m:[0m flushed 250 bytes
[2m2025-12-10T10:09:47.858909Z[0m [34mDEBUG[0m [2mhyper::client::pool[0m[2m:[0m reuse idle connection for ("http", 192.168.0.14:8545)
[2m2025-12-10T10:09:47.858924Z[0m [34mDEBUG[0m [2mhyper::proto::h1::io[0m[2m:[0m flushed 172 bytes
[2m2025-12-10T10:09:47.862252Z[0m [34mDEBUG[0m [2mhyper::proto::h1::io[0m[2m:[0m parsed 4 headers
[2m2025-12-10T10:09:47.862257Z[0m [34mDEBUG[0m [2mhyper::proto::h1::conn[0m[2m:[0m incoming body is content-length (45 bytes)
[2m2025-12-10T10:09:47.862263Z[0m [34mDEBUG[0m [2mhyper::proto::h1::conn[0m[2m:[0m incoming body completed
[2m2025-12-10T10:09:47.862278Z[0m [34mDEBUG[0m [2mhyper::client::pool[0m[2m:[0m pooling idle connection for ("http", 192.168.0.14:8545)
[2m2025-12-10T10:09:47.862297Z[0m [34mDEBUG[0m [2mhyper::proto::h1::io[0m[2m:[0m parsed 4 headers
[2m2025-12-10T10:09:47.862304Z[0m [34mDEBUG[0m [2mhyper::proto::h1::conn[0m[2m:[0m incoming body is content-length (647 bytes)
[2m2025-12-10T10:09:47.862308Z[0m [34mDEBUG[0m [2mhyper::proto::h1::conn[0m[2m:[0m incoming body completed
[2m2025-12-10T10:09:47.862315Z[0m [34mDEBUG[0m [2mhyper::client::pool[0m[2m:[0m pooling idle connection for ("http", 192.168.0.14:8545)
[2m2025-12-10T10:09:47.862323Z[0m [34mDEBUG[0m [2methereum_transaction_pool_monitor::eth_client[0m[2m:[0m 📡 Transaction fetch RPC completed in 3.498125ms
[2m2025-12-10T10:09:47.933621Z[0m [34mDEBUG[0m [2methereum_transaction_pool_monitor::eth_client[0m[2m:[0m ✅ Transaction 0x65ad04b6046b2e2c36318a8f7f10bff5358d2695b0c2a2bf17ba73de0daee13a fetched and parsed in 74.794541ms
[2m2025-12-10T10:09:47.933651Z[0m [34mDEBUG[0m [2methereum_transaction_pool_monitor::mempool_monitor[0m[2m:[0m 🔍 Skipping tx 0x65ad04b6046b2e2c36318a8f7f10bff5358d2695b0c2a2bf17ba73de0daee13a - not a DEX interaction (target: 0xA9D1e08C7793af67e9d92fe308d5697FB81d3E43)
[2m2025-12-10T10:09:47.933665Z[0m [34mDEBUG[0m [2methereum_transaction_pool_monitor::mempool_monitor[0m[2m:[0m 📨 Processing new pending transaction: 0x5b320254809878c391c2044d5b46ec40d8c5f28e94ac6774d5c3130802678270
[2m2025-12-10T10:09:47.933674Z[0m [34mDEBUG[0m [2methereum_transaction_pool_monitor::mempool_monitor[0m[2m:[0m 🔍 Fetching transaction details for: 0x5b320254809878c391c2044d5b46ec40d8c5f28e94ac6774d5c3130802678270
[2m2025-12-10T10:09:47.933687Z[0m [34mDEBUG[0m [2methereum_transaction_pool_monitor::eth_client[0m[2m:[0m 🔍 Fetching transaction details for hash: 0x5b320254809878c391c2044d5b46ec40d8c5f28e94ac6774d5c3130802678270
[2m2025-12-10T10:09:47.933705Z[0m [34mDEBUG[0m [2mhyper::client::pool[0m[2m:[0m reuse idle connection for ("http", 192.168.0.14:8545)
[2m2025-12-10T10:09:47.933741Z[0m [34mDEBUG[0m [2mhyper::proto::h1::io[0m[2m:[0m flushed 250 bytes
[2m2025-12-10T10:09:47.933769Z[0m [34mDEBUG[0m [2mhyper::client::pool[0m[2m:[0m reuse idle connection for ("http", 192.168.0.14:8545)
[2m2025-12-10T10:09:47.933786Z[0m [34mDEBUG[0m [2mhyper::proto::h1::io[0m[2m:[0m flushed 172 bytes
[2m2025-12-10T10:09:47.937880Z[0m [34mDEBUG[0m [2mhyper::proto::h1::io[0m[2m:[0m parsed 4 headers
[2m2025-12-10T10:09:47.937895Z[0m [34mDEBUG[0m [2mhyper::proto::h1::conn[0m[2m:[0m incoming body is content-length (45 bytes)
[2m2025-12-10T10:09:47.937903Z[0m [34mDEBUG[0m [2mhyper::proto::h1::conn[0m[2m:[0m incoming body completed
[2m2025-12-10T10:09:47.937913Z[0m [34mDEBUG[0m [2mhyper::client::pool[0m[2m:[0m pooling idle connection for ("http", 192.168.0.14:8545)
[2m2025-12-10T10:09:47.937934Z[0m [34mDEBUG[0m [2mhyper::proto::h1::io[0m[2m:[0m parsed 4 headers
[2m2025-12-10T10:09:47.937939Z[0m [34mDEBUG[0m [2mhyper::proto::h1::conn[0m[2m:[0m incoming body is content-length (651 bytes)
[2m2025-12-10T10:09:47.937943Z[0m [34mDEBUG[0m [2mhyper::proto::h1::conn[0m[2m:[0m incoming body completed
[2m2025-12-10T10:09:47.937947Z[0m [34mDEBUG[0m [2mhyper::client::pool[0m[2m:[0m pooling idle connection for ("http", 192.168.0.14:8545)
[2m2025-12-10T10:09:47.937951Z[0m [34mDEBUG[0m [2methereum_transaction_pool_monitor::eth_client[0m[2m:[0m 📡 Transaction fetch RPC completed in 4.259125ms
[2m2025-12-10T10:09:48.009348Z[0m [34mDEBUG[0m [2methereum_transaction_pool_monitor::eth_client[0m[2m:[0m ✅ Transaction 0x5b320254809878c391c2044d5b46ec40d8c5f28e94ac6774d5c3130802678270 fetched and parsed in 75.653542ms
[2m2025-12-10T10:09:48.009372Z[0m [34mDEBUG[0m [2methereum_transaction_pool_monitor::mempool_monitor[0m[2m:[0m 🔍 Skipping tx 0x5b320254809878c391c2044d5b46ec40d8c5f28e94ac6774d5c3130802678270 - not a DEX interaction (target: 0x05470bE045e1FB691eC66dc554793D9Bd41E2216)
[2m2025-12-10T10:09:48.009384Z[0m [34mDEBUG[0m [2methereum_transaction_pool_monitor::mempool_monitor[0m[2m:[0m 📨 Processing new pending transaction: 0x4fe360f5c4f93d0be96d548dc009256537a3e790e1b247a42a3d738426f8d87d
[2m2025-12-10T10:09:48.009390Z[0m [34mDEBUG[0m [2methereum_transaction_pool_monitor::mempool_monitor[0m[2m:[0m 🔍 Fetching transaction details for: 0x4fe360f5c4f93d0be96d548dc009256537a3e790e1b247a42a3d738426f8d87d
[2m2025-12-10T10:09:48.009395Z[0m [34mDEBUG[0m [2methereum_transaction_pool_monitor::eth_client[0m[2m:[0m 🔍 Fetching transaction details for hash: 0x4fe360f5c4f93d0be96d548dc009256537a3e790e1b247a42a3d738426f8d87d
[2m2025-12-10T10:09:48.009414Z[0m [34mDEBUG[0m [2mhyper::client::pool[0m[2m:[0m reuse idle connection for ("http", 192.168.0.14:8545)
[2m2025-12-10T10:09:48.009460Z[0m [34mDEBUG[0m [2mhyper::proto::h1::io[0m[2m:[0m flushed 250 bytes
[2m2025-12-10T10:09:48.009491Z[0m [34mDEBUG[0m [2mhyper::client::pool[0m[2m:[0m reuse idle connection for ("http", 192.168.0.14:8545)
[2m2025-12-10T10:09:48.009508Z[0m [34mDEBUG[0m [2mhyper::proto::h1::io[0m[2m:[0m flushed 172 bytes
[2m2025-12-10T10:09:48.014180Z[0m [34mDEBUG[0m [2mhyper::proto::h1::io[0m[2m:[0m parsed 4 headers
[2m2025-12-10T10:09:48.014205Z[0m [34mDEBUG[0m [2mhyper::proto::h1::io[0m[2m:[0m parsed 4 headers
[2m2025-12-10T10:09:48.014228Z[0m [34mDEBUG[0m [2mhyper::proto::h1::conn[0m[2m:[0m incoming body is content-length (45 bytes)
[2m2025-12-10T10:09:48.014207Z[0m [34mDEBUG[0m [2mhyper::proto::h1::conn[0m[2m:[0m incoming body is content-length (647 bytes)
[2m2025-12-10T10:09:48.014252Z[0m [34mDEBUG[0m [2mhyper::proto::h1::conn[0m[2m:[0m incoming body completed
[2m2025-12-10T10:09:48.014258Z[0m [34mDEBUG[0m [2mhyper::proto::h1::conn[0m[2m:[0m incoming body completed
[2m2025-12-10T10:09:48.014264Z[0m [34mDEBUG[0m [2mhyper::client::pool[0m[2m:[0m pooling idle connection for ("http", 192.168.0.14:8545)
[2m2025-12-10T10:09:48.014265Z[0m [34mDEBUG[0m [2mhyper::client::pool[0m[2m:[0m pooling idle connection for ("http", 192.168.0.14:8545)
[2m2025-12-10T10:09:48.014283Z[0m [34mDEBUG[0m [2methereum_transaction_pool_monitor::eth_client[0m[2m:[0m 📡 Transaction fetch RPC completed in 4.881416ms
[2m2025-12-10T10:09:48.086034Z[0m [34mDEBUG[0m [2methereum_transaction_pool_monitor::eth_client[0m[2m:[0m ✅ Transaction 0x4fe360f5c4f93d0be96d548dc009256537a3e790e1b247a42a3d738426f8d87d fetched and parsed in 76.63ms
[2m2025-12-10T10:09:48.086066Z[0m [34mDEBUG[0m [2methereum_transaction_pool_monitor::mempool_monitor[0m[2m:[0m 🔍 Skipping tx 0x4fe360f5c4f93d0be96d548dc009256537a3e790e1b247a42a3d738426f8d87d - not a DEX interaction (target: 0xA9D1e08C7793af67e9d92fe308d5697FB81d3E43)
[2m2025-12-10T10:09:48.086078Z[0m [34mDEBUG[0m [2methereum_transaction_pool_monitor::mempool_monitor[0m[2m:[0m 📨 Processing new pending transaction: 0xa7314ac71d3640c89ad0e1cc1e3648d961d7dc57b2d527348c15dc1d56a913f8
[2m2025-12-10T10:09:48.086085Z[0m [34mDEBUG[0m [2methereum_transaction_pool_monitor::mempool_monitor[0m[2m:[0m 🔍 Fetching transaction details for: 0xa7314ac71d3640c89ad0e1cc1e3648d961d7dc57b2d527348c15dc1d56a913f8
[2m2025-12-10T10:09:48.086092Z[0m [34mDEBUG[0m [2methereum_transaction_pool_monitor::eth_client[0m[2m:[0m 🔍 Fetching transaction details for hash: 0xa7314ac71d3640c89ad0e1cc1e3648d961d7dc57b2d527348c15dc1d56a913f8
[2m2025-12-10T10:09:48.086112Z[0m [34mDEBUG[0m [2mhyper::client::pool[0m[2m:[0m reuse idle connection for ("http", 192.168.0.14:8545)
[2m2025-12-10T10:09:48.086154Z[0m [34mDEBUG[0m [2mhyper::proto::h1::io[0m[2m:[0m flushed 250 bytes
[2m2025-12-10T10:09:48.095008Z[0m [34mDEBUG[0m [2mhyper::proto::h1::io[0m[2m:[0m parsed 4 headers
[2m2025-12-10T10:09:48.095037Z[0m [34mDEBUG[0m [2mhyper::proto::h1::conn[0m[2m:[0m incoming body is content-length (647 bytes)
[2m2025-12-10T10:09:48.095057Z[0m [34mDEBUG[0m [2mhyper::proto::h1::conn[0m[2m:[0m incoming body completed
[2m2025-12-10T10:09:48.095081Z[0m [34mDEBUG[0m [2mhyper::client::pool[0m[2m:[0m pooling idle connection for ("http", 192.168.0.14:8545)
[2m2025-12-10T10:09:48.095091Z[0m [34mDEBUG[0m [2methereum_transaction_pool_monitor::eth_client[0m[2m:[0m 📡 Transaction fetch RPC completed in 8.994334ms
[2m2025-12-10T10:09:48.167334Z[0m [34mDEBUG[0m [2methereum_transaction_pool_monitor::eth_client[0m[2m:[0m ✅ Transaction 0xa7314ac71d3640c89ad0e1cc1e3648d961d7dc57b2d527348c15dc1d56a913f8 fetched and parsed in 81.234375ms
[2m2025-12-10T10:09:48.167361Z[0m [34mDEBUG[0m [2methereum_transaction_pool_monitor::mempool_monitor[0m[2m:[0m 🔍 Skipping tx 0xa7314ac71d3640c89ad0e1cc1e3648d961d7dc57b2d527348c15dc1d56a913f8 - not a DEX interaction (target: 0xA9D1e08C7793af67e9d92fe308d5697FB81d3E43)
[2m2025-12-10T10:09:48.167371Z[0m [34mDEBUG[0m [2methereum_transaction_pool_monitor::mempool_monitor[0m[2m:[0m 📨 Processing new pending transaction: 0x943c28356061916c3754a0b23e3f0553fc712a5f5f27ba2bf37d9691a6ee3f5b
[2m2025-12-10T10:09:48.167377Z[0m [34mDEBUG[0m [2methereum_transaction_pool_monitor::mempool_monitor[0m[2m:[0m 🔍 Fetching transaction details for: 0x943c28356061916c3754a0b23e3f0553fc712a5f5f27ba2bf37d9691a6ee3f5b
[2m2025-12-10T10:09:48.167383Z[0m [34mDEBUG[0m [2methereum_transaction_pool_monitor::eth_client[0m[2m:[0m 🔍 Fetching transaction details for hash: 0x943c28356061916c3754a0b23e3f0553fc712a5f5f27ba2bf37d9691a6ee3f5b
[2m2025-12-10T10:09:48.167405Z[0m [34mDEBUG[0m [2mhyper::client::pool[0m[2m:[0m reuse idle connection for ("http", 192.168.0.14:8545)
[2m2025-12-10T10:09:48.167459Z[0m [34mDEBUG[0m [2mhyper::proto::h1::io[0m[2m:[0m flushed 250 bytes
[2m2025-12-10T10:09:48.167491Z[0m [34mDEBUG[0m [2mhyper::client::pool[0m[2m:[0m reuse idle connection for ("http", 192.168.0.14:8545)
[2m2025-12-10T10:09:48.167505Z[0m [34mDEBUG[0m [2mhyper::proto::h1::io[0m[2m:[0m flushed 172 bytes
[2m2025-12-10T10:09:48.172286Z[0m [34mDEBUG[0m [2mhyper::proto::h1::io[0m[2m:[0m parsed 4 headers
[2m2025-12-10T10:09:48.172323Z[0m [34mDEBUG[0m [2mhyper::proto::h1::conn[0m[2m:[0m incoming body is content-length (45 bytes)
[2m2025-12-10T10:09:48.172338Z[0m [34mDEBUG[0m [2mhyper::proto::h1::conn[0m[2m:[0m incoming body completed
[2m2025-12-10T10:09:48.172360Z[0m [34mDEBUG[0m [2mhyper::client::pool[0m[2m:[0m pooling idle connection for ("http", 192.168.0.14:8545)
[2m2025-12-10T10:09:48.173038Z[0m [34mDEBUG[0m [2mhyper::proto::h1::io[0m[2m:[0m parsed 4 headers
[2m2025-12-10T10:09:48.173046Z[0m [34mDEBUG[0m [2mhyper::proto::h1::conn[0m[2m:[0m incoming body is content-length (647 bytes)
[2m2025-12-10T10:09:48.173050Z[0m [34mDEBUG[0m [2mhyper::proto::h1::conn[0m[2m:[0m incoming body completed
[2m2025-12-10T10:09:48.173057Z[0m [34mDEBUG[0m [2mhyper::client::pool[0m[2m:[0m pooling idle connection for ("http", 192.168.0.14:8545)
[2m2025-12-10T10:09:48.173063Z[0m [34mDEBUG[0m [2methereum_transaction_pool_monitor::eth_client[0m[2m:[0m 📡 Transaction fetch RPC completed in 5.674542ms
[2m2025-12-10T10:09:48.244143Z[0m [34mDEBUG[0m [2methereum_transaction_pool_monitor::eth_client[0m[2m:[0m ✅ Transaction 0x943c28356061916c3754a0b23e3f0553fc712a5f5f27ba2bf37d9691a6ee3f5b fetched and parsed in 76.752125ms
[2m2025-12-10T10:09:48.244172Z[0m [34mDEBUG[0m [2methereum_transaction_pool_monitor::mempool_monitor[0m[2m:[0m 🔍 Skipping tx 0x943c28356061916c3754a0b23e3f0553fc712a5f5f27ba2bf37d9691a6ee3f5b - not a DEX interaction (target: 0xb5d85CBf7cB3EE0D56b3bB207D5Fc4B82f43F511)
[2m2025-12-10T10:09:48.244182Z[0m [34mDEBUG[0m [2methereum_transaction_pool_monitor::mempool_monitor[0m[2m:[0m 📨 Processing new pending transaction: 0xb0a6a5cc8520049666d651fa1e11baf96ea7f852382cda8f24ddc9ca8229c6d0
[2m2025-12-10T10:09:48.244186Z[0m [34mDEBUG[0m [2methereum_transaction_pool_monitor::mempool_monitor[0m[2m:[0m 🔍 Fetching transaction details for: 0xb0a6a5cc8520049666d651fa1e11baf96ea7f852382cda8f24ddc9ca8229c6d0
[2m2025-12-10T10:09:48.244191Z[0m [34mDEBUG[0m [2methereum_transaction_pool_monitor::eth_client[0m[2m:[0m 🔍 Fetching transaction details for hash: 0xb0a6a5cc8520049666d651fa1e11baf96ea7f852382cda8f24ddc9ca8229c6d0
[2m2025-12-10T10:09:48.244210Z[0m [34mDEBUG[0m [2mhyper::client::pool[0m[2m:[0m reuse idle connection for ("http", 192.168.0.14:8545)
[2m2025-12-10T10:09:48.244265Z[0m [34mDEBUG[0m [2mhyper::proto::h1::io[0m[2m:[0m flushed 250 bytes
[2m2025-12-10T10:09:48.244291Z[0m [34mDEBUG[0m [2mhyper::client::pool[0m[2m:[0m reuse idle connection for ("http", 192.168.0.14:8545)
[2m2025-12-10T10:09:48.244304Z[0m [34mDEBUG[0m [2mhyper::proto::h1::io[0m[2m:[0m flushed 172 bytes
[2m2025-12-10T10:09:48.248450Z[0m [34mDEBUG[0m [2mhyper::proto::h1::io[0m[2m:[0m parsed 4 headers
[2m2025-12-10T10:09:48.248477Z[0m [34mDEBUG[0m [2mhyper::proto::h1::conn[0m[2m:[0m incoming body is content-length (45 bytes)
[2m2025-12-10T10:09:48.248503Z[0m [34mDEBUG[0m [2mhyper::proto::h1::conn[0m[2m:[0m incoming body completed
[2m2025-12-10T10:09:48.248543Z[0m [34mDEBUG[0m [2mhyper::client::pool[0m[2m:[0m pooling idle connection for ("http", 192.168.0.14:8545)
[2m2025-12-10T10:09:48.248842Z[0m [34mDEBUG[0m [2mhyper::proto::h1::io[0m[2m:[0m parsed 4 headers
[2m2025-12-10T10:09:48.248849Z[0m [34mDEBUG[0m [2mhyper::proto::h1::conn[0m[2m:[0m incoming body is content-length (647 bytes)
[2m2025-12-10T10:09:48.248855Z[0m [34mDEBUG[0m [2mhyper::proto::h1::conn[0m[2m:[0m incoming body completed
[2m2025-12-10T10:09:48.248861Z[0m [34mDEBUG[0m [2mhyper::client::pool[0m[2m:[0m pooling idle connection for ("http", 192.168.0.14:8545)
[2m2025-12-10T10:09:48.248867Z[0m [34mDEBUG[0m [2methereum_transaction_pool_monitor::eth_client[0m[2m:[0m 📡 Transaction fetch RPC completed in 4.671459ms
[2m2025-12-10T10:09:48.318567Z[0m [34mDEBUG[0m [2methereum_transaction_pool_monitor::eth_client[0m[2m:[0m ✅ Transaction 0xb0a6a5cc8520049666d651fa1e11baf96ea7f852382cda8f24ddc9ca8229c6d0 fetched and parsed in 74.369667ms
[2m2025-12-10T10:09:48.318602Z[0m [34mDEBUG[0m [2methereum_transaction_pool_monitor::mempool_monitor[0m[2m:[0m 🔍 Skipping tx 0xb0a6a5cc8520049666d651fa1e11baf96ea7f852382cda8f24ddc9ca8229c6d0 - not a DEX interaction (target: 0xA9D1e08C7793af67e9d92fe308d5697FB81d3E43)
[2m2025-12-10T10:09:48.318613Z[0m [34mDEBUG[0m [2methereum_transaction_pool_monitor::mempool_monitor[0m[2m:[0m 📨 Processing new pending transaction: 0x8a85230fdafe18a8e793ce007605ec7eadbda9a9c0d65b18f0db0259ed76ca0d
[2m2025-12-10T10:09:48.318619Z[0m [34mDEBUG[0m [2methereum_transaction_pool_monitor::mempool_monitor[0m[2m:[0m 🔍 Fetching transaction details for: 0x8a85230fdafe18a8e793ce007605ec7eadbda9a9c0d65b18f0db0259ed76ca0d
[2m2025-12-10T10:09:48.318626Z[0m [34mDEBUG[0m [2methereum_transaction_pool_monitor::eth_client[0m[2m:[0m 🔍 Fetching transaction details for hash: 0x8a85230fdafe18a8e793ce007605ec7eadbda9a9c0d65b18f0db0259ed76ca0d
[2m2025-12-10T10:09:48.318645Z[0m [34mDEBUG[0m [2mhyper::client::pool[0m[2m:[0m reuse idle connection for ("http", 192.168.0.14:8545)
[2m2025-12-10T10:09:48.318692Z[0m [34mDEBUG[0m [2mhyper::proto::h1::io[0m[2m:[0m flushed 250 bytes
[2m2025-12-10T10:09:48.318712Z[0m [34mDEBUG[0m [2mhyper::client::pool[0m[2m:[0m reuse idle connection for ("http", 192.168.0.14:8545)
[2m2025-12-10T10:09:48.318724Z[0m [34mDEBUG[0m [2methereum_transaction_pool_monitor::eth_client[0m[2m:[0m 📨 Received WebSocket message: {"jsonrpc":"2.0","method":"eth_subscription","params":{"subscription":"0xbed0a0851463e895960a451075a301a9","result":"0xab3b65379798eee997d669914bbd5049e0959b05d59d8e60b202b9894b16b38f"}}
[2m2025-12-10T10:09:48.318728Z[0m [34mDEBUG[0m [2mhyper::proto::h1::io[0m[2m:[0m flushed 172 bytes
[2m2025-12-10T10:09:48.318739Z[0m [34mDEBUG[0m [2methereum_transaction_pool_monitor::eth_client[0m[2m:[0m 📨 Received pending transaction: 0xab3b65379798eee997d669914bbd5049e0959b05d59d8e60b202b9894b16b38f
[2m2025-12-10T10:09:48.323989Z[0m [34mDEBUG[0m [2mhyper::proto::h1::io[0m[2m:[0m parsed 4 headers
[2m2025-12-10T10:09:48.324018Z[0m [34mDEBUG[0m [2mhyper::proto::h1::conn[0m[2m:[0m incoming body is content-length (45 bytes)
[2m2025-12-10T10:09:48.324038Z[0m [34mDEBUG[0m [2mhyper::proto::h1::conn[0m[2m:[0m incoming body completed
[2m2025-12-10T10:09:48.324050Z[0m [34mDEBUG[0m [2mhyper::client::pool[0m[2m:[0m pooling idle connection for ("http", 192.168.0.14:8545)
[2m2025-12-10T10:09:48.324548Z[0m [34mDEBUG[0m [2mhyper::proto::h1::io[0m[2m:[0m parsed 4 headers
[2m2025-12-10T10:09:48.324575Z[0m [34mDEBUG[0m [2mhyper::proto::h1::conn[0m[2m:[0m incoming body is content-length (647 bytes)
[2m2025-12-10T10:09:48.324591Z[0m [34mDEBUG[0m [2mhyper::proto::h1::conn[0m[2m:[0m incoming body completed
[2m2025-12-10T10:09:48.324601Z[0m [34mDEBUG[0m [2mhyper::client::pool[0m[2m:[0m pooling idle connection for ("http", 192.168.0.14:8545)
[2m2025-12-10T10:09:48.324607Z[0m [34mDEBUG[0m [2methereum_transaction_pool_monitor::eth_client[0m[2m:[0m 📡 Transaction fetch RPC completed in 5.975333ms
[2m2025-12-10T10:09:48.395405Z[0m [34mDEBUG[0m [2methereum_transaction_pool_monitor::eth_client[0m[2m:[0m ✅ Transaction 0x8a85230fdafe18a8e793ce007605ec7eadbda9a9c0d65b18f0db0259ed76ca0d fetched and parsed in 76.770167ms
[2m2025-12-10T10:09:48.395441Z[0m [34mDEBUG[0m [2methereum_transaction_pool_monitor::mempool_monitor[0m[2m:[0m 🔍 Skipping tx 0x8a85230fdafe18a8e793ce007605ec7eadbda9a9c0d65b18f0db0259ed76ca0d - not a DEX interaction (target: 0xb5d85CBf7cB3EE0D56b3bB207D5Fc4B82f43F511)
[2m2025-12-10T10:09:48.395452Z[0m [34mDEBUG[0m [2methereum_transaction_pool_monitor::mempool_monitor[0m[2m:[0m 📨 Processing new pending transaction: 0x1a8da9a29b94b2c36a69a007d198369d64caf8e5fa4eab40e0dac7238b144772
[2m2025-12-10T10:09:48.395459Z[0m [34mDEBUG[0m [2methereum_transaction_pool_monitor::mempool_monitor[0m[2m:[0m 🔍 Fetching transaction details for: 0x1a8da9a29b94b2c36a69a007d198369d64caf8e5fa4eab40e0dac7238b144772
[2m2025-12-10T10:09:48.395465Z[0m [34mDEBUG[0m [2methereum_transaction_pool_monitor::eth_client[0m[2m:[0m 🔍 Fetching transaction details for hash: 0x1a8da9a29b94b2c36a69a007d198369d64caf8e5fa4eab40e0dac7238b144772
[2m2025-12-10T10:09:48.395487Z[0m [34mDEBUG[0m [2mhyper::client::pool[0m[2m:[0m reuse idle connection for ("http", 192.168.0.14:8545)
[2m2025-12-10T10:09:48.395532Z[0m [34mDEBUG[0m [2mhyper::proto::h1::io[0m[2m:[0m flushed 250 bytes
[2m2025-12-10T10:09:48.395557Z[0m [34mDEBUG[0m [2methereum_transaction_pool_monitor::eth_client[0m[2m:[0m 📨 Received WebSocket message: {"jsonrpc":"2.0","method":"eth_subscription","params":{"subscription":"0xbed0a0851463e895960a451075a301a9","result":"0x8e2f018a97e5bc9123ac41bd558f574aa2d8fe6b08de47d2b2fb981523606850"}}
[2m2025-12-10T10:09:48.395567Z[0m [34mDEBUG[0m [2methereum_transaction_pool_monitor::eth_client[0m[2m:[0m 📨 Received pending transaction: 0x8e2f018a97e5bc9123ac41bd558f574aa2d8fe6b08de47d2b2fb981523606850
[2m2025-12-10T10:09:48.396743Z[0m [34mDEBUG[0m [2mhyper::client::pool[0m[2m:[0m reuse idle connection for ("http", 192.168.0.14:8545)
[2m2025-12-10T10:09:48.396800Z[0m [34mDEBUG[0m [2mhyper::proto::h1::io[0m[2m:[0m flushed 172 bytes
[2m2025-12-10T10:09:48.402132Z[0m [34mDEBUG[0m [2mhyper::proto::h1::io[0m[2m:[0m parsed 4 headers
[2m2025-12-10T10:09:48.402138Z[0m [34mDEBUG[0m [2mhyper::proto::h1::conn[0m[2m:[0m incoming body is content-length (45 bytes)
[2m2025-12-10T10:09:48.402145Z[0m [34mDEBUG[0m [2mhyper::proto::h1::conn[0m[2m:[0m incoming body completed
[2m2025-12-10T10:09:48.402152Z[0m [34mDEBUG[0m [2mhyper::client::pool[0m[2m:[0m pooling idle connection for ("http", 192.168.0.14:8545)
[2m2025-12-10T10:09:48.406449Z[0m [34mDEBUG[0m [2mhyper::proto::h1::io[0m[2m:[0m parsed 4 headers
[2m2025-12-10T10:09:48.406454Z[0m [34mDEBUG[0m [2mhyper::proto::h1::conn[0m[2m:[0m incoming body is content-length (647 bytes)
[2m2025-12-10T10:09:48.406460Z[0m [34mDEBUG[0m [2mhyper::proto::h1::conn[0m[2m:[0m incoming body completed
[2m2025-12-10T10:09:48.406467Z[0m [34mDEBUG[0m [2mhyper::client::pool[0m[2m:[0m pooling idle connection for ("http", 192.168.0.14:8545)
[2m2025-12-10T10:09:48.406472Z[0m [34mDEBUG[0m [2methereum_transaction_pool_monitor::eth_client[0m[2m:[0m 📡 Transaction fetch RPC completed in 11.001667ms
[2m2025-12-10T10:09:48.476379Z[0m [34mDEBUG[0m [2methereum_transaction_pool_monitor::eth_client[0m[2m:[0m ✅ Transaction 0x1a8da9a29b94b2c36a69a007d198369d64caf8e5fa4eab40e0dac7238b144772 fetched and parsed in 80.906709ms
[2m2025-12-10T10:09:48.476406Z[0m [34mDEBUG[0m [2methereum_transaction_pool_monitor::mempool_monitor[0m[2m:[0m 🔍 Skipping tx 0x1a8da9a29b94b2c36a69a007d198369d64caf8e5fa4eab40e0dac7238b144772 - not a DEX interaction (target: 0xb5d85CBf7cB3EE0D56b3bB207D5Fc4B82f43F511)
[2m2025-12-10T10:09:48.476420Z[0m [34mDEBUG[0m [2methereum_transaction_pool_monitor::mempool_monitor[0m[2m:[0m 📨 Processing new pending transaction: 0xacb15efbcd56a2ccca37724febdc6711e25c4f7c34f8160f6445ab2c403ecf87
[2m2025-12-10T10:09:48.476426Z[0m [34mDEBUG[0m [2methereum_transaction_pool_monitor::mempool_monitor[0m[2m:[0m 🔍 Fetching transaction details for: 0xacb15efbcd56a2ccca37724febdc6711e25c4f7c34f8160f6445ab2c403ecf87
[2m2025-12-10T10:09:48.476431Z[0m [34mDEBUG[0m [2methereum_transaction_pool_monitor::eth_client[0m[2m:[0m 🔍 Fetching transaction details for hash: 0xacb15efbcd56a2ccca37724febdc6711e25c4f7c34f8160f6445ab2c403ecf87
[2m2025-12-10T10:09:48.476454Z[0m [34mDEBUG[0m [2mhyper::client::pool[0m[2m:[0m reuse idle connection for ("http", 192.168.0.14:8545)
[2m2025-12-10T10:09:48.476494Z[0m [34mDEBUG[0m [2mhyper::proto::h1::io[0m[2m:[0m flushed 250 bytes
[2m2025-12-10T10:09:48.485398Z[0m [34mDEBUG[0m [2mhyper::proto::h1::io[0m[2m:[0m parsed 4 headers
[2m2025-12-10T10:09:48.485415Z[0m [34mDEBUG[0m [2mhyper::proto::h1::conn[0m[2m:[0m incoming body is content-length (647 bytes)
[2m2025-12-10T10:09:48.485425Z[0m [34mDEBUG[0m [2mhyper::proto::h1::conn[0m[2m:[0m incoming body completed
[2m2025-12-10T10:09:48.485436Z[0m [34mDEBUG[0m [2mhyper::client::pool[0m[2m:[0m pooling idle connection for ("http", 192.168.0.14:8545)
[2m2025-12-10T10:09:48.485444Z[0m [34mDEBUG[0m [2methereum_transaction_pool_monitor::eth_client[0m[2m:[0m 📡 Transaction fetch RPC completed in 9.008417ms
[2m2025-12-10T10:09:48.555082Z[0m [34mDEBUG[0m [2methereum_transaction_pool_monitor::eth_client[0m[2m:[0m ✅ Transaction 0xacb15efbcd56a2ccca37724febdc6711e25c4f7c34f8160f6445ab2c403ecf87 fetched and parsed in 78.644ms
[2m2025-12-10T10:09:48.555113Z[0m [34mDEBUG[0m [2methereum_transaction_pool_monitor::mempool_monitor[0m[2m:[0m 🔍 Skipping tx 0xacb15efbcd56a2ccca37724febdc6711e25c4f7c34f8160f6445ab2c403ecf87 - not a DEX interaction (target: 0xb5d85CBf7cB3EE0D56b3bB207D5Fc4B82f43F511)
[2m2025-12-10T10:09:48.555125Z[0m [34mDEBUG[0m [2methereum_transaction_pool_monitor::mempool_monitor[0m[2m:[0m 📨 Processing new pending transaction: 0x45982a36ccf75929ae90005a4295c56b283b002318a32b16a5b684aa75d8fa4c
[2m2025-12-10T10:09:48.555134Z[0m [34mDEBUG[0m [2methereum_transaction_pool_monitor::mempool_monitor[0m[2m:[0m 🔍 Fetching transaction details for: 0x45982a36ccf75929ae90005a4295c56b283b002318a32b16a5b684aa75d8fa4c
[2m2025-12-10T10:09:48.555141Z[0m [34mDEBUG[0m [2methereum_transaction_pool_monitor::eth_client[0m[2m:[0m 🔍 Fetching transaction details for hash: 0x45982a36ccf75929ae90005a4295c56b283b002318a32b16a5b684aa75d8fa4c
[2m2025-12-10T10:09:48.555162Z[0m [34mDEBUG[0m [2mhyper::client::pool[0m[2m:[0m reuse idle connection for ("http", 192.168.0.14:8545)
[2m2025-12-10T10:09:48.555206Z[0m [34mDEBUG[0m [2mhyper::proto::h1::io[0m[2m:[0m flushed 250 bytes
[2m2025-12-10T10:09:48.555246Z[0m [34mDEBUG[0m [2mhyper::client::pool[0m[2m:[0m reuse idle connection for ("http", 192.168.0.14:8545)
[2m2025-12-10T10:09:48.555263Z[0m [34mDEBUG[0m [2mhyper::proto::h1::io[0m[2m:[0m flushed 172 bytes
[2m2025-12-10T10:09:48.561277Z[0m [34mDEBUG[0m [2mhyper::proto::h1::io[0m[2m:[0m parsed 4 headers
[2m2025-12-10T10:09:48.561287Z[0m [34mDEBUG[0m [2mhyper::proto::h1::conn[0m[2m:[0m incoming body is content-length (647 bytes)
[2m2025-12-10T10:09:48.561295Z[0m [34mDEBUG[0m [2mhyper::proto::h1::conn[0m[2m:[0m incoming body completed
[2m2025-12-10T10:09:48.561304Z[0m [34mDEBUG[0m [2mhyper::client::pool[0m[2m:[0m pooling idle connection for ("http", 192.168.0.14:8545)
[2m2025-12-10T10:09:48.561311Z[0m [34mDEBUG[0m [2methereum_transaction_pool_monitor::eth_client[0m[2m:[0m 📡 Transaction fetch RPC completed in 6.162875ms
[2m2025-12-10T10:09:48.632003Z[0m [34mDEBUG[0m [2methereum_transaction_pool_monitor::eth_client[0m[2m:[0m ✅ Transaction 0x45982a36ccf75929ae90005a4295c56b283b002318a32b16a5b684aa75d8fa4c fetched and parsed in 76.852792ms
[2m2025-12-10T10:09:48.632030Z[0m [34mDEBUG[0m [2methereum_transaction_pool_monitor::mempool_monitor[0m[2m:[0m 🔍 Skipping tx 0x45982a36ccf75929ae90005a4295c56b283b002318a32b16a5b684aa75d8fa4c - not a DEX interaction (target: 0xb5d85CBf7cB3EE0D56b3bB207D5Fc4B82f43F511)
[2m2025-12-10T10:09:48.632040Z[0m [34mDEBUG[0m [2methereum_transaction_pool_monitor::mempool_monitor[0m[2m:[0m 📨 Processing new pending transaction: 0xe90a208083466b59188ef31c3dc41a15094c62efdb12f9c23089e2e8cb029074
[2m2025-12-10T10:09:48.632048Z[0m [34mDEBUG[0m [2methereum_transaction_pool_monitor::mempool_monitor[0m[2m:[0m 🔍 Fetching transaction details for: 0xe90a208083466b59188ef31c3dc41a15094c62efdb12f9c23089e2e8cb029074
[2m2025-12-10T10:09:48.632054Z[0m [34mDEBUG[0m [2methereum_transaction_pool_monitor::eth_client[0m[2m:[0m 🔍 Fetching transaction details for hash: 0xe90a208083466b59188ef31c3dc41a15094c62efdb12f9c23089e2e8cb029074
[2m2025-12-10T10:09:48.632073Z[0m [34mDEBUG[0m [2mhyper::client::pool[0m[2m:[0m reuse idle connection for ("http", 192.168.0.14:8545)
[2m2025-12-10T10:09:48.632118Z[0m [34mDEBUG[0m [2mhyper::proto::h1::io[0m[2m:[0m flushed 250 bytes
[2m2025-12-10T10:09:48.632143Z[0m [34mDEBUG[0m [2methereum_transaction_pool_monitor::eth_client[0m[2m:[0m 📨 Received WebSocket message: {"jsonrpc":"2.0","method":"eth_subscription","params":{"subscription":"0xbed0a0851463e895960a451075a301a9","result":"0xa55ff9c23d8fbe392e71441cb3fefb8ae6705aba7f7f7d39c52fd71c4468bc61"}}
[2m2025-12-10T10:09:48.632146Z[0m [34mDEBUG[0m [2mhyper::proto::h1::io[0m[2m:[0m parsed 4 headers
[2m2025-12-10T10:09:48.632152Z[0m [34mDEBUG[0m [2methereum_transaction_pool_monitor::eth_client[0m[2m:[0m 📨 Received pending transaction: 0xa55ff9c23d8fbe392e71441cb3fefb8ae6705aba7f7f7d39c52fd71c4468bc61
[2m2025-12-10T10:09:48.632156Z[0m [34mDEBUG[0m [2mhyper::proto::h1::conn[0m[2m:[0m incoming body is content-length (45 bytes)
[2m2025-12-10T10:09:48.632166Z[0m [34mDEBUG[0m [2mhyper::proto::h1::conn[0m[2m:[0m incoming body completed
[2m2025-12-10T10:09:48.632174Z[0m [34mDEBUG[0m [2mhyper::client::pool[0m[2m:[0m pooling idle connection for ("http", 192.168.0.14:8545)
[2m2025-12-10T10:09:48.632188Z[0m [34mDEBUG[0m [2mhyper::client::pool[0m[2m:[0m reuse idle connection for ("http", 192.168.0.14:8545)
[2m2025-12-10T10:09:48.632205Z[0m [34mDEBUG[0m [2mhyper::proto::h1::io[0m[2m:[0m flushed 172 bytes
[2m2025-12-10T10:09:48.637747Z[0m [34mDEBUG[0m [2mhyper::proto::h1::io[0m[2m:[0m parsed 4 headers
[2m2025-12-10T10:09:48.637780Z[0m [34mDEBUG[0m [2mhyper::proto::h1::conn[0m[2m:[0m incoming body is content-length (45 bytes)
[2m2025-12-10T10:09:48.637803Z[0m [34mDEBUG[0m [2mhyper::proto::h1::conn[0m[2m:[0m incoming body completed
[2m2025-12-10T10:09:48.637814Z[0m [34mDEBUG[0m [2mhyper::client::pool[0m[2m:[0m pooling idle connection for ("http", 192.168.0.14:8545)
[2m2025-12-10T10:09:48.640664Z[0m [34mDEBUG[0m [2mhyper::proto::h1::io[0m[2m:[0m parsed 4 headers
[2m2025-12-10T10:09:48.640676Z[0m [34mDEBUG[0m [2mhyper::proto::h1::conn[0m[2m:[0m incoming body is content-length (647 bytes)
[2m2025-12-10T10:09:48.640682Z[0m [34mDEBUG[0m [2mhyper::proto::h1::conn[0m[2m:[0m incoming body completed
[2m2025-12-10T10:09:48.640689Z[0m [34mDEBUG[0m [2mhyper::client::pool[0m[2m:[0m pooling idle connection for ("http", 192.168.0.14:8545)
[2m2025-12-10T10:09:48.640695Z[0m [34mDEBUG[0m [2methereum_transaction_pool_monitor::eth_client[0m[2m:[0m 📡 Transaction fetch RPC completed in 8.636791ms
[2m2025-12-10T10:09:48.711677Z[0m [34mDEBUG[0m [2methereum_transaction_pool_monitor::eth_client[0m[2m:[0m ✅ Transaction 0xe90a208083466b59188ef31c3dc41a15094c62efdb12f9c23089e2e8cb029074 fetched and parsed in 79.615291ms
[2m2025-12-10T10:09:48.711702Z[0m [34mDEBUG[0m [2methereum_transaction_pool_monitor::mempool_monitor[0m[2m:[0m 🔍 Skipping tx 0xe90a208083466b59188ef31c3dc41a15094c62efdb12f9c23089e2e8cb029074 - not a DEX interaction (target: 0xA9D1e08C7793af67e9d92fe308d5697FB81d3E43)
[2m2025-12-10T10:09:48.711713Z[0m [34mDEBUG[0m [2methereum_transaction_pool_monitor::mempool_monitor[0m[2m:[0m 📨 Processing new pending transaction: 0x2d7939d552696d1edf4c4b271e8ad31dc10223739c706dfa0d6a33bedf51aeb2
[2m2025-12-10T10:09:48.711720Z[0m [34mDEBUG[0m [2methereum_transaction_pool_monitor::mempool_monitor[0m[2m:[0m 🔍 Fetching transaction details for: 0x2d7939d552696d1edf4c4b271e8ad31dc10223739c706dfa0d6a33bedf51aeb2
[2m2025-12-10T10:09:48.711727Z[0m [34mDEBUG[0m [2methereum_transaction_pool_monitor::eth_client[0m[2m:[0m 🔍 Fetching transaction details for hash: 0x2d7939d552696d1edf4c4b271e8ad31dc10223739c706dfa0d6a33bedf51aeb2
[2m2025-12-10T10:09:48.711753Z[0m [34mDEBUG[0m [2mhyper::client::pool[0m[2m:[0m reuse idle connection for ("http", 192.168.0.14:8545)
[2m2025-12-10T10:09:48.711791Z[0m [34mDEBUG[0m [2mhyper::proto::h1::io[0m[2m:[0m flushed 250 bytes
[2m2025-12-10T10:09:48.711815Z[0m [34mDEBUG[0m [2mhyper::client::pool[0m[2m:[0m reuse idle connection for ("http", 192.168.0.14:8545)
[2m2025-12-10T10:09:48.711831Z[0m [34mDEBUG[0m [2mhyper::proto::h1::io[0m[2m:[0m flushed 172 bytes
[2m2025-12-10T10:09:48.711862Z[0m [34mDEBUG[0m [2methereum_transaction_pool_monitor::eth_client[0m[2m:[0m 📨 Received WebSocket message: {"jsonrpc":"2.0","method":"eth_subscription","params":{"subscription":"0xbed0a0851463e895960a451075a301a9","result":"0x694b0f97d1b90c4cd1bcb64456c404b1b7b6f651a1a12ba2179e42554675bf86"}}
[2m2025-12-10T10:09:48.711872Z[0m [34mDEBUG[0m [2methereum_transaction_pool_monitor::eth_client[0m[2m:[0m 📨 Received pending transaction: 0x694b0f97d1b90c4cd1bcb64456c404b1b7b6f651a1a12ba2179e42554675bf86
[2m2025-12-10T10:09:48.720370Z[0m [34mDEBUG[0m [2mhyper::proto::h1::io[0m[2m:[0m parsed 4 headers
[2m2025-12-10T10:09:48.723620Z[0m [34mDEBUG[0m [2mhyper::proto::h1::conn[0m[2m:[0m incoming body is content-length (45 bytes)
[2m2025-12-10T10:09:48.723634Z[0m [34mDEBUG[0m [2mhyper::proto::h1::conn[0m[2m:[0m incoming body completed
[2m2025-12-10T10:09:48.723649Z[0m [34mDEBUG[0m [2mhyper::client::pool[0m[2m:[0m pooling idle connection for ("http", 192.168.0.14:8545)
[2m2025-12-10T10:09:48.723681Z[0m [34mDEBUG[0m [2mhyper::proto::h1::io[0m[2m:[0m parsed 4 headers
[2m2025-12-10T10:09:48.723687Z[0m [34mDEBUG[0m [2mhyper::proto::h1::conn[0m[2m:[0m incoming body is content-length (646 bytes)
[2m2025-12-10T10:09:48.723693Z[0m [34mDEBUG[0m [2mhyper::proto::h1::conn[0m[2m:[0m incoming body completed
[2m2025-12-10T10:09:48.723705Z[0m [34mDEBUG[0m [2mhyper::client::pool[0m[2m:[0m pooling idle connection for ("http", 192.168.0.14:8545)
[2m2025-12-10T10:09:48.723714Z[0m [34mDEBUG[0m [2methereum_transaction_pool_monitor::eth_client[0m[2m:[0m 📡 Transaction fetch RPC completed in 11.980334ms
[2m2025-12-10T10:09:48.795866Z[0m [34mDEBUG[0m [2methereum_transaction_pool_monitor::eth_client[0m[2m:[0m ✅ Transaction 0x2d7939d552696d1edf4c4b271e8ad31dc10223739c706dfa0d6a33bedf51aeb2 fetched and parsed in 84.130125ms
[2m2025-12-10T10:09:48.795896Z[0m [34mDEBUG[0m [2methereum_transaction_pool_monitor::mempool_monitor[0m[2m:[0m 🔍 Skipping tx 0x2d7939d552696d1edf4c4b271e8ad31dc10223739c706dfa0d6a33bedf51aeb2 - not a DEX interaction (target: 0xA9D1e08C7793af67e9d92fe308d5697FB81d3E43)
[2m2025-12-10T10:09:48.795910Z[0m [34mDEBUG[0m [2methereum_transaction_pool_monitor::mempool_monitor[0m[2m:[0m 📨 Processing new pending transaction: 0x0d9571905a39a9387888d74abfe8681e80ca0d9c8566c7cc4f8bed4d5b591ebe
[2m2025-12-10T10:09:48.795920Z[0m [34mDEBUG[0m [2methereum_transaction_pool_monitor::mempool_monitor[0m[2m:[0m 🔍 Fetching transaction details for: 0x0d9571905a39a9387888d74abfe8681e80ca0d9c8566c7cc4f8bed4d5b591ebe
[2m2025-12-10T10:09:48.795932Z[0m [34mDEBUG[0m [2methereum_transaction_pool_monitor::eth_client[0m[2m:[0m 🔍 Fetching transaction details for hash: 0x0d9571905a39a9387888d74abfe8681e80ca0d9c8566c7cc4f8bed4d5b591ebe
[2m2025-12-10T10:09:48.795953Z[0m [34mDEBUG[0m [2mhyper::client::pool[0m[2m:[0m reuse idle connection for ("http", 192.168.0.14:8545)
[2m2025-12-10T10:09:48.795995Z[0m [34mDEBUG[0m [2mhyper::proto::h1::io[0m[2m:[0m flushed 250 bytes
[2m2025-12-10T10:09:48.796016Z[0m [34mDEBUG[0m [2mhyper::client::pool[0m[2m:[0m reuse idle connection for ("http", 192.168.0.14:8545)
[2m2025-12-10T10:09:48.796033Z[0m [34mDEBUG[0m [2mhyper::proto::h1::io[0m[2m:[0m flushed 172 bytes
[2m2025-12-10T10:09:48.796068Z[0m [34mDEBUG[0m [2methereum_transaction_pool_monitor::eth_client[0m[2m:[0m 📨 Received WebSocket message: {"jsonrpc":"2.0","method":"eth_subscription","params":{"subscription":"0xbed0a0851463e895960a451075a301a9","result":"0xcf0f6e041b47607b90d52f697b463fa44d78c7503d0228c692e260c6bfa62207"}}
[2m2025-12-10T10:09:48.796079Z[0m [34mDEBUG[0m [2methereum_transaction_pool_monitor::eth_client[0m[2m:[0m 📨 Received pending transaction: 0xcf0f6e041b47607b90d52f697b463fa44d78c7503d0228c692e260c6bfa62207
[2m2025-12-10T10:09:48.799658Z[0m [34mDEBUG[0m [2mhyper::proto::h1::io[0m[2m:[0m parsed 4 headers
[2m2025-12-10T10:09:48.799665Z[0m [34mDEBUG[0m [2mhyper::proto::h1::conn[0m[2m:[0m incoming body is content-length (45 bytes)
[2m2025-12-10T10:09:48.799673Z[0m [34mDEBUG[0m [2mhyper::proto::h1::conn[0m[2m:[0m incoming body completed
[2m2025-12-10T10:09:48.799682Z[0m [34mDEBUG[0m [2mhyper::client::pool[0m[2m:[0m pooling idle connection for ("http", 192.168.0.14:8545)
[2m2025-12-10T10:09:48.800369Z[0m [34mDEBUG[0m [2mhyper::proto::h1::io[0m[2m:[0m parsed 4 headers
[2m2025-12-10T10:09:48.800376Z[0m [34mDEBUG[0m [2mhyper::proto::h1::conn[0m[2m:[0m incoming body is content-length (646 bytes)
[2m2025-12-10T10:09:48.800383Z[0m [34mDEBUG[0m [2mhyper::proto::h1::conn[0m[2m:[0m incoming body completed
[2m2025-12-10T10:09:48.800389Z[0m [34mDEBUG[0m [2mhyper::client::pool[0m[2m:[0m pooling idle connection for ("http", 192.168.0.14:8545)
[2m2025-12-10T10:09:48.800395Z[0m [34mDEBUG[0m [2methereum_transaction_pool_monitor::eth_client[0m[2m:[0m 📡 Transaction fetch RPC completed in 4.4575ms
[2m2025-12-10T10:09:48.872145Z[0m [34mDEBUG[0m [2methereum_transaction_pool_monitor::eth_client[0m[2m:[0m ✅ Transaction 0x0d9571905a39a9387888d74abfe8681e80ca0d9c8566c7cc4f8bed4d5b591ebe fetched and parsed in 76.20575ms
[2m2025-12-10T10:09:48.872170Z[0m [34mDEBUG[0m [2methereum_transaction_pool_monitor::mempool_monitor[0m[2m:[0m 🔍 Skipping tx 0x0d9571905a39a9387888d74abfe8681e80ca0d9c8566c7cc4f8bed4d5b591ebe - not a DEX interaction (target: 0xA9D1e08C7793af67e9d92fe308d5697FB81d3E43)
[2m2025-12-10T10:09:48.872181Z[0m [34mDEBUG[0m [2methereum_transaction_pool_monitor::mempool_monitor[0m[2m:[0m 📨 Processing new pending transaction: 0x34b7831fc96ca24ecc484fa63f4df9e8b1acc1014cd5fa702a890e47e0e9bbd0
[2m2025-12-10T10:09:48.872188Z[0m [34mDEBUG[0m [2methereum_transaction_pool_monitor::mempool_monitor[0m[2m:[0m 🔍 Fetching transaction details for: 0x34b7831fc96ca24ecc484fa63f4df9e8b1acc1014cd5fa702a890e47e0e9bbd0
[2m2025-12-10T10:09:48.872194Z[0m [34mDEBUG[0m [2methereum_transaction_pool_monitor::eth_client[0m[2m:[0m 🔍 Fetching transaction details for hash: 0x34b7831fc96ca24ecc484fa63f4df9e8b1acc1014cd5fa702a890e47e0e9bbd0
[2m2025-12-10T10:09:48.872215Z[0m [34mDEBUG[0m [2mhyper::client::pool[0m[2m:[0m reuse idle connection for ("http", 192.168.0.14:8545)
[2m2025-12-10T10:09:48.872259Z[0m [34mDEBUG[0m [2mhyper::proto::h1::io[0m[2m:[0m flushed 250 bytes
[2m2025-12-10T10:09:48.876851Z[0m [34mDEBUG[0m [2mhyper::proto::h1::io[0m[2m:[0m parsed 4 headers
[2m2025-12-10T10:09:48.876866Z[0m [34mDEBUG[0m [2mhyper::proto::h1::conn[0m[2m:[0m incoming body is content-length (830 bytes)
[2m2025-12-10T10:09:48.876875Z[0m [34mDEBUG[0m [2mhyper::proto::h1::conn[0m[2m:[0m incoming body completed
[2m2025-12-10T10:09:48.876884Z[0m [34mDEBUG[0m [2mhyper::client::pool[0m[2m:[0m pooling idle connection for ("http", 192.168.0.14:8545)
[2m2025-12-10T10:09:48.876891Z[0m [34mDEBUG[0m [2methereum_transaction_pool_monitor::eth_client[0m[2m:[0m 📡 Transaction fetch RPC completed in 4.692292ms
[2m2025-12-10T10:09:48.948794Z[0m [34mDEBUG[0m [2methereum_transaction_pool_monitor::eth_client[0m[2m:[0m ✅ Transaction 0x34b7831fc96ca24ecc484fa63f4df9e8b1acc1014cd5fa702a890e47e0e9bbd0 fetched and parsed in 76.592125ms
[2m2025-12-10T10:09:48.948828Z[0m [34mDEBUG[0m [2methereum_transaction_pool_monitor::mempool_monitor[0m[2m:[0m 🔍 Skipping tx 0x34b7831fc96ca24ecc484fa63f4df9e8b1acc1014cd5fa702a890e47e0e9bbd0 - not a DEX interaction (target: 0x3B4D794a66304F130a4Db8F2551B0070dfCf5ca7)
[2m2025-12-10T10:09:48.948839Z[0m [34mDEBUG[0m [2methereum_transaction_pool_monitor::mempool_monitor[0m[2m:[0m 📨 Processing new pending transaction: 0xc1bc53750bf75c05f1a5f1d18ad76970449651c00ab8f139144e47ae2401b0ac
[2m2025-12-10T10:09:48.948849Z[0m [34mDEBUG[0m [2methereum_transaction_pool_monitor::mempool_monitor[0m[2m:[0m 🔍 Fetching transaction details for: 0xc1bc53750bf75c05f1a5f1d18ad76970449651c00ab8f139144e47ae2401b0ac
[2m2025-12-10T10:09:48.948856Z[0m [34mDEBUG[0m [2methereum_transaction_pool_monitor::eth_client[0m[2m:[0m 🔍 Fetching transaction details for hash: 0xc1bc53750bf75c05f1a5f1d18ad76970449651c00ab8f139144e47ae2401b0ac
[2m2025-12-10T10:09:48.948875Z[0m [34mDEBUG[0m [2mhyper::client::pool[0m[2m:[0m reuse idle connection for ("http", 192.168.0.14:8545)
[2m2025-12-10T10:09:48.948923Z[0m [34mDEBUG[0m [2mhyper::proto::h1::io[0m[2m:[0m flushed 250 bytes
[2m2025-12-10T10:09:48.948961Z[0m [34mDEBUG[0m [2mhyper::client::pool[0m[2m:[0m reuse idle connection for ("http", 192.168.0.14:8545)
[2m2025-12-10T10:09:48.948985Z[0m [34mDEBUG[0m [2mhyper::proto::h1::io[0m[2m:[0m flushed 172 bytes
[2m2025-12-10T10:09:48.954765Z[0m [34mDEBUG[0m [2mhyper::proto::h1::io[0m[2m:[0m parsed 4 headers
[2m2025-12-10T10:09:48.954776Z[0m [34mDEBUG[0m [2mhyper::proto::h1::conn[0m[2m:[0m incoming body is content-length (771 bytes)
[2m2025-12-10T10:09:48.954786Z[0m [34mDEBUG[0m [2mhyper::proto::h1::conn[0m[2m:[0m incoming body completed
[2m2025-12-10T10:09:48.954795Z[0m [34mDEBUG[0m [2mhyper::client::pool[0m[2m:[0m pooling idle connection for ("http", 192.168.0.14:8545)
[2m2025-12-10T10:09:48.954802Z[0m [34mDEBUG[0m [2methereum_transaction_pool_monitor::eth_client[0m[2m:[0m 📡 Transaction fetch RPC completed in 5.941167ms
[2m2025-12-10T10:09:49.025891Z[0m [34mDEBUG[0m [2methereum_transaction_pool_monitor::eth_client[0m[2m:[0m ✅ Transaction 0xc1bc53750bf75c05f1a5f1d18ad76970449651c00ab8f139144e47ae2401b0ac fetched and parsed in 77.028417ms
[2m2025-12-10T10:09:49.025923Z[0m [34mDEBUG[0m [2methereum_transaction_pool_monitor::mempool_monitor[0m[2m:[0m 🔍 Skipping tx 0xc1bc53750bf75c05f1a5f1d18ad76970449651c00ab8f139144e47ae2401b0ac - not a DEX interaction (target: 0xA0b86991c6218b36c1d19D4a2e9Eb0cE3606eB48)
[2m2025-12-10T10:09:49.025934Z[0m [34mDEBUG[0m [2methereum_transaction_pool_monitor::mempool_monitor[0m[2m:[0m 📨 Processing new pending transaction: 0x0c4fedc79922ae63506558669a1a700d61f7a1dc495b5b3fa29bca551be87d8b
[2m2025-12-10T10:09:49.025946Z[0m [34mDEBUG[0m [2methereum_transaction_pool_monitor::mempool_monitor[0m[2m:[0m 🔍 Fetching transaction details for: 0x0c4fedc79922ae63506558669a1a700d61f7a1dc495b5b3fa29bca551be87d8b
[2m2025-12-10T10:09:49.025955Z[0m [34mDEBUG[0m [2methereum_transaction_pool_monitor::eth_client[0m[2m:[0m 🔍 Fetching transaction details for hash: 0x0c4fedc79922ae63506558669a1a700d61f7a1dc495b5b3fa29bca551be87d8b
[2m2025-12-10T10:09:49.025980Z[0m [34mDEBUG[0m [2mhyper::client::pool[0m[2m:[0m reuse idle connection for ("http", 192.168.0.14:8545)
[2m2025-12-10T10:09:49.026026Z[0m [34mDEBUG[0m [2mhyper::proto::h1::io[0m[2m:[0m flushed 250 bytes
[2m2025-12-10T10:09:49.026054Z[0m [34mDEBUG[0m [2methereum_transaction_pool_monitor::eth_client[0m[2m:[0m 📨 Received WebSocket message: {"jsonrpc":"2.0","method":"eth_subscription","params":{"subscription":"0xbed0a0851463e895960a451075a301a9","result":"0xd828d4007410af05d874918763a5f912594bdb6d779b5ad96b636a42a346c93a"}}
[2m2025-12-10T10:09:49.026062Z[0m [34mDEBUG[0m [2methereum_transaction_pool_monitor::eth_client[0m[2m:[0m 📨 Received pending transaction: 0xd828d4007410af05d874918763a5f912594bdb6d779b5ad96b636a42a346c93a
[2m2025-12-10T10:09:49.026068Z[0m [34mDEBUG[0m [2methereum_transaction_pool_monitor::eth_client[0m[2m:[0m 📨 Received WebSocket message: {"jsonrpc":"2.0","method":"eth_subscription","params":{"subscription":"0xbed0a0851463e895960a451075a301a9","result":"0x798986d2fe393a0a503156eebe259ce852710b3dfb9350021f571f7b9141f588"}}
[2m2025-12-10T10:09:49.026076Z[0m [34mDEBUG[0m [2methereum_transaction_pool_monitor::eth_client[0m[2m:[0m 📨 Received pending transaction: 0x798986d2fe393a0a503156eebe259ce852710b3dfb9350021f571f7b9141f588
[2m2025-12-10T10:09:49.026099Z[0m [34mDEBUG[0m [2mhyper::proto::h1::io[0m[2m:[0m parsed 4 headers
[2m2025-12-10T10:09:49.026104Z[0m [34mDEBUG[0m [2mhyper::proto::h1::conn[0m[2m:[0m incoming body is content-length (45 bytes)
[2m2025-12-10T10:09:49.026113Z[0m [34mDEBUG[0m [2mhyper::proto::h1::conn[0m[2m:[0m incoming body completed
[2m2025-12-10T10:09:49.026122Z[0m [34mDEBUG[0m [2mhyper::client::pool[0m[2m:[0m pooling idle connection for ("http", 192.168.0.14:8545)
[2m2025-12-10T10:09:49.026140Z[0m [34mDEBUG[0m [2mhyper::client::pool[0m[2m:[0m reuse idle connection for ("http", 192.168.0.14:8545)
[2m2025-12-10T10:09:49.026155Z[0m [34mDEBUG[0m [2mhyper::proto::h1::io[0m[2m:[0m flushed 172 bytes
[2m2025-12-10T10:09:49.030904Z[0m [34mDEBUG[0m [2mhyper::proto::h1::io[0m[2m:[0m parsed 4 headers
[2m2025-12-10T10:09:49.030917Z[0m [34mDEBUG[0m [2mhyper::proto::h1::conn[0m[2m:[0m incoming body is content-length (45 bytes)
[2m2025-12-10T10:09:49.030923Z[0m [34mDEBUG[0m [2mhyper::proto::h1::conn[0m[2m:[0m incoming body completed
[2m2025-12-10T10:09:49.030931Z[0m [34mDEBUG[0m [2mhyper::client::pool[0m[2m:[0m pooling idle connection for ("http", 192.168.0.14:8545)
[2m2025-12-10T10:09:49.035886Z[0m [34mDEBUG[0m [2mhyper::proto::h1::io[0m[2m:[0m parsed 4 headers
[2m2025-12-10T10:09:49.035895Z[0m [34mDEBUG[0m [2mhyper::proto::h1::conn[0m[2m:[0m incoming body is content-length (643 bytes)
[2m2025-12-10T10:09:49.035901Z[0m [34mDEBUG[0m [2mhyper::proto::h1::conn[0m[2m:[0m incoming body completed
[2m2025-12-10T10:09:49.035909Z[0m [34mDEBUG[0m [2mhyper::client::pool[0m[2m:[0m pooling idle connection for ("http", 192.168.0.14:8545)
[2m2025-12-10T10:09:49.035915Z[0m [34mDEBUG[0m [2methereum_transaction_pool_monitor::eth_client[0m[2m:[0m 📡 Transaction fetch RPC completed in 9.949791ms
[2m2025-12-10T10:09:49.107762Z[0m [34mDEBUG[0m [2methereum_transaction_pool_monitor::eth_client[0m[2m:[0m ✅ Transaction 0x0c4fedc79922ae63506558669a1a700d61f7a1dc495b5b3fa29bca551be87d8b fetched and parsed in 81.794833ms
[2m2025-12-10T10:09:49.107790Z[0m [34mDEBUG[0m [2methereum_transaction_pool_monitor::mempool_monitor[0m[2m:[0m 🔍 Skipping tx 0x0c4fedc79922ae63506558669a1a700d61f7a1dc495b5b3fa29bca551be87d8b - not a DEX interaction (target: 0xc0181df1b9F23b7296192e266004F1A1BFCc4214)
[2m2025-12-10T10:09:49.107801Z[0m [34mDEBUG[0m [2methereum_transaction_pool_monitor::mempool_monitor[0m[2m:[0m 📨 Processing new pending transaction: 0x056db590afc5fa70cf7840b44844720d5700ecc5e4b657980b99d7b8683c900f
[2m2025-12-10T10:09:49.107808Z[0m [34mDEBUG[0m [2methereum_transaction_pool_monitor::mempool_monitor[0m[2m:[0m 🔍 Fetching transaction details for: 0x056db590afc5fa70cf7840b44844720d5700ecc5e4b657980b99d7b8683c900f
[2m2025-12-10T10:09:49.107814Z[0m [34mDEBUG[0m [2methereum_transaction_pool_monitor::eth_client[0m[2m:[0m 🔍 Fetching transaction details for hash: 0x056db590afc5fa70cf7840b44844720d5700ecc5e4b657980b99d7b8683c900f
[2m2025-12-10T10:09:49.107832Z[0m [34mDEBUG[0m [2mhyper::client::pool[0m[2m:[0m reuse idle connection for ("http", 192.168.0.14:8545)
[2m2025-12-10T10:09:49.107866Z[0m [34mDEBUG[0m [2mhyper::proto::h1::io[0m[2m:[0m flushed 250 bytes
[2m2025-12-10T10:09:49.107886Z[0m [34mDEBUG[0m [2mhyper::client::pool[0m[2m:[0m reuse idle connection for ("http", 192.168.0.14:8545)
[2m2025-12-10T10:09:49.107904Z[0m [34mDEBUG[0m [2mhyper::proto::h1::io[0m[2m:[0m flushed 172 bytes
[2m2025-12-10T10:09:49.107905Z[0m [34mDEBUG[0m [2methereum_transaction_pool_monitor::eth_client[0m[2m:[0m 📨 Received WebSocket message: {"jsonrpc":"2.0","method":"eth_subscription","params":{"subscription":"0xbed0a0851463e895960a451075a301a9","result":"0x460d27d90a5506e81edf161f248682d3db8fd724f7d9944b4a394a254fd7d061"}}
[2m2025-12-10T10:09:49.107921Z[0m [34mDEBUG[0m [2methereum_transaction_pool_monitor::eth_client[0m[2m:[0m 📨 Received pending transaction: 0x460d27d90a5506e81edf161f248682d3db8fd724f7d9944b4a394a254fd7d061
[2m2025-12-10T10:09:49.107928Z[0m [34mDEBUG[0m [2methereum_transaction_pool_monitor::eth_client[0m[2m:[0m 📨 Received WebSocket message: {"jsonrpc":"2.0","method":"eth_subscription","params":{"subscription":"0xbed0a0851463e895960a451075a301a9","result":"0x80f1d0193ee5e59061a7f4643ad95d5346c86b1c959703c3732d35cb697763fe"}}
[2m2025-12-10T10:09:49.107936Z[0m [34mDEBUG[0m [2methereum_transaction_pool_monitor::eth_client[0m[2m:[0m 📨 Received pending transaction: 0x80f1d0193ee5e59061a7f4643ad95d5346c86b1c959703c3732d35cb697763fe
[2m2025-12-10T10:09:49.107943Z[0m [34mDEBUG[0m [2methereum_transaction_pool_monitor::eth_client[0m[2m:[0m 📨 Received WebSocket message: {"jsonrpc":"2.0","method":"eth_subscription","params":{"subscription":"0xbed0a0851463e895960a451075a301a9","result":"0x0eba2920523dca42f9ef9ee39d95704b75a61a1cc01be397fd1c3e6a44d0ea9a"}}
[2m2025-12-10T10:09:49.107951Z[0m [34mDEBUG[0m [2methereum_transaction_pool_monitor::eth_client[0m[2m:[0m 📨 Received pending transaction: 0x0eba2920523dca42f9ef9ee39d95704b75a61a1cc01be397fd1c3e6a44d0ea9a
[2m2025-12-10T10:09:49.113608Z[0m [34mDEBUG[0m [2mhyper::proto::h1::io[0m[2m:[0m parsed 4 headers
[2m2025-12-10T10:09:49.113614Z[0m [34mDEBUG[0m [2mhyper::proto::h1::conn[0m[2m:[0m incoming body is content-length (771 bytes)
[2m2025-12-10T10:09:49.113620Z[0m [34mDEBUG[0m [2mhyper::proto::h1::conn[0m[2m:[0m incoming body completed
[2m2025-12-10T10:09:49.113628Z[0m [34mDEBUG[0m [2mhyper::client::pool[0m[2m:[0m pooling idle connection for ("http", 192.168.0.14:8545)
[2m2025-12-10T10:09:49.113633Z[0m [34mDEBUG[0m [2methereum_transaction_pool_monitor::eth_client[0m[2m:[0m 📡 Transaction fetch RPC completed in 5.815084ms
[2m2025-12-10T10:09:49.184781Z[0m [34mDEBUG[0m [2methereum_transaction_pool_monitor::eth_client[0m[2m:[0m ✅ Transaction 0x056db590afc5fa70cf7840b44844720d5700ecc5e4b657980b99d7b8683c900f fetched and parsed in 76.959959ms
[2m2025-12-10T10:09:49.184810Z[0m [34mDEBUG[0m [2methereum_transaction_pool_monitor::mempool_monitor[0m[2m:[0m 🔍 Skipping tx 0x056db590afc5fa70cf7840b44844720d5700ecc5e4b657980b99d7b8683c900f - not a DEX interaction (target: 0xA0b86991c6218b36c1d19D4a2e9Eb0cE3606eB48)
[2m2025-12-10T10:09:49.184822Z[0m [34mDEBUG[0m [2methereum_transaction_pool_monitor::mempool_monitor[0m[2m:[0m 📨 Processing new pending transaction: 0x042bfffd838b6d5d8bd0d634d675dfcd5f57c3bfa0cacbc8ee040884ff924c87
[2m2025-12-10T10:09:49.184831Z[0m [34mDEBUG[0m [2methereum_transaction_pool_monitor::mempool_monitor[0m[2m:[0m 🔍 Fetching transaction details for: 0x042bfffd838b6d5d8bd0d634d675dfcd5f57c3bfa0cacbc8ee040884ff924c87
[2m2025-12-10T10:09:49.184837Z[0m [34mDEBUG[0m [2methereum_transaction_pool_monitor::eth_client[0m[2m:[0m 🔍 Fetching transaction details for hash: 0x042bfffd838b6d5d8bd0d634d675dfcd5f57c3bfa0cacbc8ee040884ff924c87
[2m2025-12-10T10:09:49.184856Z[0m [34mDEBUG[0m [2mhyper::client::pool[0m[2m:[0m reuse idle connection for ("http", 192.168.0.14:8545)
[2m2025-12-10T10:09:49.184908Z[0m [34mDEBUG[0m [2mhyper::proto::h1::io[0m[2m:[0m flushed 250 bytes
[2m2025-12-10T10:09:49.184931Z[0m [34mDEBUG[0m [2mhyper::proto::h1::io[0m[2m:[0m parsed 4 headers
[2m2025-12-10T10:09:49.184940Z[0m [34mDEBUG[0m [2mhyper::proto::h1::conn[0m[2m:[0m incoming body is content-length (45 bytes)
[2m2025-12-10T10:09:49.184954Z[0m [34mDEBUG[0m [2mhyper::proto::h1::conn[0m[2m:[0m incoming body completed
[2m2025-12-10T10:09:49.184963Z[0m [34mDEBUG[0m [2mhyper::client::pool[0m[2m:[0m pooling idle connection for ("http", 192.168.0.14:8545)
[2m2025-12-10T10:09:49.190905Z[0m [34mDEBUG[0m [2mhyper::proto::h1::io[0m[2m:[0m parsed 4 headers
[2m2025-12-10T10:09:49.190916Z[0m [34mDEBUG[0m [2mhyper::proto::h1::conn[0m[2m:[0m incoming body is content-length (830 bytes)
[2m2025-12-10T10:09:49.190922Z[0m [34mDEBUG[0m [2mhyper::proto::h1::conn[0m[2m:[0m incoming body completed
[2m2025-12-10T10:09:49.190928Z[0m [34mDEBUG[0m [2mhyper::client::pool[0m[2m:[0m pooling idle connection for ("http", 192.168.0.14:8545)
[2m2025-12-10T10:09:49.190934Z[0m [34mDEBUG[0m [2methereum_transaction_pool_monitor::eth_client[0m[2m:[0m 📡 Transaction fetch RPC completed in 6.093ms
[2m2025-12-10T10:09:49.261296Z[0m [34mDEBUG[0m [2methereum_transaction_pool_monitor::eth_client[0m[2m:[0m ✅ Transaction 0x042bfffd838b6d5d8bd0d634d675dfcd5f57c3bfa0cacbc8ee040884ff924c87 fetched and parsed in 76.451667ms
[2m2025-12-10T10:09:49.261321Z[0m [34mDEBUG[0m [2methereum_transaction_pool_monitor::mempool_monitor[0m[2m:[0m 🔍 Skipping tx 0x042bfffd838b6d5d8bd0d634d675dfcd5f57c3bfa0cacbc8ee040884ff924c87 - not a DEX interaction (target: 0x3B4D794a66304F130a4Db8F2551B0070dfCf5ca7)
[2m2025-12-10T10:09:49.261334Z[0m [34mDEBUG[0m [2methereum_transaction_pool_monitor::mempool_monitor[0m[2m:[0m 📨 Processing new pending transaction: 0x7446ee20fac94236c9dd10958c6c7faed430bf305507dfb1364cf901695b34c2
[2m2025-12-10T10:09:49.261343Z[0m [34mDEBUG[0m [2methereum_transaction_pool_monitor::mempool_monitor[0m[2m:[0m 🔍 Fetching transaction details for: 0x7446ee20fac94236c9dd10958c6c7faed430bf305507dfb1364cf901695b34c2
[2m2025-12-10T10:09:49.261349Z[0m [34mDEBUG[0m [2methereum_transaction_pool_monitor::eth_client[0m[2m:[0m 🔍 Fetching transaction details for hash: 0x7446ee20fac94236c9dd10958c6c7faed430bf305507dfb1364cf901695b34c2
[2m2025-12-10T10:09:49.261368Z[0m [34mDEBUG[0m [2mhyper::client::pool[0m[2m:[0m reuse idle connection for ("http", 192.168.0.14:8545)
[2m2025-12-10T10:09:49.261408Z[0m [34mDEBUG[0m [2mhyper::proto::h1::io[0m[2m:[0m flushed 250 bytes
[2m2025-12-10T10:09:49.261429Z[0m [34mDEBUG[0m [2mhyper::client::pool[0m[2m:[0m reuse idle connection for ("http", 192.168.0.14:8545)
[2m2025-12-10T10:09:49.261443Z[0m [34mDEBUG[0m [2mhyper::proto::h1::io[0m[2m:[0m flushed 172 bytes
[2m2025-12-10T10:09:49.261504Z[0m [34mDEBUG[0m [2methereum_transaction_pool_monitor::eth_client[0m[2m:[0m 📨 Received WebSocket message: {"jsonrpc":"2.0","method":"eth_subscription","params":{"subscription":"0xbed0a0851463e895960a451075a301a9","result":"0xbdcdf58c0e8b574c3c086bb5a3449b6829ee8b92dc17c0fd2e5e98ed7b3bf004"}}
[2m2025-12-10T10:09:49.261516Z[0m [34mDEBUG[0m [2methereum_transaction_pool_monitor::eth_client[0m[2m:[0m 📨 Received pending transaction: 0xbdcdf58c0e8b574c3c086bb5a3449b6829ee8b92dc17c0fd2e5e98ed7b3bf004
[2m2025-12-10T10:09:49.265492Z[0m [34mDEBUG[0m [2mhyper::proto::h1::io[0m[2m:[0m parsed 4 headers
[2m2025-12-10T10:09:49.265508Z[0m [34mDEBUG[0m [2mhyper::proto::h1::conn[0m[2m:[0m incoming body is content-length (45 bytes)
[2m2025-12-10T10:09:49.265516Z[0m [34mDEBUG[0m [2mhyper::proto::h1::conn[0m[2m:[0m incoming body completed
[2m2025-12-10T10:09:49.265524Z[0m [34mDEBUG[0m [2mhyper::client::pool[0m[2m:[0m pooling idle connection for ("http", 192.168.0.14:8545)
[2m2025-12-10T10:09:49.268322Z[0m [34mDEBUG[0m [2mhyper::proto::h1::io[0m[2m:[0m parsed 4 headers
[2m2025-12-10T10:09:49.268350Z[0m [34mDEBUG[0m [2mhyper::proto::h1::conn[0m[2m:[0m incoming body is content-length (644 bytes)
[2m2025-12-10T10:09:49.268370Z[0m [34mDEBUG[0m [2mhyper::proto::h1::conn[0m[2m:[0m incoming body completed
[2m2025-12-10T10:09:49.268383Z[0m [34mDEBUG[0m [2mhyper::client::pool[0m[2m:[0m pooling idle connection for ("http", 192.168.0.14:8545)
[2m2025-12-10T10:09:49.268403Z[0m [34mDEBUG[0m [2methereum_transaction_pool_monitor::eth_client[0m[2m:[0m 📡 Transaction fetch RPC completed in 7.049167ms
[2m2025-12-10T10:09:49.404400Z[0m [34mDEBUG[0m [2methereum_transaction_pool_monitor::eth_client[0m[2m:[0m ✅ Transaction 0x7446ee20fac94236c9dd10958c6c7faed430bf305507dfb1364cf901695b34c2 fetched and parsed in 143.042042ms
[2m2025-12-10T10:09:49.404430Z[0m [34mDEBUG[0m [2methereum_transaction_pool_monitor::mempool_monitor[0m[2m:[0m 🔍 Skipping tx 0x7446ee20fac94236c9dd10958c6c7faed430bf305507dfb1364cf901695b34c2 - not a DEX interaction (target: 0x9f022049a85d02608580714c873071552eBdA937)
[2m2025-12-10T10:09:49.404442Z[0m [34mDEBUG[0m [2methereum_transaction_pool_monitor::mempool_monitor[0m[2m:[0m 📨 Processing new pending transaction: 0x1228263c987a0ec48a0cd2e413840caa3be082755a188a9a0cacfdc7be865b44
[2m2025-12-10T10:09:49.404450Z[0m [34mDEBUG[0m [2methereum_transaction_pool_monitor::mempool_monitor[0m[2m:[0m 🔍 Fetching transaction details for: 0x1228263c987a0ec48a0cd2e413840caa3be082755a188a9a0cacfdc7be865b44
[2m2025-12-10T10:09:49.404455Z[0m [34mDEBUG[0m [2methereum_transaction_pool_monitor::eth_client[0m[2m:[0m 🔍 Fetching transaction details for hash: 0x1228263c987a0ec48a0cd2e413840caa3be082755a188a9a0cacfdc7be865b44
[2m2025-12-10T10:09:49.404477Z[0m [34mDEBUG[0m [2mhyper::client::pool[0m[2m:[0m reuse idle connection for ("http", 192.168.0.14:8545)
[2m2025-12-10T10:09:49.404520Z[0m [34mDEBUG[0m [2mhyper::proto::h1::io[0m[2m:[0m flushed 250 bytes
[2m2025-12-10T10:09:49.404543Z[0m [34mDEBUG[0m [2mhyper::client::pool[0m[2m:[0m reuse idle connection for ("http", 192.168.0.14:8545)
[2m2025-12-10T10:09:49.404559Z[0m [34mDEBUG[0m [2mhyper::proto::h1::io[0m[2m:[0m flushed 172 bytes
[2m2025-12-10T10:09:49.404568Z[0m [34mDEBUG[0m [2methereum_transaction_pool_monitor::eth_client[0m[2m:[0m 📨 Received WebSocket message: {"jsonrpc":"2.0","method":"eth_subscription","params":{"subscription":"0xbed0a0851463e895960a451075a301a9","result":"0x3528103bcade3f02d28d93314a21737376ddf851b0ca36d4df95a937c10beb58"}}
[2m2025-12-10T10:09:49.404580Z[0m [34mDEBUG[0m [2methereum_transaction_pool_monitor::eth_client[0m[2m:[0m 📨 Received pending transaction: 0x3528103bcade3f02d28d93314a21737376ddf851b0ca36d4df95a937c10beb58
[2m2025-12-10T10:09:49.404585Z[0m [32m INFO[0m [2methereum_transaction_pool_monitor::eth_client[0m[2m:[0m 📊 WebSocket stats - Total: 1500 transactions, Rate: 13.5 tx/s
[2m2025-12-10T10:09:49.407299Z[0m [34mDEBUG[0m [2methereum_transaction_pool_monitor::eth_client[0m[2m:[0m 📨 Received WebSocket message: {"jsonrpc":"2.0","method":"eth_subscription","params":{"subscription":"0xbed0a0851463e895960a451075a301a9","result":"0x44d8574467280f4ecbc5a013759134c000d65306df948bae5f6f99473ba7c129"}}
[2m2025-12-10T10:09:49.407336Z[0m [34mDEBUG[0m [2methereum_transaction_pool_monitor::eth_client[0m[2m:[0m 📨 Received pending transaction: 0x44d8574467280f4ecbc5a013759134c000d65306df948bae5f6f99473ba7c129
[2m2025-12-10T10:09:49.407566Z[0m [34mDEBUG[0m [2mhyper::proto::h1::io[0m[2m:[0m parsed 4 headers
[2m2025-12-10T10:09:49.407574Z[0m [34mDEBUG[0m [2mhyper::proto::h1::conn[0m[2m:[0m incoming body is content-length (45 bytes)
[2m2025-12-10T10:09:49.407582Z[0m [34mDEBUG[0m [2mhyper::proto::h1::conn[0m[2m:[0m incoming body completed
[2m2025-12-10T10:09:49.407591Z[0m [34mDEBUG[0m [2mhyper::client::pool[0m[2m:[0m pooling idle connection for ("http", 192.168.0.14:8545)
[2m2025-12-10T10:09:49.407608Z[0m [34mDEBUG[0m [2mhyper::client::pool[0m[2m:[0m reuse idle connection for ("http", 192.168.0.14:8545)
[2m2025-12-10T10:09:49.407624Z[0m [34mDEBUG[0m [2mhyper::proto::h1::io[0m[2m:[0m flushed 172 bytes
[2m2025-12-10T10:09:49.411886Z[0m [34mDEBUG[0m [2mhyper::proto::h1::io[0m[2m:[0m parsed 4 headers
[2m2025-12-10T10:09:49.411893Z[0m [34mDEBUG[0m [2mhyper::proto::h1::conn[0m[2m:[0m incoming body is content-length (45 bytes)
[2m2025-12-10T10:09:49.411899Z[0m [34mDEBUG[0m [2mhyper::proto::h1::conn[0m[2m:[0m incoming body completed
[2m2025-12-10T10:09:49.411906Z[0m [34mDEBUG[0m [2mhyper::client::pool[0m[2m:[0m pooling idle connection for ("http", 192.168.0.14:8545)
[2m2025-12-10T10:09:49.413018Z[0m [34mDEBUG[0m [2mhyper::proto::h1::io[0m[2m:[0m parsed 4 headers
[2m2025-12-10T10:09:49.413024Z[0m [34mDEBUG[0m [2mhyper::proto::h1::conn[0m[2m:[0m incoming body is content-length (828 bytes)
[2m2025-12-10T10:09:49.413028Z[0m [34mDEBUG[0m [2mhyper::proto::h1::conn[0m[2m:[0m incoming body completed
[2m2025-12-10T10:09:49.413034Z[0m [34mDEBUG[0m [2mhyper::client::pool[0m[2m:[0m pooling idle connection for ("http", 192.168.0.14:8545)
[2m2025-12-10T10:09:49.413038Z[0m [34mDEBUG[0m [2methereum_transaction_pool_monitor::eth_client[0m[2m:[0m 📡 Transaction fetch RPC completed in 8.578875ms
[2m2025-12-10T10:09:49.677473Z[0m [34mDEBUG[0m [2methereum_transaction_pool_monitor::eth_client[0m[2m:[0m ✅ Transaction 0x1228263c987a0ec48a0cd2e413840caa3be082755a188a9a0cacfdc7be865b44 fetched and parsed in 273.009541ms
[2m2025-12-10T10:09:49.677654Z[0m [34mDEBUG[0m [2methereum_transaction_pool_monitor::mempool_monitor[0m[2m:[0m 🔍 Skipping tx 0x1228263c987a0ec48a0cd2e413840caa3be082755a188a9a0cacfdc7be865b44 - not a DEX interaction (target: 0x3B4D794a66304F130a4Db8F2551B0070dfCf5ca7)
[2m2025-12-10T10:09:49.677666Z[0m [34mDEBUG[0m [2methereum_transaction_pool_monitor::mempool_monitor[0m[2m:[0m 📨 Processing new pending transaction: 0xd88c793efab9d824cded2b49671ab0ef12a34465a3d6b91a692790e3d28b0108
[2m2025-12-10T10:09:49.677700Z[0m [34mDEBUG[0m [2methereum_transaction_pool_monitor::mempool_monitor[0m[2m:[0m 🔍 Fetching transaction details for: 0xd88c793efab9d824cded2b49671ab0ef12a34465a3d6b91a692790e3d28b0108
[2m2025-12-10T10:09:49.677706Z[0m [34mDEBUG[0m [2methereum_transaction_pool_monitor::eth_client[0m[2m:[0m 🔍 Fetching transaction details for hash: 0xd88c793efab9d824cded2b49671ab0ef12a34465a3d6b91a692790e3d28b0108
[2m2025-12-10T10:09:49.677725Z[0m [34mDEBUG[0m [2mhyper::client::pool[0m[2m:[0m reuse idle connection for ("http", 192.168.0.14:8545)
[2m2025-12-10T10:09:49.677750Z[0m [34mDEBUG[0m [2mhyper::proto::h1::io[0m[2m:[0m flushed 250 bytes
[2m2025-12-10T10:09:49.677766Z[0m [34mDEBUG[0m [2mhyper::client::pool[0m[2m:[0m reuse idle connection for ("http", 192.168.0.14:8545)
[2m2025-12-10T10:09:49.677774Z[0m [34mDEBUG[0m [2methereum_transaction_pool_monitor::eth_client[0m[2m:[0m 📨 Received WebSocket message: {"jsonrpc":"2.0","method":"eth_subscription","params":{"subscription":"0xbed0a0851463e895960a451075a301a9","result":"0xdd87c22c91faef7cae8941d8dc7397773140de4153cde215e8220c8f90ced1cf"}}
[2m2025-12-10T10:09:49.677780Z[0m [34mDEBUG[0m [2mhyper::proto::h1::io[0m[2m:[0m flushed 172 bytes
[2m2025-12-10T10:09:49.677789Z[0m [34mDEBUG[0m [2methereum_transaction_pool_monitor::eth_client[0m[2m:[0m 📨 Received pending transaction: 0xdd87c22c91faef7cae8941d8dc7397773140de4153cde215e8220c8f90ced1cf
[2m2025-12-10T10:09:49.685099Z[0m [34mDEBUG[0m [2mhyper::proto::h1::io[0m[2m:[0m parsed 4 headers
[2m2025-12-10T10:09:49.685117Z[0m [34mDEBUG[0m [2mhyper::proto::h1::conn[0m[2m:[0m incoming body is content-length (45 bytes)
[2m2025-12-10T10:09:49.685126Z[0m [34mDEBUG[0m [2mhyper::proto::h1::conn[0m[2m:[0m incoming body completed
[2m2025-12-10T10:09:49.685137Z[0m [34mDEBUG[0m [2mhyper::client::pool[0m[2m:[0m pooling idle connection for ("http", 192.168.0.14:8545)
[2m2025-12-10T10:09:49.685158Z[0m [34mDEBUG[0m [2mhyper::client::pool[0m[2m:[0m reuse idle connection for ("http", 192.168.0.14:8545)
[2m2025-12-10T10:09:49.685188Z[0m [34mDEBUG[0m [2mhyper::proto::h1::io[0m[2m:[0m flushed 172 bytes
[2m2025-12-10T10:09:49.685619Z[0m [34mDEBUG[0m [2mhyper::proto::h1::io[0m[2m:[0m parsed 4 headers
[2m2025-12-10T10:09:49.685627Z[0m [34mDEBUG[0m [2mhyper::proto::h1::conn[0m[2m:[0m incoming body is content-length (771 bytes)
[2m2025-12-10T10:09:49.685633Z[0m [34mDEBUG[0m [2mhyper::proto::h1::conn[0m[2m:[0m incoming body completed
[2m2025-12-10T10:09:49.685641Z[0m [34mDEBUG[0m [2mhyper::client::pool[0m[2m:[0m pooling idle connection for ("http", 192.168.0.14:8545)
[2m2025-12-10T10:09:49.685646Z[0m [34mDEBUG[0m [2methereum_transaction_pool_monitor::eth_client[0m[2m:[0m 📡 Transaction fetch RPC completed in 7.935541ms
[2m2025-12-10T10:09:49.685662Z[0m [34mDEBUG[0m [2methereum_transaction_pool_monitor::eth_client[0m[2m:[0m DeFi transaction detected - Address: 0x1f9840a85d5af5bf1d1762f925bdaddc4201f984, Type: TokenContract, Value: 0 ETH, Gas: 2.28 Gwei
[2m2025-12-10T10:09:49.685675Z[0m [34mDEBUG[0m [2methereum_transaction_pool_monitor::eth_client[0m[2m:[0m ✅ Transaction 0xd88c793efab9d824cded2b49671ab0ef12a34465a3d6b91a692790e3d28b0108 fetched and parsed in 7.964375ms
[2m2025-12-10T10:09:49.685682Z[0m [34mDEBUG[0m [2methereum_transaction_pool_monitor::mempool_monitor[0m[2m:[0m 🔍 Skipping tx 0xd88c793efab9d824cded2b49671ab0ef12a34465a3d6b91a692790e3d28b0108 - not a DEX interaction (target: 0x1f9840a85d5aF5bf1D1762F925BDADdC4201F984)
[2m2025-12-10T10:09:49.685741Z[0m [34mDEBUG[0m [2methereum_transaction_pool_monitor::mempool_monitor[0m[2m:[0m 📨 Processing new pending transaction: 0xe6ae6fa4e2f4a27f75ae924b5a78e654f3e6fdbc6eff536b07bd50844190f6ef
[2m2025-12-10T10:09:49.685749Z[0m [34mDEBUG[0m [2methereum_transaction_pool_monitor::mempool_monitor[0m[2m:[0m 🔍 Fetching transaction details for: 0xe6ae6fa4e2f4a27f75ae924b5a78e654f3e6fdbc6eff536b07bd50844190f6ef
[2m2025-12-10T10:09:49.685753Z[0m [34mDEBUG[0m [2methereum_transaction_pool_monitor::eth_client[0m[2m:[0m 🔍 Fetching transaction details for hash: 0xe6ae6fa4e2f4a27f75ae924b5a78e654f3e6fdbc6eff536b07bd50844190f6ef
[2m2025-12-10T10:09:49.685763Z[0m [34mDEBUG[0m [2mhyper::client::pool[0m[2m:[0m reuse idle connection for ("http", 192.168.0.14:8545)
[2m2025-12-10T10:09:49.685778Z[0m [34mDEBUG[0m [2mhyper::proto::h1::io[0m[2m:[0m flushed 250 bytes
[2m2025-12-10T10:09:49.689538Z[0m [34mDEBUG[0m [2mhyper::proto::h1::io[0m[2m:[0m parsed 4 headers
[2m2025-12-10T10:09:49.689553Z[0m [34mDEBUG[0m [2mhyper::proto::h1::conn[0m[2m:[0m incoming body is content-length (45 bytes)
[2m2025-12-10T10:09:49.689561Z[0m [34mDEBUG[0m [2mhyper::proto::h1::conn[0m[2m:[0m incoming body completed
[2m2025-12-10T10:09:49.689571Z[0m [34mDEBUG[0m [2mhyper::client::pool[0m[2m:[0m pooling idle connection for ("http", 192.168.0.14:8545)
[2m2025-12-10T10:09:49.696050Z[0m [34mDEBUG[0m [2mhyper::proto::h1::io[0m[2m:[0m parsed 4 headers
[2m2025-12-10T10:09:49.696061Z[0m [34mDEBUG[0m [2mhyper::proto::h1::conn[0m[2m:[0m incoming body is content-length (771 bytes)
[2m2025-12-10T10:09:49.696050Z[0m [34mDEBUG[0m [2mhyper::client::pool[0m[2m:[0m reuse idle connection for ("http", 192.168.0.14:8545)
[2m2025-12-10T10:09:49.696067Z[0m [34mDEBUG[0m [2mhyper::proto::h1::conn[0m[2m:[0m incoming body completed
[2m2025-12-10T10:09:49.696085Z[0m [34mDEBUG[0m [2mhyper::client::pool[0m[2m:[0m pooling idle connection for ("http", 192.168.0.14:8545)
[2m2025-12-10T10:09:49.696089Z[0m [34mDEBUG[0m [2mhyper::proto::h1::io[0m[2m:[0m flushed 172 bytes
[2m2025-12-10T10:09:49.696090Z[0m [34mDEBUG[0m [2methereum_transaction_pool_monitor::eth_client[0m[2m:[0m 📡 Transaction fetch RPC completed in 10.331291ms
[2m2025-12-10T10:09:49.703060Z[0m [34mDEBUG[0m [2methereum_transaction_pool_monitor::eth_client[0m[2m:[0m 📨 Received WebSocket message: {"jsonrpc":"2.0","method":"eth_subscription","params":{"subscription":"0xbed0a0851463e895960a451075a301a9","result":"0xce6105d53427b97d20c60c4932a7d74f3f82c17356f684e72aeb144bf00b7784"}}
[2m2025-12-10T10:09:49.703085Z[0m [34mDEBUG[0m [2methereum_transaction_pool_monitor::eth_client[0m[2m:[0m 📨 Received pending transaction: 0xce6105d53427b97d20c60c4932a7d74f3f82c17356f684e72aeb144bf00b7784
[2m2025-12-10T10:09:49.703637Z[0m [34mDEBUG[0m [2mhyper::proto::h1::io[0m[2m:[0m parsed 4 headers
[2m2025-12-10T10:09:49.703675Z[0m [34mDEBUG[0m [2mhyper::proto::h1::conn[0m[2m:[0m incoming body is content-length (45 bytes)
[2m2025-12-10T10:09:49.703701Z[0m [34mDEBUG[0m [2mhyper::proto::h1::conn[0m[2m:[0m incoming body completed
[2m2025-12-10T10:09:49.703723Z[0m [34mDEBUG[0m [2mhyper::client::pool[0m[2m:[0m pooling idle connection for ("http", 192.168.0.14:8545)
[2m2025-12-10T10:09:49.767173Z[0m [34mDEBUG[0m [2methereum_transaction_pool_monitor::eth_client[0m[2m:[0m ✅ Transaction 0xe6ae6fa4e2f4a27f75ae924b5a78e654f3e6fdbc6eff536b07bd50844190f6ef fetched and parsed in 81.412625ms
[2m2025-12-10T10:09:49.767200Z[0m [34mDEBUG[0m [2methereum_transaction_pool_monitor::mempool_monitor[0m[2m:[0m 🔍 Skipping tx 0xe6ae6fa4e2f4a27f75ae924b5a78e654f3e6fdbc6eff536b07bd50844190f6ef - not a DEX interaction (target: 0xA0b86991c6218b36c1d19D4a2e9Eb0cE3606eB48)
[2m2025-12-10T10:09:49.767211Z[0m [34mDEBUG[0m [2methereum_transaction_pool_monitor::mempool_monitor[0m[2m:[0m 📨 Processing new pending transaction: 0xf60487e02e75728b08e26c633b9ef9330b53bab2bf01f88e0a2c00d736d45206
[2m2025-12-10T10:09:49.767217Z[0m [34mDEBUG[0m [2methereum_transaction_pool_monitor::mempool_monitor[0m[2m:[0m 🔍 Fetching transaction details for: 0xf60487e02e75728b08e26c633b9ef9330b53bab2bf01f88e0a2c00d736d45206
[2m2025-12-10T10:09:49.767224Z[0m [34mDEBUG[0m [2methereum_transaction_pool_monitor::eth_client[0m[2m:[0m 🔍 Fetching transaction details for hash: 0xf60487e02e75728b08e26c633b9ef9330b53bab2bf01f88e0a2c00d736d45206
[2m2025-12-10T10:09:49.767242Z[0m [34mDEBUG[0m [2mhyper::client::pool[0m[2m:[0m reuse idle connection for ("http", 192.168.0.14:8545)
[2m2025-12-10T10:09:49.767288Z[0m [34mDEBUG[0m [2mhyper::proto::h1::io[0m[2m:[0m flushed 250 bytes
[2m2025-12-10T10:09:49.771014Z[0m [34mDEBUG[0m [2mhyper::proto::h1::io[0m[2m:[0m parsed 4 headers
[2m2025-12-10T10:09:49.771020Z[0m [34mDEBUG[0m [2mhyper::proto::h1::conn[0m[2m:[0m incoming body is content-length (679 bytes)
[2m2025-12-10T10:09:49.771028Z[0m [34mDEBUG[0m [2mhyper::proto::h1::conn[0m[2m:[0m incoming body completed
[2m2025-12-10T10:09:49.771036Z[0m [34mDEBUG[0m [2mhyper::client::pool[0m[2m:[0m pooling idle connection for ("http", 192.168.0.14:8545)
[2m2025-12-10T10:09:49.771043Z[0m [34mDEBUG[0m [2methereum_transaction_pool_monitor::eth_client[0m[2m:[0m 📡 Transaction fetch RPC completed in 3.814584ms
[2m2025-12-10T10:09:49.842482Z[0m [34mDEBUG[0m [2methereum_transaction_pool_monitor::eth_client[0m[2m:[0m ✅ Transaction 0xf60487e02e75728b08e26c633b9ef9330b53bab2bf01f88e0a2c00d736d45206 fetched and parsed in 75.25175ms
[2m2025-12-10T10:09:49.842507Z[0m [34mDEBUG[0m [2methereum_transaction_pool_monitor::mempool_monitor[0m[2m:[0m 🔍 Skipping tx 0xf60487e02e75728b08e26c633b9ef9330b53bab2bf01f88e0a2c00d736d45206 - not a DEX interaction (target: 0xd551874Ee86Fc013391003C4fC7c9A75EF12D0c3)
[2m2025-12-10T10:09:49.842517Z[0m [34mDEBUG[0m [2methereum_transaction_pool_monitor::mempool_monitor[0m[2m:[0m 📨 Processing new pending transaction: 0xe2348a7ae77a565214e8c3283f0eea4ff69f817f1b0a978f271d29da2aebb000
[2m2025-12-10T10:09:49.842525Z[0m [34mDEBUG[0m [2methereum_transaction_pool_monitor::mempool_monitor[0m[2m:[0m 🔍 Fetching transaction details for: 0xe2348a7ae77a565214e8c3283f0eea4ff69f817f1b0a978f271d29da2aebb000
[2m2025-12-10T10:09:49.842531Z[0m [34mDEBUG[0m [2methereum_transaction_pool_monitor::eth_client[0m[2m:[0m 🔍 Fetching transaction details for hash: 0xe2348a7ae77a565214e8c3283f0eea4ff69f817f1b0a978f271d29da2aebb000
[2m2025-12-10T10:09:49.842549Z[0m [34mDEBUG[0m [2mhyper::client::pool[0m[2m:[0m reuse idle connection for ("http", 192.168.0.14:8545)
[2m2025-12-10T10:09:49.842589Z[0m [34mDEBUG[0m [2mhyper::proto::h1::io[0m[2m:[0m flushed 250 bytes
[2m2025-12-10T10:09:49.842607Z[0m [34mDEBUG[0m [2mhyper::client::pool[0m[2m:[0m reuse idle connection for ("http", 192.168.0.14:8545)
[2m2025-12-10T10:09:49.842618Z[0m [34mDEBUG[0m [2methereum_transaction_pool_monitor::eth_client[0m[2m:[0m 📨 Received WebSocket message: {"jsonrpc":"2.0","method":"eth_subscription","params":{"subscription":"0xbed0a0851463e895960a451075a301a9","result":"0xc8ad218aa8925be6fce975d40219e8e7dfb8353c9d60c5ae70b1efb7af79c22d"}}
[2m2025-12-10T10:09:49.842620Z[0m [34mDEBUG[0m [2mhyper::proto::h1::io[0m[2m:[0m flushed 172 bytes
[2m2025-12-10T10:09:49.842635Z[0m [34mDEBUG[0m [2methereum_transaction_pool_monitor::eth_client[0m[2m:[0m 📨 Received pending transaction: 0xc8ad218aa8925be6fce975d40219e8e7dfb8353c9d60c5ae70b1efb7af79c22d
[2m2025-12-10T10:09:49.846724Z[0m [34mDEBUG[0m [2mhyper::proto::h1::io[0m[2m:[0m parsed 4 headers
[2m2025-12-10T10:09:49.846751Z[0m [34mDEBUG[0m [2mhyper::proto::h1::conn[0m[2m:[0m incoming body is content-length (45 bytes)
[2m2025-12-10T10:09:49.846774Z[0m [34mDEBUG[0m [2mhyper::proto::h1::conn[0m[2m:[0m incoming body completed
[2m2025-12-10T10:09:49.846787Z[0m [34mDEBUG[0m [2mhyper::client::pool[0m[2m:[0m pooling idle connection for ("http", 192.168.0.14:8545)
[2m2025-12-10T10:09:49.846820Z[0m [34mDEBUG[0m [2mhyper::proto::h1::io[0m[2m:[0m parsed 4 headers
[2m2025-12-10T10:09:49.846826Z[0m [34mDEBUG[0m [2mhyper::proto::h1::conn[0m[2m:[0m incoming body is content-length (771 bytes)
[2m2025-12-10T10:09:49.846831Z[0m [34mDEBUG[0m [2mhyper::proto::h1::conn[0m[2m:[0m incoming body completed
[2m2025-12-10T10:09:49.846837Z[0m [34mDEBUG[0m [2mhyper::client::pool[0m[2m:[0m pooling idle connection for ("http", 192.168.0.14:8545)
[2m2025-12-10T10:09:49.846842Z[0m [34mDEBUG[0m [2methereum_transaction_pool_monitor::eth_client[0m[2m:[0m 📡 Transaction fetch RPC completed in 4.3065ms
[2m2025-12-10T10:09:49.921608Z[0m [34mDEBUG[0m [2methereum_transaction_pool_monitor::eth_client[0m[2m:[0m ✅ Transaction 0xe2348a7ae77a565214e8c3283f0eea4ff69f817f1b0a978f271d29da2aebb000 fetched and parsed in 79.070125ms
[2m2025-12-10T10:09:49.921635Z[0m [34mDEBUG[0m [2methereum_transaction_pool_monitor::mempool_monitor[0m[2m:[0m 🔍 Skipping tx 0xe2348a7ae77a565214e8c3283f0eea4ff69f817f1b0a978f271d29da2aebb000 - not a DEX interaction (target: 0xB8f28C60dD8240141185a192fa4156A23E189305)
[2m2025-12-10T10:09:49.921645Z[0m [34mDEBUG[0m [2methereum_transaction_pool_monitor::mempool_monitor[0m[2m:[0m 📨 Processing new pending transaction: 0xca5b8fd9eb42c952a210e498e638c05c9d0e0b36e2d4c0bb2465a242d6435757
[2m2025-12-10T10:09:49.921652Z[0m [34mDEBUG[0m [2methereum_transaction_pool_monitor::mempool_monitor[0m[2m:[0m 🔍 Fetching transaction details for: 0xca5b8fd9eb42c952a210e498e638c05c9d0e0b36e2d4c0bb2465a242d6435757
[2m2025-12-10T10:09:49.921658Z[0m [34mDEBUG[0m [2methereum_transaction_pool_monitor::eth_client[0m[2m:[0m 🔍 Fetching transaction details for hash: 0xca5b8fd9eb42c952a210e498e638c05c9d0e0b36e2d4c0bb2465a242d6435757
[2m2025-12-10T10:09:49.921675Z[0m [34mDEBUG[0m [2mhyper::client::pool[0m[2m:[0m reuse idle connection for ("http", 192.168.0.14:8545)
[2m2025-12-10T10:09:49.921722Z[0m [34mDEBUG[0m [2mhyper::proto::h1::io[0m[2m:[0m flushed 250 bytes
[2m2025-12-10T10:09:49.921739Z[0m [34mDEBUG[0m [2mhyper::client::pool[0m[2m:[0m reuse idle connection for ("http", 192.168.0.14:8545)
[2m2025-12-10T10:09:49.921748Z[0m [34mDEBUG[0m [2methereum_transaction_pool_monitor::eth_client[0m[2m:[0m 📨 Received WebSocket message: {"jsonrpc":"2.0","method":"eth_subscription","params":{"subscription":"0xbed0a0851463e895960a451075a301a9","result":"0x90dd100fee24854437bdfefc33f62f6ca373cef4f3232fb586a56d8010554bc1"}}
[2m2025-12-10T10:09:49.921762Z[0m [34mDEBUG[0m [2methereum_transaction_pool_monitor::eth_client[0m[2m:[0m 📨 Received pending transaction: 0x90dd100fee24854437bdfefc33f62f6ca373cef4f3232fb586a56d8010554bc1
[2m2025-12-10T10:09:49.921752Z[0m [34mDEBUG[0m [2mhyper::proto::h1::io[0m[2m:[0m flushed 172 bytes
[2m2025-12-10T10:09:49.927069Z[0m [34mDEBUG[0m [2mhyper::proto::h1::io[0m[2m:[0m parsed 4 headers
[2m2025-12-10T10:09:49.927075Z[0m [34mDEBUG[0m [2mhyper::proto::h1::conn[0m[2m:[0m incoming body is content-length (45 bytes)
[2m2025-12-10T10:09:49.927086Z[0m [34mDEBUG[0m [2mhyper::proto::h1::conn[0m[2m:[0m incoming body completed
[2m2025-12-10T10:09:49.927096Z[0m [34mDEBUG[0m [2mhyper::client::pool[0m[2m:[0m pooling idle connection for ("http", 192.168.0.14:8545)
[2m2025-12-10T10:09:49.928952Z[0m [34mDEBUG[0m [2mhyper::proto::h1::io[0m[2m:[0m parsed 4 headers
[2m2025-12-10T10:09:49.928972Z[0m [34mDEBUG[0m [2mhyper::proto::h1::conn[0m[2m:[0m incoming body is content-length (654 bytes)
[2m2025-12-10T10:09:49.928994Z[0m [34mDEBUG[0m [2mhyper::proto::h1::conn[0m[2m:[0m incoming body completed
[2m2025-12-10T10:09:49.929019Z[0m [34mDEBUG[0m [2mhyper::client::pool[0m[2m:[0m pooling idle connection for ("http", 192.168.0.14:8545)
[2m2025-12-10T10:09:49.929039Z[0m [34mDEBUG[0m [2methereum_transaction_pool_monitor::eth_client[0m[2m:[0m 📡 Transaction fetch RPC completed in 7.363333ms
[2m2025-12-10T10:09:50.000837Z[0m [34mDEBUG[0m [2methereum_transaction_pool_monitor::eth_client[0m[2m:[0m ✅ Transaction 0xca5b8fd9eb42c952a210e498e638c05c9d0e0b36e2d4c0bb2465a242d6435757 fetched and parsed in 79.172042ms
[2m2025-12-10T10:09:50.000863Z[0m [34mDEBUG[0m [2methereum_transaction_pool_monitor::mempool_monitor[0m[2m:[0m 🔍 Skipping tx 0xca5b8fd9eb42c952a210e498e638c05c9d0e0b36e2d4c0bb2465a242d6435757 - not a DEX interaction (target: 0x9EB5F0529C2D077F07C46A21a00610d3d68d716E)
[2m2025-12-10T10:09:50.000874Z[0m [34mDEBUG[0m [2methereum_transaction_pool_monitor::mempool_monitor[0m[2m:[0m 📨 Processing new pending transaction: 0x577278ad89acbca4d941016ed8bfedad8aa3652d6a84b3eb2f488b594c4e661b
[2m2025-12-10T10:09:50.000880Z[0m [34mDEBUG[0m [2methereum_transaction_pool_monitor::mempool_monitor[0m[2m:[0m 🔍 Fetching transaction details for: 0x577278ad89acbca4d941016ed8bfedad8aa3652d6a84b3eb2f488b594c4e661b
[2m2025-12-10T10:09:50.000887Z[0m [34mDEBUG[0m [2methereum_transaction_pool_monitor::eth_client[0m[2m:[0m 🔍 Fetching transaction details for hash: 0x577278ad89acbca4d941016ed8bfedad8aa3652d6a84b3eb2f488b594c4e661b
[2m2025-12-10T10:09:50.000908Z[0m [34mDEBUG[0m [2mhyper::client::pool[0m[2m:[0m reuse idle connection for ("http", 192.168.0.14:8545)
[2m2025-12-10T10:09:50.000954Z[0m [34mDEBUG[0m [2mhyper::proto::h1::io[0m[2m:[0m flushed 250 bytes
[2m2025-12-10T10:09:50.000982Z[0m [34mDEBUG[0m [2mhyper::client::pool[0m[2m:[0m reuse idle connection for ("http", 192.168.0.14:8545)
[2m2025-12-10T10:09:50.000996Z[0m [34mDEBUG[0m [2mhyper::proto::h1::io[0m[2m:[0m flushed 172 bytes
[2m2025-12-10T10:09:50.007439Z[0m [34mDEBUG[0m [2mhyper::proto::h1::io[0m[2m:[0m parsed 4 headers
[2m2025-12-10T10:09:50.007450Z[0m [34mDEBUG[0m [2mhyper::proto::h1::conn[0m[2m:[0m incoming body is content-length (45 bytes)
[2m2025-12-10T10:09:50.007458Z[0m [34mDEBUG[0m [2mhyper::proto::h1::conn[0m[2m:[0m incoming body completed
[2m2025-12-10T10:09:50.007467Z[0m [34mDEBUG[0m [2mhyper::client::pool[0m[2m:[0m pooling idle connection for ("http", 192.168.0.14:8545)
[2m2025-12-10T10:09:50.013558Z[0m [34mDEBUG[0m [2mhyper::proto::h1::io[0m[2m:[0m parsed 4 headers
[2m2025-12-10T10:09:50.013586Z[0m [34mDEBUG[0m [2mhyper::proto::h1::conn[0m[2m:[0m incoming body is content-length (778 bytes)
[2m2025-12-10T10:09:50.013607Z[0m [34mDEBUG[0m [2mhyper::proto::h1::conn[0m[2m:[0m incoming body completed
[2m2025-12-10T10:09:50.013615Z[0m [34mDEBUG[0m [2mhyper::client::pool[0m[2m:[0m pooling idle connection for ("http", 192.168.0.14:8545)
[2m2025-12-10T10:09:50.013621Z[0m [34mDEBUG[0m [2methereum_transaction_pool_monitor::eth_client[0m[2m:[0m 📡 Transaction fetch RPC completed in 12.729916ms
[2m2025-12-10T10:09:50.013648Z[0m [34mDEBUG[0m [2methereum_transaction_pool_monitor::eth_client[0m[2m:[0m DeFi transaction detected - Address: 0xdac17f958d2ee523a2206206994597c13d831ec7, Type: Stablecoin, Value: 0 ETH, Gas: 127.50 Gwei
[2m2025-12-10T10:09:50.013661Z[0m [34mDEBUG[0m [2methereum_transaction_pool_monitor::eth_client[0m[2m:[0m ✅ Transaction 0x577278ad89acbca4d941016ed8bfedad8aa3652d6a84b3eb2f488b594c4e661b fetched and parsed in 12.770666ms
[2m2025-12-10T10:09:50.013667Z[0m [34mDEBUG[0m [2methereum_transaction_pool_monitor::mempool_monitor[0m[2m:[0m 🔍 Skipping tx 0x577278ad89acbca4d941016ed8bfedad8aa3652d6a84b3eb2f488b594c4e661b - not a DEX interaction (target: 0xdAC17F958D2ee523a2206206994597C13D831ec7)
[2m2025-12-10T10:09:50.013674Z[0m [34mDEBUG[0m [2methereum_transaction_pool_monitor::mempool_monitor[0m[2m:[0m 📨 Processing new pending transaction: 0x7a21af63c48a726927c0e1abf6bf2b18658d65d197ca27a1055d63e1ff815546
[2m2025-12-10T10:09:50.013677Z[0m [34mDEBUG[0m [2methereum_transaction_pool_monitor::mempool_monitor[0m[2m:[0m 🔍 Fetching transaction details for: 0x7a21af63c48a726927c0e1abf6bf2b18658d65d197ca27a1055d63e1ff815546
[2m2025-12-10T10:09:50.013681Z[0m [34mDEBUG[0m [2methereum_transaction_pool_monitor::eth_client[0m[2m:[0m 🔍 Fetching transaction details for hash: 0x7a21af63c48a726927c0e1abf6bf2b18658d65d197ca27a1055d63e1ff815546
[2m2025-12-10T10:09:50.013690Z[0m [34mDEBUG[0m [2mhyper::client::pool[0m[2m:[0m reuse idle connection for ("http", 192.168.0.14:8545)
[2m2025-12-10T10:09:50.013709Z[0m [34mDEBUG[0m [2mhyper::proto::h1::io[0m[2m:[0m flushed 250 bytes
[2m2025-12-10T10:09:50.025990Z[0m [34mDEBUG[0m [2mhyper::proto::h1::io[0m[2m:[0m parsed 4 headers
[2m2025-12-10T10:09:50.025998Z[0m [34mDEBUG[0m [2mhyper::proto::h1::conn[0m[2m:[0m incoming body is content-length (1098 bytes)
[2m2025-12-10T10:09:50.026004Z[0m [34mDEBUG[0m [2mhyper::proto::h1::conn[0m[2m:[0m incoming body completed
[2m2025-12-10T10:09:50.026010Z[0m [34mDEBUG[0m [2mhyper::client::pool[0m[2m:[0m pooling idle connection for ("http", 192.168.0.14:8545)
[2m2025-12-10T10:09:50.026015Z[0m [34mDEBUG[0m [2methereum_transaction_pool_monitor::eth_client[0m[2m:[0m 📡 Transaction fetch RPC completed in 12.329917ms
[2m2025-12-10T10:09:50.097549Z[0m [34mDEBUG[0m [2methereum_transaction_pool_monitor::eth_client[0m[2m:[0m ✅ Transaction 0x7a21af63c48a726927c0e1abf6bf2b18658d65d197ca27a1055d63e1ff815546 fetched and parsed in 83.861708ms
[2m2025-12-10T10:09:50.097579Z[0m [34mDEBUG[0m [2methereum_transaction_pool_monitor::mempool_monitor[0m[2m:[0m 🔍 Skipping tx 0x7a21af63c48a726927c0e1abf6bf2b18658d65d197ca27a1055d63e1ff815546 - not a DEX interaction (target: 0xEe7aE85f2Fe2239E27D9c1E23fFFe168D63b4055)
[2m2025-12-10T10:09:50.097590Z[0m [34mDEBUG[0m [2methereum_transaction_pool_monitor::mempool_monitor[0m[2m:[0m 📨 Processing new pending transaction: 0x4c4990a129ecd8248444469f11e39c920064fd690c445bffca84e250e8d3f13f
[2m2025-12-10T10:09:50.097598Z[0m [34mDEBUG[0m [2methereum_transaction_pool_monitor::mempool_monitor[0m[2m:[0m 🔍 Fetching transaction details for: 0x4c4990a129ecd8248444469f11e39c920064fd690c445bffca84e250e8d3f13f
[2m2025-12-10T10:09:50.097605Z[0m [34mDEBUG[0m [2methereum_transaction_pool_monitor::eth_client[0m[2m:[0m 🔍 Fetching transaction details for hash: 0x4c4990a129ecd8248444469f11e39c920064fd690c445bffca84e250e8d3f13f
[2m2025-12-10T10:09:50.097621Z[0m [34mDEBUG[0m [2mhyper::client::pool[0m[2m:[0m reuse idle connection for ("http", 192.168.0.14:8545)
[2m2025-12-10T10:09:50.097662Z[0m [34mDEBUG[0m [2mhyper::proto::h1::io[0m[2m:[0m flushed 250 bytes
[2m2025-12-10T10:09:50.097683Z[0m [34mDEBUG[0m [2mhyper::client::pool[0m[2m:[0m reuse idle connection for ("http", 192.168.0.14:8545)
[2m2025-12-10T10:09:50.097709Z[0m [34mDEBUG[0m [2mhyper::proto::h1::io[0m[2m:[0m flushed 172 bytes
[2m2025-12-10T10:09:50.097689Z[0m [34mDEBUG[0m [2methereum_transaction_pool_monitor::eth_client[0m[2m:[0m 📨 Received WebSocket message: {"jsonrpc":"2.0","method":"eth_subscription","params":{"subscription":"0xbed0a0851463e895960a451075a301a9","result":"0xa2cf1189cc6207bda47d6cbb344d6ff7eede7b889fc72e7224653cccf88073c9"}}
[2m2025-12-10T10:09:50.097732Z[0m [34mDEBUG[0m [2methereum_transaction_pool_monitor::eth_client[0m[2m:[0m 📨 Received pending transaction: 0xa2cf1189cc6207bda47d6cbb344d6ff7eede7b889fc72e7224653cccf88073c9
[2m2025-12-10T10:09:50.109869Z[0m [34mDEBUG[0m [2mhyper::proto::h1::io[0m[2m:[0m parsed 4 headers
[2m2025-12-10T10:09:50.109878Z[0m [34mDEBUG[0m [2mhyper::proto::h1::conn[0m[2m:[0m incoming body is content-length (1731 bytes)
[2m2025-12-10T10:09:50.109886Z[0m [34mDEBUG[0m [2mhyper::proto::h1::conn[0m[2m:[0m incoming body completed
[2m2025-12-10T10:09:50.109894Z[0m [34mDEBUG[0m [2mhyper::client::pool[0m[2m:[0m pooling idle connection for ("http", 192.168.0.14:8545)
[2m2025-12-10T10:09:50.109900Z[0m [34mDEBUG[0m [2methereum_transaction_pool_monitor::eth_client[0m[2m:[0m 📡 Transaction fetch RPC completed in 12.29075ms
[2m2025-12-10T10:09:50.195520Z[0m [34mDEBUG[0m [2methereum_transaction_pool_monitor::eth_client[0m[2m:[0m ✅ Transaction 0x4c4990a129ecd8248444469f11e39c920064fd690c445bffca84e250e8d3f13f fetched and parsed in 97.908709ms
[2m2025-12-10T10:09:50.195547Z[0m [34mDEBUG[0m [2methereum_transaction_pool_monitor::mempool_monitor[0m[2m:[0m 🔍 Skipping tx 0x4c4990a129ecd8248444469f11e39c920064fd690c445bffca84e250e8d3f13f - not a DEX interaction (target: 0x601a2aD6CB5949f0529735254189Ba3194221EDF)
[2m2025-12-10T10:09:50.195557Z[0m [34mDEBUG[0m [2methereum_transaction_pool_monitor::mempool_monitor[0m[2m:[0m 📨 Processing new pending transaction: 0x89df2e65ca16ba670d3e8548a7769c807b6978b7a800c368d76b09eaf692f10b
[2m2025-12-10T10:09:50.195564Z[0m [34mDEBUG[0m [2methereum_transaction_pool_monitor::mempool_monitor[0m[2m:[0m 🔍 Fetching transaction details for: 0x89df2e65ca16ba670d3e8548a7769c807b6978b7a800c368d76b09eaf692f10b
[2m2025-12-10T10:09:50.195569Z[0m [34mDEBUG[0m [2methereum_transaction_pool_monitor::eth_client[0m[2m:[0m 🔍 Fetching transaction details for hash: 0x89df2e65ca16ba670d3e8548a7769c807b6978b7a800c368d76b09eaf692f10b
[2m2025-12-10T10:09:50.195590Z[0m [34mDEBUG[0m [2mhyper::client::pool[0m[2m:[0m reuse idle connection for ("http", 192.168.0.14:8545)
[2m2025-12-10T10:09:50.195639Z[0m [34mDEBUG[0m [2mhyper::proto::h1::io[0m[2m:[0m flushed 250 bytes
[2m2025-12-10T10:09:50.195657Z[0m [34mDEBUG[0m [2mhyper::proto::h1::io[0m[2m:[0m parsed 4 headers
[2m2025-12-10T10:09:50.195665Z[0m [34mDEBUG[0m [2mhyper::proto::h1::conn[0m[2m:[0m incoming body is content-length (45 bytes)
[2m2025-12-10T10:09:50.195675Z[0m [34mDEBUG[0m [2mhyper::proto::h1::conn[0m[2m:[0m incoming body completed
[2m2025-12-10T10:09:50.195686Z[0m [34mDEBUG[0m [2mhyper::client::pool[0m[2m:[0m pooling idle connection for ("http", 192.168.0.14:8545)
[2m2025-12-10T10:09:50.196991Z[0m [34mDEBUG[0m [2mhyper::client::pool[0m[2m:[0m reuse idle connection for ("http", 192.168.0.14:8545)
[2m2025-12-10T10:09:50.197048Z[0m [34mDEBUG[0m [2mhyper::proto::h1::io[0m[2m:[0m flushed 172 bytes
[2m2025-12-10T10:09:50.201992Z[0m [34mDEBUG[0m [2mhyper::proto::h1::io[0m[2m:[0m parsed 4 headers
[2m2025-12-10T10:09:50.201998Z[0m [34mDEBUG[0m [2mhyper::proto::h1::conn[0m[2m:[0m incoming body is content-length (45 bytes)
[2m2025-12-10T10:09:50.202003Z[0m [34mDEBUG[0m [2mhyper::proto::h1::conn[0m[2m:[0m incoming body completed
[2m2025-12-10T10:09:50.202008Z[0m [34mDEBUG[0m [2mhyper::client::pool[0m[2m:[0m pooling idle connection for ("http", 192.168.0.14:8545)
[2m2025-12-10T10:09:50.203912Z[0m [34mDEBUG[0m [2mhyper::proto::h1::io[0m[2m:[0m parsed 4 headers
[2m2025-12-10T10:09:50.203919Z[0m [34mDEBUG[0m [2mhyper::proto::h1::conn[0m[2m:[0m incoming body is content-length (643 bytes)
[2m2025-12-10T10:09:50.203924Z[0m [34mDEBUG[0m [2mhyper::proto::h1::conn[0m[2m:[0m incoming body completed
[2m2025-12-10T10:09:50.203929Z[0m [34mDEBUG[0m [2mhyper::client::pool[0m[2m:[0m pooling idle connection for ("http", 192.168.0.14:8545)
[2m2025-12-10T10:09:50.203933Z[0m [34mDEBUG[0m [2methereum_transaction_pool_monitor::eth_client[0m[2m:[0m 📡 Transaction fetch RPC completed in 8.358833ms
[2m2025-12-10T10:09:50.296402Z[0m [34mDEBUG[0m [2methereum_transaction_pool_monitor::eth_client[0m[2m:[0m ✅ Transaction 0x89df2e65ca16ba670d3e8548a7769c807b6978b7a800c368d76b09eaf692f10b fetched and parsed in 100.823708ms
[2m2025-12-10T10:09:50.296433Z[0m [34mDEBUG[0m [2methereum_transaction_pool_monitor::mempool_monitor[0m[2m:[0m 🔍 Skipping tx 0x89df2e65ca16ba670d3e8548a7769c807b6978b7a800c368d76b09eaf692f10b - not a DEX interaction (target: 0x17E5545B11b468072283Cee1F066a059Fb0dbF24)
[2m2025-12-10T10:09:50.296445Z[0m [34mDEBUG[0m [2methereum_transaction_pool_monitor::mempool_monitor[0m[2m:[0m 📨 Processing new pending transaction: 0x83e103d48c3ced99465f17585c4bcf9be6501fc700400715c0ed620dc1fda70f
[2m2025-12-10T10:09:50.296452Z[0m [34mDEBUG[0m [2methereum_transaction_pool_monitor::mempool_monitor[0m[2m:[0m 🔍 Fetching transaction details for: 0x83e103d48c3ced99465f17585c4bcf9be6501fc700400715c0ed620dc1fda70f
[2m2025-12-10T10:09:50.296459Z[0m [34mDEBUG[0m [2methereum_transaction_pool_monitor::eth_client[0m[2m:[0m 🔍 Fetching transaction details for hash: 0x83e103d48c3ced99465f17585c4bcf9be6501fc700400715c0ed620dc1fda70f
[2m2025-12-10T10:09:50.296482Z[0m [34mDEBUG[0m [2mhyper::client::pool[0m[2m:[0m reuse idle connection for ("http", 192.168.0.14:8545)
[2m2025-12-10T10:09:50.296521Z[0m [34mDEBUG[0m [2mhyper::proto::h1::io[0m[2m:[0m flushed 250 bytes
[2m2025-12-10T10:09:50.296551Z[0m [34mDEBUG[0m [2mhyper::client::pool[0m[2m:[0m reuse idle connection for ("http", 192.168.0.14:8545)
[2m2025-12-10T10:09:50.296573Z[0m [34mDEBUG[0m [2mhyper::proto::h1::io[0m[2m:[0m flushed 172 bytes
[2m2025-12-10T10:09:50.301097Z[0m [34mDEBUG[0m [2mhyper::proto::h1::io[0m[2m:[0m parsed 4 headers
[2m2025-12-10T10:09:50.301121Z[0m [34mDEBUG[0m [2mhyper::proto::h1::conn[0m[2m:[0m incoming body is content-length (45 bytes)
[2m2025-12-10T10:09:50.301140Z[0m [34mDEBUG[0m [2mhyper::proto::h1::conn[0m[2m:[0m incoming body completed
[2m2025-12-10T10:09:50.301151Z[0m [34mDEBUG[0m [2mhyper::client::pool[0m[2m:[0m pooling idle connection for ("http", 192.168.0.14:8545)
[2m2025-12-10T10:09:50.301673Z[0m [34mDEBUG[0m [2mhyper::proto::h1::io[0m[2m:[0m parsed 4 headers
[2m2025-12-10T10:09:50.301681Z[0m [34mDEBUG[0m [2mhyper::proto::h1::conn[0m[2m:[0m incoming body is content-length (722 bytes)
[2m2025-12-10T10:09:50.301685Z[0m [34mDEBUG[0m [2mhyper::proto::h1::conn[0m[2m:[0m incoming body completed
[2m2025-12-10T10:09:50.301691Z[0m [34mDEBUG[0m [2mhyper::client::pool[0m[2m:[0m pooling idle connection for ("http", 192.168.0.14:8545)
[2m2025-12-10T10:09:50.301696Z[0m [34mDEBUG[0m [2methereum_transaction_pool_monitor::eth_client[0m[2m:[0m 📡 Transaction fetch RPC completed in 5.231875ms
[2m2025-12-10T10:09:50.301719Z[0m [34mDEBUG[0m [2methereum_transaction_pool_monitor::eth_client[0m[2m:[0m DeFi transaction detected - Address: 0xae7ab96520de3a18e5e111b5eaab095312d7fe84, Type: TokenContract, Value: 0.5000 ETH, Gas: 0.41 Gwei
[2m2025-12-10T10:09:50.301735Z[0m [34mDEBUG[0m [2methereum_transaction_pool_monitor::eth_client[0m[2m:[0m ✅ Transaction 0x83e103d48c3ced99465f17585c4bcf9be6501fc700400715c0ed620dc1fda70f fetched and parsed in 5.271417ms
[2m2025-12-10T10:09:50.301742Z[0m [34mDEBUG[0m [2methereum_transaction_pool_monitor::mempool_monitor[0m[2m:[0m 🔍 Skipping tx 0x83e103d48c3ced99465f17585c4bcf9be6501fc700400715c0ed620dc1fda70f - not a DEX interaction (target: 0xae7ab96520DE3A18E5e111B5EaAb095312D7fE84)
[2m2025-12-10T10:09:50.301749Z[0m [34mDEBUG[0m [2methereum_transaction_pool_monitor::mempool_monitor[0m[2m:[0m 📨 Processing new pending transaction: 0x2f283f30e2fb2de87d76526c79d1b208cfc347f17a1f2b288ff3f370c210c67f
[2m2025-12-10T10:09:50.301755Z[0m [34mDEBUG[0m [2methereum_transaction_pool_monitor::mempool_monitor[0m[2m:[0m 🔍 Fetching transaction details for: 0x2f283f30e2fb2de87d76526c79d1b208cfc347f17a1f2b288ff3f370c210c67f
[2m2025-12-10T10:09:50.301765Z[0m [34mDEBUG[0m [2methereum_transaction_pool_monitor::eth_client[0m[2m:[0m 🔍 Fetching transaction details for hash: 0x2f283f30e2fb2de87d76526c79d1b208cfc347f17a1f2b288ff3f370c210c67f
[2m2025-12-10T10:09:50.301773Z[0m [34mDEBUG[0m [2mhyper::client::pool[0m[2m:[0m reuse idle connection for ("http", 192.168.0.14:8545)
[2m2025-12-10T10:09:50.301788Z[0m [34mDEBUG[0m [2mhyper::proto::h1::io[0m[2m:[0m flushed 250 bytes
[2m2025-12-10T10:09:50.308200Z[0m [34mDEBUG[0m [2mhyper::proto::h1::io[0m[2m:[0m parsed 4 headers
[2m2025-12-10T10:09:50.308217Z[0m [34mDEBUG[0m [2mhyper::proto::h1::conn[0m[2m:[0m incoming body is content-length (3975 bytes)
[2m2025-12-10T10:09:50.308222Z[0m [34mDEBUG[0m [2mhyper::proto::h1::conn[0m[2m:[0m incoming body completed
[2m2025-12-10T10:09:50.308227Z[0m [34mDEBUG[0m [2mhyper::client::pool[0m[2m:[0m pooling idle connection for ("http", 192.168.0.14:8545)
[2m2025-12-10T10:09:50.308244Z[0m [34mDEBUG[0m [2methereum_transaction_pool_monitor::eth_client[0m[2m:[0m 📡 Transaction fetch RPC completed in 6.474542ms
[2m2025-12-10T10:09:50.379872Z[0m [34mDEBUG[0m [2methereum_transaction_pool_monitor::eth_client[0m[2m:[0m ✅ Transaction 0x2f283f30e2fb2de87d76526c79d1b208cfc347f17a1f2b288ff3f370c210c67f fetched and parsed in 78.099917ms
[2m2025-12-10T10:09:50.379898Z[0m [34mDEBUG[0m [2methereum_transaction_pool_monitor::mempool_monitor[0m[2m:[0m 🔍 Skipping tx 0x2f283f30e2fb2de87d76526c79d1b208cfc347f17a1f2b288ff3f370c210c67f - not a DEX interaction (target: 0x0C46Dc0BA85eAb5A515f819F1a705eD324dA687B)
[2m2025-12-10T10:09:50.379909Z[0m [34mDEBUG[0m [2methereum_transaction_pool_monitor::mempool_monitor[0m[2m:[0m 📨 Processing new pending transaction: 0x0e7825e27f26f2afba352ca6b282cc51112657eda7c99579352bf3b4db21c6ab
[2m2025-12-10T10:09:50.379917Z[0m [34mDEBUG[0m [2methereum_transaction_pool_monitor::mempool_monitor[0m[2m:[0m 🔍 Fetching transaction details for: 0x0e7825e27f26f2afba352ca6b282cc51112657eda7c99579352bf3b4db21c6ab
[2m2025-12-10T10:09:50.379922Z[0m [34mDEBUG[0m [2methereum_transaction_pool_monitor::eth_client[0m[2m:[0m 🔍 Fetching transaction details for hash: 0x0e7825e27f26f2afba352ca6b282cc51112657eda7c99579352bf3b4db21c6ab
[2m2025-12-10T10:09:50.379942Z[0m [34mDEBUG[0m [2mhyper::client::pool[0m[2m:[0m reuse idle connection for ("http", 192.168.0.14:8545)
[2m2025-12-10T10:09:50.379982Z[0m [34mDEBUG[0m [2mhyper::proto::h1::io[0m[2m:[0m flushed 250 bytes
[2m2025-12-10T10:09:50.383766Z[0m [34mDEBUG[0m [2mhyper::proto::h1::io[0m[2m:[0m parsed 4 headers
[2m2025-12-10T10:09:50.383788Z[0m [34mDEBUG[0m [2mhyper::proto::h1::conn[0m[2m:[0m incoming body is content-length (644 bytes)
[2m2025-12-10T10:09:50.383822Z[0m [34mDEBUG[0m [2mhyper::proto::h1::conn[0m[2m:[0m incoming body completed
[2m2025-12-10T10:09:50.383830Z[0m [34mDEBUG[0m [2mhyper::client::pool[0m[2m:[0m pooling idle connection for ("http", 192.168.0.14:8545)
[2m2025-12-10T10:09:50.383835Z[0m [34mDEBUG[0m [2methereum_transaction_pool_monitor::eth_client[0m[2m:[0m 📡 Transaction fetch RPC completed in 3.908167ms
[2m2025-12-10T10:09:50.455652Z[0m [34mDEBUG[0m [2methereum_transaction_pool_monitor::eth_client[0m[2m:[0m ✅ Transaction 0x0e7825e27f26f2afba352ca6b282cc51112657eda7c99579352bf3b4db21c6ab fetched and parsed in 75.721917ms
[2m2025-12-10T10:09:50.455677Z[0m [34mDEBUG[0m [2methereum_transaction_pool_monitor::mempool_monitor[0m[2m:[0m 🔍 Skipping tx 0x0e7825e27f26f2afba352ca6b282cc51112657eda7c99579352bf3b4db21c6ab - not a DEX interaction (target: 0xCD1813Cd862332d954b19151c687c77882376676)
[2m2025-12-10T10:09:50.455687Z[0m [34mDEBUG[0m [2methereum_transaction_pool_monitor::mempool_monitor[0m[2m:[0m 📨 Processing new pending transaction: 0xf5b7e82a18e639427b8e54d9a42730a98df7798f3b25a7f3a1e925607b8866ed
[2m2025-12-10T10:09:50.455694Z[0m [34mDEBUG[0m [2methereum_transaction_pool_monitor::mempool_monitor[0m[2m:[0m 🔍 Fetching transaction details for: 0xf5b7e82a18e639427b8e54d9a42730a98df7798f3b25a7f3a1e925607b8866ed
[2m2025-12-10T10:09:50.455700Z[0m [34mDEBUG[0m [2methereum_transaction_pool_monitor::eth_client[0m[2m:[0m 🔍 Fetching transaction details for hash: 0xf5b7e82a18e639427b8e54d9a42730a98df7798f3b25a7f3a1e925607b8866ed
[2m2025-12-10T10:09:50.455718Z[0m [34mDEBUG[0m [2mhyper::client::pool[0m[2m:[0m reuse idle connection for ("http", 192.168.0.14:8545)
[2m2025-12-10T10:09:50.455759Z[0m [34mDEBUG[0m [2mhyper::proto::h1::io[0m[2m:[0m flushed 250 bytes
[2m2025-12-10T10:09:50.455779Z[0m [34mDEBUG[0m [2mhyper::client::pool[0m[2m:[0m reuse idle connection for ("http", 192.168.0.14:8545)
[2m2025-12-10T10:09:50.455786Z[0m [34mDEBUG[0m [2methereum_transaction_pool_monitor::eth_client[0m[2m:[0m 📨 Received WebSocket message: {"jsonrpc":"2.0","method":"eth_subscription","params":{"subscription":"0xbed0a0851463e895960a451075a301a9","result":"0x24573cc9ded8107ef3e17deeefb2025e40c1c4c74a34b2b49c92a776780e63cf"}}
[2m2025-12-10T10:09:50.455792Z[0m [34mDEBUG[0m [2mhyper::proto::h1::io[0m[2m:[0m flushed 172 bytes
[2m2025-12-10T10:09:50.455802Z[0m [34mDEBUG[0m [2methereum_transaction_pool_monitor::eth_client[0m[2m:[0m 📨 Received pending transaction: 0x24573cc9ded8107ef3e17deeefb2025e40c1c4c74a34b2b49c92a776780e63cf
[2m2025-12-10T10:09:50.462701Z[0m [34mDEBUG[0m [2mhyper::proto::h1::io[0m[2m:[0m parsed 4 headers
[2m2025-12-10T10:09:50.462710Z[0m [34mDEBUG[0m [2mhyper::proto::h1::conn[0m[2m:[0m incoming body is content-length (769 bytes)
[2m2025-12-10T10:09:50.462717Z[0m [34mDEBUG[0m [2mhyper::proto::h1::conn[0m[2m:[0m incoming body completed
[2m2025-12-10T10:09:50.462725Z[0m [34mDEBUG[0m [2mhyper::client::pool[0m[2m:[0m pooling idle connection for ("http", 192.168.0.14:8545)
[2m2025-12-10T10:09:50.462732Z[0m [34mDEBUG[0m [2methereum_transaction_pool_monitor::eth_client[0m[2m:[0m 📡 Transaction fetch RPC completed in 7.027125ms
[2m2025-12-10T10:09:50.530021Z[0m [34mDEBUG[0m [2methereum_transaction_pool_monitor::eth_client[0m[2m:[0m ✅ Transaction 0xf5b7e82a18e639427b8e54d9a42730a98df7798f3b25a7f3a1e925607b8866ed fetched and parsed in 74.314667ms
[2m2025-12-10T10:09:50.530039Z[0m [34mDEBUG[0m [2methereum_transaction_pool_monitor::mempool_monitor[0m[2m:[0m 🔍 Skipping tx 0xf5b7e82a18e639427b8e54d9a42730a98df7798f3b25a7f3a1e925607b8866ed - not a DEX interaction (target: 0xA0b86991c6218b36c1d19D4a2e9Eb0cE3606eB48)
[2m2025-12-10T10:09:50.530048Z[0m [34mDEBUG[0m [2methereum_transaction_pool_monitor::mempool_monitor[0m[2m:[0m 📨 Processing new pending transaction: 0xab3b65379798eee997d669914bbd5049e0959b05d59d8e60b202b9894b16b38f
[2m2025-12-10T10:09:50.530053Z[0m [34mDEBUG[0m [2methereum_transaction_pool_monitor::mempool_monitor[0m[2m:[0m 🔍 Fetching transaction details for: 0xab3b65379798eee997d669914bbd5049e0959b05d59d8e60b202b9894b16b38f
[2m2025-12-10T10:09:50.530057Z[0m [34mDEBUG[0m [2methereum_transaction_pool_monitor::eth_client[0m[2m:[0m 🔍 Fetching transaction details for hash: 0xab3b65379798eee997d669914bbd5049e0959b05d59d8e60b202b9894b16b38f
[2m2025-12-10T10:09:50.530073Z[0m [34mDEBUG[0m [2mhyper::client::pool[0m[2m:[0m reuse idle connection for ("http", 192.168.0.14:8545)
[2m2025-12-10T10:09:50.530104Z[0m [34mDEBUG[0m [2mhyper::proto::h1::io[0m[2m:[0m flushed 250 bytes
[2m2025-12-10T10:09:50.530121Z[0m [34mDEBUG[0m [2methereum_transaction_pool_monitor::eth_client[0m[2m:[0m 📨 Received WebSocket message: {"jsonrpc":"2.0","method":"eth_subscription","params":{"subscription":"0xbed0a0851463e895960a451075a301a9","result":"0x07fbfda8b623cd8a0b0bb393950d6e569c48d3863b340c176b578c68268609a3"}}
[2m2025-12-10T10:09:50.530130Z[0m [34mDEBUG[0m [2mhyper::proto::h1::io[0m[2m:[0m parsed 4 headers
[2m2025-12-10T10:09:50.530134Z[0m [34mDEBUG[0m [2methereum_transaction_pool_monitor::eth_client[0m[2m:[0m 📨 Received pending transaction: 0x07fbfda8b623cd8a0b0bb393950d6e569c48d3863b340c176b578c68268609a3
[2m2025-12-10T10:09:50.530140Z[0m [34mDEBUG[0m [2mhyper::proto::h1::conn[0m[2m:[0m incoming body is content-length (45 bytes)
[2m2025-12-10T10:09:50.530151Z[0m [34mDEBUG[0m [2mhyper::proto::h1::conn[0m[2m:[0m incoming body completed
[2m2025-12-10T10:09:50.530158Z[0m [34mDEBUG[0m [2mhyper::client::pool[0m[2m:[0m pooling idle connection for ("http", 192.168.0.14:8545)
[2m2025-12-10T10:09:50.530172Z[0m [34mDEBUG[0m [2mhyper::client::pool[0m[2m:[0m reuse idle connection for ("http", 192.168.0.14:8545)
[2m2025-12-10T10:09:50.530186Z[0m [34mDEBUG[0m [2mhyper::proto::h1::io[0m[2m:[0m flushed 172 bytes
[2m2025-12-10T10:09:50.545236Z[0m [34mDEBUG[0m [2mhyper::proto::h1::io[0m[2m:[0m parsed 4 headers
[2m2025-12-10T10:09:50.545244Z[0m [34mDEBUG[0m [2mhyper::proto::h1::conn[0m[2m:[0m incoming body is content-length (1731 bytes)
[2m2025-12-10T10:09:50.545250Z[0m [34mDEBUG[0m [2mhyper::proto::h1::conn[0m[2m:[0m incoming body completed
[2m2025-12-10T10:09:50.545257Z[0m [34mDEBUG[0m [2mhyper::client::pool[0m[2m:[0m pooling idle connection for ("http", 192.168.0.14:8545)
[2m2025-12-10T10:09:50.545263Z[0m [34mDEBUG[0m [2methereum_transaction_pool_monitor::eth_client[0m[2m:[0m 📡 Transaction fetch RPC completed in 15.201334ms
[2m2025-12-10T10:09:50.613615Z[0m [34mDEBUG[0m [2methereum_transaction_pool_monitor::eth_client[0m[2m:[0m ✅ Transaction 0xab3b65379798eee997d669914bbd5049e0959b05d59d8e60b202b9894b16b38f fetched and parsed in 83.551167ms
[2m2025-12-10T10:09:50.613632Z[0m [34mDEBUG[0m [2methereum_transaction_pool_monitor::mempool_monitor[0m[2m:[0m 🔍 Skipping tx 0xab3b65379798eee997d669914bbd5049e0959b05d59d8e60b202b9894b16b38f - not a DEX interaction (target: 0x601a2aD6CB5949f0529735254189Ba3194221EDF)
[2m2025-12-10T10:09:50.613641Z[0m [34mDEBUG[0m [2methereum_transaction_pool_monitor::mempool_monitor[0m[2m:[0m 📨 Processing new pending transaction: 0x8e2f018a97e5bc9123ac41bd558f574aa2d8fe6b08de47d2b2fb981523606850
[2m2025-12-10T10:09:50.613646Z[0m [34mDEBUG[0m [2methereum_transaction_pool_monitor::mempool_monitor[0m[2m:[0m 🔍 Fetching transaction details for: 0x8e2f018a97e5bc9123ac41bd558f574aa2d8fe6b08de47d2b2fb981523606850
[2m2025-12-10T10:09:50.613650Z[0m [34mDEBUG[0m [2methereum_transaction_pool_monitor::eth_client[0m[2m:[0m 🔍 Fetching transaction details for hash: 0x8e2f018a97e5bc9123ac41bd558f574aa2d8fe6b08de47d2b2fb981523606850
[2m2025-12-10T10:09:50.613667Z[0m [34mDEBUG[0m [2mhyper::client::pool[0m[2m:[0m reuse idle connection for ("http", 192.168.0.14:8545)
[2m2025-12-10T10:09:50.613699Z[0m [34mDEBUG[0m [2mhyper::proto::h1::io[0m[2m:[0m flushed 250 bytes
[2m2025-12-10T10:09:50.613715Z[0m [34mDEBUG[0m [2methereum_transaction_pool_monitor::eth_client[0m[2m:[0m 📨 Received WebSocket message: {"jsonrpc":"2.0","method":"eth_subscription","params":{"subscription":"0xbed0a0851463e895960a451075a301a9","result":"0xe4fb3e85f2b61d632d999461daeb943d176dc9659885689bbdca9d26eba5b0e5"}}
[2m2025-12-10T10:09:50.613723Z[0m [34mDEBUG[0m [2methereum_transaction_pool_monitor::eth_client[0m[2m:[0m 📨 Received pending transaction: 0xe4fb3e85f2b61d632d999461daeb943d176dc9659885689bbdca9d26eba5b0e5
[2m2025-12-10T10:09:50.613724Z[0m [34mDEBUG[0m [2mhyper::proto::h1::io[0m[2m:[0m parsed 4 headers
[2m2025-12-10T10:09:50.613730Z[0m [34mDEBUG[0m [2methereum_transaction_pool_monitor::eth_client[0m[2m:[0m 📨 Received WebSocket message: {"jsonrpc":"2.0","method":"eth_subscription","params":{"subscription":"0xbed0a0851463e895960a451075a301a9","result":"0x85a0703e6462ddc5a37926e6949bc1c5b27c7a23c9b8e7352c41f7b327c6c8ed"}}
[2m2025-12-10T10:09:50.613743Z[0m [34mDEBUG[0m [2methereum_transaction_pool_monitor::eth_client[0m[2m:[0m 📨 Received pending transaction: 0x85a0703e6462ddc5a37926e6949bc1c5b27c7a23c9b8e7352c41f7b327c6c8ed
[2m2025-12-10T10:09:50.613735Z[0m [34mDEBUG[0m [2mhyper::proto::h1::conn[0m[2m:[0m incoming body is content-length (45 bytes)
[2m2025-12-10T10:09:50.613758Z[0m [34mDEBUG[0m [2mhyper::proto::h1::conn[0m[2m:[0m incoming body completed
[2m2025-12-10T10:09:50.613766Z[0m [34mDEBUG[0m [2mhyper::client::pool[0m[2m:[0m pooling idle connection for ("http", 192.168.0.14:8545)
[2m2025-12-10T10:09:50.613779Z[0m [34mDEBUG[0m [2mhyper::client::pool[0m[2m:[0m reuse idle connection for ("http", 192.168.0.14:8545)
[2m2025-12-10T10:09:50.613794Z[0m [34mDEBUG[0m [2mhyper::proto::h1::io[0m[2m:[0m flushed 172 bytes
[2m2025-12-10T10:09:50.619152Z[0m [34mDEBUG[0m [2mhyper::proto::h1::io[0m[2m:[0m parsed 4 headers
[2m2025-12-10T10:09:50.619158Z[0m [34mDEBUG[0m [2mhyper::proto::h1::conn[0m[2m:[0m incoming body is content-length (646 bytes)
[2m2025-12-10T10:09:50.619164Z[0m [34mDEBUG[0m [2mhyper::proto::h1::conn[0m[2m:[0m incoming body completed
[2m2025-12-10T10:09:50.619170Z[0m [34mDEBUG[0m [2mhyper::client::pool[0m[2m:[0m pooling idle connection for ("http", 192.168.0.14:8545)
[2m2025-12-10T10:09:50.619176Z[0m [34mDEBUG[0m [2methereum_transaction_pool_monitor::eth_client[0m[2m:[0m 📡 Transaction fetch RPC completed in 5.521583ms
[2m2025-12-10T10:09:50.686923Z[0m [34mDEBUG[0m [2methereum_transaction_pool_monitor::eth_client[0m[2m:[0m ✅ Transaction 0x8e2f018a97e5bc9123ac41bd558f574aa2d8fe6b08de47d2b2fb981523606850 fetched and parsed in 73.266625ms
[2m2025-12-10T10:09:50.689094Z[0m [34mDEBUG[0m [2methereum_transaction_pool_monitor::mempool_monitor[0m[2m:[0m 🔍 Skipping tx 0x8e2f018a97e5bc9123ac41bd558f574aa2d8fe6b08de47d2b2fb981523606850 - not a DEX interaction (target: 0x64d3aC39ae26d74c275b23a4ac15e707ebc26ca3)
[2m2025-12-10T10:09:50.689116Z[0m [34mDEBUG[0m [2methereum_transaction_pool_monitor::mempool_monitor[0m[2m:[0m 📨 Processing new pending transaction: 0xa55ff9c23d8fbe392e71441cb3fefb8ae6705aba7f7f7d39c52fd71c4468bc61
[2m2025-12-10T10:09:50.689133Z[0m [34mDEBUG[0m [2methereum_transaction_pool_monitor::mempool_monitor[0m[2m:[0m 🔍 Fetching transaction details for: 0xa55ff9c23d8fbe392e71441cb3fefb8ae6705aba7f7f7d39c52fd71c4468bc61
[2m2025-12-10T10:09:50.689138Z[0m [34mDEBUG[0m [2methereum_transaction_pool_monitor::eth_client[0m[2m:[0m 🔍 Fetching transaction details for hash: 0xa55ff9c23d8fbe392e71441cb3fefb8ae6705aba7f7f7d39c52fd71c4468bc61
[2m2025-12-10T10:09:50.689162Z[0m [34mDEBUG[0m [2mhyper::client::pool[0m[2m:[0m reuse idle connection for ("http", 192.168.0.14:8545)
[2m2025-12-10T10:09:50.689192Z[0m [34mDEBUG[0m [2mhyper::proto::h1::io[0m[2m:[0m flushed 250 bytes
[2m2025-12-10T10:09:50.689214Z[0m [34mDEBUG[0m [2mhyper::proto::h1::io[0m[2m:[0m parsed 4 headers
[2m2025-12-10T10:09:50.689224Z[0m [34mDEBUG[0m [2mhyper::proto::h1::conn[0m[2m:[0m incoming body is content-length (45 bytes)
[2m2025-12-10T10:09:50.689234Z[0m [34mDEBUG[0m [2mhyper::proto::h1::conn[0m[2m:[0m incoming body completed
[2m2025-12-10T10:09:50.689247Z[0m [34mDEBUG[0m [2mhyper::client::pool[0m[2m:[0m pooling idle connection for ("http", 192.168.0.14:8545)
[2m2025-12-10T10:09:50.695289Z[0m [34mDEBUG[0m [2mhyper::proto::h1::io[0m[2m:[0m parsed 4 headers
[2m2025-12-10T10:09:50.695296Z[0m [34mDEBUG[0m [2mhyper::proto::h1::conn[0m[2m:[0m incoming body is content-length (771 bytes)
[2m2025-12-10T10:09:50.695301Z[0m [34mDEBUG[0m [2mhyper::proto::h1::conn[0m[2m:[0m incoming body completed
[2m2025-12-10T10:09:50.695307Z[0m [34mDEBUG[0m [2mhyper::client::pool[0m[2m:[0m pooling idle connection for ("http", 192.168.0.14:8545)
[2m2025-12-10T10:09:50.695312Z[0m [34mDEBUG[0m [2methereum_transaction_pool_monitor::eth_client[0m[2m:[0m 📡 Transaction fetch RPC completed in 6.169208ms
[2m2025-12-10T10:09:50.763045Z[0m [34mDEBUG[0m [2methereum_transaction_pool_monitor::eth_client[0m[2m:[0m ✅ Transaction 0xa55ff9c23d8fbe392e71441cb3fefb8ae6705aba7f7f7d39c52fd71c4468bc61 fetched and parsed in 73.900583ms
[2m2025-12-10T10:09:50.763063Z[0m [34mDEBUG[0m [2methereum_transaction_pool_monitor::mempool_monitor[0m[2m:[0m 🔍 Skipping tx 0xa55ff9c23d8fbe392e71441cb3fefb8ae6705aba7f7f7d39c52fd71c4468bc61 - not a DEX interaction (target: 0xA0b86991c6218b36c1d19D4a2e9Eb0cE3606eB48)
[2m2025-12-10T10:09:50.763073Z[0m [34mDEBUG[0m [2methereum_transaction_pool_monitor::mempool_monitor[0m[2m:[0m 📨 Processing new pending transaction: 0x694b0f97d1b90c4cd1bcb64456c404b1b7b6f651a1a12ba2179e42554675bf86
[2m2025-12-10T10:09:50.763077Z[0m [34mDEBUG[0m [2methereum_transaction_pool_monitor::mempool_monitor[0m[2m:[0m 🔍 Fetching transaction details for: 0x694b0f97d1b90c4cd1bcb64456c404b1b7b6f651a1a12ba2179e42554675bf86
[2m2025-12-10T10:09:50.763081Z[0m [34mDEBUG[0m [2methereum_transaction_pool_monitor::eth_client[0m[2m:[0m 🔍 Fetching transaction details for hash: 0x694b0f97d1b90c4cd1bcb64456c404b1b7b6f651a1a12ba2179e42554675bf86
[2m2025-12-10T10:09:50.763097Z[0m [34mDEBUG[0m [2mhyper::client::pool[0m[2m:[0m reuse idle connection for ("http", 192.168.0.14:8545)
[2m2025-12-10T10:09:50.763120Z[0m [34mDEBUG[0m [2mhyper::proto::h1::io[0m[2m:[0m flushed 250 bytes
[2m2025-12-10T10:09:50.763136Z[0m [34mDEBUG[0m [2mhyper::client::pool[0m[2m:[0m reuse idle connection for ("http", 192.168.0.14:8545)
[2m2025-12-10T10:09:50.763145Z[0m [34mDEBUG[0m [2methereum_transaction_pool_monitor::eth_client[0m[2m:[0m 📨 Received WebSocket message: {"jsonrpc":"2.0","method":"eth_subscription","params":{"subscription":"0xbed0a0851463e895960a451075a301a9","result":"0x91a1f684fd1fb03cbb5a68bb63d23f88a06c29fbf00e82d62a8ecc6d29b13d79"}}
[2m2025-12-10T10:09:50.763150Z[0m [34mDEBUG[0m [2mhyper::proto::h1::io[0m[2m:[0m flushed 172 bytes
[2m2025-12-10T10:09:50.763158Z[0m [34mDEBUG[0m [2methereum_transaction_pool_monitor::eth_client[0m[2m:[0m 📨 Received pending transaction: 0x91a1f684fd1fb03cbb5a68bb63d23f88a06c29fbf00e82d62a8ecc6d29b13d79
[2m2025-12-10T10:09:50.763166Z[0m [34mDEBUG[0m [2methereum_transaction_pool_monitor::eth_client[0m[2m:[0m 📨 Received WebSocket message: {"jsonrpc":"2.0","method":"eth_subscription","params":{"subscription":"0xbed0a0851463e895960a451075a301a9","result":"0x555b2887575a8e9a2b336dafc96498a7c72b4d44daaefde051c2090241793d47"}}
[2m2025-12-10T10:09:50.763172Z[0m [34mDEBUG[0m [2methereum_transaction_pool_monitor::eth_client[0m[2m:[0m 📨 Received pending transaction: 0x555b2887575a8e9a2b336dafc96498a7c72b4d44daaefde051c2090241793d47
[2m2025-12-10T10:09:50.763177Z[0m [34mDEBUG[0m [2methereum_transaction_pool_monitor::eth_client[0m[2m:[0m 📨 Received WebSocket message: {"jsonrpc":"2.0","method":"eth_subscription","params":{"subscription":"0xbed0a0851463e895960a451075a301a9","result":"0x099be7dd96489cf7ffaba7b35d46c84b67d872ebcbadce3166af7e8190ccfbd1"}}
[2m2025-12-10T10:09:50.763182Z[0m [34mDEBUG[0m [2methereum_transaction_pool_monitor::eth_client[0m[2m:[0m 📨 Received pending transaction: 0x099be7dd96489cf7ffaba7b35d46c84b67d872ebcbadce3166af7e8190ccfbd1
[2m2025-12-10T10:09:50.763186Z[0m [34mDEBUG[0m [2methereum_transaction_pool_monitor::eth_client[0m[2m:[0m 📨 Received WebSocket message: {"jsonrpc":"2.0","method":"eth_subscription","params":{"subscription":"0xbed0a0851463e895960a451075a301a9","result":"0x200f2ada22eb46e28ca698b42917d8ed033f0efb79b2b30046e0c7923a72a314"}}
[2m2025-12-10T10:09:50.763190Z[0m [34mDEBUG[0m [2methereum_transaction_pool_monitor::eth_client[0m[2m:[0m 📨 Received pending transaction: 0x200f2ada22eb46e28ca698b42917d8ed033f0efb79b2b30046e0c7923a72a314
[2m2025-12-10T10:09:50.763194Z[0m [34mDEBUG[0m [2methereum_transaction_pool_monitor::eth_client[0m[2m:[0m 📨 Received WebSocket message: {"jsonrpc":"2.0","method":"eth_subscription","params":{"subscription":"0xbed0a0851463e895960a451075a301a9","result":"0xacdbcac4abb53fae28f96e00e0f506cd3d0b9068d10c74fa48706200d1729603"}}
[2m2025-12-10T10:09:50.763199Z[0m [34mDEBUG[0m [2methereum_transaction_pool_monitor::eth_client[0m[2m:[0m 📨 Received pending transaction: 0xacdbcac4abb53fae28f96e00e0f506cd3d0b9068d10c74fa48706200d1729603
[2m2025-12-10T10:09:50.763203Z[0m [34mDEBUG[0m [2methereum_transaction_pool_monitor::eth_client[0m[2m:[0m 📨 Received WebSocket message: {"jsonrpc":"2.0","method":"eth_subscription","params":{"subscription":"0xbed0a0851463e895960a451075a301a9","result":"0xb0ffa2b4f48127d80a7701505f5f1985596505b06b0537713166454fafe13c0f"}}
[2m2025-12-10T10:09:50.763207Z[0m [34mDEBUG[0m [2methereum_transaction_pool_monitor::eth_client[0m[2m:[0m 📨 Received pending transaction: 0xb0ffa2b4f48127d80a7701505f5f1985596505b06b0537713166454fafe13c0f
[2m2025-12-10T10:09:50.763211Z[0m [34mDEBUG[0m [2methereum_transaction_pool_monitor::eth_client[0m[2m:[0m 📨 Received WebSocket message: {"jsonrpc":"2.0","method":"eth_subscription","params":{"subscription":"0xbed0a0851463e895960a451075a301a9","result":"0x76c3ead84cda5e2458026d3fdb70552444a4cbcd439ce557f6c18e55320f326f"}}
[2m2025-12-10T10:09:50.763215Z[0m [34mDEBUG[0m [2methereum_transaction_pool_monitor::eth_client[0m[2m:[0m 📨 Received pending transaction: 0x76c3ead84cda5e2458026d3fdb70552444a4cbcd439ce557f6c18e55320f326f
[2m2025-12-10T10:09:50.763219Z[0m [34mDEBUG[0m [2methereum_transaction_pool_monitor::eth_client[0m[2m:[0m 📨 Received WebSocket message: {"jsonrpc":"2.0","method":"eth_subscription","params":{"subscription":"0xbed0a0851463e895960a451075a301a9","result":"0xaf99ec2184a189a21ac3c62f62d0a8632c2911fd4816ef86dc92d2b83c758a9a"}}
[2m2025-12-10T10:09:50.763224Z[0m [34mDEBUG[0m [2methereum_transaction_pool_monitor::eth_client[0m[2m:[0m 📨 Received pending transaction: 0xaf99ec2184a189a21ac3c62f62d0a8632c2911fd4816ef86dc92d2b83c758a9a
[2m2025-12-10T10:09:50.763228Z[0m [34mDEBUG[0m [2methereum_transaction_pool_monitor::eth_client[0m[2m:[0m 📨 Received WebSocket message: {"jsonrpc":"2.0","method":"eth_subscription","params":{"subscription":"0xbed0a0851463e895960a451075a301a9","result":"0xf91fd204586799b04875276c22efcf26eb8513cb3596b7896050769afd6efb46"}}
[2m2025-12-10T10:09:50.763232Z[0m [34mDEBUG[0m [2methereum_transaction_pool_monitor::eth_client[0m[2m:[0m 📨 Received pending transaction: 0xf91fd204586799b04875276c22efcf26eb8513cb3596b7896050769afd6efb46
[2m2025-12-10T10:09:50.763236Z[0m [34mDEBUG[0m [2methereum_transaction_pool_monitor::eth_client[0m[2m:[0m 📨 Received WebSocket message: {"jsonrpc":"2.0","method":"eth_subscription","params":{"subscription":"0xbed0a0851463e895960a451075a301a9","result":"0x41005295fd7c424869d918d35cacef83fee4ec9e614d9e821b221fb417b5d793"}}
[2m2025-12-10T10:09:50.763241Z[0m [34mDEBUG[0m [2methereum_transaction_pool_monitor::eth_client[0m[2m:[0m 📨 Received pending transaction: 0x41005295fd7c424869d918d35cacef83fee4ec9e614d9e821b221fb417b5d793
[2m2025-12-10T10:09:50.763245Z[0m [34mDEBUG[0m [2methereum_transaction_pool_monitor::eth_client[0m[2m:[0m 📨 Received WebSocket message: {"jsonrpc":"2.0","method":"eth_subscription","params":{"subscription":"0xbed0a0851463e895960a451075a301a9","result":"0x6e78ab02b93cd4b98f6d506267c4d02fd8414ca531ced8e9ffa94a05cf4de1db"}}
[2m2025-12-10T10:09:50.763249Z[0m [34mDEBUG[0m [2methereum_transaction_pool_monitor::eth_client[0m[2m:[0m 📨 Received pending transaction: 0x6e78ab02b93cd4b98f6d506267c4d02fd8414ca531ced8e9ffa94a05cf4de1db
[2m2025-12-10T10:09:50.763253Z[0m [34mDEBUG[0m [2methereum_transaction_pool_monitor::eth_client[0m[2m:[0m 📨 Received WebSocket message: {"jsonrpc":"2.0","method":"eth_subscription","params":{"subscription":"0xbed0a0851463e895960a451075a301a9","result":"0x0e00508d2e5ca66c824ec3e8a8c3947739bc3290e48a2eabf369dadd4fe7e90c"}}
[2m2025-12-10T10:09:50.763259Z[0m [34mDEBUG[0m [2methereum_transaction_pool_monitor::eth_client[0m[2m:[0m 📨 Received pending transaction: 0x0e00508d2e5ca66c824ec3e8a8c3947739bc3290e48a2eabf369dadd4fe7e90c
[2m2025-12-10T10:09:50.763264Z[0m [34mDEBUG[0m [2methereum_transaction_pool_monitor::eth_client[0m[2m:[0m 📨 Received WebSocket message: {"jsonrpc":"2.0","method":"eth_subscription","params":{"subscription":"0xbed0a0851463e895960a451075a301a9","result":"0x0fd9e938b386ed60a513f98cf210db52384912836ff589a1ceb1b75248c32281"}}
[2m2025-12-10T10:09:50.763269Z[0m [34mDEBUG[0m [2methereum_transaction_pool_monitor::eth_client[0m[2m:[0m 📨 Received pending transaction: 0x0fd9e938b386ed60a513f98cf210db52384912836ff589a1ceb1b75248c32281
[2m2025-12-10T10:09:50.763273Z[0m [34mDEBUG[0m [2methereum_transaction_pool_monitor::eth_client[0m[2m:[0m 📨 Received WebSocket message: {"jsonrpc":"2.0","method":"eth_subscription","params":{"subscription":"0xbed0a0851463e895960a451075a301a9","result":"0x25de8133142ebf30003024e3e5f853381714e6ac59ffd72b0987ca845f3a55ab"}}
[2m2025-12-10T10:09:50.763277Z[0m [34mDEBUG[0m [2methereum_transaction_pool_monitor::eth_client[0m[2m:[0m 📨 Received pending transaction: 0x25de8133142ebf30003024e3e5f853381714e6ac59ffd72b0987ca845f3a55ab
[2m2025-12-10T10:09:50.763281Z[0m [34mDEBUG[0m [2methereum_transaction_pool_monitor::eth_client[0m[2m:[0m 📨 Received WebSocket message: {"jsonrpc":"2.0","method":"eth_subscription","params":{"subscription":"0xbed0a0851463e895960a451075a301a9","result":"0x4b3239189894eaf781356ae992995b19213fefe58aa55753650472d06e1126b4"}}
[2m2025-12-10T10:09:50.763285Z[0m [34mDEBUG[0m [2methereum_transaction_pool_monitor::eth_client[0m[2m:[0m 📨 Received pending transaction: 0x4b3239189894eaf781356ae992995b19213fefe58aa55753650472d06e1126b4
[2m2025-12-10T10:09:50.763289Z[0m [34mDEBUG[0m [2methereum_transaction_pool_monitor::eth_client[0m[2m:[0m 📨 Received WebSocket message: {"jsonrpc":"2.0","method":"eth_subscription","params":{"subscription":"0xbed0a0851463e895960a451075a301a9","result":"0x253f0e5f22ce7b5de411eb2b83d5cf03b2a01d89577597007f3f1f83a71c1508"}}
[2m2025-12-10T10:09:50.763293Z[0m [34mDEBUG[0m [2methereum_transaction_pool_monitor::eth_client[0m[2m:[0m 📨 Received pending transaction: 0x253f0e5f22ce7b5de411eb2b83d5cf03b2a01d89577597007f3f1f83a71c1508
[2m2025-12-10T10:09:50.770572Z[0m [34mDEBUG[0m [2mhyper::proto::h1::io[0m[2m:[0m parsed 4 headers
[2m2025-12-10T10:09:50.770590Z[0m [34mDEBUG[0m [2mhyper::proto::h1::io[0m[2m:[0m parsed 4 headers
[2m2025-12-10T10:09:50.770611Z[0m [34mDEBUG[0m [2mhyper::proto::h1::conn[0m[2m:[0m incoming body is content-length (45 bytes)
[2m2025-12-10T10:09:50.770618Z[0m [34mDEBUG[0m [2mhyper::proto::h1::conn[0m[2m:[0m incoming body is content-length (842 bytes)
[2m2025-12-10T10:09:50.770628Z[0m [34mDEBUG[0m [2mhyper::proto::h1::conn[0m[2m:[0m incoming body completed
[2m2025-12-10T10:09:50.770630Z[0m [34mDEBUG[0m [2mhyper::proto::h1::conn[0m[2m:[0m incoming body completed
[2m2025-12-10T10:09:50.770639Z[0m [34mDEBUG[0m [2mhyper::client::pool[0m[2m:[0m pooling idle connection for ("http", 192.168.0.14:8545)
[2m2025-12-10T10:09:50.770642Z[0m [34mDEBUG[0m [2mhyper::client::pool[0m[2m:[0m pooling idle connection for ("http", 192.168.0.14:8545)
[2m2025-12-10T10:09:50.770653Z[0m [34mDEBUG[0m [2methereum_transaction_pool_monitor::eth_client[0m[2m:[0m 📡 Transaction fetch RPC completed in 7.567542ms
[2m2025-12-10T10:09:50.770667Z[0m [34mDEBUG[0m [2methereum_transaction_pool_monitor::eth_client[0m[2m:[0m DeFi transaction detected - Address: 0xc02aaa39b223fe8d0a0e5c4f27ead9083c756cc2, Type: TokenContract, Value: 0 ETH, Gas: 0.30 Gwei
[2m2025-12-10T10:09:50.770679Z[0m [34mDEBUG[0m [2methereum_transaction_pool_monitor::eth_client[0m[2m:[0m ✅ Transaction 0x694b0f97d1b90c4cd1bcb64456c404b1b7b6f651a1a12ba2179e42554675bf86 fetched and parsed in 7.593875ms
[2m2025-12-10T10:09:50.770686Z[0m [34mDEBUG[0m [2methereum_transaction_pool_monitor::mempool_monitor[0m[2m:[0m 🔍 Skipping tx 0x694b0f97d1b90c4cd1bcb64456c404b1b7b6f651a1a12ba2179e42554675bf86 - not a DEX interaction (target: 0xC02aaA39b223FE8D0A0e5C4F27eAD9083C756Cc2)
[2m2025-12-10T10:09:50.770693Z[0m [34mDEBUG[0m [2methereum_transaction_pool_monitor::mempool_monitor[0m[2m:[0m 📨 Processing new pending transaction: 0xcf0f6e041b47607b90d52f697b463fa44d78c7503d0228c692e260c6bfa62207
[2m2025-12-10T10:09:50.770697Z[0m [34mDEBUG[0m [2methereum_transaction_pool_monitor::mempool_monitor[0m[2m:[0m 🔍 Fetching transaction details for: 0xcf0f6e041b47607b90d52f697b463fa44d78c7503d0228c692e260c6bfa62207
[2m2025-12-10T10:09:50.770701Z[0m [34mDEBUG[0m [2methereum_transaction_pool_monitor::eth_client[0m[2m:[0m 🔍 Fetching transaction details for hash: 0xcf0f6e041b47607b90d52f697b463fa44d78c7503d0228c692e260c6bfa62207
[2m2025-12-10T10:09:50.770709Z[0m [34mDEBUG[0m [2mhyper::client::pool[0m[2m:[0m reuse idle connection for ("http", 192.168.0.14:8545)
[2m2025-12-10T10:09:50.770723Z[0m [34mDEBUG[0m [2mhyper::proto::h1::io[0m[2m:[0m flushed 250 bytes
[2m2025-12-10T10:09:50.777962Z[0m [34mDEBUG[0m [2mhyper::proto::h1::io[0m[2m:[0m parsed 4 headers
[2m2025-12-10T10:09:50.777969Z[0m [34mDEBUG[0m [2mhyper::proto::h1::conn[0m[2m:[0m incoming body is content-length (1804 bytes)
[2m2025-12-10T10:09:50.777979Z[0m [34mDEBUG[0m [2methereum_transaction_pool_monitor::eth_client[0m[2m:[0m 📡 Transaction fetch RPC completed in 7.274125ms
[2m2025-12-10T10:09:50.779049Z[0m [34mDEBUG[0m [2mhyper::proto::h1::conn[0m[2m:[0m incoming body completed
[2m2025-12-10T10:09:50.779057Z[0m [34mDEBUG[0m [2mhyper::client::pool[0m[2m:[0m pooling idle connection for ("http", 192.168.0.14:8545)
[2m2025-12-10T10:09:50.798092Z[0m [34mDEBUG[0m [2mhyper::client::pool[0m[2m:[0m reuse idle connection for ("http", 192.168.0.14:8545)
[2m2025-12-10T10:09:50.798152Z[0m [34mDEBUG[0m [2mhyper::proto::h1::io[0m[2m:[0m flushed 172 bytes
[2m2025-12-10T10:09:50.802599Z[0m [34mDEBUG[0m [2mhyper::proto::h1::io[0m[2m:[0m parsed 4 headers
[2m2025-12-10T10:09:50.802609Z[0m [34mDEBUG[0m [2mhyper::proto::h1::conn[0m[2m:[0m incoming body is content-length (45 bytes)
[2m2025-12-10T10:09:50.802617Z[0m [34mDEBUG[0m [2mhyper::proto::h1::conn[0m[2m:[0m incoming body completed
[2m2025-12-10T10:09:50.802625Z[0m [34mDEBUG[0m [2mhyper::client::pool[0m[2m:[0m pooling idle connection for ("http", 192.168.0.14:8545)
[2m2025-12-10T10:09:50.832920Z[0m [34mDEBUG[0m [2methereum_transaction_pool_monitor::eth_client[0m[2m:[0m 📨 Received WebSocket message: {"jsonrpc":"2.0","method":"eth_subscription","params":{"subscription":"0xbed0a0851463e895960a451075a301a9","result":"0x46043b33ec7642961bd7f267789075b4c180f2adf9bd8c9134edf70eab40d378"}}
[2m2025-12-10T10:09:50.832947Z[0m [34mDEBUG[0m [2methereum_transaction_pool_monitor::eth_client[0m[2m:[0m 📨 Received pending transaction: 0x46043b33ec7642961bd7f267789075b4c180f2adf9bd8c9134edf70eab40d378
[2m2025-12-10T10:09:50.845763Z[0m [34mDEBUG[0m [2methereum_transaction_pool_monitor::eth_client[0m[2m:[0m ✅ Transaction 0xcf0f6e041b47607b90d52f697b463fa44d78c7503d0228c692e260c6bfa62207 fetched and parsed in 75.057167ms
[2m2025-12-10T10:09:50.845776Z[0m [34mDEBUG[0m [2methereum_transaction_pool_monitor::mempool_monitor[0m[2m:[0m 🔍 Skipping tx 0xcf0f6e041b47607b90d52f697b463fa44d78c7503d0228c692e260c6bfa62207 - not a DEX interaction (target: 0x601a2aD6CB5949f0529735254189Ba3194221EDF)
[2m2025-12-10T10:09:50.845784Z[0m [34mDEBUG[0m [2methereum_transaction_pool_monitor::mempool_monitor[0m[2m:[0m 📨 Processing new pending transaction: 0xd828d4007410af05d874918763a5f912594bdb6d779b5ad96b636a42a346c93a
[2m2025-12-10T10:09:50.845788Z[0m [34mDEBUG[0m [2methereum_transaction_pool_monitor::mempool_monitor[0m[2m:[0m 🔍 Fetching transaction details for: 0xd828d4007410af05d874918763a5f912594bdb6d779b5ad96b636a42a346c93a
[2m2025-12-10T10:09:50.845792Z[0m [34mDEBUG[0m [2methereum_transaction_pool_monitor::eth_client[0m[2m:[0m 🔍 Fetching transaction details for hash: 0xd828d4007410af05d874918763a5f912594bdb6d779b5ad96b636a42a346c93a
[2m2025-12-10T10:09:50.845808Z[0m [34mDEBUG[0m [2mhyper::client::pool[0m[2m:[0m reuse idle connection for ("http", 192.168.0.14:8545)
[2m2025-12-10T10:09:50.845833Z[0m [34mDEBUG[0m [2mhyper::proto::h1::io[0m[2m:[0m flushed 250 bytes
[2m2025-12-10T10:09:50.850763Z[0m [34mDEBUG[0m [2mhyper::proto::h1::io[0m[2m:[0m parsed 4 headers
[2m2025-12-10T10:09:50.850770Z[0m [34mDEBUG[0m [2mhyper::proto::h1::conn[0m[2m:[0m incoming body is content-length (844 bytes)
[2m2025-12-10T10:09:50.850777Z[0m [34mDEBUG[0m [2mhyper::proto::h1::conn[0m[2m:[0m incoming body completed
[2m2025-12-10T10:09:50.850784Z[0m [34mDEBUG[0m [2mhyper::client::pool[0m[2m:[0m pooling idle connection for ("http", 192.168.0.14:8545)
[2m2025-12-10T10:09:50.850791Z[0m [34mDEBUG[0m [2methereum_transaction_pool_monitor::eth_client[0m[2m:[0m 📡 Transaction fetch RPC completed in 4.994458ms
[2m2025-12-10T10:09:50.922854Z[0m [34mDEBUG[0m [2methereum_transaction_pool_monitor::eth_client[0m[2m:[0m ✅ Transaction 0xd828d4007410af05d874918763a5f912594bdb6d779b5ad96b636a42a346c93a fetched and parsed in 77.054875ms
[2m2025-12-10T10:09:50.922882Z[0m [34mDEBUG[0m [2methereum_transaction_pool_monitor::mempool_monitor[0m[2m:[0m 🔍 Skipping tx 0xd828d4007410af05d874918763a5f912594bdb6d779b5ad96b636a42a346c93a - not a DEX interaction (target: 0xB8f28C60dD8240141185a192fa4156A23E189305)
[2m2025-12-10T10:09:50.922893Z[0m [34mDEBUG[0m [2methereum_transaction_pool_monitor::mempool_monitor[0m[2m:[0m 📨 Processing new pending transaction: 0x798986d2fe393a0a503156eebe259ce852710b3dfb9350021f571f7b9141f588
[2m2025-12-10T10:09:50.922901Z[0m [34mDEBUG[0m [2methereum_transaction_pool_monitor::mempool_monitor[0m[2m:[0m 🔍 Fetching transaction details for: 0x798986d2fe393a0a503156eebe259ce852710b3dfb9350021f571f7b9141f588
[2m2025-12-10T10:09:50.922907Z[0m [34mDEBUG[0m [2methereum_transaction_pool_monitor::eth_client[0m[2m:[0m 🔍 Fetching transaction details for hash: 0x798986d2fe393a0a503156eebe259ce852710b3dfb9350021f571f7b9141f588
[2m2025-12-10T10:09:50.922926Z[0m [34mDEBUG[0m [2mhyper::client::pool[0m[2m:[0m reuse idle connection for ("http", 192.168.0.14:8545)
[2m2025-12-10T10:09:50.922954Z[0m [34mDEBUG[0m [2mhyper::proto::h1::io[0m[2m:[0m flushed 250 bytes
[2m2025-12-10T10:09:50.922990Z[0m [34mDEBUG[0m [2mhyper::client::pool[0m[2m:[0m reuse idle connection for ("http", 192.168.0.14:8545)
[2m2025-12-10T10:09:50.923012Z[0m [34mDEBUG[0m [2mhyper::proto::h1::io[0m[2m:[0m flushed 172 bytes
[2m2025-12-10T10:09:50.939964Z[0m [34mDEBUG[0m [2mhyper::proto::h1::io[0m[2m:[0m parsed 4 headers
[2m2025-12-10T10:09:50.939975Z[0m [34mDEBUG[0m [2mhyper::proto::h1::conn[0m[2m:[0m incoming body is content-length (45 bytes)
[2m2025-12-10T10:09:50.939987Z[0m [34mDEBUG[0m [2mhyper::proto::h1::conn[0m[2m:[0m incoming body completed
[2m2025-12-10T10:09:50.939998Z[0m [34mDEBUG[0m [2mhyper::client::pool[0m[2m:[0m pooling idle connection for ("http", 192.168.0.14:8545)
[2m2025-12-10T10:09:50.940018Z[0m [34mDEBUG[0m [2mhyper::proto::h1::io[0m[2m:[0m parsed 4 headers
[2m2025-12-10T10:09:50.940023Z[0m [34mDEBUG[0m [2mhyper::proto::h1::conn[0m[2m:[0m incoming body is content-length (844 bytes)
[2m2025-12-10T10:09:50.940040Z[0m [34mDEBUG[0m [2mhyper::proto::h1::conn[0m[2m:[0m incoming body completed
[2m2025-12-10T10:09:50.940045Z[0m [34mDEBUG[0m [2mhyper::client::pool[0m[2m:[0m pooling idle connection for ("http", 192.168.0.14:8545)
[2m2025-12-10T10:09:50.940049Z[0m [34mDEBUG[0m [2methereum_transaction_pool_monitor::eth_client[0m[2m:[0m 📡 Transaction fetch RPC completed in 17.137375ms
[2m2025-12-10T10:09:51.011925Z[0m [34mDEBUG[0m [2methereum_transaction_pool_monitor::eth_client[0m[2m:[0m ✅ Transaction 0x798986d2fe393a0a503156eebe259ce852710b3dfb9350021f571f7b9141f588 fetched and parsed in 89.011667ms
[2m2025-12-10T10:09:51.011950Z[0m [34mDEBUG[0m [2methereum_transaction_pool_monitor::mempool_monitor[0m[2m:[0m 🔍 Skipping tx 0x798986d2fe393a0a503156eebe259ce852710b3dfb9350021f571f7b9141f588 - not a DEX interaction (target: 0xB8f28C60dD8240141185a192fa4156A23E189305)
[2m2025-12-10T10:09:51.011960Z[0m [34mDEBUG[0m [2methereum_transaction_pool_monitor::mempool_monitor[0m[2m:[0m 📨 Processing new pending transaction: 0x460d27d90a5506e81edf161f248682d3db8fd724f7d9944b4a394a254fd7d061
[2m2025-12-10T10:09:51.011967Z[0m [34mDEBUG[0m [2methereum_transaction_pool_monitor::mempool_monitor[0m[2m:[0m 🔍 Fetching transaction details for: 0x460d27d90a5506e81edf161f248682d3db8fd724f7d9944b4a394a254fd7d061
[2m2025-12-10T10:09:51.011973Z[0m [34mDEBUG[0m [2methereum_transaction_pool_monitor::eth_client[0m[2m:[0m 🔍 Fetching transaction details for hash: 0x460d27d90a5506e81edf161f248682d3db8fd724f7d9944b4a394a254fd7d061
[2m2025-12-10T10:09:51.011991Z[0m [34mDEBUG[0m [2mhyper::client::pool[0m[2m:[0m reuse idle connection for ("http", 192.168.0.14:8545)
[2m2025-12-10T10:09:51.012036Z[0m [34mDEBUG[0m [2mhyper::proto::h1::io[0m[2m:[0m flushed 250 bytes
[2m2025-12-10T10:09:51.012064Z[0m [34mDEBUG[0m [2mhyper::client::pool[0m[2m:[0m reuse idle connection for ("http", 192.168.0.14:8545)
[2m2025-12-10T10:09:51.012080Z[0m [34mDEBUG[0m [2mhyper::proto::h1::io[0m[2m:[0m flushed 172 bytes
[2m2025-12-10T10:09:51.018937Z[0m [34mDEBUG[0m [2mhyper::proto::h1::io[0m[2m:[0m parsed 4 headers
[2m2025-12-10T10:09:51.018951Z[0m [34mDEBUG[0m [2mhyper::proto::h1::conn[0m[2m:[0m incoming body is content-length (45 bytes)
[2m2025-12-10T10:09:51.018958Z[0m [34mDEBUG[0m [2mhyper::proto::h1::conn[0m[2m:[0m incoming body completed
[2m2025-12-10T10:09:51.018966Z[0m [34mDEBUG[0m [2mhyper::client::pool[0m[2m:[0m pooling idle connection for ("http", 192.168.0.14:8545)
[2m2025-12-10T10:09:51.022918Z[0m [34mDEBUG[0m [2mhyper::proto::h1::io[0m[2m:[0m parsed 4 headers
[2m2025-12-10T10:09:51.022927Z[0m [34mDEBUG[0m [2mhyper::proto::h1::conn[0m[2m:[0m incoming body is content-length (844 bytes)
[2m2025-12-10T10:09:51.022934Z[0m [34mDEBUG[0m [2mhyper::proto::h1::conn[0m[2m:[0m incoming body completed
[2m2025-12-10T10:09:51.022945Z[0m [34mDEBUG[0m [2mhyper::client::pool[0m[2m:[0m pooling idle connection for ("http", 192.168.0.14:8545)
[2m2025-12-10T10:09:51.022951Z[0m [34mDEBUG[0m [2methereum_transaction_pool_monitor::eth_client[0m[2m:[0m 📡 Transaction fetch RPC completed in 10.972833ms
[2m2025-12-10T10:09:51.095277Z[0m [34mDEBUG[0m [2methereum_transaction_pool_monitor::eth_client[0m[2m:[0m ✅ Transaction 0x460d27d90a5506e81edf161f248682d3db8fd724f7d9944b4a394a254fd7d061 fetched and parsed in 83.296458ms
[2m2025-12-10T10:09:51.095304Z[0m [34mDEBUG[0m [2methereum_transaction_pool_monitor::mempool_monitor[0m[2m:[0m 🔍 Skipping tx 0x460d27d90a5506e81edf161f248682d3db8fd724f7d9944b4a394a254fd7d061 - not a DEX interaction (target: 0xB8f28C60dD8240141185a192fa4156A23E189305)
[2m2025-12-10T10:09:51.095316Z[0m [34mDEBUG[0m [2methereum_transaction_pool_monitor::mempool_monitor[0m[2m:[0m 📨 Processing new pending transaction: 0x80f1d0193ee5e59061a7f4643ad95d5346c86b1c959703c3732d35cb697763fe
[2m2025-12-10T10:09:51.095322Z[0m [34mDEBUG[0m [2methereum_transaction_pool_monitor::mempool_monitor[0m[2m:[0m 🔍 Fetching transaction details for: 0x80f1d0193ee5e59061a7f4643ad95d5346c86b1c959703c3732d35cb697763fe
[2m2025-12-10T10:09:51.095328Z[0m [34mDEBUG[0m [2methereum_transaction_pool_monitor::eth_client[0m[2m:[0m 🔍 Fetching transaction details for hash: 0x80f1d0193ee5e59061a7f4643ad95d5346c86b1c959703c3732d35cb697763fe
[2m2025-12-10T10:09:51.095348Z[0m [34mDEBUG[0m [2mhyper::client::pool[0m[2m:[0m reuse idle connection for ("http", 192.168.0.14:8545)
[2m2025-12-10T10:09:51.095390Z[0m [34mDEBUG[0m [2mhyper::proto::h1::io[0m[2m:[0m flushed 250 bytes
[2m2025-12-10T10:09:51.095410Z[0m [34mDEBUG[0m [2methereum_transaction_pool_monitor::eth_client[0m[2m:[0m 📨 Received WebSocket message: {"jsonrpc":"2.0","method":"eth_subscription","params":{"subscription":"0xbed0a0851463e895960a451075a301a9","result":"0x13dd6407660068d62b29436c723b80c8a3b1de79688b5396e68ad84fca747ce0"}}
[2m2025-12-10T10:09:51.095419Z[0m [34mDEBUG[0m [2methereum_transaction_pool_monitor::eth_client[0m[2m:[0m 📨 Received pending transaction: 0x13dd6407660068d62b29436c723b80c8a3b1de79688b5396e68ad84fca747ce0
[2m2025-12-10T10:09:51.096705Z[0m [34mDEBUG[0m [2mhyper::client::pool[0m[2m:[0m reuse idle connection for ("http", 192.168.0.14:8545)
[2m2025-12-10T10:09:51.096747Z[0m [34mDEBUG[0m [2mhyper::proto::h1::io[0m[2m:[0m flushed 172 bytes
[2m2025-12-10T10:09:51.101271Z[0m [34mDEBUG[0m [2mhyper::proto::h1::io[0m[2m:[0m parsed 4 headers
[2m2025-12-10T10:09:51.101278Z[0m [34mDEBUG[0m [2mhyper::proto::h1::io[0m[2m:[0m parsed 4 headers
[2m2025-12-10T10:09:51.101281Z[0m [34mDEBUG[0m [2mhyper::proto::h1::conn[0m[2m:[0m incoming body is content-length (45 bytes)
[2m2025-12-10T10:09:51.101291Z[0m [34mDEBUG[0m [2mhyper::proto::h1::conn[0m[2m:[0m incoming body is content-length (844 bytes)
[2m2025-12-10T10:09:51.101298Z[0m [34mDEBUG[0m [2mhyper::proto::h1::conn[0m[2m:[0m incoming body completed
[2m2025-12-10T10:09:51.101300Z[0m [34mDEBUG[0m [2mhyper::proto::h1::conn[0m[2m:[0m incoming body completed
[2m2025-12-10T10:09:51.101308Z[0m [34mDEBUG[0m [2mhyper::client::pool[0m[2m:[0m pooling idle connection for ("http", 192.168.0.14:8545)
[2m2025-12-10T10:09:51.101312Z[0m [34mDEBUG[0m [2mhyper::client::pool[0m[2m:[0m pooling idle connection for ("http", 192.168.0.14:8545)
[2m2025-12-10T10:09:51.101320Z[0m [34mDEBUG[0m [2methereum_transaction_pool_monitor::eth_client[0m[2m:[0m 📡 Transaction fetch RPC completed in 5.987125ms
[2m2025-12-10T10:09:51.173177Z[0m [34mDEBUG[0m [2methereum_transaction_pool_monitor::eth_client[0m[2m:[0m ✅ Transaction 0x80f1d0193ee5e59061a7f4643ad95d5346c86b1c959703c3732d35cb697763fe fetched and parsed in 77.842ms
[2m2025-12-10T10:09:51.173207Z[0m [34mDEBUG[0m [2methereum_transaction_pool_monitor::mempool_monitor[0m[2m:[0m 🔍 Skipping tx 0x80f1d0193ee5e59061a7f4643ad95d5346c86b1c959703c3732d35cb697763fe - not a DEX interaction (target: 0xB8f28C60dD8240141185a192fa4156A23E189305)
[2m2025-12-10T10:09:51.173217Z[0m [34mDEBUG[0m [2methereum_transaction_pool_monitor::mempool_monitor[0m[2m:[0m 📨 Processing new pending transaction: 0x0eba2920523dca42f9ef9ee39d95704b75a61a1cc01be397fd1c3e6a44d0ea9a
[2m2025-12-10T10:09:51.173223Z[0m [34mDEBUG[0m [2methereum_transaction_pool_monitor::mempool_monitor[0m[2m:[0m 🔍 Fetching transaction details for: 0x0eba2920523dca42f9ef9ee39d95704b75a61a1cc01be397fd1c3e6a44d0ea9a
[2m2025-12-10T10:09:51.173230Z[0m [34mDEBUG[0m [2methereum_transaction_pool_monitor::eth_client[0m[2m:[0m 🔍 Fetching transaction details for hash: 0x0eba2920523dca42f9ef9ee39d95704b75a61a1cc01be397fd1c3e6a44d0ea9a
[2m2025-12-10T10:09:51.173249Z[0m [34mDEBUG[0m [2mhyper::client::pool[0m[2m:[0m reuse idle connection for ("http", 192.168.0.14:8545)
[2m2025-12-10T10:09:51.173297Z[0m [34mDEBUG[0m [2mhyper::proto::h1::io[0m[2m:[0m flushed 250 bytes
[2m2025-12-10T10:09:51.177075Z[0m [34mDEBUG[0m [2mhyper::proto::h1::io[0m[2m:[0m parsed 4 headers
[2m2025-12-10T10:09:51.177088Z[0m [34mDEBUG[0m [2mhyper::proto::h1::conn[0m[2m:[0m incoming body is content-length (844 bytes)
[2m2025-12-10T10:09:51.177095Z[0m [34mDEBUG[0m [2mhyper::proto::h1::conn[0m[2m:[0m incoming body completed
[2m2025-12-10T10:09:51.177105Z[0m [34mDEBUG[0m [2mhyper::client::pool[0m[2m:[0m pooling idle connection for ("http", 192.168.0.14:8545)
[2m2025-12-10T10:09:51.177111Z[0m [34mDEBUG[0m [2methereum_transaction_pool_monitor::eth_client[0m[2m:[0m 📡 Transaction fetch RPC completed in 3.8755ms
[2m2025-12-10T10:09:51.248561Z[0m [34mDEBUG[0m [2methereum_transaction_pool_monitor::eth_client[0m[2m:[0m ✅ Transaction 0x0eba2920523dca42f9ef9ee39d95704b75a61a1cc01be397fd1c3e6a44d0ea9a fetched and parsed in 75.323625ms
[2m2025-12-10T10:09:51.248587Z[0m [34mDEBUG[0m [2methereum_transaction_pool_monitor::mempool_monitor[0m[2m:[0m 🔍 Skipping tx 0x0eba2920523dca42f9ef9ee39d95704b75a61a1cc01be397fd1c3e6a44d0ea9a - not a DEX interaction (target: 0xB8f28C60dD8240141185a192fa4156A23E189305)
[2m2025-12-10T10:09:51.248599Z[0m [34mDEBUG[0m [2methereum_transaction_pool_monitor::mempool_monitor[0m[2m:[0m 📨 Processing new pending transaction: 0xbdcdf58c0e8b574c3c086bb5a3449b6829ee8b92dc17c0fd2e5e98ed7b3bf004
[2m2025-12-10T10:09:51.248606Z[0m [34mDEBUG[0m [2methereum_transaction_pool_monitor::mempool_monitor[0m[2m:[0m 🔍 Fetching transaction details for: 0xbdcdf58c0e8b574c3c086bb5a3449b6829ee8b92dc17c0fd2e5e98ed7b3bf004
[2m2025-12-10T10:09:51.248612Z[0m [34mDEBUG[0m [2methereum_transaction_pool_monitor::eth_client[0m[2m:[0m 🔍 Fetching transaction details for hash: 0xbdcdf58c0e8b574c3c086bb5a3449b6829ee8b92dc17c0fd2e5e98ed7b3bf004
[2m2025-12-10T10:09:51.248630Z[0m [34mDEBUG[0m [2mhyper::client::pool[0m[2m:[0m reuse idle connection for ("http", 192.168.0.14:8545)
[2m2025-12-10T10:09:51.248671Z[0m [34mDEBUG[0m [2mhyper::proto::h1::io[0m[2m:[0m flushed 250 bytes
[2m2025-12-10T10:09:51.248706Z[0m [34mDEBUG[0m [2mhyper::client::pool[0m[2m:[0m reuse idle connection for ("http", 192.168.0.14:8545)
[2m2025-12-10T10:09:51.248729Z[0m [34mDEBUG[0m [2mhyper::proto::h1::io[0m[2m:[0m flushed 172 bytes
[2m2025-12-10T10:09:51.254813Z[0m [34mDEBUG[0m [2mhyper::proto::h1::io[0m[2m:[0m parsed 4 headers
[2m2025-12-10T10:09:51.254839Z[0m [34mDEBUG[0m [2mhyper::proto::h1::conn[0m[2m:[0m incoming body is content-length (753 bytes)
[2m2025-12-10T10:09:51.254872Z[0m [34mDEBUG[0m [2mhyper::proto::h1::conn[0m[2m:[0m incoming body completed
[2m2025-12-10T10:09:51.254881Z[0m [34mDEBUG[0m [2mhyper::client::pool[0m[2m:[0m pooling idle connection for ("http", 192.168.0.14:8545)
[2m2025-12-10T10:09:51.254887Z[0m [34mDEBUG[0m [2methereum_transaction_pool_monitor::eth_client[0m[2m:[0m 📡 Transaction fetch RPC completed in 6.271333ms
[2m2025-12-10T10:09:51.254903Z[0m [34mDEBUG[0m [2methereum_transaction_pool_monitor::eth_client[0m[2m:[0m DeFi transaction detected - Address: 0xdac17f958d2ee523a2206206994597c13d831ec7, Type: Stablecoin, Value: 0 ETH, Gas: 0.20 Gwei
[2m2025-12-10T10:09:51.254917Z[0m [34mDEBUG[0m [2methereum_transaction_pool_monitor::eth_client[0m[2m:[0m ✅ Transaction 0xbdcdf58c0e8b574c3c086bb5a3449b6829ee8b92dc17c0fd2e5e98ed7b3bf004 fetched and parsed in 6.301166ms
[2m2025-12-10T10:09:51.254923Z[0m [34mDEBUG[0m [2methereum_transaction_pool_monitor::mempool_monitor[0m[2m:[0m 🔍 Skipping tx 0xbdcdf58c0e8b574c3c086bb5a3449b6829ee8b92dc17c0fd2e5e98ed7b3bf004 - not a DEX interaction (target: 0xdAC17F958D2ee523a2206206994597C13D831ec7)
[2m2025-12-10T10:09:51.254930Z[0m [34mDEBUG[0m [2methereum_transaction_pool_monitor::mempool_monitor[0m[2m:[0m 📨 Processing new pending transaction: 0x3528103bcade3f02d28d93314a21737376ddf851b0ca36d4df95a937c10beb58
[2m2025-12-10T10:09:51.254934Z[0m [34mDEBUG[0m [2methereum_transaction_pool_monitor::mempool_monitor[0m[2m:[0m 🔍 Fetching transaction details for: 0x3528103bcade3f02d28d93314a21737376ddf851b0ca36d4df95a937c10beb58
[2m2025-12-10T10:09:51.254937Z[0m [34mDEBUG[0m [2methereum_transaction_pool_monitor::eth_client[0m[2m:[0m 🔍 Fetching transaction details for hash: 0x3528103bcade3f02d28d93314a21737376ddf851b0ca36d4df95a937c10beb58
[2m2025-12-10T10:09:51.254947Z[0m [34mDEBUG[0m [2mhyper::client::pool[0m[2m:[0m reuse idle connection for ("http", 192.168.0.14:8545)
[2m2025-12-10T10:09:51.254966Z[0m [34mDEBUG[0m [2mhyper::proto::h1::io[0m[2m:[0m flushed 250 bytes
[2m2025-12-10T10:09:51.255726Z[0m [34mDEBUG[0m [2mhyper::proto::h1::io[0m[2m:[0m parsed 4 headers
[2m2025-12-10T10:09:51.255734Z[0m [34mDEBUG[0m [2mhyper::proto::h1::conn[0m[2m:[0m incoming body is content-length (45 bytes)
[2m2025-12-10T10:09:51.255742Z[0m [34mDEBUG[0m [2mhyper::proto::h1::conn[0m[2m:[0m incoming body completed
[2m2025-12-10T10:09:51.255751Z[0m [34mDEBUG[0m [2mhyper::client::pool[0m[2m:[0m pooling idle connection for ("http", 192.168.0.14:8545)
[2m2025-12-10T10:09:51.265229Z[0m [34mDEBUG[0m [2mhyper::proto::h1::io[0m[2m:[0m parsed 4 headers
[2m2025-12-10T10:09:51.265243Z[0m [34mDEBUG[0m [2mhyper::proto::h1::conn[0m[2m:[0m incoming body is content-length (844 bytes)
[2m2025-12-10T10:09:51.265250Z[0m [34mDEBUG[0m [2mhyper::proto::h1::conn[0m[2m:[0m incoming body completed
[2m2025-12-10T10:09:51.265258Z[0m [34mDEBUG[0m [2mhyper::client::pool[0m[2m:[0m pooling idle connection for ("http", 192.168.0.14:8545)
[2m2025-12-10T10:09:51.265264Z[0m [34mDEBUG[0m [2methereum_transaction_pool_monitor::eth_client[0m[2m:[0m 📡 Transaction fetch RPC completed in 10.323ms
[2m2025-12-10T10:09:51.337071Z[0m [34mDEBUG[0m [2methereum_transaction_pool_monitor::eth_client[0m[2m:[0m ✅ Transaction 0x3528103bcade3f02d28d93314a21737376ddf851b0ca36d4df95a937c10beb58 fetched and parsed in 82.128041ms
[2m2025-12-10T10:09:51.337097Z[0m [34mDEBUG[0m [2methereum_transaction_pool_monitor::mempool_monitor[0m[2m:[0m 🔍 Skipping tx 0x3528103bcade3f02d28d93314a21737376ddf851b0ca36d4df95a937c10beb58 - not a DEX interaction (target: 0xB8f28C60dD8240141185a192fa4156A23E189305)
[2m2025-12-10T10:09:51.337108Z[0m [34mDEBUG[0m [2methereum_transaction_pool_monitor::mempool_monitor[0m[2m:[0m 📨 Processing new pending transaction: 0x44d8574467280f4ecbc5a013759134c000d65306df948bae5f6f99473ba7c129
[2m2025-12-10T10:09:51.337115Z[0m [34mDEBUG[0m [2methereum_transaction_pool_monitor::mempool_monitor[0m[2m:[0m 🔍 Fetching transaction details for: 0x44d8574467280f4ecbc5a013759134c000d65306df948bae5f6f99473ba7c129
[2m2025-12-10T10:09:51.337120Z[0m [34mDEBUG[0m [2methereum_transaction_pool_monitor::eth_client[0m[2m:[0m 🔍 Fetching transaction details for hash: 0x44d8574467280f4ecbc5a013759134c000d65306df948bae5f6f99473ba7c129
[2m2025-12-10T10:09:51.337142Z[0m [34mDEBUG[0m [2mhyper::client::pool[0m[2m:[0m reuse idle connection for ("http", 192.168.0.14:8545)
[2m2025-12-10T10:09:51.337176Z[0m [34mDEBUG[0m [2mhyper::proto::h1::io[0m[2m:[0m flushed 250 bytes
[2m2025-12-10T10:09:51.337203Z[0m [34mDEBUG[0m [2mhyper::client::pool[0m[2m:[0m reuse idle connection for ("http", 192.168.0.14:8545)
[2m2025-12-10T10:09:51.337218Z[0m [34mDEBUG[0m [2mhyper::proto::h1::io[0m[2m:[0m flushed 172 bytes
[2m2025-12-10T10:09:51.343332Z[0m [34mDEBUG[0m [2mhyper::proto::h1::io[0m[2m:[0m parsed 4 headers
[2m2025-12-10T10:09:51.343341Z[0m [34mDEBUG[0m [2mhyper::proto::h1::conn[0m[2m:[0m incoming body is content-length (846 bytes)
[2m2025-12-10T10:09:51.343350Z[0m [34mDEBUG[0m [2mhyper::proto::h1::conn[0m[2m:[0m incoming body completed
[2m2025-12-10T10:09:51.343364Z[0m [34mDEBUG[0m [2mhyper::client::pool[0m[2m:[0m pooling idle connection for ("http", 192.168.0.14:8545)
[2m2025-12-10T10:09:51.343373Z[0m [34mDEBUG[0m [2methereum_transaction_pool_monitor::eth_client[0m[2m:[0m 📡 Transaction fetch RPC completed in 6.248084ms
[2m2025-12-10T10:09:51.343390Z[0m [34mDEBUG[0m [2methereum_transaction_pool_monitor::eth_client[0m[2m:[0m DeFi transaction detected - Address: 0x6b175474e89094c44da98b954eedeac495271d0f, Type: Stablecoin, Value: 0 ETH, Gas: 0.50 Gwei
[2m2025-12-10T10:09:51.343402Z[0m [34mDEBUG[0m [2methereum_transaction_pool_monitor::eth_client[0m[2m:[0m ✅ Transaction 0x44d8574467280f4ecbc5a013759134c000d65306df948bae5f6f99473ba7c129 fetched and parsed in 6.276834ms
[2m2025-12-10T10:09:51.343408Z[0m [34mDEBUG[0m [2methereum_transaction_pool_monitor::mempool_monitor[0m[2m:[0m 🔍 Skipping tx 0x44d8574467280f4ecbc5a013759134c000d65306df948bae5f6f99473ba7c129 - not a DEX interaction (target: 0x6B175474E89094C44Da98b954EedeAC495271d0F)
[2m2025-12-10T10:09:51.343414Z[0m [34mDEBUG[0m [2methereum_transaction_pool_monitor::mempool_monitor[0m[2m:[0m 📨 Processing new pending transaction: 0xdd87c22c91faef7cae8941d8dc7397773140de4153cde215e8220c8f90ced1cf
[2m2025-12-10T10:09:51.343419Z[0m [34mDEBUG[0m [2methereum_transaction_pool_monitor::mempool_monitor[0m[2m:[0m 🔍 Fetching transaction details for: 0xdd87c22c91faef7cae8941d8dc7397773140de4153cde215e8220c8f90ced1cf
[2m2025-12-10T10:09:51.343422Z[0m [34mDEBUG[0m [2methereum_transaction_pool_monitor::eth_client[0m[2m:[0m 🔍 Fetching transaction details for hash: 0xdd87c22c91faef7cae8941d8dc7397773140de4153cde215e8220c8f90ced1cf
[2m2025-12-10T10:09:51.343433Z[0m [34mDEBUG[0m [2mhyper::client::pool[0m[2m:[0m reuse idle connection for ("http", 192.168.0.14:8545)
[2m2025-12-10T10:09:51.343449Z[0m [34mDEBUG[0m [2mhyper::proto::h1::io[0m[2m:[0m flushed 250 bytes
[2m2025-12-10T10:09:51.343457Z[0m [34mDEBUG[0m [2mhyper::proto::h1::io[0m[2m:[0m parsed 4 headers
[2m2025-12-10T10:09:51.343461Z[0m [34mDEBUG[0m [2mhyper::proto::h1::conn[0m[2m:[0m incoming body is content-length (45 bytes)
[2m2025-12-10T10:09:51.343466Z[0m [34mDEBUG[0m [2mhyper::proto::h1::conn[0m[2m:[0m incoming body completed
[2m2025-12-10T10:09:51.343471Z[0m [34mDEBUG[0m [2mhyper::client::pool[0m[2m:[0m pooling idle connection for ("http", 192.168.0.14:8545)
[2m2025-12-10T10:09:51.350473Z[0m [34mDEBUG[0m [2mhyper::proto::h1::io[0m[2m:[0m parsed 4 headers
[2m2025-12-10T10:09:51.350483Z[0m [34mDEBUG[0m [2mhyper::proto::h1::conn[0m[2m:[0m incoming body is content-length (1730 bytes)
[2m2025-12-10T10:09:51.350490Z[0m [34mDEBUG[0m [2mhyper::proto::h1::conn[0m[2m:[0m incoming body completed
[2m2025-12-10T10:09:51.350497Z[0m [34mDEBUG[0m [2mhyper::client::pool[0m[2m:[0m pooling idle connection for ("http", 192.168.0.14:8545)
[2m2025-12-10T10:09:51.350503Z[0m [34mDEBUG[0m [2methereum_transaction_pool_monitor::eth_client[0m[2m:[0m 📡 Transaction fetch RPC completed in 7.077042ms
[2m2025-12-10T10:09:51.421937Z[0m [34mDEBUG[0m [2methereum_transaction_pool_monitor::eth_client[0m[2m:[0m ✅ Transaction 0xdd87c22c91faef7cae8941d8dc7397773140de4153cde215e8220c8f90ced1cf fetched and parsed in 78.507708ms
[2m2025-12-10T10:09:51.421965Z[0m [34mDEBUG[0m [2methereum_transaction_pool_monitor::mempool_monitor[0m[2m:[0m 🔍 Skipping tx 0xdd87c22c91faef7cae8941d8dc7397773140de4153cde215e8220c8f90ced1cf - not a DEX interaction (target: 0x601a2aD6CB5949f0529735254189Ba3194221EDF)
[2m2025-12-10T10:09:51.421976Z[0m [34mDEBUG[0m [2methereum_transaction_pool_monitor::mempool_monitor[0m[2m:[0m 📨 Processing new pending transaction: 0xce6105d53427b97d20c60c4932a7d74f3f82c17356f684e72aeb144bf00b7784
[2m2025-12-10T10:09:51.421984Z[0m [34mDEBUG[0m [2methereum_transaction_pool_monitor::mempool_monitor[0m[2m:[0m 🔍 Fetching transaction details for: 0xce6105d53427b97d20c60c4932a7d74f3f82c17356f684e72aeb144bf00b7784
[2m2025-12-10T10:09:51.421991Z[0m [34mDEBUG[0m [2methereum_transaction_pool_monitor::eth_client[0m[2m:[0m 🔍 Fetching transaction details for hash: 0xce6105d53427b97d20c60c4932a7d74f3f82c17356f684e72aeb144bf00b7784
[2m2025-12-10T10:09:51.422009Z[0m [34mDEBUG[0m [2mhyper::client::pool[0m[2m:[0m reuse idle connection for ("http", 192.168.0.14:8545)
[2m2025-12-10T10:09:51.422063Z[0m [34mDEBUG[0m [2mhyper::proto::h1::io[0m[2m:[0m flushed 250 bytes
[2m2025-12-10T10:09:51.422098Z[0m [34mDEBUG[0m [2mhyper::client::pool[0m[2m:[0m reuse idle connection for ("http", 192.168.0.14:8545)
[2m2025-12-10T10:09:51.422114Z[0m [34mDEBUG[0m [2mhyper::proto::h1::io[0m[2m:[0m flushed 172 bytes
[2m2025-12-10T10:09:51.427113Z[0m [34mDEBUG[0m [2mhyper::proto::h1::io[0m[2m:[0m parsed 4 headers
[2m2025-12-10T10:09:51.427128Z[0m [34mDEBUG[0m [2mhyper::proto::h1::conn[0m[2m:[0m incoming body is content-length (772 bytes)
[2m2025-12-10T10:09:51.427136Z[0m [34mDEBUG[0m [2mhyper::proto::h1::conn[0m[2m:[0m incoming body completed
[2m2025-12-10T10:09:51.427146Z[0m [34mDEBUG[0m [2mhyper::client::pool[0m[2m:[0m pooling idle connection for ("http", 192.168.0.14:8545)
[2m2025-12-10T10:09:51.427154Z[0m [34mDEBUG[0m [2methereum_transaction_pool_monitor::eth_client[0m[2m:[0m 📡 Transaction fetch RPC completed in 5.1585ms
[2m2025-12-10T10:09:51.427169Z[0m [34mDEBUG[0m [2methereum_transaction_pool_monitor::eth_client[0m[2m:[0m DeFi transaction detected - Address: 0xdac17f958d2ee523a2206206994597c13d831ec7, Type: Stablecoin, Value: 0 ETH, Gas: 0.31 Gwei
[2m2025-12-10T10:09:51.427181Z[0m [34mDEBUG[0m [2methereum_transaction_pool_monitor::eth_client[0m[2m:[0m ✅ Transaction 0xce6105d53427b97d20c60c4932a7d74f3f82c17356f684e72aeb144bf00b7784 fetched and parsed in 5.185666ms
[2m2025-12-10T10:09:51.427187Z[0m [34mDEBUG[0m [2methereum_transaction_pool_monitor::mempool_monitor[0m[2m:[0m 🔍 Skipping tx 0xce6105d53427b97d20c60c4932a7d74f3f82c17356f684e72aeb144bf00b7784 - not a DEX interaction (target: 0xdAC17F958D2ee523a2206206994597C13D831ec7)
[2m2025-12-10T10:09:51.427193Z[0m [34mDEBUG[0m [2methereum_transaction_pool_monitor::mempool_monitor[0m[2m:[0m 📨 Processing new pending transaction: 0xc8ad218aa8925be6fce975d40219e8e7dfb8353c9d60c5ae70b1efb7af79c22d
[2m2025-12-10T10:09:51.427197Z[0m [34mDEBUG[0m [2methereum_transaction_pool_monitor::mempool_monitor[0m[2m:[0m 🔍 Fetching transaction details for: 0xc8ad218aa8925be6fce975d40219e8e7dfb8353c9d60c5ae70b1efb7af79c22d
[2m2025-12-10T10:09:51.427201Z[0m [34mDEBUG[0m [2methereum_transaction_pool_monitor::eth_client[0m[2m:[0m 🔍 Fetching transaction details for hash: 0xc8ad218aa8925be6fce975d40219e8e7dfb8353c9d60c5ae70b1efb7af79c22d
[2m2025-12-10T10:09:51.427212Z[0m [34mDEBUG[0m [2mhyper::client::pool[0m[2m:[0m reuse idle connection for ("http", 192.168.0.14:8545)
[2m2025-12-10T10:09:51.427233Z[0m [34mDEBUG[0m [2mhyper::proto::h1::io[0m[2m:[0m flushed 250 bytes
[2m2025-12-10T10:09:51.428027Z[0m [34mDEBUG[0m [2mhyper::proto::h1::io[0m[2m:[0m parsed 4 headers
[2m2025-12-10T10:09:51.428035Z[0m [34mDEBUG[0m [2mhyper::proto::h1::conn[0m[2m:[0m incoming body is content-length (45 bytes)
[2m2025-12-10T10:09:51.428043Z[0m [34mDEBUG[0m [2mhyper::proto::h1::conn[0m[2m:[0m incoming body completed
[2m2025-12-10T10:09:51.428050Z[0m [34mDEBUG[0m [2mhyper::client::pool[0m[2m:[0m pooling idle connection for ("http", 192.168.0.14:8545)
[2m2025-12-10T10:09:51.437816Z[0m [34mDEBUG[0m [2mhyper::proto::h1::io[0m[2m:[0m parsed 4 headers
[2m2025-12-10T10:09:51.437824Z[0m [34mDEBUG[0m [2mhyper::proto::h1::conn[0m[2m:[0m incoming body is content-length (2120 bytes)
[2m2025-12-10T10:09:51.437830Z[0m [34mDEBUG[0m [2mhyper::proto::h1::conn[0m[2m:[0m incoming body completed
[2m2025-12-10T10:09:51.437838Z[0m [34mDEBUG[0m [2mhyper::client::pool[0m[2m:[0m pooling idle connection for ("http", 192.168.0.14:8545)
[2m2025-12-10T10:09:51.437844Z[0m [34mDEBUG[0m [2methereum_transaction_pool_monitor::eth_client[0m[2m:[0m 📡 Transaction fetch RPC completed in 10.639583ms
[2m2025-12-10T10:09:51.509755Z[0m [34mDEBUG[0m [2methereum_transaction_pool_monitor::eth_client[0m[2m:[0m ✅ Transaction 0xc8ad218aa8925be6fce975d40219e8e7dfb8353c9d60c5ae70b1efb7af79c22d fetched and parsed in 82.547666ms
[2m2025-12-10T10:09:51.509781Z[0m [34mDEBUG[0m [2methereum_transaction_pool_monitor::mempool_monitor[0m[2m:[0m 🔍 Skipping tx 0xc8ad218aa8925be6fce975d40219e8e7dfb8353c9d60c5ae70b1efb7af79c22d - not a DEX interaction (target: 0x44087E105137a5095c008AaB6a6530182821F2F0)
[2m2025-12-10T10:09:51.509791Z[0m [34mDEBUG[0m [2methereum_transaction_pool_monitor::mempool_monitor[0m[2m:[0m 📨 Processing new pending transaction: 0x90dd100fee24854437bdfefc33f62f6ca373cef4f3232fb586a56d8010554bc1
[2m2025-12-10T10:09:51.509799Z[0m [34mDEBUG[0m [2methereum_transaction_pool_monitor::mempool_monitor[0m[2m:[0m 🔍 Fetching transaction details for: 0x90dd100fee24854437bdfefc33f62f6ca373cef4f3232fb586a56d8010554bc1
[2m2025-12-10T10:09:51.509806Z[0m [34mDEBUG[0m [2methereum_transaction_pool_monitor::eth_client[0m[2m:[0m 🔍 Fetching transaction details for hash: 0x90dd100fee24854437bdfefc33f62f6ca373cef4f3232fb586a56d8010554bc1
[2m2025-12-10T10:09:51.509825Z[0m [34mDEBUG[0m [2mhyper::client::pool[0m[2m:[0m reuse idle connection for ("http", 192.168.0.14:8545)
[2m2025-12-10T10:09:51.509868Z[0m [34mDEBUG[0m [2mhyper::proto::h1::io[0m[2m:[0m flushed 250 bytes
[2m2025-12-10T10:09:51.509895Z[0m [34mDEBUG[0m [2mhyper::client::pool[0m[2m:[0m reuse idle connection for ("http", 192.168.0.14:8545)
[2m2025-12-10T10:09:51.509907Z[0m [34mDEBUG[0m [2mhyper::proto::h1::io[0m[2m:[0m flushed 172 bytes
[2m2025-12-10T10:09:51.516026Z[0m [34mDEBUG[0m [2mhyper::proto::h1::io[0m[2m:[0m parsed 4 headers
[2m2025-12-10T10:09:51.516036Z[0m [34mDEBUG[0m [2mhyper::proto::h1::conn[0m[2m:[0m incoming body is content-length (655 bytes)
[2m2025-12-10T10:09:51.516043Z[0m [34mDEBUG[0m [2mhyper::proto::h1::conn[0m[2m:[0m incoming body completed
[2m2025-12-10T10:09:51.516052Z[0m [34mDEBUG[0m [2mhyper::client::pool[0m[2m:[0m pooling idle connection for ("http", 192.168.0.14:8545)
[2m2025-12-10T10:09:51.516058Z[0m [34mDEBUG[0m [2methereum_transaction_pool_monitor::eth_client[0m[2m:[0m 📡 Transaction fetch RPC completed in 6.247709ms
[2m2025-12-10T10:09:51.586716Z[0m [34mDEBUG[0m [2methereum_transaction_pool_monitor::eth_client[0m[2m:[0m ✅ Transaction 0x90dd100fee24854437bdfefc33f62f6ca373cef4f3232fb586a56d8010554bc1 fetched and parsed in 76.903042ms
[2m2025-12-10T10:09:51.586745Z[0m [34mDEBUG[0m [2methereum_transaction_pool_monitor::mempool_monitor[0m[2m:[0m 🔍 Skipping tx 0x90dd100fee24854437bdfefc33f62f6ca373cef4f3232fb586a56d8010554bc1 - not a DEX interaction (target: 0x15F46551F5D736C9b8861C1D1358e29183F7A6C7)
[2m2025-12-10T10:09:51.586756Z[0m [34mDEBUG[0m [2methereum_transaction_pool_monitor::mempool_monitor[0m[2m:[0m 📨 Processing new pending transaction: 0xa2cf1189cc6207bda47d6cbb344d6ff7eede7b889fc72e7224653cccf88073c9
[2m2025-12-10T10:09:51.586764Z[0m [34mDEBUG[0m [2methereum_transaction_pool_monitor::mempool_monitor[0m[2m:[0m 🔍 Fetching transaction details for: 0xa2cf1189cc6207bda47d6cbb344d6ff7eede7b889fc72e7224653cccf88073c9
[2m2025-12-10T10:09:51.586770Z[0m [34mDEBUG[0m [2methereum_transaction_pool_monitor::eth_client[0m[2m:[0m 🔍 Fetching transaction details for hash: 0xa2cf1189cc6207bda47d6cbb344d6ff7eede7b889fc72e7224653cccf88073c9
[2m2025-12-10T10:09:51.586788Z[0m [34mDEBUG[0m [2mhyper::client::pool[0m[2m:[0m reuse idle connection for ("http", 192.168.0.14:8545)
[2m2025-12-10T10:09:51.586827Z[0m [34mDEBUG[0m [2mhyper::proto::h1::io[0m[2m:[0m flushed 250 bytes
[2m2025-12-10T10:09:51.586850Z[0m [34mDEBUG[0m [2methereum_transaction_pool_monitor::eth_client[0m[2m:[0m 📨 Received WebSocket message: {"jsonrpc":"2.0","method":"eth_subscription","params":{"subscription":"0xbed0a0851463e895960a451075a301a9","result":"0x194391c1c9e217a5df05ce8a61a342a18d12d003d9fff5cf357db3ef6945ae05"}}
[2m2025-12-10T10:09:51.586863Z[0m [34mDEBUG[0m [2methereum_transaction_pool_monitor::eth_client[0m[2m:[0m 📨 Received pending transaction: 0x194391c1c9e217a5df05ce8a61a342a18d12d003d9fff5cf357db3ef6945ae05
[2m2025-12-10T10:09:51.586869Z[0m [34mDEBUG[0m [2methereum_transaction_pool_monitor::eth_client[0m[2m:[0m 📨 Received WebSocket message: {"jsonrpc":"2.0","method":"eth_subscription","params":{"subscription":"0xbed0a0851463e895960a451075a301a9","result":"0xaaf591463b8dc88c092d75062ab49dd2df90ad8f8cf3419b5f9234e0f5f73810"}}
[2m2025-12-10T10:09:51.586878Z[0m [34mDEBUG[0m [2methereum_transaction_pool_monitor::eth_client[0m[2m:[0m 📨 Received pending transaction: 0xaaf591463b8dc88c092d75062ab49dd2df90ad8f8cf3419b5f9234e0f5f73810
[2m2025-12-10T10:09:51.586903Z[0m [34mDEBUG[0m [2mhyper::proto::h1::io[0m[2m:[0m parsed 4 headers
[2m2025-12-10T10:09:51.586910Z[0m [34mDEBUG[0m [2mhyper::proto::h1::conn[0m[2m:[0m incoming body is content-length (45 bytes)
[2m2025-12-10T10:09:51.586919Z[0m [34mDEBUG[0m [2mhyper::proto::h1::conn[0m[2m:[0m incoming body completed
[2m2025-12-10T10:09:51.586928Z[0m [34mDEBUG[0m [2mhyper::client::pool[0m[2m:[0m pooling idle connection for ("http", 192.168.0.14:8545)
[2m2025-12-10T10:09:51.594186Z[0m [34mDEBUG[0m [2mhyper::proto::h1::io[0m[2m:[0m parsed 4 headers
[2m2025-12-10T10:09:51.594233Z[0m [34mDEBUG[0m [2mhyper::proto::h1::conn[0m[2m:[0m incoming body is content-length (778 bytes)
[2m2025-12-10T10:09:51.594260Z[0m [34mDEBUG[0m [2mhyper::proto::h1::conn[0m[2m:[0m incoming body completed
[2m2025-12-10T10:09:51.594274Z[0m [34mDEBUG[0m [2mhyper::client::pool[0m[2m:[0m pooling idle connection for ("http", 192.168.0.14:8545)
[2m2025-12-10T10:09:51.594283Z[0m [34mDEBUG[0m [2methereum_transaction_pool_monitor::eth_client[0m[2m:[0m 📡 Transaction fetch RPC completed in 7.5085ms
[2m2025-12-10T10:09:51.594302Z[0m [34mDEBUG[0m [2methereum_transaction_pool_monitor::eth_client[0m[2m:[0m DeFi transaction detected - Address: 0xdac17f958d2ee523a2206206994597c13d831ec7, Type: Stablecoin, Value: 0 ETH, Gas: 102.00 Gwei
[2m2025-12-10T10:09:51.594317Z[0m [34mDEBUG[0m [2methereum_transaction_pool_monitor::eth_client[0m[2m:[0m ✅ Transaction 0xa2cf1189cc6207bda47d6cbb344d6ff7eede7b889fc72e7224653cccf88073c9 fetched and parsed in 7.542375ms
[2m2025-12-10T10:09:51.594323Z[0m [34mDEBUG[0m [2methereum_transaction_pool_monitor::mempool_monitor[0m[2m:[0m 🔍 Skipping tx 0xa2cf1189cc6207bda47d6cbb344d6ff7eede7b889fc72e7224653cccf88073c9 - not a DEX interaction (target: 0xdAC17F958D2ee523a2206206994597C13D831ec7)
[2m2025-12-10T10:09:51.594331Z[0m [34mDEBUG[0m [2methereum_transaction_pool_monitor::mempool_monitor[0m[2m:[0m 📨 Processing new pending transaction: 0x24573cc9ded8107ef3e17deeefb2025e40c1c4c74a34b2b49c92a776780e63cf
[2m2025-12-10T10:09:51.594335Z[0m [34mDEBUG[0m [2methereum_transaction_pool_monitor::mempool_monitor[0m[2m:[0m 🔍 Fetching transaction details for: 0x24573cc9ded8107ef3e17deeefb2025e40c1c4c74a34b2b49c92a776780e63cf
[2m2025-12-10T10:09:51.594339Z[0m [34mDEBUG[0m [2methereum_transaction_pool_monitor::eth_client[0m[2m:[0m 🔍 Fetching transaction details for hash: 0x24573cc9ded8107ef3e17deeefb2025e40c1c4c74a34b2b49c92a776780e63cf
[2m2025-12-10T10:09:51.594352Z[0m [34mDEBUG[0m [2mhyper::client::pool[0m[2m:[0m reuse idle connection for ("http", 192.168.0.14:8545)
[2m2025-12-10T10:09:51.594380Z[0m [34mDEBUG[0m [2mhyper::proto::h1::io[0m[2m:[0m flushed 250 bytes
[2m2025-12-10T10:09:51.596764Z[0m [34mDEBUG[0m [2mhyper::client::pool[0m[2m:[0m reuse idle connection for ("http", 192.168.0.14:8545)
[2m2025-12-10T10:09:51.596831Z[0m [34mDEBUG[0m [2mhyper::proto::h1::io[0m[2m:[0m flushed 172 bytes
[2m2025-12-10T10:09:51.596830Z[0m [34mDEBUG[0m [2methereum_transaction_pool_monitor::eth_client[0m[2m:[0m 📨 Received WebSocket message: {"jsonrpc":"2.0","method":"eth_subscription","params":{"subscription":"0xbed0a0851463e895960a451075a301a9","result":"0x99f6ddc4090f203c887ded93bf57ff4c208080e83529ea4d6b54d5dea4d7566e"}}
[2m2025-12-10T10:09:51.596917Z[0m [34mDEBUG[0m [2methereum_transaction_pool_monitor::eth_client[0m[2m:[0m 📨 Received pending transaction: 0x99f6ddc4090f203c887ded93bf57ff4c208080e83529ea4d6b54d5dea4d7566e
[2m2025-12-10T10:09:51.596926Z[0m [34mDEBUG[0m [2methereum_transaction_pool_monitor::eth_client[0m[2m:[0m 📨 Received WebSocket message: {"jsonrpc":"2.0","method":"eth_subscription","params":{"subscription":"0xbed0a0851463e895960a451075a301a9","result":"0x54c00b92fb7ef7cf7aee708a31fe51f0828c4bd80c70bd9b268c4457fc0b7e7a"}}
[2m2025-12-10T10:09:51.596934Z[0m [34mDEBUG[0m [2methereum_transaction_pool_monitor::eth_client[0m[2m:[0m 📨 Received pending transaction: 0x54c00b92fb7ef7cf7aee708a31fe51f0828c4bd80c70bd9b268c4457fc0b7e7a
[2m2025-12-10T10:09:51.596941Z[0m [34mDEBUG[0m [2methereum_transaction_pool_monitor::eth_client[0m[2m:[0m 📨 Received WebSocket message: {"jsonrpc":"2.0","method":"eth_subscription","params":{"subscription":"0xbed0a0851463e895960a451075a301a9","result":"0x675e44def7ca2795ca549d131e1fd29196357b1e617e3771b668a15a5db69452"}}
[2m2025-12-10T10:09:51.596948Z[0m [34mDEBUG[0m [2methereum_transaction_pool_monitor::eth_client[0m[2m:[0m 📨 Received pending transaction: 0x675e44def7ca2795ca549d131e1fd29196357b1e617e3771b668a15a5db69452
[2m2025-12-10T10:09:51.596962Z[0m [34mDEBUG[0m [2methereum_transaction_pool_monitor::eth_client[0m[2m:[0m 📨 Received WebSocket message: {"jsonrpc":"2.0","method":"eth_subscription","params":{"subscription":"0xbed0a0851463e895960a451075a301a9","result":"0x2f426cb1d459465fbb8baada598c31dd54b916a1424e0a9929c425649c103152"}}
[2m2025-12-10T10:09:51.596970Z[0m [34mDEBUG[0m [2methereum_transaction_pool_monitor::eth_client[0m[2m:[0m 📨 Received pending transaction: 0x2f426cb1d459465fbb8baada598c31dd54b916a1424e0a9929c425649c103152
[2m2025-12-10T10:09:51.596986Z[0m [34mDEBUG[0m [2methereum_transaction_pool_monitor::eth_client[0m[2m:[0m 📨 Received WebSocket message: {"jsonrpc":"2.0","method":"eth_subscription","params":{"subscription":"0xbed0a0851463e895960a451075a301a9","result":"0x7f0b9b504b0cb251b7f8233c79acfa3d16e0f6bec25b61abd8e304c422134fc7"}}
[2m2025-12-10T10:09:51.596994Z[0m [34mDEBUG[0m [2methereum_transaction_pool_monitor::eth_client[0m[2m:[0m 📨 Received pending transaction: 0x7f0b9b504b0cb251b7f8233c79acfa3d16e0f6bec25b61abd8e304c422134fc7
[2m2025-12-10T10:09:51.601509Z[0m [34mDEBUG[0m [2mhyper::proto::h1::io[0m[2m:[0m parsed 4 headers
[2m2025-12-10T10:09:51.601523Z[0m [34mDEBUG[0m [2mhyper::proto::h1::conn[0m[2m:[0m incoming body is content-length (552 bytes)
[2m2025-12-10T10:09:51.601530Z[0m [34mDEBUG[0m [2mhyper::proto::h1::conn[0m[2m:[0m incoming body completed
[2m2025-12-10T10:09:51.601537Z[0m [34mDEBUG[0m [2mhyper::client::pool[0m[2m:[0m pooling idle connection for ("http", 192.168.0.14:8545)
[2m2025-12-10T10:09:51.601543Z[0m [34mDEBUG[0m [2methereum_transaction_pool_monitor::eth_client[0m[2m:[0m 📡 Transaction fetch RPC completed in 7.200375ms
[2m2025-12-10T10:09:51.671068Z[0m [34mDEBUG[0m [2methereum_transaction_pool_monitor::eth_client[0m[2m:[0m ✅ Transaction 0x24573cc9ded8107ef3e17deeefb2025e40c1c4c74a34b2b49c92a776780e63cf fetched and parsed in 76.722583ms
[2m2025-12-10T10:09:51.671096Z[0m [34mDEBUG[0m [2methereum_transaction_pool_monitor::mempool_monitor[0m[2m:[0m 🔍 Skipping tx 0x24573cc9ded8107ef3e17deeefb2025e40c1c4c74a34b2b49c92a776780e63cf - not a DEX interaction (target: 0x1079f84b459Dc740a2336De2922435ca088F7e7C)
[2m2025-12-10T10:09:51.671106Z[0m [34mDEBUG[0m [2methereum_transaction_pool_monitor::mempool_monitor[0m[2m:[0m 📨 Processing new pending transaction: 0x07fbfda8b623cd8a0b0bb393950d6e569c48d3863b340c176b578c68268609a3
[2m2025-12-10T10:09:51.671112Z[0m [34mDEBUG[0m [2methereum_transaction_pool_monitor::mempool_monitor[0m[2m:[0m 🔍 Fetching transaction details for: 0x07fbfda8b623cd8a0b0bb393950d6e569c48d3863b340c176b578c68268609a3
[2m2025-12-10T10:09:51.671116Z[0m [34mDEBUG[0m [2methereum_transaction_pool_monitor::eth_client[0m[2m:[0m 🔍 Fetching transaction details for hash: 0x07fbfda8b623cd8a0b0bb393950d6e569c48d3863b340c176b578c68268609a3
[2m2025-12-10T10:09:51.671133Z[0m [34mDEBUG[0m [2mhyper::client::pool[0m[2m:[0m reuse idle connection for ("http", 192.168.0.14:8545)
[2m2025-12-10T10:09:51.671188Z[0m [34mDEBUG[0m [2mhyper::proto::h1::io[0m[2m:[0m flushed 250 bytes
[2m2025-12-10T10:09:51.671204Z[0m [34mDEBUG[0m [2mhyper::proto::h1::io[0m[2m:[0m parsed 4 headers
[2m2025-12-10T10:09:51.671212Z[0m [34mDEBUG[0m [2mhyper::proto::h1::conn[0m[2m:[0m incoming body is content-length (45 bytes)
[2m2025-12-10T10:09:51.671218Z[0m [34mDEBUG[0m [2mhyper::proto::h1::conn[0m[2m:[0m incoming body completed
[2m2025-12-10T10:09:51.671226Z[0m [34mDEBUG[0m [2mhyper::client::pool[0m[2m:[0m pooling idle connection for ("http", 192.168.0.14:8545)
[2m2025-12-10T10:09:51.675105Z[0m [34mDEBUG[0m [2mhyper::proto::h1::io[0m[2m:[0m parsed 4 headers
[2m2025-12-10T10:09:51.675121Z[0m [34mDEBUG[0m [2mhyper::proto::h1::conn[0m[2m:[0m incoming body is content-length (1731 bytes)
[2m2025-12-10T10:09:51.675135Z[0m [34mDEBUG[0m [2methereum_transaction_pool_monitor::eth_client[0m[2m:[0m 📡 Transaction fetch RPC completed in 4.01475ms
[2m2025-12-10T10:09:51.675797Z[0m [34mDEBUG[0m [2mhyper::proto::h1::conn[0m[2m:[0m incoming body completed
[2m2025-12-10T10:09:51.675808Z[0m [34mDEBUG[0m [2mhyper::client::pool[0m[2m:[0m pooling idle connection for ("http", 192.168.0.14:8545)
[2m2025-12-10T10:09:51.698844Z[0m [34mDEBUG[0m [2mhyper::client::pool[0m[2m:[0m reuse idle connection for ("http", 192.168.0.14:8545)
[2m2025-12-10T10:09:51.698899Z[0m [34mDEBUG[0m [2mhyper::proto::h1::io[0m[2m:[0m flushed 172 bytes
[2m2025-12-10T10:09:51.704361Z[0m [34mDEBUG[0m [2mhyper::proto::h1::io[0m[2m:[0m parsed 4 headers
[2m2025-12-10T10:09:51.704384Z[0m [34mDEBUG[0m [2mhyper::proto::h1::conn[0m[2m:[0m incoming body is content-length (45 bytes)
[2m2025-12-10T10:09:51.704393Z[0m [34mDEBUG[0m [2mhyper::proto::h1::conn[0m[2m:[0m incoming body completed
[2m2025-12-10T10:09:51.704404Z[0m [34mDEBUG[0m [2mhyper::client::pool[0m[2m:[0m pooling idle connection for ("http", 192.168.0.14:8545)
[2m2025-12-10T10:09:51.746193Z[0m [34mDEBUG[0m [2methereum_transaction_pool_monitor::eth_client[0m[2m:[0m ✅ Transaction 0x07fbfda8b623cd8a0b0bb393950d6e569c48d3863b340c176b578c68268609a3 fetched and parsed in 75.07075ms
[2m2025-12-10T10:09:51.746220Z[0m [34mDEBUG[0m [2methereum_transaction_pool_monitor::mempool_monitor[0m[2m:[0m 🔍 Skipping tx 0x07fbfda8b623cd8a0b0bb393950d6e569c48d3863b340c176b578c68268609a3 - not a DEX interaction (target: 0x601a2aD6CB5949f0529735254189Ba3194221EDF)
[2m2025-12-10T10:09:51.746229Z[0m [34mDEBUG[0m [2methereum_transaction_pool_monitor::mempool_monitor[0m[2m:[0m 📨 Processing new pending transaction: 0xe4fb3e85f2b61d632d999461daeb943d176dc9659885689bbdca9d26eba5b0e5
[2m2025-12-10T10:09:51.746234Z[0m [34mDEBUG[0m [2methereum_transaction_pool_monitor::mempool_monitor[0m[2m:[0m 🔍 Fetching transaction details for: 0xe4fb3e85f2b61d632d999461daeb943d176dc9659885689bbdca9d26eba5b0e5
[2m2025-12-10T10:09:51.746238Z[0m [34mDEBUG[0m [2methereum_transaction_pool_monitor::eth_client[0m[2m:[0m 🔍 Fetching transaction details for hash: 0xe4fb3e85f2b61d632d999461daeb943d176dc9659885689bbdca9d26eba5b0e5
[2m2025-12-10T10:09:51.746255Z[0m [34mDEBUG[0m [2mhyper::client::pool[0m[2m:[0m reuse idle connection for ("http", 192.168.0.14:8545)
[2m2025-12-10T10:09:51.746305Z[0m [34mDEBUG[0m [2mhyper::proto::h1::io[0m[2m:[0m flushed 250 bytes
[2m2025-12-10T10:09:51.753508Z[0m [34mDEBUG[0m [2mhyper::proto::h1::io[0m[2m:[0m parsed 4 headers
[2m2025-12-10T10:09:51.753529Z[0m [34mDEBUG[0m [2mhyper::proto::h1::conn[0m[2m:[0m incoming body is content-length (644 bytes)
[2m2025-12-10T10:09:51.753536Z[0m [34mDEBUG[0m [2mhyper::proto::h1::conn[0m[2m:[0m incoming body completed
[2m2025-12-10T10:09:51.753546Z[0m [34mDEBUG[0m [2mhyper::client::pool[0m[2m:[0m pooling idle connection for ("http", 192.168.0.14:8545)
[2m2025-12-10T10:09:51.753554Z[0m [34mDEBUG[0m [2methereum_transaction_pool_monitor::eth_client[0m[2m:[0m 📡 Transaction fetch RPC completed in 7.311084ms
[2m2025-12-10T10:09:51.823448Z[0m [34mDEBUG[0m [2methereum_transaction_pool_monitor::eth_client[0m[2m:[0m ✅ Transaction 0xe4fb3e85f2b61d632d999461daeb943d176dc9659885689bbdca9d26eba5b0e5 fetched and parsed in 77.203167ms
[2m2025-12-10T10:09:51.823642Z[0m [34mDEBUG[0m [2methereum_transaction_pool_monitor::mempool_monitor[0m[2m:[0m 🔍 Skipping tx 0xe4fb3e85f2b61d632d999461daeb943d176dc9659885689bbdca9d26eba5b0e5 - not a DEX interaction (target: 0x17E5545B11b468072283Cee1F066a059Fb0dbF24)
[2m2025-12-10T10:09:51.823651Z[0m [34mDEBUG[0m [2methereum_transaction_pool_monitor::mempool_monitor[0m[2m:[0m 📨 Processing new pending transaction: 0x85a0703e6462ddc5a37926e6949bc1c5b27c7a23c9b8e7352c41f7b327c6c8ed
[2m2025-12-10T10:09:51.823656Z[0m [34mDEBUG[0m [2methereum_transaction_pool_monitor::mempool_monitor[0m[2m:[0m 🔍 Fetching transaction details for: 0x85a0703e6462ddc5a37926e6949bc1c5b27c7a23c9b8e7352c41f7b327c6c8ed
[2m2025-12-10T10:09:51.823660Z[0m [34mDEBUG[0m [2methereum_transaction_pool_monitor::eth_client[0m[2m:[0m 🔍 Fetching transaction details for hash: 0x85a0703e6462ddc5a37926e6949bc1c5b27c7a23c9b8e7352c41f7b327c6c8ed
[2m2025-12-10T10:09:51.823678Z[0m [34mDEBUG[0m [2mhyper::client::pool[0m[2m:[0m reuse idle connection for ("http", 192.168.0.14:8545)
[2m2025-12-10T10:09:51.823723Z[0m [34mDEBUG[0m [2mhyper::proto::h1::io[0m[2m:[0m flushed 250 bytes
[2m2025-12-10T10:09:51.823739Z[0m [34mDEBUG[0m [2mhyper::client::pool[0m[2m:[0m reuse idle connection for ("http", 192.168.0.14:8545)
[2m2025-12-10T10:09:51.823752Z[0m [34mDEBUG[0m [2mhyper::proto::h1::io[0m[2m:[0m flushed 172 bytes
[2m2025-12-10T10:09:51.823752Z[0m [34mDEBUG[0m [2methereum_transaction_pool_monitor::eth_client[0m[2m:[0m 📨 Received WebSocket message: {"jsonrpc":"2.0","method":"eth_subscription","params":{"subscription":"0xbed0a0851463e895960a451075a301a9","result":"0x74ff36d85147425769c4c0a5ad4b7f01dbec26ee48867c20868e5becbcbcca4f"}}
[2m2025-12-10T10:09:51.823771Z[0m [34mDEBUG[0m [2methereum_transaction_pool_monitor::eth_client[0m[2m:[0m 📨 Received pending transaction: 0x74ff36d85147425769c4c0a5ad4b7f01dbec26ee48867c20868e5becbcbcca4f
[2m2025-12-10T10:09:51.827411Z[0m [34mDEBUG[0m [2mhyper::proto::h1::io[0m[2m:[0m parsed 4 headers
[2m2025-12-10T10:09:51.827419Z[0m [34mDEBUG[0m [2mhyper::proto::h1::conn[0m[2m:[0m incoming body is content-length (552 bytes)
[2m2025-12-10T10:09:51.827427Z[0m [34mDEBUG[0m [2mhyper::proto::h1::conn[0m[2m:[0m incoming body completed
[2m2025-12-10T10:09:51.827434Z[0m [34mDEBUG[0m [2mhyper::client::pool[0m[2m:[0m pooling idle connection for ("http", 192.168.0.14:8545)
[2m2025-12-10T10:09:51.827441Z[0m [34mDEBUG[0m [2methereum_transaction_pool_monitor::eth_client[0m[2m:[0m 📡 Transaction fetch RPC completed in 3.776667ms
[2m2025-12-10T10:09:51.897514Z[0m [34mDEBUG[0m [2methereum_transaction_pool_monitor::eth_client[0m[2m:[0m ✅ Transaction 0x85a0703e6462ddc5a37926e6949bc1c5b27c7a23c9b8e7352c41f7b327c6c8ed fetched and parsed in 73.847792ms
[2m2025-12-10T10:09:51.897538Z[0m [34mDEBUG[0m [2methereum_transaction_pool_monitor::mempool_monitor[0m[2m:[0m 🔍 Skipping tx 0x85a0703e6462ddc5a37926e6949bc1c5b27c7a23c9b8e7352c41f7b327c6c8ed - not a DEX interaction (target: 0x9a4D4059A424B4A31aD6622DDF3c4D1d66060CB6)
[2m2025-12-10T10:09:51.897547Z[0m [34mDEBUG[0m [2methereum_transaction_pool_monitor::mempool_monitor[0m[2m:[0m 📨 Processing new pending transaction: 0x91a1f684fd1fb03cbb5a68bb63d23f88a06c29fbf00e82d62a8ecc6d29b13d79
[2m2025-12-10T10:09:51.897552Z[0m [34mDEBUG[0m [2methereum_transaction_pool_monitor::mempool_monitor[0m[2m:[0m 🔍 Fetching transaction details for: 0x91a1f684fd1fb03cbb5a68bb63d23f88a06c29fbf00e82d62a8ecc6d29b13d79
[2m2025-12-10T10:09:51.897557Z[0m [34mDEBUG[0m [2methereum_transaction_pool_monitor::eth_client[0m[2m:[0m 🔍 Fetching transaction details for hash: 0x91a1f684fd1fb03cbb5a68bb63d23f88a06c29fbf00e82d62a8ecc6d29b13d79
[2m2025-12-10T10:09:51.897575Z[0m [34mDEBUG[0m [2mhyper::client::pool[0m[2m:[0m reuse idle connection for ("http", 192.168.0.14:8545)
[2m2025-12-10T10:09:51.897623Z[0m [34mDEBUG[0m [2mhyper::proto::h1::io[0m[2m:[0m flushed 250 bytes
[2m2025-12-10T10:09:51.897639Z[0m [34mDEBUG[0m [2mhyper::proto::h1::io[0m[2m:[0m parsed 4 headers
[2m2025-12-10T10:09:51.897643Z[0m [34mDEBUG[0m [2mhyper::proto::h1::conn[0m[2m:[0m incoming body is content-length (45 bytes)
[2m2025-12-10T10:09:51.897650Z[0m [34mDEBUG[0m [2mhyper::proto::h1::conn[0m[2m:[0m incoming body completed
[2m2025-12-10T10:09:51.897657Z[0m [34mDEBUG[0m [2mhyper::client::pool[0m[2m:[0m pooling idle connection for ("http", 192.168.0.14:8545)
[2m2025-12-10T10:09:51.897671Z[0m [34mDEBUG[0m [2mhyper::client::pool[0m[2m:[0m reuse idle connection for ("http", 192.168.0.14:8545)
[2m2025-12-10T10:09:51.897687Z[0m [34mDEBUG[0m [2mhyper::proto::h1::io[0m[2m:[0m flushed 172 bytes
[2m2025-12-10T10:09:51.903056Z[0m [34mDEBUG[0m [2mhyper::proto::h1::io[0m[2m:[0m parsed 4 headers
[2m2025-12-10T10:09:51.903079Z[0m [34mDEBUG[0m [2mhyper::proto::h1::conn[0m[2m:[0m incoming body is content-length (744 bytes)
[2m2025-12-10T10:09:51.903087Z[0m [34mDEBUG[0m [2mhyper::proto::h1::conn[0m[2m:[0m incoming body completed
[2m2025-12-10T10:09:51.903098Z[0m [34mDEBUG[0m [2mhyper::client::pool[0m[2m:[0m pooling idle connection for ("http", 192.168.0.14:8545)
[2m2025-12-10T10:09:51.903106Z[0m [34mDEBUG[0m [2methereum_transaction_pool_monitor::eth_client[0m[2m:[0m 📡 Transaction fetch RPC completed in 5.544333ms
[2m2025-12-10T10:09:51.974140Z[0m [34mDEBUG[0m [2methereum_transaction_pool_monitor::eth_client[0m[2m:[0m ✅ Transaction 0x91a1f684fd1fb03cbb5a68bb63d23f88a06c29fbf00e82d62a8ecc6d29b13d79 fetched and parsed in 76.575917ms
[2m2025-12-10T10:09:51.974163Z[0m [34mDEBUG[0m [2methereum_transaction_pool_monitor::mempool_monitor[0m[2m:[0m 🔍 Skipping tx 0x91a1f684fd1fb03cbb5a68bb63d23f88a06c29fbf00e82d62a8ecc6d29b13d79 - not a DEX interaction (target: 0xB685760EBD368a891F27ae547391F4E2A289895b)
[2m2025-12-10T10:09:51.974173Z[0m [34mDEBUG[0m [2methereum_transaction_pool_monitor::mempool_monitor[0m[2m:[0m 📨 Processing new pending transaction: 0x555b2887575a8e9a2b336dafc96498a7c72b4d44daaefde051c2090241793d47
[2m2025-12-10T10:09:51.974178Z[0m [34mDEBUG[0m [2methereum_transaction_pool_monitor::mempool_monitor[0m[2m:[0m 🔍 Fetching transaction details for: 0x555b2887575a8e9a2b336dafc96498a7c72b4d44daaefde051c2090241793d47
[2m2025-12-10T10:09:51.974182Z[0m [34mDEBUG[0m [2methereum_transaction_pool_monitor::eth_client[0m[2m:[0m 🔍 Fetching transaction details for hash: 0x555b2887575a8e9a2b336dafc96498a7c72b4d44daaefde051c2090241793d47
[2m2025-12-10T10:09:51.974199Z[0m [34mDEBUG[0m [2mhyper::client::pool[0m[2m:[0m reuse idle connection for ("http", 192.168.0.14:8545)
[2m2025-12-10T10:09:51.974250Z[0m [34mDEBUG[0m [2mhyper::proto::h1::io[0m[2m:[0m flushed 250 bytes
[2m2025-12-10T10:09:51.974275Z[0m [34mDEBUG[0m [2methereum_transaction_pool_monitor::eth_client[0m[2m:[0m 📨 Received WebSocket message: {"jsonrpc":"2.0","method":"eth_subscription","params":{"subscription":"0xbed0a0851463e895960a451075a301a9","result":"0xbd50ecad9602eb7044bee4805526bcf589d89d44921cdd21c668d0cb4b1373c6"}}
[2m2025-12-10T10:09:51.974283Z[0m [34mDEBUG[0m [2methereum_transaction_pool_monitor::eth_client[0m[2m:[0m 📨 Received pending transaction: 0xbd50ecad9602eb7044bee4805526bcf589d89d44921cdd21c668d0cb4b1373c6
[2m2025-12-10T10:09:51.974298Z[0m [34mDEBUG[0m [2mhyper::proto::h1::io[0m[2m:[0m parsed 4 headers
[2m2025-12-10T10:09:51.974302Z[0m [34mDEBUG[0m [2mhyper::proto::h1::conn[0m[2m:[0m incoming body is content-length (45 bytes)
[2m2025-12-10T10:09:51.974310Z[0m [34mDEBUG[0m [2mhyper::proto::h1::conn[0m[2m:[0m incoming body completed
[2m2025-12-10T10:09:51.974317Z[0m [34mDEBUG[0m [2mhyper::client::pool[0m[2m:[0m pooling idle connection for ("http", 192.168.0.14:8545)
[2m2025-12-10T10:09:51.983215Z[0m [34mDEBUG[0m [2mhyper::proto::h1::io[0m[2m:[0m parsed 4 headers
[2m2025-12-10T10:09:51.983234Z[0m [34mDEBUG[0m [2mhyper::proto::h1::conn[0m[2m:[0m incoming body is content-length (768 bytes)
[2m2025-12-10T10:09:51.983242Z[0m [34mDEBUG[0m [2mhyper::proto::h1::conn[0m[2m:[0m incoming body completed
[2m2025-12-10T10:09:51.983252Z[0m [34mDEBUG[0m [2mhyper::client::pool[0m[2m:[0m pooling idle connection for ("http", 192.168.0.14:8545)
[2m2025-12-10T10:09:51.983259Z[0m [34mDEBUG[0m [2methereum_transaction_pool_monitor::eth_client[0m[2m:[0m 📡 Transaction fetch RPC completed in 9.072709ms
[2m2025-12-10T10:09:52.053693Z[0m [34mDEBUG[0m [2methereum_transaction_pool_monitor::eth_client[0m[2m:[0m ✅ Transaction 0x555b2887575a8e9a2b336dafc96498a7c72b4d44daaefde051c2090241793d47 fetched and parsed in 79.505ms
[2m2025-12-10T10:09:52.053718Z[0m [34mDEBUG[0m [2methereum_transaction_pool_monitor::mempool_monitor[0m[2m:[0m 🔍 Skipping tx 0x555b2887575a8e9a2b336dafc96498a7c72b4d44daaefde051c2090241793d47 - not a DEX interaction (target: 0x7DD9c5Cba05E151C895FDe1CF355C9A1D5DA6429)
[2m2025-12-10T10:09:52.053730Z[0m [34mDEBUG[0m [2methereum_transaction_pool_monitor::mempool_monitor[0m[2m:[0m 📨 Processing new pending transaction: 0x099be7dd96489cf7ffaba7b35d46c84b67d872ebcbadce3166af7e8190ccfbd1
[2m2025-12-10T10:09:52.053736Z[0m [34mDEBUG[0m [2methereum_transaction_pool_monitor::mempool_monitor[0m[2m:[0m 🔍 Fetching transaction details for: 0x099be7dd96489cf7ffaba7b35d46c84b67d872ebcbadce3166af7e8190ccfbd1
[2m2025-12-10T10:09:52.053744Z[0m [34mDEBUG[0m [2methereum_transaction_pool_monitor::eth_client[0m[2m:[0m 🔍 Fetching transaction details for hash: 0x099be7dd96489cf7ffaba7b35d46c84b67d872ebcbadce3166af7e8190ccfbd1
[2m2025-12-10T10:09:52.053765Z[0m [34mDEBUG[0m [2mhyper::client::pool[0m[2m:[0m reuse idle connection for ("http", 192.168.0.14:8545)
[2m2025-12-10T10:09:52.053814Z[0m [34mDEBUG[0m [2mhyper::proto::h1::io[0m[2m:[0m flushed 250 bytes
[2m2025-12-10T10:09:52.053834Z[0m [34mDEBUG[0m [2mhyper::client::pool[0m[2m:[0m reuse idle connection for ("http", 192.168.0.14:8545)
[2m2025-12-10T10:09:52.053846Z[0m [34mDEBUG[0m [2mhyper::proto::h1::io[0m[2m:[0m flushed 172 bytes
[2m2025-12-10T10:09:52.053846Z[0m [34mDEBUG[0m [2methereum_transaction_pool_monitor::eth_client[0m[2m:[0m 📨 Received WebSocket message: {"jsonrpc":"2.0","method":"eth_subscription","params":{"subscription":"0xbed0a0851463e895960a451075a301a9","result":"0x9650150f9629cb10e46efe23e69fb6d0243504c34178792fc3ebe800cd15c81e"}}
[2m2025-12-10T10:09:52.053863Z[0m [34mDEBUG[0m [2methereum_transaction_pool_monitor::eth_client[0m[2m:[0m 📨 Received pending transaction: 0x9650150f9629cb10e46efe23e69fb6d0243504c34178792fc3ebe800cd15c81e
[2m2025-12-10T10:09:52.053869Z[0m [34mDEBUG[0m [2methereum_transaction_pool_monitor::eth_client[0m[2m:[0m 📨 Received WebSocket message: {"jsonrpc":"2.0","method":"eth_subscription","params":{"subscription":"0xbed0a0851463e895960a451075a301a9","result":"0x3a9c860ef134aa72e1c5a78f31545e4ea12d5fc0c80fb703f2994ea734df0563"}}
[2m2025-12-10T10:09:52.053875Z[0m [34mDEBUG[0m [2methereum_transaction_pool_monitor::eth_client[0m[2m:[0m 📨 Received pending transaction: 0x3a9c860ef134aa72e1c5a78f31545e4ea12d5fc0c80fb703f2994ea734df0563
[2m2025-12-10T10:09:52.057291Z[0m [34mDEBUG[0m [2mhyper::proto::h1::io[0m[2m:[0m parsed 4 headers
[2m2025-12-10T10:09:52.057300Z[0m [34mDEBUG[0m [2mhyper::proto::h1::conn[0m[2m:[0m incoming body is content-length (45 bytes)
[2m2025-12-10T10:09:52.057308Z[0m [34mDEBUG[0m [2mhyper::proto::h1::conn[0m[2m:[0m incoming body completed
[2m2025-12-10T10:09:52.057317Z[0m [34mDEBUG[0m [2mhyper::client::pool[0m[2m:[0m pooling idle connection for ("http", 192.168.0.14:8545)
[2m2025-12-10T10:09:52.063334Z[0m [34mDEBUG[0m [2mhyper::proto::h1::io[0m[2m:[0m parsed 4 headers
[2m2025-12-10T10:09:52.063350Z[0m [34mDEBUG[0m [2mhyper::proto::h1::conn[0m[2m:[0m incoming body is content-length (768 bytes)
[2m2025-12-10T10:09:52.063359Z[0m [34mDEBUG[0m [2mhyper::proto::h1::conn[0m[2m:[0m incoming body completed
[2m2025-12-10T10:09:52.063369Z[0m [34mDEBUG[0m [2mhyper::client::pool[0m[2m:[0m pooling idle connection for ("http", 192.168.0.14:8545)
[2m2025-12-10T10:09:52.063376Z[0m [34mDEBUG[0m [2methereum_transaction_pool_monitor::eth_client[0m[2m:[0m 📡 Transaction fetch RPC completed in 9.624833ms
[2m2025-12-10T10:09:52.135018Z[0m [34mDEBUG[0m [2methereum_transaction_pool_monitor::eth_client[0m[2m:[0m ✅ Transaction 0x099be7dd96489cf7ffaba7b35d46c84b67d872ebcbadce3166af7e8190ccfbd1 fetched and parsed in 81.263541ms
[2m2025-12-10T10:09:52.135050Z[0m [34mDEBUG[0m [2methereum_transaction_pool_monitor::mempool_monitor[0m[2m:[0m 🔍 Skipping tx 0x099be7dd96489cf7ffaba7b35d46c84b67d872ebcbadce3166af7e8190ccfbd1 - not a DEX interaction (target: 0xF944e35f95E819E752f3cCB5Faf40957d311e8c5)
[2m2025-12-10T10:09:52.135061Z[0m [34mDEBUG[0m [2methereum_transaction_pool_monitor::mempool_monitor[0m[2m:[0m 📨 Processing new pending transaction: 0x200f2ada22eb46e28ca698b42917d8ed033f0efb79b2b30046e0c7923a72a314
[2m2025-12-10T10:09:52.135068Z[0m [34mDEBUG[0m [2methereum_transaction_pool_monitor::mempool_monitor[0m[2m:[0m 🔍 Fetching transaction details for: 0x200f2ada22eb46e28ca698b42917d8ed033f0efb79b2b30046e0c7923a72a314
[2m2025-12-10T10:09:52.135075Z[0m [34mDEBUG[0m [2methereum_transaction_pool_monitor::eth_client[0m[2m:[0m 🔍 Fetching transaction details for hash: 0x200f2ada22eb46e28ca698b42917d8ed033f0efb79b2b30046e0c7923a72a314
[2m2025-12-10T10:09:52.135096Z[0m [34mDEBUG[0m [2mhyper::client::pool[0m[2m:[0m reuse idle connection for ("http", 192.168.0.14:8545)
[2m2025-12-10T10:09:52.135149Z[0m [34mDEBUG[0m [2mhyper::proto::h1::io[0m[2m:[0m flushed 250 bytes
[2m2025-12-10T10:09:52.135169Z[0m [34mDEBUG[0m [2mhyper::client::pool[0m[2m:[0m reuse idle connection for ("http", 192.168.0.14:8545)
[2m2025-12-10T10:09:52.135184Z[0m [34mDEBUG[0m [2mhyper::proto::h1::io[0m[2m:[0m flushed 172 bytes
[2m2025-12-10T10:09:52.135221Z[0m [34mDEBUG[0m [2methereum_transaction_pool_monitor::eth_client[0m[2m:[0m 📨 Received WebSocket message: {"jsonrpc":"2.0","method":"eth_subscription","params":{"subscription":"0xbed0a0851463e895960a451075a301a9","result":"0x014dae120bfa55a3a4c6703edb987ca40803b745c7765f2ee51929b0118b67e4"}}
[2m2025-12-10T10:09:52.135231Z[0m [34mDEBUG[0m [2methereum_transaction_pool_monitor::eth_client[0m[2m:[0m 📨 Received pending transaction: 0x014dae120bfa55a3a4c6703edb987ca40803b745c7765f2ee51929b0118b67e4
[2m2025-12-10T10:09:52.139387Z[0m [34mDEBUG[0m [2mhyper::proto::h1::io[0m[2m:[0m parsed 4 headers
[2m2025-12-10T10:09:52.139403Z[0m [34mDEBUG[0m [2mhyper::proto::h1::conn[0m[2m:[0m incoming body is content-length (768 bytes)
[2m2025-12-10T10:09:52.139410Z[0m [34mDEBUG[0m [2mhyper::proto::h1::conn[0m[2m:[0m incoming body completed
[2m2025-12-10T10:09:52.139420Z[0m [34mDEBUG[0m [2mhyper::client::pool[0m[2m:[0m pooling idle connection for ("http", 192.168.0.14:8545)
[2m2025-12-10T10:09:52.139427Z[0m [34mDEBUG[0m [2methereum_transaction_pool_monitor::eth_client[0m[2m:[0m 📡 Transaction fetch RPC completed in 4.346791ms
[2m2025-12-10T10:09:52.211239Z[0m [34mDEBUG[0m [2methereum_transaction_pool_monitor::eth_client[0m[2m:[0m ✅ Transaction 0x200f2ada22eb46e28ca698b42917d8ed033f0efb79b2b30046e0c7923a72a314 fetched and parsed in 76.156833ms
[2m2025-12-10T10:09:52.211267Z[0m [34mDEBUG[0m [2methereum_transaction_pool_monitor::mempool_monitor[0m[2m:[0m 🔍 Skipping tx 0x200f2ada22eb46e28ca698b42917d8ed033f0efb79b2b30046e0c7923a72a314 - not a DEX interaction (target: 0xA0b86991c6218b36c1d19D4a2e9Eb0cE3606eB48)
[2m2025-12-10T10:09:52.211277Z[0m [34mDEBUG[0m [2methereum_transaction_pool_monitor::mempool_monitor[0m[2m:[0m 📨 Processing new pending transaction: 0xacdbcac4abb53fae28f96e00e0f506cd3d0b9068d10c74fa48706200d1729603
[2m2025-12-10T10:09:52.211284Z[0m [34mDEBUG[0m [2methereum_transaction_pool_monitor::mempool_monitor[0m[2m:[0m 🔍 Fetching transaction details for: 0xacdbcac4abb53fae28f96e00e0f506cd3d0b9068d10c74fa48706200d1729603
[2m2025-12-10T10:09:52.211291Z[0m [34mDEBUG[0m [2methereum_transaction_pool_monitor::eth_client[0m[2m:[0m 🔍 Fetching transaction details for hash: 0xacdbcac4abb53fae28f96e00e0f506cd3d0b9068d10c74fa48706200d1729603
[2m2025-12-10T10:09:52.211310Z[0m [34mDEBUG[0m [2mhyper::client::pool[0m[2m:[0m reuse idle connection for ("http", 192.168.0.14:8545)
[2m2025-12-10T10:09:52.211352Z[0m [34mDEBUG[0m [2mhyper::proto::h1::io[0m[2m:[0m flushed 250 bytes
[2m2025-12-10T10:09:52.211370Z[0m [34mDEBUG[0m [2mhyper::proto::h1::io[0m[2m:[0m parsed 4 headers
[2m2025-12-10T10:09:52.211376Z[0m [34mDEBUG[0m [2mhyper::proto::h1::conn[0m[2m:[0m incoming body is content-length (45 bytes)
[2m2025-12-10T10:09:52.211385Z[0m [34mDEBUG[0m [2mhyper::proto::h1::conn[0m[2m:[0m incoming body completed
[2m2025-12-10T10:09:52.211394Z[0m [34mDEBUG[0m [2mhyper::client::pool[0m[2m:[0m pooling idle connection for ("http", 192.168.0.14:8545)
[2m2025-12-10T10:09:52.211413Z[0m [34mDEBUG[0m [2mhyper::client::pool[0m[2m:[0m reuse idle connection for ("http", 192.168.0.14:8545)
[2m2025-12-10T10:09:52.211427Z[0m [34mDEBUG[0m [2mhyper::proto::h1::io[0m[2m:[0m flushed 172 bytes
[2m2025-12-10T10:09:52.221209Z[0m [34mDEBUG[0m [2mhyper::proto::h1::io[0m[2m:[0m parsed 4 headers
[2m2025-12-10T10:09:52.221229Z[0m [34mDEBUG[0m [2mhyper::proto::h1::conn[0m[2m:[0m incoming body is content-length (766 bytes)
[2m2025-12-10T10:09:52.221238Z[0m [34mDEBUG[0m [2mhyper::proto::h1::conn[0m[2m:[0m incoming body completed
[2m2025-12-10T10:09:52.221247Z[0m [34mDEBUG[0m [2mhyper::client::pool[0m[2m:[0m pooling idle connection for ("http", 192.168.0.14:8545)
[2m2025-12-10T10:09:52.221254Z[0m [34mDEBUG[0m [2methereum_transaction_pool_monitor::eth_client[0m[2m:[0m 📡 Transaction fetch RPC completed in 9.958416ms
[2m2025-12-10T10:09:52.221269Z[0m [34mDEBUG[0m [2methereum_transaction_pool_monitor::eth_client[0m[2m:[0m DeFi transaction detected - Address: 0xdac17f958d2ee523a2206206994597c13d831ec7, Type: Stablecoin, Value: 0 ETH, Gas: 0.20 Gwei
[2m2025-12-10T10:09:52.221282Z[0m [34mDEBUG[0m [2methereum_transaction_pool_monitor::eth_client[0m[2m:[0m ✅ Transaction 0xacdbcac4abb53fae28f96e00e0f506cd3d0b9068d10c74fa48706200d1729603 fetched and parsed in 9.987083ms
[2m2025-12-10T10:09:52.221289Z[0m [34mDEBUG[0m [2methereum_transaction_pool_monitor::mempool_monitor[0m[2m:[0m 🔍 Skipping tx 0xacdbcac4abb53fae28f96e00e0f506cd3d0b9068d10c74fa48706200d1729603 - not a DEX interaction (target: 0xdAC17F958D2ee523a2206206994597C13D831ec7)
[2m2025-12-10T10:09:52.221297Z[0m [34mDEBUG[0m [2methereum_transaction_pool_monitor::mempool_monitor[0m[2m:[0m 📨 Processing new pending transaction: 0xb0ffa2b4f48127d80a7701505f5f1985596505b06b0537713166454fafe13c0f
[2m2025-12-10T10:09:52.221301Z[0m [34mDEBUG[0m [2methereum_transaction_pool_monitor::mempool_monitor[0m[2m:[0m 🔍 Fetching transaction details for: 0xb0ffa2b4f48127d80a7701505f5f1985596505b06b0537713166454fafe13c0f
[2m2025-12-10T10:09:52.221305Z[0m [34mDEBUG[0m [2methereum_transaction_pool_monitor::eth_client[0m[2m:[0m 🔍 Fetching transaction details for hash: 0xb0ffa2b4f48127d80a7701505f5f1985596505b06b0537713166454fafe13c0f
[2m2025-12-10T10:09:52.221318Z[0m [34mDEBUG[0m [2mhyper::client::pool[0m[2m:[0m reuse idle connection for ("http", 192.168.0.14:8545)
[2m2025-12-10T10:09:52.221342Z[0m [34mDEBUG[0m [2mhyper::proto::h1::io[0m[2m:[0m flushed 250 bytes
[2m2025-12-10T10:09:52.221756Z[0m [34mDEBUG[0m [2mhyper::proto::h1::io[0m[2m:[0m parsed 4 headers
[2m2025-12-10T10:09:52.221768Z[0m [34mDEBUG[0m [2mhyper::proto::h1::conn[0m[2m:[0m incoming body is content-length (45 bytes)
[2m2025-12-10T10:09:52.221774Z[0m [34mDEBUG[0m [2mhyper::proto::h1::conn[0m[2m:[0m incoming body completed
[2m2025-12-10T10:09:52.221780Z[0m [34mDEBUG[0m [2mhyper::client::pool[0m[2m:[0m pooling idle connection for ("http", 192.168.0.14:8545)
[2m2025-12-10T10:09:52.230267Z[0m [34mDEBUG[0m [2mhyper::proto::h1::io[0m[2m:[0m parsed 4 headers
[2m2025-12-10T10:09:52.230332Z[0m [34mDEBUG[0m [2mhyper::proto::h1::conn[0m[2m:[0m incoming body is content-length (766 bytes)
[2m2025-12-10T10:09:52.230339Z[0m [34mDEBUG[0m [2mhyper::proto::h1::conn[0m[2m:[0m incoming body completed
[2m2025-12-10T10:09:52.230349Z[0m [34mDEBUG[0m [2mhyper::client::pool[0m[2m:[0m pooling idle connection for ("http", 192.168.0.14:8545)
[2m2025-12-10T10:09:52.230359Z[0m [34mDEBUG[0m [2methereum_transaction_pool_monitor::eth_client[0m[2m:[0m 📡 Transaction fetch RPC completed in 9.049167ms
[2m2025-12-10T10:09:52.302274Z[0m [34mDEBUG[0m [2methereum_transaction_pool_monitor::eth_client[0m[2m:[0m ✅ Transaction 0xb0ffa2b4f48127d80a7701505f5f1985596505b06b0537713166454fafe13c0f fetched and parsed in 80.961334ms
[2m2025-12-10T10:09:52.302303Z[0m [34mDEBUG[0m [2methereum_transaction_pool_monitor::mempool_monitor[0m[2m:[0m 🔍 Skipping tx 0xb0ffa2b4f48127d80a7701505f5f1985596505b06b0537713166454fafe13c0f - not a DEX interaction (target: 0x68749665FF8D2d112Fa859AA293F07A622782F38)
[2m2025-12-10T10:09:52.302314Z[0m [34mDEBUG[0m [2methereum_transaction_pool_monitor::mempool_monitor[0m[2m:[0m 📨 Processing new pending transaction: 0x76c3ead84cda5e2458026d3fdb70552444a4cbcd439ce557f6c18e55320f326f
[2m2025-12-10T10:09:52.302320Z[0m [34mDEBUG[0m [2methereum_transaction_pool_monitor::mempool_monitor[0m[2m:[0m 🔍 Fetching transaction details for: 0x76c3ead84cda5e2458026d3fdb70552444a4cbcd439ce557f6c18e55320f326f
[2m2025-12-10T10:09:52.302325Z[0m [34mDEBUG[0m [2methereum_transaction_pool_monitor::eth_client[0m[2m:[0m 🔍 Fetching transaction details for hash: 0x76c3ead84cda5e2458026d3fdb70552444a4cbcd439ce557f6c18e55320f326f
[2m2025-12-10T10:09:52.302346Z[0m [34mDEBUG[0m [2mhyper::client::pool[0m[2m:[0m reuse idle connection for ("http", 192.168.0.14:8545)
[2m2025-12-10T10:09:52.302396Z[0m [34mDEBUG[0m [2mhyper::proto::h1::io[0m[2m:[0m flushed 250 bytes
[2m2025-12-10T10:09:52.302415Z[0m [34mDEBUG[0m [2mhyper::client::pool[0m[2m:[0m reuse idle connection for ("http", 192.168.0.14:8545)
[2m2025-12-10T10:09:52.302427Z[0m [34mDEBUG[0m [2methereum_transaction_pool_monitor::eth_client[0m[2m:[0m 📨 Received WebSocket message: {"jsonrpc":"2.0","method":"eth_subscription","params":{"subscription":"0xbed0a0851463e895960a451075a301a9","result":"0x4883dd19abb4f9fb0f11a813657ae42639486091ccbce9a814c22b4f8c45cf07"}}
[2m2025-12-10T10:09:52.302428Z[0m [34mDEBUG[0m [2mhyper::proto::h1::io[0m[2m:[0m flushed 172 bytes
[2m2025-12-10T10:09:52.302440Z[0m [34mDEBUG[0m [2methereum_transaction_pool_monitor::eth_client[0m[2m:[0m 📨 Received pending transaction: 0x4883dd19abb4f9fb0f11a813657ae42639486091ccbce9a814c22b4f8c45cf07
[2m2025-12-10T10:09:52.307141Z[0m [34mDEBUG[0m [2mhyper::proto::h1::io[0m[2m:[0m parsed 4 headers
[2m2025-12-10T10:09:52.307148Z[0m [34mDEBUG[0m [2mhyper::proto::h1::conn[0m[2m:[0m incoming body is content-length (45 bytes)
[2m2025-12-10T10:09:52.307156Z[0m [34mDEBUG[0m [2mhyper::proto::h1::conn[0m[2m:[0m incoming body completed
[2m2025-12-10T10:09:52.307165Z[0m [34mDEBUG[0m [2mhyper::client::pool[0m[2m:[0m pooling idle connection for ("http", 192.168.0.14:8545)
[2m2025-12-10T10:09:52.307964Z[0m [34mDEBUG[0m [2mhyper::proto::h1::io[0m[2m:[0m parsed 4 headers
[2m2025-12-10T10:09:52.307997Z[0m [34mDEBUG[0m [2mhyper::proto::h1::conn[0m[2m:[0m incoming body is content-length (766 bytes)
[2m2025-12-10T10:09:52.308002Z[0m [34mDEBUG[0m [2mhyper::proto::h1::conn[0m[2m:[0m incoming body completed
[2m2025-12-10T10:09:52.308023Z[0m [34mDEBUG[0m [2mhyper::client::pool[0m[2m:[0m pooling idle connection for ("http", 192.168.0.14:8545)
[2m2025-12-10T10:09:52.308028Z[0m [34mDEBUG[0m [2methereum_transaction_pool_monitor::eth_client[0m[2m:[0m 📡 Transaction fetch RPC completed in 5.697875ms
[2m2025-12-10T10:09:52.379962Z[0m [34mDEBUG[0m [2methereum_transaction_pool_monitor::eth_client[0m[2m:[0m ✅ Transaction 0x76c3ead84cda5e2458026d3fdb70552444a4cbcd439ce557f6c18e55320f326f fetched and parsed in 77.629625ms
[2m2025-12-10T10:09:52.379988Z[0m [34mDEBUG[0m [2methereum_transaction_pool_monitor::mempool_monitor[0m[2m:[0m 🔍 Skipping tx 0x76c3ead84cda5e2458026d3fdb70552444a4cbcd439ce557f6c18e55320f326f - not a DEX interaction (target: 0xA0b86991c6218b36c1d19D4a2e9Eb0cE3606eB48)
[2m2025-12-10T10:09:52.379999Z[0m [34mDEBUG[0m [2methereum_transaction_pool_monitor::mempool_monitor[0m[2m:[0m 📨 Processing new pending transaction: 0xaf99ec2184a189a21ac3c62f62d0a8632c2911fd4816ef86dc92d2b83c758a9a
[2m2025-12-10T10:09:52.380006Z[0m [34mDEBUG[0m [2methereum_transaction_pool_monitor::mempool_monitor[0m[2m:[0m 🔍 Fetching transaction details for: 0xaf99ec2184a189a21ac3c62f62d0a8632c2911fd4816ef86dc92d2b83c758a9a
[2m2025-12-10T10:09:52.380012Z[0m [34mDEBUG[0m [2methereum_transaction_pool_monitor::eth_client[0m[2m:[0m 🔍 Fetching transaction details for hash: 0xaf99ec2184a189a21ac3c62f62d0a8632c2911fd4816ef86dc92d2b83c758a9a
[2m2025-12-10T10:09:52.380031Z[0m [34mDEBUG[0m [2mhyper::client::pool[0m[2m:[0m reuse idle connection for ("http", 192.168.0.14:8545)
[2m2025-12-10T10:09:52.380075Z[0m [34mDEBUG[0m [2mhyper::proto::h1::io[0m[2m:[0m flushed 250 bytes
[2m2025-12-10T10:09:52.380109Z[0m [34mDEBUG[0m [2methereum_transaction_pool_monitor::eth_client[0m[2m:[0m 📨 Received WebSocket message: {"jsonrpc":"2.0","method":"eth_subscription","params":{"subscription":"0xbed0a0851463e895960a451075a301a9","result":"0x3c2c915b7edd5b6eb23577c573dad46a2dc349acade068a6c3f974ba73816a06"}}
[2m2025-12-10T10:09:52.380117Z[0m [34mDEBUG[0m [2methereum_transaction_pool_monitor::eth_client[0m[2m:[0m 📨 Received pending transaction: 0x3c2c915b7edd5b6eb23577c573dad46a2dc349acade068a6c3f974ba73816a06
[2m2025-12-10T10:09:52.383967Z[0m [34mDEBUG[0m [2mhyper::proto::h1::io[0m[2m:[0m parsed 4 headers
[2m2025-12-10T10:09:52.383974Z[0m [34mDEBUG[0m [2mhyper::proto::h1::conn[0m[2m:[0m incoming body is content-length (765 bytes)
[2m2025-12-10T10:09:52.383986Z[0m [34mDEBUG[0m [2mhyper::proto::h1::conn[0m[2m:[0m incoming body completed
[2m2025-12-10T10:09:52.384000Z[0m [34mDEBUG[0m [2mhyper::client::pool[0m[2m:[0m pooling idle connection for ("http", 192.168.0.14:8545)
[2m2025-12-10T10:09:52.384008Z[0m [34mDEBUG[0m [2methereum_transaction_pool_monitor::eth_client[0m[2m:[0m 📡 Transaction fetch RPC completed in 3.992ms
[2m2025-12-10T10:09:52.455809Z[0m [34mDEBUG[0m [2methereum_transaction_pool_monitor::eth_client[0m[2m:[0m ✅ Transaction 0xaf99ec2184a189a21ac3c62f62d0a8632c2911fd4816ef86dc92d2b83c758a9a fetched and parsed in 75.790458ms
[2m2025-12-10T10:09:52.455839Z[0m [34mDEBUG[0m [2methereum_transaction_pool_monitor::mempool_monitor[0m[2m:[0m 🔍 Skipping tx 0xaf99ec2184a189a21ac3c62f62d0a8632c2911fd4816ef86dc92d2b83c758a9a - not a DEX interaction (target: 0xA0b86991c6218b36c1d19D4a2e9Eb0cE3606eB48)
[2m2025-12-10T10:09:52.455850Z[0m [34mDEBUG[0m [2methereum_transaction_pool_monitor::mempool_monitor[0m[2m:[0m 📨 Processing new pending transaction: 0xf91fd204586799b04875276c22efcf26eb8513cb3596b7896050769afd6efb46
[2m2025-12-10T10:09:52.455857Z[0m [34mDEBUG[0m [2methereum_transaction_pool_monitor::mempool_monitor[0m[2m:[0m 🔍 Fetching transaction details for: 0xf91fd204586799b04875276c22efcf26eb8513cb3596b7896050769afd6efb46
[2m2025-12-10T10:09:52.455863Z[0m [34mDEBUG[0m [2methereum_transaction_pool_monitor::eth_client[0m[2m:[0m 🔍 Fetching transaction details for hash: 0xf91fd204586799b04875276c22efcf26eb8513cb3596b7896050769afd6efb46
[2m2025-12-10T10:09:52.455883Z[0m [34mDEBUG[0m [2mhyper::client::pool[0m[2m:[0m reuse idle connection for ("http", 192.168.0.14:8545)
[2m2025-12-10T10:09:52.455924Z[0m [34mDEBUG[0m [2mhyper::proto::h1::io[0m[2m:[0m flushed 250 bytes
[2m2025-12-10T10:09:52.455963Z[0m [34mDEBUG[0m [2mhyper::client::pool[0m[2m:[0m reuse idle connection for ("http", 192.168.0.14:8545)
[2m2025-12-10T10:09:52.455982Z[0m [34mDEBUG[0m [2mhyper::proto::h1::io[0m[2m:[0m flushed 172 bytes
[2m2025-12-10T10:09:52.462360Z[0m [34mDEBUG[0m [2mhyper::proto::h1::io[0m[2m:[0m parsed 4 headers
[2m2025-12-10T10:09:52.463512Z[0m [34mDEBUG[0m [2mhyper::proto::h1::conn[0m[2m:[0m incoming body is content-length (45 bytes)
[2m2025-12-10T10:09:52.463532Z[0m [34mDEBUG[0m [2mhyper::proto::h1::conn[0m[2m:[0m incoming body completed
[2m2025-12-10T10:09:52.463547Z[0m [34mDEBUG[0m [2mhyper::client::pool[0m[2m:[0m pooling idle connection for ("http", 192.168.0.14:8545)
[2m2025-12-10T10:09:52.463585Z[0m [34mDEBUG[0m [2mhyper::proto::h1::io[0m[2m:[0m parsed 4 headers
[2m2025-12-10T10:09:52.463592Z[0m [34mDEBUG[0m [2mhyper::proto::h1::conn[0m[2m:[0m incoming body is content-length (766 bytes)
[2m2025-12-10T10:09:52.463602Z[0m [34mDEBUG[0m [2mhyper::proto::h1::conn[0m[2m:[0m incoming body completed
[2m2025-12-10T10:09:52.463611Z[0m [34mDEBUG[0m [2mhyper::client::pool[0m[2m:[0m pooling idle connection for ("http", 192.168.0.14:8545)
[2m2025-12-10T10:09:52.463618Z[0m [34mDEBUG[0m [2methereum_transaction_pool_monitor::eth_client[0m[2m:[0m 📡 Transaction fetch RPC completed in 7.751375ms
[2m2025-12-10T10:09:52.534939Z[0m [34mDEBUG[0m [2methereum_transaction_pool_monitor::eth_client[0m[2m:[0m ✅ Transaction 0xf91fd204586799b04875276c22efcf26eb8513cb3596b7896050769afd6efb46 fetched and parsed in 79.069708ms
[2m2025-12-10T10:09:52.534965Z[0m [34mDEBUG[0m [2methereum_transaction_pool_monitor::mempool_monitor[0m[2m:[0m 🔍 Skipping tx 0xf91fd204586799b04875276c22efcf26eb8513cb3596b7896050769afd6efb46 - not a DEX interaction (target: 0xA0b86991c6218b36c1d19D4a2e9Eb0cE3606eB48)
[2m2025-12-10T10:09:52.534976Z[0m [34mDEBUG[0m [2methereum_transaction_pool_monitor::mempool_monitor[0m[2m:[0m 📨 Processing new pending transaction: 0x41005295fd7c424869d918d35cacef83fee4ec9e614d9e821b221fb417b5d793
[2m2025-12-10T10:09:52.534983Z[0m [34mDEBUG[0m [2methereum_transaction_pool_monitor::mempool_monitor[0m[2m:[0m 🔍 Fetching transaction details for: 0x41005295fd7c424869d918d35cacef83fee4ec9e614d9e821b221fb417b5d793
[2m2025-12-10T10:09:52.534989Z[0m [34mDEBUG[0m [2methereum_transaction_pool_monitor::eth_client[0m[2m:[0m 🔍 Fetching transaction details for hash: 0x41005295fd7c424869d918d35cacef83fee4ec9e614d9e821b221fb417b5d793
[2m2025-12-10T10:09:52.535009Z[0m [34mDEBUG[0m [2mhyper::client::pool[0m[2m:[0m reuse idle connection for ("http", 192.168.0.14:8545)
[2m2025-12-10T10:09:52.535045Z[0m [34mDEBUG[0m [2mhyper::proto::h1::io[0m[2m:[0m flushed 250 bytes
[2m2025-12-10T10:09:52.535073Z[0m [34mDEBUG[0m [2mhyper::client::pool[0m[2m:[0m reuse idle connection for ("http", 192.168.0.14:8545)
[2m2025-12-10T10:09:52.535089Z[0m [34mDEBUG[0m [2mhyper::proto::h1::io[0m[2m:[0m flushed 172 bytes
[2m2025-12-10T10:09:52.540238Z[0m [34mDEBUG[0m [2mhyper::proto::h1::io[0m[2m:[0m parsed 4 headers
[2m2025-12-10T10:09:52.540261Z[0m [34mDEBUG[0m [2mhyper::proto::h1::conn[0m[2m:[0m incoming body is content-length (766 bytes)
[2m2025-12-10T10:09:52.540286Z[0m [34mDEBUG[0m [2mhyper::proto::h1::conn[0m[2m:[0m incoming body completed
[2m2025-12-10T10:09:52.540296Z[0m [34mDEBUG[0m [2mhyper::client::pool[0m[2m:[0m pooling idle connection for ("http", 192.168.0.14:8545)
[2m2025-12-10T10:09:52.540314Z[0m [34mDEBUG[0m [2methereum_transaction_pool_monitor::eth_client[0m[2m:[0m 📡 Transaction fetch RPC completed in 5.320666ms
[2m2025-12-10T10:09:52.540330Z[0m [34mDEBUG[0m [2methereum_transaction_pool_monitor::eth_client[0m[2m:[0m DeFi transaction detected - Address: 0xdac17f958d2ee523a2206206994597c13d831ec7, Type: Stablecoin, Value: 0 ETH, Gas: 0.20 Gwei
[2m2025-12-10T10:09:52.540343Z[0m [34mDEBUG[0m [2methereum_transaction_pool_monitor::eth_client[0m[2m:[0m ✅ Transaction 0x41005295fd7c424869d918d35cacef83fee4ec9e614d9e821b221fb417b5d793 fetched and parsed in 5.349916ms
[2m2025-12-10T10:09:52.540348Z[0m [34mDEBUG[0m [2methereum_transaction_pool_monitor::mempool_monitor[0m[2m:[0m 🔍 Skipping tx 0x41005295fd7c424869d918d35cacef83fee4ec9e614d9e821b221fb417b5d793 - not a DEX interaction (target: 0xdAC17F958D2ee523a2206206994597C13D831ec7)
[2m2025-12-10T10:09:52.540354Z[0m [34mDEBUG[0m [2methereum_transaction_pool_monitor::mempool_monitor[0m[2m:[0m 📨 Processing new pending transaction: 0x6e78ab02b93cd4b98f6d506267c4d02fd8414ca531ced8e9ffa94a05cf4de1db
[2m2025-12-10T10:09:52.540358Z[0m [34mDEBUG[0m [2methereum_transaction_pool_monitor::mempool_monitor[0m[2m:[0m 🔍 Fetching transaction details for: 0x6e78ab02b93cd4b98f6d506267c4d02fd8414ca531ced8e9ffa94a05cf4de1db
[2m2025-12-10T10:09:52.540361Z[0m [34mDEBUG[0m [2methereum_transaction_pool_monitor::eth_client[0m[2m:[0m 🔍 Fetching transaction details for hash: 0x6e78ab02b93cd4b98f6d506267c4d02fd8414ca531ced8e9ffa94a05cf4de1db
[2m2025-12-10T10:09:52.540367Z[0m [34mDEBUG[0m [2mhyper::client::pool[0m[2m:[0m reuse idle connection for ("http", 192.168.0.14:8545)
[2m2025-12-10T10:09:52.540379Z[0m [34mDEBUG[0m [2mhyper::proto::h1::io[0m[2m:[0m flushed 250 bytes
[2m2025-12-10T10:09:52.540823Z[0m [34mDEBUG[0m [2mhyper::proto::h1::io[0m[2m:[0m parsed 4 headers
[2m2025-12-10T10:09:52.540831Z[0m [34mDEBUG[0m [2mhyper::proto::h1::conn[0m[2m:[0m incoming body is content-length (45 bytes)
[2m2025-12-10T10:09:52.540837Z[0m [34mDEBUG[0m [2mhyper::proto::h1::conn[0m[2m:[0m incoming body completed
[2m2025-12-10T10:09:52.540844Z[0m [34mDEBUG[0m [2mhyper::client::pool[0m[2m:[0m pooling idle connection for ("http", 192.168.0.14:8545)
[2m2025-12-10T10:09:52.549983Z[0m [34mDEBUG[0m [2mhyper::proto::h1::io[0m[2m:[0m parsed 4 headers
[2m2025-12-10T10:09:52.549990Z[0m [34mDEBUG[0m [2mhyper::proto::h1::conn[0m[2m:[0m incoming body is content-length (766 bytes)
[2m2025-12-10T10:09:52.549996Z[0m [34mDEBUG[0m [2mhyper::proto::h1::conn[0m[2m:[0m incoming body completed
[2m2025-12-10T10:09:52.550003Z[0m [34mDEBUG[0m [2mhyper::client::pool[0m[2m:[0m pooling idle connection for ("http", 192.168.0.14:8545)
[2m2025-12-10T10:09:52.550008Z[0m [34mDEBUG[0m [2methereum_transaction_pool_monitor::eth_client[0m[2m:[0m 📡 Transaction fetch RPC completed in 9.643417ms
[2m2025-12-10T10:09:52.619261Z[0m [34mDEBUG[0m [2methereum_transaction_pool_monitor::eth_client[0m[2m:[0m ✅ Transaction 0x6e78ab02b93cd4b98f6d506267c4d02fd8414ca531ced8e9ffa94a05cf4de1db fetched and parsed in 78.893834ms
[2m2025-12-10T10:09:52.619287Z[0m [34mDEBUG[0m [2methereum_transaction_pool_monitor::mempool_monitor[0m[2m:[0m 🔍 Skipping tx 0x6e78ab02b93cd4b98f6d506267c4d02fd8414ca531ced8e9ffa94a05cf4de1db - not a DEX interaction (target: 0xA0b86991c6218b36c1d19D4a2e9Eb0cE3606eB48)
[2m2025-12-10T10:09:52.619299Z[0m [34mDEBUG[0m [2methereum_transaction_pool_monitor::mempool_monitor[0m[2m:[0m 📨 Processing new pending transaction: 0x0e00508d2e5ca66c824ec3e8a8c3947739bc3290e48a2eabf369dadd4fe7e90c
[2m2025-12-10T10:09:52.619305Z[0m [34mDEBUG[0m [2methereum_transaction_pool_monitor::mempool_monitor[0m[2m:[0m 🔍 Fetching transaction details for: 0x0e00508d2e5ca66c824ec3e8a8c3947739bc3290e48a2eabf369dadd4fe7e90c
[2m2025-12-10T10:09:52.619310Z[0m [34mDEBUG[0m [2methereum_transaction_pool_monitor::eth_client[0m[2m:[0m 🔍 Fetching transaction details for hash: 0x0e00508d2e5ca66c824ec3e8a8c3947739bc3290e48a2eabf369dadd4fe7e90c
[2m2025-12-10T10:09:52.619330Z[0m [34mDEBUG[0m [2mhyper::client::pool[0m[2m:[0m reuse idle connection for ("http", 192.168.0.14:8545)
[2m2025-12-10T10:09:52.619371Z[0m [34mDEBUG[0m [2mhyper::proto::h1::io[0m[2m:[0m flushed 250 bytes
[2m2025-12-10T10:09:52.619391Z[0m [34mDEBUG[0m [2mhyper::client::pool[0m[2m:[0m reuse idle connection for ("http", 192.168.0.14:8545)
[2m2025-12-10T10:09:52.619405Z[0m [34mDEBUG[0m [2mhyper::proto::h1::io[0m[2m:[0m flushed 172 bytes
[2m2025-12-10T10:09:52.619406Z[0m [34mDEBUG[0m [2methereum_transaction_pool_monitor::eth_client[0m[2m:[0m 📨 Received WebSocket message: {"jsonrpc":"2.0","method":"eth_subscription","params":{"subscription":"0xbed0a0851463e895960a451075a301a9","result":"0xfe27f0b1cb578bbf03f27c223d7c73c71023ea29eb29db791c7d241b9c84c4e7"}}
[2m2025-12-10T10:09:52.619419Z[0m [34mDEBUG[0m [2methereum_transaction_pool_monitor::eth_client[0m[2m:[0m 📨 Received pending transaction: 0xfe27f0b1cb578bbf03f27c223d7c73c71023ea29eb29db791c7d241b9c84c4e7
[2m2025-12-10T10:09:52.624040Z[0m [34mDEBUG[0m [2mhyper::proto::h1::io[0m[2m:[0m parsed 4 headers
[2m2025-12-10T10:09:52.624046Z[0m [34mDEBUG[0m [2mhyper::proto::h1::conn[0m[2m:[0m incoming body is content-length (767 bytes)
[2m2025-12-10T10:09:52.624052Z[0m [34mDEBUG[0m [2mhyper::proto::h1::conn[0m[2m:[0m incoming body completed
[2m2025-12-10T10:09:52.624059Z[0m [34mDEBUG[0m [2mhyper::client::pool[0m[2m:[0m pooling idle connection for ("http", 192.168.0.14:8545)
[2m2025-12-10T10:09:52.624065Z[0m [34mDEBUG[0m [2methereum_transaction_pool_monitor::eth_client[0m[2m:[0m 📡 Transaction fetch RPC completed in 4.749875ms
[2m2025-12-10T10:09:52.694799Z[0m [34mDEBUG[0m [2methereum_transaction_pool_monitor::eth_client[0m[2m:[0m ✅ Transaction 0x0e00508d2e5ca66c824ec3e8a8c3947739bc3290e48a2eabf369dadd4fe7e90c fetched and parsed in 75.482042ms
[2m2025-12-10T10:09:52.694829Z[0m [34mDEBUG[0m [2methereum_transaction_pool_monitor::mempool_monitor[0m[2m:[0m 🔍 Skipping tx 0x0e00508d2e5ca66c824ec3e8a8c3947739bc3290e48a2eabf369dadd4fe7e90c - not a DEX interaction (target: 0xA0b86991c6218b36c1d19D4a2e9Eb0cE3606eB48)
[2m2025-12-10T10:09:52.694840Z[0m [34mDEBUG[0m [2methereum_transaction_pool_monitor::mempool_monitor[0m[2m:[0m 📨 Processing new pending transaction: 0x0fd9e938b386ed60a513f98cf210db52384912836ff589a1ceb1b75248c32281
[2m2025-12-10T10:09:52.694846Z[0m [34mDEBUG[0m [2methereum_transaction_pool_monitor::mempool_monitor[0m[2m:[0m 🔍 Fetching transaction details for: 0x0fd9e938b386ed60a513f98cf210db52384912836ff589a1ceb1b75248c32281
[2m2025-12-10T10:09:52.694851Z[0m [34mDEBUG[0m [2methereum_transaction_pool_monitor::eth_client[0m[2m:[0m 🔍 Fetching transaction details for hash: 0x0fd9e938b386ed60a513f98cf210db52384912836ff589a1ceb1b75248c32281
[2m2025-12-10T10:09:52.694870Z[0m [34mDEBUG[0m [2mhyper::client::pool[0m[2m:[0m reuse idle connection for ("http", 192.168.0.14:8545)
[2m2025-12-10T10:09:52.694918Z[0m [34mDEBUG[0m [2mhyper::proto::h1::io[0m[2m:[0m flushed 250 bytes
[2m2025-12-10T10:09:52.694943Z[0m [34mDEBUG[0m [2methereum_transaction_pool_monitor::eth_client[0m[2m:[0m 📨 Received WebSocket message: {"jsonrpc":"2.0","method":"eth_subscription","params":{"subscription":"0xbed0a0851463e895960a451075a301a9","result":"0x0c3f5b622d5a9c3497a8ef29402b2060b0f6a4d6a75adbe2478278a2570c4887"}}
[2m2025-12-10T10:09:52.694956Z[0m [34mDEBUG[0m [2methereum_transaction_pool_monitor::eth_client[0m[2m:[0m 📨 Received pending transaction: 0x0c3f5b622d5a9c3497a8ef29402b2060b0f6a4d6a75adbe2478278a2570c4887
[2m2025-12-10T10:09:52.694946Z[0m [34mDEBUG[0m [2mhyper::proto::h1::io[0m[2m:[0m parsed 4 headers
[2m2025-12-10T10:09:52.694973Z[0m [34mDEBUG[0m [2mhyper::proto::h1::conn[0m[2m:[0m incoming body is content-length (45 bytes)
[2m2025-12-10T10:09:52.694981Z[0m [34mDEBUG[0m [2mhyper::proto::h1::conn[0m[2m:[0m incoming body completed
[2m2025-12-10T10:09:52.694991Z[0m [34mDEBUG[0m [2mhyper::client::pool[0m[2m:[0m pooling idle connection for ("http", 192.168.0.14:8545)
[2m2025-12-10T10:09:52.696272Z[0m [34mDEBUG[0m [2mhyper::client::pool[0m[2m:[0m reuse idle connection for ("http", 192.168.0.14:8545)
[2m2025-12-10T10:09:52.696287Z[0m [34mDEBUG[0m [2mhyper::proto::h1::io[0m[2m:[0m flushed 172 bytes
[2m2025-12-10T10:09:52.701104Z[0m [34mDEBUG[0m [2mhyper::proto::h1::io[0m[2m:[0m parsed 4 headers
[2m2025-12-10T10:09:52.701124Z[0m [34mDEBUG[0m [2mhyper::proto::h1::conn[0m[2m:[0m incoming body is content-length (45 bytes)
[2m2025-12-10T10:09:52.701143Z[0m [34mDEBUG[0m [2mhyper::proto::h1::conn[0m[2m:[0m incoming body completed
[2m2025-12-10T10:09:52.701155Z[0m [34mDEBUG[0m [2mhyper::client::pool[0m[2m:[0m pooling idle connection for ("http", 192.168.0.14:8545)
[2m2025-12-10T10:09:52.701351Z[0m [34mDEBUG[0m [2mhyper::proto::h1::io[0m[2m:[0m parsed 4 headers
[2m2025-12-10T10:09:52.701359Z[0m [34mDEBUG[0m [2mhyper::proto::h1::conn[0m[2m:[0m incoming body is content-length (767 bytes)
[2m2025-12-10T10:09:52.701368Z[0m [34mDEBUG[0m [2mhyper::proto::h1::conn[0m[2m:[0m incoming body completed
[2m2025-12-10T10:09:52.701372Z[0m [34mDEBUG[0m [2mhyper::client::pool[0m[2m:[0m pooling idle connection for ("http", 192.168.0.14:8545)
[2m2025-12-10T10:09:52.701380Z[0m [34mDEBUG[0m [2methereum_transaction_pool_monitor::eth_client[0m[2m:[0m 📡 Transaction fetch RPC completed in 6.523208ms
[2m2025-12-10T10:09:52.701394Z[0m [34mDEBUG[0m [2methereum_transaction_pool_monitor::eth_client[0m[2m:[0m DeFi transaction detected - Address: 0xdac17f958d2ee523a2206206994597c13d831ec7, Type: Stablecoin, Value: 0 ETH, Gas: 0.20 Gwei
[2m2025-12-10T10:09:52.701408Z[0m [34mDEBUG[0m [2methereum_transaction_pool_monitor::eth_client[0m[2m:[0m ✅ Transaction 0x0fd9e938b386ed60a513f98cf210db52384912836ff589a1ceb1b75248c32281 fetched and parsed in 6.551666ms
[2m2025-12-10T10:09:52.701417Z[0m [34mDEBUG[0m [2methereum_transaction_pool_monitor::mempool_monitor[0m[2m:[0m 🔍 Skipping tx 0x0fd9e938b386ed60a513f98cf210db52384912836ff589a1ceb1b75248c32281 - not a DEX interaction (target: 0xdAC17F958D2ee523a2206206994597C13D831ec7)
[2m2025-12-10T10:09:52.701424Z[0m [34mDEBUG[0m [2methereum_transaction_pool_monitor::mempool_monitor[0m[2m:[0m 📨 Processing new pending transaction: 0x25de8133142ebf30003024e3e5f853381714e6ac59ffd72b0987ca845f3a55ab
[2m2025-12-10T10:09:52.701430Z[0m [34mDEBUG[0m [2methereum_transaction_pool_monitor::mempool_monitor[0m[2m:[0m 🔍 Fetching transaction details for: 0x25de8133142ebf30003024e3e5f853381714e6ac59ffd72b0987ca845f3a55ab
[2m2025-12-10T10:09:52.701435Z[0m [34mDEBUG[0m [2methereum_transaction_pool_monitor::eth_client[0m[2m:[0m 🔍 Fetching transaction details for hash: 0x25de8133142ebf30003024e3e5f853381714e6ac59ffd72b0987ca845f3a55ab
[2m2025-12-10T10:09:52.701443Z[0m [34mDEBUG[0m [2mhyper::client::pool[0m[2m:[0m reuse idle connection for ("http", 192.168.0.14:8545)
[2m2025-12-10T10:09:52.701456Z[0m [34mDEBUG[0m [2mhyper::proto::h1::io[0m[2m:[0m flushed 250 bytes
[2m2025-12-10T10:09:52.707718Z[0m [34mDEBUG[0m [2mhyper::proto::h1::io[0m[2m:[0m parsed 4 headers
[2m2025-12-10T10:09:52.707723Z[0m [34mDEBUG[0m [2mhyper::proto::h1::conn[0m[2m:[0m incoming body is content-length (766 bytes)
[2m2025-12-10T10:09:52.707727Z[0m [34mDEBUG[0m [2mhyper::proto::h1::conn[0m[2m:[0m incoming body completed
[2m2025-12-10T10:09:52.707732Z[0m [34mDEBUG[0m [2mhyper::client::pool[0m[2m:[0m pooling idle connection for ("http", 192.168.0.14:8545)
[2m2025-12-10T10:09:52.707736Z[0m [34mDEBUG[0m [2methereum_transaction_pool_monitor::eth_client[0m[2m:[0m 📡 Transaction fetch RPC completed in 6.295667ms
[2m2025-12-10T10:09:52.707744Z[0m [34mDEBUG[0m [2methereum_transaction_pool_monitor::eth_client[0m[2m:[0m DeFi transaction detected - Address: 0xdac17f958d2ee523a2206206994597c13d831ec7, Type: Stablecoin, Value: 0 ETH, Gas: 0.19 Gwei
[2m2025-12-10T10:09:52.707751Z[0m [34mDEBUG[0m [2methereum_transaction_pool_monitor::eth_client[0m[2m:[0m ✅ Transaction 0x25de8133142ebf30003024e3e5f853381714e6ac59ffd72b0987ca845f3a55ab fetched and parsed in 6.31125ms
[2m2025-12-10T10:09:52.707756Z[0m [34mDEBUG[0m [2methereum_transaction_pool_monitor::mempool_monitor[0m[2m:[0m 🔍 Skipping tx 0x25de8133142ebf30003024e3e5f853381714e6ac59ffd72b0987ca845f3a55ab - not a DEX interaction (target: 0xdAC17F958D2ee523a2206206994597C13D831ec7)
[2m2025-12-10T10:09:52.707764Z[0m [34mDEBUG[0m [2methereum_transaction_pool_monitor::mempool_monitor[0m[2m:[0m 📨 Processing new pending transaction: 0x4b3239189894eaf781356ae992995b19213fefe58aa55753650472d06e1126b4
[2m2025-12-10T10:09:52.707768Z[0m [34mDEBUG[0m [2methereum_transaction_pool_monitor::mempool_monitor[0m[2m:[0m 🔍 Fetching transaction details for: 0x4b3239189894eaf781356ae992995b19213fefe58aa55753650472d06e1126b4
[2m2025-12-10T10:09:52.707772Z[0m [34mDEBUG[0m [2methereum_transaction_pool_monitor::eth_client[0m[2m:[0m 🔍 Fetching transaction details for hash: 0x4b3239189894eaf781356ae992995b19213fefe58aa55753650472d06e1126b4
[2m2025-12-10T10:09:52.707778Z[0m [34mDEBUG[0m [2mhyper::client::pool[0m[2m:[0m reuse idle connection for ("http", 192.168.0.14:8545)
[2m2025-12-10T10:09:52.707790Z[0m [34mDEBUG[0m [2mhyper::proto::h1::io[0m[2m:[0m flushed 250 bytes
[2m2025-12-10T10:09:52.712640Z[0m [34mDEBUG[0m [2mhyper::proto::h1::io[0m[2m:[0m parsed 4 headers
[2m2025-12-10T10:09:52.712646Z[0m [34mDEBUG[0m [2mhyper::proto::h1::conn[0m[2m:[0m incoming body is content-length (768 bytes)
[2m2025-12-10T10:09:52.712650Z[0m [34mDEBUG[0m [2mhyper::proto::h1::conn[0m[2m:[0m incoming body completed
[2m2025-12-10T10:09:52.712654Z[0m [34mDEBUG[0m [2mhyper::client::pool[0m[2m:[0m pooling idle connection for ("http", 192.168.0.14:8545)
[2m2025-12-10T10:09:52.712658Z[0m [34mDEBUG[0m [2methereum_transaction_pool_monitor::eth_client[0m[2m:[0m 📡 Transaction fetch RPC completed in 4.882583ms
[2m2025-12-10T10:09:52.783635Z[0m [34mDEBUG[0m [2methereum_transaction_pool_monitor::eth_client[0m[2m:[0m ✅ Transaction 0x4b3239189894eaf781356ae992995b19213fefe58aa55753650472d06e1126b4 fetched and parsed in 75.856583ms
[2m2025-12-10T10:09:52.783661Z[0m [34mDEBUG[0m [2methereum_transaction_pool_monitor::mempool_monitor[0m[2m:[0m 🔍 Skipping tx 0x4b3239189894eaf781356ae992995b19213fefe58aa55753650472d06e1126b4 - not a DEX interaction (target: 0xA0b86991c6218b36c1d19D4a2e9Eb0cE3606eB48)
[2m2025-12-10T10:09:52.783672Z[0m [34mDEBUG[0m [2methereum_transaction_pool_monitor::mempool_monitor[0m[2m:[0m 📨 Processing new pending transaction: 0x253f0e5f22ce7b5de411eb2b83d5cf03b2a01d89577597007f3f1f83a71c1508
[2m2025-12-10T10:09:52.783678Z[0m [34mDEBUG[0m [2methereum_transaction_pool_monitor::mempool_monitor[0m[2m:[0m 🔍 Fetching transaction details for: 0x253f0e5f22ce7b5de411eb2b83d5cf03b2a01d89577597007f3f1f83a71c1508
[2m2025-12-10T10:09:52.783685Z[0m [34mDEBUG[0m [2methereum_transaction_pool_monitor::eth_client[0m[2m:[0m 🔍 Fetching transaction details for hash: 0x253f0e5f22ce7b5de411eb2b83d5cf03b2a01d89577597007f3f1f83a71c1508
[2m2025-12-10T10:09:52.783702Z[0m [34mDEBUG[0m [2mhyper::client::pool[0m[2m:[0m reuse idle connection for ("http", 192.168.0.14:8545)
[2m2025-12-10T10:09:52.783739Z[0m [34mDEBUG[0m [2mhyper::proto::h1::io[0m[2m:[0m flushed 250 bytes
[2m2025-12-10T10:09:52.783760Z[0m [34mDEBUG[0m [2methereum_transaction_pool_monitor::eth_client[0m[2m:[0m 📨 Received WebSocket message: {"jsonrpc":"2.0","method":"eth_subscription","params":{"subscription":"0xbed0a0851463e895960a451075a301a9","result":"0x1f0290e3b323774cd1f27621e7a04cb88e3b7f8b59e9fa6e22fdcc0589e39e1f"}}
[2m2025-12-10T10:09:52.783770Z[0m [34mDEBUG[0m [2methereum_transaction_pool_monitor::eth_client[0m[2m:[0m 📨 Received pending transaction: 0x1f0290e3b323774cd1f27621e7a04cb88e3b7f8b59e9fa6e22fdcc0589e39e1f
[2m2025-12-10T10:09:52.783778Z[0m [34mDEBUG[0m [2methereum_transaction_pool_monitor::eth_client[0m[2m:[0m 📨 Received WebSocket message: {"jsonrpc":"2.0","method":"eth_subscription","params":{"subscription":"0xbed0a0851463e895960a451075a301a9","result":"0x0a57726432019bb180df971abe28e8bb65276fe9955581776de2d368b194decd"}}
[2m2025-12-10T10:09:52.783784Z[0m [34mDEBUG[0m [2methereum_transaction_pool_monitor::eth_client[0m[2m:[0m 📨 Received pending transaction: 0x0a57726432019bb180df971abe28e8bb65276fe9955581776de2d368b194decd
[2m2025-12-10T10:09:52.787687Z[0m [34mDEBUG[0m [2mhyper::proto::h1::io[0m[2m:[0m parsed 4 headers
[2m2025-12-10T10:09:52.787708Z[0m [34mDEBUG[0m [2mhyper::proto::h1::conn[0m[2m:[0m incoming body is content-length (2304 bytes)
[2m2025-12-10T10:09:52.787747Z[0m [34mDEBUG[0m [2methereum_transaction_pool_monitor::eth_client[0m[2m:[0m 📡 Transaction fetch RPC completed in 4.057042ms
[2m2025-12-10T10:09:52.790073Z[0m [34mDEBUG[0m [2mhyper::proto::h1::conn[0m[2m:[0m incoming body completed
[2m2025-12-10T10:09:52.790082Z[0m [34mDEBUG[0m [2mhyper::client::pool[0m[2m:[0m pooling idle connection for ("http", 192.168.0.14:8545)
[2m2025-12-10T10:09:52.797046Z[0m [34mDEBUG[0m [2mhyper::client::pool[0m[2m:[0m reuse idle connection for ("http", 192.168.0.14:8545)
[2m2025-12-10T10:09:52.797069Z[0m [34mDEBUG[0m [2mhyper::proto::h1::io[0m[2m:[0m flushed 172 bytes
[2m2025-12-10T10:09:52.797248Z[0m [34mDEBUG[0m [2methereum_transaction_pool_monitor::eth_client[0m[2m:[0m 📨 Received WebSocket message: {"jsonrpc":"2.0","method":"eth_subscription","params":{"subscription":"0xbed0a0851463e895960a451075a301a9","result":"0xcc650a03326e4c8082c1c726fa8d296c3b986819f4a973e4db752aaa8dd1504f"}}
[2m2025-12-10T10:09:52.797255Z[0m [34mDEBUG[0m [2methereum_transaction_pool_monitor::eth_client[0m[2m:[0m 📨 Received pending transaction: 0xcc650a03326e4c8082c1c726fa8d296c3b986819f4a973e4db752aaa8dd1504f
[2m2025-12-10T10:09:52.800988Z[0m [34mDEBUG[0m [2mhyper::proto::h1::io[0m[2m:[0m parsed 4 headers
[2m2025-12-10T10:09:52.800994Z[0m [34mDEBUG[0m [2mhyper::proto::h1::conn[0m[2m:[0m incoming body is content-length (45 bytes)
[2m2025-12-10T10:09:52.800999Z[0m [34mDEBUG[0m [2mhyper::proto::h1::conn[0m[2m:[0m incoming body completed
[2m2025-12-10T10:09:52.801006Z[0m [34mDEBUG[0m [2mhyper::client::pool[0m[2m:[0m pooling idle connection for ("http", 192.168.0.14:8545)
[2m2025-12-10T10:09:52.852047Z[0m [34mDEBUG[0m [2methereum_transaction_pool_monitor::eth_client[0m[2m:[0m 📨 Received WebSocket message: {"jsonrpc":"2.0","method":"eth_subscription","params":{"subscription":"0xbed0a0851463e895960a451075a301a9","result":"0x7e716410ca145b65f6f4147f7fdc9832a411a2aac88e70e323690656b53fa6af"}}
[2m2025-12-10T10:09:52.852072Z[0m [34mDEBUG[0m [2methereum_transaction_pool_monitor::eth_client[0m[2m:[0m 📨 Received pending transaction: 0x7e716410ca145b65f6f4147f7fdc9832a411a2aac88e70e323690656b53fa6af
[2m2025-12-10T10:09:52.861457Z[0m [34mDEBUG[0m [2methereum_transaction_pool_monitor::eth_client[0m[2m:[0m ✅ Transaction 0x253f0e5f22ce7b5de411eb2b83d5cf03b2a01d89577597007f3f1f83a71c1508 fetched and parsed in 77.765583ms
[2m2025-12-10T10:09:52.861477Z[0m [34mDEBUG[0m [2methereum_transaction_pool_monitor::mempool_monitor[0m[2m:[0m 🔍 Skipping tx 0x253f0e5f22ce7b5de411eb2b83d5cf03b2a01d89577597007f3f1f83a71c1508 - not a DEX interaction (target: 0xe8070a4FE798C0569e20729573DDec558e91a68a)
[2m2025-12-10T10:09:52.861488Z[0m [34mDEBUG[0m [2methereum_transaction_pool_monitor::mempool_monitor[0m[2m:[0m 📨 Processing new pending transaction: 0x46043b33ec7642961bd7f267789075b4c180f2adf9bd8c9134edf70eab40d378
[2m2025-12-10T10:09:52.861495Z[0m [34mDEBUG[0m [2methereum_transaction_pool_monitor::mempool_monitor[0m[2m:[0m 🔍 Fetching transaction details for: 0x46043b33ec7642961bd7f267789075b4c180f2adf9bd8c9134edf70eab40d378
[2m2025-12-10T10:09:52.861502Z[0m [34mDEBUG[0m [2methereum_transaction_pool_monitor::eth_client[0m[2m:[0m 🔍 Fetching transaction details for hash: 0x46043b33ec7642961bd7f267789075b4c180f2adf9bd8c9134edf70eab40d378
[2m2025-12-10T10:09:52.861518Z[0m [34mDEBUG[0m [2mhyper::client::pool[0m[2m:[0m reuse idle connection for ("http", 192.168.0.14:8545)
[2m2025-12-10T10:09:52.861551Z[0m [34mDEBUG[0m [2mhyper::proto::h1::io[0m[2m:[0m flushed 250 bytes
[2m2025-12-10T10:09:52.865188Z[0m [34mDEBUG[0m [2mhyper::proto::h1::io[0m[2m:[0m parsed 4 headers
[2m2025-12-10T10:09:52.865211Z[0m [34mDEBUG[0m [2mhyper::proto::h1::conn[0m[2m:[0m incoming body is content-length (772 bytes)
[2m2025-12-10T10:09:52.865233Z[0m [34mDEBUG[0m [2mhyper::proto::h1::conn[0m[2m:[0m incoming body completed
[2m2025-12-10T10:09:52.865257Z[0m [34mDEBUG[0m [2mhyper::client::pool[0m[2m:[0m pooling idle connection for ("http", 192.168.0.14:8545)
[2m2025-12-10T10:09:52.865265Z[0m [34mDEBUG[0m [2methereum_transaction_pool_monitor::eth_client[0m[2m:[0m 📡 Transaction fetch RPC completed in 3.7585ms
[2m2025-12-10T10:09:52.936533Z[0m [34mDEBUG[0m [2methereum_transaction_pool_monitor::eth_client[0m[2m:[0m ✅ Transaction 0x46043b33ec7642961bd7f267789075b4c180f2adf9bd8c9134edf70eab40d378 fetched and parsed in 75.023875ms
[2m2025-12-10T10:09:52.936558Z[0m [34mDEBUG[0m [2methereum_transaction_pool_monitor::mempool_monitor[0m[2m:[0m 🔍 Skipping tx 0x46043b33ec7642961bd7f267789075b4c180f2adf9bd8c9134edf70eab40d378 - not a DEX interaction (target: 0xA0b86991c6218b36c1d19D4a2e9Eb0cE3606eB48)
[2m2025-12-10T10:09:52.936569Z[0m [34mDEBUG[0m [2methereum_transaction_pool_monitor::mempool_monitor[0m[2m:[0m 📨 Processing new pending transaction: 0x13dd6407660068d62b29436c723b80c8a3b1de79688b5396e68ad84fca747ce0
[2m2025-12-10T10:09:52.936576Z[0m [34mDEBUG[0m [2methereum_transaction_pool_monitor::mempool_monitor[0m[2m:[0m 🔍 Fetching transaction details for: 0x13dd6407660068d62b29436c723b80c8a3b1de79688b5396e68ad84fca747ce0
[2m2025-12-10T10:09:52.936583Z[0m [34mDEBUG[0m [2methereum_transaction_pool_monitor::eth_client[0m[2m:[0m 🔍 Fetching transaction details for hash: 0x13dd6407660068d62b29436c723b80c8a3b1de79688b5396e68ad84fca747ce0
[2m2025-12-10T10:09:52.936602Z[0m [34mDEBUG[0m [2mhyper::client::pool[0m[2m:[0m reuse idle connection for ("http", 192.168.0.14:8545)
[2m2025-12-10T10:09:52.936642Z[0m [34mDEBUG[0m [2mhyper::proto::h1::io[0m[2m:[0m flushed 250 bytes
[2m2025-12-10T10:09:52.936661Z[0m [34mDEBUG[0m [2mhyper::client::pool[0m[2m:[0m reuse idle connection for ("http", 192.168.0.14:8545)
[2m2025-12-10T10:09:52.936676Z[0m [34mDEBUG[0m [2mhyper::proto::h1::io[0m[2m:[0m flushed 172 bytes
[2m2025-12-10T10:09:52.936715Z[0m [34mDEBUG[0m [2methereum_transaction_pool_monitor::eth_client[0m[2m:[0m 📨 Received WebSocket message: {"jsonrpc":"2.0","method":"eth_subscription","params":{"subscription":"0xbed0a0851463e895960a451075a301a9","result":"0xedc6c971dd5a0077a5c07c22e7a69cae902bf888ba7cf0d4575229524e8e2ed8"}}
[2m2025-12-10T10:09:52.936724Z[0m [34mDEBUG[0m [2methereum_transaction_pool_monitor::eth_client[0m[2m:[0m 📨 Received pending transaction: 0xedc6c971dd5a0077a5c07c22e7a69cae902bf888ba7cf0d4575229524e8e2ed8
[2m2025-12-10T10:09:52.941614Z[0m [34mDEBUG[0m [2mhyper::proto::h1::io[0m[2m:[0m parsed 4 headers
[2m2025-12-10T10:09:52.941628Z[0m [34mDEBUG[0m [2mhyper::proto::h1::conn[0m[2m:[0m incoming body is content-length (45 bytes)
[2m2025-12-10T10:09:52.941647Z[0m [34mDEBUG[0m [2mhyper::proto::h1::conn[0m[2m:[0m incoming body completed
[2m2025-12-10T10:09:52.941664Z[0m [34mDEBUG[0m [2mhyper::client::pool[0m[2m:[0m pooling idle connection for ("http", 192.168.0.14:8545)
[2m2025-12-10T10:09:52.941682Z[0m [34mDEBUG[0m [2mhyper::proto::h1::io[0m[2m:[0m parsed 4 headers
[2m2025-12-10T10:09:52.941687Z[0m [34mDEBUG[0m [2mhyper::proto::h1::conn[0m[2m:[0m incoming body is content-length (2178 bytes)
[2m2025-12-10T10:09:52.941691Z[0m [34mDEBUG[0m [2mhyper::proto::h1::conn[0m[2m:[0m incoming body completed
[2m2025-12-10T10:09:52.941696Z[0m [34mDEBUG[0m [2mhyper::client::pool[0m[2m:[0m pooling idle connection for ("http", 192.168.0.14:8545)
[2m2025-12-10T10:09:52.941700Z[0m [34mDEBUG[0m [2methereum_transaction_pool_monitor::eth_client[0m[2m:[0m 📡 Transaction fetch RPC completed in 5.112916ms
[2m2025-12-10T10:09:53.013516Z[0m [34mDEBUG[0m [2methereum_transaction_pool_monitor::eth_client[0m[2m:[0m ✅ Transaction 0x13dd6407660068d62b29436c723b80c8a3b1de79688b5396e68ad84fca747ce0 fetched and parsed in 76.926291ms
[2m2025-12-10T10:09:53.013538Z[0m [34mDEBUG[0m [2methereum_transaction_pool_monitor::mempool_monitor[0m[2m:[0m 🔍 Skipping tx 0x13dd6407660068d62b29436c723b80c8a3b1de79688b5396e68ad84fca747ce0 - not a DEX interaction (target: 0xeA2fC1300ac31Afd77Cf5d5D240B69e38308a90C)
[2m2025-12-10T10:09:53.013550Z[0m [34mDEBUG[0m [2methereum_transaction_pool_monitor::mempool_monitor[0m[2m:[0m 📨 Processing new pending transaction: 0x194391c1c9e217a5df05ce8a61a342a18d12d003d9fff5cf357db3ef6945ae05
[2m2025-12-10T10:09:53.013556Z[0m [34mDEBUG[0m [2methereum_transaction_pool_monitor::mempool_monitor[0m[2m:[0m 🔍 Fetching transaction details for: 0x194391c1c9e217a5df05ce8a61a342a18d12d003d9fff5cf357db3ef6945ae05
[2m2025-12-10T10:09:53.013564Z[0m [34mDEBUG[0m [2methereum_transaction_pool_monitor::eth_client[0m[2m:[0m 🔍 Fetching transaction details for hash: 0x194391c1c9e217a5df05ce8a61a342a18d12d003d9fff5cf357db3ef6945ae05
[2m2025-12-10T10:09:53.013583Z[0m [34mDEBUG[0m [2mhyper::client::pool[0m[2m:[0m reuse idle connection for ("http", 192.168.0.14:8545)
[2m2025-12-10T10:09:53.013630Z[0m [34mDEBUG[0m [2mhyper::proto::h1::io[0m[2m:[0m flushed 250 bytes
[2m2025-12-10T10:09:53.013657Z[0m [34mDEBUG[0m [2mhyper::client::pool[0m[2m:[0m reuse idle connection for ("http", 192.168.0.14:8545)
[2m2025-12-10T10:09:53.013674Z[0m [34mDEBUG[0m [2mhyper::proto::h1::io[0m[2m:[0m flushed 172 bytes
[2m2025-12-10T10:09:53.018692Z[0m [34mDEBUG[0m [2mhyper::proto::h1::io[0m[2m:[0m parsed 4 headers
[2m2025-12-10T10:09:53.018720Z[0m [34mDEBUG[0m [2mhyper::proto::h1::conn[0m[2m:[0m incoming body is content-length (45 bytes)
[2m2025-12-10T10:09:53.018751Z[0m [34mDEBUG[0m [2mhyper::proto::h1::conn[0m[2m:[0m incoming body completed
[2m2025-12-10T10:09:53.018772Z[0m [34mDEBUG[0m [2mhyper::client::pool[0m[2m:[0m pooling idle connection for ("http", 192.168.0.14:8545)
[2m2025-12-10T10:09:53.018792Z[0m [34mDEBUG[0m [2mhyper::proto::h1::io[0m[2m:[0m parsed 4 headers
[2m2025-12-10T10:09:53.018796Z[0m [34mDEBUG[0m [2mhyper::proto::h1::conn[0m[2m:[0m incoming body is content-length (840 bytes)
[2m2025-12-10T10:09:53.018800Z[0m [34mDEBUG[0m [2mhyper::proto::h1::conn[0m[2m:[0m incoming body completed
[2m2025-12-10T10:09:53.018805Z[0m [34mDEBUG[0m [2mhyper::client::pool[0m[2m:[0m pooling idle connection for ("http", 192.168.0.14:8545)
[2m2025-12-10T10:09:53.018809Z[0m [34mDEBUG[0m [2methereum_transaction_pool_monitor::eth_client[0m[2m:[0m 📡 Transaction fetch RPC completed in 5.240375ms
[2m2025-12-10T10:09:53.090166Z[0m [34mDEBUG[0m [2methereum_transaction_pool_monitor::eth_client[0m[2m:[0m ✅ Transaction 0x194391c1c9e217a5df05ce8a61a342a18d12d003d9fff5cf357db3ef6945ae05 fetched and parsed in 76.594834ms
[2m2025-12-10T10:09:53.090190Z[0m [34mDEBUG[0m [2methereum_transaction_pool_monitor::mempool_monitor[0m[2m:[0m 🔍 Skipping tx 0x194391c1c9e217a5df05ce8a61a342a18d12d003d9fff5cf357db3ef6945ae05 - not a DEX interaction (target: 0xE0f63A424a4439cBE457D80E4f4b51aD25b2c56C)
[2m2025-12-10T10:09:53.090200Z[0m [34mDEBUG[0m [2methereum_transaction_pool_monitor::mempool_monitor[0m[2m:[0m 📨 Processing new pending transaction: 0xaaf591463b8dc88c092d75062ab49dd2df90ad8f8cf3419b5f9234e0f5f73810
[2m2025-12-10T10:09:53.090209Z[0m [34mDEBUG[0m [2methereum_transaction_pool_monitor::mempool_monitor[0m[2m:[0m 🔍 Fetching transaction details for: 0xaaf591463b8dc88c092d75062ab49dd2df90ad8f8cf3419b5f9234e0f5f73810
[2m2025-12-10T10:09:53.090215Z[0m [34mDEBUG[0m [2methereum_transaction_pool_monitor::eth_client[0m[2m:[0m 🔍 Fetching transaction details for hash: 0xaaf591463b8dc88c092d75062ab49dd2df90ad8f8cf3419b5f9234e0f5f73810
[2m2025-12-10T10:09:53.090235Z[0m [34mDEBUG[0m [2mhyper::client::pool[0m[2m:[0m reuse idle connection for ("http", 192.168.0.14:8545)
[2m2025-12-10T10:09:53.090275Z[0m [34mDEBUG[0m [2mhyper::proto::h1::io[0m[2m:[0m flushed 250 bytes
[2m2025-12-10T10:09:53.095910Z[0m [34mDEBUG[0m [2mhyper::proto::h1::io[0m[2m:[0m parsed 4 headers
[2m2025-12-10T10:09:53.095928Z[0m [34mDEBUG[0m [2mhyper::proto::h1::conn[0m[2m:[0m incoming body is content-length (773 bytes)
[2m2025-12-10T10:09:53.095956Z[0m [34mDEBUG[0m [2mhyper::proto::h1::conn[0m[2m:[0m incoming body completed
[2m2025-12-10T10:09:53.095971Z[0m [34mDEBUG[0m [2mhyper::client::pool[0m[2m:[0m pooling idle connection for ("http", 192.168.0.14:8545)
[2m2025-12-10T10:09:53.095980Z[0m [34mDEBUG[0m [2methereum_transaction_pool_monitor::eth_client[0m[2m:[0m 📡 Transaction fetch RPC completed in 5.758875ms
[2m2025-12-10T10:09:53.166894Z[0m [34mDEBUG[0m [2methereum_transaction_pool_monitor::eth_client[0m[2m:[0m ✅ Transaction 0xaaf591463b8dc88c092d75062ab49dd2df90ad8f8cf3419b5f9234e0f5f73810 fetched and parsed in 76.670417ms
[2m2025-12-10T10:09:53.166921Z[0m [34mDEBUG[0m [2methereum_transaction_pool_monitor::mempool_monitor[0m[2m:[0m 🔍 Skipping tx 0xaaf591463b8dc88c092d75062ab49dd2df90ad8f8cf3419b5f9234e0f5f73810 - not a DEX interaction (target: 0xA0b86991c6218b36c1d19D4a2e9Eb0cE3606eB48)
[2m2025-12-10T10:09:53.166931Z[0m [34mDEBUG[0m [2methereum_transaction_pool_monitor::mempool_monitor[0m[2m:[0m 📨 Processing new pending transaction: 0x99f6ddc4090f203c887ded93bf57ff4c208080e83529ea4d6b54d5dea4d7566e
[2m2025-12-10T10:09:53.166937Z[0m [34mDEBUG[0m [2methereum_transaction_pool_monitor::mempool_monitor[0m[2m:[0m 🔍 Fetching transaction details for: 0x99f6ddc4090f203c887ded93bf57ff4c208080e83529ea4d6b54d5dea4d7566e
[2m2025-12-10T10:09:53.166942Z[0m [34mDEBUG[0m [2methereum_transaction_pool_monitor::eth_client[0m[2m:[0m 🔍 Fetching transaction details for hash: 0x99f6ddc4090f203c887ded93bf57ff4c208080e83529ea4d6b54d5dea4d7566e
[2m2025-12-10T10:09:53.166963Z[0m [34mDEBUG[0m [2mhyper::client::pool[0m[2m:[0m reuse idle connection for ("http", 192.168.0.14:8545)
[2m2025-12-10T10:09:53.167002Z[0m [34mDEBUG[0m [2mhyper::proto::h1::io[0m[2m:[0m flushed 250 bytes
[2m2025-12-10T10:09:53.167023Z[0m [34mDEBUG[0m [2mhyper::client::pool[0m[2m:[0m reuse idle connection for ("http", 192.168.0.14:8545)
[2m2025-12-10T10:09:53.167038Z[0m [34mDEBUG[0m [2mhyper::proto::h1::io[0m[2m:[0m flushed 172 bytes
[2m2025-12-10T10:09:53.167039Z[0m [34mDEBUG[0m [2methereum_transaction_pool_monitor::eth_client[0m[2m:[0m 📨 Received WebSocket message: {"jsonrpc":"2.0","method":"eth_subscription","params":{"subscription":"0xbed0a0851463e895960a451075a301a9","result":"0x050fed54cd7edf2922f5a59a1572d2e9986a39932cf44f0963b36678ae5a9992"}}
[2m2025-12-10T10:09:53.167055Z[0m [34mDEBUG[0m [2methereum_transaction_pool_monitor::eth_client[0m[2m:[0m 📨 Received pending transaction: 0x050fed54cd7edf2922f5a59a1572d2e9986a39932cf44f0963b36678ae5a9992
[2m2025-12-10T10:09:53.167065Z[0m [34mDEBUG[0m [2methereum_transaction_pool_monitor::eth_client[0m[2m:[0m 📨 Received WebSocket message: {"jsonrpc":"2.0","method":"eth_subscription","params":{"subscription":"0xbed0a0851463e895960a451075a301a9","result":"0xd8e856004801bcf2b373ebe45cf21cb2669b3193007925b05c302f793a9197c7"}}
[2m2025-12-10T10:09:53.167075Z[0m [34mDEBUG[0m [2methereum_transaction_pool_monitor::eth_client[0m[2m:[0m 📨 Received pending transaction: 0xd8e856004801bcf2b373ebe45cf21cb2669b3193007925b05c302f793a9197c7
[2m2025-12-10T10:09:53.167080Z[0m [34mDEBUG[0m [2methereum_transaction_pool_monitor::eth_client[0m[2m:[0m 📨 Received WebSocket message: {"jsonrpc":"2.0","method":"eth_subscription","params":{"subscription":"0xbed0a0851463e895960a451075a301a9","result":"0x7a2ec507603e7e7993df2523f43cb2085dea6d2ceb576009fc09a777149453a2"}}
[2m2025-12-10T10:09:53.167085Z[0m [34mDEBUG[0m [2methereum_transaction_pool_monitor::eth_client[0m[2m:[0m 📨 Received pending transaction: 0x7a2ec507603e7e7993df2523f43cb2085dea6d2ceb576009fc09a777149453a2
[2m2025-12-10T10:09:53.170470Z[0m [34mDEBUG[0m [2mhyper::proto::h1::io[0m[2m:[0m parsed 4 headers
[2m2025-12-10T10:09:53.170492Z[0m [34mDEBUG[0m [2mhyper::proto::h1::conn[0m[2m:[0m incoming body is content-length (45 bytes)
[2m2025-12-10T10:09:53.170514Z[0m [34mDEBUG[0m [2mhyper::proto::h1::conn[0m[2m:[0m incoming body completed
[2m2025-12-10T10:09:53.170533Z[0m [34mDEBUG[0m [2mhyper::client::pool[0m[2m:[0m pooling idle connection for ("http", 192.168.0.14:8545)
[2m2025-12-10T10:09:53.170987Z[0m [34mDEBUG[0m [2mhyper::proto::h1::io[0m[2m:[0m parsed 4 headers
[2m2025-12-10T10:09:53.170995Z[0m [34mDEBUG[0m [2mhyper::proto::h1::conn[0m[2m:[0m incoming body is content-length (1036 bytes)
[2m2025-12-10T10:09:53.171001Z[0m [34mDEBUG[0m [2mhyper::proto::h1::conn[0m[2m:[0m incoming body completed
[2m2025-12-10T10:09:53.171007Z[0m [34mDEBUG[0m [2mhyper::client::pool[0m[2m:[0m pooling idle connection for ("http", 192.168.0.14:8545)
[2m2025-12-10T10:09:53.171012Z[0m [34mDEBUG[0m [2methereum_transaction_pool_monitor::eth_client[0m[2m:[0m 📡 Transaction fetch RPC completed in 4.064292ms
[2m2025-12-10T10:09:53.241380Z[0m [34mDEBUG[0m [2methereum_transaction_pool_monitor::eth_client[0m[2m:[0m ✅ Transaction 0x99f6ddc4090f203c887ded93bf57ff4c208080e83529ea4d6b54d5dea4d7566e fetched and parsed in 74.429792ms
[2m2025-12-10T10:09:53.241409Z[0m [34mDEBUG[0m [2methereum_transaction_pool_monitor::mempool_monitor[0m[2m:[0m 🔍 Skipping tx 0x99f6ddc4090f203c887ded93bf57ff4c208080e83529ea4d6b54d5dea4d7566e - not a DEX interaction (target: 0xC3898EA7E322B3CDC92D65CFe5a34808b7338236)
[2m2025-12-10T10:09:53.241420Z[0m [34mDEBUG[0m [2methereum_transaction_pool_monitor::mempool_monitor[0m[2m:[0m 📨 Processing new pending transaction: 0x54c00b92fb7ef7cf7aee708a31fe51f0828c4bd80c70bd9b268c4457fc0b7e7a
[2m2025-12-10T10:09:53.241427Z[0m [34mDEBUG[0m [2methereum_transaction_pool_monitor::mempool_monitor[0m[2m:[0m 🔍 Fetching transaction details for: 0x54c00b92fb7ef7cf7aee708a31fe51f0828c4bd80c70bd9b268c4457fc0b7e7a
[2m2025-12-10T10:09:53.241432Z[0m [34mDEBUG[0m [2methereum_transaction_pool_monitor::eth_client[0m[2m:[0m 🔍 Fetching transaction details for hash: 0x54c00b92fb7ef7cf7aee708a31fe51f0828c4bd80c70bd9b268c4457fc0b7e7a
[2m2025-12-10T10:09:53.241451Z[0m [34mDEBUG[0m [2mhyper::client::pool[0m[2m:[0m reuse idle connection for ("http", 192.168.0.14:8545)
[2m2025-12-10T10:09:53.241494Z[0m [34mDEBUG[0m [2mhyper::proto::h1::io[0m[2m:[0m flushed 250 bytes
[2m2025-12-10T10:09:53.241522Z[0m [34mDEBUG[0m [2mhyper::client::pool[0m[2m:[0m reuse idle connection for ("http", 192.168.0.14:8545)
[2m2025-12-10T10:09:53.241538Z[0m [34mDEBUG[0m [2mhyper::proto::h1::io[0m[2m:[0m flushed 172 bytes
[2m2025-12-10T10:09:53.248151Z[0m [34mDEBUG[0m [2mhyper::proto::h1::io[0m[2m:[0m parsed 4 headers
[2m2025-12-10T10:09:53.248173Z[0m [34mDEBUG[0m [2mhyper::proto::h1::conn[0m[2m:[0m incoming body is content-length (45 bytes)
[2m2025-12-10T10:09:53.248199Z[0m [34mDEBUG[0m [2mhyper::proto::h1::conn[0m[2m:[0m incoming body completed
[2m2025-12-10T10:09:53.248210Z[0m [34mDEBUG[0m [2mhyper::client::pool[0m[2m:[0m pooling idle connection for ("http", 192.168.0.14:8545)
[2m2025-12-10T10:09:53.248559Z[0m [34mDEBUG[0m [2mhyper::proto::h1::io[0m[2m:[0m parsed 4 headers
[2m2025-12-10T10:09:53.248566Z[0m [34mDEBUG[0m [2mhyper::proto::h1::conn[0m[2m:[0m incoming body is content-length (675 bytes)
[2m2025-12-10T10:09:53.248571Z[0m [34mDEBUG[0m [2mhyper::proto::h1::conn[0m[2m:[0m incoming body completed
[2m2025-12-10T10:09:53.248576Z[0m [34mDEBUG[0m [2mhyper::client::pool[0m[2m:[0m pooling idle connection for ("http", 192.168.0.14:8545)
[2m2025-12-10T10:09:53.248584Z[0m [34mDEBUG[0m [2methereum_transaction_pool_monitor::eth_client[0m[2m:[0m 📡 Transaction fetch RPC completed in 7.147583ms
[2m2025-12-10T10:09:53.320070Z[0m [34mDEBUG[0m [2methereum_transaction_pool_monitor::eth_client[0m[2m:[0m ✅ Transaction 0x54c00b92fb7ef7cf7aee708a31fe51f0828c4bd80c70bd9b268c4457fc0b7e7a fetched and parsed in 78.630292ms
[2m2025-12-10T10:09:53.320098Z[0m [34mDEBUG[0m [2methereum_transaction_pool_monitor::mempool_monitor[0m[2m:[0m 🔍 Skipping tx 0x54c00b92fb7ef7cf7aee708a31fe51f0828c4bd80c70bd9b268c4457fc0b7e7a - not a DEX interaction (target: 0xff56Cc6b1E6dEd347aA0B7676C85AB0B3D08B0FA)
[2m2025-12-10T10:09:53.320108Z[0m [34mDEBUG[0m [2methereum_transaction_pool_monitor::mempool_monitor[0m[2m:[0m 📨 Processing new pending transaction: 0x675e44def7ca2795ca549d131e1fd29196357b1e617e3771b668a15a5db69452
[2m2025-12-10T10:09:53.320116Z[0m [34mDEBUG[0m [2methereum_transaction_pool_monitor::mempool_monitor[0m[2m:[0m 🔍 Fetching transaction details for: 0x675e44def7ca2795ca549d131e1fd29196357b1e617e3771b668a15a5db69452
[2m2025-12-10T10:09:53.320122Z[0m [34mDEBUG[0m [2methereum_transaction_pool_monitor::eth_client[0m[2m:[0m 🔍 Fetching transaction details for hash: 0x675e44def7ca2795ca549d131e1fd29196357b1e617e3771b668a15a5db69452
[2m2025-12-10T10:09:53.320142Z[0m [34mDEBUG[0m [2mhyper::client::pool[0m[2m:[0m reuse idle connection for ("http", 192.168.0.14:8545)
[2m2025-12-10T10:09:53.320188Z[0m [34mDEBUG[0m [2mhyper::proto::h1::io[0m[2m:[0m flushed 250 bytes
[2m2025-12-10T10:09:53.320209Z[0m [34mDEBUG[0m [2mhyper::client::pool[0m[2m:[0m reuse idle connection for ("http", 192.168.0.14:8545)
[2m2025-12-10T10:09:53.320222Z[0m [34mDEBUG[0m [2methereum_transaction_pool_monitor::eth_client[0m[2m:[0m 📨 Received WebSocket message: {"jsonrpc":"2.0","method":"eth_subscription","params":{"subscription":"0xbed0a0851463e895960a451075a301a9","result":"0x2adddb5062319fe4adfef17dee67ba10014ad79f622a2bf2ce05af6d32d9a9c7"}}
[2m2025-12-10T10:09:53.320225Z[0m [34mDEBUG[0m [2mhyper::proto::h1::io[0m[2m:[0m flushed 172 bytes
[2m2025-12-10T10:09:53.320236Z[0m [34mDEBUG[0m [2methereum_transaction_pool_monitor::eth_client[0m[2m:[0m 📨 Received pending transaction: 0x2adddb5062319fe4adfef17dee67ba10014ad79f622a2bf2ce05af6d32d9a9c7
[2m2025-12-10T10:09:53.323786Z[0m [34mDEBUG[0m [2mhyper::proto::h1::io[0m[2m:[0m parsed 4 headers
[2m2025-12-10T10:09:53.323792Z[0m [34mDEBUG[0m [2mhyper::proto::h1::conn[0m[2m:[0m incoming body is content-length (1731 bytes)
[2m2025-12-10T10:09:53.323807Z[0m [34mDEBUG[0m [2methereum_transaction_pool_monitor::eth_client[0m[2m:[0m 📡 Transaction fetch RPC completed in 3.680167ms
[2m2025-12-10T10:09:53.325645Z[0m [34mDEBUG[0m [2mhyper::proto::h1::conn[0m[2m:[0m incoming body completed
[2m2025-12-10T10:09:53.325681Z[0m [34mDEBUG[0m [2mhyper::client::pool[0m[2m:[0m pooling idle connection for ("http", 192.168.0.14:8545)
[2m2025-12-10T10:09:53.325706Z[0m [34mDEBUG[0m [2mhyper::proto::h1::io[0m[2m:[0m parsed 4 headers
[2m2025-12-10T10:09:53.325716Z[0m [34mDEBUG[0m [2mhyper::proto::h1::conn[0m[2m:[0m incoming body is content-length (45 bytes)
[2m2025-12-10T10:09:53.325743Z[0m [34mDEBUG[0m [2mhyper::proto::h1::conn[0m[2m:[0m incoming body completed
[2m2025-12-10T10:09:53.325749Z[0m [34mDEBUG[0m [2mhyper::client::pool[0m[2m:[0m pooling idle connection for ("http", 192.168.0.14:8545)
[2m2025-12-10T10:09:53.397279Z[0m [34mDEBUG[0m [2methereum_transaction_pool_monitor::eth_client[0m[2m:[0m ✅ Transaction 0x675e44def7ca2795ca549d131e1fd29196357b1e617e3771b668a15a5db69452 fetched and parsed in 77.14925ms
[2m2025-12-10T10:09:53.397288Z[0m [34mDEBUG[0m [2mhyper::client::pool[0m[2m:[0m reuse idle connection for ("http", 192.168.0.14:8545)
[2m2025-12-10T10:09:53.397300Z[0m [34mDEBUG[0m [2methereum_transaction_pool_monitor::mempool_monitor[0m[2m:[0m 🔍 Skipping tx 0x675e44def7ca2795ca549d131e1fd29196357b1e617e3771b668a15a5db69452 - not a DEX interaction (target: 0x601a2aD6CB5949f0529735254189Ba3194221EDF)
[2m2025-12-10T10:09:53.397312Z[0m [34mDEBUG[0m [2methereum_transaction_pool_monitor::mempool_monitor[0m[2m:[0m 📨 Processing new pending transaction: 0x2f426cb1d459465fbb8baada598c31dd54b916a1424e0a9929c425649c103152
[2m2025-12-10T10:09:53.397318Z[0m [34mDEBUG[0m [2methereum_transaction_pool_monitor::mempool_monitor[0m[2m:[0m 🔍 Fetching transaction details for: 0x2f426cb1d459465fbb8baada598c31dd54b916a1424e0a9929c425649c103152
[2m2025-12-10T10:09:53.397323Z[0m [34mDEBUG[0m [2methereum_transaction_pool_monitor::eth_client[0m[2m:[0m 🔍 Fetching transaction details for hash: 0x2f426cb1d459465fbb8baada598c31dd54b916a1424e0a9929c425649c103152
[2m2025-12-10T10:09:53.397325Z[0m [34mDEBUG[0m [2mhyper::proto::h1::io[0m[2m:[0m flushed 172 bytes
[2m2025-12-10T10:09:53.397334Z[0m [34mDEBUG[0m [2mhyper::client::pool[0m[2m:[0m reuse idle connection for ("http", 192.168.0.14:8545)
[2m2025-12-10T10:09:53.397353Z[0m [34mDEBUG[0m [2mhyper::proto::h1::io[0m[2m:[0m flushed 250 bytes
[2m2025-12-10T10:09:53.404228Z[0m [34mDEBUG[0m [2mhyper::proto::h1::io[0m[2m:[0m parsed 4 headers
[2m2025-12-10T10:09:53.404251Z[0m [34mDEBUG[0m [2mhyper::proto::h1::conn[0m[2m:[0m incoming body is content-length (45 bytes)
[2m2025-12-10T10:09:53.404275Z[0m [34mDEBUG[0m [2mhyper::proto::h1::conn[0m[2m:[0m incoming body completed
[2m2025-12-10T10:09:53.404288Z[0m [34mDEBUG[0m [2mhyper::client::pool[0m[2m:[0m pooling idle connection for ("http", 192.168.0.14:8545)
[2m2025-12-10T10:09:53.408944Z[0m [34mDEBUG[0m [2methereum_transaction_pool_monitor::eth_client[0m[2m:[0m 📨 Received WebSocket message: {"jsonrpc":"2.0","method":"eth_subscription","params":{"subscription":"0xbed0a0851463e895960a451075a301a9","result":"0x9f8702f4b54a81f07ec4a2691b82db3e778a2c9fdd900858eaa669988a4e45f7"}}
[2m2025-12-10T10:09:53.408973Z[0m [34mDEBUG[0m [2methereum_transaction_pool_monitor::eth_client[0m[2m:[0m 📨 Received pending transaction: 0x9f8702f4b54a81f07ec4a2691b82db3e778a2c9fdd900858eaa669988a4e45f7
[2m2025-12-10T10:09:53.408979Z[0m [34mDEBUG[0m [2methereum_transaction_pool_monitor::eth_client[0m[2m:[0m 📨 Received WebSocket message: {"jsonrpc":"2.0","method":"eth_subscription","params":{"subscription":"0xbed0a0851463e895960a451075a301a9","result":"0x0237adca9acaccd1ea7e877eb314a98f365defe64b8c8e45f6eda2ff1cc754c8"}}
[2m2025-12-10T10:09:53.409002Z[0m [34mDEBUG[0m [2methereum_transaction_pool_monitor::eth_client[0m[2m:[0m 📨 Received pending transaction: 0x0237adca9acaccd1ea7e877eb314a98f365defe64b8c8e45f6eda2ff1cc754c8
[2m2025-12-10T10:09:53.409010Z[0m [34mDEBUG[0m [2mhyper::proto::h1::io[0m[2m:[0m parsed 4 headers
[2m2025-12-10T10:09:53.409016Z[0m [34mDEBUG[0m [2mhyper::proto::h1::conn[0m[2m:[0m incoming body is content-length (770 bytes)
[2m2025-12-10T10:09:53.409023Z[0m [34mDEBUG[0m [2mhyper::proto::h1::conn[0m[2m:[0m incoming body completed
[2m2025-12-10T10:09:53.409028Z[0m [34mDEBUG[0m [2mhyper::client::pool[0m[2m:[0m pooling idle connection for ("http", 192.168.0.14:8545)
[2m2025-12-10T10:09:53.409035Z[0m [34mDEBUG[0m [2methereum_transaction_pool_monitor::eth_client[0m[2m:[0m 📡 Transaction fetch RPC completed in 11.705417ms
[2m2025-12-10T10:09:53.480095Z[0m [34mDEBUG[0m [2methereum_transaction_pool_monitor::eth_client[0m[2m:[0m ✅ Transaction 0x2f426cb1d459465fbb8baada598c31dd54b916a1424e0a9929c425649c103152 fetched and parsed in 82.76325ms
[2m2025-12-10T10:09:53.480121Z[0m [34mDEBUG[0m [2methereum_transaction_pool_monitor::mempool_monitor[0m[2m:[0m 🔍 Skipping tx 0x2f426cb1d459465fbb8baada598c31dd54b916a1424e0a9929c425649c103152 - not a DEX interaction (target: 0xF411903cbC70a74d22900a5DE66A2dda66507255)
[2m2025-12-10T10:09:53.480130Z[0m [34mDEBUG[0m [2methereum_transaction_pool_monitor::mempool_monitor[0m[2m:[0m 📨 Processing new pending transaction: 0x7f0b9b504b0cb251b7f8233c79acfa3d16e0f6bec25b61abd8e304c422134fc7
[2m2025-12-10T10:09:53.480139Z[0m [34mDEBUG[0m [2methereum_transaction_pool_monitor::mempool_monitor[0m[2m:[0m 🔍 Fetching transaction details for: 0x7f0b9b504b0cb251b7f8233c79acfa3d16e0f6bec25b61abd8e304c422134fc7
[2m2025-12-10T10:09:53.480144Z[0m [34mDEBUG[0m [2methereum_transaction_pool_monitor::eth_client[0m[2m:[0m 🔍 Fetching transaction details for hash: 0x7f0b9b504b0cb251b7f8233c79acfa3d16e0f6bec25b61abd8e304c422134fc7
[2m2025-12-10T10:09:53.480162Z[0m [34mDEBUG[0m [2mhyper::client::pool[0m[2m:[0m reuse idle connection for ("http", 192.168.0.14:8545)
[2m2025-12-10T10:09:53.480196Z[0m [34mDEBUG[0m [2mhyper::proto::h1::io[0m[2m:[0m flushed 250 bytes
[2m2025-12-10T10:09:53.480212Z[0m [34mDEBUG[0m [2methereum_transaction_pool_monitor::eth_client[0m[2m:[0m 📨 Received WebSocket message: {"jsonrpc":"2.0","method":"eth_subscription","params":{"subscription":"0xbed0a0851463e895960a451075a301a9","result":"0x258cee340293232cc83d775fd460bbd43a18f6b5d745aef047a972a4444185aa"}}
[2m2025-12-10T10:09:53.480220Z[0m [34mDEBUG[0m [2methereum_transaction_pool_monitor::eth_client[0m[2m:[0m 📨 Received pending transaction: 0x258cee340293232cc83d775fd460bbd43a18f6b5d745aef047a972a4444185aa
[2m2025-12-10T10:09:53.480227Z[0m [34mDEBUG[0m [2methereum_transaction_pool_monitor::eth_client[0m[2m:[0m 📨 Received WebSocket message: {"jsonrpc":"2.0","method":"eth_subscription","params":{"subscription":"0xbed0a0851463e895960a451075a301a9","result":"0xd5e45789511073d841cd4dda893275fe5494f9713beff7b28dbde324c588cef3"}}
[2m2025-12-10T10:09:53.480235Z[0m [34mDEBUG[0m [2methereum_transaction_pool_monitor::eth_client[0m[2m:[0m 📨 Received pending transaction: 0xd5e45789511073d841cd4dda893275fe5494f9713beff7b28dbde324c588cef3
[2m2025-12-10T10:09:53.483954Z[0m [34mDEBUG[0m [2mhyper::proto::h1::io[0m[2m:[0m parsed 4 headers
[2m2025-12-10T10:09:53.483962Z[0m [34mDEBUG[0m [2mhyper::proto::h1::conn[0m[2m:[0m incoming body is content-length (652 bytes)
[2m2025-12-10T10:09:53.483969Z[0m [34mDEBUG[0m [2mhyper::proto::h1::conn[0m[2m:[0m incoming body completed
[2m2025-12-10T10:09:53.483977Z[0m [34mDEBUG[0m [2mhyper::client::pool[0m[2m:[0m pooling idle connection for ("http", 192.168.0.14:8545)
[2m2025-12-10T10:09:53.483984Z[0m [34mDEBUG[0m [2methereum_transaction_pool_monitor::eth_client[0m[2m:[0m 📡 Transaction fetch RPC completed in 3.835791ms
[2m2025-12-10T10:09:53.555250Z[0m [34mDEBUG[0m [2methereum_transaction_pool_monitor::eth_client[0m[2m:[0m ✅ Transaction 0x7f0b9b504b0cb251b7f8233c79acfa3d16e0f6bec25b61abd8e304c422134fc7 fetched and parsed in 75.099041ms
[2m2025-12-10T10:09:53.555281Z[0m [34mDEBUG[0m [2methereum_transaction_pool_monitor::mempool_monitor[0m[2m:[0m 🔍 Skipping tx 0x7f0b9b504b0cb251b7f8233c79acfa3d16e0f6bec25b61abd8e304c422134fc7 - not a DEX interaction (target: 0x70073614E07F43e819B999f1CCBc2a6b633f06ba)
[2m2025-12-10T10:09:53.555293Z[0m [34mDEBUG[0m [2methereum_transaction_pool_monitor::mempool_monitor[0m[2m:[0m 📨 Processing new pending transaction: 0x74ff36d85147425769c4c0a5ad4b7f01dbec26ee48867c20868e5becbcbcca4f
[2m2025-12-10T10:09:53.555301Z[0m [34mDEBUG[0m [2methereum_transaction_pool_monitor::mempool_monitor[0m[2m:[0m 🔍 Fetching transaction details for: 0x74ff36d85147425769c4c0a5ad4b7f01dbec26ee48867c20868e5becbcbcca4f
[2m2025-12-10T10:09:53.555308Z[0m [34mDEBUG[0m [2methereum_transaction_pool_monitor::eth_client[0m[2m:[0m 🔍 Fetching transaction details for hash: 0x74ff36d85147425769c4c0a5ad4b7f01dbec26ee48867c20868e5becbcbcca4f
[2m2025-12-10T10:09:53.555327Z[0m [34mDEBUG[0m [2mhyper::client::pool[0m[2m:[0m reuse idle connection for ("http", 192.168.0.14:8545)
[2m2025-12-10T10:09:53.555368Z[0m [34mDEBUG[0m [2mhyper::proto::h1::io[0m[2m:[0m flushed 250 bytes
[2m2025-12-10T10:09:53.555391Z[0m [34mDEBUG[0m [2mhyper::client::pool[0m[2m:[0m reuse idle connection for ("http", 192.168.0.14:8545)
[2m2025-12-10T10:09:53.555406Z[0m [34mDEBUG[0m [2mhyper::proto::h1::io[0m[2m:[0m flushed 172 bytes
[2m2025-12-10T10:09:53.555445Z[0m [34mDEBUG[0m [2methereum_transaction_pool_monitor::eth_client[0m[2m:[0m 📨 Received WebSocket message: {"jsonrpc":"2.0","method":"eth_subscription","params":{"subscription":"0xbed0a0851463e895960a451075a301a9","result":"0x55e4437b0b14faf0c72724d61d3008dc8a9d3529b5cd3b1a139c8c61a48431ae"}}
[2m2025-12-10T10:09:53.555454Z[0m [34mDEBUG[0m [2methereum_transaction_pool_monitor::eth_client[0m[2m:[0m 📨 Received pending transaction: 0x55e4437b0b14faf0c72724d61d3008dc8a9d3529b5cd3b1a139c8c61a48431ae
[2m2025-12-10T10:09:53.562661Z[0m [34mDEBUG[0m [2mhyper::proto::h1::io[0m[2m:[0m parsed 4 headers
[2m2025-12-10T10:09:53.562671Z[0m [34mDEBUG[0m [2mhyper::proto::h1::conn[0m[2m:[0m incoming body is content-length (45 bytes)
[2m2025-12-10T10:09:53.562679Z[0m [34mDEBUG[0m [2mhyper::proto::h1::conn[0m[2m:[0m incoming body completed
[2m2025-12-10T10:09:53.562689Z[0m [34mDEBUG[0m [2mhyper::client::pool[0m[2m:[0m pooling idle connection for ("http", 192.168.0.14:8545)
[2m2025-12-10T10:09:53.562707Z[0m [34mDEBUG[0m [2mhyper::proto::h1::io[0m[2m:[0m parsed 4 headers
[2m2025-12-10T10:09:53.562714Z[0m [34mDEBUG[0m [2mhyper::proto::h1::conn[0m[2m:[0m incoming body is content-length (2755 bytes)
[2m2025-12-10T10:09:53.562721Z[0m [34mDEBUG[0m [2mhyper::proto::h1::conn[0m[2m:[0m incoming body completed
[2m2025-12-10T10:09:53.562727Z[0m [34mDEBUG[0m [2mhyper::client::pool[0m[2m:[0m pooling idle connection for ("http", 192.168.0.14:8545)
[2m2025-12-10T10:09:53.562732Z[0m [34mDEBUG[0m [2methereum_transaction_pool_monitor::eth_client[0m[2m:[0m 📡 Transaction fetch RPC completed in 7.419542ms
[2m2025-12-10T10:09:53.634881Z[0m [34mDEBUG[0m [2methereum_transaction_pool_monitor::eth_client[0m[2m:[0m ✅ Transaction 0x74ff36d85147425769c4c0a5ad4b7f01dbec26ee48867c20868e5becbcbcca4f fetched and parsed in 79.566459ms
[2m2025-12-10T10:09:53.634908Z[0m [34mDEBUG[0m [2methereum_transaction_pool_monitor::mempool_monitor[0m[2m:[0m 🔍 Skipping tx 0x74ff36d85147425769c4c0a5ad4b7f01dbec26ee48867c20868e5becbcbcca4f - not a DEX interaction (target: 0x0000000000000068F116a894984e2DB1123eB395)
[2m2025-12-10T10:09:53.634919Z[0m [34mDEBUG[0m [2methereum_transaction_pool_monitor::mempool_monitor[0m[2m:[0m 📨 Processing new pending transaction: 0xbd50ecad9602eb7044bee4805526bcf589d89d44921cdd21c668d0cb4b1373c6
[2m2025-12-10T10:09:53.634925Z[0m [34mDEBUG[0m [2methereum_transaction_pool_monitor::mempool_monitor[0m[2m:[0m 🔍 Fetching transaction details for: 0xbd50ecad9602eb7044bee4805526bcf589d89d44921cdd21c668d0cb4b1373c6
[2m2025-12-10T10:09:53.634931Z[0m [34mDEBUG[0m [2methereum_transaction_pool_monitor::eth_client[0m[2m:[0m 🔍 Fetching transaction details for hash: 0xbd50ecad9602eb7044bee4805526bcf589d89d44921cdd21c668d0cb4b1373c6
[2m2025-12-10T10:09:53.634949Z[0m [34mDEBUG[0m [2mhyper::client::pool[0m[2m:[0m reuse idle connection for ("http", 192.168.0.14:8545)
[2m2025-12-10T10:09:53.634990Z[0m [34mDEBUG[0m [2mhyper::proto::h1::io[0m[2m:[0m flushed 250 bytes
[2m2025-12-10T10:09:53.635009Z[0m [34mDEBUG[0m [2mhyper::client::pool[0m[2m:[0m reuse idle connection for ("http", 192.168.0.14:8545)
[2m2025-12-10T10:09:53.635022Z[0m [34mDEBUG[0m [2methereum_transaction_pool_monitor::eth_client[0m[2m:[0m 📨 Received WebSocket message: {"jsonrpc":"2.0","method":"eth_subscription","params":{"subscription":"0xbed0a0851463e895960a451075a301a9","result":"0x58173225af5fc6861e46197e9bca7f481988f2b3fcb12e67318bb7f425f086f9"}}
[2m2025-12-10T10:09:53.635024Z[0m [34mDEBUG[0m [2mhyper::proto::h1::io[0m[2m:[0m flushed 172 bytes
[2m2025-12-10T10:09:53.635036Z[0m [34mDEBUG[0m [2methereum_transaction_pool_monitor::eth_client[0m[2m:[0m 📨 Received pending transaction: 0x58173225af5fc6861e46197e9bca7f481988f2b3fcb12e67318bb7f425f086f9
[2m2025-12-10T10:09:53.635065Z[0m [34mDEBUG[0m [2methereum_transaction_pool_monitor::eth_client[0m[2m:[0m 📨 Received WebSocket message: {"jsonrpc":"2.0","method":"eth_subscription","params":{"subscription":"0xbed0a0851463e895960a451075a301a9","result":"0x1518021d8cf8cd9ab6148753426799a1d9f6f50c2edd4c89509572e3bc775360"}}
[2m2025-12-10T10:09:53.635072Z[0m [34mDEBUG[0m [2methereum_transaction_pool_monitor::eth_client[0m[2m:[0m 📨 Received pending transaction: 0x1518021d8cf8cd9ab6148753426799a1d9f6f50c2edd4c89509572e3bc775360
[2m2025-12-10T10:09:53.635077Z[0m [34mDEBUG[0m [2methereum_transaction_pool_monitor::eth_client[0m[2m:[0m 📨 Received WebSocket message: {"jsonrpc":"2.0","method":"eth_subscription","params":{"subscription":"0xbed0a0851463e895960a451075a301a9","result":"0x376255b9759fb6c32b86cf861cb240b34ec8adc2e995cb3d1d9a2523d07fbb98"}}
[2m2025-12-10T10:09:53.635081Z[0m [34mDEBUG[0m [2methereum_transaction_pool_monitor::eth_client[0m[2m:[0m 📨 Received pending transaction: 0x376255b9759fb6c32b86cf861cb240b34ec8adc2e995cb3d1d9a2523d07fbb98
[2m2025-12-10T10:09:53.641041Z[0m [34mDEBUG[0m [2mhyper::proto::h1::io[0m[2m:[0m parsed 4 headers
[2m2025-12-10T10:09:53.641046Z[0m [34mDEBUG[0m [2mhyper::proto::h1::conn[0m[2m:[0m incoming body is content-length (45 bytes)
[2m2025-12-10T10:09:53.641052Z[0m [34mDEBUG[0m [2mhyper::proto::h1::conn[0m[2m:[0m incoming body completed
[2m2025-12-10T10:09:53.641059Z[0m [34mDEBUG[0m [2mhyper::client::pool[0m[2m:[0m pooling idle connection for ("http", 192.168.0.14:8545)
[2m2025-12-10T10:09:53.644844Z[0m [34mDEBUG[0m [2methereum_transaction_pool_monitor::eth_client[0m[2m:[0m 📨 Received WebSocket message: {"jsonrpc":"2.0","method":"eth_subscription","params":{"subscription":"0xbed0a0851463e895960a451075a301a9","result":"0x50ff138f4a07e7d4f436f88974721d332e2e0cabff8c99a40fd8f869fad969cd"}}
[2m2025-12-10T10:09:53.644855Z[0m [34mDEBUG[0m [2methereum_transaction_pool_monitor::eth_client[0m[2m:[0m 📨 Received pending transaction: 0x50ff138f4a07e7d4f436f88974721d332e2e0cabff8c99a40fd8f869fad969cd
[2m2025-12-10T10:09:53.644879Z[0m [34mDEBUG[0m [2mhyper::proto::h1::io[0m[2m:[0m parsed 4 headers
[2m2025-12-10T10:09:53.644886Z[0m [34mDEBUG[0m [2mhyper::proto::h1::conn[0m[2m:[0m incoming body is content-length (763 bytes)
[2m2025-12-10T10:09:53.644892Z[0m [34mDEBUG[0m [2mhyper::proto::h1::conn[0m[2m:[0m incoming body completed
[2m2025-12-10T10:09:53.644901Z[0m [34mDEBUG[0m [2mhyper::client::pool[0m[2m:[0m pooling idle connection for ("http", 192.168.0.14:8545)
[2m2025-12-10T10:09:53.644906Z[0m [34mDEBUG[0m [2methereum_transaction_pool_monitor::eth_client[0m[2m:[0m 📡 Transaction fetch RPC completed in 9.970625ms
[2m2025-12-10T10:09:53.698891Z[0m [34mDEBUG[0m [2mhyper::client::pool[0m[2m:[0m reuse idle connection for ("http", 192.168.0.14:8545)
[2m2025-12-10T10:09:53.698957Z[0m [34mDEBUG[0m [2mhyper::proto::h1::io[0m[2m:[0m flushed 172 bytes
[2m2025-12-10T10:09:53.702411Z[0m [34mDEBUG[0m [2mhyper::proto::h1::io[0m[2m:[0m parsed 4 headers
[2m2025-12-10T10:09:53.702426Z[0m [34mDEBUG[0m [2mhyper::proto::h1::conn[0m[2m:[0m incoming body is content-length (45 bytes)
[2m2025-12-10T10:09:53.702434Z[0m [34mDEBUG[0m [2mhyper::proto::h1::conn[0m[2m:[0m incoming body completed
[2m2025-12-10T10:09:53.702443Z[0m [34mDEBUG[0m [2mhyper::client::pool[0m[2m:[0m pooling idle connection for ("http", 192.168.0.14:8545)
[2m2025-12-10T10:09:53.716680Z[0m [34mDEBUG[0m [2methereum_transaction_pool_monitor::eth_client[0m[2m:[0m ✅ Transaction 0xbd50ecad9602eb7044bee4805526bcf589d89d44921cdd21c668d0cb4b1373c6 fetched and parsed in 81.741875ms
[2m2025-12-10T10:09:53.716705Z[0m [34mDEBUG[0m [2methereum_transaction_pool_monitor::mempool_monitor[0m[2m:[0m 🔍 Skipping tx 0xbd50ecad9602eb7044bee4805526bcf589d89d44921cdd21c668d0cb4b1373c6 - not a DEX interaction (target: 0xd50370bEE8bFf23Bbb30ca558a1d0207DBc96ef2)
[2m2025-12-10T10:09:53.716717Z[0m [34mDEBUG[0m [2methereum_transaction_pool_monitor::mempool_monitor[0m[2m:[0m 📨 Processing new pending transaction: 0x9650150f9629cb10e46efe23e69fb6d0243504c34178792fc3ebe800cd15c81e
[2m2025-12-10T10:09:53.716725Z[0m [34mDEBUG[0m [2methereum_transaction_pool_monitor::mempool_monitor[0m[2m:[0m 🔍 Fetching transaction details for: 0x9650150f9629cb10e46efe23e69fb6d0243504c34178792fc3ebe800cd15c81e
[2m2025-12-10T10:09:53.716730Z[0m [34mDEBUG[0m [2methereum_transaction_pool_monitor::eth_client[0m[2m:[0m 🔍 Fetching transaction details for hash: 0x9650150f9629cb10e46efe23e69fb6d0243504c34178792fc3ebe800cd15c81e
[2m2025-12-10T10:09:53.716749Z[0m [34mDEBUG[0m [2mhyper::client::pool[0m[2m:[0m reuse idle connection for ("http", 192.168.0.14:8545)
[2m2025-12-10T10:09:53.716791Z[0m [34mDEBUG[0m [2mhyper::proto::h1::io[0m[2m:[0m flushed 250 bytes
[2m2025-12-10T10:09:53.723983Z[0m [34mDEBUG[0m [2mhyper::proto::h1::io[0m[2m:[0m parsed 4 headers
[2m2025-12-10T10:09:53.723993Z[0m [34mDEBUG[0m [2mhyper::proto::h1::conn[0m[2m:[0m incoming body is content-length (550 bytes)
[2m2025-12-10T10:09:53.724000Z[0m [34mDEBUG[0m [2mhyper::proto::h1::conn[0m[2m:[0m incoming body completed
[2m2025-12-10T10:09:53.724010Z[0m [34mDEBUG[0m [2mhyper::client::pool[0m[2m:[0m pooling idle connection for ("http", 192.168.0.14:8545)
[2m2025-12-10T10:09:53.724016Z[0m [34mDEBUG[0m [2methereum_transaction_pool_monitor::eth_client[0m[2m:[0m 📡 Transaction fetch RPC completed in 7.281542ms
[2m2025-12-10T10:09:53.795259Z[0m [34mDEBUG[0m [2methereum_transaction_pool_monitor::eth_client[0m[2m:[0m ✅ Transaction 0x9650150f9629cb10e46efe23e69fb6d0243504c34178792fc3ebe800cd15c81e fetched and parsed in 78.521334ms
[2m2025-12-10T10:09:53.795290Z[0m [34mDEBUG[0m [2methereum_transaction_pool_monitor::mempool_monitor[0m[2m:[0m 🔍 Skipping tx 0x9650150f9629cb10e46efe23e69fb6d0243504c34178792fc3ebe800cd15c81e - not a DEX interaction (target: 0x4E5B2e1dc63F6b91cb6Cd759936495434C7e972F)
[2m2025-12-10T10:09:53.795301Z[0m [34mDEBUG[0m [2methereum_transaction_pool_monitor::mempool_monitor[0m[2m:[0m 📨 Processing new pending transaction: 0x3a9c860ef134aa72e1c5a78f31545e4ea12d5fc0c80fb703f2994ea734df0563
[2m2025-12-10T10:09:53.795309Z[0m [34mDEBUG[0m [2methereum_transaction_pool_monitor::mempool_monitor[0m[2m:[0m 🔍 Fetching transaction details for: 0x3a9c860ef134aa72e1c5a78f31545e4ea12d5fc0c80fb703f2994ea734df0563
[2m2025-12-10T10:09:53.795315Z[0m [34mDEBUG[0m [2methereum_transaction_pool_monitor::eth_client[0m[2m:[0m 🔍 Fetching transaction details for hash: 0x3a9c860ef134aa72e1c5a78f31545e4ea12d5fc0c80fb703f2994ea734df0563
[2m2025-12-10T10:09:53.795336Z[0m [34mDEBUG[0m [2mhyper::client::pool[0m[2m:[0m reuse idle connection for ("http", 192.168.0.14:8545)
[2m2025-12-10T10:09:53.795381Z[0m [34mDEBUG[0m [2mhyper::proto::h1::io[0m[2m:[0m flushed 250 bytes
[2m2025-12-10T10:09:53.795408Z[0m [34mDEBUG[0m [2methereum_transaction_pool_monitor::eth_client[0m[2m:[0m 📨 Received WebSocket message: {"jsonrpc":"2.0","method":"eth_subscription","params":{"subscription":"0xbed0a0851463e895960a451075a301a9","result":"0x10f859c5b117999e07d1fa255acfcf716d9ab1ff2023148fce6126b3fca27586"}}
[2m2025-12-10T10:09:53.795419Z[0m [34mDEBUG[0m [2methereum_transaction_pool_monitor::eth_client[0m[2m:[0m 📨 Received pending transaction: 0x10f859c5b117999e07d1fa255acfcf716d9ab1ff2023148fce6126b3fca27586
[2m2025-12-10T10:09:53.795424Z[0m [34mDEBUG[0m [2methereum_transaction_pool_monitor::eth_client[0m[2m:[0m 📨 Received WebSocket message: {"jsonrpc":"2.0","method":"eth_subscription","params":{"subscription":"0xbed0a0851463e895960a451075a301a9","result":"0x95e8522df040f5e19e204f1a3c86f3fd90b237e5658e442a90a64887d3aaec10"}}
[2m2025-12-10T10:09:53.795435Z[0m [34mDEBUG[0m [2methereum_transaction_pool_monitor::eth_client[0m[2m:[0m 📨 Received pending transaction: 0x95e8522df040f5e19e204f1a3c86f3fd90b237e5658e442a90a64887d3aaec10
[2m2025-12-10T10:09:53.796705Z[0m [34mDEBUG[0m [2mhyper::client::pool[0m[2m:[0m reuse idle connection for ("http", 192.168.0.14:8545)
[2m2025-12-10T10:09:53.796740Z[0m [34mDEBUG[0m [2mhyper::proto::h1::io[0m[2m:[0m flushed 172 bytes
[2m2025-12-10T10:09:53.802445Z[0m [34mDEBUG[0m [2mhyper::proto::h1::io[0m[2m:[0m parsed 4 headers
[2m2025-12-10T10:09:53.802452Z[0m [34mDEBUG[0m [2mhyper::proto::h1::conn[0m[2m:[0m incoming body is content-length (771 bytes)
[2m2025-12-10T10:09:53.802459Z[0m [34mDEBUG[0m [2mhyper::proto::h1::conn[0m[2m:[0m incoming body completed
[2m2025-12-10T10:09:53.802467Z[0m [34mDEBUG[0m [2mhyper::client::pool[0m[2m:[0m pooling idle connection for ("http", 192.168.0.14:8545)
[2m2025-12-10T10:09:53.802473Z[0m [34mDEBUG[0m [2methereum_transaction_pool_monitor::eth_client[0m[2m:[0m 📡 Transaction fetch RPC completed in 7.153542ms
[2m2025-12-10T10:09:53.875000Z[0m [34mDEBUG[0m [2methereum_transaction_pool_monitor::eth_client[0m[2m:[0m ✅ Transaction 0x3a9c860ef134aa72e1c5a78f31545e4ea12d5fc0c80fb703f2994ea734df0563 fetched and parsed in 79.677959ms
[2m2025-12-10T10:09:53.875122Z[0m [34mDEBUG[0m [2methereum_transaction_pool_monitor::mempool_monitor[0m[2m:[0m 🔍 Skipping tx 0x3a9c860ef134aa72e1c5a78f31545e4ea12d5fc0c80fb703f2994ea734df0563 - not a DEX interaction (target: 0xA0b86991c6218b36c1d19D4a2e9Eb0cE3606eB48)
[2m2025-12-10T10:09:53.875135Z[0m [34mDEBUG[0m [2methereum_transaction_pool_monitor::mempool_monitor[0m[2m:[0m 📨 Processing new pending transaction: 0x014dae120bfa55a3a4c6703edb987ca40803b745c7765f2ee51929b0118b67e4
[2m2025-12-10T10:09:53.875143Z[0m [34mDEBUG[0m [2methereum_transaction_pool_monitor::mempool_monitor[0m[2m:[0m 🔍 Fetching transaction details for: 0x014dae120bfa55a3a4c6703edb987ca40803b745c7765f2ee51929b0118b67e4
[2m2025-12-10T10:09:53.875149Z[0m [34mDEBUG[0m [2methereum_transaction_pool_monitor::eth_client[0m[2m:[0m 🔍 Fetching transaction details for hash: 0x014dae120bfa55a3a4c6703edb987ca40803b745c7765f2ee51929b0118b67e4
[2m2025-12-10T10:09:53.875169Z[0m [34mDEBUG[0m [2mhyper::client::pool[0m[2m:[0m reuse idle connection for ("http", 192.168.0.14:8545)
[2m2025-12-10T10:09:53.875215Z[0m [34mDEBUG[0m [2mhyper::proto::h1::io[0m[2m:[0m flushed 250 bytes
[2m2025-12-10T10:09:53.875231Z[0m [34mDEBUG[0m [2mhyper::proto::h1::io[0m[2m:[0m parsed 4 headers
[2m2025-12-10T10:09:53.875238Z[0m [34mDEBUG[0m [2mhyper::proto::h1::conn[0m[2m:[0m incoming body is content-length (45 bytes)
[2m2025-12-10T10:09:53.875246Z[0m [34mDEBUG[0m [2mhyper::proto::h1::conn[0m[2m:[0m incoming body completed
[2m2025-12-10T10:09:53.875254Z[0m [34mDEBUG[0m [2mhyper::client::pool[0m[2m:[0m pooling idle connection for ("http", 192.168.0.14:8545)
[2m2025-12-10T10:09:53.878709Z[0m [34mDEBUG[0m [2mhyper::proto::h1::io[0m[2m:[0m parsed 4 headers
[2m2025-12-10T10:09:53.878724Z[0m [34mDEBUG[0m [2mhyper::proto::h1::conn[0m[2m:[0m incoming body is content-length (769 bytes)
[2m2025-12-10T10:09:53.878730Z[0m [34mDEBUG[0m [2mhyper::proto::h1::conn[0m[2m:[0m incoming body completed
[2m2025-12-10T10:09:53.878738Z[0m [34mDEBUG[0m [2mhyper::client::pool[0m[2m:[0m pooling idle connection for ("http", 192.168.0.14:8545)
[2m2025-12-10T10:09:53.878743Z[0m [34mDEBUG[0m [2methereum_transaction_pool_monitor::eth_client[0m[2m:[0m 📡 Transaction fetch RPC completed in 3.588167ms
[2m2025-12-10T10:09:53.878757Z[0m [34mDEBUG[0m [2methereum_transaction_pool_monitor::eth_client[0m[2m:[0m DeFi transaction detected - Address: 0xdac17f958d2ee523a2206206994597c13d831ec7, Type: Stablecoin, Value: 0 ETH, Gas: 0.47 Gwei
[2m2025-12-10T10:09:53.878769Z[0m [34mDEBUG[0m [2methereum_transaction_pool_monitor::eth_client[0m[2m:[0m ✅ Transaction 0x014dae120bfa55a3a4c6703edb987ca40803b745c7765f2ee51929b0118b67e4 fetched and parsed in 3.61375ms
[2m2025-12-10T10:09:53.878775Z[0m [34mDEBUG[0m [2methereum_transaction_pool_monitor::mempool_monitor[0m[2m:[0m 🔍 Skipping tx 0x014dae120bfa55a3a4c6703edb987ca40803b745c7765f2ee51929b0118b67e4 - not a DEX interaction (target: 0xdAC17F958D2ee523a2206206994597C13D831ec7)
[2m2025-12-10T10:09:53.878781Z[0m [34mDEBUG[0m [2methereum_transaction_pool_monitor::mempool_monitor[0m[2m:[0m 📨 Processing new pending transaction: 0x4883dd19abb4f9fb0f11a813657ae42639486091ccbce9a814c22b4f8c45cf07
[2m2025-12-10T10:09:53.878785Z[0m [34mDEBUG[0m [2methereum_transaction_pool_monitor::mempool_monitor[0m[2m:[0m 🔍 Fetching transaction details for: 0x4883dd19abb4f9fb0f11a813657ae42639486091ccbce9a814c22b4f8c45cf07
[2m2025-12-10T10:09:53.878789Z[0m [34mDEBUG[0m [2methereum_transaction_pool_monitor::eth_client[0m[2m:[0m 🔍 Fetching transaction details for hash: 0x4883dd19abb4f9fb0f11a813657ae42639486091ccbce9a814c22b4f8c45cf07
[2m2025-12-10T10:09:53.878800Z[0m [34mDEBUG[0m [2mhyper::client::pool[0m[2m:[0m reuse idle connection for ("http", 192.168.0.14:8545)
[2m2025-12-10T10:09:53.878823Z[0m [34mDEBUG[0m [2mhyper::proto::h1::io[0m[2m:[0m flushed 250 bytes
[2m2025-12-10T10:09:53.883178Z[0m [34mDEBUG[0m [2mhyper::proto::h1::io[0m[2m:[0m parsed 4 headers
[2m2025-12-10T10:09:53.883192Z[0m [34mDEBUG[0m [2mhyper::proto::h1::conn[0m[2m:[0m incoming body is content-length (771 bytes)
[2m2025-12-10T10:09:53.883199Z[0m [34mDEBUG[0m [2mhyper::proto::h1::conn[0m[2m:[0m incoming body completed
[2m2025-12-10T10:09:53.883210Z[0m [34mDEBUG[0m [2mhyper::client::pool[0m[2m:[0m pooling idle connection for ("http", 192.168.0.14:8545)
[2m2025-12-10T10:09:53.883218Z[0m [34mDEBUG[0m [2methereum_transaction_pool_monitor::eth_client[0m[2m:[0m 📡 Transaction fetch RPC completed in 4.425417ms
[2m2025-12-10T10:09:53.954439Z[0m [34mDEBUG[0m [2methereum_transaction_pool_monitor::eth_client[0m[2m:[0m ✅ Transaction 0x4883dd19abb4f9fb0f11a813657ae42639486091ccbce9a814c22b4f8c45cf07 fetched and parsed in 75.643792ms
[2m2025-12-10T10:09:53.954465Z[0m [34mDEBUG[0m [2methereum_transaction_pool_monitor::mempool_monitor[0m[2m:[0m 🔍 Skipping tx 0x4883dd19abb4f9fb0f11a813657ae42639486091ccbce9a814c22b4f8c45cf07 - not a DEX interaction (target: 0xB8f28C60dD8240141185a192fa4156A23E189305)
[2m2025-12-10T10:09:53.954476Z[0m [34mDEBUG[0m [2methereum_transaction_pool_monitor::mempool_monitor[0m[2m:[0m 📨 Processing new pending transaction: 0x3c2c915b7edd5b6eb23577c573dad46a2dc349acade068a6c3f974ba73816a06
[2m2025-12-10T10:09:53.954482Z[0m [34mDEBUG[0m [2methereum_transaction_pool_monitor::mempool_monitor[0m[2m:[0m 🔍 Fetching transaction details for: 0x3c2c915b7edd5b6eb23577c573dad46a2dc349acade068a6c3f974ba73816a06
[2m2025-12-10T10:09:53.954488Z[0m [34mDEBUG[0m [2methereum_transaction_pool_monitor::eth_client[0m[2m:[0m 🔍 Fetching transaction details for hash: 0x3c2c915b7edd5b6eb23577c573dad46a2dc349acade068a6c3f974ba73816a06
[2m2025-12-10T10:09:53.954506Z[0m [34mDEBUG[0m [2mhyper::client::pool[0m[2m:[0m reuse idle connection for ("http", 192.168.0.14:8545)
[2m2025-12-10T10:09:53.954543Z[0m [34mDEBUG[0m [2mhyper::proto::h1::io[0m[2m:[0m flushed 250 bytes
[2m2025-12-10T10:09:53.954575Z[0m [34mDEBUG[0m [2mhyper::client::pool[0m[2m:[0m reuse idle connection for ("http", 192.168.0.14:8545)
[2m2025-12-10T10:09:53.954593Z[0m [34mDEBUG[0m [2mhyper::proto::h1::io[0m[2m:[0m flushed 172 bytes
[2m2025-12-10T10:09:53.965613Z[0m [34mDEBUG[0m [2methereum_transaction_pool_monitor::eth_client[0m[2m:[0m 📨 Received WebSocket message: {"jsonrpc":"2.0","method":"eth_subscription","params":{"subscription":"0xbed0a0851463e895960a451075a301a9","result":"0x4cb3f78d811f6527eb5c10a58674da4338d0b413e839e3eebff9908b490261b3"}}
[2m2025-12-10T10:09:53.965627Z[0m [34mDEBUG[0m [2methereum_transaction_pool_monitor::eth_client[0m[2m:[0m 📨 Received pending transaction: 0x4cb3f78d811f6527eb5c10a58674da4338d0b413e839e3eebff9908b490261b3
[2m2025-12-10T10:09:53.966345Z[0m [34mDEBUG[0m [2mhyper::proto::h1::io[0m[2m:[0m parsed 4 headers
[2m2025-12-10T10:09:53.966352Z[0m [34mDEBUG[0m [2mhyper::proto::h1::conn[0m[2m:[0m incoming body is content-length (45 bytes)
[2m2025-12-10T10:09:53.966361Z[0m [34mDEBUG[0m [2mhyper::proto::h1::conn[0m[2m:[0m incoming body completed
[2m2025-12-10T10:09:53.966370Z[0m [34mDEBUG[0m [2mhyper::client::pool[0m[2m:[0m pooling idle connection for ("http", 192.168.0.14:8545)
[2m2025-12-10T10:09:53.967360Z[0m [34mDEBUG[0m [2mhyper::proto::h1::io[0m[2m:[0m parsed 4 headers
[2m2025-12-10T10:09:53.967368Z[0m [34mDEBUG[0m [2mhyper::proto::h1::conn[0m[2m:[0m incoming body is content-length (766 bytes)
[2m2025-12-10T10:09:53.967375Z[0m [34mDEBUG[0m [2mhyper::proto::h1::conn[0m[2m:[0m incoming body completed
[2m2025-12-10T10:09:53.967382Z[0m [34mDEBUG[0m [2mhyper::client::pool[0m[2m:[0m pooling idle connection for ("http", 192.168.0.14:8545)
[2m2025-12-10T10:09:53.967389Z[0m [34mDEBUG[0m [2methereum_transaction_pool_monitor::eth_client[0m[2m:[0m 📡 Transaction fetch RPC completed in 12.896542ms
[2m2025-12-10T10:09:53.967401Z[0m [34mDEBUG[0m [2methereum_transaction_pool_monitor::eth_client[0m[2m:[0m DeFi transaction detected - Address: 0xdac17f958d2ee523a2206206994597c13d831ec7, Type: Stablecoin, Value: 0 ETH, Gas: 0.25 Gwei
[2m2025-12-10T10:09:53.967414Z[0m [34mDEBUG[0m [2methereum_transaction_pool_monitor::eth_client[0m[2m:[0m ✅ Transaction 0x3c2c915b7edd5b6eb23577c573dad46a2dc349acade068a6c3f974ba73816a06 fetched and parsed in 12.921833ms
[2m2025-12-10T10:09:53.967421Z[0m [34mDEBUG[0m [2methereum_transaction_pool_monitor::mempool_monitor[0m[2m:[0m 🔍 Skipping tx 0x3c2c915b7edd5b6eb23577c573dad46a2dc349acade068a6c3f974ba73816a06 - not a DEX interaction (target: 0xdAC17F958D2ee523a2206206994597C13D831ec7)
[2m2025-12-10T10:09:53.967429Z[0m [34mDEBUG[0m [2methereum_transaction_pool_monitor::mempool_monitor[0m[2m:[0m 📨 Processing new pending transaction: 0xfe27f0b1cb578bbf03f27c223d7c73c71023ea29eb29db791c7d241b9c84c4e7
[2m2025-12-10T10:09:53.967434Z[0m [34mDEBUG[0m [2methereum_transaction_pool_monitor::mempool_monitor[0m[2m:[0m 🔍 Fetching transaction details for: 0xfe27f0b1cb578bbf03f27c223d7c73c71023ea29eb29db791c7d241b9c84c4e7
[2m2025-12-10T10:09:53.967438Z[0m [34mDEBUG[0m [2methereum_transaction_pool_monitor::eth_client[0m[2m:[0m 🔍 Fetching transaction details for hash: 0xfe27f0b1cb578bbf03f27c223d7c73c71023ea29eb29db791c7d241b9c84c4e7
[2m2025-12-10T10:09:53.967449Z[0m [34mDEBUG[0m [2mhyper::client::pool[0m[2m:[0m reuse idle connection for ("http", 192.168.0.14:8545)
[2m2025-12-10T10:09:53.967462Z[0m [34mDEBUG[0m [2mhyper::proto::h1::io[0m[2m:[0m flushed 250 bytes
[2m2025-12-10T10:09:53.973056Z[0m [34mDEBUG[0m [2mhyper::proto::h1::io[0m[2m:[0m parsed 4 headers
[2m2025-12-10T10:09:53.973064Z[0m [34mDEBUG[0m [2mhyper::proto::h1::conn[0m[2m:[0m incoming body is content-length (774 bytes)
[2m2025-12-10T10:09:53.973069Z[0m [34mDEBUG[0m [2mhyper::proto::h1::conn[0m[2m:[0m incoming body completed
[2m2025-12-10T10:09:53.973076Z[0m [34mDEBUG[0m [2mhyper::client::pool[0m[2m:[0m pooling idle connection for ("http", 192.168.0.14:8545)
[2m2025-12-10T10:09:53.973081Z[0m [34mDEBUG[0m [2methereum_transaction_pool_monitor::eth_client[0m[2m:[0m 📡 Transaction fetch RPC completed in 5.639458ms
[2m2025-12-10T10:09:53.973092Z[0m [34mDEBUG[0m [2methereum_transaction_pool_monitor::eth_client[0m[2m:[0m DeFi transaction detected - Address: 0xdac17f958d2ee523a2206206994597c13d831ec7, Type: Stablecoin, Value: 0 ETH, Gas: 2.86 Gwei
[2m2025-12-10T10:09:53.973102Z[0m [34mDEBUG[0m [2methereum_transaction_pool_monitor::eth_client[0m[2m:[0m ✅ Transaction 0xfe27f0b1cb578bbf03f27c223d7c73c71023ea29eb29db791c7d241b9c84c4e7 fetched and parsed in 5.660417ms
[2m2025-12-10T10:09:53.973108Z[0m [34mDEBUG[0m [2methereum_transaction_pool_monitor::mempool_monitor[0m[2m:[0m 🔍 Skipping tx 0xfe27f0b1cb578bbf03f27c223d7c73c71023ea29eb29db791c7d241b9c84c4e7 - not a DEX interaction (target: 0xdAC17F958D2ee523a2206206994597C13D831ec7)
[2m2025-12-10T10:09:53.973119Z[0m [34mDEBUG[0m [2methereum_transaction_pool_monitor::mempool_monitor[0m[2m:[0m 📨 Processing new pending transaction: 0x0c3f5b622d5a9c3497a8ef29402b2060b0f6a4d6a75adbe2478278a2570c4887
[2m2025-12-10T10:09:53.973123Z[0m [34mDEBUG[0m [2methereum_transaction_pool_monitor::mempool_monitor[0m[2m:[0m 🔍 Fetching transaction details for: 0x0c3f5b622d5a9c3497a8ef29402b2060b0f6a4d6a75adbe2478278a2570c4887
[2m2025-12-10T10:09:53.973127Z[0m [34mDEBUG[0m [2methereum_transaction_pool_monitor::eth_client[0m[2m:[0m 🔍 Fetching transaction details for hash: 0x0c3f5b622d5a9c3497a8ef29402b2060b0f6a4d6a75adbe2478278a2570c4887
[2m2025-12-10T10:09:53.973141Z[0m [34mDEBUG[0m [2mhyper::client::pool[0m[2m:[0m reuse idle connection for ("http", 192.168.0.14:8545)
[2m2025-12-10T10:09:53.973156Z[0m [34mDEBUG[0m [2mhyper::proto::h1::io[0m[2m:[0m flushed 250 bytes
[2m2025-12-10T10:09:53.977129Z[0m [34mDEBUG[0m [2mhyper::proto::h1::io[0m[2m:[0m parsed 4 headers
[2m2025-12-10T10:09:53.977135Z[0m [34mDEBUG[0m [2mhyper::proto::h1::conn[0m[2m:[0m incoming body is content-length (1157 bytes)
[2m2025-12-10T10:09:53.977140Z[0m [34mDEBUG[0m [2mhyper::proto::h1::conn[0m[2m:[0m incoming body completed
[2m2025-12-10T10:09:53.977146Z[0m [34mDEBUG[0m [2mhyper::client::pool[0m[2m:[0m pooling idle connection for ("http", 192.168.0.14:8545)
[2m2025-12-10T10:09:53.977151Z[0m [34mDEBUG[0m [2methereum_transaction_pool_monitor::eth_client[0m[2m:[0m 📡 Transaction fetch RPC completed in 4.019584ms
[2m2025-12-10T10:09:54.047991Z[0m [34mDEBUG[0m [2methereum_transaction_pool_monitor::eth_client[0m[2m:[0m ✅ Transaction 0x0c3f5b622d5a9c3497a8ef29402b2060b0f6a4d6a75adbe2478278a2570c4887 fetched and parsed in 74.857042ms
[2m2025-12-10T10:09:54.048019Z[0m [34mDEBUG[0m [2methereum_transaction_pool_monitor::mempool_monitor[0m[2m:[0m 🔍 Skipping tx 0x0c3f5b622d5a9c3497a8ef29402b2060b0f6a4d6a75adbe2478278a2570c4887 - not a DEX interaction (target: 0x0DA9d9eCeA7235c999764e34F08499cA424c0177)
[2m2025-12-10T10:09:54.048030Z[0m [34mDEBUG[0m [2methereum_transaction_pool_monitor::mempool_monitor[0m[2m:[0m 📨 Processing new pending transaction: 0x1f0290e3b323774cd1f27621e7a04cb88e3b7f8b59e9fa6e22fdcc0589e39e1f
[2m2025-12-10T10:09:54.048036Z[0m [34mDEBUG[0m [2methereum_transaction_pool_monitor::mempool_monitor[0m[2m:[0m 🔍 Fetching transaction details for: 0x1f0290e3b323774cd1f27621e7a04cb88e3b7f8b59e9fa6e22fdcc0589e39e1f
[2m2025-12-10T10:09:54.048043Z[0m [34mDEBUG[0m [2methereum_transaction_pool_monitor::eth_client[0m[2m:[0m 🔍 Fetching transaction details for hash: 0x1f0290e3b323774cd1f27621e7a04cb88e3b7f8b59e9fa6e22fdcc0589e39e1f
[2m2025-12-10T10:09:54.048062Z[0m [34mDEBUG[0m [2mhyper::client::pool[0m[2m:[0m reuse idle connection for ("http", 192.168.0.14:8545)
[2m2025-12-10T10:09:54.048105Z[0m [34mDEBUG[0m [2mhyper::proto::h1::io[0m[2m:[0m flushed 250 bytes
[2m2025-12-10T10:09:54.048125Z[0m [34mDEBUG[0m [2mhyper::client::pool[0m[2m:[0m reuse idle connection for ("http", 192.168.0.14:8545)
[2m2025-12-10T10:09:54.048137Z[0m [34mDEBUG[0m [2methereum_transaction_pool_monitor::eth_client[0m[2m:[0m 📨 Received WebSocket message: {"jsonrpc":"2.0","method":"eth_subscription","params":{"subscription":"0xbed0a0851463e895960a451075a301a9","result":"0xb0e58b349ba5dd1a32c8dec5a1b61c2968a9726b5de099e7e1ffba3cf387de73"}}
[2m2025-12-10T10:09:54.048139Z[0m [34mDEBUG[0m [2mhyper::proto::h1::io[0m[2m:[0m flushed 172 bytes
[2m2025-12-10T10:09:54.048153Z[0m [34mDEBUG[0m [2methereum_transaction_pool_monitor::eth_client[0m[2m:[0m 📨 Received pending transaction: 0xb0e58b349ba5dd1a32c8dec5a1b61c2968a9726b5de099e7e1ffba3cf387de73
[2m2025-12-10T10:09:54.048161Z[0m [34mDEBUG[0m [2methereum_transaction_pool_monitor::eth_client[0m[2m:[0m 📨 Received WebSocket message: {"jsonrpc":"2.0","method":"eth_subscription","params":{"subscription":"0xbed0a0851463e895960a451075a301a9","result":"0x5bfcec824b2f6dba026d17c9cc176ec866cfdc4c303bb94f614dc70f63bb3046"}}
[2m2025-12-10T10:09:54.048170Z[0m [34mDEBUG[0m [2methereum_transaction_pool_monitor::eth_client[0m[2m:[0m 📨 Received pending transaction: 0x5bfcec824b2f6dba026d17c9cc176ec866cfdc4c303bb94f614dc70f63bb3046
[2m2025-12-10T10:09:54.053203Z[0m [34mDEBUG[0m [2mhyper::proto::h1::io[0m[2m:[0m parsed 4 headers
[2m2025-12-10T10:09:54.053214Z[0m [34mDEBUG[0m [2mhyper::proto::h1::conn[0m[2m:[0m incoming body is content-length (830 bytes)
[2m2025-12-10T10:09:54.053221Z[0m [34mDEBUG[0m [2mhyper::proto::h1::conn[0m[2m:[0m incoming body completed
[2m2025-12-10T10:09:54.053229Z[0m [34mDEBUG[0m [2mhyper::client::pool[0m[2m:[0m pooling idle connection for ("http", 192.168.0.14:8545)
[2m2025-12-10T10:09:54.053236Z[0m [34mDEBUG[0m [2methereum_transaction_pool_monitor::eth_client[0m[2m:[0m 📡 Transaction fetch RPC completed in 5.189209ms
[2m2025-12-10T10:09:54.124450Z[0m [34mDEBUG[0m [2methereum_transaction_pool_monitor::eth_client[0m[2m:[0m ✅ Transaction 0x1f0290e3b323774cd1f27621e7a04cb88e3b7f8b59e9fa6e22fdcc0589e39e1f fetched and parsed in 76.400417ms
[2m2025-12-10T10:09:54.124478Z[0m [34mDEBUG[0m [2methereum_transaction_pool_monitor::mempool_monitor[0m[2m:[0m 🔍 Skipping tx 0x1f0290e3b323774cd1f27621e7a04cb88e3b7f8b59e9fa6e22fdcc0589e39e1f - not a DEX interaction (target: 0x3B4D794a66304F130a4Db8F2551B0070dfCf5ca7)
[2m2025-12-10T10:09:54.124488Z[0m [34mDEBUG[0m [2methereum_transaction_pool_monitor::mempool_monitor[0m[2m:[0m 📨 Processing new pending transaction: 0x0a57726432019bb180df971abe28e8bb65276fe9955581776de2d368b194decd
[2m2025-12-10T10:09:54.124494Z[0m [34mDEBUG[0m [2methereum_transaction_pool_monitor::mempool_monitor[0m[2m:[0m 🔍 Fetching transaction details for: 0x0a57726432019bb180df971abe28e8bb65276fe9955581776de2d368b194decd
[2m2025-12-10T10:09:54.124499Z[0m [34mDEBUG[0m [2methereum_transaction_pool_monitor::eth_client[0m[2m:[0m 🔍 Fetching transaction details for hash: 0x0a57726432019bb180df971abe28e8bb65276fe9955581776de2d368b194decd
[2m2025-12-10T10:09:54.124520Z[0m [34mDEBUG[0m [2mhyper::client::pool[0m[2m:[0m reuse idle connection for ("http", 192.168.0.14:8545)
[2m2025-12-10T10:09:54.124566Z[0m [34mDEBUG[0m [2mhyper::proto::h1::io[0m[2m:[0m flushed 250 bytes
[2m2025-12-10T10:09:54.124583Z[0m [34mDEBUG[0m [2mhyper::proto::h1::io[0m[2m:[0m parsed 4 headers
[2m2025-12-10T10:09:54.124589Z[0m [34mDEBUG[0m [2mhyper::proto::h1::conn[0m[2m:[0m incoming body is content-length (45 bytes)
[2m2025-12-10T10:09:54.124598Z[0m [34mDEBUG[0m [2mhyper::proto::h1::conn[0m[2m:[0m incoming body completed
[2m2025-12-10T10:09:54.124607Z[0m [34mDEBUG[0m [2mhyper::client::pool[0m[2m:[0m pooling idle connection for ("http", 192.168.0.14:8545)
[2m2025-12-10T10:09:54.124623Z[0m [34mDEBUG[0m [2mhyper::client::pool[0m[2m:[0m reuse idle connection for ("http", 192.168.0.14:8545)
[2m2025-12-10T10:09:54.124639Z[0m [34mDEBUG[0m [2mhyper::proto::h1::io[0m[2m:[0m flushed 172 bytes
[2m2025-12-10T10:09:54.130649Z[0m [34mDEBUG[0m [2methereum_transaction_pool_monitor::eth_client[0m[2m:[0m 📨 Received WebSocket message: {"jsonrpc":"2.0","method":"eth_subscription","params":{"subscription":"0xbed0a0851463e895960a451075a301a9","result":"0x66c199edc77cff4f0cc4652ad2b1d717ca43a34bd78ed21fbc9c35f17c51ceb3"}}
[2m2025-12-10T10:09:54.130668Z[0m [34mDEBUG[0m [2methereum_transaction_pool_monitor::eth_client[0m[2m:[0m 📨 Received pending transaction: 0x66c199edc77cff4f0cc4652ad2b1d717ca43a34bd78ed21fbc9c35f17c51ceb3
[2m2025-12-10T10:09:54.133312Z[0m [34mDEBUG[0m [2mhyper::proto::h1::io[0m[2m:[0m parsed 4 headers
[2m2025-12-10T10:09:54.133330Z[0m [34mDEBUG[0m [2mhyper::proto::h1::conn[0m[2m:[0m incoming body is content-length (1029 bytes)
[2m2025-12-10T10:09:54.133353Z[0m [34mDEBUG[0m [2mhyper::proto::h1::conn[0m[2m:[0m incoming body completed
[2m2025-12-10T10:09:54.133365Z[0m [34mDEBUG[0m [2mhyper::client::pool[0m[2m:[0m pooling idle connection for ("http", 192.168.0.14:8545)
[2m2025-12-10T10:09:54.133374Z[0m [34mDEBUG[0m [2methereum_transaction_pool_monitor::eth_client[0m[2m:[0m 📡 Transaction fetch RPC completed in 8.868917ms
[2m2025-12-10T10:09:54.205920Z[0m [34mDEBUG[0m [2methereum_transaction_pool_monitor::eth_client[0m[2m:[0m ✅ Transaction 0x0a57726432019bb180df971abe28e8bb65276fe9955581776de2d368b194decd fetched and parsed in 81.412209ms
[2m2025-12-10T10:09:54.205948Z[0m [34mDEBUG[0m [2methereum_transaction_pool_monitor::mempool_monitor[0m[2m:[0m 🔍 Skipping tx 0x0a57726432019bb180df971abe28e8bb65276fe9955581776de2d368b194decd - not a DEX interaction (target: 0xc02Ab410f0734EFa3F14628780e6e695156024C2)
[2m2025-12-10T10:09:54.205961Z[0m [34mDEBUG[0m [2methereum_transaction_pool_monitor::mempool_monitor[0m[2m:[0m 📨 Processing new pending transaction: 0xcc650a03326e4c8082c1c726fa8d296c3b986819f4a973e4db752aaa8dd1504f
[2m2025-12-10T10:09:54.205967Z[0m [34mDEBUG[0m [2methereum_transaction_pool_monitor::mempool_monitor[0m[2m:[0m 🔍 Fetching transaction details for: 0xcc650a03326e4c8082c1c726fa8d296c3b986819f4a973e4db752aaa8dd1504f
[2m2025-12-10T10:09:54.205974Z[0m [34mDEBUG[0m [2methereum_transaction_pool_monitor::eth_client[0m[2m:[0m 🔍 Fetching transaction details for hash: 0xcc650a03326e4c8082c1c726fa8d296c3b986819f4a973e4db752aaa8dd1504f
[2m2025-12-10T10:09:54.205992Z[0m [34mDEBUG[0m [2mhyper::client::pool[0m[2m:[0m reuse idle connection for ("http", 192.168.0.14:8545)
[2m2025-12-10T10:09:54.206035Z[0m [34mDEBUG[0m [2mhyper::proto::h1::io[0m[2m:[0m flushed 250 bytes
[2m2025-12-10T10:09:54.206062Z[0m [34mDEBUG[0m [2methereum_transaction_pool_monitor::eth_client[0m[2m:[0m 📨 Received WebSocket message: {"jsonrpc":"2.0","method":"eth_subscription","params":{"subscription":"0xbed0a0851463e895960a451075a301a9","result":"0xc4f192e3a848336845747b4683432ce4ba450bf282910c79f600e5706153047d"}}
[2m2025-12-10T10:09:54.206072Z[0m [34mDEBUG[0m [2methereum_transaction_pool_monitor::eth_client[0m[2m:[0m 📨 Received pending transaction: 0xc4f192e3a848336845747b4683432ce4ba450bf282910c79f600e5706153047d
[2m2025-12-10T10:09:54.206107Z[0m [34mDEBUG[0m [2mhyper::proto::h1::io[0m[2m:[0m parsed 4 headers
[2m2025-12-10T10:09:54.206113Z[0m [34mDEBUG[0m [2mhyper::proto::h1::conn[0m[2m:[0m incoming body is content-length (45 bytes)
[2m2025-12-10T10:09:54.206120Z[0m [34mDEBUG[0m [2mhyper::proto::h1::conn[0m[2m:[0m incoming body completed
[2m2025-12-10T10:09:54.206135Z[0m [34mDEBUG[0m [2mhyper::client::pool[0m[2m:[0m pooling idle connection for ("http", 192.168.0.14:8545)
[2m2025-12-10T10:09:54.206155Z[0m [34mDEBUG[0m [2mhyper::client::pool[0m[2m:[0m reuse idle connection for ("http", 192.168.0.14:8545)
[2m2025-12-10T10:09:54.206171Z[0m [34mDEBUG[0m [2mhyper::proto::h1::io[0m[2m:[0m flushed 172 bytes
[2m2025-12-10T10:09:54.214646Z[0m [34mDEBUG[0m [2mhyper::proto::h1::io[0m[2m:[0m parsed 4 headers
[2m2025-12-10T10:09:54.217130Z[0m [34mDEBUG[0m [2mhyper::proto::h1::conn[0m[2m:[0m incoming body is content-length (674 bytes)
[2m2025-12-10T10:09:54.217139Z[0m [34mDEBUG[0m [2mhyper::proto::h1::conn[0m[2m:[0m incoming body completed
[2m2025-12-10T10:09:54.217149Z[0m [34mDEBUG[0m [2mhyper::client::pool[0m[2m:[0m pooling idle connection for ("http", 192.168.0.14:8545)
[2m2025-12-10T10:09:54.217156Z[0m [34mDEBUG[0m [2methereum_transaction_pool_monitor::eth_client[0m[2m:[0m 📡 Transaction fetch RPC completed in 11.178167ms
[2m2025-12-10T10:09:54.217171Z[0m [34mDEBUG[0m [2methereum_transaction_pool_monitor::eth_client[0m[2m:[0m DeFi transaction detected - Address: 0xdac17f958d2ee523a2206206994597c13d831ec7, Type: Stablecoin, Value: 0 ETH, Gas: 0.22 Gwei
[2m2025-12-10T10:09:54.217184Z[0m [34mDEBUG[0m [2methereum_transaction_pool_monitor::eth_client[0m[2m:[0m ✅ Transaction 0xcc650a03326e4c8082c1c726fa8d296c3b986819f4a973e4db752aaa8dd1504f fetched and parsed in 11.206042ms
[2m2025-12-10T10:09:54.217194Z[0m [34mDEBUG[0m [2methereum_transaction_pool_monitor::mempool_monitor[0m[2m:[0m 🔍 Skipping tx 0xcc650a03326e4c8082c1c726fa8d296c3b986819f4a973e4db752aaa8dd1504f - not a DEX interaction (target: 0xdAC17F958D2ee523a2206206994597C13D831ec7)
[2m2025-12-10T10:09:54.217205Z[0m [34mDEBUG[0m [2methereum_transaction_pool_monitor::mempool_monitor[0m[2m:[0m 📨 Processing new pending transaction: 0x7e716410ca145b65f6f4147f7fdc9832a411a2aac88e70e323690656b53fa6af
[2m2025-12-10T10:09:54.217213Z[0m [34mDEBUG[0m [2methereum_transaction_pool_monitor::mempool_monitor[0m[2m:[0m 🔍 Fetching transaction details for: 0x7e716410ca145b65f6f4147f7fdc9832a411a2aac88e70e323690656b53fa6af
[2m2025-12-10T10:09:54.217223Z[0m [34mDEBUG[0m [2methereum_transaction_pool_monitor::eth_client[0m[2m:[0m 🔍 Fetching transaction details for hash: 0x7e716410ca145b65f6f4147f7fdc9832a411a2aac88e70e323690656b53fa6af
[2m2025-12-10T10:09:54.217240Z[0m [34mDEBUG[0m [2mhyper::client::pool[0m[2m:[0m reuse idle connection for ("http", 192.168.0.14:8545)
[2m2025-12-10T10:09:54.217259Z[0m [34mDEBUG[0m [2mhyper::proto::h1::io[0m[2m:[0m flushed 250 bytes
[2m2025-12-10T10:09:54.217273Z[0m [34mDEBUG[0m [2mhyper::proto::h1::io[0m[2m:[0m parsed 4 headers
[2m2025-12-10T10:09:54.217280Z[0m [34mDEBUG[0m [2mhyper::proto::h1::conn[0m[2m:[0m incoming body is content-length (45 bytes)
[2m2025-12-10T10:09:54.217288Z[0m [34mDEBUG[0m [2mhyper::proto::h1::conn[0m[2m:[0m incoming body completed
[2m2025-12-10T10:09:54.217294Z[0m [34mDEBUG[0m [2mhyper::client::pool[0m[2m:[0m pooling idle connection for ("http", 192.168.0.14:8545)
[2m2025-12-10T10:09:54.217305Z[0m [34mDEBUG[0m [2methereum_transaction_pool_monitor::eth_client[0m[2m:[0m 📨 Received WebSocket message: {"jsonrpc":"2.0","method":"eth_subscription","params":{"subscription":"0xbed0a0851463e895960a451075a301a9","result":"0x966377cd6107a4b59ba600634b0e156647c43f1f65fd6965fe37da919f1cdd1c"}}
[2m2025-12-10T10:09:54.217316Z[0m [34mDEBUG[0m [2methereum_transaction_pool_monitor::eth_client[0m[2m:[0m 📨 Received pending transaction: 0x966377cd6107a4b59ba600634b0e156647c43f1f65fd6965fe37da919f1cdd1c
[2m2025-12-10T10:09:54.217322Z[0m [34mDEBUG[0m [2methereum_transaction_pool_monitor::eth_client[0m[2m:[0m 📨 Received WebSocket message: {"jsonrpc":"2.0","method":"eth_subscription","params":{"subscription":"0xbed0a0851463e895960a451075a301a9","result":"0x8e987801cf7b65d264ce2c52fea187543a46ee306490fd5b72288cea2fa65aa4"}}
[2m2025-12-10T10:09:54.217327Z[0m [34mDEBUG[0m [2methereum_transaction_pool_monitor::eth_client[0m[2m:[0m 📨 Received pending transaction: 0x8e987801cf7b65d264ce2c52fea187543a46ee306490fd5b72288cea2fa65aa4
[2m2025-12-10T10:09:54.222587Z[0m [34mDEBUG[0m [2mhyper::proto::h1::io[0m[2m:[0m parsed 4 headers
[2m2025-12-10T10:09:54.222607Z[0m [34mDEBUG[0m [2mhyper::proto::h1::conn[0m[2m:[0m incoming body is content-length (774 bytes)
[2m2025-12-10T10:09:54.222625Z[0m [34mDEBUG[0m [2mhyper::proto::h1::conn[0m[2m:[0m incoming body completed
[2m2025-12-10T10:09:54.222640Z[0m [34mDEBUG[0m [2mhyper::client::pool[0m[2m:[0m pooling idle connection for ("http", 192.168.0.14:8545)
[2m2025-12-10T10:09:54.222645Z[0m [34mDEBUG[0m [2methereum_transaction_pool_monitor::eth_client[0m[2m:[0m 📡 Transaction fetch RPC completed in 5.412708ms
[2m2025-12-10T10:09:54.222656Z[0m [34mDEBUG[0m [2methereum_transaction_pool_monitor::eth_client[0m[2m:[0m DeFi transaction detected - Address: 0xdac17f958d2ee523a2206206994597c13d831ec7, Type: Stablecoin, Value: 0 ETH, Gas: 5.00 Gwei
[2m2025-12-10T10:09:54.222674Z[0m [34mDEBUG[0m [2methereum_transaction_pool_monitor::eth_client[0m[2m:[0m ✅ Transaction 0x7e716410ca145b65f6f4147f7fdc9832a411a2aac88e70e323690656b53fa6af fetched and parsed in 5.441958ms
[2m2025-12-10T10:09:54.222680Z[0m [34mDEBUG[0m [2methereum_transaction_pool_monitor::mempool_monitor[0m[2m:[0m 🔍 Skipping tx 0x7e716410ca145b65f6f4147f7fdc9832a411a2aac88e70e323690656b53fa6af - not a DEX interaction (target: 0xdAC17F958D2ee523a2206206994597C13D831ec7)
[2m2025-12-10T10:09:54.222685Z[0m [34mDEBUG[0m [2methereum_transaction_pool_monitor::mempool_monitor[0m[2m:[0m 📨 Processing new pending transaction: 0xedc6c971dd5a0077a5c07c22e7a69cae902bf888ba7cf0d4575229524e8e2ed8
[2m2025-12-10T10:09:54.222689Z[0m [34mDEBUG[0m [2methereum_transaction_pool_monitor::mempool_monitor[0m[2m:[0m 🔍 Fetching transaction details for: 0xedc6c971dd5a0077a5c07c22e7a69cae902bf888ba7cf0d4575229524e8e2ed8
[2m2025-12-10T10:09:54.222693Z[0m [34mDEBUG[0m [2methereum_transaction_pool_monitor::eth_client[0m[2m:[0m 🔍 Fetching transaction details for hash: 0xedc6c971dd5a0077a5c07c22e7a69cae902bf888ba7cf0d4575229524e8e2ed8
[2m2025-12-10T10:09:54.222702Z[0m [34mDEBUG[0m [2mhyper::client::pool[0m[2m:[0m reuse idle connection for ("http", 192.168.0.14:8545)
[2m2025-12-10T10:09:54.222717Z[0m [34mDEBUG[0m [2mhyper::proto::h1::io[0m[2m:[0m flushed 250 bytes
[2m2025-12-10T10:09:54.228565Z[0m [34mDEBUG[0m [2mhyper::proto::h1::io[0m[2m:[0m parsed 4 headers
[2m2025-12-10T10:09:54.228578Z[0m [34mDEBUG[0m [2mhyper::proto::h1::conn[0m[2m:[0m incoming body is content-length (1156 bytes)
[2m2025-12-10T10:09:54.228585Z[0m [34mDEBUG[0m [2mhyper::proto::h1::conn[0m[2m:[0m incoming body completed
[2m2025-12-10T10:09:54.228592Z[0m [34mDEBUG[0m [2mhyper::client::pool[0m[2m:[0m pooling idle connection for ("http", 192.168.0.14:8545)
[2m2025-12-10T10:09:54.228597Z[0m [34mDEBUG[0m [2methereum_transaction_pool_monitor::eth_client[0m[2m:[0m 📡 Transaction fetch RPC completed in 5.900417ms
[2m2025-12-10T10:09:54.228609Z[0m [34mDEBUG[0m [2methereum_transaction_pool_monitor::eth_client[0m[2m:[0m DeFi transaction detected - Address: 0x7a250d5630b4cf539739df2c5dacb4c659f2488d, Type: DexRouter, Value: 0 ETH, Gas: 0.22 Gwei
[2m2025-12-10T10:09:54.228620Z[0m [34mDEBUG[0m [2methereum_transaction_pool_monitor::eth_client[0m[2m:[0m ✅ Transaction 0xedc6c971dd5a0077a5c07c22e7a69cae902bf888ba7cf0d4575229524e8e2ed8 fetched and parsed in 5.923792ms
[2m2025-12-10T10:09:54.228625Z[0m [34mDEBUG[0m [2methereum_transaction_pool_monitor::mempool_monitor[0m[2m:[0m 🔍 Skipping tx 0xedc6c971dd5a0077a5c07c22e7a69cae902bf888ba7cf0d4575229524e8e2ed8 - not a DEX interaction (target: 0x7a250d5630B4cF539739dF2C5dAcb4c659F2488D)
[2m2025-12-10T10:09:54.228632Z[0m [34mDEBUG[0m [2methereum_transaction_pool_monitor::mempool_monitor[0m[2m:[0m 📨 Processing new pending transaction: 0x050fed54cd7edf2922f5a59a1572d2e9986a39932cf44f0963b36678ae5a9992
[2m2025-12-10T10:09:54.228636Z[0m [34mDEBUG[0m [2methereum_transaction_pool_monitor::mempool_monitor[0m[2m:[0m 🔍 Fetching transaction details for: 0x050fed54cd7edf2922f5a59a1572d2e9986a39932cf44f0963b36678ae5a9992
[2m2025-12-10T10:09:54.228639Z[0m [34mDEBUG[0m [2methereum_transaction_pool_monitor::eth_client[0m[2m:[0m 🔍 Fetching transaction details for hash: 0x050fed54cd7edf2922f5a59a1572d2e9986a39932cf44f0963b36678ae5a9992
[2m2025-12-10T10:09:54.228649Z[0m [34mDEBUG[0m [2mhyper::client::pool[0m[2m:[0m reuse idle connection for ("http", 192.168.0.14:8545)
[2m2025-12-10T10:09:54.228672Z[0m [34mDEBUG[0m [2mhyper::proto::h1::io[0m[2m:[0m flushed 250 bytes
[2m2025-12-10T10:09:54.235676Z[0m [34mDEBUG[0m [2mhyper::proto::h1::io[0m[2m:[0m parsed 4 headers
[2m2025-12-10T10:09:54.235709Z[0m [34mDEBUG[0m [2mhyper::proto::h1::conn[0m[2m:[0m incoming body is content-length (778 bytes)
[2m2025-12-10T10:09:54.235728Z[0m [34mDEBUG[0m [2mhyper::proto::h1::conn[0m[2m:[0m incoming body completed
[2m2025-12-10T10:09:54.235741Z[0m [34mDEBUG[0m [2mhyper::client::pool[0m[2m:[0m pooling idle connection for ("http", 192.168.0.14:8545)
[2m2025-12-10T10:09:54.235747Z[0m [34mDEBUG[0m [2methereum_transaction_pool_monitor::eth_client[0m[2m:[0m 📡 Transaction fetch RPC completed in 7.104292ms
[2m2025-12-10T10:09:54.235772Z[0m [34mDEBUG[0m [2methereum_transaction_pool_monitor::eth_client[0m[2m:[0m DeFi transaction detected - Address: 0x514910771af9ca656af840dff83e8264ecf986ca, Type: TokenContract, Value: 0 ETH, Gas: 127.50 Gwei
[2m2025-12-10T10:09:54.235783Z[0m [34mDEBUG[0m [2methereum_transaction_pool_monitor::eth_client[0m[2m:[0m ✅ Transaction 0x050fed54cd7edf2922f5a59a1572d2e9986a39932cf44f0963b36678ae5a9992 fetched and parsed in 7.140209ms
[2m2025-12-10T10:09:54.235790Z[0m [34mDEBUG[0m [2methereum_transaction_pool_monitor::mempool_monitor[0m[2m:[0m 🔍 Skipping tx 0x050fed54cd7edf2922f5a59a1572d2e9986a39932cf44f0963b36678ae5a9992 - not a DEX interaction (target: 0x514910771AF9Ca656af840dff83E8264EcF986CA)
[2m2025-12-10T10:09:54.235796Z[0m [34mDEBUG[0m [2methereum_transaction_pool_monitor::mempool_monitor[0m[2m:[0m 📨 Processing new pending transaction: 0xd8e856004801bcf2b373ebe45cf21cb2669b3193007925b05c302f793a9197c7
[2m2025-12-10T10:09:54.235800Z[0m [34mDEBUG[0m [2methereum_transaction_pool_monitor::mempool_monitor[0m[2m:[0m 🔍 Fetching transaction details for: 0xd8e856004801bcf2b373ebe45cf21cb2669b3193007925b05c302f793a9197c7
[2m2025-12-10T10:09:54.235803Z[0m [34mDEBUG[0m [2methereum_transaction_pool_monitor::eth_client[0m[2m:[0m 🔍 Fetching transaction details for hash: 0xd8e856004801bcf2b373ebe45cf21cb2669b3193007925b05c302f793a9197c7
[2m2025-12-10T10:09:54.235813Z[0m [34mDEBUG[0m [2mhyper::client::pool[0m[2m:[0m reuse idle connection for ("http", 192.168.0.14:8545)
[2m2025-12-10T10:09:54.235838Z[0m [34mDEBUG[0m [2mhyper::proto::h1::io[0m[2m:[0m flushed 250 bytes
[2m2025-12-10T10:09:54.244819Z[0m [34mDEBUG[0m [2mhyper::proto::h1::io[0m[2m:[0m parsed 4 headers
[2m2025-12-10T10:09:54.244831Z[0m [34mDEBUG[0m [2mhyper::proto::h1::conn[0m[2m:[0m incoming body is content-length (778 bytes)
[2m2025-12-10T10:09:54.244838Z[0m [34mDEBUG[0m [2mhyper::proto::h1::conn[0m[2m:[0m incoming body completed
[2m2025-12-10T10:09:54.244845Z[0m [34mDEBUG[0m [2mhyper::client::pool[0m[2m:[0m pooling idle connection for ("http", 192.168.0.14:8545)
[2m2025-12-10T10:09:54.244853Z[0m [34mDEBUG[0m [2methereum_transaction_pool_monitor::eth_client[0m[2m:[0m 📡 Transaction fetch RPC completed in 9.045208ms
[2m2025-12-10T10:09:54.244864Z[0m [34mDEBUG[0m [2methereum_transaction_pool_monitor::eth_client[0m[2m:[0m DeFi transaction detected - Address: 0xdac17f958d2ee523a2206206994597c13d831ec7, Type: Stablecoin, Value: 0 ETH, Gas: 127.50 Gwei
[2m2025-12-10T10:09:54.244875Z[0m [34mDEBUG[0m [2methereum_transaction_pool_monitor::eth_client[0m[2m:[0m ✅ Transaction 0xd8e856004801bcf2b373ebe45cf21cb2669b3193007925b05c302f793a9197c7 fetched and parsed in 9.067416ms
[2m2025-12-10T10:09:54.244881Z[0m [34mDEBUG[0m [2methereum_transaction_pool_monitor::mempool_monitor[0m[2m:[0m 🔍 Skipping tx 0xd8e856004801bcf2b373ebe45cf21cb2669b3193007925b05c302f793a9197c7 - not a DEX interaction (target: 0xdAC17F958D2ee523a2206206994597C13D831ec7)
[2m2025-12-10T10:09:54.244890Z[0m [34mDEBUG[0m [2methereum_transaction_pool_monitor::mempool_monitor[0m[2m:[0m 📨 Processing new pending transaction: 0x7a2ec507603e7e7993df2523f43cb2085dea6d2ceb576009fc09a777149453a2
[2m2025-12-10T10:09:54.244896Z[0m [34mDEBUG[0m [2methereum_transaction_pool_monitor::mempool_monitor[0m[2m:[0m 🔍 Fetching transaction details for: 0x7a2ec507603e7e7993df2523f43cb2085dea6d2ceb576009fc09a777149453a2
[2m2025-12-10T10:09:54.244901Z[0m [34mDEBUG[0m [2methereum_transaction_pool_monitor::eth_client[0m[2m:[0m 🔍 Fetching transaction details for hash: 0x7a2ec507603e7e7993df2523f43cb2085dea6d2ceb576009fc09a777149453a2
[2m2025-12-10T10:09:54.244911Z[0m [34mDEBUG[0m [2mhyper::client::pool[0m[2m:[0m reuse idle connection for ("http", 192.168.0.14:8545)
[2m2025-12-10T10:09:54.244933Z[0m [34mDEBUG[0m [2mhyper::proto::h1::io[0m[2m:[0m flushed 250 bytes
[2m2025-12-10T10:09:54.259081Z[0m [34mDEBUG[0m [2mhyper::proto::h1::io[0m[2m:[0m parsed 4 headers
[2m2025-12-10T10:09:54.259093Z[0m [34mDEBUG[0m [2mhyper::proto::h1::conn[0m[2m:[0m incoming body is content-length (778 bytes)
[2m2025-12-10T10:09:54.259100Z[0m [34mDEBUG[0m [2mhyper::proto::h1::conn[0m[2m:[0m incoming body completed
[2m2025-12-10T10:09:54.259109Z[0m [34mDEBUG[0m [2mhyper::client::pool[0m[2m:[0m pooling idle connection for ("http", 192.168.0.14:8545)
[2m2025-12-10T10:09:54.259116Z[0m [34mDEBUG[0m [2methereum_transaction_pool_monitor::eth_client[0m[2m:[0m 📡 Transaction fetch RPC completed in 14.210083ms
[2m2025-12-10T10:09:54.327251Z[0m [34mDEBUG[0m [2methereum_transaction_pool_monitor::eth_client[0m[2m:[0m ✅ Transaction 0x7a2ec507603e7e7993df2523f43cb2085dea6d2ceb576009fc09a777149453a2 fetched and parsed in 82.342083ms
[2m2025-12-10T10:09:54.327268Z[0m [34mDEBUG[0m [2methereum_transaction_pool_monitor::mempool_monitor[0m[2m:[0m 🔍 Skipping tx 0x7a2ec507603e7e7993df2523f43cb2085dea6d2ceb576009fc09a777149453a2 - not a DEX interaction (target: 0x000006c2A22ff4A44ff1f5d0F2ed65F781F55555)
[2m2025-12-10T10:09:54.327277Z[0m [34mDEBUG[0m [2methereum_transaction_pool_monitor::mempool_monitor[0m[2m:[0m 📨 Processing new pending transaction: 0x2adddb5062319fe4adfef17dee67ba10014ad79f622a2bf2ce05af6d32d9a9c7
[2m2025-12-10T10:09:54.327281Z[0m [34mDEBUG[0m [2methereum_transaction_pool_monitor::mempool_monitor[0m[2m:[0m 🔍 Fetching transaction details for: 0x2adddb5062319fe4adfef17dee67ba10014ad79f622a2bf2ce05af6d32d9a9c7
[2m2025-12-10T10:09:54.327285Z[0m [34mDEBUG[0m [2methereum_transaction_pool_monitor::eth_client[0m[2m:[0m 🔍 Fetching transaction details for hash: 0x2adddb5062319fe4adfef17dee67ba10014ad79f622a2bf2ce05af6d32d9a9c7
[2m2025-12-10T10:09:54.327303Z[0m [34mDEBUG[0m [2mhyper::client::pool[0m[2m:[0m reuse idle connection for ("http", 192.168.0.14:8545)
[2m2025-12-10T10:09:54.327334Z[0m [34mDEBUG[0m [2mhyper::proto::h1::io[0m[2m:[0m flushed 250 bytes
[2m2025-12-10T10:09:54.327360Z[0m [34mDEBUG[0m [2mhyper::client::pool[0m[2m:[0m reuse idle connection for ("http", 192.168.0.14:8545)
[2m2025-12-10T10:09:54.327374Z[0m [34mDEBUG[0m [2mhyper::proto::h1::io[0m[2m:[0m flushed 172 bytes
[2m2025-12-10T10:09:54.329834Z[0m [34mDEBUG[0m [2methereum_transaction_pool_monitor::eth_client[0m[2m:[0m 📨 Received WebSocket message: {"jsonrpc":"2.0","method":"eth_subscription","params":{"subscription":"0xbed0a0851463e895960a451075a301a9","result":"0x73f4e1817d0113dbea90b18c75162809e3f0257bd56971756877c38b7d5d4ec3"}}
[2m2025-12-10T10:09:54.329844Z[0m [34mDEBUG[0m [2methereum_transaction_pool_monitor::eth_client[0m[2m:[0m 📨 Received pending transaction: 0x73f4e1817d0113dbea90b18c75162809e3f0257bd56971756877c38b7d5d4ec3
[2m2025-12-10T10:09:54.334050Z[0m [34mDEBUG[0m [2mhyper::proto::h1::io[0m[2m:[0m parsed 4 headers
[2m2025-12-10T10:09:54.334063Z[0m [34mDEBUG[0m [2mhyper::proto::h1::conn[0m[2m:[0m incoming body is content-length (45 bytes)
[2m2025-12-10T10:09:54.334070Z[0m [34mDEBUG[0m [2mhyper::proto::h1::conn[0m[2m:[0m incoming body completed
[2m2025-12-10T10:09:54.334080Z[0m [34mDEBUG[0m [2mhyper::client::pool[0m[2m:[0m pooling idle connection for ("http", 192.168.0.14:8545)
[2m2025-12-10T10:09:54.335650Z[0m [34mDEBUG[0m [2mhyper::proto::h1::io[0m[2m:[0m parsed 4 headers
[2m2025-12-10T10:09:54.335659Z[0m [34mDEBUG[0m [2mhyper::proto::h1::conn[0m[2m:[0m incoming body is content-length (648 bytes)
[2m2025-12-10T10:09:54.335666Z[0m [34mDEBUG[0m [2mhyper::proto::h1::conn[0m[2m:[0m incoming body completed
[2m2025-12-10T10:09:54.335674Z[0m [34mDEBUG[0m [2mhyper::client::pool[0m[2m:[0m pooling idle connection for ("http", 192.168.0.14:8545)
[2m2025-12-10T10:09:54.335679Z[0m [34mDEBUG[0m [2methereum_transaction_pool_monitor::eth_client[0m[2m:[0m 📡 Transaction fetch RPC completed in 8.389958ms
[2m2025-12-10T10:09:54.404226Z[0m [34mDEBUG[0m [2methereum_transaction_pool_monitor::eth_client[0m[2m:[0m ✅ Transaction 0x2adddb5062319fe4adfef17dee67ba10014ad79f622a2bf2ce05af6d32d9a9c7 fetched and parsed in 76.933667ms
[2m2025-12-10T10:09:54.404252Z[0m [34mDEBUG[0m [2methereum_transaction_pool_monitor::mempool_monitor[0m[2m:[0m 🔍 Skipping tx 0x2adddb5062319fe4adfef17dee67ba10014ad79f622a2bf2ce05af6d32d9a9c7 - not a DEX interaction (target: 0xc1439c4E375B929A348991343835Ad19e4d2Ea3A)
[2m2025-12-10T10:09:54.404261Z[0m [34mDEBUG[0m [2methereum_transaction_pool_monitor::mempool_monitor[0m[2m:[0m 📨 Processing new pending transaction: 0x9f8702f4b54a81f07ec4a2691b82db3e778a2c9fdd900858eaa669988a4e45f7
[2m2025-12-10T10:09:54.404266Z[0m [34mDEBUG[0m [2methereum_transaction_pool_monitor::mempool_monitor[0m[2m:[0m 🔍 Fetching transaction details for: 0x9f8702f4b54a81f07ec4a2691b82db3e778a2c9fdd900858eaa669988a4e45f7
[2m2025-12-10T10:09:54.404271Z[0m [34mDEBUG[0m [2methereum_transaction_pool_monitor::eth_client[0m[2m:[0m 🔍 Fetching transaction details for hash: 0x9f8702f4b54a81f07ec4a2691b82db3e778a2c9fdd900858eaa669988a4e45f7
[2m2025-12-10T10:09:54.404291Z[0m [34mDEBUG[0m [2mhyper::client::pool[0m[2m:[0m reuse idle connection for ("http", 192.168.0.14:8545)
[2m2025-12-10T10:09:54.404342Z[0m [34mDEBUG[0m [2mhyper::proto::h1::io[0m[2m:[0m flushed 250 bytes
[2m2025-12-10T10:09:54.404371Z[0m [34mDEBUG[0m [2mhyper::client::pool[0m[2m:[0m reuse idle connection for ("http", 192.168.0.14:8545)
[2m2025-12-10T10:09:54.404388Z[0m [34mDEBUG[0m [2mhyper::proto::h1::io[0m[2m:[0m flushed 172 bytes
[2m2025-12-10T10:09:54.408094Z[0m [34mDEBUG[0m [2mhyper::proto::h1::io[0m[2m:[0m parsed 4 headers
[2m2025-12-10T10:09:54.408108Z[0m [34mDEBUG[0m [2mhyper::proto::h1::conn[0m[2m:[0m incoming body is content-length (905 bytes)
[2m2025-12-10T10:09:54.408117Z[0m [34mDEBUG[0m [2mhyper::proto::h1::conn[0m[2m:[0m incoming body completed
[2m2025-12-10T10:09:54.408127Z[0m [34mDEBUG[0m [2mhyper::client::pool[0m[2m:[0m pooling idle connection for ("http", 192.168.0.14:8545)
[2m2025-12-10T10:09:54.408133Z[0m [34mDEBUG[0m [2methereum_transaction_pool_monitor::eth_client[0m[2m:[0m 📡 Transaction fetch RPC completed in 3.858167ms
[2m2025-12-10T10:09:54.478397Z[0m [34mDEBUG[0m [2methereum_transaction_pool_monitor::eth_client[0m[2m:[0m ✅ Transaction 0x9f8702f4b54a81f07ec4a2691b82db3e778a2c9fdd900858eaa669988a4e45f7 fetched and parsed in 74.118709ms
[2m2025-12-10T10:09:54.478417Z[0m [34mDEBUG[0m [2methereum_transaction_pool_monitor::mempool_monitor[0m[2m:[0m 🔍 Skipping tx 0x9f8702f4b54a81f07ec4a2691b82db3e778a2c9fdd900858eaa669988a4e45f7 - not a DEX interaction (target: 0xFf00000000000000000000000000000000008453)
[2m2025-12-10T10:09:54.478426Z[0m [34mDEBUG[0m [2methereum_transaction_pool_monitor::mempool_monitor[0m[2m:[0m 📨 Processing new pending transaction: 0x0237adca9acaccd1ea7e877eb314a98f365defe64b8c8e45f6eda2ff1cc754c8
[2m2025-12-10T10:09:54.478431Z[0m [34mDEBUG[0m [2methereum_transaction_pool_monitor::mempool_monitor[0m[2m:[0m 🔍 Fetching transaction details for: 0x0237adca9acaccd1ea7e877eb314a98f365defe64b8c8e45f6eda2ff1cc754c8
[2m2025-12-10T10:09:54.478435Z[0m [34mDEBUG[0m [2methereum_transaction_pool_monitor::eth_client[0m[2m:[0m 🔍 Fetching transaction details for hash: 0x0237adca9acaccd1ea7e877eb314a98f365defe64b8c8e45f6eda2ff1cc754c8
[2m2025-12-10T10:09:54.478452Z[0m [34mDEBUG[0m [2mhyper::client::pool[0m[2m:[0m reuse idle connection for ("http", 192.168.0.14:8545)
[2m2025-12-10T10:09:54.478488Z[0m [34mDEBUG[0m [2mhyper::proto::h1::io[0m[2m:[0m flushed 250 bytes
[2m2025-12-10T10:09:54.478502Z[0m [34mDEBUG[0m [2mhyper::proto::h1::io[0m[2m:[0m parsed 4 headers
[2m2025-12-10T10:09:54.478506Z[0m [34mDEBUG[0m [2mhyper::proto::h1::conn[0m[2m:[0m incoming body is content-length (45 bytes)
[2m2025-12-10T10:09:54.478513Z[0m [34mDEBUG[0m [2mhyper::proto::h1::conn[0m[2m:[0m incoming body completed
[2m2025-12-10T10:09:54.478520Z[0m [34mDEBUG[0m [2mhyper::client::pool[0m[2m:[0m pooling idle connection for ("http", 192.168.0.14:8545)
[2m2025-12-10T10:09:54.481914Z[0m [34mDEBUG[0m [2mhyper::proto::h1::io[0m[2m:[0m parsed 4 headers
[2m2025-12-10T10:09:54.481923Z[0m [34mDEBUG[0m [2mhyper::proto::h1::conn[0m[2m:[0m incoming body is content-length (836 bytes)
[2m2025-12-10T10:09:54.481929Z[0m [34mDEBUG[0m [2mhyper::proto::h1::conn[0m[2m:[0m incoming body completed
[2m2025-12-10T10:09:54.481937Z[0m [34mDEBUG[0m [2mhyper::client::pool[0m[2m:[0m pooling idle connection for ("http", 192.168.0.14:8545)
[2m2025-12-10T10:09:54.481942Z[0m [34mDEBUG[0m [2methereum_transaction_pool_monitor::eth_client[0m[2m:[0m 📡 Transaction fetch RPC completed in 3.503125ms
[2m2025-12-10T10:09:54.481955Z[0m [34mDEBUG[0m [2methereum_transaction_pool_monitor::eth_client[0m[2m:[0m DeFi transaction detected - Address: 0xdac17f958d2ee523a2206206994597c13d831ec7, Type: Stablecoin, Value: 0 ETH, Gas: 2.22 Gwei
[2m2025-12-10T10:09:54.481967Z[0m [34mDEBUG[0m [2methereum_transaction_pool_monitor::eth_client[0m[2m:[0m ✅ Transaction 0x0237adca9acaccd1ea7e877eb314a98f365defe64b8c8e45f6eda2ff1cc754c8 fetched and parsed in 3.527625ms
[2m2025-12-10T10:09:54.481972Z[0m [34mDEBUG[0m [2methereum_transaction_pool_monitor::mempool_monitor[0m[2m:[0m 🔍 Skipping tx 0x0237adca9acaccd1ea7e877eb314a98f365defe64b8c8e45f6eda2ff1cc754c8 - not a DEX interaction (target: 0xdAC17F958D2ee523a2206206994597C13D831ec7)
[2m2025-12-10T10:09:54.481978Z[0m [34mDEBUG[0m [2methereum_transaction_pool_monitor::mempool_monitor[0m[2m:[0m 📨 Processing new pending transaction: 0x258cee340293232cc83d775fd460bbd43a18f6b5d745aef047a972a4444185aa
[2m2025-12-10T10:09:54.481982Z[0m [34mDEBUG[0m [2methereum_transaction_pool_monitor::mempool_monitor[0m[2m:[0m 🔍 Fetching transaction details for: 0x258cee340293232cc83d775fd460bbd43a18f6b5d745aef047a972a4444185aa
[2m2025-12-10T10:09:54.481985Z[0m [34mDEBUG[0m [2methereum_transaction_pool_monitor::eth_client[0m[2m:[0m 🔍 Fetching transaction details for hash: 0x258cee340293232cc83d775fd460bbd43a18f6b5d745aef047a972a4444185aa
[2m2025-12-10T10:09:54.481996Z[0m [34mDEBUG[0m [2mhyper::client::pool[0m[2m:[0m reuse idle connection for ("http", 192.168.0.14:8545)
[2m2025-12-10T10:09:54.482016Z[0m [34mDEBUG[0m [2mhyper::proto::h1::io[0m[2m:[0m flushed 250 bytes
[2m2025-12-10T10:09:54.488625Z[0m [34mDEBUG[0m [2mhyper::proto::h1::io[0m[2m:[0m parsed 4 headers
[2m2025-12-10T10:09:54.488643Z[0m [34mDEBUG[0m [2mhyper::proto::h1::conn[0m[2m:[0m incoming body is content-length (830 bytes)
[2m2025-12-10T10:09:54.488650Z[0m [34mDEBUG[0m [2mhyper::proto::h1::conn[0m[2m:[0m incoming body completed
[2m2025-12-10T10:09:54.488659Z[0m [34mDEBUG[0m [2mhyper::client::pool[0m[2m:[0m pooling idle connection for ("http", 192.168.0.14:8545)
[2m2025-12-10T10:09:54.488665Z[0m [34mDEBUG[0m [2methereum_transaction_pool_monitor::eth_client[0m[2m:[0m 📡 Transaction fetch RPC completed in 6.676292ms
[2m2025-12-10T10:09:54.557250Z[0m [34mDEBUG[0m [2methereum_transaction_pool_monitor::eth_client[0m[2m:[0m ✅ Transaction 0x258cee340293232cc83d775fd460bbd43a18f6b5d745aef047a972a4444185aa fetched and parsed in 75.2585ms
[2m2025-12-10T10:09:54.557273Z[0m [34mDEBUG[0m [2methereum_transaction_pool_monitor::mempool_monitor[0m[2m:[0m 🔍 Skipping tx 0x258cee340293232cc83d775fd460bbd43a18f6b5d745aef047a972a4444185aa - not a DEX interaction (target: 0x3B4D794a66304F130a4Db8F2551B0070dfCf5ca7)
[2m2025-12-10T10:09:54.557281Z[0m [34mDEBUG[0m [2methereum_transaction_pool_monitor::mempool_monitor[0m[2m:[0m 📨 Processing new pending transaction: 0xd5e45789511073d841cd4dda893275fe5494f9713beff7b28dbde324c588cef3
[2m2025-12-10T10:09:54.557286Z[0m [34mDEBUG[0m [2methereum_transaction_pool_monitor::mempool_monitor[0m[2m:[0m 🔍 Fetching transaction details for: 0xd5e45789511073d841cd4dda893275fe5494f9713beff7b28dbde324c588cef3
[2m2025-12-10T10:09:54.557295Z[0m [34mDEBUG[0m [2methereum_transaction_pool_monitor::eth_client[0m[2m:[0m 🔍 Fetching transaction details for hash: 0xd5e45789511073d841cd4dda893275fe5494f9713beff7b28dbde324c588cef3
[2m2025-12-10T10:09:54.557313Z[0m [34mDEBUG[0m [2mhyper::client::pool[0m[2m:[0m reuse idle connection for ("http", 192.168.0.14:8545)
[2m2025-12-10T10:09:54.557356Z[0m [34mDEBUG[0m [2mhyper::proto::h1::io[0m[2m:[0m flushed 250 bytes
[2m2025-12-10T10:09:54.557372Z[0m [34mDEBUG[0m [2mhyper::client::pool[0m[2m:[0m reuse idle connection for ("http", 192.168.0.14:8545)
[2m2025-12-10T10:09:54.557387Z[0m [34mDEBUG[0m [2mhyper::proto::h1::io[0m[2m:[0m flushed 172 bytes
[2m2025-12-10T10:09:54.557386Z[0m [34mDEBUG[0m [2methereum_transaction_pool_monitor::eth_client[0m[2m:[0m 📨 Received WebSocket message: {"jsonrpc":"2.0","method":"eth_subscription","params":{"subscription":"0xbed0a0851463e895960a451075a301a9","result":"0x33c8971fac4a9e19fb36dcabe2c8c30a5407e7da936e1dc7657aa2de77ef1da4"}}
[2m2025-12-10T10:09:54.557404Z[0m [34mDEBUG[0m [2methereum_transaction_pool_monitor::eth_client[0m[2m:[0m 📨 Received pending transaction: 0x33c8971fac4a9e19fb36dcabe2c8c30a5407e7da936e1dc7657aa2de77ef1da4
[2m2025-12-10T10:09:54.557410Z[0m [34mDEBUG[0m [2methereum_transaction_pool_monitor::eth_client[0m[2m:[0m 📨 Received WebSocket message: {"jsonrpc":"2.0","method":"eth_subscription","params":{"subscription":"0xbed0a0851463e895960a451075a301a9","result":"0x199fc585d12c07b8751cf2bba89de5d8a85737b1cf782f567bb83dc391790cb3"}}
[2m2025-12-10T10:09:54.557416Z[0m [34mDEBUG[0m [2methereum_transaction_pool_monitor::eth_client[0m[2m:[0m 📨 Received pending transaction: 0x199fc585d12c07b8751cf2bba89de5d8a85737b1cf782f567bb83dc391790cb3
[2m2025-12-10T10:09:54.560493Z[0m [34mDEBUG[0m [2mhyper::proto::h1::io[0m[2m:[0m parsed 4 headers
[2m2025-12-10T10:09:54.560500Z[0m [34mDEBUG[0m [2mhyper::proto::h1::conn[0m[2m:[0m incoming body is content-length (554 bytes)
[2m2025-12-10T10:09:54.560507Z[0m [34mDEBUG[0m [2mhyper::proto::h1::conn[0m[2m:[0m incoming body completed
[2m2025-12-10T10:09:54.560516Z[0m [34mDEBUG[0m [2mhyper::client::pool[0m[2m:[0m pooling idle connection for ("http", 192.168.0.14:8545)
[2m2025-12-10T10:09:54.560523Z[0m [34mDEBUG[0m [2methereum_transaction_pool_monitor::eth_client[0m[2m:[0m 📡 Transaction fetch RPC completed in 3.221292ms
[2m2025-12-10T10:09:54.630284Z[0m [34mDEBUG[0m [2methereum_transaction_pool_monitor::eth_client[0m[2m:[0m ✅ Transaction 0xd5e45789511073d841cd4dda893275fe5494f9713beff7b28dbde324c588cef3 fetched and parsed in 72.980709ms
[2m2025-12-10T10:09:54.630310Z[0m [34mDEBUG[0m [2methereum_transaction_pool_monitor::mempool_monitor[0m[2m:[0m 🔍 Skipping tx 0xd5e45789511073d841cd4dda893275fe5494f9713beff7b28dbde324c588cef3 - not a DEX interaction (target: 0xc05214795e4fe9458404166B8104939eC867EfE4)
[2m2025-12-10T10:09:54.630321Z[0m [34mDEBUG[0m [2methereum_transaction_pool_monitor::mempool_monitor[0m[2m:[0m 📨 Processing new pending transaction: 0x55e4437b0b14faf0c72724d61d3008dc8a9d3529b5cd3b1a139c8c61a48431ae
[2m2025-12-10T10:09:54.630328Z[0m [34mDEBUG[0m [2methereum_transaction_pool_monitor::mempool_monitor[0m[2m:[0m 🔍 Fetching transaction details for: 0x55e4437b0b14faf0c72724d61d3008dc8a9d3529b5cd3b1a139c8c61a48431ae
[2m2025-12-10T10:09:54.630334Z[0m [34mDEBUG[0m [2methereum_transaction_pool_monitor::eth_client[0m[2m:[0m 🔍 Fetching transaction details for hash: 0x55e4437b0b14faf0c72724d61d3008dc8a9d3529b5cd3b1a139c8c61a48431ae
[2m2025-12-10T10:09:54.630352Z[0m [34mDEBUG[0m [2mhyper::client::pool[0m[2m:[0m reuse idle connection for ("http", 192.168.0.14:8545)
[2m2025-12-10T10:09:54.630392Z[0m [34mDEBUG[0m [2mhyper::proto::h1::io[0m[2m:[0m flushed 250 bytes
[2m2025-12-10T10:09:54.630409Z[0m [34mDEBUG[0m [2mhyper::proto::h1::io[0m[2m:[0m parsed 4 headers
[2m2025-12-10T10:09:54.630413Z[0m [34mDEBUG[0m [2mhyper::proto::h1::conn[0m[2m:[0m incoming body is content-length (45 bytes)
[2m2025-12-10T10:09:54.630420Z[0m [34mDEBUG[0m [2mhyper::proto::h1::conn[0m[2m:[0m incoming body completed
[2m2025-12-10T10:09:54.630431Z[0m [34mDEBUG[0m [2mhyper::client::pool[0m[2m:[0m pooling idle connection for ("http", 192.168.0.14:8545)
[2m2025-12-10T10:09:54.630446Z[0m [34mDEBUG[0m [2mhyper::client::pool[0m[2m:[0m reuse idle connection for ("http", 192.168.0.14:8545)
[2m2025-12-10T10:09:54.630461Z[0m [34mDEBUG[0m [2mhyper::proto::h1::io[0m[2m:[0m flushed 172 bytes
[2m2025-12-10T10:09:54.634295Z[0m [34mDEBUG[0m [2mhyper::proto::h1::io[0m[2m:[0m parsed 4 headers
[2m2025-12-10T10:09:54.634300Z[0m [34mDEBUG[0m [2mhyper::proto::h1::conn[0m[2m:[0m incoming body is content-length (45 bytes)
[2m2025-12-10T10:09:54.634305Z[0m [34mDEBUG[0m [2mhyper::proto::h1::conn[0m[2m:[0m incoming body completed
[2m2025-12-10T10:09:54.634311Z[0m [34mDEBUG[0m [2mhyper::client::pool[0m[2m:[0m pooling idle connection for ("http", 192.168.0.14:8545)
[2m2025-12-10T10:09:54.641041Z[0m [34mDEBUG[0m [2mhyper::proto::h1::io[0m[2m:[0m parsed 4 headers
[2m2025-12-10T10:09:54.641052Z[0m [34mDEBUG[0m [2mhyper::proto::h1::conn[0m[2m:[0m incoming body is content-length (770 bytes)
[2m2025-12-10T10:09:54.641057Z[0m [34mDEBUG[0m [2mhyper::proto::h1::conn[0m[2m:[0m incoming body completed
[2m2025-12-10T10:09:54.641063Z[0m [34mDEBUG[0m [2mhyper::client::pool[0m[2m:[0m pooling idle connection for ("http", 192.168.0.14:8545)
[2m2025-12-10T10:09:54.641069Z[0m [34mDEBUG[0m [2methereum_transaction_pool_monitor::eth_client[0m[2m:[0m 📡 Transaction fetch RPC completed in 10.730542ms
[2m2025-12-10T10:09:54.641082Z[0m [34mDEBUG[0m [2methereum_transaction_pool_monitor::eth_client[0m[2m:[0m DeFi transaction detected - Address: 0xdac17f958d2ee523a2206206994597c13d831ec7, Type: Stablecoin, Value: 0 ETH, Gas: 0.30 Gwei
[2m2025-12-10T10:09:54.641093Z[0m [34mDEBUG[0m [2methereum_transaction_pool_monitor::eth_client[0m[2m:[0m ✅ Transaction 0x55e4437b0b14faf0c72724d61d3008dc8a9d3529b5cd3b1a139c8c61a48431ae fetched and parsed in 10.75475ms
[2m2025-12-10T10:09:54.641098Z[0m [34mDEBUG[0m [2methereum_transaction_pool_monitor::mempool_monitor[0m[2m:[0m 🔍 Skipping tx 0x55e4437b0b14faf0c72724d61d3008dc8a9d3529b5cd3b1a139c8c61a48431ae - not a DEX interaction (target: 0xdAC17F958D2ee523a2206206994597C13D831ec7)
[2m2025-12-10T10:09:54.641105Z[0m [34mDEBUG[0m [2methereum_transaction_pool_monitor::mempool_monitor[0m[2m:[0m 📨 Processing new pending transaction: 0x58173225af5fc6861e46197e9bca7f481988f2b3fcb12e67318bb7f425f086f9
[2m2025-12-10T10:09:54.641109Z[0m [34mDEBUG[0m [2methereum_transaction_pool_monitor::mempool_monitor[0m[2m:[0m 🔍 Fetching transaction details for: 0x58173225af5fc6861e46197e9bca7f481988f2b3fcb12e67318bb7f425f086f9
[2m2025-12-10T10:09:54.641113Z[0m [34mDEBUG[0m [2methereum_transaction_pool_monitor::eth_client[0m[2m:[0m 🔍 Fetching transaction details for hash: 0x58173225af5fc6861e46197e9bca7f481988f2b3fcb12e67318bb7f425f086f9
[2m2025-12-10T10:09:54.641122Z[0m [34mDEBUG[0m [2mhyper::client::pool[0m[2m:[0m reuse idle connection for ("http", 192.168.0.14:8545)
[2m2025-12-10T10:09:54.641142Z[0m [34mDEBUG[0m [2mhyper::proto::h1::io[0m[2m:[0m flushed 250 bytes
[2m2025-12-10T10:09:54.647295Z[0m [34mDEBUG[0m [2mhyper::proto::h1::io[0m[2m:[0m parsed 4 headers
[2m2025-12-10T10:09:54.649983Z[0m [34mDEBUG[0m [2mhyper::proto::h1::conn[0m[2m:[0m incoming body is content-length (771 bytes)
[2m2025-12-10T10:09:54.650017Z[0m [34mDEBUG[0m [2mhyper::proto::h1::conn[0m[2m:[0m incoming body completed
[2m2025-12-10T10:09:54.650044Z[0m [34mDEBUG[0m [2mhyper::client::pool[0m[2m:[0m pooling idle connection for ("http", 192.168.0.14:8545)
[2m2025-12-10T10:09:54.650054Z[0m [34mDEBUG[0m [2methereum_transaction_pool_monitor::eth_client[0m[2m:[0m 📡 Transaction fetch RPC completed in 8.937417ms
[2m2025-12-10T10:09:54.650075Z[0m [34mDEBUG[0m [2methereum_transaction_pool_monitor::eth_client[0m[2m:[0m DeFi transaction detected - Address: 0xdac17f958d2ee523a2206206994597c13d831ec7, Type: Stablecoin, Value: 0 ETH, Gas: 1.75 Gwei
[2m2025-12-10T10:09:54.650093Z[0m [34mDEBUG[0m [2methereum_transaction_pool_monitor::eth_client[0m[2m:[0m ✅ Transaction 0x58173225af5fc6861e46197e9bca7f481988f2b3fcb12e67318bb7f425f086f9 fetched and parsed in 8.976584ms
[2m2025-12-10T10:09:54.650103Z[0m [34mDEBUG[0m [2methereum_transaction_pool_monitor::mempool_monitor[0m[2m:[0m 🔍 Skipping tx 0x58173225af5fc6861e46197e9bca7f481988f2b3fcb12e67318bb7f425f086f9 - not a DEX interaction (target: 0xdAC17F958D2ee523a2206206994597C13D831ec7)
[2m2025-12-10T10:09:54.650115Z[0m [34mDEBUG[0m [2methereum_transaction_pool_monitor::mempool_monitor[0m[2m:[0m 📨 Processing new pending transaction: 0x1518021d8cf8cd9ab6148753426799a1d9f6f50c2edd4c89509572e3bc775360
[2m2025-12-10T10:09:54.650127Z[0m [34mDEBUG[0m [2methereum_transaction_pool_monitor::mempool_monitor[0m[2m:[0m 🔍 Fetching transaction details for: 0x1518021d8cf8cd9ab6148753426799a1d9f6f50c2edd4c89509572e3bc775360
[2m2025-12-10T10:09:54.650132Z[0m [34mDEBUG[0m [2methereum_transaction_pool_monitor::eth_client[0m[2m:[0m 🔍 Fetching transaction details for hash: 0x1518021d8cf8cd9ab6148753426799a1d9f6f50c2edd4c89509572e3bc775360
[2m2025-12-10T10:09:54.650147Z[0m [34mDEBUG[0m [2mhyper::client::pool[0m[2m:[0m reuse idle connection for ("http", 192.168.0.14:8545)
[2m2025-12-10T10:09:54.650164Z[0m [34mDEBUG[0m [2mhyper::proto::h1::io[0m[2m:[0m flushed 250 bytes
[2m2025-12-10T10:09:54.654941Z[0m [34mDEBUG[0m [2mhyper::proto::h1::io[0m[2m:[0m parsed 4 headers
[2m2025-12-10T10:09:54.654950Z[0m [34mDEBUG[0m [2mhyper::proto::h1::conn[0m[2m:[0m incoming body is content-length (640 bytes)
[2m2025-12-10T10:09:54.654955Z[0m [34mDEBUG[0m [2mhyper::proto::h1::conn[0m[2m:[0m incoming body completed
[2m2025-12-10T10:09:54.654961Z[0m [34mDEBUG[0m [2mhyper::client::pool[0m[2m:[0m pooling idle connection for ("http", 192.168.0.14:8545)
[2m2025-12-10T10:09:54.654967Z[0m [34mDEBUG[0m [2methereum_transaction_pool_monitor::eth_client[0m[2m:[0m 📡 Transaction fetch RPC completed in 4.830625ms
[2m2025-12-10T10:09:54.724364Z[0m [34mDEBUG[0m [2methereum_transaction_pool_monitor::eth_client[0m[2m:[0m ✅ Transaction 0x1518021d8cf8cd9ab6148753426799a1d9f6f50c2edd4c89509572e3bc775360 fetched and parsed in 74.225625ms
[2m2025-12-10T10:09:54.724395Z[0m [34mDEBUG[0m [2methereum_transaction_pool_monitor::mempool_monitor[0m[2m:[0m 🔍 Skipping tx 0x1518021d8cf8cd9ab6148753426799a1d9f6f50c2edd4c89509572e3bc775360 - not a DEX interaction (target: 0x746792e16bf62a131411DC9B152CBA37ecA10F8A)
[2m2025-12-10T10:09:54.724404Z[0m [34mDEBUG[0m [2methereum_transaction_pool_monitor::mempool_monitor[0m[2m:[0m 📨 Processing new pending transaction: 0x376255b9759fb6c32b86cf861cb240b34ec8adc2e995cb3d1d9a2523d07fbb98
[2m2025-12-10T10:09:54.724409Z[0m [34mDEBUG[0m [2methereum_transaction_pool_monitor::mempool_monitor[0m[2m:[0m 🔍 Fetching transaction details for: 0x376255b9759fb6c32b86cf861cb240b34ec8adc2e995cb3d1d9a2523d07fbb98
[2m2025-12-10T10:09:54.724414Z[0m [34mDEBUG[0m [2methereum_transaction_pool_monitor::eth_client[0m[2m:[0m 🔍 Fetching transaction details for hash: 0x376255b9759fb6c32b86cf861cb240b34ec8adc2e995cb3d1d9a2523d07fbb98
[2m2025-12-10T10:09:54.724434Z[0m [34mDEBUG[0m [2mhyper::client::pool[0m[2m:[0m reuse idle connection for ("http", 192.168.0.14:8545)
[2m2025-12-10T10:09:54.724486Z[0m [34mDEBUG[0m [2mhyper::proto::h1::io[0m[2m:[0m flushed 250 bytes
[2m2025-12-10T10:09:54.724515Z[0m [34mDEBUG[0m [2mhyper::client::pool[0m[2m:[0m reuse idle connection for ("http", 192.168.0.14:8545)
[2m2025-12-10T10:09:54.724529Z[0m [34mDEBUG[0m [2mhyper::proto::h1::io[0m[2m:[0m flushed 172 bytes
[2m2025-12-10T10:09:54.729387Z[0m [34mDEBUG[0m [2mhyper::proto::h1::io[0m[2m:[0m parsed 4 headers
[2m2025-12-10T10:09:54.729398Z[0m [34mDEBUG[0m [2mhyper::proto::h1::conn[0m[2m:[0m incoming body is content-length (45 bytes)
[2m2025-12-10T10:09:54.729405Z[0m [34mDEBUG[0m [2mhyper::proto::h1::conn[0m[2m:[0m incoming body completed
[2m2025-12-10T10:09:54.729414Z[0m [34mDEBUG[0m [2mhyper::client::pool[0m[2m:[0m pooling idle connection for ("http", 192.168.0.14:8545)
[2m2025-12-10T10:09:54.730596Z[0m [34mDEBUG[0m [2mhyper::proto::h1::io[0m[2m:[0m parsed 4 headers
[2m2025-12-10T10:09:54.730603Z[0m [34mDEBUG[0m [2mhyper::proto::h1::conn[0m[2m:[0m incoming body is content-length (774 bytes)
[2m2025-12-10T10:09:54.730609Z[0m [34mDEBUG[0m [2mhyper::proto::h1::conn[0m[2m:[0m incoming body completed
[2m2025-12-10T10:09:54.730615Z[0m [34mDEBUG[0m [2mhyper::client::pool[0m[2m:[0m pooling idle connection for ("http", 192.168.0.14:8545)
[2m2025-12-10T10:09:54.730620Z[0m [34mDEBUG[0m [2methereum_transaction_pool_monitor::eth_client[0m[2m:[0m 📡 Transaction fetch RPC completed in 6.201833ms
[2m2025-12-10T10:09:54.730634Z[0m [34mDEBUG[0m [2methereum_transaction_pool_monitor::eth_client[0m[2m:[0m DeFi transaction detected - Address: 0xdac17f958d2ee523a2206206994597c13d831ec7, Type: Stablecoin, Value: 0 ETH, Gas: 2.86 Gwei
[2m2025-12-10T10:09:54.730645Z[0m [34mDEBUG[0m [2methereum_transaction_pool_monitor::eth_client[0m[2m:[0m ✅ Transaction 0x376255b9759fb6c32b86cf861cb240b34ec8adc2e995cb3d1d9a2523d07fbb98 fetched and parsed in 6.226875ms
[2m2025-12-10T10:09:54.730651Z[0m [34mDEBUG[0m [2methereum_transaction_pool_monitor::mempool_monitor[0m[2m:[0m 🔍 Skipping tx 0x376255b9759fb6c32b86cf861cb240b34ec8adc2e995cb3d1d9a2523d07fbb98 - not a DEX interaction (target: 0xdAC17F958D2ee523a2206206994597C13D831ec7)
[2m2025-12-10T10:09:54.730657Z[0m [34mDEBUG[0m [2methereum_transaction_pool_monitor::mempool_monitor[0m[2m:[0m 📨 Processing new pending transaction: 0x50ff138f4a07e7d4f436f88974721d332e2e0cabff8c99a40fd8f869fad969cd
[2m2025-12-10T10:09:54.730661Z[0m [34mDEBUG[0m [2methereum_transaction_pool_monitor::mempool_monitor[0m[2m:[0m 🔍 Fetching transaction details for: 0x50ff138f4a07e7d4f436f88974721d332e2e0cabff8c99a40fd8f869fad969cd
[2m2025-12-10T10:09:54.730665Z[0m [34mDEBUG[0m [2methereum_transaction_pool_monitor::eth_client[0m[2m:[0m 🔍 Fetching transaction details for hash: 0x50ff138f4a07e7d4f436f88974721d332e2e0cabff8c99a40fd8f869fad969cd
[2m2025-12-10T10:09:54.730675Z[0m [34mDEBUG[0m [2mhyper::client::pool[0m[2m:[0m reuse idle connection for ("http", 192.168.0.14:8545)
[2m2025-12-10T10:09:54.730698Z[0m [34mDEBUG[0m [2mhyper::proto::h1::io[0m[2m:[0m flushed 250 bytes
[2m2025-12-10T10:09:54.736031Z[0m [34mDEBUG[0m [2mhyper::proto::h1::io[0m[2m:[0m parsed 4 headers
[2m2025-12-10T10:09:54.736078Z[0m [34mDEBUG[0m [2mhyper::proto::h1::conn[0m[2m:[0m incoming body is content-length (770 bytes)
[2m2025-12-10T10:09:54.736089Z[0m [34mDEBUG[0m [2mhyper::proto::h1::conn[0m[2m:[0m incoming body completed
[2m2025-12-10T10:09:54.736112Z[0m [34mDEBUG[0m [2mhyper::client::pool[0m[2m:[0m pooling idle connection for ("http", 192.168.0.14:8545)
[2m2025-12-10T10:09:54.736120Z[0m [34mDEBUG[0m [2methereum_transaction_pool_monitor::eth_client[0m[2m:[0m 📡 Transaction fetch RPC completed in 5.450875ms
[2m2025-12-10T10:09:54.736135Z[0m [34mDEBUG[0m [2methereum_transaction_pool_monitor::eth_client[0m[2m:[0m DeFi transaction detected - Address: 0xdac17f958d2ee523a2206206994597c13d831ec7, Type: Stablecoin, Value: 0 ETH, Gas: 1.75 Gwei
[2m2025-12-10T10:09:54.736150Z[0m [34mDEBUG[0m [2methereum_transaction_pool_monitor::eth_client[0m[2m:[0m ✅ Transaction 0x50ff138f4a07e7d4f436f88974721d332e2e0cabff8c99a40fd8f869fad969cd fetched and parsed in 5.480917ms
[2m2025-12-10T10:09:54.736158Z[0m [34mDEBUG[0m [2methereum_transaction_pool_monitor::mempool_monitor[0m[2m:[0m 🔍 Skipping tx 0x50ff138f4a07e7d4f436f88974721d332e2e0cabff8c99a40fd8f869fad969cd - not a DEX interaction (target: 0xdAC17F958D2ee523a2206206994597C13D831ec7)
[2m2025-12-10T10:09:54.736170Z[0m [34mDEBUG[0m [2methereum_transaction_pool_monitor::mempool_monitor[0m[2m:[0m 📨 Processing new pending transaction: 0x10f859c5b117999e07d1fa255acfcf716d9ab1ff2023148fce6126b3fca27586
[2m2025-12-10T10:09:54.736175Z[0m [34mDEBUG[0m [2methereum_transaction_pool_monitor::mempool_monitor[0m[2m:[0m 🔍 Fetching transaction details for: 0x10f859c5b117999e07d1fa255acfcf716d9ab1ff2023148fce6126b3fca27586
[2m2025-12-10T10:09:54.736179Z[0m [34mDEBUG[0m [2methereum_transaction_pool_monitor::eth_client[0m[2m:[0m 🔍 Fetching transaction details for hash: 0x10f859c5b117999e07d1fa255acfcf716d9ab1ff2023148fce6126b3fca27586
[2m2025-12-10T10:09:54.736193Z[0m [34mDEBUG[0m [2mhyper::client::pool[0m[2m:[0m reuse idle connection for ("http", 192.168.0.14:8545)
[2m2025-12-10T10:09:54.736210Z[0m [34mDEBUG[0m [2mhyper::proto::h1::io[0m[2m:[0m flushed 250 bytes
[2m2025-12-10T10:09:54.740735Z[0m [34mDEBUG[0m [2mhyper::proto::h1::io[0m[2m:[0m parsed 4 headers
[2m2025-12-10T10:09:54.740745Z[0m [34mDEBUG[0m [2mhyper::proto::h1::conn[0m[2m:[0m incoming body is content-length (550 bytes)
[2m2025-12-10T10:09:54.740750Z[0m [34mDEBUG[0m [2mhyper::proto::h1::conn[0m[2m:[0m incoming body completed
[2m2025-12-10T10:09:54.740756Z[0m [34mDEBUG[0m [2mhyper::client::pool[0m[2m:[0m pooling idle connection for ("http", 192.168.0.14:8545)
[2m2025-12-10T10:09:54.740761Z[0m [34mDEBUG[0m [2methereum_transaction_pool_monitor::eth_client[0m[2m:[0m 📡 Transaction fetch RPC completed in 4.576833ms
[2m2025-12-10T10:09:54.812826Z[0m [34mDEBUG[0m [2methereum_transaction_pool_monitor::eth_client[0m[2m:[0m ✅ Transaction 0x10f859c5b117999e07d1fa255acfcf716d9ab1ff2023148fce6126b3fca27586 fetched and parsed in 76.638166ms
[2m2025-12-10T10:09:54.812852Z[0m [34mDEBUG[0m [2methereum_transaction_pool_monitor::mempool_monitor[0m[2m:[0m 🔍 Skipping tx 0x10f859c5b117999e07d1fa255acfcf716d9ab1ff2023148fce6126b3fca27586 - not a DEX interaction (target: 0x58d7420cdA335E316A88d0E20Fe1c844dA3dcAdF)
[2m2025-12-10T10:09:54.812864Z[0m [34mDEBUG[0m [2methereum_transaction_pool_monitor::mempool_monitor[0m[2m:[0m 📨 Processing new pending transaction: 0x95e8522df040f5e19e204f1a3c86f3fd90b237e5658e442a90a64887d3aaec10
[2m2025-12-10T10:09:54.812870Z[0m [34mDEBUG[0m [2methereum_transaction_pool_monitor::mempool_monitor[0m[2m:[0m 🔍 Fetching transaction details for: 0x95e8522df040f5e19e204f1a3c86f3fd90b237e5658e442a90a64887d3aaec10
[2m2025-12-10T10:09:54.812876Z[0m [34mDEBUG[0m [2methereum_transaction_pool_monitor::eth_client[0m[2m:[0m 🔍 Fetching transaction details for hash: 0x95e8522df040f5e19e204f1a3c86f3fd90b237e5658e442a90a64887d3aaec10
[2m2025-12-10T10:09:54.812897Z[0m [34mDEBUG[0m [2mhyper::client::pool[0m[2m:[0m reuse idle connection for ("http", 192.168.0.14:8545)
[2m2025-12-10T10:09:54.812937Z[0m [34mDEBUG[0m [2mhyper::proto::h1::io[0m[2m:[0m flushed 250 bytes
[2m2025-12-10T10:09:54.812964Z[0m [34mDEBUG[0m [2mhyper::client::pool[0m[2m:[0m reuse idle connection for ("http", 192.168.0.14:8545)
[2m2025-12-10T10:09:54.812979Z[0m [34mDEBUG[0m [2mhyper::proto::h1::io[0m[2m:[0m flushed 172 bytes
[2m2025-12-10T10:09:54.816526Z[0m [34mDEBUG[0m [2mhyper::proto::h1::io[0m[2m:[0m parsed 4 headers
[2m2025-12-10T10:09:54.816534Z[0m [34mDEBUG[0m [2mhyper::proto::h1::conn[0m[2m:[0m incoming body is content-length (45 bytes)
[2m2025-12-10T10:09:54.816541Z[0m [34mDEBUG[0m [2mhyper::proto::h1::conn[0m[2m:[0m incoming body completed
[2m2025-12-10T10:09:54.816549Z[0m [34mDEBUG[0m [2mhyper::client::pool[0m[2m:[0m pooling idle connection for ("http", 192.168.0.14:8545)
[2m2025-12-10T10:09:54.816913Z[0m [34mDEBUG[0m [2mhyper::proto::h1::io[0m[2m:[0m parsed 4 headers
[2m2025-12-10T10:09:54.816919Z[0m [34mDEBUG[0m [2mhyper::proto::h1::conn[0m[2m:[0m incoming body is content-length (644 bytes)
[2m2025-12-10T10:09:54.816924Z[0m [34mDEBUG[0m [2mhyper::proto::h1::conn[0m[2m:[0m incoming body completed
[2m2025-12-10T10:09:54.816930Z[0m [34mDEBUG[0m [2mhyper::client::pool[0m[2m:[0m pooling idle connection for ("http", 192.168.0.14:8545)
[2m2025-12-10T10:09:54.816936Z[0m [34mDEBUG[0m [2methereum_transaction_pool_monitor::eth_client[0m[2m:[0m 📡 Transaction fetch RPC completed in 4.054958ms
[2m2025-12-10T10:09:54.929688Z[0m [34mDEBUG[0m [2methereum_transaction_pool_monitor::eth_client[0m[2m:[0m ✅ Transaction 0x95e8522df040f5e19e204f1a3c86f3fd90b237e5658e442a90a64887d3aaec10 fetched and parsed in 116.804625ms
[2m2025-12-10T10:09:54.929716Z[0m [34mDEBUG[0m [2methereum_transaction_pool_monitor::mempool_monitor[0m[2m:[0m 🔍 Skipping tx 0x95e8522df040f5e19e204f1a3c86f3fd90b237e5658e442a90a64887d3aaec10 - not a DEX interaction (target: 0x17E5545B11b468072283Cee1F066a059Fb0dbF24)
[2m2025-12-10T10:09:54.929726Z[0m [34mDEBUG[0m [2methereum_transaction_pool_monitor::mempool_monitor[0m[2m:[0m 📨 Processing new pending transaction: 0x4cb3f78d811f6527eb5c10a58674da4338d0b413e839e3eebff9908b490261b3
[2m2025-12-10T10:09:54.929734Z[0m [34mDEBUG[0m [2methereum_transaction_pool_monitor::mempool_monitor[0m[2m:[0m 🔍 Fetching transaction details for: 0x4cb3f78d811f6527eb5c10a58674da4338d0b413e839e3eebff9908b490261b3
[2m2025-12-10T10:09:54.929740Z[0m [34mDEBUG[0m [2methereum_transaction_pool_monitor::eth_client[0m[2m:[0m 🔍 Fetching transaction details for hash: 0x4cb3f78d811f6527eb5c10a58674da4338d0b413e839e3eebff9908b490261b3
[2m2025-12-10T10:09:54.929758Z[0m [34mDEBUG[0m [2mhyper::client::pool[0m[2m:[0m reuse idle connection for ("http", 192.168.0.14:8545)
[2m2025-12-10T10:09:54.929796Z[0m [34mDEBUG[0m [2mhyper::proto::h1::io[0m[2m:[0m flushed 250 bytes
[2m2025-12-10T10:09:54.929819Z[0m [34mDEBUG[0m [2mhyper::client::pool[0m[2m:[0m reuse idle connection for ("http", 192.168.0.14:8545)
[2m2025-12-10T10:09:54.929832Z[0m [34mDEBUG[0m [2methereum_transaction_pool_monitor::eth_client[0m[2m:[0m 📨 Received WebSocket message: {"jsonrpc":"2.0","method":"eth_subscription","params":{"subscription":"0xbed0a0851463e895960a451075a301a9","result":"0x0df06412df81796fe385fab13ee09fd190b65211dd58d427f34a93cd79847d8e"}}
[2m2025-12-10T10:09:54.929835Z[0m [34mDEBUG[0m [2mhyper::proto::h1::io[0m[2m:[0m flushed 172 bytes
[2m2025-12-10T10:09:54.929848Z[0m [34mDEBUG[0m [2methereum_transaction_pool_monitor::eth_client[0m[2m:[0m 📨 Received pending transaction: 0x0df06412df81796fe385fab13ee09fd190b65211dd58d427f34a93cd79847d8e
[2m2025-12-10T10:09:54.937019Z[0m [34mDEBUG[0m [2mhyper::proto::h1::io[0m[2m:[0m parsed 4 headers
[2m2025-12-10T10:09:54.937026Z[0m [34mDEBUG[0m [2mhyper::proto::h1::conn[0m[2m:[0m incoming body is content-length (45 bytes)
[2m2025-12-10T10:09:54.937034Z[0m [34mDEBUG[0m [2mhyper::proto::h1::conn[0m[2m:[0m incoming body completed
[2m2025-12-10T10:09:54.937042Z[0m [34mDEBUG[0m [2mhyper::client::pool[0m[2m:[0m pooling idle connection for ("http", 192.168.0.14:8545)
[2m2025-12-10T10:09:54.943085Z[0m [34mDEBUG[0m [2mhyper::proto::h1::io[0m[2m:[0m parsed 4 headers
[2m2025-12-10T10:09:54.943095Z[0m [34mDEBUG[0m [2mhyper::proto::h1::conn[0m[2m:[0m incoming body is content-length (830 bytes)
[2m2025-12-10T10:09:54.943103Z[0m [34mDEBUG[0m [2mhyper::proto::h1::conn[0m[2m:[0m incoming body completed
[2m2025-12-10T10:09:54.943117Z[0m [34mDEBUG[0m [2mhyper::client::pool[0m[2m:[0m pooling idle connection for ("http", 192.168.0.14:8545)
[2m2025-12-10T10:09:54.943126Z[0m [34mDEBUG[0m [2methereum_transaction_pool_monitor::eth_client[0m[2m:[0m 📡 Transaction fetch RPC completed in 13.381833ms
[2m2025-12-10T10:09:55.016430Z[0m [34mDEBUG[0m [2methereum_transaction_pool_monitor::eth_client[0m[2m:[0m ✅ Transaction 0x4cb3f78d811f6527eb5c10a58674da4338d0b413e839e3eebff9908b490261b3 fetched and parsed in 86.683666ms
[2m2025-12-10T10:09:55.016456Z[0m [34mDEBUG[0m [2methereum_transaction_pool_monitor::mempool_monitor[0m[2m:[0m 🔍 Skipping tx 0x4cb3f78d811f6527eb5c10a58674da4338d0b413e839e3eebff9908b490261b3 - not a DEX interaction (target: 0x3B4D794a66304F130a4Db8F2551B0070dfCf5ca7)
[2m2025-12-10T10:09:55.016467Z[0m [34mDEBUG[0m [2methereum_transaction_pool_monitor::mempool_monitor[0m[2m:[0m 📨 Processing new pending transaction: 0xb0e58b349ba5dd1a32c8dec5a1b61c2968a9726b5de099e7e1ffba3cf387de73
[2m2025-12-10T10:09:55.016474Z[0m [34mDEBUG[0m [2methereum_transaction_pool_monitor::mempool_monitor[0m[2m:[0m 🔍 Fetching transaction details for: 0xb0e58b349ba5dd1a32c8dec5a1b61c2968a9726b5de099e7e1ffba3cf387de73
[2m2025-12-10T10:09:55.016480Z[0m [34mDEBUG[0m [2methereum_transaction_pool_monitor::eth_client[0m[2m:[0m 🔍 Fetching transaction details for hash: 0xb0e58b349ba5dd1a32c8dec5a1b61c2968a9726b5de099e7e1ffba3cf387de73
[2m2025-12-10T10:09:55.016499Z[0m [34mDEBUG[0m [2mhyper::client::pool[0m[2m:[0m reuse idle connection for ("http", 192.168.0.14:8545)
[2m2025-12-10T10:09:55.016538Z[0m [34mDEBUG[0m [2mhyper::proto::h1::io[0m[2m:[0m flushed 250 bytes
[2m2025-12-10T10:09:55.016566Z[0m [34mDEBUG[0m [2mhyper::client::pool[0m[2m:[0m reuse idle connection for ("http", 192.168.0.14:8545)
[2m2025-12-10T10:09:55.016583Z[0m [34mDEBUG[0m [2mhyper::proto::h1::io[0m[2m:[0m flushed 172 bytes
[2m2025-12-10T10:09:55.021615Z[0m [34mDEBUG[0m [2mhyper::proto::h1::io[0m[2m:[0m parsed 4 headers
[2m2025-12-10T10:09:55.021622Z[0m [34mDEBUG[0m [2mhyper::proto::h1::conn[0m[2m:[0m incoming body is content-length (45 bytes)
[2m2025-12-10T10:09:55.021629Z[0m [34mDEBUG[0m [2mhyper::proto::h1::conn[0m[2m:[0m incoming body completed
[2m2025-12-10T10:09:55.021636Z[0m [34mDEBUG[0m [2mhyper::client::pool[0m[2m:[0m pooling idle connection for ("http", 192.168.0.14:8545)
[2m2025-12-10T10:09:55.021651Z[0m [34mDEBUG[0m [2mhyper::proto::h1::io[0m[2m:[0m parsed 4 headers
[2m2025-12-10T10:09:55.021657Z[0m [34mDEBUG[0m [2mhyper::proto::h1::conn[0m[2m:[0m incoming body is content-length (1732 bytes)
[2m2025-12-10T10:09:55.021663Z[0m [34mDEBUG[0m [2mhyper::proto::h1::conn[0m[2m:[0m incoming body completed
[2m2025-12-10T10:09:55.021669Z[0m [34mDEBUG[0m [2mhyper::client::pool[0m[2m:[0m pooling idle connection for ("http", 192.168.0.14:8545)
[2m2025-12-10T10:09:55.021677Z[0m [34mDEBUG[0m [2methereum_transaction_pool_monitor::eth_client[0m[2m:[0m 📡 Transaction fetch RPC completed in 5.192416ms
[2m2025-12-10T10:09:55.093134Z[0m [34mDEBUG[0m [2methereum_transaction_pool_monitor::eth_client[0m[2m:[0m ✅ Transaction 0xb0e58b349ba5dd1a32c8dec5a1b61c2968a9726b5de099e7e1ffba3cf387de73 fetched and parsed in 76.647291ms
[2m2025-12-10T10:09:55.093163Z[0m [34mDEBUG[0m [2methereum_transaction_pool_monitor::mempool_monitor[0m[2m:[0m 🔍 Skipping tx 0xb0e58b349ba5dd1a32c8dec5a1b61c2968a9726b5de099e7e1ffba3cf387de73 - not a DEX interaction (target: 0x601a2aD6CB5949f0529735254189Ba3194221EDF)
[2m2025-12-10T10:09:55.093180Z[0m [34mDEBUG[0m [2methereum_transaction_pool_monitor::mempool_monitor[0m[2m:[0m 📨 Processing new pending transaction: 0x5bfcec824b2f6dba026d17c9cc176ec866cfdc4c303bb94f614dc70f63bb3046
[2m2025-12-10T10:09:55.093188Z[0m [34mDEBUG[0m [2methereum_transaction_pool_monitor::mempool_monitor[0m[2m:[0m 🔍 Fetching transaction details for: 0x5bfcec824b2f6dba026d17c9cc176ec866cfdc4c303bb94f614dc70f63bb3046
[2m2025-12-10T10:09:55.093200Z[0m [34mDEBUG[0m [2methereum_transaction_pool_monitor::eth_client[0m[2m:[0m 🔍 Fetching transaction details for hash: 0x5bfcec824b2f6dba026d17c9cc176ec866cfdc4c303bb94f614dc70f63bb3046
[2m2025-12-10T10:09:55.093218Z[0m [34mDEBUG[0m [2mhyper::client::pool[0m[2m:[0m reuse idle connection for ("http", 192.168.0.14:8545)
[2m2025-12-10T10:09:55.093257Z[0m [34mDEBUG[0m [2mhyper::proto::h1::io[0m[2m:[0m flushed 250 bytes
[2m2025-12-10T10:09:55.096614Z[0m [34mDEBUG[0m [2mhyper::client::pool[0m[2m:[0m reuse idle connection for ("http", 192.168.0.14:8545)
[2m2025-12-10T10:09:55.096632Z[0m [34mDEBUG[0m [2mhyper::proto::h1::io[0m[2m:[0m flushed 172 bytes
[2m2025-12-10T10:09:55.098319Z[0m [34mDEBUG[0m [2mhyper::proto::h1::io[0m[2m:[0m parsed 4 headers
[2m2025-12-10T10:09:55.098324Z[0m [34mDEBUG[0m [2mhyper::proto::h1::conn[0m[2m:[0m incoming body is content-length (830 bytes)
[2m2025-12-10T10:09:55.098332Z[0m [34mDEBUG[0m [2mhyper::proto::h1::conn[0m[2m:[0m incoming body completed
[2m2025-12-10T10:09:55.098340Z[0m [34mDEBUG[0m [2mhyper::client::pool[0m[2m:[0m pooling idle connection for ("http", 192.168.0.14:8545)
[2m2025-12-10T10:09:55.098349Z[0m [34mDEBUG[0m [2methereum_transaction_pool_monitor::eth_client[0m[2m:[0m 📡 Transaction fetch RPC completed in 5.143666ms
[2m2025-12-10T10:09:55.169416Z[0m [34mDEBUG[0m [2methereum_transaction_pool_monitor::eth_client[0m[2m:[0m ✅ Transaction 0x5bfcec824b2f6dba026d17c9cc176ec866cfdc4c303bb94f614dc70f63bb3046 fetched and parsed in 76.209166ms
[2m2025-12-10T10:09:55.169443Z[0m [34mDEBUG[0m [2methereum_transaction_pool_monitor::mempool_monitor[0m[2m:[0m 🔍 Skipping tx 0x5bfcec824b2f6dba026d17c9cc176ec866cfdc4c303bb94f614dc70f63bb3046 - not a DEX interaction (target: 0x3B4D794a66304F130a4Db8F2551B0070dfCf5ca7)
[2m2025-12-10T10:09:55.169452Z[0m [34mDEBUG[0m [2methereum_transaction_pool_monitor::mempool_monitor[0m[2m:[0m 📨 Processing new pending transaction: 0x66c199edc77cff4f0cc4652ad2b1d717ca43a34bd78ed21fbc9c35f17c51ceb3
[2m2025-12-10T10:09:55.169460Z[0m [34mDEBUG[0m [2methereum_transaction_pool_monitor::mempool_monitor[0m[2m:[0m 🔍 Fetching transaction details for: 0x66c199edc77cff4f0cc4652ad2b1d717ca43a34bd78ed21fbc9c35f17c51ceb3
[2m2025-12-10T10:09:55.169466Z[0m [34mDEBUG[0m [2methereum_transaction_pool_monitor::eth_client[0m[2m:[0m 🔍 Fetching transaction details for hash: 0x66c199edc77cff4f0cc4652ad2b1d717ca43a34bd78ed21fbc9c35f17c51ceb3
[2m2025-12-10T10:09:55.169483Z[0m [34mDEBUG[0m [2mhyper::client::pool[0m[2m:[0m reuse idle connection for ("http", 192.168.0.14:8545)
[2m2025-12-10T10:09:55.169522Z[0m [34mDEBUG[0m [2mhyper::proto::h1::io[0m[2m:[0m flushed 250 bytes
[2m2025-12-10T10:09:55.169538Z[0m [34mDEBUG[0m [2mhyper::proto::h1::io[0m[2m:[0m parsed 4 headers
[2m2025-12-10T10:09:55.169543Z[0m [34mDEBUG[0m [2mhyper::proto::h1::conn[0m[2m:[0m incoming body is content-length (45 bytes)
[2m2025-12-10T10:09:55.169549Z[0m [34mDEBUG[0m [2mhyper::proto::h1::conn[0m[2m:[0m incoming body completed
[2m2025-12-10T10:09:55.169557Z[0m [34mDEBUG[0m [2mhyper::client::pool[0m[2m:[0m pooling idle connection for ("http", 192.168.0.14:8545)
[2m2025-12-10T10:09:55.174157Z[0m [34mDEBUG[0m [2mhyper::proto::h1::io[0m[2m:[0m parsed 4 headers
[2m2025-12-10T10:09:55.174163Z[0m [34mDEBUG[0m [2mhyper::proto::h1::conn[0m[2m:[0m incoming body is content-length (1731 bytes)
[2m2025-12-10T10:09:55.174175Z[0m [34mDEBUG[0m [2methereum_transaction_pool_monitor::eth_client[0m[2m:[0m 📡 Transaction fetch RPC completed in 4.704208ms
[2m2025-12-10T10:09:55.175005Z[0m [34mDEBUG[0m [2mhyper::proto::h1::conn[0m[2m:[0m incoming body completed
[2m2025-12-10T10:09:55.175035Z[0m [34mDEBUG[0m [2mhyper::client::pool[0m[2m:[0m pooling idle connection for ("http", 192.168.0.14:8545)
[2m2025-12-10T10:09:55.198779Z[0m [34mDEBUG[0m [2mhyper::client::pool[0m[2m:[0m reuse idle connection for ("http", 192.168.0.14:8545)
[2m2025-12-10T10:09:55.198836Z[0m [34mDEBUG[0m [2mhyper::proto::h1::io[0m[2m:[0m flushed 172 bytes
[2m2025-12-10T10:09:55.203787Z[0m [34mDEBUG[0m [2mhyper::proto::h1::io[0m[2m:[0m parsed 4 headers
[2m2025-12-10T10:09:55.203794Z[0m [34mDEBUG[0m [2mhyper::proto::h1::conn[0m[2m:[0m incoming body is content-length (45 bytes)
[2m2025-12-10T10:09:55.203801Z[0m [34mDEBUG[0m [2mhyper::proto::h1::conn[0m[2m:[0m incoming body completed
[2m2025-12-10T10:09:55.203809Z[0m [34mDEBUG[0m [2mhyper::client::pool[0m[2m:[0m pooling idle connection for ("http", 192.168.0.14:8545)
[2m2025-12-10T10:09:55.246164Z[0m [34mDEBUG[0m [2methereum_transaction_pool_monitor::eth_client[0m[2m:[0m ✅ Transaction 0x66c199edc77cff4f0cc4652ad2b1d717ca43a34bd78ed21fbc9c35f17c51ceb3 fetched and parsed in 76.691208ms
[2m2025-12-10T10:09:55.246192Z[0m [34mDEBUG[0m [2methereum_transaction_pool_monitor::mempool_monitor[0m[2m:[0m 🔍 Skipping tx 0x66c199edc77cff4f0cc4652ad2b1d717ca43a34bd78ed21fbc9c35f17c51ceb3 - not a DEX interaction (target: 0x601a2aD6CB5949f0529735254189Ba3194221EDF)
[2m2025-12-10T10:09:55.246203Z[0m [34mDEBUG[0m [2methereum_transaction_pool_monitor::mempool_monitor[0m[2m:[0m 📨 Processing new pending transaction: 0xc4f192e3a848336845747b4683432ce4ba450bf282910c79f600e5706153047d
[2m2025-12-10T10:09:55.246210Z[0m [34mDEBUG[0m [2methereum_transaction_pool_monitor::mempool_monitor[0m[2m:[0m 🔍 Fetching transaction details for: 0xc4f192e3a848336845747b4683432ce4ba450bf282910c79f600e5706153047d
[2m2025-12-10T10:09:55.246216Z[0m [34mDEBUG[0m [2methereum_transaction_pool_monitor::eth_client[0m[2m:[0m 🔍 Fetching transaction details for hash: 0xc4f192e3a848336845747b4683432ce4ba450bf282910c79f600e5706153047d
[2m2025-12-10T10:09:55.246235Z[0m [34mDEBUG[0m [2mhyper::client::pool[0m[2m:[0m reuse idle connection for ("http", 192.168.0.14:8545)
[2m2025-12-10T10:09:55.246278Z[0m [34mDEBUG[0m [2mhyper::proto::h1::io[0m[2m:[0m flushed 250 bytes
[2m2025-12-10T10:09:55.256189Z[0m [34mDEBUG[0m [2mhyper::proto::h1::io[0m[2m:[0m parsed 4 headers
[2m2025-12-10T10:09:55.256237Z[0m [34mDEBUG[0m [2mhyper::proto::h1::conn[0m[2m:[0m incoming body is content-length (1098 bytes)
[2m2025-12-10T10:09:55.256264Z[0m [34mDEBUG[0m [2mhyper::proto::h1::conn[0m[2m:[0m incoming body completed
[2m2025-12-10T10:09:55.256275Z[0m [34mDEBUG[0m [2mhyper::client::pool[0m[2m:[0m pooling idle connection for ("http", 192.168.0.14:8545)
[2m2025-12-10T10:09:55.256282Z[0m [34mDEBUG[0m [2methereum_transaction_pool_monitor::eth_client[0m[2m:[0m 📡 Transaction fetch RPC completed in 10.061375ms
[2m2025-12-10T10:09:55.327451Z[0m [34mDEBUG[0m [2methereum_transaction_pool_monitor::eth_client[0m[2m:[0m ✅ Transaction 0xc4f192e3a848336845747b4683432ce4ba450bf282910c79f600e5706153047d fetched and parsed in 81.228ms
[2m2025-12-10T10:09:55.327480Z[0m [34mDEBUG[0m [2methereum_transaction_pool_monitor::mempool_monitor[0m[2m:[0m 🔍 Skipping tx 0xc4f192e3a848336845747b4683432ce4ba450bf282910c79f600e5706153047d - not a DEX interaction (target: 0xEe7aE85f2Fe2239E27D9c1E23fFFe168D63b4055)
[2m2025-12-10T10:09:55.327491Z[0m [34mDEBUG[0m [2methereum_transaction_pool_monitor::mempool_monitor[0m[2m:[0m 📨 Processing new pending transaction: 0x966377cd6107a4b59ba600634b0e156647c43f1f65fd6965fe37da919f1cdd1c
[2m2025-12-10T10:09:55.327499Z[0m [34mDEBUG[0m [2methereum_transaction_pool_monitor::mempool_monitor[0m[2m:[0m 🔍 Fetching transaction details for: 0x966377cd6107a4b59ba600634b0e156647c43f1f65fd6965fe37da919f1cdd1c
[2m2025-12-10T10:09:55.327506Z[0m [34mDEBUG[0m [2methereum_transaction_pool_monitor::eth_client[0m[2m:[0m 🔍 Fetching transaction details for hash: 0x966377cd6107a4b59ba600634b0e156647c43f1f65fd6965fe37da919f1cdd1c
[2m2025-12-10T10:09:55.327522Z[0m [34mDEBUG[0m [2mhyper::client::pool[0m[2m:[0m reuse idle connection for ("http", 192.168.0.14:8545)
[2m2025-12-10T10:09:55.327560Z[0m [34mDEBUG[0m [2mhyper::proto::h1::io[0m[2m:[0m flushed 250 bytes
[2m2025-12-10T10:09:55.327587Z[0m [34mDEBUG[0m [2mhyper::client::pool[0m[2m:[0m reuse idle connection for ("http", 192.168.0.14:8545)
[2m2025-12-10T10:09:55.327602Z[0m [34mDEBUG[0m [2mhyper::proto::h1::io[0m[2m:[0m flushed 172 bytes
[2m2025-12-10T10:09:55.331265Z[0m [34mDEBUG[0m [2mhyper::proto::h1::io[0m[2m:[0m parsed 4 headers
[2m2025-12-10T10:09:55.331288Z[0m [34mDEBUG[0m [2mhyper::proto::h1::conn[0m[2m:[0m incoming body is content-length (45 bytes)
[2m2025-12-10T10:09:55.331311Z[0m [34mDEBUG[0m [2mhyper::proto::h1::conn[0m[2m:[0m incoming body completed
[2m2025-12-10T10:09:55.331321Z[0m [34mDEBUG[0m [2mhyper::client::pool[0m[2m:[0m pooling idle connection for ("http", 192.168.0.14:8545)
[2m2025-12-10T10:09:55.332844Z[0m [34mDEBUG[0m [2mhyper::proto::h1::io[0m[2m:[0m parsed 4 headers
[2m2025-12-10T10:09:55.332849Z[0m [34mDEBUG[0m [2mhyper::proto::h1::conn[0m[2m:[0m incoming body is content-length (778 bytes)
[2m2025-12-10T10:09:55.332854Z[0m [34mDEBUG[0m [2mhyper::proto::h1::conn[0m[2m:[0m incoming body completed
[2m2025-12-10T10:09:55.332859Z[0m [34mDEBUG[0m [2mhyper::client::pool[0m[2m:[0m pooling idle connection for ("http", 192.168.0.14:8545)
[2m2025-12-10T10:09:55.332863Z[0m [34mDEBUG[0m [2methereum_transaction_pool_monitor::eth_client[0m[2m:[0m 📡 Transaction fetch RPC completed in 5.352875ms
[2m2025-12-10T10:09:55.403592Z[0m [34mDEBUG[0m [2methereum_transaction_pool_monitor::eth_client[0m[2m:[0m ✅ Transaction 0x966377cd6107a4b59ba600634b0e156647c43f1f65fd6965fe37da919f1cdd1c fetched and parsed in 76.079542ms
[2m2025-12-10T10:09:55.403618Z[0m [34mDEBUG[0m [2methereum_transaction_pool_monitor::mempool_monitor[0m[2m:[0m 🔍 Skipping tx 0x966377cd6107a4b59ba600634b0e156647c43f1f65fd6965fe37da919f1cdd1c - not a DEX interaction (target: 0x4a220E6096B25EADb88358cb44068A3248254675)
[2m2025-12-10T10:09:55.403629Z[0m [34mDEBUG[0m [2methereum_transaction_pool_monitor::mempool_monitor[0m[2m:[0m 📨 Processing new pending transaction: 0x8e987801cf7b65d264ce2c52fea187543a46ee306490fd5b72288cea2fa65aa4
[2m2025-12-10T10:09:55.403637Z[0m [34mDEBUG[0m [2methereum_transaction_pool_monitor::mempool_monitor[0m[2m:[0m 🔍 Fetching transaction details for: 0x8e987801cf7b65d264ce2c52fea187543a46ee306490fd5b72288cea2fa65aa4
[2m2025-12-10T10:09:55.403644Z[0m [34mDEBUG[0m [2methereum_transaction_pool_monitor::eth_client[0m[2m:[0m 🔍 Fetching transaction details for hash: 0x8e987801cf7b65d264ce2c52fea187543a46ee306490fd5b72288cea2fa65aa4
[2m2025-12-10T10:09:55.403662Z[0m [34mDEBUG[0m [2mhyper::client::pool[0m[2m:[0m reuse idle connection for ("http", 192.168.0.14:8545)
[2m2025-12-10T10:09:55.403698Z[0m [34mDEBUG[0m [2mhyper::proto::h1::io[0m[2m:[0m flushed 250 bytes
[2m2025-12-10T10:09:55.403726Z[0m [34mDEBUG[0m [2mhyper::client::pool[0m[2m:[0m reuse idle connection for ("http", 192.168.0.14:8545)
[2m2025-12-10T10:09:55.403745Z[0m [34mDEBUG[0m [2mhyper::proto::h1::io[0m[2m:[0m flushed 172 bytes
[2m2025-12-10T10:09:55.407733Z[0m [34mDEBUG[0m [2mhyper::proto::h1::io[0m[2m:[0m parsed 4 headers
[2m2025-12-10T10:09:55.407738Z[0m [34mDEBUG[0m [2mhyper::proto::h1::conn[0m[2m:[0m incoming body is content-length (45 bytes)
[2m2025-12-10T10:09:55.407745Z[0m [34mDEBUG[0m [2mhyper::proto::h1::conn[0m[2m:[0m incoming body completed
[2m2025-12-10T10:09:55.407751Z[0m [34mDEBUG[0m [2mhyper::client::pool[0m[2m:[0m pooling idle connection for ("http", 192.168.0.14:8545)
[2m2025-12-10T10:09:55.413474Z[0m [34mDEBUG[0m [2mhyper::proto::h1::io[0m[2m:[0m parsed 4 headers
[2m2025-12-10T10:09:55.413503Z[0m [34mDEBUG[0m [2mhyper::proto::h1::conn[0m[2m:[0m incoming body is content-length (2129 bytes)
[2m2025-12-10T10:09:55.413509Z[0m [34mDEBUG[0m [2mhyper::proto::h1::conn[0m[2m:[0m incoming body completed
[2m2025-12-10T10:09:55.413516Z[0m [34mDEBUG[0m [2mhyper::client::pool[0m[2m:[0m pooling idle connection for ("http", 192.168.0.14:8545)
[2m2025-12-10T10:09:55.413534Z[0m [34mDEBUG[0m [2methereum_transaction_pool_monitor::eth_client[0m[2m:[0m 📡 Transaction fetch RPC completed in 9.885667ms
[2m2025-12-10T10:09:55.485014Z[0m [34mDEBUG[0m [2methereum_transaction_pool_monitor::eth_client[0m[2m:[0m ✅ Transaction 0x8e987801cf7b65d264ce2c52fea187543a46ee306490fd5b72288cea2fa65aa4 fetched and parsed in 81.364125ms
[2m2025-12-10T10:09:55.485041Z[0m [34mDEBUG[0m [2methereum_transaction_pool_monitor::mempool_monitor[0m[2m:[0m 🔍 Skipping tx 0x8e987801cf7b65d264ce2c52fea187543a46ee306490fd5b72288cea2fa65aa4 - not a DEX interaction (target: 0xff6e9C5874532Dc833c788767B141C0eD3692151)
[2m2025-12-10T10:09:55.485052Z[0m [34mDEBUG[0m [2methereum_transaction_pool_monitor::mempool_monitor[0m[2m:[0m 📨 Processing new pending transaction: 0x73f4e1817d0113dbea90b18c75162809e3f0257bd56971756877c38b7d5d4ec3
[2m2025-12-10T10:09:55.485060Z[0m [34mDEBUG[0m [2methereum_transaction_pool_monitor::mempool_monitor[0m[2m:[0m 🔍 Fetching transaction details for: 0x73f4e1817d0113dbea90b18c75162809e3f0257bd56971756877c38b7d5d4ec3
[2m2025-12-10T10:09:55.485065Z[0m [34mDEBUG[0m [2methereum_transaction_pool_monitor::eth_client[0m[2m:[0m 🔍 Fetching transaction details for hash: 0x73f4e1817d0113dbea90b18c75162809e3f0257bd56971756877c38b7d5d4ec3
[2m2025-12-10T10:09:55.485083Z[0m [34mDEBUG[0m [2mhyper::client::pool[0m[2m:[0m reuse idle connection for ("http", 192.168.0.14:8545)
[2m2025-12-10T10:09:55.485121Z[0m [34mDEBUG[0m [2mhyper::proto::h1::io[0m[2m:[0m flushed 250 bytes
[2m2025-12-10T10:09:55.489443Z[0m [34mDEBUG[0m [2mhyper::proto::h1::io[0m[2m:[0m parsed 4 headers
[2m2025-12-10T10:09:55.489466Z[0m [34mDEBUG[0m [2mhyper::proto::h1::conn[0m[2m:[0m incoming body is content-length (772 bytes)
[2m2025-12-10T10:09:55.489491Z[0m [34mDEBUG[0m [2mhyper::proto::h1::conn[0m[2m:[0m incoming body completed
[2m2025-12-10T10:09:55.489502Z[0m [34mDEBUG[0m [2mhyper::client::pool[0m[2m:[0m pooling idle connection for ("http", 192.168.0.14:8545)
[2m2025-12-10T10:09:55.489522Z[0m [34mDEBUG[0m [2methereum_transaction_pool_monitor::eth_client[0m[2m:[0m 📡 Transaction fetch RPC completed in 4.452625ms
[2m2025-12-10T10:09:55.560636Z[0m [34mDEBUG[0m [2methereum_transaction_pool_monitor::eth_client[0m[2m:[0m ✅ Transaction 0x73f4e1817d0113dbea90b18c75162809e3f0257bd56971756877c38b7d5d4ec3 fetched and parsed in 75.564167ms
[2m2025-12-10T10:09:55.560661Z[0m [34mDEBUG[0m [2methereum_transaction_pool_monitor::mempool_monitor[0m[2m:[0m 🔍 Skipping tx 0x73f4e1817d0113dbea90b18c75162809e3f0257bd56971756877c38b7d5d4ec3 - not a DEX interaction (target: 0xFA1C09fC8B491B6A4d3Ff53A10CAd29381b3F949)
[2m2025-12-10T10:09:55.560670Z[0m [34mDEBUG[0m [2methereum_transaction_pool_monitor::mempool_monitor[0m[2m:[0m 📨 Processing new pending transaction: 0x33c8971fac4a9e19fb36dcabe2c8c30a5407e7da936e1dc7657aa2de77ef1da4
[2m2025-12-10T10:09:55.560678Z[0m [34mDEBUG[0m [2methereum_transaction_pool_monitor::mempool_monitor[0m[2m:[0m 🔍 Fetching transaction details for: 0x33c8971fac4a9e19fb36dcabe2c8c30a5407e7da936e1dc7657aa2de77ef1da4
[2m2025-12-10T10:09:55.560686Z[0m [34mDEBUG[0m [2methereum_transaction_pool_monitor::eth_client[0m[2m:[0m 🔍 Fetching transaction details for hash: 0x33c8971fac4a9e19fb36dcabe2c8c30a5407e7da936e1dc7657aa2de77ef1da4
[2m2025-12-10T10:09:55.560706Z[0m [34mDEBUG[0m [2mhyper::client::pool[0m[2m:[0m reuse idle connection for ("http", 192.168.0.14:8545)
[2m2025-12-10T10:09:55.560743Z[0m [34mDEBUG[0m [2mhyper::proto::h1::io[0m[2m:[0m flushed 250 bytes
[2m2025-12-10T10:09:55.560764Z[0m [34mDEBUG[0m [2mhyper::client::pool[0m[2m:[0m reuse idle connection for ("http", 192.168.0.14:8545)
[2m2025-12-10T10:09:55.560777Z[0m [34mDEBUG[0m [2methereum_transaction_pool_monitor::eth_client[0m[2m:[0m 📨 Received WebSocket message: {"jsonrpc":"2.0","method":"eth_subscription","params":{"subscription":"0xbed0a0851463e895960a451075a301a9","result":"0x0c5582c7c2192b2898105b95c4df95c959f6fd33627d50b5ba7fa57e79d1229c"}}
[2m2025-12-10T10:09:55.560781Z[0m [34mDEBUG[0m [2mhyper::proto::h1::io[0m[2m:[0m flushed 172 bytes
[2m2025-12-10T10:09:55.560791Z[0m [34mDEBUG[0m [2methereum_transaction_pool_monitor::eth_client[0m[2m:[0m 📨 Received pending transaction: 0x0c5582c7c2192b2898105b95c4df95c959f6fd33627d50b5ba7fa57e79d1229c
[2m2025-12-10T10:09:55.566785Z[0m [34mDEBUG[0m [2methereum_transaction_pool_monitor::eth_client[0m[2m:[0m 📨 Received WebSocket message: {"jsonrpc":"2.0","method":"eth_subscription","params":{"subscription":"0xbed0a0851463e895960a451075a301a9","result":"0x5807fe32c63d7ddca50db7f5a894c31b25f5adab65399ab1ed59c1352a1e96f2"}}
[2m2025-12-10T10:09:55.566816Z[0m [34mDEBUG[0m [2methereum_transaction_pool_monitor::eth_client[0m[2m:[0m 📨 Received pending transaction: 0x5807fe32c63d7ddca50db7f5a894c31b25f5adab65399ab1ed59c1352a1e96f2
[2m2025-12-10T10:09:55.566828Z[0m [34mDEBUG[0m [2mhyper::proto::h1::io[0m[2m:[0m parsed 4 headers
[2m2025-12-10T10:09:55.566833Z[0m [34mDEBUG[0m [2mhyper::proto::h1::conn[0m[2m:[0m incoming body is content-length (45 bytes)
[2m2025-12-10T10:09:55.566841Z[0m [34mDEBUG[0m [2mhyper::proto::h1::conn[0m[2m:[0m incoming body completed
[2m2025-12-10T10:09:55.566848Z[0m [34mDEBUG[0m [2mhyper::client::pool[0m[2m:[0m pooling idle connection for ("http", 192.168.0.14:8545)
[2m2025-12-10T10:09:55.572282Z[0m [34mDEBUG[0m [2mhyper::proto::h1::io[0m[2m:[0m parsed 4 headers
[2m2025-12-10T10:09:55.572304Z[0m [34mDEBUG[0m [2mhyper::proto::h1::conn[0m[2m:[0m incoming body is content-length (770 bytes)
[2m2025-12-10T10:09:55.572324Z[0m [34mDEBUG[0m [2mhyper::proto::h1::conn[0m[2m:[0m incoming body completed
[2m2025-12-10T10:09:55.572351Z[0m [34mDEBUG[0m [2mhyper::client::pool[0m[2m:[0m pooling idle connection for ("http", 192.168.0.14:8545)
[2m2025-12-10T10:09:55.572357Z[0m [34mDEBUG[0m [2methereum_transaction_pool_monitor::eth_client[0m[2m:[0m 📡 Transaction fetch RPC completed in 11.664667ms
[2m2025-12-10T10:09:55.642773Z[0m [34mDEBUG[0m [2methereum_transaction_pool_monitor::eth_client[0m[2m:[0m ✅ Transaction 0x33c8971fac4a9e19fb36dcabe2c8c30a5407e7da936e1dc7657aa2de77ef1da4 fetched and parsed in 82.078875ms
[2m2025-12-10T10:09:55.642798Z[0m [34mDEBUG[0m [2methereum_transaction_pool_monitor::mempool_monitor[0m[2m:[0m 🔍 Skipping tx 0x33c8971fac4a9e19fb36dcabe2c8c30a5407e7da936e1dc7657aa2de77ef1da4 - not a DEX interaction (target: 0xBdBDBDd0c22888E63CB9098aD6D68439197CB091)
[2m2025-12-10T10:09:55.642809Z[0m [34mDEBUG[0m [2methereum_transaction_pool_monitor::mempool_monitor[0m[2m:[0m 📨 Processing new pending transaction: 0x199fc585d12c07b8751cf2bba89de5d8a85737b1cf782f567bb83dc391790cb3
[2m2025-12-10T10:09:55.642816Z[0m [34mDEBUG[0m [2methereum_transaction_pool_monitor::mempool_monitor[0m[2m:[0m 🔍 Fetching transaction details for: 0x199fc585d12c07b8751cf2bba89de5d8a85737b1cf782f567bb83dc391790cb3
[2m2025-12-10T10:09:55.642822Z[0m [34mDEBUG[0m [2methereum_transaction_pool_monitor::eth_client[0m[2m:[0m 🔍 Fetching transaction details for hash: 0x199fc585d12c07b8751cf2bba89de5d8a85737b1cf782f567bb83dc391790cb3
[2m2025-12-10T10:09:55.642839Z[0m [34mDEBUG[0m [2mhyper::client::pool[0m[2m:[0m reuse idle connection for ("http", 192.168.0.14:8545)
[2m2025-12-10T10:09:55.642876Z[0m [34mDEBUG[0m [2mhyper::proto::h1::io[0m[2m:[0m flushed 250 bytes
[2m2025-12-10T10:09:55.642902Z[0m [34mDEBUG[0m [2mhyper::client::pool[0m[2m:[0m reuse idle connection for ("http", 192.168.0.14:8545)
[2m2025-12-10T10:09:55.642919Z[0m [34mDEBUG[0m [2mhyper::proto::h1::io[0m[2m:[0m flushed 172 bytes
[2m2025-12-10T10:09:55.649947Z[0m [34mDEBUG[0m [2mhyper::proto::h1::io[0m[2m:[0m parsed 4 headers
[2m2025-12-10T10:09:55.649972Z[0m [34mDEBUG[0m [2mhyper::proto::h1::conn[0m[2m:[0m incoming body is content-length (45 bytes)
[2m2025-12-10T10:09:55.650005Z[0m [34mDEBUG[0m [2mhyper::proto::h1::conn[0m[2m:[0m incoming body completed
[2m2025-12-10T10:09:55.650028Z[0m [34mDEBUG[0m [2mhyper::client::pool[0m[2m:[0m pooling idle connection for ("http", 192.168.0.14:8545)
[2m2025-12-10T10:09:55.650045Z[0m [34mDEBUG[0m [2mhyper::proto::h1::io[0m[2m:[0m parsed 4 headers
[2m2025-12-10T10:09:55.650050Z[0m [34mDEBUG[0m [2mhyper::proto::h1::conn[0m[2m:[0m incoming body is content-length (838 bytes)
[2m2025-12-10T10:09:55.650054Z[0m [34mDEBUG[0m [2mhyper::proto::h1::conn[0m[2m:[0m incoming body completed
[2m2025-12-10T10:09:55.650066Z[0m [34mDEBUG[0m [2mhyper::client::pool[0m[2m:[0m pooling idle connection for ("http", 192.168.0.14:8545)
[2m2025-12-10T10:09:55.650075Z[0m [34mDEBUG[0m [2methereum_transaction_pool_monitor::eth_client[0m[2m:[0m 📡 Transaction fetch RPC completed in 7.2485ms
[2m2025-12-10T10:09:55.650089Z[0m [34mDEBUG[0m [2methereum_transaction_pool_monitor::eth_client[0m[2m:[0m DeFi transaction detected - Address: 0xdac17f958d2ee523a2206206994597c13d831ec7, Type: Stablecoin, Value: 0 ETH, Gas: 2.22 Gwei
[2m2025-12-10T10:09:55.650106Z[0m [34mDEBUG[0m [2methereum_transaction_pool_monitor::eth_client[0m[2m:[0m ✅ Transaction 0x199fc585d12c07b8751cf2bba89de5d8a85737b1cf782f567bb83dc391790cb3 fetched and parsed in 7.2795ms
[2m2025-12-10T10:09:55.650113Z[0m [34mDEBUG[0m [2methereum_transaction_pool_monitor::mempool_monitor[0m[2m:[0m 🔍 Skipping tx 0x199fc585d12c07b8751cf2bba89de5d8a85737b1cf782f567bb83dc391790cb3 - not a DEX interaction (target: 0xdAC17F958D2ee523a2206206994597C13D831ec7)
[2m2025-12-10T10:09:55.650120Z[0m [34mDEBUG[0m [2methereum_transaction_pool_monitor::mempool_monitor[0m[2m:[0m 📨 Processing new pending transaction: 0x0df06412df81796fe385fab13ee09fd190b65211dd58d427f34a93cd79847d8e
[2m2025-12-10T10:09:55.650124Z[0m [34mDEBUG[0m [2methereum_transaction_pool_monitor::mempool_monitor[0m[2m:[0m 🔍 Fetching transaction details for: 0x0df06412df81796fe385fab13ee09fd190b65211dd58d427f34a93cd79847d8e
[2m2025-12-10T10:09:55.650127Z[0m [34mDEBUG[0m [2methereum_transaction_pool_monitor::eth_client[0m[2m:[0m 🔍 Fetching transaction details for hash: 0x0df06412df81796fe385fab13ee09fd190b65211dd58d427f34a93cd79847d8e
[2m2025-12-10T10:09:55.650133Z[0m [34mDEBUG[0m [2mhyper::client::pool[0m[2m:[0m reuse idle connection for ("http", 192.168.0.14:8545)
[2m2025-12-10T10:09:55.650146Z[0m [34mDEBUG[0m [2mhyper::proto::h1::io[0m[2m:[0m flushed 250 bytes
[2m2025-12-10T10:09:55.662652Z[0m [34mDEBUG[0m [2mhyper::proto::h1::io[0m[2m:[0m parsed 4 headers
[2m2025-12-10T10:09:55.662658Z[0m [34mDEBUG[0m [2mhyper::proto::h1::conn[0m[2m:[0m incoming body is content-length (553 bytes)
[2m2025-12-10T10:09:55.662663Z[0m [34mDEBUG[0m [2mhyper::proto::h1::conn[0m[2m:[0m incoming body completed
[2m2025-12-10T10:09:55.662667Z[0m [34mDEBUG[0m [2mhyper::client::pool[0m[2m:[0m pooling idle connection for ("http", 192.168.0.14:8545)
[2m2025-12-10T10:09:55.662672Z[0m [34mDEBUG[0m [2methereum_transaction_pool_monitor::eth_client[0m[2m:[0m 📡 Transaction fetch RPC completed in 12.540417ms
[2m2025-12-10T10:09:55.733026Z[0m [34mDEBUG[0m [2methereum_transaction_pool_monitor::eth_client[0m[2m:[0m ✅ Transaction 0x0df06412df81796fe385fab13ee09fd190b65211dd58d427f34a93cd79847d8e fetched and parsed in 82.892208ms
[2m2025-12-10T10:09:55.733051Z[0m [34mDEBUG[0m [2methereum_transaction_pool_monitor::mempool_monitor[0m[2m:[0m 🔍 Skipping tx 0x0df06412df81796fe385fab13ee09fd190b65211dd58d427f34a93cd79847d8e - not a DEX interaction (target: 0xDC075412C7A224857005c0e710C6b9CfbBF99ACe)
[2m2025-12-10T10:09:55.733061Z[0m [34mDEBUG[0m [2methereum_transaction_pool_monitor::mempool_monitor[0m[2m:[0m 📨 Processing new pending transaction: 0x0c5582c7c2192b2898105b95c4df95c959f6fd33627d50b5ba7fa57e79d1229c
[2m2025-12-10T10:09:55.733069Z[0m [34mDEBUG[0m [2methereum_transaction_pool_monitor::mempool_monitor[0m[2m:[0m 🔍 Fetching transaction details for: 0x0c5582c7c2192b2898105b95c4df95c959f6fd33627d50b5ba7fa57e79d1229c
[2m2025-12-10T10:09:55.733076Z[0m [34mDEBUG[0m [2methereum_transaction_pool_monitor::eth_client[0m[2m:[0m 🔍 Fetching transaction details for hash: 0x0c5582c7c2192b2898105b95c4df95c959f6fd33627d50b5ba7fa57e79d1229c
[2m2025-12-10T10:09:55.733093Z[0m [34mDEBUG[0m [2mhyper::client::pool[0m[2m:[0m reuse idle connection for ("http", 192.168.0.14:8545)
[2m2025-12-10T10:09:55.733126Z[0m [34mDEBUG[0m [2mhyper::proto::h1::io[0m[2m:[0m flushed 250 bytes
[2m2025-12-10T10:09:55.733152Z[0m [34mDEBUG[0m [2mhyper::client::pool[0m[2m:[0m reuse idle connection for ("http", 192.168.0.14:8545)
[2m2025-12-10T10:09:55.733170Z[0m [34mDEBUG[0m [2mhyper::proto::h1::io[0m[2m:[0m flushed 172 bytes
[2m2025-12-10T10:09:55.742126Z[0m [34mDEBUG[0m [2mhyper::proto::h1::io[0m[2m:[0m parsed 4 headers
[2m2025-12-10T10:09:55.742136Z[0m [34mDEBUG[0m [2mhyper::proto::h1::conn[0m[2m:[0m incoming body is content-length (830 bytes)
[2m2025-12-10T10:09:55.742143Z[0m [34mDEBUG[0m [2mhyper::proto::h1::conn[0m[2m:[0m incoming body completed
[2m2025-12-10T10:09:55.742150Z[0m [34mDEBUG[0m [2mhyper::client::pool[0m[2m:[0m pooling idle connection for ("http", 192.168.0.14:8545)
[2m2025-12-10T10:09:55.742155Z[0m [34mDEBUG[0m [2methereum_transaction_pool_monitor::eth_client[0m[2m:[0m 📡 Transaction fetch RPC completed in 9.074709ms
[2m2025-12-10T10:09:55.812648Z[0m [34mDEBUG[0m [2methereum_transaction_pool_monitor::eth_client[0m[2m:[0m ✅ Transaction 0x0c5582c7c2192b2898105b95c4df95c959f6fd33627d50b5ba7fa57e79d1229c fetched and parsed in 79.565417ms
[2m2025-12-10T10:09:55.812675Z[0m [34mDEBUG[0m [2methereum_transaction_pool_monitor::mempool_monitor[0m[2m:[0m 🔍 Skipping tx 0x0c5582c7c2192b2898105b95c4df95c959f6fd33627d50b5ba7fa57e79d1229c - not a DEX interaction (target: 0x3B4D794a66304F130a4Db8F2551B0070dfCf5ca7)
[2m2025-12-10T10:09:55.812686Z[0m [34mDEBUG[0m [2methereum_transaction_pool_monitor::mempool_monitor[0m[2m:[0m 📨 Processing new pending transaction: 0x5807fe32c63d7ddca50db7f5a894c31b25f5adab65399ab1ed59c1352a1e96f2
[2m2025-12-10T10:09:55.812693Z[0m [34mDEBUG[0m [2methereum_transaction_pool_monitor::mempool_monitor[0m[2m:[0m 🔍 Fetching transaction details for: 0x5807fe32c63d7ddca50db7f5a894c31b25f5adab65399ab1ed59c1352a1e96f2
[2m2025-12-10T10:09:55.812699Z[0m [34mDEBUG[0m [2methereum_transaction_pool_monitor::eth_client[0m[2m:[0m 🔍 Fetching transaction details for hash: 0x5807fe32c63d7ddca50db7f5a894c31b25f5adab65399ab1ed59c1352a1e96f2
[2m2025-12-10T10:09:55.812718Z[0m [34mDEBUG[0m [2mhyper::client::pool[0m[2m:[0m reuse idle connection for ("http", 192.168.0.14:8545)
[2m2025-12-10T10:09:55.812750Z[0m [34mDEBUG[0m [2mhyper::proto::h1::io[0m[2m:[0m flushed 250 bytes
[2m2025-12-10T10:09:55.812774Z[0m [34mDEBUG[0m [2methereum_transaction_pool_monitor::eth_client[0m[2m:[0m 📨 Received WebSocket message: {"jsonrpc":"2.0","method":"eth_subscription","params":{"subscription":"0xbed0a0851463e895960a451075a301a9","result":"0x0e45c1457c51cb7e83b773577bdcc16f08cdfd100218779ee6463387b24a0163"}}
[2m2025-12-10T10:09:55.812776Z[0m [34mDEBUG[0m [2mhyper::proto::h1::io[0m[2m:[0m parsed 4 headers
[2m2025-12-10T10:09:55.812790Z[0m [34mDEBUG[0m [2methereum_transaction_pool_monitor::eth_client[0m[2m:[0m 📨 Received pending transaction: 0x0e45c1457c51cb7e83b773577bdcc16f08cdfd100218779ee6463387b24a0163
[2m2025-12-10T10:09:55.812793Z[0m [34mDEBUG[0m [2mhyper::proto::h1::conn[0m[2m:[0m incoming body is content-length (45 bytes)
[2m2025-12-10T10:09:55.812803Z[0m [34mDEBUG[0m [2mhyper::proto::h1::conn[0m[2m:[0m incoming body completed
[2m2025-12-10T10:09:55.812814Z[0m [34mDEBUG[0m [2mhyper::client::pool[0m[2m:[0m pooling idle connection for ("http", 192.168.0.14:8545)
[2m2025-12-10T10:09:55.812829Z[0m [34mDEBUG[0m [2mhyper::client::pool[0m[2m:[0m reuse idle connection for ("http", 192.168.0.14:8545)
[2m2025-12-10T10:09:55.812845Z[0m [34mDEBUG[0m [2mhyper::proto::h1::io[0m[2m:[0m flushed 172 bytes
[2m2025-12-10T10:09:55.819315Z[0m [34mDEBUG[0m [2mhyper::proto::h1::io[0m[2m:[0m parsed 4 headers
[2m2025-12-10T10:09:55.819321Z[0m [34mDEBUG[0m [2mhyper::proto::h1::conn[0m[2m:[0m incoming body is content-length (769 bytes)
[2m2025-12-10T10:09:55.819327Z[0m [34mDEBUG[0m [2mhyper::proto::h1::conn[0m[2m:[0m incoming body completed
[2m2025-12-10T10:09:55.819332Z[0m [34mDEBUG[0m [2mhyper::client::pool[0m[2m:[0m pooling idle connection for ("http", 192.168.0.14:8545)
[2m2025-12-10T10:09:55.819338Z[0m [34mDEBUG[0m [2methereum_transaction_pool_monitor::eth_client[0m[2m:[0m 📡 Transaction fetch RPC completed in 6.633459ms
[2m2025-12-10T10:09:55.889193Z[0m [34mDEBUG[0m [2methereum_transaction_pool_monitor::eth_client[0m[2m:[0m ✅ Transaction 0x5807fe32c63d7ddca50db7f5a894c31b25f5adab65399ab1ed59c1352a1e96f2 fetched and parsed in 76.486584ms
[2m2025-12-10T10:09:55.889219Z[0m [34mDEBUG[0m [2methereum_transaction_pool_monitor::mempool_monitor[0m[2m:[0m 🔍 Skipping tx 0x5807fe32c63d7ddca50db7f5a894c31b25f5adab65399ab1ed59c1352a1e96f2 - not a DEX interaction (target: 0xA0b86991c6218b36c1d19D4a2e9Eb0cE3606eB48)
[2m2025-12-10T10:09:55.889228Z[0m [34mDEBUG[0m [2methereum_transaction_pool_monitor::mempool_monitor[0m[2m:[0m 📨 Processing new pending transaction: 0x0e45c1457c51cb7e83b773577bdcc16f08cdfd100218779ee6463387b24a0163
[2m2025-12-10T10:09:55.889235Z[0m [34mDEBUG[0m [2methereum_transaction_pool_monitor::mempool_monitor[0m[2m:[0m 🔍 Fetching transaction details for: 0x0e45c1457c51cb7e83b773577bdcc16f08cdfd100218779ee6463387b24a0163
[2m2025-12-10T10:09:55.889242Z[0m [34mDEBUG[0m [2methereum_transaction_pool_monitor::eth_client[0m[2m:[0m 🔍 Fetching transaction details for hash: 0x0e45c1457c51cb7e83b773577bdcc16f08cdfd100218779ee6463387b24a0163
[2m2025-12-10T10:09:55.889259Z[0m [34mDEBUG[0m [2mhyper::client::pool[0m[2m:[0m reuse idle connection for ("http", 192.168.0.14:8545)
[2m2025-12-10T10:09:55.889295Z[0m [34mDEBUG[0m [2mhyper::proto::h1::io[0m[2m:[0m flushed 250 bytes
[2m2025-12-10T10:09:55.889318Z[0m [34mDEBUG[0m [2methereum_transaction_pool_monitor::eth_client[0m[2m:[0m 📨 Received WebSocket message: {"jsonrpc":"2.0","method":"eth_subscription","params":{"subscription":"0xbed0a0851463e895960a451075a301a9","result":"0x1c86c3e244a71a2eaa8c9c9f7b6dab642ac0806e2a62921174e9ec328928b269"}}
[2m2025-12-10T10:09:55.889323Z[0m [34mDEBUG[0m [2mhyper::proto::h1::io[0m[2m:[0m parsed 4 headers
[2m2025-12-10T10:09:55.889329Z[0m [34mDEBUG[0m [2methereum_transaction_pool_monitor::eth_client[0m[2m:[0m 📨 Received pending transaction: 0x1c86c3e244a71a2eaa8c9c9f7b6dab642ac0806e2a62921174e9ec328928b269
[2m2025-12-10T10:09:55.889332Z[0m [34mDEBUG[0m [2mhyper::proto::h1::conn[0m[2m:[0m incoming body is content-length (45 bytes)
[2m2025-12-10T10:09:55.889338Z[0m [34mDEBUG[0m [2methereum_transaction_pool_monitor::eth_client[0m[2m:[0m 📨 Received WebSocket message: {"jsonrpc":"2.0","method":"eth_subscription","params":{"subscription":"0xbed0a0851463e895960a451075a301a9","result":"0x86326e06cc1ea4868f932251bc6e93becb713d7eaf1c1df56a962a0083dcb490"}}
[2m2025-12-10T10:09:55.889341Z[0m [34mDEBUG[0m [2mhyper::proto::h1::conn[0m[2m:[0m incoming body completed
[2m2025-12-10T10:09:55.889351Z[0m [34mDEBUG[0m [2methereum_transaction_pool_monitor::eth_client[0m[2m:[0m 📨 Received pending transaction: 0x86326e06cc1ea4868f932251bc6e93becb713d7eaf1c1df56a962a0083dcb490
[2m2025-12-10T10:09:55.889416Z[0m [34mDEBUG[0m [2mhyper::client::pool[0m[2m:[0m pooling idle connection for ("http", 192.168.0.14:8545)
[2m2025-12-10T10:09:55.898229Z[0m [34mDEBUG[0m [2mhyper::client::pool[0m[2m:[0m reuse idle connection for ("http", 192.168.0.14:8545)
[2m2025-12-10T10:09:55.898303Z[0m [34mDEBUG[0m [2mhyper::proto::h1::io[0m[2m:[0m flushed 172 bytes
[2m2025-12-10T10:09:55.898781Z[0m [34mDEBUG[0m [2methereum_transaction_pool_monitor::eth_client[0m[2m:[0m 📨 Received WebSocket message: {"jsonrpc":"2.0","method":"eth_subscription","params":{"subscription":"0xbed0a0851463e895960a451075a301a9","result":"0x1e7a0b85fc3148ff6012256bea9e988aacc6c659c2963af20b32246dea8fd6f6"}}
[2m2025-12-10T10:09:55.898790Z[0m [34mDEBUG[0m [2methereum_transaction_pool_monitor::eth_client[0m[2m:[0m 📨 Received pending transaction: 0x1e7a0b85fc3148ff6012256bea9e988aacc6c659c2963af20b32246dea8fd6f6
[2m2025-12-10T10:09:55.898847Z[0m [34mDEBUG[0m [2mhyper::proto::h1::io[0m[2m:[0m parsed 4 headers
[2m2025-12-10T10:09:55.898854Z[0m [34mDEBUG[0m [2mhyper::proto::h1::conn[0m[2m:[0m incoming body is content-length (1730 bytes)
[2m2025-12-10T10:09:55.898859Z[0m [34mDEBUG[0m [2mhyper::proto::h1::conn[0m[2m:[0m incoming body completed
[2m2025-12-10T10:09:55.898864Z[0m [34mDEBUG[0m [2mhyper::client::pool[0m[2m:[0m pooling idle connection for ("http", 192.168.0.14:8545)
[2m2025-12-10T10:09:55.898868Z[0m [34mDEBUG[0m [2methereum_transaction_pool_monitor::eth_client[0m[2m:[0m 📡 Transaction fetch RPC completed in 9.621208ms
[2m2025-12-10T10:09:55.969582Z[0m [34mDEBUG[0m [2methereum_transaction_pool_monitor::eth_client[0m[2m:[0m ✅ Transaction 0x0e45c1457c51cb7e83b773577bdcc16f08cdfd100218779ee6463387b24a0163 fetched and parsed in 80.332291ms
[2m2025-12-10T10:09:55.969606Z[0m [34mDEBUG[0m [2methereum_transaction_pool_monitor::mempool_monitor[0m[2m:[0m 🔍 Skipping tx 0x0e45c1457c51cb7e83b773577bdcc16f08cdfd100218779ee6463387b24a0163 - not a DEX interaction (target: 0x601a2aD6CB5949f0529735254189Ba3194221EDF)
[2m2025-12-10T10:09:55.969616Z[0m [34mDEBUG[0m [2methereum_transaction_pool_monitor::mempool_monitor[0m[2m:[0m 📨 Processing new pending transaction: 0x1c86c3e244a71a2eaa8c9c9f7b6dab642ac0806e2a62921174e9ec328928b269
[2m2025-12-10T10:09:55.969623Z[0m [34mDEBUG[0m [2methereum_transaction_pool_monitor::mempool_monitor[0m[2m:[0m 🔍 Fetching transaction details for: 0x1c86c3e244a71a2eaa8c9c9f7b6dab642ac0806e2a62921174e9ec328928b269
[2m2025-12-10T10:09:55.969630Z[0m [34mDEBUG[0m [2methereum_transaction_pool_monitor::eth_client[0m[2m:[0m 🔍 Fetching transaction details for hash: 0x1c86c3e244a71a2eaa8c9c9f7b6dab642ac0806e2a62921174e9ec328928b269
[2m2025-12-10T10:09:55.969647Z[0m [34mDEBUG[0m [2mhyper::client::pool[0m[2m:[0m reuse idle connection for ("http", 192.168.0.14:8545)
[2m2025-12-10T10:09:55.969685Z[0m [34mDEBUG[0m [2mhyper::proto::h1::io[0m[2m:[0m flushed 250 bytes
[2m2025-12-10T10:09:55.969701Z[0m [34mDEBUG[0m [2mhyper::proto::h1::io[0m[2m:[0m parsed 4 headers
[2m2025-12-10T10:09:55.969706Z[0m [34mDEBUG[0m [2mhyper::proto::h1::conn[0m[2m:[0m incoming body is content-length (45 bytes)
[2m2025-12-10T10:09:55.969715Z[0m [34mDEBUG[0m [2mhyper::proto::h1::conn[0m[2m:[0m incoming body completed
[2m2025-12-10T10:09:55.969724Z[0m [34mDEBUG[0m [2mhyper::client::pool[0m[2m:[0m pooling idle connection for ("http", 192.168.0.14:8545)
[2m2025-12-10T10:09:55.978349Z[0m [34mDEBUG[0m [2mhyper::proto::h1::io[0m[2m:[0m parsed 4 headers
[2m2025-12-10T10:09:55.978356Z[0m [34mDEBUG[0m [2mhyper::proto::h1::conn[0m[2m:[0m incoming body is content-length (2323 bytes)
[2m2025-12-10T10:09:55.978367Z[0m [34mDEBUG[0m [2methereum_transaction_pool_monitor::eth_client[0m[2m:[0m 📡 Transaction fetch RPC completed in 8.732542ms
[2m2025-12-10T10:09:55.979014Z[0m [34mDEBUG[0m [2mhyper::proto::h1::conn[0m[2m:[0m incoming body completed
[2m2025-12-10T10:09:55.979030Z[0m [34mDEBUG[0m [2mhyper::client::pool[0m[2m:[0m pooling idle connection for ("http", 192.168.0.14:8545)
[2m2025-12-10T10:09:55.996491Z[0m [34mDEBUG[0m [2mhyper::client::pool[0m[2m:[0m reuse idle connection for ("http", 192.168.0.14:8545)
[2m2025-12-10T10:09:55.996621Z[0m [34mDEBUG[0m [2mhyper::proto::h1::io[0m[2m:[0m flushed 172 bytes
[2m2025-12-10T10:09:56.000903Z[0m [34mDEBUG[0m [2mhyper::proto::h1::io[0m[2m:[0m parsed 4 headers
[2m2025-12-10T10:09:56.000923Z[0m [34mDEBUG[0m [2mhyper::proto::h1::conn[0m[2m:[0m incoming body is content-length (45 bytes)
[2m2025-12-10T10:09:56.000945Z[0m [34mDEBUG[0m [2mhyper::proto::h1::conn[0m[2m:[0m incoming body completed
[2m2025-12-10T10:09:56.000964Z[0m [34mDEBUG[0m [2mhyper::client::pool[0m[2m:[0m pooling idle connection for ("http", 192.168.0.14:8545)
[2m2025-12-10T10:09:56.050971Z[0m [34mDEBUG[0m [2methereum_transaction_pool_monitor::eth_client[0m[2m:[0m ✅ Transaction 0x1c86c3e244a71a2eaa8c9c9f7b6dab642ac0806e2a62921174e9ec328928b269 fetched and parsed in 81.333292ms
[2m2025-12-10T10:09:56.050999Z[0m [34mDEBUG[0m [2methereum_transaction_pool_monitor::mempool_monitor[0m[2m:[0m 🔍 Skipping tx 0x1c86c3e244a71a2eaa8c9c9f7b6dab642ac0806e2a62921174e9ec328928b269 - not a DEX interaction (target: 0x66a9893cC07D91D95644AEDD05D03f95e1dBA8Af)
[2m2025-12-10T10:09:56.051013Z[0m [34mDEBUG[0m [2methereum_transaction_pool_monitor::mempool_monitor[0m[2m:[0m 📨 Processing new pending transaction: 0x86326e06cc1ea4868f932251bc6e93becb713d7eaf1c1df56a962a0083dcb490
[2m2025-12-10T10:09:56.051020Z[0m [34mDEBUG[0m [2methereum_transaction_pool_monitor::mempool_monitor[0m[2m:[0m 🔍 Fetching transaction details for: 0x86326e06cc1ea4868f932251bc6e93becb713d7eaf1c1df56a962a0083dcb490
[2m2025-12-10T10:09:56.051025Z[0m [34mDEBUG[0m [2methereum_transaction_pool_monitor::eth_client[0m[2m:[0m 🔍 Fetching transaction details for hash: 0x86326e06cc1ea4868f932251bc6e93becb713d7eaf1c1df56a962a0083dcb490
[2m2025-12-10T10:09:56.051042Z[0m [34mDEBUG[0m [2mhyper::client::pool[0m[2m:[0m reuse idle connection for ("http", 192.168.0.14:8545)
[2m2025-12-10T10:09:56.051077Z[0m [34mDEBUG[0m [2mhyper::proto::h1::io[0m[2m:[0m flushed 250 bytes
[2m2025-12-10T10:09:56.056329Z[0m [34mDEBUG[0m [2mhyper::proto::h1::io[0m[2m:[0m parsed 4 headers
[2m2025-12-10T10:09:56.056341Z[0m [34mDEBUG[0m [2mhyper::proto::h1::conn[0m[2m:[0m incoming body is content-length (649 bytes)
[2m2025-12-10T10:09:56.056350Z[0m [34mDEBUG[0m [2mhyper::proto::h1::conn[0m[2m:[0m incoming body completed
[2m2025-12-10T10:09:56.056360Z[0m [34mDEBUG[0m [2mhyper::client::pool[0m[2m:[0m pooling idle connection for ("http", 192.168.0.14:8545)
[2m2025-12-10T10:09:56.056367Z[0m [34mDEBUG[0m [2methereum_transaction_pool_monitor::eth_client[0m[2m:[0m 📡 Transaction fetch RPC completed in 5.338167ms
[2m2025-12-10T10:09:56.127009Z[0m [34mDEBUG[0m [2methereum_transaction_pool_monitor::eth_client[0m[2m:[0m ✅ Transaction 0x86326e06cc1ea4868f932251bc6e93becb713d7eaf1c1df56a962a0083dcb490 fetched and parsed in 75.977292ms
[2m2025-12-10T10:09:56.127036Z[0m [34mDEBUG[0m [2methereum_transaction_pool_monitor::mempool_monitor[0m[2m:[0m 🔍 Skipping tx 0x86326e06cc1ea4868f932251bc6e93becb713d7eaf1c1df56a962a0083dcb490 - not a DEX interaction (target: 0x566f9f65c8c4aD7C25EA036c2e15C043Cf3FB1d6)
[2m2025-12-10T10:09:56.127047Z[0m [34mDEBUG[0m [2methereum_transaction_pool_monitor::mempool_monitor[0m[2m:[0m 📨 Processing new pending transaction: 0x1e7a0b85fc3148ff6012256bea9e988aacc6c659c2963af20b32246dea8fd6f6
[2m2025-12-10T10:09:56.127055Z[0m [34mDEBUG[0m [2methereum_transaction_pool_monitor::mempool_monitor[0m[2m:[0m 🔍 Fetching transaction details for: 0x1e7a0b85fc3148ff6012256bea9e988aacc6c659c2963af20b32246dea8fd6f6
[2m2025-12-10T10:09:56.127060Z[0m [34mDEBUG[0m [2methereum_transaction_pool_monitor::eth_client[0m[2m:[0m 🔍 Fetching transaction details for hash: 0x1e7a0b85fc3148ff6012256bea9e988aacc6c659c2963af20b32246dea8fd6f6
[2m2025-12-10T10:09:56.127081Z[0m [34mDEBUG[0m [2mhyper::client::pool[0m[2m:[0m reuse idle connection for ("http", 192.168.0.14:8545)
[2m2025-12-10T10:09:56.127126Z[0m [34mDEBUG[0m [2mhyper::proto::h1::io[0m[2m:[0m flushed 250 bytes
[2m2025-12-10T10:09:56.127155Z[0m [34mDEBUG[0m [2mhyper::client::pool[0m[2m:[0m reuse idle connection for ("http", 192.168.0.14:8545)
[2m2025-12-10T10:09:56.127170Z[0m [34mDEBUG[0m [2mhyper::proto::h1::io[0m[2m:[0m flushed 172 bytes
[2m2025-12-10T10:09:56.130982Z[0m [34mDEBUG[0m [2mhyper::proto::h1::io[0m[2m:[0m parsed 4 headers
[2m2025-12-10T10:09:56.130999Z[0m [34mDEBUG[0m [2mhyper::proto::h1::conn[0m[2m:[0m incoming body is content-length (45 bytes)
[2m2025-12-10T10:09:56.131008Z[0m [34mDEBUG[0m [2mhyper::proto::h1::conn[0m[2m:[0m incoming body completed
[2m2025-12-10T10:09:56.131020Z[0m [34mDEBUG[0m [2mhyper::client::pool[0m[2m:[0m pooling idle connection for ("http", 192.168.0.14:8545)
[2m2025-12-10T10:09:56.132893Z[0m [34mDEBUG[0m [2mhyper::proto::h1::io[0m[2m:[0m parsed 4 headers
[2m2025-12-10T10:09:56.132929Z[0m [34mDEBUG[0m [2mhyper::proto::h1::conn[0m[2m:[0m incoming body is content-length (1801 bytes)
[2m2025-12-10T10:09:56.132937Z[0m [34mDEBUG[0m [2mhyper::proto::h1::conn[0m[2m:[0m incoming body completed
[2m2025-12-10T10:09:56.132958Z[0m [34mDEBUG[0m [2mhyper::client::pool[0m[2m:[0m pooling idle connection for ("http", 192.168.0.14:8545)
[2m2025-12-10T10:09:56.132964Z[0m [34mDEBUG[0m [2methereum_transaction_pool_monitor::eth_client[0m[2m:[0m 📡 Transaction fetch RPC completed in 5.89925ms
[2m2025-12-10T10:09:56.204862Z[0m [34mDEBUG[0m [2methereum_transaction_pool_monitor::eth_client[0m[2m:[0m ✅ Transaction 0x1e7a0b85fc3148ff6012256bea9e988aacc6c659c2963af20b32246dea8fd6f6 fetched and parsed in 77.795083ms
[2m2025-12-10T10:09:56.204893Z[0m [34mDEBUG[0m [2methereum_transaction_pool_monitor::mempool_monitor[0m[2m:[0m 🔍 Skipping tx 0x1e7a0b85fc3148ff6012256bea9e988aacc6c659c2963af20b32246dea8fd6f6 - not a DEX interaction (target: 0xd72a6BA4a87DDB33e801b3f1c7750b2d0911fC6C)
[2m2025-12-10T10:09:56.204938Z[0m [34mDEBUG[0m [2mhyper::client::pool[0m[2m:[0m reuse idle connection for ("http", 192.168.0.14:8545)
[2m2025-12-10T10:09:56.204990Z[0m [34mDEBUG[0m [2mhyper::proto::h1::io[0m[2m:[0m flushed 172 bytes
[2m2025-12-10T10:09:56.208666Z[0m [34mDEBUG[0m [2mhyper::proto::h1::io[0m[2m:[0m parsed 4 headers
[2m2025-12-10T10:09:56.208672Z[0m [34mDEBUG[0m [2mhyper::proto::h1::conn[0m[2m:[0m incoming body is content-length (45 bytes)
[2m2025-12-10T10:09:56.208680Z[0m [34mDEBUG[0m [2mhyper::proto::h1::conn[0m[2m:[0m incoming body completed
[2m2025-12-10T10:09:56.208689Z[0m [34mDEBUG[0m [2mhyper::client::pool[0m[2m:[0m pooling idle connection for ("http", 192.168.0.14:8545)
[2m2025-12-10T10:09:56.298744Z[0m [34mDEBUG[0m [2mhyper::client::pool[0m[2m:[0m reuse idle connection for ("http", 192.168.0.14:8545)
[2m2025-12-10T10:09:56.298791Z[0m [34mDEBUG[0m [2mhyper::proto::h1::io[0m[2m:[0m flushed 172 bytes
[2m2025-12-10T10:09:56.303024Z[0m [34mDEBUG[0m [2mhyper::proto::h1::io[0m[2m:[0m parsed 4 headers
[2m2025-12-10T10:09:56.303035Z[0m [34mDEBUG[0m [2mhyper::proto::h1::conn[0m[2m:[0m incoming body is content-length (45 bytes)
[2m2025-12-10T10:09:56.303043Z[0m [34mDEBUG[0m [2mhyper::proto::h1::conn[0m[2m:[0m incoming body completed
[2m2025-12-10T10:09:56.303052Z[0m [34mDEBUG[0m [2mhyper::client::pool[0m[2m:[0m pooling idle connection for ("http", 192.168.0.14:8545)
[2m2025-12-10T10:09:56.358050Z[0m [34mDEBUG[0m [2methereum_transaction_pool_monitor::eth_client[0m[2m:[0m 📨 Received WebSocket message: {"jsonrpc":"2.0","method":"eth_subscription","params":{"subscription":"0xbed0a0851463e895960a451075a301a9","result":"0x70612cb5da71c5b2d4cf4793360c9c26cddb22396b739a178582b451563ca657"}}
[2m2025-12-10T10:09:56.358095Z[0m [34mDEBUG[0m [2methereum_transaction_pool_monitor::eth_client[0m[2m:[0m 📨 Received pending transaction: 0x70612cb5da71c5b2d4cf4793360c9c26cddb22396b739a178582b451563ca657
[2m2025-12-10T10:09:56.358112Z[0m [34mDEBUG[0m [2methereum_transaction_pool_monitor::mempool_monitor[0m[2m:[0m 📨 Processing new pending transaction: 0x70612cb5da71c5b2d4cf4793360c9c26cddb22396b739a178582b451563ca657
[2m2025-12-10T10:09:56.358122Z[0m [34mDEBUG[0m [2methereum_transaction_pool_monitor::mempool_monitor[0m[2m:[0m 🔍 Fetching transaction details for: 0x70612cb5da71c5b2d4cf4793360c9c26cddb22396b739a178582b451563ca657
[2m2025-12-10T10:09:56.358131Z[0m [34mDEBUG[0m [2methereum_transaction_pool_monitor::eth_client[0m[2m:[0m 🔍 Fetching transaction details for hash: 0x70612cb5da71c5b2d4cf4793360c9c26cddb22396b739a178582b451563ca657
[2m2025-12-10T10:09:56.358161Z[0m [34mDEBUG[0m [2mhyper::client::pool[0m[2m:[0m reuse idle connection for ("http", 192.168.0.14:8545)
[2m2025-12-10T10:09:56.358203Z[0m [34mDEBUG[0m [2mhyper::proto::h1::io[0m[2m:[0m flushed 250 bytes
[2m2025-12-10T10:09:56.358650Z[0m [34mDEBUG[0m [2methereum_transaction_pool_monitor::eth_client[0m[2m:[0m 📨 Received WebSocket message: {"jsonrpc":"2.0","method":"eth_subscription","params":{"subscription":"0xbed0a0851463e895960a451075a301a9","result":"0x487f68b828d3866e3fa34b329d471583d32f1302b9f117fb3563b6e1ee088f53"}}
[2m2025-12-10T10:09:56.358664Z[0m [34mDEBUG[0m [2methereum_transaction_pool_monitor::eth_client[0m[2m:[0m 📨 Received pending transaction: 0x487f68b828d3866e3fa34b329d471583d32f1302b9f117fb3563b6e1ee088f53
[2m2025-12-10T10:09:56.365672Z[0m [34mDEBUG[0m [2mhyper::proto::h1::io[0m[2m:[0m parsed 4 headers
[2m2025-12-10T10:09:56.365687Z[0m [34mDEBUG[0m [2mhyper::proto::h1::conn[0m[2m:[0m incoming body is content-length (646 bytes)
[2m2025-12-10T10:09:56.365699Z[0m [34mDEBUG[0m [2mhyper::proto::h1::conn[0m[2m:[0m incoming body completed
[2m2025-12-10T10:09:56.365714Z[0m [34mDEBUG[0m [2mhyper::client::pool[0m[2m:[0m pooling idle connection for ("http", 192.168.0.14:8545)
[2m2025-12-10T10:09:56.365725Z[0m [34mDEBUG[0m [2methereum_transaction_pool_monitor::eth_client[0m[2m:[0m 📡 Transaction fetch RPC completed in 7.585458ms
[2m2025-12-10T10:09:56.436541Z[0m [34mDEBUG[0m [2methereum_transaction_pool_monitor::eth_client[0m[2m:[0m ✅ Transaction 0x70612cb5da71c5b2d4cf4793360c9c26cddb22396b739a178582b451563ca657 fetched and parsed in 78.399666ms
[2m2025-12-10T10:09:56.436559Z[0m [34mDEBUG[0m [2methereum_transaction_pool_monitor::mempool_monitor[0m[2m:[0m 🔍 Skipping tx 0x70612cb5da71c5b2d4cf4793360c9c26cddb22396b739a178582b451563ca657 - not a DEX interaction (target: 0xaDF91eCf51cb890BEB41857F4976A22EDF02f20a)
[2m2025-12-10T10:09:56.436567Z[0m [34mDEBUG[0m [2methereum_transaction_pool_monitor::mempool_monitor[0m[2m:[0m 📨 Processing new pending transaction: 0x487f68b828d3866e3fa34b329d471583d32f1302b9f117fb3563b6e1ee088f53
[2m2025-12-10T10:09:56.436572Z[0m [34mDEBUG[0m [2methereum_transaction_pool_monitor::mempool_monitor[0m[2m:[0m 🔍 Fetching transaction details for: 0x487f68b828d3866e3fa34b329d471583d32f1302b9f117fb3563b6e1ee088f53
[2m2025-12-10T10:09:56.436576Z[0m [34mDEBUG[0m [2methereum_transaction_pool_monitor::eth_client[0m[2m:[0m 🔍 Fetching transaction details for hash: 0x487f68b828d3866e3fa34b329d471583d32f1302b9f117fb3563b6e1ee088f53
[2m2025-12-10T10:09:56.436593Z[0m [34mDEBUG[0m [2mhyper::client::pool[0m[2m:[0m reuse idle connection for ("http", 192.168.0.14:8545)
[2m2025-12-10T10:09:56.436617Z[0m [34mDEBUG[0m [2mhyper::proto::h1::io[0m[2m:[0m flushed 250 bytes
[2m2025-12-10T10:09:56.436642Z[0m [34mDEBUG[0m [2mhyper::client::pool[0m[2m:[0m reuse idle connection for ("http", 192.168.0.14:8545)
[2m2025-12-10T10:09:56.436655Z[0m [34mDEBUG[0m [2mhyper::proto::h1::io[0m[2m:[0m flushed 172 bytes
[2m2025-12-10T10:09:56.441815Z[0m [34mDEBUG[0m [2mhyper::proto::h1::io[0m[2m:[0m parsed 4 headers
[2m2025-12-10T10:09:56.441822Z[0m [34mDEBUG[0m [2mhyper::proto::h1::conn[0m[2m:[0m incoming body is content-length (45 bytes)
[2m2025-12-10T10:09:56.441830Z[0m [34mDEBUG[0m [2mhyper::proto::h1::conn[0m[2m:[0m incoming body completed
[2m2025-12-10T10:09:56.441838Z[0m [34mDEBUG[0m [2mhyper::client::pool[0m[2m:[0m pooling idle connection for ("http", 192.168.0.14:8545)
[2m2025-12-10T10:09:56.441857Z[0m [34mDEBUG[0m [2mhyper::proto::h1::io[0m[2m:[0m parsed 4 headers
[2m2025-12-10T10:09:56.441860Z[0m [34mDEBUG[0m [2mhyper::proto::h1::conn[0m[2m:[0m incoming body is content-length (772 bytes)
[2m2025-12-10T10:09:56.441865Z[0m [34mDEBUG[0m [2mhyper::proto::h1::conn[0m[2m:[0m incoming body completed
[2m2025-12-10T10:09:56.441870Z[0m [34mDEBUG[0m [2mhyper::client::pool[0m[2m:[0m pooling idle connection for ("http", 192.168.0.14:8545)
[2m2025-12-10T10:09:56.441875Z[0m [34mDEBUG[0m [2methereum_transaction_pool_monitor::eth_client[0m[2m:[0m 📡 Transaction fetch RPC completed in 5.294583ms
[2m2025-12-10T10:09:56.513318Z[0m [34mDEBUG[0m [2methereum_transaction_pool_monitor::eth_client[0m[2m:[0m ✅ Transaction 0x487f68b828d3866e3fa34b329d471583d32f1302b9f117fb3563b6e1ee088f53 fetched and parsed in 76.734833ms
[2m2025-12-10T10:09:56.513345Z[0m [34mDEBUG[0m [2methereum_transaction_pool_monitor::mempool_monitor[0m[2m:[0m 🔍 Skipping tx 0x487f68b828d3866e3fa34b329d471583d32f1302b9f117fb3563b6e1ee088f53 - not a DEX interaction (target: 0x8e5e017d6b3F567623B5d4a690a2a686bF7BA515)
[2m2025-12-10T10:09:56.513381Z[0m [34mDEBUG[0m [2mhyper::client::pool[0m[2m:[0m reuse idle connection for ("http", 192.168.0.14:8545)
[2m2025-12-10T10:09:56.513420Z[0m [34mDEBUG[0m [2mhyper::proto::h1::io[0m[2m:[0m flushed 172 bytes
[2m2025-12-10T10:09:56.513429Z[0m [34mDEBUG[0m [2methereum_transaction_pool_monitor::eth_client[0m[2m:[0m 📨 Received WebSocket message: {"jsonrpc":"2.0","method":"eth_subscription","params":{"subscription":"0xbed0a0851463e895960a451075a301a9","result":"0x8eee2337a72ce01fc066266f0cfdc7524e74dbd1bda061e4f6f00d2613a06feb"}}
[2m2025-12-10T10:09:56.513440Z[0m [34mDEBUG[0m [2methereum_transaction_pool_monitor::eth_client[0m[2m:[0m 📨 Received pending transaction: 0x8eee2337a72ce01fc066266f0cfdc7524e74dbd1bda061e4f6f00d2613a06feb
[2m2025-12-10T10:09:56.513446Z[0m [34mDEBUG[0m [2methereum_transaction_pool_monitor::eth_client[0m[2m:[0m 📨 Received WebSocket message: {"jsonrpc":"2.0","method":"eth_subscription","params":{"subscription":"0xbed0a0851463e895960a451075a301a9","result":"0x3b8fd3d6f2c16006e5c8dd1cfcf51425b580cbff09435dda612365603dc0b68a"}}
[2m2025-12-10T10:09:56.513452Z[0m [34mDEBUG[0m [2methereum_transaction_pool_monitor::eth_client[0m[2m:[0m 📨 Received pending transaction: 0x3b8fd3d6f2c16006e5c8dd1cfcf51425b580cbff09435dda612365603dc0b68a
[2m2025-12-10T10:09:56.513460Z[0m [34mDEBUG[0m [2methereum_transaction_pool_monitor::mempool_monitor[0m[2m:[0m 📨 Processing new pending transaction: 0x8eee2337a72ce01fc066266f0cfdc7524e74dbd1bda061e4f6f00d2613a06feb
[2m2025-12-10T10:09:56.513467Z[0m [34mDEBUG[0m [2methereum_transaction_pool_monitor::mempool_monitor[0m[2m:[0m 🔍 Fetching transaction details for: 0x8eee2337a72ce01fc066266f0cfdc7524e74dbd1bda061e4f6f00d2613a06feb
[2m2025-12-10T10:09:56.513473Z[0m [34mDEBUG[0m [2methereum_transaction_pool_monitor::eth_client[0m[2m:[0m 🔍 Fetching transaction details for hash: 0x8eee2337a72ce01fc066266f0cfdc7524e74dbd1bda061e4f6f00d2613a06feb
[2m2025-12-10T10:09:56.513482Z[0m [34mDEBUG[0m [2mhyper::client::pool[0m[2m:[0m reuse idle connection for ("http", 192.168.0.14:8545)
[2m2025-12-10T10:09:56.513500Z[0m [34mDEBUG[0m [2mhyper::proto::h1::io[0m[2m:[0m flushed 250 bytes
[2m2025-12-10T10:09:56.526367Z[0m [34mDEBUG[0m [2mhyper::proto::h1::io[0m[2m:[0m parsed 4 headers
[2m2025-12-10T10:09:56.526380Z[0m [34mDEBUG[0m [2mhyper::proto::h1::conn[0m[2m:[0m incoming body is content-length (45 bytes)
[2m2025-12-10T10:09:56.526389Z[0m [34mDEBUG[0m [2mhyper::proto::h1::conn[0m[2m:[0m incoming body completed
[2m2025-12-10T10:09:56.526398Z[0m [34mDEBUG[0m [2mhyper::client::pool[0m[2m:[0m pooling idle connection for ("http", 192.168.0.14:8545)
[2m2025-12-10T10:09:56.530564Z[0m [34mDEBUG[0m [2mhyper::proto::h1::io[0m[2m:[0m parsed 4 headers
[2m2025-12-10T10:09:56.530574Z[0m [34mDEBUG[0m [2mhyper::proto::h1::conn[0m[2m:[0m incoming body is content-length (1731 bytes)
[2m2025-12-10T10:09:56.530582Z[0m [34mDEBUG[0m [2mhyper::proto::h1::conn[0m[2m:[0m incoming body completed
[2m2025-12-10T10:09:56.530593Z[0m [34mDEBUG[0m [2mhyper::client::pool[0m[2m:[0m pooling idle connection for ("http", 192.168.0.14:8545)
[2m2025-12-10T10:09:56.530599Z[0m [34mDEBUG[0m [2methereum_transaction_pool_monitor::eth_client[0m[2m:[0m 📡 Transaction fetch RPC completed in 17.12075ms
[2m2025-12-10T10:09:56.602583Z[0m [34mDEBUG[0m [2methereum_transaction_pool_monitor::eth_client[0m[2m:[0m ✅ Transaction 0x8eee2337a72ce01fc066266f0cfdc7524e74dbd1bda061e4f6f00d2613a06feb fetched and parsed in 89.101666ms
[2m2025-12-10T10:09:56.602610Z[0m [34mDEBUG[0m [2methereum_transaction_pool_monitor::mempool_monitor[0m[2m:[0m 🔍 Skipping tx 0x8eee2337a72ce01fc066266f0cfdc7524e74dbd1bda061e4f6f00d2613a06feb - not a DEX interaction (target: 0x601a2aD6CB5949f0529735254189Ba3194221EDF)
[2m2025-12-10T10:09:56.602622Z[0m [34mDEBUG[0m [2methereum_transaction_pool_monitor::mempool_monitor[0m[2m:[0m 📨 Processing new pending transaction: 0x3b8fd3d6f2c16006e5c8dd1cfcf51425b580cbff09435dda612365603dc0b68a
[2m2025-12-10T10:09:56.602629Z[0m [34mDEBUG[0m [2methereum_transaction_pool_monitor::mempool_monitor[0m[2m:[0m 🔍 Fetching transaction details for: 0x3b8fd3d6f2c16006e5c8dd1cfcf51425b580cbff09435dda612365603dc0b68a
[2m2025-12-10T10:09:56.602635Z[0m [34mDEBUG[0m [2methereum_transaction_pool_monitor::eth_client[0m[2m:[0m 🔍 Fetching transaction details for hash: 0x3b8fd3d6f2c16006e5c8dd1cfcf51425b580cbff09435dda612365603dc0b68a
[2m2025-12-10T10:09:56.602653Z[0m [34mDEBUG[0m [2mhyper::client::pool[0m[2m:[0m reuse idle connection for ("http", 192.168.0.14:8545)
[2m2025-12-10T10:09:56.602706Z[0m [34mDEBUG[0m [2mhyper::proto::h1::io[0m[2m:[0m flushed 250 bytes
[2m2025-12-10T10:09:56.602724Z[0m [34mDEBUG[0m [2mhyper::client::pool[0m[2m:[0m reuse idle connection for ("http", 192.168.0.14:8545)
[2m2025-12-10T10:09:56.602740Z[0m [34mDEBUG[0m [2mhyper::proto::h1::io[0m[2m:[0m flushed 172 bytes
[2m2025-12-10T10:09:56.602781Z[0m [34mDEBUG[0m [2methereum_transaction_pool_monitor::eth_client[0m[2m:[0m 📨 Received WebSocket message: {"jsonrpc":"2.0","method":"eth_subscription","params":{"subscription":"0xbed0a0851463e895960a451075a301a9","result":"0x0770db5cf741db3ff41ba8722fc01be221596fe4ede101438713bd52101d7202"}}
[2m2025-12-10T10:09:56.602790Z[0m [34mDEBUG[0m [2methereum_transaction_pool_monitor::eth_client[0m[2m:[0m 📨 Received pending transaction: 0x0770db5cf741db3ff41ba8722fc01be221596fe4ede101438713bd52101d7202
[2m2025-12-10T10:09:56.606497Z[0m [34mDEBUG[0m [2mhyper::proto::h1::io[0m[2m:[0m parsed 4 headers
[2m2025-12-10T10:09:56.606505Z[0m [34mDEBUG[0m [2mhyper::proto::h1::conn[0m[2m:[0m incoming body is content-length (45 bytes)
[2m2025-12-10T10:09:56.606511Z[0m [34mDEBUG[0m [2mhyper::proto::h1::conn[0m[2m:[0m incoming body completed
[2m2025-12-10T10:09:56.606520Z[0m [34mDEBUG[0m [2mhyper::client::pool[0m[2m:[0m pooling idle connection for ("http", 192.168.0.14:8545)
[2m2025-12-10T10:09:56.606537Z[0m [34mDEBUG[0m [2mhyper::proto::h1::io[0m[2m:[0m parsed 4 headers
[2m2025-12-10T10:09:56.606542Z[0m [34mDEBUG[0m [2mhyper::proto::h1::conn[0m[2m:[0m incoming body is content-length (770 bytes)
[2m2025-12-10T10:09:56.606549Z[0m [34mDEBUG[0m [2mhyper::proto::h1::conn[0m[2m:[0m incoming body completed
[2m2025-12-10T10:09:56.606556Z[0m [34mDEBUG[0m [2mhyper::client::pool[0m[2m:[0m pooling idle connection for ("http", 192.168.0.14:8545)
[2m2025-12-10T10:09:56.606560Z[0m [34mDEBUG[0m [2methereum_transaction_pool_monitor::eth_client[0m[2m:[0m 📡 Transaction fetch RPC completed in 3.921125ms
[2m2025-12-10T10:09:56.678426Z[0m [34mDEBUG[0m [2methereum_transaction_pool_monitor::eth_client[0m[2m:[0m ✅ Transaction 0x3b8fd3d6f2c16006e5c8dd1cfcf51425b580cbff09435dda612365603dc0b68a fetched and parsed in 75.784292ms
[2m2025-12-10T10:09:56.678455Z[0m [34mDEBUG[0m [2methereum_transaction_pool_monitor::mempool_monitor[0m[2m:[0m 🔍 Skipping tx 0x3b8fd3d6f2c16006e5c8dd1cfcf51425b580cbff09435dda612365603dc0b68a - not a DEX interaction (target: 0xB8f28C60dD8240141185a192fa4156A23E189305)
[2m2025-12-10T10:09:56.678466Z[0m [34mDEBUG[0m [2methereum_transaction_pool_monitor::mempool_monitor[0m[2m:[0m 📨 Processing new pending transaction: 0x0770db5cf741db3ff41ba8722fc01be221596fe4ede101438713bd52101d7202
[2m2025-12-10T10:09:56.678473Z[0m [34mDEBUG[0m [2methereum_transaction_pool_monitor::mempool_monitor[0m[2m:[0m 🔍 Fetching transaction details for: 0x0770db5cf741db3ff41ba8722fc01be221596fe4ede101438713bd52101d7202
[2m2025-12-10T10:09:56.678480Z[0m [34mDEBUG[0m [2methereum_transaction_pool_monitor::eth_client[0m[2m:[0m 🔍 Fetching transaction details for hash: 0x0770db5cf741db3ff41ba8722fc01be221596fe4ede101438713bd52101d7202
[2m2025-12-10T10:09:56.678498Z[0m [34mDEBUG[0m [2mhyper::client::pool[0m[2m:[0m reuse idle connection for ("http", 192.168.0.14:8545)
[2m2025-12-10T10:09:56.678537Z[0m [34mDEBUG[0m [2mhyper::proto::h1::io[0m[2m:[0m flushed 250 bytes
[2m2025-12-10T10:09:56.687136Z[0m [34mDEBUG[0m [2mhyper::proto::h1::io[0m[2m:[0m parsed 4 headers
[2m2025-12-10T10:09:56.687201Z[0m [34mDEBUG[0m [2mhyper::proto::h1::conn[0m[2m:[0m incoming body is content-length (770 bytes)
[2m2025-12-10T10:09:56.687210Z[0m [34mDEBUG[0m [2mhyper::proto::h1::conn[0m[2m:[0m incoming body completed
[2m2025-12-10T10:09:56.687223Z[0m [34mDEBUG[0m [2mhyper::client::pool[0m[2m:[0m pooling idle connection for ("http", 192.168.0.14:8545)
[2m2025-12-10T10:09:56.687230Z[0m [34mDEBUG[0m [2methereum_transaction_pool_monitor::eth_client[0m[2m:[0m 📡 Transaction fetch RPC completed in 8.74625ms
[2m2025-12-10T10:09:56.759341Z[0m [34mDEBUG[0m [2methereum_transaction_pool_monitor::eth_client[0m[2m:[0m ✅ Transaction 0x0770db5cf741db3ff41ba8722fc01be221596fe4ede101438713bd52101d7202 fetched and parsed in 80.854291ms
[2m2025-12-10T10:09:56.759368Z[0m [34mDEBUG[0m [2methereum_transaction_pool_monitor::mempool_monitor[0m[2m:[0m 🔍 Skipping tx 0x0770db5cf741db3ff41ba8722fc01be221596fe4ede101438713bd52101d7202 - not a DEX interaction (target: 0xA0b86991c6218b36c1d19D4a2e9Eb0cE3606eB48)
[2m2025-12-10T10:09:56.759412Z[0m [34mDEBUG[0m [2mhyper::client::pool[0m[2m:[0m reuse idle connection for ("http", 192.168.0.14:8545)
[2m2025-12-10T10:09:56.759454Z[0m [34mDEBUG[0m [2mhyper::proto::h1::io[0m[2m:[0m flushed 172 bytes
[2m2025-12-10T10:09:56.764593Z[0m [34mDEBUG[0m [2mhyper::proto::h1::io[0m[2m:[0m parsed 4 headers
[2m2025-12-10T10:09:56.764598Z[0m [34mDEBUG[0m [2mhyper::proto::h1::conn[0m[2m:[0m incoming body is content-length (45 bytes)
[2m2025-12-10T10:09:56.764605Z[0m [34mDEBUG[0m [2mhyper::proto::h1::conn[0m[2m:[0m incoming body completed
[2m2025-12-10T10:09:56.764613Z[0m [34mDEBUG[0m [2mhyper::client::pool[0m[2m:[0m pooling idle connection for ("http", 192.168.0.14:8545)
[2m2025-12-10T10:09:56.798751Z[0m [34mDEBUG[0m [2mhyper::client::pool[0m[2m:[0m reuse idle connection for ("http", 192.168.0.14:8545)
[2m2025-12-10T10:09:56.798804Z[0m [34mDEBUG[0m [2mhyper::proto::h1::io[0m[2m:[0m flushed 172 bytes
[2m2025-12-10T10:09:56.803383Z[0m [34mDEBUG[0m [2mhyper::proto::h1::io[0m[2m:[0m parsed 4 headers
[2m2025-12-10T10:09:56.803399Z[0m [34mDEBUG[0m [2mhyper::proto::h1::conn[0m[2m:[0m incoming body is content-length (45 bytes)
[2m2025-12-10T10:09:56.803407Z[0m [34mDEBUG[0m [2mhyper::proto::h1::conn[0m[2m:[0m incoming body completed
[2m2025-12-10T10:09:56.803416Z[0m [34mDEBUG[0m [2mhyper::client::pool[0m[2m:[0m pooling idle connection for ("http", 192.168.0.14:8545)
[2m2025-12-10T10:09:56.896801Z[0m [34mDEBUG[0m [2mhyper::client::pool[0m[2m:[0m reuse idle connection for ("http", 192.168.0.14:8545)
[2m2025-12-10T10:09:56.896847Z[0m [34mDEBUG[0m [2mhyper::proto::h1::io[0m[2m:[0m flushed 172 bytes
[2m2025-12-10T10:09:56.900565Z[0m [34mDEBUG[0m [2mhyper::proto::h1::io[0m[2m:[0m parsed 4 headers
[2m2025-12-10T10:09:56.900589Z[0m [34mDEBUG[0m [2mhyper::proto::h1::conn[0m[2m:[0m incoming body is content-length (45 bytes)
[2m2025-12-10T10:09:56.900602Z[0m [34mDEBUG[0m [2mhyper::proto::h1::conn[0m[2m:[0m incoming body completed
[2m2025-12-10T10:09:56.900632Z[0m [34mDEBUG[0m [2mhyper::client::pool[0m[2m:[0m pooling idle connection for ("http", 192.168.0.14:8545)
[2m2025-12-10T10:09:56.944652Z[0m [34mDEBUG[0m [2methereum_transaction_pool_monitor::eth_client[0m[2m:[0m 📨 Received WebSocket message: {"jsonrpc":"2.0","method":"eth_subscription","params":{"subscription":"0xbed0a0851463e895960a451075a301a9","result":"0xd54b67a9ad8b1354897fa21a46ce855c03fc7925d74f87acc048f14f9f77a684"}}
[2m2025-12-10T10:09:56.944688Z[0m [34mDEBUG[0m [2methereum_transaction_pool_monitor::eth_client[0m[2m:[0m 📨 Received pending transaction: 0xd54b67a9ad8b1354897fa21a46ce855c03fc7925d74f87acc048f14f9f77a684
[2m2025-12-10T10:09:56.944703Z[0m [34mDEBUG[0m [2methereum_transaction_pool_monitor::mempool_monitor[0m[2m:[0m 📨 Processing new pending transaction: 0xd54b67a9ad8b1354897fa21a46ce855c03fc7925d74f87acc048f14f9f77a684
[2m2025-12-10T10:09:56.944714Z[0m [34mDEBUG[0m [2methereum_transaction_pool_monitor::mempool_monitor[0m[2m:[0m 🔍 Fetching transaction details for: 0xd54b67a9ad8b1354897fa21a46ce855c03fc7925d74f87acc048f14f9f77a684
[2m2025-12-10T10:09:56.944723Z[0m [34mDEBUG[0m [2methereum_transaction_pool_monitor::eth_client[0m[2m:[0m 🔍 Fetching transaction details for hash: 0xd54b67a9ad8b1354897fa21a46ce855c03fc7925d74f87acc048f14f9f77a684
[2m2025-12-10T10:09:56.944756Z[0m [34mDEBUG[0m [2mhyper::client::pool[0m[2m:[0m reuse idle connection for ("http", 192.168.0.14:8545)
[2m2025-12-10T10:09:56.944797Z[0m [34mDEBUG[0m [2mhyper::proto::h1::io[0m[2m:[0m flushed 250 bytes
[2m2025-12-10T10:09:56.951774Z[0m [34mDEBUG[0m [2mhyper::proto::h1::io[0m[2m:[0m parsed 4 headers
[2m2025-12-10T10:09:56.951800Z[0m [34mDEBUG[0m [2mhyper::proto::h1::conn[0m[2m:[0m incoming body is content-length (648 bytes)
[2m2025-12-10T10:09:56.951826Z[0m [34mDEBUG[0m [2mhyper::proto::h1::conn[0m[2m:[0m incoming body completed
[2m2025-12-10T10:09:56.951854Z[0m [34mDEBUG[0m [2mhyper::client::pool[0m[2m:[0m pooling idle connection for ("http", 192.168.0.14:8545)
[2m2025-12-10T10:09:56.951876Z[0m [34mDEBUG[0m [2methereum_transaction_pool_monitor::eth_client[0m[2m:[0m 📡 Transaction fetch RPC completed in 7.143208ms
[2m2025-12-10T10:09:57.031102Z[0m [34mDEBUG[0m [2methereum_transaction_pool_monitor::eth_client[0m[2m:[0m ✅ Transaction 0xd54b67a9ad8b1354897fa21a46ce855c03fc7925d74f87acc048f14f9f77a684 fetched and parsed in 86.367542ms
[2m2025-12-10T10:09:57.031122Z[0m [34mDEBUG[0m [2methereum_transaction_pool_monitor::mempool_monitor[0m[2m:[0m 🔍 Skipping tx 0xd54b67a9ad8b1354897fa21a46ce855c03fc7925d74f87acc048f14f9f77a684 - not a DEX interaction (target: 0xFe43778e3d8D4CaCDD913c988831FE7A766e05ca)
[2m2025-12-10T10:09:57.031188Z[0m [34mDEBUG[0m [2mhyper::client::pool[0m[2m:[0m reuse idle connection for ("http", 192.168.0.14:8545)
[2m2025-12-10T10:09:57.031242Z[0m [34mDEBUG[0m [2mhyper::proto::h1::io[0m[2m:[0m flushed 172 bytes
[2m2025-12-10T10:09:57.037176Z[0m [34mDEBUG[0m [2mhyper::proto::h1::io[0m[2m:[0m parsed 4 headers
[2m2025-12-10T10:09:57.037193Z[0m [34mDEBUG[0m [2mhyper::proto::h1::conn[0m[2m:[0m incoming body is content-length (45 bytes)
[2m2025-12-10T10:09:57.037201Z[0m [34mDEBUG[0m [2mhyper::proto::h1::conn[0m[2m:[0m incoming body completed
[2m2025-12-10T10:09:57.037211Z[0m [34mDEBUG[0m [2mhyper::client::pool[0m[2m:[0m pooling idle connection for ("http", 192.168.0.14:8545)
[2m2025-12-10T10:09:57.094617Z[0m [34mDEBUG[0m [2methereum_transaction_pool_monitor::eth_client[0m[2m:[0m 📨 Received WebSocket message: {"jsonrpc":"2.0","method":"eth_subscription","params":{"subscription":"0xbed0a0851463e895960a451075a301a9","result":"0x3dd6e20a9c78dda0cb4212a8285397f78c96e89911eb6f7afd95de6a2aa7d59c"}}
[2m2025-12-10T10:09:57.094642Z[0m [34mDEBUG[0m [2methereum_transaction_pool_monitor::eth_client[0m[2m:[0m 📨 Received pending transaction: 0x3dd6e20a9c78dda0cb4212a8285397f78c96e89911eb6f7afd95de6a2aa7d59c
[2m2025-12-10T10:09:57.094651Z[0m [34mDEBUG[0m [2methereum_transaction_pool_monitor::mempool_monitor[0m[2m:[0m 📨 Processing new pending transaction: 0x3dd6e20a9c78dda0cb4212a8285397f78c96e89911eb6f7afd95de6a2aa7d59c
[2m2025-12-10T10:09:57.094656Z[0m [34mDEBUG[0m [2methereum_transaction_pool_monitor::mempool_monitor[0m[2m:[0m 🔍 Fetching transaction details for: 0x3dd6e20a9c78dda0cb4212a8285397f78c96e89911eb6f7afd95de6a2aa7d59c
[2m2025-12-10T10:09:57.094660Z[0m [34mDEBUG[0m [2methereum_transaction_pool_monitor::eth_client[0m[2m:[0m 🔍 Fetching transaction details for hash: 0x3dd6e20a9c78dda0cb4212a8285397f78c96e89911eb6f7afd95de6a2aa7d59c
[2m2025-12-10T10:09:57.094679Z[0m [34mDEBUG[0m [2mhyper::client::pool[0m[2m:[0m reuse idle connection for ("http", 192.168.0.14:8545)
[2m2025-12-10T10:09:57.094705Z[0m [34mDEBUG[0m [2mhyper::proto::h1::io[0m[2m:[0m flushed 250 bytes
[2m2025-12-10T10:09:57.097264Z[0m [34mDEBUG[0m [2mhyper::client::pool[0m[2m:[0m reuse idle connection for ("http", 192.168.0.14:8545)
[2m2025-12-10T10:09:57.097334Z[0m [34mDEBUG[0m [2mhyper::proto::h1::io[0m[2m:[0m flushed 172 bytes
[2m2025-12-10T10:09:57.104713Z[0m [34mDEBUG[0m [2mhyper::proto::h1::io[0m[2m:[0m parsed 4 headers
[2m2025-12-10T10:09:57.104721Z[0m [34mDEBUG[0m [2mhyper::proto::h1::conn[0m[2m:[0m incoming body is content-length (644 bytes)
[2m2025-12-10T10:09:57.104728Z[0m [34mDEBUG[0m [2mhyper::proto::h1::conn[0m[2m:[0m incoming body completed
[2m2025-12-10T10:09:57.104736Z[0m [34mDEBUG[0m [2mhyper::client::pool[0m[2m:[0m pooling idle connection for ("http", 192.168.0.14:8545)
[2m2025-12-10T10:09:57.104742Z[0m [34mDEBUG[0m [2methereum_transaction_pool_monitor::eth_client[0m[2m:[0m 📡 Transaction fetch RPC completed in 10.077542ms
[2m2025-12-10T10:09:57.173698Z[0m [34mDEBUG[0m [2methereum_transaction_pool_monitor::eth_client[0m[2m:[0m ✅ Transaction 0x3dd6e20a9c78dda0cb4212a8285397f78c96e89911eb6f7afd95de6a2aa7d59c fetched and parsed in 79.031917ms
[2m2025-12-10T10:09:57.173717Z[0m [34mDEBUG[0m [2methereum_transaction_pool_monitor::mempool_monitor[0m[2m:[0m 🔍 Skipping tx 0x3dd6e20a9c78dda0cb4212a8285397f78c96e89911eb6f7afd95de6a2aa7d59c - not a DEX interaction (target: 0x17E5545B11b468072283Cee1F066a059Fb0dbF24)
[2m2025-12-10T10:09:57.173739Z[0m [34mDEBUG[0m [2mhyper::proto::h1::io[0m[2m:[0m parsed 4 headers
[2m2025-12-10T10:09:57.173744Z[0m [34mDEBUG[0m [2mhyper::proto::h1::conn[0m[2m:[0m incoming body is content-length (45 bytes)
[2m2025-12-10T10:09:57.173751Z[0m [34mDEBUG[0m [2mhyper::proto::h1::conn[0m[2m:[0m incoming body completed
[2m2025-12-10T10:09:57.173759Z[0m [34mDEBUG[0m [2mhyper::client::pool[0m[2m:[0m pooling idle connection for ("http", 192.168.0.14:8545)
[2m2025-12-10T10:09:57.198808Z[0m [34mDEBUG[0m [2mhyper::client::pool[0m[2m:[0m reuse idle connection for ("http", 192.168.0.14:8545)
[2m2025-12-10T10:09:57.198865Z[0m [34mDEBUG[0m [2mhyper::proto::h1::io[0m[2m:[0m flushed 172 bytes
[2m2025-12-10T10:09:57.204660Z[0m [34mDEBUG[0m [2methereum_transaction_pool_monitor::eth_client[0m[2m:[0m 📨 Received WebSocket message: {"jsonrpc":"2.0","method":"eth_subscription","params":{"subscription":"0xbed0a0851463e895960a451075a301a9","result":"0xdc166d68c1ef554f48d729a16d5abb100bd746b92cb8aa59568814ab4ee12550"}}
[2m2025-12-10T10:09:57.204696Z[0m [34mDEBUG[0m [2methereum_transaction_pool_monitor::eth_client[0m[2m:[0m 📨 Received pending transaction: 0xdc166d68c1ef554f48d729a16d5abb100bd746b92cb8aa59568814ab4ee12550
[2m2025-12-10T10:09:57.204712Z[0m [34mDEBUG[0m [2methereum_transaction_pool_monitor::mempool_monitor[0m[2m:[0m 📨 Processing new pending transaction: 0xdc166d68c1ef554f48d729a16d5abb100bd746b92cb8aa59568814ab4ee12550
[2m2025-12-10T10:09:57.204722Z[0m [34mDEBUG[0m [2methereum_transaction_pool_monitor::mempool_monitor[0m[2m:[0m 🔍 Fetching transaction details for: 0xdc166d68c1ef554f48d729a16d5abb100bd746b92cb8aa59568814ab4ee12550
[2m2025-12-10T10:09:57.204729Z[0m [34mDEBUG[0m [2methereum_transaction_pool_monitor::eth_client[0m[2m:[0m 🔍 Fetching transaction details for hash: 0xdc166d68c1ef554f48d729a16d5abb100bd746b92cb8aa59568814ab4ee12550
[2m2025-12-10T10:09:57.204774Z[0m [34mDEBUG[0m [2mhyper::client::pool[0m[2m:[0m reuse idle connection for ("http", 192.168.0.14:8545)
[2m2025-12-10T10:09:57.204803Z[0m [34mDEBUG[0m [2mhyper::proto::h1::io[0m[2m:[0m flushed 250 bytes
[2m2025-12-10T10:09:57.205132Z[0m [34mDEBUG[0m [2mhyper::proto::h1::io[0m[2m:[0m parsed 4 headers
[2m2025-12-10T10:09:57.205139Z[0m [34mDEBUG[0m [2mhyper::proto::h1::conn[0m[2m:[0m incoming body is content-length (45 bytes)
[2m2025-12-10T10:09:57.205146Z[0m [34mDEBUG[0m [2mhyper::proto::h1::conn[0m[2m:[0m incoming body completed
[2m2025-12-10T10:09:57.205155Z[0m [34mDEBUG[0m [2mhyper::client::pool[0m[2m:[0m pooling idle connection for ("http", 192.168.0.14:8545)
[2m2025-12-10T10:09:57.210929Z[0m [34mDEBUG[0m [2methereum_transaction_pool_monitor::eth_client[0m[2m:[0m 📨 Received WebSocket message: {"jsonrpc":"2.0","method":"eth_subscription","params":{"subscription":"0xbed0a0851463e895960a451075a301a9","result":"0xdf4177607ee54e415d3d1f006839bbd807dc606e7b1341a1102d0ab0fe80c0af"}}
[2m2025-12-10T10:09:57.210939Z[0m [34mDEBUG[0m [2methereum_transaction_pool_monitor::eth_client[0m[2m:[0m 📨 Received pending transaction: 0xdf4177607ee54e415d3d1f006839bbd807dc606e7b1341a1102d0ab0fe80c0af
[2m2025-12-10T10:09:57.215368Z[0m [34mDEBUG[0m [2mhyper::proto::h1::io[0m[2m:[0m parsed 4 headers
[2m2025-12-10T10:09:57.215377Z[0m [34mDEBUG[0m [2mhyper::proto::h1::conn[0m[2m:[0m incoming body is content-length (1801 bytes)
[2m2025-12-10T10:09:57.215390Z[0m [34mDEBUG[0m [2methereum_transaction_pool_monitor::eth_client[0m[2m:[0m 📡 Transaction fetch RPC completed in 10.649666ms
[2m2025-12-10T10:09:57.216236Z[0m [34mDEBUG[0m [2mhyper::proto::h1::conn[0m[2m:[0m incoming body completed
[2m2025-12-10T10:09:57.216246Z[0m [34mDEBUG[0m [2mhyper::client::pool[0m[2m:[0m pooling idle connection for ("http", 192.168.0.14:8545)
[2m2025-12-10T10:09:57.288622Z[0m [34mDEBUG[0m [2methereum_transaction_pool_monitor::eth_client[0m[2m:[0m ✅ Transaction 0xdc166d68c1ef554f48d729a16d5abb100bd746b92cb8aa59568814ab4ee12550 fetched and parsed in 83.87975ms
[2m2025-12-10T10:09:57.288653Z[0m [34mDEBUG[0m [2methereum_transaction_pool_monitor::mempool_monitor[0m[2m:[0m 🔍 Skipping tx 0xdc166d68c1ef554f48d729a16d5abb100bd746b92cb8aa59568814ab4ee12550 - not a DEX interaction (target: 0xd72a6BA4a87DDB33e801b3f1c7750b2d0911fC6C)
[2m2025-12-10T10:09:57.288664Z[0m [34mDEBUG[0m [2methereum_transaction_pool_monitor::mempool_monitor[0m[2m:[0m 📨 Processing new pending transaction: 0xdf4177607ee54e415d3d1f006839bbd807dc606e7b1341a1102d0ab0fe80c0af
[2m2025-12-10T10:09:57.288671Z[0m [34mDEBUG[0m [2methereum_transaction_pool_monitor::mempool_monitor[0m[2m:[0m 🔍 Fetching transaction details for: 0xdf4177607ee54e415d3d1f006839bbd807dc606e7b1341a1102d0ab0fe80c0af
[2m2025-12-10T10:09:57.288677Z[0m [34mDEBUG[0m [2methereum_transaction_pool_monitor::eth_client[0m[2m:[0m 🔍 Fetching transaction details for hash: 0xdf4177607ee54e415d3d1f006839bbd807dc606e7b1341a1102d0ab0fe80c0af
[2m2025-12-10T10:09:57.288696Z[0m [34mDEBUG[0m [2mhyper::client::pool[0m[2m:[0m reuse idle connection for ("http", 192.168.0.14:8545)
[2m2025-12-10T10:09:57.288746Z[0m [34mDEBUG[0m [2mhyper::proto::h1::io[0m[2m:[0m flushed 250 bytes
[2m2025-12-10T10:09:57.294224Z[0m [34mDEBUG[0m [2mhyper::proto::h1::io[0m[2m:[0m parsed 4 headers
[2m2025-12-10T10:09:57.294237Z[0m [34mDEBUG[0m [2mhyper::proto::h1::conn[0m[2m:[0m incoming body is content-length (830 bytes)
[2m2025-12-10T10:09:57.294246Z[0m [34mDEBUG[0m [2mhyper::proto::h1::conn[0m[2m:[0m incoming body completed
[2m2025-12-10T10:09:57.294255Z[0m [34mDEBUG[0m [2mhyper::client::pool[0m[2m:[0m pooling idle connection for ("http", 192.168.0.14:8545)
[2m2025-12-10T10:09:57.294262Z[0m [34mDEBUG[0m [2methereum_transaction_pool_monitor::eth_client[0m[2m:[0m 📡 Transaction fetch RPC completed in 5.58ms
[2m2025-12-10T10:09:57.367765Z[0m [34mDEBUG[0m [2methereum_transaction_pool_monitor::eth_client[0m[2m:[0m ✅ Transaction 0xdf4177607ee54e415d3d1f006839bbd807dc606e7b1341a1102d0ab0fe80c0af fetched and parsed in 79.080625ms
[2m2025-12-10T10:09:57.367791Z[0m [34mDEBUG[0m [2methereum_transaction_pool_monitor::mempool_monitor[0m[2m:[0m 🔍 Skipping tx 0xdf4177607ee54e415d3d1f006839bbd807dc606e7b1341a1102d0ab0fe80c0af - not a DEX interaction (target: 0x3B4D794a66304F130a4Db8F2551B0070dfCf5ca7)
[2m2025-12-10T10:09:57.367842Z[0m [34mDEBUG[0m [2mhyper::client::pool[0m[2m:[0m reuse idle connection for ("http", 192.168.0.14:8545)
[2m2025-12-10T10:09:57.367909Z[0m [34mDEBUG[0m [2mhyper::proto::h1::io[0m[2m:[0m flushed 172 bytes
[2m2025-12-10T10:09:57.371746Z[0m [34mDEBUG[0m [2mhyper::proto::h1::io[0m[2m:[0m parsed 4 headers
[2m2025-12-10T10:09:57.371772Z[0m [34mDEBUG[0m [2mhyper::proto::h1::conn[0m[2m:[0m incoming body is content-length (45 bytes)
[2m2025-12-10T10:09:57.371794Z[0m [34mDEBUG[0m [2mhyper::proto::h1::conn[0m[2m:[0m incoming body completed
[2m2025-12-10T10:09:57.371818Z[0m [34mDEBUG[0m [2mhyper::client::pool[0m[2m:[0m pooling idle connection for ("http", 192.168.0.14:8545)
[2m2025-12-10T10:09:57.398431Z[0m [34mDEBUG[0m [2mhyper::client::pool[0m[2m:[0m reuse idle connection for ("http", 192.168.0.14:8545)
[2m2025-12-10T10:09:57.398492Z[0m [34mDEBUG[0m [2mhyper::proto::h1::io[0m[2m:[0m flushed 172 bytes
[2m2025-12-10T10:09:57.401623Z[0m [34mDEBUG[0m [2mhyper::proto::h1::io[0m[2m:[0m parsed 4 headers
[2m2025-12-10T10:09:57.401629Z[0m [34mDEBUG[0m [2mhyper::proto::h1::conn[0m[2m:[0m incoming body is content-length (45 bytes)
[2m2025-12-10T10:09:57.401643Z[0m [34mDEBUG[0m [2mhyper::proto::h1::conn[0m[2m:[0m incoming body completed
[2m2025-12-10T10:09:57.401650Z[0m [34mDEBUG[0m [2mhyper::client::pool[0m[2m:[0m pooling idle connection for ("http", 192.168.0.14:8545)
[2m2025-12-10T10:09:57.471270Z[0m [34mDEBUG[0m [2methereum_transaction_pool_monitor::eth_client[0m[2m:[0m 📨 Received WebSocket message: {"jsonrpc":"2.0","method":"eth_subscription","params":{"subscription":"0xbed0a0851463e895960a451075a301a9","result":"0xea939476a1a1ab684dbb5e85854284120285ba5d3291a6334f96b9b34cc9733e"}}
[2m2025-12-10T10:09:57.471295Z[0m [34mDEBUG[0m [2methereum_transaction_pool_monitor::eth_client[0m[2m:[0m 📨 Received pending transaction: 0xea939476a1a1ab684dbb5e85854284120285ba5d3291a6334f96b9b34cc9733e
[2m2025-12-10T10:09:57.471321Z[0m [34mDEBUG[0m [2methereum_transaction_pool_monitor::mempool_monitor[0m[2m:[0m 📨 Processing new pending transaction: 0xea939476a1a1ab684dbb5e85854284120285ba5d3291a6334f96b9b34cc9733e
[2m2025-12-10T10:09:57.471328Z[0m [34mDEBUG[0m [2methereum_transaction_pool_monitor::mempool_monitor[0m[2m:[0m 🔍 Fetching transaction details for: 0xea939476a1a1ab684dbb5e85854284120285ba5d3291a6334f96b9b34cc9733e
[2m2025-12-10T10:09:57.471335Z[0m [34mDEBUG[0m [2methereum_transaction_pool_monitor::eth_client[0m[2m:[0m 🔍 Fetching transaction details for hash: 0xea939476a1a1ab684dbb5e85854284120285ba5d3291a6334f96b9b34cc9733e
[2m2025-12-10T10:09:57.471356Z[0m [34mDEBUG[0m [2mhyper::client::pool[0m[2m:[0m reuse idle connection for ("http", 192.168.0.14:8545)
[2m2025-12-10T10:09:57.471381Z[0m [34mDEBUG[0m [2mhyper::proto::h1::io[0m[2m:[0m flushed 250 bytes
[2m2025-12-10T10:09:57.476266Z[0m [34mDEBUG[0m [2mhyper::proto::h1::io[0m[2m:[0m parsed 4 headers
[2m2025-12-10T10:09:57.476274Z[0m [34mDEBUG[0m [2mhyper::proto::h1::conn[0m[2m:[0m incoming body is content-length (771 bytes)
[2m2025-12-10T10:09:57.476283Z[0m [34mDEBUG[0m [2mhyper::proto::h1::conn[0m[2m:[0m incoming body completed
[2m2025-12-10T10:09:57.476293Z[0m [34mDEBUG[0m [2mhyper::client::pool[0m[2m:[0m pooling idle connection for ("http", 192.168.0.14:8545)
[2m2025-12-10T10:09:57.476301Z[0m [34mDEBUG[0m [2methereum_transaction_pool_monitor::eth_client[0m[2m:[0m 📡 Transaction fetch RPC completed in 4.959542ms
[2m2025-12-10T10:09:57.555817Z[0m [34mDEBUG[0m [2methereum_transaction_pool_monitor::eth_client[0m[2m:[0m ✅ Transaction 0xea939476a1a1ab684dbb5e85854284120285ba5d3291a6334f96b9b34cc9733e fetched and parsed in 84.473375ms
[2m2025-12-10T10:09:57.555846Z[0m [34mDEBUG[0m [2methereum_transaction_pool_monitor::mempool_monitor[0m[2m:[0m 🔍 Skipping tx 0xea939476a1a1ab684dbb5e85854284120285ba5d3291a6334f96b9b34cc9733e - not a DEX interaction (target: 0xB8f28C60dD8240141185a192fa4156A23E189305)
[2m2025-12-10T10:09:57.555885Z[0m [34mDEBUG[0m [2mhyper::client::pool[0m[2m:[0m reuse idle connection for ("http", 192.168.0.14:8545)
[2m2025-12-10T10:09:57.555912Z[0m [34mDEBUG[0m [2mhyper::proto::h1::io[0m[2m:[0m flushed 172 bytes
[2m2025-12-10T10:09:57.555915Z[0m [34mDEBUG[0m [2methereum_transaction_pool_monitor::eth_client[0m[2m:[0m 📨 Received WebSocket message: {"jsonrpc":"2.0","method":"eth_subscription","params":{"subscription":"0xbed0a0851463e895960a451075a301a9","result":"0x3218978af227d92879a0a0e6cc7f70f3270ff75a890e9d538fdc8e041add7897"}}
[2m2025-12-10T10:09:57.555928Z[0m [34mDEBUG[0m [2methereum_transaction_pool_monitor::eth_client[0m[2m:[0m 📨 Received pending transaction: 0x3218978af227d92879a0a0e6cc7f70f3270ff75a890e9d538fdc8e041add7897
[2m2025-12-10T10:09:57.555937Z[0m [34mDEBUG[0m [2methereum_transaction_pool_monitor::mempool_monitor[0m[2m:[0m 📨 Processing new pending transaction: 0x3218978af227d92879a0a0e6cc7f70f3270ff75a890e9d538fdc8e041add7897
[2m2025-12-10T10:09:57.555943Z[0m [34mDEBUG[0m [2methereum_transaction_pool_monitor::mempool_monitor[0m[2m:[0m 🔍 Fetching transaction details for: 0x3218978af227d92879a0a0e6cc7f70f3270ff75a890e9d538fdc8e041add7897
[2m2025-12-10T10:09:57.555951Z[0m [34mDEBUG[0m [2methereum_transaction_pool_monitor::eth_client[0m[2m:[0m 🔍 Fetching transaction details for hash: 0x3218978af227d92879a0a0e6cc7f70f3270ff75a890e9d538fdc8e041add7897
[2m2025-12-10T10:09:57.555960Z[0m [34mDEBUG[0m [2mhyper::client::pool[0m[2m:[0m reuse idle connection for ("http", 192.168.0.14:8545)
[2m2025-12-10T10:09:57.555973Z[0m [34mDEBUG[0m [2mhyper::proto::h1::io[0m[2m:[0m flushed 250 bytes
[2m2025-12-10T10:09:57.559003Z[0m [34mDEBUG[0m [2mhyper::proto::h1::io[0m[2m:[0m parsed 4 headers
[2m2025-12-10T10:09:57.559013Z[0m [34mDEBUG[0m [2mhyper::proto::h1::conn[0m[2m:[0m incoming body is content-length (45 bytes)
[2m2025-12-10T10:09:57.559021Z[0m [34mDEBUG[0m [2mhyper::proto::h1::conn[0m[2m:[0m incoming body completed
[2m2025-12-10T10:09:57.559029Z[0m [34mDEBUG[0m [2mhyper::client::pool[0m[2m:[0m pooling idle connection for ("http", 192.168.0.14:8545)
[2m2025-12-10T10:09:57.567298Z[0m [34mDEBUG[0m [2mhyper::proto::h1::io[0m[2m:[0m parsed 4 headers
[2m2025-12-10T10:09:57.567309Z[0m [34mDEBUG[0m [2mhyper::proto::h1::conn[0m[2m:[0m incoming body is content-length (8131 bytes)
[2m2025-12-10T10:09:57.567318Z[0m [34mDEBUG[0m [2methereum_transaction_pool_monitor::eth_client[0m[2m:[0m 📡 Transaction fetch RPC completed in 11.36275ms
[2m2025-12-10T10:09:57.567469Z[0m [34mDEBUG[0m [2mhyper::proto::h1::conn[0m[2m:[0m incoming body completed
[2m2025-12-10T10:09:57.567478Z[0m [34mDEBUG[0m [2mhyper::client::pool[0m[2m:[0m pooling idle connection for ("http", 192.168.0.14:8545)
[2m2025-12-10T10:09:57.598514Z[0m [34mDEBUG[0m [2mhyper::client::pool[0m[2m:[0m reuse idle connection for ("http", 192.168.0.14:8545)
[2m2025-12-10T10:09:57.598554Z[0m [34mDEBUG[0m [2mhyper::proto::h1::io[0m[2m:[0m flushed 172 bytes
[2m2025-12-10T10:09:57.602297Z[0m [34mDEBUG[0m [2mhyper::proto::h1::io[0m[2m:[0m parsed 4 headers
[2m2025-12-10T10:09:57.602303Z[0m [34mDEBUG[0m [2mhyper::proto::h1::conn[0m[2m:[0m incoming body is content-length (45 bytes)
[2m2025-12-10T10:09:57.602311Z[0m [34mDEBUG[0m [2mhyper::proto::h1::conn[0m[2m:[0m incoming body completed
[2m2025-12-10T10:09:57.602319Z[0m [34mDEBUG[0m [2mhyper::client::pool[0m[2m:[0m pooling idle connection for ("http", 192.168.0.14:8545)
[2m2025-12-10T10:09:57.638976Z[0m [34mDEBUG[0m [2methereum_transaction_pool_monitor::eth_client[0m[2m:[0m ✅ Transaction 0x3218978af227d92879a0a0e6cc7f70f3270ff75a890e9d538fdc8e041add7897 fetched and parsed in 83.018916ms
[2m2025-12-10T10:09:57.639000Z[0m [34mDEBUG[0m [2methereum_transaction_pool_monitor::mempool_monitor[0m[2m:[0m 🔍 Skipping tx 0x3218978af227d92879a0a0e6cc7f70f3270ff75a890e9d538fdc8e041add7897 - not a DEX interaction (target: 0x1231DEB6f5749EF6cE6943a275A1D3E7486F4EaE)
[2m2025-12-10T10:09:57.698993Z[0m [34mDEBUG[0m [2mhyper::client::pool[0m[2m:[0m reuse idle connection for ("http", 192.168.0.14:8545)
[2m2025-12-10T10:09:57.699028Z[0m [34mDEBUG[0m [2mhyper::proto::h1::io[0m[2m:[0m flushed 172 bytes
[2m2025-12-10T10:09:57.703084Z[0m [34mDEBUG[0m [2mhyper::proto::h1::io[0m[2m:[0m parsed 4 headers
[2m2025-12-10T10:09:57.703107Z[0m [34mDEBUG[0m [2mhyper::proto::h1::conn[0m[2m:[0m incoming body is content-length (45 bytes)
[2m2025-12-10T10:09:57.703131Z[0m [34mDEBUG[0m [2mhyper::proto::h1::conn[0m[2m:[0m incoming body completed
[2m2025-12-10T10:09:57.703142Z[0m [34mDEBUG[0m [2mhyper::client::pool[0m[2m:[0m pooling idle connection for ("http", 192.168.0.14:8545)
[2m2025-12-10T10:09:57.732059Z[0m [34mDEBUG[0m [2methereum_transaction_pool_monitor::eth_client[0m[2m:[0m 📨 Received WebSocket message: {"jsonrpc":"2.0","method":"eth_subscription","params":{"subscription":"0xbed0a0851463e895960a451075a301a9","result":"0x22778270ad275bf39414ec16863df1a36cbc5d5480119c9c299fbf81ca3ee76c"}}
[2m2025-12-10T10:09:57.732073Z[0m [34mDEBUG[0m [2methereum_transaction_pool_monitor::eth_client[0m[2m:[0m 📨 Received pending transaction: 0x22778270ad275bf39414ec16863df1a36cbc5d5480119c9c299fbf81ca3ee76c
[2m2025-12-10T10:09:57.732082Z[0m [34mDEBUG[0m [2methereum_transaction_pool_monitor::mempool_monitor[0m[2m:[0m 📨 Processing new pending transaction: 0x22778270ad275bf39414ec16863df1a36cbc5d5480119c9c299fbf81ca3ee76c
[2m2025-12-10T10:09:57.732089Z[0m [34mDEBUG[0m [2methereum_transaction_pool_monitor::mempool_monitor[0m[2m:[0m 🔍 Fetching transaction details for: 0x22778270ad275bf39414ec16863df1a36cbc5d5480119c9c299fbf81ca3ee76c
[2m2025-12-10T10:09:57.732095Z[0m [34mDEBUG[0m [2methereum_transaction_pool_monitor::eth_client[0m[2m:[0m 🔍 Fetching transaction details for hash: 0x22778270ad275bf39414ec16863df1a36cbc5d5480119c9c299fbf81ca3ee76c
[2m2025-12-10T10:09:57.732112Z[0m [34mDEBUG[0m [2mhyper::client::pool[0m[2m:[0m reuse idle connection for ("http", 192.168.0.14:8545)
[2m2025-12-10T10:09:57.732131Z[0m [34mDEBUG[0m [2mhyper::proto::h1::io[0m[2m:[0m flushed 250 bytes
[2m2025-12-10T10:09:57.742095Z[0m [34mDEBUG[0m [2mhyper::proto::h1::io[0m[2m:[0m parsed 4 headers
[2m2025-12-10T10:09:57.742104Z[0m [34mDEBUG[0m [2mhyper::proto::h1::conn[0m[2m:[0m incoming body is content-length (773 bytes)
[2m2025-12-10T10:09:57.742112Z[0m [34mDEBUG[0m [2mhyper::proto::h1::conn[0m[2m:[0m incoming body completed
[2m2025-12-10T10:09:57.742121Z[0m [34mDEBUG[0m [2mhyper::client::pool[0m[2m:[0m pooling idle connection for ("http", 192.168.0.14:8545)
[2m2025-12-10T10:09:57.742128Z[0m [34mDEBUG[0m [2methereum_transaction_pool_monitor::eth_client[0m[2m:[0m 📡 Transaction fetch RPC completed in 10.028ms
[2m2025-12-10T10:09:57.820127Z[0m [34mDEBUG[0m [2methereum_transaction_pool_monitor::eth_client[0m[2m:[0m ✅ Transaction 0x22778270ad275bf39414ec16863df1a36cbc5d5480119c9c299fbf81ca3ee76c fetched and parsed in 88.024625ms
[2m2025-12-10T10:09:57.820154Z[0m [34mDEBUG[0m [2methereum_transaction_pool_monitor::mempool_monitor[0m[2m:[0m 🔍 Skipping tx 0x22778270ad275bf39414ec16863df1a36cbc5d5480119c9c299fbf81ca3ee76c - not a DEX interaction (target: 0xbf5495Efe5DB9ce00f80364C8B423567e58d2110)
[2m2025-12-10T10:09:57.820202Z[0m [34mDEBUG[0m [2mhyper::client::pool[0m[2m:[0m reuse idle connection for ("http", 192.168.0.14:8545)
[2m2025-12-10T10:09:57.820238Z[0m [34mDEBUG[0m [2mhyper::proto::h1::io[0m[2m:[0m flushed 172 bytes
[2m2025-12-10T10:09:57.823631Z[0m [34mDEBUG[0m [2mhyper::proto::h1::io[0m[2m:[0m parsed 4 headers
[2m2025-12-10T10:09:57.823637Z[0m [34mDEBUG[0m [2mhyper::proto::h1::conn[0m[2m:[0m incoming body is content-length (45 bytes)
[2m2025-12-10T10:09:57.823645Z[0m [34mDEBUG[0m [2mhyper::proto::h1::conn[0m[2m:[0m incoming body completed
[2m2025-12-10T10:09:57.823653Z[0m [34mDEBUG[0m [2mhyper::client::pool[0m[2m:[0m pooling idle connection for ("http", 192.168.0.14:8545)
[2m2025-12-10T10:09:57.898731Z[0m [34mDEBUG[0m [2mhyper::client::pool[0m[2m:[0m reuse idle connection for ("http", 192.168.0.14:8545)
[2m2025-12-10T10:09:57.898783Z[0m [34mDEBUG[0m [2mhyper::proto::h1::io[0m[2m:[0m flushed 172 bytes
[2m2025-12-10T10:09:57.900422Z[0m [34mDEBUG[0m [2methereum_transaction_pool_monitor::eth_client[0m[2m:[0m 📨 Received WebSocket message: {"jsonrpc":"2.0","method":"eth_subscription","params":{"subscription":"0xbed0a0851463e895960a451075a301a9","result":"0xfe5630e5bd91c33315a426f9d3f3dc0982041a4178638c1c26cd2f08c96e5c2f"}}
[2m2025-12-10T10:09:57.900435Z[0m [34mDEBUG[0m [2methereum_transaction_pool_monitor::eth_client[0m[2m:[0m 📨 Received pending transaction: 0xfe5630e5bd91c33315a426f9d3f3dc0982041a4178638c1c26cd2f08c96e5c2f
[2m2025-12-10T10:09:57.900444Z[0m [34mDEBUG[0m [2methereum_transaction_pool_monitor::mempool_monitor[0m[2m:[0m 📨 Processing new pending transaction: 0xfe5630e5bd91c33315a426f9d3f3dc0982041a4178638c1c26cd2f08c96e5c2f
[2m2025-12-10T10:09:57.900450Z[0m [34mDEBUG[0m [2methereum_transaction_pool_monitor::mempool_monitor[0m[2m:[0m 🔍 Fetching transaction details for: 0xfe5630e5bd91c33315a426f9d3f3dc0982041a4178638c1c26cd2f08c96e5c2f
[2m2025-12-10T10:09:57.900456Z[0m [34mDEBUG[0m [2methereum_transaction_pool_monitor::eth_client[0m[2m:[0m 🔍 Fetching transaction details for hash: 0xfe5630e5bd91c33315a426f9d3f3dc0982041a4178638c1c26cd2f08c96e5c2f
[2m2025-12-10T10:09:57.900467Z[0m [34mDEBUG[0m [2mhyper::client::pool[0m[2m:[0m reuse idle connection for ("http", 192.168.0.14:8545)
[2m2025-12-10T10:09:57.900485Z[0m [34mDEBUG[0m [2mhyper::proto::h1::io[0m[2m:[0m flushed 250 bytes
[2m2025-12-10T10:09:57.901935Z[0m [34mDEBUG[0m [2mhyper::proto::h1::io[0m[2m:[0m parsed 4 headers
[2m2025-12-10T10:09:57.901956Z[0m [34mDEBUG[0m [2mhyper::proto::h1::conn[0m[2m:[0m incoming body is content-length (45 bytes)
[2m2025-12-10T10:09:57.901977Z[0m [34mDEBUG[0m [2mhyper::proto::h1::conn[0m[2m:[0m incoming body completed
[2m2025-12-10T10:09:57.901985Z[0m [34mDEBUG[0m [2mhyper::client::pool[0m[2m:[0m pooling idle connection for ("http", 192.168.0.14:8545)
[2m2025-12-10T10:09:57.909658Z[0m [34mDEBUG[0m [2mhyper::proto::h1::io[0m[2m:[0m parsed 4 headers
[2m2025-12-10T10:09:57.909683Z[0m [34mDEBUG[0m [2mhyper::proto::h1::conn[0m[2m:[0m incoming body is content-length (677 bytes)
[2m2025-12-10T10:09:57.909693Z[0m [34mDEBUG[0m [2mhyper::proto::h1::conn[0m[2m:[0m incoming body completed
[2m2025-12-10T10:09:57.909707Z[0m [34mDEBUG[0m [2mhyper::client::pool[0m[2m:[0m pooling idle connection for ("http", 192.168.0.14:8545)
[2m2025-12-10T10:09:57.909724Z[0m [34mDEBUG[0m [2methereum_transaction_pool_monitor::eth_client[0m[2m:[0m 📡 Transaction fetch RPC completed in 9.262625ms
[2m2025-12-10T10:09:57.986190Z[0m [34mDEBUG[0m [2methereum_transaction_pool_monitor::eth_client[0m[2m:[0m ✅ Transaction 0xfe5630e5bd91c33315a426f9d3f3dc0982041a4178638c1c26cd2f08c96e5c2f fetched and parsed in 85.726125ms
[2m2025-12-10T10:09:57.986221Z[0m [34mDEBUG[0m [2methereum_transaction_pool_monitor::mempool_monitor[0m[2m:[0m 🔍 Skipping tx 0xfe5630e5bd91c33315a426f9d3f3dc0982041a4178638c1c26cd2f08c96e5c2f - not a DEX interaction (target: 0xA0b86991c6218b36c1d19D4a2e9Eb0cE3606eB48)
[2m2025-12-10T10:09:57.990047Z[0m [34mDEBUG[0m [2methereum_transaction_pool_monitor::eth_client[0m[2m:[0m 📨 Received WebSocket message: {"jsonrpc":"2.0","method":"eth_subscription","params":{"subscription":"0xbed0a0851463e895960a451075a301a9","result":"0xf548b8d194bef438dab99e8e447c1ee25d6116bc907f92c5c816206566b2e2b1"}}
[2m2025-12-10T10:09:57.990058Z[0m [34mDEBUG[0m [2methereum_transaction_pool_monitor::eth_client[0m[2m:[0m 📨 Received pending transaction: 0xf548b8d194bef438dab99e8e447c1ee25d6116bc907f92c5c816206566b2e2b1
[2m2025-12-10T10:09:57.990066Z[0m [34mDEBUG[0m [2methereum_transaction_pool_monitor::mempool_monitor[0m[2m:[0m 📨 Processing new pending transaction: 0xf548b8d194bef438dab99e8e447c1ee25d6116bc907f92c5c816206566b2e2b1
[2m2025-12-10T10:09:57.990071Z[0m [34mDEBUG[0m [2methereum_transaction_pool_monitor::mempool_monitor[0m[2m:[0m 🔍 Fetching transaction details for: 0xf548b8d194bef438dab99e8e447c1ee25d6116bc907f92c5c816206566b2e2b1
[2m2025-12-10T10:09:57.990075Z[0m [34mDEBUG[0m [2methereum_transaction_pool_monitor::eth_client[0m[2m:[0m 🔍 Fetching transaction details for hash: 0xf548b8d194bef438dab99e8e447c1ee25d6116bc907f92c5c816206566b2e2b1
[2m2025-12-10T10:09:57.990098Z[0m [34mDEBUG[0m [2mhyper::client::pool[0m[2m:[0m reuse idle connection for ("http", 192.168.0.14:8545)
[2m2025-12-10T10:09:57.990118Z[0m [34mDEBUG[0m [2mhyper::proto::h1::io[0m[2m:[0m flushed 250 bytes
[2m2025-12-10T10:09:57.994884Z[0m [34mDEBUG[0m [2mhyper::proto::h1::io[0m[2m:[0m parsed 4 headers
[2m2025-12-10T10:09:57.994908Z[0m [34mDEBUG[0m [2mhyper::proto::h1::conn[0m[2m:[0m incoming body is content-length (830 bytes)
[2m2025-12-10T10:09:57.994934Z[0m [34mDEBUG[0m [2mhyper::proto::h1::conn[0m[2m:[0m incoming body completed
[2m2025-12-10T10:09:57.994944Z[0m [34mDEBUG[0m [2mhyper::client::pool[0m[2m:[0m pooling idle connection for ("http", 192.168.0.14:8545)
[2m2025-12-10T10:09:57.994964Z[0m [34mDEBUG[0m [2methereum_transaction_pool_monitor::eth_client[0m[2m:[0m 📡 Transaction fetch RPC completed in 4.88425ms
[2m2025-12-10T10:09:58.066293Z[0m [34mDEBUG[0m [2methereum_transaction_pool_monitor::eth_client[0m[2m:[0m ✅ Transaction 0xf548b8d194bef438dab99e8e447c1ee25d6116bc907f92c5c816206566b2e2b1 fetched and parsed in 76.210875ms
[2m2025-12-10T10:09:58.066319Z[0m [34mDEBUG[0m [2methereum_transaction_pool_monitor::mempool_monitor[0m[2m:[0m 🔍 Skipping tx 0xf548b8d194bef438dab99e8e447c1ee25d6116bc907f92c5c816206566b2e2b1 - not a DEX interaction (target: 0x3B4D794a66304F130a4Db8F2551B0070dfCf5ca7)
[2m2025-12-10T10:09:58.066363Z[0m [34mDEBUG[0m [2mhyper::client::pool[0m[2m:[0m reuse idle connection for ("http", 192.168.0.14:8545)
[2m2025-12-10T10:09:58.066409Z[0m [34mDEBUG[0m [2mhyper::proto::h1::io[0m[2m:[0m flushed 172 bytes
[2m2025-12-10T10:09:58.070087Z[0m [34mDEBUG[0m [2mhyper::proto::h1::io[0m[2m:[0m parsed 4 headers
[2m2025-12-10T10:09:58.070093Z[0m [34mDEBUG[0m [2mhyper::proto::h1::conn[0m[2m:[0m incoming body is content-length (45 bytes)
[2m2025-12-10T10:09:58.070100Z[0m [34mDEBUG[0m [2mhyper::proto::h1::conn[0m[2m:[0m incoming body completed
[2m2025-12-10T10:09:58.070107Z[0m [34mDEBUG[0m [2mhyper::client::pool[0m[2m:[0m pooling idle connection for ("http", 192.168.0.14:8545)
[2m2025-12-10T10:09:58.097047Z[0m [34mDEBUG[0m [2mhyper::client::pool[0m[2m:[0m reuse idle connection for ("http", 192.168.0.14:8545)
[2m2025-12-10T10:09:58.097048Z[0m [32m INFO[0m [2methereum_transaction_pool_monitor::bot_runner[0m[2m:[0m 🤖 MEV Bot Stats | Uptime: 0.0h | Opportunities: 0 | Bundles: 0/0 (0.0%) | Profit: 0.0000 ETH | Rate: 0.00/h
[2m2025-12-10T10:09:58.097068Z[0m [34mDEBUG[0m [2mhyper::proto::h1::io[0m[2m:[0m flushed 172 bytes
[2m2025-12-10T10:09:58.100403Z[0m [34mDEBUG[0m [2mhyper::proto::h1::io[0m[2m:[0m parsed 4 headers
[2m2025-12-10T10:09:58.100408Z[0m [34mDEBUG[0m [2mhyper::proto::h1::conn[0m[2m:[0m incoming body is content-length (45 bytes)
[2m2025-12-10T10:09:58.100414Z[0m [34mDEBUG[0m [2mhyper::proto::h1::conn[0m[2m:[0m incoming body completed
[2m2025-12-10T10:09:58.100420Z[0m [34mDEBUG[0m [2mhyper::client::pool[0m[2m:[0m pooling idle connection for ("http", 192.168.0.14:8545)
[2m2025-12-10T10:09:58.196981Z[0m [34mDEBUG[0m [2mhyper::client::pool[0m[2m:[0m reuse idle connection for ("http", 192.168.0.14:8545)
[2m2025-12-10T10:09:58.197011Z[0m [34mDEBUG[0m [2mhyper::proto::h1::io[0m[2m:[0m flushed 172 bytes
[2m2025-12-10T10:09:58.201776Z[0m [34mDEBUG[0m [2mhyper::proto::h1::io[0m[2m:[0m parsed 4 headers
[2m2025-12-10T10:09:58.201797Z[0m [34mDEBUG[0m [2mhyper::proto::h1::conn[0m[2m:[0m incoming body is content-length (45 bytes)
[2m2025-12-10T10:09:58.201814Z[0m [34mDEBUG[0m [2mhyper::proto::h1::conn[0m[2m:[0m incoming body completed
[2m2025-12-10T10:09:58.201824Z[0m [34mDEBUG[0m [2mhyper::client::pool[0m[2m:[0m pooling idle connection for ("http", 192.168.0.14:8545)
[2m2025-12-10T10:09:58.236624Z[0m [34mDEBUG[0m [2methereum_transaction_pool_monitor::eth_client[0m[2m:[0m 📨 Received WebSocket message: {"jsonrpc":"2.0","method":"eth_subscription","params":{"subscription":"0xbed0a0851463e895960a451075a301a9","result":"0x73fed8b4fa139e147fd6ef7b5baef382bdcae072a60daae88cc1feff882ed9a0"}}
[2m2025-12-10T10:09:58.236644Z[0m [34mDEBUG[0m [2methereum_transaction_pool_monitor::eth_client[0m[2m:[0m 📨 Received pending transaction: 0x73fed8b4fa139e147fd6ef7b5baef382bdcae072a60daae88cc1feff882ed9a0
[2m2025-12-10T10:09:58.236658Z[0m [34mDEBUG[0m [2methereum_transaction_pool_monitor::mempool_monitor[0m[2m:[0m 📨 Processing new pending transaction: 0x73fed8b4fa139e147fd6ef7b5baef382bdcae072a60daae88cc1feff882ed9a0
[2m2025-12-10T10:09:58.236668Z[0m [34mDEBUG[0m [2methereum_transaction_pool_monitor::mempool_monitor[0m[2m:[0m 🔍 Fetching transaction details for: 0x73fed8b4fa139e147fd6ef7b5baef382bdcae072a60daae88cc1feff882ed9a0
[2m2025-12-10T10:09:58.236677Z[0m [34mDEBUG[0m [2methereum_transaction_pool_monitor::eth_client[0m[2m:[0m 🔍 Fetching transaction details for hash: 0x73fed8b4fa139e147fd6ef7b5baef382bdcae072a60daae88cc1feff882ed9a0
[2m2025-12-10T10:09:58.236695Z[0m [34mDEBUG[0m [2mhyper::client::pool[0m[2m:[0m reuse idle connection for ("http", 192.168.0.14:8545)
[2m2025-12-10T10:09:58.236722Z[0m [34mDEBUG[0m [2mhyper::proto::h1::io[0m[2m:[0m flushed 250 bytes
[2m2025-12-10T10:09:58.243805Z[0m [34mDEBUG[0m [2mhyper::proto::h1::io[0m[2m:[0m parsed 4 headers
[2m2025-12-10T10:09:58.243827Z[0m [34mDEBUG[0m [2mhyper::proto::h1::conn[0m[2m:[0m incoming body is content-length (765 bytes)
[2m2025-12-10T10:09:58.243839Z[0m [34mDEBUG[0m [2mhyper::proto::h1::conn[0m[2m:[0m incoming body completed
[2m2025-12-10T10:09:58.243852Z[0m [34mDEBUG[0m [2mhyper::client::pool[0m[2m:[0m pooling idle connection for ("http", 192.168.0.14:8545)
[2m2025-12-10T10:09:58.243869Z[0m [34mDEBUG[0m [2methereum_transaction_pool_monitor::eth_client[0m[2m:[0m 📡 Transaction fetch RPC completed in 7.183416ms
[2m2025-12-10T10:09:58.243896Z[0m [34mDEBUG[0m [2methereum_transaction_pool_monitor::eth_client[0m[2m:[0m DeFi transaction detected - Address: 0xdac17f958d2ee523a2206206994597c13d831ec7, Type: Stablecoin, Value: 0 ETH, Gas: 0.23 Gwei
[2m2025-12-10T10:09:58.243924Z[0m [34mDEBUG[0m [2methereum_transaction_pool_monitor::eth_client[0m[2m:[0m ✅ Transaction 0x73fed8b4fa139e147fd6ef7b5baef382bdcae072a60daae88cc1feff882ed9a0 fetched and parsed in 7.238666ms
[2m2025-12-10T10:09:58.243938Z[0m [34mDEBUG[0m [2methereum_transaction_pool_monitor::mempool_monitor[0m[2m:[0m 🔍 Skipping tx 0x73fed8b4fa139e147fd6ef7b5baef382bdcae072a60daae88cc1feff882ed9a0 - not a DEX interaction (target: 0xdAC17F958D2ee523a2206206994597C13D831ec7)
[2m2025-12-10T10:09:58.297431Z[0m [34mDEBUG[0m [2mhyper::client::pool[0m[2m:[0m reuse idle connection for ("http", 192.168.0.14:8545)
[2m2025-12-10T10:09:58.297609Z[0m [34mDEBUG[0m [2mhyper::proto::h1::io[0m[2m:[0m flushed 172 bytes
[2m2025-12-10T10:09:58.301087Z[0m [34mDEBUG[0m [2mhyper::proto::h1::io[0m[2m:[0m parsed 4 headers
[2m2025-12-10T10:09:58.301141Z[0m [34mDEBUG[0m [2mhyper::proto::h1::conn[0m[2m:[0m incoming body is content-length (45 bytes)
[2m2025-12-10T10:09:58.301176Z[0m [34mDEBUG[0m [2mhyper::proto::h1::conn[0m[2m:[0m incoming body completed
[2m2025-12-10T10:09:58.301219Z[0m [34mDEBUG[0m [2mhyper::client::pool[0m[2m:[0m pooling idle connection for ("http", 192.168.0.14:8545)
[2m2025-12-10T10:09:58.307895Z[0m [34mDEBUG[0m [2methereum_transaction_pool_monitor::eth_client[0m[2m:[0m 📨 Received WebSocket message: {"jsonrpc":"2.0","method":"eth_subscription","params":{"subscription":"0xbed0a0851463e895960a451075a301a9","result":"0x54e595bec960d877a22c72568a83b4866a3a97df1487624e89dda79faa5d3c44"}}
[2m2025-12-10T10:09:58.307943Z[0m [34mDEBUG[0m [2methereum_transaction_pool_monitor::eth_client[0m[2m:[0m 📨 Received pending transaction: 0x54e595bec960d877a22c72568a83b4866a3a97df1487624e89dda79faa5d3c44
[2m2025-12-10T10:09:58.307971Z[0m [34mDEBUG[0m [2methereum_transaction_pool_monitor::mempool_monitor[0m[2m:[0m 📨 Processing new pending transaction: 0x54e595bec960d877a22c72568a83b4866a3a97df1487624e89dda79faa5d3c44
[2m2025-12-10T10:09:58.307989Z[0m [34mDEBUG[0m [2methereum_transaction_pool_monitor::mempool_monitor[0m[2m:[0m 🔍 Fetching transaction details for: 0x54e595bec960d877a22c72568a83b4866a3a97df1487624e89dda79faa5d3c44
[2m2025-12-10T10:09:58.308004Z[0m [34mDEBUG[0m [2methereum_transaction_pool_monitor::eth_client[0m[2m:[0m 🔍 Fetching transaction details for hash: 0x54e595bec960d877a22c72568a83b4866a3a97df1487624e89dda79faa5d3c44
[2m2025-12-10T10:09:58.308062Z[0m [34mDEBUG[0m [2mhyper::client::pool[0m[2m:[0m reuse idle connection for ("http", 192.168.0.14:8545)
[2m2025-12-10T10:09:58.308135Z[0m [34mDEBUG[0m [2mhyper::proto::h1::io[0m[2m:[0m flushed 250 bytes
[2m2025-12-10T10:09:58.317096Z[0m [34mDEBUG[0m [2mhyper::proto::h1::io[0m[2m:[0m parsed 4 headers
[2m2025-12-10T10:09:58.317156Z[0m [34mDEBUG[0m [2mhyper::proto::h1::conn[0m[2m:[0m incoming body is content-length (652 bytes)
[2m2025-12-10T10:09:58.317205Z[0m [34mDEBUG[0m [2mhyper::proto::h1::conn[0m[2m:[0m incoming body completed
[2m2025-12-10T10:09:58.317263Z[0m [34mDEBUG[0m [2mhyper::client::pool[0m[2m:[0m pooling idle connection for ("http", 192.168.0.14:8545)
[2m2025-12-10T10:09:58.317305Z[0m [34mDEBUG[0m [2methereum_transaction_pool_monitor::eth_client[0m[2m:[0m 📡 Transaction fetch RPC completed in 9.285875ms
[2m2025-12-10T10:09:58.418691Z[0m [34mDEBUG[0m [2methereum_transaction_pool_monitor::eth_client[0m[2m:[0m ✅ Transaction 0x54e595bec960d877a22c72568a83b4866a3a97df1487624e89dda79faa5d3c44 fetched and parsed in 110.670208ms
[2m2025-12-10T10:09:58.418723Z[0m [34mDEBUG[0m [2methereum_transaction_pool_monitor::mempool_monitor[0m[2m:[0m 🔍 Skipping tx 0x54e595bec960d877a22c72568a83b4866a3a97df1487624e89dda79faa5d3c44 - not a DEX interaction (target: 0xB07c2DAC279B4135f6f872268643F5F9978A26c5)
[2m2025-12-10T10:09:58.418776Z[0m [34mDEBUG[0m [2mhyper::client::pool[0m[2m:[0m reuse idle connection for ("http", 192.168.0.14:8545)
[2m2025-12-10T10:09:58.418819Z[0m [34mDEBUG[0m [2mhyper::proto::h1::io[0m[2m:[0m flushed 172 bytes
[2m2025-12-10T10:09:58.422683Z[0m [34mDEBUG[0m [2mhyper::proto::h1::io[0m[2m:[0m parsed 4 headers
[2m2025-12-10T10:09:58.422705Z[0m [34mDEBUG[0m [2mhyper::proto::h1::conn[0m[2m:[0m incoming body is content-length (45 bytes)
[2m2025-12-10T10:09:58.422729Z[0m [34mDEBUG[0m [2mhyper::proto::h1::conn[0m[2m:[0m incoming body completed
[2m2025-12-10T10:09:58.422740Z[0m [34mDEBUG[0m [2mhyper::client::pool[0m[2m:[0m pooling idle connection for ("http", 192.168.0.14:8545)
[2m2025-12-10T10:09:58.440273Z[0m [34mDEBUG[0m [2methereum_transaction_pool_monitor::eth_client[0m[2m:[0m 📨 Received WebSocket message: {"jsonrpc":"2.0","method":"eth_subscription","params":{"subscription":"0xbed0a0851463e895960a451075a301a9","result":"0xa6bc33d2f5a43aff0edc33cb78400d5ec6d4ea4b413c93702bcfc5e5f8f6b1aa"}}
[2m2025-12-10T10:09:58.440286Z[0m [34mDEBUG[0m [2methereum_transaction_pool_monitor::eth_client[0m[2m:[0m 📨 Received pending transaction: 0xa6bc33d2f5a43aff0edc33cb78400d5ec6d4ea4b413c93702bcfc5e5f8f6b1aa
[2m2025-12-10T10:09:58.440294Z[0m [34mDEBUG[0m [2methereum_transaction_pool_monitor::mempool_monitor[0m[2m:[0m 📨 Processing new pending transaction: 0xa6bc33d2f5a43aff0edc33cb78400d5ec6d4ea4b413c93702bcfc5e5f8f6b1aa
[2m2025-12-10T10:09:58.440299Z[0m [34mDEBUG[0m [2methereum_transaction_pool_monitor::mempool_monitor[0m[2m:[0m 🔍 Fetching transaction details for: 0xa6bc33d2f5a43aff0edc33cb78400d5ec6d4ea4b413c93702bcfc5e5f8f6b1aa
[2m2025-12-10T10:09:58.440303Z[0m [34mDEBUG[0m [2methereum_transaction_pool_monitor::eth_client[0m[2m:[0m 🔍 Fetching transaction details for hash: 0xa6bc33d2f5a43aff0edc33cb78400d5ec6d4ea4b413c93702bcfc5e5f8f6b1aa
[2m2025-12-10T10:09:58.440315Z[0m [34mDEBUG[0m [2mhyper::client::pool[0m[2m:[0m reuse idle connection for ("http", 192.168.0.14:8545)
[2m2025-12-10T10:09:58.440328Z[0m [34mDEBUG[0m [2mhyper::proto::h1::io[0m[2m:[0m flushed 250 bytes
[2m2025-12-10T10:09:58.446744Z[0m [34mDEBUG[0m [2mhyper::proto::h1::io[0m[2m:[0m parsed 4 headers
[2m2025-12-10T10:09:58.446765Z[0m [34mDEBUG[0m [2mhyper::proto::h1::conn[0m[2m:[0m incoming body is content-length (1100 bytes)
[2m2025-12-10T10:09:58.446788Z[0m [34mDEBUG[0m [2mhyper::proto::h1::conn[0m[2m:[0m incoming body completed
[2m2025-12-10T10:09:58.446802Z[0m [34mDEBUG[0m [2mhyper::client::pool[0m[2m:[0m pooling idle connection for ("http", 192.168.0.14:8545)
[2m2025-12-10T10:09:58.446809Z[0m [34mDEBUG[0m [2methereum_transaction_pool_monitor::eth_client[0m[2m:[0m 📡 Transaction fetch RPC completed in 6.502ms
[2m2025-12-10T10:09:58.446837Z[0m [34mDEBUG[0m [2methereum_transaction_pool_monitor::eth_client[0m[2m:[0m DeFi transaction detected - Address: 0x7a250d5630b4cf539739df2c5dacb4c659f2488d, Type: DexRouter, Value: 0.0211 ETH, Gas: 0.40 Gwei
[2m2025-12-10T10:09:58.446852Z[0m [34mDEBUG[0m [2methereum_transaction_pool_monitor::eth_client[0m[2m:[0m ✅ Transaction 0xa6bc33d2f5a43aff0edc33cb78400d5ec6d4ea4b413c93702bcfc5e5f8f6b1aa fetched and parsed in 6.544416ms
[2m2025-12-10T10:09:58.446858Z[0m [34mDEBUG[0m [2methereum_transaction_pool_monitor::mempool_monitor[0m[2m:[0m 🔍 Skipping tx 0xa6bc33d2f5a43aff0edc33cb78400d5ec6d4ea4b413c93702bcfc5e5f8f6b1aa - not a DEX interaction (target: 0x7a250d5630B4cF539739dF2C5dAcb4c659F2488D)
[2m2025-12-10T10:09:58.498400Z[0m [34mDEBUG[0m [2mhyper::client::pool[0m[2m:[0m reuse idle connection for ("http", 192.168.0.14:8545)
[2m2025-12-10T10:09:58.498434Z[0m [34mDEBUG[0m [2mhyper::proto::h1::io[0m[2m:[0m flushed 172 bytes
[2m2025-12-10T10:09:58.500309Z[0m [34mDEBUG[0m [2methereum_transaction_pool_monitor::eth_client[0m[2m:[0m 📨 Received WebSocket message: {"jsonrpc":"2.0","method":"eth_subscription","params":{"subscription":"0xbed0a0851463e895960a451075a301a9","result":"0xf3f7901f42c38802ed4a589c6ec12a34f138febe05071cea8d6d9fd52be69c43"}}
[2m2025-12-10T10:09:58.500324Z[0m [34mDEBUG[0m [2methereum_transaction_pool_monitor::eth_client[0m[2m:[0m 📨 Received pending transaction: 0xf3f7901f42c38802ed4a589c6ec12a34f138febe05071cea8d6d9fd52be69c43
[2m2025-12-10T10:09:58.500334Z[0m [34mDEBUG[0m [2methereum_transaction_pool_monitor::mempool_monitor[0m[2m:[0m 📨 Processing new pending transaction: 0xf3f7901f42c38802ed4a589c6ec12a34f138febe05071cea8d6d9fd52be69c43
[2m2025-12-10T10:09:58.500340Z[0m [34mDEBUG[0m [2methereum_transaction_pool_monitor::mempool_monitor[0m[2m:[0m 🔍 Fetching transaction details for: 0xf3f7901f42c38802ed4a589c6ec12a34f138febe05071cea8d6d9fd52be69c43
[2m2025-12-10T10:09:58.500346Z[0m [34mDEBUG[0m [2methereum_transaction_pool_monitor::eth_client[0m[2m:[0m 🔍 Fetching transaction details for hash: 0xf3f7901f42c38802ed4a589c6ec12a34f138febe05071cea8d6d9fd52be69c43
[2m2025-12-10T10:09:58.500360Z[0m [34mDEBUG[0m [2mhyper::client::pool[0m[2m:[0m reuse idle connection for ("http", 192.168.0.14:8545)
[2m2025-12-10T10:09:58.500379Z[0m [34mDEBUG[0m [2mhyper::proto::h1::io[0m[2m:[0m flushed 250 bytes
[2m2025-12-10T10:09:58.501968Z[0m [34mDEBUG[0m [2mhyper::proto::h1::io[0m[2m:[0m parsed 4 headers
[2m2025-12-10T10:09:58.501978Z[0m [34mDEBUG[0m [2mhyper::proto::h1::conn[0m[2m:[0m incoming body is content-length (45 bytes)
[2m2025-12-10T10:09:58.501988Z[0m [34mDEBUG[0m [2mhyper::proto::h1::conn[0m[2m:[0m incoming body completed
[2m2025-12-10T10:09:58.501997Z[0m [34mDEBUG[0m [2mhyper::client::pool[0m[2m:[0m pooling idle connection for ("http", 192.168.0.14:8545)
[2m2025-12-10T10:09:58.505288Z[0m [34mDEBUG[0m [2mhyper::proto::h1::io[0m[2m:[0m parsed 4 headers
[2m2025-12-10T10:09:58.505298Z[0m [34mDEBUG[0m [2mhyper::proto::h1::conn[0m[2m:[0m incoming body is content-length (770 bytes)
[2m2025-12-10T10:09:58.505306Z[0m [34mDEBUG[0m [2mhyper::proto::h1::conn[0m[2m:[0m incoming body completed
[2m2025-12-10T10:09:58.505317Z[0m [34mDEBUG[0m [2mhyper::client::pool[0m[2m:[0m pooling idle connection for ("http", 192.168.0.14:8545)
[2m2025-12-10T10:09:58.505325Z[0m [34mDEBUG[0m [2methereum_transaction_pool_monitor::eth_client[0m[2m:[0m 📡 Transaction fetch RPC completed in 4.9735ms
[2m2025-12-10T10:09:58.583980Z[0m [34mDEBUG[0m [2methereum_transaction_pool_monitor::eth_client[0m[2m:[0m ✅ Transaction 0xf3f7901f42c38802ed4a589c6ec12a34f138febe05071cea8d6d9fd52be69c43 fetched and parsed in 83.626167ms
[2m2025-12-10T10:09:58.584010Z[0m [34mDEBUG[0m [2methereum_transaction_pool_monitor::mempool_monitor[0m[2m:[0m 🔍 Skipping tx 0xf3f7901f42c38802ed4a589c6ec12a34f138febe05071cea8d6d9fd52be69c43 - not a DEX interaction (target: 0xA0b86991c6218b36c1d19D4a2e9Eb0cE3606eB48)
[2m2025-12-10T10:09:58.598110Z[0m [34mDEBUG[0m [2mhyper::client::pool[0m[2m:[0m reuse idle connection for ("http", 192.168.0.14:8545)
[2m2025-12-10T10:09:58.598191Z[0m [34mDEBUG[0m [2mhyper::proto::h1::io[0m[2m:[0m flushed 172 bytes
[2m2025-12-10T10:09:58.601349Z[0m [34mDEBUG[0m [2mhyper::proto::h1::io[0m[2m:[0m parsed 4 headers
[2m2025-12-10T10:09:58.601357Z[0m [34mDEBUG[0m [2mhyper::proto::h1::conn[0m[2m:[0m incoming body is content-length (45 bytes)
[2m2025-12-10T10:09:58.601364Z[0m [34mDEBUG[0m [2mhyper::proto::h1::conn[0m[2m:[0m incoming body completed
[2m2025-12-10T10:09:58.601373Z[0m [34mDEBUG[0m [2mhyper::client::pool[0m[2m:[0m pooling idle connection for ("http", 192.168.0.14:8545)
[2m2025-12-10T10:09:58.640829Z[0m [34mDEBUG[0m [2methereum_transaction_pool_monitor::eth_client[0m[2m:[0m 📨 Received WebSocket message: {"jsonrpc":"2.0","method":"eth_subscription","params":{"subscription":"0xbed0a0851463e895960a451075a301a9","result":"0xccee777e3d6716fc8dbfd9c801a447557bafc7fbb994d048791ddde7cd44da5c"}}
[2m2025-12-10T10:09:58.640846Z[0m [34mDEBUG[0m [2methereum_transaction_pool_monitor::eth_client[0m[2m:[0m 📨 Received pending transaction: 0xccee777e3d6716fc8dbfd9c801a447557bafc7fbb994d048791ddde7cd44da5c
[2m2025-12-10T10:09:58.640856Z[0m [34mDEBUG[0m [2methereum_transaction_pool_monitor::mempool_monitor[0m[2m:[0m 📨 Processing new pending transaction: 0xccee777e3d6716fc8dbfd9c801a447557bafc7fbb994d048791ddde7cd44da5c
[2m2025-12-10T10:09:58.640861Z[0m [34mDEBUG[0m [2methereum_transaction_pool_monitor::mempool_monitor[0m[2m:[0m 🔍 Fetching transaction details for: 0xccee777e3d6716fc8dbfd9c801a447557bafc7fbb994d048791ddde7cd44da5c
[2m2025-12-10T10:09:58.640865Z[0m [34mDEBUG[0m [2methereum_transaction_pool_monitor::eth_client[0m[2m:[0m 🔍 Fetching transaction details for hash: 0xccee777e3d6716fc8dbfd9c801a447557bafc7fbb994d048791ddde7cd44da5c
[2m2025-12-10T10:09:58.640882Z[0m [34mDEBUG[0m [2mhyper::client::pool[0m[2m:[0m reuse idle connection for ("http", 192.168.0.14:8545)
[2m2025-12-10T10:09:58.640903Z[0m [34mDEBUG[0m [2mhyper::proto::h1::io[0m[2m:[0m flushed 250 bytes
[2m2025-12-10T10:09:58.646902Z[0m [34mDEBUG[0m [2mhyper::proto::h1::io[0m[2m:[0m parsed 4 headers
[2m2025-12-10T10:09:58.646910Z[0m [34mDEBUG[0m [2mhyper::proto::h1::conn[0m[2m:[0m incoming body is content-length (770 bytes)
[2m2025-12-10T10:09:58.646917Z[0m [34mDEBUG[0m [2mhyper::proto::h1::conn[0m[2m:[0m incoming body completed
[2m2025-12-10T10:09:58.646925Z[0m [34mDEBUG[0m [2mhyper::client::pool[0m[2m:[0m pooling idle connection for ("http", 192.168.0.14:8545)
[2m2025-12-10T10:09:58.646932Z[0m [34mDEBUG[0m [2methereum_transaction_pool_monitor::eth_client[0m[2m:[0m 📡 Transaction fetch RPC completed in 6.062375ms
[2m2025-12-10T10:09:58.718447Z[0m [34mDEBUG[0m [2methereum_transaction_pool_monitor::eth_client[0m[2m:[0m ✅ Transaction 0xccee777e3d6716fc8dbfd9c801a447557bafc7fbb994d048791ddde7cd44da5c fetched and parsed in 77.575917ms
[2m2025-12-10T10:09:58.718473Z[0m [34mDEBUG[0m [2methereum_transaction_pool_monitor::mempool_monitor[0m[2m:[0m 🔍 Skipping tx 0xccee777e3d6716fc8dbfd9c801a447557bafc7fbb994d048791ddde7cd44da5c - not a DEX interaction (target: 0xA0b86991c6218b36c1d19D4a2e9Eb0cE3606eB48)
[2m2025-12-10T10:09:58.718510Z[0m [34mDEBUG[0m [2mhyper::client::pool[0m[2m:[0m reuse idle connection for ("http", 192.168.0.14:8545)
[2m2025-12-10T10:09:58.718537Z[0m [34mDEBUG[0m [2mhyper::proto::h1::io[0m[2m:[0m flushed 172 bytes
[2m2025-12-10T10:09:58.718555Z[0m [34mDEBUG[0m [2methereum_transaction_pool_monitor::eth_client[0m[2m:[0m 📨 Received WebSocket message: {"jsonrpc":"2.0","method":"eth_subscription","params":{"subscription":"0xbed0a0851463e895960a451075a301a9","result":"0xe2e4e7b9d8c02b1c4f10bbd7ef5807dcff41fef2c40571a9a9c45878041e4448"}}
[2m2025-12-10T10:09:58.718564Z[0m [34mDEBUG[0m [2methereum_transaction_pool_monitor::eth_client[0m[2m:[0m 📨 Received pending transaction: 0xe2e4e7b9d8c02b1c4f10bbd7ef5807dcff41fef2c40571a9a9c45878041e4448
[2m2025-12-10T10:09:58.718573Z[0m [34mDEBUG[0m [2methereum_transaction_pool_monitor::mempool_monitor[0m[2m:[0m 📨 Processing new pending transaction: 0xe2e4e7b9d8c02b1c4f10bbd7ef5807dcff41fef2c40571a9a9c45878041e4448
[2m2025-12-10T10:09:58.718577Z[0m [34mDEBUG[0m [2methereum_transaction_pool_monitor::mempool_monitor[0m[2m:[0m 🔍 Fetching transaction details for: 0xe2e4e7b9d8c02b1c4f10bbd7ef5807dcff41fef2c40571a9a9c45878041e4448
[2m2025-12-10T10:09:58.718581Z[0m [34mDEBUG[0m [2methereum_transaction_pool_monitor::eth_client[0m[2m:[0m 🔍 Fetching transaction details for hash: 0xe2e4e7b9d8c02b1c4f10bbd7ef5807dcff41fef2c40571a9a9c45878041e4448
[2m2025-12-10T10:09:58.718589Z[0m [34mDEBUG[0m [2mhyper::client::pool[0m[2m:[0m reuse idle connection for ("http", 192.168.0.14:8545)
[2m2025-12-10T10:09:58.718600Z[0m [34mDEBUG[0m [2mhyper::proto::h1::io[0m[2m:[0m flushed 250 bytes
[2m2025-12-10T10:09:58.725189Z[0m [34mDEBUG[0m [2mhyper::proto::h1::io[0m[2m:[0m parsed 4 headers
[2m2025-12-10T10:09:58.725195Z[0m [34mDEBUG[0m [2mhyper::proto::h1::conn[0m[2m:[0m incoming body is content-length (45 bytes)
[2m2025-12-10T10:09:58.725202Z[0m [34mDEBUG[0m [2mhyper::proto::h1::conn[0m[2m:[0m incoming body completed
[2m2025-12-10T10:09:58.725211Z[0m [34mDEBUG[0m [2mhyper::client::pool[0m[2m:[0m pooling idle connection for ("http", 192.168.0.14:8545)
[2m2025-12-10T10:09:58.725231Z[0m [34mDEBUG[0m [2mhyper::proto::h1::io[0m[2m:[0m parsed 4 headers
[2m2025-12-10T10:09:58.725237Z[0m [34mDEBUG[0m [2mhyper::proto::h1::conn[0m[2m:[0m incoming body is content-length (769 bytes)
[2m2025-12-10T10:09:58.725241Z[0m [34mDEBUG[0m [2mhyper::proto::h1::conn[0m[2m:[0m incoming body completed
[2m2025-12-10T10:09:58.725246Z[0m [34mDEBUG[0m [2mhyper::client::pool[0m[2m:[0m pooling idle connection for ("http", 192.168.0.14:8545)
[2m2025-12-10T10:09:58.725251Z[0m [34mDEBUG[0m [2methereum_transaction_pool_monitor::eth_client[0m[2m:[0m 📡 Transaction fetch RPC completed in 6.665792ms
[2m2025-12-10T10:09:58.797373Z[0m [34mDEBUG[0m [2methereum_transaction_pool_monitor::eth_client[0m[2m:[0m ✅ Transaction 0xe2e4e7b9d8c02b1c4f10bbd7ef5807dcff41fef2c40571a9a9c45878041e4448 fetched and parsed in 78.784958ms
[2m2025-12-10T10:09:58.797404Z[0m [34mDEBUG[0m [2methereum_transaction_pool_monitor::mempool_monitor[0m[2m:[0m 🔍 Skipping tx 0xe2e4e7b9d8c02b1c4f10bbd7ef5807dcff41fef2c40571a9a9c45878041e4448 - not a DEX interaction (target: 0xA0b86991c6218b36c1d19D4a2e9Eb0cE3606eB48)
[2m2025-12-10T10:09:58.797451Z[0m [34mDEBUG[0m [2mhyper::client::pool[0m[2m:[0m reuse idle connection for ("http", 192.168.0.14:8545)
[2m2025-12-10T10:09:58.797503Z[0m [34mDEBUG[0m [2mhyper::proto::h1::io[0m[2m:[0m flushed 172 bytes
[2m2025-12-10T10:09:58.802942Z[0m [34mDEBUG[0m [2mhyper::proto::h1::io[0m[2m:[0m parsed 4 headers
[2m2025-12-10T10:09:58.802952Z[0m [34mDEBUG[0m [2mhyper::proto::h1::conn[0m[2m:[0m incoming body is content-length (45 bytes)
[2m2025-12-10T10:09:58.802960Z[0m [34mDEBUG[0m [2mhyper::proto::h1::conn[0m[2m:[0m incoming body completed
[2m2025-12-10T10:09:58.802970Z[0m [34mDEBUG[0m [2mhyper::client::pool[0m[2m:[0m pooling idle connection for ("http", 192.168.0.14:8545)
[2m2025-12-10T10:09:58.898689Z[0m [34mDEBUG[0m [2mhyper::client::pool[0m[2m:[0m reuse idle connection for ("http", 192.168.0.14:8545)
[2m2025-12-10T10:09:58.898772Z[0m [34mDEBUG[0m [2mhyper::proto::h1::io[0m[2m:[0m flushed 172 bytes
[2m2025-12-10T10:09:58.905194Z[0m [34mDEBUG[0m [2mhyper::proto::h1::io[0m[2m:[0m parsed 4 headers
[2m2025-12-10T10:09:58.905201Z[0m [34mDEBUG[0m [2mhyper::proto::h1::conn[0m[2m:[0m incoming body is content-length (45 bytes)
[2m2025-12-10T10:09:58.905208Z[0m [34mDEBUG[0m [2mhyper::proto::h1::conn[0m[2m:[0m incoming body completed
[2m2025-12-10T10:09:58.905215Z[0m [34mDEBUG[0m [2mhyper::client::pool[0m[2m:[0m pooling idle connection for ("http", 192.168.0.14:8545)
[2m2025-12-10T10:09:58.998682Z[0m [34mDEBUG[0m [2mhyper::client::pool[0m[2m:[0m reuse idle connection for ("http", 192.168.0.14:8545)
[2m2025-12-10T10:09:58.998783Z[0m [34mDEBUG[0m [2mhyper::proto::h1::io[0m[2m:[0m flushed 172 bytes
[2m2025-12-10T10:09:59.004766Z[0m [34mDEBUG[0m [2mhyper::proto::h1::io[0m[2m:[0m parsed 4 headers
[2m2025-12-10T10:09:59.004809Z[0m [34mDEBUG[0m [2mhyper::proto::h1::conn[0m[2m:[0m incoming body is content-length (45 bytes)
[2m2025-12-10T10:09:59.004836Z[0m [34mDEBUG[0m [2mhyper::proto::h1::conn[0m[2m:[0m incoming body completed
[2m2025-12-10T10:09:59.004869Z[0m [34mDEBUG[0m [2mhyper::client::pool[0m[2m:[0m pooling idle connection for ("http", 192.168.0.14:8545)
[2m2025-12-10T10:09:59.058593Z[0m [34mDEBUG[0m [2methereum_transaction_pool_monitor::eth_client[0m[2m:[0m 📨 Received WebSocket message: {"jsonrpc":"2.0","method":"eth_subscription","params":{"subscription":"0xbed0a0851463e895960a451075a301a9","result":"0x1a60ee08681e7542cf1aea26482c468c0dded8cfe1f88a7474e593a4cb2974c1"}}
[2m2025-12-10T10:09:59.059920Z[0m [34mDEBUG[0m [2methereum_transaction_pool_monitor::eth_client[0m[2m:[0m 📨 Received pending transaction: 0x1a60ee08681e7542cf1aea26482c468c0dded8cfe1f88a7474e593a4cb2974c1
[2m2025-12-10T10:09:59.059945Z[0m [34mDEBUG[0m [2methereum_transaction_pool_monitor::mempool_monitor[0m[2m:[0m 📨 Processing new pending transaction: 0x1a60ee08681e7542cf1aea26482c468c0dded8cfe1f88a7474e593a4cb2974c1
[2m2025-12-10T10:09:59.059961Z[0m [34mDEBUG[0m [2methereum_transaction_pool_monitor::mempool_monitor[0m[2m:[0m 🔍 Fetching transaction details for: 0x1a60ee08681e7542cf1aea26482c468c0dded8cfe1f88a7474e593a4cb2974c1
[2m2025-12-10T10:09:59.059974Z[0m [34mDEBUG[0m [2methereum_transaction_pool_monitor::eth_client[0m[2m:[0m 🔍 Fetching transaction details for hash: 0x1a60ee08681e7542cf1aea26482c468c0dded8cfe1f88a7474e593a4cb2974c1
[2m2025-12-10T10:09:59.060019Z[0m [34mDEBUG[0m [2mhyper::client::pool[0m[2m:[0m reuse idle connection for ("http", 192.168.0.14:8545)
[2m2025-12-10T10:09:59.060076Z[0m [34mDEBUG[0m [2mhyper::proto::h1::io[0m[2m:[0m flushed 250 bytes
[2m2025-12-10T10:09:59.069626Z[0m [34mDEBUG[0m [2mhyper::proto::h1::io[0m[2m:[0m parsed 4 headers
[2m2025-12-10T10:09:59.069644Z[0m [34mDEBUG[0m [2mhyper::proto::h1::conn[0m[2m:[0m incoming body is content-length (771 bytes)
[2m2025-12-10T10:09:59.069667Z[0m [34mDEBUG[0m [2mhyper::proto::h1::conn[0m[2m:[0m incoming body completed
[2m2025-12-10T10:09:59.069687Z[0m [34mDEBUG[0m [2mhyper::client::pool[0m[2m:[0m pooling idle connection for ("http", 192.168.0.14:8545)
[2m2025-12-10T10:09:59.069702Z[0m [34mDEBUG[0m [2methereum_transaction_pool_monitor::eth_client[0m[2m:[0m 📡 Transaction fetch RPC completed in 9.711ms
[2m2025-12-10T10:09:59.069737Z[0m [34mDEBUG[0m [2methereum_transaction_pool_monitor::eth_client[0m[2m:[0m DeFi transaction detected - Address: 0xdac17f958d2ee523a2206206994597c13d831ec7, Type: Stablecoin, Value: 0 ETH, Gas: 0.31 Gwei
[2m2025-12-10T10:09:59.069761Z[0m [34mDEBUG[0m [2methereum_transaction_pool_monitor::eth_client[0m[2m:[0m ✅ Transaction 0x1a60ee08681e7542cf1aea26482c468c0dded8cfe1f88a7474e593a4cb2974c1 fetched and parsed in 9.769792ms
[2m2025-12-10T10:09:59.069776Z[0m [34mDEBUG[0m [2methereum_transaction_pool_monitor::mempool_monitor[0m[2m:[0m 🔍 Skipping tx 0x1a60ee08681e7542cf1aea26482c468c0dded8cfe1f88a7474e593a4cb2974c1 - not a DEX interaction (target: 0xdAC17F958D2ee523a2206206994597C13D831ec7)
[2m2025-12-10T10:09:59.098073Z[0m [34mDEBUG[0m [2mhyper::client::pool[0m[2m:[0m reuse idle connection for ("http", 192.168.0.14:8545)
[2m2025-12-10T10:09:59.098248Z[0m [34mDEBUG[0m [2mhyper::proto::h1::io[0m[2m:[0m flushed 172 bytes
[2m2025-12-10T10:09:59.103451Z[0m [34mDEBUG[0m [2mhyper::proto::h1::io[0m[2m:[0m parsed 4 headers
[2m2025-12-10T10:09:59.103497Z[0m [34mDEBUG[0m [2mhyper::proto::h1::conn[0m[2m:[0m incoming body is content-length (45 bytes)
[2m2025-12-10T10:09:59.103531Z[0m [34mDEBUG[0m [2mhyper::proto::h1::conn[0m[2m:[0m incoming body completed
[2m2025-12-10T10:09:59.103569Z[0m [34mDEBUG[0m [2mhyper::client::pool[0m[2m:[0m pooling idle connection for ("http", 192.168.0.14:8545)
[2m2025-12-10T10:09:59.106932Z[0m [34mDEBUG[0m [2methereum_transaction_pool_monitor::eth_client[0m[2m:[0m 📨 Received WebSocket message: {"jsonrpc":"2.0","method":"eth_subscription","params":{"subscription":"0xbed0a0851463e895960a451075a301a9","result":"0x4ee44e8754a8cb7ea44072a76f937ad413f63f2e2100fc33f6ad5f57b5948ecf"}}
[2m2025-12-10T10:09:59.106961Z[0m [34mDEBUG[0m [2methereum_transaction_pool_monitor::eth_client[0m[2m:[0m 📨 Received pending transaction: 0x4ee44e8754a8cb7ea44072a76f937ad413f63f2e2100fc33f6ad5f57b5948ecf
[2m2025-12-10T10:09:59.106979Z[0m [34mDEBUG[0m [2methereum_transaction_pool_monitor::mempool_monitor[0m[2m:[0m 📨 Processing new pending transaction: 0x4ee44e8754a8cb7ea44072a76f937ad413f63f2e2100fc33f6ad5f57b5948ecf
[2m2025-12-10T10:09:59.106993Z[0m [34mDEBUG[0m [2methereum_transaction_pool_monitor::mempool_monitor[0m[2m:[0m 🔍 Fetching transaction details for: 0x4ee44e8754a8cb7ea44072a76f937ad413f63f2e2100fc33f6ad5f57b5948ecf
[2m2025-12-10T10:09:59.107005Z[0m [34mDEBUG[0m [2methereum_transaction_pool_monitor::eth_client[0m[2m:[0m 🔍 Fetching transaction details for hash: 0x4ee44e8754a8cb7ea44072a76f937ad413f63f2e2100fc33f6ad5f57b5948ecf
[2m2025-12-10T10:09:59.107036Z[0m [34mDEBUG[0m [2mhyper::client::pool[0m[2m:[0m reuse idle connection for ("http", 192.168.0.14:8545)
[2m2025-12-10T10:09:59.107077Z[0m [34mDEBUG[0m [2mhyper::proto::h1::io[0m[2m:[0m flushed 250 bytes
[2m2025-12-10T10:09:59.112586Z[0m [34mDEBUG[0m [2mhyper::proto::h1::io[0m[2m:[0m parsed 4 headers
[2m2025-12-10T10:09:59.112637Z[0m [34mDEBUG[0m [2mhyper::proto::h1::conn[0m[2m:[0m incoming body is content-length (1099 bytes)
[2m2025-12-10T10:09:59.112655Z[0m [34mDEBUG[0m [2mhyper::proto::h1::conn[0m[2m:[0m incoming body completed
[2m2025-12-10T10:09:59.112677Z[0m [34mDEBUG[0m [2mhyper::client::pool[0m[2m:[0m pooling idle connection for ("http", 192.168.0.14:8545)
[2m2025-12-10T10:09:59.112693Z[0m [34mDEBUG[0m [2methereum_transaction_pool_monitor::eth_client[0m[2m:[0m 📡 Transaction fetch RPC completed in 5.676084ms
[2m2025-12-10T10:09:59.112737Z[0m [34mDEBUG[0m [2methereum_transaction_pool_monitor::eth_client[0m[2m:[0m DeFi transaction detected - Address: 0x7a250d5630b4cf539739df2c5dacb4c659f2488d, Type: DexRouter, Value: 0.0394 ETH, Gas: 0.40 Gwei
[2m2025-12-10T10:09:59.112769Z[0m [34mDEBUG[0m [2methereum_transaction_pool_monitor::eth_client[0m[2m:[0m ✅ Transaction 0x4ee44e8754a8cb7ea44072a76f937ad413f63f2e2100fc33f6ad5f57b5948ecf fetched and parsed in 5.75275ms
[2m2025-12-10T10:09:59.112785Z[0m [34mDEBUG[0m [2methereum_transaction_pool_monitor::mempool_monitor[0m[2m:[0m 🔍 Skipping tx 0x4ee44e8754a8cb7ea44072a76f937ad413f63f2e2100fc33f6ad5f57b5948ecf - not a DEX interaction (target: 0x7a250d5630B4cF539739dF2C5dAcb4c659F2488D)
[2m2025-12-10T10:09:59.133987Z[0m [34mDEBUG[0m [2methereum_transaction_pool_monitor::eth_client[0m[2m:[0m 📨 Received WebSocket message: {"jsonrpc":"2.0","method":"eth_subscription","params":{"subscription":"0xbed0a0851463e895960a451075a301a9","result":"0x3c4ed3ebff6e81254e98984b99a5e88514f5a348e211af4eeab5d1a785bc983f"}}
[2m2025-12-10T10:09:59.134017Z[0m [34mDEBUG[0m [2methereum_transaction_pool_monitor::eth_client[0m[2m:[0m 📨 Received pending transaction: 0x3c4ed3ebff6e81254e98984b99a5e88514f5a348e211af4eeab5d1a785bc983f
[2m2025-12-10T10:09:59.134034Z[0m [34mDEBUG[0m [2methereum_transaction_pool_monitor::mempool_monitor[0m[2m:[0m 📨 Processing new pending transaction: 0x3c4ed3ebff6e81254e98984b99a5e88514f5a348e211af4eeab5d1a785bc983f
[2m2025-12-10T10:09:59.134046Z[0m [34mDEBUG[0m [2methereum_transaction_pool_monitor::mempool_monitor[0m[2m:[0m 🔍 Fetching transaction details for: 0x3c4ed3ebff6e81254e98984b99a5e88514f5a348e211af4eeab5d1a785bc983f
[2m2025-12-10T10:09:59.134056Z[0m [34mDEBUG[0m [2methereum_transaction_pool_monitor::eth_client[0m[2m:[0m 🔍 Fetching transaction details for hash: 0x3c4ed3ebff6e81254e98984b99a5e88514f5a348e211af4eeab5d1a785bc983f
[2m2025-12-10T10:09:59.134093Z[0m [34mDEBUG[0m [2mhyper::client::pool[0m[2m:[0m reuse idle connection for ("http", 192.168.0.14:8545)
[2m2025-12-10T10:09:59.134136Z[0m [34mDEBUG[0m [2mhyper::proto::h1::io[0m[2m:[0m flushed 250 bytes
[2m2025-12-10T10:09:59.139090Z[0m [34mDEBUG[0m [2mhyper::proto::h1::io[0m[2m:[0m parsed 4 headers
[2m2025-12-10T10:09:59.139108Z[0m [34mDEBUG[0m [2mhyper::proto::h1::conn[0m[2m:[0m incoming body is content-length (778 bytes)
[2m2025-12-10T10:09:59.139124Z[0m [34mDEBUG[0m [2mhyper::proto::h1::conn[0m[2m:[0m incoming body completed
[2m2025-12-10T10:09:59.139144Z[0m [34mDEBUG[0m [2mhyper::client::pool[0m[2m:[0m pooling idle connection for ("http", 192.168.0.14:8545)
[2m2025-12-10T10:09:59.139159Z[0m [34mDEBUG[0m [2methereum_transaction_pool_monitor::eth_client[0m[2m:[0m 📡 Transaction fetch RPC completed in 5.092416ms
[2m2025-12-10T10:09:59.139190Z[0m [34mDEBUG[0m [2methereum_transaction_pool_monitor::eth_client[0m[2m:[0m DeFi transaction detected - Address: 0xdac17f958d2ee523a2206206994597c13d831ec7, Type: Stablecoin, Value: 0 ETH, Gas: 501.00 Gwei
[2m2025-12-10T10:09:59.139215Z[0m [34mDEBUG[0m [2methereum_transaction_pool_monitor::eth_client[0m[2m:[0m ✅ Transaction 0x3c4ed3ebff6e81254e98984b99a5e88514f5a348e211af4eeab5d1a785bc983f fetched and parsed in 5.148416ms
[2m2025-12-10T10:09:59.139229Z[0m [34mDEBUG[0m [2methereum_transaction_pool_monitor::mempool_monitor[0m[2m:[0m 🔍 Skipping tx 0x3c4ed3ebff6e81254e98984b99a5e88514f5a348e211af4eeab5d1a785bc983f - not a DEX interaction (target: 0xdAC17F958D2ee523a2206206994597C13D831ec7)
[2m2025-12-10T10:09:59.141057Z[0m [34mDEBUG[0m [2methereum_transaction_pool_monitor::eth_client[0m[2m:[0m 📨 Received WebSocket message: {"jsonrpc":"2.0","method":"eth_subscription","params":{"subscription":"0xbed0a0851463e895960a451075a301a9","result":"0x5d7759ab177b934fe06794029ba4bad157c1fd5dc758c1fa119f532cc56954f1"}}
[2m2025-12-10T10:09:59.141084Z[0m [34mDEBUG[0m [2methereum_transaction_pool_monitor::eth_client[0m[2m:[0m 📨 Received pending transaction: 0x5d7759ab177b934fe06794029ba4bad157c1fd5dc758c1fa119f532cc56954f1
[2m2025-12-10T10:09:59.141099Z[0m [34mDEBUG[0m [2methereum_transaction_pool_monitor::mempool_monitor[0m[2m:[0m 📨 Processing new pending transaction: 0x5d7759ab177b934fe06794029ba4bad157c1fd5dc758c1fa119f532cc56954f1
[2m2025-12-10T10:09:59.141110Z[0m [34mDEBUG[0m [2methereum_transaction_pool_monitor::mempool_monitor[0m[2m:[0m 🔍 Fetching transaction details for: 0x5d7759ab177b934fe06794029ba4bad157c1fd5dc758c1fa119f532cc56954f1
[2m2025-12-10T10:09:59.141121Z[0m [34mDEBUG[0m [2methereum_transaction_pool_monitor::eth_client[0m[2m:[0m 🔍 Fetching transaction details for hash: 0x5d7759ab177b934fe06794029ba4bad157c1fd5dc758c1fa119f532cc56954f1
[2m2025-12-10T10:09:59.141148Z[0m [34mDEBUG[0m [2mhyper::client::pool[0m[2m:[0m reuse idle connection for ("http", 192.168.0.14:8545)
[2m2025-12-10T10:09:59.141184Z[0m [34mDEBUG[0m [2mhyper::proto::h1::io[0m[2m:[0m flushed 250 bytes
[2m2025-12-10T10:09:59.146271Z[0m [34mDEBUG[0m [2mhyper::proto::h1::io[0m[2m:[0m parsed 4 headers
[2m2025-12-10T10:09:59.146292Z[0m [34mDEBUG[0m [2mhyper::proto::h1::conn[0m[2m:[0m incoming body is content-length (780 bytes)
[2m2025-12-10T10:09:59.146313Z[0m [34mDEBUG[0m [2mhyper::proto::h1::conn[0m[2m:[0m incoming body completed
[2m2025-12-10T10:09:59.146340Z[0m [34mDEBUG[0m [2mhyper::client::pool[0m[2m:[0m pooling idle connection for ("http", 192.168.0.14:8545)
[2m2025-12-10T10:09:59.146361Z[0m [34mDEBUG[0m [2methereum_transaction_pool_monitor::eth_client[0m[2m:[0m 📡 Transaction fetch RPC completed in 5.230583ms
[2m2025-12-10T10:09:59.146410Z[0m [34mDEBUG[0m [2methereum_transaction_pool_monitor::eth_client[0m[2m:[0m DeFi transaction detected - Address: 0xdac17f958d2ee523a2206206994597c13d831ec7, Type: Stablecoin, Value: 0 ETH, Gas: 501.00 Gwei
[2m2025-12-10T10:09:59.146447Z[0m [34mDEBUG[0m [2methereum_transaction_pool_monitor::eth_client[0m[2m:[0m ✅ Transaction 0x5d7759ab177b934fe06794029ba4bad157c1fd5dc758c1fa119f532cc56954f1 fetched and parsed in 5.316542ms
[2m2025-12-10T10:09:59.146466Z[0m [34mDEBUG[0m [2methereum_transaction_pool_monitor::mempool_monitor[0m[2m:[0m 🔍 Skipping tx 0x5d7759ab177b934fe06794029ba4bad157c1fd5dc758c1fa119f532cc56954f1 - not a DEX interaction (target: 0xdAC17F958D2ee523a2206206994597C13D831ec7)
[2m2025-12-10T10:09:59.197411Z[0m [34mDEBUG[0m [2mhyper::client::pool[0m[2m:[0m reuse idle connection for ("http", 192.168.0.14:8545)
[2m2025-12-10T10:09:59.197631Z[0m [34mDEBUG[0m [2mhyper::proto::h1::io[0m[2m:[0m flushed 172 bytes
[2m2025-12-10T10:09:59.202287Z[0m [34mDEBUG[0m [2mhyper::proto::h1::io[0m[2m:[0m parsed 4 headers
[2m2025-12-10T10:09:59.202334Z[0m [34mDEBUG[0m [2mhyper::proto::h1::conn[0m[2m:[0m incoming body is content-length (45 bytes)
[2m2025-12-10T10:09:59.202368Z[0m [34mDEBUG[0m [2mhyper::proto::h1::conn[0m[2m:[0m incoming body completed
[2m2025-12-10T10:09:59.202406Z[0m [34mDEBUG[0m [2mhyper::client::pool[0m[2m:[0m pooling idle connection for ("http", 192.168.0.14:8545)
[2m2025-12-10T10:09:59.248372Z[0m [34mDEBUG[0m [2methereum_transaction_pool_monitor::eth_client[0m[2m:[0m 📨 Received WebSocket message: {"jsonrpc":"2.0","method":"eth_subscription","params":{"subscription":"0xbed0a0851463e895960a451075a301a9","result":"0xbc0a607630d8bc34a89347c0448bc88f45033510a40db5f09d64fca8b64c6e65"}}
[2m2025-12-10T10:09:59.248435Z[0m [34mDEBUG[0m [2methereum_transaction_pool_monitor::eth_client[0m[2m:[0m 📨 Received pending transaction: 0xbc0a607630d8bc34a89347c0448bc88f45033510a40db5f09d64fca8b64c6e65
[2m2025-12-10T10:09:59.248471Z[0m [34mDEBUG[0m [2methereum_transaction_pool_monitor::mempool_monitor[0m[2m:[0m 📨 Processing new pending transaction: 0xbc0a607630d8bc34a89347c0448bc88f45033510a40db5f09d64fca8b64c6e65
[2m2025-12-10T10:09:59.248494Z[0m [34mDEBUG[0m [2methereum_transaction_pool_monitor::mempool_monitor[0m[2m:[0m 🔍 Fetching transaction details for: 0xbc0a607630d8bc34a89347c0448bc88f45033510a40db5f09d64fca8b64c6e65
[2m2025-12-10T10:09:59.248515Z[0m [34mDEBUG[0m [2methereum_transaction_pool_monitor::eth_client[0m[2m:[0m 🔍 Fetching transaction details for hash: 0xbc0a607630d8bc34a89347c0448bc88f45033510a40db5f09d64fca8b64c6e65
[2m2025-12-10T10:09:59.248572Z[0m [34mDEBUG[0m [2mhyper::client::pool[0m[2m:[0m reuse idle connection for ("http", 192.168.0.14:8545)
[2m2025-12-10T10:09:59.248659Z[0m [34mDEBUG[0m [2mhyper::proto::h1::io[0m[2m:[0m flushed 250 bytes
[2m2025-12-10T10:09:59.254624Z[0m [34mDEBUG[0m [2mhyper::proto::h1::io[0m[2m:[0m parsed 4 headers
[2m2025-12-10T10:09:59.254722Z[0m [34mDEBUG[0m [2mhyper::proto::h1::conn[0m[2m:[0m incoming body is content-length (780 bytes)
[2m2025-12-10T10:09:59.254769Z[0m [34mDEBUG[0m [2mhyper::proto::h1::conn[0m[2m:[0m incoming body completed
[2m2025-12-10T10:09:59.254828Z[0m [34mDEBUG[0m [2mhyper::client::pool[0m[2m:[0m pooling idle connection for ("http", 192.168.0.14:8545)
[2m2025-12-10T10:09:59.254866Z[0m [34mDEBUG[0m [2methereum_transaction_pool_monitor::eth_client[0m[2m:[0m 📡 Transaction fetch RPC completed in 6.331208ms
[2m2025-12-10T10:09:59.254939Z[0m [34mDEBUG[0m [2methereum_transaction_pool_monitor::eth_client[0m[2m:[0m DeFi transaction detected - Address: 0xdac17f958d2ee523a2206206994597c13d831ec7, Type: Stablecoin, Value: 0 ETH, Gas: 501.00 Gwei
[2m2025-12-10T10:09:59.255000Z[0m [34mDEBUG[0m [2methereum_transaction_pool_monitor::eth_client[0m[2m:[0m ✅ Transaction 0xbc0a607630d8bc34a89347c0448bc88f45033510a40db5f09d64fca8b64c6e65 fetched and parsed in 6.465042ms
[2m2025-12-10T10:09:59.255031Z[0m [34mDEBUG[0m [2methereum_transaction_pool_monitor::mempool_monitor[0m[2m:[0m 🔍 Skipping tx 0xbc0a607630d8bc34a89347c0448bc88f45033510a40db5f09d64fca8b64c6e65 - not a DEX interaction (target: 0xdAC17F958D2ee523a2206206994597C13D831ec7)
[2m2025-12-10T10:09:59.286415Z[0m [34mDEBUG[0m [2methereum_transaction_pool_monitor::eth_client[0m[2m:[0m 📨 Received WebSocket message: {"jsonrpc":"2.0","method":"eth_subscription","params":{"subscription":"0xbed0a0851463e895960a451075a301a9","result":"0x54774f69242cf1adade502fa90b50ca8ed6b2dd4f69fbad40514c5e016c04b90"}}
[2m2025-12-10T10:09:59.286485Z[0m [34mDEBUG[0m [2methereum_transaction_pool_monitor::eth_client[0m[2m:[0m 📨 Received pending transaction: 0x54774f69242cf1adade502fa90b50ca8ed6b2dd4f69fbad40514c5e016c04b90
[2m2025-12-10T10:09:59.286523Z[0m [34mDEBUG[0m [2methereum_transaction_pool_monitor::mempool_monitor[0m[2m:[0m 📨 Processing new pending transaction: 0x54774f69242cf1adade502fa90b50ca8ed6b2dd4f69fbad40514c5e016c04b90
[2m2025-12-10T10:09:59.286547Z[0m [34mDEBUG[0m [2methereum_transaction_pool_monitor::mempool_monitor[0m[2m:[0m 🔍 Fetching transaction details for: 0x54774f69242cf1adade502fa90b50ca8ed6b2dd4f69fbad40514c5e016c04b90
[2m2025-12-10T10:09:59.286570Z[0m [34mDEBUG[0m [2methereum_transaction_pool_monitor::eth_client[0m[2m:[0m 🔍 Fetching transaction details for hash: 0x54774f69242cf1adade502fa90b50ca8ed6b2dd4f69fbad40514c5e016c04b90
[2m2025-12-10T10:09:59.286646Z[0m [34mDEBUG[0m [2mhyper::client::pool[0m[2m:[0m reuse idle connection for ("http", 192.168.0.14:8545)
[2m2025-12-10T10:09:59.286816Z[0m [34mDEBUG[0m [2mhyper::proto::h1::io[0m[2m:[0m flushed 250 bytes
[2m2025-12-10T10:09:59.297061Z[0m [34mDEBUG[0m [2mhyper::client::pool[0m[2m:[0m reuse idle connection for ("http", 192.168.0.14:8545)
[2m2025-12-10T10:09:59.297219Z[0m [34mDEBUG[0m [2mhyper::proto::h1::io[0m[2m:[0m flushed 172 bytes
[2m2025-12-10T10:09:59.297277Z[0m [34mDEBUG[0m [2mhyper::proto::h1::io[0m[2m:[0m parsed 4 headers
[2m2025-12-10T10:09:59.297300Z[0m [34mDEBUG[0m [2mhyper::proto::h1::conn[0m[2m:[0m incoming body is content-length (769 bytes)
[2m2025-12-10T10:09:59.297338Z[0m [34mDEBUG[0m [2mhyper::proto::h1::conn[0m[2m:[0m incoming body completed
[2m2025-12-10T10:09:59.297378Z[0m [34mDEBUG[0m [2mhyper::client::pool[0m[2m:[0m pooling idle connection for ("http", 192.168.0.14:8545)
[2m2025-12-10T10:09:59.297411Z[0m [34mDEBUG[0m [2methereum_transaction_pool_monitor::eth_client[0m[2m:[0m 📡 Transaction fetch RPC completed in 10.805667ms
[2m2025-12-10T10:09:59.297483Z[0m [34mDEBUG[0m [2methereum_transaction_pool_monitor::eth_client[0m[2m:[0m DeFi transaction detected - Address: 0xdac17f958d2ee523a2206206994597c13d831ec7, Type: Stablecoin, Value: 0 ETH, Gas: 0.23 Gwei
[2m2025-12-10T10:09:59.297545Z[0m [34mDEBUG[0m [2methereum_transaction_pool_monitor::eth_client[0m[2m:[0m ✅ Transaction 0x54774f69242cf1adade502fa90b50ca8ed6b2dd4f69fbad40514c5e016c04b90 fetched and parsed in 10.939584ms
[2m2025-12-10T10:09:59.297735Z[0m [34mDEBUG[0m [2methereum_transaction_pool_monitor::mempool_monitor[0m[2m:[0m 🔍 Skipping tx 0x54774f69242cf1adade502fa90b50ca8ed6b2dd4f69fbad40514c5e016c04b90 - not a DEX interaction (target: 0xdAC17F958D2ee523a2206206994597C13D831ec7)
[2m2025-12-10T10:09:59.302502Z[0m [34mDEBUG[0m [2mhyper::proto::h1::io[0m[2m:[0m parsed 4 headers
[2m2025-12-10T10:09:59.302540Z[0m [34mDEBUG[0m [2mhyper::proto::h1::conn[0m[2m:[0m incoming body is content-length (45 bytes)
[2m2025-12-10T10:09:59.302569Z[0m [34mDEBUG[0m [2mhyper::proto::h1::conn[0m[2m:[0m incoming body completed
[2m2025-12-10T10:09:59.302602Z[0m [34mDEBUG[0m [2mhyper::client::pool[0m[2m:[0m pooling idle connection for ("http", 192.168.0.14:8545)
[2m2025-12-10T10:09:59.398803Z[0m [34mDEBUG[0m [2mhyper::client::pool[0m[2m:[0m reuse idle connection for ("http", 192.168.0.14:8545)
[2m2025-12-10T10:09:59.399022Z[0m [34mDEBUG[0m [2mhyper::proto::h1::io[0m[2m:[0m flushed 172 bytes
[2m2025-12-10T10:09:59.402615Z[0m [34mDEBUG[0m [2mhyper::proto::h1::io[0m[2m:[0m parsed 4 headers
[2m2025-12-10T10:09:59.402666Z[0m [34mDEBUG[0m [2mhyper::proto::h1::conn[0m[2m:[0m incoming body is content-length (45 bytes)
[2m2025-12-10T10:09:59.402708Z[0m [34mDEBUG[0m [2mhyper::proto::h1::conn[0m[2m:[0m incoming body completed
[2m2025-12-10T10:09:59.402753Z[0m [34mDEBUG[0m [2mhyper::client::pool[0m[2m:[0m pooling idle connection for ("http", 192.168.0.14:8545)
[2m2025-12-10T10:09:59.497636Z[0m [34mDEBUG[0m [2mhyper::client::pool[0m[2m:[0m reuse idle connection for ("http", 192.168.0.14:8545)
[2m2025-12-10T10:09:59.498981Z[0m [34mDEBUG[0m [2mhyper::proto::h1::io[0m[2m:[0m flushed 172 bytes
[2m2025-12-10T10:09:59.502525Z[0m [34mDEBUG[0m [2mhyper::proto::h1::io[0m[2m:[0m parsed 4 headers
[2m2025-12-10T10:09:59.502563Z[0m [34mDEBUG[0m [2mhyper::proto::h1::conn[0m[2m:[0m incoming body is content-length (45 bytes)
[2m2025-12-10T10:09:59.502606Z[0m [34mDEBUG[0m [2mhyper::proto::h1::conn[0m[2m:[0m incoming body completed
[2m2025-12-10T10:09:59.502650Z[0m [34mDEBUG[0m [2mhyper::client::pool[0m[2m:[0m pooling idle connection for ("http", 192.168.0.14:8545)
[2m2025-12-10T10:09:59.572725Z[0m [34mDEBUG[0m [2methereum_transaction_pool_monitor::eth_client[0m[2m:[0m 📨 Received WebSocket message: {"jsonrpc":"2.0","method":"eth_subscription","params":{"subscription":"0xbed0a0851463e895960a451075a301a9","result":"0xf8289ef87a2fe3f7d8c983c9cdb1fa7c359c654b4fc5a7518b89e55d052ca7c2"}}
[2m2025-12-10T10:09:59.572824Z[0m [34mDEBUG[0m [2methereum_transaction_pool_monitor::eth_client[0m[2m:[0m 📨 Received pending transaction: 0xf8289ef87a2fe3f7d8c983c9cdb1fa7c359c654b4fc5a7518b89e55d052ca7c2
[2m2025-12-10T10:09:59.572864Z[0m [32m INFO[0m [2methereum_transaction_pool_monitor::eth_client[0m[2m:[0m 📊 WebSocket stats - Total: 1608 transactions, Rate: 13.2 tx/s
[2m2025-12-10T10:09:59.572904Z[0m [34mDEBUG[0m [2methereum_transaction_pool_monitor::mempool_monitor[0m[2m:[0m 📨 Processing new pending transaction: 0xf8289ef87a2fe3f7d8c983c9cdb1fa7c359c654b4fc5a7518b89e55d052ca7c2
[2m2025-12-10T10:09:59.572929Z[0m [34mDEBUG[0m [2methereum_transaction_pool_monitor::mempool_monitor[0m[2m:[0m 🔍 Fetching transaction details for: 0xf8289ef87a2fe3f7d8c983c9cdb1fa7c359c654b4fc5a7518b89e55d052ca7c2
[2m2025-12-10T10:09:59.572950Z[0m [34mDEBUG[0m [2methereum_transaction_pool_monitor::eth_client[0m[2m:[0m 🔍 Fetching transaction details for hash: 0xf8289ef87a2fe3f7d8c983c9cdb1fa7c359c654b4fc5a7518b89e55d052ca7c2
[2m2025-12-10T10:09:59.573031Z[0m [34mDEBUG[0m [2mhyper::client::pool[0m[2m:[0m reuse idle connection for ("http", 192.168.0.14:8545)
[2m2025-12-10T10:09:59.573120Z[0m [34mDEBUG[0m [2mhyper::proto::h1::io[0m[2m:[0m flushed 250 bytes
[2m2025-12-10T10:09:59.582863Z[0m [34mDEBUG[0m [2mhyper::proto::h1::io[0m[2m:[0m parsed 4 headers
[2m2025-12-10T10:09:59.582921Z[0m [34mDEBUG[0m [2mhyper::proto::h1::conn[0m[2m:[0m incoming body is content-length (935 bytes)
[2m2025-12-10T10:09:59.582954Z[0m [34mDEBUG[0m [2mhyper::proto::h1::conn[0m[2m:[0m incoming body completed
[2m2025-12-10T10:09:59.583016Z[0m [34mDEBUG[0m [2mhyper::client::pool[0m[2m:[0m pooling idle connection for ("http", 192.168.0.14:8545)
[2m2025-12-10T10:09:59.583069Z[0m [34mDEBUG[0m [2methereum_transaction_pool_monitor::eth_client[0m[2m:[0m 📡 Transaction fetch RPC completed in 10.098292ms
[2m2025-12-10T10:09:59.671781Z[0m [34mDEBUG[0m [2methereum_transaction_pool_monitor::eth_client[0m[2m:[0m ✅ Transaction 0xf8289ef87a2fe3f7d8c983c9cdb1fa7c359c654b4fc5a7518b89e55d052ca7c2 fetched and parsed in 98.808208ms
[2m2025-12-10T10:09:59.671812Z[0m [34mDEBUG[0m [2methereum_transaction_pool_monitor::mempool_monitor[0m[2m:[0m 🔍 Skipping tx 0xf8289ef87a2fe3f7d8c983c9cdb1fa7c359c654b4fc5a7518b89e55d052ca7c2 - not a DEX interaction (target: 0xcE200515520e0AF0738DE6034fB223fd2B387C3e)
[2m2025-12-10T10:09:59.671854Z[0m [34mDEBUG[0m [2mhyper::client::pool[0m[2m:[0m reuse idle connection for ("http", 192.168.0.14:8545)
[2m2025-12-10T10:09:59.671899Z[0m [34mDEBUG[0m [2mhyper::proto::h1::io[0m[2m:[0m flushed 172 bytes
[2m2025-12-10T10:09:59.671914Z[0m [34mDEBUG[0m [2methereum_transaction_pool_monitor::eth_client[0m[2m:[0m 📨 Received WebSocket message: {"jsonrpc":"2.0","method":"eth_subscription","params":{"subscription":"0xbed0a0851463e895960a451075a301a9","result":"0xba922543db7872b605244a0cbb20b545c8a3e9294da708a989a2b610b12f4d03"}}
[2m2025-12-10T10:09:59.671927Z[0m [34mDEBUG[0m [2methereum_transaction_pool_monitor::eth_client[0m[2m:[0m 📨 Received pending transaction: 0xba922543db7872b605244a0cbb20b545c8a3e9294da708a989a2b610b12f4d03
[2m2025-12-10T10:09:59.671935Z[0m [34mDEBUG[0m [2methereum_transaction_pool_monitor::mempool_monitor[0m[2m:[0m 📨 Processing new pending transaction: 0xba922543db7872b605244a0cbb20b545c8a3e9294da708a989a2b610b12f4d03
[2m2025-12-10T10:09:59.671941Z[0m [34mDEBUG[0m [2methereum_transaction_pool_monitor::mempool_monitor[0m[2m:[0m 🔍 Fetching transaction details for: 0xba922543db7872b605244a0cbb20b545c8a3e9294da708a989a2b610b12f4d03
[2m2025-12-10T10:09:59.671946Z[0m [34mDEBUG[0m [2methereum_transaction_pool_monitor::eth_client[0m[2m:[0m 🔍 Fetching transaction details for hash: 0xba922543db7872b605244a0cbb20b545c8a3e9294da708a989a2b610b12f4d03
[2m2025-12-10T10:09:59.671954Z[0m [34mDEBUG[0m [2mhyper::client::pool[0m[2m:[0m reuse idle connection for ("http", 192.168.0.14:8545)
[2m2025-12-10T10:09:59.671969Z[0m [34mDEBUG[0m [2mhyper::proto::h1::io[0m[2m:[0m flushed 250 bytes
[2m2025-12-10T10:09:59.675515Z[0m [34mDEBUG[0m [2mhyper::proto::h1::io[0m[2m:[0m parsed 4 headers
[2m2025-12-10T10:09:59.675526Z[0m [34mDEBUG[0m [2mhyper::proto::h1::conn[0m[2m:[0m incoming body is content-length (45 bytes)
[2m2025-12-10T10:09:59.675533Z[0m [34mDEBUG[0m [2mhyper::proto::h1::conn[0m[2m:[0m incoming body completed
[2m2025-12-10T10:09:59.675541Z[0m [34mDEBUG[0m [2mhyper::client::pool[0m[2m:[0m pooling idle connection for ("http", 192.168.0.14:8545)
[2m2025-12-10T10:09:59.679933Z[0m [34mDEBUG[0m [2mhyper::proto::h1::io[0m[2m:[0m parsed 4 headers
[2m2025-12-10T10:09:59.679962Z[0m [34mDEBUG[0m [2mhyper::proto::h1::conn[0m[2m:[0m incoming body is content-length (771 bytes)
[2m2025-12-10T10:09:59.679977Z[0m [34mDEBUG[0m [2mhyper::proto::h1::conn[0m[2m:[0m incoming body completed
[2m2025-12-10T10:09:59.680016Z[0m [34mDEBUG[0m [2mhyper::client::pool[0m[2m:[0m pooling idle connection for ("http", 192.168.0.14:8545)
[2m2025-12-10T10:09:59.680025Z[0m [34mDEBUG[0m [2methereum_transaction_pool_monitor::eth_client[0m[2m:[0m 📡 Transaction fetch RPC completed in 8.075625ms
[2m2025-12-10T10:09:59.680047Z[0m [34mDEBUG[0m [2methereum_transaction_pool_monitor::eth_client[0m[2m:[0m DeFi transaction detected - Address: 0xdac17f958d2ee523a2206206994597c13d831ec7, Type: Stablecoin, Value: 0 ETH, Gas: 0.41 Gwei
[2m2025-12-10T10:09:59.680063Z[0m [34mDEBUG[0m [2methereum_transaction_pool_monitor::eth_client[0m[2m:[0m ✅ Transaction 0xba922543db7872b605244a0cbb20b545c8a3e9294da708a989a2b610b12f4d03 fetched and parsed in 8.113334ms
[2m2025-12-10T10:09:59.680071Z[0m [34mDEBUG[0m [2methereum_transaction_pool_monitor::mempool_monitor[0m[2m:[0m 🔍 Skipping tx 0xba922543db7872b605244a0cbb20b545c8a3e9294da708a989a2b610b12f4d03 - not a DEX interaction (target: 0xdAC17F958D2ee523a2206206994597C13D831ec7)
[2m2025-12-10T10:09:59.698161Z[0m [34mDEBUG[0m [2mhyper::client::pool[0m[2m:[0m reuse idle connection for ("http", 192.168.0.14:8545)
[2m2025-12-10T10:09:59.698251Z[0m [34mDEBUG[0m [2mhyper::proto::h1::io[0m[2m:[0m flushed 172 bytes
[2m2025-12-10T10:09:59.703754Z[0m [34mDEBUG[0m [2mhyper::proto::h1::io[0m[2m:[0m parsed 4 headers
[2m2025-12-10T10:09:59.703774Z[0m [34mDEBUG[0m [2mhyper::proto::h1::conn[0m[2m:[0m incoming body is content-length (45 bytes)
[2m2025-12-10T10:09:59.703797Z[0m [34mDEBUG[0m [2mhyper::proto::h1::conn[0m[2m:[0m incoming body completed
[2m2025-12-10T10:09:59.703808Z[0m [34mDEBUG[0m [2mhyper::client::pool[0m[2m:[0m pooling idle connection for ("http", 192.168.0.14:8545)
[2m2025-12-10T10:09:59.797369Z[0m [34mDEBUG[0m [2mhyper::client::pool[0m[2m:[0m reuse idle connection for ("http", 192.168.0.14:8545)
[2m2025-12-10T10:09:59.797418Z[0m [34mDEBUG[0m [2mhyper::proto::h1::io[0m[2m:[0m flushed 172 bytes
[2m2025-12-10T10:09:59.800380Z[0m [34mDEBUG[0m [2mhyper::proto::h1::io[0m[2m:[0m parsed 4 headers
[2m2025-12-10T10:09:59.800391Z[0m [34mDEBUG[0m [2mhyper::proto::h1::conn[0m[2m:[0m incoming body is content-length (45 bytes)
[2m2025-12-10T10:09:59.800397Z[0m [34mDEBUG[0m [2mhyper::proto::h1::conn[0m[2m:[0m incoming body completed
[2m2025-12-10T10:09:59.800405Z[0m [34mDEBUG[0m [2mhyper::client::pool[0m[2m:[0m pooling idle connection for ("http", 192.168.0.14:8545)
[2m2025-12-10T10:09:59.898278Z[0m [34mDEBUG[0m [2mhyper::client::pool[0m[2m:[0m reuse idle connection for ("http", 192.168.0.14:8545)
[2m2025-12-10T10:09:59.898399Z[0m [34mDEBUG[0m [2mhyper::proto::h1::io[0m[2m:[0m flushed 172 bytes
[2m2025-12-10T10:09:59.900921Z[0m [34mDEBUG[0m [2mhyper::proto::h1::io[0m[2m:[0m parsed 4 headers
[2m2025-12-10T10:09:59.900961Z[0m [34mDEBUG[0m [2mhyper::proto::h1::conn[0m[2m:[0m incoming body is content-length (45 bytes)
[2m2025-12-10T10:09:59.900989Z[0m [34mDEBUG[0m [2mhyper::proto::h1::conn[0m[2m:[0m incoming body completed
[2m2025-12-10T10:09:59.901025Z[0m [34mDEBUG[0m [2mhyper::client::pool[0m[2m:[0m pooling idle connection for ("http", 192.168.0.14:8545)
[2m2025-12-10T10:09:59.998212Z[0m [34mDEBUG[0m [2mhyper::client::pool[0m[2m:[0m reuse idle connection for ("http", 192.168.0.14:8545)
[2m2025-12-10T10:09:59.998418Z[0m [34mDEBUG[0m [2mhyper::proto::h1::io[0m[2m:[0m flushed 172 bytes
[2m2025-12-10T10:10:00.001403Z[0m [34mDEBUG[0m [2mhyper::proto::h1::io[0m[2m:[0m parsed 4 headers
[2m2025-12-10T10:10:00.001447Z[0m [34mDEBUG[0m [2mhyper::proto::h1::conn[0m[2m:[0m incoming body is content-length (45 bytes)
[2m2025-12-10T10:10:00.001489Z[0m [34mDEBUG[0m [2mhyper::proto::h1::conn[0m[2m:[0m incoming body completed
[2m2025-12-10T10:10:00.001532Z[0m [34mDEBUG[0m [2mhyper::client::pool[0m[2m:[0m pooling idle connection for ("http", 192.168.0.14:8545)
[2m2025-12-10T10:10:00.070969Z[0m [34mDEBUG[0m [2methereum_transaction_pool_monitor::eth_client[0m[2m:[0m 📨 Received WebSocket message: {"jsonrpc":"2.0","method":"eth_subscription","params":{"subscription":"0xbed0a0851463e895960a451075a301a9","result":"0xdef0ad604bd82a78ced69b1f967dcd9d4ce6819db74c9d9bcd43d94bbdf138a2"}}
[2m2025-12-10T10:10:00.070997Z[0m [34mDEBUG[0m [2methereum_transaction_pool_monitor::eth_client[0m[2m:[0m 📨 Received pending transaction: 0xdef0ad604bd82a78ced69b1f967dcd9d4ce6819db74c9d9bcd43d94bbdf138a2
[2m2025-12-10T10:10:00.071010Z[0m [34mDEBUG[0m [2methereum_transaction_pool_monitor::mempool_monitor[0m[2m:[0m 📨 Processing new pending transaction: 0xdef0ad604bd82a78ced69b1f967dcd9d4ce6819db74c9d9bcd43d94bbdf138a2
[2m2025-12-10T10:10:00.071018Z[0m [34mDEBUG[0m [2methereum_transaction_pool_monitor::mempool_monitor[0m[2m:[0m 🔍 Fetching transaction details for: 0xdef0ad604bd82a78ced69b1f967dcd9d4ce6819db74c9d9bcd43d94bbdf138a2
[2m2025-12-10T10:10:00.071025Z[0m [34mDEBUG[0m [2methereum_transaction_pool_monitor::eth_client[0m[2m:[0m 🔍 Fetching transaction details for hash: 0xdef0ad604bd82a78ced69b1f967dcd9d4ce6819db74c9d9bcd43d94bbdf138a2
[2m2025-12-10T10:10:00.071051Z[0m [34mDEBUG[0m [2mhyper::client::pool[0m[2m:[0m reuse idle connection for ("http", 192.168.0.14:8545)
[2m2025-12-10T10:10:00.071084Z[0m [34mDEBUG[0m [2mhyper::proto::h1::io[0m[2m:[0m flushed 250 bytes
[2m2025-12-10T10:10:00.080306Z[0m [34mDEBUG[0m [2mhyper::proto::h1::io[0m[2m:[0m parsed 4 headers
[2m2025-12-10T10:10:00.080317Z[0m [34mDEBUG[0m [2mhyper::proto::h1::conn[0m[2m:[0m incoming body is content-length (1219 bytes)
[2m2025-12-10T10:10:00.080331Z[0m [34mDEBUG[0m [2mhyper::proto::h1::conn[0m[2m:[0m incoming body completed
[2m2025-12-10T10:10:00.080349Z[0m [34mDEBUG[0m [2mhyper::client::pool[0m[2m:[0m pooling idle connection for ("http", 192.168.0.14:8545)
[2m2025-12-10T10:10:00.080362Z[0m [34mDEBUG[0m [2methereum_transaction_pool_monitor::eth_client[0m[2m:[0m 📡 Transaction fetch RPC completed in 9.329667ms
[2m2025-12-10T10:10:00.164922Z[0m [34mDEBUG[0m [2methereum_transaction_pool_monitor::eth_client[0m[2m:[0m ✅ Transaction 0xdef0ad604bd82a78ced69b1f967dcd9d4ce6819db74c9d9bcd43d94bbdf138a2 fetched and parsed in 93.88725ms
[2m2025-12-10T10:10:00.164952Z[0m [34mDEBUG[0m [2methereum_transaction_pool_monitor::mempool_monitor[0m[2m:[0m 🔍 Skipping tx 0xdef0ad604bd82a78ced69b1f967dcd9d4ce6819db74c9d9bcd43d94bbdf138a2 - not a DEX interaction (target: 0xF6801D319497789f934ec7F83E142a9536312B08)
[2m2025-12-10T10:10:00.165002Z[0m [34mDEBUG[0m [2mhyper::client::pool[0m[2m:[0m reuse idle connection for ("http", 192.168.0.14:8545)
[2m2025-12-10T10:10:00.165045Z[0m [34mDEBUG[0m [2mhyper::proto::h1::io[0m[2m:[0m flushed 172 bytes
[2m2025-12-10T10:10:00.169451Z[0m [34mDEBUG[0m [2mhyper::proto::h1::io[0m[2m:[0m parsed 4 headers
[2m2025-12-10T10:10:00.169472Z[0m [34mDEBUG[0m [2mhyper::proto::h1::conn[0m[2m:[0m incoming body is content-length (45 bytes)
[2m2025-12-10T10:10:00.169498Z[0m [34mDEBUG[0m [2mhyper::proto::h1::conn[0m[2m:[0m incoming body completed
[2m2025-12-10T10:10:00.169507Z[0m [34mDEBUG[0m [2mhyper::client::pool[0m[2m:[0m pooling idle connection for ("http", 192.168.0.14:8545)
[2m2025-12-10T10:10:00.177468Z[0m [34mDEBUG[0m [2methereum_transaction_pool_monitor::eth_client[0m[2m:[0m 📨 Received WebSocket message: {"jsonrpc":"2.0","method":"eth_subscription","params":{"subscription":"0xbed0a0851463e895960a451075a301a9","result":"0x8cbd01dca68aaf75d990cd1cbfaee5c1e5c7d0ce2216f2019bfb1df682c58371"}}
[2m2025-12-10T10:10:00.177499Z[0m [34mDEBUG[0m [2methereum_transaction_pool_monitor::eth_client[0m[2m:[0m 📨 Received pending transaction: 0x8cbd01dca68aaf75d990cd1cbfaee5c1e5c7d0ce2216f2019bfb1df682c58371
[2m2025-12-10T10:10:00.177508Z[0m [34mDEBUG[0m [2methereum_transaction_pool_monitor::mempool_monitor[0m[2m:[0m 📨 Processing new pending transaction: 0x8cbd01dca68aaf75d990cd1cbfaee5c1e5c7d0ce2216f2019bfb1df682c58371
[2m2025-12-10T10:10:00.177512Z[0m [34mDEBUG[0m [2methereum_transaction_pool_monitor::mempool_monitor[0m[2m:[0m 🔍 Fetching transaction details for: 0x8cbd01dca68aaf75d990cd1cbfaee5c1e5c7d0ce2216f2019bfb1df682c58371
[2m2025-12-10T10:10:00.177529Z[0m [34mDEBUG[0m [2methereum_transaction_pool_monitor::eth_client[0m[2m:[0m 🔍 Fetching transaction details for hash: 0x8cbd01dca68aaf75d990cd1cbfaee5c1e5c7d0ce2216f2019bfb1df682c58371
[2m2025-12-10T10:10:00.177539Z[0m [34mDEBUG[0m [2mhyper::client::pool[0m[2m:[0m reuse idle connection for ("http", 192.168.0.14:8545)
[2m2025-12-10T10:10:00.177551Z[0m [34mDEBUG[0m [2mhyper::proto::h1::io[0m[2m:[0m flushed 250 bytes
[2m2025-12-10T10:10:00.181996Z[0m [34mDEBUG[0m [2mhyper::proto::h1::io[0m[2m:[0m parsed 4 headers
[2m2025-12-10T10:10:00.182003Z[0m [34mDEBUG[0m [2mhyper::proto::h1::conn[0m[2m:[0m incoming body is content-length (30530 bytes)
[2m2025-12-10T10:10:00.182011Z[0m [34mDEBUG[0m [2methereum_transaction_pool_monitor::eth_client[0m[2m:[0m 📡 Transaction fetch RPC completed in 4.479292ms
[2m2025-12-10T10:10:00.188737Z[0m [34mDEBUG[0m [2mhyper::proto::h1::conn[0m[2m:[0m incoming body completed
[2m2025-12-10T10:10:00.188769Z[0m [34mDEBUG[0m [2mhyper::client::pool[0m[2m:[0m pooling idle connection for ("http", 192.168.0.14:8545)
[2m2025-12-10T10:10:00.198815Z[0m [34mDEBUG[0m [2mhyper::client::pool[0m[2m:[0m reuse idle connection for ("http", 192.168.0.14:8545)
[2m2025-12-10T10:10:00.198848Z[0m [34mDEBUG[0m [2mhyper::proto::h1::io[0m[2m:[0m flushed 172 bytes
[2m2025-12-10T10:10:00.202755Z[0m [34mDEBUG[0m [2mhyper::proto::h1::io[0m[2m:[0m parsed 4 headers
[2m2025-12-10T10:10:00.202761Z[0m [34mDEBUG[0m [2mhyper::proto::h1::conn[0m[2m:[0m incoming body is content-length (45 bytes)
[2m2025-12-10T10:10:00.202767Z[0m [34mDEBUG[0m [2mhyper::proto::h1::conn[0m[2m:[0m incoming body completed
[2m2025-12-10T10:10:00.202774Z[0m [34mDEBUG[0m [2mhyper::client::pool[0m[2m:[0m pooling idle connection for ("http", 192.168.0.14:8545)
[2m2025-12-10T10:10:00.260098Z[0m [34mDEBUG[0m [2methereum_transaction_pool_monitor::eth_client[0m[2m:[0m ✅ Transaction 0x8cbd01dca68aaf75d990cd1cbfaee5c1e5c7d0ce2216f2019bfb1df682c58371 fetched and parsed in 82.563792ms
[2m2025-12-10T10:10:00.260125Z[0m [34mDEBUG[0m [2methereum_transaction_pool_monitor::mempool_monitor[0m[2m:[0m 🔍 Skipping tx 0x8cbd01dca68aaf75d990cd1cbfaee5c1e5c7d0ce2216f2019bfb1df682c58371 - not a DEX interaction (target: 0xD5AA0e20e8A6e9b04F080Cf8797410fafAa9688a)
[2m2025-12-10T10:10:00.297884Z[0m [34mDEBUG[0m [2mhyper::client::pool[0m[2m:[0m reuse idle connection for ("http", 192.168.0.14:8545)
[2m2025-12-10T10:10:00.297912Z[0m [34mDEBUG[0m [2mhyper::proto::h1::io[0m[2m:[0m flushed 172 bytes
[2m2025-12-10T10:10:00.301431Z[0m [34mDEBUG[0m [2mhyper::proto::h1::io[0m[2m:[0m parsed 4 headers
[2m2025-12-10T10:10:00.301450Z[0m [34mDEBUG[0m [2mhyper::proto::h1::conn[0m[2m:[0m incoming body is content-length (45 bytes)
[2m2025-12-10T10:10:00.301471Z[0m [34mDEBUG[0m [2mhyper::proto::h1::conn[0m[2m:[0m incoming body completed
[2m2025-12-10T10:10:00.301484Z[0m [34mDEBUG[0m [2mhyper::client::pool[0m[2m:[0m pooling idle connection for ("http", 192.168.0.14:8545)
[2m2025-12-10T10:10:00.398605Z[0m [34mDEBUG[0m [2mhyper::client::pool[0m[2m:[0m reuse idle connection for ("http", 192.168.0.14:8545)
[2m2025-12-10T10:10:00.398663Z[0m [34mDEBUG[0m [2mhyper::proto::h1::io[0m[2m:[0m flushed 172 bytes
[2m2025-12-10T10:10:00.402465Z[0m [34mDEBUG[0m [2mhyper::proto::h1::io[0m[2m:[0m parsed 4 headers
[2m2025-12-10T10:10:00.402474Z[0m [34mDEBUG[0m [2mhyper::proto::h1::conn[0m[2m:[0m incoming body is content-length (45 bytes)
[2m2025-12-10T10:10:00.402486Z[0m [34mDEBUG[0m [2mhyper::proto::h1::conn[0m[2m:[0m incoming body completed
[2m2025-12-10T10:10:00.402497Z[0m [34mDEBUG[0m [2mhyper::client::pool[0m[2m:[0m pooling idle connection for ("http", 192.168.0.14:8545)
[2m2025-12-10T10:10:00.422034Z[0m [34mDEBUG[0m [2methereum_transaction_pool_monitor::eth_client[0m[2m:[0m 📨 Received WebSocket message: {"jsonrpc":"2.0","method":"eth_subscription","params":{"subscription":"0xbed0a0851463e895960a451075a301a9","result":"0x350f2fd10ac0575cb3ff3e76c0acb2bcab1a9aade8953485d6d8f7f477d26b18"}}
[2m2025-12-10T10:10:00.422052Z[0m [34mDEBUG[0m [2methereum_transaction_pool_monitor::eth_client[0m[2m:[0m 📨 Received pending transaction: 0x350f2fd10ac0575cb3ff3e76c0acb2bcab1a9aade8953485d6d8f7f477d26b18
[2m2025-12-10T10:10:00.422066Z[0m [34mDEBUG[0m [2methereum_transaction_pool_monitor::mempool_monitor[0m[2m:[0m 📨 Processing new pending transaction: 0x350f2fd10ac0575cb3ff3e76c0acb2bcab1a9aade8953485d6d8f7f477d26b18
[2m2025-12-10T10:10:00.422074Z[0m [34mDEBUG[0m [2methereum_transaction_pool_monitor::mempool_monitor[0m[2m:[0m 🔍 Fetching transaction details for: 0x350f2fd10ac0575cb3ff3e76c0acb2bcab1a9aade8953485d6d8f7f477d26b18
[2m2025-12-10T10:10:00.422081Z[0m [34mDEBUG[0m [2methereum_transaction_pool_monitor::eth_client[0m[2m:[0m 🔍 Fetching transaction details for hash: 0x350f2fd10ac0575cb3ff3e76c0acb2bcab1a9aade8953485d6d8f7f477d26b18
[2m2025-12-10T10:10:00.422103Z[0m [34mDEBUG[0m [2mhyper::client::pool[0m[2m:[0m reuse idle connection for ("http", 192.168.0.14:8545)
[2m2025-12-10T10:10:00.422127Z[0m [34mDEBUG[0m [2mhyper::proto::h1::io[0m[2m:[0m flushed 250 bytes
[2m2025-12-10T10:10:00.432014Z[0m [34mDEBUG[0m [2mhyper::proto::h1::io[0m[2m:[0m parsed 4 headers
[2m2025-12-10T10:10:00.432036Z[0m [34mDEBUG[0m [2mhyper::proto::h1::conn[0m[2m:[0m incoming body is content-length (644 bytes)
[2m2025-12-10T10:10:00.432048Z[0m [34mDEBUG[0m [2mhyper::proto::h1::conn[0m[2m:[0m incoming body completed
[2m2025-12-10T10:10:00.432060Z[0m [34mDEBUG[0m [2mhyper::client::pool[0m[2m:[0m pooling idle connection for ("http", 192.168.0.14:8545)
[2m2025-12-10T10:10:00.432071Z[0m [34mDEBUG[0m [2methereum_transaction_pool_monitor::eth_client[0m[2m:[0m 📡 Transaction fetch RPC completed in 9.983125ms
[2m2025-12-10T10:10:00.518619Z[0m [34mDEBUG[0m [2methereum_transaction_pool_monitor::eth_client[0m[2m:[0m ✅ Transaction 0x350f2fd10ac0575cb3ff3e76c0acb2bcab1a9aade8953485d6d8f7f477d26b18 fetched and parsed in 96.528666ms
[2m2025-12-10T10:10:00.518650Z[0m [34mDEBUG[0m [2methereum_transaction_pool_monitor::mempool_monitor[0m[2m:[0m 🔍 Skipping tx 0x350f2fd10ac0575cb3ff3e76c0acb2bcab1a9aade8953485d6d8f7f477d26b18 - not a DEX interaction (target: 0x17E5545B11b468072283Cee1F066a059Fb0dbF24)
[2m2025-12-10T10:10:00.518693Z[0m [34mDEBUG[0m [2mhyper::client::pool[0m[2m:[0m reuse idle connection for ("http", 192.168.0.14:8545)
[2m2025-12-10T10:10:00.518739Z[0m [34mDEBUG[0m [2mhyper::proto::h1::io[0m[2m:[0m flushed 172 bytes
[2m2025-12-10T10:10:00.522467Z[0m [34mDEBUG[0m [2mhyper::proto::h1::io[0m[2m:[0m parsed 4 headers
[2m2025-12-10T10:10:00.522489Z[0m [34mDEBUG[0m [2mhyper::proto::h1::conn[0m[2m:[0m incoming body is content-length (45 bytes)
[2m2025-12-10T10:10:00.522513Z[0m [34mDEBUG[0m [2mhyper::proto::h1::conn[0m[2m:[0m incoming body completed
[2m2025-12-10T10:10:00.522523Z[0m [34mDEBUG[0m [2mhyper::client::pool[0m[2m:[0m pooling idle connection for ("http", 192.168.0.14:8545)
[2m2025-12-10T10:10:00.598607Z[0m [34mDEBUG[0m [2mhyper::client::pool[0m[2m:[0m reuse idle connection for ("http", 192.168.0.14:8545)
[2m2025-12-10T10:10:00.598659Z[0m [34mDEBUG[0m [2mhyper::proto::h1::io[0m[2m:[0m flushed 172 bytes
[2m2025-12-10T10:10:00.602408Z[0m [34mDEBUG[0m [2mhyper::proto::h1::io[0m[2m:[0m parsed 4 headers
[2m2025-12-10T10:10:00.602427Z[0m [34mDEBUG[0m [2mhyper::proto::h1::conn[0m[2m:[0m incoming body is content-length (45 bytes)
[2m2025-12-10T10:10:00.602447Z[0m [34mDEBUG[0m [2mhyper::proto::h1::conn[0m[2m:[0m incoming body completed
[2m2025-12-10T10:10:00.602457Z[0m [34mDEBUG[0m [2mhyper::client::pool[0m[2m:[0m pooling idle connection for ("http", 192.168.0.14:8545)
[2m2025-12-10T10:10:00.623966Z[0m [34mDEBUG[0m [2methereum_transaction_pool_monitor::eth_client[0m[2m:[0m 📨 Received WebSocket message: {"jsonrpc":"2.0","method":"eth_subscription","params":{"subscription":"0xbed0a0851463e895960a451075a301a9","result":"0x04f7352778ee8f6736e1d238fe4e571974cc87e376129e7ac5b029f329d1c52b"}}
[2m2025-12-10T10:10:00.623980Z[0m [34mDEBUG[0m [2methereum_transaction_pool_monitor::eth_client[0m[2m:[0m 📨 Received pending transaction: 0x04f7352778ee8f6736e1d238fe4e571974cc87e376129e7ac5b029f329d1c52b
[2m2025-12-10T10:10:00.623990Z[0m [34mDEBUG[0m [2methereum_transaction_pool_monitor::mempool_monitor[0m[2m:[0m 📨 Processing new pending transaction: 0x04f7352778ee8f6736e1d238fe4e571974cc87e376129e7ac5b029f329d1c52b
[2m2025-12-10T10:10:00.623996Z[0m [34mDEBUG[0m [2methereum_transaction_pool_monitor::mempool_monitor[0m[2m:[0m 🔍 Fetching transaction details for: 0x04f7352778ee8f6736e1d238fe4e571974cc87e376129e7ac5b029f329d1c52b
[2m2025-12-10T10:10:00.624002Z[0m [34mDEBUG[0m [2methereum_transaction_pool_monitor::eth_client[0m[2m:[0m 🔍 Fetching transaction details for hash: 0x04f7352778ee8f6736e1d238fe4e571974cc87e376129e7ac5b029f329d1c52b
[2m2025-12-10T10:10:00.624016Z[0m [34mDEBUG[0m [2mhyper::client::pool[0m[2m:[0m reuse idle connection for ("http", 192.168.0.14:8545)
[2m2025-12-10T10:10:00.624036Z[0m [34mDEBUG[0m [2mhyper::proto::h1::io[0m[2m:[0m flushed 250 bytes
[2m2025-12-10T10:10:00.634084Z[0m [34mDEBUG[0m [2mhyper::proto::h1::io[0m[2m:[0m parsed 4 headers
[2m2025-12-10T10:10:00.634092Z[0m [34mDEBUG[0m [2mhyper::proto::h1::conn[0m[2m:[0m incoming body is content-length (771 bytes)
[2m2025-12-10T10:10:00.634099Z[0m [34mDEBUG[0m [2mhyper::proto::h1::conn[0m[2m:[0m incoming body completed
[2m2025-12-10T10:10:00.634106Z[0m [34mDEBUG[0m [2mhyper::client::pool[0m[2m:[0m pooling idle connection for ("http", 192.168.0.14:8545)
[2m2025-12-10T10:10:00.634113Z[0m [34mDEBUG[0m [2methereum_transaction_pool_monitor::eth_client[0m[2m:[0m 📡 Transaction fetch RPC completed in 10.105375ms
[2m2025-12-10T10:10:00.714113Z[0m [34mDEBUG[0m [2methereum_transaction_pool_monitor::eth_client[0m[2m:[0m ✅ Transaction 0x04f7352778ee8f6736e1d238fe4e571974cc87e376129e7ac5b029f329d1c52b fetched and parsed in 90.100792ms
[2m2025-12-10T10:10:00.714144Z[0m [34mDEBUG[0m [2methereum_transaction_pool_monitor::mempool_monitor[0m[2m:[0m 🔍 Skipping tx 0x04f7352778ee8f6736e1d238fe4e571974cc87e376129e7ac5b029f329d1c52b - not a DEX interaction (target: 0xB8f28C60dD8240141185a192fa4156A23E189305)
[2m2025-12-10T10:10:00.714192Z[0m [34mDEBUG[0m [2mhyper::client::pool[0m[2m:[0m reuse idle connection for ("http", 192.168.0.14:8545)
[2m2025-12-10T10:10:00.714241Z[0m [34mDEBUG[0m [2mhyper::proto::h1::io[0m[2m:[0m flushed 172 bytes
[2m2025-12-10T10:10:00.714249Z[0m [34mDEBUG[0m [2methereum_transaction_pool_monitor::eth_client[0m[2m:[0m 📨 Received WebSocket message: {"jsonrpc":"2.0","method":"eth_subscription","params":{"subscription":"0xbed0a0851463e895960a451075a301a9","result":"0xe1e1fea1e453210d4079b3fc6a87d3a081ad11dc5017e1bc4c5135410891497c"}}
[2m2025-12-10T10:10:00.714258Z[0m [34mDEBUG[0m [2methereum_transaction_pool_monitor::eth_client[0m[2m:[0m 📨 Received pending transaction: 0xe1e1fea1e453210d4079b3fc6a87d3a081ad11dc5017e1bc4c5135410891497c
[2m2025-12-10T10:10:00.714265Z[0m [34mDEBUG[0m [2methereum_transaction_pool_monitor::mempool_monitor[0m[2m:[0m 📨 Processing new pending transaction: 0xe1e1fea1e453210d4079b3fc6a87d3a081ad11dc5017e1bc4c5135410891497c
[2m2025-12-10T10:10:00.714270Z[0m [34mDEBUG[0m [2methereum_transaction_pool_monitor::mempool_monitor[0m[2m:[0m 🔍 Fetching transaction details for: 0xe1e1fea1e453210d4079b3fc6a87d3a081ad11dc5017e1bc4c5135410891497c
[2m2025-12-10T10:10:00.714275Z[0m [34mDEBUG[0m [2methereum_transaction_pool_monitor::eth_client[0m[2m:[0m 🔍 Fetching transaction details for hash: 0xe1e1fea1e453210d4079b3fc6a87d3a081ad11dc5017e1bc4c5135410891497c
[2m2025-12-10T10:10:00.714284Z[0m [34mDEBUG[0m [2mhyper::client::pool[0m[2m:[0m reuse idle connection for ("http", 192.168.0.14:8545)
[2m2025-12-10T10:10:00.714299Z[0m [34mDEBUG[0m [2mhyper::proto::h1::io[0m[2m:[0m flushed 250 bytes
[2m2025-12-10T10:10:00.720261Z[0m [34mDEBUG[0m [2mhyper::proto::h1::io[0m[2m:[0m parsed 4 headers
[2m2025-12-10T10:10:00.720268Z[0m [34mDEBUG[0m [2mhyper::proto::h1::conn[0m[2m:[0m incoming body is content-length (45 bytes)
[2m2025-12-10T10:10:00.720274Z[0m [34mDEBUG[0m [2mhyper::proto::h1::conn[0m[2m:[0m incoming body completed
[2m2025-12-10T10:10:00.720282Z[0m [34mDEBUG[0m [2mhyper::client::pool[0m[2m:[0m pooling idle connection for ("http", 192.168.0.14:8545)
[2m2025-12-10T10:10:00.724766Z[0m [34mDEBUG[0m [2mhyper::proto::h1::io[0m[2m:[0m parsed 4 headers
[2m2025-12-10T10:10:00.724773Z[0m [34mDEBUG[0m [2mhyper::proto::h1::conn[0m[2m:[0m incoming body is content-length (774 bytes)
[2m2025-12-10T10:10:00.724779Z[0m [34mDEBUG[0m [2mhyper::proto::h1::conn[0m[2m:[0m incoming body completed
[2m2025-12-10T10:10:00.724786Z[0m [34mDEBUG[0m [2mhyper::client::pool[0m[2m:[0m pooling idle connection for ("http", 192.168.0.14:8545)
[2m2025-12-10T10:10:00.724792Z[0m [34mDEBUG[0m [2methereum_transaction_pool_monitor::eth_client[0m[2m:[0m 📡 Transaction fetch RPC completed in 10.512333ms
[2m2025-12-10T10:10:00.793737Z[0m [34mDEBUG[0m [2methereum_transaction_pool_monitor::eth_client[0m[2m:[0m ✅ Transaction 0xe1e1fea1e453210d4079b3fc6a87d3a081ad11dc5017e1bc4c5135410891497c fetched and parsed in 79.455417ms
[2m2025-12-10T10:10:00.793769Z[0m [34mDEBUG[0m [2methereum_transaction_pool_monitor::mempool_monitor[0m[2m:[0m 🔍 Skipping tx 0xe1e1fea1e453210d4079b3fc6a87d3a081ad11dc5017e1bc4c5135410891497c - not a DEX interaction (target: 0xA0b86991c6218b36c1d19D4a2e9Eb0cE3606eB48)
[2m2025-12-10T10:10:00.793820Z[0m [34mDEBUG[0m [2methereum_transaction_pool_monitor::eth_client[0m[2m:[0m 📨 Received WebSocket message: {"jsonrpc":"2.0","method":"eth_subscription","params":{"subscription":"0xbed0a0851463e895960a451075a301a9","result":"0x46e544cad0e7fb6e2a1cde5df6c23162afa70bf83ac3826bc8f7583ef4d7d539"}}
[2m2025-12-10T10:10:00.793832Z[0m [34mDEBUG[0m [2methereum_transaction_pool_monitor::eth_client[0m[2m:[0m 📨 Received pending transaction: 0x46e544cad0e7fb6e2a1cde5df6c23162afa70bf83ac3826bc8f7583ef4d7d539
[2m2025-12-10T10:10:00.793839Z[0m [34mDEBUG[0m [2methereum_transaction_pool_monitor::eth_client[0m[2m:[0m 📨 Received WebSocket message: {"jsonrpc":"2.0","method":"eth_subscription","params":{"subscription":"0xbed0a0851463e895960a451075a301a9","result":"0xee74d94b5a8bb10dfcd360149d03856983cc906959b9e1c697e910348856e966"}}
[2m2025-12-10T10:10:00.793845Z[0m [34mDEBUG[0m [2methereum_transaction_pool_monitor::eth_client[0m[2m:[0m 📨 Received pending transaction: 0xee74d94b5a8bb10dfcd360149d03856983cc906959b9e1c697e910348856e966
[2m2025-12-10T10:10:00.793850Z[0m [34mDEBUG[0m [2methereum_transaction_pool_monitor::eth_client[0m[2m:[0m 📨 Received WebSocket message: {"jsonrpc":"2.0","method":"eth_subscription","params":{"subscription":"0xbed0a0851463e895960a451075a301a9","result":"0xc9a53b95502e8fed2c789cbfd7c69a71951ce8af9212be12c2eac9badd83abea"}}
[2m2025-12-10T10:10:00.793858Z[0m [34mDEBUG[0m [2methereum_transaction_pool_monitor::eth_client[0m[2m:[0m 📨 Received pending transaction: 0xc9a53b95502e8fed2c789cbfd7c69a71951ce8af9212be12c2eac9badd83abea
[2m2025-12-10T10:10:00.793865Z[0m [34mDEBUG[0m [2methereum_transaction_pool_monitor::mempool_monitor[0m[2m:[0m 📨 Processing new pending transaction: 0x46e544cad0e7fb6e2a1cde5df6c23162afa70bf83ac3826bc8f7583ef4d7d539
[2m2025-12-10T10:10:00.793872Z[0m [34mDEBUG[0m [2methereum_transaction_pool_monitor::mempool_monitor[0m[2m:[0m 🔍 Fetching transaction details for: 0x46e544cad0e7fb6e2a1cde5df6c23162afa70bf83ac3826bc8f7583ef4d7d539
[2m2025-12-10T10:10:00.793878Z[0m [34mDEBUG[0m [2methereum_transaction_pool_monitor::eth_client[0m[2m:[0m 🔍 Fetching transaction details for hash: 0x46e544cad0e7fb6e2a1cde5df6c23162afa70bf83ac3826bc8f7583ef4d7d539
[2m2025-12-10T10:10:00.793898Z[0m [34mDEBUG[0m [2mhyper::client::pool[0m[2m:[0m reuse idle connection for ("http", 192.168.0.14:8545)
[2m2025-12-10T10:10:00.793918Z[0m [34mDEBUG[0m [2mhyper::proto::h1::io[0m[2m:[0m flushed 250 bytes
[2m2025-12-10T10:10:00.794635Z[0m [34mDEBUG[0m [2methereum_transaction_pool_monitor::eth_client[0m[2m:[0m 📨 Received WebSocket message: {"jsonrpc":"2.0","method":"eth_subscription","params":{"subscription":"0xbed0a0851463e895960a451075a301a9","result":"0xa80fc9c77977eb91cb938d5b39c57f18d8dde959a14711e932b3b119bd176c05"}}
[2m2025-12-10T10:10:00.794661Z[0m [34mDEBUG[0m [2methereum_transaction_pool_monitor::eth_client[0m[2m:[0m 📨 Received pending transaction: 0xa80fc9c77977eb91cb938d5b39c57f18d8dde959a14711e932b3b119bd176c05
[2m2025-12-10T10:10:00.797211Z[0m [34mDEBUG[0m [2mhyper::client::pool[0m[2m:[0m reuse idle connection for ("http", 192.168.0.14:8545)
[2m2025-12-10T10:10:00.797264Z[0m [34mDEBUG[0m [2mhyper::proto::h1::io[0m[2m:[0m flushed 172 bytes
[2m2025-12-10T10:10:00.803306Z[0m [34mDEBUG[0m [2mhyper::proto::h1::io[0m[2m:[0m parsed 4 headers
[2m2025-12-10T10:10:00.803312Z[0m [34mDEBUG[0m [2mhyper::proto::h1::conn[0m[2m:[0m incoming body is content-length (4039 bytes)
[2m2025-12-10T10:10:00.803320Z[0m [34mDEBUG[0m [2mhyper::proto::h1::conn[0m[2m:[0m incoming body completed
[2m2025-12-10T10:10:00.803332Z[0m [34mDEBUG[0m [2mhyper::client::pool[0m[2m:[0m pooling idle connection for ("http", 192.168.0.14:8545)
[2m2025-12-10T10:10:00.803340Z[0m [34mDEBUG[0m [2methereum_transaction_pool_monitor::eth_client[0m[2m:[0m 📡 Transaction fetch RPC completed in 9.455833ms
[2m2025-12-10T10:10:00.874613Z[0m [34mDEBUG[0m [2methereum_transaction_pool_monitor::eth_client[0m[2m:[0m ✅ Transaction 0x46e544cad0e7fb6e2a1cde5df6c23162afa70bf83ac3826bc8f7583ef4d7d539 fetched and parsed in 80.72725ms
[2m2025-12-10T10:10:00.874638Z[0m [34mDEBUG[0m [2methereum_transaction_pool_monitor::mempool_monitor[0m[2m:[0m 🔍 Skipping tx 0x46e544cad0e7fb6e2a1cde5df6c23162afa70bf83ac3826bc8f7583ef4d7d539 - not a DEX interaction (target: 0xE52c349318C21AA08D7B28C0f476F29aC4B747d3)
[2m2025-12-10T10:10:00.874648Z[0m [34mDEBUG[0m [2methereum_transaction_pool_monitor::mempool_monitor[0m[2m:[0m 📨 Processing new pending transaction: 0xee74d94b5a8bb10dfcd360149d03856983cc906959b9e1c697e910348856e966
[2m2025-12-10T10:10:00.874655Z[0m [34mDEBUG[0m [2methereum_transaction_pool_monitor::mempool_monitor[0m[2m:[0m 🔍 Fetching transaction details for: 0xee74d94b5a8bb10dfcd360149d03856983cc906959b9e1c697e910348856e966
[2m2025-12-10T10:10:00.874659Z[0m [34mDEBUG[0m [2methereum_transaction_pool_monitor::eth_client[0m[2m:[0m 🔍 Fetching transaction details for hash: 0xee74d94b5a8bb10dfcd360149d03856983cc906959b9e1c697e910348856e966
[2m2025-12-10T10:10:00.874675Z[0m [34mDEBUG[0m [2mhyper::client::pool[0m[2m:[0m reuse idle connection for ("http", 192.168.0.14:8545)
[2m2025-12-10T10:10:00.874714Z[0m [34mDEBUG[0m [2mhyper::proto::h1::io[0m[2m:[0m flushed 250 bytes
[2m2025-12-10T10:10:00.874734Z[0m [34mDEBUG[0m [2methereum_transaction_pool_monitor::eth_client[0m[2m:[0m 📨 Received WebSocket message: {"jsonrpc":"2.0","method":"eth_subscription","params":{"subscription":"0xbed0a0851463e895960a451075a301a9","result":"0x7ec2ea49cc3ef9cddd67c1ecd51148f3164a88a8a4e418203bcebaee10342daf"}}
[2m2025-12-10T10:10:00.874736Z[0m [34mDEBUG[0m [2mhyper::proto::h1::io[0m[2m:[0m parsed 4 headers
[2m2025-12-10T10:10:00.874741Z[0m [34mDEBUG[0m [2methereum_transaction_pool_monitor::eth_client[0m[2m:[0m 📨 Received pending transaction: 0x7ec2ea49cc3ef9cddd67c1ecd51148f3164a88a8a4e418203bcebaee10342daf
[2m2025-12-10T10:10:00.874744Z[0m [34mDEBUG[0m [2mhyper::proto::h1::conn[0m[2m:[0m incoming body is content-length (45 bytes)
[2m2025-12-10T10:10:00.874752Z[0m [34mDEBUG[0m [2mhyper::proto::h1::conn[0m[2m:[0m incoming body completed
[2m2025-12-10T10:10:00.874761Z[0m [34mDEBUG[0m [2mhyper::client::pool[0m[2m:[0m pooling idle connection for ("http", 192.168.0.14:8545)
[2m2025-12-10T10:10:00.876094Z[0m [34mDEBUG[0m [2methereum_transaction_pool_monitor::eth_client[0m[2m:[0m 📨 Received WebSocket message: {"jsonrpc":"2.0","method":"eth_subscription","params":{"subscription":"0xbed0a0851463e895960a451075a301a9","result":"0x5da2d0591d047842616c21cf82c091ee8285cfe89ac87fbad91840567247017a"}}
[2m2025-12-10T10:10:00.876100Z[0m [34mDEBUG[0m [2methereum_transaction_pool_monitor::eth_client[0m[2m:[0m 📨 Received pending transaction: 0x5da2d0591d047842616c21cf82c091ee8285cfe89ac87fbad91840567247017a
[2m2025-12-10T10:10:00.881292Z[0m [34mDEBUG[0m [2mhyper::proto::h1::io[0m[2m:[0m parsed 4 headers
[2m2025-12-10T10:10:00.881297Z[0m [34mDEBUG[0m [2mhyper::proto::h1::conn[0m[2m:[0m incoming body is content-length (677 bytes)
[2m2025-12-10T10:10:00.881301Z[0m [34mDEBUG[0m [2mhyper::proto::h1::conn[0m[2m:[0m incoming body completed
[2m2025-12-10T10:10:00.881306Z[0m [34mDEBUG[0m [2mhyper::client::pool[0m[2m:[0m pooling idle connection for ("http", 192.168.0.14:8545)
[2m2025-12-10T10:10:00.881310Z[0m [34mDEBUG[0m [2methereum_transaction_pool_monitor::eth_client[0m[2m:[0m 📡 Transaction fetch RPC completed in 6.648083ms
[2m2025-12-10T10:10:00.951480Z[0m [34mDEBUG[0m [2methereum_transaction_pool_monitor::eth_client[0m[2m:[0m ✅ Transaction 0xee74d94b5a8bb10dfcd360149d03856983cc906959b9e1c697e910348856e966 fetched and parsed in 76.814625ms
[2m2025-12-10T10:10:00.951511Z[0m [34mDEBUG[0m [2methereum_transaction_pool_monitor::mempool_monitor[0m[2m:[0m 🔍 Skipping tx 0xee74d94b5a8bb10dfcd360149d03856983cc906959b9e1c697e910348856e966 - not a DEX interaction (target: 0xA0b86991c6218b36c1d19D4a2e9Eb0cE3606eB48)
[2m2025-12-10T10:10:00.951523Z[0m [34mDEBUG[0m [2methereum_transaction_pool_monitor::mempool_monitor[0m[2m:[0m 📨 Processing new pending transaction: 0xc9a53b95502e8fed2c789cbfd7c69a71951ce8af9212be12c2eac9badd83abea
[2m2025-12-10T10:10:00.951529Z[0m [34mDEBUG[0m [2methereum_transaction_pool_monitor::mempool_monitor[0m[2m:[0m 🔍 Fetching transaction details for: 0xc9a53b95502e8fed2c789cbfd7c69a71951ce8af9212be12c2eac9badd83abea
[2m2025-12-10T10:10:00.951533Z[0m [34mDEBUG[0m [2methereum_transaction_pool_monitor::eth_client[0m[2m:[0m 🔍 Fetching transaction details for hash: 0xc9a53b95502e8fed2c789cbfd7c69a71951ce8af9212be12c2eac9badd83abea
[2m2025-12-10T10:10:00.951554Z[0m [34mDEBUG[0m [2mhyper::client::pool[0m[2m:[0m reuse idle connection for ("http", 192.168.0.14:8545)
[2m2025-12-10T10:10:00.951591Z[0m [34mDEBUG[0m [2mhyper::proto::h1::io[0m[2m:[0m flushed 250 bytes
[2m2025-12-10T10:10:00.951619Z[0m [34mDEBUG[0m [2mhyper::client::pool[0m[2m:[0m reuse idle connection for ("http", 192.168.0.14:8545)
[2m2025-12-10T10:10:00.951635Z[0m [34mDEBUG[0m [2mhyper::proto::h1::io[0m[2m:[0m flushed 172 bytes
[2m2025-12-10T10:10:00.958170Z[0m [34mDEBUG[0m [2mhyper::proto::h1::io[0m[2m:[0m parsed 4 headers
[2m2025-12-10T10:10:00.958202Z[0m [34mDEBUG[0m [2mhyper::proto::h1::conn[0m[2m:[0m incoming body is content-length (45 bytes)
[2m2025-12-10T10:10:00.958219Z[0m [34mDEBUG[0m [2mhyper::proto::h1::conn[0m[2m:[0m incoming body completed
[2m2025-12-10T10:10:00.958236Z[0m [34mDEBUG[0m [2mhyper::client::pool[0m[2m:[0m pooling idle connection for ("http", 192.168.0.14:8545)
[2m2025-12-10T10:10:00.962350Z[0m [34mDEBUG[0m [2mhyper::proto::h1::io[0m[2m:[0m parsed 4 headers
[2m2025-12-10T10:10:00.962364Z[0m [34mDEBUG[0m [2mhyper::proto::h1::conn[0m[2m:[0m incoming body is content-length (767 bytes)
[2m2025-12-10T10:10:00.962376Z[0m [34mDEBUG[0m [2mhyper::proto::h1::conn[0m[2m:[0m incoming body completed
[2m2025-12-10T10:10:00.962390Z[0m [34mDEBUG[0m [2mhyper::client::pool[0m[2m:[0m pooling idle connection for ("http", 192.168.0.14:8545)
[2m2025-12-10T10:10:00.962401Z[0m [34mDEBUG[0m [2methereum_transaction_pool_monitor::eth_client[0m[2m:[0m 📡 Transaction fetch RPC completed in 10.864458ms
[2m2025-12-10T10:10:01.032893Z[0m [34mDEBUG[0m [2methereum_transaction_pool_monitor::eth_client[0m[2m:[0m ✅ Transaction 0xc9a53b95502e8fed2c789cbfd7c69a71951ce8af9212be12c2eac9badd83abea fetched and parsed in 81.353666ms
[2m2025-12-10T10:10:01.032925Z[0m [34mDEBUG[0m [2methereum_transaction_pool_monitor::mempool_monitor[0m[2m:[0m 🔍 Skipping tx 0xc9a53b95502e8fed2c789cbfd7c69a71951ce8af9212be12c2eac9badd83abea - not a DEX interaction (target: 0xA0b86991c6218b36c1d19D4a2e9Eb0cE3606eB48)
[2m2025-12-10T10:10:01.032936Z[0m [34mDEBUG[0m [2methereum_transaction_pool_monitor::mempool_monitor[0m[2m:[0m 📨 Processing new pending transaction: 0xa80fc9c77977eb91cb938d5b39c57f18d8dde959a14711e932b3b119bd176c05
[2m2025-12-10T10:10:01.032945Z[0m [34mDEBUG[0m [2methereum_transaction_pool_monitor::mempool_monitor[0m[2m:[0m 🔍 Fetching transaction details for: 0xa80fc9c77977eb91cb938d5b39c57f18d8dde959a14711e932b3b119bd176c05
[2m2025-12-10T10:10:01.032951Z[0m [34mDEBUG[0m [2methereum_transaction_pool_monitor::eth_client[0m[2m:[0m 🔍 Fetching transaction details for hash: 0xa80fc9c77977eb91cb938d5b39c57f18d8dde959a14711e932b3b119bd176c05
[2m2025-12-10T10:10:01.032971Z[0m [34mDEBUG[0m [2mhyper::client::pool[0m[2m:[0m reuse idle connection for ("http", 192.168.0.14:8545)
[2m2025-12-10T10:10:01.033006Z[0m [34mDEBUG[0m [2mhyper::proto::h1::io[0m[2m:[0m flushed 250 bytes
[2m2025-12-10T10:10:01.033027Z[0m [34mDEBUG[0m [2mhyper::client::pool[0m[2m:[0m reuse idle connection for ("http", 192.168.0.14:8545)
[2m2025-12-10T10:10:01.033044Z[0m [34mDEBUG[0m [2mhyper::proto::h1::io[0m[2m:[0m flushed 172 bytes
[2m2025-12-10T10:10:01.033043Z[0m [34mDEBUG[0m [2methereum_transaction_pool_monitor::eth_client[0m[2m:[0m 📨 Received WebSocket message: {"jsonrpc":"2.0","method":"eth_subscription","params":{"subscription":"0xbed0a0851463e895960a451075a301a9","result":"0xc65293610d3055339d8c4c9961612fb9f4a758da5863c70faaef14c053d54682"}}
[2m2025-12-10T10:10:01.033060Z[0m [34mDEBUG[0m [2methereum_transaction_pool_monitor::eth_client[0m[2m:[0m 📨 Received pending transaction: 0xc65293610d3055339d8c4c9961612fb9f4a758da5863c70faaef14c053d54682
[2m2025-12-10T10:10:01.033066Z[0m [34mDEBUG[0m [2methereum_transaction_pool_monitor::eth_client[0m[2m:[0m 📨 Received WebSocket message: {"jsonrpc":"2.0","method":"eth_subscription","params":{"subscription":"0xbed0a0851463e895960a451075a301a9","result":"0x117c2264021f23404050ee8fe23b00f1a57dc867961605f35eff91e61f0d1395"}}
[2m2025-12-10T10:10:01.033072Z[0m [34mDEBUG[0m [2methereum_transaction_pool_monitor::eth_client[0m[2m:[0m 📨 Received pending transaction: 0x117c2264021f23404050ee8fe23b00f1a57dc867961605f35eff91e61f0d1395
[2m2025-12-10T10:10:01.037189Z[0m [34mDEBUG[0m [2mhyper::proto::h1::io[0m[2m:[0m parsed 4 headers
[2m2025-12-10T10:10:01.037198Z[0m [34mDEBUG[0m [2mhyper::proto::h1::conn[0m[2m:[0m incoming body is content-length (45 bytes)
[2m2025-12-10T10:10:01.037204Z[0m [34mDEBUG[0m [2mhyper::proto::h1::conn[0m[2m:[0m incoming body completed
[2m2025-12-10T10:10:01.037212Z[0m [34mDEBUG[0m [2mhyper::client::pool[0m[2m:[0m pooling idle connection for ("http", 192.168.0.14:8545)
[2m2025-12-10T10:10:01.039086Z[0m [34mDEBUG[0m [2mhyper::proto::h1::io[0m[2m:[0m parsed 4 headers
[2m2025-12-10T10:10:01.039096Z[0m [34mDEBUG[0m [2mhyper::proto::h1::conn[0m[2m:[0m incoming body is content-length (774 bytes)
[2m2025-12-10T10:10:01.039104Z[0m [34mDEBUG[0m [2mhyper::proto::h1::conn[0m[2m:[0m incoming body completed
[2m2025-12-10T10:10:01.039112Z[0m [34mDEBUG[0m [2mhyper::client::pool[0m[2m:[0m pooling idle connection for ("http", 192.168.0.14:8545)
[2m2025-12-10T10:10:01.039118Z[0m [34mDEBUG[0m [2methereum_transaction_pool_monitor::eth_client[0m[2m:[0m 📡 Transaction fetch RPC completed in 6.161333ms
[2m2025-12-10T10:10:01.111268Z[0m [34mDEBUG[0m [2methereum_transaction_pool_monitor::eth_client[0m[2m:[0m ✅ Transaction 0xa80fc9c77977eb91cb938d5b39c57f18d8dde959a14711e932b3b119bd176c05 fetched and parsed in 78.308625ms
[2m2025-12-10T10:10:01.111295Z[0m [34mDEBUG[0m [2methereum_transaction_pool_monitor::mempool_monitor[0m[2m:[0m 🔍 Skipping tx 0xa80fc9c77977eb91cb938d5b39c57f18d8dde959a14711e932b3b119bd176c05 - not a DEX interaction (target: 0xba83b5ed3f12Bfa44f066f03eE0433419B74f469)
[2m2025-12-10T10:10:01.111305Z[0m [34mDEBUG[0m [2methereum_transaction_pool_monitor::mempool_monitor[0m[2m:[0m 📨 Processing new pending transaction: 0x7ec2ea49cc3ef9cddd67c1ecd51148f3164a88a8a4e418203bcebaee10342daf
[2m2025-12-10T10:10:01.111311Z[0m [34mDEBUG[0m [2methereum_transaction_pool_monitor::mempool_monitor[0m[2m:[0m 🔍 Fetching transaction details for: 0x7ec2ea49cc3ef9cddd67c1ecd51148f3164a88a8a4e418203bcebaee10342daf
[2m2025-12-10T10:10:01.111315Z[0m [34mDEBUG[0m [2methereum_transaction_pool_monitor::eth_client[0m[2m:[0m 🔍 Fetching transaction details for hash: 0x7ec2ea49cc3ef9cddd67c1ecd51148f3164a88a8a4e418203bcebaee10342daf
[2m2025-12-10T10:10:01.111332Z[0m [34mDEBUG[0m [2mhyper::client::pool[0m[2m:[0m reuse idle connection for ("http", 192.168.0.14:8545)
[2m2025-12-10T10:10:01.111372Z[0m [34mDEBUG[0m [2mhyper::proto::h1::io[0m[2m:[0m flushed 250 bytes
[2m2025-12-10T10:10:01.111399Z[0m [34mDEBUG[0m [2mhyper::client::pool[0m[2m:[0m reuse idle connection for ("http", 192.168.0.14:8545)
[2m2025-12-10T10:10:01.111411Z[0m [34mDEBUG[0m [2mhyper::proto::h1::io[0m[2m:[0m flushed 172 bytes
[2m2025-12-10T10:10:01.118901Z[0m [34mDEBUG[0m [2mhyper::proto::h1::io[0m[2m:[0m parsed 4 headers
[2m2025-12-10T10:10:01.118910Z[0m [34mDEBUG[0m [2mhyper::proto::h1::conn[0m[2m:[0m incoming body is content-length (45 bytes)
[2m2025-12-10T10:10:01.118916Z[0m [34mDEBUG[0m [2mhyper::proto::h1::conn[0m[2m:[0m incoming body completed
[2m2025-12-10T10:10:01.118924Z[0m [34mDEBUG[0m [2mhyper::client::pool[0m[2m:[0m pooling idle connection for ("http", 192.168.0.14:8545)
[2m2025-12-10T10:10:01.119795Z[0m [34mDEBUG[0m [2mhyper::proto::h1::io[0m[2m:[0m parsed 4 headers
[2m2025-12-10T10:10:01.119813Z[0m [34mDEBUG[0m [2mhyper::proto::h1::conn[0m[2m:[0m incoming body is content-length (1609 bytes)
[2m2025-12-10T10:10:01.119842Z[0m [34mDEBUG[0m [2methereum_transaction_pool_monitor::eth_client[0m[2m:[0m 📡 Transaction fetch RPC completed in 8.5225ms
[2m2025-12-10T10:10:01.120011Z[0m [34mDEBUG[0m [2mhyper::proto::h1::conn[0m[2m:[0m incoming body completed
[2m2025-12-10T10:10:01.120019Z[0m [34mDEBUG[0m [2mhyper::client::pool[0m[2m:[0m pooling idle connection for ("http", 192.168.0.14:8545)
[2m2025-12-10T10:10:01.192371Z[0m [34mDEBUG[0m [2methereum_transaction_pool_monitor::eth_client[0m[2m:[0m ✅ Transaction 0x7ec2ea49cc3ef9cddd67c1ecd51148f3164a88a8a4e418203bcebaee10342daf fetched and parsed in 81.049167ms
[2m2025-12-10T10:10:01.192406Z[0m [34mDEBUG[0m [2methereum_transaction_pool_monitor::mempool_monitor[0m[2m:[0m 🔍 Skipping tx 0x7ec2ea49cc3ef9cddd67c1ecd51148f3164a88a8a4e418203bcebaee10342daf - not a DEX interaction (target: 0xA941b823bab97EC629E02BF33523855D213a94c2)
[2m2025-12-10T10:10:01.192418Z[0m [34mDEBUG[0m [2methereum_transaction_pool_monitor::mempool_monitor[0m[2m:[0m 📨 Processing new pending transaction: 0x5da2d0591d047842616c21cf82c091ee8285cfe89ac87fbad91840567247017a
[2m2025-12-10T10:10:01.192426Z[0m [34mDEBUG[0m [2methereum_transaction_pool_monitor::mempool_monitor[0m[2m:[0m 🔍 Fetching transaction details for: 0x5da2d0591d047842616c21cf82c091ee8285cfe89ac87fbad91840567247017a
[2m2025-12-10T10:10:01.192432Z[0m [34mDEBUG[0m [2methereum_transaction_pool_monitor::eth_client[0m[2m:[0m 🔍 Fetching transaction details for hash: 0x5da2d0591d047842616c21cf82c091ee8285cfe89ac87fbad91840567247017a
[2m2025-12-10T10:10:01.192455Z[0m [34mDEBUG[0m [2mhyper::client::pool[0m[2m:[0m reuse idle connection for ("http", 192.168.0.14:8545)
[2m2025-12-10T10:10:01.192485Z[0m [34mDEBUG[0m [2mhyper::proto::h1::io[0m[2m:[0m flushed 250 bytes
[2m2025-12-10T10:10:01.198651Z[0m [34mDEBUG[0m [2mhyper::client::pool[0m[2m:[0m reuse idle connection for ("http", 192.168.0.14:8545)
[2m2025-12-10T10:10:01.198677Z[0m [34mDEBUG[0m [2mhyper::proto::h1::io[0m[2m:[0m flushed 172 bytes
[2m2025-12-10T10:10:01.199620Z[0m [34mDEBUG[0m [2mhyper::proto::h1::io[0m[2m:[0m parsed 4 headers
[2m2025-12-10T10:10:01.199626Z[0m [34mDEBUG[0m [2mhyper::proto::h1::conn[0m[2m:[0m incoming body is content-length (4038 bytes)
[2m2025-12-10T10:10:01.199633Z[0m [34mDEBUG[0m [2mhyper::proto::h1::conn[0m[2m:[0m incoming body completed
[2m2025-12-10T10:10:01.199642Z[0m [34mDEBUG[0m [2mhyper::client::pool[0m[2m:[0m pooling idle connection for ("http", 192.168.0.14:8545)
[2m2025-12-10T10:10:01.199649Z[0m [34mDEBUG[0m [2methereum_transaction_pool_monitor::eth_client[0m[2m:[0m 📡 Transaction fetch RPC completed in 7.21ms
[2m2025-12-10T10:10:01.271557Z[0m [34mDEBUG[0m [2methereum_transaction_pool_monitor::eth_client[0m[2m:[0m ✅ Transaction 0x5da2d0591d047842616c21cf82c091ee8285cfe89ac87fbad91840567247017a fetched and parsed in 79.115167ms
[2m2025-12-10T10:10:01.271587Z[0m [34mDEBUG[0m [2methereum_transaction_pool_monitor::mempool_monitor[0m[2m:[0m 🔍 Skipping tx 0x5da2d0591d047842616c21cf82c091ee8285cfe89ac87fbad91840567247017a - not a DEX interaction (target: 0x1bBe1bE1fB532a010762665cfCbed31595367e5d)
[2m2025-12-10T10:10:01.271602Z[0m [34mDEBUG[0m [2methereum_transaction_pool_monitor::mempool_monitor[0m[2m:[0m 📨 Processing new pending transaction: 0xc65293610d3055339d8c4c9961612fb9f4a758da5863c70faaef14c053d54682
[2m2025-12-10T10:10:01.271610Z[0m [34mDEBUG[0m [2methereum_transaction_pool_monitor::mempool_monitor[0m[2m:[0m 🔍 Fetching transaction details for: 0xc65293610d3055339d8c4c9961612fb9f4a758da5863c70faaef14c053d54682
[2m2025-12-10T10:10:01.271616Z[0m [34mDEBUG[0m [2methereum_transaction_pool_monitor::eth_client[0m[2m:[0m 🔍 Fetching transaction details for hash: 0xc65293610d3055339d8c4c9961612fb9f4a758da5863c70faaef14c053d54682
[2m2025-12-10T10:10:01.271636Z[0m [34mDEBUG[0m [2mhyper::client::pool[0m[2m:[0m reuse idle connection for ("http", 192.168.0.14:8545)
[2m2025-12-10T10:10:01.271678Z[0m [34mDEBUG[0m [2mhyper::proto::h1::io[0m[2m:[0m flushed 250 bytes
[2m2025-12-10T10:10:01.271703Z[0m [34mDEBUG[0m [2mhyper::proto::h1::io[0m[2m:[0m parsed 4 headers
[2m2025-12-10T10:10:01.271703Z[0m [34mDEBUG[0m [2methereum_transaction_pool_monitor::eth_client[0m[2m:[0m 📨 Received WebSocket message: {"jsonrpc":"2.0","method":"eth_subscription","params":{"subscription":"0xbed0a0851463e895960a451075a301a9","result":"0xe1a6dcbe5274fed051fb006c530f90358d3276ff494ec73260cbb282345d0cb0"}}
[2m2025-12-10T10:10:01.271710Z[0m [34mDEBUG[0m [2mhyper::proto::h1::conn[0m[2m:[0m incoming body is content-length (45 bytes)
[2m2025-12-10T10:10:01.271724Z[0m [34mDEBUG[0m [2methereum_transaction_pool_monitor::eth_client[0m[2m:[0m 📨 Received pending transaction: 0xe1a6dcbe5274fed051fb006c530f90358d3276ff494ec73260cbb282345d0cb0
[2m2025-12-10T10:10:01.271734Z[0m [34mDEBUG[0m [2mhyper::proto::h1::conn[0m[2m:[0m incoming body completed
[2m2025-12-10T10:10:01.271745Z[0m [34mDEBUG[0m [2mhyper::client::pool[0m[2m:[0m pooling idle connection for ("http", 192.168.0.14:8545)
[2m2025-12-10T10:10:01.275295Z[0m [34mDEBUG[0m [2mhyper::proto::h1::io[0m[2m:[0m parsed 4 headers
[2m2025-12-10T10:10:01.275310Z[0m [34mDEBUG[0m [2mhyper::proto::h1::conn[0m[2m:[0m incoming body is content-length (769 bytes)
[2m2025-12-10T10:10:01.275316Z[0m [34mDEBUG[0m [2mhyper::proto::h1::conn[0m[2m:[0m incoming body completed
[2m2025-12-10T10:10:01.275324Z[0m [34mDEBUG[0m [2mhyper::client::pool[0m[2m:[0m pooling idle connection for ("http", 192.168.0.14:8545)
[2m2025-12-10T10:10:01.275329Z[0m [34mDEBUG[0m [2methereum_transaction_pool_monitor::eth_client[0m[2m:[0m 📡 Transaction fetch RPC completed in 3.708125ms
[2m2025-12-10T10:10:01.275343Z[0m [34mDEBUG[0m [2methereum_transaction_pool_monitor::eth_client[0m[2m:[0m DeFi transaction detected - Address: 0xdac17f958d2ee523a2206206994597c13d831ec7, Type: Stablecoin, Value: 0 ETH, Gas: 1.00 Gwei
[2m2025-12-10T10:10:01.275354Z[0m [34mDEBUG[0m [2methereum_transaction_pool_monitor::eth_client[0m[2m:[0m ✅ Transaction 0xc65293610d3055339d8c4c9961612fb9f4a758da5863c70faaef14c053d54682 fetched and parsed in 3.733ms
[2m2025-12-10T10:10:01.275359Z[0m [34mDEBUG[0m [2methereum_transaction_pool_monitor::mempool_monitor[0m[2m:[0m 🔍 Skipping tx 0xc65293610d3055339d8c4c9961612fb9f4a758da5863c70faaef14c053d54682 - not a DEX interaction (target: 0xdAC17F958D2ee523a2206206994597C13D831ec7)
[2m2025-12-10T10:10:01.275365Z[0m [34mDEBUG[0m [2methereum_transaction_pool_monitor::mempool_monitor[0m[2m:[0m 📨 Processing new pending transaction: 0x117c2264021f23404050ee8fe23b00f1a57dc867961605f35eff91e61f0d1395
[2m2025-12-10T10:10:01.275369Z[0m [34mDEBUG[0m [2methereum_transaction_pool_monitor::mempool_monitor[0m[2m:[0m 🔍 Fetching transaction details for: 0x117c2264021f23404050ee8fe23b00f1a57dc867961605f35eff91e61f0d1395
[2m2025-12-10T10:10:01.275372Z[0m [34mDEBUG[0m [2methereum_transaction_pool_monitor::eth_client[0m[2m:[0m 🔍 Fetching transaction details for hash: 0x117c2264021f23404050ee8fe23b00f1a57dc867961605f35eff91e61f0d1395
[2m2025-12-10T10:10:01.275382Z[0m [34mDEBUG[0m [2mhyper::client::pool[0m[2m:[0m reuse idle connection for ("http", 192.168.0.14:8545)
[2m2025-12-10T10:10:01.275408Z[0m [34mDEBUG[0m [2mhyper::proto::h1::io[0m[2m:[0m flushed 250 bytes
[2m2025-12-10T10:10:01.279978Z[0m [34mDEBUG[0m [2mhyper::proto::h1::io[0m[2m:[0m parsed 4 headers
[2m2025-12-10T10:10:01.279985Z[0m [34mDEBUG[0m [2mhyper::proto::h1::conn[0m[2m:[0m incoming body is content-length (1219 bytes)
[2m2025-12-10T10:10:01.279991Z[0m [34mDEBUG[0m [2mhyper::proto::h1::conn[0m[2m:[0m incoming body completed
[2m2025-12-10T10:10:01.279997Z[0m [34mDEBUG[0m [2mhyper::client::pool[0m[2m:[0m pooling idle connection for ("http", 192.168.0.14:8545)
[2m2025-12-10T10:10:01.280002Z[0m [34mDEBUG[0m [2methereum_transaction_pool_monitor::eth_client[0m[2m:[0m 📡 Transaction fetch RPC completed in 4.626958ms
[2m2025-12-10T10:10:01.351174Z[0m [34mDEBUG[0m [2methereum_transaction_pool_monitor::eth_client[0m[2m:[0m ✅ Transaction 0x117c2264021f23404050ee8fe23b00f1a57dc867961605f35eff91e61f0d1395 fetched and parsed in 75.796416ms
[2m2025-12-10T10:10:01.351200Z[0m [34mDEBUG[0m [2methereum_transaction_pool_monitor::mempool_monitor[0m[2m:[0m 🔍 Skipping tx 0x117c2264021f23404050ee8fe23b00f1a57dc867961605f35eff91e61f0d1395 - not a DEX interaction (target: 0xF6801D319497789f934ec7F83E142a9536312B08)
[2m2025-12-10T10:10:01.351212Z[0m [34mDEBUG[0m [2methereum_transaction_pool_monitor::mempool_monitor[0m[2m:[0m 📨 Processing new pending transaction: 0xe1a6dcbe5274fed051fb006c530f90358d3276ff494ec73260cbb282345d0cb0
[2m2025-12-10T10:10:01.351217Z[0m [34mDEBUG[0m [2methereum_transaction_pool_monitor::mempool_monitor[0m[2m:[0m 🔍 Fetching transaction details for: 0xe1a6dcbe5274fed051fb006c530f90358d3276ff494ec73260cbb282345d0cb0
[2m2025-12-10T10:10:01.351222Z[0m [34mDEBUG[0m [2methereum_transaction_pool_monitor::eth_client[0m[2m:[0m 🔍 Fetching transaction details for hash: 0xe1a6dcbe5274fed051fb006c530f90358d3276ff494ec73260cbb282345d0cb0
[2m2025-12-10T10:10:01.351243Z[0m [34mDEBUG[0m [2mhyper::client::pool[0m[2m:[0m reuse idle connection for ("http", 192.168.0.14:8545)
[2m2025-12-10T10:10:01.351273Z[0m [34mDEBUG[0m [2mhyper::proto::h1::io[0m[2m:[0m flushed 250 bytes
[2m2025-12-10T10:10:01.351291Z[0m [34mDEBUG[0m [2mhyper::client::pool[0m[2m:[0m reuse idle connection for ("http", 192.168.0.14:8545)
[2m2025-12-10T10:10:01.351302Z[0m [34mDEBUG[0m [2methereum_transaction_pool_monitor::eth_client[0m[2m:[0m 📨 Received WebSocket message: {"jsonrpc":"2.0","method":"eth_subscription","params":{"subscription":"0xbed0a0851463e895960a451075a301a9","result":"0x1646c4655de5f7f50fd00689cfec7e496c0591702b22a1273381835eb0078dff"}}
[2m2025-12-10T10:10:01.351304Z[0m [34mDEBUG[0m [2mhyper::proto::h1::io[0m[2m:[0m flushed 172 bytes
[2m2025-12-10T10:10:01.351315Z[0m [34mDEBUG[0m [2methereum_transaction_pool_monitor::eth_client[0m[2m:[0m 📨 Received pending transaction: 0x1646c4655de5f7f50fd00689cfec7e496c0591702b22a1273381835eb0078dff
[2m2025-12-10T10:10:01.362417Z[0m [34mDEBUG[0m [2methereum_transaction_pool_monitor::eth_client[0m[2m:[0m 📨 Received WebSocket message: {"jsonrpc":"2.0","method":"eth_subscription","params":{"subscription":"0xbed0a0851463e895960a451075a301a9","result":"0xb94b845f4895f3553c748024d101c5d029d76486ec20c4c351fc1683148019b0"}}
[2m2025-12-10T10:10:01.362434Z[0m [34mDEBUG[0m [2methereum_transaction_pool_monitor::eth_client[0m[2m:[0m 📨 Received pending transaction: 0xb94b845f4895f3553c748024d101c5d029d76486ec20c4c351fc1683148019b0
[2m2025-12-10T10:10:01.364009Z[0m [34mDEBUG[0m [2mhyper::proto::h1::io[0m[2m:[0m parsed 4 headers
[2m2025-12-10T10:10:01.364018Z[0m [34mDEBUG[0m [2mhyper::proto::h1::conn[0m[2m:[0m incoming body is content-length (650 bytes)
[2m2025-12-10T10:10:01.364025Z[0m [34mDEBUG[0m [2mhyper::proto::h1::conn[0m[2m:[0m incoming body completed
[2m2025-12-10T10:10:01.364033Z[0m [34mDEBUG[0m [2mhyper::client::pool[0m[2m:[0m pooling idle connection for ("http", 192.168.0.14:8545)
[2m2025-12-10T10:10:01.364039Z[0m [34mDEBUG[0m [2methereum_transaction_pool_monitor::eth_client[0m[2m:[0m 📡 Transaction fetch RPC completed in 12.813625ms
[2m2025-12-10T10:10:01.435967Z[0m [34mDEBUG[0m [2methereum_transaction_pool_monitor::eth_client[0m[2m:[0m ✅ Transaction 0xe1a6dcbe5274fed051fb006c530f90358d3276ff494ec73260cbb282345d0cb0 fetched and parsed in 84.7385ms
[2m2025-12-10T10:10:01.435996Z[0m [34mDEBUG[0m [2methereum_transaction_pool_monitor::mempool_monitor[0m[2m:[0m 🔍 Skipping tx 0xe1a6dcbe5274fed051fb006c530f90358d3276ff494ec73260cbb282345d0cb0 - not a DEX interaction (target: 0x835033BD90b943FA0d0f8e5382d9DC568D3fbd96)
[2m2025-12-10T10:10:01.436008Z[0m [34mDEBUG[0m [2methereum_transaction_pool_monitor::mempool_monitor[0m[2m:[0m 📨 Processing new pending transaction: 0x1646c4655de5f7f50fd00689cfec7e496c0591702b22a1273381835eb0078dff
[2m2025-12-10T10:10:01.436017Z[0m [34mDEBUG[0m [2methereum_transaction_pool_monitor::mempool_monitor[0m[2m:[0m 🔍 Fetching transaction details for: 0x1646c4655de5f7f50fd00689cfec7e496c0591702b22a1273381835eb0078dff
[2m2025-12-10T10:10:01.436023Z[0m [34mDEBUG[0m [2methereum_transaction_pool_monitor::eth_client[0m[2m:[0m 🔍 Fetching transaction details for hash: 0x1646c4655de5f7f50fd00689cfec7e496c0591702b22a1273381835eb0078dff
[2m2025-12-10T10:10:01.436044Z[0m [34mDEBUG[0m [2mhyper::client::pool[0m[2m:[0m reuse idle connection for ("http", 192.168.0.14:8545)
[2m2025-12-10T10:10:01.436085Z[0m [34mDEBUG[0m [2mhyper::proto::h1::io[0m[2m:[0m flushed 250 bytes
[2m2025-12-10T10:10:01.436112Z[0m [34mDEBUG[0m [2methereum_transaction_pool_monitor::eth_client[0m[2m:[0m 📨 Received WebSocket message: {"jsonrpc":"2.0","method":"eth_subscription","params":{"subscription":"0xbed0a0851463e895960a451075a301a9","result":"0x189caafa831abb1f14fe075664d384bef1c2e5cde24f0bd7f81176f86d405dee"}}
[2m2025-12-10T10:10:01.436122Z[0m [34mDEBUG[0m [2methereum_transaction_pool_monitor::eth_client[0m[2m:[0m 📨 Received pending transaction: 0x189caafa831abb1f14fe075664d384bef1c2e5cde24f0bd7f81176f86d405dee
[2m2025-12-10T10:10:01.436131Z[0m [34mDEBUG[0m [2methereum_transaction_pool_monitor::eth_client[0m[2m:[0m 📨 Received WebSocket message: {"jsonrpc":"2.0","method":"eth_subscription","params":{"subscription":"0xbed0a0851463e895960a451075a301a9","result":"0x2f94c9f27f9bf8d38af4f03fa059c7f35fe05f8966f843d10aa28654d829f479"}}
[2m2025-12-10T10:10:01.436138Z[0m [34mDEBUG[0m [2methereum_transaction_pool_monitor::eth_client[0m[2m:[0m 📨 Received pending transaction: 0x2f94c9f27f9bf8d38af4f03fa059c7f35fe05f8966f843d10aa28654d829f479
[2m2025-12-10T10:10:01.436148Z[0m [34mDEBUG[0m [2mhyper::proto::h1::io[0m[2m:[0m parsed 4 headers
[2m2025-12-10T10:10:01.436157Z[0m [34mDEBUG[0m [2mhyper::proto::h1::conn[0m[2m:[0m incoming body is content-length (45 bytes)
[2m2025-12-10T10:10:01.436164Z[0m [34mDEBUG[0m [2mhyper::proto::h1::conn[0m[2m:[0m incoming body completed
[2m2025-12-10T10:10:01.436179Z[0m [34mDEBUG[0m [2mhyper::client::pool[0m[2m:[0m pooling idle connection for ("http", 192.168.0.14:8545)
[2m2025-12-10T10:10:01.436198Z[0m [34mDEBUG[0m [2mhyper::client::pool[0m[2m:[0m reuse idle connection for ("http", 192.168.0.14:8545)
[2m2025-12-10T10:10:01.436219Z[0m [34mDEBUG[0m [2mhyper::proto::h1::io[0m[2m:[0m flushed 172 bytes
[2m2025-12-10T10:10:01.443604Z[0m [34mDEBUG[0m [2mhyper::proto::h1::io[0m[2m:[0m parsed 4 headers
[2m2025-12-10T10:10:01.443642Z[0m [34mDEBUG[0m [2mhyper::proto::h1::conn[0m[2m:[0m incoming body is content-length (1227 bytes)
[2m2025-12-10T10:10:01.443657Z[0m [34mDEBUG[0m [2mhyper::proto::h1::conn[0m[2m:[0m incoming body completed
[2m2025-12-10T10:10:01.443684Z[0m [34mDEBUG[0m [2mhyper::client::pool[0m[2m:[0m pooling idle connection for ("http", 192.168.0.14:8545)
[2m2025-12-10T10:10:01.443692Z[0m [34mDEBUG[0m [2methereum_transaction_pool_monitor::eth_client[0m[2m:[0m 📡 Transaction fetch RPC completed in 7.663708ms
[2m2025-12-10T10:10:01.515655Z[0m [34mDEBUG[0m [2methereum_transaction_pool_monitor::eth_client[0m[2m:[0m ✅ Transaction 0x1646c4655de5f7f50fd00689cfec7e496c0591702b22a1273381835eb0078dff fetched and parsed in 79.623208ms
[2m2025-12-10T10:10:01.515685Z[0m [34mDEBUG[0m [2methereum_transaction_pool_monitor::mempool_monitor[0m[2m:[0m 🔍 Skipping tx 0x1646c4655de5f7f50fd00689cfec7e496c0591702b22a1273381835eb0078dff - not a DEX interaction (target: 0x4Dbd4fc535Ac27206064B68FfCf827b0A60BAB3f)
[2m2025-12-10T10:10:01.515699Z[0m [34mDEBUG[0m [2methereum_transaction_pool_monitor::mempool_monitor[0m[2m:[0m 📨 Processing new pending transaction: 0xb94b845f4895f3553c748024d101c5d029d76486ec20c4c351fc1683148019b0
[2m2025-12-10T10:10:01.515708Z[0m [34mDEBUG[0m [2methereum_transaction_pool_monitor::mempool_monitor[0m[2m:[0m 🔍 Fetching transaction details for: 0xb94b845f4895f3553c748024d101c5d029d76486ec20c4c351fc1683148019b0
[2m2025-12-10T10:10:01.515714Z[0m [34mDEBUG[0m [2methereum_transaction_pool_monitor::eth_client[0m[2m:[0m 🔍 Fetching transaction details for hash: 0xb94b845f4895f3553c748024d101c5d029d76486ec20c4c351fc1683148019b0
[2m2025-12-10T10:10:01.515730Z[0m [34mDEBUG[0m [2mhyper::client::pool[0m[2m:[0m reuse idle connection for ("http", 192.168.0.14:8545)
[2m2025-12-10T10:10:01.515767Z[0m [34mDEBUG[0m [2mhyper::proto::h1::io[0m[2m:[0m flushed 250 bytes
[2m2025-12-10T10:10:01.515788Z[0m [34mDEBUG[0m [2methereum_transaction_pool_monitor::eth_client[0m[2m:[0m 📨 Received WebSocket message: {"jsonrpc":"2.0","method":"eth_subscription","params":{"subscription":"0xbed0a0851463e895960a451075a301a9","result":"0x10f628aec23e599a68d9a6f43d710e03d694a03e2d64ec2693536efe4f38f3c9"}}
[2m2025-12-10T10:10:01.515796Z[0m [34mDEBUG[0m [2methereum_transaction_pool_monitor::eth_client[0m[2m:[0m 📨 Received pending transaction: 0x10f628aec23e599a68d9a6f43d710e03d694a03e2d64ec2693536efe4f38f3c9
[2m2025-12-10T10:10:01.515797Z[0m [34mDEBUG[0m [2mhyper::proto::h1::io[0m[2m:[0m parsed 4 headers
[2m2025-12-10T10:10:01.515805Z[0m [34mDEBUG[0m [2methereum_transaction_pool_monitor::eth_client[0m[2m:[0m 📨 Received WebSocket message: {"jsonrpc":"2.0","method":"eth_subscription","params":{"subscription":"0xbed0a0851463e895960a451075a301a9","result":"0x52cc8f60b7ddd4a6a90ad73726d4612d185c20c7b8a0f85ef9ee426df02ec1f9"}}
[2m2025-12-10T10:10:01.515807Z[0m [34mDEBUG[0m [2mhyper::proto::h1::conn[0m[2m:[0m incoming body is content-length (45 bytes)
[2m2025-12-10T10:10:01.515812Z[0m [34mDEBUG[0m [2methereum_transaction_pool_monitor::eth_client[0m[2m:[0m 📨 Received pending transaction: 0x52cc8f60b7ddd4a6a90ad73726d4612d185c20c7b8a0f85ef9ee426df02ec1f9
[2m2025-12-10T10:10:01.515818Z[0m [34mDEBUG[0m [2mhyper::proto::h1::conn[0m[2m:[0m incoming body completed
[2m2025-12-10T10:10:01.515818Z[0m [34mDEBUG[0m [2methereum_transaction_pool_monitor::eth_client[0m[2m:[0m 📨 Received WebSocket message: {"jsonrpc":"2.0","method":"eth_subscription","params":{"subscription":"0xbed0a0851463e895960a451075a301a9","result":"0xd237276c6f7be8618da0e234e070b1a78f17a3d984e95902ba217219b85e95eb"}}
[2m2025-12-10T10:10:01.515830Z[0m [34mDEBUG[0m [2methereum_transaction_pool_monitor::eth_client[0m[2m:[0m 📨 Received pending transaction: 0xd237276c6f7be8618da0e234e070b1a78f17a3d984e95902ba217219b85e95eb
[2m2025-12-10T10:10:01.515829Z[0m [34mDEBUG[0m [2mhyper::client::pool[0m[2m:[0m pooling idle connection for ("http", 192.168.0.14:8545)
[2m2025-12-10T10:10:01.515836Z[0m [34mDEBUG[0m [2methereum_transaction_pool_monitor::eth_client[0m[2m:[0m 📨 Received WebSocket message: {"jsonrpc":"2.0","method":"eth_subscription","params":{"subscription":"0xbed0a0851463e895960a451075a301a9","result":"0x70215ab59e0358c1b4baf84f001d0e6d9f3702873728497574bbb9dbbe53c7e3"}}
[2m2025-12-10T10:10:01.515848Z[0m [34mDEBUG[0m [2methereum_transaction_pool_monitor::eth_client[0m[2m:[0m 📨 Received pending transaction: 0x70215ab59e0358c1b4baf84f001d0e6d9f3702873728497574bbb9dbbe53c7e3
[2m2025-12-10T10:10:01.515852Z[0m [34mDEBUG[0m [2methereum_transaction_pool_monitor::eth_client[0m[2m:[0m 📨 Received WebSocket message: {"jsonrpc":"2.0","method":"eth_subscription","params":{"subscription":"0xbed0a0851463e895960a451075a301a9","result":"0x7558ee445327727d1a016f47ddfedbd379ba282cc9f130ab1c006b8ac6e1d80d"}}
[2m2025-12-10T10:10:01.515853Z[0m [34mDEBUG[0m [2mhyper::client::pool[0m[2m:[0m reuse idle connection for ("http", 192.168.0.14:8545)
[2m2025-12-10T10:10:01.515860Z[0m [34mDEBUG[0m [2methereum_transaction_pool_monitor::eth_client[0m[2m:[0m 📨 Received pending transaction: 0x7558ee445327727d1a016f47ddfedbd379ba282cc9f130ab1c006b8ac6e1d80d
[2m2025-12-10T10:10:01.515879Z[0m [34mDEBUG[0m [2mhyper::proto::h1::io[0m[2m:[0m flushed 172 bytes
[2m2025-12-10T10:10:01.515885Z[0m [34mDEBUG[0m [2methereum_transaction_pool_monitor::eth_client[0m[2m:[0m 📨 Received WebSocket message: {"jsonrpc":"2.0","method":"eth_subscription","params":{"subscription":"0xbed0a0851463e895960a451075a301a9","result":"0xaacfceba353975de2c84f4751bf352194f44571c253a77c0590397d55a4ae241"}}
[2m2025-12-10T10:10:01.515891Z[0m [34mDEBUG[0m [2methereum_transaction_pool_monitor::eth_client[0m[2m:[0m 📨 Received pending transaction: 0xaacfceba353975de2c84f4751bf352194f44571c253a77c0590397d55a4ae241
[2m2025-12-10T10:10:01.515895Z[0m [34mDEBUG[0m [2methereum_transaction_pool_monitor::eth_client[0m[2m:[0m 📨 Received WebSocket message: {"jsonrpc":"2.0","method":"eth_subscription","params":{"subscription":"0xbed0a0851463e895960a451075a301a9","result":"0xad97e52cbcf41b1c2a26857d37af138f8cb917599e9cef3be22070cfa99238e4"}}
[2m2025-12-10T10:10:01.515901Z[0m [34mDEBUG[0m [2methereum_transaction_pool_monitor::eth_client[0m[2m:[0m 📨 Received pending transaction: 0xad97e52cbcf41b1c2a26857d37af138f8cb917599e9cef3be22070cfa99238e4
[2m2025-12-10T10:10:01.515907Z[0m [34mDEBUG[0m [2methereum_transaction_pool_monitor::eth_client[0m[2m:[0m 📨 Received WebSocket message: {"jsonrpc":"2.0","method":"eth_subscription","params":{"subscription":"0xbed0a0851463e895960a451075a301a9","result":"0x9e4d1a938eb00479acb4954b5a63527353997d63c40921929a041399a09ccf88"}}
[2m2025-12-10T10:10:01.515914Z[0m [34mDEBUG[0m [2methereum_transaction_pool_monitor::eth_client[0m[2m:[0m 📨 Received pending transaction: 0x9e4d1a938eb00479acb4954b5a63527353997d63c40921929a041399a09ccf88
[2m2025-12-10T10:10:01.515918Z[0m [34mDEBUG[0m [2methereum_transaction_pool_monitor::eth_client[0m[2m:[0m 📨 Received WebSocket message: {"jsonrpc":"2.0","method":"eth_subscription","params":{"subscription":"0xbed0a0851463e895960a451075a301a9","result":"0x18a1e810a4b591f4efaf4616952d0fbfc9ee8c430e06ef637633eabcd4a8ec01"}}
[2m2025-12-10T10:10:01.515923Z[0m [34mDEBUG[0m [2methereum_transaction_pool_monitor::eth_client[0m[2m:[0m 📨 Received pending transaction: 0x18a1e810a4b591f4efaf4616952d0fbfc9ee8c430e06ef637633eabcd4a8ec01
[2m2025-12-10T10:10:01.515927Z[0m [34mDEBUG[0m [2methereum_transaction_pool_monitor::eth_client[0m[2m:[0m 📨 Received WebSocket message: {"jsonrpc":"2.0","method":"eth_subscription","params":{"subscription":"0xbed0a0851463e895960a451075a301a9","result":"0xb7a43bef5bbf9c849189dee4bef97d24052eb191dc1666c58d1401d8840a24e7"}}
[2m2025-12-10T10:10:01.515932Z[0m [34mDEBUG[0m [2methereum_transaction_pool_monitor::eth_client[0m[2m:[0m 📨 Received pending transaction: 0xb7a43bef5bbf9c849189dee4bef97d24052eb191dc1666c58d1401d8840a24e7
[2m2025-12-10T10:10:01.515937Z[0m [34mDEBUG[0m [2methereum_transaction_pool_monitor::eth_client[0m[2m:[0m 📨 Received WebSocket message: {"jsonrpc":"2.0","method":"eth_subscription","params":{"subscription":"0xbed0a0851463e895960a451075a301a9","result":"0x49f913e01c6e86539af95772f0e84b9dd89fd073126d7578e4b973c01400c11b"}}
[2m2025-12-10T10:10:01.515942Z[0m [34mDEBUG[0m [2methereum_transaction_pool_monitor::eth_client[0m[2m:[0m 📨 Received pending transaction: 0x49f913e01c6e86539af95772f0e84b9dd89fd073126d7578e4b973c01400c11b
[2m2025-12-10T10:10:01.515947Z[0m [34mDEBUG[0m [2methereum_transaction_pool_monitor::eth_client[0m[2m:[0m 📨 Received WebSocket message: {"jsonrpc":"2.0","method":"eth_subscription","params":{"subscription":"0xbed0a0851463e895960a451075a301a9","result":"0xc0c9ff817782f5b44a166b764e0c96bc4d6414a2560453ea4af02255a7d631d6"}}
[2m2025-12-10T10:10:01.515953Z[0m [34mDEBUG[0m [2methereum_transaction_pool_monitor::eth_client[0m[2m:[0m 📨 Received pending transaction: 0xc0c9ff817782f5b44a166b764e0c96bc4d6414a2560453ea4af02255a7d631d6
[2m2025-12-10T10:10:01.515958Z[0m [34mDEBUG[0m [2methereum_transaction_pool_monitor::eth_client[0m[2m:[0m 📨 Received WebSocket message: {"jsonrpc":"2.0","method":"eth_subscription","params":{"subscription":"0xbed0a0851463e895960a451075a301a9","result":"0xe55f13d59b821e43a599b7c42b8beefbe7ab75ad828bb74e5f5aec5000eb21e3"}}
[2m2025-12-10T10:10:01.515964Z[0m [34mDEBUG[0m [2methereum_transaction_pool_monitor::eth_client[0m[2m:[0m 📨 Received pending transaction: 0xe55f13d59b821e43a599b7c42b8beefbe7ab75ad828bb74e5f5aec5000eb21e3
[2m2025-12-10T10:10:01.515969Z[0m [34mDEBUG[0m [2methereum_transaction_pool_monitor::eth_client[0m[2m:[0m 📨 Received WebSocket message: {"jsonrpc":"2.0","method":"eth_subscription","params":{"subscription":"0xbed0a0851463e895960a451075a301a9","result":"0x24442d460fe5738b32402eeacbd43292a2ab42d34914a754e18813af4b995613"}}
[2m2025-12-10T10:10:01.515974Z[0m [34mDEBUG[0m [2methereum_transaction_pool_monitor::eth_client[0m[2m:[0m 📨 Received pending transaction: 0x24442d460fe5738b32402eeacbd43292a2ab42d34914a754e18813af4b995613
[2m2025-12-10T10:10:01.515978Z[0m [34mDEBUG[0m [2methereum_transaction_pool_monitor::eth_client[0m[2m:[0m 📨 Received WebSocket message: {"jsonrpc":"2.0","method":"eth_subscription","params":{"subscription":"0xbed0a0851463e895960a451075a301a9","result":"0x6b5834912fd03f6683e7faaca150620b0dd4afe55fe4d352004aba344b58574c"}}
[2m2025-12-10T10:10:01.515983Z[0m [34mDEBUG[0m [2methereum_transaction_pool_monitor::eth_client[0m[2m:[0m 📨 Received pending transaction: 0x6b5834912fd03f6683e7faaca150620b0dd4afe55fe4d352004aba344b58574c
[2m2025-12-10T10:10:01.515988Z[0m [34mDEBUG[0m [2methereum_transaction_pool_monitor::eth_client[0m[2m:[0m 📨 Received WebSocket message: {"jsonrpc":"2.0","method":"eth_subscription","params":{"subscription":"0xbed0a0851463e895960a451075a301a9","result":"0x84de87ddc20310b18b6cf02cc089308c3af1bf2b13fddbde5148ffc2f866d84a"}}
[2m2025-12-10T10:10:01.515992Z[0m [34mDEBUG[0m [2methereum_transaction_pool_monitor::eth_client[0m[2m:[0m 📨 Received pending transaction: 0x84de87ddc20310b18b6cf02cc089308c3af1bf2b13fddbde5148ffc2f866d84a
[2m2025-12-10T10:10:01.515997Z[0m [34mDEBUG[0m [2methereum_transaction_pool_monitor::eth_client[0m[2m:[0m 📨 Received WebSocket message: {"jsonrpc":"2.0","method":"eth_subscription","params":{"subscription":"0xbed0a0851463e895960a451075a301a9","result":"0xc671acfe6967513f5d688a9aa1ea49607289d813c63ed116af60a4d9064e7e6e"}}
[2m2025-12-10T10:10:01.516002Z[0m [34mDEBUG[0m [2methereum_transaction_pool_monitor::eth_client[0m[2m:[0m 📨 Received pending transaction: 0xc671acfe6967513f5d688a9aa1ea49607289d813c63ed116af60a4d9064e7e6e
[2m2025-12-10T10:10:01.516006Z[0m [34mDEBUG[0m [2methereum_transaction_pool_monitor::eth_client[0m[2m:[0m 📨 Received WebSocket message: {"jsonrpc":"2.0","method":"eth_subscription","params":{"subscription":"0xbed0a0851463e895960a451075a301a9","result":"0xea602150e46cd0ce107e824d90bbf6e880797468ffa21eb07df8c1b2ad8eb029"}}
[2m2025-12-10T10:10:01.516011Z[0m [34mDEBUG[0m [2methereum_transaction_pool_monitor::eth_client[0m[2m:[0m 📨 Received pending transaction: 0xea602150e46cd0ce107e824d90bbf6e880797468ffa21eb07df8c1b2ad8eb029
[2m2025-12-10T10:10:01.516015Z[0m [34mDEBUG[0m [2methereum_transaction_pool_monitor::eth_client[0m[2m:[0m 📨 Received WebSocket message: {"jsonrpc":"2.0","method":"eth_subscription","params":{"subscription":"0xbed0a0851463e895960a451075a301a9","result":"0x9abe003c03df5291b181f89993c17443a7b3c6ce9b002f0b076bdf9c2febec56"}}
[2m2025-12-10T10:10:01.516020Z[0m [34mDEBUG[0m [2methereum_transaction_pool_monitor::eth_client[0m[2m:[0m 📨 Received pending transaction: 0x9abe003c03df5291b181f89993c17443a7b3c6ce9b002f0b076bdf9c2febec56
[2m2025-12-10T10:10:01.516024Z[0m [34mDEBUG[0m [2methereum_transaction_pool_monitor::eth_client[0m[2m:[0m 📨 Received WebSocket message: {"jsonrpc":"2.0","method":"eth_subscription","params":{"subscription":"0xbed0a0851463e895960a451075a301a9","result":"0x53b0b104ac7486e9d376019c060db5360328729667c6916a31b418387bf6ce12"}}
[2m2025-12-10T10:10:01.516029Z[0m [34mDEBUG[0m [2methereum_transaction_pool_monitor::eth_client[0m[2m:[0m 📨 Received pending transaction: 0x53b0b104ac7486e9d376019c060db5360328729667c6916a31b418387bf6ce12
[2m2025-12-10T10:10:01.516034Z[0m [34mDEBUG[0m [2methereum_transaction_pool_monitor::eth_client[0m[2m:[0m 📨 Received WebSocket message: {"jsonrpc":"2.0","method":"eth_subscription","params":{"subscription":"0xbed0a0851463e895960a451075a301a9","result":"0x7fb47c85dd0cbe741f8723514f6a602ca5d37096698c7e62cdda20b5d4826f84"}}
[2m2025-12-10T10:10:01.516038Z[0m [34mDEBUG[0m [2methereum_transaction_pool_monitor::eth_client[0m[2m:[0m 📨 Received pending transaction: 0x7fb47c85dd0cbe741f8723514f6a602ca5d37096698c7e62cdda20b5d4826f84
[2m2025-12-10T10:10:01.516048Z[0m [34mDEBUG[0m [2methereum_transaction_pool_monitor::eth_client[0m[2m:[0m 📨 Received WebSocket message: {"jsonrpc":"2.0","method":"eth_subscription","params":{"subscription":"0xbed0a0851463e895960a451075a301a9","result":"0x80331a92b3a8d811a3878c6eb0dbf3a51b7e387a02d356c21a1131f5413596b7"}}
[2m2025-12-10T10:10:01.516053Z[0m [34mDEBUG[0m [2methereum_transaction_pool_monitor::eth_client[0m[2m:[0m 📨 Received pending transaction: 0x80331a92b3a8d811a3878c6eb0dbf3a51b7e387a02d356c21a1131f5413596b7
[2m2025-12-10T10:10:01.516059Z[0m [34mDEBUG[0m [2methereum_transaction_pool_monitor::eth_client[0m[2m:[0m 📨 Received WebSocket message: {"jsonrpc":"2.0","method":"eth_subscription","params":{"subscription":"0xbed0a0851463e895960a451075a301a9","result":"0xf2902bade9f404f58a95b59fded65ab6c2bcffc51506b582e69bbd58e571406f"}}
[2m2025-12-10T10:10:01.516065Z[0m [34mDEBUG[0m [2methereum_transaction_pool_monitor::eth_client[0m[2m:[0m 📨 Received pending transaction: 0xf2902bade9f404f58a95b59fded65ab6c2bcffc51506b582e69bbd58e571406f
[2m2025-12-10T10:10:01.516070Z[0m [34mDEBUG[0m [2methereum_transaction_pool_monitor::eth_client[0m[2m:[0m 📨 Received WebSocket message: {"jsonrpc":"2.0","method":"eth_subscription","params":{"subscription":"0xbed0a0851463e895960a451075a301a9","result":"0x4a2ad25c80c256f03534f3d5f3bcb120a6647de4dfb21af21b7d72fd708af2ba"}}
[2m2025-12-10T10:10:01.516076Z[0m [34mDEBUG[0m [2methereum_transaction_pool_monitor::eth_client[0m[2m:[0m 📨 Received pending transaction: 0x4a2ad25c80c256f03534f3d5f3bcb120a6647de4dfb21af21b7d72fd708af2ba
[2m2025-12-10T10:10:01.516080Z[0m [34mDEBUG[0m [2methereum_transaction_pool_monitor::eth_client[0m[2m:[0m 📨 Received WebSocket message: {"jsonrpc":"2.0","method":"eth_subscription","params":{"subscription":"0xbed0a0851463e895960a451075a301a9","result":"0x99cbfa2858fc95239813f25516e4d6be4f067ba155cbc80224e0dd89e0d5b1d0"}}
[2m2025-12-10T10:10:01.516085Z[0m [34mDEBUG[0m [2methereum_transaction_pool_monitor::eth_client[0m[2m:[0m 📨 Received pending transaction: 0x99cbfa2858fc95239813f25516e4d6be4f067ba155cbc80224e0dd89e0d5b1d0
[2m2025-12-10T10:10:01.516089Z[0m [34mDEBUG[0m [2methereum_transaction_pool_monitor::eth_client[0m[2m:[0m 📨 Received WebSocket message: {"jsonrpc":"2.0","method":"eth_subscription","params":{"subscription":"0xbed0a0851463e895960a451075a301a9","result":"0x800d04b8d24bf1d1720bab8237bfc0230cb4b82d22d36cdf39b49b478bdd61af"}}
[2m2025-12-10T10:10:01.516094Z[0m [34mDEBUG[0m [2methereum_transaction_pool_monitor::eth_client[0m[2m:[0m 📨 Received pending transaction: 0x800d04b8d24bf1d1720bab8237bfc0230cb4b82d22d36cdf39b49b478bdd61af
[2m2025-12-10T10:10:01.522418Z[0m [34mDEBUG[0m [2mhyper::proto::h1::io[0m[2m:[0m parsed 4 headers
[2m2025-12-10T10:10:01.522429Z[0m [34mDEBUG[0m [2mhyper::proto::h1::conn[0m[2m:[0m incoming body is content-length (770 bytes)
[2m2025-12-10T10:10:01.522434Z[0m [34mDEBUG[0m [2mhyper::proto::h1::conn[0m[2m:[0m incoming body completed
[2m2025-12-10T10:10:01.522442Z[0m [34mDEBUG[0m [2mhyper::client::pool[0m[2m:[0m pooling idle connection for ("http", 192.168.0.14:8545)
[2m2025-12-10T10:10:01.522447Z[0m [34mDEBUG[0m [2methereum_transaction_pool_monitor::eth_client[0m[2m:[0m 📡 Transaction fetch RPC completed in 6.729084ms
[2m2025-12-10T10:10:01.592966Z[0m [34mDEBUG[0m [2methereum_transaction_pool_monitor::eth_client[0m[2m:[0m ✅ Transaction 0xb94b845f4895f3553c748024d101c5d029d76486ec20c4c351fc1683148019b0 fetched and parsed in 77.244667ms
[2m2025-12-10T10:10:01.592995Z[0m [34mDEBUG[0m [2methereum_transaction_pool_monitor::mempool_monitor[0m[2m:[0m 🔍 Skipping tx 0xb94b845f4895f3553c748024d101c5d029d76486ec20c4c351fc1683148019b0 - not a DEX interaction (target: 0xdeFA4e8a7bcBA345F687a2f1456F5Edd9CE97202)
[2m2025-12-10T10:10:01.593006Z[0m [34mDEBUG[0m [2methereum_transaction_pool_monitor::mempool_monitor[0m[2m:[0m 📨 Processing new pending transaction: 0x189caafa831abb1f14fe075664d384bef1c2e5cde24f0bd7f81176f86d405dee
[2m2025-12-10T10:10:01.593014Z[0m [34mDEBUG[0m [2methereum_transaction_pool_monitor::mempool_monitor[0m[2m:[0m 🔍 Fetching transaction details for: 0x189caafa831abb1f14fe075664d384bef1c2e5cde24f0bd7f81176f86d405dee
[2m2025-12-10T10:10:01.593018Z[0m [34mDEBUG[0m [2methereum_transaction_pool_monitor::eth_client[0m[2m:[0m 🔍 Fetching transaction details for hash: 0x189caafa831abb1f14fe075664d384bef1c2e5cde24f0bd7f81176f86d405dee
[2m2025-12-10T10:10:01.593036Z[0m [34mDEBUG[0m [2mhyper::client::pool[0m[2m:[0m reuse idle connection for ("http", 192.168.0.14:8545)
[2m2025-12-10T10:10:01.593076Z[0m [34mDEBUG[0m [2mhyper::proto::h1::io[0m[2m:[0m flushed 250 bytes
[2m2025-12-10T10:10:01.593101Z[0m [34mDEBUG[0m [2methereum_transaction_pool_monitor::eth_client[0m[2m:[0m 📨 Received WebSocket message: {"jsonrpc":"2.0","method":"eth_subscription","params":{"subscription":"0xbed0a0851463e895960a451075a301a9","result":"0xfd5ca717ff463fe3b6bdd4c00419e1f8f800a82226f6c4f5e3b5cdcc160acbdd"}}
[2m2025-12-10T10:10:01.593110Z[0m [34mDEBUG[0m [2methereum_transaction_pool_monitor::eth_client[0m[2m:[0m 📨 Received pending transaction: 0xfd5ca717ff463fe3b6bdd4c00419e1f8f800a82226f6c4f5e3b5cdcc160acbdd
[2m2025-12-10T10:10:01.593115Z[0m [34mDEBUG[0m [2methereum_transaction_pool_monitor::eth_client[0m[2m:[0m 📨 Received WebSocket message: {"jsonrpc":"2.0","method":"eth_subscription","params":{"subscription":"0xbed0a0851463e895960a451075a301a9","result":"0xb23e9c0ba7fdba21ddb9e862a1c85b5fa5242c29d48e3fb2772e96a2a01fdc18"}}
[2m2025-12-10T10:10:01.593121Z[0m [34mDEBUG[0m [2methereum_transaction_pool_monitor::eth_client[0m[2m:[0m 📨 Received pending transaction: 0xb23e9c0ba7fdba21ddb9e862a1c85b5fa5242c29d48e3fb2772e96a2a01fdc18
[2m2025-12-10T10:10:01.593127Z[0m [34mDEBUG[0m [2methereum_transaction_pool_monitor::eth_client[0m[2m:[0m 📨 Received WebSocket message: {"jsonrpc":"2.0","method":"eth_subscription","params":{"subscription":"0xbed0a0851463e895960a451075a301a9","result":"0xb1bdde6ee218b3beea78a58c38879d01a0deccb99b69f86ba35e2eea8a6817e9"}}
[2m2025-12-10T10:10:01.593132Z[0m [34mDEBUG[0m [2methereum_transaction_pool_monitor::eth_client[0m[2m:[0m 📨 Received pending transaction: 0xb1bdde6ee218b3beea78a58c38879d01a0deccb99b69f86ba35e2eea8a6817e9
[2m2025-12-10T10:10:01.593138Z[0m [34mDEBUG[0m [2methereum_transaction_pool_monitor::eth_client[0m[2m:[0m 📨 Received WebSocket message: {"jsonrpc":"2.0","method":"eth_subscription","params":{"subscription":"0xbed0a0851463e895960a451075a301a9","result":"0x782c574e18383e5266b73c4b1fc53e6ab78d1a5dd488bc51ef6e53bacd73250f"}}
[2m2025-12-10T10:10:01.593144Z[0m [34mDEBUG[0m [2methereum_transaction_pool_monitor::eth_client[0m[2m:[0m 📨 Received pending transaction: 0x782c574e18383e5266b73c4b1fc53e6ab78d1a5dd488bc51ef6e53bacd73250f
[2m2025-12-10T10:10:01.593164Z[0m [34mDEBUG[0m [2mhyper::proto::h1::io[0m[2m:[0m parsed 4 headers
[2m2025-12-10T10:10:01.593168Z[0m [34mDEBUG[0m [2mhyper::proto::h1::conn[0m[2m:[0m incoming body is content-length (45 bytes)
[2m2025-12-10T10:10:01.593176Z[0m [34mDEBUG[0m [2mhyper::proto::h1::conn[0m[2m:[0m incoming body completed
[2m2025-12-10T10:10:01.593184Z[0m [34mDEBUG[0m [2mhyper::client::pool[0m[2m:[0m pooling idle connection for ("http", 192.168.0.14:8545)
[2m2025-12-10T10:10:01.596968Z[0m [34mDEBUG[0m [2mhyper::client::pool[0m[2m:[0m reuse idle connection for ("http", 192.168.0.14:8545)
[2m2025-12-10T10:10:01.597009Z[0m [34mDEBUG[0m [2mhyper::proto::h1::io[0m[2m:[0m flushed 172 bytes
[2m2025-12-10T10:10:01.598965Z[0m [34mDEBUG[0m [2mhyper::proto::h1::io[0m[2m:[0m parsed 4 headers
[2m2025-12-10T10:10:01.598972Z[0m [34mDEBUG[0m [2mhyper::proto::h1::conn[0m[2m:[0m incoming body is content-length (770 bytes)
[2m2025-12-10T10:10:01.598979Z[0m [34mDEBUG[0m [2mhyper::proto::h1::conn[0m[2m:[0m incoming body completed
[2m2025-12-10T10:10:01.598986Z[0m [34mDEBUG[0m [2mhyper::client::pool[0m[2m:[0m pooling idle connection for ("http", 192.168.0.14:8545)
[2m2025-12-10T10:10:01.598992Z[0m [34mDEBUG[0m [2methereum_transaction_pool_monitor::eth_client[0m[2m:[0m 📡 Transaction fetch RPC completed in 5.969375ms
[2m2025-12-10T10:10:01.599006Z[0m [34mDEBUG[0m [2methereum_transaction_pool_monitor::eth_client[0m[2m:[0m DeFi transaction detected - Address: 0xdac17f958d2ee523a2206206994597c13d831ec7, Type: Stablecoin, Value: 0 ETH, Gas: 1.75 Gwei
[2m2025-12-10T10:10:01.599018Z[0m [34mDEBUG[0m [2methereum_transaction_pool_monitor::eth_client[0m[2m:[0m ✅ Transaction 0x189caafa831abb1f14fe075664d384bef1c2e5cde24f0bd7f81176f86d405dee fetched and parsed in 5.995583ms
[2m2025-12-10T10:10:01.599024Z[0m [34mDEBUG[0m [2methereum_transaction_pool_monitor::mempool_monitor[0m[2m:[0m 🔍 Skipping tx 0x189caafa831abb1f14fe075664d384bef1c2e5cde24f0bd7f81176f86d405dee - not a DEX interaction (target: 0xdAC17F958D2ee523a2206206994597C13D831ec7)
[2m2025-12-10T10:10:01.599030Z[0m [34mDEBUG[0m [2methereum_transaction_pool_monitor::mempool_monitor[0m[2m:[0m 📨 Processing new pending transaction: 0x2f94c9f27f9bf8d38af4f03fa059c7f35fe05f8966f843d10aa28654d829f479
[2m2025-12-10T10:10:01.599033Z[0m [34mDEBUG[0m [2methereum_transaction_pool_monitor::mempool_monitor[0m[2m:[0m 🔍 Fetching transaction details for: 0x2f94c9f27f9bf8d38af4f03fa059c7f35fe05f8966f843d10aa28654d829f479
[2m2025-12-10T10:10:01.599037Z[0m [34mDEBUG[0m [2methereum_transaction_pool_monitor::eth_client[0m[2m:[0m 🔍 Fetching transaction details for hash: 0x2f94c9f27f9bf8d38af4f03fa059c7f35fe05f8966f843d10aa28654d829f479
[2m2025-12-10T10:10:01.599046Z[0m [34mDEBUG[0m [2mhyper::client::pool[0m[2m:[0m reuse idle connection for ("http", 192.168.0.14:8545)
[2m2025-12-10T10:10:01.599062Z[0m [34mDEBUG[0m [2mhyper::proto::h1::io[0m[2m:[0m flushed 250 bytes
[2m2025-12-10T10:10:01.600619Z[0m [34mDEBUG[0m [2mhyper::proto::h1::io[0m[2m:[0m parsed 4 headers
[2m2025-12-10T10:10:01.600627Z[0m [34mDEBUG[0m [2mhyper::proto::h1::conn[0m[2m:[0m incoming body is content-length (45 bytes)
[2m2025-12-10T10:10:01.600631Z[0m [34mDEBUG[0m [2mhyper::proto::h1::conn[0m[2m:[0m incoming body completed
[2m2025-12-10T10:10:01.600637Z[0m [34mDEBUG[0m [2mhyper::client::pool[0m[2m:[0m pooling idle connection for ("http", 192.168.0.14:8545)
[2m2025-12-10T10:10:01.609342Z[0m [34mDEBUG[0m [2methereum_transaction_pool_monitor::eth_client[0m[2m:[0m 📨 Received WebSocket message: {"jsonrpc":"2.0","method":"eth_subscription","params":{"subscription":"0xbed0a0851463e895960a451075a301a9","result":"0x7efbccd404a74c4a2418a148883172feba3fda2339640c5d88dd1a5ed084c391"}}
[2m2025-12-10T10:10:01.609345Z[0m [34mDEBUG[0m [2mhyper::proto::h1::io[0m[2m:[0m parsed 4 headers
[2m2025-12-10T10:10:01.609351Z[0m [34mDEBUG[0m [2methereum_transaction_pool_monitor::eth_client[0m[2m:[0m 📨 Received pending transaction: 0x7efbccd404a74c4a2418a148883172feba3fda2339640c5d88dd1a5ed084c391
[2m2025-12-10T10:10:01.609352Z[0m [34mDEBUG[0m [2mhyper::proto::h1::conn[0m[2m:[0m incoming body is content-length (769 bytes)
[2m2025-12-10T10:10:01.609361Z[0m [34mDEBUG[0m [2mhyper::proto::h1::conn[0m[2m:[0m incoming body completed
[2m2025-12-10T10:10:01.609368Z[0m [34mDEBUG[0m [2mhyper::client::pool[0m[2m:[0m pooling idle connection for ("http", 192.168.0.14:8545)
[2m2025-12-10T10:10:01.609373Z[0m [34mDEBUG[0m [2methereum_transaction_pool_monitor::eth_client[0m[2m:[0m 📡 Transaction fetch RPC completed in 10.333042ms
[2m2025-12-10T10:10:01.609386Z[0m [34mDEBUG[0m [2methereum_transaction_pool_monitor::eth_client[0m[2m:[0m DeFi transaction detected - Address: 0xdac17f958d2ee523a2206206994597c13d831ec7, Type: Stablecoin, Value: 0 ETH, Gas: 1.75 Gwei
[2m2025-12-10T10:10:01.609396Z[0m [34mDEBUG[0m [2methereum_transaction_pool_monitor::eth_client[0m[2m:[0m ✅ Transaction 0x2f94c9f27f9bf8d38af4f03fa059c7f35fe05f8966f843d10aa28654d829f479 fetched and parsed in 10.356209ms
[2m2025-12-10T10:10:01.609401Z[0m [34mDEBUG[0m [2methereum_transaction_pool_monitor::mempool_monitor[0m[2m:[0m 🔍 Skipping tx 0x2f94c9f27f9bf8d38af4f03fa059c7f35fe05f8966f843d10aa28654d829f479 - not a DEX interaction (target: 0xdAC17F958D2ee523a2206206994597C13D831ec7)
[2m2025-12-10T10:10:01.609407Z[0m [34mDEBUG[0m [2methereum_transaction_pool_monitor::mempool_monitor[0m[2m:[0m 📨 Processing new pending transaction: 0x10f628aec23e599a68d9a6f43d710e03d694a03e2d64ec2693536efe4f38f3c9
[2m2025-12-10T10:10:01.609411Z[0m [34mDEBUG[0m [2methereum_transaction_pool_monitor::mempool_monitor[0m[2m:[0m 🔍 Fetching transaction details for: 0x10f628aec23e599a68d9a6f43d710e03d694a03e2d64ec2693536efe4f38f3c9
[2m2025-12-10T10:10:01.609414Z[0m [34mDEBUG[0m [2methereum_transaction_pool_monitor::eth_client[0m[2m:[0m 🔍 Fetching transaction details for hash: 0x10f628aec23e599a68d9a6f43d710e03d694a03e2d64ec2693536efe4f38f3c9
[2m2025-12-10T10:10:01.609426Z[0m [34mDEBUG[0m [2mhyper::client::pool[0m[2m:[0m reuse idle connection for ("http", 192.168.0.14:8545)
[2m2025-12-10T10:10:01.609439Z[0m [34mDEBUG[0m [2mhyper::proto::h1::io[0m[2m:[0m flushed 250 bytes
[2m2025-12-10T10:10:01.622137Z[0m [34mDEBUG[0m [2mhyper::proto::h1::io[0m[2m:[0m parsed 4 headers
[2m2025-12-10T10:10:01.622147Z[0m [34mDEBUG[0m [2mhyper::proto::h1::conn[0m[2m:[0m incoming body is content-length (554 bytes)
[2m2025-12-10T10:10:01.622153Z[0m [34mDEBUG[0m [2mhyper::proto::h1::conn[0m[2m:[0m incoming body completed
[2m2025-12-10T10:10:01.622160Z[0m [34mDEBUG[0m [2mhyper::client::pool[0m[2m:[0m pooling idle connection for ("http", 192.168.0.14:8545)
[2m2025-12-10T10:10:01.622165Z[0m [34mDEBUG[0m [2methereum_transaction_pool_monitor::eth_client[0m[2m:[0m 📡 Transaction fetch RPC completed in 12.747625ms
[2m2025-12-10T10:10:01.693736Z[0m [34mDEBUG[0m [2methereum_transaction_pool_monitor::eth_client[0m[2m:[0m ✅ Transaction 0x10f628aec23e599a68d9a6f43d710e03d694a03e2d64ec2693536efe4f38f3c9 fetched and parsed in 84.317333ms
[2m2025-12-10T10:10:01.693766Z[0m [34mDEBUG[0m [2methereum_transaction_pool_monitor::mempool_monitor[0m[2m:[0m 🔍 Skipping tx 0x10f628aec23e599a68d9a6f43d710e03d694a03e2d64ec2693536efe4f38f3c9 - not a DEX interaction (target: 0x049a5C58a6a24B83A67E36c2f7E24c5584A87743)
[2m2025-12-10T10:10:01.693783Z[0m [34mDEBUG[0m [2methereum_transaction_pool_monitor::mempool_monitor[0m[2m:[0m 📨 Processing new pending transaction: 0x52cc8f60b7ddd4a6a90ad73726d4612d185c20c7b8a0f85ef9ee426df02ec1f9
[2m2025-12-10T10:10:01.693791Z[0m [34mDEBUG[0m [2methereum_transaction_pool_monitor::mempool_monitor[0m[2m:[0m 🔍 Fetching transaction details for: 0x52cc8f60b7ddd4a6a90ad73726d4612d185c20c7b8a0f85ef9ee426df02ec1f9
[2m2025-12-10T10:10:01.693798Z[0m [34mDEBUG[0m [2methereum_transaction_pool_monitor::eth_client[0m[2m:[0m 🔍 Fetching transaction details for hash: 0x52cc8f60b7ddd4a6a90ad73726d4612d185c20c7b8a0f85ef9ee426df02ec1f9
[2m2025-12-10T10:10:01.693821Z[0m [34mDEBUG[0m [2mhyper::client::pool[0m[2m:[0m reuse idle connection for ("http", 192.168.0.14:8545)
[2m2025-12-10T10:10:01.693848Z[0m [34mDEBUG[0m [2mhyper::proto::h1::io[0m[2m:[0m flushed 250 bytes
[2m2025-12-10T10:10:01.693871Z[0m [34mDEBUG[0m [2methereum_transaction_pool_monitor::eth_client[0m[2m:[0m 📨 Received WebSocket message: {"jsonrpc":"2.0","method":"eth_subscription","params":{"subscription":"0xbed0a0851463e895960a451075a301a9","result":"0x0bbc676440e280036690c6b3f477e0ef63431e3d3c1f8d75d72d82ef6eb2494a"}}
[2m2025-12-10T10:10:01.693878Z[0m [34mDEBUG[0m [2methereum_transaction_pool_monitor::eth_client[0m[2m:[0m 📨 Received pending transaction: 0x0bbc676440e280036690c6b3f477e0ef63431e3d3c1f8d75d72d82ef6eb2494a
[2m2025-12-10T10:10:01.693883Z[0m [34mDEBUG[0m [2methereum_transaction_pool_monitor::eth_client[0m[2m:[0m 📨 Received WebSocket message: {"jsonrpc":"2.0","method":"eth_subscription","params":{"subscription":"0xbed0a0851463e895960a451075a301a9","result":"0xfbe0460ac3663b363d679231d8373f28f34592a66e798d65c7d9f082e8930822"}}
[2m2025-12-10T10:10:01.693889Z[0m [34mDEBUG[0m [2methereum_transaction_pool_monitor::eth_client[0m[2m:[0m 📨 Received pending transaction: 0xfbe0460ac3663b363d679231d8373f28f34592a66e798d65c7d9f082e8930822
[2m2025-12-10T10:10:01.697668Z[0m [34mDEBUG[0m [2mhyper::client::pool[0m[2m:[0m reuse idle connection for ("http", 192.168.0.14:8545)
[2m2025-12-10T10:10:01.697693Z[0m [34mDEBUG[0m [2mhyper::proto::h1::io[0m[2m:[0m flushed 172 bytes
[2m2025-12-10T10:10:01.701078Z[0m [34mDEBUG[0m [2mhyper::proto::h1::io[0m[2m:[0m parsed 4 headers
[2m2025-12-10T10:10:01.701087Z[0m [34mDEBUG[0m [2mhyper::proto::h1::conn[0m[2m:[0m incoming body is content-length (45 bytes)
[2m2025-12-10T10:10:01.701094Z[0m [34mDEBUG[0m [2mhyper::proto::h1::conn[0m[2m:[0m incoming body completed
[2m2025-12-10T10:10:01.701102Z[0m [34mDEBUG[0m [2mhyper::client::pool[0m[2m:[0m pooling idle connection for ("http", 192.168.0.14:8545)
[2m2025-12-10T10:10:01.702367Z[0m [34mDEBUG[0m [2mhyper::proto::h1::io[0m[2m:[0m parsed 4 headers
[2m2025-12-10T10:10:01.705924Z[0m [34mDEBUG[0m [2mhyper::proto::h1::conn[0m[2m:[0m incoming body is content-length (535 bytes)
[2m2025-12-10T10:10:01.705934Z[0m [34mDEBUG[0m [2mhyper::proto::h1::conn[0m[2m:[0m incoming body completed
[2m2025-12-10T10:10:01.705947Z[0m [34mDEBUG[0m [2mhyper::client::pool[0m[2m:[0m pooling idle connection for ("http", 192.168.0.14:8545)
[2m2025-12-10T10:10:01.705956Z[0m [34mDEBUG[0m [2methereum_transaction_pool_monitor::eth_client[0m[2m:[0m 📡 Transaction fetch RPC completed in 12.149875ms
[2m2025-12-10T10:10:01.778065Z[0m [34mDEBUG[0m [2methereum_transaction_pool_monitor::eth_client[0m[2m:[0m ✅ Transaction 0x52cc8f60b7ddd4a6a90ad73726d4612d185c20c7b8a0f85ef9ee426df02ec1f9 fetched and parsed in 84.256542ms
[2m2025-12-10T10:10:01.778091Z[0m [34mDEBUG[0m [2methereum_transaction_pool_monitor::mempool_monitor[0m[2m:[0m 🔍 Skipping tx 0x52cc8f60b7ddd4a6a90ad73726d4612d185c20c7b8a0f85ef9ee426df02ec1f9 - not a DEX interaction (target: 0x9F369E97581362dE97d4eE07E4637792b346ae22)
[2m2025-12-10T10:10:01.778102Z[0m [34mDEBUG[0m [2methereum_transaction_pool_monitor::mempool_monitor[0m[2m:[0m 📨 Processing new pending transaction: 0xd237276c6f7be8618da0e234e070b1a78f17a3d984e95902ba217219b85e95eb
[2m2025-12-10T10:10:01.778107Z[0m [34mDEBUG[0m [2methereum_transaction_pool_monitor::mempool_monitor[0m[2m:[0m 🔍 Fetching transaction details for: 0xd237276c6f7be8618da0e234e070b1a78f17a3d984e95902ba217219b85e95eb
[2m2025-12-10T10:10:01.778111Z[0m [34mDEBUG[0m [2methereum_transaction_pool_monitor::eth_client[0m[2m:[0m 🔍 Fetching transaction details for hash: 0xd237276c6f7be8618da0e234e070b1a78f17a3d984e95902ba217219b85e95eb
[2m2025-12-10T10:10:01.778129Z[0m [34mDEBUG[0m [2mhyper::client::pool[0m[2m:[0m reuse idle connection for ("http", 192.168.0.14:8545)
[2m2025-12-10T10:10:01.778162Z[0m [34mDEBUG[0m [2mhyper::proto::h1::io[0m[2m:[0m flushed 250 bytes
[2m2025-12-10T10:10:01.778179Z[0m [34mDEBUG[0m [2methereum_transaction_pool_monitor::eth_client[0m[2m:[0m 📨 Received WebSocket message: {"jsonrpc":"2.0","method":"eth_subscription","params":{"subscription":"0xbed0a0851463e895960a451075a301a9","result":"0xa57f65c7db1c00499912039055f21d1cecb87efc56deaece64ba8ac1ddc3de86"}}
[2m2025-12-10T10:10:01.778186Z[0m [34mDEBUG[0m [2methereum_transaction_pool_monitor::eth_client[0m[2m:[0m 📨 Received pending transaction: 0xa57f65c7db1c00499912039055f21d1cecb87efc56deaece64ba8ac1ddc3de86
[2m2025-12-10T10:10:01.778191Z[0m [34mDEBUG[0m [2methereum_transaction_pool_monitor::eth_client[0m[2m:[0m 📨 Received WebSocket message: {"jsonrpc":"2.0","method":"eth_subscription","params":{"subscription":"0xbed0a0851463e895960a451075a301a9","result":"0x23e14ed6c8d38cb0aa2f69bb4bc75a400a6debe8b92f1a1b7bfe530cfd517a3d"}}
[2m2025-12-10T10:10:01.778199Z[0m [34mDEBUG[0m [2methereum_transaction_pool_monitor::eth_client[0m[2m:[0m 📨 Received pending transaction: 0x23e14ed6c8d38cb0aa2f69bb4bc75a400a6debe8b92f1a1b7bfe530cfd517a3d
[2m2025-12-10T10:10:01.778203Z[0m [34mDEBUG[0m [2methereum_transaction_pool_monitor::eth_client[0m[2m:[0m 📨 Received WebSocket message: {"jsonrpc":"2.0","method":"eth_subscription","params":{"subscription":"0xbed0a0851463e895960a451075a301a9","result":"0x9e38f3f410c1a61f8abb2ad392642448107ba7d90c3718fb03b37bc55091cd0d"}}
[2m2025-12-10T10:10:01.778209Z[0m [34mDEBUG[0m [2methereum_transaction_pool_monitor::eth_client[0m[2m:[0m 📨 Received pending transaction: 0x9e38f3f410c1a61f8abb2ad392642448107ba7d90c3718fb03b37bc55091cd0d
[2m2025-12-10T10:10:01.778213Z[0m [34mDEBUG[0m [2methereum_transaction_pool_monitor::eth_client[0m[2m:[0m 📨 Received WebSocket message: {"jsonrpc":"2.0","method":"eth_subscription","params":{"subscription":"0xbed0a0851463e895960a451075a301a9","result":"0x677dbdc605087e34bed92d76b6dc8d8fbddd9f3e4092828722418288568ed80b"}}
[2m2025-12-10T10:10:01.778218Z[0m [34mDEBUG[0m [2methereum_transaction_pool_monitor::eth_client[0m[2m:[0m 📨 Received pending transaction: 0x677dbdc605087e34bed92d76b6dc8d8fbddd9f3e4092828722418288568ed80b
[2m2025-12-10T10:10:01.781838Z[0m [34mDEBUG[0m [2methereum_transaction_pool_monitor::eth_client[0m[2m:[0m 📨 Received WebSocket message: {"jsonrpc":"2.0","method":"eth_subscription","params":{"subscription":"0xbed0a0851463e895960a451075a301a9","result":"0xf0427465714ea0624996373fab9d35f3c96ad102068da031066a3bf0000fd400"}}
[2m2025-12-10T10:10:01.781869Z[0m [34mDEBUG[0m [2methereum_transaction_pool_monitor::eth_client[0m[2m:[0m 📨 Received pending transaction: 0xf0427465714ea0624996373fab9d35f3c96ad102068da031066a3bf0000fd400
[2m2025-12-10T10:10:01.784290Z[0m [34mDEBUG[0m [2mhyper::proto::h1::io[0m[2m:[0m parsed 4 headers
[2m2025-12-10T10:10:01.784309Z[0m [34mDEBUG[0m [2mhyper::proto::h1::conn[0m[2m:[0m incoming body is content-length (552 bytes)
[2m2025-12-10T10:10:01.784328Z[0m [34mDEBUG[0m [2mhyper::proto::h1::conn[0m[2m:[0m incoming body completed
[2m2025-12-10T10:10:01.784355Z[0m [34mDEBUG[0m [2mhyper::client::pool[0m[2m:[0m pooling idle connection for ("http", 192.168.0.14:8545)
[2m2025-12-10T10:10:01.784361Z[0m [34mDEBUG[0m [2methereum_transaction_pool_monitor::eth_client[0m[2m:[0m 📡 Transaction fetch RPC completed in 6.245458ms
[2m2025-12-10T10:10:01.855954Z[0m [34mDEBUG[0m [2methereum_transaction_pool_monitor::eth_client[0m[2m:[0m ✅ Transaction 0xd237276c6f7be8618da0e234e070b1a78f17a3d984e95902ba217219b85e95eb fetched and parsed in 77.836166ms
[2m2025-12-10T10:10:01.855982Z[0m [34mDEBUG[0m [2methereum_transaction_pool_monitor::mempool_monitor[0m[2m:[0m 🔍 Skipping tx 0xd237276c6f7be8618da0e234e070b1a78f17a3d984e95902ba217219b85e95eb - not a DEX interaction (target: 0xd2E9b7B646830d940D4Fc8EAB01051ed788eC859)
[2m2025-12-10T10:10:01.855992Z[0m [34mDEBUG[0m [2methereum_transaction_pool_monitor::mempool_monitor[0m[2m:[0m 📨 Processing new pending transaction: 0x70215ab59e0358c1b4baf84f001d0e6d9f3702873728497574bbb9dbbe53c7e3
[2m2025-12-10T10:10:01.855998Z[0m [34mDEBUG[0m [2methereum_transaction_pool_monitor::mempool_monitor[0m[2m:[0m 🔍 Fetching transaction details for: 0x70215ab59e0358c1b4baf84f001d0e6d9f3702873728497574bbb9dbbe53c7e3
[2m2025-12-10T10:10:01.856002Z[0m [34mDEBUG[0m [2methereum_transaction_pool_monitor::eth_client[0m[2m:[0m 🔍 Fetching transaction details for hash: 0x70215ab59e0358c1b4baf84f001d0e6d9f3702873728497574bbb9dbbe53c7e3
[2m2025-12-10T10:10:01.856020Z[0m [34mDEBUG[0m [2mhyper::client::pool[0m[2m:[0m reuse idle connection for ("http", 192.168.0.14:8545)
[2m2025-12-10T10:10:01.856057Z[0m [34mDEBUG[0m [2mhyper::proto::h1::io[0m[2m:[0m flushed 250 bytes
[2m2025-12-10T10:10:01.856083Z[0m [34mDEBUG[0m [2mhyper::client::pool[0m[2m:[0m reuse idle connection for ("http", 192.168.0.14:8545)
[2m2025-12-10T10:10:01.856095Z[0m [34mDEBUG[0m [2mhyper::proto::h1::io[0m[2m:[0m flushed 172 bytes
[2m2025-12-10T10:10:01.856108Z[0m [34mDEBUG[0m [2methereum_transaction_pool_monitor::eth_client[0m[2m:[0m 📨 Received WebSocket message: {"jsonrpc":"2.0","method":"eth_subscription","params":{"subscription":"0xbed0a0851463e895960a451075a301a9","result":"0x604c97b8c77bf63bdf3f5900267b344b1d132287e104756f1e9a71027d9dc381"}}
[2m2025-12-10T10:10:01.856114Z[0m [34mDEBUG[0m [2methereum_transaction_pool_monitor::eth_client[0m[2m:[0m 📨 Received pending transaction: 0x604c97b8c77bf63bdf3f5900267b344b1d132287e104756f1e9a71027d9dc381
[2m2025-12-10T10:10:01.857052Z[0m [34mDEBUG[0m [2methereum_transaction_pool_monitor::eth_client[0m[2m:[0m 📨 Received WebSocket message: {"jsonrpc":"2.0","method":"eth_subscription","params":{"subscription":"0xbed0a0851463e895960a451075a301a9","result":"0x54f3ff58151b894302d4372310bd7e90d3ede9bf1d8c10ae9161a26e9793b7ec"}}
[2m2025-12-10T10:10:01.857079Z[0m [34mDEBUG[0m [2methereum_transaction_pool_monitor::eth_client[0m[2m:[0m 📨 Received pending transaction: 0x54f3ff58151b894302d4372310bd7e90d3ede9bf1d8c10ae9161a26e9793b7ec
[2m2025-12-10T10:10:01.864208Z[0m [34mDEBUG[0m [2mhyper::proto::h1::io[0m[2m:[0m parsed 4 headers
[2m2025-12-10T10:10:01.864218Z[0m [34mDEBUG[0m [2mhyper::proto::h1::conn[0m[2m:[0m incoming body is content-length (552 bytes)
[2m2025-12-10T10:10:01.864226Z[0m [34mDEBUG[0m [2mhyper::proto::h1::conn[0m[2m:[0m incoming body completed
[2m2025-12-10T10:10:01.864235Z[0m [34mDEBUG[0m [2mhyper::client::pool[0m[2m:[0m pooling idle connection for ("http", 192.168.0.14:8545)
[2m2025-12-10T10:10:01.864242Z[0m [34mDEBUG[0m [2methereum_transaction_pool_monitor::eth_client[0m[2m:[0m 📡 Transaction fetch RPC completed in 8.236667ms
[2m2025-12-10T10:10:01.936370Z[0m [34mDEBUG[0m [2methereum_transaction_pool_monitor::eth_client[0m[2m:[0m ✅ Transaction 0x70215ab59e0358c1b4baf84f001d0e6d9f3702873728497574bbb9dbbe53c7e3 fetched and parsed in 80.361625ms
[2m2025-12-10T10:10:01.936397Z[0m [34mDEBUG[0m [2methereum_transaction_pool_monitor::mempool_monitor[0m[2m:[0m 🔍 Skipping tx 0x70215ab59e0358c1b4baf84f001d0e6d9f3702873728497574bbb9dbbe53c7e3 - not a DEX interaction (target: 0x3A2e065D15eF9af31a51CE8B7Eda5bf09A9E67b6)
[2m2025-12-10T10:10:01.936410Z[0m [34mDEBUG[0m [2methereum_transaction_pool_monitor::mempool_monitor[0m[2m:[0m 📨 Processing new pending transaction: 0x7558ee445327727d1a016f47ddfedbd379ba282cc9f130ab1c006b8ac6e1d80d
[2m2025-12-10T10:10:01.936418Z[0m [34mDEBUG[0m [2methereum_transaction_pool_monitor::mempool_monitor[0m[2m:[0m 🔍 Fetching transaction details for: 0x7558ee445327727d1a016f47ddfedbd379ba282cc9f130ab1c006b8ac6e1d80d
[2m2025-12-10T10:10:01.936425Z[0m [34mDEBUG[0m [2methereum_transaction_pool_monitor::eth_client[0m[2m:[0m 🔍 Fetching transaction details for hash: 0x7558ee445327727d1a016f47ddfedbd379ba282cc9f130ab1c006b8ac6e1d80d
[2m2025-12-10T10:10:01.936444Z[0m [34mDEBUG[0m [2mhyper::client::pool[0m[2m:[0m reuse idle connection for ("http", 192.168.0.14:8545)
[2m2025-12-10T10:10:01.936478Z[0m [34mDEBUG[0m [2mhyper::proto::h1::io[0m[2m:[0m flushed 250 bytes
[2m2025-12-10T10:10:01.936500Z[0m [34mDEBUG[0m [2methereum_transaction_pool_monitor::eth_client[0m[2m:[0m 📨 Received WebSocket message: {"jsonrpc":"2.0","method":"eth_subscription","params":{"subscription":"0xbed0a0851463e895960a451075a301a9","result":"0x0fd0e4fc3ea14d71da11ae4aaac48af36c58869fa851e079d184850f92fbf305"}}
[2m2025-12-10T10:10:01.936507Z[0m [34mDEBUG[0m [2methereum_transaction_pool_monitor::eth_client[0m[2m:[0m 📨 Received pending transaction: 0x0fd0e4fc3ea14d71da11ae4aaac48af36c58869fa851e079d184850f92fbf305
[2m2025-12-10T10:10:01.936513Z[0m [34mDEBUG[0m [2methereum_transaction_pool_monitor::eth_client[0m[2m:[0m 📨 Received WebSocket message: {"jsonrpc":"2.0","method":"eth_subscription","params":{"subscription":"0xbed0a0851463e895960a451075a301a9","result":"0x1fd02ba6411c01ea9a005b490c15068a95564b8a2e17f6711ebf89384f05e91b"}}
[2m2025-12-10T10:10:01.936519Z[0m [34mDEBUG[0m [2methereum_transaction_pool_monitor::eth_client[0m[2m:[0m 📨 Received pending transaction: 0x1fd02ba6411c01ea9a005b490c15068a95564b8a2e17f6711ebf89384f05e91b
[2m2025-12-10T10:10:01.936534Z[0m [34mDEBUG[0m [2mhyper::proto::h1::io[0m[2m:[0m parsed 4 headers
[2m2025-12-10T10:10:01.936539Z[0m [34mDEBUG[0m [2mhyper::proto::h1::conn[0m[2m:[0m incoming body is content-length (45 bytes)
[2m2025-12-10T10:10:01.936544Z[0m [34mDEBUG[0m [2mhyper::proto::h1::conn[0m[2m:[0m incoming body completed
[2m2025-12-10T10:10:01.936552Z[0m [34mDEBUG[0m [2mhyper::client::pool[0m[2m:[0m pooling idle connection for ("http", 192.168.0.14:8545)
[2m2025-12-10T10:10:01.936565Z[0m [34mDEBUG[0m [2mhyper::client::pool[0m[2m:[0m reuse idle connection for ("http", 192.168.0.14:8545)
[2m2025-12-10T10:10:01.936578Z[0m [34mDEBUG[0m [2mhyper::proto::h1::io[0m[2m:[0m flushed 172 bytes
[2m2025-12-10T10:10:01.943063Z[0m [34mDEBUG[0m [2mhyper::proto::h1::io[0m[2m:[0m parsed 4 headers
[2m2025-12-10T10:10:01.943073Z[0m [34mDEBUG[0m [2mhyper::proto::h1::conn[0m[2m:[0m incoming body is content-length (552 bytes)
[2m2025-12-10T10:10:01.943080Z[0m [34mDEBUG[0m [2mhyper::proto::h1::conn[0m[2m:[0m incoming body completed
[2m2025-12-10T10:10:01.943088Z[0m [34mDEBUG[0m [2mhyper::client::pool[0m[2m:[0m pooling idle connection for ("http", 192.168.0.14:8545)
[2m2025-12-10T10:10:01.943094Z[0m [34mDEBUG[0m [2methereum_transaction_pool_monitor::eth_client[0m[2m:[0m 📡 Transaction fetch RPC completed in 6.663625ms
[2m2025-12-10T10:10:02.018485Z[0m [34mDEBUG[0m [2methereum_transaction_pool_monitor::eth_client[0m[2m:[0m ✅ Transaction 0x7558ee445327727d1a016f47ddfedbd379ba282cc9f130ab1c006b8ac6e1d80d fetched and parsed in 82.051125ms
[2m2025-12-10T10:10:02.018507Z[0m [34mDEBUG[0m [2methereum_transaction_pool_monitor::mempool_monitor[0m[2m:[0m 🔍 Skipping tx 0x7558ee445327727d1a016f47ddfedbd379ba282cc9f130ab1c006b8ac6e1d80d - not a DEX interaction (target: 0x7AB6c736baf1DAc266aAb43884d82974a9ADCcCF)
[2m2025-12-10T10:10:02.018518Z[0m [34mDEBUG[0m [2methereum_transaction_pool_monitor::mempool_monitor[0m[2m:[0m 📨 Processing new pending transaction: 0xaacfceba353975de2c84f4751bf352194f44571c253a77c0590397d55a4ae241
[2m2025-12-10T10:10:02.018524Z[0m [34mDEBUG[0m [2methereum_transaction_pool_monitor::mempool_monitor[0m[2m:[0m 🔍 Fetching transaction details for: 0xaacfceba353975de2c84f4751bf352194f44571c253a77c0590397d55a4ae241
[2m2025-12-10T10:10:02.018528Z[0m [34mDEBUG[0m [2methereum_transaction_pool_monitor::eth_client[0m[2m:[0m 🔍 Fetching transaction details for hash: 0xaacfceba353975de2c84f4751bf352194f44571c253a77c0590397d55a4ae241
[2m2025-12-10T10:10:02.018548Z[0m [34mDEBUG[0m [2mhyper::client::pool[0m[2m:[0m reuse idle connection for ("http", 192.168.0.14:8545)
[2m2025-12-10T10:10:02.018587Z[0m [34mDEBUG[0m [2mhyper::proto::h1::io[0m[2m:[0m flushed 250 bytes
[2m2025-12-10T10:10:02.018610Z[0m [34mDEBUG[0m [2methereum_transaction_pool_monitor::eth_client[0m[2m:[0m 📨 Received WebSocket message: {"jsonrpc":"2.0","method":"eth_subscription","params":{"subscription":"0xbed0a0851463e895960a451075a301a9","result":"0x6d61ba4654f7f279159bd9d97dda473b8c1d89d5807a87c7d183eb3da046af7d"}}
[2m2025-12-10T10:10:02.018612Z[0m [34mDEBUG[0m [2mhyper::proto::h1::io[0m[2m:[0m parsed 4 headers
[2m2025-12-10T10:10:02.018617Z[0m [34mDEBUG[0m [2methereum_transaction_pool_monitor::eth_client[0m[2m:[0m 📨 Received pending transaction: 0x6d61ba4654f7f279159bd9d97dda473b8c1d89d5807a87c7d183eb3da046af7d
[2m2025-12-10T10:10:02.018621Z[0m [34mDEBUG[0m [2mhyper::proto::h1::conn[0m[2m:[0m incoming body is content-length (45 bytes)
[2m2025-12-10T10:10:02.018630Z[0m [34mDEBUG[0m [2mhyper::proto::h1::conn[0m[2m:[0m incoming body completed
[2m2025-12-10T10:10:02.018638Z[0m [34mDEBUG[0m [2mhyper::client::pool[0m[2m:[0m pooling idle connection for ("http", 192.168.0.14:8545)
[2m2025-12-10T10:10:02.018654Z[0m [34mDEBUG[0m [2mhyper::client::pool[0m[2m:[0m reuse idle connection for ("http", 192.168.0.14:8545)
[2m2025-12-10T10:10:02.018671Z[0m [34mDEBUG[0m [2mhyper::proto::h1::io[0m[2m:[0m flushed 172 bytes
[2m2025-12-10T10:10:02.024068Z[0m [34mDEBUG[0m [2mhyper::proto::h1::io[0m[2m:[0m parsed 4 headers
[2m2025-12-10T10:10:02.024081Z[0m [34mDEBUG[0m [2mhyper::proto::h1::conn[0m[2m:[0m incoming body is content-length (830 bytes)
[2m2025-12-10T10:10:02.024087Z[0m [34mDEBUG[0m [2mhyper::proto::h1::conn[0m[2m:[0m incoming body completed
[2m2025-12-10T10:10:02.024094Z[0m [34mDEBUG[0m [2mhyper::client::pool[0m[2m:[0m pooling idle connection for ("http", 192.168.0.14:8545)
[2m2025-12-10T10:10:02.024100Z[0m [34mDEBUG[0m [2methereum_transaction_pool_monitor::eth_client[0m[2m:[0m 📡 Transaction fetch RPC completed in 5.568125ms
[2m2025-12-10T10:10:02.142593Z[0m [34mDEBUG[0m [2methereum_transaction_pool_monitor::eth_client[0m[2m:[0m ✅ Transaction 0xaacfceba353975de2c84f4751bf352194f44571c253a77c0590397d55a4ae241 fetched and parsed in 124.057458ms
[2m2025-12-10T10:10:02.142617Z[0m [34mDEBUG[0m [2methereum_transaction_pool_monitor::mempool_monitor[0m[2m:[0m 🔍 Skipping tx 0xaacfceba353975de2c84f4751bf352194f44571c253a77c0590397d55a4ae241 - not a DEX interaction (target: 0x3B4D794a66304F130a4Db8F2551B0070dfCf5ca7)
[2m2025-12-10T10:10:02.142630Z[0m [34mDEBUG[0m [2methereum_transaction_pool_monitor::mempool_monitor[0m[2m:[0m 📨 Processing new pending transaction: 0xad97e52cbcf41b1c2a26857d37af138f8cb917599e9cef3be22070cfa99238e4
[2m2025-12-10T10:10:02.142635Z[0m [34mDEBUG[0m [2methereum_transaction_pool_monitor::mempool_monitor[0m[2m:[0m 🔍 Fetching transaction details for: 0xad97e52cbcf41b1c2a26857d37af138f8cb917599e9cef3be22070cfa99238e4
[2m2025-12-10T10:10:02.142639Z[0m [34mDEBUG[0m [2methereum_transaction_pool_monitor::eth_client[0m[2m:[0m 🔍 Fetching transaction details for hash: 0xad97e52cbcf41b1c2a26857d37af138f8cb917599e9cef3be22070cfa99238e4
[2m2025-12-10T10:10:02.142656Z[0m [34mDEBUG[0m [2mhyper::client::pool[0m[2m:[0m reuse idle connection for ("http", 192.168.0.14:8545)
[2m2025-12-10T10:10:02.142699Z[0m [34mDEBUG[0m [2mhyper::proto::h1::io[0m[2m:[0m flushed 250 bytes
[2m2025-12-10T10:10:02.142721Z[0m [34mDEBUG[0m [2methereum_transaction_pool_monitor::eth_client[0m[2m:[0m 📨 Received WebSocket message: {"jsonrpc":"2.0","method":"eth_subscription","params":{"subscription":"0xbed0a0851463e895960a451075a301a9","result":"0x96632a07fdb8d99f21e3084ad2dbc4f6c3e1776bd52506aee595590fff8076e3"}}
[2m2025-12-10T10:10:02.142728Z[0m [34mDEBUG[0m [2methereum_transaction_pool_monitor::eth_client[0m[2m:[0m 📨 Received pending transaction: 0x96632a07fdb8d99f21e3084ad2dbc4f6c3e1776bd52506aee595590fff8076e3
[2m2025-12-10T10:10:02.142734Z[0m [34mDEBUG[0m [2methereum_transaction_pool_monitor::eth_client[0m[2m:[0m 📨 Received WebSocket message: {"jsonrpc":"2.0","method":"eth_subscription","params":{"subscription":"0xbed0a0851463e895960a451075a301a9","result":"0x87f14b83c0ffe32f4c9e9b14334125477939c79539b885532361db00c3908e58"}}
[2m2025-12-10T10:10:02.142739Z[0m [34mDEBUG[0m [2methereum_transaction_pool_monitor::eth_client[0m[2m:[0m 📨 Received pending transaction: 0x87f14b83c0ffe32f4c9e9b14334125477939c79539b885532361db00c3908e58
[2m2025-12-10T10:10:02.142744Z[0m [34mDEBUG[0m [2methereum_transaction_pool_monitor::eth_client[0m[2m:[0m 📨 Received WebSocket message: {"jsonrpc":"2.0","method":"eth_subscription","params":{"subscription":"0xbed0a0851463e895960a451075a301a9","result":"0xf29984d202f98736812976a4262a9c5203dea31cb4f68ed453ceda474c756ca3"}}
[2m2025-12-10T10:10:02.142749Z[0m [34mDEBUG[0m [2methereum_transaction_pool_monitor::eth_client[0m[2m:[0m 📨 Received pending transaction: 0xf29984d202f98736812976a4262a9c5203dea31cb4f68ed453ceda474c756ca3
[2m2025-12-10T10:10:02.142755Z[0m [34mDEBUG[0m [2methereum_transaction_pool_monitor::eth_client[0m[2m:[0m 📨 Received WebSocket message: {"jsonrpc":"2.0","method":"eth_subscription","params":{"subscription":"0xbed0a0851463e895960a451075a301a9","result":"0x1a4ac9bc14a5f468fb02925ddbd73eed8badfae41e9b2aa87ebac29ee08d2bc2"}}
[2m2025-12-10T10:10:02.142763Z[0m [34mDEBUG[0m [2methereum_transaction_pool_monitor::eth_client[0m[2m:[0m 📨 Received pending transaction: 0x1a4ac9bc14a5f468fb02925ddbd73eed8badfae41e9b2aa87ebac29ee08d2bc2
[2m2025-12-10T10:10:02.142767Z[0m [34mDEBUG[0m [2methereum_transaction_pool_monitor::eth_client[0m[2m:[0m 📨 Received WebSocket message: {"jsonrpc":"2.0","method":"eth_subscription","params":{"subscription":"0xbed0a0851463e895960a451075a301a9","result":"0x8c7e9fd1dfaa65119e2ee9f2577ede295444d0bdd44d6511157d6456c1fb726f"}}
[2m2025-12-10T10:10:02.142773Z[0m [34mDEBUG[0m [2methereum_transaction_pool_monitor::eth_client[0m[2m:[0m 📨 Received pending transaction: 0x8c7e9fd1dfaa65119e2ee9f2577ede295444d0bdd44d6511157d6456c1fb726f
[2m2025-12-10T10:10:02.142777Z[0m [34mDEBUG[0m [2mhyper::proto::h1::io[0m[2m:[0m parsed 4 headers
[2m2025-12-10T10:10:02.142816Z[0m [34mDEBUG[0m [2mhyper::proto::h1::conn[0m[2m:[0m incoming body is content-length (45 bytes)
[2m2025-12-10T10:10:02.142825Z[0m [34mDEBUG[0m [2mhyper::proto::h1::conn[0m[2m:[0m incoming body completed
[2m2025-12-10T10:10:02.142833Z[0m [34mDEBUG[0m [2mhyper::client::pool[0m[2m:[0m pooling idle connection for ("http", 192.168.0.14:8545)
[2m2025-12-10T10:10:02.142848Z[0m [34mDEBUG[0m [2mhyper::client::pool[0m[2m:[0m reuse idle connection for ("http", 192.168.0.14:8545)
[2m2025-12-10T10:10:02.142862Z[0m [34mDEBUG[0m [2mhyper::proto::h1::io[0m[2m:[0m flushed 172 bytes
[2m2025-12-10T10:10:02.148788Z[0m [34mDEBUG[0m [2mhyper::proto::h1::io[0m[2m:[0m parsed 4 headers
[2m2025-12-10T10:10:02.152271Z[0m [34mDEBUG[0m [2mhyper::proto::h1::conn[0m[2m:[0m incoming body is content-length (646 bytes)
[2m2025-12-10T10:10:02.152281Z[0m [34mDEBUG[0m [2mhyper::proto::h1::conn[0m[2m:[0m incoming body completed
[2m2025-12-10T10:10:02.152293Z[0m [34mDEBUG[0m [2mhyper::client::pool[0m[2m:[0m pooling idle connection for ("http", 192.168.0.14:8545)
[2m2025-12-10T10:10:02.152302Z[0m [34mDEBUG[0m [2methereum_transaction_pool_monitor::eth_client[0m[2m:[0m 📡 Transaction fetch RPC completed in 9.659792ms
[2m2025-12-10T10:10:02.221535Z[0m [34mDEBUG[0m [2methereum_transaction_pool_monitor::eth_client[0m[2m:[0m ✅ Transaction 0xad97e52cbcf41b1c2a26857d37af138f8cb917599e9cef3be22070cfa99238e4 fetched and parsed in 78.889125ms
[2m2025-12-10T10:10:02.221564Z[0m [34mDEBUG[0m [2methereum_transaction_pool_monitor::mempool_monitor[0m[2m:[0m 🔍 Skipping tx 0xad97e52cbcf41b1c2a26857d37af138f8cb917599e9cef3be22070cfa99238e4 - not a DEX interaction (target: 0x96D0471a061593e20f0ebc8c5b8b2d056862aeFF)
[2m2025-12-10T10:10:02.221572Z[0m [34mDEBUG[0m [2methereum_transaction_pool_monitor::mempool_monitor[0m[2m:[0m 📨 Processing new pending transaction: 0x9e4d1a938eb00479acb4954b5a63527353997d63c40921929a041399a09ccf88
[2m2025-12-10T10:10:02.221577Z[0m [34mDEBUG[0m [2methereum_transaction_pool_monitor::mempool_monitor[0m[2m:[0m 🔍 Fetching transaction details for: 0x9e4d1a938eb00479acb4954b5a63527353997d63c40921929a041399a09ccf88
[2m2025-12-10T10:10:02.221581Z[0m [34mDEBUG[0m [2methereum_transaction_pool_monitor::eth_client[0m[2m:[0m 🔍 Fetching transaction details for hash: 0x9e4d1a938eb00479acb4954b5a63527353997d63c40921929a041399a09ccf88
[2m2025-12-10T10:10:02.221598Z[0m [34mDEBUG[0m [2mhyper::client::pool[0m[2m:[0m reuse idle connection for ("http", 192.168.0.14:8545)
[2m2025-12-10T10:10:02.221654Z[0m [34mDEBUG[0m [2mhyper::proto::h1::io[0m[2m:[0m flushed 250 bytes
[2m2025-12-10T10:10:02.221671Z[0m [34mDEBUG[0m [2mhyper::proto::h1::io[0m[2m:[0m parsed 4 headers
[2m2025-12-10T10:10:02.221676Z[0m [34mDEBUG[0m [2mhyper::proto::h1::conn[0m[2m:[0m incoming body is content-length (45 bytes)
[2m2025-12-10T10:10:02.221683Z[0m [34mDEBUG[0m [2mhyper::proto::h1::conn[0m[2m:[0m incoming body completed
[2m2025-12-10T10:10:02.221690Z[0m [34mDEBUG[0m [2mhyper::client::pool[0m[2m:[0m pooling idle connection for ("http", 192.168.0.14:8545)
[2m2025-12-10T10:10:02.221705Z[0m [34mDEBUG[0m [2mhyper::client::pool[0m[2m:[0m reuse idle connection for ("http", 192.168.0.14:8545)
[2m2025-12-10T10:10:02.221722Z[0m [34mDEBUG[0m [2mhyper::proto::h1::io[0m[2m:[0m flushed 172 bytes
[2m2025-12-10T10:10:02.226199Z[0m [34mDEBUG[0m [2mhyper::proto::h1::io[0m[2m:[0m parsed 4 headers
[2m2025-12-10T10:10:02.226219Z[0m [34mDEBUG[0m [2mhyper::proto::h1::conn[0m[2m:[0m incoming body is content-length (768 bytes)
[2m2025-12-10T10:10:02.226231Z[0m [34mDEBUG[0m [2mhyper::proto::h1::conn[0m[2m:[0m incoming body completed
[2m2025-12-10T10:10:02.226246Z[0m [34mDEBUG[0m [2mhyper::client::pool[0m[2m:[0m pooling idle connection for ("http", 192.168.0.14:8545)
[2m2025-12-10T10:10:02.226252Z[0m [34mDEBUG[0m [2methereum_transaction_pool_monitor::eth_client[0m[2m:[0m 📡 Transaction fetch RPC completed in 4.66775ms
[2m2025-12-10T10:10:02.226269Z[0m [34mDEBUG[0m [2methereum_transaction_pool_monitor::eth_client[0m[2m:[0m DeFi transaction detected - Address: 0xdac17f958d2ee523a2206206994597c13d831ec7, Type: Stablecoin, Value: 0 ETH, Gas: 0.19 Gwei
[2m2025-12-10T10:10:02.226281Z[0m [34mDEBUG[0m [2methereum_transaction_pool_monitor::eth_client[0m[2m:[0m ✅ Transaction 0x9e4d1a938eb00479acb4954b5a63527353997d63c40921929a041399a09ccf88 fetched and parsed in 4.696291ms
[2m2025-12-10T10:10:02.226287Z[0m [34mDEBUG[0m [2methereum_transaction_pool_monitor::mempool_monitor[0m[2m:[0m 🔍 Skipping tx 0x9e4d1a938eb00479acb4954b5a63527353997d63c40921929a041399a09ccf88 - not a DEX interaction (target: 0xdAC17F958D2ee523a2206206994597C13D831ec7)
[2m2025-12-10T10:10:02.226293Z[0m [34mDEBUG[0m [2methereum_transaction_pool_monitor::mempool_monitor[0m[2m:[0m 📨 Processing new pending transaction: 0x18a1e810a4b591f4efaf4616952d0fbfc9ee8c430e06ef637633eabcd4a8ec01
[2m2025-12-10T10:10:02.226297Z[0m [34mDEBUG[0m [2methereum_transaction_pool_monitor::mempool_monitor[0m[2m:[0m 🔍 Fetching transaction details for: 0x18a1e810a4b591f4efaf4616952d0fbfc9ee8c430e06ef637633eabcd4a8ec01
[2m2025-12-10T10:10:02.226300Z[0m [34mDEBUG[0m [2methereum_transaction_pool_monitor::eth_client[0m[2m:[0m 🔍 Fetching transaction details for hash: 0x18a1e810a4b591f4efaf4616952d0fbfc9ee8c430e06ef637633eabcd4a8ec01
[2m2025-12-10T10:10:02.226313Z[0m [34mDEBUG[0m [2mhyper::client::pool[0m[2m:[0m reuse idle connection for ("http", 192.168.0.14:8545)
[2m2025-12-10T10:10:02.226336Z[0m [34mDEBUG[0m [2mhyper::proto::h1::io[0m[2m:[0m flushed 250 bytes
[2m2025-12-10T10:10:02.227016Z[0m [34mDEBUG[0m [2mhyper::proto::h1::io[0m[2m:[0m parsed 4 headers
[2m2025-12-10T10:10:02.227024Z[0m [34mDEBUG[0m [2mhyper::proto::h1::conn[0m[2m:[0m incoming body is content-length (45 bytes)
[2m2025-12-10T10:10:02.227030Z[0m [34mDEBUG[0m [2mhyper::proto::h1::conn[0m[2m:[0m incoming body completed
[2m2025-12-10T10:10:02.227036Z[0m [34mDEBUG[0m [2mhyper::client::pool[0m[2m:[0m pooling idle connection for ("http", 192.168.0.14:8545)
[2m2025-12-10T10:10:02.232402Z[0m [34mDEBUG[0m [2mhyper::proto::h1::io[0m[2m:[0m parsed 4 headers
[2m2025-12-10T10:10:02.232419Z[0m [34mDEBUG[0m [2mhyper::proto::h1::conn[0m[2m:[0m incoming body is content-length (646 bytes)
[2m2025-12-10T10:10:02.232426Z[0m [34mDEBUG[0m [2mhyper::proto::h1::conn[0m[2m:[0m incoming body completed
[2m2025-12-10T10:10:02.232434Z[0m [34mDEBUG[0m [2mhyper::client::pool[0m[2m:[0m pooling idle connection for ("http", 192.168.0.14:8545)
[2m2025-12-10T10:10:02.232440Z[0m [34mDEBUG[0m [2methereum_transaction_pool_monitor::eth_client[0m[2m:[0m 📡 Transaction fetch RPC completed in 6.136708ms
[2m2025-12-10T10:10:02.484544Z[0m [34mDEBUG[0m [2methereum_transaction_pool_monitor::eth_client[0m[2m:[0m ✅ Transaction 0x18a1e810a4b591f4efaf4616952d0fbfc9ee8c430e06ef637633eabcd4a8ec01 fetched and parsed in 258.235875ms
[2m2025-12-10T10:10:02.484741Z[0m [34mDEBUG[0m [2methereum_transaction_pool_monitor::mempool_monitor[0m[2m:[0m 🔍 Skipping tx 0x18a1e810a4b591f4efaf4616952d0fbfc9ee8c430e06ef637633eabcd4a8ec01 - not a DEX interaction (target: 0xf52605c7b778563a5a9144EF4Dc53B57463ca2c7)
[2m2025-12-10T10:10:02.484752Z[0m [34mDEBUG[0m [2methereum_transaction_pool_monitor::mempool_monitor[0m[2m:[0m 📨 Processing new pending transaction: 0xb7a43bef5bbf9c849189dee4bef97d24052eb191dc1666c58d1401d8840a24e7
[2m2025-12-10T10:10:02.484757Z[0m [34mDEBUG[0m [2methereum_transaction_pool_monitor::mempool_monitor[0m[2m:[0m 🔍 Fetching transaction details for: 0xb7a43bef5bbf9c849189dee4bef97d24052eb191dc1666c58d1401d8840a24e7
[2m2025-12-10T10:10:02.484762Z[0m [34mDEBUG[0m [2methereum_transaction_pool_monitor::eth_client[0m[2m:[0m 🔍 Fetching transaction details for hash: 0xb7a43bef5bbf9c849189dee4bef97d24052eb191dc1666c58d1401d8840a24e7
[2m2025-12-10T10:10:02.484784Z[0m [34mDEBUG[0m [2mhyper::client::pool[0m[2m:[0m reuse idle connection for ("http", 192.168.0.14:8545)
[2m2025-12-10T10:10:02.484830Z[0m [34mDEBUG[0m [2mhyper::proto::h1::io[0m[2m:[0m flushed 250 bytes
[2m2025-12-10T10:10:02.484852Z[0m [34mDEBUG[0m [2mhyper::client::pool[0m[2m:[0m reuse idle connection for ("http", 192.168.0.14:8545)
[2m2025-12-10T10:10:02.484859Z[0m [34mDEBUG[0m [2methereum_transaction_pool_monitor::eth_client[0m[2m:[0m 📨 Received WebSocket message: {"jsonrpc":"2.0","method":"eth_subscription","params":{"subscription":"0xbed0a0851463e895960a451075a301a9","result":"0x584b9f0e7e90ca70f5a99b5509456bedfa789665f744a84dd2d58127dd906f2a"}}
[2m2025-12-10T10:10:02.484867Z[0m [34mDEBUG[0m [2mhyper::proto::h1::io[0m[2m:[0m flushed 172 bytes
[2m2025-12-10T10:10:02.484871Z[0m [34mDEBUG[0m [2methereum_transaction_pool_monitor::eth_client[0m[2m:[0m 📨 Received pending transaction: 0x584b9f0e7e90ca70f5a99b5509456bedfa789665f744a84dd2d58127dd906f2a
[2m2025-12-10T10:10:02.484878Z[0m [34mDEBUG[0m [2methereum_transaction_pool_monitor::eth_client[0m[2m:[0m 📨 Received WebSocket message: {"jsonrpc":"2.0","method":"eth_subscription","params":{"subscription":"0xbed0a0851463e895960a451075a301a9","result":"0x198a6a54fc55d1826ef71f5ed99b2414da445b9d49574e0a22dd6095c84165e6"}}
[2m2025-12-10T10:10:02.484884Z[0m [34mDEBUG[0m [2methereum_transaction_pool_monitor::eth_client[0m[2m:[0m 📨 Received pending transaction: 0x198a6a54fc55d1826ef71f5ed99b2414da445b9d49574e0a22dd6095c84165e6
[2m2025-12-10T10:10:02.484889Z[0m [34mDEBUG[0m [2methereum_transaction_pool_monitor::eth_client[0m[2m:[0m 📨 Received WebSocket message: {"jsonrpc":"2.0","method":"eth_subscription","params":{"subscription":"0xbed0a0851463e895960a451075a301a9","result":"0xff0c71dc76ade5a32ade30be64eeee9d626372c00cacf21d440c0de58c9cd3dc"}}
[2m2025-12-10T10:10:02.484895Z[0m [34mDEBUG[0m [2methereum_transaction_pool_monitor::eth_client[0m[2m:[0m 📨 Received pending transaction: 0xff0c71dc76ade5a32ade30be64eeee9d626372c00cacf21d440c0de58c9cd3dc
[2m2025-12-10T10:10:02.484900Z[0m [34mDEBUG[0m [2methereum_transaction_pool_monitor::eth_client[0m[2m:[0m 📨 Received WebSocket message: {"jsonrpc":"2.0","method":"eth_subscription","params":{"subscription":"0xbed0a0851463e895960a451075a301a9","result":"0xcd8b9a55cf1af837938f5882bfb53c4a0fb6e3c381248e3719494d9c3d65c5e8"}}
[2m2025-12-10T10:10:02.484905Z[0m [34mDEBUG[0m [2methereum_transaction_pool_monitor::eth_client[0m[2m:[0m 📨 Received pending transaction: 0xcd8b9a55cf1af837938f5882bfb53c4a0fb6e3c381248e3719494d9c3d65c5e8
[2m2025-12-10T10:10:02.484910Z[0m [34mDEBUG[0m [2methereum_transaction_pool_monitor::eth_client[0m[2m:[0m 📨 Received WebSocket message: {"jsonrpc":"2.0","method":"eth_subscription","params":{"subscription":"0xbed0a0851463e895960a451075a301a9","result":"0xffbfbe7f4a70b58b361c9503662b082ca54ac1dd0c60e24e7c6f388101b6ed45"}}
[2m2025-12-10T10:10:02.484915Z[0m [34mDEBUG[0m [2methereum_transaction_pool_monitor::eth_client[0m[2m:[0m 📨 Received pending transaction: 0xffbfbe7f4a70b58b361c9503662b082ca54ac1dd0c60e24e7c6f388101b6ed45
[2m2025-12-10T10:10:02.484920Z[0m [34mDEBUG[0m [2methereum_transaction_pool_monitor::eth_client[0m[2m:[0m 📨 Received WebSocket message: {"jsonrpc":"2.0","method":"eth_subscription","params":{"subscription":"0xbed0a0851463e895960a451075a301a9","result":"0x95be9f7c1d49928bd93943deaaaf0c0a96465fb2baf56689445b57addac0357a"}}
[2m2025-12-10T10:10:02.484925Z[0m [34mDEBUG[0m [2methereum_transaction_pool_monitor::eth_client[0m[2m:[0m 📨 Received pending transaction: 0x95be9f7c1d49928bd93943deaaaf0c0a96465fb2baf56689445b57addac0357a
[2m2025-12-10T10:10:02.484930Z[0m [34mDEBUG[0m [2methereum_transaction_pool_monitor::eth_client[0m[2m:[0m 📨 Received WebSocket message: {"jsonrpc":"2.0","method":"eth_subscription","params":{"subscription":"0xbed0a0851463e895960a451075a301a9","result":"0x9e2a040d986aaefb0c48d3384042774e5f8f57292dc4438dc823dc92dac19f7f"}}
[2m2025-12-10T10:10:02.484936Z[0m [34mDEBUG[0m [2methereum_transaction_pool_monitor::eth_client[0m[2m:[0m 📨 Received pending transaction: 0x9e2a040d986aaefb0c48d3384042774e5f8f57292dc4438dc823dc92dac19f7f
[2m2025-12-10T10:10:02.484941Z[0m [34mDEBUG[0m [2methereum_transaction_pool_monitor::eth_client[0m[2m:[0m 📨 Received WebSocket message: {"jsonrpc":"2.0","method":"eth_subscription","params":{"subscription":"0xbed0a0851463e895960a451075a301a9","result":"0xb2ebbfbe0fabc845440dcfd9742230097d4797c1bfae1c1c3d15ff7d6b6ee658"}}
[2m2025-12-10T10:10:02.484946Z[0m [34mDEBUG[0m [2methereum_transaction_pool_monitor::eth_client[0m[2m:[0m 📨 Received pending transaction: 0xb2ebbfbe0fabc845440dcfd9742230097d4797c1bfae1c1c3d15ff7d6b6ee658
[2m2025-12-10T10:10:02.484951Z[0m [34mDEBUG[0m [2methereum_transaction_pool_monitor::eth_client[0m[2m:[0m 📨 Received WebSocket message: {"jsonrpc":"2.0","method":"eth_subscription","params":{"subscription":"0xbed0a0851463e895960a451075a301a9","result":"0x45c8393ec7abedc43bc353f7dee881226f7094ec2ac885cb91a7d722e76e16c0"}}
[2m2025-12-10T10:10:02.484956Z[0m [34mDEBUG[0m [2methereum_transaction_pool_monitor::eth_client[0m[2m:[0m 📨 Received pending transaction: 0x45c8393ec7abedc43bc353f7dee881226f7094ec2ac885cb91a7d722e76e16c0
[2m2025-12-10T10:10:02.489209Z[0m [34mDEBUG[0m [2mhyper::proto::h1::io[0m[2m:[0m parsed 4 headers
[2m2025-12-10T10:10:02.489236Z[0m [34mDEBUG[0m [2mhyper::proto::h1::conn[0m[2m:[0m incoming body is content-length (45 bytes)
[2m2025-12-10T10:10:02.489262Z[0m [34mDEBUG[0m [2mhyper::proto::h1::conn[0m[2m:[0m incoming body completed
[2m2025-12-10T10:10:02.489271Z[0m [34mDEBUG[0m [2mhyper::client::pool[0m[2m:[0m pooling idle connection for ("http", 192.168.0.14:8545)
[2m2025-12-10T10:10:02.489287Z[0m [34mDEBUG[0m [2mhyper::client::pool[0m[2m:[0m reuse idle connection for ("http", 192.168.0.14:8545)
[2m2025-12-10T10:10:02.489303Z[0m [34mDEBUG[0m [2mhyper::proto::h1::io[0m[2m:[0m flushed 172 bytes
[2m2025-12-10T10:10:02.493638Z[0m [34mDEBUG[0m [2mhyper::proto::h1::io[0m[2m:[0m parsed 4 headers
[2m2025-12-10T10:10:02.493644Z[0m [34mDEBUG[0m [2mhyper::proto::h1::conn[0m[2m:[0m incoming body is content-length (674 bytes)
[2m2025-12-10T10:10:02.493650Z[0m [34mDEBUG[0m [2mhyper::proto::h1::conn[0m[2m:[0m incoming body completed
[2m2025-12-10T10:10:02.493658Z[0m [34mDEBUG[0m [2mhyper::client::pool[0m[2m:[0m pooling idle connection for ("http", 192.168.0.14:8545)
[2m2025-12-10T10:10:02.493666Z[0m [34mDEBUG[0m [2methereum_transaction_pool_monitor::eth_client[0m[2m:[0m 📡 Transaction fetch RPC completed in 8.897584ms
[2m2025-12-10T10:10:02.493683Z[0m [34mDEBUG[0m [2methereum_transaction_pool_monitor::eth_client[0m[2m:[0m DeFi transaction detected - Address: 0xdac17f958d2ee523a2206206994597c13d831ec7, Type: Stablecoin, Value: 0 ETH, Gas: 0.18 Gwei
[2m2025-12-10T10:10:02.493697Z[0m [34mDEBUG[0m [2methereum_transaction_pool_monitor::eth_client[0m[2m:[0m ✅ Transaction 0xb7a43bef5bbf9c849189dee4bef97d24052eb191dc1666c58d1401d8840a24e7 fetched and parsed in 8.929209ms
[2m2025-12-10T10:10:02.493704Z[0m [34mDEBUG[0m [2methereum_transaction_pool_monitor::mempool_monitor[0m[2m:[0m 🔍 Skipping tx 0xb7a43bef5bbf9c849189dee4bef97d24052eb191dc1666c58d1401d8840a24e7 - not a DEX interaction (target: 0xdAC17F958D2ee523a2206206994597C13D831ec7)
[2m2025-12-10T10:10:02.493711Z[0m [34mDEBUG[0m [2methereum_transaction_pool_monitor::mempool_monitor[0m[2m:[0m 📨 Processing new pending transaction: 0x49f913e01c6e86539af95772f0e84b9dd89fd073126d7578e4b973c01400c11b
[2m2025-12-10T10:10:02.493714Z[0m [34mDEBUG[0m [2methereum_transaction_pool_monitor::mempool_monitor[0m[2m:[0m 🔍 Fetching transaction details for: 0x49f913e01c6e86539af95772f0e84b9dd89fd073126d7578e4b973c01400c11b
[2m2025-12-10T10:10:02.493718Z[0m [34mDEBUG[0m [2methereum_transaction_pool_monitor::eth_client[0m[2m:[0m 🔍 Fetching transaction details for hash: 0x49f913e01c6e86539af95772f0e84b9dd89fd073126d7578e4b973c01400c11b
[2m2025-12-10T10:10:02.493725Z[0m [34mDEBUG[0m [2mhyper::client::pool[0m[2m:[0m reuse idle connection for ("http", 192.168.0.14:8545)
[2m2025-12-10T10:10:02.493742Z[0m [34mDEBUG[0m [2mhyper::proto::h1::io[0m[2m:[0m flushed 250 bytes
[2m2025-12-10T10:10:02.493749Z[0m [34mDEBUG[0m [2mhyper::proto::h1::io[0m[2m:[0m parsed 4 headers
[2m2025-12-10T10:10:02.493752Z[0m [34mDEBUG[0m [2mhyper::proto::h1::conn[0m[2m:[0m incoming body is content-length (45 bytes)
[2m2025-12-10T10:10:02.493756Z[0m [34mDEBUG[0m [2mhyper::proto::h1::conn[0m[2m:[0m incoming body completed
[2m2025-12-10T10:10:02.493760Z[0m [34mDEBUG[0m [2mhyper::client::pool[0m[2m:[0m pooling idle connection for ("http", 192.168.0.14:8545)
[2m2025-12-10T10:10:02.497525Z[0m [34mDEBUG[0m [2mhyper::client::pool[0m[2m:[0m reuse idle connection for ("http", 192.168.0.14:8545)
[2m2025-12-10T10:10:02.497539Z[0m [34mDEBUG[0m [2mhyper::proto::h1::io[0m[2m:[0m flushed 172 bytes
[2m2025-12-10T10:10:02.497610Z[0m [34mDEBUG[0m [2mhyper::proto::h1::io[0m[2m:[0m parsed 4 headers
[2m2025-12-10T10:10:02.497614Z[0m [34mDEBUG[0m [2mhyper::proto::h1::conn[0m[2m:[0m incoming body is content-length (645 bytes)
[2m2025-12-10T10:10:02.497618Z[0m [34mDEBUG[0m [2mhyper::proto::h1::conn[0m[2m:[0m incoming body completed
[2m2025-12-10T10:10:02.497622Z[0m [34mDEBUG[0m [2mhyper::client::pool[0m[2m:[0m pooling idle connection for ("http", 192.168.0.14:8545)
[2m2025-12-10T10:10:02.497626Z[0m [34mDEBUG[0m [2methereum_transaction_pool_monitor::eth_client[0m[2m:[0m 📡 Transaction fetch RPC completed in 3.904625ms
[2m2025-12-10T10:10:02.568483Z[0m [34mDEBUG[0m [2methereum_transaction_pool_monitor::eth_client[0m[2m:[0m ✅ Transaction 0x49f913e01c6e86539af95772f0e84b9dd89fd073126d7578e4b973c01400c11b fetched and parsed in 74.759125ms
[2m2025-12-10T10:10:02.568511Z[0m [34mDEBUG[0m [2methereum_transaction_pool_monitor::mempool_monitor[0m[2m:[0m 🔍 Skipping tx 0x49f913e01c6e86539af95772f0e84b9dd89fd073126d7578e4b973c01400c11b - not a DEX interaction (target: 0x96D0471a061593e20f0ebc8c5b8b2d056862aeFF)
[2m2025-12-10T10:10:02.568523Z[0m [34mDEBUG[0m [2methereum_transaction_pool_monitor::mempool_monitor[0m[2m:[0m 📨 Processing new pending transaction: 0xc0c9ff817782f5b44a166b764e0c96bc4d6414a2560453ea4af02255a7d631d6
[2m2025-12-10T10:10:02.568535Z[0m [34mDEBUG[0m [2methereum_transaction_pool_monitor::mempool_monitor[0m[2m:[0m 🔍 Fetching transaction details for: 0xc0c9ff817782f5b44a166b764e0c96bc4d6414a2560453ea4af02255a7d631d6
[2m2025-12-10T10:10:02.568542Z[0m [34mDEBUG[0m [2methereum_transaction_pool_monitor::eth_client[0m[2m:[0m 🔍 Fetching transaction details for hash: 0xc0c9ff817782f5b44a166b764e0c96bc4d6414a2560453ea4af02255a7d631d6
[2m2025-12-10T10:10:02.568565Z[0m [34mDEBUG[0m [2mhyper::client::pool[0m[2m:[0m reuse idle connection for ("http", 192.168.0.14:8545)
[2m2025-12-10T10:10:02.568603Z[0m [34mDEBUG[0m [2mhyper::proto::h1::io[0m[2m:[0m flushed 250 bytes
[2m2025-12-10T10:10:02.568624Z[0m [34mDEBUG[0m [2mhyper::proto::h1::io[0m[2m:[0m parsed 4 headers
[2m2025-12-10T10:10:02.568629Z[0m [34mDEBUG[0m [2mhyper::proto::h1::conn[0m[2m:[0m incoming body is content-length (45 bytes)
[2m2025-12-10T10:10:02.568630Z[0m [34mDEBUG[0m [2methereum_transaction_pool_monitor::eth_client[0m[2m:[0m 📨 Received WebSocket message: {"jsonrpc":"2.0","method":"eth_subscription","params":{"subscription":"0xbed0a0851463e895960a451075a301a9","result":"0xb5ffaf2ed596806f4011fddeeddd6b95e839d79c708da3700ac060ba8e27c7fe"}}
[2m2025-12-10T10:10:02.568638Z[0m [34mDEBUG[0m [2mhyper::proto::h1::conn[0m[2m:[0m incoming body completed
[2m2025-12-10T10:10:02.568643Z[0m [34mDEBUG[0m [2methereum_transaction_pool_monitor::eth_client[0m[2m:[0m 📨 Received pending transaction: 0xb5ffaf2ed596806f4011fddeeddd6b95e839d79c708da3700ac060ba8e27c7fe
[2m2025-12-10T10:10:02.568647Z[0m [34mDEBUG[0m [2mhyper::client::pool[0m[2m:[0m pooling idle connection for ("http", 192.168.0.14:8545)
[2m2025-12-10T10:10:02.575365Z[0m [34mDEBUG[0m [2mhyper::proto::h1::io[0m[2m:[0m parsed 4 headers
[2m2025-12-10T10:10:02.575371Z[0m [34mDEBUG[0m [2mhyper::proto::h1::conn[0m[2m:[0m incoming body is content-length (647 bytes)
[2m2025-12-10T10:10:02.575377Z[0m [34mDEBUG[0m [2mhyper::proto::h1::conn[0m[2m:[0m incoming body completed
[2m2025-12-10T10:10:02.575383Z[0m [34mDEBUG[0m [2mhyper::client::pool[0m[2m:[0m pooling idle connection for ("http", 192.168.0.14:8545)
[2m2025-12-10T10:10:02.575388Z[0m [34mDEBUG[0m [2methereum_transaction_pool_monitor::eth_client[0m[2m:[0m 📡 Transaction fetch RPC completed in 6.840166ms
[2m2025-12-10T10:10:02.642488Z[0m [34mDEBUG[0m [2methereum_transaction_pool_monitor::eth_client[0m[2m:[0m ✅ Transaction 0xc0c9ff817782f5b44a166b764e0c96bc4d6414a2560453ea4af02255a7d631d6 fetched and parsed in 73.937916ms
[2m2025-12-10T10:10:02.642518Z[0m [34mDEBUG[0m [2methereum_transaction_pool_monitor::mempool_monitor[0m[2m:[0m 🔍 Skipping tx 0xc0c9ff817782f5b44a166b764e0c96bc4d6414a2560453ea4af02255a7d631d6 - not a DEX interaction (target: 0x061Be0Bc209A27588b7E85c0032aC8a0cDfD12A5)
[2m2025-12-10T10:10:02.642531Z[0m [34mDEBUG[0m [2methereum_transaction_pool_monitor::mempool_monitor[0m[2m:[0m 📨 Processing new pending transaction: 0xe55f13d59b821e43a599b7c42b8beefbe7ab75ad828bb74e5f5aec5000eb21e3
[2m2025-12-10T10:10:02.642542Z[0m [34mDEBUG[0m [2methereum_transaction_pool_monitor::mempool_monitor[0m[2m:[0m 🔍 Fetching transaction details for: 0xe55f13d59b821e43a599b7c42b8beefbe7ab75ad828bb74e5f5aec5000eb21e3
[2m2025-12-10T10:10:02.642550Z[0m [34mDEBUG[0m [2methereum_transaction_pool_monitor::eth_client[0m[2m:[0m 🔍 Fetching transaction details for hash: 0xe55f13d59b821e43a599b7c42b8beefbe7ab75ad828bb74e5f5aec5000eb21e3
[2m2025-12-10T10:10:02.642573Z[0m [34mDEBUG[0m [2mhyper::client::pool[0m[2m:[0m reuse idle connection for ("http", 192.168.0.14:8545)
[2m2025-12-10T10:10:02.642621Z[0m [34mDEBUG[0m [2mhyper::proto::h1::io[0m[2m:[0m flushed 250 bytes
[2m2025-12-10T10:10:02.642652Z[0m [34mDEBUG[0m [2mhyper::client::pool[0m[2m:[0m reuse idle connection for ("http", 192.168.0.14:8545)
[2m2025-12-10T10:10:02.642669Z[0m [34mDEBUG[0m [2mhyper::proto::h1::io[0m[2m:[0m flushed 172 bytes
[2m2025-12-10T10:10:02.648745Z[0m [34mDEBUG[0m [2mhyper::proto::h1::io[0m[2m:[0m parsed 4 headers
[2m2025-12-10T10:10:02.648752Z[0m [34mDEBUG[0m [2mhyper::proto::h1::conn[0m[2m:[0m incoming body is content-length (552 bytes)
[2m2025-12-10T10:10:02.648764Z[0m [34mDEBUG[0m [2mhyper::proto::h1::conn[0m[2m:[0m incoming body completed
[2m2025-12-10T10:10:02.648775Z[0m [34mDEBUG[0m [2mhyper::client::pool[0m[2m:[0m pooling idle connection for ("http", 192.168.0.14:8545)
[2m2025-12-10T10:10:02.648782Z[0m [34mDEBUG[0m [2methereum_transaction_pool_monitor::eth_client[0m[2m:[0m 📡 Transaction fetch RPC completed in 6.224667ms
[2m2025-12-10T10:10:02.721134Z[0m [34mDEBUG[0m [2methereum_transaction_pool_monitor::eth_client[0m[2m:[0m ✅ Transaction 0xe55f13d59b821e43a599b7c42b8beefbe7ab75ad828bb74e5f5aec5000eb21e3 fetched and parsed in 78.573792ms
[2m2025-12-10T10:10:02.721158Z[0m [34mDEBUG[0m [2methereum_transaction_pool_monitor::mempool_monitor[0m[2m:[0m 🔍 Skipping tx 0xe55f13d59b821e43a599b7c42b8beefbe7ab75ad828bb74e5f5aec5000eb21e3 - not a DEX interaction (target: 0x07c0A09917A758c3020E447A374665b4F4647572)
[2m2025-12-10T10:10:02.721169Z[0m [34mDEBUG[0m [2methereum_transaction_pool_monitor::mempool_monitor[0m[2m:[0m 📨 Processing new pending transaction: 0x24442d460fe5738b32402eeacbd43292a2ab42d34914a754e18813af4b995613
[2m2025-12-10T10:10:02.721178Z[0m [34mDEBUG[0m [2methereum_transaction_pool_monitor::mempool_monitor[0m[2m:[0m 🔍 Fetching transaction details for: 0x24442d460fe5738b32402eeacbd43292a2ab42d34914a754e18813af4b995613
[2m2025-12-10T10:10:02.721185Z[0m [34mDEBUG[0m [2methereum_transaction_pool_monitor::eth_client[0m[2m:[0m 🔍 Fetching transaction details for hash: 0x24442d460fe5738b32402eeacbd43292a2ab42d34914a754e18813af4b995613
[2m2025-12-10T10:10:02.721206Z[0m [34mDEBUG[0m [2mhyper::client::pool[0m[2m:[0m reuse idle connection for ("http", 192.168.0.14:8545)
[2m2025-12-10T10:10:02.721255Z[0m [34mDEBUG[0m [2mhyper::proto::h1::io[0m[2m:[0m flushed 250 bytes
[2m2025-12-10T10:10:02.721275Z[0m [34mDEBUG[0m [2methereum_transaction_pool_monitor::eth_client[0m[2m:[0m 📨 Received WebSocket message: {"jsonrpc":"2.0","method":"eth_subscription","params":{"subscription":"0xbed0a0851463e895960a451075a301a9","result":"0x8c23965b5a935fd945d7eaf8c4e1c6a540d8998c60c1c39db0d2647a46e0f4e2"}}
[2m2025-12-10T10:10:02.721283Z[0m [34mDEBUG[0m [2methereum_transaction_pool_monitor::eth_client[0m[2m:[0m 📨 Received pending transaction: 0x8c23965b5a935fd945d7eaf8c4e1c6a540d8998c60c1c39db0d2647a46e0f4e2
[2m2025-12-10T10:10:02.721283Z[0m [34mDEBUG[0m [2mhyper::proto::h1::io[0m[2m:[0m parsed 4 headers
[2m2025-12-10T10:10:02.721300Z[0m [34mDEBUG[0m [2mhyper::proto::h1::conn[0m[2m:[0m incoming body is content-length (45 bytes)
[2m2025-12-10T10:10:02.721307Z[0m [34mDEBUG[0m [2mhyper::proto::h1::conn[0m[2m:[0m incoming body completed
[2m2025-12-10T10:10:02.721315Z[0m [34mDEBUG[0m [2mhyper::client::pool[0m[2m:[0m pooling idle connection for ("http", 192.168.0.14:8545)
[2m2025-12-10T10:10:02.721326Z[0m [34mDEBUG[0m [2mhyper::client::pool[0m[2m:[0m reuse idle connection for ("http", 192.168.0.14:8545)
[2m2025-12-10T10:10:02.721339Z[0m [34mDEBUG[0m [2mhyper::proto::h1::io[0m[2m:[0m flushed 172 bytes
[2m2025-12-10T10:10:02.724781Z[0m [34mDEBUG[0m [2mhyper::proto::h1::io[0m[2m:[0m parsed 4 headers
[2m2025-12-10T10:10:02.724789Z[0m [34mDEBUG[0m [2mhyper::proto::h1::conn[0m[2m:[0m incoming body is content-length (45 bytes)
[2m2025-12-10T10:10:02.724794Z[0m [34mDEBUG[0m [2mhyper::proto::h1::conn[0m[2m:[0m incoming body completed
[2m2025-12-10T10:10:02.724799Z[0m [34mDEBUG[0m [2mhyper::client::pool[0m[2m:[0m pooling idle connection for ("http", 192.168.0.14:8545)
[2m2025-12-10T10:10:02.725449Z[0m [34mDEBUG[0m [2mhyper::proto::h1::io[0m[2m:[0m parsed 4 headers
[2m2025-12-10T10:10:02.725480Z[0m [34mDEBUG[0m [2mhyper::proto::h1::conn[0m[2m:[0m incoming body is content-length (645 bytes)
[2m2025-12-10T10:10:02.725503Z[0m [34mDEBUG[0m [2mhyper::proto::h1::conn[0m[2m:[0m incoming body completed
[2m2025-12-10T10:10:02.725511Z[0m [34mDEBUG[0m [2mhyper::client::pool[0m[2m:[0m pooling idle connection for ("http", 192.168.0.14:8545)
[2m2025-12-10T10:10:02.725517Z[0m [34mDEBUG[0m [2methereum_transaction_pool_monitor::eth_client[0m[2m:[0m 📡 Transaction fetch RPC completed in 4.323834ms
[2m2025-12-10T10:10:02.796406Z[0m [34mDEBUG[0m [2methereum_transaction_pool_monitor::eth_client[0m[2m:[0m ✅ Transaction 0x24442d460fe5738b32402eeacbd43292a2ab42d34914a754e18813af4b995613 fetched and parsed in 75.210417ms
[2m2025-12-10T10:10:02.796435Z[0m [34mDEBUG[0m [2methereum_transaction_pool_monitor::mempool_monitor[0m[2m:[0m 🔍 Skipping tx 0x24442d460fe5738b32402eeacbd43292a2ab42d34914a754e18813af4b995613 - not a DEX interaction (target: 0xf52605c7b778563a5a9144EF4Dc53B57463ca2c7)
[2m2025-12-10T10:10:02.796448Z[0m [34mDEBUG[0m [2methereum_transaction_pool_monitor::mempool_monitor[0m[2m:[0m 📨 Processing new pending transaction: 0x6b5834912fd03f6683e7faaca150620b0dd4afe55fe4d352004aba344b58574c
[2m2025-12-10T10:10:02.796457Z[0m [34mDEBUG[0m [2methereum_transaction_pool_monitor::mempool_monitor[0m[2m:[0m 🔍 Fetching transaction details for: 0x6b5834912fd03f6683e7faaca150620b0dd4afe55fe4d352004aba344b58574c
[2m2025-12-10T10:10:02.796462Z[0m [34mDEBUG[0m [2methereum_transaction_pool_monitor::eth_client[0m[2m:[0m 🔍 Fetching transaction details for hash: 0x6b5834912fd03f6683e7faaca150620b0dd4afe55fe4d352004aba344b58574c
[2m2025-12-10T10:10:02.796484Z[0m [34mDEBUG[0m [2mhyper::client::pool[0m[2m:[0m reuse idle connection for ("http", 192.168.0.14:8545)
[2m2025-12-10T10:10:02.796533Z[0m [34mDEBUG[0m [2mhyper::proto::h1::io[0m[2m:[0m flushed 250 bytes
[2m2025-12-10T10:10:02.796553Z[0m [34mDEBUG[0m [2mhyper::client::pool[0m[2m:[0m reuse idle connection for ("http", 192.168.0.14:8545)
[2m2025-12-10T10:10:02.796563Z[0m [34mDEBUG[0m [2methereum_transaction_pool_monitor::eth_client[0m[2m:[0m 📨 Received WebSocket message: {"jsonrpc":"2.0","method":"eth_subscription","params":{"subscription":"0xbed0a0851463e895960a451075a301a9","result":"0xa31f5083b0d0a4f18e85264220de2d9bf70f63ab6f68dd29210128a80e5bb690"}}
[2m2025-12-10T10:10:02.796567Z[0m [34mDEBUG[0m [2mhyper::proto::h1::io[0m[2m:[0m flushed 172 bytes
[2m2025-12-10T10:10:02.796575Z[0m [34mDEBUG[0m [2methereum_transaction_pool_monitor::eth_client[0m[2m:[0m 📨 Received pending transaction: 0xa31f5083b0d0a4f18e85264220de2d9bf70f63ab6f68dd29210128a80e5bb690
[2m2025-12-10T10:10:02.796582Z[0m [34mDEBUG[0m [2methereum_transaction_pool_monitor::eth_client[0m[2m:[0m 📨 Received WebSocket message: {"jsonrpc":"2.0","method":"eth_subscription","params":{"subscription":"0xbed0a0851463e895960a451075a301a9","result":"0x3770283b3b8abfb9e870712008b4c4eada326019cb4046622ab80cd5d62a2c74"}}
[2m2025-12-10T10:10:02.796588Z[0m [34mDEBUG[0m [2methereum_transaction_pool_monitor::eth_client[0m[2m:[0m 📨 Received pending transaction: 0x3770283b3b8abfb9e870712008b4c4eada326019cb4046622ab80cd5d62a2c74
[2m2025-12-10T10:10:02.801448Z[0m [34mDEBUG[0m [2mhyper::proto::h1::io[0m[2m:[0m parsed 4 headers
[2m2025-12-10T10:10:02.801484Z[0m [34mDEBUG[0m [2mhyper::proto::h1::conn[0m[2m:[0m incoming body is content-length (646 bytes)
[2m2025-12-10T10:10:02.801494Z[0m [34mDEBUG[0m [2mhyper::proto::h1::conn[0m[2m:[0m incoming body completed
[2m2025-12-10T10:10:02.801503Z[0m [34mDEBUG[0m [2mhyper::client::pool[0m[2m:[0m pooling idle connection for ("http", 192.168.0.14:8545)
[2m2025-12-10T10:10:02.801509Z[0m [34mDEBUG[0m [2methereum_transaction_pool_monitor::eth_client[0m[2m:[0m 📡 Transaction fetch RPC completed in 5.040417ms
[2m2025-12-10T10:10:02.872205Z[0m [34mDEBUG[0m [2methereum_transaction_pool_monitor::eth_client[0m[2m:[0m ✅ Transaction 0x6b5834912fd03f6683e7faaca150620b0dd4afe55fe4d352004aba344b58574c fetched and parsed in 75.733ms
[2m2025-12-10T10:10:02.872232Z[0m [34mDEBUG[0m [2methereum_transaction_pool_monitor::mempool_monitor[0m[2m:[0m 🔍 Skipping tx 0x6b5834912fd03f6683e7faaca150620b0dd4afe55fe4d352004aba344b58574c - not a DEX interaction (target: 0x96D0471a061593e20f0ebc8c5b8b2d056862aeFF)
[2m2025-12-10T10:10:02.872245Z[0m [34mDEBUG[0m [2methereum_transaction_pool_monitor::mempool_monitor[0m[2m:[0m 📨 Processing new pending transaction: 0x84de87ddc20310b18b6cf02cc089308c3af1bf2b13fddbde5148ffc2f866d84a
[2m2025-12-10T10:10:02.872251Z[0m [34mDEBUG[0m [2methereum_transaction_pool_monitor::mempool_monitor[0m[2m:[0m 🔍 Fetching transaction details for: 0x84de87ddc20310b18b6cf02cc089308c3af1bf2b13fddbde5148ffc2f866d84a
[2m2025-12-10T10:10:02.872256Z[0m [34mDEBUG[0m [2methereum_transaction_pool_monitor::eth_client[0m[2m:[0m 🔍 Fetching transaction details for hash: 0x84de87ddc20310b18b6cf02cc089308c3af1bf2b13fddbde5148ffc2f866d84a
[2m2025-12-10T10:10:02.872277Z[0m [34mDEBUG[0m [2mhyper::client::pool[0m[2m:[0m reuse idle connection for ("http", 192.168.0.14:8545)
[2m2025-12-10T10:10:02.872309Z[0m [34mDEBUG[0m [2mhyper::proto::h1::io[0m[2m:[0m flushed 250 bytes
[2m2025-12-10T10:10:02.872330Z[0m [34mDEBUG[0m [2methereum_transaction_pool_monitor::eth_client[0m[2m:[0m 📨 Received WebSocket message: {"jsonrpc":"2.0","method":"eth_subscription","params":{"subscription":"0xbed0a0851463e895960a451075a301a9","result":"0xa9e2b91b3f5b60e7bac342139b1efd8600c5c77f76364e1a1aa6c78c9e313c7a"}}
[2m2025-12-10T10:10:02.872341Z[0m [34mDEBUG[0m [2methereum_transaction_pool_monitor::eth_client[0m[2m:[0m 📨 Received pending transaction: 0xa9e2b91b3f5b60e7bac342139b1efd8600c5c77f76364e1a1aa6c78c9e313c7a
[2m2025-12-10T10:10:02.872341Z[0m [34mDEBUG[0m [2mhyper::proto::h1::io[0m[2m:[0m parsed 4 headers
[2m2025-12-10T10:10:02.872351Z[0m [34mDEBUG[0m [2methereum_transaction_pool_monitor::eth_client[0m[2m:[0m 📨 Received WebSocket message: {"jsonrpc":"2.0","method":"eth_subscription","params":{"subscription":"0xbed0a0851463e895960a451075a301a9","result":"0x849c1a1126415771fd5cca5cc82f0c992215895e4c77a46327489208cccd0294"}}
[2m2025-12-10T10:10:02.872355Z[0m [34mDEBUG[0m [2mhyper::proto::h1::conn[0m[2m:[0m incoming body is content-length (45 bytes)
[2m2025-12-10T10:10:02.872358Z[0m [34mDEBUG[0m [2methereum_transaction_pool_monitor::eth_client[0m[2m:[0m 📨 Received pending transaction: 0x849c1a1126415771fd5cca5cc82f0c992215895e4c77a46327489208cccd0294
[2m2025-12-10T10:10:02.872364Z[0m [34mDEBUG[0m [2mhyper::proto::h1::conn[0m[2m:[0m incoming body completed
[2m2025-12-10T10:10:02.872366Z[0m [34mDEBUG[0m [2methereum_transaction_pool_monitor::eth_client[0m[2m:[0m 📨 Received WebSocket message: {"jsonrpc":"2.0","method":"eth_subscription","params":{"subscription":"0xbed0a0851463e895960a451075a301a9","result":"0x6039169d6e019fec9ce5b977f70d8fb2cc84a7400372d42196fa02071aad1785"}}
[2m2025-12-10T10:10:02.872375Z[0m [34mDEBUG[0m [2mhyper::client::pool[0m[2m:[0m pooling idle connection for ("http", 192.168.0.14:8545)
[2m2025-12-10T10:10:02.872377Z[0m [34mDEBUG[0m [2methereum_transaction_pool_monitor::eth_client[0m[2m:[0m 📨 Received pending transaction: 0x6039169d6e019fec9ce5b977f70d8fb2cc84a7400372d42196fa02071aad1785
[2m2025-12-10T10:10:02.872387Z[0m [34mDEBUG[0m [2methereum_transaction_pool_monitor::eth_client[0m[2m:[0m 📨 Received WebSocket message: {"jsonrpc":"2.0","method":"eth_subscription","params":{"subscription":"0xbed0a0851463e895960a451075a301a9","result":"0x50e0d647c05b88775dd1d439447ab2fa8bc0e968bdcf5d32607abbdddcaedbb0"}}
[2m2025-12-10T10:10:02.872392Z[0m [34mDEBUG[0m [2methereum_transaction_pool_monitor::eth_client[0m[2m:[0m 📨 Received pending transaction: 0x50e0d647c05b88775dd1d439447ab2fa8bc0e968bdcf5d32607abbdddcaedbb0
[2m2025-12-10T10:10:02.884473Z[0m [34mDEBUG[0m [2methereum_transaction_pool_monitor::eth_client[0m[2m:[0m 📨 Received WebSocket message: {"jsonrpc":"2.0","method":"eth_subscription","params":{"subscription":"0xbed0a0851463e895960a451075a301a9","result":"0xec56a634a7bd2d07012acb59f79ca18304420cc8ab6c0ec90216f26fed24d867"}}
[2m2025-12-10T10:10:02.884500Z[0m [34mDEBUG[0m [2methereum_transaction_pool_monitor::eth_client[0m[2m:[0m 📨 Received pending transaction: 0xec56a634a7bd2d07012acb59f79ca18304420cc8ab6c0ec90216f26fed24d867
[2m2025-12-10T10:10:02.885768Z[0m [34mDEBUG[0m [2mhyper::proto::h1::io[0m[2m:[0m parsed 4 headers
[2m2025-12-10T10:10:02.885791Z[0m [34mDEBUG[0m [2mhyper::proto::h1::conn[0m[2m:[0m incoming body is content-length (552 bytes)
[2m2025-12-10T10:10:02.885797Z[0m [34mDEBUG[0m [2mhyper::proto::h1::conn[0m[2m:[0m incoming body completed
[2m2025-12-10T10:10:02.885803Z[0m [34mDEBUG[0m [2mhyper::client::pool[0m[2m:[0m pooling idle connection for ("http", 192.168.0.14:8545)
[2m2025-12-10T10:10:02.885824Z[0m [34mDEBUG[0m [2methereum_transaction_pool_monitor::eth_client[0m[2m:[0m 📡 Transaction fetch RPC completed in 13.564167ms
[2m2025-12-10T10:10:02.957441Z[0m [34mDEBUG[0m [2methereum_transaction_pool_monitor::eth_client[0m[2m:[0m ✅ Transaction 0x84de87ddc20310b18b6cf02cc089308c3af1bf2b13fddbde5148ffc2f866d84a fetched and parsed in 85.178625ms
[2m2025-12-10T10:10:02.957464Z[0m [34mDEBUG[0m [2methereum_transaction_pool_monitor::mempool_monitor[0m[2m:[0m 🔍 Skipping tx 0x84de87ddc20310b18b6cf02cc089308c3af1bf2b13fddbde5148ffc2f866d84a - not a DEX interaction (target: 0xcb4B4625A1fa2fA4e44B4a598AB6159dC57010E5)
[2m2025-12-10T10:10:02.957479Z[0m [34mDEBUG[0m [2methereum_transaction_pool_monitor::mempool_monitor[0m[2m:[0m 📨 Processing new pending transaction: 0xc671acfe6967513f5d688a9aa1ea49607289d813c63ed116af60a4d9064e7e6e
[2m2025-12-10T10:10:02.957487Z[0m [34mDEBUG[0m [2methereum_transaction_pool_monitor::mempool_monitor[0m[2m:[0m 🔍 Fetching transaction details for: 0xc671acfe6967513f5d688a9aa1ea49607289d813c63ed116af60a4d9064e7e6e
[2m2025-12-10T10:10:02.957494Z[0m [34mDEBUG[0m [2methereum_transaction_pool_monitor::eth_client[0m[2m:[0m 🔍 Fetching transaction details for hash: 0xc671acfe6967513f5d688a9aa1ea49607289d813c63ed116af60a4d9064e7e6e
[2m2025-12-10T10:10:02.957514Z[0m [34mDEBUG[0m [2mhyper::client::pool[0m[2m:[0m reuse idle connection for ("http", 192.168.0.14:8545)
[2m2025-12-10T10:10:02.957550Z[0m [34mDEBUG[0m [2mhyper::proto::h1::io[0m[2m:[0m flushed 250 bytes
[2m2025-12-10T10:10:02.957572Z[0m [34mDEBUG[0m [2mhyper::client::pool[0m[2m:[0m reuse idle connection for ("http", 192.168.0.14:8545)
[2m2025-12-10T10:10:02.957577Z[0m [34mDEBUG[0m [2methereum_transaction_pool_monitor::eth_client[0m[2m:[0m 📨 Received WebSocket message: {"jsonrpc":"2.0","method":"eth_subscription","params":{"subscription":"0xbed0a0851463e895960a451075a301a9","result":"0x9aa8f76bcea7ac04031b09bb9beb8f5f1aaeb280a187712a732ae0746d0dd6d8"}}
[2m2025-12-10T10:10:02.957586Z[0m [34mDEBUG[0m [2mhyper::proto::h1::io[0m[2m:[0m flushed 172 bytes
[2m2025-12-10T10:10:02.957591Z[0m [34mDEBUG[0m [2methereum_transaction_pool_monitor::eth_client[0m[2m:[0m 📨 Received pending transaction: 0x9aa8f76bcea7ac04031b09bb9beb8f5f1aaeb280a187712a732ae0746d0dd6d8
[2m2025-12-10T10:10:02.964706Z[0m [34mDEBUG[0m [2mhyper::proto::h1::io[0m[2m:[0m parsed 4 headers
[2m2025-12-10T10:10:02.964726Z[0m [34mDEBUG[0m [2mhyper::proto::h1::conn[0m[2m:[0m incoming body is content-length (553 bytes)
[2m2025-12-10T10:10:02.964759Z[0m [34mDEBUG[0m [2mhyper::proto::h1::conn[0m[2m:[0m incoming body completed
[2m2025-12-10T10:10:02.964771Z[0m [34mDEBUG[0m [2mhyper::client::pool[0m[2m:[0m pooling idle connection for ("http", 192.168.0.14:8545)
[2m2025-12-10T10:10:02.964788Z[0m [34mDEBUG[0m [2methereum_transaction_pool_monitor::eth_client[0m[2m:[0m 📡 Transaction fetch RPC completed in 7.287458ms
[2m2025-12-10T10:10:03.036712Z[0m [34mDEBUG[0m [2methereum_transaction_pool_monitor::eth_client[0m[2m:[0m ✅ Transaction 0xc671acfe6967513f5d688a9aa1ea49607289d813c63ed116af60a4d9064e7e6e fetched and parsed in 79.208916ms
[2m2025-12-10T10:10:03.036737Z[0m [34mDEBUG[0m [2methereum_transaction_pool_monitor::mempool_monitor[0m[2m:[0m 🔍 Skipping tx 0xc671acfe6967513f5d688a9aa1ea49607289d813c63ed116af60a4d9064e7e6e - not a DEX interaction (target: 0xa01b34fC3c32b09b26791FfC9cB8Cd2015379958)
[2m2025-12-10T10:10:03.036749Z[0m [34mDEBUG[0m [2methereum_transaction_pool_monitor::mempool_monitor[0m[2m:[0m 📨 Processing new pending transaction: 0xea602150e46cd0ce107e824d90bbf6e880797468ffa21eb07df8c1b2ad8eb029
[2m2025-12-10T10:10:03.036758Z[0m [34mDEBUG[0m [2methereum_transaction_pool_monitor::mempool_monitor[0m[2m:[0m 🔍 Fetching transaction details for: 0xea602150e46cd0ce107e824d90bbf6e880797468ffa21eb07df8c1b2ad8eb029
[2m2025-12-10T10:10:03.036766Z[0m [34mDEBUG[0m [2methereum_transaction_pool_monitor::eth_client[0m[2m:[0m 🔍 Fetching transaction details for hash: 0xea602150e46cd0ce107e824d90bbf6e880797468ffa21eb07df8c1b2ad8eb029
[2m2025-12-10T10:10:03.036783Z[0m [34mDEBUG[0m [2mhyper::client::pool[0m[2m:[0m reuse idle connection for ("http", 192.168.0.14:8545)
[2m2025-12-10T10:10:03.036820Z[0m [34mDEBUG[0m [2mhyper::proto::h1::io[0m[2m:[0m flushed 250 bytes
[2m2025-12-10T10:10:03.036838Z[0m [34mDEBUG[0m [2methereum_transaction_pool_monitor::eth_client[0m[2m:[0m 📨 Received WebSocket message: {"jsonrpc":"2.0","method":"eth_subscription","params":{"subscription":"0xbed0a0851463e895960a451075a301a9","result":"0x60039f5f5a8417db6926d520039f8b774c8c2d22d56e160d25f350ce45653c41"}}
[2m2025-12-10T10:10:03.036844Z[0m [34mDEBUG[0m [2methereum_transaction_pool_monitor::eth_client[0m[2m:[0m 📨 Received pending transaction: 0x60039f5f5a8417db6926d520039f8b774c8c2d22d56e160d25f350ce45653c41
[2m2025-12-10T10:10:03.036845Z[0m [34mDEBUG[0m [2mhyper::proto::h1::io[0m[2m:[0m parsed 4 headers
[2m2025-12-10T10:10:03.036849Z[0m [34mDEBUG[0m [2methereum_transaction_pool_monitor::eth_client[0m[2m:[0m 📨 Received WebSocket message: {"jsonrpc":"2.0","method":"eth_subscription","params":{"subscription":"0xbed0a0851463e895960a451075a301a9","result":"0x12176fa26dba50045b23b86ab8817e99370775c6d18c41c83ad486d709f018ae"}}
[2m2025-12-10T10:10:03.036855Z[0m [34mDEBUG[0m [2mhyper::proto::h1::conn[0m[2m:[0m incoming body is content-length (45 bytes)
[2m2025-12-10T10:10:03.036857Z[0m [34mDEBUG[0m [2methereum_transaction_pool_monitor::eth_client[0m[2m:[0m 📨 Received pending transaction: 0x12176fa26dba50045b23b86ab8817e99370775c6d18c41c83ad486d709f018ae
[2m2025-12-10T10:10:03.036866Z[0m [34mDEBUG[0m [2mhyper::proto::h1::conn[0m[2m:[0m incoming body completed
[2m2025-12-10T10:10:03.036877Z[0m [34mDEBUG[0m [2mhyper::client::pool[0m[2m:[0m pooling idle connection for ("http", 192.168.0.14:8545)
[2m2025-12-10T10:10:03.036894Z[0m [34mDEBUG[0m [2mhyper::client::pool[0m[2m:[0m reuse idle connection for ("http", 192.168.0.14:8545)
[2m2025-12-10T10:10:03.036912Z[0m [34mDEBUG[0m [2mhyper::proto::h1::io[0m[2m:[0m flushed 172 bytes
[2m2025-12-10T10:10:03.045377Z[0m [34mDEBUG[0m [2mhyper::proto::h1::io[0m[2m:[0m parsed 4 headers
[2m2025-12-10T10:10:03.045399Z[0m [34mDEBUG[0m [2mhyper::proto::h1::conn[0m[2m:[0m incoming body is content-length (762 bytes)
[2m2025-12-10T10:10:03.045419Z[0m [34mDEBUG[0m [2mhyper::proto::h1::conn[0m[2m:[0m incoming body completed
[2m2025-12-10T10:10:03.045440Z[0m [34mDEBUG[0m [2mhyper::client::pool[0m[2m:[0m pooling idle connection for ("http", 192.168.0.14:8545)
[2m2025-12-10T10:10:03.045445Z[0m [34mDEBUG[0m [2methereum_transaction_pool_monitor::eth_client[0m[2m:[0m 📡 Transaction fetch RPC completed in 8.674083ms
[2m2025-12-10T10:10:03.116525Z[0m [34mDEBUG[0m [2methereum_transaction_pool_monitor::eth_client[0m[2m:[0m ✅ Transaction 0xea602150e46cd0ce107e824d90bbf6e880797468ffa21eb07df8c1b2ad8eb029 fetched and parsed in 79.75125ms
[2m2025-12-10T10:10:03.116551Z[0m [34mDEBUG[0m [2methereum_transaction_pool_monitor::mempool_monitor[0m[2m:[0m 🔍 Skipping tx 0xea602150e46cd0ce107e824d90bbf6e880797468ffa21eb07df8c1b2ad8eb029 - not a DEX interaction (target: 0xA0b86991c6218b36c1d19D4a2e9Eb0cE3606eB48)
[2m2025-12-10T10:10:03.116561Z[0m [34mDEBUG[0m [2methereum_transaction_pool_monitor::mempool_monitor[0m[2m:[0m 📨 Processing new pending transaction: 0x9abe003c03df5291b181f89993c17443a7b3c6ce9b002f0b076bdf9c2febec56
[2m2025-12-10T10:10:03.116566Z[0m [34mDEBUG[0m [2methereum_transaction_pool_monitor::mempool_monitor[0m[2m:[0m 🔍 Fetching transaction details for: 0x9abe003c03df5291b181f89993c17443a7b3c6ce9b002f0b076bdf9c2febec56
[2m2025-12-10T10:10:03.116571Z[0m [34mDEBUG[0m [2methereum_transaction_pool_monitor::eth_client[0m[2m:[0m 🔍 Fetching transaction details for hash: 0x9abe003c03df5291b181f89993c17443a7b3c6ce9b002f0b076bdf9c2febec56
[2m2025-12-10T10:10:03.116590Z[0m [34mDEBUG[0m [2mhyper::client::pool[0m[2m:[0m reuse idle connection for ("http", 192.168.0.14:8545)
[2m2025-12-10T10:10:03.116641Z[0m [34mDEBUG[0m [2mhyper::proto::h1::io[0m[2m:[0m flushed 250 bytes
[2m2025-12-10T10:10:03.116665Z[0m [34mDEBUG[0m [2methereum_transaction_pool_monitor::eth_client[0m[2m:[0m 📨 Received WebSocket message: {"jsonrpc":"2.0","method":"eth_subscription","params":{"subscription":"0xbed0a0851463e895960a451075a301a9","result":"0x3e35d8f6e837f27a61e3b8b6377ca2895068ce035e7e459c3ce88b2e5867cf8b"}}
[2m2025-12-10T10:10:03.116668Z[0m [34mDEBUG[0m [2mhyper::proto::h1::io[0m[2m:[0m parsed 4 headers
[2m2025-12-10T10:10:03.116673Z[0m [34mDEBUG[0m [2methereum_transaction_pool_monitor::eth_client[0m[2m:[0m 📨 Received pending transaction: 0x3e35d8f6e837f27a61e3b8b6377ca2895068ce035e7e459c3ce88b2e5867cf8b
[2m2025-12-10T10:10:03.116676Z[0m [34mDEBUG[0m [2mhyper::proto::h1::conn[0m[2m:[0m incoming body is content-length (45 bytes)
[2m2025-12-10T10:10:03.116681Z[0m [34mDEBUG[0m [2methereum_transaction_pool_monitor::eth_client[0m[2m:[0m 📨 Received WebSocket message: {"jsonrpc":"2.0","method":"eth_subscription","params":{"subscription":"0xbed0a0851463e895960a451075a301a9","result":"0x251f9761411ae169e5c88e1ed0d674f3fb9e57a9e43b3af7ea067777b53a84ef"}}
[2m2025-12-10T10:10:03.116685Z[0m [34mDEBUG[0m [2mhyper::proto::h1::conn[0m[2m:[0m incoming body completed
[2m2025-12-10T10:10:03.116690Z[0m [34mDEBUG[0m [2methereum_transaction_pool_monitor::eth_client[0m[2m:[0m 📨 Received pending transaction: 0x251f9761411ae169e5c88e1ed0d674f3fb9e57a9e43b3af7ea067777b53a84ef
[2m2025-12-10T10:10:03.116695Z[0m [34mDEBUG[0m [2mhyper::client::pool[0m[2m:[0m pooling idle connection for ("http", 192.168.0.14:8545)
[2m2025-12-10T10:10:03.116698Z[0m [34mDEBUG[0m [2methereum_transaction_pool_monitor::eth_client[0m[2m:[0m 📨 Received WebSocket message: {"jsonrpc":"2.0","method":"eth_subscription","params":{"subscription":"0xbed0a0851463e895960a451075a301a9","result":"0xa61309c1ff81ec1af54bd0d4d8b92096f70ec034c0b9f2f835e23620932f7083"}}
[2m2025-12-10T10:10:03.116705Z[0m [34mDEBUG[0m [2methereum_transaction_pool_monitor::eth_client[0m[2m:[0m 📨 Received pending transaction: 0xa61309c1ff81ec1af54bd0d4d8b92096f70ec034c0b9f2f835e23620932f7083
[2m2025-12-10T10:10:03.116711Z[0m [34mDEBUG[0m [2methereum_transaction_pool_monitor::eth_client[0m[2m:[0m 📨 Received WebSocket message: {"jsonrpc":"2.0","method":"eth_subscription","params":{"subscription":"0xbed0a0851463e895960a451075a301a9","result":"0x7cadac211d57c1cd916f576fb6728155836ea105ea98efba795b8eda5bd4a454"}}
[2m2025-12-10T10:10:03.116713Z[0m [34mDEBUG[0m [2mhyper::client::pool[0m[2m:[0m reuse idle connection for ("http", 192.168.0.14:8545)
[2m2025-12-10T10:10:03.116717Z[0m [34mDEBUG[0m [2methereum_transaction_pool_monitor::eth_client[0m[2m:[0m 📨 Received pending transaction: 0x7cadac211d57c1cd916f576fb6728155836ea105ea98efba795b8eda5bd4a454
[2m2025-12-10T10:10:03.116723Z[0m [34mDEBUG[0m [2methereum_transaction_pool_monitor::eth_client[0m[2m:[0m 📨 Received WebSocket message: {"jsonrpc":"2.0","method":"eth_subscription","params":{"subscription":"0xbed0a0851463e895960a451075a301a9","result":"0x24fcd8653bb6b3c63a8cf35bc9d84256348c97195fd0f1245a0adda80a8bb6c4"}}
[2m2025-12-10T10:10:03.116730Z[0m [34mDEBUG[0m [2methereum_transaction_pool_monitor::eth_client[0m[2m:[0m 📨 Received pending transaction: 0x24fcd8653bb6b3c63a8cf35bc9d84256348c97195fd0f1245a0adda80a8bb6c4
[2m2025-12-10T10:10:03.116731Z[0m [34mDEBUG[0m [2mhyper::proto::h1::io[0m[2m:[0m flushed 172 bytes
[2m2025-12-10T10:10:03.121144Z[0m [34mDEBUG[0m [2mhyper::proto::h1::io[0m[2m:[0m parsed 4 headers
[2m2025-12-10T10:10:03.121150Z[0m [34mDEBUG[0m [2mhyper::proto::h1::conn[0m[2m:[0m incoming body is content-length (869 bytes)
[2m2025-12-10T10:10:03.121156Z[0m [34mDEBUG[0m [2mhyper::proto::h1::conn[0m[2m:[0m incoming body completed
[2m2025-12-10T10:10:03.121162Z[0m [34mDEBUG[0m [2mhyper::client::pool[0m[2m:[0m pooling idle connection for ("http", 192.168.0.14:8545)
[2m2025-12-10T10:10:03.121167Z[0m [34mDEBUG[0m [2methereum_transaction_pool_monitor::eth_client[0m[2m:[0m 📡 Transaction fetch RPC completed in 4.591792ms
[2m2025-12-10T10:10:03.192309Z[0m [34mDEBUG[0m [2methereum_transaction_pool_monitor::eth_client[0m[2m:[0m ✅ Transaction 0x9abe003c03df5291b181f89993c17443a7b3c6ce9b002f0b076bdf9c2febec56 fetched and parsed in 75.730958ms
[2m2025-12-10T10:10:03.192339Z[0m [34mDEBUG[0m [2methereum_transaction_pool_monitor::mempool_monitor[0m[2m:[0m 🔍 Skipping tx 0x9abe003c03df5291b181f89993c17443a7b3c6ce9b002f0b076bdf9c2febec56 - not a DEX interaction (target: 0xf820fB4680712CD7263a0D3D024D5b5aEA82Fd70)
[2m2025-12-10T10:10:03.192355Z[0m [34mDEBUG[0m [2methereum_transaction_pool_monitor::mempool_monitor[0m[2m:[0m 📨 Processing new pending transaction: 0x53b0b104ac7486e9d376019c060db5360328729667c6916a31b418387bf6ce12
[2m2025-12-10T10:10:03.192363Z[0m [34mDEBUG[0m [2methereum_transaction_pool_monitor::mempool_monitor[0m[2m:[0m 🔍 Fetching transaction details for: 0x53b0b104ac7486e9d376019c060db5360328729667c6916a31b418387bf6ce12
[2m2025-12-10T10:10:03.192371Z[0m [34mDEBUG[0m [2methereum_transaction_pool_monitor::eth_client[0m[2m:[0m 🔍 Fetching transaction details for hash: 0x53b0b104ac7486e9d376019c060db5360328729667c6916a31b418387bf6ce12
[2m2025-12-10T10:10:03.192390Z[0m [34mDEBUG[0m [2mhyper::client::pool[0m[2m:[0m reuse idle connection for ("http", 192.168.0.14:8545)
[2m2025-12-10T10:10:03.192437Z[0m [34mDEBUG[0m [2mhyper::proto::h1::io[0m[2m:[0m flushed 250 bytes
[2m2025-12-10T10:10:03.192463Z[0m [34mDEBUG[0m [2methereum_transaction_pool_monitor::eth_client[0m[2m:[0m 📨 Received WebSocket message: {"jsonrpc":"2.0","method":"eth_subscription","params":{"subscription":"0xbed0a0851463e895960a451075a301a9","result":"0xb5f014e61aa7d2202893d317423389b4e003d0f31cf8d0b668e7f3a3994ef3c4"}}
[2m2025-12-10T10:10:03.192468Z[0m [34mDEBUG[0m [2mhyper::proto::h1::io[0m[2m:[0m parsed 4 headers
[2m2025-12-10T10:10:03.192478Z[0m [34mDEBUG[0m [2methereum_transaction_pool_monitor::eth_client[0m[2m:[0m 📨 Received pending transaction: 0xb5f014e61aa7d2202893d317423389b4e003d0f31cf8d0b668e7f3a3994ef3c4
[2m2025-12-10T10:10:03.192480Z[0m [34mDEBUG[0m [2mhyper::proto::h1::conn[0m[2m:[0m incoming body is content-length (45 bytes)
[2m2025-12-10T10:10:03.192490Z[0m [34mDEBUG[0m [2methereum_transaction_pool_monitor::eth_client[0m[2m:[0m 📨 Received WebSocket message: {"jsonrpc":"2.0","method":"eth_subscription","params":{"subscription":"0xbed0a0851463e895960a451075a301a9","result":"0xf239a9d8dbd3642abac06cc452a9a7359fbcfad292d45d0606f9daa7ac73382f"}}
[2m2025-12-10T10:10:03.192496Z[0m [34mDEBUG[0m [2methereum_transaction_pool_monitor::eth_client[0m[2m:[0m 📨 Received pending transaction: 0xf239a9d8dbd3642abac06cc452a9a7359fbcfad292d45d0606f9daa7ac73382f
[2m2025-12-10T10:10:03.192507Z[0m [34mDEBUG[0m [2mhyper::proto::h1::conn[0m[2m:[0m incoming body completed
[2m2025-12-10T10:10:03.192514Z[0m [34mDEBUG[0m [2methereum_transaction_pool_monitor::eth_client[0m[2m:[0m 📨 Received WebSocket message: {"jsonrpc":"2.0","method":"eth_subscription","params":{"subscription":"0xbed0a0851463e895960a451075a301a9","result":"0xc392bc36c8bf037e353f4b6c56fab9251dec2aead5d73c31bb4ae8e894c5785c"}}
[2m2025-12-10T10:10:03.192522Z[0m [34mDEBUG[0m [2methereum_transaction_pool_monitor::eth_client[0m[2m:[0m 📨 Received pending transaction: 0xc392bc36c8bf037e353f4b6c56fab9251dec2aead5d73c31bb4ae8e894c5785c
[2m2025-12-10T10:10:03.192561Z[0m [34mDEBUG[0m [2mhyper::client::pool[0m[2m:[0m pooling idle connection for ("http", 192.168.0.14:8545)
[2m2025-12-10T10:10:03.197623Z[0m [34mDEBUG[0m [2mhyper::client::pool[0m[2m:[0m reuse idle connection for ("http", 192.168.0.14:8545)
[2m2025-12-10T10:10:03.197677Z[0m [34mDEBUG[0m [2mhyper::proto::h1::io[0m[2m:[0m flushed 172 bytes
[2m2025-12-10T10:10:03.201768Z[0m [34mDEBUG[0m [2mhyper::proto::h1::io[0m[2m:[0m parsed 4 headers
[2m2025-12-10T10:10:03.201799Z[0m [34mDEBUG[0m [2mhyper::proto::h1::conn[0m[2m:[0m incoming body is content-length (45 bytes)
[2m2025-12-10T10:10:03.201812Z[0m [34mDEBUG[0m [2mhyper::proto::h1::conn[0m[2m:[0m incoming body completed
[2m2025-12-10T10:10:03.201820Z[0m [34mDEBUG[0m [2mhyper::client::pool[0m[2m:[0m pooling idle connection for ("http", 192.168.0.14:8545)
[2m2025-12-10T10:10:03.206576Z[0m [34mDEBUG[0m [2mhyper::proto::h1::io[0m[2m:[0m parsed 4 headers
[2m2025-12-10T10:10:03.206582Z[0m [34mDEBUG[0m [2mhyper::proto::h1::conn[0m[2m:[0m incoming body is content-length (768 bytes)
[2m2025-12-10T10:10:03.206587Z[0m [34mDEBUG[0m [2mhyper::proto::h1::conn[0m[2m:[0m incoming body completed
[2m2025-12-10T10:10:03.206592Z[0m [34mDEBUG[0m [2mhyper::client::pool[0m[2m:[0m pooling idle connection for ("http", 192.168.0.14:8545)
[2m2025-12-10T10:10:03.206597Z[0m [34mDEBUG[0m [2methereum_transaction_pool_monitor::eth_client[0m[2m:[0m 📡 Transaction fetch RPC completed in 14.221084ms
[2m2025-12-10T10:10:03.206609Z[0m [34mDEBUG[0m [2methereum_transaction_pool_monitor::eth_client[0m[2m:[0m DeFi transaction detected - Address: 0xdac17f958d2ee523a2206206994597c13d831ec7, Type: Stablecoin, Value: 0 ETH, Gas: 0.18 Gwei
[2m2025-12-10T10:10:03.206623Z[0m [34mDEBUG[0m [2methereum_transaction_pool_monitor::eth_client[0m[2m:[0m ✅ Transaction 0x53b0b104ac7486e9d376019c060db5360328729667c6916a31b418387bf6ce12 fetched and parsed in 14.246584ms
[2m2025-12-10T10:10:03.206629Z[0m [34mDEBUG[0m [2methereum_transaction_pool_monitor::mempool_monitor[0m[2m:[0m 🔍 Skipping tx 0x53b0b104ac7486e9d376019c060db5360328729667c6916a31b418387bf6ce12 - not a DEX interaction (target: 0xdAC17F958D2ee523a2206206994597C13D831ec7)
[2m2025-12-10T10:10:03.206634Z[0m [34mDEBUG[0m [2methereum_transaction_pool_monitor::mempool_monitor[0m[2m:[0m 📨 Processing new pending transaction: 0x7fb47c85dd0cbe741f8723514f6a602ca5d37096698c7e62cdda20b5d4826f84
[2m2025-12-10T10:10:03.206638Z[0m [34mDEBUG[0m [2methereum_transaction_pool_monitor::mempool_monitor[0m[2m:[0m 🔍 Fetching transaction details for: 0x7fb47c85dd0cbe741f8723514f6a602ca5d37096698c7e62cdda20b5d4826f84
[2m2025-12-10T10:10:03.206641Z[0m [34mDEBUG[0m [2methereum_transaction_pool_monitor::eth_client[0m[2m:[0m 🔍 Fetching transaction details for hash: 0x7fb47c85dd0cbe741f8723514f6a602ca5d37096698c7e62cdda20b5d4826f84
[2m2025-12-10T10:10:03.206649Z[0m [34mDEBUG[0m [2mhyper::client::pool[0m[2m:[0m reuse idle connection for ("http", 192.168.0.14:8545)
[2m2025-12-10T10:10:03.206662Z[0m [34mDEBUG[0m [2mhyper::proto::h1::io[0m[2m:[0m flushed 250 bytes
[2m2025-12-10T10:10:03.211115Z[0m [34mDEBUG[0m [2methereum_transaction_pool_monitor::eth_client[0m[2m:[0m 📨 Received WebSocket message: {"jsonrpc":"2.0","method":"eth_subscription","params":{"subscription":"0xbed0a0851463e895960a451075a301a9","result":"0x6ad8f3354113c6ef1dd2707ee91a804f9f303f758729580f606d214e46aeb254"}}
[2m2025-12-10T10:10:03.211144Z[0m [34mDEBUG[0m [2methereum_transaction_pool_monitor::eth_client[0m[2m:[0m 📨 Received pending transaction: 0x6ad8f3354113c6ef1dd2707ee91a804f9f303f758729580f606d214e46aeb254
[2m2025-12-10T10:10:03.213847Z[0m [34mDEBUG[0m [2mhyper::proto::h1::io[0m[2m:[0m parsed 4 headers
[2m2025-12-10T10:10:03.213865Z[0m [34mDEBUG[0m [2mhyper::proto::h1::conn[0m[2m:[0m incoming body is content-length (3519 bytes)
[2m2025-12-10T10:10:03.213887Z[0m [34mDEBUG[0m [2mhyper::proto::h1::conn[0m[2m:[0m incoming body completed
[2m2025-12-10T10:10:03.213896Z[0m [34mDEBUG[0m [2mhyper::client::pool[0m[2m:[0m pooling idle connection for ("http", 192.168.0.14:8545)
[2m2025-12-10T10:10:03.213902Z[0m [34mDEBUG[0m [2methereum_transaction_pool_monitor::eth_client[0m[2m:[0m 📡 Transaction fetch RPC completed in 7.257416ms
[2m2025-12-10T10:10:03.285916Z[0m [34mDEBUG[0m [2methereum_transaction_pool_monitor::eth_client[0m[2m:[0m ✅ Transaction 0x7fb47c85dd0cbe741f8723514f6a602ca5d37096698c7e62cdda20b5d4826f84 fetched and parsed in 79.26975ms
[2m2025-12-10T10:10:03.285946Z[0m [34mDEBUG[0m [2methereum_transaction_pool_monitor::mempool_monitor[0m[2m:[0m 🔍 Skipping tx 0x7fb47c85dd0cbe741f8723514f6a602ca5d37096698c7e62cdda20b5d4826f84 - not a DEX interaction (target: 0xa195608C2306A26f727d5199D5A382a4508308DA)
[2m2025-12-10T10:10:03.285959Z[0m [34mDEBUG[0m [2methereum_transaction_pool_monitor::mempool_monitor[0m[2m:[0m 📨 Processing new pending transaction: 0x80331a92b3a8d811a3878c6eb0dbf3a51b7e387a02d356c21a1131f5413596b7
[2m2025-12-10T10:10:03.285968Z[0m [34mDEBUG[0m [2methereum_transaction_pool_monitor::mempool_monitor[0m[2m:[0m 🔍 Fetching transaction details for: 0x80331a92b3a8d811a3878c6eb0dbf3a51b7e387a02d356c21a1131f5413596b7
[2m2025-12-10T10:10:03.285975Z[0m [34mDEBUG[0m [2methereum_transaction_pool_monitor::eth_client[0m[2m:[0m 🔍 Fetching transaction details for hash: 0x80331a92b3a8d811a3878c6eb0dbf3a51b7e387a02d356c21a1131f5413596b7
[2m2025-12-10T10:10:03.285996Z[0m [34mDEBUG[0m [2mhyper::client::pool[0m[2m:[0m reuse idle connection for ("http", 192.168.0.14:8545)
[2m2025-12-10T10:10:03.286045Z[0m [34mDEBUG[0m [2mhyper::proto::h1::io[0m[2m:[0m flushed 250 bytes
[2m2025-12-10T10:10:03.286066Z[0m [34mDEBUG[0m [2methereum_transaction_pool_monitor::eth_client[0m[2m:[0m 📨 Received WebSocket message: {"jsonrpc":"2.0","method":"eth_subscription","params":{"subscription":"0xbed0a0851463e895960a451075a301a9","result":"0x9339aee72ab736be60fee9b4d7bc781ac8ea2242a0f1cbf5b77c7bd8463c88dc"}}
[2m2025-12-10T10:10:03.286075Z[0m [34mDEBUG[0m [2methereum_transaction_pool_monitor::eth_client[0m[2m:[0m 📨 Received pending transaction: 0x9339aee72ab736be60fee9b4d7bc781ac8ea2242a0f1cbf5b77c7bd8463c88dc
[2m2025-12-10T10:10:03.290099Z[0m [34mDEBUG[0m [2mhyper::proto::h1::io[0m[2m:[0m parsed 4 headers
[2m2025-12-10T10:10:03.290106Z[0m [34mDEBUG[0m [2mhyper::proto::h1::conn[0m[2m:[0m incoming body is content-length (551 bytes)
[2m2025-12-10T10:10:03.290115Z[0m [34mDEBUG[0m [2mhyper::proto::h1::conn[0m[2m:[0m incoming body completed
[2m2025-12-10T10:10:03.290127Z[0m [34mDEBUG[0m [2mhyper::client::pool[0m[2m:[0m pooling idle connection for ("http", 192.168.0.14:8545)
[2m2025-12-10T10:10:03.290141Z[0m [34mDEBUG[0m [2methereum_transaction_pool_monitor::eth_client[0m[2m:[0m 📡 Transaction fetch RPC completed in 4.160875ms
[2m2025-12-10T10:10:03.364463Z[0m [34mDEBUG[0m [2methereum_transaction_pool_monitor::eth_client[0m[2m:[0m ✅ Transaction 0x80331a92b3a8d811a3878c6eb0dbf3a51b7e387a02d356c21a1131f5413596b7 fetched and parsed in 78.479958ms
[2m2025-12-10T10:10:03.364484Z[0m [34mDEBUG[0m [2methereum_transaction_pool_monitor::mempool_monitor[0m[2m:[0m 🔍 Skipping tx 0x80331a92b3a8d811a3878c6eb0dbf3a51b7e387a02d356c21a1131f5413596b7 - not a DEX interaction (target: 0x0C8Aa5263Afde3c43A0FE88aEd2b10AdE922E666)
[2m2025-12-10T10:10:03.364498Z[0m [34mDEBUG[0m [2methereum_transaction_pool_monitor::mempool_monitor[0m[2m:[0m 📨 Processing new pending transaction: 0xf2902bade9f404f58a95b59fded65ab6c2bcffc51506b582e69bbd58e571406f
[2m2025-12-10T10:10:03.364504Z[0m [34mDEBUG[0m [2methereum_transaction_pool_monitor::mempool_monitor[0m[2m:[0m 🔍 Fetching transaction details for: 0xf2902bade9f404f58a95b59fded65ab6c2bcffc51506b582e69bbd58e571406f
[2m2025-12-10T10:10:03.364509Z[0m [34mDEBUG[0m [2methereum_transaction_pool_monitor::eth_client[0m[2m:[0m 🔍 Fetching transaction details for hash: 0xf2902bade9f404f58a95b59fded65ab6c2bcffc51506b582e69bbd58e571406f
[2m2025-12-10T10:10:03.364532Z[0m [34mDEBUG[0m [2mhyper::client::pool[0m[2m:[0m reuse idle connection for ("http", 192.168.0.14:8545)
[2m2025-12-10T10:10:03.364573Z[0m [34mDEBUG[0m [2mhyper::proto::h1::io[0m[2m:[0m flushed 250 bytes
[2m2025-12-10T10:10:03.364595Z[0m [34mDEBUG[0m [2mhyper::client::pool[0m[2m:[0m reuse idle connection for ("http", 192.168.0.14:8545)
[2m2025-12-10T10:10:03.364609Z[0m [34mDEBUG[0m [2mhyper::proto::h1::io[0m[2m:[0m flushed 172 bytes
[2m2025-12-10T10:10:03.364647Z[0m [34mDEBUG[0m [2methereum_transaction_pool_monitor::eth_client[0m[2m:[0m 📨 Received WebSocket message: {"jsonrpc":"2.0","method":"eth_subscription","params":{"subscription":"0xbed0a0851463e895960a451075a301a9","result":"0xee459d8426193c689b6a468108e16b428a4d0c48a269882e8b1d5501a982d14c"}}
[2m2025-12-10T10:10:03.364693Z[0m [34mDEBUG[0m [2methereum_transaction_pool_monitor::eth_client[0m[2m:[0m 📨 Received pending transaction: 0xee459d8426193c689b6a468108e16b428a4d0c48a269882e8b1d5501a982d14c
[2m2025-12-10T10:10:03.364702Z[0m [34mDEBUG[0m [2methereum_transaction_pool_monitor::eth_client[0m[2m:[0m 📨 Received WebSocket message: {"jsonrpc":"2.0","method":"eth_subscription","params":{"subscription":"0xbed0a0851463e895960a451075a301a9","result":"0x026393d8f77b76505b66d173c713214df598c72c1b860bd53ee51954c5171b61"}}
[2m2025-12-10T10:10:03.364708Z[0m [34mDEBUG[0m [2methereum_transaction_pool_monitor::eth_client[0m[2m:[0m 📨 Received pending transaction: 0x026393d8f77b76505b66d173c713214df598c72c1b860bd53ee51954c5171b61
[2m2025-12-10T10:10:03.365540Z[0m [34mDEBUG[0m [2methereum_transaction_pool_monitor::eth_client[0m[2m:[0m 📨 Received WebSocket message: {"jsonrpc":"2.0","method":"eth_subscription","params":{"subscription":"0xbed0a0851463e895960a451075a301a9","result":"0x3733d425284b0e1487c07a94accb796b4db1de15e107437fa104fa970a8b84b9"}}
[2m2025-12-10T10:10:03.365548Z[0m [34mDEBUG[0m [2methereum_transaction_pool_monitor::eth_client[0m[2m:[0m 📨 Received pending transaction: 0x3733d425284b0e1487c07a94accb796b4db1de15e107437fa104fa970a8b84b9
[2m2025-12-10T10:10:03.368530Z[0m [34mDEBUG[0m [2mhyper::proto::h1::io[0m[2m:[0m parsed 4 headers
[2m2025-12-10T10:10:03.368876Z[0m [34mDEBUG[0m [2mhyper::proto::h1::conn[0m[2m:[0m incoming body is content-length (550 bytes)
[2m2025-12-10T10:10:03.368887Z[0m [34mDEBUG[0m [2mhyper::proto::h1::conn[0m[2m:[0m incoming body completed
[2m2025-12-10T10:10:03.368899Z[0m [34mDEBUG[0m [2mhyper::client::pool[0m[2m:[0m pooling idle connection for ("http", 192.168.0.14:8545)
[2m2025-12-10T10:10:03.368908Z[0m [34mDEBUG[0m [2methereum_transaction_pool_monitor::eth_client[0m[2m:[0m 📡 Transaction fetch RPC completed in 4.394125ms
[2m2025-12-10T10:10:03.437884Z[0m [34mDEBUG[0m [2methereum_transaction_pool_monitor::eth_client[0m[2m:[0m ✅ Transaction 0xf2902bade9f404f58a95b59fded65ab6c2bcffc51506b582e69bbd58e571406f fetched and parsed in 73.368042ms
[2m2025-12-10T10:10:03.437913Z[0m [34mDEBUG[0m [2methereum_transaction_pool_monitor::mempool_monitor[0m[2m:[0m 🔍 Skipping tx 0xf2902bade9f404f58a95b59fded65ab6c2bcffc51506b582e69bbd58e571406f - not a DEX interaction (target: 0xCD61A8D0D220E2A50a48f6F014724F29808C3dfB)
[2m2025-12-10T10:10:03.437923Z[0m [34mDEBUG[0m [2methereum_transaction_pool_monitor::mempool_monitor[0m[2m:[0m 📨 Processing new pending transaction: 0x4a2ad25c80c256f03534f3d5f3bcb120a6647de4dfb21af21b7d72fd708af2ba
[2m2025-12-10T10:10:03.437930Z[0m [34mDEBUG[0m [2methereum_transaction_pool_monitor::mempool_monitor[0m[2m:[0m 🔍 Fetching transaction details for: 0x4a2ad25c80c256f03534f3d5f3bcb120a6647de4dfb21af21b7d72fd708af2ba
[2m2025-12-10T10:10:03.437937Z[0m [34mDEBUG[0m [2methereum_transaction_pool_monitor::eth_client[0m[2m:[0m 🔍 Fetching transaction details for hash: 0x4a2ad25c80c256f03534f3d5f3bcb120a6647de4dfb21af21b7d72fd708af2ba
[2m2025-12-10T10:10:03.437956Z[0m [34mDEBUG[0m [2mhyper::client::pool[0m[2m:[0m reuse idle connection for ("http", 192.168.0.14:8545)
[2m2025-12-10T10:10:03.438001Z[0m [34mDEBUG[0m [2mhyper::proto::h1::io[0m[2m:[0m flushed 250 bytes
[2m2025-12-10T10:10:03.438025Z[0m [34mDEBUG[0m [2methereum_transaction_pool_monitor::eth_client[0m[2m:[0m 📨 Received WebSocket message: {"jsonrpc":"2.0","method":"eth_subscription","params":{"subscription":"0xbed0a0851463e895960a451075a301a9","result":"0x621b84804dfd646901bb4141d4e6a1473a72eaa3757e8eb4021869704e22d0ca"}}
[2m2025-12-10T10:10:03.438032Z[0m [34mDEBUG[0m [2mhyper::proto::h1::io[0m[2m:[0m parsed 4 headers
[2m2025-12-10T10:10:03.438033Z[0m [34mDEBUG[0m [2methereum_transaction_pool_monitor::eth_client[0m[2m:[0m 📨 Received pending transaction: 0x621b84804dfd646901bb4141d4e6a1473a72eaa3757e8eb4021869704e22d0ca
[2m2025-12-10T10:10:03.438055Z[0m [34mDEBUG[0m [2mhyper::proto::h1::conn[0m[2m:[0m incoming body is content-length (45 bytes)
[2m2025-12-10T10:10:03.438063Z[0m [34mDEBUG[0m [2methereum_transaction_pool_monitor::eth_client[0m[2m:[0m 📨 Received WebSocket message: {"jsonrpc":"2.0","method":"eth_subscription","params":{"subscription":"0xbed0a0851463e895960a451075a301a9","result":"0x06457d08de68007730cdd7db00ded99501a5f18deabbd694b48507ad8103fc66"}}
[2m2025-12-10T10:10:03.438107Z[0m [34mDEBUG[0m [2mhyper::proto::h1::conn[0m[2m:[0m incoming body completed
[2m2025-12-10T10:10:03.438108Z[0m [34mDEBUG[0m [2methereum_transaction_pool_monitor::eth_client[0m[2m:[0m 📨 Received pending transaction: 0x06457d08de68007730cdd7db00ded99501a5f18deabbd694b48507ad8103fc66
[2m2025-12-10T10:10:03.438123Z[0m [34mDEBUG[0m [2mhyper::client::pool[0m[2m:[0m pooling idle connection for ("http", 192.168.0.14:8545)
[2m2025-12-10T10:10:03.438128Z[0m [34mDEBUG[0m [2methereum_transaction_pool_monitor::eth_client[0m[2m:[0m 📨 Received WebSocket message: {"jsonrpc":"2.0","method":"eth_subscription","params":{"subscription":"0xbed0a0851463e895960a451075a301a9","result":"0x1d99ecb921c5fb5f1c286f322bbc4d4b6d63c7308597e1fb142bcf120e193772"}}
[2m2025-12-10T10:10:03.438136Z[0m [34mDEBUG[0m [2methereum_transaction_pool_monitor::eth_client[0m[2m:[0m 📨 Received pending transaction: 0x1d99ecb921c5fb5f1c286f322bbc4d4b6d63c7308597e1fb142bcf120e193772
[2m2025-12-10T10:10:03.438143Z[0m [34mDEBUG[0m [2methereum_transaction_pool_monitor::eth_client[0m[2m:[0m 📨 Received WebSocket message: {"jsonrpc":"2.0","method":"eth_subscription","params":{"subscription":"0xbed0a0851463e895960a451075a301a9","result":"0xfb95c728a4721a7270c64245a3f4b16f9b93e27cf2f6998c9d4d6e0655940193"}}
[2m2025-12-10T10:10:03.438145Z[0m [34mDEBUG[0m [2mhyper::client::pool[0m[2m:[0m reuse idle connection for ("http", 192.168.0.14:8545)
[2m2025-12-10T10:10:03.438151Z[0m [34mDEBUG[0m [2methereum_transaction_pool_monitor::eth_client[0m[2m:[0m 📨 Received pending transaction: 0xfb95c728a4721a7270c64245a3f4b16f9b93e27cf2f6998c9d4d6e0655940193
[2m2025-12-10T10:10:03.438160Z[0m [34mDEBUG[0m [2methereum_transaction_pool_monitor::eth_client[0m[2m:[0m 📨 Received WebSocket message: {"jsonrpc":"2.0","method":"eth_subscription","params":{"subscription":"0xbed0a0851463e895960a451075a301a9","result":"0xe31e2bd436e8326880e65963983627de6bcee796814f09edc2e07addbb675f76"}}
[2m2025-12-10T10:10:03.438166Z[0m [34mDEBUG[0m [2methereum_transaction_pool_monitor::eth_client[0m[2m:[0m 📨 Received pending transaction: 0xe31e2bd436e8326880e65963983627de6bcee796814f09edc2e07addbb675f76
[2m2025-12-10T10:10:03.438169Z[0m [34mDEBUG[0m [2mhyper::proto::h1::io[0m[2m:[0m flushed 172 bytes
[2m2025-12-10T10:10:03.438173Z[0m [34mDEBUG[0m [2methereum_transaction_pool_monitor::eth_client[0m[2m:[0m 📨 Received WebSocket message: {"jsonrpc":"2.0","method":"eth_subscription","params":{"subscription":"0xbed0a0851463e895960a451075a301a9","result":"0xd3eae9d2e76f148b8a6baa5a298421186191614612e9a7072f02fda09fdf487f"}}
[2m2025-12-10T10:10:03.438180Z[0m [34mDEBUG[0m [2methereum_transaction_pool_monitor::eth_client[0m[2m:[0m 📨 Received pending transaction: 0xd3eae9d2e76f148b8a6baa5a298421186191614612e9a7072f02fda09fdf487f
[2m2025-12-10T10:10:03.438184Z[0m [34mDEBUG[0m [2methereum_transaction_pool_monitor::eth_client[0m[2m:[0m 📨 Received WebSocket message: {"jsonrpc":"2.0","method":"eth_subscription","params":{"subscription":"0xbed0a0851463e895960a451075a301a9","result":"0xccc4774cc2149adc4e52afff3b8ade07ed00d4dba47c440bce14d0c2dfcca5d2"}}
[2m2025-12-10T10:10:03.438188Z[0m [34mDEBUG[0m [2methereum_transaction_pool_monitor::eth_client[0m[2m:[0m 📨 Received pending transaction: 0xccc4774cc2149adc4e52afff3b8ade07ed00d4dba47c440bce14d0c2dfcca5d2
[2m2025-12-10T10:10:03.445570Z[0m [34mDEBUG[0m [2methereum_transaction_pool_monitor::eth_client[0m[2m:[0m 📨 Received WebSocket message: {"jsonrpc":"2.0","method":"eth_subscription","params":{"subscription":"0xbed0a0851463e895960a451075a301a9","result":"0xfab47b54488eb87ed2a25ca089c4aa1bcef92dc60a6f510fba6d8d794b6410e3"}}
[2m2025-12-10T10:10:03.445578Z[0m [34mDEBUG[0m [2methereum_transaction_pool_monitor::eth_client[0m[2m:[0m 📨 Received pending transaction: 0xfab47b54488eb87ed2a25ca089c4aa1bcef92dc60a6f510fba6d8d794b6410e3
[2m2025-12-10T10:10:03.445591Z[0m [34mDEBUG[0m [2mhyper::proto::h1::io[0m[2m:[0m parsed 4 headers
[2m2025-12-10T10:10:03.445595Z[0m [34mDEBUG[0m [2mhyper::proto::h1::conn[0m[2m:[0m incoming body is content-length (675 bytes)
[2m2025-12-10T10:10:03.445600Z[0m [34mDEBUG[0m [2mhyper::proto::h1::conn[0m[2m:[0m incoming body completed
[2m2025-12-10T10:10:03.445608Z[0m [34mDEBUG[0m [2mhyper::client::pool[0m[2m:[0m pooling idle connection for ("http", 192.168.0.14:8545)
[2m2025-12-10T10:10:03.445614Z[0m [34mDEBUG[0m [2methereum_transaction_pool_monitor::eth_client[0m[2m:[0m 📡 Transaction fetch RPC completed in 7.671708ms
[2m2025-12-10T10:10:03.516961Z[0m [34mDEBUG[0m [2methereum_transaction_pool_monitor::eth_client[0m[2m:[0m ✅ Transaction 0x4a2ad25c80c256f03534f3d5f3bcb120a6647de4dfb21af21b7d72fd708af2ba fetched and parsed in 79.016375ms
[2m2025-12-10T10:10:03.516997Z[0m [34mDEBUG[0m [2methereum_transaction_pool_monitor::mempool_monitor[0m[2m:[0m 🔍 Skipping tx 0x4a2ad25c80c256f03534f3d5f3bcb120a6647de4dfb21af21b7d72fd708af2ba - not a DEX interaction (target: 0xA0b86991c6218b36c1d19D4a2e9Eb0cE3606eB48)
[2m2025-12-10T10:10:03.517009Z[0m [34mDEBUG[0m [2methereum_transaction_pool_monitor::mempool_monitor[0m[2m:[0m 📨 Processing new pending transaction: 0x99cbfa2858fc95239813f25516e4d6be4f067ba155cbc80224e0dd89e0d5b1d0
[2m2025-12-10T10:10:03.517019Z[0m [34mDEBUG[0m [2methereum_transaction_pool_monitor::mempool_monitor[0m[2m:[0m 🔍 Fetching transaction details for: 0x99cbfa2858fc95239813f25516e4d6be4f067ba155cbc80224e0dd89e0d5b1d0
[2m2025-12-10T10:10:03.517028Z[0m [34mDEBUG[0m [2methereum_transaction_pool_monitor::eth_client[0m[2m:[0m 🔍 Fetching transaction details for hash: 0x99cbfa2858fc95239813f25516e4d6be4f067ba155cbc80224e0dd89e0d5b1d0
[2m2025-12-10T10:10:03.517053Z[0m [34mDEBUG[0m [2mhyper::client::pool[0m[2m:[0m reuse idle connection for ("http", 192.168.0.14:8545)
[2m2025-12-10T10:10:03.517104Z[0m [34mDEBUG[0m [2mhyper::proto::h1::io[0m[2m:[0m flushed 250 bytes
[2m2025-12-10T10:10:03.517131Z[0m [34mDEBUG[0m [2methereum_transaction_pool_monitor::eth_client[0m[2m:[0m 📨 Received WebSocket message: {"jsonrpc":"2.0","method":"eth_subscription","params":{"subscription":"0xbed0a0851463e895960a451075a301a9","result":"0xf945997f1bfc4a9931857283f14211891c66f4de85e013fefb2762070b4fc061"}}
[2m2025-12-10T10:10:03.517139Z[0m [34mDEBUG[0m [2methereum_transaction_pool_monitor::eth_client[0m[2m:[0m 📨 Received pending transaction: 0xf945997f1bfc4a9931857283f14211891c66f4de85e013fefb2762070b4fc061
[2m2025-12-10T10:10:03.517145Z[0m [34mDEBUG[0m [2methereum_transaction_pool_monitor::eth_client[0m[2m:[0m 📨 Received WebSocket message: {"jsonrpc":"2.0","method":"eth_subscription","params":{"subscription":"0xbed0a0851463e895960a451075a301a9","result":"0xafbad6d835397becc26b8fbbfb151d51e57d9e36d553a7ce3655e5f74c792854"}}
[2m2025-12-10T10:10:03.517153Z[0m [34mDEBUG[0m [2methereum_transaction_pool_monitor::eth_client[0m[2m:[0m 📨 Received pending transaction: 0xafbad6d835397becc26b8fbbfb151d51e57d9e36d553a7ce3655e5f74c792854
[2m2025-12-10T10:10:03.517157Z[0m [34mDEBUG[0m [2mhyper::proto::h1::io[0m[2m:[0m parsed 4 headers
[2m2025-12-10T10:10:03.517175Z[0m [34mDEBUG[0m [2mhyper::proto::h1::conn[0m[2m:[0m incoming body is content-length (45 bytes)
[2m2025-12-10T10:10:03.517184Z[0m [34mDEBUG[0m [2mhyper::proto::h1::conn[0m[2m:[0m incoming body completed
[2m2025-12-10T10:10:03.517194Z[0m [34mDEBUG[0m [2mhyper::client::pool[0m[2m:[0m pooling idle connection for ("http", 192.168.0.14:8545)
[2m2025-12-10T10:10:03.517214Z[0m [34mDEBUG[0m [2mhyper::client::pool[0m[2m:[0m reuse idle connection for ("http", 192.168.0.14:8545)
[2m2025-12-10T10:10:03.517231Z[0m [34mDEBUG[0m [2mhyper::proto::h1::io[0m[2m:[0m flushed 172 bytes
[2m2025-12-10T10:10:03.522161Z[0m [34mDEBUG[0m [2mhyper::proto::h1::io[0m[2m:[0m parsed 4 headers
[2m2025-12-10T10:10:03.522181Z[0m [34mDEBUG[0m [2mhyper::proto::h1::conn[0m[2m:[0m incoming body is content-length (647 bytes)
[2m2025-12-10T10:10:03.522192Z[0m [34mDEBUG[0m [2mhyper::proto::h1::conn[0m[2m:[0m incoming body completed
[2m2025-12-10T10:10:03.522202Z[0m [34mDEBUG[0m [2mhyper::client::pool[0m[2m:[0m pooling idle connection for ("http", 192.168.0.14:8545)
[2m2025-12-10T10:10:03.522210Z[0m [34mDEBUG[0m [2methereum_transaction_pool_monitor::eth_client[0m[2m:[0m 📡 Transaction fetch RPC completed in 5.175625ms
[2m2025-12-10T10:10:03.595278Z[0m [34mDEBUG[0m [2methereum_transaction_pool_monitor::eth_client[0m[2m:[0m ✅ Transaction 0x99cbfa2858fc95239813f25516e4d6be4f067ba155cbc80224e0dd89e0d5b1d0 fetched and parsed in 78.241042ms
[2m2025-12-10T10:10:03.595311Z[0m [34mDEBUG[0m [2methereum_transaction_pool_monitor::mempool_monitor[0m[2m:[0m 🔍 Skipping tx 0x99cbfa2858fc95239813f25516e4d6be4f067ba155cbc80224e0dd89e0d5b1d0 - not a DEX interaction (target: 0xf52605c7b778563a5a9144EF4Dc53B57463ca2c7)
[2m2025-12-10T10:10:03.595325Z[0m [34mDEBUG[0m [2methereum_transaction_pool_monitor::mempool_monitor[0m[2m:[0m 📨 Processing new pending transaction: 0x800d04b8d24bf1d1720bab8237bfc0230cb4b82d22d36cdf39b49b478bdd61af
[2m2025-12-10T10:10:03.595335Z[0m [34mDEBUG[0m [2methereum_transaction_pool_monitor::mempool_monitor[0m[2m:[0m 🔍 Fetching transaction details for: 0x800d04b8d24bf1d1720bab8237bfc0230cb4b82d22d36cdf39b49b478bdd61af
[2m2025-12-10T10:10:03.595341Z[0m [34mDEBUG[0m [2methereum_transaction_pool_monitor::eth_client[0m[2m:[0m 🔍 Fetching transaction details for hash: 0x800d04b8d24bf1d1720bab8237bfc0230cb4b82d22d36cdf39b49b478bdd61af
[2m2025-12-10T10:10:03.595367Z[0m [34mDEBUG[0m [2mhyper::client::pool[0m[2m:[0m reuse idle connection for ("http", 192.168.0.14:8545)
[2m2025-12-10T10:10:03.595404Z[0m [34mDEBUG[0m [2mhyper::proto::h1::io[0m[2m:[0m flushed 250 bytes
[2m2025-12-10T10:10:03.595431Z[0m [34mDEBUG[0m [2methereum_transaction_pool_monitor::eth_client[0m[2m:[0m 📨 Received WebSocket message: {"jsonrpc":"2.0","method":"eth_subscription","params":{"subscription":"0xbed0a0851463e895960a451075a301a9","result":"0x24f3d1ad53a57219eadcc5972f5774dc3c3ef4ce3f4f7a821b043b832da20fd3"}}
[2m2025-12-10T10:10:03.595445Z[0m [34mDEBUG[0m [2methereum_transaction_pool_monitor::eth_client[0m[2m:[0m 📨 Received pending transaction: 0x24f3d1ad53a57219eadcc5972f5774dc3c3ef4ce3f4f7a821b043b832da20fd3
[2m2025-12-10T10:10:03.595454Z[0m [34mDEBUG[0m [2methereum_transaction_pool_monitor::eth_client[0m[2m:[0m 📨 Received WebSocket message: {"jsonrpc":"2.0","method":"eth_subscription","params":{"subscription":"0xbed0a0851463e895960a451075a301a9","result":"0x9c2b91f613b419e4459555843d0f900a80e1f22792e5801e54a8dfddd7b2571e"}}
[2m2025-12-10T10:10:03.595462Z[0m [34mDEBUG[0m [2methereum_transaction_pool_monitor::eth_client[0m[2m:[0m 📨 Received pending transaction: 0x9c2b91f613b419e4459555843d0f900a80e1f22792e5801e54a8dfddd7b2571e
[2m2025-12-10T10:10:03.595444Z[0m [34mDEBUG[0m [2mhyper::proto::h1::io[0m[2m:[0m parsed 4 headers
[2m2025-12-10T10:10:03.595497Z[0m [34mDEBUG[0m [2mhyper::proto::h1::conn[0m[2m:[0m incoming body is content-length (45 bytes)
[2m2025-12-10T10:10:03.595509Z[0m [34mDEBUG[0m [2mhyper::proto::h1::conn[0m[2m:[0m incoming body completed
[2m2025-12-10T10:10:03.595468Z[0m [34mDEBUG[0m [2methereum_transaction_pool_monitor::eth_client[0m[2m:[0m 📨 Received WebSocket message: {"jsonrpc":"2.0","method":"eth_subscription","params":{"subscription":"0xbed0a0851463e895960a451075a301a9","result":"0x36dd6073f038af4052287703200561adb1376bce22cd59c9503ff193439a4672"}}
[2m2025-12-10T10:10:03.595531Z[0m [34mDEBUG[0m [2methereum_transaction_pool_monitor::eth_client[0m[2m:[0m 📨 Received pending transaction: 0x36dd6073f038af4052287703200561adb1376bce22cd59c9503ff193439a4672
[2m2025-12-10T10:10:03.595519Z[0m [34mDEBUG[0m [2mhyper::client::pool[0m[2m:[0m pooling idle connection for ("http", 192.168.0.14:8545)
[2m2025-12-10T10:10:03.595540Z[0m [34mDEBUG[0m [2methereum_transaction_pool_monitor::eth_client[0m[2m:[0m 📨 Received WebSocket message: {"jsonrpc":"2.0","method":"eth_subscription","params":{"subscription":"0xbed0a0851463e895960a451075a301a9","result":"0x814e775498ac63442ea347b11f5c40ae6e372249cf5f34d47ca3f9dad461b0a5"}}
[2m2025-12-10T10:10:03.595556Z[0m [34mDEBUG[0m [2methereum_transaction_pool_monitor::eth_client[0m[2m:[0m 📨 Received pending transaction: 0x814e775498ac63442ea347b11f5c40ae6e372249cf5f34d47ca3f9dad461b0a5
[2m2025-12-10T10:10:03.596830Z[0m [34mDEBUG[0m [2mhyper::client::pool[0m[2m:[0m reuse idle connection for ("http", 192.168.0.14:8545)
[2m2025-12-10T10:10:03.596853Z[0m [34mDEBUG[0m [2mhyper::proto::h1::io[0m[2m:[0m flushed 172 bytes
[2m2025-12-10T10:10:03.603568Z[0m [34mDEBUG[0m [2mhyper::proto::h1::io[0m[2m:[0m parsed 4 headers
[2m2025-12-10T10:10:03.603574Z[0m [34mDEBUG[0m [2mhyper::proto::h1::conn[0m[2m:[0m incoming body is content-length (550 bytes)
[2m2025-12-10T10:10:03.603579Z[0m [34mDEBUG[0m [2mhyper::proto::h1::conn[0m[2m:[0m incoming body completed
[2m2025-12-10T10:10:03.603586Z[0m [34mDEBUG[0m [2mhyper::client::pool[0m[2m:[0m pooling idle connection for ("http", 192.168.0.14:8545)
[2m2025-12-10T10:10:03.603591Z[0m [34mDEBUG[0m [2methereum_transaction_pool_monitor::eth_client[0m[2m:[0m 📡 Transaction fetch RPC completed in 8.2435ms
[2m2025-12-10T10:10:03.674484Z[0m [34mDEBUG[0m [2methereum_transaction_pool_monitor::eth_client[0m[2m:[0m ✅ Transaction 0x800d04b8d24bf1d1720bab8237bfc0230cb4b82d22d36cdf39b49b478bdd61af fetched and parsed in 79.133625ms
[2m2025-12-10T10:10:03.674510Z[0m [34mDEBUG[0m [2methereum_transaction_pool_monitor::mempool_monitor[0m[2m:[0m 🔍 Skipping tx 0x800d04b8d24bf1d1720bab8237bfc0230cb4b82d22d36cdf39b49b478bdd61af - not a DEX interaction (target: 0xd6b9DEb538A98af66E10E5991d3D609d2F56BdF0)
[2m2025-12-10T10:10:03.674524Z[0m [34mDEBUG[0m [2methereum_transaction_pool_monitor::mempool_monitor[0m[2m:[0m 📨 Processing new pending transaction: 0xfd5ca717ff463fe3b6bdd4c00419e1f8f800a82226f6c4f5e3b5cdcc160acbdd
[2m2025-12-10T10:10:03.674530Z[0m [34mDEBUG[0m [2methereum_transaction_pool_monitor::mempool_monitor[0m[2m:[0m 🔍 Fetching transaction details for: 0xfd5ca717ff463fe3b6bdd4c00419e1f8f800a82226f6c4f5e3b5cdcc160acbdd
[2m2025-12-10T10:10:03.674535Z[0m [34mDEBUG[0m [2methereum_transaction_pool_monitor::eth_client[0m[2m:[0m 🔍 Fetching transaction details for hash: 0xfd5ca717ff463fe3b6bdd4c00419e1f8f800a82226f6c4f5e3b5cdcc160acbdd
[2m2025-12-10T10:10:03.674557Z[0m [34mDEBUG[0m [2mhyper::client::pool[0m[2m:[0m reuse idle connection for ("http", 192.168.0.14:8545)
[2m2025-12-10T10:10:03.674588Z[0m [34mDEBUG[0m [2mhyper::proto::h1::io[0m[2m:[0m flushed 250 bytes
[2m2025-12-10T10:10:03.674610Z[0m [34mDEBUG[0m [2methereum_transaction_pool_monitor::eth_client[0m[2m:[0m 📨 Received WebSocket message: {"jsonrpc":"2.0","method":"eth_subscription","params":{"subscription":"0xbed0a0851463e895960a451075a301a9","result":"0x1c2d94b49f3caec04fa4cb6ef2203104e86185886c7f739c82ef24e243eea2f0"}}
[2m2025-12-10T10:10:03.674620Z[0m [34mDEBUG[0m [2methereum_transaction_pool_monitor::eth_client[0m[2m:[0m 📨 Received pending transaction: 0x1c2d94b49f3caec04fa4cb6ef2203104e86185886c7f739c82ef24e243eea2f0
[2m2025-12-10T10:10:03.674626Z[0m [34mDEBUG[0m [2methereum_transaction_pool_monitor::eth_client[0m[2m:[0m 📨 Received WebSocket message: {"jsonrpc":"2.0","method":"eth_subscription","params":{"subscription":"0xbed0a0851463e895960a451075a301a9","result":"0xf210109e38306ea8cc3a39b982ddf205981926217fb708a41d432b65b6ac952c"}}
[2m2025-12-10T10:10:03.674633Z[0m [34mDEBUG[0m [2methereum_transaction_pool_monitor::eth_client[0m[2m:[0m 📨 Received pending transaction: 0xf210109e38306ea8cc3a39b982ddf205981926217fb708a41d432b65b6ac952c
[2m2025-12-10T10:10:03.674640Z[0m [34mDEBUG[0m [2methereum_transaction_pool_monitor::eth_client[0m[2m:[0m 📨 Received WebSocket message: {"jsonrpc":"2.0","method":"eth_subscription","params":{"subscription":"0xbed0a0851463e895960a451075a301a9","result":"0x133e6c9c2a2f453351bbe90f020cdeb92ada8772c275ee34d61c28d1bc4a32da"}}
[2m2025-12-10T10:10:03.674648Z[0m [34mDEBUG[0m [2methereum_transaction_pool_monitor::eth_client[0m[2m:[0m 📨 Received pending transaction: 0x133e6c9c2a2f453351bbe90f020cdeb92ada8772c275ee34d61c28d1bc4a32da
[2m2025-12-10T10:10:03.674650Z[0m [34mDEBUG[0m [2mhyper::proto::h1::io[0m[2m:[0m parsed 4 headers
[2m2025-12-10T10:10:03.674654Z[0m [34mDEBUG[0m [2methereum_transaction_pool_monitor::eth_client[0m[2m:[0m 📨 Received WebSocket message: {"jsonrpc":"2.0","method":"eth_subscription","params":{"subscription":"0xbed0a0851463e895960a451075a301a9","result":"0xcbf041effde7d51d358b64aa7672338d20d36a1cbde36efa4817c88d147a2956"}}
[2m2025-12-10T10:10:03.674684Z[0m [34mDEBUG[0m [2mhyper::proto::h1::conn[0m[2m:[0m incoming body is content-length (45 bytes)
[2m2025-12-10T10:10:03.674690Z[0m [34mDEBUG[0m [2methereum_transaction_pool_monitor::eth_client[0m[2m:[0m 📨 Received pending transaction: 0xcbf041effde7d51d358b64aa7672338d20d36a1cbde36efa4817c88d147a2956
[2m2025-12-10T10:10:03.674696Z[0m [34mDEBUG[0m [2mhyper::proto::h1::conn[0m[2m:[0m incoming body completed
[2m2025-12-10T10:10:03.674698Z[0m [34mDEBUG[0m [2methereum_transaction_pool_monitor::eth_client[0m[2m:[0m 📨 Received WebSocket message: {"jsonrpc":"2.0","method":"eth_subscription","params":{"subscription":"0xbed0a0851463e895960a451075a301a9","result":"0xee88fb44cf1e06f151bebbbd4fa1090bef5d6e8610bc46c0033bc20d07a94494"}}
[2m2025-12-10T10:10:03.674706Z[0m [34mDEBUG[0m [2methereum_transaction_pool_monitor::eth_client[0m[2m:[0m 📨 Received pending transaction: 0xee88fb44cf1e06f151bebbbd4fa1090bef5d6e8610bc46c0033bc20d07a94494
[2m2025-12-10T10:10:03.674708Z[0m [34mDEBUG[0m [2mhyper::client::pool[0m[2m:[0m pooling idle connection for ("http", 192.168.0.14:8545)
[2m2025-12-10T10:10:03.674712Z[0m [34mDEBUG[0m [2methereum_transaction_pool_monitor::eth_client[0m[2m:[0m 📨 Received WebSocket message: {"jsonrpc":"2.0","method":"eth_subscription","params":{"subscription":"0xbed0a0851463e895960a451075a301a9","result":"0xca576287372e33ffc76472083b447d94db59bd3e5fdb12663bb5245baccd5f5f"}}
[2m2025-12-10T10:10:03.674723Z[0m [34mDEBUG[0m [2methereum_transaction_pool_monitor::eth_client[0m[2m:[0m 📨 Received pending transaction: 0xca576287372e33ffc76472083b447d94db59bd3e5fdb12663bb5245baccd5f5f
[2m2025-12-10T10:10:03.680476Z[0m [34mDEBUG[0m [2mhyper::proto::h1::io[0m[2m:[0m parsed 4 headers
[2m2025-12-10T10:10:03.680486Z[0m [34mDEBUG[0m [2mhyper::proto::h1::conn[0m[2m:[0m incoming body is content-length (771 bytes)
[2m2025-12-10T10:10:03.680492Z[0m [34mDEBUG[0m [2mhyper::proto::h1::conn[0m[2m:[0m incoming body completed
[2m2025-12-10T10:10:03.680500Z[0m [34mDEBUG[0m [2mhyper::client::pool[0m[2m:[0m pooling idle connection for ("http", 192.168.0.14:8545)
[2m2025-12-10T10:10:03.680506Z[0m [34mDEBUG[0m [2methereum_transaction_pool_monitor::eth_client[0m[2m:[0m 📡 Transaction fetch RPC completed in 5.964166ms
[2m2025-12-10T10:10:03.680525Z[0m [34mDEBUG[0m [2methereum_transaction_pool_monitor::eth_client[0m[2m:[0m DeFi transaction detected - Address: 0xdac17f958d2ee523a2206206994597c13d831ec7, Type: Stablecoin, Value: 0 ETH, Gas: 1.75 Gwei
[2m2025-12-10T10:10:03.680538Z[0m [34mDEBUG[0m [2methereum_transaction_pool_monitor::eth_client[0m[2m:[0m ✅ Transaction 0xfd5ca717ff463fe3b6bdd4c00419e1f8f800a82226f6c4f5e3b5cdcc160acbdd fetched and parsed in 5.995625ms
[2m2025-12-10T10:10:03.680543Z[0m [34mDEBUG[0m [2methereum_transaction_pool_monitor::mempool_monitor[0m[2m:[0m 🔍 Skipping tx 0xfd5ca717ff463fe3b6bdd4c00419e1f8f800a82226f6c4f5e3b5cdcc160acbdd - not a DEX interaction (target: 0xdAC17F958D2ee523a2206206994597C13D831ec7)
[2m2025-12-10T10:10:03.680550Z[0m [34mDEBUG[0m [2methereum_transaction_pool_monitor::mempool_monitor[0m[2m:[0m 📨 Processing new pending transaction: 0xb23e9c0ba7fdba21ddb9e862a1c85b5fa5242c29d48e3fb2772e96a2a01fdc18
[2m2025-12-10T10:10:03.680554Z[0m [34mDEBUG[0m [2methereum_transaction_pool_monitor::mempool_monitor[0m[2m:[0m 🔍 Fetching transaction details for: 0xb23e9c0ba7fdba21ddb9e862a1c85b5fa5242c29d48e3fb2772e96a2a01fdc18
[2m2025-12-10T10:10:03.680557Z[0m [34mDEBUG[0m [2methereum_transaction_pool_monitor::eth_client[0m[2m:[0m 🔍 Fetching transaction details for hash: 0xb23e9c0ba7fdba21ddb9e862a1c85b5fa5242c29d48e3fb2772e96a2a01fdc18
[2m2025-12-10T10:10:03.680570Z[0m [34mDEBUG[0m [2mhyper::client::pool[0m[2m:[0m reuse idle connection for ("http", 192.168.0.14:8545)
[2m2025-12-10T10:10:03.680596Z[0m [34mDEBUG[0m [2mhyper::proto::h1::io[0m[2m:[0m flushed 250 bytes
[2m2025-12-10T10:10:03.682378Z[0m [34mDEBUG[0m [2methereum_transaction_pool_monitor::eth_client[0m[2m:[0m 📨 Received WebSocket message: {"jsonrpc":"2.0","method":"eth_subscription","params":{"subscription":"0xbed0a0851463e895960a451075a301a9","result":"0x2965104207de6b7ae8fa83ce29fb81ddd5b485551273bb62d82b1c4710412f68"}}
[2m2025-12-10T10:10:03.682387Z[0m [34mDEBUG[0m [2methereum_transaction_pool_monitor::eth_client[0m[2m:[0m 📨 Received pending transaction: 0x2965104207de6b7ae8fa83ce29fb81ddd5b485551273bb62d82b1c4710412f68
[2m2025-12-10T10:10:03.684774Z[0m [34mDEBUG[0m [2methereum_transaction_pool_monitor::eth_client[0m[2m:[0m 📨 Received WebSocket message: {"jsonrpc":"2.0","method":"eth_subscription","params":{"subscription":"0xbed0a0851463e895960a451075a301a9","result":"0xbbaf3cd53e25a58de798c44c3d2b158712a9dd0013e67bce96e942e9662abff9"}}
[2m2025-12-10T10:10:03.684782Z[0m [34mDEBUG[0m [2methereum_transaction_pool_monitor::eth_client[0m[2m:[0m 📨 Received pending transaction: 0xbbaf3cd53e25a58de798c44c3d2b158712a9dd0013e67bce96e942e9662abff9
[2m2025-12-10T10:10:03.687837Z[0m [34mDEBUG[0m [2mhyper::proto::h1::io[0m[2m:[0m parsed 4 headers
[2m2025-12-10T10:10:03.687842Z[0m [34mDEBUG[0m [2mhyper::proto::h1::conn[0m[2m:[0m incoming body is content-length (770 bytes)
[2m2025-12-10T10:10:03.687848Z[0m [34mDEBUG[0m [2mhyper::proto::h1::conn[0m[2m:[0m incoming body completed
[2m2025-12-10T10:10:03.687859Z[0m [34mDEBUG[0m [2mhyper::client::pool[0m[2m:[0m pooling idle connection for ("http", 192.168.0.14:8545)
[2m2025-12-10T10:10:03.687865Z[0m [34mDEBUG[0m [2methereum_transaction_pool_monitor::eth_client[0m[2m:[0m 📡 Transaction fetch RPC completed in 7.303792ms
[2m2025-12-10T10:10:03.687877Z[0m [34mDEBUG[0m [2methereum_transaction_pool_monitor::eth_client[0m[2m:[0m DeFi transaction detected - Address: 0xdac17f958d2ee523a2206206994597c13d831ec7, Type: Stablecoin, Value: 0 ETH, Gas: 1.75 Gwei
[2m2025-12-10T10:10:03.687886Z[0m [34mDEBUG[0m [2methereum_transaction_pool_monitor::eth_client[0m[2m:[0m ✅ Transaction 0xb23e9c0ba7fdba21ddb9e862a1c85b5fa5242c29d48e3fb2772e96a2a01fdc18 fetched and parsed in 7.3255ms
[2m2025-12-10T10:10:03.687892Z[0m [34mDEBUG[0m [2methereum_transaction_pool_monitor::mempool_monitor[0m[2m:[0m 🔍 Skipping tx 0xb23e9c0ba7fdba21ddb9e862a1c85b5fa5242c29d48e3fb2772e96a2a01fdc18 - not a DEX interaction (target: 0xdAC17F958D2ee523a2206206994597C13D831ec7)
[2m2025-12-10T10:10:03.687897Z[0m [34mDEBUG[0m [2methereum_transaction_pool_monitor::mempool_monitor[0m[2m:[0m 📨 Processing new pending transaction: 0xb1bdde6ee218b3beea78a58c38879d01a0deccb99b69f86ba35e2eea8a6817e9
[2m2025-12-10T10:10:03.687901Z[0m [34mDEBUG[0m [2methereum_transaction_pool_monitor::mempool_monitor[0m[2m:[0m 🔍 Fetching transaction details for: 0xb1bdde6ee218b3beea78a58c38879d01a0deccb99b69f86ba35e2eea8a6817e9
[2m2025-12-10T10:10:03.687905Z[0m [34mDEBUG[0m [2methereum_transaction_pool_monitor::eth_client[0m[2m:[0m 🔍 Fetching transaction details for hash: 0xb1bdde6ee218b3beea78a58c38879d01a0deccb99b69f86ba35e2eea8a6817e9
[2m2025-12-10T10:10:03.687916Z[0m [34mDEBUG[0m [2mhyper::client::pool[0m[2m:[0m reuse idle connection for ("http", 192.168.0.14:8545)
[2m2025-12-10T10:10:03.687933Z[0m [34mDEBUG[0m [2mhyper::proto::h1::io[0m[2m:[0m flushed 250 bytes
[2m2025-12-10T10:10:03.693119Z[0m [34mDEBUG[0m [2methereum_transaction_pool_monitor::eth_client[0m[2m:[0m 📨 Received WebSocket message: {"jsonrpc":"2.0","method":"eth_subscription","params":{"subscription":"0xbed0a0851463e895960a451075a301a9","result":"0x52297671f52bc663298f1052446c19ac1c6342919d144b3eefc973fc66d5550f"}}
[2m2025-12-10T10:10:03.693136Z[0m [34mDEBUG[0m [2methereum_transaction_pool_monitor::eth_client[0m[2m:[0m 📨 Received pending transaction: 0x52297671f52bc663298f1052446c19ac1c6342919d144b3eefc973fc66d5550f
[2m2025-12-10T10:10:03.694949Z[0m [34mDEBUG[0m [2mhyper::proto::h1::io[0m[2m:[0m parsed 4 headers
[2m2025-12-10T10:10:03.694957Z[0m [34mDEBUG[0m [2mhyper::proto::h1::conn[0m[2m:[0m incoming body is content-length (771 bytes)
[2m2025-12-10T10:10:03.694964Z[0m [34mDEBUG[0m [2mhyper::proto::h1::conn[0m[2m:[0m incoming body completed
[2m2025-12-10T10:10:03.694972Z[0m [34mDEBUG[0m [2mhyper::client::pool[0m[2m:[0m pooling idle connection for ("http", 192.168.0.14:8545)
[2m2025-12-10T10:10:03.694979Z[0m [34mDEBUG[0m [2methereum_transaction_pool_monitor::eth_client[0m[2m:[0m 📡 Transaction fetch RPC completed in 7.070458ms
[2m2025-12-10T10:10:03.694993Z[0m [34mDEBUG[0m [2methereum_transaction_pool_monitor::eth_client[0m[2m:[0m DeFi transaction detected - Address: 0xdac17f958d2ee523a2206206994597c13d831ec7, Type: Stablecoin, Value: 0 ETH, Gas: 1.75 Gwei
[2m2025-12-10T10:10:03.695005Z[0m [34mDEBUG[0m [2methereum_transaction_pool_monitor::eth_client[0m[2m:[0m ✅ Transaction 0xb1bdde6ee218b3beea78a58c38879d01a0deccb99b69f86ba35e2eea8a6817e9 fetched and parsed in 7.095833ms
[2m2025-12-10T10:10:03.695011Z[0m [34mDEBUG[0m [2methereum_transaction_pool_monitor::mempool_monitor[0m[2m:[0m 🔍 Skipping tx 0xb1bdde6ee218b3beea78a58c38879d01a0deccb99b69f86ba35e2eea8a6817e9 - not a DEX interaction (target: 0xdAC17F958D2ee523a2206206994597C13D831ec7)
[2m2025-12-10T10:10:03.695017Z[0m [34mDEBUG[0m [2methereum_transaction_pool_monitor::mempool_monitor[0m[2m:[0m 📨 Processing new pending transaction: 0x782c574e18383e5266b73c4b1fc53e6ab78d1a5dd488bc51ef6e53bacd73250f
[2m2025-12-10T10:10:03.695021Z[0m [34mDEBUG[0m [2methereum_transaction_pool_monitor::mempool_monitor[0m[2m:[0m 🔍 Fetching transaction details for: 0x782c574e18383e5266b73c4b1fc53e6ab78d1a5dd488bc51ef6e53bacd73250f
[2m2025-12-10T10:10:03.695024Z[0m [34mDEBUG[0m [2methereum_transaction_pool_monitor::eth_client[0m[2m:[0m 🔍 Fetching transaction details for hash: 0x782c574e18383e5266b73c4b1fc53e6ab78d1a5dd488bc51ef6e53bacd73250f
[2m2025-12-10T10:10:03.695035Z[0m [34mDEBUG[0m [2mhyper::client::pool[0m[2m:[0m reuse idle connection for ("http", 192.168.0.14:8545)
[2m2025-12-10T10:10:03.695055Z[0m [34mDEBUG[0m [2mhyper::proto::h1::io[0m[2m:[0m flushed 250 bytes
[2m2025-12-10T10:10:03.696321Z[0m [34mDEBUG[0m [2mhyper::client::pool[0m[2m:[0m reuse idle connection for ("http", 192.168.0.14:8545)
[2m2025-12-10T10:10:03.696385Z[0m [34mDEBUG[0m [2mhyper::proto::h1::io[0m[2m:[0m flushed 172 bytes
[2m2025-12-10T10:10:03.699088Z[0m [34mDEBUG[0m [2methereum_transaction_pool_monitor::eth_client[0m[2m:[0m 📨 Received WebSocket message: {"jsonrpc":"2.0","method":"eth_subscription","params":{"subscription":"0xbed0a0851463e895960a451075a301a9","result":"0x7977f5dc134449148042c6f683614dc352d5010e1ccc307b77c94fff5778bf4d"}}
[2m2025-12-10T10:10:03.700533Z[0m [34mDEBUG[0m [2methereum_transaction_pool_monitor::eth_client[0m[2m:[0m 📨 Received pending transaction: 0x7977f5dc134449148042c6f683614dc352d5010e1ccc307b77c94fff5778bf4d
[2m2025-12-10T10:10:03.707800Z[0m [34mDEBUG[0m [2mhyper::proto::h1::io[0m[2m:[0m parsed 4 headers
[2m2025-12-10T10:10:03.707825Z[0m [34mDEBUG[0m [2mhyper::proto::h1::conn[0m[2m:[0m incoming body is content-length (769 bytes)
[2m2025-12-10T10:10:03.707849Z[0m [34mDEBUG[0m [2mhyper::proto::h1::conn[0m[2m:[0m incoming body completed
[2m2025-12-10T10:10:03.707886Z[0m [34mDEBUG[0m [2mhyper::client::pool[0m[2m:[0m pooling idle connection for ("http", 192.168.0.14:8545)
[2m2025-12-10T10:10:03.707900Z[0m [34mDEBUG[0m [2methereum_transaction_pool_monitor::eth_client[0m[2m:[0m 📡 Transaction fetch RPC completed in 12.872084ms
[2m2025-12-10T10:10:03.707916Z[0m [34mDEBUG[0m [2methereum_transaction_pool_monitor::eth_client[0m[2m:[0m DeFi transaction detected - Address: 0xdac17f958d2ee523a2206206994597c13d831ec7, Type: Stablecoin, Value: 0 ETH, Gas: 1.75 Gwei
[2m2025-12-10T10:10:03.707926Z[0m [34mDEBUG[0m [2methereum_transaction_pool_monitor::eth_client[0m[2m:[0m ✅ Transaction 0x782c574e18383e5266b73c4b1fc53e6ab78d1a5dd488bc51ef6e53bacd73250f fetched and parsed in 12.898209ms
[2m2025-12-10T10:10:03.707932Z[0m [34mDEBUG[0m [2methereum_transaction_pool_monitor::mempool_monitor[0m[2m:[0m 🔍 Skipping tx 0x782c574e18383e5266b73c4b1fc53e6ab78d1a5dd488bc51ef6e53bacd73250f - not a DEX interaction (target: 0xdAC17F958D2ee523a2206206994597C13D831ec7)
[2m2025-12-10T10:10:03.707939Z[0m [34mDEBUG[0m [2methereum_transaction_pool_monitor::mempool_monitor[0m[2m:[0m 📨 Processing new pending transaction: 0x7efbccd404a74c4a2418a148883172feba3fda2339640c5d88dd1a5ed084c391
[2m2025-12-10T10:10:03.707943Z[0m [34mDEBUG[0m [2methereum_transaction_pool_monitor::mempool_monitor[0m[2m:[0m 🔍 Fetching transaction details for: 0x7efbccd404a74c4a2418a148883172feba3fda2339640c5d88dd1a5ed084c391
[2m2025-12-10T10:10:03.707947Z[0m [34mDEBUG[0m [2methereum_transaction_pool_monitor::eth_client[0m[2m:[0m 🔍 Fetching transaction details for hash: 0x7efbccd404a74c4a2418a148883172feba3fda2339640c5d88dd1a5ed084c391
[2m2025-12-10T10:10:03.707959Z[0m [34mDEBUG[0m [2mhyper::client::pool[0m[2m:[0m reuse idle connection for ("http", 192.168.0.14:8545)
[2m2025-12-10T10:10:03.707985Z[0m [34mDEBUG[0m [2mhyper::proto::h1::io[0m[2m:[0m flushed 250 bytes
[2m2025-12-10T10:10:03.710487Z[0m [34mDEBUG[0m [2methereum_transaction_pool_monitor::eth_client[0m[2m:[0m 📨 Received WebSocket message: {"jsonrpc":"2.0","method":"eth_subscription","params":{"subscription":"0xbed0a0851463e895960a451075a301a9","result":"0x6205b2f3d38bec6133f67761e9314454d3d223ef4cb8f6c849bd2c73420ae5a4"}}
[2m2025-12-10T10:10:03.710500Z[0m [34mDEBUG[0m [2methereum_transaction_pool_monitor::eth_client[0m[2m:[0m 📨 Received pending transaction: 0x6205b2f3d38bec6133f67761e9314454d3d223ef4cb8f6c849bd2c73420ae5a4
[2m2025-12-10T10:10:03.710505Z[0m [34mDEBUG[0m [2methereum_transaction_pool_monitor::eth_client[0m[2m:[0m 📨 Received WebSocket message: {"jsonrpc":"2.0","method":"eth_subscription","params":{"subscription":"0xbed0a0851463e895960a451075a301a9","result":"0xb060e1989a134bdf1ae1b79a1ab0d3a861df64c29b18f96cefa18a07d2789c77"}}
[2m2025-12-10T10:10:03.710513Z[0m [34mDEBUG[0m [2methereum_transaction_pool_monitor::eth_client[0m[2m:[0m 📨 Received pending transaction: 0xb060e1989a134bdf1ae1b79a1ab0d3a861df64c29b18f96cefa18a07d2789c77
[2m2025-12-10T10:10:03.710523Z[0m [34mDEBUG[0m [2mhyper::proto::h1::io[0m[2m:[0m parsed 4 headers
[2m2025-12-10T10:10:03.710529Z[0m [34mDEBUG[0m [2mhyper::proto::h1::conn[0m[2m:[0m incoming body is content-length (45 bytes)
[2m2025-12-10T10:10:03.710535Z[0m [34mDEBUG[0m [2mhyper::proto::h1::conn[0m[2m:[0m incoming body completed
[2m2025-12-10T10:10:03.710542Z[0m [34mDEBUG[0m [2mhyper::client::pool[0m[2m:[0m pooling idle connection for ("http", 192.168.0.14:8545)
[2m2025-12-10T10:10:03.715572Z[0m [34mDEBUG[0m [2mhyper::proto::h1::io[0m[2m:[0m parsed 4 headers
[2m2025-12-10T10:10:03.715586Z[0m [34mDEBUG[0m [2mhyper::proto::h1::conn[0m[2m:[0m incoming body is content-length (771 bytes)
[2m2025-12-10T10:10:03.715591Z[0m [34mDEBUG[0m [2mhyper::proto::h1::conn[0m[2m:[0m incoming body completed
[2m2025-12-10T10:10:03.715598Z[0m [34mDEBUG[0m [2mhyper::client::pool[0m[2m:[0m pooling idle connection for ("http", 192.168.0.14:8545)
[2m2025-12-10T10:10:03.715603Z[0m [34mDEBUG[0m [2methereum_transaction_pool_monitor::eth_client[0m[2m:[0m 📡 Transaction fetch RPC completed in 7.652459ms
[2m2025-12-10T10:10:03.715614Z[0m [34mDEBUG[0m [2methereum_transaction_pool_monitor::eth_client[0m[2m:[0m DeFi transaction detected - Address: 0xdac17f958d2ee523a2206206994597c13d831ec7, Type: Stablecoin, Value: 0 ETH, Gas: 1.75 Gwei
[2m2025-12-10T10:10:03.715623Z[0m [34mDEBUG[0m [2methereum_transaction_pool_monitor::eth_client[0m[2m:[0m ✅ Transaction 0x7efbccd404a74c4a2418a148883172feba3fda2339640c5d88dd1a5ed084c391 fetched and parsed in 7.671959ms
[2m2025-12-10T10:10:03.715628Z[0m [34mDEBUG[0m [2methereum_transaction_pool_monitor::mempool_monitor[0m[2m:[0m 🔍 Skipping tx 0x7efbccd404a74c4a2418a148883172feba3fda2339640c5d88dd1a5ed084c391 - not a DEX interaction (target: 0xdAC17F958D2ee523a2206206994597C13D831ec7)
[2m2025-12-10T10:10:03.715634Z[0m [34mDEBUG[0m [2methereum_transaction_pool_monitor::mempool_monitor[0m[2m:[0m 📨 Processing new pending transaction: 0x0bbc676440e280036690c6b3f477e0ef63431e3d3c1f8d75d72d82ef6eb2494a
[2m2025-12-10T10:10:03.715641Z[0m [34mDEBUG[0m [2methereum_transaction_pool_monitor::mempool_monitor[0m[2m:[0m 🔍 Fetching transaction details for: 0x0bbc676440e280036690c6b3f477e0ef63431e3d3c1f8d75d72d82ef6eb2494a
[2m2025-12-10T10:10:03.715645Z[0m [34mDEBUG[0m [2methereum_transaction_pool_monitor::eth_client[0m[2m:[0m 🔍 Fetching transaction details for hash: 0x0bbc676440e280036690c6b3f477e0ef63431e3d3c1f8d75d72d82ef6eb2494a
[2m2025-12-10T10:10:03.715655Z[0m [34mDEBUG[0m [2mhyper::client::pool[0m[2m:[0m reuse idle connection for ("http", 192.168.0.14:8545)
[2m2025-12-10T10:10:03.715677Z[0m [34mDEBUG[0m [2mhyper::proto::h1::io[0m[2m:[0m flushed 250 bytes
[2m2025-12-10T10:10:03.727901Z[0m [34mDEBUG[0m [2methereum_transaction_pool_monitor::eth_client[0m[2m:[0m 📨 Received WebSocket message: {"jsonrpc":"2.0","method":"eth_subscription","params":{"subscription":"0xbed0a0851463e895960a451075a301a9","result":"0x86ed652f17becdd084c5fd914e21910e018e19e7f921d90cce4173a939aa46a5"}}
[2m2025-12-10T10:10:03.727916Z[0m [34mDEBUG[0m [2methereum_transaction_pool_monitor::eth_client[0m[2m:[0m 📨 Received pending transaction: 0x86ed652f17becdd084c5fd914e21910e018e19e7f921d90cce4173a939aa46a5
[2m2025-12-10T10:10:03.727921Z[0m [34mDEBUG[0m [2methereum_transaction_pool_monitor::eth_client[0m[2m:[0m 📨 Received WebSocket message: {"jsonrpc":"2.0","method":"eth_subscription","params":{"subscription":"0xbed0a0851463e895960a451075a301a9","result":"0xd63422757017c4e397673d0d88db79c293246cb795f3aad80342290eebd58494"}}
[2m2025-12-10T10:10:03.727928Z[0m [34mDEBUG[0m [2methereum_transaction_pool_monitor::eth_client[0m[2m:[0m 📨 Received pending transaction: 0xd63422757017c4e397673d0d88db79c293246cb795f3aad80342290eebd58494
[2m2025-12-10T10:10:03.727939Z[0m [34mDEBUG[0m [2mhyper::proto::h1::io[0m[2m:[0m parsed 4 headers
[2m2025-12-10T10:10:03.727945Z[0m [34mDEBUG[0m [2mhyper::proto::h1::conn[0m[2m:[0m incoming body is content-length (645 bytes)
[2m2025-12-10T10:10:03.727951Z[0m [34mDEBUG[0m [2mhyper::proto::h1::conn[0m[2m:[0m incoming body completed
[2m2025-12-10T10:10:03.727960Z[0m [34mDEBUG[0m [2mhyper::client::pool[0m[2m:[0m pooling idle connection for ("http", 192.168.0.14:8545)
[2m2025-12-10T10:10:03.727967Z[0m [34mDEBUG[0m [2methereum_transaction_pool_monitor::eth_client[0m[2m:[0m 📡 Transaction fetch RPC completed in 12.31825ms
[2m2025-12-10T10:10:03.799841Z[0m [34mDEBUG[0m [2methereum_transaction_pool_monitor::eth_client[0m[2m:[0m ✅ Transaction 0x0bbc676440e280036690c6b3f477e0ef63431e3d3c1f8d75d72d82ef6eb2494a fetched and parsed in 84.189417ms
[2m2025-12-10T10:10:03.799871Z[0m [34mDEBUG[0m [2methereum_transaction_pool_monitor::mempool_monitor[0m[2m:[0m 🔍 Skipping tx 0x0bbc676440e280036690c6b3f477e0ef63431e3d3c1f8d75d72d82ef6eb2494a - not a DEX interaction (target: 0xfa5e2Dfbd7d6A66354b720f7F56F036FEbfF88ac)
[2m2025-12-10T10:10:03.799881Z[0m [34mDEBUG[0m [2methereum_transaction_pool_monitor::mempool_monitor[0m[2m:[0m 📨 Processing new pending transaction: 0xfbe0460ac3663b363d679231d8373f28f34592a66e798d65c7d9f082e8930822
[2m2025-12-10T10:10:03.799889Z[0m [34mDEBUG[0m [2methereum_transaction_pool_monitor::mempool_monitor[0m[2m:[0m 🔍 Fetching transaction details for: 0xfbe0460ac3663b363d679231d8373f28f34592a66e798d65c7d9f082e8930822
[2m2025-12-10T10:10:03.799895Z[0m [34mDEBUG[0m [2methereum_transaction_pool_monitor::eth_client[0m[2m:[0m 🔍 Fetching transaction details for hash: 0xfbe0460ac3663b363d679231d8373f28f34592a66e798d65c7d9f082e8930822
[2m2025-12-10T10:10:03.799918Z[0m [34mDEBUG[0m [2mhyper::client::pool[0m[2m:[0m reuse idle connection for ("http", 192.168.0.14:8545)
[2m2025-12-10T10:10:03.799954Z[0m [34mDEBUG[0m [2mhyper::proto::h1::io[0m[2m:[0m flushed 250 bytes
[2m2025-12-10T10:10:03.799977Z[0m [34mDEBUG[0m [2mhyper::client::pool[0m[2m:[0m reuse idle connection for ("http", 192.168.0.14:8545)
[2m2025-12-10T10:10:03.799989Z[0m [34mDEBUG[0m [2mhyper::proto::h1::io[0m[2m:[0m flushed 172 bytes
[2m2025-12-10T10:10:03.800028Z[0m [34mDEBUG[0m [2methereum_transaction_pool_monitor::eth_client[0m[2m:[0m 📨 Received WebSocket message: {"jsonrpc":"2.0","method":"eth_subscription","params":{"subscription":"0xbed0a0851463e895960a451075a301a9","result":"0xd3ffce119c0c71f443a7a17b771ad19b58aa6d2b6ed53a786ce2ee7b35db1f9a"}}
[2m2025-12-10T10:10:03.800037Z[0m [34mDEBUG[0m [2methereum_transaction_pool_monitor::eth_client[0m[2m:[0m 📨 Received pending transaction: 0xd3ffce119c0c71f443a7a17b771ad19b58aa6d2b6ed53a786ce2ee7b35db1f9a
[2m2025-12-10T10:10:03.800043Z[0m [34mDEBUG[0m [2methereum_transaction_pool_monitor::eth_client[0m[2m:[0m 📨 Received WebSocket message: {"jsonrpc":"2.0","method":"eth_subscription","params":{"subscription":"0xbed0a0851463e895960a451075a301a9","result":"0xa7309a31327e093901e0f320ca7d1aae15077a228010cb52bcd11e8bb575ca1f"}}
[2m2025-12-10T10:10:03.800048Z[0m [34mDEBUG[0m [2methereum_transaction_pool_monitor::eth_client[0m[2m:[0m 📨 Received pending transaction: 0xa7309a31327e093901e0f320ca7d1aae15077a228010cb52bcd11e8bb575ca1f
[2m2025-12-10T10:10:03.809503Z[0m [34mDEBUG[0m [2mhyper::proto::h1::io[0m[2m:[0m parsed 4 headers
[2m2025-12-10T10:10:03.809524Z[0m [34mDEBUG[0m [2mhyper::proto::h1::conn[0m[2m:[0m incoming body is content-length (45 bytes)
[2m2025-12-10T10:10:03.809536Z[0m [34mDEBUG[0m [2mhyper::proto::h1::conn[0m[2m:[0m incoming body completed
[2m2025-12-10T10:10:03.809548Z[0m [34mDEBUG[0m [2mhyper::client::pool[0m[2m:[0m pooling idle connection for ("http", 192.168.0.14:8545)
[2m2025-12-10T10:10:03.811327Z[0m [34mDEBUG[0m [2mhyper::proto::h1::io[0m[2m:[0m parsed 4 headers
[2m2025-12-10T10:10:03.811340Z[0m [34mDEBUG[0m [2mhyper::proto::h1::conn[0m[2m:[0m incoming body is content-length (707 bytes)
[2m2025-12-10T10:10:03.811349Z[0m [34mDEBUG[0m [2mhyper::proto::h1::conn[0m[2m:[0m incoming body completed
[2m2025-12-10T10:10:03.811360Z[0m [34mDEBUG[0m [2mhyper::client::pool[0m[2m:[0m pooling idle connection for ("http", 192.168.0.14:8545)
[2m2025-12-10T10:10:03.811368Z[0m [34mDEBUG[0m [2methereum_transaction_pool_monitor::eth_client[0m[2m:[0m 📡 Transaction fetch RPC completed in 11.468708ms
[2m2025-12-10T10:10:03.883845Z[0m [34mDEBUG[0m [2methereum_transaction_pool_monitor::eth_client[0m[2m:[0m ✅ Transaction 0xfbe0460ac3663b363d679231d8373f28f34592a66e798d65c7d9f082e8930822 fetched and parsed in 83.943708ms
[2m2025-12-10T10:10:03.883871Z[0m [34mDEBUG[0m [2methereum_transaction_pool_monitor::mempool_monitor[0m[2m:[0m 🔍 Skipping tx 0xfbe0460ac3663b363d679231d8373f28f34592a66e798d65c7d9f082e8930822 - not a DEX interaction (target: 0x45118b56D5066A6352D78D15f795CFab33C4DEF3)
[2m2025-12-10T10:10:03.883881Z[0m [34mDEBUG[0m [2methereum_transaction_pool_monitor::mempool_monitor[0m[2m:[0m 📨 Processing new pending transaction: 0xa57f65c7db1c00499912039055f21d1cecb87efc56deaece64ba8ac1ddc3de86
[2m2025-12-10T10:10:03.883887Z[0m [34mDEBUG[0m [2methereum_transaction_pool_monitor::mempool_monitor[0m[2m:[0m 🔍 Fetching transaction details for: 0xa57f65c7db1c00499912039055f21d1cecb87efc56deaece64ba8ac1ddc3de86
[2m2025-12-10T10:10:03.883894Z[0m [34mDEBUG[0m [2methereum_transaction_pool_monitor::eth_client[0m[2m:[0m 🔍 Fetching transaction details for hash: 0xa57f65c7db1c00499912039055f21d1cecb87efc56deaece64ba8ac1ddc3de86
[2m2025-12-10T10:10:03.883911Z[0m [34mDEBUG[0m [2mhyper::client::pool[0m[2m:[0m reuse idle connection for ("http", 192.168.0.14:8545)
[2m2025-12-10T10:10:03.883957Z[0m [34mDEBUG[0m [2mhyper::proto::h1::io[0m[2m:[0m flushed 250 bytes
[2m2025-12-10T10:10:03.883991Z[0m [34mDEBUG[0m [2methereum_transaction_pool_monitor::eth_client[0m[2m:[0m 📨 Received WebSocket message: {"jsonrpc":"2.0","method":"eth_subscription","params":{"subscription":"0xbed0a0851463e895960a451075a301a9","result":"0x386a07263968a1a30c29406c52641323deb5ae8bd7a4245aedb3d3d648cdcb02"}}
[2m2025-12-10T10:10:03.884004Z[0m [34mDEBUG[0m [2methereum_transaction_pool_monitor::eth_client[0m[2m:[0m 📨 Received pending transaction: 0x386a07263968a1a30c29406c52641323deb5ae8bd7a4245aedb3d3d648cdcb02
[2m2025-12-10T10:10:03.887592Z[0m [34mDEBUG[0m [2mhyper::proto::h1::io[0m[2m:[0m parsed 4 headers
[2m2025-12-10T10:10:03.887616Z[0m [34mDEBUG[0m [2mhyper::proto::h1::conn[0m[2m:[0m incoming body is content-length (771 bytes)
[2m2025-12-10T10:10:03.887641Z[0m [34mDEBUG[0m [2mhyper::proto::h1::conn[0m[2m:[0m incoming body completed
[2m2025-12-10T10:10:03.887668Z[0m [34mDEBUG[0m [2mhyper::client::pool[0m[2m:[0m pooling idle connection for ("http", 192.168.0.14:8545)
[2m2025-12-10T10:10:03.887675Z[0m [34mDEBUG[0m [2methereum_transaction_pool_monitor::eth_client[0m[2m:[0m 📡 Transaction fetch RPC completed in 3.776958ms
[2m2025-12-10T10:10:03.887692Z[0m [34mDEBUG[0m [2methereum_transaction_pool_monitor::eth_client[0m[2m:[0m DeFi transaction detected - Address: 0xdac17f958d2ee523a2206206994597c13d831ec7, Type: Stablecoin, Value: 0 ETH, Gas: 1.75 Gwei
[2m2025-12-10T10:10:03.887706Z[0m [34mDEBUG[0m [2methereum_transaction_pool_monitor::eth_client[0m[2m:[0m ✅ Transaction 0xa57f65c7db1c00499912039055f21d1cecb87efc56deaece64ba8ac1ddc3de86 fetched and parsed in 3.807292ms
[2m2025-12-10T10:10:03.887711Z[0m [34mDEBUG[0m [2methereum_transaction_pool_monitor::mempool_monitor[0m[2m:[0m 🔍 Skipping tx 0xa57f65c7db1c00499912039055f21d1cecb87efc56deaece64ba8ac1ddc3de86 - not a DEX interaction (target: 0xdAC17F958D2ee523a2206206994597C13D831ec7)
[2m2025-12-10T10:10:03.887718Z[0m [34mDEBUG[0m [2methereum_transaction_pool_monitor::mempool_monitor[0m[2m:[0m 📨 Processing new pending transaction: 0x23e14ed6c8d38cb0aa2f69bb4bc75a400a6debe8b92f1a1b7bfe530cfd517a3d
[2m2025-12-10T10:10:03.887722Z[0m [34mDEBUG[0m [2methereum_transaction_pool_monitor::mempool_monitor[0m[2m:[0m 🔍 Fetching transaction details for: 0x23e14ed6c8d38cb0aa2f69bb4bc75a400a6debe8b92f1a1b7bfe530cfd517a3d
[2m2025-12-10T10:10:03.887725Z[0m [34mDEBUG[0m [2methereum_transaction_pool_monitor::eth_client[0m[2m:[0m 🔍 Fetching transaction details for hash: 0x23e14ed6c8d38cb0aa2f69bb4bc75a400a6debe8b92f1a1b7bfe530cfd517a3d
[2m2025-12-10T10:10:03.887739Z[0m [34mDEBUG[0m [2mhyper::client::pool[0m[2m:[0m reuse idle connection for ("http", 192.168.0.14:8545)
[2m2025-12-10T10:10:03.887759Z[0m [34mDEBUG[0m [2mhyper::proto::h1::io[0m[2m:[0m flushed 250 bytes
[2m2025-12-10T10:10:03.892328Z[0m [34mDEBUG[0m [2mhyper::proto::h1::io[0m[2m:[0m parsed 4 headers
[2m2025-12-10T10:10:03.892337Z[0m [34mDEBUG[0m [2mhyper::proto::h1::conn[0m[2m:[0m incoming body is content-length (770 bytes)
[2m2025-12-10T10:10:03.892344Z[0m [34mDEBUG[0m [2mhyper::proto::h1::conn[0m[2m:[0m incoming body completed
[2m2025-12-10T10:10:03.892351Z[0m [34mDEBUG[0m [2mhyper::client::pool[0m[2m:[0m pooling idle connection for ("http", 192.168.0.14:8545)
[2m2025-12-10T10:10:03.892359Z[0m [34mDEBUG[0m [2methereum_transaction_pool_monitor::eth_client[0m[2m:[0m 📡 Transaction fetch RPC completed in 4.6305ms
[2m2025-12-10T10:10:03.892371Z[0m [34mDEBUG[0m [2methereum_transaction_pool_monitor::eth_client[0m[2m:[0m DeFi transaction detected - Address: 0xdac17f958d2ee523a2206206994597c13d831ec7, Type: Stablecoin, Value: 0 ETH, Gas: 1.75 Gwei
[2m2025-12-10T10:10:03.892382Z[0m [34mDEBUG[0m [2methereum_transaction_pool_monitor::eth_client[0m[2m:[0m ✅ Transaction 0x23e14ed6c8d38cb0aa2f69bb4bc75a400a6debe8b92f1a1b7bfe530cfd517a3d fetched and parsed in 4.653ms
[2m2025-12-10T10:10:03.892389Z[0m [34mDEBUG[0m [2methereum_transaction_pool_monitor::mempool_monitor[0m[2m:[0m 🔍 Skipping tx 0x23e14ed6c8d38cb0aa2f69bb4bc75a400a6debe8b92f1a1b7bfe530cfd517a3d - not a DEX interaction (target: 0xdAC17F958D2ee523a2206206994597C13D831ec7)
[2m2025-12-10T10:10:03.892395Z[0m [34mDEBUG[0m [2methereum_transaction_pool_monitor::mempool_monitor[0m[2m:[0m 📨 Processing new pending transaction: 0x9e38f3f410c1a61f8abb2ad392642448107ba7d90c3718fb03b37bc55091cd0d
[2m2025-12-10T10:10:03.892400Z[0m [34mDEBUG[0m [2methereum_transaction_pool_monitor::mempool_monitor[0m[2m:[0m 🔍 Fetching transaction details for: 0x9e38f3f410c1a61f8abb2ad392642448107ba7d90c3718fb03b37bc55091cd0d
[2m2025-12-10T10:10:03.892406Z[0m [34mDEBUG[0m [2methereum_transaction_pool_monitor::eth_client[0m[2m:[0m 🔍 Fetching transaction details for hash: 0x9e38f3f410c1a61f8abb2ad392642448107ba7d90c3718fb03b37bc55091cd0d
[2m2025-12-10T10:10:03.892418Z[0m [34mDEBUG[0m [2mhyper::client::pool[0m[2m:[0m reuse idle connection for ("http", 192.168.0.14:8545)
[2m2025-12-10T10:10:03.892444Z[0m [34mDEBUG[0m [2mhyper::proto::h1::io[0m[2m:[0m flushed 250 bytes
[2m2025-12-10T10:10:03.896179Z[0m [34mDEBUG[0m [2mhyper::client::pool[0m[2m:[0m reuse idle connection for ("http", 192.168.0.14:8545)
[2m2025-12-10T10:10:03.896187Z[0m [34mDEBUG[0m [2mhyper::proto::h1::io[0m[2m:[0m parsed 4 headers
[2m2025-12-10T10:10:03.896195Z[0m [34mDEBUG[0m [2mhyper::proto::h1::conn[0m[2m:[0m incoming body is content-length (770 bytes)
[2m2025-12-10T10:10:03.896206Z[0m [34mDEBUG[0m [2mhyper::proto::h1::io[0m[2m:[0m flushed 172 bytes
[2m2025-12-10T10:10:03.896208Z[0m [34mDEBUG[0m [2mhyper::proto::h1::conn[0m[2m:[0m incoming body completed
[2m2025-12-10T10:10:03.896220Z[0m [34mDEBUG[0m [2mhyper::client::pool[0m[2m:[0m pooling idle connection for ("http", 192.168.0.14:8545)
[2m2025-12-10T10:10:03.896228Z[0m [34mDEBUG[0m [2methereum_transaction_pool_monitor::eth_client[0m[2m:[0m 📡 Transaction fetch RPC completed in 3.81675ms
[2m2025-12-10T10:10:03.896244Z[0m [34mDEBUG[0m [2methereum_transaction_pool_monitor::eth_client[0m[2m:[0m DeFi transaction detected - Address: 0xdac17f958d2ee523a2206206994597c13d831ec7, Type: Stablecoin, Value: 0 ETH, Gas: 1.75 Gwei
[2m2025-12-10T10:10:03.896256Z[0m [34mDEBUG[0m [2methereum_transaction_pool_monitor::eth_client[0m[2m:[0m ✅ Transaction 0x9e38f3f410c1a61f8abb2ad392642448107ba7d90c3718fb03b37bc55091cd0d fetched and parsed in 3.844333ms
[2m2025-12-10T10:10:03.896264Z[0m [34mDEBUG[0m [2methereum_transaction_pool_monitor::mempool_monitor[0m[2m:[0m 🔍 Skipping tx 0x9e38f3f410c1a61f8abb2ad392642448107ba7d90c3718fb03b37bc55091cd0d - not a DEX interaction (target: 0xdAC17F958D2ee523a2206206994597C13D831ec7)
[2m2025-12-10T10:10:03.896273Z[0m [34mDEBUG[0m [2methereum_transaction_pool_monitor::mempool_monitor[0m[2m:[0m 📨 Processing new pending transaction: 0x677dbdc605087e34bed92d76b6dc8d8fbddd9f3e4092828722418288568ed80b
[2m2025-12-10T10:10:03.896278Z[0m [34mDEBUG[0m [2methereum_transaction_pool_monitor::mempool_monitor[0m[2m:[0m 🔍 Fetching transaction details for: 0x677dbdc605087e34bed92d76b6dc8d8fbddd9f3e4092828722418288568ed80b
[2m2025-12-10T10:10:03.896282Z[0m [34mDEBUG[0m [2methereum_transaction_pool_monitor::eth_client[0m[2m:[0m 🔍 Fetching transaction details for hash: 0x677dbdc605087e34bed92d76b6dc8d8fbddd9f3e4092828722418288568ed80b
[2m2025-12-10T10:10:03.896293Z[0m [34mDEBUG[0m [2mhyper::client::pool[0m[2m:[0m reuse idle connection for ("http", 192.168.0.14:8545)
[2m2025-12-10T10:10:03.896308Z[0m [34mDEBUG[0m [2mhyper::proto::h1::io[0m[2m:[0m flushed 250 bytes
[2m2025-12-10T10:10:03.899799Z[0m [34mDEBUG[0m [2mhyper::proto::h1::io[0m[2m:[0m parsed 4 headers
[2m2025-12-10T10:10:03.899807Z[0m [34mDEBUG[0m [2mhyper::proto::h1::conn[0m[2m:[0m incoming body is content-length (45 bytes)
[2m2025-12-10T10:10:03.899812Z[0m [34mDEBUG[0m [2mhyper::proto::h1::conn[0m[2m:[0m incoming body completed
[2m2025-12-10T10:10:03.899820Z[0m [34mDEBUG[0m [2mhyper::client::pool[0m[2m:[0m pooling idle connection for ("http", 192.168.0.14:8545)
[2m2025-12-10T10:10:03.900386Z[0m [34mDEBUG[0m [2mhyper::proto::h1::io[0m[2m:[0m parsed 4 headers
[2m2025-12-10T10:10:03.900407Z[0m [34mDEBUG[0m [2mhyper::proto::h1::conn[0m[2m:[0m incoming body is content-length (770 bytes)
[2m2025-12-10T10:10:03.900425Z[0m [34mDEBUG[0m [2mhyper::proto::h1::conn[0m[2m:[0m incoming body completed
[2m2025-12-10T10:10:03.900449Z[0m [34mDEBUG[0m [2mhyper::client::pool[0m[2m:[0m pooling idle connection for ("http", 192.168.0.14:8545)
[2m2025-12-10T10:10:03.900456Z[0m [34mDEBUG[0m [2methereum_transaction_pool_monitor::eth_client[0m[2m:[0m 📡 Transaction fetch RPC completed in 4.1685ms
[2m2025-12-10T10:10:03.900481Z[0m [34mDEBUG[0m [2methereum_transaction_pool_monitor::eth_client[0m[2m:[0m DeFi transaction detected - Address: 0xdac17f958d2ee523a2206206994597c13d831ec7, Type: Stablecoin, Value: 0 ETH, Gas: 1.75 Gwei
[2m2025-12-10T10:10:03.900493Z[0m [34mDEBUG[0m [2methereum_transaction_pool_monitor::eth_client[0m[2m:[0m ✅ Transaction 0x677dbdc605087e34bed92d76b6dc8d8fbddd9f3e4092828722418288568ed80b fetched and parsed in 4.205875ms
[2m2025-12-10T10:10:03.900499Z[0m [34mDEBUG[0m [2methereum_transaction_pool_monitor::mempool_monitor[0m[2m:[0m 🔍 Skipping tx 0x677dbdc605087e34bed92d76b6dc8d8fbddd9f3e4092828722418288568ed80b - not a DEX interaction (target: 0xdAC17F958D2ee523a2206206994597C13D831ec7)
[2m2025-12-10T10:10:03.900506Z[0m [34mDEBUG[0m [2methereum_transaction_pool_monitor::mempool_monitor[0m[2m:[0m 📨 Processing new pending transaction: 0xf0427465714ea0624996373fab9d35f3c96ad102068da031066a3bf0000fd400
[2m2025-12-10T10:10:03.900512Z[0m [34mDEBUG[0m [2methereum_transaction_pool_monitor::mempool_monitor[0m[2m:[0m 🔍 Fetching transaction details for: 0xf0427465714ea0624996373fab9d35f3c96ad102068da031066a3bf0000fd400
[2m2025-12-10T10:10:03.900516Z[0m [34mDEBUG[0m [2methereum_transaction_pool_monitor::eth_client[0m[2m:[0m 🔍 Fetching transaction details for hash: 0xf0427465714ea0624996373fab9d35f3c96ad102068da031066a3bf0000fd400
[2m2025-12-10T10:10:03.900526Z[0m [34mDEBUG[0m [2mhyper::client::pool[0m[2m:[0m reuse idle connection for ("http", 192.168.0.14:8545)
[2m2025-12-10T10:10:03.900552Z[0m [34mDEBUG[0m [2mhyper::proto::h1::io[0m[2m:[0m flushed 250 bytes
[2m2025-12-10T10:10:03.904241Z[0m [34mDEBUG[0m [2mhyper::proto::h1::io[0m[2m:[0m parsed 4 headers
[2m2025-12-10T10:10:03.904268Z[0m [34mDEBUG[0m [2mhyper::proto::h1::conn[0m[2m:[0m incoming body is content-length (770 bytes)
[2m2025-12-10T10:10:03.904290Z[0m [34mDEBUG[0m [2mhyper::proto::h1::conn[0m[2m:[0m incoming body completed
[2m2025-12-10T10:10:03.904298Z[0m [34mDEBUG[0m [2mhyper::client::pool[0m[2m:[0m pooling idle connection for ("http", 192.168.0.14:8545)
[2m2025-12-10T10:10:03.904304Z[0m [34mDEBUG[0m [2methereum_transaction_pool_monitor::eth_client[0m[2m:[0m 📡 Transaction fetch RPC completed in 3.782708ms
[2m2025-12-10T10:10:03.904327Z[0m [34mDEBUG[0m [2methereum_transaction_pool_monitor::eth_client[0m[2m:[0m DeFi transaction detected - Address: 0xdac17f958d2ee523a2206206994597c13d831ec7, Type: Stablecoin, Value: 0 ETH, Gas: 1.75 Gwei
[2m2025-12-10T10:10:03.904336Z[0m [34mDEBUG[0m [2methereum_transaction_pool_monitor::eth_client[0m[2m:[0m ✅ Transaction 0xf0427465714ea0624996373fab9d35f3c96ad102068da031066a3bf0000fd400 fetched and parsed in 3.815125ms
[2m2025-12-10T10:10:03.904341Z[0m [34mDEBUG[0m [2methereum_transaction_pool_monitor::mempool_monitor[0m[2m:[0m 🔍 Skipping tx 0xf0427465714ea0624996373fab9d35f3c96ad102068da031066a3bf0000fd400 - not a DEX interaction (target: 0xdAC17F958D2ee523a2206206994597C13D831ec7)
[2m2025-12-10T10:10:03.904347Z[0m [34mDEBUG[0m [2methereum_transaction_pool_monitor::mempool_monitor[0m[2m:[0m 📨 Processing new pending transaction: 0x604c97b8c77bf63bdf3f5900267b344b1d132287e104756f1e9a71027d9dc381
[2m2025-12-10T10:10:03.904351Z[0m [34mDEBUG[0m [2methereum_transaction_pool_monitor::mempool_monitor[0m[2m:[0m 🔍 Fetching transaction details for: 0x604c97b8c77bf63bdf3f5900267b344b1d132287e104756f1e9a71027d9dc381
[2m2025-12-10T10:10:03.904355Z[0m [34mDEBUG[0m [2methereum_transaction_pool_monitor::eth_client[0m[2m:[0m 🔍 Fetching transaction details for hash: 0x604c97b8c77bf63bdf3f5900267b344b1d132287e104756f1e9a71027d9dc381
[2m2025-12-10T10:10:03.904365Z[0m [34mDEBUG[0m [2mhyper::client::pool[0m[2m:[0m reuse idle connection for ("http", 192.168.0.14:8545)
[2m2025-12-10T10:10:03.904384Z[0m [34mDEBUG[0m [2mhyper::proto::h1::io[0m[2m:[0m flushed 250 bytes
[2m2025-12-10T10:10:03.908603Z[0m [34mDEBUG[0m [2mhyper::proto::h1::io[0m[2m:[0m parsed 4 headers
[2m2025-12-10T10:10:03.908613Z[0m [34mDEBUG[0m [2mhyper::proto::h1::conn[0m[2m:[0m incoming body is content-length (770 bytes)
[2m2025-12-10T10:10:03.908619Z[0m [34mDEBUG[0m [2mhyper::proto::h1::conn[0m[2m:[0m incoming body completed
[2m2025-12-10T10:10:03.908626Z[0m [34mDEBUG[0m [2mhyper::client::pool[0m[2m:[0m pooling idle connection for ("http", 192.168.0.14:8545)
[2m2025-12-10T10:10:03.908634Z[0m [34mDEBUG[0m [2methereum_transaction_pool_monitor::eth_client[0m[2m:[0m 📡 Transaction fetch RPC completed in 4.275208ms
[2m2025-12-10T10:10:03.908645Z[0m [34mDEBUG[0m [2methereum_transaction_pool_monitor::eth_client[0m[2m:[0m DeFi transaction detected - Address: 0xdac17f958d2ee523a2206206994597c13d831ec7, Type: Stablecoin, Value: 0 ETH, Gas: 1.75 Gwei
[2m2025-12-10T10:10:03.908657Z[0m [34mDEBUG[0m [2methereum_transaction_pool_monitor::eth_client[0m[2m:[0m ✅ Transaction 0x604c97b8c77bf63bdf3f5900267b344b1d132287e104756f1e9a71027d9dc381 fetched and parsed in 4.298458ms
[2m2025-12-10T10:10:03.908664Z[0m [34mDEBUG[0m [2methereum_transaction_pool_monitor::mempool_monitor[0m[2m:[0m 🔍 Skipping tx 0x604c97b8c77bf63bdf3f5900267b344b1d132287e104756f1e9a71027d9dc381 - not a DEX interaction (target: 0xdAC17F958D2ee523a2206206994597C13D831ec7)
[2m2025-12-10T10:10:03.908671Z[0m [34mDEBUG[0m [2methereum_transaction_pool_monitor::mempool_monitor[0m[2m:[0m 📨 Processing new pending transaction: 0x54f3ff58151b894302d4372310bd7e90d3ede9bf1d8c10ae9161a26e9793b7ec
[2m2025-12-10T10:10:03.908676Z[0m [34mDEBUG[0m [2methereum_transaction_pool_monitor::mempool_monitor[0m[2m:[0m 🔍 Fetching transaction details for: 0x54f3ff58151b894302d4372310bd7e90d3ede9bf1d8c10ae9161a26e9793b7ec
[2m2025-12-10T10:10:03.908682Z[0m [34mDEBUG[0m [2methereum_transaction_pool_monitor::eth_client[0m[2m:[0m 🔍 Fetching transaction details for hash: 0x54f3ff58151b894302d4372310bd7e90d3ede9bf1d8c10ae9161a26e9793b7ec
[2m2025-12-10T10:10:03.908693Z[0m [34mDEBUG[0m [2mhyper::client::pool[0m[2m:[0m reuse idle connection for ("http", 192.168.0.14:8545)
[2m2025-12-10T10:10:03.908714Z[0m [34mDEBUG[0m [2mhyper::proto::h1::io[0m[2m:[0m flushed 250 bytes
[2m2025-12-10T10:10:03.912105Z[0m [34mDEBUG[0m [2mhyper::proto::h1::io[0m[2m:[0m parsed 4 headers
[2m2025-12-10T10:10:03.912114Z[0m [34mDEBUG[0m [2mhyper::proto::h1::conn[0m[2m:[0m incoming body is content-length (768 bytes)
[2m2025-12-10T10:10:03.912119Z[0m [34mDEBUG[0m [2mhyper::proto::h1::conn[0m[2m:[0m incoming body completed
[2m2025-12-10T10:10:03.912125Z[0m [34mDEBUG[0m [2mhyper::client::pool[0m[2m:[0m pooling idle connection for ("http", 192.168.0.14:8545)
[2m2025-12-10T10:10:03.912130Z[0m [34mDEBUG[0m [2methereum_transaction_pool_monitor::eth_client[0m[2m:[0m 📡 Transaction fetch RPC completed in 3.442625ms
[2m2025-12-10T10:10:03.912139Z[0m [34mDEBUG[0m [2methereum_transaction_pool_monitor::eth_client[0m[2m:[0m DeFi transaction detected - Address: 0xdac17f958d2ee523a2206206994597c13d831ec7, Type: Stablecoin, Value: 0 ETH, Gas: 1.75 Gwei
[2m2025-12-10T10:10:03.912146Z[0m [34mDEBUG[0m [2methereum_transaction_pool_monitor::eth_client[0m[2m:[0m ✅ Transaction 0x54f3ff58151b894302d4372310bd7e90d3ede9bf1d8c10ae9161a26e9793b7ec fetched and parsed in 3.458833ms
[2m2025-12-10T10:10:03.912152Z[0m [34mDEBUG[0m [2methereum_transaction_pool_monitor::mempool_monitor[0m[2m:[0m 🔍 Skipping tx 0x54f3ff58151b894302d4372310bd7e90d3ede9bf1d8c10ae9161a26e9793b7ec - not a DEX interaction (target: 0xdAC17F958D2ee523a2206206994597C13D831ec7)
[2m2025-12-10T10:10:03.912158Z[0m [34mDEBUG[0m [2methereum_transaction_pool_monitor::mempool_monitor[0m[2m:[0m 📨 Processing new pending transaction: 0x0fd0e4fc3ea14d71da11ae4aaac48af36c58869fa851e079d184850f92fbf305
[2m2025-12-10T10:10:03.912162Z[0m [34mDEBUG[0m [2methereum_transaction_pool_monitor::mempool_monitor[0m[2m:[0m 🔍 Fetching transaction details for: 0x0fd0e4fc3ea14d71da11ae4aaac48af36c58869fa851e079d184850f92fbf305
[2m2025-12-10T10:10:03.912165Z[0m [34mDEBUG[0m [2methereum_transaction_pool_monitor::eth_client[0m[2m:[0m 🔍 Fetching transaction details for hash: 0x0fd0e4fc3ea14d71da11ae4aaac48af36c58869fa851e079d184850f92fbf305
[2m2025-12-10T10:10:03.912173Z[0m [34mDEBUG[0m [2mhyper::client::pool[0m[2m:[0m reuse idle connection for ("http", 192.168.0.14:8545)
[2m2025-12-10T10:10:03.912195Z[0m [34mDEBUG[0m [2mhyper::proto::h1::io[0m[2m:[0m flushed 250 bytes
[2m2025-12-10T10:10:03.917537Z[0m [34mDEBUG[0m [2mhyper::proto::h1::io[0m[2m:[0m parsed 4 headers
[2m2025-12-10T10:10:03.917711Z[0m [34mDEBUG[0m [2mhyper::proto::h1::conn[0m[2m:[0m incoming body is content-length (770 bytes)
[2m2025-12-10T10:10:03.917718Z[0m [34mDEBUG[0m [2mhyper::proto::h1::conn[0m[2m:[0m incoming body completed
[2m2025-12-10T10:10:03.917725Z[0m [34mDEBUG[0m [2mhyper::client::pool[0m[2m:[0m pooling idle connection for ("http", 192.168.0.14:8545)
[2m2025-12-10T10:10:03.917731Z[0m [34mDEBUG[0m [2methereum_transaction_pool_monitor::eth_client[0m[2m:[0m 📡 Transaction fetch RPC completed in 5.561292ms
[2m2025-12-10T10:10:03.917741Z[0m [34mDEBUG[0m [2methereum_transaction_pool_monitor::eth_client[0m[2m:[0m DeFi transaction detected - Address: 0xdac17f958d2ee523a2206206994597c13d831ec7, Type: Stablecoin, Value: 0 ETH, Gas: 0.29 Gwei
[2m2025-12-10T10:10:03.917749Z[0m [34mDEBUG[0m [2methereum_transaction_pool_monitor::eth_client[0m[2m:[0m ✅ Transaction 0x0fd0e4fc3ea14d71da11ae4aaac48af36c58869fa851e079d184850f92fbf305 fetched and parsed in 5.5795ms
[2m2025-12-10T10:10:03.917754Z[0m [34mDEBUG[0m [2methereum_transaction_pool_monitor::mempool_monitor[0m[2m:[0m 🔍 Skipping tx 0x0fd0e4fc3ea14d71da11ae4aaac48af36c58869fa851e079d184850f92fbf305 - not a DEX interaction (target: 0xdAC17F958D2ee523a2206206994597C13D831ec7)
[2m2025-12-10T10:10:03.917760Z[0m [34mDEBUG[0m [2methereum_transaction_pool_monitor::mempool_monitor[0m[2m:[0m 📨 Processing new pending transaction: 0x1fd02ba6411c01ea9a005b490c15068a95564b8a2e17f6711ebf89384f05e91b
[2m2025-12-10T10:10:03.917764Z[0m [34mDEBUG[0m [2methereum_transaction_pool_monitor::mempool_monitor[0m[2m:[0m 🔍 Fetching transaction details for: 0x1fd02ba6411c01ea9a005b490c15068a95564b8a2e17f6711ebf89384f05e91b
[2m2025-12-10T10:10:03.917769Z[0m [34mDEBUG[0m [2methereum_transaction_pool_monitor::eth_client[0m[2m:[0m 🔍 Fetching transaction details for hash: 0x1fd02ba6411c01ea9a005b490c15068a95564b8a2e17f6711ebf89384f05e91b
[2m2025-12-10T10:10:03.917778Z[0m [34mDEBUG[0m [2mhyper::client::pool[0m[2m:[0m reuse idle connection for ("http", 192.168.0.14:8545)
[2m2025-12-10T10:10:03.917803Z[0m [34mDEBUG[0m [2mhyper::proto::h1::io[0m[2m:[0m flushed 250 bytes
[2m2025-12-10T10:10:03.925340Z[0m [34mDEBUG[0m [2mhyper::proto::h1::io[0m[2m:[0m parsed 4 headers
[2m2025-12-10T10:10:03.925352Z[0m [34mDEBUG[0m [2mhyper::proto::h1::conn[0m[2m:[0m incoming body is content-length (5960 bytes)
[2m2025-12-10T10:10:03.925358Z[0m [34mDEBUG[0m [2mhyper::proto::h1::conn[0m[2m:[0m incoming body completed
[2m2025-12-10T10:10:03.925365Z[0m [34mDEBUG[0m [2mhyper::client::pool[0m[2m:[0m pooling idle connection for ("http", 192.168.0.14:8545)
[2m2025-12-10T10:10:03.925371Z[0m [34mDEBUG[0m [2methereum_transaction_pool_monitor::eth_client[0m[2m:[0m 📡 Transaction fetch RPC completed in 7.597708ms
[2m2025-12-10T10:10:03.997568Z[0m [34mDEBUG[0m [2methereum_transaction_pool_monitor::eth_client[0m[2m:[0m ✅ Transaction 0x1fd02ba6411c01ea9a005b490c15068a95564b8a2e17f6711ebf89384f05e91b fetched and parsed in 79.792666ms
[2m2025-12-10T10:10:03.997592Z[0m [34mDEBUG[0m [2methereum_transaction_pool_monitor::mempool_monitor[0m[2m:[0m 🔍 Skipping tx 0x1fd02ba6411c01ea9a005b490c15068a95564b8a2e17f6711ebf89384f05e91b - not a DEX interaction (target: 0xA9D1e08C7793af67e9d92fe308d5697FB81d3E43)
[2m2025-12-10T10:10:03.997604Z[0m [34mDEBUG[0m [2methereum_transaction_pool_monitor::mempool_monitor[0m[2m:[0m 📨 Processing new pending transaction: 0x6d61ba4654f7f279159bd9d97dda473b8c1d89d5807a87c7d183eb3da046af7d
[2m2025-12-10T10:10:03.997612Z[0m [34mDEBUG[0m [2methereum_transaction_pool_monitor::mempool_monitor[0m[2m:[0m 🔍 Fetching transaction details for: 0x6d61ba4654f7f279159bd9d97dda473b8c1d89d5807a87c7d183eb3da046af7d
[2m2025-12-10T10:10:03.997618Z[0m [34mDEBUG[0m [2methereum_transaction_pool_monitor::eth_client[0m[2m:[0m 🔍 Fetching transaction details for hash: 0x6d61ba4654f7f279159bd9d97dda473b8c1d89d5807a87c7d183eb3da046af7d
[2m2025-12-10T10:10:03.997638Z[0m [34mDEBUG[0m [2mhyper::client::pool[0m[2m:[0m reuse idle connection for ("http", 192.168.0.14:8545)
[2m2025-12-10T10:10:03.997671Z[0m [34mDEBUG[0m [2mhyper::proto::h1::io[0m[2m:[0m flushed 250 bytes
[2m2025-12-10T10:10:03.997690Z[0m [34mDEBUG[0m [2mhyper::client::pool[0m[2m:[0m reuse idle connection for ("http", 192.168.0.14:8545)
[2m2025-12-10T10:10:03.997700Z[0m [34mDEBUG[0m [2methereum_transaction_pool_monitor::eth_client[0m[2m:[0m 📨 Received WebSocket message: {"jsonrpc":"2.0","method":"eth_subscription","params":{"subscription":"0xbed0a0851463e895960a451075a301a9","result":"0x9be52cdd16231cb645519559c100cba005449da6e55cb0515616858427d6d6b1"}}
[2m2025-12-10T10:10:03.997703Z[0m [34mDEBUG[0m [2mhyper::proto::h1::io[0m[2m:[0m flushed 172 bytes
[2m2025-12-10T10:10:03.997713Z[0m [34mDEBUG[0m [2methereum_transaction_pool_monitor::eth_client[0m[2m:[0m 📨 Received pending transaction: 0x9be52cdd16231cb645519559c100cba005449da6e55cb0515616858427d6d6b1
[2m2025-12-10T10:10:03.997720Z[0m [34mDEBUG[0m [2methereum_transaction_pool_monitor::eth_client[0m[2m:[0m 📨 Received WebSocket message: {"jsonrpc":"2.0","method":"eth_subscription","params":{"subscription":"0xbed0a0851463e895960a451075a301a9","result":"0xdb191419d5dcd96561ec4b93a605eb30ad2eeee8723202bbd3ee5686149de169"}}
[2m2025-12-10T10:10:03.997725Z[0m [34mDEBUG[0m [2methereum_transaction_pool_monitor::eth_client[0m[2m:[0m 📨 Received pending transaction: 0xdb191419d5dcd96561ec4b93a605eb30ad2eeee8723202bbd3ee5686149de169
[2m2025-12-10T10:10:04.007579Z[0m [34mDEBUG[0m [2mhyper::proto::h1::io[0m[2m:[0m parsed 4 headers
[2m2025-12-10T10:10:04.007590Z[0m [34mDEBUG[0m [2mhyper::proto::h1::conn[0m[2m:[0m incoming body is content-length (645 bytes)
[2m2025-12-10T10:10:04.007597Z[0m [34mDEBUG[0m [2mhyper::proto::h1::conn[0m[2m:[0m incoming body completed
[2m2025-12-10T10:10:04.007606Z[0m [34mDEBUG[0m [2mhyper::client::pool[0m[2m:[0m pooling idle connection for ("http", 192.168.0.14:8545)
[2m2025-12-10T10:10:04.007612Z[0m [34mDEBUG[0m [2methereum_transaction_pool_monitor::eth_client[0m[2m:[0m 📡 Transaction fetch RPC completed in 9.989542ms
[2m2025-12-10T10:10:04.079650Z[0m [34mDEBUG[0m [2methereum_transaction_pool_monitor::eth_client[0m[2m:[0m ✅ Transaction 0x6d61ba4654f7f279159bd9d97dda473b8c1d89d5807a87c7d183eb3da046af7d fetched and parsed in 82.02425ms
[2m2025-12-10T10:10:04.079677Z[0m [34mDEBUG[0m [2methereum_transaction_pool_monitor::mempool_monitor[0m[2m:[0m 🔍 Skipping tx 0x6d61ba4654f7f279159bd9d97dda473b8c1d89d5807a87c7d183eb3da046af7d - not a DEX interaction (target: 0x6F4ceECdd7017889bB5BdD33b8C11D1492233C04)
[2m2025-12-10T10:10:04.079688Z[0m [34mDEBUG[0m [2methereum_transaction_pool_monitor::mempool_monitor[0m[2m:[0m 📨 Processing new pending transaction: 0x96632a07fdb8d99f21e3084ad2dbc4f6c3e1776bd52506aee595590fff8076e3
[2m2025-12-10T10:10:04.079695Z[0m [34mDEBUG[0m [2methereum_transaction_pool_monitor::mempool_monitor[0m[2m:[0m 🔍 Fetching transaction details for: 0x96632a07fdb8d99f21e3084ad2dbc4f6c3e1776bd52506aee595590fff8076e3
[2m2025-12-10T10:10:04.079702Z[0m [34mDEBUG[0m [2methereum_transaction_pool_monitor::eth_client[0m[2m:[0m 🔍 Fetching transaction details for hash: 0x96632a07fdb8d99f21e3084ad2dbc4f6c3e1776bd52506aee595590fff8076e3
[2m2025-12-10T10:10:04.079721Z[0m [34mDEBUG[0m [2mhyper::client::pool[0m[2m:[0m reuse idle connection for ("http", 192.168.0.14:8545)
[2m2025-12-10T10:10:04.079760Z[0m [34mDEBUG[0m [2mhyper::proto::h1::io[0m[2m:[0m flushed 250 bytes
[2m2025-12-10T10:10:04.079777Z[0m [34mDEBUG[0m [2mhyper::proto::h1::io[0m[2m:[0m parsed 4 headers
[2m2025-12-10T10:10:04.079782Z[0m [34mDEBUG[0m [2mhyper::proto::h1::conn[0m[2m:[0m incoming body is content-length (45 bytes)
[2m2025-12-10T10:10:04.079789Z[0m [34mDEBUG[0m [2mhyper::proto::h1::conn[0m[2m:[0m incoming body completed
[2m2025-12-10T10:10:04.079797Z[0m [34mDEBUG[0m [2mhyper::client::pool[0m[2m:[0m pooling idle connection for ("http", 192.168.0.14:8545)
[2m2025-12-10T10:10:04.084474Z[0m [34mDEBUG[0m [2mhyper::proto::h1::io[0m[2m:[0m parsed 4 headers
[2m2025-12-10T10:10:04.084507Z[0m [34mDEBUG[0m [2mhyper::proto::h1::conn[0m[2m:[0m incoming body is content-length (763 bytes)
[2m2025-12-10T10:10:04.084523Z[0m [34mDEBUG[0m [2mhyper::proto::h1::conn[0m[2m:[0m incoming body completed
[2m2025-12-10T10:10:04.084540Z[0m [34mDEBUG[0m [2mhyper::client::pool[0m[2m:[0m pooling idle connection for ("http", 192.168.0.14:8545)
[2m2025-12-10T10:10:04.084554Z[0m [34mDEBUG[0m [2methereum_transaction_pool_monitor::eth_client[0m[2m:[0m 📡 Transaction fetch RPC completed in 4.847417ms
[2m2025-12-10T10:10:04.155512Z[0m [34mDEBUG[0m [2methereum_transaction_pool_monitor::eth_client[0m[2m:[0m ✅ Transaction 0x96632a07fdb8d99f21e3084ad2dbc4f6c3e1776bd52506aee595590fff8076e3 fetched and parsed in 75.803375ms
[2m2025-12-10T10:10:04.155541Z[0m [34mDEBUG[0m [2methereum_transaction_pool_monitor::mempool_monitor[0m[2m:[0m 🔍 Skipping tx 0x96632a07fdb8d99f21e3084ad2dbc4f6c3e1776bd52506aee595590fff8076e3 - not a DEX interaction (target: 0xd50370bEE8bFf23Bbb30ca558a1d0207DBc96ef2)
[2m2025-12-10T10:10:04.155551Z[0m [34mDEBUG[0m [2methereum_transaction_pool_monitor::mempool_monitor[0m[2m:[0m 📨 Processing new pending transaction: 0x87f14b83c0ffe32f4c9e9b14334125477939c79539b885532361db00c3908e58
[2m2025-12-10T10:10:04.155558Z[0m [34mDEBUG[0m [2methereum_transaction_pool_monitor::mempool_monitor[0m[2m:[0m 🔍 Fetching transaction details for: 0x87f14b83c0ffe32f4c9e9b14334125477939c79539b885532361db00c3908e58
[2m2025-12-10T10:10:04.155564Z[0m [34mDEBUG[0m [2methereum_transaction_pool_monitor::eth_client[0m[2m:[0m 🔍 Fetching transaction details for hash: 0x87f14b83c0ffe32f4c9e9b14334125477939c79539b885532361db00c3908e58
[2m2025-12-10T10:10:04.155583Z[0m [34mDEBUG[0m [2mhyper::client::pool[0m[2m:[0m reuse idle connection for ("http", 192.168.0.14:8545)
[2m2025-12-10T10:10:04.155625Z[0m [34mDEBUG[0m [2mhyper::proto::h1::io[0m[2m:[0m flushed 250 bytes
[2m2025-12-10T10:10:04.155643Z[0m [34mDEBUG[0m [2mhyper::client::pool[0m[2m:[0m reuse idle connection for ("http", 192.168.0.14:8545)
[2m2025-12-10T10:10:04.155658Z[0m [34mDEBUG[0m [2mhyper::proto::h1::io[0m[2m:[0m flushed 172 bytes
[2m2025-12-10T10:10:04.155658Z[0m [34mDEBUG[0m [2methereum_transaction_pool_monitor::eth_client[0m[2m:[0m 📨 Received WebSocket message: {"jsonrpc":"2.0","method":"eth_subscription","params":{"subscription":"0xbed0a0851463e895960a451075a301a9","result":"0x771feaebd41590204fb7d6feea9b9a5ee1d230642dd66e60b4ff75bbecbef80d"}}
[2m2025-12-10T10:10:04.155680Z[0m [34mDEBUG[0m [2methereum_transaction_pool_monitor::eth_client[0m[2m:[0m 📨 Received pending transaction: 0x771feaebd41590204fb7d6feea9b9a5ee1d230642dd66e60b4ff75bbecbef80d
[2m2025-12-10T10:10:04.155687Z[0m [34mDEBUG[0m [2methereum_transaction_pool_monitor::eth_client[0m[2m:[0m 📨 Received WebSocket message: {"jsonrpc":"2.0","method":"eth_subscription","params":{"subscription":"0xbed0a0851463e895960a451075a301a9","result":"0x0bbd3ef6898ff822f7b34bb5bad614fffc6ce5cdd2f9c975b70dbb0f37aa9eb1"}}
[2m2025-12-10T10:10:04.155693Z[0m [34mDEBUG[0m [2methereum_transaction_pool_monitor::eth_client[0m[2m:[0m 📨 Received pending transaction: 0x0bbd3ef6898ff822f7b34bb5bad614fffc6ce5cdd2f9c975b70dbb0f37aa9eb1
[2m2025-12-10T10:10:04.159276Z[0m [34mDEBUG[0m [2mhyper::proto::h1::io[0m[2m:[0m parsed 4 headers
[2m2025-12-10T10:10:04.159283Z[0m [34mDEBUG[0m [2mhyper::proto::h1::conn[0m[2m:[0m incoming body is content-length (45 bytes)
[2m2025-12-10T10:10:04.159290Z[0m [34mDEBUG[0m [2mhyper::proto::h1::conn[0m[2m:[0m incoming body completed
[2m2025-12-10T10:10:04.159298Z[0m [34mDEBUG[0m [2mhyper::client::pool[0m[2m:[0m pooling idle connection for ("http", 192.168.0.14:8545)
[2m2025-12-10T10:10:04.159993Z[0m [34mDEBUG[0m [2mhyper::proto::h1::io[0m[2m:[0m parsed 4 headers
[2m2025-12-10T10:10:04.160002Z[0m [34mDEBUG[0m [2mhyper::proto::h1::conn[0m[2m:[0m incoming body is content-length (771 bytes)
[2m2025-12-10T10:10:04.160008Z[0m [34mDEBUG[0m [2mhyper::proto::h1::conn[0m[2m:[0m incoming body completed
[2m2025-12-10T10:10:04.160016Z[0m [34mDEBUG[0m [2mhyper::client::pool[0m[2m:[0m pooling idle connection for ("http", 192.168.0.14:8545)
[2m2025-12-10T10:10:04.160022Z[0m [34mDEBUG[0m [2methereum_transaction_pool_monitor::eth_client[0m[2m:[0m 📡 Transaction fetch RPC completed in 4.454ms
[2m2025-12-10T10:10:04.160038Z[0m [34mDEBUG[0m [2methereum_transaction_pool_monitor::eth_client[0m[2m:[0m DeFi transaction detected - Address: 0xdac17f958d2ee523a2206206994597c13d831ec7, Type: Stablecoin, Value: 0 ETH, Gas: 1.75 Gwei
[2m2025-12-10T10:10:04.160054Z[0m [34mDEBUG[0m [2methereum_transaction_pool_monitor::eth_client[0m[2m:[0m ✅ Transaction 0x87f14b83c0ffe32f4c9e9b14334125477939c79539b885532361db00c3908e58 fetched and parsed in 4.485417ms
[2m2025-12-10T10:10:04.160061Z[0m [34mDEBUG[0m [2methereum_transaction_pool_monitor::mempool_monitor[0m[2m:[0m 🔍 Skipping tx 0x87f14b83c0ffe32f4c9e9b14334125477939c79539b885532361db00c3908e58 - not a DEX interaction (target: 0xdAC17F958D2ee523a2206206994597C13D831ec7)
[2m2025-12-10T10:10:04.160068Z[0m [34mDEBUG[0m [2methereum_transaction_pool_monitor::mempool_monitor[0m[2m:[0m 📨 Processing new pending transaction: 0xf29984d202f98736812976a4262a9c5203dea31cb4f68ed453ceda474c756ca3
[2m2025-12-10T10:10:04.160072Z[0m [34mDEBUG[0m [2methereum_transaction_pool_monitor::mempool_monitor[0m[2m:[0m 🔍 Fetching transaction details for: 0xf29984d202f98736812976a4262a9c5203dea31cb4f68ed453ceda474c756ca3
[2m2025-12-10T10:10:04.160076Z[0m [34mDEBUG[0m [2methereum_transaction_pool_monitor::eth_client[0m[2m:[0m 🔍 Fetching transaction details for hash: 0xf29984d202f98736812976a4262a9c5203dea31cb4f68ed453ceda474c756ca3
[2m2025-12-10T10:10:04.160087Z[0m [34mDEBUG[0m [2mhyper::client::pool[0m[2m:[0m reuse idle connection for ("http", 192.168.0.14:8545)
[2m2025-12-10T10:10:04.160102Z[0m [34mDEBUG[0m [2mhyper::proto::h1::io[0m[2m:[0m flushed 250 bytes
[2m2025-12-10T10:10:04.164746Z[0m [34mDEBUG[0m [2mhyper::proto::h1::io[0m[2m:[0m parsed 4 headers
[2m2025-12-10T10:10:04.164757Z[0m [34mDEBUG[0m [2mhyper::proto::h1::conn[0m[2m:[0m incoming body is content-length (769 bytes)
[2m2025-12-10T10:10:04.164764Z[0m [34mDEBUG[0m [2mhyper::proto::h1::conn[0m[2m:[0m incoming body completed
[2m2025-12-10T10:10:04.164771Z[0m [34mDEBUG[0m [2mhyper::client::pool[0m[2m:[0m pooling idle connection for ("http", 192.168.0.14:8545)
[2m2025-12-10T10:10:04.164779Z[0m [34mDEBUG[0m [2methereum_transaction_pool_monitor::eth_client[0m[2m:[0m 📡 Transaction fetch RPC completed in 4.699ms
[2m2025-12-10T10:10:04.164792Z[0m [34mDEBUG[0m [2methereum_transaction_pool_monitor::eth_client[0m[2m:[0m DeFi transaction detected - Address: 0xdac17f958d2ee523a2206206994597c13d831ec7, Type: Stablecoin, Value: 0 ETH, Gas: 1.75 Gwei
[2m2025-12-10T10:10:04.164804Z[0m [34mDEBUG[0m [2methereum_transaction_pool_monitor::eth_client[0m[2m:[0m ✅ Transaction 0xf29984d202f98736812976a4262a9c5203dea31cb4f68ed453ceda474c756ca3 fetched and parsed in 4.723375ms
[2m2025-12-10T10:10:04.164810Z[0m [34mDEBUG[0m [2methereum_transaction_pool_monitor::mempool_monitor[0m[2m:[0m 🔍 Skipping tx 0xf29984d202f98736812976a4262a9c5203dea31cb4f68ed453ceda474c756ca3 - not a DEX interaction (target: 0xdAC17F958D2ee523a2206206994597C13D831ec7)
[2m2025-12-10T10:10:04.164818Z[0m [34mDEBUG[0m [2methereum_transaction_pool_monitor::mempool_monitor[0m[2m:[0m 📨 Processing new pending transaction: 0x1a4ac9bc14a5f468fb02925ddbd73eed8badfae41e9b2aa87ebac29ee08d2bc2
[2m2025-12-10T10:10:04.164822Z[0m [34mDEBUG[0m [2methereum_transaction_pool_monitor::mempool_monitor[0m[2m:[0m 🔍 Fetching transaction details for: 0x1a4ac9bc14a5f468fb02925ddbd73eed8badfae41e9b2aa87ebac29ee08d2bc2
[2m2025-12-10T10:10:04.164826Z[0m [34mDEBUG[0m [2methereum_transaction_pool_monitor::eth_client[0m[2m:[0m 🔍 Fetching transaction details for hash: 0x1a4ac9bc14a5f468fb02925ddbd73eed8badfae41e9b2aa87ebac29ee08d2bc2
[2m2025-12-10T10:10:04.164837Z[0m [34mDEBUG[0m [2mhyper::client::pool[0m[2m:[0m reuse idle connection for ("http", 192.168.0.14:8545)
[2m2025-12-10T10:10:04.164851Z[0m [34mDEBUG[0m [2mhyper::proto::h1::io[0m[2m:[0m flushed 250 bytes
[2m2025-12-10T10:10:04.169844Z[0m [34mDEBUG[0m [2mhyper::proto::h1::io[0m[2m:[0m parsed 4 headers
[2m2025-12-10T10:10:04.169855Z[0m [34mDEBUG[0m [2mhyper::proto::h1::conn[0m[2m:[0m incoming body is content-length (771 bytes)
[2m2025-12-10T10:10:04.169863Z[0m [34mDEBUG[0m [2mhyper::proto::h1::conn[0m[2m:[0m incoming body completed
[2m2025-12-10T10:10:04.169876Z[0m [34mDEBUG[0m [2mhyper::client::pool[0m[2m:[0m pooling idle connection for ("http", 192.168.0.14:8545)
[2m2025-12-10T10:10:04.169884Z[0m [34mDEBUG[0m [2methereum_transaction_pool_monitor::eth_client[0m[2m:[0m 📡 Transaction fetch RPC completed in 5.052667ms
[2m2025-12-10T10:10:04.169903Z[0m [34mDEBUG[0m [2methereum_transaction_pool_monitor::eth_client[0m[2m:[0m DeFi transaction detected - Address: 0xdac17f958d2ee523a2206206994597c13d831ec7, Type: Stablecoin, Value: 0 ETH, Gas: 1.75 Gwei
[2m2025-12-10T10:10:04.169915Z[0m [34mDEBUG[0m [2methereum_transaction_pool_monitor::eth_client[0m[2m:[0m ✅ Transaction 0x1a4ac9bc14a5f468fb02925ddbd73eed8badfae41e9b2aa87ebac29ee08d2bc2 fetched and parsed in 5.08325ms
[2m2025-12-10T10:10:04.169921Z[0m [34mDEBUG[0m [2methereum_transaction_pool_monitor::mempool_monitor[0m[2m:[0m 🔍 Skipping tx 0x1a4ac9bc14a5f468fb02925ddbd73eed8badfae41e9b2aa87ebac29ee08d2bc2 - not a DEX interaction (target: 0xdAC17F958D2ee523a2206206994597C13D831ec7)
[2m2025-12-10T10:10:04.169929Z[0m [34mDEBUG[0m [2methereum_transaction_pool_monitor::mempool_monitor[0m[2m:[0m 📨 Processing new pending transaction: 0x8c7e9fd1dfaa65119e2ee9f2577ede295444d0bdd44d6511157d6456c1fb726f
[2m2025-12-10T10:10:04.169933Z[0m [34mDEBUG[0m [2methereum_transaction_pool_monitor::mempool_monitor[0m[2m:[0m 🔍 Fetching transaction details for: 0x8c7e9fd1dfaa65119e2ee9f2577ede295444d0bdd44d6511157d6456c1fb726f
[2m2025-12-10T10:10:04.169937Z[0m [34mDEBUG[0m [2methereum_transaction_pool_monitor::eth_client[0m[2m:[0m 🔍 Fetching transaction details for hash: 0x8c7e9fd1dfaa65119e2ee9f2577ede295444d0bdd44d6511157d6456c1fb726f
[2m2025-12-10T10:10:04.169956Z[0m [34mDEBUG[0m [2mhyper::client::pool[0m[2m:[0m reuse idle connection for ("http", 192.168.0.14:8545)
[2m2025-12-10T10:10:04.169989Z[0m [34mDEBUG[0m [2mhyper::proto::h1::io[0m[2m:[0m flushed 250 bytes
[2m2025-12-10T10:10:04.174040Z[0m [34mDEBUG[0m [2mhyper::proto::h1::io[0m[2m:[0m parsed 4 headers
[2m2025-12-10T10:10:04.174046Z[0m [34mDEBUG[0m [2mhyper::proto::h1::conn[0m[2m:[0m incoming body is content-length (770 bytes)
[2m2025-12-10T10:10:04.174051Z[0m [34mDEBUG[0m [2mhyper::proto::h1::conn[0m[2m:[0m incoming body completed
[2m2025-12-10T10:10:04.174056Z[0m [34mDEBUG[0m [2mhyper::client::pool[0m[2m:[0m pooling idle connection for ("http", 192.168.0.14:8545)
[2m2025-12-10T10:10:04.174062Z[0m [34mDEBUG[0m [2methereum_transaction_pool_monitor::eth_client[0m[2m:[0m 📡 Transaction fetch RPC completed in 4.120834ms
[2m2025-12-10T10:10:04.174072Z[0m [34mDEBUG[0m [2methereum_transaction_pool_monitor::eth_client[0m[2m:[0m DeFi transaction detected - Address: 0xdac17f958d2ee523a2206206994597c13d831ec7, Type: Stablecoin, Value: 0 ETH, Gas: 1.75 Gwei
[2m2025-12-10T10:10:04.174081Z[0m [34mDEBUG[0m [2methereum_transaction_pool_monitor::eth_client[0m[2m:[0m ✅ Transaction 0x8c7e9fd1dfaa65119e2ee9f2577ede295444d0bdd44d6511157d6456c1fb726f fetched and parsed in 4.139792ms
[2m2025-12-10T10:10:04.174086Z[0m [34mDEBUG[0m [2methereum_transaction_pool_monitor::mempool_monitor[0m[2m:[0m 🔍 Skipping tx 0x8c7e9fd1dfaa65119e2ee9f2577ede295444d0bdd44d6511157d6456c1fb726f - not a DEX interaction (target: 0xdAC17F958D2ee523a2206206994597C13D831ec7)
[2m2025-12-10T10:10:04.174097Z[0m [34mDEBUG[0m [2methereum_transaction_pool_monitor::mempool_monitor[0m[2m:[0m 📨 Processing new pending transaction: 0x584b9f0e7e90ca70f5a99b5509456bedfa789665f744a84dd2d58127dd906f2a
[2m2025-12-10T10:10:04.174101Z[0m [34mDEBUG[0m [2methereum_transaction_pool_monitor::mempool_monitor[0m[2m:[0m 🔍 Fetching transaction details for: 0x584b9f0e7e90ca70f5a99b5509456bedfa789665f744a84dd2d58127dd906f2a
[2m2025-12-10T10:10:04.174105Z[0m [34mDEBUG[0m [2methereum_transaction_pool_monitor::eth_client[0m[2m:[0m 🔍 Fetching transaction details for hash: 0x584b9f0e7e90ca70f5a99b5509456bedfa789665f744a84dd2d58127dd906f2a
[2m2025-12-10T10:10:04.174114Z[0m [34mDEBUG[0m [2mhyper::client::pool[0m[2m:[0m reuse idle connection for ("http", 192.168.0.14:8545)
[2m2025-12-10T10:10:04.174132Z[0m [34mDEBUG[0m [2mhyper::proto::h1::io[0m[2m:[0m flushed 250 bytes
[2m2025-12-10T10:10:04.180053Z[0m [34mDEBUG[0m [2mhyper::proto::h1::io[0m[2m:[0m parsed 4 headers
[2m2025-12-10T10:10:04.180060Z[0m [34mDEBUG[0m [2mhyper::proto::h1::conn[0m[2m:[0m incoming body is content-length (6526 bytes)
[2m2025-12-10T10:10:04.180065Z[0m [34mDEBUG[0m [2mhyper::proto::h1::conn[0m[2m:[0m incoming body completed
[2m2025-12-10T10:10:04.180071Z[0m [34mDEBUG[0m [2mhyper::client::pool[0m[2m:[0m pooling idle connection for ("http", 192.168.0.14:8545)
[2m2025-12-10T10:10:04.180076Z[0m [34mDEBUG[0m [2methereum_transaction_pool_monitor::eth_client[0m[2m:[0m 📡 Transaction fetch RPC completed in 5.967125ms
[2m2025-12-10T10:10:04.251774Z[0m [34mDEBUG[0m [2methereum_transaction_pool_monitor::eth_client[0m[2m:[0m ✅ Transaction 0x584b9f0e7e90ca70f5a99b5509456bedfa789665f744a84dd2d58127dd906f2a fetched and parsed in 77.662458ms
[2m2025-12-10T10:10:04.255517Z[0m [34mDEBUG[0m [2methereum_transaction_pool_monitor::mempool_monitor[0m[2m:[0m 🔍 Skipping tx 0x584b9f0e7e90ca70f5a99b5509456bedfa789665f744a84dd2d58127dd906f2a - not a DEX interaction (target: 0x618892aE551eB5bB2DE8911057b3714274b5FFe1)
[2m2025-12-10T10:10:04.255533Z[0m [34mDEBUG[0m [2methereum_transaction_pool_monitor::mempool_monitor[0m[2m:[0m 📨 Processing new pending transaction: 0x198a6a54fc55d1826ef71f5ed99b2414da445b9d49574e0a22dd6095c84165e6
[2m2025-12-10T10:10:04.255544Z[0m [34mDEBUG[0m [2methereum_transaction_pool_monitor::mempool_monitor[0m[2m:[0m 🔍 Fetching transaction details for: 0x198a6a54fc55d1826ef71f5ed99b2414da445b9d49574e0a22dd6095c84165e6
[2m2025-12-10T10:10:04.255552Z[0m [34mDEBUG[0m [2methereum_transaction_pool_monitor::eth_client[0m[2m:[0m 🔍 Fetching transaction details for hash: 0x198a6a54fc55d1826ef71f5ed99b2414da445b9d49574e0a22dd6095c84165e6
[2m2025-12-10T10:10:04.255573Z[0m [34mDEBUG[0m [2mhyper::client::pool[0m[2m:[0m reuse idle connection for ("http", 192.168.0.14:8545)
[2m2025-12-10T10:10:04.255620Z[0m [34mDEBUG[0m [2mhyper::proto::h1::io[0m[2m:[0m flushed 250 bytes
[2m2025-12-10T10:10:04.255640Z[0m [34mDEBUG[0m [2mhyper::client::pool[0m[2m:[0m reuse idle connection for ("http", 192.168.0.14:8545)
[2m2025-12-10T10:10:04.255648Z[0m [34mDEBUG[0m [2methereum_transaction_pool_monitor::eth_client[0m[2m:[0m 📨 Received WebSocket message: {"jsonrpc":"2.0","method":"eth_subscription","params":{"subscription":"0xbed0a0851463e895960a451075a301a9","result":"0xa4e33b67a35911a6b507c35090ed80e5a3a98f04e29a3953f76754ca5c78da06"}}
[2m2025-12-10T10:10:04.255653Z[0m [34mDEBUG[0m [2mhyper::proto::h1::io[0m[2m:[0m flushed 172 bytes
[2m2025-12-10T10:10:04.255662Z[0m [34mDEBUG[0m [2methereum_transaction_pool_monitor::eth_client[0m[2m:[0m 📨 Received pending transaction: 0xa4e33b67a35911a6b507c35090ed80e5a3a98f04e29a3953f76754ca5c78da06
[2m2025-12-10T10:10:04.255669Z[0m [34mDEBUG[0m [2methereum_transaction_pool_monitor::eth_client[0m[2m:[0m 📨 Received WebSocket message: {"jsonrpc":"2.0","method":"eth_subscription","params":{"subscription":"0xbed0a0851463e895960a451075a301a9","result":"0x932f2079a59927898c64ff49e178324b4c2b7923f6a00b241ed6b7c4bc4e8c7a"}}
[2m2025-12-10T10:10:04.255675Z[0m [34mDEBUG[0m [2methereum_transaction_pool_monitor::eth_client[0m[2m:[0m 📨 Received pending transaction: 0x932f2079a59927898c64ff49e178324b4c2b7923f6a00b241ed6b7c4bc4e8c7a
[2m2025-12-10T10:10:04.255679Z[0m [34mDEBUG[0m [2methereum_transaction_pool_monitor::eth_client[0m[2m:[0m 📨 Received WebSocket message: {"jsonrpc":"2.0","method":"eth_subscription","params":{"subscription":"0xbed0a0851463e895960a451075a301a9","result":"0xba342953c63c11558f12b1b9a060b79fa4250f695f8b64caddc96e39022b2906"}}
[2m2025-12-10T10:10:04.255685Z[0m [34mDEBUG[0m [2methereum_transaction_pool_monitor::eth_client[0m[2m:[0m 📨 Received pending transaction: 0xba342953c63c11558f12b1b9a060b79fa4250f695f8b64caddc96e39022b2906
[2m2025-12-10T10:10:04.260411Z[0m [34mDEBUG[0m [2mhyper::proto::h1::io[0m[2m:[0m parsed 4 headers
[2m2025-12-10T10:10:04.260422Z[0m [34mDEBUG[0m [2mhyper::proto::h1::conn[0m[2m:[0m incoming body is content-length (45 bytes)
[2m2025-12-10T10:10:04.260433Z[0m [34mDEBUG[0m [2mhyper::proto::h1::conn[0m[2m:[0m incoming body completed
[2m2025-12-10T10:10:04.260445Z[0m [34mDEBUG[0m [2mhyper::client::pool[0m[2m:[0m pooling idle connection for ("http", 192.168.0.14:8545)
[2m2025-12-10T10:10:04.261489Z[0m [34mDEBUG[0m [2mhyper::proto::h1::io[0m[2m:[0m parsed 4 headers
[2m2025-12-10T10:10:04.261496Z[0m [34mDEBUG[0m [2mhyper::proto::h1::conn[0m[2m:[0m incoming body is content-length (770 bytes)
[2m2025-12-10T10:10:04.261504Z[0m [34mDEBUG[0m [2mhyper::proto::h1::conn[0m[2m:[0m incoming body completed
[2m2025-12-10T10:10:04.261512Z[0m [34mDEBUG[0m [2mhyper::client::pool[0m[2m:[0m pooling idle connection for ("http", 192.168.0.14:8545)
[2m2025-12-10T10:10:04.261517Z[0m [34mDEBUG[0m [2methereum_transaction_pool_monitor::eth_client[0m[2m:[0m 📡 Transaction fetch RPC completed in 5.959167ms
[2m2025-12-10T10:10:04.333806Z[0m [34mDEBUG[0m [2methereum_transaction_pool_monitor::eth_client[0m[2m:[0m ✅ Transaction 0x198a6a54fc55d1826ef71f5ed99b2414da445b9d49574e0a22dd6095c84165e6 fetched and parsed in 78.246709ms
[2m2025-12-10T10:10:04.333833Z[0m [34mDEBUG[0m [2methereum_transaction_pool_monitor::mempool_monitor[0m[2m:[0m 🔍 Skipping tx 0x198a6a54fc55d1826ef71f5ed99b2414da445b9d49574e0a22dd6095c84165e6 - not a DEX interaction (target: 0xB8f28C60dD8240141185a192fa4156A23E189305)
[2m2025-12-10T10:10:04.333844Z[0m [34mDEBUG[0m [2methereum_transaction_pool_monitor::mempool_monitor[0m[2m:[0m 📨 Processing new pending transaction: 0xff0c71dc76ade5a32ade30be64eeee9d626372c00cacf21d440c0de58c9cd3dc
[2m2025-12-10T10:10:04.333851Z[0m [34mDEBUG[0m [2methereum_transaction_pool_monitor::mempool_monitor[0m[2m:[0m 🔍 Fetching transaction details for: 0xff0c71dc76ade5a32ade30be64eeee9d626372c00cacf21d440c0de58c9cd3dc
[2m2025-12-10T10:10:04.333856Z[0m [34mDEBUG[0m [2methereum_transaction_pool_monitor::eth_client[0m[2m:[0m 🔍 Fetching transaction details for hash: 0xff0c71dc76ade5a32ade30be64eeee9d626372c00cacf21d440c0de58c9cd3dc
[2m2025-12-10T10:10:04.333873Z[0m [34mDEBUG[0m [2mhyper::client::pool[0m[2m:[0m reuse idle connection for ("http", 192.168.0.14:8545)
[2m2025-12-10T10:10:04.333918Z[0m [34mDEBUG[0m [2mhyper::proto::h1::io[0m[2m:[0m flushed 250 bytes
[2m2025-12-10T10:10:04.333945Z[0m [34mDEBUG[0m [2mhyper::client::pool[0m[2m:[0m reuse idle connection for ("http", 192.168.0.14:8545)
[2m2025-12-10T10:10:04.333958Z[0m [34mDEBUG[0m [2mhyper::proto::h1::io[0m[2m:[0m flushed 172 bytes
[2m2025-12-10T10:10:04.337337Z[0m [34mDEBUG[0m [2mhyper::proto::h1::io[0m[2m:[0m parsed 4 headers
[2m2025-12-10T10:10:04.337344Z[0m [34mDEBUG[0m [2mhyper::proto::h1::conn[0m[2m:[0m incoming body is content-length (45 bytes)
[2m2025-12-10T10:10:04.337350Z[0m [34mDEBUG[0m [2mhyper::proto::h1::conn[0m[2m:[0m incoming body completed
[2m2025-12-10T10:10:04.337358Z[0m [34mDEBUG[0m [2mhyper::client::pool[0m[2m:[0m pooling idle connection for ("http", 192.168.0.14:8545)
[2m2025-12-10T10:10:04.337886Z[0m [34mDEBUG[0m [2mhyper::proto::h1::io[0m[2m:[0m parsed 4 headers
[2m2025-12-10T10:10:04.337892Z[0m [34mDEBUG[0m [2mhyper::proto::h1::conn[0m[2m:[0m incoming body is content-length (774 bytes)
[2m2025-12-10T10:10:04.337899Z[0m [34mDEBUG[0m [2mhyper::proto::h1::conn[0m[2m:[0m incoming body completed
[2m2025-12-10T10:10:04.337907Z[0m [34mDEBUG[0m [2mhyper::client::pool[0m[2m:[0m pooling idle connection for ("http", 192.168.0.14:8545)
[2m2025-12-10T10:10:04.337913Z[0m [34mDEBUG[0m [2methereum_transaction_pool_monitor::eth_client[0m[2m:[0m 📡 Transaction fetch RPC completed in 4.052667ms
[2m2025-12-10T10:10:04.337926Z[0m [34mDEBUG[0m [2methereum_transaction_pool_monitor::eth_client[0m[2m:[0m DeFi transaction detected - Address: 0xdac17f958d2ee523a2206206994597c13d831ec7, Type: Stablecoin, Value: 0 ETH, Gas: 2.22 Gwei
[2m2025-12-10T10:10:04.337939Z[0m [34mDEBUG[0m [2methereum_transaction_pool_monitor::eth_client[0m[2m:[0m ✅ Transaction 0xff0c71dc76ade5a32ade30be64eeee9d626372c00cacf21d440c0de58c9cd3dc fetched and parsed in 4.078209ms
[2m2025-12-10T10:10:04.337945Z[0m [34mDEBUG[0m [2methereum_transaction_pool_monitor::mempool_monitor[0m[2m:[0m 🔍 Skipping tx 0xff0c71dc76ade5a32ade30be64eeee9d626372c00cacf21d440c0de58c9cd3dc - not a DEX interaction (target: 0xdAC17F958D2ee523a2206206994597C13D831ec7)
[2m2025-12-10T10:10:04.337954Z[0m [34mDEBUG[0m [2methereum_transaction_pool_monitor::mempool_monitor[0m[2m:[0m 📨 Processing new pending transaction: 0xcd8b9a55cf1af837938f5882bfb53c4a0fb6e3c381248e3719494d9c3d65c5e8
[2m2025-12-10T10:10:04.337962Z[0m [34mDEBUG[0m [2methereum_transaction_pool_monitor::mempool_monitor[0m[2m:[0m 🔍 Fetching transaction details for: 0xcd8b9a55cf1af837938f5882bfb53c4a0fb6e3c381248e3719494d9c3d65c5e8
[2m2025-12-10T10:10:04.337965Z[0m [34mDEBUG[0m [2methereum_transaction_pool_monitor::eth_client[0m[2m:[0m 🔍 Fetching transaction details for hash: 0xcd8b9a55cf1af837938f5882bfb53c4a0fb6e3c381248e3719494d9c3d65c5e8
[2m2025-12-10T10:10:04.337975Z[0m [34mDEBUG[0m [2mhyper::client::pool[0m[2m:[0m reuse idle connection for ("http", 192.168.0.14:8545)
[2m2025-12-10T10:10:04.337987Z[0m [34mDEBUG[0m [2mhyper::proto::h1::io[0m[2m:[0m flushed 250 bytes
[2m2025-12-10T10:10:04.343111Z[0m [34mDEBUG[0m [2mhyper::proto::h1::io[0m[2m:[0m parsed 4 headers
[2m2025-12-10T10:10:04.343120Z[0m [34mDEBUG[0m [2mhyper::proto::h1::conn[0m[2m:[0m incoming body is content-length (778 bytes)
[2m2025-12-10T10:10:04.343125Z[0m [34mDEBUG[0m [2mhyper::proto::h1::conn[0m[2m:[0m incoming body completed
[2m2025-12-10T10:10:04.343132Z[0m [34mDEBUG[0m [2mhyper::client::pool[0m[2m:[0m pooling idle connection for ("http", 192.168.0.14:8545)
[2m2025-12-10T10:10:04.343137Z[0m [34mDEBUG[0m [2methereum_transaction_pool_monitor::eth_client[0m[2m:[0m 📡 Transaction fetch RPC completed in 5.166834ms
[2m2025-12-10T10:10:04.414478Z[0m [34mDEBUG[0m [2methereum_transaction_pool_monitor::eth_client[0m[2m:[0m ✅ Transaction 0xcd8b9a55cf1af837938f5882bfb53c4a0fb6e3c381248e3719494d9c3d65c5e8 fetched and parsed in 76.503959ms
[2m2025-12-10T10:10:04.414509Z[0m [34mDEBUG[0m [2methereum_transaction_pool_monitor::mempool_monitor[0m[2m:[0m 🔍 Skipping tx 0xcd8b9a55cf1af837938f5882bfb53c4a0fb6e3c381248e3719494d9c3d65c5e8 - not a DEX interaction (target: 0x0B010000b7624eb9B3DfBC279673C76E9D29D5F7)
[2m2025-12-10T10:10:04.414520Z[0m [34mDEBUG[0m [2methereum_transaction_pool_monitor::mempool_monitor[0m[2m:[0m 📨 Processing new pending transaction: 0xffbfbe7f4a70b58b361c9503662b082ca54ac1dd0c60e24e7c6f388101b6ed45
[2m2025-12-10T10:10:04.414533Z[0m [34mDEBUG[0m [2methereum_transaction_pool_monitor::mempool_monitor[0m[2m:[0m 🔍 Fetching transaction details for: 0xffbfbe7f4a70b58b361c9503662b082ca54ac1dd0c60e24e7c6f388101b6ed45
[2m2025-12-10T10:10:04.414540Z[0m [34mDEBUG[0m [2methereum_transaction_pool_monitor::eth_client[0m[2m:[0m 🔍 Fetching transaction details for hash: 0xffbfbe7f4a70b58b361c9503662b082ca54ac1dd0c60e24e7c6f388101b6ed45
[2m2025-12-10T10:10:04.414562Z[0m [34mDEBUG[0m [2mhyper::client::pool[0m[2m:[0m reuse idle connection for ("http", 192.168.0.14:8545)
[2m2025-12-10T10:10:04.414611Z[0m [34mDEBUG[0m [2mhyper::proto::h1::io[0m[2m:[0m flushed 250 bytes
[2m2025-12-10T10:10:04.414640Z[0m [34mDEBUG[0m [2mhyper::client::pool[0m[2m:[0m reuse idle connection for ("http", 192.168.0.14:8545)
[2m2025-12-10T10:10:04.414659Z[0m [34mDEBUG[0m [2mhyper::proto::h1::io[0m[2m:[0m flushed 172 bytes
[2m2025-12-10T10:10:04.418761Z[0m [34mDEBUG[0m [2mhyper::proto::h1::io[0m[2m:[0m parsed 4 headers
[2m2025-12-10T10:10:04.418782Z[0m [34mDEBUG[0m [2mhyper::proto::h1::io[0m[2m:[0m parsed 4 headers
[2m2025-12-10T10:10:04.418790Z[0m [34mDEBUG[0m [2mhyper::proto::h1::conn[0m[2m:[0m incoming body is content-length (765 bytes)
[2m2025-12-10T10:10:04.418800Z[0m [34mDEBUG[0m [2mhyper::proto::h1::conn[0m[2m:[0m incoming body is content-length (45 bytes)
[2m2025-12-10T10:10:04.418815Z[0m [34mDEBUG[0m [2mhyper::proto::h1::conn[0m[2m:[0m incoming body completed
[2m2025-12-10T10:10:04.418815Z[0m [34mDEBUG[0m [2mhyper::proto::h1::conn[0m[2m:[0m incoming body completed
[2m2025-12-10T10:10:04.418841Z[0m [34mDEBUG[0m [2mhyper::client::pool[0m[2m:[0m pooling idle connection for ("http", 192.168.0.14:8545)
[2m2025-12-10T10:10:04.418841Z[0m [34mDEBUG[0m [2mhyper::client::pool[0m[2m:[0m pooling idle connection for ("http", 192.168.0.14:8545)
[2m2025-12-10T10:10:04.418863Z[0m [34mDEBUG[0m [2methereum_transaction_pool_monitor::eth_client[0m[2m:[0m 📡 Transaction fetch RPC completed in 4.315583ms
[2m2025-12-10T10:10:04.418886Z[0m [34mDEBUG[0m [2methereum_transaction_pool_monitor::eth_client[0m[2m:[0m DeFi transaction detected - Address: 0xdac17f958d2ee523a2206206994597c13d831ec7, Type: Stablecoin, Value: 0 ETH, Gas: 0.27 Gwei
[2m2025-12-10T10:10:04.418902Z[0m [34mDEBUG[0m [2methereum_transaction_pool_monitor::eth_client[0m[2m:[0m ✅ Transaction 0xffbfbe7f4a70b58b361c9503662b082ca54ac1dd0c60e24e7c6f388101b6ed45 fetched and parsed in 4.3545ms
[2m2025-12-10T10:10:04.418911Z[0m [34mDEBUG[0m [2methereum_transaction_pool_monitor::mempool_monitor[0m[2m:[0m 🔍 Skipping tx 0xffbfbe7f4a70b58b361c9503662b082ca54ac1dd0c60e24e7c6f388101b6ed45 - not a DEX interaction (target: 0xdAC17F958D2ee523a2206206994597C13D831ec7)
[2m2025-12-10T10:10:04.418919Z[0m [34mDEBUG[0m [2methereum_transaction_pool_monitor::mempool_monitor[0m[2m:[0m 📨 Processing new pending transaction: 0x95be9f7c1d49928bd93943deaaaf0c0a96465fb2baf56689445b57addac0357a
[2m2025-12-10T10:10:04.418926Z[0m [34mDEBUG[0m [2methereum_transaction_pool_monitor::mempool_monitor[0m[2m:[0m 🔍 Fetching transaction details for: 0x95be9f7c1d49928bd93943deaaaf0c0a96465fb2baf56689445b57addac0357a
[2m2025-12-10T10:10:04.418931Z[0m [34mDEBUG[0m [2methereum_transaction_pool_monitor::eth_client[0m[2m:[0m 🔍 Fetching transaction details for hash: 0x95be9f7c1d49928bd93943deaaaf0c0a96465fb2baf56689445b57addac0357a
[2m2025-12-10T10:10:04.418944Z[0m [34mDEBUG[0m [2mhyper::client::pool[0m[2m:[0m reuse idle connection for ("http", 192.168.0.14:8545)
[2m2025-12-10T10:10:04.418958Z[0m [34mDEBUG[0m [2mhyper::proto::h1::io[0m[2m:[0m flushed 250 bytes
[2m2025-12-10T10:10:04.423183Z[0m [34mDEBUG[0m [2mhyper::proto::h1::io[0m[2m:[0m parsed 4 headers
[2m2025-12-10T10:10:04.423190Z[0m [34mDEBUG[0m [2mhyper::proto::h1::conn[0m[2m:[0m incoming body is content-length (764 bytes)
[2m2025-12-10T10:10:04.423196Z[0m [34mDEBUG[0m [2mhyper::proto::h1::conn[0m[2m:[0m incoming body completed
[2m2025-12-10T10:10:04.423201Z[0m [34mDEBUG[0m [2mhyper::client::pool[0m[2m:[0m pooling idle connection for ("http", 192.168.0.14:8545)
[2m2025-12-10T10:10:04.423209Z[0m [34mDEBUG[0m [2methereum_transaction_pool_monitor::eth_client[0m[2m:[0m 📡 Transaction fetch RPC completed in 4.273041ms
[2m2025-12-10T10:10:04.494293Z[0m [34mDEBUG[0m [2methereum_transaction_pool_monitor::eth_client[0m[2m:[0m ✅ Transaction 0x95be9f7c1d49928bd93943deaaaf0c0a96465fb2baf56689445b57addac0357a fetched and parsed in 75.355041ms
[2m2025-12-10T10:10:04.494322Z[0m [34mDEBUG[0m [2methereum_transaction_pool_monitor::mempool_monitor[0m[2m:[0m 🔍 Skipping tx 0x95be9f7c1d49928bd93943deaaaf0c0a96465fb2baf56689445b57addac0357a - not a DEX interaction (target: 0xA0b86991c6218b36c1d19D4a2e9Eb0cE3606eB48)
[2m2025-12-10T10:10:04.494334Z[0m [34mDEBUG[0m [2methereum_transaction_pool_monitor::mempool_monitor[0m[2m:[0m 📨 Processing new pending transaction: 0x9e2a040d986aaefb0c48d3384042774e5f8f57292dc4438dc823dc92dac19f7f
[2m2025-12-10T10:10:04.494348Z[0m [34mDEBUG[0m [2methereum_transaction_pool_monitor::mempool_monitor[0m[2m:[0m 🔍 Fetching transaction details for: 0x9e2a040d986aaefb0c48d3384042774e5f8f57292dc4438dc823dc92dac19f7f
[2m2025-12-10T10:10:04.494357Z[0m [34mDEBUG[0m [2methereum_transaction_pool_monitor::eth_client[0m[2m:[0m 🔍 Fetching transaction details for hash: 0x9e2a040d986aaefb0c48d3384042774e5f8f57292dc4438dc823dc92dac19f7f
[2m2025-12-10T10:10:04.494377Z[0m [34mDEBUG[0m [2mhyper::client::pool[0m[2m:[0m reuse idle connection for ("http", 192.168.0.14:8545)
[2m2025-12-10T10:10:04.494419Z[0m [34mDEBUG[0m [2mhyper::proto::h1::io[0m[2m:[0m flushed 250 bytes
[2m2025-12-10T10:10:04.494441Z[0m [34mDEBUG[0m [2methereum_transaction_pool_monitor::eth_client[0m[2m:[0m 📨 Received WebSocket message: {"jsonrpc":"2.0","method":"eth_subscription","params":{"subscription":"0xbed0a0851463e895960a451075a301a9","result":"0xa764d7e878dea3d726b89a080d599d6d0a8d4557f5e44d2b5025879c10d6e461"}}
[2m2025-12-10T10:10:04.494453Z[0m [34mDEBUG[0m [2methereum_transaction_pool_monitor::eth_client[0m[2m:[0m 📨 Received pending transaction: 0xa764d7e878dea3d726b89a080d599d6d0a8d4557f5e44d2b5025879c10d6e461
[2m2025-12-10T10:10:04.496984Z[0m [34mDEBUG[0m [2mhyper::client::pool[0m[2m:[0m reuse idle connection for ("http", 192.168.0.14:8545)
[2m2025-12-10T10:10:04.497023Z[0m [34mDEBUG[0m [2mhyper::proto::h1::io[0m[2m:[0m flushed 172 bytes
[2m2025-12-10T10:10:04.499215Z[0m [34mDEBUG[0m [2mhyper::proto::h1::io[0m[2m:[0m parsed 4 headers
[2m2025-12-10T10:10:04.499222Z[0m [34mDEBUG[0m [2mhyper::proto::h1::conn[0m[2m:[0m incoming body is content-length (771 bytes)
[2m2025-12-10T10:10:04.499231Z[0m [34mDEBUG[0m [2mhyper::proto::h1::conn[0m[2m:[0m incoming body completed
[2m2025-12-10T10:10:04.499240Z[0m [34mDEBUG[0m [2mhyper::client::pool[0m[2m:[0m pooling idle connection for ("http", 192.168.0.14:8545)
[2m2025-12-10T10:10:04.499247Z[0m [34mDEBUG[0m [2methereum_transaction_pool_monitor::eth_client[0m[2m:[0m 📡 Transaction fetch RPC completed in 4.884667ms
[2m2025-12-10T10:10:04.499263Z[0m [34mDEBUG[0m [2methereum_transaction_pool_monitor::eth_client[0m[2m:[0m DeFi transaction detected - Address: 0xdac17f958d2ee523a2206206994597c13d831ec7, Type: Stablecoin, Value: 0 ETH, Gas: 1.75 Gwei
[2m2025-12-10T10:10:04.499274Z[0m [34mDEBUG[0m [2methereum_transaction_pool_monitor::eth_client[0m[2m:[0m ✅ Transaction 0x9e2a040d986aaefb0c48d3384042774e5f8f57292dc4438dc823dc92dac19f7f fetched and parsed in 4.911875ms
[2m2025-12-10T10:10:04.499280Z[0m [34mDEBUG[0m [2methereum_transaction_pool_monitor::mempool_monitor[0m[2m:[0m 🔍 Skipping tx 0x9e2a040d986aaefb0c48d3384042774e5f8f57292dc4438dc823dc92dac19f7f - not a DEX interaction (target: 0xdAC17F958D2ee523a2206206994597C13D831ec7)
[2m2025-12-10T10:10:04.499286Z[0m [34mDEBUG[0m [2methereum_transaction_pool_monitor::mempool_monitor[0m[2m:[0m 📨 Processing new pending transaction: 0xb2ebbfbe0fabc845440dcfd9742230097d4797c1bfae1c1c3d15ff7d6b6ee658
[2m2025-12-10T10:10:04.499289Z[0m [34mDEBUG[0m [2methereum_transaction_pool_monitor::mempool_monitor[0m[2m:[0m 🔍 Fetching transaction details for: 0xb2ebbfbe0fabc845440dcfd9742230097d4797c1bfae1c1c3d15ff7d6b6ee658
[2m2025-12-10T10:10:04.499293Z[0m [34mDEBUG[0m [2methereum_transaction_pool_monitor::eth_client[0m[2m:[0m 🔍 Fetching transaction details for hash: 0xb2ebbfbe0fabc845440dcfd9742230097d4797c1bfae1c1c3d15ff7d6b6ee658
[2m2025-12-10T10:10:04.499303Z[0m [34mDEBUG[0m [2mhyper::client::pool[0m[2m:[0m reuse idle connection for ("http", 192.168.0.14:8545)
[2m2025-12-10T10:10:04.499317Z[0m [34mDEBUG[0m [2mhyper::proto::h1::io[0m[2m:[0m flushed 250 bytes
[2m2025-12-10T10:10:04.504083Z[0m [34mDEBUG[0m [2mhyper::proto::h1::io[0m[2m:[0m parsed 4 headers
[2m2025-12-10T10:10:04.504097Z[0m [34mDEBUG[0m [2mhyper::proto::h1::conn[0m[2m:[0m incoming body is content-length (45 bytes)
[2m2025-12-10T10:10:04.504103Z[0m [34mDEBUG[0m [2mhyper::proto::h1::conn[0m[2m:[0m incoming body completed
[2m2025-12-10T10:10:04.504112Z[0m [34mDEBUG[0m [2mhyper::client::pool[0m[2m:[0m pooling idle connection for ("http", 192.168.0.14:8545)
[2m2025-12-10T10:10:04.509142Z[0m [34mDEBUG[0m [2methereum_transaction_pool_monitor::eth_client[0m[2m:[0m 📨 Received WebSocket message: {"jsonrpc":"2.0","method":"eth_subscription","params":{"subscription":"0xbed0a0851463e895960a451075a301a9","result":"0x38d73a78139b2c2f6c6998b4522c5b8cee8148a9b14634e0c720fd31ed5b92dd"}}
[2m2025-12-10T10:10:04.509150Z[0m [34mDEBUG[0m [2methereum_transaction_pool_monitor::eth_client[0m[2m:[0m 📨 Received pending transaction: 0x38d73a78139b2c2f6c6998b4522c5b8cee8148a9b14634e0c720fd31ed5b92dd
[2m2025-12-10T10:10:04.509683Z[0m [34mDEBUG[0m [2mhyper::proto::h1::io[0m[2m:[0m parsed 4 headers
[2m2025-12-10T10:10:04.509689Z[0m [34mDEBUG[0m [2mhyper::proto::h1::conn[0m[2m:[0m incoming body is content-length (765 bytes)
[2m2025-12-10T10:10:04.509694Z[0m [34mDEBUG[0m [2mhyper::proto::h1::conn[0m[2m:[0m incoming body completed
[2m2025-12-10T10:10:04.509701Z[0m [34mDEBUG[0m [2mhyper::client::pool[0m[2m:[0m pooling idle connection for ("http", 192.168.0.14:8545)
[2m2025-12-10T10:10:04.509706Z[0m [34mDEBUG[0m [2methereum_transaction_pool_monitor::eth_client[0m[2m:[0m 📡 Transaction fetch RPC completed in 10.408625ms
[2m2025-12-10T10:10:04.509719Z[0m [34mDEBUG[0m [2methereum_transaction_pool_monitor::eth_client[0m[2m:[0m DeFi transaction detected - Address: 0xdac17f958d2ee523a2206206994597c13d831ec7, Type: Stablecoin, Value: 0 ETH, Gas: 0.27 Gwei
[2m2025-12-10T10:10:04.509731Z[0m [34mDEBUG[0m [2methereum_transaction_pool_monitor::eth_client[0m[2m:[0m ✅ Transaction 0xb2ebbfbe0fabc845440dcfd9742230097d4797c1bfae1c1c3d15ff7d6b6ee658 fetched and parsed in 10.433625ms
[2m2025-12-10T10:10:04.509737Z[0m [34mDEBUG[0m [2methereum_transaction_pool_monitor::mempool_monitor[0m[2m:[0m 🔍 Skipping tx 0xb2ebbfbe0fabc845440dcfd9742230097d4797c1bfae1c1c3d15ff7d6b6ee658 - not a DEX interaction (target: 0xdAC17F958D2ee523a2206206994597C13D831ec7)
[2m2025-12-10T10:10:04.509745Z[0m [34mDEBUG[0m [2methereum_transaction_pool_monitor::mempool_monitor[0m[2m:[0m 📨 Processing new pending transaction: 0x45c8393ec7abedc43bc353f7dee881226f7094ec2ac885cb91a7d722e76e16c0
[2m2025-12-10T10:10:04.509749Z[0m [34mDEBUG[0m [2methereum_transaction_pool_monitor::mempool_monitor[0m[2m:[0m 🔍 Fetching transaction details for: 0x45c8393ec7abedc43bc353f7dee881226f7094ec2ac885cb91a7d722e76e16c0
[2m2025-12-10T10:10:04.509753Z[0m [34mDEBUG[0m [2methereum_transaction_pool_monitor::eth_client[0m[2m:[0m 🔍 Fetching transaction details for hash: 0x45c8393ec7abedc43bc353f7dee881226f7094ec2ac885cb91a7d722e76e16c0
[2m2025-12-10T10:10:04.509772Z[0m [34mDEBUG[0m [2mhyper::client::pool[0m[2m:[0m reuse idle connection for ("http", 192.168.0.14:8545)
[2m2025-12-10T10:10:04.509793Z[0m [34mDEBUG[0m [2mhyper::proto::h1::io[0m[2m:[0m flushed 250 bytes
[2m2025-12-10T10:10:04.514714Z[0m [34mDEBUG[0m [2mhyper::proto::h1::io[0m[2m:[0m parsed 4 headers
[2m2025-12-10T10:10:04.514720Z[0m [34mDEBUG[0m [2mhyper::proto::h1::conn[0m[2m:[0m incoming body is content-length (769 bytes)
[2m2025-12-10T10:10:04.514726Z[0m [34mDEBUG[0m [2mhyper::proto::h1::conn[0m[2m:[0m incoming body completed
[2m2025-12-10T10:10:04.514733Z[0m [34mDEBUG[0m [2mhyper::client::pool[0m[2m:[0m pooling idle connection for ("http", 192.168.0.14:8545)
[2m2025-12-10T10:10:04.514738Z[0m [34mDEBUG[0m [2methereum_transaction_pool_monitor::eth_client[0m[2m:[0m 📡 Transaction fetch RPC completed in 4.982042ms
[2m2025-12-10T10:10:04.514748Z[0m [34mDEBUG[0m [2methereum_transaction_pool_monitor::eth_client[0m[2m:[0m DeFi transaction detected - Address: 0xdac17f958d2ee523a2206206994597c13d831ec7, Type: Stablecoin, Value: 0 ETH, Gas: 0.31 Gwei
[2m2025-12-10T10:10:04.514756Z[0m [34mDEBUG[0m [2methereum_transaction_pool_monitor::eth_client[0m[2m:[0m ✅ Transaction 0x45c8393ec7abedc43bc353f7dee881226f7094ec2ac885cb91a7d722e76e16c0 fetched and parsed in 5.000209ms
[2m2025-12-10T10:10:04.514762Z[0m [34mDEBUG[0m [2methereum_transaction_pool_monitor::mempool_monitor[0m[2m:[0m 🔍 Skipping tx 0x45c8393ec7abedc43bc353f7dee881226f7094ec2ac885cb91a7d722e76e16c0 - not a DEX interaction (target: 0xdAC17F958D2ee523a2206206994597C13D831ec7)
[2m2025-12-10T10:10:04.514768Z[0m [34mDEBUG[0m [2methereum_transaction_pool_monitor::mempool_monitor[0m[2m:[0m 📨 Processing new pending transaction: 0xb5ffaf2ed596806f4011fddeeddd6b95e839d79c708da3700ac060ba8e27c7fe
[2m2025-12-10T10:10:04.514771Z[0m [34mDEBUG[0m [2methereum_transaction_pool_monitor::mempool_monitor[0m[2m:[0m 🔍 Fetching transaction details for: 0xb5ffaf2ed596806f4011fddeeddd6b95e839d79c708da3700ac060ba8e27c7fe
[2m2025-12-10T10:10:04.514775Z[0m [34mDEBUG[0m [2methereum_transaction_pool_monitor::eth_client[0m[2m:[0m 🔍 Fetching transaction details for hash: 0xb5ffaf2ed596806f4011fddeeddd6b95e839d79c708da3700ac060ba8e27c7fe
[2m2025-12-10T10:10:04.514785Z[0m [34mDEBUG[0m [2mhyper::client::pool[0m[2m:[0m reuse idle connection for ("http", 192.168.0.14:8545)
[2m2025-12-10T10:10:04.514799Z[0m [34mDEBUG[0m [2mhyper::proto::h1::io[0m[2m:[0m flushed 250 bytes
[2m2025-12-10T10:10:04.521193Z[0m [34mDEBUG[0m [2mhyper::proto::h1::io[0m[2m:[0m parsed 4 headers
[2m2025-12-10T10:10:04.521202Z[0m [34mDEBUG[0m [2mhyper::proto::h1::conn[0m[2m:[0m incoming body is content-length (552 bytes)
[2m2025-12-10T10:10:04.521208Z[0m [34mDEBUG[0m [2mhyper::proto::h1::conn[0m[2m:[0m incoming body completed
[2m2025-12-10T10:10:04.521216Z[0m [34mDEBUG[0m [2mhyper::client::pool[0m[2m:[0m pooling idle connection for ("http", 192.168.0.14:8545)
[2m2025-12-10T10:10:04.521222Z[0m [34mDEBUG[0m [2methereum_transaction_pool_monitor::eth_client[0m[2m:[0m 📡 Transaction fetch RPC completed in 6.442542ms
[2m2025-12-10T10:10:04.591263Z[0m [34mDEBUG[0m [2methereum_transaction_pool_monitor::eth_client[0m[2m:[0m ✅ Transaction 0xb5ffaf2ed596806f4011fddeeddd6b95e839d79c708da3700ac060ba8e27c7fe fetched and parsed in 76.480959ms
[2m2025-12-10T10:10:04.591292Z[0m [34mDEBUG[0m [2methereum_transaction_pool_monitor::mempool_monitor[0m[2m:[0m 🔍 Skipping tx 0xb5ffaf2ed596806f4011fddeeddd6b95e839d79c708da3700ac060ba8e27c7fe - not a DEX interaction (target: 0xbe46C2Afb0799F5106817C6e79bdA42D19E31922)
[2m2025-12-10T10:10:04.591303Z[0m [34mDEBUG[0m [2methereum_transaction_pool_monitor::mempool_monitor[0m[2m:[0m 📨 Processing new pending transaction: 0x8c23965b5a935fd945d7eaf8c4e1c6a540d8998c60c1c39db0d2647a46e0f4e2
[2m2025-12-10T10:10:04.591314Z[0m [34mDEBUG[0m [2methereum_transaction_pool_monitor::mempool_monitor[0m[2m:[0m 🔍 Fetching transaction details for: 0x8c23965b5a935fd945d7eaf8c4e1c6a540d8998c60c1c39db0d2647a46e0f4e2
[2m2025-12-10T10:10:04.591321Z[0m [34mDEBUG[0m [2methereum_transaction_pool_monitor::eth_client[0m[2m:[0m 🔍 Fetching transaction details for hash: 0x8c23965b5a935fd945d7eaf8c4e1c6a540d8998c60c1c39db0d2647a46e0f4e2
[2m2025-12-10T10:10:04.591342Z[0m [34mDEBUG[0m [2mhyper::client::pool[0m[2m:[0m reuse idle connection for ("http", 192.168.0.14:8545)
[2m2025-12-10T10:10:04.591382Z[0m [34mDEBUG[0m [2mhyper::proto::h1::io[0m[2m:[0m flushed 250 bytes
[2m2025-12-10T10:10:04.597705Z[0m [34mDEBUG[0m [2mhyper::client::pool[0m[2m:[0m reuse idle connection for ("http", 192.168.0.14:8545)
[2m2025-12-10T10:10:04.597775Z[0m [34mDEBUG[0m [2mhyper::proto::h1::io[0m[2m:[0m flushed 172 bytes
[2m2025-12-10T10:10:04.598736Z[0m [34mDEBUG[0m [2mhyper::proto::h1::io[0m[2m:[0m parsed 4 headers
[2m2025-12-10T10:10:04.598741Z[0m [34mDEBUG[0m [2mhyper::proto::h1::conn[0m[2m:[0m incoming body is content-length (770 bytes)
[2m2025-12-10T10:10:04.598750Z[0m [34mDEBUG[0m [2mhyper::proto::h1::conn[0m[2m:[0m incoming body completed
[2m2025-12-10T10:10:04.598761Z[0m [34mDEBUG[0m [2mhyper::client::pool[0m[2m:[0m pooling idle connection for ("http", 192.168.0.14:8545)
[2m2025-12-10T10:10:04.598771Z[0m [34mDEBUG[0m [2methereum_transaction_pool_monitor::eth_client[0m[2m:[0m 📡 Transaction fetch RPC completed in 7.4415ms
[2m2025-12-10T10:10:04.598803Z[0m [34mDEBUG[0m [2methereum_transaction_pool_monitor::eth_client[0m[2m:[0m DeFi transaction detected - Address: 0xdac17f958d2ee523a2206206994597c13d831ec7, Type: Stablecoin, Value: 0 ETH, Gas: 2.20 Gwei
[2m2025-12-10T10:10:04.598819Z[0m [34mDEBUG[0m [2methereum_transaction_pool_monitor::eth_client[0m[2m:[0m ✅ Transaction 0x8c23965b5a935fd945d7eaf8c4e1c6a540d8998c60c1c39db0d2647a46e0f4e2 fetched and parsed in 7.489542ms
[2m2025-12-10T10:10:04.598827Z[0m [34mDEBUG[0m [2methereum_transaction_pool_monitor::mempool_monitor[0m[2m:[0m 🔍 Skipping tx 0x8c23965b5a935fd945d7eaf8c4e1c6a540d8998c60c1c39db0d2647a46e0f4e2 - not a DEX interaction (target: 0xdAC17F958D2ee523a2206206994597C13D831ec7)
[2m2025-12-10T10:10:04.598836Z[0m [34mDEBUG[0m [2methereum_transaction_pool_monitor::mempool_monitor[0m[2m:[0m 📨 Processing new pending transaction: 0xa31f5083b0d0a4f18e85264220de2d9bf70f63ab6f68dd29210128a80e5bb690
[2m2025-12-10T10:10:04.598841Z[0m [34mDEBUG[0m [2methereum_transaction_pool_monitor::mempool_monitor[0m[2m:[0m 🔍 Fetching transaction details for: 0xa31f5083b0d0a4f18e85264220de2d9bf70f63ab6f68dd29210128a80e5bb690
[2m2025-12-10T10:10:04.598846Z[0m [34mDEBUG[0m [2methereum_transaction_pool_monitor::eth_client[0m[2m:[0m 🔍 Fetching transaction details for hash: 0xa31f5083b0d0a4f18e85264220de2d9bf70f63ab6f68dd29210128a80e5bb690
[2m2025-12-10T10:10:04.598856Z[0m [34mDEBUG[0m [2mhyper::client::pool[0m[2m:[0m reuse idle connection for ("http", 192.168.0.14:8545)
[2m2025-12-10T10:10:04.598873Z[0m [34mDEBUG[0m [2mhyper::proto::h1::io[0m[2m:[0m flushed 250 bytes
[2m2025-12-10T10:10:04.602378Z[0m [34mDEBUG[0m [2mhyper::proto::h1::io[0m[2m:[0m parsed 4 headers
[2m2025-12-10T10:10:04.602386Z[0m [34mDEBUG[0m [2mhyper::proto::h1::conn[0m[2m:[0m incoming body is content-length (45 bytes)
[2m2025-12-10T10:10:04.602391Z[0m [34mDEBUG[0m [2mhyper::proto::h1::conn[0m[2m:[0m incoming body completed
[2m2025-12-10T10:10:04.602398Z[0m [34mDEBUG[0m [2mhyper::client::pool[0m[2m:[0m pooling idle connection for ("http", 192.168.0.14:8545)
[2m2025-12-10T10:10:04.606597Z[0m [34mDEBUG[0m [2methereum_transaction_pool_monitor::eth_client[0m[2m:[0m 📨 Received WebSocket message: {"jsonrpc":"2.0","method":"eth_subscription","params":{"subscription":"0xbed0a0851463e895960a451075a301a9","result":"0xa9591eac596158e594a570efecd89d73655f323cad632834fa5dabdb0a6d3361"}}
[2m2025-12-10T10:10:04.606609Z[0m [34mDEBUG[0m [2methereum_transaction_pool_monitor::eth_client[0m[2m:[0m 📨 Received pending transaction: 0xa9591eac596158e594a570efecd89d73655f323cad632834fa5dabdb0a6d3361
[2m2025-12-10T10:10:04.608255Z[0m [34mDEBUG[0m [2mhyper::proto::h1::io[0m[2m:[0m parsed 4 headers
[2m2025-12-10T10:10:04.608262Z[0m [34mDEBUG[0m [2mhyper::proto::h1::conn[0m[2m:[0m incoming body is content-length (646 bytes)
[2m2025-12-10T10:10:04.608271Z[0m [34mDEBUG[0m [2mhyper::proto::h1::conn[0m[2m:[0m incoming body completed
[2m2025-12-10T10:10:04.608277Z[0m [34mDEBUG[0m [2mhyper::client::pool[0m[2m:[0m pooling idle connection for ("http", 192.168.0.14:8545)
[2m2025-12-10T10:10:04.608283Z[0m [34mDEBUG[0m [2methereum_transaction_pool_monitor::eth_client[0m[2m:[0m 📡 Transaction fetch RPC completed in 9.431292ms
[2m2025-12-10T10:10:04.679435Z[0m [34mDEBUG[0m [2methereum_transaction_pool_monitor::eth_client[0m[2m:[0m ✅ Transaction 0xa31f5083b0d0a4f18e85264220de2d9bf70f63ab6f68dd29210128a80e5bb690 fetched and parsed in 80.580917ms
[2m2025-12-10T10:10:04.679460Z[0m [34mDEBUG[0m [2methereum_transaction_pool_monitor::mempool_monitor[0m[2m:[0m 🔍 Skipping tx 0xa31f5083b0d0a4f18e85264220de2d9bf70f63ab6f68dd29210128a80e5bb690 - not a DEX interaction (target: 0x4eD744F1aa5B51E0cc846772953959b2897B1d3D)
[2m2025-12-10T10:10:04.679470Z[0m [34mDEBUG[0m [2methereum_transaction_pool_monitor::mempool_monitor[0m[2m:[0m 📨 Processing new pending transaction: 0x3770283b3b8abfb9e870712008b4c4eada326019cb4046622ab80cd5d62a2c74
[2m2025-12-10T10:10:04.679479Z[0m [34mDEBUG[0m [2methereum_transaction_pool_monitor::mempool_monitor[0m[2m:[0m 🔍 Fetching transaction details for: 0x3770283b3b8abfb9e870712008b4c4eada326019cb4046622ab80cd5d62a2c74
[2m2025-12-10T10:10:04.679485Z[0m [34mDEBUG[0m [2methereum_transaction_pool_monitor::eth_client[0m[2m:[0m 🔍 Fetching transaction details for hash: 0x3770283b3b8abfb9e870712008b4c4eada326019cb4046622ab80cd5d62a2c74
[2m2025-12-10T10:10:04.679502Z[0m [34mDEBUG[0m [2mhyper::client::pool[0m[2m:[0m reuse idle connection for ("http", 192.168.0.14:8545)
[2m2025-12-10T10:10:04.679540Z[0m [34mDEBUG[0m [2mhyper::proto::h1::io[0m[2m:[0m flushed 250 bytes
[2m2025-12-10T10:10:04.679560Z[0m [34mDEBUG[0m [2methereum_transaction_pool_monitor::eth_client[0m[2m:[0m 📨 Received WebSocket message: {"jsonrpc":"2.0","method":"eth_subscription","params":{"subscription":"0xbed0a0851463e895960a451075a301a9","result":"0x72eaaf6939f5d1d220e4cd4399192a4a2086c32eec9c8fc5d4b8f05cf1a9be1a"}}
[2m2025-12-10T10:10:04.679568Z[0m [34mDEBUG[0m [2methereum_transaction_pool_monitor::eth_client[0m[2m:[0m 📨 Received pending transaction: 0x72eaaf6939f5d1d220e4cd4399192a4a2086c32eec9c8fc5d4b8f05cf1a9be1a
[2m2025-12-10T10:10:04.684722Z[0m [34mDEBUG[0m [2mhyper::proto::h1::io[0m[2m:[0m parsed 4 headers
[2m2025-12-10T10:10:04.684750Z[0m [34mDEBUG[0m [2mhyper::proto::h1::conn[0m[2m:[0m incoming body is content-length (770 bytes)
[2m2025-12-10T10:10:04.684763Z[0m [34mDEBUG[0m [2mhyper::proto::h1::conn[0m[2m:[0m incoming body completed
[2m2025-12-10T10:10:04.684778Z[0m [34mDEBUG[0m [2mhyper::client::pool[0m[2m:[0m pooling idle connection for ("http", 192.168.0.14:8545)
[2m2025-12-10T10:10:04.684802Z[0m [34mDEBUG[0m [2methereum_transaction_pool_monitor::eth_client[0m[2m:[0m 📡 Transaction fetch RPC completed in 5.312583ms
[2m2025-12-10T10:10:04.684820Z[0m [34mDEBUG[0m [2methereum_transaction_pool_monitor::eth_client[0m[2m:[0m DeFi transaction detected - Address: 0xdac17f958d2ee523a2206206994597c13d831ec7, Type: Stablecoin, Value: 0 ETH, Gas: 1.75 Gwei
[2m2025-12-10T10:10:04.684833Z[0m [34mDEBUG[0m [2methereum_transaction_pool_monitor::eth_client[0m[2m:[0m ✅ Transaction 0x3770283b3b8abfb9e870712008b4c4eada326019cb4046622ab80cd5d62a2c74 fetched and parsed in 5.343041ms
[2m2025-12-10T10:10:04.684838Z[0m [34mDEBUG[0m [2methereum_transaction_pool_monitor::mempool_monitor[0m[2m:[0m 🔍 Skipping tx 0x3770283b3b8abfb9e870712008b4c4eada326019cb4046622ab80cd5d62a2c74 - not a DEX interaction (target: 0xdAC17F958D2ee523a2206206994597C13D831ec7)
[2m2025-12-10T10:10:04.684846Z[0m [34mDEBUG[0m [2methereum_transaction_pool_monitor::mempool_monitor[0m[2m:[0m 📨 Processing new pending transaction: 0xa9e2b91b3f5b60e7bac342139b1efd8600c5c77f76364e1a1aa6c78c9e313c7a
[2m2025-12-10T10:10:04.684850Z[0m [34mDEBUG[0m [2methereum_transaction_pool_monitor::mempool_monitor[0m[2m:[0m 🔍 Fetching transaction details for: 0xa9e2b91b3f5b60e7bac342139b1efd8600c5c77f76364e1a1aa6c78c9e313c7a
[2m2025-12-10T10:10:04.684853Z[0m [34mDEBUG[0m [2methereum_transaction_pool_monitor::eth_client[0m[2m:[0m 🔍 Fetching transaction details for hash: 0xa9e2b91b3f5b60e7bac342139b1efd8600c5c77f76364e1a1aa6c78c9e313c7a
[2m2025-12-10T10:10:04.684867Z[0m [34mDEBUG[0m [2mhyper::client::pool[0m[2m:[0m reuse idle connection for ("http", 192.168.0.14:8545)
[2m2025-12-10T10:10:04.684892Z[0m [34mDEBUG[0m [2mhyper::proto::h1::io[0m[2m:[0m flushed 250 bytes
[2m2025-12-10T10:10:04.689859Z[0m [34mDEBUG[0m [2mhyper::proto::h1::io[0m[2m:[0m parsed 4 headers
[2m2025-12-10T10:10:04.689881Z[0m [34mDEBUG[0m [2mhyper::proto::h1::conn[0m[2m:[0m incoming body is content-length (770 bytes)
[2m2025-12-10T10:10:04.689902Z[0m [34mDEBUG[0m [2mhyper::proto::h1::conn[0m[2m:[0m incoming body completed
[2m2025-12-10T10:10:04.689920Z[0m [34mDEBUG[0m [2mhyper::client::pool[0m[2m:[0m pooling idle connection for ("http", 192.168.0.14:8545)
[2m2025-12-10T10:10:04.689925Z[0m [34mDEBUG[0m [2methereum_transaction_pool_monitor::eth_client[0m[2m:[0m 📡 Transaction fetch RPC completed in 5.068083ms
[2m2025-12-10T10:10:04.689935Z[0m [34mDEBUG[0m [2methereum_transaction_pool_monitor::eth_client[0m[2m:[0m DeFi transaction detected - Address: 0xdac17f958d2ee523a2206206994597c13d831ec7, Type: Stablecoin, Value: 0 ETH, Gas: 1.75 Gwei
[2m2025-12-10T10:10:04.689946Z[0m [34mDEBUG[0m [2methereum_transaction_pool_monitor::eth_client[0m[2m:[0m ✅ Transaction 0xa9e2b91b3f5b60e7bac342139b1efd8600c5c77f76364e1a1aa6c78c9e313c7a fetched and parsed in 5.089ms
[2m2025-12-10T10:10:04.689951Z[0m [34mDEBUG[0m [2methereum_transaction_pool_monitor::mempool_monitor[0m[2m:[0m 🔍 Skipping tx 0xa9e2b91b3f5b60e7bac342139b1efd8600c5c77f76364e1a1aa6c78c9e313c7a - not a DEX interaction (target: 0xdAC17F958D2ee523a2206206994597C13D831ec7)
[2m2025-12-10T10:10:04.689957Z[0m [34mDEBUG[0m [2methereum_transaction_pool_monitor::mempool_monitor[0m[2m:[0m 📨 Processing new pending transaction: 0x849c1a1126415771fd5cca5cc82f0c992215895e4c77a46327489208cccd0294
[2m2025-12-10T10:10:04.689960Z[0m [34mDEBUG[0m [2methereum_transaction_pool_monitor::mempool_monitor[0m[2m:[0m 🔍 Fetching transaction details for: 0x849c1a1126415771fd5cca5cc82f0c992215895e4c77a46327489208cccd0294
[2m2025-12-10T10:10:04.689964Z[0m [34mDEBUG[0m [2methereum_transaction_pool_monitor::eth_client[0m[2m:[0m 🔍 Fetching transaction details for hash: 0x849c1a1126415771fd5cca5cc82f0c992215895e4c77a46327489208cccd0294
[2m2025-12-10T10:10:04.689974Z[0m [34mDEBUG[0m [2mhyper::client::pool[0m[2m:[0m reuse idle connection for ("http", 192.168.0.14:8545)
[2m2025-12-10T10:10:04.689989Z[0m [34mDEBUG[0m [2mhyper::proto::h1::io[0m[2m:[0m flushed 250 bytes
[2m2025-12-10T10:10:04.697352Z[0m [34mDEBUG[0m [2mhyper::client::pool[0m[2m:[0m reuse idle connection for ("http", 192.168.0.14:8545)
[2m2025-12-10T10:10:04.697353Z[0m [34mDEBUG[0m [2mhyper::proto::h1::io[0m[2m:[0m parsed 4 headers
[2m2025-12-10T10:10:04.697374Z[0m [34mDEBUG[0m [2mhyper::proto::h1::conn[0m[2m:[0m incoming body is content-length (772 bytes)
[2m2025-12-10T10:10:04.697381Z[0m [34mDEBUG[0m [2mhyper::proto::h1::conn[0m[2m:[0m incoming body completed
[2m2025-12-10T10:10:04.697387Z[0m [34mDEBUG[0m [2mhyper::proto::h1::io[0m[2m:[0m flushed 172 bytes
[2m2025-12-10T10:10:04.697388Z[0m [34mDEBUG[0m [2mhyper::client::pool[0m[2m:[0m pooling idle connection for ("http", 192.168.0.14:8545)
[2m2025-12-10T10:10:04.697405Z[0m [34mDEBUG[0m [2methereum_transaction_pool_monitor::eth_client[0m[2m:[0m 📡 Transaction fetch RPC completed in 7.437375ms
[2m2025-12-10T10:10:04.702729Z[0m [34mDEBUG[0m [2mhyper::proto::h1::io[0m[2m:[0m parsed 4 headers
[2m2025-12-10T10:10:04.702750Z[0m [34mDEBUG[0m [2mhyper::proto::h1::conn[0m[2m:[0m incoming body is content-length (45 bytes)
[2m2025-12-10T10:10:04.702759Z[0m [34mDEBUG[0m [2mhyper::proto::h1::conn[0m[2m:[0m incoming body completed
[2m2025-12-10T10:10:04.702769Z[0m [34mDEBUG[0m [2mhyper::client::pool[0m[2m:[0m pooling idle connection for ("http", 192.168.0.14:8545)
[2m2025-12-10T10:10:04.768119Z[0m [34mDEBUG[0m [2methereum_transaction_pool_monitor::eth_client[0m[2m:[0m ✅ Transaction 0x849c1a1126415771fd5cca5cc82f0c992215895e4c77a46327489208cccd0294 fetched and parsed in 78.149667ms
[2m2025-12-10T10:10:04.768146Z[0m [34mDEBUG[0m [2methereum_transaction_pool_monitor::mempool_monitor[0m[2m:[0m 🔍 Skipping tx 0x849c1a1126415771fd5cca5cc82f0c992215895e4c77a46327489208cccd0294 - not a DEX interaction (target: 0xEd04915c23f00A313a544955524EB7DBD823143d)
[2m2025-12-10T10:10:04.768156Z[0m [34mDEBUG[0m [2methereum_transaction_pool_monitor::mempool_monitor[0m[2m:[0m 📨 Processing new pending transaction: 0x6039169d6e019fec9ce5b977f70d8fb2cc84a7400372d42196fa02071aad1785
[2m2025-12-10T10:10:04.768163Z[0m [34mDEBUG[0m [2methereum_transaction_pool_monitor::mempool_monitor[0m[2m:[0m 🔍 Fetching transaction details for: 0x6039169d6e019fec9ce5b977f70d8fb2cc84a7400372d42196fa02071aad1785
[2m2025-12-10T10:10:04.768169Z[0m [34mDEBUG[0m [2methereum_transaction_pool_monitor::eth_client[0m[2m:[0m 🔍 Fetching transaction details for hash: 0x6039169d6e019fec9ce5b977f70d8fb2cc84a7400372d42196fa02071aad1785
[2m2025-12-10T10:10:04.768186Z[0m [34mDEBUG[0m [2mhyper::client::pool[0m[2m:[0m reuse idle connection for ("http", 192.168.0.14:8545)
[2m2025-12-10T10:10:04.768223Z[0m [34mDEBUG[0m [2mhyper::proto::h1::io[0m[2m:[0m flushed 250 bytes
[2m2025-12-10T10:10:04.773513Z[0m [34mDEBUG[0m [2mhyper::proto::h1::io[0m[2m:[0m parsed 4 headers
[2m2025-12-10T10:10:04.773526Z[0m [34mDEBUG[0m [2mhyper::proto::h1::conn[0m[2m:[0m incoming body is content-length (771 bytes)
[2m2025-12-10T10:10:04.773534Z[0m [34mDEBUG[0m [2mhyper::proto::h1::conn[0m[2m:[0m incoming body completed
[2m2025-12-10T10:10:04.773543Z[0m [34mDEBUG[0m [2mhyper::client::pool[0m[2m:[0m pooling idle connection for ("http", 192.168.0.14:8545)
[2m2025-12-10T10:10:04.773550Z[0m [34mDEBUG[0m [2methereum_transaction_pool_monitor::eth_client[0m[2m:[0m 📡 Transaction fetch RPC completed in 5.376084ms
[2m2025-12-10T10:10:04.773565Z[0m [34mDEBUG[0m [2methereum_transaction_pool_monitor::eth_client[0m[2m:[0m DeFi transaction detected - Address: 0xdac17f958d2ee523a2206206994597c13d831ec7, Type: Stablecoin, Value: 0 ETH, Gas: 1.75 Gwei
[2m2025-12-10T10:10:04.773576Z[0m [34mDEBUG[0m [2methereum_transaction_pool_monitor::eth_client[0m[2m:[0m ✅ Transaction 0x6039169d6e019fec9ce5b977f70d8fb2cc84a7400372d42196fa02071aad1785 fetched and parsed in 5.402459ms
[2m2025-12-10T10:10:04.773582Z[0m [34mDEBUG[0m [2methereum_transaction_pool_monitor::mempool_monitor[0m[2m:[0m 🔍 Skipping tx 0x6039169d6e019fec9ce5b977f70d8fb2cc84a7400372d42196fa02071aad1785 - not a DEX interaction (target: 0xdAC17F958D2ee523a2206206994597C13D831ec7)
[2m2025-12-10T10:10:04.773590Z[0m [34mDEBUG[0m [2methereum_transaction_pool_monitor::mempool_monitor[0m[2m:[0m 📨 Processing new pending transaction: 0x50e0d647c05b88775dd1d439447ab2fa8bc0e968bdcf5d32607abbdddcaedbb0
[2m2025-12-10T10:10:04.773594Z[0m [34mDEBUG[0m [2methereum_transaction_pool_monitor::mempool_monitor[0m[2m:[0m 🔍 Fetching transaction details for: 0x50e0d647c05b88775dd1d439447ab2fa8bc0e968bdcf5d32607abbdddcaedbb0
[2m2025-12-10T10:10:04.773598Z[0m [34mDEBUG[0m [2methereum_transaction_pool_monitor::eth_client[0m[2m:[0m 🔍 Fetching transaction details for hash: 0x50e0d647c05b88775dd1d439447ab2fa8bc0e968bdcf5d32607abbdddcaedbb0
[2m2025-12-10T10:10:04.773611Z[0m [34mDEBUG[0m [2mhyper::client::pool[0m[2m:[0m reuse idle connection for ("http", 192.168.0.14:8545)
[2m2025-12-10T10:10:04.773637Z[0m [34mDEBUG[0m [2mhyper::proto::h1::io[0m[2m:[0m flushed 250 bytes
[2m2025-12-10T10:10:04.779020Z[0m [34mDEBUG[0m [2mhyper::proto::h1::io[0m[2m:[0m parsed 4 headers
[2m2025-12-10T10:10:04.779028Z[0m [34mDEBUG[0m [2mhyper::proto::h1::conn[0m[2m:[0m incoming body is content-length (710 bytes)
[2m2025-12-10T10:10:04.779034Z[0m [34mDEBUG[0m [2mhyper::proto::h1::conn[0m[2m:[0m incoming body completed
[2m2025-12-10T10:10:04.779040Z[0m [34mDEBUG[0m [2mhyper::client::pool[0m[2m:[0m pooling idle connection for ("http", 192.168.0.14:8545)
[2m2025-12-10T10:10:04.779046Z[0m [34mDEBUG[0m [2methereum_transaction_pool_monitor::eth_client[0m[2m:[0m 📡 Transaction fetch RPC completed in 5.4445ms
[2m2025-12-10T10:10:04.850414Z[0m [34mDEBUG[0m [2methereum_transaction_pool_monitor::eth_client[0m[2m:[0m ✅ Transaction 0x50e0d647c05b88775dd1d439447ab2fa8bc0e968bdcf5d32607abbdddcaedbb0 fetched and parsed in 76.810083ms
[2m2025-12-10T10:10:04.850438Z[0m [34mDEBUG[0m [2methereum_transaction_pool_monitor::mempool_monitor[0m[2m:[0m 🔍 Skipping tx 0x50e0d647c05b88775dd1d439447ab2fa8bc0e968bdcf5d32607abbdddcaedbb0 - not a DEX interaction (target: 0x6581F9C5996e0F14b471C137328c7476B54Bc5e6)
[2m2025-12-10T10:10:04.850447Z[0m [34mDEBUG[0m [2methereum_transaction_pool_monitor::mempool_monitor[0m[2m:[0m 📨 Processing new pending transaction: 0xec56a634a7bd2d07012acb59f79ca18304420cc8ab6c0ec90216f26fed24d867
[2m2025-12-10T10:10:04.850456Z[0m [34mDEBUG[0m [2methereum_transaction_pool_monitor::mempool_monitor[0m[2m:[0m 🔍 Fetching transaction details for: 0xec56a634a7bd2d07012acb59f79ca18304420cc8ab6c0ec90216f26fed24d867
[2m2025-12-10T10:10:04.850462Z[0m [34mDEBUG[0m [2methereum_transaction_pool_monitor::eth_client[0m[2m:[0m 🔍 Fetching transaction details for hash: 0xec56a634a7bd2d07012acb59f79ca18304420cc8ab6c0ec90216f26fed24d867
[2m2025-12-10T10:10:04.850479Z[0m [34mDEBUG[0m [2mhyper::client::pool[0m[2m:[0m reuse idle connection for ("http", 192.168.0.14:8545)
[2m2025-12-10T10:10:04.850518Z[0m [34mDEBUG[0m [2mhyper::proto::h1::io[0m[2m:[0m flushed 250 bytes
[2m2025-12-10T10:10:04.850536Z[0m [34mDEBUG[0m [2mhyper::client::pool[0m[2m:[0m reuse idle connection for ("http", 192.168.0.14:8545)
[2m2025-12-10T10:10:04.850551Z[0m [34mDEBUG[0m [2mhyper::proto::h1::io[0m[2m:[0m flushed 172 bytes
[2m2025-12-10T10:10:04.850590Z[0m [34mDEBUG[0m [2methereum_transaction_pool_monitor::eth_client[0m[2m:[0m 📨 Received WebSocket message: {"jsonrpc":"2.0","method":"eth_subscription","params":{"subscription":"0xbed0a0851463e895960a451075a301a9","result":"0x8497e66997d850bedbafd5001150c985d10ab8daee9894104598304815c27349"}}
[2m2025-12-10T10:10:04.850599Z[0m [34mDEBUG[0m [2methereum_transaction_pool_monitor::eth_client[0m[2m:[0m 📨 Received pending transaction: 0x8497e66997d850bedbafd5001150c985d10ab8daee9894104598304815c27349
[2m2025-12-10T10:10:04.855930Z[0m [34mDEBUG[0m [2mhyper::proto::h1::io[0m[2m:[0m parsed 4 headers
[2m2025-12-10T10:10:04.855938Z[0m [34mDEBUG[0m [2mhyper::proto::h1::conn[0m[2m:[0m incoming body is content-length (45 bytes)
[2m2025-12-10T10:10:04.855946Z[0m [34mDEBUG[0m [2mhyper::proto::h1::conn[0m[2m:[0m incoming body completed
[2m2025-12-10T10:10:04.855955Z[0m [34mDEBUG[0m [2mhyper::client::pool[0m[2m:[0m pooling idle connection for ("http", 192.168.0.14:8545)
[2m2025-12-10T10:10:04.857760Z[0m [34mDEBUG[0m [2mhyper::proto::h1::io[0m[2m:[0m parsed 4 headers
[2m2025-12-10T10:10:04.857765Z[0m [34mDEBUG[0m [2mhyper::proto::h1::conn[0m[2m:[0m incoming body is content-length (771 bytes)
[2m2025-12-10T10:10:04.857770Z[0m [34mDEBUG[0m [2mhyper::proto::h1::conn[0m[2m:[0m incoming body completed
[2m2025-12-10T10:10:04.857777Z[0m [34mDEBUG[0m [2mhyper::client::pool[0m[2m:[0m pooling idle connection for ("http", 192.168.0.14:8545)
[2m2025-12-10T10:10:04.857783Z[0m [34mDEBUG[0m [2methereum_transaction_pool_monitor::eth_client[0m[2m:[0m 📡 Transaction fetch RPC completed in 7.316792ms
[2m2025-12-10T10:10:04.857808Z[0m [34mDEBUG[0m [2methereum_transaction_pool_monitor::eth_client[0m[2m:[0m DeFi transaction detected - Address: 0xdac17f958d2ee523a2206206994597c13d831ec7, Type: Stablecoin, Value: 0 ETH, Gas: 1.75 Gwei
[2m2025-12-10T10:10:04.857832Z[0m [34mDEBUG[0m [2methereum_transaction_pool_monitor::eth_client[0m[2m:[0m ✅ Transaction 0xec56a634a7bd2d07012acb59f79ca18304420cc8ab6c0ec90216f26fed24d867 fetched and parsed in 7.365042ms
[2m2025-12-10T10:10:04.857842Z[0m [34mDEBUG[0m [2methereum_transaction_pool_monitor::mempool_monitor[0m[2m:[0m 🔍 Skipping tx 0xec56a634a7bd2d07012acb59f79ca18304420cc8ab6c0ec90216f26fed24d867 - not a DEX interaction (target: 0xdAC17F958D2ee523a2206206994597C13D831ec7)
[2m2025-12-10T10:10:04.857863Z[0m [34mDEBUG[0m [2methereum_transaction_pool_monitor::mempool_monitor[0m[2m:[0m 📨 Processing new pending transaction: 0x9aa8f76bcea7ac04031b09bb9beb8f5f1aaeb280a187712a732ae0746d0dd6d8
[2m2025-12-10T10:10:04.857870Z[0m [34mDEBUG[0m [2methereum_transaction_pool_monitor::mempool_monitor[0m[2m:[0m 🔍 Fetching transaction details for: 0x9aa8f76bcea7ac04031b09bb9beb8f5f1aaeb280a187712a732ae0746d0dd6d8
[2m2025-12-10T10:10:04.857878Z[0m [34mDEBUG[0m [2methereum_transaction_pool_monitor::eth_client[0m[2m:[0m 🔍 Fetching transaction details for hash: 0x9aa8f76bcea7ac04031b09bb9beb8f5f1aaeb280a187712a732ae0746d0dd6d8
[2m2025-12-10T10:10:04.857892Z[0m [34mDEBUG[0m [2mhyper::client::pool[0m[2m:[0m reuse idle connection for ("http", 192.168.0.14:8545)
[2m2025-12-10T10:10:04.857909Z[0m [34mDEBUG[0m [2mhyper::proto::h1::io[0m[2m:[0m flushed 250 bytes
[2m2025-12-10T10:10:04.863851Z[0m [34mDEBUG[0m [2mhyper::proto::h1::io[0m[2m:[0m parsed 4 headers
[2m2025-12-10T10:10:04.863865Z[0m [34mDEBUG[0m [2mhyper::proto::h1::conn[0m[2m:[0m incoming body is content-length (769 bytes)
[2m2025-12-10T10:10:04.863869Z[0m [34mDEBUG[0m [2mhyper::proto::h1::conn[0m[2m:[0m incoming body completed
[2m2025-12-10T10:10:04.863874Z[0m [34mDEBUG[0m [2mhyper::client::pool[0m[2m:[0m pooling idle connection for ("http", 192.168.0.14:8545)
[2m2025-12-10T10:10:04.863878Z[0m [34mDEBUG[0m [2methereum_transaction_pool_monitor::eth_client[0m[2m:[0m 📡 Transaction fetch RPC completed in 5.992375ms
[2m2025-12-10T10:10:04.863889Z[0m [34mDEBUG[0m [2methereum_transaction_pool_monitor::eth_client[0m[2m:[0m DeFi transaction detected - Address: 0xdac17f958d2ee523a2206206994597c13d831ec7, Type: Stablecoin, Value: 0 ETH, Gas: 1.75 Gwei
[2m2025-12-10T10:10:04.863898Z[0m [34mDEBUG[0m [2methereum_transaction_pool_monitor::eth_client[0m[2m:[0m ✅ Transaction 0x9aa8f76bcea7ac04031b09bb9beb8f5f1aaeb280a187712a732ae0746d0dd6d8 fetched and parsed in 6.012083ms
[2m2025-12-10T10:10:04.863903Z[0m [34mDEBUG[0m [2methereum_transaction_pool_monitor::mempool_monitor[0m[2m:[0m 🔍 Skipping tx 0x9aa8f76bcea7ac04031b09bb9beb8f5f1aaeb280a187712a732ae0746d0dd6d8 - not a DEX interaction (target: 0xdAC17F958D2ee523a2206206994597C13D831ec7)
[2m2025-12-10T10:10:04.863908Z[0m [34mDEBUG[0m [2methereum_transaction_pool_monitor::mempool_monitor[0m[2m:[0m 📨 Processing new pending transaction: 0x60039f5f5a8417db6926d520039f8b774c8c2d22d56e160d25f350ce45653c41
[2m2025-12-10T10:10:04.863912Z[0m [34mDEBUG[0m [2methereum_transaction_pool_monitor::mempool_monitor[0m[2m:[0m 🔍 Fetching transaction details for: 0x60039f5f5a8417db6926d520039f8b774c8c2d22d56e160d25f350ce45653c41
[2m2025-12-10T10:10:04.863916Z[0m [34mDEBUG[0m [2methereum_transaction_pool_monitor::eth_client[0m[2m:[0m 🔍 Fetching transaction details for hash: 0x60039f5f5a8417db6926d520039f8b774c8c2d22d56e160d25f350ce45653c41
[2m2025-12-10T10:10:04.863923Z[0m [34mDEBUG[0m [2mhyper::client::pool[0m[2m:[0m reuse idle connection for ("http", 192.168.0.14:8545)
[2m2025-12-10T10:10:04.863936Z[0m [34mDEBUG[0m [2mhyper::proto::h1::io[0m[2m:[0m flushed 250 bytes
[2m2025-12-10T10:10:04.866852Z[0m [34mDEBUG[0m [2methereum_transaction_pool_monitor::eth_client[0m[2m:[0m 📨 Received WebSocket message: {"jsonrpc":"2.0","method":"eth_subscription","params":{"subscription":"0xbed0a0851463e895960a451075a301a9","result":"0x769b37819afb880a2c4ebbfeea121ed617c490ce19efc55e7faf7db0adbb338f"}}
[2m2025-12-10T10:10:04.866864Z[0m [34mDEBUG[0m [2methereum_transaction_pool_monitor::eth_client[0m[2m:[0m 📨 Received pending transaction: 0x769b37819afb880a2c4ebbfeea121ed617c490ce19efc55e7faf7db0adbb338f
[2m2025-12-10T10:10:04.875196Z[0m [34mDEBUG[0m [2mhyper::proto::h1::io[0m[2m:[0m parsed 4 headers
[2m2025-12-10T10:10:04.875203Z[0m [34mDEBUG[0m [2mhyper::proto::h1::conn[0m[2m:[0m incoming body is content-length (770 bytes)
[2m2025-12-10T10:10:04.875209Z[0m [34mDEBUG[0m [2mhyper::proto::h1::conn[0m[2m:[0m incoming body completed
[2m2025-12-10T10:10:04.875215Z[0m [34mDEBUG[0m [2mhyper::client::pool[0m[2m:[0m pooling idle connection for ("http", 192.168.0.14:8545)
[2m2025-12-10T10:10:04.875221Z[0m [34mDEBUG[0m [2methereum_transaction_pool_monitor::eth_client[0m[2m:[0m 📡 Transaction fetch RPC completed in 11.30125ms
[2m2025-12-10T10:10:04.875230Z[0m [34mDEBUG[0m [2methereum_transaction_pool_monitor::eth_client[0m[2m:[0m DeFi transaction detected - Address: 0xdac17f958d2ee523a2206206994597c13d831ec7, Type: Stablecoin, Value: 0 ETH, Gas: 1.75 Gwei
[2m2025-12-10T10:10:04.875239Z[0m [34mDEBUG[0m [2methereum_transaction_pool_monitor::eth_client[0m[2m:[0m ✅ Transaction 0x60039f5f5a8417db6926d520039f8b774c8c2d22d56e160d25f350ce45653c41 fetched and parsed in 11.319542ms
[2m2025-12-10T10:10:04.875244Z[0m [34mDEBUG[0m [2methereum_transaction_pool_monitor::mempool_monitor[0m[2m:[0m 🔍 Skipping tx 0x60039f5f5a8417db6926d520039f8b774c8c2d22d56e160d25f350ce45653c41 - not a DEX interaction (target: 0xdAC17F958D2ee523a2206206994597C13D831ec7)
[2m2025-12-10T10:10:04.875251Z[0m [34mDEBUG[0m [2methereum_transaction_pool_monitor::mempool_monitor[0m[2m:[0m 📨 Processing new pending transaction: 0x12176fa26dba50045b23b86ab8817e99370775c6d18c41c83ad486d709f018ae
[2m2025-12-10T10:10:04.875254Z[0m [34mDEBUG[0m [2methereum_transaction_pool_monitor::mempool_monitor[0m[2m:[0m 🔍 Fetching transaction details for: 0x12176fa26dba50045b23b86ab8817e99370775c6d18c41c83ad486d709f018ae
[2m2025-12-10T10:10:04.875258Z[0m [34mDEBUG[0m [2methereum_transaction_pool_monitor::eth_client[0m[2m:[0m 🔍 Fetching transaction details for hash: 0x12176fa26dba50045b23b86ab8817e99370775c6d18c41c83ad486d709f018ae
[2m2025-12-10T10:10:04.875267Z[0m [34mDEBUG[0m [2mhyper::client::pool[0m[2m:[0m reuse idle connection for ("http", 192.168.0.14:8545)
[2m2025-12-10T10:10:04.875279Z[0m [34mDEBUG[0m [2mhyper::proto::h1::io[0m[2m:[0m flushed 250 bytes
[2m2025-12-10T10:10:04.881658Z[0m [34mDEBUG[0m [2mhyper::proto::h1::io[0m[2m:[0m parsed 4 headers
[2m2025-12-10T10:10:04.881664Z[0m [34mDEBUG[0m [2mhyper::proto::h1::conn[0m[2m:[0m incoming body is content-length (770 bytes)
[2m2025-12-10T10:10:04.881671Z[0m [34mDEBUG[0m [2mhyper::proto::h1::conn[0m[2m:[0m incoming body completed
[2m2025-12-10T10:10:04.881679Z[0m [34mDEBUG[0m [2mhyper::client::pool[0m[2m:[0m pooling idle connection for ("http", 192.168.0.14:8545)
[2m2025-12-10T10:10:04.881686Z[0m [34mDEBUG[0m [2methereum_transaction_pool_monitor::eth_client[0m[2m:[0m 📡 Transaction fetch RPC completed in 6.42475ms
[2m2025-12-10T10:10:04.881697Z[0m [34mDEBUG[0m [2methereum_transaction_pool_monitor::eth_client[0m[2m:[0m DeFi transaction detected - Address: 0xdac17f958d2ee523a2206206994597c13d831ec7, Type: Stablecoin, Value: 0 ETH, Gas: 1.75 Gwei
[2m2025-12-10T10:10:04.881706Z[0m [34mDEBUG[0m [2methereum_transaction_pool_monitor::eth_client[0m[2m:[0m ✅ Transaction 0x12176fa26dba50045b23b86ab8817e99370775c6d18c41c83ad486d709f018ae fetched and parsed in 6.443791ms
[2m2025-12-10T10:10:04.881724Z[0m [34mDEBUG[0m [2methereum_transaction_pool_monitor::mempool_monitor[0m[2m:[0m 🔍 Skipping tx 0x12176fa26dba50045b23b86ab8817e99370775c6d18c41c83ad486d709f018ae - not a DEX interaction (target: 0xdAC17F958D2ee523a2206206994597C13D831ec7)
[2m2025-12-10T10:10:04.881730Z[0m [34mDEBUG[0m [2methereum_transaction_pool_monitor::mempool_monitor[0m[2m:[0m 📨 Processing new pending transaction: 0x3e35d8f6e837f27a61e3b8b6377ca2895068ce035e7e459c3ce88b2e5867cf8b
[2m2025-12-10T10:10:04.881734Z[0m [34mDEBUG[0m [2methereum_transaction_pool_monitor::mempool_monitor[0m[2m:[0m 🔍 Fetching transaction details for: 0x3e35d8f6e837f27a61e3b8b6377ca2895068ce035e7e459c3ce88b2e5867cf8b
[2m2025-12-10T10:10:04.881738Z[0m [34mDEBUG[0m [2methereum_transaction_pool_monitor::eth_client[0m[2m:[0m 🔍 Fetching transaction details for hash: 0x3e35d8f6e837f27a61e3b8b6377ca2895068ce035e7e459c3ce88b2e5867cf8b
[2m2025-12-10T10:10:04.881747Z[0m [34mDEBUG[0m [2mhyper::client::pool[0m[2m:[0m reuse idle connection for ("http", 192.168.0.14:8545)
[2m2025-12-10T10:10:04.881760Z[0m [34mDEBUG[0m [2mhyper::proto::h1::io[0m[2m:[0m flushed 250 bytes
[2m2025-12-10T10:10:04.888585Z[0m [34mDEBUG[0m [2mhyper::proto::h1::io[0m[2m:[0m parsed 4 headers
[2m2025-12-10T10:10:04.888593Z[0m [34mDEBUG[0m [2mhyper::proto::h1::conn[0m[2m:[0m incoming body is content-length (1731 bytes)
[2m2025-12-10T10:10:04.888600Z[0m [34mDEBUG[0m [2mhyper::proto::h1::conn[0m[2m:[0m incoming body completed
[2m2025-12-10T10:10:04.888607Z[0m [34mDEBUG[0m [2mhyper::client::pool[0m[2m:[0m pooling idle connection for ("http", 192.168.0.14:8545)
[2m2025-12-10T10:10:04.888614Z[0m [34mDEBUG[0m [2methereum_transaction_pool_monitor::eth_client[0m[2m:[0m 📡 Transaction fetch RPC completed in 6.872875ms
[2m2025-12-10T10:10:04.960928Z[0m [34mDEBUG[0m [2methereum_transaction_pool_monitor::eth_client[0m[2m:[0m ✅ Transaction 0x3e35d8f6e837f27a61e3b8b6377ca2895068ce035e7e459c3ce88b2e5867cf8b fetched and parsed in 79.18425ms
[2m2025-12-10T10:10:04.960960Z[0m [34mDEBUG[0m [2methereum_transaction_pool_monitor::mempool_monitor[0m[2m:[0m 🔍 Skipping tx 0x3e35d8f6e837f27a61e3b8b6377ca2895068ce035e7e459c3ce88b2e5867cf8b - not a DEX interaction (target: 0x601a2aD6CB5949f0529735254189Ba3194221EDF)
[2m2025-12-10T10:10:04.960972Z[0m [34mDEBUG[0m [2methereum_transaction_pool_monitor::mempool_monitor[0m[2m:[0m 📨 Processing new pending transaction: 0x251f9761411ae169e5c88e1ed0d674f3fb9e57a9e43b3af7ea067777b53a84ef
[2m2025-12-10T10:10:04.960983Z[0m [34mDEBUG[0m [2methereum_transaction_pool_monitor::mempool_monitor[0m[2m:[0m 🔍 Fetching transaction details for: 0x251f9761411ae169e5c88e1ed0d674f3fb9e57a9e43b3af7ea067777b53a84ef
[2m2025-12-10T10:10:04.960991Z[0m [34mDEBUG[0m [2methereum_transaction_pool_monitor::eth_client[0m[2m:[0m 🔍 Fetching transaction details for hash: 0x251f9761411ae169e5c88e1ed0d674f3fb9e57a9e43b3af7ea067777b53a84ef
[2m2025-12-10T10:10:04.961011Z[0m [34mDEBUG[0m [2mhyper::client::pool[0m[2m:[0m reuse idle connection for ("http", 192.168.0.14:8545)
[2m2025-12-10T10:10:04.961039Z[0m [34mDEBUG[0m [2mhyper::proto::h1::io[0m[2m:[0m flushed 250 bytes
[2m2025-12-10T10:10:04.961064Z[0m [34mDEBUG[0m [2mhyper::client::pool[0m[2m:[0m reuse idle connection for ("http", 192.168.0.14:8545)
[2m2025-12-10T10:10:04.961075Z[0m [34mDEBUG[0m [2methereum_transaction_pool_monitor::eth_client[0m[2m:[0m 📨 Received WebSocket message: {"jsonrpc":"2.0","method":"eth_subscription","params":{"subscription":"0xbed0a0851463e895960a451075a301a9","result":"0xbd52252526b5157ecd358bdab3f6a078e301108bbe588320c303a2877787dd0d"}}
[2m2025-12-10T10:10:04.961077Z[0m [34mDEBUG[0m [2mhyper::proto::h1::io[0m[2m:[0m flushed 172 bytes
[2m2025-12-10T10:10:04.961089Z[0m [34mDEBUG[0m [2methereum_transaction_pool_monitor::eth_client[0m[2m:[0m 📨 Received pending transaction: 0xbd52252526b5157ecd358bdab3f6a078e301108bbe588320c303a2877787dd0d
[2m2025-12-10T10:10:04.966996Z[0m [34mDEBUG[0m [2mhyper::proto::h1::io[0m[2m:[0m parsed 4 headers
[2m2025-12-10T10:10:04.967003Z[0m [34mDEBUG[0m [2mhyper::proto::h1::conn[0m[2m:[0m incoming body is content-length (771 bytes)
[2m2025-12-10T10:10:04.967010Z[0m [34mDEBUG[0m [2mhyper::proto::h1::conn[0m[2m:[0m incoming body completed
[2m2025-12-10T10:10:04.967018Z[0m [34mDEBUG[0m [2mhyper::client::pool[0m[2m:[0m pooling idle connection for ("http", 192.168.0.14:8545)
[2m2025-12-10T10:10:04.967024Z[0m [34mDEBUG[0m [2methereum_transaction_pool_monitor::eth_client[0m[2m:[0m 📡 Transaction fetch RPC completed in 6.02575ms
[2m2025-12-10T10:10:04.967037Z[0m [34mDEBUG[0m [2methereum_transaction_pool_monitor::eth_client[0m[2m:[0m DeFi transaction detected - Address: 0xdac17f958d2ee523a2206206994597c13d831ec7, Type: Stablecoin, Value: 0 ETH, Gas: 1.75 Gwei
[2m2025-12-10T10:10:04.967048Z[0m [34mDEBUG[0m [2methereum_transaction_pool_monitor::eth_client[0m[2m:[0m ✅ Transaction 0x251f9761411ae169e5c88e1ed0d674f3fb9e57a9e43b3af7ea067777b53a84ef fetched and parsed in 6.0505ms
[2m2025-12-10T10:10:04.967054Z[0m [34mDEBUG[0m [2methereum_transaction_pool_monitor::mempool_monitor[0m[2m:[0m 🔍 Skipping tx 0x251f9761411ae169e5c88e1ed0d674f3fb9e57a9e43b3af7ea067777b53a84ef - not a DEX interaction (target: 0xdAC17F958D2ee523a2206206994597C13D831ec7)
[2m2025-12-10T10:10:04.967059Z[0m [34mDEBUG[0m [2methereum_transaction_pool_monitor::mempool_monitor[0m[2m:[0m 📨 Processing new pending transaction: 0xa61309c1ff81ec1af54bd0d4d8b92096f70ec034c0b9f2f835e23620932f7083
[2m2025-12-10T10:10:04.967063Z[0m [34mDEBUG[0m [2methereum_transaction_pool_monitor::mempool_monitor[0m[2m:[0m 🔍 Fetching transaction details for: 0xa61309c1ff81ec1af54bd0d4d8b92096f70ec034c0b9f2f835e23620932f7083
[2m2025-12-10T10:10:04.967067Z[0m [34mDEBUG[0m [2methereum_transaction_pool_monitor::eth_client[0m[2m:[0m 🔍 Fetching transaction details for hash: 0xa61309c1ff81ec1af54bd0d4d8b92096f70ec034c0b9f2f835e23620932f7083
[2m2025-12-10T10:10:04.967075Z[0m [34mDEBUG[0m [2mhyper::client::pool[0m[2m:[0m reuse idle connection for ("http", 192.168.0.14:8545)
[2m2025-12-10T10:10:04.967088Z[0m [34mDEBUG[0m [2mhyper::proto::h1::io[0m[2m:[0m flushed 250 bytes
[2m2025-12-10T10:10:04.970011Z[0m [34mDEBUG[0m [2mhyper::proto::h1::io[0m[2m:[0m parsed 4 headers
[2m2025-12-10T10:10:04.970047Z[0m [34mDEBUG[0m [2mhyper::proto::h1::conn[0m[2m:[0m incoming body is content-length (45 bytes)
[2m2025-12-10T10:10:04.970057Z[0m [34mDEBUG[0m [2mhyper::proto::h1::conn[0m[2m:[0m incoming body completed
[2m2025-12-10T10:10:04.970080Z[0m [34mDEBUG[0m [2mhyper::client::pool[0m[2m:[0m pooling idle connection for ("http", 192.168.0.14:8545)
[2m2025-12-10T10:10:04.971810Z[0m [34mDEBUG[0m [2mhyper::proto::h1::io[0m[2m:[0m parsed 4 headers
[2m2025-12-10T10:10:04.971830Z[0m [34mDEBUG[0m [2mhyper::proto::h1::conn[0m[2m:[0m incoming body is content-length (771 bytes)
[2m2025-12-10T10:10:04.971848Z[0m [34mDEBUG[0m [2mhyper::proto::h1::conn[0m[2m:[0m incoming body completed
[2m2025-12-10T10:10:04.971867Z[0m [34mDEBUG[0m [2mhyper::client::pool[0m[2m:[0m pooling idle connection for ("http", 192.168.0.14:8545)
[2m2025-12-10T10:10:04.971873Z[0m [34mDEBUG[0m [2methereum_transaction_pool_monitor::eth_client[0m[2m:[0m 📡 Transaction fetch RPC completed in 4.802792ms
[2m2025-12-10T10:10:04.971883Z[0m [34mDEBUG[0m [2methereum_transaction_pool_monitor::eth_client[0m[2m:[0m DeFi transaction detected - Address: 0xdac17f958d2ee523a2206206994597c13d831ec7, Type: Stablecoin, Value: 0 ETH, Gas: 1.75 Gwei
[2m2025-12-10T10:10:04.971902Z[0m [34mDEBUG[0m [2methereum_transaction_pool_monitor::eth_client[0m[2m:[0m ✅ Transaction 0xa61309c1ff81ec1af54bd0d4d8b92096f70ec034c0b9f2f835e23620932f7083 fetched and parsed in 4.831208ms
[2m2025-12-10T10:10:04.971907Z[0m [34mDEBUG[0m [2methereum_transaction_pool_monitor::mempool_monitor[0m[2m:[0m 🔍 Skipping tx 0xa61309c1ff81ec1af54bd0d4d8b92096f70ec034c0b9f2f835e23620932f7083 - not a DEX interaction (target: 0xdAC17F958D2ee523a2206206994597C13D831ec7)
[2m2025-12-10T10:10:04.971915Z[0m [34mDEBUG[0m [2methereum_transaction_pool_monitor::mempool_monitor[0m[2m:[0m 📨 Processing new pending transaction: 0x7cadac211d57c1cd916f576fb6728155836ea105ea98efba795b8eda5bd4a454
[2m2025-12-10T10:10:04.971919Z[0m [34mDEBUG[0m [2methereum_transaction_pool_monitor::mempool_monitor[0m[2m:[0m 🔍 Fetching transaction details for: 0x7cadac211d57c1cd916f576fb6728155836ea105ea98efba795b8eda5bd4a454
[2m2025-12-10T10:10:04.971924Z[0m [34mDEBUG[0m [2methereum_transaction_pool_monitor::eth_client[0m[2m:[0m 🔍 Fetching transaction details for hash: 0x7cadac211d57c1cd916f576fb6728155836ea105ea98efba795b8eda5bd4a454
[2m2025-12-10T10:10:04.971930Z[0m [34mDEBUG[0m [2mhyper::client::pool[0m[2m:[0m reuse idle connection for ("http", 192.168.0.14:8545)
[2m2025-12-10T10:10:04.971943Z[0m [34mDEBUG[0m [2mhyper::proto::h1::io[0m[2m:[0m flushed 250 bytes
[2m2025-12-10T10:10:04.977452Z[0m [34mDEBUG[0m [2mhyper::proto::h1::io[0m[2m:[0m parsed 4 headers
[2m2025-12-10T10:10:04.977460Z[0m [34mDEBUG[0m [2mhyper::proto::h1::conn[0m[2m:[0m incoming body is content-length (769 bytes)
[2m2025-12-10T10:10:04.977467Z[0m [34mDEBUG[0m [2mhyper::proto::h1::conn[0m[2m:[0m incoming body completed
[2m2025-12-10T10:10:04.977475Z[0m [34mDEBUG[0m [2mhyper::client::pool[0m[2m:[0m pooling idle connection for ("http", 192.168.0.14:8545)
[2m2025-12-10T10:10:04.977481Z[0m [34mDEBUG[0m [2methereum_transaction_pool_monitor::eth_client[0m[2m:[0m 📡 Transaction fetch RPC completed in 5.553791ms
[2m2025-12-10T10:10:04.977494Z[0m [34mDEBUG[0m [2methereum_transaction_pool_monitor::eth_client[0m[2m:[0m DeFi transaction detected - Address: 0xdac17f958d2ee523a2206206994597c13d831ec7, Type: Stablecoin, Value: 0 ETH, Gas: 1.75 Gwei
[2m2025-12-10T10:10:04.977503Z[0m [34mDEBUG[0m [2methereum_transaction_pool_monitor::eth_client[0m[2m:[0m ✅ Transaction 0x7cadac211d57c1cd916f576fb6728155836ea105ea98efba795b8eda5bd4a454 fetched and parsed in 5.575041ms
[2m2025-12-10T10:10:04.977507Z[0m [34mDEBUG[0m [2methereum_transaction_pool_monitor::mempool_monitor[0m[2m:[0m 🔍 Skipping tx 0x7cadac211d57c1cd916f576fb6728155836ea105ea98efba795b8eda5bd4a454 - not a DEX interaction (target: 0xdAC17F958D2ee523a2206206994597C13D831ec7)
[2m2025-12-10T10:10:04.977512Z[0m [34mDEBUG[0m [2methereum_transaction_pool_monitor::mempool_monitor[0m[2m:[0m 📨 Processing new pending transaction: 0x24fcd8653bb6b3c63a8cf35bc9d84256348c97195fd0f1245a0adda80a8bb6c4
[2m2025-12-10T10:10:04.977516Z[0m [34mDEBUG[0m [2methereum_transaction_pool_monitor::mempool_monitor[0m[2m:[0m 🔍 Fetching transaction details for: 0x24fcd8653bb6b3c63a8cf35bc9d84256348c97195fd0f1245a0adda80a8bb6c4
[2m2025-12-10T10:10:04.977520Z[0m [34mDEBUG[0m [2methereum_transaction_pool_monitor::eth_client[0m[2m:[0m 🔍 Fetching transaction details for hash: 0x24fcd8653bb6b3c63a8cf35bc9d84256348c97195fd0f1245a0adda80a8bb6c4
[2m2025-12-10T10:10:04.977526Z[0m [34mDEBUG[0m [2mhyper::client::pool[0m[2m:[0m reuse idle connection for ("http", 192.168.0.14:8545)
[2m2025-12-10T10:10:04.977540Z[0m [34mDEBUG[0m [2mhyper::proto::h1::io[0m[2m:[0m flushed 250 bytes
[2m2025-12-10T10:10:04.986189Z[0m [34mDEBUG[0m [2mhyper::proto::h1::io[0m[2m:[0m parsed 4 headers
[2m2025-12-10T10:10:04.986217Z[0m [34mDEBUG[0m [2mhyper::proto::h1::conn[0m[2m:[0m incoming body is content-length (771 bytes)
[2m2025-12-10T10:10:04.986236Z[0m [34mDEBUG[0m [2mhyper::proto::h1::conn[0m[2m:[0m incoming body completed
[2m2025-12-10T10:10:04.986252Z[0m [34mDEBUG[0m [2mhyper::client::pool[0m[2m:[0m pooling idle connection for ("http", 192.168.0.14:8545)
[2m2025-12-10T10:10:04.986258Z[0m [34mDEBUG[0m [2methereum_transaction_pool_monitor::eth_client[0m[2m:[0m 📡 Transaction fetch RPC completed in 8.735ms
[2m2025-12-10T10:10:04.986281Z[0m [34mDEBUG[0m [2methereum_transaction_pool_monitor::eth_client[0m[2m:[0m DeFi transaction detected - Address: 0xdac17f958d2ee523a2206206994597c13d831ec7, Type: Stablecoin, Value: 0 ETH, Gas: 1.75 Gwei
[2m2025-12-10T10:10:04.986289Z[0m [34mDEBUG[0m [2methereum_transaction_pool_monitor::eth_client[0m[2m:[0m ✅ Transaction 0x24fcd8653bb6b3c63a8cf35bc9d84256348c97195fd0f1245a0adda80a8bb6c4 fetched and parsed in 8.766083ms
[2m2025-12-10T10:10:04.986295Z[0m [34mDEBUG[0m [2methereum_transaction_pool_monitor::mempool_monitor[0m[2m:[0m 🔍 Skipping tx 0x24fcd8653bb6b3c63a8cf35bc9d84256348c97195fd0f1245a0adda80a8bb6c4 - not a DEX interaction (target: 0xdAC17F958D2ee523a2206206994597C13D831ec7)
[2m2025-12-10T10:10:04.986300Z[0m [34mDEBUG[0m [2methereum_transaction_pool_monitor::mempool_monitor[0m[2m:[0m 📨 Processing new pending transaction: 0xb5f014e61aa7d2202893d317423389b4e003d0f31cf8d0b668e7f3a3994ef3c4
[2m2025-12-10T10:10:04.986304Z[0m [34mDEBUG[0m [2methereum_transaction_pool_monitor::mempool_monitor[0m[2m:[0m 🔍 Fetching transaction details for: 0xb5f014e61aa7d2202893d317423389b4e003d0f31cf8d0b668e7f3a3994ef3c4
[2m2025-12-10T10:10:04.986308Z[0m [34mDEBUG[0m [2methereum_transaction_pool_monitor::eth_client[0m[2m:[0m 🔍 Fetching transaction details for hash: 0xb5f014e61aa7d2202893d317423389b4e003d0f31cf8d0b668e7f3a3994ef3c4
[2m2025-12-10T10:10:04.986314Z[0m [34mDEBUG[0m [2mhyper::client::pool[0m[2m:[0m reuse idle connection for ("http", 192.168.0.14:8545)
[2m2025-12-10T10:10:04.986327Z[0m [34mDEBUG[0m [2mhyper::proto::h1::io[0m[2m:[0m flushed 250 bytes
[2m2025-12-10T10:10:04.992420Z[0m [34mDEBUG[0m [2mhyper::proto::h1::io[0m[2m:[0m parsed 4 headers
[2m2025-12-10T10:10:04.992441Z[0m [34mDEBUG[0m [2mhyper::proto::h1::conn[0m[2m:[0m incoming body is content-length (770 bytes)
[2m2025-12-10T10:10:04.992458Z[0m [34mDEBUG[0m [2mhyper::proto::h1::conn[0m[2m:[0m incoming body completed
[2m2025-12-10T10:10:04.992477Z[0m [34mDEBUG[0m [2mhyper::client::pool[0m[2m:[0m pooling idle connection for ("http", 192.168.0.14:8545)
[2m2025-12-10T10:10:04.992483Z[0m [34mDEBUG[0m [2methereum_transaction_pool_monitor::eth_client[0m[2m:[0m 📡 Transaction fetch RPC completed in 6.172125ms
[2m2025-12-10T10:10:04.992491Z[0m [34mDEBUG[0m [2methereum_transaction_pool_monitor::eth_client[0m[2m:[0m DeFi transaction detected - Address: 0xdac17f958d2ee523a2206206994597c13d831ec7, Type: Stablecoin, Value: 0 ETH, Gas: 1.75 Gwei
[2m2025-12-10T10:10:04.992511Z[0m [34mDEBUG[0m [2methereum_transaction_pool_monitor::eth_client[0m[2m:[0m ✅ Transaction 0xb5f014e61aa7d2202893d317423389b4e003d0f31cf8d0b668e7f3a3994ef3c4 fetched and parsed in 6.199792ms
[2m2025-12-10T10:10:04.992516Z[0m [34mDEBUG[0m [2methereum_transaction_pool_monitor::mempool_monitor[0m[2m:[0m 🔍 Skipping tx 0xb5f014e61aa7d2202893d317423389b4e003d0f31cf8d0b668e7f3a3994ef3c4 - not a DEX interaction (target: 0xdAC17F958D2ee523a2206206994597C13D831ec7)
[2m2025-12-10T10:10:04.992521Z[0m [34mDEBUG[0m [2methereum_transaction_pool_monitor::mempool_monitor[0m[2m:[0m 📨 Processing new pending transaction: 0xf239a9d8dbd3642abac06cc452a9a7359fbcfad292d45d0606f9daa7ac73382f
[2m2025-12-10T10:10:04.992525Z[0m [34mDEBUG[0m [2methereum_transaction_pool_monitor::mempool_monitor[0m[2m:[0m 🔍 Fetching transaction details for: 0xf239a9d8dbd3642abac06cc452a9a7359fbcfad292d45d0606f9daa7ac73382f
[2m2025-12-10T10:10:04.992528Z[0m [34mDEBUG[0m [2methereum_transaction_pool_monitor::eth_client[0m[2m:[0m 🔍 Fetching transaction details for hash: 0xf239a9d8dbd3642abac06cc452a9a7359fbcfad292d45d0606f9daa7ac73382f
[2m2025-12-10T10:10:04.992535Z[0m [34mDEBUG[0m [2mhyper::client::pool[0m[2m:[0m reuse idle connection for ("http", 192.168.0.14:8545)
[2m2025-12-10T10:10:04.992550Z[0m [34mDEBUG[0m [2mhyper::proto::h1::io[0m[2m:[0m flushed 250 bytes
[2m2025-12-10T10:10:04.997603Z[0m [34mDEBUG[0m [2mhyper::client::pool[0m[2m:[0m reuse idle connection for ("http", 192.168.0.14:8545)
[2m2025-12-10T10:10:04.997677Z[0m [34mDEBUG[0m [2mhyper::proto::h1::io[0m[2m:[0m flushed 172 bytes
[2m2025-12-10T10:10:05.004159Z[0m [34mDEBUG[0m [2mhyper::proto::h1::io[0m[2m:[0m parsed 4 headers
[2m2025-12-10T10:10:05.004184Z[0m [34mDEBUG[0m [2mhyper::proto::h1::conn[0m[2m:[0m incoming body is content-length (656 bytes)
[2m2025-12-10T10:10:05.004204Z[0m [34mDEBUG[0m [2mhyper::proto::h1::conn[0m[2m:[0m incoming body completed
[2m2025-12-10T10:10:05.004218Z[0m [34mDEBUG[0m [2mhyper::client::pool[0m[2m:[0m pooling idle connection for ("http", 192.168.0.14:8545)
[2m2025-12-10T10:10:05.004224Z[0m [34mDEBUG[0m [2methereum_transaction_pool_monitor::eth_client[0m[2m:[0m 📡 Transaction fetch RPC completed in 11.691334ms
[2m2025-12-10T10:10:05.075966Z[0m [34mDEBUG[0m [2methereum_transaction_pool_monitor::eth_client[0m[2m:[0m ✅ Transaction 0xf239a9d8dbd3642abac06cc452a9a7359fbcfad292d45d0606f9daa7ac73382f fetched and parsed in 83.431125ms
[2m2025-12-10T10:10:05.075986Z[0m [34mDEBUG[0m [2methereum_transaction_pool_monitor::mempool_monitor[0m[2m:[0m 🔍 Skipping tx 0xf239a9d8dbd3642abac06cc452a9a7359fbcfad292d45d0606f9daa7ac73382f - not a DEX interaction (target: 0x3F24b1467EeB3587C01476C84cDD94e41CBDa78F)
[2m2025-12-10T10:10:05.075996Z[0m [34mDEBUG[0m [2methereum_transaction_pool_monitor::mempool_monitor[0m[2m:[0m 📨 Processing new pending transaction: 0xc392bc36c8bf037e353f4b6c56fab9251dec2aead5d73c31bb4ae8e894c5785c
[2m2025-12-10T10:10:05.076002Z[0m [34mDEBUG[0m [2methereum_transaction_pool_monitor::mempool_monitor[0m[2m:[0m 🔍 Fetching transaction details for: 0xc392bc36c8bf037e353f4b6c56fab9251dec2aead5d73c31bb4ae8e894c5785c
[2m2025-12-10T10:10:05.076008Z[0m [34mDEBUG[0m [2methereum_transaction_pool_monitor::eth_client[0m[2m:[0m 🔍 Fetching transaction details for hash: 0xc392bc36c8bf037e353f4b6c56fab9251dec2aead5d73c31bb4ae8e894c5785c
[2m2025-12-10T10:10:05.076025Z[0m [34mDEBUG[0m [2mhyper::client::pool[0m[2m:[0m reuse idle connection for ("http", 192.168.0.14:8545)
[2m2025-12-10T10:10:05.076066Z[0m [34mDEBUG[0m [2mhyper::proto::h1::io[0m[2m:[0m flushed 250 bytes
[2m2025-12-10T10:10:05.076087Z[0m [34mDEBUG[0m [2methereum_transaction_pool_monitor::eth_client[0m[2m:[0m 📨 Received WebSocket message: {"jsonrpc":"2.0","method":"eth_subscription","params":{"subscription":"0xbed0a0851463e895960a451075a301a9","result":"0x0e6a12c688b37265e310f264a0f9b88e8826084aa8a21a8da8cd08e7089f7b24"}}
[2m2025-12-10T10:10:05.076090Z[0m [34mDEBUG[0m [2mhyper::proto::h1::io[0m[2m:[0m parsed 4 headers
[2m2025-12-10T10:10:05.076095Z[0m [34mDEBUG[0m [2methereum_transaction_pool_monitor::eth_client[0m[2m:[0m 📨 Received pending transaction: 0x0e6a12c688b37265e310f264a0f9b88e8826084aa8a21a8da8cd08e7089f7b24
[2m2025-12-10T10:10:05.076102Z[0m [34mDEBUG[0m [2mhyper::proto::h1::conn[0m[2m:[0m incoming body is content-length (45 bytes)
[2m2025-12-10T10:10:05.076112Z[0m [34mDEBUG[0m [2mhyper::proto::h1::conn[0m[2m:[0m incoming body completed
[2m2025-12-10T10:10:05.076120Z[0m [34mDEBUG[0m [2mhyper::client::pool[0m[2m:[0m pooling idle connection for ("http", 192.168.0.14:8545)
[2m2025-12-10T10:10:05.081296Z[0m [34mDEBUG[0m [2mhyper::proto::h1::io[0m[2m:[0m parsed 4 headers
[2m2025-12-10T10:10:05.081306Z[0m [34mDEBUG[0m [2mhyper::proto::h1::conn[0m[2m:[0m incoming body is content-length (1218 bytes)
[2m2025-12-10T10:10:05.081314Z[0m [34mDEBUG[0m [2mhyper::proto::h1::conn[0m[2m:[0m incoming body completed
[2m2025-12-10T10:10:05.081322Z[0m [34mDEBUG[0m [2mhyper::client::pool[0m[2m:[0m pooling idle connection for ("http", 192.168.0.14:8545)
[2m2025-12-10T10:10:05.081328Z[0m [34mDEBUG[0m [2methereum_transaction_pool_monitor::eth_client[0m[2m:[0m 📡 Transaction fetch RPC completed in 5.315458ms
[2m2025-12-10T10:10:05.153469Z[0m [34mDEBUG[0m [2methereum_transaction_pool_monitor::eth_client[0m[2m:[0m ✅ Transaction 0xc392bc36c8bf037e353f4b6c56fab9251dec2aead5d73c31bb4ae8e894c5785c fetched and parsed in 77.453291ms
[2m2025-12-10T10:10:05.153492Z[0m [34mDEBUG[0m [2methereum_transaction_pool_monitor::mempool_monitor[0m[2m:[0m 🔍 Skipping tx 0xc392bc36c8bf037e353f4b6c56fab9251dec2aead5d73c31bb4ae8e894c5785c - not a DEX interaction (target: 0xF6801D319497789f934ec7F83E142a9536312B08)
[2m2025-12-10T10:10:05.153502Z[0m [34mDEBUG[0m [2methereum_transaction_pool_monitor::mempool_monitor[0m[2m:[0m 📨 Processing new pending transaction: 0x6ad8f3354113c6ef1dd2707ee91a804f9f303f758729580f606d214e46aeb254
[2m2025-12-10T10:10:05.153509Z[0m [34mDEBUG[0m [2methereum_transaction_pool_monitor::mempool_monitor[0m[2m:[0m 🔍 Fetching transaction details for: 0x6ad8f3354113c6ef1dd2707ee91a804f9f303f758729580f606d214e46aeb254
[2m2025-12-10T10:10:05.153515Z[0m [34mDEBUG[0m [2methereum_transaction_pool_monitor::eth_client[0m[2m:[0m 🔍 Fetching transaction details for hash: 0x6ad8f3354113c6ef1dd2707ee91a804f9f303f758729580f606d214e46aeb254
[2m2025-12-10T10:10:05.153533Z[0m [34mDEBUG[0m [2mhyper::client::pool[0m[2m:[0m reuse idle connection for ("http", 192.168.0.14:8545)
[2m2025-12-10T10:10:05.153576Z[0m [34mDEBUG[0m [2mhyper::proto::h1::io[0m[2m:[0m flushed 250 bytes
[2m2025-12-10T10:10:05.153599Z[0m [34mDEBUG[0m [2mhyper::client::pool[0m[2m:[0m reuse idle connection for ("http", 192.168.0.14:8545)
[2m2025-12-10T10:10:05.153617Z[0m [34mDEBUG[0m [2mhyper::proto::h1::io[0m[2m:[0m flushed 172 bytes
[2m2025-12-10T10:10:05.153630Z[0m [34mDEBUG[0m [2methereum_transaction_pool_monitor::eth_client[0m[2m:[0m 📨 Received WebSocket message: {"jsonrpc":"2.0","method":"eth_subscription","params":{"subscription":"0xbed0a0851463e895960a451075a301a9","result":"0x76021a9599e3659bc0dbe8016e9466e220d72aed6801f53741de97d4b6d98aa2"}}
[2m2025-12-10T10:10:05.153641Z[0m [34mDEBUG[0m [2methereum_transaction_pool_monitor::eth_client[0m[2m:[0m 📨 Received pending transaction: 0x76021a9599e3659bc0dbe8016e9466e220d72aed6801f53741de97d4b6d98aa2
[2m2025-12-10T10:10:05.153647Z[0m [34mDEBUG[0m [2methereum_transaction_pool_monitor::eth_client[0m[2m:[0m 📨 Received WebSocket message: {"jsonrpc":"2.0","method":"eth_subscription","params":{"subscription":"0xbed0a0851463e895960a451075a301a9","result":"0xbfeaed062bc5ce0e20092046d4db6a5486ed10e5359f9575c0058b4ca278700b"}}
[2m2025-12-10T10:10:05.153653Z[0m [34mDEBUG[0m [2methereum_transaction_pool_monitor::eth_client[0m[2m:[0m 📨 Received pending transaction: 0xbfeaed062bc5ce0e20092046d4db6a5486ed10e5359f9575c0058b4ca278700b
[2m2025-12-10T10:10:05.158861Z[0m [34mDEBUG[0m [2mhyper::proto::h1::io[0m[2m:[0m parsed 4 headers
[2m2025-12-10T10:10:05.158883Z[0m [34mDEBUG[0m [2mhyper::proto::h1::conn[0m[2m:[0m incoming body is content-length (778 bytes)
[2m2025-12-10T10:10:05.158907Z[0m [34mDEBUG[0m [2mhyper::proto::h1::conn[0m[2m:[0m incoming body completed
[2m2025-12-10T10:10:05.158918Z[0m [34mDEBUG[0m [2mhyper::client::pool[0m[2m:[0m pooling idle connection for ("http", 192.168.0.14:8545)
[2m2025-12-10T10:10:05.158926Z[0m [34mDEBUG[0m [2methereum_transaction_pool_monitor::eth_client[0m[2m:[0m 📡 Transaction fetch RPC completed in 5.405083ms
[2m2025-12-10T10:10:05.158952Z[0m [34mDEBUG[0m [2methereum_transaction_pool_monitor::eth_client[0m[2m:[0m DeFi transaction detected - Address: 0xdac17f958d2ee523a2206206994597c13d831ec7, Type: Stablecoin, Value: 0 ETH, Gas: 127.50 Gwei
[2m2025-12-10T10:10:05.158965Z[0m [34mDEBUG[0m [2methereum_transaction_pool_monitor::eth_client[0m[2m:[0m ✅ Transaction 0x6ad8f3354113c6ef1dd2707ee91a804f9f303f758729580f606d214e46aeb254 fetched and parsed in 5.444583ms
[2m2025-12-10T10:10:05.158970Z[0m [34mDEBUG[0m [2methereum_transaction_pool_monitor::mempool_monitor[0m[2m:[0m 🔍 Skipping tx 0x6ad8f3354113c6ef1dd2707ee91a804f9f303f758729580f606d214e46aeb254 - not a DEX interaction (target: 0xdAC17F958D2ee523a2206206994597C13D831ec7)
[2m2025-12-10T10:10:05.158977Z[0m [34mDEBUG[0m [2methereum_transaction_pool_monitor::mempool_monitor[0m[2m:[0m 📨 Processing new pending transaction: 0x9339aee72ab736be60fee9b4d7bc781ac8ea2242a0f1cbf5b77c7bd8463c88dc
[2m2025-12-10T10:10:05.158983Z[0m [34mDEBUG[0m [2methereum_transaction_pool_monitor::mempool_monitor[0m[2m:[0m 🔍 Fetching transaction details for: 0x9339aee72ab736be60fee9b4d7bc781ac8ea2242a0f1cbf5b77c7bd8463c88dc
[2m2025-12-10T10:10:05.158987Z[0m [34mDEBUG[0m [2methereum_transaction_pool_monitor::eth_client[0m[2m:[0m 🔍 Fetching transaction details for hash: 0x9339aee72ab736be60fee9b4d7bc781ac8ea2242a0f1cbf5b77c7bd8463c88dc
[2m2025-12-10T10:10:05.158995Z[0m [34mDEBUG[0m [2mhyper::client::pool[0m[2m:[0m reuse idle connection for ("http", 192.168.0.14:8545)
[2m2025-12-10T10:10:05.159009Z[0m [34mDEBUG[0m [2mhyper::proto::h1::io[0m[2m:[0m flushed 250 bytes
[2m2025-12-10T10:10:05.159480Z[0m [34mDEBUG[0m [2mhyper::proto::h1::io[0m[2m:[0m parsed 4 headers
[2m2025-12-10T10:10:05.159488Z[0m [34mDEBUG[0m [2mhyper::proto::h1::conn[0m[2m:[0m incoming body is content-length (45 bytes)
[2m2025-12-10T10:10:05.159494Z[0m [34mDEBUG[0m [2mhyper::proto::h1::conn[0m[2m:[0m incoming body completed
[2m2025-12-10T10:10:05.159499Z[0m [34mDEBUG[0m [2mhyper::client::pool[0m[2m:[0m pooling idle connection for ("http", 192.168.0.14:8545)
[2m2025-12-10T10:10:05.172165Z[0m [34mDEBUG[0m [2mhyper::proto::h1::io[0m[2m:[0m parsed 4 headers
[2m2025-12-10T10:10:05.172172Z[0m [34mDEBUG[0m [2mhyper::proto::h1::conn[0m[2m:[0m incoming body is content-length (651 bytes)
[2m2025-12-10T10:10:05.172177Z[0m [34mDEBUG[0m [2mhyper::proto::h1::conn[0m[2m:[0m incoming body completed
[2m2025-12-10T10:10:05.172182Z[0m [34mDEBUG[0m [2mhyper::client::pool[0m[2m:[0m pooling idle connection for ("http", 192.168.0.14:8545)
[2m2025-12-10T10:10:05.172187Z[0m [34mDEBUG[0m [2methereum_transaction_pool_monitor::eth_client[0m[2m:[0m 📡 Transaction fetch RPC completed in 13.196583ms
[2m2025-12-10T10:10:05.242560Z[0m [34mDEBUG[0m [2methereum_transaction_pool_monitor::eth_client[0m[2m:[0m ✅ Transaction 0x9339aee72ab736be60fee9b4d7bc781ac8ea2242a0f1cbf5b77c7bd8463c88dc fetched and parsed in 83.56575ms
[2m2025-12-10T10:10:05.242592Z[0m [34mDEBUG[0m [2methereum_transaction_pool_monitor::mempool_monitor[0m[2m:[0m 🔍 Skipping tx 0x9339aee72ab736be60fee9b4d7bc781ac8ea2242a0f1cbf5b77c7bd8463c88dc - not a DEX interaction (target: 0xa8117361682C42Ff2B93000ce30827E3922d5dd4)
[2m2025-12-10T10:10:05.242607Z[0m [34mDEBUG[0m [2methereum_transaction_pool_monitor::mempool_monitor[0m[2m:[0m 📨 Processing new pending transaction: 0xee459d8426193c689b6a468108e16b428a4d0c48a269882e8b1d5501a982d14c
[2m2025-12-10T10:10:05.242617Z[0m [34mDEBUG[0m [2methereum_transaction_pool_monitor::mempool_monitor[0m[2m:[0m 🔍 Fetching transaction details for: 0xee459d8426193c689b6a468108e16b428a4d0c48a269882e8b1d5501a982d14c
[2m2025-12-10T10:10:05.242626Z[0m [34mDEBUG[0m [2methereum_transaction_pool_monitor::eth_client[0m[2m:[0m 🔍 Fetching transaction details for hash: 0xee459d8426193c689b6a468108e16b428a4d0c48a269882e8b1d5501a982d14c
[2m2025-12-10T10:10:05.242652Z[0m [34mDEBUG[0m [2mhyper::client::pool[0m[2m:[0m reuse idle connection for ("http", 192.168.0.14:8545)
[2m2025-12-10T10:10:05.242695Z[0m [34mDEBUG[0m [2mhyper::proto::h1::io[0m[2m:[0m flushed 250 bytes
[2m2025-12-10T10:10:05.242718Z[0m [34mDEBUG[0m [2mhyper::client::pool[0m[2m:[0m reuse idle connection for ("http", 192.168.0.14:8545)
[2m2025-12-10T10:10:05.242734Z[0m [34mDEBUG[0m [2methereum_transaction_pool_monitor::eth_client[0m[2m:[0m 📨 Received WebSocket message: {"jsonrpc":"2.0","method":"eth_subscription","params":{"subscription":"0xbed0a0851463e895960a451075a301a9","result":"0x9066ebb6b907331792b9f86114062645f3becbee8956b83885b510f7228fffa6"}}
[2m2025-12-10T10:10:05.242737Z[0m [34mDEBUG[0m [2mhyper::proto::h1::io[0m[2m:[0m flushed 172 bytes
[2m2025-12-10T10:10:05.242747Z[0m [34mDEBUG[0m [2methereum_transaction_pool_monitor::eth_client[0m[2m:[0m 📨 Received pending transaction: 0x9066ebb6b907331792b9f86114062645f3becbee8956b83885b510f7228fffa6
[2m2025-12-10T10:10:05.242758Z[0m [34mDEBUG[0m [2methereum_transaction_pool_monitor::eth_client[0m[2m:[0m 📨 Received WebSocket message: {"jsonrpc":"2.0","method":"eth_subscription","params":{"subscription":"0xbed0a0851463e895960a451075a301a9","result":"0x90fca7b77849dc9e0536ed4627052274e327294dad4976e111c63204f23ebd82"}}
[2m2025-12-10T10:10:05.242765Z[0m [34mDEBUG[0m [2methereum_transaction_pool_monitor::eth_client[0m[2m:[0m 📨 Received pending transaction: 0x90fca7b77849dc9e0536ed4627052274e327294dad4976e111c63204f23ebd82
[2m2025-12-10T10:10:05.242775Z[0m [34mDEBUG[0m [2methereum_transaction_pool_monitor::eth_client[0m[2m:[0m 📨 Received WebSocket message: {"jsonrpc":"2.0","method":"eth_subscription","params":{"subscription":"0xbed0a0851463e895960a451075a301a9","result":"0xb84a3ce80604ab78844153dcba57f1b7b20c9188dfbdd9e8cae92fdaa0deb585"}}
[2m2025-12-10T10:10:05.242784Z[0m [34mDEBUG[0m [2methereum_transaction_pool_monitor::eth_client[0m[2m:[0m 📨 Received pending transaction: 0xb84a3ce80604ab78844153dcba57f1b7b20c9188dfbdd9e8cae92fdaa0deb585
[2m2025-12-10T10:10:05.242793Z[0m [34mDEBUG[0m [2methereum_transaction_pool_monitor::eth_client[0m[2m:[0m 📨 Received WebSocket message: {"jsonrpc":"2.0","method":"eth_subscription","params":{"subscription":"0xbed0a0851463e895960a451075a301a9","result":"0xb62f52658685c72143df29d1bfdaa3e0570fc49b59abca4399d17b607e7d5c7e"}}
[2m2025-12-10T10:10:05.242802Z[0m [34mDEBUG[0m [2methereum_transaction_pool_monitor::eth_client[0m[2m:[0m 📨 Received pending transaction: 0xb62f52658685c72143df29d1bfdaa3e0570fc49b59abca4399d17b607e7d5c7e
[2m2025-12-10T10:10:05.242809Z[0m [34mDEBUG[0m [2methereum_transaction_pool_monitor::eth_client[0m[2m:[0m 📨 Received WebSocket message: {"jsonrpc":"2.0","method":"eth_subscription","params":{"subscription":"0xbed0a0851463e895960a451075a301a9","result":"0x835fa0fa4301aec22aa5d96a63877a5f4d74e9d53dd990e6a15130c8ae8bbdda"}}
[2m2025-12-10T10:10:05.242819Z[0m [34mDEBUG[0m [2methereum_transaction_pool_monitor::eth_client[0m[2m:[0m 📨 Received pending transaction: 0x835fa0fa4301aec22aa5d96a63877a5f4d74e9d53dd990e6a15130c8ae8bbdda
[2m2025-12-10T10:10:05.243538Z[0m [34mDEBUG[0m [2methereum_transaction_pool_monitor::eth_client[0m[2m:[0m 📨 Received WebSocket message: {"jsonrpc":"2.0","method":"eth_subscription","params":{"subscription":"0xbed0a0851463e895960a451075a301a9","result":"0xe2e7ea5f7bd22a399d64298f0b76a09a99e22d5d9c8e298afdc256576bdf13ac"}}
[2m2025-12-10T10:10:05.243546Z[0m [34mDEBUG[0m [2methereum_transaction_pool_monitor::eth_client[0m[2m:[0m 📨 Received pending transaction: 0xe2e7ea5f7bd22a399d64298f0b76a09a99e22d5d9c8e298afdc256576bdf13ac
[2m2025-12-10T10:10:05.250297Z[0m [34mDEBUG[0m [2mhyper::proto::h1::io[0m[2m:[0m parsed 4 headers
[2m2025-12-10T10:10:05.250302Z[0m [34mDEBUG[0m [2mhyper::proto::h1::conn[0m[2m:[0m incoming body is content-length (830 bytes)
[2m2025-12-10T10:10:05.250308Z[0m [34mDEBUG[0m [2mhyper::proto::h1::conn[0m[2m:[0m incoming body completed
[2m2025-12-10T10:10:05.250316Z[0m [34mDEBUG[0m [2mhyper::client::pool[0m[2m:[0m pooling idle connection for ("http", 192.168.0.14:8545)
[2m2025-12-10T10:10:05.250322Z[0m [34mDEBUG[0m [2methereum_transaction_pool_monitor::eth_client[0m[2m:[0m 📡 Transaction fetch RPC completed in 7.686667ms
[2m2025-12-10T10:10:05.321511Z[0m [34mDEBUG[0m [2methereum_transaction_pool_monitor::eth_client[0m[2m:[0m ✅ Transaction 0xee459d8426193c689b6a468108e16b428a4d0c48a269882e8b1d5501a982d14c fetched and parsed in 78.873709ms
[2m2025-12-10T10:10:05.321536Z[0m [34mDEBUG[0m [2methereum_transaction_pool_monitor::mempool_monitor[0m[2m:[0m 🔍 Skipping tx 0xee459d8426193c689b6a468108e16b428a4d0c48a269882e8b1d5501a982d14c - not a DEX interaction (target: 0x3B4D794a66304F130a4Db8F2551B0070dfCf5ca7)
[2m2025-12-10T10:10:05.321546Z[0m [34mDEBUG[0m [2methereum_transaction_pool_monitor::mempool_monitor[0m[2m:[0m 📨 Processing new pending transaction: 0x026393d8f77b76505b66d173c713214df598c72c1b860bd53ee51954c5171b61
[2m2025-12-10T10:10:05.321552Z[0m [34mDEBUG[0m [2methereum_transaction_pool_monitor::mempool_monitor[0m[2m:[0m 🔍 Fetching transaction details for: 0x026393d8f77b76505b66d173c713214df598c72c1b860bd53ee51954c5171b61
[2m2025-12-10T10:10:05.321559Z[0m [34mDEBUG[0m [2methereum_transaction_pool_monitor::eth_client[0m[2m:[0m 🔍 Fetching transaction details for hash: 0x026393d8f77b76505b66d173c713214df598c72c1b860bd53ee51954c5171b61
[2m2025-12-10T10:10:05.321576Z[0m [34mDEBUG[0m [2mhyper::client::pool[0m[2m:[0m reuse idle connection for ("http", 192.168.0.14:8545)
[2m2025-12-10T10:10:05.321617Z[0m [34mDEBUG[0m [2mhyper::proto::h1::io[0m[2m:[0m flushed 250 bytes
[2m2025-12-10T10:10:05.321658Z[0m [34mDEBUG[0m [2methereum_transaction_pool_monitor::eth_client[0m[2m:[0m 📨 Received WebSocket message: {"jsonrpc":"2.0","method":"eth_subscription","params":{"subscription":"0xbed0a0851463e895960a451075a301a9","result":"0x0e3a8e234560f6a00aa0fd5a81f761ca964048d03e93ec3e835b341fc69e5dcc"}}
[2m2025-12-10T10:10:05.321664Z[0m [34mDEBUG[0m [2mhyper::proto::h1::io[0m[2m:[0m parsed 4 headers
[2m2025-12-10T10:10:05.321668Z[0m [34mDEBUG[0m [2methereum_transaction_pool_monitor::eth_client[0m[2m:[0m 📨 Received pending transaction: 0x0e3a8e234560f6a00aa0fd5a81f761ca964048d03e93ec3e835b341fc69e5dcc
[2m2025-12-10T10:10:05.321677Z[0m [34mDEBUG[0m [2mhyper::proto::h1::conn[0m[2m:[0m incoming body is content-length (45 bytes)
[2m2025-12-10T10:10:05.321686Z[0m [34mDEBUG[0m [2mhyper::proto::h1::conn[0m[2m:[0m incoming body completed
[2m2025-12-10T10:10:05.321696Z[0m [34mDEBUG[0m [2mhyper::client::pool[0m[2m:[0m pooling idle connection for ("http", 192.168.0.14:8545)
[2m2025-12-10T10:10:05.321713Z[0m [34mDEBUG[0m [2mhyper::client::pool[0m[2m:[0m reuse idle connection for ("http", 192.168.0.14:8545)
[2m2025-12-10T10:10:05.321729Z[0m [34mDEBUG[0m [2mhyper::proto::h1::io[0m[2m:[0m flushed 172 bytes
[2m2025-12-10T10:10:05.327249Z[0m [34mDEBUG[0m [2mhyper::proto::h1::io[0m[2m:[0m parsed 4 headers
[2m2025-12-10T10:10:05.327272Z[0m [34mDEBUG[0m [2mhyper::proto::h1::conn[0m[2m:[0m incoming body is content-length (45 bytes)
[2m2025-12-10T10:10:05.327293Z[0m [34mDEBUG[0m [2mhyper::proto::h1::conn[0m[2m:[0m incoming body completed
[2m2025-12-10T10:10:05.327306Z[0m [34mDEBUG[0m [2mhyper::client::pool[0m[2m:[0m pooling idle connection for ("http", 192.168.0.14:8545)
[2m2025-12-10T10:10:05.330945Z[0m [34mDEBUG[0m [2mhyper::proto::h1::io[0m[2m:[0m parsed 4 headers
[2m2025-12-10T10:10:05.330950Z[0m [34mDEBUG[0m [2mhyper::proto::h1::conn[0m[2m:[0m incoming body is content-length (636 bytes)
[2m2025-12-10T10:10:05.330955Z[0m [34mDEBUG[0m [2mhyper::proto::h1::conn[0m[2m:[0m incoming body completed
[2m2025-12-10T10:10:05.330963Z[0m [34mDEBUG[0m [2mhyper::client::pool[0m[2m:[0m pooling idle connection for ("http", 192.168.0.14:8545)
[2m2025-12-10T10:10:05.330968Z[0m [34mDEBUG[0m [2methereum_transaction_pool_monitor::eth_client[0m[2m:[0m 📡 Transaction fetch RPC completed in 9.40475ms
[2m2025-12-10T10:10:05.402190Z[0m [34mDEBUG[0m [2methereum_transaction_pool_monitor::eth_client[0m[2m:[0m ✅ Transaction 0x026393d8f77b76505b66d173c713214df598c72c1b860bd53ee51954c5171b61 fetched and parsed in 80.624833ms
[2m2025-12-10T10:10:05.402216Z[0m [34mDEBUG[0m [2methereum_transaction_pool_monitor::mempool_monitor[0m[2m:[0m 🔍 Skipping tx 0x026393d8f77b76505b66d173c713214df598c72c1b860bd53ee51954c5171b61 - not a DEX interaction (target: 0xC9db63D85a44BCf8fa3887482Eed186f7c1B8a25)
[2m2025-12-10T10:10:05.402226Z[0m [34mDEBUG[0m [2methereum_transaction_pool_monitor::mempool_monitor[0m[2m:[0m 📨 Processing new pending transaction: 0x3733d425284b0e1487c07a94accb796b4db1de15e107437fa104fa970a8b84b9
[2m2025-12-10T10:10:05.402233Z[0m [34mDEBUG[0m [2methereum_transaction_pool_monitor::mempool_monitor[0m[2m:[0m 🔍 Fetching transaction details for: 0x3733d425284b0e1487c07a94accb796b4db1de15e107437fa104fa970a8b84b9
[2m2025-12-10T10:10:05.402240Z[0m [34mDEBUG[0m [2methereum_transaction_pool_monitor::eth_client[0m[2m:[0m 🔍 Fetching transaction details for hash: 0x3733d425284b0e1487c07a94accb796b4db1de15e107437fa104fa970a8b84b9
[2m2025-12-10T10:10:05.402259Z[0m [34mDEBUG[0m [2mhyper::client::pool[0m[2m:[0m reuse idle connection for ("http", 192.168.0.14:8545)
[2m2025-12-10T10:10:05.402292Z[0m [34mDEBUG[0m [2mhyper::proto::h1::io[0m[2m:[0m flushed 250 bytes
[2m2025-12-10T10:10:05.402321Z[0m [34mDEBUG[0m [2mhyper::client::pool[0m[2m:[0m reuse idle connection for ("http", 192.168.0.14:8545)
[2m2025-12-10T10:10:05.402338Z[0m [34mDEBUG[0m [2mhyper::proto::h1::io[0m[2m:[0m flushed 172 bytes
[2m2025-12-10T10:10:05.406139Z[0m [34mDEBUG[0m [2mhyper::proto::h1::io[0m[2m:[0m parsed 4 headers
[2m2025-12-10T10:10:05.406144Z[0m [34mDEBUG[0m [2mhyper::proto::h1::conn[0m[2m:[0m incoming body is content-length (45 bytes)
[2m2025-12-10T10:10:05.406154Z[0m [34mDEBUG[0m [2mhyper::proto::h1::conn[0m[2m:[0m incoming body completed
[2m2025-12-10T10:10:05.406162Z[0m [34mDEBUG[0m [2mhyper::client::pool[0m[2m:[0m pooling idle connection for ("http", 192.168.0.14:8545)
[2m2025-12-10T10:10:05.406751Z[0m [34mDEBUG[0m [2mhyper::proto::h1::io[0m[2m:[0m parsed 4 headers
[2m2025-12-10T10:10:05.406757Z[0m [34mDEBUG[0m [2mhyper::proto::h1::conn[0m[2m:[0m incoming body is content-length (3333 bytes)
[2m2025-12-10T10:10:05.406762Z[0m [34mDEBUG[0m [2mhyper::proto::h1::conn[0m[2m:[0m incoming body completed
[2m2025-12-10T10:10:05.406768Z[0m [34mDEBUG[0m [2mhyper::client::pool[0m[2m:[0m pooling idle connection for ("http", 192.168.0.14:8545)
[2m2025-12-10T10:10:05.406773Z[0m [34mDEBUG[0m [2methereum_transaction_pool_monitor::eth_client[0m[2m:[0m 📡 Transaction fetch RPC completed in 4.527833ms
[2m2025-12-10T10:10:05.478371Z[0m [34mDEBUG[0m [2methereum_transaction_pool_monitor::eth_client[0m[2m:[0m ✅ Transaction 0x3733d425284b0e1487c07a94accb796b4db1de15e107437fa104fa970a8b84b9 fetched and parsed in 76.124333ms
[2m2025-12-10T10:10:05.478405Z[0m [34mDEBUG[0m [2methereum_transaction_pool_monitor::mempool_monitor[0m[2m:[0m 🔍 Skipping tx 0x3733d425284b0e1487c07a94accb796b4db1de15e107437fa104fa970a8b84b9 - not a DEX interaction (target: 0xa68A99C6A80E2ACf65D38F64FFac744AE51c8d96)
[2m2025-12-10T10:10:05.478419Z[0m [34mDEBUG[0m [2methereum_transaction_pool_monitor::mempool_monitor[0m[2m:[0m 📨 Processing new pending transaction: 0x621b84804dfd646901bb4141d4e6a1473a72eaa3757e8eb4021869704e22d0ca
[2m2025-12-10T10:10:05.478433Z[0m [34mDEBUG[0m [2methereum_transaction_pool_monitor::mempool_monitor[0m[2m:[0m 🔍 Fetching transaction details for: 0x621b84804dfd646901bb4141d4e6a1473a72eaa3757e8eb4021869704e22d0ca
[2m2025-12-10T10:10:05.478439Z[0m [34mDEBUG[0m [2methereum_transaction_pool_monitor::eth_client[0m[2m:[0m 🔍 Fetching transaction details for hash: 0x621b84804dfd646901bb4141d4e6a1473a72eaa3757e8eb4021869704e22d0ca
[2m2025-12-10T10:10:05.478462Z[0m [34mDEBUG[0m [2mhyper::client::pool[0m[2m:[0m reuse idle connection for ("http", 192.168.0.14:8545)
[2m2025-12-10T10:10:05.478500Z[0m [34mDEBUG[0m [2mhyper::proto::h1::io[0m[2m:[0m flushed 250 bytes
[2m2025-12-10T10:10:05.484363Z[0m [34mDEBUG[0m [2mhyper::proto::h1::io[0m[2m:[0m parsed 4 headers
[2m2025-12-10T10:10:05.484376Z[0m [34mDEBUG[0m [2mhyper::proto::h1::conn[0m[2m:[0m incoming body is content-length (638 bytes)
[2m2025-12-10T10:10:05.484400Z[0m [34mDEBUG[0m [2mhyper::proto::h1::conn[0m[2m:[0m incoming body completed
[2m2025-12-10T10:10:05.484414Z[0m [34mDEBUG[0m [2mhyper::client::pool[0m[2m:[0m pooling idle connection for ("http", 192.168.0.14:8545)
[2m2025-12-10T10:10:05.484425Z[0m [34mDEBUG[0m [2methereum_transaction_pool_monitor::eth_client[0m[2m:[0m 📡 Transaction fetch RPC completed in 5.98ms
[2m2025-12-10T10:10:05.555770Z[0m [34mDEBUG[0m [2methereum_transaction_pool_monitor::eth_client[0m[2m:[0m ✅ Transaction 0x621b84804dfd646901bb4141d4e6a1473a72eaa3757e8eb4021869704e22d0ca fetched and parsed in 77.322375ms
[2m2025-12-10T10:10:05.555794Z[0m [34mDEBUG[0m [2methereum_transaction_pool_monitor::mempool_monitor[0m[2m:[0m 🔍 Skipping tx 0x621b84804dfd646901bb4141d4e6a1473a72eaa3757e8eb4021869704e22d0ca - not a DEX interaction (target: 0x7CB658641957a6517cCc97904767232581ff333f)
[2m2025-12-10T10:10:05.555806Z[0m [34mDEBUG[0m [2methereum_transaction_pool_monitor::mempool_monitor[0m[2m:[0m 📨 Processing new pending transaction: 0x06457d08de68007730cdd7db00ded99501a5f18deabbd694b48507ad8103fc66
[2m2025-12-10T10:10:05.555812Z[0m [34mDEBUG[0m [2methereum_transaction_pool_monitor::mempool_monitor[0m[2m:[0m 🔍 Fetching transaction details for: 0x06457d08de68007730cdd7db00ded99501a5f18deabbd694b48507ad8103fc66
[2m2025-12-10T10:10:05.555818Z[0m [34mDEBUG[0m [2methereum_transaction_pool_monitor::eth_client[0m[2m:[0m 🔍 Fetching transaction details for hash: 0x06457d08de68007730cdd7db00ded99501a5f18deabbd694b48507ad8103fc66
[2m2025-12-10T10:10:05.555834Z[0m [34mDEBUG[0m [2mhyper::client::pool[0m[2m:[0m reuse idle connection for ("http", 192.168.0.14:8545)
[2m2025-12-10T10:10:05.555872Z[0m [34mDEBUG[0m [2mhyper::proto::h1::io[0m[2m:[0m flushed 250 bytes
[2m2025-12-10T10:10:05.555904Z[0m [34mDEBUG[0m [2mhyper::client::pool[0m[2m:[0m reuse idle connection for ("http", 192.168.0.14:8545)
[2m2025-12-10T10:10:05.555920Z[0m [34mDEBUG[0m [2mhyper::proto::h1::io[0m[2m:[0m flushed 172 bytes
[2m2025-12-10T10:10:05.561291Z[0m [34mDEBUG[0m [2mhyper::proto::h1::io[0m[2m:[0m parsed 4 headers
[2m2025-12-10T10:10:05.561313Z[0m [34mDEBUG[0m [2mhyper::proto::h1::conn[0m[2m:[0m incoming body is content-length (45 bytes)
[2m2025-12-10T10:10:05.561337Z[0m [34mDEBUG[0m [2mhyper::proto::h1::conn[0m[2m:[0m incoming body completed
[2m2025-12-10T10:10:05.561350Z[0m [34mDEBUG[0m [2mhyper::client::pool[0m[2m:[0m pooling idle connection for ("http", 192.168.0.14:8545)
[2m2025-12-10T10:10:05.562126Z[0m [34mDEBUG[0m [2mhyper::proto::h1::io[0m[2m:[0m parsed 4 headers
[2m2025-12-10T10:10:05.562146Z[0m [34mDEBUG[0m [2mhyper::proto::h1::conn[0m[2m:[0m incoming body is content-length (645 bytes)
[2m2025-12-10T10:10:05.562151Z[0m [34mDEBUG[0m [2mhyper::proto::h1::conn[0m[2m:[0m incoming body completed
[2m2025-12-10T10:10:05.562171Z[0m [34mDEBUG[0m [2mhyper::client::pool[0m[2m:[0m pooling idle connection for ("http", 192.168.0.14:8545)
[2m2025-12-10T10:10:05.562177Z[0m [34mDEBUG[0m [2methereum_transaction_pool_monitor::eth_client[0m[2m:[0m 📡 Transaction fetch RPC completed in 6.354208ms
[2m2025-12-10T10:10:05.633433Z[0m [34mDEBUG[0m [2methereum_transaction_pool_monitor::eth_client[0m[2m:[0m ✅ Transaction 0x06457d08de68007730cdd7db00ded99501a5f18deabbd694b48507ad8103fc66 fetched and parsed in 77.608625ms
[2m2025-12-10T10:10:05.633462Z[0m [34mDEBUG[0m [2methereum_transaction_pool_monitor::mempool_monitor[0m[2m:[0m 🔍 Skipping tx 0x06457d08de68007730cdd7db00ded99501a5f18deabbd694b48507ad8103fc66 - not a DEX interaction (target: 0x686f444ea2Fa7C61f3dBa45e2B11257298F4937f)
[2m2025-12-10T10:10:05.633473Z[0m [34mDEBUG[0m [2methereum_transaction_pool_monitor::mempool_monitor[0m[2m:[0m 📨 Processing new pending transaction: 0x1d99ecb921c5fb5f1c286f322bbc4d4b6d63c7308597e1fb142bcf120e193772
[2m2025-12-10T10:10:05.633485Z[0m [34mDEBUG[0m [2methereum_transaction_pool_monitor::mempool_monitor[0m[2m:[0m 🔍 Fetching transaction details for: 0x1d99ecb921c5fb5f1c286f322bbc4d4b6d63c7308597e1fb142bcf120e193772
[2m2025-12-10T10:10:05.633492Z[0m [34mDEBUG[0m [2methereum_transaction_pool_monitor::eth_client[0m[2m:[0m 🔍 Fetching transaction details for hash: 0x1d99ecb921c5fb5f1c286f322bbc4d4b6d63c7308597e1fb142bcf120e193772
[2m2025-12-10T10:10:05.633513Z[0m [34mDEBUG[0m [2mhyper::client::pool[0m[2m:[0m reuse idle connection for ("http", 192.168.0.14:8545)
[2m2025-12-10T10:10:05.633548Z[0m [34mDEBUG[0m [2mhyper::proto::h1::io[0m[2m:[0m flushed 250 bytes
[2m2025-12-10T10:10:05.633589Z[0m [34mDEBUG[0m [2mhyper::client::pool[0m[2m:[0m reuse idle connection for ("http", 192.168.0.14:8545)
[2m2025-12-10T10:10:05.633605Z[0m [34mDEBUG[0m [2mhyper::proto::h1::io[0m[2m:[0m flushed 172 bytes
[2m2025-12-10T10:10:05.675048Z[0m [34mDEBUG[0m [2mhyper::proto::h1::io[0m[2m:[0m parsed 4 headers
[2m2025-12-10T10:10:05.675056Z[0m [34mDEBUG[0m [2mhyper::proto::h1::conn[0m[2m:[0m incoming body is content-length (45 bytes)
[2m2025-12-10T10:10:05.675064Z[0m [34mDEBUG[0m [2mhyper::proto::h1::conn[0m[2m:[0m incoming body completed
[2m2025-12-10T10:10:05.675074Z[0m [34mDEBUG[0m [2mhyper::client::pool[0m[2m:[0m pooling idle connection for ("http", 192.168.0.14:8545)
[2m2025-12-10T10:10:05.678322Z[0m [34mDEBUG[0m [2mhyper::proto::h1::io[0m[2m:[0m parsed 4 headers
[2m2025-12-10T10:10:05.678343Z[0m [34mDEBUG[0m [2mhyper::proto::h1::conn[0m[2m:[0m incoming body is content-length (772 bytes)
[2m2025-12-10T10:10:05.678362Z[0m [34mDEBUG[0m [2mhyper::proto::h1::conn[0m[2m:[0m incoming body completed
[2m2025-12-10T10:10:05.678378Z[0m [34mDEBUG[0m [2mhyper::client::pool[0m[2m:[0m pooling idle connection for ("http", 192.168.0.14:8545)
[2m2025-12-10T10:10:05.678383Z[0m [34mDEBUG[0m [2methereum_transaction_pool_monitor::eth_client[0m[2m:[0m 📡 Transaction fetch RPC completed in 44.883375ms
[2m2025-12-10T10:10:05.678410Z[0m [34mDEBUG[0m [2methereum_transaction_pool_monitor::eth_client[0m[2m:[0m DeFi transaction detected - Address: 0xdac17f958d2ee523a2206206994597c13d831ec7, Type: Stablecoin, Value: 0 ETH, Gas: 0.35 Gwei
[2m2025-12-10T10:10:05.678425Z[0m [34mDEBUG[0m [2methereum_transaction_pool_monitor::eth_client[0m[2m:[0m ✅ Transaction 0x1d99ecb921c5fb5f1c286f322bbc4d4b6d63c7308597e1fb142bcf120e193772 fetched and parsed in 44.926333ms
[2m2025-12-10T10:10:05.678432Z[0m [34mDEBUG[0m [2methereum_transaction_pool_monitor::mempool_monitor[0m[2m:[0m 🔍 Skipping tx 0x1d99ecb921c5fb5f1c286f322bbc4d4b6d63c7308597e1fb142bcf120e193772 - not a DEX interaction (target: 0xdAC17F958D2ee523a2206206994597C13D831ec7)
[2m2025-12-10T10:10:05.678439Z[0m [34mDEBUG[0m [2methereum_transaction_pool_monitor::mempool_monitor[0m[2m:[0m 📨 Processing new pending transaction: 0xfb95c728a4721a7270c64245a3f4b16f9b93e27cf2f6998c9d4d6e0655940193
[2m2025-12-10T10:10:05.678443Z[0m [34mDEBUG[0m [2methereum_transaction_pool_monitor::mempool_monitor[0m[2m:[0m 🔍 Fetching transaction details for: 0xfb95c728a4721a7270c64245a3f4b16f9b93e27cf2f6998c9d4d6e0655940193
[2m2025-12-10T10:10:05.678447Z[0m [34mDEBUG[0m [2methereum_transaction_pool_monitor::eth_client[0m[2m:[0m 🔍 Fetching transaction details for hash: 0xfb95c728a4721a7270c64245a3f4b16f9b93e27cf2f6998c9d4d6e0655940193
[2m2025-12-10T10:10:05.678455Z[0m [34mDEBUG[0m [2mhyper::client::pool[0m[2m:[0m reuse idle connection for ("http", 192.168.0.14:8545)
[2m2025-12-10T10:10:05.678471Z[0m [34mDEBUG[0m [2mhyper::proto::h1::io[0m[2m:[0m flushed 250 bytes
[2m2025-12-10T10:10:05.684337Z[0m [34mDEBUG[0m [2mhyper::proto::h1::io[0m[2m:[0m parsed 4 headers
[2m2025-12-10T10:10:05.686948Z[0m [34mDEBUG[0m [2mhyper::proto::h1::conn[0m[2m:[0m incoming body is content-length (770 bytes)
[2m2025-12-10T10:10:05.686957Z[0m [34mDEBUG[0m [2mhyper::proto::h1::conn[0m[2m:[0m incoming body completed
[2m2025-12-10T10:10:05.686967Z[0m [34mDEBUG[0m [2mhyper::client::pool[0m[2m:[0m pooling idle connection for ("http", 192.168.0.14:8545)
[2m2025-12-10T10:10:05.686977Z[0m [34mDEBUG[0m [2methereum_transaction_pool_monitor::eth_client[0m[2m:[0m 📡 Transaction fetch RPC completed in 8.525875ms
[2m2025-12-10T10:10:05.759530Z[0m [34mDEBUG[0m [2methereum_transaction_pool_monitor::eth_client[0m[2m:[0m ✅ Transaction 0xfb95c728a4721a7270c64245a3f4b16f9b93e27cf2f6998c9d4d6e0655940193 fetched and parsed in 81.076292ms
[2m2025-12-10T10:10:05.759555Z[0m [34mDEBUG[0m [2methereum_transaction_pool_monitor::mempool_monitor[0m[2m:[0m 🔍 Skipping tx 0xfb95c728a4721a7270c64245a3f4b16f9b93e27cf2f6998c9d4d6e0655940193 - not a DEX interaction (target: 0xec53bF9167f50cDEB3Ae105f56099aaaB9061F83)
[2m2025-12-10T10:10:05.759568Z[0m [34mDEBUG[0m [2methereum_transaction_pool_monitor::mempool_monitor[0m[2m:[0m 📨 Processing new pending transaction: 0xe31e2bd436e8326880e65963983627de6bcee796814f09edc2e07addbb675f76
[2m2025-12-10T10:10:05.759575Z[0m [34mDEBUG[0m [2methereum_transaction_pool_monitor::mempool_monitor[0m[2m:[0m 🔍 Fetching transaction details for: 0xe31e2bd436e8326880e65963983627de6bcee796814f09edc2e07addbb675f76
[2m2025-12-10T10:10:05.759581Z[0m [34mDEBUG[0m [2methereum_transaction_pool_monitor::eth_client[0m[2m:[0m 🔍 Fetching transaction details for hash: 0xe31e2bd436e8326880e65963983627de6bcee796814f09edc2e07addbb675f76
[2m2025-12-10T10:10:05.759599Z[0m [34mDEBUG[0m [2mhyper::client::pool[0m[2m:[0m reuse idle connection for ("http", 192.168.0.14:8545)
[2m2025-12-10T10:10:05.759639Z[0m [34mDEBUG[0m [2mhyper::proto::h1::io[0m[2m:[0m flushed 250 bytes
[2m2025-12-10T10:10:05.759668Z[0m [34mDEBUG[0m [2mhyper::client::pool[0m[2m:[0m reuse idle connection for ("http", 192.168.0.14:8545)
[2m2025-12-10T10:10:05.759684Z[0m [34mDEBUG[0m [2mhyper::proto::h1::io[0m[2m:[0m flushed 172 bytes
[2m2025-12-10T10:10:05.764699Z[0m [34mDEBUG[0m [2mhyper::proto::h1::io[0m[2m:[0m parsed 4 headers
[2m2025-12-10T10:10:05.764721Z[0m [34mDEBUG[0m [2mhyper::proto::h1::conn[0m[2m:[0m incoming body is content-length (638 bytes)
[2m2025-12-10T10:10:05.764746Z[0m [34mDEBUG[0m [2mhyper::proto::h1::conn[0m[2m:[0m incoming body completed
[2m2025-12-10T10:10:05.764759Z[0m [34mDEBUG[0m [2mhyper::client::pool[0m[2m:[0m pooling idle connection for ("http", 192.168.0.14:8545)
[2m2025-12-10T10:10:05.764779Z[0m [34mDEBUG[0m [2methereum_transaction_pool_monitor::eth_client[0m[2m:[0m 📡 Transaction fetch RPC completed in 5.193375ms
[2m2025-12-10T10:10:05.834954Z[0m [34mDEBUG[0m [2methereum_transaction_pool_monitor::eth_client[0m[2m:[0m ✅ Transaction 0xe31e2bd436e8326880e65963983627de6bcee796814f09edc2e07addbb675f76 fetched and parsed in 75.366458ms
[2m2025-12-10T10:10:05.834982Z[0m [34mDEBUG[0m [2methereum_transaction_pool_monitor::mempool_monitor[0m[2m:[0m 🔍 Skipping tx 0xe31e2bd436e8326880e65963983627de6bcee796814f09edc2e07addbb675f76 - not a DEX interaction (target: 0x18E24850FDEceee577da1e08C63B260cFf69B962)
[2m2025-12-10T10:10:05.834993Z[0m [34mDEBUG[0m [2methereum_transaction_pool_monitor::mempool_monitor[0m[2m:[0m 📨 Processing new pending transaction: 0xd3eae9d2e76f148b8a6baa5a298421186191614612e9a7072f02fda09fdf487f
[2m2025-12-10T10:10:05.835006Z[0m [34mDEBUG[0m [2methereum_transaction_pool_monitor::mempool_monitor[0m[2m:[0m 🔍 Fetching transaction details for: 0xd3eae9d2e76f148b8a6baa5a298421186191614612e9a7072f02fda09fdf487f
[2m2025-12-10T10:10:05.835018Z[0m [34mDEBUG[0m [2methereum_transaction_pool_monitor::eth_client[0m[2m:[0m 🔍 Fetching transaction details for hash: 0xd3eae9d2e76f148b8a6baa5a298421186191614612e9a7072f02fda09fdf487f
[2m2025-12-10T10:10:05.835037Z[0m [34mDEBUG[0m [2mhyper::client::pool[0m[2m:[0m reuse idle connection for ("http", 192.168.0.14:8545)
[2m2025-12-10T10:10:05.835070Z[0m [34mDEBUG[0m [2mhyper::proto::h1::io[0m[2m:[0m flushed 250 bytes
[2m2025-12-10T10:10:05.835088Z[0m [34mDEBUG[0m [2mhyper::proto::h1::io[0m[2m:[0m parsed 4 headers
[2m2025-12-10T10:10:05.835093Z[0m [34mDEBUG[0m [2mhyper::proto::h1::conn[0m[2m:[0m incoming body is content-length (45 bytes)
[2m2025-12-10T10:10:05.835099Z[0m [34mDEBUG[0m [2mhyper::proto::h1::conn[0m[2m:[0m incoming body completed
[2m2025-12-10T10:10:05.835109Z[0m [34mDEBUG[0m [2mhyper::client::pool[0m[2m:[0m pooling idle connection for ("http", 192.168.0.14:8545)
[2m2025-12-10T10:10:05.835124Z[0m [34mDEBUG[0m [2mhyper::client::pool[0m[2m:[0m reuse idle connection for ("http", 192.168.0.14:8545)
[2m2025-12-10T10:10:05.835139Z[0m [34mDEBUG[0m [2mhyper::proto::h1::io[0m[2m:[0m flushed 172 bytes
[2m2025-12-10T10:10:05.841749Z[0m [34mDEBUG[0m [2mhyper::proto::h1::io[0m[2m:[0m parsed 4 headers
[2m2025-12-10T10:10:05.841772Z[0m [34mDEBUG[0m [2mhyper::proto::h1::conn[0m[2m:[0m incoming body is content-length (45 bytes)
[2m2025-12-10T10:10:05.841791Z[0m [34mDEBUG[0m [2mhyper::proto::h1::conn[0m[2m:[0m incoming body completed
[2m2025-12-10T10:10:05.841807Z[0m [34mDEBUG[0m [2mhyper::client::pool[0m[2m:[0m pooling idle connection for ("http", 192.168.0.14:8545)
[2m2025-12-10T10:10:05.845793Z[0m [34mDEBUG[0m [2mhyper::proto::h1::io[0m[2m:[0m parsed 4 headers
[2m2025-12-10T10:10:05.845799Z[0m [34mDEBUG[0m [2mhyper::proto::h1::conn[0m[2m:[0m incoming body is content-length (639 bytes)
[2m2025-12-10T10:10:05.845803Z[0m [34mDEBUG[0m [2mhyper::proto::h1::conn[0m[2m:[0m incoming body completed
[2m2025-12-10T10:10:05.845808Z[0m [34mDEBUG[0m [2mhyper::client::pool[0m[2m:[0m pooling idle connection for ("http", 192.168.0.14:8545)
[2m2025-12-10T10:10:05.845813Z[0m [34mDEBUG[0m [2methereum_transaction_pool_monitor::eth_client[0m[2m:[0m 📡 Transaction fetch RPC completed in 10.7885ms
[2m2025-12-10T10:10:05.914513Z[0m [34mDEBUG[0m [2methereum_transaction_pool_monitor::eth_client[0m[2m:[0m ✅ Transaction 0xd3eae9d2e76f148b8a6baa5a298421186191614612e9a7072f02fda09fdf487f fetched and parsed in 79.486292ms
[2m2025-12-10T10:10:05.914541Z[0m [34mDEBUG[0m [2methereum_transaction_pool_monitor::mempool_monitor[0m[2m:[0m 🔍 Skipping tx 0xd3eae9d2e76f148b8a6baa5a298421186191614612e9a7072f02fda09fdf487f - not a DEX interaction (target: 0xdEF8BAF79424fc63744dD3f99b33c16a01CE7235)
[2m2025-12-10T10:10:05.914558Z[0m [34mDEBUG[0m [2methereum_transaction_pool_monitor::mempool_monitor[0m[2m:[0m 📨 Processing new pending transaction: 0xccc4774cc2149adc4e52afff3b8ade07ed00d4dba47c440bce14d0c2dfcca5d2
[2m2025-12-10T10:10:05.914567Z[0m [34mDEBUG[0m [2methereum_transaction_pool_monitor::mempool_monitor[0m[2m:[0m 🔍 Fetching transaction details for: 0xccc4774cc2149adc4e52afff3b8ade07ed00d4dba47c440bce14d0c2dfcca5d2
[2m2025-12-10T10:10:05.914578Z[0m [34mDEBUG[0m [2methereum_transaction_pool_monitor::eth_client[0m[2m:[0m 🔍 Fetching transaction details for hash: 0xccc4774cc2149adc4e52afff3b8ade07ed00d4dba47c440bce14d0c2dfcca5d2
[2m2025-12-10T10:10:05.914597Z[0m [34mDEBUG[0m [2mhyper::client::pool[0m[2m:[0m reuse idle connection for ("http", 192.168.0.14:8545)
[2m2025-12-10T10:10:05.914636Z[0m [34mDEBUG[0m [2mhyper::proto::h1::io[0m[2m:[0m flushed 250 bytes
[2m2025-12-10T10:10:05.914655Z[0m [34mDEBUG[0m [2mhyper::client::pool[0m[2m:[0m reuse idle connection for ("http", 192.168.0.14:8545)
[2m2025-12-10T10:10:05.914671Z[0m [34mDEBUG[0m [2mhyper::proto::h1::io[0m[2m:[0m flushed 172 bytes
[2m2025-12-10T10:10:05.914672Z[0m [34mDEBUG[0m [2methereum_transaction_pool_monitor::eth_client[0m[2m:[0m 📨 Received WebSocket message: {"jsonrpc":"2.0","method":"eth_subscription","params":{"subscription":"0xbed0a0851463e895960a451075a301a9","result":"0xac5d423c835ed59b27381b0903d91f7885f262fb5a1d6fb41b755210b1d42589"}}
[2m2025-12-10T10:10:05.914689Z[0m [34mDEBUG[0m [2methereum_transaction_pool_monitor::eth_client[0m[2m:[0m 📨 Received pending transaction: 0xac5d423c835ed59b27381b0903d91f7885f262fb5a1d6fb41b755210b1d42589
[2m2025-12-10T10:10:05.920458Z[0m [34mDEBUG[0m [2mhyper::proto::h1::io[0m[2m:[0m parsed 4 headers
[2m2025-12-10T10:10:05.920485Z[0m [34mDEBUG[0m [2mhyper::proto::h1::conn[0m[2m:[0m incoming body is content-length (640 bytes)
[2m2025-12-10T10:10:05.920520Z[0m [34mDEBUG[0m [2mhyper::proto::h1::conn[0m[2m:[0m incoming body completed
[2m2025-12-10T10:10:05.920538Z[0m [34mDEBUG[0m [2mhyper::client::pool[0m[2m:[0m pooling idle connection for ("http", 192.168.0.14:8545)
[2m2025-12-10T10:10:05.920544Z[0m [34mDEBUG[0m [2methereum_transaction_pool_monitor::eth_client[0m[2m:[0m 📡 Transaction fetch RPC completed in 5.961458ms
[2m2025-12-10T10:10:05.989283Z[0m [34mDEBUG[0m [2methereum_transaction_pool_monitor::eth_client[0m[2m:[0m ✅ Transaction 0xccc4774cc2149adc4e52afff3b8ade07ed00d4dba47c440bce14d0c2dfcca5d2 fetched and parsed in 74.697875ms
[2m2025-12-10T10:10:05.989310Z[0m [34mDEBUG[0m [2methereum_transaction_pool_monitor::mempool_monitor[0m[2m:[0m 🔍 Skipping tx 0xccc4774cc2149adc4e52afff3b8ade07ed00d4dba47c440bce14d0c2dfcca5d2 - not a DEX interaction (target: 0x6ADEBC8729d03c3dFAAD6660B746754Bc475E13d)
[2m2025-12-10T10:10:05.989319Z[0m [34mDEBUG[0m [2methereum_transaction_pool_monitor::mempool_monitor[0m[2m:[0m 📨 Processing new pending transaction: 0xfab47b54488eb87ed2a25ca089c4aa1bcef92dc60a6f510fba6d8d794b6410e3
[2m2025-12-10T10:10:05.989324Z[0m [34mDEBUG[0m [2methereum_transaction_pool_monitor::mempool_monitor[0m[2m:[0m 🔍 Fetching transaction details for: 0xfab47b54488eb87ed2a25ca089c4aa1bcef92dc60a6f510fba6d8d794b6410e3
[2m2025-12-10T10:10:05.989328Z[0m [34mDEBUG[0m [2methereum_transaction_pool_monitor::eth_client[0m[2m:[0m 🔍 Fetching transaction details for hash: 0xfab47b54488eb87ed2a25ca089c4aa1bcef92dc60a6f510fba6d8d794b6410e3
[2m2025-12-10T10:10:05.989344Z[0m [34mDEBUG[0m [2mhyper::client::pool[0m[2m:[0m reuse idle connection for ("http", 192.168.0.14:8545)
[2m2025-12-10T10:10:05.989387Z[0m [34mDEBUG[0m [2mhyper::proto::h1::io[0m[2m:[0m flushed 250 bytes
[2m2025-12-10T10:10:05.989401Z[0m [34mDEBUG[0m [2mhyper::proto::h1::io[0m[2m:[0m parsed 4 headers
[2m2025-12-10T10:10:05.989405Z[0m [34mDEBUG[0m [2mhyper::proto::h1::conn[0m[2m:[0m incoming body is content-length (45 bytes)
[2m2025-12-10T10:10:05.989411Z[0m [34mDEBUG[0m [2mhyper::proto::h1::conn[0m[2m:[0m incoming body completed
[2m2025-12-10T10:10:05.989419Z[0m [34mDEBUG[0m [2mhyper::client::pool[0m[2m:[0m pooling idle connection for ("http", 192.168.0.14:8545)
[2m2025-12-10T10:10:05.995451Z[0m [34mDEBUG[0m [2mhyper::proto::h1::io[0m[2m:[0m parsed 4 headers
[2m2025-12-10T10:10:05.995462Z[0m [34mDEBUG[0m [2mhyper::proto::h1::conn[0m[2m:[0m incoming body is content-length (638 bytes)
[2m2025-12-10T10:10:05.995471Z[0m [34mDEBUG[0m [2mhyper::proto::h1::conn[0m[2m:[0m incoming body completed
[2m2025-12-10T10:10:05.995482Z[0m [34mDEBUG[0m [2mhyper::client::pool[0m[2m:[0m pooling idle connection for ("http", 192.168.0.14:8545)
[2m2025-12-10T10:10:05.995490Z[0m [34mDEBUG[0m [2methereum_transaction_pool_monitor::eth_client[0m[2m:[0m 📡 Transaction fetch RPC completed in 6.157791ms
[2m2025-12-10T10:10:06.066561Z[0m [34mDEBUG[0m [2methereum_transaction_pool_monitor::eth_client[0m[2m:[0m ✅ Transaction 0xfab47b54488eb87ed2a25ca089c4aa1bcef92dc60a6f510fba6d8d794b6410e3 fetched and parsed in 77.2265ms
[2m2025-12-10T10:10:06.066580Z[0m [34mDEBUG[0m [2methereum_transaction_pool_monitor::mempool_monitor[0m[2m:[0m 🔍 Skipping tx 0xfab47b54488eb87ed2a25ca089c4aa1bcef92dc60a6f510fba6d8d794b6410e3 - not a DEX interaction (target: 0x22d4e1Cd625b278EB69177F2ABF9cD4f02A9c9cB)
[2m2025-12-10T10:10:06.066589Z[0m [34mDEBUG[0m [2methereum_transaction_pool_monitor::mempool_monitor[0m[2m:[0m 📨 Processing new pending transaction: 0xf945997f1bfc4a9931857283f14211891c66f4de85e013fefb2762070b4fc061
[2m2025-12-10T10:10:06.066594Z[0m [34mDEBUG[0m [2methereum_transaction_pool_monitor::mempool_monitor[0m[2m:[0m 🔍 Fetching transaction details for: 0xf945997f1bfc4a9931857283f14211891c66f4de85e013fefb2762070b4fc061
[2m2025-12-10T10:10:06.066598Z[0m [34mDEBUG[0m [2methereum_transaction_pool_monitor::eth_client[0m[2m:[0m 🔍 Fetching transaction details for hash: 0xf945997f1bfc4a9931857283f14211891c66f4de85e013fefb2762070b4fc061
[2m2025-12-10T10:10:06.066617Z[0m [34mDEBUG[0m [2mhyper::client::pool[0m[2m:[0m reuse idle connection for ("http", 192.168.0.14:8545)
[2m2025-12-10T10:10:06.066648Z[0m [34mDEBUG[0m [2mhyper::proto::h1::io[0m[2m:[0m flushed 250 bytes
[2m2025-12-10T10:10:06.066672Z[0m [34mDEBUG[0m [2mhyper::client::pool[0m[2m:[0m reuse idle connection for ("http", 192.168.0.14:8545)
[2m2025-12-10T10:10:06.066684Z[0m [34mDEBUG[0m [2mhyper::proto::h1::io[0m[2m:[0m flushed 172 bytes
[2m2025-12-10T10:10:06.071764Z[0m [34mDEBUG[0m [2mhyper::proto::h1::io[0m[2m:[0m parsed 4 headers
[2m2025-12-10T10:10:06.071782Z[0m [34mDEBUG[0m [2mhyper::proto::h1::conn[0m[2m:[0m incoming body is content-length (45 bytes)
[2m2025-12-10T10:10:06.071790Z[0m [34mDEBUG[0m [2mhyper::proto::h1::conn[0m[2m:[0m incoming body completed
[2m2025-12-10T10:10:06.071800Z[0m [34mDEBUG[0m [2mhyper::client::pool[0m[2m:[0m pooling idle connection for ("http", 192.168.0.14:8545)
[2m2025-12-10T10:10:06.078418Z[0m [34mDEBUG[0m [2mhyper::proto::h1::io[0m[2m:[0m parsed 4 headers
[2m2025-12-10T10:10:06.078443Z[0m [34mDEBUG[0m [2mhyper::proto::h1::conn[0m[2m:[0m incoming body is content-length (638 bytes)
[2m2025-12-10T10:10:06.078454Z[0m [34mDEBUG[0m [2mhyper::proto::h1::conn[0m[2m:[0m incoming body completed
[2m2025-12-10T10:10:06.078466Z[0m [34mDEBUG[0m [2mhyper::client::pool[0m[2m:[0m pooling idle connection for ("http", 192.168.0.14:8545)
[2m2025-12-10T10:10:06.078475Z[0m [34mDEBUG[0m [2methereum_transaction_pool_monitor::eth_client[0m[2m:[0m 📡 Transaction fetch RPC completed in 11.87175ms
[2m2025-12-10T10:10:06.149692Z[0m [34mDEBUG[0m [2methereum_transaction_pool_monitor::eth_client[0m[2m:[0m ✅ Transaction 0xf945997f1bfc4a9931857283f14211891c66f4de85e013fefb2762070b4fc061 fetched and parsed in 83.086417ms
[2m2025-12-10T10:10:06.149719Z[0m [34mDEBUG[0m [2methereum_transaction_pool_monitor::mempool_monitor[0m[2m:[0m 🔍 Skipping tx 0xf945997f1bfc4a9931857283f14211891c66f4de85e013fefb2762070b4fc061 - not a DEX interaction (target: 0x30441397522a78717FeE7a581A100208f0be69bA)
[2m2025-12-10T10:10:06.149730Z[0m [34mDEBUG[0m [2methereum_transaction_pool_monitor::mempool_monitor[0m[2m:[0m 📨 Processing new pending transaction: 0xafbad6d835397becc26b8fbbfb151d51e57d9e36d553a7ce3655e5f74c792854
[2m2025-12-10T10:10:06.149736Z[0m [34mDEBUG[0m [2methereum_transaction_pool_monitor::mempool_monitor[0m[2m:[0m 🔍 Fetching transaction details for: 0xafbad6d835397becc26b8fbbfb151d51e57d9e36d553a7ce3655e5f74c792854
[2m2025-12-10T10:10:06.149743Z[0m [34mDEBUG[0m [2methereum_transaction_pool_monitor::eth_client[0m[2m:[0m 🔍 Fetching transaction details for hash: 0xafbad6d835397becc26b8fbbfb151d51e57d9e36d553a7ce3655e5f74c792854
[2m2025-12-10T10:10:06.149760Z[0m [34mDEBUG[0m [2mhyper::client::pool[0m[2m:[0m reuse idle connection for ("http", 192.168.0.14:8545)
[2m2025-12-10T10:10:06.149804Z[0m [34mDEBUG[0m [2mhyper::proto::h1::io[0m[2m:[0m flushed 250 bytes
[2m2025-12-10T10:10:06.149824Z[0m [34mDEBUG[0m [2mhyper::client::pool[0m[2m:[0m reuse idle connection for ("http", 192.168.0.14:8545)
[2m2025-12-10T10:10:06.149838Z[0m [34mDEBUG[0m [2mhyper::proto::h1::io[0m[2m:[0m flushed 172 bytes
[2m2025-12-10T10:10:06.149900Z[0m [34mDEBUG[0m [2methereum_transaction_pool_monitor::eth_client[0m[2m:[0m 📨 Received WebSocket message: {"jsonrpc":"2.0","method":"eth_subscription","params":{"subscription":"0xbed0a0851463e895960a451075a301a9","result":"0x6975c97355b012355d1136414b8eca923e0724f51bcd9995b4f85adb17ec1efd"}}
[2m2025-12-10T10:10:06.149910Z[0m [34mDEBUG[0m [2methereum_transaction_pool_monitor::eth_client[0m[2m:[0m 📨 Received pending transaction: 0x6975c97355b012355d1136414b8eca923e0724f51bcd9995b4f85adb17ec1efd
[2m2025-12-10T10:10:06.153356Z[0m [34mDEBUG[0m [2mhyper::proto::h1::io[0m[2m:[0m parsed 4 headers
[2m2025-12-10T10:10:06.153365Z[0m [34mDEBUG[0m [2mhyper::proto::h1::conn[0m[2m:[0m incoming body is content-length (45 bytes)
[2m2025-12-10T10:10:06.153373Z[0m [34mDEBUG[0m [2mhyper::proto::h1::conn[0m[2m:[0m incoming body completed
[2m2025-12-10T10:10:06.153381Z[0m [34mDEBUG[0m [2mhyper::client::pool[0m[2m:[0m pooling idle connection for ("http", 192.168.0.14:8545)
[2m2025-12-10T10:10:06.154480Z[0m [34mDEBUG[0m [2mhyper::proto::h1::io[0m[2m:[0m parsed 4 headers
[2m2025-12-10T10:10:06.154486Z[0m [34mDEBUG[0m [2mhyper::proto::h1::conn[0m[2m:[0m incoming body is content-length (638 bytes)
[2m2025-12-10T10:10:06.154493Z[0m [34mDEBUG[0m [2mhyper::proto::h1::conn[0m[2m:[0m incoming body completed
[2m2025-12-10T10:10:06.154522Z[0m [34mDEBUG[0m [2mhyper::client::pool[0m[2m:[0m pooling idle connection for ("http", 192.168.0.14:8545)
[2m2025-12-10T10:10:06.154528Z[0m [34mDEBUG[0m [2methereum_transaction_pool_monitor::eth_client[0m[2m:[0m 📡 Transaction fetch RPC completed in 4.781333ms
[2m2025-12-10T10:10:06.226397Z[0m [34mDEBUG[0m [2methereum_transaction_pool_monitor::eth_client[0m[2m:[0m ✅ Transaction 0xafbad6d835397becc26b8fbbfb151d51e57d9e36d553a7ce3655e5f74c792854 fetched and parsed in 76.647958ms
[2m2025-12-10T10:10:06.228585Z[0m [34mDEBUG[0m [2methereum_transaction_pool_monitor::mempool_monitor[0m[2m:[0m 🔍 Skipping tx 0xafbad6d835397becc26b8fbbfb151d51e57d9e36d553a7ce3655e5f74c792854 - not a DEX interaction (target: 0x857e4DF24bB2abBB85c2d6b1E2cE81c8eB56905e)
[2m2025-12-10T10:10:06.228600Z[0m [34mDEBUG[0m [2methereum_transaction_pool_monitor::mempool_monitor[0m[2m:[0m 📨 Processing new pending transaction: 0x24f3d1ad53a57219eadcc5972f5774dc3c3ef4ce3f4f7a821b043b832da20fd3
[2m2025-12-10T10:10:06.228609Z[0m [34mDEBUG[0m [2methereum_transaction_pool_monitor::mempool_monitor[0m[2m:[0m 🔍 Fetching transaction details for: 0x24f3d1ad53a57219eadcc5972f5774dc3c3ef4ce3f4f7a821b043b832da20fd3
[2m2025-12-10T10:10:06.228620Z[0m [34mDEBUG[0m [2methereum_transaction_pool_monitor::eth_client[0m[2m:[0m 🔍 Fetching transaction details for hash: 0x24f3d1ad53a57219eadcc5972f5774dc3c3ef4ce3f4f7a821b043b832da20fd3
[2m2025-12-10T10:10:06.228642Z[0m [34mDEBUG[0m [2mhyper::client::pool[0m[2m:[0m reuse idle connection for ("http", 192.168.0.14:8545)
[2m2025-12-10T10:10:06.228687Z[0m [34mDEBUG[0m [2mhyper::proto::h1::io[0m[2m:[0m flushed 250 bytes
[2m2025-12-10T10:10:06.228717Z[0m [34mDEBUG[0m [2mhyper::client::pool[0m[2m:[0m reuse idle connection for ("http", 192.168.0.14:8545)
[2m2025-12-10T10:10:06.228735Z[0m [34mDEBUG[0m [2mhyper::proto::h1::io[0m[2m:[0m flushed 172 bytes
[2m2025-12-10T10:10:06.232125Z[0m [34mDEBUG[0m [2mhyper::proto::h1::io[0m[2m:[0m parsed 4 headers
[2m2025-12-10T10:10:06.232135Z[0m [34mDEBUG[0m [2mhyper::proto::h1::conn[0m[2m:[0m incoming body is content-length (638 bytes)
[2m2025-12-10T10:10:06.232143Z[0m [34mDEBUG[0m [2mhyper::proto::h1::conn[0m[2m:[0m incoming body completed
[2m2025-12-10T10:10:06.232152Z[0m [34mDEBUG[0m [2mhyper::client::pool[0m[2m:[0m pooling idle connection for ("http", 192.168.0.14:8545)
[2m2025-12-10T10:10:06.232158Z[0m [34mDEBUG[0m [2methereum_transaction_pool_monitor::eth_client[0m[2m:[0m 📡 Transaction fetch RPC completed in 3.5315ms
[2m2025-12-10T10:10:06.303404Z[0m [34mDEBUG[0m [2methereum_transaction_pool_monitor::eth_client[0m[2m:[0m ✅ Transaction 0x24f3d1ad53a57219eadcc5972f5774dc3c3ef4ce3f4f7a821b043b832da20fd3 fetched and parsed in 74.7745ms
[2m2025-12-10T10:10:06.303430Z[0m [34mDEBUG[0m [2methereum_transaction_pool_monitor::mempool_monitor[0m[2m:[0m 🔍 Skipping tx 0x24f3d1ad53a57219eadcc5972f5774dc3c3ef4ce3f4f7a821b043b832da20fd3 - not a DEX interaction (target: 0xf3ed41f911072C0cB0A590F0565eFd53ffceE218)
[2m2025-12-10T10:10:06.303441Z[0m [34mDEBUG[0m [2methereum_transaction_pool_monitor::mempool_monitor[0m[2m:[0m 📨 Processing new pending transaction: 0x9c2b91f613b419e4459555843d0f900a80e1f22792e5801e54a8dfddd7b2571e
[2m2025-12-10T10:10:06.303448Z[0m [34mDEBUG[0m [2methereum_transaction_pool_monitor::mempool_monitor[0m[2m:[0m 🔍 Fetching transaction details for: 0x9c2b91f613b419e4459555843d0f900a80e1f22792e5801e54a8dfddd7b2571e
[2m2025-12-10T10:10:06.303454Z[0m [34mDEBUG[0m [2methereum_transaction_pool_monitor::eth_client[0m[2m:[0m 🔍 Fetching transaction details for hash: 0x9c2b91f613b419e4459555843d0f900a80e1f22792e5801e54a8dfddd7b2571e
[2m2025-12-10T10:10:06.303472Z[0m [34mDEBUG[0m [2mhyper::client::pool[0m[2m:[0m reuse idle connection for ("http", 192.168.0.14:8545)
[2m2025-12-10T10:10:06.303508Z[0m [34mDEBUG[0m [2mhyper::proto::h1::io[0m[2m:[0m flushed 250 bytes
[2m2025-12-10T10:10:06.303525Z[0m [34mDEBUG[0m [2mhyper::proto::h1::io[0m[2m:[0m parsed 4 headers
[2m2025-12-10T10:10:06.303529Z[0m [34mDEBUG[0m [2mhyper::proto::h1::conn[0m[2m:[0m incoming body is content-length (45 bytes)
[2m2025-12-10T10:10:06.303536Z[0m [34mDEBUG[0m [2mhyper::proto::h1::conn[0m[2m:[0m incoming body completed
[2m2025-12-10T10:10:06.303546Z[0m [34mDEBUG[0m [2mhyper::client::pool[0m[2m:[0m pooling idle connection for ("http", 192.168.0.14:8545)
[2m2025-12-10T10:10:06.303561Z[0m [34mDEBUG[0m [2mhyper::client::pool[0m[2m:[0m reuse idle connection for ("http", 192.168.0.14:8545)
[2m2025-12-10T10:10:06.303575Z[0m [34mDEBUG[0m [2mhyper::proto::h1::io[0m[2m:[0m flushed 172 bytes
[2m2025-12-10T10:10:06.306392Z[0m [34mDEBUG[0m [2methereum_transaction_pool_monitor::eth_client[0m[2m:[0m 📨 Received WebSocket message: {"jsonrpc":"2.0","method":"eth_subscription","params":{"subscription":"0xbed0a0851463e895960a451075a301a9","result":"0xafba3ef6476ab16b68748f36e07677f7ce1c4fdc93c692da65df4bc34d729933"}}
[2m2025-12-10T10:10:06.306404Z[0m [34mDEBUG[0m [2methereum_transaction_pool_monitor::eth_client[0m[2m:[0m 📨 Received pending transaction: 0xafba3ef6476ab16b68748f36e07677f7ce1c4fdc93c692da65df4bc34d729933
[2m2025-12-10T10:10:06.308405Z[0m [34mDEBUG[0m [2mhyper::proto::h1::io[0m[2m:[0m parsed 4 headers
[2m2025-12-10T10:10:06.308413Z[0m [34mDEBUG[0m [2mhyper::proto::h1::conn[0m[2m:[0m incoming body is content-length (638 bytes)
[2m2025-12-10T10:10:06.308421Z[0m [34mDEBUG[0m [2mhyper::proto::h1::conn[0m[2m:[0m incoming body completed
[2m2025-12-10T10:10:06.308431Z[0m [34mDEBUG[0m [2mhyper::client::pool[0m[2m:[0m pooling idle connection for ("http", 192.168.0.14:8545)
[2m2025-12-10T10:10:06.308440Z[0m [34mDEBUG[0m [2methereum_transaction_pool_monitor::eth_client[0m[2m:[0m 📡 Transaction fetch RPC completed in 4.98125ms
[2m2025-12-10T10:10:06.380505Z[0m [34mDEBUG[0m [2methereum_transaction_pool_monitor::eth_client[0m[2m:[0m ✅ Transaction 0x9c2b91f613b419e4459555843d0f900a80e1f22792e5801e54a8dfddd7b2571e fetched and parsed in 77.044ms
[2m2025-12-10T10:10:06.380537Z[0m [34mDEBUG[0m [2methereum_transaction_pool_monitor::mempool_monitor[0m[2m:[0m 🔍 Skipping tx 0x9c2b91f613b419e4459555843d0f900a80e1f22792e5801e54a8dfddd7b2571e - not a DEX interaction (target: 0x846709dB208b7937ae9608d5A2Fc8AEAB2F993cB)
[2m2025-12-10T10:10:06.380549Z[0m [34mDEBUG[0m [2methereum_transaction_pool_monitor::mempool_monitor[0m[2m:[0m 📨 Processing new pending transaction: 0x36dd6073f038af4052287703200561adb1376bce22cd59c9503ff193439a4672
[2m2025-12-10T10:10:06.380564Z[0m [34mDEBUG[0m [2methereum_transaction_pool_monitor::mempool_monitor[0m[2m:[0m 🔍 Fetching transaction details for: 0x36dd6073f038af4052287703200561adb1376bce22cd59c9503ff193439a4672
[2m2025-12-10T10:10:06.380572Z[0m [34mDEBUG[0m [2methereum_transaction_pool_monitor::eth_client[0m[2m:[0m 🔍 Fetching transaction details for hash: 0x36dd6073f038af4052287703200561adb1376bce22cd59c9503ff193439a4672
[2m2025-12-10T10:10:06.380594Z[0m [34mDEBUG[0m [2mhyper::client::pool[0m[2m:[0m reuse idle connection for ("http", 192.168.0.14:8545)
[2m2025-12-10T10:10:06.380642Z[0m [34mDEBUG[0m [2mhyper::proto::h1::io[0m[2m:[0m flushed 250 bytes
[2m2025-12-10T10:10:06.380674Z[0m [34mDEBUG[0m [2methereum_transaction_pool_monitor::eth_client[0m[2m:[0m 📨 Received WebSocket message: {"jsonrpc":"2.0","method":"eth_subscription","params":{"subscription":"0xbed0a0851463e895960a451075a301a9","result":"0x4a5a4ab3880f72ff0a1fd69b7f937095f60282425b68fce280bb397832ec9da8"}}
[2m2025-12-10T10:10:06.380677Z[0m [34mDEBUG[0m [2mhyper::proto::h1::io[0m[2m:[0m parsed 4 headers
[2m2025-12-10T10:10:06.380696Z[0m [34mDEBUG[0m [2mhyper::proto::h1::conn[0m[2m:[0m incoming body is content-length (45 bytes)
[2m2025-12-10T10:10:06.380689Z[0m [34mDEBUG[0m [2methereum_transaction_pool_monitor::eth_client[0m[2m:[0m 📨 Received pending transaction: 0x4a5a4ab3880f72ff0a1fd69b7f937095f60282425b68fce280bb397832ec9da8
[2m2025-12-10T10:10:06.380707Z[0m [34mDEBUG[0m [2mhyper::proto::h1::conn[0m[2m:[0m incoming body completed
[2m2025-12-10T10:10:06.380715Z[0m [34mDEBUG[0m [2methereum_transaction_pool_monitor::eth_client[0m[2m:[0m 📨 Received WebSocket message: {"jsonrpc":"2.0","method":"eth_subscription","params":{"subscription":"0xbed0a0851463e895960a451075a301a9","result":"0x41c17b5dd845fbfa5568c0a9f4b796d543c1e16a5ac0e6bebb975a3f42ead0da"}}
[2m2025-12-10T10:10:06.380724Z[0m [34mDEBUG[0m [2mhyper::client::pool[0m[2m:[0m pooling idle connection for ("http", 192.168.0.14:8545)
[2m2025-12-10T10:10:06.380728Z[0m [34mDEBUG[0m [2methereum_transaction_pool_monitor::eth_client[0m[2m:[0m 📨 Received pending transaction: 0x41c17b5dd845fbfa5568c0a9f4b796d543c1e16a5ac0e6bebb975a3f42ead0da
[2m2025-12-10T10:10:06.385893Z[0m [34mDEBUG[0m [2mhyper::proto::h1::io[0m[2m:[0m parsed 4 headers
[2m2025-12-10T10:10:06.385899Z[0m [34mDEBUG[0m [2mhyper::proto::h1::conn[0m[2m:[0m incoming body is content-length (777 bytes)
[2m2025-12-10T10:10:06.385904Z[0m [34mDEBUG[0m [2mhyper::proto::h1::conn[0m[2m:[0m incoming body completed
[2m2025-12-10T10:10:06.385910Z[0m [34mDEBUG[0m [2mhyper::client::pool[0m[2m:[0m pooling idle connection for ("http", 192.168.0.14:8545)
[2m2025-12-10T10:10:06.385915Z[0m [34mDEBUG[0m [2methereum_transaction_pool_monitor::eth_client[0m[2m:[0m 📡 Transaction fetch RPC completed in 5.337084ms
[2m2025-12-10T10:10:06.385930Z[0m [34mDEBUG[0m [2methereum_transaction_pool_monitor::eth_client[0m[2m:[0m DeFi transaction detected - Address: 0x514910771af9ca656af840dff83e8264ecf986ca, Type: TokenContract, Value: 0 ETH, Gas: 125.00 Gwei
[2m2025-12-10T10:10:06.385943Z[0m [34mDEBUG[0m [2methereum_transaction_pool_monitor::eth_client[0m[2m:[0m ✅ Transaction 0x36dd6073f038af4052287703200561adb1376bce22cd59c9503ff193439a4672 fetched and parsed in 5.365125ms
[2m2025-12-10T10:10:06.385949Z[0m [34mDEBUG[0m [2methereum_transaction_pool_monitor::mempool_monitor[0m[2m:[0m 🔍 Skipping tx 0x36dd6073f038af4052287703200561adb1376bce22cd59c9503ff193439a4672 - not a DEX interaction (target: 0x514910771AF9Ca656af840dff83E8264EcF986CA)
[2m2025-12-10T10:10:06.385955Z[0m [34mDEBUG[0m [2methereum_transaction_pool_monitor::mempool_monitor[0m[2m:[0m 📨 Processing new pending transaction: 0x814e775498ac63442ea347b11f5c40ae6e372249cf5f34d47ca3f9dad461b0a5
[2m2025-12-10T10:10:06.385959Z[0m [34mDEBUG[0m [2methereum_transaction_pool_monitor::mempool_monitor[0m[2m:[0m 🔍 Fetching transaction details for: 0x814e775498ac63442ea347b11f5c40ae6e372249cf5f34d47ca3f9dad461b0a5
[2m2025-12-10T10:10:06.385963Z[0m [34mDEBUG[0m [2methereum_transaction_pool_monitor::eth_client[0m[2m:[0m 🔍 Fetching transaction details for hash: 0x814e775498ac63442ea347b11f5c40ae6e372249cf5f34d47ca3f9dad461b0a5
[2m2025-12-10T10:10:06.385975Z[0m [34mDEBUG[0m [2mhyper::client::pool[0m[2m:[0m reuse idle connection for ("http", 192.168.0.14:8545)
[2m2025-12-10T10:10:06.385994Z[0m [34mDEBUG[0m [2mhyper::proto::h1::io[0m[2m:[0m flushed 250 bytes
[2m2025-12-10T10:10:06.396233Z[0m [34mDEBUG[0m [2mhyper::client::pool[0m[2m:[0m reuse idle connection for ("http", 192.168.0.14:8545)
[2m2025-12-10T10:10:06.396235Z[0m [34mDEBUG[0m [2mhyper::proto::h1::io[0m[2m:[0m parsed 4 headers
[2m2025-12-10T10:10:06.396252Z[0m [34mDEBUG[0m [2mhyper::proto::h1::conn[0m[2m:[0m incoming body is content-length (635 bytes)
[2m2025-12-10T10:10:06.396258Z[0m [34mDEBUG[0m [2mhyper::proto::h1::conn[0m[2m:[0m incoming body completed
[2m2025-12-10T10:10:06.396265Z[0m [34mDEBUG[0m [2mhyper::client::pool[0m[2m:[0m pooling idle connection for ("http", 192.168.0.14:8545)
[2m2025-12-10T10:10:06.396266Z[0m [34mDEBUG[0m [2mhyper::proto::h1::io[0m[2m:[0m flushed 172 bytes
[2m2025-12-10T10:10:06.396276Z[0m [34mDEBUG[0m [2methereum_transaction_pool_monitor::eth_client[0m[2m:[0m 📡 Transaction fetch RPC completed in 10.308709ms
[2m2025-12-10T10:10:06.400819Z[0m [34mDEBUG[0m [2mhyper::proto::h1::io[0m[2m:[0m parsed 4 headers
[2m2025-12-10T10:10:06.400826Z[0m [34mDEBUG[0m [2mhyper::proto::h1::conn[0m[2m:[0m incoming body is content-length (45 bytes)
[2m2025-12-10T10:10:06.400832Z[0m [34mDEBUG[0m [2mhyper::proto::h1::conn[0m[2m:[0m incoming body completed
[2m2025-12-10T10:10:06.400838Z[0m [34mDEBUG[0m [2mhyper::client::pool[0m[2m:[0m pooling idle connection for ("http", 192.168.0.14:8545)
[2m2025-12-10T10:10:06.468029Z[0m [34mDEBUG[0m [2methereum_transaction_pool_monitor::eth_client[0m[2m:[0m ✅ Transaction 0x814e775498ac63442ea347b11f5c40ae6e372249cf5f34d47ca3f9dad461b0a5 fetched and parsed in 82.059834ms
[2m2025-12-10T10:10:06.468059Z[0m [34mDEBUG[0m [2methereum_transaction_pool_monitor::mempool_monitor[0m[2m:[0m 🔍 Skipping tx 0x814e775498ac63442ea347b11f5c40ae6e372249cf5f34d47ca3f9dad461b0a5 - not a DEX interaction (target: 0x8A4D5dcaE55C249ae3Ab8b4835BE1B13d859fCA2)
[2m2025-12-10T10:10:06.468070Z[0m [34mDEBUG[0m [2methereum_transaction_pool_monitor::mempool_monitor[0m[2m:[0m 📨 Processing new pending transaction: 0x1c2d94b49f3caec04fa4cb6ef2203104e86185886c7f739c82ef24e243eea2f0
[2m2025-12-10T10:10:06.468077Z[0m [34mDEBUG[0m [2methereum_transaction_pool_monitor::mempool_monitor[0m[2m:[0m 🔍 Fetching transaction details for: 0x1c2d94b49f3caec04fa4cb6ef2203104e86185886c7f739c82ef24e243eea2f0
[2m2025-12-10T10:10:06.468082Z[0m [34mDEBUG[0m [2methereum_transaction_pool_monitor::eth_client[0m[2m:[0m 🔍 Fetching transaction details for hash: 0x1c2d94b49f3caec04fa4cb6ef2203104e86185886c7f739c82ef24e243eea2f0
[2m2025-12-10T10:10:06.468101Z[0m [34mDEBUG[0m [2mhyper::client::pool[0m[2m:[0m reuse idle connection for ("http", 192.168.0.14:8545)
[2m2025-12-10T10:10:06.468134Z[0m [34mDEBUG[0m [2mhyper::proto::h1::io[0m[2m:[0m flushed 250 bytes
[2m2025-12-10T10:10:06.473166Z[0m [34mDEBUG[0m [2mhyper::proto::h1::io[0m[2m:[0m parsed 4 headers
[2m2025-12-10T10:10:06.473173Z[0m [34mDEBUG[0m [2mhyper::proto::h1::conn[0m[2m:[0m incoming body is content-length (638 bytes)
[2m2025-12-10T10:10:06.473180Z[0m [34mDEBUG[0m [2mhyper::proto::h1::conn[0m[2m:[0m incoming body completed
[2m2025-12-10T10:10:06.473188Z[0m [34mDEBUG[0m [2mhyper::client::pool[0m[2m:[0m pooling idle connection for ("http", 192.168.0.14:8545)
[2m2025-12-10T10:10:06.473194Z[0m [34mDEBUG[0m [2methereum_transaction_pool_monitor::eth_client[0m[2m:[0m 📡 Transaction fetch RPC completed in 5.107792ms
[2m2025-12-10T10:10:06.544383Z[0m [34mDEBUG[0m [2methereum_transaction_pool_monitor::eth_client[0m[2m:[0m ✅ Transaction 0x1c2d94b49f3caec04fa4cb6ef2203104e86185886c7f739c82ef24e243eea2f0 fetched and parsed in 76.294209ms
[2m2025-12-10T10:10:06.544407Z[0m [34mDEBUG[0m [2methereum_transaction_pool_monitor::mempool_monitor[0m[2m:[0m 🔍 Skipping tx 0x1c2d94b49f3caec04fa4cb6ef2203104e86185886c7f739c82ef24e243eea2f0 - not a DEX interaction (target: 0xf4C1783fE8BAd64b29A50e7Ded50D224a59abe8B)
[2m2025-12-10T10:10:06.544417Z[0m [34mDEBUG[0m [2methereum_transaction_pool_monitor::mempool_monitor[0m[2m:[0m 📨 Processing new pending transaction: 0xf210109e38306ea8cc3a39b982ddf205981926217fb708a41d432b65b6ac952c
[2m2025-12-10T10:10:06.544424Z[0m [34mDEBUG[0m [2methereum_transaction_pool_monitor::mempool_monitor[0m[2m:[0m 🔍 Fetching transaction details for: 0xf210109e38306ea8cc3a39b982ddf205981926217fb708a41d432b65b6ac952c
[2m2025-12-10T10:10:06.544430Z[0m [34mDEBUG[0m [2methereum_transaction_pool_monitor::eth_client[0m[2m:[0m 🔍 Fetching transaction details for hash: 0xf210109e38306ea8cc3a39b982ddf205981926217fb708a41d432b65b6ac952c
[2m2025-12-10T10:10:06.544447Z[0m [34mDEBUG[0m [2mhyper::client::pool[0m[2m:[0m reuse idle connection for ("http", 192.168.0.14:8545)
[2m2025-12-10T10:10:06.544487Z[0m [34mDEBUG[0m [2mhyper::proto::h1::io[0m[2m:[0m flushed 250 bytes
[2m2025-12-10T10:10:06.544508Z[0m [34mDEBUG[0m [2mhyper::client::pool[0m[2m:[0m reuse idle connection for ("http", 192.168.0.14:8545)
[2m2025-12-10T10:10:06.544521Z[0m [34mDEBUG[0m [2mhyper::proto::h1::io[0m[2m:[0m flushed 172 bytes
[2m2025-12-10T10:10:06.544521Z[0m [34mDEBUG[0m [2methereum_transaction_pool_monitor::eth_client[0m[2m:[0m 📨 Received WebSocket message: {"jsonrpc":"2.0","method":"eth_subscription","params":{"subscription":"0xbed0a0851463e895960a451075a301a9","result":"0x49a05d70611f854e8fa35cd3bb9a2e0dad50b47ad9857b5c2485b3ac1e9098ca"}}
[2m2025-12-10T10:10:06.544545Z[0m [34mDEBUG[0m [2methereum_transaction_pool_monitor::eth_client[0m[2m:[0m 📨 Received pending transaction: 0x49a05d70611f854e8fa35cd3bb9a2e0dad50b47ad9857b5c2485b3ac1e9098ca
[2m2025-12-10T10:10:06.544552Z[0m [34mDEBUG[0m [2methereum_transaction_pool_monitor::eth_client[0m[2m:[0m 📨 Received WebSocket message: {"jsonrpc":"2.0","method":"eth_subscription","params":{"subscription":"0xbed0a0851463e895960a451075a301a9","result":"0x98a33e3b5c9b6c701262b3bd7b717a7c094a6b7295e4e723c97a9e5aa1c8253b"}}
[2m2025-12-10T10:10:06.544558Z[0m [34mDEBUG[0m [2methereum_transaction_pool_monitor::eth_client[0m[2m:[0m 📨 Received pending transaction: 0x98a33e3b5c9b6c701262b3bd7b717a7c094a6b7295e4e723c97a9e5aa1c8253b
[2m2025-12-10T10:10:06.548251Z[0m [34mDEBUG[0m [2mhyper::proto::h1::io[0m[2m:[0m parsed 4 headers
[2m2025-12-10T10:10:06.548256Z[0m [34mDEBUG[0m [2mhyper::proto::h1::conn[0m[2m:[0m incoming body is content-length (638 bytes)
[2m2025-12-10T10:10:06.548262Z[0m [34mDEBUG[0m [2mhyper::proto::h1::conn[0m[2m:[0m incoming body completed
[2m2025-12-10T10:10:06.548270Z[0m [34mDEBUG[0m [2mhyper::client::pool[0m[2m:[0m pooling idle connection for ("http", 192.168.0.14:8545)
[2m2025-12-10T10:10:06.548276Z[0m [34mDEBUG[0m [2methereum_transaction_pool_monitor::eth_client[0m[2m:[0m 📡 Transaction fetch RPC completed in 3.841041ms
[2m2025-12-10T10:10:06.619759Z[0m [34mDEBUG[0m [2methereum_transaction_pool_monitor::eth_client[0m[2m:[0m ✅ Transaction 0xf210109e38306ea8cc3a39b982ddf205981926217fb708a41d432b65b6ac952c fetched and parsed in 75.321958ms
[2m2025-12-10T10:10:06.619789Z[0m [34mDEBUG[0m [2methereum_transaction_pool_monitor::mempool_monitor[0m[2m:[0m 🔍 Skipping tx 0xf210109e38306ea8cc3a39b982ddf205981926217fb708a41d432b65b6ac952c - not a DEX interaction (target: 0x042e8c262EFe794b84860978e7368A7131D70b5C)
[2m2025-12-10T10:10:06.619800Z[0m [34mDEBUG[0m [2methereum_transaction_pool_monitor::mempool_monitor[0m[2m:[0m 📨 Processing new pending transaction: 0x133e6c9c2a2f453351bbe90f020cdeb92ada8772c275ee34d61c28d1bc4a32da
[2m2025-12-10T10:10:06.619812Z[0m [34mDEBUG[0m [2methereum_transaction_pool_monitor::mempool_monitor[0m[2m:[0m 🔍 Fetching transaction details for: 0x133e6c9c2a2f453351bbe90f020cdeb92ada8772c275ee34d61c28d1bc4a32da
[2m2025-12-10T10:10:06.619822Z[0m [34mDEBUG[0m [2methereum_transaction_pool_monitor::eth_client[0m[2m:[0m 🔍 Fetching transaction details for hash: 0x133e6c9c2a2f453351bbe90f020cdeb92ada8772c275ee34d61c28d1bc4a32da
[2m2025-12-10T10:10:06.619844Z[0m [34mDEBUG[0m [2mhyper::client::pool[0m[2m:[0m reuse idle connection for ("http", 192.168.0.14:8545)
[2m2025-12-10T10:10:06.619883Z[0m [34mDEBUG[0m [2mhyper::proto::h1::io[0m[2m:[0m flushed 250 bytes
[2m2025-12-10T10:10:06.619907Z[0m [34mDEBUG[0m [2methereum_transaction_pool_monitor::eth_client[0m[2m:[0m 📨 Received WebSocket message: {"jsonrpc":"2.0","method":"eth_subscription","params":{"subscription":"0xbed0a0851463e895960a451075a301a9","result":"0xabf5d96775ce21b188765a01bbe5ae40eca8eb28451fdb5a5feb105a60e7b074"}}
[2m2025-12-10T10:10:06.619908Z[0m [34mDEBUG[0m [2mhyper::proto::h1::io[0m[2m:[0m parsed 4 headers
[2m2025-12-10T10:10:06.619955Z[0m [34mDEBUG[0m [2mhyper::proto::h1::conn[0m[2m:[0m incoming body is content-length (45 bytes)
[2m2025-12-10T10:10:06.619967Z[0m [34mDEBUG[0m [2mhyper::proto::h1::conn[0m[2m:[0m incoming body completed
[2m2025-12-10T10:10:06.619918Z[0m [34mDEBUG[0m [2methereum_transaction_pool_monitor::eth_client[0m[2m:[0m 📨 Received pending transaction: 0xabf5d96775ce21b188765a01bbe5ae40eca8eb28451fdb5a5feb105a60e7b074
[2m2025-12-10T10:10:06.619979Z[0m [34mDEBUG[0m [2mhyper::client::pool[0m[2m:[0m pooling idle connection for ("http", 192.168.0.14:8545)
[2m2025-12-10T10:10:06.619985Z[0m [34mDEBUG[0m [2methereum_transaction_pool_monitor::eth_client[0m[2m:[0m 📨 Received WebSocket message: {"jsonrpc":"2.0","method":"eth_subscription","params":{"subscription":"0xbed0a0851463e895960a451075a301a9","result":"0x0455f570d42fdf6c24e07e611b5ea98f17e2163e8c4d9f9ad96a917981946750"}}
[2m2025-12-10T10:10:06.619996Z[0m [34mDEBUG[0m [2methereum_transaction_pool_monitor::eth_client[0m[2m:[0m 📨 Received pending transaction: 0x0455f570d42fdf6c24e07e611b5ea98f17e2163e8c4d9f9ad96a917981946750
[2m2025-12-10T10:10:06.620002Z[0m [34mDEBUG[0m [2mhyper::client::pool[0m[2m:[0m reuse idle connection for ("http", 192.168.0.14:8545)
[2m2025-12-10T10:10:06.620016Z[0m [34mDEBUG[0m [2mhyper::proto::h1::io[0m[2m:[0m flushed 172 bytes
[2m2025-12-10T10:10:06.630854Z[0m [34mDEBUG[0m [2mhyper::proto::h1::io[0m[2m:[0m parsed 4 headers
[2m2025-12-10T10:10:06.630878Z[0m [34mDEBUG[0m [2mhyper::proto::h1::conn[0m[2m:[0m incoming body is content-length (45 bytes)
[2m2025-12-10T10:10:06.630894Z[0m [34mDEBUG[0m [2mhyper::proto::h1::conn[0m[2m:[0m incoming body completed
[2m2025-12-10T10:10:06.630914Z[0m [34mDEBUG[0m [2mhyper::client::pool[0m[2m:[0m pooling idle connection for ("http", 192.168.0.14:8545)
[2m2025-12-10T10:10:06.630945Z[0m [34mDEBUG[0m [2mhyper::proto::h1::io[0m[2m:[0m parsed 4 headers
[2m2025-12-10T10:10:06.630949Z[0m [34mDEBUG[0m [2mhyper::proto::h1::conn[0m[2m:[0m incoming body is content-length (551 bytes)
[2m2025-12-10T10:10:06.630954Z[0m [34mDEBUG[0m [2mhyper::proto::h1::conn[0m[2m:[0m incoming body completed
[2m2025-12-10T10:10:06.630961Z[0m [34mDEBUG[0m [2mhyper::client::pool[0m[2m:[0m pooling idle connection for ("http", 192.168.0.14:8545)
[2m2025-12-10T10:10:06.630977Z[0m [34mDEBUG[0m [2methereum_transaction_pool_monitor::eth_client[0m[2m:[0m 📡 Transaction fetch RPC completed in 11.147292ms
[2m2025-12-10T10:10:06.702513Z[0m [34mDEBUG[0m [2methereum_transaction_pool_monitor::eth_client[0m[2m:[0m ✅ Transaction 0x133e6c9c2a2f453351bbe90f020cdeb92ada8772c275ee34d61c28d1bc4a32da fetched and parsed in 82.68025ms
[2m2025-12-10T10:10:06.702541Z[0m [34mDEBUG[0m [2methereum_transaction_pool_monitor::mempool_monitor[0m[2m:[0m 🔍 Skipping tx 0x133e6c9c2a2f453351bbe90f020cdeb92ada8772c275ee34d61c28d1bc4a32da - not a DEX interaction (target: 0xEbA88149813BEc1cCcccFDb0daCEFaaa5DE94cB1)
[2m2025-12-10T10:10:06.702551Z[0m [34mDEBUG[0m [2methereum_transaction_pool_monitor::mempool_monitor[0m[2m:[0m 📨 Processing new pending transaction: 0xcbf041effde7d51d358b64aa7672338d20d36a1cbde36efa4817c88d147a2956
[2m2025-12-10T10:10:06.702566Z[0m [34mDEBUG[0m [2methereum_transaction_pool_monitor::mempool_monitor[0m[2m:[0m 🔍 Fetching transaction details for: 0xcbf041effde7d51d358b64aa7672338d20d36a1cbde36efa4817c88d147a2956
[2m2025-12-10T10:10:06.702577Z[0m [34mDEBUG[0m [2methereum_transaction_pool_monitor::eth_client[0m[2m:[0m 🔍 Fetching transaction details for hash: 0xcbf041effde7d51d358b64aa7672338d20d36a1cbde36efa4817c88d147a2956
[2m2025-12-10T10:10:06.702600Z[0m [34mDEBUG[0m [2mhyper::client::pool[0m[2m:[0m reuse idle connection for ("http", 192.168.0.14:8545)
[2m2025-12-10T10:10:06.702642Z[0m [34mDEBUG[0m [2mhyper::proto::h1::io[0m[2m:[0m flushed 250 bytes
[2m2025-12-10T10:10:06.702671Z[0m [34mDEBUG[0m [2mhyper::client::pool[0m[2m:[0m reuse idle connection for ("http", 192.168.0.14:8545)
[2m2025-12-10T10:10:06.702687Z[0m [34mDEBUG[0m [2mhyper::proto::h1::io[0m[2m:[0m flushed 172 bytes
[2m2025-12-10T10:10:06.707823Z[0m [34mDEBUG[0m [2mhyper::proto::h1::io[0m[2m:[0m parsed 4 headers
[2m2025-12-10T10:10:06.707830Z[0m [34mDEBUG[0m [2mhyper::proto::h1::conn[0m[2m:[0m incoming body is content-length (45 bytes)
[2m2025-12-10T10:10:06.707840Z[0m [34mDEBUG[0m [2mhyper::proto::h1::conn[0m[2m:[0m incoming body completed
[2m2025-12-10T10:10:06.707851Z[0m [34mDEBUG[0m [2mhyper::client::pool[0m[2m:[0m pooling idle connection for ("http", 192.168.0.14:8545)
[2m2025-12-10T10:10:06.711425Z[0m [34mDEBUG[0m [2mhyper::proto::h1::io[0m[2m:[0m parsed 4 headers
[2m2025-12-10T10:10:06.711435Z[0m [34mDEBUG[0m [2mhyper::proto::h1::conn[0m[2m:[0m incoming body is content-length (636 bytes)
[2m2025-12-10T10:10:06.711441Z[0m [34mDEBUG[0m [2mhyper::proto::h1::conn[0m[2m:[0m incoming body completed
[2m2025-12-10T10:10:06.711449Z[0m [34mDEBUG[0m [2mhyper::client::pool[0m[2m:[0m pooling idle connection for ("http", 192.168.0.14:8545)
[2m2025-12-10T10:10:06.711454Z[0m [34mDEBUG[0m [2methereum_transaction_pool_monitor::eth_client[0m[2m:[0m 📡 Transaction fetch RPC completed in 8.8685ms
[2m2025-12-10T10:10:06.782388Z[0m [34mDEBUG[0m [2methereum_transaction_pool_monitor::eth_client[0m[2m:[0m ✅ Transaction 0xcbf041effde7d51d358b64aa7672338d20d36a1cbde36efa4817c88d147a2956 fetched and parsed in 79.799959ms
[2m2025-12-10T10:10:06.782416Z[0m [34mDEBUG[0m [2methereum_transaction_pool_monitor::mempool_monitor[0m[2m:[0m 🔍 Skipping tx 0xcbf041effde7d51d358b64aa7672338d20d36a1cbde36efa4817c88d147a2956 - not a DEX interaction (target: 0x3d110A42B90eB6AeB7BD6Bb9291d6a5BCF5f315a)
[2m2025-12-10T10:10:06.782428Z[0m [34mDEBUG[0m [2methereum_transaction_pool_monitor::mempool_monitor[0m[2m:[0m 📨 Processing new pending transaction: 0xee88fb44cf1e06f151bebbbd4fa1090bef5d6e8610bc46c0033bc20d07a94494
[2m2025-12-10T10:10:06.782442Z[0m [34mDEBUG[0m [2methereum_transaction_pool_monitor::mempool_monitor[0m[2m:[0m 🔍 Fetching transaction details for: 0xee88fb44cf1e06f151bebbbd4fa1090bef5d6e8610bc46c0033bc20d07a94494
[2m2025-12-10T10:10:06.782448Z[0m [34mDEBUG[0m [2methereum_transaction_pool_monitor::eth_client[0m[2m:[0m 🔍 Fetching transaction details for hash: 0xee88fb44cf1e06f151bebbbd4fa1090bef5d6e8610bc46c0033bc20d07a94494
[2m2025-12-10T10:10:06.782468Z[0m [34mDEBUG[0m [2mhyper::client::pool[0m[2m:[0m reuse idle connection for ("http", 192.168.0.14:8545)
[2m2025-12-10T10:10:06.782506Z[0m [34mDEBUG[0m [2mhyper::proto::h1::io[0m[2m:[0m flushed 250 bytes
[2m2025-12-10T10:10:06.782526Z[0m [34mDEBUG[0m [2methereum_transaction_pool_monitor::eth_client[0m[2m:[0m 📨 Received WebSocket message: {"jsonrpc":"2.0","method":"eth_subscription","params":{"subscription":"0xbed0a0851463e895960a451075a301a9","result":"0xe1e19e32e242e7086f08a48e7ff650ae3e4482d492e18f1bb0384489736dc180"}}
[2m2025-12-10T10:10:06.782535Z[0m [34mDEBUG[0m [2methereum_transaction_pool_monitor::eth_client[0m[2m:[0m 📨 Received pending transaction: 0xe1e19e32e242e7086f08a48e7ff650ae3e4482d492e18f1bb0384489736dc180
[2m2025-12-10T10:10:06.782542Z[0m [34mDEBUG[0m [2methereum_transaction_pool_monitor::eth_client[0m[2m:[0m 📨 Received WebSocket message: {"jsonrpc":"2.0","method":"eth_subscription","params":{"subscription":"0xbed0a0851463e895960a451075a301a9","result":"0xc008abf8aff86e41a0f475a5cdd988a1b22d7f21bebaec645571b41491f7de39"}}
[2m2025-12-10T10:10:06.782548Z[0m [34mDEBUG[0m [2methereum_transaction_pool_monitor::eth_client[0m[2m:[0m 📨 Received pending transaction: 0xc008abf8aff86e41a0f475a5cdd988a1b22d7f21bebaec645571b41491f7de39
[2m2025-12-10T10:10:06.786150Z[0m [34mDEBUG[0m [2mhyper::proto::h1::io[0m[2m:[0m parsed 4 headers
[2m2025-12-10T10:10:06.786162Z[0m [34mDEBUG[0m [2mhyper::proto::h1::conn[0m[2m:[0m incoming body is content-length (632 bytes)
[2m2025-12-10T10:10:06.786170Z[0m [34mDEBUG[0m [2mhyper::proto::h1::conn[0m[2m:[0m incoming body completed
[2m2025-12-10T10:10:06.786179Z[0m [34mDEBUG[0m [2mhyper::client::pool[0m[2m:[0m pooling idle connection for ("http", 192.168.0.14:8545)
[2m2025-12-10T10:10:06.786186Z[0m [34mDEBUG[0m [2methereum_transaction_pool_monitor::eth_client[0m[2m:[0m 📡 Transaction fetch RPC completed in 3.730459ms
[2m2025-12-10T10:10:06.856559Z[0m [34mDEBUG[0m [2methereum_transaction_pool_monitor::eth_client[0m[2m:[0m ✅ Transaction 0xee88fb44cf1e06f151bebbbd4fa1090bef5d6e8610bc46c0033bc20d07a94494 fetched and parsed in 74.101417ms
[2m2025-12-10T10:10:06.856585Z[0m [34mDEBUG[0m [2methereum_transaction_pool_monitor::mempool_monitor[0m[2m:[0m 🔍 Skipping tx 0xee88fb44cf1e06f151bebbbd4fa1090bef5d6e8610bc46c0033bc20d07a94494 - not a DEX interaction (target: 0xFa6fe6cd644c6b303e61b100c59D0d8C77Aa8224)
[2m2025-12-10T10:10:06.856596Z[0m [34mDEBUG[0m [2methereum_transaction_pool_monitor::mempool_monitor[0m[2m:[0m 📨 Processing new pending transaction: 0xca576287372e33ffc76472083b447d94db59bd3e5fdb12663bb5245baccd5f5f
[2m2025-12-10T10:10:06.856603Z[0m [34mDEBUG[0m [2methereum_transaction_pool_monitor::mempool_monitor[0m[2m:[0m 🔍 Fetching transaction details for: 0xca576287372e33ffc76472083b447d94db59bd3e5fdb12663bb5245baccd5f5f
[2m2025-12-10T10:10:06.856608Z[0m [34mDEBUG[0m [2methereum_transaction_pool_monitor::eth_client[0m[2m:[0m 🔍 Fetching transaction details for hash: 0xca576287372e33ffc76472083b447d94db59bd3e5fdb12663bb5245baccd5f5f
[2m2025-12-10T10:10:06.856627Z[0m [34mDEBUG[0m [2mhyper::client::pool[0m[2m:[0m reuse idle connection for ("http", 192.168.0.14:8545)
[2m2025-12-10T10:10:06.856670Z[0m [34mDEBUG[0m [2mhyper::proto::h1::io[0m[2m:[0m flushed 250 bytes
[2m2025-12-10T10:10:06.856690Z[0m [34mDEBUG[0m [2mhyper::client::pool[0m[2m:[0m reuse idle connection for ("http", 192.168.0.14:8545)
[2m2025-12-10T10:10:06.856703Z[0m [34mDEBUG[0m [2mhyper::proto::h1::io[0m[2m:[0m flushed 172 bytes
[2m2025-12-10T10:10:06.856766Z[0m [34mDEBUG[0m [2methereum_transaction_pool_monitor::eth_client[0m[2m:[0m 📨 Received WebSocket message: {"jsonrpc":"2.0","method":"eth_subscription","params":{"subscription":"0xbed0a0851463e895960a451075a301a9","result":"0x9a43d600f38b9cc68baa0f49ef7539ce6aaaa27bad6002e0c9ba8df4cc9e6cda"}}
[2m2025-12-10T10:10:06.856775Z[0m [34mDEBUG[0m [2methereum_transaction_pool_monitor::eth_client[0m[2m:[0m 📨 Received pending transaction: 0x9a43d600f38b9cc68baa0f49ef7539ce6aaaa27bad6002e0c9ba8df4cc9e6cda
[2m2025-12-10T10:10:06.863825Z[0m [34mDEBUG[0m [2mhyper::proto::h1::io[0m[2m:[0m parsed 4 headers
[2m2025-12-10T10:10:06.863836Z[0m [34mDEBUG[0m [2mhyper::proto::h1::conn[0m[2m:[0m incoming body is content-length (638 bytes)
[2m2025-12-10T10:10:06.863843Z[0m [34mDEBUG[0m [2mhyper::proto::h1::conn[0m[2m:[0m incoming body completed
[2m2025-12-10T10:10:06.863852Z[0m [34mDEBUG[0m [2mhyper::client::pool[0m[2m:[0m pooling idle connection for ("http", 192.168.0.14:8545)
[2m2025-12-10T10:10:06.863859Z[0m [34mDEBUG[0m [2methereum_transaction_pool_monitor::eth_client[0m[2m:[0m 📡 Transaction fetch RPC completed in 7.245791ms
[2m2025-12-10T10:10:06.934517Z[0m [34mDEBUG[0m [2methereum_transaction_pool_monitor::eth_client[0m[2m:[0m ✅ Transaction 0xca576287372e33ffc76472083b447d94db59bd3e5fdb12663bb5245baccd5f5f fetched and parsed in 77.901916ms
[2m2025-12-10T10:10:06.934544Z[0m [34mDEBUG[0m [2methereum_transaction_pool_monitor::mempool_monitor[0m[2m:[0m 🔍 Skipping tx 0xca576287372e33ffc76472083b447d94db59bd3e5fdb12663bb5245baccd5f5f - not a DEX interaction (target: 0x807266ebfBf9010aF0d56502044E7a68D332f161)
[2m2025-12-10T10:10:06.934555Z[0m [34mDEBUG[0m [2methereum_transaction_pool_monitor::mempool_monitor[0m[2m:[0m 📨 Processing new pending transaction: 0x2965104207de6b7ae8fa83ce29fb81ddd5b485551273bb62d82b1c4710412f68
[2m2025-12-10T10:10:06.934562Z[0m [34mDEBUG[0m [2methereum_transaction_pool_monitor::mempool_monitor[0m[2m:[0m 🔍 Fetching transaction details for: 0x2965104207de6b7ae8fa83ce29fb81ddd5b485551273bb62d82b1c4710412f68
[2m2025-12-10T10:10:06.934568Z[0m [34mDEBUG[0m [2methereum_transaction_pool_monitor::eth_client[0m[2m:[0m 🔍 Fetching transaction details for hash: 0x2965104207de6b7ae8fa83ce29fb81ddd5b485551273bb62d82b1c4710412f68
[2m2025-12-10T10:10:06.934586Z[0m [34mDEBUG[0m [2mhyper::client::pool[0m[2m:[0m reuse idle connection for ("http", 192.168.0.14:8545)
[2m2025-12-10T10:10:06.934621Z[0m [34mDEBUG[0m [2mhyper::proto::h1::io[0m[2m:[0m flushed 250 bytes
[2m2025-12-10T10:10:06.934638Z[0m [34mDEBUG[0m [2mhyper::proto::h1::io[0m[2m:[0m parsed 4 headers
[2m2025-12-10T10:10:06.934644Z[0m [34mDEBUG[0m [2mhyper::proto::h1::conn[0m[2m:[0m incoming body is content-length (45 bytes)
[2m2025-12-10T10:10:06.934652Z[0m [34mDEBUG[0m [2mhyper::proto::h1::conn[0m[2m:[0m incoming body completed
[2m2025-12-10T10:10:06.934661Z[0m [34mDEBUG[0m [2mhyper::client::pool[0m[2m:[0m pooling idle connection for ("http", 192.168.0.14:8545)
[2m2025-12-10T10:10:06.934676Z[0m [34mDEBUG[0m [2mhyper::client::pool[0m[2m:[0m reuse idle connection for ("http", 192.168.0.14:8545)
[2m2025-12-10T10:10:06.934691Z[0m [34mDEBUG[0m [2mhyper::proto::h1::io[0m[2m:[0m flushed 172 bytes
[2m2025-12-10T10:10:06.941804Z[0m [34mDEBUG[0m [2mhyper::proto::h1::io[0m[2m:[0m parsed 4 headers
[2m2025-12-10T10:10:06.941815Z[0m [34mDEBUG[0m [2mhyper::proto::h1::conn[0m[2m:[0m incoming body is content-length (45 bytes)
[2m2025-12-10T10:10:06.941822Z[0m [34mDEBUG[0m [2mhyper::proto::h1::conn[0m[2m:[0m incoming body completed
[2m2025-12-10T10:10:06.941831Z[0m [34mDEBUG[0m [2mhyper::client::pool[0m[2m:[0m pooling idle connection for ("http", 192.168.0.14:8545)
[2m2025-12-10T10:10:06.944106Z[0m [34mDEBUG[0m [2mhyper::proto::h1::io[0m[2m:[0m parsed 4 headers
[2m2025-12-10T10:10:06.944113Z[0m [34mDEBUG[0m [2mhyper::proto::h1::conn[0m[2m:[0m incoming body is content-length (639 bytes)
[2m2025-12-10T10:10:06.944118Z[0m [34mDEBUG[0m [2mhyper::proto::h1::conn[0m[2m:[0m incoming body completed
[2m2025-12-10T10:10:06.944124Z[0m [34mDEBUG[0m [2mhyper::client::pool[0m[2m:[0m pooling idle connection for ("http", 192.168.0.14:8545)
[2m2025-12-10T10:10:06.944129Z[0m [34mDEBUG[0m [2methereum_transaction_pool_monitor::eth_client[0m[2m:[0m 📡 Transaction fetch RPC completed in 9.556917ms
[2m2025-12-10T10:10:07.015616Z[0m [34mDEBUG[0m [2methereum_transaction_pool_monitor::eth_client[0m[2m:[0m ✅ Transaction 0x2965104207de6b7ae8fa83ce29fb81ddd5b485551273bb62d82b1c4710412f68 fetched and parsed in 81.041ms
[2m2025-12-10T10:10:07.015643Z[0m [34mDEBUG[0m [2methereum_transaction_pool_monitor::mempool_monitor[0m[2m:[0m 🔍 Skipping tx 0x2965104207de6b7ae8fa83ce29fb81ddd5b485551273bb62d82b1c4710412f68 - not a DEX interaction (target: 0x867e549517966D0C1d8a23dD01164e02C091B86F)
[2m2025-12-10T10:10:07.015654Z[0m [34mDEBUG[0m [2methereum_transaction_pool_monitor::mempool_monitor[0m[2m:[0m 📨 Processing new pending transaction: 0xbbaf3cd53e25a58de798c44c3d2b158712a9dd0013e67bce96e942e9662abff9
[2m2025-12-10T10:10:07.015665Z[0m [34mDEBUG[0m [2methereum_transaction_pool_monitor::mempool_monitor[0m[2m:[0m 🔍 Fetching transaction details for: 0xbbaf3cd53e25a58de798c44c3d2b158712a9dd0013e67bce96e942e9662abff9
[2m2025-12-10T10:10:07.015672Z[0m [34mDEBUG[0m [2methereum_transaction_pool_monitor::eth_client[0m[2m:[0m 🔍 Fetching transaction details for hash: 0xbbaf3cd53e25a58de798c44c3d2b158712a9dd0013e67bce96e942e9662abff9
[2m2025-12-10T10:10:07.015693Z[0m [34mDEBUG[0m [2mhyper::client::pool[0m[2m:[0m reuse idle connection for ("http", 192.168.0.14:8545)
[2m2025-12-10T10:10:07.015741Z[0m [34mDEBUG[0m [2mhyper::proto::h1::io[0m[2m:[0m flushed 250 bytes
[2m2025-12-10T10:10:07.015777Z[0m [34mDEBUG[0m [2mhyper::client::pool[0m[2m:[0m reuse idle connection for ("http", 192.168.0.14:8545)
[2m2025-12-10T10:10:07.015799Z[0m [34mDEBUG[0m [2mhyper::proto::h1::io[0m[2m:[0m flushed 172 bytes
[2m2025-12-10T10:10:07.019553Z[0m [34mDEBUG[0m [2mhyper::proto::h1::io[0m[2m:[0m parsed 4 headers
[2m2025-12-10T10:10:07.019562Z[0m [34mDEBUG[0m [2mhyper::proto::h1::conn[0m[2m:[0m incoming body is content-length (45 bytes)
[2m2025-12-10T10:10:07.019570Z[0m [34mDEBUG[0m [2mhyper::proto::h1::conn[0m[2m:[0m incoming body completed
[2m2025-12-10T10:10:07.019582Z[0m [34mDEBUG[0m [2mhyper::client::pool[0m[2m:[0m pooling idle connection for ("http", 192.168.0.14:8545)
[2m2025-12-10T10:10:07.019602Z[0m [34mDEBUG[0m [2mhyper::proto::h1::io[0m[2m:[0m parsed 4 headers
[2m2025-12-10T10:10:07.019607Z[0m [34mDEBUG[0m [2mhyper::proto::h1::conn[0m[2m:[0m incoming body is content-length (638 bytes)
[2m2025-12-10T10:10:07.019612Z[0m [34mDEBUG[0m [2mhyper::proto::h1::conn[0m[2m:[0m incoming body completed
[2m2025-12-10T10:10:07.019617Z[0m [34mDEBUG[0m [2mhyper::client::pool[0m[2m:[0m pooling idle connection for ("http", 192.168.0.14:8545)
[2m2025-12-10T10:10:07.019622Z[0m [34mDEBUG[0m [2methereum_transaction_pool_monitor::eth_client[0m[2m:[0m 📡 Transaction fetch RPC completed in 3.942166ms
[2m2025-12-10T10:10:07.091375Z[0m [34mDEBUG[0m [2methereum_transaction_pool_monitor::eth_client[0m[2m:[0m ✅ Transaction 0xbbaf3cd53e25a58de798c44c3d2b158712a9dd0013e67bce96e942e9662abff9 fetched and parsed in 75.693166ms
[2m2025-12-10T10:10:07.091400Z[0m [34mDEBUG[0m [2methereum_transaction_pool_monitor::mempool_monitor[0m[2m:[0m 🔍 Skipping tx 0xbbaf3cd53e25a58de798c44c3d2b158712a9dd0013e67bce96e942e9662abff9 - not a DEX interaction (target: 0xc3B3D6061E291d3f098E5caF78433bC4CC4b77D7)
[2m2025-12-10T10:10:07.091408Z[0m [34mDEBUG[0m [2methereum_transaction_pool_monitor::mempool_monitor[0m[2m:[0m 📨 Processing new pending transaction: 0x52297671f52bc663298f1052446c19ac1c6342919d144b3eefc973fc66d5550f
[2m2025-12-10T10:10:07.091413Z[0m [34mDEBUG[0m [2methereum_transaction_pool_monitor::mempool_monitor[0m[2m:[0m 🔍 Fetching transaction details for: 0x52297671f52bc663298f1052446c19ac1c6342919d144b3eefc973fc66d5550f
[2m2025-12-10T10:10:07.091418Z[0m [34mDEBUG[0m [2methereum_transaction_pool_monitor::eth_client[0m[2m:[0m 🔍 Fetching transaction details for hash: 0x52297671f52bc663298f1052446c19ac1c6342919d144b3eefc973fc66d5550f
[2m2025-12-10T10:10:07.091433Z[0m [34mDEBUG[0m [2mhyper::client::pool[0m[2m:[0m reuse idle connection for ("http", 192.168.0.14:8545)
[2m2025-12-10T10:10:07.091482Z[0m [34mDEBUG[0m [2mhyper::proto::h1::io[0m[2m:[0m flushed 250 bytes
[2m2025-12-10T10:10:07.091502Z[0m [34mDEBUG[0m [2methereum_transaction_pool_monitor::eth_client[0m[2m:[0m 📨 Received WebSocket message: {"jsonrpc":"2.0","method":"eth_subscription","params":{"subscription":"0xbed0a0851463e895960a451075a301a9","result":"0xa1ed9a38b071eb73a92f4192c1ca9cb054c116ee311d60ada94560be41dbd820"}}
[2m2025-12-10T10:10:07.091510Z[0m [34mDEBUG[0m [2methereum_transaction_pool_monitor::eth_client[0m[2m:[0m 📨 Received pending transaction: 0xa1ed9a38b071eb73a92f4192c1ca9cb054c116ee311d60ada94560be41dbd820
[2m2025-12-10T10:10:07.091515Z[0m [34mDEBUG[0m [2methereum_transaction_pool_monitor::eth_client[0m[2m:[0m 📨 Received WebSocket message: {"jsonrpc":"2.0","method":"eth_subscription","params":{"subscription":"0xbed0a0851463e895960a451075a301a9","result":"0xb582e8572150dbda53c7f988c563f1c83dc3911f1b327a063523b150e9127cb7"}}
[2m2025-12-10T10:10:07.091522Z[0m [34mDEBUG[0m [2methereum_transaction_pool_monitor::eth_client[0m[2m:[0m 📨 Received pending transaction: 0xb582e8572150dbda53c7f988c563f1c83dc3911f1b327a063523b150e9127cb7
[2m2025-12-10T10:10:07.096887Z[0m [34mDEBUG[0m [2mhyper::client::pool[0m[2m:[0m reuse idle connection for ("http", 192.168.0.14:8545)
[2m2025-12-10T10:10:07.096886Z[0m [34mDEBUG[0m [2mhyper::proto::h1::io[0m[2m:[0m parsed 4 headers
[2m2025-12-10T10:10:07.096909Z[0m [34mDEBUG[0m [2mhyper::proto::h1::conn[0m[2m:[0m incoming body is content-length (638 bytes)
[2m2025-12-10T10:10:07.096918Z[0m [34mDEBUG[0m [2mhyper::proto::h1::conn[0m[2m:[0m incoming body completed
[2m2025-12-10T10:10:07.096924Z[0m [34mDEBUG[0m [2mhyper::proto::h1::io[0m[2m:[0m flushed 172 bytes
[2m2025-12-10T10:10:07.096926Z[0m [34mDEBUG[0m [2mhyper::client::pool[0m[2m:[0m pooling idle connection for ("http", 192.168.0.14:8545)
[2m2025-12-10T10:10:07.096937Z[0m [34mDEBUG[0m [2methereum_transaction_pool_monitor::eth_client[0m[2m:[0m 📡 Transaction fetch RPC completed in 5.515083ms
[2m2025-12-10T10:10:07.103676Z[0m [34mDEBUG[0m [2mhyper::proto::h1::io[0m[2m:[0m parsed 4 headers
[2m2025-12-10T10:10:07.103714Z[0m [34mDEBUG[0m [2mhyper::proto::h1::conn[0m[2m:[0m incoming body is content-length (45 bytes)
[2m2025-12-10T10:10:07.103734Z[0m [34mDEBUG[0m [2mhyper::proto::h1::conn[0m[2m:[0m incoming body completed
[2m2025-12-10T10:10:07.103756Z[0m [34mDEBUG[0m [2mhyper::client::pool[0m[2m:[0m pooling idle connection for ("http", 192.168.0.14:8545)
[2m2025-12-10T10:10:07.113919Z[0m [34mDEBUG[0m [2methereum_transaction_pool_monitor::eth_client[0m[2m:[0m 📨 Received WebSocket message: {"jsonrpc":"2.0","method":"eth_subscription","params":{"subscription":"0xbed0a0851463e895960a451075a301a9","result":"0x72d5b5c85181fecd71670371c8decb9d7a325247f9e5093b9c9168f4bd6c099b"}}
[2m2025-12-10T10:10:07.113948Z[0m [34mDEBUG[0m [2methereum_transaction_pool_monitor::eth_client[0m[2m:[0m 📨 Received pending transaction: 0x72d5b5c85181fecd71670371c8decb9d7a325247f9e5093b9c9168f4bd6c099b
[2m2025-12-10T10:10:07.166529Z[0m [34mDEBUG[0m [2methereum_transaction_pool_monitor::eth_client[0m[2m:[0m ✅ Transaction 0x52297671f52bc663298f1052446c19ac1c6342919d144b3eefc973fc66d5550f fetched and parsed in 75.104666ms
[2m2025-12-10T10:10:07.166550Z[0m [34mDEBUG[0m [2methereum_transaction_pool_monitor::mempool_monitor[0m[2m:[0m 🔍 Skipping tx 0x52297671f52bc663298f1052446c19ac1c6342919d144b3eefc973fc66d5550f - not a DEX interaction (target: 0xB298bCDa88cDeD557e32E35B7D0791f68D7f3a1c)
[2m2025-12-10T10:10:07.166559Z[0m [34mDEBUG[0m [2methereum_transaction_pool_monitor::mempool_monitor[0m[2m:[0m 📨 Processing new pending transaction: 0x7977f5dc134449148042c6f683614dc352d5010e1ccc307b77c94fff5778bf4d
[2m2025-12-10T10:10:07.166564Z[0m [34mDEBUG[0m [2methereum_transaction_pool_monitor::mempool_monitor[0m[2m:[0m 🔍 Fetching transaction details for: 0x7977f5dc134449148042c6f683614dc352d5010e1ccc307b77c94fff5778bf4d
[2m2025-12-10T10:10:07.166569Z[0m [34mDEBUG[0m [2methereum_transaction_pool_monitor::eth_client[0m[2m:[0m 🔍 Fetching transaction details for hash: 0x7977f5dc134449148042c6f683614dc352d5010e1ccc307b77c94fff5778bf4d
[2m2025-12-10T10:10:07.166588Z[0m [34mDEBUG[0m [2mhyper::client::pool[0m[2m:[0m reuse idle connection for ("http", 192.168.0.14:8545)
[2m2025-12-10T10:10:07.166643Z[0m [34mDEBUG[0m [2mhyper::proto::h1::io[0m[2m:[0m flushed 250 bytes
[2m2025-12-10T10:10:07.173032Z[0m [34mDEBUG[0m [2mhyper::proto::h1::io[0m[2m:[0m parsed 4 headers
[2m2025-12-10T10:10:07.173045Z[0m [34mDEBUG[0m [2mhyper::proto::h1::conn[0m[2m:[0m incoming body is content-length (637 bytes)
[2m2025-12-10T10:10:07.173053Z[0m [34mDEBUG[0m [2mhyper::proto::h1::conn[0m[2m:[0m incoming body completed
[2m2025-12-10T10:10:07.173065Z[0m [34mDEBUG[0m [2mhyper::client::pool[0m[2m:[0m pooling idle connection for ("http", 192.168.0.14:8545)
[2m2025-12-10T10:10:07.173072Z[0m [34mDEBUG[0m [2methereum_transaction_pool_monitor::eth_client[0m[2m:[0m 📡 Transaction fetch RPC completed in 6.499458ms
[2m2025-12-10T10:10:07.244686Z[0m [34mDEBUG[0m [2methereum_transaction_pool_monitor::eth_client[0m[2m:[0m ✅ Transaction 0x7977f5dc134449148042c6f683614dc352d5010e1ccc307b77c94fff5778bf4d fetched and parsed in 78.110375ms
[2m2025-12-10T10:10:07.244721Z[0m [34mDEBUG[0m [2methereum_transaction_pool_monitor::mempool_monitor[0m[2m:[0m 🔍 Skipping tx 0x7977f5dc134449148042c6f683614dc352d5010e1ccc307b77c94fff5778bf4d - not a DEX interaction (target: 0xaA1C38a42B0D08AF61f0E036434dc3A05227BBeC)
[2m2025-12-10T10:10:07.244736Z[0m [34mDEBUG[0m [2methereum_transaction_pool_monitor::mempool_monitor[0m[2m:[0m 📨 Processing new pending transaction: 0x6205b2f3d38bec6133f67761e9314454d3d223ef4cb8f6c849bd2c73420ae5a4
[2m2025-12-10T10:10:07.244744Z[0m [34mDEBUG[0m [2methereum_transaction_pool_monitor::mempool_monitor[0m[2m:[0m 🔍 Fetching transaction details for: 0x6205b2f3d38bec6133f67761e9314454d3d223ef4cb8f6c849bd2c73420ae5a4
[2m2025-12-10T10:10:07.244752Z[0m [34mDEBUG[0m [2methereum_transaction_pool_monitor::eth_client[0m[2m:[0m 🔍 Fetching transaction details for hash: 0x6205b2f3d38bec6133f67761e9314454d3d223ef4cb8f6c849bd2c73420ae5a4
[2m2025-12-10T10:10:07.244773Z[0m [34mDEBUG[0m [2mhyper::client::pool[0m[2m:[0m reuse idle connection for ("http", 192.168.0.14:8545)
[2m2025-12-10T10:10:07.244819Z[0m [34mDEBUG[0m [2mhyper::proto::h1::io[0m[2m:[0m flushed 250 bytes
[2m2025-12-10T10:10:07.244849Z[0m [34mDEBUG[0m [2mhyper::client::pool[0m[2m:[0m reuse idle connection for ("http", 192.168.0.14:8545)
[2m2025-12-10T10:10:07.244868Z[0m [34mDEBUG[0m [2mhyper::proto::h1::io[0m[2m:[0m flushed 172 bytes
[2m2025-12-10T10:10:07.250545Z[0m [34mDEBUG[0m [2mhyper::proto::h1::io[0m[2m:[0m parsed 4 headers
[2m2025-12-10T10:10:07.250562Z[0m [34mDEBUG[0m [2mhyper::proto::h1::conn[0m[2m:[0m incoming body is content-length (45 bytes)
[2m2025-12-10T10:10:07.250569Z[0m [34mDEBUG[0m [2mhyper::proto::h1::conn[0m[2m:[0m incoming body completed
[2m2025-12-10T10:10:07.250577Z[0m [34mDEBUG[0m [2mhyper::client::pool[0m[2m:[0m pooling idle connection for ("http", 192.168.0.14:8545)
[2m2025-12-10T10:10:07.258446Z[0m [34mDEBUG[0m [2mhyper::proto::h1::io[0m[2m:[0m parsed 4 headers
[2m2025-12-10T10:10:07.258456Z[0m [34mDEBUG[0m [2mhyper::proto::h1::conn[0m[2m:[0m incoming body is content-length (638 bytes)
[2m2025-12-10T10:10:07.258463Z[0m [34mDEBUG[0m [2mhyper::proto::h1::conn[0m[2m:[0m incoming body completed
[2m2025-12-10T10:10:07.258470Z[0m [34mDEBUG[0m [2mhyper::client::pool[0m[2m:[0m pooling idle connection for ("http", 192.168.0.14:8545)
[2m2025-12-10T10:10:07.258476Z[0m [34mDEBUG[0m [2methereum_transaction_pool_monitor::eth_client[0m[2m:[0m 📡 Transaction fetch RPC completed in 13.718875ms
[2m2025-12-10T10:10:07.325918Z[0m [34mDEBUG[0m [2methereum_transaction_pool_monitor::eth_client[0m[2m:[0m ✅ Transaction 0x6205b2f3d38bec6133f67761e9314454d3d223ef4cb8f6c849bd2c73420ae5a4 fetched and parsed in 81.15825ms
[2m2025-12-10T10:10:07.325935Z[0m [34mDEBUG[0m [2methereum_transaction_pool_monitor::mempool_monitor[0m[2m:[0m 🔍 Skipping tx 0x6205b2f3d38bec6133f67761e9314454d3d223ef4cb8f6c849bd2c73420ae5a4 - not a DEX interaction (target: 0x4705747F77E5E33b9ED6019Ed5d721ee8A56e891)
[2m2025-12-10T10:10:07.325944Z[0m [34mDEBUG[0m [2methereum_transaction_pool_monitor::mempool_monitor[0m[2m:[0m 📨 Processing new pending transaction: 0xb060e1989a134bdf1ae1b79a1ab0d3a861df64c29b18f96cefa18a07d2789c77
[2m2025-12-10T10:10:07.325949Z[0m [34mDEBUG[0m [2methereum_transaction_pool_monitor::mempool_monitor[0m[2m:[0m 🔍 Fetching transaction details for: 0xb060e1989a134bdf1ae1b79a1ab0d3a861df64c29b18f96cefa18a07d2789c77
[2m2025-12-10T10:10:07.325954Z[0m [34mDEBUG[0m [2methereum_transaction_pool_monitor::eth_client[0m[2m:[0m 🔍 Fetching transaction details for hash: 0xb060e1989a134bdf1ae1b79a1ab0d3a861df64c29b18f96cefa18a07d2789c77
[2m2025-12-10T10:10:07.325972Z[0m [34mDEBUG[0m [2mhyper::client::pool[0m[2m:[0m reuse idle connection for ("http", 192.168.0.14:8545)
[2m2025-12-10T10:10:07.325996Z[0m [34mDEBUG[0m [2mhyper::proto::h1::io[0m[2m:[0m flushed 250 bytes
[2m2025-12-10T10:10:07.326012Z[0m [34mDEBUG[0m [2mhyper::client::pool[0m[2m:[0m reuse idle connection for ("http", 192.168.0.14:8545)
[2m2025-12-10T10:10:07.326025Z[0m [34mDEBUG[0m [2methereum_transaction_pool_monitor::eth_client[0m[2m:[0m 📨 Received WebSocket message: {"jsonrpc":"2.0","method":"eth_subscription","params":{"subscription":"0xbed0a0851463e895960a451075a301a9","result":"0xce5cc8f60ba19c9dbe8bf630902dd540bfdc5f645611b44720ec8807f21c9c84"}}
[2m2025-12-10T10:10:07.326026Z[0m [34mDEBUG[0m [2mhyper::proto::h1::io[0m[2m:[0m flushed 172 bytes
[2m2025-12-10T10:10:07.326037Z[0m [34mDEBUG[0m [2methereum_transaction_pool_monitor::eth_client[0m[2m:[0m 📨 Received pending transaction: 0xce5cc8f60ba19c9dbe8bf630902dd540bfdc5f645611b44720ec8807f21c9c84
[2m2025-12-10T10:10:07.327888Z[0m [34mDEBUG[0m [2methereum_transaction_pool_monitor::eth_client[0m[2m:[0m 📨 Received WebSocket message: {"jsonrpc":"2.0","method":"eth_subscription","params":{"subscription":"0xbed0a0851463e895960a451075a301a9","result":"0xa624bc1713ad350625bc3becce861af77b885d66838bb636a1914ec9d8c35cd3"}}
[2m2025-12-10T10:10:07.327900Z[0m [34mDEBUG[0m [2methereum_transaction_pool_monitor::eth_client[0m[2m:[0m 📨 Received pending transaction: 0xa624bc1713ad350625bc3becce861af77b885d66838bb636a1914ec9d8c35cd3
[2m2025-12-10T10:10:07.333319Z[0m [34mDEBUG[0m [2mhyper::proto::h1::io[0m[2m:[0m parsed 4 headers
[2m2025-12-10T10:10:07.333332Z[0m [34mDEBUG[0m [2mhyper::proto::h1::conn[0m[2m:[0m incoming body is content-length (637 bytes)
[2m2025-12-10T10:10:07.333351Z[0m [34mDEBUG[0m [2mhyper::proto::h1::conn[0m[2m:[0m incoming body completed
[2m2025-12-10T10:10:07.333370Z[0m [34mDEBUG[0m [2mhyper::client::pool[0m[2m:[0m pooling idle connection for ("http", 192.168.0.14:8545)
[2m2025-12-10T10:10:07.333384Z[0m [34mDEBUG[0m [2methereum_transaction_pool_monitor::eth_client[0m[2m:[0m 📡 Transaction fetch RPC completed in 7.426ms
[2m2025-12-10T10:10:07.405436Z[0m [34mDEBUG[0m [2methereum_transaction_pool_monitor::eth_client[0m[2m:[0m ✅ Transaction 0xb060e1989a134bdf1ae1b79a1ab0d3a861df64c29b18f96cefa18a07d2789c77 fetched and parsed in 79.475708ms
[2m2025-12-10T10:10:07.405461Z[0m [34mDEBUG[0m [2methereum_transaction_pool_monitor::mempool_monitor[0m[2m:[0m 🔍 Skipping tx 0xb060e1989a134bdf1ae1b79a1ab0d3a861df64c29b18f96cefa18a07d2789c77 - not a DEX interaction (target: 0x058B10CbE1872ad139b00326686EE8CCef274C58)
[2m2025-12-10T10:10:07.405470Z[0m [34mDEBUG[0m [2methereum_transaction_pool_monitor::mempool_monitor[0m[2m:[0m 📨 Processing new pending transaction: 0x86ed652f17becdd084c5fd914e21910e018e19e7f921d90cce4173a939aa46a5
[2m2025-12-10T10:10:07.405477Z[0m [34mDEBUG[0m [2methereum_transaction_pool_monitor::mempool_monitor[0m[2m:[0m 🔍 Fetching transaction details for: 0x86ed652f17becdd084c5fd914e21910e018e19e7f921d90cce4173a939aa46a5
[2m2025-12-10T10:10:07.405484Z[0m [34mDEBUG[0m [2methereum_transaction_pool_monitor::eth_client[0m[2m:[0m 🔍 Fetching transaction details for hash: 0x86ed652f17becdd084c5fd914e21910e018e19e7f921d90cce4173a939aa46a5
[2m2025-12-10T10:10:07.405501Z[0m [34mDEBUG[0m [2mhyper::client::pool[0m[2m:[0m reuse idle connection for ("http", 192.168.0.14:8545)
[2m2025-12-10T10:10:07.405541Z[0m [34mDEBUG[0m [2mhyper::proto::h1::io[0m[2m:[0m flushed 250 bytes
[2m2025-12-10T10:10:07.405562Z[0m [34mDEBUG[0m [2methereum_transaction_pool_monitor::eth_client[0m[2m:[0m 📨 Received WebSocket message: {"jsonrpc":"2.0","method":"eth_subscription","params":{"subscription":"0xbed0a0851463e895960a451075a301a9","result":"0x97444ed26e707a6b425a0d2d6a88163c9b307a800f11662edf545f9c551b89d5"}}
[2m2025-12-10T10:10:07.405570Z[0m [34mDEBUG[0m [2methereum_transaction_pool_monitor::eth_client[0m[2m:[0m 📨 Received pending transaction: 0x97444ed26e707a6b425a0d2d6a88163c9b307a800f11662edf545f9c551b89d5
[2m2025-12-10T10:10:07.405577Z[0m [34mDEBUG[0m [2methereum_transaction_pool_monitor::eth_client[0m[2m:[0m 📨 Received WebSocket message: {"jsonrpc":"2.0","method":"eth_subscription","params":{"subscription":"0xbed0a0851463e895960a451075a301a9","result":"0x3e6268496f72744255eabeaf0087db44230e56cb8119785b2dac9cfd6958ada8"}}
[2m2025-12-10T10:10:07.405583Z[0m [34mDEBUG[0m [2mhyper::proto::h1::io[0m[2m:[0m parsed 4 headers
[2m2025-12-10T10:10:07.405593Z[0m [34mDEBUG[0m [2mhyper::proto::h1::conn[0m[2m:[0m incoming body is content-length (45 bytes)
[2m2025-12-10T10:10:07.405601Z[0m [34mDEBUG[0m [2mhyper::proto::h1::conn[0m[2m:[0m incoming body completed
[2m2025-12-10T10:10:07.405584Z[0m [34mDEBUG[0m [2methereum_transaction_pool_monitor::eth_client[0m[2m:[0m 📨 Received pending transaction: 0x3e6268496f72744255eabeaf0087db44230e56cb8119785b2dac9cfd6958ada8
[2m2025-12-10T10:10:07.405611Z[0m [34mDEBUG[0m [2mhyper::client::pool[0m[2m:[0m pooling idle connection for ("http", 192.168.0.14:8545)
[2m2025-12-10T10:10:07.405631Z[0m [34mDEBUG[0m [2mhyper::client::pool[0m[2m:[0m reuse idle connection for ("http", 192.168.0.14:8545)
[2m2025-12-10T10:10:07.405644Z[0m [34mDEBUG[0m [2mhyper::proto::h1::io[0m[2m:[0m flushed 172 bytes
[2m2025-12-10T10:10:07.411903Z[0m [34mDEBUG[0m [2mhyper::proto::h1::io[0m[2m:[0m parsed 4 headers
[2m2025-12-10T10:10:07.411909Z[0m [34mDEBUG[0m [2mhyper::proto::h1::conn[0m[2m:[0m incoming body is content-length (45 bytes)
[2m2025-12-10T10:10:07.411914Z[0m [34mDEBUG[0m [2mhyper::proto::h1::conn[0m[2m:[0m incoming body completed
[2m2025-12-10T10:10:07.411920Z[0m [34mDEBUG[0m [2mhyper::client::pool[0m[2m:[0m pooling idle connection for ("http", 192.168.0.14:8545)
[2m2025-12-10T10:10:07.411932Z[0m [34mDEBUG[0m [2mhyper::proto::h1::io[0m[2m:[0m parsed 4 headers
[2m2025-12-10T10:10:07.411937Z[0m [34mDEBUG[0m [2mhyper::proto::h1::conn[0m[2m:[0m incoming body is content-length (1731 bytes)
[2m2025-12-10T10:10:07.411942Z[0m [34mDEBUG[0m [2mhyper::proto::h1::conn[0m[2m:[0m incoming body completed
[2m2025-12-10T10:10:07.411950Z[0m [34mDEBUG[0m [2mhyper::client::pool[0m[2m:[0m pooling idle connection for ("http", 192.168.0.14:8545)
[2m2025-12-10T10:10:07.411956Z[0m [34mDEBUG[0m [2methereum_transaction_pool_monitor::eth_client[0m[2m:[0m 📡 Transaction fetch RPC completed in 6.467583ms
[2m2025-12-10T10:10:07.483859Z[0m [34mDEBUG[0m [2methereum_transaction_pool_monitor::eth_client[0m[2m:[0m ✅ Transaction 0x86ed652f17becdd084c5fd914e21910e018e19e7f921d90cce4173a939aa46a5 fetched and parsed in 78.367375ms
[2m2025-12-10T10:10:07.483884Z[0m [34mDEBUG[0m [2methereum_transaction_pool_monitor::mempool_monitor[0m[2m:[0m 🔍 Skipping tx 0x86ed652f17becdd084c5fd914e21910e018e19e7f921d90cce4173a939aa46a5 - not a DEX interaction (target: 0x601a2aD6CB5949f0529735254189Ba3194221EDF)
[2m2025-12-10T10:10:07.483895Z[0m [34mDEBUG[0m [2methereum_transaction_pool_monitor::mempool_monitor[0m[2m:[0m 📨 Processing new pending transaction: 0xd63422757017c4e397673d0d88db79c293246cb795f3aad80342290eebd58494
[2m2025-12-10T10:10:07.483902Z[0m [34mDEBUG[0m [2methereum_transaction_pool_monitor::mempool_monitor[0m[2m:[0m 🔍 Fetching transaction details for: 0xd63422757017c4e397673d0d88db79c293246cb795f3aad80342290eebd58494
[2m2025-12-10T10:10:07.483909Z[0m [34mDEBUG[0m [2methereum_transaction_pool_monitor::eth_client[0m[2m:[0m 🔍 Fetching transaction details for hash: 0xd63422757017c4e397673d0d88db79c293246cb795f3aad80342290eebd58494
[2m2025-12-10T10:10:07.483926Z[0m [34mDEBUG[0m [2mhyper::client::pool[0m[2m:[0m reuse idle connection for ("http", 192.168.0.14:8545)
[2m2025-12-10T10:10:07.483974Z[0m [34mDEBUG[0m [2mhyper::proto::h1::io[0m[2m:[0m flushed 250 bytes
[2m2025-12-10T10:10:07.489623Z[0m [34mDEBUG[0m [2mhyper::proto::h1::io[0m[2m:[0m parsed 4 headers
[2m2025-12-10T10:10:07.489651Z[0m [34mDEBUG[0m [2mhyper::proto::h1::conn[0m[2m:[0m incoming body is content-length (771 bytes)
[2m2025-12-10T10:10:07.489681Z[0m [34mDEBUG[0m [2mhyper::proto::h1::conn[0m[2m:[0m incoming body completed
[2m2025-12-10T10:10:07.489704Z[0m [34mDEBUG[0m [2mhyper::client::pool[0m[2m:[0m pooling idle connection for ("http", 192.168.0.14:8545)
[2m2025-12-10T10:10:07.489711Z[0m [34mDEBUG[0m [2methereum_transaction_pool_monitor::eth_client[0m[2m:[0m 📡 Transaction fetch RPC completed in 5.797416ms
[2m2025-12-10T10:10:07.561079Z[0m [34mDEBUG[0m [2methereum_transaction_pool_monitor::eth_client[0m[2m:[0m ✅ Transaction 0xd63422757017c4e397673d0d88db79c293246cb795f3aad80342290eebd58494 fetched and parsed in 77.163875ms
[2m2025-12-10T10:10:07.561108Z[0m [34mDEBUG[0m [2methereum_transaction_pool_monitor::mempool_monitor[0m[2m:[0m 🔍 Skipping tx 0xd63422757017c4e397673d0d88db79c293246cb795f3aad80342290eebd58494 - not a DEX interaction (target: 0xA0b86991c6218b36c1d19D4a2e9Eb0cE3606eB48)
[2m2025-12-10T10:10:07.561120Z[0m [34mDEBUG[0m [2methereum_transaction_pool_monitor::mempool_monitor[0m[2m:[0m 📨 Processing new pending transaction: 0xd3ffce119c0c71f443a7a17b771ad19b58aa6d2b6ed53a786ce2ee7b35db1f9a
[2m2025-12-10T10:10:07.561134Z[0m [34mDEBUG[0m [2methereum_transaction_pool_monitor::mempool_monitor[0m[2m:[0m 🔍 Fetching transaction details for: 0xd3ffce119c0c71f443a7a17b771ad19b58aa6d2b6ed53a786ce2ee7b35db1f9a
[2m2025-12-10T10:10:07.561141Z[0m [34mDEBUG[0m [2methereum_transaction_pool_monitor::eth_client[0m[2m:[0m 🔍 Fetching transaction details for hash: 0xd3ffce119c0c71f443a7a17b771ad19b58aa6d2b6ed53a786ce2ee7b35db1f9a
[2m2025-12-10T10:10:07.561163Z[0m [34mDEBUG[0m [2mhyper::client::pool[0m[2m:[0m reuse idle connection for ("http", 192.168.0.14:8545)
[2m2025-12-10T10:10:07.561201Z[0m [34mDEBUG[0m [2mhyper::proto::h1::io[0m[2m:[0m flushed 250 bytes
[2m2025-12-10T10:10:07.561222Z[0m [34mDEBUG[0m [2mhyper::client::pool[0m[2m:[0m reuse idle connection for ("http", 192.168.0.14:8545)
[2m2025-12-10T10:10:07.561233Z[0m [34mDEBUG[0m [2methereum_transaction_pool_monitor::eth_client[0m[2m:[0m 📨 Received WebSocket message: {"jsonrpc":"2.0","method":"eth_subscription","params":{"subscription":"0xbed0a0851463e895960a451075a301a9","result":"0xdd97a9ddef2c2454835f87e3f43d97efb94399cce831321f90affa9eb889d3dd"}}
[2m2025-12-10T10:10:07.561248Z[0m [34mDEBUG[0m [2methereum_transaction_pool_monitor::eth_client[0m[2m:[0m 📨 Received pending transaction: 0xdd97a9ddef2c2454835f87e3f43d97efb94399cce831321f90affa9eb889d3dd
[2m2025-12-10T10:10:07.561234Z[0m [34mDEBUG[0m [2mhyper::proto::h1::io[0m[2m:[0m flushed 172 bytes
[2m2025-12-10T10:10:07.564418Z[0m [34mDEBUG[0m [2mhyper::proto::h1::io[0m[2m:[0m parsed 4 headers
[2m2025-12-10T10:10:07.564439Z[0m [34mDEBUG[0m [2mhyper::proto::h1::conn[0m[2m:[0m incoming body is content-length (45 bytes)
[2m2025-12-10T10:10:07.564464Z[0m [34mDEBUG[0m [2mhyper::proto::h1::conn[0m[2m:[0m incoming body completed
[2m2025-12-10T10:10:07.564477Z[0m [34mDEBUG[0m [2mhyper::client::pool[0m[2m:[0m pooling idle connection for ("http", 192.168.0.14:8545)
[2m2025-12-10T10:10:07.569645Z[0m [34mDEBUG[0m [2mhyper::proto::h1::io[0m[2m:[0m parsed 4 headers
[2m2025-12-10T10:10:07.569650Z[0m [34mDEBUG[0m [2mhyper::proto::h1::conn[0m[2m:[0m incoming body is content-length (638 bytes)
[2m2025-12-10T10:10:07.569655Z[0m [34mDEBUG[0m [2mhyper::proto::h1::conn[0m[2m:[0m incoming body completed
[2m2025-12-10T10:10:07.569661Z[0m [34mDEBUG[0m [2mhyper::client::pool[0m[2m:[0m pooling idle connection for ("http", 192.168.0.14:8545)
[2m2025-12-10T10:10:07.569666Z[0m [34mDEBUG[0m [2methereum_transaction_pool_monitor::eth_client[0m[2m:[0m 📡 Transaction fetch RPC completed in 8.518583ms
[2m2025-12-10T10:10:07.639534Z[0m [34mDEBUG[0m [2methereum_transaction_pool_monitor::eth_client[0m[2m:[0m ✅ Transaction 0xd3ffce119c0c71f443a7a17b771ad19b58aa6d2b6ed53a786ce2ee7b35db1f9a fetched and parsed in 78.384833ms
[2m2025-12-10T10:10:07.639559Z[0m [34mDEBUG[0m [2methereum_transaction_pool_monitor::mempool_monitor[0m[2m:[0m 🔍 Skipping tx 0xd3ffce119c0c71f443a7a17b771ad19b58aa6d2b6ed53a786ce2ee7b35db1f9a - not a DEX interaction (target: 0xdeC8A40582a2cb441Ee96b225B90D86789E73a93)
[2m2025-12-10T10:10:07.639569Z[0m [34mDEBUG[0m [2methereum_transaction_pool_monitor::mempool_monitor[0m[2m:[0m 📨 Processing new pending transaction: 0xa7309a31327e093901e0f320ca7d1aae15077a228010cb52bcd11e8bb575ca1f
[2m2025-12-10T10:10:07.639576Z[0m [34mDEBUG[0m [2methereum_transaction_pool_monitor::mempool_monitor[0m[2m:[0m 🔍 Fetching transaction details for: 0xa7309a31327e093901e0f320ca7d1aae15077a228010cb52bcd11e8bb575ca1f
[2m2025-12-10T10:10:07.639582Z[0m [34mDEBUG[0m [2methereum_transaction_pool_monitor::eth_client[0m[2m:[0m 🔍 Fetching transaction details for hash: 0xa7309a31327e093901e0f320ca7d1aae15077a228010cb52bcd11e8bb575ca1f
[2m2025-12-10T10:10:07.639600Z[0m [34mDEBUG[0m [2mhyper::client::pool[0m[2m:[0m reuse idle connection for ("http", 192.168.0.14:8545)
[2m2025-12-10T10:10:07.639638Z[0m [34mDEBUG[0m [2mhyper::proto::h1::io[0m[2m:[0m flushed 250 bytes
[2m2025-12-10T10:10:07.639659Z[0m [34mDEBUG[0m [2mhyper::client::pool[0m[2m:[0m reuse idle connection for ("http", 192.168.0.14:8545)
[2m2025-12-10T10:10:07.639670Z[0m [34mDEBUG[0m [2methereum_transaction_pool_monitor::eth_client[0m[2m:[0m 📨 Received WebSocket message: {"jsonrpc":"2.0","method":"eth_subscription","params":{"subscription":"0xbed0a0851463e895960a451075a301a9","result":"0xc055354b4bebb459677ab67d349ba6ccc4a44a6d0ff0823a4a4007843d3e12bf"}}
[2m2025-12-10T10:10:07.639671Z[0m [34mDEBUG[0m [2mhyper::proto::h1::io[0m[2m:[0m flushed 172 bytes
[2m2025-12-10T10:10:07.639683Z[0m [34mDEBUG[0m [2methereum_transaction_pool_monitor::eth_client[0m[2m:[0m 📨 Received pending transaction: 0xc055354b4bebb459677ab67d349ba6ccc4a44a6d0ff0823a4a4007843d3e12bf
[2m2025-12-10T10:10:07.643105Z[0m [34mDEBUG[0m [2mhyper::proto::h1::io[0m[2m:[0m parsed 4 headers
[2m2025-12-10T10:10:07.643110Z[0m [34mDEBUG[0m [2mhyper::proto::h1::conn[0m[2m:[0m incoming body is content-length (45 bytes)
[2m2025-12-10T10:10:07.643116Z[0m [34mDEBUG[0m [2mhyper::proto::h1::conn[0m[2m:[0m incoming body completed
[2m2025-12-10T10:10:07.643123Z[0m [34mDEBUG[0m [2mhyper::client::pool[0m[2m:[0m pooling idle connection for ("http", 192.168.0.14:8545)
[2m2025-12-10T10:10:07.643755Z[0m [34mDEBUG[0m [2mhyper::proto::h1::io[0m[2m:[0m parsed 4 headers
[2m2025-12-10T10:10:07.643777Z[0m [34mDEBUG[0m [2mhyper::proto::h1::conn[0m[2m:[0m incoming body is content-length (771 bytes)
[2m2025-12-10T10:10:07.643809Z[0m [34mDEBUG[0m [2mhyper::proto::h1::conn[0m[2m:[0m incoming body completed
[2m2025-12-10T10:10:07.643826Z[0m [34mDEBUG[0m [2mhyper::client::pool[0m[2m:[0m pooling idle connection for ("http", 192.168.0.14:8545)
[2m2025-12-10T10:10:07.643832Z[0m [34mDEBUG[0m [2methereum_transaction_pool_monitor::eth_client[0m[2m:[0m 📡 Transaction fetch RPC completed in 4.244541ms
[2m2025-12-10T10:10:07.643846Z[0m [34mDEBUG[0m [2methereum_transaction_pool_monitor::eth_client[0m[2m:[0m DeFi transaction detected - Address: 0xdac17f958d2ee523a2206206994597c13d831ec7, Type: Stablecoin, Value: 0 ETH, Gas: 2.28 Gwei
[2m2025-12-10T10:10:07.643861Z[0m [34mDEBUG[0m [2methereum_transaction_pool_monitor::eth_client[0m[2m:[0m ✅ Transaction 0xa7309a31327e093901e0f320ca7d1aae15077a228010cb52bcd11e8bb575ca1f fetched and parsed in 4.274125ms
[2m2025-12-10T10:10:07.643869Z[0m [34mDEBUG[0m [2methereum_transaction_pool_monitor::mempool_monitor[0m[2m:[0m 🔍 Skipping tx 0xa7309a31327e093901e0f320ca7d1aae15077a228010cb52bcd11e8bb575ca1f - not a DEX interaction (target: 0xdAC17F958D2ee523a2206206994597C13D831ec7)
[2m2025-12-10T10:10:07.643878Z[0m [34mDEBUG[0m [2methereum_transaction_pool_monitor::mempool_monitor[0m[2m:[0m 📨 Processing new pending transaction: 0x386a07263968a1a30c29406c52641323deb5ae8bd7a4245aedb3d3d648cdcb02
[2m2025-12-10T10:10:07.643884Z[0m [34mDEBUG[0m [2methereum_transaction_pool_monitor::mempool_monitor[0m[2m:[0m 🔍 Fetching transaction details for: 0x386a07263968a1a30c29406c52641323deb5ae8bd7a4245aedb3d3d648cdcb02
[2m2025-12-10T10:10:07.643890Z[0m [34mDEBUG[0m [2methereum_transaction_pool_monitor::eth_client[0m[2m:[0m 🔍 Fetching transaction details for hash: 0x386a07263968a1a30c29406c52641323deb5ae8bd7a4245aedb3d3d648cdcb02
[2m2025-12-10T10:10:07.643899Z[0m [34mDEBUG[0m [2mhyper::client::pool[0m[2m:[0m reuse idle connection for ("http", 192.168.0.14:8545)
[2m2025-12-10T10:10:07.643913Z[0m [34mDEBUG[0m [2mhyper::proto::h1::io[0m[2m:[0m flushed 250 bytes
[2m2025-12-10T10:10:07.658241Z[0m [34mDEBUG[0m [2mhyper::proto::h1::io[0m[2m:[0m parsed 4 headers
[2m2025-12-10T10:10:07.661187Z[0m [34mDEBUG[0m [2mhyper::proto::h1::conn[0m[2m:[0m incoming body is content-length (771 bytes)
[2m2025-12-10T10:10:07.661195Z[0m [34mDEBUG[0m [2mhyper::proto::h1::conn[0m[2m:[0m incoming body completed
[2m2025-12-10T10:10:07.661203Z[0m [34mDEBUG[0m [2mhyper::client::pool[0m[2m:[0m pooling idle connection for ("http", 192.168.0.14:8545)
[2m2025-12-10T10:10:07.661212Z[0m [34mDEBUG[0m [2methereum_transaction_pool_monitor::eth_client[0m[2m:[0m 📡 Transaction fetch RPC completed in 17.315916ms
[2m2025-12-10T10:10:07.727820Z[0m [34mDEBUG[0m [2methereum_transaction_pool_monitor::eth_client[0m[2m:[0m ✅ Transaction 0x386a07263968a1a30c29406c52641323deb5ae8bd7a4245aedb3d3d648cdcb02 fetched and parsed in 83.922416ms
[2m2025-12-10T10:10:07.727836Z[0m [34mDEBUG[0m [2methereum_transaction_pool_monitor::mempool_monitor[0m[2m:[0m 🔍 Skipping tx 0x386a07263968a1a30c29406c52641323deb5ae8bd7a4245aedb3d3d648cdcb02 - not a DEX interaction (target: 0xB8f28C60dD8240141185a192fa4156A23E189305)
[2m2025-12-10T10:10:07.727844Z[0m [34mDEBUG[0m [2methereum_transaction_pool_monitor::mempool_monitor[0m[2m:[0m 📨 Processing new pending transaction: 0x9be52cdd16231cb645519559c100cba005449da6e55cb0515616858427d6d6b1
[2m2025-12-10T10:10:07.727849Z[0m [34mDEBUG[0m [2methereum_transaction_pool_monitor::mempool_monitor[0m[2m:[0m 🔍 Fetching transaction details for: 0x9be52cdd16231cb645519559c100cba005449da6e55cb0515616858427d6d6b1
[2m2025-12-10T10:10:07.727853Z[0m [34mDEBUG[0m [2methereum_transaction_pool_monitor::eth_client[0m[2m:[0m 🔍 Fetching transaction details for hash: 0x9be52cdd16231cb645519559c100cba005449da6e55cb0515616858427d6d6b1
[2m2025-12-10T10:10:07.727868Z[0m [34mDEBUG[0m [2mhyper::client::pool[0m[2m:[0m reuse idle connection for ("http", 192.168.0.14:8545)
[2m2025-12-10T10:10:07.727892Z[0m [34mDEBUG[0m [2mhyper::proto::h1::io[0m[2m:[0m flushed 250 bytes
[2m2025-12-10T10:10:07.727907Z[0m [34mDEBUG[0m [2mhyper::client::pool[0m[2m:[0m reuse idle connection for ("http", 192.168.0.14:8545)
[2m2025-12-10T10:10:07.727919Z[0m [34mDEBUG[0m [2methereum_transaction_pool_monitor::eth_client[0m[2m:[0m 📨 Received WebSocket message: {"jsonrpc":"2.0","method":"eth_subscription","params":{"subscription":"0xbed0a0851463e895960a451075a301a9","result":"0x557e776ded7b8943905c5e9686db17b6730684e396772370a284301039732517"}}
[2m2025-12-10T10:10:07.727921Z[0m [34mDEBUG[0m [2mhyper::proto::h1::io[0m[2m:[0m flushed 172 bytes
[2m2025-12-10T10:10:07.727932Z[0m [34mDEBUG[0m [2methereum_transaction_pool_monitor::eth_client[0m[2m:[0m 📨 Received pending transaction: 0x557e776ded7b8943905c5e9686db17b6730684e396772370a284301039732517
[2m2025-12-10T10:10:07.727939Z[0m [34mDEBUG[0m [2methereum_transaction_pool_monitor::eth_client[0m[2m:[0m 📨 Received WebSocket message: {"jsonrpc":"2.0","method":"eth_subscription","params":{"subscription":"0xbed0a0851463e895960a451075a301a9","result":"0x2c7804c4c8fca914e36e7e29280151e06873ac5e180fec0398ee9861593d3c42"}}
[2m2025-12-10T10:10:07.727944Z[0m [34mDEBUG[0m [2methereum_transaction_pool_monitor::eth_client[0m[2m:[0m 📨 Received pending transaction: 0x2c7804c4c8fca914e36e7e29280151e06873ac5e180fec0398ee9861593d3c42
[2m2025-12-10T10:10:07.733309Z[0m [34mDEBUG[0m [2mhyper::proto::h1::io[0m[2m:[0m parsed 4 headers
[2m2025-12-10T10:10:07.733324Z[0m [34mDEBUG[0m [2mhyper::proto::h1::io[0m[2m:[0m parsed 4 headers
[2m2025-12-10T10:10:07.733344Z[0m [34mDEBUG[0m [2mhyper::proto::h1::conn[0m[2m:[0m incoming body is content-length (45 bytes)
[2m2025-12-10T10:10:07.733348Z[0m [34mDEBUG[0m [2mhyper::proto::h1::conn[0m[2m:[0m incoming body is content-length (774 bytes)
[2m2025-12-10T10:10:07.733358Z[0m [34mDEBUG[0m [2mhyper::proto::h1::conn[0m[2m:[0m incoming body completed
[2m2025-12-10T10:10:07.733361Z[0m [34mDEBUG[0m [2mhyper::proto::h1::conn[0m[2m:[0m incoming body completed
[2m2025-12-10T10:10:07.733380Z[0m [34mDEBUG[0m [2mhyper::client::pool[0m[2m:[0m pooling idle connection for ("http", 192.168.0.14:8545)
[2m2025-12-10T10:10:07.733382Z[0m [34mDEBUG[0m [2mhyper::client::pool[0m[2m:[0m pooling idle connection for ("http", 192.168.0.14:8545)
[2m2025-12-10T10:10:07.733391Z[0m [34mDEBUG[0m [2methereum_transaction_pool_monitor::eth_client[0m[2m:[0m 📡 Transaction fetch RPC completed in 5.535167ms
[2m2025-12-10T10:10:07.733403Z[0m [34mDEBUG[0m [2methereum_transaction_pool_monitor::eth_client[0m[2m:[0m DeFi transaction detected - Address: 0xdac17f958d2ee523a2206206994597c13d831ec7, Type: Stablecoin, Value: 0 ETH, Gas: 2.21 Gwei
[2m2025-12-10T10:10:07.733418Z[0m [34mDEBUG[0m [2methereum_transaction_pool_monitor::eth_client[0m[2m:[0m ✅ Transaction 0x9be52cdd16231cb645519559c100cba005449da6e55cb0515616858427d6d6b1 fetched and parsed in 5.561459ms
[2m2025-12-10T10:10:07.733423Z[0m [34mDEBUG[0m [2methereum_transaction_pool_monitor::mempool_monitor[0m[2m:[0m 🔍 Skipping tx 0x9be52cdd16231cb645519559c100cba005449da6e55cb0515616858427d6d6b1 - not a DEX interaction (target: 0xdAC17F958D2ee523a2206206994597C13D831ec7)
[2m2025-12-10T10:10:07.733429Z[0m [34mDEBUG[0m [2methereum_transaction_pool_monitor::mempool_monitor[0m[2m:[0m 📨 Processing new pending transaction: 0xdb191419d5dcd96561ec4b93a605eb30ad2eeee8723202bbd3ee5686149de169
[2m2025-12-10T10:10:07.733433Z[0m [34mDEBUG[0m [2methereum_transaction_pool_monitor::mempool_monitor[0m[2m:[0m 🔍 Fetching transaction details for: 0xdb191419d5dcd96561ec4b93a605eb30ad2eeee8723202bbd3ee5686149de169
[2m2025-12-10T10:10:07.733437Z[0m [34mDEBUG[0m [2methereum_transaction_pool_monitor::eth_client[0m[2m:[0m 🔍 Fetching transaction details for hash: 0xdb191419d5dcd96561ec4b93a605eb30ad2eeee8723202bbd3ee5686149de169
[2m2025-12-10T10:10:07.733443Z[0m [34mDEBUG[0m [2mhyper::client::pool[0m[2m:[0m reuse idle connection for ("http", 192.168.0.14:8545)
[2m2025-12-10T10:10:07.733456Z[0m [34mDEBUG[0m [2mhyper::proto::h1::io[0m[2m:[0m flushed 250 bytes
[2m2025-12-10T10:10:07.738524Z[0m [34mDEBUG[0m [2mhyper::proto::h1::io[0m[2m:[0m parsed 4 headers
[2m2025-12-10T10:10:07.738530Z[0m [34mDEBUG[0m [2mhyper::proto::h1::conn[0m[2m:[0m incoming body is content-length (644 bytes)
[2m2025-12-10T10:10:07.738535Z[0m [34mDEBUG[0m [2mhyper::proto::h1::conn[0m[2m:[0m incoming body completed
[2m2025-12-10T10:10:07.738540Z[0m [34mDEBUG[0m [2mhyper::client::pool[0m[2m:[0m pooling idle connection for ("http", 192.168.0.14:8545)
[2m2025-12-10T10:10:07.738544Z[0m [34mDEBUG[0m [2methereum_transaction_pool_monitor::eth_client[0m[2m:[0m 📡 Transaction fetch RPC completed in 5.1035ms
[2m2025-12-10T10:10:07.809284Z[0m [34mDEBUG[0m [2methereum_transaction_pool_monitor::eth_client[0m[2m:[0m ✅ Transaction 0xdb191419d5dcd96561ec4b93a605eb30ad2eeee8723202bbd3ee5686149de169 fetched and parsed in 75.842ms
[2m2025-12-10T10:10:07.809315Z[0m [34mDEBUG[0m [2methereum_transaction_pool_monitor::mempool_monitor[0m[2m:[0m 🔍 Skipping tx 0xdb191419d5dcd96561ec4b93a605eb30ad2eeee8723202bbd3ee5686149de169 - not a DEX interaction (target: 0x17E5545B11b468072283Cee1F066a059Fb0dbF24)
[2m2025-12-10T10:10:07.809326Z[0m [34mDEBUG[0m [2methereum_transaction_pool_monitor::mempool_monitor[0m[2m:[0m 📨 Processing new pending transaction: 0x771feaebd41590204fb7d6feea9b9a5ee1d230642dd66e60b4ff75bbecbef80d
[2m2025-12-10T10:10:07.809335Z[0m [34mDEBUG[0m [2methereum_transaction_pool_monitor::mempool_monitor[0m[2m:[0m 🔍 Fetching transaction details for: 0x771feaebd41590204fb7d6feea9b9a5ee1d230642dd66e60b4ff75bbecbef80d
[2m2025-12-10T10:10:07.809347Z[0m [34mDEBUG[0m [2methereum_transaction_pool_monitor::eth_client[0m[2m:[0m 🔍 Fetching transaction details for hash: 0x771feaebd41590204fb7d6feea9b9a5ee1d230642dd66e60b4ff75bbecbef80d
[2m2025-12-10T10:10:07.809369Z[0m [34mDEBUG[0m [2mhyper::client::pool[0m[2m:[0m reuse idle connection for ("http", 192.168.0.14:8545)
[2m2025-12-10T10:10:07.809399Z[0m [34mDEBUG[0m [2mhyper::proto::h1::io[0m[2m:[0m flushed 250 bytes
[2m2025-12-10T10:10:07.809420Z[0m [34mDEBUG[0m [2mhyper::client::pool[0m[2m:[0m reuse idle connection for ("http", 192.168.0.14:8545)
[2m2025-12-10T10:10:07.809430Z[0m [34mDEBUG[0m [2methereum_transaction_pool_monitor::eth_client[0m[2m:[0m 📨 Received WebSocket message: {"jsonrpc":"2.0","method":"eth_subscription","params":{"subscription":"0xbed0a0851463e895960a451075a301a9","result":"0x1c130651faaeed192458d64803d05030ed1035b4dcee3e9dd3b39bc2b28cbb8e"}}
[2m2025-12-10T10:10:07.809437Z[0m [34mDEBUG[0m [2mhyper::proto::h1::io[0m[2m:[0m flushed 172 bytes
[2m2025-12-10T10:10:07.809445Z[0m [34mDEBUG[0m [2methereum_transaction_pool_monitor::eth_client[0m[2m:[0m 📨 Received pending transaction: 0x1c130651faaeed192458d64803d05030ed1035b4dcee3e9dd3b39bc2b28cbb8e
[2m2025-12-10T10:10:07.813947Z[0m [34mDEBUG[0m [2mhyper::proto::h1::io[0m[2m:[0m parsed 4 headers
[2m2025-12-10T10:10:07.813970Z[0m [34mDEBUG[0m [2mhyper::proto::h1::conn[0m[2m:[0m incoming body is content-length (1962 bytes)
[2m2025-12-10T10:10:07.814004Z[0m [34mDEBUG[0m [2methereum_transaction_pool_monitor::eth_client[0m[2m:[0m 📡 Transaction fetch RPC completed in 4.650292ms
[2m2025-12-10T10:10:07.816692Z[0m [34mDEBUG[0m [2mhyper::proto::h1::conn[0m[2m:[0m incoming body completed
[2m2025-12-10T10:10:07.816724Z[0m [34mDEBUG[0m [2mhyper::client::pool[0m[2m:[0m pooling idle connection for ("http", 192.168.0.14:8545)
[2m2025-12-10T10:10:07.816781Z[0m [34mDEBUG[0m [2mhyper::proto::h1::io[0m[2m:[0m parsed 4 headers
[2m2025-12-10T10:10:07.816788Z[0m [34mDEBUG[0m [2mhyper::proto::h1::conn[0m[2m:[0m incoming body is content-length (45 bytes)
[2m2025-12-10T10:10:07.816793Z[0m [34mDEBUG[0m [2mhyper::proto::h1::conn[0m[2m:[0m incoming body completed
[2m2025-12-10T10:10:07.816799Z[0m [34mDEBUG[0m [2mhyper::client::pool[0m[2m:[0m pooling idle connection for ("http", 192.168.0.14:8545)
[2m2025-12-10T10:10:07.887847Z[0m [34mDEBUG[0m [2methereum_transaction_pool_monitor::eth_client[0m[2m:[0m ✅ Transaction 0x771feaebd41590204fb7d6feea9b9a5ee1d230642dd66e60b4ff75bbecbef80d fetched and parsed in 78.490459ms
[2m2025-12-10T10:10:07.887875Z[0m [34mDEBUG[0m [2methereum_transaction_pool_monitor::mempool_monitor[0m[2m:[0m 🔍 Skipping tx 0x771feaebd41590204fb7d6feea9b9a5ee1d230642dd66e60b4ff75bbecbef80d - not a DEX interaction (target: 0xfaf17849fb05a11a4E233f221bAc99CA43Fc83f8)
[2m2025-12-10T10:10:07.887886Z[0m [34mDEBUG[0m [2methereum_transaction_pool_monitor::mempool_monitor[0m[2m:[0m 📨 Processing new pending transaction: 0x0bbd3ef6898ff822f7b34bb5bad614fffc6ce5cdd2f9c975b70dbb0f37aa9eb1
[2m2025-12-10T10:10:07.887898Z[0m [34mDEBUG[0m [2methereum_transaction_pool_monitor::mempool_monitor[0m[2m:[0m 🔍 Fetching transaction details for: 0x0bbd3ef6898ff822f7b34bb5bad614fffc6ce5cdd2f9c975b70dbb0f37aa9eb1
[2m2025-12-10T10:10:07.887905Z[0m [34mDEBUG[0m [2methereum_transaction_pool_monitor::eth_client[0m[2m:[0m 🔍 Fetching transaction details for hash: 0x0bbd3ef6898ff822f7b34bb5bad614fffc6ce5cdd2f9c975b70dbb0f37aa9eb1
[2m2025-12-10T10:10:07.887923Z[0m [34mDEBUG[0m [2mhyper::client::pool[0m[2m:[0m reuse idle connection for ("http", 192.168.0.14:8545)
[2m2025-12-10T10:10:07.887971Z[0m [34mDEBUG[0m [2mhyper::proto::h1::io[0m[2m:[0m flushed 250 bytes
[2m2025-12-10T10:10:07.895833Z[0m [34mDEBUG[0m [2mhyper::proto::h1::io[0m[2m:[0m parsed 4 headers
[2m2025-12-10T10:10:07.895851Z[0m [34mDEBUG[0m [2mhyper::proto::h1::conn[0m[2m:[0m incoming body is content-length (771 bytes)
[2m2025-12-10T10:10:07.895877Z[0m [34mDEBUG[0m [2mhyper::proto::h1::conn[0m[2m:[0m incoming body completed
[2m2025-12-10T10:10:07.895886Z[0m [34mDEBUG[0m [2mhyper::client::pool[0m[2m:[0m pooling idle connection for ("http", 192.168.0.14:8545)
[2m2025-12-10T10:10:07.895893Z[0m [34mDEBUG[0m [2methereum_transaction_pool_monitor::eth_client[0m[2m:[0m 📡 Transaction fetch RPC completed in 7.980708ms
[2m2025-12-10T10:10:07.966981Z[0m [34mDEBUG[0m [2methereum_transaction_pool_monitor::eth_client[0m[2m:[0m ✅ Transaction 0x0bbd3ef6898ff822f7b34bb5bad614fffc6ce5cdd2f9c975b70dbb0f37aa9eb1 fetched and parsed in 79.0675ms
[2m2025-12-10T10:10:07.970374Z[0m [34mDEBUG[0m [2methereum_transaction_pool_monitor::mempool_monitor[0m[2m:[0m 🔍 Skipping tx 0x0bbd3ef6898ff822f7b34bb5bad614fffc6ce5cdd2f9c975b70dbb0f37aa9eb1 - not a DEX interaction (target: 0xB8f28C60dD8240141185a192fa4156A23E189305)
[2m2025-12-10T10:10:07.970390Z[0m [34mDEBUG[0m [2methereum_transaction_pool_monitor::mempool_monitor[0m[2m:[0m 📨 Processing new pending transaction: 0xa4e33b67a35911a6b507c35090ed80e5a3a98f04e29a3953f76754ca5c78da06
[2m2025-12-10T10:10:07.970400Z[0m [34mDEBUG[0m [2methereum_transaction_pool_monitor::mempool_monitor[0m[2m:[0m 🔍 Fetching transaction details for: 0xa4e33b67a35911a6b507c35090ed80e5a3a98f04e29a3953f76754ca5c78da06
[2m2025-12-10T10:10:07.970408Z[0m [34mDEBUG[0m [2methereum_transaction_pool_monitor::eth_client[0m[2m:[0m 🔍 Fetching transaction details for hash: 0xa4e33b67a35911a6b507c35090ed80e5a3a98f04e29a3953f76754ca5c78da06
[2m2025-12-10T10:10:07.970433Z[0m [34mDEBUG[0m [2mhyper::client::pool[0m[2m:[0m reuse idle connection for ("http", 192.168.0.14:8545)
[2m2025-12-10T10:10:07.970476Z[0m [34mDEBUG[0m [2mhyper::proto::h1::io[0m[2m:[0m flushed 250 bytes
[2m2025-12-10T10:10:07.970499Z[0m [34mDEBUG[0m [2mhyper::client::pool[0m[2m:[0m reuse idle connection for ("http", 192.168.0.14:8545)
[2m2025-12-10T10:10:07.970512Z[0m [34mDEBUG[0m [2methereum_transaction_pool_monitor::eth_client[0m[2m:[0m 📨 Received WebSocket message: {"jsonrpc":"2.0","method":"eth_subscription","params":{"subscription":"0xbed0a0851463e895960a451075a301a9","result":"0x6420d71b65b8747ca469534b2d06619b473f72c7ac6ed7885bf7c2ba1a52bd02"}}
[2m2025-12-10T10:10:07.970516Z[0m [34mDEBUG[0m [2mhyper::proto::h1::io[0m[2m:[0m flushed 172 bytes
[2m2025-12-10T10:10:07.970524Z[0m [34mDEBUG[0m [2methereum_transaction_pool_monitor::eth_client[0m[2m:[0m 📨 Received pending transaction: 0x6420d71b65b8747ca469534b2d06619b473f72c7ac6ed7885bf7c2ba1a52bd02
[2m2025-12-10T10:10:07.973984Z[0m [34mDEBUG[0m [2mhyper::proto::h1::io[0m[2m:[0m parsed 4 headers
[2m2025-12-10T10:10:07.973991Z[0m [34mDEBUG[0m [2mhyper::proto::h1::conn[0m[2m:[0m incoming body is content-length (45 bytes)
[2m2025-12-10T10:10:07.973998Z[0m [34mDEBUG[0m [2mhyper::proto::h1::conn[0m[2m:[0m incoming body completed
[2m2025-12-10T10:10:07.974006Z[0m [34mDEBUG[0m [2mhyper::client::pool[0m[2m:[0m pooling idle connection for ("http", 192.168.0.14:8545)
[2m2025-12-10T10:10:07.976400Z[0m [34mDEBUG[0m [2mhyper::proto::h1::io[0m[2m:[0m parsed 4 headers
[2m2025-12-10T10:10:07.976435Z[0m [34mDEBUG[0m [2mhyper::proto::h1::conn[0m[2m:[0m incoming body is content-length (778 bytes)
[2m2025-12-10T10:10:07.976445Z[0m [34mDEBUG[0m [2mhyper::proto::h1::conn[0m[2m:[0m incoming body completed
[2m2025-12-10T10:10:07.976454Z[0m [34mDEBUG[0m [2mhyper::client::pool[0m[2m:[0m pooling idle connection for ("http", 192.168.0.14:8545)
[2m2025-12-10T10:10:07.976461Z[0m [34mDEBUG[0m [2methereum_transaction_pool_monitor::eth_client[0m[2m:[0m 📡 Transaction fetch RPC completed in 6.045333ms
[2m2025-12-10T10:10:08.047710Z[0m [34mDEBUG[0m [2methereum_transaction_pool_monitor::eth_client[0m[2m:[0m ✅ Transaction 0xa4e33b67a35911a6b507c35090ed80e5a3a98f04e29a3953f76754ca5c78da06 fetched and parsed in 77.292125ms
[2m2025-12-10T10:10:08.047735Z[0m [34mDEBUG[0m [2methereum_transaction_pool_monitor::mempool_monitor[0m[2m:[0m 🔍 Skipping tx 0xa4e33b67a35911a6b507c35090ed80e5a3a98f04e29a3953f76754ca5c78da06 - not a DEX interaction (target: 0x9C7BEBa8F6eF6643aBd725e45a4E8387eF260649)
[2m2025-12-10T10:10:08.047744Z[0m [34mDEBUG[0m [2methereum_transaction_pool_monitor::mempool_monitor[0m[2m:[0m 📨 Processing new pending transaction: 0x932f2079a59927898c64ff49e178324b4c2b7923f6a00b241ed6b7c4bc4e8c7a
[2m2025-12-10T10:10:08.047752Z[0m [34mDEBUG[0m [2methereum_transaction_pool_monitor::mempool_monitor[0m[2m:[0m 🔍 Fetching transaction details for: 0x932f2079a59927898c64ff49e178324b4c2b7923f6a00b241ed6b7c4bc4e8c7a
[2m2025-12-10T10:10:08.047759Z[0m [34mDEBUG[0m [2methereum_transaction_pool_monitor::eth_client[0m[2m:[0m 🔍 Fetching transaction details for hash: 0x932f2079a59927898c64ff49e178324b4c2b7923f6a00b241ed6b7c4bc4e8c7a
[2m2025-12-10T10:10:08.047775Z[0m [34mDEBUG[0m [2mhyper::client::pool[0m[2m:[0m reuse idle connection for ("http", 192.168.0.14:8545)
[2m2025-12-10T10:10:08.047810Z[0m [34mDEBUG[0m [2mhyper::proto::h1::io[0m[2m:[0m flushed 250 bytes
[2m2025-12-10T10:10:08.047829Z[0m [34mDEBUG[0m [2mhyper::client::pool[0m[2m:[0m reuse idle connection for ("http", 192.168.0.14:8545)
[2m2025-12-10T10:10:08.047840Z[0m [34mDEBUG[0m [2methereum_transaction_pool_monitor::eth_client[0m[2m:[0m 📨 Received WebSocket message: {"jsonrpc":"2.0","method":"eth_subscription","params":{"subscription":"0xbed0a0851463e895960a451075a301a9","result":"0xcbd0cd3504ca2f64eb0420b958955dbddfce21eaed33ac26c8af0e18420cfad9"}}
[2m2025-12-10T10:10:08.047851Z[0m [34mDEBUG[0m [2methereum_transaction_pool_monitor::eth_client[0m[2m:[0m 📨 Received pending transaction: 0xcbd0cd3504ca2f64eb0420b958955dbddfce21eaed33ac26c8af0e18420cfad9
[2m2025-12-10T10:10:08.047843Z[0m [34mDEBUG[0m [2mhyper::proto::h1::io[0m[2m:[0m flushed 172 bytes
[2m2025-12-10T10:10:08.047862Z[0m [34mDEBUG[0m [2methereum_transaction_pool_monitor::eth_client[0m[2m:[0m 📨 Received WebSocket message: {"jsonrpc":"2.0","method":"eth_subscription","params":{"subscription":"0xbed0a0851463e895960a451075a301a9","result":"0xa2fd270a412f80d44c89d6e5186a7386dcfca809206db892dfc50a23ea699278"}}
[2m2025-12-10T10:10:08.047870Z[0m [34mDEBUG[0m [2methereum_transaction_pool_monitor::eth_client[0m[2m:[0m 📨 Received pending transaction: 0xa2fd270a412f80d44c89d6e5186a7386dcfca809206db892dfc50a23ea699278
[2m2025-12-10T10:10:08.052079Z[0m [34mDEBUG[0m [2mhyper::proto::h1::io[0m[2m:[0m parsed 4 headers
[2m2025-12-10T10:10:08.052105Z[0m [34mDEBUG[0m [2mhyper::proto::h1::conn[0m[2m:[0m incoming body is content-length (45 bytes)
[2m2025-12-10T10:10:08.052117Z[0m [34mDEBUG[0m [2mhyper::proto::h1::conn[0m[2m:[0m incoming body completed
[2m2025-12-10T10:10:08.052137Z[0m [34mDEBUG[0m [2mhyper::client::pool[0m[2m:[0m pooling idle connection for ("http", 192.168.0.14:8545)
[2m2025-12-10T10:10:08.053502Z[0m [34mDEBUG[0m [2methereum_transaction_pool_monitor::eth_client[0m[2m:[0m 📨 Received WebSocket message: {"jsonrpc":"2.0","method":"eth_subscription","params":{"subscription":"0xbed0a0851463e895960a451075a301a9","result":"0x7b3df489f21fa0e74d937977c1a079c47f02f955c507dd428d1ad129bc2d71d4"}}
[2m2025-12-10T10:10:08.053529Z[0m [34mDEBUG[0m [2methereum_transaction_pool_monitor::eth_client[0m[2m:[0m 📨 Received pending transaction: 0x7b3df489f21fa0e74d937977c1a079c47f02f955c507dd428d1ad129bc2d71d4
[2m2025-12-10T10:10:08.056357Z[0m [34mDEBUG[0m [2mhyper::proto::h1::io[0m[2m:[0m parsed 4 headers
[2m2025-12-10T10:10:08.056378Z[0m [34mDEBUG[0m [2mhyper::proto::h1::conn[0m[2m:[0m incoming body is content-length (778 bytes)
[2m2025-12-10T10:10:08.056418Z[0m [34mDEBUG[0m [2mhyper::proto::h1::conn[0m[2m:[0m incoming body completed
[2m2025-12-10T10:10:08.056427Z[0m [34mDEBUG[0m [2mhyper::client::pool[0m[2m:[0m pooling idle connection for ("http", 192.168.0.14:8545)
[2m2025-12-10T10:10:08.056445Z[0m [34mDEBUG[0m [2methereum_transaction_pool_monitor::eth_client[0m[2m:[0m 📡 Transaction fetch RPC completed in 8.681375ms
[2m2025-12-10T10:10:08.127693Z[0m [34mDEBUG[0m [2methereum_transaction_pool_monitor::eth_client[0m[2m:[0m ✅ Transaction 0x932f2079a59927898c64ff49e178324b4c2b7923f6a00b241ed6b7c4bc4e8c7a fetched and parsed in 79.926709ms
[2m2025-12-10T10:10:08.127718Z[0m [34mDEBUG[0m [2methereum_transaction_pool_monitor::mempool_monitor[0m[2m:[0m 🔍 Skipping tx 0x932f2079a59927898c64ff49e178324b4c2b7923f6a00b241ed6b7c4bc4e8c7a - not a DEX interaction (target: 0xFe0c30065B384F05761f15d0CC899D4F9F9Cc0eB)
[2m2025-12-10T10:10:08.127728Z[0m [34mDEBUG[0m [2methereum_transaction_pool_monitor::mempool_monitor[0m[2m:[0m 📨 Processing new pending transaction: 0xba342953c63c11558f12b1b9a060b79fa4250f695f8b64caddc96e39022b2906
[2m2025-12-10T10:10:08.127735Z[0m [34mDEBUG[0m [2methereum_transaction_pool_monitor::mempool_monitor[0m[2m:[0m 🔍 Fetching transaction details for: 0xba342953c63c11558f12b1b9a060b79fa4250f695f8b64caddc96e39022b2906
[2m2025-12-10T10:10:08.127742Z[0m [34mDEBUG[0m [2methereum_transaction_pool_monitor::eth_client[0m[2m:[0m 🔍 Fetching transaction details for hash: 0xba342953c63c11558f12b1b9a060b79fa4250f695f8b64caddc96e39022b2906
[2m2025-12-10T10:10:08.127758Z[0m [34mDEBUG[0m [2mhyper::client::pool[0m[2m:[0m reuse idle connection for ("http", 192.168.0.14:8545)
[2m2025-12-10T10:10:08.127788Z[0m [34mDEBUG[0m [2mhyper::proto::h1::io[0m[2m:[0m flushed 250 bytes
[2m2025-12-10T10:10:08.127818Z[0m [34mDEBUG[0m [2mhyper::client::pool[0m[2m:[0m reuse idle connection for ("http", 192.168.0.14:8545)
[2m2025-12-10T10:10:08.127834Z[0m [34mDEBUG[0m [2mhyper::proto::h1::io[0m[2m:[0m flushed 172 bytes
[2m2025-12-10T10:10:08.131575Z[0m [34mDEBUG[0m [2mhyper::proto::h1::io[0m[2m:[0m parsed 4 headers
[2m2025-12-10T10:10:08.131604Z[0m [34mDEBUG[0m [2mhyper::proto::h1::conn[0m[2m:[0m incoming body is content-length (45 bytes)
[2m2025-12-10T10:10:08.131628Z[0m [34mDEBUG[0m [2mhyper::proto::h1::conn[0m[2m:[0m incoming body completed
[2m2025-12-10T10:10:08.131638Z[0m [34mDEBUG[0m [2mhyper::client::pool[0m[2m:[0m pooling idle connection for ("http", 192.168.0.14:8545)
[2m2025-12-10T10:10:08.133386Z[0m [34mDEBUG[0m [2mhyper::proto::h1::io[0m[2m:[0m parsed 4 headers
[2m2025-12-10T10:10:08.133403Z[0m [34mDEBUG[0m [2mhyper::proto::h1::conn[0m[2m:[0m incoming body is content-length (2947 bytes)
[2m2025-12-10T10:10:08.133409Z[0m [34mDEBUG[0m [2mhyper::proto::h1::conn[0m[2m:[0m incoming body completed
[2m2025-12-10T10:10:08.133430Z[0m [34mDEBUG[0m [2mhyper::client::pool[0m[2m:[0m pooling idle connection for ("http", 192.168.0.14:8545)
[2m2025-12-10T10:10:08.133435Z[0m [34mDEBUG[0m [2methereum_transaction_pool_monitor::eth_client[0m[2m:[0m 📡 Transaction fetch RPC completed in 5.688583ms
[2m2025-12-10T10:10:08.204454Z[0m [34mDEBUG[0m [2methereum_transaction_pool_monitor::eth_client[0m[2m:[0m ✅ Transaction 0xba342953c63c11558f12b1b9a060b79fa4250f695f8b64caddc96e39022b2906 fetched and parsed in 76.705667ms
[2m2025-12-10T10:10:08.204481Z[0m [34mDEBUG[0m [2methereum_transaction_pool_monitor::mempool_monitor[0m[2m:[0m 🔍 Skipping tx 0xba342953c63c11558f12b1b9a060b79fa4250f695f8b64caddc96e39022b2906 - not a DEX interaction (target: 0xEE030ec6F4307411607E55aCD08e628Ae6655B86)
[2m2025-12-10T10:10:08.204498Z[0m [34mDEBUG[0m [2methereum_transaction_pool_monitor::mempool_monitor[0m[2m:[0m 📨 Processing new pending transaction: 0xa764d7e878dea3d726b89a080d599d6d0a8d4557f5e44d2b5025879c10d6e461
[2m2025-12-10T10:10:08.204507Z[0m [34mDEBUG[0m [2methereum_transaction_pool_monitor::mempool_monitor[0m[2m:[0m 🔍 Fetching transaction details for: 0xa764d7e878dea3d726b89a080d599d6d0a8d4557f5e44d2b5025879c10d6e461
[2m2025-12-10T10:10:08.204515Z[0m [34mDEBUG[0m [2methereum_transaction_pool_monitor::eth_client[0m[2m:[0m 🔍 Fetching transaction details for hash: 0xa764d7e878dea3d726b89a080d599d6d0a8d4557f5e44d2b5025879c10d6e461
[2m2025-12-10T10:10:08.204532Z[0m [34mDEBUG[0m [2mhyper::client::pool[0m[2m:[0m reuse idle connection for ("http", 192.168.0.14:8545)
[2m2025-12-10T10:10:08.204576Z[0m [34mDEBUG[0m [2mhyper::proto::h1::io[0m[2m:[0m flushed 250 bytes
[2m2025-12-10T10:10:08.204607Z[0m [34mDEBUG[0m [2mhyper::client::pool[0m[2m:[0m reuse idle connection for ("http", 192.168.0.14:8545)
[2m2025-12-10T10:10:08.204625Z[0m [34mDEBUG[0m [2mhyper::proto::h1::io[0m[2m:[0m flushed 172 bytes
[2m2025-12-10T10:10:08.208524Z[0m [34mDEBUG[0m [2mhyper::proto::h1::io[0m[2m:[0m parsed 4 headers
[2m2025-12-10T10:10:08.208531Z[0m [34mDEBUG[0m [2mhyper::proto::h1::conn[0m[2m:[0m incoming body is content-length (45 bytes)
[2m2025-12-10T10:10:08.208540Z[0m [34mDEBUG[0m [2mhyper::proto::h1::conn[0m[2m:[0m incoming body completed
[2m2025-12-10T10:10:08.208550Z[0m [34mDEBUG[0m [2mhyper::client::pool[0m[2m:[0m pooling idle connection for ("http", 192.168.0.14:8545)
[2m2025-12-10T10:10:08.209425Z[0m [34mDEBUG[0m [2mhyper::proto::h1::io[0m[2m:[0m parsed 4 headers
[2m2025-12-10T10:10:08.209458Z[0m [34mDEBUG[0m [2mhyper::proto::h1::conn[0m[2m:[0m incoming body is content-length (681 bytes)
[2m2025-12-10T10:10:08.209471Z[0m [34mDEBUG[0m [2mhyper::proto::h1::conn[0m[2m:[0m incoming body completed
[2m2025-12-10T10:10:08.209481Z[0m [34mDEBUG[0m [2mhyper::client::pool[0m[2m:[0m pooling idle connection for ("http", 192.168.0.14:8545)
[2m2025-12-10T10:10:08.209495Z[0m [34mDEBUG[0m [2methereum_transaction_pool_monitor::eth_client[0m[2m:[0m 📡 Transaction fetch RPC completed in 4.97475ms
[2m2025-12-10T10:10:08.209506Z[0m [34mDEBUG[0m [2methereum_transaction_pool_monitor::eth_client[0m[2m:[0m DeFi transaction detected - Address: 0xdac17f958d2ee523a2206206994597c13d831ec7, Type: Stablecoin, Value: 0 ETH, Gas: 5.00 Gwei
[2m2025-12-10T10:10:08.209522Z[0m [34mDEBUG[0m [2methereum_transaction_pool_monitor::eth_client[0m[2m:[0m ✅ Transaction 0xa764d7e878dea3d726b89a080d599d6d0a8d4557f5e44d2b5025879c10d6e461 fetched and parsed in 5.00175ms
[2m2025-12-10T10:10:08.209531Z[0m [34mDEBUG[0m [2methereum_transaction_pool_monitor::mempool_monitor[0m[2m:[0m 🔍 Skipping tx 0xa764d7e878dea3d726b89a080d599d6d0a8d4557f5e44d2b5025879c10d6e461 - not a DEX interaction (target: 0xdAC17F958D2ee523a2206206994597C13D831ec7)
[2m2025-12-10T10:10:08.209540Z[0m [34mDEBUG[0m [2methereum_transaction_pool_monitor::mempool_monitor[0m[2m:[0m 📨 Processing new pending transaction: 0x38d73a78139b2c2f6c6998b4522c5b8cee8148a9b14634e0c720fd31ed5b92dd
[2m2025-12-10T10:10:08.209547Z[0m [34mDEBUG[0m [2methereum_transaction_pool_monitor::mempool_monitor[0m[2m:[0m 🔍 Fetching transaction details for: 0x38d73a78139b2c2f6c6998b4522c5b8cee8148a9b14634e0c720fd31ed5b92dd
[2m2025-12-10T10:10:08.209551Z[0m [34mDEBUG[0m [2methereum_transaction_pool_monitor::eth_client[0m[2m:[0m 🔍 Fetching transaction details for hash: 0x38d73a78139b2c2f6c6998b4522c5b8cee8148a9b14634e0c720fd31ed5b92dd
[2m2025-12-10T10:10:08.209558Z[0m [34mDEBUG[0m [2mhyper::client::pool[0m[2m:[0m reuse idle connection for ("http", 192.168.0.14:8545)
[2m2025-12-10T10:10:08.209570Z[0m [34mDEBUG[0m [2mhyper::proto::h1::io[0m[2m:[0m flushed 250 bytes
[2m2025-12-10T10:10:08.213848Z[0m [34mDEBUG[0m [2mhyper::proto::h1::io[0m[2m:[0m parsed 4 headers
[2m2025-12-10T10:10:08.213854Z[0m [34mDEBUG[0m [2mhyper::proto::h1::conn[0m[2m:[0m incoming body is content-length (772 bytes)
[2m2025-12-10T10:10:08.213858Z[0m [34mDEBUG[0m [2mhyper::proto::h1::conn[0m[2m:[0m incoming body completed
[2m2025-12-10T10:10:08.213862Z[0m [34mDEBUG[0m [2mhyper::client::pool[0m[2m:[0m pooling idle connection for ("http", 192.168.0.14:8545)
[2m2025-12-10T10:10:08.213866Z[0m [34mDEBUG[0m [2methereum_transaction_pool_monitor::eth_client[0m[2m:[0m 📡 Transaction fetch RPC completed in 4.310292ms
[2m2025-12-10T10:10:08.284424Z[0m [34mDEBUG[0m [2methereum_transaction_pool_monitor::eth_client[0m[2m:[0m ✅ Transaction 0x38d73a78139b2c2f6c6998b4522c5b8cee8148a9b14634e0c720fd31ed5b92dd fetched and parsed in 74.866459ms
[2m2025-12-10T10:10:08.284451Z[0m [34mDEBUG[0m [2methereum_transaction_pool_monitor::mempool_monitor[0m[2m:[0m 🔍 Skipping tx 0x38d73a78139b2c2f6c6998b4522c5b8cee8148a9b14634e0c720fd31ed5b92dd - not a DEX interaction (target: 0xA0b86991c6218b36c1d19D4a2e9Eb0cE3606eB48)
[2m2025-12-10T10:10:08.284462Z[0m [34mDEBUG[0m [2methereum_transaction_pool_monitor::mempool_monitor[0m[2m:[0m 📨 Processing new pending transaction: 0xa9591eac596158e594a570efecd89d73655f323cad632834fa5dabdb0a6d3361
[2m2025-12-10T10:10:08.284468Z[0m [34mDEBUG[0m [2methereum_transaction_pool_monitor::mempool_monitor[0m[2m:[0m 🔍 Fetching transaction details for: 0xa9591eac596158e594a570efecd89d73655f323cad632834fa5dabdb0a6d3361
[2m2025-12-10T10:10:08.284474Z[0m [34mDEBUG[0m [2methereum_transaction_pool_monitor::eth_client[0m[2m:[0m 🔍 Fetching transaction details for hash: 0xa9591eac596158e594a570efecd89d73655f323cad632834fa5dabdb0a6d3361
[2m2025-12-10T10:10:08.284491Z[0m [34mDEBUG[0m [2mhyper::client::pool[0m[2m:[0m reuse idle connection for ("http", 192.168.0.14:8545)
[2m2025-12-10T10:10:08.284538Z[0m [34mDEBUG[0m [2mhyper::proto::h1::io[0m[2m:[0m flushed 250 bytes
[2m2025-12-10T10:10:08.288942Z[0m [34mDEBUG[0m [2mhyper::proto::h1::io[0m[2m:[0m parsed 4 headers
[2m2025-12-10T10:10:08.288970Z[0m [34mDEBUG[0m [2mhyper::proto::h1::conn[0m[2m:[0m incoming body is content-length (649 bytes)
[2m2025-12-10T10:10:08.288998Z[0m [34mDEBUG[0m [2mhyper::proto::h1::conn[0m[2m:[0m incoming body completed
[2m2025-12-10T10:10:08.289006Z[0m [34mDEBUG[0m [2mhyper::client::pool[0m[2m:[0m pooling idle connection for ("http", 192.168.0.14:8545)
[2m2025-12-10T10:10:08.289013Z[0m [34mDEBUG[0m [2methereum_transaction_pool_monitor::eth_client[0m[2m:[0m 📡 Transaction fetch RPC completed in 4.532625ms
[2m2025-12-10T10:10:08.360693Z[0m [34mDEBUG[0m [2methereum_transaction_pool_monitor::eth_client[0m[2m:[0m ✅ Transaction 0xa9591eac596158e594a570efecd89d73655f323cad632834fa5dabdb0a6d3361 fetched and parsed in 76.210334ms
[2m2025-12-10T10:10:08.360718Z[0m [34mDEBUG[0m [2methereum_transaction_pool_monitor::mempool_monitor[0m[2m:[0m 🔍 Skipping tx 0xa9591eac596158e594a570efecd89d73655f323cad632834fa5dabdb0a6d3361 - not a DEX interaction (target: 0xa866db6570C6a2A58464cF928F3f170f917097c0)
[2m2025-12-10T10:10:08.360730Z[0m [34mDEBUG[0m [2methereum_transaction_pool_monitor::mempool_monitor[0m[2m:[0m 📨 Processing new pending transaction: 0x72eaaf6939f5d1d220e4cd4399192a4a2086c32eec9c8fc5d4b8f05cf1a9be1a
[2m2025-12-10T10:10:08.360737Z[0m [34mDEBUG[0m [2methereum_transaction_pool_monitor::mempool_monitor[0m[2m:[0m 🔍 Fetching transaction details for: 0x72eaaf6939f5d1d220e4cd4399192a4a2086c32eec9c8fc5d4b8f05cf1a9be1a
[2m2025-12-10T10:10:08.360743Z[0m [34mDEBUG[0m [2methereum_transaction_pool_monitor::eth_client[0m[2m:[0m 🔍 Fetching transaction details for hash: 0x72eaaf6939f5d1d220e4cd4399192a4a2086c32eec9c8fc5d4b8f05cf1a9be1a
[2m2025-12-10T10:10:08.360761Z[0m [34mDEBUG[0m [2mhyper::client::pool[0m[2m:[0m reuse idle connection for ("http", 192.168.0.14:8545)
[2m2025-12-10T10:10:08.360803Z[0m [34mDEBUG[0m [2mhyper::proto::h1::io[0m[2m:[0m flushed 250 bytes
[2m2025-12-10T10:10:08.360823Z[0m [34mDEBUG[0m [2mhyper::client::pool[0m[2m:[0m reuse idle connection for ("http", 192.168.0.14:8545)
[2m2025-12-10T10:10:08.360831Z[0m [34mDEBUG[0m [2methereum_transaction_pool_monitor::eth_client[0m[2m:[0m 📨 Received WebSocket message: {"jsonrpc":"2.0","method":"eth_subscription","params":{"subscription":"0xbed0a0851463e895960a451075a301a9","result":"0x33b4380b8bd2a4cbc2e211a743284ecdeb0a78e19a3ef9c715db037d0913f76b"}}
[2m2025-12-10T10:10:08.360837Z[0m [34mDEBUG[0m [2mhyper::proto::h1::io[0m[2m:[0m flushed 172 bytes
[2m2025-12-10T10:10:08.360844Z[0m [34mDEBUG[0m [2methereum_transaction_pool_monitor::eth_client[0m[2m:[0m 📨 Received pending transaction: 0x33b4380b8bd2a4cbc2e211a743284ecdeb0a78e19a3ef9c715db037d0913f76b
[2m2025-12-10T10:10:08.360851Z[0m [34mDEBUG[0m [2methereum_transaction_pool_monitor::eth_client[0m[2m:[0m 📨 Received WebSocket message: {"jsonrpc":"2.0","method":"eth_subscription","params":{"subscription":"0xbed0a0851463e895960a451075a301a9","result":"0xc867636fe54a42db97d7a2806e687fd1508aef3fc681dca252f507d5ab76f993"}}
[2m2025-12-10T10:10:08.360857Z[0m [34mDEBUG[0m [2methereum_transaction_pool_monitor::eth_client[0m[2m:[0m 📨 Received pending transaction: 0xc867636fe54a42db97d7a2806e687fd1508aef3fc681dca252f507d5ab76f993
[2m2025-12-10T10:10:08.365506Z[0m [34mDEBUG[0m [2mhyper::proto::h1::io[0m[2m:[0m parsed 4 headers
[2m2025-12-10T10:10:08.365513Z[0m [34mDEBUG[0m [2mhyper::proto::h1::conn[0m[2m:[0m incoming body is content-length (45 bytes)
[2m2025-12-10T10:10:08.365520Z[0m [34mDEBUG[0m [2mhyper::proto::h1::conn[0m[2m:[0m incoming body completed
[2m2025-12-10T10:10:08.365528Z[0m [34mDEBUG[0m [2mhyper::client::pool[0m[2m:[0m pooling idle connection for ("http", 192.168.0.14:8545)
[2m2025-12-10T10:10:08.366224Z[0m [34mDEBUG[0m [2mhyper::proto::h1::io[0m[2m:[0m parsed 4 headers
[2m2025-12-10T10:10:08.366262Z[0m [34mDEBUG[0m [2mhyper::proto::h1::conn[0m[2m:[0m incoming body is content-length (767 bytes)
[2m2025-12-10T10:10:08.366271Z[0m [34mDEBUG[0m [2mhyper::proto::h1::conn[0m[2m:[0m incoming body completed
[2m2025-12-10T10:10:08.366279Z[0m [34mDEBUG[0m [2mhyper::client::pool[0m[2m:[0m pooling idle connection for ("http", 192.168.0.14:8545)
[2m2025-12-10T10:10:08.366294Z[0m [34mDEBUG[0m [2methereum_transaction_pool_monitor::eth_client[0m[2m:[0m 📡 Transaction fetch RPC completed in 5.546917ms
[2m2025-12-10T10:10:08.366307Z[0m [34mDEBUG[0m [2methereum_transaction_pool_monitor::eth_client[0m[2m:[0m DeFi transaction detected - Address: 0xdac17f958d2ee523a2206206994597c13d831ec7, Type: Stablecoin, Value: 0 ETH, Gas: 0.36 Gwei
[2m2025-12-10T10:10:08.366327Z[0m [34mDEBUG[0m [2methereum_transaction_pool_monitor::eth_client[0m[2m:[0m ✅ Transaction 0x72eaaf6939f5d1d220e4cd4399192a4a2086c32eec9c8fc5d4b8f05cf1a9be1a fetched and parsed in 5.579709ms
[2m2025-12-10T10:10:08.366336Z[0m [34mDEBUG[0m [2methereum_transaction_pool_monitor::mempool_monitor[0m[2m:[0m 🔍 Skipping tx 0x72eaaf6939f5d1d220e4cd4399192a4a2086c32eec9c8fc5d4b8f05cf1a9be1a - not a DEX interaction (target: 0xdAC17F958D2ee523a2206206994597C13D831ec7)
[2m2025-12-10T10:10:08.366343Z[0m [34mDEBUG[0m [2methereum_transaction_pool_monitor::mempool_monitor[0m[2m:[0m 📨 Processing new pending transaction: 0x8497e66997d850bedbafd5001150c985d10ab8daee9894104598304815c27349
[2m2025-12-10T10:10:08.366351Z[0m [34mDEBUG[0m [2methereum_transaction_pool_monitor::mempool_monitor[0m[2m:[0m 🔍 Fetching transaction details for: 0x8497e66997d850bedbafd5001150c985d10ab8daee9894104598304815c27349
[2m2025-12-10T10:10:08.366359Z[0m [34mDEBUG[0m [2methereum_transaction_pool_monitor::eth_client[0m[2m:[0m 🔍 Fetching transaction details for hash: 0x8497e66997d850bedbafd5001150c985d10ab8daee9894104598304815c27349
[2m2025-12-10T10:10:08.366372Z[0m [34mDEBUG[0m [2mhyper::client::pool[0m[2m:[0m reuse idle connection for ("http", 192.168.0.14:8545)
[2m2025-12-10T10:10:08.366390Z[0m [34mDEBUG[0m [2mhyper::proto::h1::io[0m[2m:[0m flushed 250 bytes
[2m2025-12-10T10:10:08.377242Z[0m [34mDEBUG[0m [2mhyper::proto::h1::io[0m[2m:[0m parsed 4 headers
[2m2025-12-10T10:10:08.377248Z[0m [34mDEBUG[0m [2mhyper::proto::h1::conn[0m[2m:[0m incoming body is content-length (651 bytes)
[2m2025-12-10T10:10:08.377252Z[0m [34mDEBUG[0m [2mhyper::proto::h1::conn[0m[2m:[0m incoming body completed
[2m2025-12-10T10:10:08.377257Z[0m [34mDEBUG[0m [2mhyper::client::pool[0m[2m:[0m pooling idle connection for ("http", 192.168.0.14:8545)
[2m2025-12-10T10:10:08.377261Z[0m [34mDEBUG[0m [2methereum_transaction_pool_monitor::eth_client[0m[2m:[0m 📡 Transaction fetch RPC completed in 10.894959ms
[2m2025-12-10T10:10:08.448650Z[0m [34mDEBUG[0m [2methereum_transaction_pool_monitor::eth_client[0m[2m:[0m ✅ Transaction 0x8497e66997d850bedbafd5001150c985d10ab8daee9894104598304815c27349 fetched and parsed in 82.280959ms
[2m2025-12-10T10:10:08.448679Z[0m [34mDEBUG[0m [2methereum_transaction_pool_monitor::mempool_monitor[0m[2m:[0m 🔍 Skipping tx 0x8497e66997d850bedbafd5001150c985d10ab8daee9894104598304815c27349 - not a DEX interaction (target: 0x2181aDFEcb6982f8Dea9aa58b02304cA986208c5)
[2m2025-12-10T10:10:08.448689Z[0m [34mDEBUG[0m [2methereum_transaction_pool_monitor::mempool_monitor[0m[2m:[0m 📨 Processing new pending transaction: 0x769b37819afb880a2c4ebbfeea121ed617c490ce19efc55e7faf7db0adbb338f
[2m2025-12-10T10:10:08.448702Z[0m [34mDEBUG[0m [2methereum_transaction_pool_monitor::mempool_monitor[0m[2m:[0m 🔍 Fetching transaction details for: 0x769b37819afb880a2c4ebbfeea121ed617c490ce19efc55e7faf7db0adbb338f
[2m2025-12-10T10:10:08.448711Z[0m [34mDEBUG[0m [2methereum_transaction_pool_monitor::eth_client[0m[2m:[0m 🔍 Fetching transaction details for hash: 0x769b37819afb880a2c4ebbfeea121ed617c490ce19efc55e7faf7db0adbb338f
[2m2025-12-10T10:10:08.448731Z[0m [34mDEBUG[0m [2mhyper::client::pool[0m[2m:[0m reuse idle connection for ("http", 192.168.0.14:8545)
[2m2025-12-10T10:10:08.448768Z[0m [34mDEBUG[0m [2mhyper::proto::h1::io[0m[2m:[0m flushed 250 bytes
[2m2025-12-10T10:10:08.448794Z[0m [34mDEBUG[0m [2mhyper::client::pool[0m[2m:[0m reuse idle connection for ("http", 192.168.0.14:8545)
[2m2025-12-10T10:10:08.448813Z[0m [34mDEBUG[0m [2mhyper::proto::h1::io[0m[2m:[0m flushed 172 bytes
[2m2025-12-10T10:10:08.454566Z[0m [34mDEBUG[0m [2mhyper::proto::h1::io[0m[2m:[0m parsed 4 headers
[2m2025-12-10T10:10:08.454601Z[0m [34mDEBUG[0m [2mhyper::proto::h1::conn[0m[2m:[0m incoming body is content-length (1477 bytes)
[2m2025-12-10T10:10:08.454621Z[0m [34mDEBUG[0m [2mhyper::proto::h1::conn[0m[2m:[0m incoming body completed
[2m2025-12-10T10:10:08.454647Z[0m [34mDEBUG[0m [2mhyper::client::pool[0m[2m:[0m pooling idle connection for ("http", 192.168.0.14:8545)
[2m2025-12-10T10:10:08.454654Z[0m [34mDEBUG[0m [2methereum_transaction_pool_monitor::eth_client[0m[2m:[0m 📡 Transaction fetch RPC completed in 5.937583ms
[2m2025-12-10T10:10:08.526276Z[0m [34mDEBUG[0m [2methereum_transaction_pool_monitor::eth_client[0m[2m:[0m ✅ Transaction 0x769b37819afb880a2c4ebbfeea121ed617c490ce19efc55e7faf7db0adbb338f fetched and parsed in 77.55775ms
[2m2025-12-10T10:10:08.527006Z[0m [34mDEBUG[0m [2methereum_transaction_pool_monitor::mempool_monitor[0m[2m:[0m 🔍 Skipping tx 0x769b37819afb880a2c4ebbfeea121ed617c490ce19efc55e7faf7db0adbb338f - not a DEX interaction (target: 0x173272739Bd7Aa6e4e214714048a9fE699453059)
[2m2025-12-10T10:10:08.527030Z[0m [34mDEBUG[0m [2methereum_transaction_pool_monitor::mempool_monitor[0m[2m:[0m 📨 Processing new pending transaction: 0xbd52252526b5157ecd358bdab3f6a078e301108bbe588320c303a2877787dd0d
[2m2025-12-10T10:10:08.527051Z[0m [34mDEBUG[0m [2methereum_transaction_pool_monitor::mempool_monitor[0m[2m:[0m 🔍 Fetching transaction details for: 0xbd52252526b5157ecd358bdab3f6a078e301108bbe588320c303a2877787dd0d
[2m2025-12-10T10:10:08.527057Z[0m [34mDEBUG[0m [2methereum_transaction_pool_monitor::eth_client[0m[2m:[0m 🔍 Fetching transaction details for hash: 0xbd52252526b5157ecd358bdab3f6a078e301108bbe588320c303a2877787dd0d
[2m2025-12-10T10:10:08.527074Z[0m [34mDEBUG[0m [2mhyper::client::pool[0m[2m:[0m reuse idle connection for ("http", 192.168.0.14:8545)
[2m2025-12-10T10:10:08.527114Z[0m [34mDEBUG[0m [2mhyper::proto::h1::io[0m[2m:[0m flushed 250 bytes
[2m2025-12-10T10:10:08.527132Z[0m [34mDEBUG[0m [2mhyper::proto::h1::io[0m[2m:[0m parsed 4 headers
[2m2025-12-10T10:10:08.527137Z[0m [34mDEBUG[0m [2mhyper::proto::h1::conn[0m[2m:[0m incoming body is content-length (45 bytes)
[2m2025-12-10T10:10:08.527145Z[0m [34mDEBUG[0m [2mhyper::proto::h1::conn[0m[2m:[0m incoming body completed
[2m2025-12-10T10:10:08.527153Z[0m [34mDEBUG[0m [2mhyper::client::pool[0m[2m:[0m pooling idle connection for ("http", 192.168.0.14:8545)
[2m2025-12-10T10:10:08.527172Z[0m [34mDEBUG[0m [2mhyper::client::pool[0m[2m:[0m reuse idle connection for ("http", 192.168.0.14:8545)
[2m2025-12-10T10:10:08.527189Z[0m [34mDEBUG[0m [2mhyper::proto::h1::io[0m[2m:[0m flushed 172 bytes
[2m2025-12-10T10:10:08.537141Z[0m [34mDEBUG[0m [2methereum_transaction_pool_monitor::eth_client[0m[2m:[0m 📨 Received WebSocket message: {"jsonrpc":"2.0","method":"eth_subscription","params":{"subscription":"0xbed0a0851463e895960a451075a301a9","result":"0x0e4ffb83bcdc7bdff19daf29b2b1b6311bf8d2605f7807a0b2c7698de1e29a9f"}}
[2m2025-12-10T10:10:08.537163Z[0m [34mDEBUG[0m [2methereum_transaction_pool_monitor::eth_client[0m[2m:[0m 📨 Received pending transaction: 0x0e4ffb83bcdc7bdff19daf29b2b1b6311bf8d2605f7807a0b2c7698de1e29a9f
[2m2025-12-10T10:10:08.539356Z[0m [34mDEBUG[0m [2mhyper::proto::h1::io[0m[2m:[0m parsed 4 headers
[2m2025-12-10T10:10:08.539385Z[0m [34mDEBUG[0m [2mhyper::proto::h1::conn[0m[2m:[0m incoming body is content-length (45 bytes)
[2m2025-12-10T10:10:08.539396Z[0m [34mDEBUG[0m [2mhyper::proto::h1::conn[0m[2m:[0m incoming body completed
[2m2025-12-10T10:10:08.539420Z[0m [34mDEBUG[0m [2mhyper::client::pool[0m[2m:[0m pooling idle connection for ("http", 192.168.0.14:8545)
[2m2025-12-10T10:10:08.541208Z[0m [34mDEBUG[0m [2mhyper::proto::h1::io[0m[2m:[0m parsed 4 headers
[2m2025-12-10T10:10:08.541229Z[0m [34mDEBUG[0m [2mhyper::proto::h1::conn[0m[2m:[0m incoming body is content-length (770 bytes)
[2m2025-12-10T10:10:08.541248Z[0m [34mDEBUG[0m [2mhyper::proto::h1::conn[0m[2m:[0m incoming body completed
[2m2025-12-10T10:10:08.541266Z[0m [34mDEBUG[0m [2mhyper::client::pool[0m[2m:[0m pooling idle connection for ("http", 192.168.0.14:8545)
[2m2025-12-10T10:10:08.541272Z[0m [34mDEBUG[0m [2methereum_transaction_pool_monitor::eth_client[0m[2m:[0m 📡 Transaction fetch RPC completed in 14.209625ms
[2m2025-12-10T10:10:08.541299Z[0m [34mDEBUG[0m [2methereum_transaction_pool_monitor::eth_client[0m[2m:[0m DeFi transaction detected - Address: 0xdac17f958d2ee523a2206206994597c13d831ec7, Type: Stablecoin, Value: 0 ETH, Gas: 1.75 Gwei
[2m2025-12-10T10:10:08.541312Z[0m [34mDEBUG[0m [2methereum_transaction_pool_monitor::eth_client[0m[2m:[0m ✅ Transaction 0xbd52252526b5157ecd358bdab3f6a078e301108bbe588320c303a2877787dd0d fetched and parsed in 14.249875ms
[2m2025-12-10T10:10:08.541318Z[0m [34mDEBUG[0m [2methereum_transaction_pool_monitor::mempool_monitor[0m[2m:[0m 🔍 Skipping tx 0xbd52252526b5157ecd358bdab3f6a078e301108bbe588320c303a2877787dd0d - not a DEX interaction (target: 0xdAC17F958D2ee523a2206206994597C13D831ec7)
[2m2025-12-10T10:10:08.541325Z[0m [34mDEBUG[0m [2methereum_transaction_pool_monitor::mempool_monitor[0m[2m:[0m 📨 Processing new pending transaction: 0x0e6a12c688b37265e310f264a0f9b88e8826084aa8a21a8da8cd08e7089f7b24
[2m2025-12-10T10:10:08.541329Z[0m [34mDEBUG[0m [2methereum_transaction_pool_monitor::mempool_monitor[0m[2m:[0m 🔍 Fetching transaction details for: 0x0e6a12c688b37265e310f264a0f9b88e8826084aa8a21a8da8cd08e7089f7b24
[2m2025-12-10T10:10:08.541333Z[0m [34mDEBUG[0m [2methereum_transaction_pool_monitor::eth_client[0m[2m:[0m 🔍 Fetching transaction details for hash: 0x0e6a12c688b37265e310f264a0f9b88e8826084aa8a21a8da8cd08e7089f7b24
[2m2025-12-10T10:10:08.541348Z[0m [34mDEBUG[0m [2mhyper::client::pool[0m[2m:[0m reuse idle connection for ("http", 192.168.0.14:8545)
[2m2025-12-10T10:10:08.541367Z[0m [34mDEBUG[0m [2mhyper::proto::h1::io[0m[2m:[0m flushed 250 bytes
[2m2025-12-10T10:10:08.546731Z[0m [34mDEBUG[0m [2mhyper::proto::h1::io[0m[2m:[0m parsed 4 headers
[2m2025-12-10T10:10:08.546748Z[0m [34mDEBUG[0m [2mhyper::proto::h1::conn[0m[2m:[0m incoming body is content-length (770 bytes)
[2m2025-12-10T10:10:08.546755Z[0m [34mDEBUG[0m [2mhyper::proto::h1::conn[0m[2m:[0m incoming body completed
[2m2025-12-10T10:10:08.546764Z[0m [34mDEBUG[0m [2mhyper::client::pool[0m[2m:[0m pooling idle connection for ("http", 192.168.0.14:8545)
[2m2025-12-10T10:10:08.546771Z[0m [34mDEBUG[0m [2methereum_transaction_pool_monitor::eth_client[0m[2m:[0m 📡 Transaction fetch RPC completed in 5.434042ms
[2m2025-12-10T10:10:08.616139Z[0m [34mDEBUG[0m [2methereum_transaction_pool_monitor::eth_client[0m[2m:[0m ✅ Transaction 0x0e6a12c688b37265e310f264a0f9b88e8826084aa8a21a8da8cd08e7089f7b24 fetched and parsed in 74.800042ms
[2m2025-12-10T10:10:08.616169Z[0m [34mDEBUG[0m [2methereum_transaction_pool_monitor::mempool_monitor[0m[2m:[0m 🔍 Skipping tx 0x0e6a12c688b37265e310f264a0f9b88e8826084aa8a21a8da8cd08e7089f7b24 - not a DEX interaction (target: 0xB8f28C60dD8240141185a192fa4156A23E189305)
[2m2025-12-10T10:10:08.616178Z[0m [34mDEBUG[0m [2methereum_transaction_pool_monitor::mempool_monitor[0m[2m:[0m 📨 Processing new pending transaction: 0x76021a9599e3659bc0dbe8016e9466e220d72aed6801f53741de97d4b6d98aa2
[2m2025-12-10T10:10:08.616183Z[0m [34mDEBUG[0m [2methereum_transaction_pool_monitor::mempool_monitor[0m[2m:[0m 🔍 Fetching transaction details for: 0x76021a9599e3659bc0dbe8016e9466e220d72aed6801f53741de97d4b6d98aa2
[2m2025-12-10T10:10:08.616188Z[0m [34mDEBUG[0m [2methereum_transaction_pool_monitor::eth_client[0m[2m:[0m 🔍 Fetching transaction details for hash: 0x76021a9599e3659bc0dbe8016e9466e220d72aed6801f53741de97d4b6d98aa2
[2m2025-12-10T10:10:08.616206Z[0m [34mDEBUG[0m [2mhyper::client::pool[0m[2m:[0m reuse idle connection for ("http", 192.168.0.14:8545)
[2m2025-12-10T10:10:08.616258Z[0m [34mDEBUG[0m [2mhyper::proto::h1::io[0m[2m:[0m flushed 250 bytes
[2m2025-12-10T10:10:08.616285Z[0m [34mDEBUG[0m [2mhyper::client::pool[0m[2m:[0m reuse idle connection for ("http", 192.168.0.14:8545)
[2m2025-12-10T10:10:08.616298Z[0m [34mDEBUG[0m [2mhyper::proto::h1::io[0m[2m:[0m flushed 172 bytes
[2m2025-12-10T10:10:08.625777Z[0m [34mDEBUG[0m [2mhyper::proto::h1::io[0m[2m:[0m parsed 4 headers
[2m2025-12-10T10:10:08.625791Z[0m [34mDEBUG[0m [2mhyper::proto::h1::conn[0m[2m:[0m incoming body is content-length (764 bytes)
[2m2025-12-10T10:10:08.625799Z[0m [34mDEBUG[0m [2mhyper::proto::h1::conn[0m[2m:[0m incoming body completed
[2m2025-12-10T10:10:08.625808Z[0m [34mDEBUG[0m [2mhyper::client::pool[0m[2m:[0m pooling idle connection for ("http", 192.168.0.14:8545)
[2m2025-12-10T10:10:08.625814Z[0m [34mDEBUG[0m [2methereum_transaction_pool_monitor::eth_client[0m[2m:[0m 📡 Transaction fetch RPC completed in 9.622208ms
[2m2025-12-10T10:10:08.625829Z[0m [34mDEBUG[0m [2methereum_transaction_pool_monitor::eth_client[0m[2m:[0m DeFi transaction detected - Address: 0xdac17f958d2ee523a2206206994597c13d831ec7, Type: Stablecoin, Value: 0 ETH, Gas: 0.44 Gwei
[2m2025-12-10T10:10:08.625840Z[0m [34mDEBUG[0m [2methereum_transaction_pool_monitor::eth_client[0m[2m:[0m ✅ Transaction 0x76021a9599e3659bc0dbe8016e9466e220d72aed6801f53741de97d4b6d98aa2 fetched and parsed in 9.647666ms
[2m2025-12-10T10:10:08.625845Z[0m [34mDEBUG[0m [2methereum_transaction_pool_monitor::mempool_monitor[0m[2m:[0m 🔍 Skipping tx 0x76021a9599e3659bc0dbe8016e9466e220d72aed6801f53741de97d4b6d98aa2 - not a DEX interaction (target: 0xdAC17F958D2ee523a2206206994597C13D831ec7)
[2m2025-12-10T10:10:08.625852Z[0m [34mDEBUG[0m [2methereum_transaction_pool_monitor::mempool_monitor[0m[2m:[0m 📨 Processing new pending transaction: 0xbfeaed062bc5ce0e20092046d4db6a5486ed10e5359f9575c0058b4ca278700b
[2m2025-12-10T10:10:08.625856Z[0m [34mDEBUG[0m [2methereum_transaction_pool_monitor::mempool_monitor[0m[2m:[0m 🔍 Fetching transaction details for: 0xbfeaed062bc5ce0e20092046d4db6a5486ed10e5359f9575c0058b4ca278700b
[2m2025-12-10T10:10:08.625860Z[0m [34mDEBUG[0m [2methereum_transaction_pool_monitor::eth_client[0m[2m:[0m 🔍 Fetching transaction details for hash: 0xbfeaed062bc5ce0e20092046d4db6a5486ed10e5359f9575c0058b4ca278700b
[2m2025-12-10T10:10:08.625871Z[0m [34mDEBUG[0m [2mhyper::client::pool[0m[2m:[0m reuse idle connection for ("http", 192.168.0.14:8545)
[2m2025-12-10T10:10:08.625896Z[0m [34mDEBUG[0m [2mhyper::proto::h1::io[0m[2m:[0m flushed 250 bytes
[2m2025-12-10T10:10:08.627089Z[0m [34mDEBUG[0m [2mhyper::proto::h1::io[0m[2m:[0m parsed 4 headers
[2m2025-12-10T10:10:08.627094Z[0m [34mDEBUG[0m [2mhyper::proto::h1::conn[0m[2m:[0m incoming body is content-length (45 bytes)
[2m2025-12-10T10:10:08.627099Z[0m [34mDEBUG[0m [2mhyper::proto::h1::conn[0m[2m:[0m incoming body completed
[2m2025-12-10T10:10:08.627105Z[0m [34mDEBUG[0m [2mhyper::client::pool[0m[2m:[0m pooling idle connection for ("http", 192.168.0.14:8545)
[2m2025-12-10T10:10:08.630223Z[0m [34mDEBUG[0m [2mhyper::proto::h1::io[0m[2m:[0m parsed 4 headers
[2m2025-12-10T10:10:08.630245Z[0m [34mDEBUG[0m [2mhyper::proto::h1::conn[0m[2m:[0m incoming body is content-length (765 bytes)
[2m2025-12-10T10:10:08.630263Z[0m [34mDEBUG[0m [2mhyper::proto::h1::conn[0m[2m:[0m incoming body completed
[2m2025-12-10T10:10:08.630282Z[0m [34mDEBUG[0m [2mhyper::client::pool[0m[2m:[0m pooling idle connection for ("http", 192.168.0.14:8545)
[2m2025-12-10T10:10:08.630287Z[0m [34mDEBUG[0m [2methereum_transaction_pool_monitor::eth_client[0m[2m:[0m 📡 Transaction fetch RPC completed in 4.42325ms
[2m2025-12-10T10:10:08.630296Z[0m [34mDEBUG[0m [2methereum_transaction_pool_monitor::eth_client[0m[2m:[0m DeFi transaction detected - Address: 0xdac17f958d2ee523a2206206994597c13d831ec7, Type: Stablecoin, Value: 0 ETH, Gas: 0.44 Gwei
[2m2025-12-10T10:10:08.630314Z[0m [34mDEBUG[0m [2methereum_transaction_pool_monitor::eth_client[0m[2m:[0m ✅ Transaction 0xbfeaed062bc5ce0e20092046d4db6a5486ed10e5359f9575c0058b4ca278700b fetched and parsed in 4.450375ms
[2m2025-12-10T10:10:08.630319Z[0m [34mDEBUG[0m [2methereum_transaction_pool_monitor::mempool_monitor[0m[2m:[0m 🔍 Skipping tx 0xbfeaed062bc5ce0e20092046d4db6a5486ed10e5359f9575c0058b4ca278700b - not a DEX interaction (target: 0xdAC17F958D2ee523a2206206994597C13D831ec7)
[2m2025-12-10T10:10:08.630324Z[0m [34mDEBUG[0m [2methereum_transaction_pool_monitor::mempool_monitor[0m[2m:[0m 📨 Processing new pending transaction: 0x9066ebb6b907331792b9f86114062645f3becbee8956b83885b510f7228fffa6
[2m2025-12-10T10:10:08.630328Z[0m [34mDEBUG[0m [2methereum_transaction_pool_monitor::mempool_monitor[0m[2m:[0m 🔍 Fetching transaction details for: 0x9066ebb6b907331792b9f86114062645f3becbee8956b83885b510f7228fffa6
[2m2025-12-10T10:10:08.630331Z[0m [34mDEBUG[0m [2methereum_transaction_pool_monitor::eth_client[0m[2m:[0m 🔍 Fetching transaction details for hash: 0x9066ebb6b907331792b9f86114062645f3becbee8956b83885b510f7228fffa6
[2m2025-12-10T10:10:08.630339Z[0m [34mDEBUG[0m [2mhyper::client::pool[0m[2m:[0m reuse idle connection for ("http", 192.168.0.14:8545)
[2m2025-12-10T10:10:08.630354Z[0m [34mDEBUG[0m [2mhyper::proto::h1::io[0m[2m:[0m flushed 250 bytes
[2m2025-12-10T10:10:08.634993Z[0m [34mDEBUG[0m [2mhyper::proto::h1::io[0m[2m:[0m parsed 4 headers
[2m2025-12-10T10:10:08.638849Z[0m [34mDEBUG[0m [2mhyper::proto::h1::conn[0m[2m:[0m incoming body is content-length (771 bytes)
[2m2025-12-10T10:10:08.638860Z[0m [34mDEBUG[0m [2mhyper::proto::h1::conn[0m[2m:[0m incoming body completed
[2m2025-12-10T10:10:08.638874Z[0m [34mDEBUG[0m [2mhyper::client::pool[0m[2m:[0m pooling idle connection for ("http", 192.168.0.14:8545)
[2m2025-12-10T10:10:08.638886Z[0m [34mDEBUG[0m [2methereum_transaction_pool_monitor::eth_client[0m[2m:[0m 📡 Transaction fetch RPC completed in 8.551417ms
[2m2025-12-10T10:10:08.638909Z[0m [34mDEBUG[0m [2methereum_transaction_pool_monitor::eth_client[0m[2m:[0m DeFi transaction detected - Address: 0xdac17f958d2ee523a2206206994597c13d831ec7, Type: Stablecoin, Value: 0 ETH, Gas: 1.75 Gwei
[2m2025-12-10T10:10:08.638920Z[0m [34mDEBUG[0m [2methereum_transaction_pool_monitor::eth_client[0m[2m:[0m ✅ Transaction 0x9066ebb6b907331792b9f86114062645f3becbee8956b83885b510f7228fffa6 fetched and parsed in 8.585375ms
[2m2025-12-10T10:10:08.638929Z[0m [34mDEBUG[0m [2methereum_transaction_pool_monitor::mempool_monitor[0m[2m:[0m 🔍 Skipping tx 0x9066ebb6b907331792b9f86114062645f3becbee8956b83885b510f7228fffa6 - not a DEX interaction (target: 0xdAC17F958D2ee523a2206206994597C13D831ec7)
[2m2025-12-10T10:10:08.638936Z[0m [34mDEBUG[0m [2methereum_transaction_pool_monitor::mempool_monitor[0m[2m:[0m 📨 Processing new pending transaction: 0x90fca7b77849dc9e0536ed4627052274e327294dad4976e111c63204f23ebd82
[2m2025-12-10T10:10:08.638943Z[0m [34mDEBUG[0m [2methereum_transaction_pool_monitor::mempool_monitor[0m[2m:[0m 🔍 Fetching transaction details for: 0x90fca7b77849dc9e0536ed4627052274e327294dad4976e111c63204f23ebd82
[2m2025-12-10T10:10:08.638947Z[0m [34mDEBUG[0m [2methereum_transaction_pool_monitor::eth_client[0m[2m:[0m 🔍 Fetching transaction details for hash: 0x90fca7b77849dc9e0536ed4627052274e327294dad4976e111c63204f23ebd82
[2m2025-12-10T10:10:08.638958Z[0m [34mDEBUG[0m [2mhyper::client::pool[0m[2m:[0m reuse idle connection for ("http", 192.168.0.14:8545)
[2m2025-12-10T10:10:08.638972Z[0m [34mDEBUG[0m [2mhyper::proto::h1::io[0m[2m:[0m flushed 250 bytes
[2m2025-12-10T10:10:08.643368Z[0m [34mDEBUG[0m [2mhyper::proto::h1::io[0m[2m:[0m parsed 4 headers
[2m2025-12-10T10:10:08.643379Z[0m [34mDEBUG[0m [2mhyper::proto::h1::conn[0m[2m:[0m incoming body is content-length (828 bytes)
[2m2025-12-10T10:10:08.643386Z[0m [34mDEBUG[0m [2mhyper::proto::h1::conn[0m[2m:[0m incoming body completed
[2m2025-12-10T10:10:08.643394Z[0m [34mDEBUG[0m [2mhyper::client::pool[0m[2m:[0m pooling idle connection for ("http", 192.168.0.14:8545)
[2m2025-12-10T10:10:08.643400Z[0m [34mDEBUG[0m [2methereum_transaction_pool_monitor::eth_client[0m[2m:[0m 📡 Transaction fetch RPC completed in 4.44875ms
[2m2025-12-10T10:10:08.714192Z[0m [34mDEBUG[0m [2methereum_transaction_pool_monitor::eth_client[0m[2m:[0m ✅ Transaction 0x90fca7b77849dc9e0536ed4627052274e327294dad4976e111c63204f23ebd82 fetched and parsed in 75.2395ms
[2m2025-12-10T10:10:08.714217Z[0m [34mDEBUG[0m [2methereum_transaction_pool_monitor::mempool_monitor[0m[2m:[0m 🔍 Skipping tx 0x90fca7b77849dc9e0536ed4627052274e327294dad4976e111c63204f23ebd82 - not a DEX interaction (target: 0x7a01AB844767469e321109D0b465ABaF1E774d26)
[2m2025-12-10T10:10:08.714227Z[0m [34mDEBUG[0m [2methereum_transaction_pool_monitor::mempool_monitor[0m[2m:[0m 📨 Processing new pending transaction: 0xb84a3ce80604ab78844153dcba57f1b7b20c9188dfbdd9e8cae92fdaa0deb585
[2m2025-12-10T10:10:08.714235Z[0m [34mDEBUG[0m [2methereum_transaction_pool_monitor::mempool_monitor[0m[2m:[0m 🔍 Fetching transaction details for: 0xb84a3ce80604ab78844153dcba57f1b7b20c9188dfbdd9e8cae92fdaa0deb585
[2m2025-12-10T10:10:08.714243Z[0m [34mDEBUG[0m [2methereum_transaction_pool_monitor::eth_client[0m[2m:[0m 🔍 Fetching transaction details for hash: 0xb84a3ce80604ab78844153dcba57f1b7b20c9188dfbdd9e8cae92fdaa0deb585
[2m2025-12-10T10:10:08.714261Z[0m [34mDEBUG[0m [2mhyper::client::pool[0m[2m:[0m reuse idle connection for ("http", 192.168.0.14:8545)
[2m2025-12-10T10:10:08.714294Z[0m [34mDEBUG[0m [2mhyper::proto::h1::io[0m[2m:[0m flushed 250 bytes
[2m2025-12-10T10:10:08.714313Z[0m [34mDEBUG[0m [2mhyper::client::pool[0m[2m:[0m reuse idle connection for ("http", 192.168.0.14:8545)
[2m2025-12-10T10:10:08.714329Z[0m [34mDEBUG[0m [2mhyper::proto::h1::io[0m[2m:[0m flushed 172 bytes
[2m2025-12-10T10:10:08.714364Z[0m [34mDEBUG[0m [2methereum_transaction_pool_monitor::eth_client[0m[2m:[0m 📨 Received WebSocket message: {"jsonrpc":"2.0","method":"eth_subscription","params":{"subscription":"0xbed0a0851463e895960a451075a301a9","result":"0x3c29327dbc7bdbcceda86ac953035e29fdbe69931bf6df4dd37c1d730fdacb82"}}
[2m2025-12-10T10:10:08.714373Z[0m [34mDEBUG[0m [2methereum_transaction_pool_monitor::eth_client[0m[2m:[0m 📨 Received pending transaction: 0x3c29327dbc7bdbcceda86ac953035e29fdbe69931bf6df4dd37c1d730fdacb82
[2m2025-12-10T10:10:08.717884Z[0m [34mDEBUG[0m [2mhyper::proto::h1::io[0m[2m:[0m parsed 4 headers
[2m2025-12-10T10:10:08.717903Z[0m [34mDEBUG[0m [2mhyper::proto::h1::conn[0m[2m:[0m incoming body is content-length (45 bytes)
[2m2025-12-10T10:10:08.717911Z[0m [34mDEBUG[0m [2mhyper::proto::h1::conn[0m[2m:[0m incoming body completed
[2m2025-12-10T10:10:08.717921Z[0m [34mDEBUG[0m [2mhyper::client::pool[0m[2m:[0m pooling idle connection for ("http", 192.168.0.14:8545)
[2m2025-12-10T10:10:08.719077Z[0m [34mDEBUG[0m [2mhyper::proto::h1::io[0m[2m:[0m parsed 4 headers
[2m2025-12-10T10:10:08.719086Z[0m [34mDEBUG[0m [2mhyper::proto::h1::conn[0m[2m:[0m incoming body is content-length (557 bytes)
[2m2025-12-10T10:10:08.719094Z[0m [34mDEBUG[0m [2mhyper::proto::h1::conn[0m[2m:[0m incoming body completed
[2m2025-12-10T10:10:08.719104Z[0m [34mDEBUG[0m [2mhyper::client::pool[0m[2m:[0m pooling idle connection for ("http", 192.168.0.14:8545)
[2m2025-12-10T10:10:08.719109Z[0m [34mDEBUG[0m [2methereum_transaction_pool_monitor::eth_client[0m[2m:[0m 📡 Transaction fetch RPC completed in 4.861458ms
[2m2025-12-10T10:10:08.791064Z[0m [34mDEBUG[0m [2methereum_transaction_pool_monitor::eth_client[0m[2m:[0m ✅ Transaction 0xb84a3ce80604ab78844153dcba57f1b7b20c9188dfbdd9e8cae92fdaa0deb585 fetched and parsed in 76.813583ms
[2m2025-12-10T10:10:08.791092Z[0m [34mDEBUG[0m [2methereum_transaction_pool_monitor::mempool_monitor[0m[2m:[0m 🔍 Skipping tx 0xb84a3ce80604ab78844153dcba57f1b7b20c9188dfbdd9e8cae92fdaa0deb585 - not a DEX interaction (target: 0x6a1A999Ef4ac26d6246B64f9A233fbef43958BC5)
[2m2025-12-10T10:10:08.791106Z[0m [34mDEBUG[0m [2methereum_transaction_pool_monitor::mempool_monitor[0m[2m:[0m 📨 Processing new pending transaction: 0xb62f52658685c72143df29d1bfdaa3e0570fc49b59abca4399d17b607e7d5c7e
[2m2025-12-10T10:10:08.791114Z[0m [34mDEBUG[0m [2methereum_transaction_pool_monitor::mempool_monitor[0m[2m:[0m 🔍 Fetching transaction details for: 0xb62f52658685c72143df29d1bfdaa3e0570fc49b59abca4399d17b607e7d5c7e
[2m2025-12-10T10:10:08.791123Z[0m [34mDEBUG[0m [2methereum_transaction_pool_monitor::eth_client[0m[2m:[0m 🔍 Fetching transaction details for hash: 0xb62f52658685c72143df29d1bfdaa3e0570fc49b59abca4399d17b607e7d5c7e
[2m2025-12-10T10:10:08.791142Z[0m [34mDEBUG[0m [2mhyper::client::pool[0m[2m:[0m reuse idle connection for ("http", 192.168.0.14:8545)
[2m2025-12-10T10:10:08.791184Z[0m [34mDEBUG[0m [2mhyper::proto::h1::io[0m[2m:[0m flushed 250 bytes
[2m2025-12-10T10:10:08.797478Z[0m [34mDEBUG[0m [2mhyper::client::pool[0m[2m:[0m reuse idle connection for ("http", 192.168.0.14:8545)
[2m2025-12-10T10:10:08.797504Z[0m [34mDEBUG[0m [2mhyper::proto::h1::io[0m[2m:[0m flushed 172 bytes
[2m2025-12-10T10:10:08.798240Z[0m [34mDEBUG[0m [2mhyper::proto::h1::io[0m[2m:[0m parsed 4 headers
[2m2025-12-10T10:10:08.798246Z[0m [34mDEBUG[0m [2mhyper::proto::h1::conn[0m[2m:[0m incoming body is content-length (714 bytes)
[2m2025-12-10T10:10:08.798252Z[0m [34mDEBUG[0m [2mhyper::proto::h1::conn[0m[2m:[0m incoming body completed
[2m2025-12-10T10:10:08.798260Z[0m [34mDEBUG[0m [2mhyper::client::pool[0m[2m:[0m pooling idle connection for ("http", 192.168.0.14:8545)
[2m2025-12-10T10:10:08.798265Z[0m [34mDEBUG[0m [2methereum_transaction_pool_monitor::eth_client[0m[2m:[0m 📡 Transaction fetch RPC completed in 7.134708ms
[2m2025-12-10T10:10:08.866556Z[0m [34mDEBUG[0m [2methereum_transaction_pool_monitor::eth_client[0m[2m:[0m ✅ Transaction 0xb62f52658685c72143df29d1bfdaa3e0570fc49b59abca4399d17b607e7d5c7e fetched and parsed in 75.422667ms
[2m2025-12-10T10:10:08.866585Z[0m [34mDEBUG[0m [2methereum_transaction_pool_monitor::mempool_monitor[0m[2m:[0m 🔍 Skipping tx 0xb62f52658685c72143df29d1bfdaa3e0570fc49b59abca4399d17b607e7d5c7e - not a DEX interaction (target: 0xd6FDFfa6Fa38a4cA7a2a218d6f5c6eA3F0261511)
[2m2025-12-10T10:10:08.866602Z[0m [34mDEBUG[0m [2methereum_transaction_pool_monitor::mempool_monitor[0m[2m:[0m 📨 Processing new pending transaction: 0x835fa0fa4301aec22aa5d96a63877a5f4d74e9d53dd990e6a15130c8ae8bbdda
[2m2025-12-10T10:10:08.866612Z[0m [34mDEBUG[0m [2methereum_transaction_pool_monitor::mempool_monitor[0m[2m:[0m 🔍 Fetching transaction details for: 0x835fa0fa4301aec22aa5d96a63877a5f4d74e9d53dd990e6a15130c8ae8bbdda
[2m2025-12-10T10:10:08.866618Z[0m [34mDEBUG[0m [2methereum_transaction_pool_monitor::eth_client[0m[2m:[0m 🔍 Fetching transaction details for hash: 0x835fa0fa4301aec22aa5d96a63877a5f4d74e9d53dd990e6a15130c8ae8bbdda
[2m2025-12-10T10:10:08.866638Z[0m [34mDEBUG[0m [2mhyper::client::pool[0m[2m:[0m reuse idle connection for ("http", 192.168.0.14:8545)
[2m2025-12-10T10:10:08.866672Z[0m [34mDEBUG[0m [2mhyper::proto::h1::io[0m[2m:[0m flushed 250 bytes
[2m2025-12-10T10:10:08.866689Z[0m [34mDEBUG[0m [2mhyper::proto::h1::io[0m[2m:[0m parsed 4 headers
[2m2025-12-10T10:10:08.866696Z[0m [34mDEBUG[0m [2mhyper::proto::h1::conn[0m[2m:[0m incoming body is content-length (45 bytes)
[2m2025-12-10T10:10:08.866704Z[0m [34mDEBUG[0m [2mhyper::proto::h1::conn[0m[2m:[0m incoming body completed
[2m2025-12-10T10:10:08.866717Z[0m [34mDEBUG[0m [2mhyper::client::pool[0m[2m:[0m pooling idle connection for ("http", 192.168.0.14:8545)
[2m2025-12-10T10:10:08.875534Z[0m [34mDEBUG[0m [2mhyper::proto::h1::io[0m[2m:[0m parsed 4 headers
[2m2025-12-10T10:10:08.875548Z[0m [34mDEBUG[0m [2mhyper::proto::h1::conn[0m[2m:[0m incoming body is content-length (770 bytes)
[2m2025-12-10T10:10:08.875554Z[0m [34mDEBUG[0m [2mhyper::proto::h1::conn[0m[2m:[0m incoming body completed
[2m2025-12-10T10:10:08.875563Z[0m [34mDEBUG[0m [2mhyper::client::pool[0m[2m:[0m pooling idle connection for ("http", 192.168.0.14:8545)
[2m2025-12-10T10:10:08.875568Z[0m [34mDEBUG[0m [2methereum_transaction_pool_monitor::eth_client[0m[2m:[0m 📡 Transaction fetch RPC completed in 8.943291ms
[2m2025-12-10T10:10:08.875582Z[0m [34mDEBUG[0m [2methereum_transaction_pool_monitor::eth_client[0m[2m:[0m DeFi transaction detected - Address: 0xdac17f958d2ee523a2206206994597c13d831ec7, Type: Stablecoin, Value: 0 ETH, Gas: 1.75 Gwei
[2m2025-12-10T10:10:08.875593Z[0m [34mDEBUG[0m [2methereum_transaction_pool_monitor::eth_client[0m[2m:[0m ✅ Transaction 0x835fa0fa4301aec22aa5d96a63877a5f4d74e9d53dd990e6a15130c8ae8bbdda fetched and parsed in 8.96775ms
[2m2025-12-10T10:10:08.875598Z[0m [34mDEBUG[0m [2methereum_transaction_pool_monitor::mempool_monitor[0m[2m:[0m 🔍 Skipping tx 0x835fa0fa4301aec22aa5d96a63877a5f4d74e9d53dd990e6a15130c8ae8bbdda - not a DEX interaction (target: 0xdAC17F958D2ee523a2206206994597C13D831ec7)
[2m2025-12-10T10:10:08.875605Z[0m [34mDEBUG[0m [2methereum_transaction_pool_monitor::mempool_monitor[0m[2m:[0m 📨 Processing new pending transaction: 0xe2e7ea5f7bd22a399d64298f0b76a09a99e22d5d9c8e298afdc256576bdf13ac
[2m2025-12-10T10:10:08.875609Z[0m [34mDEBUG[0m [2methereum_transaction_pool_monitor::mempool_monitor[0m[2m:[0m 🔍 Fetching transaction details for: 0xe2e7ea5f7bd22a399d64298f0b76a09a99e22d5d9c8e298afdc256576bdf13ac
[2m2025-12-10T10:10:08.875613Z[0m [34mDEBUG[0m [2methereum_transaction_pool_monitor::eth_client[0m[2m:[0m 🔍 Fetching transaction details for hash: 0xe2e7ea5f7bd22a399d64298f0b76a09a99e22d5d9c8e298afdc256576bdf13ac
[2m2025-12-10T10:10:08.875624Z[0m [34mDEBUG[0m [2mhyper::client::pool[0m[2m:[0m reuse idle connection for ("http", 192.168.0.14:8545)
[2m2025-12-10T10:10:08.875644Z[0m [34mDEBUG[0m [2mhyper::proto::h1::io[0m[2m:[0m flushed 250 bytes
[2m2025-12-10T10:10:08.880131Z[0m [34mDEBUG[0m [2mhyper::proto::h1::io[0m[2m:[0m parsed 4 headers
[2m2025-12-10T10:10:08.880139Z[0m [34mDEBUG[0m [2mhyper::proto::h1::conn[0m[2m:[0m incoming body is content-length (560 bytes)
[2m2025-12-10T10:10:08.880144Z[0m [34mDEBUG[0m [2mhyper::proto::h1::conn[0m[2m:[0m incoming body completed
[2m2025-12-10T10:10:08.880151Z[0m [34mDEBUG[0m [2mhyper::client::pool[0m[2m:[0m pooling idle connection for ("http", 192.168.0.14:8545)
[2m2025-12-10T10:10:08.880157Z[0m [34mDEBUG[0m [2methereum_transaction_pool_monitor::eth_client[0m[2m:[0m 📡 Transaction fetch RPC completed in 4.539792ms
[2m2025-12-10T10:10:08.951665Z[0m [34mDEBUG[0m [2methereum_transaction_pool_monitor::eth_client[0m[2m:[0m ✅ Transaction 0xe2e7ea5f7bd22a399d64298f0b76a09a99e22d5d9c8e298afdc256576bdf13ac fetched and parsed in 76.046333ms
[2m2025-12-10T10:10:08.951691Z[0m [34mDEBUG[0m [2methereum_transaction_pool_monitor::mempool_monitor[0m[2m:[0m 🔍 Skipping tx 0xe2e7ea5f7bd22a399d64298f0b76a09a99e22d5d9c8e298afdc256576bdf13ac - not a DEX interaction (target: 0x441980f52B2324A2BED7636bcadeE80f80C5DFE1)
[2m2025-12-10T10:10:08.951701Z[0m [34mDEBUG[0m [2methereum_transaction_pool_monitor::mempool_monitor[0m[2m:[0m 📨 Processing new pending transaction: 0x0e3a8e234560f6a00aa0fd5a81f761ca964048d03e93ec3e835b341fc69e5dcc
[2m2025-12-10T10:10:08.951708Z[0m [34mDEBUG[0m [2methereum_transaction_pool_monitor::mempool_monitor[0m[2m:[0m 🔍 Fetching transaction details for: 0x0e3a8e234560f6a00aa0fd5a81f761ca964048d03e93ec3e835b341fc69e5dcc
[2m2025-12-10T10:10:08.951714Z[0m [34mDEBUG[0m [2methereum_transaction_pool_monitor::eth_client[0m[2m:[0m 🔍 Fetching transaction details for hash: 0x0e3a8e234560f6a00aa0fd5a81f761ca964048d03e93ec3e835b341fc69e5dcc
[2m2025-12-10T10:10:08.951731Z[0m [34mDEBUG[0m [2mhyper::client::pool[0m[2m:[0m reuse idle connection for ("http", 192.168.0.14:8545)
[2m2025-12-10T10:10:08.951766Z[0m [34mDEBUG[0m [2mhyper::proto::h1::io[0m[2m:[0m flushed 250 bytes
[2m2025-12-10T10:10:08.951784Z[0m [34mDEBUG[0m [2mhyper::client::pool[0m[2m:[0m reuse idle connection for ("http", 192.168.0.14:8545)
[2m2025-12-10T10:10:08.951797Z[0m [34mDEBUG[0m [2mhyper::proto::h1::io[0m[2m:[0m flushed 172 bytes
[2m2025-12-10T10:10:08.951796Z[0m [34mDEBUG[0m [2methereum_transaction_pool_monitor::eth_client[0m[2m:[0m 📨 Received WebSocket message: {"jsonrpc":"2.0","method":"eth_subscription","params":{"subscription":"0xbed0a0851463e895960a451075a301a9","result":"0xc568943329954f2cb839031b36107d3e5038d579c2fe16ee0446087f152c5d66"}}
[2m2025-12-10T10:10:08.951834Z[0m [34mDEBUG[0m [2methereum_transaction_pool_monitor::eth_client[0m[2m:[0m 📨 Received pending transaction: 0xc568943329954f2cb839031b36107d3e5038d579c2fe16ee0446087f152c5d66
[2m2025-12-10T10:10:08.955272Z[0m [34mDEBUG[0m [2mhyper::proto::h1::io[0m[2m:[0m parsed 4 headers
[2m2025-12-10T10:10:08.955279Z[0m [34mDEBUG[0m [2mhyper::proto::h1::conn[0m[2m:[0m incoming body is content-length (45 bytes)
[2m2025-12-10T10:10:08.955288Z[0m [34mDEBUG[0m [2mhyper::proto::h1::conn[0m[2m:[0m incoming body completed
[2m2025-12-10T10:10:08.955297Z[0m [34mDEBUG[0m [2mhyper::client::pool[0m[2m:[0m pooling idle connection for ("http", 192.168.0.14:8545)
[2m2025-12-10T10:10:08.956054Z[0m [34mDEBUG[0m [2mhyper::proto::h1::io[0m[2m:[0m parsed 4 headers
[2m2025-12-10T10:10:08.956075Z[0m [34mDEBUG[0m [2mhyper::proto::h1::conn[0m[2m:[0m incoming body is content-length (771 bytes)
[2m2025-12-10T10:10:08.956111Z[0m [34mDEBUG[0m [2mhyper::proto::h1::conn[0m[2m:[0m incoming body completed
[2m2025-12-10T10:10:08.956120Z[0m [34mDEBUG[0m [2mhyper::client::pool[0m[2m:[0m pooling idle connection for ("http", 192.168.0.14:8545)
[2m2025-12-10T10:10:08.956125Z[0m [34mDEBUG[0m [2methereum_transaction_pool_monitor::eth_client[0m[2m:[0m 📡 Transaction fetch RPC completed in 4.406958ms
[2m2025-12-10T10:10:09.027868Z[0m [34mDEBUG[0m [2methereum_transaction_pool_monitor::eth_client[0m[2m:[0m ✅ Transaction 0x0e3a8e234560f6a00aa0fd5a81f761ca964048d03e93ec3e835b341fc69e5dcc fetched and parsed in 76.14775ms
[2m2025-12-10T10:10:09.027896Z[0m [34mDEBUG[0m [2methereum_transaction_pool_monitor::mempool_monitor[0m[2m:[0m 🔍 Skipping tx 0x0e3a8e234560f6a00aa0fd5a81f761ca964048d03e93ec3e835b341fc69e5dcc - not a DEX interaction (target: 0xB8f28C60dD8240141185a192fa4156A23E189305)
[2m2025-12-10T10:10:09.027907Z[0m [34mDEBUG[0m [2methereum_transaction_pool_monitor::mempool_monitor[0m[2m:[0m 📨 Processing new pending transaction: 0xac5d423c835ed59b27381b0903d91f7885f262fb5a1d6fb41b755210b1d42589
[2m2025-12-10T10:10:09.027919Z[0m [34mDEBUG[0m [2methereum_transaction_pool_monitor::mempool_monitor[0m[2m:[0m 🔍 Fetching transaction details for: 0xac5d423c835ed59b27381b0903d91f7885f262fb5a1d6fb41b755210b1d42589
[2m2025-12-10T10:10:09.027928Z[0m [34mDEBUG[0m [2methereum_transaction_pool_monitor::eth_client[0m[2m:[0m 🔍 Fetching transaction details for hash: 0xac5d423c835ed59b27381b0903d91f7885f262fb5a1d6fb41b755210b1d42589
[2m2025-12-10T10:10:09.027946Z[0m [34mDEBUG[0m [2mhyper::client::pool[0m[2m:[0m reuse idle connection for ("http", 192.168.0.14:8545)
[2m2025-12-10T10:10:09.027985Z[0m [34mDEBUG[0m [2mhyper::proto::h1::io[0m[2m:[0m flushed 250 bytes
[2m2025-12-10T10:10:09.028003Z[0m [34mDEBUG[0m [2mhyper::client::pool[0m[2m:[0m reuse idle connection for ("http", 192.168.0.14:8545)
[2m2025-12-10T10:10:09.028014Z[0m [34mDEBUG[0m [2mhyper::proto::h1::io[0m[2m:[0m flushed 172 bytes
[2m2025-12-10T10:10:09.028014Z[0m [34mDEBUG[0m [2methereum_transaction_pool_monitor::eth_client[0m[2m:[0m 📨 Received WebSocket message: {"jsonrpc":"2.0","method":"eth_subscription","params":{"subscription":"0xbed0a0851463e895960a451075a301a9","result":"0x79515ec13c64b798c91b3fa36aead2ad91afeb7f7e00ecdd41d35aedea20c187"}}
[2m2025-12-10T10:10:09.028031Z[0m [34mDEBUG[0m [2methereum_transaction_pool_monitor::eth_client[0m[2m:[0m 📨 Received pending transaction: 0x79515ec13c64b798c91b3fa36aead2ad91afeb7f7e00ecdd41d35aedea20c187
[2m2025-12-10T10:10:09.032480Z[0m [34mDEBUG[0m [2mhyper::proto::h1::io[0m[2m:[0m parsed 4 headers
[2m2025-12-10T10:10:09.032489Z[0m [34mDEBUG[0m [2mhyper::proto::h1::conn[0m[2m:[0m incoming body is content-length (45 bytes)
[2m2025-12-10T10:10:09.032496Z[0m [34mDEBUG[0m [2mhyper::proto::h1::conn[0m[2m:[0m incoming body completed
[2m2025-12-10T10:10:09.032504Z[0m [34mDEBUG[0m [2mhyper::client::pool[0m[2m:[0m pooling idle connection for ("http", 192.168.0.14:8545)
[2m2025-12-10T10:10:09.055149Z[0m [34mDEBUG[0m [2mhyper::proto::h1::io[0m[2m:[0m parsed 4 headers
[2m2025-12-10T10:10:09.055159Z[0m [34mDEBUG[0m [2mhyper::proto::h1::conn[0m[2m:[0m incoming body is content-length (652 bytes)
[2m2025-12-10T10:10:09.055166Z[0m [34mDEBUG[0m [2mhyper::proto::h1::conn[0m[2m:[0m incoming body completed
[2m2025-12-10T10:10:09.055174Z[0m [34mDEBUG[0m [2mhyper::client::pool[0m[2m:[0m pooling idle connection for ("http", 192.168.0.14:8545)
[2m2025-12-10T10:10:09.055184Z[0m [34mDEBUG[0m [2methereum_transaction_pool_monitor::eth_client[0m[2m:[0m 📡 Transaction fetch RPC completed in 27.247709ms
[2m2025-12-10T10:10:09.127815Z[0m [34mDEBUG[0m [2methereum_transaction_pool_monitor::eth_client[0m[2m:[0m ✅ Transaction 0xac5d423c835ed59b27381b0903d91f7885f262fb5a1d6fb41b755210b1d42589 fetched and parsed in 99.875917ms
[2m2025-12-10T10:10:09.127838Z[0m [34mDEBUG[0m [2methereum_transaction_pool_monitor::mempool_monitor[0m[2m:[0m 🔍 Skipping tx 0xac5d423c835ed59b27381b0903d91f7885f262fb5a1d6fb41b755210b1d42589 - not a DEX interaction (target: 0xea3fa9588F67a35971cFB02D92da1F0169775C6C)
[2m2025-12-10T10:10:09.127851Z[0m [34mDEBUG[0m [2methereum_transaction_pool_monitor::mempool_monitor[0m[2m:[0m 📨 Processing new pending transaction: 0x6975c97355b012355d1136414b8eca923e0724f51bcd9995b4f85adb17ec1efd
[2m2025-12-10T10:10:09.127857Z[0m [34mDEBUG[0m [2methereum_transaction_pool_monitor::mempool_monitor[0m[2m:[0m 🔍 Fetching transaction details for: 0x6975c97355b012355d1136414b8eca923e0724f51bcd9995b4f85adb17ec1efd
[2m2025-12-10T10:10:09.127863Z[0m [34mDEBUG[0m [2methereum_transaction_pool_monitor::eth_client[0m[2m:[0m 🔍 Fetching transaction details for hash: 0x6975c97355b012355d1136414b8eca923e0724f51bcd9995b4f85adb17ec1efd
[2m2025-12-10T10:10:09.127883Z[0m [34mDEBUG[0m [2mhyper::client::pool[0m[2m:[0m reuse idle connection for ("http", 192.168.0.14:8545)
[2m2025-12-10T10:10:09.127923Z[0m [34mDEBUG[0m [2mhyper::proto::h1::io[0m[2m:[0m flushed 250 bytes
[2m2025-12-10T10:10:09.127941Z[0m [34mDEBUG[0m [2mhyper::client::pool[0m[2m:[0m reuse idle connection for ("http", 192.168.0.14:8545)
[2m2025-12-10T10:10:09.127948Z[0m [34mDEBUG[0m [2methereum_transaction_pool_monitor::eth_client[0m[2m:[0m 📨 Received WebSocket message: {"jsonrpc":"2.0","method":"eth_subscription","params":{"subscription":"0xbed0a0851463e895960a451075a301a9","result":"0xb626afc41eaf93d199a32669e82eba2a00f6f3e586429666ce226c6212a53308"}}
[2m2025-12-10T10:10:09.127955Z[0m [34mDEBUG[0m [2mhyper::proto::h1::io[0m[2m:[0m flushed 172 bytes
[2m2025-12-10T10:10:09.127958Z[0m [34mDEBUG[0m [2methereum_transaction_pool_monitor::eth_client[0m[2m:[0m 📨 Received pending transaction: 0xb626afc41eaf93d199a32669e82eba2a00f6f3e586429666ce226c6212a53308
[2m2025-12-10T10:10:09.127967Z[0m [34mDEBUG[0m [2methereum_transaction_pool_monitor::eth_client[0m[2m:[0m 📨 Received WebSocket message: {"jsonrpc":"2.0","method":"eth_subscription","params":{"subscription":"0xbed0a0851463e895960a451075a301a9","result":"0x21653aee428a16e0f922fcc67494f712902275141fd701ad50ff7d4d4e4bc0fd"}}
[2m2025-12-10T10:10:09.127973Z[0m [34mDEBUG[0m [2methereum_transaction_pool_monitor::eth_client[0m[2m:[0m 📨 Received pending transaction: 0x21653aee428a16e0f922fcc67494f712902275141fd701ad50ff7d4d4e4bc0fd
[2m2025-12-10T10:10:09.133682Z[0m [34mDEBUG[0m [2mhyper::proto::h1::io[0m[2m:[0m parsed 4 headers
[2m2025-12-10T10:10:09.133687Z[0m [34mDEBUG[0m [2mhyper::proto::h1::io[0m[2m:[0m parsed 4 headers
[2m2025-12-10T10:10:09.133715Z[0m [34mDEBUG[0m [2mhyper::proto::h1::conn[0m[2m:[0m incoming body is content-length (45 bytes)
[2m2025-12-10T10:10:09.133719Z[0m [34mDEBUG[0m [2mhyper::proto::h1::conn[0m[2m:[0m incoming body is content-length (769 bytes)
[2m2025-12-10T10:10:09.133728Z[0m [34mDEBUG[0m [2mhyper::proto::h1::conn[0m[2m:[0m incoming body completed
[2m2025-12-10T10:10:09.133733Z[0m [34mDEBUG[0m [2mhyper::proto::h1::conn[0m[2m:[0m incoming body completed
[2m2025-12-10T10:10:09.133741Z[0m [34mDEBUG[0m [2mhyper::client::pool[0m[2m:[0m pooling idle connection for ("http", 192.168.0.14:8545)
[2m2025-12-10T10:10:09.133743Z[0m [34mDEBUG[0m [2mhyper::client::pool[0m[2m:[0m pooling idle connection for ("http", 192.168.0.14:8545)
[2m2025-12-10T10:10:09.133754Z[0m [34mDEBUG[0m [2methereum_transaction_pool_monitor::eth_client[0m[2m:[0m 📡 Transaction fetch RPC completed in 5.88675ms
[2m2025-12-10T10:10:09.198555Z[0m [34mDEBUG[0m [2mhyper::client::pool[0m[2m:[0m reuse idle connection for ("http", 192.168.0.14:8545)
[2m2025-12-10T10:10:09.198621Z[0m [34mDEBUG[0m [2mhyper::proto::h1::io[0m[2m:[0m flushed 172 bytes
[2m2025-12-10T10:10:09.203037Z[0m [34mDEBUG[0m [2mhyper::proto::h1::io[0m[2m:[0m parsed 4 headers
[2m2025-12-10T10:10:09.203052Z[0m [34mDEBUG[0m [2mhyper::proto::h1::conn[0m[2m:[0m incoming body is content-length (45 bytes)
[2m2025-12-10T10:10:09.203063Z[0m [34mDEBUG[0m [2mhyper::proto::h1::conn[0m[2m:[0m incoming body completed
[2m2025-12-10T10:10:09.203078Z[0m [34mDEBUG[0m [2mhyper::client::pool[0m[2m:[0m pooling idle connection for ("http", 192.168.0.14:8545)
[2m2025-12-10T10:10:09.205575Z[0m [34mDEBUG[0m [2methereum_transaction_pool_monitor::eth_client[0m[2m:[0m ✅ Transaction 0x6975c97355b012355d1136414b8eca923e0724f51bcd9995b4f85adb17ec1efd fetched and parsed in 77.707041ms
[2m2025-12-10T10:10:09.205588Z[0m [34mDEBUG[0m [2methereum_transaction_pool_monitor::mempool_monitor[0m[2m:[0m 🔍 Skipping tx 0x6975c97355b012355d1136414b8eca923e0724f51bcd9995b4f85adb17ec1efd - not a DEX interaction (target: 0xA0b86991c6218b36c1d19D4a2e9Eb0cE3606eB48)
[2m2025-12-10T10:10:09.205598Z[0m [34mDEBUG[0m [2methereum_transaction_pool_monitor::mempool_monitor[0m[2m:[0m 📨 Processing new pending transaction: 0xafba3ef6476ab16b68748f36e07677f7ce1c4fdc93c692da65df4bc34d729933
[2m2025-12-10T10:10:09.205603Z[0m [34mDEBUG[0m [2methereum_transaction_pool_monitor::mempool_monitor[0m[2m:[0m 🔍 Fetching transaction details for: 0xafba3ef6476ab16b68748f36e07677f7ce1c4fdc93c692da65df4bc34d729933
[2m2025-12-10T10:10:09.205609Z[0m [34mDEBUG[0m [2methereum_transaction_pool_monitor::eth_client[0m[2m:[0m 🔍 Fetching transaction details for hash: 0xafba3ef6476ab16b68748f36e07677f7ce1c4fdc93c692da65df4bc34d729933
[2m2025-12-10T10:10:09.205625Z[0m [34mDEBUG[0m [2mhyper::client::pool[0m[2m:[0m reuse idle connection for ("http", 192.168.0.14:8545)
[2m2025-12-10T10:10:09.205663Z[0m [34mDEBUG[0m [2mhyper::proto::h1::io[0m[2m:[0m flushed 250 bytes
[2m2025-12-10T10:10:09.206624Z[0m [34mDEBUG[0m [2methereum_transaction_pool_monitor::eth_client[0m[2m:[0m 📨 Received WebSocket message: {"jsonrpc":"2.0","method":"eth_subscription","params":{"subscription":"0xbed0a0851463e895960a451075a301a9","result":"0xbc8f923ed2e5e2ae866a48624f5f10dcf862382e96245c6bcd04230e6c0c2e7b"}}
[2m2025-12-10T10:10:09.206634Z[0m [34mDEBUG[0m [2methereum_transaction_pool_monitor::eth_client[0m[2m:[0m 📨 Received pending transaction: 0xbc8f923ed2e5e2ae866a48624f5f10dcf862382e96245c6bcd04230e6c0c2e7b
[2m2025-12-10T10:10:09.212299Z[0m [34mDEBUG[0m [2mhyper::proto::h1::io[0m[2m:[0m parsed 4 headers
[2m2025-12-10T10:10:09.212311Z[0m [34mDEBUG[0m [2mhyper::proto::h1::conn[0m[2m:[0m incoming body is content-length (7108 bytes)
[2m2025-12-10T10:10:09.212326Z[0m [34mDEBUG[0m [2methereum_transaction_pool_monitor::eth_client[0m[2m:[0m 📡 Transaction fetch RPC completed in 6.711041ms
[2m2025-12-10T10:10:09.212408Z[0m [34mDEBUG[0m [2mhyper::proto::h1::conn[0m[2m:[0m incoming body completed
[2m2025-12-10T10:10:09.212418Z[0m [34mDEBUG[0m [2mhyper::client::pool[0m[2m:[0m pooling idle connection for ("http", 192.168.0.14:8545)
[2m2025-12-10T10:10:09.258605Z[0m [34mDEBUG[0m [2methereum_transaction_pool_monitor::eth_client[0m[2m:[0m 📨 Received WebSocket message: {"jsonrpc":"2.0","method":"eth_subscription","params":{"subscription":"0xbed0a0851463e895960a451075a301a9","result":"0x29c2a0c4d373776588c191a3c21ba4844e77816c8152d2cf8357e7121946d36c"}}
[2m2025-12-10T10:10:09.258621Z[0m [34mDEBUG[0m [2methereum_transaction_pool_monitor::eth_client[0m[2m:[0m 📨 Received pending transaction: 0x29c2a0c4d373776588c191a3c21ba4844e77816c8152d2cf8357e7121946d36c
[2m2025-12-10T10:10:09.284063Z[0m [34mDEBUG[0m [2methereum_transaction_pool_monitor::eth_client[0m[2m:[0m ✅ Transaction 0xafba3ef6476ab16b68748f36e07677f7ce1c4fdc93c692da65df4bc34d729933 fetched and parsed in 78.444625ms
[2m2025-12-10T10:10:09.284094Z[0m [34mDEBUG[0m [2methereum_transaction_pool_monitor::mempool_monitor[0m[2m:[0m 🔍 Skipping tx 0xafba3ef6476ab16b68748f36e07677f7ce1c4fdc93c692da65df4bc34d729933 - not a DEX interaction (target: 0xF6801D319497789f934ec7F83E142a9536312B08)
[2m2025-12-10T10:10:09.284109Z[0m [34mDEBUG[0m [2methereum_transaction_pool_monitor::mempool_monitor[0m[2m:[0m 📨 Processing new pending transaction: 0x4a5a4ab3880f72ff0a1fd69b7f937095f60282425b68fce280bb397832ec9da8
[2m2025-12-10T10:10:09.284118Z[0m [34mDEBUG[0m [2methereum_transaction_pool_monitor::mempool_monitor[0m[2m:[0m 🔍 Fetching transaction details for: 0x4a5a4ab3880f72ff0a1fd69b7f937095f60282425b68fce280bb397832ec9da8
[2m2025-12-10T10:10:09.284128Z[0m [34mDEBUG[0m [2methereum_transaction_pool_monitor::eth_client[0m[2m:[0m 🔍 Fetching transaction details for hash: 0x4a5a4ab3880f72ff0a1fd69b7f937095f60282425b68fce280bb397832ec9da8
[2m2025-12-10T10:10:09.284150Z[0m [34mDEBUG[0m [2mhyper::client::pool[0m[2m:[0m reuse idle connection for ("http", 192.168.0.14:8545)
[2m2025-12-10T10:10:09.284197Z[0m [34mDEBUG[0m [2mhyper::proto::h1::io[0m[2m:[0m flushed 250 bytes
[2m2025-12-10T10:10:09.292728Z[0m [34mDEBUG[0m [2mhyper::proto::h1::io[0m[2m:[0m parsed 4 headers
[2m2025-12-10T10:10:09.292741Z[0m [34mDEBUG[0m [2mhyper::proto::h1::conn[0m[2m:[0m incoming body is content-length (649 bytes)
[2m2025-12-10T10:10:09.292748Z[0m [34mDEBUG[0m [2mhyper::proto::h1::conn[0m[2m:[0m incoming body completed
[2m2025-12-10T10:10:09.292759Z[0m [34mDEBUG[0m [2mhyper::client::pool[0m[2m:[0m pooling idle connection for ("http", 192.168.0.14:8545)
[2m2025-12-10T10:10:09.292766Z[0m [34mDEBUG[0m [2methereum_transaction_pool_monitor::eth_client[0m[2m:[0m 📡 Transaction fetch RPC completed in 8.631166ms
[2m2025-12-10T10:10:09.373091Z[0m [34mDEBUG[0m [2methereum_transaction_pool_monitor::eth_client[0m[2m:[0m ✅ Transaction 0x4a5a4ab3880f72ff0a1fd69b7f937095f60282425b68fce280bb397832ec9da8 fetched and parsed in 88.95275ms
[2m2025-12-10T10:10:09.373119Z[0m [34mDEBUG[0m [2methereum_transaction_pool_monitor::mempool_monitor[0m[2m:[0m 🔍 Skipping tx 0x4a5a4ab3880f72ff0a1fd69b7f937095f60282425b68fce280bb397832ec9da8 - not a DEX interaction (target: 0x689552eD71f44601D776AE8233dFc4eaCFdc35a0)
[2m2025-12-10T10:10:09.373131Z[0m [34mDEBUG[0m [2methereum_transaction_pool_monitor::mempool_monitor[0m[2m:[0m 📨 Processing new pending transaction: 0x41c17b5dd845fbfa5568c0a9f4b796d543c1e16a5ac0e6bebb975a3f42ead0da
[2m2025-12-10T10:10:09.373137Z[0m [34mDEBUG[0m [2methereum_transaction_pool_monitor::mempool_monitor[0m[2m:[0m 🔍 Fetching transaction details for: 0x41c17b5dd845fbfa5568c0a9f4b796d543c1e16a5ac0e6bebb975a3f42ead0da
[2m2025-12-10T10:10:09.373142Z[0m [34mDEBUG[0m [2methereum_transaction_pool_monitor::eth_client[0m[2m:[0m 🔍 Fetching transaction details for hash: 0x41c17b5dd845fbfa5568c0a9f4b796d543c1e16a5ac0e6bebb975a3f42ead0da
[2m2025-12-10T10:10:09.373166Z[0m [34mDEBUG[0m [2mhyper::client::pool[0m[2m:[0m reuse idle connection for ("http", 192.168.0.14:8545)
[2m2025-12-10T10:10:09.373204Z[0m [34mDEBUG[0m [2mhyper::proto::h1::io[0m[2m:[0m flushed 250 bytes
[2m2025-12-10T10:10:09.373246Z[0m [34mDEBUG[0m [2mhyper::client::pool[0m[2m:[0m reuse idle connection for ("http", 192.168.0.14:8545)
[2m2025-12-10T10:10:09.373262Z[0m [34mDEBUG[0m [2mhyper::proto::h1::io[0m[2m:[0m flushed 172 bytes
[2m2025-12-10T10:10:09.383781Z[0m [34mDEBUG[0m [2mhyper::proto::h1::io[0m[2m:[0m parsed 4 headers
[2m2025-12-10T10:10:09.383833Z[0m [34mDEBUG[0m [2mhyper::proto::h1::conn[0m[2m:[0m incoming body is content-length (45 bytes)
[2m2025-12-10T10:10:09.383842Z[0m [34mDEBUG[0m [2mhyper::proto::h1::conn[0m[2m:[0m incoming body completed
[2m2025-12-10T10:10:09.383855Z[0m [34mDEBUG[0m [2mhyper::client::pool[0m[2m:[0m pooling idle connection for ("http", 192.168.0.14:8545)
[2m2025-12-10T10:10:09.384468Z[0m [34mDEBUG[0m [2mhyper::proto::h1::io[0m[2m:[0m parsed 4 headers
[2m2025-12-10T10:10:09.384492Z[0m [34mDEBUG[0m [2mhyper::proto::h1::conn[0m[2m:[0m incoming body is content-length (705 bytes)
[2m2025-12-10T10:10:09.384521Z[0m [34mDEBUG[0m [2mhyper::proto::h1::conn[0m[2m:[0m incoming body completed
[2m2025-12-10T10:10:09.384537Z[0m [34mDEBUG[0m [2mhyper::client::pool[0m[2m:[0m pooling idle connection for ("http", 192.168.0.14:8545)
[2m2025-12-10T10:10:09.384545Z[0m [34mDEBUG[0m [2methereum_transaction_pool_monitor::eth_client[0m[2m:[0m 📡 Transaction fetch RPC completed in 11.398584ms
[2m2025-12-10T10:10:09.527933Z[0m [34mDEBUG[0m [2methereum_transaction_pool_monitor::eth_client[0m[2m:[0m ✅ Transaction 0x41c17b5dd845fbfa5568c0a9f4b796d543c1e16a5ac0e6bebb975a3f42ead0da fetched and parsed in 154.783459ms
[2m2025-12-10T10:10:09.527965Z[0m [34mDEBUG[0m [2methereum_transaction_pool_monitor::mempool_monitor[0m[2m:[0m 🔍 Skipping tx 0x41c17b5dd845fbfa5568c0a9f4b796d543c1e16a5ac0e6bebb975a3f42ead0da - not a DEX interaction (target: 0xA0b86991c6218b36c1d19D4a2e9Eb0cE3606eB48)
[2m2025-12-10T10:10:09.527977Z[0m [34mDEBUG[0m [2methereum_transaction_pool_monitor::mempool_monitor[0m[2m:[0m 📨 Processing new pending transaction: 0x49a05d70611f854e8fa35cd3bb9a2e0dad50b47ad9857b5c2485b3ac1e9098ca
[2m2025-12-10T10:10:09.527983Z[0m [34mDEBUG[0m [2methereum_transaction_pool_monitor::mempool_monitor[0m[2m:[0m 🔍 Fetching transaction details for: 0x49a05d70611f854e8fa35cd3bb9a2e0dad50b47ad9857b5c2485b3ac1e9098ca
[2m2025-12-10T10:10:09.527989Z[0m [34mDEBUG[0m [2methereum_transaction_pool_monitor::eth_client[0m[2m:[0m 🔍 Fetching transaction details for hash: 0x49a05d70611f854e8fa35cd3bb9a2e0dad50b47ad9857b5c2485b3ac1e9098ca
[2m2025-12-10T10:10:09.528008Z[0m [34mDEBUG[0m [2mhyper::client::pool[0m[2m:[0m reuse idle connection for ("http", 192.168.0.14:8545)
[2m2025-12-10T10:10:09.528056Z[0m [34mDEBUG[0m [2mhyper::proto::h1::io[0m[2m:[0m flushed 250 bytes
[2m2025-12-10T10:10:09.528078Z[0m [34mDEBUG[0m [2mhyper::client::pool[0m[2m:[0m reuse idle connection for ("http", 192.168.0.14:8545)
[2m2025-12-10T10:10:09.528090Z[0m [34mDEBUG[0m [2methereum_transaction_pool_monitor::eth_client[0m[2m:[0m 📨 Received WebSocket message: {"jsonrpc":"2.0","method":"eth_subscription","params":{"subscription":"0xbed0a0851463e895960a451075a301a9","result":"0xdcffb30c5ba8f92467fc7a6c533d3cfa5b88b70d661650ad0ac109e532c6aa26"}}
[2m2025-12-10T10:10:09.528110Z[0m [34mDEBUG[0m [2methereum_transaction_pool_monitor::eth_client[0m[2m:[0m 📨 Received pending transaction: 0xdcffb30c5ba8f92467fc7a6c533d3cfa5b88b70d661650ad0ac109e532c6aa26
[2m2025-12-10T10:10:09.528119Z[0m [34mDEBUG[0m [2methereum_transaction_pool_monitor::eth_client[0m[2m:[0m 📨 Received WebSocket message: {"jsonrpc":"2.0","method":"eth_subscription","params":{"subscription":"0xbed0a0851463e895960a451075a301a9","result":"0x435d88bc417b28fea7aa401a31734f882f1220800d1b62c931277c1c7e3ecc41"}}
[2m2025-12-10T10:10:09.528094Z[0m [34mDEBUG[0m [2mhyper::proto::h1::io[0m[2m:[0m flushed 172 bytes
[2m2025-12-10T10:10:09.528134Z[0m [34mDEBUG[0m [2methereum_transaction_pool_monitor::eth_client[0m[2m:[0m 📨 Received pending transaction: 0x435d88bc417b28fea7aa401a31734f882f1220800d1b62c931277c1c7e3ecc41
[2m2025-12-10T10:10:09.542367Z[0m [34mDEBUG[0m [2mhyper::proto::h1::io[0m[2m:[0m parsed 4 headers
[2m2025-12-10T10:10:09.542389Z[0m [34mDEBUG[0m [2mhyper::proto::h1::conn[0m[2m:[0m incoming body is content-length (640 bytes)
[2m2025-12-10T10:10:09.542397Z[0m [34mDEBUG[0m [2mhyper::proto::h1::conn[0m[2m:[0m incoming body completed
[2m2025-12-10T10:10:09.542407Z[0m [34mDEBUG[0m [2mhyper::client::pool[0m[2m:[0m pooling idle connection for ("http", 192.168.0.14:8545)
[2m2025-12-10T10:10:09.542414Z[0m [34mDEBUG[0m [2methereum_transaction_pool_monitor::eth_client[0m[2m:[0m 📡 Transaction fetch RPC completed in 14.420333ms
[2m2025-12-10T10:10:09.613955Z[0m [34mDEBUG[0m [2methereum_transaction_pool_monitor::eth_client[0m[2m:[0m ✅ Transaction 0x49a05d70611f854e8fa35cd3bb9a2e0dad50b47ad9857b5c2485b3ac1e9098ca fetched and parsed in 85.9585ms
[2m2025-12-10T10:10:09.613979Z[0m [34mDEBUG[0m [2methereum_transaction_pool_monitor::mempool_monitor[0m[2m:[0m 🔍 Skipping tx 0x49a05d70611f854e8fa35cd3bb9a2e0dad50b47ad9857b5c2485b3ac1e9098ca - not a DEX interaction (target: 0x6131fE0A75a074E024F320C5C767E73FD128c956)
[2m2025-12-10T10:10:09.613989Z[0m [34mDEBUG[0m [2methereum_transaction_pool_monitor::mempool_monitor[0m[2m:[0m 📨 Processing new pending transaction: 0x98a33e3b5c9b6c701262b3bd7b717a7c094a6b7295e4e723c97a9e5aa1c8253b
[2m2025-12-10T10:10:09.613996Z[0m [34mDEBUG[0m [2methereum_transaction_pool_monitor::mempool_monitor[0m[2m:[0m 🔍 Fetching transaction details for: 0x98a33e3b5c9b6c701262b3bd7b717a7c094a6b7295e4e723c97a9e5aa1c8253b
[2m2025-12-10T10:10:09.614003Z[0m [34mDEBUG[0m [2methereum_transaction_pool_monitor::eth_client[0m[2m:[0m 🔍 Fetching transaction details for hash: 0x98a33e3b5c9b6c701262b3bd7b717a7c094a6b7295e4e723c97a9e5aa1c8253b
[2m2025-12-10T10:10:09.614021Z[0m [34mDEBUG[0m [2mhyper::client::pool[0m[2m:[0m reuse idle connection for ("http", 192.168.0.14:8545)
[2m2025-12-10T10:10:09.614060Z[0m [34mDEBUG[0m [2mhyper::proto::h1::io[0m[2m:[0m flushed 250 bytes
[2m2025-12-10T10:10:09.614084Z[0m [34mDEBUG[0m [2methereum_transaction_pool_monitor::eth_client[0m[2m:[0m 📨 Received WebSocket message: {"jsonrpc":"2.0","method":"eth_subscription","params":{"subscription":"0xbed0a0851463e895960a451075a301a9","result":"0x48b2276786501750cc47ea869343324e8d9870fb847d8bc4c7eec0af1f591891"}}
[2m2025-12-10T10:10:09.614089Z[0m [34mDEBUG[0m [2mhyper::proto::h1::io[0m[2m:[0m parsed 4 headers
[2m2025-12-10T10:10:09.614093Z[0m [34mDEBUG[0m [2methereum_transaction_pool_monitor::eth_client[0m[2m:[0m 📨 Received pending transaction: 0x48b2276786501750cc47ea869343324e8d9870fb847d8bc4c7eec0af1f591891
[2m2025-12-10T10:10:09.614100Z[0m [34mDEBUG[0m [2mhyper::proto::h1::conn[0m[2m:[0m incoming body is content-length (45 bytes)
[2m2025-12-10T10:10:09.614105Z[0m [32m INFO[0m [2methereum_transaction_pool_monitor::eth_client[0m[2m:[0m 📊 WebSocket stats - Total: 1805 transactions, Rate: 13.7 tx/s
[2m2025-12-10T10:10:09.614111Z[0m [34mDEBUG[0m [2mhyper::proto::h1::conn[0m[2m:[0m incoming body completed
[2m2025-12-10T10:10:09.614113Z[0m [34mDEBUG[0m [2methereum_transaction_pool_monitor::eth_client[0m[2m:[0m 📨 Received WebSocket message: {"jsonrpc":"2.0","method":"eth_subscription","params":{"subscription":"0xbed0a0851463e895960a451075a301a9","result":"0xc484f929b30cbded63414ba650ad0c271414bab12ebc81a80cb342dfd195142e"}}
[2m2025-12-10T10:10:09.614120Z[0m [34mDEBUG[0m [2methereum_transaction_pool_monitor::eth_client[0m[2m:[0m 📨 Received pending transaction: 0xc484f929b30cbded63414ba650ad0c271414bab12ebc81a80cb342dfd195142e
[2m2025-12-10T10:10:09.614121Z[0m [34mDEBUG[0m [2mhyper::client::pool[0m[2m:[0m pooling idle connection for ("http", 192.168.0.14:8545)
[2m2025-12-10T10:10:09.614141Z[0m [34mDEBUG[0m [2mhyper::client::pool[0m[2m:[0m reuse idle connection for ("http", 192.168.0.14:8545)
[2m2025-12-10T10:10:09.614157Z[0m [34mDEBUG[0m [2mhyper::proto::h1::io[0m[2m:[0m flushed 172 bytes
[2m2025-12-10T10:10:09.618203Z[0m [34mDEBUG[0m [2mhyper::proto::h1::io[0m[2m:[0m parsed 4 headers
[2m2025-12-10T10:10:09.618226Z[0m [34mDEBUG[0m [2mhyper::proto::h1::conn[0m[2m:[0m incoming body is content-length (45 bytes)
[2m2025-12-10T10:10:09.618246Z[0m [34mDEBUG[0m [2mhyper::proto::h1::conn[0m[2m:[0m incoming body completed
[2m2025-12-10T10:10:09.618261Z[0m [34mDEBUG[0m [2mhyper::client::pool[0m[2m:[0m pooling idle connection for ("http", 192.168.0.14:8545)
[2m2025-12-10T10:10:09.618271Z[0m [34mDEBUG[0m [2mhyper::client::pool[0m[2m:[0m reuse idle connection for ("http", 192.168.0.14:8545)
[2m2025-12-10T10:10:09.618302Z[0m [34mDEBUG[0m [2mhyper::proto::h1::io[0m[2m:[0m flushed 172 bytes
[2m2025-12-10T10:10:09.618713Z[0m [34mDEBUG[0m [2mhyper::proto::h1::io[0m[2m:[0m parsed 4 headers
[2m2025-12-10T10:10:09.618722Z[0m [34mDEBUG[0m [2mhyper::proto::h1::conn[0m[2m:[0m incoming body is content-length (773 bytes)
[2m2025-12-10T10:10:09.618729Z[0m [34mDEBUG[0m [2mhyper::proto::h1::conn[0m[2m:[0m incoming body completed
[2m2025-12-10T10:10:09.618736Z[0m [34mDEBUG[0m [2mhyper::client::pool[0m[2m:[0m pooling idle connection for ("http", 192.168.0.14:8545)
[2m2025-12-10T10:10:09.618742Z[0m [34mDEBUG[0m [2methereum_transaction_pool_monitor::eth_client[0m[2m:[0m 📡 Transaction fetch RPC completed in 4.734792ms
[2m2025-12-10T10:10:09.690167Z[0m [34mDEBUG[0m [2methereum_transaction_pool_monitor::eth_client[0m[2m:[0m ✅ Transaction 0x98a33e3b5c9b6c701262b3bd7b717a7c094a6b7295e4e723c97a9e5aa1c8253b fetched and parsed in 76.156542ms
[2m2025-12-10T10:10:09.690197Z[0m [34mDEBUG[0m [2methereum_transaction_pool_monitor::mempool_monitor[0m[2m:[0m 🔍 Skipping tx 0x98a33e3b5c9b6c701262b3bd7b717a7c094a6b7295e4e723c97a9e5aa1c8253b - not a DEX interaction (target: 0xec53bF9167f50cDEB3Ae105f56099aaaB9061F83)
[2m2025-12-10T10:10:09.690208Z[0m [34mDEBUG[0m [2methereum_transaction_pool_monitor::mempool_monitor[0m[2m:[0m 📨 Processing new pending transaction: 0xabf5d96775ce21b188765a01bbe5ae40eca8eb28451fdb5a5feb105a60e7b074
[2m2025-12-10T10:10:09.690215Z[0m [34mDEBUG[0m [2methereum_transaction_pool_monitor::mempool_monitor[0m[2m:[0m 🔍 Fetching transaction details for: 0xabf5d96775ce21b188765a01bbe5ae40eca8eb28451fdb5a5feb105a60e7b074
[2m2025-12-10T10:10:09.690221Z[0m [34mDEBUG[0m [2methereum_transaction_pool_monitor::eth_client[0m[2m:[0m 🔍 Fetching transaction details for hash: 0xabf5d96775ce21b188765a01bbe5ae40eca8eb28451fdb5a5feb105a60e7b074
[2m2025-12-10T10:10:09.690240Z[0m [34mDEBUG[0m [2mhyper::client::pool[0m[2m:[0m reuse idle connection for ("http", 192.168.0.14:8545)
[2m2025-12-10T10:10:09.690274Z[0m [34mDEBUG[0m [2mhyper::proto::h1::io[0m[2m:[0m flushed 250 bytes
[2m2025-12-10T10:10:09.690298Z[0m [34mDEBUG[0m [2methereum_transaction_pool_monitor::eth_client[0m[2m:[0m 📨 Received WebSocket message: {"jsonrpc":"2.0","method":"eth_subscription","params":{"subscription":"0xbed0a0851463e895960a451075a301a9","result":"0x64185928b5fd38e5e5148f1be1c6d8febb50e92be874ea5640fb3cf467e87bcb"}}
[2m2025-12-10T10:10:09.690301Z[0m [34mDEBUG[0m [2mhyper::proto::h1::io[0m[2m:[0m parsed 4 headers
[2m2025-12-10T10:10:09.690308Z[0m [34mDEBUG[0m [2methereum_transaction_pool_monitor::eth_client[0m[2m:[0m 📨 Received pending transaction: 0x64185928b5fd38e5e5148f1be1c6d8febb50e92be874ea5640fb3cf467e87bcb
[2m2025-12-10T10:10:09.690312Z[0m [34mDEBUG[0m [2mhyper::proto::h1::conn[0m[2m:[0m incoming body is content-length (45 bytes)
[2m2025-12-10T10:10:09.690373Z[0m [34mDEBUG[0m [2mhyper::proto::h1::conn[0m[2m:[0m incoming body completed
[2m2025-12-10T10:10:09.690385Z[0m [34mDEBUG[0m [2mhyper::client::pool[0m[2m:[0m pooling idle connection for ("http", 192.168.0.14:8545)
[2m2025-12-10T10:10:09.697924Z[0m [34mDEBUG[0m [2mhyper::client::pool[0m[2m:[0m reuse idle connection for ("http", 192.168.0.14:8545)
[2m2025-12-10T10:10:09.697967Z[0m [34mDEBUG[0m [2mhyper::proto::h1::io[0m[2m:[0m flushed 172 bytes
[2m2025-12-10T10:10:09.698349Z[0m [34mDEBUG[0m [2mhyper::proto::h1::io[0m[2m:[0m parsed 4 headers
[2m2025-12-10T10:10:09.698356Z[0m [34mDEBUG[0m [2mhyper::proto::h1::conn[0m[2m:[0m incoming body is content-length (830 bytes)
[2m2025-12-10T10:10:09.698363Z[0m [34mDEBUG[0m [2mhyper::proto::h1::conn[0m[2m:[0m incoming body completed
[2m2025-12-10T10:10:09.698371Z[0m [34mDEBUG[0m [2mhyper::client::pool[0m[2m:[0m pooling idle connection for ("http", 192.168.0.14:8545)
[2m2025-12-10T10:10:09.698377Z[0m [34mDEBUG[0m [2methereum_transaction_pool_monitor::eth_client[0m[2m:[0m 📡 Transaction fetch RPC completed in 8.151458ms
[2m2025-12-10T10:10:09.765636Z[0m [34mDEBUG[0m [2methereum_transaction_pool_monitor::eth_client[0m[2m:[0m ✅ Transaction 0xabf5d96775ce21b188765a01bbe5ae40eca8eb28451fdb5a5feb105a60e7b074 fetched and parsed in 75.408333ms
[2m2025-12-10T10:10:09.765654Z[0m [34mDEBUG[0m [2methereum_transaction_pool_monitor::mempool_monitor[0m[2m:[0m 🔍 Skipping tx 0xabf5d96775ce21b188765a01bbe5ae40eca8eb28451fdb5a5feb105a60e7b074 - not a DEX interaction (target: 0x3B4D794a66304F130a4Db8F2551B0070dfCf5ca7)
[2m2025-12-10T10:10:09.765662Z[0m [34mDEBUG[0m [2methereum_transaction_pool_monitor::mempool_monitor[0m[2m:[0m 📨 Processing new pending transaction: 0x0455f570d42fdf6c24e07e611b5ea98f17e2163e8c4d9f9ad96a917981946750
[2m2025-12-10T10:10:09.765667Z[0m [34mDEBUG[0m [2methereum_transaction_pool_monitor::mempool_monitor[0m[2m:[0m 🔍 Fetching transaction details for: 0x0455f570d42fdf6c24e07e611b5ea98f17e2163e8c4d9f9ad96a917981946750
[2m2025-12-10T10:10:09.765671Z[0m [34mDEBUG[0m [2methereum_transaction_pool_monitor::eth_client[0m[2m:[0m 🔍 Fetching transaction details for hash: 0x0455f570d42fdf6c24e07e611b5ea98f17e2163e8c4d9f9ad96a917981946750
[2m2025-12-10T10:10:09.765688Z[0m [34mDEBUG[0m [2mhyper::client::pool[0m[2m:[0m reuse idle connection for ("http", 192.168.0.14:8545)
[2m2025-12-10T10:10:09.765723Z[0m [34mDEBUG[0m [2mhyper::proto::h1::io[0m[2m:[0m flushed 250 bytes
[2m2025-12-10T10:10:09.765736Z[0m [34mDEBUG[0m [2mhyper::proto::h1::io[0m[2m:[0m parsed 4 headers
[2m2025-12-10T10:10:09.765740Z[0m [34mDEBUG[0m [2mhyper::proto::h1::conn[0m[2m:[0m incoming body is content-length (45 bytes)
[2m2025-12-10T10:10:09.765746Z[0m [34mDEBUG[0m [2mhyper::proto::h1::conn[0m[2m:[0m incoming body completed
[2m2025-12-10T10:10:09.765754Z[0m [34mDEBUG[0m [2mhyper::client::pool[0m[2m:[0m pooling idle connection for ("http", 192.168.0.14:8545)
[2m2025-12-10T10:10:09.769795Z[0m [34mDEBUG[0m [2mhyper::proto::h1::io[0m[2m:[0m parsed 4 headers
[2m2025-12-10T10:10:09.769806Z[0m [34mDEBUG[0m [2mhyper::proto::h1::conn[0m[2m:[0m incoming body is content-length (830 bytes)
[2m2025-12-10T10:10:09.769815Z[0m [34mDEBUG[0m [2mhyper::proto::h1::conn[0m[2m:[0m incoming body completed
[2m2025-12-10T10:10:09.769822Z[0m [34mDEBUG[0m [2mhyper::client::pool[0m[2m:[0m pooling idle connection for ("http", 192.168.0.14:8545)
[2m2025-12-10T10:10:09.769828Z[0m [34mDEBUG[0m [2methereum_transaction_pool_monitor::eth_client[0m[2m:[0m 📡 Transaction fetch RPC completed in 4.15275ms
[2m2025-12-10T10:10:09.841598Z[0m [34mDEBUG[0m [2methereum_transaction_pool_monitor::eth_client[0m[2m:[0m ✅ Transaction 0x0455f570d42fdf6c24e07e611b5ea98f17e2163e8c4d9f9ad96a917981946750 fetched and parsed in 75.920417ms
[2m2025-12-10T10:10:09.841785Z[0m [34mDEBUG[0m [2methereum_transaction_pool_monitor::mempool_monitor[0m[2m:[0m 🔍 Skipping tx 0x0455f570d42fdf6c24e07e611b5ea98f17e2163e8c4d9f9ad96a917981946750 - not a DEX interaction (target: 0x3B4D794a66304F130a4Db8F2551B0070dfCf5ca7)
[2m2025-12-10T10:10:09.841801Z[0m [34mDEBUG[0m [2methereum_transaction_pool_monitor::mempool_monitor[0m[2m:[0m 📨 Processing new pending transaction: 0xe1e19e32e242e7086f08a48e7ff650ae3e4482d492e18f1bb0384489736dc180
[2m2025-12-10T10:10:09.841810Z[0m [34mDEBUG[0m [2methereum_transaction_pool_monitor::mempool_monitor[0m[2m:[0m 🔍 Fetching transaction details for: 0xe1e19e32e242e7086f08a48e7ff650ae3e4482d492e18f1bb0384489736dc180
[2m2025-12-10T10:10:09.841821Z[0m [34mDEBUG[0m [2methereum_transaction_pool_monitor::eth_client[0m[2m:[0m 🔍 Fetching transaction details for hash: 0xe1e19e32e242e7086f08a48e7ff650ae3e4482d492e18f1bb0384489736dc180
[2m2025-12-10T10:10:09.841839Z[0m [34mDEBUG[0m [2mhyper::client::pool[0m[2m:[0m reuse idle connection for ("http", 192.168.0.14:8545)
[2m2025-12-10T10:10:09.841883Z[0m [34mDEBUG[0m [2mhyper::proto::h1::io[0m[2m:[0m flushed 250 bytes
[2m2025-12-10T10:10:09.841915Z[0m [34mDEBUG[0m [2mhyper::client::pool[0m[2m:[0m reuse idle connection for ("http", 192.168.0.14:8545)
[2m2025-12-10T10:10:09.841933Z[0m [34mDEBUG[0m [2mhyper::proto::h1::io[0m[2m:[0m flushed 172 bytes
[2m2025-12-10T10:10:09.847313Z[0m [34mDEBUG[0m [2mhyper::proto::h1::io[0m[2m:[0m parsed 4 headers
[2m2025-12-10T10:10:09.847337Z[0m [34mDEBUG[0m [2mhyper::proto::h1::conn[0m[2m:[0m incoming body is content-length (829 bytes)
[2m2025-12-10T10:10:09.847372Z[0m [34mDEBUG[0m [2mhyper::proto::h1::conn[0m[2m:[0m incoming body completed
[2m2025-12-10T10:10:09.847396Z[0m [34mDEBUG[0m [2mhyper::client::pool[0m[2m:[0m pooling idle connection for ("http", 192.168.0.14:8545)
[2m2025-12-10T10:10:09.847406Z[0m [34mDEBUG[0m [2methereum_transaction_pool_monitor::eth_client[0m[2m:[0m 📡 Transaction fetch RPC completed in 5.579583ms
[2m2025-12-10T10:10:10.064282Z[0m [34mDEBUG[0m [2methereum_transaction_pool_monitor::eth_client[0m[2m:[0m ✅ Transaction 0xe1e19e32e242e7086f08a48e7ff650ae3e4482d492e18f1bb0384489736dc180 fetched and parsed in 222.452208ms
[2m2025-12-10T10:10:10.064312Z[0m [34mDEBUG[0m [2methereum_transaction_pool_monitor::mempool_monitor[0m[2m:[0m 🔍 Skipping tx 0xe1e19e32e242e7086f08a48e7ff650ae3e4482d492e18f1bb0384489736dc180 - not a DEX interaction (target: 0xA0b86991c6218b36c1d19D4a2e9Eb0cE3606eB48)
[2m2025-12-10T10:10:10.064325Z[0m [34mDEBUG[0m [2methereum_transaction_pool_monitor::mempool_monitor[0m[2m:[0m 📨 Processing new pending transaction: 0xc008abf8aff86e41a0f475a5cdd988a1b22d7f21bebaec645571b41491f7de39
[2m2025-12-10T10:10:10.064331Z[0m [34mDEBUG[0m [2methereum_transaction_pool_monitor::mempool_monitor[0m[2m:[0m 🔍 Fetching transaction details for: 0xc008abf8aff86e41a0f475a5cdd988a1b22d7f21bebaec645571b41491f7de39
[2m2025-12-10T10:10:10.064336Z[0m [34mDEBUG[0m [2methereum_transaction_pool_monitor::eth_client[0m[2m:[0m 🔍 Fetching transaction details for hash: 0xc008abf8aff86e41a0f475a5cdd988a1b22d7f21bebaec645571b41491f7de39
[2m2025-12-10T10:10:10.064356Z[0m [34mDEBUG[0m [2mhyper::client::pool[0m[2m:[0m reuse idle connection for ("http", 192.168.0.14:8545)
[2m2025-12-10T10:10:10.064406Z[0m [34mDEBUG[0m [2mhyper::proto::h1::io[0m[2m:[0m flushed 250 bytes
[2m2025-12-10T10:10:10.064431Z[0m [34mDEBUG[0m [2mhyper::proto::h1::io[0m[2m:[0m parsed 4 headers
[2m2025-12-10T10:10:10.064442Z[0m [34mDEBUG[0m [2mhyper::proto::h1::conn[0m[2m:[0m incoming body is content-length (45 bytes)
[2m2025-12-10T10:10:10.064451Z[0m [34mDEBUG[0m [2mhyper::proto::h1::conn[0m[2m:[0m incoming body completed
[2m2025-12-10T10:10:10.064463Z[0m [34mDEBUG[0m [2mhyper::client::pool[0m[2m:[0m pooling idle connection for ("http", 192.168.0.14:8545)
[2m2025-12-10T10:10:10.064477Z[0m [34mDEBUG[0m [2mhyper::client::pool[0m[2m:[0m reuse idle connection for ("http", 192.168.0.14:8545)
[2m2025-12-10T10:10:10.064491Z[0m [34mDEBUG[0m [2mhyper::proto::h1::io[0m[2m:[0m flushed 172 bytes
[2m2025-12-10T10:10:10.068045Z[0m [34mDEBUG[0m [2mhyper::proto::h1::io[0m[2m:[0m parsed 4 headers
[2m2025-12-10T10:10:10.068054Z[0m [34mDEBUG[0m [2mhyper::proto::h1::conn[0m[2m:[0m incoming body is content-length (45 bytes)
[2m2025-12-10T10:10:10.068059Z[0m [34mDEBUG[0m [2mhyper::proto::h1::conn[0m[2m:[0m incoming body completed
[2m2025-12-10T10:10:10.068064Z[0m [34mDEBUG[0m [2mhyper::client::pool[0m[2m:[0m pooling idle connection for ("http", 192.168.0.14:8545)
[2m2025-12-10T10:10:10.068072Z[0m [34mDEBUG[0m [2mhyper::client::pool[0m[2m:[0m reuse idle connection for ("http", 192.168.0.14:8545)
[2m2025-12-10T10:10:10.068085Z[0m [34mDEBUG[0m [2mhyper::proto::h1::io[0m[2m:[0m flushed 172 bytes
[2m2025-12-10T10:10:10.068726Z[0m [34mDEBUG[0m [2mhyper::proto::h1::io[0m[2m:[0m parsed 4 headers
[2m2025-12-10T10:10:10.068767Z[0m [34mDEBUG[0m [2mhyper::proto::h1::conn[0m[2m:[0m incoming body is content-length (645 bytes)
[2m2025-12-10T10:10:10.068779Z[0m [34mDEBUG[0m [2mhyper::proto::h1::conn[0m[2m:[0m incoming body completed
[2m2025-12-10T10:10:10.068786Z[0m [34mDEBUG[0m [2mhyper::client::pool[0m[2m:[0m pooling idle connection for ("http", 192.168.0.14:8545)
[2m2025-12-10T10:10:10.068794Z[0m [34mDEBUG[0m [2methereum_transaction_pool_monitor::eth_client[0m[2m:[0m 📡 Transaction fetch RPC completed in 4.453667ms
[2m2025-12-10T10:10:10.140415Z[0m [34mDEBUG[0m [2methereum_transaction_pool_monitor::eth_client[0m[2m:[0m ✅ Transaction 0xc008abf8aff86e41a0f475a5cdd988a1b22d7f21bebaec645571b41491f7de39 fetched and parsed in 76.071833ms
[2m2025-12-10T10:10:10.140440Z[0m [34mDEBUG[0m [2methereum_transaction_pool_monitor::mempool_monitor[0m[2m:[0m 🔍 Skipping tx 0xc008abf8aff86e41a0f475a5cdd988a1b22d7f21bebaec645571b41491f7de39 - not a DEX interaction (target: 0x63e809b5730fADeB8AFd520586C0e7dB8f038e53)
[2m2025-12-10T10:10:10.140451Z[0m [34mDEBUG[0m [2methereum_transaction_pool_monitor::mempool_monitor[0m[2m:[0m 📨 Processing new pending transaction: 0x9a43d600f38b9cc68baa0f49ef7539ce6aaaa27bad6002e0c9ba8df4cc9e6cda
[2m2025-12-10T10:10:10.140457Z[0m [34mDEBUG[0m [2methereum_transaction_pool_monitor::mempool_monitor[0m[2m:[0m 🔍 Fetching transaction details for: 0x9a43d600f38b9cc68baa0f49ef7539ce6aaaa27bad6002e0c9ba8df4cc9e6cda
[2m2025-12-10T10:10:10.140464Z[0m [34mDEBUG[0m [2methereum_transaction_pool_monitor::eth_client[0m[2m:[0m 🔍 Fetching transaction details for hash: 0x9a43d600f38b9cc68baa0f49ef7539ce6aaaa27bad6002e0c9ba8df4cc9e6cda
[2m2025-12-10T10:10:10.140482Z[0m [34mDEBUG[0m [2mhyper::client::pool[0m[2m:[0m reuse idle connection for ("http", 192.168.0.14:8545)
[2m2025-12-10T10:10:10.140525Z[0m [34mDEBUG[0m [2mhyper::proto::h1::io[0m[2m:[0m flushed 250 bytes
[2m2025-12-10T10:10:10.140542Z[0m [34mDEBUG[0m [2mhyper::proto::h1::io[0m[2m:[0m parsed 4 headers
[2m2025-12-10T10:10:10.140549Z[0m [34mDEBUG[0m [2mhyper::proto::h1::conn[0m[2m:[0m incoming body is content-length (45 bytes)
[2m2025-12-10T10:10:10.140560Z[0m [34mDEBUG[0m [2mhyper::proto::h1::conn[0m[2m:[0m incoming body completed
[2m2025-12-10T10:10:10.140570Z[0m [34mDEBUG[0m [2mhyper::client::pool[0m[2m:[0m pooling idle connection for ("http", 192.168.0.14:8545)
[2m2025-12-10T10:10:10.140584Z[0m [34mDEBUG[0m [2mhyper::client::pool[0m[2m:[0m reuse idle connection for ("http", 192.168.0.14:8545)
[2m2025-12-10T10:10:10.140601Z[0m [34mDEBUG[0m [2mhyper::proto::h1::io[0m[2m:[0m flushed 172 bytes
[2m2025-12-10T10:10:10.146358Z[0m [34mDEBUG[0m [2mhyper::proto::h1::io[0m[2m:[0m parsed 4 headers
[2m2025-12-10T10:10:10.146366Z[0m [34mDEBUG[0m [2mhyper::proto::h1::conn[0m[2m:[0m incoming body is content-length (45 bytes)
[2m2025-12-10T10:10:10.146371Z[0m [34mDEBUG[0m [2mhyper::proto::h1::conn[0m[2m:[0m incoming body completed
[2m2025-12-10T10:10:10.146379Z[0m [34mDEBUG[0m [2mhyper::client::pool[0m[2m:[0m pooling idle connection for ("http", 192.168.0.14:8545)
[2m2025-12-10T10:10:10.150292Z[0m [34mDEBUG[0m [2mhyper::proto::h1::io[0m[2m:[0m parsed 4 headers
[2m2025-12-10T10:10:10.150314Z[0m [34mDEBUG[0m [2mhyper::proto::h1::conn[0m[2m:[0m incoming body is content-length (765 bytes)
[2m2025-12-10T10:10:10.150333Z[0m [34mDEBUG[0m [2mhyper::proto::h1::conn[0m[2m:[0m incoming body completed
[2m2025-12-10T10:10:10.150348Z[0m [34mDEBUG[0m [2mhyper::client::pool[0m[2m:[0m pooling idle connection for ("http", 192.168.0.14:8545)
[2m2025-12-10T10:10:10.150353Z[0m [34mDEBUG[0m [2methereum_transaction_pool_monitor::eth_client[0m[2m:[0m 📡 Transaction fetch RPC completed in 9.884625ms
[2m2025-12-10T10:10:10.150378Z[0m [34mDEBUG[0m [2methereum_transaction_pool_monitor::eth_client[0m[2m:[0m DeFi transaction detected - Address: 0xdac17f958d2ee523a2206206994597c13d831ec7, Type: Stablecoin, Value: 0 ETH, Gas: 0.28 Gwei
[2m2025-12-10T10:10:10.150391Z[0m [34mDEBUG[0m [2methereum_transaction_pool_monitor::eth_client[0m[2m:[0m ✅ Transaction 0x9a43d600f38b9cc68baa0f49ef7539ce6aaaa27bad6002e0c9ba8df4cc9e6cda fetched and parsed in 9.92275ms
[2m2025-12-10T10:10:10.150397Z[0m [34mDEBUG[0m [2methereum_transaction_pool_monitor::mempool_monitor[0m[2m:[0m 🔍 Skipping tx 0x9a43d600f38b9cc68baa0f49ef7539ce6aaaa27bad6002e0c9ba8df4cc9e6cda - not a DEX interaction (target: 0xdAC17F958D2ee523a2206206994597C13D831ec7)
[2m2025-12-10T10:10:10.150404Z[0m [34mDEBUG[0m [2methereum_transaction_pool_monitor::mempool_monitor[0m[2m:[0m 📨 Processing new pending transaction: 0xa1ed9a38b071eb73a92f4192c1ca9cb054c116ee311d60ada94560be41dbd820
[2m2025-12-10T10:10:10.150408Z[0m [34mDEBUG[0m [2methereum_transaction_pool_monitor::mempool_monitor[0m[2m:[0m 🔍 Fetching transaction details for: 0xa1ed9a38b071eb73a92f4192c1ca9cb054c116ee311d60ada94560be41dbd820
[2m2025-12-10T10:10:10.150412Z[0m [34mDEBUG[0m [2methereum_transaction_pool_monitor::eth_client[0m[2m:[0m 🔍 Fetching transaction details for hash: 0xa1ed9a38b071eb73a92f4192c1ca9cb054c116ee311d60ada94560be41dbd820
[2m2025-12-10T10:10:10.150420Z[0m [34mDEBUG[0m [2mhyper::client::pool[0m[2m:[0m reuse idle connection for ("http", 192.168.0.14:8545)
[2m2025-12-10T10:10:10.150436Z[0m [34mDEBUG[0m [2mhyper::proto::h1::io[0m[2m:[0m flushed 250 bytes
[2m2025-12-10T10:10:10.154812Z[0m [34mDEBUG[0m [2mhyper::proto::h1::io[0m[2m:[0m parsed 4 headers
[2m2025-12-10T10:10:10.154834Z[0m [34mDEBUG[0m [2mhyper::proto::h1::conn[0m[2m:[0m incoming body is content-length (770 bytes)
[2m2025-12-10T10:10:10.154868Z[0m [34mDEBUG[0m [2mhyper::proto::h1::conn[0m[2m:[0m incoming body completed
[2m2025-12-10T10:10:10.154877Z[0m [34mDEBUG[0m [2mhyper::client::pool[0m[2m:[0m pooling idle connection for ("http", 192.168.0.14:8545)
[2m2025-12-10T10:10:10.154884Z[0m [34mDEBUG[0m [2methereum_transaction_pool_monitor::eth_client[0m[2m:[0m 📡 Transaction fetch RPC completed in 4.468875ms
[2m2025-12-10T10:10:10.154896Z[0m [34mDEBUG[0m [2methereum_transaction_pool_monitor::eth_client[0m[2m:[0m DeFi transaction detected - Address: 0xdac17f958d2ee523a2206206994597c13d831ec7, Type: Stablecoin, Value: 0 ETH, Gas: 0.25 Gwei
[2m2025-12-10T10:10:10.154906Z[0m [34mDEBUG[0m [2methereum_transaction_pool_monitor::eth_client[0m[2m:[0m ✅ Transaction 0xa1ed9a38b071eb73a92f4192c1ca9cb054c116ee311d60ada94560be41dbd820 fetched and parsed in 4.49ms
[2m2025-12-10T10:10:10.154912Z[0m [34mDEBUG[0m [2methereum_transaction_pool_monitor::mempool_monitor[0m[2m:[0m 🔍 Skipping tx 0xa1ed9a38b071eb73a92f4192c1ca9cb054c116ee311d60ada94560be41dbd820 - not a DEX interaction (target: 0xdAC17F958D2ee523a2206206994597C13D831ec7)
[2m2025-12-10T10:10:10.154918Z[0m [34mDEBUG[0m [2methereum_transaction_pool_monitor::mempool_monitor[0m[2m:[0m 📨 Processing new pending transaction: 0xb582e8572150dbda53c7f988c563f1c83dc3911f1b327a063523b150e9127cb7
[2m2025-12-10T10:10:10.154924Z[0m [34mDEBUG[0m [2methereum_transaction_pool_monitor::mempool_monitor[0m[2m:[0m 🔍 Fetching transaction details for: 0xb582e8572150dbda53c7f988c563f1c83dc3911f1b327a063523b150e9127cb7
[2m2025-12-10T10:10:10.154930Z[0m [34mDEBUG[0m [2methereum_transaction_pool_monitor::eth_client[0m[2m:[0m 🔍 Fetching transaction details for hash: 0xb582e8572150dbda53c7f988c563f1c83dc3911f1b327a063523b150e9127cb7
[2m2025-12-10T10:10:10.154938Z[0m [34mDEBUG[0m [2mhyper::client::pool[0m[2m:[0m reuse idle connection for ("http", 192.168.0.14:8545)
[2m2025-12-10T10:10:10.154953Z[0m [34mDEBUG[0m [2mhyper::proto::h1::io[0m[2m:[0m flushed 250 bytes
[2m2025-12-10T10:10:10.159772Z[0m [34mDEBUG[0m [2mhyper::proto::h1::io[0m[2m:[0m parsed 4 headers
[2m2025-12-10T10:10:10.159792Z[0m [34mDEBUG[0m [2mhyper::proto::h1::conn[0m[2m:[0m incoming body is content-length (773 bytes)
[2m2025-12-10T10:10:10.159810Z[0m [34mDEBUG[0m [2mhyper::proto::h1::conn[0m[2m:[0m incoming body completed
[2m2025-12-10T10:10:10.159830Z[0m [34mDEBUG[0m [2mhyper::client::pool[0m[2m:[0m pooling idle connection for ("http", 192.168.0.14:8545)
[2m2025-12-10T10:10:10.159835Z[0m [34mDEBUG[0m [2methereum_transaction_pool_monitor::eth_client[0m[2m:[0m 📡 Transaction fetch RPC completed in 4.899958ms
[2m2025-12-10T10:10:10.159843Z[0m [34mDEBUG[0m [2methereum_transaction_pool_monitor::eth_client[0m[2m:[0m DeFi transaction detected - Address: 0xdac17f958d2ee523a2206206994597c13d831ec7, Type: Stablecoin, Value: 0 ETH, Gas: 0.77 Gwei
[2m2025-12-10T10:10:10.159851Z[0m [34mDEBUG[0m [2methereum_transaction_pool_monitor::eth_client[0m[2m:[0m ✅ Transaction 0xb582e8572150dbda53c7f988c563f1c83dc3911f1b327a063523b150e9127cb7 fetched and parsed in 4.915708ms
[2m2025-12-10T10:10:10.159856Z[0m [34mDEBUG[0m [2methereum_transaction_pool_monitor::mempool_monitor[0m[2m:[0m 🔍 Skipping tx 0xb582e8572150dbda53c7f988c563f1c83dc3911f1b327a063523b150e9127cb7 - not a DEX interaction (target: 0xdAC17F958D2ee523a2206206994597C13D831ec7)
[2m2025-12-10T10:10:10.159863Z[0m [34mDEBUG[0m [2methereum_transaction_pool_monitor::mempool_monitor[0m[2m:[0m 📨 Processing new pending transaction: 0x72d5b5c85181fecd71670371c8decb9d7a325247f9e5093b9c9168f4bd6c099b
[2m2025-12-10T10:10:10.159867Z[0m [34mDEBUG[0m [2methereum_transaction_pool_monitor::mempool_monitor[0m[2m:[0m 🔍 Fetching transaction details for: 0x72d5b5c85181fecd71670371c8decb9d7a325247f9e5093b9c9168f4bd6c099b
[2m2025-12-10T10:10:10.159871Z[0m [34mDEBUG[0m [2methereum_transaction_pool_monitor::eth_client[0m[2m:[0m 🔍 Fetching transaction details for hash: 0x72d5b5c85181fecd71670371c8decb9d7a325247f9e5093b9c9168f4bd6c099b
[2m2025-12-10T10:10:10.159876Z[0m [34mDEBUG[0m [2mhyper::client::pool[0m[2m:[0m reuse idle connection for ("http", 192.168.0.14:8545)
[2m2025-12-10T10:10:10.159889Z[0m [34mDEBUG[0m [2mhyper::proto::h1::io[0m[2m:[0m flushed 250 bytes
[2m2025-12-10T10:10:10.165710Z[0m [34mDEBUG[0m [2mhyper::proto::h1::io[0m[2m:[0m parsed 4 headers
[2m2025-12-10T10:10:10.165718Z[0m [34mDEBUG[0m [2mhyper::proto::h1::conn[0m[2m:[0m incoming body is content-length (681 bytes)
[2m2025-12-10T10:10:10.165723Z[0m [34mDEBUG[0m [2mhyper::proto::h1::conn[0m[2m:[0m incoming body completed
[2m2025-12-10T10:10:10.165728Z[0m [34mDEBUG[0m [2mhyper::client::pool[0m[2m:[0m pooling idle connection for ("http", 192.168.0.14:8545)
[2m2025-12-10T10:10:10.165732Z[0m [34mDEBUG[0m [2methereum_transaction_pool_monitor::eth_client[0m[2m:[0m 📡 Transaction fetch RPC completed in 5.857958ms
[2m2025-12-10T10:10:10.165740Z[0m [34mDEBUG[0m [2methereum_transaction_pool_monitor::eth_client[0m[2m:[0m DeFi transaction detected - Address: 0xdac17f958d2ee523a2206206994597c13d831ec7, Type: Stablecoin, Value: 0 ETH, Gas: 2.00 Gwei
[2m2025-12-10T10:10:10.165748Z[0m [34mDEBUG[0m [2methereum_transaction_pool_monitor::eth_client[0m[2m:[0m ✅ Transaction 0x72d5b5c85181fecd71670371c8decb9d7a325247f9e5093b9c9168f4bd6c099b fetched and parsed in 5.874042ms
[2m2025-12-10T10:10:10.165753Z[0m [34mDEBUG[0m [2methereum_transaction_pool_monitor::mempool_monitor[0m[2m:[0m 🔍 Skipping tx 0x72d5b5c85181fecd71670371c8decb9d7a325247f9e5093b9c9168f4bd6c099b - not a DEX interaction (target: 0xdAC17F958D2ee523a2206206994597C13D831ec7)
[2m2025-12-10T10:10:10.165758Z[0m [34mDEBUG[0m [2methereum_transaction_pool_monitor::mempool_monitor[0m[2m:[0m 📨 Processing new pending transaction: 0xce5cc8f60ba19c9dbe8bf630902dd540bfdc5f645611b44720ec8807f21c9c84
[2m2025-12-10T10:10:10.165762Z[0m [34mDEBUG[0m [2methereum_transaction_pool_monitor::mempool_monitor[0m[2m:[0m 🔍 Fetching transaction details for: 0xce5cc8f60ba19c9dbe8bf630902dd540bfdc5f645611b44720ec8807f21c9c84
[2m2025-12-10T10:10:10.165766Z[0m [34mDEBUG[0m [2methereum_transaction_pool_monitor::eth_client[0m[2m:[0m 🔍 Fetching transaction details for hash: 0xce5cc8f60ba19c9dbe8bf630902dd540bfdc5f645611b44720ec8807f21c9c84
[2m2025-12-10T10:10:10.165772Z[0m [34mDEBUG[0m [2mhyper::client::pool[0m[2m:[0m reuse idle connection for ("http", 192.168.0.14:8545)
[2m2025-12-10T10:10:10.165786Z[0m [34mDEBUG[0m [2mhyper::proto::h1::io[0m[2m:[0m flushed 250 bytes
[2m2025-12-10T10:10:10.170828Z[0m [34mDEBUG[0m [2mhyper::proto::h1::io[0m[2m:[0m parsed 4 headers
[2m2025-12-10T10:10:10.170834Z[0m [34mDEBUG[0m [2mhyper::proto::h1::conn[0m[2m:[0m incoming body is content-length (711 bytes)
[2m2025-12-10T10:10:10.170838Z[0m [34mDEBUG[0m [2mhyper::proto::h1::conn[0m[2m:[0m incoming body completed
[2m2025-12-10T10:10:10.170843Z[0m [34mDEBUG[0m [2mhyper::client::pool[0m[2m:[0m pooling idle connection for ("http", 192.168.0.14:8545)
[2m2025-12-10T10:10:10.170850Z[0m [34mDEBUG[0m [2methereum_transaction_pool_monitor::eth_client[0m[2m:[0m 📡 Transaction fetch RPC completed in 5.080333ms
[2m2025-12-10T10:10:10.241820Z[0m [34mDEBUG[0m [2methereum_transaction_pool_monitor::eth_client[0m[2m:[0m ✅ Transaction 0xce5cc8f60ba19c9dbe8bf630902dd540bfdc5f645611b44720ec8807f21c9c84 fetched and parsed in 76.0475ms
[2m2025-12-10T10:10:10.241847Z[0m [34mDEBUG[0m [2methereum_transaction_pool_monitor::mempool_monitor[0m[2m:[0m 🔍 Skipping tx 0xce5cc8f60ba19c9dbe8bf630902dd540bfdc5f645611b44720ec8807f21c9c84 - not a DEX interaction (target: 0xD1fc2c9E5573C125D028E60E9e873463db6bAEf1)
[2m2025-12-10T10:10:10.241857Z[0m [34mDEBUG[0m [2methereum_transaction_pool_monitor::mempool_monitor[0m[2m:[0m 📨 Processing new pending transaction: 0xa624bc1713ad350625bc3becce861af77b885d66838bb636a1914ec9d8c35cd3
[2m2025-12-10T10:10:10.241864Z[0m [34mDEBUG[0m [2methereum_transaction_pool_monitor::mempool_monitor[0m[2m:[0m 🔍 Fetching transaction details for: 0xa624bc1713ad350625bc3becce861af77b885d66838bb636a1914ec9d8c35cd3
[2m2025-12-10T10:10:10.241871Z[0m [34mDEBUG[0m [2methereum_transaction_pool_monitor::eth_client[0m[2m:[0m 🔍 Fetching transaction details for hash: 0xa624bc1713ad350625bc3becce861af77b885d66838bb636a1914ec9d8c35cd3
[2m2025-12-10T10:10:10.241889Z[0m [34mDEBUG[0m [2mhyper::client::pool[0m[2m:[0m reuse idle connection for ("http", 192.168.0.14:8545)
[2m2025-12-10T10:10:10.241930Z[0m [34mDEBUG[0m [2mhyper::proto::h1::io[0m[2m:[0m flushed 250 bytes
[2m2025-12-10T10:10:10.241959Z[0m [34mDEBUG[0m [2mhyper::client::pool[0m[2m:[0m reuse idle connection for ("http", 192.168.0.14:8545)
[2m2025-12-10T10:10:10.241975Z[0m [34mDEBUG[0m [2mhyper::proto::h1::io[0m[2m:[0m flushed 172 bytes
[2m2025-12-10T10:10:10.257257Z[0m [34mDEBUG[0m [2mhyper::proto::h1::io[0m[2m:[0m parsed 4 headers
[2m2025-12-10T10:10:10.257265Z[0m [34mDEBUG[0m [2mhyper::proto::h1::conn[0m[2m:[0m incoming body is content-length (828 bytes)
[2m2025-12-10T10:10:10.257274Z[0m [34mDEBUG[0m [2mhyper::proto::h1::conn[0m[2m:[0m incoming body completed
[2m2025-12-10T10:10:10.257288Z[0m [34mDEBUG[0m [2mhyper::client::pool[0m[2m:[0m pooling idle connection for ("http", 192.168.0.14:8545)
[2m2025-12-10T10:10:10.257299Z[0m [34mDEBUG[0m [2methereum_transaction_pool_monitor::eth_client[0m[2m:[0m 📡 Transaction fetch RPC completed in 15.423ms
[2m2025-12-10T10:10:10.328763Z[0m [34mDEBUG[0m [2methereum_transaction_pool_monitor::eth_client[0m[2m:[0m ✅ Transaction 0xa624bc1713ad350625bc3becce861af77b885d66838bb636a1914ec9d8c35cd3 fetched and parsed in 86.885708ms
[2m2025-12-10T10:10:10.328793Z[0m [34mDEBUG[0m [2methereum_transaction_pool_monitor::mempool_monitor[0m[2m:[0m 🔍 Skipping tx 0xa624bc1713ad350625bc3becce861af77b885d66838bb636a1914ec9d8c35cd3 - not a DEX interaction (target: 0x3B4D794a66304F130a4Db8F2551B0070dfCf5ca7)
[2m2025-12-10T10:10:10.328803Z[0m [34mDEBUG[0m [2methereum_transaction_pool_monitor::mempool_monitor[0m[2m:[0m 📨 Processing new pending transaction: 0x97444ed26e707a6b425a0d2d6a88163c9b307a800f11662edf545f9c551b89d5
[2m2025-12-10T10:10:10.328817Z[0m [34mDEBUG[0m [2methereum_transaction_pool_monitor::mempool_monitor[0m[2m:[0m 🔍 Fetching transaction details for: 0x97444ed26e707a6b425a0d2d6a88163c9b307a800f11662edf545f9c551b89d5
[2m2025-12-10T10:10:10.328829Z[0m [34mDEBUG[0m [2methereum_transaction_pool_monitor::eth_client[0m[2m:[0m 🔍 Fetching transaction details for hash: 0x97444ed26e707a6b425a0d2d6a88163c9b307a800f11662edf545f9c551b89d5
[2m2025-12-10T10:10:10.328848Z[0m [34mDEBUG[0m [2mhyper::client::pool[0m[2m:[0m reuse idle connection for ("http", 192.168.0.14:8545)
[2m2025-12-10T10:10:10.328886Z[0m [34mDEBUG[0m [2mhyper::proto::h1::io[0m[2m:[0m flushed 250 bytes
[2m2025-12-10T10:10:10.328912Z[0m [34mDEBUG[0m [2methereum_transaction_pool_monitor::eth_client[0m[2m:[0m 📨 Received WebSocket message: {"jsonrpc":"2.0","method":"eth_subscription","params":{"subscription":"0xbed0a0851463e895960a451075a301a9","result":"0x2649965fa99d958c424a927172a977bb45803f41e917d06146a57c782110f4d1"}}
[2m2025-12-10T10:10:10.328914Z[0m [34mDEBUG[0m [2mhyper::proto::h1::io[0m[2m:[0m parsed 4 headers
[2m2025-12-10T10:10:10.328926Z[0m [34mDEBUG[0m [2methereum_transaction_pool_monitor::eth_client[0m[2m:[0m 📨 Received pending transaction: 0x2649965fa99d958c424a927172a977bb45803f41e917d06146a57c782110f4d1
[2m2025-12-10T10:10:10.328940Z[0m [34mDEBUG[0m [2mhyper::proto::h1::conn[0m[2m:[0m incoming body is content-length (45 bytes)
[2m2025-12-10T10:10:10.328956Z[0m [34mDEBUG[0m [2mhyper::proto::h1::conn[0m[2m:[0m incoming body completed
[2m2025-12-10T10:10:10.328964Z[0m [34mDEBUG[0m [2mhyper::client::pool[0m[2m:[0m pooling idle connection for ("http", 192.168.0.14:8545)
[2m2025-12-10T10:10:10.328977Z[0m [34mDEBUG[0m [2mhyper::client::pool[0m[2m:[0m reuse idle connection for ("http", 192.168.0.14:8545)
[2m2025-12-10T10:10:10.328992Z[0m [34mDEBUG[0m [2mhyper::proto::h1::io[0m[2m:[0m flushed 172 bytes
[2m2025-12-10T10:10:10.333580Z[0m [34mDEBUG[0m [2mhyper::proto::h1::io[0m[2m:[0m parsed 4 headers
[2m2025-12-10T10:10:10.333585Z[0m [34mDEBUG[0m [2mhyper::proto::h1::conn[0m[2m:[0m incoming body is content-length (45 bytes)
[2m2025-12-10T10:10:10.333590Z[0m [34mDEBUG[0m [2mhyper::proto::h1::conn[0m[2m:[0m incoming body completed
[2m2025-12-10T10:10:10.333596Z[0m [34mDEBUG[0m [2mhyper::client::pool[0m[2m:[0m pooling idle connection for ("http", 192.168.0.14:8545)
[2m2025-12-10T10:10:10.333609Z[0m [34mDEBUG[0m [2mhyper::proto::h1::io[0m[2m:[0m parsed 4 headers
[2m2025-12-10T10:10:10.333617Z[0m [34mDEBUG[0m [2mhyper::proto::h1::conn[0m[2m:[0m incoming body is content-length (643 bytes)
[2m2025-12-10T10:10:10.333624Z[0m [34mDEBUG[0m [2mhyper::proto::h1::conn[0m[2m:[0m incoming body completed
[2m2025-12-10T10:10:10.333630Z[0m [34mDEBUG[0m [2mhyper::client::pool[0m[2m:[0m pooling idle connection for ("http", 192.168.0.14:8545)
[2m2025-12-10T10:10:10.333636Z[0m [34mDEBUG[0m [2methereum_transaction_pool_monitor::eth_client[0m[2m:[0m 📡 Transaction fetch RPC completed in 4.800625ms
[2m2025-12-10T10:10:10.404220Z[0m [34mDEBUG[0m [2methereum_transaction_pool_monitor::eth_client[0m[2m:[0m ✅ Transaction 0x97444ed26e707a6b425a0d2d6a88163c9b307a800f11662edf545f9c551b89d5 fetched and parsed in 75.382125ms
[2m2025-12-10T10:10:10.404247Z[0m [34mDEBUG[0m [2methereum_transaction_pool_monitor::mempool_monitor[0m[2m:[0m 🔍 Skipping tx 0x97444ed26e707a6b425a0d2d6a88163c9b307a800f11662edf545f9c551b89d5 - not a DEX interaction (target: 0x17E5545B11b468072283Cee1F066a059Fb0dbF24)
[2m2025-12-10T10:10:10.404258Z[0m [34mDEBUG[0m [2methereum_transaction_pool_monitor::mempool_monitor[0m[2m:[0m 📨 Processing new pending transaction: 0x3e6268496f72744255eabeaf0087db44230e56cb8119785b2dac9cfd6958ada8
[2m2025-12-10T10:10:10.404271Z[0m [34mDEBUG[0m [2methereum_transaction_pool_monitor::mempool_monitor[0m[2m:[0m 🔍 Fetching transaction details for: 0x3e6268496f72744255eabeaf0087db44230e56cb8119785b2dac9cfd6958ada8
[2m2025-12-10T10:10:10.404280Z[0m [34mDEBUG[0m [2methereum_transaction_pool_monitor::eth_client[0m[2m:[0m 🔍 Fetching transaction details for hash: 0x3e6268496f72744255eabeaf0087db44230e56cb8119785b2dac9cfd6958ada8
[2m2025-12-10T10:10:10.404298Z[0m [34mDEBUG[0m [2mhyper::client::pool[0m[2m:[0m reuse idle connection for ("http", 192.168.0.14:8545)
[2m2025-12-10T10:10:10.404337Z[0m [34mDEBUG[0m [2mhyper::proto::h1::io[0m[2m:[0m flushed 250 bytes
[2m2025-12-10T10:10:10.404358Z[0m [34mDEBUG[0m [2mhyper::client::pool[0m[2m:[0m reuse idle connection for ("http", 192.168.0.14:8545)
[2m2025-12-10T10:10:10.404369Z[0m [34mDEBUG[0m [2methereum_transaction_pool_monitor::eth_client[0m[2m:[0m 📨 Received WebSocket message: {"jsonrpc":"2.0","method":"eth_subscription","params":{"subscription":"0xbed0a0851463e895960a451075a301a9","result":"0xaf450985888889fde3bfac16f3d483169f664aa1c9ed9f0a68aedc41efe23cdd"}}
[2m2025-12-10T10:10:10.404376Z[0m [34mDEBUG[0m [2mhyper::proto::h1::io[0m[2m:[0m flushed 172 bytes
[2m2025-12-10T10:10:10.404389Z[0m [34mDEBUG[0m [2methereum_transaction_pool_monitor::eth_client[0m[2m:[0m 📨 Received pending transaction: 0xaf450985888889fde3bfac16f3d483169f664aa1c9ed9f0a68aedc41efe23cdd
[2m2025-12-10T10:10:10.404412Z[0m [34mDEBUG[0m [2methereum_transaction_pool_monitor::eth_client[0m[2m:[0m 📨 Received WebSocket message: {"jsonrpc":"2.0","method":"eth_subscription","params":{"subscription":"0xbed0a0851463e895960a451075a301a9","result":"0x1566af474018a19fae33ec4f4327f45b425d926627d9e560db0d47201d2536d9"}}
[2m2025-12-10T10:10:10.404449Z[0m [34mDEBUG[0m [2methereum_transaction_pool_monitor::eth_client[0m[2m:[0m 📨 Received pending transaction: 0x1566af474018a19fae33ec4f4327f45b425d926627d9e560db0d47201d2536d9
[2m2025-12-10T10:10:10.409070Z[0m [34mDEBUG[0m [2mhyper::proto::h1::io[0m[2m:[0m parsed 4 headers
[2m2025-12-10T10:10:10.409094Z[0m [34mDEBUG[0m [2mhyper::proto::h1::conn[0m[2m:[0m incoming body is content-length (45 bytes)
[2m2025-12-10T10:10:10.409111Z[0m [34mDEBUG[0m [2mhyper::proto::h1::conn[0m[2m:[0m incoming body completed
[2m2025-12-10T10:10:10.409131Z[0m [34mDEBUG[0m [2mhyper::client::pool[0m[2m:[0m pooling idle connection for ("http", 192.168.0.14:8545)
[2m2025-12-10T10:10:10.409769Z[0m [34mDEBUG[0m [2mhyper::proto::h1::io[0m[2m:[0m parsed 4 headers
[2m2025-12-10T10:10:10.409790Z[0m [34mDEBUG[0m [2mhyper::proto::h1::conn[0m[2m:[0m incoming body is content-length (830 bytes)
[2m2025-12-10T10:10:10.409825Z[0m [34mDEBUG[0m [2mhyper::proto::h1::conn[0m[2m:[0m incoming body completed
[2m2025-12-10T10:10:10.409833Z[0m [34mDEBUG[0m [2mhyper::client::pool[0m[2m:[0m pooling idle connection for ("http", 192.168.0.14:8545)
[2m2025-12-10T10:10:10.409839Z[0m [34mDEBUG[0m [2methereum_transaction_pool_monitor::eth_client[0m[2m:[0m 📡 Transaction fetch RPC completed in 5.553584ms
[2m2025-12-10T10:10:10.480714Z[0m [34mDEBUG[0m [2methereum_transaction_pool_monitor::eth_client[0m[2m:[0m ✅ Transaction 0x3e6268496f72744255eabeaf0087db44230e56cb8119785b2dac9cfd6958ada8 fetched and parsed in 76.426125ms
[2m2025-12-10T10:10:10.480739Z[0m [34mDEBUG[0m [2methereum_transaction_pool_monitor::mempool_monitor[0m[2m:[0m 🔍 Skipping tx 0x3e6268496f72744255eabeaf0087db44230e56cb8119785b2dac9cfd6958ada8 - not a DEX interaction (target: 0x3B4D794a66304F130a4Db8F2551B0070dfCf5ca7)
[2m2025-12-10T10:10:10.480750Z[0m [34mDEBUG[0m [2methereum_transaction_pool_monitor::mempool_monitor[0m[2m:[0m 📨 Processing new pending transaction: 0xdd97a9ddef2c2454835f87e3f43d97efb94399cce831321f90affa9eb889d3dd
[2m2025-12-10T10:10:10.480757Z[0m [34mDEBUG[0m [2methereum_transaction_pool_monitor::mempool_monitor[0m[2m:[0m 🔍 Fetching transaction details for: 0xdd97a9ddef2c2454835f87e3f43d97efb94399cce831321f90affa9eb889d3dd
[2m2025-12-10T10:10:10.480762Z[0m [34mDEBUG[0m [2methereum_transaction_pool_monitor::eth_client[0m[2m:[0m 🔍 Fetching transaction details for hash: 0xdd97a9ddef2c2454835f87e3f43d97efb94399cce831321f90affa9eb889d3dd
[2m2025-12-10T10:10:10.480780Z[0m [34mDEBUG[0m [2mhyper::client::pool[0m[2m:[0m reuse idle connection for ("http", 192.168.0.14:8545)
[2m2025-12-10T10:10:10.480818Z[0m [34mDEBUG[0m [2mhyper::proto::h1::io[0m[2m:[0m flushed 250 bytes
[2m2025-12-10T10:10:10.480840Z[0m [34mDEBUG[0m [2methereum_transaction_pool_monitor::eth_client[0m[2m:[0m 📨 Received WebSocket message: {"jsonrpc":"2.0","method":"eth_subscription","params":{"subscription":"0xbed0a0851463e895960a451075a301a9","result":"0x0099f5e2a2faf67ad48ae4efba767fbbeb585347caed586fa7f968a1de9d464b"}}
[2m2025-12-10T10:10:10.480847Z[0m [34mDEBUG[0m [2methereum_transaction_pool_monitor::eth_client[0m[2m:[0m 📨 Received pending transaction: 0x0099f5e2a2faf67ad48ae4efba767fbbeb585347caed586fa7f968a1de9d464b
[2m2025-12-10T10:10:10.489655Z[0m [34mDEBUG[0m [2mhyper::proto::h1::io[0m[2m:[0m parsed 4 headers
[2m2025-12-10T10:10:10.489662Z[0m [34mDEBUG[0m [2mhyper::proto::h1::conn[0m[2m:[0m incoming body is content-length (677 bytes)
[2m2025-12-10T10:10:10.489668Z[0m [34mDEBUG[0m [2mhyper::proto::h1::conn[0m[2m:[0m incoming body completed
[2m2025-12-10T10:10:10.489676Z[0m [34mDEBUG[0m [2mhyper::client::pool[0m[2m:[0m pooling idle connection for ("http", 192.168.0.14:8545)
[2m2025-12-10T10:10:10.489682Z[0m [34mDEBUG[0m [2methereum_transaction_pool_monitor::eth_client[0m[2m:[0m 📡 Transaction fetch RPC completed in 8.915041ms
[2m2025-12-10T10:10:10.560539Z[0m [34mDEBUG[0m [2methereum_transaction_pool_monitor::eth_client[0m[2m:[0m ✅ Transaction 0xdd97a9ddef2c2454835f87e3f43d97efb94399cce831321f90affa9eb889d3dd fetched and parsed in 79.769958ms
[2m2025-12-10T10:10:10.560565Z[0m [34mDEBUG[0m [2methereum_transaction_pool_monitor::mempool_monitor[0m[2m:[0m 🔍 Skipping tx 0xdd97a9ddef2c2454835f87e3f43d97efb94399cce831321f90affa9eb889d3dd - not a DEX interaction (target: 0xA0b86991c6218b36c1d19D4a2e9Eb0cE3606eB48)
[2m2025-12-10T10:10:10.560579Z[0m [34mDEBUG[0m [2methereum_transaction_pool_monitor::mempool_monitor[0m[2m:[0m 📨 Processing new pending transaction: 0xc055354b4bebb459677ab67d349ba6ccc4a44a6d0ff0823a4a4007843d3e12bf
[2m2025-12-10T10:10:10.560586Z[0m [34mDEBUG[0m [2methereum_transaction_pool_monitor::mempool_monitor[0m[2m:[0m 🔍 Fetching transaction details for: 0xc055354b4bebb459677ab67d349ba6ccc4a44a6d0ff0823a4a4007843d3e12bf
[2m2025-12-10T10:10:10.560591Z[0m [34mDEBUG[0m [2methereum_transaction_pool_monitor::eth_client[0m[2m:[0m 🔍 Fetching transaction details for hash: 0xc055354b4bebb459677ab67d349ba6ccc4a44a6d0ff0823a4a4007843d3e12bf
[2m2025-12-10T10:10:10.560612Z[0m [34mDEBUG[0m [2mhyper::client::pool[0m[2m:[0m reuse idle connection for ("http", 192.168.0.14:8545)
[2m2025-12-10T10:10:10.560639Z[0m [34mDEBUG[0m [2mhyper::proto::h1::io[0m[2m:[0m flushed 250 bytes
[2m2025-12-10T10:10:10.560660Z[0m [34mDEBUG[0m [2mhyper::client::pool[0m[2m:[0m reuse idle connection for ("http", 192.168.0.14:8545)
[2m2025-12-10T10:10:10.560672Z[0m [34mDEBUG[0m [2methereum_transaction_pool_monitor::eth_client[0m[2m:[0m 📨 Received WebSocket message: {"jsonrpc":"2.0","method":"eth_subscription","params":{"subscription":"0xbed0a0851463e895960a451075a301a9","result":"0x70b5af0b663ac81b523a266d35b4c8ad520453727bc1cb13585a236171fb4a5d"}}
[2m2025-12-10T10:10:10.560675Z[0m [34mDEBUG[0m [2mhyper::proto::h1::io[0m[2m:[0m flushed 172 bytes
[2m2025-12-10T10:10:10.560685Z[0m [34mDEBUG[0m [2methereum_transaction_pool_monitor::eth_client[0m[2m:[0m 📨 Received pending transaction: 0x70b5af0b663ac81b523a266d35b4c8ad520453727bc1cb13585a236171fb4a5d
[2m2025-12-10T10:10:10.564184Z[0m [34mDEBUG[0m [2mhyper::proto::h1::io[0m[2m:[0m parsed 4 headers
[2m2025-12-10T10:10:10.564209Z[0m [34mDEBUG[0m [2mhyper::proto::h1::conn[0m[2m:[0m incoming body is content-length (45 bytes)
[2m2025-12-10T10:10:10.564235Z[0m [34mDEBUG[0m [2mhyper::proto::h1::conn[0m[2m:[0m incoming body completed
[2m2025-12-10T10:10:10.564262Z[0m [34mDEBUG[0m [2mhyper::client::pool[0m[2m:[0m pooling idle connection for ("http", 192.168.0.14:8545)
[2m2025-12-10T10:10:10.565080Z[0m [34mDEBUG[0m [2mhyper::proto::h1::io[0m[2m:[0m parsed 4 headers
[2m2025-12-10T10:10:10.565086Z[0m [34mDEBUG[0m [2mhyper::proto::h1::conn[0m[2m:[0m incoming body is content-length (770 bytes)
[2m2025-12-10T10:10:10.565090Z[0m [34mDEBUG[0m [2mhyper::proto::h1::conn[0m[2m:[0m incoming body completed
[2m2025-12-10T10:10:10.565095Z[0m [34mDEBUG[0m [2mhyper::client::pool[0m[2m:[0m pooling idle connection for ("http", 192.168.0.14:8545)
[2m2025-12-10T10:10:10.565100Z[0m [34mDEBUG[0m [2methereum_transaction_pool_monitor::eth_client[0m[2m:[0m 📡 Transaction fetch RPC completed in 4.505125ms
[2m2025-12-10T10:10:10.634982Z[0m [34mDEBUG[0m [2methereum_transaction_pool_monitor::eth_client[0m[2m:[0m ✅ Transaction 0xc055354b4bebb459677ab67d349ba6ccc4a44a6d0ff0823a4a4007843d3e12bf fetched and parsed in 74.384792ms
[2m2025-12-10T10:10:10.635011Z[0m [34mDEBUG[0m [2methereum_transaction_pool_monitor::mempool_monitor[0m[2m:[0m 🔍 Skipping tx 0xc055354b4bebb459677ab67d349ba6ccc4a44a6d0ff0823a4a4007843d3e12bf - not a DEX interaction (target: 0xA0b86991c6218b36c1d19D4a2e9Eb0cE3606eB48)
[2m2025-12-10T10:10:10.635022Z[0m [34mDEBUG[0m [2methereum_transaction_pool_monitor::mempool_monitor[0m[2m:[0m 📨 Processing new pending transaction: 0x557e776ded7b8943905c5e9686db17b6730684e396772370a284301039732517
[2m2025-12-10T10:10:10.635035Z[0m [34mDEBUG[0m [2methereum_transaction_pool_monitor::mempool_monitor[0m[2m:[0m 🔍 Fetching transaction details for: 0x557e776ded7b8943905c5e9686db17b6730684e396772370a284301039732517
[2m2025-12-10T10:10:10.635043Z[0m [34mDEBUG[0m [2methereum_transaction_pool_monitor::eth_client[0m[2m:[0m 🔍 Fetching transaction details for hash: 0x557e776ded7b8943905c5e9686db17b6730684e396772370a284301039732517
[2m2025-12-10T10:10:10.635062Z[0m [34mDEBUG[0m [2mhyper::client::pool[0m[2m:[0m reuse idle connection for ("http", 192.168.0.14:8545)
[2m2025-12-10T10:10:10.635102Z[0m [34mDEBUG[0m [2mhyper::proto::h1::io[0m[2m:[0m flushed 250 bytes
[2m2025-12-10T10:10:10.635122Z[0m [34mDEBUG[0m [2mhyper::client::pool[0m[2m:[0m reuse idle connection for ("http", 192.168.0.14:8545)
[2m2025-12-10T10:10:10.635136Z[0m [34mDEBUG[0m [2methereum_transaction_pool_monitor::eth_client[0m[2m:[0m 📨 Received WebSocket message: {"jsonrpc":"2.0","method":"eth_subscription","params":{"subscription":"0xbed0a0851463e895960a451075a301a9","result":"0xc4005c6527463785e8b96b0e4d076b68802492f8b15a6b30d3a76685c7da1afa"}}
[2m2025-12-10T10:10:10.635137Z[0m [34mDEBUG[0m [2mhyper::proto::h1::io[0m[2m:[0m flushed 172 bytes
[2m2025-12-10T10:10:10.635149Z[0m [34mDEBUG[0m [2methereum_transaction_pool_monitor::eth_client[0m[2m:[0m 📨 Received pending transaction: 0xc4005c6527463785e8b96b0e4d076b68802492f8b15a6b30d3a76685c7da1afa
[2m2025-12-10T10:10:10.640056Z[0m [34mDEBUG[0m [2mhyper::proto::h1::io[0m[2m:[0m parsed 4 headers
[2m2025-12-10T10:10:10.640079Z[0m [34mDEBUG[0m [2mhyper::proto::h1::conn[0m[2m:[0m incoming body is content-length (45 bytes)
[2m2025-12-10T10:10:10.640112Z[0m [34mDEBUG[0m [2mhyper::proto::h1::conn[0m[2m:[0m incoming body completed
[2m2025-12-10T10:10:10.640138Z[0m [34mDEBUG[0m [2mhyper::client::pool[0m[2m:[0m pooling idle connection for ("http", 192.168.0.14:8545)
[2m2025-12-10T10:10:10.640154Z[0m [34mDEBUG[0m [2mhyper::proto::h1::io[0m[2m:[0m parsed 4 headers
[2m2025-12-10T10:10:10.640158Z[0m [34mDEBUG[0m [2mhyper::proto::h1::conn[0m[2m:[0m incoming body is content-length (556 bytes)
[2m2025-12-10T10:10:10.640162Z[0m [34mDEBUG[0m [2mhyper::proto::h1::conn[0m[2m:[0m incoming body completed
[2m2025-12-10T10:10:10.640167Z[0m [34mDEBUG[0m [2mhyper::client::pool[0m[2m:[0m pooling idle connection for ("http", 192.168.0.14:8545)
[2m2025-12-10T10:10:10.640171Z[0m [34mDEBUG[0m [2methereum_transaction_pool_monitor::eth_client[0m[2m:[0m 📡 Transaction fetch RPC completed in 5.121458ms
[2m2025-12-10T10:10:10.711159Z[0m [34mDEBUG[0m [2methereum_transaction_pool_monitor::eth_client[0m[2m:[0m ✅ Transaction 0x557e776ded7b8943905c5e9686db17b6730684e396772370a284301039732517 fetched and parsed in 76.107083ms
[2m2025-12-10T10:10:10.711184Z[0m [34mDEBUG[0m [2methereum_transaction_pool_monitor::mempool_monitor[0m[2m:[0m 🔍 Skipping tx 0x557e776ded7b8943905c5e9686db17b6730684e396772370a284301039732517 - not a DEX interaction (target: 0xBB2645925F6310A245Da8A72dbe4f69fe132055b)
[2m2025-12-10T10:10:10.711195Z[0m [34mDEBUG[0m [2methereum_transaction_pool_monitor::mempool_monitor[0m[2m:[0m 📨 Processing new pending transaction: 0x2c7804c4c8fca914e36e7e29280151e06873ac5e180fec0398ee9861593d3c42
[2m2025-12-10T10:10:10.711203Z[0m [34mDEBUG[0m [2methereum_transaction_pool_monitor::mempool_monitor[0m[2m:[0m 🔍 Fetching transaction details for: 0x2c7804c4c8fca914e36e7e29280151e06873ac5e180fec0398ee9861593d3c42
[2m2025-12-10T10:10:10.711210Z[0m [34mDEBUG[0m [2methereum_transaction_pool_monitor::eth_client[0m[2m:[0m 🔍 Fetching transaction details for hash: 0x2c7804c4c8fca914e36e7e29280151e06873ac5e180fec0398ee9861593d3c42
[2m2025-12-10T10:10:10.711226Z[0m [34mDEBUG[0m [2mhyper::client::pool[0m[2m:[0m reuse idle connection for ("http", 192.168.0.14:8545)
[2m2025-12-10T10:10:10.711269Z[0m [34mDEBUG[0m [2mhyper::proto::h1::io[0m[2m:[0m flushed 250 bytes
[2m2025-12-10T10:10:10.711302Z[0m [34mDEBUG[0m [2mhyper::client::pool[0m[2m:[0m reuse idle connection for ("http", 192.168.0.14:8545)
[2m2025-12-10T10:10:10.711320Z[0m [34mDEBUG[0m [2mhyper::proto::h1::io[0m[2m:[0m flushed 172 bytes
[2m2025-12-10T10:10:10.714968Z[0m [34mDEBUG[0m [2mhyper::proto::h1::io[0m[2m:[0m parsed 4 headers
[2m2025-12-10T10:10:10.714991Z[0m [34mDEBUG[0m [2mhyper::proto::h1::conn[0m[2m:[0m incoming body is content-length (45 bytes)
[2m2025-12-10T10:10:10.715013Z[0m [34mDEBUG[0m [2mhyper::proto::h1::conn[0m[2m:[0m incoming body completed
[2m2025-12-10T10:10:10.715034Z[0m [34mDEBUG[0m [2mhyper::client::pool[0m[2m:[0m pooling idle connection for ("http", 192.168.0.14:8545)
[2m2025-12-10T10:10:10.715779Z[0m [34mDEBUG[0m [2mhyper::proto::h1::io[0m[2m:[0m parsed 4 headers
[2m2025-12-10T10:10:10.715785Z[0m [34mDEBUG[0m [2mhyper::proto::h1::conn[0m[2m:[0m incoming body is content-length (763 bytes)
[2m2025-12-10T10:10:10.715790Z[0m [34mDEBUG[0m [2mhyper::proto::h1::conn[0m[2m:[0m incoming body completed
[2m2025-12-10T10:10:10.715799Z[0m [34mDEBUG[0m [2mhyper::client::pool[0m[2m:[0m pooling idle connection for ("http", 192.168.0.14:8545)
[2m2025-12-10T10:10:10.715808Z[0m [34mDEBUG[0m [2methereum_transaction_pool_monitor::eth_client[0m[2m:[0m 📡 Transaction fetch RPC completed in 4.593209ms
[2m2025-12-10T10:10:10.786870Z[0m [34mDEBUG[0m [2methereum_transaction_pool_monitor::eth_client[0m[2m:[0m ✅ Transaction 0x2c7804c4c8fca914e36e7e29280151e06873ac5e180fec0398ee9861593d3c42 fetched and parsed in 75.653417ms
[2m2025-12-10T10:10:10.786900Z[0m [34mDEBUG[0m [2methereum_transaction_pool_monitor::mempool_monitor[0m[2m:[0m 🔍 Skipping tx 0x2c7804c4c8fca914e36e7e29280151e06873ac5e180fec0398ee9861593d3c42 - not a DEX interaction (target: 0xA0b86991c6218b36c1d19D4a2e9Eb0cE3606eB48)
[2m2025-12-10T10:10:10.786914Z[0m [34mDEBUG[0m [2methereum_transaction_pool_monitor::mempool_monitor[0m[2m:[0m 📨 Processing new pending transaction: 0x1c130651faaeed192458d64803d05030ed1035b4dcee3e9dd3b39bc2b28cbb8e
[2m2025-12-10T10:10:10.786922Z[0m [34mDEBUG[0m [2methereum_transaction_pool_monitor::mempool_monitor[0m[2m:[0m 🔍 Fetching transaction details for: 0x1c130651faaeed192458d64803d05030ed1035b4dcee3e9dd3b39bc2b28cbb8e
[2m2025-12-10T10:10:10.786926Z[0m [34mDEBUG[0m [2methereum_transaction_pool_monitor::eth_client[0m[2m:[0m 🔍 Fetching transaction details for hash: 0x1c130651faaeed192458d64803d05030ed1035b4dcee3e9dd3b39bc2b28cbb8e
[2m2025-12-10T10:10:10.786944Z[0m [34mDEBUG[0m [2mhyper::client::pool[0m[2m:[0m reuse idle connection for ("http", 192.168.0.14:8545)
[2m2025-12-10T10:10:10.786981Z[0m [34mDEBUG[0m [2mhyper::proto::h1::io[0m[2m:[0m flushed 250 bytes
[2m2025-12-10T10:10:10.787003Z[0m [34mDEBUG[0m [2methereum_transaction_pool_monitor::eth_client[0m[2m:[0m 📨 Received WebSocket message: {"jsonrpc":"2.0","method":"eth_subscription","params":{"subscription":"0xbed0a0851463e895960a451075a301a9","result":"0xb5cbe4a7a86d34c7a27f74abfc73d90ebe30761de739f5c905ac34068ff3dea9"}}
[2m2025-12-10T10:10:10.787013Z[0m [34mDEBUG[0m [2methereum_transaction_pool_monitor::eth_client[0m[2m:[0m 📨 Received pending transaction: 0xb5cbe4a7a86d34c7a27f74abfc73d90ebe30761de739f5c905ac34068ff3dea9
[2m2025-12-10T10:10:10.791372Z[0m [34mDEBUG[0m [2mhyper::proto::h1::io[0m[2m:[0m parsed 4 headers
[2m2025-12-10T10:10:10.791377Z[0m [34mDEBUG[0m [2mhyper::proto::h1::conn[0m[2m:[0m incoming body is content-length (702 bytes)
[2m2025-12-10T10:10:10.791384Z[0m [34mDEBUG[0m [2mhyper::proto::h1::conn[0m[2m:[0m incoming body completed
[2m2025-12-10T10:10:10.791391Z[0m [34mDEBUG[0m [2mhyper::client::pool[0m[2m:[0m pooling idle connection for ("http", 192.168.0.14:8545)
[2m2025-12-10T10:10:10.791396Z[0m [34mDEBUG[0m [2methereum_transaction_pool_monitor::eth_client[0m[2m:[0m 📡 Transaction fetch RPC completed in 4.465334ms
[2m2025-12-10T10:10:10.861772Z[0m [34mDEBUG[0m [2methereum_transaction_pool_monitor::eth_client[0m[2m:[0m ✅ Transaction 0x1c130651faaeed192458d64803d05030ed1035b4dcee3e9dd3b39bc2b28cbb8e fetched and parsed in 74.838542ms
[2m2025-12-10T10:10:10.861798Z[0m [34mDEBUG[0m [2methereum_transaction_pool_monitor::mempool_monitor[0m[2m:[0m 🔍 Skipping tx 0x1c130651faaeed192458d64803d05030ed1035b4dcee3e9dd3b39bc2b28cbb8e - not a DEX interaction (target: 0xF0BAE7189bF0ebBaA76b5A6B372C9dB837e455C4)
[2m2025-12-10T10:10:10.861809Z[0m [34mDEBUG[0m [2methereum_transaction_pool_monitor::mempool_monitor[0m[2m:[0m 📨 Processing new pending transaction: 0x6420d71b65b8747ca469534b2d06619b473f72c7ac6ed7885bf7c2ba1a52bd02
[2m2025-12-10T10:10:10.861816Z[0m [34mDEBUG[0m [2methereum_transaction_pool_monitor::mempool_monitor[0m[2m:[0m 🔍 Fetching transaction details for: 0x6420d71b65b8747ca469534b2d06619b473f72c7ac6ed7885bf7c2ba1a52bd02
[2m2025-12-10T10:10:10.861822Z[0m [34mDEBUG[0m [2methereum_transaction_pool_monitor::eth_client[0m[2m:[0m 🔍 Fetching transaction details for hash: 0x6420d71b65b8747ca469534b2d06619b473f72c7ac6ed7885bf7c2ba1a52bd02
[2m2025-12-10T10:10:10.861839Z[0m [34mDEBUG[0m [2mhyper::client::pool[0m[2m:[0m reuse idle connection for ("http", 192.168.0.14:8545)
[2m2025-12-10T10:10:10.861882Z[0m [34mDEBUG[0m [2mhyper::proto::h1::io[0m[2m:[0m flushed 250 bytes
[2m2025-12-10T10:10:10.861900Z[0m [34mDEBUG[0m [2mhyper::client::pool[0m[2m:[0m reuse idle connection for ("http", 192.168.0.14:8545)
[2m2025-12-10T10:10:10.861911Z[0m [34mDEBUG[0m [2mhyper::proto::h1::io[0m[2m:[0m flushed 172 bytes
[2m2025-12-10T10:10:10.861912Z[0m [34mDEBUG[0m [2methereum_transaction_pool_monitor::eth_client[0m[2m:[0m 📨 Received WebSocket message: {"jsonrpc":"2.0","method":"eth_subscription","params":{"subscription":"0xbed0a0851463e895960a451075a301a9","result":"0xa0d22bce2f4464761cb0a6ba5614f3853f775fb835d9ca2f24c570efc2a7b3b7"}}
[2m2025-12-10T10:10:10.861934Z[0m [34mDEBUG[0m [2methereum_transaction_pool_monitor::eth_client[0m[2m:[0m 📨 Received pending transaction: 0xa0d22bce2f4464761cb0a6ba5614f3853f775fb835d9ca2f24c570efc2a7b3b7
[2m2025-12-10T10:10:10.861947Z[0m [34mDEBUG[0m [2methereum_transaction_pool_monitor::eth_client[0m[2m:[0m 📨 Received WebSocket message: {"jsonrpc":"2.0","method":"eth_subscription","params":{"subscription":"0xbed0a0851463e895960a451075a301a9","result":"0xafa041618f07df15221e68c8e6973905b0cde03f3b8a9774a79b7583d4e2203c"}}
[2m2025-12-10T10:10:10.861957Z[0m [34mDEBUG[0m [2methereum_transaction_pool_monitor::eth_client[0m[2m:[0m 📨 Received pending transaction: 0xafa041618f07df15221e68c8e6973905b0cde03f3b8a9774a79b7583d4e2203c
[2m2025-12-10T10:10:10.865662Z[0m [34mDEBUG[0m [2mhyper::proto::h1::io[0m[2m:[0m parsed 4 headers
[2m2025-12-10T10:10:10.865676Z[0m [34mDEBUG[0m [2mhyper::proto::h1::conn[0m[2m:[0m incoming body is content-length (45 bytes)
[2m2025-12-10T10:10:10.865684Z[0m [34mDEBUG[0m [2mhyper::proto::h1::conn[0m[2m:[0m incoming body completed
[2m2025-12-10T10:10:10.865692Z[0m [34mDEBUG[0m [2mhyper::client::pool[0m[2m:[0m pooling idle connection for ("http", 192.168.0.14:8545)
[2m2025-12-10T10:10:10.866486Z[0m [34mDEBUG[0m [2mhyper::proto::h1::io[0m[2m:[0m parsed 4 headers
[2m2025-12-10T10:10:10.866492Z[0m [34mDEBUG[0m [2mhyper::proto::h1::conn[0m[2m:[0m incoming body is content-length (645 bytes)
[2m2025-12-10T10:10:10.866497Z[0m [34mDEBUG[0m [2mhyper::proto::h1::conn[0m[2m:[0m incoming body completed
[2m2025-12-10T10:10:10.866502Z[0m [34mDEBUG[0m [2mhyper::client::pool[0m[2m:[0m pooling idle connection for ("http", 192.168.0.14:8545)
[2m2025-12-10T10:10:10.866507Z[0m [34mDEBUG[0m [2methereum_transaction_pool_monitor::eth_client[0m[2m:[0m 📡 Transaction fetch RPC completed in 4.67975ms
[2m2025-12-10T10:10:10.940081Z[0m [34mDEBUG[0m [2methereum_transaction_pool_monitor::eth_client[0m[2m:[0m ✅ Transaction 0x6420d71b65b8747ca469534b2d06619b473f72c7ac6ed7885bf7c2ba1a52bd02 fetched and parsed in 78.25175ms
[2m2025-12-10T10:10:10.940171Z[0m [34mDEBUG[0m [2methereum_transaction_pool_monitor::mempool_monitor[0m[2m:[0m 🔍 Skipping tx 0x6420d71b65b8747ca469534b2d06619b473f72c7ac6ed7885bf7c2ba1a52bd02 - not a DEX interaction (target: 0xcCf8E5c7dBFF5Ca3B270F7CbFE8b59e65a14a31c)
[2m2025-12-10T10:10:10.940182Z[0m [34mDEBUG[0m [2methereum_transaction_pool_monitor::mempool_monitor[0m[2m:[0m 📨 Processing new pending transaction: 0xcbd0cd3504ca2f64eb0420b958955dbddfce21eaed33ac26c8af0e18420cfad9
[2m2025-12-10T10:10:10.943903Z[0m [34mDEBUG[0m [2methereum_transaction_pool_monitor::mempool_monitor[0m[2m:[0m 🔍 Fetching transaction details for: 0xcbd0cd3504ca2f64eb0420b958955dbddfce21eaed33ac26c8af0e18420cfad9
[2m2025-12-10T10:10:10.943912Z[0m [34mDEBUG[0m [2methereum_transaction_pool_monitor::eth_client[0m[2m:[0m 🔍 Fetching transaction details for hash: 0xcbd0cd3504ca2f64eb0420b958955dbddfce21eaed33ac26c8af0e18420cfad9
[2m2025-12-10T10:10:10.943951Z[0m [34mDEBUG[0m [2mhyper::client::pool[0m[2m:[0m reuse idle connection for ("http", 192.168.0.14:8545)
[2m2025-12-10T10:10:10.943985Z[0m [34mDEBUG[0m [2mhyper::proto::h1::io[0m[2m:[0m flushed 250 bytes
[2m2025-12-10T10:10:10.944012Z[0m [34mDEBUG[0m [2mhyper::client::pool[0m[2m:[0m reuse idle connection for ("http", 192.168.0.14:8545)
[2m2025-12-10T10:10:10.944026Z[0m [34mDEBUG[0m [2mhyper::proto::h1::io[0m[2m:[0m flushed 172 bytes
[2m2025-12-10T10:10:10.947722Z[0m [34mDEBUG[0m [2mhyper::proto::h1::io[0m[2m:[0m parsed 4 headers
[2m2025-12-10T10:10:10.947728Z[0m [34mDEBUG[0m [2mhyper::proto::h1::conn[0m[2m:[0m incoming body is content-length (45 bytes)
[2m2025-12-10T10:10:10.947735Z[0m [34mDEBUG[0m [2mhyper::proto::h1::conn[0m[2m:[0m incoming body completed
[2m2025-12-10T10:10:10.947742Z[0m [34mDEBUG[0m [2mhyper::client::pool[0m[2m:[0m pooling idle connection for ("http", 192.168.0.14:8545)
[2m2025-12-10T10:10:10.947757Z[0m [34mDEBUG[0m [2mhyper::proto::h1::io[0m[2m:[0m parsed 4 headers
[2m2025-12-10T10:10:10.947761Z[0m [34mDEBUG[0m [2mhyper::proto::h1::conn[0m[2m:[0m incoming body is content-length (830 bytes)
[2m2025-12-10T10:10:10.947765Z[0m [34mDEBUG[0m [2mhyper::proto::h1::conn[0m[2m:[0m incoming body completed
[2m2025-12-10T10:10:10.947770Z[0m [34mDEBUG[0m [2mhyper::client::pool[0m[2m:[0m pooling idle connection for ("http", 192.168.0.14:8545)
[2m2025-12-10T10:10:10.947774Z[0m [34mDEBUG[0m [2methereum_transaction_pool_monitor::eth_client[0m[2m:[0m 📡 Transaction fetch RPC completed in 3.854584ms
[2m2025-12-10T10:10:11.015421Z[0m [34mDEBUG[0m [2methereum_transaction_pool_monitor::eth_client[0m[2m:[0m ✅ Transaction 0xcbd0cd3504ca2f64eb0420b958955dbddfce21eaed33ac26c8af0e18420cfad9 fetched and parsed in 71.499084ms
[2m2025-12-10T10:10:11.015445Z[0m [34mDEBUG[0m [2methereum_transaction_pool_monitor::mempool_monitor[0m[2m:[0m 🔍 Skipping tx 0xcbd0cd3504ca2f64eb0420b958955dbddfce21eaed33ac26c8af0e18420cfad9 - not a DEX interaction (target: 0x3B4D794a66304F130a4Db8F2551B0070dfCf5ca7)
[2m2025-12-10T10:10:11.015461Z[0m [34mDEBUG[0m [2methereum_transaction_pool_monitor::mempool_monitor[0m[2m:[0m 📨 Processing new pending transaction: 0xa2fd270a412f80d44c89d6e5186a7386dcfca809206db892dfc50a23ea699278
[2m2025-12-10T10:10:11.015471Z[0m [34mDEBUG[0m [2methereum_transaction_pool_monitor::mempool_monitor[0m[2m:[0m 🔍 Fetching transaction details for: 0xa2fd270a412f80d44c89d6e5186a7386dcfca809206db892dfc50a23ea699278
[2m2025-12-10T10:10:11.015476Z[0m [34mDEBUG[0m [2methereum_transaction_pool_monitor::eth_client[0m[2m:[0m 🔍 Fetching transaction details for hash: 0xa2fd270a412f80d44c89d6e5186a7386dcfca809206db892dfc50a23ea699278
[2m2025-12-10T10:10:11.015494Z[0m [34mDEBUG[0m [2mhyper::client::pool[0m[2m:[0m reuse idle connection for ("http", 192.168.0.14:8545)
[2m2025-12-10T10:10:11.015530Z[0m [34mDEBUG[0m [2mhyper::proto::h1::io[0m[2m:[0m flushed 250 bytes
[2m2025-12-10T10:10:11.015559Z[0m [34mDEBUG[0m [2mhyper::client::pool[0m[2m:[0m reuse idle connection for ("http", 192.168.0.14:8545)
[2m2025-12-10T10:10:11.015573Z[0m [34mDEBUG[0m [2mhyper::proto::h1::io[0m[2m:[0m flushed 172 bytes
[2m2025-12-10T10:10:11.023151Z[0m [34mDEBUG[0m [2mhyper::proto::h1::io[0m[2m:[0m parsed 4 headers
[2m2025-12-10T10:10:11.023163Z[0m [34mDEBUG[0m [2mhyper::proto::h1::conn[0m[2m:[0m incoming body is content-length (1788 bytes)
[2m2025-12-10T10:10:11.023173Z[0m [34mDEBUG[0m [2mhyper::proto::h1::conn[0m[2m:[0m incoming body completed
[2m2025-12-10T10:10:11.023181Z[0m [34mDEBUG[0m [2mhyper::client::pool[0m[2m:[0m pooling idle connection for ("http", 192.168.0.14:8545)
[2m2025-12-10T10:10:11.023187Z[0m [34mDEBUG[0m [2methereum_transaction_pool_monitor::eth_client[0m[2m:[0m 📡 Transaction fetch RPC completed in 7.706459ms
[2m2025-12-10T10:10:11.094947Z[0m [34mDEBUG[0m [2methereum_transaction_pool_monitor::eth_client[0m[2m:[0m ✅ Transaction 0xa2fd270a412f80d44c89d6e5186a7386dcfca809206db892dfc50a23ea699278 fetched and parsed in 79.463875ms
[2m2025-12-10T10:10:11.094968Z[0m [34mDEBUG[0m [2methereum_transaction_pool_monitor::mempool_monitor[0m[2m:[0m 🔍 Skipping tx 0xa2fd270a412f80d44c89d6e5186a7386dcfca809206db892dfc50a23ea699278 - not a DEX interaction (target: 0x8cFc184c877154a8F9ffE0fe75649dbe5e2DBEbf)
[2m2025-12-10T10:10:11.094979Z[0m [34mDEBUG[0m [2methereum_transaction_pool_monitor::mempool_monitor[0m[2m:[0m 📨 Processing new pending transaction: 0x7b3df489f21fa0e74d937977c1a079c47f02f955c507dd428d1ad129bc2d71d4
[2m2025-12-10T10:10:11.094986Z[0m [34mDEBUG[0m [2methereum_transaction_pool_monitor::mempool_monitor[0m[2m:[0m 🔍 Fetching transaction details for: 0x7b3df489f21fa0e74d937977c1a079c47f02f955c507dd428d1ad129bc2d71d4
[2m2025-12-10T10:10:11.094992Z[0m [34mDEBUG[0m [2methereum_transaction_pool_monitor::eth_client[0m[2m:[0m 🔍 Fetching transaction details for hash: 0x7b3df489f21fa0e74d937977c1a079c47f02f955c507dd428d1ad129bc2d71d4
[2m2025-12-10T10:10:11.095011Z[0m [34mDEBUG[0m [2mhyper::client::pool[0m[2m:[0m reuse idle connection for ("http", 192.168.0.14:8545)
[2m2025-12-10T10:10:11.095037Z[0m [34mDEBUG[0m [2mhyper::proto::h1::io[0m[2m:[0m flushed 250 bytes
[2m2025-12-10T10:10:11.095059Z[0m [34mDEBUG[0m [2methereum_transaction_pool_monitor::eth_client[0m[2m:[0m 📨 Received WebSocket message: {"jsonrpc":"2.0","method":"eth_subscription","params":{"subscription":"0xbed0a0851463e895960a451075a301a9","result":"0x3cf739a5fc55dc0672790039e8953d3b8f6cef0b3842822ba02e88d2e7a78936"}}
[2m2025-12-10T10:10:11.095063Z[0m [34mDEBUG[0m [2mhyper::proto::h1::io[0m[2m:[0m parsed 4 headers
[2m2025-12-10T10:10:11.095072Z[0m [34mDEBUG[0m [2methereum_transaction_pool_monitor::eth_client[0m[2m:[0m 📨 Received pending transaction: 0x3cf739a5fc55dc0672790039e8953d3b8f6cef0b3842822ba02e88d2e7a78936
[2m2025-12-10T10:10:11.095077Z[0m [34mDEBUG[0m [2mhyper::proto::h1::conn[0m[2m:[0m incoming body is content-length (45 bytes)
[2m2025-12-10T10:10:11.095084Z[0m [34mDEBUG[0m [2methereum_transaction_pool_monitor::eth_client[0m[2m:[0m 📨 Received WebSocket message: {"jsonrpc":"2.0","method":"eth_subscription","params":{"subscription":"0xbed0a0851463e895960a451075a301a9","result":"0xd35c8d5062ea013ee2414f394b717d070a50248dbfb4b7f6c430088ab655d5b6"}}
[2m2025-12-10T10:10:11.095090Z[0m [34mDEBUG[0m [2mhyper::proto::h1::conn[0m[2m:[0m incoming body completed
[2m2025-12-10T10:10:11.095094Z[0m [34mDEBUG[0m [2methereum_transaction_pool_monitor::eth_client[0m[2m:[0m 📨 Received pending transaction: 0xd35c8d5062ea013ee2414f394b717d070a50248dbfb4b7f6c430088ab655d5b6
[2m2025-12-10T10:10:11.095100Z[0m [34mDEBUG[0m [2mhyper::client::pool[0m[2m:[0m pooling idle connection for ("http", 192.168.0.14:8545)
[2m2025-12-10T10:10:11.097577Z[0m [34mDEBUG[0m [2mhyper::client::pool[0m[2m:[0m reuse idle connection for ("http", 192.168.0.14:8545)
[2m2025-12-10T10:10:11.097606Z[0m [34mDEBUG[0m [2mhyper::proto::h1::io[0m[2m:[0m flushed 172 bytes
[2m2025-12-10T10:10:11.099462Z[0m [34mDEBUG[0m [2mhyper::proto::h1::io[0m[2m:[0m parsed 4 headers
[2m2025-12-10T10:10:11.099471Z[0m [34mDEBUG[0m [2mhyper::proto::h1::conn[0m[2m:[0m incoming body is content-length (7253 bytes)
[2m2025-12-10T10:10:11.099483Z[0m [34mDEBUG[0m [2methereum_transaction_pool_monitor::eth_client[0m[2m:[0m 📡 Transaction fetch RPC completed in 4.486542ms
[2m2025-12-10T10:10:11.102810Z[0m [34mDEBUG[0m [2mhyper::proto::h1::conn[0m[2m:[0m incoming body completed
[2m2025-12-10T10:10:11.102823Z[0m [34mDEBUG[0m [2mhyper::client::pool[0m[2m:[0m pooling idle connection for ("http", 192.168.0.14:8545)
[2m2025-12-10T10:10:11.103055Z[0m [34mDEBUG[0m [2mhyper::proto::h1::io[0m[2m:[0m parsed 4 headers
[2m2025-12-10T10:10:11.103061Z[0m [34mDEBUG[0m [2mhyper::proto::h1::conn[0m[2m:[0m incoming body is content-length (45 bytes)
[2m2025-12-10T10:10:11.103066Z[0m [34mDEBUG[0m [2mhyper::proto::h1::conn[0m[2m:[0m incoming body completed
[2m2025-12-10T10:10:11.103072Z[0m [34mDEBUG[0m [2mhyper::client::pool[0m[2m:[0m pooling idle connection for ("http", 192.168.0.14:8545)
[2m2025-12-10T10:10:11.171279Z[0m [34mDEBUG[0m [2methereum_transaction_pool_monitor::eth_client[0m[2m:[0m 📨 Received WebSocket message: {"jsonrpc":"2.0","method":"eth_subscription","params":{"subscription":"0xbed0a0851463e895960a451075a301a9","result":"0x3b3ae6e3a7034552eccc12457d09a5c4f8cbca9308f2273a8fde8a8bd70014bb"}}
[2m2025-12-10T10:10:11.171310Z[0m [34mDEBUG[0m [2methereum_transaction_pool_monitor::eth_client[0m[2m:[0m 📨 Received pending transaction: 0x3b3ae6e3a7034552eccc12457d09a5c4f8cbca9308f2273a8fde8a8bd70014bb
[2m2025-12-10T10:10:11.174848Z[0m [34mDEBUG[0m [2methereum_transaction_pool_monitor::eth_client[0m[2m:[0m ✅ Transaction 0x7b3df489f21fa0e74d937977c1a079c47f02f955c507dd428d1ad129bc2d71d4 fetched and parsed in 79.849417ms
[2m2025-12-10T10:10:11.174870Z[0m [34mDEBUG[0m [2methereum_transaction_pool_monitor::mempool_monitor[0m[2m:[0m 🔍 Skipping tx 0x7b3df489f21fa0e74d937977c1a079c47f02f955c507dd428d1ad129bc2d71d4 - not a DEX interaction (target: 0x3a23F943181408EAC424116Af7b7790c94Cb97a5)
[2m2025-12-10T10:10:11.174880Z[0m [34mDEBUG[0m [2methereum_transaction_pool_monitor::mempool_monitor[0m[2m:[0m 📨 Processing new pending transaction: 0x33b4380b8bd2a4cbc2e211a743284ecdeb0a78e19a3ef9c715db037d0913f76b
[2m2025-12-10T10:10:11.174887Z[0m [34mDEBUG[0m [2methereum_transaction_pool_monitor::mempool_monitor[0m[2m:[0m 🔍 Fetching transaction details for: 0x33b4380b8bd2a4cbc2e211a743284ecdeb0a78e19a3ef9c715db037d0913f76b
[2m2025-12-10T10:10:11.174894Z[0m [34mDEBUG[0m [2methereum_transaction_pool_monitor::eth_client[0m[2m:[0m 🔍 Fetching transaction details for hash: 0x33b4380b8bd2a4cbc2e211a743284ecdeb0a78e19a3ef9c715db037d0913f76b
[2m2025-12-10T10:10:11.174912Z[0m [34mDEBUG[0m [2mhyper::client::pool[0m[2m:[0m reuse idle connection for ("http", 192.168.0.14:8545)
[2m2025-12-10T10:10:11.174949Z[0m [34mDEBUG[0m [2mhyper::proto::h1::io[0m[2m:[0m flushed 250 bytes
[2m2025-12-10T10:10:11.186838Z[0m [34mDEBUG[0m [2mhyper::proto::h1::io[0m[2m:[0m parsed 4 headers
[2m2025-12-10T10:10:11.186849Z[0m [34mDEBUG[0m [2mhyper::proto::h1::conn[0m[2m:[0m incoming body is content-length (7108 bytes)
[2m2025-12-10T10:10:11.186858Z[0m [34mDEBUG[0m [2mhyper::proto::h1::conn[0m[2m:[0m incoming body completed
[2m2025-12-10T10:10:11.186867Z[0m [34mDEBUG[0m [2mhyper::client::pool[0m[2m:[0m pooling idle connection for ("http", 192.168.0.14:8545)
[2m2025-12-10T10:10:11.186873Z[0m [34mDEBUG[0m [2methereum_transaction_pool_monitor::eth_client[0m[2m:[0m 📡 Transaction fetch RPC completed in 11.974417ms
[2m2025-12-10T10:10:11.258455Z[0m [34mDEBUG[0m [2methereum_transaction_pool_monitor::eth_client[0m[2m:[0m ✅ Transaction 0x33b4380b8bd2a4cbc2e211a743284ecdeb0a78e19a3ef9c715db037d0913f76b fetched and parsed in 83.553ms
[2m2025-12-10T10:10:11.258482Z[0m [34mDEBUG[0m [2methereum_transaction_pool_monitor::mempool_monitor[0m[2m:[0m 🔍 Skipping tx 0x33b4380b8bd2a4cbc2e211a743284ecdeb0a78e19a3ef9c715db037d0913f76b - not a DEX interaction (target: 0xF6801D319497789f934ec7F83E142a9536312B08)
[2m2025-12-10T10:10:11.258496Z[0m [34mDEBUG[0m [2methereum_transaction_pool_monitor::mempool_monitor[0m[2m:[0m 📨 Processing new pending transaction: 0xc867636fe54a42db97d7a2806e687fd1508aef3fc681dca252f507d5ab76f993
[2m2025-12-10T10:10:11.258507Z[0m [34mDEBUG[0m [2methereum_transaction_pool_monitor::mempool_monitor[0m[2m:[0m 🔍 Fetching transaction details for: 0xc867636fe54a42db97d7a2806e687fd1508aef3fc681dca252f507d5ab76f993
[2m2025-12-10T10:10:11.258512Z[0m [34mDEBUG[0m [2methereum_transaction_pool_monitor::eth_client[0m[2m:[0m 🔍 Fetching transaction details for hash: 0xc867636fe54a42db97d7a2806e687fd1508aef3fc681dca252f507d5ab76f993
[2m2025-12-10T10:10:11.258535Z[0m [34mDEBUG[0m [2mhyper::client::pool[0m[2m:[0m reuse idle connection for ("http", 192.168.0.14:8545)
[2m2025-12-10T10:10:11.258572Z[0m [34mDEBUG[0m [2mhyper::proto::h1::io[0m[2m:[0m flushed 250 bytes
[2m2025-12-10T10:10:11.258599Z[0m [34mDEBUG[0m [2mhyper::client::pool[0m[2m:[0m reuse idle connection for ("http", 192.168.0.14:8545)
[2m2025-12-10T10:10:11.258612Z[0m [34mDEBUG[0m [2mhyper::proto::h1::io[0m[2m:[0m flushed 172 bytes
[2m2025-12-10T10:10:11.261808Z[0m [34mDEBUG[0m [2mhyper::proto::h1::io[0m[2m:[0m parsed 4 headers
[2m2025-12-10T10:10:11.261830Z[0m [34mDEBUG[0m [2mhyper::proto::h1::conn[0m[2m:[0m incoming body is content-length (45 bytes)
[2m2025-12-10T10:10:11.261839Z[0m [34mDEBUG[0m [2mhyper::proto::h1::conn[0m[2m:[0m incoming body completed
[2m2025-12-10T10:10:11.261847Z[0m [34mDEBUG[0m [2mhyper::client::pool[0m[2m:[0m pooling idle connection for ("http", 192.168.0.14:8545)
[2m2025-12-10T10:10:11.262505Z[0m [34mDEBUG[0m [2mhyper::proto::h1::io[0m[2m:[0m parsed 4 headers
[2m2025-12-10T10:10:11.262525Z[0m [34mDEBUG[0m [2mhyper::proto::h1::conn[0m[2m:[0m incoming body is content-length (830 bytes)
[2m2025-12-10T10:10:11.262543Z[0m [34mDEBUG[0m [2mhyper::proto::h1::conn[0m[2m:[0m incoming body completed
[2m2025-12-10T10:10:11.262557Z[0m [34mDEBUG[0m [2mhyper::client::pool[0m[2m:[0m pooling idle connection for ("http", 192.168.0.14:8545)
[2m2025-12-10T10:10:11.262562Z[0m [34mDEBUG[0m [2methereum_transaction_pool_monitor::eth_client[0m[2m:[0m 📡 Transaction fetch RPC completed in 4.041958ms
[2m2025-12-10T10:10:11.334158Z[0m [34mDEBUG[0m [2methereum_transaction_pool_monitor::eth_client[0m[2m:[0m ✅ Transaction 0xc867636fe54a42db97d7a2806e687fd1508aef3fc681dca252f507d5ab76f993 fetched and parsed in 75.63575ms
[2m2025-12-10T10:10:11.334185Z[0m [34mDEBUG[0m [2methereum_transaction_pool_monitor::mempool_monitor[0m[2m:[0m 🔍 Skipping tx 0xc867636fe54a42db97d7a2806e687fd1508aef3fc681dca252f507d5ab76f993 - not a DEX interaction (target: 0x3B4D794a66304F130a4Db8F2551B0070dfCf5ca7)
[2m2025-12-10T10:10:11.334195Z[0m [34mDEBUG[0m [2methereum_transaction_pool_monitor::mempool_monitor[0m[2m:[0m 📨 Processing new pending transaction: 0x0e4ffb83bcdc7bdff19daf29b2b1b6311bf8d2605f7807a0b2c7698de1e29a9f
[2m2025-12-10T10:10:11.334202Z[0m [34mDEBUG[0m [2methereum_transaction_pool_monitor::mempool_monitor[0m[2m:[0m 🔍 Fetching transaction details for: 0x0e4ffb83bcdc7bdff19daf29b2b1b6311bf8d2605f7807a0b2c7698de1e29a9f
[2m2025-12-10T10:10:11.334208Z[0m [34mDEBUG[0m [2methereum_transaction_pool_monitor::eth_client[0m[2m:[0m 🔍 Fetching transaction details for hash: 0x0e4ffb83bcdc7bdff19daf29b2b1b6311bf8d2605f7807a0b2c7698de1e29a9f
[2m2025-12-10T10:10:11.334227Z[0m [34mDEBUG[0m [2mhyper::client::pool[0m[2m:[0m reuse idle connection for ("http", 192.168.0.14:8545)
[2m2025-12-10T10:10:11.334268Z[0m [34mDEBUG[0m [2mhyper::proto::h1::io[0m[2m:[0m flushed 250 bytes
[2m2025-12-10T10:10:11.334304Z[0m [34mDEBUG[0m [2mhyper::client::pool[0m[2m:[0m reuse idle connection for ("http", 192.168.0.14:8545)
[2m2025-12-10T10:10:11.334324Z[0m [34mDEBUG[0m [2mhyper::proto::h1::io[0m[2m:[0m flushed 172 bytes
[2m2025-12-10T10:10:11.339133Z[0m [34mDEBUG[0m [2mhyper::proto::h1::io[0m[2m:[0m parsed 4 headers
[2m2025-12-10T10:10:11.339144Z[0m [34mDEBUG[0m [2mhyper::proto::h1::conn[0m[2m:[0m incoming body is content-length (705 bytes)
[2m2025-12-10T10:10:11.339152Z[0m [34mDEBUG[0m [2mhyper::proto::h1::conn[0m[2m:[0m incoming body completed
[2m2025-12-10T10:10:11.339164Z[0m [34mDEBUG[0m [2mhyper::client::pool[0m[2m:[0m pooling idle connection for ("http", 192.168.0.14:8545)
[2m2025-12-10T10:10:11.339173Z[0m [34mDEBUG[0m [2methereum_transaction_pool_monitor::eth_client[0m[2m:[0m 📡 Transaction fetch RPC completed in 4.959792ms
[2m2025-12-10T10:10:11.411207Z[0m [34mDEBUG[0m [2methereum_transaction_pool_monitor::eth_client[0m[2m:[0m ✅ Transaction 0x0e4ffb83bcdc7bdff19daf29b2b1b6311bf8d2605f7807a0b2c7698de1e29a9f fetched and parsed in 76.991209ms
[2m2025-12-10T10:10:11.411236Z[0m [34mDEBUG[0m [2methereum_transaction_pool_monitor::mempool_monitor[0m[2m:[0m 🔍 Skipping tx 0x0e4ffb83bcdc7bdff19daf29b2b1b6311bf8d2605f7807a0b2c7698de1e29a9f - not a DEX interaction (target: 0xA0b86991c6218b36c1d19D4a2e9Eb0cE3606eB48)
[2m2025-12-10T10:10:11.411247Z[0m [34mDEBUG[0m [2methereum_transaction_pool_monitor::mempool_monitor[0m[2m:[0m 📨 Processing new pending transaction: 0x3c29327dbc7bdbcceda86ac953035e29fdbe69931bf6df4dd37c1d730fdacb82
[2m2025-12-10T10:10:11.411255Z[0m [34mDEBUG[0m [2methereum_transaction_pool_monitor::mempool_monitor[0m[2m:[0m 🔍 Fetching transaction details for: 0x3c29327dbc7bdbcceda86ac953035e29fdbe69931bf6df4dd37c1d730fdacb82
[2m2025-12-10T10:10:11.411262Z[0m [34mDEBUG[0m [2methereum_transaction_pool_monitor::eth_client[0m[2m:[0m 🔍 Fetching transaction details for hash: 0x3c29327dbc7bdbcceda86ac953035e29fdbe69931bf6df4dd37c1d730fdacb82
[2m2025-12-10T10:10:11.411278Z[0m [34mDEBUG[0m [2mhyper::client::pool[0m[2m:[0m reuse idle connection for ("http", 192.168.0.14:8545)
[2m2025-12-10T10:10:11.411319Z[0m [34mDEBUG[0m [2mhyper::proto::h1::io[0m[2m:[0m flushed 250 bytes
[2m2025-12-10T10:10:11.411343Z[0m [34mDEBUG[0m [2methereum_transaction_pool_monitor::eth_client[0m[2m:[0m 📨 Received WebSocket message: {"jsonrpc":"2.0","method":"eth_subscription","params":{"subscription":"0xbed0a0851463e895960a451075a301a9","result":"0x7641c52842c5f02523a4647bb0827a1ddd5b06940ad2e28d20a1317568423ef6"}}
[2m2025-12-10T10:10:11.411354Z[0m [34mDEBUG[0m [2methereum_transaction_pool_monitor::eth_client[0m[2m:[0m 📨 Received pending transaction: 0x7641c52842c5f02523a4647bb0827a1ddd5b06940ad2e28d20a1317568423ef6
[2m2025-12-10T10:10:11.411361Z[0m [34mDEBUG[0m [2methereum_transaction_pool_monitor::eth_client[0m[2m:[0m 📨 Received WebSocket message: {"jsonrpc":"2.0","method":"eth_subscription","params":{"subscription":"0xbed0a0851463e895960a451075a301a9","result":"0x1fe46d18b08dcdb880e5cb53a6f354b88353d6c51006663b399a6b36e1c4b2c4"}}
[2m2025-12-10T10:10:11.411369Z[0m [34mDEBUG[0m [2methereum_transaction_pool_monitor::eth_client[0m[2m:[0m 📨 Received pending transaction: 0x1fe46d18b08dcdb880e5cb53a6f354b88353d6c51006663b399a6b36e1c4b2c4
[2m2025-12-10T10:10:11.411378Z[0m [34mDEBUG[0m [2methereum_transaction_pool_monitor::eth_client[0m[2m:[0m 📨 Received WebSocket message: {"jsonrpc":"2.0","method":"eth_subscription","params":{"subscription":"0xbed0a0851463e895960a451075a301a9","result":"0xfe3edb27c5910fe3239ba5bd0a0a19c5a3f85be88aeebb03ae39f537547127d7"}}
[2m2025-12-10T10:10:11.411387Z[0m [34mDEBUG[0m [2methereum_transaction_pool_monitor::eth_client[0m[2m:[0m 📨 Received pending transaction: 0xfe3edb27c5910fe3239ba5bd0a0a19c5a3f85be88aeebb03ae39f537547127d7
[2m2025-12-10T10:10:11.411406Z[0m [34mDEBUG[0m [2mhyper::proto::h1::io[0m[2m:[0m parsed 4 headers
[2m2025-12-10T10:10:11.411421Z[0m [34mDEBUG[0m [2mhyper::proto::h1::conn[0m[2m:[0m incoming body is content-length (45 bytes)
[2m2025-12-10T10:10:11.411433Z[0m [34mDEBUG[0m [2mhyper::proto::h1::conn[0m[2m:[0m incoming body completed
[2m2025-12-10T10:10:11.411447Z[0m [34mDEBUG[0m [2mhyper::client::pool[0m[2m:[0m pooling idle connection for ("http", 192.168.0.14:8545)
[2m2025-12-10T10:10:11.411467Z[0m [34mDEBUG[0m [2mhyper::client::pool[0m[2m:[0m reuse idle connection for ("http", 192.168.0.14:8545)
[2m2025-12-10T10:10:11.411486Z[0m [34mDEBUG[0m [2mhyper::proto::h1::io[0m[2m:[0m flushed 172 bytes
[2m2025-12-10T10:10:11.415391Z[0m [34mDEBUG[0m [2mhyper::proto::h1::io[0m[2m:[0m parsed 4 headers
[2m2025-12-10T10:10:11.415403Z[0m [34mDEBUG[0m [2mhyper::proto::h1::conn[0m[2m:[0m incoming body is content-length (645 bytes)
[2m2025-12-10T10:10:11.415410Z[0m [34mDEBUG[0m [2mhyper::proto::h1::conn[0m[2m:[0m incoming body completed
[2m2025-12-10T10:10:11.415419Z[0m [34mDEBUG[0m [2mhyper::client::pool[0m[2m:[0m pooling idle connection for ("http", 192.168.0.14:8545)
[2m2025-12-10T10:10:11.415425Z[0m [34mDEBUG[0m [2methereum_transaction_pool_monitor::eth_client[0m[2m:[0m 📡 Transaction fetch RPC completed in 4.159167ms
[2m2025-12-10T10:10:11.485507Z[0m [34mDEBUG[0m [2methereum_transaction_pool_monitor::eth_client[0m[2m:[0m ✅ Transaction 0x3c29327dbc7bdbcceda86ac953035e29fdbe69931bf6df4dd37c1d730fdacb82 fetched and parsed in 74.239542ms
[2m2025-12-10T10:10:11.485534Z[0m [34mDEBUG[0m [2methereum_transaction_pool_monitor::mempool_monitor[0m[2m:[0m 🔍 Skipping tx 0x3c29327dbc7bdbcceda86ac953035e29fdbe69931bf6df4dd37c1d730fdacb82 - not a DEX interaction (target: 0x04d8Db0852D9Ab1EC6a7447c765c777c63C1Cc79)
[2m2025-12-10T10:10:11.485545Z[0m [34mDEBUG[0m [2methereum_transaction_pool_monitor::mempool_monitor[0m[2m:[0m 📨 Processing new pending transaction: 0xc568943329954f2cb839031b36107d3e5038d579c2fe16ee0446087f152c5d66
[2m2025-12-10T10:10:11.485560Z[0m [34mDEBUG[0m [2methereum_transaction_pool_monitor::mempool_monitor[0m[2m:[0m 🔍 Fetching transaction details for: 0xc568943329954f2cb839031b36107d3e5038d579c2fe16ee0446087f152c5d66
[2m2025-12-10T10:10:11.485567Z[0m [34mDEBUG[0m [2methereum_transaction_pool_monitor::eth_client[0m[2m:[0m 🔍 Fetching transaction details for hash: 0xc568943329954f2cb839031b36107d3e5038d579c2fe16ee0446087f152c5d66
[2m2025-12-10T10:10:11.485587Z[0m [34mDEBUG[0m [2mhyper::client::pool[0m[2m:[0m reuse idle connection for ("http", 192.168.0.14:8545)
[2m2025-12-10T10:10:11.485622Z[0m [34mDEBUG[0m [2mhyper::proto::h1::io[0m[2m:[0m flushed 250 bytes
[2m2025-12-10T10:10:11.485645Z[0m [34mDEBUG[0m [2methereum_transaction_pool_monitor::eth_client[0m[2m:[0m 📨 Received WebSocket message: {"jsonrpc":"2.0","method":"eth_subscription","params":{"subscription":"0xbed0a0851463e895960a451075a301a9","result":"0x0c84c7a0f5f2ae8939bf77d7efe28f4f6760c9bac2f7552799a7c565185fcf40"}}
[2m2025-12-10T10:10:11.485652Z[0m [34mDEBUG[0m [2methereum_transaction_pool_monitor::eth_client[0m[2m:[0m 📨 Received pending transaction: 0x0c84c7a0f5f2ae8939bf77d7efe28f4f6760c9bac2f7552799a7c565185fcf40
[2m2025-12-10T10:10:11.485691Z[0m [34mDEBUG[0m [2mhyper::proto::h1::io[0m[2m:[0m parsed 4 headers
[2m2025-12-10T10:10:11.485702Z[0m [34mDEBUG[0m [2mhyper::proto::h1::conn[0m[2m:[0m incoming body is content-length (45 bytes)
[2m2025-12-10T10:10:11.485711Z[0m [34mDEBUG[0m [2mhyper::proto::h1::conn[0m[2m:[0m incoming body completed
[2m2025-12-10T10:10:11.485722Z[0m [34mDEBUG[0m [2mhyper::client::pool[0m[2m:[0m pooling idle connection for ("http", 192.168.0.14:8545)
[2m2025-12-10T10:10:11.493411Z[0m [34mDEBUG[0m [2mhyper::proto::h1::io[0m[2m:[0m parsed 4 headers
[2m2025-12-10T10:10:11.493424Z[0m [34mDEBUG[0m [2mhyper::proto::h1::conn[0m[2m:[0m incoming body is content-length (769 bytes)
[2m2025-12-10T10:10:11.493430Z[0m [34mDEBUG[0m [2mhyper::proto::h1::conn[0m[2m:[0m incoming body completed
[2m2025-12-10T10:10:11.493438Z[0m [34mDEBUG[0m [2mhyper::client::pool[0m[2m:[0m pooling idle connection for ("http", 192.168.0.14:8545)
[2m2025-12-10T10:10:11.493444Z[0m [34mDEBUG[0m [2methereum_transaction_pool_monitor::eth_client[0m[2m:[0m 📡 Transaction fetch RPC completed in 7.869791ms
[2m2025-12-10T10:10:11.564085Z[0m [34mDEBUG[0m [2methereum_transaction_pool_monitor::eth_client[0m[2m:[0m ✅ Transaction 0xc568943329954f2cb839031b36107d3e5038d579c2fe16ee0446087f152c5d66 fetched and parsed in 78.508958ms
[2m2025-12-10T10:10:11.564111Z[0m [34mDEBUG[0m [2methereum_transaction_pool_monitor::mempool_monitor[0m[2m:[0m 🔍 Skipping tx 0xc568943329954f2cb839031b36107d3e5038d579c2fe16ee0446087f152c5d66 - not a DEX interaction (target: 0xA0b86991c6218b36c1d19D4a2e9Eb0cE3606eB48)
[2m2025-12-10T10:10:11.564122Z[0m [34mDEBUG[0m [2methereum_transaction_pool_monitor::mempool_monitor[0m[2m:[0m 📨 Processing new pending transaction: 0x79515ec13c64b798c91b3fa36aead2ad91afeb7f7e00ecdd41d35aedea20c187
[2m2025-12-10T10:10:11.564129Z[0m [34mDEBUG[0m [2methereum_transaction_pool_monitor::mempool_monitor[0m[2m:[0m 🔍 Fetching transaction details for: 0x79515ec13c64b798c91b3fa36aead2ad91afeb7f7e00ecdd41d35aedea20c187
[2m2025-12-10T10:10:11.564137Z[0m [34mDEBUG[0m [2methereum_transaction_pool_monitor::eth_client[0m[2m:[0m 🔍 Fetching transaction details for hash: 0x79515ec13c64b798c91b3fa36aead2ad91afeb7f7e00ecdd41d35aedea20c187
[2m2025-12-10T10:10:11.564155Z[0m [34mDEBUG[0m [2mhyper::client::pool[0m[2m:[0m reuse idle connection for ("http", 192.168.0.14:8545)
[2m2025-12-10T10:10:11.564200Z[0m [34mDEBUG[0m [2mhyper::proto::h1::io[0m[2m:[0m flushed 250 bytes
[2m2025-12-10T10:10:11.564220Z[0m [34mDEBUG[0m [2mhyper::client::pool[0m[2m:[0m reuse idle connection for ("http", 192.168.0.14:8545)
[2m2025-12-10T10:10:11.564233Z[0m [34mDEBUG[0m [2mhyper::proto::h1::io[0m[2m:[0m flushed 172 bytes
[2m2025-12-10T10:10:11.564235Z[0m [34mDEBUG[0m [2methereum_transaction_pool_monitor::eth_client[0m[2m:[0m 📨 Received WebSocket message: {"jsonrpc":"2.0","method":"eth_subscription","params":{"subscription":"0xbed0a0851463e895960a451075a301a9","result":"0x773d9bb2ca6093cad83dc42efccec6437983c492be02baf93b37fb6796791b07"}}
[2m2025-12-10T10:10:11.564247Z[0m [34mDEBUG[0m [2methereum_transaction_pool_monitor::eth_client[0m[2m:[0m 📨 Received pending transaction: 0x773d9bb2ca6093cad83dc42efccec6437983c492be02baf93b37fb6796791b07
[2m2025-12-10T10:10:11.564254Z[0m [34mDEBUG[0m [2methereum_transaction_pool_monitor::eth_client[0m[2m:[0m 📨 Received WebSocket message: {"jsonrpc":"2.0","method":"eth_subscription","params":{"subscription":"0xbed0a0851463e895960a451075a301a9","result":"0x4d944976c6ae9a970e19a4260d9aad59aa47067150ba23adfa92b584181efe3a"}}
[2m2025-12-10T10:10:11.564261Z[0m [34mDEBUG[0m [2methereum_transaction_pool_monitor::eth_client[0m[2m:[0m 📨 Received pending transaction: 0x4d944976c6ae9a970e19a4260d9aad59aa47067150ba23adfa92b584181efe3a
[2m2025-12-10T10:10:11.564267Z[0m [34mDEBUG[0m [2methereum_transaction_pool_monitor::eth_client[0m[2m:[0m 📨 Received WebSocket message: {"jsonrpc":"2.0","method":"eth_subscription","params":{"subscription":"0xbed0a0851463e895960a451075a301a9","result":"0x6c934186d631c00dca54e08dbda7dd8b90e852266d0d7c5714c7d1492a562c0f"}}
[2m2025-12-10T10:10:11.564275Z[0m [34mDEBUG[0m [2methereum_transaction_pool_monitor::eth_client[0m[2m:[0m 📨 Received pending transaction: 0x6c934186d631c00dca54e08dbda7dd8b90e852266d0d7c5714c7d1492a562c0f
[2m2025-12-10T10:10:11.567527Z[0m [34mDEBUG[0m [2mhyper::proto::h1::io[0m[2m:[0m parsed 4 headers
[2m2025-12-10T10:10:11.567533Z[0m [34mDEBUG[0m [2mhyper::proto::h1::conn[0m[2m:[0m incoming body is content-length (45 bytes)
[2m2025-12-10T10:10:11.567538Z[0m [34mDEBUG[0m [2mhyper::proto::h1::conn[0m[2m:[0m incoming body completed
[2m2025-12-10T10:10:11.567544Z[0m [34mDEBUG[0m [2mhyper::client::pool[0m[2m:[0m pooling idle connection for ("http", 192.168.0.14:8545)
[2m2025-12-10T10:10:11.568593Z[0m [34mDEBUG[0m [2mhyper::proto::h1::io[0m[2m:[0m parsed 4 headers
[2m2025-12-10T10:10:11.568598Z[0m [34mDEBUG[0m [2mhyper::proto::h1::conn[0m[2m:[0m incoming body is content-length (830 bytes)
[2m2025-12-10T10:10:11.568603Z[0m [34mDEBUG[0m [2mhyper::proto::h1::conn[0m[2m:[0m incoming body completed
[2m2025-12-10T10:10:11.568608Z[0m [34mDEBUG[0m [2mhyper::client::pool[0m[2m:[0m pooling idle connection for ("http", 192.168.0.14:8545)
[2m2025-12-10T10:10:11.568612Z[0m [34mDEBUG[0m [2methereum_transaction_pool_monitor::eth_client[0m[2m:[0m 📡 Transaction fetch RPC completed in 4.470542ms
[2m2025-12-10T10:10:11.640509Z[0m [34mDEBUG[0m [2methereum_transaction_pool_monitor::eth_client[0m[2m:[0m ✅ Transaction 0x79515ec13c64b798c91b3fa36aead2ad91afeb7f7e00ecdd41d35aedea20c187 fetched and parsed in 76.364958ms
[2m2025-12-10T10:10:11.640537Z[0m [34mDEBUG[0m [2methereum_transaction_pool_monitor::mempool_monitor[0m[2m:[0m 🔍 Skipping tx 0x79515ec13c64b798c91b3fa36aead2ad91afeb7f7e00ecdd41d35aedea20c187 - not a DEX interaction (target: 0x3B4D794a66304F130a4Db8F2551B0070dfCf5ca7)
[2m2025-12-10T10:10:11.640548Z[0m [34mDEBUG[0m [2methereum_transaction_pool_monitor::mempool_monitor[0m[2m:[0m 📨 Processing new pending transaction: 0xb626afc41eaf93d199a32669e82eba2a00f6f3e586429666ce226c6212a53308
[2m2025-12-10T10:10:11.640563Z[0m [34mDEBUG[0m [2methereum_transaction_pool_monitor::mempool_monitor[0m[2m:[0m 🔍 Fetching transaction details for: 0xb626afc41eaf93d199a32669e82eba2a00f6f3e586429666ce226c6212a53308
[2m2025-12-10T10:10:11.640572Z[0m [34mDEBUG[0m [2methereum_transaction_pool_monitor::eth_client[0m[2m:[0m 🔍 Fetching transaction details for hash: 0xb626afc41eaf93d199a32669e82eba2a00f6f3e586429666ce226c6212a53308
[2m2025-12-10T10:10:11.640592Z[0m [34mDEBUG[0m [2mhyper::client::pool[0m[2m:[0m reuse idle connection for ("http", 192.168.0.14:8545)
[2m2025-12-10T10:10:11.640633Z[0m [34mDEBUG[0m [2mhyper::proto::h1::io[0m[2m:[0m flushed 250 bytes
[2m2025-12-10T10:10:11.640652Z[0m [34mDEBUG[0m [2mhyper::client::pool[0m[2m:[0m reuse idle connection for ("http", 192.168.0.14:8545)
[2m2025-12-10T10:10:11.640667Z[0m [34mDEBUG[0m [2mhyper::proto::h1::io[0m[2m:[0m flushed 172 bytes
[2m2025-12-10T10:10:11.640684Z[0m [34mDEBUG[0m [2methereum_transaction_pool_monitor::eth_client[0m[2m:[0m 📨 Received WebSocket message: {"jsonrpc":"2.0","method":"eth_subscription","params":{"subscription":"0xbed0a0851463e895960a451075a301a9","result":"0x5452eb19451164313ac65b0a2dedc68a00a6e199b5dc4e1015a084f7958973ef"}}
[2m2025-12-10T10:10:11.640697Z[0m [34mDEBUG[0m [2methereum_transaction_pool_monitor::eth_client[0m[2m:[0m 📨 Received pending transaction: 0x5452eb19451164313ac65b0a2dedc68a00a6e199b5dc4e1015a084f7958973ef
[2m2025-12-10T10:10:11.644174Z[0m [34mDEBUG[0m [2mhyper::proto::h1::io[0m[2m:[0m parsed 4 headers
[2m2025-12-10T10:10:11.644183Z[0m [34mDEBUG[0m [2mhyper::proto::h1::conn[0m[2m:[0m incoming body is content-length (45 bytes)
[2m2025-12-10T10:10:11.644190Z[0m [34mDEBUG[0m [2mhyper::proto::h1::conn[0m[2m:[0m incoming body completed
[2m2025-12-10T10:10:11.644199Z[0m [34mDEBUG[0m [2mhyper::client::pool[0m[2m:[0m pooling idle connection for ("http", 192.168.0.14:8545)
[2m2025-12-10T10:10:11.649080Z[0m [34mDEBUG[0m [2mhyper::proto::h1::io[0m[2m:[0m parsed 4 headers
[2m2025-12-10T10:10:11.649096Z[0m [34mDEBUG[0m [2mhyper::proto::h1::conn[0m[2m:[0m incoming body is content-length (645 bytes)
[2m2025-12-10T10:10:11.649102Z[0m [34mDEBUG[0m [2mhyper::proto::h1::conn[0m[2m:[0m incoming body completed
[2m2025-12-10T10:10:11.649110Z[0m [34mDEBUG[0m [2mhyper::client::pool[0m[2m:[0m pooling idle connection for ("http", 192.168.0.14:8545)
[2m2025-12-10T10:10:11.649117Z[0m [34mDEBUG[0m [2methereum_transaction_pool_monitor::eth_client[0m[2m:[0m 📡 Transaction fetch RPC completed in 8.538083ms
[2m2025-12-10T10:10:11.720592Z[0m [34mDEBUG[0m [2methereum_transaction_pool_monitor::eth_client[0m[2m:[0m ✅ Transaction 0xb626afc41eaf93d199a32669e82eba2a00f6f3e586429666ce226c6212a53308 fetched and parsed in 80.010875ms
[2m2025-12-10T10:10:11.720619Z[0m [34mDEBUG[0m [2methereum_transaction_pool_monitor::mempool_monitor[0m[2m:[0m 🔍 Skipping tx 0xb626afc41eaf93d199a32669e82eba2a00f6f3e586429666ce226c6212a53308 - not a DEX interaction (target: 0x0030970949B90C09E61272Bbb9dd7F3a825f445A)
[2m2025-12-10T10:10:11.720629Z[0m [34mDEBUG[0m [2methereum_transaction_pool_monitor::mempool_monitor[0m[2m:[0m 📨 Processing new pending transaction: 0x21653aee428a16e0f922fcc67494f712902275141fd701ad50ff7d4d4e4bc0fd
[2m2025-12-10T10:10:11.720644Z[0m [34mDEBUG[0m [2methereum_transaction_pool_monitor::mempool_monitor[0m[2m:[0m 🔍 Fetching transaction details for: 0x21653aee428a16e0f922fcc67494f712902275141fd701ad50ff7d4d4e4bc0fd
[2m2025-12-10T10:10:11.720651Z[0m [34mDEBUG[0m [2methereum_transaction_pool_monitor::eth_client[0m[2m:[0m 🔍 Fetching transaction details for hash: 0x21653aee428a16e0f922fcc67494f712902275141fd701ad50ff7d4d4e4bc0fd
[2m2025-12-10T10:10:11.720672Z[0m [34mDEBUG[0m [2mhyper::client::pool[0m[2m:[0m reuse idle connection for ("http", 192.168.0.14:8545)
[2m2025-12-10T10:10:11.720704Z[0m [34mDEBUG[0m [2mhyper::proto::h1::io[0m[2m:[0m flushed 250 bytes
[2m2025-12-10T10:10:11.720725Z[0m [34mDEBUG[0m [2mhyper::client::pool[0m[2m:[0m reuse idle connection for ("http", 192.168.0.14:8545)
[2m2025-12-10T10:10:11.720744Z[0m [34mDEBUG[0m [2mhyper::proto::h1::io[0m[2m:[0m flushed 172 bytes
[2m2025-12-10T10:10:11.720744Z[0m [34mDEBUG[0m [2methereum_transaction_pool_monitor::eth_client[0m[2m:[0m 📨 Received WebSocket message: {"jsonrpc":"2.0","method":"eth_subscription","params":{"subscription":"0xbed0a0851463e895960a451075a301a9","result":"0x0edca9d1d093dfbf470ddd3ffa3e335898a1d3a1768d6f54c644e79242cf9322"}}
[2m2025-12-10T10:10:11.720764Z[0m [34mDEBUG[0m [2methereum_transaction_pool_monitor::eth_client[0m[2m:[0m 📨 Received pending transaction: 0x0edca9d1d093dfbf470ddd3ffa3e335898a1d3a1768d6f54c644e79242cf9322
[2m2025-12-10T10:10:11.720770Z[0m [34mDEBUG[0m [2methereum_transaction_pool_monitor::eth_client[0m[2m:[0m 📨 Received WebSocket message: {"jsonrpc":"2.0","method":"eth_subscription","params":{"subscription":"0xbed0a0851463e895960a451075a301a9","result":"0x0bf85b4a0cb497700f432306c44f5335e6862c93505c6cd36f587bb2a6468a2f"}}
[2m2025-12-10T10:10:11.720775Z[0m [34mDEBUG[0m [2methereum_transaction_pool_monitor::eth_client[0m[2m:[0m 📨 Received pending transaction: 0x0bf85b4a0cb497700f432306c44f5335e6862c93505c6cd36f587bb2a6468a2f
[2m2025-12-10T10:10:11.727529Z[0m [34mDEBUG[0m [2mhyper::proto::h1::io[0m[2m:[0m parsed 4 headers
[2m2025-12-10T10:10:11.727538Z[0m [34mDEBUG[0m [2mhyper::proto::h1::conn[0m[2m:[0m incoming body is content-length (643 bytes)
[2m2025-12-10T10:10:11.727545Z[0m [34mDEBUG[0m [2mhyper::proto::h1::conn[0m[2m:[0m incoming body completed
[2m2025-12-10T10:10:11.727555Z[0m [34mDEBUG[0m [2mhyper::client::pool[0m[2m:[0m pooling idle connection for ("http", 192.168.0.14:8545)
[2m2025-12-10T10:10:11.727561Z[0m [34mDEBUG[0m [2methereum_transaction_pool_monitor::eth_client[0m[2m:[0m 📡 Transaction fetch RPC completed in 6.902375ms
[2m2025-12-10T10:10:11.798895Z[0m [34mDEBUG[0m [2methereum_transaction_pool_monitor::eth_client[0m[2m:[0m ✅ Transaction 0x21653aee428a16e0f922fcc67494f712902275141fd701ad50ff7d4d4e4bc0fd fetched and parsed in 78.234084ms
[2m2025-12-10T10:10:11.798926Z[0m [34mDEBUG[0m [2methereum_transaction_pool_monitor::mempool_monitor[0m[2m:[0m 🔍 Skipping tx 0x21653aee428a16e0f922fcc67494f712902275141fd701ad50ff7d4d4e4bc0fd - not a DEX interaction (target: 0x316Fb96Cbe2fB52Dbe679d75B928FCFad858241B)
[2m2025-12-10T10:10:11.798937Z[0m [34mDEBUG[0m [2methereum_transaction_pool_monitor::mempool_monitor[0m[2m:[0m 📨 Processing new pending transaction: 0xbc8f923ed2e5e2ae866a48624f5f10dcf862382e96245c6bcd04230e6c0c2e7b
[2m2025-12-10T10:10:11.798944Z[0m [34mDEBUG[0m [2methereum_transaction_pool_monitor::mempool_monitor[0m[2m:[0m 🔍 Fetching transaction details for: 0xbc8f923ed2e5e2ae866a48624f5f10dcf862382e96245c6bcd04230e6c0c2e7b
[2m2025-12-10T10:10:11.798951Z[0m [34mDEBUG[0m [2methereum_transaction_pool_monitor::eth_client[0m[2m:[0m 🔍 Fetching transaction details for hash: 0xbc8f923ed2e5e2ae866a48624f5f10dcf862382e96245c6bcd04230e6c0c2e7b
[2m2025-12-10T10:10:11.798970Z[0m [34mDEBUG[0m [2mhyper::client::pool[0m[2m:[0m reuse idle connection for ("http", 192.168.0.14:8545)
[2m2025-12-10T10:10:11.799010Z[0m [34mDEBUG[0m [2mhyper::proto::h1::io[0m[2m:[0m flushed 250 bytes
[2m2025-12-10T10:10:11.799036Z[0m [34mDEBUG[0m [2mhyper::proto::h1::io[0m[2m:[0m parsed 4 headers
[2m2025-12-10T10:10:11.799047Z[0m [34mDEBUG[0m [2mhyper::proto::h1::conn[0m[2m:[0m incoming body is content-length (45 bytes)
[2m2025-12-10T10:10:11.799056Z[0m [34mDEBUG[0m [2mhyper::proto::h1::conn[0m[2m:[0m incoming body completed
[2m2025-12-10T10:10:11.799065Z[0m [34mDEBUG[0m [2mhyper::client::pool[0m[2m:[0m pooling idle connection for ("http", 192.168.0.14:8545)
[2m2025-12-10T10:10:11.799082Z[0m [34mDEBUG[0m [2mhyper::client::pool[0m[2m:[0m reuse idle connection for ("http", 192.168.0.14:8545)
[2m2025-12-10T10:10:11.799037Z[0m [34mDEBUG[0m [2methereum_transaction_pool_monitor::eth_client[0m[2m:[0m 📨 Received WebSocket message: {"jsonrpc":"2.0","method":"eth_subscription","params":{"subscription":"0xbed0a0851463e895960a451075a301a9","result":"0x1b7bc516019f639d4cd4ec9454ddee16be21dd2505cf5c4426893b2b72d4821e"}}
[2m2025-12-10T10:10:11.799094Z[0m [34mDEBUG[0m [2methereum_transaction_pool_monitor::eth_client[0m[2m:[0m 📨 Received pending transaction: 0x1b7bc516019f639d4cd4ec9454ddee16be21dd2505cf5c4426893b2b72d4821e
[2m2025-12-10T10:10:11.799098Z[0m [34mDEBUG[0m [2mhyper::proto::h1::io[0m[2m:[0m flushed 172 bytes
[2m2025-12-10T10:10:11.803426Z[0m [34mDEBUG[0m [2mhyper::proto::h1::io[0m[2m:[0m parsed 4 headers
[2m2025-12-10T10:10:11.803434Z[0m [34mDEBUG[0m [2mhyper::proto::h1::conn[0m[2m:[0m incoming body is content-length (830 bytes)
[2m2025-12-10T10:10:11.803441Z[0m [34mDEBUG[0m [2mhyper::proto::h1::conn[0m[2m:[0m incoming body completed
[2m2025-12-10T10:10:11.803451Z[0m [34mDEBUG[0m [2mhyper::client::pool[0m[2m:[0m pooling idle connection for ("http", 192.168.0.14:8545)
[2m2025-12-10T10:10:11.803457Z[0m [34mDEBUG[0m [2methereum_transaction_pool_monitor::eth_client[0m[2m:[0m 📡 Transaction fetch RPC completed in 4.501292ms
[2m2025-12-10T10:10:11.874909Z[0m [34mDEBUG[0m [2methereum_transaction_pool_monitor::eth_client[0m[2m:[0m ✅ Transaction 0xbc8f923ed2e5e2ae866a48624f5f10dcf862382e96245c6bcd04230e6c0c2e7b fetched and parsed in 75.949333ms
[2m2025-12-10T10:10:11.874935Z[0m [34mDEBUG[0m [2methereum_transaction_pool_monitor::mempool_monitor[0m[2m:[0m 🔍 Skipping tx 0xbc8f923ed2e5e2ae866a48624f5f10dcf862382e96245c6bcd04230e6c0c2e7b - not a DEX interaction (target: 0x3B4D794a66304F130a4Db8F2551B0070dfCf5ca7)
[2m2025-12-10T10:10:11.874947Z[0m [34mDEBUG[0m [2methereum_transaction_pool_monitor::mempool_monitor[0m[2m:[0m 📨 Processing new pending transaction: 0x29c2a0c4d373776588c191a3c21ba4844e77816c8152d2cf8357e7121946d36c
[2m2025-12-10T10:10:11.874954Z[0m [34mDEBUG[0m [2methereum_transaction_pool_monitor::mempool_monitor[0m[2m:[0m 🔍 Fetching transaction details for: 0x29c2a0c4d373776588c191a3c21ba4844e77816c8152d2cf8357e7121946d36c
[2m2025-12-10T10:10:11.874959Z[0m [34mDEBUG[0m [2methereum_transaction_pool_monitor::eth_client[0m[2m:[0m 🔍 Fetching transaction details for hash: 0x29c2a0c4d373776588c191a3c21ba4844e77816c8152d2cf8357e7121946d36c
[2m2025-12-10T10:10:11.874979Z[0m [34mDEBUG[0m [2mhyper::client::pool[0m[2m:[0m reuse idle connection for ("http", 192.168.0.14:8545)
[2m2025-12-10T10:10:11.875016Z[0m [34mDEBUG[0m [2mhyper::proto::h1::io[0m[2m:[0m flushed 250 bytes
[2m2025-12-10T10:10:11.875053Z[0m [34mDEBUG[0m [2methereum_transaction_pool_monitor::eth_client[0m[2m:[0m 📨 Received WebSocket message: {"jsonrpc":"2.0","method":"eth_subscription","params":{"subscription":"0xbed0a0851463e895960a451075a301a9","result":"0xdf142deb6c13940b018fa90d5e083b4111647b06d1068fdee16836e2c8764d80"}}
[2m2025-12-10T10:10:11.875065Z[0m [34mDEBUG[0m [2methereum_transaction_pool_monitor::eth_client[0m[2m:[0m 📨 Received pending transaction: 0xdf142deb6c13940b018fa90d5e083b4111647b06d1068fdee16836e2c8764d80
[2m2025-12-10T10:10:11.875081Z[0m [34mDEBUG[0m [2methereum_transaction_pool_monitor::eth_client[0m[2m:[0m 📨 Received WebSocket message: {"jsonrpc":"2.0","method":"eth_subscription","params":{"subscription":"0xbed0a0851463e895960a451075a301a9","result":"0xf2d721ab5d14a83936575867762bab4845c8607fe1e52db693f474b5b88437b7"}}
[2m2025-12-10T10:10:11.875080Z[0m [34mDEBUG[0m [2mhyper::proto::h1::io[0m[2m:[0m parsed 4 headers
[2m2025-12-10T10:10:11.875087Z[0m [34mDEBUG[0m [2methereum_transaction_pool_monitor::eth_client[0m[2m:[0m 📨 Received pending transaction: 0xf2d721ab5d14a83936575867762bab4845c8607fe1e52db693f474b5b88437b7
[2m2025-12-10T10:10:11.875111Z[0m [34mDEBUG[0m [2mhyper::proto::h1::conn[0m[2m:[0m incoming body is content-length (45 bytes)
[2m2025-12-10T10:10:11.875120Z[0m [34mDEBUG[0m [2methereum_transaction_pool_monitor::eth_client[0m[2m:[0m 📨 Received WebSocket message: {"jsonrpc":"2.0","method":"eth_subscription","params":{"subscription":"0xbed0a0851463e895960a451075a301a9","result":"0xd8dbb888107b11df4ab88e4dabcd1ad5473608e39f29e8e69d7889d2b44959db"}}
[2m2025-12-10T10:10:11.875125Z[0m [34mDEBUG[0m [2mhyper::proto::h1::conn[0m[2m:[0m incoming body completed
[2m2025-12-10T10:10:11.875127Z[0m [34mDEBUG[0m [2methereum_transaction_pool_monitor::eth_client[0m[2m:[0m 📨 Received pending transaction: 0xd8dbb888107b11df4ab88e4dabcd1ad5473608e39f29e8e69d7889d2b44959db
[2m2025-12-10T10:10:11.875136Z[0m [34mDEBUG[0m [2mhyper::client::pool[0m[2m:[0m pooling idle connection for ("http", 192.168.0.14:8545)
[2m2025-12-10T10:10:11.881001Z[0m [34mDEBUG[0m [2mhyper::proto::h1::io[0m[2m:[0m parsed 4 headers
[2m2025-12-10T10:10:11.881016Z[0m [34mDEBUG[0m [2mhyper::proto::h1::conn[0m[2m:[0m incoming body is content-length (7108 bytes)
[2m2025-12-10T10:10:11.881025Z[0m [34mDEBUG[0m [2mhyper::proto::h1::conn[0m[2m:[0m incoming body completed
[2m2025-12-10T10:10:11.881037Z[0m [34mDEBUG[0m [2mhyper::client::pool[0m[2m:[0m pooling idle connection for ("http", 192.168.0.14:8545)
[2m2025-12-10T10:10:11.881045Z[0m [34mDEBUG[0m [2methereum_transaction_pool_monitor::eth_client[0m[2m:[0m 📡 Transaction fetch RPC completed in 6.081083ms
[2m2025-12-10T10:10:11.955297Z[0m [34mDEBUG[0m [2methereum_transaction_pool_monitor::eth_client[0m[2m:[0m ✅ Transaction 0x29c2a0c4d373776588c191a3c21ba4844e77816c8152d2cf8357e7121946d36c fetched and parsed in 80.330333ms
[2m2025-12-10T10:10:11.955319Z[0m [34mDEBUG[0m [2methereum_transaction_pool_monitor::mempool_monitor[0m[2m:[0m 🔍 Skipping tx 0x29c2a0c4d373776588c191a3c21ba4844e77816c8152d2cf8357e7121946d36c - not a DEX interaction (target: 0xF6801D319497789f934ec7F83E142a9536312B08)
[2m2025-12-10T10:10:11.955330Z[0m [34mDEBUG[0m [2methereum_transaction_pool_monitor::mempool_monitor[0m[2m:[0m 📨 Processing new pending transaction: 0xdcffb30c5ba8f92467fc7a6c533d3cfa5b88b70d661650ad0ac109e532c6aa26
[2m2025-12-10T10:10:11.955336Z[0m [34mDEBUG[0m [2methereum_transaction_pool_monitor::mempool_monitor[0m[2m:[0m 🔍 Fetching transaction details for: 0xdcffb30c5ba8f92467fc7a6c533d3cfa5b88b70d661650ad0ac109e532c6aa26
[2m2025-12-10T10:10:11.955343Z[0m [34mDEBUG[0m [2methereum_transaction_pool_monitor::eth_client[0m[2m:[0m 🔍 Fetching transaction details for hash: 0xdcffb30c5ba8f92467fc7a6c533d3cfa5b88b70d661650ad0ac109e532c6aa26
[2m2025-12-10T10:10:11.955362Z[0m [34mDEBUG[0m [2mhyper::client::pool[0m[2m:[0m reuse idle connection for ("http", 192.168.0.14:8545)
[2m2025-12-10T10:10:11.955409Z[0m [34mDEBUG[0m [2mhyper::proto::h1::io[0m[2m:[0m flushed 250 bytes
[2m2025-12-10T10:10:11.955428Z[0m [34mDEBUG[0m [2mhyper::client::pool[0m[2m:[0m reuse idle connection for ("http", 192.168.0.14:8545)
[2m2025-12-10T10:10:11.955441Z[0m [34mDEBUG[0m [2mhyper::proto::h1::io[0m[2m:[0m flushed 172 bytes
[2m2025-12-10T10:10:11.955440Z[0m [34mDEBUG[0m [2methereum_transaction_pool_monitor::eth_client[0m[2m:[0m 📨 Received WebSocket message: {"jsonrpc":"2.0","method":"eth_subscription","params":{"subscription":"0xbed0a0851463e895960a451075a301a9","result":"0x0341c5fba23c561fe9938dd5be8b1e511f5837ec7440300ab7b70d5a15d55a85"}}
[2m2025-12-10T10:10:11.955457Z[0m [34mDEBUG[0m [2methereum_transaction_pool_monitor::eth_client[0m[2m:[0m 📨 Received pending transaction: 0x0341c5fba23c561fe9938dd5be8b1e511f5837ec7440300ab7b70d5a15d55a85
[2m2025-12-10T10:10:11.955462Z[0m [34mDEBUG[0m [2methereum_transaction_pool_monitor::eth_client[0m[2m:[0m 📨 Received WebSocket message: {"jsonrpc":"2.0","method":"eth_subscription","params":{"subscription":"0xbed0a0851463e895960a451075a301a9","result":"0xa985cc61954610906a5838771d4ec4220201efe75383888a52716fe09e769af7"}}
[2m2025-12-10T10:10:11.955467Z[0m [34mDEBUG[0m [2methereum_transaction_pool_monitor::eth_client[0m[2m:[0m 📨 Received pending transaction: 0xa985cc61954610906a5838771d4ec4220201efe75383888a52716fe09e769af7
[2m2025-12-10T10:10:11.955471Z[0m [34mDEBUG[0m [2methereum_transaction_pool_monitor::eth_client[0m[2m:[0m 📨 Received WebSocket message: {"jsonrpc":"2.0","method":"eth_subscription","params":{"subscription":"0xbed0a0851463e895960a451075a301a9","result":"0x5b408267b623d0d81c826269b120148e2b3fe3254a9a75d1035d0081d04f2e6d"}}
[2m2025-12-10T10:10:11.955476Z[0m [34mDEBUG[0m [2methereum_transaction_pool_monitor::eth_client[0m[2m:[0m 📨 Received pending transaction: 0x5b408267b623d0d81c826269b120148e2b3fe3254a9a75d1035d0081d04f2e6d
[2m2025-12-10T10:10:11.959042Z[0m [34mDEBUG[0m [2mhyper::proto::h1::io[0m[2m:[0m parsed 4 headers
[2m2025-12-10T10:10:11.959063Z[0m [34mDEBUG[0m [2mhyper::proto::h1::conn[0m[2m:[0m incoming body is content-length (45 bytes)
[2m2025-12-10T10:10:11.959086Z[0m [34mDEBUG[0m [2mhyper::proto::h1::conn[0m[2m:[0m incoming body completed
[2m2025-12-10T10:10:11.959104Z[0m [34mDEBUG[0m [2mhyper::client::pool[0m[2m:[0m pooling idle connection for ("http", 192.168.0.14:8545)
[2m2025-12-10T10:10:11.964224Z[0m [34mDEBUG[0m [2mhyper::proto::h1::io[0m[2m:[0m parsed 4 headers
[2m2025-12-10T10:10:11.964229Z[0m [34mDEBUG[0m [2mhyper::proto::h1::conn[0m[2m:[0m incoming body is content-length (774 bytes)
[2m2025-12-10T10:10:11.964235Z[0m [34mDEBUG[0m [2mhyper::proto::h1::conn[0m[2m:[0m incoming body completed
[2m2025-12-10T10:10:11.964241Z[0m [34mDEBUG[0m [2mhyper::client::pool[0m[2m:[0m pooling idle connection for ("http", 192.168.0.14:8545)
[2m2025-12-10T10:10:11.964246Z[0m [34mDEBUG[0m [2methereum_transaction_pool_monitor::eth_client[0m[2m:[0m 📡 Transaction fetch RPC completed in 8.899ms
[2m2025-12-10T10:10:11.964259Z[0m [34mDEBUG[0m [2methereum_transaction_pool_monitor::eth_client[0m[2m:[0m DeFi transaction detected - Address: 0xdac17f958d2ee523a2206206994597c13d831ec7, Type: Stablecoin, Value: 0 ETH, Gas: 5.00 Gwei
[2m2025-12-10T10:10:11.964271Z[0m [34mDEBUG[0m [2methereum_transaction_pool_monitor::eth_client[0m[2m:[0m ✅ Transaction 0xdcffb30c5ba8f92467fc7a6c533d3cfa5b88b70d661650ad0ac109e532c6aa26 fetched and parsed in 8.923416ms
[2m2025-12-10T10:10:11.964276Z[0m [34mDEBUG[0m [2methereum_transaction_pool_monitor::mempool_monitor[0m[2m:[0m 🔍 Skipping tx 0xdcffb30c5ba8f92467fc7a6c533d3cfa5b88b70d661650ad0ac109e532c6aa26 - not a DEX interaction (target: 0xdAC17F958D2ee523a2206206994597C13D831ec7)
[2m2025-12-10T10:10:11.964282Z[0m [34mDEBUG[0m [2methereum_transaction_pool_monitor::mempool_monitor[0m[2m:[0m 📨 Processing new pending transaction: 0x435d88bc417b28fea7aa401a31734f882f1220800d1b62c931277c1c7e3ecc41
[2m2025-12-10T10:10:11.964286Z[0m [34mDEBUG[0m [2methereum_transaction_pool_monitor::mempool_monitor[0m[2m:[0m 🔍 Fetching transaction details for: 0x435d88bc417b28fea7aa401a31734f882f1220800d1b62c931277c1c7e3ecc41
[2m2025-12-10T10:10:11.964290Z[0m [34mDEBUG[0m [2methereum_transaction_pool_monitor::eth_client[0m[2m:[0m 🔍 Fetching transaction details for hash: 0x435d88bc417b28fea7aa401a31734f882f1220800d1b62c931277c1c7e3ecc41
[2m2025-12-10T10:10:11.964297Z[0m [34mDEBUG[0m [2mhyper::client::pool[0m[2m:[0m reuse idle connection for ("http", 192.168.0.14:8545)
[2m2025-12-10T10:10:11.964310Z[0m [34mDEBUG[0m [2mhyper::proto::h1::io[0m[2m:[0m flushed 250 bytes
[2m2025-12-10T10:10:11.969095Z[0m [34mDEBUG[0m [2mhyper::proto::h1::io[0m[2m:[0m parsed 4 headers
[2m2025-12-10T10:10:11.969104Z[0m [34mDEBUG[0m [2mhyper::proto::h1::conn[0m[2m:[0m incoming body is content-length (771 bytes)
[2m2025-12-10T10:10:11.969111Z[0m [34mDEBUG[0m [2mhyper::proto::h1::conn[0m[2m:[0m incoming body completed
[2m2025-12-10T10:10:11.969118Z[0m [34mDEBUG[0m [2mhyper::client::pool[0m[2m:[0m pooling idle connection for ("http", 192.168.0.14:8545)
[2m2025-12-10T10:10:11.969125Z[0m [34mDEBUG[0m [2methereum_transaction_pool_monitor::eth_client[0m[2m:[0m 📡 Transaction fetch RPC completed in 4.831375ms
[2m2025-12-10T10:10:12.040256Z[0m [34mDEBUG[0m [2methereum_transaction_pool_monitor::eth_client[0m[2m:[0m ✅ Transaction 0x435d88bc417b28fea7aa401a31734f882f1220800d1b62c931277c1c7e3ecc41 fetched and parsed in 75.960666ms
[2m2025-12-10T10:10:12.043365Z[0m [34mDEBUG[0m [2methereum_transaction_pool_monitor::mempool_monitor[0m[2m:[0m 🔍 Skipping tx 0x435d88bc417b28fea7aa401a31734f882f1220800d1b62c931277c1c7e3ecc41 - not a DEX interaction (target: 0xA0b86991c6218b36c1d19D4a2e9Eb0cE3606eB48)
[2m2025-12-10T10:10:12.043378Z[0m [34mDEBUG[0m [2methereum_transaction_pool_monitor::mempool_monitor[0m[2m:[0m 📨 Processing new pending transaction: 0x48b2276786501750cc47ea869343324e8d9870fb847d8bc4c7eec0af1f591891
[2m2025-12-10T10:10:12.043387Z[0m [34mDEBUG[0m [2methereum_transaction_pool_monitor::mempool_monitor[0m[2m:[0m 🔍 Fetching transaction details for: 0x48b2276786501750cc47ea869343324e8d9870fb847d8bc4c7eec0af1f591891
[2m2025-12-10T10:10:12.043398Z[0m [34mDEBUG[0m [2methereum_transaction_pool_monitor::eth_client[0m[2m:[0m 🔍 Fetching transaction details for hash: 0x48b2276786501750cc47ea869343324e8d9870fb847d8bc4c7eec0af1f591891
[2m2025-12-10T10:10:12.043417Z[0m [34mDEBUG[0m [2mhyper::client::pool[0m[2m:[0m reuse idle connection for ("http", 192.168.0.14:8545)
[2m2025-12-10T10:10:12.043458Z[0m [34mDEBUG[0m [2mhyper::proto::h1::io[0m[2m:[0m flushed 250 bytes
[2m2025-12-10T10:10:12.043477Z[0m [34mDEBUG[0m [2mhyper::client::pool[0m[2m:[0m reuse idle connection for ("http", 192.168.0.14:8545)
[2m2025-12-10T10:10:12.043492Z[0m [34mDEBUG[0m [2mhyper::proto::h1::io[0m[2m:[0m flushed 172 bytes
[2m2025-12-10T10:10:12.043507Z[0m [34mDEBUG[0m [2methereum_transaction_pool_monitor::eth_client[0m[2m:[0m 📨 Received WebSocket message: {"jsonrpc":"2.0","method":"eth_subscription","params":{"subscription":"0xbed0a0851463e895960a451075a301a9","result":"0x1e9ccd248c0bca1ddbfc2b8d690d6d6a3f3a6510217c99ef408644a1ca2214b5"}}
[2m2025-12-10T10:10:12.043517Z[0m [34mDEBUG[0m [2methereum_transaction_pool_monitor::eth_client[0m[2m:[0m 📨 Received pending transaction: 0x1e9ccd248c0bca1ddbfc2b8d690d6d6a3f3a6510217c99ef408644a1ca2214b5
[2m2025-12-10T10:10:12.049641Z[0m [34mDEBUG[0m [2mhyper::proto::h1::io[0m[2m:[0m parsed 4 headers
[2m2025-12-10T10:10:12.049651Z[0m [34mDEBUG[0m [2mhyper::proto::h1::conn[0m[2m:[0m incoming body is content-length (830 bytes)
[2m2025-12-10T10:10:12.049660Z[0m [34mDEBUG[0m [2mhyper::proto::h1::conn[0m[2m:[0m incoming body completed
[2m2025-12-10T10:10:12.049670Z[0m [34mDEBUG[0m [2mhyper::client::pool[0m[2m:[0m pooling idle connection for ("http", 192.168.0.14:8545)
[2m2025-12-10T10:10:12.049677Z[0m [34mDEBUG[0m [2methereum_transaction_pool_monitor::eth_client[0m[2m:[0m 📡 Transaction fetch RPC completed in 6.273ms
[2m2025-12-10T10:10:12.121854Z[0m [34mDEBUG[0m [2methereum_transaction_pool_monitor::eth_client[0m[2m:[0m ✅ Transaction 0x48b2276786501750cc47ea869343324e8d9870fb847d8bc4c7eec0af1f591891 fetched and parsed in 78.447625ms
[2m2025-12-10T10:10:12.121873Z[0m [34mDEBUG[0m [2methereum_transaction_pool_monitor::mempool_monitor[0m[2m:[0m 🔍 Skipping tx 0x48b2276786501750cc47ea869343324e8d9870fb847d8bc4c7eec0af1f591891 - not a DEX interaction (target: 0x3B4D794a66304F130a4Db8F2551B0070dfCf5ca7)
[2m2025-12-10T10:10:12.121883Z[0m [34mDEBUG[0m [2methereum_transaction_pool_monitor::mempool_monitor[0m[2m:[0m 📨 Processing new pending transaction: 0xc484f929b30cbded63414ba650ad0c271414bab12ebc81a80cb342dfd195142e
[2m2025-12-10T10:10:12.121889Z[0m [34mDEBUG[0m [2methereum_transaction_pool_monitor::mempool_monitor[0m[2m:[0m 🔍 Fetching transaction details for: 0xc484f929b30cbded63414ba650ad0c271414bab12ebc81a80cb342dfd195142e
[2m2025-12-10T10:10:12.121894Z[0m [34mDEBUG[0m [2methereum_transaction_pool_monitor::eth_client[0m[2m:[0m 🔍 Fetching transaction details for hash: 0xc484f929b30cbded63414ba650ad0c271414bab12ebc81a80cb342dfd195142e
[2m2025-12-10T10:10:12.121914Z[0m [34mDEBUG[0m [2mhyper::client::pool[0m[2m:[0m reuse idle connection for ("http", 192.168.0.14:8545)
[2m2025-12-10T10:10:12.121954Z[0m [34mDEBUG[0m [2mhyper::proto::h1::io[0m[2m:[0m flushed 250 bytes
[2m2025-12-10T10:10:12.121980Z[0m [34mDEBUG[0m [2methereum_transaction_pool_monitor::eth_client[0m[2m:[0m 📨 Received WebSocket message: {"jsonrpc":"2.0","method":"eth_subscription","params":{"subscription":"0xbed0a0851463e895960a451075a301a9","result":"0x896d4c6016f029475213476674e154aadbc2744ee554ab1c489e1f11bf806ce0"}}
[2m2025-12-10T10:10:12.121991Z[0m [34mDEBUG[0m [2methereum_transaction_pool_monitor::eth_client[0m[2m:[0m 📨 Received pending transaction: 0x896d4c6016f029475213476674e154aadbc2744ee554ab1c489e1f11bf806ce0
[2m2025-12-10T10:10:12.121997Z[0m [34mDEBUG[0m [2methereum_transaction_pool_monitor::eth_client[0m[2m:[0m 📨 Received WebSocket message: {"jsonrpc":"2.0","method":"eth_subscription","params":{"subscription":"0xbed0a0851463e895960a451075a301a9","result":"0xc9942eb508a4dc3cc2054ec9b60427d93da6869dac21b3fe9064218eebffb11e"}}
[2m2025-12-10T10:10:12.122003Z[0m [34mDEBUG[0m [2mhyper::proto::h1::io[0m[2m:[0m parsed 4 headers
[2m2025-12-10T10:10:12.122004Z[0m [34mDEBUG[0m [2methereum_transaction_pool_monitor::eth_client[0m[2m:[0m 📨 Received pending transaction: 0xc9942eb508a4dc3cc2054ec9b60427d93da6869dac21b3fe9064218eebffb11e
[2m2025-12-10T10:10:12.122012Z[0m [34mDEBUG[0m [2mhyper::proto::h1::conn[0m[2m:[0m incoming body is content-length (45 bytes)
[2m2025-12-10T10:10:12.122025Z[0m [34mDEBUG[0m [2mhyper::proto::h1::conn[0m[2m:[0m incoming body completed
[2m2025-12-10T10:10:12.122033Z[0m [34mDEBUG[0m [2mhyper::client::pool[0m[2m:[0m pooling idle connection for ("http", 192.168.0.14:8545)
[2m2025-12-10T10:10:12.122049Z[0m [34mDEBUG[0m [2mhyper::client::pool[0m[2m:[0m reuse idle connection for ("http", 192.168.0.14:8545)
[2m2025-12-10T10:10:12.122065Z[0m [34mDEBUG[0m [2mhyper::proto::h1::io[0m[2m:[0m flushed 172 bytes
[2m2025-12-10T10:10:12.125705Z[0m [34mDEBUG[0m [2mhyper::proto::h1::io[0m[2m:[0m parsed 4 headers
[2m2025-12-10T10:10:12.125715Z[0m [34mDEBUG[0m [2mhyper::proto::h1::conn[0m[2m:[0m incoming body is content-length (772 bytes)
[2m2025-12-10T10:10:12.125723Z[0m [34mDEBUG[0m [2mhyper::proto::h1::conn[0m[2m:[0m incoming body completed
[2m2025-12-10T10:10:12.125733Z[0m [34mDEBUG[0m [2mhyper::client::pool[0m[2m:[0m pooling idle connection for ("http", 192.168.0.14:8545)
[2m2025-12-10T10:10:12.125740Z[0m [34mDEBUG[0m [2methereum_transaction_pool_monitor::eth_client[0m[2m:[0m 📡 Transaction fetch RPC completed in 3.839958ms
[2m2025-12-10T10:10:12.197488Z[0m [34mDEBUG[0m [2methereum_transaction_pool_monitor::eth_client[0m[2m:[0m ✅ Transaction 0xc484f929b30cbded63414ba650ad0c271414bab12ebc81a80cb342dfd195142e fetched and parsed in 75.586667ms
[2m2025-12-10T10:10:12.197515Z[0m [34mDEBUG[0m [2methereum_transaction_pool_monitor::mempool_monitor[0m[2m:[0m 🔍 Skipping tx 0xc484f929b30cbded63414ba650ad0c271414bab12ebc81a80cb342dfd195142e - not a DEX interaction (target: 0xA0b86991c6218b36c1d19D4a2e9Eb0cE3606eB48)
[2m2025-12-10T10:10:12.197526Z[0m [34mDEBUG[0m [2methereum_transaction_pool_monitor::mempool_monitor[0m[2m:[0m 📨 Processing new pending transaction: 0x64185928b5fd38e5e5148f1be1c6d8febb50e92be874ea5640fb3cf467e87bcb
[2m2025-12-10T10:10:12.197535Z[0m [34mDEBUG[0m [2methereum_transaction_pool_monitor::mempool_monitor[0m[2m:[0m 🔍 Fetching transaction details for: 0x64185928b5fd38e5e5148f1be1c6d8febb50e92be874ea5640fb3cf467e87bcb
[2m2025-12-10T10:10:12.197540Z[0m [34mDEBUG[0m [2methereum_transaction_pool_monitor::eth_client[0m[2m:[0m 🔍 Fetching transaction details for hash: 0x64185928b5fd38e5e5148f1be1c6d8febb50e92be874ea5640fb3cf467e87bcb
[2m2025-12-10T10:10:12.197559Z[0m [34mDEBUG[0m [2mhyper::client::pool[0m[2m:[0m reuse idle connection for ("http", 192.168.0.14:8545)
[2m2025-12-10T10:10:12.197600Z[0m [34mDEBUG[0m [2mhyper::proto::h1::io[0m[2m:[0m flushed 250 bytes
[2m2025-12-10T10:10:12.197627Z[0m [34mDEBUG[0m [2methereum_transaction_pool_monitor::eth_client[0m[2m:[0m 📨 Received WebSocket message: {"jsonrpc":"2.0","method":"eth_subscription","params":{"subscription":"0xbed0a0851463e895960a451075a301a9","result":"0x5fd08ecd34c666f5e4f70fb6151c18389128db15c6e5e654dab5169c897e5869"}}
[2m2025-12-10T10:10:12.197636Z[0m [34mDEBUG[0m [2methereum_transaction_pool_monitor::eth_client[0m[2m:[0m 📨 Received pending transaction: 0x5fd08ecd34c666f5e4f70fb6151c18389128db15c6e5e654dab5169c897e5869
[2m2025-12-10T10:10:12.197643Z[0m [34mDEBUG[0m [2methereum_transaction_pool_monitor::eth_client[0m[2m:[0m 📨 Received WebSocket message: {"jsonrpc":"2.0","method":"eth_subscription","params":{"subscription":"0xbed0a0851463e895960a451075a301a9","result":"0x355aad849cd5173d150235df88cebbd039535b15a1fa535e82a36e1a0eabd83b"}}
[2m2025-12-10T10:10:12.197649Z[0m [34mDEBUG[0m [2methereum_transaction_pool_monitor::eth_client[0m[2m:[0m 📨 Received pending transaction: 0x355aad849cd5173d150235df88cebbd039535b15a1fa535e82a36e1a0eabd83b
[2m2025-12-10T10:10:12.197655Z[0m [34mDEBUG[0m [2methereum_transaction_pool_monitor::eth_client[0m[2m:[0m 📨 Received WebSocket message: {"jsonrpc":"2.0","method":"eth_subscription","params":{"subscription":"0xbed0a0851463e895960a451075a301a9","result":"0xc04b8df5c006a290758a941745eb8e2f49c471e6d6d5bf016e2a731acb065304"}}
[2m2025-12-10T10:10:12.197663Z[0m [34mDEBUG[0m [2methereum_transaction_pool_monitor::eth_client[0m[2m:[0m 📨 Received pending transaction: 0xc04b8df5c006a290758a941745eb8e2f49c471e6d6d5bf016e2a731acb065304
[2m2025-12-10T10:10:12.197661Z[0m [34mDEBUG[0m [2mhyper::proto::h1::io[0m[2m:[0m parsed 4 headers
[2m2025-12-10T10:10:12.197706Z[0m [34mDEBUG[0m [2mhyper::proto::h1::conn[0m[2m:[0m incoming body is content-length (45 bytes)
[2m2025-12-10T10:10:12.197717Z[0m [34mDEBUG[0m [2mhyper::proto::h1::conn[0m[2m:[0m incoming body completed
[2m2025-12-10T10:10:12.197727Z[0m [34mDEBUG[0m [2mhyper::client::pool[0m[2m:[0m pooling idle connection for ("http", 192.168.0.14:8545)
[2m2025-12-10T10:10:12.197745Z[0m [34mDEBUG[0m [2mhyper::client::pool[0m[2m:[0m reuse idle connection for ("http", 192.168.0.14:8545)
[2m2025-12-10T10:10:12.197760Z[0m [34mDEBUG[0m [2mhyper::proto::h1::io[0m[2m:[0m flushed 172 bytes
[2m2025-12-10T10:10:12.202361Z[0m [34mDEBUG[0m [2mhyper::proto::h1::io[0m[2m:[0m parsed 4 headers
[2m2025-12-10T10:10:12.202372Z[0m [34mDEBUG[0m [2mhyper::proto::h1::conn[0m[2m:[0m incoming body is content-length (761 bytes)
[2m2025-12-10T10:10:12.202379Z[0m [34mDEBUG[0m [2mhyper::proto::h1::conn[0m[2m:[0m incoming body completed
[2m2025-12-10T10:10:12.202390Z[0m [34mDEBUG[0m [2mhyper::client::pool[0m[2m:[0m pooling idle connection for ("http", 192.168.0.14:8545)
[2m2025-12-10T10:10:12.202398Z[0m [34mDEBUG[0m [2methereum_transaction_pool_monitor::eth_client[0m[2m:[0m 📡 Transaction fetch RPC completed in 4.852792ms
[2m2025-12-10T10:10:12.274747Z[0m [34mDEBUG[0m [2methereum_transaction_pool_monitor::eth_client[0m[2m:[0m ✅ Transaction 0x64185928b5fd38e5e5148f1be1c6d8febb50e92be874ea5640fb3cf467e87bcb fetched and parsed in 77.199209ms
[2m2025-12-10T10:10:12.274776Z[0m [34mDEBUG[0m [2methereum_transaction_pool_monitor::mempool_monitor[0m[2m:[0m 🔍 Skipping tx 0x64185928b5fd38e5e5148f1be1c6d8febb50e92be874ea5640fb3cf467e87bcb - not a DEX interaction (target: 0x7a1B261f117e431Ffc24bA8CbAb77e599Ef79d03)
[2m2025-12-10T10:10:12.274787Z[0m [34mDEBUG[0m [2methereum_transaction_pool_monitor::mempool_monitor[0m[2m:[0m 📨 Processing new pending transaction: 0x2649965fa99d958c424a927172a977bb45803f41e917d06146a57c782110f4d1
[2m2025-12-10T10:10:12.274800Z[0m [34mDEBUG[0m [2methereum_transaction_pool_monitor::mempool_monitor[0m[2m:[0m 🔍 Fetching transaction details for: 0x2649965fa99d958c424a927172a977bb45803f41e917d06146a57c782110f4d1
[2m2025-12-10T10:10:12.274807Z[0m [34mDEBUG[0m [2methereum_transaction_pool_monitor::eth_client[0m[2m:[0m 🔍 Fetching transaction details for hash: 0x2649965fa99d958c424a927172a977bb45803f41e917d06146a57c782110f4d1
[2m2025-12-10T10:10:12.274827Z[0m [34mDEBUG[0m [2mhyper::client::pool[0m[2m:[0m reuse idle connection for ("http", 192.168.0.14:8545)
[2m2025-12-10T10:10:12.274866Z[0m [34mDEBUG[0m [2mhyper::proto::h1::io[0m[2m:[0m flushed 250 bytes
[2m2025-12-10T10:10:12.274891Z[0m [34mDEBUG[0m [2methereum_transaction_pool_monitor::eth_client[0m[2m:[0m 📨 Received WebSocket message: {"jsonrpc":"2.0","method":"eth_subscription","params":{"subscription":"0xbed0a0851463e895960a451075a301a9","result":"0x4a2617cd2628466217b85c4b62a1d6dec095ee3bc87f38c0023d5e2b2d62c500"}}
[2m2025-12-10T10:10:12.274896Z[0m [34mDEBUG[0m [2mhyper::proto::h1::io[0m[2m:[0m parsed 4 headers
[2m2025-12-10T10:10:12.274901Z[0m [34mDEBUG[0m [2methereum_transaction_pool_monitor::eth_client[0m[2m:[0m 📨 Received pending transaction: 0x4a2617cd2628466217b85c4b62a1d6dec095ee3bc87f38c0023d5e2b2d62c500
[2m2025-12-10T10:10:12.274910Z[0m [34mDEBUG[0m [2mhyper::proto::h1::conn[0m[2m:[0m incoming body is content-length (45 bytes)
[2m2025-12-10T10:10:12.274918Z[0m [34mDEBUG[0m [2methereum_transaction_pool_monitor::eth_client[0m[2m:[0m 📨 Received WebSocket message: {"jsonrpc":"2.0","method":"eth_subscription","params":{"subscription":"0xbed0a0851463e895960a451075a301a9","result":"0x0525335bd58b86d622919b864ef22a53dbc4cfad85c7f73d436ef9583c48c3ce"}}
[2m2025-12-10T10:10:12.274927Z[0m [34mDEBUG[0m [2mhyper::proto::h1::conn[0m[2m:[0m incoming body completed
[2m2025-12-10T10:10:12.274930Z[0m [34mDEBUG[0m [2methereum_transaction_pool_monitor::eth_client[0m[2m:[0m 📨 Received pending transaction: 0x0525335bd58b86d622919b864ef22a53dbc4cfad85c7f73d436ef9583c48c3ce
[2m2025-12-10T10:10:12.274938Z[0m [34mDEBUG[0m [2mhyper::client::pool[0m[2m:[0m pooling idle connection for ("http", 192.168.0.14:8545)
[2m2025-12-10T10:10:12.274944Z[0m [34mDEBUG[0m [2methereum_transaction_pool_monitor::eth_client[0m[2m:[0m 📨 Received WebSocket message: {"jsonrpc":"2.0","method":"eth_subscription","params":{"subscription":"0xbed0a0851463e895960a451075a301a9","result":"0x743e5d981e2ad6dc21e60a5607ebafb94b5591e888d9b3be8139b2468bd3c518"}}
[2m2025-12-10T10:10:12.274952Z[0m [34mDEBUG[0m [2methereum_transaction_pool_monitor::eth_client[0m[2m:[0m 📨 Received pending transaction: 0x743e5d981e2ad6dc21e60a5607ebafb94b5591e888d9b3be8139b2468bd3c518
[2m2025-12-10T10:10:12.279984Z[0m [34mDEBUG[0m [2mhyper::proto::h1::io[0m[2m:[0m parsed 4 headers
[2m2025-12-10T10:10:12.279990Z[0m [34mDEBUG[0m [2mhyper::proto::h1::conn[0m[2m:[0m incoming body is content-length (830 bytes)
[2m2025-12-10T10:10:12.279996Z[0m [34mDEBUG[0m [2mhyper::proto::h1::conn[0m[2m:[0m incoming body completed
[2m2025-12-10T10:10:12.280002Z[0m [34mDEBUG[0m [2mhyper::client::pool[0m[2m:[0m pooling idle connection for ("http", 192.168.0.14:8545)
[2m2025-12-10T10:10:12.280008Z[0m [34mDEBUG[0m [2methereum_transaction_pool_monitor::eth_client[0m[2m:[0m 📡 Transaction fetch RPC completed in 5.194625ms
[2m2025-12-10T10:10:12.351495Z[0m [34mDEBUG[0m [2methereum_transaction_pool_monitor::eth_client[0m[2m:[0m ✅ Transaction 0x2649965fa99d958c424a927172a977bb45803f41e917d06146a57c782110f4d1 fetched and parsed in 76.679666ms
[2m2025-12-10T10:10:12.351522Z[0m [34mDEBUG[0m [2methereum_transaction_pool_monitor::mempool_monitor[0m[2m:[0m 🔍 Skipping tx 0x2649965fa99d958c424a927172a977bb45803f41e917d06146a57c782110f4d1 - not a DEX interaction (target: 0x3B4D794a66304F130a4Db8F2551B0070dfCf5ca7)
[2m2025-12-10T10:10:12.351533Z[0m [34mDEBUG[0m [2methereum_transaction_pool_monitor::mempool_monitor[0m[2m:[0m 📨 Processing new pending transaction: 0xaf450985888889fde3bfac16f3d483169f664aa1c9ed9f0a68aedc41efe23cdd
[2m2025-12-10T10:10:12.351541Z[0m [34mDEBUG[0m [2methereum_transaction_pool_monitor::mempool_monitor[0m[2m:[0m 🔍 Fetching transaction details for: 0xaf450985888889fde3bfac16f3d483169f664aa1c9ed9f0a68aedc41efe23cdd
[2m2025-12-10T10:10:12.351548Z[0m [34mDEBUG[0m [2methereum_transaction_pool_monitor::eth_client[0m[2m:[0m 🔍 Fetching transaction details for hash: 0xaf450985888889fde3bfac16f3d483169f664aa1c9ed9f0a68aedc41efe23cdd
[2m2025-12-10T10:10:12.351566Z[0m [34mDEBUG[0m [2mhyper::client::pool[0m[2m:[0m reuse idle connection for ("http", 192.168.0.14:8545)
[2m2025-12-10T10:10:12.351605Z[0m [34mDEBUG[0m [2mhyper::proto::h1::io[0m[2m:[0m flushed 250 bytes
[2m2025-12-10T10:10:12.351624Z[0m [34mDEBUG[0m [2mhyper::client::pool[0m[2m:[0m reuse idle connection for ("http", 192.168.0.14:8545)
[2m2025-12-10T10:10:12.351635Z[0m [34mDEBUG[0m [2methereum_transaction_pool_monitor::eth_client[0m[2m:[0m 📨 Received WebSocket message: {"jsonrpc":"2.0","method":"eth_subscription","params":{"subscription":"0xbed0a0851463e895960a451075a301a9","result":"0x7b364bbb8b310b3adfca27305cff814082d9a42778cb3697f93ff8da500a66ce"}}
[2m2025-12-10T10:10:12.351640Z[0m [34mDEBUG[0m [2mhyper::proto::h1::io[0m[2m:[0m flushed 172 bytes
[2m2025-12-10T10:10:12.351646Z[0m [34mDEBUG[0m [2methereum_transaction_pool_monitor::eth_client[0m[2m:[0m 📨 Received pending transaction: 0x7b364bbb8b310b3adfca27305cff814082d9a42778cb3697f93ff8da500a66ce
[2m2025-12-10T10:10:12.361620Z[0m [34mDEBUG[0m [2mhyper::proto::h1::io[0m[2m:[0m parsed 4 headers
[2m2025-12-10T10:10:12.361631Z[0m [34mDEBUG[0m [2mhyper::proto::h1::io[0m[2m:[0m parsed 4 headers
[2m2025-12-10T10:10:12.361630Z[0m [34mDEBUG[0m [2mhyper::proto::h1::conn[0m[2m:[0m incoming body is content-length (45 bytes)
[2m2025-12-10T10:10:12.361639Z[0m [34mDEBUG[0m [2mhyper::proto::h1::conn[0m[2m:[0m incoming body is content-length (7108 bytes)
[2m2025-12-10T10:10:12.361666Z[0m [34mDEBUG[0m [2mhyper::proto::h1::conn[0m[2m:[0m incoming body completed
[2m2025-12-10T10:10:12.361650Z[0m [34mDEBUG[0m [2mhyper::proto::h1::conn[0m[2m:[0m incoming body completed
[2m2025-12-10T10:10:12.361678Z[0m [34mDEBUG[0m [2mhyper::client::pool[0m[2m:[0m pooling idle connection for ("http", 192.168.0.14:8545)
[2m2025-12-10T10:10:12.361691Z[0m [34mDEBUG[0m [2mhyper::client::pool[0m[2m:[0m pooling idle connection for ("http", 192.168.0.14:8545)
[2m2025-12-10T10:10:12.361700Z[0m [34mDEBUG[0m [2methereum_transaction_pool_monitor::eth_client[0m[2m:[0m 📡 Transaction fetch RPC completed in 10.147833ms
[2m2025-12-10T10:10:12.398753Z[0m [34mDEBUG[0m [2mhyper::client::pool[0m[2m:[0m reuse idle connection for ("http", 192.168.0.14:8545)
[2m2025-12-10T10:10:12.398815Z[0m [34mDEBUG[0m [2mhyper::proto::h1::io[0m[2m:[0m flushed 172 bytes
[2m2025-12-10T10:10:12.406381Z[0m [34mDEBUG[0m [2mhyper::proto::h1::io[0m[2m:[0m parsed 4 headers
[2m2025-12-10T10:10:12.406392Z[0m [34mDEBUG[0m [2mhyper::proto::h1::conn[0m[2m:[0m incoming body is content-length (45 bytes)
[2m2025-12-10T10:10:12.406400Z[0m [34mDEBUG[0m [2mhyper::proto::h1::conn[0m[2m:[0m incoming body completed
[2m2025-12-10T10:10:12.406409Z[0m [34mDEBUG[0m [2mhyper::client::pool[0m[2m:[0m pooling idle connection for ("http", 192.168.0.14:8545)
[2m2025-12-10T10:10:12.407015Z[0m [34mDEBUG[0m [2methereum_transaction_pool_monitor::eth_client[0m[2m:[0m 📨 Received WebSocket message: {"jsonrpc":"2.0","method":"eth_subscription","params":{"subscription":"0xbed0a0851463e895960a451075a301a9","result":"0xbc3610390255a5d482b1d6549dc38046bf61ddf9bef3441b5608f48c2c26bf79"}}
[2m2025-12-10T10:10:12.407027Z[0m [34mDEBUG[0m [2methereum_transaction_pool_monitor::eth_client[0m[2m:[0m 📨 Received pending transaction: 0xbc3610390255a5d482b1d6549dc38046bf61ddf9bef3441b5608f48c2c26bf79
[2m2025-12-10T10:10:12.407033Z[0m [34mDEBUG[0m [2methereum_transaction_pool_monitor::eth_client[0m[2m:[0m 📨 Received WebSocket message: {"jsonrpc":"2.0","method":"eth_subscription","params":{"subscription":"0xbed0a0851463e895960a451075a301a9","result":"0xbd8ade26db825251400205089d0adb07e9c8dc5ea65e95fd1cef9b2f02944b1d"}}
[2m2025-12-10T10:10:12.407038Z[0m [34mDEBUG[0m [2methereum_transaction_pool_monitor::eth_client[0m[2m:[0m 📨 Received pending transaction: 0xbd8ade26db825251400205089d0adb07e9c8dc5ea65e95fd1cef9b2f02944b1d
[2m2025-12-10T10:10:12.413574Z[0m [34mDEBUG[0m [2methereum_transaction_pool_monitor::eth_client[0m[2m:[0m 📨 Received WebSocket message: {"jsonrpc":"2.0","method":"eth_subscription","params":{"subscription":"0xbed0a0851463e895960a451075a301a9","result":"0x979d40170b01974e495b5b92a1744294df4a8037e627eb8c03748895e46cd4f1"}}
[2m2025-12-10T10:10:12.413588Z[0m [34mDEBUG[0m [2methereum_transaction_pool_monitor::eth_client[0m[2m:[0m 📨 Received pending transaction: 0x979d40170b01974e495b5b92a1744294df4a8037e627eb8c03748895e46cd4f1
[2m2025-12-10T10:10:12.432728Z[0m [34mDEBUG[0m [2methereum_transaction_pool_monitor::eth_client[0m[2m:[0m ✅ Transaction 0xaf450985888889fde3bfac16f3d483169f664aa1c9ed9f0a68aedc41efe23cdd fetched and parsed in 81.173625ms
[2m2025-12-10T10:10:12.432751Z[0m [34mDEBUG[0m [2methereum_transaction_pool_monitor::mempool_monitor[0m[2m:[0m 🔍 Skipping tx 0xaf450985888889fde3bfac16f3d483169f664aa1c9ed9f0a68aedc41efe23cdd - not a DEX interaction (target: 0xF6801D319497789f934ec7F83E142a9536312B08)
[2m2025-12-10T10:10:12.432763Z[0m [34mDEBUG[0m [2methereum_transaction_pool_monitor::mempool_monitor[0m[2m:[0m 📨 Processing new pending transaction: 0x1566af474018a19fae33ec4f4327f45b425d926627d9e560db0d47201d2536d9
[2m2025-12-10T10:10:12.432769Z[0m [34mDEBUG[0m [2methereum_transaction_pool_monitor::mempool_monitor[0m[2m:[0m 🔍 Fetching transaction details for: 0x1566af474018a19fae33ec4f4327f45b425d926627d9e560db0d47201d2536d9
[2m2025-12-10T10:10:12.432774Z[0m [34mDEBUG[0m [2methereum_transaction_pool_monitor::eth_client[0m[2m:[0m 🔍 Fetching transaction details for hash: 0x1566af474018a19fae33ec4f4327f45b425d926627d9e560db0d47201d2536d9
[2m2025-12-10T10:10:12.432793Z[0m [34mDEBUG[0m [2mhyper::client::pool[0m[2m:[0m reuse idle connection for ("http", 192.168.0.14:8545)
[2m2025-12-10T10:10:12.432834Z[0m [34mDEBUG[0m [2mhyper::proto::h1::io[0m[2m:[0m flushed 250 bytes
[2m2025-12-10T10:10:12.440541Z[0m [34mDEBUG[0m [2mhyper::proto::h1::io[0m[2m:[0m parsed 4 headers
[2m2025-12-10T10:10:12.440552Z[0m [34mDEBUG[0m [2mhyper::proto::h1::conn[0m[2m:[0m incoming body is content-length (765 bytes)
[2m2025-12-10T10:10:12.440563Z[0m [34mDEBUG[0m [2mhyper::proto::h1::conn[0m[2m:[0m incoming body completed
[2m2025-12-10T10:10:12.440575Z[0m [34mDEBUG[0m [2mhyper::client::pool[0m[2m:[0m pooling idle connection for ("http", 192.168.0.14:8545)
[2m2025-12-10T10:10:12.440584Z[0m [34mDEBUG[0m [2methereum_transaction_pool_monitor::eth_client[0m[2m:[0m 📡 Transaction fetch RPC completed in 7.804125ms
[2m2025-12-10T10:10:12.440599Z[0m [34mDEBUG[0m [2methereum_transaction_pool_monitor::eth_client[0m[2m:[0m DeFi transaction detected - Address: 0xdac17f958d2ee523a2206206994597c13d831ec7, Type: Stablecoin, Value: 0 ETH, Gas: 0.20 Gwei
[2m2025-12-10T10:10:12.440612Z[0m [34mDEBUG[0m [2methereum_transaction_pool_monitor::eth_client[0m[2m:[0m ✅ Transaction 0x1566af474018a19fae33ec4f4327f45b425d926627d9e560db0d47201d2536d9 fetched and parsed in 7.833125ms
[2m2025-12-10T10:10:12.440619Z[0m [34mDEBUG[0m [2methereum_transaction_pool_monitor::mempool_monitor[0m[2m:[0m 🔍 Skipping tx 0x1566af474018a19fae33ec4f4327f45b425d926627d9e560db0d47201d2536d9 - not a DEX interaction (target: 0xdAC17F958D2ee523a2206206994597C13D831ec7)
[2m2025-12-10T10:10:12.440625Z[0m [34mDEBUG[0m [2methereum_transaction_pool_monitor::mempool_monitor[0m[2m:[0m 📨 Processing new pending transaction: 0x0099f5e2a2faf67ad48ae4efba767fbbeb585347caed586fa7f968a1de9d464b
[2m2025-12-10T10:10:12.440629Z[0m [34mDEBUG[0m [2methereum_transaction_pool_monitor::mempool_monitor[0m[2m:[0m 🔍 Fetching transaction details for: 0x0099f5e2a2faf67ad48ae4efba767fbbeb585347caed586fa7f968a1de9d464b
[2m2025-12-10T10:10:12.440633Z[0m [34mDEBUG[0m [2methereum_transaction_pool_monitor::eth_client[0m[2m:[0m 🔍 Fetching transaction details for hash: 0x0099f5e2a2faf67ad48ae4efba767fbbeb585347caed586fa7f968a1de9d464b
[2m2025-12-10T10:10:12.440643Z[0m [34mDEBUG[0m [2mhyper::client::pool[0m[2m:[0m reuse idle connection for ("http", 192.168.0.14:8545)
[2m2025-12-10T10:10:12.440659Z[0m [34mDEBUG[0m [2mhyper::proto::h1::io[0m[2m:[0m flushed 250 bytes
[2m2025-12-10T10:10:12.453939Z[0m [34mDEBUG[0m [2mhyper::proto::h1::io[0m[2m:[0m parsed 4 headers
[2m2025-12-10T10:10:12.453972Z[0m [34mDEBUG[0m [2mhyper::proto::h1::conn[0m[2m:[0m incoming body is content-length (1731 bytes)
[2m2025-12-10T10:10:12.453979Z[0m [34mDEBUG[0m [2mhyper::proto::h1::conn[0m[2m:[0m incoming body completed
[2m2025-12-10T10:10:12.453986Z[0m [34mDEBUG[0m [2mhyper::client::pool[0m[2m:[0m pooling idle connection for ("http", 192.168.0.14:8545)
[2m2025-12-10T10:10:12.453991Z[0m [34mDEBUG[0m [2methereum_transaction_pool_monitor::eth_client[0m[2m:[0m 📡 Transaction fetch RPC completed in 13.354666ms
[2m2025-12-10T10:10:12.525809Z[0m [34mDEBUG[0m [2methereum_transaction_pool_monitor::eth_client[0m[2m:[0m ✅ Transaction 0x0099f5e2a2faf67ad48ae4efba767fbbeb585347caed586fa7f968a1de9d464b fetched and parsed in 85.169041ms
[2m2025-12-10T10:10:12.525833Z[0m [34mDEBUG[0m [2methereum_transaction_pool_monitor::mempool_monitor[0m[2m:[0m 🔍 Skipping tx 0x0099f5e2a2faf67ad48ae4efba767fbbeb585347caed586fa7f968a1de9d464b - not a DEX interaction (target: 0x601a2aD6CB5949f0529735254189Ba3194221EDF)
[2m2025-12-10T10:10:12.525843Z[0m [34mDEBUG[0m [2methereum_transaction_pool_monitor::mempool_monitor[0m[2m:[0m 📨 Processing new pending transaction: 0x70b5af0b663ac81b523a266d35b4c8ad520453727bc1cb13585a236171fb4a5d
[2m2025-12-10T10:10:12.525851Z[0m [34mDEBUG[0m [2methereum_transaction_pool_monitor::mempool_monitor[0m[2m:[0m 🔍 Fetching transaction details for: 0x70b5af0b663ac81b523a266d35b4c8ad520453727bc1cb13585a236171fb4a5d
[2m2025-12-10T10:10:12.525857Z[0m [34mDEBUG[0m [2methereum_transaction_pool_monitor::eth_client[0m[2m:[0m 🔍 Fetching transaction details for hash: 0x70b5af0b663ac81b523a266d35b4c8ad520453727bc1cb13585a236171fb4a5d
[2m2025-12-10T10:10:12.525874Z[0m [34mDEBUG[0m [2mhyper::client::pool[0m[2m:[0m reuse idle connection for ("http", 192.168.0.14:8545)
[2m2025-12-10T10:10:12.525913Z[0m [34mDEBUG[0m [2mhyper::proto::h1::io[0m[2m:[0m flushed 250 bytes
[2m2025-12-10T10:10:12.525943Z[0m [34mDEBUG[0m [2mhyper::client::pool[0m[2m:[0m reuse idle connection for ("http", 192.168.0.14:8545)
[2m2025-12-10T10:10:12.525957Z[0m [34mDEBUG[0m [2mhyper::proto::h1::io[0m[2m:[0m flushed 172 bytes
[2m2025-12-10T10:10:12.529616Z[0m [34mDEBUG[0m [2mhyper::proto::h1::io[0m[2m:[0m parsed 4 headers
[2m2025-12-10T10:10:12.529636Z[0m [34mDEBUG[0m [2mhyper::proto::h1::conn[0m[2m:[0m incoming body is content-length (45 bytes)
[2m2025-12-10T10:10:12.529659Z[0m [34mDEBUG[0m [2mhyper::proto::h1::conn[0m[2m:[0m incoming body completed
[2m2025-12-10T10:10:12.529676Z[0m [34mDEBUG[0m [2mhyper::client::pool[0m[2m:[0m pooling idle connection for ("http", 192.168.0.14:8545)
[2m2025-12-10T10:10:12.530502Z[0m [34mDEBUG[0m [2mhyper::proto::h1::io[0m[2m:[0m parsed 4 headers
[2m2025-12-10T10:10:12.530509Z[0m [34mDEBUG[0m [2mhyper::proto::h1::conn[0m[2m:[0m incoming body is content-length (768 bytes)
[2m2025-12-10T10:10:12.530514Z[0m [34mDEBUG[0m [2mhyper::proto::h1::conn[0m[2m:[0m incoming body completed
[2m2025-12-10T10:10:12.530519Z[0m [34mDEBUG[0m [2mhyper::client::pool[0m[2m:[0m pooling idle connection for ("http", 192.168.0.14:8545)
[2m2025-12-10T10:10:12.530525Z[0m [34mDEBUG[0m [2methereum_transaction_pool_monitor::eth_client[0m[2m:[0m 📡 Transaction fetch RPC completed in 4.664041ms
[2m2025-12-10T10:10:12.530543Z[0m [34mDEBUG[0m [2methereum_transaction_pool_monitor::eth_client[0m[2m:[0m DeFi transaction detected - Address: 0xdac17f958d2ee523a2206206994597c13d831ec7, Type: Stablecoin, Value: 0 ETH, Gas: 0.25 Gwei
[2m2025-12-10T10:10:12.530567Z[0m [34mDEBUG[0m [2methereum_transaction_pool_monitor::eth_client[0m[2m:[0m ✅ Transaction 0x70b5af0b663ac81b523a266d35b4c8ad520453727bc1cb13585a236171fb4a5d fetched and parsed in 4.706416ms
[2m2025-12-10T10:10:12.530577Z[0m [34mDEBUG[0m [2methereum_transaction_pool_monitor::mempool_monitor[0m[2m:[0m 🔍 Skipping tx 0x70b5af0b663ac81b523a266d35b4c8ad520453727bc1cb13585a236171fb4a5d - not a DEX interaction (target: 0xdAC17F958D2ee523a2206206994597C13D831ec7)
[2m2025-12-10T10:10:12.530585Z[0m [34mDEBUG[0m [2methereum_transaction_pool_monitor::mempool_monitor[0m[2m:[0m 📨 Processing new pending transaction: 0xc4005c6527463785e8b96b0e4d076b68802492f8b15a6b30d3a76685c7da1afa
[2m2025-12-10T10:10:12.530590Z[0m [34mDEBUG[0m [2methereum_transaction_pool_monitor::mempool_monitor[0m[2m:[0m 🔍 Fetching transaction details for: 0xc4005c6527463785e8b96b0e4d076b68802492f8b15a6b30d3a76685c7da1afa
[2m2025-12-10T10:10:12.530594Z[0m [34mDEBUG[0m [2methereum_transaction_pool_monitor::eth_client[0m[2m:[0m 🔍 Fetching transaction details for hash: 0xc4005c6527463785e8b96b0e4d076b68802492f8b15a6b30d3a76685c7da1afa
[2m2025-12-10T10:10:12.530605Z[0m [34mDEBUG[0m [2mhyper::client::pool[0m[2m:[0m reuse idle connection for ("http", 192.168.0.14:8545)
[2m2025-12-10T10:10:12.530620Z[0m [34mDEBUG[0m [2mhyper::proto::h1::io[0m[2m:[0m flushed 250 bytes
[2m2025-12-10T10:10:12.538365Z[0m [34mDEBUG[0m [2mhyper::proto::h1::io[0m[2m:[0m parsed 4 headers
[2m2025-12-10T10:10:12.538370Z[0m [34mDEBUG[0m [2mhyper::proto::h1::conn[0m[2m:[0m incoming body is content-length (1219 bytes)
[2m2025-12-10T10:10:12.538375Z[0m [34mDEBUG[0m [2mhyper::proto::h1::conn[0m[2m:[0m incoming body completed
[2m2025-12-10T10:10:12.538380Z[0m [34mDEBUG[0m [2mhyper::client::pool[0m[2m:[0m pooling idle connection for ("http", 192.168.0.14:8545)
[2m2025-12-10T10:10:12.538385Z[0m [34mDEBUG[0m [2methereum_transaction_pool_monitor::eth_client[0m[2m:[0m 📡 Transaction fetch RPC completed in 7.78375ms
[2m2025-12-10T10:10:12.606644Z[0m [34mDEBUG[0m [2methereum_transaction_pool_monitor::eth_client[0m[2m:[0m ✅ Transaction 0xc4005c6527463785e8b96b0e4d076b68802492f8b15a6b30d3a76685c7da1afa fetched and parsed in 76.040792ms
[2m2025-12-10T10:10:12.606673Z[0m [34mDEBUG[0m [2methereum_transaction_pool_monitor::mempool_monitor[0m[2m:[0m 🔍 Skipping tx 0xc4005c6527463785e8b96b0e4d076b68802492f8b15a6b30d3a76685c7da1afa - not a DEX interaction (target: 0xF6801D319497789f934ec7F83E142a9536312B08)
[2m2025-12-10T10:10:12.606689Z[0m [34mDEBUG[0m [2methereum_transaction_pool_monitor::mempool_monitor[0m[2m:[0m 📨 Processing new pending transaction: 0xb5cbe4a7a86d34c7a27f74abfc73d90ebe30761de739f5c905ac34068ff3dea9
[2m2025-12-10T10:10:12.606700Z[0m [34mDEBUG[0m [2methereum_transaction_pool_monitor::mempool_monitor[0m[2m:[0m 🔍 Fetching transaction details for: 0xb5cbe4a7a86d34c7a27f74abfc73d90ebe30761de739f5c905ac34068ff3dea9
[2m2025-12-10T10:10:12.606707Z[0m [34mDEBUG[0m [2methereum_transaction_pool_monitor::eth_client[0m[2m:[0m 🔍 Fetching transaction details for hash: 0xb5cbe4a7a86d34c7a27f74abfc73d90ebe30761de739f5c905ac34068ff3dea9
[2m2025-12-10T10:10:12.606727Z[0m [34mDEBUG[0m [2mhyper::client::pool[0m[2m:[0m reuse idle connection for ("http", 192.168.0.14:8545)
[2m2025-12-10T10:10:12.606764Z[0m [34mDEBUG[0m [2mhyper::proto::h1::io[0m[2m:[0m flushed 250 bytes
[2m2025-12-10T10:10:12.606785Z[0m [34mDEBUG[0m [2mhyper::client::pool[0m[2m:[0m reuse idle connection for ("http", 192.168.0.14:8545)
[2m2025-12-10T10:10:12.606795Z[0m [34mDEBUG[0m [2methereum_transaction_pool_monitor::eth_client[0m[2m:[0m 📨 Received WebSocket message: {"jsonrpc":"2.0","method":"eth_subscription","params":{"subscription":"0xbed0a0851463e895960a451075a301a9","result":"0x8ed0a7230cc8c557eab447490665611ec2c14f28144e4e2570cd4ede757d5620"}}
[2m2025-12-10T10:10:12.606809Z[0m [34mDEBUG[0m [2methereum_transaction_pool_monitor::eth_client[0m[2m:[0m 📨 Received pending transaction: 0x8ed0a7230cc8c557eab447490665611ec2c14f28144e4e2570cd4ede757d5620
[2m2025-12-10T10:10:12.606798Z[0m [34mDEBUG[0m [2mhyper::proto::h1::io[0m[2m:[0m flushed 172 bytes
[2m2025-12-10T10:10:12.611950Z[0m [34mDEBUG[0m [2mhyper::proto::h1::io[0m[2m:[0m parsed 4 headers
[2m2025-12-10T10:10:12.611956Z[0m [34mDEBUG[0m [2mhyper::proto::h1::conn[0m[2m:[0m incoming body is content-length (644 bytes)
[2m2025-12-10T10:10:12.611963Z[0m [34mDEBUG[0m [2mhyper::proto::h1::conn[0m[2m:[0m incoming body completed
[2m2025-12-10T10:10:12.611972Z[0m [34mDEBUG[0m [2mhyper::client::pool[0m[2m:[0m pooling idle connection for ("http", 192.168.0.14:8545)
[2m2025-12-10T10:10:12.611978Z[0m [34mDEBUG[0m [2methereum_transaction_pool_monitor::eth_client[0m[2m:[0m 📡 Transaction fetch RPC completed in 5.2645ms
[2m2025-12-10T10:10:12.683062Z[0m [34mDEBUG[0m [2methereum_transaction_pool_monitor::eth_client[0m[2m:[0m ✅ Transaction 0xb5cbe4a7a86d34c7a27f74abfc73d90ebe30761de739f5c905ac34068ff3dea9 fetched and parsed in 76.346167ms
[2m2025-12-10T10:10:12.683088Z[0m [34mDEBUG[0m [2methereum_transaction_pool_monitor::mempool_monitor[0m[2m:[0m 🔍 Skipping tx 0xb5cbe4a7a86d34c7a27f74abfc73d90ebe30761de739f5c905ac34068ff3dea9 - not a DEX interaction (target: 0x17E5545B11b468072283Cee1F066a059Fb0dbF24)
[2m2025-12-10T10:10:12.683099Z[0m [34mDEBUG[0m [2methereum_transaction_pool_monitor::mempool_monitor[0m[2m:[0m 📨 Processing new pending transaction: 0xa0d22bce2f4464761cb0a6ba5614f3853f775fb835d9ca2f24c570efc2a7b3b7
[2m2025-12-10T10:10:12.683106Z[0m [34mDEBUG[0m [2methereum_transaction_pool_monitor::mempool_monitor[0m[2m:[0m 🔍 Fetching transaction details for: 0xa0d22bce2f4464761cb0a6ba5614f3853f775fb835d9ca2f24c570efc2a7b3b7
[2m2025-12-10T10:10:12.683112Z[0m [34mDEBUG[0m [2methereum_transaction_pool_monitor::eth_client[0m[2m:[0m 🔍 Fetching transaction details for hash: 0xa0d22bce2f4464761cb0a6ba5614f3853f775fb835d9ca2f24c570efc2a7b3b7
[2m2025-12-10T10:10:12.683131Z[0m [34mDEBUG[0m [2mhyper::client::pool[0m[2m:[0m reuse idle connection for ("http", 192.168.0.14:8545)
[2m2025-12-10T10:10:12.683168Z[0m [34mDEBUG[0m [2mhyper::proto::h1::io[0m[2m:[0m flushed 250 bytes
[2m2025-12-10T10:10:12.683186Z[0m [34mDEBUG[0m [2mhyper::proto::h1::io[0m[2m:[0m parsed 4 headers
[2m2025-12-10T10:10:12.683192Z[0m [34mDEBUG[0m [2mhyper::proto::h1::conn[0m[2m:[0m incoming body is content-length (45 bytes)
[2m2025-12-10T10:10:12.683203Z[0m [34mDEBUG[0m [2mhyper::proto::h1::conn[0m[2m:[0m incoming body completed
[2m2025-12-10T10:10:12.683213Z[0m [34mDEBUG[0m [2mhyper::client::pool[0m[2m:[0m pooling idle connection for ("http", 192.168.0.14:8545)
[2m2025-12-10T10:10:12.687185Z[0m [34mDEBUG[0m [2mhyper::proto::h1::io[0m[2m:[0m parsed 4 headers
[2m2025-12-10T10:10:12.687206Z[0m [34mDEBUG[0m [2mhyper::proto::h1::conn[0m[2m:[0m incoming body is content-length (777 bytes)
[2m2025-12-10T10:10:12.687225Z[0m [34mDEBUG[0m [2mhyper::proto::h1::conn[0m[2m:[0m incoming body completed
[2m2025-12-10T10:10:12.687242Z[0m [34mDEBUG[0m [2mhyper::client::pool[0m[2m:[0m pooling idle connection for ("http", 192.168.0.14:8545)
[2m2025-12-10T10:10:12.687246Z[0m [34mDEBUG[0m [2methereum_transaction_pool_monitor::eth_client[0m[2m:[0m 📡 Transaction fetch RPC completed in 4.130167ms
[2m2025-12-10T10:10:12.758725Z[0m [34mDEBUG[0m [2methereum_transaction_pool_monitor::eth_client[0m[2m:[0m ✅ Transaction 0xa0d22bce2f4464761cb0a6ba5614f3853f775fb835d9ca2f24c570efc2a7b3b7 fetched and parsed in 75.606833ms
[2m2025-12-10T10:10:12.758754Z[0m [34mDEBUG[0m [2methereum_transaction_pool_monitor::mempool_monitor[0m[2m:[0m 🔍 Skipping tx 0xa0d22bce2f4464761cb0a6ba5614f3853f775fb835d9ca2f24c570efc2a7b3b7 - not a DEX interaction (target: 0x3845badAde8e6dFF049820680d1F14bD3903a5d0)
[2m2025-12-10T10:10:12.758765Z[0m [34mDEBUG[0m [2methereum_transaction_pool_monitor::mempool_monitor[0m[2m:[0m 📨 Processing new pending transaction: 0xafa041618f07df15221e68c8e6973905b0cde03f3b8a9774a79b7583d4e2203c
[2m2025-12-10T10:10:12.758773Z[0m [34mDEBUG[0m [2methereum_transaction_pool_monitor::mempool_monitor[0m[2m:[0m 🔍 Fetching transaction details for: 0xafa041618f07df15221e68c8e6973905b0cde03f3b8a9774a79b7583d4e2203c
[2m2025-12-10T10:10:12.758779Z[0m [34mDEBUG[0m [2methereum_transaction_pool_monitor::eth_client[0m[2m:[0m 🔍 Fetching transaction details for hash: 0xafa041618f07df15221e68c8e6973905b0cde03f3b8a9774a79b7583d4e2203c
[2m2025-12-10T10:10:12.758800Z[0m [34mDEBUG[0m [2mhyper::client::pool[0m[2m:[0m reuse idle connection for ("http", 192.168.0.14:8545)
[2m2025-12-10T10:10:12.758836Z[0m [34mDEBUG[0m [2mhyper::proto::h1::io[0m[2m:[0m flushed 250 bytes
[2m2025-12-10T10:10:12.758864Z[0m [34mDEBUG[0m [2mhyper::client::pool[0m[2m:[0m reuse idle connection for ("http", 192.168.0.14:8545)
[2m2025-12-10T10:10:12.758883Z[0m [34mDEBUG[0m [2mhyper::proto::h1::io[0m[2m:[0m flushed 172 bytes
[2m2025-12-10T10:10:12.769745Z[0m [34mDEBUG[0m [2mhyper::proto::h1::io[0m[2m:[0m parsed 4 headers
[2m2025-12-10T10:10:12.769769Z[0m [34mDEBUG[0m [2mhyper::proto::h1::conn[0m[2m:[0m incoming body is content-length (45 bytes)
[2m2025-12-10T10:10:12.769795Z[0m [34mDEBUG[0m [2mhyper::proto::h1::conn[0m[2m:[0m incoming body completed
[2m2025-12-10T10:10:12.769807Z[0m [34mDEBUG[0m [2mhyper::client::pool[0m[2m:[0m pooling idle connection for ("http", 192.168.0.14:8545)
[2m2025-12-10T10:10:12.774420Z[0m [34mDEBUG[0m [2mhyper::proto::h1::io[0m[2m:[0m parsed 4 headers
[2m2025-12-10T10:10:12.774441Z[0m [34mDEBUG[0m [2mhyper::proto::h1::conn[0m[2m:[0m incoming body is content-length (704 bytes)
[2m2025-12-10T10:10:12.774460Z[0m [34mDEBUG[0m [2mhyper::proto::h1::conn[0m[2m:[0m incoming body completed
[2m2025-12-10T10:10:12.774480Z[0m [34mDEBUG[0m [2mhyper::client::pool[0m[2m:[0m pooling idle connection for ("http", 192.168.0.14:8545)
[2m2025-12-10T10:10:12.774485Z[0m [34mDEBUG[0m [2methereum_transaction_pool_monitor::eth_client[0m[2m:[0m 📡 Transaction fetch RPC completed in 15.699125ms
[2m2025-12-10T10:10:12.846144Z[0m [34mDEBUG[0m [2methereum_transaction_pool_monitor::eth_client[0m[2m:[0m ✅ Transaction 0xafa041618f07df15221e68c8e6973905b0cde03f3b8a9774a79b7583d4e2203c fetched and parsed in 87.356208ms
[2m2025-12-10T10:10:12.846173Z[0m [34mDEBUG[0m [2methereum_transaction_pool_monitor::mempool_monitor[0m[2m:[0m 🔍 Skipping tx 0xafa041618f07df15221e68c8e6973905b0cde03f3b8a9774a79b7583d4e2203c - not a DEX interaction (target: 0xA0b86991c6218b36c1d19D4a2e9Eb0cE3606eB48)
[2m2025-12-10T10:10:12.846187Z[0m [34mDEBUG[0m [2methereum_transaction_pool_monitor::mempool_monitor[0m[2m:[0m 📨 Processing new pending transaction: 0x3cf739a5fc55dc0672790039e8953d3b8f6cef0b3842822ba02e88d2e7a78936
[2m2025-12-10T10:10:12.846202Z[0m [34mDEBUG[0m [2methereum_transaction_pool_monitor::mempool_monitor[0m[2m:[0m 🔍 Fetching transaction details for: 0x3cf739a5fc55dc0672790039e8953d3b8f6cef0b3842822ba02e88d2e7a78936
[2m2025-12-10T10:10:12.846208Z[0m [34mDEBUG[0m [2methereum_transaction_pool_monitor::eth_client[0m[2m:[0m 🔍 Fetching transaction details for hash: 0x3cf739a5fc55dc0672790039e8953d3b8f6cef0b3842822ba02e88d2e7a78936
[2m2025-12-10T10:10:12.846227Z[0m [34mDEBUG[0m [2mhyper::client::pool[0m[2m:[0m reuse idle connection for ("http", 192.168.0.14:8545)
[2m2025-12-10T10:10:12.846263Z[0m [34mDEBUG[0m [2mhyper::proto::h1::io[0m[2m:[0m flushed 250 bytes
[2m2025-12-10T10:10:12.846294Z[0m [34mDEBUG[0m [2mhyper::client::pool[0m[2m:[0m reuse idle connection for ("http", 192.168.0.14:8545)
[2m2025-12-10T10:10:12.846310Z[0m [34mDEBUG[0m [2mhyper::proto::h1::io[0m[2m:[0m flushed 172 bytes
[2m2025-12-10T10:10:12.852383Z[0m [34mDEBUG[0m [2mhyper::proto::h1::io[0m[2m:[0m parsed 4 headers
[2m2025-12-10T10:10:12.852405Z[0m [34mDEBUG[0m [2mhyper::proto::h1::conn[0m[2m:[0m incoming body is content-length (675 bytes)
[2m2025-12-10T10:10:12.852439Z[0m [34mDEBUG[0m [2mhyper::proto::h1::conn[0m[2m:[0m incoming body completed
[2m2025-12-10T10:10:12.852463Z[0m [34mDEBUG[0m [2mhyper::client::pool[0m[2m:[0m pooling idle connection for ("http", 192.168.0.14:8545)
[2m2025-12-10T10:10:12.852471Z[0m [34mDEBUG[0m [2methereum_transaction_pool_monitor::eth_client[0m[2m:[0m 📡 Transaction fetch RPC completed in 6.256708ms
[2m2025-12-10T10:10:12.852486Z[0m [34mDEBUG[0m [2methereum_transaction_pool_monitor::eth_client[0m[2m:[0m DeFi transaction detected - Address: 0xdac17f958d2ee523a2206206994597c13d831ec7, Type: Stablecoin, Value: 0 ETH, Gas: 1.00 Gwei
[2m2025-12-10T10:10:12.852504Z[0m [34mDEBUG[0m [2methereum_transaction_pool_monitor::eth_client[0m[2m:[0m ✅ Transaction 0x3cf739a5fc55dc0672790039e8953d3b8f6cef0b3842822ba02e88d2e7a78936 fetched and parsed in 6.289833ms
[2m2025-12-10T10:10:12.852513Z[0m [34mDEBUG[0m [2methereum_transaction_pool_monitor::mempool_monitor[0m[2m:[0m 🔍 Skipping tx 0x3cf739a5fc55dc0672790039e8953d3b8f6cef0b3842822ba02e88d2e7a78936 - not a DEX interaction (target: 0xdAC17F958D2ee523a2206206994597C13D831ec7)
[2m2025-12-10T10:10:12.852522Z[0m [34mDEBUG[0m [2methereum_transaction_pool_monitor::mempool_monitor[0m[2m:[0m 📨 Processing new pending transaction: 0xd35c8d5062ea013ee2414f394b717d070a50248dbfb4b7f6c430088ab655d5b6
[2m2025-12-10T10:10:12.852530Z[0m [34mDEBUG[0m [2methereum_transaction_pool_monitor::mempool_monitor[0m[2m:[0m 🔍 Fetching transaction details for: 0xd35c8d5062ea013ee2414f394b717d070a50248dbfb4b7f6c430088ab655d5b6
[2m2025-12-10T10:10:12.852534Z[0m [34mDEBUG[0m [2methereum_transaction_pool_monitor::eth_client[0m[2m:[0m 🔍 Fetching transaction details for hash: 0xd35c8d5062ea013ee2414f394b717d070a50248dbfb4b7f6c430088ab655d5b6
[2m2025-12-10T10:10:12.852541Z[0m [34mDEBUG[0m [2mhyper::client::pool[0m[2m:[0m reuse idle connection for ("http", 192.168.0.14:8545)
[2m2025-12-10T10:10:12.852556Z[0m [34mDEBUG[0m [2mhyper::proto::h1::io[0m[2m:[0m flushed 250 bytes
[2m2025-12-10T10:10:12.852565Z[0m [34mDEBUG[0m [2mhyper::proto::h1::io[0m[2m:[0m parsed 4 headers
[2m2025-12-10T10:10:12.852569Z[0m [34mDEBUG[0m [2mhyper::proto::h1::conn[0m[2m:[0m incoming body is content-length (45 bytes)
[2m2025-12-10T10:10:12.852574Z[0m [34mDEBUG[0m [2mhyper::proto::h1::conn[0m[2m:[0m incoming body completed
[2m2025-12-10T10:10:12.852580Z[0m [34mDEBUG[0m [2mhyper::client::pool[0m[2m:[0m pooling idle connection for ("http", 192.168.0.14:8545)
[2m2025-12-10T10:10:12.861574Z[0m [34mDEBUG[0m [2mhyper::proto::h1::io[0m[2m:[0m parsed 4 headers
[2m2025-12-10T10:10:12.861580Z[0m [34mDEBUG[0m [2mhyper::proto::h1::conn[0m[2m:[0m incoming body is content-length (643 bytes)
[2m2025-12-10T10:10:12.861584Z[0m [34mDEBUG[0m [2mhyper::proto::h1::conn[0m[2m:[0m incoming body completed
[2m2025-12-10T10:10:12.861588Z[0m [34mDEBUG[0m [2mhyper::client::pool[0m[2m:[0m pooling idle connection for ("http", 192.168.0.14:8545)
[2m2025-12-10T10:10:12.861593Z[0m [34mDEBUG[0m [2methereum_transaction_pool_monitor::eth_client[0m[2m:[0m 📡 Transaction fetch RPC completed in 9.055625ms
[2m2025-12-10T10:10:12.929395Z[0m [34mDEBUG[0m [2methereum_transaction_pool_monitor::eth_client[0m[2m:[0m ✅ Transaction 0xd35c8d5062ea013ee2414f394b717d070a50248dbfb4b7f6c430088ab655d5b6 fetched and parsed in 76.855041ms
[2m2025-12-10T10:10:12.929420Z[0m [34mDEBUG[0m [2methereum_transaction_pool_monitor::mempool_monitor[0m[2m:[0m 🔍 Skipping tx 0xd35c8d5062ea013ee2414f394b717d070a50248dbfb4b7f6c430088ab655d5b6 - not a DEX interaction (target: 0x307576Dd4F73f91BB8c4A2EdB762938E8e067d31)
[2m2025-12-10T10:10:12.929431Z[0m [34mDEBUG[0m [2methereum_transaction_pool_monitor::mempool_monitor[0m[2m:[0m 📨 Processing new pending transaction: 0x3b3ae6e3a7034552eccc12457d09a5c4f8cbca9308f2273a8fde8a8bd70014bb
[2m2025-12-10T10:10:12.929437Z[0m [34mDEBUG[0m [2methereum_transaction_pool_monitor::mempool_monitor[0m[2m:[0m 🔍 Fetching transaction details for: 0x3b3ae6e3a7034552eccc12457d09a5c4f8cbca9308f2273a8fde8a8bd70014bb
[2m2025-12-10T10:10:12.929443Z[0m [34mDEBUG[0m [2methereum_transaction_pool_monitor::eth_client[0m[2m:[0m 🔍 Fetching transaction details for hash: 0x3b3ae6e3a7034552eccc12457d09a5c4f8cbca9308f2273a8fde8a8bd70014bb
[2m2025-12-10T10:10:12.929462Z[0m [34mDEBUG[0m [2mhyper::client::pool[0m[2m:[0m reuse idle connection for ("http", 192.168.0.14:8545)
[2m2025-12-10T10:10:12.929497Z[0m [34mDEBUG[0m [2mhyper::proto::h1::io[0m[2m:[0m flushed 250 bytes
[2m2025-12-10T10:10:12.929518Z[0m [34mDEBUG[0m [2mhyper::client::pool[0m[2m:[0m reuse idle connection for ("http", 192.168.0.14:8545)
[2m2025-12-10T10:10:12.929529Z[0m [34mDEBUG[0m [2methereum_transaction_pool_monitor::eth_client[0m[2m:[0m 📨 Received WebSocket message: {"jsonrpc":"2.0","method":"eth_subscription","params":{"subscription":"0xbed0a0851463e895960a451075a301a9","result":"0x08953217877c80a36eba48da8a35ec919d0bf8f989721c955f3ed1ace08d075f"}}
[2m2025-12-10T10:10:12.929531Z[0m [34mDEBUG[0m [2mhyper::proto::h1::io[0m[2m:[0m flushed 172 bytes
[2m2025-12-10T10:10:12.929542Z[0m [34mDEBUG[0m [2methereum_transaction_pool_monitor::eth_client[0m[2m:[0m 📨 Received pending transaction: 0x08953217877c80a36eba48da8a35ec919d0bf8f989721c955f3ed1ace08d075f
[2m2025-12-10T10:10:12.929560Z[0m [34mDEBUG[0m [2methereum_transaction_pool_monitor::eth_client[0m[2m:[0m 📨 Received WebSocket message: {"jsonrpc":"2.0","method":"eth_subscription","params":{"subscription":"0xbed0a0851463e895960a451075a301a9","result":"0xf259cfad906b0ee0e072004eb4e1807cde3b58d1dce5f00ad1f45280318eab1b"}}
[2m2025-12-10T10:10:12.929569Z[0m [34mDEBUG[0m [2methereum_transaction_pool_monitor::eth_client[0m[2m:[0m 📨 Received pending transaction: 0xf259cfad906b0ee0e072004eb4e1807cde3b58d1dce5f00ad1f45280318eab1b
[2m2025-12-10T10:10:12.929575Z[0m [34mDEBUG[0m [2methereum_transaction_pool_monitor::eth_client[0m[2m:[0m 📨 Received WebSocket message: {"jsonrpc":"2.0","method":"eth_subscription","params":{"subscription":"0xbed0a0851463e895960a451075a301a9","result":"0xaa87d8716ddc159a0d6faf6ac0d24038c2ab55606a93e911dcea2bc66d5dfcef"}}
[2m2025-12-10T10:10:12.929581Z[0m [34mDEBUG[0m [2methereum_transaction_pool_monitor::eth_client[0m[2m:[0m 📨 Received pending transaction: 0xaa87d8716ddc159a0d6faf6ac0d24038c2ab55606a93e911dcea2bc66d5dfcef
[2m2025-12-10T10:10:12.934293Z[0m [34mDEBUG[0m [2mhyper::proto::h1::io[0m[2m:[0m parsed 4 headers
[2m2025-12-10T10:10:12.938513Z[0m [34mDEBUG[0m [2mhyper::proto::h1::conn[0m[2m:[0m incoming body is content-length (675 bytes)
[2m2025-12-10T10:10:12.938546Z[0m [34mDEBUG[0m [2mhyper::proto::h1::conn[0m[2m:[0m incoming body completed
[2m2025-12-10T10:10:12.938557Z[0m [34mDEBUG[0m [2mhyper::client::pool[0m[2m:[0m pooling idle connection for ("http", 192.168.0.14:8545)
[2m2025-12-10T10:10:12.938564Z[0m [34mDEBUG[0m [2methereum_transaction_pool_monitor::eth_client[0m[2m:[0m 📡 Transaction fetch RPC completed in 9.116125ms
[2m2025-12-10T10:10:12.938582Z[0m [34mDEBUG[0m [2methereum_transaction_pool_monitor::eth_client[0m[2m:[0m DeFi transaction detected - Address: 0xdac17f958d2ee523a2206206994597c13d831ec7, Type: Stablecoin, Value: 0 ETH, Gas: 1.00 Gwei
[2m2025-12-10T10:10:12.938600Z[0m [34mDEBUG[0m [2methereum_transaction_pool_monitor::eth_client[0m[2m:[0m ✅ Transaction 0x3b3ae6e3a7034552eccc12457d09a5c4f8cbca9308f2273a8fde8a8bd70014bb fetched and parsed in 9.152333ms
[2m2025-12-10T10:10:12.938607Z[0m [34mDEBUG[0m [2methereum_transaction_pool_monitor::mempool_monitor[0m[2m:[0m 🔍 Skipping tx 0x3b3ae6e3a7034552eccc12457d09a5c4f8cbca9308f2273a8fde8a8bd70014bb - not a DEX interaction (target: 0xdAC17F958D2ee523a2206206994597C13D831ec7)
[2m2025-12-10T10:10:12.938613Z[0m [34mDEBUG[0m [2methereum_transaction_pool_monitor::mempool_monitor[0m[2m:[0m 📨 Processing new pending transaction: 0x7641c52842c5f02523a4647bb0827a1ddd5b06940ad2e28d20a1317568423ef6
[2m2025-12-10T10:10:12.938619Z[0m [34mDEBUG[0m [2methereum_transaction_pool_monitor::mempool_monitor[0m[2m:[0m 🔍 Fetching transaction details for: 0x7641c52842c5f02523a4647bb0827a1ddd5b06940ad2e28d20a1317568423ef6
[2m2025-12-10T10:10:12.938626Z[0m [34mDEBUG[0m [2methereum_transaction_pool_monitor::eth_client[0m[2m:[0m 🔍 Fetching transaction details for hash: 0x7641c52842c5f02523a4647bb0827a1ddd5b06940ad2e28d20a1317568423ef6
[2m2025-12-10T10:10:12.938636Z[0m [34mDEBUG[0m [2mhyper::client::pool[0m[2m:[0m reuse idle connection for ("http", 192.168.0.14:8545)
[2m2025-12-10T10:10:12.938653Z[0m [34mDEBUG[0m [2mhyper::proto::h1::io[0m[2m:[0m flushed 250 bytes
[2m2025-12-10T10:10:12.938663Z[0m [34mDEBUG[0m [2mhyper::proto::h1::io[0m[2m:[0m parsed 4 headers
[2m2025-12-10T10:10:12.938669Z[0m [34mDEBUG[0m [2mhyper::proto::h1::conn[0m[2m:[0m incoming body is content-length (45 bytes)
[2m2025-12-10T10:10:12.938674Z[0m [34mDEBUG[0m [2mhyper::proto::h1::conn[0m[2m:[0m incoming body completed
[2m2025-12-10T10:10:12.938679Z[0m [34mDEBUG[0m [2mhyper::client::pool[0m[2m:[0m pooling idle connection for ("http", 192.168.0.14:8545)
[2m2025-12-10T10:10:12.944834Z[0m [34mDEBUG[0m [2mhyper::proto::h1::io[0m[2m:[0m parsed 4 headers
[2m2025-12-10T10:10:12.944854Z[0m [34mDEBUG[0m [2mhyper::proto::h1::conn[0m[2m:[0m incoming body is content-length (644 bytes)
[2m2025-12-10T10:10:12.944872Z[0m [34mDEBUG[0m [2mhyper::proto::h1::conn[0m[2m:[0m incoming body completed
[2m2025-12-10T10:10:12.944890Z[0m [34mDEBUG[0m [2mhyper::client::pool[0m[2m:[0m pooling idle connection for ("http", 192.168.0.14:8545)
[2m2025-12-10T10:10:12.944896Z[0m [34mDEBUG[0m [2methereum_transaction_pool_monitor::eth_client[0m[2m:[0m 📡 Transaction fetch RPC completed in 6.264ms
[2m2025-12-10T10:10:13.015260Z[0m [34mDEBUG[0m [2methereum_transaction_pool_monitor::eth_client[0m[2m:[0m ✅ Transaction 0x7641c52842c5f02523a4647bb0827a1ddd5b06940ad2e28d20a1317568423ef6 fetched and parsed in 76.625167ms
[2m2025-12-10T10:10:13.015288Z[0m [34mDEBUG[0m [2methereum_transaction_pool_monitor::mempool_monitor[0m[2m:[0m 🔍 Skipping tx 0x7641c52842c5f02523a4647bb0827a1ddd5b06940ad2e28d20a1317568423ef6 - not a DEX interaction (target: 0x3FBd55bbFbb36f45167c9abe1396a4E5A192E8fb)
[2m2025-12-10T10:10:13.015298Z[0m [34mDEBUG[0m [2methereum_transaction_pool_monitor::mempool_monitor[0m[2m:[0m 📨 Processing new pending transaction: 0x1fe46d18b08dcdb880e5cb53a6f354b88353d6c51006663b399a6b36e1c4b2c4
[2m2025-12-10T10:10:13.015305Z[0m [34mDEBUG[0m [2methereum_transaction_pool_monitor::mempool_monitor[0m[2m:[0m 🔍 Fetching transaction details for: 0x1fe46d18b08dcdb880e5cb53a6f354b88353d6c51006663b399a6b36e1c4b2c4
[2m2025-12-10T10:10:13.015311Z[0m [34mDEBUG[0m [2methereum_transaction_pool_monitor::eth_client[0m[2m:[0m 🔍 Fetching transaction details for hash: 0x1fe46d18b08dcdb880e5cb53a6f354b88353d6c51006663b399a6b36e1c4b2c4
[2m2025-12-10T10:10:13.015329Z[0m [34mDEBUG[0m [2mhyper::client::pool[0m[2m:[0m reuse idle connection for ("http", 192.168.0.14:8545)
[2m2025-12-10T10:10:13.015374Z[0m [34mDEBUG[0m [2mhyper::proto::h1::io[0m[2m:[0m flushed 250 bytes
[2m2025-12-10T10:10:13.015402Z[0m [34mDEBUG[0m [2mhyper::client::pool[0m[2m:[0m reuse idle connection for ("http", 192.168.0.14:8545)
[2m2025-12-10T10:10:13.015417Z[0m [34mDEBUG[0m [2mhyper::proto::h1::io[0m[2m:[0m flushed 172 bytes
[2m2025-12-10T10:10:13.018649Z[0m [34mDEBUG[0m [2mhyper::proto::h1::io[0m[2m:[0m parsed 4 headers
[2m2025-12-10T10:10:13.018673Z[0m [34mDEBUG[0m [2mhyper::proto::h1::conn[0m[2m:[0m incoming body is content-length (45 bytes)
[2m2025-12-10T10:10:13.018697Z[0m [34mDEBUG[0m [2mhyper::proto::h1::conn[0m[2m:[0m incoming body completed
[2m2025-12-10T10:10:13.018708Z[0m [34mDEBUG[0m [2mhyper::client::pool[0m[2m:[0m pooling idle connection for ("http", 192.168.0.14:8545)
[2m2025-12-10T10:10:13.019220Z[0m [34mDEBUG[0m [2mhyper::proto::h1::io[0m[2m:[0m parsed 4 headers
[2m2025-12-10T10:10:13.019228Z[0m [34mDEBUG[0m [2mhyper::proto::h1::conn[0m[2m:[0m incoming body is content-length (552 bytes)
[2m2025-12-10T10:10:13.019235Z[0m [34mDEBUG[0m [2mhyper::proto::h1::conn[0m[2m:[0m incoming body completed
[2m2025-12-10T10:10:13.019242Z[0m [34mDEBUG[0m [2mhyper::client::pool[0m[2m:[0m pooling idle connection for ("http", 192.168.0.14:8545)
[2m2025-12-10T10:10:13.019254Z[0m [34mDEBUG[0m [2methereum_transaction_pool_monitor::eth_client[0m[2m:[0m 📡 Transaction fetch RPC completed in 3.9385ms
[2m2025-12-10T10:10:13.090647Z[0m [34mDEBUG[0m [2methereum_transaction_pool_monitor::eth_client[0m[2m:[0m ✅ Transaction 0x1fe46d18b08dcdb880e5cb53a6f354b88353d6c51006663b399a6b36e1c4b2c4 fetched and parsed in 75.329541ms
[2m2025-12-10T10:10:13.090675Z[0m [34mDEBUG[0m [2methereum_transaction_pool_monitor::mempool_monitor[0m[2m:[0m 🔍 Skipping tx 0x1fe46d18b08dcdb880e5cb53a6f354b88353d6c51006663b399a6b36e1c4b2c4 - not a DEX interaction (target: 0x1f820d605313ff4BD948DEAc57528D40165e68E8)
[2m2025-12-10T10:10:13.090686Z[0m [34mDEBUG[0m [2methereum_transaction_pool_monitor::mempool_monitor[0m[2m:[0m 📨 Processing new pending transaction: 0xfe3edb27c5910fe3239ba5bd0a0a19c5a3f85be88aeebb03ae39f537547127d7
[2m2025-12-10T10:10:13.090697Z[0m [34mDEBUG[0m [2methereum_transaction_pool_monitor::mempool_monitor[0m[2m:[0m 🔍 Fetching transaction details for: 0xfe3edb27c5910fe3239ba5bd0a0a19c5a3f85be88aeebb03ae39f537547127d7
[2m2025-12-10T10:10:13.090708Z[0m [34mDEBUG[0m [2methereum_transaction_pool_monitor::eth_client[0m[2m:[0m 🔍 Fetching transaction details for hash: 0xfe3edb27c5910fe3239ba5bd0a0a19c5a3f85be88aeebb03ae39f537547127d7
[2m2025-12-10T10:10:13.090730Z[0m [34mDEBUG[0m [2mhyper::client::pool[0m[2m:[0m reuse idle connection for ("http", 192.168.0.14:8545)
[2m2025-12-10T10:10:13.090770Z[0m [34mDEBUG[0m [2mhyper::proto::h1::io[0m[2m:[0m flushed 250 bytes
[2m2025-12-10T10:10:13.096689Z[0m [34mDEBUG[0m [2mhyper::client::pool[0m[2m:[0m reuse idle connection for ("http", 192.168.0.14:8545)
[2m2025-12-10T10:10:13.096692Z[0m [34mDEBUG[0m [2mhyper::proto::h1::io[0m[2m:[0m parsed 4 headers
[2m2025-12-10T10:10:13.096710Z[0m [34mDEBUG[0m [2mhyper::proto::h1::conn[0m[2m:[0m incoming body is content-length (769 bytes)
[2m2025-12-10T10:10:13.096718Z[0m [34mDEBUG[0m [2mhyper::proto::h1::io[0m[2m:[0m flushed 172 bytes
[2m2025-12-10T10:10:13.096720Z[0m [34mDEBUG[0m [2mhyper::proto::h1::conn[0m[2m:[0m incoming body completed
[2m2025-12-10T10:10:13.096735Z[0m [34mDEBUG[0m [2mhyper::client::pool[0m[2m:[0m pooling idle connection for ("http", 192.168.0.14:8545)
[2m2025-12-10T10:10:13.096743Z[0m [34mDEBUG[0m [2methereum_transaction_pool_monitor::eth_client[0m[2m:[0m 📡 Transaction fetch RPC completed in 6.024958ms
[2m2025-12-10T10:10:13.096761Z[0m [34mDEBUG[0m [2methereum_transaction_pool_monitor::eth_client[0m[2m:[0m DeFi transaction detected - Address: 0xdac17f958d2ee523a2206206994597c13d831ec7, Type: Stablecoin, Value: 0 ETH, Gas: 1.75 Gwei
[2m2025-12-10T10:10:13.096772Z[0m [34mDEBUG[0m [2methereum_transaction_pool_monitor::eth_client[0m[2m:[0m ✅ Transaction 0xfe3edb27c5910fe3239ba5bd0a0a19c5a3f85be88aeebb03ae39f537547127d7 fetched and parsed in 6.054666ms
[2m2025-12-10T10:10:13.096778Z[0m [34mDEBUG[0m [2methereum_transaction_pool_monitor::mempool_monitor[0m[2m:[0m 🔍 Skipping tx 0xfe3edb27c5910fe3239ba5bd0a0a19c5a3f85be88aeebb03ae39f537547127d7 - not a DEX interaction (target: 0xdAC17F958D2ee523a2206206994597C13D831ec7)
[2m2025-12-10T10:10:13.096783Z[0m [34mDEBUG[0m [2methereum_transaction_pool_monitor::mempool_monitor[0m[2m:[0m 📨 Processing new pending transaction: 0x0c84c7a0f5f2ae8939bf77d7efe28f4f6760c9bac2f7552799a7c565185fcf40
[2m2025-12-10T10:10:13.096787Z[0m [34mDEBUG[0m [2methereum_transaction_pool_monitor::mempool_monitor[0m[2m:[0m 🔍 Fetching transaction details for: 0x0c84c7a0f5f2ae8939bf77d7efe28f4f6760c9bac2f7552799a7c565185fcf40
[2m2025-12-10T10:10:13.096791Z[0m [34mDEBUG[0m [2methereum_transaction_pool_monitor::eth_client[0m[2m:[0m 🔍 Fetching transaction details for hash: 0x0c84c7a0f5f2ae8939bf77d7efe28f4f6760c9bac2f7552799a7c565185fcf40
[2m2025-12-10T10:10:13.096797Z[0m [34mDEBUG[0m [2mhyper::client::pool[0m[2m:[0m reuse idle connection for ("http", 192.168.0.14:8545)
[2m2025-12-10T10:10:13.096810Z[0m [34mDEBUG[0m [2mhyper::proto::h1::io[0m[2m:[0m flushed 250 bytes
[2m2025-12-10T10:10:13.100527Z[0m [34mDEBUG[0m [2mhyper::proto::h1::io[0m[2m:[0m parsed 4 headers
[2m2025-12-10T10:10:13.100548Z[0m [34mDEBUG[0m [2mhyper::proto::h1::conn[0m[2m:[0m incoming body is content-length (45 bytes)
[2m2025-12-10T10:10:13.100566Z[0m [34mDEBUG[0m [2mhyper::proto::h1::conn[0m[2m:[0m incoming body completed
[2m2025-12-10T10:10:13.100591Z[0m [34mDEBUG[0m [2mhyper::client::pool[0m[2m:[0m pooling idle connection for ("http", 192.168.0.14:8545)
[2m2025-12-10T10:10:13.101115Z[0m [34mDEBUG[0m [2mhyper::proto::h1::io[0m[2m:[0m parsed 4 headers
[2m2025-12-10T10:10:13.101119Z[0m [34mDEBUG[0m [2mhyper::proto::h1::conn[0m[2m:[0m incoming body is content-length (675 bytes)
[2m2025-12-10T10:10:13.101123Z[0m [34mDEBUG[0m [2mhyper::proto::h1::conn[0m[2m:[0m incoming body completed
[2m2025-12-10T10:10:13.101128Z[0m [34mDEBUG[0m [2mhyper::client::pool[0m[2m:[0m pooling idle connection for ("http", 192.168.0.14:8545)
[2m2025-12-10T10:10:13.101134Z[0m [34mDEBUG[0m [2methereum_transaction_pool_monitor::eth_client[0m[2m:[0m 📡 Transaction fetch RPC completed in 4.339209ms
[2m2025-12-10T10:10:13.101143Z[0m [34mDEBUG[0m [2methereum_transaction_pool_monitor::eth_client[0m[2m:[0m DeFi transaction detected - Address: 0xdac17f958d2ee523a2206206994597c13d831ec7, Type: Stablecoin, Value: 0 ETH, Gas: 0.28 Gwei
[2m2025-12-10T10:10:13.101155Z[0m [34mDEBUG[0m [2methereum_transaction_pool_monitor::eth_client[0m[2m:[0m ✅ Transaction 0x0c84c7a0f5f2ae8939bf77d7efe28f4f6760c9bac2f7552799a7c565185fcf40 fetched and parsed in 4.36025ms
[2m2025-12-10T10:10:13.101161Z[0m [34mDEBUG[0m [2methereum_transaction_pool_monitor::mempool_monitor[0m[2m:[0m 🔍 Skipping tx 0x0c84c7a0f5f2ae8939bf77d7efe28f4f6760c9bac2f7552799a7c565185fcf40 - not a DEX interaction (target: 0xdAC17F958D2ee523a2206206994597C13D831ec7)
[2m2025-12-10T10:10:13.101167Z[0m [34mDEBUG[0m [2methereum_transaction_pool_monitor::mempool_monitor[0m[2m:[0m 📨 Processing new pending transaction: 0x773d9bb2ca6093cad83dc42efccec6437983c492be02baf93b37fb6796791b07
[2m2025-12-10T10:10:13.101174Z[0m [34mDEBUG[0m [2methereum_transaction_pool_monitor::mempool_monitor[0m[2m:[0m 🔍 Fetching transaction details for: 0x773d9bb2ca6093cad83dc42efccec6437983c492be02baf93b37fb6796791b07
[2m2025-12-10T10:10:13.101178Z[0m [34mDEBUG[0m [2methereum_transaction_pool_monitor::eth_client[0m[2m:[0m 🔍 Fetching transaction details for hash: 0x773d9bb2ca6093cad83dc42efccec6437983c492be02baf93b37fb6796791b07
[2m2025-12-10T10:10:13.101196Z[0m [34mDEBUG[0m [2mhyper::client::pool[0m[2m:[0m reuse idle connection for ("http", 192.168.0.14:8545)
[2m2025-12-10T10:10:13.101211Z[0m [34mDEBUG[0m [2mhyper::proto::h1::io[0m[2m:[0m flushed 250 bytes
[2m2025-12-10T10:10:13.105938Z[0m [34mDEBUG[0m [2mhyper::proto::h1::io[0m[2m:[0m parsed 4 headers
[2m2025-12-10T10:10:13.105944Z[0m [34mDEBUG[0m [2mhyper::proto::h1::conn[0m[2m:[0m incoming body is content-length (830 bytes)
[2m2025-12-10T10:10:13.105948Z[0m [34mDEBUG[0m [2mhyper::proto::h1::conn[0m[2m:[0m incoming body completed
[2m2025-12-10T10:10:13.105952Z[0m [34mDEBUG[0m [2mhyper::client::pool[0m[2m:[0m pooling idle connection for ("http", 192.168.0.14:8545)
[2m2025-12-10T10:10:13.105956Z[0m [34mDEBUG[0m [2methereum_transaction_pool_monitor::eth_client[0m[2m:[0m 📡 Transaction fetch RPC completed in 4.773708ms
[2m2025-12-10T10:10:13.177052Z[0m [34mDEBUG[0m [2methereum_transaction_pool_monitor::eth_client[0m[2m:[0m ✅ Transaction 0x773d9bb2ca6093cad83dc42efccec6437983c492be02baf93b37fb6796791b07 fetched and parsed in 75.866833ms
[2m2025-12-10T10:10:13.177079Z[0m [34mDEBUG[0m [2methereum_transaction_pool_monitor::mempool_monitor[0m[2m:[0m 🔍 Skipping tx 0x773d9bb2ca6093cad83dc42efccec6437983c492be02baf93b37fb6796791b07 - not a DEX interaction (target: 0x3B4D794a66304F130a4Db8F2551B0070dfCf5ca7)
[2m2025-12-10T10:10:13.177092Z[0m [34mDEBUG[0m [2methereum_transaction_pool_monitor::mempool_monitor[0m[2m:[0m 📨 Processing new pending transaction: 0x4d944976c6ae9a970e19a4260d9aad59aa47067150ba23adfa92b584181efe3a
[2m2025-12-10T10:10:13.177102Z[0m [34mDEBUG[0m [2methereum_transaction_pool_monitor::mempool_monitor[0m[2m:[0m 🔍 Fetching transaction details for: 0x4d944976c6ae9a970e19a4260d9aad59aa47067150ba23adfa92b584181efe3a
[2m2025-12-10T10:10:13.177109Z[0m [34mDEBUG[0m [2methereum_transaction_pool_monitor::eth_client[0m[2m:[0m 🔍 Fetching transaction details for hash: 0x4d944976c6ae9a970e19a4260d9aad59aa47067150ba23adfa92b584181efe3a
[2m2025-12-10T10:10:13.177128Z[0m [34mDEBUG[0m [2mhyper::client::pool[0m[2m:[0m reuse idle connection for ("http", 192.168.0.14:8545)
[2m2025-12-10T10:10:13.177163Z[0m [34mDEBUG[0m [2mhyper::proto::h1::io[0m[2m:[0m flushed 250 bytes
[2m2025-12-10T10:10:13.182026Z[0m [34mDEBUG[0m [2mhyper::proto::h1::io[0m[2m:[0m parsed 4 headers
[2m2025-12-10T10:10:13.182034Z[0m [34mDEBUG[0m [2mhyper::proto::h1::conn[0m[2m:[0m incoming body is content-length (642 bytes)
[2m2025-12-10T10:10:13.182040Z[0m [34mDEBUG[0m [2mhyper::proto::h1::conn[0m[2m:[0m incoming body completed
[2m2025-12-10T10:10:13.182048Z[0m [34mDEBUG[0m [2mhyper::client::pool[0m[2m:[0m pooling idle connection for ("http", 192.168.0.14:8545)
[2m2025-12-10T10:10:13.182055Z[0m [34mDEBUG[0m [2methereum_transaction_pool_monitor::eth_client[0m[2m:[0m 📡 Transaction fetch RPC completed in 4.939042ms
[2m2025-12-10T10:10:13.253972Z[0m [34mDEBUG[0m [2methereum_transaction_pool_monitor::eth_client[0m[2m:[0m ✅ Transaction 0x4d944976c6ae9a970e19a4260d9aad59aa47067150ba23adfa92b584181efe3a fetched and parsed in 76.854333ms
[2m2025-12-10T10:10:13.253999Z[0m [34mDEBUG[0m [2methereum_transaction_pool_monitor::mempool_monitor[0m[2m:[0m 🔍 Skipping tx 0x4d944976c6ae9a970e19a4260d9aad59aa47067150ba23adfa92b584181efe3a - not a DEX interaction (target: 0x307576Dd4F73f91BB8c4A2EdB762938E8e067d31)
[2m2025-12-10T10:10:13.254015Z[0m [34mDEBUG[0m [2methereum_transaction_pool_monitor::mempool_monitor[0m[2m:[0m 📨 Processing new pending transaction: 0x6c934186d631c00dca54e08dbda7dd8b90e852266d0d7c5714c7d1492a562c0f
[2m2025-12-10T10:10:13.254023Z[0m [34mDEBUG[0m [2methereum_transaction_pool_monitor::mempool_monitor[0m[2m:[0m 🔍 Fetching transaction details for: 0x6c934186d631c00dca54e08dbda7dd8b90e852266d0d7c5714c7d1492a562c0f
[2m2025-12-10T10:10:13.254031Z[0m [34mDEBUG[0m [2methereum_transaction_pool_monitor::eth_client[0m[2m:[0m 🔍 Fetching transaction details for hash: 0x6c934186d631c00dca54e08dbda7dd8b90e852266d0d7c5714c7d1492a562c0f
[2m2025-12-10T10:10:13.254049Z[0m [34mDEBUG[0m [2mhyper::client::pool[0m[2m:[0m reuse idle connection for ("http", 192.168.0.14:8545)
[2m2025-12-10T10:10:13.254086Z[0m [34mDEBUG[0m [2mhyper::proto::h1::io[0m[2m:[0m flushed 250 bytes
[2m2025-12-10T10:10:13.254117Z[0m [34mDEBUG[0m [2mhyper::client::pool[0m[2m:[0m reuse idle connection for ("http", 192.168.0.14:8545)
[2m2025-12-10T10:10:13.254135Z[0m [34mDEBUG[0m [2mhyper::proto::h1::io[0m[2m:[0m flushed 172 bytes
[2m2025-12-10T10:10:13.257753Z[0m [34mDEBUG[0m [2mhyper::proto::h1::io[0m[2m:[0m parsed 4 headers
[2m2025-12-10T10:10:13.257759Z[0m [34mDEBUG[0m [2mhyper::proto::h1::conn[0m[2m:[0m incoming body is content-length (45 bytes)
[2m2025-12-10T10:10:13.257764Z[0m [34mDEBUG[0m [2mhyper::proto::h1::conn[0m[2m:[0m incoming body completed
[2m2025-12-10T10:10:13.257770Z[0m [34mDEBUG[0m [2mhyper::client::pool[0m[2m:[0m pooling idle connection for ("http", 192.168.0.14:8545)
[2m2025-12-10T10:10:13.257785Z[0m [34mDEBUG[0m [2mhyper::proto::h1::io[0m[2m:[0m parsed 4 headers
[2m2025-12-10T10:10:13.257792Z[0m [34mDEBUG[0m [2mhyper::proto::h1::conn[0m[2m:[0m incoming body is content-length (648 bytes)
[2m2025-12-10T10:10:13.257799Z[0m [34mDEBUG[0m [2mhyper::proto::h1::conn[0m[2m:[0m incoming body completed
[2m2025-12-10T10:10:13.257805Z[0m [34mDEBUG[0m [2mhyper::client::pool[0m[2m:[0m pooling idle connection for ("http", 192.168.0.14:8545)
[2m2025-12-10T10:10:13.257810Z[0m [34mDEBUG[0m [2methereum_transaction_pool_monitor::eth_client[0m[2m:[0m 📡 Transaction fetch RPC completed in 3.773917ms
[2m2025-12-10T10:10:13.332304Z[0m [34mDEBUG[0m [2methereum_transaction_pool_monitor::eth_client[0m[2m:[0m ✅ Transaction 0x6c934186d631c00dca54e08dbda7dd8b90e852266d0d7c5714c7d1492a562c0f fetched and parsed in 78.265167ms
[2m2025-12-10T10:10:13.332329Z[0m [34mDEBUG[0m [2methereum_transaction_pool_monitor::mempool_monitor[0m[2m:[0m 🔍 Skipping tx 0x6c934186d631c00dca54e08dbda7dd8b90e852266d0d7c5714c7d1492a562c0f - not a DEX interaction (target: 0x352D62bAF8B2EcFEA899a39F471B6451Ab594D98)
[2m2025-12-10T10:10:13.332339Z[0m [34mDEBUG[0m [2methereum_transaction_pool_monitor::mempool_monitor[0m[2m:[0m 📨 Processing new pending transaction: 0x5452eb19451164313ac65b0a2dedc68a00a6e199b5dc4e1015a084f7958973ef
[2m2025-12-10T10:10:13.332346Z[0m [34mDEBUG[0m [2methereum_transaction_pool_monitor::mempool_monitor[0m[2m:[0m 🔍 Fetching transaction details for: 0x5452eb19451164313ac65b0a2dedc68a00a6e199b5dc4e1015a084f7958973ef
[2m2025-12-10T10:10:13.332352Z[0m [34mDEBUG[0m [2methereum_transaction_pool_monitor::eth_client[0m[2m:[0m 🔍 Fetching transaction details for hash: 0x5452eb19451164313ac65b0a2dedc68a00a6e199b5dc4e1015a084f7958973ef
[2m2025-12-10T10:10:13.332368Z[0m [34mDEBUG[0m [2mhyper::client::pool[0m[2m:[0m reuse idle connection for ("http", 192.168.0.14:8545)
[2m2025-12-10T10:10:13.332400Z[0m [34mDEBUG[0m [2mhyper::proto::h1::io[0m[2m:[0m flushed 250 bytes
[2m2025-12-10T10:10:13.332425Z[0m [34mDEBUG[0m [2mhyper::client::pool[0m[2m:[0m reuse idle connection for ("http", 192.168.0.14:8545)
[2m2025-12-10T10:10:13.332438Z[0m [34mDEBUG[0m [2mhyper::proto::h1::io[0m[2m:[0m flushed 172 bytes
[2m2025-12-10T10:10:13.336869Z[0m [34mDEBUG[0m [2mhyper::proto::h1::io[0m[2m:[0m parsed 4 headers
[2m2025-12-10T10:10:13.336875Z[0m [34mDEBUG[0m [2mhyper::proto::h1::conn[0m[2m:[0m incoming body is content-length (45 bytes)
[2m2025-12-10T10:10:13.336887Z[0m [34mDEBUG[0m [2mhyper::proto::h1::conn[0m[2m:[0m incoming body completed
[2m2025-12-10T10:10:13.336896Z[0m [34mDEBUG[0m [2mhyper::client::pool[0m[2m:[0m pooling idle connection for ("http", 192.168.0.14:8545)
[2m2025-12-10T10:10:13.338619Z[0m [34mDEBUG[0m [2mhyper::proto::h1::io[0m[2m:[0m parsed 4 headers
[2m2025-12-10T10:10:13.338640Z[0m [34mDEBUG[0m [2mhyper::proto::h1::conn[0m[2m:[0m incoming body is content-length (677 bytes)
[2m2025-12-10T10:10:13.338662Z[0m [34mDEBUG[0m [2mhyper::proto::h1::conn[0m[2m:[0m incoming body completed
[2m2025-12-10T10:10:13.338681Z[0m [34mDEBUG[0m [2mhyper::client::pool[0m[2m:[0m pooling idle connection for ("http", 192.168.0.14:8545)
[2m2025-12-10T10:10:13.338688Z[0m [34mDEBUG[0m [2methereum_transaction_pool_monitor::eth_client[0m[2m:[0m 📡 Transaction fetch RPC completed in 6.331041ms
[2m2025-12-10T10:10:13.410044Z[0m [34mDEBUG[0m [2methereum_transaction_pool_monitor::eth_client[0m[2m:[0m ✅ Transaction 0x5452eb19451164313ac65b0a2dedc68a00a6e199b5dc4e1015a084f7958973ef fetched and parsed in 77.684458ms
[2m2025-12-10T10:10:13.410072Z[0m [34mDEBUG[0m [2methereum_transaction_pool_monitor::mempool_monitor[0m[2m:[0m 🔍 Skipping tx 0x5452eb19451164313ac65b0a2dedc68a00a6e199b5dc4e1015a084f7958973ef - not a DEX interaction (target: 0xAf5191B0De278C7286d6C7CC6ab6BB8A73bA2Cd6)
[2m2025-12-10T10:10:13.410083Z[0m [34mDEBUG[0m [2methereum_transaction_pool_monitor::mempool_monitor[0m[2m:[0m 📨 Processing new pending transaction: 0x0edca9d1d093dfbf470ddd3ffa3e335898a1d3a1768d6f54c644e79242cf9322
[2m2025-12-10T10:10:13.410090Z[0m [34mDEBUG[0m [2methereum_transaction_pool_monitor::mempool_monitor[0m[2m:[0m 🔍 Fetching transaction details for: 0x0edca9d1d093dfbf470ddd3ffa3e335898a1d3a1768d6f54c644e79242cf9322
[2m2025-12-10T10:10:13.410099Z[0m [34mDEBUG[0m [2methereum_transaction_pool_monitor::eth_client[0m[2m:[0m 🔍 Fetching transaction details for hash: 0x0edca9d1d093dfbf470ddd3ffa3e335898a1d3a1768d6f54c644e79242cf9322
[2m2025-12-10T10:10:13.410118Z[0m [34mDEBUG[0m [2mhyper::client::pool[0m[2m:[0m reuse idle connection for ("http", 192.168.0.14:8545)
[2m2025-12-10T10:10:13.410158Z[0m [34mDEBUG[0m [2mhyper::proto::h1::io[0m[2m:[0m flushed 250 bytes
[2m2025-12-10T10:10:13.410178Z[0m [34mDEBUG[0m [2mhyper::client::pool[0m[2m:[0m reuse idle connection for ("http", 192.168.0.14:8545)
[2m2025-12-10T10:10:13.410189Z[0m [34mDEBUG[0m [2methereum_transaction_pool_monitor::eth_client[0m[2m:[0m 📨 Received WebSocket message: {"jsonrpc":"2.0","method":"eth_subscription","params":{"subscription":"0xbed0a0851463e895960a451075a301a9","result":"0xf5d5a6f31f3c9c70a3de51763f311d8d5866d218ad12826bc470df21b41accb0"}}
[2m2025-12-10T10:10:13.410191Z[0m [34mDEBUG[0m [2mhyper::proto::h1::io[0m[2m:[0m flushed 172 bytes
[2m2025-12-10T10:10:13.410207Z[0m [34mDEBUG[0m [2methereum_transaction_pool_monitor::eth_client[0m[2m:[0m 📨 Received pending transaction: 0xf5d5a6f31f3c9c70a3de51763f311d8d5866d218ad12826bc470df21b41accb0
[2m2025-12-10T10:10:13.418242Z[0m [34mDEBUG[0m [2mhyper::proto::h1::io[0m[2m:[0m parsed 4 headers
[2m2025-12-10T10:10:13.418268Z[0m [34mDEBUG[0m [2mhyper::proto::h1::conn[0m[2m:[0m incoming body is content-length (45 bytes)
[2m2025-12-10T10:10:13.418292Z[0m [34mDEBUG[0m [2mhyper::proto::h1::conn[0m[2m:[0m incoming body completed
[2m2025-12-10T10:10:13.418303Z[0m [34mDEBUG[0m [2mhyper::client::pool[0m[2m:[0m pooling idle connection for ("http", 192.168.0.14:8545)
[2m2025-12-10T10:10:13.422310Z[0m [34mDEBUG[0m [2mhyper::proto::h1::io[0m[2m:[0m parsed 4 headers
[2m2025-12-10T10:10:13.422332Z[0m [34mDEBUG[0m [2mhyper::proto::h1::conn[0m[2m:[0m incoming body is content-length (1730 bytes)
[2m2025-12-10T10:10:13.422363Z[0m [34mDEBUG[0m [2methereum_transaction_pool_monitor::eth_client[0m[2m:[0m 📡 Transaction fetch RPC completed in 12.258375ms
[2m2025-12-10T10:10:13.425939Z[0m [34mDEBUG[0m [2mhyper::proto::h1::conn[0m[2m:[0m incoming body completed
[2m2025-12-10T10:10:13.425969Z[0m [34mDEBUG[0m [2mhyper::client::pool[0m[2m:[0m pooling idle connection for ("http", 192.168.0.14:8545)
[2m2025-12-10T10:10:13.497281Z[0m [34mDEBUG[0m [2methereum_transaction_pool_monitor::eth_client[0m[2m:[0m ✅ Transaction 0x0edca9d1d093dfbf470ddd3ffa3e335898a1d3a1768d6f54c644e79242cf9322 fetched and parsed in 87.17375ms
[2m2025-12-10T10:10:13.497309Z[0m [34mDEBUG[0m [2methereum_transaction_pool_monitor::mempool_monitor[0m[2m:[0m 🔍 Skipping tx 0x0edca9d1d093dfbf470ddd3ffa3e335898a1d3a1768d6f54c644e79242cf9322 - not a DEX interaction (target: 0x601a2aD6CB5949f0529735254189Ba3194221EDF)
[2m2025-12-10T10:10:13.497321Z[0m [34mDEBUG[0m [2methereum_transaction_pool_monitor::mempool_monitor[0m[2m:[0m 📨 Processing new pending transaction: 0x0bf85b4a0cb497700f432306c44f5335e6862c93505c6cd36f587bb2a6468a2f
[2m2025-12-10T10:10:13.497335Z[0m [34mDEBUG[0m [2methereum_transaction_pool_monitor::mempool_monitor[0m[2m:[0m 🔍 Fetching transaction details for: 0x0bf85b4a0cb497700f432306c44f5335e6862c93505c6cd36f587bb2a6468a2f
[2m2025-12-10T10:10:13.497343Z[0m [34mDEBUG[0m [2methereum_transaction_pool_monitor::eth_client[0m[2m:[0m 🔍 Fetching transaction details for hash: 0x0bf85b4a0cb497700f432306c44f5335e6862c93505c6cd36f587bb2a6468a2f
[2m2025-12-10T10:10:13.497361Z[0m [34mDEBUG[0m [2mhyper::client::pool[0m[2m:[0m reuse idle connection for ("http", 192.168.0.14:8545)
[2m2025-12-10T10:10:13.497403Z[0m [34mDEBUG[0m [2mhyper::proto::h1::io[0m[2m:[0m flushed 250 bytes
[2m2025-12-10T10:10:13.498550Z[0m [34mDEBUG[0m [2mhyper::client::pool[0m[2m:[0m reuse idle connection for ("http", 192.168.0.14:8545)
[2m2025-12-10T10:10:13.498604Z[0m [34mDEBUG[0m [2mhyper::proto::h1::io[0m[2m:[0m flushed 172 bytes
[2m2025-12-10T10:10:13.503585Z[0m [34mDEBUG[0m [2mhyper::proto::h1::io[0m[2m:[0m parsed 4 headers
[2m2025-12-10T10:10:13.503595Z[0m [34mDEBUG[0m [2mhyper::proto::h1::conn[0m[2m:[0m incoming body is content-length (830 bytes)
[2m2025-12-10T10:10:13.503602Z[0m [34mDEBUG[0m [2mhyper::proto::h1::conn[0m[2m:[0m incoming body completed
[2m2025-12-10T10:10:13.503611Z[0m [34mDEBUG[0m [2mhyper::client::pool[0m[2m:[0m pooling idle connection for ("http", 192.168.0.14:8545)
[2m2025-12-10T10:10:13.503617Z[0m [34mDEBUG[0m [2methereum_transaction_pool_monitor::eth_client[0m[2m:[0m 📡 Transaction fetch RPC completed in 6.2685ms
[2m2025-12-10T10:10:13.575139Z[0m [34mDEBUG[0m [2methereum_transaction_pool_monitor::eth_client[0m[2m:[0m ✅ Transaction 0x0bf85b4a0cb497700f432306c44f5335e6862c93505c6cd36f587bb2a6468a2f fetched and parsed in 77.788ms
[2m2025-12-10T10:10:13.575166Z[0m [34mDEBUG[0m [2methereum_transaction_pool_monitor::mempool_monitor[0m[2m:[0m 🔍 Skipping tx 0x0bf85b4a0cb497700f432306c44f5335e6862c93505c6cd36f587bb2a6468a2f - not a DEX interaction (target: 0x3B4D794a66304F130a4Db8F2551B0070dfCf5ca7)
[2m2025-12-10T10:10:13.575176Z[0m [34mDEBUG[0m [2methereum_transaction_pool_monitor::mempool_monitor[0m[2m:[0m 📨 Processing new pending transaction: 0x1b7bc516019f639d4cd4ec9454ddee16be21dd2505cf5c4426893b2b72d4821e
[2m2025-12-10T10:10:13.575184Z[0m [34mDEBUG[0m [2methereum_transaction_pool_monitor::mempool_monitor[0m[2m:[0m 🔍 Fetching transaction details for: 0x1b7bc516019f639d4cd4ec9454ddee16be21dd2505cf5c4426893b2b72d4821e
[2m2025-12-10T10:10:13.575191Z[0m [34mDEBUG[0m [2methereum_transaction_pool_monitor::eth_client[0m[2m:[0m 🔍 Fetching transaction details for hash: 0x1b7bc516019f639d4cd4ec9454ddee16be21dd2505cf5c4426893b2b72d4821e
[2m2025-12-10T10:10:13.575209Z[0m [34mDEBUG[0m [2mhyper::client::pool[0m[2m:[0m reuse idle connection for ("http", 192.168.0.14:8545)
[2m2025-12-10T10:10:13.575258Z[0m [34mDEBUG[0m [2mhyper::proto::h1::io[0m[2m:[0m flushed 250 bytes
[2m2025-12-10T10:10:13.575273Z[0m [34mDEBUG[0m [2mhyper::proto::h1::io[0m[2m:[0m parsed 4 headers
[2m2025-12-10T10:10:13.575278Z[0m [34mDEBUG[0m [2mhyper::proto::h1::conn[0m[2m:[0m incoming body is content-length (45 bytes)
[2m2025-12-10T10:10:13.575285Z[0m [34mDEBUG[0m [2mhyper::proto::h1::conn[0m[2m:[0m incoming body completed
[2m2025-12-10T10:10:13.575294Z[0m [34mDEBUG[0m [2mhyper::client::pool[0m[2m:[0m pooling idle connection for ("http", 192.168.0.14:8545)
[2m2025-12-10T10:10:13.581212Z[0m [34mDEBUG[0m [2mhyper::proto::h1::io[0m[2m:[0m parsed 4 headers
[2m2025-12-10T10:10:13.581227Z[0m [34mDEBUG[0m [2mhyper::proto::h1::conn[0m[2m:[0m incoming body is content-length (772 bytes)
[2m2025-12-10T10:10:13.581235Z[0m [34mDEBUG[0m [2mhyper::proto::h1::conn[0m[2m:[0m incoming body completed
[2m2025-12-10T10:10:13.581244Z[0m [34mDEBUG[0m [2mhyper::client::pool[0m[2m:[0m pooling idle connection for ("http", 192.168.0.14:8545)
[2m2025-12-10T10:10:13.581251Z[0m [34mDEBUG[0m [2methereum_transaction_pool_monitor::eth_client[0m[2m:[0m 📡 Transaction fetch RPC completed in 6.055917ms
[2m2025-12-10T10:10:13.652826Z[0m [34mDEBUG[0m [2methereum_transaction_pool_monitor::eth_client[0m[2m:[0m ✅ Transaction 0x1b7bc516019f639d4cd4ec9454ddee16be21dd2505cf5c4426893b2b72d4821e fetched and parsed in 77.629292ms
[2m2025-12-10T10:10:13.652859Z[0m [34mDEBUG[0m [2methereum_transaction_pool_monitor::mempool_monitor[0m[2m:[0m 🔍 Skipping tx 0x1b7bc516019f639d4cd4ec9454ddee16be21dd2505cf5c4426893b2b72d4821e - not a DEX interaction (target: 0x467719aD09025FcC6cF6F8311755809d45a5E5f3)
[2m2025-12-10T10:10:13.652869Z[0m [34mDEBUG[0m [2methereum_transaction_pool_monitor::mempool_monitor[0m[2m:[0m 📨 Processing new pending transaction: 0xdf142deb6c13940b018fa90d5e083b4111647b06d1068fdee16836e2c8764d80
[2m2025-12-10T10:10:13.652878Z[0m [34mDEBUG[0m [2methereum_transaction_pool_monitor::mempool_monitor[0m[2m:[0m 🔍 Fetching transaction details for: 0xdf142deb6c13940b018fa90d5e083b4111647b06d1068fdee16836e2c8764d80
[2m2025-12-10T10:10:13.652885Z[0m [34mDEBUG[0m [2methereum_transaction_pool_monitor::eth_client[0m[2m:[0m 🔍 Fetching transaction details for hash: 0xdf142deb6c13940b018fa90d5e083b4111647b06d1068fdee16836e2c8764d80
[2m2025-12-10T10:10:13.652902Z[0m [34mDEBUG[0m [2mhyper::client::pool[0m[2m:[0m reuse idle connection for ("http", 192.168.0.14:8545)
[2m2025-12-10T10:10:13.652940Z[0m [34mDEBUG[0m [2mhyper::proto::h1::io[0m[2m:[0m flushed 250 bytes
[2m2025-12-10T10:10:13.652959Z[0m [34mDEBUG[0m [2mhyper::client::pool[0m[2m:[0m reuse idle connection for ("http", 192.168.0.14:8545)
[2m2025-12-10T10:10:13.652971Z[0m [34mDEBUG[0m [2mhyper::proto::h1::io[0m[2m:[0m flushed 172 bytes
[2m2025-12-10T10:10:13.652995Z[0m [34mDEBUG[0m [2methereum_transaction_pool_monitor::eth_client[0m[2m:[0m 📨 Received WebSocket message: {"jsonrpc":"2.0","method":"eth_subscription","params":{"subscription":"0xbed0a0851463e895960a451075a301a9","result":"0xff1a4ef2fbf68d9275e5b03776b3478b92a6e93a278b0398e9bc607caa166e2c"}}
[2m2025-12-10T10:10:13.653005Z[0m [34mDEBUG[0m [2methereum_transaction_pool_monitor::eth_client[0m[2m:[0m 📨 Received pending transaction: 0xff1a4ef2fbf68d9275e5b03776b3478b92a6e93a278b0398e9bc607caa166e2c
[2m2025-12-10T10:10:13.658991Z[0m [34mDEBUG[0m [2mhyper::proto::h1::io[0m[2m:[0m parsed 4 headers
[2m2025-12-10T10:10:13.659000Z[0m [34mDEBUG[0m [2mhyper::proto::h1::conn[0m[2m:[0m incoming body is content-length (1030 bytes)
[2m2025-12-10T10:10:13.659007Z[0m [34mDEBUG[0m [2mhyper::proto::h1::conn[0m[2m:[0m incoming body completed
[2m2025-12-10T10:10:13.659016Z[0m [34mDEBUG[0m [2mhyper::client::pool[0m[2m:[0m pooling idle connection for ("http", 192.168.0.14:8545)
[2m2025-12-10T10:10:13.659023Z[0m [34mDEBUG[0m [2methereum_transaction_pool_monitor::eth_client[0m[2m:[0m 📡 Transaction fetch RPC completed in 6.134375ms
[2m2025-12-10T10:10:13.729929Z[0m [34mDEBUG[0m [2methereum_transaction_pool_monitor::eth_client[0m[2m:[0m ✅ Transaction 0xdf142deb6c13940b018fa90d5e083b4111647b06d1068fdee16836e2c8764d80 fetched and parsed in 77.038333ms
[2m2025-12-10T10:10:13.729958Z[0m [34mDEBUG[0m [2methereum_transaction_pool_monitor::mempool_monitor[0m[2m:[0m 🔍 Skipping tx 0xdf142deb6c13940b018fa90d5e083b4111647b06d1068fdee16836e2c8764d80 - not a DEX interaction (target: 0x9a0D63911620f7fC15c3C020edBE4D7267ea3E4D)
[2m2025-12-10T10:10:13.729969Z[0m [34mDEBUG[0m [2methereum_transaction_pool_monitor::mempool_monitor[0m[2m:[0m 📨 Processing new pending transaction: 0xf2d721ab5d14a83936575867762bab4845c8607fe1e52db693f474b5b88437b7
[2m2025-12-10T10:10:13.729977Z[0m [34mDEBUG[0m [2methereum_transaction_pool_monitor::mempool_monitor[0m[2m:[0m 🔍 Fetching transaction details for: 0xf2d721ab5d14a83936575867762bab4845c8607fe1e52db693f474b5b88437b7
[2m2025-12-10T10:10:13.729984Z[0m [34mDEBUG[0m [2methereum_transaction_pool_monitor::eth_client[0m[2m:[0m 🔍 Fetching transaction details for hash: 0xf2d721ab5d14a83936575867762bab4845c8607fe1e52db693f474b5b88437b7
[2m2025-12-10T10:10:13.730000Z[0m [34mDEBUG[0m [2mhyper::client::pool[0m[2m:[0m reuse idle connection for ("http", 192.168.0.14:8545)
[2m2025-12-10T10:10:13.730042Z[0m [34mDEBUG[0m [2mhyper::proto::h1::io[0m[2m:[0m flushed 250 bytes
[2m2025-12-10T10:10:13.730066Z[0m [34mDEBUG[0m [2methereum_transaction_pool_monitor::eth_client[0m[2m:[0m 📨 Received WebSocket message: {"jsonrpc":"2.0","method":"eth_subscription","params":{"subscription":"0xbed0a0851463e895960a451075a301a9","result":"0x44d04ffa20dbc096082455c132a601366690f0bae46f75c8bec4b15682e56215"}}
[2m2025-12-10T10:10:13.730070Z[0m [34mDEBUG[0m [2mhyper::proto::h1::io[0m[2m:[0m parsed 4 headers
[2m2025-12-10T10:10:13.730079Z[0m [34mDEBUG[0m [2methereum_transaction_pool_monitor::eth_client[0m[2m:[0m 📨 Received pending transaction: 0x44d04ffa20dbc096082455c132a601366690f0bae46f75c8bec4b15682e56215
[2m2025-12-10T10:10:13.730092Z[0m [34mDEBUG[0m [2mhyper::proto::h1::conn[0m[2m:[0m incoming body is content-length (45 bytes)
[2m2025-12-10T10:10:13.730099Z[0m [34mDEBUG[0m [2methereum_transaction_pool_monitor::eth_client[0m[2m:[0m 📨 Received WebSocket message: {"jsonrpc":"2.0","method":"eth_subscription","params":{"subscription":"0xbed0a0851463e895960a451075a301a9","result":"0x14ceb6a5411d0c91b0bad3122415d8c237bbbc6111e197f9fe3406fc75ca2f4f"}}
[2m2025-12-10T10:10:13.730108Z[0m [34mDEBUG[0m [2mhyper::proto::h1::conn[0m[2m:[0m incoming body completed
[2m2025-12-10T10:10:13.730110Z[0m [34mDEBUG[0m [2methereum_transaction_pool_monitor::eth_client[0m[2m:[0m 📨 Received pending transaction: 0x14ceb6a5411d0c91b0bad3122415d8c237bbbc6111e197f9fe3406fc75ca2f4f
[2m2025-12-10T10:10:13.730122Z[0m [34mDEBUG[0m [2mhyper::client::pool[0m[2m:[0m pooling idle connection for ("http", 192.168.0.14:8545)
[2m2025-12-10T10:10:13.730125Z[0m [34mDEBUG[0m [2methereum_transaction_pool_monitor::eth_client[0m[2m:[0m 📨 Received WebSocket message: {"jsonrpc":"2.0","method":"eth_subscription","params":{"subscription":"0xbed0a0851463e895960a451075a301a9","result":"0x9149360dc87b6807f595b6660549d6376d9e530baccf98565c9d7c7a34c1846d"}}
[2m2025-12-10T10:10:13.730142Z[0m [34mDEBUG[0m [2mhyper::client::pool[0m[2m:[0m reuse idle connection for ("http", 192.168.0.14:8545)
[2m2025-12-10T10:10:13.730160Z[0m [34mDEBUG[0m [2methereum_transaction_pool_monitor::eth_client[0m[2m:[0m 📨 Received pending transaction: 0x9149360dc87b6807f595b6660549d6376d9e530baccf98565c9d7c7a34c1846d
[2m2025-12-10T10:10:13.730179Z[0m [34mDEBUG[0m [2mhyper::proto::h1::io[0m[2m:[0m flushed 172 bytes
[2m2025-12-10T10:10:13.740142Z[0m [34mDEBUG[0m [2mhyper::proto::h1::io[0m[2m:[0m parsed 4 headers
[2m2025-12-10T10:10:13.740155Z[0m [34mDEBUG[0m [2mhyper::proto::h1::conn[0m[2m:[0m incoming body is content-length (772 bytes)
[2m2025-12-10T10:10:13.740162Z[0m [34mDEBUG[0m [2mhyper::proto::h1::conn[0m[2m:[0m incoming body completed
[2m2025-12-10T10:10:13.740172Z[0m [34mDEBUG[0m [2mhyper::client::pool[0m[2m:[0m pooling idle connection for ("http", 192.168.0.14:8545)
[2m2025-12-10T10:10:13.740179Z[0m [34mDEBUG[0m [2methereum_transaction_pool_monitor::eth_client[0m[2m:[0m 📡 Transaction fetch RPC completed in 10.19025ms
[2m2025-12-10T10:10:13.808278Z[0m [34mDEBUG[0m [2methereum_transaction_pool_monitor::eth_client[0m[2m:[0m ✅ Transaction 0xf2d721ab5d14a83936575867762bab4845c8607fe1e52db693f474b5b88437b7 fetched and parsed in 78.2875ms
[2m2025-12-10T10:10:13.808298Z[0m [34mDEBUG[0m [2methereum_transaction_pool_monitor::mempool_monitor[0m[2m:[0m 🔍 Skipping tx 0xf2d721ab5d14a83936575867762bab4845c8607fe1e52db693f474b5b88437b7 - not a DEX interaction (target: 0xFe0c30065B384F05761f15d0CC899D4F9F9Cc0eB)
[2m2025-12-10T10:10:13.808307Z[0m [34mDEBUG[0m [2methereum_transaction_pool_monitor::mempool_monitor[0m[2m:[0m 📨 Processing new pending transaction: 0xd8dbb888107b11df4ab88e4dabcd1ad5473608e39f29e8e69d7889d2b44959db
[2m2025-12-10T10:10:13.808314Z[0m [34mDEBUG[0m [2methereum_transaction_pool_monitor::mempool_monitor[0m[2m:[0m 🔍 Fetching transaction details for: 0xd8dbb888107b11df4ab88e4dabcd1ad5473608e39f29e8e69d7889d2b44959db
[2m2025-12-10T10:10:13.808318Z[0m [34mDEBUG[0m [2methereum_transaction_pool_monitor::eth_client[0m[2m:[0m 🔍 Fetching transaction details for hash: 0xd8dbb888107b11df4ab88e4dabcd1ad5473608e39f29e8e69d7889d2b44959db
[2m2025-12-10T10:10:13.808334Z[0m [34mDEBUG[0m [2mhyper::client::pool[0m[2m:[0m reuse idle connection for ("http", 192.168.0.14:8545)
[2m2025-12-10T10:10:13.808372Z[0m [34mDEBUG[0m [2mhyper::proto::h1::io[0m[2m:[0m flushed 250 bytes
[2m2025-12-10T10:10:13.808393Z[0m [34mDEBUG[0m [2methereum_transaction_pool_monitor::eth_client[0m[2m:[0m 📨 Received WebSocket message: {"jsonrpc":"2.0","method":"eth_subscription","params":{"subscription":"0xbed0a0851463e895960a451075a301a9","result":"0x0e887b2c8021d9654699a506d1410081028d853c275f118c5fee4cdfcf7bd8dc"}}
[2m2025-12-10T10:10:13.808398Z[0m [34mDEBUG[0m [2mhyper::proto::h1::io[0m[2m:[0m parsed 4 headers
[2m2025-12-10T10:10:13.808405Z[0m [34mDEBUG[0m [2methereum_transaction_pool_monitor::eth_client[0m[2m:[0m 📨 Received pending transaction: 0x0e887b2c8021d9654699a506d1410081028d853c275f118c5fee4cdfcf7bd8dc
[2m2025-12-10T10:10:13.808411Z[0m [34mDEBUG[0m [2mhyper::proto::h1::conn[0m[2m:[0m incoming body is content-length (45 bytes)
[2m2025-12-10T10:10:13.808429Z[0m [34mDEBUG[0m [2mhyper::proto::h1::conn[0m[2m:[0m incoming body completed
[2m2025-12-10T10:10:13.808436Z[0m [34mDEBUG[0m [2mhyper::client::pool[0m[2m:[0m pooling idle connection for ("http", 192.168.0.14:8545)
[2m2025-12-10T10:10:13.808449Z[0m [34mDEBUG[0m [2mhyper::client::pool[0m[2m:[0m reuse idle connection for ("http", 192.168.0.14:8545)
[2m2025-12-10T10:10:13.808464Z[0m [34mDEBUG[0m [2mhyper::proto::h1::io[0m[2m:[0m flushed 172 bytes
[2m2025-12-10T10:10:13.816675Z[0m [34mDEBUG[0m [2mhyper::proto::h1::io[0m[2m:[0m parsed 4 headers
[2m2025-12-10T10:10:13.818261Z[0m [34mDEBUG[0m [2mhyper::proto::h1::conn[0m[2m:[0m incoming body is content-length (771 bytes)
[2m2025-12-10T10:10:13.818272Z[0m [34mDEBUG[0m [2mhyper::proto::h1::conn[0m[2m:[0m incoming body completed
[2m2025-12-10T10:10:13.818283Z[0m [34mDEBUG[0m [2mhyper::client::pool[0m[2m:[0m pooling idle connection for ("http", 192.168.0.14:8545)
[2m2025-12-10T10:10:13.818292Z[0m [34mDEBUG[0m [2methereum_transaction_pool_monitor::eth_client[0m[2m:[0m 📡 Transaction fetch RPC completed in 9.970125ms
[2m2025-12-10T10:10:13.886715Z[0m [34mDEBUG[0m [2methereum_transaction_pool_monitor::eth_client[0m[2m:[0m ✅ Transaction 0xd8dbb888107b11df4ab88e4dabcd1ad5473608e39f29e8e69d7889d2b44959db fetched and parsed in 78.391ms
[2m2025-12-10T10:10:13.886737Z[0m [34mDEBUG[0m [2methereum_transaction_pool_monitor::mempool_monitor[0m[2m:[0m 🔍 Skipping tx 0xd8dbb888107b11df4ab88e4dabcd1ad5473608e39f29e8e69d7889d2b44959db - not a DEX interaction (target: 0x44C682e7e67Dbab0BF32740B762Cbe8a79443cf0)
[2m2025-12-10T10:10:13.886747Z[0m [34mDEBUG[0m [2methereum_transaction_pool_monitor::mempool_monitor[0m[2m:[0m 📨 Processing new pending transaction: 0x0341c5fba23c561fe9938dd5be8b1e511f5837ec7440300ab7b70d5a15d55a85
[2m2025-12-10T10:10:13.886751Z[0m [34mDEBUG[0m [2methereum_transaction_pool_monitor::mempool_monitor[0m[2m:[0m 🔍 Fetching transaction details for: 0x0341c5fba23c561fe9938dd5be8b1e511f5837ec7440300ab7b70d5a15d55a85
[2m2025-12-10T10:10:13.886756Z[0m [34mDEBUG[0m [2methereum_transaction_pool_monitor::eth_client[0m[2m:[0m 🔍 Fetching transaction details for hash: 0x0341c5fba23c561fe9938dd5be8b1e511f5837ec7440300ab7b70d5a15d55a85
[2m2025-12-10T10:10:13.886772Z[0m [34mDEBUG[0m [2mhyper::client::pool[0m[2m:[0m reuse idle connection for ("http", 192.168.0.14:8545)
[2m2025-12-10T10:10:13.886814Z[0m [34mDEBUG[0m [2mhyper::proto::h1::io[0m[2m:[0m flushed 250 bytes
[2m2025-12-10T10:10:13.886836Z[0m [34mDEBUG[0m [2methereum_transaction_pool_monitor::eth_client[0m[2m:[0m 📨 Received WebSocket message: {"jsonrpc":"2.0","method":"eth_subscription","params":{"subscription":"0xbed0a0851463e895960a451075a301a9","result":"0x210e997cb591c02a06b1085113dc9b0adc64a7507e8c8bef1d980ca66e252b43"}}
[2m2025-12-10T10:10:13.886840Z[0m [34mDEBUG[0m [2mhyper::proto::h1::io[0m[2m:[0m parsed 4 headers
[2m2025-12-10T10:10:13.886844Z[0m [34mDEBUG[0m [2methereum_transaction_pool_monitor::eth_client[0m[2m:[0m 📨 Received pending transaction: 0x210e997cb591c02a06b1085113dc9b0adc64a7507e8c8bef1d980ca66e252b43
[2m2025-12-10T10:10:13.886850Z[0m [34mDEBUG[0m [2mhyper::proto::h1::conn[0m[2m:[0m incoming body is content-length (45 bytes)
[2m2025-12-10T10:10:13.886859Z[0m [34mDEBUG[0m [2mhyper::proto::h1::conn[0m[2m:[0m incoming body completed
[2m2025-12-10T10:10:13.886867Z[0m [34mDEBUG[0m [2mhyper::client::pool[0m[2m:[0m pooling idle connection for ("http", 192.168.0.14:8545)
[2m2025-12-10T10:10:13.891381Z[0m [34mDEBUG[0m [2mhyper::proto::h1::io[0m[2m:[0m parsed 4 headers
[2m2025-12-10T10:10:13.891392Z[0m [34mDEBUG[0m [2mhyper::proto::h1::conn[0m[2m:[0m incoming body is content-length (780 bytes)
[2m2025-12-10T10:10:13.891399Z[0m [34mDEBUG[0m [2mhyper::proto::h1::conn[0m[2m:[0m incoming body completed
[2m2025-12-10T10:10:13.891409Z[0m [34mDEBUG[0m [2mhyper::client::pool[0m[2m:[0m pooling idle connection for ("http", 192.168.0.14:8545)
[2m2025-12-10T10:10:13.891417Z[0m [34mDEBUG[0m [2methereum_transaction_pool_monitor::eth_client[0m[2m:[0m 📡 Transaction fetch RPC completed in 4.657209ms
[2m2025-12-10T10:10:13.891443Z[0m [34mDEBUG[0m [2methereum_transaction_pool_monitor::eth_client[0m[2m:[0m DeFi transaction detected - Address: 0xdac17f958d2ee523a2206206994597c13d831ec7, Type: Stablecoin, Value: 0 ETH, Gas: 501.00 Gwei
[2m2025-12-10T10:10:13.891473Z[0m [34mDEBUG[0m [2methereum_transaction_pool_monitor::eth_client[0m[2m:[0m ✅ Transaction 0x0341c5fba23c561fe9938dd5be8b1e511f5837ec7440300ab7b70d5a15d55a85 fetched and parsed in 4.712834ms
[2m2025-12-10T10:10:13.891479Z[0m [34mDEBUG[0m [2methereum_transaction_pool_monitor::mempool_monitor[0m[2m:[0m 🔍 Skipping tx 0x0341c5fba23c561fe9938dd5be8b1e511f5837ec7440300ab7b70d5a15d55a85 - not a DEX interaction (target: 0xdAC17F958D2ee523a2206206994597C13D831ec7)
[2m2025-12-10T10:10:13.891486Z[0m [34mDEBUG[0m [2methereum_transaction_pool_monitor::mempool_monitor[0m[2m:[0m 📨 Processing new pending transaction: 0xa985cc61954610906a5838771d4ec4220201efe75383888a52716fe09e769af7
[2m2025-12-10T10:10:13.891490Z[0m [34mDEBUG[0m [2methereum_transaction_pool_monitor::mempool_monitor[0m[2m:[0m 🔍 Fetching transaction details for: 0xa985cc61954610906a5838771d4ec4220201efe75383888a52716fe09e769af7
[2m2025-12-10T10:10:13.891493Z[0m [34mDEBUG[0m [2methereum_transaction_pool_monitor::eth_client[0m[2m:[0m 🔍 Fetching transaction details for hash: 0xa985cc61954610906a5838771d4ec4220201efe75383888a52716fe09e769af7
[2m2025-12-10T10:10:13.891508Z[0m [34mDEBUG[0m [2mhyper::client::pool[0m[2m:[0m reuse idle connection for ("http", 192.168.0.14:8545)
[2m2025-12-10T10:10:13.891525Z[0m [34mDEBUG[0m [2mhyper::proto::h1::io[0m[2m:[0m flushed 250 bytes
[2m2025-12-10T10:10:13.895857Z[0m [34mDEBUG[0m [2mhyper::proto::h1::io[0m[2m:[0m parsed 4 headers
[2m2025-12-10T10:10:13.898637Z[0m [34mDEBUG[0m [2mhyper::proto::h1::conn[0m[2m:[0m incoming body is content-length (1174 bytes)
[2m2025-12-10T10:10:13.898646Z[0m [34mDEBUG[0m [2mhyper::proto::h1::conn[0m[2m:[0m incoming body completed
[2m2025-12-10T10:10:13.898657Z[0m [34mDEBUG[0m [2mhyper::client::pool[0m[2m:[0m pooling idle connection for ("http", 192.168.0.14:8545)
[2m2025-12-10T10:10:13.898665Z[0m [34mDEBUG[0m [2methereum_transaction_pool_monitor::eth_client[0m[2m:[0m 📡 Transaction fetch RPC completed in 7.168ms
[2m2025-12-10T10:10:13.970756Z[0m [34mDEBUG[0m [2methereum_transaction_pool_monitor::eth_client[0m[2m:[0m ✅ Transaction 0xa985cc61954610906a5838771d4ec4220201efe75383888a52716fe09e769af7 fetched and parsed in 79.256958ms
[2m2025-12-10T10:10:13.970778Z[0m [34mDEBUG[0m [2methereum_transaction_pool_monitor::mempool_monitor[0m[2m:[0m 🔍 Skipping tx 0xa985cc61954610906a5838771d4ec4220201efe75383888a52716fe09e769af7 - not a DEX interaction (target: 0xD37BbE5744D730a1d98d8DC97c42F0Ca46aD7146)
[2m2025-12-10T10:10:13.970788Z[0m [34mDEBUG[0m [2methereum_transaction_pool_monitor::mempool_monitor[0m[2m:[0m 📨 Processing new pending transaction: 0x5b408267b623d0d81c826269b120148e2b3fe3254a9a75d1035d0081d04f2e6d
[2m2025-12-10T10:10:13.970796Z[0m [34mDEBUG[0m [2methereum_transaction_pool_monitor::mempool_monitor[0m[2m:[0m 🔍 Fetching transaction details for: 0x5b408267b623d0d81c826269b120148e2b3fe3254a9a75d1035d0081d04f2e6d
[2m2025-12-10T10:10:13.970803Z[0m [34mDEBUG[0m [2methereum_transaction_pool_monitor::eth_client[0m[2m:[0m 🔍 Fetching transaction details for hash: 0x5b408267b623d0d81c826269b120148e2b3fe3254a9a75d1035d0081d04f2e6d
[2m2025-12-10T10:10:13.970822Z[0m [34mDEBUG[0m [2mhyper::client::pool[0m[2m:[0m reuse idle connection for ("http", 192.168.0.14:8545)
[2m2025-12-10T10:10:13.970865Z[0m [34mDEBUG[0m [2mhyper::proto::h1::io[0m[2m:[0m flushed 250 bytes
[2m2025-12-10T10:10:13.970885Z[0m [34mDEBUG[0m [2mhyper::client::pool[0m[2m:[0m reuse idle connection for ("http", 192.168.0.14:8545)
[2m2025-12-10T10:10:13.970899Z[0m [34mDEBUG[0m [2mhyper::proto::h1::io[0m[2m:[0m flushed 172 bytes
[2m2025-12-10T10:10:13.970934Z[0m [34mDEBUG[0m [2methereum_transaction_pool_monitor::eth_client[0m[2m:[0m 📨 Received WebSocket message: {"jsonrpc":"2.0","method":"eth_subscription","params":{"subscription":"0xbed0a0851463e895960a451075a301a9","result":"0xeeb74e1c5b9a48858b043fdaffb795bdc1f4a65a1dd70edd5af6fba6a6b5a948"}}
[2m2025-12-10T10:10:13.970945Z[0m [34mDEBUG[0m [2methereum_transaction_pool_monitor::eth_client[0m[2m:[0m 📨 Received pending transaction: 0xeeb74e1c5b9a48858b043fdaffb795bdc1f4a65a1dd70edd5af6fba6a6b5a948
[2m2025-12-10T10:10:13.977057Z[0m [34mDEBUG[0m [2mhyper::proto::h1::io[0m[2m:[0m parsed 4 headers
[2m2025-12-10T10:10:13.977068Z[0m [34mDEBUG[0m [2mhyper::proto::h1::conn[0m[2m:[0m incoming body is content-length (45 bytes)
[2m2025-12-10T10:10:13.977075Z[0m [34mDEBUG[0m [2mhyper::proto::h1::conn[0m[2m:[0m incoming body completed
[2m2025-12-10T10:10:13.977083Z[0m [34mDEBUG[0m [2mhyper::client::pool[0m[2m:[0m pooling idle connection for ("http", 192.168.0.14:8545)
[2m2025-12-10T10:10:13.977100Z[0m [34mDEBUG[0m [2mhyper::proto::h1::io[0m[2m:[0m parsed 4 headers
[2m2025-12-10T10:10:13.977104Z[0m [34mDEBUG[0m [2mhyper::proto::h1::conn[0m[2m:[0m incoming body is content-length (773 bytes)
[2m2025-12-10T10:10:13.977108Z[0m [34mDEBUG[0m [2mhyper::proto::h1::conn[0m[2m:[0m incoming body completed
[2m2025-12-10T10:10:13.977114Z[0m [34mDEBUG[0m [2mhyper::client::pool[0m[2m:[0m pooling idle connection for ("http", 192.168.0.14:8545)
[2m2025-12-10T10:10:13.977118Z[0m [34mDEBUG[0m [2methereum_transaction_pool_monitor::eth_client[0m[2m:[0m 📡 Transaction fetch RPC completed in 6.309209ms
[2m2025-12-10T10:10:14.047506Z[0m [34mDEBUG[0m [2methereum_transaction_pool_monitor::eth_client[0m[2m:[0m ✅ Transaction 0x5b408267b623d0d81c826269b120148e2b3fe3254a9a75d1035d0081d04f2e6d fetched and parsed in 76.694125ms
[2m2025-12-10T10:10:14.047535Z[0m [34mDEBUG[0m [2methereum_transaction_pool_monitor::mempool_monitor[0m[2m:[0m 🔍 Skipping tx 0x5b408267b623d0d81c826269b120148e2b3fe3254a9a75d1035d0081d04f2e6d - not a DEX interaction (target: 0xFe0c30065B384F05761f15d0CC899D4F9F9Cc0eB)
[2m2025-12-10T10:10:14.047548Z[0m [34mDEBUG[0m [2methereum_transaction_pool_monitor::mempool_monitor[0m[2m:[0m 📨 Processing new pending transaction: 0x1e9ccd248c0bca1ddbfc2b8d690d6d6a3f3a6510217c99ef408644a1ca2214b5
[2m2025-12-10T10:10:14.047560Z[0m [34mDEBUG[0m [2methereum_transaction_pool_monitor::mempool_monitor[0m[2m:[0m 🔍 Fetching transaction details for: 0x1e9ccd248c0bca1ddbfc2b8d690d6d6a3f3a6510217c99ef408644a1ca2214b5
[2m2025-12-10T10:10:14.047569Z[0m [34mDEBUG[0m [2methereum_transaction_pool_monitor::eth_client[0m[2m:[0m 🔍 Fetching transaction details for hash: 0x1e9ccd248c0bca1ddbfc2b8d690d6d6a3f3a6510217c99ef408644a1ca2214b5
[2m2025-12-10T10:10:14.047591Z[0m [34mDEBUG[0m [2mhyper::client::pool[0m[2m:[0m reuse idle connection for ("http", 192.168.0.14:8545)
[2m2025-12-10T10:10:14.047634Z[0m [34mDEBUG[0m [2mhyper::proto::h1::io[0m[2m:[0m flushed 250 bytes
[2m2025-12-10T10:10:14.047653Z[0m [34mDEBUG[0m [2mhyper::client::pool[0m[2m:[0m reuse idle connection for ("http", 192.168.0.14:8545)
[2m2025-12-10T10:10:14.047665Z[0m [34mDEBUG[0m [2mhyper::proto::h1::io[0m[2m:[0m flushed 172 bytes
[2m2025-12-10T10:10:14.047701Z[0m [34mDEBUG[0m [2methereum_transaction_pool_monitor::eth_client[0m[2m:[0m 📨 Received WebSocket message: {"jsonrpc":"2.0","method":"eth_subscription","params":{"subscription":"0xbed0a0851463e895960a451075a301a9","result":"0x09de5b9a78cb063f5d5b639c8d48a914900e9d6ffa06ed3438e6d5a54e720cc1"}}
[2m2025-12-10T10:10:14.047708Z[0m [34mDEBUG[0m [2methereum_transaction_pool_monitor::eth_client[0m[2m:[0m 📨 Received pending transaction: 0x09de5b9a78cb063f5d5b639c8d48a914900e9d6ffa06ed3438e6d5a54e720cc1
[2m2025-12-10T10:10:14.051981Z[0m [34mDEBUG[0m [2mhyper::proto::h1::io[0m[2m:[0m parsed 4 headers
[2m2025-12-10T10:10:14.051997Z[0m [34mDEBUG[0m [2mhyper::proto::h1::conn[0m[2m:[0m incoming body is content-length (1732 bytes)
[2m2025-12-10T10:10:14.052013Z[0m [34mDEBUG[0m [2methereum_transaction_pool_monitor::eth_client[0m[2m:[0m 📡 Transaction fetch RPC completed in 4.4355ms
[2m2025-12-10T10:10:14.053976Z[0m [34mDEBUG[0m [2mhyper::proto::h1::conn[0m[2m:[0m incoming body completed
[2m2025-12-10T10:10:14.054009Z[0m [34mDEBUG[0m [2mhyper::client::pool[0m[2m:[0m pooling idle connection for ("http", 192.168.0.14:8545)
[2m2025-12-10T10:10:14.054039Z[0m [34mDEBUG[0m [2mhyper::proto::h1::io[0m[2m:[0m parsed 4 headers
[2m2025-12-10T10:10:14.054043Z[0m [34mDEBUG[0m [2mhyper::proto::h1::conn[0m[2m:[0m incoming body is content-length (45 bytes)
[2m2025-12-10T10:10:14.054048Z[0m [34mDEBUG[0m [2mhyper::proto::h1::conn[0m[2m:[0m incoming body completed
[2m2025-12-10T10:10:14.054066Z[0m [34mDEBUG[0m [2mhyper::client::pool[0m[2m:[0m pooling idle connection for ("http", 192.168.0.14:8545)
[2m2025-12-10T10:10:14.098701Z[0m [34mDEBUG[0m [2mhyper::client::pool[0m[2m:[0m reuse idle connection for ("http", 192.168.0.14:8545)
[2m2025-12-10T10:10:14.098754Z[0m [34mDEBUG[0m [2mhyper::proto::h1::io[0m[2m:[0m flushed 172 bytes
[2m2025-12-10T10:10:14.103622Z[0m [34mDEBUG[0m [2mhyper::proto::h1::io[0m[2m:[0m parsed 4 headers
[2m2025-12-10T10:10:14.103637Z[0m [34mDEBUG[0m [2mhyper::proto::h1::conn[0m[2m:[0m incoming body is content-length (45 bytes)
[2m2025-12-10T10:10:14.103645Z[0m [34mDEBUG[0m [2mhyper::proto::h1::conn[0m[2m:[0m incoming body completed
[2m2025-12-10T10:10:14.103654Z[0m [34mDEBUG[0m [2mhyper::client::pool[0m[2m:[0m pooling idle connection for ("http", 192.168.0.14:8545)
[2m2025-12-10T10:10:14.126323Z[0m [34mDEBUG[0m [2methereum_transaction_pool_monitor::eth_client[0m[2m:[0m ✅ Transaction 0x1e9ccd248c0bca1ddbfc2b8d690d6d6a3f3a6510217c99ef408644a1ca2214b5 fetched and parsed in 78.743666ms
[2m2025-12-10T10:10:14.126351Z[0m [34mDEBUG[0m [2methereum_transaction_pool_monitor::mempool_monitor[0m[2m:[0m 🔍 Skipping tx 0x1e9ccd248c0bca1ddbfc2b8d690d6d6a3f3a6510217c99ef408644a1ca2214b5 - not a DEX interaction (target: 0x601a2aD6CB5949f0529735254189Ba3194221EDF)
[2m2025-12-10T10:10:14.126365Z[0m [34mDEBUG[0m [2methereum_transaction_pool_monitor::mempool_monitor[0m[2m:[0m 📨 Processing new pending transaction: 0x896d4c6016f029475213476674e154aadbc2744ee554ab1c489e1f11bf806ce0
[2m2025-12-10T10:10:14.126374Z[0m [34mDEBUG[0m [2methereum_transaction_pool_monitor::mempool_monitor[0m[2m:[0m 🔍 Fetching transaction details for: 0x896d4c6016f029475213476674e154aadbc2744ee554ab1c489e1f11bf806ce0
[2m2025-12-10T10:10:14.126383Z[0m [34mDEBUG[0m [2methereum_transaction_pool_monitor::eth_client[0m[2m:[0m 🔍 Fetching transaction details for hash: 0x896d4c6016f029475213476674e154aadbc2744ee554ab1c489e1f11bf806ce0
[2m2025-12-10T10:10:14.126404Z[0m [34mDEBUG[0m [2mhyper::client::pool[0m[2m:[0m reuse idle connection for ("http", 192.168.0.14:8545)
[2m2025-12-10T10:10:14.126447Z[0m [34mDEBUG[0m [2mhyper::proto::h1::io[0m[2m:[0m flushed 250 bytes
[2m2025-12-10T10:10:14.130202Z[0m [34mDEBUG[0m [2mhyper::proto::h1::io[0m[2m:[0m parsed 4 headers
[2m2025-12-10T10:10:14.130213Z[0m [34mDEBUG[0m [2mhyper::proto::h1::conn[0m[2m:[0m incoming body is content-length (773 bytes)
[2m2025-12-10T10:10:14.130221Z[0m [34mDEBUG[0m [2mhyper::proto::h1::conn[0m[2m:[0m incoming body completed
[2m2025-12-10T10:10:14.130230Z[0m [34mDEBUG[0m [2mhyper::client::pool[0m[2m:[0m pooling idle connection for ("http", 192.168.0.14:8545)
[2m2025-12-10T10:10:14.130237Z[0m [34mDEBUG[0m [2methereum_transaction_pool_monitor::eth_client[0m[2m:[0m 📡 Transaction fetch RPC completed in 3.84675ms
[2m2025-12-10T10:10:14.202615Z[0m [34mDEBUG[0m [2methereum_transaction_pool_monitor::eth_client[0m[2m:[0m ✅ Transaction 0x896d4c6016f029475213476674e154aadbc2744ee554ab1c489e1f11bf806ce0 fetched and parsed in 76.222ms
[2m2025-12-10T10:10:14.202643Z[0m [34mDEBUG[0m [2methereum_transaction_pool_monitor::mempool_monitor[0m[2m:[0m 🔍 Skipping tx 0x896d4c6016f029475213476674e154aadbc2744ee554ab1c489e1f11bf806ce0 - not a DEX interaction (target: 0x904567252D8F48555b7447c67dCA23F0372E16be)
[2m2025-12-10T10:10:14.202654Z[0m [34mDEBUG[0m [2methereum_transaction_pool_monitor::mempool_monitor[0m[2m:[0m 📨 Processing new pending transaction: 0xc9942eb508a4dc3cc2054ec9b60427d93da6869dac21b3fe9064218eebffb11e
[2m2025-12-10T10:10:14.202662Z[0m [34mDEBUG[0m [2methereum_transaction_pool_monitor::mempool_monitor[0m[2m:[0m 🔍 Fetching transaction details for: 0xc9942eb508a4dc3cc2054ec9b60427d93da6869dac21b3fe9064218eebffb11e
[2m2025-12-10T10:10:14.202667Z[0m [34mDEBUG[0m [2methereum_transaction_pool_monitor::eth_client[0m[2m:[0m 🔍 Fetching transaction details for hash: 0xc9942eb508a4dc3cc2054ec9b60427d93da6869dac21b3fe9064218eebffb11e
[2m2025-12-10T10:10:14.202685Z[0m [34mDEBUG[0m [2mhyper::client::pool[0m[2m:[0m reuse idle connection for ("http", 192.168.0.14:8545)
[2m2025-12-10T10:10:14.202728Z[0m [34mDEBUG[0m [2mhyper::proto::h1::io[0m[2m:[0m flushed 250 bytes
[2m2025-12-10T10:10:14.202751Z[0m [34mDEBUG[0m [2mhyper::client::pool[0m[2m:[0m reuse idle connection for ("http", 192.168.0.14:8545)
[2m2025-12-10T10:10:14.202764Z[0m [34mDEBUG[0m [2mhyper::proto::h1::io[0m[2m:[0m flushed 172 bytes
[2m2025-12-10T10:10:14.202763Z[0m [34mDEBUG[0m [2methereum_transaction_pool_monitor::eth_client[0m[2m:[0m 📨 Received WebSocket message: {"jsonrpc":"2.0","method":"eth_subscription","params":{"subscription":"0xbed0a0851463e895960a451075a301a9","result":"0x0f1b9e02c4cab9ce645cacdcc4d296d245d903fa46850db7b7d3d8c90ca034a8"}}
[2m2025-12-10T10:10:14.202781Z[0m [34mDEBUG[0m [2methereum_transaction_pool_monitor::eth_client[0m[2m:[0m 📨 Received pending transaction: 0x0f1b9e02c4cab9ce645cacdcc4d296d245d903fa46850db7b7d3d8c90ca034a8
[2m2025-12-10T10:10:14.210405Z[0m [34mDEBUG[0m [2mhyper::proto::h1::io[0m[2m:[0m parsed 4 headers
[2m2025-12-10T10:10:14.210414Z[0m [34mDEBUG[0m [2mhyper::proto::h1::conn[0m[2m:[0m incoming body is content-length (770 bytes)
[2m2025-12-10T10:10:14.210422Z[0m [34mDEBUG[0m [2mhyper::proto::h1::conn[0m[2m:[0m incoming body completed
[2m2025-12-10T10:10:14.210432Z[0m [34mDEBUG[0m [2mhyper::client::pool[0m[2m:[0m pooling idle connection for ("http", 192.168.0.14:8545)
[2m2025-12-10T10:10:14.210441Z[0m [34mDEBUG[0m [2methereum_transaction_pool_monitor::eth_client[0m[2m:[0m 📡 Transaction fetch RPC completed in 7.769041ms
[2m2025-12-10T10:10:14.210457Z[0m [34mDEBUG[0m [2methereum_transaction_pool_monitor::eth_client[0m[2m:[0m DeFi transaction detected - Address: 0xdac17f958d2ee523a2206206994597c13d831ec7, Type: Stablecoin, Value: 0 ETH, Gas: 0.23 Gwei
[2m2025-12-10T10:10:14.210471Z[0m [34mDEBUG[0m [2methereum_transaction_pool_monitor::eth_client[0m[2m:[0m ✅ Transaction 0xc9942eb508a4dc3cc2054ec9b60427d93da6869dac21b3fe9064218eebffb11e fetched and parsed in 7.799ms
[2m2025-12-10T10:10:14.210477Z[0m [34mDEBUG[0m [2methereum_transaction_pool_monitor::mempool_monitor[0m[2m:[0m 🔍 Skipping tx 0xc9942eb508a4dc3cc2054ec9b60427d93da6869dac21b3fe9064218eebffb11e - not a DEX interaction (target: 0xdAC17F958D2ee523a2206206994597C13D831ec7)
[2m2025-12-10T10:10:14.210483Z[0m [34mDEBUG[0m [2methereum_transaction_pool_monitor::mempool_monitor[0m[2m:[0m 📨 Processing new pending transaction: 0x5fd08ecd34c666f5e4f70fb6151c18389128db15c6e5e654dab5169c897e5869
[2m2025-12-10T10:10:14.210488Z[0m [34mDEBUG[0m [2methereum_transaction_pool_monitor::mempool_monitor[0m[2m:[0m 🔍 Fetching transaction details for: 0x5fd08ecd34c666f5e4f70fb6151c18389128db15c6e5e654dab5169c897e5869
[2m2025-12-10T10:10:14.210491Z[0m [34mDEBUG[0m [2methereum_transaction_pool_monitor::eth_client[0m[2m:[0m 🔍 Fetching transaction details for hash: 0x5fd08ecd34c666f5e4f70fb6151c18389128db15c6e5e654dab5169c897e5869
[2m2025-12-10T10:10:14.210502Z[0m [34mDEBUG[0m [2mhyper::client::pool[0m[2m:[0m reuse idle connection for ("http", 192.168.0.14:8545)
[2m2025-12-10T10:10:14.210523Z[0m [34mDEBUG[0m [2mhyper::proto::h1::io[0m[2m:[0m flushed 250 bytes
[2m2025-12-10T10:10:14.210532Z[0m [34mDEBUG[0m [2mhyper::proto::h1::io[0m[2m:[0m parsed 4 headers
[2m2025-12-10T10:10:14.210536Z[0m [34mDEBUG[0m [2mhyper::proto::h1::conn[0m[2m:[0m incoming body is content-length (45 bytes)
[2m2025-12-10T10:10:14.210540Z[0m [34mDEBUG[0m [2mhyper::proto::h1::conn[0m[2m:[0m incoming body completed
[2m2025-12-10T10:10:14.210545Z[0m [34mDEBUG[0m [2mhyper::client::pool[0m[2m:[0m pooling idle connection for ("http", 192.168.0.14:8545)
[2m2025-12-10T10:10:14.217354Z[0m [34mDEBUG[0m [2mhyper::proto::h1::io[0m[2m:[0m parsed 4 headers
[2m2025-12-10T10:10:14.217362Z[0m [34mDEBUG[0m [2mhyper::proto::h1::conn[0m[2m:[0m incoming body is content-length (763 bytes)
[2m2025-12-10T10:10:14.217369Z[0m [34mDEBUG[0m [2mhyper::proto::h1::conn[0m[2m:[0m incoming body completed
[2m2025-12-10T10:10:14.217377Z[0m [34mDEBUG[0m [2mhyper::client::pool[0m[2m:[0m pooling idle connection for ("http", 192.168.0.14:8545)
[2m2025-12-10T10:10:14.217383Z[0m [34mDEBUG[0m [2methereum_transaction_pool_monitor::eth_client[0m[2m:[0m 📡 Transaction fetch RPC completed in 6.887542ms
[2m2025-12-10T10:10:14.289284Z[0m [34mDEBUG[0m [2methereum_transaction_pool_monitor::eth_client[0m[2m:[0m ✅ Transaction 0x5fd08ecd34c666f5e4f70fb6151c18389128db15c6e5e654dab5169c897e5869 fetched and parsed in 78.786542ms
[2m2025-12-10T10:10:14.289326Z[0m [34mDEBUG[0m [2methereum_transaction_pool_monitor::mempool_monitor[0m[2m:[0m 🔍 Skipping tx 0x5fd08ecd34c666f5e4f70fb6151c18389128db15c6e5e654dab5169c897e5869 - not a DEX interaction (target: 0xd50370bEE8bFf23Bbb30ca558a1d0207DBc96ef2)
[2m2025-12-10T10:10:14.289353Z[0m [34mDEBUG[0m [2methereum_transaction_pool_monitor::mempool_monitor[0m[2m:[0m 📨 Processing new pending transaction: 0x355aad849cd5173d150235df88cebbd039535b15a1fa535e82a36e1a0eabd83b
[2m2025-12-10T10:10:14.289373Z[0m [34mDEBUG[0m [2methereum_transaction_pool_monitor::mempool_monitor[0m[2m:[0m 🔍 Fetching transaction details for: 0x355aad849cd5173d150235df88cebbd039535b15a1fa535e82a36e1a0eabd83b
[2m2025-12-10T10:10:14.289391Z[0m [34mDEBUG[0m [2methereum_transaction_pool_monitor::eth_client[0m[2m:[0m 🔍 Fetching transaction details for hash: 0x355aad849cd5173d150235df88cebbd039535b15a1fa535e82a36e1a0eabd83b
[2m2025-12-10T10:10:14.289410Z[0m [34mDEBUG[0m [2mhyper::client::pool[0m[2m:[0m reuse idle connection for ("http", 192.168.0.14:8545)
[2m2025-12-10T10:10:14.289439Z[0m [34mDEBUG[0m [2mhyper::proto::h1::io[0m[2m:[0m flushed 250 bytes
[2m2025-12-10T10:10:14.293679Z[0m [34mDEBUG[0m [2mhyper::proto::h1::io[0m[2m:[0m parsed 4 headers
[2m2025-12-10T10:10:14.293687Z[0m [34mDEBUG[0m [2mhyper::proto::h1::conn[0m[2m:[0m incoming body is content-length (771 bytes)
[2m2025-12-10T10:10:14.293696Z[0m [34mDEBUG[0m [2mhyper::proto::h1::conn[0m[2m:[0m incoming body completed
[2m2025-12-10T10:10:14.293705Z[0m [34mDEBUG[0m [2mhyper::client::pool[0m[2m:[0m pooling idle connection for ("http", 192.168.0.14:8545)
[2m2025-12-10T10:10:14.293712Z[0m [34mDEBUG[0m [2methereum_transaction_pool_monitor::eth_client[0m[2m:[0m 📡 Transaction fetch RPC completed in 4.314417ms
[2m2025-12-10T10:10:14.293727Z[0m [34mDEBUG[0m [2methereum_transaction_pool_monitor::eth_client[0m[2m:[0m DeFi transaction detected - Address: 0xdac17f958d2ee523a2206206994597c13d831ec7, Type: Stablecoin, Value: 0 ETH, Gas: 0.30 Gwei
[2m2025-12-10T10:10:14.293741Z[0m [34mDEBUG[0m [2methereum_transaction_pool_monitor::eth_client[0m[2m:[0m ✅ Transaction 0x355aad849cd5173d150235df88cebbd039535b15a1fa535e82a36e1a0eabd83b fetched and parsed in 4.342792ms
[2m2025-12-10T10:10:14.293746Z[0m [34mDEBUG[0m [2methereum_transaction_pool_monitor::mempool_monitor[0m[2m:[0m 🔍 Skipping tx 0x355aad849cd5173d150235df88cebbd039535b15a1fa535e82a36e1a0eabd83b - not a DEX interaction (target: 0xdAC17F958D2ee523a2206206994597C13D831ec7)
[2m2025-12-10T10:10:14.293752Z[0m [34mDEBUG[0m [2methereum_transaction_pool_monitor::mempool_monitor[0m[2m:[0m 📨 Processing new pending transaction: 0xc04b8df5c006a290758a941745eb8e2f49c471e6d6d5bf016e2a731acb065304
[2m2025-12-10T10:10:14.293756Z[0m [34mDEBUG[0m [2methereum_transaction_pool_monitor::mempool_monitor[0m[2m:[0m 🔍 Fetching transaction details for: 0xc04b8df5c006a290758a941745eb8e2f49c471e6d6d5bf016e2a731acb065304
[2m2025-12-10T10:10:14.293760Z[0m [34mDEBUG[0m [2methereum_transaction_pool_monitor::eth_client[0m[2m:[0m 🔍 Fetching transaction details for hash: 0xc04b8df5c006a290758a941745eb8e2f49c471e6d6d5bf016e2a731acb065304
[2m2025-12-10T10:10:14.293772Z[0m [34mDEBUG[0m [2mhyper::client::pool[0m[2m:[0m reuse idle connection for ("http", 192.168.0.14:8545)
[2m2025-12-10T10:10:14.293789Z[0m [34mDEBUG[0m [2mhyper::proto::h1::io[0m[2m:[0m flushed 250 bytes
[2m2025-12-10T10:10:14.297563Z[0m [34mDEBUG[0m [2mhyper::client::pool[0m[2m:[0m reuse idle connection for ("http", 192.168.0.14:8545)
[2m2025-12-10T10:10:14.297593Z[0m [34mDEBUG[0m [2mhyper::proto::h1::io[0m[2m:[0m flushed 172 bytes
[2m2025-12-10T10:10:14.297780Z[0m [34mDEBUG[0m [2mhyper::proto::h1::io[0m[2m:[0m parsed 4 headers
[2m2025-12-10T10:10:14.297785Z[0m [34mDEBUG[0m [2mhyper::proto::h1::conn[0m[2m:[0m incoming body is content-length (771 bytes)
[2m2025-12-10T10:10:14.297791Z[0m [34mDEBUG[0m [2mhyper::proto::h1::conn[0m[2m:[0m incoming body completed
[2m2025-12-10T10:10:14.297797Z[0m [34mDEBUG[0m [2mhyper::client::pool[0m[2m:[0m pooling idle connection for ("http", 192.168.0.14:8545)
[2m2025-12-10T10:10:14.297803Z[0m [34mDEBUG[0m [2methereum_transaction_pool_monitor::eth_client[0m[2m:[0m 📡 Transaction fetch RPC completed in 4.0395ms
[2m2025-12-10T10:10:14.369369Z[0m [34mDEBUG[0m [2methereum_transaction_pool_monitor::eth_client[0m[2m:[0m ✅ Transaction 0xc04b8df5c006a290758a941745eb8e2f49c471e6d6d5bf016e2a731acb065304 fetched and parsed in 75.603625ms
[2m2025-12-10T10:10:14.369398Z[0m [34mDEBUG[0m [2methereum_transaction_pool_monitor::mempool_monitor[0m[2m:[0m 🔍 Skipping tx 0xc04b8df5c006a290758a941745eb8e2f49c471e6d6d5bf016e2a731acb065304 - not a DEX interaction (target: 0xB8f28C60dD8240141185a192fa4156A23E189305)
[2m2025-12-10T10:10:14.369409Z[0m [34mDEBUG[0m [2methereum_transaction_pool_monitor::mempool_monitor[0m[2m:[0m 📨 Processing new pending transaction: 0x4a2617cd2628466217b85c4b62a1d6dec095ee3bc87f38c0023d5e2b2d62c500
[2m2025-12-10T10:10:14.369418Z[0m [34mDEBUG[0m [2methereum_transaction_pool_monitor::mempool_monitor[0m[2m:[0m 🔍 Fetching transaction details for: 0x4a2617cd2628466217b85c4b62a1d6dec095ee3bc87f38c0023d5e2b2d62c500
[2m2025-12-10T10:10:14.369430Z[0m [34mDEBUG[0m [2methereum_transaction_pool_monitor::eth_client[0m[2m:[0m 🔍 Fetching transaction details for hash: 0x4a2617cd2628466217b85c4b62a1d6dec095ee3bc87f38c0023d5e2b2d62c500
[2m2025-12-10T10:10:14.369446Z[0m [34mDEBUG[0m [2mhyper::client::pool[0m[2m:[0m reuse idle connection for ("http", 192.168.0.14:8545)
[2m2025-12-10T10:10:14.369492Z[0m [34mDEBUG[0m [2mhyper::proto::h1::io[0m[2m:[0m flushed 250 bytes
[2m2025-12-10T10:10:14.369509Z[0m [34mDEBUG[0m [2mhyper::proto::h1::io[0m[2m:[0m parsed 4 headers
[2m2025-12-10T10:10:14.369513Z[0m [34mDEBUG[0m [2mhyper::proto::h1::conn[0m[2m:[0m incoming body is content-length (45 bytes)
[2m2025-12-10T10:10:14.369519Z[0m [34mDEBUG[0m [2mhyper::proto::h1::conn[0m[2m:[0m incoming body completed
[2m2025-12-10T10:10:14.369527Z[0m [34mDEBUG[0m [2mhyper::client::pool[0m[2m:[0m pooling idle connection for ("http", 192.168.0.14:8545)
[2m2025-12-10T10:10:14.373272Z[0m [34mDEBUG[0m [2mhyper::proto::h1::io[0m[2m:[0m parsed 4 headers
[2m2025-12-10T10:10:14.373280Z[0m [34mDEBUG[0m [2mhyper::proto::h1::conn[0m[2m:[0m incoming body is content-length (1069 bytes)
[2m2025-12-10T10:10:14.373286Z[0m [34mDEBUG[0m [2mhyper::proto::h1::conn[0m[2m:[0m incoming body completed
[2m2025-12-10T10:10:14.373293Z[0m [34mDEBUG[0m [2mhyper::client::pool[0m[2m:[0m pooling idle connection for ("http", 192.168.0.14:8545)
[2m2025-12-10T10:10:14.373299Z[0m [34mDEBUG[0m [2methereum_transaction_pool_monitor::eth_client[0m[2m:[0m 📡 Transaction fetch RPC completed in 3.864ms
[2m2025-12-10T10:10:14.444374Z[0m [34mDEBUG[0m [2methereum_transaction_pool_monitor::eth_client[0m[2m:[0m ✅ Transaction 0x4a2617cd2628466217b85c4b62a1d6dec095ee3bc87f38c0023d5e2b2d62c500 fetched and parsed in 74.936292ms
[2m2025-12-10T10:10:14.444399Z[0m [34mDEBUG[0m [2methereum_transaction_pool_monitor::mempool_monitor[0m[2m:[0m 🔍 Skipping tx 0x4a2617cd2628466217b85c4b62a1d6dec095ee3bc87f38c0023d5e2b2d62c500 - not a DEX interaction (target: 0xCf5540fFFCdC3d510B18bFcA6d2b9987b0772559)
[2m2025-12-10T10:10:14.444410Z[0m [34mDEBUG[0m [2methereum_transaction_pool_monitor::mempool_monitor[0m[2m:[0m 📨 Processing new pending transaction: 0x0525335bd58b86d622919b864ef22a53dbc4cfad85c7f73d436ef9583c48c3ce
[2m2025-12-10T10:10:14.444417Z[0m [34mDEBUG[0m [2methereum_transaction_pool_monitor::mempool_monitor[0m[2m:[0m 🔍 Fetching transaction details for: 0x0525335bd58b86d622919b864ef22a53dbc4cfad85c7f73d436ef9583c48c3ce
[2m2025-12-10T10:10:14.444422Z[0m [34mDEBUG[0m [2methereum_transaction_pool_monitor::eth_client[0m[2m:[0m 🔍 Fetching transaction details for hash: 0x0525335bd58b86d622919b864ef22a53dbc4cfad85c7f73d436ef9583c48c3ce
[2m2025-12-10T10:10:14.444440Z[0m [34mDEBUG[0m [2mhyper::client::pool[0m[2m:[0m reuse idle connection for ("http", 192.168.0.14:8545)
[2m2025-12-10T10:10:14.444478Z[0m [34mDEBUG[0m [2mhyper::proto::h1::io[0m[2m:[0m flushed 250 bytes
[2m2025-12-10T10:10:14.444505Z[0m [34mDEBUG[0m [2mhyper::client::pool[0m[2m:[0m reuse idle connection for ("http", 192.168.0.14:8545)
[2m2025-12-10T10:10:14.444519Z[0m [34mDEBUG[0m [2mhyper::proto::h1::io[0m[2m:[0m flushed 172 bytes
[2m2025-12-10T10:10:14.448271Z[0m [34mDEBUG[0m [2mhyper::proto::h1::io[0m[2m:[0m parsed 4 headers
[2m2025-12-10T10:10:14.448280Z[0m [34mDEBUG[0m [2mhyper::proto::h1::conn[0m[2m:[0m incoming body is content-length (45 bytes)
[2m2025-12-10T10:10:14.448286Z[0m [34mDEBUG[0m [2mhyper::proto::h1::conn[0m[2m:[0m incoming body completed
[2m2025-12-10T10:10:14.448295Z[0m [34mDEBUG[0m [2mhyper::client::pool[0m[2m:[0m pooling idle connection for ("http", 192.168.0.14:8545)
[2m2025-12-10T10:10:14.453441Z[0m [34mDEBUG[0m [2mhyper::proto::h1::io[0m[2m:[0m parsed 4 headers
[2m2025-12-10T10:10:14.453473Z[0m [34mDEBUG[0m [2mhyper::proto::h1::conn[0m[2m:[0m incoming body is content-length (767 bytes)
[2m2025-12-10T10:10:14.453498Z[0m [34mDEBUG[0m [2mhyper::proto::h1::conn[0m[2m:[0m incoming body completed
[2m2025-12-10T10:10:14.453523Z[0m [34mDEBUG[0m [2mhyper::client::pool[0m[2m:[0m pooling idle connection for ("http", 192.168.0.14:8545)
[2m2025-12-10T10:10:14.453529Z[0m [34mDEBUG[0m [2methereum_transaction_pool_monitor::eth_client[0m[2m:[0m 📡 Transaction fetch RPC completed in 9.102125ms
[2m2025-12-10T10:10:14.453552Z[0m [34mDEBUG[0m [2methereum_transaction_pool_monitor::eth_client[0m[2m:[0m DeFi transaction detected - Address: 0xdac17f958d2ee523a2206206994597c13d831ec7, Type: Stablecoin, Value: 0 ETH, Gas: 0.25 Gwei
[2m2025-12-10T10:10:14.453566Z[0m [34mDEBUG[0m [2methereum_transaction_pool_monitor::eth_client[0m[2m:[0m ✅ Transaction 0x0525335bd58b86d622919b864ef22a53dbc4cfad85c7f73d436ef9583c48c3ce fetched and parsed in 9.139625ms
[2m2025-12-10T10:10:14.453573Z[0m [34mDEBUG[0m [2methereum_transaction_pool_monitor::mempool_monitor[0m[2m:[0m 🔍 Skipping tx 0x0525335bd58b86d622919b864ef22a53dbc4cfad85c7f73d436ef9583c48c3ce - not a DEX interaction (target: 0xdAC17F958D2ee523a2206206994597C13D831ec7)
[2m2025-12-10T10:10:14.453580Z[0m [34mDEBUG[0m [2methereum_transaction_pool_monitor::mempool_monitor[0m[2m:[0m 📨 Processing new pending transaction: 0x743e5d981e2ad6dc21e60a5607ebafb94b5591e888d9b3be8139b2468bd3c518
[2m2025-12-10T10:10:14.453584Z[0m [34mDEBUG[0m [2methereum_transaction_pool_monitor::mempool_monitor[0m[2m:[0m 🔍 Fetching transaction details for: 0x743e5d981e2ad6dc21e60a5607ebafb94b5591e888d9b3be8139b2468bd3c518
[2m2025-12-10T10:10:14.453588Z[0m [34mDEBUG[0m [2methereum_transaction_pool_monitor::eth_client[0m[2m:[0m 🔍 Fetching transaction details for hash: 0x743e5d981e2ad6dc21e60a5607ebafb94b5591e888d9b3be8139b2468bd3c518
[2m2025-12-10T10:10:14.453600Z[0m [34mDEBUG[0m [2mhyper::client::pool[0m[2m:[0m reuse idle connection for ("http", 192.168.0.14:8545)
[2m2025-12-10T10:10:14.453622Z[0m [34mDEBUG[0m [2mhyper::proto::h1::io[0m[2m:[0m flushed 250 bytes
[2m2025-12-10T10:10:14.459449Z[0m [34mDEBUG[0m [2mhyper::proto::h1::io[0m[2m:[0m parsed 4 headers
[2m2025-12-10T10:10:14.459458Z[0m [34mDEBUG[0m [2mhyper::proto::h1::conn[0m[2m:[0m incoming body is content-length (771 bytes)
[2m2025-12-10T10:10:14.459464Z[0m [34mDEBUG[0m [2mhyper::proto::h1::conn[0m[2m:[0m incoming body completed
[2m2025-12-10T10:10:14.459470Z[0m [34mDEBUG[0m [2mhyper::client::pool[0m[2m:[0m pooling idle connection for ("http", 192.168.0.14:8545)
[2m2025-12-10T10:10:14.459475Z[0m [34mDEBUG[0m [2methereum_transaction_pool_monitor::eth_client[0m[2m:[0m 📡 Transaction fetch RPC completed in 5.883ms
[2m2025-12-10T10:10:14.531155Z[0m [34mDEBUG[0m [2methereum_transaction_pool_monitor::eth_client[0m[2m:[0m ✅ Transaction 0x743e5d981e2ad6dc21e60a5607ebafb94b5591e888d9b3be8139b2468bd3c518 fetched and parsed in 77.560459ms
[2m2025-12-10T10:10:14.531185Z[0m [34mDEBUG[0m [2methereum_transaction_pool_monitor::mempool_monitor[0m[2m:[0m 🔍 Skipping tx 0x743e5d981e2ad6dc21e60a5607ebafb94b5591e888d9b3be8139b2468bd3c518 - not a DEX interaction (target: 0xB8f28C60dD8240141185a192fa4156A23E189305)
[2m2025-12-10T10:10:14.531195Z[0m [34mDEBUG[0m [2methereum_transaction_pool_monitor::mempool_monitor[0m[2m:[0m 📨 Processing new pending transaction: 0x7b364bbb8b310b3adfca27305cff814082d9a42778cb3697f93ff8da500a66ce
[2m2025-12-10T10:10:14.531209Z[0m [34mDEBUG[0m [2methereum_transaction_pool_monitor::mempool_monitor[0m[2m:[0m 🔍 Fetching transaction details for: 0x7b364bbb8b310b3adfca27305cff814082d9a42778cb3697f93ff8da500a66ce
[2m2025-12-10T10:10:14.531218Z[0m [34mDEBUG[0m [2methereum_transaction_pool_monitor::eth_client[0m[2m:[0m 🔍 Fetching transaction details for hash: 0x7b364bbb8b310b3adfca27305cff814082d9a42778cb3697f93ff8da500a66ce
[2m2025-12-10T10:10:14.531237Z[0m [34mDEBUG[0m [2mhyper::client::pool[0m[2m:[0m reuse idle connection for ("http", 192.168.0.14:8545)
[2m2025-12-10T10:10:14.531276Z[0m [34mDEBUG[0m [2mhyper::proto::h1::io[0m[2m:[0m flushed 250 bytes
[2m2025-12-10T10:10:14.531308Z[0m [34mDEBUG[0m [2mhyper::client::pool[0m[2m:[0m reuse idle connection for ("http", 192.168.0.14:8545)
[2m2025-12-10T10:10:14.531323Z[0m [34mDEBUG[0m [2mhyper::proto::h1::io[0m[2m:[0m flushed 172 bytes
[2m2025-12-10T10:10:14.536157Z[0m [34mDEBUG[0m [2mhyper::proto::h1::io[0m[2m:[0m parsed 4 headers
[2m2025-12-10T10:10:14.536166Z[0m [34mDEBUG[0m [2mhyper::proto::h1::conn[0m[2m:[0m incoming body is content-length (770 bytes)
[2m2025-12-10T10:10:14.536174Z[0m [34mDEBUG[0m [2mhyper::proto::h1::conn[0m[2m:[0m incoming body completed
[2m2025-12-10T10:10:14.536184Z[0m [34mDEBUG[0m [2mhyper::client::pool[0m[2m:[0m pooling idle connection for ("http", 192.168.0.14:8545)
[2m2025-12-10T10:10:14.536191Z[0m [34mDEBUG[0m [2methereum_transaction_pool_monitor::eth_client[0m[2m:[0m 📡 Transaction fetch RPC completed in 4.966959ms
[2m2025-12-10T10:10:14.536204Z[0m [34mDEBUG[0m [2methereum_transaction_pool_monitor::eth_client[0m[2m:[0m DeFi transaction detected - Address: 0xdac17f958d2ee523a2206206994597c13d831ec7, Type: Stablecoin, Value: 0 ETH, Gas: 1.75 Gwei
[2m2025-12-10T10:10:14.536219Z[0m [34mDEBUG[0m [2methereum_transaction_pool_monitor::eth_client[0m[2m:[0m ✅ Transaction 0x7b364bbb8b310b3adfca27305cff814082d9a42778cb3697f93ff8da500a66ce fetched and parsed in 4.994834ms
[2m2025-12-10T10:10:14.536225Z[0m [34mDEBUG[0m [2methereum_transaction_pool_monitor::mempool_monitor[0m[2m:[0m 🔍 Skipping tx 0x7b364bbb8b310b3adfca27305cff814082d9a42778cb3697f93ff8da500a66ce - not a DEX interaction (target: 0xdAC17F958D2ee523a2206206994597C13D831ec7)
[2m2025-12-10T10:10:14.536234Z[0m [34mDEBUG[0m [2methereum_transaction_pool_monitor::mempool_monitor[0m[2m:[0m 📨 Processing new pending transaction: 0xbc3610390255a5d482b1d6549dc38046bf61ddf9bef3441b5608f48c2c26bf79
[2m2025-12-10T10:10:14.536240Z[0m [34mDEBUG[0m [2methereum_transaction_pool_monitor::mempool_monitor[0m[2m:[0m 🔍 Fetching transaction details for: 0xbc3610390255a5d482b1d6549dc38046bf61ddf9bef3441b5608f48c2c26bf79
[2m2025-12-10T10:10:14.536245Z[0m [34mDEBUG[0m [2methereum_transaction_pool_monitor::eth_client[0m[2m:[0m 🔍 Fetching transaction details for hash: 0xbc3610390255a5d482b1d6549dc38046bf61ddf9bef3441b5608f48c2c26bf79
[2m2025-12-10T10:10:14.536256Z[0m [34mDEBUG[0m [2mhyper::client::pool[0m[2m:[0m reuse idle connection for ("http", 192.168.0.14:8545)
[2m2025-12-10T10:10:14.536278Z[0m [34mDEBUG[0m [2mhyper::proto::h1::io[0m[2m:[0m flushed 250 bytes
[2m2025-12-10T10:10:14.536287Z[0m [34mDEBUG[0m [2mhyper::proto::h1::io[0m[2m:[0m parsed 4 headers
[2m2025-12-10T10:10:14.536291Z[0m [34mDEBUG[0m [2mhyper::proto::h1::conn[0m[2m:[0m incoming body is content-length (45 bytes)
[2m2025-12-10T10:10:14.536295Z[0m [34mDEBUG[0m [2mhyper::proto::h1::conn[0m[2m:[0m incoming body completed
[2m2025-12-10T10:10:14.536300Z[0m [34mDEBUG[0m [2mhyper::client::pool[0m[2m:[0m pooling idle connection for ("http", 192.168.0.14:8545)
[2m2025-12-10T10:10:14.540648Z[0m [34mDEBUG[0m [2mhyper::proto::h1::io[0m[2m:[0m parsed 4 headers
[2m2025-12-10T10:10:14.540658Z[0m [34mDEBUG[0m [2mhyper::proto::h1::conn[0m[2m:[0m incoming body is content-length (705 bytes)
[2m2025-12-10T10:10:14.540664Z[0m [34mDEBUG[0m [2mhyper::proto::h1::conn[0m[2m:[0m incoming body completed
[2m2025-12-10T10:10:14.540670Z[0m [34mDEBUG[0m [2mhyper::client::pool[0m[2m:[0m pooling idle connection for ("http", 192.168.0.14:8545)
[2m2025-12-10T10:10:14.540676Z[0m [34mDEBUG[0m [2methereum_transaction_pool_monitor::eth_client[0m[2m:[0m 📡 Transaction fetch RPC completed in 4.426209ms
[2m2025-12-10T10:10:14.612113Z[0m [34mDEBUG[0m [2methereum_transaction_pool_monitor::eth_client[0m[2m:[0m ✅ Transaction 0xbc3610390255a5d482b1d6549dc38046bf61ddf9bef3441b5608f48c2c26bf79 fetched and parsed in 75.8615ms
[2m2025-12-10T10:10:14.612141Z[0m [34mDEBUG[0m [2methereum_transaction_pool_monitor::mempool_monitor[0m[2m:[0m 🔍 Skipping tx 0xbc3610390255a5d482b1d6549dc38046bf61ddf9bef3441b5608f48c2c26bf79 - not a DEX interaction (target: 0xA0b86991c6218b36c1d19D4a2e9Eb0cE3606eB48)
[2m2025-12-10T10:10:14.612150Z[0m [34mDEBUG[0m [2methereum_transaction_pool_monitor::mempool_monitor[0m[2m:[0m 📨 Processing new pending transaction: 0xbd8ade26db825251400205089d0adb07e9c8dc5ea65e95fd1cef9b2f02944b1d
[2m2025-12-10T10:10:14.612156Z[0m [34mDEBUG[0m [2methereum_transaction_pool_monitor::mempool_monitor[0m[2m:[0m 🔍 Fetching transaction details for: 0xbd8ade26db825251400205089d0adb07e9c8dc5ea65e95fd1cef9b2f02944b1d
[2m2025-12-10T10:10:14.612162Z[0m [34mDEBUG[0m [2methereum_transaction_pool_monitor::eth_client[0m[2m:[0m 🔍 Fetching transaction details for hash: 0xbd8ade26db825251400205089d0adb07e9c8dc5ea65e95fd1cef9b2f02944b1d
[2m2025-12-10T10:10:14.612182Z[0m [34mDEBUG[0m [2mhyper::client::pool[0m[2m:[0m reuse idle connection for ("http", 192.168.0.14:8545)
[2m2025-12-10T10:10:14.612224Z[0m [34mDEBUG[0m [2mhyper::proto::h1::io[0m[2m:[0m flushed 250 bytes
[2m2025-12-10T10:10:14.612252Z[0m [34mDEBUG[0m [2mhyper::client::pool[0m[2m:[0m reuse idle connection for ("http", 192.168.0.14:8545)
[2m2025-12-10T10:10:14.612269Z[0m [34mDEBUG[0m [2mhyper::proto::h1::io[0m[2m:[0m flushed 172 bytes
[2m2025-12-10T10:10:14.616612Z[0m [34mDEBUG[0m [2mhyper::proto::h1::io[0m[2m:[0m parsed 4 headers
[2m2025-12-10T10:10:14.616618Z[0m [34mDEBUG[0m [2mhyper::proto::h1::conn[0m[2m:[0m incoming body is content-length (770 bytes)
[2m2025-12-10T10:10:14.616627Z[0m [34mDEBUG[0m [2mhyper::proto::h1::conn[0m[2m:[0m incoming body completed
[2m2025-12-10T10:10:14.616638Z[0m [34mDEBUG[0m [2mhyper::client::pool[0m[2m:[0m pooling idle connection for ("http", 192.168.0.14:8545)
[2m2025-12-10T10:10:14.616649Z[0m [34mDEBUG[0m [2methereum_transaction_pool_monitor::eth_client[0m[2m:[0m 📡 Transaction fetch RPC completed in 4.481583ms
[2m2025-12-10T10:10:14.616664Z[0m [34mDEBUG[0m [2methereum_transaction_pool_monitor::eth_client[0m[2m:[0m DeFi transaction detected - Address: 0xdac17f958d2ee523a2206206994597c13d831ec7, Type: Stablecoin, Value: 0 ETH, Gas: 0.32 Gwei
[2m2025-12-10T10:10:14.616680Z[0m [34mDEBUG[0m [2methereum_transaction_pool_monitor::eth_client[0m[2m:[0m ✅ Transaction 0xbd8ade26db825251400205089d0adb07e9c8dc5ea65e95fd1cef9b2f02944b1d fetched and parsed in 4.512417ms
[2m2025-12-10T10:10:14.616688Z[0m [34mDEBUG[0m [2methereum_transaction_pool_monitor::mempool_monitor[0m[2m:[0m 🔍 Skipping tx 0xbd8ade26db825251400205089d0adb07e9c8dc5ea65e95fd1cef9b2f02944b1d - not a DEX interaction (target: 0xdAC17F958D2ee523a2206206994597C13D831ec7)
[2m2025-12-10T10:10:14.616696Z[0m [34mDEBUG[0m [2methereum_transaction_pool_monitor::mempool_monitor[0m[2m:[0m 📨 Processing new pending transaction: 0x979d40170b01974e495b5b92a1744294df4a8037e627eb8c03748895e46cd4f1
[2m2025-12-10T10:10:14.616704Z[0m [34mDEBUG[0m [2methereum_transaction_pool_monitor::mempool_monitor[0m[2m:[0m 🔍 Fetching transaction details for: 0x979d40170b01974e495b5b92a1744294df4a8037e627eb8c03748895e46cd4f1
[2m2025-12-10T10:10:14.616710Z[0m [34mDEBUG[0m [2methereum_transaction_pool_monitor::eth_client[0m[2m:[0m 🔍 Fetching transaction details for hash: 0x979d40170b01974e495b5b92a1744294df4a8037e627eb8c03748895e46cd4f1
[2m2025-12-10T10:10:14.616718Z[0m [34mDEBUG[0m [2mhyper::client::pool[0m[2m:[0m reuse idle connection for ("http", 192.168.0.14:8545)
[2m2025-12-10T10:10:14.616732Z[0m [34mDEBUG[0m [2mhyper::proto::h1::io[0m[2m:[0m flushed 250 bytes
[2m2025-12-10T10:10:14.616740Z[0m [34mDEBUG[0m [2mhyper::proto::h1::io[0m[2m:[0m parsed 4 headers
[2m2025-12-10T10:10:14.616744Z[0m [34mDEBUG[0m [2mhyper::proto::h1::conn[0m[2m:[0m incoming body is content-length (45 bytes)
[2m2025-12-10T10:10:14.616748Z[0m [34mDEBUG[0m [2mhyper::proto::h1::conn[0m[2m:[0m incoming body completed
[2m2025-12-10T10:10:14.616752Z[0m [34mDEBUG[0m [2mhyper::client::pool[0m[2m:[0m pooling idle connection for ("http", 192.168.0.14:8545)
[2m2025-12-10T10:10:14.619329Z[0m [34mDEBUG[0m [2methereum_transaction_pool_monitor::eth_client[0m[2m:[0m 📨 Received WebSocket message: {"jsonrpc":"2.0","method":"eth_subscription","params":{"subscription":"0xbed0a0851463e895960a451075a301a9","result":"0xcb0d1309f46c53c7265d8c6768e76fed6ad02bfe67cd8f2579d60b56ad08274d"}}
[2m2025-12-10T10:10:14.619337Z[0m [34mDEBUG[0m [2methereum_transaction_pool_monitor::eth_client[0m[2m:[0m 📨 Received pending transaction: 0xcb0d1309f46c53c7265d8c6768e76fed6ad02bfe67cd8f2579d60b56ad08274d
[2m2025-12-10T10:10:14.630539Z[0m [34mDEBUG[0m [2mhyper::proto::h1::io[0m[2m:[0m parsed 4 headers
[2m2025-12-10T10:10:14.630547Z[0m [34mDEBUG[0m [2mhyper::proto::h1::conn[0m[2m:[0m incoming body is content-length (647 bytes)
[2m2025-12-10T10:10:14.630553Z[0m [34mDEBUG[0m [2mhyper::proto::h1::conn[0m[2m:[0m incoming body completed
[2m2025-12-10T10:10:14.630562Z[0m [34mDEBUG[0m [2mhyper::client::pool[0m[2m:[0m pooling idle connection for ("http", 192.168.0.14:8545)
[2m2025-12-10T10:10:14.630568Z[0m [34mDEBUG[0m [2methereum_transaction_pool_monitor::eth_client[0m[2m:[0m 📡 Transaction fetch RPC completed in 13.8535ms
[2m2025-12-10T10:10:14.701440Z[0m [34mDEBUG[0m [2methereum_transaction_pool_monitor::eth_client[0m[2m:[0m ✅ Transaction 0x979d40170b01974e495b5b92a1744294df4a8037e627eb8c03748895e46cd4f1 fetched and parsed in 84.723458ms
[2m2025-12-10T10:10:14.701468Z[0m [34mDEBUG[0m [2methereum_transaction_pool_monitor::mempool_monitor[0m[2m:[0m 🔍 Skipping tx 0x979d40170b01974e495b5b92a1744294df4a8037e627eb8c03748895e46cd4f1 - not a DEX interaction (target: 0x75765042B41541Dd45Cb2330F894ef4677872254)
[2m2025-12-10T10:10:14.701480Z[0m [34mDEBUG[0m [2methereum_transaction_pool_monitor::mempool_monitor[0m[2m:[0m 📨 Processing new pending transaction: 0x8ed0a7230cc8c557eab447490665611ec2c14f28144e4e2570cd4ede757d5620
[2m2025-12-10T10:10:14.701490Z[0m [34mDEBUG[0m [2methereum_transaction_pool_monitor::mempool_monitor[0m[2m:[0m 🔍 Fetching transaction details for: 0x8ed0a7230cc8c557eab447490665611ec2c14f28144e4e2570cd4ede757d5620
[2m2025-12-10T10:10:14.701500Z[0m [34mDEBUG[0m [2methereum_transaction_pool_monitor::eth_client[0m[2m:[0m 🔍 Fetching transaction details for hash: 0x8ed0a7230cc8c557eab447490665611ec2c14f28144e4e2570cd4ede757d5620
[2m2025-12-10T10:10:14.701521Z[0m [34mDEBUG[0m [2mhyper::client::pool[0m[2m:[0m reuse idle connection for ("http", 192.168.0.14:8545)
[2m2025-12-10T10:10:14.701561Z[0m [34mDEBUG[0m [2mhyper::proto::h1::io[0m[2m:[0m flushed 250 bytes
[2m2025-12-10T10:10:14.701583Z[0m [34mDEBUG[0m [2mhyper::client::pool[0m[2m:[0m reuse idle connection for ("http", 192.168.0.14:8545)
[2m2025-12-10T10:10:14.701601Z[0m [34mDEBUG[0m [2mhyper::proto::h1::io[0m[2m:[0m flushed 172 bytes
[2m2025-12-10T10:10:14.701638Z[0m [34mDEBUG[0m [2methereum_transaction_pool_monitor::eth_client[0m[2m:[0m 📨 Received WebSocket message: {"jsonrpc":"2.0","method":"eth_subscription","params":{"subscription":"0xbed0a0851463e895960a451075a301a9","result":"0xcebf190966dc52c3bfda267530fcc388f60f750e23e052e3128fdaf45a98ba06"}}
[2m2025-12-10T10:10:14.701648Z[0m [34mDEBUG[0m [2methereum_transaction_pool_monitor::eth_client[0m[2m:[0m 📨 Received pending transaction: 0xcebf190966dc52c3bfda267530fcc388f60f750e23e052e3128fdaf45a98ba06
[2m2025-12-10T10:10:14.705336Z[0m [34mDEBUG[0m [2mhyper::proto::h1::io[0m[2m:[0m parsed 4 headers
[2m2025-12-10T10:10:14.705342Z[0m [34mDEBUG[0m [2mhyper::proto::h1::conn[0m[2m:[0m incoming body is content-length (45 bytes)
[2m2025-12-10T10:10:14.705350Z[0m [34mDEBUG[0m [2mhyper::proto::h1::conn[0m[2m:[0m incoming body completed
[2m2025-12-10T10:10:14.705358Z[0m [34mDEBUG[0m [2mhyper::client::pool[0m[2m:[0m pooling idle connection for ("http", 192.168.0.14:8545)
[2m2025-12-10T10:10:14.707557Z[0m [34mDEBUG[0m [2mhyper::proto::h1::io[0m[2m:[0m parsed 4 headers
[2m2025-12-10T10:10:14.707563Z[0m [34mDEBUG[0m [2mhyper::proto::h1::conn[0m[2m:[0m incoming body is content-length (3159 bytes)
[2m2025-12-10T10:10:14.707570Z[0m [34mDEBUG[0m [2mhyper::proto::h1::conn[0m[2m:[0m incoming body completed
[2m2025-12-10T10:10:14.707575Z[0m [34mDEBUG[0m [2mhyper::client::pool[0m[2m:[0m pooling idle connection for ("http", 192.168.0.14:8545)
[2m2025-12-10T10:10:14.707584Z[0m [34mDEBUG[0m [2methereum_transaction_pool_monitor::eth_client[0m[2m:[0m 📡 Transaction fetch RPC completed in 6.075791ms
[2m2025-12-10T10:10:14.779598Z[0m [34mDEBUG[0m [2methereum_transaction_pool_monitor::eth_client[0m[2m:[0m ✅ Transaction 0x8ed0a7230cc8c557eab447490665611ec2c14f28144e4e2570cd4ede757d5620 fetched and parsed in 78.088083ms
[2m2025-12-10T10:10:14.779628Z[0m [34mDEBUG[0m [2methereum_transaction_pool_monitor::mempool_monitor[0m[2m:[0m 🔍 Skipping tx 0x8ed0a7230cc8c557eab447490665611ec2c14f28144e4e2570cd4ede757d5620 - not a DEX interaction (target: 0x66a9893cC07D91D95644AEDD05D03f95e1dBA8Af)
[2m2025-12-10T10:10:14.779639Z[0m [34mDEBUG[0m [2methereum_transaction_pool_monitor::mempool_monitor[0m[2m:[0m 📨 Processing new pending transaction: 0x08953217877c80a36eba48da8a35ec919d0bf8f989721c955f3ed1ace08d075f
[2m2025-12-10T10:10:14.779654Z[0m [34mDEBUG[0m [2methereum_transaction_pool_monitor::mempool_monitor[0m[2m:[0m 🔍 Fetching transaction details for: 0x08953217877c80a36eba48da8a35ec919d0bf8f989721c955f3ed1ace08d075f
[2m2025-12-10T10:10:14.779661Z[0m [34mDEBUG[0m [2methereum_transaction_pool_monitor::eth_client[0m[2m:[0m 🔍 Fetching transaction details for hash: 0x08953217877c80a36eba48da8a35ec919d0bf8f989721c955f3ed1ace08d075f
[2m2025-12-10T10:10:14.779683Z[0m [34mDEBUG[0m [2mhyper::client::pool[0m[2m:[0m reuse idle connection for ("http", 192.168.0.14:8545)
[2m2025-12-10T10:10:14.779725Z[0m [34mDEBUG[0m [2mhyper::proto::h1::io[0m[2m:[0m flushed 250 bytes
[2m2025-12-10T10:10:14.788709Z[0m [34mDEBUG[0m [2mhyper::proto::h1::io[0m[2m:[0m parsed 4 headers
[2m2025-12-10T10:10:14.788720Z[0m [34mDEBUG[0m [2mhyper::proto::h1::conn[0m[2m:[0m incoming body is content-length (1667 bytes)
[2m2025-12-10T10:10:14.788735Z[0m [34mDEBUG[0m [2methereum_transaction_pool_monitor::eth_client[0m[2m:[0m 📡 Transaction fetch RPC completed in 9.065167ms
[2m2025-12-10T10:10:14.789593Z[0m [34mDEBUG[0m [2mhyper::proto::h1::conn[0m[2m:[0m incoming body completed
[2m2025-12-10T10:10:14.789603Z[0m [34mDEBUG[0m [2mhyper::client::pool[0m[2m:[0m pooling idle connection for ("http", 192.168.0.14:8545)
[2m2025-12-10T10:10:14.798382Z[0m [34mDEBUG[0m [2mhyper::client::pool[0m[2m:[0m reuse idle connection for ("http", 192.168.0.14:8545)
[2m2025-12-10T10:10:14.798427Z[0m [34mDEBUG[0m [2mhyper::proto::h1::io[0m[2m:[0m flushed 172 bytes
[2m2025-12-10T10:10:14.801988Z[0m [34mDEBUG[0m [2mhyper::proto::h1::io[0m[2m:[0m parsed 4 headers
[2m2025-12-10T10:10:14.802003Z[0m [34mDEBUG[0m [2mhyper::proto::h1::conn[0m[2m:[0m incoming body is content-length (45 bytes)
[2m2025-12-10T10:10:14.802011Z[0m [34mDEBUG[0m [2mhyper::proto::h1::conn[0m[2m:[0m incoming body completed
[2m2025-12-10T10:10:14.802020Z[0m [34mDEBUG[0m [2mhyper::client::pool[0m[2m:[0m pooling idle connection for ("http", 192.168.0.14:8545)
[2m2025-12-10T10:10:14.861300Z[0m [34mDEBUG[0m [2methereum_transaction_pool_monitor::eth_client[0m[2m:[0m ✅ Transaction 0x08953217877c80a36eba48da8a35ec919d0bf8f989721c955f3ed1ace08d075f fetched and parsed in 81.627792ms
[2m2025-12-10T10:10:14.861325Z[0m [34mDEBUG[0m [2methereum_transaction_pool_monitor::mempool_monitor[0m[2m:[0m 🔍 Skipping tx 0x08953217877c80a36eba48da8a35ec919d0bf8f989721c955f3ed1ace08d075f - not a DEX interaction (target: 0xbB5FD31F39eDb1218f8B742B9d209D4851BB2eE9)
[2m2025-12-10T10:10:14.861335Z[0m [34mDEBUG[0m [2methereum_transaction_pool_monitor::mempool_monitor[0m[2m:[0m 📨 Processing new pending transaction: 0xf259cfad906b0ee0e072004eb4e1807cde3b58d1dce5f00ad1f45280318eab1b
[2m2025-12-10T10:10:14.861343Z[0m [34mDEBUG[0m [2methereum_transaction_pool_monitor::mempool_monitor[0m[2m:[0m 🔍 Fetching transaction details for: 0xf259cfad906b0ee0e072004eb4e1807cde3b58d1dce5f00ad1f45280318eab1b
[2m2025-12-10T10:10:14.861349Z[0m [34mDEBUG[0m [2methereum_transaction_pool_monitor::eth_client[0m[2m:[0m 🔍 Fetching transaction details for hash: 0xf259cfad906b0ee0e072004eb4e1807cde3b58d1dce5f00ad1f45280318eab1b
[2m2025-12-10T10:10:14.861368Z[0m [34mDEBUG[0m [2mhyper::client::pool[0m[2m:[0m reuse idle connection for ("http", 192.168.0.14:8545)
[2m2025-12-10T10:10:14.861407Z[0m [34mDEBUG[0m [2mhyper::proto::h1::io[0m[2m:[0m flushed 250 bytes
[2m2025-12-10T10:10:14.866697Z[0m [34mDEBUG[0m [2mhyper::proto::h1::io[0m[2m:[0m parsed 4 headers
[2m2025-12-10T10:10:14.866725Z[0m [34mDEBUG[0m [2mhyper::proto::h1::conn[0m[2m:[0m incoming body is content-length (766 bytes)
[2m2025-12-10T10:10:14.866746Z[0m [34mDEBUG[0m [2mhyper::proto::h1::conn[0m[2m:[0m incoming body completed
[2m2025-12-10T10:10:14.866771Z[0m [34mDEBUG[0m [2mhyper::client::pool[0m[2m:[0m pooling idle connection for ("http", 192.168.0.14:8545)
[2m2025-12-10T10:10:14.866778Z[0m [34mDEBUG[0m [2methereum_transaction_pool_monitor::eth_client[0m[2m:[0m 📡 Transaction fetch RPC completed in 5.424667ms
[2m2025-12-10T10:10:14.866793Z[0m [34mDEBUG[0m [2methereum_transaction_pool_monitor::eth_client[0m[2m:[0m DeFi transaction detected - Address: 0xdac17f958d2ee523a2206206994597c13d831ec7, Type: Stablecoin, Value: 0 ETH, Gas: 0.25 Gwei
[2m2025-12-10T10:10:14.866806Z[0m [34mDEBUG[0m [2methereum_transaction_pool_monitor::eth_client[0m[2m:[0m ✅ Transaction 0xf259cfad906b0ee0e072004eb4e1807cde3b58d1dce5f00ad1f45280318eab1b fetched and parsed in 5.452667ms
[2m2025-12-10T10:10:14.866812Z[0m [34mDEBUG[0m [2methereum_transaction_pool_monitor::mempool_monitor[0m[2m:[0m 🔍 Skipping tx 0xf259cfad906b0ee0e072004eb4e1807cde3b58d1dce5f00ad1f45280318eab1b - not a DEX interaction (target: 0xdAC17F958D2ee523a2206206994597C13D831ec7)
[2m2025-12-10T10:10:14.866818Z[0m [34mDEBUG[0m [2methereum_transaction_pool_monitor::mempool_monitor[0m[2m:[0m 📨 Processing new pending transaction: 0xaa87d8716ddc159a0d6faf6ac0d24038c2ab55606a93e911dcea2bc66d5dfcef
[2m2025-12-10T10:10:14.866822Z[0m [34mDEBUG[0m [2methereum_transaction_pool_monitor::mempool_monitor[0m[2m:[0m 🔍 Fetching transaction details for: 0xaa87d8716ddc159a0d6faf6ac0d24038c2ab55606a93e911dcea2bc66d5dfcef
[2m2025-12-10T10:10:14.866826Z[0m [34mDEBUG[0m [2methereum_transaction_pool_monitor::eth_client[0m[2m:[0m 🔍 Fetching transaction details for hash: 0xaa87d8716ddc159a0d6faf6ac0d24038c2ab55606a93e911dcea2bc66d5dfcef
[2m2025-12-10T10:10:14.866835Z[0m [34mDEBUG[0m [2mhyper::client::pool[0m[2m:[0m reuse idle connection for ("http", 192.168.0.14:8545)
[2m2025-12-10T10:10:14.866851Z[0m [34mDEBUG[0m [2mhyper::proto::h1::io[0m[2m:[0m flushed 250 bytes
[2m2025-12-10T10:10:14.871953Z[0m [34mDEBUG[0m [2mhyper::proto::h1::io[0m[2m:[0m parsed 4 headers
[2m2025-12-10T10:10:14.871960Z[0m [34mDEBUG[0m [2mhyper::proto::h1::conn[0m[2m:[0m incoming body is content-length (1988 bytes)
[2m2025-12-10T10:10:14.871969Z[0m [34mDEBUG[0m [2methereum_transaction_pool_monitor::eth_client[0m[2m:[0m 📡 Transaction fetch RPC completed in 5.139125ms
[2m2025-12-10T10:10:14.874510Z[0m [34mDEBUG[0m [2mhyper::proto::h1::conn[0m[2m:[0m incoming body completed
[2m2025-12-10T10:10:14.874542Z[0m [34mDEBUG[0m [2mhyper::client::pool[0m[2m:[0m pooling idle connection for ("http", 192.168.0.14:8545)
[2m2025-12-10T10:10:14.887503Z[0m [34mDEBUG[0m [2methereum_transaction_pool_monitor::eth_client[0m[2m:[0m 📨 Received WebSocket message: {"jsonrpc":"2.0","method":"eth_subscription","params":{"subscription":"0xbed0a0851463e895960a451075a301a9","result":"0xccc00b9ef84ab8ce8c2c5d37d0d042506081055de78b874facdbc46d9ab5bc65"}}
[2m2025-12-10T10:10:14.887522Z[0m [34mDEBUG[0m [2methereum_transaction_pool_monitor::eth_client[0m[2m:[0m 📨 Received pending transaction: 0xccc00b9ef84ab8ce8c2c5d37d0d042506081055de78b874facdbc46d9ab5bc65
[2m2025-12-10T10:10:14.898236Z[0m [34mDEBUG[0m [2mhyper::client::pool[0m[2m:[0m reuse idle connection for ("http", 192.168.0.14:8545)
[2m2025-12-10T10:10:14.898288Z[0m [34mDEBUG[0m [2mhyper::proto::h1::io[0m[2m:[0m flushed 172 bytes
[2m2025-12-10T10:10:14.902307Z[0m [34mDEBUG[0m [2mhyper::proto::h1::io[0m[2m:[0m parsed 4 headers
[2m2025-12-10T10:10:14.905708Z[0m [34mDEBUG[0m [2mhyper::proto::h1::conn[0m[2m:[0m incoming body is content-length (45 bytes)
[2m2025-12-10T10:10:14.905718Z[0m [34mDEBUG[0m [2mhyper::proto::h1::conn[0m[2m:[0m incoming body completed
[2m2025-12-10T10:10:14.905728Z[0m [34mDEBUG[0m [2mhyper::client::pool[0m[2m:[0m pooling idle connection for ("http", 192.168.0.14:8545)
[2m2025-12-10T10:10:14.943701Z[0m [34mDEBUG[0m [2methereum_transaction_pool_monitor::eth_client[0m[2m:[0m ✅ Transaction 0xaa87d8716ddc159a0d6faf6ac0d24038c2ab55606a93e911dcea2bc66d5dfcef fetched and parsed in 76.868375ms
[2m2025-12-10T10:10:14.943729Z[0m [34mDEBUG[0m [2methereum_transaction_pool_monitor::mempool_monitor[0m[2m:[0m 🔍 Skipping tx 0xaa87d8716ddc159a0d6faf6ac0d24038c2ab55606a93e911dcea2bc66d5dfcef - not a DEX interaction (target: 0x888888888889758F76e7103c6CbF23ABbF58F946)
[2m2025-12-10T10:10:14.943738Z[0m [34mDEBUG[0m [2methereum_transaction_pool_monitor::mempool_monitor[0m[2m:[0m 📨 Processing new pending transaction: 0xf5d5a6f31f3c9c70a3de51763f311d8d5866d218ad12826bc470df21b41accb0
[2m2025-12-10T10:10:14.943743Z[0m [34mDEBUG[0m [2methereum_transaction_pool_monitor::mempool_monitor[0m[2m:[0m 🔍 Fetching transaction details for: 0xf5d5a6f31f3c9c70a3de51763f311d8d5866d218ad12826bc470df21b41accb0
[2m2025-12-10T10:10:14.943747Z[0m [34mDEBUG[0m [2methereum_transaction_pool_monitor::eth_client[0m[2m:[0m 🔍 Fetching transaction details for hash: 0xf5d5a6f31f3c9c70a3de51763f311d8d5866d218ad12826bc470df21b41accb0
[2m2025-12-10T10:10:14.943766Z[0m [34mDEBUG[0m [2mhyper::client::pool[0m[2m:[0m reuse idle connection for ("http", 192.168.0.14:8545)
[2m2025-12-10T10:10:14.943812Z[0m [34mDEBUG[0m [2mhyper::proto::h1::io[0m[2m:[0m flushed 250 bytes
[2m2025-12-10T10:10:14.949698Z[0m [34mDEBUG[0m [2mhyper::proto::h1::io[0m[2m:[0m parsed 4 headers
[2m2025-12-10T10:10:14.949709Z[0m [34mDEBUG[0m [2mhyper::proto::h1::conn[0m[2m:[0m incoming body is content-length (830 bytes)
[2m2025-12-10T10:10:14.949721Z[0m [34mDEBUG[0m [2mhyper::proto::h1::conn[0m[2m:[0m incoming body completed
[2m2025-12-10T10:10:14.949738Z[0m [34mDEBUG[0m [2mhyper::client::pool[0m[2m:[0m pooling idle connection for ("http", 192.168.0.14:8545)
[2m2025-12-10T10:10:14.949748Z[0m [34mDEBUG[0m [2methereum_transaction_pool_monitor::eth_client[0m[2m:[0m 📡 Transaction fetch RPC completed in 5.996125ms
[2m2025-12-10T10:10:15.018524Z[0m [34mDEBUG[0m [2methereum_transaction_pool_monitor::eth_client[0m[2m:[0m ✅ Transaction 0xf5d5a6f31f3c9c70a3de51763f311d8d5866d218ad12826bc470df21b41accb0 fetched and parsed in 74.769208ms
[2m2025-12-10T10:10:15.018554Z[0m [34mDEBUG[0m [2methereum_transaction_pool_monitor::mempool_monitor[0m[2m:[0m 🔍 Skipping tx 0xf5d5a6f31f3c9c70a3de51763f311d8d5866d218ad12826bc470df21b41accb0 - not a DEX interaction (target: 0x3B4D794a66304F130a4Db8F2551B0070dfCf5ca7)
[2m2025-12-10T10:10:15.018566Z[0m [34mDEBUG[0m [2methereum_transaction_pool_monitor::mempool_monitor[0m[2m:[0m 📨 Processing new pending transaction: 0xff1a4ef2fbf68d9275e5b03776b3478b92a6e93a278b0398e9bc607caa166e2c
[2m2025-12-10T10:10:15.018572Z[0m [34mDEBUG[0m [2methereum_transaction_pool_monitor::mempool_monitor[0m[2m:[0m 🔍 Fetching transaction details for: 0xff1a4ef2fbf68d9275e5b03776b3478b92a6e93a278b0398e9bc607caa166e2c
[2m2025-12-10T10:10:15.018578Z[0m [34mDEBUG[0m [2methereum_transaction_pool_monitor::eth_client[0m[2m:[0m 🔍 Fetching transaction details for hash: 0xff1a4ef2fbf68d9275e5b03776b3478b92a6e93a278b0398e9bc607caa166e2c
[2m2025-12-10T10:10:15.018596Z[0m [34mDEBUG[0m [2mhyper::client::pool[0m[2m:[0m reuse idle connection for ("http", 192.168.0.14:8545)
[2m2025-12-10T10:10:15.018644Z[0m [34mDEBUG[0m [2mhyper::proto::h1::io[0m[2m:[0m flushed 250 bytes
[2m2025-12-10T10:10:15.018660Z[0m [34mDEBUG[0m [2mhyper::client::pool[0m[2m:[0m reuse idle connection for ("http", 192.168.0.14:8545)
[2m2025-12-10T10:10:15.018672Z[0m [34mDEBUG[0m [2mhyper::proto::h1::io[0m[2m:[0m flushed 172 bytes
[2m2025-12-10T10:10:15.018681Z[0m [34mDEBUG[0m [2methereum_transaction_pool_monitor::eth_client[0m[2m:[0m 📨 Received WebSocket message: {"jsonrpc":"2.0","method":"eth_subscription","params":{"subscription":"0xbed0a0851463e895960a451075a301a9","result":"0x26d2cf5157122e85f2952c2b288dd533e116efd75cc9f46a2de49fb3b20428cd"}}
[2m2025-12-10T10:10:15.018695Z[0m [34mDEBUG[0m [2methereum_transaction_pool_monitor::eth_client[0m[2m:[0m 📨 Received pending transaction: 0x26d2cf5157122e85f2952c2b288dd533e116efd75cc9f46a2de49fb3b20428cd
[2m2025-12-10T10:10:15.025768Z[0m [34mDEBUG[0m [2mhyper::proto::h1::io[0m[2m:[0m parsed 4 headers
[2m2025-12-10T10:10:15.025791Z[0m [34mDEBUG[0m [2mhyper::proto::h1::conn[0m[2m:[0m incoming body is content-length (764 bytes)
[2m2025-12-10T10:10:15.025816Z[0m [34mDEBUG[0m [2mhyper::proto::h1::conn[0m[2m:[0m incoming body completed
[2m2025-12-10T10:10:15.025827Z[0m [34mDEBUG[0m [2mhyper::client::pool[0m[2m:[0m pooling idle connection for ("http", 192.168.0.14:8545)
[2m2025-12-10T10:10:15.025848Z[0m [34mDEBUG[0m [2methereum_transaction_pool_monitor::eth_client[0m[2m:[0m 📡 Transaction fetch RPC completed in 7.263959ms
[2m2025-12-10T10:10:15.025861Z[0m [34mDEBUG[0m [2methereum_transaction_pool_monitor::eth_client[0m[2m:[0m DeFi transaction detected - Address: 0xdac17f958d2ee523a2206206994597c13d831ec7, Type: Stablecoin, Value: 0 ETH, Gas: 0.27 Gwei
[2m2025-12-10T10:10:15.025873Z[0m [34mDEBUG[0m [2methereum_transaction_pool_monitor::eth_client[0m[2m:[0m ✅ Transaction 0xff1a4ef2fbf68d9275e5b03776b3478b92a6e93a278b0398e9bc607caa166e2c fetched and parsed in 7.289834ms
[2m2025-12-10T10:10:15.025879Z[0m [34mDEBUG[0m [2methereum_transaction_pool_monitor::mempool_monitor[0m[2m:[0m 🔍 Skipping tx 0xff1a4ef2fbf68d9275e5b03776b3478b92a6e93a278b0398e9bc607caa166e2c - not a DEX interaction (target: 0xdAC17F958D2ee523a2206206994597C13D831ec7)
[2m2025-12-10T10:10:15.025885Z[0m [34mDEBUG[0m [2methereum_transaction_pool_monitor::mempool_monitor[0m[2m:[0m 📨 Processing new pending transaction: 0x44d04ffa20dbc096082455c132a601366690f0bae46f75c8bec4b15682e56215
[2m2025-12-10T10:10:15.025889Z[0m [34mDEBUG[0m [2methereum_transaction_pool_monitor::mempool_monitor[0m[2m:[0m 🔍 Fetching transaction details for: 0x44d04ffa20dbc096082455c132a601366690f0bae46f75c8bec4b15682e56215
[2m2025-12-10T10:10:15.025894Z[0m [34mDEBUG[0m [2methereum_transaction_pool_monitor::eth_client[0m[2m:[0m 🔍 Fetching transaction details for hash: 0x44d04ffa20dbc096082455c132a601366690f0bae46f75c8bec4b15682e56215
[2m2025-12-10T10:10:15.025901Z[0m [34mDEBUG[0m [2mhyper::client::pool[0m[2m:[0m reuse idle connection for ("http", 192.168.0.14:8545)
[2m2025-12-10T10:10:15.025918Z[0m [34mDEBUG[0m [2mhyper::proto::h1::io[0m[2m:[0m flushed 250 bytes
[2m2025-12-10T10:10:15.028552Z[0m [34mDEBUG[0m [2mhyper::proto::h1::io[0m[2m:[0m parsed 4 headers
[2m2025-12-10T10:10:15.028572Z[0m [34mDEBUG[0m [2mhyper::proto::h1::conn[0m[2m:[0m incoming body is content-length (45 bytes)
[2m2025-12-10T10:10:15.028593Z[0m [34mDEBUG[0m [2mhyper::proto::h1::conn[0m[2m:[0m incoming body completed
[2m2025-12-10T10:10:15.028621Z[0m [34mDEBUG[0m [2mhyper::client::pool[0m[2m:[0m pooling idle connection for ("http", 192.168.0.14:8545)
[2m2025-12-10T10:10:15.030568Z[0m [34mDEBUG[0m [2mhyper::proto::h1::io[0m[2m:[0m parsed 4 headers
[2m2025-12-10T10:10:15.030588Z[0m [34mDEBUG[0m [2mhyper::proto::h1::conn[0m[2m:[0m incoming body is content-length (1731 bytes)
[2m2025-12-10T10:10:15.030622Z[0m [34mDEBUG[0m [2methereum_transaction_pool_monitor::eth_client[0m[2m:[0m 📡 Transaction fetch RPC completed in 4.724ms
[2m2025-12-10T10:10:15.032420Z[0m [34mDEBUG[0m [2mhyper::proto::h1::conn[0m[2m:[0m incoming body completed
[2m2025-12-10T10:10:15.032426Z[0m [34mDEBUG[0m [2mhyper::client::pool[0m[2m:[0m pooling idle connection for ("http", 192.168.0.14:8545)
[2m2025-12-10T10:10:15.075145Z[0m [34mDEBUG[0m [2methereum_transaction_pool_monitor::eth_client[0m[2m:[0m 📨 Received WebSocket message: {"jsonrpc":"2.0","method":"eth_subscription","params":{"subscription":"0xbed0a0851463e895960a451075a301a9","result":"0x60e119b9b22a581e743c8e03c85e84190128cd1660223c3a2bfebee9fa6c8a8a"}}
[2m2025-12-10T10:10:15.075197Z[0m [34mDEBUG[0m [2methereum_transaction_pool_monitor::eth_client[0m[2m:[0m 📨 Received pending transaction: 0x60e119b9b22a581e743c8e03c85e84190128cd1660223c3a2bfebee9fa6c8a8a
[2m2025-12-10T10:10:15.098460Z[0m [34mDEBUG[0m [2mhyper::client::pool[0m[2m:[0m reuse idle connection for ("http", 192.168.0.14:8545)
[2m2025-12-10T10:10:15.098514Z[0m [34mDEBUG[0m [2mhyper::proto::h1::io[0m[2m:[0m flushed 172 bytes
[2m2025-12-10T10:10:15.100793Z[0m [34mDEBUG[0m [2methereum_transaction_pool_monitor::eth_client[0m[2m:[0m ✅ Transaction 0x44d04ffa20dbc096082455c132a601366690f0bae46f75c8bec4b15682e56215 fetched and parsed in 74.894ms
[2m2025-12-10T10:10:15.100806Z[0m [34mDEBUG[0m [2methereum_transaction_pool_monitor::mempool_monitor[0m[2m:[0m 🔍 Skipping tx 0x44d04ffa20dbc096082455c132a601366690f0bae46f75c8bec4b15682e56215 - not a DEX interaction (target: 0x601a2aD6CB5949f0529735254189Ba3194221EDF)
[2m2025-12-10T10:10:15.100815Z[0m [34mDEBUG[0m [2methereum_transaction_pool_monitor::mempool_monitor[0m[2m:[0m 📨 Processing new pending transaction: 0x14ceb6a5411d0c91b0bad3122415d8c237bbbc6111e197f9fe3406fc75ca2f4f
[2m2025-12-10T10:10:15.100820Z[0m [34mDEBUG[0m [2methereum_transaction_pool_monitor::mempool_monitor[0m[2m:[0m 🔍 Fetching transaction details for: 0x14ceb6a5411d0c91b0bad3122415d8c237bbbc6111e197f9fe3406fc75ca2f4f
[2m2025-12-10T10:10:15.100824Z[0m [34mDEBUG[0m [2methereum_transaction_pool_monitor::eth_client[0m[2m:[0m 🔍 Fetching transaction details for hash: 0x14ceb6a5411d0c91b0bad3122415d8c237bbbc6111e197f9fe3406fc75ca2f4f
[2m2025-12-10T10:10:15.100837Z[0m [34mDEBUG[0m [2mhyper::client::pool[0m[2m:[0m reuse idle connection for ("http", 192.168.0.14:8545)
[2m2025-12-10T10:10:15.100865Z[0m [34mDEBUG[0m [2mhyper::proto::h1::io[0m[2m:[0m flushed 250 bytes
[2m2025-12-10T10:10:15.102773Z[0m [34mDEBUG[0m [2mhyper::proto::h1::io[0m[2m:[0m parsed 4 headers
[2m2025-12-10T10:10:15.102779Z[0m [34mDEBUG[0m [2mhyper::proto::h1::conn[0m[2m:[0m incoming body is content-length (45 bytes)
[2m2025-12-10T10:10:15.102786Z[0m [34mDEBUG[0m [2mhyper::proto::h1::conn[0m[2m:[0m incoming body completed
[2m2025-12-10T10:10:15.102793Z[0m [34mDEBUG[0m [2mhyper::client::pool[0m[2m:[0m pooling idle connection for ("http", 192.168.0.14:8545)
[2m2025-12-10T10:10:15.104542Z[0m [34mDEBUG[0m [2mhyper::proto::h1::io[0m[2m:[0m parsed 4 headers
[2m2025-12-10T10:10:15.104548Z[0m [34mDEBUG[0m [2mhyper::proto::h1::conn[0m[2m:[0m incoming body is content-length (765 bytes)
[2m2025-12-10T10:10:15.104553Z[0m [34mDEBUG[0m [2mhyper::proto::h1::conn[0m[2m:[0m incoming body completed
[2m2025-12-10T10:10:15.104560Z[0m [34mDEBUG[0m [2mhyper::client::pool[0m[2m:[0m pooling idle connection for ("http", 192.168.0.14:8545)
[2m2025-12-10T10:10:15.104565Z[0m [34mDEBUG[0m [2methereum_transaction_pool_monitor::eth_client[0m[2m:[0m 📡 Transaction fetch RPC completed in 3.73625ms
[2m2025-12-10T10:10:15.104578Z[0m [34mDEBUG[0m [2methereum_transaction_pool_monitor::eth_client[0m[2m:[0m DeFi transaction detected - Address: 0xdac17f958d2ee523a2206206994597c13d831ec7, Type: Stablecoin, Value: 0 ETH, Gas: 0.62 Gwei
[2m2025-12-10T10:10:15.104589Z[0m [34mDEBUG[0m [2methereum_transaction_pool_monitor::eth_client[0m[2m:[0m ✅ Transaction 0x14ceb6a5411d0c91b0bad3122415d8c237bbbc6111e197f9fe3406fc75ca2f4f fetched and parsed in 3.760291ms
[2m2025-12-10T10:10:15.104595Z[0m [34mDEBUG[0m [2methereum_transaction_pool_monitor::mempool_monitor[0m[2m:[0m 🔍 Skipping tx 0x14ceb6a5411d0c91b0bad3122415d8c237bbbc6111e197f9fe3406fc75ca2f4f - not a DEX interaction (target: 0xdAC17F958D2ee523a2206206994597C13D831ec7)
[2m2025-12-10T10:10:15.104601Z[0m [34mDEBUG[0m [2methereum_transaction_pool_monitor::mempool_monitor[0m[2m:[0m 📨 Processing new pending transaction: 0x9149360dc87b6807f595b6660549d6376d9e530baccf98565c9d7c7a34c1846d
[2m2025-12-10T10:10:15.104605Z[0m [34mDEBUG[0m [2methereum_transaction_pool_monitor::mempool_monitor[0m[2m:[0m 🔍 Fetching transaction details for: 0x9149360dc87b6807f595b6660549d6376d9e530baccf98565c9d7c7a34c1846d
[2m2025-12-10T10:10:15.104609Z[0m [34mDEBUG[0m [2methereum_transaction_pool_monitor::eth_client[0m[2m:[0m 🔍 Fetching transaction details for hash: 0x9149360dc87b6807f595b6660549d6376d9e530baccf98565c9d7c7a34c1846d
[2m2025-12-10T10:10:15.104618Z[0m [34mDEBUG[0m [2mhyper::client::pool[0m[2m:[0m reuse idle connection for ("http", 192.168.0.14:8545)
[2m2025-12-10T10:10:15.104636Z[0m [34mDEBUG[0m [2mhyper::proto::h1::io[0m[2m:[0m flushed 250 bytes
[2m2025-12-10T10:10:15.109079Z[0m [34mDEBUG[0m [2mhyper::proto::h1::io[0m[2m:[0m parsed 4 headers
[2m2025-12-10T10:10:15.109091Z[0m [34mDEBUG[0m [2mhyper::proto::h1::conn[0m[2m:[0m incoming body is content-length (701 bytes)
[2m2025-12-10T10:10:15.109100Z[0m [34mDEBUG[0m [2mhyper::proto::h1::conn[0m[2m:[0m incoming body completed
[2m2025-12-10T10:10:15.109110Z[0m [34mDEBUG[0m [2mhyper::client::pool[0m[2m:[0m pooling idle connection for ("http", 192.168.0.14:8545)
[2m2025-12-10T10:10:15.109118Z[0m [34mDEBUG[0m [2methereum_transaction_pool_monitor::eth_client[0m[2m:[0m 📡 Transaction fetch RPC completed in 4.505209ms
[2m2025-12-10T10:10:15.180265Z[0m [34mDEBUG[0m [2methereum_transaction_pool_monitor::eth_client[0m[2m:[0m ✅ Transaction 0x9149360dc87b6807f595b6660549d6376d9e530baccf98565c9d7c7a34c1846d fetched and parsed in 75.650375ms
[2m2025-12-10T10:10:15.180292Z[0m [34mDEBUG[0m [2methereum_transaction_pool_monitor::mempool_monitor[0m[2m:[0m 🔍 Skipping tx 0x9149360dc87b6807f595b6660549d6376d9e530baccf98565c9d7c7a34c1846d - not a DEX interaction (target: 0xa5F565650890fBA1824Ee0F21EbBbF660a179934)
[2m2025-12-10T10:10:15.180300Z[0m [34mDEBUG[0m [2methereum_transaction_pool_monitor::mempool_monitor[0m[2m:[0m 📨 Processing new pending transaction: 0x0e887b2c8021d9654699a506d1410081028d853c275f118c5fee4cdfcf7bd8dc
[2m2025-12-10T10:10:15.180305Z[0m [34mDEBUG[0m [2methereum_transaction_pool_monitor::mempool_monitor[0m[2m:[0m 🔍 Fetching transaction details for: 0x0e887b2c8021d9654699a506d1410081028d853c275f118c5fee4cdfcf7bd8dc
[2m2025-12-10T10:10:15.180310Z[0m [34mDEBUG[0m [2methereum_transaction_pool_monitor::eth_client[0m[2m:[0m 🔍 Fetching transaction details for hash: 0x0e887b2c8021d9654699a506d1410081028d853c275f118c5fee4cdfcf7bd8dc
[2m2025-12-10T10:10:15.180325Z[0m [34mDEBUG[0m [2mhyper::client::pool[0m[2m:[0m reuse idle connection for ("http", 192.168.0.14:8545)
[2m2025-12-10T10:10:15.180371Z[0m [34mDEBUG[0m [2mhyper::proto::h1::io[0m[2m:[0m flushed 250 bytes
[2m2025-12-10T10:10:15.187184Z[0m [34mDEBUG[0m [2mhyper::proto::h1::io[0m[2m:[0m parsed 4 headers
[2m2025-12-10T10:10:15.187208Z[0m [34mDEBUG[0m [2mhyper::proto::h1::conn[0m[2m:[0m incoming body is content-length (705 bytes)
[2m2025-12-10T10:10:15.187232Z[0m [34mDEBUG[0m [2mhyper::proto::h1::conn[0m[2m:[0m incoming body completed
[2m2025-12-10T10:10:15.187257Z[0m [34mDEBUG[0m [2mhyper::client::pool[0m[2m:[0m pooling idle connection for ("http", 192.168.0.14:8545)
[2m2025-12-10T10:10:15.187263Z[0m [34mDEBUG[0m [2methereum_transaction_pool_monitor::eth_client[0m[2m:[0m 📡 Transaction fetch RPC completed in 6.949208ms
[2m2025-12-10T10:10:15.258535Z[0m [34mDEBUG[0m [2methereum_transaction_pool_monitor::eth_client[0m[2m:[0m ✅ Transaction 0x0e887b2c8021d9654699a506d1410081028d853c275f118c5fee4cdfcf7bd8dc fetched and parsed in 78.218083ms
[2m2025-12-10T10:10:15.258560Z[0m [34mDEBUG[0m [2methereum_transaction_pool_monitor::mempool_monitor[0m[2m:[0m 🔍 Skipping tx 0x0e887b2c8021d9654699a506d1410081028d853c275f118c5fee4cdfcf7bd8dc - not a DEX interaction (target: 0xA0b86991c6218b36c1d19D4a2e9Eb0cE3606eB48)
[2m2025-12-10T10:10:15.258571Z[0m [34mDEBUG[0m [2methereum_transaction_pool_monitor::mempool_monitor[0m[2m:[0m 📨 Processing new pending transaction: 0x210e997cb591c02a06b1085113dc9b0adc64a7507e8c8bef1d980ca66e252b43
[2m2025-12-10T10:10:15.258578Z[0m [34mDEBUG[0m [2methereum_transaction_pool_monitor::mempool_monitor[0m[2m:[0m 🔍 Fetching transaction details for: 0x210e997cb591c02a06b1085113dc9b0adc64a7507e8c8bef1d980ca66e252b43
[2m2025-12-10T10:10:15.258584Z[0m [34mDEBUG[0m [2methereum_transaction_pool_monitor::eth_client[0m[2m:[0m 🔍 Fetching transaction details for hash: 0x210e997cb591c02a06b1085113dc9b0adc64a7507e8c8bef1d980ca66e252b43
[2m2025-12-10T10:10:15.258603Z[0m [34mDEBUG[0m [2mhyper::client::pool[0m[2m:[0m reuse idle connection for ("http", 192.168.0.14:8545)
[2m2025-12-10T10:10:15.258636Z[0m [34mDEBUG[0m [2mhyper::proto::h1::io[0m[2m:[0m flushed 250 bytes
[2m2025-12-10T10:10:15.258658Z[0m [34mDEBUG[0m [2mhyper::client::pool[0m[2m:[0m reuse idle connection for ("http", 192.168.0.14:8545)
[2m2025-12-10T10:10:15.258671Z[0m [34mDEBUG[0m [2methereum_transaction_pool_monitor::eth_client[0m[2m:[0m 📨 Received WebSocket message: {"jsonrpc":"2.0","method":"eth_subscription","params":{"subscription":"0xbed0a0851463e895960a451075a301a9","result":"0x5b6ed95aa90b10c45325c3743deb9edf7337fc4c0235fd3a5198e28a8b2922c4"}}
[2m2025-12-10T10:10:15.258674Z[0m [34mDEBUG[0m [2mhyper::proto::h1::io[0m[2m:[0m flushed 172 bytes
[2m2025-12-10T10:10:15.258684Z[0m [34mDEBUG[0m [2methereum_transaction_pool_monitor::eth_client[0m[2m:[0m 📨 Received pending transaction: 0x5b6ed95aa90b10c45325c3743deb9edf7337fc4c0235fd3a5198e28a8b2922c4
[2m2025-12-10T10:10:15.258691Z[0m [34mDEBUG[0m [2methereum_transaction_pool_monitor::eth_client[0m[2m:[0m 📨 Received WebSocket message: {"jsonrpc":"2.0","method":"eth_subscription","params":{"subscription":"0xbed0a0851463e895960a451075a301a9","result":"0x2afeb61859e052bed0a5755484c52d753cf1c5f7a8f34576428b980855867254"}}
[2m2025-12-10T10:10:15.258696Z[0m [34mDEBUG[0m [2methereum_transaction_pool_monitor::eth_client[0m[2m:[0m 📨 Received pending transaction: 0x2afeb61859e052bed0a5755484c52d753cf1c5f7a8f34576428b980855867254
[2m2025-12-10T10:10:15.258701Z[0m [34mDEBUG[0m [2methereum_transaction_pool_monitor::eth_client[0m[2m:[0m 📨 Received WebSocket message: {"jsonrpc":"2.0","method":"eth_subscription","params":{"subscription":"0xbed0a0851463e895960a451075a301a9","result":"0x3519b99cffbd78b36602921bed5058d14dc2846d42902d246e61c78f94289831"}}
[2m2025-12-10T10:10:15.258706Z[0m [34mDEBUG[0m [2methereum_transaction_pool_monitor::eth_client[0m[2m:[0m 📨 Received pending transaction: 0x3519b99cffbd78b36602921bed5058d14dc2846d42902d246e61c78f94289831
[2m2025-12-10T10:10:15.264080Z[0m [34mDEBUG[0m [2mhyper::proto::h1::io[0m[2m:[0m parsed 4 headers
[2m2025-12-10T10:10:15.264086Z[0m [34mDEBUG[0m [2mhyper::proto::h1::conn[0m[2m:[0m incoming body is content-length (7108 bytes)
[2m2025-12-10T10:10:15.264115Z[0m [34mDEBUG[0m [2methereum_transaction_pool_monitor::eth_client[0m[2m:[0m 📡 Transaction fetch RPC completed in 5.5265ms
[2m2025-12-10T10:10:15.265664Z[0m [34mDEBUG[0m [2mhyper::proto::h1::conn[0m[2m:[0m incoming body completed
[2m2025-12-10T10:10:15.265673Z[0m [34mDEBUG[0m [2mhyper::client::pool[0m[2m:[0m pooling idle connection for ("http", 192.168.0.14:8545)
[2m2025-12-10T10:10:15.265715Z[0m [34mDEBUG[0m [2mhyper::proto::h1::io[0m[2m:[0m parsed 4 headers
[2m2025-12-10T10:10:15.265720Z[0m [34mDEBUG[0m [2mhyper::proto::h1::conn[0m[2m:[0m incoming body is content-length (45 bytes)
[2m2025-12-10T10:10:15.265725Z[0m [34mDEBUG[0m [2mhyper::proto::h1::conn[0m[2m:[0m incoming body completed
[2m2025-12-10T10:10:15.265731Z[0m [34mDEBUG[0m [2mhyper::client::pool[0m[2m:[0m pooling idle connection for ("http", 192.168.0.14:8545)
[2m2025-12-10T10:10:15.298778Z[0m [34mDEBUG[0m [2mhyper::client::pool[0m[2m:[0m reuse idle connection for ("http", 192.168.0.14:8545)
[2m2025-12-10T10:10:15.298819Z[0m [34mDEBUG[0m [2mhyper::proto::h1::io[0m[2m:[0m flushed 172 bytes
[2m2025-12-10T10:10:15.301902Z[0m [34mDEBUG[0m [2mhyper::proto::h1::io[0m[2m:[0m parsed 4 headers
[2m2025-12-10T10:10:15.301908Z[0m [34mDEBUG[0m [2mhyper::proto::h1::conn[0m[2m:[0m incoming body is content-length (45 bytes)
[2m2025-12-10T10:10:15.301914Z[0m [34mDEBUG[0m [2mhyper::proto::h1::conn[0m[2m:[0m incoming body completed
[2m2025-12-10T10:10:15.301922Z[0m [34mDEBUG[0m [2mhyper::client::pool[0m[2m:[0m pooling idle connection for ("http", 192.168.0.14:8545)
[2m2025-12-10T10:10:15.343012Z[0m [34mDEBUG[0m [2methereum_transaction_pool_monitor::eth_client[0m[2m:[0m 📨 Received WebSocket message: {"jsonrpc":"2.0","method":"eth_subscription","params":{"subscription":"0xbed0a0851463e895960a451075a301a9","result":"0x44d51daebcda49ed40adaa920811a3e966a43c93fef2b88bdf50b34dc8a5f30f"}}
[2m2025-12-10T10:10:15.347598Z[0m [34mDEBUG[0m [2methereum_transaction_pool_monitor::eth_client[0m[2m:[0m ✅ Transaction 0x210e997cb591c02a06b1085113dc9b0adc64a7507e8c8bef1d980ca66e252b43 fetched and parsed in 89.008792ms
[2m2025-12-10T10:10:15.348430Z[0m [34mDEBUG[0m [2methereum_transaction_pool_monitor::eth_client[0m[2m:[0m 📨 Received pending transaction: 0x44d51daebcda49ed40adaa920811a3e966a43c93fef2b88bdf50b34dc8a5f30f
[2m2025-12-10T10:10:15.348454Z[0m [34mDEBUG[0m [2methereum_transaction_pool_monitor::eth_client[0m[2m:[0m 📨 Received WebSocket message: {"jsonrpc":"2.0","method":"eth_subscription","params":{"subscription":"0xbed0a0851463e895960a451075a301a9","result":"0x7b4dcc4e2550b6b2545e19d993f4c47792cef292e8870a81fd6241a3b6683061"}}
[2m2025-12-10T10:10:15.348462Z[0m [34mDEBUG[0m [2methereum_transaction_pool_monitor::eth_client[0m[2m:[0m 📨 Received pending transaction: 0x7b4dcc4e2550b6b2545e19d993f4c47792cef292e8870a81fd6241a3b6683061
[2m2025-12-10T10:10:15.348510Z[0m [34mDEBUG[0m [2methereum_transaction_pool_monitor::mempool_monitor[0m[2m:[0m 🔍 Skipping tx 0x210e997cb591c02a06b1085113dc9b0adc64a7507e8c8bef1d980ca66e252b43 - not a DEX interaction (target: 0xF6801D319497789f934ec7F83E142a9536312B08)
[2m2025-12-10T10:10:15.348523Z[0m [34mDEBUG[0m [2methereum_transaction_pool_monitor::mempool_monitor[0m[2m:[0m 📨 Processing new pending transaction: 0xeeb74e1c5b9a48858b043fdaffb795bdc1f4a65a1dd70edd5af6fba6a6b5a948
[2m2025-12-10T10:10:15.348527Z[0m [34mDEBUG[0m [2methereum_transaction_pool_monitor::mempool_monitor[0m[2m:[0m 🔍 Fetching transaction details for: 0xeeb74e1c5b9a48858b043fdaffb795bdc1f4a65a1dd70edd5af6fba6a6b5a948
[2m2025-12-10T10:10:15.348531Z[0m [34mDEBUG[0m [2methereum_transaction_pool_monitor::eth_client[0m[2m:[0m 🔍 Fetching transaction details for hash: 0xeeb74e1c5b9a48858b043fdaffb795bdc1f4a65a1dd70edd5af6fba6a6b5a948
[2m2025-12-10T10:10:15.348546Z[0m [34mDEBUG[0m [2mhyper::client::pool[0m[2m:[0m reuse idle connection for ("http", 192.168.0.14:8545)
[2m2025-12-10T10:10:15.348565Z[0m [34mDEBUG[0m [2mhyper::proto::h1::io[0m[2m:[0m flushed 250 bytes
[2m2025-12-10T10:10:15.353558Z[0m [34mDEBUG[0m [2mhyper::proto::h1::io[0m[2m:[0m parsed 4 headers
[2m2025-12-10T10:10:15.353570Z[0m [34mDEBUG[0m [2mhyper::proto::h1::conn[0m[2m:[0m incoming body is content-length (6783 bytes)
[2m2025-12-10T10:10:15.353592Z[0m [34mDEBUG[0m [2methereum_transaction_pool_monitor::eth_client[0m[2m:[0m 📡 Transaction fetch RPC completed in 5.057166ms
[2m2025-12-10T10:10:15.354352Z[0m [34mDEBUG[0m [2mhyper::proto::h1::conn[0m[2m:[0m incoming body completed
[2m2025-12-10T10:10:15.354360Z[0m [34mDEBUG[0m [2mhyper::client::pool[0m[2m:[0m pooling idle connection for ("http", 192.168.0.14:8545)
[2m2025-12-10T10:10:15.384586Z[0m [34mDEBUG[0m [2methereum_transaction_pool_monitor::eth_client[0m[2m:[0m 📨 Received WebSocket message: {"jsonrpc":"2.0","method":"eth_subscription","params":{"subscription":"0xbed0a0851463e895960a451075a301a9","result":"0xe67cbc1ae4c706814f4ec0cc2dba41a61aac537ca4a998fd5d510e3356a9b694"}}
[2m2025-12-10T10:10:15.384602Z[0m [34mDEBUG[0m [2methereum_transaction_pool_monitor::eth_client[0m[2m:[0m 📨 Received pending transaction: 0xe67cbc1ae4c706814f4ec0cc2dba41a61aac537ca4a998fd5d510e3356a9b694
[2m2025-12-10T10:10:15.398636Z[0m [34mDEBUG[0m [2mhyper::client::pool[0m[2m:[0m reuse idle connection for ("http", 192.168.0.14:8545)
[2m2025-12-10T10:10:15.398671Z[0m [34mDEBUG[0m [2mhyper::proto::h1::io[0m[2m:[0m flushed 172 bytes
[2m2025-12-10T10:10:15.402566Z[0m [34mDEBUG[0m [2mhyper::proto::h1::io[0m[2m:[0m parsed 4 headers
[2m2025-12-10T10:10:15.402572Z[0m [34mDEBUG[0m [2mhyper::proto::h1::conn[0m[2m:[0m incoming body is content-length (45 bytes)
[2m2025-12-10T10:10:15.402580Z[0m [34mDEBUG[0m [2mhyper::proto::h1::conn[0m[2m:[0m incoming body completed
[2m2025-12-10T10:10:15.402588Z[0m [34mDEBUG[0m [2mhyper::client::pool[0m[2m:[0m pooling idle connection for ("http", 192.168.0.14:8545)
[2m2025-12-10T10:10:15.410269Z[0m [34mDEBUG[0m [2methereum_transaction_pool_monitor::eth_client[0m[2m:[0m 📨 Received WebSocket message: {"jsonrpc":"2.0","method":"eth_subscription","params":{"subscription":"0xbed0a0851463e895960a451075a301a9","result":"0xc09f01bd1eba8d231e2d4a210e987992ecf53d5233e50b7f77ceefbd5f439e4e"}}
[2m2025-12-10T10:10:15.410277Z[0m [34mDEBUG[0m [2methereum_transaction_pool_monitor::eth_client[0m[2m:[0m 📨 Received pending transaction: 0xc09f01bd1eba8d231e2d4a210e987992ecf53d5233e50b7f77ceefbd5f439e4e
[2m2025-12-10T10:10:15.466164Z[0m [34mDEBUG[0m [2methereum_transaction_pool_monitor::eth_client[0m[2m:[0m 📨 Received WebSocket message: {"jsonrpc":"2.0","method":"eth_subscription","params":{"subscription":"0xbed0a0851463e895960a451075a301a9","result":"0xe862512c5632bed31330f363590d67882064f01b46c4cc2f03b9f75b59947a50"}}
[2m2025-12-10T10:10:15.466180Z[0m [34mDEBUG[0m [2methereum_transaction_pool_monitor::eth_client[0m[2m:[0m 📨 Received pending transaction: 0xe862512c5632bed31330f363590d67882064f01b46c4cc2f03b9f75b59947a50
[2m2025-12-10T10:10:15.494463Z[0m [34mDEBUG[0m [2methereum_transaction_pool_monitor::eth_client[0m[2m:[0m ✅ Transaction 0xeeb74e1c5b9a48858b043fdaffb795bdc1f4a65a1dd70edd5af6fba6a6b5a948 fetched and parsed in 145.924208ms
[2m2025-12-10T10:10:15.494481Z[0m [34mDEBUG[0m [2methereum_transaction_pool_monitor::mempool_monitor[0m[2m:[0m 🔍 Skipping tx 0xeeb74e1c5b9a48858b043fdaffb795bdc1f4a65a1dd70edd5af6fba6a6b5a948 - not a DEX interaction (target: 0x618892aE551eB5bB2DE8911057b3714274b5FFe1)
[2m2025-12-10T10:10:15.494492Z[0m [34mDEBUG[0m [2methereum_transaction_pool_monitor::mempool_monitor[0m[2m:[0m 📨 Processing new pending transaction: 0x09de5b9a78cb063f5d5b639c8d48a914900e9d6ffa06ed3438e6d5a54e720cc1
[2m2025-12-10T10:10:15.494499Z[0m [34mDEBUG[0m [2methereum_transaction_pool_monitor::mempool_monitor[0m[2m:[0m 🔍 Fetching transaction details for: 0x09de5b9a78cb063f5d5b639c8d48a914900e9d6ffa06ed3438e6d5a54e720cc1
[2m2025-12-10T10:10:15.494504Z[0m [34mDEBUG[0m [2methereum_transaction_pool_monitor::eth_client[0m[2m:[0m 🔍 Fetching transaction details for hash: 0x09de5b9a78cb063f5d5b639c8d48a914900e9d6ffa06ed3438e6d5a54e720cc1
[2m2025-12-10T10:10:15.494521Z[0m [34mDEBUG[0m [2mhyper::client::pool[0m[2m:[0m reuse idle connection for ("http", 192.168.0.14:8545)
[2m2025-12-10T10:10:15.494544Z[0m [34mDEBUG[0m [2mhyper::proto::h1::io[0m[2m:[0m flushed 250 bytes
[2m2025-12-10T10:10:15.498750Z[0m [34mDEBUG[0m [2mhyper::client::pool[0m[2m:[0m reuse idle connection for ("http", 192.168.0.14:8545)
[2m2025-12-10T10:10:15.498809Z[0m [34mDEBUG[0m [2mhyper::proto::h1::io[0m[2m:[0m flushed 172 bytes
[2m2025-12-10T10:10:15.503197Z[0m [34mDEBUG[0m [2mhyper::proto::h1::io[0m[2m:[0m parsed 4 headers
[2m2025-12-10T10:10:15.503202Z[0m [34mDEBUG[0m [2mhyper::proto::h1::conn[0m[2m:[0m incoming body is content-length (45 bytes)
[2m2025-12-10T10:10:15.503209Z[0m [34mDEBUG[0m [2mhyper::proto::h1::conn[0m[2m:[0m incoming body completed
[2m2025-12-10T10:10:15.503217Z[0m [34mDEBUG[0m [2mhyper::client::pool[0m[2m:[0m pooling idle connection for ("http", 192.168.0.14:8545)
[2m2025-12-10T10:10:15.503947Z[0m [34mDEBUG[0m [2mhyper::proto::h1::io[0m[2m:[0m parsed 4 headers
[2m2025-12-10T10:10:15.503972Z[0m [34mDEBUG[0m [2mhyper::proto::h1::conn[0m[2m:[0m incoming body is content-length (766 bytes)
[2m2025-12-10T10:10:15.503995Z[0m [34mDEBUG[0m [2mhyper::proto::h1::conn[0m[2m:[0m incoming body completed
[2m2025-12-10T10:10:15.504014Z[0m [34mDEBUG[0m [2mhyper::client::pool[0m[2m:[0m pooling idle connection for ("http", 192.168.0.14:8545)
[2m2025-12-10T10:10:15.504019Z[0m [34mDEBUG[0m [2methereum_transaction_pool_monitor::eth_client[0m[2m:[0m 📡 Transaction fetch RPC completed in 9.511833ms
[2m2025-12-10T10:10:15.504032Z[0m [34mDEBUG[0m [2methereum_transaction_pool_monitor::eth_client[0m[2m:[0m DeFi transaction detected - Address: 0xdac17f958d2ee523a2206206994597c13d831ec7, Type: Stablecoin, Value: 0 ETH, Gas: 0.24 Gwei
[2m2025-12-10T10:10:15.504048Z[0m [34mDEBUG[0m [2methereum_transaction_pool_monitor::eth_client[0m[2m:[0m ✅ Transaction 0x09de5b9a78cb063f5d5b639c8d48a914900e9d6ffa06ed3438e6d5a54e720cc1 fetched and parsed in 9.540791ms
[2m2025-12-10T10:10:15.504057Z[0m [34mDEBUG[0m [2methereum_transaction_pool_monitor::mempool_monitor[0m[2m:[0m 🔍 Skipping tx 0x09de5b9a78cb063f5d5b639c8d48a914900e9d6ffa06ed3438e6d5a54e720cc1 - not a DEX interaction (target: 0xdAC17F958D2ee523a2206206994597C13D831ec7)
[2m2025-12-10T10:10:15.504064Z[0m [34mDEBUG[0m [2methereum_transaction_pool_monitor::mempool_monitor[0m[2m:[0m 📨 Processing new pending transaction: 0x0f1b9e02c4cab9ce645cacdcc4d296d245d903fa46850db7b7d3d8c90ca034a8
[2m2025-12-10T10:10:15.504071Z[0m [34mDEBUG[0m [2methereum_transaction_pool_monitor::mempool_monitor[0m[2m:[0m 🔍 Fetching transaction details for: 0x0f1b9e02c4cab9ce645cacdcc4d296d245d903fa46850db7b7d3d8c90ca034a8
[2m2025-12-10T10:10:15.504077Z[0m [34mDEBUG[0m [2methereum_transaction_pool_monitor::eth_client[0m[2m:[0m 🔍 Fetching transaction details for hash: 0x0f1b9e02c4cab9ce645cacdcc4d296d245d903fa46850db7b7d3d8c90ca034a8
[2m2025-12-10T10:10:15.504086Z[0m [34mDEBUG[0m [2mhyper::client::pool[0m[2m:[0m reuse idle connection for ("http", 192.168.0.14:8545)
[2m2025-12-10T10:10:15.504100Z[0m [34mDEBUG[0m [2mhyper::proto::h1::io[0m[2m:[0m flushed 250 bytes
[2m2025-12-10T10:10:15.511300Z[0m [34mDEBUG[0m [2mhyper::proto::h1::io[0m[2m:[0m parsed 4 headers
[2m2025-12-10T10:10:15.511305Z[0m [34mDEBUG[0m [2mhyper::proto::h1::conn[0m[2m:[0m incoming body is content-length (643 bytes)
[2m2025-12-10T10:10:15.511310Z[0m [34mDEBUG[0m [2mhyper::proto::h1::conn[0m[2m:[0m incoming body completed
[2m2025-12-10T10:10:15.511315Z[0m [34mDEBUG[0m [2mhyper::client::pool[0m[2m:[0m pooling idle connection for ("http", 192.168.0.14:8545)
[2m2025-12-10T10:10:15.511319Z[0m [34mDEBUG[0m [2methereum_transaction_pool_monitor::eth_client[0m[2m:[0m 📡 Transaction fetch RPC completed in 7.2355ms
[2m2025-12-10T10:10:15.581850Z[0m [34mDEBUG[0m [2methereum_transaction_pool_monitor::eth_client[0m[2m:[0m ✅ Transaction 0x0f1b9e02c4cab9ce645cacdcc4d296d245d903fa46850db7b7d3d8c90ca034a8 fetched and parsed in 77.76475ms
[2m2025-12-10T10:10:15.581879Z[0m [34mDEBUG[0m [2methereum_transaction_pool_monitor::mempool_monitor[0m[2m:[0m 🔍 Skipping tx 0x0f1b9e02c4cab9ce645cacdcc4d296d245d903fa46850db7b7d3d8c90ca034a8 - not a DEX interaction (target: 0x17E5545B11b468072283Cee1F066a059Fb0dbF24)
[2m2025-12-10T10:10:15.581890Z[0m [34mDEBUG[0m [2methereum_transaction_pool_monitor::mempool_monitor[0m[2m:[0m 📨 Processing new pending transaction: 0xcb0d1309f46c53c7265d8c6768e76fed6ad02bfe67cd8f2579d60b56ad08274d
[2m2025-12-10T10:10:15.581898Z[0m [34mDEBUG[0m [2methereum_transaction_pool_monitor::mempool_monitor[0m[2m:[0m 🔍 Fetching transaction details for: 0xcb0d1309f46c53c7265d8c6768e76fed6ad02bfe67cd8f2579d60b56ad08274d
[2m2025-12-10T10:10:15.581905Z[0m [34mDEBUG[0m [2methereum_transaction_pool_monitor::eth_client[0m[2m:[0m 🔍 Fetching transaction details for hash: 0xcb0d1309f46c53c7265d8c6768e76fed6ad02bfe67cd8f2579d60b56ad08274d
[2m2025-12-10T10:10:15.581922Z[0m [34mDEBUG[0m [2mhyper::client::pool[0m[2m:[0m reuse idle connection for ("http", 192.168.0.14:8545)
[2m2025-12-10T10:10:15.581961Z[0m [34mDEBUG[0m [2mhyper::proto::h1::io[0m[2m:[0m flushed 250 bytes
[2m2025-12-10T10:10:15.581981Z[0m [34mDEBUG[0m [2methereum_transaction_pool_monitor::eth_client[0m[2m:[0m 📨 Received WebSocket message: {"jsonrpc":"2.0","method":"eth_subscription","params":{"subscription":"0xbed0a0851463e895960a451075a301a9","result":"0xb2a0d7cd64f9d0f5d55ddec238d1b913aa701eb3382e4de3413cf71f7fd5cd98"}}
[2m2025-12-10T10:10:15.581992Z[0m [34mDEBUG[0m [2methereum_transaction_pool_monitor::eth_client[0m[2m:[0m 📨 Received pending transaction: 0xb2a0d7cd64f9d0f5d55ddec238d1b913aa701eb3382e4de3413cf71f7fd5cd98
[2m2025-12-10T10:10:15.582000Z[0m [34mDEBUG[0m [2methereum_transaction_pool_monitor::eth_client[0m[2m:[0m 📨 Received WebSocket message: {"jsonrpc":"2.0","method":"eth_subscription","params":{"subscription":"0xbed0a0851463e895960a451075a301a9","result":"0x32621365395b2aae49772b1edd29aaf14a1610925198064b3520e2c2c88a7060"}}
[2m2025-12-10T10:10:15.582008Z[0m [34mDEBUG[0m [2methereum_transaction_pool_monitor::eth_client[0m[2m:[0m 📨 Received pending transaction: 0x32621365395b2aae49772b1edd29aaf14a1610925198064b3520e2c2c88a7060
[2m2025-12-10T10:10:15.586545Z[0m [34mDEBUG[0m [2mhyper::proto::h1::io[0m[2m:[0m parsed 4 headers
[2m2025-12-10T10:10:15.586567Z[0m [34mDEBUG[0m [2mhyper::proto::h1::conn[0m[2m:[0m incoming body is content-length (4807 bytes)
[2m2025-12-10T10:10:15.586604Z[0m [34mDEBUG[0m [2methereum_transaction_pool_monitor::eth_client[0m[2m:[0m 📡 Transaction fetch RPC completed in 4.694458ms
[2m2025-12-10T10:10:15.588801Z[0m [34mDEBUG[0m [2mhyper::proto::h1::conn[0m[2m:[0m incoming body completed
[2m2025-12-10T10:10:15.588840Z[0m [34mDEBUG[0m [2mhyper::client::pool[0m[2m:[0m pooling idle connection for ("http", 192.168.0.14:8545)
[2m2025-12-10T10:10:15.598858Z[0m [34mDEBUG[0m [2mhyper::client::pool[0m[2m:[0m reuse idle connection for ("http", 192.168.0.14:8545)
[2m2025-12-10T10:10:15.598881Z[0m [34mDEBUG[0m [2mhyper::proto::h1::io[0m[2m:[0m flushed 172 bytes
[2m2025-12-10T10:10:15.602301Z[0m [34mDEBUG[0m [2mhyper::proto::h1::io[0m[2m:[0m parsed 4 headers
[2m2025-12-10T10:10:15.602307Z[0m [34mDEBUG[0m [2mhyper::proto::h1::conn[0m[2m:[0m incoming body is content-length (45 bytes)
[2m2025-12-10T10:10:15.602313Z[0m [34mDEBUG[0m [2mhyper::proto::h1::conn[0m[2m:[0m incoming body completed
[2m2025-12-10T10:10:15.602320Z[0m [34mDEBUG[0m [2mhyper::client::pool[0m[2m:[0m pooling idle connection for ("http", 192.168.0.14:8545)
[2m2025-12-10T10:10:15.660201Z[0m [34mDEBUG[0m [2methereum_transaction_pool_monitor::eth_client[0m[2m:[0m ✅ Transaction 0xcb0d1309f46c53c7265d8c6768e76fed6ad02bfe67cd8f2579d60b56ad08274d fetched and parsed in 78.288625ms
[2m2025-12-10T10:10:15.660232Z[0m [34mDEBUG[0m [2methereum_transaction_pool_monitor::mempool_monitor[0m[2m:[0m 🔍 Skipping tx 0xcb0d1309f46c53c7265d8c6768e76fed6ad02bfe67cd8f2579d60b56ad08274d - not a DEX interaction (target: 0x225a38bc71102999Dd13478BFaBD7c4d53f2DC17)
[2m2025-12-10T10:10:15.660250Z[0m [34mDEBUG[0m [2methereum_transaction_pool_monitor::mempool_monitor[0m[2m:[0m 📨 Processing new pending transaction: 0xcebf190966dc52c3bfda267530fcc388f60f750e23e052e3128fdaf45a98ba06
[2m2025-12-10T10:10:15.660262Z[0m [34mDEBUG[0m [2methereum_transaction_pool_monitor::mempool_monitor[0m[2m:[0m 🔍 Fetching transaction details for: 0xcebf190966dc52c3bfda267530fcc388f60f750e23e052e3128fdaf45a98ba06
[2m2025-12-10T10:10:15.660268Z[0m [34mDEBUG[0m [2methereum_transaction_pool_monitor::eth_client[0m[2m:[0m 🔍 Fetching transaction details for hash: 0xcebf190966dc52c3bfda267530fcc388f60f750e23e052e3128fdaf45a98ba06
[2m2025-12-10T10:10:15.660295Z[0m [34mDEBUG[0m [2mhyper::client::pool[0m[2m:[0m reuse idle connection for ("http", 192.168.0.14:8545)
[2m2025-12-10T10:10:15.660324Z[0m [34mDEBUG[0m [2mhyper::proto::h1::io[0m[2m:[0m flushed 250 bytes
[2m2025-12-10T10:10:15.665636Z[0m [34mDEBUG[0m [2mhyper::proto::h1::io[0m[2m:[0m parsed 4 headers
[2m2025-12-10T10:10:15.665648Z[0m [34mDEBUG[0m [2mhyper::proto::h1::conn[0m[2m:[0m incoming body is content-length (770 bytes)
[2m2025-12-10T10:10:15.665659Z[0m [34mDEBUG[0m [2mhyper::proto::h1::conn[0m[2m:[0m incoming body completed
[2m2025-12-10T10:10:15.665668Z[0m [34mDEBUG[0m [2mhyper::client::pool[0m[2m:[0m pooling idle connection for ("http", 192.168.0.14:8545)
[2m2025-12-10T10:10:15.665675Z[0m [34mDEBUG[0m [2methereum_transaction_pool_monitor::eth_client[0m[2m:[0m 📡 Transaction fetch RPC completed in 5.398666ms
[2m2025-12-10T10:10:15.665693Z[0m [34mDEBUG[0m [2methereum_transaction_pool_monitor::eth_client[0m[2m:[0m DeFi transaction detected - Address: 0xdac17f958d2ee523a2206206994597c13d831ec7, Type: Stablecoin, Value: 0 ETH, Gas: 2.19 Gwei
[2m2025-12-10T10:10:15.665707Z[0m [34mDEBUG[0m [2methereum_transaction_pool_monitor::eth_client[0m[2m:[0m ✅ Transaction 0xcebf190966dc52c3bfda267530fcc388f60f750e23e052e3128fdaf45a98ba06 fetched and parsed in 5.430041ms
[2m2025-12-10T10:10:15.665716Z[0m [34mDEBUG[0m [2methereum_transaction_pool_monitor::mempool_monitor[0m[2m:[0m 🔍 Skipping tx 0xcebf190966dc52c3bfda267530fcc388f60f750e23e052e3128fdaf45a98ba06 - not a DEX interaction (target: 0xdAC17F958D2ee523a2206206994597C13D831ec7)
[2m2025-12-10T10:10:15.665724Z[0m [34mDEBUG[0m [2methereum_transaction_pool_monitor::mempool_monitor[0m[2m:[0m 📨 Processing new pending transaction: 0xccc00b9ef84ab8ce8c2c5d37d0d042506081055de78b874facdbc46d9ab5bc65
[2m2025-12-10T10:10:15.665730Z[0m [34mDEBUG[0m [2methereum_transaction_pool_monitor::mempool_monitor[0m[2m:[0m 🔍 Fetching transaction details for: 0xccc00b9ef84ab8ce8c2c5d37d0d042506081055de78b874facdbc46d9ab5bc65
[2m2025-12-10T10:10:15.665734Z[0m [34mDEBUG[0m [2methereum_transaction_pool_monitor::eth_client[0m[2m:[0m 🔍 Fetching transaction details for hash: 0xccc00b9ef84ab8ce8c2c5d37d0d042506081055de78b874facdbc46d9ab5bc65
[2m2025-12-10T10:10:15.665743Z[0m [34mDEBUG[0m [2mhyper::client::pool[0m[2m:[0m reuse idle connection for ("http", 192.168.0.14:8545)
[2m2025-12-10T10:10:15.665757Z[0m [34mDEBUG[0m [2mhyper::proto::h1::io[0m[2m:[0m flushed 250 bytes
[2m2025-12-10T10:10:15.670870Z[0m [34mDEBUG[0m [2mhyper::proto::h1::io[0m[2m:[0m parsed 4 headers
[2m2025-12-10T10:10:15.670875Z[0m [34mDEBUG[0m [2mhyper::proto::h1::conn[0m[2m:[0m incoming body is content-length (705 bytes)
[2m2025-12-10T10:10:15.670880Z[0m [34mDEBUG[0m [2mhyper::proto::h1::conn[0m[2m:[0m incoming body completed
[2m2025-12-10T10:10:15.670885Z[0m [34mDEBUG[0m [2mhyper::client::pool[0m[2m:[0m pooling idle connection for ("http", 192.168.0.14:8545)
[2m2025-12-10T10:10:15.670889Z[0m [34mDEBUG[0m [2methereum_transaction_pool_monitor::eth_client[0m[2m:[0m 📡 Transaction fetch RPC completed in 5.15125ms
[2m2025-12-10T10:10:15.741422Z[0m [34mDEBUG[0m [2methereum_transaction_pool_monitor::eth_client[0m[2m:[0m ✅ Transaction 0xccc00b9ef84ab8ce8c2c5d37d0d042506081055de78b874facdbc46d9ab5bc65 fetched and parsed in 75.681083ms
[2m2025-12-10T10:10:15.741447Z[0m [34mDEBUG[0m [2methereum_transaction_pool_monitor::mempool_monitor[0m[2m:[0m 🔍 Skipping tx 0xccc00b9ef84ab8ce8c2c5d37d0d042506081055de78b874facdbc46d9ab5bc65 - not a DEX interaction (target: 0xA0b86991c6218b36c1d19D4a2e9Eb0cE3606eB48)
[2m2025-12-10T10:10:15.741458Z[0m [34mDEBUG[0m [2methereum_transaction_pool_monitor::mempool_monitor[0m[2m:[0m 📨 Processing new pending transaction: 0x26d2cf5157122e85f2952c2b288dd533e116efd75cc9f46a2de49fb3b20428cd
[2m2025-12-10T10:10:15.741465Z[0m [34mDEBUG[0m [2methereum_transaction_pool_monitor::mempool_monitor[0m[2m:[0m 🔍 Fetching transaction details for: 0x26d2cf5157122e85f2952c2b288dd533e116efd75cc9f46a2de49fb3b20428cd
[2m2025-12-10T10:10:15.741470Z[0m [34mDEBUG[0m [2methereum_transaction_pool_monitor::eth_client[0m[2m:[0m 🔍 Fetching transaction details for hash: 0x26d2cf5157122e85f2952c2b288dd533e116efd75cc9f46a2de49fb3b20428cd
[2m2025-12-10T10:10:15.741486Z[0m [34mDEBUG[0m [2mhyper::client::pool[0m[2m:[0m reuse idle connection for ("http", 192.168.0.14:8545)
[2m2025-12-10T10:10:15.741519Z[0m [34mDEBUG[0m [2mhyper::proto::h1::io[0m[2m:[0m flushed 250 bytes
[2m2025-12-10T10:10:15.741545Z[0m [34mDEBUG[0m [2mhyper::client::pool[0m[2m:[0m reuse idle connection for ("http", 192.168.0.14:8545)
[2m2025-12-10T10:10:15.741565Z[0m [34mDEBUG[0m [2mhyper::proto::h1::io[0m[2m:[0m flushed 172 bytes
[2m2025-12-10T10:10:15.746367Z[0m [34mDEBUG[0m [2mhyper::proto::h1::io[0m[2m:[0m parsed 4 headers
[2m2025-12-10T10:10:15.746374Z[0m [34mDEBUG[0m [2mhyper::proto::h1::conn[0m[2m:[0m incoming body is content-length (768 bytes)
[2m2025-12-10T10:10:15.746385Z[0m [34mDEBUG[0m [2mhyper::proto::h1::conn[0m[2m:[0m incoming body completed
[2m2025-12-10T10:10:15.746393Z[0m [34mDEBUG[0m [2mhyper::client::pool[0m[2m:[0m pooling idle connection for ("http", 192.168.0.14:8545)
[2m2025-12-10T10:10:15.746399Z[0m [34mDEBUG[0m [2methereum_transaction_pool_monitor::eth_client[0m[2m:[0m 📡 Transaction fetch RPC completed in 4.924584ms
[2m2025-12-10T10:10:15.746417Z[0m [34mDEBUG[0m [2methereum_transaction_pool_monitor::eth_client[0m[2m:[0m DeFi transaction detected - Address: 0xdac17f958d2ee523a2206206994597c13d831ec7, Type: Stablecoin, Value: 0 ETH, Gas: 0.24 Gwei
[2m2025-12-10T10:10:15.746436Z[0m [34mDEBUG[0m [2methereum_transaction_pool_monitor::eth_client[0m[2m:[0m ✅ Transaction 0x26d2cf5157122e85f2952c2b288dd533e116efd75cc9f46a2de49fb3b20428cd fetched and parsed in 4.961834ms
[2m2025-12-10T10:10:15.746441Z[0m [34mDEBUG[0m [2methereum_transaction_pool_monitor::mempool_monitor[0m[2m:[0m 🔍 Skipping tx 0x26d2cf5157122e85f2952c2b288dd533e116efd75cc9f46a2de49fb3b20428cd - not a DEX interaction (target: 0xdAC17F958D2ee523a2206206994597C13D831ec7)
[2m2025-12-10T10:10:15.746448Z[0m [34mDEBUG[0m [2methereum_transaction_pool_monitor::mempool_monitor[0m[2m:[0m 📨 Processing new pending transaction: 0x60e119b9b22a581e743c8e03c85e84190128cd1660223c3a2bfebee9fa6c8a8a
[2m2025-12-10T10:10:15.746452Z[0m [34mDEBUG[0m [2methereum_transaction_pool_monitor::mempool_monitor[0m[2m:[0m 🔍 Fetching transaction details for: 0x60e119b9b22a581e743c8e03c85e84190128cd1660223c3a2bfebee9fa6c8a8a
[2m2025-12-10T10:10:15.746456Z[0m [34mDEBUG[0m [2methereum_transaction_pool_monitor::eth_client[0m[2m:[0m 🔍 Fetching transaction details for hash: 0x60e119b9b22a581e743c8e03c85e84190128cd1660223c3a2bfebee9fa6c8a8a
[2m2025-12-10T10:10:15.746462Z[0m [34mDEBUG[0m [2mhyper::client::pool[0m[2m:[0m reuse idle connection for ("http", 192.168.0.14:8545)
[2m2025-12-10T10:10:15.746490Z[0m [34mDEBUG[0m [2mhyper::proto::h1::io[0m[2m:[0m flushed 250 bytes
[2m2025-12-10T10:10:15.746496Z[0m [34mDEBUG[0m [2mhyper::proto::h1::io[0m[2m:[0m parsed 4 headers
[2m2025-12-10T10:10:15.746500Z[0m [34mDEBUG[0m [2mhyper::proto::h1::conn[0m[2m:[0m incoming body is content-length (45 bytes)
[2m2025-12-10T10:10:15.746504Z[0m [34mDEBUG[0m [2mhyper::proto::h1::conn[0m[2m:[0m incoming body completed
[2m2025-12-10T10:10:15.746508Z[0m [34mDEBUG[0m [2mhyper::client::pool[0m[2m:[0m pooling idle connection for ("http", 192.168.0.14:8545)
[2m2025-12-10T10:10:15.751586Z[0m [34mDEBUG[0m [2mhyper::proto::h1::io[0m[2m:[0m parsed 4 headers
[2m2025-12-10T10:10:15.751605Z[0m [34mDEBUG[0m [2mhyper::proto::h1::conn[0m[2m:[0m incoming body is content-length (558 bytes)
[2m2025-12-10T10:10:15.751623Z[0m [34mDEBUG[0m [2mhyper::proto::h1::conn[0m[2m:[0m incoming body completed
[2m2025-12-10T10:10:15.751641Z[0m [34mDEBUG[0m [2mhyper::client::pool[0m[2m:[0m pooling idle connection for ("http", 192.168.0.14:8545)
[2m2025-12-10T10:10:15.751645Z[0m [34mDEBUG[0m [2methereum_transaction_pool_monitor::eth_client[0m[2m:[0m 📡 Transaction fetch RPC completed in 5.185291ms
[2m2025-12-10T10:10:15.822380Z[0m [34mDEBUG[0m [2methereum_transaction_pool_monitor::eth_client[0m[2m:[0m ✅ Transaction 0x60e119b9b22a581e743c8e03c85e84190128cd1660223c3a2bfebee9fa6c8a8a fetched and parsed in 75.91775ms
[2m2025-12-10T10:10:15.822410Z[0m [34mDEBUG[0m [2methereum_transaction_pool_monitor::mempool_monitor[0m[2m:[0m 🔍 Skipping tx 0x60e119b9b22a581e743c8e03c85e84190128cd1660223c3a2bfebee9fa6c8a8a - not a DEX interaction (target: 0x1cEb8aB510251F3c2e4aC7a5eB9F97b594C823BE)
[2m2025-12-10T10:10:15.822422Z[0m [34mDEBUG[0m [2methereum_transaction_pool_monitor::mempool_monitor[0m[2m:[0m 📨 Processing new pending transaction: 0x5b6ed95aa90b10c45325c3743deb9edf7337fc4c0235fd3a5198e28a8b2922c4
[2m2025-12-10T10:10:15.822435Z[0m [34mDEBUG[0m [2methereum_transaction_pool_monitor::mempool_monitor[0m[2m:[0m 🔍 Fetching transaction details for: 0x5b6ed95aa90b10c45325c3743deb9edf7337fc4c0235fd3a5198e28a8b2922c4
[2m2025-12-10T10:10:15.822442Z[0m [34mDEBUG[0m [2methereum_transaction_pool_monitor::eth_client[0m[2m:[0m 🔍 Fetching transaction details for hash: 0x5b6ed95aa90b10c45325c3743deb9edf7337fc4c0235fd3a5198e28a8b2922c4
[2m2025-12-10T10:10:15.822465Z[0m [34mDEBUG[0m [2mhyper::client::pool[0m[2m:[0m reuse idle connection for ("http", 192.168.0.14:8545)
[2m2025-12-10T10:10:15.822496Z[0m [34mDEBUG[0m [2mhyper::proto::h1::io[0m[2m:[0m flushed 250 bytes
[2m2025-12-10T10:10:15.822532Z[0m [34mDEBUG[0m [2mhyper::client::pool[0m[2m:[0m reuse idle connection for ("http", 192.168.0.14:8545)
[2m2025-12-10T10:10:15.822559Z[0m [34mDEBUG[0m [2mhyper::proto::h1::io[0m[2m:[0m flushed 172 bytes
[2m2025-12-10T10:10:15.830230Z[0m [34mDEBUG[0m [2mhyper::proto::h1::io[0m[2m:[0m parsed 4 headers
[2m2025-12-10T10:10:15.830235Z[0m [34mDEBUG[0m [2mhyper::proto::h1::conn[0m[2m:[0m incoming body is content-length (905 bytes)
[2m2025-12-10T10:10:15.830242Z[0m [34mDEBUG[0m [2mhyper::proto::h1::conn[0m[2m:[0m incoming body completed
[2m2025-12-10T10:10:15.830249Z[0m [34mDEBUG[0m [2mhyper::client::pool[0m[2m:[0m pooling idle connection for ("http", 192.168.0.14:8545)
[2m2025-12-10T10:10:15.830255Z[0m [34mDEBUG[0m [2methereum_transaction_pool_monitor::eth_client[0m[2m:[0m 📡 Transaction fetch RPC completed in 7.805792ms
[2m2025-12-10T10:10:15.896548Z[0m [34mDEBUG[0m [2methereum_transaction_pool_monitor::eth_client[0m[2m:[0m ✅ Transaction 0x5b6ed95aa90b10c45325c3743deb9edf7337fc4c0235fd3a5198e28a8b2922c4 fetched and parsed in 74.096917ms
[2m2025-12-10T10:10:15.896575Z[0m [34mDEBUG[0m [2methereum_transaction_pool_monitor::mempool_monitor[0m[2m:[0m 🔍 Skipping tx 0x5b6ed95aa90b10c45325c3743deb9edf7337fc4c0235fd3a5198e28a8b2922c4 - not a DEX interaction (target: 0xFf00000000000000000000000000000000008453)
[2m2025-12-10T10:10:15.896586Z[0m [34mDEBUG[0m [2methereum_transaction_pool_monitor::mempool_monitor[0m[2m:[0m 📨 Processing new pending transaction: 0x2afeb61859e052bed0a5755484c52d753cf1c5f7a8f34576428b980855867254
[2m2025-12-10T10:10:15.896592Z[0m [34mDEBUG[0m [2methereum_transaction_pool_monitor::mempool_monitor[0m[2m:[0m 🔍 Fetching transaction details for: 0x2afeb61859e052bed0a5755484c52d753cf1c5f7a8f34576428b980855867254
[2m2025-12-10T10:10:15.896597Z[0m [34mDEBUG[0m [2methereum_transaction_pool_monitor::eth_client[0m[2m:[0m 🔍 Fetching transaction details for hash: 0x2afeb61859e052bed0a5755484c52d753cf1c5f7a8f34576428b980855867254
[2m2025-12-10T10:10:15.896614Z[0m [34mDEBUG[0m [2mhyper::client::pool[0m[2m:[0m reuse idle connection for ("http", 192.168.0.14:8545)
[2m2025-12-10T10:10:15.896658Z[0m [34mDEBUG[0m [2mhyper::proto::h1::io[0m[2m:[0m flushed 250 bytes
[2m2025-12-10T10:10:15.896674Z[0m [34mDEBUG[0m [2mhyper::proto::h1::io[0m[2m:[0m parsed 4 headers
[2m2025-12-10T10:10:15.896685Z[0m [34mDEBUG[0m [2mhyper::proto::h1::conn[0m[2m:[0m incoming body is content-length (45 bytes)
[2m2025-12-10T10:10:15.896697Z[0m [34mDEBUG[0m [2mhyper::proto::h1::conn[0m[2m:[0m incoming body completed
[2m2025-12-10T10:10:15.896709Z[0m [34mDEBUG[0m [2mhyper::client::pool[0m[2m:[0m pooling idle connection for ("http", 192.168.0.14:8545)
[2m2025-12-10T10:10:15.896723Z[0m [34mDEBUG[0m [2mhyper::client::pool[0m[2m:[0m reuse idle connection for ("http", 192.168.0.14:8545)
[2m2025-12-10T10:10:15.896740Z[0m [34mDEBUG[0m [2mhyper::proto::h1::io[0m[2m:[0m flushed 172 bytes
[2m2025-12-10T10:10:15.900451Z[0m [34mDEBUG[0m [2mhyper::proto::h1::io[0m[2m:[0m parsed 4 headers
[2m2025-12-10T10:10:15.900458Z[0m [34mDEBUG[0m [2mhyper::proto::h1::conn[0m[2m:[0m incoming body is content-length (45 bytes)
[2m2025-12-10T10:10:15.900464Z[0m [34mDEBUG[0m [2mhyper::proto::h1::conn[0m[2m:[0m incoming body completed
[2m2025-12-10T10:10:15.900471Z[0m [34mDEBUG[0m [2mhyper::client::pool[0m[2m:[0m pooling idle connection for ("http", 192.168.0.14:8545)
[2m2025-12-10T10:10:15.900488Z[0m [34mDEBUG[0m [2mhyper::proto::h1::io[0m[2m:[0m parsed 4 headers
[2m2025-12-10T10:10:15.900497Z[0m [34mDEBUG[0m [2mhyper::proto::h1::conn[0m[2m:[0m incoming body is content-length (770 bytes)
[2m2025-12-10T10:10:15.900503Z[0m [34mDEBUG[0m [2mhyper::proto::h1::conn[0m[2m:[0m incoming body completed
[2m2025-12-10T10:10:15.900510Z[0m [34mDEBUG[0m [2mhyper::client::pool[0m[2m:[0m pooling idle connection for ("http", 192.168.0.14:8545)
[2m2025-12-10T10:10:15.900515Z[0m [34mDEBUG[0m [2methereum_transaction_pool_monitor::eth_client[0m[2m:[0m 📡 Transaction fetch RPC completed in 3.913291ms
[2m2025-12-10T10:10:15.900532Z[0m [34mDEBUG[0m [2methereum_transaction_pool_monitor::eth_client[0m[2m:[0m DeFi transaction detected - Address: 0xdac17f958d2ee523a2206206994597c13d831ec7, Type: Stablecoin, Value: 0 ETH, Gas: 0.30 Gwei
[2m2025-12-10T10:10:15.900549Z[0m [34mDEBUG[0m [2methereum_transaction_pool_monitor::eth_client[0m[2m:[0m ✅ Transaction 0x2afeb61859e052bed0a5755484c52d753cf1c5f7a8f34576428b980855867254 fetched and parsed in 3.946916ms
[2m2025-12-10T10:10:15.900557Z[0m [34mDEBUG[0m [2methereum_transaction_pool_monitor::mempool_monitor[0m[2m:[0m 🔍 Skipping tx 0x2afeb61859e052bed0a5755484c52d753cf1c5f7a8f34576428b980855867254 - not a DEX interaction (target: 0xdAC17F958D2ee523a2206206994597C13D831ec7)
[2m2025-12-10T10:10:15.900564Z[0m [34mDEBUG[0m [2methereum_transaction_pool_monitor::mempool_monitor[0m[2m:[0m 📨 Processing new pending transaction: 0x3519b99cffbd78b36602921bed5058d14dc2846d42902d246e61c78f94289831
[2m2025-12-10T10:10:15.900568Z[0m [34mDEBUG[0m [2methereum_transaction_pool_monitor::mempool_monitor[0m[2m:[0m 🔍 Fetching transaction details for: 0x3519b99cffbd78b36602921bed5058d14dc2846d42902d246e61c78f94289831
[2m2025-12-10T10:10:15.900572Z[0m [34mDEBUG[0m [2methereum_transaction_pool_monitor::eth_client[0m[2m:[0m 🔍 Fetching transaction details for hash: 0x3519b99cffbd78b36602921bed5058d14dc2846d42902d246e61c78f94289831
[2m2025-12-10T10:10:15.900584Z[0m [34mDEBUG[0m [2mhyper::client::pool[0m[2m:[0m reuse idle connection for ("http", 192.168.0.14:8545)
[2m2025-12-10T10:10:15.900599Z[0m [34mDEBUG[0m [2mhyper::proto::h1::io[0m[2m:[0m flushed 250 bytes
[2m2025-12-10T10:10:15.904825Z[0m [34mDEBUG[0m [2mhyper::proto::h1::io[0m[2m:[0m parsed 4 headers
[2m2025-12-10T10:10:15.904847Z[0m [34mDEBUG[0m [2mhyper::proto::h1::conn[0m[2m:[0m incoming body is content-length (2718 bytes)
[2m2025-12-10T10:10:15.904863Z[0m [34mDEBUG[0m [2methereum_transaction_pool_monitor::eth_client[0m[2m:[0m 📡 Transaction fetch RPC completed in 4.283417ms
[2m2025-12-10T10:10:15.905302Z[0m [34mDEBUG[0m [2mhyper::proto::h1::conn[0m[2m:[0m incoming body completed
[2m2025-12-10T10:10:15.905311Z[0m [34mDEBUG[0m [2mhyper::client::pool[0m[2m:[0m pooling idle connection for ("http", 192.168.0.14:8545)
[2m2025-12-10T10:10:15.975977Z[0m [34mDEBUG[0m [2methereum_transaction_pool_monitor::eth_client[0m[2m:[0m ✅ Transaction 0x3519b99cffbd78b36602921bed5058d14dc2846d42902d246e61c78f94289831 fetched and parsed in 75.394542ms
[2m2025-12-10T10:10:15.976004Z[0m [34mDEBUG[0m [2methereum_transaction_pool_monitor::mempool_monitor[0m[2m:[0m 🔍 Skipping tx 0x3519b99cffbd78b36602921bed5058d14dc2846d42902d246e61c78f94289831 - not a DEX interaction (target: 0xd72a6BA4a87DDB33e801b3f1c7750b2d0911fC6C)
[2m2025-12-10T10:10:15.976015Z[0m [34mDEBUG[0m [2methereum_transaction_pool_monitor::mempool_monitor[0m[2m:[0m 📨 Processing new pending transaction: 0x44d51daebcda49ed40adaa920811a3e966a43c93fef2b88bdf50b34dc8a5f30f
[2m2025-12-10T10:10:15.976021Z[0m [34mDEBUG[0m [2methereum_transaction_pool_monitor::mempool_monitor[0m[2m:[0m 🔍 Fetching transaction details for: 0x44d51daebcda49ed40adaa920811a3e966a43c93fef2b88bdf50b34dc8a5f30f
[2m2025-12-10T10:10:15.976028Z[0m [34mDEBUG[0m [2methereum_transaction_pool_monitor::eth_client[0m[2m:[0m 🔍 Fetching transaction details for hash: 0x44d51daebcda49ed40adaa920811a3e966a43c93fef2b88bdf50b34dc8a5f30f
[2m2025-12-10T10:10:15.976045Z[0m [34mDEBUG[0m [2mhyper::client::pool[0m[2m:[0m reuse idle connection for ("http", 192.168.0.14:8545)
[2m2025-12-10T10:10:15.976089Z[0m [34mDEBUG[0m [2mhyper::proto::h1::io[0m[2m:[0m flushed 250 bytes
[2m2025-12-10T10:10:15.979552Z[0m [34mDEBUG[0m [2mhyper::proto::h1::io[0m[2m:[0m parsed 4 headers
[2m2025-12-10T10:10:15.979569Z[0m [34mDEBUG[0m [2mhyper::proto::h1::conn[0m[2m:[0m incoming body is content-length (765 bytes)
[2m2025-12-10T10:10:15.979582Z[0m [34mDEBUG[0m [2mhyper::proto::h1::conn[0m[2m:[0m incoming body completed
[2m2025-12-10T10:10:15.979596Z[0m [34mDEBUG[0m [2mhyper::client::pool[0m[2m:[0m pooling idle connection for ("http", 192.168.0.14:8545)
[2m2025-12-10T10:10:15.979602Z[0m [34mDEBUG[0m [2methereum_transaction_pool_monitor::eth_client[0m[2m:[0m 📡 Transaction fetch RPC completed in 3.569458ms
[2m2025-12-10T10:10:15.979617Z[0m [34mDEBUG[0m [2methereum_transaction_pool_monitor::eth_client[0m[2m:[0m DeFi transaction detected - Address: 0x1f9840a85d5af5bf1d1762f925bdaddc4201f984, Type: TokenContract, Value: 0 ETH, Gas: 0.19 Gwei
[2m2025-12-10T10:10:15.979628Z[0m [34mDEBUG[0m [2methereum_transaction_pool_monitor::eth_client[0m[2m:[0m ✅ Transaction 0x44d51daebcda49ed40adaa920811a3e966a43c93fef2b88bdf50b34dc8a5f30f fetched and parsed in 3.595958ms
[2m2025-12-10T10:10:15.979634Z[0m [34mDEBUG[0m [2methereum_transaction_pool_monitor::mempool_monitor[0m[2m:[0m 🔍 Skipping tx 0x44d51daebcda49ed40adaa920811a3e966a43c93fef2b88bdf50b34dc8a5f30f - not a DEX interaction (target: 0x1f9840a85d5aF5bf1D1762F925BDADdC4201F984)
[2m2025-12-10T10:10:15.979639Z[0m [34mDEBUG[0m [2methereum_transaction_pool_monitor::mempool_monitor[0m[2m:[0m 📨 Processing new pending transaction: 0x7b4dcc4e2550b6b2545e19d993f4c47792cef292e8870a81fd6241a3b6683061
[2m2025-12-10T10:10:15.979643Z[0m [34mDEBUG[0m [2methereum_transaction_pool_monitor::mempool_monitor[0m[2m:[0m 🔍 Fetching transaction details for: 0x7b4dcc4e2550b6b2545e19d993f4c47792cef292e8870a81fd6241a3b6683061
[2m2025-12-10T10:10:15.979649Z[0m [34mDEBUG[0m [2methereum_transaction_pool_monitor::eth_client[0m[2m:[0m 🔍 Fetching transaction details for hash: 0x7b4dcc4e2550b6b2545e19d993f4c47792cef292e8870a81fd6241a3b6683061
[2m2025-12-10T10:10:15.979662Z[0m [34mDEBUG[0m [2mhyper::client::pool[0m[2m:[0m reuse idle connection for ("http", 192.168.0.14:8545)
[2m2025-12-10T10:10:15.979683Z[0m [34mDEBUG[0m [2mhyper::proto::h1::io[0m[2m:[0m flushed 250 bytes
[2m2025-12-10T10:10:15.984083Z[0m [34mDEBUG[0m [2mhyper::proto::h1::io[0m[2m:[0m parsed 4 headers
[2m2025-12-10T10:10:15.984092Z[0m [34mDEBUG[0m [2mhyper::proto::h1::conn[0m[2m:[0m incoming body is content-length (832 bytes)
[2m2025-12-10T10:10:15.984099Z[0m [34mDEBUG[0m [2mhyper::proto::h1::conn[0m[2m:[0m incoming body completed
[2m2025-12-10T10:10:15.984107Z[0m [34mDEBUG[0m [2mhyper::client::pool[0m[2m:[0m pooling idle connection for ("http", 192.168.0.14:8545)
[2m2025-12-10T10:10:15.984114Z[0m [34mDEBUG[0m [2methereum_transaction_pool_monitor::eth_client[0m[2m:[0m 📡 Transaction fetch RPC completed in 4.461209ms
[2m2025-12-10T10:10:16.055409Z[0m [34mDEBUG[0m [2methereum_transaction_pool_monitor::eth_client[0m[2m:[0m ✅ Transaction 0x7b4dcc4e2550b6b2545e19d993f4c47792cef292e8870a81fd6241a3b6683061 fetched and parsed in 75.753375ms
[2m2025-12-10T10:10:16.055440Z[0m [34mDEBUG[0m [2methereum_transaction_pool_monitor::mempool_monitor[0m[2m:[0m 🔍 Skipping tx 0x7b4dcc4e2550b6b2545e19d993f4c47792cef292e8870a81fd6241a3b6683061 - not a DEX interaction (target: 0xDCD0f5ab30856F28385F641580Bbd85f88349124)
[2m2025-12-10T10:10:16.055460Z[0m [34mDEBUG[0m [2methereum_transaction_pool_monitor::mempool_monitor[0m[2m:[0m 📨 Processing new pending transaction: 0xe67cbc1ae4c706814f4ec0cc2dba41a61aac537ca4a998fd5d510e3356a9b694
[2m2025-12-10T10:10:16.055470Z[0m [34mDEBUG[0m [2methereum_transaction_pool_monitor::mempool_monitor[0m[2m:[0m 🔍 Fetching transaction details for: 0xe67cbc1ae4c706814f4ec0cc2dba41a61aac537ca4a998fd5d510e3356a9b694
[2m2025-12-10T10:10:16.055476Z[0m [34mDEBUG[0m [2methereum_transaction_pool_monitor::eth_client[0m[2m:[0m 🔍 Fetching transaction details for hash: 0xe67cbc1ae4c706814f4ec0cc2dba41a61aac537ca4a998fd5d510e3356a9b694
[2m2025-12-10T10:10:16.055495Z[0m [34mDEBUG[0m [2mhyper::client::pool[0m[2m:[0m reuse idle connection for ("http", 192.168.0.14:8545)
[2m2025-12-10T10:10:16.055524Z[0m [34mDEBUG[0m [2mhyper::proto::h1::io[0m[2m:[0m flushed 250 bytes
[2m2025-12-10T10:10:16.055546Z[0m [34mDEBUG[0m [2mhyper::client::pool[0m[2m:[0m reuse idle connection for ("http", 192.168.0.14:8545)
[2m2025-12-10T10:10:16.055557Z[0m [34mDEBUG[0m [2methereum_transaction_pool_monitor::eth_client[0m[2m:[0m 📨 Received WebSocket message: {"jsonrpc":"2.0","method":"eth_subscription","params":{"subscription":"0xbed0a0851463e895960a451075a301a9","result":"0x67e60b75b8b2f410cecc55ac30bea9621d2e5274b4bc30fefd80a57ea4fe5721"}}
[2m2025-12-10T10:10:16.055561Z[0m [34mDEBUG[0m [2mhyper::proto::h1::io[0m[2m:[0m flushed 172 bytes
[2m2025-12-10T10:10:16.055574Z[0m [34mDEBUG[0m [2methereum_transaction_pool_monitor::eth_client[0m[2m:[0m 📨 Received pending transaction: 0x67e60b75b8b2f410cecc55ac30bea9621d2e5274b4bc30fefd80a57ea4fe5721
[2m2025-12-10T10:10:16.055584Z[0m [34mDEBUG[0m [2methereum_transaction_pool_monitor::eth_client[0m[2m:[0m 📨 Received WebSocket message: {"jsonrpc":"2.0","method":"eth_subscription","params":{"subscription":"0xbed0a0851463e895960a451075a301a9","result":"0x776eaba7e2df267b8c5f3f92a2e3e93bb62dda8fda1cd475640cf2893a13efb4"}}
[2m2025-12-10T10:10:16.055589Z[0m [34mDEBUG[0m [2methereum_transaction_pool_monitor::eth_client[0m[2m:[0m 📨 Received pending transaction: 0x776eaba7e2df267b8c5f3f92a2e3e93bb62dda8fda1cd475640cf2893a13efb4
[2m2025-12-10T10:10:16.062098Z[0m [34mDEBUG[0m [2mhyper::proto::h1::io[0m[2m:[0m parsed 4 headers
[2m2025-12-10T10:10:16.062109Z[0m [34mDEBUG[0m [2mhyper::proto::h1::conn[0m[2m:[0m incoming body is content-length (844 bytes)
[2m2025-12-10T10:10:16.062120Z[0m [34mDEBUG[0m [2mhyper::proto::h1::conn[0m[2m:[0m incoming body completed
[2m2025-12-10T10:10:16.062130Z[0m [34mDEBUG[0m [2mhyper::client::pool[0m[2m:[0m pooling idle connection for ("http", 192.168.0.14:8545)
[2m2025-12-10T10:10:16.062136Z[0m [34mDEBUG[0m [2methereum_transaction_pool_monitor::eth_client[0m[2m:[0m 📡 Transaction fetch RPC completed in 6.654458ms
[2m2025-12-10T10:10:16.134237Z[0m [34mDEBUG[0m [2methereum_transaction_pool_monitor::eth_client[0m[2m:[0m ✅ Transaction 0xe67cbc1ae4c706814f4ec0cc2dba41a61aac537ca4a998fd5d510e3356a9b694 fetched and parsed in 78.752625ms
[2m2025-12-10T10:10:16.134265Z[0m [34mDEBUG[0m [2methereum_transaction_pool_monitor::mempool_monitor[0m[2m:[0m 🔍 Skipping tx 0xe67cbc1ae4c706814f4ec0cc2dba41a61aac537ca4a998fd5d510e3356a9b694 - not a DEX interaction (target: 0x386B76D9cA5F5Fb150B6BFB35CF5379B22B26dd8)
[2m2025-12-10T10:10:16.134278Z[0m [34mDEBUG[0m [2methereum_transaction_pool_monitor::mempool_monitor[0m[2m:[0m 📨 Processing new pending transaction: 0xc09f01bd1eba8d231e2d4a210e987992ecf53d5233e50b7f77ceefbd5f439e4e
[2m2025-12-10T10:10:16.134288Z[0m [34mDEBUG[0m [2methereum_transaction_pool_monitor::mempool_monitor[0m[2m:[0m 🔍 Fetching transaction details for: 0xc09f01bd1eba8d231e2d4a210e987992ecf53d5233e50b7f77ceefbd5f439e4e
[2m2025-12-10T10:10:16.134296Z[0m [34mDEBUG[0m [2methereum_transaction_pool_monitor::eth_client[0m[2m:[0m 🔍 Fetching transaction details for hash: 0xc09f01bd1eba8d231e2d4a210e987992ecf53d5233e50b7f77ceefbd5f439e4e
[2m2025-12-10T10:10:16.134316Z[0m [34mDEBUG[0m [2mhyper::client::pool[0m[2m:[0m reuse idle connection for ("http", 192.168.0.14:8545)
[2m2025-12-10T10:10:16.134353Z[0m [34mDEBUG[0m [2mhyper::proto::h1::io[0m[2m:[0m flushed 250 bytes
[2m2025-12-10T10:10:16.134369Z[0m [34mDEBUG[0m [2mhyper::proto::h1::io[0m[2m:[0m parsed 4 headers
[2m2025-12-10T10:10:16.134375Z[0m [34mDEBUG[0m [2mhyper::proto::h1::conn[0m[2m:[0m incoming body is content-length (45 bytes)
[2m2025-12-10T10:10:16.134384Z[0m [34mDEBUG[0m [2mhyper::proto::h1::conn[0m[2m:[0m incoming body completed
[2m2025-12-10T10:10:16.134392Z[0m [34mDEBUG[0m [2mhyper::client::pool[0m[2m:[0m pooling idle connection for ("http", 192.168.0.14:8545)
[2m2025-12-10T10:10:16.134407Z[0m [34mDEBUG[0m [2mhyper::client::pool[0m[2m:[0m reuse idle connection for ("http", 192.168.0.14:8545)
[2m2025-12-10T10:10:16.134421Z[0m [34mDEBUG[0m [2mhyper::proto::h1::io[0m[2m:[0m flushed 172 bytes
[2m2025-12-10T10:10:16.139271Z[0m [34mDEBUG[0m [2mhyper::proto::h1::io[0m[2m:[0m parsed 4 headers
[2m2025-12-10T10:10:16.139279Z[0m [34mDEBUG[0m [2mhyper::proto::h1::conn[0m[2m:[0m incoming body is content-length (45 bytes)
[2m2025-12-10T10:10:16.139285Z[0m [34mDEBUG[0m [2mhyper::proto::h1::conn[0m[2m:[0m incoming body completed
[2m2025-12-10T10:10:16.139292Z[0m [34mDEBUG[0m [2mhyper::client::pool[0m[2m:[0m pooling idle connection for ("http", 192.168.0.14:8545)
[2m2025-12-10T10:10:16.165430Z[0m [34mDEBUG[0m [2methereum_transaction_pool_monitor::eth_client[0m[2m:[0m 📨 Received WebSocket message: {"jsonrpc":"2.0","method":"eth_subscription","params":{"subscription":"0xbed0a0851463e895960a451075a301a9","result":"0x1c633f35e065190a255d35a66185f9d0d2b0522eef26b8ebd94a76359817c7d3"}}
[2m2025-12-10T10:10:16.165447Z[0m [34mDEBUG[0m [2methereum_transaction_pool_monitor::eth_client[0m[2m:[0m 📨 Received pending transaction: 0x1c633f35e065190a255d35a66185f9d0d2b0522eef26b8ebd94a76359817c7d3
[2m2025-12-10T10:10:16.198575Z[0m [34mDEBUG[0m [2mhyper::client::pool[0m[2m:[0m reuse idle connection for ("http", 192.168.0.14:8545)
[2m2025-12-10T10:10:16.198662Z[0m [34mDEBUG[0m [2mhyper::proto::h1::io[0m[2m:[0m flushed 172 bytes
[2m2025-12-10T10:10:16.202828Z[0m [34mDEBUG[0m [2mhyper::proto::h1::io[0m[2m:[0m parsed 4 headers
[2m2025-12-10T10:10:16.202860Z[0m [34mDEBUG[0m [2mhyper::proto::h1::conn[0m[2m:[0m incoming body is content-length (45 bytes)
[2m2025-12-10T10:10:16.202878Z[0m [34mDEBUG[0m [2mhyper::proto::h1::conn[0m[2m:[0m incoming body completed
[2m2025-12-10T10:10:16.202903Z[0m [34mDEBUG[0m [2mhyper::client::pool[0m[2m:[0m pooling idle connection for ("http", 192.168.0.14:8545)
[2m2025-12-10T10:10:16.231557Z[0m [34mDEBUG[0m [2mhyper::proto::h1::io[0m[2m:[0m parsed 4 headers
[2m2025-12-10T10:10:16.231597Z[0m [34mDEBUG[0m [2mhyper::proto::h1::conn[0m[2m:[0m incoming body is content-length (1280 bytes)
[2m2025-12-10T10:10:16.231606Z[0m [34mDEBUG[0m [2mhyper::proto::h1::conn[0m[2m:[0m incoming body completed
[2m2025-12-10T10:10:16.231619Z[0m [34mDEBUG[0m [2mhyper::client::pool[0m[2m:[0m pooling idle connection for ("http", 192.168.0.14:8545)
[2m2025-12-10T10:10:16.231627Z[0m [34mDEBUG[0m [2methereum_transaction_pool_monitor::eth_client[0m[2m:[0m 📡 Transaction fetch RPC completed in 97.322958ms
[2m2025-12-10T10:10:16.301757Z[0m [34mDEBUG[0m [2methereum_transaction_pool_monitor::eth_client[0m[2m:[0m ✅ Transaction 0xc09f01bd1eba8d231e2d4a210e987992ecf53d5233e50b7f77ceefbd5f439e4e fetched and parsed in 167.450458ms
[2m2025-12-10T10:10:16.301791Z[0m [34mDEBUG[0m [2methereum_transaction_pool_monitor::mempool_monitor[0m[2m:[0m 🔍 Skipping tx 0xc09f01bd1eba8d231e2d4a210e987992ecf53d5233e50b7f77ceefbd5f439e4e - not a DEX interaction (target: 0xbCe44616D96BA1659FAc008ed3D9f171F67D254e)
[2m2025-12-10T10:10:16.301803Z[0m [34mDEBUG[0m [2methereum_transaction_pool_monitor::mempool_monitor[0m[2m:[0m 📨 Processing new pending transaction: 0xe862512c5632bed31330f363590d67882064f01b46c4cc2f03b9f75b59947a50
[2m2025-12-10T10:10:16.301812Z[0m [34mDEBUG[0m [2methereum_transaction_pool_monitor::mempool_monitor[0m[2m:[0m 🔍 Fetching transaction details for: 0xe862512c5632bed31330f363590d67882064f01b46c4cc2f03b9f75b59947a50
[2m2025-12-10T10:10:16.301817Z[0m [34mDEBUG[0m [2methereum_transaction_pool_monitor::eth_client[0m[2m:[0m 🔍 Fetching transaction details for hash: 0xe862512c5632bed31330f363590d67882064f01b46c4cc2f03b9f75b59947a50
[2m2025-12-10T10:10:16.301838Z[0m [34mDEBUG[0m [2mhyper::client::pool[0m[2m:[0m reuse idle connection for ("http", 192.168.0.14:8545)
[2m2025-12-10T10:10:16.301893Z[0m [34mDEBUG[0m [2mhyper::proto::h1::io[0m[2m:[0m flushed 250 bytes
[2m2025-12-10T10:10:16.301914Z[0m [34mDEBUG[0m [2mhyper::client::pool[0m[2m:[0m reuse idle connection for ("http", 192.168.0.14:8545)
[2m2025-12-10T10:10:16.301928Z[0m [34mDEBUG[0m [2mhyper::proto::h1::io[0m[2m:[0m flushed 172 bytes
[2m2025-12-10T10:10:16.301948Z[0m [34mDEBUG[0m [2methereum_transaction_pool_monitor::eth_client[0m[2m:[0m 📨 Received WebSocket message: {"jsonrpc":"2.0","method":"eth_subscription","params":{"subscription":"0xbed0a0851463e895960a451075a301a9","result":"0x96fa94e1d88209ce1e9a32faace4ffac27b1ec6a18b374eb1a9843ae11b77a48"}}
[2m2025-12-10T10:10:16.301962Z[0m [34mDEBUG[0m [2methereum_transaction_pool_monitor::eth_client[0m[2m:[0m 📨 Received pending transaction: 0x96fa94e1d88209ce1e9a32faace4ffac27b1ec6a18b374eb1a9843ae11b77a48
[2m2025-12-10T10:10:16.308391Z[0m [34mDEBUG[0m [2mhyper::proto::h1::io[0m[2m:[0m parsed 4 headers
[2m2025-12-10T10:10:16.308431Z[0m [34mDEBUG[0m [2mhyper::proto::h1::conn[0m[2m:[0m incoming body is content-length (45 bytes)
[2m2025-12-10T10:10:16.308468Z[0m [34mDEBUG[0m [2mhyper::proto::h1::conn[0m[2m:[0m incoming body completed
[2m2025-12-10T10:10:16.308487Z[0m [34mDEBUG[0m [2mhyper::client::pool[0m[2m:[0m pooling idle connection for ("http", 192.168.0.14:8545)
[2m2025-12-10T10:10:16.370325Z[0m [34mDEBUG[0m [2methereum_transaction_pool_monitor::eth_client[0m[2m:[0m 📨 Received WebSocket message: {"jsonrpc":"2.0","method":"eth_subscription","params":{"subscription":"0xbed0a0851463e895960a451075a301a9","result":"0x12bcfb57da79236bf9e2cb1562acc907125ed1d1f1194426082cd51071d1ef8a"}}
[2m2025-12-10T10:10:16.370347Z[0m [34mDEBUG[0m [2methereum_transaction_pool_monitor::eth_client[0m[2m:[0m 📨 Received pending transaction: 0x12bcfb57da79236bf9e2cb1562acc907125ed1d1f1194426082cd51071d1ef8a
[2m2025-12-10T10:10:16.398457Z[0m [34mDEBUG[0m [2mhyper::client::pool[0m[2m:[0m reuse idle connection for ("http", 192.168.0.14:8545)
[2m2025-12-10T10:10:16.398528Z[0m [34mDEBUG[0m [2mhyper::proto::h1::io[0m[2m:[0m flushed 172 bytes
[2m2025-12-10T10:10:16.401391Z[0m [34mDEBUG[0m [2mhyper::proto::h1::io[0m[2m:[0m parsed 4 headers
[2m2025-12-10T10:10:16.401397Z[0m [34mDEBUG[0m [2mhyper::proto::h1::conn[0m[2m:[0m incoming body is content-length (45 bytes)
[2m2025-12-10T10:10:16.401406Z[0m [34mDEBUG[0m [2mhyper::proto::h1::conn[0m[2m:[0m incoming body completed
[2m2025-12-10T10:10:16.401415Z[0m [34mDEBUG[0m [2mhyper::client::pool[0m[2m:[0m pooling idle connection for ("http", 192.168.0.14:8545)
[2m2025-12-10T10:10:16.436260Z[0m [34mDEBUG[0m [2mhyper::proto::h1::io[0m[2m:[0m parsed 4 headers
[2m2025-12-10T10:10:16.436277Z[0m [34mDEBUG[0m [2mhyper::proto::h1::conn[0m[2m:[0m incoming body is content-length (656 bytes)
[2m2025-12-10T10:10:16.436289Z[0m [34mDEBUG[0m [2mhyper::proto::h1::conn[0m[2m:[0m incoming body completed
[2m2025-12-10T10:10:16.436303Z[0m [34mDEBUG[0m [2mhyper::client::pool[0m[2m:[0m pooling idle connection for ("http", 192.168.0.14:8545)
[2m2025-12-10T10:10:16.436314Z[0m [34mDEBUG[0m [2methereum_transaction_pool_monitor::eth_client[0m[2m:[0m 📡 Transaction fetch RPC completed in 134.49025ms
[2m2025-12-10T10:10:16.509767Z[0m [34mDEBUG[0m [2methereum_transaction_pool_monitor::eth_client[0m[2m:[0m ✅ Transaction 0xe862512c5632bed31330f363590d67882064f01b46c4cc2f03b9f75b59947a50 fetched and parsed in 207.940583ms
[2m2025-12-10T10:10:16.509799Z[0m [34mDEBUG[0m [2methereum_transaction_pool_monitor::mempool_monitor[0m[2m:[0m 🔍 Skipping tx 0xe862512c5632bed31330f363590d67882064f01b46c4cc2f03b9f75b59947a50 - not a DEX interaction (target: 0x8AB735Bc29702180fc1680Ba2bB8F21155820245)
[2m2025-12-10T10:10:16.509812Z[0m [34mDEBUG[0m [2methereum_transaction_pool_monitor::mempool_monitor[0m[2m:[0m 📨 Processing new pending transaction: 0xb2a0d7cd64f9d0f5d55ddec238d1b913aa701eb3382e4de3413cf71f7fd5cd98
[2m2025-12-10T10:10:16.509820Z[0m [34mDEBUG[0m [2methereum_transaction_pool_monitor::mempool_monitor[0m[2m:[0m 🔍 Fetching transaction details for: 0xb2a0d7cd64f9d0f5d55ddec238d1b913aa701eb3382e4de3413cf71f7fd5cd98
[2m2025-12-10T10:10:16.509825Z[0m [34mDEBUG[0m [2methereum_transaction_pool_monitor::eth_client[0m[2m:[0m 🔍 Fetching transaction details for hash: 0xb2a0d7cd64f9d0f5d55ddec238d1b913aa701eb3382e4de3413cf71f7fd5cd98
[2m2025-12-10T10:10:16.509845Z[0m [34mDEBUG[0m [2mhyper::client::pool[0m[2m:[0m reuse idle connection for ("http", 192.168.0.14:8545)
[2m2025-12-10T10:10:16.509887Z[0m [34mDEBUG[0m [2mhyper::proto::h1::io[0m[2m:[0m flushed 250 bytes
[2m2025-12-10T10:10:16.509915Z[0m [34mDEBUG[0m [2mhyper::client::pool[0m[2m:[0m reuse idle connection for ("http", 192.168.0.14:8545)
[2m2025-12-10T10:10:16.509930Z[0m [34mDEBUG[0m [2mhyper::proto::h1::io[0m[2m:[0m flushed 172 bytes
[2m2025-12-10T10:10:16.518399Z[0m [34mDEBUG[0m [2mhyper::proto::h1::io[0m[2m:[0m parsed 4 headers
[2m2025-12-10T10:10:16.519102Z[0m [34mDEBUG[0m [2mhyper::proto::h1::conn[0m[2m:[0m incoming body is content-length (45 bytes)
[2m2025-12-10T10:10:16.519120Z[0m [34mDEBUG[0m [2mhyper::proto::h1::conn[0m[2m:[0m incoming body completed
[2m2025-12-10T10:10:16.519138Z[0m [34mDEBUG[0m [2mhyper::client::pool[0m[2m:[0m pooling idle connection for ("http", 192.168.0.14:8545)
[2m2025-12-10T10:10:16.599131Z[0m [34mDEBUG[0m [2mhyper::client::pool[0m[2m:[0m reuse idle connection for ("http", 192.168.0.14:8545)
[2m2025-12-10T10:10:16.599177Z[0m [34mDEBUG[0m [2mhyper::proto::h1::io[0m[2m:[0m flushed 172 bytes
[2m2025-12-10T10:10:16.603133Z[0m [34mDEBUG[0m [2mhyper::proto::h1::io[0m[2m:[0m parsed 4 headers
[2m2025-12-10T10:10:16.603143Z[0m [34mDEBUG[0m [2mhyper::proto::h1::conn[0m[2m:[0m incoming body is content-length (45 bytes)
[2m2025-12-10T10:10:16.603150Z[0m [34mDEBUG[0m [2mhyper::proto::h1::conn[0m[2m:[0m incoming body completed
[2m2025-12-10T10:10:16.603159Z[0m [34mDEBUG[0m [2mhyper::client::pool[0m[2m:[0m pooling idle connection for ("http", 192.168.0.14:8545)
[2m2025-12-10T10:10:16.697178Z[0m [34mDEBUG[0m [2mhyper::client::pool[0m[2m:[0m reuse idle connection for ("http", 192.168.0.14:8545)
[2m2025-12-10T10:10:16.697333Z[0m [34mDEBUG[0m [2mhyper::proto::h1::io[0m[2m:[0m flushed 172 bytes
[2m2025-12-10T10:10:16.703138Z[0m [34mDEBUG[0m [2mhyper::proto::h1::io[0m[2m:[0m parsed 4 headers
[2m2025-12-10T10:10:16.703166Z[0m [34mDEBUG[0m [2mhyper::proto::h1::conn[0m[2m:[0m incoming body is content-length (45 bytes)
[2m2025-12-10T10:10:16.703195Z[0m [34mDEBUG[0m [2mhyper::proto::h1::conn[0m[2m:[0m incoming body completed
[2m2025-12-10T10:10:16.703223Z[0m [34mDEBUG[0m [2mhyper::client::pool[0m[2m:[0m pooling idle connection for ("http", 192.168.0.14:8545)
[2m2025-12-10T10:10:16.730571Z[0m [34mDEBUG[0m [2mhyper::proto::h1::io[0m[2m:[0m parsed 4 headers
[2m2025-12-10T10:10:16.730622Z[0m [34mDEBUG[0m [2mhyper::proto::h1::conn[0m[2m:[0m incoming body is content-length (657 bytes)
[2m2025-12-10T10:10:16.730654Z[0m [34mDEBUG[0m [2mhyper::proto::h1::conn[0m[2m:[0m incoming body completed
[2m2025-12-10T10:10:16.730689Z[0m [34mDEBUG[0m [2mhyper::client::pool[0m[2m:[0m pooling idle connection for ("http", 192.168.0.14:8545)
[2m2025-12-10T10:10:16.730720Z[0m [34mDEBUG[0m [2methereum_transaction_pool_monitor::eth_client[0m[2m:[0m 📡 Transaction fetch RPC completed in 220.887334ms
[2m2025-12-10T10:10:16.817930Z[0m [34mDEBUG[0m [2methereum_transaction_pool_monitor::eth_client[0m[2m:[0m ✅ Transaction 0xb2a0d7cd64f9d0f5d55ddec238d1b913aa701eb3382e4de3413cf71f7fd5cd98 fetched and parsed in 308.095709ms
[2m2025-12-10T10:10:16.817957Z[0m [34mDEBUG[0m [2methereum_transaction_pool_monitor::mempool_monitor[0m[2m:[0m 🔍 Skipping tx 0xb2a0d7cd64f9d0f5d55ddec238d1b913aa701eb3382e4de3413cf71f7fd5cd98 - not a DEX interaction (target: 0x7d08b716DBCE566Fbb60C765631CB9ad555e4528)
[2m2025-12-10T10:10:16.817967Z[0m [34mDEBUG[0m [2methereum_transaction_pool_monitor::mempool_monitor[0m[2m:[0m 📨 Processing new pending transaction: 0x32621365395b2aae49772b1edd29aaf14a1610925198064b3520e2c2c88a7060
[2m2025-12-10T10:10:16.817975Z[0m [34mDEBUG[0m [2methereum_transaction_pool_monitor::mempool_monitor[0m[2m:[0m 🔍 Fetching transaction details for: 0x32621365395b2aae49772b1edd29aaf14a1610925198064b3520e2c2c88a7060
[2m2025-12-10T10:10:16.817981Z[0m [34mDEBUG[0m [2methereum_transaction_pool_monitor::eth_client[0m[2m:[0m 🔍 Fetching transaction details for hash: 0x32621365395b2aae49772b1edd29aaf14a1610925198064b3520e2c2c88a7060
[2m2025-12-10T10:10:16.817999Z[0m [34mDEBUG[0m [2mhyper::client::pool[0m[2m:[0m reuse idle connection for ("http", 192.168.0.14:8545)
[2m2025-12-10T10:10:16.818041Z[0m [34mDEBUG[0m [2mhyper::proto::h1::io[0m[2m:[0m flushed 250 bytes
[2m2025-12-10T10:10:16.818060Z[0m [34mDEBUG[0m [2mhyper::client::pool[0m[2m:[0m reuse idle connection for ("http", 192.168.0.14:8545)
[2m2025-12-10T10:10:16.818068Z[0m [34mDEBUG[0m [2methereum_transaction_pool_monitor::eth_client[0m[2m:[0m 📨 Received WebSocket message: {"jsonrpc":"2.0","method":"eth_subscription","params":{"subscription":"0xbed0a0851463e895960a451075a301a9","result":"0xaa7a6b671c3960f572e2a85b2b9f6e493ae156b22d8aacf32fe245b5a2a05dbf"}}
[2m2025-12-10T10:10:16.818071Z[0m [34mDEBUG[0m [2mhyper::proto::h1::io[0m[2m:[0m flushed 172 bytes
[2m2025-12-10T10:10:16.818081Z[0m [34mDEBUG[0m [2methereum_transaction_pool_monitor::eth_client[0m[2m:[0m 📨 Received pending transaction: 0xaa7a6b671c3960f572e2a85b2b9f6e493ae156b22d8aacf32fe245b5a2a05dbf
[2m2025-12-10T10:10:16.818087Z[0m [34mDEBUG[0m [2methereum_transaction_pool_monitor::eth_client[0m[2m:[0m 📨 Received WebSocket message: {"jsonrpc":"2.0","method":"eth_subscription","params":{"subscription":"0xbed0a0851463e895960a451075a301a9","result":"0x22e606bdc4ed855a2d89e822008c6be03fd9c695a3fcb230e8fb4d1b779e27f5"}}
[2m2025-12-10T10:10:16.818093Z[0m [34mDEBUG[0m [2methereum_transaction_pool_monitor::eth_client[0m[2m:[0m 📨 Received pending transaction: 0x22e606bdc4ed855a2d89e822008c6be03fd9c695a3fcb230e8fb4d1b779e27f5
[2m2025-12-10T10:10:16.827754Z[0m [34mDEBUG[0m [2mhyper::proto::h1::io[0m[2m:[0m parsed 4 headers
[2m2025-12-10T10:10:16.827776Z[0m [34mDEBUG[0m [2mhyper::proto::h1::conn[0m[2m:[0m incoming body is content-length (45 bytes)
[2m2025-12-10T10:10:16.827785Z[0m [34mDEBUG[0m [2mhyper::proto::h1::conn[0m[2m:[0m incoming body completed
[2m2025-12-10T10:10:16.827797Z[0m [34mDEBUG[0m [2mhyper::client::pool[0m[2m:[0m pooling idle connection for ("http", 192.168.0.14:8545)
[2m2025-12-10T10:10:16.898878Z[0m [34mDEBUG[0m [2mhyper::client::pool[0m[2m:[0m reuse idle connection for ("http", 192.168.0.14:8545)
[2m2025-12-10T10:10:16.898938Z[0m [34mDEBUG[0m [2mhyper::proto::h1::io[0m[2m:[0m flushed 172 bytes
[2m2025-12-10T10:10:16.901790Z[0m [34mDEBUG[0m [2mhyper::proto::h1::io[0m[2m:[0m parsed 4 headers
[2m2025-12-10T10:10:16.901814Z[0m [34mDEBUG[0m [2mhyper::proto::h1::conn[0m[2m:[0m incoming body is content-length (45 bytes)
[2m2025-12-10T10:10:16.901825Z[0m [34mDEBUG[0m [2mhyper::proto::h1::conn[0m[2m:[0m incoming body completed
[2m2025-12-10T10:10:16.901838Z[0m [34mDEBUG[0m [2mhyper::client::pool[0m[2m:[0m pooling idle connection for ("http", 192.168.0.14:8545)
[2m2025-12-10T10:10:16.998972Z[0m [34mDEBUG[0m [2mhyper::client::pool[0m[2m:[0m reuse idle connection for ("http", 192.168.0.14:8545)
[2m2025-12-10T10:10:16.999064Z[0m [34mDEBUG[0m [2mhyper::proto::h1::io[0m[2m:[0m flushed 172 bytes
[2m2025-12-10T10:10:17.001821Z[0m [34mDEBUG[0m [2mhyper::proto::h1::io[0m[2m:[0m parsed 4 headers
[2m2025-12-10T10:10:17.001866Z[0m [34mDEBUG[0m [2mhyper::proto::h1::conn[0m[2m:[0m incoming body is content-length (45 bytes)
[2m2025-12-10T10:10:17.001896Z[0m [34mDEBUG[0m [2mhyper::proto::h1::conn[0m[2m:[0m incoming body completed
[2m2025-12-10T10:10:17.001927Z[0m [34mDEBUG[0m [2mhyper::client::pool[0m[2m:[0m pooling idle connection for ("http", 192.168.0.14:8545)
[2m2025-12-10T10:10:17.031696Z[0m [34mDEBUG[0m [2mhyper::proto::h1::io[0m[2m:[0m parsed 4 headers
[2m2025-12-10T10:10:17.031743Z[0m [34mDEBUG[0m [2mhyper::proto::h1::conn[0m[2m:[0m incoming body is content-length (706 bytes)
[2m2025-12-10T10:10:17.031779Z[0m [34mDEBUG[0m [2mhyper::proto::h1::conn[0m[2m:[0m incoming body completed
[2m2025-12-10T10:10:17.031818Z[0m [34mDEBUG[0m [2mhyper::client::pool[0m[2m:[0m pooling idle connection for ("http", 192.168.0.14:8545)
[2m2025-12-10T10:10:17.031852Z[0m [34mDEBUG[0m [2methereum_transaction_pool_monitor::eth_client[0m[2m:[0m 📡 Transaction fetch RPC completed in 213.862917ms
[2m2025-12-10T10:10:17.121466Z[0m [34mDEBUG[0m [2methereum_transaction_pool_monitor::eth_client[0m[2m:[0m ✅ Transaction 0x32621365395b2aae49772b1edd29aaf14a1610925198064b3520e2c2c88a7060 fetched and parsed in 303.474958ms
[2m2025-12-10T10:10:17.121496Z[0m [34mDEBUG[0m [2methereum_transaction_pool_monitor::mempool_monitor[0m[2m:[0m 🔍 Skipping tx 0x32621365395b2aae49772b1edd29aaf14a1610925198064b3520e2c2c88a7060 - not a DEX interaction (target: 0x277C6A642564A91ff78b008022D65683cEE5CCC5)
[2m2025-12-10T10:10:17.121511Z[0m [34mDEBUG[0m [2methereum_transaction_pool_monitor::mempool_monitor[0m[2m:[0m 📨 Processing new pending transaction: 0x67e60b75b8b2f410cecc55ac30bea9621d2e5274b4bc30fefd80a57ea4fe5721
[2m2025-12-10T10:10:17.121520Z[0m [34mDEBUG[0m [2methereum_transaction_pool_monitor::mempool_monitor[0m[2m:[0m 🔍 Fetching transaction details for: 0x67e60b75b8b2f410cecc55ac30bea9621d2e5274b4bc30fefd80a57ea4fe5721
[2m2025-12-10T10:10:17.121530Z[0m [34mDEBUG[0m [2methereum_transaction_pool_monitor::eth_client[0m[2m:[0m 🔍 Fetching transaction details for hash: 0x67e60b75b8b2f410cecc55ac30bea9621d2e5274b4bc30fefd80a57ea4fe5721
[2m2025-12-10T10:10:17.121550Z[0m [34mDEBUG[0m [2mhyper::client::pool[0m[2m:[0m reuse idle connection for ("http", 192.168.0.14:8545)
[2m2025-12-10T10:10:17.121593Z[0m [34mDEBUG[0m [2mhyper::proto::h1::io[0m[2m:[0m flushed 250 bytes
[2m2025-12-10T10:10:17.121622Z[0m [34mDEBUG[0m [2mhyper::client::pool[0m[2m:[0m reuse idle connection for ("http", 192.168.0.14:8545)
[2m2025-12-10T10:10:17.121638Z[0m [34mDEBUG[0m [2mhyper::proto::h1::io[0m[2m:[0m flushed 172 bytes
[2m2025-12-10T10:10:17.130664Z[0m [34mDEBUG[0m [2mhyper::proto::h1::io[0m[2m:[0m parsed 4 headers
[2m2025-12-10T10:10:17.130680Z[0m [34mDEBUG[0m [2mhyper::proto::h1::conn[0m[2m:[0m incoming body is content-length (45 bytes)
[2m2025-12-10T10:10:17.130693Z[0m [34mDEBUG[0m [2mhyper::proto::h1::conn[0m[2m:[0m incoming body completed
[2m2025-12-10T10:10:17.130707Z[0m [34mDEBUG[0m [2mhyper::client::pool[0m[2m:[0m pooling idle connection for ("http", 192.168.0.14:8545)
[2m2025-12-10T10:10:17.198270Z[0m [34mDEBUG[0m [2mhyper::client::pool[0m[2m:[0m reuse idle connection for ("http", 192.168.0.14:8545)
[2m2025-12-10T10:10:17.198324Z[0m [34mDEBUG[0m [2mhyper::proto::h1::io[0m[2m:[0m flushed 172 bytes
[2m2025-12-10T10:10:17.204354Z[0m [34mDEBUG[0m [2mhyper::proto::h1::io[0m[2m:[0m parsed 4 headers
[2m2025-12-10T10:10:17.204361Z[0m [34mDEBUG[0m [2mhyper::proto::h1::conn[0m[2m:[0m incoming body is content-length (45 bytes)
[2m2025-12-10T10:10:17.204373Z[0m [34mDEBUG[0m [2mhyper::proto::h1::conn[0m[2m:[0m incoming body completed
[2m2025-12-10T10:10:17.204386Z[0m [34mDEBUG[0m [2mhyper::client::pool[0m[2m:[0m pooling idle connection for ("http", 192.168.0.14:8545)
[2m2025-12-10T10:10:17.259386Z[0m [34mDEBUG[0m [2methereum_transaction_pool_monitor::eth_client[0m[2m:[0m 📨 Received WebSocket message: {"jsonrpc":"2.0","method":"eth_subscription","params":{"subscription":"0xbed0a0851463e895960a451075a301a9","result":"0x5fcb9fe578fc3dedc08956e9800658b991df0e927c7201239a96f312ddd307fc"}}
[2m2025-12-10T10:10:17.259405Z[0m [34mDEBUG[0m [2methereum_transaction_pool_monitor::eth_client[0m[2m:[0m 📨 Received pending transaction: 0x5fcb9fe578fc3dedc08956e9800658b991df0e927c7201239a96f312ddd307fc
[2m2025-12-10T10:10:17.297302Z[0m [34mDEBUG[0m [2mhyper::client::pool[0m[2m:[0m reuse idle connection for ("http", 192.168.0.14:8545)
[2m2025-12-10T10:10:17.297355Z[0m [34mDEBUG[0m [2mhyper::proto::h1::io[0m[2m:[0m flushed 172 bytes
[2m2025-12-10T10:10:17.300396Z[0m [34mDEBUG[0m [2mhyper::proto::h1::io[0m[2m:[0m parsed 4 headers
[2m2025-12-10T10:10:17.300410Z[0m [34mDEBUG[0m [2mhyper::proto::h1::conn[0m[2m:[0m incoming body is content-length (45 bytes)
[2m2025-12-10T10:10:17.300419Z[0m [34mDEBUG[0m [2mhyper::proto::h1::conn[0m[2m:[0m incoming body completed
[2m2025-12-10T10:10:17.300428Z[0m [34mDEBUG[0m [2mhyper::client::pool[0m[2m:[0m pooling idle connection for ("http", 192.168.0.14:8545)
[2m2025-12-10T10:10:17.367894Z[0m [34mDEBUG[0m [2mhyper::proto::h1::io[0m[2m:[0m parsed 4 headers
[2m2025-12-10T10:10:17.367945Z[0m [34mDEBUG[0m [2mhyper::proto::h1::conn[0m[2m:[0m incoming body is content-length (652 bytes)
[2m2025-12-10T10:10:17.367972Z[0m [34mDEBUG[0m [2mhyper::proto::h1::conn[0m[2m:[0m incoming body completed
[2m2025-12-10T10:10:17.368010Z[0m [34mDEBUG[0m [2mhyper::client::pool[0m[2m:[0m pooling idle connection for ("http", 192.168.0.14:8545)
[2m2025-12-10T10:10:17.368037Z[0m [34mDEBUG[0m [2methereum_transaction_pool_monitor::eth_client[0m[2m:[0m 📡 Transaction fetch RPC completed in 246.498583ms
[2m2025-12-10T10:10:17.454979Z[0m [34mDEBUG[0m [2methereum_transaction_pool_monitor::eth_client[0m[2m:[0m ✅ Transaction 0x67e60b75b8b2f410cecc55ac30bea9621d2e5274b4bc30fefd80a57ea4fe5721 fetched and parsed in 333.43775ms
[2m2025-12-10T10:10:17.455011Z[0m [34mDEBUG[0m [2methereum_transaction_pool_monitor::mempool_monitor[0m[2m:[0m 🔍 Skipping tx 0x67e60b75b8b2f410cecc55ac30bea9621d2e5274b4bc30fefd80a57ea4fe5721 - not a DEX interaction (target: 0xE4C684965951f4c0eaad24D90F38224099aBC409)
[2m2025-12-10T10:10:17.455025Z[0m [34mDEBUG[0m [2methereum_transaction_pool_monitor::mempool_monitor[0m[2m:[0m 📨 Processing new pending transaction: 0x776eaba7e2df267b8c5f3f92a2e3e93bb62dda8fda1cd475640cf2893a13efb4
[2m2025-12-10T10:10:17.455034Z[0m [34mDEBUG[0m [2methereum_transaction_pool_monitor::mempool_monitor[0m[2m:[0m 🔍 Fetching transaction details for: 0x776eaba7e2df267b8c5f3f92a2e3e93bb62dda8fda1cd475640cf2893a13efb4
[2m2025-12-10T10:10:17.455043Z[0m [34mDEBUG[0m [2methereum_transaction_pool_monitor::eth_client[0m[2m:[0m 🔍 Fetching transaction details for hash: 0x776eaba7e2df267b8c5f3f92a2e3e93bb62dda8fda1cd475640cf2893a13efb4
[2m2025-12-10T10:10:17.455062Z[0m [34mDEBUG[0m [2mhyper::client::pool[0m[2m:[0m reuse idle connection for ("http", 192.168.0.14:8545)
[2m2025-12-10T10:10:17.455104Z[0m [34mDEBUG[0m [2mhyper::proto::h1::io[0m[2m:[0m flushed 250 bytes
[2m2025-12-10T10:10:17.455136Z[0m [34mDEBUG[0m [2mhyper::client::pool[0m[2m:[0m reuse idle connection for ("http", 192.168.0.14:8545)
[2m2025-12-10T10:10:17.455156Z[0m [34mDEBUG[0m [2mhyper::proto::h1::io[0m[2m:[0m flushed 172 bytes
[2m2025-12-10T10:10:17.459297Z[0m [34mDEBUG[0m [2mhyper::proto::h1::io[0m[2m:[0m parsed 4 headers
[2m2025-12-10T10:10:17.459306Z[0m [34mDEBUG[0m [2mhyper::proto::h1::conn[0m[2m:[0m incoming body is content-length (45 bytes)
[2m2025-12-10T10:10:17.459317Z[0m [34mDEBUG[0m [2mhyper::proto::h1::conn[0m[2m:[0m incoming body completed
[2m2025-12-10T10:10:17.459326Z[0m [34mDEBUG[0m [2mhyper::client::pool[0m[2m:[0m pooling idle connection for ("http", 192.168.0.14:8545)
[2m2025-12-10T10:10:17.496474Z[0m [34mDEBUG[0m [2mhyper::client::pool[0m[2m:[0m reuse idle connection for ("http", 192.168.0.14:8545)
[2m2025-12-10T10:10:17.496505Z[0m [34mDEBUG[0m [2mhyper::proto::h1::io[0m[2m:[0m flushed 172 bytes
[2m2025-12-10T10:10:17.500813Z[0m [34mDEBUG[0m [2mhyper::proto::h1::io[0m[2m:[0m parsed 4 headers
[2m2025-12-10T10:10:17.500838Z[0m [34mDEBUG[0m [2mhyper::proto::h1::conn[0m[2m:[0m incoming body is content-length (45 bytes)
[2m2025-12-10T10:10:17.500860Z[0m [34mDEBUG[0m [2mhyper::proto::h1::conn[0m[2m:[0m incoming body completed
[2m2025-12-10T10:10:17.500868Z[0m [34mDEBUG[0m [2mhyper::client::pool[0m[2m:[0m pooling idle connection for ("http", 192.168.0.14:8545)
[2m2025-12-10T10:10:17.598949Z[0m [34mDEBUG[0m [2mhyper::client::pool[0m[2m:[0m reuse idle connection for ("http", 192.168.0.14:8545)
[2m2025-12-10T10:10:17.598994Z[0m [34mDEBUG[0m [2mhyper::proto::h1::io[0m[2m:[0m flushed 172 bytes
[2m2025-12-10T10:10:17.602194Z[0m [34mDEBUG[0m [2mhyper::proto::h1::io[0m[2m:[0m parsed 4 headers
[2m2025-12-10T10:10:17.602214Z[0m [34mDEBUG[0m [2mhyper::proto::h1::conn[0m[2m:[0m incoming body is content-length (45 bytes)
[2m2025-12-10T10:10:17.602229Z[0m [34mDEBUG[0m [2mhyper::proto::h1::conn[0m[2m:[0m incoming body completed
[2m2025-12-10T10:10:17.602243Z[0m [34mDEBUG[0m [2mhyper::client::pool[0m[2m:[0m pooling idle connection for ("http", 192.168.0.14:8545)
[2m2025-12-10T10:10:17.606680Z[0m [34mDEBUG[0m [2methereum_transaction_pool_monitor::eth_client[0m[2m:[0m 📨 Received WebSocket message: {"jsonrpc":"2.0","method":"eth_subscription","params":{"subscription":"0xbed0a0851463e895960a451075a301a9","result":"0x1da92f93745769a38d111cd7829e1679de80aa271a30bbd572f3effbb69c1164"}}
[2m2025-12-10T10:10:17.606707Z[0m [34mDEBUG[0m [2methereum_transaction_pool_monitor::eth_client[0m[2m:[0m 📨 Received pending transaction: 0x1da92f93745769a38d111cd7829e1679de80aa271a30bbd572f3effbb69c1164
[2m2025-12-10T10:10:17.697858Z[0m [34mDEBUG[0m [2mhyper::client::pool[0m[2m:[0m reuse idle connection for ("http", 192.168.0.14:8545)
[2m2025-12-10T10:10:17.698040Z[0m [34mDEBUG[0m [2mhyper::proto::h1::io[0m[2m:[0m flushed 172 bytes
[2m2025-12-10T10:10:17.703619Z[0m [34mDEBUG[0m [2mhyper::proto::h1::io[0m[2m:[0m parsed 4 headers
[2m2025-12-10T10:10:17.703667Z[0m [34mDEBUG[0m [2mhyper::proto::h1::conn[0m[2m:[0m incoming body is content-length (45 bytes)
[2m2025-12-10T10:10:17.703706Z[0m [34mDEBUG[0m [2mhyper::proto::h1::conn[0m[2m:[0m incoming body completed
[2m2025-12-10T10:10:17.703749Z[0m [34mDEBUG[0m [2mhyper::client::pool[0m[2m:[0m pooling idle connection for ("http", 192.168.0.14:8545)
[2m2025-12-10T10:10:17.757528Z[0m [34mDEBUG[0m [2mhyper::proto::h1::io[0m[2m:[0m parsed 4 headers
[2m2025-12-10T10:10:17.757666Z[0m [34mDEBUG[0m [2mhyper::proto::h1::conn[0m[2m:[0m incoming body is content-length (771 bytes)
[2m2025-12-10T10:10:17.757712Z[0m [34mDEBUG[0m [2mhyper::proto::h1::conn[0m[2m:[0m incoming body completed
[2m2025-12-10T10:10:17.757771Z[0m [34mDEBUG[0m [2mhyper::client::pool[0m[2m:[0m pooling idle connection for ("http", 192.168.0.14:8545)
[2m2025-12-10T10:10:17.757819Z[0m [34mDEBUG[0m [2methereum_transaction_pool_monitor::eth_client[0m[2m:[0m 📡 Transaction fetch RPC completed in 302.766958ms
[2m2025-12-10T10:10:17.757902Z[0m [34mDEBUG[0m [2methereum_transaction_pool_monitor::eth_client[0m[2m:[0m DeFi transaction detected - Address: 0xdac17f958d2ee523a2206206994597c13d831ec7, Type: Stablecoin, Value: 0 ETH, Gas: 0.43 Gwei
[2m2025-12-10T10:10:17.757976Z[0m [34mDEBUG[0m [2methereum_transaction_pool_monitor::eth_client[0m[2m:[0m ✅ Transaction 0x776eaba7e2df267b8c5f3f92a2e3e93bb62dda8fda1cd475640cf2893a13efb4 fetched and parsed in 302.923208ms
[2m2025-12-10T10:10:17.758017Z[0m [34mDEBUG[0m [2methereum_transaction_pool_monitor::mempool_monitor[0m[2m:[0m 🔍 Skipping tx 0x776eaba7e2df267b8c5f3f92a2e3e93bb62dda8fda1cd475640cf2893a13efb4 - not a DEX interaction (target: 0xdAC17F958D2ee523a2206206994597C13D831ec7)
[2m2025-12-10T10:10:17.758062Z[0m [34mDEBUG[0m [2methereum_transaction_pool_monitor::mempool_monitor[0m[2m:[0m 📨 Processing new pending transaction: 0x1c633f35e065190a255d35a66185f9d0d2b0522eef26b8ebd94a76359817c7d3
[2m2025-12-10T10:10:17.758090Z[0m [34mDEBUG[0m [2methereum_transaction_pool_monitor::mempool_monitor[0m[2m:[0m 🔍 Fetching transaction details for: 0x1c633f35e065190a255d35a66185f9d0d2b0522eef26b8ebd94a76359817c7d3
[2m2025-12-10T10:10:17.758114Z[0m [34mDEBUG[0m [2methereum_transaction_pool_monitor::eth_client[0m[2m:[0m 🔍 Fetching transaction details for hash: 0x1c633f35e065190a255d35a66185f9d0d2b0522eef26b8ebd94a76359817c7d3
[2m2025-12-10T10:10:17.758197Z[0m [34mDEBUG[0m [2mhyper::client::pool[0m[2m:[0m reuse idle connection for ("http", 192.168.0.14:8545)
[2m2025-12-10T10:10:17.758312Z[0m [34mDEBUG[0m [2mhyper::proto::h1::io[0m[2m:[0m flushed 250 bytes
[2m2025-12-10T10:10:17.798271Z[0m [34mDEBUG[0m [2mhyper::client::pool[0m[2m:[0m reuse idle connection for ("http", 192.168.0.14:8545)
[2m2025-12-10T10:10:17.798459Z[0m [34mDEBUG[0m [2mhyper::proto::h1::io[0m[2m:[0m flushed 172 bytes
[2m2025-12-10T10:10:17.801655Z[0m [34mDEBUG[0m [2mhyper::proto::h1::io[0m[2m:[0m parsed 4 headers
[2m2025-12-10T10:10:17.801726Z[0m [34mDEBUG[0m [2mhyper::proto::h1::conn[0m[2m:[0m incoming body is content-length (45 bytes)
[2m2025-12-10T10:10:17.801772Z[0m [34mDEBUG[0m [2mhyper::proto::h1::conn[0m[2m:[0m incoming body completed
[2m2025-12-10T10:10:17.801821Z[0m [34mDEBUG[0m [2mhyper::client::pool[0m[2m:[0m pooling idle connection for ("http", 192.168.0.14:8545)
[2m2025-12-10T10:10:17.859234Z[0m [34mDEBUG[0m [2methereum_transaction_pool_monitor::eth_client[0m[2m:[0m 📨 Received WebSocket message: {"jsonrpc":"2.0","method":"eth_subscription","params":{"subscription":"0xbed0a0851463e895960a451075a301a9","result":"0x27e70114317fdc2d086f98bd47e430151f553ba935636ba8a64a38bccae4a845"}}
[2m2025-12-10T10:10:17.859329Z[0m [34mDEBUG[0m [2methereum_transaction_pool_monitor::eth_client[0m[2m:[0m 📨 Received pending transaction: 0x27e70114317fdc2d086f98bd47e430151f553ba935636ba8a64a38bccae4a845
[2m2025-12-10T10:10:17.859365Z[0m [34mDEBUG[0m [2methereum_transaction_pool_monitor::eth_client[0m[2m:[0m 📨 Received WebSocket message: {"jsonrpc":"2.0","method":"eth_subscription","params":{"subscription":"0xbed0a0851463e895960a451075a301a9","result":"0x6d2a450a4a7a6615c487643e4f8894431829787eb870601855c0cb95e049ca16"}}
[2m2025-12-10T10:10:17.859397Z[0m [34mDEBUG[0m [2methereum_transaction_pool_monitor::eth_client[0m[2m:[0m 📨 Received pending transaction: 0x6d2a450a4a7a6615c487643e4f8894431829787eb870601855c0cb95e049ca16
[2m2025-12-10T10:10:17.859426Z[0m [34mDEBUG[0m [2methereum_transaction_pool_monitor::eth_client[0m[2m:[0m 📨 Received WebSocket message: {"jsonrpc":"2.0","method":"eth_subscription","params":{"subscription":"0xbed0a0851463e895960a451075a301a9","result":"0x0f79ea2de424f51cdc3f46f107850acb5097e4ae8fe6631d0ab68ce878ef9fe5"}}
[2m2025-12-10T10:10:17.859465Z[0m [34mDEBUG[0m [2methereum_transaction_pool_monitor::eth_client[0m[2m:[0m 📨 Received pending transaction: 0x0f79ea2de424f51cdc3f46f107850acb5097e4ae8fe6631d0ab68ce878ef9fe5
[2m2025-12-10T10:10:17.861925Z[0m [34mDEBUG[0m [2methereum_transaction_pool_monitor::eth_client[0m[2m:[0m 📨 Received WebSocket message: {"jsonrpc":"2.0","method":"eth_subscription","params":{"subscription":"0xbed0a0851463e895960a451075a301a9","result":"0x98eb5a2af5a94c7c2516eac560ea74d189bead5efb6aecc624422db951e0f0fa"}}
[2m2025-12-10T10:10:17.862190Z[0m [34mDEBUG[0m [2methereum_transaction_pool_monitor::eth_client[0m[2m:[0m 📨 Received pending transaction: 0x98eb5a2af5a94c7c2516eac560ea74d189bead5efb6aecc624422db951e0f0fa
[2m2025-12-10T10:10:17.866344Z[0m [34mDEBUG[0m [2methereum_transaction_pool_monitor::eth_client[0m[2m:[0m 📨 Received WebSocket message: {"jsonrpc":"2.0","method":"eth_subscription","params":{"subscription":"0xbed0a0851463e895960a451075a301a9","result":"0xf53bda9a8411900d525c7ce139a154d711e5689dac8cbe59a50c6cca5062d146"}}
[2m2025-12-10T10:10:17.866396Z[0m [34mDEBUG[0m [2methereum_transaction_pool_monitor::eth_client[0m[2m:[0m 📨 Received pending transaction: 0xf53bda9a8411900d525c7ce139a154d711e5689dac8cbe59a50c6cca5062d146
[2m2025-12-10T10:10:17.868340Z[0m [34mDEBUG[0m [2methereum_transaction_pool_monitor::eth_client[0m[2m:[0m 📨 Received WebSocket message: {"jsonrpc":"2.0","method":"eth_subscription","params":{"subscription":"0xbed0a0851463e895960a451075a301a9","result":"0x859019146f7187d49f1a2c830c647a7915e76476a68d03923e4e5eb8baf98b6b"}}
[2m2025-12-10T10:10:17.868404Z[0m [34mDEBUG[0m [2methereum_transaction_pool_monitor::eth_client[0m[2m:[0m 📨 Received pending transaction: 0x859019146f7187d49f1a2c830c647a7915e76476a68d03923e4e5eb8baf98b6b
[2m2025-12-10T10:10:17.898525Z[0m [34mDEBUG[0m [2mhyper::client::pool[0m[2m:[0m reuse idle connection for ("http", 192.168.0.14:8545)
[2m2025-12-10T10:10:17.898703Z[0m [34mDEBUG[0m [2mhyper::proto::h1::io[0m[2m:[0m flushed 172 bytes
[2m2025-12-10T10:10:17.902162Z[0m [34mDEBUG[0m [2mhyper::proto::h1::io[0m[2m:[0m parsed 4 headers
[2m2025-12-10T10:10:17.902232Z[0m [34mDEBUG[0m [2mhyper::proto::h1::conn[0m[2m:[0m incoming body is content-length (45 bytes)
[2m2025-12-10T10:10:17.902274Z[0m [34mDEBUG[0m [2mhyper::proto::h1::conn[0m[2m:[0m incoming body completed
[2m2025-12-10T10:10:17.902318Z[0m [34mDEBUG[0m [2mhyper::client::pool[0m[2m:[0m pooling idle connection for ("http", 192.168.0.14:8545)
[2m2025-12-10T10:10:17.920504Z[0m [34mDEBUG[0m [2mhyper::proto::h1::io[0m[2m:[0m parsed 4 headers
[2m2025-12-10T10:10:17.920564Z[0m [34mDEBUG[0m [2mhyper::proto::h1::conn[0m[2m:[0m incoming body is content-length (769 bytes)
[2m2025-12-10T10:10:17.920605Z[0m [34mDEBUG[0m [2mhyper::proto::h1::conn[0m[2m:[0m incoming body completed
[2m2025-12-10T10:10:17.920660Z[0m [34mDEBUG[0m [2mhyper::client::pool[0m[2m:[0m pooling idle connection for ("http", 192.168.0.14:8545)
[2m2025-12-10T10:10:17.920698Z[0m [34mDEBUG[0m [2methereum_transaction_pool_monitor::eth_client[0m[2m:[0m 📡 Transaction fetch RPC completed in 162.550375ms
[2m2025-12-10T10:10:17.920770Z[0m [34mDEBUG[0m [2methereum_transaction_pool_monitor::eth_client[0m[2m:[0m DeFi transaction detected - Address: 0xdac17f958d2ee523a2206206994597c13d831ec7, Type: Stablecoin, Value: 0 ETH, Gas: 0.24 Gwei
[2m2025-12-10T10:10:17.920835Z[0m [34mDEBUG[0m [2methereum_transaction_pool_monitor::eth_client[0m[2m:[0m ✅ Transaction 0x1c633f35e065190a255d35a66185f9d0d2b0522eef26b8ebd94a76359817c7d3 fetched and parsed in 162.687334ms
[2m2025-12-10T10:10:17.920873Z[0m [34mDEBUG[0m [2methereum_transaction_pool_monitor::mempool_monitor[0m[2m:[0m 🔍 Skipping tx 0x1c633f35e065190a255d35a66185f9d0d2b0522eef26b8ebd94a76359817c7d3 - not a DEX interaction (target: 0xdAC17F958D2ee523a2206206994597C13D831ec7)
[2m2025-12-10T10:10:17.920912Z[0m [34mDEBUG[0m [2methereum_transaction_pool_monitor::mempool_monitor[0m[2m:[0m 📨 Processing new pending transaction: 0x96fa94e1d88209ce1e9a32faace4ffac27b1ec6a18b374eb1a9843ae11b77a48
[2m2025-12-10T10:10:17.920937Z[0m [34mDEBUG[0m [2methereum_transaction_pool_monitor::mempool_monitor[0m[2m:[0m 🔍 Fetching transaction details for: 0x96fa94e1d88209ce1e9a32faace4ffac27b1ec6a18b374eb1a9843ae11b77a48
[2m2025-12-10T10:10:17.920959Z[0m [34mDEBUG[0m [2methereum_transaction_pool_monitor::eth_client[0m[2m:[0m 🔍 Fetching transaction details for hash: 0x96fa94e1d88209ce1e9a32faace4ffac27b1ec6a18b374eb1a9843ae11b77a48
[2m2025-12-10T10:10:17.921029Z[0m [34mDEBUG[0m [2mhyper::client::pool[0m[2m:[0m reuse idle connection for ("http", 192.168.0.14:8545)
[2m2025-12-10T10:10:17.921114Z[0m [34mDEBUG[0m [2mhyper::proto::h1::io[0m[2m:[0m flushed 250 bytes
[2m2025-12-10T10:10:17.998381Z[0m [34mDEBUG[0m [2mhyper::client::pool[0m[2m:[0m reuse idle connection for ("http", 192.168.0.14:8545)
[2m2025-12-10T10:10:17.998570Z[0m [34mDEBUG[0m [2mhyper::proto::h1::io[0m[2m:[0m flushed 172 bytes
[2m2025-12-10T10:10:18.031497Z[0m [34mDEBUG[0m [2mhyper::proto::h1::io[0m[2m:[0m parsed 4 headers
[2m2025-12-10T10:10:18.031581Z[0m [34mDEBUG[0m [2mhyper::proto::h1::conn[0m[2m:[0m incoming body is content-length (45 bytes)
[2m2025-12-10T10:10:18.031618Z[0m [34mDEBUG[0m [2mhyper::proto::h1::conn[0m[2m:[0m incoming body completed
[2m2025-12-10T10:10:18.031666Z[0m [34mDEBUG[0m [2mhyper::client::pool[0m[2m:[0m pooling idle connection for ("http", 192.168.0.14:8545)
[2m2025-12-10T10:10:18.098879Z[0m [34mDEBUG[0m [2mhyper::client::pool[0m[2m:[0m reuse idle connection for ("http", 192.168.0.14:8545)
[2m2025-12-10T10:10:18.099073Z[0m [34mDEBUG[0m [2mhyper::proto::h1::io[0m[2m:[0m flushed 172 bytes
[2m2025-12-10T10:10:18.103395Z[0m [34mDEBUG[0m [2mhyper::proto::h1::io[0m[2m:[0m parsed 4 headers
[2m2025-12-10T10:10:18.103445Z[0m [34mDEBUG[0m [2mhyper::proto::h1::conn[0m[2m:[0m incoming body is content-length (45 bytes)
[2m2025-12-10T10:10:18.103482Z[0m [34mDEBUG[0m [2mhyper::proto::h1::conn[0m[2m:[0m incoming body completed
[2m2025-12-10T10:10:18.103521Z[0m [34mDEBUG[0m [2mhyper::client::pool[0m[2m:[0m pooling idle connection for ("http", 192.168.0.14:8545)
[2m2025-12-10T10:10:18.198925Z[0m [34mDEBUG[0m [2mhyper::client::pool[0m[2m:[0m reuse idle connection for ("http", 192.168.0.14:8545)
[2m2025-12-10T10:10:18.198988Z[0m [34mDEBUG[0m [2mhyper::proto::h1::io[0m[2m:[0m flushed 172 bytes
[2m2025-12-10T10:10:18.206087Z[0m [34mDEBUG[0m [2mhyper::proto::h1::io[0m[2m:[0m parsed 4 headers
[2m2025-12-10T10:10:18.206493Z[0m [34mDEBUG[0m [2mhyper::proto::h1::conn[0m[2m:[0m incoming body is content-length (45 bytes)
[2m2025-12-10T10:10:18.206510Z[0m [34mDEBUG[0m [2mhyper::proto::h1::conn[0m[2m:[0m incoming body completed
[2m2025-12-10T10:10:18.206525Z[0m [34mDEBUG[0m [2mhyper::client::pool[0m[2m:[0m pooling idle connection for ("http", 192.168.0.14:8545)
[2m2025-12-10T10:10:18.244993Z[0m [34mDEBUG[0m [2mhyper::proto::h1::io[0m[2m:[0m parsed 4 headers
[2m2025-12-10T10:10:18.245027Z[0m [34mDEBUG[0m [2mhyper::proto::h1::conn[0m[2m:[0m incoming body is content-length (1731 bytes)
[2m2025-12-10T10:10:18.245045Z[0m [34mDEBUG[0m [2mhyper::proto::h1::conn[0m[2m:[0m incoming body completed
[2m2025-12-10T10:10:18.245068Z[0m [34mDEBUG[0m [2mhyper::client::pool[0m[2m:[0m pooling idle connection for ("http", 192.168.0.14:8545)
[2m2025-12-10T10:10:18.245085Z[0m [34mDEBUG[0m [2methereum_transaction_pool_monitor::eth_client[0m[2m:[0m 📡 Transaction fetch RPC completed in 324.099083ms
[2m2025-12-10T10:10:18.327914Z[0m [34mDEBUG[0m [2methereum_transaction_pool_monitor::eth_client[0m[2m:[0m ✅ Transaction 0x96fa94e1d88209ce1e9a32faace4ffac27b1ec6a18b374eb1a9843ae11b77a48 fetched and parsed in 406.9255ms
[2m2025-12-10T10:10:18.327943Z[0m [34mDEBUG[0m [2methereum_transaction_pool_monitor::mempool_monitor[0m[2m:[0m 🔍 Skipping tx 0x96fa94e1d88209ce1e9a32faace4ffac27b1ec6a18b374eb1a9843ae11b77a48 - not a DEX interaction (target: 0x601a2aD6CB5949f0529735254189Ba3194221EDF)
[2m2025-12-10T10:10:18.327955Z[0m [34mDEBUG[0m [2methereum_transaction_pool_monitor::mempool_monitor[0m[2m:[0m 📨 Processing new pending transaction: 0x12bcfb57da79236bf9e2cb1562acc907125ed1d1f1194426082cd51071d1ef8a
[2m2025-12-10T10:10:18.327962Z[0m [34mDEBUG[0m [2methereum_transaction_pool_monitor::mempool_monitor[0m[2m:[0m 🔍 Fetching transaction details for: 0x12bcfb57da79236bf9e2cb1562acc907125ed1d1f1194426082cd51071d1ef8a
[2m2025-12-10T10:10:18.327967Z[0m [34mDEBUG[0m [2methereum_transaction_pool_monitor::eth_client[0m[2m:[0m 🔍 Fetching transaction details for hash: 0x12bcfb57da79236bf9e2cb1562acc907125ed1d1f1194426082cd51071d1ef8a
[2m2025-12-10T10:10:18.327990Z[0m [34mDEBUG[0m [2mhyper::client::pool[0m[2m:[0m reuse idle connection for ("http", 192.168.0.14:8545)
[2m2025-12-10T10:10:18.328031Z[0m [34mDEBUG[0m [2mhyper::proto::h1::io[0m[2m:[0m flushed 250 bytes
[2m2025-12-10T10:10:18.328059Z[0m [34mDEBUG[0m [2mhyper::client::pool[0m[2m:[0m reuse idle connection for ("http", 192.168.0.14:8545)
[2m2025-12-10T10:10:18.328072Z[0m [34mDEBUG[0m [2mhyper::proto::h1::io[0m[2m:[0m flushed 172 bytes
[2m2025-12-10T10:10:18.332672Z[0m [34mDEBUG[0m [2mhyper::proto::h1::io[0m[2m:[0m parsed 4 headers
[2m2025-12-10T10:10:18.332680Z[0m [34mDEBUG[0m [2mhyper::proto::h1::conn[0m[2m:[0m incoming body is content-length (45 bytes)
[2m2025-12-10T10:10:18.332689Z[0m [34mDEBUG[0m [2mhyper::proto::h1::conn[0m[2m:[0m incoming body completed
[2m2025-12-10T10:10:18.332697Z[0m [34mDEBUG[0m [2mhyper::client::pool[0m[2m:[0m pooling idle connection for ("http", 192.168.0.14:8545)
[2m2025-12-10T10:10:18.398813Z[0m [34mDEBUG[0m [2mhyper::client::pool[0m[2m:[0m reuse idle connection for ("http", 192.168.0.14:8545)
[2m2025-12-10T10:10:18.398883Z[0m [34mDEBUG[0m [2mhyper::proto::h1::io[0m[2m:[0m flushed 172 bytes
[2m2025-12-10T10:10:18.402637Z[0m [34mDEBUG[0m [2mhyper::proto::h1::io[0m[2m:[0m parsed 4 headers
[2m2025-12-10T10:10:18.402658Z[0m [34mDEBUG[0m [2mhyper::proto::h1::conn[0m[2m:[0m incoming body is content-length (45 bytes)
[2m2025-12-10T10:10:18.402673Z[0m [34mDEBUG[0m [2mhyper::proto::h1::conn[0m[2m:[0m incoming body completed
[2m2025-12-10T10:10:18.402686Z[0m [34mDEBUG[0m [2mhyper::client::pool[0m[2m:[0m pooling idle connection for ("http", 192.168.0.14:8545)
[2m2025-12-10T10:10:18.482607Z[0m [34mDEBUG[0m [2mhyper::proto::h1::io[0m[2m:[0m parsed 4 headers
[2m2025-12-10T10:10:18.482635Z[0m [34mDEBUG[0m [2mhyper::proto::h1::conn[0m[2m:[0m incoming body is content-length (771 bytes)
[2m2025-12-10T10:10:18.482649Z[0m [34mDEBUG[0m [2mhyper::proto::h1::conn[0m[2m:[0m incoming body completed
[2m2025-12-10T10:10:18.482666Z[0m [34mDEBUG[0m [2mhyper::client::pool[0m[2m:[0m pooling idle connection for ("http", 192.168.0.14:8545)
[2m2025-12-10T10:10:18.482678Z[0m [34mDEBUG[0m [2methereum_transaction_pool_monitor::eth_client[0m[2m:[0m 📡 Transaction fetch RPC completed in 154.704792ms
[2m2025-12-10T10:10:18.559992Z[0m [34mDEBUG[0m [2methereum_transaction_pool_monitor::eth_client[0m[2m:[0m ✅ Transaction 0x12bcfb57da79236bf9e2cb1562acc907125ed1d1f1194426082cd51071d1ef8a fetched and parsed in 232.016042ms
[2m2025-12-10T10:10:18.560013Z[0m [34mDEBUG[0m [2methereum_transaction_pool_monitor::mempool_monitor[0m[2m:[0m 🔍 Skipping tx 0x12bcfb57da79236bf9e2cb1562acc907125ed1d1f1194426082cd51071d1ef8a - not a DEX interaction (target: 0xB8f28C60dD8240141185a192fa4156A23E189305)
[2m2025-12-10T10:10:18.560025Z[0m [34mDEBUG[0m [2methereum_transaction_pool_monitor::mempool_monitor[0m[2m:[0m 📨 Processing new pending transaction: 0xaa7a6b671c3960f572e2a85b2b9f6e493ae156b22d8aacf32fe245b5a2a05dbf
[2m2025-12-10T10:10:18.560030Z[0m [34mDEBUG[0m [2methereum_transaction_pool_monitor::mempool_monitor[0m[2m:[0m 🔍 Fetching transaction details for: 0xaa7a6b671c3960f572e2a85b2b9f6e493ae156b22d8aacf32fe245b5a2a05dbf
[2m2025-12-10T10:10:18.560034Z[0m [34mDEBUG[0m [2methereum_transaction_pool_monitor::eth_client[0m[2m:[0m 🔍 Fetching transaction details for hash: 0xaa7a6b671c3960f572e2a85b2b9f6e493ae156b22d8aacf32fe245b5a2a05dbf
[2m2025-12-10T10:10:18.560054Z[0m [34mDEBUG[0m [2mhyper::client::pool[0m[2m:[0m reuse idle connection for ("http", 192.168.0.14:8545)
[2m2025-12-10T10:10:18.560083Z[0m [34mDEBUG[0m [2mhyper::proto::h1::io[0m[2m:[0m flushed 250 bytes
[2m2025-12-10T10:10:18.560111Z[0m [34mDEBUG[0m [2mhyper::client::pool[0m[2m:[0m reuse idle connection for ("http", 192.168.0.14:8545)
[2m2025-12-10T10:10:18.560124Z[0m [34mDEBUG[0m [2mhyper::proto::h1::io[0m[2m:[0m flushed 172 bytes
[2m2025-12-10T10:10:18.715984Z[0m [34mDEBUG[0m [2mhyper::proto::h1::io[0m[2m:[0m parsed 4 headers
[2m2025-12-10T10:10:18.715982Z[0m [34mDEBUG[0m [2methereum_transaction_pool_monitor::eth_client[0m[2m:[0m 📨 Received WebSocket message: {"jsonrpc":"2.0","method":"eth_subscription","params":{"subscription":"0xbed0a0851463e895960a451075a301a9","result":"0x8d4373d3dd6a0c1907c7e65a2e40326c58550f51c68d518960461de5d8a04524"}}
[2m2025-12-10T10:10:18.716003Z[0m [34mDEBUG[0m [2mhyper::proto::h1::conn[0m[2m:[0m incoming body is content-length (45 bytes)
[2m2025-12-10T10:10:18.716017Z[0m [34mDEBUG[0m [2methereum_transaction_pool_monitor::eth_client[0m[2m:[0m 📨 Received pending transaction: 0x8d4373d3dd6a0c1907c7e65a2e40326c58550f51c68d518960461de5d8a04524
[2m2025-12-10T10:10:18.716026Z[0m [34mDEBUG[0m [2mhyper::proto::h1::conn[0m[2m:[0m incoming body completed
[2m2025-12-10T10:10:18.716040Z[0m [34mDEBUG[0m [2mhyper::client::pool[0m[2m:[0m pooling idle connection for ("http", 192.168.0.14:8545)
[2m2025-12-10T10:10:18.716066Z[0m [34mDEBUG[0m [2mhyper::client::pool[0m[2m:[0m reuse idle connection for ("http", 192.168.0.14:8545)
[2m2025-12-10T10:10:18.716086Z[0m [34mDEBUG[0m [2mhyper::proto::h1::io[0m[2m:[0m flushed 172 bytes
[2m2025-12-10T10:10:18.728264Z[0m [34mDEBUG[0m [2methereum_transaction_pool_monitor::eth_client[0m[2m:[0m 📨 Received WebSocket message: {"jsonrpc":"2.0","method":"eth_subscription","params":{"subscription":"0xbed0a0851463e895960a451075a301a9","result":"0x8f637f3b30d610ba37d37d42d7e00d02eea52228e1810d6a56dc23b4d39fb1d1"}}
[2m2025-12-10T10:10:18.728356Z[0m [34mDEBUG[0m [2methereum_transaction_pool_monitor::eth_client[0m[2m:[0m 📨 Received pending transaction: 0x8f637f3b30d610ba37d37d42d7e00d02eea52228e1810d6a56dc23b4d39fb1d1
[2m2025-12-10T10:10:18.728426Z[0m [34mDEBUG[0m [2mhyper::proto::h1::io[0m[2m:[0m parsed 4 headers
[2m2025-12-10T10:10:18.728443Z[0m [34mDEBUG[0m [2mhyper::proto::h1::conn[0m[2m:[0m incoming body is content-length (45 bytes)
[2m2025-12-10T10:10:18.728483Z[0m [34mDEBUG[0m [2mhyper::proto::h1::conn[0m[2m:[0m incoming body completed
[2m2025-12-10T10:10:18.728506Z[0m [34mDEBUG[0m [2mhyper::client::pool[0m[2m:[0m pooling idle connection for ("http", 192.168.0.14:8545)
[2m2025-12-10T10:10:18.728563Z[0m [34mDEBUG[0m [2mhyper::client::pool[0m[2m:[0m reuse idle connection for ("http", 192.168.0.14:8545)
[2m2025-12-10T10:10:18.728606Z[0m [34mDEBUG[0m [2mhyper::proto::h1::io[0m[2m:[0m flushed 172 bytes
[2m2025-12-10T10:10:18.734327Z[0m [34mDEBUG[0m [2mhyper::proto::h1::io[0m[2m:[0m parsed 4 headers
[2m2025-12-10T10:10:18.734356Z[0m [34mDEBUG[0m [2mhyper::proto::h1::conn[0m[2m:[0m incoming body is content-length (45 bytes)
[2m2025-12-10T10:10:18.734369Z[0m [34mDEBUG[0m [2mhyper::proto::h1::conn[0m[2m:[0m incoming body completed
[2m2025-12-10T10:10:18.734384Z[0m [34mDEBUG[0m [2mhyper::client::pool[0m[2m:[0m pooling idle connection for ("http", 192.168.0.14:8545)
[2m2025-12-10T10:10:18.798788Z[0m [34mDEBUG[0m [2mhyper::client::pool[0m[2m:[0m reuse idle connection for ("http", 192.168.0.14:8545)
[2m2025-12-10T10:10:18.798979Z[0m [34mDEBUG[0m [2mhyper::proto::h1::io[0m[2m:[0m flushed 172 bytes
[2m2025-12-10T10:10:18.802462Z[0m [34mDEBUG[0m [2mhyper::proto::h1::io[0m[2m:[0m parsed 4 headers
[2m2025-12-10T10:10:18.802499Z[0m [34mDEBUG[0m [2mhyper::proto::h1::conn[0m[2m:[0m incoming body is content-length (45 bytes)
[2m2025-12-10T10:10:18.802537Z[0m [34mDEBUG[0m [2mhyper::proto::h1::conn[0m[2m:[0m incoming body completed
[2m2025-12-10T10:10:18.802575Z[0m [34mDEBUG[0m [2mhyper::client::pool[0m[2m:[0m pooling idle connection for ("http", 192.168.0.14:8545)
[2m2025-12-10T10:10:18.898818Z[0m [34mDEBUG[0m [2mhyper::client::pool[0m[2m:[0m reuse idle connection for ("http", 192.168.0.14:8545)
[2m2025-12-10T10:10:18.898966Z[0m [34mDEBUG[0m [2mhyper::proto::h1::io[0m[2m:[0m flushed 172 bytes
[2m2025-12-10T10:10:18.902594Z[0m [34mDEBUG[0m [2mhyper::proto::h1::io[0m[2m:[0m parsed 4 headers
[2m2025-12-10T10:10:18.902642Z[0m [34mDEBUG[0m [2mhyper::proto::h1::conn[0m[2m:[0m incoming body is content-length (45 bytes)
[2m2025-12-10T10:10:18.902688Z[0m [34mDEBUG[0m [2mhyper::proto::h1::conn[0m[2m:[0m incoming body completed
[2m2025-12-10T10:10:18.902733Z[0m [34mDEBUG[0m [2mhyper::client::pool[0m[2m:[0m pooling idle connection for ("http", 192.168.0.14:8545)
[2m2025-12-10T10:10:18.997301Z[0m [34mDEBUG[0m [2mhyper::client::pool[0m[2m:[0m reuse idle connection for ("http", 192.168.0.14:8545)
[2m2025-12-10T10:10:18.997458Z[0m [34mDEBUG[0m [2mhyper::proto::h1::io[0m[2m:[0m flushed 172 bytes
[2m2025-12-10T10:10:19.000844Z[0m [34mDEBUG[0m [2mhyper::proto::h1::io[0m[2m:[0m parsed 4 headers
[2m2025-12-10T10:10:19.000886Z[0m [34mDEBUG[0m [2mhyper::proto::h1::conn[0m[2m:[0m incoming body is content-length (45 bytes)
[2m2025-12-10T10:10:19.000919Z[0m [34mDEBUG[0m [2mhyper::proto::h1::conn[0m[2m:[0m incoming body completed
[2m2025-12-10T10:10:19.000956Z[0m [34mDEBUG[0m [2mhyper::client::pool[0m[2m:[0m pooling idle connection for ("http", 192.168.0.14:8545)
[2m2025-12-10T10:10:19.020732Z[0m [34mDEBUG[0m [2mhyper::proto::h1::io[0m[2m:[0m parsed 4 headers
[2m2025-12-10T10:10:19.020782Z[0m [34mDEBUG[0m [2mhyper::proto::h1::conn[0m[2m:[0m incoming body is content-length (1731 bytes)
[2m2025-12-10T10:10:19.020829Z[0m [34mDEBUG[0m [2methereum_transaction_pool_monitor::eth_client[0m[2m:[0m 📡 Transaction fetch RPC completed in 460.785458ms
[2m2025-12-10T10:10:19.021362Z[0m [34mDEBUG[0m [2mhyper::proto::h1::conn[0m[2m:[0m incoming body completed
[2m2025-12-10T10:10:19.021422Z[0m [34mDEBUG[0m [2mhyper::client::pool[0m[2m:[0m pooling idle connection for ("http", 192.168.0.14:8545)
[2m2025-12-10T10:10:19.098491Z[0m [34mDEBUG[0m [2mhyper::client::pool[0m[2m:[0m reuse idle connection for ("http", 192.168.0.14:8545)
[2m2025-12-10T10:10:19.098581Z[0m [34mDEBUG[0m [2mhyper::proto::h1::io[0m[2m:[0m flushed 172 bytes
[2m2025-12-10T10:10:19.101901Z[0m [34mDEBUG[0m [2mhyper::proto::h1::io[0m[2m:[0m parsed 4 headers
[2m2025-12-10T10:10:19.101915Z[0m [34mDEBUG[0m [2mhyper::proto::h1::conn[0m[2m:[0m incoming body is content-length (45 bytes)
[2m2025-12-10T10:10:19.101923Z[0m [34mDEBUG[0m [2mhyper::proto::h1::conn[0m[2m:[0m incoming body completed
[2m2025-12-10T10:10:19.101934Z[0m [34mDEBUG[0m [2mhyper::client::pool[0m[2m:[0m pooling idle connection for ("http", 192.168.0.14:8545)
[2m2025-12-10T10:10:19.110942Z[0m [34mDEBUG[0m [2methereum_transaction_pool_monitor::eth_client[0m[2m:[0m ✅ Transaction 0xaa7a6b671c3960f572e2a85b2b9f6e493ae156b22d8aacf32fe245b5a2a05dbf fetched and parsed in 550.896042ms
[2m2025-12-10T10:10:19.110973Z[0m [34mDEBUG[0m [2methereum_transaction_pool_monitor::mempool_monitor[0m[2m:[0m 🔍 Skipping tx 0xaa7a6b671c3960f572e2a85b2b9f6e493ae156b22d8aacf32fe245b5a2a05dbf - not a DEX interaction (target: 0x601a2aD6CB5949f0529735254189Ba3194221EDF)
[2m2025-12-10T10:10:19.110986Z[0m [34mDEBUG[0m [2methereum_transaction_pool_monitor::mempool_monitor[0m[2m:[0m 📨 Processing new pending transaction: 0x22e606bdc4ed855a2d89e822008c6be03fd9c695a3fcb230e8fb4d1b779e27f5
[2m2025-12-10T10:10:19.110993Z[0m [34mDEBUG[0m [2methereum_transaction_pool_monitor::mempool_monitor[0m[2m:[0m 🔍 Fetching transaction details for: 0x22e606bdc4ed855a2d89e822008c6be03fd9c695a3fcb230e8fb4d1b779e27f5
[2m2025-12-10T10:10:19.110999Z[0m [34mDEBUG[0m [2methereum_transaction_pool_monitor::eth_client[0m[2m:[0m 🔍 Fetching transaction details for hash: 0x22e606bdc4ed855a2d89e822008c6be03fd9c695a3fcb230e8fb4d1b779e27f5
[2m2025-12-10T10:10:19.111024Z[0m [34mDEBUG[0m [2mhyper::client::pool[0m[2m:[0m reuse idle connection for ("http", 192.168.0.14:8545)
[2m2025-12-10T10:10:19.111209Z[0m [34mDEBUG[0m [2mhyper::proto::h1::io[0m[2m:[0m flushed 250 bytes
[2m2025-12-10T10:10:19.198719Z[0m [34mDEBUG[0m [2mhyper::client::pool[0m[2m:[0m reuse idle connection for ("http", 192.168.0.14:8545)
[2m2025-12-10T10:10:19.198786Z[0m [34mDEBUG[0m [2mhyper::proto::h1::io[0m[2m:[0m flushed 172 bytes
[2m2025-12-10T10:10:19.203768Z[0m [34mDEBUG[0m [2mhyper::proto::h1::io[0m[2m:[0m parsed 4 headers
[2m2025-12-10T10:10:19.203781Z[0m [34mDEBUG[0m [2mhyper::proto::h1::conn[0m[2m:[0m incoming body is content-length (45 bytes)
[2m2025-12-10T10:10:19.203790Z[0m [34mDEBUG[0m [2mhyper::proto::h1::conn[0m[2m:[0m incoming body completed
[2m2025-12-10T10:10:19.203801Z[0m [34mDEBUG[0m [2mhyper::client::pool[0m[2m:[0m pooling idle connection for ("http", 192.168.0.14:8545)
[2m2025-12-10T10:10:19.296925Z[0m [34mDEBUG[0m [2mhyper::client::pool[0m[2m:[0m reuse idle connection for ("http", 192.168.0.14:8545)
[2m2025-12-10T10:10:19.300209Z[0m [34mDEBUG[0m [2mhyper::proto::h1::io[0m[2m:[0m flushed 172 bytes
[2m2025-12-10T10:10:19.303373Z[0m [34mDEBUG[0m [2mhyper::proto::h1::io[0m[2m:[0m parsed 4 headers
[2m2025-12-10T10:10:19.303393Z[0m [34mDEBUG[0m [2mhyper::proto::h1::conn[0m[2m:[0m incoming body is content-length (45 bytes)
[2m2025-12-10T10:10:19.303407Z[0m [34mDEBUG[0m [2mhyper::proto::h1::conn[0m[2m:[0m incoming body completed
[2m2025-12-10T10:10:19.303424Z[0m [34mDEBUG[0m [2mhyper::client::pool[0m[2m:[0m pooling idle connection for ("http", 192.168.0.14:8545)
[2m2025-12-10T10:10:19.398561Z[0m [34mDEBUG[0m [2mhyper::client::pool[0m[2m:[0m reuse idle connection for ("http", 192.168.0.14:8545)
[2m2025-12-10T10:10:19.398726Z[0m [34mDEBUG[0m [2mhyper::proto::h1::io[0m[2m:[0m flushed 172 bytes
[2m2025-12-10T10:10:19.401613Z[0m [34mDEBUG[0m [2mhyper::proto::h1::io[0m[2m:[0m parsed 4 headers
[2m2025-12-10T10:10:19.401648Z[0m [34mDEBUG[0m [2mhyper::proto::h1::conn[0m[2m:[0m incoming body is content-length (45 bytes)
[2m2025-12-10T10:10:19.401675Z[0m [34mDEBUG[0m [2mhyper::proto::h1::conn[0m[2m:[0m incoming body completed
[2m2025-12-10T10:10:19.401703Z[0m [34mDEBUG[0m [2mhyper::client::pool[0m[2m:[0m pooling idle connection for ("http", 192.168.0.14:8545)
[2m2025-12-10T10:10:19.498605Z[0m [34mDEBUG[0m [2mhyper::client::pool[0m[2m:[0m reuse idle connection for ("http", 192.168.0.14:8545)
[2m2025-12-10T10:10:19.498802Z[0m [34mDEBUG[0m [2mhyper::proto::h1::io[0m[2m:[0m flushed 172 bytes
[2m2025-12-10T10:10:19.503301Z[0m [34mDEBUG[0m [2mhyper::proto::h1::io[0m[2m:[0m parsed 4 headers
[2m2025-12-10T10:10:19.503326Z[0m [34mDEBUG[0m [2mhyper::proto::h1::conn[0m[2m:[0m incoming body is content-length (45 bytes)
[2m2025-12-10T10:10:19.503345Z[0m [34mDEBUG[0m [2mhyper::proto::h1::conn[0m[2m:[0m incoming body completed
[2m2025-12-10T10:10:19.503367Z[0m [34mDEBUG[0m [2mhyper::client::pool[0m[2m:[0m pooling idle connection for ("http", 192.168.0.14:8545)
[2m2025-12-10T10:10:19.541419Z[0m [34mDEBUG[0m [2mhyper::proto::h1::io[0m[2m:[0m parsed 4 headers
[2m2025-12-10T10:10:19.541470Z[0m [34mDEBUG[0m [2mhyper::proto::h1::conn[0m[2m:[0m incoming body is content-length (554 bytes)
[2m2025-12-10T10:10:19.541488Z[0m [34mDEBUG[0m [2mhyper::proto::h1::conn[0m[2m:[0m incoming body completed
[2m2025-12-10T10:10:19.541510Z[0m [34mDEBUG[0m [2mhyper::client::pool[0m[2m:[0m pooling idle connection for ("http", 192.168.0.14:8545)
[2m2025-12-10T10:10:19.541525Z[0m [34mDEBUG[0m [2methereum_transaction_pool_monitor::eth_client[0m[2m:[0m 📡 Transaction fetch RPC completed in 430.517916ms
[2m2025-12-10T10:10:19.630048Z[0m [34mDEBUG[0m [2methereum_transaction_pool_monitor::eth_client[0m[2m:[0m ✅ Transaction 0x22e606bdc4ed855a2d89e822008c6be03fd9c695a3fcb230e8fb4d1b779e27f5 fetched and parsed in 519.038333ms
[2m2025-12-10T10:10:19.630083Z[0m [34mDEBUG[0m [2methereum_transaction_pool_monitor::mempool_monitor[0m[2m:[0m 🔍 Skipping tx 0x22e606bdc4ed855a2d89e822008c6be03fd9c695a3fcb230e8fb4d1b779e27f5 - not a DEX interaction (target: 0xF3248034862A9aF417643adA8c99FA5A80e84733)
[2m2025-12-10T10:10:19.630092Z[0m [34mDEBUG[0m [2methereum_transaction_pool_monitor::mempool_monitor[0m[2m:[0m 📨 Processing new pending transaction: 0x5fcb9fe578fc3dedc08956e9800658b991df0e927c7201239a96f312ddd307fc
[2m2025-12-10T10:10:19.630097Z[0m [34mDEBUG[0m [2methereum_transaction_pool_monitor::mempool_monitor[0m[2m:[0m 🔍 Fetching transaction details for: 0x5fcb9fe578fc3dedc08956e9800658b991df0e927c7201239a96f312ddd307fc
[2m2025-12-10T10:10:19.630101Z[0m [34mDEBUG[0m [2methereum_transaction_pool_monitor::eth_client[0m[2m:[0m 🔍 Fetching transaction details for hash: 0x5fcb9fe578fc3dedc08956e9800658b991df0e927c7201239a96f312ddd307fc
[2m2025-12-10T10:10:19.630121Z[0m [34mDEBUG[0m [2mhyper::client::pool[0m[2m:[0m reuse idle connection for ("http", 192.168.0.14:8545)
[2m2025-12-10T10:10:19.630180Z[0m [34mDEBUG[0m [2mhyper::proto::h1::io[0m[2m:[0m flushed 250 bytes
[2m2025-12-10T10:10:19.630200Z[0m [34mDEBUG[0m [2mhyper::client::pool[0m[2m:[0m reuse idle connection for ("http", 192.168.0.14:8545)
[2m2025-12-10T10:10:19.630216Z[0m [34mDEBUG[0m [2mhyper::proto::h1::io[0m[2m:[0m flushed 172 bytes
[2m2025-12-10T10:10:19.630217Z[0m [34mDEBUG[0m [2methereum_transaction_pool_monitor::eth_client[0m[2m:[0m 📨 Received WebSocket message: {"jsonrpc":"2.0","method":"eth_subscription","params":{"subscription":"0xbed0a0851463e895960a451075a301a9","result":"0x379c9821a339ae87283c1d8b6ad300bc49ad60095695cc88993020d1029e5c97"}}
[2m2025-12-10T10:10:19.630229Z[0m [34mDEBUG[0m [2methereum_transaction_pool_monitor::eth_client[0m[2m:[0m 📨 Received pending transaction: 0x379c9821a339ae87283c1d8b6ad300bc49ad60095695cc88993020d1029e5c97
[2m2025-12-10T10:10:19.630237Z[0m [32m INFO[0m [2methereum_transaction_pool_monitor::eth_client[0m[2m:[0m 📊 WebSocket stats - Total: 1896 transactions, Rate: 13.4 tx/s
[2m2025-12-10T10:10:19.640439Z[0m [34mDEBUG[0m [2mhyper::proto::h1::io[0m[2m:[0m parsed 4 headers
[2m2025-12-10T10:10:19.640454Z[0m [34mDEBUG[0m [2mhyper::proto::h1::conn[0m[2m:[0m incoming body is content-length (45 bytes)
[2m2025-12-10T10:10:19.640462Z[0m [34mDEBUG[0m [2mhyper::proto::h1::conn[0m[2m:[0m incoming body completed
[2m2025-12-10T10:10:19.640473Z[0m [34mDEBUG[0m [2mhyper::client::pool[0m[2m:[0m pooling idle connection for ("http", 192.168.0.14:8545)
[2m2025-12-10T10:10:19.698519Z[0m [34mDEBUG[0m [2mhyper::client::pool[0m[2m:[0m reuse idle connection for ("http", 192.168.0.14:8545)
[2m2025-12-10T10:10:19.698566Z[0m [34mDEBUG[0m [2mhyper::proto::h1::io[0m[2m:[0m flushed 172 bytes
[2m2025-12-10T10:10:19.701483Z[0m [34mDEBUG[0m [2mhyper::proto::h1::io[0m[2m:[0m parsed 4 headers
[2m2025-12-10T10:10:19.701493Z[0m [34mDEBUG[0m [2mhyper::proto::h1::conn[0m[2m:[0m incoming body is content-length (45 bytes)
[2m2025-12-10T10:10:19.701500Z[0m [34mDEBUG[0m [2mhyper::proto::h1::conn[0m[2m:[0m incoming body completed
[2m2025-12-10T10:10:19.701508Z[0m [34mDEBUG[0m [2mhyper::client::pool[0m[2m:[0m pooling idle connection for ("http", 192.168.0.14:8545)
[2m2025-12-10T10:10:19.746125Z[0m [34mDEBUG[0m [2mhyper::proto::h1::io[0m[2m:[0m parsed 4 headers
[2m2025-12-10T10:10:19.746160Z[0m [34mDEBUG[0m [2mhyper::proto::h1::conn[0m[2m:[0m incoming body is content-length (771 bytes)
[2m2025-12-10T10:10:19.746177Z[0m [34mDEBUG[0m [2mhyper::proto::h1::conn[0m[2m:[0m incoming body completed
[2m2025-12-10T10:10:19.746198Z[0m [34mDEBUG[0m [2mhyper::client::pool[0m[2m:[0m pooling idle connection for ("http", 192.168.0.14:8545)
[2m2025-12-10T10:10:19.746213Z[0m [34mDEBUG[0m [2methereum_transaction_pool_monitor::eth_client[0m[2m:[0m 📡 Transaction fetch RPC completed in 116.106042ms
[2m2025-12-10T10:10:19.820269Z[0m [34mDEBUG[0m [2methereum_transaction_pool_monitor::eth_client[0m[2m:[0m ✅ Transaction 0x5fcb9fe578fc3dedc08956e9800658b991df0e927c7201239a96f312ddd307fc fetched and parsed in 190.158208ms
[2m2025-12-10T10:10:19.820300Z[0m [34mDEBUG[0m [2methereum_transaction_pool_monitor::mempool_monitor[0m[2m:[0m 🔍 Skipping tx 0x5fcb9fe578fc3dedc08956e9800658b991df0e927c7201239a96f312ddd307fc - not a DEX interaction (target: 0xB8f28C60dD8240141185a192fa4156A23E189305)
[2m2025-12-10T10:10:19.820317Z[0m [34mDEBUG[0m [2methereum_transaction_pool_monitor::mempool_monitor[0m[2m:[0m 📨 Processing new pending transaction: 0x1da92f93745769a38d111cd7829e1679de80aa271a30bbd572f3effbb69c1164
[2m2025-12-10T10:10:19.820326Z[0m [34mDEBUG[0m [2methereum_transaction_pool_monitor::mempool_monitor[0m[2m:[0m 🔍 Fetching transaction details for: 0x1da92f93745769a38d111cd7829e1679de80aa271a30bbd572f3effbb69c1164
[2m2025-12-10T10:10:19.820338Z[0m [34mDEBUG[0m [2methereum_transaction_pool_monitor::eth_client[0m[2m:[0m 🔍 Fetching transaction details for hash: 0x1da92f93745769a38d111cd7829e1679de80aa271a30bbd572f3effbb69c1164
[2m2025-12-10T10:10:19.820362Z[0m [34mDEBUG[0m [2mhyper::client::pool[0m[2m:[0m reuse idle connection for ("http", 192.168.0.14:8545)
[2m2025-12-10T10:10:19.820405Z[0m [34mDEBUG[0m [2mhyper::proto::h1::io[0m[2m:[0m flushed 250 bytes
[2m2025-12-10T10:10:19.820428Z[0m [34mDEBUG[0m [2mhyper::client::pool[0m[2m:[0m reuse idle connection for ("http", 192.168.0.14:8545)
[2m2025-12-10T10:10:19.820444Z[0m [34mDEBUG[0m [2mhyper::proto::h1::io[0m[2m:[0m flushed 172 bytes
[2m2025-12-10T10:10:19.820460Z[0m [34mDEBUG[0m [2methereum_transaction_pool_monitor::eth_client[0m[2m:[0m 📨 Received WebSocket message: {"jsonrpc":"2.0","method":"eth_subscription","params":{"subscription":"0xbed0a0851463e895960a451075a301a9","result":"0xd73435b08a0b378aa0347cf122d126d7ab1f2c04f34ddec17737e5943d4c6a7c"}}
[2m2025-12-10T10:10:19.820471Z[0m [34mDEBUG[0m [2methereum_transaction_pool_monitor::eth_client[0m[2m:[0m 📨 Received pending transaction: 0xd73435b08a0b378aa0347cf122d126d7ab1f2c04f34ddec17737e5943d4c6a7c
[2m2025-12-10T10:10:19.820477Z[0m [34mDEBUG[0m [2methereum_transaction_pool_monitor::eth_client[0m[2m:[0m 📨 Received WebSocket message: {"jsonrpc":"2.0","method":"eth_subscription","params":{"subscription":"0xbed0a0851463e895960a451075a301a9","result":"0x20512b93c4c5b4c9fafeaebb0b673f2bcab0e7bf6a81e26a8c950debf34e4304"}}
[2m2025-12-10T10:10:19.820482Z[0m [34mDEBUG[0m [2methereum_transaction_pool_monitor::eth_client[0m[2m:[0m 📨 Received pending transaction: 0x20512b93c4c5b4c9fafeaebb0b673f2bcab0e7bf6a81e26a8c950debf34e4304
[2m2025-12-10T10:10:19.827098Z[0m [34mDEBUG[0m [2mhyper::proto::h1::io[0m[2m:[0m parsed 4 headers
[2m2025-12-10T10:10:19.827108Z[0m [34mDEBUG[0m [2mhyper::proto::h1::conn[0m[2m:[0m incoming body is content-length (45 bytes)
[2m2025-12-10T10:10:19.827119Z[0m [34mDEBUG[0m [2mhyper::proto::h1::conn[0m[2m:[0m incoming body completed
[2m2025-12-10T10:10:19.827130Z[0m [34mDEBUG[0m [2mhyper::client::pool[0m[2m:[0m pooling idle connection for ("http", 192.168.0.14:8545)
[2m2025-12-10T10:10:19.898110Z[0m [34mDEBUG[0m [2mhyper::client::pool[0m[2m:[0m reuse idle connection for ("http", 192.168.0.14:8545)
[2m2025-12-10T10:10:19.898161Z[0m [34mDEBUG[0m [2mhyper::proto::h1::io[0m[2m:[0m flushed 172 bytes
[2m2025-12-10T10:10:19.902413Z[0m [34mDEBUG[0m [2mhyper::proto::h1::io[0m[2m:[0m parsed 4 headers
[2m2025-12-10T10:10:19.902438Z[0m [34mDEBUG[0m [2mhyper::proto::h1::conn[0m[2m:[0m incoming body is content-length (45 bytes)
[2m2025-12-10T10:10:19.902458Z[0m [34mDEBUG[0m [2mhyper::proto::h1::conn[0m[2m:[0m incoming body completed
[2m2025-12-10T10:10:19.902470Z[0m [34mDEBUG[0m [2mhyper::client::pool[0m[2m:[0m pooling idle connection for ("http", 192.168.0.14:8545)
[2m2025-12-10T10:10:19.998556Z[0m [34mDEBUG[0m [2mhyper::client::pool[0m[2m:[0m reuse idle connection for ("http", 192.168.0.14:8545)
[2m2025-12-10T10:10:19.998730Z[0m [34mDEBUG[0m [2mhyper::proto::h1::io[0m[2m:[0m flushed 172 bytes
[2m2025-12-10T10:10:20.207494Z[0m [34mDEBUG[0m [2mhyper::proto::h1::io[0m[2m:[0m parsed 4 headers
[2m2025-12-10T10:10:20.207493Z[0m [34mDEBUG[0m [2methereum_transaction_pool_monitor::eth_client[0m[2m:[0m 📨 Received WebSocket message: {"jsonrpc":"2.0","method":"eth_subscription","params":{"subscription":"0xbed0a0851463e895960a451075a301a9","result":"0x7594af175b35d140e7a36a55e4047c9dd8dd0e93fa22e96a5973f0617aaf1c19"}}
[2m2025-12-10T10:10:20.207525Z[0m [34mDEBUG[0m [2mhyper::proto::h1::conn[0m[2m:[0m incoming body is content-length (904 bytes)
[2m2025-12-10T10:10:20.207554Z[0m [34mDEBUG[0m [2methereum_transaction_pool_monitor::eth_client[0m[2m:[0m 📨 Received pending transaction: 0x7594af175b35d140e7a36a55e4047c9dd8dd0e93fa22e96a5973f0617aaf1c19
[2m2025-12-10T10:10:20.207552Z[0m [34mDEBUG[0m [2mhyper::proto::h1::io[0m[2m:[0m parsed 4 headers
[2m2025-12-10T10:10:20.207560Z[0m [34mDEBUG[0m [2mhyper::proto::h1::conn[0m[2m:[0m incoming body completed
[2m2025-12-10T10:10:20.207575Z[0m [34mDEBUG[0m [2methereum_transaction_pool_monitor::eth_client[0m[2m:[0m 📨 Received WebSocket message: {"jsonrpc":"2.0","method":"eth_subscription","params":{"subscription":"0xbed0a0851463e895960a451075a301a9","result":"0x70c0959bdd10aefe38e5df151ca8f12710001b9b61d3c8addecb0ad34ba46549"}}
[2m2025-12-10T10:10:20.207587Z[0m [34mDEBUG[0m [2mhyper::proto::h1::conn[0m[2m:[0m incoming body is content-length (45 bytes)
[2m2025-12-10T10:10:20.207612Z[0m [34mDEBUG[0m [2methereum_transaction_pool_monitor::eth_client[0m[2m:[0m 📨 Received pending transaction: 0x70c0959bdd10aefe38e5df151ca8f12710001b9b61d3c8addecb0ad34ba46549
[2m2025-12-10T10:10:20.207670Z[0m [34mDEBUG[0m [2mhyper::proto::h1::conn[0m[2m:[0m incoming body completed
[2m2025-12-10T10:10:20.207612Z[0m [34mDEBUG[0m [2mhyper::client::pool[0m[2m:[0m pooling idle connection for ("http", 192.168.0.14:8545)
[2m2025-12-10T10:10:20.207681Z[0m [34mDEBUG[0m [2methereum_transaction_pool_monitor::eth_client[0m[2m:[0m 📨 Received WebSocket message: {"jsonrpc":"2.0","method":"eth_subscription","params":{"subscription":"0xbed0a0851463e895960a451075a301a9","result":"0x169dd1ee2d090c8c34ea9c2fba1769a4a896506ffa25e2b54dc29ec73a396640"}}
[2m2025-12-10T10:10:20.207722Z[0m [34mDEBUG[0m [2methereum_transaction_pool_monitor::eth_client[0m[2m:[0m 📡 Transaction fetch RPC completed in 387.374083ms
[2m2025-12-10T10:10:20.207692Z[0m [34mDEBUG[0m [2mhyper::client::pool[0m[2m:[0m pooling idle connection for ("http", 192.168.0.14:8545)
[2m2025-12-10T10:10:20.207730Z[0m [34mDEBUG[0m [2methereum_transaction_pool_monitor::eth_client[0m[2m:[0m 📨 Received pending transaction: 0x169dd1ee2d090c8c34ea9c2fba1769a4a896506ffa25e2b54dc29ec73a396640
[2m2025-12-10T10:10:20.207786Z[0m [34mDEBUG[0m [2mhyper::client::pool[0m[2m:[0m reuse idle connection for ("http", 192.168.0.14:8545)
[2m2025-12-10T10:10:20.207838Z[0m [34mDEBUG[0m [2mhyper::proto::h1::io[0m[2m:[0m flushed 172 bytes
[2m2025-12-10T10:10:20.213359Z[0m [34mDEBUG[0m [2mhyper::proto::h1::io[0m[2m:[0m parsed 4 headers
[2m2025-12-10T10:10:20.213374Z[0m [34mDEBUG[0m [2mhyper::proto::h1::conn[0m[2m:[0m incoming body is content-length (45 bytes)
[2m2025-12-10T10:10:20.213385Z[0m [34mDEBUG[0m [2mhyper::proto::h1::conn[0m[2m:[0m incoming body completed
[2m2025-12-10T10:10:20.213397Z[0m [34mDEBUG[0m [2mhyper::client::pool[0m[2m:[0m pooling idle connection for ("http", 192.168.0.14:8545)
[2m2025-12-10T10:10:20.213426Z[0m [34mDEBUG[0m [2mhyper::client::pool[0m[2m:[0m reuse idle connection for ("http", 192.168.0.14:8545)
[2m2025-12-10T10:10:20.213455Z[0m [34mDEBUG[0m [2mhyper::proto::h1::io[0m[2m:[0m flushed 172 bytes
[2m2025-12-10T10:10:20.217442Z[0m [34mDEBUG[0m [2mhyper::proto::h1::io[0m[2m:[0m parsed 4 headers
[2m2025-12-10T10:10:20.220001Z[0m [34mDEBUG[0m [2mhyper::proto::h1::conn[0m[2m:[0m incoming body is content-length (45 bytes)
[2m2025-12-10T10:10:20.220012Z[0m [34mDEBUG[0m [2mhyper::proto::h1::conn[0m[2m:[0m incoming body completed
[2m2025-12-10T10:10:20.220023Z[0m [34mDEBUG[0m [2mhyper::client::pool[0m[2m:[0m pooling idle connection for ("http", 192.168.0.14:8545)
[2m2025-12-10T10:10:20.297668Z[0m [34mDEBUG[0m [2mhyper::client::pool[0m[2m:[0m reuse idle connection for ("http", 192.168.0.14:8545)
[2m2025-12-10T10:10:20.297756Z[0m [34mDEBUG[0m [2mhyper::proto::h1::io[0m[2m:[0m flushed 172 bytes
[2m2025-12-10T10:10:20.300604Z[0m [34mDEBUG[0m [2mhyper::proto::h1::io[0m[2m:[0m parsed 4 headers
[2m2025-12-10T10:10:20.300611Z[0m [34mDEBUG[0m [2mhyper::proto::h1::conn[0m[2m:[0m incoming body is content-length (45 bytes)
[2m2025-12-10T10:10:20.300618Z[0m [34mDEBUG[0m [2mhyper::proto::h1::conn[0m[2m:[0m incoming body completed
[2m2025-12-10T10:10:20.300625Z[0m [34mDEBUG[0m [2mhyper::client::pool[0m[2m:[0m pooling idle connection for ("http", 192.168.0.14:8545)
[2m2025-12-10T10:10:20.398668Z[0m [34mDEBUG[0m [2mhyper::client::pool[0m[2m:[0m reuse idle connection for ("http", 192.168.0.14:8545)
[2m2025-12-10T10:10:20.398730Z[0m [34mDEBUG[0m [2mhyper::proto::h1::io[0m[2m:[0m flushed 172 bytes
[2m2025-12-10T10:10:20.401799Z[0m [34mDEBUG[0m [2mhyper::proto::h1::io[0m[2m:[0m parsed 4 headers
[2m2025-12-10T10:10:20.401806Z[0m [34mDEBUG[0m [2mhyper::proto::h1::conn[0m[2m:[0m incoming body is content-length (45 bytes)
[2m2025-12-10T10:10:20.401813Z[0m [34mDEBUG[0m [2mhyper::proto::h1::conn[0m[2m:[0m incoming body completed
[2m2025-12-10T10:10:20.401821Z[0m [34mDEBUG[0m [2mhyper::client::pool[0m[2m:[0m pooling idle connection for ("http", 192.168.0.14:8545)
[2m2025-12-10T10:10:20.428909Z[0m [34mDEBUG[0m [2methereum_transaction_pool_monitor::eth_client[0m[2m:[0m ✅ Transaction 0x1da92f93745769a38d111cd7829e1679de80aa271a30bbd572f3effbb69c1164 fetched and parsed in 608.558833ms
[2m2025-12-10T10:10:20.428924Z[0m [34mDEBUG[0m [2methereum_transaction_pool_monitor::mempool_monitor[0m[2m:[0m 🔍 Skipping tx 0x1da92f93745769a38d111cd7829e1679de80aa271a30bbd572f3effbb69c1164 - not a DEX interaction (target: 0xff00000000000000000000000000000000000480)
[2m2025-12-10T10:10:20.428935Z[0m [34mDEBUG[0m [2methereum_transaction_pool_monitor::mempool_monitor[0m[2m:[0m 📨 Processing new pending transaction: 0x27e70114317fdc2d086f98bd47e430151f553ba935636ba8a64a38bccae4a845
[2m2025-12-10T10:10:20.428941Z[0m [34mDEBUG[0m [2methereum_transaction_pool_monitor::mempool_monitor[0m[2m:[0m 🔍 Fetching transaction details for: 0x27e70114317fdc2d086f98bd47e430151f553ba935636ba8a64a38bccae4a845
[2m2025-12-10T10:10:20.428946Z[0m [34mDEBUG[0m [2methereum_transaction_pool_monitor::eth_client[0m[2m:[0m 🔍 Fetching transaction details for hash: 0x27e70114317fdc2d086f98bd47e430151f553ba935636ba8a64a38bccae4a845
[2m2025-12-10T10:10:20.428963Z[0m [34mDEBUG[0m [2mhyper::client::pool[0m[2m:[0m reuse idle connection for ("http", 192.168.0.14:8545)
[2m2025-12-10T10:10:20.428998Z[0m [34mDEBUG[0m [2mhyper::proto::h1::io[0m[2m:[0m flushed 250 bytes
[2m2025-12-10T10:10:20.494730Z[0m [34mDEBUG[0m [2methereum_transaction_pool_monitor::eth_client[0m[2m:[0m 📨 Received WebSocket message: {"jsonrpc":"2.0","method":"eth_subscription","params":{"subscription":"0xbed0a0851463e895960a451075a301a9","result":"0x5155e402a2c333727300df0c5a5d4fe2a39b4ce1ade6305f2d91723379f1eb68"}}
[2m2025-12-10T10:10:20.494755Z[0m [34mDEBUG[0m [2methereum_transaction_pool_monitor::eth_client[0m[2m:[0m 📨 Received pending transaction: 0x5155e402a2c333727300df0c5a5d4fe2a39b4ce1ade6305f2d91723379f1eb68
[2m2025-12-10T10:10:20.497325Z[0m [34mDEBUG[0m [2mhyper::client::pool[0m[2m:[0m reuse idle connection for ("http", 192.168.0.14:8545)
[2m2025-12-10T10:10:20.497373Z[0m [34mDEBUG[0m [2mhyper::proto::h1::io[0m[2m:[0m flushed 172 bytes
[2m2025-12-10T10:10:20.500720Z[0m [34mDEBUG[0m [2mhyper::proto::h1::io[0m[2m:[0m parsed 4 headers
[2m2025-12-10T10:10:20.500727Z[0m [34mDEBUG[0m [2mhyper::proto::h1::conn[0m[2m:[0m incoming body is content-length (45 bytes)
[2m2025-12-10T10:10:20.500735Z[0m [34mDEBUG[0m [2mhyper::proto::h1::conn[0m[2m:[0m incoming body completed
[2m2025-12-10T10:10:20.500744Z[0m [34mDEBUG[0m [2mhyper::client::pool[0m[2m:[0m pooling idle connection for ("http", 192.168.0.14:8545)
[2m2025-12-10T10:10:20.530933Z[0m [34mDEBUG[0m [2mhyper::proto::h1::io[0m[2m:[0m parsed 4 headers
[2m2025-12-10T10:10:20.530948Z[0m [34mDEBUG[0m [2mhyper::proto::h1::conn[0m[2m:[0m incoming body is content-length (644 bytes)
[2m2025-12-10T10:10:20.530966Z[0m [34mDEBUG[0m [2mhyper::proto::h1::conn[0m[2m:[0m incoming body completed
[2m2025-12-10T10:10:20.530979Z[0m [34mDEBUG[0m [2mhyper::client::pool[0m[2m:[0m pooling idle connection for ("http", 192.168.0.14:8545)
[2m2025-12-10T10:10:20.530988Z[0m [34mDEBUG[0m [2methereum_transaction_pool_monitor::eth_client[0m[2m:[0m 📡 Transaction fetch RPC completed in 102.034208ms
[2m2025-12-10T10:10:20.613063Z[0m [34mDEBUG[0m [2methereum_transaction_pool_monitor::eth_client[0m[2m:[0m ✅ Transaction 0x27e70114317fdc2d086f98bd47e430151f553ba935636ba8a64a38bccae4a845 fetched and parsed in 184.106167ms
[2m2025-12-10T10:10:20.616630Z[0m [34mDEBUG[0m [2methereum_transaction_pool_monitor::mempool_monitor[0m[2m:[0m 🔍 Skipping tx 0x27e70114317fdc2d086f98bd47e430151f553ba935636ba8a64a38bccae4a845 - not a DEX interaction (target: 0x17E5545B11b468072283Cee1F066a059Fb0dbF24)
[2m2025-12-10T10:10:20.616656Z[0m [34mDEBUG[0m [2methereum_transaction_pool_monitor::mempool_monitor[0m[2m:[0m 📨 Processing new pending transaction: 0x6d2a450a4a7a6615c487643e4f8894431829787eb870601855c0cb95e049ca16
[2m2025-12-10T10:10:20.616665Z[0m [34mDEBUG[0m [2methereum_transaction_pool_monitor::mempool_monitor[0m[2m:[0m 🔍 Fetching transaction details for: 0x6d2a450a4a7a6615c487643e4f8894431829787eb870601855c0cb95e049ca16
[2m2025-12-10T10:10:20.616674Z[0m [34mDEBUG[0m [2methereum_transaction_pool_monitor::eth_client[0m[2m:[0m 🔍 Fetching transaction details for hash: 0x6d2a450a4a7a6615c487643e4f8894431829787eb870601855c0cb95e049ca16
[2m2025-12-10T10:10:20.616699Z[0m [34mDEBUG[0m [2mhyper::client::pool[0m[2m:[0m reuse idle connection for ("http", 192.168.0.14:8545)
[2m2025-12-10T10:10:20.616754Z[0m [34mDEBUG[0m [2mhyper::proto::h1::io[0m[2m:[0m flushed 250 bytes
[2m2025-12-10T10:10:20.616782Z[0m [34mDEBUG[0m [2mhyper::client::pool[0m[2m:[0m reuse idle connection for ("http", 192.168.0.14:8545)
[2m2025-12-10T10:10:20.616792Z[0m [34mDEBUG[0m [2methereum_transaction_pool_monitor::eth_client[0m[2m:[0m 📨 Received WebSocket message: {"jsonrpc":"2.0","method":"eth_subscription","params":{"subscription":"0xbed0a0851463e895960a451075a301a9","result":"0x6217ec5904ab93a4da0b95a621cf25c5c4b7623e7f1a00f56662b74770273064"}}
[2m2025-12-10T10:10:20.616805Z[0m [34mDEBUG[0m [2methereum_transaction_pool_monitor::eth_client[0m[2m:[0m 📨 Received pending transaction: 0x6217ec5904ab93a4da0b95a621cf25c5c4b7623e7f1a00f56662b74770273064
[2m2025-12-10T10:10:20.616797Z[0m [34mDEBUG[0m [2mhyper::proto::h1::io[0m[2m:[0m flushed 172 bytes
[2m2025-12-10T10:10:20.616815Z[0m [34mDEBUG[0m [2methereum_transaction_pool_monitor::eth_client[0m[2m:[0m 📨 Received WebSocket message: {"jsonrpc":"2.0","method":"eth_subscription","params":{"subscription":"0xbed0a0851463e895960a451075a301a9","result":"0x3cd743fa6e58eee4a8ddf3db80365e237d1811505a557b1b7dea4e78da977dc7"}}
[2m2025-12-10T10:10:20.616834Z[0m [34mDEBUG[0m [2methereum_transaction_pool_monitor::eth_client[0m[2m:[0m 📨 Received pending transaction: 0x3cd743fa6e58eee4a8ddf3db80365e237d1811505a557b1b7dea4e78da977dc7
[2m2025-12-10T10:10:20.616841Z[0m [34mDEBUG[0m [2methereum_transaction_pool_monitor::eth_client[0m[2m:[0m 📨 Received WebSocket message: {"jsonrpc":"2.0","method":"eth_subscription","params":{"subscription":"0xbed0a0851463e895960a451075a301a9","result":"0xcd50559812394a557847cd21c6b04270a927f8950d78d5c9b23d66dc345c03fd"}}
[2m2025-12-10T10:10:20.616850Z[0m [34mDEBUG[0m [2methereum_transaction_pool_monitor::eth_client[0m[2m:[0m 📨 Received pending transaction: 0xcd50559812394a557847cd21c6b04270a927f8950d78d5c9b23d66dc345c03fd
[2m2025-12-10T10:10:20.616856Z[0m [34mDEBUG[0m [2methereum_transaction_pool_monitor::eth_client[0m[2m:[0m 📨 Received WebSocket message: {"jsonrpc":"2.0","method":"eth_subscription","params":{"subscription":"0xbed0a0851463e895960a451075a301a9","result":"0xdabfa5bbe2bf7ee7d8b7b6aa8f346246547760c344b3d5b18214ab6a3ddc39f6"}}
[2m2025-12-10T10:10:20.616863Z[0m [34mDEBUG[0m [2methereum_transaction_pool_monitor::eth_client[0m[2m:[0m 📨 Received pending transaction: 0xdabfa5bbe2bf7ee7d8b7b6aa8f346246547760c344b3d5b18214ab6a3ddc39f6
[2m2025-12-10T10:10:20.616869Z[0m [34mDEBUG[0m [2methereum_transaction_pool_monitor::eth_client[0m[2m:[0m 📨 Received WebSocket message: {"jsonrpc":"2.0","method":"eth_subscription","params":{"subscription":"0xbed0a0851463e895960a451075a301a9","result":"0x7c6de299449d247f112e3ab069f27411ebefe9a8f73f5fdb7793d39a34ebe49a"}}
[2m2025-12-10T10:10:20.616875Z[0m [34mDEBUG[0m [2methereum_transaction_pool_monitor::eth_client[0m[2m:[0m 📨 Received pending transaction: 0x7c6de299449d247f112e3ab069f27411ebefe9a8f73f5fdb7793d39a34ebe49a
[2m2025-12-10T10:10:20.616883Z[0m [34mDEBUG[0m [2methereum_transaction_pool_monitor::eth_client[0m[2m:[0m 📨 Received WebSocket message: {"jsonrpc":"2.0","method":"eth_subscription","params":{"subscription":"0xbed0a0851463e895960a451075a301a9","result":"0x97dda32aeb3dd98af76ffb1fd9c825904edc0eb609394064be139285851ea57b"}}
[2m2025-12-10T10:10:20.616889Z[0m [34mDEBUG[0m [2methereum_transaction_pool_monitor::eth_client[0m[2m:[0m 📨 Received pending transaction: 0x97dda32aeb3dd98af76ffb1fd9c825904edc0eb609394064be139285851ea57b
[2m2025-12-10T10:10:20.616894Z[0m [34mDEBUG[0m [2methereum_transaction_pool_monitor::eth_client[0m[2m:[0m 📨 Received WebSocket message: {"jsonrpc":"2.0","method":"eth_subscription","params":{"subscription":"0xbed0a0851463e895960a451075a301a9","result":"0xe5a0183eee3b9891c46cb717c7e90815e96c167a6e2f5742e92b9699b15f6a00"}}
[2m2025-12-10T10:10:20.616901Z[0m [34mDEBUG[0m [2methereum_transaction_pool_monitor::eth_client[0m[2m:[0m 📨 Received pending transaction: 0xe5a0183eee3b9891c46cb717c7e90815e96c167a6e2f5742e92b9699b15f6a00
[2m2025-12-10T10:10:20.616907Z[0m [34mDEBUG[0m [2methereum_transaction_pool_monitor::eth_client[0m[2m:[0m 📨 Received WebSocket message: {"jsonrpc":"2.0","method":"eth_subscription","params":{"subscription":"0xbed0a0851463e895960a451075a301a9","result":"0x16d2e5e81cbd8ac5b527a2536270620cc83aadbb5fd1381dfd0376c698c283f8"}}
[2m2025-12-10T10:10:20.616914Z[0m [34mDEBUG[0m [2methereum_transaction_pool_monitor::eth_client[0m[2m:[0m 📨 Received pending transaction: 0x16d2e5e81cbd8ac5b527a2536270620cc83aadbb5fd1381dfd0376c698c283f8
[2m2025-12-10T10:10:20.616919Z[0m [34mDEBUG[0m [2methereum_transaction_pool_monitor::eth_client[0m[2m:[0m 📨 Received WebSocket message: {"jsonrpc":"2.0","method":"eth_subscription","params":{"subscription":"0xbed0a0851463e895960a451075a301a9","result":"0x5461f4c2ea39bc53627cdb820e7ebe5e4916082d7cdeda9f0f80fcfc86699277"}}
[2m2025-12-10T10:10:20.616925Z[0m [34mDEBUG[0m [2methereum_transaction_pool_monitor::eth_client[0m[2m:[0m 📨 Received pending transaction: 0x5461f4c2ea39bc53627cdb820e7ebe5e4916082d7cdeda9f0f80fcfc86699277
[2m2025-12-10T10:10:20.616931Z[0m [34mDEBUG[0m [2methereum_transaction_pool_monitor::eth_client[0m[2m:[0m 📨 Received WebSocket message: {"jsonrpc":"2.0","method":"eth_subscription","params":{"subscription":"0xbed0a0851463e895960a451075a301a9","result":"0x6e9b354b86d3d2de8e920065d10664b8c74138caa124a7a14f3eaee9aba68bc9"}}
[2m2025-12-10T10:10:20.616937Z[0m [34mDEBUG[0m [2methereum_transaction_pool_monitor::eth_client[0m[2m:[0m 📨 Received pending transaction: 0x6e9b354b86d3d2de8e920065d10664b8c74138caa124a7a14f3eaee9aba68bc9
[2m2025-12-10T10:10:20.616942Z[0m [34mDEBUG[0m [2methereum_transaction_pool_monitor::eth_client[0m[2m:[0m 📨 Received WebSocket message: {"jsonrpc":"2.0","method":"eth_subscription","params":{"subscription":"0xbed0a0851463e895960a451075a301a9","result":"0x7432d7c4b03f48fa095d5405d7f7542f6ddad656d5f5c9530ddd12efa578966c"}}
[2m2025-12-10T10:10:20.616950Z[0m [34mDEBUG[0m [2methereum_transaction_pool_monitor::eth_client[0m[2m:[0m 📨 Received pending transaction: 0x7432d7c4b03f48fa095d5405d7f7542f6ddad656d5f5c9530ddd12efa578966c
[2m2025-12-10T10:10:20.616955Z[0m [34mDEBUG[0m [2methereum_transaction_pool_monitor::eth_client[0m[2m:[0m 📨 Received WebSocket message: {"jsonrpc":"2.0","method":"eth_subscription","params":{"subscription":"0xbed0a0851463e895960a451075a301a9","result":"0x2deec717bf96c2a304f4e72ebc058aa2e0d7c382f34731a422f8213f4bdcd100"}}
[2m2025-12-10T10:10:20.616960Z[0m [34mDEBUG[0m [2methereum_transaction_pool_monitor::eth_client[0m[2m:[0m 📨 Received pending transaction: 0x2deec717bf96c2a304f4e72ebc058aa2e0d7c382f34731a422f8213f4bdcd100
[2m2025-12-10T10:10:20.616966Z[0m [34mDEBUG[0m [2methereum_transaction_pool_monitor::eth_client[0m[2m:[0m 📨 Received WebSocket message: {"jsonrpc":"2.0","method":"eth_subscription","params":{"subscription":"0xbed0a0851463e895960a451075a301a9","result":"0x8675545ab9036d76819fe26aab01e4dacee079783751adb5fe624895b726e82a"}}
[2m2025-12-10T10:10:20.616973Z[0m [34mDEBUG[0m [2methereum_transaction_pool_monitor::eth_client[0m[2m:[0m 📨 Received pending transaction: 0x8675545ab9036d76819fe26aab01e4dacee079783751adb5fe624895b726e82a
[2m2025-12-10T10:10:20.616981Z[0m [34mDEBUG[0m [2methereum_transaction_pool_monitor::eth_client[0m[2m:[0m 📨 Received WebSocket message: {"jsonrpc":"2.0","method":"eth_subscription","params":{"subscription":"0xbed0a0851463e895960a451075a301a9","result":"0xad2e5e3a9d9f77435f702e453221c4701e3f7c59b840e0097539866a23967af9"}}
[2m2025-12-10T10:10:20.616990Z[0m [34mDEBUG[0m [2methereum_transaction_pool_monitor::eth_client[0m[2m:[0m 📨 Received pending transaction: 0xad2e5e3a9d9f77435f702e453221c4701e3f7c59b840e0097539866a23967af9
[2m2025-12-10T10:10:20.616995Z[0m [34mDEBUG[0m [2methereum_transaction_pool_monitor::eth_client[0m[2m:[0m 📨 Received WebSocket message: {"jsonrpc":"2.0","method":"eth_subscription","params":{"subscription":"0xbed0a0851463e895960a451075a301a9","result":"0x4b0520a86fa81b52ba82474bc1203d0d054f0e148cef996c6f80a4c29448f935"}}
[2m2025-12-10T10:10:20.617001Z[0m [34mDEBUG[0m [2methereum_transaction_pool_monitor::eth_client[0m[2m:[0m 📨 Received pending transaction: 0x4b0520a86fa81b52ba82474bc1203d0d054f0e148cef996c6f80a4c29448f935
[2m2025-12-10T10:10:20.621286Z[0m [34mDEBUG[0m [2mhyper::proto::h1::io[0m[2m:[0m parsed 4 headers
[2m2025-12-10T10:10:20.621310Z[0m [34mDEBUG[0m [2mhyper::proto::h1::conn[0m[2m:[0m incoming body is content-length (45 bytes)
[2m2025-12-10T10:10:20.621319Z[0m [34mDEBUG[0m [2mhyper::proto::h1::conn[0m[2m:[0m incoming body completed
[2m2025-12-10T10:10:20.621327Z[0m [34mDEBUG[0m [2mhyper::client::pool[0m[2m:[0m pooling idle connection for ("http", 192.168.0.14:8545)
[2m2025-12-10T10:10:20.626704Z[0m [34mDEBUG[0m [2methereum_transaction_pool_monitor::eth_client[0m[2m:[0m 📨 Received WebSocket message: {"jsonrpc":"2.0","method":"eth_subscription","params":{"subscription":"0xbed0a0851463e895960a451075a301a9","result":"0x5768dd5d301f84c53794d34f973f74495fc7d062467cf9d87368c344f5cca0c0"}}
[2m2025-12-10T10:10:20.626732Z[0m [34mDEBUG[0m [2methereum_transaction_pool_monitor::eth_client[0m[2m:[0m 📨 Received pending transaction: 0x5768dd5d301f84c53794d34f973f74495fc7d062467cf9d87368c344f5cca0c0
[2m2025-12-10T10:10:20.649467Z[0m [34mDEBUG[0m [2mhyper::proto::h1::io[0m[2m:[0m parsed 4 headers
[2m2025-12-10T10:10:20.649491Z[0m [34mDEBUG[0m [2mhyper::proto::h1::conn[0m[2m:[0m incoming body is content-length (645 bytes)
[2m2025-12-10T10:10:20.649506Z[0m [34mDEBUG[0m [2mhyper::proto::h1::conn[0m[2m:[0m incoming body completed
[2m2025-12-10T10:10:20.649514Z[0m [34mDEBUG[0m [2mhyper::client::pool[0m[2m:[0m pooling idle connection for ("http", 192.168.0.14:8545)
[2m2025-12-10T10:10:20.649520Z[0m [34mDEBUG[0m [2methereum_transaction_pool_monitor::eth_client[0m[2m:[0m 📡 Transaction fetch RPC completed in 32.8405ms
[2m2025-12-10T10:10:20.721853Z[0m [34mDEBUG[0m [2methereum_transaction_pool_monitor::eth_client[0m[2m:[0m ✅ Transaction 0x6d2a450a4a7a6615c487643e4f8894431829787eb870601855c0cb95e049ca16 fetched and parsed in 105.170959ms
[2m2025-12-10T10:10:20.721876Z[0m [34mDEBUG[0m [2methereum_transaction_pool_monitor::mempool_monitor[0m[2m:[0m 🔍 Skipping tx 0x6d2a450a4a7a6615c487643e4f8894431829787eb870601855c0cb95e049ca16 - not a DEX interaction (target: 0xf78AbD170CFF445feFe7248336B55e2c18906F00)
[2m2025-12-10T10:10:20.721887Z[0m [34mDEBUG[0m [2methereum_transaction_pool_monitor::mempool_monitor[0m[2m:[0m 📨 Processing new pending transaction: 0x0f79ea2de424f51cdc3f46f107850acb5097e4ae8fe6631d0ab68ce878ef9fe5
[2m2025-12-10T10:10:20.721893Z[0m [34mDEBUG[0m [2methereum_transaction_pool_monitor::mempool_monitor[0m[2m:[0m 🔍 Fetching transaction details for: 0x0f79ea2de424f51cdc3f46f107850acb5097e4ae8fe6631d0ab68ce878ef9fe5
[2m2025-12-10T10:10:20.721899Z[0m [34mDEBUG[0m [2methereum_transaction_pool_monitor::eth_client[0m[2m:[0m 🔍 Fetching transaction details for hash: 0x0f79ea2de424f51cdc3f46f107850acb5097e4ae8fe6631d0ab68ce878ef9fe5
[2m2025-12-10T10:10:20.721918Z[0m [34mDEBUG[0m [2mhyper::client::pool[0m[2m:[0m reuse idle connection for ("http", 192.168.0.14:8545)
[2m2025-12-10T10:10:20.721952Z[0m [34mDEBUG[0m [2mhyper::proto::h1::io[0m[2m:[0m flushed 250 bytes
[2m2025-12-10T10:10:20.721971Z[0m [34mDEBUG[0m [2mhyper::client::pool[0m[2m:[0m reuse idle connection for ("http", 192.168.0.14:8545)
[2m2025-12-10T10:10:20.721983Z[0m [34mDEBUG[0m [2methereum_transaction_pool_monitor::eth_client[0m[2m:[0m 📨 Received WebSocket message: {"jsonrpc":"2.0","method":"eth_subscription","params":{"subscription":"0xbed0a0851463e895960a451075a301a9","result":"0x9797782518aadbf07abfe31f4c8b8cef0140f8f610c6db499fb190c189400220"}}
[2m2025-12-10T10:10:20.721985Z[0m [34mDEBUG[0m [2mhyper::proto::h1::io[0m[2m:[0m flushed 172 bytes
[2m2025-12-10T10:10:20.721996Z[0m [34mDEBUG[0m [2methereum_transaction_pool_monitor::eth_client[0m[2m:[0m 📨 Received pending transaction: 0x9797782518aadbf07abfe31f4c8b8cef0140f8f610c6db499fb190c189400220
[2m2025-12-10T10:10:20.722008Z[0m [34mDEBUG[0m [2methereum_transaction_pool_monitor::eth_client[0m[2m:[0m 📨 Received WebSocket message: {"jsonrpc":"2.0","method":"eth_subscription","params":{"subscription":"0xbed0a0851463e895960a451075a301a9","result":"0x27e347f504dd5bb4d637502e5391d1a37d23f751f571d6f830b742b84558194e"}}
[2m2025-12-10T10:10:20.722013Z[0m [34mDEBUG[0m [2methereum_transaction_pool_monitor::eth_client[0m[2m:[0m 📨 Received pending transaction: 0x27e347f504dd5bb4d637502e5391d1a37d23f751f571d6f830b742b84558194e
[2m2025-12-10T10:10:20.722018Z[0m [34mDEBUG[0m [2methereum_transaction_pool_monitor::eth_client[0m[2m:[0m 📨 Received WebSocket message: {"jsonrpc":"2.0","method":"eth_subscription","params":{"subscription":"0xbed0a0851463e895960a451075a301a9","result":"0xc8982e2c3dbea1fb10cf08cb5fb157dfe48baa970c62c4643f482dbff6a26fd0"}}
[2m2025-12-10T10:10:20.722022Z[0m [34mDEBUG[0m [2methereum_transaction_pool_monitor::eth_client[0m[2m:[0m 📨 Received pending transaction: 0xc8982e2c3dbea1fb10cf08cb5fb157dfe48baa970c62c4643f482dbff6a26fd0
[2m2025-12-10T10:10:20.722026Z[0m [34mDEBUG[0m [2methereum_transaction_pool_monitor::eth_client[0m[2m:[0m 📨 Received WebSocket message: {"jsonrpc":"2.0","method":"eth_subscription","params":{"subscription":"0xbed0a0851463e895960a451075a301a9","result":"0x7849438fbcfe392e23c82f60278cbfdae85e6657df974201a4ea1a0eaab7a768"}}
[2m2025-12-10T10:10:20.722031Z[0m [34mDEBUG[0m [2methereum_transaction_pool_monitor::eth_client[0m[2m:[0m 📨 Received pending transaction: 0x7849438fbcfe392e23c82f60278cbfdae85e6657df974201a4ea1a0eaab7a768
[2m2025-12-10T10:10:20.722035Z[0m [34mDEBUG[0m [2methereum_transaction_pool_monitor::eth_client[0m[2m:[0m 📨 Received WebSocket message: {"jsonrpc":"2.0","method":"eth_subscription","params":{"subscription":"0xbed0a0851463e895960a451075a301a9","result":"0x561a19c75a5993b433e786d08a8f180a026cdbb04c66cfbc0a746e38107c4bef"}}
[2m2025-12-10T10:10:20.722040Z[0m [34mDEBUG[0m [2methereum_transaction_pool_monitor::eth_client[0m[2m:[0m 📨 Received pending transaction: 0x561a19c75a5993b433e786d08a8f180a026cdbb04c66cfbc0a746e38107c4bef
[2m2025-12-10T10:10:20.722044Z[0m [34mDEBUG[0m [2methereum_transaction_pool_monitor::eth_client[0m[2m:[0m 📨 Received WebSocket message: {"jsonrpc":"2.0","method":"eth_subscription","params":{"subscription":"0xbed0a0851463e895960a451075a301a9","result":"0x8902502b52f4c5c78380aacd07d3416bc886ef280833d52b49395bc213bd3c03"}}
[2m2025-12-10T10:10:20.722048Z[0m [34mDEBUG[0m [2methereum_transaction_pool_monitor::eth_client[0m[2m:[0m 📨 Received pending transaction: 0x8902502b52f4c5c78380aacd07d3416bc886ef280833d52b49395bc213bd3c03
[2m2025-12-10T10:10:20.722052Z[0m [34mDEBUG[0m [2methereum_transaction_pool_monitor::eth_client[0m[2m:[0m 📨 Received WebSocket message: {"jsonrpc":"2.0","method":"eth_subscription","params":{"subscription":"0xbed0a0851463e895960a451075a301a9","result":"0x64aad1f80d9c37e4c418cbfeef914ed6e70810f8d583be7c0ea332b2363bfee6"}}
[2m2025-12-10T10:10:20.722057Z[0m [34mDEBUG[0m [2methereum_transaction_pool_monitor::eth_client[0m[2m:[0m 📨 Received pending transaction: 0x64aad1f80d9c37e4c418cbfeef914ed6e70810f8d583be7c0ea332b2363bfee6
[2m2025-12-10T10:10:20.722062Z[0m [34mDEBUG[0m [2methereum_transaction_pool_monitor::eth_client[0m[2m:[0m 📨 Received WebSocket message: {"jsonrpc":"2.0","method":"eth_subscription","params":{"subscription":"0xbed0a0851463e895960a451075a301a9","result":"0x256e025b3dd545251d2644c8b2c877b87b8f165e3891ab36537818a618be0b06"}}
[2m2025-12-10T10:10:20.722067Z[0m [34mDEBUG[0m [2methereum_transaction_pool_monitor::eth_client[0m[2m:[0m 📨 Received pending transaction: 0x256e025b3dd545251d2644c8b2c877b87b8f165e3891ab36537818a618be0b06
[2m2025-12-10T10:10:20.722071Z[0m [34mDEBUG[0m [2methereum_transaction_pool_monitor::eth_client[0m[2m:[0m 📨 Received WebSocket message: {"jsonrpc":"2.0","method":"eth_subscription","params":{"subscription":"0xbed0a0851463e895960a451075a301a9","result":"0xf1d4e59b15c2bdfc5a61abed1f4f85ed84b66ab4dd0db011a731d98db2e8459d"}}
[2m2025-12-10T10:10:20.722075Z[0m [34mDEBUG[0m [2methereum_transaction_pool_monitor::eth_client[0m[2m:[0m 📨 Received pending transaction: 0xf1d4e59b15c2bdfc5a61abed1f4f85ed84b66ab4dd0db011a731d98db2e8459d
[2m2025-12-10T10:10:20.722079Z[0m [34mDEBUG[0m [2methereum_transaction_pool_monitor::eth_client[0m[2m:[0m 📨 Received WebSocket message: {"jsonrpc":"2.0","method":"eth_subscription","params":{"subscription":"0xbed0a0851463e895960a451075a301a9","result":"0xcb449c7eb5bd3cd5a666b052b63ab8b3f649c82258589c901a9fc8f91481fbb6"}}
[2m2025-12-10T10:10:20.722084Z[0m [34mDEBUG[0m [2methereum_transaction_pool_monitor::eth_client[0m[2m:[0m 📨 Received pending transaction: 0xcb449c7eb5bd3cd5a666b052b63ab8b3f649c82258589c901a9fc8f91481fbb6
[2m2025-12-10T10:10:20.722087Z[0m [34mDEBUG[0m [2methereum_transaction_pool_monitor::eth_client[0m[2m:[0m 📨 Received WebSocket message: {"jsonrpc":"2.0","method":"eth_subscription","params":{"subscription":"0xbed0a0851463e895960a451075a301a9","result":"0xc62bdb936511963065e82215879a44cb3a15c0a0575d2ad0651211958257686f"}}
[2m2025-12-10T10:10:20.722092Z[0m [34mDEBUG[0m [2methereum_transaction_pool_monitor::eth_client[0m[2m:[0m 📨 Received pending transaction: 0xc62bdb936511963065e82215879a44cb3a15c0a0575d2ad0651211958257686f
[2m2025-12-10T10:10:20.722096Z[0m [34mDEBUG[0m [2methereum_transaction_pool_monitor::eth_client[0m[2m:[0m 📨 Received WebSocket message: {"jsonrpc":"2.0","method":"eth_subscription","params":{"subscription":"0xbed0a0851463e895960a451075a301a9","result":"0x672cc6ae2f467826584a20eeeee52fb20e5b0087fd9de48846e301e4a508e116"}}
[2m2025-12-10T10:10:20.722100Z[0m [34mDEBUG[0m [2methereum_transaction_pool_monitor::eth_client[0m[2m:[0m 📨 Received pending transaction: 0x672cc6ae2f467826584a20eeeee52fb20e5b0087fd9de48846e301e4a508e116
[2m2025-12-10T10:10:20.722104Z[0m [34mDEBUG[0m [2methereum_transaction_pool_monitor::eth_client[0m[2m:[0m 📨 Received WebSocket message: {"jsonrpc":"2.0","method":"eth_subscription","params":{"subscription":"0xbed0a0851463e895960a451075a301a9","result":"0xebd2c245ea22676c02ec3afc3f629c2402d0cb5d2a6ba943e06cc8e44da4f002"}}
[2m2025-12-10T10:10:20.722108Z[0m [34mDEBUG[0m [2methereum_transaction_pool_monitor::eth_client[0m[2m:[0m 📨 Received pending transaction: 0xebd2c245ea22676c02ec3afc3f629c2402d0cb5d2a6ba943e06cc8e44da4f002
[2m2025-12-10T10:10:20.726652Z[0m [34mDEBUG[0m [2mhyper::proto::h1::io[0m[2m:[0m parsed 4 headers
[2m2025-12-10T10:10:20.726673Z[0m [34mDEBUG[0m [2mhyper::proto::h1::conn[0m[2m:[0m incoming body is content-length (45 bytes)
[2m2025-12-10T10:10:20.726696Z[0m [34mDEBUG[0m [2mhyper::proto::h1::conn[0m[2m:[0m incoming body completed
[2m2025-12-10T10:10:20.726714Z[0m [34mDEBUG[0m [2mhyper::client::pool[0m[2m:[0m pooling idle connection for ("http", 192.168.0.14:8545)
[2m2025-12-10T10:10:20.744102Z[0m [34mDEBUG[0m [2mhyper::proto::h1::io[0m[2m:[0m parsed 4 headers
[2m2025-12-10T10:10:20.744126Z[0m [34mDEBUG[0m [2mhyper::proto::h1::conn[0m[2m:[0m incoming body is content-length (644 bytes)
[2m2025-12-10T10:10:20.744147Z[0m [34mDEBUG[0m [2mhyper::proto::h1::conn[0m[2m:[0m incoming body completed
[2m2025-12-10T10:10:20.744163Z[0m [34mDEBUG[0m [2mhyper::client::pool[0m[2m:[0m pooling idle connection for ("http", 192.168.0.14:8545)
[2m2025-12-10T10:10:20.744170Z[0m [34mDEBUG[0m [2methereum_transaction_pool_monitor::eth_client[0m[2m:[0m 📡 Transaction fetch RPC completed in 22.26625ms
[2m2025-12-10T10:10:20.814818Z[0m [34mDEBUG[0m [2methereum_transaction_pool_monitor::eth_client[0m[2m:[0m ✅ Transaction 0x0f79ea2de424f51cdc3f46f107850acb5097e4ae8fe6631d0ab68ce878ef9fe5 fetched and parsed in 92.911917ms
[2m2025-12-10T10:10:20.814845Z[0m [34mDEBUG[0m [2methereum_transaction_pool_monitor::mempool_monitor[0m[2m:[0m 🔍 Skipping tx 0x0f79ea2de424f51cdc3f46f107850acb5097e4ae8fe6631d0ab68ce878ef9fe5 - not a DEX interaction (target: 0x452b451f09d6Abc1cad41a79C87c78147e831296)
[2m2025-12-10T10:10:20.814856Z[0m [34mDEBUG[0m [2methereum_transaction_pool_monitor::mempool_monitor[0m[2m:[0m 📨 Processing new pending transaction: 0x98eb5a2af5a94c7c2516eac560ea74d189bead5efb6aecc624422db951e0f0fa
[2m2025-12-10T10:10:20.814863Z[0m [34mDEBUG[0m [2methereum_transaction_pool_monitor::mempool_monitor[0m[2m:[0m 🔍 Fetching transaction details for: 0x98eb5a2af5a94c7c2516eac560ea74d189bead5efb6aecc624422db951e0f0fa
[2m2025-12-10T10:10:20.814869Z[0m [34mDEBUG[0m [2methereum_transaction_pool_monitor::eth_client[0m[2m:[0m 🔍 Fetching transaction details for hash: 0x98eb5a2af5a94c7c2516eac560ea74d189bead5efb6aecc624422db951e0f0fa
[2m2025-12-10T10:10:20.814888Z[0m [34mDEBUG[0m [2mhyper::client::pool[0m[2m:[0m reuse idle connection for ("http", 192.168.0.14:8545)
[2m2025-12-10T10:10:20.814926Z[0m [34mDEBUG[0m [2mhyper::proto::h1::io[0m[2m:[0m flushed 250 bytes
[2m2025-12-10T10:10:20.814946Z[0m [34mDEBUG[0m [2mhyper::client::pool[0m[2m:[0m reuse idle connection for ("http", 192.168.0.14:8545)
[2m2025-12-10T10:10:20.814958Z[0m [34mDEBUG[0m [2methereum_transaction_pool_monitor::eth_client[0m[2m:[0m 📨 Received WebSocket message: {"jsonrpc":"2.0","method":"eth_subscription","params":{"subscription":"0xbed0a0851463e895960a451075a301a9","result":"0x0b1279fdaa9d2f7b7f1509783da702b911a50f455e120c33351b1bdc73fd60a3"}}
[2m2025-12-10T10:10:20.814960Z[0m [34mDEBUG[0m [2mhyper::proto::h1::io[0m[2m:[0m flushed 172 bytes
[2m2025-12-10T10:10:20.814971Z[0m [34mDEBUG[0m [2methereum_transaction_pool_monitor::eth_client[0m[2m:[0m 📨 Received pending transaction: 0x0b1279fdaa9d2f7b7f1509783da702b911a50f455e120c33351b1bdc73fd60a3
[2m2025-12-10T10:10:20.814986Z[0m [34mDEBUG[0m [2methereum_transaction_pool_monitor::eth_client[0m[2m:[0m 📨 Received WebSocket message: {"jsonrpc":"2.0","method":"eth_subscription","params":{"subscription":"0xbed0a0851463e895960a451075a301a9","result":"0x619da159e98d6f6df77d7431c9aebcd28c266d5cc9b951497680ec5690de4683"}}
[2m2025-12-10T10:10:20.814993Z[0m [34mDEBUG[0m [2methereum_transaction_pool_monitor::eth_client[0m[2m:[0m 📨 Received pending transaction: 0x619da159e98d6f6df77d7431c9aebcd28c266d5cc9b951497680ec5690de4683
[2m2025-12-10T10:10:20.823656Z[0m [34mDEBUG[0m [2methereum_transaction_pool_monitor::eth_client[0m[2m:[0m 📨 Received WebSocket message: {"jsonrpc":"2.0","method":"eth_subscription","params":{"subscription":"0xbed0a0851463e895960a451075a301a9","result":"0x5d6172a0ca79c8a990b8951686e8895ea98f3693e76dde4e7161171a4920d93e"}}
[2m2025-12-10T10:10:20.823698Z[0m [34mDEBUG[0m [2methereum_transaction_pool_monitor::eth_client[0m[2m:[0m 📨 Received pending transaction: 0x5d6172a0ca79c8a990b8951686e8895ea98f3693e76dde4e7161171a4920d93e
[2m2025-12-10T10:10:20.823727Z[0m [34mDEBUG[0m [2mhyper::proto::h1::io[0m[2m:[0m parsed 4 headers
[2m2025-12-10T10:10:20.823733Z[0m [34mDEBUG[0m [2mhyper::proto::h1::conn[0m[2m:[0m incoming body is content-length (45 bytes)
[2m2025-12-10T10:10:20.823741Z[0m [34mDEBUG[0m [2mhyper::proto::h1::conn[0m[2m:[0m incoming body completed
[2m2025-12-10T10:10:20.823749Z[0m [34mDEBUG[0m [2mhyper::client::pool[0m[2m:[0m pooling idle connection for ("http", 192.168.0.14:8545)
[2m2025-12-10T10:10:20.861923Z[0m [34mDEBUG[0m [2mhyper::proto::h1::io[0m[2m:[0m parsed 4 headers
[2m2025-12-10T10:10:20.861931Z[0m [34mDEBUG[0m [2mhyper::proto::h1::conn[0m[2m:[0m incoming body is content-length (642 bytes)
[2m2025-12-10T10:10:20.861937Z[0m [34mDEBUG[0m [2mhyper::proto::h1::conn[0m[2m:[0m incoming body completed
[2m2025-12-10T10:10:20.861945Z[0m [34mDEBUG[0m [2mhyper::client::pool[0m[2m:[0m pooling idle connection for ("http", 192.168.0.14:8545)
[2m2025-12-10T10:10:20.861951Z[0m [34mDEBUG[0m [2methereum_transaction_pool_monitor::eth_client[0m[2m:[0m 📡 Transaction fetch RPC completed in 47.077417ms
[2m2025-12-10T10:10:21.000399Z[0m [34mDEBUG[0m [2methereum_transaction_pool_monitor::eth_client[0m[2m:[0m ✅ Transaction 0x98eb5a2af5a94c7c2516eac560ea74d189bead5efb6aecc624422db951e0f0fa fetched and parsed in 185.522625ms
[2m2025-12-10T10:10:21.000552Z[0m [34mDEBUG[0m [2methereum_transaction_pool_monitor::mempool_monitor[0m[2m:[0m 🔍 Skipping tx 0x98eb5a2af5a94c7c2516eac560ea74d189bead5efb6aecc624422db951e0f0fa - not a DEX interaction (target: 0x3FBd55bbFbb36f45167c9abe1396a4E5A192E8fb)
[2m2025-12-10T10:10:21.000564Z[0m [34mDEBUG[0m [2methereum_transaction_pool_monitor::mempool_monitor[0m[2m:[0m 📨 Processing new pending transaction: 0xf53bda9a8411900d525c7ce139a154d711e5689dac8cbe59a50c6cca5062d146
[2m2025-12-10T10:10:21.000571Z[0m [34mDEBUG[0m [2methereum_transaction_pool_monitor::mempool_monitor[0m[2m:[0m 🔍 Fetching transaction details for: 0xf53bda9a8411900d525c7ce139a154d711e5689dac8cbe59a50c6cca5062d146
[2m2025-12-10T10:10:21.000578Z[0m [34mDEBUG[0m [2methereum_transaction_pool_monitor::eth_client[0m[2m:[0m 🔍 Fetching transaction details for hash: 0xf53bda9a8411900d525c7ce139a154d711e5689dac8cbe59a50c6cca5062d146
[2m2025-12-10T10:10:21.000600Z[0m [34mDEBUG[0m [2mhyper::client::pool[0m[2m:[0m reuse idle connection for ("http", 192.168.0.14:8545)
[2m2025-12-10T10:10:21.000649Z[0m [34mDEBUG[0m [2mhyper::proto::h1::io[0m[2m:[0m flushed 250 bytes
[2m2025-12-10T10:10:21.000670Z[0m [34mDEBUG[0m [2mhyper::client::pool[0m[2m:[0m reuse idle connection for ("http", 192.168.0.14:8545)
[2m2025-12-10T10:10:21.000685Z[0m [34mDEBUG[0m [2mhyper::proto::h1::io[0m[2m:[0m flushed 172 bytes
[2m2025-12-10T10:10:21.000685Z[0m [34mDEBUG[0m [2methereum_transaction_pool_monitor::eth_client[0m[2m:[0m 📨 Received WebSocket message: {"jsonrpc":"2.0","method":"eth_subscription","params":{"subscription":"0xbed0a0851463e895960a451075a301a9","result":"0x42bbf9f9fab8a7a54803adf8b5897c8c7c727b00b72aaeabe7c76a4aef0a3492"}}
[2m2025-12-10T10:10:21.000707Z[0m [34mDEBUG[0m [2methereum_transaction_pool_monitor::eth_client[0m[2m:[0m 📨 Received pending transaction: 0x42bbf9f9fab8a7a54803adf8b5897c8c7c727b00b72aaeabe7c76a4aef0a3492
[2m2025-12-10T10:10:21.000715Z[0m [34mDEBUG[0m [2methereum_transaction_pool_monitor::eth_client[0m[2m:[0m 📨 Received WebSocket message: {"jsonrpc":"2.0","method":"eth_subscription","params":{"subscription":"0xbed0a0851463e895960a451075a301a9","result":"0x8832399e75c5a86ed236b8c566e762e4a58729cb957bbefc517a812c90ad499e"}}
[2m2025-12-10T10:10:21.000723Z[0m [34mDEBUG[0m [2methereum_transaction_pool_monitor::eth_client[0m[2m:[0m 📨 Received pending transaction: 0x8832399e75c5a86ed236b8c566e762e4a58729cb957bbefc517a812c90ad499e
[2m2025-12-10T10:10:21.000728Z[0m [34mDEBUG[0m [2methereum_transaction_pool_monitor::eth_client[0m[2m:[0m 📨 Received WebSocket message: {"jsonrpc":"2.0","method":"eth_subscription","params":{"subscription":"0xbed0a0851463e895960a451075a301a9","result":"0xa86f779a0f2af703ba506728ce7b7f05ce992d3abd8c99c9da991fe9c576d5a1"}}
[2m2025-12-10T10:10:21.000733Z[0m [34mDEBUG[0m [2methereum_transaction_pool_monitor::eth_client[0m[2m:[0m 📨 Received pending transaction: 0xa86f779a0f2af703ba506728ce7b7f05ce992d3abd8c99c9da991fe9c576d5a1
[2m2025-12-10T10:10:21.000737Z[0m [34mDEBUG[0m [2methereum_transaction_pool_monitor::eth_client[0m[2m:[0m 📨 Received WebSocket message: {"jsonrpc":"2.0","method":"eth_subscription","params":{"subscription":"0xbed0a0851463e895960a451075a301a9","result":"0x6410c8584522034145d8c02175cd67f17a9f2caf0c563f8671a9fd2ee062f62f"}}
[2m2025-12-10T10:10:21.000742Z[0m [34mDEBUG[0m [2methereum_transaction_pool_monitor::eth_client[0m[2m:[0m 📨 Received pending transaction: 0x6410c8584522034145d8c02175cd67f17a9f2caf0c563f8671a9fd2ee062f62f
[2m2025-12-10T10:10:21.005742Z[0m [34mDEBUG[0m [2mhyper::proto::h1::io[0m[2m:[0m parsed 4 headers
[2m2025-12-10T10:10:21.005750Z[0m [34mDEBUG[0m [2mhyper::proto::h1::conn[0m[2m:[0m incoming body is content-length (45 bytes)
[2m2025-12-10T10:10:21.005757Z[0m [34mDEBUG[0m [2mhyper::proto::h1::conn[0m[2m:[0m incoming body completed
[2m2025-12-10T10:10:21.005767Z[0m [34mDEBUG[0m [2mhyper::client::pool[0m[2m:[0m pooling idle connection for ("http", 192.168.0.14:8545)
[2m2025-12-10T10:10:21.005785Z[0m [34mDEBUG[0m [2mhyper::client::pool[0m[2m:[0m reuse idle connection for ("http", 192.168.0.14:8545)
[2m2025-12-10T10:10:21.005802Z[0m [34mDEBUG[0m [2mhyper::proto::h1::io[0m[2m:[0m flushed 172 bytes
[2m2025-12-10T10:10:21.010627Z[0m [34mDEBUG[0m [2mhyper::proto::h1::io[0m[2m:[0m parsed 4 headers
[2m2025-12-10T10:10:21.010634Z[0m [34mDEBUG[0m [2mhyper::proto::h1::conn[0m[2m:[0m incoming body is content-length (45 bytes)
[2m2025-12-10T10:10:21.010640Z[0m [34mDEBUG[0m [2mhyper::proto::h1::conn[0m[2m:[0m incoming body completed
[2m2025-12-10T10:10:21.010647Z[0m [34mDEBUG[0m [2mhyper::client::pool[0m[2m:[0m pooling idle connection for ("http", 192.168.0.14:8545)
[2m2025-12-10T10:10:21.021989Z[0m [34mDEBUG[0m [2mhyper::proto::h1::io[0m[2m:[0m parsed 4 headers
[2m2025-12-10T10:10:21.021999Z[0m [34mDEBUG[0m [2mhyper::proto::h1::conn[0m[2m:[0m incoming body is content-length (703 bytes)
[2m2025-12-10T10:10:21.022005Z[0m [34mDEBUG[0m [2mhyper::proto::h1::conn[0m[2m:[0m incoming body completed
[2m2025-12-10T10:10:21.022014Z[0m [34mDEBUG[0m [2mhyper::client::pool[0m[2m:[0m pooling idle connection for ("http", 192.168.0.14:8545)
[2m2025-12-10T10:10:21.022021Z[0m [34mDEBUG[0m [2methereum_transaction_pool_monitor::eth_client[0m[2m:[0m 📡 Transaction fetch RPC completed in 21.436583ms
[2m2025-12-10T10:10:21.102541Z[0m [34mDEBUG[0m [2methereum_transaction_pool_monitor::eth_client[0m[2m:[0m ✅ Transaction 0xf53bda9a8411900d525c7ce139a154d711e5689dac8cbe59a50c6cca5062d146 fetched and parsed in 101.9545ms
[2m2025-12-10T10:10:21.102570Z[0m [34mDEBUG[0m [2methereum_transaction_pool_monitor::mempool_monitor[0m[2m:[0m 🔍 Skipping tx 0xf53bda9a8411900d525c7ce139a154d711e5689dac8cbe59a50c6cca5062d146 - not a DEX interaction (target: 0x90EE31Ce2e200Ff67847CEa69a48da583F1894a3)
[2m2025-12-10T10:10:21.102583Z[0m [34mDEBUG[0m [2methereum_transaction_pool_monitor::mempool_monitor[0m[2m:[0m 📨 Processing new pending transaction: 0x859019146f7187d49f1a2c830c647a7915e76476a68d03923e4e5eb8baf98b6b
[2m2025-12-10T10:10:21.102592Z[0m [34mDEBUG[0m [2methereum_transaction_pool_monitor::mempool_monitor[0m[2m:[0m 🔍 Fetching transaction details for: 0x859019146f7187d49f1a2c830c647a7915e76476a68d03923e4e5eb8baf98b6b
[2m2025-12-10T10:10:21.102598Z[0m [34mDEBUG[0m [2methereum_transaction_pool_monitor::eth_client[0m[2m:[0m 🔍 Fetching transaction details for hash: 0x859019146f7187d49f1a2c830c647a7915e76476a68d03923e4e5eb8baf98b6b
[2m2025-12-10T10:10:21.102622Z[0m [34mDEBUG[0m [2mhyper::client::pool[0m[2m:[0m reuse idle connection for ("http", 192.168.0.14:8545)
[2m2025-12-10T10:10:21.102669Z[0m [34mDEBUG[0m [2mhyper::proto::h1::io[0m[2m:[0m flushed 250 bytes
[2m2025-12-10T10:10:21.102689Z[0m [34mDEBUG[0m [2mhyper::client::pool[0m[2m:[0m reuse idle connection for ("http", 192.168.0.14:8545)
[2m2025-12-10T10:10:21.102703Z[0m [34mDEBUG[0m [2mhyper::proto::h1::io[0m[2m:[0m flushed 172 bytes
[2m2025-12-10T10:10:21.102703Z[0m [34mDEBUG[0m [2methereum_transaction_pool_monitor::eth_client[0m[2m:[0m 📨 Received WebSocket message: {"jsonrpc":"2.0","method":"eth_subscription","params":{"subscription":"0xbed0a0851463e895960a451075a301a9","result":"0xa298054f967441f646a6d1226d85879c942a30d606c54754458032e20719d2e9"}}
[2m2025-12-10T10:10:21.102721Z[0m [34mDEBUG[0m [2methereum_transaction_pool_monitor::eth_client[0m[2m:[0m 📨 Received pending transaction: 0xa298054f967441f646a6d1226d85879c942a30d606c54754458032e20719d2e9
[2m2025-12-10T10:10:21.108314Z[0m [34mDEBUG[0m [2mhyper::proto::h1::io[0m[2m:[0m parsed 4 headers
[2m2025-12-10T10:10:21.108319Z[0m [34mDEBUG[0m [2mhyper::proto::h1::conn[0m[2m:[0m incoming body is content-length (45 bytes)
[2m2025-12-10T10:10:21.108326Z[0m [34mDEBUG[0m [2mhyper::proto::h1::conn[0m[2m:[0m incoming body completed
[2m2025-12-10T10:10:21.108332Z[0m [34mDEBUG[0m [2mhyper::client::pool[0m[2m:[0m pooling idle connection for ("http", 192.168.0.14:8545)
[2m2025-12-10T10:10:21.145612Z[0m [34mDEBUG[0m [2mhyper::proto::h1::io[0m[2m:[0m parsed 4 headers
[2m2025-12-10T10:10:21.145629Z[0m [34mDEBUG[0m [2mhyper::proto::h1::conn[0m[2m:[0m incoming body is content-length (647 bytes)
[2m2025-12-10T10:10:21.145639Z[0m [34mDEBUG[0m [2mhyper::proto::h1::conn[0m[2m:[0m incoming body completed
[2m2025-12-10T10:10:21.145650Z[0m [34mDEBUG[0m [2mhyper::client::pool[0m[2m:[0m pooling idle connection for ("http", 192.168.0.14:8545)
[2m2025-12-10T10:10:21.145659Z[0m [34mDEBUG[0m [2methereum_transaction_pool_monitor::eth_client[0m[2m:[0m 📡 Transaction fetch RPC completed in 43.052417ms
[2m2025-12-10T10:10:21.216276Z[0m [34mDEBUG[0m [2methereum_transaction_pool_monitor::eth_client[0m[2m:[0m ✅ Transaction 0x859019146f7187d49f1a2c830c647a7915e76476a68d03923e4e5eb8baf98b6b fetched and parsed in 113.667417ms
[2m2025-12-10T10:10:21.216299Z[0m [34mDEBUG[0m [2methereum_transaction_pool_monitor::mempool_monitor[0m[2m:[0m 🔍 Skipping tx 0x859019146f7187d49f1a2c830c647a7915e76476a68d03923e4e5eb8baf98b6b - not a DEX interaction (target: 0xFb49e8ECCe05E5bbdd5d6668Bf740d72156639F4)
[2m2025-12-10T10:10:21.216309Z[0m [34mDEBUG[0m [2methereum_transaction_pool_monitor::mempool_monitor[0m[2m:[0m 📨 Processing new pending transaction: 0x8d4373d3dd6a0c1907c7e65a2e40326c58550f51c68d518960461de5d8a04524
[2m2025-12-10T10:10:21.216314Z[0m [34mDEBUG[0m [2methereum_transaction_pool_monitor::mempool_monitor[0m[2m:[0m 🔍 Fetching transaction details for: 0x8d4373d3dd6a0c1907c7e65a2e40326c58550f51c68d518960461de5d8a04524
[2m2025-12-10T10:10:21.216318Z[0m [34mDEBUG[0m [2methereum_transaction_pool_monitor::eth_client[0m[2m:[0m 🔍 Fetching transaction details for hash: 0x8d4373d3dd6a0c1907c7e65a2e40326c58550f51c68d518960461de5d8a04524
[2m2025-12-10T10:10:21.216335Z[0m [34mDEBUG[0m [2mhyper::client::pool[0m[2m:[0m reuse idle connection for ("http", 192.168.0.14:8545)
[2m2025-12-10T10:10:21.216375Z[0m [34mDEBUG[0m [2mhyper::proto::h1::io[0m[2m:[0m flushed 250 bytes
[2m2025-12-10T10:10:21.216411Z[0m [34mDEBUG[0m [2mhyper::client::pool[0m[2m:[0m reuse idle connection for ("http", 192.168.0.14:8545)
[2m2025-12-10T10:10:21.216424Z[0m [34mDEBUG[0m [2mhyper::proto::h1::io[0m[2m:[0m flushed 172 bytes
[2m2025-12-10T10:10:21.222855Z[0m [34mDEBUG[0m [2mhyper::proto::h1::io[0m[2m:[0m parsed 4 headers
[2m2025-12-10T10:10:21.222869Z[0m [34mDEBUG[0m [2mhyper::proto::h1::conn[0m[2m:[0m incoming body is content-length (45 bytes)
[2m2025-12-10T10:10:21.222876Z[0m [34mDEBUG[0m [2mhyper::proto::h1::conn[0m[2m:[0m incoming body completed
[2m2025-12-10T10:10:21.222884Z[0m [34mDEBUG[0m [2mhyper::client::pool[0m[2m:[0m pooling idle connection for ("http", 192.168.0.14:8545)
[2m2025-12-10T10:10:21.237167Z[0m [34mDEBUG[0m [2methereum_transaction_pool_monitor::eth_client[0m[2m:[0m 📨 Received WebSocket message: {"jsonrpc":"2.0","method":"eth_subscription","params":{"subscription":"0xbed0a0851463e895960a451075a301a9","result":"0x6754beb74d1bea8cace1630e076db3c697e5c1bdfc1558d295bb1da4609bb136"}}
[2m2025-12-10T10:10:21.237180Z[0m [34mDEBUG[0m [2methereum_transaction_pool_monitor::eth_client[0m[2m:[0m 📨 Received pending transaction: 0x6754beb74d1bea8cace1630e076db3c697e5c1bdfc1558d295bb1da4609bb136
[2m2025-12-10T10:10:21.257097Z[0m [34mDEBUG[0m [2mhyper::proto::h1::io[0m[2m:[0m parsed 4 headers
[2m2025-12-10T10:10:21.257110Z[0m [34mDEBUG[0m [2mhyper::proto::h1::conn[0m[2m:[0m incoming body is content-length (767 bytes)
[2m2025-12-10T10:10:21.257117Z[0m [34mDEBUG[0m [2mhyper::proto::h1::conn[0m[2m:[0m incoming body completed
[2m2025-12-10T10:10:21.257127Z[0m [34mDEBUG[0m [2mhyper::client::pool[0m[2m:[0m pooling idle connection for ("http", 192.168.0.14:8545)
[2m2025-12-10T10:10:21.257135Z[0m [34mDEBUG[0m [2methereum_transaction_pool_monitor::eth_client[0m[2m:[0m 📡 Transaction fetch RPC completed in 40.811958ms
[2m2025-12-10T10:10:21.257150Z[0m [34mDEBUG[0m [2methereum_transaction_pool_monitor::eth_client[0m[2m:[0m DeFi transaction detected - Address: 0xdac17f958d2ee523a2206206994597c13d831ec7, Type: Stablecoin, Value: 0 ETH, Gas: 0.19 Gwei
[2m2025-12-10T10:10:21.257162Z[0m [34mDEBUG[0m [2methereum_transaction_pool_monitor::eth_client[0m[2m:[0m ✅ Transaction 0x8d4373d3dd6a0c1907c7e65a2e40326c58550f51c68d518960461de5d8a04524 fetched and parsed in 40.839541ms
[2m2025-12-10T10:10:21.257168Z[0m [34mDEBUG[0m [2methereum_transaction_pool_monitor::mempool_monitor[0m[2m:[0m 🔍 Skipping tx 0x8d4373d3dd6a0c1907c7e65a2e40326c58550f51c68d518960461de5d8a04524 - not a DEX interaction (target: 0xdAC17F958D2ee523a2206206994597C13D831ec7)
[2m2025-12-10T10:10:21.257176Z[0m [34mDEBUG[0m [2methereum_transaction_pool_monitor::mempool_monitor[0m[2m:[0m 📨 Processing new pending transaction: 0x8f637f3b30d610ba37d37d42d7e00d02eea52228e1810d6a56dc23b4d39fb1d1
[2m2025-12-10T10:10:21.257180Z[0m [34mDEBUG[0m [2methereum_transaction_pool_monitor::mempool_monitor[0m[2m:[0m 🔍 Fetching transaction details for: 0x8f637f3b30d610ba37d37d42d7e00d02eea52228e1810d6a56dc23b4d39fb1d1
[2m2025-12-10T10:10:21.257184Z[0m [34mDEBUG[0m [2methereum_transaction_pool_monitor::eth_client[0m[2m:[0m 🔍 Fetching transaction details for hash: 0x8f637f3b30d610ba37d37d42d7e00d02eea52228e1810d6a56dc23b4d39fb1d1
[2m2025-12-10T10:10:21.257198Z[0m [34mDEBUG[0m [2mhyper::client::pool[0m[2m:[0m reuse idle connection for ("http", 192.168.0.14:8545)
[2m2025-12-10T10:10:21.257219Z[0m [34mDEBUG[0m [2mhyper::proto::h1::io[0m[2m:[0m flushed 250 bytes
[2m2025-12-10T10:10:21.289631Z[0m [34mDEBUG[0m [2mhyper::proto::h1::io[0m[2m:[0m parsed 4 headers
[2m2025-12-10T10:10:21.289655Z[0m [34mDEBUG[0m [2mhyper::proto::h1::conn[0m[2m:[0m incoming body is content-length (644 bytes)
[2m2025-12-10T10:10:21.289668Z[0m [34mDEBUG[0m [2mhyper::proto::h1::conn[0m[2m:[0m incoming body completed
[2m2025-12-10T10:10:21.289679Z[0m [34mDEBUG[0m [2mhyper::client::pool[0m[2m:[0m pooling idle connection for ("http", 192.168.0.14:8545)
[2m2025-12-10T10:10:21.289688Z[0m [34mDEBUG[0m [2methereum_transaction_pool_monitor::eth_client[0m[2m:[0m 📡 Transaction fetch RPC completed in 32.49975ms
[2m2025-12-10T10:10:21.361885Z[0m [34mDEBUG[0m [2methereum_transaction_pool_monitor::eth_client[0m[2m:[0m ✅ Transaction 0x8f637f3b30d610ba37d37d42d7e00d02eea52228e1810d6a56dc23b4d39fb1d1 fetched and parsed in 104.6945ms
[2m2025-12-10T10:10:21.361914Z[0m [34mDEBUG[0m [2methereum_transaction_pool_monitor::mempool_monitor[0m[2m:[0m 🔍 Skipping tx 0x8f637f3b30d610ba37d37d42d7e00d02eea52228e1810d6a56dc23b4d39fb1d1 - not a DEX interaction (target: 0x316Fb96Cbe2fB52Dbe679d75B928FCFad858241B)
[2m2025-12-10T10:10:21.361929Z[0m [34mDEBUG[0m [2methereum_transaction_pool_monitor::mempool_monitor[0m[2m:[0m 📨 Processing new pending transaction: 0x379c9821a339ae87283c1d8b6ad300bc49ad60095695cc88993020d1029e5c97
[2m2025-12-10T10:10:21.361936Z[0m [34mDEBUG[0m [2methereum_transaction_pool_monitor::mempool_monitor[0m[2m:[0m 🔍 Fetching transaction details for: 0x379c9821a339ae87283c1d8b6ad300bc49ad60095695cc88993020d1029e5c97
[2m2025-12-10T10:10:21.361941Z[0m [34mDEBUG[0m [2methereum_transaction_pool_monitor::eth_client[0m[2m:[0m 🔍 Fetching transaction details for hash: 0x379c9821a339ae87283c1d8b6ad300bc49ad60095695cc88993020d1029e5c97
[2m2025-12-10T10:10:21.361962Z[0m [34mDEBUG[0m [2mhyper::client::pool[0m[2m:[0m reuse idle connection for ("http", 192.168.0.14:8545)
[2m2025-12-10T10:10:21.361997Z[0m [34mDEBUG[0m [2mhyper::proto::h1::io[0m[2m:[0m flushed 250 bytes
[2m2025-12-10T10:10:21.362016Z[0m [34mDEBUG[0m [2mhyper::client::pool[0m[2m:[0m reuse idle connection for ("http", 192.168.0.14:8545)
[2m2025-12-10T10:10:21.362027Z[0m [34mDEBUG[0m [2methereum_transaction_pool_monitor::eth_client[0m[2m:[0m 📨 Received WebSocket message: {"jsonrpc":"2.0","method":"eth_subscription","params":{"subscription":"0xbed0a0851463e895960a451075a301a9","result":"0xa9a9b8d463578bbb30d0d3f85390002b321a69a2186fd6070afc2e91752489e0"}}
[2m2025-12-10T10:10:21.362030Z[0m [34mDEBUG[0m [2mhyper::proto::h1::io[0m[2m:[0m flushed 172 bytes
[2m2025-12-10T10:10:21.362039Z[0m [34mDEBUG[0m [2methereum_transaction_pool_monitor::eth_client[0m[2m:[0m 📨 Received pending transaction: 0xa9a9b8d463578bbb30d0d3f85390002b321a69a2186fd6070afc2e91752489e0
[2m2025-12-10T10:10:21.362047Z[0m [34mDEBUG[0m [2methereum_transaction_pool_monitor::eth_client[0m[2m:[0m 📨 Received WebSocket message: {"jsonrpc":"2.0","method":"eth_subscription","params":{"subscription":"0xbed0a0851463e895960a451075a301a9","result":"0xc2c988f73b8fb4e486fbcdf4b39b1ddd6764bba994883c1faaba8f184b239e01"}}
[2m2025-12-10T10:10:21.362052Z[0m [34mDEBUG[0m [2methereum_transaction_pool_monitor::eth_client[0m[2m:[0m 📨 Received pending transaction: 0xc2c988f73b8fb4e486fbcdf4b39b1ddd6764bba994883c1faaba8f184b239e01
[2m2025-12-10T10:10:21.365533Z[0m [34mDEBUG[0m [2mhyper::proto::h1::io[0m[2m:[0m parsed 4 headers
[2m2025-12-10T10:10:21.365545Z[0m [34mDEBUG[0m [2mhyper::proto::h1::conn[0m[2m:[0m incoming body is content-length (45 bytes)
[2m2025-12-10T10:10:21.365552Z[0m [34mDEBUG[0m [2mhyper::proto::h1::conn[0m[2m:[0m incoming body completed
[2m2025-12-10T10:10:21.365559Z[0m [34mDEBUG[0m [2mhyper::client::pool[0m[2m:[0m pooling idle connection for ("http", 192.168.0.14:8545)
[2m2025-12-10T10:10:21.398603Z[0m [34mDEBUG[0m [2mhyper::client::pool[0m[2m:[0m reuse idle connection for ("http", 192.168.0.14:8545)
[2m2025-12-10T10:10:21.398659Z[0m [34mDEBUG[0m [2mhyper::proto::h1::io[0m[2m:[0m flushed 172 bytes
[2m2025-12-10T10:10:21.405251Z[0m [34mDEBUG[0m [2mhyper::proto::h1::io[0m[2m:[0m parsed 4 headers
[2m2025-12-10T10:10:21.405276Z[0m [34mDEBUG[0m [2mhyper::proto::h1::conn[0m[2m:[0m incoming body is content-length (45 bytes)
[2m2025-12-10T10:10:21.405285Z[0m [34mDEBUG[0m [2mhyper::proto::h1::conn[0m[2m:[0m incoming body completed
[2m2025-12-10T10:10:21.405296Z[0m [34mDEBUG[0m [2mhyper::client::pool[0m[2m:[0m pooling idle connection for ("http", 192.168.0.14:8545)
[2m2025-12-10T10:10:21.405312Z[0m [34mDEBUG[0m [2mhyper::proto::h1::io[0m[2m:[0m parsed 4 headers
[2m2025-12-10T10:10:21.405318Z[0m [34mDEBUG[0m [2mhyper::proto::h1::conn[0m[2m:[0m incoming body is content-length (3793 bytes)
[2m2025-12-10T10:10:21.405324Z[0m [34mDEBUG[0m [2mhyper::proto::h1::conn[0m[2m:[0m incoming body completed
[2m2025-12-10T10:10:21.405333Z[0m [34mDEBUG[0m [2mhyper::client::pool[0m[2m:[0m pooling idle connection for ("http", 192.168.0.14:8545)
[2m2025-12-10T10:10:21.405339Z[0m [34mDEBUG[0m [2methereum_transaction_pool_monitor::eth_client[0m[2m:[0m 📡 Transaction fetch RPC completed in 43.393125ms
[2m2025-12-10T10:10:21.435315Z[0m [34mDEBUG[0m [2methereum_transaction_pool_monitor::eth_client[0m[2m:[0m 📨 Received WebSocket message: {"jsonrpc":"2.0","method":"eth_subscription","params":{"subscription":"0xbed0a0851463e895960a451075a301a9","result":"0x5da626876b0d28ffaff1f5e761c2b4d94ba642778376bd2812bffeb3a14ea05c"}}
[2m2025-12-10T10:10:21.435364Z[0m [34mDEBUG[0m [2methereum_transaction_pool_monitor::eth_client[0m[2m:[0m 📨 Received pending transaction: 0x5da626876b0d28ffaff1f5e761c2b4d94ba642778376bd2812bffeb3a14ea05c
[2m2025-12-10T10:10:21.478083Z[0m [34mDEBUG[0m [2methereum_transaction_pool_monitor::eth_client[0m[2m:[0m ✅ Transaction 0x379c9821a339ae87283c1d8b6ad300bc49ad60095695cc88993020d1029e5c97 fetched and parsed in 116.134583ms
[2m2025-12-10T10:10:21.478108Z[0m [34mDEBUG[0m [2methereum_transaction_pool_monitor::mempool_monitor[0m[2m:[0m 🔍 Skipping tx 0x379c9821a339ae87283c1d8b6ad300bc49ad60095695cc88993020d1029e5c97 - not a DEX interaction (target: 0xF338cad020D506e8e3d9B4854986E0EcE6C23640)
[2m2025-12-10T10:10:21.478118Z[0m [34mDEBUG[0m [2methereum_transaction_pool_monitor::mempool_monitor[0m[2m:[0m 📨 Processing new pending transaction: 0xd73435b08a0b378aa0347cf122d126d7ab1f2c04f34ddec17737e5943d4c6a7c
[2m2025-12-10T10:10:21.478125Z[0m [34mDEBUG[0m [2methereum_transaction_pool_monitor::mempool_monitor[0m[2m:[0m 🔍 Fetching transaction details for: 0xd73435b08a0b378aa0347cf122d126d7ab1f2c04f34ddec17737e5943d4c6a7c
[2m2025-12-10T10:10:21.478131Z[0m [34mDEBUG[0m [2methereum_transaction_pool_monitor::eth_client[0m[2m:[0m 🔍 Fetching transaction details for hash: 0xd73435b08a0b378aa0347cf122d126d7ab1f2c04f34ddec17737e5943d4c6a7c
[2m2025-12-10T10:10:21.478150Z[0m [34mDEBUG[0m [2mhyper::client::pool[0m[2m:[0m reuse idle connection for ("http", 192.168.0.14:8545)
[2m2025-12-10T10:10:21.478188Z[0m [34mDEBUG[0m [2mhyper::proto::h1::io[0m[2m:[0m flushed 250 bytes
[2m2025-12-10T10:10:21.482269Z[0m [34mDEBUG[0m [2mhyper::proto::h1::io[0m[2m:[0m parsed 4 headers
[2m2025-12-10T10:10:21.482275Z[0m [34mDEBUG[0m [2mhyper::proto::h1::conn[0m[2m:[0m incoming body is content-length (830 bytes)
[2m2025-12-10T10:10:21.482282Z[0m [34mDEBUG[0m [2mhyper::proto::h1::conn[0m[2m:[0m incoming body completed
[2m2025-12-10T10:10:21.482289Z[0m [34mDEBUG[0m [2mhyper::client::pool[0m[2m:[0m pooling idle connection for ("http", 192.168.0.14:8545)
[2m2025-12-10T10:10:21.482294Z[0m [34mDEBUG[0m [2methereum_transaction_pool_monitor::eth_client[0m[2m:[0m 📡 Transaction fetch RPC completed in 4.157458ms
[2m2025-12-10T10:10:21.554082Z[0m [34mDEBUG[0m [2methereum_transaction_pool_monitor::eth_client[0m[2m:[0m ✅ Transaction 0xd73435b08a0b378aa0347cf122d126d7ab1f2c04f34ddec17737e5943d4c6a7c fetched and parsed in 75.942083ms
[2m2025-12-10T10:10:21.554114Z[0m [34mDEBUG[0m [2methereum_transaction_pool_monitor::mempool_monitor[0m[2m:[0m 🔍 Skipping tx 0xd73435b08a0b378aa0347cf122d126d7ab1f2c04f34ddec17737e5943d4c6a7c - not a DEX interaction (target: 0x3B4D794a66304F130a4Db8F2551B0070dfCf5ca7)
[2m2025-12-10T10:10:21.554126Z[0m [34mDEBUG[0m [2methereum_transaction_pool_monitor::mempool_monitor[0m[2m:[0m 📨 Processing new pending transaction: 0x20512b93c4c5b4c9fafeaebb0b673f2bcab0e7bf6a81e26a8c950debf34e4304
[2m2025-12-10T10:10:21.554135Z[0m [34mDEBUG[0m [2methereum_transaction_pool_monitor::mempool_monitor[0m[2m:[0m 🔍 Fetching transaction details for: 0x20512b93c4c5b4c9fafeaebb0b673f2bcab0e7bf6a81e26a8c950debf34e4304
[2m2025-12-10T10:10:21.554143Z[0m [34mDEBUG[0m [2methereum_transaction_pool_monitor::eth_client[0m[2m:[0m 🔍 Fetching transaction details for hash: 0x20512b93c4c5b4c9fafeaebb0b673f2bcab0e7bf6a81e26a8c950debf34e4304
[2m2025-12-10T10:10:21.554165Z[0m [34mDEBUG[0m [2mhyper::client::pool[0m[2m:[0m reuse idle connection for ("http", 192.168.0.14:8545)
[2m2025-12-10T10:10:21.554206Z[0m [34mDEBUG[0m [2mhyper::proto::h1::io[0m[2m:[0m flushed 250 bytes
[2m2025-12-10T10:10:21.554231Z[0m [34mDEBUG[0m [2mhyper::client::pool[0m[2m:[0m reuse idle connection for ("http", 192.168.0.14:8545)
[2m2025-12-10T10:10:21.554250Z[0m [34mDEBUG[0m [2mhyper::proto::h1::io[0m[2m:[0m flushed 172 bytes
[2m2025-12-10T10:10:21.554282Z[0m [34mDEBUG[0m [2methereum_transaction_pool_monitor::eth_client[0m[2m:[0m 📨 Received WebSocket message: {"jsonrpc":"2.0","method":"eth_subscription","params":{"subscription":"0xbed0a0851463e895960a451075a301a9","result":"0x62a5bae2518a8fabd3da7ba16bfed80b9ab62f265ffcbee58f66c52f5f4dbdbf"}}
[2m2025-12-10T10:10:21.554293Z[0m [34mDEBUG[0m [2methereum_transaction_pool_monitor::eth_client[0m[2m:[0m 📨 Received pending transaction: 0x62a5bae2518a8fabd3da7ba16bfed80b9ab62f265ffcbee58f66c52f5f4dbdbf
[2m2025-12-10T10:10:21.557861Z[0m [34mDEBUG[0m [2mhyper::proto::h1::io[0m[2m:[0m parsed 4 headers
[2m2025-12-10T10:10:21.557870Z[0m [34mDEBUG[0m [2mhyper::proto::h1::conn[0m[2m:[0m incoming body is content-length (45 bytes)
[2m2025-12-10T10:10:21.557877Z[0m [34mDEBUG[0m [2mhyper::proto::h1::conn[0m[2m:[0m incoming body completed
[2m2025-12-10T10:10:21.557887Z[0m [34mDEBUG[0m [2mhyper::client::pool[0m[2m:[0m pooling idle connection for ("http", 192.168.0.14:8545)
[2m2025-12-10T10:10:21.557906Z[0m [34mDEBUG[0m [2mhyper::proto::h1::io[0m[2m:[0m parsed 4 headers
[2m2025-12-10T10:10:21.557914Z[0m [34mDEBUG[0m [2mhyper::proto::h1::conn[0m[2m:[0m incoming body is content-length (2718 bytes)
[2m2025-12-10T10:10:21.557920Z[0m [34mDEBUG[0m [2mhyper::proto::h1::conn[0m[2m:[0m incoming body completed
[2m2025-12-10T10:10:21.557926Z[0m [34mDEBUG[0m [2mhyper::client::pool[0m[2m:[0m pooling idle connection for ("http", 192.168.0.14:8545)
[2m2025-12-10T10:10:21.557930Z[0m [34mDEBUG[0m [2methereum_transaction_pool_monitor::eth_client[0m[2m:[0m 📡 Transaction fetch RPC completed in 3.7825ms
[2m2025-12-10T10:10:21.630506Z[0m [34mDEBUG[0m [2methereum_transaction_pool_monitor::eth_client[0m[2m:[0m ✅ Transaction 0x20512b93c4c5b4c9fafeaebb0b673f2bcab0e7bf6a81e26a8c950debf34e4304 fetched and parsed in 76.355833ms
[2m2025-12-10T10:10:21.630532Z[0m [34mDEBUG[0m [2methereum_transaction_pool_monitor::mempool_monitor[0m[2m:[0m 🔍 Skipping tx 0x20512b93c4c5b4c9fafeaebb0b673f2bcab0e7bf6a81e26a8c950debf34e4304 - not a DEX interaction (target: 0xd72a6BA4a87DDB33e801b3f1c7750b2d0911fC6C)
[2m2025-12-10T10:10:21.630543Z[0m [34mDEBUG[0m [2methereum_transaction_pool_monitor::mempool_monitor[0m[2m:[0m 📨 Processing new pending transaction: 0x7594af175b35d140e7a36a55e4047c9dd8dd0e93fa22e96a5973f0617aaf1c19
[2m2025-12-10T10:10:21.630550Z[0m [34mDEBUG[0m [2methereum_transaction_pool_monitor::mempool_monitor[0m[2m:[0m 🔍 Fetching transaction details for: 0x7594af175b35d140e7a36a55e4047c9dd8dd0e93fa22e96a5973f0617aaf1c19
[2m2025-12-10T10:10:21.630556Z[0m [34mDEBUG[0m [2methereum_transaction_pool_monitor::eth_client[0m[2m:[0m 🔍 Fetching transaction details for hash: 0x7594af175b35d140e7a36a55e4047c9dd8dd0e93fa22e96a5973f0617aaf1c19
[2m2025-12-10T10:10:21.630575Z[0m [34mDEBUG[0m [2mhyper::client::pool[0m[2m:[0m reuse idle connection for ("http", 192.168.0.14:8545)
[2m2025-12-10T10:10:21.630613Z[0m [34mDEBUG[0m [2mhyper::proto::h1::io[0m[2m:[0m flushed 250 bytes
[2m2025-12-10T10:10:21.630632Z[0m [34mDEBUG[0m [2mhyper::client::pool[0m[2m:[0m reuse idle connection for ("http", 192.168.0.14:8545)
[2m2025-12-10T10:10:21.630644Z[0m [34mDEBUG[0m [2mhyper::proto::h1::io[0m[2m:[0m flushed 172 bytes
[2m2025-12-10T10:10:21.630684Z[0m [34mDEBUG[0m [2methereum_transaction_pool_monitor::eth_client[0m[2m:[0m 📨 Received WebSocket message: {"jsonrpc":"2.0","method":"eth_subscription","params":{"subscription":"0xbed0a0851463e895960a451075a301a9","result":"0x7dc49c806ee4ffe74f2a11f288ab297dd274ce67f711c8c5ac89e729ca78a8c5"}}
[2m2025-12-10T10:10:21.630694Z[0m [34mDEBUG[0m [2methereum_transaction_pool_monitor::eth_client[0m[2m:[0m 📨 Received pending transaction: 0x7dc49c806ee4ffe74f2a11f288ab297dd274ce67f711c8c5ac89e729ca78a8c5
[2m2025-12-10T10:10:21.643526Z[0m [34mDEBUG[0m [2mhyper::proto::h1::io[0m[2m:[0m parsed 4 headers
[2m2025-12-10T10:10:21.643602Z[0m [34mDEBUG[0m [2mhyper::proto::h1::conn[0m[2m:[0m incoming body is content-length (1152 bytes)
[2m2025-12-10T10:10:21.643615Z[0m [34mDEBUG[0m [2mhyper::proto::h1::conn[0m[2m:[0m incoming body completed
[2m2025-12-10T10:10:21.643629Z[0m [34mDEBUG[0m [2mhyper::client::pool[0m[2m:[0m pooling idle connection for ("http", 192.168.0.14:8545)
[2m2025-12-10T10:10:21.643638Z[0m [34mDEBUG[0m [2methereum_transaction_pool_monitor::eth_client[0m[2m:[0m 📡 Transaction fetch RPC completed in 13.07725ms
[2m2025-12-10T10:10:21.643657Z[0m [34mDEBUG[0m [2methereum_transaction_pool_monitor::eth_client[0m[2m:[0m DeFi transaction detected - Address: 0x7a250d5630b4cf539739df2c5dacb4c659f2488d, Type: DexRouter, Value: 0 ETH, Gas: 0.23 Gwei
[2m2025-12-10T10:10:21.643670Z[0m [34mDEBUG[0m [2methereum_transaction_pool_monitor::eth_client[0m[2m:[0m ✅ Transaction 0x7594af175b35d140e7a36a55e4047c9dd8dd0e93fa22e96a5973f0617aaf1c19 fetched and parsed in 13.109041ms
[2m2025-12-10T10:10:21.643678Z[0m [34mDEBUG[0m [2methereum_transaction_pool_monitor::mempool_monitor[0m[2m:[0m 🔍 Skipping tx 0x7594af175b35d140e7a36a55e4047c9dd8dd0e93fa22e96a5973f0617aaf1c19 - not a DEX interaction (target: 0x7a250d5630B4cF539739dF2C5dAcb4c659F2488D)
[2m2025-12-10T10:10:21.643687Z[0m [34mDEBUG[0m [2methereum_transaction_pool_monitor::mempool_monitor[0m[2m:[0m 📨 Processing new pending transaction: 0x70c0959bdd10aefe38e5df151ca8f12710001b9b61d3c8addecb0ad34ba46549
[2m2025-12-10T10:10:21.643693Z[0m [34mDEBUG[0m [2methereum_transaction_pool_monitor::mempool_monitor[0m[2m:[0m 🔍 Fetching transaction details for: 0x70c0959bdd10aefe38e5df151ca8f12710001b9b61d3c8addecb0ad34ba46549
[2m2025-12-10T10:10:21.643699Z[0m [34mDEBUG[0m [2methereum_transaction_pool_monitor::eth_client[0m[2m:[0m 🔍 Fetching transaction details for hash: 0x70c0959bdd10aefe38e5df151ca8f12710001b9b61d3c8addecb0ad34ba46549
[2m2025-12-10T10:10:21.643716Z[0m [34mDEBUG[0m [2mhyper::client::pool[0m[2m:[0m reuse idle connection for ("http", 192.168.0.14:8545)
[2m2025-12-10T10:10:21.643740Z[0m [34mDEBUG[0m [2mhyper::proto::h1::io[0m[2m:[0m flushed 250 bytes
[2m2025-12-10T10:10:21.643752Z[0m [34mDEBUG[0m [2mhyper::proto::h1::io[0m[2m:[0m parsed 4 headers
[2m2025-12-10T10:10:21.643757Z[0m [34mDEBUG[0m [2mhyper::proto::h1::conn[0m[2m:[0m incoming body is content-length (45 bytes)
[2m2025-12-10T10:10:21.643763Z[0m [34mDEBUG[0m [2mhyper::proto::h1::conn[0m[2m:[0m incoming body completed
[2m2025-12-10T10:10:21.643769Z[0m [34mDEBUG[0m [2mhyper::client::pool[0m[2m:[0m pooling idle connection for ("http", 192.168.0.14:8545)
[2m2025-12-10T10:10:21.648037Z[0m [34mDEBUG[0m [2methereum_transaction_pool_monitor::eth_client[0m[2m:[0m 📨 Received WebSocket message: {"jsonrpc":"2.0","method":"eth_subscription","params":{"subscription":"0xbed0a0851463e895960a451075a301a9","result":"0x6118114829072ac5cf661d85fb7f2174dda2ef263a1cfaf689fba06da07d9035"}}
[2m2025-12-10T10:10:21.648049Z[0m [34mDEBUG[0m [2methereum_transaction_pool_monitor::eth_client[0m[2m:[0m 📨 Received pending transaction: 0x6118114829072ac5cf661d85fb7f2174dda2ef263a1cfaf689fba06da07d9035
[2m2025-12-10T10:10:21.654647Z[0m [34mDEBUG[0m [2mhyper::proto::h1::io[0m[2m:[0m parsed 4 headers
[2m2025-12-10T10:10:21.654656Z[0m [34mDEBUG[0m [2mhyper::proto::h1::conn[0m[2m:[0m incoming body is content-length (679 bytes)
[2m2025-12-10T10:10:21.654662Z[0m [34mDEBUG[0m [2mhyper::proto::h1::conn[0m[2m:[0m incoming body completed
[2m2025-12-10T10:10:21.654671Z[0m [34mDEBUG[0m [2mhyper::client::pool[0m[2m:[0m pooling idle connection for ("http", 192.168.0.14:8545)
[2m2025-12-10T10:10:21.654677Z[0m [34mDEBUG[0m [2methereum_transaction_pool_monitor::eth_client[0m[2m:[0m 📡 Transaction fetch RPC completed in 10.974ms
[2m2025-12-10T10:10:21.654689Z[0m [34mDEBUG[0m [2methereum_transaction_pool_monitor::eth_client[0m[2m:[0m DeFi transaction detected - Address: 0xdac17f958d2ee523a2206206994597c13d831ec7, Type: Stablecoin, Value: 0 ETH, Gas: 0.22 Gwei
[2m2025-12-10T10:10:21.654701Z[0m [34mDEBUG[0m [2methereum_transaction_pool_monitor::eth_client[0m[2m:[0m ✅ Transaction 0x70c0959bdd10aefe38e5df151ca8f12710001b9b61d3c8addecb0ad34ba46549 fetched and parsed in 10.997541ms
[2m2025-12-10T10:10:21.654706Z[0m [34mDEBUG[0m [2methereum_transaction_pool_monitor::mempool_monitor[0m[2m:[0m 🔍 Skipping tx 0x70c0959bdd10aefe38e5df151ca8f12710001b9b61d3c8addecb0ad34ba46549 - not a DEX interaction (target: 0xdAC17F958D2ee523a2206206994597C13D831ec7)
[2m2025-12-10T10:10:21.654712Z[0m [34mDEBUG[0m [2methereum_transaction_pool_monitor::mempool_monitor[0m[2m:[0m 📨 Processing new pending transaction: 0x169dd1ee2d090c8c34ea9c2fba1769a4a896506ffa25e2b54dc29ec73a396640
[2m2025-12-10T10:10:21.654716Z[0m [34mDEBUG[0m [2methereum_transaction_pool_monitor::mempool_monitor[0m[2m:[0m 🔍 Fetching transaction details for: 0x169dd1ee2d090c8c34ea9c2fba1769a4a896506ffa25e2b54dc29ec73a396640
[2m2025-12-10T10:10:21.654719Z[0m [34mDEBUG[0m [2methereum_transaction_pool_monitor::eth_client[0m[2m:[0m 🔍 Fetching transaction details for hash: 0x169dd1ee2d090c8c34ea9c2fba1769a4a896506ffa25e2b54dc29ec73a396640
[2m2025-12-10T10:10:21.654731Z[0m [34mDEBUG[0m [2mhyper::client::pool[0m[2m:[0m reuse idle connection for ("http", 192.168.0.14:8545)
[2m2025-12-10T10:10:21.654750Z[0m [34mDEBUG[0m [2mhyper::proto::h1::io[0m[2m:[0m flushed 250 bytes
[2m2025-12-10T10:10:21.658995Z[0m [34mDEBUG[0m [2mhyper::proto::h1::io[0m[2m:[0m parsed 4 headers
[2m2025-12-10T10:10:21.659000Z[0m [34mDEBUG[0m [2mhyper::proto::h1::conn[0m[2m:[0m incoming body is content-length (651 bytes)
[2m2025-12-10T10:10:21.659005Z[0m [34mDEBUG[0m [2mhyper::proto::h1::conn[0m[2m:[0m incoming body completed
[2m2025-12-10T10:10:21.659010Z[0m [34mDEBUG[0m [2mhyper::client::pool[0m[2m:[0m pooling idle connection for ("http", 192.168.0.14:8545)
[2m2025-12-10T10:10:21.659014Z[0m [34mDEBUG[0m [2methereum_transaction_pool_monitor::eth_client[0m[2m:[0m 📡 Transaction fetch RPC completed in 4.291208ms
[2m2025-12-10T10:10:21.732003Z[0m [34mDEBUG[0m [2methereum_transaction_pool_monitor::eth_client[0m[2m:[0m ✅ Transaction 0x169dd1ee2d090c8c34ea9c2fba1769a4a896506ffa25e2b54dc29ec73a396640 fetched and parsed in 77.277583ms
[2m2025-12-10T10:10:21.734716Z[0m [34mDEBUG[0m [2methereum_transaction_pool_monitor::mempool_monitor[0m[2m:[0m 🔍 Skipping tx 0x169dd1ee2d090c8c34ea9c2fba1769a4a896506ffa25e2b54dc29ec73a396640 - not a DEX interaction (target: 0x4BA5Cc9F6c64E6eb6908230b7A9Cecf194Aad6AA)
[2m2025-12-10T10:10:21.734732Z[0m [34mDEBUG[0m [2methereum_transaction_pool_monitor::mempool_monitor[0m[2m:[0m 📨 Processing new pending transaction: 0x5155e402a2c333727300df0c5a5d4fe2a39b4ce1ade6305f2d91723379f1eb68
[2m2025-12-10T10:10:21.734745Z[0m [34mDEBUG[0m [2methereum_transaction_pool_monitor::mempool_monitor[0m[2m:[0m 🔍 Fetching transaction details for: 0x5155e402a2c333727300df0c5a5d4fe2a39b4ce1ade6305f2d91723379f1eb68
[2m2025-12-10T10:10:21.734752Z[0m [34mDEBUG[0m [2methereum_transaction_pool_monitor::eth_client[0m[2m:[0m 🔍 Fetching transaction details for hash: 0x5155e402a2c333727300df0c5a5d4fe2a39b4ce1ade6305f2d91723379f1eb68
[2m2025-12-10T10:10:21.734774Z[0m [34mDEBUG[0m [2mhyper::client::pool[0m[2m:[0m reuse idle connection for ("http", 192.168.0.14:8545)
[2m2025-12-10T10:10:21.734827Z[0m [34mDEBUG[0m [2mhyper::proto::h1::io[0m[2m:[0m flushed 250 bytes
[2m2025-12-10T10:10:21.734849Z[0m [34mDEBUG[0m [2mhyper::client::pool[0m[2m:[0m reuse idle connection for ("http", 192.168.0.14:8545)
[2m2025-12-10T10:10:21.734865Z[0m [34mDEBUG[0m [2mhyper::proto::h1::io[0m[2m:[0m flushed 172 bytes
[2m2025-12-10T10:10:21.734915Z[0m [34mDEBUG[0m [2methereum_transaction_pool_monitor::eth_client[0m[2m:[0m 📨 Received WebSocket message: {"jsonrpc":"2.0","method":"eth_subscription","params":{"subscription":"0xbed0a0851463e895960a451075a301a9","result":"0x65c628be9fd78b7baa65d40cf872a17a1c9cf911895eb338dea02d10ff9fb959"}}
[2m2025-12-10T10:10:21.734926Z[0m [34mDEBUG[0m [2methereum_transaction_pool_monitor::eth_client[0m[2m:[0m 📨 Received pending transaction: 0x65c628be9fd78b7baa65d40cf872a17a1c9cf911895eb338dea02d10ff9fb959
[2m2025-12-10T10:10:21.738554Z[0m [34mDEBUG[0m [2mhyper::proto::h1::io[0m[2m:[0m parsed 4 headers
[2m2025-12-10T10:10:21.738567Z[0m [34mDEBUG[0m [2mhyper::proto::h1::conn[0m[2m:[0m incoming body is content-length (45 bytes)
[2m2025-12-10T10:10:21.738574Z[0m [34mDEBUG[0m [2mhyper::proto::h1::conn[0m[2m:[0m incoming body completed
[2m2025-12-10T10:10:21.738582Z[0m [34mDEBUG[0m [2mhyper::client::pool[0m[2m:[0m pooling idle connection for ("http", 192.168.0.14:8545)
[2m2025-12-10T10:10:21.738802Z[0m [34mDEBUG[0m [2mhyper::proto::h1::io[0m[2m:[0m parsed 4 headers
[2m2025-12-10T10:10:21.738812Z[0m [34mDEBUG[0m [2mhyper::proto::h1::conn[0m[2m:[0m incoming body is content-length (761 bytes)
[2m2025-12-10T10:10:21.738818Z[0m [34mDEBUG[0m [2mhyper::proto::h1::conn[0m[2m:[0m incoming body completed
[2m2025-12-10T10:10:21.738824Z[0m [34mDEBUG[0m [2mhyper::client::pool[0m[2m:[0m pooling idle connection for ("http", 192.168.0.14:8545)
[2m2025-12-10T10:10:21.738829Z[0m [34mDEBUG[0m [2methereum_transaction_pool_monitor::eth_client[0m[2m:[0m 📡 Transaction fetch RPC completed in 4.069458ms
[2m2025-12-10T10:10:21.811041Z[0m [34mDEBUG[0m [2methereum_transaction_pool_monitor::eth_client[0m[2m:[0m ✅ Transaction 0x5155e402a2c333727300df0c5a5d4fe2a39b4ce1ade6305f2d91723379f1eb68 fetched and parsed in 76.278458ms
[2m2025-12-10T10:10:21.811070Z[0m [34mDEBUG[0m [2methereum_transaction_pool_monitor::mempool_monitor[0m[2m:[0m 🔍 Skipping tx 0x5155e402a2c333727300df0c5a5d4fe2a39b4ce1ade6305f2d91723379f1eb68 - not a DEX interaction (target: 0xA0b86991c6218b36c1d19D4a2e9Eb0cE3606eB48)
[2m2025-12-10T10:10:21.811080Z[0m [34mDEBUG[0m [2methereum_transaction_pool_monitor::mempool_monitor[0m[2m:[0m 📨 Processing new pending transaction: 0x6217ec5904ab93a4da0b95a621cf25c5c4b7623e7f1a00f56662b74770273064
[2m2025-12-10T10:10:21.811095Z[0m [34mDEBUG[0m [2methereum_transaction_pool_monitor::mempool_monitor[0m[2m:[0m 🔍 Fetching transaction details for: 0x6217ec5904ab93a4da0b95a621cf25c5c4b7623e7f1a00f56662b74770273064
[2m2025-12-10T10:10:21.811102Z[0m [34mDEBUG[0m [2methereum_transaction_pool_monitor::eth_client[0m[2m:[0m 🔍 Fetching transaction details for hash: 0x6217ec5904ab93a4da0b95a621cf25c5c4b7623e7f1a00f56662b74770273064
[2m2025-12-10T10:10:21.811119Z[0m [34mDEBUG[0m [2mhyper::client::pool[0m[2m:[0m reuse idle connection for ("http", 192.168.0.14:8545)
[2m2025-12-10T10:10:21.811163Z[0m [34mDEBUG[0m [2mhyper::proto::h1::io[0m[2m:[0m flushed 250 bytes
[2m2025-12-10T10:10:21.811181Z[0m [34mDEBUG[0m [2mhyper::client::pool[0m[2m:[0m reuse idle connection for ("http", 192.168.0.14:8545)
[2m2025-12-10T10:10:21.811192Z[0m [34mDEBUG[0m [2methereum_transaction_pool_monitor::eth_client[0m[2m:[0m 📨 Received WebSocket message: {"jsonrpc":"2.0","method":"eth_subscription","params":{"subscription":"0xbed0a0851463e895960a451075a301a9","result":"0x197b80f5f5909869d3dac0146a3222697adb7c42d77f7a388b0a61634cbb6180"}}
[2m2025-12-10T10:10:21.811197Z[0m [34mDEBUG[0m [2mhyper::proto::h1::io[0m[2m:[0m flushed 172 bytes
[2m2025-12-10T10:10:21.811206Z[0m [34mDEBUG[0m [2methereum_transaction_pool_monitor::eth_client[0m[2m:[0m 📨 Received pending transaction: 0x197b80f5f5909869d3dac0146a3222697adb7c42d77f7a388b0a61634cbb6180
[2m2025-12-10T10:10:21.816426Z[0m [34mDEBUG[0m [2mhyper::proto::h1::io[0m[2m:[0m parsed 4 headers
[2m2025-12-10T10:10:21.816437Z[0m [34mDEBUG[0m [2mhyper::proto::h1::conn[0m[2m:[0m incoming body is content-length (45 bytes)
[2m2025-12-10T10:10:21.816449Z[0m [34mDEBUG[0m [2mhyper::proto::h1::conn[0m[2m:[0m incoming body completed
[2m2025-12-10T10:10:21.816460Z[0m [34mDEBUG[0m [2mhyper::client::pool[0m[2m:[0m pooling idle connection for ("http", 192.168.0.14:8545)
[2m2025-12-10T10:10:21.821324Z[0m [34mDEBUG[0m [2mhyper::proto::h1::io[0m[2m:[0m parsed 4 headers
[2m2025-12-10T10:10:21.821330Z[0m [34mDEBUG[0m [2mhyper::proto::h1::conn[0m[2m:[0m incoming body is content-length (830 bytes)
[2m2025-12-10T10:10:21.821336Z[0m [34mDEBUG[0m [2mhyper::proto::h1::conn[0m[2m:[0m incoming body completed
[2m2025-12-10T10:10:21.821343Z[0m [34mDEBUG[0m [2mhyper::client::pool[0m[2m:[0m pooling idle connection for ("http", 192.168.0.14:8545)
[2m2025-12-10T10:10:21.821348Z[0m [34mDEBUG[0m [2methereum_transaction_pool_monitor::eth_client[0m[2m:[0m 📡 Transaction fetch RPC completed in 10.240833ms
[2m2025-12-10T10:10:21.892902Z[0m [34mDEBUG[0m [2methereum_transaction_pool_monitor::eth_client[0m[2m:[0m ✅ Transaction 0x6217ec5904ab93a4da0b95a621cf25c5c4b7623e7f1a00f56662b74770273064 fetched and parsed in 81.792ms
[2m2025-12-10T10:10:21.892927Z[0m [34mDEBUG[0m [2methereum_transaction_pool_monitor::mempool_monitor[0m[2m:[0m 🔍 Skipping tx 0x6217ec5904ab93a4da0b95a621cf25c5c4b7623e7f1a00f56662b74770273064 - not a DEX interaction (target: 0x3B4D794a66304F130a4Db8F2551B0070dfCf5ca7)
[2m2025-12-10T10:10:21.892938Z[0m [34mDEBUG[0m [2methereum_transaction_pool_monitor::mempool_monitor[0m[2m:[0m 📨 Processing new pending transaction: 0x3cd743fa6e58eee4a8ddf3db80365e237d1811505a557b1b7dea4e78da977dc7
[2m2025-12-10T10:10:21.892946Z[0m [34mDEBUG[0m [2methereum_transaction_pool_monitor::mempool_monitor[0m[2m:[0m 🔍 Fetching transaction details for: 0x3cd743fa6e58eee4a8ddf3db80365e237d1811505a557b1b7dea4e78da977dc7
[2m2025-12-10T10:10:21.892951Z[0m [34mDEBUG[0m [2methereum_transaction_pool_monitor::eth_client[0m[2m:[0m 🔍 Fetching transaction details for hash: 0x3cd743fa6e58eee4a8ddf3db80365e237d1811505a557b1b7dea4e78da977dc7
[2m2025-12-10T10:10:21.892977Z[0m [34mDEBUG[0m [2mhyper::client::pool[0m[2m:[0m reuse idle connection for ("http", 192.168.0.14:8545)
[2m2025-12-10T10:10:21.893025Z[0m [34mDEBUG[0m [2mhyper::proto::h1::io[0m[2m:[0m flushed 250 bytes
[2m2025-12-10T10:10:21.893046Z[0m [34mDEBUG[0m [2methereum_transaction_pool_monitor::eth_client[0m[2m:[0m 📨 Received WebSocket message: {"jsonrpc":"2.0","method":"eth_subscription","params":{"subscription":"0xbed0a0851463e895960a451075a301a9","result":"0x055b8b1b1c2bbe2292e1e399ec0c47ccc04a2a5b68fbf8d659530ad7982e44a8"}}
[2m2025-12-10T10:10:21.893055Z[0m [34mDEBUG[0m [2methereum_transaction_pool_monitor::eth_client[0m[2m:[0m 📨 Received pending transaction: 0x055b8b1b1c2bbe2292e1e399ec0c47ccc04a2a5b68fbf8d659530ad7982e44a8
[2m2025-12-10T10:10:21.893060Z[0m [34mDEBUG[0m [2methereum_transaction_pool_monitor::eth_client[0m[2m:[0m 📨 Received WebSocket message: {"jsonrpc":"2.0","method":"eth_subscription","params":{"subscription":"0xbed0a0851463e895960a451075a301a9","result":"0x638c0c4e374a3eacfcfd67143dd9be5f1cbb3ea3b18fe6bbe962afb6c69a5930"}}
[2m2025-12-10T10:10:21.893066Z[0m [34mDEBUG[0m [2methereum_transaction_pool_monitor::eth_client[0m[2m:[0m 📨 Received pending transaction: 0x638c0c4e374a3eacfcfd67143dd9be5f1cbb3ea3b18fe6bbe962afb6c69a5930
[2m2025-12-10T10:10:21.898013Z[0m [34mDEBUG[0m [2mhyper::client::pool[0m[2m:[0m reuse idle connection for ("http", 192.168.0.14:8545)
[2m2025-12-10T10:10:21.898026Z[0m [34mDEBUG[0m [2methereum_transaction_pool_monitor::eth_client[0m[2m:[0m 📨 Received WebSocket message: {"jsonrpc":"2.0","method":"eth_subscription","params":{"subscription":"0xbed0a0851463e895960a451075a301a9","result":"0x95a2d7cc850c1b3deaa118a6fb7e7097c5b512c2e4f3de2691b87369ff7e368b"}}
[2m2025-12-10T10:10:21.898037Z[0m [34mDEBUG[0m [2mhyper::proto::h1::io[0m[2m:[0m flushed 172 bytes
[2m2025-12-10T10:10:21.898037Z[0m [34mDEBUG[0m [2methereum_transaction_pool_monitor::eth_client[0m[2m:[0m 📨 Received pending transaction: 0x95a2d7cc850c1b3deaa118a6fb7e7097c5b512c2e4f3de2691b87369ff7e368b
[2m2025-12-10T10:10:21.898071Z[0m [34mDEBUG[0m [2mhyper::proto::h1::io[0m[2m:[0m parsed 4 headers
[2m2025-12-10T10:10:21.898078Z[0m [34mDEBUG[0m [2mhyper::proto::h1::conn[0m[2m:[0m incoming body is content-length (771 bytes)
[2m2025-12-10T10:10:21.898093Z[0m [34mDEBUG[0m [2mhyper::proto::h1::conn[0m[2m:[0m incoming body completed
[2m2025-12-10T10:10:21.898102Z[0m [34mDEBUG[0m [2mhyper::client::pool[0m[2m:[0m pooling idle connection for ("http", 192.168.0.14:8545)
[2m2025-12-10T10:10:21.898107Z[0m [34mDEBUG[0m [2methereum_transaction_pool_monitor::eth_client[0m[2m:[0m 📡 Transaction fetch RPC completed in 5.148834ms
[2m2025-12-10T10:10:21.970285Z[0m [34mDEBUG[0m [2methereum_transaction_pool_monitor::eth_client[0m[2m:[0m ✅ Transaction 0x3cd743fa6e58eee4a8ddf3db80365e237d1811505a557b1b7dea4e78da977dc7 fetched and parsed in 77.323875ms
[2m2025-12-10T10:10:21.970314Z[0m [34mDEBUG[0m [2methereum_transaction_pool_monitor::mempool_monitor[0m[2m:[0m 🔍 Skipping tx 0x3cd743fa6e58eee4a8ddf3db80365e237d1811505a557b1b7dea4e78da977dc7 - not a DEX interaction (target: 0xB8f28C60dD8240141185a192fa4156A23E189305)
[2m2025-12-10T10:10:21.970329Z[0m [34mDEBUG[0m [2methereum_transaction_pool_monitor::mempool_monitor[0m[2m:[0m 📨 Processing new pending transaction: 0xcd50559812394a557847cd21c6b04270a927f8950d78d5c9b23d66dc345c03fd
[2m2025-12-10T10:10:21.970338Z[0m [34mDEBUG[0m [2methereum_transaction_pool_monitor::mempool_monitor[0m[2m:[0m 🔍 Fetching transaction details for: 0xcd50559812394a557847cd21c6b04270a927f8950d78d5c9b23d66dc345c03fd
[2m2025-12-10T10:10:21.970347Z[0m [34mDEBUG[0m [2methereum_transaction_pool_monitor::eth_client[0m[2m:[0m 🔍 Fetching transaction details for hash: 0xcd50559812394a557847cd21c6b04270a927f8950d78d5c9b23d66dc345c03fd
[2m2025-12-10T10:10:21.970370Z[0m [34mDEBUG[0m [2mhyper::client::pool[0m[2m:[0m reuse idle connection for ("http", 192.168.0.14:8545)
[2m2025-12-10T10:10:21.970408Z[0m [34mDEBUG[0m [2mhyper::proto::h1::io[0m[2m:[0m flushed 250 bytes
[2m2025-12-10T10:10:21.970425Z[0m [34mDEBUG[0m [2mhyper::proto::h1::io[0m[2m:[0m parsed 4 headers
[2m2025-12-10T10:10:21.970432Z[0m [34mDEBUG[0m [2mhyper::proto::h1::conn[0m[2m:[0m incoming body is content-length (45 bytes)
[2m2025-12-10T10:10:21.970440Z[0m [34mDEBUG[0m [2mhyper::proto::h1::conn[0m[2m:[0m incoming body completed
[2m2025-12-10T10:10:21.970449Z[0m [34mDEBUG[0m [2mhyper::client::pool[0m[2m:[0m pooling idle connection for ("http", 192.168.0.14:8545)
[2m2025-12-10T10:10:21.974667Z[0m [34mDEBUG[0m [2mhyper::proto::h1::io[0m[2m:[0m parsed 4 headers
[2m2025-12-10T10:10:21.974689Z[0m [34mDEBUG[0m [2mhyper::proto::h1::conn[0m[2m:[0m incoming body is content-length (650 bytes)
[2m2025-12-10T10:10:21.974696Z[0m [34mDEBUG[0m [2mhyper::proto::h1::conn[0m[2m:[0m incoming body completed
[2m2025-12-10T10:10:21.974708Z[0m [34mDEBUG[0m [2mhyper::client::pool[0m[2m:[0m pooling idle connection for ("http", 192.168.0.14:8545)
[2m2025-12-10T10:10:21.974716Z[0m [34mDEBUG[0m [2methereum_transaction_pool_monitor::eth_client[0m[2m:[0m 📡 Transaction fetch RPC completed in 4.362291ms
[2m2025-12-10T10:10:22.046021Z[0m [34mDEBUG[0m [2methereum_transaction_pool_monitor::eth_client[0m[2m:[0m ✅ Transaction 0xcd50559812394a557847cd21c6b04270a927f8950d78d5c9b23d66dc345c03fd fetched and parsed in 75.664208ms
[2m2025-12-10T10:10:22.046044Z[0m [34mDEBUG[0m [2methereum_transaction_pool_monitor::mempool_monitor[0m[2m:[0m 🔍 Skipping tx 0xcd50559812394a557847cd21c6b04270a927f8950d78d5c9b23d66dc345c03fd - not a DEX interaction (target: 0xF34e034ad4f1590b14dFF9DBee41EaDbB9B3D51D)
[2m2025-12-10T10:10:22.046054Z[0m [34mDEBUG[0m [2methereum_transaction_pool_monitor::mempool_monitor[0m[2m:[0m 📨 Processing new pending transaction: 0xdabfa5bbe2bf7ee7d8b7b6aa8f346246547760c344b3d5b18214ab6a3ddc39f6
[2m2025-12-10T10:10:22.046063Z[0m [34mDEBUG[0m [2methereum_transaction_pool_monitor::mempool_monitor[0m[2m:[0m 🔍 Fetching transaction details for: 0xdabfa5bbe2bf7ee7d8b7b6aa8f346246547760c344b3d5b18214ab6a3ddc39f6
[2m2025-12-10T10:10:22.046069Z[0m [34mDEBUG[0m [2methereum_transaction_pool_monitor::eth_client[0m[2m:[0m 🔍 Fetching transaction details for hash: 0xdabfa5bbe2bf7ee7d8b7b6aa8f346246547760c344b3d5b18214ab6a3ddc39f6
[2m2025-12-10T10:10:22.046087Z[0m [34mDEBUG[0m [2mhyper::client::pool[0m[2m:[0m reuse idle connection for ("http", 192.168.0.14:8545)
[2m2025-12-10T10:10:22.046134Z[0m [34mDEBUG[0m [2mhyper::proto::h1::io[0m[2m:[0m flushed 250 bytes
[2m2025-12-10T10:10:22.046153Z[0m [34mDEBUG[0m [2mhyper::client::pool[0m[2m:[0m reuse idle connection for ("http", 192.168.0.14:8545)
[2m2025-12-10T10:10:22.046167Z[0m [34mDEBUG[0m [2mhyper::proto::h1::io[0m[2m:[0m flushed 172 bytes
[2m2025-12-10T10:10:22.046201Z[0m [34mDEBUG[0m [2methereum_transaction_pool_monitor::eth_client[0m[2m:[0m 📨 Received WebSocket message: {"jsonrpc":"2.0","method":"eth_subscription","params":{"subscription":"0xbed0a0851463e895960a451075a301a9","result":"0xde933ca8bda4ad82acf3c8e5ef2623fbf067f268eb272825d3dafe2ac22a58d5"}}
[2m2025-12-10T10:10:22.046210Z[0m [34mDEBUG[0m [2methereum_transaction_pool_monitor::eth_client[0m[2m:[0m 📨 Received pending transaction: 0xde933ca8bda4ad82acf3c8e5ef2623fbf067f268eb272825d3dafe2ac22a58d5
[2m2025-12-10T10:10:22.046215Z[0m [34mDEBUG[0m [2methereum_transaction_pool_monitor::eth_client[0m[2m:[0m 📨 Received WebSocket message: {"jsonrpc":"2.0","method":"eth_subscription","params":{"subscription":"0xbed0a0851463e895960a451075a301a9","result":"0xf1ae74e6018f88693bb09cd12e01309a6c40ec9911cc453219b8727c5b74eed5"}}
[2m2025-12-10T10:10:22.046220Z[0m [34mDEBUG[0m [2methereum_transaction_pool_monitor::eth_client[0m[2m:[0m 📨 Received pending transaction: 0xf1ae74e6018f88693bb09cd12e01309a6c40ec9911cc453219b8727c5b74eed5
[2m2025-12-10T10:10:22.046225Z[0m [34mDEBUG[0m [2methereum_transaction_pool_monitor::eth_client[0m[2m:[0m 📨 Received WebSocket message: {"jsonrpc":"2.0","method":"eth_subscription","params":{"subscription":"0xbed0a0851463e895960a451075a301a9","result":"0xb892de294ce3aeb8a284ec62e0470bf4fc667ae61df9a50bf7b95ea6272e377b"}}
[2m2025-12-10T10:10:22.046230Z[0m [34mDEBUG[0m [2methereum_transaction_pool_monitor::eth_client[0m[2m:[0m 📨 Received pending transaction: 0xb892de294ce3aeb8a284ec62e0470bf4fc667ae61df9a50bf7b95ea6272e377b
[2m2025-12-10T10:10:22.051786Z[0m [34mDEBUG[0m [2mhyper::proto::h1::io[0m[2m:[0m parsed 4 headers
[2m2025-12-10T10:10:22.051796Z[0m [34mDEBUG[0m [2mhyper::proto::h1::conn[0m[2m:[0m incoming body is content-length (651 bytes)
[2m2025-12-10T10:10:22.051804Z[0m [34mDEBUG[0m [2mhyper::proto::h1::conn[0m[2m:[0m incoming body completed
[2m2025-12-10T10:10:22.051813Z[0m [34mDEBUG[0m [2mhyper::client::pool[0m[2m:[0m pooling idle connection for ("http", 192.168.0.14:8545)
[2m2025-12-10T10:10:22.051820Z[0m [34mDEBUG[0m [2methereum_transaction_pool_monitor::eth_client[0m[2m:[0m 📡 Transaction fetch RPC completed in 5.746667ms
[2m2025-12-10T10:10:22.122435Z[0m [34mDEBUG[0m [2methereum_transaction_pool_monitor::eth_client[0m[2m:[0m ✅ Transaction 0xdabfa5bbe2bf7ee7d8b7b6aa8f346246547760c344b3d5b18214ab6a3ddc39f6 fetched and parsed in 76.358792ms
[2m2025-12-10T10:10:22.122462Z[0m [34mDEBUG[0m [2methereum_transaction_pool_monitor::mempool_monitor[0m[2m:[0m 🔍 Skipping tx 0xdabfa5bbe2bf7ee7d8b7b6aa8f346246547760c344b3d5b18214ab6a3ddc39f6 - not a DEX interaction (target: 0xa5c42B2ff356707b6C8b59afd4d178be4D145463)
[2m2025-12-10T10:10:22.122471Z[0m [34mDEBUG[0m [2methereum_transaction_pool_monitor::mempool_monitor[0m[2m:[0m 📨 Processing new pending transaction: 0x7c6de299449d247f112e3ab069f27411ebefe9a8f73f5fdb7793d39a34ebe49a
[2m2025-12-10T10:10:22.122477Z[0m [34mDEBUG[0m [2methereum_transaction_pool_monitor::mempool_monitor[0m[2m:[0m 🔍 Fetching transaction details for: 0x7c6de299449d247f112e3ab069f27411ebefe9a8f73f5fdb7793d39a34ebe49a
[2m2025-12-10T10:10:22.122483Z[0m [34mDEBUG[0m [2methereum_transaction_pool_monitor::eth_client[0m[2m:[0m 🔍 Fetching transaction details for hash: 0x7c6de299449d247f112e3ab069f27411ebefe9a8f73f5fdb7793d39a34ebe49a
[2m2025-12-10T10:10:22.122500Z[0m [34mDEBUG[0m [2mhyper::client::pool[0m[2m:[0m reuse idle connection for ("http", 192.168.0.14:8545)
[2m2025-12-10T10:10:22.122546Z[0m [34mDEBUG[0m [2mhyper::proto::h1::io[0m[2m:[0m flushed 250 bytes
[2m2025-12-10T10:10:22.122569Z[0m [34mDEBUG[0m [2methereum_transaction_pool_monitor::eth_client[0m[2m:[0m 📨 Received WebSocket message: {"jsonrpc":"2.0","method":"eth_subscription","params":{"subscription":"0xbed0a0851463e895960a451075a301a9","result":"0xf2a406e6b7f367d8531d10b34fe35655633babf40084ff749435c2658a3d9a2f"}}
[2m2025-12-10T10:10:22.122579Z[0m [34mDEBUG[0m [2methereum_transaction_pool_monitor::eth_client[0m[2m:[0m 📨 Received pending transaction: 0xf2a406e6b7f367d8531d10b34fe35655633babf40084ff749435c2658a3d9a2f
[2m2025-12-10T10:10:22.122586Z[0m [34mDEBUG[0m [2methereum_transaction_pool_monitor::eth_client[0m[2m:[0m 📨 Received WebSocket message: {"jsonrpc":"2.0","method":"eth_subscription","params":{"subscription":"0xbed0a0851463e895960a451075a301a9","result":"0x0c22a74f2511e93447f6db9919bed2c26b034eff865f114bb83e338ba91ce88d"}}
[2m2025-12-10T10:10:22.122592Z[0m [34mDEBUG[0m [2methereum_transaction_pool_monitor::eth_client[0m[2m:[0m 📨 Received pending transaction: 0x0c22a74f2511e93447f6db9919bed2c26b034eff865f114bb83e338ba91ce88d
[2m2025-12-10T10:10:22.122626Z[0m [34mDEBUG[0m [2mhyper::proto::h1::io[0m[2m:[0m parsed 4 headers
[2m2025-12-10T10:10:22.122637Z[0m [34mDEBUG[0m [2mhyper::proto::h1::conn[0m[2m:[0m incoming body is content-length (45 bytes)
[2m2025-12-10T10:10:22.122646Z[0m [34mDEBUG[0m [2mhyper::proto::h1::conn[0m[2m:[0m incoming body completed
[2m2025-12-10T10:10:22.122658Z[0m [34mDEBUG[0m [2mhyper::client::pool[0m[2m:[0m pooling idle connection for ("http", 192.168.0.14:8545)
[2m2025-12-10T10:10:22.122679Z[0m [34mDEBUG[0m [2mhyper::client::pool[0m[2m:[0m reuse idle connection for ("http", 192.168.0.14:8545)
[2m2025-12-10T10:10:22.122701Z[0m [34mDEBUG[0m [2mhyper::proto::h1::io[0m[2m:[0m flushed 172 bytes
[2m2025-12-10T10:10:22.126912Z[0m [34mDEBUG[0m [2mhyper::proto::h1::io[0m[2m:[0m parsed 4 headers
[2m2025-12-10T10:10:22.126923Z[0m [34mDEBUG[0m [2mhyper::proto::h1::conn[0m[2m:[0m incoming body is content-length (649 bytes)
[2m2025-12-10T10:10:22.126929Z[0m [34mDEBUG[0m [2mhyper::proto::h1::conn[0m[2m:[0m incoming body completed
[2m2025-12-10T10:10:22.126937Z[0m [34mDEBUG[0m [2mhyper::client::pool[0m[2m:[0m pooling idle connection for ("http", 192.168.0.14:8545)
[2m2025-12-10T10:10:22.126943Z[0m [34mDEBUG[0m [2methereum_transaction_pool_monitor::eth_client[0m[2m:[0m 📡 Transaction fetch RPC completed in 4.454458ms
[2m2025-12-10T10:10:22.197779Z[0m [34mDEBUG[0m [2methereum_transaction_pool_monitor::eth_client[0m[2m:[0m ✅ Transaction 0x7c6de299449d247f112e3ab069f27411ebefe9a8f73f5fdb7793d39a34ebe49a fetched and parsed in 75.289125ms
[2m2025-12-10T10:10:22.197813Z[0m [34mDEBUG[0m [2methereum_transaction_pool_monitor::mempool_monitor[0m[2m:[0m 🔍 Skipping tx 0x7c6de299449d247f112e3ab069f27411ebefe9a8f73f5fdb7793d39a34ebe49a - not a DEX interaction (target: 0xBECCB3e63fA9cF8b65a4d64A847D8F7fF3f5b7cA)
[2m2025-12-10T10:10:22.197828Z[0m [34mDEBUG[0m [2methereum_transaction_pool_monitor::mempool_monitor[0m[2m:[0m 📨 Processing new pending transaction: 0x97dda32aeb3dd98af76ffb1fd9c825904edc0eb609394064be139285851ea57b
[2m2025-12-10T10:10:22.197836Z[0m [34mDEBUG[0m [2methereum_transaction_pool_monitor::mempool_monitor[0m[2m:[0m 🔍 Fetching transaction details for: 0x97dda32aeb3dd98af76ffb1fd9c825904edc0eb609394064be139285851ea57b
[2m2025-12-10T10:10:22.197847Z[0m [34mDEBUG[0m [2methereum_transaction_pool_monitor::eth_client[0m[2m:[0m 🔍 Fetching transaction details for hash: 0x97dda32aeb3dd98af76ffb1fd9c825904edc0eb609394064be139285851ea57b
[2m2025-12-10T10:10:22.197867Z[0m [34mDEBUG[0m [2mhyper::client::pool[0m[2m:[0m reuse idle connection for ("http", 192.168.0.14:8545)
[2m2025-12-10T10:10:22.197906Z[0m [34mDEBUG[0m [2mhyper::proto::h1::io[0m[2m:[0m flushed 250 bytes
[2m2025-12-10T10:10:22.197928Z[0m [34mDEBUG[0m [2methereum_transaction_pool_monitor::eth_client[0m[2m:[0m 📨 Received WebSocket message: {"jsonrpc":"2.0","method":"eth_subscription","params":{"subscription":"0xbed0a0851463e895960a451075a301a9","result":"0x13ea65148247bbd520c1cc7e54d9f2c03e24035c42ed89e701a5d79b94fca913"}}
[2m2025-12-10T10:10:22.197937Z[0m [34mDEBUG[0m [2methereum_transaction_pool_monitor::eth_client[0m[2m:[0m 📨 Received pending transaction: 0x13ea65148247bbd520c1cc7e54d9f2c03e24035c42ed89e701a5d79b94fca913
[2m2025-12-10T10:10:22.197944Z[0m [34mDEBUG[0m [2methereum_transaction_pool_monitor::eth_client[0m[2m:[0m 📨 Received WebSocket message: {"jsonrpc":"2.0","method":"eth_subscription","params":{"subscription":"0xbed0a0851463e895960a451075a301a9","result":"0x25e7417bbf4367317e27175f1dfba0f182cd47f537646e53a87bb12d0e8b684a"}}
[2m2025-12-10T10:10:22.197951Z[0m [34mDEBUG[0m [2methereum_transaction_pool_monitor::eth_client[0m[2m:[0m 📨 Received pending transaction: 0x25e7417bbf4367317e27175f1dfba0f182cd47f537646e53a87bb12d0e8b684a
[2m2025-12-10T10:10:22.197993Z[0m [34mDEBUG[0m [2mhyper::proto::h1::io[0m[2m:[0m parsed 4 headers
[2m2025-12-10T10:10:22.198002Z[0m [34mDEBUG[0m [2mhyper::proto::h1::conn[0m[2m:[0m incoming body is content-length (45 bytes)
[2m2025-12-10T10:10:22.198011Z[0m [34mDEBUG[0m [2mhyper::proto::h1::conn[0m[2m:[0m incoming body completed
[2m2025-12-10T10:10:22.198022Z[0m [34mDEBUG[0m [2mhyper::client::pool[0m[2m:[0m pooling idle connection for ("http", 192.168.0.14:8545)
[2m2025-12-10T10:10:22.198041Z[0m [34mDEBUG[0m [2mhyper::client::pool[0m[2m:[0m reuse idle connection for ("http", 192.168.0.14:8545)
[2m2025-12-10T10:10:22.198057Z[0m [34mDEBUG[0m [2mhyper::proto::h1::io[0m[2m:[0m flushed 172 bytes
[2m2025-12-10T10:10:22.202194Z[0m [34mDEBUG[0m [2mhyper::proto::h1::io[0m[2m:[0m parsed 4 headers
[2m2025-12-10T10:10:22.202204Z[0m [34mDEBUG[0m [2mhyper::proto::h1::conn[0m[2m:[0m incoming body is content-length (644 bytes)
[2m2025-12-10T10:10:22.202211Z[0m [34mDEBUG[0m [2mhyper::proto::h1::conn[0m[2m:[0m incoming body completed
[2m2025-12-10T10:10:22.202219Z[0m [34mDEBUG[0m [2mhyper::client::pool[0m[2m:[0m pooling idle connection for ("http", 192.168.0.14:8545)
[2m2025-12-10T10:10:22.202225Z[0m [34mDEBUG[0m [2methereum_transaction_pool_monitor::eth_client[0m[2m:[0m 📡 Transaction fetch RPC completed in 4.371334ms
[2m2025-12-10T10:10:22.273954Z[0m [34mDEBUG[0m [2methereum_transaction_pool_monitor::eth_client[0m[2m:[0m ✅ Transaction 0x97dda32aeb3dd98af76ffb1fd9c825904edc0eb609394064be139285851ea57b fetched and parsed in 76.096625ms
[2m2025-12-10T10:10:22.273978Z[0m [34mDEBUG[0m [2methereum_transaction_pool_monitor::mempool_monitor[0m[2m:[0m 🔍 Skipping tx 0x97dda32aeb3dd98af76ffb1fd9c825904edc0eb609394064be139285851ea57b - not a DEX interaction (target: 0x5c33aB4C0988A25c88Ad36B0806c706490c04E2d)
[2m2025-12-10T10:10:22.273990Z[0m [34mDEBUG[0m [2methereum_transaction_pool_monitor::mempool_monitor[0m[2m:[0m 📨 Processing new pending transaction: 0xe5a0183eee3b9891c46cb717c7e90815e96c167a6e2f5742e92b9699b15f6a00
[2m2025-12-10T10:10:22.273997Z[0m [34mDEBUG[0m [2methereum_transaction_pool_monitor::mempool_monitor[0m[2m:[0m 🔍 Fetching transaction details for: 0xe5a0183eee3b9891c46cb717c7e90815e96c167a6e2f5742e92b9699b15f6a00
[2m2025-12-10T10:10:22.274001Z[0m [34mDEBUG[0m [2methereum_transaction_pool_monitor::eth_client[0m[2m:[0m 🔍 Fetching transaction details for hash: 0xe5a0183eee3b9891c46cb717c7e90815e96c167a6e2f5742e92b9699b15f6a00
[2m2025-12-10T10:10:22.274023Z[0m [34mDEBUG[0m [2mhyper::client::pool[0m[2m:[0m reuse idle connection for ("http", 192.168.0.14:8545)
[2m2025-12-10T10:10:22.274052Z[0m [34mDEBUG[0m [2mhyper::proto::h1::io[0m[2m:[0m flushed 250 bytes
[2m2025-12-10T10:10:22.274076Z[0m [34mDEBUG[0m [2methereum_transaction_pool_monitor::eth_client[0m[2m:[0m 📨 Received WebSocket message: {"jsonrpc":"2.0","method":"eth_subscription","params":{"subscription":"0xbed0a0851463e895960a451075a301a9","result":"0xc932d27eabccb0de93272431b94a0260647eccd998ec050497f14af13d83d734"}}
[2m2025-12-10T10:10:22.274086Z[0m [34mDEBUG[0m [2methereum_transaction_pool_monitor::eth_client[0m[2m:[0m 📨 Received pending transaction: 0xc932d27eabccb0de93272431b94a0260647eccd998ec050497f14af13d83d734
[2m2025-12-10T10:10:22.274103Z[0m [34mDEBUG[0m [2mhyper::proto::h1::io[0m[2m:[0m parsed 4 headers
[2m2025-12-10T10:10:22.274131Z[0m [34mDEBUG[0m [2mhyper::proto::h1::conn[0m[2m:[0m incoming body is content-length (45 bytes)
[2m2025-12-10T10:10:22.274159Z[0m [34mDEBUG[0m [2mhyper::proto::h1::conn[0m[2m:[0m incoming body completed
[2m2025-12-10T10:10:22.274187Z[0m [34mDEBUG[0m [2mhyper::client::pool[0m[2m:[0m pooling idle connection for ("http", 192.168.0.14:8545)
[2m2025-12-10T10:10:22.284290Z[0m [34mDEBUG[0m [2methereum_transaction_pool_monitor::eth_client[0m[2m:[0m 📨 Received WebSocket message: {"jsonrpc":"2.0","method":"eth_subscription","params":{"subscription":"0xbed0a0851463e895960a451075a301a9","result":"0x0147aa8f89bacbbc8bb3a3fb446f6a22e2122a609cef5afeb693df06b835a59c"}}
[2m2025-12-10T10:10:22.284302Z[0m [34mDEBUG[0m [2methereum_transaction_pool_monitor::eth_client[0m[2m:[0m 📨 Received pending transaction: 0x0147aa8f89bacbbc8bb3a3fb446f6a22e2122a609cef5afeb693df06b835a59c
[2m2025-12-10T10:10:22.284311Z[0m [34mDEBUG[0m [2mhyper::proto::h1::io[0m[2m:[0m parsed 4 headers
[2m2025-12-10T10:10:22.284318Z[0m [34mDEBUG[0m [2mhyper::proto::h1::conn[0m[2m:[0m incoming body is content-length (773 bytes)
[2m2025-12-10T10:10:22.284326Z[0m [34mDEBUG[0m [2mhyper::proto::h1::conn[0m[2m:[0m incoming body completed
[2m2025-12-10T10:10:22.284334Z[0m [34mDEBUG[0m [2mhyper::client::pool[0m[2m:[0m pooling idle connection for ("http", 192.168.0.14:8545)
[2m2025-12-10T10:10:22.284341Z[0m [34mDEBUG[0m [2methereum_transaction_pool_monitor::eth_client[0m[2m:[0m 📡 Transaction fetch RPC completed in 10.335167ms
[2m2025-12-10T10:10:22.284355Z[0m [34mDEBUG[0m [2methereum_transaction_pool_monitor::eth_client[0m[2m:[0m DeFi transaction detected - Address: 0xdac17f958d2ee523a2206206994597c13d831ec7, Type: Stablecoin, Value: 0 ETH, Gas: 0.30 Gwei
[2m2025-12-10T10:10:22.284367Z[0m [34mDEBUG[0m [2methereum_transaction_pool_monitor::eth_client[0m[2m:[0m ✅ Transaction 0xe5a0183eee3b9891c46cb717c7e90815e96c167a6e2f5742e92b9699b15f6a00 fetched and parsed in 10.361334ms
[2m2025-12-10T10:10:22.284373Z[0m [34mDEBUG[0m [2methereum_transaction_pool_monitor::mempool_monitor[0m[2m:[0m 🔍 Skipping tx 0xe5a0183eee3b9891c46cb717c7e90815e96c167a6e2f5742e92b9699b15f6a00 - not a DEX interaction (target: 0xdAC17F958D2ee523a2206206994597C13D831ec7)
[2m2025-12-10T10:10:22.284380Z[0m [34mDEBUG[0m [2methereum_transaction_pool_monitor::mempool_monitor[0m[2m:[0m 📨 Processing new pending transaction: 0x16d2e5e81cbd8ac5b527a2536270620cc83aadbb5fd1381dfd0376c698c283f8
[2m2025-12-10T10:10:22.284384Z[0m [34mDEBUG[0m [2methereum_transaction_pool_monitor::mempool_monitor[0m[2m:[0m 🔍 Fetching transaction details for: 0x16d2e5e81cbd8ac5b527a2536270620cc83aadbb5fd1381dfd0376c698c283f8
[2m2025-12-10T10:10:22.284388Z[0m [34mDEBUG[0m [2methereum_transaction_pool_monitor::eth_client[0m[2m:[0m 🔍 Fetching transaction details for hash: 0x16d2e5e81cbd8ac5b527a2536270620cc83aadbb5fd1381dfd0376c698c283f8
[2m2025-12-10T10:10:22.284400Z[0m [34mDEBUG[0m [2mhyper::client::pool[0m[2m:[0m reuse idle connection for ("http", 192.168.0.14:8545)
[2m2025-12-10T10:10:22.284416Z[0m [34mDEBUG[0m [2mhyper::proto::h1::io[0m[2m:[0m flushed 250 bytes
[2m2025-12-10T10:10:22.290494Z[0m [34mDEBUG[0m [2mhyper::proto::h1::io[0m[2m:[0m parsed 4 headers
[2m2025-12-10T10:10:22.290505Z[0m [34mDEBUG[0m [2mhyper::proto::h1::conn[0m[2m:[0m incoming body is content-length (776 bytes)
[2m2025-12-10T10:10:22.290513Z[0m [34mDEBUG[0m [2mhyper::proto::h1::conn[0m[2m:[0m incoming body completed
[2m2025-12-10T10:10:22.290521Z[0m [34mDEBUG[0m [2mhyper::client::pool[0m[2m:[0m pooling idle connection for ("http", 192.168.0.14:8545)
[2m2025-12-10T10:10:22.290528Z[0m [34mDEBUG[0m [2methereum_transaction_pool_monitor::eth_client[0m[2m:[0m 📡 Transaction fetch RPC completed in 6.136042ms
[2m2025-12-10T10:10:22.361293Z[0m [34mDEBUG[0m [2methereum_transaction_pool_monitor::eth_client[0m[2m:[0m ✅ Transaction 0x16d2e5e81cbd8ac5b527a2536270620cc83aadbb5fd1381dfd0376c698c283f8 fetched and parsed in 76.8985ms
[2m2025-12-10T10:10:22.361319Z[0m [34mDEBUG[0m [2methereum_transaction_pool_monitor::mempool_monitor[0m[2m:[0m 🔍 Skipping tx 0x16d2e5e81cbd8ac5b527a2536270620cc83aadbb5fd1381dfd0376c698c283f8 - not a DEX interaction (target: 0x0B010000b7624eb9B3DfBC279673C76E9D29D5F7)
[2m2025-12-10T10:10:22.361329Z[0m [34mDEBUG[0m [2methereum_transaction_pool_monitor::mempool_monitor[0m[2m:[0m 📨 Processing new pending transaction: 0x5461f4c2ea39bc53627cdb820e7ebe5e4916082d7cdeda9f0f80fcfc86699277
[2m2025-12-10T10:10:22.361336Z[0m [34mDEBUG[0m [2methereum_transaction_pool_monitor::mempool_monitor[0m[2m:[0m 🔍 Fetching transaction details for: 0x5461f4c2ea39bc53627cdb820e7ebe5e4916082d7cdeda9f0f80fcfc86699277
[2m2025-12-10T10:10:22.361341Z[0m [34mDEBUG[0m [2methereum_transaction_pool_monitor::eth_client[0m[2m:[0m 🔍 Fetching transaction details for hash: 0x5461f4c2ea39bc53627cdb820e7ebe5e4916082d7cdeda9f0f80fcfc86699277
[2m2025-12-10T10:10:22.361362Z[0m [34mDEBUG[0m [2mhyper::client::pool[0m[2m:[0m reuse idle connection for ("http", 192.168.0.14:8545)
[2m2025-12-10T10:10:22.361403Z[0m [34mDEBUG[0m [2mhyper::proto::h1::io[0m[2m:[0m flushed 250 bytes
[2m2025-12-10T10:10:22.361425Z[0m [34mDEBUG[0m [2mhyper::client::pool[0m[2m:[0m reuse idle connection for ("http", 192.168.0.14:8545)
[2m2025-12-10T10:10:22.361439Z[0m [34mDEBUG[0m [2mhyper::proto::h1::io[0m[2m:[0m flushed 172 bytes
[2m2025-12-10T10:10:22.361438Z[0m [34mDEBUG[0m [2methereum_transaction_pool_monitor::eth_client[0m[2m:[0m 📨 Received WebSocket message: {"jsonrpc":"2.0","method":"eth_subscription","params":{"subscription":"0xbed0a0851463e895960a451075a301a9","result":"0x36efdd79582c9417c0a5442b57f75cd13c6fec1c934aeb966231887f1f0aeeac"}}
[2m2025-12-10T10:10:22.361459Z[0m [34mDEBUG[0m [2methereum_transaction_pool_monitor::eth_client[0m[2m:[0m 📨 Received pending transaction: 0x36efdd79582c9417c0a5442b57f75cd13c6fec1c934aeb966231887f1f0aeeac
[2m2025-12-10T10:10:22.367125Z[0m [34mDEBUG[0m [2mhyper::proto::h1::io[0m[2m:[0m parsed 4 headers
[2m2025-12-10T10:10:22.367131Z[0m [34mDEBUG[0m [2mhyper::proto::h1::conn[0m[2m:[0m incoming body is content-length (768 bytes)
[2m2025-12-10T10:10:22.367138Z[0m [34mDEBUG[0m [2mhyper::proto::h1::conn[0m[2m:[0m incoming body completed
[2m2025-12-10T10:10:22.367146Z[0m [34mDEBUG[0m [2mhyper::client::pool[0m[2m:[0m pooling idle connection for ("http", 192.168.0.14:8545)
[2m2025-12-10T10:10:22.367152Z[0m [34mDEBUG[0m [2methereum_transaction_pool_monitor::eth_client[0m[2m:[0m 📡 Transaction fetch RPC completed in 5.805584ms
[2m2025-12-10T10:10:22.437061Z[0m [34mDEBUG[0m [2methereum_transaction_pool_monitor::eth_client[0m[2m:[0m ✅ Transaction 0x5461f4c2ea39bc53627cdb820e7ebe5e4916082d7cdeda9f0f80fcfc86699277 fetched and parsed in 75.712667ms
[2m2025-12-10T10:10:22.437090Z[0m [34mDEBUG[0m [2methereum_transaction_pool_monitor::mempool_monitor[0m[2m:[0m 🔍 Skipping tx 0x5461f4c2ea39bc53627cdb820e7ebe5e4916082d7cdeda9f0f80fcfc86699277 - not a DEX interaction (target: 0xA0b86991c6218b36c1d19D4a2e9Eb0cE3606eB48)
[2m2025-12-10T10:10:22.437105Z[0m [34mDEBUG[0m [2methereum_transaction_pool_monitor::mempool_monitor[0m[2m:[0m 📨 Processing new pending transaction: 0x6e9b354b86d3d2de8e920065d10664b8c74138caa124a7a14f3eaee9aba68bc9
[2m2025-12-10T10:10:22.437118Z[0m [34mDEBUG[0m [2methereum_transaction_pool_monitor::mempool_monitor[0m[2m:[0m 🔍 Fetching transaction details for: 0x6e9b354b86d3d2de8e920065d10664b8c74138caa124a7a14f3eaee9aba68bc9
[2m2025-12-10T10:10:22.437123Z[0m [34mDEBUG[0m [2methereum_transaction_pool_monitor::eth_client[0m[2m:[0m 🔍 Fetching transaction details for hash: 0x6e9b354b86d3d2de8e920065d10664b8c74138caa124a7a14f3eaee9aba68bc9
[2m2025-12-10T10:10:22.437144Z[0m [34mDEBUG[0m [2mhyper::client::pool[0m[2m:[0m reuse idle connection for ("http", 192.168.0.14:8545)
[2m2025-12-10T10:10:22.437174Z[0m [34mDEBUG[0m [2mhyper::proto::h1::io[0m[2m:[0m flushed 250 bytes
[2m2025-12-10T10:10:22.437202Z[0m [34mDEBUG[0m [2methereum_transaction_pool_monitor::eth_client[0m[2m:[0m 📨 Received WebSocket message: {"jsonrpc":"2.0","method":"eth_subscription","params":{"subscription":"0xbed0a0851463e895960a451075a301a9","result":"0x8ebe1e3060ac6597fae2f26458311a2fcc0711fdefa40d5cb056f8949010de5b"}}
[2m2025-12-10T10:10:22.437209Z[0m [34mDEBUG[0m [2mhyper::proto::h1::io[0m[2m:[0m parsed 4 headers
[2m2025-12-10T10:10:22.437219Z[0m [34mDEBUG[0m [2methereum_transaction_pool_monitor::eth_client[0m[2m:[0m 📨 Received pending transaction: 0x8ebe1e3060ac6597fae2f26458311a2fcc0711fdefa40d5cb056f8949010de5b
[2m2025-12-10T10:10:22.437224Z[0m [34mDEBUG[0m [2mhyper::proto::h1::conn[0m[2m:[0m incoming body is content-length (45 bytes)
[2m2025-12-10T10:10:22.437238Z[0m [34mDEBUG[0m [2mhyper::proto::h1::conn[0m[2m:[0m incoming body completed
[2m2025-12-10T10:10:22.437248Z[0m [34mDEBUG[0m [2mhyper::client::pool[0m[2m:[0m pooling idle connection for ("http", 192.168.0.14:8545)
[2m2025-12-10T10:10:22.437263Z[0m [34mDEBUG[0m [2mhyper::client::pool[0m[2m:[0m reuse idle connection for ("http", 192.168.0.14:8545)
[2m2025-12-10T10:10:22.437279Z[0m [34mDEBUG[0m [2mhyper::proto::h1::io[0m[2m:[0m flushed 172 bytes
[2m2025-12-10T10:10:22.443801Z[0m [34mDEBUG[0m [2mhyper::proto::h1::io[0m[2m:[0m parsed 4 headers
[2m2025-12-10T10:10:22.443834Z[0m [34mDEBUG[0m [2mhyper::proto::h1::conn[0m[2m:[0m incoming body is content-length (641 bytes)
[2m2025-12-10T10:10:22.443851Z[0m [34mDEBUG[0m [2mhyper::proto::h1::conn[0m[2m:[0m incoming body completed
[2m2025-12-10T10:10:22.443877Z[0m [34mDEBUG[0m [2mhyper::client::pool[0m[2m:[0m pooling idle connection for ("http", 192.168.0.14:8545)
[2m2025-12-10T10:10:22.443885Z[0m [34mDEBUG[0m [2methereum_transaction_pool_monitor::eth_client[0m[2m:[0m 📡 Transaction fetch RPC completed in 6.755833ms
[2m2025-12-10T10:10:22.515577Z[0m [34mDEBUG[0m [2methereum_transaction_pool_monitor::eth_client[0m[2m:[0m ✅ Transaction 0x6e9b354b86d3d2de8e920065d10664b8c74138caa124a7a14f3eaee9aba68bc9 fetched and parsed in 78.445625ms
[2m2025-12-10T10:10:22.515601Z[0m [34mDEBUG[0m [2methereum_transaction_pool_monitor::mempool_monitor[0m[2m:[0m 🔍 Skipping tx 0x6e9b354b86d3d2de8e920065d10664b8c74138caa124a7a14f3eaee9aba68bc9 - not a DEX interaction (target: 0x26f5E4012f6bE115F76a25349Fe8ec8c4571EF3B)
[2m2025-12-10T10:10:22.515612Z[0m [34mDEBUG[0m [2methereum_transaction_pool_monitor::mempool_monitor[0m[2m:[0m 📨 Processing new pending transaction: 0x7432d7c4b03f48fa095d5405d7f7542f6ddad656d5f5c9530ddd12efa578966c
[2m2025-12-10T10:10:22.515620Z[0m [34mDEBUG[0m [2methereum_transaction_pool_monitor::mempool_monitor[0m[2m:[0m 🔍 Fetching transaction details for: 0x7432d7c4b03f48fa095d5405d7f7542f6ddad656d5f5c9530ddd12efa578966c
[2m2025-12-10T10:10:22.515628Z[0m [34mDEBUG[0m [2methereum_transaction_pool_monitor::eth_client[0m[2m:[0m 🔍 Fetching transaction details for hash: 0x7432d7c4b03f48fa095d5405d7f7542f6ddad656d5f5c9530ddd12efa578966c
[2m2025-12-10T10:10:22.515645Z[0m [34mDEBUG[0m [2mhyper::client::pool[0m[2m:[0m reuse idle connection for ("http", 192.168.0.14:8545)
[2m2025-12-10T10:10:22.515677Z[0m [34mDEBUG[0m [2mhyper::proto::h1::io[0m[2m:[0m flushed 250 bytes
[2m2025-12-10T10:10:22.515695Z[0m [34mDEBUG[0m [2mhyper::proto::h1::io[0m[2m:[0m parsed 4 headers
[2m2025-12-10T10:10:22.515701Z[0m [34mDEBUG[0m [2mhyper::proto::h1::conn[0m[2m:[0m incoming body is content-length (45 bytes)
[2m2025-12-10T10:10:22.515708Z[0m [34mDEBUG[0m [2mhyper::proto::h1::conn[0m[2m:[0m incoming body completed
[2m2025-12-10T10:10:22.515717Z[0m [34mDEBUG[0m [2mhyper::client::pool[0m[2m:[0m pooling idle connection for ("http", 192.168.0.14:8545)
[2m2025-12-10T10:10:22.515730Z[0m [34mDEBUG[0m [2mhyper::client::pool[0m[2m:[0m reuse idle connection for ("http", 192.168.0.14:8545)
[2m2025-12-10T10:10:22.515745Z[0m [34mDEBUG[0m [2mhyper::proto::h1::io[0m[2m:[0m flushed 172 bytes
[2m2025-12-10T10:10:22.519842Z[0m [34mDEBUG[0m [2mhyper::proto::h1::io[0m[2m:[0m parsed 4 headers
[2m2025-12-10T10:10:22.519849Z[0m [34mDEBUG[0m [2mhyper::proto::h1::conn[0m[2m:[0m incoming body is content-length (843 bytes)
[2m2025-12-10T10:10:22.519855Z[0m [34mDEBUG[0m [2mhyper::proto::h1::conn[0m[2m:[0m incoming body completed
[2m2025-12-10T10:10:22.519861Z[0m [34mDEBUG[0m [2mhyper::client::pool[0m[2m:[0m pooling idle connection for ("http", 192.168.0.14:8545)
[2m2025-12-10T10:10:22.519867Z[0m [34mDEBUG[0m [2methereum_transaction_pool_monitor::eth_client[0m[2m:[0m 📡 Transaction fetch RPC completed in 4.234834ms
[2m2025-12-10T10:10:22.590160Z[0m [34mDEBUG[0m [2methereum_transaction_pool_monitor::eth_client[0m[2m:[0m ✅ Transaction 0x7432d7c4b03f48fa095d5405d7f7542f6ddad656d5f5c9530ddd12efa578966c fetched and parsed in 74.526417ms
[2m2025-12-10T10:10:22.590186Z[0m [34mDEBUG[0m [2methereum_transaction_pool_monitor::mempool_monitor[0m[2m:[0m 🔍 Skipping tx 0x7432d7c4b03f48fa095d5405d7f7542f6ddad656d5f5c9530ddd12efa578966c - not a DEX interaction (target: 0xA0b86991c6218b36c1d19D4a2e9Eb0cE3606eB48)
[2m2025-12-10T10:10:22.590197Z[0m [34mDEBUG[0m [2methereum_transaction_pool_monitor::mempool_monitor[0m[2m:[0m 📨 Processing new pending transaction: 0x2deec717bf96c2a304f4e72ebc058aa2e0d7c382f34731a422f8213f4bdcd100
[2m2025-12-10T10:10:22.590205Z[0m [34mDEBUG[0m [2methereum_transaction_pool_monitor::mempool_monitor[0m[2m:[0m 🔍 Fetching transaction details for: 0x2deec717bf96c2a304f4e72ebc058aa2e0d7c382f34731a422f8213f4bdcd100
[2m2025-12-10T10:10:22.590212Z[0m [34mDEBUG[0m [2methereum_transaction_pool_monitor::eth_client[0m[2m:[0m 🔍 Fetching transaction details for hash: 0x2deec717bf96c2a304f4e72ebc058aa2e0d7c382f34731a422f8213f4bdcd100
[2m2025-12-10T10:10:22.590228Z[0m [34mDEBUG[0m [2mhyper::client::pool[0m[2m:[0m reuse idle connection for ("http", 192.168.0.14:8545)
[2m2025-12-10T10:10:22.590269Z[0m [34mDEBUG[0m [2mhyper::proto::h1::io[0m[2m:[0m flushed 250 bytes
[2m2025-12-10T10:10:22.590292Z[0m [34mDEBUG[0m [2methereum_transaction_pool_monitor::eth_client[0m[2m:[0m 📨 Received WebSocket message: {"jsonrpc":"2.0","method":"eth_subscription","params":{"subscription":"0xbed0a0851463e895960a451075a301a9","result":"0x6888a0eddbea19758f2c2286c559102e00044d08cef9ff5e9add1ab5c097b410"}}
[2m2025-12-10T10:10:22.590295Z[0m [34mDEBUG[0m [2mhyper::proto::h1::io[0m[2m:[0m parsed 4 headers
[2m2025-12-10T10:10:22.590302Z[0m [34mDEBUG[0m [2methereum_transaction_pool_monitor::eth_client[0m[2m:[0m 📨 Received pending transaction: 0x6888a0eddbea19758f2c2286c559102e00044d08cef9ff5e9add1ab5c097b410
[2m2025-12-10T10:10:22.590305Z[0m [34mDEBUG[0m [2mhyper::proto::h1::conn[0m[2m:[0m incoming body is content-length (45 bytes)
[2m2025-12-10T10:10:22.590329Z[0m [34mDEBUG[0m [2mhyper::proto::h1::conn[0m[2m:[0m incoming body completed
[2m2025-12-10T10:10:22.590337Z[0m [34mDEBUG[0m [2mhyper::client::pool[0m[2m:[0m pooling idle connection for ("http", 192.168.0.14:8545)
[2m2025-12-10T10:10:22.595984Z[0m [34mDEBUG[0m [2mhyper::proto::h1::io[0m[2m:[0m parsed 4 headers
[2m2025-12-10T10:10:22.596016Z[0m [34mDEBUG[0m [2mhyper::proto::h1::conn[0m[2m:[0m incoming body is content-length (767 bytes)
[2m2025-12-10T10:10:22.596029Z[0m [34mDEBUG[0m [2mhyper::proto::h1::conn[0m[2m:[0m incoming body completed
[2m2025-12-10T10:10:22.596048Z[0m [34mDEBUG[0m [2mhyper::client::pool[0m[2m:[0m pooling idle connection for ("http", 192.168.0.14:8545)
[2m2025-12-10T10:10:22.596054Z[0m [34mDEBUG[0m [2methereum_transaction_pool_monitor::eth_client[0m[2m:[0m 📡 Transaction fetch RPC completed in 5.837125ms
[2m2025-12-10T10:10:22.596066Z[0m [34mDEBUG[0m [2methereum_transaction_pool_monitor::eth_client[0m[2m:[0m DeFi transaction detected - Address: 0xdac17f958d2ee523a2206206994597c13d831ec7, Type: Stablecoin, Value: 0 ETH, Gas: 0.22 Gwei
[2m2025-12-10T10:10:22.596082Z[0m [34mDEBUG[0m [2methereum_transaction_pool_monitor::eth_client[0m[2m:[0m ✅ Transaction 0x2deec717bf96c2a304f4e72ebc058aa2e0d7c382f34731a422f8213f4bdcd100 fetched and parsed in 5.865209ms
[2m2025-12-10T10:10:22.596088Z[0m [34mDEBUG[0m [2methereum_transaction_pool_monitor::mempool_monitor[0m[2m:[0m 🔍 Skipping tx 0x2deec717bf96c2a304f4e72ebc058aa2e0d7c382f34731a422f8213f4bdcd100 - not a DEX interaction (target: 0xdAC17F958D2ee523a2206206994597C13D831ec7)
[2m2025-12-10T10:10:22.596095Z[0m [34mDEBUG[0m [2methereum_transaction_pool_monitor::mempool_monitor[0m[2m:[0m 📨 Processing new pending transaction: 0x8675545ab9036d76819fe26aab01e4dacee079783751adb5fe624895b726e82a
[2m2025-12-10T10:10:22.596101Z[0m [34mDEBUG[0m [2methereum_transaction_pool_monitor::mempool_monitor[0m[2m:[0m 🔍 Fetching transaction details for: 0x8675545ab9036d76819fe26aab01e4dacee079783751adb5fe624895b726e82a
[2m2025-12-10T10:10:22.596105Z[0m [34mDEBUG[0m [2methereum_transaction_pool_monitor::eth_client[0m[2m:[0m 🔍 Fetching transaction details for hash: 0x8675545ab9036d76819fe26aab01e4dacee079783751adb5fe624895b726e82a
[2m2025-12-10T10:10:22.596117Z[0m [34mDEBUG[0m [2mhyper::client::pool[0m[2m:[0m reuse idle connection for ("http", 192.168.0.14:8545)
[2m2025-12-10T10:10:22.596132Z[0m [34mDEBUG[0m [2mhyper::proto::h1::io[0m[2m:[0m flushed 250 bytes
[2m2025-12-10T10:10:22.597416Z[0m [34mDEBUG[0m [2mhyper::client::pool[0m[2m:[0m reuse idle connection for ("http", 192.168.0.14:8545)
[2m2025-12-10T10:10:22.597469Z[0m [34mDEBUG[0m [2mhyper::proto::h1::io[0m[2m:[0m flushed 172 bytes
[2m2025-12-10T10:10:22.601674Z[0m [34mDEBUG[0m [2mhyper::proto::h1::io[0m[2m:[0m parsed 4 headers
[2m2025-12-10T10:10:22.601680Z[0m [34mDEBUG[0m [2mhyper::proto::h1::conn[0m[2m:[0m incoming body is content-length (45 bytes)
[2m2025-12-10T10:10:22.601686Z[0m [34mDEBUG[0m [2mhyper::proto::h1::conn[0m[2m:[0m incoming body completed
[2m2025-12-10T10:10:22.601699Z[0m [34mDEBUG[0m [2mhyper::client::pool[0m[2m:[0m pooling idle connection for ("http", 192.168.0.14:8545)
[2m2025-12-10T10:10:22.602361Z[0m [34mDEBUG[0m [2mhyper::proto::h1::io[0m[2m:[0m parsed 4 headers
[2m2025-12-10T10:10:22.602380Z[0m [34mDEBUG[0m [2mhyper::proto::h1::conn[0m[2m:[0m incoming body is content-length (776 bytes)
[2m2025-12-10T10:10:22.602399Z[0m [34mDEBUG[0m [2mhyper::proto::h1::conn[0m[2m:[0m incoming body completed
[2m2025-12-10T10:10:22.602420Z[0m [34mDEBUG[0m [2mhyper::client::pool[0m[2m:[0m pooling idle connection for ("http", 192.168.0.14:8545)
[2m2025-12-10T10:10:22.602426Z[0m [34mDEBUG[0m [2methereum_transaction_pool_monitor::eth_client[0m[2m:[0m 📡 Transaction fetch RPC completed in 6.3165ms
[2m2025-12-10T10:10:22.673269Z[0m [34mDEBUG[0m [2methereum_transaction_pool_monitor::eth_client[0m[2m:[0m ✅ Transaction 0x8675545ab9036d76819fe26aab01e4dacee079783751adb5fe624895b726e82a fetched and parsed in 77.157583ms
[2m2025-12-10T10:10:22.673297Z[0m [34mDEBUG[0m [2methereum_transaction_pool_monitor::mempool_monitor[0m[2m:[0m 🔍 Skipping tx 0x8675545ab9036d76819fe26aab01e4dacee079783751adb5fe624895b726e82a - not a DEX interaction (target: 0x3f80B1c54Ae920Be41a77f8B902259D48cf24cCf)
[2m2025-12-10T10:10:22.673307Z[0m [34mDEBUG[0m [2methereum_transaction_pool_monitor::mempool_monitor[0m[2m:[0m 📨 Processing new pending transaction: 0xad2e5e3a9d9f77435f702e453221c4701e3f7c59b840e0097539866a23967af9
[2m2025-12-10T10:10:22.673315Z[0m [34mDEBUG[0m [2methereum_transaction_pool_monitor::mempool_monitor[0m[2m:[0m 🔍 Fetching transaction details for: 0xad2e5e3a9d9f77435f702e453221c4701e3f7c59b840e0097539866a23967af9
[2m2025-12-10T10:10:22.673322Z[0m [34mDEBUG[0m [2methereum_transaction_pool_monitor::eth_client[0m[2m:[0m 🔍 Fetching transaction details for hash: 0xad2e5e3a9d9f77435f702e453221c4701e3f7c59b840e0097539866a23967af9
[2m2025-12-10T10:10:22.673344Z[0m [34mDEBUG[0m [2mhyper::client::pool[0m[2m:[0m reuse idle connection for ("http", 192.168.0.14:8545)
[2m2025-12-10T10:10:22.673390Z[0m [34mDEBUG[0m [2mhyper::proto::h1::io[0m[2m:[0m flushed 250 bytes
[2m2025-12-10T10:10:22.677551Z[0m [34mDEBUG[0m [2mhyper::proto::h1::io[0m[2m:[0m parsed 4 headers
[2m2025-12-10T10:10:22.677556Z[0m [34mDEBUG[0m [2mhyper::proto::h1::conn[0m[2m:[0m incoming body is content-length (776 bytes)
[2m2025-12-10T10:10:22.677564Z[0m [34mDEBUG[0m [2mhyper::proto::h1::conn[0m[2m:[0m incoming body completed
[2m2025-12-10T10:10:22.677571Z[0m [34mDEBUG[0m [2mhyper::client::pool[0m[2m:[0m pooling idle connection for ("http", 192.168.0.14:8545)
[2m2025-12-10T10:10:22.677577Z[0m [34mDEBUG[0m [2methereum_transaction_pool_monitor::eth_client[0m[2m:[0m 📡 Transaction fetch RPC completed in 4.24825ms
[2m2025-12-10T10:10:22.677592Z[0m [34mDEBUG[0m [2methereum_transaction_pool_monitor::eth_client[0m[2m:[0m DeFi transaction detected - Address: 0xdac17f958d2ee523a2206206994597c13d831ec7, Type: Stablecoin, Value: 0 ETH, Gas: 1.46 Gwei
[2m2025-12-10T10:10:22.677606Z[0m [34mDEBUG[0m [2methereum_transaction_pool_monitor::eth_client[0m[2m:[0m ✅ Transaction 0xad2e5e3a9d9f77435f702e453221c4701e3f7c59b840e0097539866a23967af9 fetched and parsed in 4.277209ms
[2m2025-12-10T10:10:22.677611Z[0m [34mDEBUG[0m [2methereum_transaction_pool_monitor::mempool_monitor[0m[2m:[0m 🔍 Skipping tx 0xad2e5e3a9d9f77435f702e453221c4701e3f7c59b840e0097539866a23967af9 - not a DEX interaction (target: 0xdAC17F958D2ee523a2206206994597C13D831ec7)
[2m2025-12-10T10:10:22.677618Z[0m [34mDEBUG[0m [2methereum_transaction_pool_monitor::mempool_monitor[0m[2m:[0m 📨 Processing new pending transaction: 0x4b0520a86fa81b52ba82474bc1203d0d054f0e148cef996c6f80a4c29448f935
[2m2025-12-10T10:10:22.677623Z[0m [34mDEBUG[0m [2methereum_transaction_pool_monitor::mempool_monitor[0m[2m:[0m 🔍 Fetching transaction details for: 0x4b0520a86fa81b52ba82474bc1203d0d054f0e148cef996c6f80a4c29448f935
[2m2025-12-10T10:10:22.677626Z[0m [34mDEBUG[0m [2methereum_transaction_pool_monitor::eth_client[0m[2m:[0m 🔍 Fetching transaction details for hash: 0x4b0520a86fa81b52ba82474bc1203d0d054f0e148cef996c6f80a4c29448f935
[2m2025-12-10T10:10:22.677636Z[0m [34mDEBUG[0m [2mhyper::client::pool[0m[2m:[0m reuse idle connection for ("http", 192.168.0.14:8545)
[2m2025-12-10T10:10:22.677650Z[0m [34mDEBUG[0m [2mhyper::proto::h1::io[0m[2m:[0m flushed 250 bytes
[2m2025-12-10T10:10:22.682211Z[0m [34mDEBUG[0m [2mhyper::proto::h1::io[0m[2m:[0m parsed 4 headers
[2m2025-12-10T10:10:22.682217Z[0m [34mDEBUG[0m [2mhyper::proto::h1::conn[0m[2m:[0m incoming body is content-length (1279 bytes)
[2m2025-12-10T10:10:22.682222Z[0m [34mDEBUG[0m [2mhyper::proto::h1::conn[0m[2m:[0m incoming body completed
[2m2025-12-10T10:10:22.682226Z[0m [34mDEBUG[0m [2mhyper::client::pool[0m[2m:[0m pooling idle connection for ("http", 192.168.0.14:8545)
[2m2025-12-10T10:10:22.682230Z[0m [34mDEBUG[0m [2methereum_transaction_pool_monitor::eth_client[0m[2m:[0m 📡 Transaction fetch RPC completed in 4.5995ms
[2m2025-12-10T10:10:22.752865Z[0m [34mDEBUG[0m [2methereum_transaction_pool_monitor::eth_client[0m[2m:[0m ✅ Transaction 0x4b0520a86fa81b52ba82474bc1203d0d054f0e148cef996c6f80a4c29448f935 fetched and parsed in 75.23225ms
[2m2025-12-10T10:10:22.752894Z[0m [34mDEBUG[0m [2methereum_transaction_pool_monitor::mempool_monitor[0m[2m:[0m 🔍 Skipping tx 0x4b0520a86fa81b52ba82474bc1203d0d054f0e148cef996c6f80a4c29448f935 - not a DEX interaction (target: 0x9eA2C2caA6de0657bd3eA362C454B1bCb85cef76)
[2m2025-12-10T10:10:22.752904Z[0m [34mDEBUG[0m [2methereum_transaction_pool_monitor::mempool_monitor[0m[2m:[0m 📨 Processing new pending transaction: 0x5768dd5d301f84c53794d34f973f74495fc7d062467cf9d87368c344f5cca0c0
[2m2025-12-10T10:10:22.752910Z[0m [34mDEBUG[0m [2methereum_transaction_pool_monitor::mempool_monitor[0m[2m:[0m 🔍 Fetching transaction details for: 0x5768dd5d301f84c53794d34f973f74495fc7d062467cf9d87368c344f5cca0c0
[2m2025-12-10T10:10:22.752915Z[0m [34mDEBUG[0m [2methereum_transaction_pool_monitor::eth_client[0m[2m:[0m 🔍 Fetching transaction details for hash: 0x5768dd5d301f84c53794d34f973f74495fc7d062467cf9d87368c344f5cca0c0
[2m2025-12-10T10:10:22.752933Z[0m [34mDEBUG[0m [2mhyper::client::pool[0m[2m:[0m reuse idle connection for ("http", 192.168.0.14:8545)
[2m2025-12-10T10:10:22.752984Z[0m [34mDEBUG[0m [2mhyper::proto::h1::io[0m[2m:[0m flushed 250 bytes
[2m2025-12-10T10:10:22.753003Z[0m [34mDEBUG[0m [2mhyper::client::pool[0m[2m:[0m reuse idle connection for ("http", 192.168.0.14:8545)
[2m2025-12-10T10:10:22.753015Z[0m [34mDEBUG[0m [2mhyper::proto::h1::io[0m[2m:[0m flushed 172 bytes
[2m2025-12-10T10:10:22.753015Z[0m [34mDEBUG[0m [2methereum_transaction_pool_monitor::eth_client[0m[2m:[0m 📨 Received WebSocket message: {"jsonrpc":"2.0","method":"eth_subscription","params":{"subscription":"0xbed0a0851463e895960a451075a301a9","result":"0xc09655c6aeaf709f924d908a12668ce298d69cbccacea85696ee8fb0846e64a9"}}
[2m2025-12-10T10:10:22.753032Z[0m [34mDEBUG[0m [2methereum_transaction_pool_monitor::eth_client[0m[2m:[0m 📨 Received pending transaction: 0xc09655c6aeaf709f924d908a12668ce298d69cbccacea85696ee8fb0846e64a9
[2m2025-12-10T10:10:22.768716Z[0m [34mDEBUG[0m [2mhyper::proto::h1::io[0m[2m:[0m parsed 4 headers
[2m2025-12-10T10:10:22.768736Z[0m [34mDEBUG[0m [2mhyper::proto::h1::conn[0m[2m:[0m incoming body is content-length (45 bytes)
[2m2025-12-10T10:10:22.768757Z[0m [34mDEBUG[0m [2mhyper::proto::h1::conn[0m[2m:[0m incoming body completed
[2m2025-12-10T10:10:22.768773Z[0m [34mDEBUG[0m [2mhyper::client::pool[0m[2m:[0m pooling idle connection for ("http", 192.168.0.14:8545)
[2m2025-12-10T10:10:22.773629Z[0m [34mDEBUG[0m [2mhyper::proto::h1::io[0m[2m:[0m parsed 4 headers
[2m2025-12-10T10:10:22.773635Z[0m [34mDEBUG[0m [2mhyper::proto::h1::conn[0m[2m:[0m incoming body is content-length (1730 bytes)
[2m2025-12-10T10:10:22.773656Z[0m [34mDEBUG[0m [2mhyper::proto::h1::conn[0m[2m:[0m incoming body completed
[2m2025-12-10T10:10:22.773671Z[0m [34mDEBUG[0m [2mhyper::client::pool[0m[2m:[0m pooling idle connection for ("http", 192.168.0.14:8545)
[2m2025-12-10T10:10:22.773678Z[0m [34mDEBUG[0m [2methereum_transaction_pool_monitor::eth_client[0m[2m:[0m 📡 Transaction fetch RPC completed in 20.757875ms
[2m2025-12-10T10:10:22.845437Z[0m [34mDEBUG[0m [2methereum_transaction_pool_monitor::eth_client[0m[2m:[0m ✅ Transaction 0x5768dd5d301f84c53794d34f973f74495fc7d062467cf9d87368c344f5cca0c0 fetched and parsed in 92.514208ms
[2m2025-12-10T10:10:22.845466Z[0m [34mDEBUG[0m [2methereum_transaction_pool_monitor::mempool_monitor[0m[2m:[0m 🔍 Skipping tx 0x5768dd5d301f84c53794d34f973f74495fc7d062467cf9d87368c344f5cca0c0 - not a DEX interaction (target: 0x601a2aD6CB5949f0529735254189Ba3194221EDF)
[2m2025-12-10T10:10:22.845479Z[0m [34mDEBUG[0m [2methereum_transaction_pool_monitor::mempool_monitor[0m[2m:[0m 📨 Processing new pending transaction: 0x9797782518aadbf07abfe31f4c8b8cef0140f8f610c6db499fb190c189400220
[2m2025-12-10T10:10:22.845486Z[0m [34mDEBUG[0m [2methereum_transaction_pool_monitor::mempool_monitor[0m[2m:[0m 🔍 Fetching transaction details for: 0x9797782518aadbf07abfe31f4c8b8cef0140f8f610c6db499fb190c189400220
[2m2025-12-10T10:10:22.845492Z[0m [34mDEBUG[0m [2methereum_transaction_pool_monitor::eth_client[0m[2m:[0m 🔍 Fetching transaction details for hash: 0x9797782518aadbf07abfe31f4c8b8cef0140f8f610c6db499fb190c189400220
[2m2025-12-10T10:10:22.845514Z[0m [34mDEBUG[0m [2mhyper::client::pool[0m[2m:[0m reuse idle connection for ("http", 192.168.0.14:8545)
[2m2025-12-10T10:10:22.845547Z[0m [34mDEBUG[0m [2mhyper::proto::h1::io[0m[2m:[0m flushed 250 bytes
[2m2025-12-10T10:10:22.845578Z[0m [34mDEBUG[0m [2mhyper::client::pool[0m[2m:[0m reuse idle connection for ("http", 192.168.0.14:8545)
[2m2025-12-10T10:10:22.845594Z[0m [34mDEBUG[0m [2mhyper::proto::h1::io[0m[2m:[0m flushed 172 bytes
[2m2025-12-10T10:10:22.846336Z[0m [34mDEBUG[0m [2methereum_transaction_pool_monitor::eth_client[0m[2m:[0m 📨 Received WebSocket message: {"jsonrpc":"2.0","method":"eth_subscription","params":{"subscription":"0xbed0a0851463e895960a451075a301a9","result":"0x2e5b3829364987c2c64d02743e462c2a4bf75e9351b304091fb5b77748216aa3"}}
[2m2025-12-10T10:10:22.846365Z[0m [34mDEBUG[0m [2methereum_transaction_pool_monitor::eth_client[0m[2m:[0m 📨 Received pending transaction: 0x2e5b3829364987c2c64d02743e462c2a4bf75e9351b304091fb5b77748216aa3
[2m2025-12-10T10:10:22.855343Z[0m [34mDEBUG[0m [2mhyper::proto::h1::io[0m[2m:[0m parsed 4 headers
[2m2025-12-10T10:10:22.855348Z[0m [34mDEBUG[0m [2mhyper::proto::h1::conn[0m[2m:[0m incoming body is content-length (3025 bytes)
[2m2025-12-10T10:10:22.855354Z[0m [34mDEBUG[0m [2mhyper::proto::h1::conn[0m[2m:[0m incoming body completed
[2m2025-12-10T10:10:22.855360Z[0m [34mDEBUG[0m [2mhyper::client::pool[0m[2m:[0m pooling idle connection for ("http", 192.168.0.14:8545)
[2m2025-12-10T10:10:22.855367Z[0m [34mDEBUG[0m [2methereum_transaction_pool_monitor::eth_client[0m[2m:[0m 📡 Transaction fetch RPC completed in 9.869042ms
[2m2025-12-10T10:10:22.926655Z[0m [34mDEBUG[0m [2methereum_transaction_pool_monitor::eth_client[0m[2m:[0m ✅ Transaction 0x9797782518aadbf07abfe31f4c8b8cef0140f8f610c6db499fb190c189400220 fetched and parsed in 81.15525ms
[2m2025-12-10T10:10:22.926677Z[0m [34mDEBUG[0m [2methereum_transaction_pool_monitor::mempool_monitor[0m[2m:[0m 🔍 Skipping tx 0x9797782518aadbf07abfe31f4c8b8cef0140f8f610c6db499fb190c189400220 - not a DEX interaction (target: 0x03f34bE1BF910116595dB1b11E9d1B2cA5D59659)
[2m2025-12-10T10:10:22.926687Z[0m [34mDEBUG[0m [2methereum_transaction_pool_monitor::mempool_monitor[0m[2m:[0m 📨 Processing new pending transaction: 0x27e347f504dd5bb4d637502e5391d1a37d23f751f571d6f830b742b84558194e
[2m2025-12-10T10:10:22.926693Z[0m [34mDEBUG[0m [2methereum_transaction_pool_monitor::mempool_monitor[0m[2m:[0m 🔍 Fetching transaction details for: 0x27e347f504dd5bb4d637502e5391d1a37d23f751f571d6f830b742b84558194e
[2m2025-12-10T10:10:22.926697Z[0m [34mDEBUG[0m [2methereum_transaction_pool_monitor::eth_client[0m[2m:[0m 🔍 Fetching transaction details for hash: 0x27e347f504dd5bb4d637502e5391d1a37d23f751f571d6f830b742b84558194e
[2m2025-12-10T10:10:22.926713Z[0m [34mDEBUG[0m [2mhyper::client::pool[0m[2m:[0m reuse idle connection for ("http", 192.168.0.14:8545)
[2m2025-12-10T10:10:22.926751Z[0m [34mDEBUG[0m [2mhyper::proto::h1::io[0m[2m:[0m flushed 250 bytes
[2m2025-12-10T10:10:22.926772Z[0m [34mDEBUG[0m [2methereum_transaction_pool_monitor::eth_client[0m[2m:[0m 📨 Received WebSocket message: {"jsonrpc":"2.0","method":"eth_subscription","params":{"subscription":"0xbed0a0851463e895960a451075a301a9","result":"0x7b9985d1ea67a409a75a49beb219a2f806daeffafb0a2f542c2d99fbc8835bb2"}}
[2m2025-12-10T10:10:22.926773Z[0m [34mDEBUG[0m [2mhyper::proto::h1::io[0m[2m:[0m parsed 4 headers
[2m2025-12-10T10:10:22.926779Z[0m [34mDEBUG[0m [2methereum_transaction_pool_monitor::eth_client[0m[2m:[0m 📨 Received pending transaction: 0x7b9985d1ea67a409a75a49beb219a2f806daeffafb0a2f542c2d99fbc8835bb2
[2m2025-12-10T10:10:22.926781Z[0m [34mDEBUG[0m [2mhyper::proto::h1::conn[0m[2m:[0m incoming body is content-length (45 bytes)
[2m2025-12-10T10:10:22.926789Z[0m [34mDEBUG[0m [2mhyper::proto::h1::conn[0m[2m:[0m incoming body completed
[2m2025-12-10T10:10:22.926797Z[0m [34mDEBUG[0m [2mhyper::client::pool[0m[2m:[0m pooling idle connection for ("http", 192.168.0.14:8545)
[2m2025-12-10T10:10:22.926811Z[0m [34mDEBUG[0m [2mhyper::client::pool[0m[2m:[0m reuse idle connection for ("http", 192.168.0.14:8545)
[2m2025-12-10T10:10:22.926827Z[0m [34mDEBUG[0m [2mhyper::proto::h1::io[0m[2m:[0m flushed 172 bytes
[2m2025-12-10T10:10:22.930534Z[0m [34mDEBUG[0m [2mhyper::proto::h1::io[0m[2m:[0m parsed 4 headers
[2m2025-12-10T10:10:22.930552Z[0m [34mDEBUG[0m [2mhyper::proto::h1::conn[0m[2m:[0m incoming body is content-length (769 bytes)
[2m2025-12-10T10:10:22.930569Z[0m [34mDEBUG[0m [2mhyper::proto::h1::conn[0m[2m:[0m incoming body completed
[2m2025-12-10T10:10:22.930589Z[0m [34mDEBUG[0m [2mhyper::client::pool[0m[2m:[0m pooling idle connection for ("http", 192.168.0.14:8545)
[2m2025-12-10T10:10:22.930594Z[0m [34mDEBUG[0m [2methereum_transaction_pool_monitor::eth_client[0m[2m:[0m 📡 Transaction fetch RPC completed in 3.892333ms
[2m2025-12-10T10:10:23.001766Z[0m [34mDEBUG[0m [2methereum_transaction_pool_monitor::eth_client[0m[2m:[0m ✅ Transaction 0x27e347f504dd5bb4d637502e5391d1a37d23f751f571d6f830b742b84558194e fetched and parsed in 75.062667ms
[2m2025-12-10T10:10:23.001791Z[0m [34mDEBUG[0m [2methereum_transaction_pool_monitor::mempool_monitor[0m[2m:[0m 🔍 Skipping tx 0x27e347f504dd5bb4d637502e5391d1a37d23f751f571d6f830b742b84558194e - not a DEX interaction (target: 0xA0b86991c6218b36c1d19D4a2e9Eb0cE3606eB48)
[2m2025-12-10T10:10:23.001801Z[0m [34mDEBUG[0m [2methereum_transaction_pool_monitor::mempool_monitor[0m[2m:[0m 📨 Processing new pending transaction: 0xc8982e2c3dbea1fb10cf08cb5fb157dfe48baa970c62c4643f482dbff6a26fd0
[2m2025-12-10T10:10:23.001808Z[0m [34mDEBUG[0m [2methereum_transaction_pool_monitor::mempool_monitor[0m[2m:[0m 🔍 Fetching transaction details for: 0xc8982e2c3dbea1fb10cf08cb5fb157dfe48baa970c62c4643f482dbff6a26fd0
[2m2025-12-10T10:10:23.001812Z[0m [34mDEBUG[0m [2methereum_transaction_pool_monitor::eth_client[0m[2m:[0m 🔍 Fetching transaction details for hash: 0xc8982e2c3dbea1fb10cf08cb5fb157dfe48baa970c62c4643f482dbff6a26fd0
[2m2025-12-10T10:10:23.001829Z[0m [34mDEBUG[0m [2mhyper::client::pool[0m[2m:[0m reuse idle connection for ("http", 192.168.0.14:8545)
[2m2025-12-10T10:10:23.001869Z[0m [34mDEBUG[0m [2mhyper::proto::h1::io[0m[2m:[0m flushed 250 bytes
[2m2025-12-10T10:10:23.001890Z[0m [34mDEBUG[0m [2methereum_transaction_pool_monitor::eth_client[0m[2m:[0m 📨 Received WebSocket message: {"jsonrpc":"2.0","method":"eth_subscription","params":{"subscription":"0xbed0a0851463e895960a451075a301a9","result":"0xc912232cdc59c0c8f035573f01581f0a63785f553cd29d29fe34f4fdffcb9766"}}
[2m2025-12-10T10:10:23.001896Z[0m [34mDEBUG[0m [2mhyper::proto::h1::io[0m[2m:[0m parsed 4 headers
[2m2025-12-10T10:10:23.001897Z[0m [34mDEBUG[0m [2methereum_transaction_pool_monitor::eth_client[0m[2m:[0m 📨 Received pending transaction: 0xc912232cdc59c0c8f035573f01581f0a63785f553cd29d29fe34f4fdffcb9766
[2m2025-12-10T10:10:23.001911Z[0m [34mDEBUG[0m [2methereum_transaction_pool_monitor::eth_client[0m[2m:[0m 📨 Received WebSocket message: {"jsonrpc":"2.0","method":"eth_subscription","params":{"subscription":"0xbed0a0851463e895960a451075a301a9","result":"0x71e217eba582b1e495f82e1f07509b34dff8fcf6fa4fb3fdaafc010495986b91"}}
[2m2025-12-10T10:10:23.001918Z[0m [34mDEBUG[0m [2methereum_transaction_pool_monitor::eth_client[0m[2m:[0m 📨 Received pending transaction: 0x71e217eba582b1e495f82e1f07509b34dff8fcf6fa4fb3fdaafc010495986b91
[2m2025-12-10T10:10:23.001904Z[0m [34mDEBUG[0m [2mhyper::proto::h1::conn[0m[2m:[0m incoming body is content-length (45 bytes)
[2m2025-12-10T10:10:23.001923Z[0m [34mDEBUG[0m [2methereum_transaction_pool_monitor::eth_client[0m[2m:[0m 📨 Received WebSocket message: {"jsonrpc":"2.0","method":"eth_subscription","params":{"subscription":"0xbed0a0851463e895960a451075a301a9","result":"0x6a1b2e9e23c7f340252944fbd461af30417f271df80b2b3de17671f2262e71da"}}
[2m2025-12-10T10:10:23.001934Z[0m [34mDEBUG[0m [2mhyper::proto::h1::conn[0m[2m:[0m incoming body completed
[2m2025-12-10T10:10:23.001935Z[0m [34mDEBUG[0m [2methereum_transaction_pool_monitor::eth_client[0m[2m:[0m 📨 Received pending transaction: 0x6a1b2e9e23c7f340252944fbd461af30417f271df80b2b3de17671f2262e71da
[2m2025-12-10T10:10:23.001945Z[0m [34mDEBUG[0m [2mhyper::client::pool[0m[2m:[0m pooling idle connection for ("http", 192.168.0.14:8545)
[2m2025-12-10T10:10:23.001948Z[0m [34mDEBUG[0m [2methereum_transaction_pool_monitor::eth_client[0m[2m:[0m 📨 Received WebSocket message: {"jsonrpc":"2.0","method":"eth_subscription","params":{"subscription":"0xbed0a0851463e895960a451075a301a9","result":"0x30ab18737237dd2099d19c7391d8d7bca8c5b104c5958772149a636d97251e61"}}
[2m2025-12-10T10:10:23.001955Z[0m [34mDEBUG[0m [2methereum_transaction_pool_monitor::eth_client[0m[2m:[0m 📨 Received pending transaction: 0x30ab18737237dd2099d19c7391d8d7bca8c5b104c5958772149a636d97251e61
[2m2025-12-10T10:10:23.001961Z[0m [34mDEBUG[0m [2mhyper::client::pool[0m[2m:[0m reuse idle connection for ("http", 192.168.0.14:8545)
[2m2025-12-10T10:10:23.001975Z[0m [34mDEBUG[0m [2mhyper::proto::h1::io[0m[2m:[0m flushed 172 bytes
[2m2025-12-10T10:10:23.006629Z[0m [34mDEBUG[0m [2mhyper::proto::h1::io[0m[2m:[0m parsed 4 headers
[2m2025-12-10T10:10:23.006633Z[0m [34mDEBUG[0m [2mhyper::proto::h1::conn[0m[2m:[0m incoming body is content-length (45 bytes)
[2m2025-12-10T10:10:23.006638Z[0m [34mDEBUG[0m [2mhyper::proto::h1::conn[0m[2m:[0m incoming body completed
[2m2025-12-10T10:10:23.006643Z[0m [34mDEBUG[0m [2mhyper::client::pool[0m[2m:[0m pooling idle connection for ("http", 192.168.0.14:8545)
[2m2025-12-10T10:10:23.007643Z[0m [34mDEBUG[0m [2mhyper::proto::h1::io[0m[2m:[0m parsed 4 headers
[2m2025-12-10T10:10:23.007650Z[0m [34mDEBUG[0m [2mhyper::proto::h1::conn[0m[2m:[0m incoming body is content-length (776 bytes)
[2m2025-12-10T10:10:23.007654Z[0m [34mDEBUG[0m [2mhyper::proto::h1::conn[0m[2m:[0m incoming body completed
[2m2025-12-10T10:10:23.007659Z[0m [34mDEBUG[0m [2mhyper::client::pool[0m[2m:[0m pooling idle connection for ("http", 192.168.0.14:8545)
[2m2025-12-10T10:10:23.007664Z[0m [34mDEBUG[0m [2methereum_transaction_pool_monitor::eth_client[0m[2m:[0m 📡 Transaction fetch RPC completed in 5.8475ms
[2m2025-12-10T10:10:23.078855Z[0m [34mDEBUG[0m [2methereum_transaction_pool_monitor::eth_client[0m[2m:[0m ✅ Transaction 0xc8982e2c3dbea1fb10cf08cb5fb157dfe48baa970c62c4643f482dbff6a26fd0 fetched and parsed in 77.036208ms
[2m2025-12-10T10:10:23.078881Z[0m [34mDEBUG[0m [2methereum_transaction_pool_monitor::mempool_monitor[0m[2m:[0m 🔍 Skipping tx 0xc8982e2c3dbea1fb10cf08cb5fb157dfe48baa970c62c4643f482dbff6a26fd0 - not a DEX interaction (target: 0xa1d0E215a23d7030842FC67cE582a6aFa3CCaB83)
[2m2025-12-10T10:10:23.078895Z[0m [34mDEBUG[0m [2methereum_transaction_pool_monitor::mempool_monitor[0m[2m:[0m 📨 Processing new pending transaction: 0x7849438fbcfe392e23c82f60278cbfdae85e6657df974201a4ea1a0eaab7a768
[2m2025-12-10T10:10:23.078902Z[0m [34mDEBUG[0m [2methereum_transaction_pool_monitor::mempool_monitor[0m[2m:[0m 🔍 Fetching transaction details for: 0x7849438fbcfe392e23c82f60278cbfdae85e6657df974201a4ea1a0eaab7a768
[2m2025-12-10T10:10:23.078907Z[0m [34mDEBUG[0m [2methereum_transaction_pool_monitor::eth_client[0m[2m:[0m 🔍 Fetching transaction details for hash: 0x7849438fbcfe392e23c82f60278cbfdae85e6657df974201a4ea1a0eaab7a768
[2m2025-12-10T10:10:23.078925Z[0m [34mDEBUG[0m [2mhyper::client::pool[0m[2m:[0m reuse idle connection for ("http", 192.168.0.14:8545)
[2m2025-12-10T10:10:23.078963Z[0m [34mDEBUG[0m [2mhyper::proto::h1::io[0m[2m:[0m flushed 250 bytes
[2m2025-12-10T10:10:23.084800Z[0m [34mDEBUG[0m [2mhyper::proto::h1::io[0m[2m:[0m parsed 4 headers
[2m2025-12-10T10:10:23.084806Z[0m [34mDEBUG[0m [2mhyper::proto::h1::conn[0m[2m:[0m incoming body is content-length (644 bytes)
[2m2025-12-10T10:10:23.084816Z[0m [34mDEBUG[0m [2mhyper::proto::h1::conn[0m[2m:[0m incoming body completed
[2m2025-12-10T10:10:23.084827Z[0m [34mDEBUG[0m [2mhyper::client::pool[0m[2m:[0m pooling idle connection for ("http", 192.168.0.14:8545)
[2m2025-12-10T10:10:23.084834Z[0m [34mDEBUG[0m [2methereum_transaction_pool_monitor::eth_client[0m[2m:[0m 📡 Transaction fetch RPC completed in 5.922875ms
[2m2025-12-10T10:10:23.155655Z[0m [34mDEBUG[0m [2methereum_transaction_pool_monitor::eth_client[0m[2m:[0m ✅ Transaction 0x7849438fbcfe392e23c82f60278cbfdae85e6657df974201a4ea1a0eaab7a768 fetched and parsed in 76.741625ms
[2m2025-12-10T10:10:23.155677Z[0m [34mDEBUG[0m [2methereum_transaction_pool_monitor::mempool_monitor[0m[2m:[0m 🔍 Skipping tx 0x7849438fbcfe392e23c82f60278cbfdae85e6657df974201a4ea1a0eaab7a768 - not a DEX interaction (target: 0x2170AF13F49a9d459eb6B2315860a99D4E8d2A91)
[2m2025-12-10T10:10:23.155687Z[0m [34mDEBUG[0m [2methereum_transaction_pool_monitor::mempool_monitor[0m[2m:[0m 📨 Processing new pending transaction: 0x561a19c75a5993b433e786d08a8f180a026cdbb04c66cfbc0a746e38107c4bef
[2m2025-12-10T10:10:23.155692Z[0m [34mDEBUG[0m [2methereum_transaction_pool_monitor::mempool_monitor[0m[2m:[0m 🔍 Fetching transaction details for: 0x561a19c75a5993b433e786d08a8f180a026cdbb04c66cfbc0a746e38107c4bef
[2m2025-12-10T10:10:23.155697Z[0m [34mDEBUG[0m [2methereum_transaction_pool_monitor::eth_client[0m[2m:[0m 🔍 Fetching transaction details for hash: 0x561a19c75a5993b433e786d08a8f180a026cdbb04c66cfbc0a746e38107c4bef
[2m2025-12-10T10:10:23.155715Z[0m [34mDEBUG[0m [2mhyper::client::pool[0m[2m:[0m reuse idle connection for ("http", 192.168.0.14:8545)
[2m2025-12-10T10:10:23.155756Z[0m [34mDEBUG[0m [2mhyper::proto::h1::io[0m[2m:[0m flushed 250 bytes
[2m2025-12-10T10:10:23.155783Z[0m [34mDEBUG[0m [2mhyper::client::pool[0m[2m:[0m reuse idle connection for ("http", 192.168.0.14:8545)
[2m2025-12-10T10:10:23.155799Z[0m [34mDEBUG[0m [2mhyper::proto::h1::io[0m[2m:[0m flushed 172 bytes
[2m2025-12-10T10:10:23.161538Z[0m [34mDEBUG[0m [2mhyper::proto::h1::io[0m[2m:[0m parsed 4 headers
[2m2025-12-10T10:10:23.161557Z[0m [34mDEBUG[0m [2mhyper::proto::h1::conn[0m[2m:[0m incoming body is content-length (45 bytes)
[2m2025-12-10T10:10:23.161577Z[0m [34mDEBUG[0m [2mhyper::proto::h1::conn[0m[2m:[0m incoming body completed
[2m2025-12-10T10:10:23.161592Z[0m [34mDEBUG[0m [2mhyper::client::pool[0m[2m:[0m pooling idle connection for ("http", 192.168.0.14:8545)
[2m2025-12-10T10:10:23.165462Z[0m [34mDEBUG[0m [2mhyper::proto::h1::io[0m[2m:[0m parsed 4 headers
[2m2025-12-10T10:10:23.165467Z[0m [34mDEBUG[0m [2mhyper::proto::h1::conn[0m[2m:[0m incoming body is content-length (643 bytes)
[2m2025-12-10T10:10:23.165472Z[0m [34mDEBUG[0m [2mhyper::proto::h1::conn[0m[2m:[0m incoming body completed
[2m2025-12-10T10:10:23.165476Z[0m [34mDEBUG[0m [2mhyper::client::pool[0m[2m:[0m pooling idle connection for ("http", 192.168.0.14:8545)
[2m2025-12-10T10:10:23.165480Z[0m [34mDEBUG[0m [2methereum_transaction_pool_monitor::eth_client[0m[2m:[0m 📡 Transaction fetch RPC completed in 9.778833ms
[2m2025-12-10T10:10:23.235623Z[0m [34mDEBUG[0m [2methereum_transaction_pool_monitor::eth_client[0m[2m:[0m ✅ Transaction 0x561a19c75a5993b433e786d08a8f180a026cdbb04c66cfbc0a746e38107c4bef fetched and parsed in 79.918625ms
[2m2025-12-10T10:10:23.235645Z[0m [34mDEBUG[0m [2methereum_transaction_pool_monitor::mempool_monitor[0m[2m:[0m 🔍 Skipping tx 0x561a19c75a5993b433e786d08a8f180a026cdbb04c66cfbc0a746e38107c4bef - not a DEX interaction (target: 0x316Fb96Cbe2fB52Dbe679d75B928FCFad858241B)
[2m2025-12-10T10:10:23.235655Z[0m [34mDEBUG[0m [2methereum_transaction_pool_monitor::mempool_monitor[0m[2m:[0m 📨 Processing new pending transaction: 0x8902502b52f4c5c78380aacd07d3416bc886ef280833d52b49395bc213bd3c03
[2m2025-12-10T10:10:23.235660Z[0m [34mDEBUG[0m [2methereum_transaction_pool_monitor::mempool_monitor[0m[2m:[0m 🔍 Fetching transaction details for: 0x8902502b52f4c5c78380aacd07d3416bc886ef280833d52b49395bc213bd3c03
[2m2025-12-10T10:10:23.235664Z[0m [34mDEBUG[0m [2methereum_transaction_pool_monitor::eth_client[0m[2m:[0m 🔍 Fetching transaction details for hash: 0x8902502b52f4c5c78380aacd07d3416bc886ef280833d52b49395bc213bd3c03
[2m2025-12-10T10:10:23.235682Z[0m [34mDEBUG[0m [2mhyper::client::pool[0m[2m:[0m reuse idle connection for ("http", 192.168.0.14:8545)
[2m2025-12-10T10:10:23.235717Z[0m [34mDEBUG[0m [2mhyper::proto::h1::io[0m[2m:[0m flushed 250 bytes
[2m2025-12-10T10:10:23.235743Z[0m [34mDEBUG[0m [2mhyper::client::pool[0m[2m:[0m reuse idle connection for ("http", 192.168.0.14:8545)
[2m2025-12-10T10:10:23.235758Z[0m [34mDEBUG[0m [2mhyper::proto::h1::io[0m[2m:[0m flushed 172 bytes
[2m2025-12-10T10:10:23.239683Z[0m [34mDEBUG[0m [2mhyper::proto::h1::io[0m[2m:[0m parsed 4 headers
[2m2025-12-10T10:10:23.239688Z[0m [34mDEBUG[0m [2mhyper::proto::h1::conn[0m[2m:[0m incoming body is content-length (45 bytes)
[2m2025-12-10T10:10:23.239695Z[0m [34mDEBUG[0m [2mhyper::proto::h1::conn[0m[2m:[0m incoming body completed
[2m2025-12-10T10:10:23.239701Z[0m [34mDEBUG[0m [2mhyper::client::pool[0m[2m:[0m pooling idle connection for ("http", 192.168.0.14:8545)
[2m2025-12-10T10:10:23.239719Z[0m [34mDEBUG[0m [2mhyper::proto::h1::io[0m[2m:[0m parsed 4 headers
[2m2025-12-10T10:10:23.239723Z[0m [34mDEBUG[0m [2mhyper::proto::h1::conn[0m[2m:[0m incoming body is content-length (641 bytes)
[2m2025-12-10T10:10:23.239728Z[0m [34mDEBUG[0m [2mhyper::proto::h1::conn[0m[2m:[0m incoming body completed
[2m2025-12-10T10:10:23.239733Z[0m [34mDEBUG[0m [2mhyper::client::pool[0m[2m:[0m pooling idle connection for ("http", 192.168.0.14:8545)
[2m2025-12-10T10:10:23.239736Z[0m [34mDEBUG[0m [2methereum_transaction_pool_monitor::eth_client[0m[2m:[0m 📡 Transaction fetch RPC completed in 4.068584ms
[2m2025-12-10T10:10:23.311230Z[0m [34mDEBUG[0m [2methereum_transaction_pool_monitor::eth_client[0m[2m:[0m ✅ Transaction 0x8902502b52f4c5c78380aacd07d3416bc886ef280833d52b49395bc213bd3c03 fetched and parsed in 75.559792ms
[2m2025-12-10T10:10:23.311255Z[0m [34mDEBUG[0m [2methereum_transaction_pool_monitor::mempool_monitor[0m[2m:[0m 🔍 Skipping tx 0x8902502b52f4c5c78380aacd07d3416bc886ef280833d52b49395bc213bd3c03 - not a DEX interaction (target: 0x75E3a4Fb236f02E463b5efFE1646934532203209)
[2m2025-12-10T10:10:23.311266Z[0m [34mDEBUG[0m [2methereum_transaction_pool_monitor::mempool_monitor[0m[2m:[0m 📨 Processing new pending transaction: 0x64aad1f80d9c37e4c418cbfeef914ed6e70810f8d583be7c0ea332b2363bfee6
[2m2025-12-10T10:10:23.311272Z[0m [34mDEBUG[0m [2methereum_transaction_pool_monitor::mempool_monitor[0m[2m:[0m 🔍 Fetching transaction details for: 0x64aad1f80d9c37e4c418cbfeef914ed6e70810f8d583be7c0ea332b2363bfee6
[2m2025-12-10T10:10:23.311275Z[0m [34mDEBUG[0m [2methereum_transaction_pool_monitor::eth_client[0m[2m:[0m 🔍 Fetching transaction details for hash: 0x64aad1f80d9c37e4c418cbfeef914ed6e70810f8d583be7c0ea332b2363bfee6
[2m2025-12-10T10:10:23.311293Z[0m [34mDEBUG[0m [2mhyper::client::pool[0m[2m:[0m reuse idle connection for ("http", 192.168.0.14:8545)
[2m2025-12-10T10:10:23.311331Z[0m [34mDEBUG[0m [2mhyper::proto::h1::io[0m[2m:[0m flushed 250 bytes
[2m2025-12-10T10:10:23.311360Z[0m [34mDEBUG[0m [2mhyper::client::pool[0m[2m:[0m reuse idle connection for ("http", 192.168.0.14:8545)
[2m2025-12-10T10:10:23.311373Z[0m [34mDEBUG[0m [2mhyper::proto::h1::io[0m[2m:[0m flushed 172 bytes
[2m2025-12-10T10:10:23.314542Z[0m [34mDEBUG[0m [2mhyper::proto::h1::io[0m[2m:[0m parsed 4 headers
[2m2025-12-10T10:10:23.314560Z[0m [34mDEBUG[0m [2mhyper::proto::h1::conn[0m[2m:[0m incoming body is content-length (45 bytes)
[2m2025-12-10T10:10:23.314580Z[0m [34mDEBUG[0m [2mhyper::proto::h1::conn[0m[2m:[0m incoming body completed
[2m2025-12-10T10:10:23.314604Z[0m [34mDEBUG[0m [2mhyper::client::pool[0m[2m:[0m pooling idle connection for ("http", 192.168.0.14:8545)
[2m2025-12-10T10:10:23.320307Z[0m [34mDEBUG[0m [2mhyper::proto::h1::io[0m[2m:[0m parsed 4 headers
[2m2025-12-10T10:10:23.320326Z[0m [34mDEBUG[0m [2mhyper::proto::h1::conn[0m[2m:[0m incoming body is content-length (551 bytes)
[2m2025-12-10T10:10:23.320352Z[0m [34mDEBUG[0m [2mhyper::proto::h1::conn[0m[2m:[0m incoming body completed
[2m2025-12-10T10:10:23.320365Z[0m [34mDEBUG[0m [2mhyper::client::pool[0m[2m:[0m pooling idle connection for ("http", 192.168.0.14:8545)
[2m2025-12-10T10:10:23.320372Z[0m [34mDEBUG[0m [2methereum_transaction_pool_monitor::eth_client[0m[2m:[0m 📡 Transaction fetch RPC completed in 9.093042ms
[2m2025-12-10T10:10:23.391816Z[0m [34mDEBUG[0m [2methereum_transaction_pool_monitor::eth_client[0m[2m:[0m ✅ Transaction 0x64aad1f80d9c37e4c418cbfeef914ed6e70810f8d583be7c0ea332b2363bfee6 fetched and parsed in 80.533875ms
[2m2025-12-10T10:10:23.391839Z[0m [34mDEBUG[0m [2methereum_transaction_pool_monitor::mempool_monitor[0m[2m:[0m 🔍 Skipping tx 0x64aad1f80d9c37e4c418cbfeef914ed6e70810f8d583be7c0ea332b2363bfee6 - not a DEX interaction (target: 0x372C933623924450b397aaaB78366adE359d4D8A)
[2m2025-12-10T10:10:23.391850Z[0m [34mDEBUG[0m [2methereum_transaction_pool_monitor::mempool_monitor[0m[2m:[0m 📨 Processing new pending transaction: 0x256e025b3dd545251d2644c8b2c877b87b8f165e3891ab36537818a618be0b06
[2m2025-12-10T10:10:23.391856Z[0m [34mDEBUG[0m [2methereum_transaction_pool_monitor::mempool_monitor[0m[2m:[0m 🔍 Fetching transaction details for: 0x256e025b3dd545251d2644c8b2c877b87b8f165e3891ab36537818a618be0b06
[2m2025-12-10T10:10:23.391860Z[0m [34mDEBUG[0m [2methereum_transaction_pool_monitor::eth_client[0m[2m:[0m 🔍 Fetching transaction details for hash: 0x256e025b3dd545251d2644c8b2c877b87b8f165e3891ab36537818a618be0b06
[2m2025-12-10T10:10:23.391878Z[0m [34mDEBUG[0m [2mhyper::client::pool[0m[2m:[0m reuse idle connection for ("http", 192.168.0.14:8545)
[2m2025-12-10T10:10:23.391914Z[0m [34mDEBUG[0m [2mhyper::proto::h1::io[0m[2m:[0m flushed 250 bytes
[2m2025-12-10T10:10:23.397968Z[0m [34mDEBUG[0m [2mhyper::client::pool[0m[2m:[0m reuse idle connection for ("http", 192.168.0.14:8545)
[2m2025-12-10T10:10:23.397974Z[0m [34mDEBUG[0m [2mhyper::proto::h1::io[0m[2m:[0m parsed 4 headers
[2m2025-12-10T10:10:23.397984Z[0m [34mDEBUG[0m [2mhyper::proto::h1::conn[0m[2m:[0m incoming body is content-length (644 bytes)
[2m2025-12-10T10:10:23.397992Z[0m [34mDEBUG[0m [2mhyper::proto::h1::io[0m[2m:[0m flushed 172 bytes
[2m2025-12-10T10:10:23.397995Z[0m [34mDEBUG[0m [2mhyper::proto::h1::conn[0m[2m:[0m incoming body completed
[2m2025-12-10T10:10:23.398006Z[0m [34mDEBUG[0m [2mhyper::client::pool[0m[2m:[0m pooling idle connection for ("http", 192.168.0.14:8545)
[2m2025-12-10T10:10:23.398011Z[0m [34mDEBUG[0m [2methereum_transaction_pool_monitor::eth_client[0m[2m:[0m 📡 Transaction fetch RPC completed in 6.147ms
[2m2025-12-10T10:10:23.400762Z[0m [34mDEBUG[0m [2mhyper::proto::h1::io[0m[2m:[0m parsed 4 headers
[2m2025-12-10T10:10:23.400769Z[0m [34mDEBUG[0m [2mhyper::proto::h1::conn[0m[2m:[0m incoming body is content-length (45 bytes)
[2m2025-12-10T10:10:23.400775Z[0m [34mDEBUG[0m [2mhyper::proto::h1::conn[0m[2m:[0m incoming body completed
[2m2025-12-10T10:10:23.400782Z[0m [34mDEBUG[0m [2mhyper::client::pool[0m[2m:[0m pooling idle connection for ("http", 192.168.0.14:8545)
[2m2025-12-10T10:10:23.468957Z[0m [34mDEBUG[0m [2methereum_transaction_pool_monitor::eth_client[0m[2m:[0m ✅ Transaction 0x256e025b3dd545251d2644c8b2c877b87b8f165e3891ab36537818a618be0b06 fetched and parsed in 77.09025ms
[2m2025-12-10T10:10:23.468981Z[0m [34mDEBUG[0m [2methereum_transaction_pool_monitor::mempool_monitor[0m[2m:[0m 🔍 Skipping tx 0x256e025b3dd545251d2644c8b2c877b87b8f165e3891ab36537818a618be0b06 - not a DEX interaction (target: 0xE2357d7845E77ac33f9B96377C1fA7c13E5e04a6)
[2m2025-12-10T10:10:23.468992Z[0m [34mDEBUG[0m [2methereum_transaction_pool_monitor::mempool_monitor[0m[2m:[0m 📨 Processing new pending transaction: 0xf1d4e59b15c2bdfc5a61abed1f4f85ed84b66ab4dd0db011a731d98db2e8459d
[2m2025-12-10T10:10:23.468997Z[0m [34mDEBUG[0m [2methereum_transaction_pool_monitor::mempool_monitor[0m[2m:[0m 🔍 Fetching transaction details for: 0xf1d4e59b15c2bdfc5a61abed1f4f85ed84b66ab4dd0db011a731d98db2e8459d
[2m2025-12-10T10:10:23.469001Z[0m [34mDEBUG[0m [2methereum_transaction_pool_monitor::eth_client[0m[2m:[0m 🔍 Fetching transaction details for hash: 0xf1d4e59b15c2bdfc5a61abed1f4f85ed84b66ab4dd0db011a731d98db2e8459d
[2m2025-12-10T10:10:23.469019Z[0m [34mDEBUG[0m [2mhyper::client::pool[0m[2m:[0m reuse idle connection for ("http", 192.168.0.14:8545)
[2m2025-12-10T10:10:23.469055Z[0m [34mDEBUG[0m [2mhyper::proto::h1::io[0m[2m:[0m flushed 250 bytes
[2m2025-12-10T10:10:23.473502Z[0m [34mDEBUG[0m [2mhyper::proto::h1::io[0m[2m:[0m parsed 4 headers
[2m2025-12-10T10:10:23.473522Z[0m [34mDEBUG[0m [2mhyper::proto::h1::conn[0m[2m:[0m incoming body is content-length (647 bytes)
[2m2025-12-10T10:10:23.473534Z[0m [34mDEBUG[0m [2mhyper::proto::h1::conn[0m[2m:[0m incoming body completed
[2m2025-12-10T10:10:23.473548Z[0m [34mDEBUG[0m [2mhyper::client::pool[0m[2m:[0m pooling idle connection for ("http", 192.168.0.14:8545)
[2m2025-12-10T10:10:23.473554Z[0m [34mDEBUG[0m [2methereum_transaction_pool_monitor::eth_client[0m[2m:[0m 📡 Transaction fetch RPC completed in 4.548541ms
[2m2025-12-10T10:10:23.545117Z[0m [34mDEBUG[0m [2methereum_transaction_pool_monitor::eth_client[0m[2m:[0m ✅ Transaction 0xf1d4e59b15c2bdfc5a61abed1f4f85ed84b66ab4dd0db011a731d98db2e8459d fetched and parsed in 76.109ms
[2m2025-12-10T10:10:23.545146Z[0m [34mDEBUG[0m [2methereum_transaction_pool_monitor::mempool_monitor[0m[2m:[0m 🔍 Skipping tx 0xf1d4e59b15c2bdfc5a61abed1f4f85ed84b66ab4dd0db011a731d98db2e8459d - not a DEX interaction (target: 0xf212966E9C758DC92139a7b9A3e8f10Ff8cdAa09)
[2m2025-12-10T10:10:23.545161Z[0m [34mDEBUG[0m [2methereum_transaction_pool_monitor::mempool_monitor[0m[2m:[0m 📨 Processing new pending transaction: 0xcb449c7eb5bd3cd5a666b052b63ab8b3f649c82258589c901a9fc8f91481fbb6
[2m2025-12-10T10:10:23.545170Z[0m [34mDEBUG[0m [2methereum_transaction_pool_monitor::mempool_monitor[0m[2m:[0m 🔍 Fetching transaction details for: 0xcb449c7eb5bd3cd5a666b052b63ab8b3f649c82258589c901a9fc8f91481fbb6
[2m2025-12-10T10:10:23.545176Z[0m [34mDEBUG[0m [2methereum_transaction_pool_monitor::eth_client[0m[2m:[0m 🔍 Fetching transaction details for hash: 0xcb449c7eb5bd3cd5a666b052b63ab8b3f649c82258589c901a9fc8f91481fbb6
[2m2025-12-10T10:10:23.545196Z[0m [34mDEBUG[0m [2mhyper::client::pool[0m[2m:[0m reuse idle connection for ("http", 192.168.0.14:8545)
[2m2025-12-10T10:10:23.545242Z[0m [34mDEBUG[0m [2mhyper::proto::h1::io[0m[2m:[0m flushed 250 bytes
[2m2025-12-10T10:10:23.545268Z[0m [34mDEBUG[0m [2mhyper::client::pool[0m[2m:[0m reuse idle connection for ("http", 192.168.0.14:8545)
[2m2025-12-10T10:10:23.545285Z[0m [34mDEBUG[0m [2mhyper::proto::h1::io[0m[2m:[0m flushed 172 bytes
[2m2025-12-10T10:10:23.549890Z[0m [34mDEBUG[0m [2mhyper::proto::h1::io[0m[2m:[0m parsed 4 headers
[2m2025-12-10T10:10:23.549899Z[0m [34mDEBUG[0m [2mhyper::proto::h1::conn[0m[2m:[0m incoming body is content-length (45 bytes)
[2m2025-12-10T10:10:23.549906Z[0m [34mDEBUG[0m [2mhyper::proto::h1::conn[0m[2m:[0m incoming body completed
[2m2025-12-10T10:10:23.549914Z[0m [34mDEBUG[0m [2mhyper::client::pool[0m[2m:[0m pooling idle connection for ("http", 192.168.0.14:8545)
[2m2025-12-10T10:10:23.554490Z[0m [34mDEBUG[0m [2mhyper::proto::h1::io[0m[2m:[0m parsed 4 headers
[2m2025-12-10T10:10:23.554516Z[0m [34mDEBUG[0m [2mhyper::proto::h1::conn[0m[2m:[0m incoming body is content-length (552 bytes)
[2m2025-12-10T10:10:23.554536Z[0m [34mDEBUG[0m [2mhyper::proto::h1::conn[0m[2m:[0m incoming body completed
[2m2025-12-10T10:10:23.554548Z[0m [34mDEBUG[0m [2mhyper::client::pool[0m[2m:[0m pooling idle connection for ("http", 192.168.0.14:8545)
[2m2025-12-10T10:10:23.554568Z[0m [34mDEBUG[0m [2methereum_transaction_pool_monitor::eth_client[0m[2m:[0m 📡 Transaction fetch RPC completed in 9.385667ms
[2m2025-12-10T10:10:23.626381Z[0m [34mDEBUG[0m [2methereum_transaction_pool_monitor::eth_client[0m[2m:[0m ✅ Transaction 0xcb449c7eb5bd3cd5a666b052b63ab8b3f649c82258589c901a9fc8f91481fbb6 fetched and parsed in 81.196917ms
[2m2025-12-10T10:10:23.626405Z[0m [34mDEBUG[0m [2methereum_transaction_pool_monitor::mempool_monitor[0m[2m:[0m 🔍 Skipping tx 0xcb449c7eb5bd3cd5a666b052b63ab8b3f649c82258589c901a9fc8f91481fbb6 - not a DEX interaction (target: 0xcCc1f8DFB5bDDA39476328E5e37aCD1F82Fef465)
[2m2025-12-10T10:10:23.626414Z[0m [34mDEBUG[0m [2methereum_transaction_pool_monitor::mempool_monitor[0m[2m:[0m 📨 Processing new pending transaction: 0xc62bdb936511963065e82215879a44cb3a15c0a0575d2ad0651211958257686f
[2m2025-12-10T10:10:23.626420Z[0m [34mDEBUG[0m [2methereum_transaction_pool_monitor::mempool_monitor[0m[2m:[0m 🔍 Fetching transaction details for: 0xc62bdb936511963065e82215879a44cb3a15c0a0575d2ad0651211958257686f
[2m2025-12-10T10:10:23.626424Z[0m [34mDEBUG[0m [2methereum_transaction_pool_monitor::eth_client[0m[2m:[0m 🔍 Fetching transaction details for hash: 0xc62bdb936511963065e82215879a44cb3a15c0a0575d2ad0651211958257686f
[2m2025-12-10T10:10:23.626440Z[0m [34mDEBUG[0m [2mhyper::client::pool[0m[2m:[0m reuse idle connection for ("http", 192.168.0.14:8545)
[2m2025-12-10T10:10:23.626479Z[0m [34mDEBUG[0m [2mhyper::proto::h1::io[0m[2m:[0m flushed 250 bytes
[2m2025-12-10T10:10:23.626511Z[0m [34mDEBUG[0m [2mhyper::client::pool[0m[2m:[0m reuse idle connection for ("http", 192.168.0.14:8545)
[2m2025-12-10T10:10:23.626529Z[0m [34mDEBUG[0m [2mhyper::proto::h1::io[0m[2m:[0m flushed 172 bytes
[2m2025-12-10T10:10:23.633537Z[0m [34mDEBUG[0m [2mhyper::proto::h1::io[0m[2m:[0m parsed 4 headers
[2m2025-12-10T10:10:23.633544Z[0m [34mDEBUG[0m [2mhyper::proto::h1::conn[0m[2m:[0m incoming body is content-length (770 bytes)
[2m2025-12-10T10:10:23.633551Z[0m [34mDEBUG[0m [2mhyper::proto::h1::conn[0m[2m:[0m incoming body completed
[2m2025-12-10T10:10:23.633560Z[0m [34mDEBUG[0m [2mhyper::client::pool[0m[2m:[0m pooling idle connection for ("http", 192.168.0.14:8545)
[2m2025-12-10T10:10:23.633566Z[0m [34mDEBUG[0m [2methereum_transaction_pool_monitor::eth_client[0m[2m:[0m 📡 Transaction fetch RPC completed in 7.138417ms
[2m2025-12-10T10:10:23.633580Z[0m [34mDEBUG[0m [2methereum_transaction_pool_monitor::eth_client[0m[2m:[0m DeFi transaction detected - Address: 0xdac17f958d2ee523a2206206994597c13d831ec7, Type: Stablecoin, Value: 0 ETH, Gas: 0.24 Gwei
[2m2025-12-10T10:10:23.633592Z[0m [34mDEBUG[0m [2methereum_transaction_pool_monitor::eth_client[0m[2m:[0m ✅ Transaction 0xc62bdb936511963065e82215879a44cb3a15c0a0575d2ad0651211958257686f fetched and parsed in 7.164167ms
[2m2025-12-10T10:10:23.633597Z[0m [34mDEBUG[0m [2methereum_transaction_pool_monitor::mempool_monitor[0m[2m:[0m 🔍 Skipping tx 0xc62bdb936511963065e82215879a44cb3a15c0a0575d2ad0651211958257686f - not a DEX interaction (target: 0xdAC17F958D2ee523a2206206994597C13D831ec7)
[2m2025-12-10T10:10:23.633605Z[0m [34mDEBUG[0m [2methereum_transaction_pool_monitor::mempool_monitor[0m[2m:[0m 📨 Processing new pending transaction: 0x672cc6ae2f467826584a20eeeee52fb20e5b0087fd9de48846e301e4a508e116
[2m2025-12-10T10:10:23.633609Z[0m [34mDEBUG[0m [2methereum_transaction_pool_monitor::mempool_monitor[0m[2m:[0m 🔍 Fetching transaction details for: 0x672cc6ae2f467826584a20eeeee52fb20e5b0087fd9de48846e301e4a508e116
[2m2025-12-10T10:10:23.633612Z[0m [34mDEBUG[0m [2methereum_transaction_pool_monitor::eth_client[0m[2m:[0m 🔍 Fetching transaction details for hash: 0x672cc6ae2f467826584a20eeeee52fb20e5b0087fd9de48846e301e4a508e116
[2m2025-12-10T10:10:23.633620Z[0m [34mDEBUG[0m [2mhyper::client::pool[0m[2m:[0m reuse idle connection for ("http", 192.168.0.14:8545)
[2m2025-12-10T10:10:23.633635Z[0m [34mDEBUG[0m [2mhyper::proto::h1::io[0m[2m:[0m flushed 250 bytes
[2m2025-12-10T10:10:23.633643Z[0m [34mDEBUG[0m [2mhyper::proto::h1::io[0m[2m:[0m parsed 4 headers
[2m2025-12-10T10:10:23.633646Z[0m [34mDEBUG[0m [2mhyper::proto::h1::conn[0m[2m:[0m incoming body is content-length (45 bytes)
[2m2025-12-10T10:10:23.633650Z[0m [34mDEBUG[0m [2mhyper::proto::h1::conn[0m[2m:[0m incoming body completed
[2m2025-12-10T10:10:23.633654Z[0m [34mDEBUG[0m [2mhyper::client::pool[0m[2m:[0m pooling idle connection for ("http", 192.168.0.14:8545)
[2m2025-12-10T10:10:23.640422Z[0m [34mDEBUG[0m [2mhyper::proto::h1::io[0m[2m:[0m parsed 4 headers
[2m2025-12-10T10:10:23.640430Z[0m [34mDEBUG[0m [2mhyper::proto::h1::conn[0m[2m:[0m incoming body is content-length (646 bytes)
[2m2025-12-10T10:10:23.640435Z[0m [34mDEBUG[0m [2mhyper::proto::h1::conn[0m[2m:[0m incoming body completed
[2m2025-12-10T10:10:23.640442Z[0m [34mDEBUG[0m [2mhyper::client::pool[0m[2m:[0m pooling idle connection for ("http", 192.168.0.14:8545)
[2m2025-12-10T10:10:23.640448Z[0m [34mDEBUG[0m [2methereum_transaction_pool_monitor::eth_client[0m[2m:[0m 📡 Transaction fetch RPC completed in 6.832125ms
[2m2025-12-10T10:10:23.711554Z[0m [34mDEBUG[0m [2methereum_transaction_pool_monitor::eth_client[0m[2m:[0m ✅ Transaction 0x672cc6ae2f467826584a20eeeee52fb20e5b0087fd9de48846e301e4a508e116 fetched and parsed in 77.936125ms
[2m2025-12-10T10:10:23.711582Z[0m [34mDEBUG[0m [2methereum_transaction_pool_monitor::mempool_monitor[0m[2m:[0m 🔍 Skipping tx 0x672cc6ae2f467826584a20eeeee52fb20e5b0087fd9de48846e301e4a508e116 - not a DEX interaction (target: 0x4d1E9d16dc7c59cF20Ab8Cbdf57A66313C959b3f)
[2m2025-12-10T10:10:23.711592Z[0m [34mDEBUG[0m [2methereum_transaction_pool_monitor::mempool_monitor[0m[2m:[0m 📨 Processing new pending transaction: 0xebd2c245ea22676c02ec3afc3f629c2402d0cb5d2a6ba943e06cc8e44da4f002
[2m2025-12-10T10:10:23.711601Z[0m [34mDEBUG[0m [2methereum_transaction_pool_monitor::mempool_monitor[0m[2m:[0m 🔍 Fetching transaction details for: 0xebd2c245ea22676c02ec3afc3f629c2402d0cb5d2a6ba943e06cc8e44da4f002
[2m2025-12-10T10:10:23.711607Z[0m [34mDEBUG[0m [2methereum_transaction_pool_monitor::eth_client[0m[2m:[0m 🔍 Fetching transaction details for hash: 0xebd2c245ea22676c02ec3afc3f629c2402d0cb5d2a6ba943e06cc8e44da4f002
[2m2025-12-10T10:10:23.711626Z[0m [34mDEBUG[0m [2mhyper::client::pool[0m[2m:[0m reuse idle connection for ("http", 192.168.0.14:8545)
[2m2025-12-10T10:10:23.711661Z[0m [34mDEBUG[0m [2mhyper::proto::h1::io[0m[2m:[0m flushed 250 bytes
[2m2025-12-10T10:10:23.711680Z[0m [34mDEBUG[0m [2mhyper::client::pool[0m[2m:[0m reuse idle connection for ("http", 192.168.0.14:8545)
[2m2025-12-10T10:10:23.711696Z[0m [34mDEBUG[0m [2mhyper::proto::h1::io[0m[2m:[0m flushed 172 bytes
[2m2025-12-10T10:10:23.711725Z[0m [34mDEBUG[0m [2methereum_transaction_pool_monitor::eth_client[0m[2m:[0m 📨 Received WebSocket message: {"jsonrpc":"2.0","method":"eth_subscription","params":{"subscription":"0xbed0a0851463e895960a451075a301a9","result":"0xf8d5b3d2902bf647ec430fdb560e2149c0cb81b4c7b480efcc285bc842b84d4a"}}
[2m2025-12-10T10:10:23.711737Z[0m [34mDEBUG[0m [2methereum_transaction_pool_monitor::eth_client[0m[2m:[0m 📨 Received pending transaction: 0xf8d5b3d2902bf647ec430fdb560e2149c0cb81b4c7b480efcc285bc842b84d4a
[2m2025-12-10T10:10:23.715352Z[0m [34mDEBUG[0m [2mhyper::proto::h1::io[0m[2m:[0m parsed 4 headers
[2m2025-12-10T10:10:23.715359Z[0m [34mDEBUG[0m [2mhyper::proto::h1::conn[0m[2m:[0m incoming body is content-length (45 bytes)
[2m2025-12-10T10:10:23.715365Z[0m [34mDEBUG[0m [2mhyper::proto::h1::conn[0m[2m:[0m incoming body completed
[2m2025-12-10T10:10:23.715373Z[0m [34mDEBUG[0m [2mhyper::client::pool[0m[2m:[0m pooling idle connection for ("http", 192.168.0.14:8545)
[2m2025-12-10T10:10:23.715833Z[0m [34mDEBUG[0m [2mhyper::proto::h1::io[0m[2m:[0m parsed 4 headers
[2m2025-12-10T10:10:23.715839Z[0m [34mDEBUG[0m [2mhyper::proto::h1::conn[0m[2m:[0m incoming body is content-length (680 bytes)
[2m2025-12-10T10:10:23.715845Z[0m [34mDEBUG[0m [2mhyper::proto::h1::conn[0m[2m:[0m incoming body completed
[2m2025-12-10T10:10:23.715852Z[0m [34mDEBUG[0m [2mhyper::client::pool[0m[2m:[0m pooling idle connection for ("http", 192.168.0.14:8545)
[2m2025-12-10T10:10:23.715857Z[0m [34mDEBUG[0m [2methereum_transaction_pool_monitor::eth_client[0m[2m:[0m 📡 Transaction fetch RPC completed in 4.244167ms
[2m2025-12-10T10:10:23.715870Z[0m [34mDEBUG[0m [2methereum_transaction_pool_monitor::eth_client[0m[2m:[0m DeFi transaction detected - Address: 0xdac17f958d2ee523a2206206994597c13d831ec7, Type: Stablecoin, Value: 0 ETH, Gas: 1.00 Gwei
[2m2025-12-10T10:10:23.715882Z[0m [34mDEBUG[0m [2methereum_transaction_pool_monitor::eth_client[0m[2m:[0m ✅ Transaction 0xebd2c245ea22676c02ec3afc3f629c2402d0cb5d2a6ba943e06cc8e44da4f002 fetched and parsed in 4.269042ms
[2m2025-12-10T10:10:23.715888Z[0m [34mDEBUG[0m [2methereum_transaction_pool_monitor::mempool_monitor[0m[2m:[0m 🔍 Skipping tx 0xebd2c245ea22676c02ec3afc3f629c2402d0cb5d2a6ba943e06cc8e44da4f002 - not a DEX interaction (target: 0xdAC17F958D2ee523a2206206994597C13D831ec7)
[2m2025-12-10T10:10:23.715896Z[0m [34mDEBUG[0m [2methereum_transaction_pool_monitor::mempool_monitor[0m[2m:[0m 📨 Processing new pending transaction: 0x0b1279fdaa9d2f7b7f1509783da702b911a50f455e120c33351b1bdc73fd60a3
[2m2025-12-10T10:10:23.715901Z[0m [34mDEBUG[0m [2methereum_transaction_pool_monitor::mempool_monitor[0m[2m:[0m 🔍 Fetching transaction details for: 0x0b1279fdaa9d2f7b7f1509783da702b911a50f455e120c33351b1bdc73fd60a3
[2m2025-12-10T10:10:23.715905Z[0m [34mDEBUG[0m [2methereum_transaction_pool_monitor::eth_client[0m[2m:[0m 🔍 Fetching transaction details for hash: 0x0b1279fdaa9d2f7b7f1509783da702b911a50f455e120c33351b1bdc73fd60a3
[2m2025-12-10T10:10:23.715915Z[0m [34mDEBUG[0m [2mhyper::client::pool[0m[2m:[0m reuse idle connection for ("http", 192.168.0.14:8545)
[2m2025-12-10T10:10:23.715932Z[0m [34mDEBUG[0m [2mhyper::proto::h1::io[0m[2m:[0m flushed 250 bytes
[2m2025-12-10T10:10:23.719809Z[0m [34mDEBUG[0m [2mhyper::proto::h1::io[0m[2m:[0m parsed 4 headers
[2m2025-12-10T10:10:23.719828Z[0m [34mDEBUG[0m [2mhyper::proto::h1::conn[0m[2m:[0m incoming body is content-length (830 bytes)
[2m2025-12-10T10:10:23.719845Z[0m [34mDEBUG[0m [2mhyper::proto::h1::conn[0m[2m:[0m incoming body completed
[2m2025-12-10T10:10:23.719864Z[0m [34mDEBUG[0m [2mhyper::client::pool[0m[2m:[0m pooling idle connection for ("http", 192.168.0.14:8545)
[2m2025-12-10T10:10:23.719869Z[0m [34mDEBUG[0m [2methereum_transaction_pool_monitor::eth_client[0m[2m:[0m 📡 Transaction fetch RPC completed in 3.961083ms
[2m2025-12-10T10:10:23.791627Z[0m [34mDEBUG[0m [2methereum_transaction_pool_monitor::eth_client[0m[2m:[0m ✅ Transaction 0x0b1279fdaa9d2f7b7f1509783da702b911a50f455e120c33351b1bdc73fd60a3 fetched and parsed in 75.716583ms
[2m2025-12-10T10:10:23.791652Z[0m [34mDEBUG[0m [2methereum_transaction_pool_monitor::mempool_monitor[0m[2m:[0m 🔍 Skipping tx 0x0b1279fdaa9d2f7b7f1509783da702b911a50f455e120c33351b1bdc73fd60a3 - not a DEX interaction (target: 0x3B4D794a66304F130a4Db8F2551B0070dfCf5ca7)
[2m2025-12-10T10:10:23.791661Z[0m [34mDEBUG[0m [2methereum_transaction_pool_monitor::mempool_monitor[0m[2m:[0m 📨 Processing new pending transaction: 0x619da159e98d6f6df77d7431c9aebcd28c266d5cc9b951497680ec5690de4683
[2m2025-12-10T10:10:23.791666Z[0m [34mDEBUG[0m [2methereum_transaction_pool_monitor::mempool_monitor[0m[2m:[0m 🔍 Fetching transaction details for: 0x619da159e98d6f6df77d7431c9aebcd28c266d5cc9b951497680ec5690de4683
[2m2025-12-10T10:10:23.791671Z[0m [34mDEBUG[0m [2methereum_transaction_pool_monitor::eth_client[0m[2m:[0m 🔍 Fetching transaction details for hash: 0x619da159e98d6f6df77d7431c9aebcd28c266d5cc9b951497680ec5690de4683
[2m2025-12-10T10:10:23.791688Z[0m [34mDEBUG[0m [2mhyper::client::pool[0m[2m:[0m reuse idle connection for ("http", 192.168.0.14:8545)
[2m2025-12-10T10:10:23.791729Z[0m [34mDEBUG[0m [2mhyper::proto::h1::io[0m[2m:[0m flushed 250 bytes
[2m2025-12-10T10:10:23.791749Z[0m [34mDEBUG[0m [2methereum_transaction_pool_monitor::eth_client[0m[2m:[0m 📨 Received WebSocket message: {"jsonrpc":"2.0","method":"eth_subscription","params":{"subscription":"0xbed0a0851463e895960a451075a301a9","result":"0x29dfbfae2128509c78d27841fffb5c78e2aa7abf738b7a9ded45e228cb47efe4"}}
[2m2025-12-10T10:10:23.791757Z[0m [34mDEBUG[0m [2methereum_transaction_pool_monitor::eth_client[0m[2m:[0m 📨 Received pending transaction: 0x29dfbfae2128509c78d27841fffb5c78e2aa7abf738b7a9ded45e228cb47efe4
[2m2025-12-10T10:10:23.796243Z[0m [34mDEBUG[0m [2mhyper::proto::h1::io[0m[2m:[0m parsed 4 headers
[2m2025-12-10T10:10:23.796249Z[0m [34mDEBUG[0m [2mhyper::proto::h1::conn[0m[2m:[0m incoming body is content-length (644 bytes)
[2m2025-12-10T10:10:23.796256Z[0m [34mDEBUG[0m [2mhyper::proto::h1::conn[0m[2m:[0m incoming body completed
[2m2025-12-10T10:10:23.796265Z[0m [34mDEBUG[0m [2mhyper::client::pool[0m[2m:[0m pooling idle connection for ("http", 192.168.0.14:8545)
[2m2025-12-10T10:10:23.796271Z[0m [34mDEBUG[0m [2methereum_transaction_pool_monitor::eth_client[0m[2m:[0m 📡 Transaction fetch RPC completed in 4.595833ms
[2m2025-12-10T10:10:23.867620Z[0m [34mDEBUG[0m [2methereum_transaction_pool_monitor::eth_client[0m[2m:[0m ✅ Transaction 0x619da159e98d6f6df77d7431c9aebcd28c266d5cc9b951497680ec5690de4683 fetched and parsed in 75.941875ms
[2m2025-12-10T10:10:23.867646Z[0m [34mDEBUG[0m [2methereum_transaction_pool_monitor::mempool_monitor[0m[2m:[0m 🔍 Skipping tx 0x619da159e98d6f6df77d7431c9aebcd28c266d5cc9b951497680ec5690de4683 - not a DEX interaction (target: 0x17E5545B11b468072283Cee1F066a059Fb0dbF24)
[2m2025-12-10T10:10:23.867656Z[0m [34mDEBUG[0m [2methereum_transaction_pool_monitor::mempool_monitor[0m[2m:[0m 📨 Processing new pending transaction: 0x5d6172a0ca79c8a990b8951686e8895ea98f3693e76dde4e7161171a4920d93e
[2m2025-12-10T10:10:23.867661Z[0m [34mDEBUG[0m [2methereum_transaction_pool_monitor::mempool_monitor[0m[2m:[0m 🔍 Fetching transaction details for: 0x5d6172a0ca79c8a990b8951686e8895ea98f3693e76dde4e7161171a4920d93e
[2m2025-12-10T10:10:23.867665Z[0m [34mDEBUG[0m [2methereum_transaction_pool_monitor::eth_client[0m[2m:[0m 🔍 Fetching transaction details for hash: 0x5d6172a0ca79c8a990b8951686e8895ea98f3693e76dde4e7161171a4920d93e
[2m2025-12-10T10:10:23.867683Z[0m [34mDEBUG[0m [2mhyper::client::pool[0m[2m:[0m reuse idle connection for ("http", 192.168.0.14:8545)
[2m2025-12-10T10:10:23.867717Z[0m [34mDEBUG[0m [2mhyper::proto::h1::io[0m[2m:[0m flushed 250 bytes
[2m2025-12-10T10:10:23.867736Z[0m [34mDEBUG[0m [2mhyper::client::pool[0m[2m:[0m reuse idle connection for ("http", 192.168.0.14:8545)
[2m2025-12-10T10:10:23.867745Z[0m [34mDEBUG[0m [2methereum_transaction_pool_monitor::eth_client[0m[2m:[0m 📨 Received WebSocket message: {"jsonrpc":"2.0","method":"eth_subscription","params":{"subscription":"0xbed0a0851463e895960a451075a301a9","result":"0x6d413ebc7e24fb09e8656c78aa5770767ca1b32b96e2aba274d60aa9c899e3ec"}}
[2m2025-12-10T10:10:23.867749Z[0m [34mDEBUG[0m [2mhyper::proto::h1::io[0m[2m:[0m flushed 172 bytes
[2m2025-12-10T10:10:23.867756Z[0m [34mDEBUG[0m [2methereum_transaction_pool_monitor::eth_client[0m[2m:[0m 📨 Received pending transaction: 0x6d413ebc7e24fb09e8656c78aa5770767ca1b32b96e2aba274d60aa9c899e3ec
[2m2025-12-10T10:10:23.873382Z[0m [34mDEBUG[0m [2mhyper::proto::h1::io[0m[2m:[0m parsed 4 headers
[2m2025-12-10T10:10:23.873390Z[0m [34mDEBUG[0m [2mhyper::proto::h1::conn[0m[2m:[0m incoming body is content-length (766 bytes)
[2m2025-12-10T10:10:23.873396Z[0m [34mDEBUG[0m [2mhyper::proto::h1::conn[0m[2m:[0m incoming body completed
[2m2025-12-10T10:10:23.873403Z[0m [34mDEBUG[0m [2mhyper::client::pool[0m[2m:[0m pooling idle connection for ("http", 192.168.0.14:8545)
[2m2025-12-10T10:10:23.873409Z[0m [34mDEBUG[0m [2methereum_transaction_pool_monitor::eth_client[0m[2m:[0m 📡 Transaction fetch RPC completed in 5.7395ms
[2m2025-12-10T10:10:23.873421Z[0m [34mDEBUG[0m [2methereum_transaction_pool_monitor::eth_client[0m[2m:[0m DeFi transaction detected - Address: 0xdac17f958d2ee523a2206206994597c13d831ec7, Type: Stablecoin, Value: 0 ETH, Gas: 0.25 Gwei
[2m2025-12-10T10:10:23.873431Z[0m [34mDEBUG[0m [2methereum_transaction_pool_monitor::eth_client[0m[2m:[0m ✅ Transaction 0x5d6172a0ca79c8a990b8951686e8895ea98f3693e76dde4e7161171a4920d93e fetched and parsed in 5.76225ms
[2m2025-12-10T10:10:23.873437Z[0m [34mDEBUG[0m [2methereum_transaction_pool_monitor::mempool_monitor[0m[2m:[0m 🔍 Skipping tx 0x5d6172a0ca79c8a990b8951686e8895ea98f3693e76dde4e7161171a4920d93e - not a DEX interaction (target: 0xdAC17F958D2ee523a2206206994597C13D831ec7)
[2m2025-12-10T10:10:23.873442Z[0m [34mDEBUG[0m [2methereum_transaction_pool_monitor::mempool_monitor[0m[2m:[0m 📨 Processing new pending transaction: 0x42bbf9f9fab8a7a54803adf8b5897c8c7c727b00b72aaeabe7c76a4aef0a3492
[2m2025-12-10T10:10:23.873446Z[0m [34mDEBUG[0m [2methereum_transaction_pool_monitor::mempool_monitor[0m[2m:[0m 🔍 Fetching transaction details for: 0x42bbf9f9fab8a7a54803adf8b5897c8c7c727b00b72aaeabe7c76a4aef0a3492
[2m2025-12-10T10:10:23.873449Z[0m [34mDEBUG[0m [2methereum_transaction_pool_monitor::eth_client[0m[2m:[0m 🔍 Fetching transaction details for hash: 0x42bbf9f9fab8a7a54803adf8b5897c8c7c727b00b72aaeabe7c76a4aef0a3492
[2m2025-12-10T10:10:23.873459Z[0m [34mDEBUG[0m [2mhyper::client::pool[0m[2m:[0m reuse idle connection for ("http", 192.168.0.14:8545)
[2m2025-12-10T10:10:23.873474Z[0m [34mDEBUG[0m [2mhyper::proto::h1::io[0m[2m:[0m flushed 250 bytes
[2m2025-12-10T10:10:23.873481Z[0m [34mDEBUG[0m [2mhyper::proto::h1::io[0m[2m:[0m parsed 4 headers
[2m2025-12-10T10:10:23.873484Z[0m [34mDEBUG[0m [2mhyper::proto::h1::conn[0m[2m:[0m incoming body is content-length (45 bytes)
[2m2025-12-10T10:10:23.873488Z[0m [34mDEBUG[0m [2mhyper::proto::h1::conn[0m[2m:[0m incoming body completed
[2m2025-12-10T10:10:23.873492Z[0m [34mDEBUG[0m [2mhyper::client::pool[0m[2m:[0m pooling idle connection for ("http", 192.168.0.14:8545)
[2m2025-12-10T10:10:23.878150Z[0m [34mDEBUG[0m [2mhyper::proto::h1::io[0m[2m:[0m parsed 4 headers
[2m2025-12-10T10:10:23.878162Z[0m [34mDEBUG[0m [2mhyper::proto::h1::conn[0m[2m:[0m incoming body is content-length (771 bytes)
[2m2025-12-10T10:10:23.878170Z[0m [34mDEBUG[0m [2mhyper::proto::h1::conn[0m[2m:[0m incoming body completed
[2m2025-12-10T10:10:23.878179Z[0m [34mDEBUG[0m [2mhyper::client::pool[0m[2m:[0m pooling idle connection for ("http", 192.168.0.14:8545)
[2m2025-12-10T10:10:23.878185Z[0m [34mDEBUG[0m [2methereum_transaction_pool_monitor::eth_client[0m[2m:[0m 📡 Transaction fetch RPC completed in 4.732416ms
[2m2025-12-10T10:10:23.878203Z[0m [34mDEBUG[0m [2methereum_transaction_pool_monitor::eth_client[0m[2m:[0m DeFi transaction detected - Address: 0xdac17f958d2ee523a2206206994597c13d831ec7, Type: Stablecoin, Value: 0 ETH, Gas: 2.27 Gwei
[2m2025-12-10T10:10:23.878217Z[0m [34mDEBUG[0m [2methereum_transaction_pool_monitor::eth_client[0m[2m:[0m ✅ Transaction 0x42bbf9f9fab8a7a54803adf8b5897c8c7c727b00b72aaeabe7c76a4aef0a3492 fetched and parsed in 4.76475ms
[2m2025-12-10T10:10:23.878224Z[0m [34mDEBUG[0m [2methereum_transaction_pool_monitor::mempool_monitor[0m[2m:[0m 🔍 Skipping tx 0x42bbf9f9fab8a7a54803adf8b5897c8c7c727b00b72aaeabe7c76a4aef0a3492 - not a DEX interaction (target: 0xdAC17F958D2ee523a2206206994597C13D831ec7)
[2m2025-12-10T10:10:23.878232Z[0m [34mDEBUG[0m [2methereum_transaction_pool_monitor::mempool_monitor[0m[2m:[0m 📨 Processing new pending transaction: 0x8832399e75c5a86ed236b8c566e762e4a58729cb957bbefc517a812c90ad499e
[2m2025-12-10T10:10:23.878237Z[0m [34mDEBUG[0m [2methereum_transaction_pool_monitor::mempool_monitor[0m[2m:[0m 🔍 Fetching transaction details for: 0x8832399e75c5a86ed236b8c566e762e4a58729cb957bbefc517a812c90ad499e
[2m2025-12-10T10:10:23.878241Z[0m [34mDEBUG[0m [2methereum_transaction_pool_monitor::eth_client[0m[2m:[0m 🔍 Fetching transaction details for hash: 0x8832399e75c5a86ed236b8c566e762e4a58729cb957bbefc517a812c90ad499e
[2m2025-12-10T10:10:23.878254Z[0m [34mDEBUG[0m [2mhyper::client::pool[0m[2m:[0m reuse idle connection for ("http", 192.168.0.14:8545)
[2m2025-12-10T10:10:23.878273Z[0m [34mDEBUG[0m [2mhyper::proto::h1::io[0m[2m:[0m flushed 250 bytes
[2m2025-12-10T10:10:23.879396Z[0m [34mDEBUG[0m [2methereum_transaction_pool_monitor::eth_client[0m[2m:[0m 📨 Received WebSocket message: {"jsonrpc":"2.0","method":"eth_subscription","params":{"subscription":"0xbed0a0851463e895960a451075a301a9","result":"0x5303d62e8ed7bc8cdb1230729f05a4cb2c5d2ee12a536eff108adbf427d63e95"}}
[2m2025-12-10T10:10:23.879423Z[0m [34mDEBUG[0m [2methereum_transaction_pool_monitor::eth_client[0m[2m:[0m 📨 Received pending transaction: 0x5303d62e8ed7bc8cdb1230729f05a4cb2c5d2ee12a536eff108adbf427d63e95
[2m2025-12-10T10:10:23.883451Z[0m [34mDEBUG[0m [2mhyper::proto::h1::io[0m[2m:[0m parsed 4 headers
[2m2025-12-10T10:10:23.883455Z[0m [34mDEBUG[0m [2mhyper::proto::h1::conn[0m[2m:[0m incoming body is content-length (675 bytes)
[2m2025-12-10T10:10:23.883459Z[0m [34mDEBUG[0m [2mhyper::proto::h1::conn[0m[2m:[0m incoming body completed
[2m2025-12-10T10:10:23.883463Z[0m [34mDEBUG[0m [2mhyper::client::pool[0m[2m:[0m pooling idle connection for ("http", 192.168.0.14:8545)
[2m2025-12-10T10:10:23.883467Z[0m [34mDEBUG[0m [2methereum_transaction_pool_monitor::eth_client[0m[2m:[0m 📡 Transaction fetch RPC completed in 5.221417ms
[2m2025-12-10T10:10:23.883474Z[0m [34mDEBUG[0m [2methereum_transaction_pool_monitor::eth_client[0m[2m:[0m DeFi transaction detected - Address: 0xdac17f958d2ee523a2206206994597c13d831ec7, Type: Stablecoin, Value: 0 ETH, Gas: 2.00 Gwei
[2m2025-12-10T10:10:23.883481Z[0m [34mDEBUG[0m [2methereum_transaction_pool_monitor::eth_client[0m[2m:[0m ✅ Transaction 0x8832399e75c5a86ed236b8c566e762e4a58729cb957bbefc517a812c90ad499e fetched and parsed in 5.235792ms
[2m2025-12-10T10:10:23.883485Z[0m [34mDEBUG[0m [2methereum_transaction_pool_monitor::mempool_monitor[0m[2m:[0m 🔍 Skipping tx 0x8832399e75c5a86ed236b8c566e762e4a58729cb957bbefc517a812c90ad499e - not a DEX interaction (target: 0xdAC17F958D2ee523a2206206994597C13D831ec7)
[2m2025-12-10T10:10:23.883490Z[0m [34mDEBUG[0m [2methereum_transaction_pool_monitor::mempool_monitor[0m[2m:[0m 📨 Processing new pending transaction: 0xa86f779a0f2af703ba506728ce7b7f05ce992d3abd8c99c9da991fe9c576d5a1
[2m2025-12-10T10:10:23.883493Z[0m [34mDEBUG[0m [2methereum_transaction_pool_monitor::mempool_monitor[0m[2m:[0m 🔍 Fetching transaction details for: 0xa86f779a0f2af703ba506728ce7b7f05ce992d3abd8c99c9da991fe9c576d5a1
[2m2025-12-10T10:10:23.883496Z[0m [34mDEBUG[0m [2methereum_transaction_pool_monitor::eth_client[0m[2m:[0m 🔍 Fetching transaction details for hash: 0xa86f779a0f2af703ba506728ce7b7f05ce992d3abd8c99c9da991fe9c576d5a1
[2m2025-12-10T10:10:23.883502Z[0m [34mDEBUG[0m [2mhyper::client::pool[0m[2m:[0m reuse idle connection for ("http", 192.168.0.14:8545)
[2m2025-12-10T10:10:23.883513Z[0m [34mDEBUG[0m [2mhyper::proto::h1::io[0m[2m:[0m flushed 250 bytes
[2m2025-12-10T10:10:23.890617Z[0m [34mDEBUG[0m [2mhyper::proto::h1::io[0m[2m:[0m parsed 4 headers
[2m2025-12-10T10:10:23.890625Z[0m [34mDEBUG[0m [2mhyper::proto::h1::conn[0m[2m:[0m incoming body is content-length (830 bytes)
[2m2025-12-10T10:10:23.890630Z[0m [34mDEBUG[0m [2mhyper::proto::h1::conn[0m[2m:[0m incoming body completed
[2m2025-12-10T10:10:23.890637Z[0m [34mDEBUG[0m [2mhyper::client::pool[0m[2m:[0m pooling idle connection for ("http", 192.168.0.14:8545)
[2m2025-12-10T10:10:23.890642Z[0m [34mDEBUG[0m [2methereum_transaction_pool_monitor::eth_client[0m[2m:[0m 📡 Transaction fetch RPC completed in 7.142584ms
[2m2025-12-10T10:10:23.961910Z[0m [34mDEBUG[0m [2methereum_transaction_pool_monitor::eth_client[0m[2m:[0m ✅ Transaction 0xa86f779a0f2af703ba506728ce7b7f05ce992d3abd8c99c9da991fe9c576d5a1 fetched and parsed in 78.40775ms
[2m2025-12-10T10:10:23.961942Z[0m [34mDEBUG[0m [2methereum_transaction_pool_monitor::mempool_monitor[0m[2m:[0m 🔍 Skipping tx 0xa86f779a0f2af703ba506728ce7b7f05ce992d3abd8c99c9da991fe9c576d5a1 - not a DEX interaction (target: 0x3B4D794a66304F130a4Db8F2551B0070dfCf5ca7)
[2m2025-12-10T10:10:23.961954Z[0m [34mDEBUG[0m [2methereum_transaction_pool_monitor::mempool_monitor[0m[2m:[0m 📨 Processing new pending transaction: 0x6410c8584522034145d8c02175cd67f17a9f2caf0c563f8671a9fd2ee062f62f
[2m2025-12-10T10:10:23.961959Z[0m [34mDEBUG[0m [2methereum_transaction_pool_monitor::mempool_monitor[0m[2m:[0m 🔍 Fetching transaction details for: 0x6410c8584522034145d8c02175cd67f17a9f2caf0c563f8671a9fd2ee062f62f
[2m2025-12-10T10:10:23.961964Z[0m [34mDEBUG[0m [2methereum_transaction_pool_monitor::eth_client[0m[2m:[0m 🔍 Fetching transaction details for hash: 0x6410c8584522034145d8c02175cd67f17a9f2caf0c563f8671a9fd2ee062f62f
[2m2025-12-10T10:10:23.961984Z[0m [34mDEBUG[0m [2mhyper::client::pool[0m[2m:[0m reuse idle connection for ("http", 192.168.0.14:8545)
[2m2025-12-10T10:10:23.962011Z[0m [34mDEBUG[0m [2mhyper::proto::h1::io[0m[2m:[0m flushed 250 bytes
[2m2025-12-10T10:10:23.962037Z[0m [34mDEBUG[0m [2mhyper::client::pool[0m[2m:[0m reuse idle connection for ("http", 192.168.0.14:8545)
[2m2025-12-10T10:10:23.962050Z[0m [34mDEBUG[0m [2mhyper::proto::h1::io[0m[2m:[0m flushed 172 bytes
[2m2025-12-10T10:10:23.968048Z[0m [34mDEBUG[0m [2mhyper::proto::h1::io[0m[2m:[0m parsed 4 headers
[2m2025-12-10T10:10:23.968059Z[0m [34mDEBUG[0m [2mhyper::proto::h1::conn[0m[2m:[0m incoming body is content-length (776 bytes)
[2m2025-12-10T10:10:23.968066Z[0m [34mDEBUG[0m [2mhyper::proto::h1::conn[0m[2m:[0m incoming body completed
[2m2025-12-10T10:10:23.968074Z[0m [34mDEBUG[0m [2mhyper::client::pool[0m[2m:[0m pooling idle connection for ("http", 192.168.0.14:8545)
[2m2025-12-10T10:10:23.968080Z[0m [34mDEBUG[0m [2methereum_transaction_pool_monitor::eth_client[0m[2m:[0m 📡 Transaction fetch RPC completed in 6.110291ms
[2m2025-12-10T10:10:24.039393Z[0m [34mDEBUG[0m [2methereum_transaction_pool_monitor::eth_client[0m[2m:[0m ✅ Transaction 0x6410c8584522034145d8c02175cd67f17a9f2caf0c563f8671a9fd2ee062f62f fetched and parsed in 77.421291ms
[2m2025-12-10T10:10:24.039418Z[0m [34mDEBUG[0m [2methereum_transaction_pool_monitor::mempool_monitor[0m[2m:[0m 🔍 Skipping tx 0x6410c8584522034145d8c02175cd67f17a9f2caf0c563f8671a9fd2ee062f62f - not a DEX interaction (target: 0x163f8C2467924be0ae7B5347228CABF260318753)
[2m2025-12-10T10:10:24.039428Z[0m [34mDEBUG[0m [2methereum_transaction_pool_monitor::mempool_monitor[0m[2m:[0m 📨 Processing new pending transaction: 0xa298054f967441f646a6d1226d85879c942a30d606c54754458032e20719d2e9
[2m2025-12-10T10:10:24.039434Z[0m [34mDEBUG[0m [2methereum_transaction_pool_monitor::mempool_monitor[0m[2m:[0m 🔍 Fetching transaction details for: 0xa298054f967441f646a6d1226d85879c942a30d606c54754458032e20719d2e9
[2m2025-12-10T10:10:24.039438Z[0m [34mDEBUG[0m [2methereum_transaction_pool_monitor::eth_client[0m[2m:[0m 🔍 Fetching transaction details for hash: 0xa298054f967441f646a6d1226d85879c942a30d606c54754458032e20719d2e9
[2m2025-12-10T10:10:24.039454Z[0m [34mDEBUG[0m [2mhyper::client::pool[0m[2m:[0m reuse idle connection for ("http", 192.168.0.14:8545)
[2m2025-12-10T10:10:24.039489Z[0m [34mDEBUG[0m [2mhyper::proto::h1::io[0m[2m:[0m flushed 250 bytes
[2m2025-12-10T10:10:24.039511Z[0m [34mDEBUG[0m [2methereum_transaction_pool_monitor::eth_client[0m[2m:[0m 📨 Received WebSocket message: {"jsonrpc":"2.0","method":"eth_subscription","params":{"subscription":"0xbed0a0851463e895960a451075a301a9","result":"0x31189c94db001ff8f9964935d52d59778401605a851033454576466c55d32ec4"}}
[2m2025-12-10T10:10:24.039516Z[0m [34mDEBUG[0m [2mhyper::proto::h1::io[0m[2m:[0m parsed 4 headers
[2m2025-12-10T10:10:24.039519Z[0m [34mDEBUG[0m [2methereum_transaction_pool_monitor::eth_client[0m[2m:[0m 📨 Received pending transaction: 0x31189c94db001ff8f9964935d52d59778401605a851033454576466c55d32ec4
[2m2025-12-10T10:10:24.039525Z[0m [34mDEBUG[0m [2mhyper::proto::h1::conn[0m[2m:[0m incoming body is content-length (45 bytes)
[2m2025-12-10T10:10:24.039530Z[0m [34mDEBUG[0m [2methereum_transaction_pool_monitor::eth_client[0m[2m:[0m 📨 Received WebSocket message: {"jsonrpc":"2.0","method":"eth_subscription","params":{"subscription":"0xbed0a0851463e895960a451075a301a9","result":"0x36703ea476c406ab8e35158340aab9f19fdbaed57139451822647dc0619b1023"}}
[2m2025-12-10T10:10:24.039534Z[0m [34mDEBUG[0m [2mhyper::proto::h1::conn[0m[2m:[0m incoming body completed
[2m2025-12-10T10:10:24.039537Z[0m [34mDEBUG[0m [2methereum_transaction_pool_monitor::eth_client[0m[2m:[0m 📨 Received pending transaction: 0x36703ea476c406ab8e35158340aab9f19fdbaed57139451822647dc0619b1023
[2m2025-12-10T10:10:24.039550Z[0m [34mDEBUG[0m [2mhyper::client::pool[0m[2m:[0m pooling idle connection for ("http", 192.168.0.14:8545)
[2m2025-12-10T10:10:24.039553Z[0m [34mDEBUG[0m [2methereum_transaction_pool_monitor::eth_client[0m[2m:[0m 📨 Received WebSocket message: {"jsonrpc":"2.0","method":"eth_subscription","params":{"subscription":"0xbed0a0851463e895960a451075a301a9","result":"0x2eecb429a61803a5d9ea68070e1f8ee81c8d357964abf6ac51eaafe6c7a6fb73"}}
[2m2025-12-10T10:10:24.039560Z[0m [34mDEBUG[0m [2methereum_transaction_pool_monitor::eth_client[0m[2m:[0m 📨 Received pending transaction: 0x2eecb429a61803a5d9ea68070e1f8ee81c8d357964abf6ac51eaafe6c7a6fb73
[2m2025-12-10T10:10:24.039564Z[0m [34mDEBUG[0m [2methereum_transaction_pool_monitor::eth_client[0m[2m:[0m 📨 Received WebSocket message: {"jsonrpc":"2.0","method":"eth_subscription","params":{"subscription":"0xbed0a0851463e895960a451075a301a9","result":"0x1e8b0035c727c0ca086b292bc5783b256d5851f3142f7ec7e52bcba917c2d240"}}
[2m2025-12-10T10:10:24.039567Z[0m [34mDEBUG[0m [2mhyper::client::pool[0m[2m:[0m reuse idle connection for ("http", 192.168.0.14:8545)
[2m2025-12-10T10:10:24.039571Z[0m [34mDEBUG[0m [2methereum_transaction_pool_monitor::eth_client[0m[2m:[0m 📨 Received pending transaction: 0x1e8b0035c727c0ca086b292bc5783b256d5851f3142f7ec7e52bcba917c2d240
[2m2025-12-10T10:10:24.039584Z[0m [34mDEBUG[0m [2mhyper::proto::h1::io[0m[2m:[0m flushed 172 bytes
[2m2025-12-10T10:10:24.048191Z[0m [34mDEBUG[0m [2mhyper::proto::h1::io[0m[2m:[0m parsed 4 headers
[2m2025-12-10T10:10:24.048199Z[0m [34mDEBUG[0m [2mhyper::proto::h1::conn[0m[2m:[0m incoming body is content-length (45 bytes)
[2m2025-12-10T10:10:24.048204Z[0m [34mDEBUG[0m [2mhyper::proto::h1::conn[0m[2m:[0m incoming body completed
[2m2025-12-10T10:10:24.048210Z[0m [34mDEBUG[0m [2mhyper::client::pool[0m[2m:[0m pooling idle connection for ("http", 192.168.0.14:8545)
[2m2025-12-10T10:10:24.054687Z[0m [34mDEBUG[0m [2methereum_transaction_pool_monitor::eth_client[0m[2m:[0m 📨 Received WebSocket message: {"jsonrpc":"2.0","method":"eth_subscription","params":{"subscription":"0xbed0a0851463e895960a451075a301a9","result":"0xd608a65fd580bb7832b028e1d2e635eb3aae3e63388904cc86114ab4ce958e6f"}}
[2m2025-12-10T10:10:24.054697Z[0m [34mDEBUG[0m [2methereum_transaction_pool_monitor::eth_client[0m[2m:[0m 📨 Received pending transaction: 0xd608a65fd580bb7832b028e1d2e635eb3aae3e63388904cc86114ab4ce958e6f
[2m2025-12-10T10:10:24.069443Z[0m [34mDEBUG[0m [2mhyper::proto::h1::io[0m[2m:[0m parsed 4 headers
[2m2025-12-10T10:10:24.069454Z[0m [34mDEBUG[0m [2mhyper::proto::h1::conn[0m[2m:[0m incoming body is content-length (5379 bytes)
[2m2025-12-10T10:10:24.069467Z[0m [34mDEBUG[0m [2methereum_transaction_pool_monitor::eth_client[0m[2m:[0m 📡 Transaction fetch RPC completed in 30.025ms
[2m2025-12-10T10:10:24.071540Z[0m [34mDEBUG[0m [2mhyper::proto::h1::conn[0m[2m:[0m incoming body completed
[2m2025-12-10T10:10:24.071551Z[0m [34mDEBUG[0m [2mhyper::client::pool[0m[2m:[0m pooling idle connection for ("http", 192.168.0.14:8545)
[2m2025-12-10T10:10:24.098464Z[0m [34mDEBUG[0m [2mhyper::client::pool[0m[2m:[0m reuse idle connection for ("http", 192.168.0.14:8545)
[2m2025-12-10T10:10:24.098534Z[0m [34mDEBUG[0m [2mhyper::proto::h1::io[0m[2m:[0m flushed 172 bytes
[2m2025-12-10T10:10:24.101882Z[0m [34mDEBUG[0m [2mhyper::proto::h1::io[0m[2m:[0m parsed 4 headers
[2m2025-12-10T10:10:24.101898Z[0m [34mDEBUG[0m [2mhyper::proto::h1::conn[0m[2m:[0m incoming body is content-length (45 bytes)
[2m2025-12-10T10:10:24.101905Z[0m [34mDEBUG[0m [2mhyper::proto::h1::conn[0m[2m:[0m incoming body completed
[2m2025-12-10T10:10:24.101914Z[0m [34mDEBUG[0m [2mhyper::client::pool[0m[2m:[0m pooling idle connection for ("http", 192.168.0.14:8545)
[2m2025-12-10T10:10:24.144128Z[0m [34mDEBUG[0m [2methereum_transaction_pool_monitor::eth_client[0m[2m:[0m ✅ Transaction 0xa298054f967441f646a6d1226d85879c942a30d606c54754458032e20719d2e9 fetched and parsed in 104.683125ms
[2m2025-12-10T10:10:24.144155Z[0m [34mDEBUG[0m [2methereum_transaction_pool_monitor::mempool_monitor[0m[2m:[0m 🔍 Skipping tx 0xa298054f967441f646a6d1226d85879c942a30d606c54754458032e20719d2e9 - not a DEX interaction (target: 0xF6801D319497789f934ec7F83E142a9536312B08)
[2m2025-12-10T10:10:24.144167Z[0m [34mDEBUG[0m [2methereum_transaction_pool_monitor::mempool_monitor[0m[2m:[0m 📨 Processing new pending transaction: 0x6754beb74d1bea8cace1630e076db3c697e5c1bdfc1558d295bb1da4609bb136
[2m2025-12-10T10:10:24.144174Z[0m [34mDEBUG[0m [2methereum_transaction_pool_monitor::mempool_monitor[0m[2m:[0m 🔍 Fetching transaction details for: 0x6754beb74d1bea8cace1630e076db3c697e5c1bdfc1558d295bb1da4609bb136
[2m2025-12-10T10:10:24.144178Z[0m [34mDEBUG[0m [2methereum_transaction_pool_monitor::eth_client[0m[2m:[0m 🔍 Fetching transaction details for hash: 0x6754beb74d1bea8cace1630e076db3c697e5c1bdfc1558d295bb1da4609bb136
[2m2025-12-10T10:10:24.144195Z[0m [34mDEBUG[0m [2mhyper::client::pool[0m[2m:[0m reuse idle connection for ("http", 192.168.0.14:8545)
[2m2025-12-10T10:10:24.144231Z[0m [34mDEBUG[0m [2mhyper::proto::h1::io[0m[2m:[0m flushed 250 bytes
[2m2025-12-10T10:10:24.153616Z[0m [34mDEBUG[0m [2mhyper::proto::h1::io[0m[2m:[0m parsed 4 headers
[2m2025-12-10T10:10:24.156054Z[0m [34mDEBUG[0m [2mhyper::proto::h1::conn[0m[2m:[0m incoming body is content-length (771 bytes)
[2m2025-12-10T10:10:24.156063Z[0m [34mDEBUG[0m [2mhyper::proto::h1::conn[0m[2m:[0m incoming body completed
[2m2025-12-10T10:10:24.156075Z[0m [34mDEBUG[0m [2mhyper::client::pool[0m[2m:[0m pooling idle connection for ("http", 192.168.0.14:8545)
[2m2025-12-10T10:10:24.156084Z[0m [34mDEBUG[0m [2methereum_transaction_pool_monitor::eth_client[0m[2m:[0m 📡 Transaction fetch RPC completed in 11.901584ms
[2m2025-12-10T10:10:24.228607Z[0m [34mDEBUG[0m [2methereum_transaction_pool_monitor::eth_client[0m[2m:[0m ✅ Transaction 0x6754beb74d1bea8cace1630e076db3c697e5c1bdfc1558d295bb1da4609bb136 fetched and parsed in 84.422ms
[2m2025-12-10T10:10:24.228632Z[0m [34mDEBUG[0m [2methereum_transaction_pool_monitor::mempool_monitor[0m[2m:[0m 🔍 Skipping tx 0x6754beb74d1bea8cace1630e076db3c697e5c1bdfc1558d295bb1da4609bb136 - not a DEX interaction (target: 0xB8f28C60dD8240141185a192fa4156A23E189305)
[2m2025-12-10T10:10:24.228642Z[0m [34mDEBUG[0m [2methereum_transaction_pool_monitor::mempool_monitor[0m[2m:[0m 📨 Processing new pending transaction: 0xa9a9b8d463578bbb30d0d3f85390002b321a69a2186fd6070afc2e91752489e0
[2m2025-12-10T10:10:24.228647Z[0m [34mDEBUG[0m [2methereum_transaction_pool_monitor::mempool_monitor[0m[2m:[0m 🔍 Fetching transaction details for: 0xa9a9b8d463578bbb30d0d3f85390002b321a69a2186fd6070afc2e91752489e0
[2m2025-12-10T10:10:24.228652Z[0m [34mDEBUG[0m [2methereum_transaction_pool_monitor::eth_client[0m[2m:[0m 🔍 Fetching transaction details for hash: 0xa9a9b8d463578bbb30d0d3f85390002b321a69a2186fd6070afc2e91752489e0
[2m2025-12-10T10:10:24.228671Z[0m [34mDEBUG[0m [2mhyper::client::pool[0m[2m:[0m reuse idle connection for ("http", 192.168.0.14:8545)
[2m2025-12-10T10:10:24.228719Z[0m [34mDEBUG[0m [2mhyper::proto::h1::io[0m[2m:[0m flushed 250 bytes
[2m2025-12-10T10:10:24.228738Z[0m [34mDEBUG[0m [2mhyper::client::pool[0m[2m:[0m reuse idle connection for ("http", 192.168.0.14:8545)
[2m2025-12-10T10:10:24.228746Z[0m [34mDEBUG[0m [2methereum_transaction_pool_monitor::eth_client[0m[2m:[0m 📨 Received WebSocket message: {"jsonrpc":"2.0","method":"eth_subscription","params":{"subscription":"0xbed0a0851463e895960a451075a301a9","result":"0x4f48c7122bc55d46c7754e13f6a4829dd8e4c80210bbd1c2f14d1cbbfcb3fadf"}}
[2m2025-12-10T10:10:24.228752Z[0m [34mDEBUG[0m [2mhyper::proto::h1::io[0m[2m:[0m flushed 172 bytes
[2m2025-12-10T10:10:24.228757Z[0m [34mDEBUG[0m [2methereum_transaction_pool_monitor::eth_client[0m[2m:[0m 📨 Received pending transaction: 0x4f48c7122bc55d46c7754e13f6a4829dd8e4c80210bbd1c2f14d1cbbfcb3fadf
[2m2025-12-10T10:10:24.232857Z[0m [34mDEBUG[0m [2mhyper::proto::h1::io[0m[2m:[0m parsed 4 headers
[2m2025-12-10T10:10:24.232869Z[0m [34mDEBUG[0m [2mhyper::proto::h1::conn[0m[2m:[0m incoming body is content-length (767 bytes)
[2m2025-12-10T10:10:24.232875Z[0m [34mDEBUG[0m [2mhyper::proto::h1::conn[0m[2m:[0m incoming body completed
[2m2025-12-10T10:10:24.232885Z[0m [34mDEBUG[0m [2mhyper::client::pool[0m[2m:[0m pooling idle connection for ("http", 192.168.0.14:8545)
[2m2025-12-10T10:10:24.232891Z[0m [34mDEBUG[0m [2methereum_transaction_pool_monitor::eth_client[0m[2m:[0m 📡 Transaction fetch RPC completed in 4.23525ms
[2m2025-12-10T10:10:24.304544Z[0m [34mDEBUG[0m [2methereum_transaction_pool_monitor::eth_client[0m[2m:[0m ✅ Transaction 0xa9a9b8d463578bbb30d0d3f85390002b321a69a2186fd6070afc2e91752489e0 fetched and parsed in 75.886291ms
[2m2025-12-10T10:10:24.304569Z[0m [34mDEBUG[0m [2methereum_transaction_pool_monitor::mempool_monitor[0m[2m:[0m 🔍 Skipping tx 0xa9a9b8d463578bbb30d0d3f85390002b321a69a2186fd6070afc2e91752489e0 - not a DEX interaction (target: 0xA0b86991c6218b36c1d19D4a2e9Eb0cE3606eB48)
[2m2025-12-10T10:10:24.304580Z[0m [34mDEBUG[0m [2methereum_transaction_pool_monitor::mempool_monitor[0m[2m:[0m 📨 Processing new pending transaction: 0xc2c988f73b8fb4e486fbcdf4b39b1ddd6764bba994883c1faaba8f184b239e01
[2m2025-12-10T10:10:24.304586Z[0m [34mDEBUG[0m [2methereum_transaction_pool_monitor::mempool_monitor[0m[2m:[0m 🔍 Fetching transaction details for: 0xc2c988f73b8fb4e486fbcdf4b39b1ddd6764bba994883c1faaba8f184b239e01
[2m2025-12-10T10:10:24.304591Z[0m [34mDEBUG[0m [2methereum_transaction_pool_monitor::eth_client[0m[2m:[0m 🔍 Fetching transaction details for hash: 0xc2c988f73b8fb4e486fbcdf4b39b1ddd6764bba994883c1faaba8f184b239e01
[2m2025-12-10T10:10:24.304607Z[0m [34mDEBUG[0m [2mhyper::client::pool[0m[2m:[0m reuse idle connection for ("http", 192.168.0.14:8545)
[2m2025-12-10T10:10:24.304643Z[0m [34mDEBUG[0m [2mhyper::proto::h1::io[0m[2m:[0m flushed 250 bytes
[2m2025-12-10T10:10:24.304666Z[0m [34mDEBUG[0m [2methereum_transaction_pool_monitor::eth_client[0m[2m:[0m 📨 Received WebSocket message: {"jsonrpc":"2.0","method":"eth_subscription","params":{"subscription":"0xbed0a0851463e895960a451075a301a9","result":"0x880defbca11609817d7f3b260722022eee7c55b56a1cf2148c9268547aeff032"}}
[2m2025-12-10T10:10:24.304670Z[0m [34mDEBUG[0m [2mhyper::proto::h1::io[0m[2m:[0m parsed 4 headers
[2m2025-12-10T10:10:24.304673Z[0m [34mDEBUG[0m [2methereum_transaction_pool_monitor::eth_client[0m[2m:[0m 📨 Received pending transaction: 0x880defbca11609817d7f3b260722022eee7c55b56a1cf2148c9268547aeff032
[2m2025-12-10T10:10:24.304679Z[0m [34mDEBUG[0m [2mhyper::proto::h1::conn[0m[2m:[0m incoming body is content-length (45 bytes)
[2m2025-12-10T10:10:24.304687Z[0m [34mDEBUG[0m [2mhyper::proto::h1::conn[0m[2m:[0m incoming body completed
[2m2025-12-10T10:10:24.304695Z[0m [34mDEBUG[0m [2mhyper::client::pool[0m[2m:[0m pooling idle connection for ("http", 192.168.0.14:8545)
[2m2025-12-10T10:10:24.304710Z[0m [34mDEBUG[0m [2mhyper::client::pool[0m[2m:[0m reuse idle connection for ("http", 192.168.0.14:8545)
[2m2025-12-10T10:10:24.304729Z[0m [34mDEBUG[0m [2mhyper::proto::h1::io[0m[2m:[0m flushed 172 bytes
[2m2025-12-10T10:10:24.308294Z[0m [34mDEBUG[0m [2mhyper::proto::h1::io[0m[2m:[0m parsed 4 headers
[2m2025-12-10T10:10:24.308301Z[0m [34mDEBUG[0m [2mhyper::proto::h1::conn[0m[2m:[0m incoming body is content-length (45 bytes)
[2m2025-12-10T10:10:24.308306Z[0m [34mDEBUG[0m [2mhyper::proto::h1::conn[0m[2m:[0m incoming body completed
[2m2025-12-10T10:10:24.308313Z[0m [34mDEBUG[0m [2mhyper::client::pool[0m[2m:[0m pooling idle connection for ("http", 192.168.0.14:8545)
[2m2025-12-10T10:10:24.309097Z[0m [34mDEBUG[0m [2mhyper::proto::h1::io[0m[2m:[0m parsed 4 headers
[2m2025-12-10T10:10:24.309102Z[0m [34mDEBUG[0m [2mhyper::proto::h1::conn[0m[2m:[0m incoming body is content-length (1731 bytes)
[2m2025-12-10T10:10:24.309106Z[0m [34mDEBUG[0m [2mhyper::proto::h1::conn[0m[2m:[0m incoming body completed
[2m2025-12-10T10:10:24.309111Z[0m [34mDEBUG[0m [2mhyper::client::pool[0m[2m:[0m pooling idle connection for ("http", 192.168.0.14:8545)
[2m2025-12-10T10:10:24.309117Z[0m [34mDEBUG[0m [2methereum_transaction_pool_monitor::eth_client[0m[2m:[0m 📡 Transaction fetch RPC completed in 4.52225ms
[2m2025-12-10T10:10:24.381628Z[0m [34mDEBUG[0m [2methereum_transaction_pool_monitor::eth_client[0m[2m:[0m ✅ Transaction 0xc2c988f73b8fb4e486fbcdf4b39b1ddd6764bba994883c1faaba8f184b239e01 fetched and parsed in 77.03075ms
[2m2025-12-10T10:10:24.381659Z[0m [34mDEBUG[0m [2methereum_transaction_pool_monitor::mempool_monitor[0m[2m:[0m 🔍 Skipping tx 0xc2c988f73b8fb4e486fbcdf4b39b1ddd6764bba994883c1faaba8f184b239e01 - not a DEX interaction (target: 0x601a2aD6CB5949f0529735254189Ba3194221EDF)
[2m2025-12-10T10:10:24.381675Z[0m [34mDEBUG[0m [2methereum_transaction_pool_monitor::mempool_monitor[0m[2m:[0m 📨 Processing new pending transaction: 0x5da626876b0d28ffaff1f5e761c2b4d94ba642778376bd2812bffeb3a14ea05c
[2m2025-12-10T10:10:24.381683Z[0m [34mDEBUG[0m [2methereum_transaction_pool_monitor::mempool_monitor[0m[2m:[0m 🔍 Fetching transaction details for: 0x5da626876b0d28ffaff1f5e761c2b4d94ba642778376bd2812bffeb3a14ea05c
[2m2025-12-10T10:10:24.381689Z[0m [34mDEBUG[0m [2methereum_transaction_pool_monitor::eth_client[0m[2m:[0m 🔍 Fetching transaction details for hash: 0x5da626876b0d28ffaff1f5e761c2b4d94ba642778376bd2812bffeb3a14ea05c
[2m2025-12-10T10:10:24.381708Z[0m [34mDEBUG[0m [2mhyper::client::pool[0m[2m:[0m reuse idle connection for ("http", 192.168.0.14:8545)
[2m2025-12-10T10:10:24.381745Z[0m [34mDEBUG[0m [2mhyper::proto::h1::io[0m[2m:[0m flushed 250 bytes
[2m2025-12-10T10:10:24.381766Z[0m [34mDEBUG[0m [2methereum_transaction_pool_monitor::eth_client[0m[2m:[0m 📨 Received WebSocket message: {"jsonrpc":"2.0","method":"eth_subscription","params":{"subscription":"0xbed0a0851463e895960a451075a301a9","result":"0x6f6382b3fb08b62518bc38d109171d91baa8e2d498916e8138c27a37c82cbb15"}}
[2m2025-12-10T10:10:24.381776Z[0m [34mDEBUG[0m [2methereum_transaction_pool_monitor::eth_client[0m[2m:[0m 📨 Received pending transaction: 0x6f6382b3fb08b62518bc38d109171d91baa8e2d498916e8138c27a37c82cbb15
[2m2025-12-10T10:10:24.386058Z[0m [34mDEBUG[0m [2mhyper::proto::h1::io[0m[2m:[0m parsed 4 headers
[2m2025-12-10T10:10:24.386065Z[0m [34mDEBUG[0m [2mhyper::proto::h1::conn[0m[2m:[0m incoming body is content-length (771 bytes)
[2m2025-12-10T10:10:24.386072Z[0m [34mDEBUG[0m [2mhyper::proto::h1::conn[0m[2m:[0m incoming body completed
[2m2025-12-10T10:10:24.386082Z[0m [34mDEBUG[0m [2mhyper::client::pool[0m[2m:[0m pooling idle connection for ("http", 192.168.0.14:8545)
[2m2025-12-10T10:10:24.386088Z[0m [34mDEBUG[0m [2methereum_transaction_pool_monitor::eth_client[0m[2m:[0m 📡 Transaction fetch RPC completed in 4.393916ms
[2m2025-12-10T10:10:24.458183Z[0m [34mDEBUG[0m [2methereum_transaction_pool_monitor::eth_client[0m[2m:[0m ✅ Transaction 0x5da626876b0d28ffaff1f5e761c2b4d94ba642778376bd2812bffeb3a14ea05c fetched and parsed in 76.486166ms
[2m2025-12-10T10:10:24.458209Z[0m [34mDEBUG[0m [2methereum_transaction_pool_monitor::mempool_monitor[0m[2m:[0m 🔍 Skipping tx 0x5da626876b0d28ffaff1f5e761c2b4d94ba642778376bd2812bffeb3a14ea05c - not a DEX interaction (target: 0xB8f28C60dD8240141185a192fa4156A23E189305)
[2m2025-12-10T10:10:24.458220Z[0m [34mDEBUG[0m [2methereum_transaction_pool_monitor::mempool_monitor[0m[2m:[0m 📨 Processing new pending transaction: 0x62a5bae2518a8fabd3da7ba16bfed80b9ab62f265ffcbee58f66c52f5f4dbdbf
[2m2025-12-10T10:10:24.458225Z[0m [34mDEBUG[0m [2methereum_transaction_pool_monitor::mempool_monitor[0m[2m:[0m 🔍 Fetching transaction details for: 0x62a5bae2518a8fabd3da7ba16bfed80b9ab62f265ffcbee58f66c52f5f4dbdbf
[2m2025-12-10T10:10:24.458229Z[0m [34mDEBUG[0m [2methereum_transaction_pool_monitor::eth_client[0m[2m:[0m 🔍 Fetching transaction details for hash: 0x62a5bae2518a8fabd3da7ba16bfed80b9ab62f265ffcbee58f66c52f5f4dbdbf
[2m2025-12-10T10:10:24.458247Z[0m [34mDEBUG[0m [2mhyper::client::pool[0m[2m:[0m reuse idle connection for ("http", 192.168.0.14:8545)
[2m2025-12-10T10:10:24.458282Z[0m [34mDEBUG[0m [2mhyper::proto::h1::io[0m[2m:[0m flushed 250 bytes
[2m2025-12-10T10:10:24.458302Z[0m [34mDEBUG[0m [2mhyper::client::pool[0m[2m:[0m reuse idle connection for ("http", 192.168.0.14:8545)
[2m2025-12-10T10:10:24.458315Z[0m [34mDEBUG[0m [2mhyper::proto::h1::io[0m[2m:[0m flushed 172 bytes
[2m2025-12-10T10:10:24.458355Z[0m [34mDEBUG[0m [2methereum_transaction_pool_monitor::eth_client[0m[2m:[0m 📨 Received WebSocket message: {"jsonrpc":"2.0","method":"eth_subscription","params":{"subscription":"0xbed0a0851463e895960a451075a301a9","result":"0x99d2b521a6c4e6a3a3301bf28014a6d3242f10572d2305ac39a39939135479e2"}}
[2m2025-12-10T10:10:24.458363Z[0m [34mDEBUG[0m [2methereum_transaction_pool_monitor::eth_client[0m[2m:[0m 📨 Received pending transaction: 0x99d2b521a6c4e6a3a3301bf28014a6d3242f10572d2305ac39a39939135479e2
[2m2025-12-10T10:10:24.458368Z[0m [34mDEBUG[0m [2methereum_transaction_pool_monitor::eth_client[0m[2m:[0m 📨 Received WebSocket message: {"jsonrpc":"2.0","method":"eth_subscription","params":{"subscription":"0xbed0a0851463e895960a451075a301a9","result":"0x039fbf001a875c71cf664a973fff0527ff0049d9c1593318804e4cd03c1f1454"}}
[2m2025-12-10T10:10:24.458372Z[0m [34mDEBUG[0m [2methereum_transaction_pool_monitor::eth_client[0m[2m:[0m 📨 Received pending transaction: 0x039fbf001a875c71cf664a973fff0527ff0049d9c1593318804e4cd03c1f1454
[2m2025-12-10T10:10:24.463257Z[0m [34mDEBUG[0m [2mhyper::proto::h1::io[0m[2m:[0m parsed 4 headers
[2m2025-12-10T10:10:24.463269Z[0m [34mDEBUG[0m [2mhyper::proto::h1::conn[0m[2m:[0m incoming body is content-length (766 bytes)
[2m2025-12-10T10:10:24.463276Z[0m [34mDEBUG[0m [2mhyper::proto::h1::conn[0m[2m:[0m incoming body completed
[2m2025-12-10T10:10:24.463284Z[0m [34mDEBUG[0m [2mhyper::client::pool[0m[2m:[0m pooling idle connection for ("http", 192.168.0.14:8545)
[2m2025-12-10T10:10:24.463289Z[0m [34mDEBUG[0m [2methereum_transaction_pool_monitor::eth_client[0m[2m:[0m 📡 Transaction fetch RPC completed in 5.055833ms
[2m2025-12-10T10:10:24.533944Z[0m [34mDEBUG[0m [2methereum_transaction_pool_monitor::eth_client[0m[2m:[0m ✅ Transaction 0x62a5bae2518a8fabd3da7ba16bfed80b9ab62f265ffcbee58f66c52f5f4dbdbf fetched and parsed in 75.708333ms
[2m2025-12-10T10:10:24.533968Z[0m [34mDEBUG[0m [2methereum_transaction_pool_monitor::mempool_monitor[0m[2m:[0m 🔍 Skipping tx 0x62a5bae2518a8fabd3da7ba16bfed80b9ab62f265ffcbee58f66c52f5f4dbdbf - not a DEX interaction (target: 0xA0b86991c6218b36c1d19D4a2e9Eb0cE3606eB48)
[2m2025-12-10T10:10:24.533978Z[0m [34mDEBUG[0m [2methereum_transaction_pool_monitor::mempool_monitor[0m[2m:[0m 📨 Processing new pending transaction: 0x7dc49c806ee4ffe74f2a11f288ab297dd274ce67f711c8c5ac89e729ca78a8c5
[2m2025-12-10T10:10:24.533984Z[0m [34mDEBUG[0m [2methereum_transaction_pool_monitor::mempool_monitor[0m[2m:[0m 🔍 Fetching transaction details for: 0x7dc49c806ee4ffe74f2a11f288ab297dd274ce67f711c8c5ac89e729ca78a8c5
[2m2025-12-10T10:10:24.533988Z[0m [34mDEBUG[0m [2methereum_transaction_pool_monitor::eth_client[0m[2m:[0m 🔍 Fetching transaction details for hash: 0x7dc49c806ee4ffe74f2a11f288ab297dd274ce67f711c8c5ac89e729ca78a8c5
[2m2025-12-10T10:10:24.534006Z[0m [34mDEBUG[0m [2mhyper::client::pool[0m[2m:[0m reuse idle connection for ("http", 192.168.0.14:8545)
[2m2025-12-10T10:10:24.534044Z[0m [34mDEBUG[0m [2mhyper::proto::h1::io[0m[2m:[0m flushed 250 bytes
[2m2025-12-10T10:10:24.534067Z[0m [34mDEBUG[0m [2methereum_transaction_pool_monitor::eth_client[0m[2m:[0m 📨 Received WebSocket message: {"jsonrpc":"2.0","method":"eth_subscription","params":{"subscription":"0xbed0a0851463e895960a451075a301a9","result":"0x94d1900796277f8813a2df248ffde08512700597c75e54ea0dbe247fcdf2a0f8"}}
[2m2025-12-10T10:10:24.534078Z[0m [34mDEBUG[0m [2methereum_transaction_pool_monitor::eth_client[0m[2m:[0m 📨 Received pending transaction: 0x94d1900796277f8813a2df248ffde08512700597c75e54ea0dbe247fcdf2a0f8
[2m2025-12-10T10:10:24.534068Z[0m [34mDEBUG[0m [2mhyper::proto::h1::io[0m[2m:[0m parsed 4 headers
[2m2025-12-10T10:10:24.534112Z[0m [34mDEBUG[0m [2mhyper::proto::h1::conn[0m[2m:[0m incoming body is content-length (45 bytes)
[2m2025-12-10T10:10:24.534121Z[0m [34mDEBUG[0m [2mhyper::proto::h1::conn[0m[2m:[0m incoming body completed
[2m2025-12-10T10:10:24.534130Z[0m [34mDEBUG[0m [2mhyper::client::pool[0m[2m:[0m pooling idle connection for ("http", 192.168.0.14:8545)
[2m2025-12-10T10:10:24.534149Z[0m [34mDEBUG[0m [2mhyper::client::pool[0m[2m:[0m reuse idle connection for ("http", 192.168.0.14:8545)
[2m2025-12-10T10:10:24.534166Z[0m [34mDEBUG[0m [2mhyper::proto::h1::io[0m[2m:[0m flushed 172 bytes
[2m2025-12-10T10:10:24.538301Z[0m [34mDEBUG[0m [2mhyper::proto::h1::io[0m[2m:[0m parsed 4 headers
[2m2025-12-10T10:10:24.538306Z[0m [34mDEBUG[0m [2mhyper::proto::h1::conn[0m[2m:[0m incoming body is content-length (828 bytes)
[2m2025-12-10T10:10:24.538310Z[0m [34mDEBUG[0m [2mhyper::proto::h1::conn[0m[2m:[0m incoming body completed
[2m2025-12-10T10:10:24.538316Z[0m [34mDEBUG[0m [2mhyper::client::pool[0m[2m:[0m pooling idle connection for ("http", 192.168.0.14:8545)
[2m2025-12-10T10:10:24.538320Z[0m [34mDEBUG[0m [2methereum_transaction_pool_monitor::eth_client[0m[2m:[0m 📡 Transaction fetch RPC completed in 4.327375ms
[2m2025-12-10T10:10:24.609714Z[0m [34mDEBUG[0m [2methereum_transaction_pool_monitor::eth_client[0m[2m:[0m ✅ Transaction 0x7dc49c806ee4ffe74f2a11f288ab297dd274ce67f711c8c5ac89e729ca78a8c5 fetched and parsed in 75.718417ms
[2m2025-12-10T10:10:24.609744Z[0m [34mDEBUG[0m [2methereum_transaction_pool_monitor::mempool_monitor[0m[2m:[0m 🔍 Skipping tx 0x7dc49c806ee4ffe74f2a11f288ab297dd274ce67f711c8c5ac89e729ca78a8c5 - not a DEX interaction (target: 0x3B4D794a66304F130a4Db8F2551B0070dfCf5ca7)
[2m2025-12-10T10:10:24.609756Z[0m [34mDEBUG[0m [2methereum_transaction_pool_monitor::mempool_monitor[0m[2m:[0m 📨 Processing new pending transaction: 0x6118114829072ac5cf661d85fb7f2174dda2ef263a1cfaf689fba06da07d9035
[2m2025-12-10T10:10:24.609766Z[0m [34mDEBUG[0m [2methereum_transaction_pool_monitor::mempool_monitor[0m[2m:[0m 🔍 Fetching transaction details for: 0x6118114829072ac5cf661d85fb7f2174dda2ef263a1cfaf689fba06da07d9035
[2m2025-12-10T10:10:24.609772Z[0m [34mDEBUG[0m [2methereum_transaction_pool_monitor::eth_client[0m[2m:[0m 🔍 Fetching transaction details for hash: 0x6118114829072ac5cf661d85fb7f2174dda2ef263a1cfaf689fba06da07d9035
[2m2025-12-10T10:10:24.609790Z[0m [34mDEBUG[0m [2mhyper::client::pool[0m[2m:[0m reuse idle connection for ("http", 192.168.0.14:8545)
[2m2025-12-10T10:10:24.609825Z[0m [34mDEBUG[0m [2mhyper::proto::h1::io[0m[2m:[0m flushed 250 bytes
[2m2025-12-10T10:10:24.609850Z[0m [34mDEBUG[0m [2methereum_transaction_pool_monitor::eth_client[0m[2m:[0m 📨 Received WebSocket message: {"jsonrpc":"2.0","method":"eth_subscription","params":{"subscription":"0xbed0a0851463e895960a451075a301a9","result":"0x1a6af29383b2b1ed026dd8e3f918b2213e0313c94acf5ba17a0772322d75c4fe"}}
[2m2025-12-10T10:10:24.609857Z[0m [34mDEBUG[0m [2methereum_transaction_pool_monitor::eth_client[0m[2m:[0m 📨 Received pending transaction: 0x1a6af29383b2b1ed026dd8e3f918b2213e0313c94acf5ba17a0772322d75c4fe
[2m2025-12-10T10:10:24.609867Z[0m [34mDEBUG[0m [2methereum_transaction_pool_monitor::eth_client[0m[2m:[0m 📨 Received WebSocket message: {"jsonrpc":"2.0","method":"eth_subscription","params":{"subscription":"0xbed0a0851463e895960a451075a301a9","result":"0x80f73878583c5cfd0b65ae1b02f7b185d2a0a5cb362a93b837287ac2fe47348c"}}
[2m2025-12-10T10:10:24.609873Z[0m [34mDEBUG[0m [2methereum_transaction_pool_monitor::eth_client[0m[2m:[0m 📨 Received pending transaction: 0x80f73878583c5cfd0b65ae1b02f7b185d2a0a5cb362a93b837287ac2fe47348c
[2m2025-12-10T10:10:24.609857Z[0m [34mDEBUG[0m [2mhyper::proto::h1::io[0m[2m:[0m parsed 4 headers
[2m2025-12-10T10:10:24.609922Z[0m [34mDEBUG[0m [2mhyper::proto::h1::conn[0m[2m:[0m incoming body is content-length (45 bytes)
[2m2025-12-10T10:10:24.609929Z[0m [34mDEBUG[0m [2mhyper::proto::h1::conn[0m[2m:[0m incoming body completed
[2m2025-12-10T10:10:24.609937Z[0m [34mDEBUG[0m [2mhyper::client::pool[0m[2m:[0m pooling idle connection for ("http", 192.168.0.14:8545)
[2m2025-12-10T10:10:24.609950Z[0m [34mDEBUG[0m [2mhyper::client::pool[0m[2m:[0m reuse idle connection for ("http", 192.168.0.14:8545)
[2m2025-12-10T10:10:24.609961Z[0m [34mDEBUG[0m [2mhyper::proto::h1::io[0m[2m:[0m flushed 172 bytes
[2m2025-12-10T10:10:24.614891Z[0m [34mDEBUG[0m [2mhyper::proto::h1::io[0m[2m:[0m parsed 4 headers
[2m2025-12-10T10:10:24.614896Z[0m [34mDEBUG[0m [2mhyper::proto::h1::conn[0m[2m:[0m incoming body is content-length (778 bytes)
[2m2025-12-10T10:10:24.614901Z[0m [34mDEBUG[0m [2mhyper::proto::h1::conn[0m[2m:[0m incoming body completed
[2m2025-12-10T10:10:24.614908Z[0m [34mDEBUG[0m [2mhyper::client::pool[0m[2m:[0m pooling idle connection for ("http", 192.168.0.14:8545)
[2m2025-12-10T10:10:24.614915Z[0m [34mDEBUG[0m [2methereum_transaction_pool_monitor::eth_client[0m[2m:[0m 📡 Transaction fetch RPC completed in 5.138375ms
[2m2025-12-10T10:10:24.687181Z[0m [34mDEBUG[0m [2methereum_transaction_pool_monitor::eth_client[0m[2m:[0m ✅ Transaction 0x6118114829072ac5cf661d85fb7f2174dda2ef263a1cfaf689fba06da07d9035 fetched and parsed in 77.401458ms
[2m2025-12-10T10:10:24.687206Z[0m [34mDEBUG[0m [2methereum_transaction_pool_monitor::mempool_monitor[0m[2m:[0m 🔍 Skipping tx 0x6118114829072ac5cf661d85fb7f2174dda2ef263a1cfaf689fba06da07d9035 - not a DEX interaction (target: 0x0b38210ea11411557c13457D4dA7dC6ea731B88a)
[2m2025-12-10T10:10:24.687216Z[0m [34mDEBUG[0m [2methereum_transaction_pool_monitor::mempool_monitor[0m[2m:[0m 📨 Processing new pending transaction: 0x65c628be9fd78b7baa65d40cf872a17a1c9cf911895eb338dea02d10ff9fb959
[2m2025-12-10T10:10:24.687221Z[0m [34mDEBUG[0m [2methereum_transaction_pool_monitor::mempool_monitor[0m[2m:[0m 🔍 Fetching transaction details for: 0x65c628be9fd78b7baa65d40cf872a17a1c9cf911895eb338dea02d10ff9fb959
[2m2025-12-10T10:10:24.687226Z[0m [34mDEBUG[0m [2methereum_transaction_pool_monitor::eth_client[0m[2m:[0m 🔍 Fetching transaction details for hash: 0x65c628be9fd78b7baa65d40cf872a17a1c9cf911895eb338dea02d10ff9fb959
[2m2025-12-10T10:10:24.687243Z[0m [34mDEBUG[0m [2mhyper::client::pool[0m[2m:[0m reuse idle connection for ("http", 192.168.0.14:8545)
[2m2025-12-10T10:10:24.687277Z[0m [34mDEBUG[0m [2mhyper::proto::h1::io[0m[2m:[0m flushed 250 bytes
[2m2025-12-10T10:10:24.687300Z[0m [34mDEBUG[0m [2methereum_transaction_pool_monitor::eth_client[0m[2m:[0m 📨 Received WebSocket message: {"jsonrpc":"2.0","method":"eth_subscription","params":{"subscription":"0xbed0a0851463e895960a451075a301a9","result":"0x11e87fa51fa235fe6e7999938c92f8f58679d10023ec8dfcd116082517f1e290"}}
[2m2025-12-10T10:10:24.687302Z[0m [34mDEBUG[0m [2mhyper::proto::h1::io[0m[2m:[0m parsed 4 headers
[2m2025-12-10T10:10:24.687308Z[0m [34mDEBUG[0m [2methereum_transaction_pool_monitor::eth_client[0m[2m:[0m 📨 Received pending transaction: 0x11e87fa51fa235fe6e7999938c92f8f58679d10023ec8dfcd116082517f1e290
[2m2025-12-10T10:10:24.687310Z[0m [34mDEBUG[0m [2mhyper::proto::h1::conn[0m[2m:[0m incoming body is content-length (45 bytes)
[2m2025-12-10T10:10:24.687317Z[0m [34mDEBUG[0m [2methereum_transaction_pool_monitor::eth_client[0m[2m:[0m 📨 Received WebSocket message: {"jsonrpc":"2.0","method":"eth_subscription","params":{"subscription":"0xbed0a0851463e895960a451075a301a9","result":"0xfd74c3657fa7f94c8cc5e16b5d5e02f60d1fbc4df83b8cfb984c58089a09d99e"}}
[2m2025-12-10T10:10:24.687320Z[0m [34mDEBUG[0m [2mhyper::proto::h1::conn[0m[2m:[0m incoming body completed
[2m2025-12-10T10:10:24.687323Z[0m [34mDEBUG[0m [2methereum_transaction_pool_monitor::eth_client[0m[2m:[0m 📨 Received pending transaction: 0xfd74c3657fa7f94c8cc5e16b5d5e02f60d1fbc4df83b8cfb984c58089a09d99e
[2m2025-12-10T10:10:24.687329Z[0m [34mDEBUG[0m [2mhyper::client::pool[0m[2m:[0m pooling idle connection for ("http", 192.168.0.14:8545)
[2m2025-12-10T10:10:24.692470Z[0m [34mDEBUG[0m [2mhyper::proto::h1::io[0m[2m:[0m parsed 4 headers
[2m2025-12-10T10:10:24.692480Z[0m [34mDEBUG[0m [2mhyper::proto::h1::conn[0m[2m:[0m incoming body is content-length (778 bytes)
[2m2025-12-10T10:10:24.692486Z[0m [34mDEBUG[0m [2mhyper::proto::h1::conn[0m[2m:[0m incoming body completed
[2m2025-12-10T10:10:24.692493Z[0m [34mDEBUG[0m [2mhyper::client::pool[0m[2m:[0m pooling idle connection for ("http", 192.168.0.14:8545)
[2m2025-12-10T10:10:24.692499Z[0m [34mDEBUG[0m [2methereum_transaction_pool_monitor::eth_client[0m[2m:[0m 📡 Transaction fetch RPC completed in 5.269084ms
[2m2025-12-10T10:10:24.763707Z[0m [34mDEBUG[0m [2methereum_transaction_pool_monitor::eth_client[0m[2m:[0m ✅ Transaction 0x65c628be9fd78b7baa65d40cf872a17a1c9cf911895eb338dea02d10ff9fb959 fetched and parsed in 76.475292ms
[2m2025-12-10T10:10:24.763733Z[0m [34mDEBUG[0m [2methereum_transaction_pool_monitor::mempool_monitor[0m[2m:[0m 🔍 Skipping tx 0x65c628be9fd78b7baa65d40cf872a17a1c9cf911895eb338dea02d10ff9fb959 - not a DEX interaction (target: 0x58D97B57BB95320F9a05dC918Aef65434969c2B2)
[2m2025-12-10T10:10:24.763743Z[0m [34mDEBUG[0m [2methereum_transaction_pool_monitor::mempool_monitor[0m[2m:[0m 📨 Processing new pending transaction: 0x197b80f5f5909869d3dac0146a3222697adb7c42d77f7a388b0a61634cbb6180
[2m2025-12-10T10:10:24.763749Z[0m [34mDEBUG[0m [2methereum_transaction_pool_monitor::mempool_monitor[0m[2m:[0m 🔍 Fetching transaction details for: 0x197b80f5f5909869d3dac0146a3222697adb7c42d77f7a388b0a61634cbb6180
[2m2025-12-10T10:10:24.763753Z[0m [34mDEBUG[0m [2methereum_transaction_pool_monitor::eth_client[0m[2m:[0m 🔍 Fetching transaction details for hash: 0x197b80f5f5909869d3dac0146a3222697adb7c42d77f7a388b0a61634cbb6180
[2m2025-12-10T10:10:24.763770Z[0m [34mDEBUG[0m [2mhyper::client::pool[0m[2m:[0m reuse idle connection for ("http", 192.168.0.14:8545)
[2m2025-12-10T10:10:24.763809Z[0m [34mDEBUG[0m [2mhyper::proto::h1::io[0m[2m:[0m flushed 250 bytes
[2m2025-12-10T10:10:24.763828Z[0m [34mDEBUG[0m [2mhyper::client::pool[0m[2m:[0m reuse idle connection for ("http", 192.168.0.14:8545)
[2m2025-12-10T10:10:24.763841Z[0m [34mDEBUG[0m [2mhyper::proto::h1::io[0m[2m:[0m flushed 172 bytes
[2m2025-12-10T10:10:24.763873Z[0m [34mDEBUG[0m [2methereum_transaction_pool_monitor::eth_client[0m[2m:[0m 📨 Received WebSocket message: {"jsonrpc":"2.0","method":"eth_subscription","params":{"subscription":"0xbed0a0851463e895960a451075a301a9","result":"0x6e1c57cf06ad9f2158424a42761444b1c25835163bbf41d7ffa64c44b8da5d59"}}
[2m2025-12-10T10:10:24.763882Z[0m [34mDEBUG[0m [2methereum_transaction_pool_monitor::eth_client[0m[2m:[0m 📨 Received pending transaction: 0x6e1c57cf06ad9f2158424a42761444b1c25835163bbf41d7ffa64c44b8da5d59
[2m2025-12-10T10:10:24.763888Z[0m [34mDEBUG[0m [2methereum_transaction_pool_monitor::eth_client[0m[2m:[0m 📨 Received WebSocket message: {"jsonrpc":"2.0","method":"eth_subscription","params":{"subscription":"0xbed0a0851463e895960a451075a301a9","result":"0xd3dc6cc3483fe022171e1daa05e5486b664bd0e656cdae8e0a6ba6dccf932a68"}}
[2m2025-12-10T10:10:24.763905Z[0m [34mDEBUG[0m [2methereum_transaction_pool_monitor::eth_client[0m[2m:[0m 📨 Received pending transaction: 0xd3dc6cc3483fe022171e1daa05e5486b664bd0e656cdae8e0a6ba6dccf932a68
[2m2025-12-10T10:10:24.767469Z[0m [34mDEBUG[0m [2mhyper::proto::h1::io[0m[2m:[0m parsed 4 headers
[2m2025-12-10T10:10:24.767481Z[0m [34mDEBUG[0m [2mhyper::proto::h1::conn[0m[2m:[0m incoming body is content-length (45 bytes)
[2m2025-12-10T10:10:24.767488Z[0m [34mDEBUG[0m [2mhyper::proto::h1::conn[0m[2m:[0m incoming body completed
[2m2025-12-10T10:10:24.767496Z[0m [34mDEBUG[0m [2mhyper::client::pool[0m[2m:[0m pooling idle connection for ("http", 192.168.0.14:8545)
[2m2025-12-10T10:10:24.768534Z[0m [34mDEBUG[0m [2mhyper::proto::h1::io[0m[2m:[0m parsed 4 headers
[2m2025-12-10T10:10:24.768539Z[0m [34mDEBUG[0m [2mhyper::proto::h1::conn[0m[2m:[0m incoming body is content-length (768 bytes)
[2m2025-12-10T10:10:24.768544Z[0m [34mDEBUG[0m [2mhyper::proto::h1::conn[0m[2m:[0m incoming body completed
[2m2025-12-10T10:10:24.768549Z[0m [34mDEBUG[0m [2mhyper::client::pool[0m[2m:[0m pooling idle connection for ("http", 192.168.0.14:8545)
[2m2025-12-10T10:10:24.768554Z[0m [34mDEBUG[0m [2methereum_transaction_pool_monitor::eth_client[0m[2m:[0m 📡 Transaction fetch RPC completed in 4.796542ms
[2m2025-12-10T10:10:24.768566Z[0m [34mDEBUG[0m [2methereum_transaction_pool_monitor::eth_client[0m[2m:[0m DeFi transaction detected - Address: 0xdac17f958d2ee523a2206206994597c13d831ec7, Type: Stablecoin, Value: 0 ETH, Gas: 0.24 Gwei
[2m2025-12-10T10:10:24.768578Z[0m [34mDEBUG[0m [2methereum_transaction_pool_monitor::eth_client[0m[2m:[0m ✅ Transaction 0x197b80f5f5909869d3dac0146a3222697adb7c42d77f7a388b0a61634cbb6180 fetched and parsed in 4.820417ms
[2m2025-12-10T10:10:24.768583Z[0m [34mDEBUG[0m [2methereum_transaction_pool_monitor::mempool_monitor[0m[2m:[0m 🔍 Skipping tx 0x197b80f5f5909869d3dac0146a3222697adb7c42d77f7a388b0a61634cbb6180 - not a DEX interaction (target: 0xdAC17F958D2ee523a2206206994597C13D831ec7)
[2m2025-12-10T10:10:24.768589Z[0m [34mDEBUG[0m [2methereum_transaction_pool_monitor::mempool_monitor[0m[2m:[0m 📨 Processing new pending transaction: 0x055b8b1b1c2bbe2292e1e399ec0c47ccc04a2a5b68fbf8d659530ad7982e44a8
[2m2025-12-10T10:10:24.768593Z[0m [34mDEBUG[0m [2methereum_transaction_pool_monitor::mempool_monitor[0m[2m:[0m 🔍 Fetching transaction details for: 0x055b8b1b1c2bbe2292e1e399ec0c47ccc04a2a5b68fbf8d659530ad7982e44a8
[2m2025-12-10T10:10:24.768596Z[0m [34mDEBUG[0m [2methereum_transaction_pool_monitor::eth_client[0m[2m:[0m 🔍 Fetching transaction details for hash: 0x055b8b1b1c2bbe2292e1e399ec0c47ccc04a2a5b68fbf8d659530ad7982e44a8
[2m2025-12-10T10:10:24.768608Z[0m [34mDEBUG[0m [2mhyper::client::pool[0m[2m:[0m reuse idle connection for ("http", 192.168.0.14:8545)
[2m2025-12-10T10:10:24.768624Z[0m [34mDEBUG[0m [2mhyper::proto::h1::io[0m[2m:[0m flushed 250 bytes
[2m2025-12-10T10:10:24.773387Z[0m [34mDEBUG[0m [2mhyper::proto::h1::io[0m[2m:[0m parsed 4 headers
[2m2025-12-10T10:10:24.773395Z[0m [34mDEBUG[0m [2mhyper::proto::h1::conn[0m[2m:[0m incoming body is content-length (1731 bytes)
[2m2025-12-10T10:10:24.773403Z[0m [34mDEBUG[0m [2mhyper::proto::h1::conn[0m[2m:[0m incoming body completed
[2m2025-12-10T10:10:24.773410Z[0m [34mDEBUG[0m [2mhyper::client::pool[0m[2m:[0m pooling idle connection for ("http", 192.168.0.14:8545)
[2m2025-12-10T10:10:24.773415Z[0m [34mDEBUG[0m [2methereum_transaction_pool_monitor::eth_client[0m[2m:[0m 📡 Transaction fetch RPC completed in 4.815875ms
[2m2025-12-10T10:10:24.845329Z[0m [34mDEBUG[0m [2methereum_transaction_pool_monitor::eth_client[0m[2m:[0m ✅ Transaction 0x055b8b1b1c2bbe2292e1e399ec0c47ccc04a2a5b68fbf8d659530ad7982e44a8 fetched and parsed in 76.726791ms
[2m2025-12-10T10:10:24.845356Z[0m [34mDEBUG[0m [2methereum_transaction_pool_monitor::mempool_monitor[0m[2m:[0m 🔍 Skipping tx 0x055b8b1b1c2bbe2292e1e399ec0c47ccc04a2a5b68fbf8d659530ad7982e44a8 - not a DEX interaction (target: 0x601a2aD6CB5949f0529735254189Ba3194221EDF)
[2m2025-12-10T10:10:24.845370Z[0m [34mDEBUG[0m [2methereum_transaction_pool_monitor::mempool_monitor[0m[2m:[0m 📨 Processing new pending transaction: 0x638c0c4e374a3eacfcfd67143dd9be5f1cbb3ea3b18fe6bbe962afb6c69a5930
[2m2025-12-10T10:10:24.845378Z[0m [34mDEBUG[0m [2methereum_transaction_pool_monitor::mempool_monitor[0m[2m:[0m 🔍 Fetching transaction details for: 0x638c0c4e374a3eacfcfd67143dd9be5f1cbb3ea3b18fe6bbe962afb6c69a5930
[2m2025-12-10T10:10:24.845383Z[0m [34mDEBUG[0m [2methereum_transaction_pool_monitor::eth_client[0m[2m:[0m 🔍 Fetching transaction details for hash: 0x638c0c4e374a3eacfcfd67143dd9be5f1cbb3ea3b18fe6bbe962afb6c69a5930
[2m2025-12-10T10:10:24.845401Z[0m [34mDEBUG[0m [2mhyper::client::pool[0m[2m:[0m reuse idle connection for ("http", 192.168.0.14:8545)
[2m2025-12-10T10:10:24.845437Z[0m [34mDEBUG[0m [2mhyper::proto::h1::io[0m[2m:[0m flushed 250 bytes
[2m2025-12-10T10:10:24.845472Z[0m [34mDEBUG[0m [2mhyper::client::pool[0m[2m:[0m reuse idle connection for ("http", 192.168.0.14:8545)
[2m2025-12-10T10:10:24.845487Z[0m [34mDEBUG[0m [2mhyper::proto::h1::io[0m[2m:[0m flushed 172 bytes
[2m2025-12-10T10:10:24.849840Z[0m [34mDEBUG[0m [2mhyper::proto::h1::io[0m[2m:[0m parsed 4 headers
[2m2025-12-10T10:10:24.849862Z[0m [34mDEBUG[0m [2mhyper::proto::h1::conn[0m[2m:[0m incoming body is content-length (45 bytes)
[2m2025-12-10T10:10:24.849885Z[0m [34mDEBUG[0m [2mhyper::proto::h1::conn[0m[2m:[0m incoming body completed
[2m2025-12-10T10:10:24.849898Z[0m [34mDEBUG[0m [2mhyper::client::pool[0m[2m:[0m pooling idle connection for ("http", 192.168.0.14:8545)
[2m2025-12-10T10:10:24.850514Z[0m [34mDEBUG[0m [2mhyper::proto::h1::io[0m[2m:[0m parsed 4 headers
[2m2025-12-10T10:10:24.850518Z[0m [34mDEBUG[0m [2mhyper::proto::h1::conn[0m[2m:[0m incoming body is content-length (899 bytes)
[2m2025-12-10T10:10:24.850526Z[0m [34mDEBUG[0m [2mhyper::proto::h1::conn[0m[2m:[0m incoming body completed
[2m2025-12-10T10:10:24.850531Z[0m [34mDEBUG[0m [2mhyper::client::pool[0m[2m:[0m pooling idle connection for ("http", 192.168.0.14:8545)
[2m2025-12-10T10:10:24.850536Z[0m [34mDEBUG[0m [2methereum_transaction_pool_monitor::eth_client[0m[2m:[0m 📡 Transaction fetch RPC completed in 5.147917ms
[2m2025-12-10T10:10:24.922217Z[0m [34mDEBUG[0m [2methereum_transaction_pool_monitor::eth_client[0m[2m:[0m ✅ Transaction 0x638c0c4e374a3eacfcfd67143dd9be5f1cbb3ea3b18fe6bbe962afb6c69a5930 fetched and parsed in 76.826083ms
[2m2025-12-10T10:10:24.922241Z[0m [34mDEBUG[0m [2methereum_transaction_pool_monitor::mempool_monitor[0m[2m:[0m 🔍 Skipping tx 0x638c0c4e374a3eacfcfd67143dd9be5f1cbb3ea3b18fe6bbe962afb6c69a5930 - not a DEX interaction (target: 0x62b397afd9DFb2166C57323Fa3bBeaAceeCb3460)
[2m2025-12-10T10:10:24.922250Z[0m [34mDEBUG[0m [2methereum_transaction_pool_monitor::mempool_monitor[0m[2m:[0m 📨 Processing new pending transaction: 0x95a2d7cc850c1b3deaa118a6fb7e7097c5b512c2e4f3de2691b87369ff7e368b
[2m2025-12-10T10:10:24.922256Z[0m [34mDEBUG[0m [2methereum_transaction_pool_monitor::mempool_monitor[0m[2m:[0m 🔍 Fetching transaction details for: 0x95a2d7cc850c1b3deaa118a6fb7e7097c5b512c2e4f3de2691b87369ff7e368b
[2m2025-12-10T10:10:24.922260Z[0m [34mDEBUG[0m [2methereum_transaction_pool_monitor::eth_client[0m[2m:[0m 🔍 Fetching transaction details for hash: 0x95a2d7cc850c1b3deaa118a6fb7e7097c5b512c2e4f3de2691b87369ff7e368b
[2m2025-12-10T10:10:24.922277Z[0m [34mDEBUG[0m [2mhyper::client::pool[0m[2m:[0m reuse idle connection for ("http", 192.168.0.14:8545)
[2m2025-12-10T10:10:24.922313Z[0m [34mDEBUG[0m [2mhyper::proto::h1::io[0m[2m:[0m flushed 250 bytes
[2m2025-12-10T10:10:24.922331Z[0m [34mDEBUG[0m [2mhyper::client::pool[0m[2m:[0m reuse idle connection for ("http", 192.168.0.14:8545)
[2m2025-12-10T10:10:24.922342Z[0m [34mDEBUG[0m [2methereum_transaction_pool_monitor::eth_client[0m[2m:[0m 📨 Received WebSocket message: {"jsonrpc":"2.0","method":"eth_subscription","params":{"subscription":"0xbed0a0851463e895960a451075a301a9","result":"0x7be433aa7dc6bf48f5a1e34bc6f889789a128b0dfeb92b785b9ade8809ace8e6"}}
[2m2025-12-10T10:10:24.922343Z[0m [34mDEBUG[0m [2mhyper::proto::h1::io[0m[2m:[0m flushed 172 bytes
[2m2025-12-10T10:10:24.922354Z[0m [34mDEBUG[0m [2methereum_transaction_pool_monitor::eth_client[0m[2m:[0m 📨 Received pending transaction: 0x7be433aa7dc6bf48f5a1e34bc6f889789a128b0dfeb92b785b9ade8809ace8e6
[2m2025-12-10T10:10:24.922365Z[0m [34mDEBUG[0m [2methereum_transaction_pool_monitor::eth_client[0m[2m:[0m 📨 Received WebSocket message: {"jsonrpc":"2.0","method":"eth_subscription","params":{"subscription":"0xbed0a0851463e895960a451075a301a9","result":"0xebbf40fdbab28591357f90bc3d6cdd42ba72405c3a8962c22382e9d9e776a0dd"}}
[2m2025-12-10T10:10:24.922371Z[0m [34mDEBUG[0m [2methereum_transaction_pool_monitor::eth_client[0m[2m:[0m 📨 Received pending transaction: 0xebbf40fdbab28591357f90bc3d6cdd42ba72405c3a8962c22382e9d9e776a0dd
[2m2025-12-10T10:10:24.922375Z[0m [34mDEBUG[0m [2methereum_transaction_pool_monitor::eth_client[0m[2m:[0m 📨 Received WebSocket message: {"jsonrpc":"2.0","method":"eth_subscription","params":{"subscription":"0xbed0a0851463e895960a451075a301a9","result":"0xace8a82c6f11adb46740b8e9e37fb27f2376eec102dcee4b19b06b994e898f4c"}}
[2m2025-12-10T10:10:24.922380Z[0m [34mDEBUG[0m [2methereum_transaction_pool_monitor::eth_client[0m[2m:[0m 📨 Received pending transaction: 0xace8a82c6f11adb46740b8e9e37fb27f2376eec102dcee4b19b06b994e898f4c
[2m2025-12-10T10:10:24.926286Z[0m [34mDEBUG[0m [2mhyper::proto::h1::io[0m[2m:[0m parsed 4 headers
[2m2025-12-10T10:10:24.926292Z[0m [34mDEBUG[0m [2mhyper::proto::h1::conn[0m[2m:[0m incoming body is content-length (45 bytes)
[2m2025-12-10T10:10:24.926300Z[0m [34mDEBUG[0m [2mhyper::proto::h1::conn[0m[2m:[0m incoming body completed
[2m2025-12-10T10:10:24.926311Z[0m [34mDEBUG[0m [2mhyper::client::pool[0m[2m:[0m pooling idle connection for ("http", 192.168.0.14:8545)
[2m2025-12-10T10:10:24.931023Z[0m [34mDEBUG[0m [2mhyper::proto::h1::io[0m[2m:[0m parsed 4 headers
[2m2025-12-10T10:10:24.931032Z[0m [34mDEBUG[0m [2mhyper::proto::h1::conn[0m[2m:[0m incoming body is content-length (705 bytes)
[2m2025-12-10T10:10:24.931038Z[0m [34mDEBUG[0m [2mhyper::proto::h1::conn[0m[2m:[0m incoming body completed
[2m2025-12-10T10:10:24.931046Z[0m [34mDEBUG[0m [2mhyper::client::pool[0m[2m:[0m pooling idle connection for ("http", 192.168.0.14:8545)
[2m2025-12-10T10:10:24.931051Z[0m [34mDEBUG[0m [2methereum_transaction_pool_monitor::eth_client[0m[2m:[0m 📡 Transaction fetch RPC completed in 8.786583ms
[2m2025-12-10T10:10:25.002561Z[0m [34mDEBUG[0m [2methereum_transaction_pool_monitor::eth_client[0m[2m:[0m ✅ Transaction 0x95a2d7cc850c1b3deaa118a6fb7e7097c5b512c2e4f3de2691b87369ff7e368b fetched and parsed in 80.294417ms
[2m2025-12-10T10:10:25.002595Z[0m [34mDEBUG[0m [2methereum_transaction_pool_monitor::mempool_monitor[0m[2m:[0m 🔍 Skipping tx 0x95a2d7cc850c1b3deaa118a6fb7e7097c5b512c2e4f3de2691b87369ff7e368b - not a DEX interaction (target: 0xA0b86991c6218b36c1d19D4a2e9Eb0cE3606eB48)
[2m2025-12-10T10:10:25.002608Z[0m [34mDEBUG[0m [2methereum_transaction_pool_monitor::mempool_monitor[0m[2m:[0m 📨 Processing new pending transaction: 0xde933ca8bda4ad82acf3c8e5ef2623fbf067f268eb272825d3dafe2ac22a58d5
[2m2025-12-10T10:10:25.002616Z[0m [34mDEBUG[0m [2methereum_transaction_pool_monitor::mempool_monitor[0m[2m:[0m 🔍 Fetching transaction details for: 0xde933ca8bda4ad82acf3c8e5ef2623fbf067f268eb272825d3dafe2ac22a58d5
[2m2025-12-10T10:10:25.002621Z[0m [34mDEBUG[0m [2methereum_transaction_pool_monitor::eth_client[0m[2m:[0m 🔍 Fetching transaction details for hash: 0xde933ca8bda4ad82acf3c8e5ef2623fbf067f268eb272825d3dafe2ac22a58d5
[2m2025-12-10T10:10:25.002640Z[0m [34mDEBUG[0m [2mhyper::client::pool[0m[2m:[0m reuse idle connection for ("http", 192.168.0.14:8545)
[2m2025-12-10T10:10:25.002685Z[0m [34mDEBUG[0m [2mhyper::proto::h1::io[0m[2m:[0m flushed 250 bytes
[2m2025-12-10T10:10:25.002716Z[0m [34mDEBUG[0m [2mhyper::client::pool[0m[2m:[0m reuse idle connection for ("http", 192.168.0.14:8545)
[2m2025-12-10T10:10:25.002732Z[0m [34mDEBUG[0m [2mhyper::proto::h1::io[0m[2m:[0m flushed 172 bytes
[2m2025-12-10T10:10:25.006139Z[0m [34mDEBUG[0m [2mhyper::proto::h1::io[0m[2m:[0m parsed 4 headers
[2m2025-12-10T10:10:25.006144Z[0m [34mDEBUG[0m [2mhyper::proto::h1::conn[0m[2m:[0m incoming body is content-length (45 bytes)
[2m2025-12-10T10:10:25.006150Z[0m [34mDEBUG[0m [2mhyper::proto::h1::conn[0m[2m:[0m incoming body completed
[2m2025-12-10T10:10:25.006156Z[0m [34mDEBUG[0m [2mhyper::client::pool[0m[2m:[0m pooling idle connection for ("http", 192.168.0.14:8545)
[2m2025-12-10T10:10:25.006570Z[0m [34mDEBUG[0m [2mhyper::proto::h1::io[0m[2m:[0m parsed 4 headers
[2m2025-12-10T10:10:25.006577Z[0m [34mDEBUG[0m [2mhyper::proto::h1::conn[0m[2m:[0m incoming body is content-length (830 bytes)
[2m2025-12-10T10:10:25.006584Z[0m [34mDEBUG[0m [2mhyper::proto::h1::conn[0m[2m:[0m incoming body completed
[2m2025-12-10T10:10:25.006590Z[0m [34mDEBUG[0m [2mhyper::client::pool[0m[2m:[0m pooling idle connection for ("http", 192.168.0.14:8545)
[2m2025-12-10T10:10:25.006594Z[0m [34mDEBUG[0m [2methereum_transaction_pool_monitor::eth_client[0m[2m:[0m 📡 Transaction fetch RPC completed in 3.9695ms
[2m2025-12-10T10:10:25.078453Z[0m [34mDEBUG[0m [2methereum_transaction_pool_monitor::eth_client[0m[2m:[0m ✅ Transaction 0xde933ca8bda4ad82acf3c8e5ef2623fbf067f268eb272825d3dafe2ac22a58d5 fetched and parsed in 75.825292ms
[2m2025-12-10T10:10:25.078476Z[0m [34mDEBUG[0m [2methereum_transaction_pool_monitor::mempool_monitor[0m[2m:[0m 🔍 Skipping tx 0xde933ca8bda4ad82acf3c8e5ef2623fbf067f268eb272825d3dafe2ac22a58d5 - not a DEX interaction (target: 0x3B4D794a66304F130a4Db8F2551B0070dfCf5ca7)
[2m2025-12-10T10:10:25.078489Z[0m [34mDEBUG[0m [2methereum_transaction_pool_monitor::mempool_monitor[0m[2m:[0m 📨 Processing new pending transaction: 0xf1ae74e6018f88693bb09cd12e01309a6c40ec9911cc453219b8727c5b74eed5
[2m2025-12-10T10:10:25.078494Z[0m [34mDEBUG[0m [2methereum_transaction_pool_monitor::mempool_monitor[0m[2m:[0m 🔍 Fetching transaction details for: 0xf1ae74e6018f88693bb09cd12e01309a6c40ec9911cc453219b8727c5b74eed5
[2m2025-12-10T10:10:25.078498Z[0m [34mDEBUG[0m [2methereum_transaction_pool_monitor::eth_client[0m[2m:[0m 🔍 Fetching transaction details for hash: 0xf1ae74e6018f88693bb09cd12e01309a6c40ec9911cc453219b8727c5b74eed5
[2m2025-12-10T10:10:25.078517Z[0m [34mDEBUG[0m [2mhyper::client::pool[0m[2m:[0m reuse idle connection for ("http", 192.168.0.14:8545)
[2m2025-12-10T10:10:25.078552Z[0m [34mDEBUG[0m [2mhyper::proto::h1::io[0m[2m:[0m flushed 250 bytes
[2m2025-12-10T10:10:25.078574Z[0m [34mDEBUG[0m [2methereum_transaction_pool_monitor::eth_client[0m[2m:[0m 📨 Received WebSocket message: {"jsonrpc":"2.0","method":"eth_subscription","params":{"subscription":"0xbed0a0851463e895960a451075a301a9","result":"0xd8123a87fc243c3f1b5a6eb355a9328ef24bc42812266d9aeea9a148427fb499"}}
[2m2025-12-10T10:10:25.078582Z[0m [34mDEBUG[0m [2methereum_transaction_pool_monitor::eth_client[0m[2m:[0m 📨 Received pending transaction: 0xd8123a87fc243c3f1b5a6eb355a9328ef24bc42812266d9aeea9a148427fb499
[2m2025-12-10T10:10:25.078589Z[0m [34mDEBUG[0m [2methereum_transaction_pool_monitor::eth_client[0m[2m:[0m 📨 Received WebSocket message: {"jsonrpc":"2.0","method":"eth_subscription","params":{"subscription":"0xbed0a0851463e895960a451075a301a9","result":"0xea0066270cfb8fbe76450489bc84491d3196052234fb00dad73e17302800361e"}}
[2m2025-12-10T10:10:25.078594Z[0m [34mDEBUG[0m [2methereum_transaction_pool_monitor::eth_client[0m[2m:[0m 📨 Received pending transaction: 0xea0066270cfb8fbe76450489bc84491d3196052234fb00dad73e17302800361e
[2m2025-12-10T10:10:25.083031Z[0m [34mDEBUG[0m [2mhyper::proto::h1::io[0m[2m:[0m parsed 4 headers
[2m2025-12-10T10:10:25.083038Z[0m [34mDEBUG[0m [2mhyper::proto::h1::conn[0m[2m:[0m incoming body is content-length (1731 bytes)
[2m2025-12-10T10:10:25.083050Z[0m [34mDEBUG[0m [2mhyper::proto::h1::conn[0m[2m:[0m incoming body completed
[2m2025-12-10T10:10:25.083059Z[0m [34mDEBUG[0m [2mhyper::client::pool[0m[2m:[0m pooling idle connection for ("http", 192.168.0.14:8545)
[2m2025-12-10T10:10:25.083066Z[0m [34mDEBUG[0m [2methereum_transaction_pool_monitor::eth_client[0m[2m:[0m 📡 Transaction fetch RPC completed in 4.564333ms
[2m2025-12-10T10:10:25.154569Z[0m [34mDEBUG[0m [2methereum_transaction_pool_monitor::eth_client[0m[2m:[0m ✅ Transaction 0xf1ae74e6018f88693bb09cd12e01309a6c40ec9911cc453219b8727c5b74eed5 fetched and parsed in 76.064958ms
[2m2025-12-10T10:10:25.154594Z[0m [34mDEBUG[0m [2methereum_transaction_pool_monitor::mempool_monitor[0m[2m:[0m 🔍 Skipping tx 0xf1ae74e6018f88693bb09cd12e01309a6c40ec9911cc453219b8727c5b74eed5 - not a DEX interaction (target: 0x601a2aD6CB5949f0529735254189Ba3194221EDF)
[2m2025-12-10T10:10:25.154604Z[0m [34mDEBUG[0m [2methereum_transaction_pool_monitor::mempool_monitor[0m[2m:[0m 📨 Processing new pending transaction: 0xb892de294ce3aeb8a284ec62e0470bf4fc667ae61df9a50bf7b95ea6272e377b
[2m2025-12-10T10:10:25.154610Z[0m [34mDEBUG[0m [2methereum_transaction_pool_monitor::mempool_monitor[0m[2m:[0m 🔍 Fetching transaction details for: 0xb892de294ce3aeb8a284ec62e0470bf4fc667ae61df9a50bf7b95ea6272e377b
[2m2025-12-10T10:10:25.154615Z[0m [34mDEBUG[0m [2methereum_transaction_pool_monitor::eth_client[0m[2m:[0m 🔍 Fetching transaction details for hash: 0xb892de294ce3aeb8a284ec62e0470bf4fc667ae61df9a50bf7b95ea6272e377b
[2m2025-12-10T10:10:25.154633Z[0m [34mDEBUG[0m [2mhyper::client::pool[0m[2m:[0m reuse idle connection for ("http", 192.168.0.14:8545)
[2m2025-12-10T10:10:25.154675Z[0m [34mDEBUG[0m [2mhyper::proto::h1::io[0m[2m:[0m flushed 250 bytes
[2m2025-12-10T10:10:25.154702Z[0m [34mDEBUG[0m [2mhyper::client::pool[0m[2m:[0m reuse idle connection for ("http", 192.168.0.14:8545)
[2m2025-12-10T10:10:25.154713Z[0m [34mDEBUG[0m [2mhyper::proto::h1::io[0m[2m:[0m flushed 172 bytes
[2m2025-12-10T10:10:25.158860Z[0m [34mDEBUG[0m [2mhyper::proto::h1::io[0m[2m:[0m parsed 4 headers
[2m2025-12-10T10:10:25.158878Z[0m [34mDEBUG[0m [2mhyper::proto::h1::conn[0m[2m:[0m incoming body is content-length (45 bytes)
[2m2025-12-10T10:10:25.158897Z[0m [34mDEBUG[0m [2mhyper::proto::h1::conn[0m[2m:[0m incoming body completed
[2m2025-12-10T10:10:25.158924Z[0m [34mDEBUG[0m [2mhyper::client::pool[0m[2m:[0m pooling idle connection for ("http", 192.168.0.14:8545)
[2m2025-12-10T10:10:25.163790Z[0m [34mDEBUG[0m [2mhyper::proto::h1::io[0m[2m:[0m parsed 4 headers
[2m2025-12-10T10:10:25.163794Z[0m [34mDEBUG[0m [2mhyper::proto::h1::conn[0m[2m:[0m incoming body is content-length (772 bytes)
[2m2025-12-10T10:10:25.163798Z[0m [34mDEBUG[0m [2mhyper::proto::h1::conn[0m[2m:[0m incoming body completed
[2m2025-12-10T10:10:25.163802Z[0m [34mDEBUG[0m [2mhyper::client::pool[0m[2m:[0m pooling idle connection for ("http", 192.168.0.14:8545)
[2m2025-12-10T10:10:25.163806Z[0m [34mDEBUG[0m [2methereum_transaction_pool_monitor::eth_client[0m[2m:[0m 📡 Transaction fetch RPC completed in 9.186625ms
[2m2025-12-10T10:10:25.163815Z[0m [34mDEBUG[0m [2methereum_transaction_pool_monitor::eth_client[0m[2m:[0m DeFi transaction detected - Address: 0xdac17f958d2ee523a2206206994597c13d831ec7, Type: Stablecoin, Value: 0 ETH, Gas: 50.00 Gwei
[2m2025-12-10T10:10:25.163826Z[0m [34mDEBUG[0m [2methereum_transaction_pool_monitor::eth_client[0m[2m:[0m ✅ Transaction 0xb892de294ce3aeb8a284ec62e0470bf4fc667ae61df9a50bf7b95ea6272e377b fetched and parsed in 9.207375ms
[2m2025-12-10T10:10:25.163831Z[0m [34mDEBUG[0m [2methereum_transaction_pool_monitor::mempool_monitor[0m[2m:[0m 🔍 Skipping tx 0xb892de294ce3aeb8a284ec62e0470bf4fc667ae61df9a50bf7b95ea6272e377b - not a DEX interaction (target: 0xdAC17F958D2ee523a2206206994597C13D831ec7)
[2m2025-12-10T10:10:25.163836Z[0m [34mDEBUG[0m [2methereum_transaction_pool_monitor::mempool_monitor[0m[2m:[0m 📨 Processing new pending transaction: 0xf2a406e6b7f367d8531d10b34fe35655633babf40084ff749435c2658a3d9a2f
[2m2025-12-10T10:10:25.163839Z[0m [34mDEBUG[0m [2methereum_transaction_pool_monitor::mempool_monitor[0m[2m:[0m 🔍 Fetching transaction details for: 0xf2a406e6b7f367d8531d10b34fe35655633babf40084ff749435c2658a3d9a2f
[2m2025-12-10T10:10:25.163842Z[0m [34mDEBUG[0m [2methereum_transaction_pool_monitor::eth_client[0m[2m:[0m 🔍 Fetching transaction details for hash: 0xf2a406e6b7f367d8531d10b34fe35655633babf40084ff749435c2658a3d9a2f
[2m2025-12-10T10:10:25.163848Z[0m [34mDEBUG[0m [2mhyper::client::pool[0m[2m:[0m reuse idle connection for ("http", 192.168.0.14:8545)
[2m2025-12-10T10:10:25.163863Z[0m [34mDEBUG[0m [2mhyper::proto::h1::io[0m[2m:[0m flushed 250 bytes
[2m2025-12-10T10:10:25.169583Z[0m [34mDEBUG[0m [2mhyper::proto::h1::io[0m[2m:[0m parsed 4 headers
[2m2025-12-10T10:10:25.169587Z[0m [34mDEBUG[0m [2mhyper::proto::h1::conn[0m[2m:[0m incoming body is content-length (766 bytes)
[2m2025-12-10T10:10:25.169591Z[0m [34mDEBUG[0m [2mhyper::proto::h1::conn[0m[2m:[0m incoming body completed
[2m2025-12-10T10:10:25.169595Z[0m [34mDEBUG[0m [2mhyper::client::pool[0m[2m:[0m pooling idle connection for ("http", 192.168.0.14:8545)
[2m2025-12-10T10:10:25.169599Z[0m [34mDEBUG[0m [2methereum_transaction_pool_monitor::eth_client[0m[2m:[0m 📡 Transaction fetch RPC completed in 5.753708ms
[2m2025-12-10T10:10:25.240705Z[0m [34mDEBUG[0m [2methereum_transaction_pool_monitor::eth_client[0m[2m:[0m ✅ Transaction 0xf2a406e6b7f367d8531d10b34fe35655633babf40084ff749435c2658a3d9a2f fetched and parsed in 76.857666ms
[2m2025-12-10T10:10:25.240727Z[0m [34mDEBUG[0m [2methereum_transaction_pool_monitor::mempool_monitor[0m[2m:[0m 🔍 Skipping tx 0xf2a406e6b7f367d8531d10b34fe35655633babf40084ff749435c2658a3d9a2f - not a DEX interaction (target: 0x25B4f5D4C314bCD5d7962734936C957B947cb7CF)
[2m2025-12-10T10:10:25.240735Z[0m [34mDEBUG[0m [2methereum_transaction_pool_monitor::mempool_monitor[0m[2m:[0m 📨 Processing new pending transaction: 0x0c22a74f2511e93447f6db9919bed2c26b034eff865f114bb83e338ba91ce88d
[2m2025-12-10T10:10:25.240742Z[0m [34mDEBUG[0m [2methereum_transaction_pool_monitor::mempool_monitor[0m[2m:[0m 🔍 Fetching transaction details for: 0x0c22a74f2511e93447f6db9919bed2c26b034eff865f114bb83e338ba91ce88d
[2m2025-12-10T10:10:25.240748Z[0m [34mDEBUG[0m [2methereum_transaction_pool_monitor::eth_client[0m[2m:[0m 🔍 Fetching transaction details for hash: 0x0c22a74f2511e93447f6db9919bed2c26b034eff865f114bb83e338ba91ce88d
[2m2025-12-10T10:10:25.240766Z[0m [34mDEBUG[0m [2mhyper::client::pool[0m[2m:[0m reuse idle connection for ("http", 192.168.0.14:8545)
[2m2025-12-10T10:10:25.240806Z[0m [34mDEBUG[0m [2mhyper::proto::h1::io[0m[2m:[0m flushed 250 bytes
[2m2025-12-10T10:10:25.240824Z[0m [34mDEBUG[0m [2mhyper::client::pool[0m[2m:[0m reuse idle connection for ("http", 192.168.0.14:8545)
[2m2025-12-10T10:10:25.240837Z[0m [34mDEBUG[0m [2mhyper::proto::h1::io[0m[2m:[0m flushed 172 bytes
[2m2025-12-10T10:10:25.240877Z[0m [34mDEBUG[0m [2methereum_transaction_pool_monitor::eth_client[0m[2m:[0m 📨 Received WebSocket message: {"jsonrpc":"2.0","method":"eth_subscription","params":{"subscription":"0xbed0a0851463e895960a451075a301a9","result":"0xc370e2bf695cb32b899c67c8c6f7bdb9ab358e300e58812465b91939f91bd32a"}}
[2m2025-12-10T10:10:25.240887Z[0m [34mDEBUG[0m [2methereum_transaction_pool_monitor::eth_client[0m[2m:[0m 📨 Received pending transaction: 0xc370e2bf695cb32b899c67c8c6f7bdb9ab358e300e58812465b91939f91bd32a
[2m2025-12-10T10:10:25.244782Z[0m [34mDEBUG[0m [2mhyper::proto::h1::io[0m[2m:[0m parsed 4 headers
[2m2025-12-10T10:10:25.244788Z[0m [34mDEBUG[0m [2mhyper::proto::h1::conn[0m[2m:[0m incoming body is content-length (45 bytes)
[2m2025-12-10T10:10:25.244794Z[0m [34mDEBUG[0m [2mhyper::proto::h1::conn[0m[2m:[0m incoming body completed
[2m2025-12-10T10:10:25.244800Z[0m [34mDEBUG[0m [2mhyper::client::pool[0m[2m:[0m pooling idle connection for ("http", 192.168.0.14:8545)
[2m2025-12-10T10:10:25.244815Z[0m [34mDEBUG[0m [2mhyper::proto::h1::io[0m[2m:[0m parsed 4 headers
[2m2025-12-10T10:10:25.244819Z[0m [34mDEBUG[0m [2mhyper::proto::h1::conn[0m[2m:[0m incoming body is content-length (651 bytes)
[2m2025-12-10T10:10:25.244824Z[0m [34mDEBUG[0m [2mhyper::proto::h1::conn[0m[2m:[0m incoming body completed
[2m2025-12-10T10:10:25.244829Z[0m [34mDEBUG[0m [2mhyper::client::pool[0m[2m:[0m pooling idle connection for ("http", 192.168.0.14:8545)
[2m2025-12-10T10:10:25.244835Z[0m [34mDEBUG[0m [2methereum_transaction_pool_monitor::eth_client[0m[2m:[0m 📡 Transaction fetch RPC completed in 4.082583ms
[2m2025-12-10T10:10:25.316366Z[0m [34mDEBUG[0m [2methereum_transaction_pool_monitor::eth_client[0m[2m:[0m ✅ Transaction 0x0c22a74f2511e93447f6db9919bed2c26b034eff865f114bb83e338ba91ce88d fetched and parsed in 75.612041ms
[2m2025-12-10T10:10:25.316392Z[0m [34mDEBUG[0m [2methereum_transaction_pool_monitor::mempool_monitor[0m[2m:[0m 🔍 Skipping tx 0x0c22a74f2511e93447f6db9919bed2c26b034eff865f114bb83e338ba91ce88d - not a DEX interaction (target: 0x91e20b7Dc6917caC15FA074F9cd8C98F4e55b250)
[2m2025-12-10T10:10:25.316402Z[0m [34mDEBUG[0m [2methereum_transaction_pool_monitor::mempool_monitor[0m[2m:[0m 📨 Processing new pending transaction: 0x13ea65148247bbd520c1cc7e54d9f2c03e24035c42ed89e701a5d79b94fca913
[2m2025-12-10T10:10:25.316407Z[0m [34mDEBUG[0m [2methereum_transaction_pool_monitor::mempool_monitor[0m[2m:[0m 🔍 Fetching transaction details for: 0x13ea65148247bbd520c1cc7e54d9f2c03e24035c42ed89e701a5d79b94fca913
[2m2025-12-10T10:10:25.316412Z[0m [34mDEBUG[0m [2methereum_transaction_pool_monitor::eth_client[0m[2m:[0m 🔍 Fetching transaction details for hash: 0x13ea65148247bbd520c1cc7e54d9f2c03e24035c42ed89e701a5d79b94fca913
[2m2025-12-10T10:10:25.316428Z[0m [34mDEBUG[0m [2mhyper::client::pool[0m[2m:[0m reuse idle connection for ("http", 192.168.0.14:8545)
[2m2025-12-10T10:10:25.316464Z[0m [34mDEBUG[0m [2mhyper::proto::h1::io[0m[2m:[0m flushed 250 bytes
[2m2025-12-10T10:10:25.316483Z[0m [34mDEBUG[0m [2mhyper::client::pool[0m[2m:[0m reuse idle connection for ("http", 192.168.0.14:8545)
[2m2025-12-10T10:10:25.316498Z[0m [34mDEBUG[0m [2mhyper::proto::h1::io[0m[2m:[0m flushed 172 bytes
[2m2025-12-10T10:10:25.316501Z[0m [34mDEBUG[0m [2methereum_transaction_pool_monitor::eth_client[0m[2m:[0m 📨 Received WebSocket message: {"jsonrpc":"2.0","method":"eth_subscription","params":{"subscription":"0xbed0a0851463e895960a451075a301a9","result":"0x514ca5141a256466520440cfaa0a9084782f2c09d991fee2926dd25cf6d15b75"}}
[2m2025-12-10T10:10:25.316514Z[0m [34mDEBUG[0m [2methereum_transaction_pool_monitor::eth_client[0m[2m:[0m 📨 Received pending transaction: 0x514ca5141a256466520440cfaa0a9084782f2c09d991fee2926dd25cf6d15b75
[2m2025-12-10T10:10:25.317454Z[0m [34mDEBUG[0m [2methereum_transaction_pool_monitor::eth_client[0m[2m:[0m 📨 Received WebSocket message: {"jsonrpc":"2.0","method":"eth_subscription","params":{"subscription":"0xbed0a0851463e895960a451075a301a9","result":"0xa366ff4946963cf5f7813fa5ddf1bef7e999afc35708351e08817ee11610f098"}}
[2m2025-12-10T10:10:25.317481Z[0m [34mDEBUG[0m [2methereum_transaction_pool_monitor::eth_client[0m[2m:[0m 📨 Received pending transaction: 0xa366ff4946963cf5f7813fa5ddf1bef7e999afc35708351e08817ee11610f098
[2m2025-12-10T10:10:25.320605Z[0m [34mDEBUG[0m [2mhyper::proto::h1::io[0m[2m:[0m parsed 4 headers
[2m2025-12-10T10:10:25.320609Z[0m [34mDEBUG[0m [2mhyper::proto::h1::conn[0m[2m:[0m incoming body is content-length (45 bytes)
[2m2025-12-10T10:10:25.320616Z[0m [34mDEBUG[0m [2mhyper::proto::h1::conn[0m[2m:[0m incoming body completed
[2m2025-12-10T10:10:25.320623Z[0m [34mDEBUG[0m [2mhyper::client::pool[0m[2m:[0m pooling idle connection for ("http", 192.168.0.14:8545)
[2m2025-12-10T10:10:25.320637Z[0m [34mDEBUG[0m [2mhyper::proto::h1::io[0m[2m:[0m parsed 4 headers
[2m2025-12-10T10:10:25.320642Z[0m [34mDEBUG[0m [2mhyper::proto::h1::conn[0m[2m:[0m incoming body is content-length (644 bytes)
[2m2025-12-10T10:10:25.320646Z[0m [34mDEBUG[0m [2mhyper::proto::h1::conn[0m[2m:[0m incoming body completed
[2m2025-12-10T10:10:25.320650Z[0m [34mDEBUG[0m [2mhyper::client::pool[0m[2m:[0m pooling idle connection for ("http", 192.168.0.14:8545)
[2m2025-12-10T10:10:25.320654Z[0m [34mDEBUG[0m [2methereum_transaction_pool_monitor::eth_client[0m[2m:[0m 📡 Transaction fetch RPC completed in 4.238334ms
[2m2025-12-10T10:10:25.392220Z[0m [34mDEBUG[0m [2methereum_transaction_pool_monitor::eth_client[0m[2m:[0m ✅ Transaction 0x13ea65148247bbd520c1cc7e54d9f2c03e24035c42ed89e701a5d79b94fca913 fetched and parsed in 75.80175ms
[2m2025-12-10T10:10:25.392246Z[0m [34mDEBUG[0m [2methereum_transaction_pool_monitor::mempool_monitor[0m[2m:[0m 🔍 Skipping tx 0x13ea65148247bbd520c1cc7e54d9f2c03e24035c42ed89e701a5d79b94fca913 - not a DEX interaction (target: 0xB70F98e53BEE56A2E18A15bcd826579f495076F0)
[2m2025-12-10T10:10:25.392256Z[0m [34mDEBUG[0m [2methereum_transaction_pool_monitor::mempool_monitor[0m[2m:[0m 📨 Processing new pending transaction: 0x25e7417bbf4367317e27175f1dfba0f182cd47f537646e53a87bb12d0e8b684a
[2m2025-12-10T10:10:25.392262Z[0m [34mDEBUG[0m [2methereum_transaction_pool_monitor::mempool_monitor[0m[2m:[0m 🔍 Fetching transaction details for: 0x25e7417bbf4367317e27175f1dfba0f182cd47f537646e53a87bb12d0e8b684a
[2m2025-12-10T10:10:25.392266Z[0m [34mDEBUG[0m [2methereum_transaction_pool_monitor::eth_client[0m[2m:[0m 🔍 Fetching transaction details for hash: 0x25e7417bbf4367317e27175f1dfba0f182cd47f537646e53a87bb12d0e8b684a
[2m2025-12-10T10:10:25.392284Z[0m [34mDEBUG[0m [2mhyper::client::pool[0m[2m:[0m reuse idle connection for ("http", 192.168.0.14:8545)
[2m2025-12-10T10:10:25.392311Z[0m [34mDEBUG[0m [2mhyper::proto::h1::io[0m[2m:[0m flushed 250 bytes
[2m2025-12-10T10:10:25.392330Z[0m [34mDEBUG[0m [2methereum_transaction_pool_monitor::eth_client[0m[2m:[0m 📨 Received WebSocket message: {"jsonrpc":"2.0","method":"eth_subscription","params":{"subscription":"0xbed0a0851463e895960a451075a301a9","result":"0x2990f0e7a0f1a1b8c5ef080fc88375cf1bcb3158cf5d632530e522e20eb67a60"}}
[2m2025-12-10T10:10:25.392338Z[0m [34mDEBUG[0m [2methereum_transaction_pool_monitor::eth_client[0m[2m:[0m 📨 Received pending transaction: 0x2990f0e7a0f1a1b8c5ef080fc88375cf1bcb3158cf5d632530e522e20eb67a60
[2m2025-12-10T10:10:25.392345Z[0m [34mDEBUG[0m [2methereum_transaction_pool_monitor::eth_client[0m[2m:[0m 📨 Received WebSocket message: {"jsonrpc":"2.0","method":"eth_subscription","params":{"subscription":"0xbed0a0851463e895960a451075a301a9","result":"0x971e9e599a596124ba6050a616f4447069f9908c5a8f3d260f59760ffa755e86"}}
[2m2025-12-10T10:10:25.392351Z[0m [34mDEBUG[0m [2methereum_transaction_pool_monitor::eth_client[0m[2m:[0m 📨 Received pending transaction: 0x971e9e599a596124ba6050a616f4447069f9908c5a8f3d260f59760ffa755e86
[2m2025-12-10T10:10:25.396559Z[0m [34mDEBUG[0m [2mhyper::client::pool[0m[2m:[0m reuse idle connection for ("http", 192.168.0.14:8545)
[2m2025-12-10T10:10:25.396563Z[0m [34mDEBUG[0m [2mhyper::proto::h1::io[0m[2m:[0m parsed 4 headers
[2m2025-12-10T10:10:25.396571Z[0m [34mDEBUG[0m [2mhyper::proto::h1::conn[0m[2m:[0m incoming body is content-length (772 bytes)
[2m2025-12-10T10:10:25.396578Z[0m [34mDEBUG[0m [2mhyper::proto::h1::io[0m[2m:[0m flushed 172 bytes
[2m2025-12-10T10:10:25.396579Z[0m [34mDEBUG[0m [2mhyper::proto::h1::conn[0m[2m:[0m incoming body completed
[2m2025-12-10T10:10:25.396592Z[0m [34mDEBUG[0m [2mhyper::client::pool[0m[2m:[0m pooling idle connection for ("http", 192.168.0.14:8545)
[2m2025-12-10T10:10:25.396599Z[0m [34mDEBUG[0m [2methereum_transaction_pool_monitor::eth_client[0m[2m:[0m 📡 Transaction fetch RPC completed in 4.329792ms
[2m2025-12-10T10:10:25.400468Z[0m [34mDEBUG[0m [2mhyper::proto::h1::io[0m[2m:[0m parsed 4 headers
[2m2025-12-10T10:10:25.400474Z[0m [34mDEBUG[0m [2mhyper::proto::h1::conn[0m[2m:[0m incoming body is content-length (45 bytes)
[2m2025-12-10T10:10:25.400479Z[0m [34mDEBUG[0m [2mhyper::proto::h1::conn[0m[2m:[0m incoming body completed
[2m2025-12-10T10:10:25.400485Z[0m [34mDEBUG[0m [2mhyper::client::pool[0m[2m:[0m pooling idle connection for ("http", 192.168.0.14:8545)
[2m2025-12-10T10:10:25.467706Z[0m [34mDEBUG[0m [2methereum_transaction_pool_monitor::eth_client[0m[2m:[0m ✅ Transaction 0x25e7417bbf4367317e27175f1dfba0f182cd47f537646e53a87bb12d0e8b684a fetched and parsed in 75.433917ms
[2m2025-12-10T10:10:25.467732Z[0m [34mDEBUG[0m [2methereum_transaction_pool_monitor::mempool_monitor[0m[2m:[0m 🔍 Skipping tx 0x25e7417bbf4367317e27175f1dfba0f182cd47f537646e53a87bb12d0e8b684a - not a DEX interaction (target: 0xA0b86991c6218b36c1d19D4a2e9Eb0cE3606eB48)
[2m2025-12-10T10:10:25.467742Z[0m [34mDEBUG[0m [2methereum_transaction_pool_monitor::mempool_monitor[0m[2m:[0m 📨 Processing new pending transaction: 0xc932d27eabccb0de93272431b94a0260647eccd998ec050497f14af13d83d734
[2m2025-12-10T10:10:25.467751Z[0m [34mDEBUG[0m [2methereum_transaction_pool_monitor::mempool_monitor[0m[2m:[0m 🔍 Fetching transaction details for: 0xc932d27eabccb0de93272431b94a0260647eccd998ec050497f14af13d83d734
[2m2025-12-10T10:10:25.467758Z[0m [34mDEBUG[0m [2methereum_transaction_pool_monitor::eth_client[0m[2m:[0m 🔍 Fetching transaction details for hash: 0xc932d27eabccb0de93272431b94a0260647eccd998ec050497f14af13d83d734
[2m2025-12-10T10:10:25.467777Z[0m [34mDEBUG[0m [2mhyper::client::pool[0m[2m:[0m reuse idle connection for ("http", 192.168.0.14:8545)
[2m2025-12-10T10:10:25.467817Z[0m [34mDEBUG[0m [2mhyper::proto::h1::io[0m[2m:[0m flushed 250 bytes
[2m2025-12-10T10:10:25.473646Z[0m [34mDEBUG[0m [2mhyper::proto::h1::io[0m[2m:[0m parsed 4 headers
[2m2025-12-10T10:10:25.473663Z[0m [34mDEBUG[0m [2mhyper::proto::h1::conn[0m[2m:[0m incoming body is content-length (2754 bytes)
[2m2025-12-10T10:10:25.473687Z[0m [34mDEBUG[0m [2mhyper::proto::h1::conn[0m[2m:[0m incoming body completed
[2m2025-12-10T10:10:25.473697Z[0m [34mDEBUG[0m [2mhyper::client::pool[0m[2m:[0m pooling idle connection for ("http", 192.168.0.14:8545)
[2m2025-12-10T10:10:25.473703Z[0m [34mDEBUG[0m [2methereum_transaction_pool_monitor::eth_client[0m[2m:[0m 📡 Transaction fetch RPC completed in 5.938875ms
[2m2025-12-10T10:10:25.547091Z[0m [34mDEBUG[0m [2methereum_transaction_pool_monitor::eth_client[0m[2m:[0m ✅ Transaction 0xc932d27eabccb0de93272431b94a0260647eccd998ec050497f14af13d83d734 fetched and parsed in 79.323833ms
[2m2025-12-10T10:10:25.547119Z[0m [34mDEBUG[0m [2methereum_transaction_pool_monitor::mempool_monitor[0m[2m:[0m 🔍 Skipping tx 0xc932d27eabccb0de93272431b94a0260647eccd998ec050497f14af13d83d734 - not a DEX interaction (target: 0x8E01Fbf136cA97627ca241dB9EFf1DFE3f2195F6)
[2m2025-12-10T10:10:25.547130Z[0m [34mDEBUG[0m [2methereum_transaction_pool_monitor::mempool_monitor[0m[2m:[0m 📨 Processing new pending transaction: 0x0147aa8f89bacbbc8bb3a3fb446f6a22e2122a609cef5afeb693df06b835a59c
[2m2025-12-10T10:10:25.547135Z[0m [34mDEBUG[0m [2methereum_transaction_pool_monitor::mempool_monitor[0m[2m:[0m 🔍 Fetching transaction details for: 0x0147aa8f89bacbbc8bb3a3fb446f6a22e2122a609cef5afeb693df06b835a59c
[2m2025-12-10T10:10:25.547139Z[0m [34mDEBUG[0m [2methereum_transaction_pool_monitor::eth_client[0m[2m:[0m 🔍 Fetching transaction details for hash: 0x0147aa8f89bacbbc8bb3a3fb446f6a22e2122a609cef5afeb693df06b835a59c
[2m2025-12-10T10:10:25.547159Z[0m [34mDEBUG[0m [2mhyper::client::pool[0m[2m:[0m reuse idle connection for ("http", 192.168.0.14:8545)
[2m2025-12-10T10:10:25.547197Z[0m [34mDEBUG[0m [2mhyper::proto::h1::io[0m[2m:[0m flushed 250 bytes
[2m2025-12-10T10:10:25.547226Z[0m [34mDEBUG[0m [2mhyper::client::pool[0m[2m:[0m reuse idle connection for ("http", 192.168.0.14:8545)
[2m2025-12-10T10:10:25.547241Z[0m [34mDEBUG[0m [2mhyper::proto::h1::io[0m[2m:[0m flushed 172 bytes
[2m2025-12-10T10:10:25.555717Z[0m [34mDEBUG[0m [2mhyper::proto::h1::io[0m[2m:[0m parsed 4 headers
[2m2025-12-10T10:10:25.555725Z[0m [34mDEBUG[0m [2mhyper::proto::h1::conn[0m[2m:[0m incoming body is content-length (763 bytes)
[2m2025-12-10T10:10:25.555731Z[0m [34mDEBUG[0m [2mhyper::proto::h1::conn[0m[2m:[0m incoming body completed
[2m2025-12-10T10:10:25.555738Z[0m [34mDEBUG[0m [2mhyper::client::pool[0m[2m:[0m pooling idle connection for ("http", 192.168.0.14:8545)
[2m2025-12-10T10:10:25.555744Z[0m [34mDEBUG[0m [2methereum_transaction_pool_monitor::eth_client[0m[2m:[0m 📡 Transaction fetch RPC completed in 8.600834ms
[2m2025-12-10T10:10:25.624088Z[0m [34mDEBUG[0m [2methereum_transaction_pool_monitor::eth_client[0m[2m:[0m ✅ Transaction 0x0147aa8f89bacbbc8bb3a3fb446f6a22e2122a609cef5afeb693df06b835a59c fetched and parsed in 76.942042ms
[2m2025-12-10T10:10:25.624115Z[0m [34mDEBUG[0m [2methereum_transaction_pool_monitor::mempool_monitor[0m[2m:[0m 🔍 Skipping tx 0x0147aa8f89bacbbc8bb3a3fb446f6a22e2122a609cef5afeb693df06b835a59c - not a DEX interaction (target: 0xd50370bEE8bFf23Bbb30ca558a1d0207DBc96ef2)
[2m2025-12-10T10:10:25.624124Z[0m [34mDEBUG[0m [2methereum_transaction_pool_monitor::mempool_monitor[0m[2m:[0m 📨 Processing new pending transaction: 0x36efdd79582c9417c0a5442b57f75cd13c6fec1c934aeb966231887f1f0aeeac
[2m2025-12-10T10:10:25.624132Z[0m [34mDEBUG[0m [2methereum_transaction_pool_monitor::mempool_monitor[0m[2m:[0m 🔍 Fetching transaction details for: 0x36efdd79582c9417c0a5442b57f75cd13c6fec1c934aeb966231887f1f0aeeac
[2m2025-12-10T10:10:25.624136Z[0m [34mDEBUG[0m [2methereum_transaction_pool_monitor::eth_client[0m[2m:[0m 🔍 Fetching transaction details for hash: 0x36efdd79582c9417c0a5442b57f75cd13c6fec1c934aeb966231887f1f0aeeac
[2m2025-12-10T10:10:25.624155Z[0m [34mDEBUG[0m [2mhyper::client::pool[0m[2m:[0m reuse idle connection for ("http", 192.168.0.14:8545)
[2m2025-12-10T10:10:25.624199Z[0m [34mDEBUG[0m [2mhyper::proto::h1::io[0m[2m:[0m flushed 250 bytes
[2m2025-12-10T10:10:25.624217Z[0m [34mDEBUG[0m [2mhyper::proto::h1::io[0m[2m:[0m parsed 4 headers
[2m2025-12-10T10:10:25.624221Z[0m [34mDEBUG[0m [2mhyper::proto::h1::conn[0m[2m:[0m incoming body is content-length (45 bytes)
[2m2025-12-10T10:10:25.624227Z[0m [34mDEBUG[0m [2mhyper::proto::h1::conn[0m[2m:[0m incoming body completed
[2m2025-12-10T10:10:25.624236Z[0m [34mDEBUG[0m [2mhyper::client::pool[0m[2m:[0m pooling idle connection for ("http", 192.168.0.14:8545)
[2m2025-12-10T10:10:25.624251Z[0m [34mDEBUG[0m [2mhyper::client::pool[0m[2m:[0m reuse idle connection for ("http", 192.168.0.14:8545)
[2m2025-12-10T10:10:25.624267Z[0m [34mDEBUG[0m [2mhyper::proto::h1::io[0m[2m:[0m flushed 172 bytes
[2m2025-12-10T10:10:25.628486Z[0m [34mDEBUG[0m [2mhyper::proto::h1::io[0m[2m:[0m parsed 4 headers
[2m2025-12-10T10:10:25.628492Z[0m [34mDEBUG[0m [2mhyper::proto::h1::conn[0m[2m:[0m incoming body is content-length (45 bytes)
[2m2025-12-10T10:10:25.628498Z[0m [34mDEBUG[0m [2mhyper::proto::h1::conn[0m[2m:[0m incoming body completed
[2m2025-12-10T10:10:25.628503Z[0m [34mDEBUG[0m [2mhyper::client::pool[0m[2m:[0m pooling idle connection for ("http", 192.168.0.14:8545)
[2m2025-12-10T10:10:25.629166Z[0m [34mDEBUG[0m [2mhyper::proto::h1::io[0m[2m:[0m parsed 4 headers
[2m2025-12-10T10:10:25.629184Z[0m [34mDEBUG[0m [2mhyper::proto::h1::conn[0m[2m:[0m incoming body is content-length (646 bytes)
[2m2025-12-10T10:10:25.629214Z[0m [34mDEBUG[0m [2mhyper::proto::h1::conn[0m[2m:[0m incoming body completed
[2m2025-12-10T10:10:25.629236Z[0m [34mDEBUG[0m [2mhyper::client::pool[0m[2m:[0m pooling idle connection for ("http", 192.168.0.14:8545)
[2m2025-12-10T10:10:25.629241Z[0m [34mDEBUG[0m [2methereum_transaction_pool_monitor::eth_client[0m[2m:[0m 📡 Transaction fetch RPC completed in 5.100666ms
[2m2025-12-10T10:10:25.700511Z[0m [34mDEBUG[0m [2methereum_transaction_pool_monitor::eth_client[0m[2m:[0m ✅ Transaction 0x36efdd79582c9417c0a5442b57f75cd13c6fec1c934aeb966231887f1f0aeeac fetched and parsed in 76.367375ms
[2m2025-12-10T10:10:25.700539Z[0m [34mDEBUG[0m [2methereum_transaction_pool_monitor::mempool_monitor[0m[2m:[0m 🔍 Skipping tx 0x36efdd79582c9417c0a5442b57f75cd13c6fec1c934aeb966231887f1f0aeeac - not a DEX interaction (target: 0x6fd483D6C8f57b96172bc1d3ceaEbC13DaaE5e80)
[2m2025-12-10T10:10:25.700551Z[0m [34mDEBUG[0m [2methereum_transaction_pool_monitor::mempool_monitor[0m[2m:[0m 📨 Processing new pending transaction: 0x8ebe1e3060ac6597fae2f26458311a2fcc0711fdefa40d5cb056f8949010de5b
[2m2025-12-10T10:10:25.700560Z[0m [34mDEBUG[0m [2methereum_transaction_pool_monitor::mempool_monitor[0m[2m:[0m 🔍 Fetching transaction details for: 0x8ebe1e3060ac6597fae2f26458311a2fcc0711fdefa40d5cb056f8949010de5b
[2m2025-12-10T10:10:25.700566Z[0m [34mDEBUG[0m [2methereum_transaction_pool_monitor::eth_client[0m[2m:[0m 🔍 Fetching transaction details for hash: 0x8ebe1e3060ac6597fae2f26458311a2fcc0711fdefa40d5cb056f8949010de5b
[2m2025-12-10T10:10:25.700584Z[0m [34mDEBUG[0m [2mhyper::client::pool[0m[2m:[0m reuse idle connection for ("http", 192.168.0.14:8545)
[2m2025-12-10T10:10:25.700615Z[0m [34mDEBUG[0m [2mhyper::proto::h1::io[0m[2m:[0m flushed 250 bytes
[2m2025-12-10T10:10:25.700636Z[0m [34mDEBUG[0m [2mhyper::client::pool[0m[2m:[0m reuse idle connection for ("http", 192.168.0.14:8545)
[2m2025-12-10T10:10:25.700650Z[0m [34mDEBUG[0m [2mhyper::proto::h1::io[0m[2m:[0m flushed 172 bytes
[2m2025-12-10T10:10:25.700650Z[0m [34mDEBUG[0m [2methereum_transaction_pool_monitor::eth_client[0m[2m:[0m 📨 Received WebSocket message: {"jsonrpc":"2.0","method":"eth_subscription","params":{"subscription":"0xbed0a0851463e895960a451075a301a9","result":"0x9eb931a38f76033250d3ea0fa619581e6db74ec8dd883e6eb4bcd2edbc4f7dbb"}}
[2m2025-12-10T10:10:25.700669Z[0m [34mDEBUG[0m [2methereum_transaction_pool_monitor::eth_client[0m[2m:[0m 📨 Received pending transaction: 0x9eb931a38f76033250d3ea0fa619581e6db74ec8dd883e6eb4bcd2edbc4f7dbb
[2m2025-12-10T10:10:25.706548Z[0m [34mDEBUG[0m [2mhyper::proto::h1::io[0m[2m:[0m parsed 4 headers
[2m2025-12-10T10:10:25.706569Z[0m [34mDEBUG[0m [2mhyper::proto::h1::conn[0m[2m:[0m incoming body is content-length (771 bytes)
[2m2025-12-10T10:10:25.706602Z[0m [34mDEBUG[0m [2mhyper::proto::h1::conn[0m[2m:[0m incoming body completed
[2m2025-12-10T10:10:25.706627Z[0m [34mDEBUG[0m [2mhyper::client::pool[0m[2m:[0m pooling idle connection for ("http", 192.168.0.14:8545)
[2m2025-12-10T10:10:25.706633Z[0m [34mDEBUG[0m [2methereum_transaction_pool_monitor::eth_client[0m[2m:[0m 📡 Transaction fetch RPC completed in 6.06125ms
[2m2025-12-10T10:10:25.777965Z[0m [34mDEBUG[0m [2methereum_transaction_pool_monitor::eth_client[0m[2m:[0m ✅ Transaction 0x8ebe1e3060ac6597fae2f26458311a2fcc0711fdefa40d5cb056f8949010de5b fetched and parsed in 77.39125ms
[2m2025-12-10T10:10:25.777989Z[0m [34mDEBUG[0m [2methereum_transaction_pool_monitor::mempool_monitor[0m[2m:[0m 🔍 Skipping tx 0x8ebe1e3060ac6597fae2f26458311a2fcc0711fdefa40d5cb056f8949010de5b - not a DEX interaction (target: 0xB8f28C60dD8240141185a192fa4156A23E189305)
[2m2025-12-10T10:10:25.777998Z[0m [34mDEBUG[0m [2methereum_transaction_pool_monitor::mempool_monitor[0m[2m:[0m 📨 Processing new pending transaction: 0x6888a0eddbea19758f2c2286c559102e00044d08cef9ff5e9add1ab5c097b410
[2m2025-12-10T10:10:25.778003Z[0m [34mDEBUG[0m [2methereum_transaction_pool_monitor::mempool_monitor[0m[2m:[0m 🔍 Fetching transaction details for: 0x6888a0eddbea19758f2c2286c559102e00044d08cef9ff5e9add1ab5c097b410
[2m2025-12-10T10:10:25.778008Z[0m [34mDEBUG[0m [2methereum_transaction_pool_monitor::eth_client[0m[2m:[0m 🔍 Fetching transaction details for hash: 0x6888a0eddbea19758f2c2286c559102e00044d08cef9ff5e9add1ab5c097b410
[2m2025-12-10T10:10:25.778023Z[0m [34mDEBUG[0m [2mhyper::client::pool[0m[2m:[0m reuse idle connection for ("http", 192.168.0.14:8545)
[2m2025-12-10T10:10:25.778067Z[0m [34mDEBUG[0m [2mhyper::proto::h1::io[0m[2m:[0m flushed 250 bytes
[2m2025-12-10T10:10:25.778089Z[0m [34mDEBUG[0m [2methereum_transaction_pool_monitor::eth_client[0m[2m:[0m 📨 Received WebSocket message: {"jsonrpc":"2.0","method":"eth_subscription","params":{"subscription":"0xbed0a0851463e895960a451075a301a9","result":"0x3f7325a79e99305a72bcdbf5f9073c8063edfb1092c2c88b5e2b93905188c845"}}
[2m2025-12-10T10:10:25.778093Z[0m [34mDEBUG[0m [2mhyper::proto::h1::io[0m[2m:[0m parsed 4 headers
[2m2025-12-10T10:10:25.778097Z[0m [34mDEBUG[0m [2methereum_transaction_pool_monitor::eth_client[0m[2m:[0m 📨 Received pending transaction: 0x3f7325a79e99305a72bcdbf5f9073c8063edfb1092c2c88b5e2b93905188c845
[2m2025-12-10T10:10:25.778100Z[0m [34mDEBUG[0m [2mhyper::proto::h1::conn[0m[2m:[0m incoming body is content-length (45 bytes)
[2m2025-12-10T10:10:25.778109Z[0m [34mDEBUG[0m [2mhyper::proto::h1::conn[0m[2m:[0m incoming body completed
[2m2025-12-10T10:10:25.778116Z[0m [34mDEBUG[0m [2mhyper::client::pool[0m[2m:[0m pooling idle connection for ("http", 192.168.0.14:8545)
[2m2025-12-10T10:10:25.782168Z[0m [34mDEBUG[0m [2mhyper::proto::h1::io[0m[2m:[0m parsed 4 headers
[2m2025-12-10T10:10:25.782191Z[0m [34mDEBUG[0m [2mhyper::proto::h1::conn[0m[2m:[0m incoming body is content-length (643 bytes)
[2m2025-12-10T10:10:25.782212Z[0m [34mDEBUG[0m [2mhyper::proto::h1::conn[0m[2m:[0m incoming body completed
[2m2025-12-10T10:10:25.782229Z[0m [34mDEBUG[0m [2mhyper::client::pool[0m[2m:[0m pooling idle connection for ("http", 192.168.0.14:8545)
[2m2025-12-10T10:10:25.782235Z[0m [34mDEBUG[0m [2methereum_transaction_pool_monitor::eth_client[0m[2m:[0m 📡 Transaction fetch RPC completed in 4.222542ms
[2m2025-12-10T10:10:25.853425Z[0m [34mDEBUG[0m [2methereum_transaction_pool_monitor::eth_client[0m[2m:[0m ✅ Transaction 0x6888a0eddbea19758f2c2286c559102e00044d08cef9ff5e9add1ab5c097b410 fetched and parsed in 75.411083ms
[2m2025-12-10T10:10:25.853450Z[0m [34mDEBUG[0m [2methereum_transaction_pool_monitor::mempool_monitor[0m[2m:[0m 🔍 Skipping tx 0x6888a0eddbea19758f2c2286c559102e00044d08cef9ff5e9add1ab5c097b410 - not a DEX interaction (target: 0x3FBd55bbFbb36f45167c9abe1396a4E5A192E8fb)
[2m2025-12-10T10:10:25.853461Z[0m [34mDEBUG[0m [2methereum_transaction_pool_monitor::mempool_monitor[0m[2m:[0m 📨 Processing new pending transaction: 0xc09655c6aeaf709f924d908a12668ce298d69cbccacea85696ee8fb0846e64a9
[2m2025-12-10T10:10:25.853467Z[0m [34mDEBUG[0m [2methereum_transaction_pool_monitor::mempool_monitor[0m[2m:[0m 🔍 Fetching transaction details for: 0xc09655c6aeaf709f924d908a12668ce298d69cbccacea85696ee8fb0846e64a9
[2m2025-12-10T10:10:25.853471Z[0m [34mDEBUG[0m [2methereum_transaction_pool_monitor::eth_client[0m[2m:[0m 🔍 Fetching transaction details for hash: 0xc09655c6aeaf709f924d908a12668ce298d69cbccacea85696ee8fb0846e64a9
[2m2025-12-10T10:10:25.853488Z[0m [34mDEBUG[0m [2mhyper::client::pool[0m[2m:[0m reuse idle connection for ("http", 192.168.0.14:8545)
[2m2025-12-10T10:10:25.853522Z[0m [34mDEBUG[0m [2mhyper::proto::h1::io[0m[2m:[0m flushed 250 bytes
[2m2025-12-10T10:10:25.853540Z[0m [34mDEBUG[0m [2mhyper::client::pool[0m[2m:[0m reuse idle connection for ("http", 192.168.0.14:8545)
[2m2025-12-10T10:10:25.853555Z[0m [34mDEBUG[0m [2mhyper::proto::h1::io[0m[2m:[0m flushed 172 bytes
[2m2025-12-10T10:10:25.853556Z[0m [34mDEBUG[0m [2methereum_transaction_pool_monitor::eth_client[0m[2m:[0m 📨 Received WebSocket message: {"jsonrpc":"2.0","method":"eth_subscription","params":{"subscription":"0xbed0a0851463e895960a451075a301a9","result":"0x44078e85c794bc946448d93db8f653912b92ce3ba11ef981d65963abfcd0dbd3"}}
[2m2025-12-10T10:10:25.853570Z[0m [34mDEBUG[0m [2methereum_transaction_pool_monitor::eth_client[0m[2m:[0m 📨 Received pending transaction: 0x44078e85c794bc946448d93db8f653912b92ce3ba11ef981d65963abfcd0dbd3
[2m2025-12-10T10:10:25.860182Z[0m [34mDEBUG[0m [2mhyper::proto::h1::io[0m[2m:[0m parsed 4 headers
[2m2025-12-10T10:10:25.860202Z[0m [34mDEBUG[0m [2mhyper::proto::h1::conn[0m[2m:[0m incoming body is content-length (655 bytes)
[2m2025-12-10T10:10:25.860238Z[0m [34mDEBUG[0m [2mhyper::proto::h1::conn[0m[2m:[0m incoming body completed
[2m2025-12-10T10:10:25.860263Z[0m [34mDEBUG[0m [2mhyper::client::pool[0m[2m:[0m pooling idle connection for ("http", 192.168.0.14:8545)
[2m2025-12-10T10:10:25.860269Z[0m [34mDEBUG[0m [2methereum_transaction_pool_monitor::eth_client[0m[2m:[0m 📡 Transaction fetch RPC completed in 6.794167ms
[2m2025-12-10T10:10:25.931718Z[0m [34mDEBUG[0m [2methereum_transaction_pool_monitor::eth_client[0m[2m:[0m ✅ Transaction 0xc09655c6aeaf709f924d908a12668ce298d69cbccacea85696ee8fb0846e64a9 fetched and parsed in 78.24125ms
[2m2025-12-10T10:10:25.931745Z[0m [34mDEBUG[0m [2methereum_transaction_pool_monitor::mempool_monitor[0m[2m:[0m 🔍 Skipping tx 0xc09655c6aeaf709f924d908a12668ce298d69cbccacea85696ee8fb0846e64a9 - not a DEX interaction (target: 0xb7eB1659B2d1Ddde688E80dEE2e671D120f4881d)
[2m2025-12-10T10:10:25.931754Z[0m [34mDEBUG[0m [2methereum_transaction_pool_monitor::mempool_monitor[0m[2m:[0m 📨 Processing new pending transaction: 0x2e5b3829364987c2c64d02743e462c2a4bf75e9351b304091fb5b77748216aa3
[2m2025-12-10T10:10:25.931763Z[0m [34mDEBUG[0m [2methereum_transaction_pool_monitor::mempool_monitor[0m[2m:[0m 🔍 Fetching transaction details for: 0x2e5b3829364987c2c64d02743e462c2a4bf75e9351b304091fb5b77748216aa3
[2m2025-12-10T10:10:25.931769Z[0m [34mDEBUG[0m [2methereum_transaction_pool_monitor::eth_client[0m[2m:[0m 🔍 Fetching transaction details for hash: 0x2e5b3829364987c2c64d02743e462c2a4bf75e9351b304091fb5b77748216aa3
[2m2025-12-10T10:10:25.931789Z[0m [34mDEBUG[0m [2mhyper::client::pool[0m[2m:[0m reuse idle connection for ("http", 192.168.0.14:8545)
[2m2025-12-10T10:10:25.931825Z[0m [34mDEBUG[0m [2mhyper::proto::h1::io[0m[2m:[0m flushed 250 bytes
[2m2025-12-10T10:10:25.931848Z[0m [34mDEBUG[0m [2methereum_transaction_pool_monitor::eth_client[0m[2m:[0m 📨 Received WebSocket message: {"jsonrpc":"2.0","method":"eth_subscription","params":{"subscription":"0xbed0a0851463e895960a451075a301a9","result":"0xd8dc30dab094317efad11483931de48543eeae55f213a28f9adbe38dfbca23f3"}}
[2m2025-12-10T10:10:25.931853Z[0m [34mDEBUG[0m [2mhyper::proto::h1::io[0m[2m:[0m parsed 4 headers
[2m2025-12-10T10:10:25.931855Z[0m [34mDEBUG[0m [2methereum_transaction_pool_monitor::eth_client[0m[2m:[0m 📨 Received pending transaction: 0xd8dc30dab094317efad11483931de48543eeae55f213a28f9adbe38dfbca23f3
[2m2025-12-10T10:10:25.931864Z[0m [34mDEBUG[0m [2mhyper::proto::h1::conn[0m[2m:[0m incoming body is content-length (45 bytes)
[2m2025-12-10T10:10:25.931874Z[0m [34mDEBUG[0m [2mhyper::proto::h1::conn[0m[2m:[0m incoming body completed
[2m2025-12-10T10:10:25.931881Z[0m [34mDEBUG[0m [2mhyper::client::pool[0m[2m:[0m pooling idle connection for ("http", 192.168.0.14:8545)
[2m2025-12-10T10:10:25.931897Z[0m [34mDEBUG[0m [2mhyper::client::pool[0m[2m:[0m reuse idle connection for ("http", 192.168.0.14:8545)
[2m2025-12-10T10:10:25.931913Z[0m [34mDEBUG[0m [2mhyper::proto::h1::io[0m[2m:[0m flushed 172 bytes
[2m2025-12-10T10:10:25.942532Z[0m [34mDEBUG[0m [2mhyper::proto::h1::io[0m[2m:[0m parsed 4 headers
[2m2025-12-10T10:10:25.942554Z[0m [34mDEBUG[0m [2mhyper::proto::h1::conn[0m[2m:[0m incoming body is content-length (45 bytes)
[2m2025-12-10T10:10:25.942571Z[0m [34mDEBUG[0m [2mhyper::proto::h1::conn[0m[2m:[0m incoming body completed
[2m2025-12-10T10:10:25.942590Z[0m [34mDEBUG[0m [2mhyper::client::pool[0m[2m:[0m pooling idle connection for ("http", 192.168.0.14:8545)
[2m2025-12-10T10:10:25.947411Z[0m [34mDEBUG[0m [2mhyper::proto::h1::io[0m[2m:[0m parsed 4 headers
[2m2025-12-10T10:10:25.947416Z[0m [34mDEBUG[0m [2mhyper::proto::h1::conn[0m[2m:[0m incoming body is content-length (642 bytes)
[2m2025-12-10T10:10:25.947421Z[0m [34mDEBUG[0m [2mhyper::proto::h1::conn[0m[2m:[0m incoming body completed
[2m2025-12-10T10:10:25.947428Z[0m [34mDEBUG[0m [2mhyper::client::pool[0m[2m:[0m pooling idle connection for ("http", 192.168.0.14:8545)
[2m2025-12-10T10:10:25.947433Z[0m [34mDEBUG[0m [2methereum_transaction_pool_monitor::eth_client[0m[2m:[0m 📡 Transaction fetch RPC completed in 15.657834ms
[2m2025-12-10T10:10:26.018894Z[0m [34mDEBUG[0m [2methereum_transaction_pool_monitor::eth_client[0m[2m:[0m ✅ Transaction 0x2e5b3829364987c2c64d02743e462c2a4bf75e9351b304091fb5b77748216aa3 fetched and parsed in 87.116834ms
[2m2025-12-10T10:10:26.018921Z[0m [34mDEBUG[0m [2methereum_transaction_pool_monitor::mempool_monitor[0m[2m:[0m 🔍 Skipping tx 0x2e5b3829364987c2c64d02743e462c2a4bf75e9351b304091fb5b77748216aa3 - not a DEX interaction (target: 0xf78AbD170CFF445feFe7248336B55e2c18906F00)
[2m2025-12-10T10:10:26.018930Z[0m [34mDEBUG[0m [2methereum_transaction_pool_monitor::mempool_monitor[0m[2m:[0m 📨 Processing new pending transaction: 0x7b9985d1ea67a409a75a49beb219a2f806daeffafb0a2f542c2d99fbc8835bb2
[2m2025-12-10T10:10:26.018936Z[0m [34mDEBUG[0m [2methereum_transaction_pool_monitor::mempool_monitor[0m[2m:[0m 🔍 Fetching transaction details for: 0x7b9985d1ea67a409a75a49beb219a2f806daeffafb0a2f542c2d99fbc8835bb2
[2m2025-12-10T10:10:26.018943Z[0m [34mDEBUG[0m [2methereum_transaction_pool_monitor::eth_client[0m[2m:[0m 🔍 Fetching transaction details for hash: 0x7b9985d1ea67a409a75a49beb219a2f806daeffafb0a2f542c2d99fbc8835bb2
[2m2025-12-10T10:10:26.018960Z[0m [34mDEBUG[0m [2mhyper::client::pool[0m[2m:[0m reuse idle connection for ("http", 192.168.0.14:8545)
[2m2025-12-10T10:10:26.018989Z[0m [34mDEBUG[0m [2mhyper::proto::h1::io[0m[2m:[0m flushed 250 bytes
[2m2025-12-10T10:10:26.019009Z[0m [34mDEBUG[0m [2mhyper::client::pool[0m[2m:[0m reuse idle connection for ("http", 192.168.0.14:8545)
[2m2025-12-10T10:10:26.019021Z[0m [34mDEBUG[0m [2mhyper::proto::h1::io[0m[2m:[0m flushed 172 bytes
[2m2025-12-10T10:10:26.019021Z[0m [34mDEBUG[0m [2methereum_transaction_pool_monitor::eth_client[0m[2m:[0m 📨 Received WebSocket message: {"jsonrpc":"2.0","method":"eth_subscription","params":{"subscription":"0xbed0a0851463e895960a451075a301a9","result":"0x4507817ef03c0469a93c126f8421b841e988b5905d0ea1d157bdafd21a72f52e"}}
[2m2025-12-10T10:10:26.019042Z[0m [34mDEBUG[0m [2methereum_transaction_pool_monitor::eth_client[0m[2m:[0m 📨 Received pending transaction: 0x4507817ef03c0469a93c126f8421b841e988b5905d0ea1d157bdafd21a72f52e
[2m2025-12-10T10:10:26.025147Z[0m [34mDEBUG[0m [2mhyper::proto::h1::io[0m[2m:[0m parsed 4 headers
[2m2025-12-10T10:10:26.025156Z[0m [34mDEBUG[0m [2mhyper::proto::h1::conn[0m[2m:[0m incoming body is content-length (770 bytes)
[2m2025-12-10T10:10:26.025165Z[0m [34mDEBUG[0m [2mhyper::proto::h1::conn[0m[2m:[0m incoming body completed
[2m2025-12-10T10:10:26.025179Z[0m [34mDEBUG[0m [2mhyper::client::pool[0m[2m:[0m pooling idle connection for ("http", 192.168.0.14:8545)
[2m2025-12-10T10:10:26.025190Z[0m [34mDEBUG[0m [2methereum_transaction_pool_monitor::eth_client[0m[2m:[0m 📡 Transaction fetch RPC completed in 6.24225ms
[2m2025-12-10T10:10:26.025207Z[0m [34mDEBUG[0m [2methereum_transaction_pool_monitor::eth_client[0m[2m:[0m DeFi transaction detected - Address: 0xdac17f958d2ee523a2206206994597c13d831ec7, Type: Stablecoin, Value: 0 ETH, Gas: 0.29 Gwei
[2m2025-12-10T10:10:26.025218Z[0m [34mDEBUG[0m [2methereum_transaction_pool_monitor::eth_client[0m[2m:[0m ✅ Transaction 0x7b9985d1ea67a409a75a49beb219a2f806daeffafb0a2f542c2d99fbc8835bb2 fetched and parsed in 6.271167ms
[2m2025-12-10T10:10:26.025223Z[0m [34mDEBUG[0m [2methereum_transaction_pool_monitor::mempool_monitor[0m[2m:[0m 🔍 Skipping tx 0x7b9985d1ea67a409a75a49beb219a2f806daeffafb0a2f542c2d99fbc8835bb2 - not a DEX interaction (target: 0xdAC17F958D2ee523a2206206994597C13D831ec7)
[2m2025-12-10T10:10:26.025229Z[0m [34mDEBUG[0m [2methereum_transaction_pool_monitor::mempool_monitor[0m[2m:[0m 📨 Processing new pending transaction: 0xc912232cdc59c0c8f035573f01581f0a63785f553cd29d29fe34f4fdffcb9766
[2m2025-12-10T10:10:26.025232Z[0m [34mDEBUG[0m [2methereum_transaction_pool_monitor::mempool_monitor[0m[2m:[0m 🔍 Fetching transaction details for: 0xc912232cdc59c0c8f035573f01581f0a63785f553cd29d29fe34f4fdffcb9766
[2m2025-12-10T10:10:26.025235Z[0m [34mDEBUG[0m [2methereum_transaction_pool_monitor::eth_client[0m[2m:[0m 🔍 Fetching transaction details for hash: 0xc912232cdc59c0c8f035573f01581f0a63785f553cd29d29fe34f4fdffcb9766
[2m2025-12-10T10:10:26.025242Z[0m [34mDEBUG[0m [2mhyper::client::pool[0m[2m:[0m reuse idle connection for ("http", 192.168.0.14:8545)
[2m2025-12-10T10:10:26.025254Z[0m [34mDEBUG[0m [2mhyper::proto::h1::io[0m[2m:[0m flushed 250 bytes
[2m2025-12-10T10:10:26.025261Z[0m [34mDEBUG[0m [2mhyper::proto::h1::io[0m[2m:[0m parsed 4 headers
[2m2025-12-10T10:10:26.025264Z[0m [34mDEBUG[0m [2mhyper::proto::h1::conn[0m[2m:[0m incoming body is content-length (45 bytes)
[2m2025-12-10T10:10:26.025267Z[0m [34mDEBUG[0m [2mhyper::proto::h1::conn[0m[2m:[0m incoming body completed
[2m2025-12-10T10:10:26.025271Z[0m [34mDEBUG[0m [2mhyper::client::pool[0m[2m:[0m pooling idle connection for ("http", 192.168.0.14:8545)
[2m2025-12-10T10:10:26.030529Z[0m [34mDEBUG[0m [2mhyper::proto::h1::io[0m[2m:[0m parsed 4 headers
[2m2025-12-10T10:10:26.030538Z[0m [34mDEBUG[0m [2mhyper::proto::h1::conn[0m[2m:[0m incoming body is content-length (767 bytes)
[2m2025-12-10T10:10:26.030543Z[0m [34mDEBUG[0m [2mhyper::proto::h1::conn[0m[2m:[0m incoming body completed
[2m2025-12-10T10:10:26.030550Z[0m [34mDEBUG[0m [2mhyper::client::pool[0m[2m:[0m pooling idle connection for ("http", 192.168.0.14:8545)
[2m2025-12-10T10:10:26.030555Z[0m [34mDEBUG[0m [2methereum_transaction_pool_monitor::eth_client[0m[2m:[0m 📡 Transaction fetch RPC completed in 5.316417ms
[2m2025-12-10T10:10:26.101902Z[0m [34mDEBUG[0m [2methereum_transaction_pool_monitor::eth_client[0m[2m:[0m ✅ Transaction 0xc912232cdc59c0c8f035573f01581f0a63785f553cd29d29fe34f4fdffcb9766 fetched and parsed in 76.660959ms
[2m2025-12-10T10:10:26.101928Z[0m [34mDEBUG[0m [2methereum_transaction_pool_monitor::mempool_monitor[0m[2m:[0m 🔍 Skipping tx 0xc912232cdc59c0c8f035573f01581f0a63785f553cd29d29fe34f4fdffcb9766 - not a DEX interaction (target: 0xA0b86991c6218b36c1d19D4a2e9Eb0cE3606eB48)
[2m2025-12-10T10:10:26.101938Z[0m [34mDEBUG[0m [2methereum_transaction_pool_monitor::mempool_monitor[0m[2m:[0m 📨 Processing new pending transaction: 0x71e217eba582b1e495f82e1f07509b34dff8fcf6fa4fb3fdaafc010495986b91
[2m2025-12-10T10:10:26.101944Z[0m [34mDEBUG[0m [2methereum_transaction_pool_monitor::mempool_monitor[0m[2m:[0m 🔍 Fetching transaction details for: 0x71e217eba582b1e495f82e1f07509b34dff8fcf6fa4fb3fdaafc010495986b91
[2m2025-12-10T10:10:26.101949Z[0m [34mDEBUG[0m [2methereum_transaction_pool_monitor::eth_client[0m[2m:[0m 🔍 Fetching transaction details for hash: 0x71e217eba582b1e495f82e1f07509b34dff8fcf6fa4fb3fdaafc010495986b91
[2m2025-12-10T10:10:26.101966Z[0m [34mDEBUG[0m [2mhyper::client::pool[0m[2m:[0m reuse idle connection for ("http", 192.168.0.14:8545)
[2m2025-12-10T10:10:26.102000Z[0m [34mDEBUG[0m [2mhyper::proto::h1::io[0m[2m:[0m flushed 250 bytes
[2m2025-12-10T10:10:26.102017Z[0m [34mDEBUG[0m [2mhyper::client::pool[0m[2m:[0m reuse idle connection for ("http", 192.168.0.14:8545)
[2m2025-12-10T10:10:26.102031Z[0m [34mDEBUG[0m [2mhyper::proto::h1::io[0m[2m:[0m flushed 172 bytes
[2m2025-12-10T10:10:26.102043Z[0m [34mDEBUG[0m [2methereum_transaction_pool_monitor::eth_client[0m[2m:[0m 📨 Received WebSocket message: {"jsonrpc":"2.0","method":"eth_subscription","params":{"subscription":"0xbed0a0851463e895960a451075a301a9","result":"0xc47f06391a17aafe741261953b1eccbaa55f9a795529c2c598262a5af3a50c3a"}}
[2m2025-12-10T10:10:26.102051Z[0m [34mDEBUG[0m [2methereum_transaction_pool_monitor::eth_client[0m[2m:[0m 📨 Received pending transaction: 0xc47f06391a17aafe741261953b1eccbaa55f9a795529c2c598262a5af3a50c3a
[2m2025-12-10T10:10:26.105362Z[0m [34mDEBUG[0m [2mhyper::proto::h1::io[0m[2m:[0m parsed 4 headers
[2m2025-12-10T10:10:26.105374Z[0m [34mDEBUG[0m [2mhyper::proto::h1::conn[0m[2m:[0m incoming body is content-length (45 bytes)
[2m2025-12-10T10:10:26.105383Z[0m [34mDEBUG[0m [2mhyper::proto::h1::conn[0m[2m:[0m incoming body completed
[2m2025-12-10T10:10:26.105391Z[0m [34mDEBUG[0m [2mhyper::client::pool[0m[2m:[0m pooling idle connection for ("http", 192.168.0.14:8545)
[2m2025-12-10T10:10:26.105665Z[0m [34mDEBUG[0m [2mhyper::proto::h1::io[0m[2m:[0m parsed 4 headers
[2m2025-12-10T10:10:26.105671Z[0m [34mDEBUG[0m [2mhyper::proto::h1::conn[0m[2m:[0m incoming body is content-length (829 bytes)
[2m2025-12-10T10:10:26.105677Z[0m [34mDEBUG[0m [2mhyper::proto::h1::conn[0m[2m:[0m incoming body completed
[2m2025-12-10T10:10:26.105683Z[0m [34mDEBUG[0m [2mhyper::client::pool[0m[2m:[0m pooling idle connection for ("http", 192.168.0.14:8545)
[2m2025-12-10T10:10:26.105688Z[0m [34mDEBUG[0m [2methereum_transaction_pool_monitor::eth_client[0m[2m:[0m 📡 Transaction fetch RPC completed in 3.735458ms
[2m2025-12-10T10:10:26.177771Z[0m [34mDEBUG[0m [2methereum_transaction_pool_monitor::eth_client[0m[2m:[0m ✅ Transaction 0x71e217eba582b1e495f82e1f07509b34dff8fcf6fa4fb3fdaafc010495986b91 fetched and parsed in 75.815667ms
[2m2025-12-10T10:10:26.177800Z[0m [34mDEBUG[0m [2methereum_transaction_pool_monitor::mempool_monitor[0m[2m:[0m 🔍 Skipping tx 0x71e217eba582b1e495f82e1f07509b34dff8fcf6fa4fb3fdaafc010495986b91 - not a DEX interaction (target: 0x3B4D794a66304F130a4Db8F2551B0070dfCf5ca7)
[2m2025-12-10T10:10:26.177810Z[0m [34mDEBUG[0m [2methereum_transaction_pool_monitor::mempool_monitor[0m[2m:[0m 📨 Processing new pending transaction: 0x6a1b2e9e23c7f340252944fbd461af30417f271df80b2b3de17671f2262e71da
[2m2025-12-10T10:10:26.177816Z[0m [34mDEBUG[0m [2methereum_transaction_pool_monitor::mempool_monitor[0m[2m:[0m 🔍 Fetching transaction details for: 0x6a1b2e9e23c7f340252944fbd461af30417f271df80b2b3de17671f2262e71da
[2m2025-12-10T10:10:26.177821Z[0m [34mDEBUG[0m [2methereum_transaction_pool_monitor::eth_client[0m[2m:[0m 🔍 Fetching transaction details for hash: 0x6a1b2e9e23c7f340252944fbd461af30417f271df80b2b3de17671f2262e71da
[2m2025-12-10T10:10:26.177838Z[0m [34mDEBUG[0m [2mhyper::client::pool[0m[2m:[0m reuse idle connection for ("http", 192.168.0.14:8545)
[2m2025-12-10T10:10:26.177886Z[0m [34mDEBUG[0m [2mhyper::proto::h1::io[0m[2m:[0m flushed 250 bytes
[2m2025-12-10T10:10:26.177910Z[0m [34mDEBUG[0m [2methereum_transaction_pool_monitor::eth_client[0m[2m:[0m 📨 Received WebSocket message: {"jsonrpc":"2.0","method":"eth_subscription","params":{"subscription":"0xbed0a0851463e895960a451075a301a9","result":"0xa4409dda7b3ecd20db6dd0c6b0ac14f22a76ed4bf3b7f97259ef42bc4e5c1486"}}
[2m2025-12-10T10:10:26.177920Z[0m [34mDEBUG[0m [2methereum_transaction_pool_monitor::eth_client[0m[2m:[0m 📨 Received pending transaction: 0xa4409dda7b3ecd20db6dd0c6b0ac14f22a76ed4bf3b7f97259ef42bc4e5c1486
[2m2025-12-10T10:10:26.181974Z[0m [34mDEBUG[0m [2mhyper::proto::h1::io[0m[2m:[0m parsed 4 headers
[2m2025-12-10T10:10:26.181999Z[0m [34mDEBUG[0m [2mhyper::proto::h1::conn[0m[2m:[0m incoming body is content-length (1219 bytes)
[2m2025-12-10T10:10:26.182024Z[0m [34mDEBUG[0m [2mhyper::proto::h1::conn[0m[2m:[0m incoming body completed
[2m2025-12-10T10:10:26.182058Z[0m [34mDEBUG[0m [2mhyper::client::pool[0m[2m:[0m pooling idle connection for ("http", 192.168.0.14:8545)
[2m2025-12-10T10:10:26.182070Z[0m [34mDEBUG[0m [2methereum_transaction_pool_monitor::eth_client[0m[2m:[0m 📡 Transaction fetch RPC completed in 4.244791ms
[2m2025-12-10T10:10:26.253492Z[0m [34mDEBUG[0m [2methereum_transaction_pool_monitor::eth_client[0m[2m:[0m ✅ Transaction 0x6a1b2e9e23c7f340252944fbd461af30417f271df80b2b3de17671f2262e71da fetched and parsed in 75.6645ms
[2m2025-12-10T10:10:26.253515Z[0m [34mDEBUG[0m [2methereum_transaction_pool_monitor::mempool_monitor[0m[2m:[0m 🔍 Skipping tx 0x6a1b2e9e23c7f340252944fbd461af30417f271df80b2b3de17671f2262e71da - not a DEX interaction (target: 0xF6801D319497789f934ec7F83E142a9536312B08)
[2m2025-12-10T10:10:26.253524Z[0m [34mDEBUG[0m [2methereum_transaction_pool_monitor::mempool_monitor[0m[2m:[0m 📨 Processing new pending transaction: 0x30ab18737237dd2099d19c7391d8d7bca8c5b104c5958772149a636d97251e61
[2m2025-12-10T10:10:26.253530Z[0m [34mDEBUG[0m [2methereum_transaction_pool_monitor::mempool_monitor[0m[2m:[0m 🔍 Fetching transaction details for: 0x30ab18737237dd2099d19c7391d8d7bca8c5b104c5958772149a636d97251e61
[2m2025-12-10T10:10:26.253534Z[0m [34mDEBUG[0m [2methereum_transaction_pool_monitor::eth_client[0m[2m:[0m 🔍 Fetching transaction details for hash: 0x30ab18737237dd2099d19c7391d8d7bca8c5b104c5958772149a636d97251e61
[2m2025-12-10T10:10:26.253550Z[0m [34mDEBUG[0m [2mhyper::client::pool[0m[2m:[0m reuse idle connection for ("http", 192.168.0.14:8545)
[2m2025-12-10T10:10:26.253590Z[0m [34mDEBUG[0m [2mhyper::proto::h1::io[0m[2m:[0m flushed 250 bytes
[2m2025-12-10T10:10:26.253608Z[0m [34mDEBUG[0m [2mhyper::client::pool[0m[2m:[0m reuse idle connection for ("http", 192.168.0.14:8545)
[2m2025-12-10T10:10:26.253619Z[0m [34mDEBUG[0m [2methereum_transaction_pool_monitor::eth_client[0m[2m:[0m 📨 Received WebSocket message: {"jsonrpc":"2.0","method":"eth_subscription","params":{"subscription":"0xbed0a0851463e895960a451075a301a9","result":"0x1794560c6b5606bff66d764c2cfeda0d1d931ad83a972c121bf46122a50c92c8"}}
[2m2025-12-10T10:10:26.253621Z[0m [34mDEBUG[0m [2mhyper::proto::h1::io[0m[2m:[0m flushed 172 bytes
[2m2025-12-10T10:10:26.253632Z[0m [34mDEBUG[0m [2methereum_transaction_pool_monitor::eth_client[0m[2m:[0m 📨 Received pending transaction: 0x1794560c6b5606bff66d764c2cfeda0d1d931ad83a972c121bf46122a50c92c8
[2m2025-12-10T10:10:26.258271Z[0m [34mDEBUG[0m [2mhyper::proto::h1::io[0m[2m:[0m parsed 4 headers
[2m2025-12-10T10:10:26.258279Z[0m [34mDEBUG[0m [2mhyper::proto::h1::conn[0m[2m:[0m incoming body is content-length (774 bytes)
[2m2025-12-10T10:10:26.258285Z[0m [34mDEBUG[0m [2mhyper::proto::h1::conn[0m[2m:[0m incoming body completed
[2m2025-12-10T10:10:26.258293Z[0m [34mDEBUG[0m [2mhyper::client::pool[0m[2m:[0m pooling idle connection for ("http", 192.168.0.14:8545)
[2m2025-12-10T10:10:26.258298Z[0m [34mDEBUG[0m [2methereum_transaction_pool_monitor::eth_client[0m[2m:[0m 📡 Transaction fetch RPC completed in 4.760625ms
[2m2025-12-10T10:10:26.329396Z[0m [34mDEBUG[0m [2methereum_transaction_pool_monitor::eth_client[0m[2m:[0m ✅ Transaction 0x30ab18737237dd2099d19c7391d8d7bca8c5b104c5958772149a636d97251e61 fetched and parsed in 75.855041ms
[2m2025-12-10T10:10:26.329426Z[0m [34mDEBUG[0m [2methereum_transaction_pool_monitor::mempool_monitor[0m[2m:[0m 🔍 Skipping tx 0x30ab18737237dd2099d19c7391d8d7bca8c5b104c5958772149a636d97251e61 - not a DEX interaction (target: 0x54E1a86e8F8B5eE1bcd9C36a66d0C386c24aC153)
[2m2025-12-10T10:10:26.329438Z[0m [34mDEBUG[0m [2methereum_transaction_pool_monitor::mempool_monitor[0m[2m:[0m 📨 Processing new pending transaction: 0xf8d5b3d2902bf647ec430fdb560e2149c0cb81b4c7b480efcc285bc842b84d4a
[2m2025-12-10T10:10:26.329443Z[0m [34mDEBUG[0m [2methereum_transaction_pool_monitor::mempool_monitor[0m[2m:[0m 🔍 Fetching transaction details for: 0xf8d5b3d2902bf647ec430fdb560e2149c0cb81b4c7b480efcc285bc842b84d4a
[2m2025-12-10T10:10:26.329448Z[0m [34mDEBUG[0m [2methereum_transaction_pool_monitor::eth_client[0m[2m:[0m 🔍 Fetching transaction details for hash: 0xf8d5b3d2902bf647ec430fdb560e2149c0cb81b4c7b480efcc285bc842b84d4a
[2m2025-12-10T10:10:26.329469Z[0m [34mDEBUG[0m [2mhyper::client::pool[0m[2m:[0m reuse idle connection for ("http", 192.168.0.14:8545)
[2m2025-12-10T10:10:26.329519Z[0m [34mDEBUG[0m [2mhyper::proto::h1::io[0m[2m:[0m flushed 250 bytes
[2m2025-12-10T10:10:26.329541Z[0m [34mDEBUG[0m [2methereum_transaction_pool_monitor::eth_client[0m[2m:[0m 📨 Received WebSocket message: {"jsonrpc":"2.0","method":"eth_subscription","params":{"subscription":"0xbed0a0851463e895960a451075a301a9","result":"0xc5a1c67f0c091861483e849301be81158263d841bc6d6587f04683337a370417"}}
[2m2025-12-10T10:10:26.329546Z[0m [34mDEBUG[0m [2mhyper::proto::h1::io[0m[2m:[0m parsed 4 headers
[2m2025-12-10T10:10:26.329549Z[0m [34mDEBUG[0m [2methereum_transaction_pool_monitor::eth_client[0m[2m:[0m 📨 Received pending transaction: 0xc5a1c67f0c091861483e849301be81158263d841bc6d6587f04683337a370417
[2m2025-12-10T10:10:26.329557Z[0m [34mDEBUG[0m [2mhyper::proto::h1::conn[0m[2m:[0m incoming body is content-length (45 bytes)
[2m2025-12-10T10:10:26.329565Z[0m [34mDEBUG[0m [2mhyper::proto::h1::conn[0m[2m:[0m incoming body completed
[2m2025-12-10T10:10:26.329574Z[0m [34mDEBUG[0m [2mhyper::client::pool[0m[2m:[0m pooling idle connection for ("http", 192.168.0.14:8545)
[2m2025-12-10T10:10:26.329588Z[0m [34mDEBUG[0m [2mhyper::client::pool[0m[2m:[0m reuse idle connection for ("http", 192.168.0.14:8545)
[2m2025-12-10T10:10:26.329607Z[0m [34mDEBUG[0m [2mhyper::proto::h1::io[0m[2m:[0m flushed 172 bytes
[2m2025-12-10T10:10:26.332742Z[0m [34mDEBUG[0m [2mhyper::proto::h1::io[0m[2m:[0m parsed 4 headers
[2m2025-12-10T10:10:26.332753Z[0m [34mDEBUG[0m [2mhyper::proto::h1::conn[0m[2m:[0m incoming body is content-length (705 bytes)
[2m2025-12-10T10:10:26.332759Z[0m [34mDEBUG[0m [2mhyper::proto::h1::conn[0m[2m:[0m incoming body completed
[2m2025-12-10T10:10:26.332768Z[0m [34mDEBUG[0m [2mhyper::client::pool[0m[2m:[0m pooling idle connection for ("http", 192.168.0.14:8545)
[2m2025-12-10T10:10:26.332774Z[0m [34mDEBUG[0m [2methereum_transaction_pool_monitor::eth_client[0m[2m:[0m 📡 Transaction fetch RPC completed in 3.320584ms
[2m2025-12-10T10:10:26.403519Z[0m [34mDEBUG[0m [2methereum_transaction_pool_monitor::eth_client[0m[2m:[0m ✅ Transaction 0xf8d5b3d2902bf647ec430fdb560e2149c0cb81b4c7b480efcc285bc842b84d4a fetched and parsed in 74.063667ms
[2m2025-12-10T10:10:26.403550Z[0m [34mDEBUG[0m [2methereum_transaction_pool_monitor::mempool_monitor[0m[2m:[0m 🔍 Skipping tx 0xf8d5b3d2902bf647ec430fdb560e2149c0cb81b4c7b480efcc285bc842b84d4a - not a DEX interaction (target: 0xA0b86991c6218b36c1d19D4a2e9Eb0cE3606eB48)
[2m2025-12-10T10:10:26.403567Z[0m [34mDEBUG[0m [2methereum_transaction_pool_monitor::mempool_monitor[0m[2m:[0m 📨 Processing new pending transaction: 0x29dfbfae2128509c78d27841fffb5c78e2aa7abf738b7a9ded45e228cb47efe4
[2m2025-12-10T10:10:26.403575Z[0m [34mDEBUG[0m [2methereum_transaction_pool_monitor::mempool_monitor[0m[2m:[0m 🔍 Fetching transaction details for: 0x29dfbfae2128509c78d27841fffb5c78e2aa7abf738b7a9ded45e228cb47efe4
[2m2025-12-10T10:10:26.403581Z[0m [34mDEBUG[0m [2methereum_transaction_pool_monitor::eth_client[0m[2m:[0m 🔍 Fetching transaction details for hash: 0x29dfbfae2128509c78d27841fffb5c78e2aa7abf738b7a9ded45e228cb47efe4
[2m2025-12-10T10:10:26.403599Z[0m [34mDEBUG[0m [2mhyper::client::pool[0m[2m:[0m reuse idle connection for ("http", 192.168.0.14:8545)
[2m2025-12-10T10:10:26.403634Z[0m [34mDEBUG[0m [2mhyper::proto::h1::io[0m[2m:[0m flushed 250 bytes
[2m2025-12-10T10:10:26.403651Z[0m [34mDEBUG[0m [2mhyper::proto::h1::io[0m[2m:[0m parsed 4 headers
[2m2025-12-10T10:10:26.403658Z[0m [34mDEBUG[0m [2mhyper::proto::h1::conn[0m[2m:[0m incoming body is content-length (45 bytes)
[2m2025-12-10T10:10:26.403669Z[0m [34mDEBUG[0m [2mhyper::proto::h1::conn[0m[2m:[0m incoming body completed
[2m2025-12-10T10:10:26.403679Z[0m [34mDEBUG[0m [2mhyper::client::pool[0m[2m:[0m pooling idle connection for ("http", 192.168.0.14:8545)
[2m2025-12-10T10:10:26.403694Z[0m [34mDEBUG[0m [2mhyper::client::pool[0m[2m:[0m reuse idle connection for ("http", 192.168.0.14:8545)
[2m2025-12-10T10:10:26.403713Z[0m [34mDEBUG[0m [2mhyper::proto::h1::io[0m[2m:[0m flushed 172 bytes
[2m2025-12-10T10:10:26.410078Z[0m [34mDEBUG[0m [2mhyper::proto::h1::io[0m[2m:[0m parsed 4 headers
[2m2025-12-10T10:10:26.410090Z[0m [34mDEBUG[0m [2mhyper::proto::h1::conn[0m[2m:[0m incoming body is content-length (762 bytes)
[2m2025-12-10T10:10:26.410096Z[0m [34mDEBUG[0m [2mhyper::proto::h1::conn[0m[2m:[0m incoming body completed
[2m2025-12-10T10:10:26.410104Z[0m [34mDEBUG[0m [2mhyper::client::pool[0m[2m:[0m pooling idle connection for ("http", 192.168.0.14:8545)
[2m2025-12-10T10:10:26.410109Z[0m [34mDEBUG[0m [2methereum_transaction_pool_monitor::eth_client[0m[2m:[0m 📡 Transaction fetch RPC completed in 6.522958ms
[2m2025-12-10T10:10:26.478115Z[0m [34mDEBUG[0m [2methereum_transaction_pool_monitor::eth_client[0m[2m:[0m ✅ Transaction 0x29dfbfae2128509c78d27841fffb5c78e2aa7abf738b7a9ded45e228cb47efe4 fetched and parsed in 74.526542ms
[2m2025-12-10T10:10:26.478133Z[0m [34mDEBUG[0m [2methereum_transaction_pool_monitor::mempool_monitor[0m[2m:[0m 🔍 Skipping tx 0x29dfbfae2128509c78d27841fffb5c78e2aa7abf738b7a9ded45e228cb47efe4 - not a DEX interaction (target: 0x344e9FB798B00DD29fAa1a0dF02E0845c8915d31)
[2m2025-12-10T10:10:26.478141Z[0m [34mDEBUG[0m [2methereum_transaction_pool_monitor::mempool_monitor[0m[2m:[0m 📨 Processing new pending transaction: 0x6d413ebc7e24fb09e8656c78aa5770767ca1b32b96e2aba274d60aa9c899e3ec
[2m2025-12-10T10:10:26.478145Z[0m [34mDEBUG[0m [2methereum_transaction_pool_monitor::mempool_monitor[0m[2m:[0m 🔍 Fetching transaction details for: 0x6d413ebc7e24fb09e8656c78aa5770767ca1b32b96e2aba274d60aa9c899e3ec
[2m2025-12-10T10:10:26.478149Z[0m [34mDEBUG[0m [2methereum_transaction_pool_monitor::eth_client[0m[2m:[0m 🔍 Fetching transaction details for hash: 0x6d413ebc7e24fb09e8656c78aa5770767ca1b32b96e2aba274d60aa9c899e3ec
[2m2025-12-10T10:10:26.478170Z[0m [34mDEBUG[0m [2mhyper::client::pool[0m[2m:[0m reuse idle connection for ("http", 192.168.0.14:8545)
[2m2025-12-10T10:10:26.478204Z[0m [34mDEBUG[0m [2mhyper::proto::h1::io[0m[2m:[0m flushed 250 bytes
[2m2025-12-10T10:10:26.478218Z[0m [34mDEBUG[0m [2mhyper::proto::h1::io[0m[2m:[0m parsed 4 headers
[2m2025-12-10T10:10:26.478221Z[0m [34mDEBUG[0m [2mhyper::proto::h1::conn[0m[2m:[0m incoming body is content-length (45 bytes)
[2m2025-12-10T10:10:26.478227Z[0m [34mDEBUG[0m [2mhyper::proto::h1::conn[0m[2m:[0m incoming body completed
[2m2025-12-10T10:10:26.478234Z[0m [34mDEBUG[0m [2mhyper::client::pool[0m[2m:[0m pooling idle connection for ("http", 192.168.0.14:8545)
[2m2025-12-10T10:10:26.481641Z[0m [34mDEBUG[0m [2mhyper::proto::h1::io[0m[2m:[0m parsed 4 headers
[2m2025-12-10T10:10:26.481663Z[0m [34mDEBUG[0m [2mhyper::proto::h1::conn[0m[2m:[0m incoming body is content-length (678 bytes)
[2m2025-12-10T10:10:26.481681Z[0m [34mDEBUG[0m [2mhyper::proto::h1::conn[0m[2m:[0m incoming body completed
[2m2025-12-10T10:10:26.481698Z[0m [34mDEBUG[0m [2mhyper::client::pool[0m[2m:[0m pooling idle connection for ("http", 192.168.0.14:8545)
[2m2025-12-10T10:10:26.481704Z[0m [34mDEBUG[0m [2methereum_transaction_pool_monitor::eth_client[0m[2m:[0m 📡 Transaction fetch RPC completed in 3.550875ms
[2m2025-12-10T10:10:26.481729Z[0m [34mDEBUG[0m [2methereum_transaction_pool_monitor::eth_client[0m[2m:[0m DeFi transaction detected - Address: 0xdac17f958d2ee523a2206206994597c13d831ec7, Type: Stablecoin, Value: 0 ETH, Gas: 0.43 Gwei
[2m2025-12-10T10:10:26.481742Z[0m [34mDEBUG[0m [2methereum_transaction_pool_monitor::eth_client[0m[2m:[0m ✅ Transaction 0x6d413ebc7e24fb09e8656c78aa5770767ca1b32b96e2aba274d60aa9c899e3ec fetched and parsed in 3.589667ms
[2m2025-12-10T10:10:26.481747Z[0m [34mDEBUG[0m [2methereum_transaction_pool_monitor::mempool_monitor[0m[2m:[0m 🔍 Skipping tx 0x6d413ebc7e24fb09e8656c78aa5770767ca1b32b96e2aba274d60aa9c899e3ec - not a DEX interaction (target: 0xdAC17F958D2ee523a2206206994597C13D831ec7)
[2m2025-12-10T10:10:26.481753Z[0m [34mDEBUG[0m [2methereum_transaction_pool_monitor::mempool_monitor[0m[2m:[0m 📨 Processing new pending transaction: 0x5303d62e8ed7bc8cdb1230729f05a4cb2c5d2ee12a536eff108adbf427d63e95
[2m2025-12-10T10:10:26.481756Z[0m [34mDEBUG[0m [2methereum_transaction_pool_monitor::mempool_monitor[0m[2m:[0m 🔍 Fetching transaction details for: 0x5303d62e8ed7bc8cdb1230729f05a4cb2c5d2ee12a536eff108adbf427d63e95
[2m2025-12-10T10:10:26.481759Z[0m [34mDEBUG[0m [2methereum_transaction_pool_monitor::eth_client[0m[2m:[0m 🔍 Fetching transaction details for hash: 0x5303d62e8ed7bc8cdb1230729f05a4cb2c5d2ee12a536eff108adbf427d63e95
[2m2025-12-10T10:10:26.481769Z[0m [34mDEBUG[0m [2mhyper::client::pool[0m[2m:[0m reuse idle connection for ("http", 192.168.0.14:8545)
[2m2025-12-10T10:10:26.481791Z[0m [34mDEBUG[0m [2mhyper::proto::h1::io[0m[2m:[0m flushed 250 bytes
[2m2025-12-10T10:10:26.486272Z[0m [34mDEBUG[0m [2mhyper::proto::h1::io[0m[2m:[0m parsed 4 headers
[2m2025-12-10T10:10:26.486280Z[0m [34mDEBUG[0m [2mhyper::proto::h1::conn[0m[2m:[0m incoming body is content-length (771 bytes)
[2m2025-12-10T10:10:26.486285Z[0m [34mDEBUG[0m [2mhyper::proto::h1::conn[0m[2m:[0m incoming body completed
[2m2025-12-10T10:10:26.486290Z[0m [34mDEBUG[0m [2mhyper::client::pool[0m[2m:[0m pooling idle connection for ("http", 192.168.0.14:8545)
[2m2025-12-10T10:10:26.486294Z[0m [34mDEBUG[0m [2methereum_transaction_pool_monitor::eth_client[0m[2m:[0m 📡 Transaction fetch RPC completed in 4.532333ms
[2m2025-12-10T10:10:26.486305Z[0m [34mDEBUG[0m [2methereum_transaction_pool_monitor::eth_client[0m[2m:[0m DeFi transaction detected - Address: 0xdac17f958d2ee523a2206206994597c13d831ec7, Type: Stablecoin, Value: 0 ETH, Gas: 0.75 Gwei
[2m2025-12-10T10:10:26.486313Z[0m [34mDEBUG[0m [2methereum_transaction_pool_monitor::eth_client[0m[2m:[0m ✅ Transaction 0x5303d62e8ed7bc8cdb1230729f05a4cb2c5d2ee12a536eff108adbf427d63e95 fetched and parsed in 4.551333ms
[2m2025-12-10T10:10:26.486318Z[0m [34mDEBUG[0m [2methereum_transaction_pool_monitor::mempool_monitor[0m[2m:[0m 🔍 Skipping tx 0x5303d62e8ed7bc8cdb1230729f05a4cb2c5d2ee12a536eff108adbf427d63e95 - not a DEX interaction (target: 0xdAC17F958D2ee523a2206206994597C13D831ec7)
[2m2025-12-10T10:10:26.486323Z[0m [34mDEBUG[0m [2methereum_transaction_pool_monitor::mempool_monitor[0m[2m:[0m 📨 Processing new pending transaction: 0x31189c94db001ff8f9964935d52d59778401605a851033454576466c55d32ec4
[2m2025-12-10T10:10:26.486327Z[0m [34mDEBUG[0m [2methereum_transaction_pool_monitor::mempool_monitor[0m[2m:[0m 🔍 Fetching transaction details for: 0x31189c94db001ff8f9964935d52d59778401605a851033454576466c55d32ec4
[2m2025-12-10T10:10:26.486330Z[0m [34mDEBUG[0m [2methereum_transaction_pool_monitor::eth_client[0m[2m:[0m 🔍 Fetching transaction details for hash: 0x31189c94db001ff8f9964935d52d59778401605a851033454576466c55d32ec4
[2m2025-12-10T10:10:26.486338Z[0m [34mDEBUG[0m [2mhyper::client::pool[0m[2m:[0m reuse idle connection for ("http", 192.168.0.14:8545)
[2m2025-12-10T10:10:26.486356Z[0m [34mDEBUG[0m [2mhyper::proto::h1::io[0m[2m:[0m flushed 250 bytes
[2m2025-12-10T10:10:26.493471Z[0m [34mDEBUG[0m [2mhyper::proto::h1::io[0m[2m:[0m parsed 4 headers
[2m2025-12-10T10:10:26.493478Z[0m [34mDEBUG[0m [2mhyper::proto::h1::conn[0m[2m:[0m incoming body is content-length (552 bytes)
[2m2025-12-10T10:10:26.493483Z[0m [34mDEBUG[0m [2mhyper::proto::h1::conn[0m[2m:[0m incoming body completed
[2m2025-12-10T10:10:26.493489Z[0m [34mDEBUG[0m [2mhyper::client::pool[0m[2m:[0m pooling idle connection for ("http", 192.168.0.14:8545)
[2m2025-12-10T10:10:26.493494Z[0m [34mDEBUG[0m [2methereum_transaction_pool_monitor::eth_client[0m[2m:[0m 📡 Transaction fetch RPC completed in 7.159958ms
[2m2025-12-10T10:10:26.564214Z[0m [34mDEBUG[0m [2methereum_transaction_pool_monitor::eth_client[0m[2m:[0m ✅ Transaction 0x31189c94db001ff8f9964935d52d59778401605a851033454576466c55d32ec4 fetched and parsed in 77.877708ms
[2m2025-12-10T10:10:26.564241Z[0m [34mDEBUG[0m [2methereum_transaction_pool_monitor::mempool_monitor[0m[2m:[0m 🔍 Skipping tx 0x31189c94db001ff8f9964935d52d59778401605a851033454576466c55d32ec4 - not a DEX interaction (target: 0x3a09C40f8f7B93c8C7e09A5422e56DFe7c7d2794)
[2m2025-12-10T10:10:26.564252Z[0m [34mDEBUG[0m [2methereum_transaction_pool_monitor::mempool_monitor[0m[2m:[0m 📨 Processing new pending transaction: 0x36703ea476c406ab8e35158340aab9f19fdbaed57139451822647dc0619b1023
[2m2025-12-10T10:10:26.564258Z[0m [34mDEBUG[0m [2methereum_transaction_pool_monitor::mempool_monitor[0m[2m:[0m 🔍 Fetching transaction details for: 0x36703ea476c406ab8e35158340aab9f19fdbaed57139451822647dc0619b1023
[2m2025-12-10T10:10:26.564262Z[0m [34mDEBUG[0m [2methereum_transaction_pool_monitor::eth_client[0m[2m:[0m 🔍 Fetching transaction details for hash: 0x36703ea476c406ab8e35158340aab9f19fdbaed57139451822647dc0619b1023
[2m2025-12-10T10:10:26.564280Z[0m [34mDEBUG[0m [2mhyper::client::pool[0m[2m:[0m reuse idle connection for ("http", 192.168.0.14:8545)
[2m2025-12-10T10:10:26.564324Z[0m [34mDEBUG[0m [2mhyper::proto::h1::io[0m[2m:[0m flushed 250 bytes
[2m2025-12-10T10:10:26.564343Z[0m [34mDEBUG[0m [2mhyper::client::pool[0m[2m:[0m reuse idle connection for ("http", 192.168.0.14:8545)
[2m2025-12-10T10:10:26.564356Z[0m [34mDEBUG[0m [2mhyper::proto::h1::io[0m[2m:[0m flushed 172 bytes
[2m2025-12-10T10:10:26.564414Z[0m [34mDEBUG[0m [2methereum_transaction_pool_monitor::eth_client[0m[2m:[0m 📨 Received WebSocket message: {"jsonrpc":"2.0","method":"eth_subscription","params":{"subscription":"0xbed0a0851463e895960a451075a301a9","result":"0xbc6d610e2b481e9e368dc0a88fb670da1f5faba9b784780f48e3ae755a0aee73"}}
[2m2025-12-10T10:10:26.564424Z[0m [34mDEBUG[0m [2methereum_transaction_pool_monitor::eth_client[0m[2m:[0m 📨 Received pending transaction: 0xbc6d610e2b481e9e368dc0a88fb670da1f5faba9b784780f48e3ae755a0aee73
[2m2025-12-10T10:10:26.564429Z[0m [34mDEBUG[0m [2methereum_transaction_pool_monitor::eth_client[0m[2m:[0m 📨 Received WebSocket message: {"jsonrpc":"2.0","method":"eth_subscription","params":{"subscription":"0xbed0a0851463e895960a451075a301a9","result":"0xaeac369b870e7bd74962ef3f99f929ef9ac931b619f4094b9ffc7a8a05bde69b"}}
[2m2025-12-10T10:10:26.564434Z[0m [34mDEBUG[0m [2methereum_transaction_pool_monitor::eth_client[0m[2m:[0m 📨 Received pending transaction: 0xaeac369b870e7bd74962ef3f99f929ef9ac931b619f4094b9ffc7a8a05bde69b
[2m2025-12-10T10:10:26.573850Z[0m [34mDEBUG[0m [2mhyper::proto::h1::io[0m[2m:[0m parsed 4 headers
[2m2025-12-10T10:10:26.573855Z[0m [34mDEBUG[0m [2mhyper::proto::h1::conn[0m[2m:[0m incoming body is content-length (644 bytes)
[2m2025-12-10T10:10:26.573861Z[0m [34mDEBUG[0m [2mhyper::proto::h1::conn[0m[2m:[0m incoming body completed
[2m2025-12-10T10:10:26.573871Z[0m [34mDEBUG[0m [2mhyper::client::pool[0m[2m:[0m pooling idle connection for ("http", 192.168.0.14:8545)
[2m2025-12-10T10:10:26.573876Z[0m [34mDEBUG[0m [2methereum_transaction_pool_monitor::eth_client[0m[2m:[0m 📡 Transaction fetch RPC completed in 9.61ms
[2m2025-12-10T10:10:26.644883Z[0m [34mDEBUG[0m [2methereum_transaction_pool_monitor::eth_client[0m[2m:[0m ✅ Transaction 0x36703ea476c406ab8e35158340aab9f19fdbaed57139451822647dc0619b1023 fetched and parsed in 80.613917ms
[2m2025-12-10T10:10:26.644913Z[0m [34mDEBUG[0m [2methereum_transaction_pool_monitor::mempool_monitor[0m[2m:[0m 🔍 Skipping tx 0x36703ea476c406ab8e35158340aab9f19fdbaed57139451822647dc0619b1023 - not a DEX interaction (target: 0x17E5545B11b468072283Cee1F066a059Fb0dbF24)
[2m2025-12-10T10:10:26.644925Z[0m [34mDEBUG[0m [2methereum_transaction_pool_monitor::mempool_monitor[0m[2m:[0m 📨 Processing new pending transaction: 0x2eecb429a61803a5d9ea68070e1f8ee81c8d357964abf6ac51eaafe6c7a6fb73
[2m2025-12-10T10:10:26.644935Z[0m [34mDEBUG[0m [2methereum_transaction_pool_monitor::mempool_monitor[0m[2m:[0m 🔍 Fetching transaction details for: 0x2eecb429a61803a5d9ea68070e1f8ee81c8d357964abf6ac51eaafe6c7a6fb73
[2m2025-12-10T10:10:26.644942Z[0m [34mDEBUG[0m [2methereum_transaction_pool_monitor::eth_client[0m[2m:[0m 🔍 Fetching transaction details for hash: 0x2eecb429a61803a5d9ea68070e1f8ee81c8d357964abf6ac51eaafe6c7a6fb73
[2m2025-12-10T10:10:26.644961Z[0m [34mDEBUG[0m [2mhyper::client::pool[0m[2m:[0m reuse idle connection for ("http", 192.168.0.14:8545)
[2m2025-12-10T10:10:26.644997Z[0m [34mDEBUG[0m [2mhyper::proto::h1::io[0m[2m:[0m flushed 250 bytes
[2m2025-12-10T10:10:26.645022Z[0m [34mDEBUG[0m [2methereum_transaction_pool_monitor::eth_client[0m[2m:[0m 📨 Received WebSocket message: {"jsonrpc":"2.0","method":"eth_subscription","params":{"subscription":"0xbed0a0851463e895960a451075a301a9","result":"0x1eb02a552bd4b9dc3b1e33ee6bff579b4488274f2433f697498b8025129ace5d"}}
[2m2025-12-10T10:10:26.645030Z[0m [34mDEBUG[0m [2methereum_transaction_pool_monitor::eth_client[0m[2m:[0m 📨 Received pending transaction: 0x1eb02a552bd4b9dc3b1e33ee6bff579b4488274f2433f697498b8025129ace5d
[2m2025-12-10T10:10:26.645041Z[0m [34mDEBUG[0m [2mhyper::proto::h1::io[0m[2m:[0m parsed 4 headers
[2m2025-12-10T10:10:26.645048Z[0m [34mDEBUG[0m [2mhyper::proto::h1::conn[0m[2m:[0m incoming body is content-length (45 bytes)
[2m2025-12-10T10:10:26.645055Z[0m [34mDEBUG[0m [2mhyper::proto::h1::conn[0m[2m:[0m incoming body completed
[2m2025-12-10T10:10:26.645064Z[0m [34mDEBUG[0m [2mhyper::client::pool[0m[2m:[0m pooling idle connection for ("http", 192.168.0.14:8545)
[2m2025-12-10T10:10:26.645758Z[0m [34mDEBUG[0m [2mhyper::client::pool[0m[2m:[0m reuse idle connection for ("http", 192.168.0.14:8545)
[2m2025-12-10T10:10:26.645779Z[0m [34mDEBUG[0m [2mhyper::proto::h1::io[0m[2m:[0m flushed 172 bytes
[2m2025-12-10T10:10:26.652886Z[0m [34mDEBUG[0m [2mhyper::proto::h1::io[0m[2m:[0m parsed 4 headers
[2m2025-12-10T10:10:26.652898Z[0m [34mDEBUG[0m [2mhyper::proto::h1::conn[0m[2m:[0m incoming body is content-length (45 bytes)
[2m2025-12-10T10:10:26.652906Z[0m [34mDEBUG[0m [2mhyper::proto::h1::conn[0m[2m:[0m incoming body completed
[2m2025-12-10T10:10:26.652916Z[0m [34mDEBUG[0m [2mhyper::client::pool[0m[2m:[0m pooling idle connection for ("http", 192.168.0.14:8545)
[2m2025-12-10T10:10:26.652935Z[0m [34mDEBUG[0m [2mhyper::proto::h1::io[0m[2m:[0m parsed 4 headers
[2m2025-12-10T10:10:26.652939Z[0m [34mDEBUG[0m [2mhyper::proto::h1::conn[0m[2m:[0m incoming body is content-length (2189 bytes)
[2m2025-12-10T10:10:26.652944Z[0m [34mDEBUG[0m [2mhyper::proto::h1::conn[0m[2m:[0m incoming body completed
[2m2025-12-10T10:10:26.652949Z[0m [34mDEBUG[0m [2mhyper::client::pool[0m[2m:[0m pooling idle connection for ("http", 192.168.0.14:8545)
[2m2025-12-10T10:10:26.652954Z[0m [34mDEBUG[0m [2methereum_transaction_pool_monitor::eth_client[0m[2m:[0m 📡 Transaction fetch RPC completed in 8.007167ms
[2m2025-12-10T10:10:26.725058Z[0m [34mDEBUG[0m [2methereum_transaction_pool_monitor::eth_client[0m[2m:[0m ✅ Transaction 0x2eecb429a61803a5d9ea68070e1f8ee81c8d357964abf6ac51eaafe6c7a6fb73 fetched and parsed in 80.10925ms
[2m2025-12-10T10:10:26.725083Z[0m [34mDEBUG[0m [2methereum_transaction_pool_monitor::mempool_monitor[0m[2m:[0m 🔍 Skipping tx 0x2eecb429a61803a5d9ea68070e1f8ee81c8d357964abf6ac51eaafe6c7a6fb73 - not a DEX interaction (target: 0x8FafAE7Dd957044088b3d0F67359C327c6200d18)
[2m2025-12-10T10:10:26.725093Z[0m [34mDEBUG[0m [2methereum_transaction_pool_monitor::mempool_monitor[0m[2m:[0m 📨 Processing new pending transaction: 0x1e8b0035c727c0ca086b292bc5783b256d5851f3142f7ec7e52bcba917c2d240
[2m2025-12-10T10:10:26.725098Z[0m [34mDEBUG[0m [2methereum_transaction_pool_monitor::mempool_monitor[0m[2m:[0m 🔍 Fetching transaction details for: 0x1e8b0035c727c0ca086b292bc5783b256d5851f3142f7ec7e52bcba917c2d240
[2m2025-12-10T10:10:26.725102Z[0m [34mDEBUG[0m [2methereum_transaction_pool_monitor::eth_client[0m[2m:[0m 🔍 Fetching transaction details for hash: 0x1e8b0035c727c0ca086b292bc5783b256d5851f3142f7ec7e52bcba917c2d240
[2m2025-12-10T10:10:26.725119Z[0m [34mDEBUG[0m [2mhyper::client::pool[0m[2m:[0m reuse idle connection for ("http", 192.168.0.14:8545)
[2m2025-12-10T10:10:26.725158Z[0m [34mDEBUG[0m [2mhyper::proto::h1::io[0m[2m:[0m flushed 250 bytes
[2m2025-12-10T10:10:26.725184Z[0m [34mDEBUG[0m [2mhyper::client::pool[0m[2m:[0m reuse idle connection for ("http", 192.168.0.14:8545)
[2m2025-12-10T10:10:26.725198Z[0m [34mDEBUG[0m [2mhyper::proto::h1::io[0m[2m:[0m flushed 172 bytes
[2m2025-12-10T10:10:26.731666Z[0m [34mDEBUG[0m [2mhyper::proto::h1::io[0m[2m:[0m parsed 4 headers
[2m2025-12-10T10:10:26.731671Z[0m [34mDEBUG[0m [2mhyper::proto::h1::conn[0m[2m:[0m incoming body is content-length (45 bytes)
[2m2025-12-10T10:10:26.731677Z[0m [34mDEBUG[0m [2mhyper::proto::h1::conn[0m[2m:[0m incoming body completed
[2m2025-12-10T10:10:26.731685Z[0m [34mDEBUG[0m [2mhyper::client::pool[0m[2m:[0m pooling idle connection for ("http", 192.168.0.14:8545)
[2m2025-12-10T10:10:26.733279Z[0m [34mDEBUG[0m [2mhyper::proto::h1::io[0m[2m:[0m parsed 4 headers
[2m2025-12-10T10:10:26.733291Z[0m [34mDEBUG[0m [2mhyper::proto::h1::conn[0m[2m:[0m incoming body is content-length (725 bytes)
[2m2025-12-10T10:10:26.733298Z[0m [34mDEBUG[0m [2mhyper::proto::h1::conn[0m[2m:[0m incoming body completed
[2m2025-12-10T10:10:26.733305Z[0m [34mDEBUG[0m [2mhyper::client::pool[0m[2m:[0m pooling idle connection for ("http", 192.168.0.14:8545)
[2m2025-12-10T10:10:26.733311Z[0m [34mDEBUG[0m [2methereum_transaction_pool_monitor::eth_client[0m[2m:[0m 📡 Transaction fetch RPC completed in 8.205083ms
[2m2025-12-10T10:10:26.802657Z[0m [34mDEBUG[0m [2methereum_transaction_pool_monitor::eth_client[0m[2m:[0m ✅ Transaction 0x1e8b0035c727c0ca086b292bc5783b256d5851f3142f7ec7e52bcba917c2d240 fetched and parsed in 77.549041ms
[2m2025-12-10T10:10:26.802684Z[0m [34mDEBUG[0m [2methereum_transaction_pool_monitor::mempool_monitor[0m[2m:[0m 🔍 Skipping tx 0x1e8b0035c727c0ca086b292bc5783b256d5851f3142f7ec7e52bcba917c2d240 - not a DEX interaction (target: 0x42Cc90030a6834Ed9622e4BDd2B392Db18B45535)
[2m2025-12-10T10:10:26.802699Z[0m [34mDEBUG[0m [2methereum_transaction_pool_monitor::mempool_monitor[0m[2m:[0m 📨 Processing new pending transaction: 0xd608a65fd580bb7832b028e1d2e635eb3aae3e63388904cc86114ab4ce958e6f
[2m2025-12-10T10:10:26.802706Z[0m [34mDEBUG[0m [2methereum_transaction_pool_monitor::mempool_monitor[0m[2m:[0m 🔍 Fetching transaction details for: 0xd608a65fd580bb7832b028e1d2e635eb3aae3e63388904cc86114ab4ce958e6f
[2m2025-12-10T10:10:26.802712Z[0m [34mDEBUG[0m [2methereum_transaction_pool_monitor::eth_client[0m[2m:[0m 🔍 Fetching transaction details for hash: 0xd608a65fd580bb7832b028e1d2e635eb3aae3e63388904cc86114ab4ce958e6f
[2m2025-12-10T10:10:26.802731Z[0m [34mDEBUG[0m [2mhyper::client::pool[0m[2m:[0m reuse idle connection for ("http", 192.168.0.14:8545)
[2m2025-12-10T10:10:26.802762Z[0m [34mDEBUG[0m [2mhyper::proto::h1::io[0m[2m:[0m flushed 250 bytes
[2m2025-12-10T10:10:26.802782Z[0m [34mDEBUG[0m [2mhyper::client::pool[0m[2m:[0m reuse idle connection for ("http", 192.168.0.14:8545)
[2m2025-12-10T10:10:26.802796Z[0m [34mDEBUG[0m [2mhyper::proto::h1::io[0m[2m:[0m flushed 172 bytes
[2m2025-12-10T10:10:26.802840Z[0m [34mDEBUG[0m [2methereum_transaction_pool_monitor::eth_client[0m[2m:[0m 📨 Received WebSocket message: {"jsonrpc":"2.0","method":"eth_subscription","params":{"subscription":"0xbed0a0851463e895960a451075a301a9","result":"0x469399aa7df87e26aa097d934dd3aae85d2d941ccba77d2cfd7250b667fe3900"}}
[2m2025-12-10T10:10:26.802850Z[0m [34mDEBUG[0m [2methereum_transaction_pool_monitor::eth_client[0m[2m:[0m 📨 Received pending transaction: 0x469399aa7df87e26aa097d934dd3aae85d2d941ccba77d2cfd7250b667fe3900
[2m2025-12-10T10:10:26.802855Z[0m [34mDEBUG[0m [2methereum_transaction_pool_monitor::eth_client[0m[2m:[0m 📨 Received WebSocket message: {"jsonrpc":"2.0","method":"eth_subscription","params":{"subscription":"0xbed0a0851463e895960a451075a301a9","result":"0x9f381705b4828cf0de4d36b2da95e9af3afb9bb85675b1e2a6efc8654dcfa7a5"}}
[2m2025-12-10T10:10:26.802859Z[0m [34mDEBUG[0m [2methereum_transaction_pool_monitor::eth_client[0m[2m:[0m 📨 Received pending transaction: 0x9f381705b4828cf0de4d36b2da95e9af3afb9bb85675b1e2a6efc8654dcfa7a5
[2m2025-12-10T10:10:26.809991Z[0m [34mDEBUG[0m [2mhyper::proto::h1::io[0m[2m:[0m parsed 4 headers
[2m2025-12-10T10:10:26.809996Z[0m [34mDEBUG[0m [2mhyper::proto::h1::io[0m[2m:[0m parsed 4 headers
[2m2025-12-10T10:10:26.810000Z[0m [34mDEBUG[0m [2mhyper::proto::h1::conn[0m[2m:[0m incoming body is content-length (45 bytes)
[2m2025-12-10T10:10:26.810002Z[0m [34mDEBUG[0m [2mhyper::proto::h1::conn[0m[2m:[0m incoming body is content-length (4047 bytes)
[2m2025-12-10T10:10:26.810010Z[0m [34mDEBUG[0m [2mhyper::proto::h1::conn[0m[2m:[0m incoming body completed
[2m2025-12-10T10:10:26.810010Z[0m [34mDEBUG[0m [2mhyper::proto::h1::conn[0m[2m:[0m incoming body completed
[2m2025-12-10T10:10:26.810021Z[0m [34mDEBUG[0m [2mhyper::client::pool[0m[2m:[0m pooling idle connection for ("http", 192.168.0.14:8545)
[2m2025-12-10T10:10:26.810023Z[0m [34mDEBUG[0m [2mhyper::client::pool[0m[2m:[0m pooling idle connection for ("http", 192.168.0.14:8545)
[2m2025-12-10T10:10:26.810032Z[0m [34mDEBUG[0m [2methereum_transaction_pool_monitor::eth_client[0m[2m:[0m 📡 Transaction fetch RPC completed in 7.313708ms
[2m2025-12-10T10:10:26.881215Z[0m [34mDEBUG[0m [2methereum_transaction_pool_monitor::eth_client[0m[2m:[0m ✅ Transaction 0xd608a65fd580bb7832b028e1d2e635eb3aae3e63388904cc86114ab4ce958e6f fetched and parsed in 78.494875ms
[2m2025-12-10T10:10:26.881239Z[0m [34mDEBUG[0m [2methereum_transaction_pool_monitor::mempool_monitor[0m[2m:[0m 🔍 Skipping tx 0xd608a65fd580bb7832b028e1d2e635eb3aae3e63388904cc86114ab4ce958e6f - not a DEX interaction (target: 0xf23bB21d39a99837a6Fa8Cf471047ebD61910D66)
[2m2025-12-10T10:10:26.881250Z[0m [34mDEBUG[0m [2methereum_transaction_pool_monitor::mempool_monitor[0m[2m:[0m 📨 Processing new pending transaction: 0x4f48c7122bc55d46c7754e13f6a4829dd8e4c80210bbd1c2f14d1cbbfcb3fadf
[2m2025-12-10T10:10:26.881256Z[0m [34mDEBUG[0m [2methereum_transaction_pool_monitor::mempool_monitor[0m[2m:[0m 🔍 Fetching transaction details for: 0x4f48c7122bc55d46c7754e13f6a4829dd8e4c80210bbd1c2f14d1cbbfcb3fadf
[2m2025-12-10T10:10:26.881260Z[0m [34mDEBUG[0m [2methereum_transaction_pool_monitor::eth_client[0m[2m:[0m 🔍 Fetching transaction details for hash: 0x4f48c7122bc55d46c7754e13f6a4829dd8e4c80210bbd1c2f14d1cbbfcb3fadf
[2m2025-12-10T10:10:26.881278Z[0m [34mDEBUG[0m [2mhyper::client::pool[0m[2m:[0m reuse idle connection for ("http", 192.168.0.14:8545)
[2m2025-12-10T10:10:26.881313Z[0m [34mDEBUG[0m [2mhyper::proto::h1::io[0m[2m:[0m flushed 250 bytes
[2m2025-12-10T10:10:26.892194Z[0m [34mDEBUG[0m [2mhyper::proto::h1::io[0m[2m:[0m parsed 4 headers
[2m2025-12-10T10:10:26.892206Z[0m [34mDEBUG[0m [2mhyper::proto::h1::conn[0m[2m:[0m incoming body is content-length (903 bytes)
[2m2025-12-10T10:10:26.892214Z[0m [34mDEBUG[0m [2mhyper::proto::h1::conn[0m[2m:[0m incoming body completed
[2m2025-12-10T10:10:26.892223Z[0m [34mDEBUG[0m [2mhyper::client::pool[0m[2m:[0m pooling idle connection for ("http", 192.168.0.14:8545)
[2m2025-12-10T10:10:26.892234Z[0m [34mDEBUG[0m [2methereum_transaction_pool_monitor::eth_client[0m[2m:[0m 📡 Transaction fetch RPC completed in 10.970167ms
[2m2025-12-10T10:10:26.963967Z[0m [34mDEBUG[0m [2methereum_transaction_pool_monitor::eth_client[0m[2m:[0m ✅ Transaction 0x4f48c7122bc55d46c7754e13f6a4829dd8e4c80210bbd1c2f14d1cbbfcb3fadf fetched and parsed in 82.700458ms
[2m2025-12-10T10:10:26.963993Z[0m [34mDEBUG[0m [2methereum_transaction_pool_monitor::mempool_monitor[0m[2m:[0m 🔍 Skipping tx 0x4f48c7122bc55d46c7754e13f6a4829dd8e4c80210bbd1c2f14d1cbbfcb3fadf - not a DEX interaction (target: 0x3B4D794a66304F130a4Db8F2551B0070dfCf5ca7)
[2m2025-12-10T10:10:26.964003Z[0m [34mDEBUG[0m [2methereum_transaction_pool_monitor::mempool_monitor[0m[2m:[0m 📨 Processing new pending transaction: 0x880defbca11609817d7f3b260722022eee7c55b56a1cf2148c9268547aeff032
[2m2025-12-10T10:10:26.964009Z[0m [34mDEBUG[0m [2methereum_transaction_pool_monitor::mempool_monitor[0m[2m:[0m 🔍 Fetching transaction details for: 0x880defbca11609817d7f3b260722022eee7c55b56a1cf2148c9268547aeff032
[2m2025-12-10T10:10:26.964013Z[0m [34mDEBUG[0m [2methereum_transaction_pool_monitor::eth_client[0m[2m:[0m 🔍 Fetching transaction details for hash: 0x880defbca11609817d7f3b260722022eee7c55b56a1cf2148c9268547aeff032
[2m2025-12-10T10:10:26.964030Z[0m [34mDEBUG[0m [2mhyper::client::pool[0m[2m:[0m reuse idle connection for ("http", 192.168.0.14:8545)
[2m2025-12-10T10:10:26.964065Z[0m [34mDEBUG[0m [2mhyper::proto::h1::io[0m[2m:[0m flushed 250 bytes
[2m2025-12-10T10:10:26.964083Z[0m [34mDEBUG[0m [2mhyper::client::pool[0m[2m:[0m reuse idle connection for ("http", 192.168.0.14:8545)
[2m2025-12-10T10:10:26.964097Z[0m [34mDEBUG[0m [2mhyper::proto::h1::io[0m[2m:[0m flushed 172 bytes
[2m2025-12-10T10:10:26.964130Z[0m [34mDEBUG[0m [2methereum_transaction_pool_monitor::eth_client[0m[2m:[0m 📨 Received WebSocket message: {"jsonrpc":"2.0","method":"eth_subscription","params":{"subscription":"0xbed0a0851463e895960a451075a301a9","result":"0x2418edc40430a99574a2ca9d5ac4b787dbc4f550d7cf328dd970afc43883b6e4"}}
[2m2025-12-10T10:10:26.964138Z[0m [34mDEBUG[0m [2methereum_transaction_pool_monitor::eth_client[0m[2m:[0m 📨 Received pending transaction: 0x2418edc40430a99574a2ca9d5ac4b787dbc4f550d7cf328dd970afc43883b6e4
[2m2025-12-10T10:10:26.970504Z[0m [34mDEBUG[0m [2mhyper::proto::h1::io[0m[2m:[0m parsed 4 headers
[2m2025-12-10T10:10:26.970520Z[0m [34mDEBUG[0m [2mhyper::proto::h1::conn[0m[2m:[0m incoming body is content-length (841 bytes)
[2m2025-12-10T10:10:26.970528Z[0m [34mDEBUG[0m [2mhyper::proto::h1::conn[0m[2m:[0m incoming body completed
[2m2025-12-10T10:10:26.970537Z[0m [34mDEBUG[0m [2mhyper::client::pool[0m[2m:[0m pooling idle connection for ("http", 192.168.0.14:8545)
[2m2025-12-10T10:10:26.970543Z[0m [34mDEBUG[0m [2methereum_transaction_pool_monitor::eth_client[0m[2m:[0m 📡 Transaction fetch RPC completed in 6.526375ms
[2m2025-12-10T10:10:27.041589Z[0m [34mDEBUG[0m [2methereum_transaction_pool_monitor::eth_client[0m[2m:[0m ✅ Transaction 0x880defbca11609817d7f3b260722022eee7c55b56a1cf2148c9268547aeff032 fetched and parsed in 77.570333ms
[2m2025-12-10T10:10:27.041616Z[0m [34mDEBUG[0m [2methereum_transaction_pool_monitor::mempool_monitor[0m[2m:[0m 🔍 Skipping tx 0x880defbca11609817d7f3b260722022eee7c55b56a1cf2148c9268547aeff032 - not a DEX interaction (target: 0xA0b86991c6218b36c1d19D4a2e9Eb0cE3606eB48)
[2m2025-12-10T10:10:27.041629Z[0m [34mDEBUG[0m [2methereum_transaction_pool_monitor::mempool_monitor[0m[2m:[0m 📨 Processing new pending transaction: 0x6f6382b3fb08b62518bc38d109171d91baa8e2d498916e8138c27a37c82cbb15
[2m2025-12-10T10:10:27.041637Z[0m [34mDEBUG[0m [2methereum_transaction_pool_monitor::mempool_monitor[0m[2m:[0m 🔍 Fetching transaction details for: 0x6f6382b3fb08b62518bc38d109171d91baa8e2d498916e8138c27a37c82cbb15
[2m2025-12-10T10:10:27.041643Z[0m [34mDEBUG[0m [2methereum_transaction_pool_monitor::eth_client[0m[2m:[0m 🔍 Fetching transaction details for hash: 0x6f6382b3fb08b62518bc38d109171d91baa8e2d498916e8138c27a37c82cbb15
[2m2025-12-10T10:10:27.041661Z[0m [34mDEBUG[0m [2mhyper::client::pool[0m[2m:[0m reuse idle connection for ("http", 192.168.0.14:8545)
[2m2025-12-10T10:10:27.041695Z[0m [34mDEBUG[0m [2mhyper::proto::h1::io[0m[2m:[0m flushed 250 bytes
[2m2025-12-10T10:10:27.041711Z[0m [34mDEBUG[0m [2mhyper::proto::h1::io[0m[2m:[0m parsed 4 headers
[2m2025-12-10T10:10:27.041716Z[0m [34mDEBUG[0m [2mhyper::proto::h1::conn[0m[2m:[0m incoming body is content-length (45 bytes)
[2m2025-12-10T10:10:27.041722Z[0m [34mDEBUG[0m [2mhyper::proto::h1::conn[0m[2m:[0m incoming body completed
[2m2025-12-10T10:10:27.041731Z[0m [34mDEBUG[0m [2mhyper::client::pool[0m[2m:[0m pooling idle connection for ("http", 192.168.0.14:8545)
[2m2025-12-10T10:10:27.041745Z[0m [34mDEBUG[0m [2mhyper::client::pool[0m[2m:[0m reuse idle connection for ("http", 192.168.0.14:8545)
[2m2025-12-10T10:10:27.041760Z[0m [34mDEBUG[0m [2mhyper::proto::h1::io[0m[2m:[0m flushed 172 bytes
[2m2025-12-10T10:10:27.049265Z[0m [34mDEBUG[0m [2mhyper::proto::h1::io[0m[2m:[0m parsed 4 headers
[2m2025-12-10T10:10:27.049279Z[0m [34mDEBUG[0m [2mhyper::proto::h1::conn[0m[2m:[0m incoming body is content-length (2061 bytes)
[2m2025-12-10T10:10:27.049286Z[0m [34mDEBUG[0m [2mhyper::proto::h1::conn[0m[2m:[0m incoming body completed
[2m2025-12-10T10:10:27.049295Z[0m [34mDEBUG[0m [2mhyper::client::pool[0m[2m:[0m pooling idle connection for ("http", 192.168.0.14:8545)
[2m2025-12-10T10:10:27.049305Z[0m [34mDEBUG[0m [2methereum_transaction_pool_monitor::eth_client[0m[2m:[0m 📡 Transaction fetch RPC completed in 7.655583ms
[2m2025-12-10T10:10:27.120428Z[0m [34mDEBUG[0m [2methereum_transaction_pool_monitor::eth_client[0m[2m:[0m ✅ Transaction 0x6f6382b3fb08b62518bc38d109171d91baa8e2d498916e8138c27a37c82cbb15 fetched and parsed in 78.775625ms
[2m2025-12-10T10:10:27.120455Z[0m [34mDEBUG[0m [2methereum_transaction_pool_monitor::mempool_monitor[0m[2m:[0m 🔍 Skipping tx 0x6f6382b3fb08b62518bc38d109171d91baa8e2d498916e8138c27a37c82cbb15 - not a DEX interaction (target: 0xa59BA433ac34D2927232918Ef5B2eaAfcF130BA5)
[2m2025-12-10T10:10:27.120706Z[0m [34mDEBUG[0m [2methereum_transaction_pool_monitor::mempool_monitor[0m[2m:[0m 📨 Processing new pending transaction: 0x99d2b521a6c4e6a3a3301bf28014a6d3242f10572d2305ac39a39939135479e2
[2m2025-12-10T10:10:27.120715Z[0m [34mDEBUG[0m [2methereum_transaction_pool_monitor::mempool_monitor[0m[2m:[0m 🔍 Fetching transaction details for: 0x99d2b521a6c4e6a3a3301bf28014a6d3242f10572d2305ac39a39939135479e2
[2m2025-12-10T10:10:27.120719Z[0m [34mDEBUG[0m [2methereum_transaction_pool_monitor::eth_client[0m[2m:[0m 🔍 Fetching transaction details for hash: 0x99d2b521a6c4e6a3a3301bf28014a6d3242f10572d2305ac39a39939135479e2
[2m2025-12-10T10:10:27.120741Z[0m [34mDEBUG[0m [2mhyper::client::pool[0m[2m:[0m reuse idle connection for ("http", 192.168.0.14:8545)
[2m2025-12-10T10:10:27.120773Z[0m [34mDEBUG[0m [2mhyper::proto::h1::io[0m[2m:[0m flushed 250 bytes
[2m2025-12-10T10:10:27.120790Z[0m [34mDEBUG[0m [2mhyper::proto::h1::io[0m[2m:[0m parsed 4 headers
[2m2025-12-10T10:10:27.120795Z[0m [34mDEBUG[0m [2mhyper::proto::h1::conn[0m[2m:[0m incoming body is content-length (45 bytes)
[2m2025-12-10T10:10:27.120802Z[0m [34mDEBUG[0m [2mhyper::proto::h1::conn[0m[2m:[0m incoming body completed
[2m2025-12-10T10:10:27.120811Z[0m [34mDEBUG[0m [2mhyper::client::pool[0m[2m:[0m pooling idle connection for ("http", 192.168.0.14:8545)
[2m2025-12-10T10:10:27.120827Z[0m [34mDEBUG[0m [2mhyper::client::pool[0m[2m:[0m reuse idle connection for ("http", 192.168.0.14:8545)
[2m2025-12-10T10:10:27.120843Z[0m [34mDEBUG[0m [2mhyper::proto::h1::io[0m[2m:[0m flushed 172 bytes
[2m2025-12-10T10:10:27.128741Z[0m [34mDEBUG[0m [2mhyper::proto::h1::io[0m[2m:[0m parsed 4 headers
[2m2025-12-10T10:10:27.128755Z[0m [34mDEBUG[0m [2mhyper::proto::h1::conn[0m[2m:[0m incoming body is content-length (45 bytes)
[2m2025-12-10T10:10:27.128761Z[0m [34mDEBUG[0m [2mhyper::proto::h1::conn[0m[2m:[0m incoming body completed
[2m2025-12-10T10:10:27.128771Z[0m [34mDEBUG[0m [2mhyper::client::pool[0m[2m:[0m pooling idle connection for ("http", 192.168.0.14:8545)
[2m2025-12-10T10:10:27.128789Z[0m [34mDEBUG[0m [2mhyper::proto::h1::io[0m[2m:[0m parsed 4 headers
[2m2025-12-10T10:10:27.128794Z[0m [34mDEBUG[0m [2mhyper::proto::h1::conn[0m[2m:[0m incoming body is content-length (1171 bytes)
[2m2025-12-10T10:10:27.128798Z[0m [34mDEBUG[0m [2mhyper::proto::h1::conn[0m[2m:[0m incoming body completed
[2m2025-12-10T10:10:27.128803Z[0m [34mDEBUG[0m [2mhyper::client::pool[0m[2m:[0m pooling idle connection for ("http", 192.168.0.14:8545)
[2m2025-12-10T10:10:27.128808Z[0m [34mDEBUG[0m [2methereum_transaction_pool_monitor::eth_client[0m[2m:[0m 📡 Transaction fetch RPC completed in 8.083833ms
[2m2025-12-10T10:10:27.128821Z[0m [34mDEBUG[0m [2methereum_transaction_pool_monitor::eth_client[0m[2m:[0m DeFi transaction detected - Address: 0x7a250d5630b4cf539739df2c5dacb4c659f2488d, Type: DexRouter, Value: 0.0510 ETH, Gas: 0.18 Gwei
[2m2025-12-10T10:10:27.128834Z[0m [34mDEBUG[0m [2methereum_transaction_pool_monitor::eth_client[0m[2m:[0m ✅ Transaction 0x99d2b521a6c4e6a3a3301bf28014a6d3242f10572d2305ac39a39939135479e2 fetched and parsed in 8.110125ms
[2m2025-12-10T10:10:27.128839Z[0m [34mDEBUG[0m [2methereum_transaction_pool_monitor::mempool_monitor[0m[2m:[0m 🔍 Skipping tx 0x99d2b521a6c4e6a3a3301bf28014a6d3242f10572d2305ac39a39939135479e2 - not a DEX interaction (target: 0x7a250d5630B4cF539739dF2C5dAcb4c659F2488D)
[2m2025-12-10T10:10:27.128847Z[0m [34mDEBUG[0m [2methereum_transaction_pool_monitor::mempool_monitor[0m[2m:[0m 📨 Processing new pending transaction: 0x039fbf001a875c71cf664a973fff0527ff0049d9c1593318804e4cd03c1f1454
[2m2025-12-10T10:10:27.128851Z[0m [34mDEBUG[0m [2methereum_transaction_pool_monitor::mempool_monitor[0m[2m:[0m 🔍 Fetching transaction details for: 0x039fbf001a875c71cf664a973fff0527ff0049d9c1593318804e4cd03c1f1454
[2m2025-12-10T10:10:27.128854Z[0m [34mDEBUG[0m [2methereum_transaction_pool_monitor::eth_client[0m[2m:[0m 🔍 Fetching transaction details for hash: 0x039fbf001a875c71cf664a973fff0527ff0049d9c1593318804e4cd03c1f1454
[2m2025-12-10T10:10:27.128866Z[0m [34mDEBUG[0m [2mhyper::client::pool[0m[2m:[0m reuse idle connection for ("http", 192.168.0.14:8545)
[2m2025-12-10T10:10:27.128881Z[0m [34mDEBUG[0m [2mhyper::proto::h1::io[0m[2m:[0m flushed 250 bytes
[2m2025-12-10T10:10:27.135471Z[0m [34mDEBUG[0m [2mhyper::proto::h1::io[0m[2m:[0m parsed 4 headers
[2m2025-12-10T10:10:27.135479Z[0m [34mDEBUG[0m [2mhyper::proto::h1::conn[0m[2m:[0m incoming body is content-length (848 bytes)
[2m2025-12-10T10:10:27.135484Z[0m [34mDEBUG[0m [2mhyper::proto::h1::conn[0m[2m:[0m incoming body completed
[2m2025-12-10T10:10:27.135491Z[0m [34mDEBUG[0m [2mhyper::client::pool[0m[2m:[0m pooling idle connection for ("http", 192.168.0.14:8545)
[2m2025-12-10T10:10:27.135496Z[0m [34mDEBUG[0m [2methereum_transaction_pool_monitor::eth_client[0m[2m:[0m 📡 Transaction fetch RPC completed in 6.638041ms
[2m2025-12-10T10:10:27.206118Z[0m [34mDEBUG[0m [2methereum_transaction_pool_monitor::eth_client[0m[2m:[0m ✅ Transaction 0x039fbf001a875c71cf664a973fff0527ff0049d9c1593318804e4cd03c1f1454 fetched and parsed in 77.256666ms
[2m2025-12-10T10:10:27.206152Z[0m [34mDEBUG[0m [2methereum_transaction_pool_monitor::mempool_monitor[0m[2m:[0m 🔍 Skipping tx 0x039fbf001a875c71cf664a973fff0527ff0049d9c1593318804e4cd03c1f1454 - not a DEX interaction (target: 0xA0b86991c6218b36c1d19D4a2e9Eb0cE3606eB48)
[2m2025-12-10T10:10:27.206167Z[0m [34mDEBUG[0m [2methereum_transaction_pool_monitor::mempool_monitor[0m[2m:[0m 📨 Processing new pending transaction: 0x94d1900796277f8813a2df248ffde08512700597c75e54ea0dbe247fcdf2a0f8
[2m2025-12-10T10:10:27.206175Z[0m [34mDEBUG[0m [2methereum_transaction_pool_monitor::mempool_monitor[0m[2m:[0m 🔍 Fetching transaction details for: 0x94d1900796277f8813a2df248ffde08512700597c75e54ea0dbe247fcdf2a0f8
[2m2025-12-10T10:10:27.206180Z[0m [34mDEBUG[0m [2methereum_transaction_pool_monitor::eth_client[0m[2m:[0m 🔍 Fetching transaction details for hash: 0x94d1900796277f8813a2df248ffde08512700597c75e54ea0dbe247fcdf2a0f8
[2m2025-12-10T10:10:27.206205Z[0m [34mDEBUG[0m [2mhyper::client::pool[0m[2m:[0m reuse idle connection for ("http", 192.168.0.14:8545)
[2m2025-12-10T10:10:27.206244Z[0m [34mDEBUG[0m [2mhyper::proto::h1::io[0m[2m:[0m flushed 250 bytes
[2m2025-12-10T10:10:27.206265Z[0m [34mDEBUG[0m [2mhyper::client::pool[0m[2m:[0m reuse idle connection for ("http", 192.168.0.14:8545)
[2m2025-12-10T10:10:27.206276Z[0m [34mDEBUG[0m [2methereum_transaction_pool_monitor::eth_client[0m[2m:[0m 📨 Received WebSocket message: {"jsonrpc":"2.0","method":"eth_subscription","params":{"subscription":"0xbed0a0851463e895960a451075a301a9","result":"0x200d1ec647003125edf61047abad0b624a2aad55eaf742a49a5394858fdcdcec"}}
[2m2025-12-10T10:10:27.206283Z[0m [34mDEBUG[0m [2mhyper::proto::h1::io[0m[2m:[0m flushed 172 bytes
[2m2025-12-10T10:10:27.206289Z[0m [34mDEBUG[0m [2methereum_transaction_pool_monitor::eth_client[0m[2m:[0m 📨 Received pending transaction: 0x200d1ec647003125edf61047abad0b624a2aad55eaf742a49a5394858fdcdcec
[2m2025-12-10T10:10:27.206297Z[0m [34mDEBUG[0m [2methereum_transaction_pool_monitor::eth_client[0m[2m:[0m 📨 Received WebSocket message: {"jsonrpc":"2.0","method":"eth_subscription","params":{"subscription":"0xbed0a0851463e895960a451075a301a9","result":"0xb4bd5243a0d57793e4e64c38cd799953a89ca14a5a824ce30c07a56c29de549f"}}
[2m2025-12-10T10:10:27.206303Z[0m [34mDEBUG[0m [2methereum_transaction_pool_monitor::eth_client[0m[2m:[0m 📨 Received pending transaction: 0xb4bd5243a0d57793e4e64c38cd799953a89ca14a5a824ce30c07a56c29de549f
[2m2025-12-10T10:10:27.212075Z[0m [34mDEBUG[0m [2mhyper::proto::h1::io[0m[2m:[0m parsed 4 headers
[2m2025-12-10T10:10:27.212083Z[0m [34mDEBUG[0m [2mhyper::proto::h1::conn[0m[2m:[0m incoming body is content-length (843 bytes)
[2m2025-12-10T10:10:27.212092Z[0m [34mDEBUG[0m [2mhyper::proto::h1::conn[0m[2m:[0m incoming body completed
[2m2025-12-10T10:10:27.212101Z[0m [34mDEBUG[0m [2mhyper::client::pool[0m[2m:[0m pooling idle connection for ("http", 192.168.0.14:8545)
[2m2025-12-10T10:10:27.212109Z[0m [34mDEBUG[0m [2methereum_transaction_pool_monitor::eth_client[0m[2m:[0m 📡 Transaction fetch RPC completed in 5.922292ms
[2m2025-12-10T10:10:27.212124Z[0m [34mDEBUG[0m [2methereum_transaction_pool_monitor::eth_client[0m[2m:[0m DeFi transaction detected - Address: 0xdac17f958d2ee523a2206206994597c13d831ec7, Type: Stablecoin, Value: 0 ETH, Gas: 2.18 Gwei
[2m2025-12-10T10:10:27.212136Z[0m [34mDEBUG[0m [2methereum_transaction_pool_monitor::eth_client[0m[2m:[0m ✅ Transaction 0x94d1900796277f8813a2df248ffde08512700597c75e54ea0dbe247fcdf2a0f8 fetched and parsed in 5.949625ms
[2m2025-12-10T10:10:27.212141Z[0m [34mDEBUG[0m [2methereum_transaction_pool_monitor::mempool_monitor[0m[2m:[0m 🔍 Skipping tx 0x94d1900796277f8813a2df248ffde08512700597c75e54ea0dbe247fcdf2a0f8 - not a DEX interaction (target: 0xdAC17F958D2ee523a2206206994597C13D831ec7)
[2m2025-12-10T10:10:27.212147Z[0m [34mDEBUG[0m [2methereum_transaction_pool_monitor::mempool_monitor[0m[2m:[0m 📨 Processing new pending transaction: 0x1a6af29383b2b1ed026dd8e3f918b2213e0313c94acf5ba17a0772322d75c4fe
[2m2025-12-10T10:10:27.212151Z[0m [34mDEBUG[0m [2methereum_transaction_pool_monitor::mempool_monitor[0m[2m:[0m 🔍 Fetching transaction details for: 0x1a6af29383b2b1ed026dd8e3f918b2213e0313c94acf5ba17a0772322d75c4fe
[2m2025-12-10T10:10:27.212154Z[0m [34mDEBUG[0m [2methereum_transaction_pool_monitor::eth_client[0m[2m:[0m 🔍 Fetching transaction details for hash: 0x1a6af29383b2b1ed026dd8e3f918b2213e0313c94acf5ba17a0772322d75c4fe
[2m2025-12-10T10:10:27.212163Z[0m [34mDEBUG[0m [2mhyper::client::pool[0m[2m:[0m reuse idle connection for ("http", 192.168.0.14:8545)
[2m2025-12-10T10:10:27.212180Z[0m [34mDEBUG[0m [2mhyper::proto::h1::io[0m[2m:[0m flushed 250 bytes
[2m2025-12-10T10:10:27.212188Z[0m [34mDEBUG[0m [2mhyper::proto::h1::io[0m[2m:[0m parsed 4 headers
[2m2025-12-10T10:10:27.212191Z[0m [34mDEBUG[0m [2mhyper::proto::h1::conn[0m[2m:[0m incoming body is content-length (45 bytes)
[2m2025-12-10T10:10:27.212195Z[0m [34mDEBUG[0m [2mhyper::proto::h1::conn[0m[2m:[0m incoming body completed
[2m2025-12-10T10:10:27.212199Z[0m [34mDEBUG[0m [2mhyper::client::pool[0m[2m:[0m pooling idle connection for ("http", 192.168.0.14:8545)
[2m2025-12-10T10:10:27.221485Z[0m [34mDEBUG[0m [2mhyper::proto::h1::io[0m[2m:[0m parsed 4 headers
[2m2025-12-10T10:10:27.221494Z[0m [34mDEBUG[0m [2mhyper::proto::h1::conn[0m[2m:[0m incoming body is content-length (1292 bytes)
[2m2025-12-10T10:10:27.221500Z[0m [34mDEBUG[0m [2mhyper::proto::h1::conn[0m[2m:[0m incoming body completed
[2m2025-12-10T10:10:27.221506Z[0m [34mDEBUG[0m [2mhyper::client::pool[0m[2m:[0m pooling idle connection for ("http", 192.168.0.14:8545)
[2m2025-12-10T10:10:27.221512Z[0m [34mDEBUG[0m [2methereum_transaction_pool_monitor::eth_client[0m[2m:[0m 📡 Transaction fetch RPC completed in 9.354ms
[2m2025-12-10T10:10:27.290406Z[0m [34mDEBUG[0m [2methereum_transaction_pool_monitor::eth_client[0m[2m:[0m ✅ Transaction 0x1a6af29383b2b1ed026dd8e3f918b2213e0313c94acf5ba17a0772322d75c4fe fetched and parsed in 78.245917ms
[2m2025-12-10T10:10:27.290431Z[0m [34mDEBUG[0m [2methereum_transaction_pool_monitor::mempool_monitor[0m[2m:[0m 🔍 Skipping tx 0x1a6af29383b2b1ed026dd8e3f918b2213e0313c94acf5ba17a0772322d75c4fe - not a DEX interaction (target: 0xF6801D319497789f934ec7F83E142a9536312B08)
[2m2025-12-10T10:10:27.290442Z[0m [34mDEBUG[0m [2methereum_transaction_pool_monitor::mempool_monitor[0m[2m:[0m 📨 Processing new pending transaction: 0x80f73878583c5cfd0b65ae1b02f7b185d2a0a5cb362a93b837287ac2fe47348c
[2m2025-12-10T10:10:27.290449Z[0m [34mDEBUG[0m [2methereum_transaction_pool_monitor::mempool_monitor[0m[2m:[0m 🔍 Fetching transaction details for: 0x80f73878583c5cfd0b65ae1b02f7b185d2a0a5cb362a93b837287ac2fe47348c
[2m2025-12-10T10:10:27.290453Z[0m [34mDEBUG[0m [2methereum_transaction_pool_monitor::eth_client[0m[2m:[0m 🔍 Fetching transaction details for hash: 0x80f73878583c5cfd0b65ae1b02f7b185d2a0a5cb362a93b837287ac2fe47348c
[2m2025-12-10T10:10:27.290473Z[0m [34mDEBUG[0m [2mhyper::client::pool[0m[2m:[0m reuse idle connection for ("http", 192.168.0.14:8545)
[2m2025-12-10T10:10:27.290512Z[0m [34mDEBUG[0m [2mhyper::proto::h1::io[0m[2m:[0m flushed 250 bytes
[2m2025-12-10T10:10:27.294412Z[0m [34mDEBUG[0m [2mhyper::proto::h1::io[0m[2m:[0m parsed 4 headers
[2m2025-12-10T10:10:27.294421Z[0m [34mDEBUG[0m [2mhyper::proto::h1::conn[0m[2m:[0m incoming body is content-length (848 bytes)
[2m2025-12-10T10:10:27.294428Z[0m [34mDEBUG[0m [2mhyper::proto::h1::conn[0m[2m:[0m incoming body completed
[2m2025-12-10T10:10:27.294436Z[0m [34mDEBUG[0m [2mhyper::client::pool[0m[2m:[0m pooling idle connection for ("http", 192.168.0.14:8545)
[2m2025-12-10T10:10:27.294442Z[0m [34mDEBUG[0m [2methereum_transaction_pool_monitor::eth_client[0m[2m:[0m 📡 Transaction fetch RPC completed in 3.985708ms
[2m2025-12-10T10:10:27.366513Z[0m [34mDEBUG[0m [2methereum_transaction_pool_monitor::eth_client[0m[2m:[0m ✅ Transaction 0x80f73878583c5cfd0b65ae1b02f7b185d2a0a5cb362a93b837287ac2fe47348c fetched and parsed in 76.05375ms
[2m2025-12-10T10:10:27.366543Z[0m [34mDEBUG[0m [2methereum_transaction_pool_monitor::mempool_monitor[0m[2m:[0m 🔍 Skipping tx 0x80f73878583c5cfd0b65ae1b02f7b185d2a0a5cb362a93b837287ac2fe47348c - not a DEX interaction (target: 0xA0b86991c6218b36c1d19D4a2e9Eb0cE3606eB48)
[2m2025-12-10T10:10:27.366553Z[0m [34mDEBUG[0m [2methereum_transaction_pool_monitor::mempool_monitor[0m[2m:[0m 📨 Processing new pending transaction: 0x11e87fa51fa235fe6e7999938c92f8f58679d10023ec8dfcd116082517f1e290
[2m2025-12-10T10:10:27.366559Z[0m [34mDEBUG[0m [2methereum_transaction_pool_monitor::mempool_monitor[0m[2m:[0m 🔍 Fetching transaction details for: 0x11e87fa51fa235fe6e7999938c92f8f58679d10023ec8dfcd116082517f1e290
[2m2025-12-10T10:10:27.366564Z[0m [34mDEBUG[0m [2methereum_transaction_pool_monitor::eth_client[0m[2m:[0m 🔍 Fetching transaction details for hash: 0x11e87fa51fa235fe6e7999938c92f8f58679d10023ec8dfcd116082517f1e290
[2m2025-12-10T10:10:27.366584Z[0m [34mDEBUG[0m [2mhyper::client::pool[0m[2m:[0m reuse idle connection for ("http", 192.168.0.14:8545)
[2m2025-12-10T10:10:27.366635Z[0m [34mDEBUG[0m [2mhyper::proto::h1::io[0m[2m:[0m flushed 250 bytes
[2m2025-12-10T10:10:27.366669Z[0m [34mDEBUG[0m [2mhyper::client::pool[0m[2m:[0m reuse idle connection for ("http", 192.168.0.14:8545)
[2m2025-12-10T10:10:27.366688Z[0m [34mDEBUG[0m [2mhyper::proto::h1::io[0m[2m:[0m flushed 172 bytes
[2m2025-12-10T10:10:27.372399Z[0m [34mDEBUG[0m [2mhyper::proto::h1::io[0m[2m:[0m parsed 4 headers
[2m2025-12-10T10:10:27.372405Z[0m [34mDEBUG[0m [2mhyper::proto::h1::conn[0m[2m:[0m incoming body is content-length (844 bytes)
[2m2025-12-10T10:10:27.372412Z[0m [34mDEBUG[0m [2mhyper::proto::h1::conn[0m[2m:[0m incoming body completed
[2m2025-12-10T10:10:27.372419Z[0m [34mDEBUG[0m [2mhyper::client::pool[0m[2m:[0m pooling idle connection for ("http", 192.168.0.14:8545)
[2m2025-12-10T10:10:27.372427Z[0m [34mDEBUG[0m [2methereum_transaction_pool_monitor::eth_client[0m[2m:[0m 📡 Transaction fetch RPC completed in 5.858666ms
[2m2025-12-10T10:10:27.372441Z[0m [34mDEBUG[0m [2methereum_transaction_pool_monitor::eth_client[0m[2m:[0m DeFi transaction detected - Address: 0xdac17f958d2ee523a2206206994597c13d831ec7, Type: Stablecoin, Value: 0 ETH, Gas: 0.68 Gwei
[2m2025-12-10T10:10:27.373220Z[0m [34mDEBUG[0m [2methereum_transaction_pool_monitor::eth_client[0m[2m:[0m ✅ Transaction 0x11e87fa51fa235fe6e7999938c92f8f58679d10023ec8dfcd116082517f1e290 fetched and parsed in 6.652125ms
[2m2025-12-10T10:10:27.373228Z[0m [34mDEBUG[0m [2methereum_transaction_pool_monitor::mempool_monitor[0m[2m:[0m 🔍 Skipping tx 0x11e87fa51fa235fe6e7999938c92f8f58679d10023ec8dfcd116082517f1e290 - not a DEX interaction (target: 0xdAC17F958D2ee523a2206206994597C13D831ec7)
[2m2025-12-10T10:10:27.373237Z[0m [34mDEBUG[0m [2methereum_transaction_pool_monitor::mempool_monitor[0m[2m:[0m 📨 Processing new pending transaction: 0xfd74c3657fa7f94c8cc5e16b5d5e02f60d1fbc4df83b8cfb984c58089a09d99e
[2m2025-12-10T10:10:27.373240Z[0m [34mDEBUG[0m [2methereum_transaction_pool_monitor::mempool_monitor[0m[2m:[0m 🔍 Fetching transaction details for: 0xfd74c3657fa7f94c8cc5e16b5d5e02f60d1fbc4df83b8cfb984c58089a09d99e
[2m2025-12-10T10:10:27.373243Z[0m [34mDEBUG[0m [2methereum_transaction_pool_monitor::eth_client[0m[2m:[0m 🔍 Fetching transaction details for hash: 0xfd74c3657fa7f94c8cc5e16b5d5e02f60d1fbc4df83b8cfb984c58089a09d99e
[2m2025-12-10T10:10:27.373252Z[0m [34mDEBUG[0m [2mhyper::client::pool[0m[2m:[0m reuse idle connection for ("http", 192.168.0.14:8545)
[2m2025-12-10T10:10:27.373275Z[0m [34mDEBUG[0m [2mhyper::proto::h1::io[0m[2m:[0m flushed 250 bytes
[2m2025-12-10T10:10:27.373696Z[0m [34mDEBUG[0m [2mhyper::proto::h1::io[0m[2m:[0m parsed 4 headers
[2m2025-12-10T10:10:27.373707Z[0m [34mDEBUG[0m [2mhyper::proto::h1::conn[0m[2m:[0m incoming body is content-length (45 bytes)
[2m2025-12-10T10:10:27.373713Z[0m [34mDEBUG[0m [2mhyper::proto::h1::conn[0m[2m:[0m incoming body completed
[2m2025-12-10T10:10:27.373720Z[0m [34mDEBUG[0m [2mhyper::client::pool[0m[2m:[0m pooling idle connection for ("http", 192.168.0.14:8545)
[2m2025-12-10T10:10:27.378684Z[0m [34mDEBUG[0m [2mhyper::proto::h1::io[0m[2m:[0m parsed 4 headers
[2m2025-12-10T10:10:27.378702Z[0m [34mDEBUG[0m [2mhyper::proto::h1::conn[0m[2m:[0m incoming body is content-length (844 bytes)
[2m2025-12-10T10:10:27.378718Z[0m [34mDEBUG[0m [2mhyper::proto::h1::conn[0m[2m:[0m incoming body completed
[2m2025-12-10T10:10:27.378736Z[0m [34mDEBUG[0m [2mhyper::client::pool[0m[2m:[0m pooling idle connection for ("http", 192.168.0.14:8545)
[2m2025-12-10T10:10:27.378747Z[0m [34mDEBUG[0m [2methereum_transaction_pool_monitor::eth_client[0m[2m:[0m 📡 Transaction fetch RPC completed in 5.500084ms
[2m2025-12-10T10:10:27.378757Z[0m [34mDEBUG[0m [2methereum_transaction_pool_monitor::eth_client[0m[2m:[0m DeFi transaction detected - Address: 0xdac17f958d2ee523a2206206994597c13d831ec7, Type: Stablecoin, Value: 0 ETH, Gas: 0.68 Gwei
[2m2025-12-10T10:10:27.378773Z[0m [34mDEBUG[0m [2methereum_transaction_pool_monitor::eth_client[0m[2m:[0m ✅ Transaction 0xfd74c3657fa7f94c8cc5e16b5d5e02f60d1fbc4df83b8cfb984c58089a09d99e fetched and parsed in 5.526584ms
[2m2025-12-10T10:10:27.378778Z[0m [34mDEBUG[0m [2methereum_transaction_pool_monitor::mempool_monitor[0m[2m:[0m 🔍 Skipping tx 0xfd74c3657fa7f94c8cc5e16b5d5e02f60d1fbc4df83b8cfb984c58089a09d99e - not a DEX interaction (target: 0xdAC17F958D2ee523a2206206994597C13D831ec7)
[2m2025-12-10T10:10:27.378782Z[0m [34mDEBUG[0m [2methereum_transaction_pool_monitor::mempool_monitor[0m[2m:[0m 📨 Processing new pending transaction: 0x6e1c57cf06ad9f2158424a42761444b1c25835163bbf41d7ffa64c44b8da5d59
[2m2025-12-10T10:10:27.378786Z[0m [34mDEBUG[0m [2methereum_transaction_pool_monitor::mempool_monitor[0m[2m:[0m 🔍 Fetching transaction details for: 0x6e1c57cf06ad9f2158424a42761444b1c25835163bbf41d7ffa64c44b8da5d59
[2m2025-12-10T10:10:27.378789Z[0m [34mDEBUG[0m [2methereum_transaction_pool_monitor::eth_client[0m[2m:[0m 🔍 Fetching transaction details for hash: 0x6e1c57cf06ad9f2158424a42761444b1c25835163bbf41d7ffa64c44b8da5d59
[2m2025-12-10T10:10:27.378794Z[0m [34mDEBUG[0m [2mhyper::client::pool[0m[2m:[0m reuse idle connection for ("http", 192.168.0.14:8545)
[2m2025-12-10T10:10:27.378807Z[0m [34mDEBUG[0m [2mhyper::proto::h1::io[0m[2m:[0m flushed 250 bytes
[2m2025-12-10T10:10:27.386512Z[0m [34mDEBUG[0m [2methereum_transaction_pool_monitor::eth_client[0m[2m:[0m 📨 Received WebSocket message: {"jsonrpc":"2.0","method":"eth_subscription","params":{"subscription":"0xbed0a0851463e895960a451075a301a9","result":"0x8e29966e9fd06ce3d84535e0dd66a2cd3ad129bd0d09b373cf3a9d880f227e62"}}
[2m2025-12-10T10:10:27.386513Z[0m [34mDEBUG[0m [2mhyper::proto::h1::io[0m[2m:[0m parsed 4 headers
[2m2025-12-10T10:10:27.386535Z[0m [34mDEBUG[0m [2methereum_transaction_pool_monitor::eth_client[0m[2m:[0m 📨 Received pending transaction: 0x8e29966e9fd06ce3d84535e0dd66a2cd3ad129bd0d09b373cf3a9d880f227e62
[2m2025-12-10T10:10:27.386539Z[0m [34mDEBUG[0m [2mhyper::proto::h1::conn[0m[2m:[0m incoming body is content-length (848 bytes)
[2m2025-12-10T10:10:27.386545Z[0m [34mDEBUG[0m [2mhyper::proto::h1::conn[0m[2m:[0m incoming body completed
[2m2025-12-10T10:10:27.386552Z[0m [34mDEBUG[0m [2mhyper::client::pool[0m[2m:[0m pooling idle connection for ("http", 192.168.0.14:8545)
[2m2025-12-10T10:10:27.386557Z[0m [34mDEBUG[0m [2methereum_transaction_pool_monitor::eth_client[0m[2m:[0m 📡 Transaction fetch RPC completed in 7.765084ms
[2m2025-12-10T10:10:27.398564Z[0m [34mDEBUG[0m [2mhyper::client::pool[0m[2m:[0m reuse idle connection for ("http", 192.168.0.14:8545)
[2m2025-12-10T10:10:27.398620Z[0m [34mDEBUG[0m [2mhyper::proto::h1::io[0m[2m:[0m flushed 172 bytes
[2m2025-12-10T10:10:27.401666Z[0m [34mDEBUG[0m [2mhyper::proto::h1::io[0m[2m:[0m parsed 4 headers
[2m2025-12-10T10:10:27.402020Z[0m [34mDEBUG[0m [2mhyper::proto::h1::conn[0m[2m:[0m incoming body is content-length (45 bytes)
[2m2025-12-10T10:10:27.402026Z[0m [34mDEBUG[0m [2mhyper::proto::h1::conn[0m[2m:[0m incoming body completed
[2m2025-12-10T10:10:27.402033Z[0m [34mDEBUG[0m [2mhyper::client::pool[0m[2m:[0m pooling idle connection for ("http", 192.168.0.14:8545)
[2m2025-12-10T10:10:27.457994Z[0m [34mDEBUG[0m [2methereum_transaction_pool_monitor::eth_client[0m[2m:[0m ✅ Transaction 0x6e1c57cf06ad9f2158424a42761444b1c25835163bbf41d7ffa64c44b8da5d59 fetched and parsed in 79.198834ms
[2m2025-12-10T10:10:27.458021Z[0m [34mDEBUG[0m [2methereum_transaction_pool_monitor::mempool_monitor[0m[2m:[0m 🔍 Skipping tx 0x6e1c57cf06ad9f2158424a42761444b1c25835163bbf41d7ffa64c44b8da5d59 - not a DEX interaction (target: 0xA0b86991c6218b36c1d19D4a2e9Eb0cE3606eB48)
[2m2025-12-10T10:10:27.458032Z[0m [34mDEBUG[0m [2methereum_transaction_pool_monitor::mempool_monitor[0m[2m:[0m 📨 Processing new pending transaction: 0xd3dc6cc3483fe022171e1daa05e5486b664bd0e656cdae8e0a6ba6dccf932a68
[2m2025-12-10T10:10:27.458038Z[0m [34mDEBUG[0m [2methereum_transaction_pool_monitor::mempool_monitor[0m[2m:[0m 🔍 Fetching transaction details for: 0xd3dc6cc3483fe022171e1daa05e5486b664bd0e656cdae8e0a6ba6dccf932a68
[2m2025-12-10T10:10:27.458042Z[0m [34mDEBUG[0m [2methereum_transaction_pool_monitor::eth_client[0m[2m:[0m 🔍 Fetching transaction details for hash: 0xd3dc6cc3483fe022171e1daa05e5486b664bd0e656cdae8e0a6ba6dccf932a68
[2m2025-12-10T10:10:27.458061Z[0m [34mDEBUG[0m [2mhyper::client::pool[0m[2m:[0m reuse idle connection for ("http", 192.168.0.14:8545)
[2m2025-12-10T10:10:27.458097Z[0m [34mDEBUG[0m [2mhyper::proto::h1::io[0m[2m:[0m flushed 250 bytes
[2m2025-12-10T10:10:27.466524Z[0m [34mDEBUG[0m [2methereum_transaction_pool_monitor::eth_client[0m[2m:[0m 📨 Received WebSocket message: {"jsonrpc":"2.0","method":"eth_subscription","params":{"subscription":"0xbed0a0851463e895960a451075a301a9","result":"0x2001c118efac9dd7bc1b7bd084864617028eb405dfb6d92a16a8d609469bd90e"}}
[2m2025-12-10T10:10:27.466532Z[0m [34mDEBUG[0m [2mhyper::proto::h1::io[0m[2m:[0m parsed 4 headers
[2m2025-12-10T10:10:27.468575Z[0m [34mDEBUG[0m [2methereum_transaction_pool_monitor::eth_client[0m[2m:[0m 📨 Received pending transaction: 0x2001c118efac9dd7bc1b7bd084864617028eb405dfb6d92a16a8d609469bd90e
[2m2025-12-10T10:10:27.468585Z[0m [34mDEBUG[0m [2mhyper::proto::h1::conn[0m[2m:[0m incoming body is content-length (7244 bytes)
[2m2025-12-10T10:10:27.468598Z[0m [34mDEBUG[0m [2mhyper::proto::h1::conn[0m[2m:[0m incoming body completed
[2m2025-12-10T10:10:27.468611Z[0m [34mDEBUG[0m [2mhyper::client::pool[0m[2m:[0m pooling idle connection for ("http", 192.168.0.14:8545)
[2m2025-12-10T10:10:27.468622Z[0m [34mDEBUG[0m [2methereum_transaction_pool_monitor::eth_client[0m[2m:[0m 📡 Transaction fetch RPC completed in 10.576375ms
[2m2025-12-10T10:10:27.475364Z[0m [34mDEBUG[0m [2methereum_transaction_pool_monitor::eth_client[0m[2m:[0m 📨 Received WebSocket message: {"jsonrpc":"2.0","method":"eth_subscription","params":{"subscription":"0xbed0a0851463e895960a451075a301a9","result":"0x8e4a2b4750dc52e9b0dddcca2896bed965f4db8a1eeaf24072105e083451e5c8"}}
[2m2025-12-10T10:10:27.475373Z[0m [34mDEBUG[0m [2methereum_transaction_pool_monitor::eth_client[0m[2m:[0m 📨 Received pending transaction: 0x8e4a2b4750dc52e9b0dddcca2896bed965f4db8a1eeaf24072105e083451e5c8
[2m2025-12-10T10:10:27.498403Z[0m [34mDEBUG[0m [2mhyper::client::pool[0m[2m:[0m reuse idle connection for ("http", 192.168.0.14:8545)
[2m2025-12-10T10:10:27.498446Z[0m [34mDEBUG[0m [2mhyper::proto::h1::io[0m[2m:[0m flushed 172 bytes
[2m2025-12-10T10:10:27.501941Z[0m [34mDEBUG[0m [2mhyper::proto::h1::io[0m[2m:[0m parsed 4 headers
[2m2025-12-10T10:10:27.501947Z[0m [34mDEBUG[0m [2mhyper::proto::h1::conn[0m[2m:[0m incoming body is content-length (45 bytes)
[2m2025-12-10T10:10:27.501953Z[0m [34mDEBUG[0m [2mhyper::proto::h1::conn[0m[2m:[0m incoming body completed
[2m2025-12-10T10:10:27.501960Z[0m [34mDEBUG[0m [2mhyper::client::pool[0m[2m:[0m pooling idle connection for ("http", 192.168.0.14:8545)
[2m2025-12-10T10:10:27.540316Z[0m [34mDEBUG[0m [2methereum_transaction_pool_monitor::eth_client[0m[2m:[0m ✅ Transaction 0xd3dc6cc3483fe022171e1daa05e5486b664bd0e656cdae8e0a6ba6dccf932a68 fetched and parsed in 82.268292ms
[2m2025-12-10T10:10:27.540338Z[0m [34mDEBUG[0m [2methereum_transaction_pool_monitor::mempool_monitor[0m[2m:[0m 🔍 Skipping tx 0xd3dc6cc3483fe022171e1daa05e5486b664bd0e656cdae8e0a6ba6dccf932a68 - not a DEX interaction (target: 0xF6801D319497789f934ec7F83E142a9536312B08)
[2m2025-12-10T10:10:27.540347Z[0m [34mDEBUG[0m [2methereum_transaction_pool_monitor::mempool_monitor[0m[2m:[0m 📨 Processing new pending transaction: 0x7be433aa7dc6bf48f5a1e34bc6f889789a128b0dfeb92b785b9ade8809ace8e6
[2m2025-12-10T10:10:27.540353Z[0m [34mDEBUG[0m [2methereum_transaction_pool_monitor::mempool_monitor[0m[2m:[0m 🔍 Fetching transaction details for: 0x7be433aa7dc6bf48f5a1e34bc6f889789a128b0dfeb92b785b9ade8809ace8e6
[2m2025-12-10T10:10:27.540358Z[0m [34mDEBUG[0m [2methereum_transaction_pool_monitor::eth_client[0m[2m:[0m 🔍 Fetching transaction details for hash: 0x7be433aa7dc6bf48f5a1e34bc6f889789a128b0dfeb92b785b9ade8809ace8e6
[2m2025-12-10T10:10:27.540373Z[0m [34mDEBUG[0m [2mhyper::client::pool[0m[2m:[0m reuse idle connection for ("http", 192.168.0.14:8545)
[2m2025-12-10T10:10:27.540416Z[0m [34mDEBUG[0m [2mhyper::proto::h1::io[0m[2m:[0m flushed 250 bytes
[2m2025-12-10T10:10:27.548855Z[0m [34mDEBUG[0m [2mhyper::proto::h1::io[0m[2m:[0m parsed 4 headers
[2m2025-12-10T10:10:27.548859Z[0m [34mDEBUG[0m [2mhyper::proto::h1::conn[0m[2m:[0m incoming body is content-length (847 bytes)
[2m2025-12-10T10:10:27.548865Z[0m [34mDEBUG[0m [2mhyper::proto::h1::conn[0m[2m:[0m incoming body completed
[2m2025-12-10T10:10:27.548872Z[0m [34mDEBUG[0m [2mhyper::client::pool[0m[2m:[0m pooling idle connection for ("http", 192.168.0.14:8545)
[2m2025-12-10T10:10:27.548877Z[0m [34mDEBUG[0m [2methereum_transaction_pool_monitor::eth_client[0m[2m:[0m 📡 Transaction fetch RPC completed in 8.514708ms
[2m2025-12-10T10:10:27.618400Z[0m [34mDEBUG[0m [2methereum_transaction_pool_monitor::eth_client[0m[2m:[0m ✅ Transaction 0x7be433aa7dc6bf48f5a1e34bc6f889789a128b0dfeb92b785b9ade8809ace8e6 fetched and parsed in 78.036291ms
[2m2025-12-10T10:10:27.618430Z[0m [34mDEBUG[0m [2methereum_transaction_pool_monitor::mempool_monitor[0m[2m:[0m 🔍 Skipping tx 0x7be433aa7dc6bf48f5a1e34bc6f889789a128b0dfeb92b785b9ade8809ace8e6 - not a DEX interaction (target: 0xA0b86991c6218b36c1d19D4a2e9Eb0cE3606eB48)
[2m2025-12-10T10:10:27.618440Z[0m [34mDEBUG[0m [2methereum_transaction_pool_monitor::mempool_monitor[0m[2m:[0m 📨 Processing new pending transaction: 0xebbf40fdbab28591357f90bc3d6cdd42ba72405c3a8962c22382e9d9e776a0dd
[2m2025-12-10T10:10:27.618448Z[0m [34mDEBUG[0m [2methereum_transaction_pool_monitor::mempool_monitor[0m[2m:[0m 🔍 Fetching transaction details for: 0xebbf40fdbab28591357f90bc3d6cdd42ba72405c3a8962c22382e9d9e776a0dd
[2m2025-12-10T10:10:27.618452Z[0m [34mDEBUG[0m [2methereum_transaction_pool_monitor::eth_client[0m[2m:[0m 🔍 Fetching transaction details for hash: 0xebbf40fdbab28591357f90bc3d6cdd42ba72405c3a8962c22382e9d9e776a0dd
[2m2025-12-10T10:10:27.618473Z[0m [34mDEBUG[0m [2mhyper::client::pool[0m[2m:[0m reuse idle connection for ("http", 192.168.0.14:8545)
[2m2025-12-10T10:10:27.618509Z[0m [34mDEBUG[0m [2mhyper::proto::h1::io[0m[2m:[0m flushed 250 bytes
[2m2025-12-10T10:10:27.618538Z[0m [34mDEBUG[0m [2mhyper::client::pool[0m[2m:[0m reuse idle connection for ("http", 192.168.0.14:8545)
[2m2025-12-10T10:10:27.618553Z[0m [34mDEBUG[0m [2mhyper::proto::h1::io[0m[2m:[0m flushed 172 bytes
[2m2025-12-10T10:10:27.623049Z[0m [34mDEBUG[0m [2mhyper::proto::h1::io[0m[2m:[0m parsed 4 headers
[2m2025-12-10T10:10:27.623055Z[0m [34mDEBUG[0m [2mhyper::proto::h1::conn[0m[2m:[0m incoming body is content-length (844 bytes)
[2m2025-12-10T10:10:27.623061Z[0m [34mDEBUG[0m [2mhyper::proto::h1::conn[0m[2m:[0m incoming body completed
[2m2025-12-10T10:10:27.623068Z[0m [34mDEBUG[0m [2mhyper::client::pool[0m[2m:[0m pooling idle connection for ("http", 192.168.0.14:8545)
[2m2025-12-10T10:10:27.623074Z[0m [34mDEBUG[0m [2methereum_transaction_pool_monitor::eth_client[0m[2m:[0m 📡 Transaction fetch RPC completed in 4.617709ms
[2m2025-12-10T10:10:27.694250Z[0m [34mDEBUG[0m [2methereum_transaction_pool_monitor::eth_client[0m[2m:[0m ✅ Transaction 0xebbf40fdbab28591357f90bc3d6cdd42ba72405c3a8962c22382e9d9e776a0dd fetched and parsed in 75.791625ms
[2m2025-12-10T10:10:27.694278Z[0m [34mDEBUG[0m [2methereum_transaction_pool_monitor::mempool_monitor[0m[2m:[0m 🔍 Skipping tx 0xebbf40fdbab28591357f90bc3d6cdd42ba72405c3a8962c22382e9d9e776a0dd - not a DEX interaction (target: 0xB8f28C60dD8240141185a192fa4156A23E189305)
[2m2025-12-10T10:10:27.694288Z[0m [34mDEBUG[0m [2methereum_transaction_pool_monitor::mempool_monitor[0m[2m:[0m 📨 Processing new pending transaction: 0xace8a82c6f11adb46740b8e9e37fb27f2376eec102dcee4b19b06b994e898f4c
[2m2025-12-10T10:10:27.694293Z[0m [34mDEBUG[0m [2methereum_transaction_pool_monitor::mempool_monitor[0m[2m:[0m 🔍 Fetching transaction details for: 0xace8a82c6f11adb46740b8e9e37fb27f2376eec102dcee4b19b06b994e898f4c
[2m2025-12-10T10:10:27.694297Z[0m [34mDEBUG[0m [2methereum_transaction_pool_monitor::eth_client[0m[2m:[0m 🔍 Fetching transaction details for hash: 0xace8a82c6f11adb46740b8e9e37fb27f2376eec102dcee4b19b06b994e898f4c
[2m2025-12-10T10:10:27.694314Z[0m [34mDEBUG[0m [2mhyper::client::pool[0m[2m:[0m reuse idle connection for ("http", 192.168.0.14:8545)
[2m2025-12-10T10:10:27.694346Z[0m [34mDEBUG[0m [2mhyper::proto::h1::io[0m[2m:[0m flushed 250 bytes
[2m2025-12-10T10:10:27.694365Z[0m [34mDEBUG[0m [2methereum_transaction_pool_monitor::eth_client[0m[2m:[0m 📨 Received WebSocket message: {"jsonrpc":"2.0","method":"eth_subscription","params":{"subscription":"0xbed0a0851463e895960a451075a301a9","result":"0xee0fd78f5188ef1166dcd3f1f553b6bbb5fcd3bbcb6855506531089841593028"}}
[2m2025-12-10T10:10:27.694373Z[0m [34mDEBUG[0m [2mhyper::proto::h1::io[0m[2m:[0m parsed 4 headers
[2m2025-12-10T10:10:27.694456Z[0m [34mDEBUG[0m [2methereum_transaction_pool_monitor::eth_client[0m[2m:[0m 📨 Received pending transaction: 0xee0fd78f5188ef1166dcd3f1f553b6bbb5fcd3bbcb6855506531089841593028
[2m2025-12-10T10:10:27.694459Z[0m [34mDEBUG[0m [2mhyper::proto::h1::conn[0m[2m:[0m incoming body is content-length (45 bytes)
[2m2025-12-10T10:10:27.694469Z[0m [34mDEBUG[0m [2methereum_transaction_pool_monitor::eth_client[0m[2m:[0m 📨 Received WebSocket message: {"jsonrpc":"2.0","method":"eth_subscription","params":{"subscription":"0xbed0a0851463e895960a451075a301a9","result":"0xc63ed8a856ce4b49b0ed356c5ada3a9f870b6d4929582177587e4db2dce26d4a"}}
[2m2025-12-10T10:10:27.694476Z[0m [34mDEBUG[0m [2mhyper::proto::h1::conn[0m[2m:[0m incoming body completed
[2m2025-12-10T10:10:27.694478Z[0m [34mDEBUG[0m [2methereum_transaction_pool_monitor::eth_client[0m[2m:[0m 📨 Received pending transaction: 0xc63ed8a856ce4b49b0ed356c5ada3a9f870b6d4929582177587e4db2dce26d4a
[2m2025-12-10T10:10:27.694486Z[0m [34mDEBUG[0m [2methereum_transaction_pool_monitor::eth_client[0m[2m:[0m 📨 Received WebSocket message: {"jsonrpc":"2.0","method":"eth_subscription","params":{"subscription":"0xbed0a0851463e895960a451075a301a9","result":"0xf340aa3284d757729d3927336f90ddcfe14bc2dea93d6e85ebaab3f6e6caf4b5"}}
[2m2025-12-10T10:10:27.694486Z[0m [34mDEBUG[0m [2mhyper::client::pool[0m[2m:[0m pooling idle connection for ("http", 192.168.0.14:8545)
[2m2025-12-10T10:10:27.694495Z[0m [34mDEBUG[0m [2methereum_transaction_pool_monitor::eth_client[0m[2m:[0m 📨 Received pending transaction: 0xf340aa3284d757729d3927336f90ddcfe14bc2dea93d6e85ebaab3f6e6caf4b5
[2m2025-12-10T10:10:27.697051Z[0m [34mDEBUG[0m [2mhyper::client::pool[0m[2m:[0m reuse idle connection for ("http", 192.168.0.14:8545)
[2m2025-12-10T10:10:27.697099Z[0m [34mDEBUG[0m [2mhyper::proto::h1::io[0m[2m:[0m flushed 172 bytes
[2m2025-12-10T10:10:27.697892Z[0m [34mDEBUG[0m [2mhyper::proto::h1::io[0m[2m:[0m parsed 4 headers
[2m2025-12-10T10:10:27.697897Z[0m [34mDEBUG[0m [2mhyper::proto::h1::conn[0m[2m:[0m incoming body is content-length (713 bytes)
[2m2025-12-10T10:10:27.697901Z[0m [34mDEBUG[0m [2mhyper::proto::h1::conn[0m[2m:[0m incoming body completed
[2m2025-12-10T10:10:27.697906Z[0m [34mDEBUG[0m [2mhyper::client::pool[0m[2m:[0m pooling idle connection for ("http", 192.168.0.14:8545)
[2m2025-12-10T10:10:27.697910Z[0m [34mDEBUG[0m [2methereum_transaction_pool_monitor::eth_client[0m[2m:[0m 📡 Transaction fetch RPC completed in 3.608666ms
[2m2025-12-10T10:10:27.768172Z[0m [34mDEBUG[0m [2methereum_transaction_pool_monitor::eth_client[0m[2m:[0m ✅ Transaction 0xace8a82c6f11adb46740b8e9e37fb27f2376eec102dcee4b19b06b994e898f4c fetched and parsed in 73.868958ms
[2m2025-12-10T10:10:27.768201Z[0m [34mDEBUG[0m [2methereum_transaction_pool_monitor::mempool_monitor[0m[2m:[0m 🔍 Skipping tx 0xace8a82c6f11adb46740b8e9e37fb27f2376eec102dcee4b19b06b994e898f4c - not a DEX interaction (target: 0xf6A60096Cac9D49505d3e5463737994f47a5b3c1)
[2m2025-12-10T10:10:27.768209Z[0m [34mDEBUG[0m [2methereum_transaction_pool_monitor::mempool_monitor[0m[2m:[0m 📨 Processing new pending transaction: 0xd8123a87fc243c3f1b5a6eb355a9328ef24bc42812266d9aeea9a148427fb499
[2m2025-12-10T10:10:27.768215Z[0m [34mDEBUG[0m [2methereum_transaction_pool_monitor::mempool_monitor[0m[2m:[0m 🔍 Fetching transaction details for: 0xd8123a87fc243c3f1b5a6eb355a9328ef24bc42812266d9aeea9a148427fb499
[2m2025-12-10T10:10:27.768219Z[0m [34mDEBUG[0m [2methereum_transaction_pool_monitor::eth_client[0m[2m:[0m 🔍 Fetching transaction details for hash: 0xd8123a87fc243c3f1b5a6eb355a9328ef24bc42812266d9aeea9a148427fb499
[2m2025-12-10T10:10:27.768235Z[0m [34mDEBUG[0m [2mhyper::client::pool[0m[2m:[0m reuse idle connection for ("http", 192.168.0.14:8545)
[2m2025-12-10T10:10:27.768286Z[0m [34mDEBUG[0m [2mhyper::proto::h1::io[0m[2m:[0m flushed 250 bytes
[2m2025-12-10T10:10:27.768306Z[0m [34mDEBUG[0m [2methereum_transaction_pool_monitor::eth_client[0m[2m:[0m 📨 Received WebSocket message: {"jsonrpc":"2.0","method":"eth_subscription","params":{"subscription":"0xbed0a0851463e895960a451075a301a9","result":"0x66a58200620ab243cfe040cca39038293259358bf192b217cfd69ec63317337a"}}
[2m2025-12-10T10:10:27.768312Z[0m [34mDEBUG[0m [2methereum_transaction_pool_monitor::eth_client[0m[2m:[0m 📨 Received pending transaction: 0x66a58200620ab243cfe040cca39038293259358bf192b217cfd69ec63317337a
[2m2025-12-10T10:10:27.768314Z[0m [34mDEBUG[0m [2mhyper::proto::h1::io[0m[2m:[0m parsed 4 headers
[2m2025-12-10T10:10:27.768322Z[0m [34mDEBUG[0m [2mhyper::proto::h1::conn[0m[2m:[0m incoming body is content-length (45 bytes)
[2m2025-12-10T10:10:27.768328Z[0m [34mDEBUG[0m [2mhyper::proto::h1::conn[0m[2m:[0m incoming body completed
[2m2025-12-10T10:10:27.768336Z[0m [34mDEBUG[0m [2mhyper::client::pool[0m[2m:[0m pooling idle connection for ("http", 192.168.0.14:8545)
[2m2025-12-10T10:10:27.774661Z[0m [34mDEBUG[0m [2mhyper::proto::h1::io[0m[2m:[0m parsed 4 headers
[2m2025-12-10T10:10:27.774701Z[0m [34mDEBUG[0m [2mhyper::proto::h1::conn[0m[2m:[0m incoming body is content-length (848 bytes)
[2m2025-12-10T10:10:27.774712Z[0m [34mDEBUG[0m [2mhyper::proto::h1::conn[0m[2m:[0m incoming body completed
[2m2025-12-10T10:10:27.774735Z[0m [34mDEBUG[0m [2mhyper::client::pool[0m[2m:[0m pooling idle connection for ("http", 192.168.0.14:8545)
[2m2025-12-10T10:10:27.774741Z[0m [34mDEBUG[0m [2methereum_transaction_pool_monitor::eth_client[0m[2m:[0m 📡 Transaction fetch RPC completed in 6.516666ms
[2m2025-12-10T10:10:27.846161Z[0m [34mDEBUG[0m [2methereum_transaction_pool_monitor::eth_client[0m[2m:[0m ✅ Transaction 0xd8123a87fc243c3f1b5a6eb355a9328ef24bc42812266d9aeea9a148427fb499 fetched and parsed in 77.935666ms
[2m2025-12-10T10:10:27.846186Z[0m [34mDEBUG[0m [2methereum_transaction_pool_monitor::mempool_monitor[0m[2m:[0m 🔍 Skipping tx 0xd8123a87fc243c3f1b5a6eb355a9328ef24bc42812266d9aeea9a148427fb499 - not a DEX interaction (target: 0xA0b86991c6218b36c1d19D4a2e9Eb0cE3606eB48)
[2m2025-12-10T10:10:27.846197Z[0m [34mDEBUG[0m [2methereum_transaction_pool_monitor::mempool_monitor[0m[2m:[0m 📨 Processing new pending transaction: 0xea0066270cfb8fbe76450489bc84491d3196052234fb00dad73e17302800361e
[2m2025-12-10T10:10:27.846202Z[0m [34mDEBUG[0m [2methereum_transaction_pool_monitor::mempool_monitor[0m[2m:[0m 🔍 Fetching transaction details for: 0xea0066270cfb8fbe76450489bc84491d3196052234fb00dad73e17302800361e
[2m2025-12-10T10:10:27.846207Z[0m [34mDEBUG[0m [2methereum_transaction_pool_monitor::eth_client[0m[2m:[0m 🔍 Fetching transaction details for hash: 0xea0066270cfb8fbe76450489bc84491d3196052234fb00dad73e17302800361e
[2m2025-12-10T10:10:27.846223Z[0m [34mDEBUG[0m [2mhyper::client::pool[0m[2m:[0m reuse idle connection for ("http", 192.168.0.14:8545)
[2m2025-12-10T10:10:27.846270Z[0m [34mDEBUG[0m [2mhyper::proto::h1::io[0m[2m:[0m flushed 250 bytes
[2m2025-12-10T10:10:27.846292Z[0m [34mDEBUG[0m [2mhyper::client::pool[0m[2m:[0m reuse idle connection for ("http", 192.168.0.14:8545)
[2m2025-12-10T10:10:27.846306Z[0m [34mDEBUG[0m [2methereum_transaction_pool_monitor::eth_client[0m[2m:[0m 📨 Received WebSocket message: {"jsonrpc":"2.0","method":"eth_subscription","params":{"subscription":"0xbed0a0851463e895960a451075a301a9","result":"0xe3af7b811898776880e316bfb5e0afb9f149897c2d90a7c4517fbd8f771da8fa"}}
[2m2025-12-10T10:10:27.846311Z[0m [34mDEBUG[0m [2mhyper::proto::h1::io[0m[2m:[0m flushed 172 bytes
[2m2025-12-10T10:10:27.846318Z[0m [34mDEBUG[0m [2methereum_transaction_pool_monitor::eth_client[0m[2m:[0m 📨 Received pending transaction: 0xe3af7b811898776880e316bfb5e0afb9f149897c2d90a7c4517fbd8f771da8fa
[2m2025-12-10T10:10:27.846326Z[0m [34mDEBUG[0m [2methereum_transaction_pool_monitor::eth_client[0m[2m:[0m 📨 Received WebSocket message: {"jsonrpc":"2.0","method":"eth_subscription","params":{"subscription":"0xbed0a0851463e895960a451075a301a9","result":"0xc741d724f880c27bee30f72f164b0059560d012bc2235a58241f175561555605"}}
[2m2025-12-10T10:10:27.846333Z[0m [34mDEBUG[0m [2methereum_transaction_pool_monitor::eth_client[0m[2m:[0m 📨 Received pending transaction: 0xc741d724f880c27bee30f72f164b0059560d012bc2235a58241f175561555605
[2m2025-12-10T10:10:27.846337Z[0m [34mDEBUG[0m [2methereum_transaction_pool_monitor::eth_client[0m[2m:[0m 📨 Received WebSocket message: {"jsonrpc":"2.0","method":"eth_subscription","params":{"subscription":"0xbed0a0851463e895960a451075a301a9","result":"0x1f1088030730bb09cadf3658b68836ea15ec94b5e1c70816a736a103ebd9bdba"}}
[2m2025-12-10T10:10:27.846342Z[0m [34mDEBUG[0m [2methereum_transaction_pool_monitor::eth_client[0m[2m:[0m 📨 Received pending transaction: 0x1f1088030730bb09cadf3658b68836ea15ec94b5e1c70816a736a103ebd9bdba
[2m2025-12-10T10:10:27.851267Z[0m [34mDEBUG[0m [2mhyper::proto::h1::io[0m[2m:[0m parsed 4 headers
[2m2025-12-10T10:10:27.851288Z[0m [34mDEBUG[0m [2mhyper::proto::h1::conn[0m[2m:[0m incoming body is content-length (778 bytes)
[2m2025-12-10T10:10:27.851310Z[0m [34mDEBUG[0m [2mhyper::proto::h1::conn[0m[2m:[0m incoming body completed
[2m2025-12-10T10:10:27.851327Z[0m [34mDEBUG[0m [2mhyper::client::pool[0m[2m:[0m pooling idle connection for ("http", 192.168.0.14:8545)
[2m2025-12-10T10:10:27.851334Z[0m [34mDEBUG[0m [2methereum_transaction_pool_monitor::eth_client[0m[2m:[0m 📡 Transaction fetch RPC completed in 5.122708ms
[2m2025-12-10T10:10:27.922410Z[0m [34mDEBUG[0m [2methereum_transaction_pool_monitor::eth_client[0m[2m:[0m ✅ Transaction 0xea0066270cfb8fbe76450489bc84491d3196052234fb00dad73e17302800361e fetched and parsed in 76.197791ms
[2m2025-12-10T10:10:27.922439Z[0m [34mDEBUG[0m [2methereum_transaction_pool_monitor::mempool_monitor[0m[2m:[0m 🔍 Skipping tx 0xea0066270cfb8fbe76450489bc84491d3196052234fb00dad73e17302800361e - not a DEX interaction (target: 0xA0b86991c6218b36c1d19D4a2e9Eb0cE3606eB48)
[2m2025-12-10T10:10:27.922449Z[0m [34mDEBUG[0m [2methereum_transaction_pool_monitor::mempool_monitor[0m[2m:[0m 📨 Processing new pending transaction: 0xc370e2bf695cb32b899c67c8c6f7bdb9ab358e300e58812465b91939f91bd32a
[2m2025-12-10T10:10:27.922455Z[0m [34mDEBUG[0m [2methereum_transaction_pool_monitor::mempool_monitor[0m[2m:[0m 🔍 Fetching transaction details for: 0xc370e2bf695cb32b899c67c8c6f7bdb9ab358e300e58812465b91939f91bd32a
[2m2025-12-10T10:10:27.922459Z[0m [34mDEBUG[0m [2methereum_transaction_pool_monitor::eth_client[0m[2m:[0m 🔍 Fetching transaction details for hash: 0xc370e2bf695cb32b899c67c8c6f7bdb9ab358e300e58812465b91939f91bd32a
[2m2025-12-10T10:10:27.922478Z[0m [34mDEBUG[0m [2mhyper::client::pool[0m[2m:[0m reuse idle connection for ("http", 192.168.0.14:8545)
[2m2025-12-10T10:10:27.922514Z[0m [34mDEBUG[0m [2mhyper::proto::h1::io[0m[2m:[0m flushed 250 bytes
[2m2025-12-10T10:10:27.922531Z[0m [34mDEBUG[0m [2mhyper::proto::h1::io[0m[2m:[0m parsed 4 headers
[2m2025-12-10T10:10:27.922535Z[0m [34mDEBUG[0m [2mhyper::proto::h1::conn[0m[2m:[0m incoming body is content-length (45 bytes)
[2m2025-12-10T10:10:27.922548Z[0m [34mDEBUG[0m [2mhyper::proto::h1::conn[0m[2m:[0m incoming body completed
[2m2025-12-10T10:10:27.922562Z[0m [34mDEBUG[0m [2mhyper::client::pool[0m[2m:[0m pooling idle connection for ("http", 192.168.0.14:8545)
[2m2025-12-10T10:10:27.922580Z[0m [34mDEBUG[0m [2mhyper::client::pool[0m[2m:[0m reuse idle connection for ("http", 192.168.0.14:8545)
[2m2025-12-10T10:10:27.922599Z[0m [34mDEBUG[0m [2mhyper::proto::h1::io[0m[2m:[0m flushed 172 bytes
[2m2025-12-10T10:10:27.926527Z[0m [34mDEBUG[0m [2mhyper::proto::h1::io[0m[2m:[0m parsed 4 headers
[2m2025-12-10T10:10:27.926548Z[0m [34mDEBUG[0m [2mhyper::proto::h1::conn[0m[2m:[0m incoming body is content-length (45 bytes)
[2m2025-12-10T10:10:27.926565Z[0m [34mDEBUG[0m [2mhyper::proto::h1::conn[0m[2m:[0m incoming body completed
[2m2025-12-10T10:10:27.926578Z[0m [34mDEBUG[0m [2mhyper::client::pool[0m[2m:[0m pooling idle connection for ("http", 192.168.0.14:8545)
[2m2025-12-10T10:10:27.930372Z[0m [34mDEBUG[0m [2mhyper::proto::h1::io[0m[2m:[0m parsed 4 headers
[2m2025-12-10T10:10:27.930390Z[0m [34mDEBUG[0m [2mhyper::proto::h1::conn[0m[2m:[0m incoming body is content-length (775 bytes)
[2m2025-12-10T10:10:27.930406Z[0m [34mDEBUG[0m [2mhyper::proto::h1::conn[0m[2m:[0m incoming body completed
[2m2025-12-10T10:10:27.930424Z[0m [34mDEBUG[0m [2mhyper::client::pool[0m[2m:[0m pooling idle connection for ("http", 192.168.0.14:8545)
[2m2025-12-10T10:10:27.930428Z[0m [34mDEBUG[0m [2methereum_transaction_pool_monitor::eth_client[0m[2m:[0m 📡 Transaction fetch RPC completed in 7.965375ms
[2m2025-12-10T10:10:28.001159Z[0m [34mDEBUG[0m [2methereum_transaction_pool_monitor::eth_client[0m[2m:[0m ✅ Transaction 0xc370e2bf695cb32b899c67c8c6f7bdb9ab358e300e58812465b91939f91bd32a fetched and parsed in 78.6935ms
[2m2025-12-10T10:10:28.001184Z[0m [34mDEBUG[0m [2methereum_transaction_pool_monitor::mempool_monitor[0m[2m:[0m 🔍 Skipping tx 0xc370e2bf695cb32b899c67c8c6f7bdb9ab358e300e58812465b91939f91bd32a - not a DEX interaction (target: 0xA0b86991c6218b36c1d19D4a2e9Eb0cE3606eB48)
[2m2025-12-10T10:10:28.001194Z[0m [34mDEBUG[0m [2methereum_transaction_pool_monitor::mempool_monitor[0m[2m:[0m 📨 Processing new pending transaction: 0x514ca5141a256466520440cfaa0a9084782f2c09d991fee2926dd25cf6d15b75
[2m2025-12-10T10:10:28.001200Z[0m [34mDEBUG[0m [2methereum_transaction_pool_monitor::mempool_monitor[0m[2m:[0m 🔍 Fetching transaction details for: 0x514ca5141a256466520440cfaa0a9084782f2c09d991fee2926dd25cf6d15b75
[2m2025-12-10T10:10:28.001204Z[0m [34mDEBUG[0m [2methereum_transaction_pool_monitor::eth_client[0m[2m:[0m 🔍 Fetching transaction details for hash: 0x514ca5141a256466520440cfaa0a9084782f2c09d991fee2926dd25cf6d15b75
[2m2025-12-10T10:10:28.001223Z[0m [34mDEBUG[0m [2mhyper::client::pool[0m[2m:[0m reuse idle connection for ("http", 192.168.0.14:8545)
[2m2025-12-10T10:10:28.001262Z[0m [34mDEBUG[0m [2mhyper::proto::h1::io[0m[2m:[0m flushed 250 bytes
[2m2025-12-10T10:10:28.001282Z[0m [34mDEBUG[0m [2mhyper::client::pool[0m[2m:[0m reuse idle connection for ("http", 192.168.0.14:8545)
[2m2025-12-10T10:10:28.001297Z[0m [34mDEBUG[0m [2mhyper::proto::h1::io[0m[2m:[0m flushed 172 bytes
[2m2025-12-10T10:10:28.001298Z[0m [34mDEBUG[0m [2methereum_transaction_pool_monitor::eth_client[0m[2m:[0m 📨 Received WebSocket message: {"jsonrpc":"2.0","method":"eth_subscription","params":{"subscription":"0xbed0a0851463e895960a451075a301a9","result":"0xd050c5c57dabf8728444a088f9181f07413841fbee0a29d318ebfdaefc94f0a4"}}
[2m2025-12-10T10:10:28.001311Z[0m [34mDEBUG[0m [2methereum_transaction_pool_monitor::eth_client[0m[2m:[0m 📨 Received pending transaction: 0xd050c5c57dabf8728444a088f9181f07413841fbee0a29d318ebfdaefc94f0a4
[2m2025-12-10T10:10:28.007723Z[0m [34mDEBUG[0m [2mhyper::proto::h1::io[0m[2m:[0m parsed 4 headers
[2m2025-12-10T10:10:28.007728Z[0m [34mDEBUG[0m [2mhyper::proto::h1::conn[0m[2m:[0m incoming body is content-length (551 bytes)
[2m2025-12-10T10:10:28.007733Z[0m [34mDEBUG[0m [2mhyper::proto::h1::conn[0m[2m:[0m incoming body completed
[2m2025-12-10T10:10:28.007739Z[0m [34mDEBUG[0m [2mhyper::client::pool[0m[2m:[0m pooling idle connection for ("http", 192.168.0.14:8545)
[2m2025-12-10T10:10:28.007745Z[0m [34mDEBUG[0m [2methereum_transaction_pool_monitor::eth_client[0m[2m:[0m 📡 Transaction fetch RPC completed in 6.537333ms
[2m2025-12-10T10:10:28.077740Z[0m [34mDEBUG[0m [2methereum_transaction_pool_monitor::eth_client[0m[2m:[0m ✅ Transaction 0x514ca5141a256466520440cfaa0a9084782f2c09d991fee2926dd25cf6d15b75 fetched and parsed in 76.530625ms
[2m2025-12-10T10:10:28.077864Z[0m [34mDEBUG[0m [2methereum_transaction_pool_monitor::mempool_monitor[0m[2m:[0m 🔍 Skipping tx 0x514ca5141a256466520440cfaa0a9084782f2c09d991fee2926dd25cf6d15b75 - not a DEX interaction (target: 0x3a09C40f8f7B93c8C7e09A5422e56DFe7c7d2794)
[2m2025-12-10T10:10:28.077880Z[0m [34mDEBUG[0m [2methereum_transaction_pool_monitor::mempool_monitor[0m[2m:[0m 📨 Processing new pending transaction: 0xa366ff4946963cf5f7813fa5ddf1bef7e999afc35708351e08817ee11610f098
[2m2025-12-10T10:10:28.077887Z[0m [34mDEBUG[0m [2methereum_transaction_pool_monitor::mempool_monitor[0m[2m:[0m 🔍 Fetching transaction details for: 0xa366ff4946963cf5f7813fa5ddf1bef7e999afc35708351e08817ee11610f098
[2m2025-12-10T10:10:28.077891Z[0m [34mDEBUG[0m [2methereum_transaction_pool_monitor::eth_client[0m[2m:[0m 🔍 Fetching transaction details for hash: 0xa366ff4946963cf5f7813fa5ddf1bef7e999afc35708351e08817ee11610f098
[2m2025-12-10T10:10:28.077912Z[0m [34mDEBUG[0m [2mhyper::client::pool[0m[2m:[0m reuse idle connection for ("http", 192.168.0.14:8545)
[2m2025-12-10T10:10:28.077949Z[0m [34mDEBUG[0m [2mhyper::proto::h1::io[0m[2m:[0m flushed 250 bytes
[2m2025-12-10T10:10:28.077975Z[0m [34mDEBUG[0m [2mhyper::proto::h1::io[0m[2m:[0m parsed 4 headers
[2m2025-12-10T10:10:28.077983Z[0m [34mDEBUG[0m [2mhyper::proto::h1::conn[0m[2m:[0m incoming body is content-length (45 bytes)
[2m2025-12-10T10:10:28.077974Z[0m [34mDEBUG[0m [2methereum_transaction_pool_monitor::eth_client[0m[2m:[0m 📨 Received WebSocket message: {"jsonrpc":"2.0","method":"eth_subscription","params":{"subscription":"0xbed0a0851463e895960a451075a301a9","result":"0xd83133c50fb010b3951a341673f71097e16592304ba621bf349611b4cdb2dff0"}}
[2m2025-12-10T10:10:28.077992Z[0m [34mDEBUG[0m [2mhyper::proto::h1::conn[0m[2m:[0m incoming body completed
[2m2025-12-10T10:10:28.077998Z[0m [34mDEBUG[0m [2methereum_transaction_pool_monitor::eth_client[0m[2m:[0m 📨 Received pending transaction: 0xd83133c50fb010b3951a341673f71097e16592304ba621bf349611b4cdb2dff0
[2m2025-12-10T10:10:28.078004Z[0m [34mDEBUG[0m [2mhyper::client::pool[0m[2m:[0m pooling idle connection for ("http", 192.168.0.14:8545)
[2m2025-12-10T10:10:28.078004Z[0m [34mDEBUG[0m [2methereum_transaction_pool_monitor::eth_client[0m[2m:[0m 📨 Received WebSocket message: {"jsonrpc":"2.0","method":"eth_subscription","params":{"subscription":"0xbed0a0851463e895960a451075a301a9","result":"0xfc0ca38cc4f3880f4954988f0686ddcf0ff5fbf57ff437e2fa0fcef7d98a83e2"}}
[2m2025-12-10T10:10:28.078022Z[0m [34mDEBUG[0m [2methereum_transaction_pool_monitor::eth_client[0m[2m:[0m 📨 Received pending transaction: 0xfc0ca38cc4f3880f4954988f0686ddcf0ff5fbf57ff437e2fa0fcef7d98a83e2
[2m2025-12-10T10:10:28.082552Z[0m [34mDEBUG[0m [2mhyper::proto::h1::io[0m[2m:[0m parsed 4 headers
[2m2025-12-10T10:10:28.082573Z[0m [34mDEBUG[0m [2mhyper::proto::h1::conn[0m[2m:[0m incoming body is content-length (654 bytes)
[2m2025-12-10T10:10:28.082590Z[0m [34mDEBUG[0m [2mhyper::proto::h1::conn[0m[2m:[0m incoming body completed
[2m2025-12-10T10:10:28.082615Z[0m [34mDEBUG[0m [2mhyper::client::pool[0m[2m:[0m pooling idle connection for ("http", 192.168.0.14:8545)
[2m2025-12-10T10:10:28.082619Z[0m [34mDEBUG[0m [2methereum_transaction_pool_monitor::eth_client[0m[2m:[0m 📡 Transaction fetch RPC completed in 4.723792ms
[2m2025-12-10T10:10:28.153459Z[0m [34mDEBUG[0m [2methereum_transaction_pool_monitor::eth_client[0m[2m:[0m ✅ Transaction 0xa366ff4946963cf5f7813fa5ddf1bef7e999afc35708351e08817ee11610f098 fetched and parsed in 75.561334ms
[2m2025-12-10T10:10:28.153484Z[0m [34mDEBUG[0m [2methereum_transaction_pool_monitor::mempool_monitor[0m[2m:[0m 🔍 Skipping tx 0xa366ff4946963cf5f7813fa5ddf1bef7e999afc35708351e08817ee11610f098 - not a DEX interaction (target: 0x8e2208810E8eeC9FAf1E9278FA3DeA12341BF7C2)
[2m2025-12-10T10:10:28.153494Z[0m [34mDEBUG[0m [2methereum_transaction_pool_monitor::mempool_monitor[0m[2m:[0m 📨 Processing new pending transaction: 0x2990f0e7a0f1a1b8c5ef080fc88375cf1bcb3158cf5d632530e522e20eb67a60
[2m2025-12-10T10:10:28.153500Z[0m [34mDEBUG[0m [2methereum_transaction_pool_monitor::mempool_monitor[0m[2m:[0m 🔍 Fetching transaction details for: 0x2990f0e7a0f1a1b8c5ef080fc88375cf1bcb3158cf5d632530e522e20eb67a60
[2m2025-12-10T10:10:28.153504Z[0m [34mDEBUG[0m [2methereum_transaction_pool_monitor::eth_client[0m[2m:[0m 🔍 Fetching transaction details for hash: 0x2990f0e7a0f1a1b8c5ef080fc88375cf1bcb3158cf5d632530e522e20eb67a60
[2m2025-12-10T10:10:28.153521Z[0m [34mDEBUG[0m [2mhyper::client::pool[0m[2m:[0m reuse idle connection for ("http", 192.168.0.14:8545)
[2m2025-12-10T10:10:28.153554Z[0m [34mDEBUG[0m [2mhyper::proto::h1::io[0m[2m:[0m flushed 250 bytes
[2m2025-12-10T10:10:28.153574Z[0m [34mDEBUG[0m [2mhyper::client::pool[0m[2m:[0m reuse idle connection for ("http", 192.168.0.14:8545)
[2m2025-12-10T10:10:28.153576Z[0m [32m INFO[0m [2methereum_transaction_pool_monitor::bot_runner[0m[2m:[0m 🤖 MEV Bot Stats | Uptime: 0.0h | Opportunities: 0 | Bundles: 0/0 (0.0%) | Profit: 0.0000 ETH | Rate: 0.00/h
[2m2025-12-10T10:10:28.153587Z[0m [34mDEBUG[0m [2mhyper::proto::h1::io[0m[2m:[0m flushed 172 bytes
[2m2025-12-10T10:10:28.153593Z[0m [34mDEBUG[0m [2methereum_transaction_pool_monitor::eth_client[0m[2m:[0m 📨 Received WebSocket message: {"jsonrpc":"2.0","method":"eth_subscription","params":{"subscription":"0xbed0a0851463e895960a451075a301a9","result":"0xa1291a84a4b5120d25144272e467596753a57d70b7fc6eb0272018600476fa1f"}}
[2m2025-12-10T10:10:28.153602Z[0m [34mDEBUG[0m [2methereum_transaction_pool_monitor::eth_client[0m[2m:[0m 📨 Received pending transaction: 0xa1291a84a4b5120d25144272e467596753a57d70b7fc6eb0272018600476fa1f
[2m2025-12-10T10:10:28.157240Z[0m [34mDEBUG[0m [2mhyper::proto::h1::io[0m[2m:[0m parsed 4 headers
[2m2025-12-10T10:10:28.157269Z[0m [34mDEBUG[0m [2mhyper::proto::h1::conn[0m[2m:[0m incoming body is content-length (45 bytes)
[2m2025-12-10T10:10:28.157283Z[0m [34mDEBUG[0m [2mhyper::proto::h1::conn[0m[2m:[0m incoming body completed
[2m2025-12-10T10:10:28.157306Z[0m [34mDEBUG[0m [2mhyper::client::pool[0m[2m:[0m pooling idle connection for ("http", 192.168.0.14:8545)
[2m2025-12-10T10:10:28.160166Z[0m [34mDEBUG[0m [2mhyper::proto::h1::io[0m[2m:[0m parsed 4 headers
[2m2025-12-10T10:10:28.160194Z[0m [34mDEBUG[0m [2mhyper::proto::h1::conn[0m[2m:[0m incoming body is content-length (775 bytes)
[2m2025-12-10T10:10:28.160202Z[0m [34mDEBUG[0m [2mhyper::proto::h1::conn[0m[2m:[0m incoming body completed
[2m2025-12-10T10:10:28.160212Z[0m [34mDEBUG[0m [2mhyper::client::pool[0m[2m:[0m pooling idle connection for ("http", 192.168.0.14:8545)
[2m2025-12-10T10:10:28.160217Z[0m [34mDEBUG[0m [2methereum_transaction_pool_monitor::eth_client[0m[2m:[0m 📡 Transaction fetch RPC completed in 6.709167ms
[2m2025-12-10T10:10:28.231408Z[0m [34mDEBUG[0m [2methereum_transaction_pool_monitor::eth_client[0m[2m:[0m ✅ Transaction 0x2990f0e7a0f1a1b8c5ef080fc88375cf1bcb3158cf5d632530e522e20eb67a60 fetched and parsed in 77.897667ms
[2m2025-12-10T10:10:28.231433Z[0m [34mDEBUG[0m [2methereum_transaction_pool_monitor::mempool_monitor[0m[2m:[0m 🔍 Skipping tx 0x2990f0e7a0f1a1b8c5ef080fc88375cf1bcb3158cf5d632530e522e20eb67a60 - not a DEX interaction (target: 0xA0b86991c6218b36c1d19D4a2e9Eb0cE3606eB48)
[2m2025-12-10T10:10:28.231444Z[0m [34mDEBUG[0m [2methereum_transaction_pool_monitor::mempool_monitor[0m[2m:[0m 📨 Processing new pending transaction: 0x971e9e599a596124ba6050a616f4447069f9908c5a8f3d260f59760ffa755e86
[2m2025-12-10T10:10:28.231450Z[0m [34mDEBUG[0m [2methereum_transaction_pool_monitor::mempool_monitor[0m[2m:[0m 🔍 Fetching transaction details for: 0x971e9e599a596124ba6050a616f4447069f9908c5a8f3d260f59760ffa755e86
[2m2025-12-10T10:10:28.231454Z[0m [34mDEBUG[0m [2methereum_transaction_pool_monitor::eth_client[0m[2m:[0m 🔍 Fetching transaction details for hash: 0x971e9e599a596124ba6050a616f4447069f9908c5a8f3d260f59760ffa755e86
[2m2025-12-10T10:10:28.231471Z[0m [34mDEBUG[0m [2mhyper::client::pool[0m[2m:[0m reuse idle connection for ("http", 192.168.0.14:8545)
[2m2025-12-10T10:10:28.231500Z[0m [34mDEBUG[0m [2mhyper::proto::h1::io[0m[2m:[0m flushed 250 bytes
[2m2025-12-10T10:10:28.231518Z[0m [34mDEBUG[0m [2mhyper::client::pool[0m[2m:[0m reuse idle connection for ("http", 192.168.0.14:8545)
[2m2025-12-10T10:10:28.231529Z[0m [34mDEBUG[0m [2methereum_transaction_pool_monitor::eth_client[0m[2m:[0m 📨 Received WebSocket message: {"jsonrpc":"2.0","method":"eth_subscription","params":{"subscription":"0xbed0a0851463e895960a451075a301a9","result":"0xa4b57693378107dcac9e62cb957023e2d09990e5868eeedf6b0e4d2990f575a4"}}
[2m2025-12-10T10:10:28.231530Z[0m [34mDEBUG[0m [2mhyper::proto::h1::io[0m[2m:[0m flushed 172 bytes
[2m2025-12-10T10:10:28.231547Z[0m [34mDEBUG[0m [2methereum_transaction_pool_monitor::eth_client[0m[2m:[0m 📨 Received pending transaction: 0xa4b57693378107dcac9e62cb957023e2d09990e5868eeedf6b0e4d2990f575a4
[2m2025-12-10T10:10:28.231554Z[0m [34mDEBUG[0m [2methereum_transaction_pool_monitor::eth_client[0m[2m:[0m 📨 Received WebSocket message: {"jsonrpc":"2.0","method":"eth_subscription","params":{"subscription":"0xbed0a0851463e895960a451075a301a9","result":"0x75f7d8ada0d1e78ccdcc2ae81fe43adf635da68e078a8cc24d0b36eaa736a359"}}
[2m2025-12-10T10:10:28.231560Z[0m [34mDEBUG[0m [2methereum_transaction_pool_monitor::eth_client[0m[2m:[0m 📨 Received pending transaction: 0x75f7d8ada0d1e78ccdcc2ae81fe43adf635da68e078a8cc24d0b36eaa736a359
[2m2025-12-10T10:10:28.231564Z[0m [34mDEBUG[0m [2methereum_transaction_pool_monitor::eth_client[0m[2m:[0m 📨 Received WebSocket message: {"jsonrpc":"2.0","method":"eth_subscription","params":{"subscription":"0xbed0a0851463e895960a451075a301a9","result":"0x204f55dad3977b334da3418bc0a83e26656047d6cba5f8a9361e7cb0d22f7a65"}}
[2m2025-12-10T10:10:28.231568Z[0m [34mDEBUG[0m [2methereum_transaction_pool_monitor::eth_client[0m[2m:[0m 📨 Received pending transaction: 0x204f55dad3977b334da3418bc0a83e26656047d6cba5f8a9361e7cb0d22f7a65
[2m2025-12-10T10:10:28.235954Z[0m [34mDEBUG[0m [2mhyper::proto::h1::io[0m[2m:[0m parsed 4 headers
[2m2025-12-10T10:10:28.235975Z[0m [34mDEBUG[0m [2mhyper::proto::h1::conn[0m[2m:[0m incoming body is content-length (4113 bytes)
[2m2025-12-10T10:10:28.236013Z[0m [34mDEBUG[0m [2methereum_transaction_pool_monitor::eth_client[0m[2m:[0m 📡 Transaction fetch RPC completed in 4.555666ms
[2m2025-12-10T10:10:28.237876Z[0m [34mDEBUG[0m [2mhyper::proto::h1::conn[0m[2m:[0m incoming body completed
[2m2025-12-10T10:10:28.237907Z[0m [34mDEBUG[0m [2mhyper::client::pool[0m[2m:[0m pooling idle connection for ("http", 192.168.0.14:8545)
[2m2025-12-10T10:10:28.237940Z[0m [34mDEBUG[0m [2mhyper::proto::h1::io[0m[2m:[0m parsed 4 headers
[2m2025-12-10T10:10:28.237948Z[0m [34mDEBUG[0m [2mhyper::proto::h1::conn[0m[2m:[0m incoming body is content-length (45 bytes)
[2m2025-12-10T10:10:28.237967Z[0m [34mDEBUG[0m [2mhyper::proto::h1::conn[0m[2m:[0m incoming body completed
[2m2025-12-10T10:10:28.237973Z[0m [34mDEBUG[0m [2mhyper::client::pool[0m[2m:[0m pooling idle connection for ("http", 192.168.0.14:8545)
[2m2025-12-10T10:10:28.299135Z[0m [34mDEBUG[0m [2mhyper::client::pool[0m[2m:[0m reuse idle connection for ("http", 192.168.0.14:8545)
[2m2025-12-10T10:10:28.299177Z[0m [34mDEBUG[0m [2mhyper::proto::h1::io[0m[2m:[0m flushed 172 bytes
[2m2025-12-10T10:10:28.302619Z[0m [34mDEBUG[0m [2mhyper::proto::h1::io[0m[2m:[0m parsed 4 headers
[2m2025-12-10T10:10:28.302625Z[0m [34mDEBUG[0m [2mhyper::proto::h1::conn[0m[2m:[0m incoming body is content-length (45 bytes)
[2m2025-12-10T10:10:28.302631Z[0m [34mDEBUG[0m [2mhyper::proto::h1::conn[0m[2m:[0m incoming body completed
[2m2025-12-10T10:10:28.302639Z[0m [34mDEBUG[0m [2mhyper::client::pool[0m[2m:[0m pooling idle connection for ("http", 192.168.0.14:8545)
[2m2025-12-10T10:10:28.309741Z[0m [34mDEBUG[0m [2methereum_transaction_pool_monitor::eth_client[0m[2m:[0m ✅ Transaction 0x971e9e599a596124ba6050a616f4447069f9908c5a8f3d260f59760ffa755e86 fetched and parsed in 78.282375ms
[2m2025-12-10T10:10:28.309756Z[0m [34mDEBUG[0m [2methereum_transaction_pool_monitor::mempool_monitor[0m[2m:[0m 🔍 Skipping tx 0x971e9e599a596124ba6050a616f4447069f9908c5a8f3d260f59760ffa755e86 - not a DEX interaction (target: 0x663DC15D3C1aC63ff12E45Ab68FeA3F0a883C251)
[2m2025-12-10T10:10:28.309765Z[0m [34mDEBUG[0m [2methereum_transaction_pool_monitor::mempool_monitor[0m[2m:[0m 📨 Processing new pending transaction: 0x9eb931a38f76033250d3ea0fa619581e6db74ec8dd883e6eb4bcd2edbc4f7dbb
[2m2025-12-10T10:10:28.309770Z[0m [34mDEBUG[0m [2methereum_transaction_pool_monitor::mempool_monitor[0m[2m:[0m 🔍 Fetching transaction details for: 0x9eb931a38f76033250d3ea0fa619581e6db74ec8dd883e6eb4bcd2edbc4f7dbb
[2m2025-12-10T10:10:28.309776Z[0m [34mDEBUG[0m [2methereum_transaction_pool_monitor::eth_client[0m[2m:[0m 🔍 Fetching transaction details for hash: 0x9eb931a38f76033250d3ea0fa619581e6db74ec8dd883e6eb4bcd2edbc4f7dbb
[2m2025-12-10T10:10:28.309790Z[0m [34mDEBUG[0m [2mhyper::client::pool[0m[2m:[0m reuse idle connection for ("http", 192.168.0.14:8545)
[2m2025-12-10T10:10:28.309816Z[0m [34mDEBUG[0m [2mhyper::proto::h1::io[0m[2m:[0m flushed 250 bytes
[2m2025-12-10T10:10:28.314149Z[0m [34mDEBUG[0m [2mhyper::proto::h1::io[0m[2m:[0m parsed 4 headers
[2m2025-12-10T10:10:28.314154Z[0m [34mDEBUG[0m [2mhyper::proto::h1::conn[0m[2m:[0m incoming body is content-length (780 bytes)
[2m2025-12-10T10:10:28.314160Z[0m [34mDEBUG[0m [2mhyper::proto::h1::conn[0m[2m:[0m incoming body completed
[2m2025-12-10T10:10:28.314166Z[0m [34mDEBUG[0m [2mhyper::client::pool[0m[2m:[0m pooling idle connection for ("http", 192.168.0.14:8545)
[2m2025-12-10T10:10:28.314170Z[0m [34mDEBUG[0m [2methereum_transaction_pool_monitor::eth_client[0m[2m:[0m 📡 Transaction fetch RPC completed in 4.390209ms
[2m2025-12-10T10:10:28.314183Z[0m [34mDEBUG[0m [2methereum_transaction_pool_monitor::eth_client[0m[2m:[0m DeFi transaction detected - Address: 0xdac17f958d2ee523a2206206994597c13d831ec7, Type: Stablecoin, Value: 0 ETH, Gas: 501.00 Gwei
[2m2025-12-10T10:10:28.314195Z[0m [34mDEBUG[0m [2methereum_transaction_pool_monitor::eth_client[0m[2m:[0m ✅ Transaction 0x9eb931a38f76033250d3ea0fa619581e6db74ec8dd883e6eb4bcd2edbc4f7dbb fetched and parsed in 4.414709ms
[2m2025-12-10T10:10:28.314200Z[0m [34mDEBUG[0m [2methereum_transaction_pool_monitor::mempool_monitor[0m[2m:[0m 🔍 Skipping tx 0x9eb931a38f76033250d3ea0fa619581e6db74ec8dd883e6eb4bcd2edbc4f7dbb - not a DEX interaction (target: 0xdAC17F958D2ee523a2206206994597C13D831ec7)
[2m2025-12-10T10:10:28.314205Z[0m [34mDEBUG[0m [2methereum_transaction_pool_monitor::mempool_monitor[0m[2m:[0m 📨 Processing new pending transaction: 0x3f7325a79e99305a72bcdbf5f9073c8063edfb1092c2c88b5e2b93905188c845
[2m2025-12-10T10:10:28.314208Z[0m [34mDEBUG[0m [2methereum_transaction_pool_monitor::mempool_monitor[0m[2m:[0m 🔍 Fetching transaction details for: 0x3f7325a79e99305a72bcdbf5f9073c8063edfb1092c2c88b5e2b93905188c845
[2m2025-12-10T10:10:28.314211Z[0m [34mDEBUG[0m [2methereum_transaction_pool_monitor::eth_client[0m[2m:[0m 🔍 Fetching transaction details for hash: 0x3f7325a79e99305a72bcdbf5f9073c8063edfb1092c2c88b5e2b93905188c845
[2m2025-12-10T10:10:28.314219Z[0m [34mDEBUG[0m [2mhyper::client::pool[0m[2m:[0m reuse idle connection for ("http", 192.168.0.14:8545)
[2m2025-12-10T10:10:28.314234Z[0m [34mDEBUG[0m [2mhyper::proto::h1::io[0m[2m:[0m flushed 250 bytes
[2m2025-12-10T10:10:28.319575Z[0m [34mDEBUG[0m [2mhyper::proto::h1::io[0m[2m:[0m parsed 4 headers
[2m2025-12-10T10:10:28.319587Z[0m [34mDEBUG[0m [2mhyper::proto::h1::conn[0m[2m:[0m incoming body is content-length (771 bytes)
[2m2025-12-10T10:10:28.319643Z[0m [34mDEBUG[0m [2mhyper::proto::h1::conn[0m[2m:[0m incoming body completed
[2m2025-12-10T10:10:28.319652Z[0m [34mDEBUG[0m [2mhyper::client::pool[0m[2m:[0m pooling idle connection for ("http", 192.168.0.14:8545)
[2m2025-12-10T10:10:28.319658Z[0m [34mDEBUG[0m [2methereum_transaction_pool_monitor::eth_client[0m[2m:[0m 📡 Transaction fetch RPC completed in 5.44325ms
[2m2025-12-10T10:10:28.319670Z[0m [34mDEBUG[0m [2methereum_transaction_pool_monitor::eth_client[0m[2m:[0m DeFi transaction detected - Address: 0xdac17f958d2ee523a2206206994597c13d831ec7, Type: Stablecoin, Value: 0 ETH, Gas: 0.24 Gwei
[2m2025-12-10T10:10:28.319681Z[0m [34mDEBUG[0m [2methereum_transaction_pool_monitor::eth_client[0m[2m:[0m ✅ Transaction 0x3f7325a79e99305a72bcdbf5f9073c8063edfb1092c2c88b5e2b93905188c845 fetched and parsed in 5.465833ms
[2m2025-12-10T10:10:28.319686Z[0m [34mDEBUG[0m [2methereum_transaction_pool_monitor::mempool_monitor[0m[2m:[0m 🔍 Skipping tx 0x3f7325a79e99305a72bcdbf5f9073c8063edfb1092c2c88b5e2b93905188c845 - not a DEX interaction (target: 0xdAC17F958D2ee523a2206206994597C13D831ec7)
[2m2025-12-10T10:10:28.319691Z[0m [34mDEBUG[0m [2methereum_transaction_pool_monitor::mempool_monitor[0m[2m:[0m 📨 Processing new pending transaction: 0x44078e85c794bc946448d93db8f653912b92ce3ba11ef981d65963abfcd0dbd3
[2m2025-12-10T10:10:28.319695Z[0m [34mDEBUG[0m [2methereum_transaction_pool_monitor::mempool_monitor[0m[2m:[0m 🔍 Fetching transaction details for: 0x44078e85c794bc946448d93db8f653912b92ce3ba11ef981d65963abfcd0dbd3
[2m2025-12-10T10:10:28.319698Z[0m [34mDEBUG[0m [2methereum_transaction_pool_monitor::eth_client[0m[2m:[0m 🔍 Fetching transaction details for hash: 0x44078e85c794bc946448d93db8f653912b92ce3ba11ef981d65963abfcd0dbd3
[2m2025-12-10T10:10:28.319707Z[0m [34mDEBUG[0m [2mhyper::client::pool[0m[2m:[0m reuse idle connection for ("http", 192.168.0.14:8545)
[2m2025-12-10T10:10:28.319721Z[0m [34mDEBUG[0m [2mhyper::proto::h1::io[0m[2m:[0m flushed 250 bytes
[2m2025-12-10T10:10:28.323530Z[0m [34mDEBUG[0m [2mhyper::proto::h1::io[0m[2m:[0m parsed 4 headers
[2m2025-12-10T10:10:28.323538Z[0m [34mDEBUG[0m [2mhyper::proto::h1::conn[0m[2m:[0m incoming body is content-length (767 bytes)
[2m2025-12-10T10:10:28.323544Z[0m [34mDEBUG[0m [2mhyper::proto::h1::conn[0m[2m:[0m incoming body completed
[2m2025-12-10T10:10:28.323549Z[0m [34mDEBUG[0m [2mhyper::client::pool[0m[2m:[0m pooling idle connection for ("http", 192.168.0.14:8545)
[2m2025-12-10T10:10:28.323554Z[0m [34mDEBUG[0m [2methereum_transaction_pool_monitor::eth_client[0m[2m:[0m 📡 Transaction fetch RPC completed in 3.852875ms
[2m2025-12-10T10:10:28.323565Z[0m [34mDEBUG[0m [2methereum_transaction_pool_monitor::eth_client[0m[2m:[0m DeFi transaction detected - Address: 0xdac17f958d2ee523a2206206994597c13d831ec7, Type: Stablecoin, Value: 0 ETH, Gas: 0.27 Gwei
[2m2025-12-10T10:10:28.323574Z[0m [34mDEBUG[0m [2methereum_transaction_pool_monitor::eth_client[0m[2m:[0m ✅ Transaction 0x44078e85c794bc946448d93db8f653912b92ce3ba11ef981d65963abfcd0dbd3 fetched and parsed in 3.873208ms
[2m2025-12-10T10:10:28.323579Z[0m [34mDEBUG[0m [2methereum_transaction_pool_monitor::mempool_monitor[0m[2m:[0m 🔍 Skipping tx 0x44078e85c794bc946448d93db8f653912b92ce3ba11ef981d65963abfcd0dbd3 - not a DEX interaction (target: 0xdAC17F958D2ee523a2206206994597C13D831ec7)
[2m2025-12-10T10:10:28.323585Z[0m [34mDEBUG[0m [2methereum_transaction_pool_monitor::mempool_monitor[0m[2m:[0m 📨 Processing new pending transaction: 0xd8dc30dab094317efad11483931de48543eeae55f213a28f9adbe38dfbca23f3
[2m2025-12-10T10:10:28.323589Z[0m [34mDEBUG[0m [2methereum_transaction_pool_monitor::mempool_monitor[0m[2m:[0m 🔍 Fetching transaction details for: 0xd8dc30dab094317efad11483931de48543eeae55f213a28f9adbe38dfbca23f3
[2m2025-12-10T10:10:28.323592Z[0m [34mDEBUG[0m [2methereum_transaction_pool_monitor::eth_client[0m[2m:[0m 🔍 Fetching transaction details for hash: 0xd8dc30dab094317efad11483931de48543eeae55f213a28f9adbe38dfbca23f3
[2m2025-12-10T10:10:28.323600Z[0m [34mDEBUG[0m [2mhyper::client::pool[0m[2m:[0m reuse idle connection for ("http", 192.168.0.14:8545)
[2m2025-12-10T10:10:28.323611Z[0m [34mDEBUG[0m [2mhyper::proto::h1::io[0m[2m:[0m flushed 250 bytes
[2m2025-12-10T10:10:28.327503Z[0m [34mDEBUG[0m [2mhyper::proto::h1::io[0m[2m:[0m parsed 4 headers
[2m2025-12-10T10:10:28.327521Z[0m [34mDEBUG[0m [2mhyper::proto::h1::conn[0m[2m:[0m incoming body is content-length (553 bytes)
[2m2025-12-10T10:10:28.327546Z[0m [34mDEBUG[0m [2mhyper::proto::h1::conn[0m[2m:[0m incoming body completed
[2m2025-12-10T10:10:28.327564Z[0m [34mDEBUG[0m [2mhyper::client::pool[0m[2m:[0m pooling idle connection for ("http", 192.168.0.14:8545)
[2m2025-12-10T10:10:28.327570Z[0m [34mDEBUG[0m [2methereum_transaction_pool_monitor::eth_client[0m[2m:[0m 📡 Transaction fetch RPC completed in 3.973666ms
[2m2025-12-10T10:10:28.399159Z[0m [34mDEBUG[0m [2methereum_transaction_pool_monitor::eth_client[0m[2m:[0m ✅ Transaction 0xd8dc30dab094317efad11483931de48543eeae55f213a28f9adbe38dfbca23f3 fetched and parsed in 75.561458ms
[2m2025-12-10T10:10:28.399185Z[0m [34mDEBUG[0m [2methereum_transaction_pool_monitor::mempool_monitor[0m[2m:[0m 🔍 Skipping tx 0xd8dc30dab094317efad11483931de48543eeae55f213a28f9adbe38dfbca23f3 - not a DEX interaction (target: 0x3a09C40f8f7B93c8C7e09A5422e56DFe7c7d2794)
[2m2025-12-10T10:10:28.399200Z[0m [34mDEBUG[0m [2methereum_transaction_pool_monitor::mempool_monitor[0m[2m:[0m 📨 Processing new pending transaction: 0x4507817ef03c0469a93c126f8421b841e988b5905d0ea1d157bdafd21a72f52e
[2m2025-12-10T10:10:28.399207Z[0m [34mDEBUG[0m [2methereum_transaction_pool_monitor::mempool_monitor[0m[2m:[0m 🔍 Fetching transaction details for: 0x4507817ef03c0469a93c126f8421b841e988b5905d0ea1d157bdafd21a72f52e
[2m2025-12-10T10:10:28.399212Z[0m [34mDEBUG[0m [2methereum_transaction_pool_monitor::eth_client[0m[2m:[0m 🔍 Fetching transaction details for hash: 0x4507817ef03c0469a93c126f8421b841e988b5905d0ea1d157bdafd21a72f52e
[2m2025-12-10T10:10:28.399230Z[0m [34mDEBUG[0m [2mhyper::client::pool[0m[2m:[0m reuse idle connection for ("http", 192.168.0.14:8545)
[2m2025-12-10T10:10:28.399265Z[0m [34mDEBUG[0m [2mhyper::proto::h1::io[0m[2m:[0m flushed 250 bytes
[2m2025-12-10T10:10:28.399285Z[0m [34mDEBUG[0m [2mhyper::client::pool[0m[2m:[0m reuse idle connection for ("http", 192.168.0.14:8545)
[2m2025-12-10T10:10:28.399295Z[0m [34mDEBUG[0m [2methereum_transaction_pool_monitor::eth_client[0m[2m:[0m 📨 Received WebSocket message: {"jsonrpc":"2.0","method":"eth_subscription","params":{"subscription":"0xbed0a0851463e895960a451075a301a9","result":"0x5852e08b69fe535a587e298f152ef8b39a6a8a1e254d95124228a1acb4532cd0"}}
[2m2025-12-10T10:10:28.399299Z[0m [34mDEBUG[0m [2mhyper::proto::h1::io[0m[2m:[0m flushed 172 bytes
[2m2025-12-10T10:10:28.399308Z[0m [34mDEBUG[0m [2methereum_transaction_pool_monitor::eth_client[0m[2m:[0m 📨 Received pending transaction: 0x5852e08b69fe535a587e298f152ef8b39a6a8a1e254d95124228a1acb4532cd0
[2m2025-12-10T10:10:28.408450Z[0m [34mDEBUG[0m [2mhyper::proto::h1::io[0m[2m:[0m parsed 4 headers
[2m2025-12-10T10:10:28.408456Z[0m [34mDEBUG[0m [2mhyper::proto::h1::conn[0m[2m:[0m incoming body is content-length (778 bytes)
[2m2025-12-10T10:10:28.408462Z[0m [34mDEBUG[0m [2mhyper::proto::h1::conn[0m[2m:[0m incoming body completed
[2m2025-12-10T10:10:28.408469Z[0m [34mDEBUG[0m [2mhyper::client::pool[0m[2m:[0m pooling idle connection for ("http", 192.168.0.14:8545)
[2m2025-12-10T10:10:28.408477Z[0m [34mDEBUG[0m [2methereum_transaction_pool_monitor::eth_client[0m[2m:[0m 📡 Transaction fetch RPC completed in 9.259875ms
[2m2025-12-10T10:10:28.408490Z[0m [34mDEBUG[0m [2methereum_transaction_pool_monitor::eth_client[0m[2m:[0m DeFi transaction detected - Address: 0xdac17f958d2ee523a2206206994597c13d831ec7, Type: Stablecoin, Value: 0 ETH, Gas: 999.00 Gwei
[2m2025-12-10T10:10:28.408501Z[0m [34mDEBUG[0m [2methereum_transaction_pool_monitor::eth_client[0m[2m:[0m ✅ Transaction 0x4507817ef03c0469a93c126f8421b841e988b5905d0ea1d157bdafd21a72f52e fetched and parsed in 9.284375ms
[2m2025-12-10T10:10:28.408506Z[0m [34mDEBUG[0m [2methereum_transaction_pool_monitor::mempool_monitor[0m[2m:[0m 🔍 Skipping tx 0x4507817ef03c0469a93c126f8421b841e988b5905d0ea1d157bdafd21a72f52e - not a DEX interaction (target: 0xdAC17F958D2ee523a2206206994597C13D831ec7)
[2m2025-12-10T10:10:28.408511Z[0m [34mDEBUG[0m [2methereum_transaction_pool_monitor::mempool_monitor[0m[2m:[0m 📨 Processing new pending transaction: 0xc47f06391a17aafe741261953b1eccbaa55f9a795529c2c598262a5af3a50c3a
[2m2025-12-10T10:10:28.408514Z[0m [34mDEBUG[0m [2methereum_transaction_pool_monitor::mempool_monitor[0m[2m:[0m 🔍 Fetching transaction details for: 0xc47f06391a17aafe741261953b1eccbaa55f9a795529c2c598262a5af3a50c3a
[2m2025-12-10T10:10:28.408517Z[0m [34mDEBUG[0m [2methereum_transaction_pool_monitor::eth_client[0m[2m:[0m 🔍 Fetching transaction details for hash: 0xc47f06391a17aafe741261953b1eccbaa55f9a795529c2c598262a5af3a50c3a
[2m2025-12-10T10:10:28.408524Z[0m [34mDEBUG[0m [2mhyper::client::pool[0m[2m:[0m reuse idle connection for ("http", 192.168.0.14:8545)
[2m2025-12-10T10:10:28.408535Z[0m [34mDEBUG[0m [2mhyper::proto::h1::io[0m[2m:[0m flushed 250 bytes
[2m2025-12-10T10:10:28.408542Z[0m [34mDEBUG[0m [2mhyper::proto::h1::io[0m[2m:[0m parsed 4 headers
[2m2025-12-10T10:10:28.408545Z[0m [34mDEBUG[0m [2mhyper::proto::h1::conn[0m[2m:[0m incoming body is content-length (45 bytes)
[2m2025-12-10T10:10:28.408548Z[0m [34mDEBUG[0m [2mhyper::proto::h1::conn[0m[2m:[0m incoming body completed
[2m2025-12-10T10:10:28.408552Z[0m [34mDEBUG[0m [2mhyper::client::pool[0m[2m:[0m pooling idle connection for ("http", 192.168.0.14:8545)
[2m2025-12-10T10:10:28.415942Z[0m [34mDEBUG[0m [2mhyper::proto::h1::io[0m[2m:[0m parsed 4 headers
[2m2025-12-10T10:10:28.415960Z[0m [34mDEBUG[0m [2mhyper::proto::h1::conn[0m[2m:[0m incoming body is content-length (770 bytes)
[2m2025-12-10T10:10:28.415976Z[0m [34mDEBUG[0m [2mhyper::proto::h1::conn[0m[2m:[0m incoming body completed
[2m2025-12-10T10:10:28.415993Z[0m [34mDEBUG[0m [2mhyper::client::pool[0m[2m:[0m pooling idle connection for ("http", 192.168.0.14:8545)
[2m2025-12-10T10:10:28.416001Z[0m [34mDEBUG[0m [2methereum_transaction_pool_monitor::eth_client[0m[2m:[0m 📡 Transaction fetch RPC completed in 7.48025ms
[2m2025-12-10T10:10:28.416009Z[0m [34mDEBUG[0m [2methereum_transaction_pool_monitor::eth_client[0m[2m:[0m DeFi transaction detected - Address: 0xdac17f958d2ee523a2206206994597c13d831ec7, Type: Stablecoin, Value: 0 ETH, Gas: 0.22 Gwei
[2m2025-12-10T10:10:28.416030Z[0m [34mDEBUG[0m [2methereum_transaction_pool_monitor::eth_client[0m[2m:[0m ✅ Transaction 0xc47f06391a17aafe741261953b1eccbaa55f9a795529c2c598262a5af3a50c3a fetched and parsed in 7.509084ms
[2m2025-12-10T10:10:28.416034Z[0m [34mDEBUG[0m [2methereum_transaction_pool_monitor::mempool_monitor[0m[2m:[0m 🔍 Skipping tx 0xc47f06391a17aafe741261953b1eccbaa55f9a795529c2c598262a5af3a50c3a - not a DEX interaction (target: 0xdAC17F958D2ee523a2206206994597C13D831ec7)
[2m2025-12-10T10:10:28.416039Z[0m [34mDEBUG[0m [2methereum_transaction_pool_monitor::mempool_monitor[0m[2m:[0m 📨 Processing new pending transaction: 0xa4409dda7b3ecd20db6dd0c6b0ac14f22a76ed4bf3b7f97259ef42bc4e5c1486
[2m2025-12-10T10:10:28.416042Z[0m [34mDEBUG[0m [2methereum_transaction_pool_monitor::mempool_monitor[0m[2m:[0m 🔍 Fetching transaction details for: 0xa4409dda7b3ecd20db6dd0c6b0ac14f22a76ed4bf3b7f97259ef42bc4e5c1486
[2m2025-12-10T10:10:28.416045Z[0m [34mDEBUG[0m [2methereum_transaction_pool_monitor::eth_client[0m[2m:[0m 🔍 Fetching transaction details for hash: 0xa4409dda7b3ecd20db6dd0c6b0ac14f22a76ed4bf3b7f97259ef42bc4e5c1486
[2m2025-12-10T10:10:28.416050Z[0m [34mDEBUG[0m [2mhyper::client::pool[0m[2m:[0m reuse idle connection for ("http", 192.168.0.14:8545)
[2m2025-12-10T10:10:28.416068Z[0m [34mDEBUG[0m [2mhyper::proto::h1::io[0m[2m:[0m flushed 250 bytes
[2m2025-12-10T10:10:28.422090Z[0m [34mDEBUG[0m [2mhyper::proto::h1::io[0m[2m:[0m parsed 4 headers
[2m2025-12-10T10:10:28.422096Z[0m [34mDEBUG[0m [2mhyper::proto::h1::conn[0m[2m:[0m incoming body is content-length (679 bytes)
[2m2025-12-10T10:10:28.422100Z[0m [34mDEBUG[0m [2mhyper::proto::h1::conn[0m[2m:[0m incoming body completed
[2m2025-12-10T10:10:28.422104Z[0m [34mDEBUG[0m [2mhyper::client::pool[0m[2m:[0m pooling idle connection for ("http", 192.168.0.14:8545)
[2m2025-12-10T10:10:28.422108Z[0m [34mDEBUG[0m [2methereum_transaction_pool_monitor::eth_client[0m[2m:[0m 📡 Transaction fetch RPC completed in 6.06ms
[2m2025-12-10T10:10:28.489014Z[0m [34mDEBUG[0m [2methereum_transaction_pool_monitor::eth_client[0m[2m:[0m ✅ Transaction 0xa4409dda7b3ecd20db6dd0c6b0ac14f22a76ed4bf3b7f97259ef42bc4e5c1486 fetched and parsed in 72.963792ms
[2m2025-12-10T10:10:28.489033Z[0m [34mDEBUG[0m [2methereum_transaction_pool_monitor::mempool_monitor[0m[2m:[0m 🔍 Skipping tx 0xa4409dda7b3ecd20db6dd0c6b0ac14f22a76ed4bf3b7f97259ef42bc4e5c1486 - not a DEX interaction (target: 0xA0b86991c6218b36c1d19D4a2e9Eb0cE3606eB48)
[2m2025-12-10T10:10:28.489043Z[0m [34mDEBUG[0m [2methereum_transaction_pool_monitor::mempool_monitor[0m[2m:[0m 📨 Processing new pending transaction: 0x1794560c6b5606bff66d764c2cfeda0d1d931ad83a972c121bf46122a50c92c8
[2m2025-12-10T10:10:28.489048Z[0m [34mDEBUG[0m [2methereum_transaction_pool_monitor::mempool_monitor[0m[2m:[0m 🔍 Fetching transaction details for: 0x1794560c6b5606bff66d764c2cfeda0d1d931ad83a972c121bf46122a50c92c8
[2m2025-12-10T10:10:28.489051Z[0m [34mDEBUG[0m [2methereum_transaction_pool_monitor::eth_client[0m[2m:[0m 🔍 Fetching transaction details for hash: 0x1794560c6b5606bff66d764c2cfeda0d1d931ad83a972c121bf46122a50c92c8
[2m2025-12-10T10:10:28.489067Z[0m [34mDEBUG[0m [2mhyper::client::pool[0m[2m:[0m reuse idle connection for ("http", 192.168.0.14:8545)
[2m2025-12-10T10:10:28.489089Z[0m [34mDEBUG[0m [2mhyper::proto::h1::io[0m[2m:[0m flushed 250 bytes
[2m2025-12-10T10:10:28.489108Z[0m [34mDEBUG[0m [2methereum_transaction_pool_monitor::eth_client[0m[2m:[0m 📨 Received WebSocket message: {"jsonrpc":"2.0","method":"eth_subscription","params":{"subscription":"0xbed0a0851463e895960a451075a301a9","result":"0xe15bad14e50b1e71e28eaf72a430f7feae0b7fdc9094a762cbe6b160ab0ca9ff"}}
[2m2025-12-10T10:10:28.489116Z[0m [34mDEBUG[0m [2methereum_transaction_pool_monitor::eth_client[0m[2m:[0m 📨 Received pending transaction: 0xe15bad14e50b1e71e28eaf72a430f7feae0b7fdc9094a762cbe6b160ab0ca9ff
[2m2025-12-10T10:10:28.493231Z[0m [34mDEBUG[0m [2methereum_transaction_pool_monitor::eth_client[0m[2m:[0m 📨 Received WebSocket message: {"jsonrpc":"2.0","method":"eth_subscription","params":{"subscription":"0xbed0a0851463e895960a451075a301a9","result":"0x725cf5bfcd28df698e104a99d627543025b2b7ebe622b300292d35fc1abfa03e"}}
[2m2025-12-10T10:10:28.496184Z[0m [34mDEBUG[0m [2methereum_transaction_pool_monitor::eth_client[0m[2m:[0m 📨 Received pending transaction: 0x725cf5bfcd28df698e104a99d627543025b2b7ebe622b300292d35fc1abfa03e
[2m2025-12-10T10:10:28.496205Z[0m [34mDEBUG[0m [2mhyper::proto::h1::io[0m[2m:[0m parsed 4 headers
[2m2025-12-10T10:10:28.496213Z[0m [34mDEBUG[0m [2mhyper::proto::h1::conn[0m[2m:[0m incoming body is content-length (1095 bytes)
[2m2025-12-10T10:10:28.496224Z[0m [34mDEBUG[0m [2mhyper::proto::h1::conn[0m[2m:[0m incoming body completed
[2m2025-12-10T10:10:28.496237Z[0m [34mDEBUG[0m [2mhyper::client::pool[0m[2m:[0m pooling idle connection for ("http", 192.168.0.14:8545)
[2m2025-12-10T10:10:28.496245Z[0m [34mDEBUG[0m [2methereum_transaction_pool_monitor::eth_client[0m[2m:[0m 📡 Transaction fetch RPC completed in 7.189875ms
[2m2025-12-10T10:10:28.496325Z[0m [34mDEBUG[0m [2methereum_transaction_pool_monitor::eth_client[0m[2m:[0m DeFi transaction detected - Address: 0x68b3465833fb72a70ecdf485e0e4c7bd8665fc45, Type: DexRouter, Value: 0 ETH, Gas: 0.50 Gwei
[2m2025-12-10T10:10:28.496338Z[0m [34mDEBUG[0m [2methereum_transaction_pool_monitor::eth_client[0m[2m:[0m ✅ Transaction 0x1794560c6b5606bff66d764c2cfeda0d1d931ad83a972c121bf46122a50c92c8 fetched and parsed in 7.283166ms
[2m2025-12-10T10:10:28.496346Z[0m [34mDEBUG[0m [2methereum_transaction_pool_monitor::mempool_monitor[0m[2m:[0m 🔍 Skipping tx 0x1794560c6b5606bff66d764c2cfeda0d1d931ad83a972c121bf46122a50c92c8 - not a DEX interaction (target: 0x68b3465833fb72A70ecDF485E0e4C7bD8665Fc45)
[2m2025-12-10T10:10:28.496353Z[0m [34mDEBUG[0m [2methereum_transaction_pool_monitor::mempool_monitor[0m[2m:[0m 📨 Processing new pending transaction: 0xc5a1c67f0c091861483e849301be81158263d841bc6d6587f04683337a370417
[2m2025-12-10T10:10:28.496357Z[0m [34mDEBUG[0m [2methereum_transaction_pool_monitor::mempool_monitor[0m[2m:[0m 🔍 Fetching transaction details for: 0xc5a1c67f0c091861483e849301be81158263d841bc6d6587f04683337a370417
[2m2025-12-10T10:10:28.496362Z[0m [34mDEBUG[0m [2methereum_transaction_pool_monitor::eth_client[0m[2m:[0m 🔍 Fetching transaction details for hash: 0xc5a1c67f0c091861483e849301be81158263d841bc6d6587f04683337a370417
[2m2025-12-10T10:10:28.496373Z[0m [34mDEBUG[0m [2mhyper::client::pool[0m[2m:[0m reuse idle connection for ("http", 192.168.0.14:8545)
[2m2025-12-10T10:10:28.496388Z[0m [34mDEBUG[0m [2mhyper::proto::h1::io[0m[2m:[0m flushed 250 bytes
[2m2025-12-10T10:10:28.496412Z[0m [34mDEBUG[0m [2mhyper::client::pool[0m[2m:[0m reuse idle connection for ("http", 192.168.0.14:8545)
[2m2025-12-10T10:10:28.496423Z[0m [34mDEBUG[0m [2mhyper::proto::h1::io[0m[2m:[0m flushed 172 bytes
[2m2025-12-10T10:10:28.501509Z[0m [34mDEBUG[0m [2mhyper::proto::h1::io[0m[2m:[0m parsed 4 headers
[2m2025-12-10T10:10:28.501520Z[0m [34mDEBUG[0m [2mhyper::proto::h1::conn[0m[2m:[0m incoming body is content-length (705 bytes)
[2m2025-12-10T10:10:28.501526Z[0m [34mDEBUG[0m [2mhyper::proto::h1::conn[0m[2m:[0m incoming body completed
[2m2025-12-10T10:10:28.501532Z[0m [34mDEBUG[0m [2mhyper::client::pool[0m[2m:[0m pooling idle connection for ("http", 192.168.0.14:8545)
[2m2025-12-10T10:10:28.501538Z[0m [34mDEBUG[0m [2methereum_transaction_pool_monitor::eth_client[0m[2m:[0m 📡 Transaction fetch RPC completed in 5.172458ms
[2m2025-12-10T10:10:28.573111Z[0m [34mDEBUG[0m [2methereum_transaction_pool_monitor::eth_client[0m[2m:[0m ✅ Transaction 0xc5a1c67f0c091861483e849301be81158263d841bc6d6587f04683337a370417 fetched and parsed in 76.743417ms
[2m2025-12-10T10:10:28.573141Z[0m [34mDEBUG[0m [2methereum_transaction_pool_monitor::mempool_monitor[0m[2m:[0m 🔍 Skipping tx 0xc5a1c67f0c091861483e849301be81158263d841bc6d6587f04683337a370417 - not a DEX interaction (target: 0xA0b86991c6218b36c1d19D4a2e9Eb0cE3606eB48)
[2m2025-12-10T10:10:28.573154Z[0m [34mDEBUG[0m [2methereum_transaction_pool_monitor::mempool_monitor[0m[2m:[0m 📨 Processing new pending transaction: 0xbc6d610e2b481e9e368dc0a88fb670da1f5faba9b784780f48e3ae755a0aee73
[2m2025-12-10T10:10:28.573165Z[0m [34mDEBUG[0m [2methereum_transaction_pool_monitor::mempool_monitor[0m[2m:[0m 🔍 Fetching transaction details for: 0xbc6d610e2b481e9e368dc0a88fb670da1f5faba9b784780f48e3ae755a0aee73
[2m2025-12-10T10:10:28.573173Z[0m [34mDEBUG[0m [2methereum_transaction_pool_monitor::eth_client[0m[2m:[0m 🔍 Fetching transaction details for hash: 0xbc6d610e2b481e9e368dc0a88fb670da1f5faba9b784780f48e3ae755a0aee73
[2m2025-12-10T10:10:28.573192Z[0m [34mDEBUG[0m [2mhyper::client::pool[0m[2m:[0m reuse idle connection for ("http", 192.168.0.14:8545)
[2m2025-12-10T10:10:28.573233Z[0m [34mDEBUG[0m [2mhyper::proto::h1::io[0m[2m:[0m flushed 250 bytes
[2m2025-12-10T10:10:28.573252Z[0m [34mDEBUG[0m [2mhyper::proto::h1::io[0m[2m:[0m parsed 4 headers
[2m2025-12-10T10:10:28.573261Z[0m [34mDEBUG[0m [2mhyper::proto::h1::conn[0m[2m:[0m incoming body is content-length (45 bytes)
[2m2025-12-10T10:10:28.573267Z[0m [34mDEBUG[0m [2mhyper::proto::h1::conn[0m[2m:[0m incoming body completed
[2m2025-12-10T10:10:28.573278Z[0m [34mDEBUG[0m [2mhyper::client::pool[0m[2m:[0m pooling idle connection for ("http", 192.168.0.14:8545)
[2m2025-12-10T10:10:28.577822Z[0m [34mDEBUG[0m [2mhyper::proto::h1::io[0m[2m:[0m parsed 4 headers
[2m2025-12-10T10:10:28.577832Z[0m [34mDEBUG[0m [2mhyper::proto::h1::conn[0m[2m:[0m incoming body is content-length (868 bytes)
[2m2025-12-10T10:10:28.577838Z[0m [34mDEBUG[0m [2mhyper::proto::h1::conn[0m[2m:[0m incoming body completed
[2m2025-12-10T10:10:28.577845Z[0m [34mDEBUG[0m [2mhyper::client::pool[0m[2m:[0m pooling idle connection for ("http", 192.168.0.14:8545)
[2m2025-12-10T10:10:28.577851Z[0m [34mDEBUG[0m [2methereum_transaction_pool_monitor::eth_client[0m[2m:[0m 📡 Transaction fetch RPC completed in 4.670584ms
[2m2025-12-10T10:10:28.648702Z[0m [34mDEBUG[0m [2methereum_transaction_pool_monitor::eth_client[0m[2m:[0m ✅ Transaction 0xbc6d610e2b481e9e368dc0a88fb670da1f5faba9b784780f48e3ae755a0aee73 fetched and parsed in 75.519375ms
[2m2025-12-10T10:10:28.648728Z[0m [34mDEBUG[0m [2methereum_transaction_pool_monitor::mempool_monitor[0m[2m:[0m 🔍 Skipping tx 0xbc6d610e2b481e9e368dc0a88fb670da1f5faba9b784780f48e3ae755a0aee73 - not a DEX interaction (target: 0xf820fB4680712CD7263a0D3D024D5b5aEA82Fd70)
[2m2025-12-10T10:10:28.648738Z[0m [34mDEBUG[0m [2methereum_transaction_pool_monitor::mempool_monitor[0m[2m:[0m 📨 Processing new pending transaction: 0xaeac369b870e7bd74962ef3f99f929ef9ac931b619f4094b9ffc7a8a05bde69b
[2m2025-12-10T10:10:28.648743Z[0m [34mDEBUG[0m [2methereum_transaction_pool_monitor::mempool_monitor[0m[2m:[0m 🔍 Fetching transaction details for: 0xaeac369b870e7bd74962ef3f99f929ef9ac931b619f4094b9ffc7a8a05bde69b
[2m2025-12-10T10:10:28.648747Z[0m [34mDEBUG[0m [2methereum_transaction_pool_monitor::eth_client[0m[2m:[0m 🔍 Fetching transaction details for hash: 0xaeac369b870e7bd74962ef3f99f929ef9ac931b619f4094b9ffc7a8a05bde69b
[2m2025-12-10T10:10:28.648766Z[0m [34mDEBUG[0m [2mhyper::client::pool[0m[2m:[0m reuse idle connection for ("http", 192.168.0.14:8545)
[2m2025-12-10T10:10:28.648803Z[0m [34mDEBUG[0m [2mhyper::proto::h1::io[0m[2m:[0m flushed 250 bytes
[2m2025-12-10T10:10:28.648822Z[0m [34mDEBUG[0m [2mhyper::client::pool[0m[2m:[0m reuse idle connection for ("http", 192.168.0.14:8545)
[2m2025-12-10T10:10:28.648833Z[0m [34mDEBUG[0m [2mhyper::proto::h1::io[0m[2m:[0m flushed 172 bytes
[2m2025-12-10T10:10:28.648870Z[0m [34mDEBUG[0m [2methereum_transaction_pool_monitor::eth_client[0m[2m:[0m 📨 Received WebSocket message: {"jsonrpc":"2.0","method":"eth_subscription","params":{"subscription":"0xbed0a0851463e895960a451075a301a9","result":"0x21e7f9a10c0e28be9d40d3930e912737a007edfc5317042806ee54b498e590fe"}}
[2m2025-12-10T10:10:28.648879Z[0m [34mDEBUG[0m [2methereum_transaction_pool_monitor::eth_client[0m[2m:[0m 📨 Received pending transaction: 0x21e7f9a10c0e28be9d40d3930e912737a007edfc5317042806ee54b498e590fe
[2m2025-12-10T10:10:28.652958Z[0m [34mDEBUG[0m [2mhyper::proto::h1::io[0m[2m:[0m parsed 4 headers
[2m2025-12-10T10:10:28.652982Z[0m [34mDEBUG[0m [2mhyper::proto::h1::conn[0m[2m:[0m incoming body is content-length (45 bytes)
[2m2025-12-10T10:10:28.653004Z[0m [34mDEBUG[0m [2mhyper::proto::h1::conn[0m[2m:[0m incoming body completed
[2m2025-12-10T10:10:28.653017Z[0m [34mDEBUG[0m [2mhyper::client::pool[0m[2m:[0m pooling idle connection for ("http", 192.168.0.14:8545)
[2m2025-12-10T10:10:28.653637Z[0m [34mDEBUG[0m [2mhyper::proto::h1::io[0m[2m:[0m parsed 4 headers
[2m2025-12-10T10:10:28.653643Z[0m [34mDEBUG[0m [2mhyper::proto::h1::conn[0m[2m:[0m incoming body is content-length (772 bytes)
[2m2025-12-10T10:10:28.653650Z[0m [34mDEBUG[0m [2mhyper::proto::h1::conn[0m[2m:[0m incoming body completed
[2m2025-12-10T10:10:28.653658Z[0m [34mDEBUG[0m [2mhyper::client::pool[0m[2m:[0m pooling idle connection for ("http", 192.168.0.14:8545)
[2m2025-12-10T10:10:28.653663Z[0m [34mDEBUG[0m [2methereum_transaction_pool_monitor::eth_client[0m[2m:[0m 📡 Transaction fetch RPC completed in 4.911667ms
[2m2025-12-10T10:10:28.653680Z[0m [34mDEBUG[0m [2methereum_transaction_pool_monitor::eth_client[0m[2m:[0m DeFi transaction detected - Address: 0xdac17f958d2ee523a2206206994597c13d831ec7, Type: Stablecoin, Value: 0 ETH, Gas: 0.29 Gwei
[2m2025-12-10T10:10:28.653710Z[0m [34mDEBUG[0m [2methereum_transaction_pool_monitor::eth_client[0m[2m:[0m ✅ Transaction 0xaeac369b870e7bd74962ef3f99f929ef9ac931b619f4094b9ffc7a8a05bde69b fetched and parsed in 4.958708ms
[2m2025-12-10T10:10:28.653716Z[0m [34mDEBUG[0m [2methereum_transaction_pool_monitor::mempool_monitor[0m[2m:[0m 🔍 Skipping tx 0xaeac369b870e7bd74962ef3f99f929ef9ac931b619f4094b9ffc7a8a05bde69b - not a DEX interaction (target: 0xdAC17F958D2ee523a2206206994597C13D831ec7)
[2m2025-12-10T10:10:28.653723Z[0m [34mDEBUG[0m [2methereum_transaction_pool_monitor::mempool_monitor[0m[2m:[0m 📨 Processing new pending transaction: 0x1eb02a552bd4b9dc3b1e33ee6bff579b4488274f2433f697498b8025129ace5d
[2m2025-12-10T10:10:28.653727Z[0m [34mDEBUG[0m [2methereum_transaction_pool_monitor::mempool_monitor[0m[2m:[0m 🔍 Fetching transaction details for: 0x1eb02a552bd4b9dc3b1e33ee6bff579b4488274f2433f697498b8025129ace5d
[2m2025-12-10T10:10:28.653732Z[0m [34mDEBUG[0m [2methereum_transaction_pool_monitor::eth_client[0m[2m:[0m 🔍 Fetching transaction details for hash: 0x1eb02a552bd4b9dc3b1e33ee6bff579b4488274f2433f697498b8025129ace5d
[2m2025-12-10T10:10:28.653741Z[0m [34mDEBUG[0m [2mhyper::client::pool[0m[2m:[0m reuse idle connection for ("http", 192.168.0.14:8545)
[2m2025-12-10T10:10:28.653759Z[0m [34mDEBUG[0m [2mhyper::proto::h1::io[0m[2m:[0m flushed 250 bytes
[2m2025-12-10T10:10:28.659083Z[0m [34mDEBUG[0m [2mhyper::proto::h1::io[0m[2m:[0m parsed 4 headers
[2m2025-12-10T10:10:28.659094Z[0m [34mDEBUG[0m [2mhyper::proto::h1::conn[0m[2m:[0m incoming body is content-length (770 bytes)
[2m2025-12-10T10:10:28.659099Z[0m [34mDEBUG[0m [2mhyper::proto::h1::conn[0m[2m:[0m incoming body completed
[2m2025-12-10T10:10:28.659106Z[0m [34mDEBUG[0m [2mhyper::client::pool[0m[2m:[0m pooling idle connection for ("http", 192.168.0.14:8545)
[2m2025-12-10T10:10:28.659111Z[0m [34mDEBUG[0m [2methereum_transaction_pool_monitor::eth_client[0m[2m:[0m 📡 Transaction fetch RPC completed in 5.37525ms
[2m2025-12-10T10:10:28.659123Z[0m [34mDEBUG[0m [2methereum_transaction_pool_monitor::eth_client[0m[2m:[0m DeFi transaction detected - Address: 0xae7ab96520de3a18e5e111b5eaab095312d7fe84, Type: TokenContract, Value: 0 ETH, Gas: 0.37 Gwei
[2m2025-12-10T10:10:28.659131Z[0m [34mDEBUG[0m [2methereum_transaction_pool_monitor::eth_client[0m[2m:[0m ✅ Transaction 0x1eb02a552bd4b9dc3b1e33ee6bff579b4488274f2433f697498b8025129ace5d fetched and parsed in 5.395166ms
[2m2025-12-10T10:10:28.659136Z[0m [34mDEBUG[0m [2methereum_transaction_pool_monitor::mempool_monitor[0m[2m:[0m 🔍 Skipping tx 0x1eb02a552bd4b9dc3b1e33ee6bff579b4488274f2433f697498b8025129ace5d - not a DEX interaction (target: 0xae7ab96520DE3A18E5e111B5EaAb095312D7fE84)
[2m2025-12-10T10:10:28.659142Z[0m [34mDEBUG[0m [2methereum_transaction_pool_monitor::mempool_monitor[0m[2m:[0m 📨 Processing new pending transaction: 0x469399aa7df87e26aa097d934dd3aae85d2d941ccba77d2cfd7250b667fe3900
[2m2025-12-10T10:10:28.659146Z[0m [34mDEBUG[0m [2methereum_transaction_pool_monitor::mempool_monitor[0m[2m:[0m 🔍 Fetching transaction details for: 0x469399aa7df87e26aa097d934dd3aae85d2d941ccba77d2cfd7250b667fe3900
[2m2025-12-10T10:10:28.659149Z[0m [34mDEBUG[0m [2methereum_transaction_pool_monitor::eth_client[0m[2m:[0m 🔍 Fetching transaction details for hash: 0x469399aa7df87e26aa097d934dd3aae85d2d941ccba77d2cfd7250b667fe3900
[2m2025-12-10T10:10:28.659158Z[0m [34mDEBUG[0m [2mhyper::client::pool[0m[2m:[0m reuse idle connection for ("http", 192.168.0.14:8545)
[2m2025-12-10T10:10:28.659178Z[0m [34mDEBUG[0m [2mhyper::proto::h1::io[0m[2m:[0m flushed 250 bytes
[2m2025-12-10T10:10:28.663982Z[0m [34mDEBUG[0m [2mhyper::proto::h1::io[0m[2m:[0m parsed 4 headers
[2m2025-12-10T10:10:28.663992Z[0m [34mDEBUG[0m [2mhyper::proto::h1::conn[0m[2m:[0m incoming body is content-length (828 bytes)
[2m2025-12-10T10:10:28.663997Z[0m [34mDEBUG[0m [2mhyper::proto::h1::conn[0m[2m:[0m incoming body completed
[2m2025-12-10T10:10:28.664004Z[0m [34mDEBUG[0m [2mhyper::client::pool[0m[2m:[0m pooling idle connection for ("http", 192.168.0.14:8545)
[2m2025-12-10T10:10:28.664008Z[0m [34mDEBUG[0m [2methereum_transaction_pool_monitor::eth_client[0m[2m:[0m 📡 Transaction fetch RPC completed in 4.856541ms
[2m2025-12-10T10:10:28.735527Z[0m [34mDEBUG[0m [2methereum_transaction_pool_monitor::eth_client[0m[2m:[0m ✅ Transaction 0x469399aa7df87e26aa097d934dd3aae85d2d941ccba77d2cfd7250b667fe3900 fetched and parsed in 76.372041ms
[2m2025-12-10T10:10:28.735558Z[0m [34mDEBUG[0m [2methereum_transaction_pool_monitor::mempool_monitor[0m[2m:[0m 🔍 Skipping tx 0x469399aa7df87e26aa097d934dd3aae85d2d941ccba77d2cfd7250b667fe3900 - not a DEX interaction (target: 0x3B4D794a66304F130a4Db8F2551B0070dfCf5ca7)
[2m2025-12-10T10:10:28.735573Z[0m [34mDEBUG[0m [2methereum_transaction_pool_monitor::mempool_monitor[0m[2m:[0m 📨 Processing new pending transaction: 0x9f381705b4828cf0de4d36b2da95e9af3afb9bb85675b1e2a6efc8654dcfa7a5
[2m2025-12-10T10:10:28.735580Z[0m [34mDEBUG[0m [2methereum_transaction_pool_monitor::mempool_monitor[0m[2m:[0m 🔍 Fetching transaction details for: 0x9f381705b4828cf0de4d36b2da95e9af3afb9bb85675b1e2a6efc8654dcfa7a5
[2m2025-12-10T10:10:28.735587Z[0m [34mDEBUG[0m [2methereum_transaction_pool_monitor::eth_client[0m[2m:[0m 🔍 Fetching transaction details for hash: 0x9f381705b4828cf0de4d36b2da95e9af3afb9bb85675b1e2a6efc8654dcfa7a5
[2m2025-12-10T10:10:28.735606Z[0m [34mDEBUG[0m [2mhyper::client::pool[0m[2m:[0m reuse idle connection for ("http", 192.168.0.14:8545)
[2m2025-12-10T10:10:28.735641Z[0m [34mDEBUG[0m [2mhyper::proto::h1::io[0m[2m:[0m flushed 250 bytes
[2m2025-12-10T10:10:28.735660Z[0m [34mDEBUG[0m [2mhyper::client::pool[0m[2m:[0m reuse idle connection for ("http", 192.168.0.14:8545)
[2m2025-12-10T10:10:28.735675Z[0m [34mDEBUG[0m [2mhyper::proto::h1::io[0m[2m:[0m flushed 172 bytes
[2m2025-12-10T10:10:28.735724Z[0m [34mDEBUG[0m [2methereum_transaction_pool_monitor::eth_client[0m[2m:[0m 📨 Received WebSocket message: {"jsonrpc":"2.0","method":"eth_subscription","params":{"subscription":"0xbed0a0851463e895960a451075a301a9","result":"0x878bc6e15d93fd515ee1023f3ee64f664dfe856e48236331fe3ada4ab1197913"}}
[2m2025-12-10T10:10:28.735734Z[0m [34mDEBUG[0m [2methereum_transaction_pool_monitor::eth_client[0m[2m:[0m 📨 Received pending transaction: 0x878bc6e15d93fd515ee1023f3ee64f664dfe856e48236331fe3ada4ab1197913
[2m2025-12-10T10:10:28.739012Z[0m [34mDEBUG[0m [2mhyper::proto::h1::io[0m[2m:[0m parsed 4 headers
[2m2025-12-10T10:10:28.739025Z[0m [34mDEBUG[0m [2mhyper::proto::h1::conn[0m[2m:[0m incoming body is content-length (45 bytes)
[2m2025-12-10T10:10:28.739031Z[0m [34mDEBUG[0m [2mhyper::proto::h1::conn[0m[2m:[0m incoming body completed
[2m2025-12-10T10:10:28.739040Z[0m [34mDEBUG[0m [2mhyper::client::pool[0m[2m:[0m pooling idle connection for ("http", 192.168.0.14:8545)
[2m2025-12-10T10:10:28.740897Z[0m [34mDEBUG[0m [2mhyper::proto::h1::io[0m[2m:[0m parsed 4 headers
[2m2025-12-10T10:10:28.740903Z[0m [34mDEBUG[0m [2mhyper::proto::h1::conn[0m[2m:[0m incoming body is content-length (765 bytes)
[2m2025-12-10T10:10:28.740910Z[0m [34mDEBUG[0m [2mhyper::proto::h1::conn[0m[2m:[0m incoming body completed
[2m2025-12-10T10:10:28.741058Z[0m [34mDEBUG[0m [2mhyper::client::pool[0m[2m:[0m pooling idle connection for ("http", 192.168.0.14:8545)
[2m2025-12-10T10:10:28.741067Z[0m [34mDEBUG[0m [2methereum_transaction_pool_monitor::eth_client[0m[2m:[0m 📡 Transaction fetch RPC completed in 5.472209ms
[2m2025-12-10T10:10:28.741080Z[0m [34mDEBUG[0m [2methereum_transaction_pool_monitor::eth_client[0m[2m:[0m DeFi transaction detected - Address: 0xdac17f958d2ee523a2206206994597c13d831ec7, Type: Stablecoin, Value: 0 ETH, Gas: 0.62 Gwei
[2m2025-12-10T10:10:28.741092Z[0m [34mDEBUG[0m [2methereum_transaction_pool_monitor::eth_client[0m[2m:[0m ✅ Transaction 0x9f381705b4828cf0de4d36b2da95e9af3afb9bb85675b1e2a6efc8654dcfa7a5 fetched and parsed in 5.497709ms
[2m2025-12-10T10:10:28.741099Z[0m [34mDEBUG[0m [2methereum_transaction_pool_monitor::mempool_monitor[0m[2m:[0m 🔍 Skipping tx 0x9f381705b4828cf0de4d36b2da95e9af3afb9bb85675b1e2a6efc8654dcfa7a5 - not a DEX interaction (target: 0xdAC17F958D2ee523a2206206994597C13D831ec7)
[2m2025-12-10T10:10:28.741108Z[0m [34mDEBUG[0m [2methereum_transaction_pool_monitor::mempool_monitor[0m[2m:[0m 📨 Processing new pending transaction: 0x2418edc40430a99574a2ca9d5ac4b787dbc4f550d7cf328dd970afc43883b6e4
[2m2025-12-10T10:10:28.741113Z[0m [34mDEBUG[0m [2methereum_transaction_pool_monitor::mempool_monitor[0m[2m:[0m 🔍 Fetching transaction details for: 0x2418edc40430a99574a2ca9d5ac4b787dbc4f550d7cf328dd970afc43883b6e4
[2m2025-12-10T10:10:28.741117Z[0m [34mDEBUG[0m [2methereum_transaction_pool_monitor::eth_client[0m[2m:[0m 🔍 Fetching transaction details for hash: 0x2418edc40430a99574a2ca9d5ac4b787dbc4f550d7cf328dd970afc43883b6e4
[2m2025-12-10T10:10:28.741131Z[0m [34mDEBUG[0m [2mhyper::client::pool[0m[2m:[0m reuse idle connection for ("http", 192.168.0.14:8545)
[2m2025-12-10T10:10:28.741158Z[0m [34mDEBUG[0m [2mhyper::proto::h1::io[0m[2m:[0m flushed 250 bytes
[2m2025-12-10T10:10:28.747494Z[0m [34mDEBUG[0m [2mhyper::proto::h1::io[0m[2m:[0m parsed 4 headers
[2m2025-12-10T10:10:28.747514Z[0m [34mDEBUG[0m [2mhyper::proto::h1::conn[0m[2m:[0m incoming body is content-length (830 bytes)
[2m2025-12-10T10:10:28.747520Z[0m [34mDEBUG[0m [2mhyper::proto::h1::conn[0m[2m:[0m incoming body completed
[2m2025-12-10T10:10:28.747527Z[0m [34mDEBUG[0m [2mhyper::client::pool[0m[2m:[0m pooling idle connection for ("http", 192.168.0.14:8545)
[2m2025-12-10T10:10:28.747533Z[0m [34mDEBUG[0m [2methereum_transaction_pool_monitor::eth_client[0m[2m:[0m 📡 Transaction fetch RPC completed in 6.410041ms
[2m2025-12-10T10:10:28.821358Z[0m [34mDEBUG[0m [2methereum_transaction_pool_monitor::eth_client[0m[2m:[0m ✅ Transaction 0x2418edc40430a99574a2ca9d5ac4b787dbc4f550d7cf328dd970afc43883b6e4 fetched and parsed in 80.231875ms
[2m2025-12-10T10:10:28.821392Z[0m [34mDEBUG[0m [2methereum_transaction_pool_monitor::mempool_monitor[0m[2m:[0m 🔍 Skipping tx 0x2418edc40430a99574a2ca9d5ac4b787dbc4f550d7cf328dd970afc43883b6e4 - not a DEX interaction (target: 0x3B4D794a66304F130a4Db8F2551B0070dfCf5ca7)
[2m2025-12-10T10:10:28.821403Z[0m [34mDEBUG[0m [2methereum_transaction_pool_monitor::mempool_monitor[0m[2m:[0m 📨 Processing new pending transaction: 0x200d1ec647003125edf61047abad0b624a2aad55eaf742a49a5394858fdcdcec
[2m2025-12-10T10:10:28.821409Z[0m [34mDEBUG[0m [2methereum_transaction_pool_monitor::mempool_monitor[0m[2m:[0m 🔍 Fetching transaction details for: 0x200d1ec647003125edf61047abad0b624a2aad55eaf742a49a5394858fdcdcec
[2m2025-12-10T10:10:28.821412Z[0m [34mDEBUG[0m [2methereum_transaction_pool_monitor::eth_client[0m[2m:[0m 🔍 Fetching transaction details for hash: 0x200d1ec647003125edf61047abad0b624a2aad55eaf742a49a5394858fdcdcec
[2m2025-12-10T10:10:28.821433Z[0m [34mDEBUG[0m [2mhyper::client::pool[0m[2m:[0m reuse idle connection for ("http", 192.168.0.14:8545)
[2m2025-12-10T10:10:28.821498Z[0m [34mDEBUG[0m [2mhyper::proto::h1::io[0m[2m:[0m flushed 250 bytes
[2m2025-12-10T10:10:28.821522Z[0m [34mDEBUG[0m [2mhyper::client::pool[0m[2m:[0m reuse idle connection for ("http", 192.168.0.14:8545)
[2m2025-12-10T10:10:28.821536Z[0m [34mDEBUG[0m [2mhyper::proto::h1::io[0m[2m:[0m flushed 172 bytes
[2m2025-12-10T10:10:28.821573Z[0m [34mDEBUG[0m [2methereum_transaction_pool_monitor::eth_client[0m[2m:[0m 📨 Received WebSocket message: {"jsonrpc":"2.0","method":"eth_subscription","params":{"subscription":"0xbed0a0851463e895960a451075a301a9","result":"0x99d924ea2ca5c80114519cf98981574975273a1ec1e0f8c99bd17197b7f49ac8"}}
[2m2025-12-10T10:10:28.821581Z[0m [34mDEBUG[0m [2methereum_transaction_pool_monitor::eth_client[0m[2m:[0m 📨 Received pending transaction: 0x99d924ea2ca5c80114519cf98981574975273a1ec1e0f8c99bd17197b7f49ac8
[2m2025-12-10T10:10:28.826539Z[0m [34mDEBUG[0m [2mhyper::proto::h1::io[0m[2m:[0m parsed 4 headers
[2m2025-12-10T10:10:28.826551Z[0m [34mDEBUG[0m [2mhyper::proto::h1::conn[0m[2m:[0m incoming body is content-length (830 bytes)
[2m2025-12-10T10:10:28.826559Z[0m [34mDEBUG[0m [2mhyper::proto::h1::conn[0m[2m:[0m incoming body completed
[2m2025-12-10T10:10:28.826569Z[0m [34mDEBUG[0m [2mhyper::client::pool[0m[2m:[0m pooling idle connection for ("http", 192.168.0.14:8545)
[2m2025-12-10T10:10:28.826575Z[0m [34mDEBUG[0m [2methereum_transaction_pool_monitor::eth_client[0m[2m:[0m 📡 Transaction fetch RPC completed in 5.1585ms
[2m2025-12-10T10:10:28.897071Z[0m [34mDEBUG[0m [2methereum_transaction_pool_monitor::eth_client[0m[2m:[0m ✅ Transaction 0x200d1ec647003125edf61047abad0b624a2aad55eaf742a49a5394858fdcdcec fetched and parsed in 75.652125ms
[2m2025-12-10T10:10:28.897100Z[0m [34mDEBUG[0m [2methereum_transaction_pool_monitor::mempool_monitor[0m[2m:[0m 🔍 Skipping tx 0x200d1ec647003125edf61047abad0b624a2aad55eaf742a49a5394858fdcdcec - not a DEX interaction (target: 0x3B4D794a66304F130a4Db8F2551B0070dfCf5ca7)
[2m2025-12-10T10:10:28.897111Z[0m [34mDEBUG[0m [2methereum_transaction_pool_monitor::mempool_monitor[0m[2m:[0m 📨 Processing new pending transaction: 0xb4bd5243a0d57793e4e64c38cd799953a89ca14a5a824ce30c07a56c29de549f
[2m2025-12-10T10:10:28.897117Z[0m [34mDEBUG[0m [2methereum_transaction_pool_monitor::mempool_monitor[0m[2m:[0m 🔍 Fetching transaction details for: 0xb4bd5243a0d57793e4e64c38cd799953a89ca14a5a824ce30c07a56c29de549f
[2m2025-12-10T10:10:28.897121Z[0m [34mDEBUG[0m [2methereum_transaction_pool_monitor::eth_client[0m[2m:[0m 🔍 Fetching transaction details for hash: 0xb4bd5243a0d57793e4e64c38cd799953a89ca14a5a824ce30c07a56c29de549f
[2m2025-12-10T10:10:28.897139Z[0m [34mDEBUG[0m [2mhyper::client::pool[0m[2m:[0m reuse idle connection for ("http", 192.168.0.14:8545)
[2m2025-12-10T10:10:28.897182Z[0m [34mDEBUG[0m [2mhyper::proto::h1::io[0m[2m:[0m flushed 250 bytes
[2m2025-12-10T10:10:28.897198Z[0m [34mDEBUG[0m [2mhyper::proto::h1::io[0m[2m:[0m parsed 4 headers
[2m2025-12-10T10:10:28.897203Z[0m [34mDEBUG[0m [2mhyper::proto::h1::conn[0m[2m:[0m incoming body is content-length (45 bytes)
[2m2025-12-10T10:10:28.897211Z[0m [34mDEBUG[0m [2mhyper::proto::h1::conn[0m[2m:[0m incoming body completed
[2m2025-12-10T10:10:28.897219Z[0m [34mDEBUG[0m [2mhyper::client::pool[0m[2m:[0m pooling idle connection for ("http", 192.168.0.14:8545)
[2m2025-12-10T10:10:28.897235Z[0m [34mDEBUG[0m [2mhyper::client::pool[0m[2m:[0m reuse idle connection for ("http", 192.168.0.14:8545)
[2m2025-12-10T10:10:28.897249Z[0m [34mDEBUG[0m [2mhyper::proto::h1::io[0m[2m:[0m flushed 172 bytes
[2m2025-12-10T10:10:28.902948Z[0m [34mDEBUG[0m [2mhyper::proto::h1::io[0m[2m:[0m parsed 4 headers
[2m2025-12-10T10:10:28.902963Z[0m [34mDEBUG[0m [2mhyper::proto::h1::conn[0m[2m:[0m incoming body is content-length (643 bytes)
[2m2025-12-10T10:10:28.902973Z[0m [34mDEBUG[0m [2mhyper::proto::h1::conn[0m[2m:[0m incoming body completed
[2m2025-12-10T10:10:28.902982Z[0m [34mDEBUG[0m [2mhyper::client::pool[0m[2m:[0m pooling idle connection for ("http", 192.168.0.14:8545)
[2m2025-12-10T10:10:28.902990Z[0m [34mDEBUG[0m [2methereum_transaction_pool_monitor::eth_client[0m[2m:[0m 📡 Transaction fetch RPC completed in 5.8655ms
[2m2025-12-10T10:10:28.973776Z[0m [34mDEBUG[0m [2methereum_transaction_pool_monitor::eth_client[0m[2m:[0m ✅ Transaction 0xb4bd5243a0d57793e4e64c38cd799953a89ca14a5a824ce30c07a56c29de549f fetched and parsed in 76.649166ms
[2m2025-12-10T10:10:28.973811Z[0m [34mDEBUG[0m [2methereum_transaction_pool_monitor::mempool_monitor[0m[2m:[0m 🔍 Skipping tx 0xb4bd5243a0d57793e4e64c38cd799953a89ca14a5a824ce30c07a56c29de549f - not a DEX interaction (target: 0x17E5545B11b468072283Cee1F066a059Fb0dbF24)
[2m2025-12-10T10:10:28.973822Z[0m [34mDEBUG[0m [2methereum_transaction_pool_monitor::mempool_monitor[0m[2m:[0m 📨 Processing new pending transaction: 0x8e29966e9fd06ce3d84535e0dd66a2cd3ad129bd0d09b373cf3a9d880f227e62
[2m2025-12-10T10:10:28.973828Z[0m [34mDEBUG[0m [2methereum_transaction_pool_monitor::mempool_monitor[0m[2m:[0m 🔍 Fetching transaction details for: 0x8e29966e9fd06ce3d84535e0dd66a2cd3ad129bd0d09b373cf3a9d880f227e62
[2m2025-12-10T10:10:28.973832Z[0m [34mDEBUG[0m [2methereum_transaction_pool_monitor::eth_client[0m[2m:[0m 🔍 Fetching transaction details for hash: 0x8e29966e9fd06ce3d84535e0dd66a2cd3ad129bd0d09b373cf3a9d880f227e62
[2m2025-12-10T10:10:28.973852Z[0m [34mDEBUG[0m [2mhyper::client::pool[0m[2m:[0m reuse idle connection for ("http", 192.168.0.14:8545)
[2m2025-12-10T10:10:28.973903Z[0m [34mDEBUG[0m [2mhyper::proto::h1::io[0m[2m:[0m flushed 250 bytes
[2m2025-12-10T10:10:28.973928Z[0m [34mDEBUG[0m [2methereum_transaction_pool_monitor::eth_client[0m[2m:[0m 📨 Received WebSocket message: {"jsonrpc":"2.0","method":"eth_subscription","params":{"subscription":"0xbed0a0851463e895960a451075a301a9","result":"0x8011a784639567ffc2cc871e8016345a36804b0d372c4cdf70ce117394a8e34e"}}
[2m2025-12-10T10:10:28.973929Z[0m [34mDEBUG[0m [2mhyper::proto::h1::io[0m[2m:[0m parsed 4 headers
[2m2025-12-10T10:10:28.973944Z[0m [34mDEBUG[0m [2methereum_transaction_pool_monitor::eth_client[0m[2m:[0m 📨 Received pending transaction: 0x8011a784639567ffc2cc871e8016345a36804b0d372c4cdf70ce117394a8e34e
[2m2025-12-10T10:10:28.973946Z[0m [34mDEBUG[0m [2mhyper::proto::h1::conn[0m[2m:[0m incoming body is content-length (45 bytes)
[2m2025-12-10T10:10:28.973953Z[0m [34mDEBUG[0m [2methereum_transaction_pool_monitor::eth_client[0m[2m:[0m 📨 Received WebSocket message: {"jsonrpc":"2.0","method":"eth_subscription","params":{"subscription":"0xbed0a0851463e895960a451075a301a9","result":"0xe52dc4b78136f9c4be505f777fbf033b128ae0d198fd673c8e9ecb771aa7d1b9"}}
[2m2025-12-10T10:10:28.973960Z[0m [34mDEBUG[0m [2mhyper::proto::h1::conn[0m[2m:[0m incoming body completed
[2m2025-12-10T10:10:28.973962Z[0m [34mDEBUG[0m [2methereum_transaction_pool_monitor::eth_client[0m[2m:[0m 📨 Received pending transaction: 0xe52dc4b78136f9c4be505f777fbf033b128ae0d198fd673c8e9ecb771aa7d1b9
[2m2025-12-10T10:10:28.973973Z[0m [34mDEBUG[0m [2mhyper::client::pool[0m[2m:[0m pooling idle connection for ("http", 192.168.0.14:8545)
[2m2025-12-10T10:10:28.977790Z[0m [34mDEBUG[0m [2mhyper::proto::h1::io[0m[2m:[0m parsed 4 headers
[2m2025-12-10T10:10:28.977805Z[0m [34mDEBUG[0m [2mhyper::proto::h1::conn[0m[2m:[0m incoming body is content-length (4225 bytes)
[2m2025-12-10T10:10:28.977820Z[0m [34mDEBUG[0m [2methereum_transaction_pool_monitor::eth_client[0m[2m:[0m 📡 Transaction fetch RPC completed in 3.984583ms
[2m2025-12-10T10:10:28.979697Z[0m [34mDEBUG[0m [2mhyper::proto::h1::conn[0m[2m:[0m incoming body completed
[2m2025-12-10T10:10:28.979707Z[0m [34mDEBUG[0m [2mhyper::client::pool[0m[2m:[0m pooling idle connection for ("http", 192.168.0.14:8545)
[2m2025-12-10T10:10:28.998749Z[0m [34mDEBUG[0m [2mhyper::client::pool[0m[2m:[0m reuse idle connection for ("http", 192.168.0.14:8545)
[2m2025-12-10T10:10:28.998814Z[0m [34mDEBUG[0m [2mhyper::proto::h1::io[0m[2m:[0m flushed 172 bytes
[2m2025-12-10T10:10:29.004820Z[0m [34mDEBUG[0m [2mhyper::proto::h1::io[0m[2m:[0m parsed 4 headers
[2m2025-12-10T10:10:29.004839Z[0m [34mDEBUG[0m [2mhyper::proto::h1::conn[0m[2m:[0m incoming body is content-length (45 bytes)
[2m2025-12-10T10:10:29.004847Z[0m [34mDEBUG[0m [2mhyper::proto::h1::conn[0m[2m:[0m incoming body completed
[2m2025-12-10T10:10:29.004857Z[0m [34mDEBUG[0m [2mhyper::client::pool[0m[2m:[0m pooling idle connection for ("http", 192.168.0.14:8545)
[2m2025-12-10T10:10:29.043898Z[0m [34mDEBUG[0m [2methereum_transaction_pool_monitor::eth_client[0m[2m:[0m 📨 Received WebSocket message: {"jsonrpc":"2.0","method":"eth_subscription","params":{"subscription":"0xbed0a0851463e895960a451075a301a9","result":"0x161d4e590de6d6c345ed49b28e56a06012ab46aab59f85db36d59a1368c43341"}}
[2m2025-12-10T10:10:29.043923Z[0m [34mDEBUG[0m [2methereum_transaction_pool_monitor::eth_client[0m[2m:[0m 📨 Received pending transaction: 0x161d4e590de6d6c345ed49b28e56a06012ab46aab59f85db36d59a1368c43341
[2m2025-12-10T10:10:29.051755Z[0m [34mDEBUG[0m [2methereum_transaction_pool_monitor::eth_client[0m[2m:[0m ✅ Transaction 0x8e29966e9fd06ce3d84535e0dd66a2cd3ad129bd0d09b373cf3a9d880f227e62 fetched and parsed in 77.91775ms
[2m2025-12-10T10:10:29.051780Z[0m [34mDEBUG[0m [2methereum_transaction_pool_monitor::mempool_monitor[0m[2m:[0m 🔍 Skipping tx 0x8e29966e9fd06ce3d84535e0dd66a2cd3ad129bd0d09b373cf3a9d880f227e62 - not a DEX interaction (target: 0xba5Ed099633D3B313e4D5F7bdc1305d3c28ba5Ed)
[2m2025-12-10T10:10:29.051791Z[0m [34mDEBUG[0m [2methereum_transaction_pool_monitor::mempool_monitor[0m[2m:[0m 📨 Processing new pending transaction: 0x2001c118efac9dd7bc1b7bd084864617028eb405dfb6d92a16a8d609469bd90e
[2m2025-12-10T10:10:29.051796Z[0m [34mDEBUG[0m [2methereum_transaction_pool_monitor::mempool_monitor[0m[2m:[0m 🔍 Fetching transaction details for: 0x2001c118efac9dd7bc1b7bd084864617028eb405dfb6d92a16a8d609469bd90e
[2m2025-12-10T10:10:29.051801Z[0m [34mDEBUG[0m [2methereum_transaction_pool_monitor::eth_client[0m[2m:[0m 🔍 Fetching transaction details for hash: 0x2001c118efac9dd7bc1b7bd084864617028eb405dfb6d92a16a8d609469bd90e
[2m2025-12-10T10:10:29.051819Z[0m [34mDEBUG[0m [2mhyper::client::pool[0m[2m:[0m reuse idle connection for ("http", 192.168.0.14:8545)
[2m2025-12-10T10:10:29.051865Z[0m [34mDEBUG[0m [2mhyper::proto::h1::io[0m[2m:[0m flushed 250 bytes
[2m2025-12-10T10:10:29.055965Z[0m [34mDEBUG[0m [2mhyper::proto::h1::io[0m[2m:[0m parsed 4 headers
[2m2025-12-10T10:10:29.055973Z[0m [34mDEBUG[0m [2mhyper::proto::h1::conn[0m[2m:[0m incoming body is content-length (780 bytes)
[2m2025-12-10T10:10:29.055981Z[0m [34mDEBUG[0m [2mhyper::proto::h1::conn[0m[2m:[0m incoming body completed
[2m2025-12-10T10:10:29.055993Z[0m [34mDEBUG[0m [2mhyper::client::pool[0m[2m:[0m pooling idle connection for ("http", 192.168.0.14:8545)
[2m2025-12-10T10:10:29.056000Z[0m [34mDEBUG[0m [2methereum_transaction_pool_monitor::eth_client[0m[2m:[0m 📡 Transaction fetch RPC completed in 4.194875ms
[2m2025-12-10T10:10:29.056016Z[0m [34mDEBUG[0m [2methereum_transaction_pool_monitor::eth_client[0m[2m:[0m DeFi transaction detected - Address: 0xdac17f958d2ee523a2206206994597c13d831ec7, Type: Stablecoin, Value: 0 ETH, Gas: 501.00 Gwei
[2m2025-12-10T10:10:29.056029Z[0m [34mDEBUG[0m [2methereum_transaction_pool_monitor::eth_client[0m[2m:[0m ✅ Transaction 0x2001c118efac9dd7bc1b7bd084864617028eb405dfb6d92a16a8d609469bd90e fetched and parsed in 4.224083ms
[2m2025-12-10T10:10:29.056035Z[0m [34mDEBUG[0m [2methereum_transaction_pool_monitor::mempool_monitor[0m[2m:[0m 🔍 Skipping tx 0x2001c118efac9dd7bc1b7bd084864617028eb405dfb6d92a16a8d609469bd90e - not a DEX interaction (target: 0xdAC17F958D2ee523a2206206994597C13D831ec7)
[2m2025-12-10T10:10:29.056041Z[0m [34mDEBUG[0m [2methereum_transaction_pool_monitor::mempool_monitor[0m[2m:[0m 📨 Processing new pending transaction: 0x8e4a2b4750dc52e9b0dddcca2896bed965f4db8a1eeaf24072105e083451e5c8
[2m2025-12-10T10:10:29.056134Z[0m [34mDEBUG[0m [2methereum_transaction_pool_monitor::mempool_monitor[0m[2m:[0m 🔍 Fetching transaction details for: 0x8e4a2b4750dc52e9b0dddcca2896bed965f4db8a1eeaf24072105e083451e5c8
[2m2025-12-10T10:10:29.056139Z[0m [34mDEBUG[0m [2methereum_transaction_pool_monitor::eth_client[0m[2m:[0m 🔍 Fetching transaction details for hash: 0x8e4a2b4750dc52e9b0dddcca2896bed965f4db8a1eeaf24072105e083451e5c8
[2m2025-12-10T10:10:29.056150Z[0m [34mDEBUG[0m [2mhyper::client::pool[0m[2m:[0m reuse idle connection for ("http", 192.168.0.14:8545)
[2m2025-12-10T10:10:29.056163Z[0m [34mDEBUG[0m [2mhyper::proto::h1::io[0m[2m:[0m flushed 250 bytes
[2m2025-12-10T10:10:29.060713Z[0m [34mDEBUG[0m [2mhyper::proto::h1::io[0m[2m:[0m parsed 4 headers
[2m2025-12-10T10:10:29.060721Z[0m [34mDEBUG[0m [2mhyper::proto::h1::conn[0m[2m:[0m incoming body is content-length (1932 bytes)
[2m2025-12-10T10:10:29.060727Z[0m [34mDEBUG[0m [2mhyper::proto::h1::conn[0m[2m:[0m incoming body completed
[2m2025-12-10T10:10:29.060735Z[0m [34mDEBUG[0m [2mhyper::client::pool[0m[2m:[0m pooling idle connection for ("http", 192.168.0.14:8545)
[2m2025-12-10T10:10:29.060741Z[0m [34mDEBUG[0m [2methereum_transaction_pool_monitor::eth_client[0m[2m:[0m 📡 Transaction fetch RPC completed in 4.598625ms
[2m2025-12-10T10:10:29.173374Z[0m [34mDEBUG[0m [2methereum_transaction_pool_monitor::eth_client[0m[2m:[0m ✅ Transaction 0x8e4a2b4750dc52e9b0dddcca2896bed965f4db8a1eeaf24072105e083451e5c8 fetched and parsed in 117.229834ms
[2m2025-12-10T10:10:29.173396Z[0m [34mDEBUG[0m [2methereum_transaction_pool_monitor::mempool_monitor[0m[2m:[0m 🔍 Skipping tx 0x8e4a2b4750dc52e9b0dddcca2896bed965f4db8a1eeaf24072105e083451e5c8 - not a DEX interaction (target: 0x00000047bB99ea4D791bb749D970DE71EE0b1A34)
[2m2025-12-10T10:10:29.173406Z[0m [34mDEBUG[0m [2methereum_transaction_pool_monitor::mempool_monitor[0m[2m:[0m 📨 Processing new pending transaction: 0xee0fd78f5188ef1166dcd3f1f553b6bbb5fcd3bbcb6855506531089841593028
[2m2025-12-10T10:10:29.173412Z[0m [34mDEBUG[0m [2methereum_transaction_pool_monitor::mempool_monitor[0m[2m:[0m 🔍 Fetching transaction details for: 0xee0fd78f5188ef1166dcd3f1f553b6bbb5fcd3bbcb6855506531089841593028
[2m2025-12-10T10:10:29.173416Z[0m [34mDEBUG[0m [2methereum_transaction_pool_monitor::eth_client[0m[2m:[0m 🔍 Fetching transaction details for hash: 0xee0fd78f5188ef1166dcd3f1f553b6bbb5fcd3bbcb6855506531089841593028
[2m2025-12-10T10:10:29.173434Z[0m [34mDEBUG[0m [2mhyper::client::pool[0m[2m:[0m reuse idle connection for ("http", 192.168.0.14:8545)
[2m2025-12-10T10:10:29.173463Z[0m [34mDEBUG[0m [2mhyper::proto::h1::io[0m[2m:[0m flushed 250 bytes
[2m2025-12-10T10:10:29.173479Z[0m [34mDEBUG[0m [2mhyper::client::pool[0m[2m:[0m reuse idle connection for ("http", 192.168.0.14:8545)
[2m2025-12-10T10:10:29.173487Z[0m [34mDEBUG[0m [2methereum_transaction_pool_monitor::eth_client[0m[2m:[0m 📨 Received WebSocket message: {"jsonrpc":"2.0","method":"eth_subscription","params":{"subscription":"0xbed0a0851463e895960a451075a301a9","result":"0xaa8b060bf2e7a18f5a3e0ebae5161691b97cb4d71b01b82177340c7635d992cc"}}
[2m2025-12-10T10:10:29.173491Z[0m [34mDEBUG[0m [2mhyper::proto::h1::io[0m[2m:[0m flushed 172 bytes
[2m2025-12-10T10:10:29.173496Z[0m [34mDEBUG[0m [2methereum_transaction_pool_monitor::eth_client[0m[2m:[0m 📨 Received pending transaction: 0xaa8b060bf2e7a18f5a3e0ebae5161691b97cb4d71b01b82177340c7635d992cc
[2m2025-12-10T10:10:29.173502Z[0m [34mDEBUG[0m [2methereum_transaction_pool_monitor::eth_client[0m[2m:[0m 📨 Received WebSocket message: {"jsonrpc":"2.0","method":"eth_subscription","params":{"subscription":"0xbed0a0851463e895960a451075a301a9","result":"0xec7287fc0a90370ad9ae666da3a06f8e19964b44e7c1995f07a0a7cd3b554b3d"}}
[2m2025-12-10T10:10:29.173506Z[0m [34mDEBUG[0m [2methereum_transaction_pool_monitor::eth_client[0m[2m:[0m 📨 Received pending transaction: 0xec7287fc0a90370ad9ae666da3a06f8e19964b44e7c1995f07a0a7cd3b554b3d
[2m2025-12-10T10:10:29.177497Z[0m [34mDEBUG[0m [2mhyper::proto::h1::io[0m[2m:[0m parsed 4 headers
[2m2025-12-10T10:10:29.177504Z[0m [34mDEBUG[0m [2mhyper::proto::h1::conn[0m[2m:[0m incoming body is content-length (45 bytes)
[2m2025-12-10T10:10:29.177511Z[0m [34mDEBUG[0m [2mhyper::proto::h1::conn[0m[2m:[0m incoming body completed
[2m2025-12-10T10:10:29.177518Z[0m [34mDEBUG[0m [2mhyper::client::pool[0m[2m:[0m pooling idle connection for ("http", 192.168.0.14:8545)
[2m2025-12-10T10:10:29.178087Z[0m [34mDEBUG[0m [2mhyper::proto::h1::io[0m[2m:[0m parsed 4 headers
[2m2025-12-10T10:10:29.178095Z[0m [34mDEBUG[0m [2mhyper::proto::h1::conn[0m[2m:[0m incoming body is content-length (705 bytes)
[2m2025-12-10T10:10:29.178101Z[0m [34mDEBUG[0m [2mhyper::proto::h1::conn[0m[2m:[0m incoming body completed
[2m2025-12-10T10:10:29.178108Z[0m [34mDEBUG[0m [2mhyper::client::pool[0m[2m:[0m pooling idle connection for ("http", 192.168.0.14:8545)
[2m2025-12-10T10:10:29.178113Z[0m [34mDEBUG[0m [2methereum_transaction_pool_monitor::eth_client[0m[2m:[0m 📡 Transaction fetch RPC completed in 4.692708ms
[2m2025-12-10T10:10:29.322552Z[0m [34mDEBUG[0m [2methereum_transaction_pool_monitor::eth_client[0m[2m:[0m ✅ Transaction 0xee0fd78f5188ef1166dcd3f1f553b6bbb5fcd3bbcb6855506531089841593028 fetched and parsed in 149.128542ms
[2m2025-12-10T10:10:29.322574Z[0m [34mDEBUG[0m [2methereum_transaction_pool_monitor::mempool_monitor[0m[2m:[0m 🔍 Skipping tx 0xee0fd78f5188ef1166dcd3f1f553b6bbb5fcd3bbcb6855506531089841593028 - not a DEX interaction (target: 0x32c7E8068702ef39E691d308315f8EeC584A8b96)
[2m2025-12-10T10:10:29.322584Z[0m [34mDEBUG[0m [2methereum_transaction_pool_monitor::mempool_monitor[0m[2m:[0m 📨 Processing new pending transaction: 0xc63ed8a856ce4b49b0ed356c5ada3a9f870b6d4929582177587e4db2dce26d4a
[2m2025-12-10T10:10:29.322588Z[0m [34mDEBUG[0m [2methereum_transaction_pool_monitor::mempool_monitor[0m[2m:[0m 🔍 Fetching transaction details for: 0xc63ed8a856ce4b49b0ed356c5ada3a9f870b6d4929582177587e4db2dce26d4a
[2m2025-12-10T10:10:29.322592Z[0m [34mDEBUG[0m [2methereum_transaction_pool_monitor::eth_client[0m[2m:[0m 🔍 Fetching transaction details for hash: 0xc63ed8a856ce4b49b0ed356c5ada3a9f870b6d4929582177587e4db2dce26d4a
[2m2025-12-10T10:10:29.322609Z[0m [34mDEBUG[0m [2mhyper::client::pool[0m[2m:[0m reuse idle connection for ("http", 192.168.0.14:8545)
[2m2025-12-10T10:10:29.322660Z[0m [34mDEBUG[0m [2mhyper::proto::h1::io[0m[2m:[0m flushed 250 bytes
[2m2025-12-10T10:10:29.322713Z[0m [34mDEBUG[0m [2mhyper::client::pool[0m[2m:[0m reuse idle connection for ("http", 192.168.0.14:8545)
[2m2025-12-10T10:10:29.322756Z[0m [34mDEBUG[0m [2methereum_transaction_pool_monitor::eth_client[0m[2m:[0m 📨 Received WebSocket message: {"jsonrpc":"2.0","method":"eth_subscription","params":{"subscription":"0xbed0a0851463e895960a451075a301a9","result":"0x42a0e3d781ed636f984128d17a28ce9d8cb240e5ced8a68206b7358c5d574006"}}
[2m2025-12-10T10:10:29.322769Z[0m [34mDEBUG[0m [2mhyper::proto::h1::io[0m[2m:[0m flushed 172 bytes
[2m2025-12-10T10:10:29.322778Z[0m [34mDEBUG[0m [2methereum_transaction_pool_monitor::eth_client[0m[2m:[0m 📨 Received pending transaction: 0x42a0e3d781ed636f984128d17a28ce9d8cb240e5ced8a68206b7358c5d574006
[2m2025-12-10T10:10:29.322799Z[0m [34mDEBUG[0m [2methereum_transaction_pool_monitor::eth_client[0m[2m:[0m 📨 Received WebSocket message: {"jsonrpc":"2.0","method":"eth_subscription","params":{"subscription":"0xbed0a0851463e895960a451075a301a9","result":"0xc7122f817b980f4550d50df26dd3f9e4be6c1c12a75ab78f5c68ab632eec98bb"}}
[2m2025-12-10T10:10:29.322807Z[0m [34mDEBUG[0m [2methereum_transaction_pool_monitor::eth_client[0m[2m:[0m 📨 Received pending transaction: 0xc7122f817b980f4550d50df26dd3f9e4be6c1c12a75ab78f5c68ab632eec98bb
[2m2025-12-10T10:10:29.326731Z[0m [34mDEBUG[0m [2mhyper::proto::h1::io[0m[2m:[0m parsed 4 headers
[2m2025-12-10T10:10:29.326745Z[0m [34mDEBUG[0m [2mhyper::proto::h1::conn[0m[2m:[0m incoming body is content-length (45 bytes)
[2m2025-12-10T10:10:29.326753Z[0m [34mDEBUG[0m [2mhyper::proto::h1::conn[0m[2m:[0m incoming body completed
[2m2025-12-10T10:10:29.326762Z[0m [34mDEBUG[0m [2mhyper::client::pool[0m[2m:[0m pooling idle connection for ("http", 192.168.0.14:8545)
[2m2025-12-10T10:10:29.326784Z[0m [34mDEBUG[0m [2mhyper::client::pool[0m[2m:[0m reuse idle connection for ("http", 192.168.0.14:8545)
[2m2025-12-10T10:10:29.326812Z[0m [34mDEBUG[0m [2mhyper::proto::h1::io[0m[2m:[0m flushed 172 bytes
[2m2025-12-10T10:10:29.327382Z[0m [34mDEBUG[0m [2mhyper::proto::h1::io[0m[2m:[0m parsed 4 headers
[2m2025-12-10T10:10:29.327389Z[0m [34mDEBUG[0m [2mhyper::proto::h1::conn[0m[2m:[0m incoming body is content-length (640 bytes)
[2m2025-12-10T10:10:29.327394Z[0m [34mDEBUG[0m [2mhyper::proto::h1::conn[0m[2m:[0m incoming body completed
[2m2025-12-10T10:10:29.327400Z[0m [34mDEBUG[0m [2mhyper::client::pool[0m[2m:[0m pooling idle connection for ("http", 192.168.0.14:8545)
[2m2025-12-10T10:10:29.327407Z[0m [34mDEBUG[0m [2methereum_transaction_pool_monitor::eth_client[0m[2m:[0m 📡 Transaction fetch RPC completed in 4.811334ms
[2m2025-12-10T10:10:29.399244Z[0m [34mDEBUG[0m [2methereum_transaction_pool_monitor::eth_client[0m[2m:[0m ✅ Transaction 0xc63ed8a856ce4b49b0ed356c5ada3a9f870b6d4929582177587e4db2dce26d4a fetched and parsed in 76.645542ms
[2m2025-12-10T10:10:29.399271Z[0m [34mDEBUG[0m [2methereum_transaction_pool_monitor::mempool_monitor[0m[2m:[0m 🔍 Skipping tx 0xc63ed8a856ce4b49b0ed356c5ada3a9f870b6d4929582177587e4db2dce26d4a - not a DEX interaction (target: 0x32c7E8068702ef39E691d308315f8EeC584A8b96)
[2m2025-12-10T10:10:29.399281Z[0m [34mDEBUG[0m [2methereum_transaction_pool_monitor::mempool_monitor[0m[2m:[0m 📨 Processing new pending transaction: 0xf340aa3284d757729d3927336f90ddcfe14bc2dea93d6e85ebaab3f6e6caf4b5
[2m2025-12-10T10:10:29.399287Z[0m [34mDEBUG[0m [2methereum_transaction_pool_monitor::mempool_monitor[0m[2m:[0m 🔍 Fetching transaction details for: 0xf340aa3284d757729d3927336f90ddcfe14bc2dea93d6e85ebaab3f6e6caf4b5
[2m2025-12-10T10:10:29.399292Z[0m [34mDEBUG[0m [2methereum_transaction_pool_monitor::eth_client[0m[2m:[0m 🔍 Fetching transaction details for hash: 0xf340aa3284d757729d3927336f90ddcfe14bc2dea93d6e85ebaab3f6e6caf4b5
[2m2025-12-10T10:10:29.399310Z[0m [34mDEBUG[0m [2mhyper::client::pool[0m[2m:[0m reuse idle connection for ("http", 192.168.0.14:8545)
[2m2025-12-10T10:10:29.399349Z[0m [34mDEBUG[0m [2mhyper::proto::h1::io[0m[2m:[0m flushed 250 bytes
[2m2025-12-10T10:10:29.399364Z[0m [34mDEBUG[0m [2mhyper::proto::h1::io[0m[2m:[0m parsed 4 headers
[2m2025-12-10T10:10:29.399368Z[0m [34mDEBUG[0m [2mhyper::proto::h1::conn[0m[2m:[0m incoming body is content-length (45 bytes)
[2m2025-12-10T10:10:29.399376Z[0m [34mDEBUG[0m [2mhyper::proto::h1::conn[0m[2m:[0m incoming body completed
[2m2025-12-10T10:10:29.399384Z[0m [34mDEBUG[0m [2mhyper::client::pool[0m[2m:[0m pooling idle connection for ("http", 192.168.0.14:8545)
[2m2025-12-10T10:10:29.399401Z[0m [34mDEBUG[0m [2mhyper::client::pool[0m[2m:[0m reuse idle connection for ("http", 192.168.0.14:8545)
[2m2025-12-10T10:10:29.399417Z[0m [34mDEBUG[0m [2mhyper::proto::h1::io[0m[2m:[0m flushed 172 bytes
[2m2025-12-10T10:10:29.404412Z[0m [34mDEBUG[0m [2mhyper::proto::h1::io[0m[2m:[0m parsed 4 headers
[2m2025-12-10T10:10:29.404447Z[0m [34mDEBUG[0m [2mhyper::proto::h1::conn[0m[2m:[0m incoming body is content-length (45 bytes)
[2m2025-12-10T10:10:29.404471Z[0m [34mDEBUG[0m [2mhyper::proto::h1::conn[0m[2m:[0m incoming body completed
[2m2025-12-10T10:10:29.404481Z[0m [34mDEBUG[0m [2mhyper::client::pool[0m[2m:[0m pooling idle connection for ("http", 192.168.0.14:8545)
[2m2025-12-10T10:10:29.406026Z[0m [34mDEBUG[0m [2mhyper::proto::h1::io[0m[2m:[0m parsed 4 headers
[2m2025-12-10T10:10:29.406036Z[0m [34mDEBUG[0m [2mhyper::proto::h1::conn[0m[2m:[0m incoming body is content-length (12159 bytes)
[2m2025-12-10T10:10:29.406049Z[0m [34mDEBUG[0m [2methereum_transaction_pool_monitor::eth_client[0m[2m:[0m 📡 Transaction fetch RPC completed in 6.753208ms
[2m2025-12-10T10:10:29.407687Z[0m [34mDEBUG[0m [2mhyper::proto::h1::conn[0m[2m:[0m incoming body completed
[2m2025-12-10T10:10:29.407735Z[0m [34mDEBUG[0m [2mhyper::client::pool[0m[2m:[0m pooling idle connection for ("http", 192.168.0.14:8545)
[2m2025-12-10T10:10:29.479753Z[0m [34mDEBUG[0m [2methereum_transaction_pool_monitor::eth_client[0m[2m:[0m ✅ Transaction 0xf340aa3284d757729d3927336f90ddcfe14bc2dea93d6e85ebaab3f6e6caf4b5 fetched and parsed in 80.455042ms
[2m2025-12-10T10:10:29.479783Z[0m [34mDEBUG[0m [2methereum_transaction_pool_monitor::mempool_monitor[0m[2m:[0m 🔍 Skipping tx 0xf340aa3284d757729d3927336f90ddcfe14bc2dea93d6e85ebaab3f6e6caf4b5 - not a DEX interaction (target: 0x618892aE551eB5bB2DE8911057b3714274b5FFe1)
[2m2025-12-10T10:10:29.479795Z[0m [34mDEBUG[0m [2methereum_transaction_pool_monitor::mempool_monitor[0m[2m:[0m 📨 Processing new pending transaction: 0x66a58200620ab243cfe040cca39038293259358bf192b217cfd69ec63317337a
[2m2025-12-10T10:10:29.479804Z[0m [34mDEBUG[0m [2methereum_transaction_pool_monitor::mempool_monitor[0m[2m:[0m 🔍 Fetching transaction details for: 0x66a58200620ab243cfe040cca39038293259358bf192b217cfd69ec63317337a
[2m2025-12-10T10:10:29.479809Z[0m [34mDEBUG[0m [2methereum_transaction_pool_monitor::eth_client[0m[2m:[0m 🔍 Fetching transaction details for hash: 0x66a58200620ab243cfe040cca39038293259358bf192b217cfd69ec63317337a
[2m2025-12-10T10:10:29.479829Z[0m [34mDEBUG[0m [2mhyper::client::pool[0m[2m:[0m reuse idle connection for ("http", 192.168.0.14:8545)
[2m2025-12-10T10:10:29.479865Z[0m [34mDEBUG[0m [2mhyper::proto::h1::io[0m[2m:[0m flushed 250 bytes
[2m2025-12-10T10:10:29.481412Z[0m [34mDEBUG[0m [2methereum_transaction_pool_monitor::eth_client[0m[2m:[0m 📨 Received WebSocket message: {"jsonrpc":"2.0","method":"eth_subscription","params":{"subscription":"0xbed0a0851463e895960a451075a301a9","result":"0x391c24232719eef50b29dad8da14fd29ca470e41e27ad3217389f513868e4479"}}
[2m2025-12-10T10:10:29.481423Z[0m [34mDEBUG[0m [2methereum_transaction_pool_monitor::eth_client[0m[2m:[0m 📨 Received pending transaction: 0x391c24232719eef50b29dad8da14fd29ca470e41e27ad3217389f513868e4479
[2m2025-12-10T10:10:29.484902Z[0m [34mDEBUG[0m [2mhyper::proto::h1::io[0m[2m:[0m parsed 4 headers
[2m2025-12-10T10:10:29.484910Z[0m [34mDEBUG[0m [2mhyper::proto::h1::conn[0m[2m:[0m incoming body is content-length (771 bytes)
[2m2025-12-10T10:10:29.484917Z[0m [34mDEBUG[0m [2mhyper::proto::h1::conn[0m[2m:[0m incoming body completed
[2m2025-12-10T10:10:29.484925Z[0m [34mDEBUG[0m [2mhyper::client::pool[0m[2m:[0m pooling idle connection for ("http", 192.168.0.14:8545)
[2m2025-12-10T10:10:29.484931Z[0m [34mDEBUG[0m [2methereum_transaction_pool_monitor::eth_client[0m[2m:[0m 📡 Transaction fetch RPC completed in 5.115625ms
[2m2025-12-10T10:10:29.556387Z[0m [34mDEBUG[0m [2methereum_transaction_pool_monitor::eth_client[0m[2m:[0m ✅ Transaction 0x66a58200620ab243cfe040cca39038293259358bf192b217cfd69ec63317337a fetched and parsed in 76.5695ms
[2m2025-12-10T10:10:29.556413Z[0m [34mDEBUG[0m [2methereum_transaction_pool_monitor::mempool_monitor[0m[2m:[0m 🔍 Skipping tx 0x66a58200620ab243cfe040cca39038293259358bf192b217cfd69ec63317337a - not a DEX interaction (target: 0xe591293151fFDadD5E06487087D9b0E2743de92E)
[2m2025-12-10T10:10:29.556425Z[0m [34mDEBUG[0m [2methereum_transaction_pool_monitor::mempool_monitor[0m[2m:[0m 📨 Processing new pending transaction: 0xe3af7b811898776880e316bfb5e0afb9f149897c2d90a7c4517fbd8f771da8fa
[2m2025-12-10T10:10:29.556430Z[0m [34mDEBUG[0m [2methereum_transaction_pool_monitor::mempool_monitor[0m[2m:[0m 🔍 Fetching transaction details for: 0xe3af7b811898776880e316bfb5e0afb9f149897c2d90a7c4517fbd8f771da8fa
[2m2025-12-10T10:10:29.557142Z[0m [34mDEBUG[0m [2methereum_transaction_pool_monitor::eth_client[0m[2m:[0m 🔍 Fetching transaction details for hash: 0xe3af7b811898776880e316bfb5e0afb9f149897c2d90a7c4517fbd8f771da8fa
[2m2025-12-10T10:10:29.557166Z[0m [34mDEBUG[0m [2mhyper::client::pool[0m[2m:[0m reuse idle connection for ("http", 192.168.0.14:8545)
[2m2025-12-10T10:10:29.557190Z[0m [34mDEBUG[0m [2mhyper::proto::h1::io[0m[2m:[0m flushed 250 bytes
[2m2025-12-10T10:10:29.557217Z[0m [34mDEBUG[0m [2mhyper::client::pool[0m[2m:[0m reuse idle connection for ("http", 192.168.0.14:8545)
[2m2025-12-10T10:10:29.557229Z[0m [34mDEBUG[0m [2mhyper::proto::h1::io[0m[2m:[0m flushed 172 bytes
[2m2025-12-10T10:10:29.563960Z[0m [34mDEBUG[0m [2mhyper::proto::h1::io[0m[2m:[0m parsed 4 headers
[2m2025-12-10T10:10:29.563971Z[0m [34mDEBUG[0m [2mhyper::proto::h1::conn[0m[2m:[0m incoming body is content-length (45 bytes)
[2m2025-12-10T10:10:29.563978Z[0m [34mDEBUG[0m [2mhyper::proto::h1::conn[0m[2m:[0m incoming body completed
[2m2025-12-10T10:10:29.563988Z[0m [34mDEBUG[0m [2mhyper::client::pool[0m[2m:[0m pooling idle connection for ("http", 192.168.0.14:8545)
[2m2025-12-10T10:10:29.564005Z[0m [34mDEBUG[0m [2mhyper::proto::h1::io[0m[2m:[0m parsed 4 headers
[2m2025-12-10T10:10:29.564009Z[0m [34mDEBUG[0m [2mhyper::proto::h1::conn[0m[2m:[0m incoming body is content-length (704 bytes)
[2m2025-12-10T10:10:29.564013Z[0m [34mDEBUG[0m [2mhyper::proto::h1::conn[0m[2m:[0m incoming body completed
[2m2025-12-10T10:10:29.564018Z[0m [34mDEBUG[0m [2mhyper::client::pool[0m[2m:[0m pooling idle connection for ("http", 192.168.0.14:8545)
[2m2025-12-10T10:10:29.564022Z[0m [34mDEBUG[0m [2methereum_transaction_pool_monitor::eth_client[0m[2m:[0m 📡 Transaction fetch RPC completed in 6.870833ms
[2m2025-12-10T10:10:29.632298Z[0m [34mDEBUG[0m [2methereum_transaction_pool_monitor::eth_client[0m[2m:[0m ✅ Transaction 0xe3af7b811898776880e316bfb5e0afb9f149897c2d90a7c4517fbd8f771da8fa fetched and parsed in 75.145083ms
[2m2025-12-10T10:10:29.632325Z[0m [34mDEBUG[0m [2methereum_transaction_pool_monitor::mempool_monitor[0m[2m:[0m 🔍 Skipping tx 0xe3af7b811898776880e316bfb5e0afb9f149897c2d90a7c4517fbd8f771da8fa - not a DEX interaction (target: 0xA0b86991c6218b36c1d19D4a2e9Eb0cE3606eB48)
[2m2025-12-10T10:10:29.632335Z[0m [34mDEBUG[0m [2methereum_transaction_pool_monitor::mempool_monitor[0m[2m:[0m 📨 Processing new pending transaction: 0xc741d724f880c27bee30f72f164b0059560d012bc2235a58241f175561555605
[2m2025-12-10T10:10:29.632341Z[0m [34mDEBUG[0m [2methereum_transaction_pool_monitor::mempool_monitor[0m[2m:[0m 🔍 Fetching transaction details for: 0xc741d724f880c27bee30f72f164b0059560d012bc2235a58241f175561555605
[2m2025-12-10T10:10:29.632345Z[0m [34mDEBUG[0m [2methereum_transaction_pool_monitor::eth_client[0m[2m:[0m 🔍 Fetching transaction details for hash: 0xc741d724f880c27bee30f72f164b0059560d012bc2235a58241f175561555605
[2m2025-12-10T10:10:29.632365Z[0m [34mDEBUG[0m [2mhyper::client::pool[0m[2m:[0m reuse idle connection for ("http", 192.168.0.14:8545)
[2m2025-12-10T10:10:29.632400Z[0m [34mDEBUG[0m [2mhyper::proto::h1::io[0m[2m:[0m flushed 250 bytes
[2m2025-12-10T10:10:29.632432Z[0m [34mDEBUG[0m [2mhyper::client::pool[0m[2m:[0m reuse idle connection for ("http", 192.168.0.14:8545)
[2m2025-12-10T10:10:29.632452Z[0m [34mDEBUG[0m [2mhyper::proto::h1::io[0m[2m:[0m flushed 172 bytes
[2m2025-12-10T10:10:29.639034Z[0m [34mDEBUG[0m [2mhyper::proto::h1::io[0m[2m:[0m parsed 4 headers
[2m2025-12-10T10:10:29.639064Z[0m [34mDEBUG[0m [2mhyper::proto::h1::conn[0m[2m:[0m incoming body is content-length (45 bytes)
[2m2025-12-10T10:10:29.639080Z[0m [34mDEBUG[0m [2mhyper::proto::h1::conn[0m[2m:[0m incoming body completed
[2m2025-12-10T10:10:29.639107Z[0m [34mDEBUG[0m [2mhyper::client::pool[0m[2m:[0m pooling idle connection for ("http", 192.168.0.14:8545)
[2m2025-12-10T10:10:29.639540Z[0m [34mDEBUG[0m [2mhyper::proto::h1::io[0m[2m:[0m parsed 4 headers
[2m2025-12-10T10:10:29.639546Z[0m [34mDEBUG[0m [2mhyper::proto::h1::conn[0m[2m:[0m incoming body is content-length (967 bytes)
[2m2025-12-10T10:10:29.639552Z[0m [34mDEBUG[0m [2mhyper::proto::h1::conn[0m[2m:[0m incoming body completed
[2m2025-12-10T10:10:29.639559Z[0m [34mDEBUG[0m [2mhyper::client::pool[0m[2m:[0m pooling idle connection for ("http", 192.168.0.14:8545)
[2m2025-12-10T10:10:29.639566Z[0m [34mDEBUG[0m [2methereum_transaction_pool_monitor::eth_client[0m[2m:[0m 📡 Transaction fetch RPC completed in 7.2175ms
[2m2025-12-10T10:10:29.710904Z[0m [34mDEBUG[0m [2methereum_transaction_pool_monitor::eth_client[0m[2m:[0m ✅ Transaction 0xc741d724f880c27bee30f72f164b0059560d012bc2235a58241f175561555605 fetched and parsed in 78.55325ms
[2m2025-12-10T10:10:29.710933Z[0m [34mDEBUG[0m [2methereum_transaction_pool_monitor::mempool_monitor[0m[2m:[0m 🔍 Skipping tx 0xc741d724f880c27bee30f72f164b0059560d012bc2235a58241f175561555605 - not a DEX interaction (target: 0xd862CDcfEB856C32B3C4F7563f4811D8Ddfd42e2)
[2m2025-12-10T10:10:29.710945Z[0m [34mDEBUG[0m [2methereum_transaction_pool_monitor::mempool_monitor[0m[2m:[0m 📨 Processing new pending transaction: 0x1f1088030730bb09cadf3658b68836ea15ec94b5e1c70816a736a103ebd9bdba
[2m2025-12-10T10:10:29.710951Z[0m [34mDEBUG[0m [2methereum_transaction_pool_monitor::mempool_monitor[0m[2m:[0m 🔍 Fetching transaction details for: 0x1f1088030730bb09cadf3658b68836ea15ec94b5e1c70816a736a103ebd9bdba
[2m2025-12-10T10:10:29.710955Z[0m [34mDEBUG[0m [2methereum_transaction_pool_monitor::eth_client[0m[2m:[0m 🔍 Fetching transaction details for hash: 0x1f1088030730bb09cadf3658b68836ea15ec94b5e1c70816a736a103ebd9bdba
[2m2025-12-10T10:10:29.710972Z[0m [34mDEBUG[0m [2mhyper::client::pool[0m[2m:[0m reuse idle connection for ("http", 192.168.0.14:8545)
[2m2025-12-10T10:10:29.711013Z[0m [34mDEBUG[0m [2mhyper::proto::h1::io[0m[2m:[0m flushed 250 bytes
[2m2025-12-10T10:10:29.711041Z[0m [34mDEBUG[0m [2mhyper::client::pool[0m[2m:[0m reuse idle connection for ("http", 192.168.0.14:8545)
[2m2025-12-10T10:10:29.711057Z[0m [34mDEBUG[0m [2mhyper::proto::h1::io[0m[2m:[0m flushed 172 bytes
[2m2025-12-10T10:10:29.717762Z[0m [34mDEBUG[0m [2mhyper::proto::h1::io[0m[2m:[0m parsed 4 headers
[2m2025-12-10T10:10:29.717770Z[0m [34mDEBUG[0m [2mhyper::proto::h1::conn[0m[2m:[0m incoming body is content-length (1095 bytes)
[2m2025-12-10T10:10:29.717778Z[0m [34mDEBUG[0m [2mhyper::proto::h1::conn[0m[2m:[0m incoming body completed
[2m2025-12-10T10:10:29.717787Z[0m [34mDEBUG[0m [2mhyper::client::pool[0m[2m:[0m pooling idle connection for ("http", 192.168.0.14:8545)
[2m2025-12-10T10:10:29.717794Z[0m [34mDEBUG[0m [2methereum_transaction_pool_monitor::eth_client[0m[2m:[0m 📡 Transaction fetch RPC completed in 6.835084ms
[2m2025-12-10T10:10:29.717812Z[0m [34mDEBUG[0m [2methereum_transaction_pool_monitor::eth_client[0m[2m:[0m DeFi transaction detected - Address: 0x68b3465833fb72a70ecdf485e0e4c7bd8665fc45, Type: DexRouter, Value: 0 ETH, Gas: 0.50 Gwei
[2m2025-12-10T10:10:29.717823Z[0m [34mDEBUG[0m [2methereum_transaction_pool_monitor::eth_client[0m[2m:[0m ✅ Transaction 0x1f1088030730bb09cadf3658b68836ea15ec94b5e1c70816a736a103ebd9bdba fetched and parsed in 6.863875ms
[2m2025-12-10T10:10:29.717829Z[0m [34mDEBUG[0m [2methereum_transaction_pool_monitor::mempool_monitor[0m[2m:[0m 🔍 Skipping tx 0x1f1088030730bb09cadf3658b68836ea15ec94b5e1c70816a736a103ebd9bdba - not a DEX interaction (target: 0x68b3465833fb72A70ecDF485E0e4C7bD8665Fc45)
[2m2025-12-10T10:10:29.717835Z[0m [34mDEBUG[0m [2methereum_transaction_pool_monitor::mempool_monitor[0m[2m:[0m 📨 Processing new pending transaction: 0xd050c5c57dabf8728444a088f9181f07413841fbee0a29d318ebfdaefc94f0a4
[2m2025-12-10T10:10:29.717840Z[0m [34mDEBUG[0m [2methereum_transaction_pool_monitor::mempool_monitor[0m[2m:[0m 🔍 Fetching transaction details for: 0xd050c5c57dabf8728444a088f9181f07413841fbee0a29d318ebfdaefc94f0a4
[2m2025-12-10T10:10:29.717844Z[0m [34mDEBUG[0m [2methereum_transaction_pool_monitor::eth_client[0m[2m:[0m 🔍 Fetching transaction details for hash: 0xd050c5c57dabf8728444a088f9181f07413841fbee0a29d318ebfdaefc94f0a4
[2m2025-12-10T10:10:29.717853Z[0m [34mDEBUG[0m [2mhyper::client::pool[0m[2m:[0m reuse idle connection for ("http", 192.168.0.14:8545)
[2m2025-12-10T10:10:29.717866Z[0m [34mDEBUG[0m [2mhyper::proto::h1::io[0m[2m:[0m flushed 250 bytes
[2m2025-12-10T10:10:29.717874Z[0m [34mDEBUG[0m [2mhyper::proto::h1::io[0m[2m:[0m parsed 4 headers
[2m2025-12-10T10:10:29.717878Z[0m [34mDEBUG[0m [2mhyper::proto::h1::conn[0m[2m:[0m incoming body is content-length (45 bytes)
[2m2025-12-10T10:10:29.717881Z[0m [34mDEBUG[0m [2mhyper::proto::h1::conn[0m[2m:[0m incoming body completed
[2m2025-12-10T10:10:29.717886Z[0m [34mDEBUG[0m [2mhyper::client::pool[0m[2m:[0m pooling idle connection for ("http", 192.168.0.14:8545)
[2m2025-12-10T10:10:29.723652Z[0m [34mDEBUG[0m [2mhyper::proto::h1::io[0m[2m:[0m parsed 4 headers
[2m2025-12-10T10:10:29.723659Z[0m [34mDEBUG[0m [2mhyper::proto::h1::conn[0m[2m:[0m incoming body is content-length (646 bytes)
[2m2025-12-10T10:10:29.723663Z[0m [34mDEBUG[0m [2mhyper::proto::h1::conn[0m[2m:[0m incoming body completed
[2m2025-12-10T10:10:29.723670Z[0m [34mDEBUG[0m [2mhyper::client::pool[0m[2m:[0m pooling idle connection for ("http", 192.168.0.14:8545)
[2m2025-12-10T10:10:29.723674Z[0m [34mDEBUG[0m [2methereum_transaction_pool_monitor::eth_client[0m[2m:[0m 📡 Transaction fetch RPC completed in 5.826792ms
[2m2025-12-10T10:10:29.794341Z[0m [34mDEBUG[0m [2methereum_transaction_pool_monitor::eth_client[0m[2m:[0m ✅ Transaction 0xd050c5c57dabf8728444a088f9181f07413841fbee0a29d318ebfdaefc94f0a4 fetched and parsed in 76.491583ms
[2m2025-12-10T10:10:29.794367Z[0m [34mDEBUG[0m [2methereum_transaction_pool_monitor::mempool_monitor[0m[2m:[0m 🔍 Skipping tx 0xd050c5c57dabf8728444a088f9181f07413841fbee0a29d318ebfdaefc94f0a4 - not a DEX interaction (target: 0xFE97cbaEA9de7F2FF3DF6C5947D81b1542E765eb)
[2m2025-12-10T10:10:29.794376Z[0m [34mDEBUG[0m [2methereum_transaction_pool_monitor::mempool_monitor[0m[2m:[0m 📨 Processing new pending transaction: 0xd83133c50fb010b3951a341673f71097e16592304ba621bf349611b4cdb2dff0
[2m2025-12-10T10:10:29.794383Z[0m [34mDEBUG[0m [2methereum_transaction_pool_monitor::mempool_monitor[0m[2m:[0m 🔍 Fetching transaction details for: 0xd83133c50fb010b3951a341673f71097e16592304ba621bf349611b4cdb2dff0
[2m2025-12-10T10:10:29.794387Z[0m [34mDEBUG[0m [2methereum_transaction_pool_monitor::eth_client[0m[2m:[0m 🔍 Fetching transaction details for hash: 0xd83133c50fb010b3951a341673f71097e16592304ba621bf349611b4cdb2dff0
[2m2025-12-10T10:10:29.794405Z[0m [34mDEBUG[0m [2mhyper::client::pool[0m[2m:[0m reuse idle connection for ("http", 192.168.0.14:8545)
[2m2025-12-10T10:10:29.794447Z[0m [34mDEBUG[0m [2mhyper::proto::h1::io[0m[2m:[0m flushed 250 bytes
[2m2025-12-10T10:10:29.797003Z[0m [34mDEBUG[0m [2mhyper::client::pool[0m[2m:[0m reuse idle connection for ("http", 192.168.0.14:8545)
[2m2025-12-10T10:10:29.801037Z[0m [34mDEBUG[0m [2mhyper::proto::h1::io[0m[2m:[0m flushed 172 bytes
[2m2025-12-10T10:10:29.801056Z[0m [34mDEBUG[0m [2mhyper::proto::h1::io[0m[2m:[0m parsed 4 headers
[2m2025-12-10T10:10:29.801062Z[0m [34mDEBUG[0m [2mhyper::proto::h1::conn[0m[2m:[0m incoming body is content-length (771 bytes)
[2m2025-12-10T10:10:29.801070Z[0m [34mDEBUG[0m [2mhyper::proto::h1::conn[0m[2m:[0m incoming body completed
[2m2025-12-10T10:10:29.801080Z[0m [34mDEBUG[0m [2mhyper::client::pool[0m[2m:[0m pooling idle connection for ("http", 192.168.0.14:8545)
[2m2025-12-10T10:10:29.801087Z[0m [34mDEBUG[0m [2methereum_transaction_pool_monitor::eth_client[0m[2m:[0m 📡 Transaction fetch RPC completed in 6.6955ms
[2m2025-12-10T10:10:29.872908Z[0m [34mDEBUG[0m [2methereum_transaction_pool_monitor::eth_client[0m[2m:[0m ✅ Transaction 0xd83133c50fb010b3951a341673f71097e16592304ba621bf349611b4cdb2dff0 fetched and parsed in 78.514458ms
[2m2025-12-10T10:10:29.872941Z[0m [34mDEBUG[0m [2methereum_transaction_pool_monitor::mempool_monitor[0m[2m:[0m 🔍 Skipping tx 0xd83133c50fb010b3951a341673f71097e16592304ba621bf349611b4cdb2dff0 - not a DEX interaction (target: 0xB8f28C60dD8240141185a192fa4156A23E189305)
[2m2025-12-10T10:10:29.872954Z[0m [34mDEBUG[0m [2methereum_transaction_pool_monitor::mempool_monitor[0m[2m:[0m 📨 Processing new pending transaction: 0xfc0ca38cc4f3880f4954988f0686ddcf0ff5fbf57ff437e2fa0fcef7d98a83e2
[2m2025-12-10T10:10:29.872961Z[0m [34mDEBUG[0m [2methereum_transaction_pool_monitor::mempool_monitor[0m[2m:[0m 🔍 Fetching transaction details for: 0xfc0ca38cc4f3880f4954988f0686ddcf0ff5fbf57ff437e2fa0fcef7d98a83e2
[2m2025-12-10T10:10:29.872967Z[0m [34mDEBUG[0m [2methereum_transaction_pool_monitor::eth_client[0m[2m:[0m 🔍 Fetching transaction details for hash: 0xfc0ca38cc4f3880f4954988f0686ddcf0ff5fbf57ff437e2fa0fcef7d98a83e2
[2m2025-12-10T10:10:29.872987Z[0m [34mDEBUG[0m [2mhyper::client::pool[0m[2m:[0m reuse idle connection for ("http", 192.168.0.14:8545)
[2m2025-12-10T10:10:29.873019Z[0m [34mDEBUG[0m [2mhyper::proto::h1::io[0m[2m:[0m flushed 250 bytes
[2m2025-12-10T10:10:29.873044Z[0m [34mDEBUG[0m [2methereum_transaction_pool_monitor::eth_client[0m[2m:[0m 📨 Received WebSocket message: {"jsonrpc":"2.0","method":"eth_subscription","params":{"subscription":"0xbed0a0851463e895960a451075a301a9","result":"0xa595ff72be7bbfce5cef9973f3bc3ac8daf241db85bbe5b3e86a721099ee7df0"}}
[2m2025-12-10T10:10:29.873046Z[0m [34mDEBUG[0m [2mhyper::proto::h1::io[0m[2m:[0m parsed 4 headers
[2m2025-12-10T10:10:29.873053Z[0m [34mDEBUG[0m [2methereum_transaction_pool_monitor::eth_client[0m[2m:[0m 📨 Received pending transaction: 0xa595ff72be7bbfce5cef9973f3bc3ac8daf241db85bbe5b3e86a721099ee7df0
[2m2025-12-10T10:10:29.873056Z[0m [34mDEBUG[0m [2mhyper::proto::h1::conn[0m[2m:[0m incoming body is content-length (45 bytes)
[2m2025-12-10T10:10:29.873059Z[0m [32m INFO[0m [2methereum_transaction_pool_monitor::eth_client[0m[2m:[0m 📊 WebSocket stats - Total: 2050 transactions, Rate: 13.5 tx/s
[2m2025-12-10T10:10:29.873066Z[0m [34mDEBUG[0m [2mhyper::proto::h1::conn[0m[2m:[0m incoming body completed
[2m2025-12-10T10:10:29.873076Z[0m [34mDEBUG[0m [2mhyper::client::pool[0m[2m:[0m pooling idle connection for ("http", 192.168.0.14:8545)
[2m2025-12-10T10:10:29.877549Z[0m [34mDEBUG[0m [2mhyper::proto::h1::io[0m[2m:[0m parsed 4 headers
[2m2025-12-10T10:10:29.877557Z[0m [34mDEBUG[0m [2mhyper::proto::h1::conn[0m[2m:[0m incoming body is content-length (774 bytes)
[2m2025-12-10T10:10:29.877563Z[0m [34mDEBUG[0m [2mhyper::proto::h1::conn[0m[2m:[0m incoming body completed
[2m2025-12-10T10:10:29.877568Z[0m [34mDEBUG[0m [2mhyper::client::pool[0m[2m:[0m pooling idle connection for ("http", 192.168.0.14:8545)
[2m2025-12-10T10:10:29.877573Z[0m [34mDEBUG[0m [2methereum_transaction_pool_monitor::eth_client[0m[2m:[0m 📡 Transaction fetch RPC completed in 4.600834ms
[2m2025-12-10T10:10:29.877584Z[0m [34mDEBUG[0m [2methereum_transaction_pool_monitor::eth_client[0m[2m:[0m DeFi transaction detected - Address: 0xdac17f958d2ee523a2206206994597c13d831ec7, Type: Stablecoin, Value: 0 ETH, Gas: 0.75 Gwei
[2m2025-12-10T10:10:29.877598Z[0m [34mDEBUG[0m [2methereum_transaction_pool_monitor::eth_client[0m[2m:[0m ✅ Transaction 0xfc0ca38cc4f3880f4954988f0686ddcf0ff5fbf57ff437e2fa0fcef7d98a83e2 fetched and parsed in 4.626125ms
[2m2025-12-10T10:10:29.877603Z[0m [34mDEBUG[0m [2methereum_transaction_pool_monitor::mempool_monitor[0m[2m:[0m 🔍 Skipping tx 0xfc0ca38cc4f3880f4954988f0686ddcf0ff5fbf57ff437e2fa0fcef7d98a83e2 - not a DEX interaction (target: 0xdAC17F958D2ee523a2206206994597C13D831ec7)
[2m2025-12-10T10:10:29.877848Z[0m [34mDEBUG[0m [2methereum_transaction_pool_monitor::mempool_monitor[0m[2m:[0m 📨 Processing new pending transaction: 0xa1291a84a4b5120d25144272e467596753a57d70b7fc6eb0272018600476fa1f
[2m2025-12-10T10:10:29.877856Z[0m [34mDEBUG[0m [2methereum_transaction_pool_monitor::mempool_monitor[0m[2m:[0m 🔍 Fetching transaction details for: 0xa1291a84a4b5120d25144272e467596753a57d70b7fc6eb0272018600476fa1f
[2m2025-12-10T10:10:29.877861Z[0m [34mDEBUG[0m [2methereum_transaction_pool_monitor::eth_client[0m[2m:[0m 🔍 Fetching transaction details for hash: 0xa1291a84a4b5120d25144272e467596753a57d70b7fc6eb0272018600476fa1f
[2m2025-12-10T10:10:29.877873Z[0m [34mDEBUG[0m [2mhyper::client::pool[0m[2m:[0m reuse idle connection for ("http", 192.168.0.14:8545)
[2m2025-12-10T10:10:29.877890Z[0m [34mDEBUG[0m [2mhyper::proto::h1::io[0m[2m:[0m flushed 250 bytes
[2m2025-12-10T10:10:29.882443Z[0m [34mDEBUG[0m [2mhyper::proto::h1::io[0m[2m:[0m parsed 4 headers
[2m2025-12-10T10:10:29.882448Z[0m [34mDEBUG[0m [2mhyper::proto::h1::conn[0m[2m:[0m incoming body is content-length (771 bytes)
[2m2025-12-10T10:10:29.882452Z[0m [34mDEBUG[0m [2mhyper::proto::h1::conn[0m[2m:[0m incoming body completed
[2m2025-12-10T10:10:29.882458Z[0m [34mDEBUG[0m [2mhyper::client::pool[0m[2m:[0m pooling idle connection for ("http", 192.168.0.14:8545)
[2m2025-12-10T10:10:29.882462Z[0m [34mDEBUG[0m [2methereum_transaction_pool_monitor::eth_client[0m[2m:[0m 📡 Transaction fetch RPC completed in 4.596958ms
[2m2025-12-10T10:10:29.882473Z[0m [34mDEBUG[0m [2methereum_transaction_pool_monitor::eth_client[0m[2m:[0m DeFi transaction detected - Address: 0xdac17f958d2ee523a2206206994597c13d831ec7, Type: Stablecoin, Value: 0 ETH, Gas: 0.29 Gwei
[2m2025-12-10T10:10:29.882482Z[0m [34mDEBUG[0m [2methereum_transaction_pool_monitor::eth_client[0m[2m:[0m ✅ Transaction 0xa1291a84a4b5120d25144272e467596753a57d70b7fc6eb0272018600476fa1f fetched and parsed in 4.616041ms
[2m2025-12-10T10:10:29.882486Z[0m [34mDEBUG[0m [2methereum_transaction_pool_monitor::mempool_monitor[0m[2m:[0m 🔍 Skipping tx 0xa1291a84a4b5120d25144272e467596753a57d70b7fc6eb0272018600476fa1f - not a DEX interaction (target: 0xdAC17F958D2ee523a2206206994597C13D831ec7)
[2m2025-12-10T10:10:29.882492Z[0m [34mDEBUG[0m [2methereum_transaction_pool_monitor::mempool_monitor[0m[2m:[0m 📨 Processing new pending transaction: 0xa4b57693378107dcac9e62cb957023e2d09990e5868eeedf6b0e4d2990f575a4
[2m2025-12-10T10:10:29.882495Z[0m [34mDEBUG[0m [2methereum_transaction_pool_monitor::mempool_monitor[0m[2m:[0m 🔍 Fetching transaction details for: 0xa4b57693378107dcac9e62cb957023e2d09990e5868eeedf6b0e4d2990f575a4
[2m2025-12-10T10:10:29.882498Z[0m [34mDEBUG[0m [2methereum_transaction_pool_monitor::eth_client[0m[2m:[0m 🔍 Fetching transaction details for hash: 0xa4b57693378107dcac9e62cb957023e2d09990e5868eeedf6b0e4d2990f575a4
[2m2025-12-10T10:10:29.882505Z[0m [34mDEBUG[0m [2mhyper::client::pool[0m[2m:[0m reuse idle connection for ("http", 192.168.0.14:8545)
[2m2025-12-10T10:10:29.882521Z[0m [34mDEBUG[0m [2mhyper::proto::h1::io[0m[2m:[0m flushed 250 bytes
[2m2025-12-10T10:10:29.890113Z[0m [34mDEBUG[0m [2mhyper::proto::h1::io[0m[2m:[0m parsed 4 headers
[2m2025-12-10T10:10:29.890119Z[0m [34mDEBUG[0m [2mhyper::proto::h1::conn[0m[2m:[0m incoming body is content-length (769 bytes)
[2m2025-12-10T10:10:29.890124Z[0m [34mDEBUG[0m [2mhyper::proto::h1::conn[0m[2m:[0m incoming body completed
[2m2025-12-10T10:10:29.890130Z[0m [34mDEBUG[0m [2mhyper::client::pool[0m[2m:[0m pooling idle connection for ("http", 192.168.0.14:8545)
[2m2025-12-10T10:10:29.890135Z[0m [34mDEBUG[0m [2methereum_transaction_pool_monitor::eth_client[0m[2m:[0m 📡 Transaction fetch RPC completed in 7.6335ms
[2m2025-12-10T10:10:29.890145Z[0m [34mDEBUG[0m [2methereum_transaction_pool_monitor::eth_client[0m[2m:[0m DeFi transaction detected - Address: 0xdac17f958d2ee523a2206206994597c13d831ec7, Type: Stablecoin, Value: 0 ETH, Gas: 2.29 Gwei
[2m2025-12-10T10:10:29.890155Z[0m [34mDEBUG[0m [2methereum_transaction_pool_monitor::eth_client[0m[2m:[0m ✅ Transaction 0xa4b57693378107dcac9e62cb957023e2d09990e5868eeedf6b0e4d2990f575a4 fetched and parsed in 7.654083ms
[2m2025-12-10T10:10:29.890160Z[0m [34mDEBUG[0m [2methereum_transaction_pool_monitor::mempool_monitor[0m[2m:[0m 🔍 Skipping tx 0xa4b57693378107dcac9e62cb957023e2d09990e5868eeedf6b0e4d2990f575a4 - not a DEX interaction (target: 0xdAC17F958D2ee523a2206206994597C13D831ec7)
[2m2025-12-10T10:10:29.890166Z[0m [34mDEBUG[0m [2methereum_transaction_pool_monitor::mempool_monitor[0m[2m:[0m 📨 Processing new pending transaction: 0x75f7d8ada0d1e78ccdcc2ae81fe43adf635da68e078a8cc24d0b36eaa736a359
[2m2025-12-10T10:10:29.890169Z[0m [34mDEBUG[0m [2methereum_transaction_pool_monitor::mempool_monitor[0m[2m:[0m 🔍 Fetching transaction details for: 0x75f7d8ada0d1e78ccdcc2ae81fe43adf635da68e078a8cc24d0b36eaa736a359
[2m2025-12-10T10:10:29.890172Z[0m [34mDEBUG[0m [2methereum_transaction_pool_monitor::eth_client[0m[2m:[0m 🔍 Fetching transaction details for hash: 0x75f7d8ada0d1e78ccdcc2ae81fe43adf635da68e078a8cc24d0b36eaa736a359
[2m2025-12-10T10:10:29.890182Z[0m [34mDEBUG[0m [2mhyper::client::pool[0m[2m:[0m reuse idle connection for ("http", 192.168.0.14:8545)
[2m2025-12-10T10:10:29.890199Z[0m [34mDEBUG[0m [2mhyper::proto::h1::io[0m[2m:[0m flushed 250 bytes
[2m2025-12-10T10:10:29.894026Z[0m [34mDEBUG[0m [2mhyper::proto::h1::io[0m[2m:[0m parsed 4 headers
[2m2025-12-10T10:10:29.894033Z[0m [34mDEBUG[0m [2mhyper::proto::h1::conn[0m[2m:[0m incoming body is content-length (770 bytes)
[2m2025-12-10T10:10:29.894039Z[0m [34mDEBUG[0m [2mhyper::proto::h1::conn[0m[2m:[0m incoming body completed
[2m2025-12-10T10:10:29.894044Z[0m [34mDEBUG[0m [2mhyper::client::pool[0m[2m:[0m pooling idle connection for ("http", 192.168.0.14:8545)
[2m2025-12-10T10:10:29.894059Z[0m [34mDEBUG[0m [2methereum_transaction_pool_monitor::eth_client[0m[2m:[0m 📡 Transaction fetch RPC completed in 3.883583ms
[2m2025-12-10T10:10:29.894067Z[0m [34mDEBUG[0m [2methereum_transaction_pool_monitor::eth_client[0m[2m:[0m DeFi transaction detected - Address: 0xdac17f958d2ee523a2206206994597c13d831ec7, Type: Stablecoin, Value: 0 ETH, Gas: 0.75 Gwei
[2m2025-12-10T10:10:29.894074Z[0m [34mDEBUG[0m [2methereum_transaction_pool_monitor::eth_client[0m[2m:[0m ✅ Transaction 0x75f7d8ada0d1e78ccdcc2ae81fe43adf635da68e078a8cc24d0b36eaa736a359 fetched and parsed in 3.898708ms
[2m2025-12-10T10:10:29.894078Z[0m [34mDEBUG[0m [2methereum_transaction_pool_monitor::mempool_monitor[0m[2m:[0m 🔍 Skipping tx 0x75f7d8ada0d1e78ccdcc2ae81fe43adf635da68e078a8cc24d0b36eaa736a359 - not a DEX interaction (target: 0xdAC17F958D2ee523a2206206994597C13D831ec7)
[2m2025-12-10T10:10:29.894083Z[0m [34mDEBUG[0m [2methereum_transaction_pool_monitor::mempool_monitor[0m[2m:[0m 📨 Processing new pending transaction: 0x204f55dad3977b334da3418bc0a83e26656047d6cba5f8a9361e7cb0d22f7a65
[2m2025-12-10T10:10:29.894086Z[0m [34mDEBUG[0m [2methereum_transaction_pool_monitor::mempool_monitor[0m[2m:[0m 🔍 Fetching transaction details for: 0x204f55dad3977b334da3418bc0a83e26656047d6cba5f8a9361e7cb0d22f7a65
[2m2025-12-10T10:10:29.894089Z[0m [34mDEBUG[0m [2methereum_transaction_pool_monitor::eth_client[0m[2m:[0m 🔍 Fetching transaction details for hash: 0x204f55dad3977b334da3418bc0a83e26656047d6cba5f8a9361e7cb0d22f7a65
[2m2025-12-10T10:10:29.894095Z[0m [34mDEBUG[0m [2mhyper::client::pool[0m[2m:[0m reuse idle connection for ("http", 192.168.0.14:8545)
[2m2025-12-10T10:10:29.894113Z[0m [34mDEBUG[0m [2mhyper::proto::h1::io[0m[2m:[0m flushed 250 bytes
[2m2025-12-10T10:10:29.897908Z[0m [34mDEBUG[0m [2mhyper::client::pool[0m[2m:[0m reuse idle connection for ("http", 192.168.0.14:8545)
[2m2025-12-10T10:10:29.897962Z[0m [34mDEBUG[0m [2mhyper::proto::h1::io[0m[2m:[0m flushed 172 bytes
[2m2025-12-10T10:10:29.898707Z[0m [34mDEBUG[0m [2mhyper::proto::h1::io[0m[2m:[0m parsed 4 headers
[2m2025-12-10T10:10:29.898726Z[0m [34mDEBUG[0m [2mhyper::proto::h1::conn[0m[2m:[0m incoming body is content-length (830 bytes)
[2m2025-12-10T10:10:29.898742Z[0m [34mDEBUG[0m [2mhyper::proto::h1::conn[0m[2m:[0m incoming body completed
[2m2025-12-10T10:10:29.898760Z[0m [34mDEBUG[0m [2mhyper::client::pool[0m[2m:[0m pooling idle connection for ("http", 192.168.0.14:8545)
[2m2025-12-10T10:10:29.898768Z[0m [34mDEBUG[0m [2methereum_transaction_pool_monitor::eth_client[0m[2m:[0m 📡 Transaction fetch RPC completed in 4.67525ms
[2m2025-12-10T10:10:29.968266Z[0m [34mDEBUG[0m [2methereum_transaction_pool_monitor::eth_client[0m[2m:[0m ✅ Transaction 0x204f55dad3977b334da3418bc0a83e26656047d6cba5f8a9361e7cb0d22f7a65 fetched and parsed in 74.171083ms
[2m2025-12-10T10:10:29.968290Z[0m [34mDEBUG[0m [2methereum_transaction_pool_monitor::mempool_monitor[0m[2m:[0m 🔍 Skipping tx 0x204f55dad3977b334da3418bc0a83e26656047d6cba5f8a9361e7cb0d22f7a65 - not a DEX interaction (target: 0xDDaef92FA7888eb8A8a684F72F5e8e9Ee6045490)
[2m2025-12-10T10:10:29.968297Z[0m [34mDEBUG[0m [2methereum_transaction_pool_monitor::mempool_monitor[0m[2m:[0m 📨 Processing new pending transaction: 0x5852e08b69fe535a587e298f152ef8b39a6a8a1e254d95124228a1acb4532cd0
[2m2025-12-10T10:10:29.968301Z[0m [34mDEBUG[0m [2methereum_transaction_pool_monitor::mempool_monitor[0m[2m:[0m 🔍 Fetching transaction details for: 0x5852e08b69fe535a587e298f152ef8b39a6a8a1e254d95124228a1acb4532cd0
[2m2025-12-10T10:10:29.968305Z[0m [34mDEBUG[0m [2methereum_transaction_pool_monitor::eth_client[0m[2m:[0m 🔍 Fetching transaction details for hash: 0x5852e08b69fe535a587e298f152ef8b39a6a8a1e254d95124228a1acb4532cd0
[2m2025-12-10T10:10:29.968320Z[0m [34mDEBUG[0m [2mhyper::client::pool[0m[2m:[0m reuse idle connection for ("http", 192.168.0.14:8545)
[2m2025-12-10T10:10:29.968366Z[0m [34mDEBUG[0m [2mhyper::proto::h1::io[0m[2m:[0m flushed 250 bytes
[2m2025-12-10T10:10:29.968388Z[0m [34mDEBUG[0m [2methereum_transaction_pool_monitor::eth_client[0m[2m:[0m 📨 Received WebSocket message: {"jsonrpc":"2.0","method":"eth_subscription","params":{"subscription":"0xbed0a0851463e895960a451075a301a9","result":"0x4063eb7e8ba324ec830fe66d1163cfa2ef32295ea382f26e95bb4e2c09f5e441"}}
[2m2025-12-10T10:10:29.968391Z[0m [34mDEBUG[0m [2mhyper::proto::h1::io[0m[2m:[0m parsed 4 headers
[2m2025-12-10T10:10:29.968396Z[0m [34mDEBUG[0m [2methereum_transaction_pool_monitor::eth_client[0m[2m:[0m 📨 Received pending transaction: 0x4063eb7e8ba324ec830fe66d1163cfa2ef32295ea382f26e95bb4e2c09f5e441
[2m2025-12-10T10:10:29.968399Z[0m [34mDEBUG[0m [2mhyper::proto::h1::conn[0m[2m:[0m incoming body is content-length (45 bytes)
[2m2025-12-10T10:10:29.968406Z[0m [34mDEBUG[0m [2mhyper::proto::h1::conn[0m[2m:[0m incoming body completed
[2m2025-12-10T10:10:29.968414Z[0m [34mDEBUG[0m [2mhyper::client::pool[0m[2m:[0m pooling idle connection for ("http", 192.168.0.14:8545)
[2m2025-12-10T10:10:29.972378Z[0m [34mDEBUG[0m [2mhyper::proto::h1::io[0m[2m:[0m parsed 4 headers
[2m2025-12-10T10:10:29.972397Z[0m [34mDEBUG[0m [2mhyper::proto::h1::conn[0m[2m:[0m incoming body is content-length (647 bytes)
[2m2025-12-10T10:10:29.972414Z[0m [34mDEBUG[0m [2mhyper::proto::h1::conn[0m[2m:[0m incoming body completed
[2m2025-12-10T10:10:29.972434Z[0m [34mDEBUG[0m [2mhyper::client::pool[0m[2m:[0m pooling idle connection for ("http", 192.168.0.14:8545)
[2m2025-12-10T10:10:29.972440Z[0m [34mDEBUG[0m [2methereum_transaction_pool_monitor::eth_client[0m[2m:[0m 📡 Transaction fetch RPC completed in 4.130958ms
[2m2025-12-10T10:10:30.042149Z[0m [34mDEBUG[0m [2methereum_transaction_pool_monitor::eth_client[0m[2m:[0m ✅ Transaction 0x5852e08b69fe535a587e298f152ef8b39a6a8a1e254d95124228a1acb4532cd0 fetched and parsed in 73.8385ms
[2m2025-12-10T10:10:30.042178Z[0m [34mDEBUG[0m [2methereum_transaction_pool_monitor::mempool_monitor[0m[2m:[0m 🔍 Skipping tx 0x5852e08b69fe535a587e298f152ef8b39a6a8a1e254d95124228a1acb4532cd0 - not a DEX interaction (target: 0x4971DCbB2a3155dEd8eCDF3fAF6C069F4A998Da7)
[2m2025-12-10T10:10:30.042191Z[0m [34mDEBUG[0m [2methereum_transaction_pool_monitor::mempool_monitor[0m[2m:[0m 📨 Processing new pending transaction: 0xe15bad14e50b1e71e28eaf72a430f7feae0b7fdc9094a762cbe6b160ab0ca9ff
[2m2025-12-10T10:10:30.042198Z[0m [34mDEBUG[0m [2methereum_transaction_pool_monitor::mempool_monitor[0m[2m:[0m 🔍 Fetching transaction details for: 0xe15bad14e50b1e71e28eaf72a430f7feae0b7fdc9094a762cbe6b160ab0ca9ff
[2m2025-12-10T10:10:30.042205Z[0m [34mDEBUG[0m [2methereum_transaction_pool_monitor::eth_client[0m[2m:[0m 🔍 Fetching transaction details for hash: 0xe15bad14e50b1e71e28eaf72a430f7feae0b7fdc9094a762cbe6b160ab0ca9ff
[2m2025-12-10T10:10:30.042222Z[0m [34mDEBUG[0m [2mhyper::client::pool[0m[2m:[0m reuse idle connection for ("http", 192.168.0.14:8545)
[2m2025-12-10T10:10:30.042253Z[0m [34mDEBUG[0m [2mhyper::proto::h1::io[0m[2m:[0m flushed 250 bytes
[2m2025-12-10T10:10:30.042272Z[0m [34mDEBUG[0m [2mhyper::client::pool[0m[2m:[0m reuse idle connection for ("http", 192.168.0.14:8545)
[2m2025-12-10T10:10:30.042282Z[0m [34mDEBUG[0m [2methereum_transaction_pool_monitor::eth_client[0m[2m:[0m 📨 Received WebSocket message: {"jsonrpc":"2.0","method":"eth_subscription","params":{"subscription":"0xbed0a0851463e895960a451075a301a9","result":"0xa44a196efeb908b7082eaa3f875456d2b5c83c0462e388da2de77b7109f5a5db"}}
[2m2025-12-10T10:10:30.042285Z[0m [34mDEBUG[0m [2mhyper::proto::h1::io[0m[2m:[0m flushed 172 bytes
[2m2025-12-10T10:10:30.042296Z[0m [34mDEBUG[0m [2methereum_transaction_pool_monitor::eth_client[0m[2m:[0m 📨 Received pending transaction: 0xa44a196efeb908b7082eaa3f875456d2b5c83c0462e388da2de77b7109f5a5db
[2m2025-12-10T10:10:30.047491Z[0m [34mDEBUG[0m [2mhyper::proto::h1::io[0m[2m:[0m parsed 4 headers
[2m2025-12-10T10:10:30.047497Z[0m [34mDEBUG[0m [2mhyper::proto::h1::conn[0m[2m:[0m incoming body is content-length (45 bytes)
[2m2025-12-10T10:10:30.047505Z[0m [34mDEBUG[0m [2mhyper::proto::h1::conn[0m[2m:[0m incoming body completed
[2m2025-12-10T10:10:30.047516Z[0m [34mDEBUG[0m [2mhyper::client::pool[0m[2m:[0m pooling idle connection for ("http", 192.168.0.14:8545)
[2m2025-12-10T10:10:30.047543Z[0m [34mDEBUG[0m [2mhyper::proto::h1::io[0m[2m:[0m parsed 4 headers
[2m2025-12-10T10:10:30.047548Z[0m [34mDEBUG[0m [2mhyper::proto::h1::conn[0m[2m:[0m incoming body is content-length (1029 bytes)
[2m2025-12-10T10:10:30.047552Z[0m [34mDEBUG[0m [2mhyper::proto::h1::conn[0m[2m:[0m incoming body completed
[2m2025-12-10T10:10:30.047556Z[0m [34mDEBUG[0m [2mhyper::client::pool[0m[2m:[0m pooling idle connection for ("http", 192.168.0.14:8545)
[2m2025-12-10T10:10:30.047559Z[0m [34mDEBUG[0m [2methereum_transaction_pool_monitor::eth_client[0m[2m:[0m 📡 Transaction fetch RPC completed in 5.349625ms
[2m2025-12-10T10:10:30.118416Z[0m [34mDEBUG[0m [2methereum_transaction_pool_monitor::eth_client[0m[2m:[0m ✅ Transaction 0xe15bad14e50b1e71e28eaf72a430f7feae0b7fdc9094a762cbe6b160ab0ca9ff fetched and parsed in 76.204083ms
[2m2025-12-10T10:10:30.118446Z[0m [34mDEBUG[0m [2methereum_transaction_pool_monitor::mempool_monitor[0m[2m:[0m 🔍 Skipping tx 0xe15bad14e50b1e71e28eaf72a430f7feae0b7fdc9094a762cbe6b160ab0ca9ff - not a DEX interaction (target: 0xc02Ab410f0734EFa3F14628780e6e695156024C2)
[2m2025-12-10T10:10:30.118459Z[0m [34mDEBUG[0m [2methereum_transaction_pool_monitor::mempool_monitor[0m[2m:[0m 📨 Processing new pending transaction: 0x725cf5bfcd28df698e104a99d627543025b2b7ebe622b300292d35fc1abfa03e
[2m2025-12-10T10:10:30.118468Z[0m [34mDEBUG[0m [2methereum_transaction_pool_monitor::mempool_monitor[0m[2m:[0m 🔍 Fetching transaction details for: 0x725cf5bfcd28df698e104a99d627543025b2b7ebe622b300292d35fc1abfa03e
[2m2025-12-10T10:10:30.118565Z[0m [34mDEBUG[0m [2methereum_transaction_pool_monitor::eth_client[0m[2m:[0m 🔍 Fetching transaction details for hash: 0x725cf5bfcd28df698e104a99d627543025b2b7ebe622b300292d35fc1abfa03e
[2m2025-12-10T10:10:30.118584Z[0m [34mDEBUG[0m [2mhyper::client::pool[0m[2m:[0m reuse idle connection for ("http", 192.168.0.14:8545)
[2m2025-12-10T10:10:30.118609Z[0m [34mDEBUG[0m [2mhyper::proto::h1::io[0m[2m:[0m flushed 250 bytes
[2m2025-12-10T10:10:30.118627Z[0m [34mDEBUG[0m [2mhyper::client::pool[0m[2m:[0m reuse idle connection for ("http", 192.168.0.14:8545)
[2m2025-12-10T10:10:30.118641Z[0m [34mDEBUG[0m [2mhyper::proto::h1::io[0m[2m:[0m flushed 172 bytes
[2m2025-12-10T10:10:30.118641Z[0m [34mDEBUG[0m [2methereum_transaction_pool_monitor::eth_client[0m[2m:[0m 📨 Received WebSocket message: {"jsonrpc":"2.0","method":"eth_subscription","params":{"subscription":"0xbed0a0851463e895960a451075a301a9","result":"0xfef6dd2e350dd360c62a8201ad60d4c8f73b3d382d63cf9abadfcf77d526bf12"}}
[2m2025-12-10T10:10:30.118654Z[0m [34mDEBUG[0m [2methereum_transaction_pool_monitor::eth_client[0m[2m:[0m 📨 Received pending transaction: 0xfef6dd2e350dd360c62a8201ad60d4c8f73b3d382d63cf9abadfcf77d526bf12
[2m2025-12-10T10:10:30.126362Z[0m [34mDEBUG[0m [2mhyper::proto::h1::io[0m[2m:[0m parsed 4 headers
[2m2025-12-10T10:10:30.126384Z[0m [34mDEBUG[0m [2mhyper::proto::h1::io[0m[2m:[0m parsed 4 headers
[2m2025-12-10T10:10:30.126387Z[0m [34mDEBUG[0m [2mhyper::proto::h1::conn[0m[2m:[0m incoming body is content-length (45 bytes)
[2m2025-12-10T10:10:30.126396Z[0m [34mDEBUG[0m [2mhyper::proto::h1::conn[0m[2m:[0m incoming body is content-length (766 bytes)
[2m2025-12-10T10:10:30.126426Z[0m [34mDEBUG[0m [2mhyper::proto::h1::conn[0m[2m:[0m incoming body completed
[2m2025-12-10T10:10:30.126426Z[0m [34mDEBUG[0m [2mhyper::proto::h1::conn[0m[2m:[0m incoming body completed
[2m2025-12-10T10:10:30.126435Z[0m [34mDEBUG[0m [2mhyper::client::pool[0m[2m:[0m pooling idle connection for ("http", 192.168.0.14:8545)
[2m2025-12-10T10:10:30.126439Z[0m [34mDEBUG[0m [2mhyper::client::pool[0m[2m:[0m pooling idle connection for ("http", 192.168.0.14:8545)
[2m2025-12-10T10:10:30.126442Z[0m [34mDEBUG[0m [2methereum_transaction_pool_monitor::eth_client[0m[2m:[0m 📡 Transaction fetch RPC completed in 7.869375ms
[2m2025-12-10T10:10:30.126456Z[0m [34mDEBUG[0m [2methereum_transaction_pool_monitor::eth_client[0m[2m:[0m DeFi transaction detected - Address: 0xdac17f958d2ee523a2206206994597c13d831ec7, Type: Stablecoin, Value: 0 ETH, Gas: 0.37 Gwei
[2m2025-12-10T10:10:30.126469Z[0m [34mDEBUG[0m [2methereum_transaction_pool_monitor::eth_client[0m[2m:[0m ✅ Transaction 0x725cf5bfcd28df698e104a99d627543025b2b7ebe622b300292d35fc1abfa03e fetched and parsed in 7.896667ms
[2m2025-12-10T10:10:30.126475Z[0m [34mDEBUG[0m [2methereum_transaction_pool_monitor::mempool_monitor[0m[2m:[0m 🔍 Skipping tx 0x725cf5bfcd28df698e104a99d627543025b2b7ebe622b300292d35fc1abfa03e - not a DEX interaction (target: 0xdAC17F958D2ee523a2206206994597C13D831ec7)
[2m2025-12-10T10:10:30.126482Z[0m [34mDEBUG[0m [2methereum_transaction_pool_monitor::mempool_monitor[0m[2m:[0m 📨 Processing new pending transaction: 0x21e7f9a10c0e28be9d40d3930e912737a007edfc5317042806ee54b498e590fe
[2m2025-12-10T10:10:30.126486Z[0m [34mDEBUG[0m [2methereum_transaction_pool_monitor::mempool_monitor[0m[2m:[0m 🔍 Fetching transaction details for: 0x21e7f9a10c0e28be9d40d3930e912737a007edfc5317042806ee54b498e590fe
[2m2025-12-10T10:10:30.126489Z[0m [34mDEBUG[0m [2methereum_transaction_pool_monitor::eth_client[0m[2m:[0m 🔍 Fetching transaction details for hash: 0x21e7f9a10c0e28be9d40d3930e912737a007edfc5317042806ee54b498e590fe
[2m2025-12-10T10:10:30.126496Z[0m [34mDEBUG[0m [2mhyper::client::pool[0m[2m:[0m reuse idle connection for ("http", 192.168.0.14:8545)
[2m2025-12-10T10:10:30.126507Z[0m [34mDEBUG[0m [2mhyper::proto::h1::io[0m[2m:[0m flushed 250 bytes
[2m2025-12-10T10:10:30.132632Z[0m [34mDEBUG[0m [2mhyper::proto::h1::io[0m[2m:[0m parsed 4 headers
[2m2025-12-10T10:10:30.132638Z[0m [34mDEBUG[0m [2mhyper::proto::h1::conn[0m[2m:[0m incoming body is content-length (768 bytes)
[2m2025-12-10T10:10:30.132643Z[0m [34mDEBUG[0m [2mhyper::proto::h1::conn[0m[2m:[0m incoming body completed
[2m2025-12-10T10:10:30.132648Z[0m [34mDEBUG[0m [2mhyper::client::pool[0m[2m:[0m pooling idle connection for ("http", 192.168.0.14:8545)
[2m2025-12-10T10:10:30.132652Z[0m [34mDEBUG[0m [2methereum_transaction_pool_monitor::eth_client[0m[2m:[0m 📡 Transaction fetch RPC completed in 6.158542ms
[2m2025-12-10T10:10:30.132662Z[0m [34mDEBUG[0m [2methereum_transaction_pool_monitor::eth_client[0m[2m:[0m DeFi transaction detected - Address: 0xdac17f958d2ee523a2206206994597c13d831ec7, Type: Stablecoin, Value: 0 ETH, Gas: 0.21 Gwei
[2m2025-12-10T10:10:30.132672Z[0m [34mDEBUG[0m [2methereum_transaction_pool_monitor::eth_client[0m[2m:[0m ✅ Transaction 0x21e7f9a10c0e28be9d40d3930e912737a007edfc5317042806ee54b498e590fe fetched and parsed in 6.178625ms
[2m2025-12-10T10:10:30.132677Z[0m [34mDEBUG[0m [2methereum_transaction_pool_monitor::mempool_monitor[0m[2m:[0m 🔍 Skipping tx 0x21e7f9a10c0e28be9d40d3930e912737a007edfc5317042806ee54b498e590fe - not a DEX interaction (target: 0xdAC17F958D2ee523a2206206994597C13D831ec7)
[2m2025-12-10T10:10:30.132682Z[0m [34mDEBUG[0m [2methereum_transaction_pool_monitor::mempool_monitor[0m[2m:[0m 📨 Processing new pending transaction: 0x878bc6e15d93fd515ee1023f3ee64f664dfe856e48236331fe3ada4ab1197913
[2m2025-12-10T10:10:30.132686Z[0m [34mDEBUG[0m [2methereum_transaction_pool_monitor::mempool_monitor[0m[2m:[0m 🔍 Fetching transaction details for: 0x878bc6e15d93fd515ee1023f3ee64f664dfe856e48236331fe3ada4ab1197913
[2m2025-12-10T10:10:30.132690Z[0m [34mDEBUG[0m [2methereum_transaction_pool_monitor::eth_client[0m[2m:[0m 🔍 Fetching transaction details for hash: 0x878bc6e15d93fd515ee1023f3ee64f664dfe856e48236331fe3ada4ab1197913
[2m2025-12-10T10:10:30.132698Z[0m [34mDEBUG[0m [2mhyper::client::pool[0m[2m:[0m reuse idle connection for ("http", 192.168.0.14:8545)
[2m2025-12-10T10:10:30.132711Z[0m [34mDEBUG[0m [2mhyper::proto::h1::io[0m[2m:[0m flushed 250 bytes
[2m2025-12-10T10:10:30.139468Z[0m [34mDEBUG[0m [2mhyper::proto::h1::io[0m[2m:[0m parsed 4 headers
[2m2025-12-10T10:10:30.139474Z[0m [34mDEBUG[0m [2mhyper::proto::h1::conn[0m[2m:[0m incoming body is content-length (762 bytes)
[2m2025-12-10T10:10:30.139478Z[0m [34mDEBUG[0m [2mhyper::proto::h1::conn[0m[2m:[0m incoming body completed
[2m2025-12-10T10:10:30.139483Z[0m [34mDEBUG[0m [2mhyper::client::pool[0m[2m:[0m pooling idle connection for ("http", 192.168.0.14:8545)
[2m2025-12-10T10:10:30.139487Z[0m [34mDEBUG[0m [2methereum_transaction_pool_monitor::eth_client[0m[2m:[0m 📡 Transaction fetch RPC completed in 6.793708ms
[2m2025-12-10T10:10:30.210052Z[0m [34mDEBUG[0m [2methereum_transaction_pool_monitor::eth_client[0m[2m:[0m ✅ Transaction 0x878bc6e15d93fd515ee1023f3ee64f664dfe856e48236331fe3ada4ab1197913 fetched and parsed in 77.356583ms
[2m2025-12-10T10:10:30.210075Z[0m [34mDEBUG[0m [2methereum_transaction_pool_monitor::mempool_monitor[0m[2m:[0m 🔍 Skipping tx 0x878bc6e15d93fd515ee1023f3ee64f664dfe856e48236331fe3ada4ab1197913 - not a DEX interaction (target: 0x002bdE9b0c0857AEE2cFFDea6b8723eAF5989449)
[2m2025-12-10T10:10:30.210085Z[0m [34mDEBUG[0m [2methereum_transaction_pool_monitor::mempool_monitor[0m[2m:[0m 📨 Processing new pending transaction: 0x99d924ea2ca5c80114519cf98981574975273a1ec1e0f8c99bd17197b7f49ac8
[2m2025-12-10T10:10:30.210092Z[0m [34mDEBUG[0m [2methereum_transaction_pool_monitor::mempool_monitor[0m[2m:[0m 🔍 Fetching transaction details for: 0x99d924ea2ca5c80114519cf98981574975273a1ec1e0f8c99bd17197b7f49ac8
[2m2025-12-10T10:10:30.210096Z[0m [34mDEBUG[0m [2methereum_transaction_pool_monitor::eth_client[0m[2m:[0m 🔍 Fetching transaction details for hash: 0x99d924ea2ca5c80114519cf98981574975273a1ec1e0f8c99bd17197b7f49ac8
[2m2025-12-10T10:10:30.210113Z[0m [34mDEBUG[0m [2mhyper::client::pool[0m[2m:[0m reuse idle connection for ("http", 192.168.0.14:8545)
[2m2025-12-10T10:10:30.210144Z[0m [34mDEBUG[0m [2mhyper::proto::h1::io[0m[2m:[0m flushed 250 bytes
[2m2025-12-10T10:10:30.210163Z[0m [34mDEBUG[0m [2mhyper::client::pool[0m[2m:[0m reuse idle connection for ("http", 192.168.0.14:8545)
[2m2025-12-10T10:10:30.210174Z[0m [34mDEBUG[0m [2mhyper::proto::h1::io[0m[2m:[0m flushed 172 bytes
[2m2025-12-10T10:10:30.210175Z[0m [34mDEBUG[0m [2methereum_transaction_pool_monitor::eth_client[0m[2m:[0m 📨 Received WebSocket message: {"jsonrpc":"2.0","method":"eth_subscription","params":{"subscription":"0xbed0a0851463e895960a451075a301a9","result":"0xbab1ab0c8952e064d250719eeec823ab5fc358a42683cb3eb3f8d7a140e5f234"}}
[2m2025-12-10T10:10:30.210186Z[0m [34mDEBUG[0m [2methereum_transaction_pool_monitor::eth_client[0m[2m:[0m 📨 Received pending transaction: 0xbab1ab0c8952e064d250719eeec823ab5fc358a42683cb3eb3f8d7a140e5f234
[2m2025-12-10T10:10:30.216090Z[0m [34mDEBUG[0m [2mhyper::proto::h1::io[0m[2m:[0m parsed 4 headers
[2m2025-12-10T10:10:30.216096Z[0m [34mDEBUG[0m [2mhyper::proto::h1::conn[0m[2m:[0m incoming body is content-length (45 bytes)
[2m2025-12-10T10:10:30.216106Z[0m [34mDEBUG[0m [2mhyper::proto::h1::conn[0m[2m:[0m incoming body completed
[2m2025-12-10T10:10:30.216117Z[0m [34mDEBUG[0m [2mhyper::client::pool[0m[2m:[0m pooling idle connection for ("http", 192.168.0.14:8545)
[2m2025-12-10T10:10:30.216147Z[0m [34mDEBUG[0m [2mhyper::proto::h1::io[0m[2m:[0m parsed 4 headers
[2m2025-12-10T10:10:30.216151Z[0m [34mDEBUG[0m [2mhyper::proto::h1::conn[0m[2m:[0m incoming body is content-length (1731 bytes)
[2m2025-12-10T10:10:30.216155Z[0m [34mDEBUG[0m [2mhyper::proto::h1::conn[0m[2m:[0m incoming body completed
[2m2025-12-10T10:10:30.216160Z[0m [34mDEBUG[0m [2mhyper::client::pool[0m[2m:[0m pooling idle connection for ("http", 192.168.0.14:8545)
[2m2025-12-10T10:10:30.216164Z[0m [34mDEBUG[0m [2methereum_transaction_pool_monitor::eth_client[0m[2m:[0m 📡 Transaction fetch RPC completed in 6.064292ms
[2m2025-12-10T10:10:30.287667Z[0m [34mDEBUG[0m [2methereum_transaction_pool_monitor::eth_client[0m[2m:[0m ✅ Transaction 0x99d924ea2ca5c80114519cf98981574975273a1ec1e0f8c99bd17197b7f49ac8 fetched and parsed in 77.564834ms
[2m2025-12-10T10:10:30.287691Z[0m [34mDEBUG[0m [2methereum_transaction_pool_monitor::mempool_monitor[0m[2m:[0m 🔍 Skipping tx 0x99d924ea2ca5c80114519cf98981574975273a1ec1e0f8c99bd17197b7f49ac8 - not a DEX interaction (target: 0x601a2aD6CB5949f0529735254189Ba3194221EDF)
[2m2025-12-10T10:10:30.287702Z[0m [34mDEBUG[0m [2methereum_transaction_pool_monitor::mempool_monitor[0m[2m:[0m 📨 Processing new pending transaction: 0x8011a784639567ffc2cc871e8016345a36804b0d372c4cdf70ce117394a8e34e
[2m2025-12-10T10:10:30.287708Z[0m [34mDEBUG[0m [2methereum_transaction_pool_monitor::mempool_monitor[0m[2m:[0m 🔍 Fetching transaction details for: 0x8011a784639567ffc2cc871e8016345a36804b0d372c4cdf70ce117394a8e34e
[2m2025-12-10T10:10:30.287712Z[0m [34mDEBUG[0m [2methereum_transaction_pool_monitor::eth_client[0m[2m:[0m 🔍 Fetching transaction details for hash: 0x8011a784639567ffc2cc871e8016345a36804b0d372c4cdf70ce117394a8e34e
[2m2025-12-10T10:10:30.287731Z[0m [34mDEBUG[0m [2mhyper::client::pool[0m[2m:[0m reuse idle connection for ("http", 192.168.0.14:8545)
[2m2025-12-10T10:10:30.287761Z[0m [34mDEBUG[0m [2mhyper::proto::h1::io[0m[2m:[0m flushed 250 bytes
[2m2025-12-10T10:10:30.287795Z[0m [34mDEBUG[0m [2methereum_transaction_pool_monitor::eth_client[0m[2m:[0m 📨 Received WebSocket message: {"jsonrpc":"2.0","method":"eth_subscription","params":{"subscription":"0xbed0a0851463e895960a451075a301a9","result":"0x6d5566b7436ec0460bd3b79391ed626a7251118d4e17991c06cda5d79f6e319d"}}
[2m2025-12-10T10:10:30.287803Z[0m [34mDEBUG[0m [2methereum_transaction_pool_monitor::eth_client[0m[2m:[0m 📨 Received pending transaction: 0x6d5566b7436ec0460bd3b79391ed626a7251118d4e17991c06cda5d79f6e319d
[2m2025-12-10T10:10:30.294474Z[0m [34mDEBUG[0m [2mhyper::proto::h1::io[0m[2m:[0m parsed 4 headers
[2m2025-12-10T10:10:30.294480Z[0m [34mDEBUG[0m [2mhyper::proto::h1::conn[0m[2m:[0m incoming body is content-length (649 bytes)
[2m2025-12-10T10:10:30.294487Z[0m [34mDEBUG[0m [2mhyper::proto::h1::conn[0m[2m:[0m incoming body completed
[2m2025-12-10T10:10:30.294494Z[0m [34mDEBUG[0m [2mhyper::client::pool[0m[2m:[0m pooling idle connection for ("http", 192.168.0.14:8545)
[2m2025-12-10T10:10:30.294500Z[0m [34mDEBUG[0m [2methereum_transaction_pool_monitor::eth_client[0m[2m:[0m 📡 Transaction fetch RPC completed in 6.784333ms
[2m2025-12-10T10:10:30.365855Z[0m [34mDEBUG[0m [2methereum_transaction_pool_monitor::eth_client[0m[2m:[0m ✅ Transaction 0x8011a784639567ffc2cc871e8016345a36804b0d372c4cdf70ce117394a8e34e fetched and parsed in 78.137458ms
[2m2025-12-10T10:10:30.365882Z[0m [34mDEBUG[0m [2methereum_transaction_pool_monitor::mempool_monitor[0m[2m:[0m 🔍 Skipping tx 0x8011a784639567ffc2cc871e8016345a36804b0d372c4cdf70ce117394a8e34e - not a DEX interaction (target: 0x3aD9eBc8A8003C21Ec7D487f503bb85E25886661)
[2m2025-12-10T10:10:30.365892Z[0m [34mDEBUG[0m [2methereum_transaction_pool_monitor::mempool_monitor[0m[2m:[0m 📨 Processing new pending transaction: 0xe52dc4b78136f9c4be505f777fbf033b128ae0d198fd673c8e9ecb771aa7d1b9
[2m2025-12-10T10:10:30.365897Z[0m [34mDEBUG[0m [2methereum_transaction_pool_monitor::mempool_monitor[0m[2m:[0m 🔍 Fetching transaction details for: 0xe52dc4b78136f9c4be505f777fbf033b128ae0d198fd673c8e9ecb771aa7d1b9
[2m2025-12-10T10:10:30.365902Z[0m [34mDEBUG[0m [2methereum_transaction_pool_monitor::eth_client[0m[2m:[0m 🔍 Fetching transaction details for hash: 0xe52dc4b78136f9c4be505f777fbf033b128ae0d198fd673c8e9ecb771aa7d1b9
[2m2025-12-10T10:10:30.365920Z[0m [34mDEBUG[0m [2mhyper::client::pool[0m[2m:[0m reuse idle connection for ("http", 192.168.0.14:8545)
[2m2025-12-10T10:10:30.365949Z[0m [34mDEBUG[0m [2mhyper::proto::h1::io[0m[2m:[0m flushed 250 bytes
[2m2025-12-10T10:10:30.365967Z[0m [34mDEBUG[0m [2mhyper::client::pool[0m[2m:[0m reuse idle connection for ("http", 192.168.0.14:8545)
[2m2025-12-10T10:10:30.365979Z[0m [34mDEBUG[0m [2mhyper::proto::h1::io[0m[2m:[0m flushed 172 bytes
[2m2025-12-10T10:10:30.365996Z[0m [34mDEBUG[0m [2methereum_transaction_pool_monitor::eth_client[0m[2m:[0m 📨 Received WebSocket message: {"jsonrpc":"2.0","method":"eth_subscription","params":{"subscription":"0xbed0a0851463e895960a451075a301a9","result":"0xe1857da2851955ae115ecd5151d5b29e46a3dc81c28fdcb1073d27afa8944582"}}
[2m2025-12-10T10:10:30.366005Z[0m [34mDEBUG[0m [2methereum_transaction_pool_monitor::eth_client[0m[2m:[0m 📨 Received pending transaction: 0xe1857da2851955ae115ecd5151d5b29e46a3dc81c28fdcb1073d27afa8944582
[2m2025-12-10T10:10:30.366010Z[0m [34mDEBUG[0m [2methereum_transaction_pool_monitor::eth_client[0m[2m:[0m 📨 Received WebSocket message: {"jsonrpc":"2.0","method":"eth_subscription","params":{"subscription":"0xbed0a0851463e895960a451075a301a9","result":"0x72978d43bef799027d596ed63485127efa2554267cf0bba5f422b8b3eb24d713"}}
[2m2025-12-10T10:10:30.366016Z[0m [34mDEBUG[0m [2methereum_transaction_pool_monitor::eth_client[0m[2m:[0m 📨 Received pending transaction: 0x72978d43bef799027d596ed63485127efa2554267cf0bba5f422b8b3eb24d713
[2m2025-12-10T10:10:30.372505Z[0m [34mDEBUG[0m [2mhyper::proto::h1::io[0m[2m:[0m parsed 4 headers
[2m2025-12-10T10:10:30.372512Z[0m [34mDEBUG[0m [2mhyper::proto::h1::conn[0m[2m:[0m incoming body is content-length (769 bytes)
[2m2025-12-10T10:10:30.372519Z[0m [34mDEBUG[0m [2mhyper::proto::h1::conn[0m[2m:[0m incoming body completed
[2m2025-12-10T10:10:30.372590Z[0m [34mDEBUG[0m [2mhyper::client::pool[0m[2m:[0m pooling idle connection for ("http", 192.168.0.14:8545)
[2m2025-12-10T10:10:30.372598Z[0m [34mDEBUG[0m [2methereum_transaction_pool_monitor::eth_client[0m[2m:[0m 📡 Transaction fetch RPC completed in 6.692792ms
[2m2025-12-10T10:10:30.372613Z[0m [34mDEBUG[0m [2methereum_transaction_pool_monitor::eth_client[0m[2m:[0m DeFi transaction detected - Address: 0xdac17f958d2ee523a2206206994597c13d831ec7, Type: Stablecoin, Value: 0 ETH, Gas: 0.27 Gwei
[2m2025-12-10T10:10:30.372623Z[0m [34mDEBUG[0m [2methereum_transaction_pool_monitor::eth_client[0m[2m:[0m ✅ Transaction 0xe52dc4b78136f9c4be505f777fbf033b128ae0d198fd673c8e9ecb771aa7d1b9 fetched and parsed in 6.717958ms
[2m2025-12-10T10:10:30.372628Z[0m [34mDEBUG[0m [2methereum_transaction_pool_monitor::mempool_monitor[0m[2m:[0m 🔍 Skipping tx 0xe52dc4b78136f9c4be505f777fbf033b128ae0d198fd673c8e9ecb771aa7d1b9 - not a DEX interaction (target: 0xdAC17F958D2ee523a2206206994597C13D831ec7)
[2m2025-12-10T10:10:30.372633Z[0m [34mDEBUG[0m [2methereum_transaction_pool_monitor::mempool_monitor[0m[2m:[0m 📨 Processing new pending transaction: 0x161d4e590de6d6c345ed49b28e56a06012ab46aab59f85db36d59a1368c43341
[2m2025-12-10T10:10:30.372637Z[0m [34mDEBUG[0m [2methereum_transaction_pool_monitor::mempool_monitor[0m[2m:[0m 🔍 Fetching transaction details for: 0x161d4e590de6d6c345ed49b28e56a06012ab46aab59f85db36d59a1368c43341
[2m2025-12-10T10:10:30.372640Z[0m [34mDEBUG[0m [2methereum_transaction_pool_monitor::eth_client[0m[2m:[0m 🔍 Fetching transaction details for hash: 0x161d4e590de6d6c345ed49b28e56a06012ab46aab59f85db36d59a1368c43341
[2m2025-12-10T10:10:30.372646Z[0m [34mDEBUG[0m [2mhyper::client::pool[0m[2m:[0m reuse idle connection for ("http", 192.168.0.14:8545)
[2m2025-12-10T10:10:30.372659Z[0m [34mDEBUG[0m [2mhyper::proto::h1::io[0m[2m:[0m flushed 250 bytes
[2m2025-12-10T10:10:30.372667Z[0m [34mDEBUG[0m [2mhyper::proto::h1::io[0m[2m:[0m parsed 4 headers
[2m2025-12-10T10:10:30.372670Z[0m [34mDEBUG[0m [2mhyper::proto::h1::conn[0m[2m:[0m incoming body is content-length (45 bytes)
[2m2025-12-10T10:10:30.372674Z[0m [34mDEBUG[0m [2mhyper::proto::h1::conn[0m[2m:[0m incoming body completed
[2m2025-12-10T10:10:30.372678Z[0m [34mDEBUG[0m [2mhyper::client::pool[0m[2m:[0m pooling idle connection for ("http", 192.168.0.14:8545)
[2m2025-12-10T10:10:30.381836Z[0m [34mDEBUG[0m [2mhyper::proto::h1::io[0m[2m:[0m parsed 4 headers
[2m2025-12-10T10:10:30.381842Z[0m [34mDEBUG[0m [2mhyper::proto::h1::conn[0m[2m:[0m incoming body is content-length (649 bytes)
[2m2025-12-10T10:10:30.381847Z[0m [34mDEBUG[0m [2mhyper::proto::h1::conn[0m[2m:[0m incoming body completed
[2m2025-12-10T10:10:30.381851Z[0m [34mDEBUG[0m [2mhyper::client::pool[0m[2m:[0m pooling idle connection for ("http", 192.168.0.14:8545)
[2m2025-12-10T10:10:30.381856Z[0m [34mDEBUG[0m [2methereum_transaction_pool_monitor::eth_client[0m[2m:[0m 📡 Transaction fetch RPC completed in 9.2125ms
[2m2025-12-10T10:10:30.451254Z[0m [34mDEBUG[0m [2methereum_transaction_pool_monitor::eth_client[0m[2m:[0m ✅ Transaction 0x161d4e590de6d6c345ed49b28e56a06012ab46aab59f85db36d59a1368c43341 fetched and parsed in 78.608459ms
[2m2025-12-10T10:10:30.454794Z[0m [34mDEBUG[0m [2methereum_transaction_pool_monitor::mempool_monitor[0m[2m:[0m 🔍 Skipping tx 0x161d4e590de6d6c345ed49b28e56a06012ab46aab59f85db36d59a1368c43341 - not a DEX interaction (target: 0xE096b951fa311419a6E39B0fFef80Cff042C84e4)
[2m2025-12-10T10:10:30.454821Z[0m [34mDEBUG[0m [2methereum_transaction_pool_monitor::mempool_monitor[0m[2m:[0m 📨 Processing new pending transaction: 0xaa8b060bf2e7a18f5a3e0ebae5161691b97cb4d71b01b82177340c7635d992cc
[2m2025-12-10T10:10:30.454829Z[0m [34mDEBUG[0m [2methereum_transaction_pool_monitor::mempool_monitor[0m[2m:[0m 🔍 Fetching transaction details for: 0xaa8b060bf2e7a18f5a3e0ebae5161691b97cb4d71b01b82177340c7635d992cc
[2m2025-12-10T10:10:30.454836Z[0m [34mDEBUG[0m [2methereum_transaction_pool_monitor::eth_client[0m[2m:[0m 🔍 Fetching transaction details for hash: 0xaa8b060bf2e7a18f5a3e0ebae5161691b97cb4d71b01b82177340c7635d992cc
[2m2025-12-10T10:10:30.454862Z[0m [34mDEBUG[0m [2mhyper::client::pool[0m[2m:[0m reuse idle connection for ("http", 192.168.0.14:8545)
[2m2025-12-10T10:10:30.454906Z[0m [34mDEBUG[0m [2mhyper::proto::h1::io[0m[2m:[0m flushed 250 bytes
[2m2025-12-10T10:10:30.454929Z[0m [34mDEBUG[0m [2mhyper::client::pool[0m[2m:[0m reuse idle connection for ("http", 192.168.0.14:8545)
[2m2025-12-10T10:10:30.454944Z[0m [34mDEBUG[0m [2mhyper::proto::h1::io[0m[2m:[0m flushed 172 bytes
[2m2025-12-10T10:10:30.454946Z[0m [34mDEBUG[0m [2methereum_transaction_pool_monitor::eth_client[0m[2m:[0m 📨 Received WebSocket message: {"jsonrpc":"2.0","method":"eth_subscription","params":{"subscription":"0xbed0a0851463e895960a451075a301a9","result":"0x30bbf22875acd7a8d014bade9287b775748aca71c8b6dae2608dd9e9c71e26d5"}}
[2m2025-12-10T10:10:30.454964Z[0m [34mDEBUG[0m [2methereum_transaction_pool_monitor::eth_client[0m[2m:[0m 📨 Received pending transaction: 0x30bbf22875acd7a8d014bade9287b775748aca71c8b6dae2608dd9e9c71e26d5
[2m2025-12-10T10:10:30.454970Z[0m [34mDEBUG[0m [2methereum_transaction_pool_monitor::eth_client[0m[2m:[0m 📨 Received WebSocket message: {"jsonrpc":"2.0","method":"eth_subscription","params":{"subscription":"0xbed0a0851463e895960a451075a301a9","result":"0x6f06656e2267531f220349c71304b3856e1073dda52507eebf82933a40e7f5e4"}}
[2m2025-12-10T10:10:30.454976Z[0m [34mDEBUG[0m [2methereum_transaction_pool_monitor::eth_client[0m[2m:[0m 📨 Received pending transaction: 0x6f06656e2267531f220349c71304b3856e1073dda52507eebf82933a40e7f5e4
[2m2025-12-10T10:10:30.461418Z[0m [34mDEBUG[0m [2methereum_transaction_pool_monitor::eth_client[0m[2m:[0m 📨 Received WebSocket message: {"jsonrpc":"2.0","method":"eth_subscription","params":{"subscription":"0xbed0a0851463e895960a451075a301a9","result":"0x41aaa87867c80355225955152184985fcddad7fad7d580d1972706d2ee4bcce9"}}
[2m2025-12-10T10:10:30.461445Z[0m [34mDEBUG[0m [2methereum_transaction_pool_monitor::eth_client[0m[2m:[0m 📨 Received pending transaction: 0x41aaa87867c80355225955152184985fcddad7fad7d580d1972706d2ee4bcce9
[2m2025-12-10T10:10:30.462816Z[0m [34mDEBUG[0m [2mhyper::proto::h1::io[0m[2m:[0m parsed 4 headers
[2m2025-12-10T10:10:30.462821Z[0m [34mDEBUG[0m [2mhyper::proto::h1::conn[0m[2m:[0m incoming body is content-length (642 bytes)
[2m2025-12-10T10:10:30.462827Z[0m [34mDEBUG[0m [2mhyper::proto::h1::conn[0m[2m:[0m incoming body completed
[2m2025-12-10T10:10:30.462834Z[0m [34mDEBUG[0m [2mhyper::client::pool[0m[2m:[0m pooling idle connection for ("http", 192.168.0.14:8545)
[2m2025-12-10T10:10:30.462839Z[0m [34mDEBUG[0m [2methereum_transaction_pool_monitor::eth_client[0m[2m:[0m 📡 Transaction fetch RPC completed in 7.996375ms
[2m2025-12-10T10:10:30.532817Z[0m [34mDEBUG[0m [2methereum_transaction_pool_monitor::eth_client[0m[2m:[0m ✅ Transaction 0xaa8b060bf2e7a18f5a3e0ebae5161691b97cb4d71b01b82177340c7635d992cc fetched and parsed in 77.971833ms
[2m2025-12-10T10:10:30.532841Z[0m [34mDEBUG[0m [2methereum_transaction_pool_monitor::mempool_monitor[0m[2m:[0m 🔍 Skipping tx 0xaa8b060bf2e7a18f5a3e0ebae5161691b97cb4d71b01b82177340c7635d992cc - not a DEX interaction (target: 0xE6dc92C9F5f6e040f3eb08FeF13Dba23f00fb4B6)
[2m2025-12-10T10:10:30.532851Z[0m [34mDEBUG[0m [2methereum_transaction_pool_monitor::mempool_monitor[0m[2m:[0m 📨 Processing new pending transaction: 0xec7287fc0a90370ad9ae666da3a06f8e19964b44e7c1995f07a0a7cd3b554b3d
[2m2025-12-10T10:10:30.532857Z[0m [34mDEBUG[0m [2methereum_transaction_pool_monitor::mempool_monitor[0m[2m:[0m 🔍 Fetching transaction details for: 0xec7287fc0a90370ad9ae666da3a06f8e19964b44e7c1995f07a0a7cd3b554b3d
[2m2025-12-10T10:10:30.532861Z[0m [34mDEBUG[0m [2methereum_transaction_pool_monitor::eth_client[0m[2m:[0m 🔍 Fetching transaction details for hash: 0xec7287fc0a90370ad9ae666da3a06f8e19964b44e7c1995f07a0a7cd3b554b3d
[2m2025-12-10T10:10:30.532877Z[0m [34mDEBUG[0m [2mhyper::client::pool[0m[2m:[0m reuse idle connection for ("http", 192.168.0.14:8545)
[2m2025-12-10T10:10:30.532910Z[0m [34mDEBUG[0m [2mhyper::proto::h1::io[0m[2m:[0m flushed 250 bytes
[2m2025-12-10T10:10:30.532932Z[0m [34mDEBUG[0m [2methereum_transaction_pool_monitor::eth_client[0m[2m:[0m 📨 Received WebSocket message: {"jsonrpc":"2.0","method":"eth_subscription","params":{"subscription":"0xbed0a0851463e895960a451075a301a9","result":"0x0665534dde247da7170d8ee03824bc3a8a1e5bc1d0b4464fe99f15fadc914d62"}}
[2m2025-12-10T10:10:30.532935Z[0m [34mDEBUG[0m [2mhyper::proto::h1::io[0m[2m:[0m parsed 4 headers
[2m2025-12-10T10:10:30.532940Z[0m [34mDEBUG[0m [2methereum_transaction_pool_monitor::eth_client[0m[2m:[0m 📨 Received pending transaction: 0x0665534dde247da7170d8ee03824bc3a8a1e5bc1d0b4464fe99f15fadc914d62
[2m2025-12-10T10:10:30.532943Z[0m [34mDEBUG[0m [2mhyper::proto::h1::conn[0m[2m:[0m incoming body is content-length (45 bytes)
[2m2025-12-10T10:10:30.532947Z[0m [34mDEBUG[0m [2methereum_transaction_pool_monitor::eth_client[0m[2m:[0m 📨 Received WebSocket message: {"jsonrpc":"2.0","method":"eth_subscription","params":{"subscription":"0xbed0a0851463e895960a451075a301a9","result":"0xf111a3d2d0e69f9f70896d3d0b73c6566be7463bb62cbbddad4409d70b370442"}}
[2m2025-12-10T10:10:30.532952Z[0m [34mDEBUG[0m [2mhyper::proto::h1::conn[0m[2m:[0m incoming body completed
[2m2025-12-10T10:10:30.532953Z[0m [34mDEBUG[0m [2methereum_transaction_pool_monitor::eth_client[0m[2m:[0m 📨 Received pending transaction: 0xf111a3d2d0e69f9f70896d3d0b73c6566be7463bb62cbbddad4409d70b370442
[2m2025-12-10T10:10:30.532964Z[0m [34mDEBUG[0m [2mhyper::client::pool[0m[2m:[0m pooling idle connection for ("http", 192.168.0.14:8545)
[2m2025-12-10T10:10:30.532968Z[0m [34mDEBUG[0m [2methereum_transaction_pool_monitor::eth_client[0m[2m:[0m 📨 Received WebSocket message: {"jsonrpc":"2.0","method":"eth_subscription","params":{"subscription":"0xbed0a0851463e895960a451075a301a9","result":"0x9679d587e14d069f57d3b429f896ee81380b1b1b393c059a82fbc6b002afc0fe"}}
[2m2025-12-10T10:10:30.532974Z[0m [34mDEBUG[0m [2methereum_transaction_pool_monitor::eth_client[0m[2m:[0m 📨 Received pending transaction: 0x9679d587e14d069f57d3b429f896ee81380b1b1b393c059a82fbc6b002afc0fe
[2m2025-12-10T10:10:30.532982Z[0m [34mDEBUG[0m [2mhyper::client::pool[0m[2m:[0m reuse idle connection for ("http", 192.168.0.14:8545)
[2m2025-12-10T10:10:30.533000Z[0m [34mDEBUG[0m [2mhyper::proto::h1::io[0m[2m:[0m flushed 172 bytes
[2m2025-12-10T10:10:30.537319Z[0m [34mDEBUG[0m [2mhyper::proto::h1::io[0m[2m:[0m parsed 4 headers
[2m2025-12-10T10:10:30.538951Z[0m [34mDEBUG[0m [2mhyper::proto::h1::conn[0m[2m:[0m incoming body is content-length (770 bytes)
[2m2025-12-10T10:10:30.538968Z[0m [34mDEBUG[0m [2mhyper::proto::h1::conn[0m[2m:[0m incoming body completed
[2m2025-12-10T10:10:30.538990Z[0m [34mDEBUG[0m [2mhyper::client::pool[0m[2m:[0m pooling idle connection for ("http", 192.168.0.14:8545)
[2m2025-12-10T10:10:30.538997Z[0m [34mDEBUG[0m [2methereum_transaction_pool_monitor::eth_client[0m[2m:[0m 📡 Transaction fetch RPC completed in 6.132833ms
[2m2025-12-10T10:10:30.610257Z[0m [34mDEBUG[0m [2methereum_transaction_pool_monitor::eth_client[0m[2m:[0m ✅ Transaction 0xec7287fc0a90370ad9ae666da3a06f8e19964b44e7c1995f07a0a7cd3b554b3d fetched and parsed in 77.390583ms
[2m2025-12-10T10:10:30.610279Z[0m [34mDEBUG[0m [2methereum_transaction_pool_monitor::mempool_monitor[0m[2m:[0m 🔍 Skipping tx 0xec7287fc0a90370ad9ae666da3a06f8e19964b44e7c1995f07a0a7cd3b554b3d - not a DEX interaction (target: 0xB8f28C60dD8240141185a192fa4156A23E189305)
[2m2025-12-10T10:10:30.610288Z[0m [34mDEBUG[0m [2methereum_transaction_pool_monitor::mempool_monitor[0m[2m:[0m 📨 Processing new pending transaction: 0x42a0e3d781ed636f984128d17a28ce9d8cb240e5ced8a68206b7358c5d574006
[2m2025-12-10T10:10:30.610294Z[0m [34mDEBUG[0m [2methereum_transaction_pool_monitor::mempool_monitor[0m[2m:[0m 🔍 Fetching transaction details for: 0x42a0e3d781ed636f984128d17a28ce9d8cb240e5ced8a68206b7358c5d574006
[2m2025-12-10T10:10:30.610299Z[0m [34mDEBUG[0m [2methereum_transaction_pool_monitor::eth_client[0m[2m:[0m 🔍 Fetching transaction details for hash: 0x42a0e3d781ed636f984128d17a28ce9d8cb240e5ced8a68206b7358c5d574006
[2m2025-12-10T10:10:30.610316Z[0m [34mDEBUG[0m [2mhyper::client::pool[0m[2m:[0m reuse idle connection for ("http", 192.168.0.14:8545)
[2m2025-12-10T10:10:30.610358Z[0m [34mDEBUG[0m [2mhyper::proto::h1::io[0m[2m:[0m flushed 250 bytes
[2m2025-12-10T10:10:30.610385Z[0m [34mDEBUG[0m [2methereum_transaction_pool_monitor::eth_client[0m[2m:[0m 📨 Received WebSocket message: {"jsonrpc":"2.0","method":"eth_subscription","params":{"subscription":"0xbed0a0851463e895960a451075a301a9","result":"0x01bce157d94071d3f41e15192e9473cac2f81d7dc900133197b45a32af4d0dae"}}
[2m2025-12-10T10:10:30.610390Z[0m [34mDEBUG[0m [2mhyper::proto::h1::io[0m[2m:[0m parsed 4 headers
[2m2025-12-10T10:10:30.610397Z[0m [34mDEBUG[0m [2methereum_transaction_pool_monitor::eth_client[0m[2m:[0m 📨 Received pending transaction: 0x01bce157d94071d3f41e15192e9473cac2f81d7dc900133197b45a32af4d0dae
[2m2025-12-10T10:10:30.610401Z[0m [34mDEBUG[0m [2mhyper::proto::h1::conn[0m[2m:[0m incoming body is content-length (45 bytes)
[2m2025-12-10T10:10:30.610404Z[0m [34mDEBUG[0m [2methereum_transaction_pool_monitor::eth_client[0m[2m:[0m 📨 Received WebSocket message: {"jsonrpc":"2.0","method":"eth_subscription","params":{"subscription":"0xbed0a0851463e895960a451075a301a9","result":"0xc1ec6d07746b0a999d7b9e41886e31ee386f671b6842c8b22e009a391712a85c"}}
[2m2025-12-10T10:10:30.610411Z[0m [34mDEBUG[0m [2mhyper::proto::h1::conn[0m[2m:[0m incoming body completed
[2m2025-12-10T10:10:30.610411Z[0m [34mDEBUG[0m [2methereum_transaction_pool_monitor::eth_client[0m[2m:[0m 📨 Received pending transaction: 0xc1ec6d07746b0a999d7b9e41886e31ee386f671b6842c8b22e009a391712a85c
[2m2025-12-10T10:10:30.610422Z[0m [34mDEBUG[0m [2mhyper::client::pool[0m[2m:[0m pooling idle connection for ("http", 192.168.0.14:8545)
[2m2025-12-10T10:10:30.610439Z[0m [34mDEBUG[0m [2mhyper::client::pool[0m[2m:[0m reuse idle connection for ("http", 192.168.0.14:8545)
[2m2025-12-10T10:10:30.610466Z[0m [34mDEBUG[0m [2mhyper::proto::h1::io[0m[2m:[0m flushed 172 bytes
[2m2025-12-10T10:10:30.618287Z[0m [34mDEBUG[0m [2mhyper::proto::h1::io[0m[2m:[0m parsed 4 headers
[2m2025-12-10T10:10:30.618310Z[0m [34mDEBUG[0m [2mhyper::proto::h1::conn[0m[2m:[0m incoming body is content-length (45 bytes)
[2m2025-12-10T10:10:30.618328Z[0m [34mDEBUG[0m [2mhyper::proto::h1::conn[0m[2m:[0m incoming body completed
[2m2025-12-10T10:10:30.618341Z[0m [34mDEBUG[0m [2mhyper::client::pool[0m[2m:[0m pooling idle connection for ("http", 192.168.0.14:8545)
[2m2025-12-10T10:10:30.619254Z[0m [34mDEBUG[0m [2mhyper::proto::h1::io[0m[2m:[0m parsed 4 headers
[2m2025-12-10T10:10:30.619276Z[0m [34mDEBUG[0m [2mhyper::proto::h1::conn[0m[2m:[0m incoming body is content-length (705 bytes)
[2m2025-12-10T10:10:30.619282Z[0m [34mDEBUG[0m [2mhyper::proto::h1::conn[0m[2m:[0m incoming body completed
[2m2025-12-10T10:10:30.619292Z[0m [34mDEBUG[0m [2mhyper::client::pool[0m[2m:[0m pooling idle connection for ("http", 192.168.0.14:8545)
[2m2025-12-10T10:10:30.619312Z[0m [34mDEBUG[0m [2methereum_transaction_pool_monitor::eth_client[0m[2m:[0m 📡 Transaction fetch RPC completed in 9.009583ms
[2m2025-12-10T10:10:30.690173Z[0m [34mDEBUG[0m [2methereum_transaction_pool_monitor::eth_client[0m[2m:[0m ✅ Transaction 0x42a0e3d781ed636f984128d17a28ce9d8cb240e5ced8a68206b7358c5d574006 fetched and parsed in 79.867291ms
[2m2025-12-10T10:10:30.690300Z[0m [34mDEBUG[0m [2methereum_transaction_pool_monitor::mempool_monitor[0m[2m:[0m 🔍 Skipping tx 0x42a0e3d781ed636f984128d17a28ce9d8cb240e5ced8a68206b7358c5d574006 - not a DEX interaction (target: 0xA0b86991c6218b36c1d19D4a2e9Eb0cE3606eB48)
[2m2025-12-10T10:10:30.690312Z[0m [34mDEBUG[0m [2methereum_transaction_pool_monitor::mempool_monitor[0m[2m:[0m 📨 Processing new pending transaction: 0xc7122f817b980f4550d50df26dd3f9e4be6c1c12a75ab78f5c68ab632eec98bb
[2m2025-12-10T10:10:30.690319Z[0m [34mDEBUG[0m [2methereum_transaction_pool_monitor::mempool_monitor[0m[2m:[0m 🔍 Fetching transaction details for: 0xc7122f817b980f4550d50df26dd3f9e4be6c1c12a75ab78f5c68ab632eec98bb
[2m2025-12-10T10:10:30.690323Z[0m [34mDEBUG[0m [2methereum_transaction_pool_monitor::eth_client[0m[2m:[0m 🔍 Fetching transaction details for hash: 0xc7122f817b980f4550d50df26dd3f9e4be6c1c12a75ab78f5c68ab632eec98bb
[2m2025-12-10T10:10:30.690340Z[0m [34mDEBUG[0m [2mhyper::client::pool[0m[2m:[0m reuse idle connection for ("http", 192.168.0.14:8545)
[2m2025-12-10T10:10:30.690366Z[0m [34mDEBUG[0m [2mhyper::proto::h1::io[0m[2m:[0m flushed 250 bytes
[2m2025-12-10T10:10:30.690383Z[0m [34mDEBUG[0m [2methereum_transaction_pool_monitor::eth_client[0m[2m:[0m 📨 Received WebSocket message: {"jsonrpc":"2.0","method":"eth_subscription","params":{"subscription":"0xbed0a0851463e895960a451075a301a9","result":"0xfc0f8ded1d695153c7099a206526fe433e5e9c8cedf052c3352c3d01124fd74f"}}
[2m2025-12-10T10:10:30.690393Z[0m [34mDEBUG[0m [2methereum_transaction_pool_monitor::eth_client[0m[2m:[0m 📨 Received pending transaction: 0xfc0f8ded1d695153c7099a206526fe433e5e9c8cedf052c3352c3d01124fd74f
[2m2025-12-10T10:10:30.690399Z[0m [34mDEBUG[0m [2methereum_transaction_pool_monitor::eth_client[0m[2m:[0m 📨 Received WebSocket message: {"jsonrpc":"2.0","method":"eth_subscription","params":{"subscription":"0xbed0a0851463e895960a451075a301a9","result":"0x19a32a633cbe12362d86bfe059f2238e09f4fc0c2ca0aeb82f62caed02ef0fe2"}}
[2m2025-12-10T10:10:30.690404Z[0m [34mDEBUG[0m [2methereum_transaction_pool_monitor::eth_client[0m[2m:[0m 📨 Received pending transaction: 0x19a32a633cbe12362d86bfe059f2238e09f4fc0c2ca0aeb82f62caed02ef0fe2
[2m2025-12-10T10:10:30.694874Z[0m [34mDEBUG[0m [2mhyper::proto::h1::io[0m[2m:[0m parsed 4 headers
[2m2025-12-10T10:10:30.694880Z[0m [34mDEBUG[0m [2mhyper::proto::h1::conn[0m[2m:[0m incoming body is content-length (642 bytes)
[2m2025-12-10T10:10:30.694888Z[0m [34mDEBUG[0m [2mhyper::proto::h1::conn[0m[2m:[0m incoming body completed
[2m2025-12-10T10:10:30.694897Z[0m [34mDEBUG[0m [2mhyper::client::pool[0m[2m:[0m pooling idle connection for ("http", 192.168.0.14:8545)
[2m2025-12-10T10:10:30.694906Z[0m [34mDEBUG[0m [2methereum_transaction_pool_monitor::eth_client[0m[2m:[0m 📡 Transaction fetch RPC completed in 4.579583ms
[2m2025-12-10T10:10:30.764728Z[0m [34mDEBUG[0m [2methereum_transaction_pool_monitor::eth_client[0m[2m:[0m ✅ Transaction 0xc7122f817b980f4550d50df26dd3f9e4be6c1c12a75ab78f5c68ab632eec98bb fetched and parsed in 74.399583ms
[2m2025-12-10T10:10:30.764754Z[0m [34mDEBUG[0m [2methereum_transaction_pool_monitor::mempool_monitor[0m[2m:[0m 🔍 Skipping tx 0xc7122f817b980f4550d50df26dd3f9e4be6c1c12a75ab78f5c68ab632eec98bb - not a DEX interaction (target: 0x9302790Ed9F9d0C558f800E113ccFC14fF10ad24)
[2m2025-12-10T10:10:30.764767Z[0m [34mDEBUG[0m [2methereum_transaction_pool_monitor::mempool_monitor[0m[2m:[0m 📨 Processing new pending transaction: 0x391c24232719eef50b29dad8da14fd29ca470e41e27ad3217389f513868e4479
[2m2025-12-10T10:10:30.764777Z[0m [34mDEBUG[0m [2methereum_transaction_pool_monitor::mempool_monitor[0m[2m:[0m 🔍 Fetching transaction details for: 0x391c24232719eef50b29dad8da14fd29ca470e41e27ad3217389f513868e4479
[2m2025-12-10T10:10:30.764784Z[0m [34mDEBUG[0m [2methereum_transaction_pool_monitor::eth_client[0m[2m:[0m 🔍 Fetching transaction details for hash: 0x391c24232719eef50b29dad8da14fd29ca470e41e27ad3217389f513868e4479
[2m2025-12-10T10:10:30.764804Z[0m [34mDEBUG[0m [2mhyper::client::pool[0m[2m:[0m reuse idle connection for ("http", 192.168.0.14:8545)
[2m2025-12-10T10:10:30.764845Z[0m [34mDEBUG[0m [2mhyper::proto::h1::io[0m[2m:[0m flushed 250 bytes
[2m2025-12-10T10:10:30.764871Z[0m [34mDEBUG[0m [2mhyper::client::pool[0m[2m:[0m reuse idle connection for ("http", 192.168.0.14:8545)
[2m2025-12-10T10:10:30.764884Z[0m [34mDEBUG[0m [2mhyper::proto::h1::io[0m[2m:[0m flushed 172 bytes
[2m2025-12-10T10:10:30.775142Z[0m [34mDEBUG[0m [2mhyper::proto::h1::io[0m[2m:[0m parsed 4 headers
[2m2025-12-10T10:10:30.775147Z[0m [34mDEBUG[0m [2mhyper::proto::h1::conn[0m[2m:[0m incoming body is content-length (779 bytes)
[2m2025-12-10T10:10:30.775153Z[0m [34mDEBUG[0m [2mhyper::proto::h1::conn[0m[2m:[0m incoming body completed
[2m2025-12-10T10:10:30.775159Z[0m [34mDEBUG[0m [2mhyper::client::pool[0m[2m:[0m pooling idle connection for ("http", 192.168.0.14:8545)
[2m2025-12-10T10:10:30.775165Z[0m [34mDEBUG[0m [2methereum_transaction_pool_monitor::eth_client[0m[2m:[0m 📡 Transaction fetch RPC completed in 10.376292ms
[2m2025-12-10T10:10:30.841432Z[0m [34mDEBUG[0m [2methereum_transaction_pool_monitor::eth_client[0m[2m:[0m ✅ Transaction 0x391c24232719eef50b29dad8da14fd29ca470e41e27ad3217389f513868e4479 fetched and parsed in 76.642083ms
[2m2025-12-10T10:10:30.841448Z[0m [34mDEBUG[0m [2methereum_transaction_pool_monitor::mempool_monitor[0m[2m:[0m 🔍 Skipping tx 0x391c24232719eef50b29dad8da14fd29ca470e41e27ad3217389f513868e4479 - not a DEX interaction (target: 0xA0b86991c6218b36c1d19D4a2e9Eb0cE3606eB48)
[2m2025-12-10T10:10:30.841456Z[0m [34mDEBUG[0m [2methereum_transaction_pool_monitor::mempool_monitor[0m[2m:[0m 📨 Processing new pending transaction: 0xa595ff72be7bbfce5cef9973f3bc3ac8daf241db85bbe5b3e86a721099ee7df0
[2m2025-12-10T10:10:30.841460Z[0m [34mDEBUG[0m [2methereum_transaction_pool_monitor::mempool_monitor[0m[2m:[0m 🔍 Fetching transaction details for: 0xa595ff72be7bbfce5cef9973f3bc3ac8daf241db85bbe5b3e86a721099ee7df0
[2m2025-12-10T10:10:30.841464Z[0m [34mDEBUG[0m [2methereum_transaction_pool_monitor::eth_client[0m[2m:[0m 🔍 Fetching transaction details for hash: 0xa595ff72be7bbfce5cef9973f3bc3ac8daf241db85bbe5b3e86a721099ee7df0
[2m2025-12-10T10:10:30.841480Z[0m [34mDEBUG[0m [2mhyper::client::pool[0m[2m:[0m reuse idle connection for ("http", 192.168.0.14:8545)
[2m2025-12-10T10:10:30.841503Z[0m [34mDEBUG[0m [2mhyper::proto::h1::io[0m[2m:[0m flushed 250 bytes
[2m2025-12-10T10:10:30.841521Z[0m [34mDEBUG[0m [2methereum_transaction_pool_monitor::eth_client[0m[2m:[0m 📨 Received WebSocket message: {"jsonrpc":"2.0","method":"eth_subscription","params":{"subscription":"0xbed0a0851463e895960a451075a301a9","result":"0x8b1af204ffe9f2a808db658b3021ef77497aece4305f2211b61af7660d68512e"}}
[2m2025-12-10T10:10:30.841526Z[0m [34mDEBUG[0m [2mhyper::proto::h1::io[0m[2m:[0m parsed 4 headers
[2m2025-12-10T10:10:30.841529Z[0m [34mDEBUG[0m [2methereum_transaction_pool_monitor::eth_client[0m[2m:[0m 📨 Received pending transaction: 0x8b1af204ffe9f2a808db658b3021ef77497aece4305f2211b61af7660d68512e
[2m2025-12-10T10:10:30.841535Z[0m [34mDEBUG[0m [2mhyper::proto::h1::conn[0m[2m:[0m incoming body is content-length (45 bytes)
[2m2025-12-10T10:10:30.841543Z[0m [34mDEBUG[0m [2mhyper::proto::h1::conn[0m[2m:[0m incoming body completed
[2m2025-12-10T10:10:30.841552Z[0m [34mDEBUG[0m [2mhyper::client::pool[0m[2m:[0m pooling idle connection for ("http", 192.168.0.14:8545)
[2m2025-12-10T10:10:30.841564Z[0m [34mDEBUG[0m [2mhyper::client::pool[0m[2m:[0m reuse idle connection for ("http", 192.168.0.14:8545)
[2m2025-12-10T10:10:30.841577Z[0m [34mDEBUG[0m [2mhyper::proto::h1::io[0m[2m:[0m flushed 172 bytes
[2m2025-12-10T10:10:30.853268Z[0m [34mDEBUG[0m [2mhyper::proto::h1::io[0m[2m:[0m parsed 4 headers
[2m2025-12-10T10:10:30.853276Z[0m [34mDEBUG[0m [2mhyper::proto::h1::conn[0m[2m:[0m incoming body is content-length (1307 bytes)
[2m2025-12-10T10:10:30.853281Z[0m [34mDEBUG[0m [2mhyper::proto::h1::conn[0m[2m:[0m incoming body completed
[2m2025-12-10T10:10:30.853286Z[0m [34mDEBUG[0m [2mhyper::client::pool[0m[2m:[0m pooling idle connection for ("http", 192.168.0.14:8545)
[2m2025-12-10T10:10:30.853291Z[0m [34mDEBUG[0m [2methereum_transaction_pool_monitor::eth_client[0m[2m:[0m 📡 Transaction fetch RPC completed in 11.823666ms
[2m2025-12-10T10:10:30.920536Z[0m [34mDEBUG[0m [2methereum_transaction_pool_monitor::eth_client[0m[2m:[0m ✅ Transaction 0xa595ff72be7bbfce5cef9973f3bc3ac8daf241db85bbe5b3e86a721099ee7df0 fetched and parsed in 79.066875ms
[2m2025-12-10T10:10:30.920553Z[0m [34mDEBUG[0m [2methereum_transaction_pool_monitor::mempool_monitor[0m[2m:[0m 🔍 Skipping tx 0xa595ff72be7bbfce5cef9973f3bc3ac8daf241db85bbe5b3e86a721099ee7df0 - not a DEX interaction (target: 0xFFEEDDCcBbAA0000000000000000000000000000)
[2m2025-12-10T10:10:30.920561Z[0m [34mDEBUG[0m [2methereum_transaction_pool_monitor::mempool_monitor[0m[2m:[0m 📨 Processing new pending transaction: 0x4063eb7e8ba324ec830fe66d1163cfa2ef32295ea382f26e95bb4e2c09f5e441
[2m2025-12-10T10:10:30.920566Z[0m [34mDEBUG[0m [2methereum_transaction_pool_monitor::mempool_monitor[0m[2m:[0m 🔍 Fetching transaction details for: 0x4063eb7e8ba324ec830fe66d1163cfa2ef32295ea382f26e95bb4e2c09f5e441
[2m2025-12-10T10:10:30.920569Z[0m [34mDEBUG[0m [2methereum_transaction_pool_monitor::eth_client[0m[2m:[0m 🔍 Fetching transaction details for hash: 0x4063eb7e8ba324ec830fe66d1163cfa2ef32295ea382f26e95bb4e2c09f5e441
[2m2025-12-10T10:10:30.920585Z[0m [34mDEBUG[0m [2mhyper::client::pool[0m[2m:[0m reuse idle connection for ("http", 192.168.0.14:8545)
[2m2025-12-10T10:10:30.920612Z[0m [34mDEBUG[0m [2mhyper::proto::h1::io[0m[2m:[0m flushed 250 bytes
[2m2025-12-10T10:10:30.920629Z[0m [34mDEBUG[0m [2methereum_transaction_pool_monitor::eth_client[0m[2m:[0m 📨 Received WebSocket message: {"jsonrpc":"2.0","method":"eth_subscription","params":{"subscription":"0xbed0a0851463e895960a451075a301a9","result":"0xef7c61194411a7011ebc3fd0c5e9f1e51e3aeebafbadcf96a2df89b2087f190e"}}
[2m2025-12-10T10:10:30.920637Z[0m [34mDEBUG[0m [2methereum_transaction_pool_monitor::eth_client[0m[2m:[0m 📨 Received pending transaction: 0xef7c61194411a7011ebc3fd0c5e9f1e51e3aeebafbadcf96a2df89b2087f190e
[2m2025-12-10T10:10:30.920636Z[0m [34mDEBUG[0m [2mhyper::proto::h1::io[0m[2m:[0m parsed 4 headers
[2m2025-12-10T10:10:30.920643Z[0m [34mDEBUG[0m [2methereum_transaction_pool_monitor::eth_client[0m[2m:[0m 📨 Received WebSocket message: {"jsonrpc":"2.0","method":"eth_subscription","params":{"subscription":"0xbed0a0851463e895960a451075a301a9","result":"0xa3cb3b41315715f6bae464b03c2fc5142545b8bf162ac2ef045b47dfcf5575c0"}}
[2m2025-12-10T10:10:30.920649Z[0m [34mDEBUG[0m [2mhyper::proto::h1::conn[0m[2m:[0m incoming body is content-length (45 bytes)
[2m2025-12-10T10:10:30.920653Z[0m [34mDEBUG[0m [2methereum_transaction_pool_monitor::eth_client[0m[2m:[0m 📨 Received pending transaction: 0xa3cb3b41315715f6bae464b03c2fc5142545b8bf162ac2ef045b47dfcf5575c0
[2m2025-12-10T10:10:30.920658Z[0m [34mDEBUG[0m [2mhyper::proto::h1::conn[0m[2m:[0m incoming body completed
[2m2025-12-10T10:10:30.920666Z[0m [34mDEBUG[0m [2mhyper::client::pool[0m[2m:[0m pooling idle connection for ("http", 192.168.0.14:8545)
[2m2025-12-10T10:10:30.920678Z[0m [34mDEBUG[0m [2mhyper::client::pool[0m[2m:[0m reuse idle connection for ("http", 192.168.0.14:8545)
[2m2025-12-10T10:10:30.920693Z[0m [34mDEBUG[0m [2mhyper::proto::h1::io[0m[2m:[0m flushed 172 bytes
[2m2025-12-10T10:10:30.924185Z[0m [34mDEBUG[0m [2mhyper::proto::h1::io[0m[2m:[0m parsed 4 headers
[2m2025-12-10T10:10:30.924190Z[0m [34mDEBUG[0m [2mhyper::proto::h1::conn[0m[2m:[0m incoming body is content-length (648 bytes)
[2m2025-12-10T10:10:30.924194Z[0m [34mDEBUG[0m [2mhyper::proto::h1::conn[0m[2m:[0m incoming body completed
[2m2025-12-10T10:10:30.924200Z[0m [34mDEBUG[0m [2mhyper::client::pool[0m[2m:[0m pooling idle connection for ("http", 192.168.0.14:8545)
[2m2025-12-10T10:10:30.924204Z[0m [34mDEBUG[0m [2methereum_transaction_pool_monitor::eth_client[0m[2m:[0m 📡 Transaction fetch RPC completed in 3.6315ms
[2m2025-12-10T10:10:30.992380Z[0m [34mDEBUG[0m [2methereum_transaction_pool_monitor::eth_client[0m[2m:[0m ✅ Transaction 0x4063eb7e8ba324ec830fe66d1163cfa2ef32295ea382f26e95bb4e2c09f5e441 fetched and parsed in 71.80475ms
[2m2025-12-10T10:10:30.992403Z[0m [34mDEBUG[0m [2methereum_transaction_pool_monitor::mempool_monitor[0m[2m:[0m 🔍 Skipping tx 0x4063eb7e8ba324ec830fe66d1163cfa2ef32295ea382f26e95bb4e2c09f5e441 - not a DEX interaction (target: 0x1E9E1987E4b0b7ED2316B1EbEf0fd61f8eDaB1D7)
[2m2025-12-10T10:10:30.992410Z[0m [34mDEBUG[0m [2methereum_transaction_pool_monitor::mempool_monitor[0m[2m:[0m 📨 Processing new pending transaction: 0xa44a196efeb908b7082eaa3f875456d2b5c83c0462e388da2de77b7109f5a5db
[2m2025-12-10T10:10:30.992414Z[0m [34mDEBUG[0m [2methereum_transaction_pool_monitor::mempool_monitor[0m[2m:[0m 🔍 Fetching transaction details for: 0xa44a196efeb908b7082eaa3f875456d2b5c83c0462e388da2de77b7109f5a5db
[2m2025-12-10T10:10:30.992418Z[0m [34mDEBUG[0m [2methereum_transaction_pool_monitor::eth_client[0m[2m:[0m 🔍 Fetching transaction details for hash: 0xa44a196efeb908b7082eaa3f875456d2b5c83c0462e388da2de77b7109f5a5db
[2m2025-12-10T10:10:30.992434Z[0m [34mDEBUG[0m [2mhyper::client::pool[0m[2m:[0m reuse idle connection for ("http", 192.168.0.14:8545)
[2m2025-12-10T10:10:30.992475Z[0m [34mDEBUG[0m [2mhyper::proto::h1::io[0m[2m:[0m flushed 250 bytes
[2m2025-12-10T10:10:30.992488Z[0m [34mDEBUG[0m [2mhyper::proto::h1::io[0m[2m:[0m parsed 4 headers
[2m2025-12-10T10:10:30.992492Z[0m [34mDEBUG[0m [2mhyper::proto::h1::conn[0m[2m:[0m incoming body is content-length (45 bytes)
[2m2025-12-10T10:10:30.992497Z[0m [34mDEBUG[0m [2mhyper::proto::h1::conn[0m[2m:[0m incoming body completed
[2m2025-12-10T10:10:30.992503Z[0m [34mDEBUG[0m [2mhyper::client::pool[0m[2m:[0m pooling idle connection for ("http", 192.168.0.14:8545)
[2m2025-12-10T10:10:30.997533Z[0m [34mDEBUG[0m [2mhyper::client::pool[0m[2m:[0m reuse idle connection for ("http", 192.168.0.14:8545)
[2m2025-12-10T10:10:30.997564Z[0m [34mDEBUG[0m [2mhyper::proto::h1::io[0m[2m:[0m flushed 172 bytes
[2m2025-12-10T10:10:31.002458Z[0m [34mDEBUG[0m [2mhyper::proto::h1::io[0m[2m:[0m parsed 4 headers
[2m2025-12-10T10:10:31.002471Z[0m [34mDEBUG[0m [2mhyper::proto::h1::conn[0m[2m:[0m incoming body is content-length (655 bytes)
[2m2025-12-10T10:10:31.002478Z[0m [34mDEBUG[0m [2mhyper::proto::h1::conn[0m[2m:[0m incoming body completed
[2m2025-12-10T10:10:31.002486Z[0m [34mDEBUG[0m [2mhyper::client::pool[0m[2m:[0m pooling idle connection for ("http", 192.168.0.14:8545)
[2m2025-12-10T10:10:31.002491Z[0m [34mDEBUG[0m [2methereum_transaction_pool_monitor::eth_client[0m[2m:[0m 📡 Transaction fetch RPC completed in 10.069833ms
[2m2025-12-10T10:10:31.069917Z[0m [34mDEBUG[0m [2methereum_transaction_pool_monitor::eth_client[0m[2m:[0m ✅ Transaction 0xa44a196efeb908b7082eaa3f875456d2b5c83c0462e388da2de77b7109f5a5db fetched and parsed in 77.493125ms
[2m2025-12-10T10:10:31.069936Z[0m [34mDEBUG[0m [2methereum_transaction_pool_monitor::mempool_monitor[0m[2m:[0m 🔍 Skipping tx 0xa44a196efeb908b7082eaa3f875456d2b5c83c0462e388da2de77b7109f5a5db - not a DEX interaction (target: 0x1EfD21Be9546483abf6B5bD9077E1502496a2D05)
[2m2025-12-10T10:10:31.069946Z[0m [34mDEBUG[0m [2methereum_transaction_pool_monitor::mempool_monitor[0m[2m:[0m 📨 Processing new pending transaction: 0xfef6dd2e350dd360c62a8201ad60d4c8f73b3d382d63cf9abadfcf77d526bf12
[2m2025-12-10T10:10:31.069950Z[0m [34mDEBUG[0m [2methereum_transaction_pool_monitor::mempool_monitor[0m[2m:[0m 🔍 Fetching transaction details for: 0xfef6dd2e350dd360c62a8201ad60d4c8f73b3d382d63cf9abadfcf77d526bf12
[2m2025-12-10T10:10:31.070178Z[0m [34mDEBUG[0m [2methereum_transaction_pool_monitor::eth_client[0m[2m:[0m 🔍 Fetching transaction details for hash: 0xfef6dd2e350dd360c62a8201ad60d4c8f73b3d382d63cf9abadfcf77d526bf12
[2m2025-12-10T10:10:31.070204Z[0m [34mDEBUG[0m [2mhyper::client::pool[0m[2m:[0m reuse idle connection for ("http", 192.168.0.14:8545)
[2m2025-12-10T10:10:31.070237Z[0m [34mDEBUG[0m [2mhyper::proto::h1::io[0m[2m:[0m flushed 250 bytes
[2m2025-12-10T10:10:31.070258Z[0m [34mDEBUG[0m [2methereum_transaction_pool_monitor::eth_client[0m[2m:[0m 📨 Received WebSocket message: {"jsonrpc":"2.0","method":"eth_subscription","params":{"subscription":"0xbed0a0851463e895960a451075a301a9","result":"0xebf428f034372a7cffa516f11200e78204f64e54d63dd7ceab99a021454c05ef"}}
[2m2025-12-10T10:10:31.070261Z[0m [34mDEBUG[0m [2mhyper::proto::h1::io[0m[2m:[0m parsed 4 headers
[2m2025-12-10T10:10:31.070266Z[0m [34mDEBUG[0m [2methereum_transaction_pool_monitor::eth_client[0m[2m:[0m 📨 Received pending transaction: 0xebf428f034372a7cffa516f11200e78204f64e54d63dd7ceab99a021454c05ef
[2m2025-12-10T10:10:31.070268Z[0m [34mDEBUG[0m [2mhyper::proto::h1::conn[0m[2m:[0m incoming body is content-length (45 bytes)
[2m2025-12-10T10:10:31.070272Z[0m [34mDEBUG[0m [2methereum_transaction_pool_monitor::eth_client[0m[2m:[0m 📨 Received WebSocket message: {"jsonrpc":"2.0","method":"eth_subscription","params":{"subscription":"0xbed0a0851463e895960a451075a301a9","result":"0xbf7d89d7810b6cbec3ba124699496a4c3719fb6219eeeb21cae5f92a8a976d64"}}
[2m2025-12-10T10:10:31.070276Z[0m [34mDEBUG[0m [2mhyper::proto::h1::conn[0m[2m:[0m incoming body completed
[2m2025-12-10T10:10:31.070279Z[0m [34mDEBUG[0m [2methereum_transaction_pool_monitor::eth_client[0m[2m:[0m 📨 Received pending transaction: 0xbf7d89d7810b6cbec3ba124699496a4c3719fb6219eeeb21cae5f92a8a976d64
[2m2025-12-10T10:10:31.070285Z[0m [34mDEBUG[0m [2mhyper::client::pool[0m[2m:[0m pooling idle connection for ("http", 192.168.0.14:8545)
[2m2025-12-10T10:10:31.074679Z[0m [34mDEBUG[0m [2mhyper::proto::h1::io[0m[2m:[0m parsed 4 headers
[2m2025-12-10T10:10:31.074694Z[0m [34mDEBUG[0m [2mhyper::proto::h1::conn[0m[2m:[0m incoming body is content-length (830 bytes)
[2m2025-12-10T10:10:31.074701Z[0m [34mDEBUG[0m [2mhyper::proto::h1::conn[0m[2m:[0m incoming body completed
[2m2025-12-10T10:10:31.074709Z[0m [34mDEBUG[0m [2mhyper::client::pool[0m[2m:[0m pooling idle connection for ("http", 192.168.0.14:8545)
[2m2025-12-10T10:10:31.074715Z[0m [34mDEBUG[0m [2methereum_transaction_pool_monitor::eth_client[0m[2m:[0m 📡 Transaction fetch RPC completed in 4.525917ms
[2m2025-12-10T10:10:31.142401Z[0m [34mDEBUG[0m [2methereum_transaction_pool_monitor::eth_client[0m[2m:[0m ✅ Transaction 0xfef6dd2e350dd360c62a8201ad60d4c8f73b3d382d63cf9abadfcf77d526bf12 fetched and parsed in 72.2095ms
[2m2025-12-10T10:10:31.142419Z[0m [34mDEBUG[0m [2methereum_transaction_pool_monitor::mempool_monitor[0m[2m:[0m 🔍 Skipping tx 0xfef6dd2e350dd360c62a8201ad60d4c8f73b3d382d63cf9abadfcf77d526bf12 - not a DEX interaction (target: 0x3B4D794a66304F130a4Db8F2551B0070dfCf5ca7)
[2m2025-12-10T10:10:31.142427Z[0m [34mDEBUG[0m [2methereum_transaction_pool_monitor::mempool_monitor[0m[2m:[0m 📨 Processing new pending transaction: 0xbab1ab0c8952e064d250719eeec823ab5fc358a42683cb3eb3f8d7a140e5f234
[2m2025-12-10T10:10:31.142431Z[0m [34mDEBUG[0m [2methereum_transaction_pool_monitor::mempool_monitor[0m[2m:[0m 🔍 Fetching transaction details for: 0xbab1ab0c8952e064d250719eeec823ab5fc358a42683cb3eb3f8d7a140e5f234
[2m2025-12-10T10:10:31.142435Z[0m [34mDEBUG[0m [2methereum_transaction_pool_monitor::eth_client[0m[2m:[0m 🔍 Fetching transaction details for hash: 0xbab1ab0c8952e064d250719eeec823ab5fc358a42683cb3eb3f8d7a140e5f234
[2m2025-12-10T10:10:31.142451Z[0m [34mDEBUG[0m [2mhyper::client::pool[0m[2m:[0m reuse idle connection for ("http", 192.168.0.14:8545)
[2m2025-12-10T10:10:31.142477Z[0m [34mDEBUG[0m [2mhyper::proto::h1::io[0m[2m:[0m flushed 250 bytes
[2m2025-12-10T10:10:31.142510Z[0m [34mDEBUG[0m [2mhyper::client::pool[0m[2m:[0m reuse idle connection for ("http", 192.168.0.14:8545)
[2m2025-12-10T10:10:31.142528Z[0m [34mDEBUG[0m [2mhyper::proto::h1::io[0m[2m:[0m flushed 172 bytes
[2m2025-12-10T10:10:31.151990Z[0m [34mDEBUG[0m [2mhyper::proto::h1::io[0m[2m:[0m parsed 4 headers
[2m2025-12-10T10:10:31.152005Z[0m [34mDEBUG[0m [2mhyper::proto::h1::conn[0m[2m:[0m incoming body is content-length (45 bytes)
[2m2025-12-10T10:10:31.152014Z[0m [34mDEBUG[0m [2mhyper::proto::h1::conn[0m[2m:[0m incoming body completed
[2m2025-12-10T10:10:31.152024Z[0m [34mDEBUG[0m [2mhyper::client::pool[0m[2m:[0m pooling idle connection for ("http", 192.168.0.14:8545)
[2m2025-12-10T10:10:31.154888Z[0m [34mDEBUG[0m [2mhyper::proto::h1::io[0m[2m:[0m parsed 4 headers
[2m2025-12-10T10:10:31.154901Z[0m [34mDEBUG[0m [2mhyper::proto::h1::conn[0m[2m:[0m incoming body is content-length (772 bytes)
[2m2025-12-10T10:10:31.154907Z[0m [34mDEBUG[0m [2mhyper::proto::h1::conn[0m[2m:[0m incoming body completed
[2m2025-12-10T10:10:31.154915Z[0m [34mDEBUG[0m [2mhyper::client::pool[0m[2m:[0m pooling idle connection for ("http", 192.168.0.14:8545)
[2m2025-12-10T10:10:31.154922Z[0m [34mDEBUG[0m [2methereum_transaction_pool_monitor::eth_client[0m[2m:[0m 📡 Transaction fetch RPC completed in 12.482625ms
[2m2025-12-10T10:10:31.222734Z[0m [34mDEBUG[0m [2methereum_transaction_pool_monitor::eth_client[0m[2m:[0m ✅ Transaction 0xbab1ab0c8952e064d250719eeec823ab5fc358a42683cb3eb3f8d7a140e5f234 fetched and parsed in 80.292333ms
[2m2025-12-10T10:10:31.222758Z[0m [34mDEBUG[0m [2methereum_transaction_pool_monitor::mempool_monitor[0m[2m:[0m 🔍 Skipping tx 0xbab1ab0c8952e064d250719eeec823ab5fc358a42683cb3eb3f8d7a140e5f234 - not a DEX interaction (target: 0xB8f28C60dD8240141185a192fa4156A23E189305)
[2m2025-12-10T10:10:31.222766Z[0m [34mDEBUG[0m [2methereum_transaction_pool_monitor::mempool_monitor[0m[2m:[0m 📨 Processing new pending transaction: 0x6d5566b7436ec0460bd3b79391ed626a7251118d4e17991c06cda5d79f6e319d
[2m2025-12-10T10:10:31.222770Z[0m [34mDEBUG[0m [2methereum_transaction_pool_monitor::mempool_monitor[0m[2m:[0m 🔍 Fetching transaction details for: 0x6d5566b7436ec0460bd3b79391ed626a7251118d4e17991c06cda5d79f6e319d
[2m2025-12-10T10:10:31.222774Z[0m [34mDEBUG[0m [2methereum_transaction_pool_monitor::eth_client[0m[2m:[0m 🔍 Fetching transaction details for hash: 0x6d5566b7436ec0460bd3b79391ed626a7251118d4e17991c06cda5d79f6e319d
[2m2025-12-10T10:10:31.222793Z[0m [34mDEBUG[0m [2mhyper::client::pool[0m[2m:[0m reuse idle connection for ("http", 192.168.0.14:8545)
[2m2025-12-10T10:10:31.222834Z[0m [34mDEBUG[0m [2mhyper::proto::h1::io[0m[2m:[0m flushed 250 bytes
[2m2025-12-10T10:10:31.222851Z[0m [34mDEBUG[0m [2mhyper::client::pool[0m[2m:[0m reuse idle connection for ("http", 192.168.0.14:8545)
[2m2025-12-10T10:10:31.222866Z[0m [34mDEBUG[0m [2mhyper::proto::h1::io[0m[2m:[0m flushed 172 bytes
[2m2025-12-10T10:10:31.222867Z[0m [34mDEBUG[0m [2methereum_transaction_pool_monitor::eth_client[0m[2m:[0m 📨 Received WebSocket message: {"jsonrpc":"2.0","method":"eth_subscription","params":{"subscription":"0xbed0a0851463e895960a451075a301a9","result":"0x7dcc4f2103f385edd76a8a9962301500ca7f664ed3361b1a2b6ba02033dbaf81"}}
[2m2025-12-10T10:10:31.222876Z[0m [34mDEBUG[0m [2methereum_transaction_pool_monitor::eth_client[0m[2m:[0m 📨 Received pending transaction: 0x7dcc4f2103f385edd76a8a9962301500ca7f664ed3361b1a2b6ba02033dbaf81
[2m2025-12-10T10:10:31.227819Z[0m [34mDEBUG[0m [2mhyper::proto::h1::io[0m[2m:[0m parsed 4 headers
[2m2025-12-10T10:10:31.227827Z[0m [34mDEBUG[0m [2mhyper::proto::h1::conn[0m[2m:[0m incoming body is content-length (830 bytes)
[2m2025-12-10T10:10:31.227836Z[0m [34mDEBUG[0m [2mhyper::proto::h1::conn[0m[2m:[0m incoming body completed
[2m2025-12-10T10:10:31.227846Z[0m [34mDEBUG[0m [2mhyper::client::pool[0m[2m:[0m pooling idle connection for ("http", 192.168.0.14:8545)
[2m2025-12-10T10:10:31.227853Z[0m [34mDEBUG[0m [2methereum_transaction_pool_monitor::eth_client[0m[2m:[0m 📡 Transaction fetch RPC completed in 5.072ms
[2m2025-12-10T10:10:31.300169Z[0m [34mDEBUG[0m [2methereum_transaction_pool_monitor::eth_client[0m[2m:[0m ✅ Transaction 0x6d5566b7436ec0460bd3b79391ed626a7251118d4e17991c06cda5d79f6e319d fetched and parsed in 77.386167ms
[2m2025-12-10T10:10:31.300195Z[0m [34mDEBUG[0m [2methereum_transaction_pool_monitor::mempool_monitor[0m[2m:[0m 🔍 Skipping tx 0x6d5566b7436ec0460bd3b79391ed626a7251118d4e17991c06cda5d79f6e319d - not a DEX interaction (target: 0x3B4D794a66304F130a4Db8F2551B0070dfCf5ca7)
[2m2025-12-10T10:10:31.300204Z[0m [34mDEBUG[0m [2methereum_transaction_pool_monitor::mempool_monitor[0m[2m:[0m 📨 Processing new pending transaction: 0xe1857da2851955ae115ecd5151d5b29e46a3dc81c28fdcb1073d27afa8944582
[2m2025-12-10T10:10:31.300210Z[0m [34mDEBUG[0m [2methereum_transaction_pool_monitor::mempool_monitor[0m[2m:[0m 🔍 Fetching transaction details for: 0xe1857da2851955ae115ecd5151d5b29e46a3dc81c28fdcb1073d27afa8944582
[2m2025-12-10T10:10:31.300214Z[0m [34mDEBUG[0m [2methereum_transaction_pool_monitor::eth_client[0m[2m:[0m 🔍 Fetching transaction details for hash: 0xe1857da2851955ae115ecd5151d5b29e46a3dc81c28fdcb1073d27afa8944582
[2m2025-12-10T10:10:31.300231Z[0m [34mDEBUG[0m [2mhyper::client::pool[0m[2m:[0m reuse idle connection for ("http", 192.168.0.14:8545)
[2m2025-12-10T10:10:31.300273Z[0m [34mDEBUG[0m [2mhyper::proto::h1::io[0m[2m:[0m flushed 250 bytes
[2m2025-12-10T10:10:31.300288Z[0m [34mDEBUG[0m [2mhyper::proto::h1::io[0m[2m:[0m parsed 4 headers
[2m2025-12-10T10:10:31.300293Z[0m [34mDEBUG[0m [2mhyper::proto::h1::conn[0m[2m:[0m incoming body is content-length (45 bytes)
[2m2025-12-10T10:10:31.300299Z[0m [34mDEBUG[0m [2mhyper::proto::h1::conn[0m[2m:[0m incoming body completed
[2m2025-12-10T10:10:31.300307Z[0m [34mDEBUG[0m [2mhyper::client::pool[0m[2m:[0m pooling idle connection for ("http", 192.168.0.14:8545)
[2m2025-12-10T10:10:31.300322Z[0m [34mDEBUG[0m [2mhyper::client::pool[0m[2m:[0m reuse idle connection for ("http", 192.168.0.14:8545)
[2m2025-12-10T10:10:31.300336Z[0m [34mDEBUG[0m [2mhyper::proto::h1::io[0m[2m:[0m flushed 172 bytes
[2m2025-12-10T10:10:31.307914Z[0m [34mDEBUG[0m [2mhyper::proto::h1::io[0m[2m:[0m parsed 4 headers
[2m2025-12-10T10:10:31.307926Z[0m [34mDEBUG[0m [2mhyper::proto::h1::conn[0m[2m:[0m incoming body is content-length (45 bytes)
[2m2025-12-10T10:10:31.307932Z[0m [34mDEBUG[0m [2mhyper::proto::h1::conn[0m[2m:[0m incoming body completed
[2m2025-12-10T10:10:31.307940Z[0m [34mDEBUG[0m [2mhyper::client::pool[0m[2m:[0m pooling idle connection for ("http", 192.168.0.14:8545)
[2m2025-12-10T10:10:31.309590Z[0m [34mDEBUG[0m [2mhyper::proto::h1::io[0m[2m:[0m parsed 4 headers
[2m2025-12-10T10:10:31.309597Z[0m [34mDEBUG[0m [2mhyper::proto::h1::conn[0m[2m:[0m incoming body is content-length (830 bytes)
[2m2025-12-10T10:10:31.309602Z[0m [34mDEBUG[0m [2mhyper::proto::h1::conn[0m[2m:[0m incoming body completed
[2m2025-12-10T10:10:31.309609Z[0m [34mDEBUG[0m [2mhyper::client::pool[0m[2m:[0m pooling idle connection for ("http", 192.168.0.14:8545)
[2m2025-12-10T10:10:31.309615Z[0m [34mDEBUG[0m [2methereum_transaction_pool_monitor::eth_client[0m[2m:[0m 📡 Transaction fetch RPC completed in 9.396333ms
[2m2025-12-10T10:10:31.381869Z[0m [34mDEBUG[0m [2methereum_transaction_pool_monitor::eth_client[0m[2m:[0m ✅ Transaction 0xe1857da2851955ae115ecd5151d5b29e46a3dc81c28fdcb1073d27afa8944582 fetched and parsed in 81.648083ms
[2m2025-12-10T10:10:31.381894Z[0m [34mDEBUG[0m [2methereum_transaction_pool_monitor::mempool_monitor[0m[2m:[0m 🔍 Skipping tx 0xe1857da2851955ae115ecd5151d5b29e46a3dc81c28fdcb1073d27afa8944582 - not a DEX interaction (target: 0x3B4D794a66304F130a4Db8F2551B0070dfCf5ca7)
[2m2025-12-10T10:10:31.381905Z[0m [34mDEBUG[0m [2methereum_transaction_pool_monitor::mempool_monitor[0m[2m:[0m 📨 Processing new pending transaction: 0x72978d43bef799027d596ed63485127efa2554267cf0bba5f422b8b3eb24d713
[2m2025-12-10T10:10:31.381910Z[0m [34mDEBUG[0m [2methereum_transaction_pool_monitor::mempool_monitor[0m[2m:[0m 🔍 Fetching transaction details for: 0x72978d43bef799027d596ed63485127efa2554267cf0bba5f422b8b3eb24d713
[2m2025-12-10T10:10:31.381915Z[0m [34mDEBUG[0m [2methereum_transaction_pool_monitor::eth_client[0m[2m:[0m 🔍 Fetching transaction details for hash: 0x72978d43bef799027d596ed63485127efa2554267cf0bba5f422b8b3eb24d713
[2m2025-12-10T10:10:31.381932Z[0m [34mDEBUG[0m [2mhyper::client::pool[0m[2m:[0m reuse idle connection for ("http", 192.168.0.14:8545)
[2m2025-12-10T10:10:31.381978Z[0m [34mDEBUG[0m [2mhyper::proto::h1::io[0m[2m:[0m flushed 250 bytes
[2m2025-12-10T10:10:31.381997Z[0m [34mDEBUG[0m [2methereum_transaction_pool_monitor::eth_client[0m[2m:[0m 📨 Received WebSocket message: {"jsonrpc":"2.0","method":"eth_subscription","params":{"subscription":"0xbed0a0851463e895960a451075a301a9","result":"0x63f4ab8ca03df294caa6f9b5e52c3d5db521099c5c968d613162c692f45040f2"}}
[2m2025-12-10T10:10:31.382006Z[0m [34mDEBUG[0m [2methereum_transaction_pool_monitor::eth_client[0m[2m:[0m 📨 Received pending transaction: 0x63f4ab8ca03df294caa6f9b5e52c3d5db521099c5c968d613162c692f45040f2
[2m2025-12-10T10:10:31.390336Z[0m [34mDEBUG[0m [2mhyper::proto::h1::io[0m[2m:[0m parsed 4 headers
[2m2025-12-10T10:10:31.390346Z[0m [34mDEBUG[0m [2mhyper::proto::h1::conn[0m[2m:[0m incoming body is content-length (765 bytes)
[2m2025-12-10T10:10:31.390353Z[0m [34mDEBUG[0m [2mhyper::proto::h1::conn[0m[2m:[0m incoming body completed
[2m2025-12-10T10:10:31.390361Z[0m [34mDEBUG[0m [2mhyper::client::pool[0m[2m:[0m pooling idle connection for ("http", 192.168.0.14:8545)
[2m2025-12-10T10:10:31.390367Z[0m [34mDEBUG[0m [2methereum_transaction_pool_monitor::eth_client[0m[2m:[0m 📡 Transaction fetch RPC completed in 8.448125ms
[2m2025-12-10T10:10:31.461317Z[0m [34mDEBUG[0m [2methereum_transaction_pool_monitor::eth_client[0m[2m:[0m ✅ Transaction 0x72978d43bef799027d596ed63485127efa2554267cf0bba5f422b8b3eb24d713 fetched and parsed in 79.395459ms
[2m2025-12-10T10:10:31.461342Z[0m [34mDEBUG[0m [2methereum_transaction_pool_monitor::mempool_monitor[0m[2m:[0m 🔍 Skipping tx 0x72978d43bef799027d596ed63485127efa2554267cf0bba5f422b8b3eb24d713 - not a DEX interaction (target: 0x455e53CBB86018Ac2B8092FdCd39d8444aFFC3F6)
[2m2025-12-10T10:10:31.461352Z[0m [34mDEBUG[0m [2methereum_transaction_pool_monitor::mempool_monitor[0m[2m:[0m 📨 Processing new pending transaction: 0x30bbf22875acd7a8d014bade9287b775748aca71c8b6dae2608dd9e9c71e26d5
[2m2025-12-10T10:10:31.461359Z[0m [34mDEBUG[0m [2methereum_transaction_pool_monitor::mempool_monitor[0m[2m:[0m 🔍 Fetching transaction details for: 0x30bbf22875acd7a8d014bade9287b775748aca71c8b6dae2608dd9e9c71e26d5
[2m2025-12-10T10:10:31.461363Z[0m [34mDEBUG[0m [2methereum_transaction_pool_monitor::eth_client[0m[2m:[0m 🔍 Fetching transaction details for hash: 0x30bbf22875acd7a8d014bade9287b775748aca71c8b6dae2608dd9e9c71e26d5
[2m2025-12-10T10:10:31.461380Z[0m [34mDEBUG[0m [2mhyper::client::pool[0m[2m:[0m reuse idle connection for ("http", 192.168.0.14:8545)
[2m2025-12-10T10:10:31.461419Z[0m [34mDEBUG[0m [2mhyper::proto::h1::io[0m[2m:[0m flushed 250 bytes
[2m2025-12-10T10:10:31.461439Z[0m [34mDEBUG[0m [2mhyper::client::pool[0m[2m:[0m reuse idle connection for ("http", 192.168.0.14:8545)
[2m2025-12-10T10:10:31.461453Z[0m [34mDEBUG[0m [2mhyper::proto::h1::io[0m[2m:[0m flushed 172 bytes
[2m2025-12-10T10:10:31.461453Z[0m [34mDEBUG[0m [2methereum_transaction_pool_monitor::eth_client[0m[2m:[0m 📨 Received WebSocket message: {"jsonrpc":"2.0","method":"eth_subscription","params":{"subscription":"0xbed0a0851463e895960a451075a301a9","result":"0xc6b5af47b23eece69ec25cc9fc201d6b1b365841550ef14167c3ec1bb4dae86b"}}
[2m2025-12-10T10:10:31.461543Z[0m [34mDEBUG[0m [2methereum_transaction_pool_monitor::eth_client[0m[2m:[0m 📨 Received pending transaction: 0xc6b5af47b23eece69ec25cc9fc201d6b1b365841550ef14167c3ec1bb4dae86b
[2m2025-12-10T10:10:31.467843Z[0m [34mDEBUG[0m [2mhyper::proto::h1::io[0m[2m:[0m parsed 4 headers
[2m2025-12-10T10:10:31.467858Z[0m [34mDEBUG[0m [2mhyper::proto::h1::conn[0m[2m:[0m incoming body is content-length (772 bytes)
[2m2025-12-10T10:10:31.467866Z[0m [34mDEBUG[0m [2mhyper::proto::h1::conn[0m[2m:[0m incoming body completed
[2m2025-12-10T10:10:31.467875Z[0m [34mDEBUG[0m [2mhyper::client::pool[0m[2m:[0m pooling idle connection for ("http", 192.168.0.14:8545)
[2m2025-12-10T10:10:31.467882Z[0m [34mDEBUG[0m [2methereum_transaction_pool_monitor::eth_client[0m[2m:[0m 📡 Transaction fetch RPC completed in 6.514542ms
[2m2025-12-10T10:10:31.467896Z[0m [34mDEBUG[0m [2methereum_transaction_pool_monitor::eth_client[0m[2m:[0m DeFi transaction detected - Address: 0xdac17f958d2ee523a2206206994597c13d831ec7, Type: Stablecoin, Value: 0 ETH, Gas: 2.26 Gwei
[2m2025-12-10T10:10:31.467907Z[0m [34mDEBUG[0m [2methereum_transaction_pool_monitor::eth_client[0m[2m:[0m ✅ Transaction 0x30bbf22875acd7a8d014bade9287b775748aca71c8b6dae2608dd9e9c71e26d5 fetched and parsed in 6.54025ms
[2m2025-12-10T10:10:31.467912Z[0m [34mDEBUG[0m [2methereum_transaction_pool_monitor::mempool_monitor[0m[2m:[0m 🔍 Skipping tx 0x30bbf22875acd7a8d014bade9287b775748aca71c8b6dae2608dd9e9c71e26d5 - not a DEX interaction (target: 0xdAC17F958D2ee523a2206206994597C13D831ec7)
[2m2025-12-10T10:10:31.467918Z[0m [34mDEBUG[0m [2methereum_transaction_pool_monitor::mempool_monitor[0m[2m:[0m 📨 Processing new pending transaction: 0x6f06656e2267531f220349c71304b3856e1073dda52507eebf82933a40e7f5e4
[2m2025-12-10T10:10:31.467922Z[0m [34mDEBUG[0m [2methereum_transaction_pool_monitor::mempool_monitor[0m[2m:[0m 🔍 Fetching transaction details for: 0x6f06656e2267531f220349c71304b3856e1073dda52507eebf82933a40e7f5e4
[2m2025-12-10T10:10:31.467925Z[0m [34mDEBUG[0m [2methereum_transaction_pool_monitor::eth_client[0m[2m:[0m 🔍 Fetching transaction details for hash: 0x6f06656e2267531f220349c71304b3856e1073dda52507eebf82933a40e7f5e4
[2m2025-12-10T10:10:31.467935Z[0m [34mDEBUG[0m [2mhyper::client::pool[0m[2m:[0m reuse idle connection for ("http", 192.168.0.14:8545)
[2m2025-12-10T10:10:31.467959Z[0m [34mDEBUG[0m [2mhyper::proto::h1::io[0m[2m:[0m flushed 250 bytes
[2m2025-12-10T10:10:31.467967Z[0m [34mDEBUG[0m [2mhyper::proto::h1::io[0m[2m:[0m parsed 4 headers
[2m2025-12-10T10:10:31.467970Z[0m [34mDEBUG[0m [2mhyper::proto::h1::conn[0m[2m:[0m incoming body is content-length (45 bytes)
[2m2025-12-10T10:10:31.467974Z[0m [34mDEBUG[0m [2mhyper::proto::h1::conn[0m[2m:[0m incoming body completed
[2m2025-12-10T10:10:31.467979Z[0m [34mDEBUG[0m [2mhyper::client::pool[0m[2m:[0m pooling idle connection for ("http", 192.168.0.14:8545)
[2m2025-12-10T10:10:31.477683Z[0m [34mDEBUG[0m [2mhyper::proto::h1::io[0m[2m:[0m parsed 4 headers
[2m2025-12-10T10:10:31.477696Z[0m [34mDEBUG[0m [2mhyper::proto::h1::conn[0m[2m:[0m incoming body is content-length (638 bytes)
[2m2025-12-10T10:10:31.477702Z[0m [34mDEBUG[0m [2mhyper::proto::h1::conn[0m[2m:[0m incoming body completed
[2m2025-12-10T10:10:31.477710Z[0m [34mDEBUG[0m [2mhyper::client::pool[0m[2m:[0m pooling idle connection for ("http", 192.168.0.14:8545)
[2m2025-12-10T10:10:31.477715Z[0m [34mDEBUG[0m [2methereum_transaction_pool_monitor::eth_client[0m[2m:[0m 📡 Transaction fetch RPC completed in 9.786792ms
[2m2025-12-10T10:10:31.545628Z[0m [34mDEBUG[0m [2methereum_transaction_pool_monitor::eth_client[0m[2m:[0m ✅ Transaction 0x6f06656e2267531f220349c71304b3856e1073dda52507eebf82933a40e7f5e4 fetched and parsed in 77.69775ms
[2m2025-12-10T10:10:31.545647Z[0m [34mDEBUG[0m [2methereum_transaction_pool_monitor::mempool_monitor[0m[2m:[0m 🔍 Skipping tx 0x6f06656e2267531f220349c71304b3856e1073dda52507eebf82933a40e7f5e4 - not a DEX interaction (target: 0xAE621635F49d783E9dF494a066ac6141FB1bE875)
[2m2025-12-10T10:10:31.545655Z[0m [34mDEBUG[0m [2methereum_transaction_pool_monitor::mempool_monitor[0m[2m:[0m 📨 Processing new pending transaction: 0x41aaa87867c80355225955152184985fcddad7fad7d580d1972706d2ee4bcce9
[2m2025-12-10T10:10:31.545660Z[0m [34mDEBUG[0m [2methereum_transaction_pool_monitor::mempool_monitor[0m[2m:[0m 🔍 Fetching transaction details for: 0x41aaa87867c80355225955152184985fcddad7fad7d580d1972706d2ee4bcce9
[2m2025-12-10T10:10:31.545664Z[0m [34mDEBUG[0m [2methereum_transaction_pool_monitor::eth_client[0m[2m:[0m 🔍 Fetching transaction details for hash: 0x41aaa87867c80355225955152184985fcddad7fad7d580d1972706d2ee4bcce9
[2m2025-12-10T10:10:31.545681Z[0m [34mDEBUG[0m [2mhyper::client::pool[0m[2m:[0m reuse idle connection for ("http", 192.168.0.14:8545)
[2m2025-12-10T10:10:31.545725Z[0m [34mDEBUG[0m [2mhyper::proto::h1::io[0m[2m:[0m flushed 250 bytes
[2m2025-12-10T10:10:31.545742Z[0m [34mDEBUG[0m [2mhyper::client::pool[0m[2m:[0m reuse idle connection for ("http", 192.168.0.14:8545)
[2m2025-12-10T10:10:31.545755Z[0m [34mDEBUG[0m [2mhyper::proto::h1::io[0m[2m:[0m flushed 172 bytes
[2m2025-12-10T10:10:31.545755Z[0m [34mDEBUG[0m [2methereum_transaction_pool_monitor::eth_client[0m[2m:[0m 📨 Received WebSocket message: {"jsonrpc":"2.0","method":"eth_subscription","params":{"subscription":"0xbed0a0851463e895960a451075a301a9","result":"0x1242627609b3bf3f5af1bae573b200fb08344e6ea732dd4c61ad8f2a2b8552a8"}}
[2m2025-12-10T10:10:31.545766Z[0m [34mDEBUG[0m [2methereum_transaction_pool_monitor::eth_client[0m[2m:[0m 📨 Received pending transaction: 0x1242627609b3bf3f5af1bae573b200fb08344e6ea732dd4c61ad8f2a2b8552a8
[2m2025-12-10T10:10:31.548739Z[0m [34mDEBUG[0m [2mhyper::proto::h1::io[0m[2m:[0m parsed 4 headers
[2m2025-12-10T10:10:31.548745Z[0m [34mDEBUG[0m [2mhyper::proto::h1::conn[0m[2m:[0m incoming body is content-length (7799 bytes)
[2m2025-12-10T10:10:31.548757Z[0m [34mDEBUG[0m [2methereum_transaction_pool_monitor::eth_client[0m[2m:[0m 📡 Transaction fetch RPC completed in 3.090167ms
[2m2025-12-10T10:10:31.551354Z[0m [34mDEBUG[0m [2mhyper::proto::h1::conn[0m[2m:[0m incoming body completed
[2m2025-12-10T10:10:31.551362Z[0m [34mDEBUG[0m [2mhyper::client::pool[0m[2m:[0m pooling idle connection for ("http", 192.168.0.14:8545)
[2m2025-12-10T10:10:31.551372Z[0m [34mDEBUG[0m [2mhyper::proto::h1::io[0m[2m:[0m parsed 4 headers
[2m2025-12-10T10:10:31.551375Z[0m [34mDEBUG[0m [2mhyper::proto::h1::conn[0m[2m:[0m incoming body is content-length (45 bytes)
[2m2025-12-10T10:10:31.551380Z[0m [34mDEBUG[0m [2mhyper::proto::h1::conn[0m[2m:[0m incoming body completed
[2m2025-12-10T10:10:31.551385Z[0m [34mDEBUG[0m [2mhyper::client::pool[0m[2m:[0m pooling idle connection for ("http", 192.168.0.14:8545)
[2m2025-12-10T10:10:31.597996Z[0m [34mDEBUG[0m [2mhyper::client::pool[0m[2m:[0m reuse idle connection for ("http", 192.168.0.14:8545)
[2m2025-12-10T10:10:31.598050Z[0m [34mDEBUG[0m [2mhyper::proto::h1::io[0m[2m:[0m flushed 172 bytes
[2m2025-12-10T10:10:31.601607Z[0m [34mDEBUG[0m [2mhyper::proto::h1::io[0m[2m:[0m parsed 4 headers
[2m2025-12-10T10:10:31.601616Z[0m [34mDEBUG[0m [2mhyper::proto::h1::conn[0m[2m:[0m incoming body is content-length (45 bytes)
[2m2025-12-10T10:10:31.601623Z[0m [34mDEBUG[0m [2mhyper::proto::h1::conn[0m[2m:[0m incoming body completed
[2m2025-12-10T10:10:31.601631Z[0m [34mDEBUG[0m [2mhyper::client::pool[0m[2m:[0m pooling idle connection for ("http", 192.168.0.14:8545)
[2m2025-12-10T10:10:31.619796Z[0m [34mDEBUG[0m [2methereum_transaction_pool_monitor::eth_client[0m[2m:[0m ✅ Transaction 0x41aaa87867c80355225955152184985fcddad7fad7d580d1972706d2ee4bcce9 fetched and parsed in 74.126375ms
[2m2025-12-10T10:10:31.619814Z[0m [34mDEBUG[0m [2methereum_transaction_pool_monitor::mempool_monitor[0m[2m:[0m 🔍 Skipping tx 0x41aaa87867c80355225955152184985fcddad7fad7d580d1972706d2ee4bcce9 - not a DEX interaction (target: 0xcA11bde05977b3631167028862bE2a173976CA11)
[2m2025-12-10T10:10:31.619823Z[0m [34mDEBUG[0m [2methereum_transaction_pool_monitor::mempool_monitor[0m[2m:[0m 📨 Processing new pending transaction: 0x0665534dde247da7170d8ee03824bc3a8a1e5bc1d0b4464fe99f15fadc914d62
[2m2025-12-10T10:10:31.619828Z[0m [34mDEBUG[0m [2methereum_transaction_pool_monitor::mempool_monitor[0m[2m:[0m 🔍 Fetching transaction details for: 0x0665534dde247da7170d8ee03824bc3a8a1e5bc1d0b4464fe99f15fadc914d62
[2m2025-12-10T10:10:31.619831Z[0m [34mDEBUG[0m [2methereum_transaction_pool_monitor::eth_client[0m[2m:[0m 🔍 Fetching transaction details for hash: 0x0665534dde247da7170d8ee03824bc3a8a1e5bc1d0b4464fe99f15fadc914d62
[2m2025-12-10T10:10:31.619847Z[0m [34mDEBUG[0m [2mhyper::client::pool[0m[2m:[0m reuse idle connection for ("http", 192.168.0.14:8545)
[2m2025-12-10T10:10:31.619880Z[0m [34mDEBUG[0m [2mhyper::proto::h1::io[0m[2m:[0m flushed 250 bytes
[2m2025-12-10T10:10:31.623524Z[0m [34mDEBUG[0m [2mhyper::proto::h1::io[0m[2m:[0m parsed 4 headers
[2m2025-12-10T10:10:31.623531Z[0m [34mDEBUG[0m [2mhyper::proto::h1::conn[0m[2m:[0m incoming body is content-length (771 bytes)
[2m2025-12-10T10:10:31.623538Z[0m [34mDEBUG[0m [2mhyper::proto::h1::conn[0m[2m:[0m incoming body completed
[2m2025-12-10T10:10:31.623546Z[0m [34mDEBUG[0m [2mhyper::client::pool[0m[2m:[0m pooling idle connection for ("http", 192.168.0.14:8545)
[2m2025-12-10T10:10:31.623552Z[0m [34mDEBUG[0m [2methereum_transaction_pool_monitor::eth_client[0m[2m:[0m 📡 Transaction fetch RPC completed in 3.717458ms
[2m2025-12-10T10:10:31.692053Z[0m [34mDEBUG[0m [2methereum_transaction_pool_monitor::eth_client[0m[2m:[0m ✅ Transaction 0x0665534dde247da7170d8ee03824bc3a8a1e5bc1d0b4464fe99f15fadc914d62 fetched and parsed in 72.216291ms
[2m2025-12-10T10:10:31.692080Z[0m [34mDEBUG[0m [2methereum_transaction_pool_monitor::mempool_monitor[0m[2m:[0m 🔍 Skipping tx 0x0665534dde247da7170d8ee03824bc3a8a1e5bc1d0b4464fe99f15fadc914d62 - not a DEX interaction (target: 0xB8f28C60dD8240141185a192fa4156A23E189305)
[2m2025-12-10T10:10:31.692090Z[0m [34mDEBUG[0m [2methereum_transaction_pool_monitor::mempool_monitor[0m[2m:[0m 📨 Processing new pending transaction: 0xf111a3d2d0e69f9f70896d3d0b73c6566be7463bb62cbbddad4409d70b370442
[2m2025-12-10T10:10:31.692096Z[0m [34mDEBUG[0m [2methereum_transaction_pool_monitor::mempool_monitor[0m[2m:[0m 🔍 Fetching transaction details for: 0xf111a3d2d0e69f9f70896d3d0b73c6566be7463bb62cbbddad4409d70b370442
[2m2025-12-10T10:10:31.692099Z[0m [34mDEBUG[0m [2methereum_transaction_pool_monitor::eth_client[0m[2m:[0m 🔍 Fetching transaction details for hash: 0xf111a3d2d0e69f9f70896d3d0b73c6566be7463bb62cbbddad4409d70b370442
[2m2025-12-10T10:10:31.692117Z[0m [34mDEBUG[0m [2mhyper::client::pool[0m[2m:[0m reuse idle connection for ("http", 192.168.0.14:8545)
[2m2025-12-10T10:10:31.692147Z[0m [34mDEBUG[0m [2mhyper::proto::h1::io[0m[2m:[0m flushed 250 bytes
[2m2025-12-10T10:10:31.697722Z[0m [34mDEBUG[0m [2mhyper::client::pool[0m[2m:[0m reuse idle connection for ("http", 192.168.0.14:8545)
[2m2025-12-10T10:10:31.697722Z[0m [34mDEBUG[0m [2mhyper::proto::h1::io[0m[2m:[0m parsed 4 headers
[2m2025-12-10T10:10:31.697742Z[0m [34mDEBUG[0m [2mhyper::proto::h1::conn[0m[2m:[0m incoming body is content-length (773 bytes)
[2m2025-12-10T10:10:31.697750Z[0m [34mDEBUG[0m [2mhyper::proto::h1::conn[0m[2m:[0m incoming body completed
[2m2025-12-10T10:10:31.697752Z[0m [34mDEBUG[0m [2mhyper::proto::h1::io[0m[2m:[0m flushed 172 bytes
[2m2025-12-10T10:10:31.697758Z[0m [34mDEBUG[0m [2mhyper::client::pool[0m[2m:[0m pooling idle connection for ("http", 192.168.0.14:8545)
[2m2025-12-10T10:10:31.697765Z[0m [34mDEBUG[0m [2methereum_transaction_pool_monitor::eth_client[0m[2m:[0m 📡 Transaction fetch RPC completed in 5.661542ms
[2m2025-12-10T10:10:31.697778Z[0m [34mDEBUG[0m [2methereum_transaction_pool_monitor::eth_client[0m[2m:[0m DeFi transaction detected - Address: 0xdac17f958d2ee523a2206206994597c13d831ec7, Type: Stablecoin, Value: 0 ETH, Gas: 1.21 Gwei
[2m2025-12-10T10:10:31.697789Z[0m [34mDEBUG[0m [2methereum_transaction_pool_monitor::eth_client[0m[2m:[0m ✅ Transaction 0xf111a3d2d0e69f9f70896d3d0b73c6566be7463bb62cbbddad4409d70b370442 fetched and parsed in 5.685792ms
[2m2025-12-10T10:10:31.697794Z[0m [34mDEBUG[0m [2methereum_transaction_pool_monitor::mempool_monitor[0m[2m:[0m 🔍 Skipping tx 0xf111a3d2d0e69f9f70896d3d0b73c6566be7463bb62cbbddad4409d70b370442 - not a DEX interaction (target: 0xdAC17F958D2ee523a2206206994597C13D831ec7)
[2m2025-12-10T10:10:31.697800Z[0m [34mDEBUG[0m [2methereum_transaction_pool_monitor::mempool_monitor[0m[2m:[0m 📨 Processing new pending transaction: 0x9679d587e14d069f57d3b429f896ee81380b1b1b393c059a82fbc6b002afc0fe
[2m2025-12-10T10:10:31.697803Z[0m [34mDEBUG[0m [2methereum_transaction_pool_monitor::mempool_monitor[0m[2m:[0m 🔍 Fetching transaction details for: 0x9679d587e14d069f57d3b429f896ee81380b1b1b393c059a82fbc6b002afc0fe
[2m2025-12-10T10:10:31.697806Z[0m [34mDEBUG[0m [2methereum_transaction_pool_monitor::eth_client[0m[2m:[0m 🔍 Fetching transaction details for hash: 0x9679d587e14d069f57d3b429f896ee81380b1b1b393c059a82fbc6b002afc0fe
[2m2025-12-10T10:10:31.697812Z[0m [34mDEBUG[0m [2mhyper::client::pool[0m[2m:[0m reuse idle connection for ("http", 192.168.0.14:8545)
[2m2025-12-10T10:10:31.697823Z[0m [34mDEBUG[0m [2mhyper::proto::h1::io[0m[2m:[0m flushed 250 bytes
[2m2025-12-10T10:10:31.703850Z[0m [34mDEBUG[0m [2mhyper::proto::h1::io[0m[2m:[0m parsed 4 headers
[2m2025-12-10T10:10:31.703862Z[0m [34mDEBUG[0m [2mhyper::proto::h1::conn[0m[2m:[0m incoming body is content-length (45 bytes)
[2m2025-12-10T10:10:31.703868Z[0m [34mDEBUG[0m [2mhyper::proto::h1::conn[0m[2m:[0m incoming body completed
[2m2025-12-10T10:10:31.703876Z[0m [34mDEBUG[0m [2mhyper::client::pool[0m[2m:[0m pooling idle connection for ("http", 192.168.0.14:8545)
[2m2025-12-10T10:10:31.704548Z[0m [34mDEBUG[0m [2mhyper::proto::h1::io[0m[2m:[0m parsed 4 headers
[2m2025-12-10T10:10:31.704554Z[0m [34mDEBUG[0m [2mhyper::proto::h1::conn[0m[2m:[0m incoming body is content-length (644 bytes)
[2m2025-12-10T10:10:31.704559Z[0m [34mDEBUG[0m [2mhyper::proto::h1::conn[0m[2m:[0m incoming body completed
[2m2025-12-10T10:10:31.704565Z[0m [34mDEBUG[0m [2mhyper::client::pool[0m[2m:[0m pooling idle connection for ("http", 192.168.0.14:8545)
[2m2025-12-10T10:10:31.704570Z[0m [34mDEBUG[0m [2methereum_transaction_pool_monitor::eth_client[0m[2m:[0m 📡 Transaction fetch RPC completed in 6.760083ms
[2m2025-12-10T10:10:31.776977Z[0m [34mDEBUG[0m [2methereum_transaction_pool_monitor::eth_client[0m[2m:[0m ✅ Transaction 0x9679d587e14d069f57d3b429f896ee81380b1b1b393c059a82fbc6b002afc0fe fetched and parsed in 79.164791ms
[2m2025-12-10T10:10:31.778305Z[0m [34mDEBUG[0m [2methereum_transaction_pool_monitor::mempool_monitor[0m[2m:[0m 🔍 Skipping tx 0x9679d587e14d069f57d3b429f896ee81380b1b1b393c059a82fbc6b002afc0fe - not a DEX interaction (target: 0x17E5545B11b468072283Cee1F066a059Fb0dbF24)
[2m2025-12-10T10:10:31.778340Z[0m [34mDEBUG[0m [2methereum_transaction_pool_monitor::mempool_monitor[0m[2m:[0m 📨 Processing new pending transaction: 0x01bce157d94071d3f41e15192e9473cac2f81d7dc900133197b45a32af4d0dae
[2m2025-12-10T10:10:31.778350Z[0m [34mDEBUG[0m [2methereum_transaction_pool_monitor::mempool_monitor[0m[2m:[0m 🔍 Fetching transaction details for: 0x01bce157d94071d3f41e15192e9473cac2f81d7dc900133197b45a32af4d0dae
[2m2025-12-10T10:10:31.778443Z[0m [34mDEBUG[0m [2methereum_transaction_pool_monitor::eth_client[0m[2m:[0m 🔍 Fetching transaction details for hash: 0x01bce157d94071d3f41e15192e9473cac2f81d7dc900133197b45a32af4d0dae
[2m2025-12-10T10:10:31.778468Z[0m [34mDEBUG[0m [2mhyper::client::pool[0m[2m:[0m reuse idle connection for ("http", 192.168.0.14:8545)
[2m2025-12-10T10:10:31.778494Z[0m [34mDEBUG[0m [2mhyper::proto::h1::io[0m[2m:[0m flushed 250 bytes
[2m2025-12-10T10:10:31.782504Z[0m [34mDEBUG[0m [2mhyper::proto::h1::io[0m[2m:[0m parsed 4 headers
[2m2025-12-10T10:10:31.782509Z[0m [34mDEBUG[0m [2mhyper::proto::h1::conn[0m[2m:[0m incoming body is content-length (552 bytes)
[2m2025-12-10T10:10:31.782515Z[0m [34mDEBUG[0m [2mhyper::proto::h1::conn[0m[2m:[0m incoming body completed
[2m2025-12-10T10:10:31.782522Z[0m [34mDEBUG[0m [2mhyper::client::pool[0m[2m:[0m pooling idle connection for ("http", 192.168.0.14:8545)
[2m2025-12-10T10:10:31.782527Z[0m [34mDEBUG[0m [2methereum_transaction_pool_monitor::eth_client[0m[2m:[0m 📡 Transaction fetch RPC completed in 4.076417ms
[2m2025-12-10T10:10:31.854155Z[0m [34mDEBUG[0m [2methereum_transaction_pool_monitor::eth_client[0m[2m:[0m ✅ Transaction 0x01bce157d94071d3f41e15192e9473cac2f81d7dc900133197b45a32af4d0dae fetched and parsed in 75.701709ms
[2m2025-12-10T10:10:31.856200Z[0m [34mDEBUG[0m [2methereum_transaction_pool_monitor::mempool_monitor[0m[2m:[0m 🔍 Skipping tx 0x01bce157d94071d3f41e15192e9473cac2f81d7dc900133197b45a32af4d0dae - not a DEX interaction (target: 0x4156bb6462425433E7B7298219AA437D54BC9ddF)
[2m2025-12-10T10:10:31.856216Z[0m [34mDEBUG[0m [2methereum_transaction_pool_monitor::mempool_monitor[0m[2m:[0m 📨 Processing new pending transaction: 0xc1ec6d07746b0a999d7b9e41886e31ee386f671b6842c8b22e009a391712a85c
[2m2025-12-10T10:10:31.856235Z[0m [34mDEBUG[0m [2methereum_transaction_pool_monitor::mempool_monitor[0m[2m:[0m 🔍 Fetching transaction details for: 0xc1ec6d07746b0a999d7b9e41886e31ee386f671b6842c8b22e009a391712a85c
[2m2025-12-10T10:10:31.856240Z[0m [34mDEBUG[0m [2methereum_transaction_pool_monitor::eth_client[0m[2m:[0m 🔍 Fetching transaction details for hash: 0xc1ec6d07746b0a999d7b9e41886e31ee386f671b6842c8b22e009a391712a85c
[2m2025-12-10T10:10:31.856264Z[0m [34mDEBUG[0m [2mhyper::client::pool[0m[2m:[0m reuse idle connection for ("http", 192.168.0.14:8545)
[2m2025-12-10T10:10:31.856321Z[0m [34mDEBUG[0m [2mhyper::proto::h1::io[0m[2m:[0m flushed 250 bytes
[2m2025-12-10T10:10:31.856348Z[0m [34mDEBUG[0m [2mhyper::client::pool[0m[2m:[0m reuse idle connection for ("http", 192.168.0.14:8545)
[2m2025-12-10T10:10:31.856361Z[0m [34mDEBUG[0m [2methereum_transaction_pool_monitor::eth_client[0m[2m:[0m 📨 Received WebSocket message: {"jsonrpc":"2.0","method":"eth_subscription","params":{"subscription":"0xbed0a0851463e895960a451075a301a9","result":"0x824a4a812b37a0a41d6bcb36f2d89bf5e12e2aebc1e8cfcd8f6f402303d8588c"}}
[2m2025-12-10T10:10:31.856364Z[0m [34mDEBUG[0m [2mhyper::proto::h1::io[0m[2m:[0m flushed 172 bytes
[2m2025-12-10T10:10:31.856380Z[0m [34mDEBUG[0m [2methereum_transaction_pool_monitor::eth_client[0m[2m:[0m 📨 Received pending transaction: 0x824a4a812b37a0a41d6bcb36f2d89bf5e12e2aebc1e8cfcd8f6f402303d8588c
[2m2025-12-10T10:10:31.860748Z[0m [34mDEBUG[0m [2mhyper::proto::h1::io[0m[2m:[0m parsed 4 headers
[2m2025-12-10T10:10:31.860759Z[0m [34mDEBUG[0m [2mhyper::proto::h1::conn[0m[2m:[0m incoming body is content-length (1221 bytes)
[2m2025-12-10T10:10:31.860765Z[0m [34mDEBUG[0m [2mhyper::proto::h1::conn[0m[2m:[0m incoming body completed
[2m2025-12-10T10:10:31.860773Z[0m [34mDEBUG[0m [2mhyper::client::pool[0m[2m:[0m pooling idle connection for ("http", 192.168.0.14:8545)
[2m2025-12-10T10:10:31.860778Z[0m [34mDEBUG[0m [2methereum_transaction_pool_monitor::eth_client[0m[2m:[0m 📡 Transaction fetch RPC completed in 4.534083ms
[2m2025-12-10T10:10:31.931021Z[0m [34mDEBUG[0m [2methereum_transaction_pool_monitor::eth_client[0m[2m:[0m ✅ Transaction 0xc1ec6d07746b0a999d7b9e41886e31ee386f671b6842c8b22e009a391712a85c fetched and parsed in 74.774458ms
[2m2025-12-10T10:10:31.931047Z[0m [34mDEBUG[0m [2methereum_transaction_pool_monitor::mempool_monitor[0m[2m:[0m 🔍 Skipping tx 0xc1ec6d07746b0a999d7b9e41886e31ee386f671b6842c8b22e009a391712a85c - not a DEX interaction (target: 0x5E1f62Dac767b0491e3CE72469C217365D5B48cC)
[2m2025-12-10T10:10:31.931055Z[0m [34mDEBUG[0m [2methereum_transaction_pool_monitor::mempool_monitor[0m[2m:[0m 📨 Processing new pending transaction: 0xfc0f8ded1d695153c7099a206526fe433e5e9c8cedf052c3352c3d01124fd74f
[2m2025-12-10T10:10:31.931060Z[0m [34mDEBUG[0m [2methereum_transaction_pool_monitor::mempool_monitor[0m[2m:[0m 🔍 Fetching transaction details for: 0xfc0f8ded1d695153c7099a206526fe433e5e9c8cedf052c3352c3d01124fd74f
[2m2025-12-10T10:10:31.931063Z[0m [34mDEBUG[0m [2methereum_transaction_pool_monitor::eth_client[0m[2m:[0m 🔍 Fetching transaction details for hash: 0xfc0f8ded1d695153c7099a206526fe433e5e9c8cedf052c3352c3d01124fd74f
[2m2025-12-10T10:10:31.931079Z[0m [34mDEBUG[0m [2mhyper::client::pool[0m[2m:[0m reuse idle connection for ("http", 192.168.0.14:8545)
[2m2025-12-10T10:10:31.931131Z[0m [34mDEBUG[0m [2mhyper::proto::h1::io[0m[2m:[0m flushed 250 bytes
[2m2025-12-10T10:10:31.931153Z[0m [34mDEBUG[0m [2methereum_transaction_pool_monitor::eth_client[0m[2m:[0m 📨 Received WebSocket message: {"jsonrpc":"2.0","method":"eth_subscription","params":{"subscription":"0xbed0a0851463e895960a451075a301a9","result":"0x557ce4c5792417141948c02b3299855a4896bb8a7e326cb99832b5e1fb998825"}}
[2m2025-12-10T10:10:31.931158Z[0m [34mDEBUG[0m [2mhyper::proto::h1::io[0m[2m:[0m parsed 4 headers
[2m2025-12-10T10:10:31.931160Z[0m [34mDEBUG[0m [2methereum_transaction_pool_monitor::eth_client[0m[2m:[0m 📨 Received pending transaction: 0x557ce4c5792417141948c02b3299855a4896bb8a7e326cb99832b5e1fb998825
[2m2025-12-10T10:10:31.931167Z[0m [34mDEBUG[0m [2mhyper::proto::h1::conn[0m[2m:[0m incoming body is content-length (45 bytes)
[2m2025-12-10T10:10:31.931175Z[0m [34mDEBUG[0m [2methereum_transaction_pool_monitor::eth_client[0m[2m:[0m 📨 Received WebSocket message: {"jsonrpc":"2.0","method":"eth_subscription","params":{"subscription":"0xbed0a0851463e895960a451075a301a9","result":"0x60b8490028710d5dec65742b5e55a7669f0dc42e4dc49001094a5f9f30b8143a"}}
[2m2025-12-10T10:10:31.931183Z[0m [34mDEBUG[0m [2mhyper::proto::h1::conn[0m[2m:[0m incoming body completed
[2m2025-12-10T10:10:31.931189Z[0m [34mDEBUG[0m [2methereum_transaction_pool_monitor::eth_client[0m[2m:[0m 📨 Received pending transaction: 0x60b8490028710d5dec65742b5e55a7669f0dc42e4dc49001094a5f9f30b8143a
[2m2025-12-10T10:10:31.931198Z[0m [34mDEBUG[0m [2mhyper::client::pool[0m[2m:[0m pooling idle connection for ("http", 192.168.0.14:8545)
[2m2025-12-10T10:10:31.931214Z[0m [34mDEBUG[0m [2mhyper::client::pool[0m[2m:[0m reuse idle connection for ("http", 192.168.0.14:8545)
[2m2025-12-10T10:10:31.931230Z[0m [34mDEBUG[0m [2mhyper::proto::h1::io[0m[2m:[0m flushed 172 bytes
[2m2025-12-10T10:10:31.938830Z[0m [34mDEBUG[0m [2mhyper::proto::h1::io[0m[2m:[0m parsed 4 headers
[2m2025-12-10T10:10:31.938840Z[0m [34mDEBUG[0m [2mhyper::proto::h1::conn[0m[2m:[0m incoming body is content-length (555 bytes)
[2m2025-12-10T10:10:31.938845Z[0m [34mDEBUG[0m [2mhyper::proto::h1::conn[0m[2m:[0m incoming body completed
[2m2025-12-10T10:10:31.938853Z[0m [34mDEBUG[0m [2mhyper::client::pool[0m[2m:[0m pooling idle connection for ("http", 192.168.0.14:8545)
[2m2025-12-10T10:10:31.938858Z[0m [34mDEBUG[0m [2methereum_transaction_pool_monitor::eth_client[0m[2m:[0m 📡 Transaction fetch RPC completed in 7.790625ms
[2m2025-12-10T10:10:32.010612Z[0m [34mDEBUG[0m [2methereum_transaction_pool_monitor::eth_client[0m[2m:[0m ✅ Transaction 0xfc0f8ded1d695153c7099a206526fe433e5e9c8cedf052c3352c3d01124fd74f fetched and parsed in 79.542666ms
[2m2025-12-10T10:10:32.010641Z[0m [34mDEBUG[0m [2methereum_transaction_pool_monitor::mempool_monitor[0m[2m:[0m 🔍 Skipping tx 0xfc0f8ded1d695153c7099a206526fe433e5e9c8cedf052c3352c3d01124fd74f - not a DEX interaction (target: 0x043E5EEfe53D0D39c32B3cFA79d7Cc360a7e48d8)
[2m2025-12-10T10:10:32.010651Z[0m [34mDEBUG[0m [2methereum_transaction_pool_monitor::mempool_monitor[0m[2m:[0m 📨 Processing new pending transaction: 0x19a32a633cbe12362d86bfe059f2238e09f4fc0c2ca0aeb82f62caed02ef0fe2
[2m2025-12-10T10:10:32.010658Z[0m [34mDEBUG[0m [2methereum_transaction_pool_monitor::mempool_monitor[0m[2m:[0m 🔍 Fetching transaction details for: 0x19a32a633cbe12362d86bfe059f2238e09f4fc0c2ca0aeb82f62caed02ef0fe2
[2m2025-12-10T10:10:32.010662Z[0m [34mDEBUG[0m [2methereum_transaction_pool_monitor::eth_client[0m[2m:[0m 🔍 Fetching transaction details for hash: 0x19a32a633cbe12362d86bfe059f2238e09f4fc0c2ca0aeb82f62caed02ef0fe2
[2m2025-12-10T10:10:32.010679Z[0m [34mDEBUG[0m [2mhyper::client::pool[0m[2m:[0m reuse idle connection for ("http", 192.168.0.14:8545)
[2m2025-12-10T10:10:32.010719Z[0m [34mDEBUG[0m [2mhyper::proto::h1::io[0m[2m:[0m flushed 250 bytes
[2m2025-12-10T10:10:32.010744Z[0m [34mDEBUG[0m [2methereum_transaction_pool_monitor::eth_client[0m[2m:[0m 📨 Received WebSocket message: {"jsonrpc":"2.0","method":"eth_subscription","params":{"subscription":"0xbed0a0851463e895960a451075a301a9","result":"0xbdfcabb306c69f3541ef7562ddd6e3dcba43f07e6a36fb93fb8f4e21a0ba9124"}}
[2m2025-12-10T10:10:32.010750Z[0m [34mDEBUG[0m [2mhyper::proto::h1::io[0m[2m:[0m parsed 4 headers
[2m2025-12-10T10:10:32.010754Z[0m [34mDEBUG[0m [2methereum_transaction_pool_monitor::eth_client[0m[2m:[0m 📨 Received pending transaction: 0xbdfcabb306c69f3541ef7562ddd6e3dcba43f07e6a36fb93fb8f4e21a0ba9124
[2m2025-12-10T10:10:32.010766Z[0m [34mDEBUG[0m [2mhyper::proto::h1::conn[0m[2m:[0m incoming body is content-length (45 bytes)
[2m2025-12-10T10:10:32.010775Z[0m [34mDEBUG[0m [2methereum_transaction_pool_monitor::eth_client[0m[2m:[0m 📨 Received WebSocket message: {"jsonrpc":"2.0","method":"eth_subscription","params":{"subscription":"0xbed0a0851463e895960a451075a301a9","result":"0x697a7fa3f0b221da3b42f065170a39f68558e60055962abccbc4a2b19d0107da"}}
[2m2025-12-10T10:10:32.010791Z[0m [34mDEBUG[0m [2mhyper::proto::h1::conn[0m[2m:[0m incoming body completed
[2m2025-12-10T10:10:32.010795Z[0m [34mDEBUG[0m [2methereum_transaction_pool_monitor::eth_client[0m[2m:[0m 📨 Received pending transaction: 0x697a7fa3f0b221da3b42f065170a39f68558e60055962abccbc4a2b19d0107da
[2m2025-12-10T10:10:32.010803Z[0m [34mDEBUG[0m [2methereum_transaction_pool_monitor::eth_client[0m[2m:[0m 📨 Received WebSocket message: {"jsonrpc":"2.0","method":"eth_subscription","params":{"subscription":"0xbed0a0851463e895960a451075a301a9","result":"0xa68377dd358cebc563420c49cee231fb44cb8eab78ccd26e8ae64788dbb01802"}}
[2m2025-12-10T10:10:32.010804Z[0m [34mDEBUG[0m [2mhyper::client::pool[0m[2m:[0m pooling idle connection for ("http", 192.168.0.14:8545)
[2m2025-12-10T10:10:32.010813Z[0m [34mDEBUG[0m [2methereum_transaction_pool_monitor::eth_client[0m[2m:[0m 📨 Received pending transaction: 0xa68377dd358cebc563420c49cee231fb44cb8eab78ccd26e8ae64788dbb01802
[2m2025-12-10T10:10:32.010834Z[0m [34mDEBUG[0m [2mhyper::client::pool[0m[2m:[0m reuse idle connection for ("http", 192.168.0.14:8545)
[2m2025-12-10T10:10:32.010857Z[0m [34mDEBUG[0m [2mhyper::proto::h1::io[0m[2m:[0m flushed 172 bytes
[2m2025-12-10T10:10:32.022992Z[0m [34mDEBUG[0m [2mhyper::proto::h1::io[0m[2m:[0m parsed 4 headers
[2m2025-12-10T10:10:32.023002Z[0m [34mDEBUG[0m [2mhyper::proto::h1::conn[0m[2m:[0m incoming body is content-length (771 bytes)
[2m2025-12-10T10:10:32.023009Z[0m [34mDEBUG[0m [2mhyper::proto::h1::conn[0m[2m:[0m incoming body completed
[2m2025-12-10T10:10:32.023016Z[0m [34mDEBUG[0m [2mhyper::client::pool[0m[2m:[0m pooling idle connection for ("http", 192.168.0.14:8545)
[2m2025-12-10T10:10:32.023023Z[0m [34mDEBUG[0m [2methereum_transaction_pool_monitor::eth_client[0m[2m:[0m 📡 Transaction fetch RPC completed in 12.356667ms
[2m2025-12-10T10:10:32.092967Z[0m [34mDEBUG[0m [2methereum_transaction_pool_monitor::eth_client[0m[2m:[0m ✅ Transaction 0x19a32a633cbe12362d86bfe059f2238e09f4fc0c2ca0aeb82f62caed02ef0fe2 fetched and parsed in 82.29825ms
[2m2025-12-10T10:10:32.092997Z[0m [34mDEBUG[0m [2methereum_transaction_pool_monitor::mempool_monitor[0m[2m:[0m 🔍 Skipping tx 0x19a32a633cbe12362d86bfe059f2238e09f4fc0c2ca0aeb82f62caed02ef0fe2 - not a DEX interaction (target: 0xA0b86991c6218b36c1d19D4a2e9Eb0cE3606eB48)
[2m2025-12-10T10:10:32.093010Z[0m [34mDEBUG[0m [2methereum_transaction_pool_monitor::mempool_monitor[0m[2m:[0m 📨 Processing new pending transaction: 0x8b1af204ffe9f2a808db658b3021ef77497aece4305f2211b61af7660d68512e
[2m2025-12-10T10:10:32.093017Z[0m [34mDEBUG[0m [2methereum_transaction_pool_monitor::mempool_monitor[0m[2m:[0m 🔍 Fetching transaction details for: 0x8b1af204ffe9f2a808db658b3021ef77497aece4305f2211b61af7660d68512e
[2m2025-12-10T10:10:32.093024Z[0m [34mDEBUG[0m [2methereum_transaction_pool_monitor::eth_client[0m[2m:[0m 🔍 Fetching transaction details for hash: 0x8b1af204ffe9f2a808db658b3021ef77497aece4305f2211b61af7660d68512e
[2m2025-12-10T10:10:32.093043Z[0m [34mDEBUG[0m [2mhyper::client::pool[0m[2m:[0m reuse idle connection for ("http", 192.168.0.14:8545)
[2m2025-12-10T10:10:32.093083Z[0m [34mDEBUG[0m [2mhyper::proto::h1::io[0m[2m:[0m flushed 250 bytes
[2m2025-12-10T10:10:32.093106Z[0m [34mDEBUG[0m [2methereum_transaction_pool_monitor::eth_client[0m[2m:[0m 📨 Received WebSocket message: {"jsonrpc":"2.0","method":"eth_subscription","params":{"subscription":"0xbed0a0851463e895960a451075a301a9","result":"0x9d244aa5c07e9518b37e222be680811024f66645db4bf8893d7a260ae75a5264"}}
[2m2025-12-10T10:10:32.093114Z[0m [34mDEBUG[0m [2methereum_transaction_pool_monitor::eth_client[0m[2m:[0m 📨 Received pending transaction: 0x9d244aa5c07e9518b37e222be680811024f66645db4bf8893d7a260ae75a5264
[2m2025-12-10T10:10:32.093145Z[0m [34mDEBUG[0m [2mhyper::proto::h1::io[0m[2m:[0m parsed 4 headers
[2m2025-12-10T10:10:32.093155Z[0m [34mDEBUG[0m [2mhyper::proto::h1::conn[0m[2m:[0m incoming body is content-length (45 bytes)
[2m2025-12-10T10:10:32.093162Z[0m [34mDEBUG[0m [2mhyper::proto::h1::conn[0m[2m:[0m incoming body completed
[2m2025-12-10T10:10:32.093171Z[0m [34mDEBUG[0m [2mhyper::client::pool[0m[2m:[0m pooling idle connection for ("http", 192.168.0.14:8545)
[2m2025-12-10T10:10:32.098179Z[0m [34mDEBUG[0m [2mhyper::client::pool[0m[2m:[0m reuse idle connection for ("http", 192.168.0.14:8545)
[2m2025-12-10T10:10:32.098219Z[0m [34mDEBUG[0m [2mhyper::proto::h1::io[0m[2m:[0m flushed 172 bytes
[2m2025-12-10T10:10:32.100959Z[0m [34mDEBUG[0m [2mhyper::proto::h1::io[0m[2m:[0m parsed 4 headers
[2m2025-12-10T10:10:32.100966Z[0m [34mDEBUG[0m [2mhyper::proto::h1::conn[0m[2m:[0m incoming body is content-length (680 bytes)
[2m2025-12-10T10:10:32.100972Z[0m [34mDEBUG[0m [2mhyper::proto::h1::conn[0m[2m:[0m incoming body completed
[2m2025-12-10T10:10:32.100979Z[0m [34mDEBUG[0m [2mhyper::client::pool[0m[2m:[0m pooling idle connection for ("http", 192.168.0.14:8545)
[2m2025-12-10T10:10:32.100984Z[0m [34mDEBUG[0m [2methereum_transaction_pool_monitor::eth_client[0m[2m:[0m 📡 Transaction fetch RPC completed in 7.954ms
[2m2025-12-10T10:10:32.100998Z[0m [34mDEBUG[0m [2methereum_transaction_pool_monitor::eth_client[0m[2m:[0m DeFi transaction detected - Address: 0xdac17f958d2ee523a2206206994597c13d831ec7, Type: Stablecoin, Value: 0 ETH, Gas: 1.00 Gwei
[2m2025-12-10T10:10:32.101010Z[0m [34mDEBUG[0m [2methereum_transaction_pool_monitor::eth_client[0m[2m:[0m ✅ Transaction 0x8b1af204ffe9f2a808db658b3021ef77497aece4305f2211b61af7660d68512e fetched and parsed in 7.980333ms
[2m2025-12-10T10:10:32.101015Z[0m [34mDEBUG[0m [2methereum_transaction_pool_monitor::mempool_monitor[0m[2m:[0m 🔍 Skipping tx 0x8b1af204ffe9f2a808db658b3021ef77497aece4305f2211b61af7660d68512e - not a DEX interaction (target: 0xdAC17F958D2ee523a2206206994597C13D831ec7)
[2m2025-12-10T10:10:32.101090Z[0m [34mDEBUG[0m [2methereum_transaction_pool_monitor::mempool_monitor[0m[2m:[0m 📨 Processing new pending transaction: 0xef7c61194411a7011ebc3fd0c5e9f1e51e3aeebafbadcf96a2df89b2087f190e
[2m2025-12-10T10:10:32.101095Z[0m [34mDEBUG[0m [2methereum_transaction_pool_monitor::mempool_monitor[0m[2m:[0m 🔍 Fetching transaction details for: 0xef7c61194411a7011ebc3fd0c5e9f1e51e3aeebafbadcf96a2df89b2087f190e
[2m2025-12-10T10:10:32.101098Z[0m [34mDEBUG[0m [2methereum_transaction_pool_monitor::eth_client[0m[2m:[0m 🔍 Fetching transaction details for hash: 0xef7c61194411a7011ebc3fd0c5e9f1e51e3aeebafbadcf96a2df89b2087f190e
[2m2025-12-10T10:10:32.101108Z[0m [34mDEBUG[0m [2mhyper::client::pool[0m[2m:[0m reuse idle connection for ("http", 192.168.0.14:8545)
[2m2025-12-10T10:10:32.101124Z[0m [34mDEBUG[0m [2mhyper::proto::h1::io[0m[2m:[0m flushed 250 bytes
[2m2025-12-10T10:10:32.108395Z[0m [34mDEBUG[0m [2mhyper::proto::h1::io[0m[2m:[0m parsed 4 headers
[2m2025-12-10T10:10:32.108402Z[0m [34mDEBUG[0m [2mhyper::proto::h1::conn[0m[2m:[0m incoming body is content-length (45 bytes)
[2m2025-12-10T10:10:32.108407Z[0m [34mDEBUG[0m [2mhyper::proto::h1::conn[0m[2m:[0m incoming body completed
[2m2025-12-10T10:10:32.108413Z[0m [34mDEBUG[0m [2mhyper::client::pool[0m[2m:[0m pooling idle connection for ("http", 192.168.0.14:8545)
[2m2025-12-10T10:10:32.111995Z[0m [34mDEBUG[0m [2mhyper::proto::h1::io[0m[2m:[0m parsed 4 headers
[2m2025-12-10T10:10:32.112006Z[0m [34mDEBUG[0m [2mhyper::proto::h1::conn[0m[2m:[0m incoming body is content-length (648 bytes)
[2m2025-12-10T10:10:32.112011Z[0m [34mDEBUG[0m [2mhyper::proto::h1::conn[0m[2m:[0m incoming body completed
[2m2025-12-10T10:10:32.112017Z[0m [34mDEBUG[0m [2mhyper::client::pool[0m[2m:[0m pooling idle connection for ("http", 192.168.0.14:8545)
[2m2025-12-10T10:10:32.112022Z[0m [34mDEBUG[0m [2methereum_transaction_pool_monitor::eth_client[0m[2m:[0m 📡 Transaction fetch RPC completed in 10.9195ms
[2m2025-12-10T10:10:32.183220Z[0m [34mDEBUG[0m [2methereum_transaction_pool_monitor::eth_client[0m[2m:[0m ✅ Transaction 0xef7c61194411a7011ebc3fd0c5e9f1e51e3aeebafbadcf96a2df89b2087f190e fetched and parsed in 82.11525ms
[2m2025-12-10T10:10:32.183253Z[0m [34mDEBUG[0m [2methereum_transaction_pool_monitor::mempool_monitor[0m[2m:[0m 🔍 Skipping tx 0xef7c61194411a7011ebc3fd0c5e9f1e51e3aeebafbadcf96a2df89b2087f190e - not a DEX interaction (target: 0x98dCDc36E3b2d8215704f0ee0De26B2653a0ad2A)
[2m2025-12-10T10:10:32.183264Z[0m [34mDEBUG[0m [2methereum_transaction_pool_monitor::mempool_monitor[0m[2m:[0m 📨 Processing new pending transaction: 0xa3cb3b41315715f6bae464b03c2fc5142545b8bf162ac2ef045b47dfcf5575c0
[2m2025-12-10T10:10:32.183270Z[0m [34mDEBUG[0m [2methereum_transaction_pool_monitor::mempool_monitor[0m[2m:[0m 🔍 Fetching transaction details for: 0xa3cb3b41315715f6bae464b03c2fc5142545b8bf162ac2ef045b47dfcf5575c0
[2m2025-12-10T10:10:32.183274Z[0m [34mDEBUG[0m [2methereum_transaction_pool_monitor::eth_client[0m[2m:[0m 🔍 Fetching transaction details for hash: 0xa3cb3b41315715f6bae464b03c2fc5142545b8bf162ac2ef045b47dfcf5575c0
[2m2025-12-10T10:10:32.183294Z[0m [34mDEBUG[0m [2mhyper::client::pool[0m[2m:[0m reuse idle connection for ("http", 192.168.0.14:8545)
[2m2025-12-10T10:10:32.183339Z[0m [34mDEBUG[0m [2mhyper::proto::h1::io[0m[2m:[0m flushed 250 bytes
[2m2025-12-10T10:10:32.191980Z[0m [34mDEBUG[0m [2methereum_transaction_pool_monitor::eth_client[0m[2m:[0m 📨 Received WebSocket message: {"jsonrpc":"2.0","method":"eth_subscription","params":{"subscription":"0xbed0a0851463e895960a451075a301a9","result":"0x78ae213750279511d4d93f05cd58c077440ea350a2740f7fb514926269fa6a12"}}
[2m2025-12-10T10:10:32.192010Z[0m [34mDEBUG[0m [2methereum_transaction_pool_monitor::eth_client[0m[2m:[0m 📨 Received pending transaction: 0x78ae213750279511d4d93f05cd58c077440ea350a2740f7fb514926269fa6a12
[2m2025-12-10T10:10:32.194006Z[0m [34mDEBUG[0m [2mhyper::proto::h1::io[0m[2m:[0m parsed 4 headers
[2m2025-12-10T10:10:32.194013Z[0m [34mDEBUG[0m [2mhyper::proto::h1::conn[0m[2m:[0m incoming body is content-length (675 bytes)
[2m2025-12-10T10:10:32.194022Z[0m [34mDEBUG[0m [2mhyper::proto::h1::conn[0m[2m:[0m incoming body completed
[2m2025-12-10T10:10:32.194034Z[0m [34mDEBUG[0m [2mhyper::client::pool[0m[2m:[0m pooling idle connection for ("http", 192.168.0.14:8545)
[2m2025-12-10T10:10:32.194044Z[0m [34mDEBUG[0m [2methereum_transaction_pool_monitor::eth_client[0m[2m:[0m 📡 Transaction fetch RPC completed in 10.765625ms
[2m2025-12-10T10:10:32.194060Z[0m [34mDEBUG[0m [2methereum_transaction_pool_monitor::eth_client[0m[2m:[0m DeFi transaction detected - Address: 0xdac17f958d2ee523a2206206994597c13d831ec7, Type: Stablecoin, Value: 0 ETH, Gas: 1.00 Gwei
[2m2025-12-10T10:10:32.194071Z[0m [34mDEBUG[0m [2methereum_transaction_pool_monitor::eth_client[0m[2m:[0m ✅ Transaction 0xa3cb3b41315715f6bae464b03c2fc5142545b8bf162ac2ef045b47dfcf5575c0 fetched and parsed in 10.792917ms
[2m2025-12-10T10:10:32.194077Z[0m [34mDEBUG[0m [2methereum_transaction_pool_monitor::mempool_monitor[0m[2m:[0m 🔍 Skipping tx 0xa3cb3b41315715f6bae464b03c2fc5142545b8bf162ac2ef045b47dfcf5575c0 - not a DEX interaction (target: 0xdAC17F958D2ee523a2206206994597C13D831ec7)
[2m2025-12-10T10:10:32.194083Z[0m [34mDEBUG[0m [2methereum_transaction_pool_monitor::mempool_monitor[0m[2m:[0m 📨 Processing new pending transaction: 0xebf428f034372a7cffa516f11200e78204f64e54d63dd7ceab99a021454c05ef
[2m2025-12-10T10:10:32.194087Z[0m [34mDEBUG[0m [2methereum_transaction_pool_monitor::mempool_monitor[0m[2m:[0m 🔍 Fetching transaction details for: 0xebf428f034372a7cffa516f11200e78204f64e54d63dd7ceab99a021454c05ef
[2m2025-12-10T10:10:32.194090Z[0m [34mDEBUG[0m [2methereum_transaction_pool_monitor::eth_client[0m[2m:[0m 🔍 Fetching transaction details for hash: 0xebf428f034372a7cffa516f11200e78204f64e54d63dd7ceab99a021454c05ef
[2m2025-12-10T10:10:32.194103Z[0m [34mDEBUG[0m [2mhyper::client::pool[0m[2m:[0m reuse idle connection for ("http", 192.168.0.14:8545)
[2m2025-12-10T10:10:32.194124Z[0m [34mDEBUG[0m [2mhyper::proto::h1::io[0m[2m:[0m flushed 250 bytes
[2m2025-12-10T10:10:32.197901Z[0m [34mDEBUG[0m [2mhyper::client::pool[0m[2m:[0m reuse idle connection for ("http", 192.168.0.14:8545)
[2m2025-12-10T10:10:32.197931Z[0m [34mDEBUG[0m [2mhyper::proto::h1::io[0m[2m:[0m flushed 172 bytes
[2m2025-12-10T10:10:32.198582Z[0m [34mDEBUG[0m [2mhyper::proto::h1::io[0m[2m:[0m parsed 4 headers
[2m2025-12-10T10:10:32.198587Z[0m [34mDEBUG[0m [2mhyper::proto::h1::conn[0m[2m:[0m incoming body is content-length (675 bytes)
[2m2025-12-10T10:10:32.198592Z[0m [34mDEBUG[0m [2mhyper::proto::h1::conn[0m[2m:[0m incoming body completed
[2m2025-12-10T10:10:32.198597Z[0m [34mDEBUG[0m [2mhyper::client::pool[0m[2m:[0m pooling idle connection for ("http", 192.168.0.14:8545)
[2m2025-12-10T10:10:32.198602Z[0m [34mDEBUG[0m [2methereum_transaction_pool_monitor::eth_client[0m[2m:[0m 📡 Transaction fetch RPC completed in 4.508792ms
[2m2025-12-10T10:10:32.198612Z[0m [34mDEBUG[0m [2methereum_transaction_pool_monitor::eth_client[0m[2m:[0m DeFi transaction detected - Address: 0xdac17f958d2ee523a2206206994597c13d831ec7, Type: Stablecoin, Value: 0 ETH, Gas: 1.00 Gwei
[2m2025-12-10T10:10:32.198622Z[0m [34mDEBUG[0m [2methereum_transaction_pool_monitor::eth_client[0m[2m:[0m ✅ Transaction 0xebf428f034372a7cffa516f11200e78204f64e54d63dd7ceab99a021454c05ef fetched and parsed in 4.528584ms
[2m2025-12-10T10:10:32.198627Z[0m [34mDEBUG[0m [2methereum_transaction_pool_monitor::mempool_monitor[0m[2m:[0m 🔍 Skipping tx 0xebf428f034372a7cffa516f11200e78204f64e54d63dd7ceab99a021454c05ef - not a DEX interaction (target: 0xdAC17F958D2ee523a2206206994597C13D831ec7)
[2m2025-12-10T10:10:32.198633Z[0m [34mDEBUG[0m [2methereum_transaction_pool_monitor::mempool_monitor[0m[2m:[0m 📨 Processing new pending transaction: 0xbf7d89d7810b6cbec3ba124699496a4c3719fb6219eeeb21cae5f92a8a976d64
[2m2025-12-10T10:10:32.198636Z[0m [34mDEBUG[0m [2methereum_transaction_pool_monitor::mempool_monitor[0m[2m:[0m 🔍 Fetching transaction details for: 0xbf7d89d7810b6cbec3ba124699496a4c3719fb6219eeeb21cae5f92a8a976d64
[2m2025-12-10T10:10:32.198640Z[0m [34mDEBUG[0m [2methereum_transaction_pool_monitor::eth_client[0m[2m:[0m 🔍 Fetching transaction details for hash: 0xbf7d89d7810b6cbec3ba124699496a4c3719fb6219eeeb21cae5f92a8a976d64
[2m2025-12-10T10:10:32.198647Z[0m [34mDEBUG[0m [2mhyper::client::pool[0m[2m:[0m reuse idle connection for ("http", 192.168.0.14:8545)
[2m2025-12-10T10:10:32.198660Z[0m [34mDEBUG[0m [2mhyper::proto::h1::io[0m[2m:[0m flushed 250 bytes
[2m2025-12-10T10:10:32.200447Z[0m [34mDEBUG[0m [2mhyper::proto::h1::io[0m[2m:[0m parsed 4 headers
[2m2025-12-10T10:10:32.200454Z[0m [34mDEBUG[0m [2mhyper::proto::h1::conn[0m[2m:[0m incoming body is content-length (45 bytes)
[2m2025-12-10T10:10:32.200458Z[0m [34mDEBUG[0m [2mhyper::proto::h1::conn[0m[2m:[0m incoming body completed
[2m2025-12-10T10:10:32.200463Z[0m [34mDEBUG[0m [2mhyper::client::pool[0m[2m:[0m pooling idle connection for ("http", 192.168.0.14:8545)
[2m2025-12-10T10:10:32.207572Z[0m [34mDEBUG[0m [2mhyper::proto::h1::io[0m[2m:[0m parsed 4 headers
[2m2025-12-10T10:10:32.207591Z[0m [34mDEBUG[0m [2mhyper::proto::h1::conn[0m[2m:[0m incoming body is content-length (774 bytes)
[2m2025-12-10T10:10:32.207598Z[0m [34mDEBUG[0m [2mhyper::proto::h1::conn[0m[2m:[0m incoming body completed
[2m2025-12-10T10:10:32.207608Z[0m [34mDEBUG[0m [2mhyper::client::pool[0m[2m:[0m pooling idle connection for ("http", 192.168.0.14:8545)
[2m2025-12-10T10:10:32.207614Z[0m [34mDEBUG[0m [2methereum_transaction_pool_monitor::eth_client[0m[2m:[0m 📡 Transaction fetch RPC completed in 8.970625ms
[2m2025-12-10T10:10:32.275723Z[0m [34mDEBUG[0m [2methereum_transaction_pool_monitor::eth_client[0m[2m:[0m ✅ Transaction 0xbf7d89d7810b6cbec3ba124699496a4c3719fb6219eeeb21cae5f92a8a976d64 fetched and parsed in 77.077167ms
[2m2025-12-10T10:10:32.275746Z[0m [34mDEBUG[0m [2methereum_transaction_pool_monitor::mempool_monitor[0m[2m:[0m 🔍 Skipping tx 0xbf7d89d7810b6cbec3ba124699496a4c3719fb6219eeeb21cae5f92a8a976d64 - not a DEX interaction (target: 0xA0b86991c6218b36c1d19D4a2e9Eb0cE3606eB48)
[2m2025-12-10T10:10:32.275755Z[0m [34mDEBUG[0m [2methereum_transaction_pool_monitor::mempool_monitor[0m[2m:[0m 📨 Processing new pending transaction: 0x7dcc4f2103f385edd76a8a9962301500ca7f664ed3361b1a2b6ba02033dbaf81
[2m2025-12-10T10:10:32.275759Z[0m [34mDEBUG[0m [2methereum_transaction_pool_monitor::mempool_monitor[0m[2m:[0m 🔍 Fetching transaction details for: 0x7dcc4f2103f385edd76a8a9962301500ca7f664ed3361b1a2b6ba02033dbaf81
[2m2025-12-10T10:10:32.275763Z[0m [34mDEBUG[0m [2methereum_transaction_pool_monitor::eth_client[0m[2m:[0m 🔍 Fetching transaction details for hash: 0x7dcc4f2103f385edd76a8a9962301500ca7f664ed3361b1a2b6ba02033dbaf81
[2m2025-12-10T10:10:32.275781Z[0m [34mDEBUG[0m [2mhyper::client::pool[0m[2m:[0m reuse idle connection for ("http", 192.168.0.14:8545)
[2m2025-12-10T10:10:32.275827Z[0m [34mDEBUG[0m [2mhyper::proto::h1::io[0m[2m:[0m flushed 250 bytes
[2m2025-12-10T10:10:32.275849Z[0m [34mDEBUG[0m [2methereum_transaction_pool_monitor::eth_client[0m[2m:[0m 📨 Received WebSocket message: {"jsonrpc":"2.0","method":"eth_subscription","params":{"subscription":"0xbed0a0851463e895960a451075a301a9","result":"0xd553b21bc5be01fa448ff55dd4fc6993e7b6b1165e59132d87a503c201bf285a"}}
[2m2025-12-10T10:10:32.275856Z[0m [34mDEBUG[0m [2methereum_transaction_pool_monitor::eth_client[0m[2m:[0m 📨 Received pending transaction: 0xd553b21bc5be01fa448ff55dd4fc6993e7b6b1165e59132d87a503c201bf285a
[2m2025-12-10T10:10:32.278680Z[0m [34mDEBUG[0m [2mhyper::proto::h1::io[0m[2m:[0m parsed 4 headers
[2m2025-12-10T10:10:32.278689Z[0m [34mDEBUG[0m [2mhyper::proto::h1::conn[0m[2m:[0m incoming body is content-length (771 bytes)
[2m2025-12-10T10:10:32.278697Z[0m [34mDEBUG[0m [2mhyper::proto::h1::conn[0m[2m:[0m incoming body completed
[2m2025-12-10T10:10:32.278705Z[0m [34mDEBUG[0m [2mhyper::client::pool[0m[2m:[0m pooling idle connection for ("http", 192.168.0.14:8545)
[2m2025-12-10T10:10:32.278711Z[0m [34mDEBUG[0m [2methereum_transaction_pool_monitor::eth_client[0m[2m:[0m 📡 Transaction fetch RPC completed in 2.943958ms
[2m2025-12-10T10:10:32.346158Z[0m [34mDEBUG[0m [2methereum_transaction_pool_monitor::eth_client[0m[2m:[0m ✅ Transaction 0x7dcc4f2103f385edd76a8a9962301500ca7f664ed3361b1a2b6ba02033dbaf81 fetched and parsed in 70.388625ms
[2m2025-12-10T10:10:32.346174Z[0m [34mDEBUG[0m [2methereum_transaction_pool_monitor::mempool_monitor[0m[2m:[0m 🔍 Skipping tx 0x7dcc4f2103f385edd76a8a9962301500ca7f664ed3361b1a2b6ba02033dbaf81 - not a DEX interaction (target: 0x5582a479f0c403E207D2578963CceF5D03BA636f)
[2m2025-12-10T10:10:32.346182Z[0m [34mDEBUG[0m [2methereum_transaction_pool_monitor::mempool_monitor[0m[2m:[0m 📨 Processing new pending transaction: 0x63f4ab8ca03df294caa6f9b5e52c3d5db521099c5c968d613162c692f45040f2
[2m2025-12-10T10:10:32.346186Z[0m [34mDEBUG[0m [2methereum_transaction_pool_monitor::mempool_monitor[0m[2m:[0m 🔍 Fetching transaction details for: 0x63f4ab8ca03df294caa6f9b5e52c3d5db521099c5c968d613162c692f45040f2
[2m2025-12-10T10:10:32.346190Z[0m [34mDEBUG[0m [2methereum_transaction_pool_monitor::eth_client[0m[2m:[0m 🔍 Fetching transaction details for hash: 0x63f4ab8ca03df294caa6f9b5e52c3d5db521099c5c968d613162c692f45040f2
[2m2025-12-10T10:10:32.346206Z[0m [34mDEBUG[0m [2mhyper::client::pool[0m[2m:[0m reuse idle connection for ("http", 192.168.0.14:8545)
[2m2025-12-10T10:10:32.346233Z[0m [34mDEBUG[0m [2mhyper::proto::h1::io[0m[2m:[0m flushed 250 bytes
[2m2025-12-10T10:10:32.346248Z[0m [34mDEBUG[0m [2mhyper::client::pool[0m[2m:[0m reuse idle connection for ("http", 192.168.0.14:8545)
[2m2025-12-10T10:10:32.346258Z[0m [34mDEBUG[0m [2methereum_transaction_pool_monitor::eth_client[0m[2m:[0m 📨 Received WebSocket message: {"jsonrpc":"2.0","method":"eth_subscription","params":{"subscription":"0xbed0a0851463e895960a451075a301a9","result":"0xdae5359feb9ad14917b58b55739d9392f32ea185f3deb52c4160b5a9bf061425"}}
[2m2025-12-10T10:10:32.346260Z[0m [34mDEBUG[0m [2mhyper::proto::h1::io[0m[2m:[0m flushed 172 bytes
[2m2025-12-10T10:10:32.346269Z[0m [34mDEBUG[0m [2methereum_transaction_pool_monitor::eth_client[0m[2m:[0m 📨 Received pending transaction: 0xdae5359feb9ad14917b58b55739d9392f32ea185f3deb52c4160b5a9bf061425
[2m2025-12-10T10:10:32.346276Z[0m [34mDEBUG[0m [2methereum_transaction_pool_monitor::eth_client[0m[2m:[0m 📨 Received WebSocket message: {"jsonrpc":"2.0","method":"eth_subscription","params":{"subscription":"0xbed0a0851463e895960a451075a301a9","result":"0xdba0faa0e41a4ccc3297637d7eaa836bf312a2c7c4ab7228c809c5e04fa947c3"}}
[2m2025-12-10T10:10:32.346280Z[0m [34mDEBUG[0m [2methereum_transaction_pool_monitor::eth_client[0m[2m:[0m 📨 Received pending transaction: 0xdba0faa0e41a4ccc3297637d7eaa836bf312a2c7c4ab7228c809c5e04fa947c3
[2m2025-12-10T10:10:32.346284Z[0m [34mDEBUG[0m [2methereum_transaction_pool_monitor::eth_client[0m[2m:[0m 📨 Received WebSocket message: {"jsonrpc":"2.0","method":"eth_subscription","params":{"subscription":"0xbed0a0851463e895960a451075a301a9","result":"0x829761673c4422c2dc7133f2b136737e81248118fe8eaa6066c7d285b8914bc6"}}
[2m2025-12-10T10:10:32.346290Z[0m [34mDEBUG[0m [2methereum_transaction_pool_monitor::eth_client[0m[2m:[0m 📨 Received pending transaction: 0x829761673c4422c2dc7133f2b136737e81248118fe8eaa6066c7d285b8914bc6
[2m2025-12-10T10:10:32.351838Z[0m [34mDEBUG[0m [2mhyper::proto::h1::io[0m[2m:[0m parsed 4 headers
[2m2025-12-10T10:10:32.351846Z[0m [34mDEBUG[0m [2mhyper::proto::h1::conn[0m[2m:[0m incoming body is content-length (830 bytes)
[2m2025-12-10T10:10:32.351853Z[0m [34mDEBUG[0m [2mhyper::proto::h1::conn[0m[2m:[0m incoming body completed
[2m2025-12-10T10:10:32.351861Z[0m [34mDEBUG[0m [2mhyper::client::pool[0m[2m:[0m pooling idle connection for ("http", 192.168.0.14:8545)
[2m2025-12-10T10:10:32.351867Z[0m [34mDEBUG[0m [2methereum_transaction_pool_monitor::eth_client[0m[2m:[0m 📡 Transaction fetch RPC completed in 5.673542ms
[2m2025-12-10T10:10:32.422578Z[0m [34mDEBUG[0m [2methereum_transaction_pool_monitor::eth_client[0m[2m:[0m ✅ Transaction 0x63f4ab8ca03df294caa6f9b5e52c3d5db521099c5c968d613162c692f45040f2 fetched and parsed in 76.382875ms
[2m2025-12-10T10:10:32.422602Z[0m [34mDEBUG[0m [2methereum_transaction_pool_monitor::mempool_monitor[0m[2m:[0m 🔍 Skipping tx 0x63f4ab8ca03df294caa6f9b5e52c3d5db521099c5c968d613162c692f45040f2 - not a DEX interaction (target: 0x3B4D794a66304F130a4Db8F2551B0070dfCf5ca7)
[2m2025-12-10T10:10:32.422613Z[0m [34mDEBUG[0m [2methereum_transaction_pool_monitor::mempool_monitor[0m[2m:[0m 📨 Processing new pending transaction: 0xc6b5af47b23eece69ec25cc9fc201d6b1b365841550ef14167c3ec1bb4dae86b
[2m2025-12-10T10:10:32.422619Z[0m [34mDEBUG[0m [2methereum_transaction_pool_monitor::mempool_monitor[0m[2m:[0m 🔍 Fetching transaction details for: 0xc6b5af47b23eece69ec25cc9fc201d6b1b365841550ef14167c3ec1bb4dae86b
[2m2025-12-10T10:10:32.422623Z[0m [34mDEBUG[0m [2methereum_transaction_pool_monitor::eth_client[0m[2m:[0m 🔍 Fetching transaction details for hash: 0xc6b5af47b23eece69ec25cc9fc201d6b1b365841550ef14167c3ec1bb4dae86b
[2m2025-12-10T10:10:32.422639Z[0m [34mDEBUG[0m [2mhyper::client::pool[0m[2m:[0m reuse idle connection for ("http", 192.168.0.14:8545)
[2m2025-12-10T10:10:32.422674Z[0m [34mDEBUG[0m [2mhyper::proto::h1::io[0m[2m:[0m flushed 250 bytes
[2m2025-12-10T10:10:32.422696Z[0m [34mDEBUG[0m [2methereum_transaction_pool_monitor::eth_client[0m[2m:[0m 📨 Received WebSocket message: {"jsonrpc":"2.0","method":"eth_subscription","params":{"subscription":"0xbed0a0851463e895960a451075a301a9","result":"0x33a25b354c7cc66588a99c6efd5c4a80e82a5ce596c33ec6bee2e3ef5589c9d7"}}
[2m2025-12-10T10:10:32.422702Z[0m [34mDEBUG[0m [2mhyper::proto::h1::io[0m[2m:[0m parsed 4 headers
[2m2025-12-10T10:10:32.422713Z[0m [34mDEBUG[0m [2mhyper::proto::h1::conn[0m[2m:[0m incoming body is content-length (45 bytes)
[2m2025-12-10T10:10:32.422722Z[0m [34mDEBUG[0m [2mhyper::proto::h1::conn[0m[2m:[0m incoming body completed
[2m2025-12-10T10:10:32.422703Z[0m [34mDEBUG[0m [2methereum_transaction_pool_monitor::eth_client[0m[2m:[0m 📨 Received pending transaction: 0x33a25b354c7cc66588a99c6efd5c4a80e82a5ce596c33ec6bee2e3ef5589c9d7
[2m2025-12-10T10:10:32.422733Z[0m [34mDEBUG[0m [2mhyper::client::pool[0m[2m:[0m pooling idle connection for ("http", 192.168.0.14:8545)
[2m2025-12-10T10:10:32.422737Z[0m [34mDEBUG[0m [2methereum_transaction_pool_monitor::eth_client[0m[2m:[0m 📨 Received WebSocket message: {"jsonrpc":"2.0","method":"eth_subscription","params":{"subscription":"0xbed0a0851463e895960a451075a301a9","result":"0x6c11c742f0a9676d042307e30bf3b9430b46bb8cfdffcc69d084530295d179b4"}}
[2m2025-12-10T10:10:32.422744Z[0m [34mDEBUG[0m [2methereum_transaction_pool_monitor::eth_client[0m[2m:[0m 📨 Received pending transaction: 0x6c11c742f0a9676d042307e30bf3b9430b46bb8cfdffcc69d084530295d179b4
[2m2025-12-10T10:10:32.422749Z[0m [34mDEBUG[0m [2methereum_transaction_pool_monitor::eth_client[0m[2m:[0m 📨 Received WebSocket message: {"jsonrpc":"2.0","method":"eth_subscription","params":{"subscription":"0xbed0a0851463e895960a451075a301a9","result":"0x96c1b95bec063079e6d2c30ec1b9466113fdfa19b4568fd1b34bab63732c9a63"}}
[2m2025-12-10T10:10:32.422752Z[0m [34mDEBUG[0m [2mhyper::client::pool[0m[2m:[0m reuse idle connection for ("http", 192.168.0.14:8545)
[2m2025-12-10T10:10:32.422753Z[0m [34mDEBUG[0m [2methereum_transaction_pool_monitor::eth_client[0m[2m:[0m 📨 Received pending transaction: 0x96c1b95bec063079e6d2c30ec1b9466113fdfa19b4568fd1b34bab63732c9a63
[2m2025-12-10T10:10:32.422774Z[0m [34mDEBUG[0m [2mhyper::proto::h1::io[0m[2m:[0m flushed 172 bytes
[2m2025-12-10T10:10:32.429897Z[0m [34mDEBUG[0m [2mhyper::proto::h1::io[0m[2m:[0m parsed 4 headers
[2m2025-12-10T10:10:32.429903Z[0m [34mDEBUG[0m [2mhyper::proto::h1::conn[0m[2m:[0m incoming body is content-length (769 bytes)
[2m2025-12-10T10:10:32.429908Z[0m [34mDEBUG[0m [2mhyper::proto::h1::conn[0m[2m:[0m incoming body completed
[2m2025-12-10T10:10:32.429914Z[0m [34mDEBUG[0m [2mhyper::client::pool[0m[2m:[0m pooling idle connection for ("http", 192.168.0.14:8545)
[2m2025-12-10T10:10:32.429919Z[0m [34mDEBUG[0m [2methereum_transaction_pool_monitor::eth_client[0m[2m:[0m 📡 Transaction fetch RPC completed in 7.292084ms
[2m2025-12-10T10:10:32.429931Z[0m [34mDEBUG[0m [2methereum_transaction_pool_monitor::eth_client[0m[2m:[0m DeFi transaction detected - Address: 0xdac17f958d2ee523a2206206994597c13d831ec7, Type: Stablecoin, Value: 0 ETH, Gas: 0.27 Gwei
[2m2025-12-10T10:10:32.429943Z[0m [34mDEBUG[0m [2methereum_transaction_pool_monitor::eth_client[0m[2m:[0m ✅ Transaction 0xc6b5af47b23eece69ec25cc9fc201d6b1b365841550ef14167c3ec1bb4dae86b fetched and parsed in 7.316292ms
[2m2025-12-10T10:10:32.429949Z[0m [34mDEBUG[0m [2methereum_transaction_pool_monitor::mempool_monitor[0m[2m:[0m 🔍 Skipping tx 0xc6b5af47b23eece69ec25cc9fc201d6b1b365841550ef14167c3ec1bb4dae86b - not a DEX interaction (target: 0xdAC17F958D2ee523a2206206994597C13D831ec7)
[2m2025-12-10T10:10:32.429956Z[0m [34mDEBUG[0m [2methereum_transaction_pool_monitor::mempool_monitor[0m[2m:[0m 📨 Processing new pending transaction: 0x1242627609b3bf3f5af1bae573b200fb08344e6ea732dd4c61ad8f2a2b8552a8
[2m2025-12-10T10:10:32.429960Z[0m [34mDEBUG[0m [2methereum_transaction_pool_monitor::mempool_monitor[0m[2m:[0m 🔍 Fetching transaction details for: 0x1242627609b3bf3f5af1bae573b200fb08344e6ea732dd4c61ad8f2a2b8552a8
[2m2025-12-10T10:10:32.429963Z[0m [34mDEBUG[0m [2methereum_transaction_pool_monitor::eth_client[0m[2m:[0m 🔍 Fetching transaction details for hash: 0x1242627609b3bf3f5af1bae573b200fb08344e6ea732dd4c61ad8f2a2b8552a8
[2m2025-12-10T10:10:32.429970Z[0m [34mDEBUG[0m [2mhyper::client::pool[0m[2m:[0m reuse idle connection for ("http", 192.168.0.14:8545)
[2m2025-12-10T10:10:32.429981Z[0m [34mDEBUG[0m [2mhyper::proto::h1::io[0m[2m:[0m flushed 250 bytes
[2m2025-12-10T10:10:32.429988Z[0m [34mDEBUG[0m [2mhyper::proto::h1::io[0m[2m:[0m parsed 4 headers
[2m2025-12-10T10:10:32.429991Z[0m [34mDEBUG[0m [2mhyper::proto::h1::conn[0m[2m:[0m incoming body is content-length (45 bytes)
[2m2025-12-10T10:10:32.429995Z[0m [34mDEBUG[0m [2mhyper::proto::h1::conn[0m[2m:[0m incoming body completed
[2m2025-12-10T10:10:32.429999Z[0m [34mDEBUG[0m [2mhyper::client::pool[0m[2m:[0m pooling idle connection for ("http", 192.168.0.14:8545)
[2m2025-12-10T10:10:32.436699Z[0m [34mDEBUG[0m [2mhyper::proto::h1::io[0m[2m:[0m parsed 4 headers
[2m2025-12-10T10:10:32.440007Z[0m [34mDEBUG[0m [2mhyper::proto::h1::conn[0m[2m:[0m incoming body is content-length (644 bytes)
[2m2025-12-10T10:10:32.440035Z[0m [34mDEBUG[0m [2mhyper::proto::h1::conn[0m[2m:[0m incoming body completed
[2m2025-12-10T10:10:32.440058Z[0m [34mDEBUG[0m [2mhyper::client::pool[0m[2m:[0m pooling idle connection for ("http", 192.168.0.14:8545)
[2m2025-12-10T10:10:32.440067Z[0m [34mDEBUG[0m [2methereum_transaction_pool_monitor::eth_client[0m[2m:[0m 📡 Transaction fetch RPC completed in 10.101ms
[2m2025-12-10T10:10:32.512029Z[0m [34mDEBUG[0m [2methereum_transaction_pool_monitor::eth_client[0m[2m:[0m ✅ Transaction 0x1242627609b3bf3f5af1bae573b200fb08344e6ea732dd4c61ad8f2a2b8552a8 fetched and parsed in 82.060584ms
[2m2025-12-10T10:10:32.512059Z[0m [34mDEBUG[0m [2methereum_transaction_pool_monitor::mempool_monitor[0m[2m:[0m 🔍 Skipping tx 0x1242627609b3bf3f5af1bae573b200fb08344e6ea732dd4c61ad8f2a2b8552a8 - not a DEX interaction (target: 0xA0d03dB3F36D0F861F0cDCB8Ed50AF15e14ac9De)
[2m2025-12-10T10:10:32.512072Z[0m [34mDEBUG[0m [2methereum_transaction_pool_monitor::mempool_monitor[0m[2m:[0m 📨 Processing new pending transaction: 0x824a4a812b37a0a41d6bcb36f2d89bf5e12e2aebc1e8cfcd8f6f402303d8588c
[2m2025-12-10T10:10:32.512079Z[0m [34mDEBUG[0m [2methereum_transaction_pool_monitor::mempool_monitor[0m[2m:[0m 🔍 Fetching transaction details for: 0x824a4a812b37a0a41d6bcb36f2d89bf5e12e2aebc1e8cfcd8f6f402303d8588c
[2m2025-12-10T10:10:32.512085Z[0m [34mDEBUG[0m [2methereum_transaction_pool_monitor::eth_client[0m[2m:[0m 🔍 Fetching transaction details for hash: 0x824a4a812b37a0a41d6bcb36f2d89bf5e12e2aebc1e8cfcd8f6f402303d8588c
[2m2025-12-10T10:10:32.512105Z[0m [34mDEBUG[0m [2mhyper::client::pool[0m[2m:[0m reuse idle connection for ("http", 192.168.0.14:8545)
[2m2025-12-10T10:10:32.512142Z[0m [34mDEBUG[0m [2mhyper::proto::h1::io[0m[2m:[0m flushed 250 bytes
[2m2025-12-10T10:10:32.512177Z[0m [34mDEBUG[0m [2mhyper::client::pool[0m[2m:[0m reuse idle connection for ("http", 192.168.0.14:8545)
[2m2025-12-10T10:10:32.512196Z[0m [34mDEBUG[0m [2mhyper::proto::h1::io[0m[2m:[0m flushed 172 bytes
[2m2025-12-10T10:10:32.517661Z[0m [34mDEBUG[0m [2mhyper::proto::h1::io[0m[2m:[0m parsed 4 headers
[2m2025-12-10T10:10:32.517686Z[0m [34mDEBUG[0m [2mhyper::proto::h1::conn[0m[2m:[0m incoming body is content-length (45 bytes)
[2m2025-12-10T10:10:32.517701Z[0m [34mDEBUG[0m [2mhyper::proto::h1::conn[0m[2m:[0m incoming body completed
[2m2025-12-10T10:10:32.517713Z[0m [34mDEBUG[0m [2mhyper::client::pool[0m[2m:[0m pooling idle connection for ("http", 192.168.0.14:8545)
[2m2025-12-10T10:10:32.518065Z[0m [34mDEBUG[0m [2mhyper::proto::h1::io[0m[2m:[0m parsed 4 headers
[2m2025-12-10T10:10:32.518071Z[0m [34mDEBUG[0m [2mhyper::proto::h1::conn[0m[2m:[0m incoming body is content-length (772 bytes)
[2m2025-12-10T10:10:32.518076Z[0m [34mDEBUG[0m [2mhyper::proto::h1::conn[0m[2m:[0m incoming body completed
[2m2025-12-10T10:10:32.518082Z[0m [34mDEBUG[0m [2mhyper::client::pool[0m[2m:[0m pooling idle connection for ("http", 192.168.0.14:8545)
[2m2025-12-10T10:10:32.518089Z[0m [34mDEBUG[0m [2methereum_transaction_pool_monitor::eth_client[0m[2m:[0m 📡 Transaction fetch RPC completed in 5.998959ms
[2m2025-12-10T10:10:32.589519Z[0m [34mDEBUG[0m [2methereum_transaction_pool_monitor::eth_client[0m[2m:[0m ✅ Transaction 0x824a4a812b37a0a41d6bcb36f2d89bf5e12e2aebc1e8cfcd8f6f402303d8588c fetched and parsed in 77.427334ms
[2m2025-12-10T10:10:32.589545Z[0m [34mDEBUG[0m [2methereum_transaction_pool_monitor::mempool_monitor[0m[2m:[0m 🔍 Skipping tx 0x824a4a812b37a0a41d6bcb36f2d89bf5e12e2aebc1e8cfcd8f6f402303d8588c - not a DEX interaction (target: 0xB8f28C60dD8240141185a192fa4156A23E189305)
[2m2025-12-10T10:10:32.589555Z[0m [34mDEBUG[0m [2methereum_transaction_pool_monitor::mempool_monitor[0m[2m:[0m 📨 Processing new pending transaction: 0x557ce4c5792417141948c02b3299855a4896bb8a7e326cb99832b5e1fb998825
[2m2025-12-10T10:10:32.589561Z[0m [34mDEBUG[0m [2methereum_transaction_pool_monitor::mempool_monitor[0m[2m:[0m 🔍 Fetching transaction details for: 0x557ce4c5792417141948c02b3299855a4896bb8a7e326cb99832b5e1fb998825
[2m2025-12-10T10:10:32.589566Z[0m [34mDEBUG[0m [2methereum_transaction_pool_monitor::eth_client[0m[2m:[0m 🔍 Fetching transaction details for hash: 0x557ce4c5792417141948c02b3299855a4896bb8a7e326cb99832b5e1fb998825
[2m2025-12-10T10:10:32.589584Z[0m [34mDEBUG[0m [2mhyper::client::pool[0m[2m:[0m reuse idle connection for ("http", 192.168.0.14:8545)
[2m2025-12-10T10:10:32.589628Z[0m [34mDEBUG[0m [2mhyper::proto::h1::io[0m[2m:[0m flushed 250 bytes
[2m2025-12-10T10:10:32.594902Z[0m [34mDEBUG[0m [2mhyper::proto::h1::io[0m[2m:[0m parsed 4 headers
[2m2025-12-10T10:10:32.594907Z[0m [34mDEBUG[0m [2mhyper::proto::h1::conn[0m[2m:[0m incoming body is content-length (640 bytes)
[2m2025-12-10T10:10:32.594915Z[0m [34mDEBUG[0m [2mhyper::proto::h1::conn[0m[2m:[0m incoming body completed
[2m2025-12-10T10:10:32.594922Z[0m [34mDEBUG[0m [2mhyper::client::pool[0m[2m:[0m pooling idle connection for ("http", 192.168.0.14:8545)
[2m2025-12-10T10:10:32.594928Z[0m [34mDEBUG[0m [2methereum_transaction_pool_monitor::eth_client[0m[2m:[0m 📡 Transaction fetch RPC completed in 5.357875ms
[2m2025-12-10T10:10:32.666518Z[0m [34mDEBUG[0m [2methereum_transaction_pool_monitor::eth_client[0m[2m:[0m ✅ Transaction 0x557ce4c5792417141948c02b3299855a4896bb8a7e326cb99832b5e1fb998825 fetched and parsed in 76.9455ms
[2m2025-12-10T10:10:32.666543Z[0m [34mDEBUG[0m [2methereum_transaction_pool_monitor::mempool_monitor[0m[2m:[0m 🔍 Skipping tx 0x557ce4c5792417141948c02b3299855a4896bb8a7e326cb99832b5e1fb998825 - not a DEX interaction (target: 0x0942bc370D1BBB78846224055d246f7d77D0bdf3)
[2m2025-12-10T10:10:32.666553Z[0m [34mDEBUG[0m [2methereum_transaction_pool_monitor::mempool_monitor[0m[2m:[0m 📨 Processing new pending transaction: 0x60b8490028710d5dec65742b5e55a7669f0dc42e4dc49001094a5f9f30b8143a
[2m2025-12-10T10:10:32.666559Z[0m [34mDEBUG[0m [2methereum_transaction_pool_monitor::mempool_monitor[0m[2m:[0m 🔍 Fetching transaction details for: 0x60b8490028710d5dec65742b5e55a7669f0dc42e4dc49001094a5f9f30b8143a
[2m2025-12-10T10:10:32.666563Z[0m [34mDEBUG[0m [2methereum_transaction_pool_monitor::eth_client[0m[2m:[0m 🔍 Fetching transaction details for hash: 0x60b8490028710d5dec65742b5e55a7669f0dc42e4dc49001094a5f9f30b8143a
[2m2025-12-10T10:10:32.666581Z[0m [34mDEBUG[0m [2mhyper::client::pool[0m[2m:[0m reuse idle connection for ("http", 192.168.0.14:8545)
[2m2025-12-10T10:10:32.666615Z[0m [34mDEBUG[0m [2mhyper::proto::h1::io[0m[2m:[0m flushed 250 bytes
[2m2025-12-10T10:10:32.666635Z[0m [34mDEBUG[0m [2mhyper::client::pool[0m[2m:[0m reuse idle connection for ("http", 192.168.0.14:8545)
[2m2025-12-10T10:10:32.666646Z[0m [34mDEBUG[0m [2mhyper::proto::h1::io[0m[2m:[0m flushed 172 bytes
[2m2025-12-10T10:10:32.666646Z[0m [34mDEBUG[0m [2methereum_transaction_pool_monitor::eth_client[0m[2m:[0m 📨 Received WebSocket message: {"jsonrpc":"2.0","method":"eth_subscription","params":{"subscription":"0xbed0a0851463e895960a451075a301a9","result":"0x165cae0cac7592bc091431814a41b247b1cd93790bb66a707ecfbf1c06dd9aff"}}
[2m2025-12-10T10:10:32.666661Z[0m [34mDEBUG[0m [2methereum_transaction_pool_monitor::eth_client[0m[2m:[0m 📨 Received pending transaction: 0x165cae0cac7592bc091431814a41b247b1cd93790bb66a707ecfbf1c06dd9aff
[2m2025-12-10T10:10:32.666667Z[0m [34mDEBUG[0m [2methereum_transaction_pool_monitor::eth_client[0m[2m:[0m 📨 Received WebSocket message: {"jsonrpc":"2.0","method":"eth_subscription","params":{"subscription":"0xbed0a0851463e895960a451075a301a9","result":"0x029c2524716a259b704c70f5a4413b6464cf88a9109227313a631e6ff5a15aeb"}}
[2m2025-12-10T10:10:32.666672Z[0m [34mDEBUG[0m [2methereum_transaction_pool_monitor::eth_client[0m[2m:[0m 📨 Received pending transaction: 0x029c2524716a259b704c70f5a4413b6464cf88a9109227313a631e6ff5a15aeb
[2m2025-12-10T10:10:32.666676Z[0m [34mDEBUG[0m [2methereum_transaction_pool_monitor::eth_client[0m[2m:[0m 📨 Received WebSocket message: {"jsonrpc":"2.0","method":"eth_subscription","params":{"subscription":"0xbed0a0851463e895960a451075a301a9","result":"0x62c212c55b82287cdd31eaa90f6df1fbeb5d7e6eb7acb1a8d7b6ccce1e5654d5"}}
[2m2025-12-10T10:10:32.666682Z[0m [34mDEBUG[0m [2methereum_transaction_pool_monitor::eth_client[0m[2m:[0m 📨 Received pending transaction: 0x62c212c55b82287cdd31eaa90f6df1fbeb5d7e6eb7acb1a8d7b6ccce1e5654d5
[2m2025-12-10T10:10:32.676776Z[0m [34mDEBUG[0m [2mhyper::proto::h1::io[0m[2m:[0m parsed 4 headers
[2m2025-12-10T10:10:32.677045Z[0m [34mDEBUG[0m [2mhyper::proto::h1::conn[0m[2m:[0m incoming body is content-length (830 bytes)
[2m2025-12-10T10:10:32.677054Z[0m [34mDEBUG[0m [2mhyper::proto::h1::conn[0m[2m:[0m incoming body completed
[2m2025-12-10T10:10:32.677061Z[0m [34mDEBUG[0m [2mhyper::client::pool[0m[2m:[0m pooling idle connection for ("http", 192.168.0.14:8545)
[2m2025-12-10T10:10:32.677066Z[0m [34mDEBUG[0m [2methereum_transaction_pool_monitor::eth_client[0m[2m:[0m 📡 Transaction fetch RPC completed in 10.4985ms
[2m2025-12-10T10:10:32.763162Z[0m [34mDEBUG[0m [2methereum_transaction_pool_monitor::eth_client[0m[2m:[0m ✅ Transaction 0x60b8490028710d5dec65742b5e55a7669f0dc42e4dc49001094a5f9f30b8143a fetched and parsed in 96.592542ms
[2m2025-12-10T10:10:32.763184Z[0m [34mDEBUG[0m [2methereum_transaction_pool_monitor::mempool_monitor[0m[2m:[0m 🔍 Skipping tx 0x60b8490028710d5dec65742b5e55a7669f0dc42e4dc49001094a5f9f30b8143a - not a DEX interaction (target: 0x3B4D794a66304F130a4Db8F2551B0070dfCf5ca7)
[2m2025-12-10T10:10:32.763193Z[0m [34mDEBUG[0m [2methereum_transaction_pool_monitor::mempool_monitor[0m[2m:[0m 📨 Processing new pending transaction: 0xbdfcabb306c69f3541ef7562ddd6e3dcba43f07e6a36fb93fb8f4e21a0ba9124
[2m2025-12-10T10:10:32.763198Z[0m [34mDEBUG[0m [2methereum_transaction_pool_monitor::mempool_monitor[0m[2m:[0m 🔍 Fetching transaction details for: 0xbdfcabb306c69f3541ef7562ddd6e3dcba43f07e6a36fb93fb8f4e21a0ba9124
[2m2025-12-10T10:10:32.763203Z[0m [34mDEBUG[0m [2methereum_transaction_pool_monitor::eth_client[0m[2m:[0m 🔍 Fetching transaction details for hash: 0xbdfcabb306c69f3541ef7562ddd6e3dcba43f07e6a36fb93fb8f4e21a0ba9124
[2m2025-12-10T10:10:32.763221Z[0m [34mDEBUG[0m [2mhyper::client::pool[0m[2m:[0m reuse idle connection for ("http", 192.168.0.14:8545)
[2m2025-12-10T10:10:32.763252Z[0m [34mDEBUG[0m [2mhyper::proto::h1::io[0m[2m:[0m flushed 250 bytes
[2m2025-12-10T10:10:32.763267Z[0m [34mDEBUG[0m [2mhyper::proto::h1::io[0m[2m:[0m parsed 4 headers
[2m2025-12-10T10:10:32.763271Z[0m [34mDEBUG[0m [2mhyper::proto::h1::conn[0m[2m:[0m incoming body is content-length (45 bytes)
[2m2025-12-10T10:10:32.763277Z[0m [34mDEBUG[0m [2mhyper::proto::h1::conn[0m[2m:[0m incoming body completed
[2m2025-12-10T10:10:32.763284Z[0m [34mDEBUG[0m [2mhyper::client::pool[0m[2m:[0m pooling idle connection for ("http", 192.168.0.14:8545)
[2m2025-12-10T10:10:32.763297Z[0m [34mDEBUG[0m [2mhyper::client::pool[0m[2m:[0m reuse idle connection for ("http", 192.168.0.14:8545)
[2m2025-12-10T10:10:32.763310Z[0m [34mDEBUG[0m [2mhyper::proto::h1::io[0m[2m:[0m flushed 172 bytes
[2m2025-12-10T10:10:32.769059Z[0m [34mDEBUG[0m [2mhyper::proto::h1::io[0m[2m:[0m parsed 4 headers
[2m2025-12-10T10:10:32.769091Z[0m [34mDEBUG[0m [2mhyper::proto::h1::conn[0m[2m:[0m incoming body is content-length (675 bytes)
[2m2025-12-10T10:10:32.769110Z[0m [34mDEBUG[0m [2mhyper::proto::h1::conn[0m[2m:[0m incoming body completed
[2m2025-12-10T10:10:32.769117Z[0m [34mDEBUG[0m [2mhyper::client::pool[0m[2m:[0m pooling idle connection for ("http", 192.168.0.14:8545)
[2m2025-12-10T10:10:32.769123Z[0m [34mDEBUG[0m [2methereum_transaction_pool_monitor::eth_client[0m[2m:[0m 📡 Transaction fetch RPC completed in 5.916459ms
[2m2025-12-10T10:10:32.769148Z[0m [34mDEBUG[0m [2methereum_transaction_pool_monitor::eth_client[0m[2m:[0m DeFi transaction detected - Address: 0x95ad61b0a150d79219dcf64e1e6cc01f0b64c4ce, Type: TokenContract, Value: 0 ETH, Gas: 1.00 Gwei
[2m2025-12-10T10:10:32.769160Z[0m [34mDEBUG[0m [2methereum_transaction_pool_monitor::eth_client[0m[2m:[0m ✅ Transaction 0xbdfcabb306c69f3541ef7562ddd6e3dcba43f07e6a36fb93fb8f4e21a0ba9124 fetched and parsed in 5.953292ms
[2m2025-12-10T10:10:32.769165Z[0m [34mDEBUG[0m [2methereum_transaction_pool_monitor::mempool_monitor[0m[2m:[0m 🔍 Skipping tx 0xbdfcabb306c69f3541ef7562ddd6e3dcba43f07e6a36fb93fb8f4e21a0ba9124 - not a DEX interaction (target: 0x95aD61b0a150d79219dCF64E1E6Cc01f0B64C4cE)
[2m2025-12-10T10:10:32.769171Z[0m [34mDEBUG[0m [2methereum_transaction_pool_monitor::mempool_monitor[0m[2m:[0m 📨 Processing new pending transaction: 0x697a7fa3f0b221da3b42f065170a39f68558e60055962abccbc4a2b19d0107da
[2m2025-12-10T10:10:32.769175Z[0m [34mDEBUG[0m [2methereum_transaction_pool_monitor::mempool_monitor[0m[2m:[0m 🔍 Fetching transaction details for: 0x697a7fa3f0b221da3b42f065170a39f68558e60055962abccbc4a2b19d0107da
[2m2025-12-10T10:10:32.769179Z[0m [34mDEBUG[0m [2methereum_transaction_pool_monitor::eth_client[0m[2m:[0m 🔍 Fetching transaction details for hash: 0x697a7fa3f0b221da3b42f065170a39f68558e60055962abccbc4a2b19d0107da
[2m2025-12-10T10:10:32.769186Z[0m [34mDEBUG[0m [2mhyper::client::pool[0m[2m:[0m reuse idle connection for ("http", 192.168.0.14:8545)
[2m2025-12-10T10:10:32.769201Z[0m [34mDEBUG[0m [2mhyper::proto::h1::io[0m[2m:[0m flushed 250 bytes
[2m2025-12-10T10:10:32.769453Z[0m [34mDEBUG[0m [2mhyper::proto::h1::io[0m[2m:[0m parsed 4 headers
[2m2025-12-10T10:10:32.769459Z[0m [34mDEBUG[0m [2mhyper::proto::h1::conn[0m[2m:[0m incoming body is content-length (45 bytes)
[2m2025-12-10T10:10:32.769463Z[0m [34mDEBUG[0m [2mhyper::proto::h1::conn[0m[2m:[0m incoming body completed
[2m2025-12-10T10:10:32.769467Z[0m [34mDEBUG[0m [2mhyper::client::pool[0m[2m:[0m pooling idle connection for ("http", 192.168.0.14:8545)
[2m2025-12-10T10:10:32.776644Z[0m [34mDEBUG[0m [2mhyper::proto::h1::io[0m[2m:[0m parsed 4 headers
[2m2025-12-10T10:10:32.776655Z[0m [34mDEBUG[0m [2mhyper::proto::h1::conn[0m[2m:[0m incoming body is content-length (1729 bytes)
[2m2025-12-10T10:10:32.776661Z[0m [34mDEBUG[0m [2mhyper::proto::h1::conn[0m[2m:[0m incoming body completed
[2m2025-12-10T10:10:32.776668Z[0m [34mDEBUG[0m [2mhyper::client::pool[0m[2m:[0m pooling idle connection for ("http", 192.168.0.14:8545)
[2m2025-12-10T10:10:32.776676Z[0m [34mDEBUG[0m [2methereum_transaction_pool_monitor::eth_client[0m[2m:[0m 📡 Transaction fetch RPC completed in 7.4935ms
[2m2025-12-10T10:10:32.922816Z[0m [34mDEBUG[0m [2methereum_transaction_pool_monitor::eth_client[0m[2m:[0m ✅ Transaction 0x697a7fa3f0b221da3b42f065170a39f68558e60055962abccbc4a2b19d0107da fetched and parsed in 153.629083ms
[2m2025-12-10T10:10:32.922844Z[0m [34mDEBUG[0m [2methereum_transaction_pool_monitor::mempool_monitor[0m[2m:[0m 🔍 Skipping tx 0x697a7fa3f0b221da3b42f065170a39f68558e60055962abccbc4a2b19d0107da - not a DEX interaction (target: 0x601a2aD6CB5949f0529735254189Ba3194221EDF)
[2m2025-12-10T10:10:32.922858Z[0m [34mDEBUG[0m [2methereum_transaction_pool_monitor::mempool_monitor[0m[2m:[0m 📨 Processing new pending transaction: 0xa68377dd358cebc563420c49cee231fb44cb8eab78ccd26e8ae64788dbb01802
[2m2025-12-10T10:10:32.922865Z[0m [34mDEBUG[0m [2methereum_transaction_pool_monitor::mempool_monitor[0m[2m:[0m 🔍 Fetching transaction details for: 0xa68377dd358cebc563420c49cee231fb44cb8eab78ccd26e8ae64788dbb01802
[2m2025-12-10T10:10:32.922871Z[0m [34mDEBUG[0m [2methereum_transaction_pool_monitor::eth_client[0m[2m:[0m 🔍 Fetching transaction details for hash: 0xa68377dd358cebc563420c49cee231fb44cb8eab78ccd26e8ae64788dbb01802
[2m2025-12-10T10:10:32.922891Z[0m [34mDEBUG[0m [2mhyper::client::pool[0m[2m:[0m reuse idle connection for ("http", 192.168.0.14:8545)
[2m2025-12-10T10:10:32.922924Z[0m [34mDEBUG[0m [2mhyper::proto::h1::io[0m[2m:[0m flushed 250 bytes
[2m2025-12-10T10:10:32.922943Z[0m [34mDEBUG[0m [2mhyper::client::pool[0m[2m:[0m reuse idle connection for ("http", 192.168.0.14:8545)
[2m2025-12-10T10:10:32.922947Z[0m [34mDEBUG[0m [2methereum_transaction_pool_monitor::eth_client[0m[2m:[0m 📨 Received WebSocket message: {"jsonrpc":"2.0","method":"eth_subscription","params":{"subscription":"0xbed0a0851463e895960a451075a301a9","result":"0xfe4b856aa79a7611f46d4c3b44425ea81d2e57c595394503487b0058442e03c1"}}
[2m2025-12-10T10:10:32.922955Z[0m [34mDEBUG[0m [2mhyper::proto::h1::io[0m[2m:[0m flushed 172 bytes
[2m2025-12-10T10:10:32.922956Z[0m [34mDEBUG[0m [2methereum_transaction_pool_monitor::eth_client[0m[2m:[0m 📨 Received pending transaction: 0xfe4b856aa79a7611f46d4c3b44425ea81d2e57c595394503487b0058442e03c1
[2m2025-12-10T10:10:32.922969Z[0m [34mDEBUG[0m [2methereum_transaction_pool_monitor::eth_client[0m[2m:[0m 📨 Received WebSocket message: {"jsonrpc":"2.0","method":"eth_subscription","params":{"subscription":"0xbed0a0851463e895960a451075a301a9","result":"0x30a558aa02ef522fb464bbf12b05b3f28376e84cf9ef7669480b3c0b71d8effe"}}
[2m2025-12-10T10:10:32.922974Z[0m [34mDEBUG[0m [2methereum_transaction_pool_monitor::eth_client[0m[2m:[0m 📨 Received pending transaction: 0x30a558aa02ef522fb464bbf12b05b3f28376e84cf9ef7669480b3c0b71d8effe
[2m2025-12-10T10:10:32.922979Z[0m [34mDEBUG[0m [2methereum_transaction_pool_monitor::eth_client[0m[2m:[0m 📨 Received WebSocket message: {"jsonrpc":"2.0","method":"eth_subscription","params":{"subscription":"0xbed0a0851463e895960a451075a301a9","result":"0x718ba03958657cf10803bc31de2243ff5f7bc3116cd3ffde669e9f7bb49c415a"}}
[2m2025-12-10T10:10:32.922983Z[0m [34mDEBUG[0m [2methereum_transaction_pool_monitor::eth_client[0m[2m:[0m 📨 Received pending transaction: 0x718ba03958657cf10803bc31de2243ff5f7bc3116cd3ffde669e9f7bb49c415a
[2m2025-12-10T10:10:32.932391Z[0m [34mDEBUG[0m [2mhyper::proto::h1::io[0m[2m:[0m parsed 4 headers
[2m2025-12-10T10:10:32.932402Z[0m [34mDEBUG[0m [2mhyper::proto::h1::conn[0m[2m:[0m incoming body is content-length (676 bytes)
[2m2025-12-10T10:10:32.932413Z[0m [34mDEBUG[0m [2mhyper::proto::h1::conn[0m[2m:[0m incoming body completed
[2m2025-12-10T10:10:32.932426Z[0m [34mDEBUG[0m [2mhyper::client::pool[0m[2m:[0m pooling idle connection for ("http", 192.168.0.14:8545)
[2m2025-12-10T10:10:32.932435Z[0m [34mDEBUG[0m [2methereum_transaction_pool_monitor::eth_client[0m[2m:[0m 📡 Transaction fetch RPC completed in 9.55875ms
[2m2025-12-10T10:10:33.010894Z[0m [34mDEBUG[0m [2methereum_transaction_pool_monitor::eth_client[0m[2m:[0m ✅ Transaction 0xa68377dd358cebc563420c49cee231fb44cb8eab78ccd26e8ae64788dbb01802 fetched and parsed in 88.015916ms
[2m2025-12-10T10:10:33.010926Z[0m [34mDEBUG[0m [2methereum_transaction_pool_monitor::mempool_monitor[0m[2m:[0m 🔍 Skipping tx 0xa68377dd358cebc563420c49cee231fb44cb8eab78ccd26e8ae64788dbb01802 - not a DEX interaction (target: 0x9C7BEBa8F6eF6643aBd725e45a4E8387eF260649)
[2m2025-12-10T10:10:33.010941Z[0m [34mDEBUG[0m [2methereum_transaction_pool_monitor::mempool_monitor[0m[2m:[0m 📨 Processing new pending transaction: 0x9d244aa5c07e9518b37e222be680811024f66645db4bf8893d7a260ae75a5264
[2m2025-12-10T10:10:33.010950Z[0m [34mDEBUG[0m [2methereum_transaction_pool_monitor::mempool_monitor[0m[2m:[0m 🔍 Fetching transaction details for: 0x9d244aa5c07e9518b37e222be680811024f66645db4bf8893d7a260ae75a5264
[2m2025-12-10T10:10:33.010959Z[0m [34mDEBUG[0m [2methereum_transaction_pool_monitor::eth_client[0m[2m:[0m 🔍 Fetching transaction details for hash: 0x9d244aa5c07e9518b37e222be680811024f66645db4bf8893d7a260ae75a5264
[2m2025-12-10T10:10:33.010977Z[0m [34mDEBUG[0m [2mhyper::client::pool[0m[2m:[0m reuse idle connection for ("http", 192.168.0.14:8545)
[2m2025-12-10T10:10:33.011019Z[0m [34mDEBUG[0m [2mhyper::proto::h1::io[0m[2m:[0m flushed 250 bytes
[2m2025-12-10T10:10:33.011038Z[0m [34mDEBUG[0m [2mhyper::proto::h1::io[0m[2m:[0m parsed 4 headers
[2m2025-12-10T10:10:33.011043Z[0m [34mDEBUG[0m [2mhyper::proto::h1::conn[0m[2m:[0m incoming body is content-length (45 bytes)
[2m2025-12-10T10:10:33.011052Z[0m [34mDEBUG[0m [2mhyper::proto::h1::conn[0m[2m:[0m incoming body completed
[2m2025-12-10T10:10:33.011065Z[0m [34mDEBUG[0m [2mhyper::client::pool[0m[2m:[0m pooling idle connection for ("http", 192.168.0.14:8545)
[2m2025-12-10T10:10:33.011084Z[0m [34mDEBUG[0m [2mhyper::client::pool[0m[2m:[0m reuse idle connection for ("http", 192.168.0.14:8545)
[2m2025-12-10T10:10:33.011099Z[0m [34mDEBUG[0m [2mhyper::proto::h1::io[0m[2m:[0m flushed 172 bytes
[2m2025-12-10T10:10:33.015632Z[0m [34mDEBUG[0m [2mhyper::proto::h1::io[0m[2m:[0m parsed 4 headers
[2m2025-12-10T10:10:33.015663Z[0m [34mDEBUG[0m [2mhyper::proto::h1::conn[0m[2m:[0m incoming body is content-length (45 bytes)
[2m2025-12-10T10:10:33.015679Z[0m [34mDEBUG[0m [2mhyper::proto::h1::conn[0m[2m:[0m incoming body completed
[2m2025-12-10T10:10:33.015685Z[0m [34mDEBUG[0m [2mhyper::client::pool[0m[2m:[0m pooling idle connection for ("http", 192.168.0.14:8545)
[2m2025-12-10T10:10:33.015703Z[0m [34mDEBUG[0m [2mhyper::client::pool[0m[2m:[0m reuse idle connection for ("http", 192.168.0.14:8545)
[2m2025-12-10T10:10:33.015723Z[0m [34mDEBUG[0m [2mhyper::proto::h1::io[0m[2m:[0m parsed 4 headers
[2m2025-12-10T10:10:33.015725Z[0m [34mDEBUG[0m [2mhyper::proto::h1::io[0m[2m:[0m flushed 172 bytes
[2m2025-12-10T10:10:33.015732Z[0m [34mDEBUG[0m [2mhyper::proto::h1::conn[0m[2m:[0m incoming body is content-length (830 bytes)
[2m2025-12-10T10:10:33.015750Z[0m [34mDEBUG[0m [2mhyper::proto::h1::conn[0m[2m:[0m incoming body completed
[2m2025-12-10T10:10:33.015756Z[0m [34mDEBUG[0m [2mhyper::client::pool[0m[2m:[0m pooling idle connection for ("http", 192.168.0.14:8545)
[2m2025-12-10T10:10:33.015761Z[0m [34mDEBUG[0m [2methereum_transaction_pool_monitor::eth_client[0m[2m:[0m 📡 Transaction fetch RPC completed in 4.796417ms
[2m2025-12-10T10:10:33.019786Z[0m [34mDEBUG[0m [2mhyper::proto::h1::io[0m[2m:[0m parsed 4 headers
[2m2025-12-10T10:10:33.019791Z[0m [34mDEBUG[0m [2mhyper::proto::h1::conn[0m[2m:[0m incoming body is content-length (45 bytes)
[2m2025-12-10T10:10:33.019796Z[0m [34mDEBUG[0m [2mhyper::proto::h1::conn[0m[2m:[0m incoming body completed
[2m2025-12-10T10:10:33.019801Z[0m [34mDEBUG[0m [2mhyper::client::pool[0m[2m:[0m pooling idle connection for ("http", 192.168.0.14:8545)
[2m2025-12-10T10:10:33.087387Z[0m [34mDEBUG[0m [2methereum_transaction_pool_monitor::eth_client[0m[2m:[0m ✅ Transaction 0x9d244aa5c07e9518b37e222be680811024f66645db4bf8893d7a260ae75a5264 fetched and parsed in 76.421ms
[2m2025-12-10T10:10:33.087413Z[0m [34mDEBUG[0m [2methereum_transaction_pool_monitor::mempool_monitor[0m[2m:[0m 🔍 Skipping tx 0x9d244aa5c07e9518b37e222be680811024f66645db4bf8893d7a260ae75a5264 - not a DEX interaction (target: 0x3B4D794a66304F130a4Db8F2551B0070dfCf5ca7)
[2m2025-12-10T10:10:33.087422Z[0m [34mDEBUG[0m [2methereum_transaction_pool_monitor::mempool_monitor[0m[2m:[0m 📨 Processing new pending transaction: 0x78ae213750279511d4d93f05cd58c077440ea350a2740f7fb514926269fa6a12
[2m2025-12-10T10:10:33.087429Z[0m [34mDEBUG[0m [2methereum_transaction_pool_monitor::mempool_monitor[0m[2m:[0m 🔍 Fetching transaction details for: 0x78ae213750279511d4d93f05cd58c077440ea350a2740f7fb514926269fa6a12
[2m2025-12-10T10:10:33.087436Z[0m [34mDEBUG[0m [2methereum_transaction_pool_monitor::eth_client[0m[2m:[0m 🔍 Fetching transaction details for hash: 0x78ae213750279511d4d93f05cd58c077440ea350a2740f7fb514926269fa6a12
[2m2025-12-10T10:10:33.087451Z[0m [34mDEBUG[0m [2mhyper::client::pool[0m[2m:[0m reuse idle connection for ("http", 192.168.0.14:8545)
[2m2025-12-10T10:10:33.087488Z[0m [34mDEBUG[0m [2mhyper::proto::h1::io[0m[2m:[0m flushed 250 bytes
[2m2025-12-10T10:10:33.093414Z[0m [34mDEBUG[0m [2mhyper::proto::h1::io[0m[2m:[0m parsed 4 headers
[2m2025-12-10T10:10:33.093446Z[0m [34mDEBUG[0m [2mhyper::proto::h1::conn[0m[2m:[0m incoming body is content-length (772 bytes)
[2m2025-12-10T10:10:33.093467Z[0m [34mDEBUG[0m [2mhyper::proto::h1::conn[0m[2m:[0m incoming body completed
[2m2025-12-10T10:10:33.093492Z[0m [34mDEBUG[0m [2mhyper::client::pool[0m[2m:[0m pooling idle connection for ("http", 192.168.0.14:8545)
[2m2025-12-10T10:10:33.093497Z[0m [34mDEBUG[0m [2methereum_transaction_pool_monitor::eth_client[0m[2m:[0m 📡 Transaction fetch RPC completed in 6.057459ms
[2m2025-12-10T10:10:33.165358Z[0m [34mDEBUG[0m [2methereum_transaction_pool_monitor::eth_client[0m[2m:[0m ✅ Transaction 0x78ae213750279511d4d93f05cd58c077440ea350a2740f7fb514926269fa6a12 fetched and parsed in 77.91625ms
[2m2025-12-10T10:10:33.165382Z[0m [34mDEBUG[0m [2methereum_transaction_pool_monitor::mempool_monitor[0m[2m:[0m 🔍 Skipping tx 0x78ae213750279511d4d93f05cd58c077440ea350a2740f7fb514926269fa6a12 - not a DEX interaction (target: 0xB8f28C60dD8240141185a192fa4156A23E189305)
[2m2025-12-10T10:10:33.165391Z[0m [34mDEBUG[0m [2methereum_transaction_pool_monitor::mempool_monitor[0m[2m:[0m 📨 Processing new pending transaction: 0xd553b21bc5be01fa448ff55dd4fc6993e7b6b1165e59132d87a503c201bf285a
[2m2025-12-10T10:10:33.165400Z[0m [34mDEBUG[0m [2methereum_transaction_pool_monitor::mempool_monitor[0m[2m:[0m 🔍 Fetching transaction details for: 0xd553b21bc5be01fa448ff55dd4fc6993e7b6b1165e59132d87a503c201bf285a
[2m2025-12-10T10:10:33.165406Z[0m [34mDEBUG[0m [2methereum_transaction_pool_monitor::eth_client[0m[2m:[0m 🔍 Fetching transaction details for hash: 0xd553b21bc5be01fa448ff55dd4fc6993e7b6b1165e59132d87a503c201bf285a
[2m2025-12-10T10:10:33.165422Z[0m [34mDEBUG[0m [2mhyper::client::pool[0m[2m:[0m reuse idle connection for ("http", 192.168.0.14:8545)
[2m2025-12-10T10:10:33.165459Z[0m [34mDEBUG[0m [2mhyper::proto::h1::io[0m[2m:[0m flushed 250 bytes
[2m2025-12-10T10:10:33.165487Z[0m [34mDEBUG[0m [2mhyper::client::pool[0m[2m:[0m reuse idle connection for ("http", 192.168.0.14:8545)
[2m2025-12-10T10:10:33.165504Z[0m [34mDEBUG[0m [2mhyper::proto::h1::io[0m[2m:[0m flushed 172 bytes
[2m2025-12-10T10:10:33.169798Z[0m [34mDEBUG[0m [2mhyper::proto::h1::io[0m[2m:[0m parsed 4 headers
[2m2025-12-10T10:10:33.170802Z[0m [34mDEBUG[0m [2mhyper::proto::h1::conn[0m[2m:[0m incoming body is content-length (45 bytes)
[2m2025-12-10T10:10:33.170822Z[0m [34mDEBUG[0m [2mhyper::proto::h1::conn[0m[2m:[0m incoming body completed
[2m2025-12-10T10:10:33.170833Z[0m [34mDEBUG[0m [2mhyper::client::pool[0m[2m:[0m pooling idle connection for ("http", 192.168.0.14:8545)
[2m2025-12-10T10:10:33.170856Z[0m [34mDEBUG[0m [2mhyper::proto::h1::io[0m[2m:[0m parsed 4 headers
[2m2025-12-10T10:10:33.170861Z[0m [34mDEBUG[0m [2mhyper::proto::h1::conn[0m[2m:[0m incoming body is content-length (636 bytes)
[2m2025-12-10T10:10:33.170866Z[0m [34mDEBUG[0m [2mhyper::proto::h1::conn[0m[2m:[0m incoming body completed
[2m2025-12-10T10:10:33.170871Z[0m [34mDEBUG[0m [2mhyper::client::pool[0m[2m:[0m pooling idle connection for ("http", 192.168.0.14:8545)
[2m2025-12-10T10:10:33.170876Z[0m [34mDEBUG[0m [2methereum_transaction_pool_monitor::eth_client[0m[2m:[0m 📡 Transaction fetch RPC completed in 5.465583ms
[2m2025-12-10T10:10:33.242287Z[0m [34mDEBUG[0m [2methereum_transaction_pool_monitor::eth_client[0m[2m:[0m ✅ Transaction 0xd553b21bc5be01fa448ff55dd4fc6993e7b6b1165e59132d87a503c201bf285a fetched and parsed in 76.87375ms
[2m2025-12-10T10:10:33.242313Z[0m [34mDEBUG[0m [2methereum_transaction_pool_monitor::mempool_monitor[0m[2m:[0m 🔍 Skipping tx 0xd553b21bc5be01fa448ff55dd4fc6993e7b6b1165e59132d87a503c201bf285a - not a DEX interaction (target: 0xA9Ac43f5b5e38155A288d1A01D2cbc4478E14573)
[2m2025-12-10T10:10:33.242324Z[0m [34mDEBUG[0m [2methereum_transaction_pool_monitor::mempool_monitor[0m[2m:[0m 📨 Processing new pending transaction: 0xdae5359feb9ad14917b58b55739d9392f32ea185f3deb52c4160b5a9bf061425
[2m2025-12-10T10:10:33.242330Z[0m [34mDEBUG[0m [2methereum_transaction_pool_monitor::mempool_monitor[0m[2m:[0m 🔍 Fetching transaction details for: 0xdae5359feb9ad14917b58b55739d9392f32ea185f3deb52c4160b5a9bf061425
[2m2025-12-10T10:10:33.242337Z[0m [34mDEBUG[0m [2methereum_transaction_pool_monitor::eth_client[0m[2m:[0m 🔍 Fetching transaction details for hash: 0xdae5359feb9ad14917b58b55739d9392f32ea185f3deb52c4160b5a9bf061425
[2m2025-12-10T10:10:33.242355Z[0m [34mDEBUG[0m [2mhyper::client::pool[0m[2m:[0m reuse idle connection for ("http", 192.168.0.14:8545)
[2m2025-12-10T10:10:33.242396Z[0m [34mDEBUG[0m [2mhyper::proto::h1::io[0m[2m:[0m flushed 250 bytes
[2m2025-12-10T10:10:33.242423Z[0m [34mDEBUG[0m [2mhyper::client::pool[0m[2m:[0m reuse idle connection for ("http", 192.168.0.14:8545)
[2m2025-12-10T10:10:33.242439Z[0m [34mDEBUG[0m [2mhyper::proto::h1::io[0m[2m:[0m flushed 172 bytes
[2m2025-12-10T10:10:33.247166Z[0m [34mDEBUG[0m [2mhyper::proto::h1::io[0m[2m:[0m parsed 4 headers
[2m2025-12-10T10:10:33.247188Z[0m [34mDEBUG[0m [2mhyper::proto::h1::conn[0m[2m:[0m incoming body is content-length (45 bytes)
[2m2025-12-10T10:10:33.247214Z[0m [34mDEBUG[0m [2mhyper::proto::h1::conn[0m[2m:[0m incoming body completed
[2m2025-12-10T10:10:33.247223Z[0m [34mDEBUG[0m [2mhyper::client::pool[0m[2m:[0m pooling idle connection for ("http", 192.168.0.14:8545)
[2m2025-12-10T10:10:33.247941Z[0m [34mDEBUG[0m [2mhyper::proto::h1::io[0m[2m:[0m parsed 4 headers
[2m2025-12-10T10:10:33.247967Z[0m [34mDEBUG[0m [2mhyper::proto::h1::conn[0m[2m:[0m incoming body is content-length (769 bytes)
[2m2025-12-10T10:10:33.247996Z[0m [34mDEBUG[0m [2mhyper::proto::h1::conn[0m[2m:[0m incoming body completed
[2m2025-12-10T10:10:33.248008Z[0m [34mDEBUG[0m [2mhyper::client::pool[0m[2m:[0m pooling idle connection for ("http", 192.168.0.14:8545)
[2m2025-12-10T10:10:33.248027Z[0m [34mDEBUG[0m [2methereum_transaction_pool_monitor::eth_client[0m[2m:[0m 📡 Transaction fetch RPC completed in 5.686208ms
[2m2025-12-10T10:10:33.248041Z[0m [34mDEBUG[0m [2methereum_transaction_pool_monitor::eth_client[0m[2m:[0m DeFi transaction detected - Address: 0xdac17f958d2ee523a2206206994597c13d831ec7, Type: Stablecoin, Value: 0 ETH, Gas: 0.22 Gwei
[2m2025-12-10T10:10:33.248058Z[0m [34mDEBUG[0m [2methereum_transaction_pool_monitor::eth_client[0m[2m:[0m ✅ Transaction 0xdae5359feb9ad14917b58b55739d9392f32ea185f3deb52c4160b5a9bf061425 fetched and parsed in 5.717ms
[2m2025-12-10T10:10:33.248065Z[0m [34mDEBUG[0m [2methereum_transaction_pool_monitor::mempool_monitor[0m[2m:[0m 🔍 Skipping tx 0xdae5359feb9ad14917b58b55739d9392f32ea185f3deb52c4160b5a9bf061425 - not a DEX interaction (target: 0xdAC17F958D2ee523a2206206994597C13D831ec7)
[2m2025-12-10T10:10:33.248071Z[0m [34mDEBUG[0m [2methereum_transaction_pool_monitor::mempool_monitor[0m[2m:[0m 📨 Processing new pending transaction: 0xdba0faa0e41a4ccc3297637d7eaa836bf312a2c7c4ab7228c809c5e04fa947c3
[2m2025-12-10T10:10:33.248080Z[0m [34mDEBUG[0m [2methereum_transaction_pool_monitor::mempool_monitor[0m[2m:[0m 🔍 Fetching transaction details for: 0xdba0faa0e41a4ccc3297637d7eaa836bf312a2c7c4ab7228c809c5e04fa947c3
[2m2025-12-10T10:10:33.248084Z[0m [34mDEBUG[0m [2methereum_transaction_pool_monitor::eth_client[0m[2m:[0m 🔍 Fetching transaction details for hash: 0xdba0faa0e41a4ccc3297637d7eaa836bf312a2c7c4ab7228c809c5e04fa947c3
[2m2025-12-10T10:10:33.248092Z[0m [34mDEBUG[0m [2mhyper::client::pool[0m[2m:[0m reuse idle connection for ("http", 192.168.0.14:8545)
[2m2025-12-10T10:10:33.248108Z[0m [34mDEBUG[0m [2mhyper::proto::h1::io[0m[2m:[0m flushed 250 bytes
[2m2025-12-10T10:10:33.253582Z[0m [34mDEBUG[0m [2mhyper::proto::h1::io[0m[2m:[0m parsed 4 headers
[2m2025-12-10T10:10:33.253603Z[0m [34mDEBUG[0m [2mhyper::proto::h1::conn[0m[2m:[0m incoming body is content-length (653 bytes)
[2m2025-12-10T10:10:33.253622Z[0m [34mDEBUG[0m [2mhyper::proto::h1::conn[0m[2m:[0m incoming body completed
[2m2025-12-10T10:10:33.253640Z[0m [34mDEBUG[0m [2mhyper::client::pool[0m[2m:[0m pooling idle connection for ("http", 192.168.0.14:8545)
[2m2025-12-10T10:10:33.253644Z[0m [34mDEBUG[0m [2methereum_transaction_pool_monitor::eth_client[0m[2m:[0m 📡 Transaction fetch RPC completed in 5.555625ms
[2m2025-12-10T10:10:33.323905Z[0m [34mDEBUG[0m [2methereum_transaction_pool_monitor::eth_client[0m[2m:[0m ✅ Transaction 0xdba0faa0e41a4ccc3297637d7eaa836bf312a2c7c4ab7228c809c5e04fa947c3 fetched and parsed in 75.813666ms
[2m2025-12-10T10:10:33.323934Z[0m [34mDEBUG[0m [2methereum_transaction_pool_monitor::mempool_monitor[0m[2m:[0m 🔍 Skipping tx 0xdba0faa0e41a4ccc3297637d7eaa836bf312a2c7c4ab7228c809c5e04fa947c3 - not a DEX interaction (target: 0x9b74001286f038796E3422E08ef0cDf780fc854D)
[2m2025-12-10T10:10:33.323945Z[0m [34mDEBUG[0m [2methereum_transaction_pool_monitor::mempool_monitor[0m[2m:[0m 📨 Processing new pending transaction: 0x829761673c4422c2dc7133f2b136737e81248118fe8eaa6066c7d285b8914bc6
[2m2025-12-10T10:10:33.323956Z[0m [34mDEBUG[0m [2methereum_transaction_pool_monitor::mempool_monitor[0m[2m:[0m 🔍 Fetching transaction details for: 0x829761673c4422c2dc7133f2b136737e81248118fe8eaa6066c7d285b8914bc6
[2m2025-12-10T10:10:33.323963Z[0m [34mDEBUG[0m [2methereum_transaction_pool_monitor::eth_client[0m[2m:[0m 🔍 Fetching transaction details for hash: 0x829761673c4422c2dc7133f2b136737e81248118fe8eaa6066c7d285b8914bc6
[2m2025-12-10T10:10:33.323985Z[0m [34mDEBUG[0m [2mhyper::client::pool[0m[2m:[0m reuse idle connection for ("http", 192.168.0.14:8545)
[2m2025-12-10T10:10:33.324034Z[0m [34mDEBUG[0m [2mhyper::proto::h1::io[0m[2m:[0m flushed 250 bytes
[2m2025-12-10T10:10:33.324057Z[0m [34mDEBUG[0m [2mhyper::client::pool[0m[2m:[0m reuse idle connection for ("http", 192.168.0.14:8545)
[2m2025-12-10T10:10:33.324067Z[0m [34mDEBUG[0m [2methereum_transaction_pool_monitor::eth_client[0m[2m:[0m 📨 Received WebSocket message: {"jsonrpc":"2.0","method":"eth_subscription","params":{"subscription":"0xbed0a0851463e895960a451075a301a9","result":"0x65f834ac1b2d9086edd029cb9ab0b9a1c5b973f29f156a5d50160d1a37c24c20"}}
[2m2025-12-10T10:10:33.324075Z[0m [34mDEBUG[0m [2mhyper::proto::h1::io[0m[2m:[0m flushed 172 bytes
[2m2025-12-10T10:10:33.324080Z[0m [34mDEBUG[0m [2methereum_transaction_pool_monitor::eth_client[0m[2m:[0m 📨 Received pending transaction: 0x65f834ac1b2d9086edd029cb9ab0b9a1c5b973f29f156a5d50160d1a37c24c20
[2m2025-12-10T10:10:33.324091Z[0m [34mDEBUG[0m [2methereum_transaction_pool_monitor::eth_client[0m[2m:[0m 📨 Received WebSocket message: {"jsonrpc":"2.0","method":"eth_subscription","params":{"subscription":"0xbed0a0851463e895960a451075a301a9","result":"0x5307226cbad3ff0b9fdc9e6bef24b5890083f571d81af2c4de73d2d7f2525184"}}
[2m2025-12-10T10:10:33.324098Z[0m [34mDEBUG[0m [2methereum_transaction_pool_monitor::eth_client[0m[2m:[0m 📨 Received pending transaction: 0x5307226cbad3ff0b9fdc9e6bef24b5890083f571d81af2c4de73d2d7f2525184
[2m2025-12-10T10:10:33.327699Z[0m [34mDEBUG[0m [2mhyper::proto::h1::io[0m[2m:[0m parsed 4 headers
[2m2025-12-10T10:10:33.327705Z[0m [34mDEBUG[0m [2mhyper::proto::h1::conn[0m[2m:[0m incoming body is content-length (45 bytes)
[2m2025-12-10T10:10:33.327712Z[0m [34mDEBUG[0m [2mhyper::proto::h1::conn[0m[2m:[0m incoming body completed
[2m2025-12-10T10:10:33.327721Z[0m [34mDEBUG[0m [2mhyper::client::pool[0m[2m:[0m pooling idle connection for ("http", 192.168.0.14:8545)
[2m2025-12-10T10:10:33.327738Z[0m [34mDEBUG[0m [2mhyper::proto::h1::io[0m[2m:[0m parsed 4 headers
[2m2025-12-10T10:10:33.327743Z[0m [34mDEBUG[0m [2mhyper::proto::h1::conn[0m[2m:[0m incoming body is content-length (654 bytes)
[2m2025-12-10T10:10:33.327748Z[0m [34mDEBUG[0m [2mhyper::proto::h1::conn[0m[2m:[0m incoming body completed
[2m2025-12-10T10:10:33.327753Z[0m [34mDEBUG[0m [2mhyper::client::pool[0m[2m:[0m pooling idle connection for ("http", 192.168.0.14:8545)
[2m2025-12-10T10:10:33.327757Z[0m [34mDEBUG[0m [2methereum_transaction_pool_monitor::eth_client[0m[2m:[0m 📡 Transaction fetch RPC completed in 3.784375ms
[2m2025-12-10T10:10:33.400101Z[0m [34mDEBUG[0m [2methereum_transaction_pool_monitor::eth_client[0m[2m:[0m ✅ Transaction 0x829761673c4422c2dc7133f2b136737e81248118fe8eaa6066c7d285b8914bc6 fetched and parsed in 76.1255ms
[2m2025-12-10T10:10:33.400129Z[0m [34mDEBUG[0m [2methereum_transaction_pool_monitor::mempool_monitor[0m[2m:[0m 🔍 Skipping tx 0x829761673c4422c2dc7133f2b136737e81248118fe8eaa6066c7d285b8914bc6 - not a DEX interaction (target: 0x58568E1661779c585093bd765599a56b5F4384F2)
[2m2025-12-10T10:10:33.400141Z[0m [34mDEBUG[0m [2methereum_transaction_pool_monitor::mempool_monitor[0m[2m:[0m 📨 Processing new pending transaction: 0x33a25b354c7cc66588a99c6efd5c4a80e82a5ce596c33ec6bee2e3ef5589c9d7
[2m2025-12-10T10:10:33.400149Z[0m [34mDEBUG[0m [2methereum_transaction_pool_monitor::mempool_monitor[0m[2m:[0m 🔍 Fetching transaction details for: 0x33a25b354c7cc66588a99c6efd5c4a80e82a5ce596c33ec6bee2e3ef5589c9d7
[2m2025-12-10T10:10:33.400155Z[0m [34mDEBUG[0m [2methereum_transaction_pool_monitor::eth_client[0m[2m:[0m 🔍 Fetching transaction details for hash: 0x33a25b354c7cc66588a99c6efd5c4a80e82a5ce596c33ec6bee2e3ef5589c9d7
[2m2025-12-10T10:10:33.400176Z[0m [34mDEBUG[0m [2mhyper::client::pool[0m[2m:[0m reuse idle connection for ("http", 192.168.0.14:8545)
[2m2025-12-10T10:10:33.400215Z[0m [34mDEBUG[0m [2mhyper::proto::h1::io[0m[2m:[0m flushed 250 bytes
[2m2025-12-10T10:10:33.400256Z[0m [34mDEBUG[0m [2mhyper::client::pool[0m[2m:[0m reuse idle connection for ("http", 192.168.0.14:8545)
[2m2025-12-10T10:10:33.400263Z[0m [34mDEBUG[0m [2methereum_transaction_pool_monitor::eth_client[0m[2m:[0m 📨 Received WebSocket message: {"jsonrpc":"2.0","method":"eth_subscription","params":{"subscription":"0xbed0a0851463e895960a451075a301a9","result":"0x5f3d0d8d1fe33f10ea7353c1fb517d49c1f5698c4d175d8cf47c4efe61170a72"}}
[2m2025-12-10T10:10:33.400275Z[0m [34mDEBUG[0m [2methereum_transaction_pool_monitor::eth_client[0m[2m:[0m 📨 Received pending transaction: 0x5f3d0d8d1fe33f10ea7353c1fb517d49c1f5698c4d175d8cf47c4efe61170a72
[2m2025-12-10T10:10:33.400283Z[0m [34mDEBUG[0m [2mhyper::proto::h1::io[0m[2m:[0m flushed 172 bytes
[2m2025-12-10T10:10:33.400283Z[0m [34mDEBUG[0m [2methereum_transaction_pool_monitor::eth_client[0m[2m:[0m 📨 Received WebSocket message: {"jsonrpc":"2.0","method":"eth_subscription","params":{"subscription":"0xbed0a0851463e895960a451075a301a9","result":"0xee370951b18c2b1c34d1f06e94b1dc79687f42688c5a676028e5ecc17778945c"}}
[2m2025-12-10T10:10:33.400303Z[0m [34mDEBUG[0m [2methereum_transaction_pool_monitor::eth_client[0m[2m:[0m 📨 Received pending transaction: 0xee370951b18c2b1c34d1f06e94b1dc79687f42688c5a676028e5ecc17778945c
[2m2025-12-10T10:10:33.403844Z[0m [34mDEBUG[0m [2mhyper::proto::h1::io[0m[2m:[0m parsed 4 headers
[2m2025-12-10T10:10:33.403850Z[0m [34mDEBUG[0m [2mhyper::proto::h1::conn[0m[2m:[0m incoming body is content-length (45 bytes)
[2m2025-12-10T10:10:33.403858Z[0m [34mDEBUG[0m [2mhyper::proto::h1::conn[0m[2m:[0m incoming body completed
[2m2025-12-10T10:10:33.403867Z[0m [34mDEBUG[0m [2mhyper::client::pool[0m[2m:[0m pooling idle connection for ("http", 192.168.0.14:8545)
[2m2025-12-10T10:10:33.403886Z[0m [34mDEBUG[0m [2mhyper::proto::h1::io[0m[2m:[0m parsed 4 headers
[2m2025-12-10T10:10:33.403893Z[0m [34mDEBUG[0m [2mhyper::proto::h1::conn[0m[2m:[0m incoming body is content-length (708 bytes)
[2m2025-12-10T10:10:33.403900Z[0m [34mDEBUG[0m [2mhyper::proto::h1::conn[0m[2m:[0m incoming body completed
[2m2025-12-10T10:10:33.403908Z[0m [34mDEBUG[0m [2mhyper::client::pool[0m[2m:[0m pooling idle connection for ("http", 192.168.0.14:8545)
[2m2025-12-10T10:10:33.403914Z[0m [34mDEBUG[0m [2methereum_transaction_pool_monitor::eth_client[0m[2m:[0m 📡 Transaction fetch RPC completed in 3.752875ms
[2m2025-12-10T10:10:33.475803Z[0m [34mDEBUG[0m [2methereum_transaction_pool_monitor::eth_client[0m[2m:[0m ✅ Transaction 0x33a25b354c7cc66588a99c6efd5c4a80e82a5ce596c33ec6bee2e3ef5589c9d7 fetched and parsed in 75.640458ms
[2m2025-12-10T10:10:33.475831Z[0m [34mDEBUG[0m [2methereum_transaction_pool_monitor::mempool_monitor[0m[2m:[0m 🔍 Skipping tx 0x33a25b354c7cc66588a99c6efd5c4a80e82a5ce596c33ec6bee2e3ef5589c9d7 - not a DEX interaction (target: 0x6016db4a4e7A7833EA4324560ad1bdb134e04caD)
[2m2025-12-10T10:10:33.476075Z[0m [34mDEBUG[0m [2methereum_transaction_pool_monitor::mempool_monitor[0m[2m:[0m 📨 Processing new pending transaction: 0x6c11c742f0a9676d042307e30bf3b9430b46bb8cfdffcc69d084530295d179b4
[2m2025-12-10T10:10:33.476086Z[0m [34mDEBUG[0m [2methereum_transaction_pool_monitor::mempool_monitor[0m[2m:[0m 🔍 Fetching transaction details for: 0x6c11c742f0a9676d042307e30bf3b9430b46bb8cfdffcc69d084530295d179b4
[2m2025-12-10T10:10:33.476094Z[0m [34mDEBUG[0m [2methereum_transaction_pool_monitor::eth_client[0m[2m:[0m 🔍 Fetching transaction details for hash: 0x6c11c742f0a9676d042307e30bf3b9430b46bb8cfdffcc69d084530295d179b4
[2m2025-12-10T10:10:33.476112Z[0m [34mDEBUG[0m [2mhyper::client::pool[0m[2m:[0m reuse idle connection for ("http", 192.168.0.14:8545)
[2m2025-12-10T10:10:33.476156Z[0m [34mDEBUG[0m [2mhyper::proto::h1::io[0m[2m:[0m flushed 250 bytes
[2m2025-12-10T10:10:33.479798Z[0m [34mDEBUG[0m [2mhyper::proto::h1::io[0m[2m:[0m parsed 4 headers
[2m2025-12-10T10:10:33.479805Z[0m [34mDEBUG[0m [2mhyper::proto::h1::conn[0m[2m:[0m incoming body is content-length (763 bytes)
[2m2025-12-10T10:10:33.479813Z[0m [34mDEBUG[0m [2mhyper::proto::h1::conn[0m[2m:[0m incoming body completed
[2m2025-12-10T10:10:33.479823Z[0m [34mDEBUG[0m [2mhyper::client::pool[0m[2m:[0m pooling idle connection for ("http", 192.168.0.14:8545)
[2m2025-12-10T10:10:33.479830Z[0m [34mDEBUG[0m [2methereum_transaction_pool_monitor::eth_client[0m[2m:[0m 📡 Transaction fetch RPC completed in 3.730333ms
[2m2025-12-10T10:10:33.551334Z[0m [34mDEBUG[0m [2methereum_transaction_pool_monitor::eth_client[0m[2m:[0m ✅ Transaction 0x6c11c742f0a9676d042307e30bf3b9430b46bb8cfdffcc69d084530295d179b4 fetched and parsed in 75.232833ms
[2m2025-12-10T10:10:33.551365Z[0m [34mDEBUG[0m [2methereum_transaction_pool_monitor::mempool_monitor[0m[2m:[0m 🔍 Skipping tx 0x6c11c742f0a9676d042307e30bf3b9430b46bb8cfdffcc69d084530295d179b4 - not a DEX interaction (target: 0xd50370bEE8bFf23Bbb30ca558a1d0207DBc96ef2)
[2m2025-12-10T10:10:33.551375Z[0m [34mDEBUG[0m [2methereum_transaction_pool_monitor::mempool_monitor[0m[2m:[0m 📨 Processing new pending transaction: 0x96c1b95bec063079e6d2c30ec1b9466113fdfa19b4568fd1b34bab63732c9a63
[2m2025-12-10T10:10:33.551391Z[0m [34mDEBUG[0m [2methereum_transaction_pool_monitor::mempool_monitor[0m[2m:[0m 🔍 Fetching transaction details for: 0x96c1b95bec063079e6d2c30ec1b9466113fdfa19b4568fd1b34bab63732c9a63
[2m2025-12-10T10:10:33.551399Z[0m [34mDEBUG[0m [2methereum_transaction_pool_monitor::eth_client[0m[2m:[0m 🔍 Fetching transaction details for hash: 0x96c1b95bec063079e6d2c30ec1b9466113fdfa19b4568fd1b34bab63732c9a63
[2m2025-12-10T10:10:33.551418Z[0m [34mDEBUG[0m [2mhyper::client::pool[0m[2m:[0m reuse idle connection for ("http", 192.168.0.14:8545)
[2m2025-12-10T10:10:33.551469Z[0m [34mDEBUG[0m [2mhyper::proto::h1::io[0m[2m:[0m flushed 250 bytes
[2m2025-12-10T10:10:33.551493Z[0m [34mDEBUG[0m [2mhyper::client::pool[0m[2m:[0m reuse idle connection for ("http", 192.168.0.14:8545)
[2m2025-12-10T10:10:33.551498Z[0m [34mDEBUG[0m [2methereum_transaction_pool_monitor::eth_client[0m[2m:[0m 📨 Received WebSocket message: {"jsonrpc":"2.0","method":"eth_subscription","params":{"subscription":"0xbed0a0851463e895960a451075a301a9","result":"0x3dc09579908416eed8b4c52481ae6f827993eb98463978366b746f1669b593ac"}}
[2m2025-12-10T10:10:33.551510Z[0m [34mDEBUG[0m [2mhyper::proto::h1::io[0m[2m:[0m flushed 172 bytes
[2m2025-12-10T10:10:33.551513Z[0m [34mDEBUG[0m [2methereum_transaction_pool_monitor::eth_client[0m[2m:[0m 📨 Received pending transaction: 0x3dc09579908416eed8b4c52481ae6f827993eb98463978366b746f1669b593ac
[2m2025-12-10T10:10:33.557732Z[0m [34mDEBUG[0m [2mhyper::proto::h1::io[0m[2m:[0m parsed 4 headers
[2m2025-12-10T10:10:33.557745Z[0m [34mDEBUG[0m [2mhyper::proto::h1::conn[0m[2m:[0m incoming body is content-length (774 bytes)
[2m2025-12-10T10:10:33.557751Z[0m [34mDEBUG[0m [2mhyper::proto::h1::conn[0m[2m:[0m incoming body completed
[2m2025-12-10T10:10:33.557760Z[0m [34mDEBUG[0m [2mhyper::client::pool[0m[2m:[0m pooling idle connection for ("http", 192.168.0.14:8545)
[2m2025-12-10T10:10:33.557766Z[0m [34mDEBUG[0m [2methereum_transaction_pool_monitor::eth_client[0m[2m:[0m 📡 Transaction fetch RPC completed in 6.361625ms
[2m2025-12-10T10:10:33.629123Z[0m [34mDEBUG[0m [2methereum_transaction_pool_monitor::eth_client[0m[2m:[0m ✅ Transaction 0x96c1b95bec063079e6d2c30ec1b9466113fdfa19b4568fd1b34bab63732c9a63 fetched and parsed in 77.716667ms
[2m2025-12-10T10:10:33.629153Z[0m [34mDEBUG[0m [2methereum_transaction_pool_monitor::mempool_monitor[0m[2m:[0m 🔍 Skipping tx 0x96c1b95bec063079e6d2c30ec1b9466113fdfa19b4568fd1b34bab63732c9a63 - not a DEX interaction (target: 0x44a29f2934A55C1Ab6e2c2C62dd68C28b695d704)
[2m2025-12-10T10:10:33.629165Z[0m [34mDEBUG[0m [2methereum_transaction_pool_monitor::mempool_monitor[0m[2m:[0m 📨 Processing new pending transaction: 0x165cae0cac7592bc091431814a41b247b1cd93790bb66a707ecfbf1c06dd9aff
[2m2025-12-10T10:10:33.629178Z[0m [34mDEBUG[0m [2methereum_transaction_pool_monitor::mempool_monitor[0m[2m:[0m 🔍 Fetching transaction details for: 0x165cae0cac7592bc091431814a41b247b1cd93790bb66a707ecfbf1c06dd9aff
[2m2025-12-10T10:10:33.629187Z[0m [34mDEBUG[0m [2methereum_transaction_pool_monitor::eth_client[0m[2m:[0m 🔍 Fetching transaction details for hash: 0x165cae0cac7592bc091431814a41b247b1cd93790bb66a707ecfbf1c06dd9aff
[2m2025-12-10T10:10:33.629207Z[0m [34mDEBUG[0m [2mhyper::client::pool[0m[2m:[0m reuse idle connection for ("http", 192.168.0.14:8545)
[2m2025-12-10T10:10:33.629252Z[0m [34mDEBUG[0m [2mhyper::proto::h1::io[0m[2m:[0m flushed 250 bytes
[2m2025-12-10T10:10:33.629277Z[0m [34mDEBUG[0m [2methereum_transaction_pool_monitor::eth_client[0m[2m:[0m 📨 Received WebSocket message: {"jsonrpc":"2.0","method":"eth_subscription","params":{"subscription":"0xbed0a0851463e895960a451075a301a9","result":"0x7c999c3760bf5dc27fa4c80247b9a3c345a5d03232e030434509e5a2a28d2e7c"}}
[2m2025-12-10T10:10:33.629287Z[0m [34mDEBUG[0m [2methereum_transaction_pool_monitor::eth_client[0m[2m:[0m 📨 Received pending transaction: 0x7c999c3760bf5dc27fa4c80247b9a3c345a5d03232e030434509e5a2a28d2e7c
[2m2025-12-10T10:10:33.629301Z[0m [34mDEBUG[0m [2mhyper::proto::h1::io[0m[2m:[0m parsed 4 headers
[2m2025-12-10T10:10:33.629311Z[0m [34mDEBUG[0m [2mhyper::proto::h1::conn[0m[2m:[0m incoming body is content-length (45 bytes)
[2m2025-12-10T10:10:33.629323Z[0m [34mDEBUG[0m [2mhyper::proto::h1::conn[0m[2m:[0m incoming body completed
[2m2025-12-10T10:10:33.629335Z[0m [34mDEBUG[0m [2mhyper::client::pool[0m[2m:[0m pooling idle connection for ("http", 192.168.0.14:8545)
[2m2025-12-10T10:10:33.629351Z[0m [34mDEBUG[0m [2mhyper::client::pool[0m[2m:[0m reuse idle connection for ("http", 192.168.0.14:8545)
[2m2025-12-10T10:10:33.629375Z[0m [34mDEBUG[0m [2mhyper::proto::h1::io[0m[2m:[0m flushed 172 bytes
[2m2025-12-10T10:10:33.634179Z[0m [34mDEBUG[0m [2mhyper::proto::h1::io[0m[2m:[0m parsed 4 headers
[2m2025-12-10T10:10:33.634226Z[0m [34mDEBUG[0m [2mhyper::proto::h1::conn[0m[2m:[0m incoming body is content-length (773 bytes)
[2m2025-12-10T10:10:33.634249Z[0m [34mDEBUG[0m [2mhyper::proto::h1::conn[0m[2m:[0m incoming body completed
[2m2025-12-10T10:10:33.634260Z[0m [34mDEBUG[0m [2mhyper::client::pool[0m[2m:[0m pooling idle connection for ("http", 192.168.0.14:8545)
[2m2025-12-10T10:10:33.634267Z[0m [34mDEBUG[0m [2methereum_transaction_pool_monitor::eth_client[0m[2m:[0m 📡 Transaction fetch RPC completed in 5.074958ms
[2m2025-12-10T10:10:33.634284Z[0m [34mDEBUG[0m [2methereum_transaction_pool_monitor::eth_client[0m[2m:[0m DeFi transaction detected - Address: 0xdac17f958d2ee523a2206206994597c13d831ec7, Type: Stablecoin, Value: 0 ETH, Gas: 1.75 Gwei
[2m2025-12-10T10:10:33.634297Z[0m [34mDEBUG[0m [2methereum_transaction_pool_monitor::eth_client[0m[2m:[0m ✅ Transaction 0x165cae0cac7592bc091431814a41b247b1cd93790bb66a707ecfbf1c06dd9aff fetched and parsed in 5.104583ms
[2m2025-12-10T10:10:33.634303Z[0m [34mDEBUG[0m [2methereum_transaction_pool_monitor::mempool_monitor[0m[2m:[0m 🔍 Skipping tx 0x165cae0cac7592bc091431814a41b247b1cd93790bb66a707ecfbf1c06dd9aff - not a DEX interaction (target: 0xdAC17F958D2ee523a2206206994597C13D831ec7)
[2m2025-12-10T10:10:33.634312Z[0m [34mDEBUG[0m [2methereum_transaction_pool_monitor::mempool_monitor[0m[2m:[0m 📨 Processing new pending transaction: 0x029c2524716a259b704c70f5a4413b6464cf88a9109227313a631e6ff5a15aeb
[2m2025-12-10T10:10:33.634316Z[0m [34mDEBUG[0m [2methereum_transaction_pool_monitor::mempool_monitor[0m[2m:[0m 🔍 Fetching transaction details for: 0x029c2524716a259b704c70f5a4413b6464cf88a9109227313a631e6ff5a15aeb
[2m2025-12-10T10:10:33.634320Z[0m [34mDEBUG[0m [2methereum_transaction_pool_monitor::eth_client[0m[2m:[0m 🔍 Fetching transaction details for hash: 0x029c2524716a259b704c70f5a4413b6464cf88a9109227313a631e6ff5a15aeb
[2m2025-12-10T10:10:33.634333Z[0m [34mDEBUG[0m [2mhyper::client::pool[0m[2m:[0m reuse idle connection for ("http", 192.168.0.14:8545)
[2m2025-12-10T10:10:33.634361Z[0m [34mDEBUG[0m [2mhyper::proto::h1::io[0m[2m:[0m flushed 250 bytes
[2m2025-12-10T10:10:33.634804Z[0m [34mDEBUG[0m [2mhyper::proto::h1::io[0m[2m:[0m parsed 4 headers
[2m2025-12-10T10:10:33.634814Z[0m [34mDEBUG[0m [2mhyper::proto::h1::conn[0m[2m:[0m incoming body is content-length (45 bytes)
[2m2025-12-10T10:10:33.634822Z[0m [34mDEBUG[0m [2mhyper::proto::h1::conn[0m[2m:[0m incoming body completed
[2m2025-12-10T10:10:33.634829Z[0m [34mDEBUG[0m [2mhyper::client::pool[0m[2m:[0m pooling idle connection for ("http", 192.168.0.14:8545)
[2m2025-12-10T10:10:33.640113Z[0m [34mDEBUG[0m [2mhyper::proto::h1::io[0m[2m:[0m parsed 4 headers
[2m2025-12-10T10:10:33.640121Z[0m [34mDEBUG[0m [2mhyper::proto::h1::conn[0m[2m:[0m incoming body is content-length (648 bytes)
[2m2025-12-10T10:10:33.640138Z[0m [34mDEBUG[0m [2mhyper::proto::h1::conn[0m[2m:[0m incoming body completed
[2m2025-12-10T10:10:33.640144Z[0m [34mDEBUG[0m [2mhyper::client::pool[0m[2m:[0m pooling idle connection for ("http", 192.168.0.14:8545)
[2m2025-12-10T10:10:33.640150Z[0m [34mDEBUG[0m [2methereum_transaction_pool_monitor::eth_client[0m[2m:[0m 📡 Transaction fetch RPC completed in 5.826542ms
[2m2025-12-10T10:10:33.709857Z[0m [34mDEBUG[0m [2methereum_transaction_pool_monitor::eth_client[0m[2m:[0m ✅ Transaction 0x029c2524716a259b704c70f5a4413b6464cf88a9109227313a631e6ff5a15aeb fetched and parsed in 75.53075ms
[2m2025-12-10T10:10:33.709884Z[0m [34mDEBUG[0m [2methereum_transaction_pool_monitor::mempool_monitor[0m[2m:[0m 🔍 Skipping tx 0x029c2524716a259b704c70f5a4413b6464cf88a9109227313a631e6ff5a15aeb - not a DEX interaction (target: 0x666b5B04B5081263a7cC7987D90ADdeDc5785143)
[2m2025-12-10T10:10:33.709894Z[0m [34mDEBUG[0m [2methereum_transaction_pool_monitor::mempool_monitor[0m[2m:[0m 📨 Processing new pending transaction: 0x62c212c55b82287cdd31eaa90f6df1fbeb5d7e6eb7acb1a8d7b6ccce1e5654d5
[2m2025-12-10T10:10:33.709898Z[0m [34mDEBUG[0m [2methereum_transaction_pool_monitor::mempool_monitor[0m[2m:[0m 🔍 Fetching transaction details for: 0x62c212c55b82287cdd31eaa90f6df1fbeb5d7e6eb7acb1a8d7b6ccce1e5654d5
[2m2025-12-10T10:10:33.709903Z[0m [34mDEBUG[0m [2methereum_transaction_pool_monitor::eth_client[0m[2m:[0m 🔍 Fetching transaction details for hash: 0x62c212c55b82287cdd31eaa90f6df1fbeb5d7e6eb7acb1a8d7b6ccce1e5654d5
[2m2025-12-10T10:10:33.709923Z[0m [34mDEBUG[0m [2mhyper::client::pool[0m[2m:[0m reuse idle connection for ("http", 192.168.0.14:8545)
[2m2025-12-10T10:10:33.709967Z[0m [34mDEBUG[0m [2mhyper::proto::h1::io[0m[2m:[0m flushed 250 bytes
[2m2025-12-10T10:10:33.709994Z[0m [34mDEBUG[0m [2mhyper::client::pool[0m[2m:[0m reuse idle connection for ("http", 192.168.0.14:8545)
[2m2025-12-10T10:10:33.710008Z[0m [34mDEBUG[0m [2mhyper::proto::h1::io[0m[2m:[0m flushed 172 bytes
[2m2025-12-10T10:10:33.719902Z[0m [34mDEBUG[0m [2mhyper::proto::h1::io[0m[2m:[0m parsed 4 headers
[2m2025-12-10T10:10:33.719924Z[0m [34mDEBUG[0m [2mhyper::proto::h1::conn[0m[2m:[0m incoming body is content-length (45 bytes)
[2m2025-12-10T10:10:33.719932Z[0m [34mDEBUG[0m [2mhyper::proto::h1::conn[0m[2m:[0m incoming body completed
[2m2025-12-10T10:10:33.719943Z[0m [34mDEBUG[0m [2mhyper::client::pool[0m[2m:[0m pooling idle connection for ("http", 192.168.0.14:8545)
[2m2025-12-10T10:10:33.722917Z[0m [34mDEBUG[0m [2mhyper::proto::h1::io[0m[2m:[0m parsed 4 headers
[2m2025-12-10T10:10:33.722929Z[0m [34mDEBUG[0m [2mhyper::proto::h1::conn[0m[2m:[0m incoming body is content-length (830 bytes)
[2m2025-12-10T10:10:33.722939Z[0m [34mDEBUG[0m [2mhyper::proto::h1::conn[0m[2m:[0m incoming body completed
[2m2025-12-10T10:10:33.722950Z[0m [34mDEBUG[0m [2mhyper::client::pool[0m[2m:[0m pooling idle connection for ("http", 192.168.0.14:8545)
[2m2025-12-10T10:10:33.722959Z[0m [34mDEBUG[0m [2methereum_transaction_pool_monitor::eth_client[0m[2m:[0m 📡 Transaction fetch RPC completed in 13.049459ms
[2m2025-12-10T10:10:33.794730Z[0m [34mDEBUG[0m [2methereum_transaction_pool_monitor::eth_client[0m[2m:[0m ✅ Transaction 0x62c212c55b82287cdd31eaa90f6df1fbeb5d7e6eb7acb1a8d7b6ccce1e5654d5 fetched and parsed in 84.816959ms
[2m2025-12-10T10:10:33.794762Z[0m [34mDEBUG[0m [2methereum_transaction_pool_monitor::mempool_monitor[0m[2m:[0m 🔍 Skipping tx 0x62c212c55b82287cdd31eaa90f6df1fbeb5d7e6eb7acb1a8d7b6ccce1e5654d5 - not a DEX interaction (target: 0x3B4D794a66304F130a4Db8F2551B0070dfCf5ca7)
[2m2025-12-10T10:10:33.794775Z[0m [34mDEBUG[0m [2methereum_transaction_pool_monitor::mempool_monitor[0m[2m:[0m 📨 Processing new pending transaction: 0xfe4b856aa79a7611f46d4c3b44425ea81d2e57c595394503487b0058442e03c1
[2m2025-12-10T10:10:33.794784Z[0m [34mDEBUG[0m [2methereum_transaction_pool_monitor::mempool_monitor[0m[2m:[0m 🔍 Fetching transaction details for: 0xfe4b856aa79a7611f46d4c3b44425ea81d2e57c595394503487b0058442e03c1
[2m2025-12-10T10:10:33.794794Z[0m [34mDEBUG[0m [2methereum_transaction_pool_monitor::eth_client[0m[2m:[0m 🔍 Fetching transaction details for hash: 0xfe4b856aa79a7611f46d4c3b44425ea81d2e57c595394503487b0058442e03c1
[2m2025-12-10T10:10:33.794819Z[0m [34mDEBUG[0m [2mhyper::client::pool[0m[2m:[0m reuse idle connection for ("http", 192.168.0.14:8545)
[2m2025-12-10T10:10:33.794858Z[0m [34mDEBUG[0m [2mhyper::proto::h1::io[0m[2m:[0m flushed 250 bytes
[2m2025-12-10T10:10:33.797005Z[0m [34mDEBUG[0m [2mhyper::client::pool[0m[2m:[0m reuse idle connection for ("http", 192.168.0.14:8545)
[2m2025-12-10T10:10:33.797045Z[0m [34mDEBUG[0m [2mhyper::proto::h1::io[0m[2m:[0m flushed 172 bytes
[2m2025-12-10T10:10:33.798793Z[0m [34mDEBUG[0m [2mhyper::proto::h1::io[0m[2m:[0m parsed 4 headers
[2m2025-12-10T10:10:33.798800Z[0m [34mDEBUG[0m [2mhyper::proto::h1::conn[0m[2m:[0m incoming body is content-length (778 bytes)
[2m2025-12-10T10:10:33.798807Z[0m [34mDEBUG[0m [2mhyper::proto::h1::conn[0m[2m:[0m incoming body completed
[2m2025-12-10T10:10:33.798816Z[0m [34mDEBUG[0m [2mhyper::client::pool[0m[2m:[0m pooling idle connection for ("http", 192.168.0.14:8545)
[2m2025-12-10T10:10:33.798824Z[0m [34mDEBUG[0m [2methereum_transaction_pool_monitor::eth_client[0m[2m:[0m 📡 Transaction fetch RPC completed in 4.024541ms
[2m2025-12-10T10:10:33.798840Z[0m [34mDEBUG[0m [2methereum_transaction_pool_monitor::eth_client[0m[2m:[0m DeFi transaction detected - Address: 0xdac17f958d2ee523a2206206994597c13d831ec7, Type: Stablecoin, Value: 0 ETH, Gas: 200.00 Gwei
[2m2025-12-10T10:10:33.798853Z[0m [34mDEBUG[0m [2methereum_transaction_pool_monitor::eth_client[0m[2m:[0m ✅ Transaction 0xfe4b856aa79a7611f46d4c3b44425ea81d2e57c595394503487b0058442e03c1 fetched and parsed in 4.053666ms
[2m2025-12-10T10:10:33.799078Z[0m [34mDEBUG[0m [2methereum_transaction_pool_monitor::mempool_monitor[0m[2m:[0m 🔍 Skipping tx 0xfe4b856aa79a7611f46d4c3b44425ea81d2e57c595394503487b0058442e03c1 - not a DEX interaction (target: 0xdAC17F958D2ee523a2206206994597C13D831ec7)
[2m2025-12-10T10:10:33.799086Z[0m [34mDEBUG[0m [2methereum_transaction_pool_monitor::mempool_monitor[0m[2m:[0m 📨 Processing new pending transaction: 0x30a558aa02ef522fb464bbf12b05b3f28376e84cf9ef7669480b3c0b71d8effe
[2m2025-12-10T10:10:33.799090Z[0m [34mDEBUG[0m [2methereum_transaction_pool_monitor::mempool_monitor[0m[2m:[0m 🔍 Fetching transaction details for: 0x30a558aa02ef522fb464bbf12b05b3f28376e84cf9ef7669480b3c0b71d8effe
[2m2025-12-10T10:10:33.799094Z[0m [34mDEBUG[0m [2methereum_transaction_pool_monitor::eth_client[0m[2m:[0m 🔍 Fetching transaction details for hash: 0x30a558aa02ef522fb464bbf12b05b3f28376e84cf9ef7669480b3c0b71d8effe
[2m2025-12-10T10:10:33.799104Z[0m [34mDEBUG[0m [2mhyper::client::pool[0m[2m:[0m reuse idle connection for ("http", 192.168.0.14:8545)
[2m2025-12-10T10:10:33.799123Z[0m [34mDEBUG[0m [2mhyper::proto::h1::io[0m[2m:[0m flushed 250 bytes
[2m2025-12-10T10:10:33.800646Z[0m [34mDEBUG[0m [2mhyper::proto::h1::io[0m[2m:[0m parsed 4 headers
[2m2025-12-10T10:10:33.800651Z[0m [34mDEBUG[0m [2mhyper::proto::h1::conn[0m[2m:[0m incoming body is content-length (45 bytes)
[2m2025-12-10T10:10:33.800656Z[0m [34mDEBUG[0m [2mhyper::proto::h1::conn[0m[2m:[0m incoming body completed
[2m2025-12-10T10:10:33.800661Z[0m [34mDEBUG[0m [2mhyper::client::pool[0m[2m:[0m pooling idle connection for ("http", 192.168.0.14:8545)
[2m2025-12-10T10:10:33.805034Z[0m [34mDEBUG[0m [2mhyper::proto::h1::io[0m[2m:[0m parsed 4 headers
[2m2025-12-10T10:10:33.805046Z[0m [34mDEBUG[0m [2mhyper::proto::h1::conn[0m[2m:[0m incoming body is content-length (658 bytes)
[2m2025-12-10T10:10:33.805054Z[0m [34mDEBUG[0m [2mhyper::proto::h1::conn[0m[2m:[0m incoming body completed
[2m2025-12-10T10:10:33.805062Z[0m [34mDEBUG[0m [2mhyper::client::pool[0m[2m:[0m pooling idle connection for ("http", 192.168.0.14:8545)
[2m2025-12-10T10:10:33.805069Z[0m [34mDEBUG[0m [2methereum_transaction_pool_monitor::eth_client[0m[2m:[0m 📡 Transaction fetch RPC completed in 5.971375ms
[2m2025-12-10T10:10:33.875095Z[0m [34mDEBUG[0m [2methereum_transaction_pool_monitor::eth_client[0m[2m:[0m ✅ Transaction 0x30a558aa02ef522fb464bbf12b05b3f28376e84cf9ef7669480b3c0b71d8effe fetched and parsed in 75.994041ms
[2m2025-12-10T10:10:33.875123Z[0m [34mDEBUG[0m [2methereum_transaction_pool_monitor::mempool_monitor[0m[2m:[0m 🔍 Skipping tx 0x30a558aa02ef522fb464bbf12b05b3f28376e84cf9ef7669480b3c0b71d8effe - not a DEX interaction (target: 0x7dBAC2F69551eaF1F43b6362035F446920470334)
[2m2025-12-10T10:10:33.875133Z[0m [34mDEBUG[0m [2methereum_transaction_pool_monitor::mempool_monitor[0m[2m:[0m 📨 Processing new pending transaction: 0x718ba03958657cf10803bc31de2243ff5f7bc3116cd3ffde669e9f7bb49c415a
[2m2025-12-10T10:10:33.875140Z[0m [34mDEBUG[0m [2methereum_transaction_pool_monitor::mempool_monitor[0m[2m:[0m 🔍 Fetching transaction details for: 0x718ba03958657cf10803bc31de2243ff5f7bc3116cd3ffde669e9f7bb49c415a
[2m2025-12-10T10:10:33.875146Z[0m [34mDEBUG[0m [2methereum_transaction_pool_monitor::eth_client[0m[2m:[0m 🔍 Fetching transaction details for hash: 0x718ba03958657cf10803bc31de2243ff5f7bc3116cd3ffde669e9f7bb49c415a
[2m2025-12-10T10:10:33.875168Z[0m [34mDEBUG[0m [2mhyper::client::pool[0m[2m:[0m reuse idle connection for ("http", 192.168.0.14:8545)
[2m2025-12-10T10:10:33.875219Z[0m [34mDEBUG[0m [2mhyper::proto::h1::io[0m[2m:[0m flushed 250 bytes
[2m2025-12-10T10:10:33.875237Z[0m [34mDEBUG[0m [2methereum_transaction_pool_monitor::eth_client[0m[2m:[0m 📨 Received WebSocket message: {"jsonrpc":"2.0","method":"eth_subscription","params":{"subscription":"0xbed0a0851463e895960a451075a301a9","result":"0x02189c8b6f56c65b059eb2de063c7564921090a271d8beb68a4478cfe710ddf6"}}
[2m2025-12-10T10:10:33.875245Z[0m [34mDEBUG[0m [2methereum_transaction_pool_monitor::eth_client[0m[2m:[0m 📨 Received pending transaction: 0x02189c8b6f56c65b059eb2de063c7564921090a271d8beb68a4478cfe710ddf6
[2m2025-12-10T10:10:33.875252Z[0m [34mDEBUG[0m [2methereum_transaction_pool_monitor::eth_client[0m[2m:[0m 📨 Received WebSocket message: {"jsonrpc":"2.0","method":"eth_subscription","params":{"subscription":"0xbed0a0851463e895960a451075a301a9","result":"0xb6b399c947b0ce53126751f426b2f066fe49127057e201885026b7d479324603"}}
[2m2025-12-10T10:10:33.875259Z[0m [34mDEBUG[0m [2methereum_transaction_pool_monitor::eth_client[0m[2m:[0m 📨 Received pending transaction: 0xb6b399c947b0ce53126751f426b2f066fe49127057e201885026b7d479324603
[2m2025-12-10T10:10:33.879378Z[0m [34mDEBUG[0m [2mhyper::proto::h1::io[0m[2m:[0m parsed 4 headers
[2m2025-12-10T10:10:33.879387Z[0m [34mDEBUG[0m [2mhyper::proto::h1::conn[0m[2m:[0m incoming body is content-length (771 bytes)
[2m2025-12-10T10:10:33.879395Z[0m [34mDEBUG[0m [2mhyper::proto::h1::conn[0m[2m:[0m incoming body completed
[2m2025-12-10T10:10:33.879404Z[0m [34mDEBUG[0m [2mhyper::client::pool[0m[2m:[0m pooling idle connection for ("http", 192.168.0.14:8545)
[2m2025-12-10T10:10:33.879411Z[0m [34mDEBUG[0m [2methereum_transaction_pool_monitor::eth_client[0m[2m:[0m 📡 Transaction fetch RPC completed in 4.259125ms
[2m2025-12-10T10:10:33.879427Z[0m [34mDEBUG[0m [2methereum_transaction_pool_monitor::eth_client[0m[2m:[0m DeFi transaction detected - Address: 0xdac17f958d2ee523a2206206994597c13d831ec7, Type: Stablecoin, Value: 0 ETH, Gas: 0.75 Gwei
[2m2025-12-10T10:10:33.879439Z[0m [34mDEBUG[0m [2methereum_transaction_pool_monitor::eth_client[0m[2m:[0m ✅ Transaction 0x718ba03958657cf10803bc31de2243ff5f7bc3116cd3ffde669e9f7bb49c415a fetched and parsed in 4.286625ms
[2m2025-12-10T10:10:33.879444Z[0m [34mDEBUG[0m [2methereum_transaction_pool_monitor::mempool_monitor[0m[2m:[0m 🔍 Skipping tx 0x718ba03958657cf10803bc31de2243ff5f7bc3116cd3ffde669e9f7bb49c415a - not a DEX interaction (target: 0xdAC17F958D2ee523a2206206994597C13D831ec7)
[2m2025-12-10T10:10:33.879451Z[0m [34mDEBUG[0m [2methereum_transaction_pool_monitor::mempool_monitor[0m[2m:[0m 📨 Processing new pending transaction: 0x65f834ac1b2d9086edd029cb9ab0b9a1c5b973f29f156a5d50160d1a37c24c20
[2m2025-12-10T10:10:33.879455Z[0m [34mDEBUG[0m [2methereum_transaction_pool_monitor::mempool_monitor[0m[2m:[0m 🔍 Fetching transaction details for: 0x65f834ac1b2d9086edd029cb9ab0b9a1c5b973f29f156a5d50160d1a37c24c20
[2m2025-12-10T10:10:33.879458Z[0m [34mDEBUG[0m [2methereum_transaction_pool_monitor::eth_client[0m[2m:[0m 🔍 Fetching transaction details for hash: 0x65f834ac1b2d9086edd029cb9ab0b9a1c5b973f29f156a5d50160d1a37c24c20
[2m2025-12-10T10:10:33.879471Z[0m [34mDEBUG[0m [2mhyper::client::pool[0m[2m:[0m reuse idle connection for ("http", 192.168.0.14:8545)
[2m2025-12-10T10:10:33.879489Z[0m [34mDEBUG[0m [2mhyper::proto::h1::io[0m[2m:[0m flushed 250 bytes
[2m2025-12-10T10:10:33.883765Z[0m [34mDEBUG[0m [2mhyper::proto::h1::io[0m[2m:[0m parsed 4 headers
[2m2025-12-10T10:10:33.883775Z[0m [34mDEBUG[0m [2mhyper::proto::h1::conn[0m[2m:[0m incoming body is content-length (830 bytes)
[2m2025-12-10T10:10:33.883782Z[0m [34mDEBUG[0m [2mhyper::proto::h1::conn[0m[2m:[0m incoming body completed
[2m2025-12-10T10:10:33.883790Z[0m [34mDEBUG[0m [2mhyper::client::pool[0m[2m:[0m pooling idle connection for ("http", 192.168.0.14:8545)
[2m2025-12-10T10:10:33.883796Z[0m [34mDEBUG[0m [2methereum_transaction_pool_monitor::eth_client[0m[2m:[0m 📡 Transaction fetch RPC completed in 4.33425ms
[2m2025-12-10T10:10:33.955299Z[0m [34mDEBUG[0m [2methereum_transaction_pool_monitor::eth_client[0m[2m:[0m ✅ Transaction 0x65f834ac1b2d9086edd029cb9ab0b9a1c5b973f29f156a5d50160d1a37c24c20 fetched and parsed in 75.833292ms
[2m2025-12-10T10:10:33.955332Z[0m [34mDEBUG[0m [2methereum_transaction_pool_monitor::mempool_monitor[0m[2m:[0m 🔍 Skipping tx 0x65f834ac1b2d9086edd029cb9ab0b9a1c5b973f29f156a5d50160d1a37c24c20 - not a DEX interaction (target: 0x3B4D794a66304F130a4Db8F2551B0070dfCf5ca7)
[2m2025-12-10T10:10:33.955343Z[0m [34mDEBUG[0m [2methereum_transaction_pool_monitor::mempool_monitor[0m[2m:[0m 📨 Processing new pending transaction: 0x5307226cbad3ff0b9fdc9e6bef24b5890083f571d81af2c4de73d2d7f2525184
[2m2025-12-10T10:10:33.955350Z[0m [34mDEBUG[0m [2methereum_transaction_pool_monitor::mempool_monitor[0m[2m:[0m 🔍 Fetching transaction details for: 0x5307226cbad3ff0b9fdc9e6bef24b5890083f571d81af2c4de73d2d7f2525184
[2m2025-12-10T10:10:33.955355Z[0m [34mDEBUG[0m [2methereum_transaction_pool_monitor::eth_client[0m[2m:[0m 🔍 Fetching transaction details for hash: 0x5307226cbad3ff0b9fdc9e6bef24b5890083f571d81af2c4de73d2d7f2525184
[2m2025-12-10T10:10:33.955378Z[0m [34mDEBUG[0m [2mhyper::client::pool[0m[2m:[0m reuse idle connection for ("http", 192.168.0.14:8545)
[2m2025-12-10T10:10:33.955426Z[0m [34mDEBUG[0m [2mhyper::proto::h1::io[0m[2m:[0m flushed 250 bytes
[2m2025-12-10T10:10:33.955459Z[0m [34mDEBUG[0m [2mhyper::client::pool[0m[2m:[0m reuse idle connection for ("http", 192.168.0.14:8545)
[2m2025-12-10T10:10:33.955481Z[0m [34mDEBUG[0m [2mhyper::proto::h1::io[0m[2m:[0m flushed 172 bytes
[2m2025-12-10T10:10:33.959035Z[0m [34mDEBUG[0m [2mhyper::proto::h1::io[0m[2m:[0m parsed 4 headers
[2m2025-12-10T10:10:33.959085Z[0m [34mDEBUG[0m [2mhyper::proto::h1::conn[0m[2m:[0m incoming body is content-length (650 bytes)
[2m2025-12-10T10:10:33.959120Z[0m [34mDEBUG[0m [2mhyper::proto::h1::conn[0m[2m:[0m incoming body completed
[2m2025-12-10T10:10:33.959150Z[0m [34mDEBUG[0m [2mhyper::client::pool[0m[2m:[0m pooling idle connection for ("http", 192.168.0.14:8545)
[2m2025-12-10T10:10:33.959159Z[0m [34mDEBUG[0m [2methereum_transaction_pool_monitor::eth_client[0m[2m:[0m 📡 Transaction fetch RPC completed in 3.798416ms
[2m2025-12-10T10:10:34.029940Z[0m [34mDEBUG[0m [2methereum_transaction_pool_monitor::eth_client[0m[2m:[0m ✅ Transaction 0x5307226cbad3ff0b9fdc9e6bef24b5890083f571d81af2c4de73d2d7f2525184 fetched and parsed in 74.577125ms
[2m2025-12-10T10:10:34.029972Z[0m [34mDEBUG[0m [2methereum_transaction_pool_monitor::mempool_monitor[0m[2m:[0m 🔍 Skipping tx 0x5307226cbad3ff0b9fdc9e6bef24b5890083f571d81af2c4de73d2d7f2525184 - not a DEX interaction (target: 0x0aBbc482FBD91DBF413E3D6Cc5622e03552AC13a)
[2m2025-12-10T10:10:34.029985Z[0m [34mDEBUG[0m [2methereum_transaction_pool_monitor::mempool_monitor[0m[2m:[0m 📨 Processing new pending transaction: 0x5f3d0d8d1fe33f10ea7353c1fb517d49c1f5698c4d175d8cf47c4efe61170a72
[2m2025-12-10T10:10:34.029998Z[0m [34mDEBUG[0m [2methereum_transaction_pool_monitor::mempool_monitor[0m[2m:[0m 🔍 Fetching transaction details for: 0x5f3d0d8d1fe33f10ea7353c1fb517d49c1f5698c4d175d8cf47c4efe61170a72
[2m2025-12-10T10:10:34.030004Z[0m [34mDEBUG[0m [2methereum_transaction_pool_monitor::eth_client[0m[2m:[0m 🔍 Fetching transaction details for hash: 0x5f3d0d8d1fe33f10ea7353c1fb517d49c1f5698c4d175d8cf47c4efe61170a72
[2m2025-12-10T10:10:34.030026Z[0m [34mDEBUG[0m [2mhyper::client::pool[0m[2m:[0m reuse idle connection for ("http", 192.168.0.14:8545)
[2m2025-12-10T10:10:34.030080Z[0m [34mDEBUG[0m [2mhyper::proto::h1::io[0m[2m:[0m flushed 250 bytes
[2m2025-12-10T10:10:34.030102Z[0m [34mDEBUG[0m [2mhyper::proto::h1::io[0m[2m:[0m parsed 4 headers
[2m2025-12-10T10:10:34.030108Z[0m [34mDEBUG[0m [2mhyper::proto::h1::conn[0m[2m:[0m incoming body is content-length (45 bytes)
[2m2025-12-10T10:10:34.030119Z[0m [34mDEBUG[0m [2mhyper::proto::h1::conn[0m[2m:[0m incoming body completed
[2m2025-12-10T10:10:34.030132Z[0m [34mDEBUG[0m [2mhyper::client::pool[0m[2m:[0m pooling idle connection for ("http", 192.168.0.14:8545)
[2m2025-12-10T10:10:34.030154Z[0m [34mDEBUG[0m [2mhyper::client::pool[0m[2m:[0m reuse idle connection for ("http", 192.168.0.14:8545)
[2m2025-12-10T10:10:34.030172Z[0m [34mDEBUG[0m [2mhyper::proto::h1::io[0m[2m:[0m flushed 172 bytes
[2m2025-12-10T10:10:34.034785Z[0m [34mDEBUG[0m [2mhyper::proto::h1::io[0m[2m:[0m parsed 4 headers
[2m2025-12-10T10:10:34.034796Z[0m [34mDEBUG[0m [2mhyper::proto::h1::conn[0m[2m:[0m incoming body is content-length (45 bytes)
[2m2025-12-10T10:10:34.034807Z[0m [34mDEBUG[0m [2mhyper::proto::h1::conn[0m[2m:[0m incoming body completed
[2m2025-12-10T10:10:34.034817Z[0m [34mDEBUG[0m [2mhyper::client::pool[0m[2m:[0m pooling idle connection for ("http", 192.168.0.14:8545)
[2m2025-12-10T10:10:34.036402Z[0m [34mDEBUG[0m [2mhyper::proto::h1::io[0m[2m:[0m parsed 4 headers
[2m2025-12-10T10:10:34.036426Z[0m [34mDEBUG[0m [2mhyper::proto::h1::conn[0m[2m:[0m incoming body is content-length (643 bytes)
[2m2025-12-10T10:10:34.036458Z[0m [34mDEBUG[0m [2mhyper::proto::h1::conn[0m[2m:[0m incoming body completed
[2m2025-12-10T10:10:34.036470Z[0m [34mDEBUG[0m [2mhyper::client::pool[0m[2m:[0m pooling idle connection for ("http", 192.168.0.14:8545)
[2m2025-12-10T10:10:34.036490Z[0m [34mDEBUG[0m [2methereum_transaction_pool_monitor::eth_client[0m[2m:[0m 📡 Transaction fetch RPC completed in 6.478875ms
[2m2025-12-10T10:10:34.107888Z[0m [34mDEBUG[0m [2methereum_transaction_pool_monitor::eth_client[0m[2m:[0m ✅ Transaction 0x5f3d0d8d1fe33f10ea7353c1fb517d49c1f5698c4d175d8cf47c4efe61170a72 fetched and parsed in 77.875208ms
[2m2025-12-10T10:10:34.107917Z[0m [34mDEBUG[0m [2methereum_transaction_pool_monitor::mempool_monitor[0m[2m:[0m 🔍 Skipping tx 0x5f3d0d8d1fe33f10ea7353c1fb517d49c1f5698c4d175d8cf47c4efe61170a72 - not a DEX interaction (target: 0x307576Dd4F73f91BB8c4A2EdB762938E8e067d31)
[2m2025-12-10T10:10:34.107927Z[0m [34mDEBUG[0m [2methereum_transaction_pool_monitor::mempool_monitor[0m[2m:[0m 📨 Processing new pending transaction: 0xee370951b18c2b1c34d1f06e94b1dc79687f42688c5a676028e5ecc17778945c
[2m2025-12-10T10:10:34.107941Z[0m [34mDEBUG[0m [2methereum_transaction_pool_monitor::mempool_monitor[0m[2m:[0m 🔍 Fetching transaction details for: 0xee370951b18c2b1c34d1f06e94b1dc79687f42688c5a676028e5ecc17778945c
[2m2025-12-10T10:10:34.107948Z[0m [34mDEBUG[0m [2methereum_transaction_pool_monitor::eth_client[0m[2m:[0m 🔍 Fetching transaction details for hash: 0xee370951b18c2b1c34d1f06e94b1dc79687f42688c5a676028e5ecc17778945c
[2m2025-12-10T10:10:34.107970Z[0m [34mDEBUG[0m [2mhyper::client::pool[0m[2m:[0m reuse idle connection for ("http", 192.168.0.14:8545)
[2m2025-12-10T10:10:34.108013Z[0m [34mDEBUG[0m [2mhyper::proto::h1::io[0m[2m:[0m flushed 250 bytes
[2m2025-12-10T10:10:34.108045Z[0m [34mDEBUG[0m [2mhyper::client::pool[0m[2m:[0m reuse idle connection for ("http", 192.168.0.14:8545)
[2m2025-12-10T10:10:34.108061Z[0m [34mDEBUG[0m [2mhyper::proto::h1::io[0m[2m:[0m flushed 172 bytes
[2m2025-12-10T10:10:34.113637Z[0m [34mDEBUG[0m [2mhyper::proto::h1::io[0m[2m:[0m parsed 4 headers
[2m2025-12-10T10:10:34.113645Z[0m [34mDEBUG[0m [2mhyper::proto::h1::conn[0m[2m:[0m incoming body is content-length (45 bytes)
[2m2025-12-10T10:10:34.113652Z[0m [34mDEBUG[0m [2mhyper::proto::h1::conn[0m[2m:[0m incoming body completed
[2m2025-12-10T10:10:34.113659Z[0m [34mDEBUG[0m [2mhyper::client::pool[0m[2m:[0m pooling idle connection for ("http", 192.168.0.14:8545)
[2m2025-12-10T10:10:34.113679Z[0m [34mDEBUG[0m [2mhyper::proto::h1::io[0m[2m:[0m parsed 4 headers
[2m2025-12-10T10:10:34.113684Z[0m [34mDEBUG[0m [2mhyper::proto::h1::conn[0m[2m:[0m incoming body is content-length (766 bytes)
[2m2025-12-10T10:10:34.113689Z[0m [34mDEBUG[0m [2mhyper::proto::h1::conn[0m[2m:[0m incoming body completed
[2m2025-12-10T10:10:34.113696Z[0m [34mDEBUG[0m [2mhyper::client::pool[0m[2m:[0m pooling idle connection for ("http", 192.168.0.14:8545)
[2m2025-12-10T10:10:34.114408Z[0m [34mDEBUG[0m [2methereum_transaction_pool_monitor::eth_client[0m[2m:[0m 📡 Transaction fetch RPC completed in 6.452875ms
[2m2025-12-10T10:10:34.184425Z[0m [34mDEBUG[0m [2methereum_transaction_pool_monitor::eth_client[0m[2m:[0m ✅ Transaction 0xee370951b18c2b1c34d1f06e94b1dc79687f42688c5a676028e5ecc17778945c fetched and parsed in 76.467125ms
[2m2025-12-10T10:10:34.184453Z[0m [34mDEBUG[0m [2methereum_transaction_pool_monitor::mempool_monitor[0m[2m:[0m 🔍 Skipping tx 0xee370951b18c2b1c34d1f06e94b1dc79687f42688c5a676028e5ecc17778945c - not a DEX interaction (target: 0x5017cf7B221e376F4D5f97bC1097aD965Ed688C2)
[2m2025-12-10T10:10:34.184465Z[0m [34mDEBUG[0m [2methereum_transaction_pool_monitor::mempool_monitor[0m[2m:[0m 📨 Processing new pending transaction: 0x3dc09579908416eed8b4c52481ae6f827993eb98463978366b746f1669b593ac
[2m2025-12-10T10:10:34.184473Z[0m [34mDEBUG[0m [2methereum_transaction_pool_monitor::mempool_monitor[0m[2m:[0m 🔍 Fetching transaction details for: 0x3dc09579908416eed8b4c52481ae6f827993eb98463978366b746f1669b593ac
[2m2025-12-10T10:10:34.184478Z[0m [34mDEBUG[0m [2methereum_transaction_pool_monitor::eth_client[0m[2m:[0m 🔍 Fetching transaction details for hash: 0x3dc09579908416eed8b4c52481ae6f827993eb98463978366b746f1669b593ac
[2m2025-12-10T10:10:34.184501Z[0m [34mDEBUG[0m [2mhyper::client::pool[0m[2m:[0m reuse idle connection for ("http", 192.168.0.14:8545)
[2m2025-12-10T10:10:34.184534Z[0m [34mDEBUG[0m [2mhyper::proto::h1::io[0m[2m:[0m flushed 250 bytes
[2m2025-12-10T10:10:34.184551Z[0m [34mDEBUG[0m [2methereum_transaction_pool_monitor::eth_client[0m[2m:[0m 📨 Received WebSocket message: {"jsonrpc":"2.0","method":"eth_subscription","params":{"subscription":"0xbed0a0851463e895960a451075a301a9","result":"0xd1989ec9965dd6b76c17b1d9293de8c6668a45ec60ea990acd0414e91277788d"}}
[2m2025-12-10T10:10:34.184562Z[0m [34mDEBUG[0m [2methereum_transaction_pool_monitor::eth_client[0m[2m:[0m 📨 Received pending transaction: 0xd1989ec9965dd6b76c17b1d9293de8c6668a45ec60ea990acd0414e91277788d
[2m2025-12-10T10:10:34.184569Z[0m [34mDEBUG[0m [2methereum_transaction_pool_monitor::eth_client[0m[2m:[0m 📨 Received WebSocket message: {"jsonrpc":"2.0","method":"eth_subscription","params":{"subscription":"0xbed0a0851463e895960a451075a301a9","result":"0x392a8cc758a05dcb7b2f4e9a51c8cb4c02c389cd2437ab07072f77d780a3d87e"}}
[2m2025-12-10T10:10:34.184575Z[0m [34mDEBUG[0m [2methereum_transaction_pool_monitor::eth_client[0m[2m:[0m 📨 Received pending transaction: 0x392a8cc758a05dcb7b2f4e9a51c8cb4c02c389cd2437ab07072f77d780a3d87e
[2m2025-12-10T10:10:34.188774Z[0m [34mDEBUG[0m [2mhyper::proto::h1::io[0m[2m:[0m parsed 4 headers
[2m2025-12-10T10:10:34.190751Z[0m [34mDEBUG[0m [2mhyper::proto::h1::conn[0m[2m:[0m incoming body is content-length (705 bytes)
[2m2025-12-10T10:10:34.190769Z[0m [34mDEBUG[0m [2mhyper::proto::h1::conn[0m[2m:[0m incoming body completed
[2m2025-12-10T10:10:34.190782Z[0m [34mDEBUG[0m [2mhyper::client::pool[0m[2m:[0m pooling idle connection for ("http", 192.168.0.14:8545)
[2m2025-12-10T10:10:34.190793Z[0m [34mDEBUG[0m [2methereum_transaction_pool_monitor::eth_client[0m[2m:[0m 📡 Transaction fetch RPC completed in 6.310875ms
[2m2025-12-10T10:10:34.262604Z[0m [34mDEBUG[0m [2methereum_transaction_pool_monitor::eth_client[0m[2m:[0m ✅ Transaction 0x3dc09579908416eed8b4c52481ae6f827993eb98463978366b746f1669b593ac fetched and parsed in 78.118583ms
[2m2025-12-10T10:10:34.262633Z[0m [34mDEBUG[0m [2methereum_transaction_pool_monitor::mempool_monitor[0m[2m:[0m 🔍 Skipping tx 0x3dc09579908416eed8b4c52481ae6f827993eb98463978366b746f1669b593ac - not a DEX interaction (target: 0xA0b86991c6218b36c1d19D4a2e9Eb0cE3606eB48)
[2m2025-12-10T10:10:34.262643Z[0m [34mDEBUG[0m [2methereum_transaction_pool_monitor::mempool_monitor[0m[2m:[0m 📨 Processing new pending transaction: 0x7c999c3760bf5dc27fa4c80247b9a3c345a5d03232e030434509e5a2a28d2e7c
[2m2025-12-10T10:10:34.262650Z[0m [34mDEBUG[0m [2methereum_transaction_pool_monitor::mempool_monitor[0m[2m:[0m 🔍 Fetching transaction details for: 0x7c999c3760bf5dc27fa4c80247b9a3c345a5d03232e030434509e5a2a28d2e7c
[2m2025-12-10T10:10:34.262656Z[0m [34mDEBUG[0m [2methereum_transaction_pool_monitor::eth_client[0m[2m:[0m 🔍 Fetching transaction details for hash: 0x7c999c3760bf5dc27fa4c80247b9a3c345a5d03232e030434509e5a2a28d2e7c
[2m2025-12-10T10:10:34.262679Z[0m [34mDEBUG[0m [2mhyper::client::pool[0m[2m:[0m reuse idle connection for ("http", 192.168.0.14:8545)
[2m2025-12-10T10:10:34.262723Z[0m [34mDEBUG[0m [2mhyper::proto::h1::io[0m[2m:[0m flushed 250 bytes
[2m2025-12-10T10:10:34.262744Z[0m [34mDEBUG[0m [2mhyper::client::pool[0m[2m:[0m reuse idle connection for ("http", 192.168.0.14:8545)
[2m2025-12-10T10:10:34.262750Z[0m [34mDEBUG[0m [2methereum_transaction_pool_monitor::eth_client[0m[2m:[0m 📨 Received WebSocket message: {"jsonrpc":"2.0","method":"eth_subscription","params":{"subscription":"0xbed0a0851463e895960a451075a301a9","result":"0xfbbfe3b0527259f2f61ce27ecf798c4a0b423c71fa5d10a421ffa2e5f2293711"}}
[2m2025-12-10T10:10:34.262757Z[0m [34mDEBUG[0m [2mhyper::proto::h1::io[0m[2m:[0m flushed 172 bytes
[2m2025-12-10T10:10:34.262761Z[0m [34mDEBUG[0m [2methereum_transaction_pool_monitor::eth_client[0m[2m:[0m 📨 Received pending transaction: 0xfbbfe3b0527259f2f61ce27ecf798c4a0b423c71fa5d10a421ffa2e5f2293711
[2m2025-12-10T10:10:34.267978Z[0m [34mDEBUG[0m [2mhyper::proto::h1::io[0m[2m:[0m parsed 4 headers
[2m2025-12-10T10:10:34.267990Z[0m [34mDEBUG[0m [2mhyper::proto::h1::io[0m[2m:[0m parsed 4 headers
[2m2025-12-10T10:10:34.268602Z[0m [34mDEBUG[0m [2mhyper::proto::h1::conn[0m[2m:[0m incoming body is content-length (45 bytes)
[2m2025-12-10T10:10:34.268614Z[0m [34mDEBUG[0m [2mhyper::proto::h1::conn[0m[2m:[0m incoming body is content-length (771 bytes)
[2m2025-12-10T10:10:34.268626Z[0m [34mDEBUG[0m [2mhyper::proto::h1::conn[0m[2m:[0m incoming body completed
[2m2025-12-10T10:10:34.268626Z[0m [34mDEBUG[0m [2mhyper::proto::h1::conn[0m[2m:[0m incoming body completed
[2m2025-12-10T10:10:34.268639Z[0m [34mDEBUG[0m [2mhyper::client::pool[0m[2m:[0m pooling idle connection for ("http", 192.168.0.14:8545)
[2m2025-12-10T10:10:34.268643Z[0m [34mDEBUG[0m [2mhyper::client::pool[0m[2m:[0m pooling idle connection for ("http", 192.168.0.14:8545)
[2m2025-12-10T10:10:34.268652Z[0m [34mDEBUG[0m [2methereum_transaction_pool_monitor::eth_client[0m[2m:[0m 📡 Transaction fetch RPC completed in 5.990583ms
[2m2025-12-10T10:10:34.268668Z[0m [34mDEBUG[0m [2methereum_transaction_pool_monitor::eth_client[0m[2m:[0m DeFi transaction detected - Address: 0xdac17f958d2ee523a2206206994597c13d831ec7, Type: Stablecoin, Value: 0 ETH, Gas: 0.68 Gwei
[2m2025-12-10T10:10:34.268686Z[0m [34mDEBUG[0m [2methereum_transaction_pool_monitor::eth_client[0m[2m:[0m ✅ Transaction 0x7c999c3760bf5dc27fa4c80247b9a3c345a5d03232e030434509e5a2a28d2e7c fetched and parsed in 6.024708ms
[2m2025-12-10T10:10:34.268700Z[0m [34mDEBUG[0m [2methereum_transaction_pool_monitor::mempool_monitor[0m[2m:[0m 🔍 Skipping tx 0x7c999c3760bf5dc27fa4c80247b9a3c345a5d03232e030434509e5a2a28d2e7c - not a DEX interaction (target: 0xdAC17F958D2ee523a2206206994597C13D831ec7)
[2m2025-12-10T10:10:34.268711Z[0m [34mDEBUG[0m [2methereum_transaction_pool_monitor::mempool_monitor[0m[2m:[0m 📨 Processing new pending transaction: 0x02189c8b6f56c65b059eb2de063c7564921090a271d8beb68a4478cfe710ddf6
[2m2025-12-10T10:10:34.268719Z[0m [34mDEBUG[0m [2methereum_transaction_pool_monitor::mempool_monitor[0m[2m:[0m 🔍 Fetching transaction details for: 0x02189c8b6f56c65b059eb2de063c7564921090a271d8beb68a4478cfe710ddf6
[2m2025-12-10T10:10:34.268727Z[0m [34mDEBUG[0m [2methereum_transaction_pool_monitor::eth_client[0m[2m:[0m 🔍 Fetching transaction details for hash: 0x02189c8b6f56c65b059eb2de063c7564921090a271d8beb68a4478cfe710ddf6
[2m2025-12-10T10:10:34.268745Z[0m [34mDEBUG[0m [2mhyper::client::pool[0m[2m:[0m reuse idle connection for ("http", 192.168.0.14:8545)
[2m2025-12-10T10:10:34.268770Z[0m [34mDEBUG[0m [2mhyper::proto::h1::io[0m[2m:[0m flushed 250 bytes
[2m2025-12-10T10:10:34.273626Z[0m [34mDEBUG[0m [2mhyper::proto::h1::io[0m[2m:[0m parsed 4 headers
[2m2025-12-10T10:10:34.273636Z[0m [34mDEBUG[0m [2mhyper::proto::h1::conn[0m[2m:[0m incoming body is content-length (905 bytes)
[2m2025-12-10T10:10:34.273642Z[0m [34mDEBUG[0m [2mhyper::proto::h1::conn[0m[2m:[0m incoming body completed
[2m2025-12-10T10:10:34.273650Z[0m [34mDEBUG[0m [2mhyper::client::pool[0m[2m:[0m pooling idle connection for ("http", 192.168.0.14:8545)
[2m2025-12-10T10:10:34.273655Z[0m [34mDEBUG[0m [2methereum_transaction_pool_monitor::eth_client[0m[2m:[0m 📡 Transaction fetch RPC completed in 4.9205ms
[2m2025-12-10T10:10:34.344644Z[0m [34mDEBUG[0m [2methereum_transaction_pool_monitor::eth_client[0m[2m:[0m ✅ Transaction 0x02189c8b6f56c65b059eb2de063c7564921090a271d8beb68a4478cfe710ddf6 fetched and parsed in 75.906208ms
[2m2025-12-10T10:10:34.344671Z[0m [34mDEBUG[0m [2methereum_transaction_pool_monitor::mempool_monitor[0m[2m:[0m 🔍 Skipping tx 0x02189c8b6f56c65b059eb2de063c7564921090a271d8beb68a4478cfe710ddf6 - not a DEX interaction (target: 0xFf00000000000000000000000000000000008453)
[2m2025-12-10T10:10:34.344681Z[0m [34mDEBUG[0m [2methereum_transaction_pool_monitor::mempool_monitor[0m[2m:[0m 📨 Processing new pending transaction: 0xb6b399c947b0ce53126751f426b2f066fe49127057e201885026b7d479324603
[2m2025-12-10T10:10:34.344688Z[0m [34mDEBUG[0m [2methereum_transaction_pool_monitor::mempool_monitor[0m[2m:[0m 🔍 Fetching transaction details for: 0xb6b399c947b0ce53126751f426b2f066fe49127057e201885026b7d479324603
[2m2025-12-10T10:10:34.344695Z[0m [34mDEBUG[0m [2methereum_transaction_pool_monitor::eth_client[0m[2m:[0m 🔍 Fetching transaction details for hash: 0xb6b399c947b0ce53126751f426b2f066fe49127057e201885026b7d479324603
[2m2025-12-10T10:10:34.344716Z[0m [34mDEBUG[0m [2mhyper::client::pool[0m[2m:[0m reuse idle connection for ("http", 192.168.0.14:8545)
[2m2025-12-10T10:10:34.344757Z[0m [34mDEBUG[0m [2mhyper::proto::h1::io[0m[2m:[0m flushed 250 bytes
[2m2025-12-10T10:10:34.344787Z[0m [34mDEBUG[0m [2mhyper::client::pool[0m[2m:[0m reuse idle connection for ("http", 192.168.0.14:8545)
[2m2025-12-10T10:10:34.344802Z[0m [34mDEBUG[0m [2mhyper::proto::h1::io[0m[2m:[0m flushed 172 bytes
[2m2025-12-10T10:10:34.348693Z[0m [34mDEBUG[0m [2mhyper::proto::h1::io[0m[2m:[0m parsed 4 headers
[2m2025-12-10T10:10:34.348702Z[0m [34mDEBUG[0m [2mhyper::proto::h1::conn[0m[2m:[0m incoming body is content-length (45 bytes)
[2m2025-12-10T10:10:34.348710Z[0m [34mDEBUG[0m [2mhyper::proto::h1::conn[0m[2m:[0m incoming body completed
[2m2025-12-10T10:10:34.348721Z[0m [34mDEBUG[0m [2mhyper::client::pool[0m[2m:[0m pooling idle connection for ("http", 192.168.0.14:8545)
[2m2025-12-10T10:10:34.348742Z[0m [34mDEBUG[0m [2mhyper::proto::h1::io[0m[2m:[0m parsed 4 headers
[2m2025-12-10T10:10:34.348747Z[0m [34mDEBUG[0m [2mhyper::proto::h1::conn[0m[2m:[0m incoming body is content-length (648 bytes)
[2m2025-12-10T10:10:34.348752Z[0m [34mDEBUG[0m [2mhyper::proto::h1::conn[0m[2m:[0m incoming body completed
[2m2025-12-10T10:10:34.348757Z[0m [34mDEBUG[0m [2mhyper::client::pool[0m[2m:[0m pooling idle connection for ("http", 192.168.0.14:8545)
[2m2025-12-10T10:10:34.348762Z[0m [34mDEBUG[0m [2methereum_transaction_pool_monitor::eth_client[0m[2m:[0m 📡 Transaction fetch RPC completed in 4.062292ms
[2m2025-12-10T10:10:34.420665Z[0m [34mDEBUG[0m [2methereum_transaction_pool_monitor::eth_client[0m[2m:[0m ✅ Transaction 0xb6b399c947b0ce53126751f426b2f066fe49127057e201885026b7d479324603 fetched and parsed in 75.961959ms
[2m2025-12-10T10:10:34.420699Z[0m [34mDEBUG[0m [2methereum_transaction_pool_monitor::mempool_monitor[0m[2m:[0m 🔍 Skipping tx 0xb6b399c947b0ce53126751f426b2f066fe49127057e201885026b7d479324603 - not a DEX interaction (target: 0xb0DBB376748064C17E7fa0d5d1b54B6BAd9049ac)
[2m2025-12-10T10:10:34.420718Z[0m [34mDEBUG[0m [2methereum_transaction_pool_monitor::mempool_monitor[0m[2m:[0m 📨 Processing new pending transaction: 0xd1989ec9965dd6b76c17b1d9293de8c6668a45ec60ea990acd0414e91277788d
[2m2025-12-10T10:10:34.420728Z[0m [34mDEBUG[0m [2methereum_transaction_pool_monitor::mempool_monitor[0m[2m:[0m 🔍 Fetching transaction details for: 0xd1989ec9965dd6b76c17b1d9293de8c6668a45ec60ea990acd0414e91277788d
[2m2025-12-10T10:10:34.420735Z[0m [34mDEBUG[0m [2methereum_transaction_pool_monitor::eth_client[0m[2m:[0m 🔍 Fetching transaction details for hash: 0xd1989ec9965dd6b76c17b1d9293de8c6668a45ec60ea990acd0414e91277788d
[2m2025-12-10T10:10:34.420755Z[0m [34mDEBUG[0m [2mhyper::client::pool[0m[2m:[0m reuse idle connection for ("http", 192.168.0.14:8545)
[2m2025-12-10T10:10:34.420805Z[0m [34mDEBUG[0m [2mhyper::proto::h1::io[0m[2m:[0m flushed 250 bytes
[2m2025-12-10T10:10:34.420837Z[0m [34mDEBUG[0m [2mhyper::client::pool[0m[2m:[0m reuse idle connection for ("http", 192.168.0.14:8545)
[2m2025-12-10T10:10:34.420857Z[0m [34mDEBUG[0m [2mhyper::proto::h1::io[0m[2m:[0m flushed 172 bytes
[2m2025-12-10T10:10:34.425211Z[0m [34mDEBUG[0m [2mhyper::proto::h1::io[0m[2m:[0m parsed 4 headers
[2m2025-12-10T10:10:34.425250Z[0m [34mDEBUG[0m [2mhyper::proto::h1::conn[0m[2m:[0m incoming body is content-length (45 bytes)
[2m2025-12-10T10:10:34.425279Z[0m [34mDEBUG[0m [2mhyper::proto::h1::conn[0m[2m:[0m incoming body completed
[2m2025-12-10T10:10:34.425293Z[0m [34mDEBUG[0m [2mhyper::client::pool[0m[2m:[0m pooling idle connection for ("http", 192.168.0.14:8545)
[2m2025-12-10T10:10:34.425319Z[0m [34mDEBUG[0m [2mhyper::proto::h1::io[0m[2m:[0m parsed 4 headers
[2m2025-12-10T10:10:34.425324Z[0m [34mDEBUG[0m [2mhyper::proto::h1::conn[0m[2m:[0m incoming body is content-length (2051 bytes)
[2m2025-12-10T10:10:34.425328Z[0m [34mDEBUG[0m [2mhyper::proto::h1::conn[0m[2m:[0m incoming body completed
[2m2025-12-10T10:10:34.425335Z[0m [34mDEBUG[0m [2mhyper::client::pool[0m[2m:[0m pooling idle connection for ("http", 192.168.0.14:8545)
[2m2025-12-10T10:10:34.425340Z[0m [34mDEBUG[0m [2methereum_transaction_pool_monitor::eth_client[0m[2m:[0m 📡 Transaction fetch RPC completed in 4.599166ms
[2m2025-12-10T10:10:34.497053Z[0m [34mDEBUG[0m [2methereum_transaction_pool_monitor::eth_client[0m[2m:[0m ✅ Transaction 0xd1989ec9965dd6b76c17b1d9293de8c6668a45ec60ea990acd0414e91277788d fetched and parsed in 76.30925ms
[2m2025-12-10T10:10:34.497084Z[0m [34mDEBUG[0m [2methereum_transaction_pool_monitor::mempool_monitor[0m[2m:[0m 🔍 Skipping tx 0xd1989ec9965dd6b76c17b1d9293de8c6668a45ec60ea990acd0414e91277788d - not a DEX interaction (target: 0x00000047bB99ea4D791bb749D970DE71EE0b1A34)
[2m2025-12-10T10:10:34.497104Z[0m [34mDEBUG[0m [2methereum_transaction_pool_monitor::mempool_monitor[0m[2m:[0m 📨 Processing new pending transaction: 0x392a8cc758a05dcb7b2f4e9a51c8cb4c02c389cd2437ab07072f77d780a3d87e
[2m2025-12-10T10:10:34.497113Z[0m [34mDEBUG[0m [2methereum_transaction_pool_monitor::mempool_monitor[0m[2m:[0m 🔍 Fetching transaction details for: 0x392a8cc758a05dcb7b2f4e9a51c8cb4c02c389cd2437ab07072f77d780a3d87e
[2m2025-12-10T10:10:34.497122Z[0m [34mDEBUG[0m [2methereum_transaction_pool_monitor::eth_client[0m[2m:[0m 🔍 Fetching transaction details for hash: 0x392a8cc758a05dcb7b2f4e9a51c8cb4c02c389cd2437ab07072f77d780a3d87e
[2m2025-12-10T10:10:34.497152Z[0m [34mDEBUG[0m [2mhyper::client::pool[0m[2m:[0m reuse idle connection for ("http", 192.168.0.14:8545)
[2m2025-12-10T10:10:34.497182Z[0m [34mDEBUG[0m [2mhyper::proto::h1::io[0m[2m:[0m flushed 250 bytes
[2m2025-12-10T10:10:34.497211Z[0m [34mDEBUG[0m [2mhyper::client::pool[0m[2m:[0m reuse idle connection for ("http", 192.168.0.14:8545)
[2m2025-12-10T10:10:34.497498Z[0m [34mDEBUG[0m [2mhyper::proto::h1::io[0m[2m:[0m flushed 172 bytes
[2m2025-12-10T10:10:34.502890Z[0m [34mDEBUG[0m [2mhyper::proto::h1::io[0m[2m:[0m parsed 4 headers
[2m2025-12-10T10:10:34.502895Z[0m [34mDEBUG[0m [2mhyper::proto::h1::conn[0m[2m:[0m incoming body is content-length (648 bytes)
[2m2025-12-10T10:10:34.502903Z[0m [34mDEBUG[0m [2mhyper::proto::h1::conn[0m[2m:[0m incoming body completed
[2m2025-12-10T10:10:34.502911Z[0m [34mDEBUG[0m [2mhyper::client::pool[0m[2m:[0m pooling idle connection for ("http", 192.168.0.14:8545)
[2m2025-12-10T10:10:34.502920Z[0m [34mDEBUG[0m [2methereum_transaction_pool_monitor::eth_client[0m[2m:[0m 📡 Transaction fetch RPC completed in 5.784917ms
[2m2025-12-10T10:10:34.575066Z[0m [34mDEBUG[0m [2methereum_transaction_pool_monitor::eth_client[0m[2m:[0m ✅ Transaction 0x392a8cc758a05dcb7b2f4e9a51c8cb4c02c389cd2437ab07072f77d780a3d87e fetched and parsed in 77.928959ms
[2m2025-12-10T10:10:34.575094Z[0m [34mDEBUG[0m [2methereum_transaction_pool_monitor::mempool_monitor[0m[2m:[0m 🔍 Skipping tx 0x392a8cc758a05dcb7b2f4e9a51c8cb4c02c389cd2437ab07072f77d780a3d87e - not a DEX interaction (target: 0x43B603D4cdaed3DfA30855c9e354E300094A0A2D)
[2m2025-12-10T10:10:34.575105Z[0m [34mDEBUG[0m [2methereum_transaction_pool_monitor::mempool_monitor[0m[2m:[0m 📨 Processing new pending transaction: 0xfbbfe3b0527259f2f61ce27ecf798c4a0b423c71fa5d10a421ffa2e5f2293711
[2m2025-12-10T10:10:34.575113Z[0m [34mDEBUG[0m [2methereum_transaction_pool_monitor::mempool_monitor[0m[2m:[0m 🔍 Fetching transaction details for: 0xfbbfe3b0527259f2f61ce27ecf798c4a0b423c71fa5d10a421ffa2e5f2293711
[2m2025-12-10T10:10:34.575119Z[0m [34mDEBUG[0m [2methereum_transaction_pool_monitor::eth_client[0m[2m:[0m 🔍 Fetching transaction details for hash: 0xfbbfe3b0527259f2f61ce27ecf798c4a0b423c71fa5d10a421ffa2e5f2293711
[2m2025-12-10T10:10:34.575139Z[0m [34mDEBUG[0m [2mhyper::client::pool[0m[2m:[0m reuse idle connection for ("http", 192.168.0.14:8545)
[2m2025-12-10T10:10:34.575190Z[0m [34mDEBUG[0m [2mhyper::proto::h1::io[0m[2m:[0m flushed 250 bytes
[2m2025-12-10T10:10:34.575211Z[0m [34mDEBUG[0m [2mhyper::proto::h1::io[0m[2m:[0m parsed 4 headers
[2m2025-12-10T10:10:34.575216Z[0m [34mDEBUG[0m [2mhyper::proto::h1::conn[0m[2m:[0m incoming body is content-length (45 bytes)
[2m2025-12-10T10:10:34.575223Z[0m [34mDEBUG[0m [2mhyper::proto::h1::conn[0m[2m:[0m incoming body completed
[2m2025-12-10T10:10:34.575233Z[0m [34mDEBUG[0m [2mhyper::client::pool[0m[2m:[0m pooling idle connection for ("http", 192.168.0.14:8545)
[2m2025-12-10T10:10:34.579693Z[0m [34mDEBUG[0m [2mhyper::proto::h1::io[0m[2m:[0m parsed 4 headers
[2m2025-12-10T10:10:34.579703Z[0m [34mDEBUG[0m [2mhyper::proto::h1::conn[0m[2m:[0m incoming body is content-length (769 bytes)
[2m2025-12-10T10:10:34.579711Z[0m [34mDEBUG[0m [2mhyper::proto::h1::conn[0m[2m:[0m incoming body completed
[2m2025-12-10T10:10:34.579720Z[0m [34mDEBUG[0m [2mhyper::client::pool[0m[2m:[0m pooling idle connection for ("http", 192.168.0.14:8545)
[2m2025-12-10T10:10:34.579729Z[0m [34mDEBUG[0m [2methereum_transaction_pool_monitor::eth_client[0m[2m:[0m 📡 Transaction fetch RPC completed in 4.605ms
[2m2025-12-10T10:10:34.651375Z[0m [34mDEBUG[0m [2methereum_transaction_pool_monitor::eth_client[0m[2m:[0m ✅ Transaction 0xfbbfe3b0527259f2f61ce27ecf798c4a0b423c71fa5d10a421ffa2e5f2293711 fetched and parsed in 76.249084ms
[2m2025-12-10T10:10:34.651404Z[0m [34mDEBUG[0m [2methereum_transaction_pool_monitor::mempool_monitor[0m[2m:[0m 🔍 Skipping tx 0xfbbfe3b0527259f2f61ce27ecf798c4a0b423c71fa5d10a421ffa2e5f2293711 - not a DEX interaction (target: 0x0A638F07ACc6969abF392bB009f216D22aDEa36d)
[2m2025-12-10T10:10:34.651440Z[0m [34mDEBUG[0m [2mhyper::client::pool[0m[2m:[0m reuse idle connection for ("http", 192.168.0.14:8545)
[2m2025-12-10T10:10:34.651488Z[0m [34mDEBUG[0m [2mhyper::proto::h1::io[0m[2m:[0m flushed 172 bytes
[2m2025-12-10T10:10:34.651492Z[0m [34mDEBUG[0m [2methereum_transaction_pool_monitor::eth_client[0m[2m:[0m 📨 Received WebSocket message: {"jsonrpc":"2.0","method":"eth_subscription","params":{"subscription":"0xbed0a0851463e895960a451075a301a9","result":"0x5046a2ea2f0a994a620d1e679e5f0d730ce8c382bacdf31c35c9d69f9ccc4255"}}
[2m2025-12-10T10:10:34.651532Z[0m [34mDEBUG[0m [2methereum_transaction_pool_monitor::eth_client[0m[2m:[0m 📨 Received pending transaction: 0x5046a2ea2f0a994a620d1e679e5f0d730ce8c382bacdf31c35c9d69f9ccc4255
[2m2025-12-10T10:10:34.651542Z[0m [34mDEBUG[0m [2methereum_transaction_pool_monitor::eth_client[0m[2m:[0m 📨 Received WebSocket message: {"jsonrpc":"2.0","method":"eth_subscription","params":{"subscription":"0xbed0a0851463e895960a451075a301a9","result":"0x54354e2c67b3ff8bbc3f3e2b2a5be36e6700fba4d60ec014390b620f9890769d"}}
[2m2025-12-10T10:10:34.651550Z[0m [34mDEBUG[0m [2methereum_transaction_pool_monitor::eth_client[0m[2m:[0m 📨 Received pending transaction: 0x54354e2c67b3ff8bbc3f3e2b2a5be36e6700fba4d60ec014390b620f9890769d
[2m2025-12-10T10:10:34.651558Z[0m [34mDEBUG[0m [2methereum_transaction_pool_monitor::eth_client[0m[2m:[0m 📨 Received WebSocket message: {"jsonrpc":"2.0","method":"eth_subscription","params":{"subscription":"0xbed0a0851463e895960a451075a301a9","result":"0xbf51e25a59c0dc418bc68084e94f149174324acedc0bc0f79edcdfe6a43d7ec3"}}
[2m2025-12-10T10:10:34.651566Z[0m [34mDEBUG[0m [2methereum_transaction_pool_monitor::eth_client[0m[2m:[0m 📨 Received pending transaction: 0xbf51e25a59c0dc418bc68084e94f149174324acedc0bc0f79edcdfe6a43d7ec3
[2m2025-12-10T10:10:34.651571Z[0m [34mDEBUG[0m [2methereum_transaction_pool_monitor::eth_client[0m[2m:[0m 📨 Received WebSocket message: {"jsonrpc":"2.0","method":"eth_subscription","params":{"subscription":"0xbed0a0851463e895960a451075a301a9","result":"0x76db9fa18ee001187b5853b22ee2bab53bd1d49c83b02ca463bd03beeb1c2551"}}
[2m2025-12-10T10:10:34.651578Z[0m [34mDEBUG[0m [2methereum_transaction_pool_monitor::eth_client[0m[2m:[0m 📨 Received pending transaction: 0x76db9fa18ee001187b5853b22ee2bab53bd1d49c83b02ca463bd03beeb1c2551
[2m2025-12-10T10:10:34.651585Z[0m [34mDEBUG[0m [2methereum_transaction_pool_monitor::mempool_monitor[0m[2m:[0m 📨 Processing new pending transaction: 0x5046a2ea2f0a994a620d1e679e5f0d730ce8c382bacdf31c35c9d69f9ccc4255
[2m2025-12-10T10:10:34.651591Z[0m [34mDEBUG[0m [2methereum_transaction_pool_monitor::mempool_monitor[0m[2m:[0m 🔍 Fetching transaction details for: 0x5046a2ea2f0a994a620d1e679e5f0d730ce8c382bacdf31c35c9d69f9ccc4255
[2m2025-12-10T10:10:34.651599Z[0m [34mDEBUG[0m [2methereum_transaction_pool_monitor::eth_client[0m[2m:[0m 🔍 Fetching transaction details for hash: 0x5046a2ea2f0a994a620d1e679e5f0d730ce8c382bacdf31c35c9d69f9ccc4255
[2m2025-12-10T10:10:34.651609Z[0m [34mDEBUG[0m [2mhyper::client::pool[0m[2m:[0m reuse idle connection for ("http", 192.168.0.14:8545)
[2m2025-12-10T10:10:34.651624Z[0m [34mDEBUG[0m [2mhyper::proto::h1::io[0m[2m:[0m flushed 250 bytes
[2m2025-12-10T10:10:34.654468Z[0m [34mDEBUG[0m [2mhyper::proto::h1::io[0m[2m:[0m parsed 4 headers
[2m2025-12-10T10:10:34.654480Z[0m [34mDEBUG[0m [2mhyper::proto::h1::conn[0m[2m:[0m incoming body is content-length (45 bytes)
[2m2025-12-10T10:10:34.654487Z[0m [34mDEBUG[0m [2mhyper::proto::h1::conn[0m[2m:[0m incoming body completed
[2m2025-12-10T10:10:34.654495Z[0m [34mDEBUG[0m [2mhyper::client::pool[0m[2m:[0m pooling idle connection for ("http", 192.168.0.14:8545)
[2m2025-12-10T10:10:34.656230Z[0m [34mDEBUG[0m [2mhyper::proto::h1::io[0m[2m:[0m parsed 4 headers
[2m2025-12-10T10:10:34.656238Z[0m [34mDEBUG[0m [2mhyper::proto::h1::conn[0m[2m:[0m incoming body is content-length (768 bytes)
[2m2025-12-10T10:10:34.656243Z[0m [34mDEBUG[0m [2mhyper::proto::h1::conn[0m[2m:[0m incoming body completed
[2m2025-12-10T10:10:34.656250Z[0m [34mDEBUG[0m [2mhyper::client::pool[0m[2m:[0m pooling idle connection for ("http", 192.168.0.14:8545)
[2m2025-12-10T10:10:34.656256Z[0m [34mDEBUG[0m [2methereum_transaction_pool_monitor::eth_client[0m[2m:[0m 📡 Transaction fetch RPC completed in 4.65275ms
[2m2025-12-10T10:10:34.730313Z[0m [34mDEBUG[0m [2methereum_transaction_pool_monitor::eth_client[0m[2m:[0m ✅ Transaction 0x5046a2ea2f0a994a620d1e679e5f0d730ce8c382bacdf31c35c9d69f9ccc4255 fetched and parsed in 78.70625ms
[2m2025-12-10T10:10:34.730346Z[0m [34mDEBUG[0m [2methereum_transaction_pool_monitor::mempool_monitor[0m[2m:[0m 🔍 Skipping tx 0x5046a2ea2f0a994a620d1e679e5f0d730ce8c382bacdf31c35c9d69f9ccc4255 - not a DEX interaction (target: 0xA0b86991c6218b36c1d19D4a2e9Eb0cE3606eB48)
[2m2025-12-10T10:10:34.730358Z[0m [34mDEBUG[0m [2methereum_transaction_pool_monitor::mempool_monitor[0m[2m:[0m 📨 Processing new pending transaction: 0x54354e2c67b3ff8bbc3f3e2b2a5be36e6700fba4d60ec014390b620f9890769d
[2m2025-12-10T10:10:34.730371Z[0m [34mDEBUG[0m [2methereum_transaction_pool_monitor::mempool_monitor[0m[2m:[0m 🔍 Fetching transaction details for: 0x54354e2c67b3ff8bbc3f3e2b2a5be36e6700fba4d60ec014390b620f9890769d
[2m2025-12-10T10:10:34.730379Z[0m [34mDEBUG[0m [2methereum_transaction_pool_monitor::eth_client[0m[2m:[0m 🔍 Fetching transaction details for hash: 0x54354e2c67b3ff8bbc3f3e2b2a5be36e6700fba4d60ec014390b620f9890769d
[2m2025-12-10T10:10:34.730401Z[0m [34mDEBUG[0m [2mhyper::client::pool[0m[2m:[0m reuse idle connection for ("http", 192.168.0.14:8545)
[2m2025-12-10T10:10:34.730443Z[0m [34mDEBUG[0m [2mhyper::proto::h1::io[0m[2m:[0m flushed 250 bytes
[2m2025-12-10T10:10:34.730466Z[0m [34mDEBUG[0m [2mhyper::client::pool[0m[2m:[0m reuse idle connection for ("http", 192.168.0.14:8545)
[2m2025-12-10T10:10:34.730481Z[0m [34mDEBUG[0m [2mhyper::proto::h1::io[0m[2m:[0m flushed 172 bytes
[2m2025-12-10T10:10:34.730480Z[0m [34mDEBUG[0m [2methereum_transaction_pool_monitor::eth_client[0m[2m:[0m 📨 Received WebSocket message: {"jsonrpc":"2.0","method":"eth_subscription","params":{"subscription":"0xbed0a0851463e895960a451075a301a9","result":"0xe1e7488791a3db21f3dafa8eebaf3aa8bc8332fb431bdd89824f9229294b0c60"}}
[2m2025-12-10T10:10:34.730501Z[0m [34mDEBUG[0m [2methereum_transaction_pool_monitor::eth_client[0m[2m:[0m 📨 Received pending transaction: 0xe1e7488791a3db21f3dafa8eebaf3aa8bc8332fb431bdd89824f9229294b0c60
[2m2025-12-10T10:10:34.730508Z[0m [34mDEBUG[0m [2methereum_transaction_pool_monitor::eth_client[0m[2m:[0m 📨 Received WebSocket message: {"jsonrpc":"2.0","method":"eth_subscription","params":{"subscription":"0xbed0a0851463e895960a451075a301a9","result":"0x8f75762c2b5640f680773d932a353916a1a97d927b3026c4d4f5cba1d1c67a7d"}}
[2m2025-12-10T10:10:34.730515Z[0m [34mDEBUG[0m [2methereum_transaction_pool_monitor::eth_client[0m[2m:[0m 📨 Received pending transaction: 0x8f75762c2b5640f680773d932a353916a1a97d927b3026c4d4f5cba1d1c67a7d
[2m2025-12-10T10:10:34.734401Z[0m [34mDEBUG[0m [2mhyper::proto::h1::io[0m[2m:[0m parsed 4 headers
[2m2025-12-10T10:10:34.734409Z[0m [34mDEBUG[0m [2mhyper::proto::h1::conn[0m[2m:[0m incoming body is content-length (45 bytes)
[2m2025-12-10T10:10:34.734417Z[0m [34mDEBUG[0m [2mhyper::proto::h1::conn[0m[2m:[0m incoming body completed
[2m2025-12-10T10:10:34.734428Z[0m [34mDEBUG[0m [2mhyper::client::pool[0m[2m:[0m pooling idle connection for ("http", 192.168.0.14:8545)
[2m2025-12-10T10:10:34.734449Z[0m [34mDEBUG[0m [2mhyper::proto::h1::io[0m[2m:[0m parsed 4 headers
[2m2025-12-10T10:10:34.734454Z[0m [34mDEBUG[0m [2mhyper::proto::h1::conn[0m[2m:[0m incoming body is content-length (766 bytes)
[2m2025-12-10T10:10:34.734460Z[0m [34mDEBUG[0m [2mhyper::proto::h1::conn[0m[2m:[0m incoming body completed
[2m2025-12-10T10:10:34.734466Z[0m [34mDEBUG[0m [2mhyper::client::pool[0m[2m:[0m pooling idle connection for ("http", 192.168.0.14:8545)
[2m2025-12-10T10:10:34.734473Z[0m [34mDEBUG[0m [2methereum_transaction_pool_monitor::eth_client[0m[2m:[0m 📡 Transaction fetch RPC completed in 4.0875ms
[2m2025-12-10T10:10:34.734487Z[0m [34mDEBUG[0m [2methereum_transaction_pool_monitor::eth_client[0m[2m:[0m DeFi transaction detected - Address: 0xdac17f958d2ee523a2206206994597c13d831ec7, Type: Stablecoin, Value: 0 ETH, Gas: 0.19 Gwei
[2m2025-12-10T10:10:34.734503Z[0m [34mDEBUG[0m [2methereum_transaction_pool_monitor::eth_client[0m[2m:[0m ✅ Transaction 0x54354e2c67b3ff8bbc3f3e2b2a5be36e6700fba4d60ec014390b620f9890769d fetched and parsed in 4.116958ms
[2m2025-12-10T10:10:34.734509Z[0m [34mDEBUG[0m [2methereum_transaction_pool_monitor::mempool_monitor[0m[2m:[0m 🔍 Skipping tx 0x54354e2c67b3ff8bbc3f3e2b2a5be36e6700fba4d60ec014390b620f9890769d - not a DEX interaction (target: 0xdAC17F958D2ee523a2206206994597C13D831ec7)
[2m2025-12-10T10:10:34.734516Z[0m [34mDEBUG[0m [2methereum_transaction_pool_monitor::mempool_monitor[0m[2m:[0m 📨 Processing new pending transaction: 0xbf51e25a59c0dc418bc68084e94f149174324acedc0bc0f79edcdfe6a43d7ec3
[2m2025-12-10T10:10:34.734521Z[0m [34mDEBUG[0m [2methereum_transaction_pool_monitor::mempool_monitor[0m[2m:[0m 🔍 Fetching transaction details for: 0xbf51e25a59c0dc418bc68084e94f149174324acedc0bc0f79edcdfe6a43d7ec3
[2m2025-12-10T10:10:34.734525Z[0m [34mDEBUG[0m [2methereum_transaction_pool_monitor::eth_client[0m[2m:[0m 🔍 Fetching transaction details for hash: 0xbf51e25a59c0dc418bc68084e94f149174324acedc0bc0f79edcdfe6a43d7ec3
[2m2025-12-10T10:10:34.734534Z[0m [34mDEBUG[0m [2mhyper::client::pool[0m[2m:[0m reuse idle connection for ("http", 192.168.0.14:8545)
[2m2025-12-10T10:10:34.734551Z[0m [34mDEBUG[0m [2mhyper::proto::h1::io[0m[2m:[0m flushed 250 bytes
[2m2025-12-10T10:10:34.738627Z[0m [34mDEBUG[0m [2mhyper::proto::h1::io[0m[2m:[0m parsed 4 headers
[2m2025-12-10T10:10:34.738636Z[0m [34mDEBUG[0m [2mhyper::proto::h1::conn[0m[2m:[0m incoming body is content-length (647 bytes)
[2m2025-12-10T10:10:34.738644Z[0m [34mDEBUG[0m [2mhyper::proto::h1::conn[0m[2m:[0m incoming body completed
[2m2025-12-10T10:10:34.738651Z[0m [34mDEBUG[0m [2mhyper::client::pool[0m[2m:[0m pooling idle connection for ("http", 192.168.0.14:8545)
[2m2025-12-10T10:10:34.738656Z[0m [34mDEBUG[0m [2methereum_transaction_pool_monitor::eth_client[0m[2m:[0m 📡 Transaction fetch RPC completed in 4.127083ms
[2m2025-12-10T10:10:34.810410Z[0m [34mDEBUG[0m [2methereum_transaction_pool_monitor::eth_client[0m[2m:[0m ✅ Transaction 0xbf51e25a59c0dc418bc68084e94f149174324acedc0bc0f79edcdfe6a43d7ec3 fetched and parsed in 75.878167ms
[2m2025-12-10T10:10:34.810437Z[0m [34mDEBUG[0m [2methereum_transaction_pool_monitor::mempool_monitor[0m[2m:[0m 🔍 Skipping tx 0xbf51e25a59c0dc418bc68084e94f149174324acedc0bc0f79edcdfe6a43d7ec3 - not a DEX interaction (target: 0x028eA05D10685B5A4B405e9aC1c9bCbd36871eB6)
[2m2025-12-10T10:10:34.810448Z[0m [34mDEBUG[0m [2methereum_transaction_pool_monitor::mempool_monitor[0m[2m:[0m 📨 Processing new pending transaction: 0x76db9fa18ee001187b5853b22ee2bab53bd1d49c83b02ca463bd03beeb1c2551
[2m2025-12-10T10:10:34.810455Z[0m [34mDEBUG[0m [2methereum_transaction_pool_monitor::mempool_monitor[0m[2m:[0m 🔍 Fetching transaction details for: 0x76db9fa18ee001187b5853b22ee2bab53bd1d49c83b02ca463bd03beeb1c2551
[2m2025-12-10T10:10:34.810461Z[0m [34mDEBUG[0m [2methereum_transaction_pool_monitor::eth_client[0m[2m:[0m 🔍 Fetching transaction details for hash: 0x76db9fa18ee001187b5853b22ee2bab53bd1d49c83b02ca463bd03beeb1c2551
[2m2025-12-10T10:10:34.810484Z[0m [34mDEBUG[0m [2mhyper::client::pool[0m[2m:[0m reuse idle connection for ("http", 192.168.0.14:8545)
[2m2025-12-10T10:10:34.810523Z[0m [34mDEBUG[0m [2mhyper::proto::h1::io[0m[2m:[0m flushed 250 bytes
[2m2025-12-10T10:10:34.810552Z[0m [34mDEBUG[0m [2mhyper::client::pool[0m[2m:[0m reuse idle connection for ("http", 192.168.0.14:8545)
[2m2025-12-10T10:10:34.810568Z[0m [34mDEBUG[0m [2mhyper::proto::h1::io[0m[2m:[0m flushed 172 bytes
[2m2025-12-10T10:10:34.815126Z[0m [34mDEBUG[0m [2mhyper::proto::h1::io[0m[2m:[0m parsed 4 headers
[2m2025-12-10T10:10:34.815136Z[0m [34mDEBUG[0m [2mhyper::proto::h1::conn[0m[2m:[0m incoming body is content-length (770 bytes)
[2m2025-12-10T10:10:34.815144Z[0m [34mDEBUG[0m [2mhyper::proto::h1::conn[0m[2m:[0m incoming body completed
[2m2025-12-10T10:10:34.815153Z[0m [34mDEBUG[0m [2mhyper::client::pool[0m[2m:[0m pooling idle connection for ("http", 192.168.0.14:8545)
[2m2025-12-10T10:10:34.815160Z[0m [34mDEBUG[0m [2methereum_transaction_pool_monitor::eth_client[0m[2m:[0m 📡 Transaction fetch RPC completed in 4.691584ms
[2m2025-12-10T10:10:34.886499Z[0m [34mDEBUG[0m [2methereum_transaction_pool_monitor::eth_client[0m[2m:[0m ✅ Transaction 0x76db9fa18ee001187b5853b22ee2bab53bd1d49c83b02ca463bd03beeb1c2551 fetched and parsed in 76.028792ms
[2m2025-12-10T10:10:34.886528Z[0m [34mDEBUG[0m [2methereum_transaction_pool_monitor::mempool_monitor[0m[2m:[0m 🔍 Skipping tx 0x76db9fa18ee001187b5853b22ee2bab53bd1d49c83b02ca463bd03beeb1c2551 - not a DEX interaction (target: 0x32a7C02e79c4ea1008dD6564b35F131428673c41)
[2m2025-12-10T10:10:34.886539Z[0m [34mDEBUG[0m [2methereum_transaction_pool_monitor::mempool_monitor[0m[2m:[0m 📨 Processing new pending transaction: 0xe1e7488791a3db21f3dafa8eebaf3aa8bc8332fb431bdd89824f9229294b0c60
[2m2025-12-10T10:10:34.886550Z[0m [34mDEBUG[0m [2methereum_transaction_pool_monitor::mempool_monitor[0m[2m:[0m 🔍 Fetching transaction details for: 0xe1e7488791a3db21f3dafa8eebaf3aa8bc8332fb431bdd89824f9229294b0c60
[2m2025-12-10T10:10:34.886562Z[0m [34mDEBUG[0m [2methereum_transaction_pool_monitor::eth_client[0m[2m:[0m 🔍 Fetching transaction details for hash: 0xe1e7488791a3db21f3dafa8eebaf3aa8bc8332fb431bdd89824f9229294b0c60
[2m2025-12-10T10:10:34.886582Z[0m [34mDEBUG[0m [2mhyper::client::pool[0m[2m:[0m reuse idle connection for ("http", 192.168.0.14:8545)
[2m2025-12-10T10:10:34.886627Z[0m [34mDEBUG[0m [2mhyper::proto::h1::io[0m[2m:[0m flushed 250 bytes
[2m2025-12-10T10:10:34.886652Z[0m [34mDEBUG[0m [2methereum_transaction_pool_monitor::eth_client[0m[2m:[0m 📨 Received WebSocket message: {"jsonrpc":"2.0","method":"eth_subscription","params":{"subscription":"0xbed0a0851463e895960a451075a301a9","result":"0x8ef6f8297348d0faf3866498e3475e6083dde792e88edf824fa70fdac26cfaf0"}}
[2m2025-12-10T10:10:34.886657Z[0m [34mDEBUG[0m [2mhyper::proto::h1::io[0m[2m:[0m parsed 4 headers
[2m2025-12-10T10:10:34.886668Z[0m [34mDEBUG[0m [2mhyper::proto::h1::conn[0m[2m:[0m incoming body is content-length (45 bytes)
[2m2025-12-10T10:10:34.886678Z[0m [34mDEBUG[0m [2mhyper::proto::h1::conn[0m[2m:[0m incoming body completed
[2m2025-12-10T10:10:34.886687Z[0m [34mDEBUG[0m [2mhyper::client::pool[0m[2m:[0m pooling idle connection for ("http", 192.168.0.14:8545)
[2m2025-12-10T10:10:34.886659Z[0m [34mDEBUG[0m [2methereum_transaction_pool_monitor::eth_client[0m[2m:[0m 📨 Received pending transaction: 0x8ef6f8297348d0faf3866498e3475e6083dde792e88edf824fa70fdac26cfaf0
[2m2025-12-10T10:10:34.891307Z[0m [34mDEBUG[0m [2mhyper::proto::h1::io[0m[2m:[0m parsed 4 headers
[2m2025-12-10T10:10:34.891340Z[0m [34mDEBUG[0m [2mhyper::proto::h1::conn[0m[2m:[0m incoming body is content-length (766 bytes)
[2m2025-12-10T10:10:34.891361Z[0m [34mDEBUG[0m [2mhyper::proto::h1::conn[0m[2m:[0m incoming body completed
[2m2025-12-10T10:10:34.891369Z[0m [34mDEBUG[0m [2mhyper::client::pool[0m[2m:[0m pooling idle connection for ("http", 192.168.0.14:8545)
[2m2025-12-10T10:10:34.891375Z[0m [34mDEBUG[0m [2methereum_transaction_pool_monitor::eth_client[0m[2m:[0m 📡 Transaction fetch RPC completed in 4.80675ms
[2m2025-12-10T10:10:34.891399Z[0m [34mDEBUG[0m [2methereum_transaction_pool_monitor::eth_client[0m[2m:[0m DeFi transaction detected - Address: 0xdac17f958d2ee523a2206206994597c13d831ec7, Type: Stablecoin, Value: 0 ETH, Gas: 0.19 Gwei
[2m2025-12-10T10:10:34.891413Z[0m [34mDEBUG[0m [2methereum_transaction_pool_monitor::eth_client[0m[2m:[0m ✅ Transaction 0xe1e7488791a3db21f3dafa8eebaf3aa8bc8332fb431bdd89824f9229294b0c60 fetched and parsed in 4.845292ms
[2m2025-12-10T10:10:34.891421Z[0m [34mDEBUG[0m [2methereum_transaction_pool_monitor::mempool_monitor[0m[2m:[0m 🔍 Skipping tx 0xe1e7488791a3db21f3dafa8eebaf3aa8bc8332fb431bdd89824f9229294b0c60 - not a DEX interaction (target: 0xdAC17F958D2ee523a2206206994597C13D831ec7)
[2m2025-12-10T10:10:34.891429Z[0m [34mDEBUG[0m [2methereum_transaction_pool_monitor::mempool_monitor[0m[2m:[0m 📨 Processing new pending transaction: 0x8f75762c2b5640f680773d932a353916a1a97d927b3026c4d4f5cba1d1c67a7d
[2m2025-12-10T10:10:34.891433Z[0m [34mDEBUG[0m [2methereum_transaction_pool_monitor::mempool_monitor[0m[2m:[0m 🔍 Fetching transaction details for: 0x8f75762c2b5640f680773d932a353916a1a97d927b3026c4d4f5cba1d1c67a7d
[2m2025-12-10T10:10:34.891436Z[0m [34mDEBUG[0m [2methereum_transaction_pool_monitor::eth_client[0m[2m:[0m 🔍 Fetching transaction details for hash: 0x8f75762c2b5640f680773d932a353916a1a97d927b3026c4d4f5cba1d1c67a7d
[2m2025-12-10T10:10:34.891447Z[0m [34mDEBUG[0m [2mhyper::client::pool[0m[2m:[0m reuse idle connection for ("http", 192.168.0.14:8545)
[2m2025-12-10T10:10:34.891468Z[0m [34mDEBUG[0m [2mhyper::proto::h1::io[0m[2m:[0m flushed 250 bytes
[2m2025-12-10T10:10:34.897770Z[0m [34mDEBUG[0m [2mhyper::client::pool[0m[2m:[0m reuse idle connection for ("http", 192.168.0.14:8545)
[2m2025-12-10T10:10:34.897823Z[0m [34mDEBUG[0m [2mhyper::proto::h1::io[0m[2m:[0m flushed 172 bytes
[2m2025-12-10T10:10:34.898032Z[0m [34mDEBUG[0m [2mhyper::proto::h1::io[0m[2m:[0m parsed 4 headers
[2m2025-12-10T10:10:34.898038Z[0m [34mDEBUG[0m [2mhyper::proto::h1::conn[0m[2m:[0m incoming body is content-length (830 bytes)
[2m2025-12-10T10:10:34.898042Z[0m [34mDEBUG[0m [2mhyper::proto::h1::conn[0m[2m:[0m incoming body completed
[2m2025-12-10T10:10:34.898048Z[0m [34mDEBUG[0m [2mhyper::client::pool[0m[2m:[0m pooling idle connection for ("http", 192.168.0.14:8545)
[2m2025-12-10T10:10:34.898052Z[0m [34mDEBUG[0m [2methereum_transaction_pool_monitor::eth_client[0m[2m:[0m 📡 Transaction fetch RPC completed in 6.612292ms
[2m2025-12-10T10:10:34.969989Z[0m [34mDEBUG[0m [2methereum_transaction_pool_monitor::eth_client[0m[2m:[0m ✅ Transaction 0x8f75762c2b5640f680773d932a353916a1a97d927b3026c4d4f5cba1d1c67a7d fetched and parsed in 78.546875ms
[2m2025-12-10T10:10:34.970015Z[0m [34mDEBUG[0m [2methereum_transaction_pool_monitor::mempool_monitor[0m[2m:[0m 🔍 Skipping tx 0x8f75762c2b5640f680773d932a353916a1a97d927b3026c4d4f5cba1d1c67a7d - not a DEX interaction (target: 0x3B4D794a66304F130a4Db8F2551B0070dfCf5ca7)
[2m2025-12-10T10:10:34.970025Z[0m [34mDEBUG[0m [2methereum_transaction_pool_monitor::mempool_monitor[0m[2m:[0m 📨 Processing new pending transaction: 0x8ef6f8297348d0faf3866498e3475e6083dde792e88edf824fa70fdac26cfaf0
[2m2025-12-10T10:10:34.970032Z[0m [34mDEBUG[0m [2methereum_transaction_pool_monitor::mempool_monitor[0m[2m:[0m 🔍 Fetching transaction details for: 0x8ef6f8297348d0faf3866498e3475e6083dde792e88edf824fa70fdac26cfaf0
[2m2025-12-10T10:10:34.970039Z[0m [34mDEBUG[0m [2methereum_transaction_pool_monitor::eth_client[0m[2m:[0m 🔍 Fetching transaction details for hash: 0x8ef6f8297348d0faf3866498e3475e6083dde792e88edf824fa70fdac26cfaf0
[2m2025-12-10T10:10:34.970055Z[0m [34mDEBUG[0m [2mhyper::client::pool[0m[2m:[0m reuse idle connection for ("http", 192.168.0.14:8545)
[2m2025-12-10T10:10:34.970099Z[0m [34mDEBUG[0m [2mhyper::proto::h1::io[0m[2m:[0m flushed 250 bytes
[2m2025-12-10T10:10:34.970120Z[0m [34mDEBUG[0m [2mhyper::proto::h1::io[0m[2m:[0m parsed 4 headers
[2m2025-12-10T10:10:34.970125Z[0m [34mDEBUG[0m [2mhyper::proto::h1::conn[0m[2m:[0m incoming body is content-length (45 bytes)
[2m2025-12-10T10:10:34.970130Z[0m [34mDEBUG[0m [2methereum_transaction_pool_monitor::eth_client[0m[2m:[0m 📨 Received WebSocket message: {"jsonrpc":"2.0","method":"eth_subscription","params":{"subscription":"0xbed0a0851463e895960a451075a301a9","result":"0xa573266d74125140754a852fb0f3bcfcc48235fba9ce1dba515e90f1d3946165"}}
[2m2025-12-10T10:10:34.970133Z[0m [34mDEBUG[0m [2mhyper::proto::h1::conn[0m[2m:[0m incoming body completed
[2m2025-12-10T10:10:34.970143Z[0m [34mDEBUG[0m [2methereum_transaction_pool_monitor::eth_client[0m[2m:[0m 📨 Received pending transaction: 0xa573266d74125140754a852fb0f3bcfcc48235fba9ce1dba515e90f1d3946165
[2m2025-12-10T10:10:34.970156Z[0m [34mDEBUG[0m [2mhyper::client::pool[0m[2m:[0m pooling idle connection for ("http", 192.168.0.14:8545)
[2m2025-12-10T10:10:34.970164Z[0m [34mDEBUG[0m [2methereum_transaction_pool_monitor::eth_client[0m[2m:[0m 📨 Received WebSocket message: {"jsonrpc":"2.0","method":"eth_subscription","params":{"subscription":"0xbed0a0851463e895960a451075a301a9","result":"0xc91ee5385bd0a37852376ae2b51e3dd8085877f99a71b7f219904400c49fc8e9"}}
[2m2025-12-10T10:10:34.970172Z[0m [34mDEBUG[0m [2methereum_transaction_pool_monitor::eth_client[0m[2m:[0m 📨 Received pending transaction: 0xc91ee5385bd0a37852376ae2b51e3dd8085877f99a71b7f219904400c49fc8e9
[2m2025-12-10T10:10:34.970177Z[0m [34mDEBUG[0m [2methereum_transaction_pool_monitor::eth_client[0m[2m:[0m 📨 Received WebSocket message: {"jsonrpc":"2.0","method":"eth_subscription","params":{"subscription":"0xbed0a0851463e895960a451075a301a9","result":"0x24c7666421cd9c38fca3579c53f974966c4e357c17c830a546bdd2f6acdf0808"}}
[2m2025-12-10T10:10:34.970183Z[0m [34mDEBUG[0m [2methereum_transaction_pool_monitor::eth_client[0m[2m:[0m 📨 Received pending transaction: 0x24c7666421cd9c38fca3579c53f974966c4e357c17c830a546bdd2f6acdf0808
[2m2025-12-10T10:10:34.973650Z[0m [34mDEBUG[0m [2mhyper::proto::h1::io[0m[2m:[0m parsed 4 headers
[2m2025-12-10T10:10:34.973671Z[0m [34mDEBUG[0m [2mhyper::proto::h1::conn[0m[2m:[0m incoming body is content-length (771 bytes)
[2m2025-12-10T10:10:34.973689Z[0m [34mDEBUG[0m [2mhyper::proto::h1::conn[0m[2m:[0m incoming body completed
[2m2025-12-10T10:10:34.973709Z[0m [34mDEBUG[0m [2mhyper::client::pool[0m[2m:[0m pooling idle connection for ("http", 192.168.0.14:8545)
[2m2025-12-10T10:10:34.973713Z[0m [34mDEBUG[0m [2methereum_transaction_pool_monitor::eth_client[0m[2m:[0m 📡 Transaction fetch RPC completed in 3.670458ms
[2m2025-12-10T10:10:35.045779Z[0m [34mDEBUG[0m [2methereum_transaction_pool_monitor::eth_client[0m[2m:[0m ✅ Transaction 0x8ef6f8297348d0faf3866498e3475e6083dde792e88edf824fa70fdac26cfaf0 fetched and parsed in 75.73275ms
[2m2025-12-10T10:10:35.045805Z[0m [34mDEBUG[0m [2methereum_transaction_pool_monitor::mempool_monitor[0m[2m:[0m 🔍 Skipping tx 0x8ef6f8297348d0faf3866498e3475e6083dde792e88edf824fa70fdac26cfaf0 - not a DEX interaction (target: 0xA0b86991c6218b36c1d19D4a2e9Eb0cE3606eB48)
[2m2025-12-10T10:10:35.045816Z[0m [34mDEBUG[0m [2methereum_transaction_pool_monitor::mempool_monitor[0m[2m:[0m 📨 Processing new pending transaction: 0xa573266d74125140754a852fb0f3bcfcc48235fba9ce1dba515e90f1d3946165
[2m2025-12-10T10:10:35.045823Z[0m [34mDEBUG[0m [2methereum_transaction_pool_monitor::mempool_monitor[0m[2m:[0m 🔍 Fetching transaction details for: 0xa573266d74125140754a852fb0f3bcfcc48235fba9ce1dba515e90f1d3946165
[2m2025-12-10T10:10:35.045829Z[0m [34mDEBUG[0m [2methereum_transaction_pool_monitor::eth_client[0m[2m:[0m 🔍 Fetching transaction details for hash: 0xa573266d74125140754a852fb0f3bcfcc48235fba9ce1dba515e90f1d3946165
[2m2025-12-10T10:10:35.045848Z[0m [34mDEBUG[0m [2mhyper::client::pool[0m[2m:[0m reuse idle connection for ("http", 192.168.0.14:8545)
[2m2025-12-10T10:10:35.045887Z[0m [34mDEBUG[0m [2mhyper::proto::h1::io[0m[2m:[0m flushed 250 bytes
[2m2025-12-10T10:10:35.045907Z[0m [34mDEBUG[0m [2mhyper::client::pool[0m[2m:[0m reuse idle connection for ("http", 192.168.0.14:8545)
[2m2025-12-10T10:10:35.045916Z[0m [34mDEBUG[0m [2methereum_transaction_pool_monitor::eth_client[0m[2m:[0m 📨 Received WebSocket message: {"jsonrpc":"2.0","method":"eth_subscription","params":{"subscription":"0xbed0a0851463e895960a451075a301a9","result":"0xb4b53ea032819808020ff9e5a4465e08356c208e7f0dbd0cc991c6c77b9cd13e"}}
[2m2025-12-10T10:10:35.045921Z[0m [34mDEBUG[0m [2mhyper::proto::h1::io[0m[2m:[0m flushed 172 bytes
[2m2025-12-10T10:10:35.045928Z[0m [34mDEBUG[0m [2methereum_transaction_pool_monitor::eth_client[0m[2m:[0m 📨 Received pending transaction: 0xb4b53ea032819808020ff9e5a4465e08356c208e7f0dbd0cc991c6c77b9cd13e
[2m2025-12-10T10:10:35.045936Z[0m [34mDEBUG[0m [2methereum_transaction_pool_monitor::eth_client[0m[2m:[0m 📨 Received WebSocket message: {"jsonrpc":"2.0","method":"eth_subscription","params":{"subscription":"0xbed0a0851463e895960a451075a301a9","result":"0x1a8bec417aa4ecc14c889161b5e4abac0a655739bc22b75a2c4f26563f890982"}}
[2m2025-12-10T10:10:35.045944Z[0m [34mDEBUG[0m [2methereum_transaction_pool_monitor::eth_client[0m[2m:[0m 📨 Received pending transaction: 0x1a8bec417aa4ecc14c889161b5e4abac0a655739bc22b75a2c4f26563f890982
[2m2025-12-10T10:10:35.055999Z[0m [34mDEBUG[0m [2mhyper::proto::h1::io[0m[2m:[0m parsed 4 headers
[2m2025-12-10T10:10:35.056034Z[0m [34mDEBUG[0m [2mhyper::proto::h1::conn[0m[2m:[0m incoming body is content-length (1218 bytes)
[2m2025-12-10T10:10:35.056047Z[0m [34mDEBUG[0m [2mhyper::proto::h1::conn[0m[2m:[0m incoming body completed
[2m2025-12-10T10:10:35.056068Z[0m [34mDEBUG[0m [2mhyper::client::pool[0m[2m:[0m pooling idle connection for ("http", 192.168.0.14:8545)
[2m2025-12-10T10:10:35.056076Z[0m [34mDEBUG[0m [2methereum_transaction_pool_monitor::eth_client[0m[2m:[0m 📡 Transaction fetch RPC completed in 10.242917ms
[2m2025-12-10T10:10:35.126974Z[0m [34mDEBUG[0m [2methereum_transaction_pool_monitor::eth_client[0m[2m:[0m ✅ Transaction 0xa573266d74125140754a852fb0f3bcfcc48235fba9ce1dba515e90f1d3946165 fetched and parsed in 81.138875ms
[2m2025-12-10T10:10:35.127003Z[0m [34mDEBUG[0m [2methereum_transaction_pool_monitor::mempool_monitor[0m[2m:[0m 🔍 Skipping tx 0xa573266d74125140754a852fb0f3bcfcc48235fba9ce1dba515e90f1d3946165 - not a DEX interaction (target: 0xF6801D319497789f934ec7F83E142a9536312B08)
[2m2025-12-10T10:10:35.127013Z[0m [34mDEBUG[0m [2methereum_transaction_pool_monitor::mempool_monitor[0m[2m:[0m 📨 Processing new pending transaction: 0xc91ee5385bd0a37852376ae2b51e3dd8085877f99a71b7f219904400c49fc8e9
[2m2025-12-10T10:10:35.127019Z[0m [34mDEBUG[0m [2methereum_transaction_pool_monitor::mempool_monitor[0m[2m:[0m 🔍 Fetching transaction details for: 0xc91ee5385bd0a37852376ae2b51e3dd8085877f99a71b7f219904400c49fc8e9
[2m2025-12-10T10:10:35.127026Z[0m [34mDEBUG[0m [2methereum_transaction_pool_monitor::eth_client[0m[2m:[0m 🔍 Fetching transaction details for hash: 0xc91ee5385bd0a37852376ae2b51e3dd8085877f99a71b7f219904400c49fc8e9
[2m2025-12-10T10:10:35.127042Z[0m [34mDEBUG[0m [2mhyper::client::pool[0m[2m:[0m reuse idle connection for ("http", 192.168.0.14:8545)
[2m2025-12-10T10:10:35.127081Z[0m [34mDEBUG[0m [2mhyper::proto::h1::io[0m[2m:[0m flushed 250 bytes
[2m2025-12-10T10:10:35.127105Z[0m [34mDEBUG[0m [2methereum_transaction_pool_monitor::eth_client[0m[2m:[0m 📨 Received WebSocket message: {"jsonrpc":"2.0","method":"eth_subscription","params":{"subscription":"0xbed0a0851463e895960a451075a301a9","result":"0xabcaaea42c166862d870d44467e79fffa2c2d926370c13cc3dfd0775da932b5f"}}
[2m2025-12-10T10:10:35.127111Z[0m [34mDEBUG[0m [2mhyper::proto::h1::io[0m[2m:[0m parsed 4 headers
[2m2025-12-10T10:10:35.127116Z[0m [34mDEBUG[0m [2methereum_transaction_pool_monitor::eth_client[0m[2m:[0m 📨 Received pending transaction: 0xabcaaea42c166862d870d44467e79fffa2c2d926370c13cc3dfd0775da932b5f
[2m2025-12-10T10:10:35.127120Z[0m [34mDEBUG[0m [2mhyper::proto::h1::conn[0m[2m:[0m incoming body is content-length (45 bytes)
[2m2025-12-10T10:10:35.127123Z[0m [34mDEBUG[0m [2methereum_transaction_pool_monitor::eth_client[0m[2m:[0m 📨 Received WebSocket message: {"jsonrpc":"2.0","method":"eth_subscription","params":{"subscription":"0xbed0a0851463e895960a451075a301a9","result":"0x465dcbceb2d52d2ebb62607825bfed3b81803302bb8b3f72e54d8f7b6e2de775"}}
[2m2025-12-10T10:10:35.127133Z[0m [34mDEBUG[0m [2mhyper::proto::h1::conn[0m[2m:[0m incoming body completed
[2m2025-12-10T10:10:35.127177Z[0m [34mDEBUG[0m [2methereum_transaction_pool_monitor::eth_client[0m[2m:[0m 📨 Received pending transaction: 0x465dcbceb2d52d2ebb62607825bfed3b81803302bb8b3f72e54d8f7b6e2de775
[2m2025-12-10T10:10:35.127184Z[0m [34mDEBUG[0m [2mhyper::client::pool[0m[2m:[0m pooling idle connection for ("http", 192.168.0.14:8545)
[2m2025-12-10T10:10:35.127184Z[0m [34mDEBUG[0m [2methereum_transaction_pool_monitor::eth_client[0m[2m:[0m 📨 Received WebSocket message: {"jsonrpc":"2.0","method":"eth_subscription","params":{"subscription":"0xbed0a0851463e895960a451075a301a9","result":"0xe8f5dbb0219c7027e732fa2fe7784c46e5b0dde690e6ec615e2a1238ed7d3640"}}
[2m2025-12-10T10:10:35.127196Z[0m [34mDEBUG[0m [2methereum_transaction_pool_monitor::eth_client[0m[2m:[0m 📨 Received pending transaction: 0xe8f5dbb0219c7027e732fa2fe7784c46e5b0dde690e6ec615e2a1238ed7d3640
[2m2025-12-10T10:10:35.127201Z[0m [34mDEBUG[0m [2methereum_transaction_pool_monitor::eth_client[0m[2m:[0m 📨 Received WebSocket message: {"jsonrpc":"2.0","method":"eth_subscription","params":{"subscription":"0xbed0a0851463e895960a451075a301a9","result":"0x43bc802d6b6db3287c56c207cc3402eb0f80ee47156d6f80be29f4fcfa1120e4"}}
[2m2025-12-10T10:10:35.127202Z[0m [34mDEBUG[0m [2mhyper::client::pool[0m[2m:[0m reuse idle connection for ("http", 192.168.0.14:8545)
[2m2025-12-10T10:10:35.127209Z[0m [34mDEBUG[0m [2methereum_transaction_pool_monitor::eth_client[0m[2m:[0m 📨 Received pending transaction: 0x43bc802d6b6db3287c56c207cc3402eb0f80ee47156d6f80be29f4fcfa1120e4
[2m2025-12-10T10:10:35.127229Z[0m [34mDEBUG[0m [2mhyper::proto::h1::io[0m[2m:[0m flushed 172 bytes
[2m2025-12-10T10:10:35.131550Z[0m [34mDEBUG[0m [2mhyper::proto::h1::io[0m[2m:[0m parsed 4 headers
[2m2025-12-10T10:10:35.131556Z[0m [34mDEBUG[0m [2mhyper::proto::h1::conn[0m[2m:[0m incoming body is content-length (766 bytes)
[2m2025-12-10T10:10:35.131562Z[0m [34mDEBUG[0m [2mhyper::proto::h1::conn[0m[2m:[0m incoming body completed
[2m2025-12-10T10:10:35.131567Z[0m [34mDEBUG[0m [2mhyper::client::pool[0m[2m:[0m pooling idle connection for ("http", 192.168.0.14:8545)
[2m2025-12-10T10:10:35.131572Z[0m [34mDEBUG[0m [2methereum_transaction_pool_monitor::eth_client[0m[2m:[0m 📡 Transaction fetch RPC completed in 4.541667ms
[2m2025-12-10T10:10:35.202180Z[0m [34mDEBUG[0m [2methereum_transaction_pool_monitor::eth_client[0m[2m:[0m ✅ Transaction 0xc91ee5385bd0a37852376ae2b51e3dd8085877f99a71b7f219904400c49fc8e9 fetched and parsed in 75.147084ms
[2m2025-12-10T10:10:35.202207Z[0m [34mDEBUG[0m [2methereum_transaction_pool_monitor::mempool_monitor[0m[2m:[0m 🔍 Skipping tx 0xc91ee5385bd0a37852376ae2b51e3dd8085877f99a71b7f219904400c49fc8e9 - not a DEX interaction (target: 0xA0b86991c6218b36c1d19D4a2e9Eb0cE3606eB48)
[2m2025-12-10T10:10:35.202218Z[0m [34mDEBUG[0m [2methereum_transaction_pool_monitor::mempool_monitor[0m[2m:[0m 📨 Processing new pending transaction: 0x24c7666421cd9c38fca3579c53f974966c4e357c17c830a546bdd2f6acdf0808
[2m2025-12-10T10:10:35.202225Z[0m [34mDEBUG[0m [2methereum_transaction_pool_monitor::mempool_monitor[0m[2m:[0m 🔍 Fetching transaction details for: 0x24c7666421cd9c38fca3579c53f974966c4e357c17c830a546bdd2f6acdf0808
[2m2025-12-10T10:10:35.202230Z[0m [34mDEBUG[0m [2methereum_transaction_pool_monitor::eth_client[0m[2m:[0m 🔍 Fetching transaction details for hash: 0x24c7666421cd9c38fca3579c53f974966c4e357c17c830a546bdd2f6acdf0808
[2m2025-12-10T10:10:35.202251Z[0m [34mDEBUG[0m [2mhyper::client::pool[0m[2m:[0m reuse idle connection for ("http", 192.168.0.14:8545)
[2m2025-12-10T10:10:35.202290Z[0m [34mDEBUG[0m [2mhyper::proto::h1::io[0m[2m:[0m flushed 250 bytes
[2m2025-12-10T10:10:35.202330Z[0m [34mDEBUG[0m [2mhyper::proto::h1::io[0m[2m:[0m parsed 4 headers
[2m2025-12-10T10:10:35.202329Z[0m [34mDEBUG[0m [2methereum_transaction_pool_monitor::eth_client[0m[2m:[0m 📨 Received WebSocket message: {"jsonrpc":"2.0","method":"eth_subscription","params":{"subscription":"0xbed0a0851463e895960a451075a301a9","result":"0x334f5046d0d3c6250873f2a320bd0f415d6068a6454c9404d26a4ca69f56076b"}}
[2m2025-12-10T10:10:35.202339Z[0m [34mDEBUG[0m [2mhyper::proto::h1::conn[0m[2m:[0m incoming body is content-length (45 bytes)
[2m2025-12-10T10:10:35.202349Z[0m [34mDEBUG[0m [2methereum_transaction_pool_monitor::eth_client[0m[2m:[0m 📨 Received pending transaction: 0x334f5046d0d3c6250873f2a320bd0f415d6068a6454c9404d26a4ca69f56076b
[2m2025-12-10T10:10:35.202356Z[0m [34mDEBUG[0m [2mhyper::proto::h1::conn[0m[2m:[0m incoming body completed
[2m2025-12-10T10:10:35.202367Z[0m [34mDEBUG[0m [2mhyper::client::pool[0m[2m:[0m pooling idle connection for ("http", 192.168.0.14:8545)
[2m2025-12-10T10:10:35.202383Z[0m [34mDEBUG[0m [2mhyper::client::pool[0m[2m:[0m reuse idle connection for ("http", 192.168.0.14:8545)
[2m2025-12-10T10:10:35.202399Z[0m [34mDEBUG[0m [2mhyper::proto::h1::io[0m[2m:[0m flushed 172 bytes
[2m2025-12-10T10:10:35.209762Z[0m [34mDEBUG[0m [2methereum_transaction_pool_monitor::eth_client[0m[2m:[0m 📨 Received WebSocket message: {"jsonrpc":"2.0","method":"eth_subscription","params":{"subscription":"0xbed0a0851463e895960a451075a301a9","result":"0xafd2fbfb19199c8e025a890ddc606b44fb32f0a4584a6f9adbc39a68419cf2a6"}}
[2m2025-12-10T10:10:35.209771Z[0m [34mDEBUG[0m [2methereum_transaction_pool_monitor::eth_client[0m[2m:[0m 📨 Received pending transaction: 0xafd2fbfb19199c8e025a890ddc606b44fb32f0a4584a6f9adbc39a68419cf2a6
[2m2025-12-10T10:10:35.209785Z[0m [34mDEBUG[0m [2mhyper::proto::h1::io[0m[2m:[0m parsed 4 headers
[2m2025-12-10T10:10:35.209792Z[0m [34mDEBUG[0m [2mhyper::proto::h1::conn[0m[2m:[0m incoming body is content-length (644 bytes)
[2m2025-12-10T10:10:35.209798Z[0m [34mDEBUG[0m [2mhyper::proto::h1::conn[0m[2m:[0m incoming body completed
[2m2025-12-10T10:10:35.209804Z[0m [34mDEBUG[0m [2mhyper::client::pool[0m[2m:[0m pooling idle connection for ("http", 192.168.0.14:8545)
[2m2025-12-10T10:10:35.209809Z[0m [34mDEBUG[0m [2methereum_transaction_pool_monitor::eth_client[0m[2m:[0m 📡 Transaction fetch RPC completed in 7.574791ms
[2m2025-12-10T10:10:35.280739Z[0m [34mDEBUG[0m [2methereum_transaction_pool_monitor::eth_client[0m[2m:[0m ✅ Transaction 0x24c7666421cd9c38fca3579c53f974966c4e357c17c830a546bdd2f6acdf0808 fetched and parsed in 78.502166ms
[2m2025-12-10T10:10:35.280769Z[0m [34mDEBUG[0m [2methereum_transaction_pool_monitor::mempool_monitor[0m[2m:[0m 🔍 Skipping tx 0x24c7666421cd9c38fca3579c53f974966c4e357c17c830a546bdd2f6acdf0808 - not a DEX interaction (target: 0x17E5545B11b468072283Cee1F066a059Fb0dbF24)
[2m2025-12-10T10:10:35.280780Z[0m [34mDEBUG[0m [2methereum_transaction_pool_monitor::mempool_monitor[0m[2m:[0m 📨 Processing new pending transaction: 0xb4b53ea032819808020ff9e5a4465e08356c208e7f0dbd0cc991c6c77b9cd13e
[2m2025-12-10T10:10:35.280788Z[0m [34mDEBUG[0m [2methereum_transaction_pool_monitor::mempool_monitor[0m[2m:[0m 🔍 Fetching transaction details for: 0xb4b53ea032819808020ff9e5a4465e08356c208e7f0dbd0cc991c6c77b9cd13e
[2m2025-12-10T10:10:35.280794Z[0m [34mDEBUG[0m [2methereum_transaction_pool_monitor::eth_client[0m[2m:[0m 🔍 Fetching transaction details for hash: 0xb4b53ea032819808020ff9e5a4465e08356c208e7f0dbd0cc991c6c77b9cd13e
[2m2025-12-10T10:10:35.280812Z[0m [34mDEBUG[0m [2mhyper::client::pool[0m[2m:[0m reuse idle connection for ("http", 192.168.0.14:8545)
[2m2025-12-10T10:10:35.280845Z[0m [34mDEBUG[0m [2mhyper::proto::h1::io[0m[2m:[0m flushed 250 bytes
[2m2025-12-10T10:10:35.280862Z[0m [34mDEBUG[0m [2mhyper::proto::h1::io[0m[2m:[0m parsed 4 headers
[2m2025-12-10T10:10:35.280873Z[0m [34mDEBUG[0m [2mhyper::proto::h1::conn[0m[2m:[0m incoming body is content-length (45 bytes)
[2m2025-12-10T10:10:35.280884Z[0m [34mDEBUG[0m [2mhyper::proto::h1::conn[0m[2m:[0m incoming body completed
[2m2025-12-10T10:10:35.280895Z[0m [34mDEBUG[0m [2mhyper::client::pool[0m[2m:[0m pooling idle connection for ("http", 192.168.0.14:8545)
[2m2025-12-10T10:10:35.289722Z[0m [34mDEBUG[0m [2mhyper::proto::h1::io[0m[2m:[0m parsed 4 headers
[2m2025-12-10T10:10:35.289728Z[0m [34mDEBUG[0m [2mhyper::proto::h1::conn[0m[2m:[0m incoming body is content-length (768 bytes)
[2m2025-12-10T10:10:35.289734Z[0m [34mDEBUG[0m [2mhyper::proto::h1::conn[0m[2m:[0m incoming body completed
[2m2025-12-10T10:10:35.289740Z[0m [34mDEBUG[0m [2mhyper::client::pool[0m[2m:[0m pooling idle connection for ("http", 192.168.0.14:8545)
[2m2025-12-10T10:10:35.289745Z[0m [34mDEBUG[0m [2methereum_transaction_pool_monitor::eth_client[0m[2m:[0m 📡 Transaction fetch RPC completed in 8.946125ms
[2m2025-12-10T10:10:35.356722Z[0m [34mDEBUG[0m [2methereum_transaction_pool_monitor::eth_client[0m[2m:[0m ✅ Transaction 0xb4b53ea032819808020ff9e5a4465e08356c208e7f0dbd0cc991c6c77b9cd13e fetched and parsed in 75.921125ms
[2m2025-12-10T10:10:35.356739Z[0m [34mDEBUG[0m [2methereum_transaction_pool_monitor::mempool_monitor[0m[2m:[0m 🔍 Skipping tx 0xb4b53ea032819808020ff9e5a4465e08356c208e7f0dbd0cc991c6c77b9cd13e - not a DEX interaction (target: 0x3f80B1c54Ae920Be41a77f8B902259D48cf24cCf)
[2m2025-12-10T10:10:35.356748Z[0m [34mDEBUG[0m [2methereum_transaction_pool_monitor::mempool_monitor[0m[2m:[0m 📨 Processing new pending transaction: 0x1a8bec417aa4ecc14c889161b5e4abac0a655739bc22b75a2c4f26563f890982
[2m2025-12-10T10:10:35.356753Z[0m [34mDEBUG[0m [2methereum_transaction_pool_monitor::mempool_monitor[0m[2m:[0m 🔍 Fetching transaction details for: 0x1a8bec417aa4ecc14c889161b5e4abac0a655739bc22b75a2c4f26563f890982
[2m2025-12-10T10:10:35.356757Z[0m [34mDEBUG[0m [2methereum_transaction_pool_monitor::eth_client[0m[2m:[0m 🔍 Fetching transaction details for hash: 0x1a8bec417aa4ecc14c889161b5e4abac0a655739bc22b75a2c4f26563f890982
[2m2025-12-10T10:10:35.356775Z[0m [34mDEBUG[0m [2mhyper::client::pool[0m[2m:[0m reuse idle connection for ("http", 192.168.0.14:8545)
[2m2025-12-10T10:10:35.356802Z[0m [34mDEBUG[0m [2mhyper::proto::h1::io[0m[2m:[0m flushed 250 bytes
[2m2025-12-10T10:10:35.356817Z[0m [34mDEBUG[0m [2mhyper::client::pool[0m[2m:[0m reuse idle connection for ("http", 192.168.0.14:8545)
[2m2025-12-10T10:10:35.356831Z[0m [34mDEBUG[0m [2mhyper::proto::h1::io[0m[2m:[0m flushed 172 bytes
[2m2025-12-10T10:10:35.356832Z[0m [34mDEBUG[0m [2methereum_transaction_pool_monitor::eth_client[0m[2m:[0m 📨 Received WebSocket message: {"jsonrpc":"2.0","method":"eth_subscription","params":{"subscription":"0xbed0a0851463e895960a451075a301a9","result":"0x1089e49a2272ceb5b8c4e012a040774205fb4498a9e317c5bf2ff6039bc40bcc"}}
[2m2025-12-10T10:10:35.356844Z[0m [34mDEBUG[0m [2methereum_transaction_pool_monitor::eth_client[0m[2m:[0m 📨 Received pending transaction: 0x1089e49a2272ceb5b8c4e012a040774205fb4498a9e317c5bf2ff6039bc40bcc
[2m2025-12-10T10:10:35.356850Z[0m [34mDEBUG[0m [2methereum_transaction_pool_monitor::eth_client[0m[2m:[0m 📨 Received WebSocket message: {"jsonrpc":"2.0","method":"eth_subscription","params":{"subscription":"0xbed0a0851463e895960a451075a301a9","result":"0xa99bee07c0f9aba37c4ac191cc2968f5b09c33b9ab9e43f8b4cfafaf21e63bf1"}}
[2m2025-12-10T10:10:35.356855Z[0m [34mDEBUG[0m [2methereum_transaction_pool_monitor::eth_client[0m[2m:[0m 📨 Received pending transaction: 0xa99bee07c0f9aba37c4ac191cc2968f5b09c33b9ab9e43f8b4cfafaf21e63bf1
[2m2025-12-10T10:10:35.360953Z[0m [34mDEBUG[0m [2mhyper::proto::h1::io[0m[2m:[0m parsed 4 headers
[2m2025-12-10T10:10:35.360962Z[0m [34mDEBUG[0m [2mhyper::proto::h1::conn[0m[2m:[0m incoming body is content-length (647 bytes)
[2m2025-12-10T10:10:35.360970Z[0m [34mDEBUG[0m [2mhyper::proto::h1::conn[0m[2m:[0m incoming body completed
[2m2025-12-10T10:10:35.360978Z[0m [34mDEBUG[0m [2mhyper::client::pool[0m[2m:[0m pooling idle connection for ("http", 192.168.0.14:8545)
[2m2025-12-10T10:10:35.360985Z[0m [34mDEBUG[0m [2methereum_transaction_pool_monitor::eth_client[0m[2m:[0m 📡 Transaction fetch RPC completed in 4.224375ms
[2m2025-12-10T10:10:35.428171Z[0m [34mDEBUG[0m [2methereum_transaction_pool_monitor::eth_client[0m[2m:[0m ✅ Transaction 0x1a8bec417aa4ecc14c889161b5e4abac0a655739bc22b75a2c4f26563f890982 fetched and parsed in 71.407875ms
[2m2025-12-10T10:10:35.428188Z[0m [34mDEBUG[0m [2methereum_transaction_pool_monitor::mempool_monitor[0m[2m:[0m 🔍 Skipping tx 0x1a8bec417aa4ecc14c889161b5e4abac0a655739bc22b75a2c4f26563f890982 - not a DEX interaction (target: 0x2aED8bDB1608d18a2561244DA6b21136378542AC)
[2m2025-12-10T10:10:35.428196Z[0m [34mDEBUG[0m [2methereum_transaction_pool_monitor::mempool_monitor[0m[2m:[0m 📨 Processing new pending transaction: 0xabcaaea42c166862d870d44467e79fffa2c2d926370c13cc3dfd0775da932b5f
[2m2025-12-10T10:10:35.428201Z[0m [34mDEBUG[0m [2methereum_transaction_pool_monitor::mempool_monitor[0m[2m:[0m 🔍 Fetching transaction details for: 0xabcaaea42c166862d870d44467e79fffa2c2d926370c13cc3dfd0775da932b5f
[2m2025-12-10T10:10:35.428205Z[0m [34mDEBUG[0m [2methereum_transaction_pool_monitor::eth_client[0m[2m:[0m 🔍 Fetching transaction details for hash: 0xabcaaea42c166862d870d44467e79fffa2c2d926370c13cc3dfd0775da932b5f
[2m2025-12-10T10:10:35.428219Z[0m [34mDEBUG[0m [2mhyper::client::pool[0m[2m:[0m reuse idle connection for ("http", 192.168.0.14:8545)
[2m2025-12-10T10:10:35.428239Z[0m [34mDEBUG[0m [2mhyper::proto::h1::io[0m[2m:[0m flushed 250 bytes
[2m2025-12-10T10:10:35.428252Z[0m [34mDEBUG[0m [2mhyper::proto::h1::io[0m[2m:[0m parsed 4 headers
[2m2025-12-10T10:10:35.428256Z[0m [34mDEBUG[0m [2mhyper::proto::h1::conn[0m[2m:[0m incoming body is content-length (45 bytes)
[2m2025-12-10T10:10:35.428263Z[0m [34mDEBUG[0m [2mhyper::proto::h1::conn[0m[2m:[0m incoming body completed
[2m2025-12-10T10:10:35.428270Z[0m [34mDEBUG[0m [2mhyper::client::pool[0m[2m:[0m pooling idle connection for ("http", 192.168.0.14:8545)
[2m2025-12-10T10:10:35.428282Z[0m [34mDEBUG[0m [2mhyper::client::pool[0m[2m:[0m reuse idle connection for ("http", 192.168.0.14:8545)
[2m2025-12-10T10:10:35.428294Z[0m [34mDEBUG[0m [2mhyper::proto::h1::io[0m[2m:[0m flushed 172 bytes
[2m2025-12-10T10:10:35.428531Z[0m [34mDEBUG[0m [2methereum_transaction_pool_monitor::eth_client[0m[2m:[0m 📨 Received WebSocket message: {"jsonrpc":"2.0","method":"eth_subscription","params":{"subscription":"0xbed0a0851463e895960a451075a301a9","result":"0x57bc77579aa5ba30fd559b1e747c8872be615cf64f6a57d4e13d06fe6254fef1"}}
[2m2025-12-10T10:10:35.428539Z[0m [34mDEBUG[0m [2methereum_transaction_pool_monitor::eth_client[0m[2m:[0m 📨 Received pending transaction: 0x57bc77579aa5ba30fd559b1e747c8872be615cf64f6a57d4e13d06fe6254fef1
[2m2025-12-10T10:10:35.436257Z[0m [34mDEBUG[0m [2mhyper::proto::h1::io[0m[2m:[0m parsed 4 headers
[2m2025-12-10T10:10:35.436264Z[0m [34mDEBUG[0m [2mhyper::proto::h1::conn[0m[2m:[0m incoming body is content-length (45 bytes)
[2m2025-12-10T10:10:35.436270Z[0m [34mDEBUG[0m [2mhyper::proto::h1::conn[0m[2m:[0m incoming body completed
[2m2025-12-10T10:10:35.436278Z[0m [34mDEBUG[0m [2mhyper::client::pool[0m[2m:[0m pooling idle connection for ("http", 192.168.0.14:8545)
[2m2025-12-10T10:10:35.436292Z[0m [34mDEBUG[0m [2mhyper::proto::h1::io[0m[2m:[0m parsed 4 headers
[2m2025-12-10T10:10:35.436296Z[0m [34mDEBUG[0m [2mhyper::proto::h1::conn[0m[2m:[0m incoming body is content-length (2756 bytes)
[2m2025-12-10T10:10:35.436301Z[0m [34mDEBUG[0m [2mhyper::proto::h1::conn[0m[2m:[0m incoming body completed
[2m2025-12-10T10:10:35.436307Z[0m [34mDEBUG[0m [2mhyper::client::pool[0m[2m:[0m pooling idle connection for ("http", 192.168.0.14:8545)
[2m2025-12-10T10:10:35.436311Z[0m [34mDEBUG[0m [2methereum_transaction_pool_monitor::eth_client[0m[2m:[0m 📡 Transaction fetch RPC completed in 8.102375ms
[2m2025-12-10T10:10:35.505722Z[0m [34mDEBUG[0m [2methereum_transaction_pool_monitor::eth_client[0m[2m:[0m ✅ Transaction 0xabcaaea42c166862d870d44467e79fffa2c2d926370c13cc3dfd0775da932b5f fetched and parsed in 77.5105ms
[2m2025-12-10T10:10:35.505750Z[0m [34mDEBUG[0m [2methereum_transaction_pool_monitor::mempool_monitor[0m[2m:[0m 🔍 Skipping tx 0xabcaaea42c166862d870d44467e79fffa2c2d926370c13cc3dfd0775da932b5f - not a DEX interaction (target: 0x0000000000000068F116a894984e2DB1123eB395)
[2m2025-12-10T10:10:35.505766Z[0m [34mDEBUG[0m [2methereum_transaction_pool_monitor::mempool_monitor[0m[2m:[0m 📨 Processing new pending transaction: 0x465dcbceb2d52d2ebb62607825bfed3b81803302bb8b3f72e54d8f7b6e2de775
[2m2025-12-10T10:10:35.505773Z[0m [34mDEBUG[0m [2methereum_transaction_pool_monitor::mempool_monitor[0m[2m:[0m 🔍 Fetching transaction details for: 0x465dcbceb2d52d2ebb62607825bfed3b81803302bb8b3f72e54d8f7b6e2de775
[2m2025-12-10T10:10:35.505780Z[0m [34mDEBUG[0m [2methereum_transaction_pool_monitor::eth_client[0m[2m:[0m 🔍 Fetching transaction details for hash: 0x465dcbceb2d52d2ebb62607825bfed3b81803302bb8b3f72e54d8f7b6e2de775
[2m2025-12-10T10:10:35.505799Z[0m [34mDEBUG[0m [2mhyper::client::pool[0m[2m:[0m reuse idle connection for ("http", 192.168.0.14:8545)
[2m2025-12-10T10:10:35.505845Z[0m [34mDEBUG[0m [2mhyper::proto::h1::io[0m[2m:[0m flushed 250 bytes
[2m2025-12-10T10:10:35.505876Z[0m [34mDEBUG[0m [2mhyper::client::pool[0m[2m:[0m reuse idle connection for ("http", 192.168.0.14:8545)
[2m2025-12-10T10:10:35.505898Z[0m [34mDEBUG[0m [2mhyper::proto::h1::io[0m[2m:[0m flushed 172 bytes
[2m2025-12-10T10:10:35.509353Z[0m [34mDEBUG[0m [2mhyper::proto::h1::io[0m[2m:[0m parsed 4 headers
[2m2025-12-10T10:10:35.509358Z[0m [34mDEBUG[0m [2mhyper::proto::h1::conn[0m[2m:[0m incoming body is content-length (45 bytes)
[2m2025-12-10T10:10:35.509364Z[0m [34mDEBUG[0m [2mhyper::proto::h1::conn[0m[2m:[0m incoming body completed
[2m2025-12-10T10:10:35.509371Z[0m [34mDEBUG[0m [2mhyper::client::pool[0m[2m:[0m pooling idle connection for ("http", 192.168.0.14:8545)
[2m2025-12-10T10:10:35.510147Z[0m [34mDEBUG[0m [2mhyper::proto::h1::io[0m[2m:[0m parsed 4 headers
[2m2025-12-10T10:10:35.510168Z[0m [34mDEBUG[0m [2mhyper::proto::h1::conn[0m[2m:[0m incoming body is content-length (554 bytes)
[2m2025-12-10T10:10:35.510198Z[0m [34mDEBUG[0m [2mhyper::proto::h1::conn[0m[2m:[0m incoming body completed
[2m2025-12-10T10:10:35.510207Z[0m [34mDEBUG[0m [2mhyper::client::pool[0m[2m:[0m pooling idle connection for ("http", 192.168.0.14:8545)
[2m2025-12-10T10:10:35.510214Z[0m [34mDEBUG[0m [2methereum_transaction_pool_monitor::eth_client[0m[2m:[0m 📡 Transaction fetch RPC completed in 4.426583ms
[2m2025-12-10T10:10:35.582152Z[0m [34mDEBUG[0m [2methereum_transaction_pool_monitor::eth_client[0m[2m:[0m ✅ Transaction 0x465dcbceb2d52d2ebb62607825bfed3b81803302bb8b3f72e54d8f7b6e2de775 fetched and parsed in 76.3625ms
[2m2025-12-10T10:10:35.582178Z[0m [34mDEBUG[0m [2methereum_transaction_pool_monitor::mempool_monitor[0m[2m:[0m 🔍 Skipping tx 0x465dcbceb2d52d2ebb62607825bfed3b81803302bb8b3f72e54d8f7b6e2de775 - not a DEX interaction (target: 0x52b5af08943E869bC4F103011AA5f6bEcf4D4177)
[2m2025-12-10T10:10:35.582190Z[0m [34mDEBUG[0m [2methereum_transaction_pool_monitor::mempool_monitor[0m[2m:[0m 📨 Processing new pending transaction: 0xe8f5dbb0219c7027e732fa2fe7784c46e5b0dde690e6ec615e2a1238ed7d3640
[2m2025-12-10T10:10:35.582197Z[0m [34mDEBUG[0m [2methereum_transaction_pool_monitor::mempool_monitor[0m[2m:[0m 🔍 Fetching transaction details for: 0xe8f5dbb0219c7027e732fa2fe7784c46e5b0dde690e6ec615e2a1238ed7d3640
[2m2025-12-10T10:10:35.582202Z[0m [34mDEBUG[0m [2methereum_transaction_pool_monitor::eth_client[0m[2m:[0m 🔍 Fetching transaction details for hash: 0xe8f5dbb0219c7027e732fa2fe7784c46e5b0dde690e6ec615e2a1238ed7d3640
[2m2025-12-10T10:10:35.582222Z[0m [34mDEBUG[0m [2mhyper::client::pool[0m[2m:[0m reuse idle connection for ("http", 192.168.0.14:8545)
[2m2025-12-10T10:10:35.582254Z[0m [34mDEBUG[0m [2mhyper::proto::h1::io[0m[2m:[0m flushed 250 bytes
[2m2025-12-10T10:10:35.582274Z[0m [34mDEBUG[0m [2methereum_transaction_pool_monitor::eth_client[0m[2m:[0m 📨 Received WebSocket message: {"jsonrpc":"2.0","method":"eth_subscription","params":{"subscription":"0xbed0a0851463e895960a451075a301a9","result":"0x3c396db0c6ac660120a0b9f6a6196797ce7cbc00c1f9e290a56d288bce40da11"}}
[2m2025-12-10T10:10:35.582283Z[0m [34mDEBUG[0m [2methereum_transaction_pool_monitor::eth_client[0m[2m:[0m 📨 Received pending transaction: 0x3c396db0c6ac660120a0b9f6a6196797ce7cbc00c1f9e290a56d288bce40da11
[2m2025-12-10T10:10:35.583505Z[0m [34mDEBUG[0m [2methereum_transaction_pool_monitor::eth_client[0m[2m:[0m 📨 Received WebSocket message: {"jsonrpc":"2.0","method":"eth_subscription","params":{"subscription":"0xbed0a0851463e895960a451075a301a9","result":"0x23ed6f2d084d834b525dc37cb19a54d9b7b0f1af431fd7a6c8e9322a21862d5c"}}
[2m2025-12-10T10:10:35.583714Z[0m [34mDEBUG[0m [2methereum_transaction_pool_monitor::eth_client[0m[2m:[0m 📨 Received pending transaction: 0x23ed6f2d084d834b525dc37cb19a54d9b7b0f1af431fd7a6c8e9322a21862d5c
[2m2025-12-10T10:10:35.586804Z[0m [34mDEBUG[0m [2mhyper::proto::h1::io[0m[2m:[0m parsed 4 headers
[2m2025-12-10T10:10:35.588211Z[0m [34mDEBUG[0m [2mhyper::proto::h1::conn[0m[2m:[0m incoming body is content-length (771 bytes)
[2m2025-12-10T10:10:35.588226Z[0m [34mDEBUG[0m [2mhyper::proto::h1::conn[0m[2m:[0m incoming body completed
[2m2025-12-10T10:10:35.588250Z[0m [34mDEBUG[0m [2mhyper::client::pool[0m[2m:[0m pooling idle connection for ("http", 192.168.0.14:8545)
[2m2025-12-10T10:10:35.588259Z[0m [34mDEBUG[0m [2methereum_transaction_pool_monitor::eth_client[0m[2m:[0m 📡 Transaction fetch RPC completed in 6.052708ms
[2m2025-12-10T10:10:35.588283Z[0m [34mDEBUG[0m [2methereum_transaction_pool_monitor::eth_client[0m[2m:[0m DeFi transaction detected - Address: 0xdac17f958d2ee523a2206206994597c13d831ec7, Type: Stablecoin, Value: 0 ETH, Gas: 0.75 Gwei
[2m2025-12-10T10:10:35.588304Z[0m [34mDEBUG[0m [2methereum_transaction_pool_monitor::eth_client[0m[2m:[0m ✅ Transaction 0xe8f5dbb0219c7027e732fa2fe7784c46e5b0dde690e6ec615e2a1238ed7d3640 fetched and parsed in 6.097875ms
[2m2025-12-10T10:10:35.588316Z[0m [34mDEBUG[0m [2methereum_transaction_pool_monitor::mempool_monitor[0m[2m:[0m 🔍 Skipping tx 0xe8f5dbb0219c7027e732fa2fe7784c46e5b0dde690e6ec615e2a1238ed7d3640 - not a DEX interaction (target: 0xdAC17F958D2ee523a2206206994597C13D831ec7)
[2m2025-12-10T10:10:35.588328Z[0m [34mDEBUG[0m [2methereum_transaction_pool_monitor::mempool_monitor[0m[2m:[0m 📨 Processing new pending transaction: 0x43bc802d6b6db3287c56c207cc3402eb0f80ee47156d6f80be29f4fcfa1120e4
[2m2025-12-10T10:10:35.588337Z[0m [34mDEBUG[0m [2methereum_transaction_pool_monitor::mempool_monitor[0m[2m:[0m 🔍 Fetching transaction details for: 0x43bc802d6b6db3287c56c207cc3402eb0f80ee47156d6f80be29f4fcfa1120e4
[2m2025-12-10T10:10:35.588341Z[0m [34mDEBUG[0m [2methereum_transaction_pool_monitor::eth_client[0m[2m:[0m 🔍 Fetching transaction details for hash: 0x43bc802d6b6db3287c56c207cc3402eb0f80ee47156d6f80be29f4fcfa1120e4
[2m2025-12-10T10:10:35.588351Z[0m [34mDEBUG[0m [2mhyper::client::pool[0m[2m:[0m reuse idle connection for ("http", 192.168.0.14:8545)
[2m2025-12-10T10:10:35.588366Z[0m [34mDEBUG[0m [2mhyper::proto::h1::io[0m[2m:[0m flushed 250 bytes
[2m2025-12-10T10:10:35.598405Z[0m [34mDEBUG[0m [2mhyper::client::pool[0m[2m:[0m reuse idle connection for ("http", 192.168.0.14:8545)
[2m2025-12-10T10:10:35.598460Z[0m [34mDEBUG[0m [2mhyper::proto::h1::io[0m[2m:[0m flushed 172 bytes
[2m2025-12-10T10:10:35.598620Z[0m [34mDEBUG[0m [2mhyper::proto::h1::io[0m[2m:[0m parsed 4 headers
[2m2025-12-10T10:10:35.598625Z[0m [34mDEBUG[0m [2mhyper::proto::h1::conn[0m[2m:[0m incoming body is content-length (830 bytes)
[2m2025-12-10T10:10:35.598630Z[0m [34mDEBUG[0m [2mhyper::proto::h1::conn[0m[2m:[0m incoming body completed
[2m2025-12-10T10:10:35.598636Z[0m [34mDEBUG[0m [2mhyper::client::pool[0m[2m:[0m pooling idle connection for ("http", 192.168.0.14:8545)
[2m2025-12-10T10:10:35.598645Z[0m [34mDEBUG[0m [2methereum_transaction_pool_monitor::eth_client[0m[2m:[0m 📡 Transaction fetch RPC completed in 10.300083ms
[2m2025-12-10T10:10:35.670293Z[0m [34mDEBUG[0m [2methereum_transaction_pool_monitor::eth_client[0m[2m:[0m ✅ Transaction 0x43bc802d6b6db3287c56c207cc3402eb0f80ee47156d6f80be29f4fcfa1120e4 fetched and parsed in 81.945625ms
[2m2025-12-10T10:10:35.670319Z[0m [34mDEBUG[0m [2methereum_transaction_pool_monitor::mempool_monitor[0m[2m:[0m 🔍 Skipping tx 0x43bc802d6b6db3287c56c207cc3402eb0f80ee47156d6f80be29f4fcfa1120e4 - not a DEX interaction (target: 0x3B4D794a66304F130a4Db8F2551B0070dfCf5ca7)
[2m2025-12-10T10:10:35.670329Z[0m [34mDEBUG[0m [2methereum_transaction_pool_monitor::mempool_monitor[0m[2m:[0m 📨 Processing new pending transaction: 0x334f5046d0d3c6250873f2a320bd0f415d6068a6454c9404d26a4ca69f56076b
[2m2025-12-10T10:10:35.670337Z[0m [34mDEBUG[0m [2methereum_transaction_pool_monitor::mempool_monitor[0m[2m:[0m 🔍 Fetching transaction details for: 0x334f5046d0d3c6250873f2a320bd0f415d6068a6454c9404d26a4ca69f56076b
[2m2025-12-10T10:10:35.670343Z[0m [34mDEBUG[0m [2methereum_transaction_pool_monitor::eth_client[0m[2m:[0m 🔍 Fetching transaction details for hash: 0x334f5046d0d3c6250873f2a320bd0f415d6068a6454c9404d26a4ca69f56076b
[2m2025-12-10T10:10:35.670362Z[0m [34mDEBUG[0m [2mhyper::client::pool[0m[2m:[0m reuse idle connection for ("http", 192.168.0.14:8545)
[2m2025-12-10T10:10:35.670405Z[0m [34mDEBUG[0m [2mhyper::proto::h1::io[0m[2m:[0m flushed 250 bytes
[2m2025-12-10T10:10:35.670420Z[0m [34mDEBUG[0m [2mhyper::proto::h1::io[0m[2m:[0m parsed 4 headers
[2m2025-12-10T10:10:35.670425Z[0m [34mDEBUG[0m [2mhyper::proto::h1::conn[0m[2m:[0m incoming body is content-length (45 bytes)
[2m2025-12-10T10:10:35.670433Z[0m [34mDEBUG[0m [2mhyper::proto::h1::conn[0m[2m:[0m incoming body completed
[2m2025-12-10T10:10:35.670441Z[0m [34mDEBUG[0m [2mhyper::client::pool[0m[2m:[0m pooling idle connection for ("http", 192.168.0.14:8545)
[2m2025-12-10T10:10:35.673848Z[0m [34mDEBUG[0m [2mhyper::proto::h1::io[0m[2m:[0m parsed 4 headers
[2m2025-12-10T10:10:35.673854Z[0m [34mDEBUG[0m [2mhyper::proto::h1::conn[0m[2m:[0m incoming body is content-length (772 bytes)
[2m2025-12-10T10:10:35.673858Z[0m [34mDEBUG[0m [2mhyper::proto::h1::conn[0m[2m:[0m incoming body completed
[2m2025-12-10T10:10:35.673864Z[0m [34mDEBUG[0m [2mhyper::client::pool[0m[2m:[0m pooling idle connection for ("http", 192.168.0.14:8545)
[2m2025-12-10T10:10:35.673870Z[0m [34mDEBUG[0m [2methereum_transaction_pool_monitor::eth_client[0m[2m:[0m 📡 Transaction fetch RPC completed in 3.521875ms
[2m2025-12-10T10:10:35.745092Z[0m [34mDEBUG[0m [2methereum_transaction_pool_monitor::eth_client[0m[2m:[0m ✅ Transaction 0x334f5046d0d3c6250873f2a320bd0f415d6068a6454c9404d26a4ca69f56076b fetched and parsed in 74.741125ms
[2m2025-12-10T10:10:35.745120Z[0m [34mDEBUG[0m [2methereum_transaction_pool_monitor::mempool_monitor[0m[2m:[0m 🔍 Skipping tx 0x334f5046d0d3c6250873f2a320bd0f415d6068a6454c9404d26a4ca69f56076b - not a DEX interaction (target: 0xec67005c4E498Ec7f55E092bd1d35cbC47C91892)
[2m2025-12-10T10:10:35.745134Z[0m [34mDEBUG[0m [2methereum_transaction_pool_monitor::mempool_monitor[0m[2m:[0m 📨 Processing new pending transaction: 0xafd2fbfb19199c8e025a890ddc606b44fb32f0a4584a6f9adbc39a68419cf2a6
[2m2025-12-10T10:10:35.745142Z[0m [34mDEBUG[0m [2methereum_transaction_pool_monitor::mempool_monitor[0m[2m:[0m 🔍 Fetching transaction details for: 0xafd2fbfb19199c8e025a890ddc606b44fb32f0a4584a6f9adbc39a68419cf2a6
[2m2025-12-10T10:10:35.745151Z[0m [34mDEBUG[0m [2methereum_transaction_pool_monitor::eth_client[0m[2m:[0m 🔍 Fetching transaction details for hash: 0xafd2fbfb19199c8e025a890ddc606b44fb32f0a4584a6f9adbc39a68419cf2a6
[2m2025-12-10T10:10:35.745171Z[0m [34mDEBUG[0m [2mhyper::client::pool[0m[2m:[0m reuse idle connection for ("http", 192.168.0.14:8545)
[2m2025-12-10T10:10:35.745210Z[0m [34mDEBUG[0m [2mhyper::proto::h1::io[0m[2m:[0m flushed 250 bytes
[2m2025-12-10T10:10:35.745238Z[0m [34mDEBUG[0m [2mhyper::client::pool[0m[2m:[0m reuse idle connection for ("http", 192.168.0.14:8545)
[2m2025-12-10T10:10:35.745256Z[0m [34mDEBUG[0m [2mhyper::proto::h1::io[0m[2m:[0m flushed 172 bytes
[2m2025-12-10T10:10:35.752264Z[0m [34mDEBUG[0m [2mhyper::proto::h1::io[0m[2m:[0m parsed 4 headers
[2m2025-12-10T10:10:35.752287Z[0m [34mDEBUG[0m [2mhyper::proto::h1::conn[0m[2m:[0m incoming body is content-length (45 bytes)
[2m2025-12-10T10:10:35.752315Z[0m [34mDEBUG[0m [2mhyper::proto::h1::conn[0m[2m:[0m incoming body completed
[2m2025-12-10T10:10:35.752341Z[0m [34mDEBUG[0m [2mhyper::client::pool[0m[2m:[0m pooling idle connection for ("http", 192.168.0.14:8545)
[2m2025-12-10T10:10:35.752361Z[0m [34mDEBUG[0m [2mhyper::proto::h1::io[0m[2m:[0m parsed 4 headers
[2m2025-12-10T10:10:35.752365Z[0m [34mDEBUG[0m [2mhyper::proto::h1::conn[0m[2m:[0m incoming body is content-length (769 bytes)
[2m2025-12-10T10:10:35.752369Z[0m [34mDEBUG[0m [2mhyper::proto::h1::conn[0m[2m:[0m incoming body completed
[2m2025-12-10T10:10:35.752375Z[0m [34mDEBUG[0m [2mhyper::client::pool[0m[2m:[0m pooling idle connection for ("http", 192.168.0.14:8545)
[2m2025-12-10T10:10:35.752382Z[0m [34mDEBUG[0m [2methereum_transaction_pool_monitor::eth_client[0m[2m:[0m 📡 Transaction fetch RPC completed in 7.225375ms
[2m2025-12-10T10:10:35.752395Z[0m [34mDEBUG[0m [2methereum_transaction_pool_monitor::eth_client[0m[2m:[0m DeFi transaction detected - Address: 0xdac17f958d2ee523a2206206994597c13d831ec7, Type: Stablecoin, Value: 0 ETH, Gas: 0.26 Gwei
[2m2025-12-10T10:10:35.752413Z[0m [34mDEBUG[0m [2methereum_transaction_pool_monitor::eth_client[0m[2m:[0m ✅ Transaction 0xafd2fbfb19199c8e025a890ddc606b44fb32f0a4584a6f9adbc39a68419cf2a6 fetched and parsed in 7.256541ms
[2m2025-12-10T10:10:35.752420Z[0m [34mDEBUG[0m [2methereum_transaction_pool_monitor::mempool_monitor[0m[2m:[0m 🔍 Skipping tx 0xafd2fbfb19199c8e025a890ddc606b44fb32f0a4584a6f9adbc39a68419cf2a6 - not a DEX interaction (target: 0xdAC17F958D2ee523a2206206994597C13D831ec7)
[2m2025-12-10T10:10:35.752428Z[0m [34mDEBUG[0m [2methereum_transaction_pool_monitor::mempool_monitor[0m[2m:[0m 📨 Processing new pending transaction: 0x1089e49a2272ceb5b8c4e012a040774205fb4498a9e317c5bf2ff6039bc40bcc
[2m2025-12-10T10:10:35.752432Z[0m [34mDEBUG[0m [2methereum_transaction_pool_monitor::mempool_monitor[0m[2m:[0m 🔍 Fetching transaction details for: 0x1089e49a2272ceb5b8c4e012a040774205fb4498a9e317c5bf2ff6039bc40bcc
[2m2025-12-10T10:10:35.752436Z[0m [34mDEBUG[0m [2methereum_transaction_pool_monitor::eth_client[0m[2m:[0m 🔍 Fetching transaction details for hash: 0x1089e49a2272ceb5b8c4e012a040774205fb4498a9e317c5bf2ff6039bc40bcc
[2m2025-12-10T10:10:35.752446Z[0m [34mDEBUG[0m [2mhyper::client::pool[0m[2m:[0m reuse idle connection for ("http", 192.168.0.14:8545)
[2m2025-12-10T10:10:35.752456Z[0m [34mDEBUG[0m [2mhyper::proto::h1::io[0m[2m:[0m flushed 250 bytes
[2m2025-12-10T10:10:35.760976Z[0m [34mDEBUG[0m [2mhyper::proto::h1::io[0m[2m:[0m parsed 4 headers
[2m2025-12-10T10:10:35.761005Z[0m [34mDEBUG[0m [2mhyper::proto::h1::conn[0m[2m:[0m incoming body is content-length (1802 bytes)
[2m2025-12-10T10:10:35.761013Z[0m [34mDEBUG[0m [2mhyper::proto::h1::conn[0m[2m:[0m incoming body completed
[2m2025-12-10T10:10:35.761018Z[0m [34mDEBUG[0m [2mhyper::client::pool[0m[2m:[0m pooling idle connection for ("http", 192.168.0.14:8545)
[2m2025-12-10T10:10:35.761036Z[0m [34mDEBUG[0m [2methereum_transaction_pool_monitor::eth_client[0m[2m:[0m 📡 Transaction fetch RPC completed in 8.592458ms
[2m2025-12-10T10:10:35.831539Z[0m [34mDEBUG[0m [2methereum_transaction_pool_monitor::eth_client[0m[2m:[0m ✅ Transaction 0x1089e49a2272ceb5b8c4e012a040774205fb4498a9e317c5bf2ff6039bc40bcc fetched and parsed in 79.093583ms
[2m2025-12-10T10:10:35.831563Z[0m [34mDEBUG[0m [2methereum_transaction_pool_monitor::mempool_monitor[0m[2m:[0m 🔍 Skipping tx 0x1089e49a2272ceb5b8c4e012a040774205fb4498a9e317c5bf2ff6039bc40bcc - not a DEX interaction (target: 0xd72a6BA4a87DDB33e801b3f1c7750b2d0911fC6C)
[2m2025-12-10T10:10:35.831573Z[0m [34mDEBUG[0m [2methereum_transaction_pool_monitor::mempool_monitor[0m[2m:[0m 📨 Processing new pending transaction: 0xa99bee07c0f9aba37c4ac191cc2968f5b09c33b9ab9e43f8b4cfafaf21e63bf1
[2m2025-12-10T10:10:35.831579Z[0m [34mDEBUG[0m [2methereum_transaction_pool_monitor::mempool_monitor[0m[2m:[0m 🔍 Fetching transaction details for: 0xa99bee07c0f9aba37c4ac191cc2968f5b09c33b9ab9e43f8b4cfafaf21e63bf1
[2m2025-12-10T10:10:35.831583Z[0m [34mDEBUG[0m [2methereum_transaction_pool_monitor::eth_client[0m[2m:[0m 🔍 Fetching transaction details for hash: 0xa99bee07c0f9aba37c4ac191cc2968f5b09c33b9ab9e43f8b4cfafaf21e63bf1
[2m2025-12-10T10:10:35.831602Z[0m [34mDEBUG[0m [2mhyper::client::pool[0m[2m:[0m reuse idle connection for ("http", 192.168.0.14:8545)
[2m2025-12-10T10:10:35.831629Z[0m [34mDEBUG[0m [2mhyper::proto::h1::io[0m[2m:[0m flushed 250 bytes
[2m2025-12-10T10:10:35.831646Z[0m [34mDEBUG[0m [2mhyper::client::pool[0m[2m:[0m reuse idle connection for ("http", 192.168.0.14:8545)
[2m2025-12-10T10:10:35.831660Z[0m [34mDEBUG[0m [2mhyper::proto::h1::io[0m[2m:[0m flushed 172 bytes
[2m2025-12-10T10:10:35.831659Z[0m [34mDEBUG[0m [2methereum_transaction_pool_monitor::eth_client[0m[2m:[0m 📨 Received WebSocket message: {"jsonrpc":"2.0","method":"eth_subscription","params":{"subscription":"0xbed0a0851463e895960a451075a301a9","result":"0xbcd64392f1b65a29135ecc1c5fe238d43b260c150323d68d5cb2764d859d1509"}}
[2m2025-12-10T10:10:35.831679Z[0m [34mDEBUG[0m [2methereum_transaction_pool_monitor::eth_client[0m[2m:[0m 📨 Received pending transaction: 0xbcd64392f1b65a29135ecc1c5fe238d43b260c150323d68d5cb2764d859d1509
[2m2025-12-10T10:10:35.831684Z[0m [34mDEBUG[0m [2methereum_transaction_pool_monitor::eth_client[0m[2m:[0m 📨 Received WebSocket message: {"jsonrpc":"2.0","method":"eth_subscription","params":{"subscription":"0xbed0a0851463e895960a451075a301a9","result":"0x7526ee1dae278d387d705a28128f754f2fe31f5742e0049a3754793eaff61634"}}
[2m2025-12-10T10:10:35.831689Z[0m [34mDEBUG[0m [2methereum_transaction_pool_monitor::eth_client[0m[2m:[0m 📨 Received pending transaction: 0x7526ee1dae278d387d705a28128f754f2fe31f5742e0049a3754793eaff61634
[2m2025-12-10T10:10:35.835046Z[0m [34mDEBUG[0m [2mhyper::proto::h1::io[0m[2m:[0m parsed 4 headers
[2m2025-12-10T10:10:35.835071Z[0m [34mDEBUG[0m [2mhyper::proto::h1::conn[0m[2m:[0m incoming body is content-length (45 bytes)
[2m2025-12-10T10:10:35.835096Z[0m [34mDEBUG[0m [2mhyper::proto::h1::conn[0m[2m:[0m incoming body completed
[2m2025-12-10T10:10:35.835105Z[0m [34mDEBUG[0m [2mhyper::client::pool[0m[2m:[0m pooling idle connection for ("http", 192.168.0.14:8545)
[2m2025-12-10T10:10:35.835828Z[0m [34mDEBUG[0m [2mhyper::proto::h1::io[0m[2m:[0m parsed 4 headers
[2m2025-12-10T10:10:35.835850Z[0m [34mDEBUG[0m [2mhyper::proto::h1::conn[0m[2m:[0m incoming body is content-length (649 bytes)
[2m2025-12-10T10:10:35.835872Z[0m [34mDEBUG[0m [2mhyper::proto::h1::conn[0m[2m:[0m incoming body completed
[2m2025-12-10T10:10:35.835887Z[0m [34mDEBUG[0m [2mhyper::client::pool[0m[2m:[0m pooling idle connection for ("http", 192.168.0.14:8545)
[2m2025-12-10T10:10:35.835894Z[0m [34mDEBUG[0m [2methereum_transaction_pool_monitor::eth_client[0m[2m:[0m 📡 Transaction fetch RPC completed in 4.306208ms
[2m2025-12-10T10:10:35.907504Z[0m [34mDEBUG[0m [2methereum_transaction_pool_monitor::eth_client[0m[2m:[0m ✅ Transaction 0xa99bee07c0f9aba37c4ac191cc2968f5b09c33b9ab9e43f8b4cfafaf21e63bf1 fetched and parsed in 75.913708ms
[2m2025-12-10T10:10:35.907529Z[0m [34mDEBUG[0m [2methereum_transaction_pool_monitor::mempool_monitor[0m[2m:[0m 🔍 Skipping tx 0xa99bee07c0f9aba37c4ac191cc2968f5b09c33b9ab9e43f8b4cfafaf21e63bf1 - not a DEX interaction (target: 0xF146b2b2981650b049f5A2EF57f18171B084b029)
[2m2025-12-10T10:10:35.907539Z[0m [34mDEBUG[0m [2methereum_transaction_pool_monitor::mempool_monitor[0m[2m:[0m 📨 Processing new pending transaction: 0x57bc77579aa5ba30fd559b1e747c8872be615cf64f6a57d4e13d06fe6254fef1
[2m2025-12-10T10:10:35.907546Z[0m [34mDEBUG[0m [2methereum_transaction_pool_monitor::mempool_monitor[0m[2m:[0m 🔍 Fetching transaction details for: 0x57bc77579aa5ba30fd559b1e747c8872be615cf64f6a57d4e13d06fe6254fef1
[2m2025-12-10T10:10:35.907551Z[0m [34mDEBUG[0m [2methereum_transaction_pool_monitor::eth_client[0m[2m:[0m 🔍 Fetching transaction details for hash: 0x57bc77579aa5ba30fd559b1e747c8872be615cf64f6a57d4e13d06fe6254fef1
[2m2025-12-10T10:10:35.907570Z[0m [34mDEBUG[0m [2mhyper::client::pool[0m[2m:[0m reuse idle connection for ("http", 192.168.0.14:8545)
[2m2025-12-10T10:10:35.907601Z[0m [34mDEBUG[0m [2mhyper::proto::h1::io[0m[2m:[0m flushed 250 bytes
[2m2025-12-10T10:10:35.907628Z[0m [34mDEBUG[0m [2mhyper::client::pool[0m[2m:[0m reuse idle connection for ("http", 192.168.0.14:8545)
[2m2025-12-10T10:10:35.907644Z[0m [34mDEBUG[0m [2mhyper::proto::h1::io[0m[2m:[0m flushed 172 bytes
[2m2025-12-10T10:10:35.911114Z[0m [34mDEBUG[0m [2mhyper::proto::h1::io[0m[2m:[0m parsed 4 headers
[2m2025-12-10T10:10:35.911120Z[0m [34mDEBUG[0m [2mhyper::proto::h1::conn[0m[2m:[0m incoming body is content-length (45 bytes)
[2m2025-12-10T10:10:35.911128Z[0m [34mDEBUG[0m [2mhyper::proto::h1::conn[0m[2m:[0m incoming body completed
[2m2025-12-10T10:10:35.911137Z[0m [34mDEBUG[0m [2mhyper::client::pool[0m[2m:[0m pooling idle connection for ("http", 192.168.0.14:8545)
[2m2025-12-10T10:10:35.911155Z[0m [34mDEBUG[0m [2mhyper::proto::h1::io[0m[2m:[0m parsed 4 headers
[2m2025-12-10T10:10:35.911161Z[0m [34mDEBUG[0m [2mhyper::proto::h1::conn[0m[2m:[0m incoming body is content-length (766 bytes)
[2m2025-12-10T10:10:35.911166Z[0m [34mDEBUG[0m [2mhyper::proto::h1::conn[0m[2m:[0m incoming body completed
[2m2025-12-10T10:10:35.911173Z[0m [34mDEBUG[0m [2mhyper::client::pool[0m[2m:[0m pooling idle connection for ("http", 192.168.0.14:8545)
[2m2025-12-10T10:10:35.911179Z[0m [34mDEBUG[0m [2methereum_transaction_pool_monitor::eth_client[0m[2m:[0m 📡 Transaction fetch RPC completed in 3.622916ms
[2m2025-12-10T10:10:35.911192Z[0m [34mDEBUG[0m [2methereum_transaction_pool_monitor::eth_client[0m[2m:[0m DeFi transaction detected - Address: 0xdac17f958d2ee523a2206206994597c13d831ec7, Type: Stablecoin, Value: 0 ETH, Gas: 0.19 Gwei
[2m2025-12-10T10:10:35.911206Z[0m [34mDEBUG[0m [2methereum_transaction_pool_monitor::eth_client[0m[2m:[0m ✅ Transaction 0x57bc77579aa5ba30fd559b1e747c8872be615cf64f6a57d4e13d06fe6254fef1 fetched and parsed in 3.649958ms
[2m2025-12-10T10:10:35.911212Z[0m [34mDEBUG[0m [2methereum_transaction_pool_monitor::mempool_monitor[0m[2m:[0m 🔍 Skipping tx 0x57bc77579aa5ba30fd559b1e747c8872be615cf64f6a57d4e13d06fe6254fef1 - not a DEX interaction (target: 0xdAC17F958D2ee523a2206206994597C13D831ec7)
[2m2025-12-10T10:10:35.911218Z[0m [34mDEBUG[0m [2methereum_transaction_pool_monitor::mempool_monitor[0m[2m:[0m 📨 Processing new pending transaction: 0x3c396db0c6ac660120a0b9f6a6196797ce7cbc00c1f9e290a56d288bce40da11
[2m2025-12-10T10:10:35.911221Z[0m [34mDEBUG[0m [2methereum_transaction_pool_monitor::mempool_monitor[0m[2m:[0m 🔍 Fetching transaction details for: 0x3c396db0c6ac660120a0b9f6a6196797ce7cbc00c1f9e290a56d288bce40da11
[2m2025-12-10T10:10:35.911225Z[0m [34mDEBUG[0m [2methereum_transaction_pool_monitor::eth_client[0m[2m:[0m 🔍 Fetching transaction details for hash: 0x3c396db0c6ac660120a0b9f6a6196797ce7cbc00c1f9e290a56d288bce40da11
[2m2025-12-10T10:10:35.911231Z[0m [34mDEBUG[0m [2mhyper::client::pool[0m[2m:[0m reuse idle connection for ("http", 192.168.0.14:8545)
[2m2025-12-10T10:10:35.911240Z[0m [34mDEBUG[0m [2mhyper::proto::h1::io[0m[2m:[0m flushed 250 bytes
[2m2025-12-10T10:10:35.916884Z[0m [34mDEBUG[0m [2mhyper::proto::h1::io[0m[2m:[0m parsed 4 headers
[2m2025-12-10T10:10:35.916890Z[0m [34mDEBUG[0m [2mhyper::proto::h1::conn[0m[2m:[0m incoming body is content-length (704 bytes)
[2m2025-12-10T10:10:35.916894Z[0m [34mDEBUG[0m [2mhyper::proto::h1::conn[0m[2m:[0m incoming body completed
[2m2025-12-10T10:10:35.916899Z[0m [34mDEBUG[0m [2mhyper::client::pool[0m[2m:[0m pooling idle connection for ("http", 192.168.0.14:8545)
[2m2025-12-10T10:10:35.916904Z[0m [34mDEBUG[0m [2methereum_transaction_pool_monitor::eth_client[0m[2m:[0m 📡 Transaction fetch RPC completed in 5.675125ms
[2m2025-12-10T10:10:35.987573Z[0m [34mDEBUG[0m [2methereum_transaction_pool_monitor::eth_client[0m[2m:[0m ✅ Transaction 0x3c396db0c6ac660120a0b9f6a6196797ce7cbc00c1f9e290a56d288bce40da11 fetched and parsed in 76.341166ms
[2m2025-12-10T10:10:35.987600Z[0m [34mDEBUG[0m [2methereum_transaction_pool_monitor::mempool_monitor[0m[2m:[0m 🔍 Skipping tx 0x3c396db0c6ac660120a0b9f6a6196797ce7cbc00c1f9e290a56d288bce40da11 - not a DEX interaction (target: 0xA0b86991c6218b36c1d19D4a2e9Eb0cE3606eB48)
[2m2025-12-10T10:10:35.987611Z[0m [34mDEBUG[0m [2methereum_transaction_pool_monitor::mempool_monitor[0m[2m:[0m 📨 Processing new pending transaction: 0x23ed6f2d084d834b525dc37cb19a54d9b7b0f1af431fd7a6c8e9322a21862d5c
[2m2025-12-10T10:10:35.987622Z[0m [34mDEBUG[0m [2methereum_transaction_pool_monitor::mempool_monitor[0m[2m:[0m 🔍 Fetching transaction details for: 0x23ed6f2d084d834b525dc37cb19a54d9b7b0f1af431fd7a6c8e9322a21862d5c
[2m2025-12-10T10:10:35.987633Z[0m [34mDEBUG[0m [2methereum_transaction_pool_monitor::eth_client[0m[2m:[0m 🔍 Fetching transaction details for hash: 0x23ed6f2d084d834b525dc37cb19a54d9b7b0f1af431fd7a6c8e9322a21862d5c
[2m2025-12-10T10:10:35.987658Z[0m [34mDEBUG[0m [2mhyper::client::pool[0m[2m:[0m reuse idle connection for ("http", 192.168.0.14:8545)
[2m2025-12-10T10:10:35.987691Z[0m [34mDEBUG[0m [2mhyper::proto::h1::io[0m[2m:[0m flushed 250 bytes
[2m2025-12-10T10:10:35.991472Z[0m [34mDEBUG[0m [2mhyper::proto::h1::io[0m[2m:[0m parsed 4 headers
[2m2025-12-10T10:10:35.991482Z[0m [34mDEBUG[0m [2mhyper::proto::h1::conn[0m[2m:[0m incoming body is content-length (772 bytes)
[2m2025-12-10T10:10:35.991491Z[0m [34mDEBUG[0m [2mhyper::proto::h1::conn[0m[2m:[0m incoming body completed
[2m2025-12-10T10:10:35.991501Z[0m [34mDEBUG[0m [2mhyper::client::pool[0m[2m:[0m pooling idle connection for ("http", 192.168.0.14:8545)
[2m2025-12-10T10:10:35.991508Z[0m [34mDEBUG[0m [2methereum_transaction_pool_monitor::eth_client[0m[2m:[0m 📡 Transaction fetch RPC completed in 3.86925ms
[2m2025-12-10T10:10:35.991522Z[0m [34mDEBUG[0m [2methereum_transaction_pool_monitor::eth_client[0m[2m:[0m DeFi transaction detected - Address: 0xdac17f958d2ee523a2206206994597c13d831ec7, Type: Stablecoin, Value: 0 ETH, Gas: 2.27 Gwei
[2m2025-12-10T10:10:35.991535Z[0m [34mDEBUG[0m [2methereum_transaction_pool_monitor::eth_client[0m[2m:[0m ✅ Transaction 0x23ed6f2d084d834b525dc37cb19a54d9b7b0f1af431fd7a6c8e9322a21862d5c fetched and parsed in 3.896ms
[2m2025-12-10T10:10:35.991541Z[0m [34mDEBUG[0m [2methereum_transaction_pool_monitor::mempool_monitor[0m[2m:[0m 🔍 Skipping tx 0x23ed6f2d084d834b525dc37cb19a54d9b7b0f1af431fd7a6c8e9322a21862d5c - not a DEX interaction (target: 0xdAC17F958D2ee523a2206206994597C13D831ec7)
[2m2025-12-10T10:10:35.991549Z[0m [34mDEBUG[0m [2methereum_transaction_pool_monitor::mempool_monitor[0m[2m:[0m 📨 Processing new pending transaction: 0xbcd64392f1b65a29135ecc1c5fe238d43b260c150323d68d5cb2764d859d1509
[2m2025-12-10T10:10:35.991553Z[0m [34mDEBUG[0m [2methereum_transaction_pool_monitor::mempool_monitor[0m[2m:[0m 🔍 Fetching transaction details for: 0xbcd64392f1b65a29135ecc1c5fe238d43b260c150323d68d5cb2764d859d1509
[2m2025-12-10T10:10:35.991557Z[0m [34mDEBUG[0m [2methereum_transaction_pool_monitor::eth_client[0m[2m:[0m 🔍 Fetching transaction details for hash: 0xbcd64392f1b65a29135ecc1c5fe238d43b260c150323d68d5cb2764d859d1509
[2m2025-12-10T10:10:35.991570Z[0m [34mDEBUG[0m [2mhyper::client::pool[0m[2m:[0m reuse idle connection for ("http", 192.168.0.14:8545)
[2m2025-12-10T10:10:35.991588Z[0m [34mDEBUG[0m [2mhyper::proto::h1::io[0m[2m:[0m flushed 250 bytes
[2m2025-12-10T10:10:35.995897Z[0m [34mDEBUG[0m [2mhyper::proto::h1::io[0m[2m:[0m parsed 4 headers
[2m2025-12-10T10:10:35.995919Z[0m [34mDEBUG[0m [2mhyper::proto::h1::conn[0m[2m:[0m incoming body is content-length (771 bytes)
[2m2025-12-10T10:10:35.995937Z[0m [34mDEBUG[0m [2mhyper::proto::h1::conn[0m[2m:[0m incoming body completed
[2m2025-12-10T10:10:35.995955Z[0m [34mDEBUG[0m [2mhyper::client::pool[0m[2m:[0m pooling idle connection for ("http", 192.168.0.14:8545)
[2m2025-12-10T10:10:35.995961Z[0m [34mDEBUG[0m [2methereum_transaction_pool_monitor::eth_client[0m[2m:[0m 📡 Transaction fetch RPC completed in 4.400417ms
[2m2025-12-10T10:10:36.067845Z[0m [34mDEBUG[0m [2methereum_transaction_pool_monitor::eth_client[0m[2m:[0m ✅ Transaction 0xbcd64392f1b65a29135ecc1c5fe238d43b260c150323d68d5cb2764d859d1509 fetched and parsed in 76.282667ms
[2m2025-12-10T10:10:36.067874Z[0m [34mDEBUG[0m [2methereum_transaction_pool_monitor::mempool_monitor[0m[2m:[0m 🔍 Skipping tx 0xbcd64392f1b65a29135ecc1c5fe238d43b260c150323d68d5cb2764d859d1509 - not a DEX interaction (target: 0xB8f28C60dD8240141185a192fa4156A23E189305)
[2m2025-12-10T10:10:36.067885Z[0m [34mDEBUG[0m [2methereum_transaction_pool_monitor::mempool_monitor[0m[2m:[0m 📨 Processing new pending transaction: 0x7526ee1dae278d387d705a28128f754f2fe31f5742e0049a3754793eaff61634
[2m2025-12-10T10:10:36.067897Z[0m [34mDEBUG[0m [2methereum_transaction_pool_monitor::mempool_monitor[0m[2m:[0m 🔍 Fetching transaction details for: 0x7526ee1dae278d387d705a28128f754f2fe31f5742e0049a3754793eaff61634
[2m2025-12-10T10:10:36.067906Z[0m [34mDEBUG[0m [2methereum_transaction_pool_monitor::eth_client[0m[2m:[0m 🔍 Fetching transaction details for hash: 0x7526ee1dae278d387d705a28128f754f2fe31f5742e0049a3754793eaff61634
[2m2025-12-10T10:10:36.067928Z[0m [34mDEBUG[0m [2mhyper::client::pool[0m[2m:[0m reuse idle connection for ("http", 192.168.0.14:8545)
[2m2025-12-10T10:10:36.067980Z[0m [34mDEBUG[0m [2mhyper::proto::h1::io[0m[2m:[0m flushed 250 bytes
[2m2025-12-10T10:10:36.068011Z[0m [34mDEBUG[0m [2mhyper::client::pool[0m[2m:[0m reuse idle connection for ("http", 192.168.0.14:8545)
[2m2025-12-10T10:10:36.068024Z[0m [34mDEBUG[0m [2mhyper::proto::h1::io[0m[2m:[0m flushed 172 bytes
[2m2025-12-10T10:10:36.072798Z[0m [34mDEBUG[0m [2mhyper::proto::h1::io[0m[2m:[0m parsed 4 headers
[2m2025-12-10T10:10:36.072811Z[0m [34mDEBUG[0m [2mhyper::proto::h1::conn[0m[2m:[0m incoming body is content-length (45 bytes)
[2m2025-12-10T10:10:36.072822Z[0m [34mDEBUG[0m [2mhyper::proto::h1::conn[0m[2m:[0m incoming body completed
[2m2025-12-10T10:10:36.072833Z[0m [34mDEBUG[0m [2mhyper::client::pool[0m[2m:[0m pooling idle connection for ("http", 192.168.0.14:8545)
[2m2025-12-10T10:10:36.073463Z[0m [34mDEBUG[0m [2mhyper::proto::h1::io[0m[2m:[0m parsed 4 headers
[2m2025-12-10T10:10:36.073472Z[0m [34mDEBUG[0m [2mhyper::proto::h1::conn[0m[2m:[0m incoming body is content-length (766 bytes)
[2m2025-12-10T10:10:36.073479Z[0m [34mDEBUG[0m [2mhyper::proto::h1::conn[0m[2m:[0m incoming body completed
[2m2025-12-10T10:10:36.073487Z[0m [34mDEBUG[0m [2mhyper::client::pool[0m[2m:[0m pooling idle connection for ("http", 192.168.0.14:8545)
[2m2025-12-10T10:10:36.073494Z[0m [34mDEBUG[0m [2methereum_transaction_pool_monitor::eth_client[0m[2m:[0m 📡 Transaction fetch RPC completed in 5.57925ms
[2m2025-12-10T10:10:36.145562Z[0m [34mDEBUG[0m [2methereum_transaction_pool_monitor::eth_client[0m[2m:[0m ✅ Transaction 0x7526ee1dae278d387d705a28128f754f2fe31f5742e0049a3754793eaff61634 fetched and parsed in 77.645292ms
[2m2025-12-10T10:10:36.145588Z[0m [34mDEBUG[0m [2methereum_transaction_pool_monitor::mempool_monitor[0m[2m:[0m 🔍 Skipping tx 0x7526ee1dae278d387d705a28128f754f2fe31f5742e0049a3754793eaff61634 - not a DEX interaction (target: 0xA0b86991c6218b36c1d19D4a2e9Eb0cE3606eB48)
[2m2025-12-10T10:10:36.145630Z[0m [34mDEBUG[0m [2mhyper::client::pool[0m[2m:[0m reuse idle connection for ("http", 192.168.0.14:8545)
[2m2025-12-10T10:10:36.145671Z[0m [34mDEBUG[0m [2mhyper::proto::h1::io[0m[2m:[0m flushed 172 bytes
[2m2025-12-10T10:10:36.150609Z[0m [34mDEBUG[0m [2mhyper::proto::h1::io[0m[2m:[0m parsed 4 headers
[2m2025-12-10T10:10:36.150632Z[0m [34mDEBUG[0m [2mhyper::proto::h1::conn[0m[2m:[0m incoming body is content-length (45 bytes)
[2m2025-12-10T10:10:36.150657Z[0m [34mDEBUG[0m [2mhyper::proto::h1::conn[0m[2m:[0m incoming body completed
[2m2025-12-10T10:10:36.150670Z[0m [34mDEBUG[0m [2mhyper::client::pool[0m[2m:[0m pooling idle connection for ("http", 192.168.0.14:8545)
[2m2025-12-10T10:10:36.198132Z[0m [34mDEBUG[0m [2mhyper::client::pool[0m[2m:[0m reuse idle connection for ("http", 192.168.0.14:8545)
[2m2025-12-10T10:10:36.198183Z[0m [34mDEBUG[0m [2mhyper::proto::h1::io[0m[2m:[0m flushed 172 bytes
[2m2025-12-10T10:10:36.201990Z[0m [34mDEBUG[0m [2mhyper::proto::h1::io[0m[2m:[0m parsed 4 headers
[2m2025-12-10T10:10:36.201996Z[0m [34mDEBUG[0m [2mhyper::proto::h1::conn[0m[2m:[0m incoming body is content-length (45 bytes)
[2m2025-12-10T10:10:36.202007Z[0m [34mDEBUG[0m [2mhyper::proto::h1::conn[0m[2m:[0m incoming body completed
[2m2025-12-10T10:10:36.202014Z[0m [34mDEBUG[0m [2mhyper::client::pool[0m[2m:[0m pooling idle connection for ("http", 192.168.0.14:8545)
[2m2025-12-10T10:10:36.298644Z[0m [34mDEBUG[0m [2mhyper::client::pool[0m[2m:[0m reuse idle connection for ("http", 192.168.0.14:8545)
[2m2025-12-10T10:10:36.298698Z[0m [34mDEBUG[0m [2mhyper::proto::h1::io[0m[2m:[0m flushed 172 bytes
[2m2025-12-10T10:10:36.303859Z[0m [34mDEBUG[0m [2mhyper::proto::h1::io[0m[2m:[0m parsed 4 headers
[2m2025-12-10T10:10:36.303880Z[0m [34mDEBUG[0m [2mhyper::proto::h1::conn[0m[2m:[0m incoming body is content-length (45 bytes)
[2m2025-12-10T10:10:36.303888Z[0m [34mDEBUG[0m [2mhyper::proto::h1::conn[0m[2m:[0m incoming body completed
[2m2025-12-10T10:10:36.303899Z[0m [34mDEBUG[0m [2mhyper::client::pool[0m[2m:[0m pooling idle connection for ("http", 192.168.0.14:8545)
[2m2025-12-10T10:10:36.398036Z[0m [34mDEBUG[0m [2mhyper::client::pool[0m[2m:[0m reuse idle connection for ("http", 192.168.0.14:8545)
[2m2025-12-10T10:10:36.398093Z[0m [34mDEBUG[0m [2mhyper::proto::h1::io[0m[2m:[0m flushed 172 bytes
[2m2025-12-10T10:10:36.401854Z[0m [34mDEBUG[0m [2mhyper::proto::h1::io[0m[2m:[0m parsed 4 headers
[2m2025-12-10T10:10:36.401863Z[0m [34mDEBUG[0m [2mhyper::proto::h1::conn[0m[2m:[0m incoming body is content-length (45 bytes)
[2m2025-12-10T10:10:36.401872Z[0m [34mDEBUG[0m [2mhyper::proto::h1::conn[0m[2m:[0m incoming body completed
[2m2025-12-10T10:10:36.401881Z[0m [34mDEBUG[0m [2mhyper::client::pool[0m[2m:[0m pooling idle connection for ("http", 192.168.0.14:8545)
[2m2025-12-10T10:10:36.444530Z[0m [34mDEBUG[0m [2methereum_transaction_pool_monitor::eth_client[0m[2m:[0m 📨 Received WebSocket message: {"jsonrpc":"2.0","method":"eth_subscription","params":{"subscription":"0xbed0a0851463e895960a451075a301a9","result":"0x0582965fd96ad52e8135764242f72015edb09f6a72cbd3973eb92fbdf6074208"}}
[2m2025-12-10T10:10:36.444550Z[0m [34mDEBUG[0m [2methereum_transaction_pool_monitor::eth_client[0m[2m:[0m 📨 Received pending transaction: 0x0582965fd96ad52e8135764242f72015edb09f6a72cbd3973eb92fbdf6074208
[2m2025-12-10T10:10:36.444558Z[0m [34mDEBUG[0m [2methereum_transaction_pool_monitor::mempool_monitor[0m[2m:[0m 📨 Processing new pending transaction: 0x0582965fd96ad52e8135764242f72015edb09f6a72cbd3973eb92fbdf6074208
[2m2025-12-10T10:10:36.444563Z[0m [34mDEBUG[0m [2methereum_transaction_pool_monitor::mempool_monitor[0m[2m:[0m 🔍 Fetching transaction details for: 0x0582965fd96ad52e8135764242f72015edb09f6a72cbd3973eb92fbdf6074208
[2m2025-12-10T10:10:36.444567Z[0m [34mDEBUG[0m [2methereum_transaction_pool_monitor::eth_client[0m[2m:[0m 🔍 Fetching transaction details for hash: 0x0582965fd96ad52e8135764242f72015edb09f6a72cbd3973eb92fbdf6074208
[2m2025-12-10T10:10:36.444584Z[0m [34mDEBUG[0m [2mhyper::client::pool[0m[2m:[0m reuse idle connection for ("http", 192.168.0.14:8545)
[2m2025-12-10T10:10:36.444607Z[0m [34mDEBUG[0m [2mhyper::proto::h1::io[0m[2m:[0m flushed 250 bytes
[2m2025-12-10T10:10:36.448749Z[0m [34mDEBUG[0m [2mhyper::proto::h1::io[0m[2m:[0m parsed 4 headers
[2m2025-12-10T10:10:36.448759Z[0m [34mDEBUG[0m [2mhyper::proto::h1::conn[0m[2m:[0m incoming body is content-length (770 bytes)
[2m2025-12-10T10:10:36.448766Z[0m [34mDEBUG[0m [2mhyper::proto::h1::conn[0m[2m:[0m incoming body completed
[2m2025-12-10T10:10:36.448774Z[0m [34mDEBUG[0m [2mhyper::client::pool[0m[2m:[0m pooling idle connection for ("http", 192.168.0.14:8545)
[2m2025-12-10T10:10:36.448781Z[0m [34mDEBUG[0m [2methereum_transaction_pool_monitor::eth_client[0m[2m:[0m 📡 Transaction fetch RPC completed in 4.20975ms
[2m2025-12-10T10:10:36.448796Z[0m [34mDEBUG[0m [2methereum_transaction_pool_monitor::eth_client[0m[2m:[0m DeFi transaction detected - Address: 0xdac17f958d2ee523a2206206994597c13d831ec7, Type: Stablecoin, Value: 0 ETH, Gas: 2.05 Gwei
[2m2025-12-10T10:10:36.448808Z[0m [34mDEBUG[0m [2methereum_transaction_pool_monitor::eth_client[0m[2m:[0m ✅ Transaction 0x0582965fd96ad52e8135764242f72015edb09f6a72cbd3973eb92fbdf6074208 fetched and parsed in 4.236542ms
[2m2025-12-10T10:10:36.448814Z[0m [34mDEBUG[0m [2methereum_transaction_pool_monitor::mempool_monitor[0m[2m:[0m 🔍 Skipping tx 0x0582965fd96ad52e8135764242f72015edb09f6a72cbd3973eb92fbdf6074208 - not a DEX interaction (target: 0xdAC17F958D2ee523a2206206994597C13D831ec7)
[2m2025-12-10T10:10:36.453609Z[0m [34mDEBUG[0m [2methereum_transaction_pool_monitor::eth_client[0m[2m:[0m 📨 Received WebSocket message: {"jsonrpc":"2.0","method":"eth_subscription","params":{"subscription":"0xbed0a0851463e895960a451075a301a9","result":"0xaf399073bf5d595427e1598028cdd9bf34b7a1ab5c2c764f324d3937c7469f8a"}}
[2m2025-12-10T10:10:36.456385Z[0m [34mDEBUG[0m [2methereum_transaction_pool_monitor::eth_client[0m[2m:[0m 📨 Received pending transaction: 0xaf399073bf5d595427e1598028cdd9bf34b7a1ab5c2c764f324d3937c7469f8a
[2m2025-12-10T10:10:36.456395Z[0m [34mDEBUG[0m [2methereum_transaction_pool_monitor::mempool_monitor[0m[2m:[0m 📨 Processing new pending transaction: 0xaf399073bf5d595427e1598028cdd9bf34b7a1ab5c2c764f324d3937c7469f8a
[2m2025-12-10T10:10:36.456401Z[0m [34mDEBUG[0m [2methereum_transaction_pool_monitor::mempool_monitor[0m[2m:[0m 🔍 Fetching transaction details for: 0xaf399073bf5d595427e1598028cdd9bf34b7a1ab5c2c764f324d3937c7469f8a
[2m2025-12-10T10:10:36.456407Z[0m [34mDEBUG[0m [2methereum_transaction_pool_monitor::eth_client[0m[2m:[0m 🔍 Fetching transaction details for hash: 0xaf399073bf5d595427e1598028cdd9bf34b7a1ab5c2c764f324d3937c7469f8a
[2m2025-12-10T10:10:36.456425Z[0m [34mDEBUG[0m [2mhyper::client::pool[0m[2m:[0m reuse idle connection for ("http", 192.168.0.14:8545)
[2m2025-12-10T10:10:36.456450Z[0m [34mDEBUG[0m [2mhyper::proto::h1::io[0m[2m:[0m flushed 250 bytes
[2m2025-12-10T10:10:36.459937Z[0m [34mDEBUG[0m [2mhyper::proto::h1::io[0m[2m:[0m parsed 4 headers
[2m2025-12-10T10:10:36.459943Z[0m [34mDEBUG[0m [2mhyper::proto::h1::conn[0m[2m:[0m incoming body is content-length (762 bytes)
[2m2025-12-10T10:10:36.459949Z[0m [34mDEBUG[0m [2mhyper::proto::h1::conn[0m[2m:[0m incoming body completed
[2m2025-12-10T10:10:36.459956Z[0m [34mDEBUG[0m [2mhyper::client::pool[0m[2m:[0m pooling idle connection for ("http", 192.168.0.14:8545)
[2m2025-12-10T10:10:36.459961Z[0m [34mDEBUG[0m [2methereum_transaction_pool_monitor::eth_client[0m[2m:[0m 📡 Transaction fetch RPC completed in 3.549417ms
[2m2025-12-10T10:10:36.459973Z[0m [34mDEBUG[0m [2methereum_transaction_pool_monitor::eth_client[0m[2m:[0m DeFi transaction detected - Address: 0xdac17f958d2ee523a2206206994597c13d831ec7, Type: Stablecoin, Value: 0 ETH, Gas: 0.24 Gwei
[2m2025-12-10T10:10:36.459982Z[0m [34mDEBUG[0m [2methereum_transaction_pool_monitor::eth_client[0m[2m:[0m ✅ Transaction 0xaf399073bf5d595427e1598028cdd9bf34b7a1ab5c2c764f324d3937c7469f8a fetched and parsed in 3.570583ms
[2m2025-12-10T10:10:36.459988Z[0m [34mDEBUG[0m [2methereum_transaction_pool_monitor::mempool_monitor[0m[2m:[0m 🔍 Skipping tx 0xaf399073bf5d595427e1598028cdd9bf34b7a1ab5c2c764f324d3937c7469f8a - not a DEX interaction (target: 0xdAC17F958D2ee523a2206206994597C13D831ec7)
[2m2025-12-10T10:10:36.460235Z[0m [34mDEBUG[0m [2methereum_transaction_pool_monitor::eth_client[0m[2m:[0m 📨 Received WebSocket message: {"jsonrpc":"2.0","method":"eth_subscription","params":{"subscription":"0xbed0a0851463e895960a451075a301a9","result":"0xed5815547448650e9923e03e04b23697baceac219103b251b7213a25d79163d5"}}
[2m2025-12-10T10:10:36.460242Z[0m [34mDEBUG[0m [2methereum_transaction_pool_monitor::eth_client[0m[2m:[0m 📨 Received pending transaction: 0xed5815547448650e9923e03e04b23697baceac219103b251b7213a25d79163d5
[2m2025-12-10T10:10:36.460247Z[0m [34mDEBUG[0m [2methereum_transaction_pool_monitor::mempool_monitor[0m[2m:[0m 📨 Processing new pending transaction: 0xed5815547448650e9923e03e04b23697baceac219103b251b7213a25d79163d5
[2m2025-12-10T10:10:36.460251Z[0m [34mDEBUG[0m [2methereum_transaction_pool_monitor::mempool_monitor[0m[2m:[0m 🔍 Fetching transaction details for: 0xed5815547448650e9923e03e04b23697baceac219103b251b7213a25d79163d5
[2m2025-12-10T10:10:36.460255Z[0m [34mDEBUG[0m [2methereum_transaction_pool_monitor::eth_client[0m[2m:[0m 🔍 Fetching transaction details for hash: 0xed5815547448650e9923e03e04b23697baceac219103b251b7213a25d79163d5
[2m2025-12-10T10:10:36.460265Z[0m [34mDEBUG[0m [2mhyper::client::pool[0m[2m:[0m reuse idle connection for ("http", 192.168.0.14:8545)
[2m2025-12-10T10:10:36.460279Z[0m [34mDEBUG[0m [2mhyper::proto::h1::io[0m[2m:[0m flushed 250 bytes
[2m2025-12-10T10:10:36.465576Z[0m [34mDEBUG[0m [2mhyper::proto::h1::io[0m[2m:[0m parsed 4 headers
[2m2025-12-10T10:10:36.465588Z[0m [34mDEBUG[0m [2mhyper::proto::h1::conn[0m[2m:[0m incoming body is content-length (1218 bytes)
[2m2025-12-10T10:10:36.465595Z[0m [34mDEBUG[0m [2mhyper::proto::h1::conn[0m[2m:[0m incoming body completed
[2m2025-12-10T10:10:36.465604Z[0m [34mDEBUG[0m [2mhyper::client::pool[0m[2m:[0m pooling idle connection for ("http", 192.168.0.14:8545)
[2m2025-12-10T10:10:36.465611Z[0m [34mDEBUG[0m [2methereum_transaction_pool_monitor::eth_client[0m[2m:[0m 📡 Transaction fetch RPC completed in 5.352542ms
[2m2025-12-10T10:10:36.536743Z[0m [34mDEBUG[0m [2methereum_transaction_pool_monitor::eth_client[0m[2m:[0m ✅ Transaction 0xed5815547448650e9923e03e04b23697baceac219103b251b7213a25d79163d5 fetched and parsed in 76.4815ms
[2m2025-12-10T10:10:36.536772Z[0m [34mDEBUG[0m [2methereum_transaction_pool_monitor::mempool_monitor[0m[2m:[0m 🔍 Skipping tx 0xed5815547448650e9923e03e04b23697baceac219103b251b7213a25d79163d5 - not a DEX interaction (target: 0xF6801D319497789f934ec7F83E142a9536312B08)
[2m2025-12-10T10:10:36.536818Z[0m [34mDEBUG[0m [2mhyper::client::pool[0m[2m:[0m reuse idle connection for ("http", 192.168.0.14:8545)
[2m2025-12-10T10:10:36.536860Z[0m [34mDEBUG[0m [2mhyper::proto::h1::io[0m[2m:[0m flushed 172 bytes
[2m2025-12-10T10:10:36.541477Z[0m [34mDEBUG[0m [2mhyper::proto::h1::io[0m[2m:[0m parsed 4 headers
[2m2025-12-10T10:10:36.541514Z[0m [34mDEBUG[0m [2mhyper::proto::h1::conn[0m[2m:[0m incoming body is content-length (45 bytes)
[2m2025-12-10T10:10:36.541538Z[0m [34mDEBUG[0m [2mhyper::proto::h1::conn[0m[2m:[0m incoming body completed
[2m2025-12-10T10:10:36.541548Z[0m [34mDEBUG[0m [2mhyper::client::pool[0m[2m:[0m pooling idle connection for ("http", 192.168.0.14:8545)
[2m2025-12-10T10:10:36.574842Z[0m [34mDEBUG[0m [2methereum_transaction_pool_monitor::eth_client[0m[2m:[0m 📨 Received WebSocket message: {"jsonrpc":"2.0","method":"eth_subscription","params":{"subscription":"0xbed0a0851463e895960a451075a301a9","result":"0xccd6cc3b197e967596e64f87e1f02f74ff1c0a75ce43a9908e2458e164733e44"}}
[2m2025-12-10T10:10:36.574861Z[0m [34mDEBUG[0m [2methereum_transaction_pool_monitor::eth_client[0m[2m:[0m 📨 Received pending transaction: 0xccd6cc3b197e967596e64f87e1f02f74ff1c0a75ce43a9908e2458e164733e44
[2m2025-12-10T10:10:36.574870Z[0m [34mDEBUG[0m [2methereum_transaction_pool_monitor::mempool_monitor[0m[2m:[0m 📨 Processing new pending transaction: 0xccd6cc3b197e967596e64f87e1f02f74ff1c0a75ce43a9908e2458e164733e44
[2m2025-12-10T10:10:36.574874Z[0m [34mDEBUG[0m [2methereum_transaction_pool_monitor::mempool_monitor[0m[2m:[0m 🔍 Fetching transaction details for: 0xccd6cc3b197e967596e64f87e1f02f74ff1c0a75ce43a9908e2458e164733e44
[2m2025-12-10T10:10:36.574879Z[0m [34mDEBUG[0m [2methereum_transaction_pool_monitor::eth_client[0m[2m:[0m 🔍 Fetching transaction details for hash: 0xccd6cc3b197e967596e64f87e1f02f74ff1c0a75ce43a9908e2458e164733e44
[2m2025-12-10T10:10:36.574900Z[0m [34mDEBUG[0m [2mhyper::client::pool[0m[2m:[0m reuse idle connection for ("http", 192.168.0.14:8545)
[2m2025-12-10T10:10:36.574920Z[0m [34mDEBUG[0m [2mhyper::proto::h1::io[0m[2m:[0m flushed 250 bytes
[2m2025-12-10T10:10:36.579255Z[0m [34mDEBUG[0m [2mhyper::proto::h1::io[0m[2m:[0m parsed 4 headers
[2m2025-12-10T10:10:36.579261Z[0m [34mDEBUG[0m [2mhyper::proto::h1::conn[0m[2m:[0m incoming body is content-length (1730 bytes)
[2m2025-12-10T10:10:36.579268Z[0m [34mDEBUG[0m [2mhyper::proto::h1::conn[0m[2m:[0m incoming body completed
[2m2025-12-10T10:10:36.579276Z[0m [34mDEBUG[0m [2mhyper::client::pool[0m[2m:[0m pooling idle connection for ("http", 192.168.0.14:8545)
[2m2025-12-10T10:10:36.579282Z[0m [34mDEBUG[0m [2methereum_transaction_pool_monitor::eth_client[0m[2m:[0m 📡 Transaction fetch RPC completed in 4.399417ms
[2m2025-12-10T10:10:36.651663Z[0m [34mDEBUG[0m [2methereum_transaction_pool_monitor::eth_client[0m[2m:[0m ✅ Transaction 0xccd6cc3b197e967596e64f87e1f02f74ff1c0a75ce43a9908e2458e164733e44 fetched and parsed in 76.778417ms
[2m2025-12-10T10:10:36.651693Z[0m [34mDEBUG[0m [2methereum_transaction_pool_monitor::mempool_monitor[0m[2m:[0m 🔍 Skipping tx 0xccd6cc3b197e967596e64f87e1f02f74ff1c0a75ce43a9908e2458e164733e44 - not a DEX interaction (target: 0x601a2aD6CB5949f0529735254189Ba3194221EDF)
[2m2025-12-10T10:10:36.651736Z[0m [34mDEBUG[0m [2mhyper::client::pool[0m[2m:[0m reuse idle connection for ("http", 192.168.0.14:8545)
[2m2025-12-10T10:10:36.651779Z[0m [34mDEBUG[0m [2mhyper::proto::h1::io[0m[2m:[0m flushed 172 bytes
[2m2025-12-10T10:10:36.657247Z[0m [34mDEBUG[0m [2mhyper::proto::h1::io[0m[2m:[0m parsed 4 headers
[2m2025-12-10T10:10:36.657256Z[0m [34mDEBUG[0m [2mhyper::proto::h1::conn[0m[2m:[0m incoming body is content-length (45 bytes)
[2m2025-12-10T10:10:36.657263Z[0m [34mDEBUG[0m [2mhyper::proto::h1::conn[0m[2m:[0m incoming body completed
[2m2025-12-10T10:10:36.657272Z[0m [34mDEBUG[0m [2mhyper::client::pool[0m[2m:[0m pooling idle connection for ("http", 192.168.0.14:8545)
[2m2025-12-10T10:10:36.698981Z[0m [34mDEBUG[0m [2mhyper::client::pool[0m[2m:[0m reuse idle connection for ("http", 192.168.0.14:8545)
[2m2025-12-10T10:10:36.699031Z[0m [34mDEBUG[0m [2mhyper::proto::h1::io[0m[2m:[0m flushed 172 bytes
[2m2025-12-10T10:10:36.701792Z[0m [34mDEBUG[0m [2mhyper::proto::h1::io[0m[2m:[0m parsed 4 headers
[2m2025-12-10T10:10:36.701810Z[0m [34mDEBUG[0m [2mhyper::proto::h1::conn[0m[2m:[0m incoming body is content-length (45 bytes)
[2m2025-12-10T10:10:36.701822Z[0m [34mDEBUG[0m [2mhyper::proto::h1::conn[0m[2m:[0m incoming body completed
[2m2025-12-10T10:10:36.701838Z[0m [34mDEBUG[0m [2mhyper::client::pool[0m[2m:[0m pooling idle connection for ("http", 192.168.0.14:8545)
[2m2025-12-10T10:10:36.712174Z[0m [34mDEBUG[0m [2methereum_transaction_pool_monitor::eth_client[0m[2m:[0m 📨 Received WebSocket message: {"jsonrpc":"2.0","method":"eth_subscription","params":{"subscription":"0xbed0a0851463e895960a451075a301a9","result":"0x50db5423c68a22d980d5d0fcb0cdb4c2ec8d257b7447f2fbf9781fabb52c3b87"}}
[2m2025-12-10T10:10:36.712190Z[0m [34mDEBUG[0m [2methereum_transaction_pool_monitor::eth_client[0m[2m:[0m 📨 Received pending transaction: 0x50db5423c68a22d980d5d0fcb0cdb4c2ec8d257b7447f2fbf9781fabb52c3b87
[2m2025-12-10T10:10:36.712197Z[0m [34mDEBUG[0m [2methereum_transaction_pool_monitor::mempool_monitor[0m[2m:[0m 📨 Processing new pending transaction: 0x50db5423c68a22d980d5d0fcb0cdb4c2ec8d257b7447f2fbf9781fabb52c3b87
[2m2025-12-10T10:10:36.712202Z[0m [34mDEBUG[0m [2methereum_transaction_pool_monitor::mempool_monitor[0m[2m:[0m 🔍 Fetching transaction details for: 0x50db5423c68a22d980d5d0fcb0cdb4c2ec8d257b7447f2fbf9781fabb52c3b87
[2m2025-12-10T10:10:36.712206Z[0m [34mDEBUG[0m [2methereum_transaction_pool_monitor::eth_client[0m[2m:[0m 🔍 Fetching transaction details for hash: 0x50db5423c68a22d980d5d0fcb0cdb4c2ec8d257b7447f2fbf9781fabb52c3b87
[2m2025-12-10T10:10:36.712221Z[0m [34mDEBUG[0m [2mhyper::client::pool[0m[2m:[0m reuse idle connection for ("http", 192.168.0.14:8545)
[2m2025-12-10T10:10:36.712238Z[0m [34mDEBUG[0m [2mhyper::proto::h1::io[0m[2m:[0m flushed 250 bytes
[2m2025-12-10T10:10:36.717538Z[0m [34mDEBUG[0m [2mhyper::proto::h1::io[0m[2m:[0m parsed 4 headers
[2m2025-12-10T10:10:36.717550Z[0m [34mDEBUG[0m [2mhyper::proto::h1::conn[0m[2m:[0m incoming body is content-length (680 bytes)
[2m2025-12-10T10:10:36.717556Z[0m [34mDEBUG[0m [2mhyper::proto::h1::conn[0m[2m:[0m incoming body completed
[2m2025-12-10T10:10:36.717565Z[0m [34mDEBUG[0m [2mhyper::client::pool[0m[2m:[0m pooling idle connection for ("http", 192.168.0.14:8545)
[2m2025-12-10T10:10:36.717570Z[0m [34mDEBUG[0m [2methereum_transaction_pool_monitor::eth_client[0m[2m:[0m 📡 Transaction fetch RPC completed in 5.360125ms
[2m2025-12-10T10:10:36.786482Z[0m [34mDEBUG[0m [2methereum_transaction_pool_monitor::eth_client[0m[2m:[0m ✅ Transaction 0x50db5423c68a22d980d5d0fcb0cdb4c2ec8d257b7447f2fbf9781fabb52c3b87 fetched and parsed in 74.269791ms
[2m2025-12-10T10:10:36.786509Z[0m [34mDEBUG[0m [2methereum_transaction_pool_monitor::mempool_monitor[0m[2m:[0m 🔍 Skipping tx 0x50db5423c68a22d980d5d0fcb0cdb4c2ec8d257b7447f2fbf9781fabb52c3b87 - not a DEX interaction (target: 0xA0b86991c6218b36c1d19D4a2e9Eb0cE3606eB48)
[2m2025-12-10T10:10:36.798566Z[0m [34mDEBUG[0m [2mhyper::client::pool[0m[2m:[0m reuse idle connection for ("http", 192.168.0.14:8545)
[2m2025-12-10T10:10:36.798613Z[0m [34mDEBUG[0m [2mhyper::proto::h1::io[0m[2m:[0m flushed 172 bytes
[2m2025-12-10T10:10:36.803880Z[0m [34mDEBUG[0m [2mhyper::proto::h1::io[0m[2m:[0m parsed 4 headers
[2m2025-12-10T10:10:36.803893Z[0m [34mDEBUG[0m [2mhyper::proto::h1::conn[0m[2m:[0m incoming body is content-length (45 bytes)
[2m2025-12-10T10:10:36.803900Z[0m [34mDEBUG[0m [2mhyper::proto::h1::conn[0m[2m:[0m incoming body completed
[2m2025-12-10T10:10:36.803910Z[0m [34mDEBUG[0m [2mhyper::client::pool[0m[2m:[0m pooling idle connection for ("http", 192.168.0.14:8545)
[2m2025-12-10T10:10:36.899039Z[0m [34mDEBUG[0m [2mhyper::client::pool[0m[2m:[0m reuse idle connection for ("http", 192.168.0.14:8545)
[2m2025-12-10T10:10:36.899131Z[0m [34mDEBUG[0m [2mhyper::proto::h1::io[0m[2m:[0m flushed 172 bytes
[2m2025-12-10T10:10:36.903690Z[0m [34mDEBUG[0m [2mhyper::proto::h1::io[0m[2m:[0m parsed 4 headers
[2m2025-12-10T10:10:36.903712Z[0m [34mDEBUG[0m [2mhyper::proto::h1::conn[0m[2m:[0m incoming body is content-length (45 bytes)
[2m2025-12-10T10:10:36.903734Z[0m [34mDEBUG[0m [2mhyper::proto::h1::conn[0m[2m:[0m incoming body completed
[2m2025-12-10T10:10:36.903747Z[0m [34mDEBUG[0m [2mhyper::client::pool[0m[2m:[0m pooling idle connection for ("http", 192.168.0.14:8545)
[2m2025-12-10T10:10:36.904554Z[0m [34mDEBUG[0m [2methereum_transaction_pool_monitor::eth_client[0m[2m:[0m 📨 Received WebSocket message: {"jsonrpc":"2.0","method":"eth_subscription","params":{"subscription":"0xbed0a0851463e895960a451075a301a9","result":"0x4d183a800219a0638eb0239db96658c812ec04a30f82f5ef099611501a0fe34d"}}
[2m2025-12-10T10:10:36.904566Z[0m [34mDEBUG[0m [2methereum_transaction_pool_monitor::eth_client[0m[2m:[0m 📨 Received pending transaction: 0x4d183a800219a0638eb0239db96658c812ec04a30f82f5ef099611501a0fe34d
[2m2025-12-10T10:10:36.904576Z[0m [34mDEBUG[0m [2methereum_transaction_pool_monitor::mempool_monitor[0m[2m:[0m 📨 Processing new pending transaction: 0x4d183a800219a0638eb0239db96658c812ec04a30f82f5ef099611501a0fe34d
[2m2025-12-10T10:10:36.904582Z[0m [34mDEBUG[0m [2methereum_transaction_pool_monitor::mempool_monitor[0m[2m:[0m 🔍 Fetching transaction details for: 0x4d183a800219a0638eb0239db96658c812ec04a30f82f5ef099611501a0fe34d
[2m2025-12-10T10:10:36.904589Z[0m [34mDEBUG[0m [2methereum_transaction_pool_monitor::eth_client[0m[2m:[0m 🔍 Fetching transaction details for hash: 0x4d183a800219a0638eb0239db96658c812ec04a30f82f5ef099611501a0fe34d
[2m2025-12-10T10:10:36.904602Z[0m [34mDEBUG[0m [2mhyper::client::pool[0m[2m:[0m reuse idle connection for ("http", 192.168.0.14:8545)
[2m2025-12-10T10:10:36.904618Z[0m [34mDEBUG[0m [2mhyper::proto::h1::io[0m[2m:[0m flushed 250 bytes
[2m2025-12-10T10:10:36.910571Z[0m [34mDEBUG[0m [2mhyper::proto::h1::io[0m[2m:[0m parsed 4 headers
[2m2025-12-10T10:10:36.910583Z[0m [34mDEBUG[0m [2mhyper::proto::h1::conn[0m[2m:[0m incoming body is content-length (705 bytes)
[2m2025-12-10T10:10:36.910590Z[0m [34mDEBUG[0m [2mhyper::proto::h1::conn[0m[2m:[0m incoming body completed
[2m2025-12-10T10:10:36.910599Z[0m [34mDEBUG[0m [2mhyper::client::pool[0m[2m:[0m pooling idle connection for ("http", 192.168.0.14:8545)
[2m2025-12-10T10:10:36.910606Z[0m [34mDEBUG[0m [2methereum_transaction_pool_monitor::eth_client[0m[2m:[0m 📡 Transaction fetch RPC completed in 6.011833ms
[2m2025-12-10T10:10:36.983114Z[0m [34mDEBUG[0m [2methereum_transaction_pool_monitor::eth_client[0m[2m:[0m ✅ Transaction 0x4d183a800219a0638eb0239db96658c812ec04a30f82f5ef099611501a0fe34d fetched and parsed in 78.516583ms
[2m2025-12-10T10:10:36.983141Z[0m [34mDEBUG[0m [2methereum_transaction_pool_monitor::mempool_monitor[0m[2m:[0m 🔍 Skipping tx 0x4d183a800219a0638eb0239db96658c812ec04a30f82f5ef099611501a0fe34d - not a DEX interaction (target: 0xA0b86991c6218b36c1d19D4a2e9Eb0cE3606eB48)
[2m2025-12-10T10:10:36.983187Z[0m [34mDEBUG[0m [2methereum_transaction_pool_monitor::eth_client[0m[2m:[0m 📨 Received WebSocket message: {"jsonrpc":"2.0","method":"eth_subscription","params":{"subscription":"0xbed0a0851463e895960a451075a301a9","result":"0x3f67c40a9098e2e65192fe260344179673a1f4d0ed39cd32de51b937e7b2d8bb"}}
[2m2025-12-10T10:10:36.983198Z[0m [34mDEBUG[0m [2methereum_transaction_pool_monitor::eth_client[0m[2m:[0m 📨 Received pending transaction: 0x3f67c40a9098e2e65192fe260344179673a1f4d0ed39cd32de51b937e7b2d8bb
[2m2025-12-10T10:10:36.983206Z[0m [34mDEBUG[0m [2methereum_transaction_pool_monitor::mempool_monitor[0m[2m:[0m 📨 Processing new pending transaction: 0x3f67c40a9098e2e65192fe260344179673a1f4d0ed39cd32de51b937e7b2d8bb
[2m2025-12-10T10:10:36.983212Z[0m [34mDEBUG[0m [2methereum_transaction_pool_monitor::mempool_monitor[0m[2m:[0m 🔍 Fetching transaction details for: 0x3f67c40a9098e2e65192fe260344179673a1f4d0ed39cd32de51b937e7b2d8bb
[2m2025-12-10T10:10:36.983217Z[0m [34mDEBUG[0m [2methereum_transaction_pool_monitor::eth_client[0m[2m:[0m 🔍 Fetching transaction details for hash: 0x3f67c40a9098e2e65192fe260344179673a1f4d0ed39cd32de51b937e7b2d8bb
[2m2025-12-10T10:10:36.983240Z[0m [34mDEBUG[0m [2mhyper::client::pool[0m[2m:[0m reuse idle connection for ("http", 192.168.0.14:8545)
[2m2025-12-10T10:10:36.983263Z[0m [34mDEBUG[0m [2mhyper::proto::h1::io[0m[2m:[0m flushed 250 bytes
[2m2025-12-10T10:10:36.989700Z[0m [34mDEBUG[0m [2mhyper::proto::h1::io[0m[2m:[0m parsed 4 headers
[2m2025-12-10T10:10:36.989717Z[0m [34mDEBUG[0m [2mhyper::proto::h1::conn[0m[2m:[0m incoming body is content-length (1219 bytes)
[2m2025-12-10T10:10:36.989725Z[0m [34mDEBUG[0m [2mhyper::proto::h1::conn[0m[2m:[0m incoming body completed
[2m2025-12-10T10:10:36.989736Z[0m [34mDEBUG[0m [2mhyper::client::pool[0m[2m:[0m pooling idle connection for ("http", 192.168.0.14:8545)
[2m2025-12-10T10:10:36.989754Z[0m [34mDEBUG[0m [2methereum_transaction_pool_monitor::eth_client[0m[2m:[0m 📡 Transaction fetch RPC completed in 6.531792ms
[2m2025-12-10T10:10:37.060377Z[0m [34mDEBUG[0m [2methereum_transaction_pool_monitor::eth_client[0m[2m:[0m ✅ Transaction 0x3f67c40a9098e2e65192fe260344179673a1f4d0ed39cd32de51b937e7b2d8bb fetched and parsed in 77.152084ms
[2m2025-12-10T10:10:37.060407Z[0m [34mDEBUG[0m [2methereum_transaction_pool_monitor::mempool_monitor[0m[2m:[0m 🔍 Skipping tx 0x3f67c40a9098e2e65192fe260344179673a1f4d0ed39cd32de51b937e7b2d8bb - not a DEX interaction (target: 0xF6801D319497789f934ec7F83E142a9536312B08)
[2m2025-12-10T10:10:37.060453Z[0m [34mDEBUG[0m [2mhyper::client::pool[0m[2m:[0m reuse idle connection for ("http", 192.168.0.14:8545)
[2m2025-12-10T10:10:37.060503Z[0m [34mDEBUG[0m [2mhyper::proto::h1::io[0m[2m:[0m flushed 172 bytes
[2m2025-12-10T10:10:37.064095Z[0m [34mDEBUG[0m [2mhyper::proto::h1::io[0m[2m:[0m parsed 4 headers
[2m2025-12-10T10:10:37.064125Z[0m [34mDEBUG[0m [2mhyper::proto::h1::conn[0m[2m:[0m incoming body is content-length (45 bytes)
[2m2025-12-10T10:10:37.064146Z[0m [34mDEBUG[0m [2mhyper::proto::h1::conn[0m[2m:[0m incoming body completed
[2m2025-12-10T10:10:37.064171Z[0m [34mDEBUG[0m [2mhyper::client::pool[0m[2m:[0m pooling idle connection for ("http", 192.168.0.14:8545)
[2m2025-12-10T10:10:37.099256Z[0m [34mDEBUG[0m [2mhyper::client::pool[0m[2m:[0m reuse idle connection for ("http", 192.168.0.14:8545)
[2m2025-12-10T10:10:37.099331Z[0m [34mDEBUG[0m [2mhyper::proto::h1::io[0m[2m:[0m flushed 172 bytes
[2m2025-12-10T10:10:37.104861Z[0m [34mDEBUG[0m [2mhyper::proto::h1::io[0m[2m:[0m parsed 4 headers
[2m2025-12-10T10:10:37.104870Z[0m [34mDEBUG[0m [2mhyper::proto::h1::conn[0m[2m:[0m incoming body is content-length (45 bytes)
[2m2025-12-10T10:10:37.104876Z[0m [34mDEBUG[0m [2mhyper::proto::h1::conn[0m[2m:[0m incoming body completed
[2m2025-12-10T10:10:37.104884Z[0m [34mDEBUG[0m [2mhyper::client::pool[0m[2m:[0m pooling idle connection for ("http", 192.168.0.14:8545)
[2m2025-12-10T10:10:37.172497Z[0m [34mDEBUG[0m [2methereum_transaction_pool_monitor::eth_client[0m[2m:[0m 📨 Received WebSocket message: {"jsonrpc":"2.0","method":"eth_subscription","params":{"subscription":"0xbed0a0851463e895960a451075a301a9","result":"0xcfe7fcad97ad6adb703d1ffd3c8b4e5c8cbda4604d7b759e16ce773caf3af5e8"}}
[2m2025-12-10T10:10:37.172537Z[0m [34mDEBUG[0m [2methereum_transaction_pool_monitor::eth_client[0m[2m:[0m 📨 Received pending transaction: 0xcfe7fcad97ad6adb703d1ffd3c8b4e5c8cbda4604d7b759e16ce773caf3af5e8
[2m2025-12-10T10:10:37.172549Z[0m [34mDEBUG[0m [2methereum_transaction_pool_monitor::mempool_monitor[0m[2m:[0m 📨 Processing new pending transaction: 0xcfe7fcad97ad6adb703d1ffd3c8b4e5c8cbda4604d7b759e16ce773caf3af5e8
[2m2025-12-10T10:10:37.172558Z[0m [34mDEBUG[0m [2methereum_transaction_pool_monitor::mempool_monitor[0m[2m:[0m 🔍 Fetching transaction details for: 0xcfe7fcad97ad6adb703d1ffd3c8b4e5c8cbda4604d7b759e16ce773caf3af5e8
[2m2025-12-10T10:10:37.172565Z[0m [34mDEBUG[0m [2methereum_transaction_pool_monitor::eth_client[0m[2m:[0m 🔍 Fetching transaction details for hash: 0xcfe7fcad97ad6adb703d1ffd3c8b4e5c8cbda4604d7b759e16ce773caf3af5e8
[2m2025-12-10T10:10:37.172589Z[0m [34mDEBUG[0m [2mhyper::client::pool[0m[2m:[0m reuse idle connection for ("http", 192.168.0.14:8545)
[2m2025-12-10T10:10:37.172618Z[0m [34mDEBUG[0m [2mhyper::proto::h1::io[0m[2m:[0m flushed 250 bytes
[2m2025-12-10T10:10:37.176536Z[0m [34mDEBUG[0m [2mhyper::proto::h1::io[0m[2m:[0m parsed 4 headers
[2m2025-12-10T10:10:37.176548Z[0m [34mDEBUG[0m [2mhyper::proto::h1::conn[0m[2m:[0m incoming body is content-length (647 bytes)
[2m2025-12-10T10:10:37.176557Z[0m [34mDEBUG[0m [2mhyper::proto::h1::conn[0m[2m:[0m incoming body completed
[2m2025-12-10T10:10:37.176567Z[0m [34mDEBUG[0m [2mhyper::client::pool[0m[2m:[0m pooling idle connection for ("http", 192.168.0.14:8545)
[2m2025-12-10T10:10:37.176580Z[0m [34mDEBUG[0m [2methereum_transaction_pool_monitor::eth_client[0m[2m:[0m 📡 Transaction fetch RPC completed in 4.008375ms
[2m2025-12-10T10:10:37.249871Z[0m [34mDEBUG[0m [2methereum_transaction_pool_monitor::eth_client[0m[2m:[0m ✅ Transaction 0xcfe7fcad97ad6adb703d1ffd3c8b4e5c8cbda4604d7b759e16ce773caf3af5e8 fetched and parsed in 77.296625ms
[2m2025-12-10T10:10:37.249897Z[0m [34mDEBUG[0m [2methereum_transaction_pool_monitor::mempool_monitor[0m[2m:[0m 🔍 Skipping tx 0xcfe7fcad97ad6adb703d1ffd3c8b4e5c8cbda4604d7b759e16ce773caf3af5e8 - not a DEX interaction (target: 0x2f36812C11c9D58981db5EF84b23967576930932)
[2m2025-12-10T10:10:37.249940Z[0m [34mDEBUG[0m [2mhyper::client::pool[0m[2m:[0m reuse idle connection for ("http", 192.168.0.14:8545)
[2m2025-12-10T10:10:37.249975Z[0m [34mDEBUG[0m [2mhyper::proto::h1::io[0m[2m:[0m flushed 172 bytes
[2m2025-12-10T10:10:37.249986Z[0m [34mDEBUG[0m [2methereum_transaction_pool_monitor::eth_client[0m[2m:[0m 📨 Received WebSocket message: {"jsonrpc":"2.0","method":"eth_subscription","params":{"subscription":"0xbed0a0851463e895960a451075a301a9","result":"0x2df8c9bd394a4ec122d37522517452e16ddf4c6619bf70e0478e66279364f105"}}
[2m2025-12-10T10:10:37.249998Z[0m [34mDEBUG[0m [2methereum_transaction_pool_monitor::eth_client[0m[2m:[0m 📨 Received pending transaction: 0x2df8c9bd394a4ec122d37522517452e16ddf4c6619bf70e0478e66279364f105
[2m2025-12-10T10:10:37.250005Z[0m [34mDEBUG[0m [2methereum_transaction_pool_monitor::mempool_monitor[0m[2m:[0m 📨 Processing new pending transaction: 0x2df8c9bd394a4ec122d37522517452e16ddf4c6619bf70e0478e66279364f105
[2m2025-12-10T10:10:37.250011Z[0m [34mDEBUG[0m [2methereum_transaction_pool_monitor::mempool_monitor[0m[2m:[0m 🔍 Fetching transaction details for: 0x2df8c9bd394a4ec122d37522517452e16ddf4c6619bf70e0478e66279364f105
[2m2025-12-10T10:10:37.250016Z[0m [34mDEBUG[0m [2methereum_transaction_pool_monitor::eth_client[0m[2m:[0m 🔍 Fetching transaction details for hash: 0x2df8c9bd394a4ec122d37522517452e16ddf4c6619bf70e0478e66279364f105
[2m2025-12-10T10:10:37.250028Z[0m [34mDEBUG[0m [2mhyper::client::pool[0m[2m:[0m reuse idle connection for ("http", 192.168.0.14:8545)
[2m2025-12-10T10:10:37.250045Z[0m [34mDEBUG[0m [2mhyper::proto::h1::io[0m[2m:[0m flushed 250 bytes
[2m2025-12-10T10:10:37.250662Z[0m [34mDEBUG[0m [2methereum_transaction_pool_monitor::eth_client[0m[2m:[0m 📨 Received WebSocket message: {"jsonrpc":"2.0","method":"eth_subscription","params":{"subscription":"0xbed0a0851463e895960a451075a301a9","result":"0x9afdadd77fb9ac329ee2a11fa14791b5298cc948db00680407fe3122030b2568"}}
[2m2025-12-10T10:10:37.250670Z[0m [34mDEBUG[0m [2methereum_transaction_pool_monitor::eth_client[0m[2m:[0m 📨 Received pending transaction: 0x9afdadd77fb9ac329ee2a11fa14791b5298cc948db00680407fe3122030b2568
[2m2025-12-10T10:10:37.256771Z[0m [34mDEBUG[0m [2mhyper::proto::h1::io[0m[2m:[0m parsed 4 headers
[2m2025-12-10T10:10:37.256815Z[0m [34mDEBUG[0m [2mhyper::proto::h1::conn[0m[2m:[0m incoming body is content-length (45 bytes)
[2m2025-12-10T10:10:37.256839Z[0m [34mDEBUG[0m [2mhyper::proto::h1::conn[0m[2m:[0m incoming body completed
[2m2025-12-10T10:10:37.256850Z[0m [34mDEBUG[0m [2mhyper::client::pool[0m[2m:[0m pooling idle connection for ("http", 192.168.0.14:8545)
[2m2025-12-10T10:10:37.261603Z[0m [34mDEBUG[0m [2mhyper::proto::h1::io[0m[2m:[0m parsed 4 headers
[2m2025-12-10T10:10:37.261612Z[0m [34mDEBUG[0m [2mhyper::proto::h1::conn[0m[2m:[0m incoming body is content-length (769 bytes)
[2m2025-12-10T10:10:37.261618Z[0m [34mDEBUG[0m [2mhyper::proto::h1::conn[0m[2m:[0m incoming body completed
[2m2025-12-10T10:10:37.261626Z[0m [34mDEBUG[0m [2mhyper::client::pool[0m[2m:[0m pooling idle connection for ("http", 192.168.0.14:8545)
[2m2025-12-10T10:10:37.261632Z[0m [34mDEBUG[0m [2methereum_transaction_pool_monitor::eth_client[0m[2m:[0m 📡 Transaction fetch RPC completed in 11.608792ms
[2m2025-12-10T10:10:37.330525Z[0m [34mDEBUG[0m [2methereum_transaction_pool_monitor::eth_client[0m[2m:[0m ✅ Transaction 0x2df8c9bd394a4ec122d37522517452e16ddf4c6619bf70e0478e66279364f105 fetched and parsed in 80.499708ms
[2m2025-12-10T10:10:37.330556Z[0m [34mDEBUG[0m [2methereum_transaction_pool_monitor::mempool_monitor[0m[2m:[0m 🔍 Skipping tx 0x2df8c9bd394a4ec122d37522517452e16ddf4c6619bf70e0478e66279364f105 - not a DEX interaction (target: 0xA0b86991c6218b36c1d19D4a2e9Eb0cE3606eB48)
[2m2025-12-10T10:10:37.330576Z[0m [34mDEBUG[0m [2methereum_transaction_pool_monitor::mempool_monitor[0m[2m:[0m 📨 Processing new pending transaction: 0x9afdadd77fb9ac329ee2a11fa14791b5298cc948db00680407fe3122030b2568
[2m2025-12-10T10:10:37.330585Z[0m [34mDEBUG[0m [2methereum_transaction_pool_monitor::mempool_monitor[0m[2m:[0m 🔍 Fetching transaction details for: 0x9afdadd77fb9ac329ee2a11fa14791b5298cc948db00680407fe3122030b2568
[2m2025-12-10T10:10:37.330592Z[0m [34mDEBUG[0m [2methereum_transaction_pool_monitor::eth_client[0m[2m:[0m 🔍 Fetching transaction details for hash: 0x9afdadd77fb9ac329ee2a11fa14791b5298cc948db00680407fe3122030b2568
[2m2025-12-10T10:10:37.330616Z[0m [34mDEBUG[0m [2mhyper::client::pool[0m[2m:[0m reuse idle connection for ("http", 192.168.0.14:8545)
[2m2025-12-10T10:10:37.330650Z[0m [34mDEBUG[0m [2mhyper::proto::h1::io[0m[2m:[0m flushed 250 bytes
[2m2025-12-10T10:10:37.330680Z[0m [34mDEBUG[0m [2mhyper::client::pool[0m[2m:[0m reuse idle connection for ("http", 192.168.0.14:8545)
[2m2025-12-10T10:10:37.330697Z[0m [34mDEBUG[0m [2mhyper::proto::h1::io[0m[2m:[0m flushed 172 bytes
[2m2025-12-10T10:10:37.334774Z[0m [34mDEBUG[0m [2mhyper::proto::h1::io[0m[2m:[0m parsed 4 headers
[2m2025-12-10T10:10:37.334780Z[0m [34mDEBUG[0m [2mhyper::proto::h1::conn[0m[2m:[0m incoming body is content-length (771 bytes)
[2m2025-12-10T10:10:37.334788Z[0m [34mDEBUG[0m [2mhyper::proto::h1::conn[0m[2m:[0m incoming body completed
[2m2025-12-10T10:10:37.334797Z[0m [34mDEBUG[0m [2mhyper::client::pool[0m[2m:[0m pooling idle connection for ("http", 192.168.0.14:8545)
[2m2025-12-10T10:10:37.334803Z[0m [34mDEBUG[0m [2methereum_transaction_pool_monitor::eth_client[0m[2m:[0m 📡 Transaction fetch RPC completed in 4.203334ms
[2m2025-12-10T10:10:37.334819Z[0m [34mDEBUG[0m [2methereum_transaction_pool_monitor::eth_client[0m[2m:[0m DeFi transaction detected - Address: 0xdac17f958d2ee523a2206206994597c13d831ec7, Type: Stablecoin, Value: 0 ETH, Gas: 0.75 Gwei
[2m2025-12-10T10:10:37.334833Z[0m [34mDEBUG[0m [2methereum_transaction_pool_monitor::eth_client[0m[2m:[0m ✅ Transaction 0x9afdadd77fb9ac329ee2a11fa14791b5298cc948db00680407fe3122030b2568 fetched and parsed in 4.233209ms
[2m2025-12-10T10:10:37.334838Z[0m [34mDEBUG[0m [2methereum_transaction_pool_monitor::mempool_monitor[0m[2m:[0m 🔍 Skipping tx 0x9afdadd77fb9ac329ee2a11fa14791b5298cc948db00680407fe3122030b2568 - not a DEX interaction (target: 0xdAC17F958D2ee523a2206206994597C13D831ec7)
[2m2025-12-10T10:10:37.336057Z[0m [34mDEBUG[0m [2mhyper::proto::h1::io[0m[2m:[0m parsed 4 headers
[2m2025-12-10T10:10:37.336063Z[0m [34mDEBUG[0m [2mhyper::proto::h1::conn[0m[2m:[0m incoming body is content-length (45 bytes)
[2m2025-12-10T10:10:37.336068Z[0m [34mDEBUG[0m [2mhyper::proto::h1::conn[0m[2m:[0m incoming body completed
[2m2025-12-10T10:10:37.336073Z[0m [34mDEBUG[0m [2mhyper::client::pool[0m[2m:[0m pooling idle connection for ("http", 192.168.0.14:8545)
[2m2025-12-10T10:10:37.363441Z[0m [34mDEBUG[0m [2methereum_transaction_pool_monitor::eth_client[0m[2m:[0m 📨 Received WebSocket message: {"jsonrpc":"2.0","method":"eth_subscription","params":{"subscription":"0xbed0a0851463e895960a451075a301a9","result":"0x62f1566159ebd0c5d0d9bb9a7eac5f64cdbcec9b1230ea680cdb60517dda7029"}}
[2m2025-12-10T10:10:37.363453Z[0m [34mDEBUG[0m [2methereum_transaction_pool_monitor::eth_client[0m[2m:[0m 📨 Received pending transaction: 0x62f1566159ebd0c5d0d9bb9a7eac5f64cdbcec9b1230ea680cdb60517dda7029
[2m2025-12-10T10:10:37.363460Z[0m [34mDEBUG[0m [2methereum_transaction_pool_monitor::mempool_monitor[0m[2m:[0m 📨 Processing new pending transaction: 0x62f1566159ebd0c5d0d9bb9a7eac5f64cdbcec9b1230ea680cdb60517dda7029
[2m2025-12-10T10:10:37.363465Z[0m [34mDEBUG[0m [2methereum_transaction_pool_monitor::mempool_monitor[0m[2m:[0m 🔍 Fetching transaction details for: 0x62f1566159ebd0c5d0d9bb9a7eac5f64cdbcec9b1230ea680cdb60517dda7029
[2m2025-12-10T10:10:37.363469Z[0m [34mDEBUG[0m [2methereum_transaction_pool_monitor::eth_client[0m[2m:[0m 🔍 Fetching transaction details for hash: 0x62f1566159ebd0c5d0d9bb9a7eac5f64cdbcec9b1230ea680cdb60517dda7029
[2m2025-12-10T10:10:37.363481Z[0m [34mDEBUG[0m [2mhyper::client::pool[0m[2m:[0m reuse idle connection for ("http", 192.168.0.14:8545)
[2m2025-12-10T10:10:37.363499Z[0m [34mDEBUG[0m [2mhyper::proto::h1::io[0m[2m:[0m flushed 250 bytes
[2m2025-12-10T10:10:37.368317Z[0m [34mDEBUG[0m [2mhyper::proto::h1::io[0m[2m:[0m parsed 4 headers
[2m2025-12-10T10:10:37.368322Z[0m [34mDEBUG[0m [2mhyper::proto::h1::conn[0m[2m:[0m incoming body is content-length (658 bytes)
[2m2025-12-10T10:10:37.368327Z[0m [34mDEBUG[0m [2mhyper::proto::h1::conn[0m[2m:[0m incoming body completed
[2m2025-12-10T10:10:37.368333Z[0m [34mDEBUG[0m [2mhyper::client::pool[0m[2m:[0m pooling idle connection for ("http", 192.168.0.14:8545)
[2m2025-12-10T10:10:37.368338Z[0m [34mDEBUG[0m [2methereum_transaction_pool_monitor::eth_client[0m[2m:[0m 📡 Transaction fetch RPC completed in 4.864958ms
[2m2025-12-10T10:10:37.439334Z[0m [34mDEBUG[0m [2methereum_transaction_pool_monitor::eth_client[0m[2m:[0m ✅ Transaction 0x62f1566159ebd0c5d0d9bb9a7eac5f64cdbcec9b1230ea680cdb60517dda7029 fetched and parsed in 75.858458ms
[2m2025-12-10T10:10:37.439362Z[0m [34mDEBUG[0m [2methereum_transaction_pool_monitor::mempool_monitor[0m[2m:[0m 🔍 Skipping tx 0x62f1566159ebd0c5d0d9bb9a7eac5f64cdbcec9b1230ea680cdb60517dda7029 - not a DEX interaction (target: 0xd38ea2bB8a8574FD7D18aD1c0c78b67710563001)
[2m2025-12-10T10:10:37.439412Z[0m [34mDEBUG[0m [2mhyper::client::pool[0m[2m:[0m reuse idle connection for ("http", 192.168.0.14:8545)
[2m2025-12-10T10:10:37.439455Z[0m [34mDEBUG[0m [2mhyper::proto::h1::io[0m[2m:[0m flushed 172 bytes
[2m2025-12-10T10:10:37.442942Z[0m [34mDEBUG[0m [2mhyper::proto::h1::io[0m[2m:[0m parsed 4 headers
[2m2025-12-10T10:10:37.442952Z[0m [34mDEBUG[0m [2mhyper::proto::h1::conn[0m[2m:[0m incoming body is content-length (45 bytes)
[2m2025-12-10T10:10:37.442961Z[0m [34mDEBUG[0m [2mhyper::proto::h1::conn[0m[2m:[0m incoming body completed
[2m2025-12-10T10:10:37.442971Z[0m [34mDEBUG[0m [2mhyper::client::pool[0m[2m:[0m pooling idle connection for ("http", 192.168.0.14:8545)
[2m2025-12-10T10:10:37.498560Z[0m [34mDEBUG[0m [2mhyper::client::pool[0m[2m:[0m reuse idle connection for ("http", 192.168.0.14:8545)
[2m2025-12-10T10:10:37.498624Z[0m [34mDEBUG[0m [2mhyper::proto::h1::io[0m[2m:[0m flushed 172 bytes
[2m2025-12-10T10:10:37.503848Z[0m [34mDEBUG[0m [2mhyper::proto::h1::io[0m[2m:[0m parsed 4 headers
[2m2025-12-10T10:10:37.503872Z[0m [34mDEBUG[0m [2mhyper::proto::h1::conn[0m[2m:[0m incoming body is content-length (45 bytes)
[2m2025-12-10T10:10:37.503881Z[0m [34mDEBUG[0m [2mhyper::proto::h1::conn[0m[2m:[0m incoming body completed
[2m2025-12-10T10:10:37.503891Z[0m [34mDEBUG[0m [2mhyper::client::pool[0m[2m:[0m pooling idle connection for ("http", 192.168.0.14:8545)
[2m2025-12-10T10:10:37.598949Z[0m [34mDEBUG[0m [2mhyper::client::pool[0m[2m:[0m reuse idle connection for ("http", 192.168.0.14:8545)
[2m2025-12-10T10:10:37.598995Z[0m [34mDEBUG[0m [2mhyper::proto::h1::io[0m[2m:[0m flushed 172 bytes
[2m2025-12-10T10:10:37.610035Z[0m [34mDEBUG[0m [2mhyper::proto::h1::io[0m[2m:[0m parsed 4 headers
[2m2025-12-10T10:10:37.610100Z[0m [34mDEBUG[0m [2mhyper::proto::h1::conn[0m[2m:[0m incoming body is content-length (45 bytes)
[2m2025-12-10T10:10:37.610116Z[0m [34mDEBUG[0m [2mhyper::proto::h1::conn[0m[2m:[0m incoming body completed
[2m2025-12-10T10:10:37.610136Z[0m [34mDEBUG[0m [2mhyper::client::pool[0m[2m:[0m pooling idle connection for ("http", 192.168.0.14:8545)
[2m2025-12-10T10:10:37.698824Z[0m [34mDEBUG[0m [2mhyper::client::pool[0m[2m:[0m reuse idle connection for ("http", 192.168.0.14:8545)
[2m2025-12-10T10:10:37.699019Z[0m [34mDEBUG[0m [2mhyper::proto::h1::io[0m[2m:[0m flushed 172 bytes
[2m2025-12-10T10:10:37.703940Z[0m [34mDEBUG[0m [2mhyper::proto::h1::io[0m[2m:[0m parsed 4 headers
[2m2025-12-10T10:10:37.703991Z[0m [34mDEBUG[0m [2mhyper::proto::h1::conn[0m[2m:[0m incoming body is content-length (45 bytes)
[2m2025-12-10T10:10:37.704035Z[0m [34mDEBUG[0m [2mhyper::proto::h1::conn[0m[2m:[0m incoming body completed
[2m2025-12-10T10:10:37.704083Z[0m [34mDEBUG[0m [2mhyper::client::pool[0m[2m:[0m pooling idle connection for ("http", 192.168.0.14:8545)
[2m2025-12-10T10:10:37.761043Z[0m [34mDEBUG[0m [2methereum_transaction_pool_monitor::eth_client[0m[2m:[0m 📨 Received WebSocket message: {"jsonrpc":"2.0","method":"eth_subscription","params":{"subscription":"0xbed0a0851463e895960a451075a301a9","result":"0x09adc4aac3ea053f463cf5282125f2a02f76cffd35a78ef0b4e9aa5e9fb9cabb"}}
[2m2025-12-10T10:10:37.761121Z[0m [34mDEBUG[0m [2methereum_transaction_pool_monitor::eth_client[0m[2m:[0m 📨 Received pending transaction: 0x09adc4aac3ea053f463cf5282125f2a02f76cffd35a78ef0b4e9aa5e9fb9cabb
[2m2025-12-10T10:10:37.761152Z[0m [34mDEBUG[0m [2methereum_transaction_pool_monitor::mempool_monitor[0m[2m:[0m 📨 Processing new pending transaction: 0x09adc4aac3ea053f463cf5282125f2a02f76cffd35a78ef0b4e9aa5e9fb9cabb
[2m2025-12-10T10:10:37.761170Z[0m [34mDEBUG[0m [2methereum_transaction_pool_monitor::mempool_monitor[0m[2m:[0m 🔍 Fetching transaction details for: 0x09adc4aac3ea053f463cf5282125f2a02f76cffd35a78ef0b4e9aa5e9fb9cabb
[2m2025-12-10T10:10:37.761186Z[0m [34mDEBUG[0m [2methereum_transaction_pool_monitor::eth_client[0m[2m:[0m 🔍 Fetching transaction details for hash: 0x09adc4aac3ea053f463cf5282125f2a02f76cffd35a78ef0b4e9aa5e9fb9cabb
[2m2025-12-10T10:10:37.761262Z[0m [34mDEBUG[0m [2mhyper::client::pool[0m[2m:[0m reuse idle connection for ("http", 192.168.0.14:8545)
[2m2025-12-10T10:10:37.761374Z[0m [34mDEBUG[0m [2mhyper::proto::h1::io[0m[2m:[0m flushed 250 bytes
[2m2025-12-10T10:10:37.767503Z[0m [34mDEBUG[0m [2mhyper::proto::h1::io[0m[2m:[0m parsed 4 headers
[2m2025-12-10T10:10:37.767546Z[0m [34mDEBUG[0m [2mhyper::proto::h1::conn[0m[2m:[0m incoming body is content-length (647 bytes)
[2m2025-12-10T10:10:37.767570Z[0m [34mDEBUG[0m [2mhyper::proto::h1::conn[0m[2m:[0m incoming body completed
[2m2025-12-10T10:10:37.767600Z[0m [34mDEBUG[0m [2mhyper::client::pool[0m[2m:[0m pooling idle connection for ("http", 192.168.0.14:8545)
[2m2025-12-10T10:10:37.767623Z[0m [34mDEBUG[0m [2methereum_transaction_pool_monitor::eth_client[0m[2m:[0m 📡 Transaction fetch RPC completed in 6.42175ms
[2m2025-12-10T10:10:37.864943Z[0m [34mDEBUG[0m [2methereum_transaction_pool_monitor::eth_client[0m[2m:[0m ✅ Transaction 0x09adc4aac3ea053f463cf5282125f2a02f76cffd35a78ef0b4e9aa5e9fb9cabb fetched and parsed in 103.739792ms
[2m2025-12-10T10:10:37.864971Z[0m [34mDEBUG[0m [2methereum_transaction_pool_monitor::mempool_monitor[0m[2m:[0m 🔍 Skipping tx 0x09adc4aac3ea053f463cf5282125f2a02f76cffd35a78ef0b4e9aa5e9fb9cabb - not a DEX interaction (target: 0xA26148AE51fa8E787DF319C04137602Cc018b521)
[2m2025-12-10T10:10:37.865014Z[0m [34mDEBUG[0m [2mhyper::client::pool[0m[2m:[0m reuse idle connection for ("http", 192.168.0.14:8545)
[2m2025-12-10T10:10:37.865058Z[0m [34mDEBUG[0m [2mhyper::proto::h1::io[0m[2m:[0m flushed 172 bytes
[2m2025-12-10T10:10:37.871277Z[0m [34mDEBUG[0m [2mhyper::proto::h1::io[0m[2m:[0m parsed 4 headers
[2m2025-12-10T10:10:37.871300Z[0m [34mDEBUG[0m [2mhyper::proto::h1::conn[0m[2m:[0m incoming body is content-length (45 bytes)
[2m2025-12-10T10:10:37.871326Z[0m [34mDEBUG[0m [2mhyper::proto::h1::conn[0m[2m:[0m incoming body completed
[2m2025-12-10T10:10:37.871338Z[0m [34mDEBUG[0m [2mhyper::client::pool[0m[2m:[0m pooling idle connection for ("http", 192.168.0.14:8545)
[2m2025-12-10T10:10:37.893391Z[0m [34mDEBUG[0m [2methereum_transaction_pool_monitor::eth_client[0m[2m:[0m 📨 Received WebSocket message: {"jsonrpc":"2.0","method":"eth_subscription","params":{"subscription":"0xbed0a0851463e895960a451075a301a9","result":"0xdb9633ce1d0f286c274b3fdebcb275c61d8d59c8b1910c73b8bc50ce0fa046ca"}}
[2m2025-12-10T10:10:37.893407Z[0m [34mDEBUG[0m [2methereum_transaction_pool_monitor::eth_client[0m[2m:[0m 📨 Received pending transaction: 0xdb9633ce1d0f286c274b3fdebcb275c61d8d59c8b1910c73b8bc50ce0fa046ca
[2m2025-12-10T10:10:37.893416Z[0m [34mDEBUG[0m [2methereum_transaction_pool_monitor::mempool_monitor[0m[2m:[0m 📨 Processing new pending transaction: 0xdb9633ce1d0f286c274b3fdebcb275c61d8d59c8b1910c73b8bc50ce0fa046ca
[2m2025-12-10T10:10:37.893421Z[0m [34mDEBUG[0m [2methereum_transaction_pool_monitor::mempool_monitor[0m[2m:[0m 🔍 Fetching transaction details for: 0xdb9633ce1d0f286c274b3fdebcb275c61d8d59c8b1910c73b8bc50ce0fa046ca
[2m2025-12-10T10:10:37.893426Z[0m [34mDEBUG[0m [2methereum_transaction_pool_monitor::eth_client[0m[2m:[0m 🔍 Fetching transaction details for hash: 0xdb9633ce1d0f286c274b3fdebcb275c61d8d59c8b1910c73b8bc50ce0fa046ca
[2m2025-12-10T10:10:37.893444Z[0m [34mDEBUG[0m [2mhyper::client::pool[0m[2m:[0m reuse idle connection for ("http", 192.168.0.14:8545)
[2m2025-12-10T10:10:37.893465Z[0m [34mDEBUG[0m [2mhyper::proto::h1::io[0m[2m:[0m flushed 250 bytes
[2m2025-12-10T10:10:37.897279Z[0m [34mDEBUG[0m [2mhyper::client::pool[0m[2m:[0m reuse idle connection for ("http", 192.168.0.14:8545)
[2m2025-12-10T10:10:37.897342Z[0m [34mDEBUG[0m [2mhyper::proto::h1::io[0m[2m:[0m flushed 172 bytes
[2m2025-12-10T10:10:37.899195Z[0m [34mDEBUG[0m [2mhyper::proto::h1::io[0m[2m:[0m parsed 4 headers
[2m2025-12-10T10:10:37.899200Z[0m [34mDEBUG[0m [2mhyper::proto::h1::conn[0m[2m:[0m incoming body is content-length (771 bytes)
[2m2025-12-10T10:10:37.899207Z[0m [34mDEBUG[0m [2mhyper::proto::h1::conn[0m[2m:[0m incoming body completed
[2m2025-12-10T10:10:37.899215Z[0m [34mDEBUG[0m [2mhyper::client::pool[0m[2m:[0m pooling idle connection for ("http", 192.168.0.14:8545)
[2m2025-12-10T10:10:37.899223Z[0m [34mDEBUG[0m [2methereum_transaction_pool_monitor::eth_client[0m[2m:[0m 📡 Transaction fetch RPC completed in 5.79275ms
[2m2025-12-10T10:10:37.971179Z[0m [34mDEBUG[0m [2methereum_transaction_pool_monitor::eth_client[0m[2m:[0m ✅ Transaction 0xdb9633ce1d0f286c274b3fdebcb275c61d8d59c8b1910c73b8bc50ce0fa046ca fetched and parsed in 77.744583ms
[2m2025-12-10T10:10:37.971211Z[0m [34mDEBUG[0m [2methereum_transaction_pool_monitor::mempool_monitor[0m[2m:[0m 🔍 Skipping tx 0xdb9633ce1d0f286c274b3fdebcb275c61d8d59c8b1910c73b8bc50ce0fa046ca - not a DEX interaction (target: 0xB8f28C60dD8240141185a192fa4156A23E189305)
[2m2025-12-10T10:10:37.971253Z[0m [34mDEBUG[0m [2mhyper::proto::h1::io[0m[2m:[0m parsed 4 headers
[2m2025-12-10T10:10:37.971262Z[0m [34mDEBUG[0m [2methereum_transaction_pool_monitor::eth_client[0m[2m:[0m 📨 Received WebSocket message: {"jsonrpc":"2.0","method":"eth_subscription","params":{"subscription":"0xbed0a0851463e895960a451075a301a9","result":"0xf468c441a136b1b845382be5be915000243cbab044f6953f9e582c5fb030a981"}}
[2m2025-12-10T10:10:37.971265Z[0m [34mDEBUG[0m [2mhyper::proto::h1::conn[0m[2m:[0m incoming body is content-length (45 bytes)
[2m2025-12-10T10:10:37.971277Z[0m [34mDEBUG[0m [2methereum_transaction_pool_monitor::eth_client[0m[2m:[0m 📨 Received pending transaction: 0xf468c441a136b1b845382be5be915000243cbab044f6953f9e582c5fb030a981
[2m2025-12-10T10:10:37.971287Z[0m [34mDEBUG[0m [2mhyper::proto::h1::conn[0m[2m:[0m incoming body completed
[2m2025-12-10T10:10:37.971290Z[0m [34mDEBUG[0m [2methereum_transaction_pool_monitor::mempool_monitor[0m[2m:[0m 📨 Processing new pending transaction: 0xf468c441a136b1b845382be5be915000243cbab044f6953f9e582c5fb030a981
[2m2025-12-10T10:10:37.971304Z[0m [34mDEBUG[0m [2methereum_transaction_pool_monitor::mempool_monitor[0m[2m:[0m 🔍 Fetching transaction details for: 0xf468c441a136b1b845382be5be915000243cbab044f6953f9e582c5fb030a981
[2m2025-12-10T10:10:37.971305Z[0m [34mDEBUG[0m [2mhyper::client::pool[0m[2m:[0m pooling idle connection for ("http", 192.168.0.14:8545)
[2m2025-12-10T10:10:37.971310Z[0m [34mDEBUG[0m [2methereum_transaction_pool_monitor::eth_client[0m[2m:[0m 🔍 Fetching transaction details for hash: 0xf468c441a136b1b845382be5be915000243cbab044f6953f9e582c5fb030a981
[2m2025-12-10T10:10:37.971340Z[0m [34mDEBUG[0m [2mhyper::client::pool[0m[2m:[0m reuse idle connection for ("http", 192.168.0.14:8545)
[2m2025-12-10T10:10:37.971362Z[0m [34mDEBUG[0m [2mhyper::proto::h1::io[0m[2m:[0m flushed 250 bytes
[2m2025-12-10T10:10:37.979905Z[0m [34mDEBUG[0m [2mhyper::proto::h1::io[0m[2m:[0m parsed 4 headers
[2m2025-12-10T10:10:37.979911Z[0m [34mDEBUG[0m [2mhyper::proto::h1::conn[0m[2m:[0m incoming body is content-length (777 bytes)
[2m2025-12-10T10:10:37.979917Z[0m [34mDEBUG[0m [2mhyper::proto::h1::conn[0m[2m:[0m incoming body completed
[2m2025-12-10T10:10:37.979923Z[0m [34mDEBUG[0m [2mhyper::client::pool[0m[2m:[0m pooling idle connection for ("http", 192.168.0.14:8545)
[2m2025-12-10T10:10:37.979928Z[0m [34mDEBUG[0m [2methereum_transaction_pool_monitor::eth_client[0m[2m:[0m 📡 Transaction fetch RPC completed in 8.602625ms
[2m2025-12-10T10:10:38.050906Z[0m [34mDEBUG[0m [2methereum_transaction_pool_monitor::eth_client[0m[2m:[0m ✅ Transaction 0xf468c441a136b1b845382be5be915000243cbab044f6953f9e582c5fb030a981 fetched and parsed in 79.57825ms
[2m2025-12-10T10:10:38.050934Z[0m [34mDEBUG[0m [2methereum_transaction_pool_monitor::mempool_monitor[0m[2m:[0m 🔍 Skipping tx 0xf468c441a136b1b845382be5be915000243cbab044f6953f9e582c5fb030a981 - not a DEX interaction (target: 0x0B010000b7624eb9B3DfBC279673C76E9D29D5F7)
[2m2025-12-10T10:10:38.050977Z[0m [34mDEBUG[0m [2mhyper::client::pool[0m[2m:[0m reuse idle connection for ("http", 192.168.0.14:8545)
[2m2025-12-10T10:10:38.051022Z[0m [34mDEBUG[0m [2mhyper::proto::h1::io[0m[2m:[0m flushed 172 bytes
[2m2025-12-10T10:10:38.054766Z[0m [34mDEBUG[0m [2mhyper::proto::h1::io[0m[2m:[0m parsed 4 headers
[2m2025-12-10T10:10:38.054788Z[0m [34mDEBUG[0m [2mhyper::proto::h1::conn[0m[2m:[0m incoming body is content-length (45 bytes)
[2m2025-12-10T10:10:38.054816Z[0m [34mDEBUG[0m [2mhyper::proto::h1::conn[0m[2m:[0m incoming body completed
[2m2025-12-10T10:10:38.054828Z[0m [34mDEBUG[0m [2mhyper::client::pool[0m[2m:[0m pooling idle connection for ("http", 192.168.0.14:8545)
[2m2025-12-10T10:10:38.098922Z[0m [34mDEBUG[0m [2mhyper::client::pool[0m[2m:[0m reuse idle connection for ("http", 192.168.0.14:8545)
[2m2025-12-10T10:10:38.098985Z[0m [34mDEBUG[0m [2mhyper::proto::h1::io[0m[2m:[0m flushed 172 bytes
[2m2025-12-10T10:10:38.104355Z[0m [34mDEBUG[0m [2mhyper::proto::h1::io[0m[2m:[0m parsed 4 headers
[2m2025-12-10T10:10:38.104382Z[0m [34mDEBUG[0m [2mhyper::proto::h1::conn[0m[2m:[0m incoming body is content-length (45 bytes)
[2m2025-12-10T10:10:38.104404Z[0m [34mDEBUG[0m [2mhyper::proto::h1::conn[0m[2m:[0m incoming body completed
[2m2025-12-10T10:10:38.104413Z[0m [34mDEBUG[0m [2mhyper::client::pool[0m[2m:[0m pooling idle connection for ("http", 192.168.0.14:8545)
[2m2025-12-10T10:10:38.181099Z[0m [34mDEBUG[0m [2methereum_transaction_pool_monitor::eth_client[0m[2m:[0m 📨 Received WebSocket message: {"jsonrpc":"2.0","method":"eth_subscription","params":{"subscription":"0xbed0a0851463e895960a451075a301a9","result":"0xfb999342cdeb63db7fb2d9b1165dba5c831e2a6fb69fa37a1276d0b8f9f85247"}}
[2m2025-12-10T10:10:38.181131Z[0m [34mDEBUG[0m [2methereum_transaction_pool_monitor::eth_client[0m[2m:[0m 📨 Received pending transaction: 0xfb999342cdeb63db7fb2d9b1165dba5c831e2a6fb69fa37a1276d0b8f9f85247
[2m2025-12-10T10:10:38.181145Z[0m [34mDEBUG[0m [2methereum_transaction_pool_monitor::eth_client[0m[2m:[0m 📨 Received WebSocket message: {"jsonrpc":"2.0","method":"eth_subscription","params":{"subscription":"0xbed0a0851463e895960a451075a301a9","result":"0xa473f68f2869a7997eabbd45fb89163311fb738c0cecd4a323a0604c7263c0db"}}
[2m2025-12-10T10:10:38.181161Z[0m [34mDEBUG[0m [2methereum_transaction_pool_monitor::eth_client[0m[2m:[0m 📨 Received pending transaction: 0xa473f68f2869a7997eabbd45fb89163311fb738c0cecd4a323a0604c7263c0db
[2m2025-12-10T10:10:38.181173Z[0m [34mDEBUG[0m [2methereum_transaction_pool_monitor::eth_client[0m[2m:[0m 📨 Received WebSocket message: {"jsonrpc":"2.0","method":"eth_subscription","params":{"subscription":"0xbed0a0851463e895960a451075a301a9","result":"0x79ab256164ef2e15fb0c2ce11cd7ba9db25f84482953cf439521e54bde96974c"}}
[2m2025-12-10T10:10:38.181185Z[0m [34mDEBUG[0m [2methereum_transaction_pool_monitor::eth_client[0m[2m:[0m 📨 Received pending transaction: 0x79ab256164ef2e15fb0c2ce11cd7ba9db25f84482953cf439521e54bde96974c
[2m2025-12-10T10:10:38.181196Z[0m [34mDEBUG[0m [2methereum_transaction_pool_monitor::eth_client[0m[2m:[0m 📨 Received WebSocket message: {"jsonrpc":"2.0","method":"eth_subscription","params":{"subscription":"0xbed0a0851463e895960a451075a301a9","result":"0xe66c7c26ec4fa09013a31e9ed725543c1a92c0375e82c533cc78c2eb8e0c969d"}}
[2m2025-12-10T10:10:38.181207Z[0m [34mDEBUG[0m [2methereum_transaction_pool_monitor::eth_client[0m[2m:[0m 📨 Received pending transaction: 0xe66c7c26ec4fa09013a31e9ed725543c1a92c0375e82c533cc78c2eb8e0c969d
[2m2025-12-10T10:10:38.181217Z[0m [34mDEBUG[0m [2methereum_transaction_pool_monitor::eth_client[0m[2m:[0m 📨 Received WebSocket message: {"jsonrpc":"2.0","method":"eth_subscription","params":{"subscription":"0xbed0a0851463e895960a451075a301a9","result":"0xc5f0796fad4055a46850616727c3fc2bb86cd706b02546ff95bbec1202569700"}}
[2m2025-12-10T10:10:38.181229Z[0m [34mDEBUG[0m [2methereum_transaction_pool_monitor::eth_client[0m[2m:[0m 📨 Received pending transaction: 0xc5f0796fad4055a46850616727c3fc2bb86cd706b02546ff95bbec1202569700
[2m2025-12-10T10:10:38.181239Z[0m [34mDEBUG[0m [2methereum_transaction_pool_monitor::eth_client[0m[2m:[0m 📨 Received WebSocket message: {"jsonrpc":"2.0","method":"eth_subscription","params":{"subscription":"0xbed0a0851463e895960a451075a301a9","result":"0x872eb61edb4874255c0f24807615b38d8e3f26215aa810df7ec70108fd45105d"}}
[2m2025-12-10T10:10:38.181250Z[0m [34mDEBUG[0m [2methereum_transaction_pool_monitor::eth_client[0m[2m:[0m 📨 Received pending transaction: 0x872eb61edb4874255c0f24807615b38d8e3f26215aa810df7ec70108fd45105d
[2m2025-12-10T10:10:38.181257Z[0m [34mDEBUG[0m [2methereum_transaction_pool_monitor::eth_client[0m[2m:[0m 📨 Received WebSocket message: {"jsonrpc":"2.0","method":"eth_subscription","params":{"subscription":"0xbed0a0851463e895960a451075a301a9","result":"0x0ec9541f24dcd47095ac3b1a5b386ea2cc931d6bc40639a755133e1108d0b210"}}
[2m2025-12-10T10:10:38.181266Z[0m [34mDEBUG[0m [2methereum_transaction_pool_monitor::eth_client[0m[2m:[0m 📨 Received pending transaction: 0x0ec9541f24dcd47095ac3b1a5b386ea2cc931d6bc40639a755133e1108d0b210
[2m2025-12-10T10:10:38.181274Z[0m [34mDEBUG[0m [2methereum_transaction_pool_monitor::eth_client[0m[2m:[0m 📨 Received WebSocket message: {"jsonrpc":"2.0","method":"eth_subscription","params":{"subscription":"0xbed0a0851463e895960a451075a301a9","result":"0xc4b6fcce94447dab78fdf8ce1f4d619829bea71c48ebb374cfa96b36ebdc5570"}}
[2m2025-12-10T10:10:38.181282Z[0m [34mDEBUG[0m [2methereum_transaction_pool_monitor::eth_client[0m[2m:[0m 📨 Received pending transaction: 0xc4b6fcce94447dab78fdf8ce1f4d619829bea71c48ebb374cfa96b36ebdc5570
[2m2025-12-10T10:10:38.181290Z[0m [34mDEBUG[0m [2methereum_transaction_pool_monitor::eth_client[0m[2m:[0m 📨 Received WebSocket message: {"jsonrpc":"2.0","method":"eth_subscription","params":{"subscription":"0xbed0a0851463e895960a451075a301a9","result":"0xd5373874ec2b6be7c0aa63fe7b00f3ff15b74de866155fe42c583d6afcab401d"}}
[2m2025-12-10T10:10:38.181298Z[0m [34mDEBUG[0m [2methereum_transaction_pool_monitor::eth_client[0m[2m:[0m 📨 Received pending transaction: 0xd5373874ec2b6be7c0aa63fe7b00f3ff15b74de866155fe42c583d6afcab401d
[2m2025-12-10T10:10:38.181308Z[0m [34mDEBUG[0m [2methereum_transaction_pool_monitor::mempool_monitor[0m[2m:[0m 📨 Processing new pending transaction: 0xfb999342cdeb63db7fb2d9b1165dba5c831e2a6fb69fa37a1276d0b8f9f85247
[2m2025-12-10T10:10:38.181316Z[0m [34mDEBUG[0m [2methereum_transaction_pool_monitor::mempool_monitor[0m[2m:[0m 🔍 Fetching transaction details for: 0xfb999342cdeb63db7fb2d9b1165dba5c831e2a6fb69fa37a1276d0b8f9f85247
[2m2025-12-10T10:10:38.181323Z[0m [34mDEBUG[0m [2methereum_transaction_pool_monitor::eth_client[0m[2m:[0m 🔍 Fetching transaction details for hash: 0xfb999342cdeb63db7fb2d9b1165dba5c831e2a6fb69fa37a1276d0b8f9f85247
[2m2025-12-10T10:10:38.181342Z[0m [34mDEBUG[0m [2mhyper::client::pool[0m[2m:[0m reuse idle connection for ("http", 192.168.0.14:8545)
[2m2025-12-10T10:10:38.181370Z[0m [34mDEBUG[0m [2mhyper::proto::h1::io[0m[2m:[0m flushed 250 bytes
[2m2025-12-10T10:10:38.185494Z[0m [34mDEBUG[0m [2mhyper::proto::h1::io[0m[2m:[0m parsed 4 headers
[2m2025-12-10T10:10:38.185505Z[0m [34mDEBUG[0m [2mhyper::proto::h1::conn[0m[2m:[0m incoming body is content-length (556 bytes)
[2m2025-12-10T10:10:38.185515Z[0m [34mDEBUG[0m [2mhyper::proto::h1::conn[0m[2m:[0m incoming body completed
[2m2025-12-10T10:10:38.185526Z[0m [34mDEBUG[0m [2mhyper::client::pool[0m[2m:[0m pooling idle connection for ("http", 192.168.0.14:8545)
[2m2025-12-10T10:10:38.185536Z[0m [34mDEBUG[0m [2methereum_transaction_pool_monitor::eth_client[0m[2m:[0m 📡 Transaction fetch RPC completed in 4.205666ms
[2m2025-12-10T10:10:38.263437Z[0m [34mDEBUG[0m [2methereum_transaction_pool_monitor::eth_client[0m[2m:[0m ✅ Transaction 0xfb999342cdeb63db7fb2d9b1165dba5c831e2a6fb69fa37a1276d0b8f9f85247 fetched and parsed in 82.10475ms
[2m2025-12-10T10:10:38.263464Z[0m [34mDEBUG[0m [2methereum_transaction_pool_monitor::mempool_monitor[0m[2m:[0m 🔍 Skipping tx 0xfb999342cdeb63db7fb2d9b1165dba5c831e2a6fb69fa37a1276d0b8f9f85247 - not a DEX interaction (target: 0xeBEa672b14e607e46654D33Dc55bC26499daEa3F)
[2m2025-12-10T10:10:38.263476Z[0m [34mDEBUG[0m [2methereum_transaction_pool_monitor::mempool_monitor[0m[2m:[0m 📨 Processing new pending transaction: 0xa473f68f2869a7997eabbd45fb89163311fb738c0cecd4a323a0604c7263c0db
[2m2025-12-10T10:10:38.263483Z[0m [34mDEBUG[0m [2methereum_transaction_pool_monitor::mempool_monitor[0m[2m:[0m 🔍 Fetching transaction details for: 0xa473f68f2869a7997eabbd45fb89163311fb738c0cecd4a323a0604c7263c0db
[2m2025-12-10T10:10:38.263488Z[0m [34mDEBUG[0m [2methereum_transaction_pool_monitor::eth_client[0m[2m:[0m 🔍 Fetching transaction details for hash: 0xa473f68f2869a7997eabbd45fb89163311fb738c0cecd4a323a0604c7263c0db
[2m2025-12-10T10:10:38.263506Z[0m [34mDEBUG[0m [2mhyper::client::pool[0m[2m:[0m reuse idle connection for ("http", 192.168.0.14:8545)
[2m2025-12-10T10:10:38.263545Z[0m [34mDEBUG[0m [2mhyper::proto::h1::io[0m[2m:[0m flushed 250 bytes
[2m2025-12-10T10:10:38.263565Z[0m [34mDEBUG[0m [2mhyper::client::pool[0m[2m:[0m reuse idle connection for ("http", 192.168.0.14:8545)
[2m2025-12-10T10:10:38.263570Z[0m [34mDEBUG[0m [2methereum_transaction_pool_monitor::eth_client[0m[2m:[0m 📨 Received WebSocket message: {"jsonrpc":"2.0","method":"eth_subscription","params":{"subscription":"0xbed0a0851463e895960a451075a301a9","result":"0xeae0241453a6de3c7be9f18a134ce55538e70f09511de63bd71abe5ac6777358"}}
[2m2025-12-10T10:10:38.263579Z[0m [34mDEBUG[0m [2mhyper::proto::h1::io[0m[2m:[0m flushed 172 bytes
[2m2025-12-10T10:10:38.263585Z[0m [34mDEBUG[0m [2methereum_transaction_pool_monitor::eth_client[0m[2m:[0m 📨 Received pending transaction: 0xeae0241453a6de3c7be9f18a134ce55538e70f09511de63bd71abe5ac6777358
[2m2025-12-10T10:10:38.269110Z[0m [34mDEBUG[0m [2mhyper::proto::h1::io[0m[2m:[0m parsed 4 headers
[2m2025-12-10T10:10:38.269117Z[0m [34mDEBUG[0m [2mhyper::proto::h1::conn[0m[2m:[0m incoming body is content-length (45 bytes)
[2m2025-12-10T10:10:38.269123Z[0m [34mDEBUG[0m [2mhyper::proto::h1::conn[0m[2m:[0m incoming body completed
[2m2025-12-10T10:10:38.269130Z[0m [34mDEBUG[0m [2mhyper::client::pool[0m[2m:[0m pooling idle connection for ("http", 192.168.0.14:8545)
[2m2025-12-10T10:10:38.280072Z[0m [34mDEBUG[0m [2mhyper::proto::h1::io[0m[2m:[0m parsed 4 headers
[2m2025-12-10T10:10:38.280094Z[0m [34mDEBUG[0m [2mhyper::proto::h1::conn[0m[2m:[0m incoming body is content-length (681 bytes)
[2m2025-12-10T10:10:38.280115Z[0m [34mDEBUG[0m [2mhyper::proto::h1::conn[0m[2m:[0m incoming body completed
[2m2025-12-10T10:10:38.280133Z[0m [34mDEBUG[0m [2mhyper::client::pool[0m[2m:[0m pooling idle connection for ("http", 192.168.0.14:8545)
[2m2025-12-10T10:10:38.280139Z[0m [34mDEBUG[0m [2methereum_transaction_pool_monitor::eth_client[0m[2m:[0m 📡 Transaction fetch RPC completed in 16.646166ms
[2m2025-12-10T10:10:38.280161Z[0m [34mDEBUG[0m [2methereum_transaction_pool_monitor::eth_client[0m[2m:[0m DeFi transaction detected - Address: 0xdac17f958d2ee523a2206206994597c13d831ec7, Type: Stablecoin, Value: 0 ETH, Gas: 0.18 Gwei
[2m2025-12-10T10:10:38.280173Z[0m [34mDEBUG[0m [2methereum_transaction_pool_monitor::eth_client[0m[2m:[0m ✅ Transaction 0xa473f68f2869a7997eabbd45fb89163311fb738c0cecd4a323a0604c7263c0db fetched and parsed in 16.680583ms
[2m2025-12-10T10:10:38.280178Z[0m [34mDEBUG[0m [2methereum_transaction_pool_monitor::mempool_monitor[0m[2m:[0m 🔍 Skipping tx 0xa473f68f2869a7997eabbd45fb89163311fb738c0cecd4a323a0604c7263c0db - not a DEX interaction (target: 0xdAC17F958D2ee523a2206206994597C13D831ec7)
[2m2025-12-10T10:10:38.280188Z[0m [34mDEBUG[0m [2methereum_transaction_pool_monitor::mempool_monitor[0m[2m:[0m 📨 Processing new pending transaction: 0x79ab256164ef2e15fb0c2ce11cd7ba9db25f84482953cf439521e54bde96974c
[2m2025-12-10T10:10:38.280192Z[0m [34mDEBUG[0m [2methereum_transaction_pool_monitor::mempool_monitor[0m[2m:[0m 🔍 Fetching transaction details for: 0x79ab256164ef2e15fb0c2ce11cd7ba9db25f84482953cf439521e54bde96974c
[2m2025-12-10T10:10:38.280197Z[0m [34mDEBUG[0m [2methereum_transaction_pool_monitor::eth_client[0m[2m:[0m 🔍 Fetching transaction details for hash: 0x79ab256164ef2e15fb0c2ce11cd7ba9db25f84482953cf439521e54bde96974c
[2m2025-12-10T10:10:38.280205Z[0m [34mDEBUG[0m [2mhyper::client::pool[0m[2m:[0m reuse idle connection for ("http", 192.168.0.14:8545)
[2m2025-12-10T10:10:38.280222Z[0m [34mDEBUG[0m [2mhyper::proto::h1::io[0m[2m:[0m flushed 250 bytes
[2m2025-12-10T10:10:38.284912Z[0m [34mDEBUG[0m [2mhyper::proto::h1::io[0m[2m:[0m parsed 4 headers
[2m2025-12-10T10:10:38.284933Z[0m [34mDEBUG[0m [2mhyper::proto::h1::conn[0m[2m:[0m incoming body is content-length (681 bytes)
[2m2025-12-10T10:10:38.284952Z[0m [34mDEBUG[0m [2mhyper::proto::h1::conn[0m[2m:[0m incoming body completed
[2m2025-12-10T10:10:38.284974Z[0m [34mDEBUG[0m [2mhyper::client::pool[0m[2m:[0m pooling idle connection for ("http", 192.168.0.14:8545)
[2m2025-12-10T10:10:38.284978Z[0m [34mDEBUG[0m [2methereum_transaction_pool_monitor::eth_client[0m[2m:[0m 📡 Transaction fetch RPC completed in 4.777292ms
[2m2025-12-10T10:10:38.284986Z[0m [34mDEBUG[0m [2methereum_transaction_pool_monitor::eth_client[0m[2m:[0m DeFi transaction detected - Address: 0xdac17f958d2ee523a2206206994597c13d831ec7, Type: Stablecoin, Value: 0 ETH, Gas: 0.18 Gwei
[2m2025-12-10T10:10:38.284997Z[0m [34mDEBUG[0m [2methereum_transaction_pool_monitor::eth_client[0m[2m:[0m ✅ Transaction 0x79ab256164ef2e15fb0c2ce11cd7ba9db25f84482953cf439521e54bde96974c fetched and parsed in 4.795792ms
[2m2025-12-10T10:10:38.285002Z[0m [34mDEBUG[0m [2methereum_transaction_pool_monitor::mempool_monitor[0m[2m:[0m 🔍 Skipping tx 0x79ab256164ef2e15fb0c2ce11cd7ba9db25f84482953cf439521e54bde96974c - not a DEX interaction (target: 0xdAC17F958D2ee523a2206206994597C13D831ec7)
[2m2025-12-10T10:10:38.285007Z[0m [34mDEBUG[0m [2methereum_transaction_pool_monitor::mempool_monitor[0m[2m:[0m 📨 Processing new pending transaction: 0xe66c7c26ec4fa09013a31e9ed725543c1a92c0375e82c533cc78c2eb8e0c969d
[2m2025-12-10T10:10:38.285011Z[0m [34mDEBUG[0m [2methereum_transaction_pool_monitor::mempool_monitor[0m[2m:[0m 🔍 Fetching transaction details for: 0xe66c7c26ec4fa09013a31e9ed725543c1a92c0375e82c533cc78c2eb8e0c969d
[2m2025-12-10T10:10:38.285015Z[0m [34mDEBUG[0m [2methereum_transaction_pool_monitor::eth_client[0m[2m:[0m 🔍 Fetching transaction details for hash: 0xe66c7c26ec4fa09013a31e9ed725543c1a92c0375e82c533cc78c2eb8e0c969d
[2m2025-12-10T10:10:38.285022Z[0m [34mDEBUG[0m [2mhyper::client::pool[0m[2m:[0m reuse idle connection for ("http", 192.168.0.14:8545)
[2m2025-12-10T10:10:38.285034Z[0m [34mDEBUG[0m [2mhyper::proto::h1::io[0m[2m:[0m flushed 250 bytes
[2m2025-12-10T10:10:38.293921Z[0m [34mDEBUG[0m [2mhyper::proto::h1::io[0m[2m:[0m parsed 4 headers
[2m2025-12-10T10:10:38.293926Z[0m [34mDEBUG[0m [2mhyper::proto::h1::conn[0m[2m:[0m incoming body is content-length (676 bytes)
[2m2025-12-10T10:10:38.293931Z[0m [34mDEBUG[0m [2mhyper::proto::h1::conn[0m[2m:[0m incoming body completed
[2m2025-12-10T10:10:38.293936Z[0m [34mDEBUG[0m [2mhyper::client::pool[0m[2m:[0m pooling idle connection for ("http", 192.168.0.14:8545)
[2m2025-12-10T10:10:38.293941Z[0m [34mDEBUG[0m [2methereum_transaction_pool_monitor::eth_client[0m[2m:[0m 📡 Transaction fetch RPC completed in 8.921958ms
[2m2025-12-10T10:10:38.293948Z[0m [34mDEBUG[0m [2methereum_transaction_pool_monitor::eth_client[0m[2m:[0m DeFi transaction detected - Address: 0xdac17f958d2ee523a2206206994597c13d831ec7, Type: Stablecoin, Value: 0 ETH, Gas: 0.18 Gwei
[2m2025-12-10T10:10:38.293958Z[0m [34mDEBUG[0m [2methereum_transaction_pool_monitor::eth_client[0m[2m:[0m ✅ Transaction 0xe66c7c26ec4fa09013a31e9ed725543c1a92c0375e82c533cc78c2eb8e0c969d fetched and parsed in 8.939417ms
[2m2025-12-10T10:10:38.293963Z[0m [34mDEBUG[0m [2methereum_transaction_pool_monitor::mempool_monitor[0m[2m:[0m 🔍 Skipping tx 0xe66c7c26ec4fa09013a31e9ed725543c1a92c0375e82c533cc78c2eb8e0c969d - not a DEX interaction (target: 0xdAC17F958D2ee523a2206206994597C13D831ec7)
[2m2025-12-10T10:10:38.293968Z[0m [34mDEBUG[0m [2methereum_transaction_pool_monitor::mempool_monitor[0m[2m:[0m 📨 Processing new pending transaction: 0xc5f0796fad4055a46850616727c3fc2bb86cd706b02546ff95bbec1202569700
[2m2025-12-10T10:10:38.293972Z[0m [34mDEBUG[0m [2methereum_transaction_pool_monitor::mempool_monitor[0m[2m:[0m 🔍 Fetching transaction details for: 0xc5f0796fad4055a46850616727c3fc2bb86cd706b02546ff95bbec1202569700
[2m2025-12-10T10:10:38.293976Z[0m [34mDEBUG[0m [2methereum_transaction_pool_monitor::eth_client[0m[2m:[0m 🔍 Fetching transaction details for hash: 0xc5f0796fad4055a46850616727c3fc2bb86cd706b02546ff95bbec1202569700
[2m2025-12-10T10:10:38.293982Z[0m [34mDEBUG[0m [2mhyper::client::pool[0m[2m:[0m reuse idle connection for ("http", 192.168.0.14:8545)
[2m2025-12-10T10:10:38.293999Z[0m [34mDEBUG[0m [2mhyper::proto::h1::io[0m[2m:[0m flushed 250 bytes
[2m2025-12-10T10:10:38.297764Z[0m [34mDEBUG[0m [2mhyper::client::pool[0m[2m:[0m reuse idle connection for ("http", 192.168.0.14:8545)
[2m2025-12-10T10:10:38.297785Z[0m [34mDEBUG[0m [2mhyper::proto::h1::io[0m[2m:[0m flushed 172 bytes
[2m2025-12-10T10:10:38.300149Z[0m [34mDEBUG[0m [2mhyper::proto::h1::io[0m[2m:[0m parsed 4 headers
[2m2025-12-10T10:10:38.300155Z[0m [34mDEBUG[0m [2mhyper::proto::h1::conn[0m[2m:[0m incoming body is content-length (675 bytes)
[2m2025-12-10T10:10:38.300162Z[0m [34mDEBUG[0m [2mhyper::proto::h1::conn[0m[2m:[0m incoming body completed
[2m2025-12-10T10:10:38.300174Z[0m [34mDEBUG[0m [2mhyper::client::pool[0m[2m:[0m pooling idle connection for ("http", 192.168.0.14:8545)
[2m2025-12-10T10:10:38.300179Z[0m [34mDEBUG[0m [2methereum_transaction_pool_monitor::eth_client[0m[2m:[0m 📡 Transaction fetch RPC completed in 6.199792ms
[2m2025-12-10T10:10:38.300190Z[0m [34mDEBUG[0m [2methereum_transaction_pool_monitor::eth_client[0m[2m:[0m DeFi transaction detected - Address: 0xdac17f958d2ee523a2206206994597c13d831ec7, Type: Stablecoin, Value: 0 ETH, Gas: 0.18 Gwei
[2m2025-12-10T10:10:38.300199Z[0m [34mDEBUG[0m [2methereum_transaction_pool_monitor::eth_client[0m[2m:[0m ✅ Transaction 0xc5f0796fad4055a46850616727c3fc2bb86cd706b02546ff95bbec1202569700 fetched and parsed in 6.219917ms
[2m2025-12-10T10:10:38.300206Z[0m [34mDEBUG[0m [2methereum_transaction_pool_monitor::mempool_monitor[0m[2m:[0m 🔍 Skipping tx 0xc5f0796fad4055a46850616727c3fc2bb86cd706b02546ff95bbec1202569700 - not a DEX interaction (target: 0xdAC17F958D2ee523a2206206994597C13D831ec7)
[2m2025-12-10T10:10:38.300211Z[0m [34mDEBUG[0m [2methereum_transaction_pool_monitor::mempool_monitor[0m[2m:[0m 📨 Processing new pending transaction: 0x872eb61edb4874255c0f24807615b38d8e3f26215aa810df7ec70108fd45105d
[2m2025-12-10T10:10:38.300216Z[0m [34mDEBUG[0m [2methereum_transaction_pool_monitor::mempool_monitor[0m[2m:[0m 🔍 Fetching transaction details for: 0x872eb61edb4874255c0f24807615b38d8e3f26215aa810df7ec70108fd45105d
[2m2025-12-10T10:10:38.300220Z[0m [34mDEBUG[0m [2methereum_transaction_pool_monitor::eth_client[0m[2m:[0m 🔍 Fetching transaction details for hash: 0x872eb61edb4874255c0f24807615b38d8e3f26215aa810df7ec70108fd45105d
[2m2025-12-10T10:10:38.300229Z[0m [34mDEBUG[0m [2mhyper::client::pool[0m[2m:[0m reuse idle connection for ("http", 192.168.0.14:8545)
[2m2025-12-10T10:10:38.300244Z[0m [34mDEBUG[0m [2mhyper::proto::h1::io[0m[2m:[0m flushed 250 bytes
[2m2025-12-10T10:10:38.304586Z[0m [34mDEBUG[0m [2mhyper::proto::h1::io[0m[2m:[0m parsed 4 headers
[2m2025-12-10T10:10:38.304592Z[0m [34mDEBUG[0m [2mhyper::proto::h1::conn[0m[2m:[0m incoming body is content-length (45 bytes)
[2m2025-12-10T10:10:38.304597Z[0m [34mDEBUG[0m [2mhyper::proto::h1::conn[0m[2m:[0m incoming body completed
[2m2025-12-10T10:10:38.304610Z[0m [34mDEBUG[0m [2mhyper::client::pool[0m[2m:[0m pooling idle connection for ("http", 192.168.0.14:8545)
[2m2025-12-10T10:10:38.306993Z[0m [34mDEBUG[0m [2mhyper::proto::h1::io[0m[2m:[0m parsed 4 headers
[2m2025-12-10T10:10:38.307000Z[0m [34mDEBUG[0m [2mhyper::proto::h1::conn[0m[2m:[0m incoming body is content-length (675 bytes)
[2m2025-12-10T10:10:38.307006Z[0m [34mDEBUG[0m [2mhyper::proto::h1::conn[0m[2m:[0m incoming body completed
[2m2025-12-10T10:10:38.307011Z[0m [34mDEBUG[0m [2mhyper::client::pool[0m[2m:[0m pooling idle connection for ("http", 192.168.0.14:8545)
[2m2025-12-10T10:10:38.307018Z[0m [34mDEBUG[0m [2methereum_transaction_pool_monitor::eth_client[0m[2m:[0m 📡 Transaction fetch RPC completed in 6.793083ms
[2m2025-12-10T10:10:38.307026Z[0m [34mDEBUG[0m [2methereum_transaction_pool_monitor::eth_client[0m[2m:[0m DeFi transaction detected - Address: 0xdac17f958d2ee523a2206206994597c13d831ec7, Type: Stablecoin, Value: 0 ETH, Gas: 0.18 Gwei
[2m2025-12-10T10:10:38.307035Z[0m [34mDEBUG[0m [2methereum_transaction_pool_monitor::eth_client[0m[2m:[0m ✅ Transaction 0x872eb61edb4874255c0f24807615b38d8e3f26215aa810df7ec70108fd45105d fetched and parsed in 6.80975ms
[2m2025-12-10T10:10:38.307042Z[0m [34mDEBUG[0m [2methereum_transaction_pool_monitor::mempool_monitor[0m[2m:[0m 🔍 Skipping tx 0x872eb61edb4874255c0f24807615b38d8e3f26215aa810df7ec70108fd45105d - not a DEX interaction (target: 0xdAC17F958D2ee523a2206206994597C13D831ec7)
[2m2025-12-10T10:10:38.307048Z[0m [34mDEBUG[0m [2methereum_transaction_pool_monitor::mempool_monitor[0m[2m:[0m 📨 Processing new pending transaction: 0x0ec9541f24dcd47095ac3b1a5b386ea2cc931d6bc40639a755133e1108d0b210
[2m2025-12-10T10:10:38.307054Z[0m [34mDEBUG[0m [2methereum_transaction_pool_monitor::mempool_monitor[0m[2m:[0m 🔍 Fetching transaction details for: 0x0ec9541f24dcd47095ac3b1a5b386ea2cc931d6bc40639a755133e1108d0b210
[2m2025-12-10T10:10:38.307057Z[0m [34mDEBUG[0m [2methereum_transaction_pool_monitor::eth_client[0m[2m:[0m 🔍 Fetching transaction details for hash: 0x0ec9541f24dcd47095ac3b1a5b386ea2cc931d6bc40639a755133e1108d0b210
[2m2025-12-10T10:10:38.307066Z[0m [34mDEBUG[0m [2mhyper::client::pool[0m[2m:[0m reuse idle connection for ("http", 192.168.0.14:8545)
[2m2025-12-10T10:10:38.307076Z[0m [34mDEBUG[0m [2mhyper::proto::h1::io[0m[2m:[0m flushed 250 bytes
[2m2025-12-10T10:10:38.315955Z[0m [34mDEBUG[0m [2mhyper::proto::h1::io[0m[2m:[0m parsed 4 headers
[2m2025-12-10T10:10:38.315963Z[0m [34mDEBUG[0m [2mhyper::proto::h1::conn[0m[2m:[0m incoming body is content-length (675 bytes)
[2m2025-12-10T10:10:38.315969Z[0m [34mDEBUG[0m [2mhyper::proto::h1::conn[0m[2m:[0m incoming body completed
[2m2025-12-10T10:10:38.315976Z[0m [34mDEBUG[0m [2mhyper::client::pool[0m[2m:[0m pooling idle connection for ("http", 192.168.0.14:8545)
[2m2025-12-10T10:10:38.315981Z[0m [34mDEBUG[0m [2methereum_transaction_pool_monitor::eth_client[0m[2m:[0m 📡 Transaction fetch RPC completed in 8.917792ms
[2m2025-12-10T10:10:38.315991Z[0m [34mDEBUG[0m [2methereum_transaction_pool_monitor::eth_client[0m[2m:[0m DeFi transaction detected - Address: 0xdac17f958d2ee523a2206206994597c13d831ec7, Type: Stablecoin, Value: 0 ETH, Gas: 0.18 Gwei
[2m2025-12-10T10:10:38.316000Z[0m [34mDEBUG[0m [2methereum_transaction_pool_monitor::eth_client[0m[2m:[0m ✅ Transaction 0x0ec9541f24dcd47095ac3b1a5b386ea2cc931d6bc40639a755133e1108d0b210 fetched and parsed in 8.93625ms
[2m2025-12-10T10:10:38.316005Z[0m [34mDEBUG[0m [2methereum_transaction_pool_monitor::mempool_monitor[0m[2m:[0m 🔍 Skipping tx 0x0ec9541f24dcd47095ac3b1a5b386ea2cc931d6bc40639a755133e1108d0b210 - not a DEX interaction (target: 0xdAC17F958D2ee523a2206206994597C13D831ec7)
[2m2025-12-10T10:10:38.316011Z[0m [34mDEBUG[0m [2methereum_transaction_pool_monitor::mempool_monitor[0m[2m:[0m 📨 Processing new pending transaction: 0xc4b6fcce94447dab78fdf8ce1f4d619829bea71c48ebb374cfa96b36ebdc5570
[2m2025-12-10T10:10:38.316015Z[0m [34mDEBUG[0m [2methereum_transaction_pool_monitor::mempool_monitor[0m[2m:[0m 🔍 Fetching transaction details for: 0xc4b6fcce94447dab78fdf8ce1f4d619829bea71c48ebb374cfa96b36ebdc5570
[2m2025-12-10T10:10:38.316019Z[0m [34mDEBUG[0m [2methereum_transaction_pool_monitor::eth_client[0m[2m:[0m 🔍 Fetching transaction details for hash: 0xc4b6fcce94447dab78fdf8ce1f4d619829bea71c48ebb374cfa96b36ebdc5570
[2m2025-12-10T10:10:38.316027Z[0m [34mDEBUG[0m [2mhyper::client::pool[0m[2m:[0m reuse idle connection for ("http", 192.168.0.14:8545)
[2m2025-12-10T10:10:38.316040Z[0m [34mDEBUG[0m [2mhyper::proto::h1::io[0m[2m:[0m flushed 250 bytes
[2m2025-12-10T10:10:38.321372Z[0m [34mDEBUG[0m [2mhyper::proto::h1::io[0m[2m:[0m parsed 4 headers
[2m2025-12-10T10:10:38.321379Z[0m [34mDEBUG[0m [2mhyper::proto::h1::conn[0m[2m:[0m incoming body is content-length (674 bytes)
[2m2025-12-10T10:10:38.321383Z[0m [34mDEBUG[0m [2mhyper::proto::h1::conn[0m[2m:[0m incoming body completed
[2m2025-12-10T10:10:38.321388Z[0m [34mDEBUG[0m [2mhyper::client::pool[0m[2m:[0m pooling idle connection for ("http", 192.168.0.14:8545)
[2m2025-12-10T10:10:38.321393Z[0m [34mDEBUG[0m [2methereum_transaction_pool_monitor::eth_client[0m[2m:[0m 📡 Transaction fetch RPC completed in 5.370166ms
[2m2025-12-10T10:10:38.321401Z[0m [34mDEBUG[0m [2methereum_transaction_pool_monitor::eth_client[0m[2m:[0m DeFi transaction detected - Address: 0xdac17f958d2ee523a2206206994597c13d831ec7, Type: Stablecoin, Value: 0 ETH, Gas: 0.18 Gwei
[2m2025-12-10T10:10:38.321409Z[0m [34mDEBUG[0m [2methereum_transaction_pool_monitor::eth_client[0m[2m:[0m ✅ Transaction 0xc4b6fcce94447dab78fdf8ce1f4d619829bea71c48ebb374cfa96b36ebdc5570 fetched and parsed in 5.385875ms
[2m2025-12-10T10:10:38.321414Z[0m [34mDEBUG[0m [2methereum_transaction_pool_monitor::mempool_monitor[0m[2m:[0m 🔍 Skipping tx 0xc4b6fcce94447dab78fdf8ce1f4d619829bea71c48ebb374cfa96b36ebdc5570 - not a DEX interaction (target: 0xdAC17F958D2ee523a2206206994597C13D831ec7)
[2m2025-12-10T10:10:38.321419Z[0m [34mDEBUG[0m [2methereum_transaction_pool_monitor::mempool_monitor[0m[2m:[0m 📨 Processing new pending transaction: 0xd5373874ec2b6be7c0aa63fe7b00f3ff15b74de866155fe42c583d6afcab401d
[2m2025-12-10T10:10:38.321423Z[0m [34mDEBUG[0m [2methereum_transaction_pool_monitor::mempool_monitor[0m[2m:[0m 🔍 Fetching transaction details for: 0xd5373874ec2b6be7c0aa63fe7b00f3ff15b74de866155fe42c583d6afcab401d
[2m2025-12-10T10:10:38.321427Z[0m [34mDEBUG[0m [2methereum_transaction_pool_monitor::eth_client[0m[2m:[0m 🔍 Fetching transaction details for hash: 0xd5373874ec2b6be7c0aa63fe7b00f3ff15b74de866155fe42c583d6afcab401d
[2m2025-12-10T10:10:38.321434Z[0m [34mDEBUG[0m [2mhyper::client::pool[0m[2m:[0m reuse idle connection for ("http", 192.168.0.14:8545)
[2m2025-12-10T10:10:38.321446Z[0m [34mDEBUG[0m [2mhyper::proto::h1::io[0m[2m:[0m flushed 250 bytes
[2m2025-12-10T10:10:38.326689Z[0m [34mDEBUG[0m [2mhyper::proto::h1::io[0m[2m:[0m parsed 4 headers
[2m2025-12-10T10:10:38.326695Z[0m [34mDEBUG[0m [2mhyper::proto::h1::conn[0m[2m:[0m incoming body is content-length (636 bytes)
[2m2025-12-10T10:10:38.326699Z[0m [34mDEBUG[0m [2mhyper::proto::h1::conn[0m[2m:[0m incoming body completed
[2m2025-12-10T10:10:38.326704Z[0m [34mDEBUG[0m [2mhyper::client::pool[0m[2m:[0m pooling idle connection for ("http", 192.168.0.14:8545)
[2m2025-12-10T10:10:38.326715Z[0m [34mDEBUG[0m [2methereum_transaction_pool_monitor::eth_client[0m[2m:[0m 📡 Transaction fetch RPC completed in 5.28375ms
[2m2025-12-10T10:10:38.398045Z[0m [34mDEBUG[0m [2methereum_transaction_pool_monitor::eth_client[0m[2m:[0m ✅ Transaction 0xd5373874ec2b6be7c0aa63fe7b00f3ff15b74de866155fe42c583d6afcab401d fetched and parsed in 76.611792ms
[2m2025-12-10T10:10:38.398073Z[0m [34mDEBUG[0m [2methereum_transaction_pool_monitor::mempool_monitor[0m[2m:[0m 🔍 Skipping tx 0xd5373874ec2b6be7c0aa63fe7b00f3ff15b74de866155fe42c583d6afcab401d - not a DEX interaction (target: 0x50553500F157e5C3B0BF4ddfd64dD8229492883d)
[2m2025-12-10T10:10:38.398085Z[0m [34mDEBUG[0m [2methereum_transaction_pool_monitor::mempool_monitor[0m[2m:[0m 📨 Processing new pending transaction: 0xeae0241453a6de3c7be9f18a134ce55538e70f09511de63bd71abe5ac6777358
[2m2025-12-10T10:10:38.398092Z[0m [34mDEBUG[0m [2methereum_transaction_pool_monitor::mempool_monitor[0m[2m:[0m 🔍 Fetching transaction details for: 0xeae0241453a6de3c7be9f18a134ce55538e70f09511de63bd71abe5ac6777358
[2m2025-12-10T10:10:38.398096Z[0m [34mDEBUG[0m [2methereum_transaction_pool_monitor::eth_client[0m[2m:[0m 🔍 Fetching transaction details for hash: 0xeae0241453a6de3c7be9f18a134ce55538e70f09511de63bd71abe5ac6777358
[2m2025-12-10T10:10:38.398116Z[0m [34mDEBUG[0m [2mhyper::client::pool[0m[2m:[0m reuse idle connection for ("http", 192.168.0.14:8545)
[2m2025-12-10T10:10:38.398150Z[0m [34mDEBUG[0m [2mhyper::proto::h1::io[0m[2m:[0m flushed 250 bytes
[2m2025-12-10T10:10:38.398174Z[0m [34mDEBUG[0m [2mhyper::client::pool[0m[2m:[0m reuse idle connection for ("http", 192.168.0.14:8545)
[2m2025-12-10T10:10:38.398193Z[0m [34mDEBUG[0m [2mhyper::proto::h1::io[0m[2m:[0m flushed 172 bytes
[2m2025-12-10T10:10:38.398192Z[0m [34mDEBUG[0m [2methereum_transaction_pool_monitor::eth_client[0m[2m:[0m 📨 Received WebSocket message: {"jsonrpc":"2.0","method":"eth_subscription","params":{"subscription":"0xbed0a0851463e895960a451075a301a9","result":"0x2d9a83cb446dcab159d5bc87f194754c8933632e246b8d6f60b9074354200a7e"}}
[2m2025-12-10T10:10:38.398213Z[0m [34mDEBUG[0m [2methereum_transaction_pool_monitor::eth_client[0m[2m:[0m 📨 Received pending transaction: 0x2d9a83cb446dcab159d5bc87f194754c8933632e246b8d6f60b9074354200a7e
[2m2025-12-10T10:10:38.398222Z[0m [34mDEBUG[0m [2methereum_transaction_pool_monitor::eth_client[0m[2m:[0m 📨 Received WebSocket message: {"jsonrpc":"2.0","method":"eth_subscription","params":{"subscription":"0xbed0a0851463e895960a451075a301a9","result":"0x6030ecd18553d951ac75b5e7866c4424ed76cc04ccaf943804c58a0f36dacf72"}}
[2m2025-12-10T10:10:38.398229Z[0m [34mDEBUG[0m [2methereum_transaction_pool_monitor::eth_client[0m[2m:[0m 📨 Received pending transaction: 0x6030ecd18553d951ac75b5e7866c4424ed76cc04ccaf943804c58a0f36dacf72
[2m2025-12-10T10:10:38.398237Z[0m [34mDEBUG[0m [2methereum_transaction_pool_monitor::eth_client[0m[2m:[0m 📨 Received WebSocket message: {"jsonrpc":"2.0","method":"eth_subscription","params":{"subscription":"0xbed0a0851463e895960a451075a301a9","result":"0x74d95ee90d445c1218a61dfce052fc40f8c66a10af96272c73dca4305d3bcf8a"}}
[2m2025-12-10T10:10:38.398242Z[0m [34mDEBUG[0m [2methereum_transaction_pool_monitor::eth_client[0m[2m:[0m 📨 Received pending transaction: 0x74d95ee90d445c1218a61dfce052fc40f8c66a10af96272c73dca4305d3bcf8a
[2m2025-12-10T10:10:38.398246Z[0m [34mDEBUG[0m [2methereum_transaction_pool_monitor::eth_client[0m[2m:[0m 📨 Received WebSocket message: {"jsonrpc":"2.0","method":"eth_subscription","params":{"subscription":"0xbed0a0851463e895960a451075a301a9","result":"0xec60d2d7c0af27ad3986545904133b1196b62230fe21b9cdff36eeeaf3eba937"}}
[2m2025-12-10T10:10:38.398251Z[0m [34mDEBUG[0m [2methereum_transaction_pool_monitor::eth_client[0m[2m:[0m 📨 Received pending transaction: 0xec60d2d7c0af27ad3986545904133b1196b62230fe21b9cdff36eeeaf3eba937
[2m2025-12-10T10:10:38.406543Z[0m [34mDEBUG[0m [2mhyper::proto::h1::io[0m[2m:[0m parsed 4 headers
[2m2025-12-10T10:10:38.406550Z[0m [34mDEBUG[0m [2mhyper::proto::h1::io[0m[2m:[0m parsed 4 headers
[2m2025-12-10T10:10:38.406555Z[0m [34mDEBUG[0m [2mhyper::proto::h1::conn[0m[2m:[0m incoming body is content-length (45 bytes)
[2m2025-12-10T10:10:38.406576Z[0m [34mDEBUG[0m [2mhyper::proto::h1::conn[0m[2m:[0m incoming body is content-length (644 bytes)
[2m2025-12-10T10:10:38.406587Z[0m [34mDEBUG[0m [2mhyper::proto::h1::conn[0m[2m:[0m incoming body completed
[2m2025-12-10T10:10:38.406594Z[0m [34mDEBUG[0m [2mhyper::proto::h1::conn[0m[2m:[0m incoming body completed
[2m2025-12-10T10:10:38.406602Z[0m [34mDEBUG[0m [2mhyper::client::pool[0m[2m:[0m pooling idle connection for ("http", 192.168.0.14:8545)
[2m2025-12-10T10:10:38.406603Z[0m [34mDEBUG[0m [2mhyper::client::pool[0m[2m:[0m pooling idle connection for ("http", 192.168.0.14:8545)
[2m2025-12-10T10:10:38.406615Z[0m [34mDEBUG[0m [2methereum_transaction_pool_monitor::eth_client[0m[2m:[0m 📡 Transaction fetch RPC completed in 8.513833ms
[2m2025-12-10T10:10:38.419323Z[0m [34mDEBUG[0m [2methereum_transaction_pool_monitor::eth_client[0m[2m:[0m 📨 Received WebSocket message: {"jsonrpc":"2.0","method":"eth_subscription","params":{"subscription":"0xbed0a0851463e895960a451075a301a9","result":"0x4e50c85696197edcff47b7a99c95d820211da406d054258d1f3d3a8a0257d945"}}
[2m2025-12-10T10:10:38.420523Z[0m [34mDEBUG[0m [2methereum_transaction_pool_monitor::eth_client[0m[2m:[0m 📨 Received pending transaction: 0x4e50c85696197edcff47b7a99c95d820211da406d054258d1f3d3a8a0257d945
[2m2025-12-10T10:10:38.477594Z[0m [34mDEBUG[0m [2methereum_transaction_pool_monitor::eth_client[0m[2m:[0m ✅ Transaction 0xeae0241453a6de3c7be9f18a134ce55538e70f09511de63bd71abe5ac6777358 fetched and parsed in 79.490167ms
[2m2025-12-10T10:10:38.477621Z[0m [34mDEBUG[0m [2methereum_transaction_pool_monitor::mempool_monitor[0m[2m:[0m 🔍 Skipping tx 0xeae0241453a6de3c7be9f18a134ce55538e70f09511de63bd71abe5ac6777358 - not a DEX interaction (target: 0x17E5545B11b468072283Cee1F066a059Fb0dbF24)
[2m2025-12-10T10:10:38.477632Z[0m [34mDEBUG[0m [2methereum_transaction_pool_monitor::mempool_monitor[0m[2m:[0m 📨 Processing new pending transaction: 0x2d9a83cb446dcab159d5bc87f194754c8933632e246b8d6f60b9074354200a7e
[2m2025-12-10T10:10:38.477638Z[0m [34mDEBUG[0m [2methereum_transaction_pool_monitor::mempool_monitor[0m[2m:[0m 🔍 Fetching transaction details for: 0x2d9a83cb446dcab159d5bc87f194754c8933632e246b8d6f60b9074354200a7e
[2m2025-12-10T10:10:38.477645Z[0m [34mDEBUG[0m [2methereum_transaction_pool_monitor::eth_client[0m[2m:[0m 🔍 Fetching transaction details for hash: 0x2d9a83cb446dcab159d5bc87f194754c8933632e246b8d6f60b9074354200a7e
[2m2025-12-10T10:10:38.477668Z[0m [34mDEBUG[0m [2mhyper::client::pool[0m[2m:[0m reuse idle connection for ("http", 192.168.0.14:8545)
[2m2025-12-10T10:10:38.477703Z[0m [34mDEBUG[0m [2mhyper::proto::h1::io[0m[2m:[0m flushed 250 bytes
[2m2025-12-10T10:10:38.482001Z[0m [34mDEBUG[0m [2mhyper::proto::h1::io[0m[2m:[0m parsed 4 headers
[2m2025-12-10T10:10:38.482020Z[0m [34mDEBUG[0m [2mhyper::proto::h1::conn[0m[2m:[0m incoming body is content-length (675 bytes)
[2m2025-12-10T10:10:38.482033Z[0m [34mDEBUG[0m [2mhyper::proto::h1::conn[0m[2m:[0m incoming body completed
[2m2025-12-10T10:10:38.482047Z[0m [34mDEBUG[0m [2mhyper::client::pool[0m[2m:[0m pooling idle connection for ("http", 192.168.0.14:8545)
[2m2025-12-10T10:10:38.482054Z[0m [34mDEBUG[0m [2methereum_transaction_pool_monitor::eth_client[0m[2m:[0m 📡 Transaction fetch RPC completed in 4.405ms
[2m2025-12-10T10:10:38.482068Z[0m [34mDEBUG[0m [2methereum_transaction_pool_monitor::eth_client[0m[2m:[0m DeFi transaction detected - Address: 0xdac17f958d2ee523a2206206994597c13d831ec7, Type: Stablecoin, Value: 0 ETH, Gas: 0.18 Gwei
[2m2025-12-10T10:10:38.482079Z[0m [34mDEBUG[0m [2methereum_transaction_pool_monitor::eth_client[0m[2m:[0m ✅ Transaction 0x2d9a83cb446dcab159d5bc87f194754c8933632e246b8d6f60b9074354200a7e fetched and parsed in 4.430459ms
[2m2025-12-10T10:10:38.482085Z[0m [34mDEBUG[0m [2methereum_transaction_pool_monitor::mempool_monitor[0m[2m:[0m 🔍 Skipping tx 0x2d9a83cb446dcab159d5bc87f194754c8933632e246b8d6f60b9074354200a7e - not a DEX interaction (target: 0xdAC17F958D2ee523a2206206994597C13D831ec7)
[2m2025-12-10T10:10:38.482092Z[0m [34mDEBUG[0m [2methereum_transaction_pool_monitor::mempool_monitor[0m[2m:[0m 📨 Processing new pending transaction: 0x6030ecd18553d951ac75b5e7866c4424ed76cc04ccaf943804c58a0f36dacf72
[2m2025-12-10T10:10:38.482096Z[0m [34mDEBUG[0m [2methereum_transaction_pool_monitor::mempool_monitor[0m[2m:[0m 🔍 Fetching transaction details for: 0x6030ecd18553d951ac75b5e7866c4424ed76cc04ccaf943804c58a0f36dacf72
[2m2025-12-10T10:10:38.482100Z[0m [34mDEBUG[0m [2methereum_transaction_pool_monitor::eth_client[0m[2m:[0m 🔍 Fetching transaction details for hash: 0x6030ecd18553d951ac75b5e7866c4424ed76cc04ccaf943804c58a0f36dacf72
[2m2025-12-10T10:10:38.482113Z[0m [34mDEBUG[0m [2mhyper::client::pool[0m[2m:[0m reuse idle connection for ("http", 192.168.0.14:8545)
[2m2025-12-10T10:10:38.482133Z[0m [34mDEBUG[0m [2mhyper::proto::h1::io[0m[2m:[0m flushed 250 bytes
[2m2025-12-10T10:10:38.487015Z[0m [34mDEBUG[0m [2mhyper::proto::h1::io[0m[2m:[0m parsed 4 headers
[2m2025-12-10T10:10:38.487044Z[0m [34mDEBUG[0m [2mhyper::proto::h1::conn[0m[2m:[0m incoming body is content-length (676 bytes)
[2m2025-12-10T10:10:38.487062Z[0m [34mDEBUG[0m [2mhyper::proto::h1::conn[0m[2m:[0m incoming body completed
[2m2025-12-10T10:10:38.487072Z[0m [34mDEBUG[0m [2mhyper::client::pool[0m[2m:[0m pooling idle connection for ("http", 192.168.0.14:8545)
[2m2025-12-10T10:10:38.487078Z[0m [34mDEBUG[0m [2methereum_transaction_pool_monitor::eth_client[0m[2m:[0m 📡 Transaction fetch RPC completed in 4.974333ms
[2m2025-12-10T10:10:38.487091Z[0m [34mDEBUG[0m [2methereum_transaction_pool_monitor::eth_client[0m[2m:[0m DeFi transaction detected - Address: 0xdac17f958d2ee523a2206206994597c13d831ec7, Type: Stablecoin, Value: 0 ETH, Gas: 0.18 Gwei
[2m2025-12-10T10:10:38.487103Z[0m [34mDEBUG[0m [2methereum_transaction_pool_monitor::eth_client[0m[2m:[0m ✅ Transaction 0x6030ecd18553d951ac75b5e7866c4424ed76cc04ccaf943804c58a0f36dacf72 fetched and parsed in 4.99925ms
[2m2025-12-10T10:10:38.487109Z[0m [34mDEBUG[0m [2methereum_transaction_pool_monitor::mempool_monitor[0m[2m:[0m 🔍 Skipping tx 0x6030ecd18553d951ac75b5e7866c4424ed76cc04ccaf943804c58a0f36dacf72 - not a DEX interaction (target: 0xdAC17F958D2ee523a2206206994597C13D831ec7)
[2m2025-12-10T10:10:38.487126Z[0m [34mDEBUG[0m [2methereum_transaction_pool_monitor::mempool_monitor[0m[2m:[0m 📨 Processing new pending transaction: 0x74d95ee90d445c1218a61dfce052fc40f8c66a10af96272c73dca4305d3bcf8a
[2m2025-12-10T10:10:38.487130Z[0m [34mDEBUG[0m [2methereum_transaction_pool_monitor::mempool_monitor[0m[2m:[0m 🔍 Fetching transaction details for: 0x74d95ee90d445c1218a61dfce052fc40f8c66a10af96272c73dca4305d3bcf8a
[2m2025-12-10T10:10:38.487134Z[0m [34mDEBUG[0m [2methereum_transaction_pool_monitor::eth_client[0m[2m:[0m 🔍 Fetching transaction details for hash: 0x74d95ee90d445c1218a61dfce052fc40f8c66a10af96272c73dca4305d3bcf8a
[2m2025-12-10T10:10:38.487144Z[0m [34mDEBUG[0m [2mhyper::client::pool[0m[2m:[0m reuse idle connection for ("http", 192.168.0.14:8545)
[2m2025-12-10T10:10:38.487160Z[0m [34mDEBUG[0m [2mhyper::proto::h1::io[0m[2m:[0m flushed 250 bytes
[2m2025-12-10T10:10:38.494895Z[0m [34mDEBUG[0m [2mhyper::proto::h1::io[0m[2m:[0m parsed 4 headers
[2m2025-12-10T10:10:38.494909Z[0m [34mDEBUG[0m [2mhyper::proto::h1::conn[0m[2m:[0m incoming body is content-length (676 bytes)
[2m2025-12-10T10:10:38.494922Z[0m [34mDEBUG[0m [2mhyper::proto::h1::conn[0m[2m:[0m incoming body completed
[2m2025-12-10T10:10:38.494932Z[0m [34mDEBUG[0m [2mhyper::client::pool[0m[2m:[0m pooling idle connection for ("http", 192.168.0.14:8545)
[2m2025-12-10T10:10:38.494940Z[0m [34mDEBUG[0m [2methereum_transaction_pool_monitor::eth_client[0m[2m:[0m 📡 Transaction fetch RPC completed in 7.802542ms
[2m2025-12-10T10:10:38.494954Z[0m [34mDEBUG[0m [2methereum_transaction_pool_monitor::eth_client[0m[2m:[0m DeFi transaction detected - Address: 0xdac17f958d2ee523a2206206994597c13d831ec7, Type: Stablecoin, Value: 0 ETH, Gas: 0.18 Gwei
[2m2025-12-10T10:10:38.494966Z[0m [34mDEBUG[0m [2methereum_transaction_pool_monitor::eth_client[0m[2m:[0m ✅ Transaction 0x74d95ee90d445c1218a61dfce052fc40f8c66a10af96272c73dca4305d3bcf8a fetched and parsed in 7.828542ms
[2m2025-12-10T10:10:38.494973Z[0m [34mDEBUG[0m [2methereum_transaction_pool_monitor::mempool_monitor[0m[2m:[0m 🔍 Skipping tx 0x74d95ee90d445c1218a61dfce052fc40f8c66a10af96272c73dca4305d3bcf8a - not a DEX interaction (target: 0xdAC17F958D2ee523a2206206994597C13D831ec7)
[2m2025-12-10T10:10:38.494979Z[0m [34mDEBUG[0m [2methereum_transaction_pool_monitor::mempool_monitor[0m[2m:[0m 📨 Processing new pending transaction: 0xec60d2d7c0af27ad3986545904133b1196b62230fe21b9cdff36eeeaf3eba937
[2m2025-12-10T10:10:38.494983Z[0m [34mDEBUG[0m [2methereum_transaction_pool_monitor::mempool_monitor[0m[2m:[0m 🔍 Fetching transaction details for: 0xec60d2d7c0af27ad3986545904133b1196b62230fe21b9cdff36eeeaf3eba937
[2m2025-12-10T10:10:38.494988Z[0m [34mDEBUG[0m [2methereum_transaction_pool_monitor::eth_client[0m[2m:[0m 🔍 Fetching transaction details for hash: 0xec60d2d7c0af27ad3986545904133b1196b62230fe21b9cdff36eeeaf3eba937
[2m2025-12-10T10:10:38.494998Z[0m [34mDEBUG[0m [2mhyper::client::pool[0m[2m:[0m reuse idle connection for ("http", 192.168.0.14:8545)
[2m2025-12-10T10:10:38.495012Z[0m [34mDEBUG[0m [2mhyper::proto::h1::io[0m[2m:[0m flushed 250 bytes
[2m2025-12-10T10:10:38.497545Z[0m [34mDEBUG[0m [2mhyper::client::pool[0m[2m:[0m reuse idle connection for ("http", 192.168.0.14:8545)
[2m2025-12-10T10:10:38.497591Z[0m [34mDEBUG[0m [2mhyper::proto::h1::io[0m[2m:[0m flushed 172 bytes
[2m2025-12-10T10:10:38.506326Z[0m [34mDEBUG[0m [2mhyper::proto::h1::io[0m[2m:[0m parsed 4 headers
[2m2025-12-10T10:10:38.506335Z[0m [34mDEBUG[0m [2mhyper::proto::h1::conn[0m[2m:[0m incoming body is content-length (703 bytes)
[2m2025-12-10T10:10:38.506342Z[0m [34mDEBUG[0m [2mhyper::proto::h1::conn[0m[2m:[0m incoming body completed
[2m2025-12-10T10:10:38.506350Z[0m [34mDEBUG[0m [2mhyper::client::pool[0m[2m:[0m pooling idle connection for ("http", 192.168.0.14:8545)
[2m2025-12-10T10:10:38.506356Z[0m [34mDEBUG[0m [2methereum_transaction_pool_monitor::eth_client[0m[2m:[0m 📡 Transaction fetch RPC completed in 11.364ms
[2m2025-12-10T10:10:38.577037Z[0m [34mDEBUG[0m [2methereum_transaction_pool_monitor::eth_client[0m[2m:[0m ✅ Transaction 0xec60d2d7c0af27ad3986545904133b1196b62230fe21b9cdff36eeeaf3eba937 fetched and parsed in 82.043ms
[2m2025-12-10T10:10:38.577064Z[0m [34mDEBUG[0m [2methereum_transaction_pool_monitor::mempool_monitor[0m[2m:[0m 🔍 Skipping tx 0xec60d2d7c0af27ad3986545904133b1196b62230fe21b9cdff36eeeaf3eba937 - not a DEX interaction (target: 0x33D933cdb77BE8469C113b4C8162473B72430Cc2)
[2m2025-12-10T10:10:38.577074Z[0m [34mDEBUG[0m [2methereum_transaction_pool_monitor::mempool_monitor[0m[2m:[0m 📨 Processing new pending transaction: 0x4e50c85696197edcff47b7a99c95d820211da406d054258d1f3d3a8a0257d945
[2m2025-12-10T10:10:38.577080Z[0m [34mDEBUG[0m [2methereum_transaction_pool_monitor::mempool_monitor[0m[2m:[0m 🔍 Fetching transaction details for: 0x4e50c85696197edcff47b7a99c95d820211da406d054258d1f3d3a8a0257d945
[2m2025-12-10T10:10:38.577086Z[0m [34mDEBUG[0m [2methereum_transaction_pool_monitor::eth_client[0m[2m:[0m 🔍 Fetching transaction details for hash: 0x4e50c85696197edcff47b7a99c95d820211da406d054258d1f3d3a8a0257d945
[2m2025-12-10T10:10:38.577107Z[0m [34mDEBUG[0m [2mhyper::client::pool[0m[2m:[0m reuse idle connection for ("http", 192.168.0.14:8545)
[2m2025-12-10T10:10:38.577144Z[0m [34mDEBUG[0m [2mhyper::proto::h1::io[0m[2m:[0m flushed 250 bytes
[2m2025-12-10T10:10:38.577166Z[0m [34mDEBUG[0m [2methereum_transaction_pool_monitor::eth_client[0m[2m:[0m 📨 Received WebSocket message: {"jsonrpc":"2.0","method":"eth_subscription","params":{"subscription":"0xbed0a0851463e895960a451075a301a9","result":"0x5317d991188b4ae252580fbb971d2e0e9a7a94265fe9626a4fc5d5b07ca17e78"}}
[2m2025-12-10T10:10:38.577169Z[0m [34mDEBUG[0m [2mhyper::proto::h1::io[0m[2m:[0m parsed 4 headers
[2m2025-12-10T10:10:38.577175Z[0m [34mDEBUG[0m [2methereum_transaction_pool_monitor::eth_client[0m[2m:[0m 📨 Received pending transaction: 0x5317d991188b4ae252580fbb971d2e0e9a7a94265fe9626a4fc5d5b07ca17e78
[2m2025-12-10T10:10:38.577176Z[0m [34mDEBUG[0m [2mhyper::proto::h1::conn[0m[2m:[0m incoming body is content-length (45 bytes)
[2m2025-12-10T10:10:38.577188Z[0m [34mDEBUG[0m [2mhyper::proto::h1::conn[0m[2m:[0m incoming body completed
[2m2025-12-10T10:10:38.577197Z[0m [34mDEBUG[0m [2mhyper::client::pool[0m[2m:[0m pooling idle connection for ("http", 192.168.0.14:8545)
[2m2025-12-10T10:10:38.584125Z[0m [34mDEBUG[0m [2methereum_transaction_pool_monitor::eth_client[0m[2m:[0m 📨 Received WebSocket message: {"jsonrpc":"2.0","method":"eth_subscription","params":{"subscription":"0xbed0a0851463e895960a451075a301a9","result":"0xedd1f27569f816c5425cb6ced09068d1d3899134770e068d6584582de17420e2"}}
[2m2025-12-10T10:10:38.584140Z[0m [34mDEBUG[0m [2methereum_transaction_pool_monitor::eth_client[0m[2m:[0m 📨 Received pending transaction: 0xedd1f27569f816c5425cb6ced09068d1d3899134770e068d6584582de17420e2
[2m2025-12-10T10:10:38.584153Z[0m [34mDEBUG[0m [2mhyper::proto::h1::io[0m[2m:[0m parsed 4 headers
[2m2025-12-10T10:10:38.584158Z[0m [34mDEBUG[0m [2mhyper::proto::h1::conn[0m[2m:[0m incoming body is content-length (1731 bytes)
[2m2025-12-10T10:10:38.584164Z[0m [34mDEBUG[0m [2mhyper::proto::h1::conn[0m[2m:[0m incoming body completed
[2m2025-12-10T10:10:38.584174Z[0m [34mDEBUG[0m [2mhyper::client::pool[0m[2m:[0m pooling idle connection for ("http", 192.168.0.14:8545)
[2m2025-12-10T10:10:38.584181Z[0m [34mDEBUG[0m [2methereum_transaction_pool_monitor::eth_client[0m[2m:[0m 📡 Transaction fetch RPC completed in 7.088333ms
[2m2025-12-10T10:10:38.655569Z[0m [34mDEBUG[0m [2methereum_transaction_pool_monitor::eth_client[0m[2m:[0m ✅ Transaction 0x4e50c85696197edcff47b7a99c95d820211da406d054258d1f3d3a8a0257d945 fetched and parsed in 78.473417ms
[2m2025-12-10T10:10:38.655601Z[0m [34mDEBUG[0m [2methereum_transaction_pool_monitor::mempool_monitor[0m[2m:[0m 🔍 Skipping tx 0x4e50c85696197edcff47b7a99c95d820211da406d054258d1f3d3a8a0257d945 - not a DEX interaction (target: 0x601a2aD6CB5949f0529735254189Ba3194221EDF)
[2m2025-12-10T10:10:38.655615Z[0m [34mDEBUG[0m [2methereum_transaction_pool_monitor::mempool_monitor[0m[2m:[0m 📨 Processing new pending transaction: 0x5317d991188b4ae252580fbb971d2e0e9a7a94265fe9626a4fc5d5b07ca17e78
[2m2025-12-10T10:10:38.655626Z[0m [34mDEBUG[0m [2methereum_transaction_pool_monitor::mempool_monitor[0m[2m:[0m 🔍 Fetching transaction details for: 0x5317d991188b4ae252580fbb971d2e0e9a7a94265fe9626a4fc5d5b07ca17e78
[2m2025-12-10T10:10:38.655635Z[0m [34mDEBUG[0m [2methereum_transaction_pool_monitor::eth_client[0m[2m:[0m 🔍 Fetching transaction details for hash: 0x5317d991188b4ae252580fbb971d2e0e9a7a94265fe9626a4fc5d5b07ca17e78
[2m2025-12-10T10:10:38.655655Z[0m [34mDEBUG[0m [2mhyper::client::pool[0m[2m:[0m reuse idle connection for ("http", 192.168.0.14:8545)
[2m2025-12-10T10:10:38.655699Z[0m [34mDEBUG[0m [2mhyper::proto::h1::io[0m[2m:[0m flushed 250 bytes
[2m2025-12-10T10:10:38.655734Z[0m [34mDEBUG[0m [2mhyper::client::pool[0m[2m:[0m reuse idle connection for ("http", 192.168.0.14:8545)
[2m2025-12-10T10:10:38.655750Z[0m [34mDEBUG[0m [2mhyper::proto::h1::io[0m[2m:[0m flushed 172 bytes
[2m2025-12-10T10:10:38.663161Z[0m [34mDEBUG[0m [2mhyper::proto::h1::io[0m[2m:[0m parsed 4 headers
[2m2025-12-10T10:10:38.663172Z[0m [34mDEBUG[0m [2mhyper::proto::h1::conn[0m[2m:[0m incoming body is content-length (705 bytes)
[2m2025-12-10T10:10:38.663179Z[0m [34mDEBUG[0m [2mhyper::proto::h1::conn[0m[2m:[0m incoming body completed
[2m2025-12-10T10:10:38.663189Z[0m [34mDEBUG[0m [2mhyper::client::pool[0m[2m:[0m pooling idle connection for ("http", 192.168.0.14:8545)
[2m2025-12-10T10:10:38.663195Z[0m [34mDEBUG[0m [2methereum_transaction_pool_monitor::eth_client[0m[2m:[0m 📡 Transaction fetch RPC completed in 7.55325ms
[2m2025-12-10T10:10:38.734820Z[0m [34mDEBUG[0m [2methereum_transaction_pool_monitor::eth_client[0m[2m:[0m ✅ Transaction 0x5317d991188b4ae252580fbb971d2e0e9a7a94265fe9626a4fc5d5b07ca17e78 fetched and parsed in 79.175875ms
[2m2025-12-10T10:10:38.734845Z[0m [34mDEBUG[0m [2methereum_transaction_pool_monitor::mempool_monitor[0m[2m:[0m 🔍 Skipping tx 0x5317d991188b4ae252580fbb971d2e0e9a7a94265fe9626a4fc5d5b07ca17e78 - not a DEX interaction (target: 0xA0b86991c6218b36c1d19D4a2e9Eb0cE3606eB48)
[2m2025-12-10T10:10:38.734855Z[0m [34mDEBUG[0m [2methereum_transaction_pool_monitor::mempool_monitor[0m[2m:[0m 📨 Processing new pending transaction: 0xedd1f27569f816c5425cb6ced09068d1d3899134770e068d6584582de17420e2
[2m2025-12-10T10:10:38.734862Z[0m [34mDEBUG[0m [2methereum_transaction_pool_monitor::mempool_monitor[0m[2m:[0m 🔍 Fetching transaction details for: 0xedd1f27569f816c5425cb6ced09068d1d3899134770e068d6584582de17420e2
[2m2025-12-10T10:10:38.734869Z[0m [34mDEBUG[0m [2methereum_transaction_pool_monitor::eth_client[0m[2m:[0m 🔍 Fetching transaction details for hash: 0xedd1f27569f816c5425cb6ced09068d1d3899134770e068d6584582de17420e2
[2m2025-12-10T10:10:38.734887Z[0m [34mDEBUG[0m [2mhyper::client::pool[0m[2m:[0m reuse idle connection for ("http", 192.168.0.14:8545)
[2m2025-12-10T10:10:38.734925Z[0m [34mDEBUG[0m [2mhyper::proto::h1::io[0m[2m:[0m flushed 250 bytes
[2m2025-12-10T10:10:38.734949Z[0m [34mDEBUG[0m [2methereum_transaction_pool_monitor::eth_client[0m[2m:[0m 📨 Received WebSocket message: {"jsonrpc":"2.0","method":"eth_subscription","params":{"subscription":"0xbed0a0851463e895960a451075a301a9","result":"0x9d27c972fd0513a71cc15cfa27a603673a9d536303f5f6a63fb57059aa189009"}}
[2m2025-12-10T10:10:38.734958Z[0m [34mDEBUG[0m [2methereum_transaction_pool_monitor::eth_client[0m[2m:[0m 📨 Received pending transaction: 0x9d27c972fd0513a71cc15cfa27a603673a9d536303f5f6a63fb57059aa189009
[2m2025-12-10T10:10:38.734986Z[0m [34mDEBUG[0m [2mhyper::proto::h1::io[0m[2m:[0m parsed 4 headers
[2m2025-12-10T10:10:38.734993Z[0m [34mDEBUG[0m [2mhyper::proto::h1::conn[0m[2m:[0m incoming body is content-length (45 bytes)
[2m2025-12-10T10:10:38.735000Z[0m [34mDEBUG[0m [2mhyper::proto::h1::conn[0m[2m:[0m incoming body completed
[2m2025-12-10T10:10:38.735010Z[0m [34mDEBUG[0m [2mhyper::client::pool[0m[2m:[0m pooling idle connection for ("http", 192.168.0.14:8545)
[2m2025-12-10T10:10:38.735024Z[0m [34mDEBUG[0m [2mhyper::client::pool[0m[2m:[0m reuse idle connection for ("http", 192.168.0.14:8545)
[2m2025-12-10T10:10:38.735038Z[0m [34mDEBUG[0m [2mhyper::proto::h1::io[0m[2m:[0m flushed 172 bytes
[2m2025-12-10T10:10:38.740281Z[0m [34mDEBUG[0m [2mhyper::proto::h1::io[0m[2m:[0m parsed 4 headers
[2m2025-12-10T10:10:38.740289Z[0m [34mDEBUG[0m [2mhyper::proto::h1::conn[0m[2m:[0m incoming body is content-length (45 bytes)
[2m2025-12-10T10:10:38.740295Z[0m [34mDEBUG[0m [2mhyper::proto::h1::conn[0m[2m:[0m incoming body completed
[2m2025-12-10T10:10:38.740304Z[0m [34mDEBUG[0m [2mhyper::client::pool[0m[2m:[0m pooling idle connection for ("http", 192.168.0.14:8545)
[2m2025-12-10T10:10:38.740321Z[0m [34mDEBUG[0m [2mhyper::proto::h1::io[0m[2m:[0m parsed 4 headers
[2m2025-12-10T10:10:38.740326Z[0m [34mDEBUG[0m [2mhyper::proto::h1::conn[0m[2m:[0m incoming body is content-length (769 bytes)
[2m2025-12-10T10:10:38.740331Z[0m [34mDEBUG[0m [2mhyper::proto::h1::conn[0m[2m:[0m incoming body completed
[2m2025-12-10T10:10:38.740338Z[0m [34mDEBUG[0m [2mhyper::client::pool[0m[2m:[0m pooling idle connection for ("http", 192.168.0.14:8545)
[2m2025-12-10T10:10:38.740345Z[0m [34mDEBUG[0m [2methereum_transaction_pool_monitor::eth_client[0m[2m:[0m 📡 Transaction fetch RPC completed in 5.471166ms
[2m2025-12-10T10:10:38.740356Z[0m [34mDEBUG[0m [2methereum_transaction_pool_monitor::eth_client[0m[2m:[0m DeFi transaction detected - Address: 0xdac17f958d2ee523a2206206994597c13d831ec7, Type: Stablecoin, Value: 0 ETH, Gas: 0.29 Gwei
[2m2025-12-10T10:10:38.740369Z[0m [34mDEBUG[0m [2methereum_transaction_pool_monitor::eth_client[0m[2m:[0m ✅ Transaction 0xedd1f27569f816c5425cb6ced09068d1d3899134770e068d6584582de17420e2 fetched and parsed in 5.495166ms
[2m2025-12-10T10:10:38.740376Z[0m [34mDEBUG[0m [2methereum_transaction_pool_monitor::mempool_monitor[0m[2m:[0m 🔍 Skipping tx 0xedd1f27569f816c5425cb6ced09068d1d3899134770e068d6584582de17420e2 - not a DEX interaction (target: 0xdAC17F958D2ee523a2206206994597C13D831ec7)
[2m2025-12-10T10:10:38.740384Z[0m [34mDEBUG[0m [2methereum_transaction_pool_monitor::mempool_monitor[0m[2m:[0m 📨 Processing new pending transaction: 0x9d27c972fd0513a71cc15cfa27a603673a9d536303f5f6a63fb57059aa189009
[2m2025-12-10T10:10:38.740390Z[0m [34mDEBUG[0m [2methereum_transaction_pool_monitor::mempool_monitor[0m[2m:[0m 🔍 Fetching transaction details for: 0x9d27c972fd0513a71cc15cfa27a603673a9d536303f5f6a63fb57059aa189009
[2m2025-12-10T10:10:38.740396Z[0m [34mDEBUG[0m [2methereum_transaction_pool_monitor::eth_client[0m[2m:[0m 🔍 Fetching transaction details for hash: 0x9d27c972fd0513a71cc15cfa27a603673a9d536303f5f6a63fb57059aa189009
[2m2025-12-10T10:10:38.740409Z[0m [34mDEBUG[0m [2mhyper::client::pool[0m[2m:[0m reuse idle connection for ("http", 192.168.0.14:8545)
[2m2025-12-10T10:10:38.740428Z[0m [34mDEBUG[0m [2mhyper::proto::h1::io[0m[2m:[0m flushed 250 bytes
[2m2025-12-10T10:10:38.748106Z[0m [34mDEBUG[0m [2mhyper::proto::h1::io[0m[2m:[0m parsed 4 headers
[2m2025-12-10T10:10:38.748111Z[0m [34mDEBUG[0m [2mhyper::proto::h1::conn[0m[2m:[0m incoming body is content-length (780 bytes)
[2m2025-12-10T10:10:38.748116Z[0m [34mDEBUG[0m [2mhyper::proto::h1::conn[0m[2m:[0m incoming body completed
[2m2025-12-10T10:10:38.748121Z[0m [34mDEBUG[0m [2mhyper::client::pool[0m[2m:[0m pooling idle connection for ("http", 192.168.0.14:8545)
[2m2025-12-10T10:10:38.748126Z[0m [34mDEBUG[0m [2methereum_transaction_pool_monitor::eth_client[0m[2m:[0m 📡 Transaction fetch RPC completed in 7.725584ms
[2m2025-12-10T10:10:38.819825Z[0m [34mDEBUG[0m [2methereum_transaction_pool_monitor::eth_client[0m[2m:[0m ✅ Transaction 0x9d27c972fd0513a71cc15cfa27a603673a9d536303f5f6a63fb57059aa189009 fetched and parsed in 79.422084ms
[2m2025-12-10T10:10:38.819855Z[0m [34mDEBUG[0m [2methereum_transaction_pool_monitor::mempool_monitor[0m[2m:[0m 🔍 Skipping tx 0x9d27c972fd0513a71cc15cfa27a603673a9d536303f5f6a63fb57059aa189009 - not a DEX interaction (target: 0xA0b86991c6218b36c1d19D4a2e9Eb0cE3606eB48)
[2m2025-12-10T10:10:38.819924Z[0m [34mDEBUG[0m [2mhyper::client::pool[0m[2m:[0m reuse idle connection for ("http", 192.168.0.14:8545)
[2m2025-12-10T10:10:38.819947Z[0m [34mDEBUG[0m [2mhyper::proto::h1::io[0m[2m:[0m flushed 172 bytes
[2m2025-12-10T10:10:38.819951Z[0m [34mDEBUG[0m [2methereum_transaction_pool_monitor::eth_client[0m[2m:[0m 📨 Received WebSocket message: {"jsonrpc":"2.0","method":"eth_subscription","params":{"subscription":"0xbed0a0851463e895960a451075a301a9","result":"0xf934420fbc7af991c9c497b1e2ef18066e19327250cb198db975a21ea24240c8"}}
[2m2025-12-10T10:10:38.819965Z[0m [34mDEBUG[0m [2methereum_transaction_pool_monitor::eth_client[0m[2m:[0m 📨 Received pending transaction: 0xf934420fbc7af991c9c497b1e2ef18066e19327250cb198db975a21ea24240c8
[2m2025-12-10T10:10:38.819972Z[0m [34mDEBUG[0m [2methereum_transaction_pool_monitor::mempool_monitor[0m[2m:[0m 📨 Processing new pending transaction: 0xf934420fbc7af991c9c497b1e2ef18066e19327250cb198db975a21ea24240c8
[2m2025-12-10T10:10:38.819979Z[0m [34mDEBUG[0m [2methereum_transaction_pool_monitor::mempool_monitor[0m[2m:[0m 🔍 Fetching transaction details for: 0xf934420fbc7af991c9c497b1e2ef18066e19327250cb198db975a21ea24240c8
[2m2025-12-10T10:10:38.819983Z[0m [34mDEBUG[0m [2methereum_transaction_pool_monitor::eth_client[0m[2m:[0m 🔍 Fetching transaction details for hash: 0xf934420fbc7af991c9c497b1e2ef18066e19327250cb198db975a21ea24240c8
[2m2025-12-10T10:10:38.819992Z[0m [34mDEBUG[0m [2mhyper::client::pool[0m[2m:[0m reuse idle connection for ("http", 192.168.0.14:8545)
[2m2025-12-10T10:10:38.820006Z[0m [34mDEBUG[0m [2mhyper::proto::h1::io[0m[2m:[0m flushed 250 bytes
[2m2025-12-10T10:10:38.825686Z[0m [34mDEBUG[0m [2mhyper::proto::h1::io[0m[2m:[0m parsed 4 headers
[2m2025-12-10T10:10:38.825695Z[0m [34mDEBUG[0m [2mhyper::proto::h1::conn[0m[2m:[0m incoming body is content-length (45 bytes)
[2m2025-12-10T10:10:38.825702Z[0m [34mDEBUG[0m [2mhyper::proto::h1::conn[0m[2m:[0m incoming body completed
[2m2025-12-10T10:10:38.825710Z[0m [34mDEBUG[0m [2mhyper::client::pool[0m[2m:[0m pooling idle connection for ("http", 192.168.0.14:8545)
[2m2025-12-10T10:10:38.830059Z[0m [34mDEBUG[0m [2mhyper::proto::h1::io[0m[2m:[0m parsed 4 headers
[2m2025-12-10T10:10:38.830070Z[0m [34mDEBUG[0m [2mhyper::proto::h1::conn[0m[2m:[0m incoming body is content-length (650 bytes)
[2m2025-12-10T10:10:38.830080Z[0m [34mDEBUG[0m [2mhyper::proto::h1::conn[0m[2m:[0m incoming body completed
[2m2025-12-10T10:10:38.830090Z[0m [34mDEBUG[0m [2mhyper::client::pool[0m[2m:[0m pooling idle connection for ("http", 192.168.0.14:8545)
[2m2025-12-10T10:10:38.830097Z[0m [34mDEBUG[0m [2methereum_transaction_pool_monitor::eth_client[0m[2m:[0m 📡 Transaction fetch RPC completed in 10.109375ms
[2m2025-12-10T10:10:38.901998Z[0m [34mDEBUG[0m [2methereum_transaction_pool_monitor::eth_client[0m[2m:[0m ✅ Transaction 0xf934420fbc7af991c9c497b1e2ef18066e19327250cb198db975a21ea24240c8 fetched and parsed in 82.008167ms
[2m2025-12-10T10:10:38.902027Z[0m [34mDEBUG[0m [2methereum_transaction_pool_monitor::mempool_monitor[0m[2m:[0m 🔍 Skipping tx 0xf934420fbc7af991c9c497b1e2ef18066e19327250cb198db975a21ea24240c8 - not a DEX interaction (target: 0x8AAE7958885D5dA28882B8852889906E19B7040C)
[2m2025-12-10T10:10:38.902073Z[0m [34mDEBUG[0m [2mhyper::client::pool[0m[2m:[0m reuse idle connection for ("http", 192.168.0.14:8545)
[2m2025-12-10T10:10:38.902110Z[0m [34mDEBUG[0m [2mhyper::proto::h1::io[0m[2m:[0m flushed 172 bytes
[2m2025-12-10T10:10:38.908835Z[0m [34mDEBUG[0m [2mhyper::proto::h1::io[0m[2m:[0m parsed 4 headers
[2m2025-12-10T10:10:38.908844Z[0m [34mDEBUG[0m [2mhyper::proto::h1::conn[0m[2m:[0m incoming body is content-length (45 bytes)
[2m2025-12-10T10:10:38.908850Z[0m [34mDEBUG[0m [2mhyper::proto::h1::conn[0m[2m:[0m incoming body completed
[2m2025-12-10T10:10:38.908858Z[0m [34mDEBUG[0m [2mhyper::client::pool[0m[2m:[0m pooling idle connection for ("http", 192.168.0.14:8545)
[2m2025-12-10T10:10:38.934007Z[0m [34mDEBUG[0m [2methereum_transaction_pool_monitor::eth_client[0m[2m:[0m 📨 Received WebSocket message: {"jsonrpc":"2.0","method":"eth_subscription","params":{"subscription":"0xbed0a0851463e895960a451075a301a9","result":"0x795abb9b34d4fc343272599f6a07e820db0b805720dfe9da0d84a2e66ca271f4"}}
[2m2025-12-10T10:10:38.934021Z[0m [34mDEBUG[0m [2methereum_transaction_pool_monitor::eth_client[0m[2m:[0m 📨 Received pending transaction: 0x795abb9b34d4fc343272599f6a07e820db0b805720dfe9da0d84a2e66ca271f4
[2m2025-12-10T10:10:38.934032Z[0m [34mDEBUG[0m [2methereum_transaction_pool_monitor::mempool_monitor[0m[2m:[0m 📨 Processing new pending transaction: 0x795abb9b34d4fc343272599f6a07e820db0b805720dfe9da0d84a2e66ca271f4
[2m2025-12-10T10:10:38.934039Z[0m [34mDEBUG[0m [2methereum_transaction_pool_monitor::mempool_monitor[0m[2m:[0m 🔍 Fetching transaction details for: 0x795abb9b34d4fc343272599f6a07e820db0b805720dfe9da0d84a2e66ca271f4
[2m2025-12-10T10:10:38.934043Z[0m [34mDEBUG[0m [2methereum_transaction_pool_monitor::eth_client[0m[2m:[0m 🔍 Fetching transaction details for hash: 0x795abb9b34d4fc343272599f6a07e820db0b805720dfe9da0d84a2e66ca271f4
[2m2025-12-10T10:10:38.934058Z[0m [34mDEBUG[0m [2mhyper::client::pool[0m[2m:[0m reuse idle connection for ("http", 192.168.0.14:8545)
[2m2025-12-10T10:10:38.934076Z[0m [34mDEBUG[0m [2mhyper::proto::h1::io[0m[2m:[0m flushed 250 bytes
[2m2025-12-10T10:10:38.960777Z[0m [34mDEBUG[0m [2methereum_transaction_pool_monitor::eth_client[0m[2m:[0m 📨 Received WebSocket message: {"jsonrpc":"2.0","method":"eth_subscription","params":{"subscription":"0xbed0a0851463e895960a451075a301a9","result":"0x4078dedbe1f63be18644ee9c615d66249de91bb4ee3c26a464459887116c2efd"}}
[2m2025-12-10T10:10:38.960800Z[0m [34mDEBUG[0m [2methereum_transaction_pool_monitor::eth_client[0m[2m:[0m 📨 Received pending transaction: 0x4078dedbe1f63be18644ee9c615d66249de91bb4ee3c26a464459887116c2efd
[2m2025-12-10T10:10:38.960814Z[0m [34mDEBUG[0m [2mhyper::proto::h1::io[0m[2m:[0m parsed 4 headers
[2m2025-12-10T10:10:38.960819Z[0m [34mDEBUG[0m [2mhyper::proto::h1::conn[0m[2m:[0m incoming body is content-length (829 bytes)
[2m2025-12-10T10:10:38.960826Z[0m [34mDEBUG[0m [2mhyper::proto::h1::conn[0m[2m:[0m incoming body completed
[2m2025-12-10T10:10:38.960835Z[0m [34mDEBUG[0m [2mhyper::client::pool[0m[2m:[0m pooling idle connection for ("http", 192.168.0.14:8545)
[2m2025-12-10T10:10:38.960842Z[0m [34mDEBUG[0m [2methereum_transaction_pool_monitor::eth_client[0m[2m:[0m 📡 Transaction fetch RPC completed in 26.793875ms
[2m2025-12-10T10:10:39.029194Z[0m [34mDEBUG[0m [2methereum_transaction_pool_monitor::eth_client[0m[2m:[0m ✅ Transaction 0x795abb9b34d4fc343272599f6a07e820db0b805720dfe9da0d84a2e66ca271f4 fetched and parsed in 95.1435ms
[2m2025-12-10T10:10:39.029214Z[0m [34mDEBUG[0m [2methereum_transaction_pool_monitor::mempool_monitor[0m[2m:[0m 🔍 Skipping tx 0x795abb9b34d4fc343272599f6a07e820db0b805720dfe9da0d84a2e66ca271f4 - not a DEX interaction (target: 0x3B4D794a66304F130a4Db8F2551B0070dfCf5ca7)
[2m2025-12-10T10:10:39.029222Z[0m [34mDEBUG[0m [2methereum_transaction_pool_monitor::mempool_monitor[0m[2m:[0m 📨 Processing new pending transaction: 0x4078dedbe1f63be18644ee9c615d66249de91bb4ee3c26a464459887116c2efd
[2m2025-12-10T10:10:39.029227Z[0m [34mDEBUG[0m [2methereum_transaction_pool_monitor::mempool_monitor[0m[2m:[0m 🔍 Fetching transaction details for: 0x4078dedbe1f63be18644ee9c615d66249de91bb4ee3c26a464459887116c2efd
[2m2025-12-10T10:10:39.029231Z[0m [34mDEBUG[0m [2methereum_transaction_pool_monitor::eth_client[0m[2m:[0m 🔍 Fetching transaction details for hash: 0x4078dedbe1f63be18644ee9c615d66249de91bb4ee3c26a464459887116c2efd
[2m2025-12-10T10:10:39.029247Z[0m [34mDEBUG[0m [2mhyper::client::pool[0m[2m:[0m reuse idle connection for ("http", 192.168.0.14:8545)
[2m2025-12-10T10:10:39.029282Z[0m [34mDEBUG[0m [2mhyper::proto::h1::io[0m[2m:[0m flushed 250 bytes
[2m2025-12-10T10:10:39.029309Z[0m [34mDEBUG[0m [2mhyper::client::pool[0m[2m:[0m reuse idle connection for ("http", 192.168.0.14:8545)
[2m2025-12-10T10:10:39.029322Z[0m [34mDEBUG[0m [2mhyper::proto::h1::io[0m[2m:[0m flushed 172 bytes
[2m2025-12-10T10:10:39.030814Z[0m [34mDEBUG[0m [2methereum_transaction_pool_monitor::eth_client[0m[2m:[0m 📨 Received WebSocket message: {"jsonrpc":"2.0","method":"eth_subscription","params":{"subscription":"0xbed0a0851463e895960a451075a301a9","result":"0x21372cd2d84a01824e2e85a3a3412aca2fa46c168315fa62ac809aab4d29ef43"}}
[2m2025-12-10T10:10:39.030825Z[0m [34mDEBUG[0m [2methereum_transaction_pool_monitor::eth_client[0m[2m:[0m 📨 Received pending transaction: 0x21372cd2d84a01824e2e85a3a3412aca2fa46c168315fa62ac809aab4d29ef43
[2m2025-12-10T10:10:39.035351Z[0m [34mDEBUG[0m [2mhyper::proto::h1::io[0m[2m:[0m parsed 4 headers
[2m2025-12-10T10:10:39.035366Z[0m [34mDEBUG[0m [2mhyper::proto::h1::conn[0m[2m:[0m incoming body is content-length (553 bytes)
[2m2025-12-10T10:10:39.035379Z[0m [34mDEBUG[0m [2mhyper::proto::h1::conn[0m[2m:[0m incoming body completed
[2m2025-12-10T10:10:39.035398Z[0m [34mDEBUG[0m [2mhyper::client::pool[0m[2m:[0m pooling idle connection for ("http", 192.168.0.14:8545)
[2m2025-12-10T10:10:39.035410Z[0m [34mDEBUG[0m [2methereum_transaction_pool_monitor::eth_client[0m[2m:[0m 📡 Transaction fetch RPC completed in 6.173875ms
[2m2025-12-10T10:10:39.107557Z[0m [34mDEBUG[0m [2methereum_transaction_pool_monitor::eth_client[0m[2m:[0m ✅ Transaction 0x4078dedbe1f63be18644ee9c615d66249de91bb4ee3c26a464459887116c2efd fetched and parsed in 78.318792ms
[2m2025-12-10T10:10:39.107583Z[0m [34mDEBUG[0m [2methereum_transaction_pool_monitor::mempool_monitor[0m[2m:[0m 🔍 Skipping tx 0x4078dedbe1f63be18644ee9c615d66249de91bb4ee3c26a464459887116c2efd - not a DEX interaction (target: 0xE8a29267b00B4214E71bA06FFf4dAF32B31c3f16)
[2m2025-12-10T10:10:39.107595Z[0m [34mDEBUG[0m [2methereum_transaction_pool_monitor::mempool_monitor[0m[2m:[0m 📨 Processing new pending transaction: 0x21372cd2d84a01824e2e85a3a3412aca2fa46c168315fa62ac809aab4d29ef43
[2m2025-12-10T10:10:39.107607Z[0m [34mDEBUG[0m [2methereum_transaction_pool_monitor::mempool_monitor[0m[2m:[0m 🔍 Fetching transaction details for: 0x21372cd2d84a01824e2e85a3a3412aca2fa46c168315fa62ac809aab4d29ef43
[2m2025-12-10T10:10:39.107616Z[0m [34mDEBUG[0m [2methereum_transaction_pool_monitor::eth_client[0m[2m:[0m 🔍 Fetching transaction details for hash: 0x21372cd2d84a01824e2e85a3a3412aca2fa46c168315fa62ac809aab4d29ef43
[2m2025-12-10T10:10:39.107638Z[0m [34mDEBUG[0m [2mhyper::client::pool[0m[2m:[0m reuse idle connection for ("http", 192.168.0.14:8545)
[2m2025-12-10T10:10:39.107670Z[0m [34mDEBUG[0m [2mhyper::proto::h1::io[0m[2m:[0m flushed 250 bytes
[2m2025-12-10T10:10:39.107692Z[0m [34mDEBUG[0m [2methereum_transaction_pool_monitor::eth_client[0m[2m:[0m 📨 Received WebSocket message: {"jsonrpc":"2.0","method":"eth_subscription","params":{"subscription":"0xbed0a0851463e895960a451075a301a9","result":"0x868fdc7c7ce617d97a45f55560ca60fdf0caf2aab1f64d8866f36d3d5ef2e4a9"}}
[2m2025-12-10T10:10:39.107695Z[0m [34mDEBUG[0m [2mhyper::proto::h1::io[0m[2m:[0m parsed 4 headers
[2m2025-12-10T10:10:39.107706Z[0m [34mDEBUG[0m [2methereum_transaction_pool_monitor::eth_client[0m[2m:[0m 📨 Received pending transaction: 0x868fdc7c7ce617d97a45f55560ca60fdf0caf2aab1f64d8866f36d3d5ef2e4a9
[2m2025-12-10T10:10:39.107714Z[0m [34mDEBUG[0m [2mhyper::proto::h1::conn[0m[2m:[0m incoming body is content-length (45 bytes)
[2m2025-12-10T10:10:39.107723Z[0m [34mDEBUG[0m [2mhyper::proto::h1::conn[0m[2m:[0m incoming body completed
[2m2025-12-10T10:10:39.107735Z[0m [34mDEBUG[0m [2mhyper::client::pool[0m[2m:[0m pooling idle connection for ("http", 192.168.0.14:8545)
[2m2025-12-10T10:10:39.107751Z[0m [34mDEBUG[0m [2mhyper::client::pool[0m[2m:[0m reuse idle connection for ("http", 192.168.0.14:8545)
[2m2025-12-10T10:10:39.107764Z[0m [34mDEBUG[0m [2mhyper::proto::h1::io[0m[2m:[0m flushed 172 bytes
[2m2025-12-10T10:10:39.112508Z[0m [34mDEBUG[0m [2mhyper::proto::h1::io[0m[2m:[0m parsed 4 headers
[2m2025-12-10T10:10:39.112516Z[0m [34mDEBUG[0m [2mhyper::proto::h1::conn[0m[2m:[0m incoming body is content-length (45 bytes)
[2m2025-12-10T10:10:39.112521Z[0m [34mDEBUG[0m [2mhyper::proto::h1::conn[0m[2m:[0m incoming body completed
[2m2025-12-10T10:10:39.112528Z[0m [34mDEBUG[0m [2mhyper::client::pool[0m[2m:[0m pooling idle connection for ("http", 192.168.0.14:8545)
[2m2025-12-10T10:10:39.112542Z[0m [34mDEBUG[0m [2mhyper::proto::h1::io[0m[2m:[0m parsed 4 headers
[2m2025-12-10T10:10:39.112549Z[0m [34mDEBUG[0m [2mhyper::proto::h1::conn[0m[2m:[0m incoming body is content-length (646 bytes)
[2m2025-12-10T10:10:39.112555Z[0m [34mDEBUG[0m [2mhyper::proto::h1::conn[0m[2m:[0m incoming body completed
[2m2025-12-10T10:10:39.112562Z[0m [34mDEBUG[0m [2mhyper::client::pool[0m[2m:[0m pooling idle connection for ("http", 192.168.0.14:8545)
[2m2025-12-10T10:10:39.112569Z[0m [34mDEBUG[0m [2methereum_transaction_pool_monitor::eth_client[0m[2m:[0m 📡 Transaction fetch RPC completed in 4.944667ms
[2m2025-12-10T10:10:39.184646Z[0m [34mDEBUG[0m [2methereum_transaction_pool_monitor::eth_client[0m[2m:[0m ✅ Transaction 0x21372cd2d84a01824e2e85a3a3412aca2fa46c168315fa62ac809aab4d29ef43 fetched and parsed in 77.0195ms
[2m2025-12-10T10:10:39.184671Z[0m [34mDEBUG[0m [2methereum_transaction_pool_monitor::mempool_monitor[0m[2m:[0m 🔍 Skipping tx 0x21372cd2d84a01824e2e85a3a3412aca2fa46c168315fa62ac809aab4d29ef43 - not a DEX interaction (target: 0xB51840212eEc97Bd2abBee45cd488a395B92EAF3)
[2m2025-12-10T10:10:39.184680Z[0m [34mDEBUG[0m [2methereum_transaction_pool_monitor::mempool_monitor[0m[2m:[0m 📨 Processing new pending transaction: 0x868fdc7c7ce617d97a45f55560ca60fdf0caf2aab1f64d8866f36d3d5ef2e4a9
[2m2025-12-10T10:10:39.184688Z[0m [34mDEBUG[0m [2methereum_transaction_pool_monitor::mempool_monitor[0m[2m:[0m 🔍 Fetching transaction details for: 0x868fdc7c7ce617d97a45f55560ca60fdf0caf2aab1f64d8866f36d3d5ef2e4a9
[2m2025-12-10T10:10:39.184695Z[0m [34mDEBUG[0m [2methereum_transaction_pool_monitor::eth_client[0m[2m:[0m 🔍 Fetching transaction details for hash: 0x868fdc7c7ce617d97a45f55560ca60fdf0caf2aab1f64d8866f36d3d5ef2e4a9
[2m2025-12-10T10:10:39.184712Z[0m [34mDEBUG[0m [2mhyper::client::pool[0m[2m:[0m reuse idle connection for ("http", 192.168.0.14:8545)
[2m2025-12-10T10:10:39.184756Z[0m [34mDEBUG[0m [2mhyper::proto::h1::io[0m[2m:[0m flushed 250 bytes
[2m2025-12-10T10:10:39.184776Z[0m [34mDEBUG[0m [2methereum_transaction_pool_monitor::eth_client[0m[2m:[0m 📨 Received WebSocket message: {"jsonrpc":"2.0","method":"eth_subscription","params":{"subscription":"0xbed0a0851463e895960a451075a301a9","result":"0x438a44767852ecf7aee04f334bc9452735965e950825e291182f4d2fd8a5bf50"}}
[2m2025-12-10T10:10:39.184785Z[0m [34mDEBUG[0m [2methereum_transaction_pool_monitor::eth_client[0m[2m:[0m 📨 Received pending transaction: 0x438a44767852ecf7aee04f334bc9452735965e950825e291182f4d2fd8a5bf50
[2m2025-12-10T10:10:39.189623Z[0m [34mDEBUG[0m [2mhyper::proto::h1::io[0m[2m:[0m parsed 4 headers
[2m2025-12-10T10:10:39.189632Z[0m [34mDEBUG[0m [2mhyper::proto::h1::conn[0m[2m:[0m incoming body is content-length (830 bytes)
[2m2025-12-10T10:10:39.189639Z[0m [34mDEBUG[0m [2mhyper::proto::h1::conn[0m[2m:[0m incoming body completed
[2m2025-12-10T10:10:39.189648Z[0m [34mDEBUG[0m [2mhyper::client::pool[0m[2m:[0m pooling idle connection for ("http", 192.168.0.14:8545)
[2m2025-12-10T10:10:39.189655Z[0m [34mDEBUG[0m [2methereum_transaction_pool_monitor::eth_client[0m[2m:[0m 📡 Transaction fetch RPC completed in 4.955459ms
[2m2025-12-10T10:10:39.260605Z[0m [34mDEBUG[0m [2methereum_transaction_pool_monitor::eth_client[0m[2m:[0m ✅ Transaction 0x868fdc7c7ce617d97a45f55560ca60fdf0caf2aab1f64d8866f36d3d5ef2e4a9 fetched and parsed in 75.90325ms
[2m2025-12-10T10:10:39.260635Z[0m [34mDEBUG[0m [2methereum_transaction_pool_monitor::mempool_monitor[0m[2m:[0m 🔍 Skipping tx 0x868fdc7c7ce617d97a45f55560ca60fdf0caf2aab1f64d8866f36d3d5ef2e4a9 - not a DEX interaction (target: 0x3B4D794a66304F130a4Db8F2551B0070dfCf5ca7)
[2m2025-12-10T10:10:39.260650Z[0m [34mDEBUG[0m [2methereum_transaction_pool_monitor::mempool_monitor[0m[2m:[0m 📨 Processing new pending transaction: 0x438a44767852ecf7aee04f334bc9452735965e950825e291182f4d2fd8a5bf50
[2m2025-12-10T10:10:39.260659Z[0m [34mDEBUG[0m [2methereum_transaction_pool_monitor::mempool_monitor[0m[2m:[0m 🔍 Fetching transaction details for: 0x438a44767852ecf7aee04f334bc9452735965e950825e291182f4d2fd8a5bf50
[2m2025-12-10T10:10:39.260669Z[0m [34mDEBUG[0m [2methereum_transaction_pool_monitor::eth_client[0m[2m:[0m 🔍 Fetching transaction details for hash: 0x438a44767852ecf7aee04f334bc9452735965e950825e291182f4d2fd8a5bf50
[2m2025-12-10T10:10:39.260690Z[0m [34mDEBUG[0m [2mhyper::client::pool[0m[2m:[0m reuse idle connection for ("http", 192.168.0.14:8545)
[2m2025-12-10T10:10:39.260727Z[0m [34mDEBUG[0m [2mhyper::proto::h1::io[0m[2m:[0m flushed 250 bytes
[2m2025-12-10T10:10:39.260757Z[0m [34mDEBUG[0m [2mhyper::client::pool[0m[2m:[0m reuse idle connection for ("http", 192.168.0.14:8545)
[2m2025-12-10T10:10:39.260774Z[0m [34mDEBUG[0m [2mhyper::proto::h1::io[0m[2m:[0m flushed 172 bytes
[2m2025-12-10T10:10:39.265209Z[0m [34mDEBUG[0m [2mhyper::proto::h1::io[0m[2m:[0m parsed 4 headers
[2m2025-12-10T10:10:39.265216Z[0m [34mDEBUG[0m [2mhyper::proto::h1::conn[0m[2m:[0m incoming body is content-length (5503 bytes)
[2m2025-12-10T10:10:39.265236Z[0m [34mDEBUG[0m [2methereum_transaction_pool_monitor::eth_client[0m[2m:[0m 📡 Transaction fetch RPC completed in 4.561292ms
[2m2025-12-10T10:10:39.267399Z[0m [34mDEBUG[0m [2mhyper::proto::h1::conn[0m[2m:[0m incoming body completed
[2m2025-12-10T10:10:39.267407Z[0m [34mDEBUG[0m [2mhyper::client::pool[0m[2m:[0m pooling idle connection for ("http", 192.168.0.14:8545)
[2m2025-12-10T10:10:39.267447Z[0m [34mDEBUG[0m [2mhyper::proto::h1::io[0m[2m:[0m parsed 4 headers
[2m2025-12-10T10:10:39.267455Z[0m [34mDEBUG[0m [2mhyper::proto::h1::conn[0m[2m:[0m incoming body is content-length (45 bytes)
[2m2025-12-10T10:10:39.267462Z[0m [34mDEBUG[0m [2mhyper::proto::h1::conn[0m[2m:[0m incoming body completed
[2m2025-12-10T10:10:39.267468Z[0m [34mDEBUG[0m [2mhyper::client::pool[0m[2m:[0m pooling idle connection for ("http", 192.168.0.14:8545)
[2m2025-12-10T10:10:39.297465Z[0m [34mDEBUG[0m [2mhyper::client::pool[0m[2m:[0m reuse idle connection for ("http", 192.168.0.14:8545)
[2m2025-12-10T10:10:39.297535Z[0m [34mDEBUG[0m [2mhyper::proto::h1::io[0m[2m:[0m flushed 172 bytes
[2m2025-12-10T10:10:39.300901Z[0m [34mDEBUG[0m [2mhyper::proto::h1::io[0m[2m:[0m parsed 4 headers
[2m2025-12-10T10:10:39.304207Z[0m [34mDEBUG[0m [2mhyper::proto::h1::conn[0m[2m:[0m incoming body is content-length (45 bytes)
[2m2025-12-10T10:10:39.304219Z[0m [34mDEBUG[0m [2mhyper::proto::h1::conn[0m[2m:[0m incoming body completed
[2m2025-12-10T10:10:39.304237Z[0m [34mDEBUG[0m [2mhyper::client::pool[0m[2m:[0m pooling idle connection for ("http", 192.168.0.14:8545)
[2m2025-12-10T10:10:39.339379Z[0m [34mDEBUG[0m [2methereum_transaction_pool_monitor::eth_client[0m[2m:[0m ✅ Transaction 0x438a44767852ecf7aee04f334bc9452735965e950825e291182f4d2fd8a5bf50 fetched and parsed in 78.701625ms
[2m2025-12-10T10:10:39.339404Z[0m [34mDEBUG[0m [2methereum_transaction_pool_monitor::mempool_monitor[0m[2m:[0m 🔍 Skipping tx 0x438a44767852ecf7aee04f334bc9452735965e950825e291182f4d2fd8a5bf50 - not a DEX interaction (target: 0x618892aE551eB5bB2DE8911057b3714274b5FFe1)
[2m2025-12-10T10:10:39.361459Z[0m [34mDEBUG[0m [2methereum_transaction_pool_monitor::eth_client[0m[2m:[0m 📨 Received WebSocket message: {"jsonrpc":"2.0","method":"eth_subscription","params":{"subscription":"0xbed0a0851463e895960a451075a301a9","result":"0x35e7f9c5714c72b9dc5432ee1b43abc724210fa46c0f59d2099778f91224d06f"}}
[2m2025-12-10T10:10:39.361481Z[0m [34mDEBUG[0m [2methereum_transaction_pool_monitor::eth_client[0m[2m:[0m 📨 Received pending transaction: 0x35e7f9c5714c72b9dc5432ee1b43abc724210fa46c0f59d2099778f91224d06f
[2m2025-12-10T10:10:39.361489Z[0m [34mDEBUG[0m [2methereum_transaction_pool_monitor::mempool_monitor[0m[2m:[0m 📨 Processing new pending transaction: 0x35e7f9c5714c72b9dc5432ee1b43abc724210fa46c0f59d2099778f91224d06f
[2m2025-12-10T10:10:39.361496Z[0m [34mDEBUG[0m [2methereum_transaction_pool_monitor::mempool_monitor[0m[2m:[0m 🔍 Fetching transaction details for: 0x35e7f9c5714c72b9dc5432ee1b43abc724210fa46c0f59d2099778f91224d06f
[2m2025-12-10T10:10:39.361500Z[0m [34mDEBUG[0m [2methereum_transaction_pool_monitor::eth_client[0m[2m:[0m 🔍 Fetching transaction details for hash: 0x35e7f9c5714c72b9dc5432ee1b43abc724210fa46c0f59d2099778f91224d06f
[2m2025-12-10T10:10:39.361517Z[0m [34mDEBUG[0m [2mhyper::client::pool[0m[2m:[0m reuse idle connection for ("http", 192.168.0.14:8545)
[2m2025-12-10T10:10:39.361541Z[0m [34mDEBUG[0m [2mhyper::proto::h1::io[0m[2m:[0m flushed 250 bytes
[2m2025-12-10T10:10:39.368740Z[0m [34mDEBUG[0m [2mhyper::proto::h1::io[0m[2m:[0m parsed 4 headers
[2m2025-12-10T10:10:39.368750Z[0m [34mDEBUG[0m [2mhyper::proto::h1::conn[0m[2m:[0m incoming body is content-length (644 bytes)
[2m2025-12-10T10:10:39.368758Z[0m [34mDEBUG[0m [2mhyper::proto::h1::conn[0m[2m:[0m incoming body completed
[2m2025-12-10T10:10:39.368767Z[0m [34mDEBUG[0m [2mhyper::client::pool[0m[2m:[0m pooling idle connection for ("http", 192.168.0.14:8545)
[2m2025-12-10T10:10:39.368774Z[0m [34mDEBUG[0m [2methereum_transaction_pool_monitor::eth_client[0m[2m:[0m 📡 Transaction fetch RPC completed in 7.269958ms
[2m2025-12-10T10:10:39.437830Z[0m [34mDEBUG[0m [2methereum_transaction_pool_monitor::eth_client[0m[2m:[0m ✅ Transaction 0x35e7f9c5714c72b9dc5432ee1b43abc724210fa46c0f59d2099778f91224d06f fetched and parsed in 76.323083ms
[2m2025-12-10T10:10:39.437847Z[0m [34mDEBUG[0m [2methereum_transaction_pool_monitor::mempool_monitor[0m[2m:[0m 🔍 Skipping tx 0x35e7f9c5714c72b9dc5432ee1b43abc724210fa46c0f59d2099778f91224d06f - not a DEX interaction (target: 0x390872e17A289E25069242836d470CBC100D0516)
[2m2025-12-10T10:10:39.437881Z[0m [34mDEBUG[0m [2mhyper::client::pool[0m[2m:[0m reuse idle connection for ("http", 192.168.0.14:8545)
[2m2025-12-10T10:10:39.437886Z[0m [34mDEBUG[0m [2methereum_transaction_pool_monitor::eth_client[0m[2m:[0m 📨 Received WebSocket message: {"jsonrpc":"2.0","method":"eth_subscription","params":{"subscription":"0xbed0a0851463e895960a451075a301a9","result":"0x3eb404a7fd5ed7c922886e1b90247ec84370d97a49ba00bbf4954020ad19808f"}}
[2m2025-12-10T10:10:39.437898Z[0m [34mDEBUG[0m [2methereum_transaction_pool_monitor::eth_client[0m[2m:[0m 📨 Received pending transaction: 0x3eb404a7fd5ed7c922886e1b90247ec84370d97a49ba00bbf4954020ad19808f
[2m2025-12-10T10:10:39.437903Z[0m [34mDEBUG[0m [2mhyper::proto::h1::io[0m[2m:[0m flushed 172 bytes
[2m2025-12-10T10:10:39.437903Z[0m [34mDEBUG[0m [2methereum_transaction_pool_monitor::eth_client[0m[2m:[0m 📨 Received WebSocket message: {"jsonrpc":"2.0","method":"eth_subscription","params":{"subscription":"0xbed0a0851463e895960a451075a301a9","result":"0xe34121f153f9969f001ddd0edd038a705abbc56b1bb1bf049f6417cbeb40f0bc"}}
[2m2025-12-10T10:10:39.437922Z[0m [34mDEBUG[0m [2methereum_transaction_pool_monitor::eth_client[0m[2m:[0m 📨 Received pending transaction: 0xe34121f153f9969f001ddd0edd038a705abbc56b1bb1bf049f6417cbeb40f0bc
[2m2025-12-10T10:10:39.437928Z[0m [34mDEBUG[0m [2methereum_transaction_pool_monitor::mempool_monitor[0m[2m:[0m 📨 Processing new pending transaction: 0x3eb404a7fd5ed7c922886e1b90247ec84370d97a49ba00bbf4954020ad19808f
[2m2025-12-10T10:10:39.437932Z[0m [34mDEBUG[0m [2methereum_transaction_pool_monitor::mempool_monitor[0m[2m:[0m 🔍 Fetching transaction details for: 0x3eb404a7fd5ed7c922886e1b90247ec84370d97a49ba00bbf4954020ad19808f
[2m2025-12-10T10:10:39.437936Z[0m [34mDEBUG[0m [2methereum_transaction_pool_monitor::eth_client[0m[2m:[0m 🔍 Fetching transaction details for hash: 0x3eb404a7fd5ed7c922886e1b90247ec84370d97a49ba00bbf4954020ad19808f
[2m2025-12-10T10:10:39.437943Z[0m [34mDEBUG[0m [2mhyper::client::pool[0m[2m:[0m reuse idle connection for ("http", 192.168.0.14:8545)
[2m2025-12-10T10:10:39.437954Z[0m [34mDEBUG[0m [2mhyper::proto::h1::io[0m[2m:[0m flushed 250 bytes
[2m2025-12-10T10:10:39.441554Z[0m [34mDEBUG[0m [2mhyper::proto::h1::io[0m[2m:[0m parsed 4 headers
[2m2025-12-10T10:10:39.441586Z[0m [34mDEBUG[0m [2mhyper::proto::h1::conn[0m[2m:[0m incoming body is content-length (45 bytes)
[2m2025-12-10T10:10:39.441609Z[0m [34mDEBUG[0m [2mhyper::proto::h1::conn[0m[2m:[0m incoming body completed
[2m2025-12-10T10:10:39.441619Z[0m [34mDEBUG[0m [2mhyper::client::pool[0m[2m:[0m pooling idle connection for ("http", 192.168.0.14:8545)
[2m2025-12-10T10:10:39.442660Z[0m [34mDEBUG[0m [2mhyper::proto::h1::io[0m[2m:[0m parsed 4 headers
[2m2025-12-10T10:10:39.442667Z[0m [34mDEBUG[0m [2mhyper::proto::h1::conn[0m[2m:[0m incoming body is content-length (763 bytes)
[2m2025-12-10T10:10:39.442672Z[0m [34mDEBUG[0m [2mhyper::proto::h1::conn[0m[2m:[0m incoming body completed
[2m2025-12-10T10:10:39.442679Z[0m [34mDEBUG[0m [2mhyper::client::pool[0m[2m:[0m pooling idle connection for ("http", 192.168.0.14:8545)
[2m2025-12-10T10:10:39.442684Z[0m [34mDEBUG[0m [2methereum_transaction_pool_monitor::eth_client[0m[2m:[0m 📡 Transaction fetch RPC completed in 4.744042ms
[2m2025-12-10T10:10:39.442697Z[0m [34mDEBUG[0m [2methereum_transaction_pool_monitor::eth_client[0m[2m:[0m DeFi transaction detected - Address: 0xdac17f958d2ee523a2206206994597c13d831ec7, Type: Stablecoin, Value: 0 ETH, Gas: 0.28 Gwei
[2m2025-12-10T10:10:39.442709Z[0m [34mDEBUG[0m [2methereum_transaction_pool_monitor::eth_client[0m[2m:[0m ✅ Transaction 0x3eb404a7fd5ed7c922886e1b90247ec84370d97a49ba00bbf4954020ad19808f fetched and parsed in 4.769583ms
[2m2025-12-10T10:10:39.442715Z[0m [34mDEBUG[0m [2methereum_transaction_pool_monitor::mempool_monitor[0m[2m:[0m 🔍 Skipping tx 0x3eb404a7fd5ed7c922886e1b90247ec84370d97a49ba00bbf4954020ad19808f - not a DEX interaction (target: 0xdAC17F958D2ee523a2206206994597C13D831ec7)
[2m2025-12-10T10:10:39.442721Z[0m [34mDEBUG[0m [2methereum_transaction_pool_monitor::mempool_monitor[0m[2m:[0m 📨 Processing new pending transaction: 0xe34121f153f9969f001ddd0edd038a705abbc56b1bb1bf049f6417cbeb40f0bc
[2m2025-12-10T10:10:39.442725Z[0m [34mDEBUG[0m [2methereum_transaction_pool_monitor::mempool_monitor[0m[2m:[0m 🔍 Fetching transaction details for: 0xe34121f153f9969f001ddd0edd038a705abbc56b1bb1bf049f6417cbeb40f0bc
[2m2025-12-10T10:10:39.442729Z[0m [34mDEBUG[0m [2methereum_transaction_pool_monitor::eth_client[0m[2m:[0m 🔍 Fetching transaction details for hash: 0xe34121f153f9969f001ddd0edd038a705abbc56b1bb1bf049f6417cbeb40f0bc
[2m2025-12-10T10:10:39.442736Z[0m [34mDEBUG[0m [2mhyper::client::pool[0m[2m:[0m reuse idle connection for ("http", 192.168.0.14:8545)
[2m2025-12-10T10:10:39.442754Z[0m [34mDEBUG[0m [2mhyper::proto::h1::io[0m[2m:[0m flushed 250 bytes
[2m2025-12-10T10:10:39.449860Z[0m [34mDEBUG[0m [2mhyper::proto::h1::io[0m[2m:[0m parsed 4 headers
[2m2025-12-10T10:10:39.449871Z[0m [34mDEBUG[0m [2mhyper::proto::h1::conn[0m[2m:[0m incoming body is content-length (771 bytes)
[2m2025-12-10T10:10:39.449877Z[0m [34mDEBUG[0m [2mhyper::proto::h1::conn[0m[2m:[0m incoming body completed
[2m2025-12-10T10:10:39.449884Z[0m [34mDEBUG[0m [2mhyper::client::pool[0m[2m:[0m pooling idle connection for ("http", 192.168.0.14:8545)
[2m2025-12-10T10:10:39.449889Z[0m [34mDEBUG[0m [2methereum_transaction_pool_monitor::eth_client[0m[2m:[0m 📡 Transaction fetch RPC completed in 7.155875ms
[2m2025-12-10T10:10:39.449900Z[0m [34mDEBUG[0m [2methereum_transaction_pool_monitor::eth_client[0m[2m:[0m DeFi transaction detected - Address: 0xdac17f958d2ee523a2206206994597c13d831ec7, Type: Stablecoin, Value: 0 ETH, Gas: 0.29 Gwei
[2m2025-12-10T10:10:39.449910Z[0m [34mDEBUG[0m [2methereum_transaction_pool_monitor::eth_client[0m[2m:[0m ✅ Transaction 0xe34121f153f9969f001ddd0edd038a705abbc56b1bb1bf049f6417cbeb40f0bc fetched and parsed in 7.177375ms
[2m2025-12-10T10:10:39.449916Z[0m [34mDEBUG[0m [2methereum_transaction_pool_monitor::mempool_monitor[0m[2m:[0m 🔍 Skipping tx 0xe34121f153f9969f001ddd0edd038a705abbc56b1bb1bf049f6417cbeb40f0bc - not a DEX interaction (target: 0xdAC17F958D2ee523a2206206994597C13D831ec7)
[2m2025-12-10T10:10:39.497997Z[0m [34mDEBUG[0m [2mhyper::client::pool[0m[2m:[0m reuse idle connection for ("http", 192.168.0.14:8545)
[2m2025-12-10T10:10:39.498052Z[0m [34mDEBUG[0m [2mhyper::proto::h1::io[0m[2m:[0m flushed 172 bytes
[2m2025-12-10T10:10:39.501202Z[0m [34mDEBUG[0m [2mhyper::proto::h1::io[0m[2m:[0m parsed 4 headers
[2m2025-12-10T10:10:39.501214Z[0m [34mDEBUG[0m [2mhyper::proto::h1::conn[0m[2m:[0m incoming body is content-length (45 bytes)
[2m2025-12-10T10:10:39.501221Z[0m [34mDEBUG[0m [2mhyper::proto::h1::conn[0m[2m:[0m incoming body completed
[2m2025-12-10T10:10:39.501230Z[0m [34mDEBUG[0m [2mhyper::client::pool[0m[2m:[0m pooling idle connection for ("http", 192.168.0.14:8545)
[2m2025-12-10T10:10:39.539082Z[0m [34mDEBUG[0m [2methereum_transaction_pool_monitor::eth_client[0m[2m:[0m 📨 Received WebSocket message: {"jsonrpc":"2.0","method":"eth_subscription","params":{"subscription":"0xbed0a0851463e895960a451075a301a9","result":"0xdc63152cc107b96617d4baabe6a05c5f704978aae36ea970754db443f248e703"}}
[2m2025-12-10T10:10:39.539494Z[0m [34mDEBUG[0m [2methereum_transaction_pool_monitor::eth_client[0m[2m:[0m 📨 Received pending transaction: 0xdc63152cc107b96617d4baabe6a05c5f704978aae36ea970754db443f248e703
[2m2025-12-10T10:10:39.539503Z[0m [34mDEBUG[0m [2methereum_transaction_pool_monitor::mempool_monitor[0m[2m:[0m 📨 Processing new pending transaction: 0xdc63152cc107b96617d4baabe6a05c5f704978aae36ea970754db443f248e703
[2m2025-12-10T10:10:39.539508Z[0m [34mDEBUG[0m [2methereum_transaction_pool_monitor::mempool_monitor[0m[2m:[0m 🔍 Fetching transaction details for: 0xdc63152cc107b96617d4baabe6a05c5f704978aae36ea970754db443f248e703
[2m2025-12-10T10:10:39.539513Z[0m [34mDEBUG[0m [2methereum_transaction_pool_monitor::eth_client[0m[2m:[0m 🔍 Fetching transaction details for hash: 0xdc63152cc107b96617d4baabe6a05c5f704978aae36ea970754db443f248e703
[2m2025-12-10T10:10:39.539529Z[0m [34mDEBUG[0m [2mhyper::client::pool[0m[2m:[0m reuse idle connection for ("http", 192.168.0.14:8545)
[2m2025-12-10T10:10:39.539551Z[0m [34mDEBUG[0m [2mhyper::proto::h1::io[0m[2m:[0m flushed 250 bytes
[2m2025-12-10T10:10:39.546178Z[0m [34mDEBUG[0m [2mhyper::proto::h1::io[0m[2m:[0m parsed 4 headers
[2m2025-12-10T10:10:39.546186Z[0m [34mDEBUG[0m [2mhyper::proto::h1::conn[0m[2m:[0m incoming body is content-length (772 bytes)
[2m2025-12-10T10:10:39.546193Z[0m [34mDEBUG[0m [2mhyper::proto::h1::conn[0m[2m:[0m incoming body completed
[2m2025-12-10T10:10:39.546200Z[0m [34mDEBUG[0m [2mhyper::client::pool[0m[2m:[0m pooling idle connection for ("http", 192.168.0.14:8545)
[2m2025-12-10T10:10:39.546207Z[0m [34mDEBUG[0m [2methereum_transaction_pool_monitor::eth_client[0m[2m:[0m 📡 Transaction fetch RPC completed in 6.689625ms
[2m2025-12-10T10:10:39.619631Z[0m [34mDEBUG[0m [2methereum_transaction_pool_monitor::eth_client[0m[2m:[0m ✅ Transaction 0xdc63152cc107b96617d4baabe6a05c5f704978aae36ea970754db443f248e703 fetched and parsed in 80.110958ms
[2m2025-12-10T10:10:39.619657Z[0m [34mDEBUG[0m [2methereum_transaction_pool_monitor::mempool_monitor[0m[2m:[0m 🔍 Skipping tx 0xdc63152cc107b96617d4baabe6a05c5f704978aae36ea970754db443f248e703 - not a DEX interaction (target: 0xA0b86991c6218b36c1d19D4a2e9Eb0cE3606eB48)
[2m2025-12-10T10:10:39.619700Z[0m [34mDEBUG[0m [2mhyper::client::pool[0m[2m:[0m reuse idle connection for ("http", 192.168.0.14:8545)
[2m2025-12-10T10:10:39.619746Z[0m [34mDEBUG[0m [2mhyper::proto::h1::io[0m[2m:[0m flushed 172 bytes
[2m2025-12-10T10:10:39.622664Z[0m [34mDEBUG[0m [2mhyper::proto::h1::io[0m[2m:[0m parsed 4 headers
[2m2025-12-10T10:10:39.622675Z[0m [34mDEBUG[0m [2mhyper::proto::h1::conn[0m[2m:[0m incoming body is content-length (45 bytes)
[2m2025-12-10T10:10:39.622682Z[0m [34mDEBUG[0m [2mhyper::proto::h1::conn[0m[2m:[0m incoming body completed
[2m2025-12-10T10:10:39.622690Z[0m [34mDEBUG[0m [2mhyper::client::pool[0m[2m:[0m pooling idle connection for ("http", 192.168.0.14:8545)
[2m2025-12-10T10:10:39.698756Z[0m [34mDEBUG[0m [2mhyper::client::pool[0m[2m:[0m reuse idle connection for ("http", 192.168.0.14:8545)
[2m2025-12-10T10:10:39.698834Z[0m [34mDEBUG[0m [2mhyper::proto::h1::io[0m[2m:[0m flushed 172 bytes
[2m2025-12-10T10:10:39.702090Z[0m [34mDEBUG[0m [2mhyper::proto::h1::io[0m[2m:[0m parsed 4 headers
[2m2025-12-10T10:10:39.702096Z[0m [34mDEBUG[0m [2mhyper::proto::h1::conn[0m[2m:[0m incoming body is content-length (45 bytes)
[2m2025-12-10T10:10:39.702104Z[0m [34mDEBUG[0m [2mhyper::proto::h1::conn[0m[2m:[0m incoming body completed
[2m2025-12-10T10:10:39.702113Z[0m [34mDEBUG[0m [2mhyper::client::pool[0m[2m:[0m pooling idle connection for ("http", 192.168.0.14:8545)
[2m2025-12-10T10:10:39.755210Z[0m [34mDEBUG[0m [2methereum_transaction_pool_monitor::eth_client[0m[2m:[0m 📨 Received WebSocket message: {"jsonrpc":"2.0","method":"eth_subscription","params":{"subscription":"0xbed0a0851463e895960a451075a301a9","result":"0x10728000c07115dfb2e91b661af76ec86596157204f2cded99847a6de0dc3a33"}}
[2m2025-12-10T10:10:39.755226Z[0m [34mDEBUG[0m [2methereum_transaction_pool_monitor::eth_client[0m[2m:[0m 📨 Received pending transaction: 0x10728000c07115dfb2e91b661af76ec86596157204f2cded99847a6de0dc3a33
[2m2025-12-10T10:10:39.755234Z[0m [34mDEBUG[0m [2methereum_transaction_pool_monitor::mempool_monitor[0m[2m:[0m 📨 Processing new pending transaction: 0x10728000c07115dfb2e91b661af76ec86596157204f2cded99847a6de0dc3a33
[2m2025-12-10T10:10:39.755239Z[0m [34mDEBUG[0m [2methereum_transaction_pool_monitor::mempool_monitor[0m[2m:[0m 🔍 Fetching transaction details for: 0x10728000c07115dfb2e91b661af76ec86596157204f2cded99847a6de0dc3a33
[2m2025-12-10T10:10:39.755243Z[0m [34mDEBUG[0m [2methereum_transaction_pool_monitor::eth_client[0m[2m:[0m 🔍 Fetching transaction details for hash: 0x10728000c07115dfb2e91b661af76ec86596157204f2cded99847a6de0dc3a33
[2m2025-12-10T10:10:39.755259Z[0m [34mDEBUG[0m [2mhyper::client::pool[0m[2m:[0m reuse idle connection for ("http", 192.168.0.14:8545)
[2m2025-12-10T10:10:39.755278Z[0m [34mDEBUG[0m [2mhyper::proto::h1::io[0m[2m:[0m flushed 250 bytes
[2m2025-12-10T10:10:39.759931Z[0m [34mDEBUG[0m [2mhyper::proto::h1::io[0m[2m:[0m parsed 4 headers
[2m2025-12-10T10:10:39.759948Z[0m [34mDEBUG[0m [2mhyper::proto::h1::conn[0m[2m:[0m incoming body is content-length (1151 bytes)
[2m2025-12-10T10:10:39.759956Z[0m [34mDEBUG[0m [2mhyper::proto::h1::conn[0m[2m:[0m incoming body completed
[2m2025-12-10T10:10:39.759966Z[0m [34mDEBUG[0m [2mhyper::client::pool[0m[2m:[0m pooling idle connection for ("http", 192.168.0.14:8545)
[2m2025-12-10T10:10:39.759973Z[0m [34mDEBUG[0m [2methereum_transaction_pool_monitor::eth_client[0m[2m:[0m 📡 Transaction fetch RPC completed in 4.725958ms
[2m2025-12-10T10:10:39.759989Z[0m [34mDEBUG[0m [2methereum_transaction_pool_monitor::eth_client[0m[2m:[0m DeFi transaction detected - Address: 0x7a250d5630b4cf539739df2c5dacb4c659f2488d, Type: DexRouter, Value: 0 ETH, Gas: 0.22 Gwei
[2m2025-12-10T10:10:39.760000Z[0m [34mDEBUG[0m [2methereum_transaction_pool_monitor::eth_client[0m[2m:[0m ✅ Transaction 0x10728000c07115dfb2e91b661af76ec86596157204f2cded99847a6de0dc3a33 fetched and parsed in 4.752417ms
[2m2025-12-10T10:10:39.760005Z[0m [34mDEBUG[0m [2methereum_transaction_pool_monitor::mempool_monitor[0m[2m:[0m 🔍 Skipping tx 0x10728000c07115dfb2e91b661af76ec86596157204f2cded99847a6de0dc3a33 - not a DEX interaction (target: 0x7a250d5630B4cF539739dF2C5dAcb4c659F2488D)
[2m2025-12-10T10:10:39.781185Z[0m [34mDEBUG[0m [2methereum_transaction_pool_monitor::eth_client[0m[2m:[0m 📨 Received WebSocket message: {"jsonrpc":"2.0","method":"eth_subscription","params":{"subscription":"0xbed0a0851463e895960a451075a301a9","result":"0x96c17cf56aeff9475dab0d23a29b310f1b41073e73bd46fa18c7ef821f379967"}}
[2m2025-12-10T10:10:39.781229Z[0m [34mDEBUG[0m [2methereum_transaction_pool_monitor::eth_client[0m[2m:[0m 📨 Received pending transaction: 0x96c17cf56aeff9475dab0d23a29b310f1b41073e73bd46fa18c7ef821f379967
[2m2025-12-10T10:10:39.781246Z[0m [34mDEBUG[0m [2methereum_transaction_pool_monitor::mempool_monitor[0m[2m:[0m 📨 Processing new pending transaction: 0x96c17cf56aeff9475dab0d23a29b310f1b41073e73bd46fa18c7ef821f379967
[2m2025-12-10T10:10:39.781262Z[0m [34mDEBUG[0m [2methereum_transaction_pool_monitor::mempool_monitor[0m[2m:[0m 🔍 Fetching transaction details for: 0x96c17cf56aeff9475dab0d23a29b310f1b41073e73bd46fa18c7ef821f379967
[2m2025-12-10T10:10:39.781273Z[0m [34mDEBUG[0m [2methereum_transaction_pool_monitor::eth_client[0m[2m:[0m 🔍 Fetching transaction details for hash: 0x96c17cf56aeff9475dab0d23a29b310f1b41073e73bd46fa18c7ef821f379967
[2m2025-12-10T10:10:39.781305Z[0m [34mDEBUG[0m [2mhyper::client::pool[0m[2m:[0m reuse idle connection for ("http", 192.168.0.14:8545)
[2m2025-12-10T10:10:39.781345Z[0m [34mDEBUG[0m [2mhyper::proto::h1::io[0m[2m:[0m flushed 250 bytes
[2m2025-12-10T10:10:39.787352Z[0m [34mDEBUG[0m [2mhyper::proto::h1::io[0m[2m:[0m parsed 4 headers
[2m2025-12-10T10:10:39.787380Z[0m [34mDEBUG[0m [2mhyper::proto::h1::conn[0m[2m:[0m incoming body is content-length (769 bytes)
[2m2025-12-10T10:10:39.787400Z[0m [34mDEBUG[0m [2mhyper::proto::h1::conn[0m[2m:[0m incoming body completed
[2m2025-12-10T10:10:39.787431Z[0m [34mDEBUG[0m [2mhyper::client::pool[0m[2m:[0m pooling idle connection for ("http", 192.168.0.14:8545)
[2m2025-12-10T10:10:39.787443Z[0m [34mDEBUG[0m [2methereum_transaction_pool_monitor::eth_client[0m[2m:[0m 📡 Transaction fetch RPC completed in 6.159667ms
[2m2025-12-10T10:10:39.787472Z[0m [34mDEBUG[0m [2methereum_transaction_pool_monitor::eth_client[0m[2m:[0m DeFi transaction detected - Address: 0xdac17f958d2ee523a2206206994597c13d831ec7, Type: Stablecoin, Value: 0 ETH, Gas: 0.26 Gwei
[2m2025-12-10T10:10:39.787500Z[0m [34mDEBUG[0m [2methereum_transaction_pool_monitor::eth_client[0m[2m:[0m ✅ Transaction 0x96c17cf56aeff9475dab0d23a29b310f1b41073e73bd46fa18c7ef821f379967 fetched and parsed in 6.216542ms
[2m2025-12-10T10:10:39.787518Z[0m [34mDEBUG[0m [2methereum_transaction_pool_monitor::mempool_monitor[0m[2m:[0m 🔍 Skipping tx 0x96c17cf56aeff9475dab0d23a29b310f1b41073e73bd46fa18c7ef821f379967 - not a DEX interaction (target: 0xdAC17F958D2ee523a2206206994597C13D831ec7)
[2m2025-12-10T10:10:39.797582Z[0m [34mDEBUG[0m [2mhyper::client::pool[0m[2m:[0m reuse idle connection for ("http", 192.168.0.14:8545)
[2m2025-12-10T10:10:39.797667Z[0m [34mDEBUG[0m [2mhyper::proto::h1::io[0m[2m:[0m flushed 172 bytes
[2m2025-12-10T10:10:39.800908Z[0m [34mDEBUG[0m [2mhyper::proto::h1::io[0m[2m:[0m parsed 4 headers
[2m2025-12-10T10:10:39.800958Z[0m [34mDEBUG[0m [2mhyper::proto::h1::conn[0m[2m:[0m incoming body is content-length (45 bytes)
[2m2025-12-10T10:10:39.800984Z[0m [34mDEBUG[0m [2mhyper::proto::h1::conn[0m[2m:[0m incoming body completed
[2m2025-12-10T10:10:39.801016Z[0m [34mDEBUG[0m [2mhyper::client::pool[0m[2m:[0m pooling idle connection for ("http", 192.168.0.14:8545)
[2m2025-12-10T10:10:39.829276Z[0m [34mDEBUG[0m [2methereum_transaction_pool_monitor::eth_client[0m[2m:[0m 📨 Received WebSocket message: {"jsonrpc":"2.0","method":"eth_subscription","params":{"subscription":"0xbed0a0851463e895960a451075a301a9","result":"0x2cee4ee27b46ef4a3ad6d5d8afa8bfde40409e82fe47edaeb15c14c6ec079c03"}}
[2m2025-12-10T10:10:39.829324Z[0m [34mDEBUG[0m [2methereum_transaction_pool_monitor::eth_client[0m[2m:[0m 📨 Received pending transaction: 0x2cee4ee27b46ef4a3ad6d5d8afa8bfde40409e82fe47edaeb15c14c6ec079c03
[2m2025-12-10T10:10:39.829345Z[0m [34mDEBUG[0m [2methereum_transaction_pool_monitor::mempool_monitor[0m[2m:[0m 📨 Processing new pending transaction: 0x2cee4ee27b46ef4a3ad6d5d8afa8bfde40409e82fe47edaeb15c14c6ec079c03
[2m2025-12-10T10:10:39.829362Z[0m [34mDEBUG[0m [2methereum_transaction_pool_monitor::mempool_monitor[0m[2m:[0m 🔍 Fetching transaction details for: 0x2cee4ee27b46ef4a3ad6d5d8afa8bfde40409e82fe47edaeb15c14c6ec079c03
[2m2025-12-10T10:10:39.829374Z[0m [34mDEBUG[0m [2methereum_transaction_pool_monitor::eth_client[0m[2m:[0m 🔍 Fetching transaction details for hash: 0x2cee4ee27b46ef4a3ad6d5d8afa8bfde40409e82fe47edaeb15c14c6ec079c03
[2m2025-12-10T10:10:39.829413Z[0m [34mDEBUG[0m [2mhyper::client::pool[0m[2m:[0m reuse idle connection for ("http", 192.168.0.14:8545)
[2m2025-12-10T10:10:39.829460Z[0m [34mDEBUG[0m [2mhyper::proto::h1::io[0m[2m:[0m flushed 250 bytes
[2m2025-12-10T10:10:39.833851Z[0m [34mDEBUG[0m [2mhyper::proto::h1::io[0m[2m:[0m parsed 4 headers
[2m2025-12-10T10:10:39.833888Z[0m [34mDEBUG[0m [2mhyper::proto::h1::conn[0m[2m:[0m incoming body is content-length (2323 bytes)
[2m2025-12-10T10:10:39.833939Z[0m [34mDEBUG[0m [2methereum_transaction_pool_monitor::eth_client[0m[2m:[0m 📡 Transaction fetch RPC completed in 4.5535ms
[2m2025-12-10T10:10:39.834061Z[0m [34mDEBUG[0m [2mhyper::proto::h1::conn[0m[2m:[0m incoming body completed
[2m2025-12-10T10:10:39.834090Z[0m [34mDEBUG[0m [2mhyper::client::pool[0m[2m:[0m pooling idle connection for ("http", 192.168.0.14:8545)
[2m2025-12-10T10:10:39.848176Z[0m [34mDEBUG[0m [2methereum_transaction_pool_monitor::eth_client[0m[2m:[0m 📨 Received WebSocket message: {"jsonrpc":"2.0","method":"eth_subscription","params":{"subscription":"0xbed0a0851463e895960a451075a301a9","result":"0x9a8a8b9f8eb3268f9657584344298ea6d632faf8925f976e5263f170c7e3f51b"}}
[2m2025-12-10T10:10:39.848195Z[0m [34mDEBUG[0m [2methereum_transaction_pool_monitor::eth_client[0m[2m:[0m 📨 Received pending transaction: 0x9a8a8b9f8eb3268f9657584344298ea6d632faf8925f976e5263f170c7e3f51b
[2m2025-12-10T10:10:39.899085Z[0m [34mDEBUG[0m [2mhyper::client::pool[0m[2m:[0m reuse idle connection for ("http", 192.168.0.14:8545)
[2m2025-12-10T10:10:39.899133Z[0m [34mDEBUG[0m [2mhyper::proto::h1::io[0m[2m:[0m flushed 172 bytes
[2m2025-12-10T10:10:39.902960Z[0m [34mDEBUG[0m [2mhyper::proto::h1::io[0m[2m:[0m parsed 4 headers
[2m2025-12-10T10:10:39.902968Z[0m [34mDEBUG[0m [2mhyper::proto::h1::conn[0m[2m:[0m incoming body is content-length (45 bytes)
[2m2025-12-10T10:10:39.902975Z[0m [34mDEBUG[0m [2mhyper::proto::h1::conn[0m[2m:[0m incoming body completed
[2m2025-12-10T10:10:39.902988Z[0m [34mDEBUG[0m [2mhyper::client::pool[0m[2m:[0m pooling idle connection for ("http", 192.168.0.14:8545)
[2m2025-12-10T10:10:39.925997Z[0m [34mDEBUG[0m [2methereum_transaction_pool_monitor::eth_client[0m[2m:[0m ✅ Transaction 0x2cee4ee27b46ef4a3ad6d5d8afa8bfde40409e82fe47edaeb15c14c6ec079c03 fetched and parsed in 96.609958ms
[2m2025-12-10T10:10:39.926019Z[0m [34mDEBUG[0m [2methereum_transaction_pool_monitor::mempool_monitor[0m[2m:[0m 🔍 Skipping tx 0x2cee4ee27b46ef4a3ad6d5d8afa8bfde40409e82fe47edaeb15c14c6ec079c03 - not a DEX interaction (target: 0x66a9893cC07D91D95644AEDD05D03f95e1dBA8Af)
[2m2025-12-10T10:10:39.926029Z[0m [34mDEBUG[0m [2methereum_transaction_pool_monitor::mempool_monitor[0m[2m:[0m 📨 Processing new pending transaction: 0x9a8a8b9f8eb3268f9657584344298ea6d632faf8925f976e5263f170c7e3f51b
[2m2025-12-10T10:10:39.926036Z[0m [34mDEBUG[0m [2methereum_transaction_pool_monitor::mempool_monitor[0m[2m:[0m 🔍 Fetching transaction details for: 0x9a8a8b9f8eb3268f9657584344298ea6d632faf8925f976e5263f170c7e3f51b
[2m2025-12-10T10:10:39.926042Z[0m [34mDEBUG[0m [2methereum_transaction_pool_monitor::eth_client[0m[2m:[0m 🔍 Fetching transaction details for hash: 0x9a8a8b9f8eb3268f9657584344298ea6d632faf8925f976e5263f170c7e3f51b
[2m2025-12-10T10:10:39.926058Z[0m [34mDEBUG[0m [2mhyper::client::pool[0m[2m:[0m reuse idle connection for ("http", 192.168.0.14:8545)
[2m2025-12-10T10:10:39.926099Z[0m [34mDEBUG[0m [2mhyper::proto::h1::io[0m[2m:[0m flushed 250 bytes
[2m2025-12-10T10:10:39.933984Z[0m [34mDEBUG[0m [2mhyper::proto::h1::io[0m[2m:[0m parsed 4 headers
[2m2025-12-10T10:10:39.933990Z[0m [34mDEBUG[0m [2mhyper::proto::h1::conn[0m[2m:[0m incoming body is content-length (647 bytes)
[2m2025-12-10T10:10:39.933997Z[0m [34mDEBUG[0m [2mhyper::proto::h1::conn[0m[2m:[0m incoming body completed
[2m2025-12-10T10:10:39.934005Z[0m [34mDEBUG[0m [2mhyper::client::pool[0m[2m:[0m pooling idle connection for ("http", 192.168.0.14:8545)
[2m2025-12-10T10:10:39.934011Z[0m [34mDEBUG[0m [2methereum_transaction_pool_monitor::eth_client[0m[2m:[0m 📡 Transaction fetch RPC completed in 7.9635ms
[2m2025-12-10T10:10:40.004291Z[0m [34mDEBUG[0m [2methereum_transaction_pool_monitor::eth_client[0m[2m:[0m ✅ Transaction 0x9a8a8b9f8eb3268f9657584344298ea6d632faf8925f976e5263f170c7e3f51b fetched and parsed in 78.241792ms
[2m2025-12-10T10:10:40.004323Z[0m [34mDEBUG[0m [2methereum_transaction_pool_monitor::mempool_monitor[0m[2m:[0m 🔍 Skipping tx 0x9a8a8b9f8eb3268f9657584344298ea6d632faf8925f976e5263f170c7e3f51b - not a DEX interaction (target: 0xA26148AE51fa8E787DF319C04137602Cc018b521)
[2m2025-12-10T10:10:40.004370Z[0m [34mDEBUG[0m [2mhyper::client::pool[0m[2m:[0m reuse idle connection for ("http", 192.168.0.14:8545)
[2m2025-12-10T10:10:40.004408Z[0m [34mDEBUG[0m [2mhyper::proto::h1::io[0m[2m:[0m flushed 172 bytes
[2m2025-12-10T10:10:40.011391Z[0m [34mDEBUG[0m [2mhyper::proto::h1::io[0m[2m:[0m parsed 4 headers
[2m2025-12-10T10:10:40.011416Z[0m [34mDEBUG[0m [2mhyper::proto::h1::conn[0m[2m:[0m incoming body is content-length (45 bytes)
[2m2025-12-10T10:10:40.011446Z[0m [34mDEBUG[0m [2mhyper::proto::h1::conn[0m[2m:[0m incoming body completed
[2m2025-12-10T10:10:40.011481Z[0m [34mDEBUG[0m [2mhyper::client::pool[0m[2m:[0m pooling idle connection for ("http", 192.168.0.14:8545)
[2m2025-12-10T10:10:40.098571Z[0m [34mDEBUG[0m [2mhyper::client::pool[0m[2m:[0m reuse idle connection for ("http", 192.168.0.14:8545)
[2m2025-12-10T10:10:40.098641Z[0m [34mDEBUG[0m [2mhyper::proto::h1::io[0m[2m:[0m flushed 172 bytes
[2m2025-12-10T10:10:40.101346Z[0m [34mDEBUG[0m [2mhyper::proto::h1::io[0m[2m:[0m parsed 4 headers
[2m2025-12-10T10:10:40.101368Z[0m [34mDEBUG[0m [2mhyper::proto::h1::conn[0m[2m:[0m incoming body is content-length (45 bytes)
[2m2025-12-10T10:10:40.101387Z[0m [34mDEBUG[0m [2mhyper::proto::h1::conn[0m[2m:[0m incoming body completed
[2m2025-12-10T10:10:40.101405Z[0m [34mDEBUG[0m [2mhyper::client::pool[0m[2m:[0m pooling idle connection for ("http", 192.168.0.14:8545)
[2m2025-12-10T10:10:40.174915Z[0m [34mDEBUG[0m [2methereum_transaction_pool_monitor::eth_client[0m[2m:[0m 📨 Received WebSocket message: {"jsonrpc":"2.0","method":"eth_subscription","params":{"subscription":"0xbed0a0851463e895960a451075a301a9","result":"0x8dd6ce72f2284b4d4bb060059bcbca415c015105d78897e5122889636a583a78"}}
[2m2025-12-10T10:10:40.179020Z[0m [34mDEBUG[0m [2methereum_transaction_pool_monitor::eth_client[0m[2m:[0m 📨 Received pending transaction: 0x8dd6ce72f2284b4d4bb060059bcbca415c015105d78897e5122889636a583a78
[2m2025-12-10T10:10:40.179044Z[0m [32m INFO[0m [2methereum_transaction_pool_monitor::eth_client[0m[2m:[0m 📊 WebSocket stats - Total: 2180 transactions, Rate: 13.5 tx/s
[2m2025-12-10T10:10:40.179075Z[0m [34mDEBUG[0m [2methereum_transaction_pool_monitor::mempool_monitor[0m[2m:[0m 📨 Processing new pending transaction: 0x8dd6ce72f2284b4d4bb060059bcbca415c015105d78897e5122889636a583a78
[2m2025-12-10T10:10:40.179093Z[0m [34mDEBUG[0m [2methereum_transaction_pool_monitor::mempool_monitor[0m[2m:[0m 🔍 Fetching transaction details for: 0x8dd6ce72f2284b4d4bb060059bcbca415c015105d78897e5122889636a583a78
[2m2025-12-10T10:10:40.179108Z[0m [34mDEBUG[0m [2methereum_transaction_pool_monitor::eth_client[0m[2m:[0m 🔍 Fetching transaction details for hash: 0x8dd6ce72f2284b4d4bb060059bcbca415c015105d78897e5122889636a583a78
[2m2025-12-10T10:10:40.179135Z[0m [34mDEBUG[0m [2mhyper::client::pool[0m[2m:[0m reuse idle connection for ("http", 192.168.0.14:8545)
[2m2025-12-10T10:10:40.179176Z[0m [34mDEBUG[0m [2mhyper::proto::h1::io[0m[2m:[0m flushed 250 bytes
[2m2025-12-10T10:10:40.183252Z[0m [34mDEBUG[0m [2mhyper::proto::h1::io[0m[2m:[0m parsed 4 headers
[2m2025-12-10T10:10:40.183267Z[0m [34mDEBUG[0m [2mhyper::proto::h1::conn[0m[2m:[0m incoming body is content-length (1413 bytes)
[2m2025-12-10T10:10:40.183292Z[0m [34mDEBUG[0m [2methereum_transaction_pool_monitor::eth_client[0m[2m:[0m 📡 Transaction fetch RPC completed in 4.171125ms
[2m2025-12-10T10:10:40.183499Z[0m [34mDEBUG[0m [2mhyper::proto::h1::conn[0m[2m:[0m incoming body completed
[2m2025-12-10T10:10:40.183518Z[0m [34mDEBUG[0m [2mhyper::client::pool[0m[2m:[0m pooling idle connection for ("http", 192.168.0.14:8545)
[2m2025-12-10T10:10:40.189826Z[0m [34mDEBUG[0m [2methereum_transaction_pool_monitor::eth_client[0m[2m:[0m 📨 Received WebSocket message: {"jsonrpc":"2.0","method":"eth_subscription","params":{"subscription":"0xbed0a0851463e895960a451075a301a9","result":"0xc16f846b2018a727d67f51582d88b85b946332688d1d9afc8773682349ecc996"}}
[2m2025-12-10T10:10:40.189846Z[0m [34mDEBUG[0m [2methereum_transaction_pool_monitor::eth_client[0m[2m:[0m 📨 Received pending transaction: 0xc16f846b2018a727d67f51582d88b85b946332688d1d9afc8773682349ecc996
[2m2025-12-10T10:10:40.198640Z[0m [34mDEBUG[0m [2mhyper::client::pool[0m[2m:[0m reuse idle connection for ("http", 192.168.0.14:8545)
[2m2025-12-10T10:10:40.198679Z[0m [34mDEBUG[0m [2mhyper::proto::h1::io[0m[2m:[0m flushed 172 bytes
[2m2025-12-10T10:10:40.202172Z[0m [34mDEBUG[0m [2mhyper::proto::h1::io[0m[2m:[0m parsed 4 headers
[2m2025-12-10T10:10:40.202181Z[0m [34mDEBUG[0m [2mhyper::proto::h1::conn[0m[2m:[0m incoming body is content-length (45 bytes)
[2m2025-12-10T10:10:40.202189Z[0m [34mDEBUG[0m [2mhyper::proto::h1::conn[0m[2m:[0m incoming body completed
[2m2025-12-10T10:10:40.202199Z[0m [34mDEBUG[0m [2mhyper::client::pool[0m[2m:[0m pooling idle connection for ("http", 192.168.0.14:8545)
[2m2025-12-10T10:10:40.266704Z[0m [34mDEBUG[0m [2methereum_transaction_pool_monitor::eth_client[0m[2m:[0m ✅ Transaction 0x8dd6ce72f2284b4d4bb060059bcbca415c015105d78897e5122889636a583a78 fetched and parsed in 87.581166ms
[2m2025-12-10T10:10:40.266729Z[0m [34mDEBUG[0m [2methereum_transaction_pool_monitor::mempool_monitor[0m[2m:[0m 🔍 Skipping tx 0x8dd6ce72f2284b4d4bb060059bcbca415c015105d78897e5122889636a583a78 - not a DEX interaction (target: 0x173272739Bd7Aa6e4e214714048a9fE699453059)
[2m2025-12-10T10:10:40.266740Z[0m [34mDEBUG[0m [2methereum_transaction_pool_monitor::mempool_monitor[0m[2m:[0m 📨 Processing new pending transaction: 0xc16f846b2018a727d67f51582d88b85b946332688d1d9afc8773682349ecc996
[2m2025-12-10T10:10:40.266748Z[0m [34mDEBUG[0m [2methereum_transaction_pool_monitor::mempool_monitor[0m[2m:[0m 🔍 Fetching transaction details for: 0xc16f846b2018a727d67f51582d88b85b946332688d1d9afc8773682349ecc996
[2m2025-12-10T10:10:40.266754Z[0m [34mDEBUG[0m [2methereum_transaction_pool_monitor::eth_client[0m[2m:[0m 🔍 Fetching transaction details for hash: 0xc16f846b2018a727d67f51582d88b85b946332688d1d9afc8773682349ecc996
[2m2025-12-10T10:10:40.266772Z[0m [34mDEBUG[0m [2mhyper::client::pool[0m[2m:[0m reuse idle connection for ("http", 192.168.0.14:8545)
[2m2025-12-10T10:10:40.266814Z[0m [34mDEBUG[0m [2mhyper::proto::h1::io[0m[2m:[0m flushed 250 bytes
[2m2025-12-10T10:10:40.271610Z[0m [34mDEBUG[0m [2mhyper::proto::h1::io[0m[2m:[0m parsed 4 headers
[2m2025-12-10T10:10:40.271617Z[0m [34mDEBUG[0m [2mhyper::proto::h1::conn[0m[2m:[0m incoming body is content-length (704 bytes)
[2m2025-12-10T10:10:40.271623Z[0m [34mDEBUG[0m [2mhyper::proto::h1::conn[0m[2m:[0m incoming body completed
[2m2025-12-10T10:10:40.271633Z[0m [34mDEBUG[0m [2mhyper::client::pool[0m[2m:[0m pooling idle connection for ("http", 192.168.0.14:8545)
[2m2025-12-10T10:10:40.271639Z[0m [34mDEBUG[0m [2methereum_transaction_pool_monitor::eth_client[0m[2m:[0m 📡 Transaction fetch RPC completed in 4.880333ms
[2m2025-12-10T10:10:40.342891Z[0m [34mDEBUG[0m [2methereum_transaction_pool_monitor::eth_client[0m[2m:[0m ✅ Transaction 0xc16f846b2018a727d67f51582d88b85b946332688d1d9afc8773682349ecc996 fetched and parsed in 76.129333ms
[2m2025-12-10T10:10:40.342913Z[0m [34mDEBUG[0m [2methereum_transaction_pool_monitor::mempool_monitor[0m[2m:[0m 🔍 Skipping tx 0xc16f846b2018a727d67f51582d88b85b946332688d1d9afc8773682349ecc996 - not a DEX interaction (target: 0xA0b86991c6218b36c1d19D4a2e9Eb0cE3606eB48)
[2m2025-12-10T10:10:40.342947Z[0m [34mDEBUG[0m [2mhyper::client::pool[0m[2m:[0m reuse idle connection for ("http", 192.168.0.14:8545)
[2m2025-12-10T10:10:40.342970Z[0m [34mDEBUG[0m [2mhyper::proto::h1::io[0m[2m:[0m flushed 172 bytes
[2m2025-12-10T10:10:40.342989Z[0m [34mDEBUG[0m [2methereum_transaction_pool_monitor::eth_client[0m[2m:[0m 📨 Received WebSocket message: {"jsonrpc":"2.0","method":"eth_subscription","params":{"subscription":"0xbed0a0851463e895960a451075a301a9","result":"0x568186dc97ce5dfc53b3719fd5647d34e33a11f1f427d6c6469a9bcbf2f65b4b"}}
[2m2025-12-10T10:10:40.342999Z[0m [34mDEBUG[0m [2methereum_transaction_pool_monitor::eth_client[0m[2m:[0m 📨 Received pending transaction: 0x568186dc97ce5dfc53b3719fd5647d34e33a11f1f427d6c6469a9bcbf2f65b4b
[2m2025-12-10T10:10:40.343008Z[0m [34mDEBUG[0m [2methereum_transaction_pool_monitor::mempool_monitor[0m[2m:[0m 📨 Processing new pending transaction: 0x568186dc97ce5dfc53b3719fd5647d34e33a11f1f427d6c6469a9bcbf2f65b4b
[2m2025-12-10T10:10:40.343016Z[0m [34mDEBUG[0m [2methereum_transaction_pool_monitor::mempool_monitor[0m[2m:[0m 🔍 Fetching transaction details for: 0x568186dc97ce5dfc53b3719fd5647d34e33a11f1f427d6c6469a9bcbf2f65b4b
[2m2025-12-10T10:10:40.343020Z[0m [34mDEBUG[0m [2methereum_transaction_pool_monitor::eth_client[0m[2m:[0m 🔍 Fetching transaction details for hash: 0x568186dc97ce5dfc53b3719fd5647d34e33a11f1f427d6c6469a9bcbf2f65b4b
[2m2025-12-10T10:10:40.343027Z[0m [34mDEBUG[0m [2mhyper::client::pool[0m[2m:[0m reuse idle connection for ("http", 192.168.0.14:8545)
[2m2025-12-10T10:10:40.343040Z[0m [34mDEBUG[0m [2mhyper::proto::h1::io[0m[2m:[0m flushed 250 bytes
[2m2025-12-10T10:10:40.347932Z[0m [34mDEBUG[0m [2mhyper::proto::h1::io[0m[2m:[0m parsed 4 headers
[2m2025-12-10T10:10:40.347960Z[0m [34mDEBUG[0m [2mhyper::proto::h1::conn[0m[2m:[0m incoming body is content-length (45 bytes)
[2m2025-12-10T10:10:40.347984Z[0m [34mDEBUG[0m [2mhyper::proto::h1::conn[0m[2m:[0m incoming body completed
[2m2025-12-10T10:10:40.347995Z[0m [34mDEBUG[0m [2mhyper::client::pool[0m[2m:[0m pooling idle connection for ("http", 192.168.0.14:8545)
[2m2025-12-10T10:10:40.351111Z[0m [34mDEBUG[0m [2mhyper::proto::h1::io[0m[2m:[0m parsed 4 headers
[2m2025-12-10T10:10:40.351120Z[0m [34mDEBUG[0m [2mhyper::proto::h1::conn[0m[2m:[0m incoming body is content-length (769 bytes)
[2m2025-12-10T10:10:40.351126Z[0m [34mDEBUG[0m [2mhyper::proto::h1::conn[0m[2m:[0m incoming body completed
[2m2025-12-10T10:10:40.351133Z[0m [34mDEBUG[0m [2mhyper::client::pool[0m[2m:[0m pooling idle connection for ("http", 192.168.0.14:8545)
[2m2025-12-10T10:10:40.351139Z[0m [34mDEBUG[0m [2methereum_transaction_pool_monitor::eth_client[0m[2m:[0m 📡 Transaction fetch RPC completed in 8.114792ms
[2m2025-12-10T10:10:40.351157Z[0m [34mDEBUG[0m [2methereum_transaction_pool_monitor::eth_client[0m[2m:[0m DeFi transaction detected - Address: 0xdac17f958d2ee523a2206206994597c13d831ec7, Type: Stablecoin, Value: 0 ETH, Gas: 0.23 Gwei
[2m2025-12-10T10:10:40.351190Z[0m [34mDEBUG[0m [2methereum_transaction_pool_monitor::eth_client[0m[2m:[0m ✅ Transaction 0x568186dc97ce5dfc53b3719fd5647d34e33a11f1f427d6c6469a9bcbf2f65b4b fetched and parsed in 8.1665ms
[2m2025-12-10T10:10:40.351196Z[0m [34mDEBUG[0m [2methereum_transaction_pool_monitor::mempool_monitor[0m[2m:[0m 🔍 Skipping tx 0x568186dc97ce5dfc53b3719fd5647d34e33a11f1f427d6c6469a9bcbf2f65b4b - not a DEX interaction (target: 0xdAC17F958D2ee523a2206206994597C13D831ec7)
[2m2025-12-10T10:10:40.398588Z[0m [34mDEBUG[0m [2mhyper::client::pool[0m[2m:[0m reuse idle connection for ("http", 192.168.0.14:8545)
[2m2025-12-10T10:10:40.400228Z[0m [34mDEBUG[0m [2mhyper::proto::h1::io[0m[2m:[0m flushed 172 bytes
[2m2025-12-10T10:10:40.403855Z[0m [34mDEBUG[0m [2mhyper::proto::h1::io[0m[2m:[0m parsed 4 headers
[2m2025-12-10T10:10:40.403862Z[0m [34mDEBUG[0m [2mhyper::proto::h1::conn[0m[2m:[0m incoming body is content-length (45 bytes)
[2m2025-12-10T10:10:40.403869Z[0m [34mDEBUG[0m [2mhyper::proto::h1::conn[0m[2m:[0m incoming body completed
[2m2025-12-10T10:10:40.403876Z[0m [34mDEBUG[0m [2mhyper::client::pool[0m[2m:[0m pooling idle connection for ("http", 192.168.0.14:8545)
[2m2025-12-10T10:10:40.455486Z[0m [34mDEBUG[0m [2methereum_transaction_pool_monitor::eth_client[0m[2m:[0m 📨 Received WebSocket message: {"jsonrpc":"2.0","method":"eth_subscription","params":{"subscription":"0xbed0a0851463e895960a451075a301a9","result":"0x9e75160b20b02755d30fd9c509d0f7ae1e309b8ff8723c6874c33859b50d21af"}}
[2m2025-12-10T10:10:40.455498Z[0m [34mDEBUG[0m [2methereum_transaction_pool_monitor::eth_client[0m[2m:[0m 📨 Received pending transaction: 0x9e75160b20b02755d30fd9c509d0f7ae1e309b8ff8723c6874c33859b50d21af
[2m2025-12-10T10:10:40.455511Z[0m [34mDEBUG[0m [2methereum_transaction_pool_monitor::mempool_monitor[0m[2m:[0m 📨 Processing new pending transaction: 0x9e75160b20b02755d30fd9c509d0f7ae1e309b8ff8723c6874c33859b50d21af
[2m2025-12-10T10:10:40.455518Z[0m [34mDEBUG[0m [2methereum_transaction_pool_monitor::mempool_monitor[0m[2m:[0m 🔍 Fetching transaction details for: 0x9e75160b20b02755d30fd9c509d0f7ae1e309b8ff8723c6874c33859b50d21af
[2m2025-12-10T10:10:40.455523Z[0m [34mDEBUG[0m [2methereum_transaction_pool_monitor::eth_client[0m[2m:[0m 🔍 Fetching transaction details for hash: 0x9e75160b20b02755d30fd9c509d0f7ae1e309b8ff8723c6874c33859b50d21af
[2m2025-12-10T10:10:40.455539Z[0m [34mDEBUG[0m [2mhyper::client::pool[0m[2m:[0m reuse idle connection for ("http", 192.168.0.14:8545)
[2m2025-12-10T10:10:40.455559Z[0m [34mDEBUG[0m [2mhyper::proto::h1::io[0m[2m:[0m flushed 250 bytes
[2m2025-12-10T10:10:40.459846Z[0m [34mDEBUG[0m [2mhyper::proto::h1::io[0m[2m:[0m parsed 4 headers
[2m2025-12-10T10:10:40.459855Z[0m [34mDEBUG[0m [2mhyper::proto::h1::conn[0m[2m:[0m incoming body is content-length (830 bytes)
[2m2025-12-10T10:10:40.459862Z[0m [34mDEBUG[0m [2mhyper::proto::h1::conn[0m[2m:[0m incoming body completed
[2m2025-12-10T10:10:40.459870Z[0m [34mDEBUG[0m [2mhyper::client::pool[0m[2m:[0m pooling idle connection for ("http", 192.168.0.14:8545)
[2m2025-12-10T10:10:40.459877Z[0m [34mDEBUG[0m [2methereum_transaction_pool_monitor::eth_client[0m[2m:[0m 📡 Transaction fetch RPC completed in 4.3485ms
[2m2025-12-10T10:10:40.536894Z[0m [34mDEBUG[0m [2methereum_transaction_pool_monitor::eth_client[0m[2m:[0m ✅ Transaction 0x9e75160b20b02755d30fd9c509d0f7ae1e309b8ff8723c6874c33859b50d21af fetched and parsed in 81.362542ms
[2m2025-12-10T10:10:40.536919Z[0m [34mDEBUG[0m [2methereum_transaction_pool_monitor::mempool_monitor[0m[2m:[0m 🔍 Skipping tx 0x9e75160b20b02755d30fd9c509d0f7ae1e309b8ff8723c6874c33859b50d21af - not a DEX interaction (target: 0x3B4D794a66304F130a4Db8F2551B0070dfCf5ca7)
[2m2025-12-10T10:10:40.536965Z[0m [34mDEBUG[0m [2mhyper::client::pool[0m[2m:[0m reuse idle connection for ("http", 192.168.0.14:8545)
[2m2025-12-10T10:10:40.537005Z[0m [34mDEBUG[0m [2mhyper::proto::h1::io[0m[2m:[0m flushed 172 bytes
[2m2025-12-10T10:10:40.540707Z[0m [34mDEBUG[0m [2mhyper::proto::h1::io[0m[2m:[0m parsed 4 headers
[2m2025-12-10T10:10:40.540741Z[0m [34mDEBUG[0m [2mhyper::proto::h1::conn[0m[2m:[0m incoming body is content-length (45 bytes)
[2m2025-12-10T10:10:40.540767Z[0m [34mDEBUG[0m [2mhyper::proto::h1::conn[0m[2m:[0m incoming body completed
[2m2025-12-10T10:10:40.540774Z[0m [34mDEBUG[0m [2mhyper::client::pool[0m[2m:[0m pooling idle connection for ("http", 192.168.0.14:8545)
[2m2025-12-10T10:10:40.598108Z[0m [34mDEBUG[0m [2mhyper::client::pool[0m[2m:[0m reuse idle connection for ("http", 192.168.0.14:8545)
[2m2025-12-10T10:10:40.598157Z[0m [34mDEBUG[0m [2mhyper::proto::h1::io[0m[2m:[0m flushed 172 bytes
[2m2025-12-10T10:10:40.603764Z[0m [34mDEBUG[0m [2mhyper::proto::h1::io[0m[2m:[0m parsed 4 headers
[2m2025-12-10T10:10:40.603810Z[0m [34mDEBUG[0m [2mhyper::proto::h1::conn[0m[2m:[0m incoming body is content-length (45 bytes)
[2m2025-12-10T10:10:40.603828Z[0m [34mDEBUG[0m [2mhyper::proto::h1::conn[0m[2m:[0m incoming body completed
[2m2025-12-10T10:10:40.603851Z[0m [34mDEBUG[0m [2mhyper::client::pool[0m[2m:[0m pooling idle connection for ("http", 192.168.0.14:8545)
[2m2025-12-10T10:10:40.647476Z[0m [34mDEBUG[0m [2methereum_transaction_pool_monitor::eth_client[0m[2m:[0m 📨 Received WebSocket message: {"jsonrpc":"2.0","method":"eth_subscription","params":{"subscription":"0xbed0a0851463e895960a451075a301a9","result":"0x8a71dc9a59e81d6fdc69aa12b74c03c3f1150651c840f52406fade5e42234fb7"}}
[2m2025-12-10T10:10:40.647503Z[0m [34mDEBUG[0m [2methereum_transaction_pool_monitor::eth_client[0m[2m:[0m 📨 Received pending transaction: 0x8a71dc9a59e81d6fdc69aa12b74c03c3f1150651c840f52406fade5e42234fb7
[2m2025-12-10T10:10:40.647516Z[0m [34mDEBUG[0m [2methereum_transaction_pool_monitor::mempool_monitor[0m[2m:[0m 📨 Processing new pending transaction: 0x8a71dc9a59e81d6fdc69aa12b74c03c3f1150651c840f52406fade5e42234fb7
[2m2025-12-10T10:10:40.647524Z[0m [34mDEBUG[0m [2methereum_transaction_pool_monitor::mempool_monitor[0m[2m:[0m 🔍 Fetching transaction details for: 0x8a71dc9a59e81d6fdc69aa12b74c03c3f1150651c840f52406fade5e42234fb7
[2m2025-12-10T10:10:40.647530Z[0m [34mDEBUG[0m [2methereum_transaction_pool_monitor::eth_client[0m[2m:[0m 🔍 Fetching transaction details for hash: 0x8a71dc9a59e81d6fdc69aa12b74c03c3f1150651c840f52406fade5e42234fb7
[2m2025-12-10T10:10:40.647556Z[0m [34mDEBUG[0m [2mhyper::client::pool[0m[2m:[0m reuse idle connection for ("http", 192.168.0.14:8545)
[2m2025-12-10T10:10:40.647587Z[0m [34mDEBUG[0m [2mhyper::proto::h1::io[0m[2m:[0m flushed 250 bytes
[2m2025-12-10T10:10:40.658067Z[0m [34mDEBUG[0m [2mhyper::proto::h1::io[0m[2m:[0m parsed 4 headers
[2m2025-12-10T10:10:40.658076Z[0m [34mDEBUG[0m [2mhyper::proto::h1::conn[0m[2m:[0m incoming body is content-length (770 bytes)
[2m2025-12-10T10:10:40.658089Z[0m [34mDEBUG[0m [2mhyper::proto::h1::conn[0m[2m:[0m incoming body completed
[2m2025-12-10T10:10:40.658100Z[0m [34mDEBUG[0m [2mhyper::client::pool[0m[2m:[0m pooling idle connection for ("http", 192.168.0.14:8545)
[2m2025-12-10T10:10:40.658110Z[0m [34mDEBUG[0m [2methereum_transaction_pool_monitor::eth_client[0m[2m:[0m 📡 Transaction fetch RPC completed in 10.573333ms
[2m2025-12-10T10:10:40.658131Z[0m [34mDEBUG[0m [2methereum_transaction_pool_monitor::eth_client[0m[2m:[0m DeFi transaction detected - Address: 0xdac17f958d2ee523a2206206994597c13d831ec7, Type: Stablecoin, Value: 0 ETH, Gas: 0.23 Gwei
[2m2025-12-10T10:10:40.658149Z[0m [34mDEBUG[0m [2methereum_transaction_pool_monitor::eth_client[0m[2m:[0m ✅ Transaction 0x8a71dc9a59e81d6fdc69aa12b74c03c3f1150651c840f52406fade5e42234fb7 fetched and parsed in 10.612917ms
[2m2025-12-10T10:10:40.658159Z[0m [34mDEBUG[0m [2methereum_transaction_pool_monitor::mempool_monitor[0m[2m:[0m 🔍 Skipping tx 0x8a71dc9a59e81d6fdc69aa12b74c03c3f1150651c840f52406fade5e42234fb7 - not a DEX interaction (target: 0xdAC17F958D2ee523a2206206994597C13D831ec7)
[2m2025-12-10T10:10:40.698412Z[0m [34mDEBUG[0m [2mhyper::client::pool[0m[2m:[0m reuse idle connection for ("http", 192.168.0.14:8545)
[2m2025-12-10T10:10:40.698464Z[0m [34mDEBUG[0m [2mhyper::proto::h1::io[0m[2m:[0m flushed 172 bytes
[2m2025-12-10T10:10:40.702068Z[0m [34mDEBUG[0m [2mhyper::proto::h1::io[0m[2m:[0m parsed 4 headers
[2m2025-12-10T10:10:40.702090Z[0m [34mDEBUG[0m [2mhyper::proto::h1::conn[0m[2m:[0m incoming body is content-length (45 bytes)
[2m2025-12-10T10:10:40.702104Z[0m [34mDEBUG[0m [2mhyper::proto::h1::conn[0m[2m:[0m incoming body completed
[2m2025-12-10T10:10:40.702118Z[0m [34mDEBUG[0m [2mhyper::client::pool[0m[2m:[0m pooling idle connection for ("http", 192.168.0.14:8545)
[2m2025-12-10T10:10:40.708513Z[0m [34mDEBUG[0m [2methereum_transaction_pool_monitor::eth_client[0m[2m:[0m 📨 Received WebSocket message: {"jsonrpc":"2.0","method":"eth_subscription","params":{"subscription":"0xbed0a0851463e895960a451075a301a9","result":"0x3701f20e497fb809d2ce90ed0f1f5336754c139af16a15ba46f6d5574f39e3f3"}}
[2m2025-12-10T10:10:40.708533Z[0m [34mDEBUG[0m [2methereum_transaction_pool_monitor::eth_client[0m[2m:[0m 📨 Received pending transaction: 0x3701f20e497fb809d2ce90ed0f1f5336754c139af16a15ba46f6d5574f39e3f3
[2m2025-12-10T10:10:40.708549Z[0m [34mDEBUG[0m [2methereum_transaction_pool_monitor::mempool_monitor[0m[2m:[0m 📨 Processing new pending transaction: 0x3701f20e497fb809d2ce90ed0f1f5336754c139af16a15ba46f6d5574f39e3f3
[2m2025-12-10T10:10:40.708560Z[0m [34mDEBUG[0m [2methereum_transaction_pool_monitor::mempool_monitor[0m[2m:[0m 🔍 Fetching transaction details for: 0x3701f20e497fb809d2ce90ed0f1f5336754c139af16a15ba46f6d5574f39e3f3
[2m2025-12-10T10:10:40.708570Z[0m [34mDEBUG[0m [2methereum_transaction_pool_monitor::eth_client[0m[2m:[0m 🔍 Fetching transaction details for hash: 0x3701f20e497fb809d2ce90ed0f1f5336754c139af16a15ba46f6d5574f39e3f3
[2m2025-12-10T10:10:40.708597Z[0m [34mDEBUG[0m [2mhyper::client::pool[0m[2m:[0m reuse idle connection for ("http", 192.168.0.14:8545)
[2m2025-12-10T10:10:40.708623Z[0m [34mDEBUG[0m [2mhyper::proto::h1::io[0m[2m:[0m flushed 250 bytes
[2m2025-12-10T10:10:40.712269Z[0m [34mDEBUG[0m [2mhyper::proto::h1::io[0m[2m:[0m parsed 4 headers
[2m2025-12-10T10:10:40.712289Z[0m [34mDEBUG[0m [2mhyper::proto::h1::conn[0m[2m:[0m incoming body is content-length (1807 bytes)
[2m2025-12-10T10:10:40.712309Z[0m [34mDEBUG[0m [2methereum_transaction_pool_monitor::eth_client[0m[2m:[0m 📡 Transaction fetch RPC completed in 3.729ms
[2m2025-12-10T10:10:40.712810Z[0m [34mDEBUG[0m [2mhyper::proto::h1::conn[0m[2m:[0m incoming body completed
[2m2025-12-10T10:10:40.712827Z[0m [34mDEBUG[0m [2mhyper::client::pool[0m[2m:[0m pooling idle connection for ("http", 192.168.0.14:8545)
[2m2025-12-10T10:10:40.727049Z[0m [34mDEBUG[0m [2methereum_transaction_pool_monitor::eth_client[0m[2m:[0m 📨 Received WebSocket message: {"jsonrpc":"2.0","method":"eth_subscription","params":{"subscription":"0xbed0a0851463e895960a451075a301a9","result":"0x9f6a898d80e1bc24994b6c173d76a28c52421285336e537b18b875fb2e58c977"}}
[2m2025-12-10T10:10:40.727064Z[0m [34mDEBUG[0m [2methereum_transaction_pool_monitor::eth_client[0m[2m:[0m 📨 Received pending transaction: 0x9f6a898d80e1bc24994b6c173d76a28c52421285336e537b18b875fb2e58c977
[2m2025-12-10T10:10:40.760323Z[0m [34mDEBUG[0m [2methereum_transaction_pool_monitor::eth_client[0m[2m:[0m 📨 Received WebSocket message: {"jsonrpc":"2.0","method":"eth_subscription","params":{"subscription":"0xbed0a0851463e895960a451075a301a9","result":"0xf9e1e541d37937d30a3ef71bcc7eb40fe1eaabccfbbf73fc13353224139e51bc"}}
[2m2025-12-10T10:10:40.760348Z[0m [34mDEBUG[0m [2methereum_transaction_pool_monitor::eth_client[0m[2m:[0m 📨 Received pending transaction: 0xf9e1e541d37937d30a3ef71bcc7eb40fe1eaabccfbbf73fc13353224139e51bc
[2m2025-12-10T10:10:40.799380Z[0m [34mDEBUG[0m [2mhyper::client::pool[0m[2m:[0m reuse idle connection for ("http", 192.168.0.14:8545)
[2m2025-12-10T10:10:40.799440Z[0m [34mDEBUG[0m [2mhyper::proto::h1::io[0m[2m:[0m flushed 172 bytes
[2m2025-12-10T10:10:40.803399Z[0m [34mDEBUG[0m [2methereum_transaction_pool_monitor::eth_client[0m[2m:[0m ✅ Transaction 0x3701f20e497fb809d2ce90ed0f1f5336754c139af16a15ba46f6d5574f39e3f3 fetched and parsed in 94.817542ms
[2m2025-12-10T10:10:40.803421Z[0m [34mDEBUG[0m [2methereum_transaction_pool_monitor::mempool_monitor[0m[2m:[0m 🔍 Skipping tx 0x3701f20e497fb809d2ce90ed0f1f5336754c139af16a15ba46f6d5574f39e3f3 - not a DEX interaction (target: 0x4eE879f39Cce3C4CA80E2ee90F9Df5aFEEaeb220)
[2m2025-12-10T10:10:40.803432Z[0m [34mDEBUG[0m [2methereum_transaction_pool_monitor::mempool_monitor[0m[2m:[0m 📨 Processing new pending transaction: 0x9f6a898d80e1bc24994b6c173d76a28c52421285336e537b18b875fb2e58c977
[2m2025-12-10T10:10:40.803437Z[0m [34mDEBUG[0m [2methereum_transaction_pool_monitor::mempool_monitor[0m[2m:[0m 🔍 Fetching transaction details for: 0x9f6a898d80e1bc24994b6c173d76a28c52421285336e537b18b875fb2e58c977
[2m2025-12-10T10:10:40.803441Z[0m [34mDEBUG[0m [2methereum_transaction_pool_monitor::eth_client[0m[2m:[0m 🔍 Fetching transaction details for hash: 0x9f6a898d80e1bc24994b6c173d76a28c52421285336e537b18b875fb2e58c977
[2m2025-12-10T10:10:40.803458Z[0m [34mDEBUG[0m [2mhyper::client::pool[0m[2m:[0m reuse idle connection for ("http", 192.168.0.14:8545)
[2m2025-12-10T10:10:40.803489Z[0m [34mDEBUG[0m [2mhyper::proto::h1::io[0m[2m:[0m flushed 250 bytes
[2m2025-12-10T10:10:40.803927Z[0m [34mDEBUG[0m [2mhyper::proto::h1::io[0m[2m:[0m parsed 4 headers
[2m2025-12-10T10:10:40.803934Z[0m [34mDEBUG[0m [2mhyper::proto::h1::conn[0m[2m:[0m incoming body is content-length (45 bytes)
[2m2025-12-10T10:10:40.803944Z[0m [34mDEBUG[0m [2mhyper::proto::h1::conn[0m[2m:[0m incoming body completed
[2m2025-12-10T10:10:40.803956Z[0m [34mDEBUG[0m [2mhyper::client::pool[0m[2m:[0m pooling idle connection for ("http", 192.168.0.14:8545)
[2m2025-12-10T10:10:40.807592Z[0m [34mDEBUG[0m [2mhyper::proto::h1::io[0m[2m:[0m parsed 4 headers
[2m2025-12-10T10:10:40.807598Z[0m [34mDEBUG[0m [2mhyper::proto::h1::conn[0m[2m:[0m incoming body is content-length (1039 bytes)
[2m2025-12-10T10:10:40.807603Z[0m [34mDEBUG[0m [2mhyper::proto::h1::conn[0m[2m:[0m incoming body completed
[2m2025-12-10T10:10:40.807607Z[0m [34mDEBUG[0m [2mhyper::client::pool[0m[2m:[0m pooling idle connection for ("http", 192.168.0.14:8545)
[2m2025-12-10T10:10:40.807612Z[0m [34mDEBUG[0m [2methereum_transaction_pool_monitor::eth_client[0m[2m:[0m 📡 Transaction fetch RPC completed in 4.16575ms
[2m2025-12-10T10:10:40.878340Z[0m [34mDEBUG[0m [2methereum_transaction_pool_monitor::eth_client[0m[2m:[0m ✅ Transaction 0x9f6a898d80e1bc24994b6c173d76a28c52421285336e537b18b875fb2e58c977 fetched and parsed in 74.892125ms
[2m2025-12-10T10:10:40.878371Z[0m [34mDEBUG[0m [2methereum_transaction_pool_monitor::mempool_monitor[0m[2m:[0m 🔍 Skipping tx 0x9f6a898d80e1bc24994b6c173d76a28c52421285336e537b18b875fb2e58c977 - not a DEX interaction (target: 0xC3898EA7E322B3CDC92D65CFe5a34808b7338236)
[2m2025-12-10T10:10:40.878387Z[0m [34mDEBUG[0m [2methereum_transaction_pool_monitor::mempool_monitor[0m[2m:[0m 📨 Processing new pending transaction: 0xf9e1e541d37937d30a3ef71bcc7eb40fe1eaabccfbbf73fc13353224139e51bc
[2m2025-12-10T10:10:40.878396Z[0m [34mDEBUG[0m [2methereum_transaction_pool_monitor::mempool_monitor[0m[2m:[0m 🔍 Fetching transaction details for: 0xf9e1e541d37937d30a3ef71bcc7eb40fe1eaabccfbbf73fc13353224139e51bc
[2m2025-12-10T10:10:40.878402Z[0m [34mDEBUG[0m [2methereum_transaction_pool_monitor::eth_client[0m[2m:[0m 🔍 Fetching transaction details for hash: 0xf9e1e541d37937d30a3ef71bcc7eb40fe1eaabccfbbf73fc13353224139e51bc
[2m2025-12-10T10:10:40.878422Z[0m [34mDEBUG[0m [2mhyper::client::pool[0m[2m:[0m reuse idle connection for ("http", 192.168.0.14:8545)
[2m2025-12-10T10:10:40.878457Z[0m [34mDEBUG[0m [2mhyper::proto::h1::io[0m[2m:[0m flushed 250 bytes
[2m2025-12-10T10:10:40.883175Z[0m [34mDEBUG[0m [2mhyper::proto::h1::io[0m[2m:[0m parsed 4 headers
[2m2025-12-10T10:10:40.883198Z[0m [34mDEBUG[0m [2mhyper::proto::h1::conn[0m[2m:[0m incoming body is content-length (868 bytes)
[2m2025-12-10T10:10:40.883224Z[0m [34mDEBUG[0m [2mhyper::proto::h1::conn[0m[2m:[0m incoming body completed
[2m2025-12-10T10:10:40.883244Z[0m [34mDEBUG[0m [2mhyper::client::pool[0m[2m:[0m pooling idle connection for ("http", 192.168.0.14:8545)
[2m2025-12-10T10:10:40.883251Z[0m [34mDEBUG[0m [2methereum_transaction_pool_monitor::eth_client[0m[2m:[0m 📡 Transaction fetch RPC completed in 4.842833ms
[2m2025-12-10T10:10:40.953460Z[0m [34mDEBUG[0m [2methereum_transaction_pool_monitor::eth_client[0m[2m:[0m ✅ Transaction 0xf9e1e541d37937d30a3ef71bcc7eb40fe1eaabccfbbf73fc13353224139e51bc fetched and parsed in 75.049208ms
[2m2025-12-10T10:10:40.953487Z[0m [34mDEBUG[0m [2methereum_transaction_pool_monitor::mempool_monitor[0m[2m:[0m 🔍 Skipping tx 0xf9e1e541d37937d30a3ef71bcc7eb40fe1eaabccfbbf73fc13353224139e51bc - not a DEX interaction (target: 0xf820fB4680712CD7263a0D3D024D5b5aEA82Fd70)
[2m2025-12-10T10:10:40.953532Z[0m [34mDEBUG[0m [2mhyper::client::pool[0m[2m:[0m reuse idle connection for ("http", 192.168.0.14:8545)
[2m2025-12-10T10:10:40.953563Z[0m [34mDEBUG[0m [2mhyper::proto::h1::io[0m[2m:[0m flushed 172 bytes
[2m2025-12-10T10:10:40.956762Z[0m [34mDEBUG[0m [2mhyper::proto::h1::io[0m[2m:[0m parsed 4 headers
[2m2025-12-10T10:10:40.956769Z[0m [34mDEBUG[0m [2mhyper::proto::h1::conn[0m[2m:[0m incoming body is content-length (45 bytes)
[2m2025-12-10T10:10:40.956776Z[0m [34mDEBUG[0m [2mhyper::proto::h1::conn[0m[2m:[0m incoming body completed
[2m2025-12-10T10:10:40.956784Z[0m [34mDEBUG[0m [2mhyper::client::pool[0m[2m:[0m pooling idle connection for ("http", 192.168.0.14:8545)
[2m2025-12-10T10:10:40.993919Z[0m [34mDEBUG[0m [2methereum_transaction_pool_monitor::eth_client[0m[2m:[0m 📨 Received WebSocket message: {"jsonrpc":"2.0","method":"eth_subscription","params":{"subscription":"0xbed0a0851463e895960a451075a301a9","result":"0x5678fad10c7793edae65228387194e6e482957e5638cf2e3653d16dc1cd877b5"}}
[2m2025-12-10T10:10:40.993934Z[0m [34mDEBUG[0m [2methereum_transaction_pool_monitor::eth_client[0m[2m:[0m 📨 Received pending transaction: 0x5678fad10c7793edae65228387194e6e482957e5638cf2e3653d16dc1cd877b5
[2m2025-12-10T10:10:40.993942Z[0m [34mDEBUG[0m [2methereum_transaction_pool_monitor::mempool_monitor[0m[2m:[0m 📨 Processing new pending transaction: 0x5678fad10c7793edae65228387194e6e482957e5638cf2e3653d16dc1cd877b5
[2m2025-12-10T10:10:40.993947Z[0m [34mDEBUG[0m [2methereum_transaction_pool_monitor::mempool_monitor[0m[2m:[0m 🔍 Fetching transaction details for: 0x5678fad10c7793edae65228387194e6e482957e5638cf2e3653d16dc1cd877b5
[2m2025-12-10T10:10:40.993951Z[0m [34mDEBUG[0m [2methereum_transaction_pool_monitor::eth_client[0m[2m:[0m 🔍 Fetching transaction details for hash: 0x5678fad10c7793edae65228387194e6e482957e5638cf2e3653d16dc1cd877b5
[2m2025-12-10T10:10:40.993968Z[0m [34mDEBUG[0m [2mhyper::client::pool[0m[2m:[0m reuse idle connection for ("http", 192.168.0.14:8545)
[2m2025-12-10T10:10:40.993988Z[0m [34mDEBUG[0m [2mhyper::proto::h1::io[0m[2m:[0m flushed 250 bytes
[2m2025-12-10T10:10:40.997452Z[0m [34mDEBUG[0m [2mhyper::client::pool[0m[2m:[0m reuse idle connection for ("http", 192.168.0.14:8545)
[2m2025-12-10T10:10:40.997525Z[0m [34mDEBUG[0m [2mhyper::proto::h1::io[0m[2m:[0m flushed 172 bytes
[2m2025-12-10T10:10:40.998091Z[0m [34mDEBUG[0m [2mhyper::proto::h1::io[0m[2m:[0m parsed 4 headers
[2m2025-12-10T10:10:40.998097Z[0m [34mDEBUG[0m [2mhyper::proto::h1::conn[0m[2m:[0m incoming body is content-length (705 bytes)
[2m2025-12-10T10:10:40.998104Z[0m [34mDEBUG[0m [2mhyper::proto::h1::conn[0m[2m:[0m incoming body completed
[2m2025-12-10T10:10:40.998114Z[0m [34mDEBUG[0m [2mhyper::client::pool[0m[2m:[0m pooling idle connection for ("http", 192.168.0.14:8545)
[2m2025-12-10T10:10:40.998121Z[0m [34mDEBUG[0m [2methereum_transaction_pool_monitor::eth_client[0m[2m:[0m 📡 Transaction fetch RPC completed in 4.164416ms
[2m2025-12-10T10:10:41.070575Z[0m [34mDEBUG[0m [2methereum_transaction_pool_monitor::eth_client[0m[2m:[0m ✅ Transaction 0x5678fad10c7793edae65228387194e6e482957e5638cf2e3653d16dc1cd877b5 fetched and parsed in 76.616291ms
[2m2025-12-10T10:10:41.070604Z[0m [34mDEBUG[0m [2methereum_transaction_pool_monitor::mempool_monitor[0m[2m:[0m 🔍 Skipping tx 0x5678fad10c7793edae65228387194e6e482957e5638cf2e3653d16dc1cd877b5 - not a DEX interaction (target: 0xA0b86991c6218b36c1d19D4a2e9Eb0cE3606eB48)
[2m2025-12-10T10:10:41.070632Z[0m [34mDEBUG[0m [2mhyper::proto::h1::io[0m[2m:[0m parsed 4 headers
[2m2025-12-10T10:10:41.070639Z[0m [34mDEBUG[0m [2mhyper::proto::h1::conn[0m[2m:[0m incoming body is content-length (45 bytes)
[2m2025-12-10T10:10:41.070649Z[0m [34mDEBUG[0m [2mhyper::proto::h1::conn[0m[2m:[0m incoming body completed
[2m2025-12-10T10:10:41.070660Z[0m [34mDEBUG[0m [2mhyper::client::pool[0m[2m:[0m pooling idle connection for ("http", 192.168.0.14:8545)
[2m2025-12-10T10:10:41.099227Z[0m [34mDEBUG[0m [2mhyper::client::pool[0m[2m:[0m reuse idle connection for ("http", 192.168.0.14:8545)
[2m2025-12-10T10:10:41.099273Z[0m [34mDEBUG[0m [2mhyper::proto::h1::io[0m[2m:[0m flushed 172 bytes
[2m2025-12-10T10:10:41.103834Z[0m [34mDEBUG[0m [2mhyper::proto::h1::io[0m[2m:[0m parsed 4 headers
[2m2025-12-10T10:10:41.103844Z[0m [34mDEBUG[0m [2mhyper::proto::h1::conn[0m[2m:[0m incoming body is content-length (45 bytes)
[2m2025-12-10T10:10:41.103851Z[0m [34mDEBUG[0m [2mhyper::proto::h1::conn[0m[2m:[0m incoming body completed
[2m2025-12-10T10:10:41.103862Z[0m [34mDEBUG[0m [2mhyper::client::pool[0m[2m:[0m pooling idle connection for ("http", 192.168.0.14:8545)
[2m2025-12-10T10:10:41.197372Z[0m [34mDEBUG[0m [2mhyper::client::pool[0m[2m:[0m reuse idle connection for ("http", 192.168.0.14:8545)
[2m2025-12-10T10:10:41.197523Z[0m [34mDEBUG[0m [2mhyper::proto::h1::io[0m[2m:[0m flushed 172 bytes
[2m2025-12-10T10:10:41.207465Z[0m [34mDEBUG[0m [2mhyper::proto::h1::io[0m[2m:[0m parsed 4 headers
[2m2025-12-10T10:10:41.207476Z[0m [34mDEBUG[0m [2mhyper::proto::h1::conn[0m[2m:[0m incoming body is content-length (45 bytes)
[2m2025-12-10T10:10:41.207484Z[0m [34mDEBUG[0m [2mhyper::proto::h1::conn[0m[2m:[0m incoming body completed
[2m2025-12-10T10:10:41.207494Z[0m [34mDEBUG[0m [2mhyper::client::pool[0m[2m:[0m pooling idle connection for ("http", 192.168.0.14:8545)
[2m2025-12-10T10:10:41.298624Z[0m [34mDEBUG[0m [2mhyper::client::pool[0m[2m:[0m reuse idle connection for ("http", 192.168.0.14:8545)
[2m2025-12-10T10:10:41.298736Z[0m [34mDEBUG[0m [2mhyper::proto::h1::io[0m[2m:[0m flushed 172 bytes
[2m2025-12-10T10:10:41.302369Z[0m [34mDEBUG[0m [2mhyper::proto::h1::io[0m[2m:[0m parsed 4 headers
[2m2025-12-10T10:10:41.302409Z[0m [34mDEBUG[0m [2mhyper::proto::h1::conn[0m[2m:[0m incoming body is content-length (45 bytes)
[2m2025-12-10T10:10:41.302447Z[0m [34mDEBUG[0m [2mhyper::proto::h1::conn[0m[2m:[0m incoming body completed
[2m2025-12-10T10:10:41.302486Z[0m [34mDEBUG[0m [2mhyper::client::pool[0m[2m:[0m pooling idle connection for ("http", 192.168.0.14:8545)
[2m2025-12-10T10:10:41.398362Z[0m [34mDEBUG[0m [2mhyper::client::pool[0m[2m:[0m reuse idle connection for ("http", 192.168.0.14:8545)
[2m2025-12-10T10:10:41.398456Z[0m [34mDEBUG[0m [2mhyper::proto::h1::io[0m[2m:[0m flushed 172 bytes
[2m2025-12-10T10:10:41.402120Z[0m [34mDEBUG[0m [2mhyper::proto::h1::io[0m[2m:[0m parsed 4 headers
[2m2025-12-10T10:10:41.402146Z[0m [34mDEBUG[0m [2mhyper::proto::h1::conn[0m[2m:[0m incoming body is content-length (45 bytes)
[2m2025-12-10T10:10:41.402166Z[0m [34mDEBUG[0m [2mhyper::proto::h1::conn[0m[2m:[0m incoming body completed
[2m2025-12-10T10:10:41.402188Z[0m [34mDEBUG[0m [2mhyper::client::pool[0m[2m:[0m pooling idle connection for ("http", 192.168.0.14:8545)
[2m2025-12-10T10:10:41.449226Z[0m [34mDEBUG[0m [2methereum_transaction_pool_monitor::eth_client[0m[2m:[0m 📨 Received WebSocket message: {"jsonrpc":"2.0","method":"eth_subscription","params":{"subscription":"0xbed0a0851463e895960a451075a301a9","result":"0x777f78ba98cf48b7422c02d4484cf8411bf159fc5b8e75d8b72b34b549fd4f2a"}}
[2m2025-12-10T10:10:41.449263Z[0m [34mDEBUG[0m [2methereum_transaction_pool_monitor::eth_client[0m[2m:[0m 📨 Received pending transaction: 0x777f78ba98cf48b7422c02d4484cf8411bf159fc5b8e75d8b72b34b549fd4f2a
[2m2025-12-10T10:10:41.449281Z[0m [34mDEBUG[0m [2methereum_transaction_pool_monitor::mempool_monitor[0m[2m:[0m 📨 Processing new pending transaction: 0x777f78ba98cf48b7422c02d4484cf8411bf159fc5b8e75d8b72b34b549fd4f2a
[2m2025-12-10T10:10:41.449295Z[0m [34mDEBUG[0m [2methereum_transaction_pool_monitor::mempool_monitor[0m[2m:[0m 🔍 Fetching transaction details for: 0x777f78ba98cf48b7422c02d4484cf8411bf159fc5b8e75d8b72b34b549fd4f2a
[2m2025-12-10T10:10:41.449305Z[0m [34mDEBUG[0m [2methereum_transaction_pool_monitor::eth_client[0m[2m:[0m 🔍 Fetching transaction details for hash: 0x777f78ba98cf48b7422c02d4484cf8411bf159fc5b8e75d8b72b34b549fd4f2a
[2m2025-12-10T10:10:41.449341Z[0m [34mDEBUG[0m [2mhyper::client::pool[0m[2m:[0m reuse idle connection for ("http", 192.168.0.14:8545)
[2m2025-12-10T10:10:41.449385Z[0m [34mDEBUG[0m [2mhyper::proto::h1::io[0m[2m:[0m flushed 250 bytes
[2m2025-12-10T10:10:41.464659Z[0m [34mDEBUG[0m [2mhyper::proto::h1::io[0m[2m:[0m parsed 4 headers
[2m2025-12-10T10:10:41.464704Z[0m [34mDEBUG[0m [2mhyper::proto::h1::conn[0m[2m:[0m incoming body is content-length (643 bytes)
[2m2025-12-10T10:10:41.464735Z[0m [34mDEBUG[0m [2mhyper::proto::h1::conn[0m[2m:[0m incoming body completed
[2m2025-12-10T10:10:41.464775Z[0m [34mDEBUG[0m [2mhyper::client::pool[0m[2m:[0m pooling idle connection for ("http", 192.168.0.14:8545)
[2m2025-12-10T10:10:41.464802Z[0m [34mDEBUG[0m [2methereum_transaction_pool_monitor::eth_client[0m[2m:[0m 📡 Transaction fetch RPC completed in 15.486042ms
[2m2025-12-10T10:10:41.551041Z[0m [34mDEBUG[0m [2methereum_transaction_pool_monitor::eth_client[0m[2m:[0m ✅ Transaction 0x777f78ba98cf48b7422c02d4484cf8411bf159fc5b8e75d8b72b34b549fd4f2a fetched and parsed in 101.723125ms
[2m2025-12-10T10:10:41.551073Z[0m [34mDEBUG[0m [2methereum_transaction_pool_monitor::mempool_monitor[0m[2m:[0m 🔍 Skipping tx 0x777f78ba98cf48b7422c02d4484cf8411bf159fc5b8e75d8b72b34b549fd4f2a - not a DEX interaction (target: 0x17E5545B11b468072283Cee1F066a059Fb0dbF24)
[2m2025-12-10T10:10:41.551109Z[0m [34mDEBUG[0m [2mhyper::client::pool[0m[2m:[0m reuse idle connection for ("http", 192.168.0.14:8545)
[2m2025-12-10T10:10:41.551136Z[0m [34mDEBUG[0m [2methereum_transaction_pool_monitor::eth_client[0m[2m:[0m 📨 Received WebSocket message: {"jsonrpc":"2.0","method":"eth_subscription","params":{"subscription":"0xbed0a0851463e895960a451075a301a9","result":"0x9aafbf7e246b25e96e822a5d0ca4d676a20e188b822ede8773bd6486be17ee1b"}}
[2m2025-12-10T10:10:41.551138Z[0m [34mDEBUG[0m [2mhyper::proto::h1::io[0m[2m:[0m flushed 172 bytes
[2m2025-12-10T10:10:41.551155Z[0m [34mDEBUG[0m [2methereum_transaction_pool_monitor::eth_client[0m[2m:[0m 📨 Received pending transaction: 0x9aafbf7e246b25e96e822a5d0ca4d676a20e188b822ede8773bd6486be17ee1b
[2m2025-12-10T10:10:41.551172Z[0m [34mDEBUG[0m [2methereum_transaction_pool_monitor::mempool_monitor[0m[2m:[0m 📨 Processing new pending transaction: 0x9aafbf7e246b25e96e822a5d0ca4d676a20e188b822ede8773bd6486be17ee1b
[2m2025-12-10T10:10:41.551180Z[0m [34mDEBUG[0m [2methereum_transaction_pool_monitor::mempool_monitor[0m[2m:[0m 🔍 Fetching transaction details for: 0x9aafbf7e246b25e96e822a5d0ca4d676a20e188b822ede8773bd6486be17ee1b
[2m2025-12-10T10:10:41.551194Z[0m [34mDEBUG[0m [2methereum_transaction_pool_monitor::eth_client[0m[2m:[0m 🔍 Fetching transaction details for hash: 0x9aafbf7e246b25e96e822a5d0ca4d676a20e188b822ede8773bd6486be17ee1b
[2m2025-12-10T10:10:41.551209Z[0m [34mDEBUG[0m [2mhyper::client::pool[0m[2m:[0m reuse idle connection for ("http", 192.168.0.14:8545)
[2m2025-12-10T10:10:41.551227Z[0m [34mDEBUG[0m [2mhyper::proto::h1::io[0m[2m:[0m flushed 250 bytes
[2m2025-12-10T10:10:41.557697Z[0m [34mDEBUG[0m [2mhyper::proto::h1::io[0m[2m:[0m parsed 4 headers
[2m2025-12-10T10:10:41.557708Z[0m [34mDEBUG[0m [2mhyper::proto::h1::conn[0m[2m:[0m incoming body is content-length (45 bytes)
[2m2025-12-10T10:10:41.557715Z[0m [34mDEBUG[0m [2mhyper::proto::h1::conn[0m[2m:[0m incoming body completed
[2m2025-12-10T10:10:41.557724Z[0m [34mDEBUG[0m [2mhyper::client::pool[0m[2m:[0m pooling idle connection for ("http", 192.168.0.14:8545)
[2m2025-12-10T10:10:41.558567Z[0m [34mDEBUG[0m [2mhyper::proto::h1::io[0m[2m:[0m parsed 4 headers
[2m2025-12-10T10:10:41.558576Z[0m [34mDEBUG[0m [2mhyper::proto::h1::conn[0m[2m:[0m incoming body is content-length (651 bytes)
[2m2025-12-10T10:10:41.558582Z[0m [34mDEBUG[0m [2mhyper::proto::h1::conn[0m[2m:[0m incoming body completed
[2m2025-12-10T10:10:41.558590Z[0m [34mDEBUG[0m [2mhyper::client::pool[0m[2m:[0m pooling idle connection for ("http", 192.168.0.14:8545)
[2m2025-12-10T10:10:41.558596Z[0m [34mDEBUG[0m [2methereum_transaction_pool_monitor::eth_client[0m[2m:[0m 📡 Transaction fetch RPC completed in 7.3925ms
[2m2025-12-10T10:10:41.630619Z[0m [34mDEBUG[0m [2methereum_transaction_pool_monitor::eth_client[0m[2m:[0m ✅ Transaction 0x9aafbf7e246b25e96e822a5d0ca4d676a20e188b822ede8773bd6486be17ee1b fetched and parsed in 79.413416ms
[2m2025-12-10T10:10:41.633906Z[0m [34mDEBUG[0m [2methereum_transaction_pool_monitor::mempool_monitor[0m[2m:[0m 🔍 Skipping tx 0x9aafbf7e246b25e96e822a5d0ca4d676a20e188b822ede8773bd6486be17ee1b - not a DEX interaction (target: 0x8B818Da84b8EE5348F9FD516Dba8C99451A6b7E9)
[2m2025-12-10T10:10:41.633955Z[0m [34mDEBUG[0m [2mhyper::client::pool[0m[2m:[0m reuse idle connection for ("http", 192.168.0.14:8545)
[2m2025-12-10T10:10:41.633994Z[0m [34mDEBUG[0m [2mhyper::proto::h1::io[0m[2m:[0m flushed 172 bytes
[2m2025-12-10T10:10:41.639180Z[0m [34mDEBUG[0m [2mhyper::proto::h1::io[0m[2m:[0m parsed 4 headers
[2m2025-12-10T10:10:41.639190Z[0m [34mDEBUG[0m [2mhyper::proto::h1::conn[0m[2m:[0m incoming body is content-length (45 bytes)
[2m2025-12-10T10:10:41.639202Z[0m [34mDEBUG[0m [2mhyper::proto::h1::conn[0m[2m:[0m incoming body completed
[2m2025-12-10T10:10:41.639217Z[0m [34mDEBUG[0m [2mhyper::client::pool[0m[2m:[0m pooling idle connection for ("http", 192.168.0.14:8545)
[2m2025-12-10T10:10:41.699274Z[0m [34mDEBUG[0m [2mhyper::client::pool[0m[2m:[0m reuse idle connection for ("http", 192.168.0.14:8545)
[2m2025-12-10T10:10:41.699328Z[0m [34mDEBUG[0m [2mhyper::proto::h1::io[0m[2m:[0m flushed 172 bytes
[2m2025-12-10T10:10:41.703538Z[0m [34mDEBUG[0m [2mhyper::proto::h1::io[0m[2m:[0m parsed 4 headers
[2m2025-12-10T10:10:41.703547Z[0m [34mDEBUG[0m [2mhyper::proto::h1::conn[0m[2m:[0m incoming body is content-length (45 bytes)
[2m2025-12-10T10:10:41.703555Z[0m [34mDEBUG[0m [2mhyper::proto::h1::conn[0m[2m:[0m incoming body completed
[2m2025-12-10T10:10:41.703565Z[0m [34mDEBUG[0m [2mhyper::client::pool[0m[2m:[0m pooling idle connection for ("http", 192.168.0.14:8545)
[2m2025-12-10T10:10:41.785694Z[0m [34mDEBUG[0m [2methereum_transaction_pool_monitor::eth_client[0m[2m:[0m 📨 Received WebSocket message: {"jsonrpc":"2.0","method":"eth_subscription","params":{"subscription":"0xbed0a0851463e895960a451075a301a9","result":"0xe48d2822cf0504f78f97f53bc2008b95b0699011f6e5ac01793a0480e908c48e"}}
[2m2025-12-10T10:10:41.785713Z[0m [34mDEBUG[0m [2methereum_transaction_pool_monitor::eth_client[0m[2m:[0m 📨 Received pending transaction: 0xe48d2822cf0504f78f97f53bc2008b95b0699011f6e5ac01793a0480e908c48e
[2m2025-12-10T10:10:41.785723Z[0m [34mDEBUG[0m [2methereum_transaction_pool_monitor::mempool_monitor[0m[2m:[0m 📨 Processing new pending transaction: 0xe48d2822cf0504f78f97f53bc2008b95b0699011f6e5ac01793a0480e908c48e
[2m2025-12-10T10:10:41.785729Z[0m [34mDEBUG[0m [2methereum_transaction_pool_monitor::mempool_monitor[0m[2m:[0m 🔍 Fetching transaction details for: 0xe48d2822cf0504f78f97f53bc2008b95b0699011f6e5ac01793a0480e908c48e
[2m2025-12-10T10:10:41.785734Z[0m [34mDEBUG[0m [2methereum_transaction_pool_monitor::eth_client[0m[2m:[0m 🔍 Fetching transaction details for hash: 0xe48d2822cf0504f78f97f53bc2008b95b0699011f6e5ac01793a0480e908c48e
[2m2025-12-10T10:10:41.785752Z[0m [34mDEBUG[0m [2mhyper::client::pool[0m[2m:[0m reuse idle connection for ("http", 192.168.0.14:8545)
[2m2025-12-10T10:10:41.785773Z[0m [34mDEBUG[0m [2mhyper::proto::h1::io[0m[2m:[0m flushed 250 bytes
[2m2025-12-10T10:10:41.793447Z[0m [34mDEBUG[0m [2mhyper::proto::h1::io[0m[2m:[0m parsed 4 headers
[2m2025-12-10T10:10:41.793468Z[0m [34mDEBUG[0m [2mhyper::proto::h1::conn[0m[2m:[0m incoming body is content-length (771 bytes)
[2m2025-12-10T10:10:41.793486Z[0m [34mDEBUG[0m [2mhyper::proto::h1::conn[0m[2m:[0m incoming body completed
[2m2025-12-10T10:10:41.793505Z[0m [34mDEBUG[0m [2mhyper::client::pool[0m[2m:[0m pooling idle connection for ("http", 192.168.0.14:8545)
[2m2025-12-10T10:10:41.793532Z[0m [34mDEBUG[0m [2methereum_transaction_pool_monitor::eth_client[0m[2m:[0m 📡 Transaction fetch RPC completed in 7.792958ms
[2m2025-12-10T10:10:41.868147Z[0m [34mDEBUG[0m [2methereum_transaction_pool_monitor::eth_client[0m[2m:[0m ✅ Transaction 0xe48d2822cf0504f78f97f53bc2008b95b0699011f6e5ac01793a0480e908c48e fetched and parsed in 82.404875ms
[2m2025-12-10T10:10:41.868173Z[0m [34mDEBUG[0m [2methereum_transaction_pool_monitor::mempool_monitor[0m[2m:[0m 🔍 Skipping tx 0xe48d2822cf0504f78f97f53bc2008b95b0699011f6e5ac01793a0480e908c48e - not a DEX interaction (target: 0xB8f28C60dD8240141185a192fa4156A23E189305)
[2m2025-12-10T10:10:41.868218Z[0m [34mDEBUG[0m [2mhyper::client::pool[0m[2m:[0m reuse idle connection for ("http", 192.168.0.14:8545)
[2m2025-12-10T10:10:41.868264Z[0m [34mDEBUG[0m [2mhyper::proto::h1::io[0m[2m:[0m flushed 172 bytes
[2m2025-12-10T10:10:41.873290Z[0m [34mDEBUG[0m [2mhyper::proto::h1::io[0m[2m:[0m parsed 4 headers
[2m2025-12-10T10:10:41.873304Z[0m [34mDEBUG[0m [2mhyper::proto::h1::conn[0m[2m:[0m incoming body is content-length (45 bytes)
[2m2025-12-10T10:10:41.873313Z[0m [34mDEBUG[0m [2mhyper::proto::h1::conn[0m[2m:[0m incoming body completed
[2m2025-12-10T10:10:41.873322Z[0m [34mDEBUG[0m [2mhyper::client::pool[0m[2m:[0m pooling idle connection for ("http", 192.168.0.14:8545)
[2m2025-12-10T10:10:41.899020Z[0m [34mDEBUG[0m [2mhyper::client::pool[0m[2m:[0m reuse idle connection for ("http", 192.168.0.14:8545)
[2m2025-12-10T10:10:41.899057Z[0m [34mDEBUG[0m [2mhyper::proto::h1::io[0m[2m:[0m flushed 172 bytes
[2m2025-12-10T10:10:41.903843Z[0m [34mDEBUG[0m [2mhyper::proto::h1::io[0m[2m:[0m parsed 4 headers
[2m2025-12-10T10:10:41.903852Z[0m [34mDEBUG[0m [2mhyper::proto::h1::conn[0m[2m:[0m incoming body is content-length (45 bytes)
[2m2025-12-10T10:10:41.903859Z[0m [34mDEBUG[0m [2mhyper::proto::h1::conn[0m[2m:[0m incoming body completed
[2m2025-12-10T10:10:41.903869Z[0m [34mDEBUG[0m [2mhyper::client::pool[0m[2m:[0m pooling idle connection for ("http", 192.168.0.14:8545)
[2m2025-12-10T10:10:41.904761Z[0m [34mDEBUG[0m [2methereum_transaction_pool_monitor::eth_client[0m[2m:[0m 📨 Received WebSocket message: {"jsonrpc":"2.0","method":"eth_subscription","params":{"subscription":"0xbed0a0851463e895960a451075a301a9","result":"0xedb27fe338cf8cd15c42fa35f36dd98b180bc72d230ffc3ecc7b1fb365a7bc30"}}
[2m2025-12-10T10:10:41.904771Z[0m [34mDEBUG[0m [2methereum_transaction_pool_monitor::eth_client[0m[2m:[0m 📨 Received pending transaction: 0xedb27fe338cf8cd15c42fa35f36dd98b180bc72d230ffc3ecc7b1fb365a7bc30
[2m2025-12-10T10:10:41.904778Z[0m [34mDEBUG[0m [2methereum_transaction_pool_monitor::mempool_monitor[0m[2m:[0m 📨 Processing new pending transaction: 0xedb27fe338cf8cd15c42fa35f36dd98b180bc72d230ffc3ecc7b1fb365a7bc30
[2m2025-12-10T10:10:41.904783Z[0m [34mDEBUG[0m [2methereum_transaction_pool_monitor::mempool_monitor[0m[2m:[0m 🔍 Fetching transaction details for: 0xedb27fe338cf8cd15c42fa35f36dd98b180bc72d230ffc3ecc7b1fb365a7bc30
[2m2025-12-10T10:10:41.904786Z[0m [34mDEBUG[0m [2methereum_transaction_pool_monitor::eth_client[0m[2m:[0m 🔍 Fetching transaction details for hash: 0xedb27fe338cf8cd15c42fa35f36dd98b180bc72d230ffc3ecc7b1fb365a7bc30
[2m2025-12-10T10:10:41.904800Z[0m [34mDEBUG[0m [2mhyper::client::pool[0m[2m:[0m reuse idle connection for ("http", 192.168.0.14:8545)
[2m2025-12-10T10:10:41.904817Z[0m [34mDEBUG[0m [2mhyper::proto::h1::io[0m[2m:[0m flushed 250 bytes
[2m2025-12-10T10:10:41.912678Z[0m [34mDEBUG[0m [2mhyper::proto::h1::io[0m[2m:[0m parsed 4 headers
[2m2025-12-10T10:10:41.912712Z[0m [34mDEBUG[0m [2mhyper::proto::h1::conn[0m[2m:[0m incoming body is content-length (642 bytes)
[2m2025-12-10T10:10:41.912726Z[0m [34mDEBUG[0m [2mhyper::proto::h1::conn[0m[2m:[0m incoming body completed
[2m2025-12-10T10:10:41.912752Z[0m [34mDEBUG[0m [2mhyper::client::pool[0m[2m:[0m pooling idle connection for ("http", 192.168.0.14:8545)
[2m2025-12-10T10:10:41.912759Z[0m [34mDEBUG[0m [2methereum_transaction_pool_monitor::eth_client[0m[2m:[0m 📡 Transaction fetch RPC completed in 7.968333ms
[2m2025-12-10T10:10:41.985431Z[0m [34mDEBUG[0m [2methereum_transaction_pool_monitor::eth_client[0m[2m:[0m ✅ Transaction 0xedb27fe338cf8cd15c42fa35f36dd98b180bc72d230ffc3ecc7b1fb365a7bc30 fetched and parsed in 80.638167ms
[2m2025-12-10T10:10:41.985463Z[0m [34mDEBUG[0m [2methereum_transaction_pool_monitor::mempool_monitor[0m[2m:[0m 🔍 Skipping tx 0xedb27fe338cf8cd15c42fa35f36dd98b180bc72d230ffc3ecc7b1fb365a7bc30 - not a DEX interaction (target: 0xC0D5b3C72fE3901933bF182df0dE22eAcA41e4eC)
[2m2025-12-10T10:10:41.998567Z[0m [34mDEBUG[0m [2mhyper::client::pool[0m[2m:[0m reuse idle connection for ("http", 192.168.0.14:8545)
[2m2025-12-10T10:10:41.998642Z[0m [34mDEBUG[0m [2mhyper::proto::h1::io[0m[2m:[0m flushed 172 bytes
[2m2025-12-10T10:10:42.001663Z[0m [34mDEBUG[0m [2mhyper::proto::h1::io[0m[2m:[0m parsed 4 headers
[2m2025-12-10T10:10:42.001672Z[0m [34mDEBUG[0m [2mhyper::proto::h1::conn[0m[2m:[0m incoming body is content-length (45 bytes)
[2m2025-12-10T10:10:42.001679Z[0m [34mDEBUG[0m [2mhyper::proto::h1::conn[0m[2m:[0m incoming body completed
[2m2025-12-10T10:10:42.001687Z[0m [34mDEBUG[0m [2mhyper::client::pool[0m[2m:[0m pooling idle connection for ("http", 192.168.0.14:8545)
[2m2025-12-10T10:10:42.096947Z[0m [34mDEBUG[0m [2mhyper::client::pool[0m[2m:[0m reuse idle connection for ("http", 192.168.0.14:8545)
[2m2025-12-10T10:10:42.097048Z[0m [34mDEBUG[0m [2mhyper::proto::h1::io[0m[2m:[0m flushed 172 bytes
[2m2025-12-10T10:10:42.099789Z[0m [34mDEBUG[0m [2mhyper::proto::h1::io[0m[2m:[0m parsed 4 headers
[2m2025-12-10T10:10:42.099795Z[0m [34mDEBUG[0m [2mhyper::proto::h1::conn[0m[2m:[0m incoming body is content-length (45 bytes)
[2m2025-12-10T10:10:42.099802Z[0m [34mDEBUG[0m [2mhyper::proto::h1::conn[0m[2m:[0m incoming body completed
[2m2025-12-10T10:10:42.099817Z[0m [34mDEBUG[0m [2mhyper::client::pool[0m[2m:[0m pooling idle connection for ("http", 192.168.0.14:8545)
[2m2025-12-10T10:10:42.130323Z[0m [34mDEBUG[0m [2methereum_transaction_pool_monitor::eth_client[0m[2m:[0m 📨 Received WebSocket message: {"jsonrpc":"2.0","method":"eth_subscription","params":{"subscription":"0xbed0a0851463e895960a451075a301a9","result":"0xc826fc227fd9bb34b42a8fa82ff2f21df09baf82b3376743a17e37ac31e078c6"}}
[2m2025-12-10T10:10:42.130357Z[0m [34mDEBUG[0m [2methereum_transaction_pool_monitor::eth_client[0m[2m:[0m 📨 Received pending transaction: 0xc826fc227fd9bb34b42a8fa82ff2f21df09baf82b3376743a17e37ac31e078c6
[2m2025-12-10T10:10:42.130374Z[0m [34mDEBUG[0m [2methereum_transaction_pool_monitor::mempool_monitor[0m[2m:[0m 📨 Processing new pending transaction: 0xc826fc227fd9bb34b42a8fa82ff2f21df09baf82b3376743a17e37ac31e078c6
[2m2025-12-10T10:10:42.130384Z[0m [34mDEBUG[0m [2methereum_transaction_pool_monitor::mempool_monitor[0m[2m:[0m 🔍 Fetching transaction details for: 0xc826fc227fd9bb34b42a8fa82ff2f21df09baf82b3376743a17e37ac31e078c6
[2m2025-12-10T10:10:42.130391Z[0m [34mDEBUG[0m [2methereum_transaction_pool_monitor::eth_client[0m[2m:[0m 🔍 Fetching transaction details for hash: 0xc826fc227fd9bb34b42a8fa82ff2f21df09baf82b3376743a17e37ac31e078c6
[2m2025-12-10T10:10:42.130409Z[0m [34mDEBUG[0m [2mhyper::client::pool[0m[2m:[0m reuse idle connection for ("http", 192.168.0.14:8545)
[2m2025-12-10T10:10:42.130433Z[0m [34mDEBUG[0m [2mhyper::proto::h1::io[0m[2m:[0m flushed 250 bytes
[2m2025-12-10T10:10:42.134870Z[0m [34mDEBUG[0m [2mhyper::proto::h1::io[0m[2m:[0m parsed 4 headers
[2m2025-12-10T10:10:42.134888Z[0m [34mDEBUG[0m [2mhyper::proto::h1::conn[0m[2m:[0m incoming body is content-length (647 bytes)
[2m2025-12-10T10:10:42.134905Z[0m [34mDEBUG[0m [2mhyper::proto::h1::conn[0m[2m:[0m incoming body completed
[2m2025-12-10T10:10:42.134924Z[0m [34mDEBUG[0m [2mhyper::client::pool[0m[2m:[0m pooling idle connection for ("http", 192.168.0.14:8545)
[2m2025-12-10T10:10:42.134949Z[0m [34mDEBUG[0m [2methereum_transaction_pool_monitor::eth_client[0m[2m:[0m 📡 Transaction fetch RPC completed in 4.553666ms
[2m2025-12-10T10:10:42.210727Z[0m [34mDEBUG[0m [2methereum_transaction_pool_monitor::eth_client[0m[2m:[0m ✅ Transaction 0xc826fc227fd9bb34b42a8fa82ff2f21df09baf82b3376743a17e37ac31e078c6 fetched and parsed in 80.329041ms
[2m2025-12-10T10:10:42.210758Z[0m [34mDEBUG[0m [2methereum_transaction_pool_monitor::mempool_monitor[0m[2m:[0m 🔍 Skipping tx 0xc826fc227fd9bb34b42a8fa82ff2f21df09baf82b3376743a17e37ac31e078c6 - not a DEX interaction (target: 0x35A49F33E42353cda03645D496D1e28Fe510Ef70)
[2m2025-12-10T10:10:42.210805Z[0m [34mDEBUG[0m [2mhyper::client::pool[0m[2m:[0m reuse idle connection for ("http", 192.168.0.14:8545)
[2m2025-12-10T10:10:42.210851Z[0m [34mDEBUG[0m [2mhyper::proto::h1::io[0m[2m:[0m flushed 172 bytes
[2m2025-12-10T10:10:42.214847Z[0m [34mDEBUG[0m [2mhyper::proto::h1::io[0m[2m:[0m parsed 4 headers
[2m2025-12-10T10:10:42.214857Z[0m [34mDEBUG[0m [2mhyper::proto::h1::conn[0m[2m:[0m incoming body is content-length (45 bytes)
[2m2025-12-10T10:10:42.214864Z[0m [34mDEBUG[0m [2mhyper::proto::h1::conn[0m[2m:[0m incoming body completed
[2m2025-12-10T10:10:42.214872Z[0m [34mDEBUG[0m [2mhyper::client::pool[0m[2m:[0m pooling idle connection for ("http", 192.168.0.14:8545)
[2m2025-12-10T10:10:42.216530Z[0m [34mDEBUG[0m [2methereum_transaction_pool_monitor::eth_client[0m[2m:[0m 📨 Received WebSocket message: {"jsonrpc":"2.0","method":"eth_subscription","params":{"subscription":"0xbed0a0851463e895960a451075a301a9","result":"0x2cc4a2ebfdf5669e8efcb7990394906f72d73adc8edc5e6c083a55217fd693c5"}}
[2m2025-12-10T10:10:42.216540Z[0m [34mDEBUG[0m [2methereum_transaction_pool_monitor::eth_client[0m[2m:[0m 📨 Received pending transaction: 0x2cc4a2ebfdf5669e8efcb7990394906f72d73adc8edc5e6c083a55217fd693c5
[2m2025-12-10T10:10:42.216546Z[0m [34mDEBUG[0m [2methereum_transaction_pool_monitor::mempool_monitor[0m[2m:[0m 📨 Processing new pending transaction: 0x2cc4a2ebfdf5669e8efcb7990394906f72d73adc8edc5e6c083a55217fd693c5
[2m2025-12-10T10:10:42.216551Z[0m [34mDEBUG[0m [2methereum_transaction_pool_monitor::mempool_monitor[0m[2m:[0m 🔍 Fetching transaction details for: 0x2cc4a2ebfdf5669e8efcb7990394906f72d73adc8edc5e6c083a55217fd693c5
[2m2025-12-10T10:10:42.216555Z[0m [34mDEBUG[0m [2methereum_transaction_pool_monitor::eth_client[0m[2m:[0m 🔍 Fetching transaction details for hash: 0x2cc4a2ebfdf5669e8efcb7990394906f72d73adc8edc5e6c083a55217fd693c5
[2m2025-12-10T10:10:42.216571Z[0m [34mDEBUG[0m [2mhyper::client::pool[0m[2m:[0m reuse idle connection for ("http", 192.168.0.14:8545)
[2m2025-12-10T10:10:42.216587Z[0m [34mDEBUG[0m [2mhyper::proto::h1::io[0m[2m:[0m flushed 250 bytes
[2m2025-12-10T10:10:42.222468Z[0m [34mDEBUG[0m [2mhyper::proto::h1::io[0m[2m:[0m parsed 4 headers
[2m2025-12-10T10:10:42.222475Z[0m [34mDEBUG[0m [2mhyper::proto::h1::conn[0m[2m:[0m incoming body is content-length (711 bytes)
[2m2025-12-10T10:10:42.222481Z[0m [34mDEBUG[0m [2mhyper::proto::h1::conn[0m[2m:[0m incoming body completed
[2m2025-12-10T10:10:42.222488Z[0m [34mDEBUG[0m [2mhyper::client::pool[0m[2m:[0m pooling idle connection for ("http", 192.168.0.14:8545)
[2m2025-12-10T10:10:42.222494Z[0m [34mDEBUG[0m [2methereum_transaction_pool_monitor::eth_client[0m[2m:[0m 📡 Transaction fetch RPC completed in 5.933167ms
[2m2025-12-10T10:10:42.294219Z[0m [34mDEBUG[0m [2methereum_transaction_pool_monitor::eth_client[0m[2m:[0m ✅ Transaction 0x2cc4a2ebfdf5669e8efcb7990394906f72d73adc8edc5e6c083a55217fd693c5 fetched and parsed in 77.656125ms
[2m2025-12-10T10:10:42.296925Z[0m [34mDEBUG[0m [2methereum_transaction_pool_monitor::mempool_monitor[0m[2m:[0m 🔍 Skipping tx 0x2cc4a2ebfdf5669e8efcb7990394906f72d73adc8edc5e6c083a55217fd693c5 - not a DEX interaction (target: 0x599a7C701c6dEEc113703eE1e444B8B66C7eB683)
[2m2025-12-10T10:10:42.296963Z[0m [34mDEBUG[0m [2mhyper::client::pool[0m[2m:[0m reuse idle connection for ("http", 192.168.0.14:8545)
[2m2025-12-10T10:10:42.296997Z[0m [34mDEBUG[0m [2methereum_transaction_pool_monitor::eth_client[0m[2m:[0m 📨 Received WebSocket message: {"jsonrpc":"2.0","method":"eth_subscription","params":{"subscription":"0xbed0a0851463e895960a451075a301a9","result":"0x497c2e25ee32f2687454a565f072d018dbb2f13988c4e70c0ff64b1c29e405ca"}}
[2m2025-12-10T10:10:42.297002Z[0m [34mDEBUG[0m [2mhyper::proto::h1::io[0m[2m:[0m flushed 172 bytes
[2m2025-12-10T10:10:42.297008Z[0m [34mDEBUG[0m [2methereum_transaction_pool_monitor::eth_client[0m[2m:[0m 📨 Received pending transaction: 0x497c2e25ee32f2687454a565f072d018dbb2f13988c4e70c0ff64b1c29e405ca
[2m2025-12-10T10:10:42.297040Z[0m [34mDEBUG[0m [2methereum_transaction_pool_monitor::eth_client[0m[2m:[0m 📨 Received WebSocket message: {"jsonrpc":"2.0","method":"eth_subscription","params":{"subscription":"0xbed0a0851463e895960a451075a301a9","result":"0xa68793530b3ba54ef9dfa0714faa93c461c2fe2e4a73566c1251b51bcea4976f"}}
[2m2025-12-10T10:10:42.297050Z[0m [34mDEBUG[0m [2methereum_transaction_pool_monitor::eth_client[0m[2m:[0m 📨 Received pending transaction: 0xa68793530b3ba54ef9dfa0714faa93c461c2fe2e4a73566c1251b51bcea4976f
[2m2025-12-10T10:10:42.297058Z[0m [34mDEBUG[0m [2methereum_transaction_pool_monitor::mempool_monitor[0m[2m:[0m 📨 Processing new pending transaction: 0x497c2e25ee32f2687454a565f072d018dbb2f13988c4e70c0ff64b1c29e405ca
[2m2025-12-10T10:10:42.297064Z[0m [34mDEBUG[0m [2methereum_transaction_pool_monitor::mempool_monitor[0m[2m:[0m 🔍 Fetching transaction details for: 0x497c2e25ee32f2687454a565f072d018dbb2f13988c4e70c0ff64b1c29e405ca
[2m2025-12-10T10:10:42.297071Z[0m [34mDEBUG[0m [2methereum_transaction_pool_monitor::eth_client[0m[2m:[0m 🔍 Fetching transaction details for hash: 0x497c2e25ee32f2687454a565f072d018dbb2f13988c4e70c0ff64b1c29e405ca
[2m2025-12-10T10:10:42.297081Z[0m [34mDEBUG[0m [2mhyper::client::pool[0m[2m:[0m reuse idle connection for ("http", 192.168.0.14:8545)
[2m2025-12-10T10:10:42.297096Z[0m [34mDEBUG[0m [2mhyper::proto::h1::io[0m[2m:[0m flushed 250 bytes
[2m2025-12-10T10:10:42.304121Z[0m [34mDEBUG[0m [2mhyper::proto::h1::io[0m[2m:[0m parsed 4 headers
[2m2025-12-10T10:10:42.304138Z[0m [34mDEBUG[0m [2mhyper::proto::h1::conn[0m[2m:[0m incoming body is content-length (45 bytes)
[2m2025-12-10T10:10:42.304146Z[0m [34mDEBUG[0m [2mhyper::proto::h1::conn[0m[2m:[0m incoming body completed
[2m2025-12-10T10:10:42.304154Z[0m [34mDEBUG[0m [2mhyper::client::pool[0m[2m:[0m pooling idle connection for ("http", 192.168.0.14:8545)
[2m2025-12-10T10:10:42.309359Z[0m [34mDEBUG[0m [2mhyper::proto::h1::io[0m[2m:[0m parsed 4 headers
[2m2025-12-10T10:10:42.309386Z[0m [34mDEBUG[0m [2mhyper::proto::h1::conn[0m[2m:[0m incoming body is content-length (677 bytes)
[2m2025-12-10T10:10:42.309397Z[0m [34mDEBUG[0m [2mhyper::proto::h1::conn[0m[2m:[0m incoming body completed
[2m2025-12-10T10:10:42.309414Z[0m [34mDEBUG[0m [2mhyper::client::pool[0m[2m:[0m pooling idle connection for ("http", 192.168.0.14:8545)
[2m2025-12-10T10:10:42.309423Z[0m [34mDEBUG[0m [2methereum_transaction_pool_monitor::eth_client[0m[2m:[0m 📡 Transaction fetch RPC completed in 12.347416ms
[2m2025-12-10T10:10:42.381618Z[0m [34mDEBUG[0m [2methereum_transaction_pool_monitor::eth_client[0m[2m:[0m ✅ Transaction 0x497c2e25ee32f2687454a565f072d018dbb2f13988c4e70c0ff64b1c29e405ca fetched and parsed in 84.540666ms
[2m2025-12-10T10:10:42.383079Z[0m [34mDEBUG[0m [2methereum_transaction_pool_monitor::mempool_monitor[0m[2m:[0m 🔍 Skipping tx 0x497c2e25ee32f2687454a565f072d018dbb2f13988c4e70c0ff64b1c29e405ca - not a DEX interaction (target: 0xA0b86991c6218b36c1d19D4a2e9Eb0cE3606eB48)
[2m2025-12-10T10:10:42.383092Z[0m [34mDEBUG[0m [2methereum_transaction_pool_monitor::mempool_monitor[0m[2m:[0m 📨 Processing new pending transaction: 0xa68793530b3ba54ef9dfa0714faa93c461c2fe2e4a73566c1251b51bcea4976f
[2m2025-12-10T10:10:42.383099Z[0m [34mDEBUG[0m [2methereum_transaction_pool_monitor::mempool_monitor[0m[2m:[0m 🔍 Fetching transaction details for: 0xa68793530b3ba54ef9dfa0714faa93c461c2fe2e4a73566c1251b51bcea4976f
[2m2025-12-10T10:10:42.383105Z[0m [34mDEBUG[0m [2methereum_transaction_pool_monitor::eth_client[0m[2m:[0m 🔍 Fetching transaction details for hash: 0xa68793530b3ba54ef9dfa0714faa93c461c2fe2e4a73566c1251b51bcea4976f
[2m2025-12-10T10:10:42.383130Z[0m [34mDEBUG[0m [2mhyper::client::pool[0m[2m:[0m reuse idle connection for ("http", 192.168.0.14:8545)
[2m2025-12-10T10:10:42.383172Z[0m [34mDEBUG[0m [2mhyper::proto::h1::io[0m[2m:[0m flushed 250 bytes
[2m2025-12-10T10:10:42.383194Z[0m [34mDEBUG[0m [2methereum_transaction_pool_monitor::eth_client[0m[2m:[0m 📨 Received WebSocket message: {"jsonrpc":"2.0","method":"eth_subscription","params":{"subscription":"0xbed0a0851463e895960a451075a301a9","result":"0xc85a997ec07424072e1e16b4b74fea87c89ee1f5e015a25dea0bf5fb06581fad"}}
[2m2025-12-10T10:10:42.383207Z[0m [34mDEBUG[0m [2methereum_transaction_pool_monitor::eth_client[0m[2m:[0m 📨 Received pending transaction: 0xc85a997ec07424072e1e16b4b74fea87c89ee1f5e015a25dea0bf5fb06581fad
[2m2025-12-10T10:10:42.383215Z[0m [34mDEBUG[0m [2methereum_transaction_pool_monitor::eth_client[0m[2m:[0m 📨 Received WebSocket message: {"jsonrpc":"2.0","method":"eth_subscription","params":{"subscription":"0xbed0a0851463e895960a451075a301a9","result":"0x785e70f5b8f55a255f046361e7d3a8aa5cbc4aaa7791bd600105a4bf7b049e66"}}
[2m2025-12-10T10:10:42.383223Z[0m [34mDEBUG[0m [2methereum_transaction_pool_monitor::eth_client[0m[2m:[0m 📨 Received pending transaction: 0x785e70f5b8f55a255f046361e7d3a8aa5cbc4aaa7791bd600105a4bf7b049e66
[2m2025-12-10T10:10:42.383228Z[0m [34mDEBUG[0m [2methereum_transaction_pool_monitor::eth_client[0m[2m:[0m 📨 Received WebSocket message: {"jsonrpc":"2.0","method":"eth_subscription","params":{"subscription":"0xbed0a0851463e895960a451075a301a9","result":"0x56c048a1f98ec81fbe75c7c5c6505b9c7d21ee681b7b55046231b3d9d27d1b92"}}
[2m2025-12-10T10:10:42.383235Z[0m [34mDEBUG[0m [2methereum_transaction_pool_monitor::eth_client[0m[2m:[0m 📨 Received pending transaction: 0x56c048a1f98ec81fbe75c7c5c6505b9c7d21ee681b7b55046231b3d9d27d1b92
[2m2025-12-10T10:10:42.387831Z[0m [34mDEBUG[0m [2mhyper::proto::h1::io[0m[2m:[0m parsed 4 headers
[2m2025-12-10T10:10:42.387837Z[0m [34mDEBUG[0m [2mhyper::proto::h1::conn[0m[2m:[0m incoming body is content-length (677 bytes)
[2m2025-12-10T10:10:42.387845Z[0m [34mDEBUG[0m [2mhyper::proto::h1::conn[0m[2m:[0m incoming body completed
[2m2025-12-10T10:10:42.387856Z[0m [34mDEBUG[0m [2mhyper::client::pool[0m[2m:[0m pooling idle connection for ("http", 192.168.0.14:8545)
[2m2025-12-10T10:10:42.387863Z[0m [34mDEBUG[0m [2methereum_transaction_pool_monitor::eth_client[0m[2m:[0m 📡 Transaction fetch RPC completed in 4.752125ms
[2m2025-12-10T10:10:42.458985Z[0m [34mDEBUG[0m [2methereum_transaction_pool_monitor::eth_client[0m[2m:[0m ✅ Transaction 0xa68793530b3ba54ef9dfa0714faa93c461c2fe2e4a73566c1251b51bcea4976f fetched and parsed in 75.871041ms
[2m2025-12-10T10:10:42.459008Z[0m [34mDEBUG[0m [2methereum_transaction_pool_monitor::mempool_monitor[0m[2m:[0m 🔍 Skipping tx 0xa68793530b3ba54ef9dfa0714faa93c461c2fe2e4a73566c1251b51bcea4976f - not a DEX interaction (target: 0xA0b86991c6218b36c1d19D4a2e9Eb0cE3606eB48)
[2m2025-12-10T10:10:42.459020Z[0m [34mDEBUG[0m [2methereum_transaction_pool_monitor::mempool_monitor[0m[2m:[0m 📨 Processing new pending transaction: 0xc85a997ec07424072e1e16b4b74fea87c89ee1f5e015a25dea0bf5fb06581fad
[2m2025-12-10T10:10:42.459030Z[0m [34mDEBUG[0m [2methereum_transaction_pool_monitor::mempool_monitor[0m[2m:[0m 🔍 Fetching transaction details for: 0xc85a997ec07424072e1e16b4b74fea87c89ee1f5e015a25dea0bf5fb06581fad
[2m2025-12-10T10:10:42.459035Z[0m [34mDEBUG[0m [2methereum_transaction_pool_monitor::eth_client[0m[2m:[0m 🔍 Fetching transaction details for hash: 0xc85a997ec07424072e1e16b4b74fea87c89ee1f5e015a25dea0bf5fb06581fad
[2m2025-12-10T10:10:42.459053Z[0m [34mDEBUG[0m [2mhyper::client::pool[0m[2m:[0m reuse idle connection for ("http", 192.168.0.14:8545)
[2m2025-12-10T10:10:42.459083Z[0m [34mDEBUG[0m [2mhyper::proto::h1::io[0m[2m:[0m flushed 250 bytes
[2m2025-12-10T10:10:42.459100Z[0m [34mDEBUG[0m [2mhyper::client::pool[0m[2m:[0m reuse idle connection for ("http", 192.168.0.14:8545)
[2m2025-12-10T10:10:42.459111Z[0m [34mDEBUG[0m [2methereum_transaction_pool_monitor::eth_client[0m[2m:[0m 📨 Received WebSocket message: {"jsonrpc":"2.0","method":"eth_subscription","params":{"subscription":"0xbed0a0851463e895960a451075a301a9","result":"0x4e4c532161cd35650ed4a384f68f7dc33785c8c2fc53a325c51ea6e74f9d4141"}}
[2m2025-12-10T10:10:42.459116Z[0m [34mDEBUG[0m [2mhyper::proto::h1::io[0m[2m:[0m flushed 172 bytes
[2m2025-12-10T10:10:42.459123Z[0m [34mDEBUG[0m [2methereum_transaction_pool_monitor::eth_client[0m[2m:[0m 📨 Received pending transaction: 0x4e4c532161cd35650ed4a384f68f7dc33785c8c2fc53a325c51ea6e74f9d4141
[2m2025-12-10T10:10:42.459131Z[0m [34mDEBUG[0m [2methereum_transaction_pool_monitor::eth_client[0m[2m:[0m 📨 Received WebSocket message: {"jsonrpc":"2.0","method":"eth_subscription","params":{"subscription":"0xbed0a0851463e895960a451075a301a9","result":"0xe8634244eac66242d65fbdeeae6dd891fe2708b6298e30d5bf6c85c60504cd13"}}
[2m2025-12-10T10:10:42.459137Z[0m [34mDEBUG[0m [2methereum_transaction_pool_monitor::eth_client[0m[2m:[0m 📨 Received pending transaction: 0xe8634244eac66242d65fbdeeae6dd891fe2708b6298e30d5bf6c85c60504cd13
[2m2025-12-10T10:10:42.463105Z[0m [34mDEBUG[0m [2mhyper::proto::h1::io[0m[2m:[0m parsed 4 headers
[2m2025-12-10T10:10:42.463111Z[0m [34mDEBUG[0m [2mhyper::proto::h1::conn[0m[2m:[0m incoming body is content-length (45 bytes)
[2m2025-12-10T10:10:42.463117Z[0m [34mDEBUG[0m [2mhyper::proto::h1::conn[0m[2m:[0m incoming body completed
[2m2025-12-10T10:10:42.463124Z[0m [34mDEBUG[0m [2mhyper::client::pool[0m[2m:[0m pooling idle connection for ("http", 192.168.0.14:8545)
[2m2025-12-10T10:10:42.463749Z[0m [34mDEBUG[0m [2mhyper::proto::h1::io[0m[2m:[0m parsed 4 headers
[2m2025-12-10T10:10:42.463771Z[0m [34mDEBUG[0m [2mhyper::proto::h1::conn[0m[2m:[0m incoming body is content-length (775 bytes)
[2m2025-12-10T10:10:42.463810Z[0m [34mDEBUG[0m [2mhyper::proto::h1::conn[0m[2m:[0m incoming body completed
[2m2025-12-10T10:10:42.463817Z[0m [34mDEBUG[0m [2mhyper::client::pool[0m[2m:[0m pooling idle connection for ("http", 192.168.0.14:8545)
[2m2025-12-10T10:10:42.463835Z[0m [34mDEBUG[0m [2methereum_transaction_pool_monitor::eth_client[0m[2m:[0m 📡 Transaction fetch RPC completed in 4.785417ms
[2m2025-12-10T10:10:42.463848Z[0m [34mDEBUG[0m [2methereum_transaction_pool_monitor::eth_client[0m[2m:[0m DeFi transaction detected - Address: 0xdac17f958d2ee523a2206206994597c13d831ec7, Type: Stablecoin, Value: 0 ETH, Gas: 2.37 Gwei
[2m2025-12-10T10:10:42.463863Z[0m [34mDEBUG[0m [2methereum_transaction_pool_monitor::eth_client[0m[2m:[0m ✅ Transaction 0xc85a997ec07424072e1e16b4b74fea87c89ee1f5e015a25dea0bf5fb06581fad fetched and parsed in 4.8235ms
[2m2025-12-10T10:10:42.463873Z[0m [34mDEBUG[0m [2methereum_transaction_pool_monitor::mempool_monitor[0m[2m:[0m 🔍 Skipping tx 0xc85a997ec07424072e1e16b4b74fea87c89ee1f5e015a25dea0bf5fb06581fad - not a DEX interaction (target: 0xdAC17F958D2ee523a2206206994597C13D831ec7)
[2m2025-12-10T10:10:42.463880Z[0m [34mDEBUG[0m [2methereum_transaction_pool_monitor::mempool_monitor[0m[2m:[0m 📨 Processing new pending transaction: 0x785e70f5b8f55a255f046361e7d3a8aa5cbc4aaa7791bd600105a4bf7b049e66
[2m2025-12-10T10:10:42.463887Z[0m [34mDEBUG[0m [2methereum_transaction_pool_monitor::mempool_monitor[0m[2m:[0m 🔍 Fetching transaction details for: 0x785e70f5b8f55a255f046361e7d3a8aa5cbc4aaa7791bd600105a4bf7b049e66
[2m2025-12-10T10:10:42.463895Z[0m [34mDEBUG[0m [2methereum_transaction_pool_monitor::eth_client[0m[2m:[0m 🔍 Fetching transaction details for hash: 0x785e70f5b8f55a255f046361e7d3a8aa5cbc4aaa7791bd600105a4bf7b049e66
[2m2025-12-10T10:10:42.463905Z[0m [34mDEBUG[0m [2mhyper::client::pool[0m[2m:[0m reuse idle connection for ("http", 192.168.0.14:8545)
[2m2025-12-10T10:10:42.463920Z[0m [34mDEBUG[0m [2mhyper::proto::h1::io[0m[2m:[0m flushed 250 bytes
[2m2025-12-10T10:10:42.468307Z[0m [34mDEBUG[0m [2mhyper::proto::h1::io[0m[2m:[0m parsed 4 headers
[2m2025-12-10T10:10:42.468329Z[0m [34mDEBUG[0m [2mhyper::proto::h1::conn[0m[2m:[0m incoming body is content-length (775 bytes)
[2m2025-12-10T10:10:42.468350Z[0m [34mDEBUG[0m [2mhyper::proto::h1::conn[0m[2m:[0m incoming body completed
[2m2025-12-10T10:10:42.468369Z[0m [34mDEBUG[0m [2mhyper::client::pool[0m[2m:[0m pooling idle connection for ("http", 192.168.0.14:8545)
[2m2025-12-10T10:10:42.468374Z[0m [34mDEBUG[0m [2methereum_transaction_pool_monitor::eth_client[0m[2m:[0m 📡 Transaction fetch RPC completed in 4.472916ms
[2m2025-12-10T10:10:42.468398Z[0m [34mDEBUG[0m [2methereum_transaction_pool_monitor::eth_client[0m[2m:[0m DeFi transaction detected - Address: 0xdac17f958d2ee523a2206206994597c13d831ec7, Type: Stablecoin, Value: 0 ETH, Gas: 2.37 Gwei
[2m2025-12-10T10:10:42.468409Z[0m [34mDEBUG[0m [2methereum_transaction_pool_monitor::eth_client[0m[2m:[0m ✅ Transaction 0x785e70f5b8f55a255f046361e7d3a8aa5cbc4aaa7791bd600105a4bf7b049e66 fetched and parsed in 4.507416ms
[2m2025-12-10T10:10:42.468414Z[0m [34mDEBUG[0m [2methereum_transaction_pool_monitor::mempool_monitor[0m[2m:[0m 🔍 Skipping tx 0x785e70f5b8f55a255f046361e7d3a8aa5cbc4aaa7791bd600105a4bf7b049e66 - not a DEX interaction (target: 0xdAC17F958D2ee523a2206206994597C13D831ec7)
[2m2025-12-10T10:10:42.468420Z[0m [34mDEBUG[0m [2methereum_transaction_pool_monitor::mempool_monitor[0m[2m:[0m 📨 Processing new pending transaction: 0x56c048a1f98ec81fbe75c7c5c6505b9c7d21ee681b7b55046231b3d9d27d1b92
[2m2025-12-10T10:10:42.468424Z[0m [34mDEBUG[0m [2methereum_transaction_pool_monitor::mempool_monitor[0m[2m:[0m 🔍 Fetching transaction details for: 0x56c048a1f98ec81fbe75c7c5c6505b9c7d21ee681b7b55046231b3d9d27d1b92
[2m2025-12-10T10:10:42.468428Z[0m [34mDEBUG[0m [2methereum_transaction_pool_monitor::eth_client[0m[2m:[0m 🔍 Fetching transaction details for hash: 0x56c048a1f98ec81fbe75c7c5c6505b9c7d21ee681b7b55046231b3d9d27d1b92
[2m2025-12-10T10:10:42.468437Z[0m [34mDEBUG[0m [2mhyper::client::pool[0m[2m:[0m reuse idle connection for ("http", 192.168.0.14:8545)
[2m2025-12-10T10:10:42.468451Z[0m [34mDEBUG[0m [2mhyper::proto::h1::io[0m[2m:[0m flushed 250 bytes
[2m2025-12-10T10:10:42.473829Z[0m [34mDEBUG[0m [2methereum_transaction_pool_monitor::eth_client[0m[2m:[0m 📨 Received WebSocket message: {"jsonrpc":"2.0","method":"eth_subscription","params":{"subscription":"0xbed0a0851463e895960a451075a301a9","result":"0x3fffc18ec5772e2100b0e127469b599eeed06c5a138256f05602b84a71851cf4"}}
[2m2025-12-10T10:10:42.473835Z[0m [34mDEBUG[0m [2mhyper::proto::h1::io[0m[2m:[0m parsed 4 headers
[2m2025-12-10T10:10:42.473852Z[0m [34mDEBUG[0m [2methereum_transaction_pool_monitor::eth_client[0m[2m:[0m 📨 Received pending transaction: 0x3fffc18ec5772e2100b0e127469b599eeed06c5a138256f05602b84a71851cf4
[2m2025-12-10T10:10:42.473858Z[0m [34mDEBUG[0m [2mhyper::proto::h1::conn[0m[2m:[0m incoming body is content-length (775 bytes)
[2m2025-12-10T10:10:42.473870Z[0m [34mDEBUG[0m [2mhyper::proto::h1::conn[0m[2m:[0m incoming body completed
[2m2025-12-10T10:10:42.473878Z[0m [34mDEBUG[0m [2mhyper::client::pool[0m[2m:[0m pooling idle connection for ("http", 192.168.0.14:8545)
[2m2025-12-10T10:10:42.473887Z[0m [34mDEBUG[0m [2methereum_transaction_pool_monitor::eth_client[0m[2m:[0m 📡 Transaction fetch RPC completed in 5.453417ms
[2m2025-12-10T10:10:42.473912Z[0m [34mDEBUG[0m [2methereum_transaction_pool_monitor::eth_client[0m[2m:[0m DeFi transaction detected - Address: 0xdac17f958d2ee523a2206206994597c13d831ec7, Type: Stablecoin, Value: 0 ETH, Gas: 2.37 Gwei
[2m2025-12-10T10:10:42.473922Z[0m [34mDEBUG[0m [2methereum_transaction_pool_monitor::eth_client[0m[2m:[0m ✅ Transaction 0x56c048a1f98ec81fbe75c7c5c6505b9c7d21ee681b7b55046231b3d9d27d1b92 fetched and parsed in 5.488042ms
[2m2025-12-10T10:10:42.473928Z[0m [34mDEBUG[0m [2methereum_transaction_pool_monitor::mempool_monitor[0m[2m:[0m 🔍 Skipping tx 0x56c048a1f98ec81fbe75c7c5c6505b9c7d21ee681b7b55046231b3d9d27d1b92 - not a DEX interaction (target: 0xdAC17F958D2ee523a2206206994597C13D831ec7)
[2m2025-12-10T10:10:42.473935Z[0m [34mDEBUG[0m [2methereum_transaction_pool_monitor::mempool_monitor[0m[2m:[0m 📨 Processing new pending transaction: 0x4e4c532161cd35650ed4a384f68f7dc33785c8c2fc53a325c51ea6e74f9d4141
[2m2025-12-10T10:10:42.473940Z[0m [34mDEBUG[0m [2methereum_transaction_pool_monitor::mempool_monitor[0m[2m:[0m 🔍 Fetching transaction details for: 0x4e4c532161cd35650ed4a384f68f7dc33785c8c2fc53a325c51ea6e74f9d4141
[2m2025-12-10T10:10:42.473944Z[0m [34mDEBUG[0m [2methereum_transaction_pool_monitor::eth_client[0m[2m:[0m 🔍 Fetching transaction details for hash: 0x4e4c532161cd35650ed4a384f68f7dc33785c8c2fc53a325c51ea6e74f9d4141
[2m2025-12-10T10:10:42.473951Z[0m [34mDEBUG[0m [2mhyper::client::pool[0m[2m:[0m reuse idle connection for ("http", 192.168.0.14:8545)
[2m2025-12-10T10:10:42.473962Z[0m [34mDEBUG[0m [2mhyper::proto::h1::io[0m[2m:[0m flushed 250 bytes
[2m2025-12-10T10:10:42.478227Z[0m [34mDEBUG[0m [2mhyper::proto::h1::io[0m[2m:[0m parsed 4 headers
[2m2025-12-10T10:10:42.478234Z[0m [34mDEBUG[0m [2mhyper::proto::h1::conn[0m[2m:[0m incoming body is content-length (1030 bytes)
[2m2025-12-10T10:10:42.478239Z[0m [34mDEBUG[0m [2mhyper::proto::h1::conn[0m[2m:[0m incoming body completed
[2m2025-12-10T10:10:42.478244Z[0m [34mDEBUG[0m [2mhyper::client::pool[0m[2m:[0m pooling idle connection for ("http", 192.168.0.14:8545)
[2m2025-12-10T10:10:42.478249Z[0m [34mDEBUG[0m [2methereum_transaction_pool_monitor::eth_client[0m[2m:[0m 📡 Transaction fetch RPC completed in 4.3015ms
[2m2025-12-10T10:10:42.549343Z[0m [34mDEBUG[0m [2methereum_transaction_pool_monitor::eth_client[0m[2m:[0m ✅ Transaction 0x4e4c532161cd35650ed4a384f68f7dc33785c8c2fc53a325c51ea6e74f9d4141 fetched and parsed in 75.393125ms
[2m2025-12-10T10:10:42.549371Z[0m [34mDEBUG[0m [2methereum_transaction_pool_monitor::mempool_monitor[0m[2m:[0m 🔍 Skipping tx 0x4e4c532161cd35650ed4a384f68f7dc33785c8c2fc53a325c51ea6e74f9d4141 - not a DEX interaction (target: 0xC03f31fD86a9077785b7bCf6598Ce3598Fa91113)
[2m2025-12-10T10:10:42.549388Z[0m [34mDEBUG[0m [2methereum_transaction_pool_monitor::mempool_monitor[0m[2m:[0m 📨 Processing new pending transaction: 0xe8634244eac66242d65fbdeeae6dd891fe2708b6298e30d5bf6c85c60504cd13
[2m2025-12-10T10:10:42.549399Z[0m [34mDEBUG[0m [2methereum_transaction_pool_monitor::mempool_monitor[0m[2m:[0m 🔍 Fetching transaction details for: 0xe8634244eac66242d65fbdeeae6dd891fe2708b6298e30d5bf6c85c60504cd13
[2m2025-12-10T10:10:42.549407Z[0m [34mDEBUG[0m [2methereum_transaction_pool_monitor::eth_client[0m[2m:[0m 🔍 Fetching transaction details for hash: 0xe8634244eac66242d65fbdeeae6dd891fe2708b6298e30d5bf6c85c60504cd13
[2m2025-12-10T10:10:42.549426Z[0m [34mDEBUG[0m [2mhyper::client::pool[0m[2m:[0m reuse idle connection for ("http", 192.168.0.14:8545)
[2m2025-12-10T10:10:42.549458Z[0m [34mDEBUG[0m [2mhyper::proto::h1::io[0m[2m:[0m flushed 250 bytes
[2m2025-12-10T10:10:42.549482Z[0m [34mDEBUG[0m [2mhyper::client::pool[0m[2m:[0m reuse idle connection for ("http", 192.168.0.14:8545)
[2m2025-12-10T10:10:42.549492Z[0m [34mDEBUG[0m [2methereum_transaction_pool_monitor::eth_client[0m[2m:[0m 📨 Received WebSocket message: {"jsonrpc":"2.0","method":"eth_subscription","params":{"subscription":"0xbed0a0851463e895960a451075a301a9","result":"0x3a0d06c4c614e73640362c642e93745a86d0749a65ab61f1c991f7a0fc9ffed7"}}
[2m2025-12-10T10:10:42.549501Z[0m [34mDEBUG[0m [2mhyper::proto::h1::io[0m[2m:[0m flushed 172 bytes
[2m2025-12-10T10:10:42.549505Z[0m [34mDEBUG[0m [2methereum_transaction_pool_monitor::eth_client[0m[2m:[0m 📨 Received pending transaction: 0x3a0d06c4c614e73640362c642e93745a86d0749a65ab61f1c991f7a0fc9ffed7
[2m2025-12-10T10:10:42.549524Z[0m [34mDEBUG[0m [2methereum_transaction_pool_monitor::eth_client[0m[2m:[0m 📨 Received WebSocket message: {"jsonrpc":"2.0","method":"eth_subscription","params":{"subscription":"0xbed0a0851463e895960a451075a301a9","result":"0x8ed79766beca66e92bf3ace784b9293943efe1d08e2d06fea51f8df9ff9e6584"}}
[2m2025-12-10T10:10:42.549534Z[0m [34mDEBUG[0m [2methereum_transaction_pool_monitor::eth_client[0m[2m:[0m 📨 Received pending transaction: 0x8ed79766beca66e92bf3ace784b9293943efe1d08e2d06fea51f8df9ff9e6584
[2m2025-12-10T10:10:42.554049Z[0m [34mDEBUG[0m [2mhyper::proto::h1::io[0m[2m:[0m parsed 4 headers
[2m2025-12-10T10:10:42.554064Z[0m [34mDEBUG[0m [2mhyper::proto::h1::conn[0m[2m:[0m incoming body is content-length (45 bytes)
[2m2025-12-10T10:10:42.554072Z[0m [34mDEBUG[0m [2mhyper::proto::h1::conn[0m[2m:[0m incoming body completed
[2m2025-12-10T10:10:42.554081Z[0m [34mDEBUG[0m [2mhyper::client::pool[0m[2m:[0m pooling idle connection for ("http", 192.168.0.14:8545)
[2m2025-12-10T10:10:42.556552Z[0m [34mDEBUG[0m [2mhyper::proto::h1::io[0m[2m:[0m parsed 4 headers
[2m2025-12-10T10:10:42.556574Z[0m [34mDEBUG[0m [2mhyper::proto::h1::conn[0m[2m:[0m incoming body is content-length (647 bytes)
[2m2025-12-10T10:10:42.556592Z[0m [34mDEBUG[0m [2mhyper::proto::h1::conn[0m[2m:[0m incoming body completed
[2m2025-12-10T10:10:42.556611Z[0m [34mDEBUG[0m [2mhyper::client::pool[0m[2m:[0m pooling idle connection for ("http", 192.168.0.14:8545)
[2m2025-12-10T10:10:42.556616Z[0m [34mDEBUG[0m [2methereum_transaction_pool_monitor::eth_client[0m[2m:[0m 📡 Transaction fetch RPC completed in 7.201958ms
[2m2025-12-10T10:10:42.628238Z[0m [34mDEBUG[0m [2methereum_transaction_pool_monitor::eth_client[0m[2m:[0m ✅ Transaction 0xe8634244eac66242d65fbdeeae6dd891fe2708b6298e30d5bf6c85c60504cd13 fetched and parsed in 78.822875ms
[2m2025-12-10T10:10:42.628268Z[0m [34mDEBUG[0m [2methereum_transaction_pool_monitor::mempool_monitor[0m[2m:[0m 🔍 Skipping tx 0xe8634244eac66242d65fbdeeae6dd891fe2708b6298e30d5bf6c85c60504cd13 - not a DEX interaction (target: 0xA26148AE51fa8E787DF319C04137602Cc018b521)
[2m2025-12-10T10:10:42.628279Z[0m [34mDEBUG[0m [2methereum_transaction_pool_monitor::mempool_monitor[0m[2m:[0m 📨 Processing new pending transaction: 0x3fffc18ec5772e2100b0e127469b599eeed06c5a138256f05602b84a71851cf4
[2m2025-12-10T10:10:42.628293Z[0m [34mDEBUG[0m [2methereum_transaction_pool_monitor::mempool_monitor[0m[2m:[0m 🔍 Fetching transaction details for: 0x3fffc18ec5772e2100b0e127469b599eeed06c5a138256f05602b84a71851cf4
[2m2025-12-10T10:10:42.628302Z[0m [34mDEBUG[0m [2methereum_transaction_pool_monitor::eth_client[0m[2m:[0m 🔍 Fetching transaction details for hash: 0x3fffc18ec5772e2100b0e127469b599eeed06c5a138256f05602b84a71851cf4
[2m2025-12-10T10:10:42.628321Z[0m [34mDEBUG[0m [2mhyper::client::pool[0m[2m:[0m reuse idle connection for ("http", 192.168.0.14:8545)
[2m2025-12-10T10:10:42.628359Z[0m [34mDEBUG[0m [2mhyper::proto::h1::io[0m[2m:[0m flushed 250 bytes
[2m2025-12-10T10:10:42.628382Z[0m [34mDEBUG[0m [2mhyper::client::pool[0m[2m:[0m reuse idle connection for ("http", 192.168.0.14:8545)
[2m2025-12-10T10:10:42.628397Z[0m [34mDEBUG[0m [2methereum_transaction_pool_monitor::eth_client[0m[2m:[0m 📨 Received WebSocket message: {"jsonrpc":"2.0","method":"eth_subscription","params":{"subscription":"0xbed0a0851463e895960a451075a301a9","result":"0x26136c8f099285753139a3cffb19e863dbf6e47d9a828367c5513204f21cd6cb"}}
[2m2025-12-10T10:10:42.628401Z[0m [34mDEBUG[0m [2mhyper::proto::h1::io[0m[2m:[0m flushed 172 bytes
[2m2025-12-10T10:10:42.628414Z[0m [34mDEBUG[0m [2methereum_transaction_pool_monitor::eth_client[0m[2m:[0m 📨 Received pending transaction: 0x26136c8f099285753139a3cffb19e863dbf6e47d9a828367c5513204f21cd6cb
[2m2025-12-10T10:10:42.628438Z[0m [34mDEBUG[0m [2methereum_transaction_pool_monitor::eth_client[0m[2m:[0m 📨 Received WebSocket message: {"jsonrpc":"2.0","method":"eth_subscription","params":{"subscription":"0xbed0a0851463e895960a451075a301a9","result":"0xf5762fedc895f3ed0e1a74b780e2ff79639f3ebfc5d6c806b71c6accc7b34ea8"}}
[2m2025-12-10T10:10:42.628452Z[0m [34mDEBUG[0m [2methereum_transaction_pool_monitor::eth_client[0m[2m:[0m 📨 Received pending transaction: 0xf5762fedc895f3ed0e1a74b780e2ff79639f3ebfc5d6c806b71c6accc7b34ea8
[2m2025-12-10T10:10:42.628458Z[0m [34mDEBUG[0m [2methereum_transaction_pool_monitor::eth_client[0m[2m:[0m 📨 Received WebSocket message: {"jsonrpc":"2.0","method":"eth_subscription","params":{"subscription":"0xbed0a0851463e895960a451075a301a9","result":"0x9ce233e6a531c80b3955d529faf258fe08a9f65ef74f1b54a1b4a31cdc488891"}}
[2m2025-12-10T10:10:42.628463Z[0m [34mDEBUG[0m [2methereum_transaction_pool_monitor::eth_client[0m[2m:[0m 📨 Received pending transaction: 0x9ce233e6a531c80b3955d529faf258fe08a9f65ef74f1b54a1b4a31cdc488891
[2m2025-12-10T10:10:42.635754Z[0m [34mDEBUG[0m [2mhyper::proto::h1::io[0m[2m:[0m parsed 4 headers
[2m2025-12-10T10:10:42.635760Z[0m [34mDEBUG[0m [2mhyper::proto::h1::conn[0m[2m:[0m incoming body is content-length (45 bytes)
[2m2025-12-10T10:10:42.635766Z[0m [34mDEBUG[0m [2mhyper::proto::h1::conn[0m[2m:[0m incoming body completed
[2m2025-12-10T10:10:42.635772Z[0m [34mDEBUG[0m [2mhyper::client::pool[0m[2m:[0m pooling idle connection for ("http", 192.168.0.14:8545)
[2m2025-12-10T10:10:42.637245Z[0m [34mDEBUG[0m [2mhyper::proto::h1::io[0m[2m:[0m parsed 4 headers
[2m2025-12-10T10:10:42.637250Z[0m [34mDEBUG[0m [2mhyper::proto::h1::conn[0m[2m:[0m incoming body is content-length (765 bytes)
[2m2025-12-10T10:10:42.637254Z[0m [34mDEBUG[0m [2mhyper::proto::h1::conn[0m[2m:[0m incoming body completed
[2m2025-12-10T10:10:42.637267Z[0m [34mDEBUG[0m [2mhyper::client::pool[0m[2m:[0m pooling idle connection for ("http", 192.168.0.14:8545)
[2m2025-12-10T10:10:42.637271Z[0m [34mDEBUG[0m [2methereum_transaction_pool_monitor::eth_client[0m[2m:[0m 📡 Transaction fetch RPC completed in 8.963459ms
[2m2025-12-10T10:10:42.637283Z[0m [34mDEBUG[0m [2methereum_transaction_pool_monitor::eth_client[0m[2m:[0m DeFi transaction detected - Address: 0xdac17f958d2ee523a2206206994597c13d831ec7, Type: Stablecoin, Value: 0 ETH, Gas: 0.62 Gwei
[2m2025-12-10T10:10:42.637304Z[0m [34mDEBUG[0m [2methereum_transaction_pool_monitor::eth_client[0m[2m:[0m ✅ Transaction 0x3fffc18ec5772e2100b0e127469b599eeed06c5a138256f05602b84a71851cf4 fetched and parsed in 8.996334ms
[2m2025-12-10T10:10:42.637310Z[0m [34mDEBUG[0m [2methereum_transaction_pool_monitor::mempool_monitor[0m[2m:[0m 🔍 Skipping tx 0x3fffc18ec5772e2100b0e127469b599eeed06c5a138256f05602b84a71851cf4 - not a DEX interaction (target: 0xdAC17F958D2ee523a2206206994597C13D831ec7)
[2m2025-12-10T10:10:42.637316Z[0m [34mDEBUG[0m [2methereum_transaction_pool_monitor::mempool_monitor[0m[2m:[0m 📨 Processing new pending transaction: 0x3a0d06c4c614e73640362c642e93745a86d0749a65ab61f1c991f7a0fc9ffed7
[2m2025-12-10T10:10:42.637320Z[0m [34mDEBUG[0m [2methereum_transaction_pool_monitor::mempool_monitor[0m[2m:[0m 🔍 Fetching transaction details for: 0x3a0d06c4c614e73640362c642e93745a86d0749a65ab61f1c991f7a0fc9ffed7
[2m2025-12-10T10:10:42.637323Z[0m [34mDEBUG[0m [2methereum_transaction_pool_monitor::eth_client[0m[2m:[0m 🔍 Fetching transaction details for hash: 0x3a0d06c4c614e73640362c642e93745a86d0749a65ab61f1c991f7a0fc9ffed7
[2m2025-12-10T10:10:42.637331Z[0m [34mDEBUG[0m [2mhyper::client::pool[0m[2m:[0m reuse idle connection for ("http", 192.168.0.14:8545)
[2m2025-12-10T10:10:42.637347Z[0m [34mDEBUG[0m [2mhyper::proto::h1::io[0m[2m:[0m flushed 250 bytes
[2m2025-12-10T10:10:42.645219Z[0m [34mDEBUG[0m [2mhyper::proto::h1::io[0m[2m:[0m parsed 4 headers
[2m2025-12-10T10:10:42.645225Z[0m [34mDEBUG[0m [2mhyper::proto::h1::conn[0m[2m:[0m incoming body is content-length (762 bytes)
[2m2025-12-10T10:10:42.645230Z[0m [34mDEBUG[0m [2mhyper::proto::h1::conn[0m[2m:[0m incoming body completed
[2m2025-12-10T10:10:42.645236Z[0m [34mDEBUG[0m [2mhyper::client::pool[0m[2m:[0m pooling idle connection for ("http", 192.168.0.14:8545)
[2m2025-12-10T10:10:42.645241Z[0m [34mDEBUG[0m [2methereum_transaction_pool_monitor::eth_client[0m[2m:[0m 📡 Transaction fetch RPC completed in 7.913334ms
[2m2025-12-10T10:10:42.716753Z[0m [34mDEBUG[0m [2methereum_transaction_pool_monitor::eth_client[0m[2m:[0m ✅ Transaction 0x3a0d06c4c614e73640362c642e93745a86d0749a65ab61f1c991f7a0fc9ffed7 fetched and parsed in 79.423042ms
[2m2025-12-10T10:10:42.716779Z[0m [34mDEBUG[0m [2methereum_transaction_pool_monitor::mempool_monitor[0m[2m:[0m 🔍 Skipping tx 0x3a0d06c4c614e73640362c642e93745a86d0749a65ab61f1c991f7a0fc9ffed7 - not a DEX interaction (target: 0xd50370bEE8bFf23Bbb30ca558a1d0207DBc96ef2)
[2m2025-12-10T10:10:42.716790Z[0m [34mDEBUG[0m [2methereum_transaction_pool_monitor::mempool_monitor[0m[2m:[0m 📨 Processing new pending transaction: 0x8ed79766beca66e92bf3ace784b9293943efe1d08e2d06fea51f8df9ff9e6584
[2m2025-12-10T10:10:42.716798Z[0m [34mDEBUG[0m [2methereum_transaction_pool_monitor::mempool_monitor[0m[2m:[0m 🔍 Fetching transaction details for: 0x8ed79766beca66e92bf3ace784b9293943efe1d08e2d06fea51f8df9ff9e6584
[2m2025-12-10T10:10:42.716803Z[0m [34mDEBUG[0m [2methereum_transaction_pool_monitor::eth_client[0m[2m:[0m 🔍 Fetching transaction details for hash: 0x8ed79766beca66e92bf3ace784b9293943efe1d08e2d06fea51f8df9ff9e6584
[2m2025-12-10T10:10:42.716823Z[0m [34mDEBUG[0m [2mhyper::client::pool[0m[2m:[0m reuse idle connection for ("http", 192.168.0.14:8545)
[2m2025-12-10T10:10:42.716863Z[0m [34mDEBUG[0m [2mhyper::proto::h1::io[0m[2m:[0m flushed 250 bytes
[2m2025-12-10T10:10:42.716891Z[0m [34mDEBUG[0m [2mhyper::client::pool[0m[2m:[0m reuse idle connection for ("http", 192.168.0.14:8545)
[2m2025-12-10T10:10:42.716908Z[0m [34mDEBUG[0m [2mhyper::proto::h1::io[0m[2m:[0m flushed 172 bytes
[2m2025-12-10T10:10:42.721985Z[0m [34mDEBUG[0m [2mhyper::proto::h1::io[0m[2m:[0m parsed 4 headers
[2m2025-12-10T10:10:42.721993Z[0m [34mDEBUG[0m [2mhyper::proto::h1::conn[0m[2m:[0m incoming body is content-length (45 bytes)
[2m2025-12-10T10:10:42.721999Z[0m [34mDEBUG[0m [2mhyper::proto::h1::conn[0m[2m:[0m incoming body completed
[2m2025-12-10T10:10:42.722006Z[0m [34mDEBUG[0m [2mhyper::client::pool[0m[2m:[0m pooling idle connection for ("http", 192.168.0.14:8545)
[2m2025-12-10T10:10:42.728120Z[0m [34mDEBUG[0m [2mhyper::proto::h1::io[0m[2m:[0m parsed 4 headers
[2m2025-12-10T10:10:42.728737Z[0m [34mDEBUG[0m [2mhyper::proto::h1::conn[0m[2m:[0m incoming body is content-length (1030 bytes)
[2m2025-12-10T10:10:42.728743Z[0m [34mDEBUG[0m [2mhyper::proto::h1::conn[0m[2m:[0m incoming body completed
[2m2025-12-10T10:10:42.728748Z[0m [34mDEBUG[0m [2mhyper::client::pool[0m[2m:[0m pooling idle connection for ("http", 192.168.0.14:8545)
[2m2025-12-10T10:10:42.728753Z[0m [34mDEBUG[0m [2methereum_transaction_pool_monitor::eth_client[0m[2m:[0m 📡 Transaction fetch RPC completed in 11.945208ms
[2m2025-12-10T10:10:42.799505Z[0m [34mDEBUG[0m [2methereum_transaction_pool_monitor::eth_client[0m[2m:[0m ✅ Transaction 0x8ed79766beca66e92bf3ace784b9293943efe1d08e2d06fea51f8df9ff9e6584 fetched and parsed in 82.695083ms
[2m2025-12-10T10:10:42.799530Z[0m [34mDEBUG[0m [2methereum_transaction_pool_monitor::mempool_monitor[0m[2m:[0m 🔍 Skipping tx 0x8ed79766beca66e92bf3ace784b9293943efe1d08e2d06fea51f8df9ff9e6584 - not a DEX interaction (target: 0xC03f31fD86a9077785b7bCf6598Ce3598Fa91113)
[2m2025-12-10T10:10:42.799540Z[0m [34mDEBUG[0m [2methereum_transaction_pool_monitor::mempool_monitor[0m[2m:[0m 📨 Processing new pending transaction: 0x26136c8f099285753139a3cffb19e863dbf6e47d9a828367c5513204f21cd6cb
[2m2025-12-10T10:10:42.799546Z[0m [34mDEBUG[0m [2methereum_transaction_pool_monitor::mempool_monitor[0m[2m:[0m 🔍 Fetching transaction details for: 0x26136c8f099285753139a3cffb19e863dbf6e47d9a828367c5513204f21cd6cb
[2m2025-12-10T10:10:42.799552Z[0m [34mDEBUG[0m [2methereum_transaction_pool_monitor::eth_client[0m[2m:[0m 🔍 Fetching transaction details for hash: 0x26136c8f099285753139a3cffb19e863dbf6e47d9a828367c5513204f21cd6cb
[2m2025-12-10T10:10:42.799571Z[0m [34mDEBUG[0m [2mhyper::client::pool[0m[2m:[0m reuse idle connection for ("http", 192.168.0.14:8545)
[2m2025-12-10T10:10:42.799609Z[0m [34mDEBUG[0m [2mhyper::proto::h1::io[0m[2m:[0m flushed 250 bytes
[2m2025-12-10T10:10:42.799628Z[0m [34mDEBUG[0m [2mhyper::client::pool[0m[2m:[0m reuse idle connection for ("http", 192.168.0.14:8545)
[2m2025-12-10T10:10:42.799642Z[0m [34mDEBUG[0m [2mhyper::proto::h1::io[0m[2m:[0m flushed 172 bytes
[2m2025-12-10T10:10:42.799641Z[0m [34mDEBUG[0m [2methereum_transaction_pool_monitor::eth_client[0m[2m:[0m 📨 Received WebSocket message: {"jsonrpc":"2.0","method":"eth_subscription","params":{"subscription":"0xbed0a0851463e895960a451075a301a9","result":"0xa908dcdbe84b02aae76b891691afad27d7a77d19416b9cdf561027374cdf4f6c"}}
[2m2025-12-10T10:10:42.799660Z[0m [34mDEBUG[0m [2methereum_transaction_pool_monitor::eth_client[0m[2m:[0m 📨 Received pending transaction: 0xa908dcdbe84b02aae76b891691afad27d7a77d19416b9cdf561027374cdf4f6c
[2m2025-12-10T10:10:42.804565Z[0m [34mDEBUG[0m [2mhyper::proto::h1::io[0m[2m:[0m parsed 4 headers
[2m2025-12-10T10:10:42.804571Z[0m [34mDEBUG[0m [2mhyper::proto::h1::conn[0m[2m:[0m incoming body is content-length (45 bytes)
[2m2025-12-10T10:10:42.804579Z[0m [34mDEBUG[0m [2mhyper::proto::h1::conn[0m[2m:[0m incoming body completed
[2m2025-12-10T10:10:42.804589Z[0m [34mDEBUG[0m [2mhyper::client::pool[0m[2m:[0m pooling idle connection for ("http", 192.168.0.14:8545)
[2m2025-12-10T10:10:42.811782Z[0m [34mDEBUG[0m [2mhyper::proto::h1::io[0m[2m:[0m parsed 4 headers
[2m2025-12-10T10:10:42.814419Z[0m [34mDEBUG[0m [2mhyper::proto::h1::conn[0m[2m:[0m incoming body is content-length (2307 bytes)
[2m2025-12-10T10:10:42.814428Z[0m [34mDEBUG[0m [2mhyper::proto::h1::conn[0m[2m:[0m incoming body completed
[2m2025-12-10T10:10:42.814439Z[0m [34mDEBUG[0m [2mhyper::client::pool[0m[2m:[0m pooling idle connection for ("http", 192.168.0.14:8545)
[2m2025-12-10T10:10:42.814445Z[0m [34mDEBUG[0m [2methereum_transaction_pool_monitor::eth_client[0m[2m:[0m 📡 Transaction fetch RPC completed in 14.888083ms
[2m2025-12-10T10:10:42.885761Z[0m [34mDEBUG[0m [2methereum_transaction_pool_monitor::eth_client[0m[2m:[0m ✅ Transaction 0x26136c8f099285753139a3cffb19e863dbf6e47d9a828367c5513204f21cd6cb fetched and parsed in 86.201583ms
[2m2025-12-10T10:10:42.885787Z[0m [34mDEBUG[0m [2methereum_transaction_pool_monitor::mempool_monitor[0m[2m:[0m 🔍 Skipping tx 0x26136c8f099285753139a3cffb19e863dbf6e47d9a828367c5513204f21cd6cb - not a DEX interaction (target: 0xF6801D319497789f934ec7F83E142a9536312B08)
[2m2025-12-10T10:10:42.885798Z[0m [34mDEBUG[0m [2methereum_transaction_pool_monitor::mempool_monitor[0m[2m:[0m 📨 Processing new pending transaction: 0xf5762fedc895f3ed0e1a74b780e2ff79639f3ebfc5d6c806b71c6accc7b34ea8
[2m2025-12-10T10:10:42.885804Z[0m [34mDEBUG[0m [2methereum_transaction_pool_monitor::mempool_monitor[0m[2m:[0m 🔍 Fetching transaction details for: 0xf5762fedc895f3ed0e1a74b780e2ff79639f3ebfc5d6c806b71c6accc7b34ea8
[2m2025-12-10T10:10:42.885811Z[0m [34mDEBUG[0m [2methereum_transaction_pool_monitor::eth_client[0m[2m:[0m 🔍 Fetching transaction details for hash: 0xf5762fedc895f3ed0e1a74b780e2ff79639f3ebfc5d6c806b71c6accc7b34ea8
[2m2025-12-10T10:10:42.885828Z[0m [34mDEBUG[0m [2mhyper::client::pool[0m[2m:[0m reuse idle connection for ("http", 192.168.0.14:8545)
[2m2025-12-10T10:10:42.885867Z[0m [34mDEBUG[0m [2mhyper::proto::h1::io[0m[2m:[0m flushed 250 bytes
[2m2025-12-10T10:10:42.885887Z[0m [34mDEBUG[0m [2methereum_transaction_pool_monitor::eth_client[0m[2m:[0m 📨 Received WebSocket message: {"jsonrpc":"2.0","method":"eth_subscription","params":{"subscription":"0xbed0a0851463e895960a451075a301a9","result":"0x04eefc1d18a63e612ce4831cf6799312380f49cba40e7372252e2f2a9905500d"}}
[2m2025-12-10T10:10:42.885896Z[0m [34mDEBUG[0m [2methereum_transaction_pool_monitor::eth_client[0m[2m:[0m 📨 Received pending transaction: 0x04eefc1d18a63e612ce4831cf6799312380f49cba40e7372252e2f2a9905500d
[2m2025-12-10T10:10:42.890821Z[0m [34mDEBUG[0m [2mhyper::proto::h1::io[0m[2m:[0m parsed 4 headers
[2m2025-12-10T10:10:42.890826Z[0m [34mDEBUG[0m [2mhyper::proto::h1::conn[0m[2m:[0m incoming body is content-length (1030 bytes)
[2m2025-12-10T10:10:42.890833Z[0m [34mDEBUG[0m [2mhyper::proto::h1::conn[0m[2m:[0m incoming body completed
[2m2025-12-10T10:10:42.890841Z[0m [34mDEBUG[0m [2mhyper::client::pool[0m[2m:[0m pooling idle connection for ("http", 192.168.0.14:8545)
[2m2025-12-10T10:10:42.890848Z[0m [34mDEBUG[0m [2methereum_transaction_pool_monitor::eth_client[0m[2m:[0m 📡 Transaction fetch RPC completed in 5.032708ms
[2m2025-12-10T10:10:42.962065Z[0m [34mDEBUG[0m [2methereum_transaction_pool_monitor::eth_client[0m[2m:[0m ✅ Transaction 0xf5762fedc895f3ed0e1a74b780e2ff79639f3ebfc5d6c806b71c6accc7b34ea8 fetched and parsed in 76.247375ms
[2m2025-12-10T10:10:42.962094Z[0m [34mDEBUG[0m [2methereum_transaction_pool_monitor::mempool_monitor[0m[2m:[0m 🔍 Skipping tx 0xf5762fedc895f3ed0e1a74b780e2ff79639f3ebfc5d6c806b71c6accc7b34ea8 - not a DEX interaction (target: 0xC03f31fD86a9077785b7bCf6598Ce3598Fa91113)
[2m2025-12-10T10:10:42.962105Z[0m [34mDEBUG[0m [2methereum_transaction_pool_monitor::mempool_monitor[0m[2m:[0m 📨 Processing new pending transaction: 0x9ce233e6a531c80b3955d529faf258fe08a9f65ef74f1b54a1b4a31cdc488891
[2m2025-12-10T10:10:42.962117Z[0m [34mDEBUG[0m [2methereum_transaction_pool_monitor::mempool_monitor[0m[2m:[0m 🔍 Fetching transaction details for: 0x9ce233e6a531c80b3955d529faf258fe08a9f65ef74f1b54a1b4a31cdc488891
[2m2025-12-10T10:10:42.962127Z[0m [34mDEBUG[0m [2methereum_transaction_pool_monitor::eth_client[0m[2m:[0m 🔍 Fetching transaction details for hash: 0x9ce233e6a531c80b3955d529faf258fe08a9f65ef74f1b54a1b4a31cdc488891
[2m2025-12-10T10:10:42.962149Z[0m [34mDEBUG[0m [2mhyper::client::pool[0m[2m:[0m reuse idle connection for ("http", 192.168.0.14:8545)
[2m2025-12-10T10:10:42.962176Z[0m [34mDEBUG[0m [2mhyper::proto::h1::io[0m[2m:[0m flushed 250 bytes
[2m2025-12-10T10:10:42.962199Z[0m [34mDEBUG[0m [2mhyper::client::pool[0m[2m:[0m reuse idle connection for ("http", 192.168.0.14:8545)
[2m2025-12-10T10:10:42.962212Z[0m [34mDEBUG[0m [2methereum_transaction_pool_monitor::eth_client[0m[2m:[0m 📨 Received WebSocket message: {"jsonrpc":"2.0","method":"eth_subscription","params":{"subscription":"0xbed0a0851463e895960a451075a301a9","result":"0x86cfc3beed212f53b3b3d4523f103ee21573c43bd5b9d39aaaded81b98df2fdd"}}
[2m2025-12-10T10:10:42.962214Z[0m [34mDEBUG[0m [2mhyper::proto::h1::io[0m[2m:[0m flushed 172 bytes
[2m2025-12-10T10:10:42.962225Z[0m [34mDEBUG[0m [2methereum_transaction_pool_monitor::eth_client[0m[2m:[0m 📨 Received pending transaction: 0x86cfc3beed212f53b3b3d4523f103ee21573c43bd5b9d39aaaded81b98df2fdd
[2m2025-12-10T10:10:42.962241Z[0m [34mDEBUG[0m [2methereum_transaction_pool_monitor::eth_client[0m[2m:[0m 📨 Received WebSocket message: {"jsonrpc":"2.0","method":"eth_subscription","params":{"subscription":"0xbed0a0851463e895960a451075a301a9","result":"0x80643c8ec0d5c9333a2005fd0f13d2530a431e09de854bc2a1bbe5c65617c0d4"}}
[2m2025-12-10T10:10:42.962278Z[0m [34mDEBUG[0m [2methereum_transaction_pool_monitor::eth_client[0m[2m:[0m 📨 Received pending transaction: 0x80643c8ec0d5c9333a2005fd0f13d2530a431e09de854bc2a1bbe5c65617c0d4
[2m2025-12-10T10:10:42.966211Z[0m [34mDEBUG[0m [2mhyper::proto::h1::io[0m[2m:[0m parsed 4 headers
[2m2025-12-10T10:10:42.966217Z[0m [34mDEBUG[0m [2mhyper::proto::h1::conn[0m[2m:[0m incoming body is content-length (45 bytes)
[2m2025-12-10T10:10:42.966224Z[0m [34mDEBUG[0m [2mhyper::proto::h1::conn[0m[2m:[0m incoming body completed
[2m2025-12-10T10:10:42.966232Z[0m [34mDEBUG[0m [2mhyper::client::pool[0m[2m:[0m pooling idle connection for ("http", 192.168.0.14:8545)
[2m2025-12-10T10:10:42.966599Z[0m [34mDEBUG[0m [2mhyper::proto::h1::io[0m[2m:[0m parsed 4 headers
[2m2025-12-10T10:10:42.966607Z[0m [34mDEBUG[0m [2mhyper::proto::h1::conn[0m[2m:[0m incoming body is content-length (1030 bytes)
[2m2025-12-10T10:10:42.966614Z[0m [34mDEBUG[0m [2mhyper::proto::h1::conn[0m[2m:[0m incoming body completed
[2m2025-12-10T10:10:42.966619Z[0m [34mDEBUG[0m [2mhyper::client::pool[0m[2m:[0m pooling idle connection for ("http", 192.168.0.14:8545)
[2m2025-12-10T10:10:42.966624Z[0m [34mDEBUG[0m [2methereum_transaction_pool_monitor::eth_client[0m[2m:[0m 📡 Transaction fetch RPC completed in 4.487458ms
[2m2025-12-10T10:10:43.037350Z[0m [34mDEBUG[0m [2methereum_transaction_pool_monitor::eth_client[0m[2m:[0m ✅ Transaction 0x9ce233e6a531c80b3955d529faf258fe08a9f65ef74f1b54a1b4a31cdc488891 fetched and parsed in 75.210875ms
[2m2025-12-10T10:10:43.037377Z[0m [34mDEBUG[0m [2methereum_transaction_pool_monitor::mempool_monitor[0m[2m:[0m 🔍 Skipping tx 0x9ce233e6a531c80b3955d529faf258fe08a9f65ef74f1b54a1b4a31cdc488891 - not a DEX interaction (target: 0xC03f31fD86a9077785b7bCf6598Ce3598Fa91113)
[2m2025-12-10T10:10:43.037388Z[0m [34mDEBUG[0m [2methereum_transaction_pool_monitor::mempool_monitor[0m[2m:[0m 📨 Processing new pending transaction: 0xa908dcdbe84b02aae76b891691afad27d7a77d19416b9cdf561027374cdf4f6c
[2m2025-12-10T10:10:43.037402Z[0m [34mDEBUG[0m [2methereum_transaction_pool_monitor::mempool_monitor[0m[2m:[0m 🔍 Fetching transaction details for: 0xa908dcdbe84b02aae76b891691afad27d7a77d19416b9cdf561027374cdf4f6c
[2m2025-12-10T10:10:43.037411Z[0m [34mDEBUG[0m [2methereum_transaction_pool_monitor::eth_client[0m[2m:[0m 🔍 Fetching transaction details for hash: 0xa908dcdbe84b02aae76b891691afad27d7a77d19416b9cdf561027374cdf4f6c
[2m2025-12-10T10:10:43.037435Z[0m [34mDEBUG[0m [2mhyper::client::pool[0m[2m:[0m reuse idle connection for ("http", 192.168.0.14:8545)
[2m2025-12-10T10:10:43.037469Z[0m [34mDEBUG[0m [2mhyper::proto::h1::io[0m[2m:[0m flushed 250 bytes
[2m2025-12-10T10:10:43.037488Z[0m [34mDEBUG[0m [2mhyper::client::pool[0m[2m:[0m reuse idle connection for ("http", 192.168.0.14:8545)
[2m2025-12-10T10:10:43.037499Z[0m [34mDEBUG[0m [2methereum_transaction_pool_monitor::eth_client[0m[2m:[0m 📨 Received WebSocket message: {"jsonrpc":"2.0","method":"eth_subscription","params":{"subscription":"0xbed0a0851463e895960a451075a301a9","result":"0x75f329c4fc0c89fa8ccdf8ec77844d9e81436c3024722daeac83bf92d0f8182d"}}
[2m2025-12-10T10:10:43.037502Z[0m [34mDEBUG[0m [2mhyper::proto::h1::io[0m[2m:[0m flushed 172 bytes
[2m2025-12-10T10:10:43.037512Z[0m [34mDEBUG[0m [2methereum_transaction_pool_monitor::eth_client[0m[2m:[0m 📨 Received pending transaction: 0x75f329c4fc0c89fa8ccdf8ec77844d9e81436c3024722daeac83bf92d0f8182d
[2m2025-12-10T10:10:43.037526Z[0m [34mDEBUG[0m [2methereum_transaction_pool_monitor::eth_client[0m[2m:[0m 📨 Received WebSocket message: {"jsonrpc":"2.0","method":"eth_subscription","params":{"subscription":"0xbed0a0851463e895960a451075a301a9","result":"0xb9dfbe2786dec83089e7c0a475654f049b2d0b0c30dcf363d1440ed2550520da"}}
[2m2025-12-10T10:10:43.037533Z[0m [34mDEBUG[0m [2methereum_transaction_pool_monitor::eth_client[0m[2m:[0m 📨 Received pending transaction: 0xb9dfbe2786dec83089e7c0a475654f049b2d0b0c30dcf363d1440ed2550520da
[2m2025-12-10T10:10:43.042567Z[0m [34mDEBUG[0m [2mhyper::proto::h1::io[0m[2m:[0m parsed 4 headers
[2m2025-12-10T10:10:43.042589Z[0m [34mDEBUG[0m [2mhyper::proto::h1::conn[0m[2m:[0m incoming body is content-length (1030 bytes)
[2m2025-12-10T10:10:43.042614Z[0m [34mDEBUG[0m [2mhyper::proto::h1::conn[0m[2m:[0m incoming body completed
[2m2025-12-10T10:10:43.042631Z[0m [34mDEBUG[0m [2mhyper::client::pool[0m[2m:[0m pooling idle connection for ("http", 192.168.0.14:8545)
[2m2025-12-10T10:10:43.042651Z[0m [34mDEBUG[0m [2methereum_transaction_pool_monitor::eth_client[0m[2m:[0m 📡 Transaction fetch RPC completed in 5.229333ms
[2m2025-12-10T10:10:43.113981Z[0m [34mDEBUG[0m [2methereum_transaction_pool_monitor::eth_client[0m[2m:[0m ✅ Transaction 0xa908dcdbe84b02aae76b891691afad27d7a77d19416b9cdf561027374cdf4f6c fetched and parsed in 76.557917ms
[2m2025-12-10T10:10:43.114007Z[0m [34mDEBUG[0m [2methereum_transaction_pool_monitor::mempool_monitor[0m[2m:[0m 🔍 Skipping tx 0xa908dcdbe84b02aae76b891691afad27d7a77d19416b9cdf561027374cdf4f6c - not a DEX interaction (target: 0xC03f31fD86a9077785b7bCf6598Ce3598Fa91113)
[2m2025-12-10T10:10:43.114017Z[0m [34mDEBUG[0m [2methereum_transaction_pool_monitor::mempool_monitor[0m[2m:[0m 📨 Processing new pending transaction: 0x04eefc1d18a63e612ce4831cf6799312380f49cba40e7372252e2f2a9905500d
[2m2025-12-10T10:10:43.114024Z[0m [34mDEBUG[0m [2methereum_transaction_pool_monitor::mempool_monitor[0m[2m:[0m 🔍 Fetching transaction details for: 0x04eefc1d18a63e612ce4831cf6799312380f49cba40e7372252e2f2a9905500d
[2m2025-12-10T10:10:43.114030Z[0m [34mDEBUG[0m [2methereum_transaction_pool_monitor::eth_client[0m[2m:[0m 🔍 Fetching transaction details for hash: 0x04eefc1d18a63e612ce4831cf6799312380f49cba40e7372252e2f2a9905500d
[2m2025-12-10T10:10:43.114050Z[0m [34mDEBUG[0m [2mhyper::client::pool[0m[2m:[0m reuse idle connection for ("http", 192.168.0.14:8545)
[2m2025-12-10T10:10:43.114084Z[0m [34mDEBUG[0m [2mhyper::proto::h1::io[0m[2m:[0m flushed 250 bytes
[2m2025-12-10T10:10:43.114106Z[0m [34mDEBUG[0m [2methereum_transaction_pool_monitor::eth_client[0m[2m:[0m 📨 Received WebSocket message: {"jsonrpc":"2.0","method":"eth_subscription","params":{"subscription":"0xbed0a0851463e895960a451075a301a9","result":"0x191865725b1542266f95248f4f71b1dbde7f660ab7b42b3ab7271ea35c51232e"}}
[2m2025-12-10T10:10:43.114110Z[0m [34mDEBUG[0m [2mhyper::proto::h1::io[0m[2m:[0m parsed 4 headers
[2m2025-12-10T10:10:43.114117Z[0m [34mDEBUG[0m [2methereum_transaction_pool_monitor::eth_client[0m[2m:[0m 📨 Received pending transaction: 0x191865725b1542266f95248f4f71b1dbde7f660ab7b42b3ab7271ea35c51232e
[2m2025-12-10T10:10:43.114122Z[0m [34mDEBUG[0m [2mhyper::proto::h1::conn[0m[2m:[0m incoming body is content-length (45 bytes)
[2m2025-12-10T10:10:43.114131Z[0m [34mDEBUG[0m [2mhyper::proto::h1::conn[0m[2m:[0m incoming body completed
[2m2025-12-10T10:10:43.114140Z[0m [34mDEBUG[0m [2mhyper::client::pool[0m[2m:[0m pooling idle connection for ("http", 192.168.0.14:8545)
[2m2025-12-10T10:10:43.114153Z[0m [34mDEBUG[0m [2mhyper::client::pool[0m[2m:[0m reuse idle connection for ("http", 192.168.0.14:8545)
[2m2025-12-10T10:10:43.114167Z[0m [34mDEBUG[0m [2mhyper::proto::h1::io[0m[2m:[0m flushed 172 bytes
[2m2025-12-10T10:10:43.121854Z[0m [34mDEBUG[0m [2mhyper::proto::h1::io[0m[2m:[0m parsed 4 headers
[2m2025-12-10T10:10:43.121859Z[0m [34mDEBUG[0m [2mhyper::proto::h1::conn[0m[2m:[0m incoming body is content-length (45 bytes)
[2m2025-12-10T10:10:43.121864Z[0m [34mDEBUG[0m [2mhyper::proto::h1::conn[0m[2m:[0m incoming body completed
[2m2025-12-10T10:10:43.121870Z[0m [34mDEBUG[0m [2mhyper::client::pool[0m[2m:[0m pooling idle connection for ("http", 192.168.0.14:8545)
[2m2025-12-10T10:10:43.121882Z[0m [34mDEBUG[0m [2mhyper::proto::h1::io[0m[2m:[0m parsed 4 headers
[2m2025-12-10T10:10:43.121888Z[0m [34mDEBUG[0m [2mhyper::proto::h1::conn[0m[2m:[0m incoming body is content-length (646 bytes)
[2m2025-12-10T10:10:43.121895Z[0m [34mDEBUG[0m [2mhyper::proto::h1::conn[0m[2m:[0m incoming body completed
[2m2025-12-10T10:10:43.121901Z[0m [34mDEBUG[0m [2mhyper::client::pool[0m[2m:[0m pooling idle connection for ("http", 192.168.0.14:8545)
[2m2025-12-10T10:10:43.121908Z[0m [34mDEBUG[0m [2methereum_transaction_pool_monitor::eth_client[0m[2m:[0m 📡 Transaction fetch RPC completed in 7.872917ms
[2m2025-12-10T10:10:43.192904Z[0m [34mDEBUG[0m [2methereum_transaction_pool_monitor::eth_client[0m[2m:[0m ✅ Transaction 0x04eefc1d18a63e612ce4831cf6799312380f49cba40e7372252e2f2a9905500d fetched and parsed in 78.866958ms
[2m2025-12-10T10:10:43.192932Z[0m [34mDEBUG[0m [2methereum_transaction_pool_monitor::mempool_monitor[0m[2m:[0m 🔍 Skipping tx 0x04eefc1d18a63e612ce4831cf6799312380f49cba40e7372252e2f2a9905500d - not a DEX interaction (target: 0xBcd28eb74feeE8E917C610067957C9BcC52AB30f)
[2m2025-12-10T10:10:43.192950Z[0m [34mDEBUG[0m [2methereum_transaction_pool_monitor::mempool_monitor[0m[2m:[0m 📨 Processing new pending transaction: 0x86cfc3beed212f53b3b3d4523f103ee21573c43bd5b9d39aaaded81b98df2fdd
[2m2025-12-10T10:10:43.192959Z[0m [34mDEBUG[0m [2methereum_transaction_pool_monitor::mempool_monitor[0m[2m:[0m 🔍 Fetching transaction details for: 0x86cfc3beed212f53b3b3d4523f103ee21573c43bd5b9d39aaaded81b98df2fdd
[2m2025-12-10T10:10:43.192966Z[0m [34mDEBUG[0m [2methereum_transaction_pool_monitor::eth_client[0m[2m:[0m 🔍 Fetching transaction details for hash: 0x86cfc3beed212f53b3b3d4523f103ee21573c43bd5b9d39aaaded81b98df2fdd
[2m2025-12-10T10:10:43.192986Z[0m [34mDEBUG[0m [2mhyper::client::pool[0m[2m:[0m reuse idle connection for ("http", 192.168.0.14:8545)
[2m2025-12-10T10:10:43.193016Z[0m [34mDEBUG[0m [2mhyper::proto::h1::io[0m[2m:[0m flushed 250 bytes
[2m2025-12-10T10:10:43.193041Z[0m [34mDEBUG[0m [2methereum_transaction_pool_monitor::eth_client[0m[2m:[0m 📨 Received WebSocket message: {"jsonrpc":"2.0","method":"eth_subscription","params":{"subscription":"0xbed0a0851463e895960a451075a301a9","result":"0xd53bed6939eb440cb7fd071a6665e283eeb6d1c8e5a04b76c011f2e2bfffac06"}}
[2m2025-12-10T10:10:43.193052Z[0m [34mDEBUG[0m [2methereum_transaction_pool_monitor::eth_client[0m[2m:[0m 📨 Received pending transaction: 0xd53bed6939eb440cb7fd071a6665e283eeb6d1c8e5a04b76c011f2e2bfffac06
[2m2025-12-10T10:10:43.198099Z[0m [34mDEBUG[0m [2mhyper::client::pool[0m[2m:[0m reuse idle connection for ("http", 192.168.0.14:8545)
[2m2025-12-10T10:10:43.198155Z[0m [34mDEBUG[0m [2mhyper::proto::h1::io[0m[2m:[0m flushed 172 bytes
[2m2025-12-10T10:10:43.220095Z[0m [34mDEBUG[0m [2mhyper::proto::h1::io[0m[2m:[0m parsed 4 headers
[2m2025-12-10T10:10:43.220101Z[0m [34mDEBUG[0m [2mhyper::proto::h1::conn[0m[2m:[0m incoming body is content-length (45 bytes)
[2m2025-12-10T10:10:43.220109Z[0m [34mDEBUG[0m [2mhyper::proto::h1::conn[0m[2m:[0m incoming body completed
[2m2025-12-10T10:10:43.220118Z[0m [34mDEBUG[0m [2mhyper::client::pool[0m[2m:[0m pooling idle connection for ("http", 192.168.0.14:8545)
[2m2025-12-10T10:10:43.220136Z[0m [34mDEBUG[0m [2mhyper::proto::h1::io[0m[2m:[0m parsed 4 headers
[2m2025-12-10T10:10:43.220143Z[0m [34mDEBUG[0m [2mhyper::proto::h1::conn[0m[2m:[0m incoming body is content-length (777 bytes)
[2m2025-12-10T10:10:43.220150Z[0m [34mDEBUG[0m [2mhyper::proto::h1::conn[0m[2m:[0m incoming body completed
[2m2025-12-10T10:10:43.220155Z[0m [34mDEBUG[0m [2mhyper::client::pool[0m[2m:[0m pooling idle connection for ("http", 192.168.0.14:8545)
[2m2025-12-10T10:10:43.220160Z[0m [34mDEBUG[0m [2methereum_transaction_pool_monitor::eth_client[0m[2m:[0m 📡 Transaction fetch RPC completed in 27.186042ms
[2m2025-12-10T10:10:43.291477Z[0m [34mDEBUG[0m [2methereum_transaction_pool_monitor::eth_client[0m[2m:[0m ✅ Transaction 0x86cfc3beed212f53b3b3d4523f103ee21573c43bd5b9d39aaaded81b98df2fdd fetched and parsed in 98.5005ms
[2m2025-12-10T10:10:43.291503Z[0m [34mDEBUG[0m [2methereum_transaction_pool_monitor::mempool_monitor[0m[2m:[0m 🔍 Skipping tx 0x86cfc3beed212f53b3b3d4523f103ee21573c43bd5b9d39aaaded81b98df2fdd - not a DEX interaction (target: 0x163f8C2467924be0ae7B5347228CABF260318753)
[2m2025-12-10T10:10:43.291513Z[0m [34mDEBUG[0m [2methereum_transaction_pool_monitor::mempool_monitor[0m[2m:[0m 📨 Processing new pending transaction: 0x80643c8ec0d5c9333a2005fd0f13d2530a431e09de854bc2a1bbe5c65617c0d4
[2m2025-12-10T10:10:43.291519Z[0m [34mDEBUG[0m [2methereum_transaction_pool_monitor::mempool_monitor[0m[2m:[0m 🔍 Fetching transaction details for: 0x80643c8ec0d5c9333a2005fd0f13d2530a431e09de854bc2a1bbe5c65617c0d4
[2m2025-12-10T10:10:43.291526Z[0m [34mDEBUG[0m [2methereum_transaction_pool_monitor::eth_client[0m[2m:[0m 🔍 Fetching transaction details for hash: 0x80643c8ec0d5c9333a2005fd0f13d2530a431e09de854bc2a1bbe5c65617c0d4
[2m2025-12-10T10:10:43.291543Z[0m [34mDEBUG[0m [2mhyper::client::pool[0m[2m:[0m reuse idle connection for ("http", 192.168.0.14:8545)
[2m2025-12-10T10:10:43.291575Z[0m [34mDEBUG[0m [2mhyper::proto::h1::io[0m[2m:[0m flushed 250 bytes
[2m2025-12-10T10:10:43.291595Z[0m [34mDEBUG[0m [2methereum_transaction_pool_monitor::eth_client[0m[2m:[0m 📨 Received WebSocket message: {"jsonrpc":"2.0","method":"eth_subscription","params":{"subscription":"0xbed0a0851463e895960a451075a301a9","result":"0x2a50eaf336fd6ae14bd0b4c20952ace781c72ef06dbcdf1f143288b068f672fc"}}
[2m2025-12-10T10:10:43.291604Z[0m [34mDEBUG[0m [2methereum_transaction_pool_monitor::eth_client[0m[2m:[0m 📨 Received pending transaction: 0x2a50eaf336fd6ae14bd0b4c20952ace781c72ef06dbcdf1f143288b068f672fc
[2m2025-12-10T10:10:43.291612Z[0m [34mDEBUG[0m [2methereum_transaction_pool_monitor::eth_client[0m[2m:[0m 📨 Received WebSocket message: {"jsonrpc":"2.0","method":"eth_subscription","params":{"subscription":"0xbed0a0851463e895960a451075a301a9","result":"0x4b4681375f7e7190f7c4be9261ee278d2a0d671327b9fba16b60c1b75315aea7"}}
[2m2025-12-10T10:10:43.291619Z[0m [34mDEBUG[0m [2methereum_transaction_pool_monitor::eth_client[0m[2m:[0m 📨 Received pending transaction: 0x4b4681375f7e7190f7c4be9261ee278d2a0d671327b9fba16b60c1b75315aea7
[2m2025-12-10T10:10:43.297915Z[0m [34mDEBUG[0m [2mhyper::client::pool[0m[2m:[0m reuse idle connection for ("http", 192.168.0.14:8545)
[2m2025-12-10T10:10:43.297972Z[0m [34mDEBUG[0m [2mhyper::proto::h1::io[0m[2m:[0m flushed 172 bytes
[2m2025-12-10T10:10:43.301536Z[0m [34mDEBUG[0m [2mhyper::proto::h1::io[0m[2m:[0m parsed 4 headers
[2m2025-12-10T10:10:43.301543Z[0m [34mDEBUG[0m [2mhyper::proto::h1::conn[0m[2m:[0m incoming body is content-length (45 bytes)
[2m2025-12-10T10:10:43.301551Z[0m [34mDEBUG[0m [2mhyper::proto::h1::conn[0m[2m:[0m incoming body completed
[2m2025-12-10T10:10:43.301559Z[0m [34mDEBUG[0m [2mhyper::client::pool[0m[2m:[0m pooling idle connection for ("http", 192.168.0.14:8545)
[2m2025-12-10T10:10:43.309723Z[0m [34mDEBUG[0m [2mhyper::proto::h1::io[0m[2m:[0m parsed 4 headers
[2m2025-12-10T10:10:43.309745Z[0m [34mDEBUG[0m [2mhyper::proto::h1::conn[0m[2m:[0m incoming body is content-length (830 bytes)
[2m2025-12-10T10:10:43.309763Z[0m [34mDEBUG[0m [2mhyper::proto::h1::conn[0m[2m:[0m incoming body completed
[2m2025-12-10T10:10:43.309790Z[0m [34mDEBUG[0m [2mhyper::client::pool[0m[2m:[0m pooling idle connection for ("http", 192.168.0.14:8545)
[2m2025-12-10T10:10:43.309794Z[0m [34mDEBUG[0m [2methereum_transaction_pool_monitor::eth_client[0m[2m:[0m 📡 Transaction fetch RPC completed in 18.263875ms
[2m2025-12-10T10:10:43.381540Z[0m [34mDEBUG[0m [2methereum_transaction_pool_monitor::eth_client[0m[2m:[0m ✅ Transaction 0x80643c8ec0d5c9333a2005fd0f13d2530a431e09de854bc2a1bbe5c65617c0d4 fetched and parsed in 90.00775ms
[2m2025-12-10T10:10:43.381568Z[0m [34mDEBUG[0m [2methereum_transaction_pool_monitor::mempool_monitor[0m[2m:[0m 🔍 Skipping tx 0x80643c8ec0d5c9333a2005fd0f13d2530a431e09de854bc2a1bbe5c65617c0d4 - not a DEX interaction (target: 0x3B4D794a66304F130a4Db8F2551B0070dfCf5ca7)
[2m2025-12-10T10:10:43.381579Z[0m [34mDEBUG[0m [2methereum_transaction_pool_monitor::mempool_monitor[0m[2m:[0m 📨 Processing new pending transaction: 0x75f329c4fc0c89fa8ccdf8ec77844d9e81436c3024722daeac83bf92d0f8182d
[2m2025-12-10T10:10:43.381587Z[0m [34mDEBUG[0m [2methereum_transaction_pool_monitor::mempool_monitor[0m[2m:[0m 🔍 Fetching transaction details for: 0x75f329c4fc0c89fa8ccdf8ec77844d9e81436c3024722daeac83bf92d0f8182d
[2m2025-12-10T10:10:43.381595Z[0m [34mDEBUG[0m [2methereum_transaction_pool_monitor::eth_client[0m[2m:[0m 🔍 Fetching transaction details for hash: 0x75f329c4fc0c89fa8ccdf8ec77844d9e81436c3024722daeac83bf92d0f8182d
[2m2025-12-10T10:10:43.381614Z[0m [34mDEBUG[0m [2mhyper::client::pool[0m[2m:[0m reuse idle connection for ("http", 192.168.0.14:8545)
[2m2025-12-10T10:10:43.381649Z[0m [34mDEBUG[0m [2mhyper::proto::h1::io[0m[2m:[0m flushed 250 bytes
[2m2025-12-10T10:10:43.381668Z[0m [34mDEBUG[0m [2methereum_transaction_pool_monitor::eth_client[0m[2m:[0m 📨 Received WebSocket message: {"jsonrpc":"2.0","method":"eth_subscription","params":{"subscription":"0xbed0a0851463e895960a451075a301a9","result":"0x90fe6cd9a6f2605cdcb40c11d0471e7580d368b1039f325809240c737495a0aa"}}
[2m2025-12-10T10:10:43.381678Z[0m [34mDEBUG[0m [2methereum_transaction_pool_monitor::eth_client[0m[2m:[0m 📨 Received pending transaction: 0x90fe6cd9a6f2605cdcb40c11d0471e7580d368b1039f325809240c737495a0aa
[2m2025-12-10T10:10:43.381684Z[0m [34mDEBUG[0m [2methereum_transaction_pool_monitor::eth_client[0m[2m:[0m 📨 Received WebSocket message: {"jsonrpc":"2.0","method":"eth_subscription","params":{"subscription":"0xbed0a0851463e895960a451075a301a9","result":"0xc326b0bf9f9a38a463b7fe1960e1f6e954b6179053bdd06eb7792ef324dce0e4"}}
[2m2025-12-10T10:10:43.381692Z[0m [34mDEBUG[0m [2methereum_transaction_pool_monitor::eth_client[0m[2m:[0m 📨 Received pending transaction: 0xc326b0bf9f9a38a463b7fe1960e1f6e954b6179053bdd06eb7792ef324dce0e4
[2m2025-12-10T10:10:43.381699Z[0m [34mDEBUG[0m [2methereum_transaction_pool_monitor::eth_client[0m[2m:[0m 📨 Received WebSocket message: {"jsonrpc":"2.0","method":"eth_subscription","params":{"subscription":"0xbed0a0851463e895960a451075a301a9","result":"0x8d54ff49457aca9cd789cfa561aacd9a0949bc55f17c4db031cd80a1544de875"}}
[2m2025-12-10T10:10:43.381705Z[0m [34mDEBUG[0m [2methereum_transaction_pool_monitor::eth_client[0m[2m:[0m 📨 Received pending transaction: 0x8d54ff49457aca9cd789cfa561aacd9a0949bc55f17c4db031cd80a1544de875
[2m2025-12-10T10:10:43.381711Z[0m [34mDEBUG[0m [2methereum_transaction_pool_monitor::eth_client[0m[2m:[0m 📨 Received WebSocket message: {"jsonrpc":"2.0","method":"eth_subscription","params":{"subscription":"0xbed0a0851463e895960a451075a301a9","result":"0x07d8945d7dabbc9b335f2c4a2d73e7a2b25947e10c6b8feaf752488c7788030e"}}
[2m2025-12-10T10:10:43.381716Z[0m [34mDEBUG[0m [2methereum_transaction_pool_monitor::eth_client[0m[2m:[0m 📨 Received pending transaction: 0x07d8945d7dabbc9b335f2c4a2d73e7a2b25947e10c6b8feaf752488c7788030e
[2m2025-12-10T10:10:43.382507Z[0m [34mDEBUG[0m [2methereum_transaction_pool_monitor::eth_client[0m[2m:[0m 📨 Received WebSocket message: {"jsonrpc":"2.0","method":"eth_subscription","params":{"subscription":"0xbed0a0851463e895960a451075a301a9","result":"0xb97cd5c088aa36c0d2d61c95bf35ea38cd838082893831c7d575df9a092000c1"}}
[2m2025-12-10T10:10:43.385442Z[0m [34mDEBUG[0m [2methereum_transaction_pool_monitor::eth_client[0m[2m:[0m 📨 Received pending transaction: 0xb97cd5c088aa36c0d2d61c95bf35ea38cd838082893831c7d575df9a092000c1
[2m2025-12-10T10:10:43.389000Z[0m [34mDEBUG[0m [2mhyper::proto::h1::io[0m[2m:[0m parsed 4 headers
[2m2025-12-10T10:10:43.389006Z[0m [34mDEBUG[0m [2mhyper::proto::h1::conn[0m[2m:[0m incoming body is content-length (830 bytes)
[2m2025-12-10T10:10:43.389014Z[0m [34mDEBUG[0m [2mhyper::proto::h1::conn[0m[2m:[0m incoming body completed
[2m2025-12-10T10:10:43.389023Z[0m [34mDEBUG[0m [2mhyper::client::pool[0m[2m:[0m pooling idle connection for ("http", 192.168.0.14:8545)
[2m2025-12-10T10:10:43.389030Z[0m [34mDEBUG[0m [2methereum_transaction_pool_monitor::eth_client[0m[2m:[0m 📡 Transaction fetch RPC completed in 7.430708ms
[2m2025-12-10T10:10:43.456533Z[0m [34mDEBUG[0m [2methereum_transaction_pool_monitor::eth_client[0m[2m:[0m ✅ Transaction 0x75f329c4fc0c89fa8ccdf8ec77844d9e81436c3024722daeac83bf92d0f8182d fetched and parsed in 74.932333ms
[2m2025-12-10T10:10:43.456559Z[0m [34mDEBUG[0m [2methereum_transaction_pool_monitor::mempool_monitor[0m[2m:[0m 🔍 Skipping tx 0x75f329c4fc0c89fa8ccdf8ec77844d9e81436c3024722daeac83bf92d0f8182d - not a DEX interaction (target: 0x3B4D794a66304F130a4Db8F2551B0070dfCf5ca7)
[2m2025-12-10T10:10:43.456572Z[0m [34mDEBUG[0m [2methereum_transaction_pool_monitor::mempool_monitor[0m[2m:[0m 📨 Processing new pending transaction: 0xb9dfbe2786dec83089e7c0a475654f049b2d0b0c30dcf363d1440ed2550520da
[2m2025-12-10T10:10:43.456579Z[0m [34mDEBUG[0m [2methereum_transaction_pool_monitor::mempool_monitor[0m[2m:[0m 🔍 Fetching transaction details for: 0xb9dfbe2786dec83089e7c0a475654f049b2d0b0c30dcf363d1440ed2550520da
[2m2025-12-10T10:10:43.456586Z[0m [34mDEBUG[0m [2methereum_transaction_pool_monitor::eth_client[0m[2m:[0m 🔍 Fetching transaction details for hash: 0xb9dfbe2786dec83089e7c0a475654f049b2d0b0c30dcf363d1440ed2550520da
[2m2025-12-10T10:10:43.456605Z[0m [34mDEBUG[0m [2mhyper::client::pool[0m[2m:[0m reuse idle connection for ("http", 192.168.0.14:8545)
[2m2025-12-10T10:10:43.456646Z[0m [34mDEBUG[0m [2mhyper::proto::h1::io[0m[2m:[0m flushed 250 bytes
[2m2025-12-10T10:10:43.456665Z[0m [34mDEBUG[0m [2mhyper::client::pool[0m[2m:[0m reuse idle connection for ("http", 192.168.0.14:8545)
[2m2025-12-10T10:10:43.456682Z[0m [34mDEBUG[0m [2mhyper::proto::h1::io[0m[2m:[0m flushed 172 bytes
[2m2025-12-10T10:10:43.456721Z[0m [34mDEBUG[0m [2methereum_transaction_pool_monitor::eth_client[0m[2m:[0m 📨 Received WebSocket message: {"jsonrpc":"2.0","method":"eth_subscription","params":{"subscription":"0xbed0a0851463e895960a451075a301a9","result":"0x124f6a6d837e00b9683e6dd3bb5e058a608c35c4da0a723f75bc9820e6576069"}}
[2m2025-12-10T10:10:43.456731Z[0m [34mDEBUG[0m [2methereum_transaction_pool_monitor::eth_client[0m[2m:[0m 📨 Received pending transaction: 0x124f6a6d837e00b9683e6dd3bb5e058a608c35c4da0a723f75bc9820e6576069
[2m2025-12-10T10:10:43.457313Z[0m [34mDEBUG[0m [2methereum_transaction_pool_monitor::eth_client[0m[2m:[0m 📨 Received WebSocket message: {"jsonrpc":"2.0","method":"eth_subscription","params":{"subscription":"0xbed0a0851463e895960a451075a301a9","result":"0x805fece67bb89efb14fe33fe02ff0f18369e7a9138edeeb959eec50040e1c8eb"}}
[2m2025-12-10T10:10:43.457321Z[0m [34mDEBUG[0m [2methereum_transaction_pool_monitor::eth_client[0m[2m:[0m 📨 Received pending transaction: 0x805fece67bb89efb14fe33fe02ff0f18369e7a9138edeeb959eec50040e1c8eb
[2m2025-12-10T10:10:43.464162Z[0m [34mDEBUG[0m [2mhyper::proto::h1::io[0m[2m:[0m parsed 4 headers
[2m2025-12-10T10:10:43.464183Z[0m [34mDEBUG[0m [2mhyper::proto::h1::conn[0m[2m:[0m incoming body is content-length (2310 bytes)
[2m2025-12-10T10:10:43.464194Z[0m [34mDEBUG[0m [2mhyper::proto::h1::conn[0m[2m:[0m incoming body completed
[2m2025-12-10T10:10:43.464205Z[0m [34mDEBUG[0m [2mhyper::client::pool[0m[2m:[0m pooling idle connection for ("http", 192.168.0.14:8545)
[2m2025-12-10T10:10:43.464216Z[0m [34mDEBUG[0m [2methereum_transaction_pool_monitor::eth_client[0m[2m:[0m 📡 Transaction fetch RPC completed in 7.626083ms
[2m2025-12-10T10:10:43.537943Z[0m [34mDEBUG[0m [2methereum_transaction_pool_monitor::eth_client[0m[2m:[0m ✅ Transaction 0xb9dfbe2786dec83089e7c0a475654f049b2d0b0c30dcf363d1440ed2550520da fetched and parsed in 81.350208ms
[2m2025-12-10T10:10:43.537976Z[0m [34mDEBUG[0m [2methereum_transaction_pool_monitor::mempool_monitor[0m[2m:[0m 🔍 Skipping tx 0xb9dfbe2786dec83089e7c0a475654f049b2d0b0c30dcf363d1440ed2550520da - not a DEX interaction (target: 0x0736bdc975aF0675B9A045384Efed91360d25479)
[2m2025-12-10T10:10:43.537987Z[0m [34mDEBUG[0m [2methereum_transaction_pool_monitor::mempool_monitor[0m[2m:[0m 📨 Processing new pending transaction: 0x191865725b1542266f95248f4f71b1dbde7f660ab7b42b3ab7271ea35c51232e
[2m2025-12-10T10:10:43.537998Z[0m [34mDEBUG[0m [2methereum_transaction_pool_monitor::mempool_monitor[0m[2m:[0m 🔍 Fetching transaction details for: 0x191865725b1542266f95248f4f71b1dbde7f660ab7b42b3ab7271ea35c51232e
[2m2025-12-10T10:10:43.538005Z[0m [34mDEBUG[0m [2methereum_transaction_pool_monitor::eth_client[0m[2m:[0m 🔍 Fetching transaction details for hash: 0x191865725b1542266f95248f4f71b1dbde7f660ab7b42b3ab7271ea35c51232e
[2m2025-12-10T10:10:43.538032Z[0m [34mDEBUG[0m [2mhyper::client::pool[0m[2m:[0m reuse idle connection for ("http", 192.168.0.14:8545)
[2m2025-12-10T10:10:43.538081Z[0m [34mDEBUG[0m [2mhyper::proto::h1::io[0m[2m:[0m flushed 250 bytes
[2m2025-12-10T10:10:43.538101Z[0m [34mDEBUG[0m [2mhyper::proto::h1::io[0m[2m:[0m parsed 4 headers
[2m2025-12-10T10:10:43.538106Z[0m [34mDEBUG[0m [2mhyper::proto::h1::conn[0m[2m:[0m incoming body is content-length (45 bytes)
[2m2025-12-10T10:10:43.538114Z[0m [34mDEBUG[0m [2mhyper::proto::h1::conn[0m[2m:[0m incoming body completed
[2m2025-12-10T10:10:43.538125Z[0m [34mDEBUG[0m [2mhyper::client::pool[0m[2m:[0m pooling idle connection for ("http", 192.168.0.14:8545)
[2m2025-12-10T10:10:43.538143Z[0m [34mDEBUG[0m [2mhyper::client::pool[0m[2m:[0m reuse idle connection for ("http", 192.168.0.14:8545)
[2m2025-12-10T10:10:43.538160Z[0m [34mDEBUG[0m [2mhyper::proto::h1::io[0m[2m:[0m flushed 172 bytes
[2m2025-12-10T10:10:43.545828Z[0m [34mDEBUG[0m [2mhyper::proto::h1::io[0m[2m:[0m parsed 4 headers
[2m2025-12-10T10:10:43.545840Z[0m [34mDEBUG[0m [2mhyper::proto::h1::conn[0m[2m:[0m incoming body is content-length (45 bytes)
[2m2025-12-10T10:10:43.545848Z[0m [34mDEBUG[0m [2mhyper::proto::h1::conn[0m[2m:[0m incoming body completed
[2m2025-12-10T10:10:43.545856Z[0m [34mDEBUG[0m [2mhyper::client::pool[0m[2m:[0m pooling idle connection for ("http", 192.168.0.14:8545)
[2m2025-12-10T10:10:43.547398Z[0m [34mDEBUG[0m [2mhyper::proto::h1::io[0m[2m:[0m parsed 4 headers
[2m2025-12-10T10:10:43.547406Z[0m [34mDEBUG[0m [2mhyper::proto::h1::conn[0m[2m:[0m incoming body is content-length (775 bytes)
[2m2025-12-10T10:10:43.547411Z[0m [34mDEBUG[0m [2mhyper::proto::h1::conn[0m[2m:[0m incoming body completed
[2m2025-12-10T10:10:43.547418Z[0m [34mDEBUG[0m [2mhyper::client::pool[0m[2m:[0m pooling idle connection for ("http", 192.168.0.14:8545)
[2m2025-12-10T10:10:43.547424Z[0m [34mDEBUG[0m [2methereum_transaction_pool_monitor::eth_client[0m[2m:[0m 📡 Transaction fetch RPC completed in 9.40825ms
[2m2025-12-10T10:10:43.547435Z[0m [34mDEBUG[0m [2methereum_transaction_pool_monitor::eth_client[0m[2m:[0m DeFi transaction detected - Address: 0xdac17f958d2ee523a2206206994597c13d831ec7, Type: Stablecoin, Value: 0 ETH, Gas: 2.86 Gwei
[2m2025-12-10T10:10:43.547447Z[0m [34mDEBUG[0m [2methereum_transaction_pool_monitor::eth_client[0m[2m:[0m ✅ Transaction 0x191865725b1542266f95248f4f71b1dbde7f660ab7b42b3ab7271ea35c51232e fetched and parsed in 9.431209ms
[2m2025-12-10T10:10:43.547452Z[0m [34mDEBUG[0m [2methereum_transaction_pool_monitor::mempool_monitor[0m[2m:[0m 🔍 Skipping tx 0x191865725b1542266f95248f4f71b1dbde7f660ab7b42b3ab7271ea35c51232e - not a DEX interaction (target: 0xdAC17F958D2ee523a2206206994597C13D831ec7)
[2m2025-12-10T10:10:43.547458Z[0m [34mDEBUG[0m [2methereum_transaction_pool_monitor::mempool_monitor[0m[2m:[0m 📨 Processing new pending transaction: 0xd53bed6939eb440cb7fd071a6665e283eeb6d1c8e5a04b76c011f2e2bfffac06
[2m2025-12-10T10:10:43.547462Z[0m [34mDEBUG[0m [2methereum_transaction_pool_monitor::mempool_monitor[0m[2m:[0m 🔍 Fetching transaction details for: 0xd53bed6939eb440cb7fd071a6665e283eeb6d1c8e5a04b76c011f2e2bfffac06
[2m2025-12-10T10:10:43.547466Z[0m [34mDEBUG[0m [2methereum_transaction_pool_monitor::eth_client[0m[2m:[0m 🔍 Fetching transaction details for hash: 0xd53bed6939eb440cb7fd071a6665e283eeb6d1c8e5a04b76c011f2e2bfffac06
[2m2025-12-10T10:10:43.547477Z[0m [34mDEBUG[0m [2mhyper::client::pool[0m[2m:[0m reuse idle connection for ("http", 192.168.0.14:8545)
[2m2025-12-10T10:10:43.547501Z[0m [34mDEBUG[0m [2mhyper::proto::h1::io[0m[2m:[0m flushed 250 bytes
[2m2025-12-10T10:10:43.552700Z[0m [34mDEBUG[0m [2mhyper::proto::h1::io[0m[2m:[0m parsed 4 headers
[2m2025-12-10T10:10:43.552731Z[0m [34mDEBUG[0m [2mhyper::proto::h1::conn[0m[2m:[0m incoming body is content-length (775 bytes)
[2m2025-12-10T10:10:43.552760Z[0m [34mDEBUG[0m [2mhyper::proto::h1::conn[0m[2m:[0m incoming body completed
[2m2025-12-10T10:10:43.552767Z[0m [34mDEBUG[0m [2mhyper::client::pool[0m[2m:[0m pooling idle connection for ("http", 192.168.0.14:8545)
[2m2025-12-10T10:10:43.552773Z[0m [34mDEBUG[0m [2methereum_transaction_pool_monitor::eth_client[0m[2m:[0m 📡 Transaction fetch RPC completed in 5.3025ms
[2m2025-12-10T10:10:43.552784Z[0m [34mDEBUG[0m [2methereum_transaction_pool_monitor::eth_client[0m[2m:[0m DeFi transaction detected - Address: 0xdac17f958d2ee523a2206206994597c13d831ec7, Type: Stablecoin, Value: 0 ETH, Gas: 2.86 Gwei
[2m2025-12-10T10:10:43.552795Z[0m [34mDEBUG[0m [2methereum_transaction_pool_monitor::eth_client[0m[2m:[0m ✅ Transaction 0xd53bed6939eb440cb7fd071a6665e283eeb6d1c8e5a04b76c011f2e2bfffac06 fetched and parsed in 5.324583ms
[2m2025-12-10T10:10:43.552800Z[0m [34mDEBUG[0m [2methereum_transaction_pool_monitor::mempool_monitor[0m[2m:[0m 🔍 Skipping tx 0xd53bed6939eb440cb7fd071a6665e283eeb6d1c8e5a04b76c011f2e2bfffac06 - not a DEX interaction (target: 0xdAC17F958D2ee523a2206206994597C13D831ec7)
[2m2025-12-10T10:10:43.552807Z[0m [34mDEBUG[0m [2methereum_transaction_pool_monitor::mempool_monitor[0m[2m:[0m 📨 Processing new pending transaction: 0x2a50eaf336fd6ae14bd0b4c20952ace781c72ef06dbcdf1f143288b068f672fc
[2m2025-12-10T10:10:43.552811Z[0m [34mDEBUG[0m [2methereum_transaction_pool_monitor::mempool_monitor[0m[2m:[0m 🔍 Fetching transaction details for: 0x2a50eaf336fd6ae14bd0b4c20952ace781c72ef06dbcdf1f143288b068f672fc
[2m2025-12-10T10:10:43.552815Z[0m [34mDEBUG[0m [2methereum_transaction_pool_monitor::eth_client[0m[2m:[0m 🔍 Fetching transaction details for hash: 0x2a50eaf336fd6ae14bd0b4c20952ace781c72ef06dbcdf1f143288b068f672fc
[2m2025-12-10T10:10:43.552826Z[0m [34mDEBUG[0m [2mhyper::client::pool[0m[2m:[0m reuse idle connection for ("http", 192.168.0.14:8545)
[2m2025-12-10T10:10:43.552851Z[0m [34mDEBUG[0m [2mhyper::proto::h1::io[0m[2m:[0m flushed 250 bytes
[2m2025-12-10T10:10:43.559257Z[0m [34mDEBUG[0m [2mhyper::proto::h1::io[0m[2m:[0m parsed 4 headers
[2m2025-12-10T10:10:43.559268Z[0m [34mDEBUG[0m [2mhyper::proto::h1::conn[0m[2m:[0m incoming body is content-length (1731 bytes)
[2m2025-12-10T10:10:43.559280Z[0m [34mDEBUG[0m [2methereum_transaction_pool_monitor::eth_client[0m[2m:[0m 📡 Transaction fetch RPC completed in 6.461416ms
[2m2025-12-10T10:10:43.559914Z[0m [34mDEBUG[0m [2mhyper::proto::h1::conn[0m[2m:[0m incoming body completed
[2m2025-12-10T10:10:43.559924Z[0m [34mDEBUG[0m [2mhyper::client::pool[0m[2m:[0m pooling idle connection for ("http", 192.168.0.14:8545)
[2m2025-12-10T10:10:43.597634Z[0m [34mDEBUG[0m [2mhyper::client::pool[0m[2m:[0m reuse idle connection for ("http", 192.168.0.14:8545)
[2m2025-12-10T10:10:43.597704Z[0m [34mDEBUG[0m [2mhyper::proto::h1::io[0m[2m:[0m flushed 172 bytes
[2m2025-12-10T10:10:43.603940Z[0m [34mDEBUG[0m [2methereum_transaction_pool_monitor::eth_client[0m[2m:[0m 📨 Received WebSocket message: {"jsonrpc":"2.0","method":"eth_subscription","params":{"subscription":"0xbed0a0851463e895960a451075a301a9","result":"0x5b598fd9153477242292c8fe5efb603038d5b93d0817155f3a210e3edd8a4047"}}
[2m2025-12-10T10:10:43.603965Z[0m [34mDEBUG[0m [2methereum_transaction_pool_monitor::eth_client[0m[2m:[0m 📨 Received pending transaction: 0x5b598fd9153477242292c8fe5efb603038d5b93d0817155f3a210e3edd8a4047
[2m2025-12-10T10:10:43.605249Z[0m [34mDEBUG[0m [2mhyper::proto::h1::io[0m[2m:[0m parsed 4 headers
[2m2025-12-10T10:10:43.608378Z[0m [34mDEBUG[0m [2mhyper::proto::h1::conn[0m[2m:[0m incoming body is content-length (45 bytes)
[2m2025-12-10T10:10:43.608388Z[0m [34mDEBUG[0m [2mhyper::proto::h1::conn[0m[2m:[0m incoming body completed
[2m2025-12-10T10:10:43.608400Z[0m [34mDEBUG[0m [2mhyper::client::pool[0m[2m:[0m pooling idle connection for ("http", 192.168.0.14:8545)
[2m2025-12-10T10:10:43.631518Z[0m [34mDEBUG[0m [2methereum_transaction_pool_monitor::eth_client[0m[2m:[0m ✅ Transaction 0x2a50eaf336fd6ae14bd0b4c20952ace781c72ef06dbcdf1f143288b068f672fc fetched and parsed in 78.696708ms
[2m2025-12-10T10:10:43.631545Z[0m [34mDEBUG[0m [2methereum_transaction_pool_monitor::mempool_monitor[0m[2m:[0m 🔍 Skipping tx 0x2a50eaf336fd6ae14bd0b4c20952ace781c72ef06dbcdf1f143288b068f672fc - not a DEX interaction (target: 0x601a2aD6CB5949f0529735254189Ba3194221EDF)
[2m2025-12-10T10:10:43.631556Z[0m [34mDEBUG[0m [2methereum_transaction_pool_monitor::mempool_monitor[0m[2m:[0m 📨 Processing new pending transaction: 0x4b4681375f7e7190f7c4be9261ee278d2a0d671327b9fba16b60c1b75315aea7
[2m2025-12-10T10:10:43.631563Z[0m [34mDEBUG[0m [2methereum_transaction_pool_monitor::mempool_monitor[0m[2m:[0m 🔍 Fetching transaction details for: 0x4b4681375f7e7190f7c4be9261ee278d2a0d671327b9fba16b60c1b75315aea7
[2m2025-12-10T10:10:43.631570Z[0m [34mDEBUG[0m [2methereum_transaction_pool_monitor::eth_client[0m[2m:[0m 🔍 Fetching transaction details for hash: 0x4b4681375f7e7190f7c4be9261ee278d2a0d671327b9fba16b60c1b75315aea7
[2m2025-12-10T10:10:43.631591Z[0m [34mDEBUG[0m [2mhyper::client::pool[0m[2m:[0m reuse idle connection for ("http", 192.168.0.14:8545)
[2m2025-12-10T10:10:43.631638Z[0m [34mDEBUG[0m [2mhyper::proto::h1::io[0m[2m:[0m flushed 250 bytes
[2m2025-12-10T10:10:43.636470Z[0m [34mDEBUG[0m [2mhyper::proto::h1::io[0m[2m:[0m parsed 4 headers
[2m2025-12-10T10:10:43.636481Z[0m [34mDEBUG[0m [2mhyper::proto::h1::conn[0m[2m:[0m incoming body is content-length (774 bytes)
[2m2025-12-10T10:10:43.636488Z[0m [34mDEBUG[0m [2mhyper::proto::h1::conn[0m[2m:[0m incoming body completed
[2m2025-12-10T10:10:43.636497Z[0m [34mDEBUG[0m [2mhyper::client::pool[0m[2m:[0m pooling idle connection for ("http", 192.168.0.14:8545)
[2m2025-12-10T10:10:43.636504Z[0m [34mDEBUG[0m [2methereum_transaction_pool_monitor::eth_client[0m[2m:[0m 📡 Transaction fetch RPC completed in 4.929334ms
[2m2025-12-10T10:10:43.707037Z[0m [34mDEBUG[0m [2methereum_transaction_pool_monitor::eth_client[0m[2m:[0m ✅ Transaction 0x4b4681375f7e7190f7c4be9261ee278d2a0d671327b9fba16b60c1b75315aea7 fetched and parsed in 75.460334ms
[2m2025-12-10T10:10:43.707067Z[0m [34mDEBUG[0m [2methereum_transaction_pool_monitor::mempool_monitor[0m[2m:[0m 🔍 Skipping tx 0x4b4681375f7e7190f7c4be9261ee278d2a0d671327b9fba16b60c1b75315aea7 - not a DEX interaction (target: 0xA0b86991c6218b36c1d19D4a2e9Eb0cE3606eB48)
[2m2025-12-10T10:10:43.707084Z[0m [34mDEBUG[0m [2methereum_transaction_pool_monitor::mempool_monitor[0m[2m:[0m 📨 Processing new pending transaction: 0x90fe6cd9a6f2605cdcb40c11d0471e7580d368b1039f325809240c737495a0aa
[2m2025-12-10T10:10:43.707094Z[0m [34mDEBUG[0m [2methereum_transaction_pool_monitor::mempool_monitor[0m[2m:[0m 🔍 Fetching transaction details for: 0x90fe6cd9a6f2605cdcb40c11d0471e7580d368b1039f325809240c737495a0aa
[2m2025-12-10T10:10:43.707100Z[0m [34mDEBUG[0m [2methereum_transaction_pool_monitor::eth_client[0m[2m:[0m 🔍 Fetching transaction details for hash: 0x90fe6cd9a6f2605cdcb40c11d0471e7580d368b1039f325809240c737495a0aa
[2m2025-12-10T10:10:43.707122Z[0m [34mDEBUG[0m [2mhyper::client::pool[0m[2m:[0m reuse idle connection for ("http", 192.168.0.14:8545)
[2m2025-12-10T10:10:43.707160Z[0m [34mDEBUG[0m [2mhyper::proto::h1::io[0m[2m:[0m flushed 250 bytes
[2m2025-12-10T10:10:43.707186Z[0m [34mDEBUG[0m [2mhyper::client::pool[0m[2m:[0m reuse idle connection for ("http", 192.168.0.14:8545)
[2m2025-12-10T10:10:43.707201Z[0m [34mDEBUG[0m [2mhyper::proto::h1::io[0m[2m:[0m flushed 172 bytes
[2m2025-12-10T10:10:43.707234Z[0m [34mDEBUG[0m [2methereum_transaction_pool_monitor::eth_client[0m[2m:[0m 📨 Received WebSocket message: {"jsonrpc":"2.0","method":"eth_subscription","params":{"subscription":"0xbed0a0851463e895960a451075a301a9","result":"0xabe7ecebcc4d1d389d7299aaf9c549d7143b1eaeeea397543422c49f63beeeeb"}}
[2m2025-12-10T10:10:43.707244Z[0m [34mDEBUG[0m [2methereum_transaction_pool_monitor::eth_client[0m[2m:[0m 📨 Received pending transaction: 0xabe7ecebcc4d1d389d7299aaf9c549d7143b1eaeeea397543422c49f63beeeeb
[2m2025-12-10T10:10:43.720466Z[0m [34mDEBUG[0m [2methereum_transaction_pool_monitor::eth_client[0m[2m:[0m 📨 Received WebSocket message: {"jsonrpc":"2.0","method":"eth_subscription","params":{"subscription":"0xbed0a0851463e895960a451075a301a9","result":"0x9618f18761c545954ecc9659242baa9aa34f5739800fa9851b13f5b6a5dbec0a"}}
[2m2025-12-10T10:10:43.720482Z[0m [34mDEBUG[0m [2methereum_transaction_pool_monitor::eth_client[0m[2m:[0m 📨 Received pending transaction: 0x9618f18761c545954ecc9659242baa9aa34f5739800fa9851b13f5b6a5dbec0a
[2m2025-12-10T10:10:43.720489Z[0m [34mDEBUG[0m [2methereum_transaction_pool_monitor::eth_client[0m[2m:[0m 📨 Received WebSocket message: {"jsonrpc":"2.0","method":"eth_subscription","params":{"subscription":"0xbed0a0851463e895960a451075a301a9","result":"0x9581bbe5fa9255612f87a1261da1e23c45ccdf160ce284eccdd85b541fd5d976"}}
[2m2025-12-10T10:10:43.720495Z[0m [34mDEBUG[0m [2methereum_transaction_pool_monitor::eth_client[0m[2m:[0m 📨 Received pending transaction: 0x9581bbe5fa9255612f87a1261da1e23c45ccdf160ce284eccdd85b541fd5d976
[2m2025-12-10T10:10:43.720499Z[0m [34mDEBUG[0m [2methereum_transaction_pool_monitor::eth_client[0m[2m:[0m 📨 Received WebSocket message: {"jsonrpc":"2.0","method":"eth_subscription","params":{"subscription":"0xbed0a0851463e895960a451075a301a9","result":"0x117b0196ab4ea02b1459b806d09b7d126d1d638f112b567c3ed0ec66252b3f5e"}}
[2m2025-12-10T10:10:43.720508Z[0m [34mDEBUG[0m [2methereum_transaction_pool_monitor::eth_client[0m[2m:[0m 📨 Received pending transaction: 0x117b0196ab4ea02b1459b806d09b7d126d1d638f112b567c3ed0ec66252b3f5e
[2m2025-12-10T10:10:43.720525Z[0m [34mDEBUG[0m [2mhyper::proto::h1::io[0m[2m:[0m parsed 4 headers
[2m2025-12-10T10:10:43.720532Z[0m [34mDEBUG[0m [2mhyper::proto::h1::conn[0m[2m:[0m incoming body is content-length (45 bytes)
[2m2025-12-10T10:10:43.720533Z[0m [34mDEBUG[0m [2mhyper::proto::h1::io[0m[2m:[0m parsed 4 headers
[2m2025-12-10T10:10:43.720547Z[0m [34mDEBUG[0m [2mhyper::proto::h1::conn[0m[2m:[0m incoming body completed
[2m2025-12-10T10:10:43.720566Z[0m [34mDEBUG[0m [2mhyper::client::pool[0m[2m:[0m pooling idle connection for ("http", 192.168.0.14:8545)
[2m2025-12-10T10:10:43.720553Z[0m [34mDEBUG[0m [2mhyper::proto::h1::conn[0m[2m:[0m incoming body is content-length (778 bytes)
[2m2025-12-10T10:10:43.720602Z[0m [34mDEBUG[0m [2mhyper::proto::h1::conn[0m[2m:[0m incoming body completed
[2m2025-12-10T10:10:43.720608Z[0m [34mDEBUG[0m [2mhyper::client::pool[0m[2m:[0m pooling idle connection for ("http", 192.168.0.14:8545)
[2m2025-12-10T10:10:43.720613Z[0m [34mDEBUG[0m [2methereum_transaction_pool_monitor::eth_client[0m[2m:[0m 📡 Transaction fetch RPC completed in 13.506916ms
[2m2025-12-10T10:10:43.728668Z[0m [34mDEBUG[0m [2methereum_transaction_pool_monitor::eth_client[0m[2m:[0m 📨 Received WebSocket message: {"jsonrpc":"2.0","method":"eth_subscription","params":{"subscription":"0xbed0a0851463e895960a451075a301a9","result":"0x1ee871c7cb9ce2f1e7692535414cee37a7ee4dddb0ae86de6109f65b5e2576db"}}
[2m2025-12-10T10:10:43.728690Z[0m [34mDEBUG[0m [2methereum_transaction_pool_monitor::eth_client[0m[2m:[0m 📨 Received pending transaction: 0x1ee871c7cb9ce2f1e7692535414cee37a7ee4dddb0ae86de6109f65b5e2576db
[2m2025-12-10T10:10:43.737893Z[0m [34mDEBUG[0m [2methereum_transaction_pool_monitor::eth_client[0m[2m:[0m 📨 Received WebSocket message: {"jsonrpc":"2.0","method":"eth_subscription","params":{"subscription":"0xbed0a0851463e895960a451075a301a9","result":"0x9dd78e9a90923563e2c9c92325aa607c8ce6505288cb288e628494dbded77c7d"}}
[2m2025-12-10T10:10:43.737914Z[0m [34mDEBUG[0m [2methereum_transaction_pool_monitor::eth_client[0m[2m:[0m 📨 Received pending transaction: 0x9dd78e9a90923563e2c9c92325aa607c8ce6505288cb288e628494dbded77c7d
[2m2025-12-10T10:10:43.792374Z[0m [34mDEBUG[0m [2methereum_transaction_pool_monitor::eth_client[0m[2m:[0m ✅ Transaction 0x90fe6cd9a6f2605cdcb40c11d0471e7580d368b1039f325809240c737495a0aa fetched and parsed in 85.265041ms
[2m2025-12-10T10:10:43.792399Z[0m [34mDEBUG[0m [2methereum_transaction_pool_monitor::mempool_monitor[0m[2m:[0m 🔍 Skipping tx 0x90fe6cd9a6f2605cdcb40c11d0471e7580d368b1039f325809240c737495a0aa - not a DEX interaction (target: 0xA35923162C49cF95e6BF26623385eb431ad920D3)
[2m2025-12-10T10:10:43.792412Z[0m [34mDEBUG[0m [2methereum_transaction_pool_monitor::mempool_monitor[0m[2m:[0m 📨 Processing new pending transaction: 0xc326b0bf9f9a38a463b7fe1960e1f6e954b6179053bdd06eb7792ef324dce0e4
[2m2025-12-10T10:10:43.792419Z[0m [34mDEBUG[0m [2methereum_transaction_pool_monitor::mempool_monitor[0m[2m:[0m 🔍 Fetching transaction details for: 0xc326b0bf9f9a38a463b7fe1960e1f6e954b6179053bdd06eb7792ef324dce0e4
[2m2025-12-10T10:10:43.792424Z[0m [34mDEBUG[0m [2methereum_transaction_pool_monitor::eth_client[0m[2m:[0m 🔍 Fetching transaction details for hash: 0xc326b0bf9f9a38a463b7fe1960e1f6e954b6179053bdd06eb7792ef324dce0e4
[2m2025-12-10T10:10:43.792442Z[0m [34mDEBUG[0m [2mhyper::client::pool[0m[2m:[0m reuse idle connection for ("http", 192.168.0.14:8545)
[2m2025-12-10T10:10:43.792473Z[0m [34mDEBUG[0m [2mhyper::proto::h1::io[0m[2m:[0m flushed 250 bytes
[2m2025-12-10T10:10:43.798969Z[0m [34mDEBUG[0m [2mhyper::client::pool[0m[2m:[0m reuse idle connection for ("http", 192.168.0.14:8545)
[2m2025-12-10T10:10:43.799018Z[0m [34mDEBUG[0m [2mhyper::proto::h1::io[0m[2m:[0m flushed 172 bytes
[2m2025-12-10T10:10:43.799845Z[0m [34mDEBUG[0m [2mhyper::proto::h1::io[0m[2m:[0m parsed 4 headers
[2m2025-12-10T10:10:43.799864Z[0m [34mDEBUG[0m [2mhyper::proto::h1::conn[0m[2m:[0m incoming body is content-length (778 bytes)
[2m2025-12-10T10:10:43.799889Z[0m [34mDEBUG[0m [2mhyper::proto::h1::conn[0m[2m:[0m incoming body completed
[2m2025-12-10T10:10:43.799897Z[0m [34mDEBUG[0m [2mhyper::client::pool[0m[2m:[0m pooling idle connection for ("http", 192.168.0.14:8545)
[2m2025-12-10T10:10:43.799903Z[0m [34mDEBUG[0m [2methereum_transaction_pool_monitor::eth_client[0m[2m:[0m 📡 Transaction fetch RPC completed in 7.474375ms
[2m2025-12-10T10:10:43.869759Z[0m [34mDEBUG[0m [2methereum_transaction_pool_monitor::eth_client[0m[2m:[0m ✅ Transaction 0xc326b0bf9f9a38a463b7fe1960e1f6e954b6179053bdd06eb7792ef324dce0e4 fetched and parsed in 77.32825ms
[2m2025-12-10T10:10:43.869784Z[0m [34mDEBUG[0m [2methereum_transaction_pool_monitor::mempool_monitor[0m[2m:[0m 🔍 Skipping tx 0xc326b0bf9f9a38a463b7fe1960e1f6e954b6179053bdd06eb7792ef324dce0e4 - not a DEX interaction (target: 0x32353A6C91143bfd6C7d363B546e62a9A2489A20)
[2m2025-12-10T10:10:43.869798Z[0m [34mDEBUG[0m [2methereum_transaction_pool_monitor::mempool_monitor[0m[2m:[0m 📨 Processing new pending transaction: 0x8d54ff49457aca9cd789cfa561aacd9a0949bc55f17c4db031cd80a1544de875
[2m2025-12-10T10:10:43.869805Z[0m [34mDEBUG[0m [2methereum_transaction_pool_monitor::mempool_monitor[0m[2m:[0m 🔍 Fetching transaction details for: 0x8d54ff49457aca9cd789cfa561aacd9a0949bc55f17c4db031cd80a1544de875
[2m2025-12-10T10:10:43.869811Z[0m [34mDEBUG[0m [2methereum_transaction_pool_monitor::eth_client[0m[2m:[0m 🔍 Fetching transaction details for hash: 0x8d54ff49457aca9cd789cfa561aacd9a0949bc55f17c4db031cd80a1544de875
[2m2025-12-10T10:10:43.869831Z[0m [34mDEBUG[0m [2mhyper::client::pool[0m[2m:[0m reuse idle connection for ("http", 192.168.0.14:8545)
[2m2025-12-10T10:10:43.869877Z[0m [34mDEBUG[0m [2mhyper::proto::h1::io[0m[2m:[0m flushed 250 bytes
[2m2025-12-10T10:10:43.869897Z[0m [34mDEBUG[0m [2mhyper::proto::h1::io[0m[2m:[0m parsed 4 headers
[2m2025-12-10T10:10:43.869902Z[0m [34mDEBUG[0m [2mhyper::proto::h1::conn[0m[2m:[0m incoming body is content-length (45 bytes)
[2m2025-12-10T10:10:43.869912Z[0m [34mDEBUG[0m [2mhyper::proto::h1::conn[0m[2m:[0m incoming body completed
[2m2025-12-10T10:10:43.869921Z[0m [34mDEBUG[0m [2mhyper::client::pool[0m[2m:[0m pooling idle connection for ("http", 192.168.0.14:8545)
[2m2025-12-10T10:10:43.869922Z[0m [34mDEBUG[0m [2methereum_transaction_pool_monitor::eth_client[0m[2m:[0m 📨 Received WebSocket message: {"jsonrpc":"2.0","method":"eth_subscription","params":{"subscription":"0xbed0a0851463e895960a451075a301a9","result":"0x6d704c2cceb94f7f4472ca0a6dd880048ed60a58a341bbaaed915447bf4ac780"}}
[2m2025-12-10T10:10:43.869942Z[0m [34mDEBUG[0m [2methereum_transaction_pool_monitor::eth_client[0m[2m:[0m 📨 Received pending transaction: 0x6d704c2cceb94f7f4472ca0a6dd880048ed60a58a341bbaaed915447bf4ac780
[2m2025-12-10T10:10:43.869951Z[0m [34mDEBUG[0m [2methereum_transaction_pool_monitor::eth_client[0m[2m:[0m 📨 Received WebSocket message: {"jsonrpc":"2.0","method":"eth_subscription","params":{"subscription":"0xbed0a0851463e895960a451075a301a9","result":"0xa5fdad4e0af5278faf5a16416125e8267b337b275363432b97fbf9fe72227606"}}
[2m2025-12-10T10:10:43.869957Z[0m [34mDEBUG[0m [2methereum_transaction_pool_monitor::eth_client[0m[2m:[0m 📨 Received pending transaction: 0xa5fdad4e0af5278faf5a16416125e8267b337b275363432b97fbf9fe72227606
[2m2025-12-10T10:10:43.869963Z[0m [34mDEBUG[0m [2methereum_transaction_pool_monitor::eth_client[0m[2m:[0m 📨 Received WebSocket message: {"jsonrpc":"2.0","method":"eth_subscription","params":{"subscription":"0xbed0a0851463e895960a451075a301a9","result":"0x03624244d89f3760ce82b15f63cdf20dcebaed65d391842a8cec6530fc994a4f"}}
[2m2025-12-10T10:10:43.869973Z[0m [34mDEBUG[0m [2methereum_transaction_pool_monitor::eth_client[0m[2m:[0m 📨 Received pending transaction: 0x03624244d89f3760ce82b15f63cdf20dcebaed65d391842a8cec6530fc994a4f
[2m2025-12-10T10:10:43.873873Z[0m [34mDEBUG[0m [2mhyper::proto::h1::io[0m[2m:[0m parsed 4 headers
[2m2025-12-10T10:10:43.873885Z[0m [34mDEBUG[0m [2mhyper::proto::h1::conn[0m[2m:[0m incoming body is content-length (766 bytes)
[2m2025-12-10T10:10:43.873891Z[0m [34mDEBUG[0m [2mhyper::proto::h1::conn[0m[2m:[0m incoming body completed
[2m2025-12-10T10:10:43.873900Z[0m [34mDEBUG[0m [2mhyper::client::pool[0m[2m:[0m pooling idle connection for ("http", 192.168.0.14:8545)
[2m2025-12-10T10:10:43.873906Z[0m [34mDEBUG[0m [2methereum_transaction_pool_monitor::eth_client[0m[2m:[0m 📡 Transaction fetch RPC completed in 4.0885ms
[2m2025-12-10T10:10:43.944524Z[0m [34mDEBUG[0m [2methereum_transaction_pool_monitor::eth_client[0m[2m:[0m ✅ Transaction 0x8d54ff49457aca9cd789cfa561aacd9a0949bc55f17c4db031cd80a1544de875 fetched and parsed in 74.704084ms
[2m2025-12-10T10:10:43.944554Z[0m [34mDEBUG[0m [2methereum_transaction_pool_monitor::mempool_monitor[0m[2m:[0m 🔍 Skipping tx 0x8d54ff49457aca9cd789cfa561aacd9a0949bc55f17c4db031cd80a1544de875 - not a DEX interaction (target: 0x6985884C4392D348587B19cb9eAAf157F13271cd)
[2m2025-12-10T10:10:43.944567Z[0m [34mDEBUG[0m [2methereum_transaction_pool_monitor::mempool_monitor[0m[2m:[0m 📨 Processing new pending transaction: 0x07d8945d7dabbc9b335f2c4a2d73e7a2b25947e10c6b8feaf752488c7788030e
[2m2025-12-10T10:10:43.944575Z[0m [34mDEBUG[0m [2methereum_transaction_pool_monitor::mempool_monitor[0m[2m:[0m 🔍 Fetching transaction details for: 0x07d8945d7dabbc9b335f2c4a2d73e7a2b25947e10c6b8feaf752488c7788030e
[2m2025-12-10T10:10:43.944582Z[0m [34mDEBUG[0m [2methereum_transaction_pool_monitor::eth_client[0m[2m:[0m 🔍 Fetching transaction details for hash: 0x07d8945d7dabbc9b335f2c4a2d73e7a2b25947e10c6b8feaf752488c7788030e
[2m2025-12-10T10:10:43.944605Z[0m [34mDEBUG[0m [2mhyper::client::pool[0m[2m:[0m reuse idle connection for ("http", 192.168.0.14:8545)
[2m2025-12-10T10:10:43.944642Z[0m [34mDEBUG[0m [2mhyper::proto::h1::io[0m[2m:[0m flushed 250 bytes
[2m2025-12-10T10:10:43.944662Z[0m [34mDEBUG[0m [2mhyper::client::pool[0m[2m:[0m reuse idle connection for ("http", 192.168.0.14:8545)
[2m2025-12-10T10:10:43.944676Z[0m [34mDEBUG[0m [2mhyper::proto::h1::io[0m[2m:[0m flushed 172 bytes
[2m2025-12-10T10:10:43.944717Z[0m [34mDEBUG[0m [2methereum_transaction_pool_monitor::eth_client[0m[2m:[0m 📨 Received WebSocket message: {"jsonrpc":"2.0","method":"eth_subscription","params":{"subscription":"0xbed0a0851463e895960a451075a301a9","result":"0x977f366e1a34967e6d8ba0224de72ad38e1a0f4e1aa5b6e7899617ca8681e30a"}}
[2m2025-12-10T10:10:43.944726Z[0m [34mDEBUG[0m [2methereum_transaction_pool_monitor::eth_client[0m[2m:[0m 📨 Received pending transaction: 0x977f366e1a34967e6d8ba0224de72ad38e1a0f4e1aa5b6e7899617ca8681e30a
[2m2025-12-10T10:10:43.944731Z[0m [34mDEBUG[0m [2methereum_transaction_pool_monitor::eth_client[0m[2m:[0m 📨 Received WebSocket message: {"jsonrpc":"2.0","method":"eth_subscription","params":{"subscription":"0xbed0a0851463e895960a451075a301a9","result":"0xf5a2a1664abb8fa1f3092ad13368fb9d54bf50e8b6316961cda1b76b6a3e50e4"}}
[2m2025-12-10T10:10:43.944736Z[0m [34mDEBUG[0m [2methereum_transaction_pool_monitor::eth_client[0m[2m:[0m 📨 Received pending transaction: 0xf5a2a1664abb8fa1f3092ad13368fb9d54bf50e8b6316961cda1b76b6a3e50e4
[2m2025-12-10T10:10:43.952181Z[0m [34mDEBUG[0m [2methereum_transaction_pool_monitor::eth_client[0m[2m:[0m 📨 Received WebSocket message: {"jsonrpc":"2.0","method":"eth_subscription","params":{"subscription":"0xbed0a0851463e895960a451075a301a9","result":"0x47ffc1fcdbb68dc694379949c79f5cb3fa2b309d9f8c73bf97592860f11ab1b2"}}
[2m2025-12-10T10:10:43.952183Z[0m [34mDEBUG[0m [2mhyper::proto::h1::io[0m[2m:[0m parsed 4 headers
[2m2025-12-10T10:10:43.952202Z[0m [34mDEBUG[0m [2methereum_transaction_pool_monitor::eth_client[0m[2m:[0m 📨 Received pending transaction: 0x47ffc1fcdbb68dc694379949c79f5cb3fa2b309d9f8c73bf97592860f11ab1b2
[2m2025-12-10T10:10:43.952204Z[0m [34mDEBUG[0m [2mhyper::proto::h1::conn[0m[2m:[0m incoming body is content-length (45 bytes)
[2m2025-12-10T10:10:43.952218Z[0m [34mDEBUG[0m [2mhyper::proto::h1::conn[0m[2m:[0m incoming body completed
[2m2025-12-10T10:10:43.952229Z[0m [34mDEBUG[0m [2mhyper::client::pool[0m[2m:[0m pooling idle connection for ("http", 192.168.0.14:8545)
[2m2025-12-10T10:10:43.953497Z[0m [34mDEBUG[0m [2mhyper::proto::h1::io[0m[2m:[0m parsed 4 headers
[2m2025-12-10T10:10:43.953503Z[0m [34mDEBUG[0m [2mhyper::proto::h1::conn[0m[2m:[0m incoming body is content-length (778 bytes)
[2m2025-12-10T10:10:43.953508Z[0m [34mDEBUG[0m [2mhyper::proto::h1::conn[0m[2m:[0m incoming body completed
[2m2025-12-10T10:10:43.953515Z[0m [34mDEBUG[0m [2mhyper::client::pool[0m[2m:[0m pooling idle connection for ("http", 192.168.0.14:8545)
[2m2025-12-10T10:10:43.953520Z[0m [34mDEBUG[0m [2methereum_transaction_pool_monitor::eth_client[0m[2m:[0m 📡 Transaction fetch RPC completed in 8.930541ms
[2m2025-12-10T10:10:43.953534Z[0m [34mDEBUG[0m [2methereum_transaction_pool_monitor::eth_client[0m[2m:[0m DeFi transaction detected - Address: 0xdac17f958d2ee523a2206206994597c13d831ec7, Type: Stablecoin, Value: 0 ETH, Gas: 127.50 Gwei
[2m2025-12-10T10:10:43.953546Z[0m [34mDEBUG[0m [2methereum_transaction_pool_monitor::eth_client[0m[2m:[0m ✅ Transaction 0x07d8945d7dabbc9b335f2c4a2d73e7a2b25947e10c6b8feaf752488c7788030e fetched and parsed in 8.956916ms
[2m2025-12-10T10:10:43.953552Z[0m [34mDEBUG[0m [2methereum_transaction_pool_monitor::mempool_monitor[0m[2m:[0m 🔍 Skipping tx 0x07d8945d7dabbc9b335f2c4a2d73e7a2b25947e10c6b8feaf752488c7788030e - not a DEX interaction (target: 0xdAC17F958D2ee523a2206206994597C13D831ec7)
[2m2025-12-10T10:10:43.953559Z[0m [34mDEBUG[0m [2methereum_transaction_pool_monitor::mempool_monitor[0m[2m:[0m 📨 Processing new pending transaction: 0xb97cd5c088aa36c0d2d61c95bf35ea38cd838082893831c7d575df9a092000c1
[2m2025-12-10T10:10:43.953563Z[0m [34mDEBUG[0m [2methereum_transaction_pool_monitor::mempool_monitor[0m[2m:[0m 🔍 Fetching transaction details for: 0xb97cd5c088aa36c0d2d61c95bf35ea38cd838082893831c7d575df9a092000c1
[2m2025-12-10T10:10:43.953566Z[0m [34mDEBUG[0m [2methereum_transaction_pool_monitor::eth_client[0m[2m:[0m 🔍 Fetching transaction details for hash: 0xb97cd5c088aa36c0d2d61c95bf35ea38cd838082893831c7d575df9a092000c1
[2m2025-12-10T10:10:43.953579Z[0m [34mDEBUG[0m [2mhyper::client::pool[0m[2m:[0m reuse idle connection for ("http", 192.168.0.14:8545)
[2m2025-12-10T10:10:43.953598Z[0m [34mDEBUG[0m [2mhyper::proto::h1::io[0m[2m:[0m flushed 250 bytes
[2m2025-12-10T10:10:43.958131Z[0m [34mDEBUG[0m [2mhyper::proto::h1::io[0m[2m:[0m parsed 4 headers
[2m2025-12-10T10:10:43.958141Z[0m [34mDEBUG[0m [2mhyper::proto::h1::conn[0m[2m:[0m incoming body is content-length (657 bytes)
[2m2025-12-10T10:10:43.958146Z[0m [34mDEBUG[0m [2mhyper::proto::h1::conn[0m[2m:[0m incoming body completed
[2m2025-12-10T10:10:43.958153Z[0m [34mDEBUG[0m [2mhyper::client::pool[0m[2m:[0m pooling idle connection for ("http", 192.168.0.14:8545)
[2m2025-12-10T10:10:43.958158Z[0m [34mDEBUG[0m [2methereum_transaction_pool_monitor::eth_client[0m[2m:[0m 📡 Transaction fetch RPC completed in 4.587958ms
[2m2025-12-10T10:10:44.029192Z[0m [34mDEBUG[0m [2methereum_transaction_pool_monitor::eth_client[0m[2m:[0m ✅ Transaction 0xb97cd5c088aa36c0d2d61c95bf35ea38cd838082893831c7d575df9a092000c1 fetched and parsed in 75.619083ms
[2m2025-12-10T10:10:44.029218Z[0m [34mDEBUG[0m [2methereum_transaction_pool_monitor::mempool_monitor[0m[2m:[0m 🔍 Skipping tx 0xb97cd5c088aa36c0d2d61c95bf35ea38cd838082893831c7d575df9a092000c1 - not a DEX interaction (target: 0x28cC933fecf280E720299b1258e8680355D8841F)
[2m2025-12-10T10:10:44.029232Z[0m [34mDEBUG[0m [2methereum_transaction_pool_monitor::mempool_monitor[0m[2m:[0m 📨 Processing new pending transaction: 0x124f6a6d837e00b9683e6dd3bb5e058a608c35c4da0a723f75bc9820e6576069
[2m2025-12-10T10:10:44.029239Z[0m [34mDEBUG[0m [2methereum_transaction_pool_monitor::mempool_monitor[0m[2m:[0m 🔍 Fetching transaction details for: 0x124f6a6d837e00b9683e6dd3bb5e058a608c35c4da0a723f75bc9820e6576069
[2m2025-12-10T10:10:44.029244Z[0m [34mDEBUG[0m [2methereum_transaction_pool_monitor::eth_client[0m[2m:[0m 🔍 Fetching transaction details for hash: 0x124f6a6d837e00b9683e6dd3bb5e058a608c35c4da0a723f75bc9820e6576069
[2m2025-12-10T10:10:44.029264Z[0m [34mDEBUG[0m [2mhyper::client::pool[0m[2m:[0m reuse idle connection for ("http", 192.168.0.14:8545)
[2m2025-12-10T10:10:44.029296Z[0m [34mDEBUG[0m [2mhyper::proto::h1::io[0m[2m:[0m flushed 250 bytes
[2m2025-12-10T10:10:44.029320Z[0m [34mDEBUG[0m [2mhyper::client::pool[0m[2m:[0m reuse idle connection for ("http", 192.168.0.14:8545)
[2m2025-12-10T10:10:44.029332Z[0m [34mDEBUG[0m [2mhyper::proto::h1::io[0m[2m:[0m flushed 172 bytes
[2m2025-12-10T10:10:44.029349Z[0m [34mDEBUG[0m [2methereum_transaction_pool_monitor::eth_client[0m[2m:[0m 📨 Received WebSocket message: {"jsonrpc":"2.0","method":"eth_subscription","params":{"subscription":"0xbed0a0851463e895960a451075a301a9","result":"0x90591dbc749fc14f93967c5b3c676168e840f9df5df17028668abe589c37c46f"}}
[2m2025-12-10T10:10:44.029358Z[0m [34mDEBUG[0m [2methereum_transaction_pool_monitor::eth_client[0m[2m:[0m 📨 Received pending transaction: 0x90591dbc749fc14f93967c5b3c676168e840f9df5df17028668abe589c37c46f
[2m2025-12-10T10:10:44.029363Z[0m [34mDEBUG[0m [2methereum_transaction_pool_monitor::eth_client[0m[2m:[0m 📨 Received WebSocket message: {"jsonrpc":"2.0","method":"eth_subscription","params":{"subscription":"0xbed0a0851463e895960a451075a301a9","result":"0xe79c4d71c16ac7406c72c41988c137cbc4836d7ce2a422aa5edececf07b0a66b"}}
[2m2025-12-10T10:10:44.029400Z[0m [34mDEBUG[0m [2methereum_transaction_pool_monitor::eth_client[0m[2m:[0m 📨 Received pending transaction: 0xe79c4d71c16ac7406c72c41988c137cbc4836d7ce2a422aa5edececf07b0a66b
[2m2025-12-10T10:10:44.029405Z[0m [34mDEBUG[0m [2methereum_transaction_pool_monitor::eth_client[0m[2m:[0m 📨 Received WebSocket message: {"jsonrpc":"2.0","method":"eth_subscription","params":{"subscription":"0xbed0a0851463e895960a451075a301a9","result":"0x97a23251b9e64b17ed23df8b1c72d255eaeea235f0f36be31652841197d23b28"}}
[2m2025-12-10T10:10:44.029411Z[0m [34mDEBUG[0m [2methereum_transaction_pool_monitor::eth_client[0m[2m:[0m 📨 Received pending transaction: 0x97a23251b9e64b17ed23df8b1c72d255eaeea235f0f36be31652841197d23b28
[2m2025-12-10T10:10:44.029417Z[0m [34mDEBUG[0m [2methereum_transaction_pool_monitor::eth_client[0m[2m:[0m 📨 Received WebSocket message: {"jsonrpc":"2.0","method":"eth_subscription","params":{"subscription":"0xbed0a0851463e895960a451075a301a9","result":"0xa62b0f4b6fad276aed3a360b05387795f0faa5b6b5467de334346df1622a644a"}}
[2m2025-12-10T10:10:44.029423Z[0m [34mDEBUG[0m [2methereum_transaction_pool_monitor::eth_client[0m[2m:[0m 📨 Received pending transaction: 0xa62b0f4b6fad276aed3a360b05387795f0faa5b6b5467de334346df1622a644a
[2m2025-12-10T10:10:44.029428Z[0m [34mDEBUG[0m [2methereum_transaction_pool_monitor::eth_client[0m[2m:[0m 📨 Received WebSocket message: {"jsonrpc":"2.0","method":"eth_subscription","params":{"subscription":"0xbed0a0851463e895960a451075a301a9","result":"0x664dddc2665b3f9ee4ddae8dfef97c710caba7e34a571ef56fc414007de8dc5b"}}
[2m2025-12-10T10:10:44.029435Z[0m [34mDEBUG[0m [2methereum_transaction_pool_monitor::eth_client[0m[2m:[0m 📨 Received pending transaction: 0x664dddc2665b3f9ee4ddae8dfef97c710caba7e34a571ef56fc414007de8dc5b
[2m2025-12-10T10:10:44.035818Z[0m [34mDEBUG[0m [2mhyper::proto::h1::io[0m[2m:[0m parsed 4 headers
[2m2025-12-10T10:10:44.035831Z[0m [34mDEBUG[0m [2mhyper::proto::h1::conn[0m[2m:[0m incoming body is content-length (766 bytes)
[2m2025-12-10T10:10:44.035839Z[0m [34mDEBUG[0m [2mhyper::proto::h1::conn[0m[2m:[0m incoming body completed
[2m2025-12-10T10:10:44.035848Z[0m [34mDEBUG[0m [2mhyper::client::pool[0m[2m:[0m pooling idle connection for ("http", 192.168.0.14:8545)
[2m2025-12-10T10:10:44.035854Z[0m [34mDEBUG[0m [2methereum_transaction_pool_monitor::eth_client[0m[2m:[0m 📡 Transaction fetch RPC completed in 6.605875ms
[2m2025-12-10T10:10:44.105714Z[0m [34mDEBUG[0m [2methereum_transaction_pool_monitor::eth_client[0m[2m:[0m ✅ Transaction 0x124f6a6d837e00b9683e6dd3bb5e058a608c35c4da0a723f75bc9820e6576069 fetched and parsed in 76.463292ms
[2m2025-12-10T10:10:44.105740Z[0m [34mDEBUG[0m [2methereum_transaction_pool_monitor::mempool_monitor[0m[2m:[0m 🔍 Skipping tx 0x124f6a6d837e00b9683e6dd3bb5e058a608c35c4da0a723f75bc9820e6576069 - not a DEX interaction (target: 0x0b38210ea11411557c13457D4dA7dC6ea731B88a)
[2m2025-12-10T10:10:44.105752Z[0m [34mDEBUG[0m [2methereum_transaction_pool_monitor::mempool_monitor[0m[2m:[0m 📨 Processing new pending transaction: 0x805fece67bb89efb14fe33fe02ff0f18369e7a9138edeeb959eec50040e1c8eb
[2m2025-12-10T10:10:44.105759Z[0m [34mDEBUG[0m [2methereum_transaction_pool_monitor::mempool_monitor[0m[2m:[0m 🔍 Fetching transaction details for: 0x805fece67bb89efb14fe33fe02ff0f18369e7a9138edeeb959eec50040e1c8eb
[2m2025-12-10T10:10:44.105766Z[0m [34mDEBUG[0m [2methereum_transaction_pool_monitor::eth_client[0m[2m:[0m 🔍 Fetching transaction details for hash: 0x805fece67bb89efb14fe33fe02ff0f18369e7a9138edeeb959eec50040e1c8eb
[2m2025-12-10T10:10:44.105783Z[0m [34mDEBUG[0m [2mhyper::client::pool[0m[2m:[0m reuse idle connection for ("http", 192.168.0.14:8545)
[2m2025-12-10T10:10:44.105829Z[0m [34mDEBUG[0m [2mhyper::proto::h1::io[0m[2m:[0m flushed 250 bytes
[2m2025-12-10T10:10:44.105846Z[0m [34mDEBUG[0m [2mhyper::proto::h1::io[0m[2m:[0m parsed 4 headers
[2m2025-12-10T10:10:44.105852Z[0m [34mDEBUG[0m [2mhyper::proto::h1::conn[0m[2m:[0m incoming body is content-length (45 bytes)
[2m2025-12-10T10:10:44.105860Z[0m [34mDEBUG[0m [2mhyper::proto::h1::conn[0m[2m:[0m incoming body completed
[2m2025-12-10T10:10:44.105870Z[0m [34mDEBUG[0m [2mhyper::client::pool[0m[2m:[0m pooling idle connection for ("http", 192.168.0.14:8545)
[2m2025-12-10T10:10:44.105885Z[0m [34mDEBUG[0m [2mhyper::client::pool[0m[2m:[0m reuse idle connection for ("http", 192.168.0.14:8545)
[2m2025-12-10T10:10:44.105901Z[0m [34mDEBUG[0m [2mhyper::proto::h1::io[0m[2m:[0m flushed 172 bytes
[2m2025-12-10T10:10:44.108941Z[0m [34mDEBUG[0m [2mhyper::proto::h1::io[0m[2m:[0m parsed 4 headers
[2m2025-12-10T10:10:44.108949Z[0m [34mDEBUG[0m [2mhyper::proto::h1::conn[0m[2m:[0m incoming body is content-length (680 bytes)
[2m2025-12-10T10:10:44.108954Z[0m [34mDEBUG[0m [2mhyper::proto::h1::conn[0m[2m:[0m incoming body completed
[2m2025-12-10T10:10:44.108961Z[0m [34mDEBUG[0m [2mhyper::client::pool[0m[2m:[0m pooling idle connection for ("http", 192.168.0.14:8545)
[2m2025-12-10T10:10:44.108966Z[0m [34mDEBUG[0m [2methereum_transaction_pool_monitor::eth_client[0m[2m:[0m 📡 Transaction fetch RPC completed in 3.196125ms
[2m2025-12-10T10:10:44.108977Z[0m [34mDEBUG[0m [2methereum_transaction_pool_monitor::eth_client[0m[2m:[0m DeFi transaction detected - Address: 0xdac17f958d2ee523a2206206994597c13d831ec7, Type: Stablecoin, Value: 0 ETH, Gas: 0.27 Gwei
[2m2025-12-10T10:10:44.108989Z[0m [34mDEBUG[0m [2methereum_transaction_pool_monitor::eth_client[0m[2m:[0m ✅ Transaction 0x805fece67bb89efb14fe33fe02ff0f18369e7a9138edeeb959eec50040e1c8eb fetched and parsed in 3.219042ms
[2m2025-12-10T10:10:44.108994Z[0m [34mDEBUG[0m [2methereum_transaction_pool_monitor::mempool_monitor[0m[2m:[0m 🔍 Skipping tx 0x805fece67bb89efb14fe33fe02ff0f18369e7a9138edeeb959eec50040e1c8eb - not a DEX interaction (target: 0xdAC17F958D2ee523a2206206994597C13D831ec7)
[2m2025-12-10T10:10:44.109001Z[0m [34mDEBUG[0m [2methereum_transaction_pool_monitor::mempool_monitor[0m[2m:[0m 📨 Processing new pending transaction: 0x5b598fd9153477242292c8fe5efb603038d5b93d0817155f3a210e3edd8a4047
[2m2025-12-10T10:10:44.109005Z[0m [34mDEBUG[0m [2methereum_transaction_pool_monitor::mempool_monitor[0m[2m:[0m 🔍 Fetching transaction details for: 0x5b598fd9153477242292c8fe5efb603038d5b93d0817155f3a210e3edd8a4047
[2m2025-12-10T10:10:44.109009Z[0m [34mDEBUG[0m [2methereum_transaction_pool_monitor::eth_client[0m[2m:[0m 🔍 Fetching transaction details for hash: 0x5b598fd9153477242292c8fe5efb603038d5b93d0817155f3a210e3edd8a4047
[2m2025-12-10T10:10:44.109018Z[0m [34mDEBUG[0m [2mhyper::client::pool[0m[2m:[0m reuse idle connection for ("http", 192.168.0.14:8545)
[2m2025-12-10T10:10:44.109033Z[0m [34mDEBUG[0m [2mhyper::proto::h1::io[0m[2m:[0m flushed 250 bytes
[2m2025-12-10T10:10:44.109761Z[0m [34mDEBUG[0m [2mhyper::proto::h1::io[0m[2m:[0m parsed 4 headers
[2m2025-12-10T10:10:44.109768Z[0m [34mDEBUG[0m [2mhyper::proto::h1::conn[0m[2m:[0m incoming body is content-length (45 bytes)
[2m2025-12-10T10:10:44.109773Z[0m [34mDEBUG[0m [2mhyper::proto::h1::conn[0m[2m:[0m incoming body completed
[2m2025-12-10T10:10:44.109778Z[0m [34mDEBUG[0m [2mhyper::client::pool[0m[2m:[0m pooling idle connection for ("http", 192.168.0.14:8545)
[2m2025-12-10T10:10:44.112818Z[0m [34mDEBUG[0m [2mhyper::proto::h1::io[0m[2m:[0m parsed 4 headers
[2m2025-12-10T10:10:44.112828Z[0m [34mDEBUG[0m [2mhyper::proto::h1::conn[0m[2m:[0m incoming body is content-length (770 bytes)
[2m2025-12-10T10:10:44.112833Z[0m [34mDEBUG[0m [2mhyper::proto::h1::conn[0m[2m:[0m incoming body completed
[2m2025-12-10T10:10:44.112839Z[0m [34mDEBUG[0m [2mhyper::client::pool[0m[2m:[0m pooling idle connection for ("http", 192.168.0.14:8545)
[2m2025-12-10T10:10:44.112845Z[0m [34mDEBUG[0m [2methereum_transaction_pool_monitor::eth_client[0m[2m:[0m 📡 Transaction fetch RPC completed in 3.831542ms
[2m2025-12-10T10:10:44.181509Z[0m [34mDEBUG[0m [2methereum_transaction_pool_monitor::eth_client[0m[2m:[0m ✅ Transaction 0x5b598fd9153477242292c8fe5efb603038d5b93d0817155f3a210e3edd8a4047 fetched and parsed in 72.493667ms
[2m2025-12-10T10:10:44.181537Z[0m [34mDEBUG[0m [2methereum_transaction_pool_monitor::mempool_monitor[0m[2m:[0m 🔍 Skipping tx 0x5b598fd9153477242292c8fe5efb603038d5b93d0817155f3a210e3edd8a4047 - not a DEX interaction (target: 0xB8f28C60dD8240141185a192fa4156A23E189305)
[2m2025-12-10T10:10:44.181552Z[0m [34mDEBUG[0m [2methereum_transaction_pool_monitor::mempool_monitor[0m[2m:[0m 📨 Processing new pending transaction: 0xabe7ecebcc4d1d389d7299aaf9c549d7143b1eaeeea397543422c49f63beeeeb
[2m2025-12-10T10:10:44.181558Z[0m [34mDEBUG[0m [2methereum_transaction_pool_monitor::mempool_monitor[0m[2m:[0m 🔍 Fetching transaction details for: 0xabe7ecebcc4d1d389d7299aaf9c549d7143b1eaeeea397543422c49f63beeeeb
[2m2025-12-10T10:10:44.181566Z[0m [34mDEBUG[0m [2methereum_transaction_pool_monitor::eth_client[0m[2m:[0m 🔍 Fetching transaction details for hash: 0xabe7ecebcc4d1d389d7299aaf9c549d7143b1eaeeea397543422c49f63beeeeb
[2m2025-12-10T10:10:44.181587Z[0m [34mDEBUG[0m [2mhyper::client::pool[0m[2m:[0m reuse idle connection for ("http", 192.168.0.14:8545)
[2m2025-12-10T10:10:44.181628Z[0m [34mDEBUG[0m [2mhyper::proto::h1::io[0m[2m:[0m flushed 250 bytes
[2m2025-12-10T10:10:44.181662Z[0m [34mDEBUG[0m [2methereum_transaction_pool_monitor::eth_client[0m[2m:[0m 📨 Received WebSocket message: {"jsonrpc":"2.0","method":"eth_subscription","params":{"subscription":"0xbed0a0851463e895960a451075a301a9","result":"0xff889a2d836ab01fed0db3c55416dfc4d533cce3c4b6f257b39cbeeca6b7f773"}}
[2m2025-12-10T10:10:44.181673Z[0m [34mDEBUG[0m [2methereum_transaction_pool_monitor::eth_client[0m[2m:[0m 📨 Received pending transaction: 0xff889a2d836ab01fed0db3c55416dfc4d533cce3c4b6f257b39cbeeca6b7f773
[2m2025-12-10T10:10:44.181680Z[0m [34mDEBUG[0m [2methereum_transaction_pool_monitor::eth_client[0m[2m:[0m 📨 Received WebSocket message: {"jsonrpc":"2.0","method":"eth_subscription","params":{"subscription":"0xbed0a0851463e895960a451075a301a9","result":"0x32c453bce6948fb2ef4d2f21ddd008d18dd6b57a7ef49f926ee75f19698ded03"}}
[2m2025-12-10T10:10:44.181687Z[0m [34mDEBUG[0m [2methereum_transaction_pool_monitor::eth_client[0m[2m:[0m 📨 Received pending transaction: 0x32c453bce6948fb2ef4d2f21ddd008d18dd6b57a7ef49f926ee75f19698ded03
[2m2025-12-10T10:10:44.181693Z[0m [34mDEBUG[0m [2methereum_transaction_pool_monitor::eth_client[0m[2m:[0m 📨 Received WebSocket message: {"jsonrpc":"2.0","method":"eth_subscription","params":{"subscription":"0xbed0a0851463e895960a451075a301a9","result":"0x02bb5525cb7f0f11d1da453054b98da358760815196d3c42ffbabd096afc4e1d"}}
[2m2025-12-10T10:10:44.181698Z[0m [34mDEBUG[0m [2methereum_transaction_pool_monitor::eth_client[0m[2m:[0m 📨 Received pending transaction: 0x02bb5525cb7f0f11d1da453054b98da358760815196d3c42ffbabd096afc4e1d
[2m2025-12-10T10:10:44.186739Z[0m [34mDEBUG[0m [2mhyper::proto::h1::io[0m[2m:[0m parsed 4 headers
[2m2025-12-10T10:10:44.186753Z[0m [34mDEBUG[0m [2mhyper::proto::h1::conn[0m[2m:[0m incoming body is content-length (766 bytes)
[2m2025-12-10T10:10:44.186761Z[0m [34mDEBUG[0m [2mhyper::proto::h1::conn[0m[2m:[0m incoming body completed
[2m2025-12-10T10:10:44.186773Z[0m [34mDEBUG[0m [2mhyper::client::pool[0m[2m:[0m pooling idle connection for ("http", 192.168.0.14:8545)
[2m2025-12-10T10:10:44.186781Z[0m [34mDEBUG[0m [2methereum_transaction_pool_monitor::eth_client[0m[2m:[0m 📡 Transaction fetch RPC completed in 5.207959ms
[2m2025-12-10T10:10:44.186797Z[0m [34mDEBUG[0m [2methereum_transaction_pool_monitor::eth_client[0m[2m:[0m DeFi transaction detected - Address: 0xdac17f958d2ee523a2206206994597c13d831ec7, Type: Stablecoin, Value: 0 ETH, Gas: 0.30 Gwei
[2m2025-12-10T10:10:44.186810Z[0m [34mDEBUG[0m [2methereum_transaction_pool_monitor::eth_client[0m[2m:[0m ✅ Transaction 0xabe7ecebcc4d1d389d7299aaf9c549d7143b1eaeeea397543422c49f63beeeeb fetched and parsed in 5.237459ms
[2m2025-12-10T10:10:44.186816Z[0m [34mDEBUG[0m [2methereum_transaction_pool_monitor::mempool_monitor[0m[2m:[0m 🔍 Skipping tx 0xabe7ecebcc4d1d389d7299aaf9c549d7143b1eaeeea397543422c49f63beeeeb - not a DEX interaction (target: 0xdAC17F958D2ee523a2206206994597C13D831ec7)
[2m2025-12-10T10:10:44.186824Z[0m [34mDEBUG[0m [2methereum_transaction_pool_monitor::mempool_monitor[0m[2m:[0m 📨 Processing new pending transaction: 0x9618f18761c545954ecc9659242baa9aa34f5739800fa9851b13f5b6a5dbec0a
[2m2025-12-10T10:10:44.186829Z[0m [34mDEBUG[0m [2methereum_transaction_pool_monitor::mempool_monitor[0m[2m:[0m 🔍 Fetching transaction details for: 0x9618f18761c545954ecc9659242baa9aa34f5739800fa9851b13f5b6a5dbec0a
[2m2025-12-10T10:10:44.186832Z[0m [34mDEBUG[0m [2methereum_transaction_pool_monitor::eth_client[0m[2m:[0m 🔍 Fetching transaction details for hash: 0x9618f18761c545954ecc9659242baa9aa34f5739800fa9851b13f5b6a5dbec0a
[2m2025-12-10T10:10:44.186848Z[0m [34mDEBUG[0m [2mhyper::client::pool[0m[2m:[0m reuse idle connection for ("http", 192.168.0.14:8545)
[2m2025-12-10T10:10:44.186869Z[0m [34mDEBUG[0m [2mhyper::proto::h1::io[0m[2m:[0m flushed 250 bytes
[2m2025-12-10T10:10:44.193309Z[0m [34mDEBUG[0m [2mhyper::proto::h1::io[0m[2m:[0m parsed 4 headers
[2m2025-12-10T10:10:44.193318Z[0m [34mDEBUG[0m [2mhyper::proto::h1::conn[0m[2m:[0m incoming body is content-length (655 bytes)
[2m2025-12-10T10:10:44.193324Z[0m [34mDEBUG[0m [2mhyper::proto::h1::conn[0m[2m:[0m incoming body completed
[2m2025-12-10T10:10:44.193330Z[0m [34mDEBUG[0m [2mhyper::client::pool[0m[2m:[0m pooling idle connection for ("http", 192.168.0.14:8545)
[2m2025-12-10T10:10:44.193338Z[0m [34mDEBUG[0m [2methereum_transaction_pool_monitor::eth_client[0m[2m:[0m 📡 Transaction fetch RPC completed in 6.502167ms
[2m2025-12-10T10:10:44.260474Z[0m [34mDEBUG[0m [2methereum_transaction_pool_monitor::eth_client[0m[2m:[0m ✅ Transaction 0x9618f18761c545954ecc9659242baa9aa34f5739800fa9851b13f5b6a5dbec0a fetched and parsed in 73.635583ms
[2m2025-12-10T10:10:44.260502Z[0m [34mDEBUG[0m [2methereum_transaction_pool_monitor::mempool_monitor[0m[2m:[0m 🔍 Skipping tx 0x9618f18761c545954ecc9659242baa9aa34f5739800fa9851b13f5b6a5dbec0a - not a DEX interaction (target: 0x022EBE91edC9916c6AD23c9E742459434b99bD60)
[2m2025-12-10T10:10:44.260515Z[0m [34mDEBUG[0m [2methereum_transaction_pool_monitor::mempool_monitor[0m[2m:[0m 📨 Processing new pending transaction: 0x9581bbe5fa9255612f87a1261da1e23c45ccdf160ce284eccdd85b541fd5d976
[2m2025-12-10T10:10:44.260523Z[0m [34mDEBUG[0m [2methereum_transaction_pool_monitor::mempool_monitor[0m[2m:[0m 🔍 Fetching transaction details for: 0x9581bbe5fa9255612f87a1261da1e23c45ccdf160ce284eccdd85b541fd5d976
[2m2025-12-10T10:10:44.260530Z[0m [34mDEBUG[0m [2methereum_transaction_pool_monitor::eth_client[0m[2m:[0m 🔍 Fetching transaction details for hash: 0x9581bbe5fa9255612f87a1261da1e23c45ccdf160ce284eccdd85b541fd5d976
[2m2025-12-10T10:10:44.260551Z[0m [34mDEBUG[0m [2mhyper::client::pool[0m[2m:[0m reuse idle connection for ("http", 192.168.0.14:8545)
[2m2025-12-10T10:10:44.260596Z[0m [34mDEBUG[0m [2mhyper::proto::h1::io[0m[2m:[0m flushed 250 bytes
[2m2025-12-10T10:10:44.260624Z[0m [34mDEBUG[0m [2mhyper::client::pool[0m[2m:[0m reuse idle connection for ("http", 192.168.0.14:8545)
[2m2025-12-10T10:10:44.260639Z[0m [34mDEBUG[0m [2mhyper::proto::h1::io[0m[2m:[0m flushed 172 bytes
[2m2025-12-10T10:10:44.264598Z[0m [34mDEBUG[0m [2mhyper::proto::h1::io[0m[2m:[0m parsed 4 headers
[2m2025-12-10T10:10:44.264612Z[0m [34mDEBUG[0m [2mhyper::proto::h1::conn[0m[2m:[0m incoming body is content-length (45 bytes)
[2m2025-12-10T10:10:44.264619Z[0m [34mDEBUG[0m [2mhyper::proto::h1::conn[0m[2m:[0m incoming body completed
[2m2025-12-10T10:10:44.264627Z[0m [34mDEBUG[0m [2mhyper::client::pool[0m[2m:[0m pooling idle connection for ("http", 192.168.0.14:8545)
[2m2025-12-10T10:10:44.265720Z[0m [34mDEBUG[0m [2mhyper::proto::h1::io[0m[2m:[0m parsed 4 headers
[2m2025-12-10T10:10:44.265727Z[0m [34mDEBUG[0m [2mhyper::proto::h1::conn[0m[2m:[0m incoming body is content-length (654 bytes)
[2m2025-12-10T10:10:44.265732Z[0m [34mDEBUG[0m [2mhyper::proto::h1::conn[0m[2m:[0m incoming body completed
[2m2025-12-10T10:10:44.265739Z[0m [34mDEBUG[0m [2mhyper::client::pool[0m[2m:[0m pooling idle connection for ("http", 192.168.0.14:8545)
[2m2025-12-10T10:10:44.265744Z[0m [34mDEBUG[0m [2methereum_transaction_pool_monitor::eth_client[0m[2m:[0m 📡 Transaction fetch RPC completed in 5.205833ms
[2m2025-12-10T10:10:44.336091Z[0m [34mDEBUG[0m [2methereum_transaction_pool_monitor::eth_client[0m[2m:[0m ✅ Transaction 0x9581bbe5fa9255612f87a1261da1e23c45ccdf160ce284eccdd85b541fd5d976 fetched and parsed in 75.550083ms
[2m2025-12-10T10:10:44.336117Z[0m [34mDEBUG[0m [2methereum_transaction_pool_monitor::mempool_monitor[0m[2m:[0m 🔍 Skipping tx 0x9581bbe5fa9255612f87a1261da1e23c45ccdf160ce284eccdd85b541fd5d976 - not a DEX interaction (target: 0xABB750e7a3fD7187d3e2E427053049436fdCe04e)
[2m2025-12-10T10:10:44.336127Z[0m [34mDEBUG[0m [2methereum_transaction_pool_monitor::mempool_monitor[0m[2m:[0m 📨 Processing new pending transaction: 0x117b0196ab4ea02b1459b806d09b7d126d1d638f112b567c3ed0ec66252b3f5e
[2m2025-12-10T10:10:44.336134Z[0m [34mDEBUG[0m [2methereum_transaction_pool_monitor::mempool_monitor[0m[2m:[0m 🔍 Fetching transaction details for: 0x117b0196ab4ea02b1459b806d09b7d126d1d638f112b567c3ed0ec66252b3f5e
[2m2025-12-10T10:10:44.336141Z[0m [34mDEBUG[0m [2methereum_transaction_pool_monitor::eth_client[0m[2m:[0m 🔍 Fetching transaction details for hash: 0x117b0196ab4ea02b1459b806d09b7d126d1d638f112b567c3ed0ec66252b3f5e
[2m2025-12-10T10:10:44.336158Z[0m [34mDEBUG[0m [2mhyper::client::pool[0m[2m:[0m reuse idle connection for ("http", 192.168.0.14:8545)
[2m2025-12-10T10:10:44.336198Z[0m [34mDEBUG[0m [2mhyper::proto::h1::io[0m[2m:[0m flushed 250 bytes
[2m2025-12-10T10:10:44.336217Z[0m [34mDEBUG[0m [2mhyper::client::pool[0m[2m:[0m reuse idle connection for ("http", 192.168.0.14:8545)
[2m2025-12-10T10:10:44.336230Z[0m [34mDEBUG[0m [2mhyper::proto::h1::io[0m[2m:[0m flushed 172 bytes
[2m2025-12-10T10:10:44.336276Z[0m [34mDEBUG[0m [2methereum_transaction_pool_monitor::eth_client[0m[2m:[0m 📨 Received WebSocket message: {"jsonrpc":"2.0","method":"eth_subscription","params":{"subscription":"0xbed0a0851463e895960a451075a301a9","result":"0xb5715f83b906995c57abe26a3c4572f3ac5965ccae446fcd35053fbfc7ce210f"}}
[2m2025-12-10T10:10:44.336311Z[0m [34mDEBUG[0m [2methereum_transaction_pool_monitor::eth_client[0m[2m:[0m 📨 Received pending transaction: 0xb5715f83b906995c57abe26a3c4572f3ac5965ccae446fcd35053fbfc7ce210f
[2m2025-12-10T10:10:44.336319Z[0m [34mDEBUG[0m [2methereum_transaction_pool_monitor::eth_client[0m[2m:[0m 📨 Received WebSocket message: {"jsonrpc":"2.0","method":"eth_subscription","params":{"subscription":"0xbed0a0851463e895960a451075a301a9","result":"0xb0b1b7a4ef6ec1de0a8e388d1f76f415f6d5f65ab8840197d3abf296910521ef"}}
[2m2025-12-10T10:10:44.336324Z[0m [34mDEBUG[0m [2methereum_transaction_pool_monitor::eth_client[0m[2m:[0m 📨 Received pending transaction: 0xb0b1b7a4ef6ec1de0a8e388d1f76f415f6d5f65ab8840197d3abf296910521ef
[2m2025-12-10T10:10:44.340299Z[0m [34mDEBUG[0m [2mhyper::proto::h1::io[0m[2m:[0m parsed 4 headers
[2m2025-12-10T10:10:44.340313Z[0m [34mDEBUG[0m [2mhyper::proto::h1::conn[0m[2m:[0m incoming body is content-length (45 bytes)
[2m2025-12-10T10:10:44.340321Z[0m [34mDEBUG[0m [2mhyper::proto::h1::conn[0m[2m:[0m incoming body completed
[2m2025-12-10T10:10:44.340333Z[0m [34mDEBUG[0m [2mhyper::client::pool[0m[2m:[0m pooling idle connection for ("http", 192.168.0.14:8545)
[2m2025-12-10T10:10:44.341483Z[0m [34mDEBUG[0m [2mhyper::proto::h1::io[0m[2m:[0m parsed 4 headers
[2m2025-12-10T10:10:44.341505Z[0m [34mDEBUG[0m [2mhyper::proto::h1::conn[0m[2m:[0m incoming body is content-length (765 bytes)
[2m2025-12-10T10:10:44.341525Z[0m [34mDEBUG[0m [2mhyper::proto::h1::conn[0m[2m:[0m incoming body completed
[2m2025-12-10T10:10:44.341564Z[0m [34mDEBUG[0m [2mhyper::client::pool[0m[2m:[0m pooling idle connection for ("http", 192.168.0.14:8545)
[2m2025-12-10T10:10:44.341572Z[0m [34mDEBUG[0m [2methereum_transaction_pool_monitor::eth_client[0m[2m:[0m 📡 Transaction fetch RPC completed in 5.426709ms
[2m2025-12-10T10:10:44.412767Z[0m [34mDEBUG[0m [2methereum_transaction_pool_monitor::eth_client[0m[2m:[0m ✅ Transaction 0x117b0196ab4ea02b1459b806d09b7d126d1d638f112b567c3ed0ec66252b3f5e fetched and parsed in 76.618834ms
[2m2025-12-10T10:10:44.412793Z[0m [34mDEBUG[0m [2methereum_transaction_pool_monitor::mempool_monitor[0m[2m:[0m 🔍 Skipping tx 0x117b0196ab4ea02b1459b806d09b7d126d1d638f112b567c3ed0ec66252b3f5e - not a DEX interaction (target: 0x45804880De22913dAFE09f4980848ECE6EcbAf78)
[2m2025-12-10T10:10:44.412802Z[0m [34mDEBUG[0m [2methereum_transaction_pool_monitor::mempool_monitor[0m[2m:[0m 📨 Processing new pending transaction: 0x1ee871c7cb9ce2f1e7692535414cee37a7ee4dddb0ae86de6109f65b5e2576db
[2m2025-12-10T10:10:44.412809Z[0m [34mDEBUG[0m [2methereum_transaction_pool_monitor::mempool_monitor[0m[2m:[0m 🔍 Fetching transaction details for: 0x1ee871c7cb9ce2f1e7692535414cee37a7ee4dddb0ae86de6109f65b5e2576db
[2m2025-12-10T10:10:44.412815Z[0m [34mDEBUG[0m [2methereum_transaction_pool_monitor::eth_client[0m[2m:[0m 🔍 Fetching transaction details for hash: 0x1ee871c7cb9ce2f1e7692535414cee37a7ee4dddb0ae86de6109f65b5e2576db
[2m2025-12-10T10:10:44.412832Z[0m [34mDEBUG[0m [2mhyper::client::pool[0m[2m:[0m reuse idle connection for ("http", 192.168.0.14:8545)
[2m2025-12-10T10:10:44.412872Z[0m [34mDEBUG[0m [2mhyper::proto::h1::io[0m[2m:[0m flushed 250 bytes
[2m2025-12-10T10:10:44.412892Z[0m [34mDEBUG[0m [2mhyper::client::pool[0m[2m:[0m reuse idle connection for ("http", 192.168.0.14:8545)
[2m2025-12-10T10:10:44.412908Z[0m [34mDEBUG[0m [2mhyper::proto::h1::io[0m[2m:[0m flushed 172 bytes
[2m2025-12-10T10:10:44.412914Z[0m [34mDEBUG[0m [2methereum_transaction_pool_monitor::eth_client[0m[2m:[0m 📨 Received WebSocket message: {"jsonrpc":"2.0","method":"eth_subscription","params":{"subscription":"0xbed0a0851463e895960a451075a301a9","result":"0x3b806e22ca0b71fa49c9e22844d9749677a66f1a6b0188bd624b2b5b803fe683"}}
[2m2025-12-10T10:10:44.412928Z[0m [34mDEBUG[0m [2methereum_transaction_pool_monitor::eth_client[0m[2m:[0m 📨 Received pending transaction: 0x3b806e22ca0b71fa49c9e22844d9749677a66f1a6b0188bd624b2b5b803fe683
[2m2025-12-10T10:10:44.416176Z[0m [34mDEBUG[0m [2mhyper::proto::h1::io[0m[2m:[0m parsed 4 headers
[2m2025-12-10T10:10:44.416182Z[0m [34mDEBUG[0m [2mhyper::proto::h1::conn[0m[2m:[0m incoming body is content-length (45 bytes)
[2m2025-12-10T10:10:44.416188Z[0m [34mDEBUG[0m [2mhyper::proto::h1::conn[0m[2m:[0m incoming body completed
[2m2025-12-10T10:10:44.416196Z[0m [34mDEBUG[0m [2mhyper::client::pool[0m[2m:[0m pooling idle connection for ("http", 192.168.0.14:8545)
[2m2025-12-10T10:10:44.416908Z[0m [34mDEBUG[0m [2mhyper::proto::h1::io[0m[2m:[0m parsed 4 headers
[2m2025-12-10T10:10:44.416916Z[0m [34mDEBUG[0m [2mhyper::proto::h1::conn[0m[2m:[0m incoming body is content-length (653 bytes)
[2m2025-12-10T10:10:44.416926Z[0m [34mDEBUG[0m [2mhyper::proto::h1::conn[0m[2m:[0m incoming body completed
[2m2025-12-10T10:10:44.416934Z[0m [34mDEBUG[0m [2mhyper::client::pool[0m[2m:[0m pooling idle connection for ("http", 192.168.0.14:8545)
[2m2025-12-10T10:10:44.416943Z[0m [34mDEBUG[0m [2methereum_transaction_pool_monitor::eth_client[0m[2m:[0m 📡 Transaction fetch RPC completed in 4.12375ms
[2m2025-12-10T10:10:44.488639Z[0m [34mDEBUG[0m [2methereum_transaction_pool_monitor::eth_client[0m[2m:[0m ✅ Transaction 0x1ee871c7cb9ce2f1e7692535414cee37a7ee4dddb0ae86de6109f65b5e2576db fetched and parsed in 75.817209ms
[2m2025-12-10T10:10:44.488666Z[0m [34mDEBUG[0m [2methereum_transaction_pool_monitor::mempool_monitor[0m[2m:[0m 🔍 Skipping tx 0x1ee871c7cb9ce2f1e7692535414cee37a7ee4dddb0ae86de6109f65b5e2576db - not a DEX interaction (target: 0x03748F0c119c14caB3ABf1B88106F22cd01ad4EA)
[2m2025-12-10T10:10:44.488677Z[0m [34mDEBUG[0m [2methereum_transaction_pool_monitor::mempool_monitor[0m[2m:[0m 📨 Processing new pending transaction: 0x9dd78e9a90923563e2c9c92325aa607c8ce6505288cb288e628494dbded77c7d
[2m2025-12-10T10:10:44.488692Z[0m [34mDEBUG[0m [2methereum_transaction_pool_monitor::mempool_monitor[0m[2m:[0m 🔍 Fetching transaction details for: 0x9dd78e9a90923563e2c9c92325aa607c8ce6505288cb288e628494dbded77c7d
[2m2025-12-10T10:10:44.488703Z[0m [34mDEBUG[0m [2methereum_transaction_pool_monitor::eth_client[0m[2m:[0m 🔍 Fetching transaction details for hash: 0x9dd78e9a90923563e2c9c92325aa607c8ce6505288cb288e628494dbded77c7d
[2m2025-12-10T10:10:44.488723Z[0m [34mDEBUG[0m [2mhyper::client::pool[0m[2m:[0m reuse idle connection for ("http", 192.168.0.14:8545)
[2m2025-12-10T10:10:44.488759Z[0m [34mDEBUG[0m [2mhyper::proto::h1::io[0m[2m:[0m flushed 250 bytes
[2m2025-12-10T10:10:44.494554Z[0m [34mDEBUG[0m [2mhyper::proto::h1::io[0m[2m:[0m parsed 4 headers
[2m2025-12-10T10:10:44.494568Z[0m [34mDEBUG[0m [2mhyper::proto::h1::conn[0m[2m:[0m incoming body is content-length (778 bytes)
[2m2025-12-10T10:10:44.494577Z[0m [34mDEBUG[0m [2mhyper::proto::h1::conn[0m[2m:[0m incoming body completed
[2m2025-12-10T10:10:44.494589Z[0m [34mDEBUG[0m [2mhyper::client::pool[0m[2m:[0m pooling idle connection for ("http", 192.168.0.14:8545)
[2m2025-12-10T10:10:44.494597Z[0m [34mDEBUG[0m [2methereum_transaction_pool_monitor::eth_client[0m[2m:[0m 📡 Transaction fetch RPC completed in 5.886041ms
[2m2025-12-10T10:10:44.565384Z[0m [34mDEBUG[0m [2methereum_transaction_pool_monitor::eth_client[0m[2m:[0m ✅ Transaction 0x9dd78e9a90923563e2c9c92325aa607c8ce6505288cb288e628494dbded77c7d fetched and parsed in 76.670291ms
[2m2025-12-10T10:10:44.565412Z[0m [34mDEBUG[0m [2methereum_transaction_pool_monitor::mempool_monitor[0m[2m:[0m 🔍 Skipping tx 0x9dd78e9a90923563e2c9c92325aa607c8ce6505288cb288e628494dbded77c7d - not a DEX interaction (target: 0x163f8C2467924be0ae7B5347228CABF260318753)
[2m2025-12-10T10:10:44.565425Z[0m [34mDEBUG[0m [2methereum_transaction_pool_monitor::mempool_monitor[0m[2m:[0m 📨 Processing new pending transaction: 0x6d704c2cceb94f7f4472ca0a6dd880048ed60a58a341bbaaed915447bf4ac780
[2m2025-12-10T10:10:44.565432Z[0m [34mDEBUG[0m [2methereum_transaction_pool_monitor::mempool_monitor[0m[2m:[0m 🔍 Fetching transaction details for: 0x6d704c2cceb94f7f4472ca0a6dd880048ed60a58a341bbaaed915447bf4ac780
[2m2025-12-10T10:10:44.565437Z[0m [34mDEBUG[0m [2methereum_transaction_pool_monitor::eth_client[0m[2m:[0m 🔍 Fetching transaction details for hash: 0x6d704c2cceb94f7f4472ca0a6dd880048ed60a58a341bbaaed915447bf4ac780
[2m2025-12-10T10:10:44.565459Z[0m [34mDEBUG[0m [2mhyper::client::pool[0m[2m:[0m reuse idle connection for ("http", 192.168.0.14:8545)
[2m2025-12-10T10:10:44.565494Z[0m [34mDEBUG[0m [2mhyper::proto::h1::io[0m[2m:[0m flushed 250 bytes
[2m2025-12-10T10:10:44.565514Z[0m [34mDEBUG[0m [2mhyper::client::pool[0m[2m:[0m reuse idle connection for ("http", 192.168.0.14:8545)
[2m2025-12-10T10:10:44.565527Z[0m [34mDEBUG[0m [2mhyper::proto::h1::io[0m[2m:[0m flushed 172 bytes
[2m2025-12-10T10:10:44.565567Z[0m [34mDEBUG[0m [2methereum_transaction_pool_monitor::eth_client[0m[2m:[0m 📨 Received WebSocket message: {"jsonrpc":"2.0","method":"eth_subscription","params":{"subscription":"0xbed0a0851463e895960a451075a301a9","result":"0xf7e6ecb590eeaa727f759bdda0af5b9015071115d78e7b38613e1fdd5fb6a412"}}
[2m2025-12-10T10:10:44.565577Z[0m [34mDEBUG[0m [2methereum_transaction_pool_monitor::eth_client[0m[2m:[0m 📨 Received pending transaction: 0xf7e6ecb590eeaa727f759bdda0af5b9015071115d78e7b38613e1fdd5fb6a412
[2m2025-12-10T10:10:44.565583Z[0m [34mDEBUG[0m [2methereum_transaction_pool_monitor::eth_client[0m[2m:[0m 📨 Received WebSocket message: {"jsonrpc":"2.0","method":"eth_subscription","params":{"subscription":"0xbed0a0851463e895960a451075a301a9","result":"0x334a8129ebc413e1940b522944547b11f9b25459727a3942f5ecb5e01a79be3f"}}
[2m2025-12-10T10:10:44.565590Z[0m [34mDEBUG[0m [2methereum_transaction_pool_monitor::eth_client[0m[2m:[0m 📨 Received pending transaction: 0x334a8129ebc413e1940b522944547b11f9b25459727a3942f5ecb5e01a79be3f
[2m2025-12-10T10:10:44.565596Z[0m [34mDEBUG[0m [2methereum_transaction_pool_monitor::eth_client[0m[2m:[0m 📨 Received WebSocket message: {"jsonrpc":"2.0","method":"eth_subscription","params":{"subscription":"0xbed0a0851463e895960a451075a301a9","result":"0x482503cda4643f8e925422bd4f69292aaf74ed5271c1e4ca42751fc7a9e9a96a"}}
[2m2025-12-10T10:10:44.565602Z[0m [34mDEBUG[0m [2methereum_transaction_pool_monitor::eth_client[0m[2m:[0m 📨 Received pending transaction: 0x482503cda4643f8e925422bd4f69292aaf74ed5271c1e4ca42751fc7a9e9a96a
[2m2025-12-10T10:10:44.570068Z[0m [34mDEBUG[0m [2mhyper::proto::h1::io[0m[2m:[0m parsed 4 headers
[2m2025-12-10T10:10:44.570104Z[0m [34mDEBUG[0m [2mhyper::proto::h1::conn[0m[2m:[0m incoming body is content-length (45 bytes)
[2m2025-12-10T10:10:44.570117Z[0m [34mDEBUG[0m [2mhyper::proto::h1::conn[0m[2m:[0m incoming body completed
[2m2025-12-10T10:10:44.570142Z[0m [34mDEBUG[0m [2mhyper::client::pool[0m[2m:[0m pooling idle connection for ("http", 192.168.0.14:8545)
[2m2025-12-10T10:10:44.570607Z[0m [34mDEBUG[0m [2mhyper::proto::h1::io[0m[2m:[0m parsed 4 headers
[2m2025-12-10T10:10:44.570617Z[0m [34mDEBUG[0m [2mhyper::proto::h1::conn[0m[2m:[0m incoming body is content-length (778 bytes)
[2m2025-12-10T10:10:44.570621Z[0m [34mDEBUG[0m [2mhyper::proto::h1::conn[0m[2m:[0m incoming body completed
[2m2025-12-10T10:10:44.570630Z[0m [34mDEBUG[0m [2mhyper::client::pool[0m[2m:[0m pooling idle connection for ("http", 192.168.0.14:8545)
[2m2025-12-10T10:10:44.570637Z[0m [34mDEBUG[0m [2methereum_transaction_pool_monitor::eth_client[0m[2m:[0m 📡 Transaction fetch RPC completed in 5.19575ms
[2m2025-12-10T10:10:44.570654Z[0m [34mDEBUG[0m [2methereum_transaction_pool_monitor::eth_client[0m[2m:[0m DeFi transaction detected - Address: 0xdac17f958d2ee523a2206206994597c13d831ec7, Type: Stablecoin, Value: 0 ETH, Gas: 127.50 Gwei
[2m2025-12-10T10:10:44.570676Z[0m [34mDEBUG[0m [2methereum_transaction_pool_monitor::eth_client[0m[2m:[0m ✅ Transaction 0x6d704c2cceb94f7f4472ca0a6dd880048ed60a58a341bbaaed915447bf4ac780 fetched and parsed in 5.235167ms
[2m2025-12-10T10:10:44.570684Z[0m [34mDEBUG[0m [2methereum_transaction_pool_monitor::mempool_monitor[0m[2m:[0m 🔍 Skipping tx 0x6d704c2cceb94f7f4472ca0a6dd880048ed60a58a341bbaaed915447bf4ac780 - not a DEX interaction (target: 0xdAC17F958D2ee523a2206206994597C13D831ec7)
[2m2025-12-10T10:10:44.570694Z[0m [34mDEBUG[0m [2methereum_transaction_pool_monitor::mempool_monitor[0m[2m:[0m 📨 Processing new pending transaction: 0xa5fdad4e0af5278faf5a16416125e8267b337b275363432b97fbf9fe72227606
[2m2025-12-10T10:10:44.570698Z[0m [34mDEBUG[0m [2methereum_transaction_pool_monitor::mempool_monitor[0m[2m:[0m 🔍 Fetching transaction details for: 0xa5fdad4e0af5278faf5a16416125e8267b337b275363432b97fbf9fe72227606
[2m2025-12-10T10:10:44.570702Z[0m [34mDEBUG[0m [2methereum_transaction_pool_monitor::eth_client[0m[2m:[0m 🔍 Fetching transaction details for hash: 0xa5fdad4e0af5278faf5a16416125e8267b337b275363432b97fbf9fe72227606
[2m2025-12-10T10:10:44.570721Z[0m [34mDEBUG[0m [2mhyper::client::pool[0m[2m:[0m reuse idle connection for ("http", 192.168.0.14:8545)
[2m2025-12-10T10:10:44.570760Z[0m [34mDEBUG[0m [2mhyper::proto::h1::io[0m[2m:[0m flushed 250 bytes
[2m2025-12-10T10:10:44.575003Z[0m [34mDEBUG[0m [2mhyper::proto::h1::io[0m[2m:[0m parsed 4 headers
[2m2025-12-10T10:10:44.575011Z[0m [34mDEBUG[0m [2mhyper::proto::h1::conn[0m[2m:[0m incoming body is content-length (2570 bytes)
[2m2025-12-10T10:10:44.575020Z[0m [34mDEBUG[0m [2methereum_transaction_pool_monitor::eth_client[0m[2m:[0m 📡 Transaction fetch RPC completed in 4.313583ms
[2m2025-12-10T10:10:44.575896Z[0m [34mDEBUG[0m [2mhyper::proto::h1::conn[0m[2m:[0m incoming body completed
[2m2025-12-10T10:10:44.575906Z[0m [34mDEBUG[0m [2mhyper::client::pool[0m[2m:[0m pooling idle connection for ("http", 192.168.0.14:8545)
[2m2025-12-10T10:10:44.579577Z[0m [34mDEBUG[0m [2methereum_transaction_pool_monitor::eth_client[0m[2m:[0m 📨 Received WebSocket message: {"jsonrpc":"2.0","method":"eth_subscription","params":{"subscription":"0xbed0a0851463e895960a451075a301a9","result":"0x004439922f91e0148e9bdce38200fd216b41b7846b8d9a7506ec705e19b0f551"}}
[2m2025-12-10T10:10:44.582116Z[0m [34mDEBUG[0m [2methereum_transaction_pool_monitor::eth_client[0m[2m:[0m 📨 Received pending transaction: 0x004439922f91e0148e9bdce38200fd216b41b7846b8d9a7506ec705e19b0f551
[2m2025-12-10T10:10:44.582154Z[0m [34mDEBUG[0m [2methereum_transaction_pool_monitor::eth_client[0m[2m:[0m 📨 Received WebSocket message: {"jsonrpc":"2.0","method":"eth_subscription","params":{"subscription":"0xbed0a0851463e895960a451075a301a9","result":"0x00c269fc2f52b85e61563da0e0ba0b5cc606bc67dd80fb5f8efd8399a42240e0"}}
[2m2025-12-10T10:10:44.582164Z[0m [34mDEBUG[0m [2methereum_transaction_pool_monitor::eth_client[0m[2m:[0m 📨 Received pending transaction: 0x00c269fc2f52b85e61563da0e0ba0b5cc606bc67dd80fb5f8efd8399a42240e0
[2m2025-12-10T10:10:44.597701Z[0m [34mDEBUG[0m [2mhyper::client::pool[0m[2m:[0m reuse idle connection for ("http", 192.168.0.14:8545)
[2m2025-12-10T10:10:44.597768Z[0m [34mDEBUG[0m [2mhyper::proto::h1::io[0m[2m:[0m flushed 172 bytes
[2m2025-12-10T10:10:44.600859Z[0m [34mDEBUG[0m [2mhyper::proto::h1::io[0m[2m:[0m parsed 4 headers
[2m2025-12-10T10:10:44.600872Z[0m [34mDEBUG[0m [2mhyper::proto::h1::conn[0m[2m:[0m incoming body is content-length (45 bytes)
[2m2025-12-10T10:10:44.600880Z[0m [34mDEBUG[0m [2mhyper::proto::h1::conn[0m[2m:[0m incoming body completed
[2m2025-12-10T10:10:44.600889Z[0m [34mDEBUG[0m [2mhyper::client::pool[0m[2m:[0m pooling idle connection for ("http", 192.168.0.14:8545)
[2m2025-12-10T10:10:44.621466Z[0m [34mDEBUG[0m [2methereum_transaction_pool_monitor::eth_client[0m[2m:[0m 📨 Received WebSocket message: {"jsonrpc":"2.0","method":"eth_subscription","params":{"subscription":"0xbed0a0851463e895960a451075a301a9","result":"0x9d467912cd8ddc9dccfece906873c6b48b487d03448cc96130fff1c73c5e06f1"}}
[2m2025-12-10T10:10:44.621492Z[0m [34mDEBUG[0m [2methereum_transaction_pool_monitor::eth_client[0m[2m:[0m 📨 Received pending transaction: 0x9d467912cd8ddc9dccfece906873c6b48b487d03448cc96130fff1c73c5e06f1
[2m2025-12-10T10:10:44.631544Z[0m [34mDEBUG[0m [2methereum_transaction_pool_monitor::eth_client[0m[2m:[0m 📨 Received WebSocket message: {"jsonrpc":"2.0","method":"eth_subscription","params":{"subscription":"0xbed0a0851463e895960a451075a301a9","result":"0x46daf3b453ea2468ef2fdd927f951e1f719d261dea6649386cfd0e0a5b0e35b2"}}
[2m2025-12-10T10:10:44.631615Z[0m [34mDEBUG[0m [2methereum_transaction_pool_monitor::eth_client[0m[2m:[0m 📨 Received pending transaction: 0x46daf3b453ea2468ef2fdd927f951e1f719d261dea6649386cfd0e0a5b0e35b2
[2m2025-12-10T10:10:44.648035Z[0m [34mDEBUG[0m [2methereum_transaction_pool_monitor::eth_client[0m[2m:[0m ✅ Transaction 0xa5fdad4e0af5278faf5a16416125e8267b337b275363432b97fbf9fe72227606 fetched and parsed in 77.325708ms
[2m2025-12-10T10:10:44.648058Z[0m [34mDEBUG[0m [2methereum_transaction_pool_monitor::mempool_monitor[0m[2m:[0m 🔍 Skipping tx 0xa5fdad4e0af5278faf5a16416125e8267b337b275363432b97fbf9fe72227606 - not a DEX interaction (target: 0x364e94A1bF09Fc6498e979e7715Bb13fa6e9F807)
[2m2025-12-10T10:10:44.648068Z[0m [34mDEBUG[0m [2methereum_transaction_pool_monitor::mempool_monitor[0m[2m:[0m 📨 Processing new pending transaction: 0x03624244d89f3760ce82b15f63cdf20dcebaed65d391842a8cec6530fc994a4f
[2m2025-12-10T10:10:44.648074Z[0m [34mDEBUG[0m [2methereum_transaction_pool_monitor::mempool_monitor[0m[2m:[0m 🔍 Fetching transaction details for: 0x03624244d89f3760ce82b15f63cdf20dcebaed65d391842a8cec6530fc994a4f
[2m2025-12-10T10:10:44.648079Z[0m [34mDEBUG[0m [2methereum_transaction_pool_monitor::eth_client[0m[2m:[0m 🔍 Fetching transaction details for hash: 0x03624244d89f3760ce82b15f63cdf20dcebaed65d391842a8cec6530fc994a4f
[2m2025-12-10T10:10:44.648102Z[0m [34mDEBUG[0m [2mhyper::client::pool[0m[2m:[0m reuse idle connection for ("http", 192.168.0.14:8545)
[2m2025-12-10T10:10:44.648135Z[0m [34mDEBUG[0m [2mhyper::proto::h1::io[0m[2m:[0m flushed 250 bytes
[2m2025-12-10T10:10:44.653214Z[0m [34mDEBUG[0m [2mhyper::proto::h1::io[0m[2m:[0m parsed 4 headers
[2m2025-12-10T10:10:44.653224Z[0m [34mDEBUG[0m [2mhyper::proto::h1::conn[0m[2m:[0m incoming body is content-length (656 bytes)
[2m2025-12-10T10:10:44.653231Z[0m [34mDEBUG[0m [2mhyper::proto::h1::conn[0m[2m:[0m incoming body completed
[2m2025-12-10T10:10:44.653241Z[0m [34mDEBUG[0m [2mhyper::client::pool[0m[2m:[0m pooling idle connection for ("http", 192.168.0.14:8545)
[2m2025-12-10T10:10:44.653248Z[0m [34mDEBUG[0m [2methereum_transaction_pool_monitor::eth_client[0m[2m:[0m 📡 Transaction fetch RPC completed in 5.163ms
[2m2025-12-10T10:10:44.724132Z[0m [34mDEBUG[0m [2methereum_transaction_pool_monitor::eth_client[0m[2m:[0m ✅ Transaction 0x03624244d89f3760ce82b15f63cdf20dcebaed65d391842a8cec6530fc994a4f fetched and parsed in 76.045333ms
[2m2025-12-10T10:10:44.724166Z[0m [34mDEBUG[0m [2methereum_transaction_pool_monitor::mempool_monitor[0m[2m:[0m 🔍 Skipping tx 0x03624244d89f3760ce82b15f63cdf20dcebaed65d391842a8cec6530fc994a4f - not a DEX interaction (target: 0xBf722C0501C117334e55E22287B0a849a56Cf488)
[2m2025-12-10T10:10:44.724177Z[0m [34mDEBUG[0m [2methereum_transaction_pool_monitor::mempool_monitor[0m[2m:[0m 📨 Processing new pending transaction: 0x977f366e1a34967e6d8ba0224de72ad38e1a0f4e1aa5b6e7899617ca8681e30a
[2m2025-12-10T10:10:44.724184Z[0m [34mDEBUG[0m [2methereum_transaction_pool_monitor::mempool_monitor[0m[2m:[0m 🔍 Fetching transaction details for: 0x977f366e1a34967e6d8ba0224de72ad38e1a0f4e1aa5b6e7899617ca8681e30a
[2m2025-12-10T10:10:44.724191Z[0m [34mDEBUG[0m [2methereum_transaction_pool_monitor::eth_client[0m[2m:[0m 🔍 Fetching transaction details for hash: 0x977f366e1a34967e6d8ba0224de72ad38e1a0f4e1aa5b6e7899617ca8681e30a
[2m2025-12-10T10:10:44.724209Z[0m [34mDEBUG[0m [2mhyper::client::pool[0m[2m:[0m reuse idle connection for ("http", 192.168.0.14:8545)
[2m2025-12-10T10:10:44.724254Z[0m [34mDEBUG[0m [2mhyper::proto::h1::io[0m[2m:[0m flushed 250 bytes
[2m2025-12-10T10:10:44.724277Z[0m [34mDEBUG[0m [2mhyper::client::pool[0m[2m:[0m reuse idle connection for ("http", 192.168.0.14:8545)
[2m2025-12-10T10:10:44.724293Z[0m [34mDEBUG[0m [2mhyper::proto::h1::io[0m[2m:[0m flushed 172 bytes
[2m2025-12-10T10:10:44.724336Z[0m [34mDEBUG[0m [2methereum_transaction_pool_monitor::eth_client[0m[2m:[0m 📨 Received WebSocket message: {"jsonrpc":"2.0","method":"eth_subscription","params":{"subscription":"0xbed0a0851463e895960a451075a301a9","result":"0xfed73a3f80546e4cb648e8dfb70f6a093d139093dd97b767c7ef0d4a2c25bac6"}}
[2m2025-12-10T10:10:44.724347Z[0m [34mDEBUG[0m [2methereum_transaction_pool_monitor::eth_client[0m[2m:[0m 📨 Received pending transaction: 0xfed73a3f80546e4cb648e8dfb70f6a093d139093dd97b767c7ef0d4a2c25bac6
[2m2025-12-10T10:10:44.728298Z[0m [34mDEBUG[0m [2mhyper::proto::h1::io[0m[2m:[0m parsed 4 headers
[2m2025-12-10T10:10:44.728305Z[0m [34mDEBUG[0m [2mhyper::proto::h1::conn[0m[2m:[0m incoming body is content-length (45 bytes)
[2m2025-12-10T10:10:44.728318Z[0m [34mDEBUG[0m [2mhyper::proto::h1::conn[0m[2m:[0m incoming body completed
[2m2025-12-10T10:10:44.728329Z[0m [34mDEBUG[0m [2mhyper::client::pool[0m[2m:[0m pooling idle connection for ("http", 192.168.0.14:8545)
[2m2025-12-10T10:10:44.729296Z[0m [34mDEBUG[0m [2mhyper::proto::h1::io[0m[2m:[0m parsed 4 headers
[2m2025-12-10T10:10:44.729300Z[0m [34mDEBUG[0m [2mhyper::proto::h1::conn[0m[2m:[0m incoming body is content-length (553 bytes)
[2m2025-12-10T10:10:44.729306Z[0m [34mDEBUG[0m [2mhyper::proto::h1::conn[0m[2m:[0m incoming body completed
[2m2025-12-10T10:10:44.729312Z[0m [34mDEBUG[0m [2mhyper::client::pool[0m[2m:[0m pooling idle connection for ("http", 192.168.0.14:8545)
[2m2025-12-10T10:10:44.729321Z[0m [34mDEBUG[0m [2methereum_transaction_pool_monitor::eth_client[0m[2m:[0m 📡 Transaction fetch RPC completed in 5.125458ms
[2m2025-12-10T10:10:44.800984Z[0m [34mDEBUG[0m [2methereum_transaction_pool_monitor::eth_client[0m[2m:[0m ✅ Transaction 0x977f366e1a34967e6d8ba0224de72ad38e1a0f4e1aa5b6e7899617ca8681e30a fetched and parsed in 76.786125ms
[2m2025-12-10T10:10:44.804166Z[0m [34mDEBUG[0m [2methereum_transaction_pool_monitor::mempool_monitor[0m[2m:[0m 🔍 Skipping tx 0x977f366e1a34967e6d8ba0224de72ad38e1a0f4e1aa5b6e7899617ca8681e30a - not a DEX interaction (target: 0x897F0496499aFeeF82a29b297029BF26D065040C)
[2m2025-12-10T10:10:44.804183Z[0m [34mDEBUG[0m [2methereum_transaction_pool_monitor::mempool_monitor[0m[2m:[0m 📨 Processing new pending transaction: 0xf5a2a1664abb8fa1f3092ad13368fb9d54bf50e8b6316961cda1b76b6a3e50e4
[2m2025-12-10T10:10:44.804191Z[0m [34mDEBUG[0m [2methereum_transaction_pool_monitor::mempool_monitor[0m[2m:[0m 🔍 Fetching transaction details for: 0xf5a2a1664abb8fa1f3092ad13368fb9d54bf50e8b6316961cda1b76b6a3e50e4
[2m2025-12-10T10:10:44.804198Z[0m [34mDEBUG[0m [2methereum_transaction_pool_monitor::eth_client[0m[2m:[0m 🔍 Fetching transaction details for hash: 0xf5a2a1664abb8fa1f3092ad13368fb9d54bf50e8b6316961cda1b76b6a3e50e4
[2m2025-12-10T10:10:44.804218Z[0m [34mDEBUG[0m [2mhyper::client::pool[0m[2m:[0m reuse idle connection for ("http", 192.168.0.14:8545)
[2m2025-12-10T10:10:44.804257Z[0m [34mDEBUG[0m [2mhyper::proto::h1::io[0m[2m:[0m flushed 250 bytes
[2m2025-12-10T10:10:44.804279Z[0m [34mDEBUG[0m [2mhyper::client::pool[0m[2m:[0m reuse idle connection for ("http", 192.168.0.14:8545)
[2m2025-12-10T10:10:44.804295Z[0m [34mDEBUG[0m [2mhyper::proto::h1::io[0m[2m:[0m flushed 172 bytes
[2m2025-12-10T10:10:44.804310Z[0m [34mDEBUG[0m [2methereum_transaction_pool_monitor::eth_client[0m[2m:[0m 📨 Received WebSocket message: {"jsonrpc":"2.0","method":"eth_subscription","params":{"subscription":"0xbed0a0851463e895960a451075a301a9","result":"0xdde3da8a6bc55b58feb5ebdc08722aaa6928bbb616dcc5c7db356ab6564bbc35"}}
[2m2025-12-10T10:10:44.804319Z[0m [34mDEBUG[0m [2methereum_transaction_pool_monitor::eth_client[0m[2m:[0m 📨 Received pending transaction: 0xdde3da8a6bc55b58feb5ebdc08722aaa6928bbb616dcc5c7db356ab6564bbc35
[2m2025-12-10T10:10:44.804328Z[0m [34mDEBUG[0m [2methereum_transaction_pool_monitor::eth_client[0m[2m:[0m 📨 Received WebSocket message: {"jsonrpc":"2.0","method":"eth_subscription","params":{"subscription":"0xbed0a0851463e895960a451075a301a9","result":"0x165759fa2ae27234304f98c1ee6bcbeeea6b1ee531680cb4b6c7d7759d560300"}}
[2m2025-12-10T10:10:44.804335Z[0m [34mDEBUG[0m [2methereum_transaction_pool_monitor::eth_client[0m[2m:[0m 📨 Received pending transaction: 0x165759fa2ae27234304f98c1ee6bcbeeea6b1ee531680cb4b6c7d7759d560300
[2m2025-12-10T10:10:44.804339Z[0m [34mDEBUG[0m [2methereum_transaction_pool_monitor::eth_client[0m[2m:[0m 📨 Received WebSocket message: {"jsonrpc":"2.0","method":"eth_subscription","params":{"subscription":"0xbed0a0851463e895960a451075a301a9","result":"0x1d3300fe59232816c232754647dfe04585be5df0eca8d671d2a3fbd7f5609b40"}}
[2m2025-12-10T10:10:44.804344Z[0m [34mDEBUG[0m [2methereum_transaction_pool_monitor::eth_client[0m[2m:[0m 📨 Received pending transaction: 0x1d3300fe59232816c232754647dfe04585be5df0eca8d671d2a3fbd7f5609b40
[2m2025-12-10T10:10:44.804348Z[0m [34mDEBUG[0m [2methereum_transaction_pool_monitor::eth_client[0m[2m:[0m 📨 Received WebSocket message: {"jsonrpc":"2.0","method":"eth_subscription","params":{"subscription":"0xbed0a0851463e895960a451075a301a9","result":"0xc3103e7744c8ad456d469aa4bcd2e3ba77cdb06d4d9a426975f36f70e9002dba"}}
[2m2025-12-10T10:10:44.804353Z[0m [34mDEBUG[0m [2methereum_transaction_pool_monitor::eth_client[0m[2m:[0m 📨 Received pending transaction: 0xc3103e7744c8ad456d469aa4bcd2e3ba77cdb06d4d9a426975f36f70e9002dba
[2m2025-12-10T10:10:44.808645Z[0m [34mDEBUG[0m [2mhyper::proto::h1::io[0m[2m:[0m parsed 4 headers
[2m2025-12-10T10:10:44.808655Z[0m [34mDEBUG[0m [2mhyper::proto::h1::conn[0m[2m:[0m incoming body is content-length (45 bytes)
[2m2025-12-10T10:10:44.808662Z[0m [34mDEBUG[0m [2mhyper::proto::h1::conn[0m[2m:[0m incoming body completed
[2m2025-12-10T10:10:44.808671Z[0m [34mDEBUG[0m [2mhyper::client::pool[0m[2m:[0m pooling idle connection for ("http", 192.168.0.14:8545)
[2m2025-12-10T10:10:44.809840Z[0m [34mDEBUG[0m [2mhyper::proto::h1::io[0m[2m:[0m parsed 4 headers
[2m2025-12-10T10:10:44.809848Z[0m [34mDEBUG[0m [2mhyper::proto::h1::conn[0m[2m:[0m incoming body is content-length (778 bytes)
[2m2025-12-10T10:10:44.809855Z[0m [34mDEBUG[0m [2mhyper::proto::h1::conn[0m[2m:[0m incoming body completed
[2m2025-12-10T10:10:44.809862Z[0m [34mDEBUG[0m [2mhyper::client::pool[0m[2m:[0m pooling idle connection for ("http", 192.168.0.14:8545)
[2m2025-12-10T10:10:44.809869Z[0m [34mDEBUG[0m [2methereum_transaction_pool_monitor::eth_client[0m[2m:[0m 📡 Transaction fetch RPC completed in 5.665542ms
[2m2025-12-10T10:10:44.809885Z[0m [34mDEBUG[0m [2methereum_transaction_pool_monitor::eth_client[0m[2m:[0m DeFi transaction detected - Address: 0xdac17f958d2ee523a2206206994597c13d831ec7, Type: Stablecoin, Value: 0 ETH, Gas: 127.50 Gwei
[2m2025-12-10T10:10:44.809898Z[0m [34mDEBUG[0m [2methereum_transaction_pool_monitor::eth_client[0m[2m:[0m ✅ Transaction 0xf5a2a1664abb8fa1f3092ad13368fb9d54bf50e8b6316961cda1b76b6a3e50e4 fetched and parsed in 5.694958ms
[2m2025-12-10T10:10:44.809906Z[0m [34mDEBUG[0m [2methereum_transaction_pool_monitor::mempool_monitor[0m[2m:[0m 🔍 Skipping tx 0xf5a2a1664abb8fa1f3092ad13368fb9d54bf50e8b6316961cda1b76b6a3e50e4 - not a DEX interaction (target: 0xdAC17F958D2ee523a2206206994597C13D831ec7)
[2m2025-12-10T10:10:44.809914Z[0m [34mDEBUG[0m [2methereum_transaction_pool_monitor::mempool_monitor[0m[2m:[0m 📨 Processing new pending transaction: 0x47ffc1fcdbb68dc694379949c79f5cb3fa2b309d9f8c73bf97592860f11ab1b2
[2m2025-12-10T10:10:44.809920Z[0m [34mDEBUG[0m [2methereum_transaction_pool_monitor::mempool_monitor[0m[2m:[0m 🔍 Fetching transaction details for: 0x47ffc1fcdbb68dc694379949c79f5cb3fa2b309d9f8c73bf97592860f11ab1b2
[2m2025-12-10T10:10:44.809924Z[0m [34mDEBUG[0m [2methereum_transaction_pool_monitor::eth_client[0m[2m:[0m 🔍 Fetching transaction details for hash: 0x47ffc1fcdbb68dc694379949c79f5cb3fa2b309d9f8c73bf97592860f11ab1b2
[2m2025-12-10T10:10:44.809935Z[0m [34mDEBUG[0m [2mhyper::client::pool[0m[2m:[0m reuse idle connection for ("http", 192.168.0.14:8545)
[2m2025-12-10T10:10:44.809957Z[0m [34mDEBUG[0m [2mhyper::proto::h1::io[0m[2m:[0m flushed 250 bytes
[2m2025-12-10T10:10:44.815021Z[0m [34mDEBUG[0m [2mhyper::proto::h1::io[0m[2m:[0m parsed 4 headers
[2m2025-12-10T10:10:44.815032Z[0m [34mDEBUG[0m [2mhyper::proto::h1::conn[0m[2m:[0m incoming body is content-length (558 bytes)
[2m2025-12-10T10:10:44.815038Z[0m [34mDEBUG[0m [2mhyper::proto::h1::conn[0m[2m:[0m incoming body completed
[2m2025-12-10T10:10:44.815045Z[0m [34mDEBUG[0m [2mhyper::client::pool[0m[2m:[0m pooling idle connection for ("http", 192.168.0.14:8545)
[2m2025-12-10T10:10:44.815050Z[0m [34mDEBUG[0m [2methereum_transaction_pool_monitor::eth_client[0m[2m:[0m 📡 Transaction fetch RPC completed in 5.122459ms
[2m2025-12-10T10:10:44.885747Z[0m [34mDEBUG[0m [2methereum_transaction_pool_monitor::eth_client[0m[2m:[0m ✅ Transaction 0x47ffc1fcdbb68dc694379949c79f5cb3fa2b309d9f8c73bf97592860f11ab1b2 fetched and parsed in 75.816917ms
[2m2025-12-10T10:10:44.885769Z[0m [34mDEBUG[0m [2methereum_transaction_pool_monitor::mempool_monitor[0m[2m:[0m 🔍 Skipping tx 0x47ffc1fcdbb68dc694379949c79f5cb3fa2b309d9f8c73bf97592860f11ab1b2 - not a DEX interaction (target: 0x42Cbb290e59888946b66D49c9CEdA0b63652625C)
[2m2025-12-10T10:10:44.885782Z[0m [34mDEBUG[0m [2methereum_transaction_pool_monitor::mempool_monitor[0m[2m:[0m 📨 Processing new pending transaction: 0x90591dbc749fc14f93967c5b3c676168e840f9df5df17028668abe589c37c46f
[2m2025-12-10T10:10:44.885788Z[0m [34mDEBUG[0m [2methereum_transaction_pool_monitor::mempool_monitor[0m[2m:[0m 🔍 Fetching transaction details for: 0x90591dbc749fc14f93967c5b3c676168e840f9df5df17028668abe589c37c46f
[2m2025-12-10T10:10:44.885793Z[0m [34mDEBUG[0m [2methereum_transaction_pool_monitor::eth_client[0m[2m:[0m 🔍 Fetching transaction details for hash: 0x90591dbc749fc14f93967c5b3c676168e840f9df5df17028668abe589c37c46f
[2m2025-12-10T10:10:44.885810Z[0m [34mDEBUG[0m [2mhyper::client::pool[0m[2m:[0m reuse idle connection for ("http", 192.168.0.14:8545)
[2m2025-12-10T10:10:44.885857Z[0m [34mDEBUG[0m [2mhyper::proto::h1::io[0m[2m:[0m flushed 250 bytes
[2m2025-12-10T10:10:44.885876Z[0m [34mDEBUG[0m [2methereum_transaction_pool_monitor::eth_client[0m[2m:[0m 📨 Received WebSocket message: {"jsonrpc":"2.0","method":"eth_subscription","params":{"subscription":"0xbed0a0851463e895960a451075a301a9","result":"0x90454588574f49e1c5f692688f324897d54f50c1477a4422d409c6ad5e870c09"}}
[2m2025-12-10T10:10:44.885883Z[0m [34mDEBUG[0m [2methereum_transaction_pool_monitor::eth_client[0m[2m:[0m 📨 Received pending transaction: 0x90454588574f49e1c5f692688f324897d54f50c1477a4422d409c6ad5e870c09
[2m2025-12-10T10:10:44.891967Z[0m [34mDEBUG[0m [2mhyper::proto::h1::io[0m[2m:[0m parsed 4 headers
[2m2025-12-10T10:10:44.891991Z[0m [34mDEBUG[0m [2mhyper::proto::h1::conn[0m[2m:[0m incoming body is content-length (778 bytes)
[2m2025-12-10T10:10:44.892026Z[0m [34mDEBUG[0m [2mhyper::proto::h1::conn[0m[2m:[0m incoming body completed
[2m2025-12-10T10:10:44.892051Z[0m [34mDEBUG[0m [2mhyper::client::pool[0m[2m:[0m pooling idle connection for ("http", 192.168.0.14:8545)
[2m2025-12-10T10:10:44.892062Z[0m [34mDEBUG[0m [2methereum_transaction_pool_monitor::eth_client[0m[2m:[0m 📡 Transaction fetch RPC completed in 6.26425ms
[2m2025-12-10T10:10:44.963702Z[0m [34mDEBUG[0m [2methereum_transaction_pool_monitor::eth_client[0m[2m:[0m ✅ Transaction 0x90591dbc749fc14f93967c5b3c676168e840f9df5df17028668abe589c37c46f fetched and parsed in 77.901542ms
[2m2025-12-10T10:10:44.963731Z[0m [34mDEBUG[0m [2methereum_transaction_pool_monitor::mempool_monitor[0m[2m:[0m 🔍 Skipping tx 0x90591dbc749fc14f93967c5b3c676168e840f9df5df17028668abe589c37c46f - not a DEX interaction (target: 0xaea46A60368A7bD060eec7DF8CBa43b7EF41Ad85)
[2m2025-12-10T10:10:44.963741Z[0m [34mDEBUG[0m [2methereum_transaction_pool_monitor::mempool_monitor[0m[2m:[0m 📨 Processing new pending transaction: 0xe79c4d71c16ac7406c72c41988c137cbc4836d7ce2a422aa5edececf07b0a66b
[2m2025-12-10T10:10:44.963755Z[0m [34mDEBUG[0m [2methereum_transaction_pool_monitor::mempool_monitor[0m[2m:[0m 🔍 Fetching transaction details for: 0xe79c4d71c16ac7406c72c41988c137cbc4836d7ce2a422aa5edececf07b0a66b
[2m2025-12-10T10:10:44.963766Z[0m [34mDEBUG[0m [2methereum_transaction_pool_monitor::eth_client[0m[2m:[0m 🔍 Fetching transaction details for hash: 0xe79c4d71c16ac7406c72c41988c137cbc4836d7ce2a422aa5edececf07b0a66b
[2m2025-12-10T10:10:44.963787Z[0m [34mDEBUG[0m [2mhyper::client::pool[0m[2m:[0m reuse idle connection for ("http", 192.168.0.14:8545)
[2m2025-12-10T10:10:44.963820Z[0m [34mDEBUG[0m [2mhyper::proto::h1::io[0m[2m:[0m flushed 250 bytes
[2m2025-12-10T10:10:44.963843Z[0m [34mDEBUG[0m [2mhyper::client::pool[0m[2m:[0m reuse idle connection for ("http", 192.168.0.14:8545)
[2m2025-12-10T10:10:44.963853Z[0m [34mDEBUG[0m [2methereum_transaction_pool_monitor::eth_client[0m[2m:[0m 📨 Received WebSocket message: {"jsonrpc":"2.0","method":"eth_subscription","params":{"subscription":"0xbed0a0851463e895960a451075a301a9","result":"0x6742f0b72a97efed0ea604ca8fe14fa5b38be3712d463de3fc655a065a947d2d"}}
[2m2025-12-10T10:10:44.963858Z[0m [34mDEBUG[0m [2mhyper::proto::h1::io[0m[2m:[0m flushed 172 bytes
[2m2025-12-10T10:10:44.963865Z[0m [34mDEBUG[0m [2methereum_transaction_pool_monitor::eth_client[0m[2m:[0m 📨 Received pending transaction: 0x6742f0b72a97efed0ea604ca8fe14fa5b38be3712d463de3fc655a065a947d2d
[2m2025-12-10T10:10:44.963871Z[0m [34mDEBUG[0m [2methereum_transaction_pool_monitor::eth_client[0m[2m:[0m 📨 Received WebSocket message: {"jsonrpc":"2.0","method":"eth_subscription","params":{"subscription":"0xbed0a0851463e895960a451075a301a9","result":"0x1b0e8499489a79f1933786835ce6e4163214a71cd6deaaf0b0304521f2fb228d"}}
[2m2025-12-10T10:10:44.963878Z[0m [34mDEBUG[0m [2methereum_transaction_pool_monitor::eth_client[0m[2m:[0m 📨 Received pending transaction: 0x1b0e8499489a79f1933786835ce6e4163214a71cd6deaaf0b0304521f2fb228d
[2m2025-12-10T10:10:44.969623Z[0m [34mDEBUG[0m [2mhyper::proto::h1::io[0m[2m:[0m parsed 4 headers
[2m2025-12-10T10:10:44.969651Z[0m [34mDEBUG[0m [2mhyper::proto::h1::conn[0m[2m:[0m incoming body is content-length (45 bytes)
[2m2025-12-10T10:10:44.969676Z[0m [34mDEBUG[0m [2mhyper::proto::h1::conn[0m[2m:[0m incoming body completed
[2m2025-12-10T10:10:44.969699Z[0m [34mDEBUG[0m [2mhyper::client::pool[0m[2m:[0m pooling idle connection for ("http", 192.168.0.14:8545)
[2m2025-12-10T10:10:44.973106Z[0m [34mDEBUG[0m [2mhyper::proto::h1::io[0m[2m:[0m parsed 4 headers
[2m2025-12-10T10:10:44.973112Z[0m [34mDEBUG[0m [2mhyper::proto::h1::conn[0m[2m:[0m incoming body is content-length (654 bytes)
[2m2025-12-10T10:10:44.973117Z[0m [34mDEBUG[0m [2mhyper::proto::h1::conn[0m[2m:[0m incoming body completed
[2m2025-12-10T10:10:44.973124Z[0m [34mDEBUG[0m [2mhyper::client::pool[0m[2m:[0m pooling idle connection for ("http", 192.168.0.14:8545)
[2m2025-12-10T10:10:44.973129Z[0m [34mDEBUG[0m [2methereum_transaction_pool_monitor::eth_client[0m[2m:[0m 📡 Transaction fetch RPC completed in 9.355792ms
[2m2025-12-10T10:10:45.043368Z[0m [34mDEBUG[0m [2methereum_transaction_pool_monitor::eth_client[0m[2m:[0m ✅ Transaction 0xe79c4d71c16ac7406c72c41988c137cbc4836d7ce2a422aa5edececf07b0a66b fetched and parsed in 79.591834ms
[2m2025-12-10T10:10:45.043397Z[0m [34mDEBUG[0m [2methereum_transaction_pool_monitor::mempool_monitor[0m[2m:[0m 🔍 Skipping tx 0xe79c4d71c16ac7406c72c41988c137cbc4836d7ce2a422aa5edececf07b0a66b - not a DEX interaction (target: 0xaFdc6E415323A2CA4943184366163012498A87FC)
[2m2025-12-10T10:10:45.043410Z[0m [34mDEBUG[0m [2methereum_transaction_pool_monitor::mempool_monitor[0m[2m:[0m 📨 Processing new pending transaction: 0x97a23251b9e64b17ed23df8b1c72d255eaeea235f0f36be31652841197d23b28
[2m2025-12-10T10:10:45.043422Z[0m [34mDEBUG[0m [2methereum_transaction_pool_monitor::mempool_monitor[0m[2m:[0m 🔍 Fetching transaction details for: 0x97a23251b9e64b17ed23df8b1c72d255eaeea235f0f36be31652841197d23b28
[2m2025-12-10T10:10:45.043431Z[0m [34mDEBUG[0m [2methereum_transaction_pool_monitor::eth_client[0m[2m:[0m 🔍 Fetching transaction details for hash: 0x97a23251b9e64b17ed23df8b1c72d255eaeea235f0f36be31652841197d23b28
[2m2025-12-10T10:10:45.043451Z[0m [34mDEBUG[0m [2mhyper::client::pool[0m[2m:[0m reuse idle connection for ("http", 192.168.0.14:8545)
[2m2025-12-10T10:10:45.043486Z[0m [34mDEBUG[0m [2mhyper::proto::h1::io[0m[2m:[0m flushed 250 bytes
[2m2025-12-10T10:10:45.043515Z[0m [34mDEBUG[0m [2mhyper::client::pool[0m[2m:[0m reuse idle connection for ("http", 192.168.0.14:8545)
[2m2025-12-10T10:10:45.043532Z[0m [34mDEBUG[0m [2mhyper::proto::h1::io[0m[2m:[0m flushed 172 bytes
[2m2025-12-10T10:10:45.048382Z[0m [34mDEBUG[0m [2mhyper::proto::h1::io[0m[2m:[0m parsed 4 headers
[2m2025-12-10T10:10:45.048404Z[0m [34mDEBUG[0m [2mhyper::proto::h1::conn[0m[2m:[0m incoming body is content-length (656 bytes)
[2m2025-12-10T10:10:45.048426Z[0m [34mDEBUG[0m [2mhyper::proto::h1::conn[0m[2m:[0m incoming body completed
[2m2025-12-10T10:10:45.048441Z[0m [34mDEBUG[0m [2mhyper::client::pool[0m[2m:[0m pooling idle connection for ("http", 192.168.0.14:8545)
[2m2025-12-10T10:10:45.048461Z[0m [34mDEBUG[0m [2methereum_transaction_pool_monitor::eth_client[0m[2m:[0m 📡 Transaction fetch RPC completed in 5.022542ms
[2m2025-12-10T10:10:45.119917Z[0m [34mDEBUG[0m [2methereum_transaction_pool_monitor::eth_client[0m[2m:[0m ✅ Transaction 0x97a23251b9e64b17ed23df8b1c72d255eaeea235f0f36be31652841197d23b28 fetched and parsed in 76.475875ms
[2m2025-12-10T10:10:45.119944Z[0m [34mDEBUG[0m [2methereum_transaction_pool_monitor::mempool_monitor[0m[2m:[0m 🔍 Skipping tx 0x97a23251b9e64b17ed23df8b1c72d255eaeea235f0f36be31652841197d23b28 - not a DEX interaction (target: 0x2f3e70877746c7c42577058D8Dd6aB6bbfF0c4B0)
[2m2025-12-10T10:10:45.119955Z[0m [34mDEBUG[0m [2methereum_transaction_pool_monitor::mempool_monitor[0m[2m:[0m 📨 Processing new pending transaction: 0xa62b0f4b6fad276aed3a360b05387795f0faa5b6b5467de334346df1622a644a
[2m2025-12-10T10:10:45.119962Z[0m [34mDEBUG[0m [2methereum_transaction_pool_monitor::mempool_monitor[0m[2m:[0m 🔍 Fetching transaction details for: 0xa62b0f4b6fad276aed3a360b05387795f0faa5b6b5467de334346df1622a644a
[2m2025-12-10T10:10:45.119968Z[0m [34mDEBUG[0m [2methereum_transaction_pool_monitor::eth_client[0m[2m:[0m 🔍 Fetching transaction details for hash: 0xa62b0f4b6fad276aed3a360b05387795f0faa5b6b5467de334346df1622a644a
[2m2025-12-10T10:10:45.119986Z[0m [34mDEBUG[0m [2mhyper::client::pool[0m[2m:[0m reuse idle connection for ("http", 192.168.0.14:8545)
[2m2025-12-10T10:10:45.120027Z[0m [34mDEBUG[0m [2mhyper::proto::h1::io[0m[2m:[0m flushed 250 bytes
[2m2025-12-10T10:10:45.120044Z[0m [34mDEBUG[0m [2mhyper::proto::h1::io[0m[2m:[0m parsed 4 headers
[2m2025-12-10T10:10:45.120052Z[0m [34mDEBUG[0m [2mhyper::proto::h1::conn[0m[2m:[0m incoming body is content-length (45 bytes)
[2m2025-12-10T10:10:45.120061Z[0m [34mDEBUG[0m [2mhyper::proto::h1::conn[0m[2m:[0m incoming body completed
[2m2025-12-10T10:10:45.120071Z[0m [34mDEBUG[0m [2mhyper::client::pool[0m[2m:[0m pooling idle connection for ("http", 192.168.0.14:8545)
[2m2025-12-10T10:10:45.120089Z[0m [34mDEBUG[0m [2mhyper::client::pool[0m[2m:[0m reuse idle connection for ("http", 192.168.0.14:8545)
[2m2025-12-10T10:10:45.120103Z[0m [34mDEBUG[0m [2mhyper::proto::h1::io[0m[2m:[0m flushed 172 bytes
[2m2025-12-10T10:10:45.124669Z[0m [34mDEBUG[0m [2mhyper::proto::h1::io[0m[2m:[0m parsed 4 headers
[2m2025-12-10T10:10:45.124677Z[0m [34mDEBUG[0m [2mhyper::proto::h1::conn[0m[2m:[0m incoming body is content-length (769 bytes)
[2m2025-12-10T10:10:45.124683Z[0m [34mDEBUG[0m [2mhyper::proto::h1::conn[0m[2m:[0m incoming body completed
[2m2025-12-10T10:10:45.124690Z[0m [34mDEBUG[0m [2mhyper::client::pool[0m[2m:[0m pooling idle connection for ("http", 192.168.0.14:8545)
[2m2025-12-10T10:10:45.124696Z[0m [34mDEBUG[0m [2methereum_transaction_pool_monitor::eth_client[0m[2m:[0m 📡 Transaction fetch RPC completed in 4.723167ms
[2m2025-12-10T10:10:45.124711Z[0m [34mDEBUG[0m [2methereum_transaction_pool_monitor::eth_client[0m[2m:[0m DeFi transaction detected - Address: 0xdac17f958d2ee523a2206206994597c13d831ec7, Type: Stablecoin, Value: 0 ETH, Gas: 0.26 Gwei
[2m2025-12-10T10:10:45.124731Z[0m [34mDEBUG[0m [2methereum_transaction_pool_monitor::eth_client[0m[2m:[0m ✅ Transaction 0xa62b0f4b6fad276aed3a360b05387795f0faa5b6b5467de334346df1622a644a fetched and parsed in 4.75825ms
[2m2025-12-10T10:10:45.124737Z[0m [34mDEBUG[0m [2methereum_transaction_pool_monitor::mempool_monitor[0m[2m:[0m 🔍 Skipping tx 0xa62b0f4b6fad276aed3a360b05387795f0faa5b6b5467de334346df1622a644a - not a DEX interaction (target: 0xdAC17F958D2ee523a2206206994597C13D831ec7)
[2m2025-12-10T10:10:45.124744Z[0m [34mDEBUG[0m [2methereum_transaction_pool_monitor::mempool_monitor[0m[2m:[0m 📨 Processing new pending transaction: 0x664dddc2665b3f9ee4ddae8dfef97c710caba7e34a571ef56fc414007de8dc5b
[2m2025-12-10T10:10:45.124749Z[0m [34mDEBUG[0m [2methereum_transaction_pool_monitor::mempool_monitor[0m[2m:[0m 🔍 Fetching transaction details for: 0x664dddc2665b3f9ee4ddae8dfef97c710caba7e34a571ef56fc414007de8dc5b
[2m2025-12-10T10:10:45.124753Z[0m [34mDEBUG[0m [2methereum_transaction_pool_monitor::eth_client[0m[2m:[0m 🔍 Fetching transaction details for hash: 0x664dddc2665b3f9ee4ddae8dfef97c710caba7e34a571ef56fc414007de8dc5b
[2m2025-12-10T10:10:45.124761Z[0m [34mDEBUG[0m [2mhyper::client::pool[0m[2m:[0m reuse idle connection for ("http", 192.168.0.14:8545)
[2m2025-12-10T10:10:45.124780Z[0m [34mDEBUG[0m [2mhyper::proto::h1::io[0m[2m:[0m flushed 250 bytes
[2m2025-12-10T10:10:45.125253Z[0m [34mDEBUG[0m [2mhyper::proto::h1::io[0m[2m:[0m parsed 4 headers
[2m2025-12-10T10:10:45.125260Z[0m [34mDEBUG[0m [2mhyper::proto::h1::conn[0m[2m:[0m incoming body is content-length (45 bytes)
[2m2025-12-10T10:10:45.125265Z[0m [34mDEBUG[0m [2mhyper::proto::h1::conn[0m[2m:[0m incoming body completed
[2m2025-12-10T10:10:45.125272Z[0m [34mDEBUG[0m [2mhyper::client::pool[0m[2m:[0m pooling idle connection for ("http", 192.168.0.14:8545)
[2m2025-12-10T10:10:45.129666Z[0m [34mDEBUG[0m [2mhyper::proto::h1::io[0m[2m:[0m parsed 4 headers
[2m2025-12-10T10:10:45.129690Z[0m [34mDEBUG[0m [2mhyper::proto::h1::conn[0m[2m:[0m incoming body is content-length (553 bytes)
[2m2025-12-10T10:10:45.129712Z[0m [34mDEBUG[0m [2mhyper::proto::h1::conn[0m[2m:[0m incoming body completed
[2m2025-12-10T10:10:45.129729Z[0m [34mDEBUG[0m [2mhyper::client::pool[0m[2m:[0m pooling idle connection for ("http", 192.168.0.14:8545)
[2m2025-12-10T10:10:45.130525Z[0m [34mDEBUG[0m [2methereum_transaction_pool_monitor::eth_client[0m[2m:[0m 📡 Transaction fetch RPC completed in 5.76825ms
[2m2025-12-10T10:10:45.201767Z[0m [34mDEBUG[0m [2methereum_transaction_pool_monitor::eth_client[0m[2m:[0m ✅ Transaction 0x664dddc2665b3f9ee4ddae8dfef97c710caba7e34a571ef56fc414007de8dc5b fetched and parsed in 77.00775ms
[2m2025-12-10T10:10:45.201793Z[0m [34mDEBUG[0m [2methereum_transaction_pool_monitor::mempool_monitor[0m[2m:[0m 🔍 Skipping tx 0x664dddc2665b3f9ee4ddae8dfef97c710caba7e34a571ef56fc414007de8dc5b - not a DEX interaction (target: 0xFE0C492870E51467bD638d53C876771451C61a79)
[2m2025-12-10T10:10:45.201804Z[0m [34mDEBUG[0m [2methereum_transaction_pool_monitor::mempool_monitor[0m[2m:[0m 📨 Processing new pending transaction: 0xff889a2d836ab01fed0db3c55416dfc4d533cce3c4b6f257b39cbeeca6b7f773
[2m2025-12-10T10:10:45.201810Z[0m [34mDEBUG[0m [2methereum_transaction_pool_monitor::mempool_monitor[0m[2m:[0m 🔍 Fetching transaction details for: 0xff889a2d836ab01fed0db3c55416dfc4d533cce3c4b6f257b39cbeeca6b7f773
[2m2025-12-10T10:10:45.201815Z[0m [34mDEBUG[0m [2methereum_transaction_pool_monitor::eth_client[0m[2m:[0m 🔍 Fetching transaction details for hash: 0xff889a2d836ab01fed0db3c55416dfc4d533cce3c4b6f257b39cbeeca6b7f773
[2m2025-12-10T10:10:45.201835Z[0m [34mDEBUG[0m [2mhyper::client::pool[0m[2m:[0m reuse idle connection for ("http", 192.168.0.14:8545)
[2m2025-12-10T10:10:45.201879Z[0m [34mDEBUG[0m [2mhyper::proto::h1::io[0m[2m:[0m flushed 250 bytes
[2m2025-12-10T10:10:45.201899Z[0m [34mDEBUG[0m [2mhyper::client::pool[0m[2m:[0m reuse idle connection for ("http", 192.168.0.14:8545)
[2m2025-12-10T10:10:45.201909Z[0m [34mDEBUG[0m [2methereum_transaction_pool_monitor::eth_client[0m[2m:[0m 📨 Received WebSocket message: {"jsonrpc":"2.0","method":"eth_subscription","params":{"subscription":"0xbed0a0851463e895960a451075a301a9","result":"0x0eb4be9b26668116e1eec803107a6d3ede24dbe7a0d45fa65e8c7ac095fea34a"}}
[2m2025-12-10T10:10:45.201913Z[0m [34mDEBUG[0m [2mhyper::proto::h1::io[0m[2m:[0m flushed 172 bytes
[2m2025-12-10T10:10:45.201921Z[0m [34mDEBUG[0m [2methereum_transaction_pool_monitor::eth_client[0m[2m:[0m 📨 Received pending transaction: 0x0eb4be9b26668116e1eec803107a6d3ede24dbe7a0d45fa65e8c7ac095fea34a
[2m2025-12-10T10:10:45.205792Z[0m [34mDEBUG[0m [2mhyper::proto::h1::io[0m[2m:[0m parsed 4 headers
[2m2025-12-10T10:10:45.205797Z[0m [34mDEBUG[0m [2mhyper::proto::h1::conn[0m[2m:[0m incoming body is content-length (647 bytes)
[2m2025-12-10T10:10:45.205804Z[0m [34mDEBUG[0m [2mhyper::proto::h1::conn[0m[2m:[0m incoming body completed
[2m2025-12-10T10:10:45.205811Z[0m [34mDEBUG[0m [2mhyper::client::pool[0m[2m:[0m pooling idle connection for ("http", 192.168.0.14:8545)
[2m2025-12-10T10:10:45.205817Z[0m [34mDEBUG[0m [2methereum_transaction_pool_monitor::eth_client[0m[2m:[0m 📡 Transaction fetch RPC completed in 3.994875ms
[2m2025-12-10T10:10:45.276669Z[0m [34mDEBUG[0m [2methereum_transaction_pool_monitor::eth_client[0m[2m:[0m ✅ Transaction 0xff889a2d836ab01fed0db3c55416dfc4d533cce3c4b6f257b39cbeeca6b7f773 fetched and parsed in 74.844709ms
[2m2025-12-10T10:10:45.276697Z[0m [34mDEBUG[0m [2methereum_transaction_pool_monitor::mempool_monitor[0m[2m:[0m 🔍 Skipping tx 0xff889a2d836ab01fed0db3c55416dfc4d533cce3c4b6f257b39cbeeca6b7f773 - not a DEX interaction (target: 0x07a1C9e0ddbAecb8Ab78F6BB2616eFaD626E2421)
[2m2025-12-10T10:10:45.276720Z[0m [34mDEBUG[0m [2methereum_transaction_pool_monitor::mempool_monitor[0m[2m:[0m 📨 Processing new pending transaction: 0x32c453bce6948fb2ef4d2f21ddd008d18dd6b57a7ef49f926ee75f19698ded03
[2m2025-12-10T10:10:45.276729Z[0m [34mDEBUG[0m [2methereum_transaction_pool_monitor::mempool_monitor[0m[2m:[0m 🔍 Fetching transaction details for: 0x32c453bce6948fb2ef4d2f21ddd008d18dd6b57a7ef49f926ee75f19698ded03
[2m2025-12-10T10:10:45.276736Z[0m [34mDEBUG[0m [2methereum_transaction_pool_monitor::eth_client[0m[2m:[0m 🔍 Fetching transaction details for hash: 0x32c453bce6948fb2ef4d2f21ddd008d18dd6b57a7ef49f926ee75f19698ded03
[2m2025-12-10T10:10:45.276753Z[0m [34mDEBUG[0m [2mhyper::client::pool[0m[2m:[0m reuse idle connection for ("http", 192.168.0.14:8545)
[2m2025-12-10T10:10:45.276785Z[0m [34mDEBUG[0m [2mhyper::proto::h1::io[0m[2m:[0m flushed 250 bytes
[2m2025-12-10T10:10:45.276808Z[0m [34mDEBUG[0m [2methereum_transaction_pool_monitor::eth_client[0m[2m:[0m 📨 Received WebSocket message: {"jsonrpc":"2.0","method":"eth_subscription","params":{"subscription":"0xbed0a0851463e895960a451075a301a9","result":"0x16ba2d37a2ac28badf92720256891c0797de095948501ebc174f65570158c627"}}
[2m2025-12-10T10:10:45.276811Z[0m [34mDEBUG[0m [2mhyper::proto::h1::io[0m[2m:[0m parsed 4 headers
[2m2025-12-10T10:10:45.276818Z[0m [34mDEBUG[0m [2methereum_transaction_pool_monitor::eth_client[0m[2m:[0m 📨 Received pending transaction: 0x16ba2d37a2ac28badf92720256891c0797de095948501ebc174f65570158c627
[2m2025-12-10T10:10:45.276822Z[0m [34mDEBUG[0m [2mhyper::proto::h1::conn[0m[2m:[0m incoming body is content-length (45 bytes)
[2m2025-12-10T10:10:45.276826Z[0m [34mDEBUG[0m [2methereum_transaction_pool_monitor::eth_client[0m[2m:[0m 📨 Received WebSocket message: {"jsonrpc":"2.0","method":"eth_subscription","params":{"subscription":"0xbed0a0851463e895960a451075a301a9","result":"0x8c8209fc2267d42050210a6ede60334f8df12af8551369717bf4654029890893"}}
[2m2025-12-10T10:10:45.276832Z[0m [34mDEBUG[0m [2mhyper::proto::h1::conn[0m[2m:[0m incoming body completed
[2m2025-12-10T10:10:45.276832Z[0m [34mDEBUG[0m [2methereum_transaction_pool_monitor::eth_client[0m[2m:[0m 📨 Received pending transaction: 0x8c8209fc2267d42050210a6ede60334f8df12af8551369717bf4654029890893
[2m2025-12-10T10:10:45.276846Z[0m [34mDEBUG[0m [2mhyper::client::pool[0m[2m:[0m pooling idle connection for ("http", 192.168.0.14:8545)
[2m2025-12-10T10:10:45.281867Z[0m [34mDEBUG[0m [2mhyper::proto::h1::io[0m[2m:[0m parsed 4 headers
[2m2025-12-10T10:10:45.281872Z[0m [34mDEBUG[0m [2mhyper::proto::h1::conn[0m[2m:[0m incoming body is content-length (771 bytes)
[2m2025-12-10T10:10:45.281883Z[0m [34mDEBUG[0m [2mhyper::proto::h1::conn[0m[2m:[0m incoming body completed
[2m2025-12-10T10:10:45.281889Z[0m [34mDEBUG[0m [2mhyper::client::pool[0m[2m:[0m pooling idle connection for ("http", 192.168.0.14:8545)
[2m2025-12-10T10:10:45.281893Z[0m [34mDEBUG[0m [2methereum_transaction_pool_monitor::eth_client[0m[2m:[0m 📡 Transaction fetch RPC completed in 5.15225ms
[2m2025-12-10T10:10:45.281904Z[0m [34mDEBUG[0m [2methereum_transaction_pool_monitor::eth_client[0m[2m:[0m DeFi transaction detected - Address: 0xdac17f958d2ee523a2206206994597c13d831ec7, Type: Stablecoin, Value: 0 ETH, Gas: 2.26 Gwei
[2m2025-12-10T10:10:45.281916Z[0m [34mDEBUG[0m [2methereum_transaction_pool_monitor::eth_client[0m[2m:[0m ✅ Transaction 0x32c453bce6948fb2ef4d2f21ddd008d18dd6b57a7ef49f926ee75f19698ded03 fetched and parsed in 5.174917ms
[2m2025-12-10T10:10:45.281920Z[0m [34mDEBUG[0m [2methereum_transaction_pool_monitor::mempool_monitor[0m[2m:[0m 🔍 Skipping tx 0x32c453bce6948fb2ef4d2f21ddd008d18dd6b57a7ef49f926ee75f19698ded03 - not a DEX interaction (target: 0xdAC17F958D2ee523a2206206994597C13D831ec7)
[2m2025-12-10T10:10:45.281925Z[0m [34mDEBUG[0m [2methereum_transaction_pool_monitor::mempool_monitor[0m[2m:[0m 📨 Processing new pending transaction: 0x02bb5525cb7f0f11d1da453054b98da358760815196d3c42ffbabd096afc4e1d
[2m2025-12-10T10:10:45.281929Z[0m [34mDEBUG[0m [2methereum_transaction_pool_monitor::mempool_monitor[0m[2m:[0m 🔍 Fetching transaction details for: 0x02bb5525cb7f0f11d1da453054b98da358760815196d3c42ffbabd096afc4e1d
[2m2025-12-10T10:10:45.281932Z[0m [34mDEBUG[0m [2methereum_transaction_pool_monitor::eth_client[0m[2m:[0m 🔍 Fetching transaction details for hash: 0x02bb5525cb7f0f11d1da453054b98da358760815196d3c42ffbabd096afc4e1d
[2m2025-12-10T10:10:45.281943Z[0m [34mDEBUG[0m [2mhyper::client::pool[0m[2m:[0m reuse idle connection for ("http", 192.168.0.14:8545)
[2m2025-12-10T10:10:45.281960Z[0m [34mDEBUG[0m [2mhyper::proto::h1::io[0m[2m:[0m flushed 250 bytes
[2m2025-12-10T10:10:45.286525Z[0m [34mDEBUG[0m [2mhyper::proto::h1::io[0m[2m:[0m parsed 4 headers
[2m2025-12-10T10:10:45.286531Z[0m [34mDEBUG[0m [2mhyper::proto::h1::conn[0m[2m:[0m incoming body is content-length (553 bytes)
[2m2025-12-10T10:10:45.286536Z[0m [34mDEBUG[0m [2mhyper::proto::h1::conn[0m[2m:[0m incoming body completed
[2m2025-12-10T10:10:45.286541Z[0m [34mDEBUG[0m [2mhyper::client::pool[0m[2m:[0m pooling idle connection for ("http", 192.168.0.14:8545)
[2m2025-12-10T10:10:45.286545Z[0m [34mDEBUG[0m [2methereum_transaction_pool_monitor::eth_client[0m[2m:[0m 📡 Transaction fetch RPC completed in 4.608458ms
[2m2025-12-10T10:10:45.357160Z[0m [34mDEBUG[0m [2methereum_transaction_pool_monitor::eth_client[0m[2m:[0m ✅ Transaction 0x02bb5525cb7f0f11d1da453054b98da358760815196d3c42ffbabd096afc4e1d fetched and parsed in 75.220833ms
[2m2025-12-10T10:10:45.357179Z[0m [34mDEBUG[0m [2methereum_transaction_pool_monitor::mempool_monitor[0m[2m:[0m 🔍 Skipping tx 0x02bb5525cb7f0f11d1da453054b98da358760815196d3c42ffbabd096afc4e1d - not a DEX interaction (target: 0xcc49eda864688fCfC8238B4fe0ecf0915A45D52c)
[2m2025-12-10T10:10:45.357190Z[0m [34mDEBUG[0m [2methereum_transaction_pool_monitor::mempool_monitor[0m[2m:[0m 📨 Processing new pending transaction: 0xb5715f83b906995c57abe26a3c4572f3ac5965ccae446fcd35053fbfc7ce210f
[2m2025-12-10T10:10:45.357195Z[0m [34mDEBUG[0m [2methereum_transaction_pool_monitor::mempool_monitor[0m[2m:[0m 🔍 Fetching transaction details for: 0xb5715f83b906995c57abe26a3c4572f3ac5965ccae446fcd35053fbfc7ce210f
[2m2025-12-10T10:10:45.357200Z[0m [34mDEBUG[0m [2methereum_transaction_pool_monitor::eth_client[0m[2m:[0m 🔍 Fetching transaction details for hash: 0xb5715f83b906995c57abe26a3c4572f3ac5965ccae446fcd35053fbfc7ce210f
[2m2025-12-10T10:10:45.357217Z[0m [34mDEBUG[0m [2mhyper::client::pool[0m[2m:[0m reuse idle connection for ("http", 192.168.0.14:8545)
[2m2025-12-10T10:10:45.357254Z[0m [34mDEBUG[0m [2mhyper::proto::h1::io[0m[2m:[0m flushed 250 bytes
[2m2025-12-10T10:10:45.357272Z[0m [34mDEBUG[0m [2mhyper::client::pool[0m[2m:[0m reuse idle connection for ("http", 192.168.0.14:8545)
[2m2025-12-10T10:10:45.357285Z[0m [34mDEBUG[0m [2mhyper::proto::h1::io[0m[2m:[0m flushed 172 bytes
[2m2025-12-10T10:10:45.357315Z[0m [34mDEBUG[0m [2methereum_transaction_pool_monitor::eth_client[0m[2m:[0m 📨 Received WebSocket message: {"jsonrpc":"2.0","method":"eth_subscription","params":{"subscription":"0xbed0a0851463e895960a451075a301a9","result":"0x8588cfa9ee90959c3beced8fd4a72f99f238539e1b4cfe58c4c0dfcb6e269e09"}}
[2m2025-12-10T10:10:45.357323Z[0m [34mDEBUG[0m [2methereum_transaction_pool_monitor::eth_client[0m[2m:[0m 📨 Received pending transaction: 0x8588cfa9ee90959c3beced8fd4a72f99f238539e1b4cfe58c4c0dfcb6e269e09
[2m2025-12-10T10:10:45.357328Z[0m [34mDEBUG[0m [2methereum_transaction_pool_monitor::eth_client[0m[2m:[0m 📨 Received WebSocket message: {"jsonrpc":"2.0","method":"eth_subscription","params":{"subscription":"0xbed0a0851463e895960a451075a301a9","result":"0x1370f3f3f4813c9a829ece1f15f3ac9b1f7e604f0c36f19d7b2e15361902bb14"}}
[2m2025-12-10T10:10:45.357332Z[0m [34mDEBUG[0m [2methereum_transaction_pool_monitor::eth_client[0m[2m:[0m 📨 Received pending transaction: 0x1370f3f3f4813c9a829ece1f15f3ac9b1f7e604f0c36f19d7b2e15361902bb14
[2m2025-12-10T10:10:45.361263Z[0m [34mDEBUG[0m [2mhyper::proto::h1::io[0m[2m:[0m parsed 4 headers
[2m2025-12-10T10:10:45.361270Z[0m [34mDEBUG[0m [2mhyper::proto::h1::conn[0m[2m:[0m incoming body is content-length (45 bytes)
[2m2025-12-10T10:10:45.361276Z[0m [34mDEBUG[0m [2mhyper::proto::h1::conn[0m[2m:[0m incoming body completed
[2m2025-12-10T10:10:45.361283Z[0m [34mDEBUG[0m [2mhyper::client::pool[0m[2m:[0m pooling idle connection for ("http", 192.168.0.14:8545)
[2m2025-12-10T10:10:45.366463Z[0m [34mDEBUG[0m [2mhyper::proto::h1::io[0m[2m:[0m parsed 4 headers
[2m2025-12-10T10:10:45.366470Z[0m [34mDEBUG[0m [2mhyper::proto::h1::conn[0m[2m:[0m incoming body is content-length (830 bytes)
[2m2025-12-10T10:10:45.366477Z[0m [34mDEBUG[0m [2mhyper::proto::h1::conn[0m[2m:[0m incoming body completed
[2m2025-12-10T10:10:45.366484Z[0m [34mDEBUG[0m [2mhyper::client::pool[0m[2m:[0m pooling idle connection for ("http", 192.168.0.14:8545)
[2m2025-12-10T10:10:45.366489Z[0m [34mDEBUG[0m [2methereum_transaction_pool_monitor::eth_client[0m[2m:[0m 📡 Transaction fetch RPC completed in 9.284083ms
[2m2025-12-10T10:10:45.437571Z[0m [34mDEBUG[0m [2methereum_transaction_pool_monitor::eth_client[0m[2m:[0m ✅ Transaction 0xb5715f83b906995c57abe26a3c4572f3ac5965ccae446fcd35053fbfc7ce210f fetched and parsed in 80.362916ms
[2m2025-12-10T10:10:45.437590Z[0m [34mDEBUG[0m [2methereum_transaction_pool_monitor::mempool_monitor[0m[2m:[0m 🔍 Skipping tx 0xb5715f83b906995c57abe26a3c4572f3ac5965ccae446fcd35053fbfc7ce210f - not a DEX interaction (target: 0x3B4D794a66304F130a4Db8F2551B0070dfCf5ca7)
[2m2025-12-10T10:10:45.437597Z[0m [34mDEBUG[0m [2methereum_transaction_pool_monitor::mempool_monitor[0m[2m:[0m 📨 Processing new pending transaction: 0xb0b1b7a4ef6ec1de0a8e388d1f76f415f6d5f65ab8840197d3abf296910521ef
[2m2025-12-10T10:10:45.437602Z[0m [34mDEBUG[0m [2methereum_transaction_pool_monitor::mempool_monitor[0m[2m:[0m 🔍 Fetching transaction details for: 0xb0b1b7a4ef6ec1de0a8e388d1f76f415f6d5f65ab8840197d3abf296910521ef
[2m2025-12-10T10:10:45.437605Z[0m [34mDEBUG[0m [2methereum_transaction_pool_monitor::eth_client[0m[2m:[0m 🔍 Fetching transaction details for hash: 0xb0b1b7a4ef6ec1de0a8e388d1f76f415f6d5f65ab8840197d3abf296910521ef
[2m2025-12-10T10:10:45.437624Z[0m [34mDEBUG[0m [2mhyper::client::pool[0m[2m:[0m reuse idle connection for ("http", 192.168.0.14:8545)
[2m2025-12-10T10:10:45.437672Z[0m [34mDEBUG[0m [2mhyper::proto::h1::io[0m[2m:[0m flushed 250 bytes
[2m2025-12-10T10:10:45.437689Z[0m [34mDEBUG[0m [2mhyper::client::pool[0m[2m:[0m reuse idle connection for ("http", 192.168.0.14:8545)
[2m2025-12-10T10:10:45.437702Z[0m [34mDEBUG[0m [2mhyper::proto::h1::io[0m[2m:[0m flushed 172 bytes
[2m2025-12-10T10:10:45.437741Z[0m [34mDEBUG[0m [2methereum_transaction_pool_monitor::eth_client[0m[2m:[0m 📨 Received WebSocket message: {"jsonrpc":"2.0","method":"eth_subscription","params":{"subscription":"0xbed0a0851463e895960a451075a301a9","result":"0x818018686758021bfffb3a5749d07d50853f63253b2f860a11f992167ba4b3e6"}}
[2m2025-12-10T10:10:45.437751Z[0m [34mDEBUG[0m [2methereum_transaction_pool_monitor::eth_client[0m[2m:[0m 📨 Received pending transaction: 0x818018686758021bfffb3a5749d07d50853f63253b2f860a11f992167ba4b3e6
[2m2025-12-10T10:10:45.441340Z[0m [34mDEBUG[0m [2mhyper::proto::h1::io[0m[2m:[0m parsed 4 headers
[2m2025-12-10T10:10:45.441359Z[0m [34mDEBUG[0m [2mhyper::proto::h1::conn[0m[2m:[0m incoming body is content-length (45 bytes)
[2m2025-12-10T10:10:45.441382Z[0m [34mDEBUG[0m [2mhyper::proto::h1::conn[0m[2m:[0m incoming body completed
[2m2025-12-10T10:10:45.441392Z[0m [34mDEBUG[0m [2mhyper::client::pool[0m[2m:[0m pooling idle connection for ("http", 192.168.0.14:8545)
[2m2025-12-10T10:10:45.441888Z[0m [34mDEBUG[0m [2mhyper::proto::h1::io[0m[2m:[0m parsed 4 headers
[2m2025-12-10T10:10:45.441896Z[0m [34mDEBUG[0m [2mhyper::proto::h1::conn[0m[2m:[0m incoming body is content-length (778 bytes)
[2m2025-12-10T10:10:45.441900Z[0m [34mDEBUG[0m [2mhyper::proto::h1::conn[0m[2m:[0m incoming body completed
[2m2025-12-10T10:10:45.441906Z[0m [34mDEBUG[0m [2mhyper::client::pool[0m[2m:[0m pooling idle connection for ("http", 192.168.0.14:8545)
[2m2025-12-10T10:10:45.442225Z[0m [34mDEBUG[0m [2methereum_transaction_pool_monitor::eth_client[0m[2m:[0m 📡 Transaction fetch RPC completed in 4.61625ms
[2m2025-12-10T10:10:45.442242Z[0m [34mDEBUG[0m [2methereum_transaction_pool_monitor::eth_client[0m[2m:[0m DeFi transaction detected - Address: 0x4d224452801aced8b2f0aebe155379bb5d594381, Type: TokenContract, Value: 0 ETH, Gas: 127.50 Gwei
[2m2025-12-10T10:10:45.442256Z[0m [34mDEBUG[0m [2methereum_transaction_pool_monitor::eth_client[0m[2m:[0m ✅ Transaction 0xb0b1b7a4ef6ec1de0a8e388d1f76f415f6d5f65ab8840197d3abf296910521ef fetched and parsed in 4.647208ms
[2m2025-12-10T10:10:45.442262Z[0m [34mDEBUG[0m [2methereum_transaction_pool_monitor::mempool_monitor[0m[2m:[0m 🔍 Skipping tx 0xb0b1b7a4ef6ec1de0a8e388d1f76f415f6d5f65ab8840197d3abf296910521ef - not a DEX interaction (target: 0x4d224452801ACEd8B2F0aebE155379bb5D594381)
[2m2025-12-10T10:10:45.442268Z[0m [34mDEBUG[0m [2methereum_transaction_pool_monitor::mempool_monitor[0m[2m:[0m 📨 Processing new pending transaction: 0x3b806e22ca0b71fa49c9e22844d9749677a66f1a6b0188bd624b2b5b803fe683
[2m2025-12-10T10:10:45.442272Z[0m [34mDEBUG[0m [2methereum_transaction_pool_monitor::mempool_monitor[0m[2m:[0m 🔍 Fetching transaction details for: 0x3b806e22ca0b71fa49c9e22844d9749677a66f1a6b0188bd624b2b5b803fe683
[2m2025-12-10T10:10:45.442276Z[0m [34mDEBUG[0m [2methereum_transaction_pool_monitor::eth_client[0m[2m:[0m 🔍 Fetching transaction details for hash: 0x3b806e22ca0b71fa49c9e22844d9749677a66f1a6b0188bd624b2b5b803fe683
[2m2025-12-10T10:10:45.442283Z[0m [34mDEBUG[0m [2mhyper::client::pool[0m[2m:[0m reuse idle connection for ("http", 192.168.0.14:8545)
[2m2025-12-10T10:10:45.442297Z[0m [34mDEBUG[0m [2mhyper::proto::h1::io[0m[2m:[0m flushed 250 bytes
[2m2025-12-10T10:10:45.446174Z[0m [34mDEBUG[0m [2mhyper::proto::h1::io[0m[2m:[0m parsed 4 headers
[2m2025-12-10T10:10:45.446178Z[0m [34mDEBUG[0m [2mhyper::proto::h1::conn[0m[2m:[0m incoming body is content-length (834 bytes)
[2m2025-12-10T10:10:45.446182Z[0m [34mDEBUG[0m [2mhyper::proto::h1::conn[0m[2m:[0m incoming body completed
[2m2025-12-10T10:10:45.446187Z[0m [34mDEBUG[0m [2mhyper::client::pool[0m[2m:[0m pooling idle connection for ("http", 192.168.0.14:8545)
[2m2025-12-10T10:10:45.446202Z[0m [34mDEBUG[0m [2methereum_transaction_pool_monitor::eth_client[0m[2m:[0m 📡 Transaction fetch RPC completed in 3.921834ms
[2m2025-12-10T10:10:45.517563Z[0m [34mDEBUG[0m [2methereum_transaction_pool_monitor::eth_client[0m[2m:[0m ✅ Transaction 0x3b806e22ca0b71fa49c9e22844d9749677a66f1a6b0188bd624b2b5b803fe683 fetched and parsed in 75.281042ms
[2m2025-12-10T10:10:45.517593Z[0m [34mDEBUG[0m [2methereum_transaction_pool_monitor::mempool_monitor[0m[2m:[0m 🔍 Skipping tx 0x3b806e22ca0b71fa49c9e22844d9749677a66f1a6b0188bd624b2b5b803fe683 - not a DEX interaction (target: 0xc944E90C64B2c07662A292be6244BDf05Cda44a7)
[2m2025-12-10T10:10:45.517609Z[0m [34mDEBUG[0m [2methereum_transaction_pool_monitor::mempool_monitor[0m[2m:[0m 📨 Processing new pending transaction: 0xf7e6ecb590eeaa727f759bdda0af5b9015071115d78e7b38613e1fdd5fb6a412
[2m2025-12-10T10:10:45.517617Z[0m [34mDEBUG[0m [2methereum_transaction_pool_monitor::mempool_monitor[0m[2m:[0m 🔍 Fetching transaction details for: 0xf7e6ecb590eeaa727f759bdda0af5b9015071115d78e7b38613e1fdd5fb6a412
[2m2025-12-10T10:10:45.517622Z[0m [34mDEBUG[0m [2methereum_transaction_pool_monitor::eth_client[0m[2m:[0m 🔍 Fetching transaction details for hash: 0xf7e6ecb590eeaa727f759bdda0af5b9015071115d78e7b38613e1fdd5fb6a412
[2m2025-12-10T10:10:45.517642Z[0m [34mDEBUG[0m [2mhyper::client::pool[0m[2m:[0m reuse idle connection for ("http", 192.168.0.14:8545)
[2m2025-12-10T10:10:45.517678Z[0m [34mDEBUG[0m [2mhyper::proto::h1::io[0m[2m:[0m flushed 250 bytes
[2m2025-12-10T10:10:45.517699Z[0m [34mDEBUG[0m [2mhyper::client::pool[0m[2m:[0m reuse idle connection for ("http", 192.168.0.14:8545)
[2m2025-12-10T10:10:45.517707Z[0m [34mDEBUG[0m [2methereum_transaction_pool_monitor::eth_client[0m[2m:[0m 📨 Received WebSocket message: {"jsonrpc":"2.0","method":"eth_subscription","params":{"subscription":"0xbed0a0851463e895960a451075a301a9","result":"0x88f6a197075a0c2981d0d95ded956d8e5bdd0878ee88ccd2ad494d545e68a5ae"}}
[2m2025-12-10T10:10:45.517711Z[0m [34mDEBUG[0m [2mhyper::proto::h1::io[0m[2m:[0m flushed 172 bytes
[2m2025-12-10T10:10:45.517719Z[0m [34mDEBUG[0m [2methereum_transaction_pool_monitor::eth_client[0m[2m:[0m 📨 Received pending transaction: 0x88f6a197075a0c2981d0d95ded956d8e5bdd0878ee88ccd2ad494d545e68a5ae
[2m2025-12-10T10:10:45.520925Z[0m [34mDEBUG[0m [2mhyper::proto::h1::io[0m[2m:[0m parsed 4 headers
[2m2025-12-10T10:10:45.520946Z[0m [34mDEBUG[0m [2mhyper::proto::h1::conn[0m[2m:[0m incoming body is content-length (45 bytes)
[2m2025-12-10T10:10:45.520969Z[0m [34mDEBUG[0m [2mhyper::proto::h1::conn[0m[2m:[0m incoming body completed
[2m2025-12-10T10:10:45.520981Z[0m [34mDEBUG[0m [2mhyper::client::pool[0m[2m:[0m pooling idle connection for ("http", 192.168.0.14:8545)
[2m2025-12-10T10:10:45.521704Z[0m [34mDEBUG[0m [2mhyper::proto::h1::io[0m[2m:[0m parsed 4 headers
[2m2025-12-10T10:10:45.521735Z[0m [34mDEBUG[0m [2mhyper::proto::h1::conn[0m[2m:[0m incoming body is content-length (644 bytes)
[2m2025-12-10T10:10:45.521754Z[0m [34mDEBUG[0m [2mhyper::proto::h1::conn[0m[2m:[0m incoming body completed
[2m2025-12-10T10:10:45.521758Z[0m [34mDEBUG[0m [2mhyper::client::pool[0m[2m:[0m pooling idle connection for ("http", 192.168.0.14:8545)
[2m2025-12-10T10:10:45.521763Z[0m [34mDEBUG[0m [2methereum_transaction_pool_monitor::eth_client[0m[2m:[0m 📡 Transaction fetch RPC completed in 4.135625ms
[2m2025-12-10T10:10:45.593879Z[0m [34mDEBUG[0m [2methereum_transaction_pool_monitor::eth_client[0m[2m:[0m ✅ Transaction 0xf7e6ecb590eeaa727f759bdda0af5b9015071115d78e7b38613e1fdd5fb6a412 fetched and parsed in 76.249208ms
[2m2025-12-10T10:10:45.593907Z[0m [34mDEBUG[0m [2methereum_transaction_pool_monitor::mempool_monitor[0m[2m:[0m 🔍 Skipping tx 0xf7e6ecb590eeaa727f759bdda0af5b9015071115d78e7b38613e1fdd5fb6a412 - not a DEX interaction (target: 0xA26148AE51fa8E787DF319C04137602Cc018b521)
[2m2025-12-10T10:10:45.593921Z[0m [34mDEBUG[0m [2methereum_transaction_pool_monitor::mempool_monitor[0m[2m:[0m 📨 Processing new pending transaction: 0x334a8129ebc413e1940b522944547b11f9b25459727a3942f5ecb5e01a79be3f
[2m2025-12-10T10:10:45.593929Z[0m [34mDEBUG[0m [2methereum_transaction_pool_monitor::mempool_monitor[0m[2m:[0m 🔍 Fetching transaction details for: 0x334a8129ebc413e1940b522944547b11f9b25459727a3942f5ecb5e01a79be3f
[2m2025-12-10T10:10:45.593934Z[0m [34mDEBUG[0m [2methereum_transaction_pool_monitor::eth_client[0m[2m:[0m 🔍 Fetching transaction details for hash: 0x334a8129ebc413e1940b522944547b11f9b25459727a3942f5ecb5e01a79be3f
[2m2025-12-10T10:10:45.593953Z[0m [34mDEBUG[0m [2mhyper::client::pool[0m[2m:[0m reuse idle connection for ("http", 192.168.0.14:8545)
[2m2025-12-10T10:10:45.593982Z[0m [34mDEBUG[0m [2mhyper::proto::h1::io[0m[2m:[0m flushed 250 bytes
[2m2025-12-10T10:10:45.594003Z[0m [34mDEBUG[0m [2methereum_transaction_pool_monitor::eth_client[0m[2m:[0m 📨 Received WebSocket message: {"jsonrpc":"2.0","method":"eth_subscription","params":{"subscription":"0xbed0a0851463e895960a451075a301a9","result":"0x0891706f4b415c9cf267561a3d5b9640b2eefdb7b7c5e3c350a0c973c559e34e"}}
[2m2025-12-10T10:10:45.594012Z[0m [34mDEBUG[0m [2methereum_transaction_pool_monitor::eth_client[0m[2m:[0m 📨 Received pending transaction: 0x0891706f4b415c9cf267561a3d5b9640b2eefdb7b7c5e3c350a0c973c559e34e
[2m2025-12-10T10:10:45.597808Z[0m [34mDEBUG[0m [2mhyper::client::pool[0m[2m:[0m reuse idle connection for ("http", 192.168.0.14:8545)
[2m2025-12-10T10:10:45.597882Z[0m [34mDEBUG[0m [2mhyper::proto::h1::io[0m[2m:[0m flushed 172 bytes
[2m2025-12-10T10:10:45.598113Z[0m [34mDEBUG[0m [2mhyper::proto::h1::io[0m[2m:[0m parsed 4 headers
[2m2025-12-10T10:10:45.598118Z[0m [34mDEBUG[0m [2mhyper::proto::h1::conn[0m[2m:[0m incoming body is content-length (775 bytes)
[2m2025-12-10T10:10:45.598124Z[0m [34mDEBUG[0m [2mhyper::proto::h1::conn[0m[2m:[0m incoming body completed
[2m2025-12-10T10:10:45.598130Z[0m [34mDEBUG[0m [2mhyper::client::pool[0m[2m:[0m pooling idle connection for ("http", 192.168.0.14:8545)
[2m2025-12-10T10:10:45.598135Z[0m [34mDEBUG[0m [2methereum_transaction_pool_monitor::eth_client[0m[2m:[0m 📡 Transaction fetch RPC completed in 4.194875ms
[2m2025-12-10T10:10:45.669570Z[0m [34mDEBUG[0m [2methereum_transaction_pool_monitor::eth_client[0m[2m:[0m ✅ Transaction 0x334a8129ebc413e1940b522944547b11f9b25459727a3942f5ecb5e01a79be3f fetched and parsed in 75.627708ms
[2m2025-12-10T10:10:45.669593Z[0m [34mDEBUG[0m [2methereum_transaction_pool_monitor::mempool_monitor[0m[2m:[0m 🔍 Skipping tx 0x334a8129ebc413e1940b522944547b11f9b25459727a3942f5ecb5e01a79be3f - not a DEX interaction (target: 0x56072C95FAA701256059aa122697B133aDEd9279)
[2m2025-12-10T10:10:45.669604Z[0m [34mDEBUG[0m [2methereum_transaction_pool_monitor::mempool_monitor[0m[2m:[0m 📨 Processing new pending transaction: 0x482503cda4643f8e925422bd4f69292aaf74ed5271c1e4ca42751fc7a9e9a96a
[2m2025-12-10T10:10:45.669610Z[0m [34mDEBUG[0m [2methereum_transaction_pool_monitor::mempool_monitor[0m[2m:[0m 🔍 Fetching transaction details for: 0x482503cda4643f8e925422bd4f69292aaf74ed5271c1e4ca42751fc7a9e9a96a
[2m2025-12-10T10:10:45.669614Z[0m [34mDEBUG[0m [2methereum_transaction_pool_monitor::eth_client[0m[2m:[0m 🔍 Fetching transaction details for hash: 0x482503cda4643f8e925422bd4f69292aaf74ed5271c1e4ca42751fc7a9e9a96a
[2m2025-12-10T10:10:45.669631Z[0m [34mDEBUG[0m [2mhyper::client::pool[0m[2m:[0m reuse idle connection for ("http", 192.168.0.14:8545)
[2m2025-12-10T10:10:45.669664Z[0m [34mDEBUG[0m [2mhyper::proto::h1::io[0m[2m:[0m flushed 250 bytes
[2m2025-12-10T10:10:45.669685Z[0m [34mDEBUG[0m [2methereum_transaction_pool_monitor::eth_client[0m[2m:[0m 📨 Received WebSocket message: {"jsonrpc":"2.0","method":"eth_subscription","params":{"subscription":"0xbed0a0851463e895960a451075a301a9","result":"0xa0ef1d2d08dbf8ddadb873716bf434e211034d1644370d40714ec65c0a4fed6a"}}
[2m2025-12-10T10:10:45.669688Z[0m [34mDEBUG[0m [2mhyper::proto::h1::io[0m[2m:[0m parsed 4 headers
[2m2025-12-10T10:10:45.669692Z[0m [34mDEBUG[0m [2methereum_transaction_pool_monitor::eth_client[0m[2m:[0m 📨 Received pending transaction: 0xa0ef1d2d08dbf8ddadb873716bf434e211034d1644370d40714ec65c0a4fed6a
[2m2025-12-10T10:10:45.669695Z[0m [34mDEBUG[0m [2mhyper::proto::h1::conn[0m[2m:[0m incoming body is content-length (45 bytes)
[2m2025-12-10T10:10:45.669698Z[0m [34mDEBUG[0m [2methereum_transaction_pool_monitor::eth_client[0m[2m:[0m 📨 Received WebSocket message: {"jsonrpc":"2.0","method":"eth_subscription","params":{"subscription":"0xbed0a0851463e895960a451075a301a9","result":"0x0caf89372995c06d84dc969d50844861a3c6b0976bc8d2b6484df942a7875768"}}
[2m2025-12-10T10:10:45.669703Z[0m [34mDEBUG[0m [2mhyper::proto::h1::conn[0m[2m:[0m incoming body completed
[2m2025-12-10T10:10:45.669714Z[0m [34mDEBUG[0m [2mhyper::client::pool[0m[2m:[0m pooling idle connection for ("http", 192.168.0.14:8545)
[2m2025-12-10T10:10:45.669704Z[0m [34mDEBUG[0m [2methereum_transaction_pool_monitor::eth_client[0m[2m:[0m 📨 Received pending transaction: 0x0caf89372995c06d84dc969d50844861a3c6b0976bc8d2b6484df942a7875768
[2m2025-12-10T10:10:45.669727Z[0m [34mDEBUG[0m [2methereum_transaction_pool_monitor::eth_client[0m[2m:[0m 📨 Received WebSocket message: {"jsonrpc":"2.0","method":"eth_subscription","params":{"subscription":"0xbed0a0851463e895960a451075a301a9","result":"0xde1a1f23a107ec88a2f5b7b8a45e10adfb8853a7940838288107223c94894f50"}}
[2m2025-12-10T10:10:45.669733Z[0m [34mDEBUG[0m [2methereum_transaction_pool_monitor::eth_client[0m[2m:[0m 📨 Received pending transaction: 0xde1a1f23a107ec88a2f5b7b8a45e10adfb8853a7940838288107223c94894f50
[2m2025-12-10T10:10:45.680990Z[0m [34mDEBUG[0m [2mhyper::proto::h1::io[0m[2m:[0m parsed 4 headers
[2m2025-12-10T10:10:45.681009Z[0m [34mDEBUG[0m [2mhyper::proto::h1::conn[0m[2m:[0m incoming body is content-length (2322 bytes)
[2m2025-12-10T10:10:45.681037Z[0m [34mDEBUG[0m [2methereum_transaction_pool_monitor::eth_client[0m[2m:[0m 📡 Transaction fetch RPC completed in 11.418375ms
[2m2025-12-10T10:10:45.682918Z[0m [34mDEBUG[0m [2mhyper::proto::h1::conn[0m[2m:[0m incoming body completed
[2m2025-12-10T10:10:45.685843Z[0m [34mDEBUG[0m [2mhyper::client::pool[0m[2m:[0m pooling idle connection for ("http", 192.168.0.14:8545)
[2m2025-12-10T10:10:45.685868Z[0m [34mDEBUG[0m [2methereum_transaction_pool_monitor::eth_client[0m[2m:[0m 📨 Received WebSocket message: {"jsonrpc":"2.0","method":"eth_subscription","params":{"subscription":"0xbed0a0851463e895960a451075a301a9","result":"0xd8a88439163335be45d6a9318d63cc7f5ba07782954aba300d4619fb1c7d977f"}}
[2m2025-12-10T10:10:45.685879Z[0m [34mDEBUG[0m [2methereum_transaction_pool_monitor::eth_client[0m[2m:[0m 📨 Received pending transaction: 0xd8a88439163335be45d6a9318d63cc7f5ba07782954aba300d4619fb1c7d977f
[2m2025-12-10T10:10:45.698343Z[0m [34mDEBUG[0m [2mhyper::client::pool[0m[2m:[0m reuse idle connection for ("http", 192.168.0.14:8545)
[2m2025-12-10T10:10:45.698373Z[0m [34mDEBUG[0m [2mhyper::proto::h1::io[0m[2m:[0m flushed 172 bytes
[2m2025-12-10T10:10:45.701957Z[0m [34mDEBUG[0m [2mhyper::proto::h1::io[0m[2m:[0m parsed 4 headers
[2m2025-12-10T10:10:45.701963Z[0m [34mDEBUG[0m [2mhyper::proto::h1::conn[0m[2m:[0m incoming body is content-length (45 bytes)
[2m2025-12-10T10:10:45.701969Z[0m [34mDEBUG[0m [2mhyper::proto::h1::conn[0m[2m:[0m incoming body completed
[2m2025-12-10T10:10:45.701976Z[0m [34mDEBUG[0m [2mhyper::client::pool[0m[2m:[0m pooling idle connection for ("http", 192.168.0.14:8545)
[2m2025-12-10T10:10:45.742716Z[0m [34mDEBUG[0m [2methereum_transaction_pool_monitor::eth_client[0m[2m:[0m 📨 Received WebSocket message: {"jsonrpc":"2.0","method":"eth_subscription","params":{"subscription":"0xbed0a0851463e895960a451075a301a9","result":"0x7ee2e978902d3448be1dd1a8ee19b8715c1252ee512edbc25f4b0aa2e69f0d60"}}
[2m2025-12-10T10:10:45.742733Z[0m [34mDEBUG[0m [2methereum_transaction_pool_monitor::eth_client[0m[2m:[0m 📨 Received pending transaction: 0x7ee2e978902d3448be1dd1a8ee19b8715c1252ee512edbc25f4b0aa2e69f0d60
[2m2025-12-10T10:10:45.757604Z[0m [34mDEBUG[0m [2methereum_transaction_pool_monitor::eth_client[0m[2m:[0m ✅ Transaction 0x482503cda4643f8e925422bd4f69292aaf74ed5271c1e4ca42751fc7a9e9a96a fetched and parsed in 87.983709ms
[2m2025-12-10T10:10:45.757624Z[0m [34mDEBUG[0m [2methereum_transaction_pool_monitor::mempool_monitor[0m[2m:[0m 🔍 Skipping tx 0x482503cda4643f8e925422bd4f69292aaf74ed5271c1e4ca42751fc7a9e9a96a - not a DEX interaction (target: 0x66a9893cC07D91D95644AEDD05D03f95e1dBA8Af)
[2m2025-12-10T10:10:45.757634Z[0m [34mDEBUG[0m [2methereum_transaction_pool_monitor::mempool_monitor[0m[2m:[0m 📨 Processing new pending transaction: 0x004439922f91e0148e9bdce38200fd216b41b7846b8d9a7506ec705e19b0f551
[2m2025-12-10T10:10:45.757640Z[0m [34mDEBUG[0m [2methereum_transaction_pool_monitor::mempool_monitor[0m[2m:[0m 🔍 Fetching transaction details for: 0x004439922f91e0148e9bdce38200fd216b41b7846b8d9a7506ec705e19b0f551
[2m2025-12-10T10:10:45.757644Z[0m [34mDEBUG[0m [2methereum_transaction_pool_monitor::eth_client[0m[2m:[0m 🔍 Fetching transaction details for hash: 0x004439922f91e0148e9bdce38200fd216b41b7846b8d9a7506ec705e19b0f551
[2m2025-12-10T10:10:45.757665Z[0m [34mDEBUG[0m [2mhyper::client::pool[0m[2m:[0m reuse idle connection for ("http", 192.168.0.14:8545)
[2m2025-12-10T10:10:45.757689Z[0m [34mDEBUG[0m [2mhyper::proto::h1::io[0m[2m:[0m flushed 250 bytes
[2m2025-12-10T10:10:45.768769Z[0m [34mDEBUG[0m [2mhyper::proto::h1::io[0m[2m:[0m parsed 4 headers
[2m2025-12-10T10:10:45.769016Z[0m [34mDEBUG[0m [2mhyper::proto::h1::conn[0m[2m:[0m incoming body is content-length (767 bytes)
[2m2025-12-10T10:10:45.769025Z[0m [34mDEBUG[0m [2mhyper::proto::h1::conn[0m[2m:[0m incoming body completed
[2m2025-12-10T10:10:45.769032Z[0m [34mDEBUG[0m [2mhyper::client::pool[0m[2m:[0m pooling idle connection for ("http", 192.168.0.14:8545)
[2m2025-12-10T10:10:45.769038Z[0m [34mDEBUG[0m [2methereum_transaction_pool_monitor::eth_client[0m[2m:[0m 📡 Transaction fetch RPC completed in 11.38725ms
[2m2025-12-10T10:10:45.769051Z[0m [34mDEBUG[0m [2methereum_transaction_pool_monitor::eth_client[0m[2m:[0m DeFi transaction detected - Address: 0xdac17f958d2ee523a2206206994597c13d831ec7, Type: Stablecoin, Value: 0 ETH, Gas: 0.25 Gwei
[2m2025-12-10T10:10:45.769063Z[0m [34mDEBUG[0m [2methereum_transaction_pool_monitor::eth_client[0m[2m:[0m ✅ Transaction 0x004439922f91e0148e9bdce38200fd216b41b7846b8d9a7506ec705e19b0f551 fetched and parsed in 11.4125ms
[2m2025-12-10T10:10:45.769068Z[0m [34mDEBUG[0m [2methereum_transaction_pool_monitor::mempool_monitor[0m[2m:[0m 🔍 Skipping tx 0x004439922f91e0148e9bdce38200fd216b41b7846b8d9a7506ec705e19b0f551 - not a DEX interaction (target: 0xdAC17F958D2ee523a2206206994597C13D831ec7)
[2m2025-12-10T10:10:45.769072Z[0m [34mDEBUG[0m [2methereum_transaction_pool_monitor::mempool_monitor[0m[2m:[0m 📨 Processing new pending transaction: 0x00c269fc2f52b85e61563da0e0ba0b5cc606bc67dd80fb5f8efd8399a42240e0
[2m2025-12-10T10:10:45.769076Z[0m [34mDEBUG[0m [2methereum_transaction_pool_monitor::mempool_monitor[0m[2m:[0m 🔍 Fetching transaction details for: 0x00c269fc2f52b85e61563da0e0ba0b5cc606bc67dd80fb5f8efd8399a42240e0
[2m2025-12-10T10:10:45.769079Z[0m [34mDEBUG[0m [2methereum_transaction_pool_monitor::eth_client[0m[2m:[0m 🔍 Fetching transaction details for hash: 0x00c269fc2f52b85e61563da0e0ba0b5cc606bc67dd80fb5f8efd8399a42240e0
[2m2025-12-10T10:10:45.769087Z[0m [34mDEBUG[0m [2mhyper::client::pool[0m[2m:[0m reuse idle connection for ("http", 192.168.0.14:8545)
[2m2025-12-10T10:10:45.769099Z[0m [34mDEBUG[0m [2mhyper::proto::h1::io[0m[2m:[0m flushed 250 bytes
[2m2025-12-10T10:10:45.774309Z[0m [34mDEBUG[0m [2mhyper::proto::h1::io[0m[2m:[0m parsed 4 headers
[2m2025-12-10T10:10:45.774314Z[0m [34mDEBUG[0m [2mhyper::proto::h1::conn[0m[2m:[0m incoming body is content-length (776 bytes)
[2m2025-12-10T10:10:45.774318Z[0m [34mDEBUG[0m [2mhyper::proto::h1::conn[0m[2m:[0m incoming body completed
[2m2025-12-10T10:10:45.774323Z[0m [34mDEBUG[0m [2mhyper::client::pool[0m[2m:[0m pooling idle connection for ("http", 192.168.0.14:8545)
[2m2025-12-10T10:10:45.774327Z[0m [34mDEBUG[0m [2methereum_transaction_pool_monitor::eth_client[0m[2m:[0m 📡 Transaction fetch RPC completed in 5.24475ms
[2m2025-12-10T10:10:45.845580Z[0m [34mDEBUG[0m [2methereum_transaction_pool_monitor::eth_client[0m[2m:[0m ✅ Transaction 0x00c269fc2f52b85e61563da0e0ba0b5cc606bc67dd80fb5f8efd8399a42240e0 fetched and parsed in 76.494792ms
[2m2025-12-10T10:10:45.845606Z[0m [34mDEBUG[0m [2methereum_transaction_pool_monitor::mempool_monitor[0m[2m:[0m 🔍 Skipping tx 0x00c269fc2f52b85e61563da0e0ba0b5cc606bc67dd80fb5f8efd8399a42240e0 - not a DEX interaction (target: 0x6E2a43be0B1d33b726f0CA3b8de60b3482b8b050)
[2m2025-12-10T10:10:45.845619Z[0m [34mDEBUG[0m [2methereum_transaction_pool_monitor::mempool_monitor[0m[2m:[0m 📨 Processing new pending transaction: 0x9d467912cd8ddc9dccfece906873c6b48b487d03448cc96130fff1c73c5e06f1
[2m2025-12-10T10:10:45.845627Z[0m [34mDEBUG[0m [2methereum_transaction_pool_monitor::mempool_monitor[0m[2m:[0m 🔍 Fetching transaction details for: 0x9d467912cd8ddc9dccfece906873c6b48b487d03448cc96130fff1c73c5e06f1
[2m2025-12-10T10:10:45.845633Z[0m [34mDEBUG[0m [2methereum_transaction_pool_monitor::eth_client[0m[2m:[0m 🔍 Fetching transaction details for hash: 0x9d467912cd8ddc9dccfece906873c6b48b487d03448cc96130fff1c73c5e06f1
[2m2025-12-10T10:10:45.845650Z[0m [34mDEBUG[0m [2mhyper::client::pool[0m[2m:[0m reuse idle connection for ("http", 192.168.0.14:8545)
[2m2025-12-10T10:10:45.845683Z[0m [34mDEBUG[0m [2mhyper::proto::h1::io[0m[2m:[0m flushed 250 bytes
[2m2025-12-10T10:10:45.845711Z[0m [34mDEBUG[0m [2mhyper::client::pool[0m[2m:[0m reuse idle connection for ("http", 192.168.0.14:8545)
[2m2025-12-10T10:10:45.845728Z[0m [34mDEBUG[0m [2mhyper::proto::h1::io[0m[2m:[0m flushed 172 bytes
[2m2025-12-10T10:10:45.851655Z[0m [34mDEBUG[0m [2mhyper::proto::h1::io[0m[2m:[0m parsed 4 headers
[2m2025-12-10T10:10:45.851674Z[0m [34mDEBUG[0m [2mhyper::proto::h1::conn[0m[2m:[0m incoming body is content-length (773 bytes)
[2m2025-12-10T10:10:45.851681Z[0m [34mDEBUG[0m [2mhyper::proto::h1::conn[0m[2m:[0m incoming body completed
[2m2025-12-10T10:10:45.851690Z[0m [34mDEBUG[0m [2mhyper::client::pool[0m[2m:[0m pooling idle connection for ("http", 192.168.0.14:8545)
[2m2025-12-10T10:10:45.851697Z[0m [34mDEBUG[0m [2methereum_transaction_pool_monitor::eth_client[0m[2m:[0m 📡 Transaction fetch RPC completed in 6.059208ms
[2m2025-12-10T10:10:45.851716Z[0m [34mDEBUG[0m [2methereum_transaction_pool_monitor::eth_client[0m[2m:[0m DeFi transaction detected - Address: 0xdac17f958d2ee523a2206206994597c13d831ec7, Type: Stablecoin, Value: 0 ETH, Gas: 1.85 Gwei
[2m2025-12-10T10:10:45.851731Z[0m [34mDEBUG[0m [2methereum_transaction_pool_monitor::eth_client[0m[2m:[0m ✅ Transaction 0x9d467912cd8ddc9dccfece906873c6b48b487d03448cc96130fff1c73c5e06f1 fetched and parsed in 6.092916ms
[2m2025-12-10T10:10:45.851738Z[0m [34mDEBUG[0m [2methereum_transaction_pool_monitor::mempool_monitor[0m[2m:[0m 🔍 Skipping tx 0x9d467912cd8ddc9dccfece906873c6b48b487d03448cc96130fff1c73c5e06f1 - not a DEX interaction (target: 0xdAC17F958D2ee523a2206206994597C13D831ec7)
[2m2025-12-10T10:10:45.851744Z[0m [34mDEBUG[0m [2methereum_transaction_pool_monitor::mempool_monitor[0m[2m:[0m 📨 Processing new pending transaction: 0x46daf3b453ea2468ef2fdd927f951e1f719d261dea6649386cfd0e0a5b0e35b2
[2m2025-12-10T10:10:45.851747Z[0m [34mDEBUG[0m [2methereum_transaction_pool_monitor::mempool_monitor[0m[2m:[0m 🔍 Fetching transaction details for: 0x46daf3b453ea2468ef2fdd927f951e1f719d261dea6649386cfd0e0a5b0e35b2
[2m2025-12-10T10:10:45.851750Z[0m [34mDEBUG[0m [2methereum_transaction_pool_monitor::eth_client[0m[2m:[0m 🔍 Fetching transaction details for hash: 0x46daf3b453ea2468ef2fdd927f951e1f719d261dea6649386cfd0e0a5b0e35b2
[2m2025-12-10T10:10:45.851757Z[0m [34mDEBUG[0m [2mhyper::client::pool[0m[2m:[0m reuse idle connection for ("http", 192.168.0.14:8545)
[2m2025-12-10T10:10:45.851766Z[0m [34mDEBUG[0m [2mhyper::proto::h1::io[0m[2m:[0m flushed 250 bytes
[2m2025-12-10T10:10:45.851772Z[0m [34mDEBUG[0m [2mhyper::proto::h1::io[0m[2m:[0m parsed 4 headers
[2m2025-12-10T10:10:45.851775Z[0m [34mDEBUG[0m [2mhyper::proto::h1::conn[0m[2m:[0m incoming body is content-length (45 bytes)
[2m2025-12-10T10:10:45.851779Z[0m [34mDEBUG[0m [2mhyper::proto::h1::conn[0m[2m:[0m incoming body completed
[2m2025-12-10T10:10:45.851783Z[0m [34mDEBUG[0m [2mhyper::client::pool[0m[2m:[0m pooling idle connection for ("http", 192.168.0.14:8545)
[2m2025-12-10T10:10:45.856565Z[0m [34mDEBUG[0m [2mhyper::proto::h1::io[0m[2m:[0m parsed 4 headers
[2m2025-12-10T10:10:45.856570Z[0m [34mDEBUG[0m [2mhyper::proto::h1::conn[0m[2m:[0m incoming body is content-length (779 bytes)
[2m2025-12-10T10:10:45.856573Z[0m [34mDEBUG[0m [2mhyper::proto::h1::conn[0m[2m:[0m incoming body completed
[2m2025-12-10T10:10:45.856577Z[0m [34mDEBUG[0m [2mhyper::client::pool[0m[2m:[0m pooling idle connection for ("http", 192.168.0.14:8545)
[2m2025-12-10T10:10:45.856581Z[0m [34mDEBUG[0m [2methereum_transaction_pool_monitor::eth_client[0m[2m:[0m 📡 Transaction fetch RPC completed in 4.827584ms
[2m2025-12-10T10:10:45.927531Z[0m [34mDEBUG[0m [2methereum_transaction_pool_monitor::eth_client[0m[2m:[0m ✅ Transaction 0x46daf3b453ea2468ef2fdd927f951e1f719d261dea6649386cfd0e0a5b0e35b2 fetched and parsed in 75.774834ms
[2m2025-12-10T10:10:45.927554Z[0m [34mDEBUG[0m [2methereum_transaction_pool_monitor::mempool_monitor[0m[2m:[0m 🔍 Skipping tx 0x46daf3b453ea2468ef2fdd927f951e1f719d261dea6649386cfd0e0a5b0e35b2 - not a DEX interaction (target: 0xFe0c30065B384F05761f15d0CC899D4F9F9Cc0eB)
[2m2025-12-10T10:10:45.927563Z[0m [34mDEBUG[0m [2methereum_transaction_pool_monitor::mempool_monitor[0m[2m:[0m 📨 Processing new pending transaction: 0xfed73a3f80546e4cb648e8dfb70f6a093d139093dd97b767c7ef0d4a2c25bac6
[2m2025-12-10T10:10:45.927569Z[0m [34mDEBUG[0m [2methereum_transaction_pool_monitor::mempool_monitor[0m[2m:[0m 🔍 Fetching transaction details for: 0xfed73a3f80546e4cb648e8dfb70f6a093d139093dd97b767c7ef0d4a2c25bac6
[2m2025-12-10T10:10:45.927574Z[0m [34mDEBUG[0m [2methereum_transaction_pool_monitor::eth_client[0m[2m:[0m 🔍 Fetching transaction details for hash: 0xfed73a3f80546e4cb648e8dfb70f6a093d139093dd97b767c7ef0d4a2c25bac6
[2m2025-12-10T10:10:45.927591Z[0m [34mDEBUG[0m [2mhyper::client::pool[0m[2m:[0m reuse idle connection for ("http", 192.168.0.14:8545)
[2m2025-12-10T10:10:45.927628Z[0m [34mDEBUG[0m [2mhyper::proto::h1::io[0m[2m:[0m flushed 250 bytes
[2m2025-12-10T10:10:45.927646Z[0m [34mDEBUG[0m [2mhyper::client::pool[0m[2m:[0m reuse idle connection for ("http", 192.168.0.14:8545)
[2m2025-12-10T10:10:45.927658Z[0m [34mDEBUG[0m [2mhyper::proto::h1::io[0m[2m:[0m flushed 172 bytes
[2m2025-12-10T10:10:45.927660Z[0m [34mDEBUG[0m [2methereum_transaction_pool_monitor::eth_client[0m[2m:[0m 📨 Received WebSocket message: {"jsonrpc":"2.0","method":"eth_subscription","params":{"subscription":"0xbed0a0851463e895960a451075a301a9","result":"0xc8b6c2656a6a858e32a8d073686f818ef1a3fe2295352650d845bff7682d643b"}}
[2m2025-12-10T10:10:45.927669Z[0m [34mDEBUG[0m [2methereum_transaction_pool_monitor::eth_client[0m[2m:[0m 📨 Received pending transaction: 0xc8b6c2656a6a858e32a8d073686f818ef1a3fe2295352650d845bff7682d643b
[2m2025-12-10T10:10:45.933411Z[0m [34mDEBUG[0m [2mhyper::proto::h1::io[0m[2m:[0m parsed 4 headers
[2m2025-12-10T10:10:45.933416Z[0m [34mDEBUG[0m [2mhyper::proto::h1::conn[0m[2m:[0m incoming body is content-length (829 bytes)
[2m2025-12-10T10:10:45.933421Z[0m [34mDEBUG[0m [2mhyper::proto::h1::conn[0m[2m:[0m incoming body completed
[2m2025-12-10T10:10:45.933427Z[0m [34mDEBUG[0m [2mhyper::client::pool[0m[2m:[0m pooling idle connection for ("http", 192.168.0.14:8545)
[2m2025-12-10T10:10:45.933432Z[0m [34mDEBUG[0m [2methereum_transaction_pool_monitor::eth_client[0m[2m:[0m 📡 Transaction fetch RPC completed in 5.853792ms
[2m2025-12-10T10:10:46.003324Z[0m [34mDEBUG[0m [2methereum_transaction_pool_monitor::eth_client[0m[2m:[0m ✅ Transaction 0xfed73a3f80546e4cb648e8dfb70f6a093d139093dd97b767c7ef0d4a2c25bac6 fetched and parsed in 75.743958ms
[2m2025-12-10T10:10:46.003350Z[0m [34mDEBUG[0m [2methereum_transaction_pool_monitor::mempool_monitor[0m[2m:[0m 🔍 Skipping tx 0xfed73a3f80546e4cb648e8dfb70f6a093d139093dd97b767c7ef0d4a2c25bac6 - not a DEX interaction (target: 0x3B4D794a66304F130a4Db8F2551B0070dfCf5ca7)
[2m2025-12-10T10:10:46.003359Z[0m [34mDEBUG[0m [2methereum_transaction_pool_monitor::mempool_monitor[0m[2m:[0m 📨 Processing new pending transaction: 0xdde3da8a6bc55b58feb5ebdc08722aaa6928bbb616dcc5c7db356ab6564bbc35
[2m2025-12-10T10:10:46.003365Z[0m [34mDEBUG[0m [2methereum_transaction_pool_monitor::mempool_monitor[0m[2m:[0m 🔍 Fetching transaction details for: 0xdde3da8a6bc55b58feb5ebdc08722aaa6928bbb616dcc5c7db356ab6564bbc35
[2m2025-12-10T10:10:46.003369Z[0m [34mDEBUG[0m [2methereum_transaction_pool_monitor::eth_client[0m[2m:[0m 🔍 Fetching transaction details for hash: 0xdde3da8a6bc55b58feb5ebdc08722aaa6928bbb616dcc5c7db356ab6564bbc35
[2m2025-12-10T10:10:46.003386Z[0m [34mDEBUG[0m [2mhyper::client::pool[0m[2m:[0m reuse idle connection for ("http", 192.168.0.14:8545)
[2m2025-12-10T10:10:46.003424Z[0m [34mDEBUG[0m [2mhyper::proto::h1::io[0m[2m:[0m flushed 250 bytes
[2m2025-12-10T10:10:46.003446Z[0m [34mDEBUG[0m [2methereum_transaction_pool_monitor::eth_client[0m[2m:[0m 📨 Received WebSocket message: {"jsonrpc":"2.0","method":"eth_subscription","params":{"subscription":"0xbed0a0851463e895960a451075a301a9","result":"0xe8eb66011da6ab5304456269f7dc6b2d392f9bc80f66f731d9edcee03d83f1ac"}}
[2m2025-12-10T10:10:46.003447Z[0m [34mDEBUG[0m [2mhyper::proto::h1::io[0m[2m:[0m parsed 4 headers
[2m2025-12-10T10:10:46.003454Z[0m [34mDEBUG[0m [2methereum_transaction_pool_monitor::eth_client[0m[2m:[0m 📨 Received pending transaction: 0xe8eb66011da6ab5304456269f7dc6b2d392f9bc80f66f731d9edcee03d83f1ac
[2m2025-12-10T10:10:46.003457Z[0m [34mDEBUG[0m [2mhyper::proto::h1::conn[0m[2m:[0m incoming body is content-length (45 bytes)
[2m2025-12-10T10:10:46.003467Z[0m [34mDEBUG[0m [2mhyper::proto::h1::conn[0m[2m:[0m incoming body completed
[2m2025-12-10T10:10:46.003474Z[0m [34mDEBUG[0m [2mhyper::client::pool[0m[2m:[0m pooling idle connection for ("http", 192.168.0.14:8545)
[2m2025-12-10T10:10:46.003488Z[0m [34mDEBUG[0m [2mhyper::client::pool[0m[2m:[0m reuse idle connection for ("http", 192.168.0.14:8545)
[2m2025-12-10T10:10:46.003502Z[0m [34mDEBUG[0m [2mhyper::proto::h1::io[0m[2m:[0m flushed 172 bytes
[2m2025-12-10T10:10:46.006372Z[0m [34mDEBUG[0m [2mhyper::proto::h1::io[0m[2m:[0m parsed 4 headers
[2m2025-12-10T10:10:46.006383Z[0m [34mDEBUG[0m [2mhyper::proto::h1::conn[0m[2m:[0m incoming body is content-length (45 bytes)
[2m2025-12-10T10:10:46.006388Z[0m [34mDEBUG[0m [2mhyper::proto::h1::conn[0m[2m:[0m incoming body completed
[2m2025-12-10T10:10:46.006396Z[0m [34mDEBUG[0m [2mhyper::client::pool[0m[2m:[0m pooling idle connection for ("http", 192.168.0.14:8545)
[2m2025-12-10T10:10:46.012651Z[0m [34mDEBUG[0m [2mhyper::proto::h1::io[0m[2m:[0m parsed 4 headers
[2m2025-12-10T10:10:46.012664Z[0m [34mDEBUG[0m [2mhyper::proto::h1::conn[0m[2m:[0m incoming body is content-length (3851 bytes)
[2m2025-12-10T10:10:46.012678Z[0m [34mDEBUG[0m [2methereum_transaction_pool_monitor::eth_client[0m[2m:[0m 📡 Transaction fetch RPC completed in 9.305ms
[2m2025-12-10T10:10:46.014379Z[0m [34mDEBUG[0m [2mhyper::proto::h1::conn[0m[2m:[0m incoming body completed
[2m2025-12-10T10:10:46.014393Z[0m [34mDEBUG[0m [2mhyper::client::pool[0m[2m:[0m pooling idle connection for ("http", 192.168.0.14:8545)
[2m2025-12-10T10:10:46.026686Z[0m [34mDEBUG[0m [2methereum_transaction_pool_monitor::eth_client[0m[2m:[0m 📨 Received WebSocket message: {"jsonrpc":"2.0","method":"eth_subscription","params":{"subscription":"0xbed0a0851463e895960a451075a301a9","result":"0x0b89259b25f2de8c247ba04204766896a1123492952eb9f0f5ed96ee88ae2fab"}}
[2m2025-12-10T10:10:46.026709Z[0m [34mDEBUG[0m [2methereum_transaction_pool_monitor::eth_client[0m[2m:[0m 📨 Received pending transaction: 0x0b89259b25f2de8c247ba04204766896a1123492952eb9f0f5ed96ee88ae2fab
[2m2025-12-10T10:10:46.087089Z[0m [34mDEBUG[0m [2methereum_transaction_pool_monitor::eth_client[0m[2m:[0m ✅ Transaction 0xdde3da8a6bc55b58feb5ebdc08722aaa6928bbb616dcc5c7db356ab6564bbc35 fetched and parsed in 83.713375ms
[2m2025-12-10T10:10:46.087114Z[0m [34mDEBUG[0m [2methereum_transaction_pool_monitor::mempool_monitor[0m[2m:[0m 🔍 Skipping tx 0xdde3da8a6bc55b58feb5ebdc08722aaa6928bbb616dcc5c7db356ab6564bbc35 - not a DEX interaction (target: 0xEe7aE85f2Fe2239E27D9c1E23fFFe168D63b4055)
[2m2025-12-10T10:10:46.087127Z[0m [34mDEBUG[0m [2methereum_transaction_pool_monitor::mempool_monitor[0m[2m:[0m 📨 Processing new pending transaction: 0x165759fa2ae27234304f98c1ee6bcbeeea6b1ee531680cb4b6c7d7759d560300
[2m2025-12-10T10:10:46.087132Z[0m [34mDEBUG[0m [2methereum_transaction_pool_monitor::mempool_monitor[0m[2m:[0m 🔍 Fetching transaction details for: 0x165759fa2ae27234304f98c1ee6bcbeeea6b1ee531680cb4b6c7d7759d560300
[2m2025-12-10T10:10:46.087369Z[0m [34mDEBUG[0m [2methereum_transaction_pool_monitor::eth_client[0m[2m:[0m 🔍 Fetching transaction details for hash: 0x165759fa2ae27234304f98c1ee6bcbeeea6b1ee531680cb4b6c7d7759d560300
[2m2025-12-10T10:10:46.087390Z[0m [34mDEBUG[0m [2mhyper::client::pool[0m[2m:[0m reuse idle connection for ("http", 192.168.0.14:8545)
[2m2025-12-10T10:10:46.087412Z[0m [34mDEBUG[0m [2mhyper::proto::h1::io[0m[2m:[0m flushed 250 bytes
[2m2025-12-10T10:10:46.094662Z[0m [34mDEBUG[0m [2mhyper::proto::h1::io[0m[2m:[0m parsed 4 headers
[2m2025-12-10T10:10:46.094674Z[0m [34mDEBUG[0m [2mhyper::proto::h1::conn[0m[2m:[0m incoming body is content-length (644 bytes)
[2m2025-12-10T10:10:46.094680Z[0m [34mDEBUG[0m [2mhyper::proto::h1::conn[0m[2m:[0m incoming body completed
[2m2025-12-10T10:10:46.094689Z[0m [34mDEBUG[0m [2mhyper::client::pool[0m[2m:[0m pooling idle connection for ("http", 192.168.0.14:8545)
[2m2025-12-10T10:10:46.094695Z[0m [34mDEBUG[0m [2methereum_transaction_pool_monitor::eth_client[0m[2m:[0m 📡 Transaction fetch RPC completed in 7.318542ms
[2m2025-12-10T10:10:46.166755Z[0m [34mDEBUG[0m [2methereum_transaction_pool_monitor::eth_client[0m[2m:[0m ✅ Transaction 0x165759fa2ae27234304f98c1ee6bcbeeea6b1ee531680cb4b6c7d7759d560300 fetched and parsed in 79.376583ms
[2m2025-12-10T10:10:46.166784Z[0m [34mDEBUG[0m [2methereum_transaction_pool_monitor::mempool_monitor[0m[2m:[0m 🔍 Skipping tx 0x165759fa2ae27234304f98c1ee6bcbeeea6b1ee531680cb4b6c7d7759d560300 - not a DEX interaction (target: 0x17E5545B11b468072283Cee1F066a059Fb0dbF24)
[2m2025-12-10T10:10:46.166796Z[0m [34mDEBUG[0m [2methereum_transaction_pool_monitor::mempool_monitor[0m[2m:[0m 📨 Processing new pending transaction: 0x1d3300fe59232816c232754647dfe04585be5df0eca8d671d2a3fbd7f5609b40
[2m2025-12-10T10:10:46.166803Z[0m [34mDEBUG[0m [2methereum_transaction_pool_monitor::mempool_monitor[0m[2m:[0m 🔍 Fetching transaction details for: 0x1d3300fe59232816c232754647dfe04585be5df0eca8d671d2a3fbd7f5609b40
[2m2025-12-10T10:10:46.166810Z[0m [34mDEBUG[0m [2methereum_transaction_pool_monitor::eth_client[0m[2m:[0m 🔍 Fetching transaction details for hash: 0x1d3300fe59232816c232754647dfe04585be5df0eca8d671d2a3fbd7f5609b40
[2m2025-12-10T10:10:46.166828Z[0m [34mDEBUG[0m [2mhyper::client::pool[0m[2m:[0m reuse idle connection for ("http", 192.168.0.14:8545)
[2m2025-12-10T10:10:46.166854Z[0m [34mDEBUG[0m [2mhyper::proto::h1::io[0m[2m:[0m flushed 250 bytes
[2m2025-12-10T10:10:46.166884Z[0m [34mDEBUG[0m [2mhyper::client::pool[0m[2m:[0m reuse idle connection for ("http", 192.168.0.14:8545)
[2m2025-12-10T10:10:46.166899Z[0m [34mDEBUG[0m [2mhyper::proto::h1::io[0m[2m:[0m flushed 172 bytes
[2m2025-12-10T10:10:46.171092Z[0m [34mDEBUG[0m [2mhyper::proto::h1::io[0m[2m:[0m parsed 4 headers
[2m2025-12-10T10:10:46.171111Z[0m [34mDEBUG[0m [2mhyper::proto::h1::conn[0m[2m:[0m incoming body is content-length (45 bytes)
[2m2025-12-10T10:10:46.171131Z[0m [34mDEBUG[0m [2mhyper::proto::h1::conn[0m[2m:[0m incoming body completed
[2m2025-12-10T10:10:46.171148Z[0m [34mDEBUG[0m [2mhyper::client::pool[0m[2m:[0m pooling idle connection for ("http", 192.168.0.14:8545)
[2m2025-12-10T10:10:46.174726Z[0m [34mDEBUG[0m [2mhyper::proto::h1::io[0m[2m:[0m parsed 4 headers
[2m2025-12-10T10:10:46.174733Z[0m [34mDEBUG[0m [2mhyper::proto::h1::conn[0m[2m:[0m incoming body is content-length (644 bytes)
[2m2025-12-10T10:10:46.174739Z[0m [34mDEBUG[0m [2mhyper::proto::h1::conn[0m[2m:[0m incoming body completed
[2m2025-12-10T10:10:46.174745Z[0m [34mDEBUG[0m [2mhyper::client::pool[0m[2m:[0m pooling idle connection for ("http", 192.168.0.14:8545)
[2m2025-12-10T10:10:46.174749Z[0m [34mDEBUG[0m [2methereum_transaction_pool_monitor::eth_client[0m[2m:[0m 📡 Transaction fetch RPC completed in 7.933208ms
[2m2025-12-10T10:10:46.246416Z[0m [34mDEBUG[0m [2methereum_transaction_pool_monitor::eth_client[0m[2m:[0m ✅ Transaction 0x1d3300fe59232816c232754647dfe04585be5df0eca8d671d2a3fbd7f5609b40 fetched and parsed in 79.598166ms
[2m2025-12-10T10:10:46.246443Z[0m [34mDEBUG[0m [2methereum_transaction_pool_monitor::mempool_monitor[0m[2m:[0m 🔍 Skipping tx 0x1d3300fe59232816c232754647dfe04585be5df0eca8d671d2a3fbd7f5609b40 - not a DEX interaction (target: 0xf4B2E14dC7cc5C48eA96AD0cfCad3C5d60cd6259)
[2m2025-12-10T10:10:46.246460Z[0m [34mDEBUG[0m [2methereum_transaction_pool_monitor::mempool_monitor[0m[2m:[0m 📨 Processing new pending transaction: 0xc3103e7744c8ad456d469aa4bcd2e3ba77cdb06d4d9a426975f36f70e9002dba
[2m2025-12-10T10:10:46.246467Z[0m [34mDEBUG[0m [2methereum_transaction_pool_monitor::mempool_monitor[0m[2m:[0m 🔍 Fetching transaction details for: 0xc3103e7744c8ad456d469aa4bcd2e3ba77cdb06d4d9a426975f36f70e9002dba
[2m2025-12-10T10:10:46.246472Z[0m [34mDEBUG[0m [2methereum_transaction_pool_monitor::eth_client[0m[2m:[0m 🔍 Fetching transaction details for hash: 0xc3103e7744c8ad456d469aa4bcd2e3ba77cdb06d4d9a426975f36f70e9002dba
[2m2025-12-10T10:10:46.246491Z[0m [34mDEBUG[0m [2mhyper::client::pool[0m[2m:[0m reuse idle connection for ("http", 192.168.0.14:8545)
[2m2025-12-10T10:10:46.246526Z[0m [34mDEBUG[0m [2mhyper::proto::h1::io[0m[2m:[0m flushed 250 bytes
[2m2025-12-10T10:10:46.246554Z[0m [34mDEBUG[0m [2mhyper::client::pool[0m[2m:[0m reuse idle connection for ("http", 192.168.0.14:8545)
[2m2025-12-10T10:10:46.246570Z[0m [34mDEBUG[0m [2mhyper::proto::h1::io[0m[2m:[0m flushed 172 bytes
[2m2025-12-10T10:10:46.251243Z[0m [34mDEBUG[0m [2mhyper::proto::h1::io[0m[2m:[0m parsed 4 headers
[2m2025-12-10T10:10:46.251253Z[0m [34mDEBUG[0m [2mhyper::proto::h1::conn[0m[2m:[0m incoming body is content-length (45 bytes)
[2m2025-12-10T10:10:46.251260Z[0m [34mDEBUG[0m [2mhyper::proto::h1::conn[0m[2m:[0m incoming body completed
[2m2025-12-10T10:10:46.251268Z[0m [34mDEBUG[0m [2mhyper::client::pool[0m[2m:[0m pooling idle connection for ("http", 192.168.0.14:8545)
[2m2025-12-10T10:10:46.251284Z[0m [34mDEBUG[0m [2mhyper::proto::h1::io[0m[2m:[0m parsed 4 headers
[2m2025-12-10T10:10:46.251289Z[0m [34mDEBUG[0m [2mhyper::proto::h1::conn[0m[2m:[0m incoming body is content-length (1283 bytes)
[2m2025-12-10T10:10:46.251292Z[0m [34mDEBUG[0m [2mhyper::proto::h1::conn[0m[2m:[0m incoming body completed
[2m2025-12-10T10:10:46.251297Z[0m [34mDEBUG[0m [2mhyper::client::pool[0m[2m:[0m pooling idle connection for ("http", 192.168.0.14:8545)
[2m2025-12-10T10:10:46.251301Z[0m [34mDEBUG[0m [2methereum_transaction_pool_monitor::eth_client[0m[2m:[0m 📡 Transaction fetch RPC completed in 4.822458ms
[2m2025-12-10T10:10:46.323343Z[0m [34mDEBUG[0m [2methereum_transaction_pool_monitor::eth_client[0m[2m:[0m ✅ Transaction 0xc3103e7744c8ad456d469aa4bcd2e3ba77cdb06d4d9a426975f36f70e9002dba fetched and parsed in 76.862166ms
[2m2025-12-10T10:10:46.323367Z[0m [34mDEBUG[0m [2methereum_transaction_pool_monitor::mempool_monitor[0m[2m:[0m 🔍 Skipping tx 0xc3103e7744c8ad456d469aa4bcd2e3ba77cdb06d4d9a426975f36f70e9002dba - not a DEX interaction (target: 0xF6801D319497789f934ec7F83E142a9536312B08)
[2m2025-12-10T10:10:46.323377Z[0m [34mDEBUG[0m [2methereum_transaction_pool_monitor::mempool_monitor[0m[2m:[0m 📨 Processing new pending transaction: 0x90454588574f49e1c5f692688f324897d54f50c1477a4422d409c6ad5e870c09
[2m2025-12-10T10:10:46.323383Z[0m [34mDEBUG[0m [2methereum_transaction_pool_monitor::mempool_monitor[0m[2m:[0m 🔍 Fetching transaction details for: 0x90454588574f49e1c5f692688f324897d54f50c1477a4422d409c6ad5e870c09
[2m2025-12-10T10:10:46.323387Z[0m [34mDEBUG[0m [2methereum_transaction_pool_monitor::eth_client[0m[2m:[0m 🔍 Fetching transaction details for hash: 0x90454588574f49e1c5f692688f324897d54f50c1477a4422d409c6ad5e870c09
[2m2025-12-10T10:10:46.323404Z[0m [34mDEBUG[0m [2mhyper::client::pool[0m[2m:[0m reuse idle connection for ("http", 192.168.0.14:8545)
[2m2025-12-10T10:10:46.323443Z[0m [34mDEBUG[0m [2mhyper::proto::h1::io[0m[2m:[0m flushed 250 bytes
[2m2025-12-10T10:10:46.323478Z[0m [34mDEBUG[0m [2mhyper::client::pool[0m[2m:[0m reuse idle connection for ("http", 192.168.0.14:8545)
[2m2025-12-10T10:10:46.323492Z[0m [34mDEBUG[0m [2mhyper::proto::h1::io[0m[2m:[0m flushed 172 bytes
[2m2025-12-10T10:10:46.331263Z[0m [34mDEBUG[0m [2mhyper::proto::h1::io[0m[2m:[0m parsed 4 headers
[2m2025-12-10T10:10:46.331274Z[0m [34mDEBUG[0m [2mhyper::proto::h1::conn[0m[2m:[0m incoming body is content-length (648 bytes)
[2m2025-12-10T10:10:46.331281Z[0m [34mDEBUG[0m [2mhyper::proto::h1::conn[0m[2m:[0m incoming body completed
[2m2025-12-10T10:10:46.331290Z[0m [34mDEBUG[0m [2mhyper::client::pool[0m[2m:[0m pooling idle connection for ("http", 192.168.0.14:8545)
[2m2025-12-10T10:10:46.331297Z[0m [34mDEBUG[0m [2methereum_transaction_pool_monitor::eth_client[0m[2m:[0m 📡 Transaction fetch RPC completed in 7.905709ms
[2m2025-12-10T10:10:46.402748Z[0m [34mDEBUG[0m [2methereum_transaction_pool_monitor::eth_client[0m[2m:[0m ✅ Transaction 0x90454588574f49e1c5f692688f324897d54f50c1477a4422d409c6ad5e870c09 fetched and parsed in 79.35475ms
[2m2025-12-10T10:10:46.402773Z[0m [34mDEBUG[0m [2methereum_transaction_pool_monitor::mempool_monitor[0m[2m:[0m 🔍 Skipping tx 0x90454588574f49e1c5f692688f324897d54f50c1477a4422d409c6ad5e870c09 - not a DEX interaction (target: 0x3F34eF13a83eaf913cC7C29fB2493E790fc04035)
[2m2025-12-10T10:10:46.402782Z[0m [34mDEBUG[0m [2methereum_transaction_pool_monitor::mempool_monitor[0m[2m:[0m 📨 Processing new pending transaction: 0x6742f0b72a97efed0ea604ca8fe14fa5b38be3712d463de3fc655a065a947d2d
[2m2025-12-10T10:10:46.402787Z[0m [34mDEBUG[0m [2methereum_transaction_pool_monitor::mempool_monitor[0m[2m:[0m 🔍 Fetching transaction details for: 0x6742f0b72a97efed0ea604ca8fe14fa5b38be3712d463de3fc655a065a947d2d
[2m2025-12-10T10:10:46.402791Z[0m [34mDEBUG[0m [2methereum_transaction_pool_monitor::eth_client[0m[2m:[0m 🔍 Fetching transaction details for hash: 0x6742f0b72a97efed0ea604ca8fe14fa5b38be3712d463de3fc655a065a947d2d
[2m2025-12-10T10:10:46.402807Z[0m [34mDEBUG[0m [2mhyper::client::pool[0m[2m:[0m reuse idle connection for ("http", 192.168.0.14:8545)
[2m2025-12-10T10:10:46.402855Z[0m [34mDEBUG[0m [2mhyper::proto::h1::io[0m[2m:[0m flushed 250 bytes
[2m2025-12-10T10:10:46.402877Z[0m [34mDEBUG[0m [2methereum_transaction_pool_monitor::eth_client[0m[2m:[0m 📨 Received WebSocket message: {"jsonrpc":"2.0","method":"eth_subscription","params":{"subscription":"0xbed0a0851463e895960a451075a301a9","result":"0x11e8c5855b60099a218ef7d01389c8d901e508c4b723561f68ce6c1ad2af2f7e"}}
[2m2025-12-10T10:10:46.402885Z[0m [34mDEBUG[0m [2methereum_transaction_pool_monitor::eth_client[0m[2m:[0m 📨 Received pending transaction: 0x11e8c5855b60099a218ef7d01389c8d901e508c4b723561f68ce6c1ad2af2f7e
[2m2025-12-10T10:10:46.402923Z[0m [34mDEBUG[0m [2mhyper::proto::h1::io[0m[2m:[0m parsed 4 headers
[2m2025-12-10T10:10:46.402928Z[0m [34mDEBUG[0m [2mhyper::proto::h1::conn[0m[2m:[0m incoming body is content-length (45 bytes)
[2m2025-12-10T10:10:46.402933Z[0m [34mDEBUG[0m [2mhyper::proto::h1::conn[0m[2m:[0m incoming body completed
[2m2025-12-10T10:10:46.402941Z[0m [34mDEBUG[0m [2mhyper::client::pool[0m[2m:[0m pooling idle connection for ("http", 192.168.0.14:8545)
[2m2025-12-10T10:10:46.402954Z[0m [34mDEBUG[0m [2mhyper::client::pool[0m[2m:[0m reuse idle connection for ("http", 192.168.0.14:8545)
[2m2025-12-10T10:10:46.402968Z[0m [34mDEBUG[0m [2mhyper::proto::h1::io[0m[2m:[0m flushed 172 bytes
[2m2025-12-10T10:10:46.407681Z[0m [34mDEBUG[0m [2mhyper::proto::h1::io[0m[2m:[0m parsed 4 headers
[2m2025-12-10T10:10:46.407697Z[0m [34mDEBUG[0m [2mhyper::proto::h1::conn[0m[2m:[0m incoming body is content-length (45 bytes)
[2m2025-12-10T10:10:46.407703Z[0m [34mDEBUG[0m [2mhyper::proto::h1::conn[0m[2m:[0m incoming body completed
[2m2025-12-10T10:10:46.407713Z[0m [34mDEBUG[0m [2mhyper::client::pool[0m[2m:[0m pooling idle connection for ("http", 192.168.0.14:8545)
[2m2025-12-10T10:10:46.408308Z[0m [34mDEBUG[0m [2mhyper::proto::h1::io[0m[2m:[0m parsed 4 headers
[2m2025-12-10T10:10:46.408314Z[0m [34mDEBUG[0m [2mhyper::proto::h1::conn[0m[2m:[0m incoming body is content-length (778 bytes)
[2m2025-12-10T10:10:46.408319Z[0m [34mDEBUG[0m [2mhyper::proto::h1::conn[0m[2m:[0m incoming body completed
[2m2025-12-10T10:10:46.408325Z[0m [34mDEBUG[0m [2mhyper::client::pool[0m[2m:[0m pooling idle connection for ("http", 192.168.0.14:8545)
[2m2025-12-10T10:10:46.408330Z[0m [34mDEBUG[0m [2methereum_transaction_pool_monitor::eth_client[0m[2m:[0m 📡 Transaction fetch RPC completed in 5.535167ms
[2m2025-12-10T10:10:46.479854Z[0m [34mDEBUG[0m [2methereum_transaction_pool_monitor::eth_client[0m[2m:[0m ✅ Transaction 0x6742f0b72a97efed0ea604ca8fe14fa5b38be3712d463de3fc655a065a947d2d fetched and parsed in 77.056084ms
[2m2025-12-10T10:10:46.479879Z[0m [34mDEBUG[0m [2methereum_transaction_pool_monitor::mempool_monitor[0m[2m:[0m 🔍 Skipping tx 0x6742f0b72a97efed0ea604ca8fe14fa5b38be3712d463de3fc655a065a947d2d - not a DEX interaction (target: 0x163f8C2467924be0ae7B5347228CABF260318753)
[2m2025-12-10T10:10:46.479891Z[0m [34mDEBUG[0m [2methereum_transaction_pool_monitor::mempool_monitor[0m[2m:[0m 📨 Processing new pending transaction: 0x1b0e8499489a79f1933786835ce6e4163214a71cd6deaaf0b0304521f2fb228d
[2m2025-12-10T10:10:46.479901Z[0m [34mDEBUG[0m [2methereum_transaction_pool_monitor::mempool_monitor[0m[2m:[0m 🔍 Fetching transaction details for: 0x1b0e8499489a79f1933786835ce6e4163214a71cd6deaaf0b0304521f2fb228d
[2m2025-12-10T10:10:46.479906Z[0m [34mDEBUG[0m [2methereum_transaction_pool_monitor::eth_client[0m[2m:[0m 🔍 Fetching transaction details for hash: 0x1b0e8499489a79f1933786835ce6e4163214a71cd6deaaf0b0304521f2fb228d
[2m2025-12-10T10:10:46.479924Z[0m [34mDEBUG[0m [2mhyper::client::pool[0m[2m:[0m reuse idle connection for ("http", 192.168.0.14:8545)
[2m2025-12-10T10:10:46.479962Z[0m [34mDEBUG[0m [2mhyper::proto::h1::io[0m[2m:[0m flushed 250 bytes
[2m2025-12-10T10:10:46.479980Z[0m [34mDEBUG[0m [2methereum_transaction_pool_monitor::eth_client[0m[2m:[0m 📨 Received WebSocket message: {"jsonrpc":"2.0","method":"eth_subscription","params":{"subscription":"0xbed0a0851463e895960a451075a301a9","result":"0xefa750ebfd47d91221e6accc6e3636d55f5261ff700ef33844a9aae1c49a61f2"}}
[2m2025-12-10T10:10:46.479988Z[0m [34mDEBUG[0m [2methereum_transaction_pool_monitor::eth_client[0m[2m:[0m 📨 Received pending transaction: 0xefa750ebfd47d91221e6accc6e3636d55f5261ff700ef33844a9aae1c49a61f2
[2m2025-12-10T10:10:46.479993Z[0m [34mDEBUG[0m [2methereum_transaction_pool_monitor::eth_client[0m[2m:[0m 📨 Received WebSocket message: {"jsonrpc":"2.0","method":"eth_subscription","params":{"subscription":"0xbed0a0851463e895960a451075a301a9","result":"0xe8dc615375944fdffab9a920afa67d6cafde60dcc5e0e91fc9b64edd06f5bec3"}}
[2m2025-12-10T10:10:46.479999Z[0m [34mDEBUG[0m [2methereum_transaction_pool_monitor::eth_client[0m[2m:[0m 📨 Received pending transaction: 0xe8dc615375944fdffab9a920afa67d6cafde60dcc5e0e91fc9b64edd06f5bec3
[2m2025-12-10T10:10:46.483868Z[0m [34mDEBUG[0m [2mhyper::proto::h1::io[0m[2m:[0m parsed 4 headers
[2m2025-12-10T10:10:46.483875Z[0m [34mDEBUG[0m [2mhyper::proto::h1::conn[0m[2m:[0m incoming body is content-length (2366 bytes)
[2m2025-12-10T10:10:46.483890Z[0m [34mDEBUG[0m [2methereum_transaction_pool_monitor::eth_client[0m[2m:[0m 📡 Transaction fetch RPC completed in 3.978375ms
[2m2025-12-10T10:10:46.484410Z[0m [34mDEBUG[0m [2mhyper::proto::h1::conn[0m[2m:[0m incoming body completed
[2m2025-12-10T10:10:46.484418Z[0m [34mDEBUG[0m [2mhyper::client::pool[0m[2m:[0m pooling idle connection for ("http", 192.168.0.14:8545)
[2m2025-12-10T10:10:46.499129Z[0m [34mDEBUG[0m [2mhyper::client::pool[0m[2m:[0m reuse idle connection for ("http", 192.168.0.14:8545)
[2m2025-12-10T10:10:46.499189Z[0m [34mDEBUG[0m [2mhyper::proto::h1::io[0m[2m:[0m flushed 172 bytes
[2m2025-12-10T10:10:46.504836Z[0m [34mDEBUG[0m [2methereum_transaction_pool_monitor::eth_client[0m[2m:[0m 📨 Received WebSocket message: {"jsonrpc":"2.0","method":"eth_subscription","params":{"subscription":"0xbed0a0851463e895960a451075a301a9","result":"0x1bd719c8247b1a459961f2045d18cfb6f31ce8b8eda1fc61140c1acdca2b5ffc"}}
[2m2025-12-10T10:10:46.504900Z[0m [34mDEBUG[0m [2methereum_transaction_pool_monitor::eth_client[0m[2m:[0m 📨 Received pending transaction: 0x1bd719c8247b1a459961f2045d18cfb6f31ce8b8eda1fc61140c1acdca2b5ffc
[2m2025-12-10T10:10:46.504936Z[0m [34mDEBUG[0m [2mhyper::proto::h1::io[0m[2m:[0m parsed 4 headers
[2m2025-12-10T10:10:46.504947Z[0m [34mDEBUG[0m [2mhyper::proto::h1::conn[0m[2m:[0m incoming body is content-length (45 bytes)
[2m2025-12-10T10:10:46.504962Z[0m [34mDEBUG[0m [2mhyper::proto::h1::conn[0m[2m:[0m incoming body completed
[2m2025-12-10T10:10:46.504983Z[0m [34mDEBUG[0m [2mhyper::client::pool[0m[2m:[0m pooling idle connection for ("http", 192.168.0.14:8545)
[2m2025-12-10T10:10:46.553477Z[0m [34mDEBUG[0m [2methereum_transaction_pool_monitor::eth_client[0m[2m:[0m 📨 Received WebSocket message: {"jsonrpc":"2.0","method":"eth_subscription","params":{"subscription":"0xbed0a0851463e895960a451075a301a9","result":"0x8a76e0ae5109df4979fe3d79a27b45409b14231335805513604eced06970ba39"}}
[2m2025-12-10T10:10:46.553500Z[0m [34mDEBUG[0m [2methereum_transaction_pool_monitor::eth_client[0m[2m:[0m 📨 Received pending transaction: 0x8a76e0ae5109df4979fe3d79a27b45409b14231335805513604eced06970ba39
[2m2025-12-10T10:10:46.556639Z[0m [34mDEBUG[0m [2methereum_transaction_pool_monitor::eth_client[0m[2m:[0m ✅ Transaction 0x1b0e8499489a79f1933786835ce6e4163214a71cd6deaaf0b0304521f2fb228d fetched and parsed in 76.725459ms
[2m2025-12-10T10:10:46.558308Z[0m [34mDEBUG[0m [2methereum_transaction_pool_monitor::mempool_monitor[0m[2m:[0m 🔍 Skipping tx 0x1b0e8499489a79f1933786835ce6e4163214a71cd6deaaf0b0304521f2fb228d - not a DEX interaction (target: 0xF270f96DB3989B2ef5dC9Da8BadB57E873A8c661)
[2m2025-12-10T10:10:46.558321Z[0m [34mDEBUG[0m [2methereum_transaction_pool_monitor::mempool_monitor[0m[2m:[0m 📨 Processing new pending transaction: 0x0eb4be9b26668116e1eec803107a6d3ede24dbe7a0d45fa65e8c7ac095fea34a
[2m2025-12-10T10:10:46.558328Z[0m [34mDEBUG[0m [2methereum_transaction_pool_monitor::mempool_monitor[0m[2m:[0m 🔍 Fetching transaction details for: 0x0eb4be9b26668116e1eec803107a6d3ede24dbe7a0d45fa65e8c7ac095fea34a
[2m2025-12-10T10:10:46.558335Z[0m [34mDEBUG[0m [2methereum_transaction_pool_monitor::eth_client[0m[2m:[0m 🔍 Fetching transaction details for hash: 0x0eb4be9b26668116e1eec803107a6d3ede24dbe7a0d45fa65e8c7ac095fea34a
[2m2025-12-10T10:10:46.558357Z[0m [34mDEBUG[0m [2mhyper::client::pool[0m[2m:[0m reuse idle connection for ("http", 192.168.0.14:8545)
[2m2025-12-10T10:10:46.558399Z[0m [34mDEBUG[0m [2mhyper::proto::h1::io[0m[2m:[0m flushed 250 bytes
[2m2025-12-10T10:10:46.563554Z[0m [34mDEBUG[0m [2mhyper::proto::h1::io[0m[2m:[0m parsed 4 headers
[2m2025-12-10T10:10:46.563565Z[0m [34mDEBUG[0m [2mhyper::proto::h1::conn[0m[2m:[0m incoming body is content-length (1731 bytes)
[2m2025-12-10T10:10:46.563574Z[0m [34mDEBUG[0m [2mhyper::proto::h1::conn[0m[2m:[0m incoming body completed
[2m2025-12-10T10:10:46.563584Z[0m [34mDEBUG[0m [2mhyper::client::pool[0m[2m:[0m pooling idle connection for ("http", 192.168.0.14:8545)
[2m2025-12-10T10:10:46.563591Z[0m [34mDEBUG[0m [2methereum_transaction_pool_monitor::eth_client[0m[2m:[0m 📡 Transaction fetch RPC completed in 5.248833ms
[2m2025-12-10T10:10:46.635427Z[0m [34mDEBUG[0m [2methereum_transaction_pool_monitor::eth_client[0m[2m:[0m ✅ Transaction 0x0eb4be9b26668116e1eec803107a6d3ede24dbe7a0d45fa65e8c7ac095fea34a fetched and parsed in 77.081833ms
[2m2025-12-10T10:10:46.635453Z[0m [34mDEBUG[0m [2methereum_transaction_pool_monitor::mempool_monitor[0m[2m:[0m 🔍 Skipping tx 0x0eb4be9b26668116e1eec803107a6d3ede24dbe7a0d45fa65e8c7ac095fea34a - not a DEX interaction (target: 0x601a2aD6CB5949f0529735254189Ba3194221EDF)
[2m2025-12-10T10:10:46.635465Z[0m [34mDEBUG[0m [2methereum_transaction_pool_monitor::mempool_monitor[0m[2m:[0m 📨 Processing new pending transaction: 0x16ba2d37a2ac28badf92720256891c0797de095948501ebc174f65570158c627
[2m2025-12-10T10:10:46.635470Z[0m [34mDEBUG[0m [2methereum_transaction_pool_monitor::mempool_monitor[0m[2m:[0m 🔍 Fetching transaction details for: 0x16ba2d37a2ac28badf92720256891c0797de095948501ebc174f65570158c627
[2m2025-12-10T10:10:46.635474Z[0m [34mDEBUG[0m [2methereum_transaction_pool_monitor::eth_client[0m[2m:[0m 🔍 Fetching transaction details for hash: 0x16ba2d37a2ac28badf92720256891c0797de095948501ebc174f65570158c627
[2m2025-12-10T10:10:46.635495Z[0m [34mDEBUG[0m [2mhyper::client::pool[0m[2m:[0m reuse idle connection for ("http", 192.168.0.14:8545)
[2m2025-12-10T10:10:46.635527Z[0m [34mDEBUG[0m [2mhyper::proto::h1::io[0m[2m:[0m flushed 250 bytes
[2m2025-12-10T10:10:46.635548Z[0m [34mDEBUG[0m [2mhyper::client::pool[0m[2m:[0m reuse idle connection for ("http", 192.168.0.14:8545)
[2m2025-12-10T10:10:46.635560Z[0m [34mDEBUG[0m [2methereum_transaction_pool_monitor::eth_client[0m[2m:[0m 📨 Received WebSocket message: {"jsonrpc":"2.0","method":"eth_subscription","params":{"subscription":"0xbed0a0851463e895960a451075a301a9","result":"0x32e2626b9475242e9f2d122da4d1d7d7223b524b9749a9e201d31615873e1381"}}
[2m2025-12-10T10:10:46.635561Z[0m [34mDEBUG[0m [2mhyper::proto::h1::io[0m[2m:[0m flushed 172 bytes
[2m2025-12-10T10:10:46.635573Z[0m [34mDEBUG[0m [2methereum_transaction_pool_monitor::eth_client[0m[2m:[0m 📨 Received pending transaction: 0x32e2626b9475242e9f2d122da4d1d7d7223b524b9749a9e201d31615873e1381
[2m2025-12-10T10:10:46.638845Z[0m [34mDEBUG[0m [2methereum_transaction_pool_monitor::eth_client[0m[2m:[0m 📨 Received WebSocket message: {"jsonrpc":"2.0","method":"eth_subscription","params":{"subscription":"0xbed0a0851463e895960a451075a301a9","result":"0x5e4d236cf96ddf43a134688adadc85791ba586a060d305e7bbe25f55cb8f3c72"}}
[2m2025-12-10T10:10:46.638852Z[0m [34mDEBUG[0m [2methereum_transaction_pool_monitor::eth_client[0m[2m:[0m 📨 Received pending transaction: 0x5e4d236cf96ddf43a134688adadc85791ba586a060d305e7bbe25f55cb8f3c72
[2m2025-12-10T10:10:46.639677Z[0m [34mDEBUG[0m [2mhyper::proto::h1::io[0m[2m:[0m parsed 4 headers
[2m2025-12-10T10:10:46.639700Z[0m [34mDEBUG[0m [2mhyper::proto::h1::conn[0m[2m:[0m incoming body is content-length (45 bytes)
[2m2025-12-10T10:10:46.639734Z[0m [34mDEBUG[0m [2mhyper::proto::h1::conn[0m[2m:[0m incoming body completed
[2m2025-12-10T10:10:46.639758Z[0m [34mDEBUG[0m [2mhyper::client::pool[0m[2m:[0m pooling idle connection for ("http", 192.168.0.14:8545)
[2m2025-12-10T10:10:46.639778Z[0m [34mDEBUG[0m [2mhyper::proto::h1::io[0m[2m:[0m parsed 4 headers
[2m2025-12-10T10:10:46.639783Z[0m [34mDEBUG[0m [2mhyper::proto::h1::conn[0m[2m:[0m incoming body is content-length (768 bytes)
[2m2025-12-10T10:10:46.639788Z[0m [34mDEBUG[0m [2mhyper::proto::h1::conn[0m[2m:[0m incoming body completed
[2m2025-12-10T10:10:46.639795Z[0m [34mDEBUG[0m [2mhyper::client::pool[0m[2m:[0m pooling idle connection for ("http", 192.168.0.14:8545)
[2m2025-12-10T10:10:46.639799Z[0m [34mDEBUG[0m [2methereum_transaction_pool_monitor::eth_client[0m[2m:[0m 📡 Transaction fetch RPC completed in 4.3215ms
[2m2025-12-10T10:10:46.639813Z[0m [34mDEBUG[0m [2methereum_transaction_pool_monitor::eth_client[0m[2m:[0m DeFi transaction detected - Address: 0xdac17f958d2ee523a2206206994597c13d831ec7, Type: Stablecoin, Value: 0 ETH, Gas: 0.19 Gwei
[2m2025-12-10T10:10:46.639829Z[0m [34mDEBUG[0m [2methereum_transaction_pool_monitor::eth_client[0m[2m:[0m ✅ Transaction 0x16ba2d37a2ac28badf92720256891c0797de095948501ebc174f65570158c627 fetched and parsed in 4.351583ms
[2m2025-12-10T10:10:46.639836Z[0m [34mDEBUG[0m [2methereum_transaction_pool_monitor::mempool_monitor[0m[2m:[0m 🔍 Skipping tx 0x16ba2d37a2ac28badf92720256891c0797de095948501ebc174f65570158c627 - not a DEX interaction (target: 0xdAC17F958D2ee523a2206206994597C13D831ec7)
[2m2025-12-10T10:10:46.639841Z[0m [34mDEBUG[0m [2methereum_transaction_pool_monitor::mempool_monitor[0m[2m:[0m 📨 Processing new pending transaction: 0x8c8209fc2267d42050210a6ede60334f8df12af8551369717bf4654029890893
[2m2025-12-10T10:10:46.639845Z[0m [34mDEBUG[0m [2methereum_transaction_pool_monitor::mempool_monitor[0m[2m:[0m 🔍 Fetching transaction details for: 0x8c8209fc2267d42050210a6ede60334f8df12af8551369717bf4654029890893
[2m2025-12-10T10:10:46.639848Z[0m [34mDEBUG[0m [2methereum_transaction_pool_monitor::eth_client[0m[2m:[0m 🔍 Fetching transaction details for hash: 0x8c8209fc2267d42050210a6ede60334f8df12af8551369717bf4654029890893
[2m2025-12-10T10:10:46.639856Z[0m [34mDEBUG[0m [2mhyper::client::pool[0m[2m:[0m reuse idle connection for ("http", 192.168.0.14:8545)
[2m2025-12-10T10:10:46.639868Z[0m [34mDEBUG[0m [2mhyper::proto::h1::io[0m[2m:[0m flushed 250 bytes
[2m2025-12-10T10:10:46.646454Z[0m [34mDEBUG[0m [2mhyper::proto::h1::io[0m[2m:[0m parsed 4 headers
[2m2025-12-10T10:10:46.646462Z[0m [34mDEBUG[0m [2mhyper::proto::h1::conn[0m[2m:[0m incoming body is content-length (3210 bytes)
[2m2025-12-10T10:10:46.646468Z[0m [34mDEBUG[0m [2mhyper::proto::h1::conn[0m[2m:[0m incoming body completed
[2m2025-12-10T10:10:46.646475Z[0m [34mDEBUG[0m [2mhyper::client::pool[0m[2m:[0m pooling idle connection for ("http", 192.168.0.14:8545)
[2m2025-12-10T10:10:46.646482Z[0m [34mDEBUG[0m [2methereum_transaction_pool_monitor::eth_client[0m[2m:[0m 📡 Transaction fetch RPC completed in 6.630209ms
[2m2025-12-10T10:10:46.717756Z[0m [34mDEBUG[0m [2methereum_transaction_pool_monitor::eth_client[0m[2m:[0m ✅ Transaction 0x8c8209fc2267d42050210a6ede60334f8df12af8551369717bf4654029890893 fetched and parsed in 77.900959ms
[2m2025-12-10T10:10:46.717781Z[0m [34mDEBUG[0m [2methereum_transaction_pool_monitor::mempool_monitor[0m[2m:[0m 🔍 Skipping tx 0x8c8209fc2267d42050210a6ede60334f8df12af8551369717bf4654029890893 - not a DEX interaction (target: 0xF6801D319497789f934ec7F83E142a9536312B08)
[2m2025-12-10T10:10:46.717792Z[0m [34mDEBUG[0m [2methereum_transaction_pool_monitor::mempool_monitor[0m[2m:[0m 📨 Processing new pending transaction: 0x8588cfa9ee90959c3beced8fd4a72f99f238539e1b4cfe58c4c0dfcb6e269e09
[2m2025-12-10T10:10:46.717797Z[0m [34mDEBUG[0m [2methereum_transaction_pool_monitor::mempool_monitor[0m[2m:[0m 🔍 Fetching transaction details for: 0x8588cfa9ee90959c3beced8fd4a72f99f238539e1b4cfe58c4c0dfcb6e269e09
[2m2025-12-10T10:10:46.717801Z[0m [34mDEBUG[0m [2methereum_transaction_pool_monitor::eth_client[0m[2m:[0m 🔍 Fetching transaction details for hash: 0x8588cfa9ee90959c3beced8fd4a72f99f238539e1b4cfe58c4c0dfcb6e269e09
[2m2025-12-10T10:10:46.717818Z[0m [34mDEBUG[0m [2mhyper::client::pool[0m[2m:[0m reuse idle connection for ("http", 192.168.0.14:8545)
[2m2025-12-10T10:10:46.717854Z[0m [34mDEBUG[0m [2mhyper::proto::h1::io[0m[2m:[0m flushed 250 bytes
[2m2025-12-10T10:10:46.717872Z[0m [34mDEBUG[0m [2mhyper::client::pool[0m[2m:[0m reuse idle connection for ("http", 192.168.0.14:8545)
[2m2025-12-10T10:10:46.717882Z[0m [34mDEBUG[0m [2methereum_transaction_pool_monitor::eth_client[0m[2m:[0m 📨 Received WebSocket message: {"jsonrpc":"2.0","method":"eth_subscription","params":{"subscription":"0xbed0a0851463e895960a451075a301a9","result":"0xb19d30512bc30b81360994ee30258222b3b4fa2e649ca5d61b03a8cc7634d893"}}
[2m2025-12-10T10:10:46.717885Z[0m [34mDEBUG[0m [2mhyper::proto::h1::io[0m[2m:[0m flushed 172 bytes
[2m2025-12-10T10:10:46.717893Z[0m [34mDEBUG[0m [2methereum_transaction_pool_monitor::eth_client[0m[2m:[0m 📨 Received pending transaction: 0xb19d30512bc30b81360994ee30258222b3b4fa2e649ca5d61b03a8cc7634d893
[2m2025-12-10T10:10:46.717900Z[0m [34mDEBUG[0m [2methereum_transaction_pool_monitor::eth_client[0m[2m:[0m 📨 Received WebSocket message: {"jsonrpc":"2.0","method":"eth_subscription","params":{"subscription":"0xbed0a0851463e895960a451075a301a9","result":"0xb7eb946336c20f383ccbd1933d9b7af27a372350cb5dbfd1c0f05bd188ee9205"}}
[2m2025-12-10T10:10:46.717905Z[0m [34mDEBUG[0m [2methereum_transaction_pool_monitor::eth_client[0m[2m:[0m 📨 Received pending transaction: 0xb7eb946336c20f383ccbd1933d9b7af27a372350cb5dbfd1c0f05bd188ee9205
[2m2025-12-10T10:10:46.720557Z[0m [34mDEBUG[0m [2mhyper::proto::h1::io[0m[2m:[0m parsed 4 headers
[2m2025-12-10T10:10:46.720570Z[0m [34mDEBUG[0m [2mhyper::proto::h1::conn[0m[2m:[0m incoming body is content-length (45 bytes)
[2m2025-12-10T10:10:46.720577Z[0m [34mDEBUG[0m [2mhyper::proto::h1::conn[0m[2m:[0m incoming body completed
[2m2025-12-10T10:10:46.720585Z[0m [34mDEBUG[0m [2mhyper::client::pool[0m[2m:[0m pooling idle connection for ("http", 192.168.0.14:8545)
[2m2025-12-10T10:10:46.721902Z[0m [34mDEBUG[0m [2mhyper::proto::h1::io[0m[2m:[0m parsed 4 headers
[2m2025-12-10T10:10:46.721909Z[0m [34mDEBUG[0m [2mhyper::proto::h1::conn[0m[2m:[0m incoming body is content-length (2630 bytes)
[2m2025-12-10T10:10:46.721915Z[0m [34mDEBUG[0m [2mhyper::proto::h1::conn[0m[2m:[0m incoming body completed
[2m2025-12-10T10:10:46.721921Z[0m [34mDEBUG[0m [2mhyper::client::pool[0m[2m:[0m pooling idle connection for ("http", 192.168.0.14:8545)
[2m2025-12-10T10:10:46.721925Z[0m [34mDEBUG[0m [2methereum_transaction_pool_monitor::eth_client[0m[2m:[0m 📡 Transaction fetch RPC completed in 4.12075ms
[2m2025-12-10T10:10:46.792939Z[0m [34mDEBUG[0m [2methereum_transaction_pool_monitor::eth_client[0m[2m:[0m ✅ Transaction 0x8588cfa9ee90959c3beced8fd4a72f99f238539e1b4cfe58c4c0dfcb6e269e09 fetched and parsed in 75.1315ms
[2m2025-12-10T10:10:46.792960Z[0m [34mDEBUG[0m [2methereum_transaction_pool_monitor::mempool_monitor[0m[2m:[0m 🔍 Skipping tx 0x8588cfa9ee90959c3beced8fd4a72f99f238539e1b4cfe58c4c0dfcb6e269e09 - not a DEX interaction (target: 0xA9f9bF2b643348c0884f2eBA4F712E833DA9a2b8)
[2m2025-12-10T10:10:46.792971Z[0m [34mDEBUG[0m [2methereum_transaction_pool_monitor::mempool_monitor[0m[2m:[0m 📨 Processing new pending transaction: 0x1370f3f3f4813c9a829ece1f15f3ac9b1f7e604f0c36f19d7b2e15361902bb14
[2m2025-12-10T10:10:46.792976Z[0m [34mDEBUG[0m [2methereum_transaction_pool_monitor::mempool_monitor[0m[2m:[0m 🔍 Fetching transaction details for: 0x1370f3f3f4813c9a829ece1f15f3ac9b1f7e604f0c36f19d7b2e15361902bb14
[2m2025-12-10T10:10:46.792980Z[0m [34mDEBUG[0m [2methereum_transaction_pool_monitor::eth_client[0m[2m:[0m 🔍 Fetching transaction details for hash: 0x1370f3f3f4813c9a829ece1f15f3ac9b1f7e604f0c36f19d7b2e15361902bb14
[2m2025-12-10T10:10:46.792998Z[0m [34mDEBUG[0m [2mhyper::client::pool[0m[2m:[0m reuse idle connection for ("http", 192.168.0.14:8545)
[2m2025-12-10T10:10:46.793024Z[0m [34mDEBUG[0m [2mhyper::proto::h1::io[0m[2m:[0m flushed 250 bytes
[2m2025-12-10T10:10:46.797517Z[0m [34mDEBUG[0m [2mhyper::client::pool[0m[2m:[0m reuse idle connection for ("http", 192.168.0.14:8545)
[2m2025-12-10T10:10:46.797574Z[0m [34mDEBUG[0m [2mhyper::proto::h1::io[0m[2m:[0m flushed 172 bytes
[2m2025-12-10T10:10:46.801083Z[0m [34mDEBUG[0m [2mhyper::proto::h1::io[0m[2m:[0m parsed 4 headers
[2m2025-12-10T10:10:46.801092Z[0m [34mDEBUG[0m [2mhyper::proto::h1::conn[0m[2m:[0m incoming body is content-length (45 bytes)
[2m2025-12-10T10:10:46.801099Z[0m [34mDEBUG[0m [2mhyper::proto::h1::conn[0m[2m:[0m incoming body completed
[2m2025-12-10T10:10:46.801107Z[0m [34mDEBUG[0m [2mhyper::client::pool[0m[2m:[0m pooling idle connection for ("http", 192.168.0.14:8545)
[2m2025-12-10T10:10:46.801685Z[0m [34mDEBUG[0m [2mhyper::proto::h1::io[0m[2m:[0m parsed 4 headers
[2m2025-12-10T10:10:46.801692Z[0m [34mDEBUG[0m [2mhyper::proto::h1::conn[0m[2m:[0m incoming body is content-length (655 bytes)
[2m2025-12-10T10:10:46.801697Z[0m [34mDEBUG[0m [2mhyper::proto::h1::conn[0m[2m:[0m incoming body completed
[2m2025-12-10T10:10:46.801703Z[0m [34mDEBUG[0m [2mhyper::client::pool[0m[2m:[0m pooling idle connection for ("http", 192.168.0.14:8545)
[2m2025-12-10T10:10:46.801707Z[0m [34mDEBUG[0m [2methereum_transaction_pool_monitor::eth_client[0m[2m:[0m 📡 Transaction fetch RPC completed in 8.7235ms
[2m2025-12-10T10:10:46.873940Z[0m [34mDEBUG[0m [2methereum_transaction_pool_monitor::eth_client[0m[2m:[0m ✅ Transaction 0x1370f3f3f4813c9a829ece1f15f3ac9b1f7e604f0c36f19d7b2e15361902bb14 fetched and parsed in 80.953667ms
[2m2025-12-10T10:10:46.873966Z[0m [34mDEBUG[0m [2methereum_transaction_pool_monitor::mempool_monitor[0m[2m:[0m 🔍 Skipping tx 0x1370f3f3f4813c9a829ece1f15f3ac9b1f7e604f0c36f19d7b2e15361902bb14 - not a DEX interaction (target: 0xf17106db24ff4094793df1cF5207C0550B46E552)
[2m2025-12-10T10:10:46.873976Z[0m [34mDEBUG[0m [2methereum_transaction_pool_monitor::mempool_monitor[0m[2m:[0m 📨 Processing new pending transaction: 0x818018686758021bfffb3a5749d07d50853f63253b2f860a11f992167ba4b3e6
[2m2025-12-10T10:10:46.873981Z[0m [34mDEBUG[0m [2methereum_transaction_pool_monitor::mempool_monitor[0m[2m:[0m 🔍 Fetching transaction details for: 0x818018686758021bfffb3a5749d07d50853f63253b2f860a11f992167ba4b3e6
[2m2025-12-10T10:10:46.874008Z[0m [34mDEBUG[0m [2methereum_transaction_pool_monitor::eth_client[0m[2m:[0m 🔍 Fetching transaction details for hash: 0x818018686758021bfffb3a5749d07d50853f63253b2f860a11f992167ba4b3e6
[2m2025-12-10T10:10:46.874031Z[0m [34mDEBUG[0m [2mhyper::client::pool[0m[2m:[0m reuse idle connection for ("http", 192.168.0.14:8545)
[2m2025-12-10T10:10:46.874053Z[0m [34mDEBUG[0m [2mhyper::proto::h1::io[0m[2m:[0m flushed 250 bytes
[2m2025-12-10T10:10:46.874069Z[0m [34mDEBUG[0m [2methereum_transaction_pool_monitor::eth_client[0m[2m:[0m 📨 Received WebSocket message: {"jsonrpc":"2.0","method":"eth_subscription","params":{"subscription":"0xbed0a0851463e895960a451075a301a9","result":"0x2a35094b0dcbe3e403e17188d6958e229c1a6655094145a381e5e4f43d61ea0c"}}
[2m2025-12-10T10:10:46.874077Z[0m [34mDEBUG[0m [2methereum_transaction_pool_monitor::eth_client[0m[2m:[0m 📨 Received pending transaction: 0x2a35094b0dcbe3e403e17188d6958e229c1a6655094145a381e5e4f43d61ea0c
[2m2025-12-10T10:10:46.879254Z[0m [34mDEBUG[0m [2mhyper::proto::h1::io[0m[2m:[0m parsed 4 headers
[2m2025-12-10T10:10:46.879263Z[0m [34mDEBUG[0m [2mhyper::proto::h1::conn[0m[2m:[0m incoming body is content-length (778 bytes)
[2m2025-12-10T10:10:46.879269Z[0m [34mDEBUG[0m [2mhyper::proto::h1::conn[0m[2m:[0m incoming body completed
[2m2025-12-10T10:10:46.879277Z[0m [34mDEBUG[0m [2mhyper::client::pool[0m[2m:[0m pooling idle connection for ("http", 192.168.0.14:8545)
[2m2025-12-10T10:10:46.879283Z[0m [34mDEBUG[0m [2methereum_transaction_pool_monitor::eth_client[0m[2m:[0m 📡 Transaction fetch RPC completed in 5.267625ms
[2m2025-12-10T10:10:46.879297Z[0m [34mDEBUG[0m [2methereum_transaction_pool_monitor::eth_client[0m[2m:[0m DeFi transaction detected - Address: 0xdac17f958d2ee523a2206206994597c13d831ec7, Type: Stablecoin, Value: 0 ETH, Gas: 127.50 Gwei
[2m2025-12-10T10:10:46.879308Z[0m [34mDEBUG[0m [2methereum_transaction_pool_monitor::eth_client[0m[2m:[0m ✅ Transaction 0x818018686758021bfffb3a5749d07d50853f63253b2f860a11f992167ba4b3e6 fetched and parsed in 5.29175ms
[2m2025-12-10T10:10:46.879313Z[0m [34mDEBUG[0m [2methereum_transaction_pool_monitor::mempool_monitor[0m[2m:[0m 🔍 Skipping tx 0x818018686758021bfffb3a5749d07d50853f63253b2f860a11f992167ba4b3e6 - not a DEX interaction (target: 0xdAC17F958D2ee523a2206206994597C13D831ec7)
[2m2025-12-10T10:10:46.879318Z[0m [34mDEBUG[0m [2methereum_transaction_pool_monitor::mempool_monitor[0m[2m:[0m 📨 Processing new pending transaction: 0x88f6a197075a0c2981d0d95ded956d8e5bdd0878ee88ccd2ad494d545e68a5ae
[2m2025-12-10T10:10:46.879322Z[0m [34mDEBUG[0m [2methereum_transaction_pool_monitor::mempool_monitor[0m[2m:[0m 🔍 Fetching transaction details for: 0x88f6a197075a0c2981d0d95ded956d8e5bdd0878ee88ccd2ad494d545e68a5ae
[2m2025-12-10T10:10:46.879325Z[0m [34mDEBUG[0m [2methereum_transaction_pool_monitor::eth_client[0m[2m:[0m 🔍 Fetching transaction details for hash: 0x88f6a197075a0c2981d0d95ded956d8e5bdd0878ee88ccd2ad494d545e68a5ae
[2m2025-12-10T10:10:46.879336Z[0m [34mDEBUG[0m [2mhyper::client::pool[0m[2m:[0m reuse idle connection for ("http", 192.168.0.14:8545)
[2m2025-12-10T10:10:46.879352Z[0m [34mDEBUG[0m [2mhyper::proto::h1::io[0m[2m:[0m flushed 250 bytes
[2m2025-12-10T10:10:46.884102Z[0m [34mDEBUG[0m [2mhyper::proto::h1::io[0m[2m:[0m parsed 4 headers
[2m2025-12-10T10:10:46.884112Z[0m [34mDEBUG[0m [2mhyper::proto::h1::conn[0m[2m:[0m incoming body is content-length (778 bytes)
[2m2025-12-10T10:10:46.884118Z[0m [34mDEBUG[0m [2mhyper::proto::h1::conn[0m[2m:[0m incoming body completed
[2m2025-12-10T10:10:46.884127Z[0m [34mDEBUG[0m [2mhyper::client::pool[0m[2m:[0m pooling idle connection for ("http", 192.168.0.14:8545)
[2m2025-12-10T10:10:46.884133Z[0m [34mDEBUG[0m [2methereum_transaction_pool_monitor::eth_client[0m[2m:[0m 📡 Transaction fetch RPC completed in 4.803791ms
[2m2025-12-10T10:10:46.884147Z[0m [34mDEBUG[0m [2methereum_transaction_pool_monitor::eth_client[0m[2m:[0m DeFi transaction detected - Address: 0xdac17f958d2ee523a2206206994597c13d831ec7, Type: Stablecoin, Value: 0 ETH, Gas: 999.00 Gwei
[2m2025-12-10T10:10:46.884158Z[0m [34mDEBUG[0m [2methereum_transaction_pool_monitor::eth_client[0m[2m:[0m ✅ Transaction 0x88f6a197075a0c2981d0d95ded956d8e5bdd0878ee88ccd2ad494d545e68a5ae fetched and parsed in 4.828666ms
[2m2025-12-10T10:10:46.884163Z[0m [34mDEBUG[0m [2methereum_transaction_pool_monitor::mempool_monitor[0m[2m:[0m 🔍 Skipping tx 0x88f6a197075a0c2981d0d95ded956d8e5bdd0878ee88ccd2ad494d545e68a5ae - not a DEX interaction (target: 0xdAC17F958D2ee523a2206206994597C13D831ec7)
[2m2025-12-10T10:10:46.884171Z[0m [34mDEBUG[0m [2methereum_transaction_pool_monitor::mempool_monitor[0m[2m:[0m 📨 Processing new pending transaction: 0x0891706f4b415c9cf267561a3d5b9640b2eefdb7b7c5e3c350a0c973c559e34e
[2m2025-12-10T10:10:46.884175Z[0m [34mDEBUG[0m [2methereum_transaction_pool_monitor::mempool_monitor[0m[2m:[0m 🔍 Fetching transaction details for: 0x0891706f4b415c9cf267561a3d5b9640b2eefdb7b7c5e3c350a0c973c559e34e
[2m2025-12-10T10:10:46.884178Z[0m [34mDEBUG[0m [2methereum_transaction_pool_monitor::eth_client[0m[2m:[0m 🔍 Fetching transaction details for hash: 0x0891706f4b415c9cf267561a3d5b9640b2eefdb7b7c5e3c350a0c973c559e34e
[2m2025-12-10T10:10:46.884192Z[0m [34mDEBUG[0m [2mhyper::client::pool[0m[2m:[0m reuse idle connection for ("http", 192.168.0.14:8545)
[2m2025-12-10T10:10:46.884221Z[0m [34mDEBUG[0m [2mhyper::proto::h1::io[0m[2m:[0m flushed 250 bytes
[2m2025-12-10T10:10:46.889124Z[0m [34mDEBUG[0m [2mhyper::proto::h1::io[0m[2m:[0m parsed 4 headers
[2m2025-12-10T10:10:46.889131Z[0m [34mDEBUG[0m [2mhyper::proto::h1::conn[0m[2m:[0m incoming body is content-length (767 bytes)
[2m2025-12-10T10:10:46.889136Z[0m [34mDEBUG[0m [2mhyper::proto::h1::conn[0m[2m:[0m incoming body completed
[2m2025-12-10T10:10:46.889142Z[0m [34mDEBUG[0m [2mhyper::client::pool[0m[2m:[0m pooling idle connection for ("http", 192.168.0.14:8545)
[2m2025-12-10T10:10:46.889146Z[0m [34mDEBUG[0m [2methereum_transaction_pool_monitor::eth_client[0m[2m:[0m 📡 Transaction fetch RPC completed in 4.965375ms
[2m2025-12-10T10:10:46.889156Z[0m [34mDEBUG[0m [2methereum_transaction_pool_monitor::eth_client[0m[2m:[0m DeFi transaction detected - Address: 0xdac17f958d2ee523a2206206994597c13d831ec7, Type: Stablecoin, Value: 0 ETH, Gas: 0.25 Gwei
[2m2025-12-10T10:10:46.889164Z[0m [34mDEBUG[0m [2methereum_transaction_pool_monitor::eth_client[0m[2m:[0m ✅ Transaction 0x0891706f4b415c9cf267561a3d5b9640b2eefdb7b7c5e3c350a0c973c559e34e fetched and parsed in 4.98275ms
[2m2025-12-10T10:10:46.889168Z[0m [34mDEBUG[0m [2methereum_transaction_pool_monitor::mempool_monitor[0m[2m:[0m 🔍 Skipping tx 0x0891706f4b415c9cf267561a3d5b9640b2eefdb7b7c5e3c350a0c973c559e34e - not a DEX interaction (target: 0xdAC17F958D2ee523a2206206994597C13D831ec7)
[2m2025-12-10T10:10:46.889174Z[0m [34mDEBUG[0m [2methereum_transaction_pool_monitor::mempool_monitor[0m[2m:[0m 📨 Processing new pending transaction: 0xa0ef1d2d08dbf8ddadb873716bf434e211034d1644370d40714ec65c0a4fed6a
[2m2025-12-10T10:10:46.889177Z[0m [34mDEBUG[0m [2methereum_transaction_pool_monitor::mempool_monitor[0m[2m:[0m 🔍 Fetching transaction details for: 0xa0ef1d2d08dbf8ddadb873716bf434e211034d1644370d40714ec65c0a4fed6a
[2m2025-12-10T10:10:46.889180Z[0m [34mDEBUG[0m [2methereum_transaction_pool_monitor::eth_client[0m[2m:[0m 🔍 Fetching transaction details for hash: 0xa0ef1d2d08dbf8ddadb873716bf434e211034d1644370d40714ec65c0a4fed6a
[2m2025-12-10T10:10:46.889189Z[0m [34mDEBUG[0m [2mhyper::client::pool[0m[2m:[0m reuse idle connection for ("http", 192.168.0.14:8545)
[2m2025-12-10T10:10:46.889206Z[0m [34mDEBUG[0m [2mhyper::proto::h1::io[0m[2m:[0m flushed 250 bytes
[2m2025-12-10T10:10:46.894430Z[0m [34mDEBUG[0m [2mhyper::proto::h1::io[0m[2m:[0m parsed 4 headers
[2m2025-12-10T10:10:46.894438Z[0m [34mDEBUG[0m [2mhyper::proto::h1::conn[0m[2m:[0m incoming body is content-length (1801 bytes)
[2m2025-12-10T10:10:46.894444Z[0m [34mDEBUG[0m [2mhyper::proto::h1::conn[0m[2m:[0m incoming body completed
[2m2025-12-10T10:10:46.894451Z[0m [34mDEBUG[0m [2mhyper::client::pool[0m[2m:[0m pooling idle connection for ("http", 192.168.0.14:8545)
[2m2025-12-10T10:10:46.894458Z[0m [34mDEBUG[0m [2methereum_transaction_pool_monitor::eth_client[0m[2m:[0m 📡 Transaction fetch RPC completed in 5.274208ms
[2m2025-12-10T10:10:46.967219Z[0m [34mDEBUG[0m [2methereum_transaction_pool_monitor::eth_client[0m[2m:[0m ✅ Transaction 0xa0ef1d2d08dbf8ddadb873716bf434e211034d1644370d40714ec65c0a4fed6a fetched and parsed in 78.033542ms
[2m2025-12-10T10:10:46.967244Z[0m [34mDEBUG[0m [2methereum_transaction_pool_monitor::mempool_monitor[0m[2m:[0m 🔍 Skipping tx 0xa0ef1d2d08dbf8ddadb873716bf434e211034d1644370d40714ec65c0a4fed6a - not a DEX interaction (target: 0xd72a6BA4a87DDB33e801b3f1c7750b2d0911fC6C)
[2m2025-12-10T10:10:46.967258Z[0m [34mDEBUG[0m [2methereum_transaction_pool_monitor::mempool_monitor[0m[2m:[0m 📨 Processing new pending transaction: 0x0caf89372995c06d84dc969d50844861a3c6b0976bc8d2b6484df942a7875768
[2m2025-12-10T10:10:46.967264Z[0m [34mDEBUG[0m [2methereum_transaction_pool_monitor::mempool_monitor[0m[2m:[0m 🔍 Fetching transaction details for: 0x0caf89372995c06d84dc969d50844861a3c6b0976bc8d2b6484df942a7875768
[2m2025-12-10T10:10:46.967268Z[0m [34mDEBUG[0m [2methereum_transaction_pool_monitor::eth_client[0m[2m:[0m 🔍 Fetching transaction details for hash: 0x0caf89372995c06d84dc969d50844861a3c6b0976bc8d2b6484df942a7875768
[2m2025-12-10T10:10:46.967285Z[0m [34mDEBUG[0m [2mhyper::client::pool[0m[2m:[0m reuse idle connection for ("http", 192.168.0.14:8545)
[2m2025-12-10T10:10:46.967315Z[0m [34mDEBUG[0m [2mhyper::proto::h1::io[0m[2m:[0m flushed 250 bytes
[2m2025-12-10T10:10:46.967331Z[0m [34mDEBUG[0m [2mhyper::client::pool[0m[2m:[0m reuse idle connection for ("http", 192.168.0.14:8545)
[2m2025-12-10T10:10:46.967341Z[0m [34mDEBUG[0m [2methereum_transaction_pool_monitor::eth_client[0m[2m:[0m 📨 Received WebSocket message: {"jsonrpc":"2.0","method":"eth_subscription","params":{"subscription":"0xbed0a0851463e895960a451075a301a9","result":"0xfa41fd42bd4b94f3656dd18ca7ba6c85b16248674b9e19598ba8b1b8da026da7"}}
[2m2025-12-10T10:10:46.967344Z[0m [34mDEBUG[0m [2mhyper::proto::h1::io[0m[2m:[0m flushed 172 bytes
[2m2025-12-10T10:10:46.967352Z[0m [34mDEBUG[0m [2methereum_transaction_pool_monitor::eth_client[0m[2m:[0m 📨 Received pending transaction: 0xfa41fd42bd4b94f3656dd18ca7ba6c85b16248674b9e19598ba8b1b8da026da7
[2m2025-12-10T10:10:46.972281Z[0m [34mDEBUG[0m [2mhyper::proto::h1::io[0m[2m:[0m parsed 4 headers
[2m2025-12-10T10:10:46.972307Z[0m [34mDEBUG[0m [2mhyper::proto::h1::conn[0m[2m:[0m incoming body is content-length (45 bytes)
[2m2025-12-10T10:10:46.972335Z[0m [34mDEBUG[0m [2mhyper::proto::h1::conn[0m[2m:[0m incoming body completed
[2m2025-12-10T10:10:46.972360Z[0m [34mDEBUG[0m [2mhyper::client::pool[0m[2m:[0m pooling idle connection for ("http", 192.168.0.14:8545)
[2m2025-12-10T10:10:46.972377Z[0m [34mDEBUG[0m [2mhyper::proto::h1::io[0m[2m:[0m parsed 4 headers
[2m2025-12-10T10:10:46.972382Z[0m [34mDEBUG[0m [2mhyper::proto::h1::conn[0m[2m:[0m incoming body is content-length (677 bytes)
[2m2025-12-10T10:10:46.972389Z[0m [34mDEBUG[0m [2mhyper::proto::h1::conn[0m[2m:[0m incoming body completed
[2m2025-12-10T10:10:46.972395Z[0m [34mDEBUG[0m [2mhyper::client::pool[0m[2m:[0m pooling idle connection for ("http", 192.168.0.14:8545)
[2m2025-12-10T10:10:46.972401Z[0m [34mDEBUG[0m [2methereum_transaction_pool_monitor::eth_client[0m[2m:[0m 📡 Transaction fetch RPC completed in 5.128417ms
[2m2025-12-10T10:10:46.972415Z[0m [34mDEBUG[0m [2methereum_transaction_pool_monitor::eth_client[0m[2m:[0m DeFi transaction detected - Address: 0xdac17f958d2ee523a2206206994597c13d831ec7, Type: Stablecoin, Value: 0 ETH, Gas: 2.00 Gwei
[2m2025-12-10T10:10:46.972430Z[0m [34mDEBUG[0m [2methereum_transaction_pool_monitor::eth_client[0m[2m:[0m ✅ Transaction 0x0caf89372995c06d84dc969d50844861a3c6b0976bc8d2b6484df942a7875768 fetched and parsed in 5.158ms
[2m2025-12-10T10:10:46.972436Z[0m [34mDEBUG[0m [2methereum_transaction_pool_monitor::mempool_monitor[0m[2m:[0m 🔍 Skipping tx 0x0caf89372995c06d84dc969d50844861a3c6b0976bc8d2b6484df942a7875768 - not a DEX interaction (target: 0xdAC17F958D2ee523a2206206994597C13D831ec7)
[2m2025-12-10T10:10:46.972445Z[0m [34mDEBUG[0m [2methereum_transaction_pool_monitor::mempool_monitor[0m[2m:[0m 📨 Processing new pending transaction: 0xde1a1f23a107ec88a2f5b7b8a45e10adfb8853a7940838288107223c94894f50
[2m2025-12-10T10:10:46.972449Z[0m [34mDEBUG[0m [2methereum_transaction_pool_monitor::mempool_monitor[0m[2m:[0m 🔍 Fetching transaction details for: 0xde1a1f23a107ec88a2f5b7b8a45e10adfb8853a7940838288107223c94894f50
[2m2025-12-10T10:10:46.972453Z[0m [34mDEBUG[0m [2methereum_transaction_pool_monitor::eth_client[0m[2m:[0m 🔍 Fetching transaction details for hash: 0xde1a1f23a107ec88a2f5b7b8a45e10adfb8853a7940838288107223c94894f50
[2m2025-12-10T10:10:46.972460Z[0m [34mDEBUG[0m [2mhyper::client::pool[0m[2m:[0m reuse idle connection for ("http", 192.168.0.14:8545)
[2m2025-12-10T10:10:46.972473Z[0m [34mDEBUG[0m [2mhyper::proto::h1::io[0m[2m:[0m flushed 250 bytes
[2m2025-12-10T10:10:46.978334Z[0m [34mDEBUG[0m [2mhyper::proto::h1::io[0m[2m:[0m parsed 4 headers
[2m2025-12-10T10:10:46.978343Z[0m [34mDEBUG[0m [2mhyper::proto::h1::conn[0m[2m:[0m incoming body is content-length (772 bytes)
[2m2025-12-10T10:10:46.978349Z[0m [34mDEBUG[0m [2mhyper::proto::h1::conn[0m[2m:[0m incoming body completed
[2m2025-12-10T10:10:46.978355Z[0m [34mDEBUG[0m [2mhyper::client::pool[0m[2m:[0m pooling idle connection for ("http", 192.168.0.14:8545)
[2m2025-12-10T10:10:46.978361Z[0m [34mDEBUG[0m [2methereum_transaction_pool_monitor::eth_client[0m[2m:[0m 📡 Transaction fetch RPC completed in 5.904417ms
[2m2025-12-10T10:10:46.978375Z[0m [34mDEBUG[0m [2methereum_transaction_pool_monitor::eth_client[0m[2m:[0m DeFi transaction detected - Address: 0xdac17f958d2ee523a2206206994597c13d831ec7, Type: Stablecoin, Value: 0 ETH, Gas: 1.86 Gwei
[2m2025-12-10T10:10:46.978386Z[0m [34mDEBUG[0m [2methereum_transaction_pool_monitor::eth_client[0m[2m:[0m ✅ Transaction 0xde1a1f23a107ec88a2f5b7b8a45e10adfb8853a7940838288107223c94894f50 fetched and parsed in 5.92925ms
[2m2025-12-10T10:10:46.978465Z[0m [34mDEBUG[0m [2methereum_transaction_pool_monitor::mempool_monitor[0m[2m:[0m 🔍 Skipping tx 0xde1a1f23a107ec88a2f5b7b8a45e10adfb8853a7940838288107223c94894f50 - not a DEX interaction (target: 0xdAC17F958D2ee523a2206206994597C13D831ec7)
[2m2025-12-10T10:10:46.978473Z[0m [34mDEBUG[0m [2methereum_transaction_pool_monitor::mempool_monitor[0m[2m:[0m 📨 Processing new pending transaction: 0xd8a88439163335be45d6a9318d63cc7f5ba07782954aba300d4619fb1c7d977f
[2m2025-12-10T10:10:46.978476Z[0m [34mDEBUG[0m [2methereum_transaction_pool_monitor::mempool_monitor[0m[2m:[0m 🔍 Fetching transaction details for: 0xd8a88439163335be45d6a9318d63cc7f5ba07782954aba300d4619fb1c7d977f
[2m2025-12-10T10:10:46.978479Z[0m [34mDEBUG[0m [2methereum_transaction_pool_monitor::eth_client[0m[2m:[0m 🔍 Fetching transaction details for hash: 0xd8a88439163335be45d6a9318d63cc7f5ba07782954aba300d4619fb1c7d977f
[2m2025-12-10T10:10:46.978489Z[0m [34mDEBUG[0m [2mhyper::client::pool[0m[2m:[0m reuse idle connection for ("http", 192.168.0.14:8545)
[2m2025-12-10T10:10:46.978507Z[0m [34mDEBUG[0m [2mhyper::proto::h1::io[0m[2m:[0m flushed 250 bytes
[2m2025-12-10T10:10:46.983653Z[0m [34mDEBUG[0m [2mhyper::proto::h1::io[0m[2m:[0m parsed 4 headers
[2m2025-12-10T10:10:46.983685Z[0m [34mDEBUG[0m [2mhyper::proto::h1::conn[0m[2m:[0m incoming body is content-length (764 bytes)
[2m2025-12-10T10:10:46.983702Z[0m [34mDEBUG[0m [2mhyper::proto::h1::conn[0m[2m:[0m incoming body completed
[2m2025-12-10T10:10:46.983725Z[0m [34mDEBUG[0m [2mhyper::client::pool[0m[2m:[0m pooling idle connection for ("http", 192.168.0.14:8545)
[2m2025-12-10T10:10:46.983731Z[0m [34mDEBUG[0m [2methereum_transaction_pool_monitor::eth_client[0m[2m:[0m 📡 Transaction fetch RPC completed in 5.248084ms
[2m2025-12-10T10:10:46.983743Z[0m [34mDEBUG[0m [2methereum_transaction_pool_monitor::eth_client[0m[2m:[0m DeFi transaction detected - Address: 0xdac17f958d2ee523a2206206994597c13d831ec7, Type: Stablecoin, Value: 0 ETH, Gas: 0.28 Gwei
[2m2025-12-10T10:10:46.983753Z[0m [34mDEBUG[0m [2methereum_transaction_pool_monitor::eth_client[0m[2m:[0m ✅ Transaction 0xd8a88439163335be45d6a9318d63cc7f5ba07782954aba300d4619fb1c7d977f fetched and parsed in 5.270334ms
[2m2025-12-10T10:10:46.983759Z[0m [34mDEBUG[0m [2methereum_transaction_pool_monitor::mempool_monitor[0m[2m:[0m 🔍 Skipping tx 0xd8a88439163335be45d6a9318d63cc7f5ba07782954aba300d4619fb1c7d977f - not a DEX interaction (target: 0xdAC17F958D2ee523a2206206994597C13D831ec7)
[2m2025-12-10T10:10:46.983765Z[0m [34mDEBUG[0m [2methereum_transaction_pool_monitor::mempool_monitor[0m[2m:[0m 📨 Processing new pending transaction: 0x7ee2e978902d3448be1dd1a8ee19b8715c1252ee512edbc25f4b0aa2e69f0d60
[2m2025-12-10T10:10:46.983769Z[0m [34mDEBUG[0m [2methereum_transaction_pool_monitor::mempool_monitor[0m[2m:[0m 🔍 Fetching transaction details for: 0x7ee2e978902d3448be1dd1a8ee19b8715c1252ee512edbc25f4b0aa2e69f0d60
[2m2025-12-10T10:10:46.983772Z[0m [34mDEBUG[0m [2methereum_transaction_pool_monitor::eth_client[0m[2m:[0m 🔍 Fetching transaction details for hash: 0x7ee2e978902d3448be1dd1a8ee19b8715c1252ee512edbc25f4b0aa2e69f0d60
[2m2025-12-10T10:10:46.983786Z[0m [34mDEBUG[0m [2mhyper::client::pool[0m[2m:[0m reuse idle connection for ("http", 192.168.0.14:8545)
[2m2025-12-10T10:10:46.983802Z[0m [34mDEBUG[0m [2mhyper::proto::h1::io[0m[2m:[0m flushed 250 bytes
[2m2025-12-10T10:10:46.988869Z[0m [34mDEBUG[0m [2mhyper::proto::h1::io[0m[2m:[0m parsed 4 headers
[2m2025-12-10T10:10:46.988882Z[0m [34mDEBUG[0m [2mhyper::proto::h1::conn[0m[2m:[0m incoming body is content-length (655 bytes)
[2m2025-12-10T10:10:46.988892Z[0m [34mDEBUG[0m [2mhyper::proto::h1::conn[0m[2m:[0m incoming body completed
[2m2025-12-10T10:10:46.988905Z[0m [34mDEBUG[0m [2mhyper::client::pool[0m[2m:[0m pooling idle connection for ("http", 192.168.0.14:8545)
[2m2025-12-10T10:10:46.988917Z[0m [34mDEBUG[0m [2methereum_transaction_pool_monitor::eth_client[0m[2m:[0m 📡 Transaction fetch RPC completed in 5.141667ms
[2m2025-12-10T10:10:47.061383Z[0m [34mDEBUG[0m [2methereum_transaction_pool_monitor::eth_client[0m[2m:[0m ✅ Transaction 0x7ee2e978902d3448be1dd1a8ee19b8715c1252ee512edbc25f4b0aa2e69f0d60 fetched and parsed in 77.605458ms
[2m2025-12-10T10:10:47.061408Z[0m [34mDEBUG[0m [2methereum_transaction_pool_monitor::mempool_monitor[0m[2m:[0m 🔍 Skipping tx 0x7ee2e978902d3448be1dd1a8ee19b8715c1252ee512edbc25f4b0aa2e69f0d60 - not a DEX interaction (target: 0xEb6aD3Ee01d8e6c84BbACD1Ecb158EE648320832)
[2m2025-12-10T10:10:47.061418Z[0m [34mDEBUG[0m [2methereum_transaction_pool_monitor::mempool_monitor[0m[2m:[0m 📨 Processing new pending transaction: 0xc8b6c2656a6a858e32a8d073686f818ef1a3fe2295352650d845bff7682d643b
[2m2025-12-10T10:10:47.061423Z[0m [34mDEBUG[0m [2methereum_transaction_pool_monitor::mempool_monitor[0m[2m:[0m 🔍 Fetching transaction details for: 0xc8b6c2656a6a858e32a8d073686f818ef1a3fe2295352650d845bff7682d643b
[2m2025-12-10T10:10:47.061428Z[0m [34mDEBUG[0m [2methereum_transaction_pool_monitor::eth_client[0m[2m:[0m 🔍 Fetching transaction details for hash: 0xc8b6c2656a6a858e32a8d073686f818ef1a3fe2295352650d845bff7682d643b
[2m2025-12-10T10:10:47.061444Z[0m [34mDEBUG[0m [2mhyper::client::pool[0m[2m:[0m reuse idle connection for ("http", 192.168.0.14:8545)
[2m2025-12-10T10:10:47.061476Z[0m [34mDEBUG[0m [2mhyper::proto::h1::io[0m[2m:[0m flushed 250 bytes
[2m2025-12-10T10:10:47.061495Z[0m [34mDEBUG[0m [2mhyper::client::pool[0m[2m:[0m reuse idle connection for ("http", 192.168.0.14:8545)
[2m2025-12-10T10:10:47.061509Z[0m [34mDEBUG[0m [2mhyper::proto::h1::io[0m[2m:[0m flushed 172 bytes
[2m2025-12-10T10:10:47.061509Z[0m [34mDEBUG[0m [2methereum_transaction_pool_monitor::eth_client[0m[2m:[0m 📨 Received WebSocket message: {"jsonrpc":"2.0","method":"eth_subscription","params":{"subscription":"0xbed0a0851463e895960a451075a301a9","result":"0xd9d307c332ccd8d3b67b9c18b4c5668b52a7eb6f108fe5803cd20ec7a3abf5f6"}}
[2m2025-12-10T10:10:47.061525Z[0m [34mDEBUG[0m [2methereum_transaction_pool_monitor::eth_client[0m[2m:[0m 📨 Received pending transaction: 0xd9d307c332ccd8d3b67b9c18b4c5668b52a7eb6f108fe5803cd20ec7a3abf5f6
[2m2025-12-10T10:10:47.061529Z[0m [34mDEBUG[0m [2methereum_transaction_pool_monitor::eth_client[0m[2m:[0m 📨 Received WebSocket message: {"jsonrpc":"2.0","method":"eth_subscription","params":{"subscription":"0xbed0a0851463e895960a451075a301a9","result":"0xe0473acb321576fbe1c0f8da1ddc546cc5e22c6e3e44ff33525898b4622b3984"}}
[2m2025-12-10T10:10:47.061534Z[0m [34mDEBUG[0m [2methereum_transaction_pool_monitor::eth_client[0m[2m:[0m 📨 Received pending transaction: 0xe0473acb321576fbe1c0f8da1ddc546cc5e22c6e3e44ff33525898b4622b3984
[2m2025-12-10T10:10:47.072017Z[0m [34mDEBUG[0m [2mhyper::proto::h1::io[0m[2m:[0m parsed 4 headers
[2m2025-12-10T10:10:47.072035Z[0m [34mDEBUG[0m [2mhyper::proto::h1::conn[0m[2m:[0m incoming body is content-length (645 bytes)
[2m2025-12-10T10:10:47.072042Z[0m [34mDEBUG[0m [2mhyper::proto::h1::conn[0m[2m:[0m incoming body completed
[2m2025-12-10T10:10:47.072051Z[0m [34mDEBUG[0m [2mhyper::client::pool[0m[2m:[0m pooling idle connection for ("http", 192.168.0.14:8545)
[2m2025-12-10T10:10:47.072057Z[0m [34mDEBUG[0m [2methereum_transaction_pool_monitor::eth_client[0m[2m:[0m 📡 Transaction fetch RPC completed in 10.625542ms
[2m2025-12-10T10:10:47.139918Z[0m [34mDEBUG[0m [2methereum_transaction_pool_monitor::eth_client[0m[2m:[0m ✅ Transaction 0xc8b6c2656a6a858e32a8d073686f818ef1a3fe2295352650d845bff7682d643b fetched and parsed in 78.48375ms
[2m2025-12-10T10:10:47.139945Z[0m [34mDEBUG[0m [2methereum_transaction_pool_monitor::mempool_monitor[0m[2m:[0m 🔍 Skipping tx 0xc8b6c2656a6a858e32a8d073686f818ef1a3fe2295352650d845bff7682d643b - not a DEX interaction (target: 0xB4926f1375c095e7E6a0019B3b56638960d927Fa)
[2m2025-12-10T10:10:47.139956Z[0m [34mDEBUG[0m [2methereum_transaction_pool_monitor::mempool_monitor[0m[2m:[0m 📨 Processing new pending transaction: 0xe8eb66011da6ab5304456269f7dc6b2d392f9bc80f66f731d9edcee03d83f1ac
[2m2025-12-10T10:10:47.139963Z[0m [34mDEBUG[0m [2methereum_transaction_pool_monitor::mempool_monitor[0m[2m:[0m 🔍 Fetching transaction details for: 0xe8eb66011da6ab5304456269f7dc6b2d392f9bc80f66f731d9edcee03d83f1ac
[2m2025-12-10T10:10:47.139969Z[0m [34mDEBUG[0m [2methereum_transaction_pool_monitor::eth_client[0m[2m:[0m 🔍 Fetching transaction details for hash: 0xe8eb66011da6ab5304456269f7dc6b2d392f9bc80f66f731d9edcee03d83f1ac
[2m2025-12-10T10:10:47.139986Z[0m [34mDEBUG[0m [2mhyper::client::pool[0m[2m:[0m reuse idle connection for ("http", 192.168.0.14:8545)
[2m2025-12-10T10:10:47.140024Z[0m [34mDEBUG[0m [2mhyper::proto::h1::io[0m[2m:[0m flushed 250 bytes
[2m2025-12-10T10:10:47.140040Z[0m [34mDEBUG[0m [2mhyper::proto::h1::io[0m[2m:[0m parsed 4 headers
[2m2025-12-10T10:10:47.140044Z[0m [34mDEBUG[0m [2mhyper::proto::h1::conn[0m[2m:[0m incoming body is content-length (45 bytes)
[2m2025-12-10T10:10:47.140050Z[0m [34mDEBUG[0m [2mhyper::proto::h1::conn[0m[2m:[0m incoming body completed
[2m2025-12-10T10:10:47.140060Z[0m [34mDEBUG[0m [2mhyper::client::pool[0m[2m:[0m pooling idle connection for ("http", 192.168.0.14:8545)
[2m2025-12-10T10:10:47.140075Z[0m [34mDEBUG[0m [2mhyper::client::pool[0m[2m:[0m reuse idle connection for ("http", 192.168.0.14:8545)
[2m2025-12-10T10:10:47.140090Z[0m [34mDEBUG[0m [2mhyper::proto::h1::io[0m[2m:[0m flushed 172 bytes
[2m2025-12-10T10:10:47.144802Z[0m [34mDEBUG[0m [2mhyper::proto::h1::io[0m[2m:[0m parsed 4 headers
[2m2025-12-10T10:10:47.144809Z[0m [34mDEBUG[0m [2mhyper::proto::h1::conn[0m[2m:[0m incoming body is content-length (45 bytes)
[2m2025-12-10T10:10:47.144815Z[0m [34mDEBUG[0m [2mhyper::proto::h1::conn[0m[2m:[0m incoming body completed
[2m2025-12-10T10:10:47.144821Z[0m [34mDEBUG[0m [2mhyper::client::pool[0m[2m:[0m pooling idle connection for ("http", 192.168.0.14:8545)
[2m2025-12-10T10:10:47.145601Z[0m [34mDEBUG[0m [2mhyper::proto::h1::io[0m[2m:[0m parsed 4 headers
[2m2025-12-10T10:10:47.145621Z[0m [34mDEBUG[0m [2mhyper::proto::h1::conn[0m[2m:[0m incoming body is content-length (771 bytes)
[2m2025-12-10T10:10:47.145648Z[0m [34mDEBUG[0m [2mhyper::proto::h1::conn[0m[2m:[0m incoming body completed
[2m2025-12-10T10:10:47.145656Z[0m [34mDEBUG[0m [2mhyper::client::pool[0m[2m:[0m pooling idle connection for ("http", 192.168.0.14:8545)
[2m2025-12-10T10:10:47.145662Z[0m [34mDEBUG[0m [2methereum_transaction_pool_monitor::eth_client[0m[2m:[0m 📡 Transaction fetch RPC completed in 5.687833ms
[2m2025-12-10T10:10:47.217895Z[0m [34mDEBUG[0m [2methereum_transaction_pool_monitor::eth_client[0m[2m:[0m ✅ Transaction 0xe8eb66011da6ab5304456269f7dc6b2d392f9bc80f66f731d9edcee03d83f1ac fetched and parsed in 77.918375ms
[2m2025-12-10T10:10:47.219911Z[0m [34mDEBUG[0m [2methereum_transaction_pool_monitor::mempool_monitor[0m[2m:[0m 🔍 Skipping tx 0xe8eb66011da6ab5304456269f7dc6b2d392f9bc80f66f731d9edcee03d83f1ac - not a DEX interaction (target: 0xB8f28C60dD8240141185a192fa4156A23E189305)
[2m2025-12-10T10:10:47.219924Z[0m [34mDEBUG[0m [2methereum_transaction_pool_monitor::mempool_monitor[0m[2m:[0m 📨 Processing new pending transaction: 0x0b89259b25f2de8c247ba04204766896a1123492952eb9f0f5ed96ee88ae2fab
[2m2025-12-10T10:10:47.219933Z[0m [34mDEBUG[0m [2methereum_transaction_pool_monitor::mempool_monitor[0m[2m:[0m 🔍 Fetching transaction details for: 0x0b89259b25f2de8c247ba04204766896a1123492952eb9f0f5ed96ee88ae2fab
[2m2025-12-10T10:10:47.219941Z[0m [34mDEBUG[0m [2methereum_transaction_pool_monitor::eth_client[0m[2m:[0m 🔍 Fetching transaction details for hash: 0x0b89259b25f2de8c247ba04204766896a1123492952eb9f0f5ed96ee88ae2fab
[2m2025-12-10T10:10:47.219957Z[0m [34mDEBUG[0m [2mhyper::client::pool[0m[2m:[0m reuse idle connection for ("http", 192.168.0.14:8545)
[2m2025-12-10T10:10:47.220009Z[0m [34mDEBUG[0m [2mhyper::proto::h1::io[0m[2m:[0m flushed 250 bytes
[2m2025-12-10T10:10:47.220032Z[0m [34mDEBUG[0m [2mhyper::client::pool[0m[2m:[0m reuse idle connection for ("http", 192.168.0.14:8545)
[2m2025-12-10T10:10:47.220048Z[0m [34mDEBUG[0m [2mhyper::proto::h1::io[0m[2m:[0m flushed 172 bytes
[2m2025-12-10T10:10:47.220061Z[0m [34mDEBUG[0m [2methereum_transaction_pool_monitor::eth_client[0m[2m:[0m 📨 Received WebSocket message: {"jsonrpc":"2.0","method":"eth_subscription","params":{"subscription":"0xbed0a0851463e895960a451075a301a9","result":"0xcb3a98f341a2efd83d1803be390441ca42bae587d23781415bef408e299ee71b"}}
[2m2025-12-10T10:10:47.220071Z[0m [34mDEBUG[0m [2methereum_transaction_pool_monitor::eth_client[0m[2m:[0m 📨 Received pending transaction: 0xcb3a98f341a2efd83d1803be390441ca42bae587d23781415bef408e299ee71b
[2m2025-12-10T10:10:47.228513Z[0m [34mDEBUG[0m [2mhyper::proto::h1::io[0m[2m:[0m parsed 4 headers
[2m2025-12-10T10:10:47.228529Z[0m [34mDEBUG[0m [2mhyper::proto::h1::conn[0m[2m:[0m incoming body is content-length (653 bytes)
[2m2025-12-10T10:10:47.228537Z[0m [34mDEBUG[0m [2mhyper::proto::h1::conn[0m[2m:[0m incoming body completed
[2m2025-12-10T10:10:47.228546Z[0m [34mDEBUG[0m [2mhyper::client::pool[0m[2m:[0m pooling idle connection for ("http", 192.168.0.14:8545)
[2m2025-12-10T10:10:47.228554Z[0m [34mDEBUG[0m [2methereum_transaction_pool_monitor::eth_client[0m[2m:[0m 📡 Transaction fetch RPC completed in 8.6085ms
[2m2025-12-10T10:10:47.300573Z[0m [34mDEBUG[0m [2methereum_transaction_pool_monitor::eth_client[0m[2m:[0m ✅ Transaction 0x0b89259b25f2de8c247ba04204766896a1123492952eb9f0f5ed96ee88ae2fab fetched and parsed in 80.625208ms
[2m2025-12-10T10:10:47.300598Z[0m [34mDEBUG[0m [2methereum_transaction_pool_monitor::mempool_monitor[0m[2m:[0m 🔍 Skipping tx 0x0b89259b25f2de8c247ba04204766896a1123492952eb9f0f5ed96ee88ae2fab - not a DEX interaction (target: 0x70Ab10C10E0A8933337034BC93CdD1478ad51d82)
[2m2025-12-10T10:10:47.300608Z[0m [34mDEBUG[0m [2methereum_transaction_pool_monitor::mempool_monitor[0m[2m:[0m 📨 Processing new pending transaction: 0x11e8c5855b60099a218ef7d01389c8d901e508c4b723561f68ce6c1ad2af2f7e
[2m2025-12-10T10:10:47.300614Z[0m [34mDEBUG[0m [2methereum_transaction_pool_monitor::mempool_monitor[0m[2m:[0m 🔍 Fetching transaction details for: 0x11e8c5855b60099a218ef7d01389c8d901e508c4b723561f68ce6c1ad2af2f7e
[2m2025-12-10T10:10:47.300618Z[0m [34mDEBUG[0m [2methereum_transaction_pool_monitor::eth_client[0m[2m:[0m 🔍 Fetching transaction details for hash: 0x11e8c5855b60099a218ef7d01389c8d901e508c4b723561f68ce6c1ad2af2f7e
[2m2025-12-10T10:10:47.300635Z[0m [34mDEBUG[0m [2mhyper::client::pool[0m[2m:[0m reuse idle connection for ("http", 192.168.0.14:8545)
[2m2025-12-10T10:10:47.300672Z[0m [34mDEBUG[0m [2mhyper::proto::h1::io[0m[2m:[0m flushed 250 bytes
[2m2025-12-10T10:10:47.300687Z[0m [34mDEBUG[0m [2mhyper::proto::h1::io[0m[2m:[0m parsed 4 headers
[2m2025-12-10T10:10:47.300692Z[0m [34mDEBUG[0m [2mhyper::proto::h1::conn[0m[2m:[0m incoming body is content-length (45 bytes)
[2m2025-12-10T10:10:47.300700Z[0m [34mDEBUG[0m [2mhyper::proto::h1::conn[0m[2m:[0m incoming body completed
[2m2025-12-10T10:10:47.300707Z[0m [34mDEBUG[0m [2mhyper::client::pool[0m[2m:[0m pooling idle connection for ("http", 192.168.0.14:8545)
[2m2025-12-10T10:10:47.300723Z[0m [34mDEBUG[0m [2mhyper::client::pool[0m[2m:[0m reuse idle connection for ("http", 192.168.0.14:8545)
[2m2025-12-10T10:10:47.300739Z[0m [34mDEBUG[0m [2mhyper::proto::h1::io[0m[2m:[0m flushed 172 bytes
[2m2025-12-10T10:10:47.304925Z[0m [34mDEBUG[0m [2mhyper::proto::h1::io[0m[2m:[0m parsed 4 headers
[2m2025-12-10T10:10:47.304936Z[0m [34mDEBUG[0m [2mhyper::proto::h1::conn[0m[2m:[0m incoming body is content-length (772 bytes)
[2m2025-12-10T10:10:47.305172Z[0m [34mDEBUG[0m [2mhyper::proto::h1::conn[0m[2m:[0m incoming body completed
[2m2025-12-10T10:10:47.305180Z[0m [34mDEBUG[0m [2mhyper::client::pool[0m[2m:[0m pooling idle connection for ("http", 192.168.0.14:8545)
[2m2025-12-10T10:10:47.305185Z[0m [34mDEBUG[0m [2methereum_transaction_pool_monitor::eth_client[0m[2m:[0m 📡 Transaction fetch RPC completed in 4.5635ms
[2m2025-12-10T10:10:47.376673Z[0m [34mDEBUG[0m [2methereum_transaction_pool_monitor::eth_client[0m[2m:[0m ✅ Transaction 0x11e8c5855b60099a218ef7d01389c8d901e508c4b723561f68ce6c1ad2af2f7e fetched and parsed in 76.049459ms
[2m2025-12-10T10:10:47.376695Z[0m [34mDEBUG[0m [2methereum_transaction_pool_monitor::mempool_monitor[0m[2m:[0m 🔍 Skipping tx 0x11e8c5855b60099a218ef7d01389c8d901e508c4b723561f68ce6c1ad2af2f7e - not a DEX interaction (target: 0xF9ff95468cb9A0cD57b8542bbc4c148e290Ff465)
[2m2025-12-10T10:10:47.376704Z[0m [34mDEBUG[0m [2methereum_transaction_pool_monitor::mempool_monitor[0m[2m:[0m 📨 Processing new pending transaction: 0xefa750ebfd47d91221e6accc6e3636d55f5261ff700ef33844a9aae1c49a61f2
[2m2025-12-10T10:10:47.376709Z[0m [34mDEBUG[0m [2methereum_transaction_pool_monitor::mempool_monitor[0m[2m:[0m 🔍 Fetching transaction details for: 0xefa750ebfd47d91221e6accc6e3636d55f5261ff700ef33844a9aae1c49a61f2
[2m2025-12-10T10:10:47.376714Z[0m [34mDEBUG[0m [2methereum_transaction_pool_monitor::eth_client[0m[2m:[0m 🔍 Fetching transaction details for hash: 0xefa750ebfd47d91221e6accc6e3636d55f5261ff700ef33844a9aae1c49a61f2
[2m2025-12-10T10:10:47.376736Z[0m [34mDEBUG[0m [2mhyper::client::pool[0m[2m:[0m reuse idle connection for ("http", 192.168.0.14:8545)
[2m2025-12-10T10:10:47.376787Z[0m [34mDEBUG[0m [2mhyper::proto::h1::io[0m[2m:[0m flushed 250 bytes
[2m2025-12-10T10:10:47.376802Z[0m [34mDEBUG[0m [2mhyper::proto::h1::io[0m[2m:[0m parsed 4 headers
[2m2025-12-10T10:10:47.376806Z[0m [34mDEBUG[0m [2mhyper::proto::h1::conn[0m[2m:[0m incoming body is content-length (45 bytes)
[2m2025-12-10T10:10:47.376813Z[0m [34mDEBUG[0m [2mhyper::proto::h1::conn[0m[2m:[0m incoming body completed
[2m2025-12-10T10:10:47.376820Z[0m [34mDEBUG[0m [2mhyper::client::pool[0m[2m:[0m pooling idle connection for ("http", 192.168.0.14:8545)
[2m2025-12-10T10:10:47.383472Z[0m [34mDEBUG[0m [2mhyper::proto::h1::io[0m[2m:[0m parsed 4 headers
[2m2025-12-10T10:10:47.383477Z[0m [34mDEBUG[0m [2mhyper::proto::h1::conn[0m[2m:[0m incoming body is content-length (653 bytes)
[2m2025-12-10T10:10:47.383481Z[0m [34mDEBUG[0m [2mhyper::proto::h1::conn[0m[2m:[0m incoming body completed
[2m2025-12-10T10:10:47.383486Z[0m [34mDEBUG[0m [2mhyper::client::pool[0m[2m:[0m pooling idle connection for ("http", 192.168.0.14:8545)
[2m2025-12-10T10:10:47.383491Z[0m [34mDEBUG[0m [2methereum_transaction_pool_monitor::eth_client[0m[2m:[0m 📡 Transaction fetch RPC completed in 6.772125ms
[2m2025-12-10T10:10:47.454413Z[0m [34mDEBUG[0m [2methereum_transaction_pool_monitor::eth_client[0m[2m:[0m ✅ Transaction 0xefa750ebfd47d91221e6accc6e3636d55f5261ff700ef33844a9aae1c49a61f2 fetched and parsed in 77.691ms
[2m2025-12-10T10:10:47.454435Z[0m [34mDEBUG[0m [2methereum_transaction_pool_monitor::mempool_monitor[0m[2m:[0m 🔍 Skipping tx 0xefa750ebfd47d91221e6accc6e3636d55f5261ff700ef33844a9aae1c49a61f2 - not a DEX interaction (target: 0x9a3228C5497647a8Db2ED2c6286761262Cfd9597)
[2m2025-12-10T10:10:47.454446Z[0m [34mDEBUG[0m [2methereum_transaction_pool_monitor::mempool_monitor[0m[2m:[0m 📨 Processing new pending transaction: 0xe8dc615375944fdffab9a920afa67d6cafde60dcc5e0e91fc9b64edd06f5bec3
[2m2025-12-10T10:10:47.454452Z[0m [34mDEBUG[0m [2methereum_transaction_pool_monitor::mempool_monitor[0m[2m:[0m 🔍 Fetching transaction details for: 0xe8dc615375944fdffab9a920afa67d6cafde60dcc5e0e91fc9b64edd06f5bec3
[2m2025-12-10T10:10:47.454456Z[0m [34mDEBUG[0m [2methereum_transaction_pool_monitor::eth_client[0m[2m:[0m 🔍 Fetching transaction details for hash: 0xe8dc615375944fdffab9a920afa67d6cafde60dcc5e0e91fc9b64edd06f5bec3
[2m2025-12-10T10:10:47.454475Z[0m [34mDEBUG[0m [2mhyper::client::pool[0m[2m:[0m reuse idle connection for ("http", 192.168.0.14:8545)
[2m2025-12-10T10:10:47.454510Z[0m [34mDEBUG[0m [2mhyper::proto::h1::io[0m[2m:[0m flushed 250 bytes
[2m2025-12-10T10:10:47.454529Z[0m [34mDEBUG[0m [2mhyper::client::pool[0m[2m:[0m reuse idle connection for ("http", 192.168.0.14:8545)
[2m2025-12-10T10:10:47.454539Z[0m [34mDEBUG[0m [2methereum_transaction_pool_monitor::eth_client[0m[2m:[0m 📨 Received WebSocket message: {"jsonrpc":"2.0","method":"eth_subscription","params":{"subscription":"0xbed0a0851463e895960a451075a301a9","result":"0x4b94c38c740f15b1c0d2e1527d3d6e3b53eea51be2aff9b6190fed973262b578"}}
[2m2025-12-10T10:10:47.454543Z[0m [34mDEBUG[0m [2mhyper::proto::h1::io[0m[2m:[0m flushed 172 bytes
[2m2025-12-10T10:10:47.454549Z[0m [34mDEBUG[0m [2methereum_transaction_pool_monitor::eth_client[0m[2m:[0m 📨 Received pending transaction: 0x4b94c38c740f15b1c0d2e1527d3d6e3b53eea51be2aff9b6190fed973262b578
[2m2025-12-10T10:10:47.454555Z[0m [34mDEBUG[0m [2methereum_transaction_pool_monitor::eth_client[0m[2m:[0m 📨 Received WebSocket message: {"jsonrpc":"2.0","method":"eth_subscription","params":{"subscription":"0xbed0a0851463e895960a451075a301a9","result":"0xd5ddd6a9371dd37bf37f128d20246dac6bb6f1d57b978639a3391b1d0d29eba1"}}
[2m2025-12-10T10:10:47.454560Z[0m [34mDEBUG[0m [2methereum_transaction_pool_monitor::eth_client[0m[2m:[0m 📨 Received pending transaction: 0xd5ddd6a9371dd37bf37f128d20246dac6bb6f1d57b978639a3391b1d0d29eba1
[2m2025-12-10T10:10:47.457869Z[0m [34mDEBUG[0m [2mhyper::proto::h1::io[0m[2m:[0m parsed 4 headers
[2m2025-12-10T10:10:47.457876Z[0m [34mDEBUG[0m [2mhyper::proto::h1::conn[0m[2m:[0m incoming body is content-length (45 bytes)
[2m2025-12-10T10:10:47.457882Z[0m [34mDEBUG[0m [2mhyper::proto::h1::conn[0m[2m:[0m incoming body completed
[2m2025-12-10T10:10:47.457888Z[0m [34mDEBUG[0m [2mhyper::client::pool[0m[2m:[0m pooling idle connection for ("http", 192.168.0.14:8545)
[2m2025-12-10T10:10:47.463553Z[0m [34mDEBUG[0m [2mhyper::proto::h1::io[0m[2m:[0m parsed 4 headers
[2m2025-12-10T10:10:47.463559Z[0m [34mDEBUG[0m [2mhyper::proto::h1::conn[0m[2m:[0m incoming body is content-length (830 bytes)
[2m2025-12-10T10:10:47.463564Z[0m [34mDEBUG[0m [2mhyper::proto::h1::conn[0m[2m:[0m incoming body completed
[2m2025-12-10T10:10:47.463569Z[0m [34mDEBUG[0m [2mhyper::client::pool[0m[2m:[0m pooling idle connection for ("http", 192.168.0.14:8545)
[2m2025-12-10T10:10:47.463574Z[0m [34mDEBUG[0m [2methereum_transaction_pool_monitor::eth_client[0m[2m:[0m 📡 Transaction fetch RPC completed in 9.114542ms
[2m2025-12-10T10:10:47.534577Z[0m [34mDEBUG[0m [2methereum_transaction_pool_monitor::eth_client[0m[2m:[0m ✅ Transaction 0xe8dc615375944fdffab9a920afa67d6cafde60dcc5e0e91fc9b64edd06f5bec3 fetched and parsed in 80.114959ms
[2m2025-12-10T10:10:47.534606Z[0m [34mDEBUG[0m [2methereum_transaction_pool_monitor::mempool_monitor[0m[2m:[0m 🔍 Skipping tx 0xe8dc615375944fdffab9a920afa67d6cafde60dcc5e0e91fc9b64edd06f5bec3 - not a DEX interaction (target: 0x3B4D794a66304F130a4Db8F2551B0070dfCf5ca7)
[2m2025-12-10T10:10:47.534616Z[0m [34mDEBUG[0m [2methereum_transaction_pool_monitor::mempool_monitor[0m[2m:[0m 📨 Processing new pending transaction: 0x1bd719c8247b1a459961f2045d18cfb6f31ce8b8eda1fc61140c1acdca2b5ffc
[2m2025-12-10T10:10:47.534622Z[0m [34mDEBUG[0m [2methereum_transaction_pool_monitor::mempool_monitor[0m[2m:[0m 🔍 Fetching transaction details for: 0x1bd719c8247b1a459961f2045d18cfb6f31ce8b8eda1fc61140c1acdca2b5ffc
[2m2025-12-10T10:10:47.534626Z[0m [34mDEBUG[0m [2methereum_transaction_pool_monitor::eth_client[0m[2m:[0m 🔍 Fetching transaction details for hash: 0x1bd719c8247b1a459961f2045d18cfb6f31ce8b8eda1fc61140c1acdca2b5ffc
[2m2025-12-10T10:10:47.534646Z[0m [34mDEBUG[0m [2mhyper::client::pool[0m[2m:[0m reuse idle connection for ("http", 192.168.0.14:8545)
[2m2025-12-10T10:10:47.534683Z[0m [34mDEBUG[0m [2mhyper::proto::h1::io[0m[2m:[0m flushed 250 bytes
[2m2025-12-10T10:10:47.534704Z[0m [34mDEBUG[0m [2mhyper::client::pool[0m[2m:[0m reuse idle connection for ("http", 192.168.0.14:8545)
[2m2025-12-10T10:10:47.534718Z[0m [34mDEBUG[0m [2mhyper::proto::h1::io[0m[2m:[0m flushed 172 bytes
[2m2025-12-10T10:10:47.534717Z[0m [34mDEBUG[0m [2methereum_transaction_pool_monitor::eth_client[0m[2m:[0m 📨 Received WebSocket message: {"jsonrpc":"2.0","method":"eth_subscription","params":{"subscription":"0xbed0a0851463e895960a451075a301a9","result":"0xc6ba345b4a1f5c0aeb47af92f4ea5ec09639a3cfd13b707bb5fc2ce8dea5f09d"}}
[2m2025-12-10T10:10:47.534733Z[0m [34mDEBUG[0m [2methereum_transaction_pool_monitor::eth_client[0m[2m:[0m 📨 Received pending transaction: 0xc6ba345b4a1f5c0aeb47af92f4ea5ec09639a3cfd13b707bb5fc2ce8dea5f09d
[2m2025-12-10T10:10:47.540189Z[0m [34mDEBUG[0m [2mhyper::proto::h1::io[0m[2m:[0m parsed 4 headers
[2m2025-12-10T10:10:47.540195Z[0m [34mDEBUG[0m [2mhyper::proto::h1::conn[0m[2m:[0m incoming body is content-length (771 bytes)
[2m2025-12-10T10:10:47.540202Z[0m [34mDEBUG[0m [2mhyper::proto::h1::conn[0m[2m:[0m incoming body completed
[2m2025-12-10T10:10:47.540210Z[0m [34mDEBUG[0m [2mhyper::client::pool[0m[2m:[0m pooling idle connection for ("http", 192.168.0.14:8545)
[2m2025-12-10T10:10:47.540216Z[0m [34mDEBUG[0m [2methereum_transaction_pool_monitor::eth_client[0m[2m:[0m 📡 Transaction fetch RPC completed in 5.585584ms
[2m2025-12-10T10:10:47.540231Z[0m [34mDEBUG[0m [2methereum_transaction_pool_monitor::eth_client[0m[2m:[0m DeFi transaction detected - Address: 0xdac17f958d2ee523a2206206994597c13d831ec7, Type: Stablecoin, Value: 0 ETH, Gas: 1.20 Gwei
[2m2025-12-10T10:10:47.540243Z[0m [34mDEBUG[0m [2methereum_transaction_pool_monitor::eth_client[0m[2m:[0m ✅ Transaction 0x1bd719c8247b1a459961f2045d18cfb6f31ce8b8eda1fc61140c1acdca2b5ffc fetched and parsed in 5.612792ms
[2m2025-12-10T10:10:47.540247Z[0m [34mDEBUG[0m [2methereum_transaction_pool_monitor::mempool_monitor[0m[2m:[0m 🔍 Skipping tx 0x1bd719c8247b1a459961f2045d18cfb6f31ce8b8eda1fc61140c1acdca2b5ffc - not a DEX interaction (target: 0xdAC17F958D2ee523a2206206994597C13D831ec7)
[2m2025-12-10T10:10:47.540253Z[0m [34mDEBUG[0m [2methereum_transaction_pool_monitor::mempool_monitor[0m[2m:[0m 📨 Processing new pending transaction: 0x8a76e0ae5109df4979fe3d79a27b45409b14231335805513604eced06970ba39
[2m2025-12-10T10:10:47.540256Z[0m [34mDEBUG[0m [2methereum_transaction_pool_monitor::mempool_monitor[0m[2m:[0m 🔍 Fetching transaction details for: 0x8a76e0ae5109df4979fe3d79a27b45409b14231335805513604eced06970ba39
[2m2025-12-10T10:10:47.540259Z[0m [34mDEBUG[0m [2methereum_transaction_pool_monitor::eth_client[0m[2m:[0m 🔍 Fetching transaction details for hash: 0x8a76e0ae5109df4979fe3d79a27b45409b14231335805513604eced06970ba39
[2m2025-12-10T10:10:47.540265Z[0m [34mDEBUG[0m [2mhyper::client::pool[0m[2m:[0m reuse idle connection for ("http", 192.168.0.14:8545)
[2m2025-12-10T10:10:47.540278Z[0m [34mDEBUG[0m [2mhyper::proto::h1::io[0m[2m:[0m flushed 250 bytes
[2m2025-12-10T10:10:47.541013Z[0m [34mDEBUG[0m [2mhyper::proto::h1::io[0m[2m:[0m parsed 4 headers
[2m2025-12-10T10:10:47.541019Z[0m [34mDEBUG[0m [2mhyper::proto::h1::conn[0m[2m:[0m incoming body is content-length (45 bytes)
[2m2025-12-10T10:10:47.541024Z[0m [34mDEBUG[0m [2mhyper::proto::h1::conn[0m[2m:[0m incoming body completed
[2m2025-12-10T10:10:47.541031Z[0m [34mDEBUG[0m [2mhyper::client::pool[0m[2m:[0m pooling idle connection for ("http", 192.168.0.14:8545)
[2m2025-12-10T10:10:47.546747Z[0m [34mDEBUG[0m [2mhyper::proto::h1::io[0m[2m:[0m parsed 4 headers
[2m2025-12-10T10:10:47.546766Z[0m [34mDEBUG[0m [2mhyper::proto::h1::conn[0m[2m:[0m incoming body is content-length (771 bytes)
[2m2025-12-10T10:10:47.546782Z[0m [34mDEBUG[0m [2mhyper::proto::h1::conn[0m[2m:[0m incoming body completed
[2m2025-12-10T10:10:47.546799Z[0m [34mDEBUG[0m [2mhyper::client::pool[0m[2m:[0m pooling idle connection for ("http", 192.168.0.14:8545)
[2m2025-12-10T10:10:47.546808Z[0m [34mDEBUG[0m [2methereum_transaction_pool_monitor::eth_client[0m[2m:[0m 📡 Transaction fetch RPC completed in 6.545334ms
[2m2025-12-10T10:10:47.617359Z[0m [34mDEBUG[0m [2methereum_transaction_pool_monitor::eth_client[0m[2m:[0m ✅ Transaction 0x8a76e0ae5109df4979fe3d79a27b45409b14231335805513604eced06970ba39 fetched and parsed in 77.094584ms
[2m2025-12-10T10:10:47.617387Z[0m [34mDEBUG[0m [2methereum_transaction_pool_monitor::mempool_monitor[0m[2m:[0m 🔍 Skipping tx 0x8a76e0ae5109df4979fe3d79a27b45409b14231335805513604eced06970ba39 - not a DEX interaction (target: 0xF9ff95468cb9A0cD57b8542bbc4c148e290Ff465)
[2m2025-12-10T10:10:47.617397Z[0m [34mDEBUG[0m [2methereum_transaction_pool_monitor::mempool_monitor[0m[2m:[0m 📨 Processing new pending transaction: 0x32e2626b9475242e9f2d122da4d1d7d7223b524b9749a9e201d31615873e1381
[2m2025-12-10T10:10:47.617407Z[0m [34mDEBUG[0m [2methereum_transaction_pool_monitor::mempool_monitor[0m[2m:[0m 🔍 Fetching transaction details for: 0x32e2626b9475242e9f2d122da4d1d7d7223b524b9749a9e201d31615873e1381
[2m2025-12-10T10:10:47.617412Z[0m [34mDEBUG[0m [2methereum_transaction_pool_monitor::eth_client[0m[2m:[0m 🔍 Fetching transaction details for hash: 0x32e2626b9475242e9f2d122da4d1d7d7223b524b9749a9e201d31615873e1381
[2m2025-12-10T10:10:47.617432Z[0m [34mDEBUG[0m [2mhyper::client::pool[0m[2m:[0m reuse idle connection for ("http", 192.168.0.14:8545)
[2m2025-12-10T10:10:47.617467Z[0m [34mDEBUG[0m [2mhyper::proto::h1::io[0m[2m:[0m flushed 250 bytes
[2m2025-12-10T10:10:47.617498Z[0m [34mDEBUG[0m [2mhyper::client::pool[0m[2m:[0m reuse idle connection for ("http", 192.168.0.14:8545)
[2m2025-12-10T10:10:47.617512Z[0m [34mDEBUG[0m [2mhyper::proto::h1::io[0m[2m:[0m flushed 172 bytes
[2m2025-12-10T10:10:47.621296Z[0m [34mDEBUG[0m [2mhyper::proto::h1::io[0m[2m:[0m parsed 4 headers
[2m2025-12-10T10:10:47.621301Z[0m [34mDEBUG[0m [2mhyper::proto::h1::conn[0m[2m:[0m incoming body is content-length (45 bytes)
[2m2025-12-10T10:10:47.621306Z[0m [34mDEBUG[0m [2mhyper::proto::h1::conn[0m[2m:[0m incoming body completed
[2m2025-12-10T10:10:47.621312Z[0m [34mDEBUG[0m [2mhyper::client::pool[0m[2m:[0m pooling idle connection for ("http", 192.168.0.14:8545)
[2m2025-12-10T10:10:47.621869Z[0m [34mDEBUG[0m [2mhyper::proto::h1::io[0m[2m:[0m parsed 4 headers
[2m2025-12-10T10:10:47.621875Z[0m [34mDEBUG[0m [2mhyper::proto::h1::conn[0m[2m:[0m incoming body is content-length (721 bytes)
[2m2025-12-10T10:10:47.621881Z[0m [34mDEBUG[0m [2mhyper::proto::h1::conn[0m[2m:[0m incoming body completed
[2m2025-12-10T10:10:47.621887Z[0m [34mDEBUG[0m [2mhyper::client::pool[0m[2m:[0m pooling idle connection for ("http", 192.168.0.14:8545)
[2m2025-12-10T10:10:47.621891Z[0m [34mDEBUG[0m [2methereum_transaction_pool_monitor::eth_client[0m[2m:[0m 📡 Transaction fetch RPC completed in 4.473334ms
[2m2025-12-10T10:10:47.692861Z[0m [34mDEBUG[0m [2methereum_transaction_pool_monitor::eth_client[0m[2m:[0m ✅ Transaction 0x32e2626b9475242e9f2d122da4d1d7d7223b524b9749a9e201d31615873e1381 fetched and parsed in 75.440625ms
[2m2025-12-10T10:10:47.692887Z[0m [34mDEBUG[0m [2methereum_transaction_pool_monitor::mempool_monitor[0m[2m:[0m 🔍 Skipping tx 0x32e2626b9475242e9f2d122da4d1d7d7223b524b9749a9e201d31615873e1381 - not a DEX interaction (target: 0xD9A442856C234a39a81a089C06451EBAa4306a72)
[2m2025-12-10T10:10:47.692901Z[0m [34mDEBUG[0m [2methereum_transaction_pool_monitor::mempool_monitor[0m[2m:[0m 📨 Processing new pending transaction: 0x5e4d236cf96ddf43a134688adadc85791ba586a060d305e7bbe25f55cb8f3c72
[2m2025-12-10T10:10:47.692999Z[0m [34mDEBUG[0m [2methereum_transaction_pool_monitor::mempool_monitor[0m[2m:[0m 🔍 Fetching transaction details for: 0x5e4d236cf96ddf43a134688adadc85791ba586a060d305e7bbe25f55cb8f3c72
[2m2025-12-10T10:10:47.693009Z[0m [34mDEBUG[0m [2methereum_transaction_pool_monitor::eth_client[0m[2m:[0m 🔍 Fetching transaction details for hash: 0x5e4d236cf96ddf43a134688adadc85791ba586a060d305e7bbe25f55cb8f3c72
[2m2025-12-10T10:10:47.693028Z[0m [34mDEBUG[0m [2mhyper::client::pool[0m[2m:[0m reuse idle connection for ("http", 192.168.0.14:8545)
[2m2025-12-10T10:10:47.693051Z[0m [34mDEBUG[0m [2mhyper::proto::h1::io[0m[2m:[0m flushed 250 bytes
[2m2025-12-10T10:10:47.693077Z[0m [34mDEBUG[0m [2methereum_transaction_pool_monitor::eth_client[0m[2m:[0m 📨 Received WebSocket message: {"jsonrpc":"2.0","method":"eth_subscription","params":{"subscription":"0xbed0a0851463e895960a451075a301a9","result":"0xe95712730188b95a616123d1b033148f198198606dd5cc3574d158a699ead442"}}
[2m2025-12-10T10:10:47.693089Z[0m [34mDEBUG[0m [2methereum_transaction_pool_monitor::eth_client[0m[2m:[0m 📨 Received pending transaction: 0xe95712730188b95a616123d1b033148f198198606dd5cc3574d158a699ead442
[2m2025-12-10T10:10:47.698137Z[0m [34mDEBUG[0m [2mhyper::client::pool[0m[2m:[0m reuse idle connection for ("http", 192.168.0.14:8545)
[2m2025-12-10T10:10:47.698192Z[0m [34mDEBUG[0m [2mhyper::proto::h1::io[0m[2m:[0m flushed 172 bytes
[2m2025-12-10T10:10:47.698843Z[0m [34mDEBUG[0m [2mhyper::proto::h1::io[0m[2m:[0m parsed 4 headers
[2m2025-12-10T10:10:47.698862Z[0m [34mDEBUG[0m [2mhyper::proto::h1::conn[0m[2m:[0m incoming body is content-length (772 bytes)
[2m2025-12-10T10:10:47.698885Z[0m [34mDEBUG[0m [2mhyper::proto::h1::conn[0m[2m:[0m incoming body completed
[2m2025-12-10T10:10:47.698897Z[0m [34mDEBUG[0m [2mhyper::client::pool[0m[2m:[0m pooling idle connection for ("http", 192.168.0.14:8545)
[2m2025-12-10T10:10:47.698904Z[0m [34mDEBUG[0m [2methereum_transaction_pool_monitor::eth_client[0m[2m:[0m 📡 Transaction fetch RPC completed in 5.888375ms
[2m2025-12-10T10:10:47.766836Z[0m [34mDEBUG[0m [2methereum_transaction_pool_monitor::eth_client[0m[2m:[0m ✅ Transaction 0x5e4d236cf96ddf43a134688adadc85791ba586a060d305e7bbe25f55cb8f3c72 fetched and parsed in 73.819166ms
[2m2025-12-10T10:10:47.766863Z[0m [34mDEBUG[0m [2methereum_transaction_pool_monitor::mempool_monitor[0m[2m:[0m 🔍 Skipping tx 0x5e4d236cf96ddf43a134688adadc85791ba586a060d305e7bbe25f55cb8f3c72 - not a DEX interaction (target: 0xF9ff95468cb9A0cD57b8542bbc4c148e290Ff465)
[2m2025-12-10T10:10:47.766872Z[0m [34mDEBUG[0m [2methereum_transaction_pool_monitor::mempool_monitor[0m[2m:[0m 📨 Processing new pending transaction: 0xb19d30512bc30b81360994ee30258222b3b4fa2e649ca5d61b03a8cc7634d893
[2m2025-12-10T10:10:47.766877Z[0m [34mDEBUG[0m [2methereum_transaction_pool_monitor::mempool_monitor[0m[2m:[0m 🔍 Fetching transaction details for: 0xb19d30512bc30b81360994ee30258222b3b4fa2e649ca5d61b03a8cc7634d893
[2m2025-12-10T10:10:47.766880Z[0m [34mDEBUG[0m [2methereum_transaction_pool_monitor::eth_client[0m[2m:[0m 🔍 Fetching transaction details for hash: 0xb19d30512bc30b81360994ee30258222b3b4fa2e649ca5d61b03a8cc7634d893
[2m2025-12-10T10:10:47.766897Z[0m [34mDEBUG[0m [2mhyper::client::pool[0m[2m:[0m reuse idle connection for ("http", 192.168.0.14:8545)
[2m2025-12-10T10:10:47.766944Z[0m [34mDEBUG[0m [2mhyper::proto::h1::io[0m[2m:[0m flushed 250 bytes
[2m2025-12-10T10:10:47.766959Z[0m [34mDEBUG[0m [2mhyper::proto::h1::io[0m[2m:[0m parsed 4 headers
[2m2025-12-10T10:10:47.766962Z[0m [34mDEBUG[0m [2mhyper::proto::h1::conn[0m[2m:[0m incoming body is content-length (45 bytes)
[2m2025-12-10T10:10:47.766968Z[0m [34mDEBUG[0m [2mhyper::proto::h1::conn[0m[2m:[0m incoming body completed
[2m2025-12-10T10:10:47.766975Z[0m [34mDEBUG[0m [2mhyper::client::pool[0m[2m:[0m pooling idle connection for ("http", 192.168.0.14:8545)
[2m2025-12-10T10:10:47.797521Z[0m [34mDEBUG[0m [2mhyper::client::pool[0m[2m:[0m reuse idle connection for ("http", 192.168.0.14:8545)
[2m2025-12-10T10:10:47.797555Z[0m [34mDEBUG[0m [2mhyper::proto::h1::io[0m[2m:[0m flushed 172 bytes
[2m2025-12-10T10:10:47.818001Z[0m [34mDEBUG[0m [2mhyper::proto::h1::io[0m[2m:[0m parsed 4 headers
[2m2025-12-10T10:10:47.818034Z[0m [34mDEBUG[0m [2mhyper::proto::h1::conn[0m[2m:[0m incoming body is content-length (45 bytes)
[2m2025-12-10T10:10:47.818044Z[0m [34mDEBUG[0m [2mhyper::proto::h1::conn[0m[2m:[0m incoming body completed
[2m2025-12-10T10:10:47.818053Z[0m [34mDEBUG[0m [2mhyper::client::pool[0m[2m:[0m pooling idle connection for ("http", 192.168.0.14:8545)
[2m2025-12-10T10:10:47.818933Z[0m [34mDEBUG[0m [2mhyper::proto::h1::io[0m[2m:[0m parsed 4 headers
[2m2025-12-10T10:10:47.818954Z[0m [34mDEBUG[0m [2mhyper::proto::h1::conn[0m[2m:[0m incoming body is content-length (763 bytes)
[2m2025-12-10T10:10:47.818971Z[0m [34mDEBUG[0m [2mhyper::proto::h1::conn[0m[2m:[0m incoming body completed
[2m2025-12-10T10:10:47.818992Z[0m [34mDEBUG[0m [2mhyper::client::pool[0m[2m:[0m pooling idle connection for ("http", 192.168.0.14:8545)
[2m2025-12-10T10:10:47.818997Z[0m [34mDEBUG[0m [2methereum_transaction_pool_monitor::eth_client[0m[2m:[0m 📡 Transaction fetch RPC completed in 52.11275ms
[2m2025-12-10T10:10:47.889255Z[0m [34mDEBUG[0m [2methereum_transaction_pool_monitor::eth_client[0m[2m:[0m ✅ Transaction 0xb19d30512bc30b81360994ee30258222b3b4fa2e649ca5d61b03a8cc7634d893 fetched and parsed in 122.368042ms
[2m2025-12-10T10:10:47.889282Z[0m [34mDEBUG[0m [2methereum_transaction_pool_monitor::mempool_monitor[0m[2m:[0m 🔍 Skipping tx 0xb19d30512bc30b81360994ee30258222b3b4fa2e649ca5d61b03a8cc7634d893 - not a DEX interaction (target: 0x6De037ef9aD2725EB40118Bb1702EBb27e4Aeb24)
[2m2025-12-10T10:10:47.889297Z[0m [34mDEBUG[0m [2methereum_transaction_pool_monitor::mempool_monitor[0m[2m:[0m 📨 Processing new pending transaction: 0xb7eb946336c20f383ccbd1933d9b7af27a372350cb5dbfd1c0f05bd188ee9205
[2m2025-12-10T10:10:47.889305Z[0m [34mDEBUG[0m [2methereum_transaction_pool_monitor::mempool_monitor[0m[2m:[0m 🔍 Fetching transaction details for: 0xb7eb946336c20f383ccbd1933d9b7af27a372350cb5dbfd1c0f05bd188ee9205
[2m2025-12-10T10:10:47.889312Z[0m [34mDEBUG[0m [2methereum_transaction_pool_monitor::eth_client[0m[2m:[0m 🔍 Fetching transaction details for hash: 0xb7eb946336c20f383ccbd1933d9b7af27a372350cb5dbfd1c0f05bd188ee9205
[2m2025-12-10T10:10:47.889333Z[0m [34mDEBUG[0m [2mhyper::client::pool[0m[2m:[0m reuse idle connection for ("http", 192.168.0.14:8545)
[2m2025-12-10T10:10:47.889360Z[0m [34mDEBUG[0m [2mhyper::proto::h1::io[0m[2m:[0m flushed 250 bytes
[2m2025-12-10T10:10:47.895921Z[0m [34mDEBUG[0m [2mhyper::proto::h1::io[0m[2m:[0m parsed 4 headers
[2m2025-12-10T10:10:47.895946Z[0m [34mDEBUG[0m [2mhyper::proto::h1::conn[0m[2m:[0m incoming body is content-length (830 bytes)
[2m2025-12-10T10:10:47.895955Z[0m [34mDEBUG[0m [2mhyper::proto::h1::conn[0m[2m:[0m incoming body completed
[2m2025-12-10T10:10:47.895963Z[0m [34mDEBUG[0m [2mhyper::client::pool[0m[2m:[0m pooling idle connection for ("http", 192.168.0.14:8545)
[2m2025-12-10T10:10:47.895969Z[0m [34mDEBUG[0m [2methereum_transaction_pool_monitor::eth_client[0m[2m:[0m 📡 Transaction fetch RPC completed in 6.650584ms
[2m2025-12-10T10:10:47.967026Z[0m [34mDEBUG[0m [2methereum_transaction_pool_monitor::eth_client[0m[2m:[0m ✅ Transaction 0xb7eb946336c20f383ccbd1933d9b7af27a372350cb5dbfd1c0f05bd188ee9205 fetched and parsed in 77.705084ms
[2m2025-12-10T10:10:47.967052Z[0m [34mDEBUG[0m [2methereum_transaction_pool_monitor::mempool_monitor[0m[2m:[0m 🔍 Skipping tx 0xb7eb946336c20f383ccbd1933d9b7af27a372350cb5dbfd1c0f05bd188ee9205 - not a DEX interaction (target: 0x3B4D794a66304F130a4Db8F2551B0070dfCf5ca7)
[2m2025-12-10T10:10:47.967064Z[0m [34mDEBUG[0m [2methereum_transaction_pool_monitor::mempool_monitor[0m[2m:[0m 📨 Processing new pending transaction: 0x2a35094b0dcbe3e403e17188d6958e229c1a6655094145a381e5e4f43d61ea0c
[2m2025-12-10T10:10:47.967072Z[0m [34mDEBUG[0m [2methereum_transaction_pool_monitor::mempool_monitor[0m[2m:[0m 🔍 Fetching transaction details for: 0x2a35094b0dcbe3e403e17188d6958e229c1a6655094145a381e5e4f43d61ea0c
[2m2025-12-10T10:10:47.967078Z[0m [34mDEBUG[0m [2methereum_transaction_pool_monitor::eth_client[0m[2m:[0m 🔍 Fetching transaction details for hash: 0x2a35094b0dcbe3e403e17188d6958e229c1a6655094145a381e5e4f43d61ea0c
[2m2025-12-10T10:10:47.967098Z[0m [34mDEBUG[0m [2mhyper::client::pool[0m[2m:[0m reuse idle connection for ("http", 192.168.0.14:8545)
[2m2025-12-10T10:10:47.967137Z[0m [34mDEBUG[0m [2mhyper::proto::h1::io[0m[2m:[0m flushed 250 bytes
[2m2025-12-10T10:10:47.967158Z[0m [34mDEBUG[0m [2mhyper::client::pool[0m[2m:[0m reuse idle connection for ("http", 192.168.0.14:8545)
[2m2025-12-10T10:10:47.967171Z[0m [34mDEBUG[0m [2methereum_transaction_pool_monitor::eth_client[0m[2m:[0m 📨 Received WebSocket message: {"jsonrpc":"2.0","method":"eth_subscription","params":{"subscription":"0xbed0a0851463e895960a451075a301a9","result":"0x6a0130c76f2b1c455a8845ca677588ade67877fb55262ca04bd90b3e7f4188c0"}}
[2m2025-12-10T10:10:47.967174Z[0m [34mDEBUG[0m [2mhyper::proto::h1::io[0m[2m:[0m flushed 172 bytes
[2m2025-12-10T10:10:47.967185Z[0m [34mDEBUG[0m [2methereum_transaction_pool_monitor::eth_client[0m[2m:[0m 📨 Received pending transaction: 0x6a0130c76f2b1c455a8845ca677588ade67877fb55262ca04bd90b3e7f4188c0
[2m2025-12-10T10:10:47.970859Z[0m [34mDEBUG[0m [2mhyper::proto::h1::io[0m[2m:[0m parsed 4 headers
[2m2025-12-10T10:10:47.970886Z[0m [34mDEBUG[0m [2mhyper::proto::h1::conn[0m[2m:[0m incoming body is content-length (45 bytes)
[2m2025-12-10T10:10:47.970909Z[0m [34mDEBUG[0m [2mhyper::proto::h1::conn[0m[2m:[0m incoming body completed
[2m2025-12-10T10:10:47.970919Z[0m [34mDEBUG[0m [2mhyper::client::pool[0m[2m:[0m pooling idle connection for ("http", 192.168.0.14:8545)
[2m2025-12-10T10:10:47.971099Z[0m [34mDEBUG[0m [2mhyper::proto::h1::io[0m[2m:[0m parsed 4 headers
[2m2025-12-10T10:10:47.971105Z[0m [34mDEBUG[0m [2mhyper::proto::h1::conn[0m[2m:[0m incoming body is content-length (773 bytes)
[2m2025-12-10T10:10:47.971110Z[0m [34mDEBUG[0m [2mhyper::proto::h1::conn[0m[2m:[0m incoming body completed
[2m2025-12-10T10:10:47.971117Z[0m [34mDEBUG[0m [2mhyper::client::pool[0m[2m:[0m pooling idle connection for ("http", 192.168.0.14:8545)
[2m2025-12-10T10:10:47.971123Z[0m [34mDEBUG[0m [2methereum_transaction_pool_monitor::eth_client[0m[2m:[0m 📡 Transaction fetch RPC completed in 4.03725ms
[2m2025-12-10T10:10:48.042471Z[0m [34mDEBUG[0m [2methereum_transaction_pool_monitor::eth_client[0m[2m:[0m ✅ Transaction 0x2a35094b0dcbe3e403e17188d6958e229c1a6655094145a381e5e4f43d61ea0c fetched and parsed in 75.383458ms
[2m2025-12-10T10:10:48.042496Z[0m [34mDEBUG[0m [2methereum_transaction_pool_monitor::mempool_monitor[0m[2m:[0m 🔍 Skipping tx 0x2a35094b0dcbe3e403e17188d6958e229c1a6655094145a381e5e4f43d61ea0c - not a DEX interaction (target: 0xF9ff95468cb9A0cD57b8542bbc4c148e290Ff465)
[2m2025-12-10T10:10:48.042507Z[0m [34mDEBUG[0m [2methereum_transaction_pool_monitor::mempool_monitor[0m[2m:[0m 📨 Processing new pending transaction: 0xfa41fd42bd4b94f3656dd18ca7ba6c85b16248674b9e19598ba8b1b8da026da7
[2m2025-12-10T10:10:48.042513Z[0m [34mDEBUG[0m [2methereum_transaction_pool_monitor::mempool_monitor[0m[2m:[0m 🔍 Fetching transaction details for: 0xfa41fd42bd4b94f3656dd18ca7ba6c85b16248674b9e19598ba8b1b8da026da7
[2m2025-12-10T10:10:48.042517Z[0m [34mDEBUG[0m [2methereum_transaction_pool_monitor::eth_client[0m[2m:[0m 🔍 Fetching transaction details for hash: 0xfa41fd42bd4b94f3656dd18ca7ba6c85b16248674b9e19598ba8b1b8da026da7
[2m2025-12-10T10:10:48.042535Z[0m [34mDEBUG[0m [2mhyper::client::pool[0m[2m:[0m reuse idle connection for ("http", 192.168.0.14:8545)
[2m2025-12-10T10:10:48.042560Z[0m [34mDEBUG[0m [2mhyper::proto::h1::io[0m[2m:[0m flushed 250 bytes
[2m2025-12-10T10:10:48.042586Z[0m [34mDEBUG[0m [2mhyper::client::pool[0m[2m:[0m reuse idle connection for ("http", 192.168.0.14:8545)
[2m2025-12-10T10:10:48.042602Z[0m [34mDEBUG[0m [2mhyper::proto::h1::io[0m[2m:[0m flushed 172 bytes
[2m2025-12-10T10:10:48.046068Z[0m [34mDEBUG[0m [2mhyper::proto::h1::io[0m[2m:[0m parsed 4 headers
[2m2025-12-10T10:10:48.046072Z[0m [34mDEBUG[0m [2mhyper::proto::h1::conn[0m[2m:[0m incoming body is content-length (45 bytes)
[2m2025-12-10T10:10:48.046078Z[0m [34mDEBUG[0m [2mhyper::proto::h1::conn[0m[2m:[0m incoming body completed
[2m2025-12-10T10:10:48.046083Z[0m [34mDEBUG[0m [2mhyper::client::pool[0m[2m:[0m pooling idle connection for ("http", 192.168.0.14:8545)
[2m2025-12-10T10:10:48.046096Z[0m [34mDEBUG[0m [2mhyper::proto::h1::io[0m[2m:[0m parsed 4 headers
[2m2025-12-10T10:10:48.046101Z[0m [34mDEBUG[0m [2mhyper::proto::h1::conn[0m[2m:[0m incoming body is content-length (646 bytes)
[2m2025-12-10T10:10:48.046107Z[0m [34mDEBUG[0m [2mhyper::proto::h1::conn[0m[2m:[0m incoming body completed
[2m2025-12-10T10:10:48.046112Z[0m [34mDEBUG[0m [2mhyper::client::pool[0m[2m:[0m pooling idle connection for ("http", 192.168.0.14:8545)
[2m2025-12-10T10:10:48.046117Z[0m [34mDEBUG[0m [2methereum_transaction_pool_monitor::eth_client[0m[2m:[0m 📡 Transaction fetch RPC completed in 3.595833ms
[2m2025-12-10T10:10:48.117568Z[0m [34mDEBUG[0m [2methereum_transaction_pool_monitor::eth_client[0m[2m:[0m ✅ Transaction 0xfa41fd42bd4b94f3656dd18ca7ba6c85b16248674b9e19598ba8b1b8da026da7 fetched and parsed in 75.04525ms
[2m2025-12-10T10:10:48.117597Z[0m [34mDEBUG[0m [2methereum_transaction_pool_monitor::mempool_monitor[0m[2m:[0m 🔍 Skipping tx 0xfa41fd42bd4b94f3656dd18ca7ba6c85b16248674b9e19598ba8b1b8da026da7 - not a DEX interaction (target: 0xA26148AE51fa8E787DF319C04137602Cc018b521)
[2m2025-12-10T10:10:48.117612Z[0m [34mDEBUG[0m [2methereum_transaction_pool_monitor::mempool_monitor[0m[2m:[0m 📨 Processing new pending transaction: 0xd9d307c332ccd8d3b67b9c18b4c5668b52a7eb6f108fe5803cd20ec7a3abf5f6
[2m2025-12-10T10:10:48.117620Z[0m [34mDEBUG[0m [2methereum_transaction_pool_monitor::mempool_monitor[0m[2m:[0m 🔍 Fetching transaction details for: 0xd9d307c332ccd8d3b67b9c18b4c5668b52a7eb6f108fe5803cd20ec7a3abf5f6
[2m2025-12-10T10:10:48.117626Z[0m [34mDEBUG[0m [2methereum_transaction_pool_monitor::eth_client[0m[2m:[0m 🔍 Fetching transaction details for hash: 0xd9d307c332ccd8d3b67b9c18b4c5668b52a7eb6f108fe5803cd20ec7a3abf5f6
[2m2025-12-10T10:10:48.117645Z[0m [34mDEBUG[0m [2mhyper::client::pool[0m[2m:[0m reuse idle connection for ("http", 192.168.0.14:8545)
[2m2025-12-10T10:10:48.117685Z[0m [34mDEBUG[0m [2mhyper::proto::h1::io[0m[2m:[0m flushed 250 bytes
[2m2025-12-10T10:10:48.117714Z[0m [34mDEBUG[0m [2mhyper::client::pool[0m[2m:[0m reuse idle connection for ("http", 192.168.0.14:8545)
[2m2025-12-10T10:10:48.117730Z[0m [34mDEBUG[0m [2mhyper::proto::h1::io[0m[2m:[0m flushed 172 bytes
[2m2025-12-10T10:10:48.124172Z[0m [34mDEBUG[0m [2mhyper::proto::h1::io[0m[2m:[0m parsed 4 headers
[2m2025-12-10T10:10:48.124178Z[0m [34mDEBUG[0m [2mhyper::proto::h1::conn[0m[2m:[0m incoming body is content-length (45 bytes)
[2m2025-12-10T10:10:48.124187Z[0m [34mDEBUG[0m [2mhyper::proto::h1::conn[0m[2m:[0m incoming body completed
[2m2025-12-10T10:10:48.124197Z[0m [34mDEBUG[0m [2mhyper::client::pool[0m[2m:[0m pooling idle connection for ("http", 192.168.0.14:8545)
[2m2025-12-10T10:10:48.127956Z[0m [34mDEBUG[0m [2mhyper::proto::h1::io[0m[2m:[0m parsed 4 headers
[2m2025-12-10T10:10:48.127961Z[0m [34mDEBUG[0m [2mhyper::proto::h1::conn[0m[2m:[0m incoming body is content-length (771 bytes)
[2m2025-12-10T10:10:48.127965Z[0m [34mDEBUG[0m [2mhyper::proto::h1::conn[0m[2m:[0m incoming body completed
[2m2025-12-10T10:10:48.128048Z[0m [34mDEBUG[0m [2mhyper::client::pool[0m[2m:[0m pooling idle connection for ("http", 192.168.0.14:8545)
[2m2025-12-10T10:10:48.128053Z[0m [34mDEBUG[0m [2methereum_transaction_pool_monitor::eth_client[0m[2m:[0m 📡 Transaction fetch RPC completed in 10.421ms
[2m2025-12-10T10:10:48.197483Z[0m [34mDEBUG[0m [2methereum_transaction_pool_monitor::eth_client[0m[2m:[0m ✅ Transaction 0xd9d307c332ccd8d3b67b9c18b4c5668b52a7eb6f108fe5803cd20ec7a3abf5f6 fetched and parsed in 79.84925ms
[2m2025-12-10T10:10:48.197506Z[0m [34mDEBUG[0m [2methereum_transaction_pool_monitor::mempool_monitor[0m[2m:[0m 🔍 Skipping tx 0xd9d307c332ccd8d3b67b9c18b4c5668b52a7eb6f108fe5803cd20ec7a3abf5f6 - not a DEX interaction (target: 0x78cBEC65c55F143a9178b63243119806a659D2EF)
[2m2025-12-10T10:10:48.197516Z[0m [34mDEBUG[0m [2methereum_transaction_pool_monitor::mempool_monitor[0m[2m:[0m 📨 Processing new pending transaction: 0xe0473acb321576fbe1c0f8da1ddc546cc5e22c6e3e44ff33525898b4622b3984
[2m2025-12-10T10:10:48.197522Z[0m [34mDEBUG[0m [2methereum_transaction_pool_monitor::mempool_monitor[0m[2m:[0m 🔍 Fetching transaction details for: 0xe0473acb321576fbe1c0f8da1ddc546cc5e22c6e3e44ff33525898b4622b3984
[2m2025-12-10T10:10:48.197528Z[0m [34mDEBUG[0m [2methereum_transaction_pool_monitor::eth_client[0m[2m:[0m 🔍 Fetching transaction details for hash: 0xe0473acb321576fbe1c0f8da1ddc546cc5e22c6e3e44ff33525898b4622b3984
[2m2025-12-10T10:10:48.197545Z[0m [34mDEBUG[0m [2mhyper::client::pool[0m[2m:[0m reuse idle connection for ("http", 192.168.0.14:8545)
[2m2025-12-10T10:10:48.197586Z[0m [34mDEBUG[0m [2mhyper::proto::h1::io[0m[2m:[0m flushed 250 bytes
[2m2025-12-10T10:10:48.197610Z[0m [34mDEBUG[0m [2mhyper::client::pool[0m[2m:[0m reuse idle connection for ("http", 192.168.0.14:8545)
[2m2025-12-10T10:10:48.197623Z[0m [34mDEBUG[0m [2mhyper::proto::h1::io[0m[2m:[0m flushed 172 bytes
[2m2025-12-10T10:10:48.207558Z[0m [34mDEBUG[0m [2mhyper::proto::h1::io[0m[2m:[0m parsed 4 headers
[2m2025-12-10T10:10:48.207563Z[0m [34mDEBUG[0m [2mhyper::proto::h1::conn[0m[2m:[0m incoming body is content-length (45 bytes)
[2m2025-12-10T10:10:48.207570Z[0m [34mDEBUG[0m [2mhyper::proto::h1::conn[0m[2m:[0m incoming body completed
[2m2025-12-10T10:10:48.207577Z[0m [34mDEBUG[0m [2mhyper::client::pool[0m[2m:[0m pooling idle connection for ("http", 192.168.0.14:8545)
[2m2025-12-10T10:10:48.207594Z[0m [34mDEBUG[0m [2mhyper::proto::h1::io[0m[2m:[0m parsed 4 headers
[2m2025-12-10T10:10:48.207598Z[0m [34mDEBUG[0m [2mhyper::proto::h1::conn[0m[2m:[0m incoming body is content-length (768 bytes)
[2m2025-12-10T10:10:48.207602Z[0m [34mDEBUG[0m [2mhyper::proto::h1::conn[0m[2m:[0m incoming body completed
[2m2025-12-10T10:10:48.207610Z[0m [34mDEBUG[0m [2mhyper::client::pool[0m[2m:[0m pooling idle connection for ("http", 192.168.0.14:8545)
[2m2025-12-10T10:10:48.207617Z[0m [34mDEBUG[0m [2methereum_transaction_pool_monitor::eth_client[0m[2m:[0m 📡 Transaction fetch RPC completed in 10.085041ms
[2m2025-12-10T10:10:48.207630Z[0m [34mDEBUG[0m [2methereum_transaction_pool_monitor::eth_client[0m[2m:[0m DeFi transaction detected - Address: 0xdac17f958d2ee523a2206206994597c13d831ec7, Type: Stablecoin, Value: 0 ETH, Gas: 0.23 Gwei
[2m2025-12-10T10:10:48.207648Z[0m [34mDEBUG[0m [2methereum_transaction_pool_monitor::eth_client[0m[2m:[0m ✅ Transaction 0xe0473acb321576fbe1c0f8da1ddc546cc5e22c6e3e44ff33525898b4622b3984 fetched and parsed in 10.116ms
[2m2025-12-10T10:10:48.207653Z[0m [34mDEBUG[0m [2methereum_transaction_pool_monitor::mempool_monitor[0m[2m:[0m 🔍 Skipping tx 0xe0473acb321576fbe1c0f8da1ddc546cc5e22c6e3e44ff33525898b4622b3984 - not a DEX interaction (target: 0xdAC17F958D2ee523a2206206994597C13D831ec7)
[2m2025-12-10T10:10:48.207660Z[0m [34mDEBUG[0m [2methereum_transaction_pool_monitor::mempool_monitor[0m[2m:[0m 📨 Processing new pending transaction: 0xcb3a98f341a2efd83d1803be390441ca42bae587d23781415bef408e299ee71b
[2m2025-12-10T10:10:48.207665Z[0m [34mDEBUG[0m [2methereum_transaction_pool_monitor::mempool_monitor[0m[2m:[0m 🔍 Fetching transaction details for: 0xcb3a98f341a2efd83d1803be390441ca42bae587d23781415bef408e299ee71b
[2m2025-12-10T10:10:48.207668Z[0m [34mDEBUG[0m [2methereum_transaction_pool_monitor::eth_client[0m[2m:[0m 🔍 Fetching transaction details for hash: 0xcb3a98f341a2efd83d1803be390441ca42bae587d23781415bef408e299ee71b
[2m2025-12-10T10:10:48.207675Z[0m [34mDEBUG[0m [2mhyper::client::pool[0m[2m:[0m reuse idle connection for ("http", 192.168.0.14:8545)
[2m2025-12-10T10:10:48.207687Z[0m [34mDEBUG[0m [2mhyper::proto::h1::io[0m[2m:[0m flushed 250 bytes
[2m2025-12-10T10:10:48.213120Z[0m [34mDEBUG[0m [2mhyper::proto::h1::io[0m[2m:[0m parsed 4 headers
[2m2025-12-10T10:10:48.213139Z[0m [34mDEBUG[0m [2mhyper::proto::h1::conn[0m[2m:[0m incoming body is content-length (5316 bytes)
[2m2025-12-10T10:10:48.213165Z[0m [34mDEBUG[0m [2methereum_transaction_pool_monitor::eth_client[0m[2m:[0m 📡 Transaction fetch RPC completed in 5.492083ms
[2m2025-12-10T10:10:48.215248Z[0m [34mDEBUG[0m [2mhyper::proto::h1::conn[0m[2m:[0m incoming body completed
[2m2025-12-10T10:10:48.218886Z[0m [34mDEBUG[0m [2mhyper::client::pool[0m[2m:[0m pooling idle connection for ("http", 192.168.0.14:8545)
[2m2025-12-10T10:10:48.289363Z[0m [34mDEBUG[0m [2methereum_transaction_pool_monitor::eth_client[0m[2m:[0m ✅ Transaction 0xcb3a98f341a2efd83d1803be390441ca42bae587d23781415bef408e299ee71b fetched and parsed in 81.688875ms
[2m2025-12-10T10:10:48.289386Z[0m [34mDEBUG[0m [2methereum_transaction_pool_monitor::mempool_monitor[0m[2m:[0m 🔍 Skipping tx 0xcb3a98f341a2efd83d1803be390441ca42bae587d23781415bef408e299ee71b - not a DEX interaction (target: 0xF6801D319497789f934ec7F83E142a9536312B08)
[2m2025-12-10T10:10:48.289395Z[0m [34mDEBUG[0m [2methereum_transaction_pool_monitor::mempool_monitor[0m[2m:[0m 📨 Processing new pending transaction: 0x4b94c38c740f15b1c0d2e1527d3d6e3b53eea51be2aff9b6190fed973262b578
[2m2025-12-10T10:10:48.289400Z[0m [34mDEBUG[0m [2methereum_transaction_pool_monitor::mempool_monitor[0m[2m:[0m 🔍 Fetching transaction details for: 0x4b94c38c740f15b1c0d2e1527d3d6e3b53eea51be2aff9b6190fed973262b578
[2m2025-12-10T10:10:48.289405Z[0m [34mDEBUG[0m [2methereum_transaction_pool_monitor::eth_client[0m[2m:[0m 🔍 Fetching transaction details for hash: 0x4b94c38c740f15b1c0d2e1527d3d6e3b53eea51be2aff9b6190fed973262b578
[2m2025-12-10T10:10:48.289421Z[0m [34mDEBUG[0m [2mhyper::client::pool[0m[2m:[0m reuse idle connection for ("http", 192.168.0.14:8545)
[2m2025-12-10T10:10:48.289459Z[0m [34mDEBUG[0m [2mhyper::proto::h1::io[0m[2m:[0m flushed 250 bytes
[2m2025-12-10T10:10:48.294442Z[0m [34mDEBUG[0m [2mhyper::proto::h1::io[0m[2m:[0m parsed 4 headers
[2m2025-12-10T10:10:48.294448Z[0m [34mDEBUG[0m [2mhyper::proto::h1::conn[0m[2m:[0m incoming body is content-length (830 bytes)
[2m2025-12-10T10:10:48.294456Z[0m [34mDEBUG[0m [2mhyper::proto::h1::conn[0m[2m:[0m incoming body completed
[2m2025-12-10T10:10:48.294468Z[0m [34mDEBUG[0m [2mhyper::client::pool[0m[2m:[0m pooling idle connection for ("http", 192.168.0.14:8545)
[2m2025-12-10T10:10:48.294475Z[0m [34mDEBUG[0m [2methereum_transaction_pool_monitor::eth_client[0m[2m:[0m 📡 Transaction fetch RPC completed in 5.066083ms
[2m2025-12-10T10:10:48.365292Z[0m [34mDEBUG[0m [2methereum_transaction_pool_monitor::eth_client[0m[2m:[0m ✅ Transaction 0x4b94c38c740f15b1c0d2e1527d3d6e3b53eea51be2aff9b6190fed973262b578 fetched and parsed in 75.88125ms
[2m2025-12-10T10:10:48.365319Z[0m [34mDEBUG[0m [2methereum_transaction_pool_monitor::mempool_monitor[0m[2m:[0m 🔍 Skipping tx 0x4b94c38c740f15b1c0d2e1527d3d6e3b53eea51be2aff9b6190fed973262b578 - not a DEX interaction (target: 0x3B4D794a66304F130a4Db8F2551B0070dfCf5ca7)
[2m2025-12-10T10:10:48.365329Z[0m [34mDEBUG[0m [2methereum_transaction_pool_monitor::mempool_monitor[0m[2m:[0m 📨 Processing new pending transaction: 0xd5ddd6a9371dd37bf37f128d20246dac6bb6f1d57b978639a3391b1d0d29eba1
[2m2025-12-10T10:10:48.365336Z[0m [34mDEBUG[0m [2methereum_transaction_pool_monitor::mempool_monitor[0m[2m:[0m 🔍 Fetching transaction details for: 0xd5ddd6a9371dd37bf37f128d20246dac6bb6f1d57b978639a3391b1d0d29eba1
[2m2025-12-10T10:10:48.365340Z[0m [34mDEBUG[0m [2methereum_transaction_pool_monitor::eth_client[0m[2m:[0m 🔍 Fetching transaction details for hash: 0xd5ddd6a9371dd37bf37f128d20246dac6bb6f1d57b978639a3391b1d0d29eba1
[2m2025-12-10T10:10:48.365356Z[0m [34mDEBUG[0m [2mhyper::client::pool[0m[2m:[0m reuse idle connection for ("http", 192.168.0.14:8545)
[2m2025-12-10T10:10:48.365387Z[0m [34mDEBUG[0m [2mhyper::proto::h1::io[0m[2m:[0m flushed 250 bytes
[2m2025-12-10T10:10:48.365413Z[0m [34mDEBUG[0m [2mhyper::client::pool[0m[2m:[0m reuse idle connection for ("http", 192.168.0.14:8545)
[2m2025-12-10T10:10:48.365425Z[0m [34mDEBUG[0m [2mhyper::proto::h1::io[0m[2m:[0m flushed 172 bytes
[2m2025-12-10T10:10:48.369814Z[0m [34mDEBUG[0m [2mhyper::proto::h1::io[0m[2m:[0m parsed 4 headers
[2m2025-12-10T10:10:48.369834Z[0m [34mDEBUG[0m [2mhyper::proto::h1::conn[0m[2m:[0m incoming body is content-length (45 bytes)
[2m2025-12-10T10:10:48.369857Z[0m [34mDEBUG[0m [2mhyper::proto::h1::conn[0m[2m:[0m incoming body completed
[2m2025-12-10T10:10:48.369867Z[0m [34mDEBUG[0m [2mhyper::client::pool[0m[2m:[0m pooling idle connection for ("http", 192.168.0.14:8545)
[2m2025-12-10T10:10:48.376129Z[0m [34mDEBUG[0m [2mhyper::proto::h1::io[0m[2m:[0m parsed 4 headers
[2m2025-12-10T10:10:48.376134Z[0m [34mDEBUG[0m [2mhyper::proto::h1::conn[0m[2m:[0m incoming body is content-length (680 bytes)
[2m2025-12-10T10:10:48.376139Z[0m [34mDEBUG[0m [2mhyper::proto::h1::conn[0m[2m:[0m incoming body completed
[2m2025-12-10T10:10:48.376144Z[0m [34mDEBUG[0m [2mhyper::client::pool[0m[2m:[0m pooling idle connection for ("http", 192.168.0.14:8545)
[2m2025-12-10T10:10:48.376148Z[0m [34mDEBUG[0m [2methereum_transaction_pool_monitor::eth_client[0m[2m:[0m 📡 Transaction fetch RPC completed in 10.804958ms
[2m2025-12-10T10:10:48.376159Z[0m [34mDEBUG[0m [2methereum_transaction_pool_monitor::eth_client[0m[2m:[0m DeFi transaction detected - Address: 0xdac17f958d2ee523a2206206994597c13d831ec7, Type: Stablecoin, Value: 0 ETH, Gas: 2.00 Gwei
[2m2025-12-10T10:10:48.376171Z[0m [34mDEBUG[0m [2methereum_transaction_pool_monitor::eth_client[0m[2m:[0m ✅ Transaction 0xd5ddd6a9371dd37bf37f128d20246dac6bb6f1d57b978639a3391b1d0d29eba1 fetched and parsed in 10.827666ms
[2m2025-12-10T10:10:48.376176Z[0m [34mDEBUG[0m [2methereum_transaction_pool_monitor::mempool_monitor[0m[2m:[0m 🔍 Skipping tx 0xd5ddd6a9371dd37bf37f128d20246dac6bb6f1d57b978639a3391b1d0d29eba1 - not a DEX interaction (target: 0xdAC17F958D2ee523a2206206994597C13D831ec7)
[2m2025-12-10T10:10:48.376181Z[0m [34mDEBUG[0m [2methereum_transaction_pool_monitor::mempool_monitor[0m[2m:[0m 📨 Processing new pending transaction: 0xc6ba345b4a1f5c0aeb47af92f4ea5ec09639a3cfd13b707bb5fc2ce8dea5f09d
[2m2025-12-10T10:10:48.376184Z[0m [34mDEBUG[0m [2methereum_transaction_pool_monitor::mempool_monitor[0m[2m:[0m 🔍 Fetching transaction details for: 0xc6ba345b4a1f5c0aeb47af92f4ea5ec09639a3cfd13b707bb5fc2ce8dea5f09d
[2m2025-12-10T10:10:48.376188Z[0m [34mDEBUG[0m [2methereum_transaction_pool_monitor::eth_client[0m[2m:[0m 🔍 Fetching transaction details for hash: 0xc6ba345b4a1f5c0aeb47af92f4ea5ec09639a3cfd13b707bb5fc2ce8dea5f09d
[2m2025-12-10T10:10:48.376194Z[0m [34mDEBUG[0m [2mhyper::client::pool[0m[2m:[0m reuse idle connection for ("http", 192.168.0.14:8545)
[2m2025-12-10T10:10:48.376208Z[0m [34mDEBUG[0m [2mhyper::proto::h1::io[0m[2m:[0m flushed 250 bytes
[2m2025-12-10T10:10:48.380984Z[0m [34mDEBUG[0m [2mhyper::proto::h1::io[0m[2m:[0m parsed 4 headers
[2m2025-12-10T10:10:48.380991Z[0m [34mDEBUG[0m [2mhyper::proto::h1::conn[0m[2m:[0m incoming body is content-length (771 bytes)
[2m2025-12-10T10:10:48.380996Z[0m [34mDEBUG[0m [2mhyper::proto::h1::conn[0m[2m:[0m incoming body completed
[2m2025-12-10T10:10:48.381001Z[0m [34mDEBUG[0m [2mhyper::client::pool[0m[2m:[0m pooling idle connection for ("http", 192.168.0.14:8545)
[2m2025-12-10T10:10:48.381006Z[0m [34mDEBUG[0m [2methereum_transaction_pool_monitor::eth_client[0m[2m:[0m 📡 Transaction fetch RPC completed in 4.814875ms
[2m2025-12-10T10:10:48.450982Z[0m [34mDEBUG[0m [2methereum_transaction_pool_monitor::eth_client[0m[2m:[0m ✅ Transaction 0xc6ba345b4a1f5c0aeb47af92f4ea5ec09639a3cfd13b707bb5fc2ce8dea5f09d fetched and parsed in 74.78825ms
[2m2025-12-10T10:10:48.451003Z[0m [34mDEBUG[0m [2methereum_transaction_pool_monitor::mempool_monitor[0m[2m:[0m 🔍 Skipping tx 0xc6ba345b4a1f5c0aeb47af92f4ea5ec09639a3cfd13b707bb5fc2ce8dea5f09d - not a DEX interaction (target: 0xB8f28C60dD8240141185a192fa4156A23E189305)
[2m2025-12-10T10:10:48.451012Z[0m [34mDEBUG[0m [2methereum_transaction_pool_monitor::mempool_monitor[0m[2m:[0m 📨 Processing new pending transaction: 0xe95712730188b95a616123d1b033148f198198606dd5cc3574d158a699ead442
[2m2025-12-10T10:10:48.451018Z[0m [34mDEBUG[0m [2methereum_transaction_pool_monitor::mempool_monitor[0m[2m:[0m 🔍 Fetching transaction details for: 0xe95712730188b95a616123d1b033148f198198606dd5cc3574d158a699ead442
[2m2025-12-10T10:10:48.451022Z[0m [34mDEBUG[0m [2methereum_transaction_pool_monitor::eth_client[0m[2m:[0m 🔍 Fetching transaction details for hash: 0xe95712730188b95a616123d1b033148f198198606dd5cc3574d158a699ead442
[2m2025-12-10T10:10:48.451042Z[0m [34mDEBUG[0m [2mhyper::client::pool[0m[2m:[0m reuse idle connection for ("http", 192.168.0.14:8545)
[2m2025-12-10T10:10:48.451069Z[0m [34mDEBUG[0m [2mhyper::proto::h1::io[0m[2m:[0m flushed 250 bytes
[2m2025-12-10T10:10:48.451087Z[0m [34mDEBUG[0m [2mhyper::client::pool[0m[2m:[0m reuse idle connection for ("http", 192.168.0.14:8545)
[2m2025-12-10T10:10:48.451099Z[0m [34mDEBUG[0m [2mhyper::proto::h1::io[0m[2m:[0m flushed 172 bytes
[2m2025-12-10T10:10:48.451137Z[0m [34mDEBUG[0m [2methereum_transaction_pool_monitor::eth_client[0m[2m:[0m 📨 Received WebSocket message: {"jsonrpc":"2.0","method":"eth_subscription","params":{"subscription":"0xbed0a0851463e895960a451075a301a9","result":"0xacca474bb59003ef102b31e159ad6aab24a9e9ecc032fd502225dec6f7e44c80"}}
[2m2025-12-10T10:10:48.451147Z[0m [34mDEBUG[0m [2methereum_transaction_pool_monitor::eth_client[0m[2m:[0m 📨 Received pending transaction: 0xacca474bb59003ef102b31e159ad6aab24a9e9ecc032fd502225dec6f7e44c80
[2m2025-12-10T10:10:48.459342Z[0m [34mDEBUG[0m [2mhyper::proto::h1::io[0m[2m:[0m parsed 4 headers
[2m2025-12-10T10:10:48.459372Z[0m [34mDEBUG[0m [2mhyper::proto::h1::conn[0m[2m:[0m incoming body is content-length (771 bytes)
[2m2025-12-10T10:10:48.459398Z[0m [34mDEBUG[0m [2mhyper::proto::h1::conn[0m[2m:[0m incoming body completed
[2m2025-12-10T10:10:48.459421Z[0m [34mDEBUG[0m [2mhyper::client::pool[0m[2m:[0m pooling idle connection for ("http", 192.168.0.14:8545)
[2m2025-12-10T10:10:48.459428Z[0m [34mDEBUG[0m [2methereum_transaction_pool_monitor::eth_client[0m[2m:[0m 📡 Transaction fetch RPC completed in 8.401167ms
[2m2025-12-10T10:10:48.459442Z[0m [34mDEBUG[0m [2methereum_transaction_pool_monitor::eth_client[0m[2m:[0m DeFi transaction detected - Address: 0xdac17f958d2ee523a2206206994597c13d831ec7, Type: Stablecoin, Value: 0 ETH, Gas: 0.41 Gwei
[2m2025-12-10T10:10:48.459458Z[0m [34mDEBUG[0m [2methereum_transaction_pool_monitor::eth_client[0m[2m:[0m ✅ Transaction 0xe95712730188b95a616123d1b033148f198198606dd5cc3574d158a699ead442 fetched and parsed in 8.431125ms
[2m2025-12-10T10:10:48.459463Z[0m [34mDEBUG[0m [2methereum_transaction_pool_monitor::mempool_monitor[0m[2m:[0m 🔍 Skipping tx 0xe95712730188b95a616123d1b033148f198198606dd5cc3574d158a699ead442 - not a DEX interaction (target: 0xdAC17F958D2ee523a2206206994597C13D831ec7)
[2m2025-12-10T10:10:48.459514Z[0m [34mDEBUG[0m [2methereum_transaction_pool_monitor::mempool_monitor[0m[2m:[0m 📨 Processing new pending transaction: 0x6a0130c76f2b1c455a8845ca677588ade67877fb55262ca04bd90b3e7f4188c0
[2m2025-12-10T10:10:48.459521Z[0m [34mDEBUG[0m [2methereum_transaction_pool_monitor::mempool_monitor[0m[2m:[0m 🔍 Fetching transaction details for: 0x6a0130c76f2b1c455a8845ca677588ade67877fb55262ca04bd90b3e7f4188c0
[2m2025-12-10T10:10:48.459525Z[0m [34mDEBUG[0m [2methereum_transaction_pool_monitor::eth_client[0m[2m:[0m 🔍 Fetching transaction details for hash: 0x6a0130c76f2b1c455a8845ca677588ade67877fb55262ca04bd90b3e7f4188c0
[2m2025-12-10T10:10:48.459534Z[0m [34mDEBUG[0m [2mhyper::client::pool[0m[2m:[0m reuse idle connection for ("http", 192.168.0.14:8545)
[2m2025-12-10T10:10:48.459552Z[0m [34mDEBUG[0m [2mhyper::proto::h1::io[0m[2m:[0m flushed 250 bytes
[2m2025-12-10T10:10:48.459559Z[0m [34mDEBUG[0m [2mhyper::proto::h1::io[0m[2m:[0m parsed 4 headers
[2m2025-12-10T10:10:48.459563Z[0m [34mDEBUG[0m [2mhyper::proto::h1::conn[0m[2m:[0m incoming body is content-length (45 bytes)
[2m2025-12-10T10:10:48.459567Z[0m [34mDEBUG[0m [2mhyper::proto::h1::conn[0m[2m:[0m incoming body completed
[2m2025-12-10T10:10:48.459571Z[0m [34mDEBUG[0m [2mhyper::client::pool[0m[2m:[0m pooling idle connection for ("http", 192.168.0.14:8545)
[2m2025-12-10T10:10:48.466954Z[0m [34mDEBUG[0m [2mhyper::proto::h1::io[0m[2m:[0m parsed 4 headers
[2m2025-12-10T10:10:48.466970Z[0m [34mDEBUG[0m [2mhyper::proto::h1::conn[0m[2m:[0m incoming body is content-length (644 bytes)
[2m2025-12-10T10:10:48.466977Z[0m [34mDEBUG[0m [2mhyper::proto::h1::conn[0m[2m:[0m incoming body completed
[2m2025-12-10T10:10:48.466985Z[0m [34mDEBUG[0m [2mhyper::client::pool[0m[2m:[0m pooling idle connection for ("http", 192.168.0.14:8545)
[2m2025-12-10T10:10:48.466990Z[0m [34mDEBUG[0m [2methereum_transaction_pool_monitor::eth_client[0m[2m:[0m 📡 Transaction fetch RPC completed in 7.461167ms
[2m2025-12-10T10:10:48.535665Z[0m [34mDEBUG[0m [2methereum_transaction_pool_monitor::eth_client[0m[2m:[0m ✅ Transaction 0x6a0130c76f2b1c455a8845ca677588ade67877fb55262ca04bd90b3e7f4188c0 fetched and parsed in 76.1345ms
[2m2025-12-10T10:10:48.535683Z[0m [34mDEBUG[0m [2methereum_transaction_pool_monitor::mempool_monitor[0m[2m:[0m 🔍 Skipping tx 0x6a0130c76f2b1c455a8845ca677588ade67877fb55262ca04bd90b3e7f4188c0 - not a DEX interaction (target: 0x17E5545B11b468072283Cee1F066a059Fb0dbF24)
[2m2025-12-10T10:10:48.535691Z[0m [34mDEBUG[0m [2methereum_transaction_pool_monitor::mempool_monitor[0m[2m:[0m 📨 Processing new pending transaction: 0xacca474bb59003ef102b31e159ad6aab24a9e9ecc032fd502225dec6f7e44c80
[2m2025-12-10T10:10:48.535695Z[0m [34mDEBUG[0m [2methereum_transaction_pool_monitor::mempool_monitor[0m[2m:[0m 🔍 Fetching transaction details for: 0xacca474bb59003ef102b31e159ad6aab24a9e9ecc032fd502225dec6f7e44c80
[2m2025-12-10T10:10:48.535699Z[0m [34mDEBUG[0m [2methereum_transaction_pool_monitor::eth_client[0m[2m:[0m 🔍 Fetching transaction details for hash: 0xacca474bb59003ef102b31e159ad6aab24a9e9ecc032fd502225dec6f7e44c80
[2m2025-12-10T10:10:48.535714Z[0m [34mDEBUG[0m [2mhyper::client::pool[0m[2m:[0m reuse idle connection for ("http", 192.168.0.14:8545)
[2m2025-12-10T10:10:48.535744Z[0m [34mDEBUG[0m [2mhyper::proto::h1::io[0m[2m:[0m flushed 250 bytes
[2m2025-12-10T10:10:48.535759Z[0m [34mDEBUG[0m [2mhyper::client::pool[0m[2m:[0m reuse idle connection for ("http", 192.168.0.14:8545)
[2m2025-12-10T10:10:48.535772Z[0m [34mDEBUG[0m [2mhyper::proto::h1::io[0m[2m:[0m flushed 172 bytes
[2m2025-12-10T10:10:48.535774Z[0m [34mDEBUG[0m [2methereum_transaction_pool_monitor::eth_client[0m[2m:[0m 📨 Received WebSocket message: {"jsonrpc":"2.0","method":"eth_subscription","params":{"subscription":"0xbed0a0851463e895960a451075a301a9","result":"0xbf188cbbaaebb87879c2fae9591bf52f17f64c4f380d483bc67ba216a5dd8905"}}
[2m2025-12-10T10:10:48.535785Z[0m [34mDEBUG[0m [2methereum_transaction_pool_monitor::eth_client[0m[2m:[0m 📨 Received pending transaction: 0xbf188cbbaaebb87879c2fae9591bf52f17f64c4f380d483bc67ba216a5dd8905
[2m2025-12-10T10:10:48.539302Z[0m [34mDEBUG[0m [2mhyper::proto::h1::io[0m[2m:[0m parsed 4 headers
[2m2025-12-10T10:10:48.539307Z[0m [34mDEBUG[0m [2mhyper::proto::h1::conn[0m[2m:[0m incoming body is content-length (771 bytes)
[2m2025-12-10T10:10:48.539314Z[0m [34mDEBUG[0m [2mhyper::proto::h1::conn[0m[2m:[0m incoming body completed
[2m2025-12-10T10:10:48.539321Z[0m [34mDEBUG[0m [2mhyper::client::pool[0m[2m:[0m pooling idle connection for ("http", 192.168.0.14:8545)
[2m2025-12-10T10:10:48.539326Z[0m [34mDEBUG[0m [2methereum_transaction_pool_monitor::eth_client[0m[2m:[0m 📡 Transaction fetch RPC completed in 3.6235ms
[2m2025-12-10T10:10:48.608881Z[0m [34mDEBUG[0m [2methereum_transaction_pool_monitor::eth_client[0m[2m:[0m ✅ Transaction 0xacca474bb59003ef102b31e159ad6aab24a9e9ecc032fd502225dec6f7e44c80 fetched and parsed in 73.176542ms
[2m2025-12-10T10:10:48.608909Z[0m [34mDEBUG[0m [2methereum_transaction_pool_monitor::mempool_monitor[0m[2m:[0m 🔍 Skipping tx 0xacca474bb59003ef102b31e159ad6aab24a9e9ecc032fd502225dec6f7e44c80 - not a DEX interaction (target: 0x5FA487BCa6158c64046B2813623e20755091DA0b)
[2m2025-12-10T10:10:48.608919Z[0m [34mDEBUG[0m [2methereum_transaction_pool_monitor::mempool_monitor[0m[2m:[0m 📨 Processing new pending transaction: 0xbf188cbbaaebb87879c2fae9591bf52f17f64c4f380d483bc67ba216a5dd8905
[2m2025-12-10T10:10:48.608929Z[0m [34mDEBUG[0m [2methereum_transaction_pool_monitor::mempool_monitor[0m[2m:[0m 🔍 Fetching transaction details for: 0xbf188cbbaaebb87879c2fae9591bf52f17f64c4f380d483bc67ba216a5dd8905
[2m2025-12-10T10:10:48.608935Z[0m [34mDEBUG[0m [2methereum_transaction_pool_monitor::eth_client[0m[2m:[0m 🔍 Fetching transaction details for hash: 0xbf188cbbaaebb87879c2fae9591bf52f17f64c4f380d483bc67ba216a5dd8905
[2m2025-12-10T10:10:48.608957Z[0m [34mDEBUG[0m [2mhyper::client::pool[0m[2m:[0m reuse idle connection for ("http", 192.168.0.14:8545)
[2m2025-12-10T10:10:48.609000Z[0m [34mDEBUG[0m [2mhyper::proto::h1::io[0m[2m:[0m flushed 250 bytes
[2m2025-12-10T10:10:48.609023Z[0m [34mDEBUG[0m [2methereum_transaction_pool_monitor::eth_client[0m[2m:[0m 📨 Received WebSocket message: {"jsonrpc":"2.0","method":"eth_subscription","params":{"subscription":"0xbed0a0851463e895960a451075a301a9","result":"0x96b257ccc254a02ea7c211defbf7b9d96abd1818147423c9f33d463e58756259"}}
[2m2025-12-10T10:10:48.609027Z[0m [34mDEBUG[0m [2mhyper::proto::h1::io[0m[2m:[0m parsed 4 headers
[2m2025-12-10T10:10:48.609030Z[0m [34mDEBUG[0m [2methereum_transaction_pool_monitor::eth_client[0m[2m:[0m 📨 Received pending transaction: 0x96b257ccc254a02ea7c211defbf7b9d96abd1818147423c9f33d463e58756259
[2m2025-12-10T10:10:48.609038Z[0m [34mDEBUG[0m [2mhyper::proto::h1::conn[0m[2m:[0m incoming body is content-length (45 bytes)
[2m2025-12-10T10:10:48.609048Z[0m [34mDEBUG[0m [2mhyper::proto::h1::conn[0m[2m:[0m incoming body completed
[2m2025-12-10T10:10:48.609057Z[0m [34mDEBUG[0m [2mhyper::client::pool[0m[2m:[0m pooling idle connection for ("http", 192.168.0.14:8545)
[2m2025-12-10T10:10:48.609070Z[0m [34mDEBUG[0m [2mhyper::client::pool[0m[2m:[0m reuse idle connection for ("http", 192.168.0.14:8545)
[2m2025-12-10T10:10:48.609083Z[0m [34mDEBUG[0m [2mhyper::proto::h1::io[0m[2m:[0m flushed 172 bytes
[2m2025-12-10T10:10:48.614891Z[0m [34mDEBUG[0m [2mhyper::proto::h1::io[0m[2m:[0m parsed 4 headers
[2m2025-12-10T10:10:48.614901Z[0m [34mDEBUG[0m [2mhyper::proto::h1::conn[0m[2m:[0m incoming body is content-length (649 bytes)
[2m2025-12-10T10:10:48.614908Z[0m [34mDEBUG[0m [2mhyper::proto::h1::conn[0m[2m:[0m incoming body completed
[2m2025-12-10T10:10:48.614916Z[0m [34mDEBUG[0m [2mhyper::client::pool[0m[2m:[0m pooling idle connection for ("http", 192.168.0.14:8545)
[2m2025-12-10T10:10:48.614922Z[0m [34mDEBUG[0m [2methereum_transaction_pool_monitor::eth_client[0m[2m:[0m 📡 Transaction fetch RPC completed in 5.979375ms
[2m2025-12-10T10:10:48.686995Z[0m [34mDEBUG[0m [2methereum_transaction_pool_monitor::eth_client[0m[2m:[0m ✅ Transaction 0xbf188cbbaaebb87879c2fae9591bf52f17f64c4f380d483bc67ba216a5dd8905 fetched and parsed in 78.049334ms
[2m2025-12-10T10:10:48.687027Z[0m [34mDEBUG[0m [2methereum_transaction_pool_monitor::mempool_monitor[0m[2m:[0m 🔍 Skipping tx 0xbf188cbbaaebb87879c2fae9591bf52f17f64c4f380d483bc67ba216a5dd8905 - not a DEX interaction (target: 0xD0A3f823b16450482e34F1217dDB24817c60cc0c)
[2m2025-12-10T10:10:48.687039Z[0m [34mDEBUG[0m [2methereum_transaction_pool_monitor::mempool_monitor[0m[2m:[0m 📨 Processing new pending transaction: 0x96b257ccc254a02ea7c211defbf7b9d96abd1818147423c9f33d463e58756259
[2m2025-12-10T10:10:48.687049Z[0m [34mDEBUG[0m [2methereum_transaction_pool_monitor::mempool_monitor[0m[2m:[0m 🔍 Fetching transaction details for: 0x96b257ccc254a02ea7c211defbf7b9d96abd1818147423c9f33d463e58756259
[2m2025-12-10T10:10:48.687056Z[0m [34mDEBUG[0m [2methereum_transaction_pool_monitor::eth_client[0m[2m:[0m 🔍 Fetching transaction details for hash: 0x96b257ccc254a02ea7c211defbf7b9d96abd1818147423c9f33d463e58756259
[2m2025-12-10T10:10:48.687075Z[0m [34mDEBUG[0m [2mhyper::client::pool[0m[2m:[0m reuse idle connection for ("http", 192.168.0.14:8545)
[2m2025-12-10T10:10:48.687112Z[0m [34mDEBUG[0m [2mhyper::proto::h1::io[0m[2m:[0m flushed 250 bytes
[2m2025-12-10T10:10:48.687138Z[0m [34mDEBUG[0m [2methereum_transaction_pool_monitor::eth_client[0m[2m:[0m 📨 Received WebSocket message: {"jsonrpc":"2.0","method":"eth_subscription","params":{"subscription":"0xbed0a0851463e895960a451075a301a9","result":"0xc8276755fefef7003406a4ac4aafdd78e1bbc1131b5d9a0428c815adb9258af5"}}
[2m2025-12-10T10:10:48.687142Z[0m [34mDEBUG[0m [2mhyper::proto::h1::io[0m[2m:[0m parsed 4 headers
[2m2025-12-10T10:10:48.687150Z[0m [34mDEBUG[0m [2methereum_transaction_pool_monitor::eth_client[0m[2m:[0m 📨 Received pending transaction: 0xc8276755fefef7003406a4ac4aafdd78e1bbc1131b5d9a0428c815adb9258af5
[2m2025-12-10T10:10:48.687151Z[0m [34mDEBUG[0m [2mhyper::proto::h1::conn[0m[2m:[0m incoming body is content-length (45 bytes)
[2m2025-12-10T10:10:48.687160Z[0m [34mDEBUG[0m [2methereum_transaction_pool_monitor::eth_client[0m[2m:[0m 📨 Received WebSocket message: {"jsonrpc":"2.0","method":"eth_subscription","params":{"subscription":"0xbed0a0851463e895960a451075a301a9","result":"0x1a01407b216a2af410a4be5ee37561831aabb17ad687ee2f22c2794fea6bedb5"}}
[2m2025-12-10T10:10:48.687164Z[0m [34mDEBUG[0m [2mhyper::proto::h1::conn[0m[2m:[0m incoming body completed
[2m2025-12-10T10:10:48.687168Z[0m [34mDEBUG[0m [2methereum_transaction_pool_monitor::eth_client[0m[2m:[0m 📨 Received pending transaction: 0x1a01407b216a2af410a4be5ee37561831aabb17ad687ee2f22c2794fea6bedb5
[2m2025-12-10T10:10:48.687175Z[0m [34mDEBUG[0m [2mhyper::client::pool[0m[2m:[0m pooling idle connection for ("http", 192.168.0.14:8545)
[2m2025-12-10T10:10:48.691662Z[0m [34mDEBUG[0m [2mhyper::proto::h1::io[0m[2m:[0m parsed 4 headers
[2m2025-12-10T10:10:48.691691Z[0m [34mDEBUG[0m [2mhyper::proto::h1::conn[0m[2m:[0m incoming body is content-length (774 bytes)
[2m2025-12-10T10:10:48.691714Z[0m [34mDEBUG[0m [2mhyper::proto::h1::conn[0m[2m:[0m incoming body completed
[2m2025-12-10T10:10:48.691738Z[0m [34mDEBUG[0m [2mhyper::client::pool[0m[2m:[0m pooling idle connection for ("http", 192.168.0.14:8545)
[2m2025-12-10T10:10:48.691744Z[0m [34mDEBUG[0m [2methereum_transaction_pool_monitor::eth_client[0m[2m:[0m 📡 Transaction fetch RPC completed in 4.681791ms
[2m2025-12-10T10:10:48.762882Z[0m [34mDEBUG[0m [2methereum_transaction_pool_monitor::eth_client[0m[2m:[0m ✅ Transaction 0x96b257ccc254a02ea7c211defbf7b9d96abd1818147423c9f33d463e58756259 fetched and parsed in 75.817375ms
[2m2025-12-10T10:10:48.763592Z[0m [34mDEBUG[0m [2methereum_transaction_pool_monitor::mempool_monitor[0m[2m:[0m 🔍 Skipping tx 0x96b257ccc254a02ea7c211defbf7b9d96abd1818147423c9f33d463e58756259 - not a DEX interaction (target: 0xA0b86991c6218b36c1d19D4a2e9Eb0cE3606eB48)
[2m2025-12-10T10:10:48.763623Z[0m [34mDEBUG[0m [2methereum_transaction_pool_monitor::mempool_monitor[0m[2m:[0m 📨 Processing new pending transaction: 0xc8276755fefef7003406a4ac4aafdd78e1bbc1131b5d9a0428c815adb9258af5
[2m2025-12-10T10:10:48.763631Z[0m [34mDEBUG[0m [2methereum_transaction_pool_monitor::mempool_monitor[0m[2m:[0m 🔍 Fetching transaction details for: 0xc8276755fefef7003406a4ac4aafdd78e1bbc1131b5d9a0428c815adb9258af5
[2m2025-12-10T10:10:48.763639Z[0m [34mDEBUG[0m [2methereum_transaction_pool_monitor::eth_client[0m[2m:[0m 🔍 Fetching transaction details for hash: 0xc8276755fefef7003406a4ac4aafdd78e1bbc1131b5d9a0428c815adb9258af5
[2m2025-12-10T10:10:48.763665Z[0m [34mDEBUG[0m [2mhyper::client::pool[0m[2m:[0m reuse idle connection for ("http", 192.168.0.14:8545)
[2m2025-12-10T10:10:48.763713Z[0m [34mDEBUG[0m [2mhyper::proto::h1::io[0m[2m:[0m flushed 250 bytes
[2m2025-12-10T10:10:48.763750Z[0m [34mDEBUG[0m [2mhyper::client::pool[0m[2m:[0m reuse idle connection for ("http", 192.168.0.14:8545)
[2m2025-12-10T10:10:48.763764Z[0m [34mDEBUG[0m [2mhyper::proto::h1::io[0m[2m:[0m flushed 172 bytes
[2m2025-12-10T10:10:48.767706Z[0m [34mDEBUG[0m [2mhyper::proto::h1::io[0m[2m:[0m parsed 4 headers
[2m2025-12-10T10:10:48.767714Z[0m [34mDEBUG[0m [2mhyper::proto::h1::conn[0m[2m:[0m incoming body is content-length (45 bytes)
[2m2025-12-10T10:10:48.767721Z[0m [34mDEBUG[0m [2mhyper::proto::h1::conn[0m[2m:[0m incoming body completed
[2m2025-12-10T10:10:48.767728Z[0m [34mDEBUG[0m [2mhyper::client::pool[0m[2m:[0m pooling idle connection for ("http", 192.168.0.14:8545)
[2m2025-12-10T10:10:48.774017Z[0m [34mDEBUG[0m [2mhyper::proto::h1::io[0m[2m:[0m parsed 4 headers
[2m2025-12-10T10:10:48.774027Z[0m [34mDEBUG[0m [2mhyper::proto::h1::conn[0m[2m:[0m incoming body is content-length (772 bytes)
[2m2025-12-10T10:10:48.774032Z[0m [34mDEBUG[0m [2mhyper::proto::h1::conn[0m[2m:[0m incoming body completed
[2m2025-12-10T10:10:48.774039Z[0m [34mDEBUG[0m [2mhyper::client::pool[0m[2m:[0m pooling idle connection for ("http", 192.168.0.14:8545)
[2m2025-12-10T10:10:48.774045Z[0m [34mDEBUG[0m [2methereum_transaction_pool_monitor::eth_client[0m[2m:[0m 📡 Transaction fetch RPC completed in 10.40025ms
[2m2025-12-10T10:10:48.843565Z[0m [34mDEBUG[0m [2methereum_transaction_pool_monitor::eth_client[0m[2m:[0m ✅ Transaction 0xc8276755fefef7003406a4ac4aafdd78e1bbc1131b5d9a0428c815adb9258af5 fetched and parsed in 79.918042ms
[2m2025-12-10T10:10:48.843591Z[0m [34mDEBUG[0m [2methereum_transaction_pool_monitor::mempool_monitor[0m[2m:[0m 🔍 Skipping tx 0xc8276755fefef7003406a4ac4aafdd78e1bbc1131b5d9a0428c815adb9258af5 - not a DEX interaction (target: 0xec67005c4E498Ec7f55E092bd1d35cbC47C91892)
[2m2025-12-10T10:10:48.843602Z[0m [34mDEBUG[0m [2methereum_transaction_pool_monitor::mempool_monitor[0m[2m:[0m 📨 Processing new pending transaction: 0x1a01407b216a2af410a4be5ee37561831aabb17ad687ee2f22c2794fea6bedb5
[2m2025-12-10T10:10:48.843607Z[0m [34mDEBUG[0m [2methereum_transaction_pool_monitor::mempool_monitor[0m[2m:[0m 🔍 Fetching transaction details for: 0x1a01407b216a2af410a4be5ee37561831aabb17ad687ee2f22c2794fea6bedb5
[2m2025-12-10T10:10:48.843613Z[0m [34mDEBUG[0m [2methereum_transaction_pool_monitor::eth_client[0m[2m:[0m 🔍 Fetching transaction details for hash: 0x1a01407b216a2af410a4be5ee37561831aabb17ad687ee2f22c2794fea6bedb5
[2m2025-12-10T10:10:48.843630Z[0m [34mDEBUG[0m [2mhyper::client::pool[0m[2m:[0m reuse idle connection for ("http", 192.168.0.14:8545)
[2m2025-12-10T10:10:48.843910Z[0m [34mDEBUG[0m [2mhyper::proto::h1::io[0m[2m:[0m flushed 250 bytes
[2m2025-12-10T10:10:48.843931Z[0m [34mDEBUG[0m [2mhyper::client::pool[0m[2m:[0m reuse idle connection for ("http", 192.168.0.14:8545)
[2m2025-12-10T10:10:48.843944Z[0m [34mDEBUG[0m [2mhyper::proto::h1::io[0m[2m:[0m flushed 172 bytes
[2m2025-12-10T10:10:48.843971Z[0m [34mDEBUG[0m [2methereum_transaction_pool_monitor::eth_client[0m[2m:[0m 📨 Received WebSocket message: {"jsonrpc":"2.0","method":"eth_subscription","params":{"subscription":"0xbed0a0851463e895960a451075a301a9","result":"0xe3c1c24f5bf5000b6932cf08f0c9bb439a2c9955d732ddbea2cc96062024805c"}}
[2m2025-12-10T10:10:48.843978Z[0m [34mDEBUG[0m [2methereum_transaction_pool_monitor::eth_client[0m[2m:[0m 📨 Received pending transaction: 0xe3c1c24f5bf5000b6932cf08f0c9bb439a2c9955d732ddbea2cc96062024805c
[2m2025-12-10T10:10:48.843983Z[0m [34mDEBUG[0m [2methereum_transaction_pool_monitor::eth_client[0m[2m:[0m 📨 Received WebSocket message: {"jsonrpc":"2.0","method":"eth_subscription","params":{"subscription":"0xbed0a0851463e895960a451075a301a9","result":"0x030f75ab2b8fce6cdbf0d97e10001fea8332dd0946ff9b981f905c1ef5dfd87d"}}
[2m2025-12-10T10:10:48.843988Z[0m [34mDEBUG[0m [2methereum_transaction_pool_monitor::eth_client[0m[2m:[0m 📨 Received pending transaction: 0x030f75ab2b8fce6cdbf0d97e10001fea8332dd0946ff9b981f905c1ef5dfd87d
[2m2025-12-10T10:10:48.849746Z[0m [34mDEBUG[0m [2mhyper::proto::h1::io[0m[2m:[0m parsed 4 headers
[2m2025-12-10T10:10:48.849758Z[0m [34mDEBUG[0m [2mhyper::proto::h1::conn[0m[2m:[0m incoming body is content-length (5199 bytes)
[2m2025-12-10T10:10:48.849768Z[0m [34mDEBUG[0m [2mhyper::proto::h1::conn[0m[2m:[0m incoming body completed
[2m2025-12-10T10:10:48.849779Z[0m [34mDEBUG[0m [2mhyper::client::pool[0m[2m:[0m pooling idle connection for ("http", 192.168.0.14:8545)
[2m2025-12-10T10:10:48.849786Z[0m [34mDEBUG[0m [2methereum_transaction_pool_monitor::eth_client[0m[2m:[0m 📡 Transaction fetch RPC completed in 6.168792ms
[2m2025-12-10T10:10:48.921420Z[0m [34mDEBUG[0m [2methereum_transaction_pool_monitor::eth_client[0m[2m:[0m ✅ Transaction 0x1a01407b216a2af410a4be5ee37561831aabb17ad687ee2f22c2794fea6bedb5 fetched and parsed in 77.800792ms
[2m2025-12-10T10:10:48.921443Z[0m [34mDEBUG[0m [2methereum_transaction_pool_monitor::mempool_monitor[0m[2m:[0m 🔍 Skipping tx 0x1a01407b216a2af410a4be5ee37561831aabb17ad687ee2f22c2794fea6bedb5 - not a DEX interaction (target: 0xF6801D319497789f934ec7F83E142a9536312B08)
[2m2025-12-10T10:10:48.921452Z[0m [34mDEBUG[0m [2methereum_transaction_pool_monitor::mempool_monitor[0m[2m:[0m 📨 Processing new pending transaction: 0xe3c1c24f5bf5000b6932cf08f0c9bb439a2c9955d732ddbea2cc96062024805c
[2m2025-12-10T10:10:48.921456Z[0m [34mDEBUG[0m [2methereum_transaction_pool_monitor::mempool_monitor[0m[2m:[0m 🔍 Fetching transaction details for: 0xe3c1c24f5bf5000b6932cf08f0c9bb439a2c9955d732ddbea2cc96062024805c
[2m2025-12-10T10:10:48.921460Z[0m [34mDEBUG[0m [2methereum_transaction_pool_monitor::eth_client[0m[2m:[0m 🔍 Fetching transaction details for hash: 0xe3c1c24f5bf5000b6932cf08f0c9bb439a2c9955d732ddbea2cc96062024805c
[2m2025-12-10T10:10:48.921477Z[0m [34mDEBUG[0m [2mhyper::client::pool[0m[2m:[0m reuse idle connection for ("http", 192.168.0.14:8545)
[2m2025-12-10T10:10:48.921521Z[0m [34mDEBUG[0m [2mhyper::proto::h1::io[0m[2m:[0m flushed 250 bytes
[2m2025-12-10T10:10:48.921543Z[0m [34mDEBUG[0m [2methereum_transaction_pool_monitor::eth_client[0m[2m:[0m 📨 Received WebSocket message: {"jsonrpc":"2.0","method":"eth_subscription","params":{"subscription":"0xbed0a0851463e895960a451075a301a9","result":"0x7bd70de3ad53f658b5c6fcbebd7904bcb785153e558f86770be87ff92fe5e796"}}
[2m2025-12-10T10:10:48.921544Z[0m [34mDEBUG[0m [2mhyper::proto::h1::io[0m[2m:[0m parsed 4 headers
[2m2025-12-10T10:10:48.921551Z[0m [34mDEBUG[0m [2methereum_transaction_pool_monitor::eth_client[0m[2m:[0m 📨 Received pending transaction: 0x7bd70de3ad53f658b5c6fcbebd7904bcb785153e558f86770be87ff92fe5e796
[2m2025-12-10T10:10:48.921553Z[0m [34mDEBUG[0m [2mhyper::proto::h1::conn[0m[2m:[0m incoming body is content-length (45 bytes)
[2m2025-12-10T10:10:48.921563Z[0m [34mDEBUG[0m [2mhyper::proto::h1::conn[0m[2m:[0m incoming body completed
[2m2025-12-10T10:10:48.921572Z[0m [34mDEBUG[0m [2mhyper::client::pool[0m[2m:[0m pooling idle connection for ("http", 192.168.0.14:8545)
[2m2025-12-10T10:10:48.921586Z[0m [34mDEBUG[0m [2mhyper::client::pool[0m[2m:[0m reuse idle connection for ("http", 192.168.0.14:8545)
[2m2025-12-10T10:10:48.921602Z[0m [34mDEBUG[0m [2mhyper::proto::h1::io[0m[2m:[0m flushed 172 bytes
[2m2025-12-10T10:10:48.926078Z[0m [34mDEBUG[0m [2mhyper::proto::h1::io[0m[2m:[0m parsed 4 headers
[2m2025-12-10T10:10:48.926085Z[0m [34mDEBUG[0m [2mhyper::proto::h1::conn[0m[2m:[0m incoming body is content-length (706 bytes)
[2m2025-12-10T10:10:48.926091Z[0m [34mDEBUG[0m [2mhyper::proto::h1::conn[0m[2m:[0m incoming body completed
[2m2025-12-10T10:10:48.926097Z[0m [34mDEBUG[0m [2mhyper::client::pool[0m[2m:[0m pooling idle connection for ("http", 192.168.0.14:8545)
[2m2025-12-10T10:10:48.926103Z[0m [34mDEBUG[0m [2methereum_transaction_pool_monitor::eth_client[0m[2m:[0m 📡 Transaction fetch RPC completed in 4.639125ms
[2m2025-12-10T10:10:49.000303Z[0m [34mDEBUG[0m [2methereum_transaction_pool_monitor::eth_client[0m[2m:[0m ✅ Transaction 0xe3c1c24f5bf5000b6932cf08f0c9bb439a2c9955d732ddbea2cc96062024805c fetched and parsed in 78.83625ms
[2m2025-12-10T10:10:49.000325Z[0m [34mDEBUG[0m [2methereum_transaction_pool_monitor::mempool_monitor[0m[2m:[0m 🔍 Skipping tx 0xe3c1c24f5bf5000b6932cf08f0c9bb439a2c9955d732ddbea2cc96062024805c - not a DEX interaction (target: 0x7f39C581F595B53c5cb19bD0b3f8dA6c935E2Ca0)
[2m2025-12-10T10:10:49.000334Z[0m [34mDEBUG[0m [2methereum_transaction_pool_monitor::mempool_monitor[0m[2m:[0m 📨 Processing new pending transaction: 0x030f75ab2b8fce6cdbf0d97e10001fea8332dd0946ff9b981f905c1ef5dfd87d
[2m2025-12-10T10:10:49.000338Z[0m [34mDEBUG[0m [2methereum_transaction_pool_monitor::mempool_monitor[0m[2m:[0m 🔍 Fetching transaction details for: 0x030f75ab2b8fce6cdbf0d97e10001fea8332dd0946ff9b981f905c1ef5dfd87d
[2m2025-12-10T10:10:49.000341Z[0m [34mDEBUG[0m [2methereum_transaction_pool_monitor::eth_client[0m[2m:[0m 🔍 Fetching transaction details for hash: 0x030f75ab2b8fce6cdbf0d97e10001fea8332dd0946ff9b981f905c1ef5dfd87d
[2m2025-12-10T10:10:49.000364Z[0m [34mDEBUG[0m [2mhyper::client::pool[0m[2m:[0m reuse idle connection for ("http", 192.168.0.14:8545)
[2m2025-12-10T10:10:49.000401Z[0m [34mDEBUG[0m [2mhyper::proto::h1::io[0m[2m:[0m flushed 250 bytes
[2m2025-12-10T10:10:49.000424Z[0m [34mDEBUG[0m [2methereum_transaction_pool_monitor::eth_client[0m[2m:[0m 📨 Received WebSocket message: {"jsonrpc":"2.0","method":"eth_subscription","params":{"subscription":"0xbed0a0851463e895960a451075a301a9","result":"0x9d65dc189841fb2fde3e7a8393c0e27f15d058ea71b5358145c34fd3cdd798f8"}}
[2m2025-12-10T10:10:49.000428Z[0m [34mDEBUG[0m [2mhyper::proto::h1::io[0m[2m:[0m parsed 4 headers
[2m2025-12-10T10:10:49.000432Z[0m [34mDEBUG[0m [2methereum_transaction_pool_monitor::eth_client[0m[2m:[0m 📨 Received pending transaction: 0x9d65dc189841fb2fde3e7a8393c0e27f15d058ea71b5358145c34fd3cdd798f8
[2m2025-12-10T10:10:49.000438Z[0m [34mDEBUG[0m [2mhyper::proto::h1::conn[0m[2m:[0m incoming body is content-length (45 bytes)
[2m2025-12-10T10:10:49.000448Z[0m [34mDEBUG[0m [2mhyper::proto::h1::conn[0m[2m:[0m incoming body completed
[2m2025-12-10T10:10:49.000456Z[0m [34mDEBUG[0m [2mhyper::client::pool[0m[2m:[0m pooling idle connection for ("http", 192.168.0.14:8545)
[2m2025-12-10T10:10:49.000473Z[0m [34mDEBUG[0m [2mhyper::client::pool[0m[2m:[0m reuse idle connection for ("http", 192.168.0.14:8545)
[2m2025-12-10T10:10:49.000489Z[0m [34mDEBUG[0m [2mhyper::proto::h1::io[0m[2m:[0m flushed 172 bytes
[2m2025-12-10T10:10:49.005478Z[0m [34mDEBUG[0m [2mhyper::proto::h1::io[0m[2m:[0m parsed 4 headers
[2m2025-12-10T10:10:49.005492Z[0m [34mDEBUG[0m [2mhyper::proto::h1::conn[0m[2m:[0m incoming body is content-length (45 bytes)
[2m2025-12-10T10:10:49.005499Z[0m [34mDEBUG[0m [2mhyper::proto::h1::conn[0m[2m:[0m incoming body completed
[2m2025-12-10T10:10:49.005508Z[0m [34mDEBUG[0m [2mhyper::client::pool[0m[2m:[0m pooling idle connection for ("http", 192.168.0.14:8545)
[2m2025-12-10T10:10:49.008268Z[0m [34mDEBUG[0m [2mhyper::proto::h1::io[0m[2m:[0m parsed 4 headers
[2m2025-12-10T10:10:49.008274Z[0m [34mDEBUG[0m [2mhyper::proto::h1::conn[0m[2m:[0m incoming body is content-length (771 bytes)
[2m2025-12-10T10:10:49.008279Z[0m [34mDEBUG[0m [2mhyper::proto::h1::conn[0m[2m:[0m incoming body completed
[2m2025-12-10T10:10:49.008286Z[0m [34mDEBUG[0m [2mhyper::client::pool[0m[2m:[0m pooling idle connection for ("http", 192.168.0.14:8545)
[2m2025-12-10T10:10:49.008291Z[0m [34mDEBUG[0m [2methereum_transaction_pool_monitor::eth_client[0m[2m:[0m 📡 Transaction fetch RPC completed in 7.946ms
[2m2025-12-10T10:10:49.008306Z[0m [34mDEBUG[0m [2methereum_transaction_pool_monitor::eth_client[0m[2m:[0m DeFi transaction detected - Address: 0xdac17f958d2ee523a2206206994597c13d831ec7, Type: Stablecoin, Value: 0 ETH, Gas: 0.32 Gwei
[2m2025-12-10T10:10:49.008317Z[0m [34mDEBUG[0m [2methereum_transaction_pool_monitor::eth_client[0m[2m:[0m ✅ Transaction 0x030f75ab2b8fce6cdbf0d97e10001fea8332dd0946ff9b981f905c1ef5dfd87d fetched and parsed in 7.971917ms
[2m2025-12-10T10:10:49.008322Z[0m [34mDEBUG[0m [2methereum_transaction_pool_monitor::mempool_monitor[0m[2m:[0m 🔍 Skipping tx 0x030f75ab2b8fce6cdbf0d97e10001fea8332dd0946ff9b981f905c1ef5dfd87d - not a DEX interaction (target: 0xdAC17F958D2ee523a2206206994597C13D831ec7)
[2m2025-12-10T10:10:49.008329Z[0m [34mDEBUG[0m [2methereum_transaction_pool_monitor::mempool_monitor[0m[2m:[0m 📨 Processing new pending transaction: 0x7bd70de3ad53f658b5c6fcbebd7904bcb785153e558f86770be87ff92fe5e796
[2m2025-12-10T10:10:49.008333Z[0m [34mDEBUG[0m [2methereum_transaction_pool_monitor::mempool_monitor[0m[2m:[0m 🔍 Fetching transaction details for: 0x7bd70de3ad53f658b5c6fcbebd7904bcb785153e558f86770be87ff92fe5e796
[2m2025-12-10T10:10:49.008337Z[0m [34mDEBUG[0m [2methereum_transaction_pool_monitor::eth_client[0m[2m:[0m 🔍 Fetching transaction details for hash: 0x7bd70de3ad53f658b5c6fcbebd7904bcb785153e558f86770be87ff92fe5e796
[2m2025-12-10T10:10:49.008350Z[0m [34mDEBUG[0m [2mhyper::client::pool[0m[2m:[0m reuse idle connection for ("http", 192.168.0.14:8545)
[2m2025-12-10T10:10:49.008367Z[0m [34mDEBUG[0m [2mhyper::proto::h1::io[0m[2m:[0m flushed 250 bytes
[2m2025-12-10T10:10:49.012216Z[0m [34mDEBUG[0m [2mhyper::proto::h1::io[0m[2m:[0m parsed 4 headers
[2m2025-12-10T10:10:49.012230Z[0m [34mDEBUG[0m [2mhyper::proto::h1::conn[0m[2m:[0m incoming body is content-length (644 bytes)
[2m2025-12-10T10:10:49.012238Z[0m [34mDEBUG[0m [2mhyper::proto::h1::conn[0m[2m:[0m incoming body completed
[2m2025-12-10T10:10:49.012247Z[0m [34mDEBUG[0m [2mhyper::client::pool[0m[2m:[0m pooling idle connection for ("http", 192.168.0.14:8545)
[2m2025-12-10T10:10:49.012254Z[0m [34mDEBUG[0m [2methereum_transaction_pool_monitor::eth_client[0m[2m:[0m 📡 Transaction fetch RPC completed in 3.913917ms
[2m2025-12-10T10:10:49.083662Z[0m [34mDEBUG[0m [2methereum_transaction_pool_monitor::eth_client[0m[2m:[0m ✅ Transaction 0x7bd70de3ad53f658b5c6fcbebd7904bcb785153e558f86770be87ff92fe5e796 fetched and parsed in 75.318459ms
[2m2025-12-10T10:10:49.083693Z[0m [34mDEBUG[0m [2methereum_transaction_pool_monitor::mempool_monitor[0m[2m:[0m 🔍 Skipping tx 0x7bd70de3ad53f658b5c6fcbebd7904bcb785153e558f86770be87ff92fe5e796 - not a DEX interaction (target: 0xDc4aFF0bDd9a4653Ab98680bAaAc88433D59AbAE)
[2m2025-12-10T10:10:49.083707Z[0m [34mDEBUG[0m [2methereum_transaction_pool_monitor::mempool_monitor[0m[2m:[0m 📨 Processing new pending transaction: 0x9d65dc189841fb2fde3e7a8393c0e27f15d058ea71b5358145c34fd3cdd798f8
[2m2025-12-10T10:10:49.083714Z[0m [34mDEBUG[0m [2methereum_transaction_pool_monitor::mempool_monitor[0m[2m:[0m 🔍 Fetching transaction details for: 0x9d65dc189841fb2fde3e7a8393c0e27f15d058ea71b5358145c34fd3cdd798f8
[2m2025-12-10T10:10:49.083718Z[0m [34mDEBUG[0m [2methereum_transaction_pool_monitor::eth_client[0m[2m:[0m 🔍 Fetching transaction details for hash: 0x9d65dc189841fb2fde3e7a8393c0e27f15d058ea71b5358145c34fd3cdd798f8
[2m2025-12-10T10:10:49.083743Z[0m [34mDEBUG[0m [2mhyper::client::pool[0m[2m:[0m reuse idle connection for ("http", 192.168.0.14:8545)
[2m2025-12-10T10:10:49.083780Z[0m [34mDEBUG[0m [2mhyper::proto::h1::io[0m[2m:[0m flushed 250 bytes
[2m2025-12-10T10:10:49.087406Z[0m [34mDEBUG[0m [2mhyper::proto::h1::io[0m[2m:[0m parsed 4 headers
[2m2025-12-10T10:10:49.087417Z[0m [34mDEBUG[0m [2mhyper::proto::h1::conn[0m[2m:[0m incoming body is content-length (1218 bytes)
[2m2025-12-10T10:10:49.087426Z[0m [34mDEBUG[0m [2mhyper::proto::h1::conn[0m[2m:[0m incoming body completed
[2m2025-12-10T10:10:49.087437Z[0m [34mDEBUG[0m [2mhyper::client::pool[0m[2m:[0m pooling idle connection for ("http", 192.168.0.14:8545)
[2m2025-12-10T10:10:49.087444Z[0m [34mDEBUG[0m [2methereum_transaction_pool_monitor::eth_client[0m[2m:[0m 📡 Transaction fetch RPC completed in 3.722625ms
[2m2025-12-10T10:10:49.159447Z[0m [34mDEBUG[0m [2methereum_transaction_pool_monitor::eth_client[0m[2m:[0m ✅ Transaction 0x9d65dc189841fb2fde3e7a8393c0e27f15d058ea71b5358145c34fd3cdd798f8 fetched and parsed in 75.723041ms
[2m2025-12-10T10:10:49.159479Z[0m [34mDEBUG[0m [2methereum_transaction_pool_monitor::mempool_monitor[0m[2m:[0m 🔍 Skipping tx 0x9d65dc189841fb2fde3e7a8393c0e27f15d058ea71b5358145c34fd3cdd798f8 - not a DEX interaction (target: 0xF6801D319497789f934ec7F83E142a9536312B08)
[2m2025-12-10T10:10:49.159520Z[0m [34mDEBUG[0m [2mhyper::client::pool[0m[2m:[0m reuse idle connection for ("http", 192.168.0.14:8545)
[2m2025-12-10T10:10:49.159547Z[0m [34mDEBUG[0m [2mhyper::proto::h1::io[0m[2m:[0m flushed 172 bytes
[2m2025-12-10T10:10:49.159563Z[0m [34mDEBUG[0m [2methereum_transaction_pool_monitor::eth_client[0m[2m:[0m 📨 Received WebSocket message: {"jsonrpc":"2.0","method":"eth_subscription","params":{"subscription":"0xbed0a0851463e895960a451075a301a9","result":"0x552fb88782e403a8afc3c29e47a0e4aaf4550615c33fb8b993ae56ad9d817cd1"}}
[2m2025-12-10T10:10:49.159575Z[0m [34mDEBUG[0m [2methereum_transaction_pool_monitor::eth_client[0m[2m:[0m 📨 Received pending transaction: 0x552fb88782e403a8afc3c29e47a0e4aaf4550615c33fb8b993ae56ad9d817cd1
[2m2025-12-10T10:10:49.159581Z[0m [34mDEBUG[0m [2methereum_transaction_pool_monitor::eth_client[0m[2m:[0m 📨 Received WebSocket message: {"jsonrpc":"2.0","method":"eth_subscription","params":{"subscription":"0xbed0a0851463e895960a451075a301a9","result":"0x4c111878a9c2a8073d4c3b1f4431e0e92e890ac239cbc782d8c4dfc57916c8ae"}}
[2m2025-12-10T10:10:49.159587Z[0m [34mDEBUG[0m [2methereum_transaction_pool_monitor::eth_client[0m[2m:[0m 📨 Received pending transaction: 0x4c111878a9c2a8073d4c3b1f4431e0e92e890ac239cbc782d8c4dfc57916c8ae
[2m2025-12-10T10:10:49.159591Z[0m [34mDEBUG[0m [2methereum_transaction_pool_monitor::eth_client[0m[2m:[0m 📨 Received WebSocket message: {"jsonrpc":"2.0","method":"eth_subscription","params":{"subscription":"0xbed0a0851463e895960a451075a301a9","result":"0x24cf941f6e2125118e7e1ae09e96a301d6a718715104484c53090ffa8fe30295"}}
[2m2025-12-10T10:10:49.159598Z[0m [34mDEBUG[0m [2methereum_transaction_pool_monitor::eth_client[0m[2m:[0m 📨 Received pending transaction: 0x24cf941f6e2125118e7e1ae09e96a301d6a718715104484c53090ffa8fe30295
[2m2025-12-10T10:10:49.159604Z[0m [34mDEBUG[0m [2methereum_transaction_pool_monitor::mempool_monitor[0m[2m:[0m 📨 Processing new pending transaction: 0x552fb88782e403a8afc3c29e47a0e4aaf4550615c33fb8b993ae56ad9d817cd1
[2m2025-12-10T10:10:49.159844Z[0m [34mDEBUG[0m [2methereum_transaction_pool_monitor::mempool_monitor[0m[2m:[0m 🔍 Fetching transaction details for: 0x552fb88782e403a8afc3c29e47a0e4aaf4550615c33fb8b993ae56ad9d817cd1
[2m2025-12-10T10:10:49.159849Z[0m [34mDEBUG[0m [2methereum_transaction_pool_monitor::eth_client[0m[2m:[0m 🔍 Fetching transaction details for hash: 0x552fb88782e403a8afc3c29e47a0e4aaf4550615c33fb8b993ae56ad9d817cd1
[2m2025-12-10T10:10:49.159859Z[0m [34mDEBUG[0m [2mhyper::client::pool[0m[2m:[0m reuse idle connection for ("http", 192.168.0.14:8545)
[2m2025-12-10T10:10:49.159873Z[0m [34mDEBUG[0m [2mhyper::proto::h1::io[0m[2m:[0m flushed 250 bytes
[2m2025-12-10T10:10:49.163358Z[0m [34mDEBUG[0m [2mhyper::proto::h1::io[0m[2m:[0m parsed 4 headers
[2m2025-12-10T10:10:49.163384Z[0m [34mDEBUG[0m [2mhyper::proto::h1::conn[0m[2m:[0m incoming body is content-length (45 bytes)
[2m2025-12-10T10:10:49.163408Z[0m [34mDEBUG[0m [2mhyper::proto::h1::conn[0m[2m:[0m incoming body completed
[2m2025-12-10T10:10:49.163434Z[0m [34mDEBUG[0m [2mhyper::client::pool[0m[2m:[0m pooling idle connection for ("http", 192.168.0.14:8545)
[2m2025-12-10T10:10:49.165450Z[0m [34mDEBUG[0m [2mhyper::proto::h1::io[0m[2m:[0m parsed 4 headers
[2m2025-12-10T10:10:49.165455Z[0m [34mDEBUG[0m [2mhyper::proto::h1::conn[0m[2m:[0m incoming body is content-length (646 bytes)
[2m2025-12-10T10:10:49.165461Z[0m [34mDEBUG[0m [2mhyper::proto::h1::conn[0m[2m:[0m incoming body completed
[2m2025-12-10T10:10:49.165467Z[0m [34mDEBUG[0m [2mhyper::client::pool[0m[2m:[0m pooling idle connection for ("http", 192.168.0.14:8545)
[2m2025-12-10T10:10:49.165472Z[0m [34mDEBUG[0m [2methereum_transaction_pool_monitor::eth_client[0m[2m:[0m 📡 Transaction fetch RPC completed in 5.620333ms
[2m2025-12-10T10:10:49.236795Z[0m [34mDEBUG[0m [2methereum_transaction_pool_monitor::eth_client[0m[2m:[0m ✅ Transaction 0x552fb88782e403a8afc3c29e47a0e4aaf4550615c33fb8b993ae56ad9d817cd1 fetched and parsed in 76.940958ms
[2m2025-12-10T10:10:49.236828Z[0m [34mDEBUG[0m [2methereum_transaction_pool_monitor::mempool_monitor[0m[2m:[0m 🔍 Skipping tx 0x552fb88782e403a8afc3c29e47a0e4aaf4550615c33fb8b993ae56ad9d817cd1 - not a DEX interaction (target: 0xA26148AE51fa8E787DF319C04137602Cc018b521)
[2m2025-12-10T10:10:49.236845Z[0m [34mDEBUG[0m [2methereum_transaction_pool_monitor::mempool_monitor[0m[2m:[0m 📨 Processing new pending transaction: 0x4c111878a9c2a8073d4c3b1f4431e0e92e890ac239cbc782d8c4dfc57916c8ae
[2m2025-12-10T10:10:49.236853Z[0m [34mDEBUG[0m [2methereum_transaction_pool_monitor::mempool_monitor[0m[2m:[0m 🔍 Fetching transaction details for: 0x4c111878a9c2a8073d4c3b1f4431e0e92e890ac239cbc782d8c4dfc57916c8ae
[2m2025-12-10T10:10:49.236859Z[0m [34mDEBUG[0m [2methereum_transaction_pool_monitor::eth_client[0m[2m:[0m 🔍 Fetching transaction details for hash: 0x4c111878a9c2a8073d4c3b1f4431e0e92e890ac239cbc782d8c4dfc57916c8ae
[2m2025-12-10T10:10:49.236880Z[0m [34mDEBUG[0m [2mhyper::client::pool[0m[2m:[0m reuse idle connection for ("http", 192.168.0.14:8545)
[2m2025-12-10T10:10:49.236921Z[0m [34mDEBUG[0m [2mhyper::proto::h1::io[0m[2m:[0m flushed 250 bytes
[2m2025-12-10T10:10:49.236941Z[0m [34mDEBUG[0m [2mhyper::client::pool[0m[2m:[0m reuse idle connection for ("http", 192.168.0.14:8545)
[2m2025-12-10T10:10:49.236955Z[0m [34mDEBUG[0m [2methereum_transaction_pool_monitor::eth_client[0m[2m:[0m 📨 Received WebSocket message: {"jsonrpc":"2.0","method":"eth_subscription","params":{"subscription":"0xbed0a0851463e895960a451075a301a9","result":"0x73723a13d52d492d0c74a00a5d718c60655e16c94aa619654bc3e747a37fcd5f"}}
[2m2025-12-10T10:10:49.236956Z[0m [34mDEBUG[0m [2mhyper::proto::h1::io[0m[2m:[0m flushed 172 bytes
[2m2025-12-10T10:10:49.236970Z[0m [34mDEBUG[0m [2methereum_transaction_pool_monitor::eth_client[0m[2m:[0m 📨 Received pending transaction: 0x73723a13d52d492d0c74a00a5d718c60655e16c94aa619654bc3e747a37fcd5f
[2m2025-12-10T10:10:49.240566Z[0m [34mDEBUG[0m [2mhyper::proto::h1::io[0m[2m:[0m parsed 4 headers
[2m2025-12-10T10:10:49.240574Z[0m [34mDEBUG[0m [2mhyper::proto::h1::conn[0m[2m:[0m incoming body is content-length (45 bytes)
[2m2025-12-10T10:10:49.240581Z[0m [34mDEBUG[0m [2mhyper::proto::h1::conn[0m[2m:[0m incoming body completed
[2m2025-12-10T10:10:49.240589Z[0m [34mDEBUG[0m [2mhyper::client::pool[0m[2m:[0m pooling idle connection for ("http", 192.168.0.14:8545)
[2m2025-12-10T10:10:49.241283Z[0m [34mDEBUG[0m [2mhyper::proto::h1::io[0m[2m:[0m parsed 4 headers
[2m2025-12-10T10:10:49.241289Z[0m [34mDEBUG[0m [2mhyper::proto::h1::conn[0m[2m:[0m incoming body is content-length (778 bytes)
[2m2025-12-10T10:10:49.241294Z[0m [34mDEBUG[0m [2mhyper::proto::h1::conn[0m[2m:[0m incoming body completed
[2m2025-12-10T10:10:49.241300Z[0m [34mDEBUG[0m [2mhyper::client::pool[0m[2m:[0m pooling idle connection for ("http", 192.168.0.14:8545)
[2m2025-12-10T10:10:49.241304Z[0m [34mDEBUG[0m [2methereum_transaction_pool_monitor::eth_client[0m[2m:[0m 📡 Transaction fetch RPC completed in 4.44ms
[2m2025-12-10T10:10:49.312570Z[0m [34mDEBUG[0m [2methereum_transaction_pool_monitor::eth_client[0m[2m:[0m ✅ Transaction 0x4c111878a9c2a8073d4c3b1f4431e0e92e890ac239cbc782d8c4dfc57916c8ae fetched and parsed in 75.703042ms
[2m2025-12-10T10:10:49.312596Z[0m [34mDEBUG[0m [2methereum_transaction_pool_monitor::mempool_monitor[0m[2m:[0m 🔍 Skipping tx 0x4c111878a9c2a8073d4c3b1f4431e0e92e890ac239cbc782d8c4dfc57916c8ae - not a DEX interaction (target: 0xec53bF9167f50cDEB3Ae105f56099aaaB9061F83)
[2m2025-12-10T10:10:49.312605Z[0m [34mDEBUG[0m [2methereum_transaction_pool_monitor::mempool_monitor[0m[2m:[0m 📨 Processing new pending transaction: 0x24cf941f6e2125118e7e1ae09e96a301d6a718715104484c53090ffa8fe30295
[2m2025-12-10T10:10:49.312611Z[0m [34mDEBUG[0m [2methereum_transaction_pool_monitor::mempool_monitor[0m[2m:[0m 🔍 Fetching transaction details for: 0x24cf941f6e2125118e7e1ae09e96a301d6a718715104484c53090ffa8fe30295
[2m2025-12-10T10:10:49.312616Z[0m [34mDEBUG[0m [2methereum_transaction_pool_monitor::eth_client[0m[2m:[0m 🔍 Fetching transaction details for hash: 0x24cf941f6e2125118e7e1ae09e96a301d6a718715104484c53090ffa8fe30295
[2m2025-12-10T10:10:49.312635Z[0m [34mDEBUG[0m [2mhyper::client::pool[0m[2m:[0m reuse idle connection for ("http", 192.168.0.14:8545)
[2m2025-12-10T10:10:49.312684Z[0m [34mDEBUG[0m [2mhyper::proto::h1::io[0m[2m:[0m flushed 250 bytes
[2m2025-12-10T10:10:49.312704Z[0m [34mDEBUG[0m [2mhyper::client::pool[0m[2m:[0m reuse idle connection for ("http", 192.168.0.14:8545)
[2m2025-12-10T10:10:49.312717Z[0m [34mDEBUG[0m [2mhyper::proto::h1::io[0m[2m:[0m flushed 172 bytes
[2m2025-12-10T10:10:49.312733Z[0m [34mDEBUG[0m [2methereum_transaction_pool_monitor::eth_client[0m[2m:[0m 📨 Received WebSocket message: {"jsonrpc":"2.0","method":"eth_subscription","params":{"subscription":"0xbed0a0851463e895960a451075a301a9","result":"0xa1719ba85421a5ec04e6374eae9061fa6c92268560be7aa9e5a7c097768d2ebe"}}
[2m2025-12-10T10:10:49.312741Z[0m [34mDEBUG[0m [2methereum_transaction_pool_monitor::eth_client[0m[2m:[0m 📨 Received pending transaction: 0xa1719ba85421a5ec04e6374eae9061fa6c92268560be7aa9e5a7c097768d2ebe
[2m2025-12-10T10:10:49.316039Z[0m [34mDEBUG[0m [2mhyper::proto::h1::io[0m[2m:[0m parsed 4 headers
[2m2025-12-10T10:10:49.316173Z[0m [34mDEBUG[0m [2mhyper::proto::h1::conn[0m[2m:[0m incoming body is content-length (45 bytes)
[2m2025-12-10T10:10:49.316183Z[0m [34mDEBUG[0m [2mhyper::proto::h1::conn[0m[2m:[0m incoming body completed
[2m2025-12-10T10:10:49.316193Z[0m [34mDEBUG[0m [2mhyper::client::pool[0m[2m:[0m pooling idle connection for ("http", 192.168.0.14:8545)
[2m2025-12-10T10:10:49.317054Z[0m [34mDEBUG[0m [2mhyper::proto::h1::io[0m[2m:[0m parsed 4 headers
[2m2025-12-10T10:10:49.320982Z[0m [34mDEBUG[0m [2mhyper::proto::h1::conn[0m[2m:[0m incoming body is content-length (638 bytes)
[2m2025-12-10T10:10:49.320992Z[0m [34mDEBUG[0m [2mhyper::proto::h1::conn[0m[2m:[0m incoming body completed
[2m2025-12-10T10:10:49.321000Z[0m [34mDEBUG[0m [2mhyper::client::pool[0m[2m:[0m pooling idle connection for ("http", 192.168.0.14:8545)
[2m2025-12-10T10:10:49.321006Z[0m [34mDEBUG[0m [2methereum_transaction_pool_monitor::eth_client[0m[2m:[0m 📡 Transaction fetch RPC completed in 8.385542ms
[2m2025-12-10T10:10:49.393041Z[0m [34mDEBUG[0m [2methereum_transaction_pool_monitor::eth_client[0m[2m:[0m ✅ Transaction 0x24cf941f6e2125118e7e1ae09e96a301d6a718715104484c53090ffa8fe30295 fetched and parsed in 80.417792ms
[2m2025-12-10T10:10:49.393065Z[0m [34mDEBUG[0m [2methereum_transaction_pool_monitor::mempool_monitor[0m[2m:[0m 🔍 Skipping tx 0x24cf941f6e2125118e7e1ae09e96a301d6a718715104484c53090ffa8fe30295 - not a DEX interaction (target: 0x45118b56D5066A6352D78D15f795CFab33C4DEF3)
[2m2025-12-10T10:10:49.393077Z[0m [34mDEBUG[0m [2methereum_transaction_pool_monitor::mempool_monitor[0m[2m:[0m 📨 Processing new pending transaction: 0x73723a13d52d492d0c74a00a5d718c60655e16c94aa619654bc3e747a37fcd5f
[2m2025-12-10T10:10:49.393082Z[0m [34mDEBUG[0m [2methereum_transaction_pool_monitor::mempool_monitor[0m[2m:[0m 🔍 Fetching transaction details for: 0x73723a13d52d492d0c74a00a5d718c60655e16c94aa619654bc3e747a37fcd5f
[2m2025-12-10T10:10:49.393086Z[0m [34mDEBUG[0m [2methereum_transaction_pool_monitor::eth_client[0m[2m:[0m 🔍 Fetching transaction details for hash: 0x73723a13d52d492d0c74a00a5d718c60655e16c94aa619654bc3e747a37fcd5f
[2m2025-12-10T10:10:49.393109Z[0m [34mDEBUG[0m [2mhyper::client::pool[0m[2m:[0m reuse idle connection for ("http", 192.168.0.14:8545)
[2m2025-12-10T10:10:49.393150Z[0m [34mDEBUG[0m [2mhyper::proto::h1::io[0m[2m:[0m flushed 250 bytes
[2m2025-12-10T10:10:49.393170Z[0m [34mDEBUG[0m [2methereum_transaction_pool_monitor::eth_client[0m[2m:[0m 📨 Received WebSocket message: {"jsonrpc":"2.0","method":"eth_subscription","params":{"subscription":"0xbed0a0851463e895960a451075a301a9","result":"0xa2795686bee463cf33843c0d76f774a89e9a8f87e7bd9a0b5055db32d7297670"}}
[2m2025-12-10T10:10:49.393178Z[0m [34mDEBUG[0m [2methereum_transaction_pool_monitor::eth_client[0m[2m:[0m 📨 Received pending transaction: 0xa2795686bee463cf33843c0d76f774a89e9a8f87e7bd9a0b5055db32d7297670
[2m2025-12-10T10:10:49.397340Z[0m [34mDEBUG[0m [2mhyper::client::pool[0m[2m:[0m reuse idle connection for ("http", 192.168.0.14:8545)
[2m2025-12-10T10:10:49.397382Z[0m [34mDEBUG[0m [2mhyper::proto::h1::io[0m[2m:[0m flushed 172 bytes
[2m2025-12-10T10:10:49.400580Z[0m [34mDEBUG[0m [2mhyper::proto::h1::io[0m[2m:[0m parsed 4 headers
[2m2025-12-10T10:10:49.400590Z[0m [34mDEBUG[0m [2mhyper::proto::h1::conn[0m[2m:[0m incoming body is content-length (45 bytes)
[2m2025-12-10T10:10:49.400597Z[0m [34mDEBUG[0m [2mhyper::proto::h1::conn[0m[2m:[0m incoming body completed
[2m2025-12-10T10:10:49.400605Z[0m [34mDEBUG[0m [2mhyper::client::pool[0m[2m:[0m pooling idle connection for ("http", 192.168.0.14:8545)
[2m2025-12-10T10:10:49.401820Z[0m [34mDEBUG[0m [2mhyper::proto::h1::io[0m[2m:[0m parsed 4 headers
[2m2025-12-10T10:10:49.401829Z[0m [34mDEBUG[0m [2mhyper::proto::h1::conn[0m[2m:[0m incoming body is content-length (645 bytes)
[2m2025-12-10T10:10:49.401835Z[0m [34mDEBUG[0m [2mhyper::proto::h1::conn[0m[2m:[0m incoming body completed
[2m2025-12-10T10:10:49.401843Z[0m [34mDEBUG[0m [2mhyper::client::pool[0m[2m:[0m pooling idle connection for ("http", 192.168.0.14:8545)
[2m2025-12-10T10:10:49.401850Z[0m [34mDEBUG[0m [2methereum_transaction_pool_monitor::eth_client[0m[2m:[0m 📡 Transaction fetch RPC completed in 8.759208ms
[2m2025-12-10T10:10:49.474053Z[0m [34mDEBUG[0m [2methereum_transaction_pool_monitor::eth_client[0m[2m:[0m ✅ Transaction 0x73723a13d52d492d0c74a00a5d718c60655e16c94aa619654bc3e747a37fcd5f fetched and parsed in 80.959917ms
[2m2025-12-10T10:10:49.474079Z[0m [34mDEBUG[0m [2methereum_transaction_pool_monitor::mempool_monitor[0m[2m:[0m 🔍 Skipping tx 0x73723a13d52d492d0c74a00a5d718c60655e16c94aa619654bc3e747a37fcd5f - not a DEX interaction (target: 0x4B250076f7deC5F47f926Dfe839dC1ea050718F1)
[2m2025-12-10T10:10:49.474091Z[0m [34mDEBUG[0m [2methereum_transaction_pool_monitor::mempool_monitor[0m[2m:[0m 📨 Processing new pending transaction: 0xa1719ba85421a5ec04e6374eae9061fa6c92268560be7aa9e5a7c097768d2ebe
[2m2025-12-10T10:10:49.474097Z[0m [34mDEBUG[0m [2methereum_transaction_pool_monitor::mempool_monitor[0m[2m:[0m 🔍 Fetching transaction details for: 0xa1719ba85421a5ec04e6374eae9061fa6c92268560be7aa9e5a7c097768d2ebe
[2m2025-12-10T10:10:49.474101Z[0m [34mDEBUG[0m [2methereum_transaction_pool_monitor::eth_client[0m[2m:[0m 🔍 Fetching transaction details for hash: 0xa1719ba85421a5ec04e6374eae9061fa6c92268560be7aa9e5a7c097768d2ebe
[2m2025-12-10T10:10:49.474121Z[0m [34mDEBUG[0m [2mhyper::client::pool[0m[2m:[0m reuse idle connection for ("http", 192.168.0.14:8545)
[2m2025-12-10T10:10:49.474164Z[0m [34mDEBUG[0m [2mhyper::proto::h1::io[0m[2m:[0m flushed 250 bytes
[2m2025-12-10T10:10:49.474186Z[0m [34mDEBUG[0m [2methereum_transaction_pool_monitor::eth_client[0m[2m:[0m 📨 Received WebSocket message: {"jsonrpc":"2.0","method":"eth_subscription","params":{"subscription":"0xbed0a0851463e895960a451075a301a9","result":"0xdb88f36a92271023d047e0f0d759801d81d08c88550a33ecbfff57838ff94d45"}}
[2m2025-12-10T10:10:49.474195Z[0m [34mDEBUG[0m [2methereum_transaction_pool_monitor::eth_client[0m[2m:[0m 📨 Received pending transaction: 0xdb88f36a92271023d047e0f0d759801d81d08c88550a33ecbfff57838ff94d45
[2m2025-12-10T10:10:49.478861Z[0m [34mDEBUG[0m [2mhyper::proto::h1::io[0m[2m:[0m parsed 4 headers
[2m2025-12-10T10:10:49.478867Z[0m [34mDEBUG[0m [2mhyper::proto::h1::conn[0m[2m:[0m incoming body is content-length (1731 bytes)
[2m2025-12-10T10:10:49.478875Z[0m [34mDEBUG[0m [2mhyper::proto::h1::conn[0m[2m:[0m incoming body completed
[2m2025-12-10T10:10:49.478884Z[0m [34mDEBUG[0m [2mhyper::client::pool[0m[2m:[0m pooling idle connection for ("http", 192.168.0.14:8545)
[2m2025-12-10T10:10:49.478890Z[0m [34mDEBUG[0m [2methereum_transaction_pool_monitor::eth_client[0m[2m:[0m 📡 Transaction fetch RPC completed in 4.784417ms
[2m2025-12-10T10:10:49.551200Z[0m [34mDEBUG[0m [2methereum_transaction_pool_monitor::eth_client[0m[2m:[0m ✅ Transaction 0xa1719ba85421a5ec04e6374eae9061fa6c92268560be7aa9e5a7c097768d2ebe fetched and parsed in 77.091625ms
[2m2025-12-10T10:10:49.551226Z[0m [34mDEBUG[0m [2methereum_transaction_pool_monitor::mempool_monitor[0m[2m:[0m 🔍 Skipping tx 0xa1719ba85421a5ec04e6374eae9061fa6c92268560be7aa9e5a7c097768d2ebe - not a DEX interaction (target: 0x601a2aD6CB5949f0529735254189Ba3194221EDF)
[2m2025-12-10T10:10:49.551238Z[0m [34mDEBUG[0m [2methereum_transaction_pool_monitor::mempool_monitor[0m[2m:[0m 📨 Processing new pending transaction: 0xa2795686bee463cf33843c0d76f774a89e9a8f87e7bd9a0b5055db32d7297670
[2m2025-12-10T10:10:49.551243Z[0m [34mDEBUG[0m [2methereum_transaction_pool_monitor::mempool_monitor[0m[2m:[0m 🔍 Fetching transaction details for: 0xa2795686bee463cf33843c0d76f774a89e9a8f87e7bd9a0b5055db32d7297670
[2m2025-12-10T10:10:49.551247Z[0m [34mDEBUG[0m [2methereum_transaction_pool_monitor::eth_client[0m[2m:[0m 🔍 Fetching transaction details for hash: 0xa2795686bee463cf33843c0d76f774a89e9a8f87e7bd9a0b5055db32d7297670
[2m2025-12-10T10:10:49.551267Z[0m [34mDEBUG[0m [2mhyper::client::pool[0m[2m:[0m reuse idle connection for ("http", 192.168.0.14:8545)
[2m2025-12-10T10:10:49.551306Z[0m [34mDEBUG[0m [2mhyper::proto::h1::io[0m[2m:[0m flushed 250 bytes
[2m2025-12-10T10:10:49.551324Z[0m [34mDEBUG[0m [2mhyper::client::pool[0m[2m:[0m reuse idle connection for ("http", 192.168.0.14:8545)
[2m2025-12-10T10:10:49.551336Z[0m [34mDEBUG[0m [2methereum_transaction_pool_monitor::eth_client[0m[2m:[0m 📨 Received WebSocket message: {"jsonrpc":"2.0","method":"eth_subscription","params":{"subscription":"0xbed0a0851463e895960a451075a301a9","result":"0x21778a025041a385a0c68cb336c2e62a67a93198f9f031f6f2d7a4bee8cc00ba"}}
[2m2025-12-10T10:10:49.551404Z[0m [34mDEBUG[0m [2methereum_transaction_pool_monitor::eth_client[0m[2m:[0m 📨 Received pending transaction: 0x21778a025041a385a0c68cb336c2e62a67a93198f9f031f6f2d7a4bee8cc00ba
[2m2025-12-10T10:10:49.551405Z[0m [34mDEBUG[0m [2mhyper::proto::h1::io[0m[2m:[0m flushed 172 bytes
[2m2025-12-10T10:10:49.556012Z[0m [34mDEBUG[0m [2mhyper::proto::h1::io[0m[2m:[0m parsed 4 headers
[2m2025-12-10T10:10:49.556023Z[0m [34mDEBUG[0m [2mhyper::proto::h1::conn[0m[2m:[0m incoming body is content-length (771 bytes)
[2m2025-12-10T10:10:49.556030Z[0m [34mDEBUG[0m [2mhyper::proto::h1::conn[0m[2m:[0m incoming body completed
[2m2025-12-10T10:10:49.556038Z[0m [34mDEBUG[0m [2mhyper::client::pool[0m[2m:[0m pooling idle connection for ("http", 192.168.0.14:8545)
[2m2025-12-10T10:10:49.556044Z[0m [34mDEBUG[0m [2methereum_transaction_pool_monitor::eth_client[0m[2m:[0m 📡 Transaction fetch RPC completed in 4.7915ms
[2m2025-12-10T10:10:49.626739Z[0m [34mDEBUG[0m [2methereum_transaction_pool_monitor::eth_client[0m[2m:[0m ✅ Transaction 0xa2795686bee463cf33843c0d76f774a89e9a8f87e7bd9a0b5055db32d7297670 fetched and parsed in 75.484042ms
[2m2025-12-10T10:10:49.626766Z[0m [34mDEBUG[0m [2methereum_transaction_pool_monitor::mempool_monitor[0m[2m:[0m 🔍 Skipping tx 0xa2795686bee463cf33843c0d76f774a89e9a8f87e7bd9a0b5055db32d7297670 - not a DEX interaction (target: 0xB8f28C60dD8240141185a192fa4156A23E189305)
[2m2025-12-10T10:10:49.626777Z[0m [34mDEBUG[0m [2methereum_transaction_pool_monitor::mempool_monitor[0m[2m:[0m 📨 Processing new pending transaction: 0xdb88f36a92271023d047e0f0d759801d81d08c88550a33ecbfff57838ff94d45
[2m2025-12-10T10:10:49.626783Z[0m [34mDEBUG[0m [2methereum_transaction_pool_monitor::mempool_monitor[0m[2m:[0m 🔍 Fetching transaction details for: 0xdb88f36a92271023d047e0f0d759801d81d08c88550a33ecbfff57838ff94d45
[2m2025-12-10T10:10:49.626787Z[0m [34mDEBUG[0m [2methereum_transaction_pool_monitor::eth_client[0m[2m:[0m 🔍 Fetching transaction details for hash: 0xdb88f36a92271023d047e0f0d759801d81d08c88550a33ecbfff57838ff94d45
[2m2025-12-10T10:10:49.626808Z[0m [34mDEBUG[0m [2mhyper::client::pool[0m[2m:[0m reuse idle connection for ("http", 192.168.0.14:8545)
[2m2025-12-10T10:10:49.626851Z[0m [34mDEBUG[0m [2mhyper::proto::h1::io[0m[2m:[0m flushed 250 bytes
[2m2025-12-10T10:10:49.626867Z[0m [34mDEBUG[0m [2mhyper::proto::h1::io[0m[2m:[0m parsed 4 headers
[2m2025-12-10T10:10:49.626871Z[0m [34mDEBUG[0m [2mhyper::proto::h1::conn[0m[2m:[0m incoming body is content-length (45 bytes)
[2m2025-12-10T10:10:49.626877Z[0m [34mDEBUG[0m [2mhyper::proto::h1::conn[0m[2m:[0m incoming body completed
[2m2025-12-10T10:10:49.626885Z[0m [34mDEBUG[0m [2mhyper::client::pool[0m[2m:[0m pooling idle connection for ("http", 192.168.0.14:8545)
[2m2025-12-10T10:10:49.626900Z[0m [34mDEBUG[0m [2mhyper::client::pool[0m[2m:[0m reuse idle connection for ("http", 192.168.0.14:8545)
[2m2025-12-10T10:10:49.626914Z[0m [34mDEBUG[0m [2mhyper::proto::h1::io[0m[2m:[0m flushed 172 bytes
[2m2025-12-10T10:10:49.630494Z[0m [34mDEBUG[0m [2mhyper::proto::h1::io[0m[2m:[0m parsed 4 headers
[2m2025-12-10T10:10:49.630499Z[0m [34mDEBUG[0m [2mhyper::proto::h1::conn[0m[2m:[0m incoming body is content-length (45 bytes)
[2m2025-12-10T10:10:49.630506Z[0m [34mDEBUG[0m [2mhyper::proto::h1::conn[0m[2m:[0m incoming body completed
[2m2025-12-10T10:10:49.630512Z[0m [34mDEBUG[0m [2mhyper::client::pool[0m[2m:[0m pooling idle connection for ("http", 192.168.0.14:8545)
[2m2025-12-10T10:10:49.630528Z[0m [34mDEBUG[0m [2mhyper::proto::h1::io[0m[2m:[0m parsed 4 headers
[2m2025-12-10T10:10:49.630532Z[0m [34mDEBUG[0m [2mhyper::proto::h1::conn[0m[2m:[0m incoming body is content-length (640 bytes)
[2m2025-12-10T10:10:49.630536Z[0m [34mDEBUG[0m [2mhyper::proto::h1::conn[0m[2m:[0m incoming body completed
[2m2025-12-10T10:10:49.630541Z[0m [34mDEBUG[0m [2mhyper::client::pool[0m[2m:[0m pooling idle connection for ("http", 192.168.0.14:8545)
[2m2025-12-10T10:10:49.630544Z[0m [34mDEBUG[0m [2methereum_transaction_pool_monitor::eth_client[0m[2m:[0m 📡 Transaction fetch RPC completed in 3.753666ms
[2m2025-12-10T10:10:49.702442Z[0m [34mDEBUG[0m [2methereum_transaction_pool_monitor::eth_client[0m[2m:[0m ✅ Transaction 0xdb88f36a92271023d047e0f0d759801d81d08c88550a33ecbfff57838ff94d45 fetched and parsed in 75.649208ms
[2m2025-12-10T10:10:49.702471Z[0m [34mDEBUG[0m [2methereum_transaction_pool_monitor::mempool_monitor[0m[2m:[0m 🔍 Skipping tx 0xdb88f36a92271023d047e0f0d759801d81d08c88550a33ecbfff57838ff94d45 - not a DEX interaction (target: 0x5adCc3B611ec5e5b3E012a3f828dAb08D47b595D)
[2m2025-12-10T10:10:49.702488Z[0m [34mDEBUG[0m [2methereum_transaction_pool_monitor::mempool_monitor[0m[2m:[0m 📨 Processing new pending transaction: 0x21778a025041a385a0c68cb336c2e62a67a93198f9f031f6f2d7a4bee8cc00ba
[2m2025-12-10T10:10:49.702496Z[0m [34mDEBUG[0m [2methereum_transaction_pool_monitor::mempool_monitor[0m[2m:[0m 🔍 Fetching transaction details for: 0x21778a025041a385a0c68cb336c2e62a67a93198f9f031f6f2d7a4bee8cc00ba
[2m2025-12-10T10:10:49.702501Z[0m [34mDEBUG[0m [2methereum_transaction_pool_monitor::eth_client[0m[2m:[0m 🔍 Fetching transaction details for hash: 0x21778a025041a385a0c68cb336c2e62a67a93198f9f031f6f2d7a4bee8cc00ba
[2m2025-12-10T10:10:49.702524Z[0m [34mDEBUG[0m [2mhyper::client::pool[0m[2m:[0m reuse idle connection for ("http", 192.168.0.14:8545)
[2m2025-12-10T10:10:49.702563Z[0m [34mDEBUG[0m [2mhyper::proto::h1::io[0m[2m:[0m flushed 250 bytes
[2m2025-12-10T10:10:49.702593Z[0m [34mDEBUG[0m [2mhyper::client::pool[0m[2m:[0m reuse idle connection for ("http", 192.168.0.14:8545)
[2m2025-12-10T10:10:49.702610Z[0m [34mDEBUG[0m [2mhyper::proto::h1::io[0m[2m:[0m flushed 172 bytes
[2m2025-12-10T10:10:49.706847Z[0m [34mDEBUG[0m [2mhyper::proto::h1::io[0m[2m:[0m parsed 4 headers
[2m2025-12-10T10:10:49.706855Z[0m [34mDEBUG[0m [2mhyper::proto::h1::conn[0m[2m:[0m incoming body is content-length (45 bytes)
[2m2025-12-10T10:10:49.706861Z[0m [34mDEBUG[0m [2mhyper::proto::h1::conn[0m[2m:[0m incoming body completed
[2m2025-12-10T10:10:49.706868Z[0m [34mDEBUG[0m [2mhyper::client::pool[0m[2m:[0m pooling idle connection for ("http", 192.168.0.14:8545)
[2m2025-12-10T10:10:49.707705Z[0m [34mDEBUG[0m [2mhyper::proto::h1::io[0m[2m:[0m parsed 4 headers
[2m2025-12-10T10:10:49.707712Z[0m [34mDEBUG[0m [2mhyper::proto::h1::conn[0m[2m:[0m incoming body is content-length (681 bytes)
[2m2025-12-10T10:10:49.707718Z[0m [34mDEBUG[0m [2mhyper::proto::h1::conn[0m[2m:[0m incoming body completed
[2m2025-12-10T10:10:49.707726Z[0m [34mDEBUG[0m [2mhyper::client::pool[0m[2m:[0m pooling idle connection for ("http", 192.168.0.14:8545)
[2m2025-12-10T10:10:49.707731Z[0m [34mDEBUG[0m [2methereum_transaction_pool_monitor::eth_client[0m[2m:[0m 📡 Transaction fetch RPC completed in 5.224875ms
[2m2025-12-10T10:10:49.779441Z[0m [34mDEBUG[0m [2methereum_transaction_pool_monitor::eth_client[0m[2m:[0m ✅ Transaction 0x21778a025041a385a0c68cb336c2e62a67a93198f9f031f6f2d7a4bee8cc00ba fetched and parsed in 76.931917ms
[2m2025-12-10T10:10:49.779467Z[0m [34mDEBUG[0m [2methereum_transaction_pool_monitor::mempool_monitor[0m[2m:[0m 🔍 Skipping tx 0x21778a025041a385a0c68cb336c2e62a67a93198f9f031f6f2d7a4bee8cc00ba - not a DEX interaction (target: 0xA0b86991c6218b36c1d19D4a2e9Eb0cE3606eB48)
[2m2025-12-10T10:10:49.798523Z[0m [34mDEBUG[0m [2mhyper::client::pool[0m[2m:[0m reuse idle connection for ("http", 192.168.0.14:8545)
[2m2025-12-10T10:10:49.798569Z[0m [34mDEBUG[0m [2mhyper::proto::h1::io[0m[2m:[0m flushed 172 bytes
[2m2025-12-10T10:10:49.801821Z[0m [34mDEBUG[0m [2mhyper::proto::h1::io[0m[2m:[0m parsed 4 headers
[2m2025-12-10T10:10:49.801830Z[0m [34mDEBUG[0m [2mhyper::proto::h1::conn[0m[2m:[0m incoming body is content-length (45 bytes)
[2m2025-12-10T10:10:49.801841Z[0m [34mDEBUG[0m [2mhyper::proto::h1::conn[0m[2m:[0m incoming body completed
[2m2025-12-10T10:10:49.801853Z[0m [34mDEBUG[0m [2mhyper::client::pool[0m[2m:[0m pooling idle connection for ("http", 192.168.0.14:8545)
[2m2025-12-10T10:10:49.810744Z[0m [34mDEBUG[0m [2methereum_transaction_pool_monitor::eth_client[0m[2m:[0m 📨 Received WebSocket message: {"jsonrpc":"2.0","method":"eth_subscription","params":{"subscription":"0xbed0a0851463e895960a451075a301a9","result":"0x3be75e69fab6264733525ca74757d46fc3a3e85557f661ba68b72dd55788fbbd"}}
[2m2025-12-10T10:10:49.810755Z[0m [34mDEBUG[0m [2methereum_transaction_pool_monitor::eth_client[0m[2m:[0m 📨 Received pending transaction: 0x3be75e69fab6264733525ca74757d46fc3a3e85557f661ba68b72dd55788fbbd
[2m2025-12-10T10:10:49.810762Z[0m [34mDEBUG[0m [2methereum_transaction_pool_monitor::mempool_monitor[0m[2m:[0m 📨 Processing new pending transaction: 0x3be75e69fab6264733525ca74757d46fc3a3e85557f661ba68b72dd55788fbbd
[2m2025-12-10T10:10:49.810766Z[0m [34mDEBUG[0m [2methereum_transaction_pool_monitor::mempool_monitor[0m[2m:[0m 🔍 Fetching transaction details for: 0x3be75e69fab6264733525ca74757d46fc3a3e85557f661ba68b72dd55788fbbd
[2m2025-12-10T10:10:49.810770Z[0m [34mDEBUG[0m [2methereum_transaction_pool_monitor::eth_client[0m[2m:[0m 🔍 Fetching transaction details for hash: 0x3be75e69fab6264733525ca74757d46fc3a3e85557f661ba68b72dd55788fbbd
[2m2025-12-10T10:10:49.810782Z[0m [34mDEBUG[0m [2mhyper::client::pool[0m[2m:[0m reuse idle connection for ("http", 192.168.0.14:8545)
[2m2025-12-10T10:10:49.810798Z[0m [34mDEBUG[0m [2mhyper::proto::h1::io[0m[2m:[0m flushed 250 bytes
[2m2025-12-10T10:10:49.816592Z[0m [34mDEBUG[0m [2mhyper::proto::h1::io[0m[2m:[0m parsed 4 headers
[2m2025-12-10T10:10:49.816600Z[0m [34mDEBUG[0m [2mhyper::proto::h1::conn[0m[2m:[0m incoming body is content-length (678 bytes)
[2m2025-12-10T10:10:49.816605Z[0m [34mDEBUG[0m [2mhyper::proto::h1::conn[0m[2m:[0m incoming body completed
[2m2025-12-10T10:10:49.816612Z[0m [34mDEBUG[0m [2mhyper::client::pool[0m[2m:[0m pooling idle connection for ("http", 192.168.0.14:8545)
[2m2025-12-10T10:10:49.816618Z[0m [34mDEBUG[0m [2methereum_transaction_pool_monitor::eth_client[0m[2m:[0m 📡 Transaction fetch RPC completed in 5.8445ms
[2m2025-12-10T10:10:49.816630Z[0m [34mDEBUG[0m [2methereum_transaction_pool_monitor::eth_client[0m[2m:[0m DeFi transaction detected - Address: 0xdac17f958d2ee523a2206206994597c13d831ec7, Type: Stablecoin, Value: 0 ETH, Gas: 0.22 Gwei
[2m2025-12-10T10:10:49.816641Z[0m [34mDEBUG[0m [2methereum_transaction_pool_monitor::eth_client[0m[2m:[0m ✅ Transaction 0x3be75e69fab6264733525ca74757d46fc3a3e85557f661ba68b72dd55788fbbd fetched and parsed in 5.86825ms
[2m2025-12-10T10:10:49.816646Z[0m [34mDEBUG[0m [2methereum_transaction_pool_monitor::mempool_monitor[0m[2m:[0m 🔍 Skipping tx 0x3be75e69fab6264733525ca74757d46fc3a3e85557f661ba68b72dd55788fbbd - not a DEX interaction (target: 0xdAC17F958D2ee523a2206206994597C13D831ec7)
[2m2025-12-10T10:10:49.898840Z[0m [34mDEBUG[0m [2mhyper::client::pool[0m[2m:[0m reuse idle connection for ("http", 192.168.0.14:8545)
[2m2025-12-10T10:10:49.898921Z[0m [34mDEBUG[0m [2mhyper::proto::h1::io[0m[2m:[0m flushed 172 bytes
[2m2025-12-10T10:10:49.902020Z[0m [34mDEBUG[0m [2mhyper::proto::h1::io[0m[2m:[0m parsed 4 headers
[2m2025-12-10T10:10:49.902040Z[0m [34mDEBUG[0m [2mhyper::proto::h1::conn[0m[2m:[0m incoming body is content-length (45 bytes)
[2m2025-12-10T10:10:49.902053Z[0m [34mDEBUG[0m [2mhyper::proto::h1::conn[0m[2m:[0m incoming body completed
[2m2025-12-10T10:10:49.902068Z[0m [34mDEBUG[0m [2mhyper::client::pool[0m[2m:[0m pooling idle connection for ("http", 192.168.0.14:8545)
[2m2025-12-10T10:10:49.966092Z[0m [34mDEBUG[0m [2methereum_transaction_pool_monitor::eth_client[0m[2m:[0m 📨 Received WebSocket message: {"jsonrpc":"2.0","method":"eth_subscription","params":{"subscription":"0xbed0a0851463e895960a451075a301a9","result":"0xd99e69526f40cad2ab90fab99291e7228e7e75d218164bada125d7e5ef5a8b08"}}
[2m2025-12-10T10:10:49.966139Z[0m [34mDEBUG[0m [2methereum_transaction_pool_monitor::eth_client[0m[2m:[0m 📨 Received pending transaction: 0xd99e69526f40cad2ab90fab99291e7228e7e75d218164bada125d7e5ef5a8b08
[2m2025-12-10T10:10:49.966155Z[0m [34mDEBUG[0m [2methereum_transaction_pool_monitor::mempool_monitor[0m[2m:[0m 📨 Processing new pending transaction: 0xd99e69526f40cad2ab90fab99291e7228e7e75d218164bada125d7e5ef5a8b08
[2m2025-12-10T10:10:49.966165Z[0m [34mDEBUG[0m [2methereum_transaction_pool_monitor::mempool_monitor[0m[2m:[0m 🔍 Fetching transaction details for: 0xd99e69526f40cad2ab90fab99291e7228e7e75d218164bada125d7e5ef5a8b08
[2m2025-12-10T10:10:49.966175Z[0m [34mDEBUG[0m [2methereum_transaction_pool_monitor::eth_client[0m[2m:[0m 🔍 Fetching transaction details for hash: 0xd99e69526f40cad2ab90fab99291e7228e7e75d218164bada125d7e5ef5a8b08
[2m2025-12-10T10:10:49.966222Z[0m [34mDEBUG[0m [2mhyper::client::pool[0m[2m:[0m reuse idle connection for ("http", 192.168.0.14:8545)
[2m2025-12-10T10:10:49.966268Z[0m [34mDEBUG[0m [2mhyper::proto::h1::io[0m[2m:[0m flushed 250 bytes
[2m2025-12-10T10:10:49.973139Z[0m [34mDEBUG[0m [2mhyper::proto::h1::io[0m[2m:[0m parsed 4 headers
[2m2025-12-10T10:10:49.973167Z[0m [34mDEBUG[0m [2mhyper::proto::h1::conn[0m[2m:[0m incoming body is content-length (3143 bytes)
[2m2025-12-10T10:10:49.973193Z[0m [34mDEBUG[0m [2mhyper::proto::h1::conn[0m[2m:[0m incoming body completed
[2m2025-12-10T10:10:49.973224Z[0m [34mDEBUG[0m [2mhyper::client::pool[0m[2m:[0m pooling idle connection for ("http", 192.168.0.14:8545)
[2m2025-12-10T10:10:49.973246Z[0m [34mDEBUG[0m [2methereum_transaction_pool_monitor::eth_client[0m[2m:[0m 📡 Transaction fetch RPC completed in 7.062958ms
[2m2025-12-10T10:10:50.066177Z[0m [34mDEBUG[0m [2methereum_transaction_pool_monitor::eth_client[0m[2m:[0m ✅ Transaction 0xd99e69526f40cad2ab90fab99291e7228e7e75d218164bada125d7e5ef5a8b08 fetched and parsed in 99.991542ms
[2m2025-12-10T10:10:50.066200Z[0m [34mDEBUG[0m [2methereum_transaction_pool_monitor::mempool_monitor[0m[2m:[0m 🔍 Skipping tx 0xd99e69526f40cad2ab90fab99291e7228e7e75d218164bada125d7e5ef5a8b08 - not a DEX interaction (target: 0x09c30cdCDd971423Cb3BA757a47d56C35D06D818)
[2m2025-12-10T10:10:50.066233Z[0m [34mDEBUG[0m [2mhyper::client::pool[0m[2m:[0m reuse idle connection for ("http", 192.168.0.14:8545)
[2m2025-12-10T10:10:50.066250Z[0m [34mDEBUG[0m [2methereum_transaction_pool_monitor::eth_client[0m[2m:[0m 📨 Received WebSocket message: {"jsonrpc":"2.0","method":"eth_subscription","params":{"subscription":"0xbed0a0851463e895960a451075a301a9","result":"0xac321fe695f5179adcf9e3eb7d8aa02e25672869b03a1f8ff1f5b4279f70f5d6"}}
[2m2025-12-10T10:10:50.066255Z[0m [34mDEBUG[0m [2mhyper::proto::h1::io[0m[2m:[0m flushed 172 bytes
[2m2025-12-10T10:10:50.066263Z[0m [34mDEBUG[0m [2methereum_transaction_pool_monitor::eth_client[0m[2m:[0m 📨 Received pending transaction: 0xac321fe695f5179adcf9e3eb7d8aa02e25672869b03a1f8ff1f5b4279f70f5d6
[2m2025-12-10T10:10:50.066269Z[0m [34mDEBUG[0m [2methereum_transaction_pool_monitor::eth_client[0m[2m:[0m 📨 Received WebSocket message: {"jsonrpc":"2.0","method":"eth_subscription","params":{"subscription":"0xbed0a0851463e895960a451075a301a9","result":"0x245c0871aee7f5f57c46884cb4fb4a91c092e9fe7fac68918ca8b4255a62c5c7"}}
[2m2025-12-10T10:10:50.066275Z[0m [34mDEBUG[0m [2methereum_transaction_pool_monitor::eth_client[0m[2m:[0m 📨 Received pending transaction: 0x245c0871aee7f5f57c46884cb4fb4a91c092e9fe7fac68918ca8b4255a62c5c7
[2m2025-12-10T10:10:50.066524Z[0m [34mDEBUG[0m [2methereum_transaction_pool_monitor::mempool_monitor[0m[2m:[0m 📨 Processing new pending transaction: 0xac321fe695f5179adcf9e3eb7d8aa02e25672869b03a1f8ff1f5b4279f70f5d6
[2m2025-12-10T10:10:50.066530Z[0m [34mDEBUG[0m [2methereum_transaction_pool_monitor::mempool_monitor[0m[2m:[0m 🔍 Fetching transaction details for: 0xac321fe695f5179adcf9e3eb7d8aa02e25672869b03a1f8ff1f5b4279f70f5d6
[2m2025-12-10T10:10:50.066533Z[0m [34mDEBUG[0m [2methereum_transaction_pool_monitor::eth_client[0m[2m:[0m 🔍 Fetching transaction details for hash: 0xac321fe695f5179adcf9e3eb7d8aa02e25672869b03a1f8ff1f5b4279f70f5d6
[2m2025-12-10T10:10:50.066541Z[0m [34mDEBUG[0m [2mhyper::client::pool[0m[2m:[0m reuse idle connection for ("http", 192.168.0.14:8545)
[2m2025-12-10T10:10:50.066555Z[0m [34mDEBUG[0m [2mhyper::proto::h1::io[0m[2m:[0m flushed 250 bytes
[2m2025-12-10T10:10:50.069308Z[0m [34mDEBUG[0m [2mhyper::proto::h1::io[0m[2m:[0m parsed 4 headers
[2m2025-12-10T10:10:50.069334Z[0m [34mDEBUG[0m [2mhyper::proto::h1::conn[0m[2m:[0m incoming body is content-length (45 bytes)
[2m2025-12-10T10:10:50.069356Z[0m [34mDEBUG[0m [2mhyper::proto::h1::conn[0m[2m:[0m incoming body completed
[2m2025-12-10T10:10:50.069367Z[0m [34mDEBUG[0m [2mhyper::client::pool[0m[2m:[0m pooling idle connection for ("http", 192.168.0.14:8545)
[2m2025-12-10T10:10:50.070700Z[0m [34mDEBUG[0m [2mhyper::proto::h1::io[0m[2m:[0m parsed 4 headers
[2m2025-12-10T10:10:50.070719Z[0m [34mDEBUG[0m [2mhyper::proto::h1::conn[0m[2m:[0m incoming body is content-length (1219 bytes)
[2m2025-12-10T10:10:50.070741Z[0m [34mDEBUG[0m [2mhyper::proto::h1::conn[0m[2m:[0m incoming body completed
[2m2025-12-10T10:10:50.070749Z[0m [34mDEBUG[0m [2mhyper::client::pool[0m[2m:[0m pooling idle connection for ("http", 192.168.0.14:8545)
[2m2025-12-10T10:10:50.070754Z[0m [34mDEBUG[0m [2methereum_transaction_pool_monitor::eth_client[0m[2m:[0m 📡 Transaction fetch RPC completed in 4.217166ms
[2m2025-12-10T10:10:50.143041Z[0m [34mDEBUG[0m [2methereum_transaction_pool_monitor::eth_client[0m[2m:[0m ✅ Transaction 0xac321fe695f5179adcf9e3eb7d8aa02e25672869b03a1f8ff1f5b4279f70f5d6 fetched and parsed in 76.50175ms
[2m2025-12-10T10:10:50.143069Z[0m [34mDEBUG[0m [2methereum_transaction_pool_monitor::mempool_monitor[0m[2m:[0m 🔍 Skipping tx 0xac321fe695f5179adcf9e3eb7d8aa02e25672869b03a1f8ff1f5b4279f70f5d6 - not a DEX interaction (target: 0xF6801D319497789f934ec7F83E142a9536312B08)
[2m2025-12-10T10:10:50.143080Z[0m [34mDEBUG[0m [2methereum_transaction_pool_monitor::mempool_monitor[0m[2m:[0m 📨 Processing new pending transaction: 0x245c0871aee7f5f57c46884cb4fb4a91c092e9fe7fac68918ca8b4255a62c5c7
[2m2025-12-10T10:10:50.143086Z[0m [34mDEBUG[0m [2methereum_transaction_pool_monitor::mempool_monitor[0m[2m:[0m 🔍 Fetching transaction details for: 0x245c0871aee7f5f57c46884cb4fb4a91c092e9fe7fac68918ca8b4255a62c5c7
[2m2025-12-10T10:10:50.143090Z[0m [34mDEBUG[0m [2methereum_transaction_pool_monitor::eth_client[0m[2m:[0m 🔍 Fetching transaction details for hash: 0x245c0871aee7f5f57c46884cb4fb4a91c092e9fe7fac68918ca8b4255a62c5c7
[2m2025-12-10T10:10:50.143107Z[0m [34mDEBUG[0m [2mhyper::client::pool[0m[2m:[0m reuse idle connection for ("http", 192.168.0.14:8545)
[2m2025-12-10T10:10:50.143142Z[0m [34mDEBUG[0m [2mhyper::proto::h1::io[0m[2m:[0m flushed 250 bytes
[2m2025-12-10T10:10:50.143160Z[0m [34mDEBUG[0m [2mhyper::client::pool[0m[2m:[0m reuse idle connection for ("http", 192.168.0.14:8545)
[2m2025-12-10T10:10:50.143173Z[0m [34mDEBUG[0m [2mhyper::proto::h1::io[0m[2m:[0m flushed 172 bytes
[2m2025-12-10T10:10:50.143174Z[0m [34mDEBUG[0m [2methereum_transaction_pool_monitor::eth_client[0m[2m:[0m 📨 Received WebSocket message: {"jsonrpc":"2.0","method":"eth_subscription","params":{"subscription":"0xbed0a0851463e895960a451075a301a9","result":"0xcdd1397cbdc00330a864737a482ae6e981873c2a8587fa0e2e7ea4546fc447ce"}}
[2m2025-12-10T10:10:50.143186Z[0m [34mDEBUG[0m [2methereum_transaction_pool_monitor::eth_client[0m[2m:[0m 📨 Received pending transaction: 0xcdd1397cbdc00330a864737a482ae6e981873c2a8587fa0e2e7ea4546fc447ce
[2m2025-12-10T10:10:50.147069Z[0m [34mDEBUG[0m [2mhyper::proto::h1::io[0m[2m:[0m parsed 4 headers
[2m2025-12-10T10:10:50.147074Z[0m [34mDEBUG[0m [2mhyper::proto::h1::conn[0m[2m:[0m incoming body is content-length (45 bytes)
[2m2025-12-10T10:10:50.147080Z[0m [34mDEBUG[0m [2mhyper::proto::h1::conn[0m[2m:[0m incoming body completed
[2m2025-12-10T10:10:50.147087Z[0m [34mDEBUG[0m [2mhyper::client::pool[0m[2m:[0m pooling idle connection for ("http", 192.168.0.14:8545)
[2m2025-12-10T10:10:50.149569Z[0m [34mDEBUG[0m [2mhyper::proto::h1::io[0m[2m:[0m parsed 4 headers
[2m2025-12-10T10:10:50.149587Z[0m [34mDEBUG[0m [2mhyper::proto::h1::conn[0m[2m:[0m incoming body is content-length (2370 bytes)
[2m2025-12-10T10:10:50.149618Z[0m [34mDEBUG[0m [2mhyper::proto::h1::conn[0m[2m:[0m incoming body completed
[2m2025-12-10T10:10:50.149626Z[0m [34mDEBUG[0m [2mhyper::client::pool[0m[2m:[0m pooling idle connection for ("http", 192.168.0.14:8545)
[2m2025-12-10T10:10:50.149632Z[0m [34mDEBUG[0m [2methereum_transaction_pool_monitor::eth_client[0m[2m:[0m 📡 Transaction fetch RPC completed in 6.537375ms
[2m2025-12-10T10:10:50.221433Z[0m [34mDEBUG[0m [2methereum_transaction_pool_monitor::eth_client[0m[2m:[0m ✅ Transaction 0x245c0871aee7f5f57c46884cb4fb4a91c092e9fe7fac68918ca8b4255a62c5c7 fetched and parsed in 78.336541ms
[2m2025-12-10T10:10:50.221463Z[0m [34mDEBUG[0m [2methereum_transaction_pool_monitor::mempool_monitor[0m[2m:[0m 🔍 Skipping tx 0x245c0871aee7f5f57c46884cb4fb4a91c092e9fe7fac68918ca8b4255a62c5c7 - not a DEX interaction (target: 0x66a9893cC07D91D95644AEDD05D03f95e1dBA8Af)
[2m2025-12-10T10:10:50.221473Z[0m [34mDEBUG[0m [2methereum_transaction_pool_monitor::mempool_monitor[0m[2m:[0m 📨 Processing new pending transaction: 0xcdd1397cbdc00330a864737a482ae6e981873c2a8587fa0e2e7ea4546fc447ce
[2m2025-12-10T10:10:50.221482Z[0m [34mDEBUG[0m [2methereum_transaction_pool_monitor::mempool_monitor[0m[2m:[0m 🔍 Fetching transaction details for: 0xcdd1397cbdc00330a864737a482ae6e981873c2a8587fa0e2e7ea4546fc447ce
[2m2025-12-10T10:10:50.221489Z[0m [34mDEBUG[0m [2methereum_transaction_pool_monitor::eth_client[0m[2m:[0m 🔍 Fetching transaction details for hash: 0xcdd1397cbdc00330a864737a482ae6e981873c2a8587fa0e2e7ea4546fc447ce
[2m2025-12-10T10:10:50.221509Z[0m [34mDEBUG[0m [2mhyper::client::pool[0m[2m:[0m reuse idle connection for ("http", 192.168.0.14:8545)
[2m2025-12-10T10:10:50.221543Z[0m [34mDEBUG[0m [2mhyper::proto::h1::io[0m[2m:[0m flushed 250 bytes
[2m2025-12-10T10:10:50.221564Z[0m [34mDEBUG[0m [2mhyper::client::pool[0m[2m:[0m reuse idle connection for ("http", 192.168.0.14:8545)
[2m2025-12-10T10:10:50.221577Z[0m [34mDEBUG[0m [2mhyper::proto::h1::io[0m[2m:[0m flushed 172 bytes
[2m2025-12-10T10:10:50.221576Z[0m [34mDEBUG[0m [2methereum_transaction_pool_monitor::eth_client[0m[2m:[0m 📨 Received WebSocket message: {"jsonrpc":"2.0","method":"eth_subscription","params":{"subscription":"0xbed0a0851463e895960a451075a301a9","result":"0xa78fb181c1be65d9fc9912ac5e1ab2b4d8f0204e9cefa46122601b8060347ee2"}}
[2m2025-12-10T10:10:50.221596Z[0m [34mDEBUG[0m [2methereum_transaction_pool_monitor::eth_client[0m[2m:[0m 📨 Received pending transaction: 0xa78fb181c1be65d9fc9912ac5e1ab2b4d8f0204e9cefa46122601b8060347ee2
[2m2025-12-10T10:10:50.221600Z[0m [32m INFO[0m [2methereum_transaction_pool_monitor::eth_client[0m[2m:[0m 📊 WebSocket stats - Total: 2321 transactions, Rate: 13.5 tx/s
[2m2025-12-10T10:10:50.225202Z[0m [34mDEBUG[0m [2mhyper::proto::h1::io[0m[2m:[0m parsed 4 headers
[2m2025-12-10T10:10:50.225223Z[0m [34mDEBUG[0m [2mhyper::proto::h1::conn[0m[2m:[0m incoming body is content-length (45 bytes)
[2m2025-12-10T10:10:50.225247Z[0m [34mDEBUG[0m [2mhyper::proto::h1::conn[0m[2m:[0m incoming body completed
[2m2025-12-10T10:10:50.225257Z[0m [34mDEBUG[0m [2mhyper::client::pool[0m[2m:[0m pooling idle connection for ("http", 192.168.0.14:8545)
[2m2025-12-10T10:10:50.227063Z[0m [34mDEBUG[0m [2mhyper::proto::h1::io[0m[2m:[0m parsed 4 headers
[2m2025-12-10T10:10:50.227086Z[0m [34mDEBUG[0m [2mhyper::proto::h1::conn[0m[2m:[0m incoming body is content-length (714 bytes)
[2m2025-12-10T10:10:50.227112Z[0m [34mDEBUG[0m [2mhyper::proto::h1::conn[0m[2m:[0m incoming body completed
[2m2025-12-10T10:10:50.227126Z[0m [34mDEBUG[0m [2mhyper::client::pool[0m[2m:[0m pooling idle connection for ("http", 192.168.0.14:8545)
[2m2025-12-10T10:10:50.227133Z[0m [34mDEBUG[0m [2methereum_transaction_pool_monitor::eth_client[0m[2m:[0m 📡 Transaction fetch RPC completed in 5.638584ms
[2m2025-12-10T10:10:50.298541Z[0m [34mDEBUG[0m [2methereum_transaction_pool_monitor::eth_client[0m[2m:[0m ✅ Transaction 0xcdd1397cbdc00330a864737a482ae6e981873c2a8587fa0e2e7ea4546fc447ce fetched and parsed in 77.044542ms
[2m2025-12-10T10:10:50.298568Z[0m [34mDEBUG[0m [2methereum_transaction_pool_monitor::mempool_monitor[0m[2m:[0m 🔍 Skipping tx 0xcdd1397cbdc00330a864737a482ae6e981873c2a8587fa0e2e7ea4546fc447ce - not a DEX interaction (target: 0x3f4b8FC844113BD71d2d251A0A94d8a3C095e352)
[2m2025-12-10T10:10:50.298578Z[0m [34mDEBUG[0m [2methereum_transaction_pool_monitor::mempool_monitor[0m[2m:[0m 📨 Processing new pending transaction: 0xa78fb181c1be65d9fc9912ac5e1ab2b4d8f0204e9cefa46122601b8060347ee2
[2m2025-12-10T10:10:50.298587Z[0m [34mDEBUG[0m [2methereum_transaction_pool_monitor::mempool_monitor[0m[2m:[0m 🔍 Fetching transaction details for: 0xa78fb181c1be65d9fc9912ac5e1ab2b4d8f0204e9cefa46122601b8060347ee2
[2m2025-12-10T10:10:50.298592Z[0m [34mDEBUG[0m [2methereum_transaction_pool_monitor::eth_client[0m[2m:[0m 🔍 Fetching transaction details for hash: 0xa78fb181c1be65d9fc9912ac5e1ab2b4d8f0204e9cefa46122601b8060347ee2
[2m2025-12-10T10:10:50.298610Z[0m [34mDEBUG[0m [2mhyper::client::pool[0m[2m:[0m reuse idle connection for ("http", 192.168.0.14:8545)
[2m2025-12-10T10:10:50.298637Z[0m [34mDEBUG[0m [2mhyper::proto::h1::io[0m[2m:[0m flushed 250 bytes
[2m2025-12-10T10:10:50.298665Z[0m [34mDEBUG[0m [2mhyper::client::pool[0m[2m:[0m reuse idle connection for ("http", 192.168.0.14:8545)
[2m2025-12-10T10:10:50.298682Z[0m [34mDEBUG[0m [2mhyper::proto::h1::io[0m[2m:[0m flushed 172 bytes
[2m2025-12-10T10:10:50.304404Z[0m [34mDEBUG[0m [2mhyper::proto::h1::io[0m[2m:[0m parsed 4 headers
[2m2025-12-10T10:10:50.304409Z[0m [34mDEBUG[0m [2mhyper::proto::h1::conn[0m[2m:[0m incoming body is content-length (1227 bytes)
[2m2025-12-10T10:10:50.304415Z[0m [34mDEBUG[0m [2mhyper::proto::h1::conn[0m[2m:[0m incoming body completed
[2m2025-12-10T10:10:50.304421Z[0m [34mDEBUG[0m [2mhyper::client::pool[0m[2m:[0m pooling idle connection for ("http", 192.168.0.14:8545)
[2m2025-12-10T10:10:50.304426Z[0m [34mDEBUG[0m [2methereum_transaction_pool_monitor::eth_client[0m[2m:[0m 📡 Transaction fetch RPC completed in 5.827709ms
[2m2025-12-10T10:10:50.374193Z[0m [34mDEBUG[0m [2methereum_transaction_pool_monitor::eth_client[0m[2m:[0m ✅ Transaction 0xa78fb181c1be65d9fc9912ac5e1ab2b4d8f0204e9cefa46122601b8060347ee2 fetched and parsed in 75.592584ms
[2m2025-12-10T10:10:50.374217Z[0m [34mDEBUG[0m [2methereum_transaction_pool_monitor::mempool_monitor[0m[2m:[0m 🔍 Skipping tx 0xa78fb181c1be65d9fc9912ac5e1ab2b4d8f0204e9cefa46122601b8060347ee2 - not a DEX interaction (target: 0x4Dbd4fc535Ac27206064B68FfCf827b0A60BAB3f)
[2m2025-12-10T10:10:50.374250Z[0m [34mDEBUG[0m [2mhyper::proto::h1::io[0m[2m:[0m parsed 4 headers
[2m2025-12-10T10:10:50.374258Z[0m [34mDEBUG[0m [2mhyper::proto::h1::conn[0m[2m:[0m incoming body is content-length (45 bytes)
[2m2025-12-10T10:10:50.374265Z[0m [34mDEBUG[0m [2methereum_transaction_pool_monitor::eth_client[0m[2m:[0m 📨 Received WebSocket message: {"jsonrpc":"2.0","method":"eth_subscription","params":{"subscription":"0xbed0a0851463e895960a451075a301a9","result":"0x4995d05024f5df333abedb8f9bc7f62c38747ca28603efc8a2052ee59c03301b"}}
[2m2025-12-10T10:10:50.374275Z[0m [34mDEBUG[0m [2methereum_transaction_pool_monitor::eth_client[0m[2m:[0m 📨 Received pending transaction: 0x4995d05024f5df333abedb8f9bc7f62c38747ca28603efc8a2052ee59c03301b
[2m2025-12-10T10:10:50.374266Z[0m [34mDEBUG[0m [2mhyper::proto::h1::conn[0m[2m:[0m incoming body completed
[2m2025-12-10T10:10:50.374281Z[0m [34mDEBUG[0m [2methereum_transaction_pool_monitor::mempool_monitor[0m[2m:[0m 📨 Processing new pending transaction: 0x4995d05024f5df333abedb8f9bc7f62c38747ca28603efc8a2052ee59c03301b
[2m2025-12-10T10:10:50.374291Z[0m [34mDEBUG[0m [2methereum_transaction_pool_monitor::mempool_monitor[0m[2m:[0m 🔍 Fetching transaction details for: 0x4995d05024f5df333abedb8f9bc7f62c38747ca28603efc8a2052ee59c03301b
[2m2025-12-10T10:10:50.374293Z[0m [34mDEBUG[0m [2mhyper::client::pool[0m[2m:[0m pooling idle connection for ("http", 192.168.0.14:8545)
[2m2025-12-10T10:10:50.374296Z[0m [34mDEBUG[0m [2methereum_transaction_pool_monitor::eth_client[0m[2m:[0m 🔍 Fetching transaction details for hash: 0x4995d05024f5df333abedb8f9bc7f62c38747ca28603efc8a2052ee59c03301b
[2m2025-12-10T10:10:50.374315Z[0m [34mDEBUG[0m [2mhyper::client::pool[0m[2m:[0m reuse idle connection for ("http", 192.168.0.14:8545)
[2m2025-12-10T10:10:50.374332Z[0m [34mDEBUG[0m [2mhyper::proto::h1::io[0m[2m:[0m flushed 250 bytes
[2m2025-12-10T10:10:50.383708Z[0m [34mDEBUG[0m [2mhyper::proto::h1::io[0m[2m:[0m parsed 4 headers
[2m2025-12-10T10:10:50.383713Z[0m [34mDEBUG[0m [2mhyper::proto::h1::conn[0m[2m:[0m incoming body is content-length (1419 bytes)
[2m2025-12-10T10:10:50.383721Z[0m [34mDEBUG[0m [2methereum_transaction_pool_monitor::eth_client[0m[2m:[0m 📡 Transaction fetch RPC completed in 9.416ms
[2m2025-12-10T10:10:50.397742Z[0m [34mDEBUG[0m [2mhyper::client::pool[0m[2m:[0m reuse idle connection for ("http", 192.168.0.14:8545)
[2m2025-12-10T10:10:50.397777Z[0m [34mDEBUG[0m [2mhyper::proto::h1::io[0m[2m:[0m flushed 172 bytes
[2m2025-12-10T10:10:50.400632Z[0m [34mDEBUG[0m [2mhyper::proto::h1::conn[0m[2m:[0m incoming body completed
[2m2025-12-10T10:10:50.400642Z[0m [34mDEBUG[0m [2mhyper::client::pool[0m[2m:[0m pooling idle connection for ("http", 192.168.0.14:8545)
[2m2025-12-10T10:10:50.400662Z[0m [34mDEBUG[0m [2methereum_transaction_pool_monitor::eth_client[0m[2m:[0m DeFi transaction detected - Address: 0x68b3465833fb72a70ecdf485e0e4c7bd8665fc45, Type: DexRouter, Value: 0 ETH, Gas: 0.30 Gwei
[2m2025-12-10T10:10:50.400676Z[0m [34mDEBUG[0m [2methereum_transaction_pool_monitor::eth_client[0m[2m:[0m ✅ Transaction 0x4995d05024f5df333abedb8f9bc7f62c38747ca28603efc8a2052ee59c03301b fetched and parsed in 26.371041ms
[2m2025-12-10T10:10:50.400684Z[0m [34mDEBUG[0m [2methereum_transaction_pool_monitor::mempool_monitor[0m[2m:[0m 🔍 Skipping tx 0x4995d05024f5df333abedb8f9bc7f62c38747ca28603efc8a2052ee59c03301b - not a DEX interaction (target: 0x68b3465833fb72A70ecDF485E0e4C7bD8665Fc45)
[2m2025-12-10T10:10:50.405034Z[0m [34mDEBUG[0m [2mhyper::proto::h1::io[0m[2m:[0m parsed 4 headers
[2m2025-12-10T10:10:50.405061Z[0m [34mDEBUG[0m [2mhyper::proto::h1::conn[0m[2m:[0m incoming body is content-length (45 bytes)
[2m2025-12-10T10:10:50.405087Z[0m [34mDEBUG[0m [2mhyper::proto::h1::conn[0m[2m:[0m incoming body completed
[2m2025-12-10T10:10:50.405111Z[0m [34mDEBUG[0m [2mhyper::client::pool[0m[2m:[0m pooling idle connection for ("http", 192.168.0.14:8545)
[2m2025-12-10T10:10:50.430379Z[0m [34mDEBUG[0m [2methereum_transaction_pool_monitor::eth_client[0m[2m:[0m 📨 Received WebSocket message: {"jsonrpc":"2.0","method":"eth_subscription","params":{"subscription":"0xbed0a0851463e895960a451075a301a9","result":"0x945df860717657152dd5d8c13d108705842f9cb6387f54833fd569ed82a29f56"}}
[2m2025-12-10T10:10:50.430477Z[0m [34mDEBUG[0m [2methereum_transaction_pool_monitor::eth_client[0m[2m:[0m 📨 Received pending transaction: 0x945df860717657152dd5d8c13d108705842f9cb6387f54833fd569ed82a29f56
[2m2025-12-10T10:10:50.430485Z[0m [34mDEBUG[0m [2methereum_transaction_pool_monitor::mempool_monitor[0m[2m:[0m 📨 Processing new pending transaction: 0x945df860717657152dd5d8c13d108705842f9cb6387f54833fd569ed82a29f56
[2m2025-12-10T10:10:50.430490Z[0m [34mDEBUG[0m [2methereum_transaction_pool_monitor::mempool_monitor[0m[2m:[0m 🔍 Fetching transaction details for: 0x945df860717657152dd5d8c13d108705842f9cb6387f54833fd569ed82a29f56
[2m2025-12-10T10:10:50.430493Z[0m [34mDEBUG[0m [2methereum_transaction_pool_monitor::eth_client[0m[2m:[0m 🔍 Fetching transaction details for hash: 0x945df860717657152dd5d8c13d108705842f9cb6387f54833fd569ed82a29f56
[2m2025-12-10T10:10:50.430506Z[0m [34mDEBUG[0m [2mhyper::client::pool[0m[2m:[0m reuse idle connection for ("http", 192.168.0.14:8545)
[2m2025-12-10T10:10:50.430522Z[0m [34mDEBUG[0m [2mhyper::proto::h1::io[0m[2m:[0m flushed 250 bytes
[2m2025-12-10T10:10:50.435799Z[0m [34mDEBUG[0m [2mhyper::proto::h1::io[0m[2m:[0m parsed 4 headers
[2m2025-12-10T10:10:50.435823Z[0m [34mDEBUG[0m [2mhyper::proto::h1::conn[0m[2m:[0m incoming body is content-length (654 bytes)
[2m2025-12-10T10:10:50.435855Z[0m [34mDEBUG[0m [2mhyper::proto::h1::conn[0m[2m:[0m incoming body completed
[2m2025-12-10T10:10:50.435861Z[0m [34mDEBUG[0m [2mhyper::client::pool[0m[2m:[0m pooling idle connection for ("http", 192.168.0.14:8545)
[2m2025-12-10T10:10:50.435866Z[0m [34mDEBUG[0m [2methereum_transaction_pool_monitor::eth_client[0m[2m:[0m 📡 Transaction fetch RPC completed in 5.369ms
[2m2025-12-10T10:10:50.506646Z[0m [34mDEBUG[0m [2methereum_transaction_pool_monitor::eth_client[0m[2m:[0m ✅ Transaction 0x945df860717657152dd5d8c13d108705842f9cb6387f54833fd569ed82a29f56 fetched and parsed in 76.147458ms
[2m2025-12-10T10:10:50.506673Z[0m [34mDEBUG[0m [2methereum_transaction_pool_monitor::mempool_monitor[0m[2m:[0m 🔍 Skipping tx 0x945df860717657152dd5d8c13d108705842f9cb6387f54833fd569ed82a29f56 - not a DEX interaction (target: 0xFE312Ed1153912BF06836Bb85f2E90E86e9545A3)
[2m2025-12-10T10:10:50.506710Z[0m [34mDEBUG[0m [2mhyper::client::pool[0m[2m:[0m reuse idle connection for ("http", 192.168.0.14:8545)
[2m2025-12-10T10:10:50.506733Z[0m [34mDEBUG[0m [2mhyper::proto::h1::io[0m[2m:[0m flushed 172 bytes
[2m2025-12-10T10:10:50.506746Z[0m [34mDEBUG[0m [2methereum_transaction_pool_monitor::eth_client[0m[2m:[0m 📨 Received WebSocket message: {"jsonrpc":"2.0","method":"eth_subscription","params":{"subscription":"0xbed0a0851463e895960a451075a301a9","result":"0xf6a5e26a36cd9989827512b5a91103543a83f6aa87df3b6ccbecb3db0fa9ae57"}}
[2m2025-12-10T10:10:50.506758Z[0m [34mDEBUG[0m [2methereum_transaction_pool_monitor::eth_client[0m[2m:[0m 📨 Received pending transaction: 0xf6a5e26a36cd9989827512b5a91103543a83f6aa87df3b6ccbecb3db0fa9ae57
[2m2025-12-10T10:10:50.506764Z[0m [34mDEBUG[0m [2methereum_transaction_pool_monitor::eth_client[0m[2m:[0m 📨 Received WebSocket message: {"jsonrpc":"2.0","method":"eth_subscription","params":{"subscription":"0xbed0a0851463e895960a451075a301a9","result":"0x3ba1522e29232de0ba6268dd54e362f8aa77d46f8b79b81c5d09b8042080f51f"}}
[2m2025-12-10T10:10:50.506770Z[0m [34mDEBUG[0m [2methereum_transaction_pool_monitor::eth_client[0m[2m:[0m 📨 Received pending transaction: 0x3ba1522e29232de0ba6268dd54e362f8aa77d46f8b79b81c5d09b8042080f51f
[2m2025-12-10T10:10:50.506776Z[0m [34mDEBUG[0m [2methereum_transaction_pool_monitor::eth_client[0m[2m:[0m 📨 Received WebSocket message: {"jsonrpc":"2.0","method":"eth_subscription","params":{"subscription":"0xbed0a0851463e895960a451075a301a9","result":"0xefbe07e177780b5e0fccda16f633ce54e0988970c30b453e92a446535ec7a92b"}}
[2m2025-12-10T10:10:50.506781Z[0m [34mDEBUG[0m [2methereum_transaction_pool_monitor::eth_client[0m[2m:[0m 📨 Received pending transaction: 0xefbe07e177780b5e0fccda16f633ce54e0988970c30b453e92a446535ec7a92b
[2m2025-12-10T10:10:50.506789Z[0m [34mDEBUG[0m [2methereum_transaction_pool_monitor::mempool_monitor[0m[2m:[0m 📨 Processing new pending transaction: 0xf6a5e26a36cd9989827512b5a91103543a83f6aa87df3b6ccbecb3db0fa9ae57
[2m2025-12-10T10:10:50.506796Z[0m [34mDEBUG[0m [2methereum_transaction_pool_monitor::mempool_monitor[0m[2m:[0m 🔍 Fetching transaction details for: 0xf6a5e26a36cd9989827512b5a91103543a83f6aa87df3b6ccbecb3db0fa9ae57
[2m2025-12-10T10:10:50.506800Z[0m [34mDEBUG[0m [2methereum_transaction_pool_monitor::eth_client[0m[2m:[0m 🔍 Fetching transaction details for hash: 0xf6a5e26a36cd9989827512b5a91103543a83f6aa87df3b6ccbecb3db0fa9ae57
[2m2025-12-10T10:10:50.506810Z[0m [34mDEBUG[0m [2mhyper::client::pool[0m[2m:[0m reuse idle connection for ("http", 192.168.0.14:8545)
[2m2025-12-10T10:10:50.506824Z[0m [34mDEBUG[0m [2mhyper::proto::h1::io[0m[2m:[0m flushed 250 bytes
[2m2025-12-10T10:10:50.509933Z[0m [34mDEBUG[0m [2mhyper::proto::h1::io[0m[2m:[0m parsed 4 headers
[2m2025-12-10T10:10:50.509940Z[0m [34mDEBUG[0m [2mhyper::proto::h1::conn[0m[2m:[0m incoming body is content-length (45 bytes)
[2m2025-12-10T10:10:50.509948Z[0m [34mDEBUG[0m [2mhyper::proto::h1::conn[0m[2m:[0m incoming body completed
[2m2025-12-10T10:10:50.509957Z[0m [34mDEBUG[0m [2mhyper::client::pool[0m[2m:[0m pooling idle connection for ("http", 192.168.0.14:8545)
[2m2025-12-10T10:10:50.512484Z[0m [34mDEBUG[0m [2mhyper::proto::h1::io[0m[2m:[0m parsed 4 headers
[2m2025-12-10T10:10:50.512490Z[0m [34mDEBUG[0m [2mhyper::proto::h1::conn[0m[2m:[0m incoming body is content-length (552 bytes)
[2m2025-12-10T10:10:50.512495Z[0m [34mDEBUG[0m [2mhyper::proto::h1::conn[0m[2m:[0m incoming body completed
[2m2025-12-10T10:10:50.512499Z[0m [34mDEBUG[0m [2mhyper::client::pool[0m[2m:[0m pooling idle connection for ("http", 192.168.0.14:8545)
[2m2025-12-10T10:10:50.512504Z[0m [34mDEBUG[0m [2methereum_transaction_pool_monitor::eth_client[0m[2m:[0m 📡 Transaction fetch RPC completed in 5.699958ms
[2m2025-12-10T10:10:50.582730Z[0m [34mDEBUG[0m [2methereum_transaction_pool_monitor::eth_client[0m[2m:[0m ✅ Transaction 0xf6a5e26a36cd9989827512b5a91103543a83f6aa87df3b6ccbecb3db0fa9ae57 fetched and parsed in 75.924541ms
[2m2025-12-10T10:10:50.582759Z[0m [34mDEBUG[0m [2methereum_transaction_pool_monitor::mempool_monitor[0m[2m:[0m 🔍 Skipping tx 0xf6a5e26a36cd9989827512b5a91103543a83f6aa87df3b6ccbecb3db0fa9ae57 - not a DEX interaction (target: 0xDC21D9f105faAF260A061E7936CaB79a058968A2)
[2m2025-12-10T10:10:50.582773Z[0m [34mDEBUG[0m [2methereum_transaction_pool_monitor::mempool_monitor[0m[2m:[0m 📨 Processing new pending transaction: 0x3ba1522e29232de0ba6268dd54e362f8aa77d46f8b79b81c5d09b8042080f51f
[2m2025-12-10T10:10:50.582784Z[0m [34mDEBUG[0m [2methereum_transaction_pool_monitor::mempool_monitor[0m[2m:[0m 🔍 Fetching transaction details for: 0x3ba1522e29232de0ba6268dd54e362f8aa77d46f8b79b81c5d09b8042080f51f
[2m2025-12-10T10:10:50.582791Z[0m [34mDEBUG[0m [2methereum_transaction_pool_monitor::eth_client[0m[2m:[0m 🔍 Fetching transaction details for hash: 0x3ba1522e29232de0ba6268dd54e362f8aa77d46f8b79b81c5d09b8042080f51f
[2m2025-12-10T10:10:50.582813Z[0m [34mDEBUG[0m [2mhyper::client::pool[0m[2m:[0m reuse idle connection for ("http", 192.168.0.14:8545)
[2m2025-12-10T10:10:50.582842Z[0m [34mDEBUG[0m [2mhyper::proto::h1::io[0m[2m:[0m flushed 250 bytes
[2m2025-12-10T10:10:50.587373Z[0m [34mDEBUG[0m [2mhyper::proto::h1::io[0m[2m:[0m parsed 4 headers
[2m2025-12-10T10:10:50.587396Z[0m [34mDEBUG[0m [2mhyper::proto::h1::conn[0m[2m:[0m incoming body is content-length (773 bytes)
[2m2025-12-10T10:10:50.587423Z[0m [34mDEBUG[0m [2mhyper::proto::h1::conn[0m[2m:[0m incoming body completed
[2m2025-12-10T10:10:50.587430Z[0m [34mDEBUG[0m [2mhyper::client::pool[0m[2m:[0m pooling idle connection for ("http", 192.168.0.14:8545)
[2m2025-12-10T10:10:50.587436Z[0m [34mDEBUG[0m [2methereum_transaction_pool_monitor::eth_client[0m[2m:[0m 📡 Transaction fetch RPC completed in 4.640083ms
[2m2025-12-10T10:10:50.587453Z[0m [34mDEBUG[0m [2methereum_transaction_pool_monitor::eth_client[0m[2m:[0m DeFi transaction detected - Address: 0xdac17f958d2ee523a2206206994597c13d831ec7, Type: Stablecoin, Value: 0 ETH, Gas: 0.75 Gwei
[2m2025-12-10T10:10:50.587470Z[0m [34mDEBUG[0m [2methereum_transaction_pool_monitor::eth_client[0m[2m:[0m ✅ Transaction 0x3ba1522e29232de0ba6268dd54e362f8aa77d46f8b79b81c5d09b8042080f51f fetched and parsed in 4.673375ms
[2m2025-12-10T10:10:50.587476Z[0m [34mDEBUG[0m [2methereum_transaction_pool_monitor::mempool_monitor[0m[2m:[0m 🔍 Skipping tx 0x3ba1522e29232de0ba6268dd54e362f8aa77d46f8b79b81c5d09b8042080f51f - not a DEX interaction (target: 0xdAC17F958D2ee523a2206206994597C13D831ec7)
[2m2025-12-10T10:10:50.587484Z[0m [34mDEBUG[0m [2methereum_transaction_pool_monitor::mempool_monitor[0m[2m:[0m 📨 Processing new pending transaction: 0xefbe07e177780b5e0fccda16f633ce54e0988970c30b453e92a446535ec7a92b
[2m2025-12-10T10:10:50.587488Z[0m [34mDEBUG[0m [2methereum_transaction_pool_monitor::mempool_monitor[0m[2m:[0m 🔍 Fetching transaction details for: 0xefbe07e177780b5e0fccda16f633ce54e0988970c30b453e92a446535ec7a92b
[2m2025-12-10T10:10:50.587492Z[0m [34mDEBUG[0m [2methereum_transaction_pool_monitor::eth_client[0m[2m:[0m 🔍 Fetching transaction details for hash: 0xefbe07e177780b5e0fccda16f633ce54e0988970c30b453e92a446535ec7a92b
[2m2025-12-10T10:10:50.587500Z[0m [34mDEBUG[0m [2mhyper::client::pool[0m[2m:[0m reuse idle connection for ("http", 192.168.0.14:8545)
[2m2025-12-10T10:10:50.587515Z[0m [34mDEBUG[0m [2mhyper::proto::h1::io[0m[2m:[0m flushed 250 bytes
[2m2025-12-10T10:10:50.593857Z[0m [34mDEBUG[0m [2mhyper::proto::h1::io[0m[2m:[0m parsed 4 headers
[2m2025-12-10T10:10:50.593861Z[0m [34mDEBUG[0m [2mhyper::proto::h1::conn[0m[2m:[0m incoming body is content-length (552 bytes)
[2m2025-12-10T10:10:50.593866Z[0m [34mDEBUG[0m [2mhyper::proto::h1::conn[0m[2m:[0m incoming body completed
[2m2025-12-10T10:10:50.593870Z[0m [34mDEBUG[0m [2mhyper::client::pool[0m[2m:[0m pooling idle connection for ("http", 192.168.0.14:8545)
[2m2025-12-10T10:10:50.593874Z[0m [34mDEBUG[0m [2methereum_transaction_pool_monitor::eth_client[0m[2m:[0m 📡 Transaction fetch RPC completed in 6.378625ms
[2m2025-12-10T10:10:50.662570Z[0m [34mDEBUG[0m [2methereum_transaction_pool_monitor::eth_client[0m[2m:[0m ✅ Transaction 0xefbe07e177780b5e0fccda16f633ce54e0988970c30b453e92a446535ec7a92b fetched and parsed in 75.0725ms
[2m2025-12-10T10:10:50.662602Z[0m [34mDEBUG[0m [2methereum_transaction_pool_monitor::mempool_monitor[0m[2m:[0m 🔍 Skipping tx 0xefbe07e177780b5e0fccda16f633ce54e0988970c30b453e92a446535ec7a92b - not a DEX interaction (target: 0x122D7099aE5B9589a8a760FFe3fD161fA29cEc86)
[2m2025-12-10T10:10:50.662649Z[0m [34mDEBUG[0m [2mhyper::client::pool[0m[2m:[0m reuse idle connection for ("http", 192.168.0.14:8545)
[2m2025-12-10T10:10:50.662705Z[0m [34mDEBUG[0m [2mhyper::proto::h1::io[0m[2m:[0m flushed 172 bytes
[2m2025-12-10T10:10:50.665788Z[0m [34mDEBUG[0m [2mhyper::proto::h1::io[0m[2m:[0m parsed 4 headers
[2m2025-12-10T10:10:50.669423Z[0m [34mDEBUG[0m [2mhyper::proto::h1::conn[0m[2m:[0m incoming body is content-length (45 bytes)
[2m2025-12-10T10:10:50.669450Z[0m [34mDEBUG[0m [2mhyper::proto::h1::conn[0m[2m:[0m incoming body completed
[2m2025-12-10T10:10:50.669465Z[0m [34mDEBUG[0m [2mhyper::client::pool[0m[2m:[0m pooling idle connection for ("http", 192.168.0.14:8545)
[2m2025-12-10T10:10:50.684721Z[0m [34mDEBUG[0m [2methereum_transaction_pool_monitor::eth_client[0m[2m:[0m 📨 Received WebSocket message: {"jsonrpc":"2.0","method":"eth_subscription","params":{"subscription":"0xbed0a0851463e895960a451075a301a9","result":"0x9bd0ce7387abf5fe5584956b53e093a919f4d86224e40b64ae3835a3a95c1b5b"}}
[2m2025-12-10T10:10:50.684751Z[0m [34mDEBUG[0m [2methereum_transaction_pool_monitor::eth_client[0m[2m:[0m 📨 Received pending transaction: 0x9bd0ce7387abf5fe5584956b53e093a919f4d86224e40b64ae3835a3a95c1b5b
[2m2025-12-10T10:10:50.684760Z[0m [34mDEBUG[0m [2methereum_transaction_pool_monitor::mempool_monitor[0m[2m:[0m 📨 Processing new pending transaction: 0x9bd0ce7387abf5fe5584956b53e093a919f4d86224e40b64ae3835a3a95c1b5b
[2m2025-12-10T10:10:50.684778Z[0m [34mDEBUG[0m [2methereum_transaction_pool_monitor::mempool_monitor[0m[2m:[0m 🔍 Fetching transaction details for: 0x9bd0ce7387abf5fe5584956b53e093a919f4d86224e40b64ae3835a3a95c1b5b
[2m2025-12-10T10:10:50.684781Z[0m [34mDEBUG[0m [2methereum_transaction_pool_monitor::eth_client[0m[2m:[0m 🔍 Fetching transaction details for hash: 0x9bd0ce7387abf5fe5584956b53e093a919f4d86224e40b64ae3835a3a95c1b5b
[2m2025-12-10T10:10:50.684795Z[0m [34mDEBUG[0m [2mhyper::client::pool[0m[2m:[0m reuse idle connection for ("http", 192.168.0.14:8545)
[2m2025-12-10T10:10:50.684811Z[0m [34mDEBUG[0m [2mhyper::proto::h1::io[0m[2m:[0m flushed 250 bytes
[2m2025-12-10T10:10:50.692041Z[0m [34mDEBUG[0m [2mhyper::proto::h1::io[0m[2m:[0m parsed 4 headers
[2m2025-12-10T10:10:50.692067Z[0m [34mDEBUG[0m [2mhyper::proto::h1::conn[0m[2m:[0m incoming body is content-length (1731 bytes)
[2m2025-12-10T10:10:50.692075Z[0m [34mDEBUG[0m [2mhyper::proto::h1::conn[0m[2m:[0m incoming body completed
[2m2025-12-10T10:10:50.692081Z[0m [34mDEBUG[0m [2mhyper::client::pool[0m[2m:[0m pooling idle connection for ("http", 192.168.0.14:8545)
[2m2025-12-10T10:10:50.692100Z[0m [34mDEBUG[0m [2methereum_transaction_pool_monitor::eth_client[0m[2m:[0m 📡 Transaction fetch RPC completed in 7.314375ms
[2m2025-12-10T10:10:50.763794Z[0m [34mDEBUG[0m [2methereum_transaction_pool_monitor::eth_client[0m[2m:[0m ✅ Transaction 0x9bd0ce7387abf5fe5584956b53e093a919f4d86224e40b64ae3835a3a95c1b5b fetched and parsed in 79.007167ms
[2m2025-12-10T10:10:50.763821Z[0m [34mDEBUG[0m [2methereum_transaction_pool_monitor::mempool_monitor[0m[2m:[0m 🔍 Skipping tx 0x9bd0ce7387abf5fe5584956b53e093a919f4d86224e40b64ae3835a3a95c1b5b - not a DEX interaction (target: 0x601a2aD6CB5949f0529735254189Ba3194221EDF)
[2m2025-12-10T10:10:50.763865Z[0m [34mDEBUG[0m [2mhyper::client::pool[0m[2m:[0m reuse idle connection for ("http", 192.168.0.14:8545)
[2m2025-12-10T10:10:50.763908Z[0m [34mDEBUG[0m [2mhyper::proto::h1::io[0m[2m:[0m flushed 172 bytes
[2m2025-12-10T10:10:50.767821Z[0m [34mDEBUG[0m [2mhyper::proto::h1::io[0m[2m:[0m parsed 4 headers
[2m2025-12-10T10:10:50.767828Z[0m [34mDEBUG[0m [2mhyper::proto::h1::conn[0m[2m:[0m incoming body is content-length (45 bytes)
[2m2025-12-10T10:10:50.767835Z[0m [34mDEBUG[0m [2mhyper::proto::h1::conn[0m[2m:[0m incoming body completed
[2m2025-12-10T10:10:50.767843Z[0m [34mDEBUG[0m [2mhyper::client::pool[0m[2m:[0m pooling idle connection for ("http", 192.168.0.14:8545)
[2m2025-12-10T10:10:50.798898Z[0m [34mDEBUG[0m [2mhyper::client::pool[0m[2m:[0m reuse idle connection for ("http", 192.168.0.14:8545)
[2m2025-12-10T10:10:50.798951Z[0m [34mDEBUG[0m [2mhyper::proto::h1::io[0m[2m:[0m flushed 172 bytes
[2m2025-12-10T10:10:50.803240Z[0m [34mDEBUG[0m [2mhyper::proto::h1::io[0m[2m:[0m parsed 4 headers
[2m2025-12-10T10:10:50.803259Z[0m [34mDEBUG[0m [2mhyper::proto::h1::conn[0m[2m:[0m incoming body is content-length (45 bytes)
[2m2025-12-10T10:10:50.803285Z[0m [34mDEBUG[0m [2mhyper::proto::h1::conn[0m[2m:[0m incoming body completed
[2m2025-12-10T10:10:50.803299Z[0m [34mDEBUG[0m [2mhyper::client::pool[0m[2m:[0m pooling idle connection for ("http", 192.168.0.14:8545)
[2m2025-12-10T10:10:50.807160Z[0m [34mDEBUG[0m [2methereum_transaction_pool_monitor::eth_client[0m[2m:[0m 📨 Received WebSocket message: {"jsonrpc":"2.0","method":"eth_subscription","params":{"subscription":"0xbed0a0851463e895960a451075a301a9","result":"0x31e12c6c09e0ef92bf1992859fe5a5063f43b2a8bda39fe085569cdd468f85a8"}}
[2m2025-12-10T10:10:50.807411Z[0m [34mDEBUG[0m [2methereum_transaction_pool_monitor::eth_client[0m[2m:[0m 📨 Received pending transaction: 0x31e12c6c09e0ef92bf1992859fe5a5063f43b2a8bda39fe085569cdd468f85a8
[2m2025-12-10T10:10:50.807419Z[0m [34mDEBUG[0m [2methereum_transaction_pool_monitor::mempool_monitor[0m[2m:[0m 📨 Processing new pending transaction: 0x31e12c6c09e0ef92bf1992859fe5a5063f43b2a8bda39fe085569cdd468f85a8
[2m2025-12-10T10:10:50.807424Z[0m [34mDEBUG[0m [2methereum_transaction_pool_monitor::mempool_monitor[0m[2m:[0m 🔍 Fetching transaction details for: 0x31e12c6c09e0ef92bf1992859fe5a5063f43b2a8bda39fe085569cdd468f85a8
[2m2025-12-10T10:10:50.807429Z[0m [34mDEBUG[0m [2methereum_transaction_pool_monitor::eth_client[0m[2m:[0m 🔍 Fetching transaction details for hash: 0x31e12c6c09e0ef92bf1992859fe5a5063f43b2a8bda39fe085569cdd468f85a8
[2m2025-12-10T10:10:50.807438Z[0m [34mDEBUG[0m [2mhyper::client::pool[0m[2m:[0m reuse idle connection for ("http", 192.168.0.14:8545)
[2m2025-12-10T10:10:50.807451Z[0m [34mDEBUG[0m [2mhyper::proto::h1::io[0m[2m:[0m flushed 250 bytes
[2m2025-12-10T10:10:50.817323Z[0m [34mDEBUG[0m [2mhyper::proto::h1::io[0m[2m:[0m parsed 4 headers
[2m2025-12-10T10:10:50.817329Z[0m [34mDEBUG[0m [2mhyper::proto::h1::conn[0m[2m:[0m incoming body is content-length (7043 bytes)
[2m2025-12-10T10:10:50.817338Z[0m [34mDEBUG[0m [2methereum_transaction_pool_monitor::eth_client[0m[2m:[0m 📡 Transaction fetch RPC completed in 9.905708ms
[2m2025-12-10T10:10:50.818706Z[0m [34mDEBUG[0m [2mhyper::proto::h1::conn[0m[2m:[0m incoming body completed
[2m2025-12-10T10:10:50.818733Z[0m [34mDEBUG[0m [2mhyper::client::pool[0m[2m:[0m pooling idle connection for ("http", 192.168.0.14:8545)
[2m2025-12-10T10:10:50.889708Z[0m [34mDEBUG[0m [2methereum_transaction_pool_monitor::eth_client[0m[2m:[0m ✅ Transaction 0x31e12c6c09e0ef92bf1992859fe5a5063f43b2a8bda39fe085569cdd468f85a8 fetched and parsed in 82.273458ms
[2m2025-12-10T10:10:50.889740Z[0m [34mDEBUG[0m [2methereum_transaction_pool_monitor::mempool_monitor[0m[2m:[0m 🔍 Skipping tx 0x31e12c6c09e0ef92bf1992859fe5a5063f43b2a8bda39fe085569cdd468f85a8 - not a DEX interaction (target: 0xF6801D319497789f934ec7F83E142a9536312B08)
[2m2025-12-10T10:10:50.898796Z[0m [34mDEBUG[0m [2mhyper::client::pool[0m[2m:[0m reuse idle connection for ("http", 192.168.0.14:8545)
[2m2025-12-10T10:10:50.898824Z[0m [34mDEBUG[0m [2mhyper::proto::h1::io[0m[2m:[0m flushed 172 bytes
[2m2025-12-10T10:10:50.904140Z[0m [34mDEBUG[0m [2mhyper::proto::h1::io[0m[2m:[0m parsed 4 headers
[2m2025-12-10T10:10:50.904159Z[0m [34mDEBUG[0m [2mhyper::proto::h1::conn[0m[2m:[0m incoming body is content-length (45 bytes)
[2m2025-12-10T10:10:50.904179Z[0m [34mDEBUG[0m [2mhyper::proto::h1::conn[0m[2m:[0m incoming body completed
[2m2025-12-10T10:10:50.904202Z[0m [34mDEBUG[0m [2mhyper::client::pool[0m[2m:[0m pooling idle connection for ("http", 192.168.0.14:8545)
[2m2025-12-10T10:10:50.933785Z[0m [34mDEBUG[0m [2methereum_transaction_pool_monitor::eth_client[0m[2m:[0m 📨 Received WebSocket message: {"jsonrpc":"2.0","method":"eth_subscription","params":{"subscription":"0xbed0a0851463e895960a451075a301a9","result":"0x808cef4075fd4e02d708d1d8d87cfd85d30f5104fd643ff13e3774523fd27296"}}
[2m2025-12-10T10:10:50.933822Z[0m [34mDEBUG[0m [2methereum_transaction_pool_monitor::eth_client[0m[2m:[0m 📨 Received pending transaction: 0x808cef4075fd4e02d708d1d8d87cfd85d30f5104fd643ff13e3774523fd27296
[2m2025-12-10T10:10:50.933829Z[0m [34mDEBUG[0m [2methereum_transaction_pool_monitor::mempool_monitor[0m[2m:[0m 📨 Processing new pending transaction: 0x808cef4075fd4e02d708d1d8d87cfd85d30f5104fd643ff13e3774523fd27296
[2m2025-12-10T10:10:50.933833Z[0m [34mDEBUG[0m [2methereum_transaction_pool_monitor::mempool_monitor[0m[2m:[0m 🔍 Fetching transaction details for: 0x808cef4075fd4e02d708d1d8d87cfd85d30f5104fd643ff13e3774523fd27296
[2m2025-12-10T10:10:50.933837Z[0m [34mDEBUG[0m [2methereum_transaction_pool_monitor::eth_client[0m[2m:[0m 🔍 Fetching transaction details for hash: 0x808cef4075fd4e02d708d1d8d87cfd85d30f5104fd643ff13e3774523fd27296
[2m2025-12-10T10:10:50.933852Z[0m [34mDEBUG[0m [2mhyper::client::pool[0m[2m:[0m reuse idle connection for ("http", 192.168.0.14:8545)
[2m2025-12-10T10:10:50.933867Z[0m [34mDEBUG[0m [2mhyper::proto::h1::io[0m[2m:[0m flushed 250 bytes
[2m2025-12-10T10:10:50.939505Z[0m [34mDEBUG[0m [2mhyper::proto::h1::io[0m[2m:[0m parsed 4 headers
[2m2025-12-10T10:10:50.939523Z[0m [34mDEBUG[0m [2mhyper::proto::h1::conn[0m[2m:[0m incoming body is content-length (555 bytes)
[2m2025-12-10T10:10:50.939543Z[0m [34mDEBUG[0m [2mhyper::proto::h1::conn[0m[2m:[0m incoming body completed
[2m2025-12-10T10:10:50.939555Z[0m [34mDEBUG[0m [2mhyper::client::pool[0m[2m:[0m pooling idle connection for ("http", 192.168.0.14:8545)
[2m2025-12-10T10:10:50.939561Z[0m [34mDEBUG[0m [2methereum_transaction_pool_monitor::eth_client[0m[2m:[0m 📡 Transaction fetch RPC completed in 5.720083ms
[2m2025-12-10T10:10:51.011659Z[0m [34mDEBUG[0m [2methereum_transaction_pool_monitor::eth_client[0m[2m:[0m ✅ Transaction 0x808cef4075fd4e02d708d1d8d87cfd85d30f5104fd643ff13e3774523fd27296 fetched and parsed in 77.816583ms
[2m2025-12-10T10:10:51.011685Z[0m [34mDEBUG[0m [2methereum_transaction_pool_monitor::mempool_monitor[0m[2m:[0m 🔍 Skipping tx 0x808cef4075fd4e02d708d1d8d87cfd85d30f5104fd643ff13e3774523fd27296 - not a DEX interaction (target: 0xb57A05aDe993778e7C0e228948dED1f1D4bf2cb1)
[2m2025-12-10T10:10:51.011731Z[0m [34mDEBUG[0m [2mhyper::client::pool[0m[2m:[0m reuse idle connection for ("http", 192.168.0.14:8545)
[2m2025-12-10T10:10:51.011775Z[0m [34mDEBUG[0m [2mhyper::proto::h1::io[0m[2m:[0m flushed 172 bytes
[2m2025-12-10T10:10:51.016093Z[0m [34mDEBUG[0m [2mhyper::proto::h1::io[0m[2m:[0m parsed 4 headers
[2m2025-12-10T10:10:51.016104Z[0m [34mDEBUG[0m [2mhyper::proto::h1::conn[0m[2m:[0m incoming body is content-length (45 bytes)
[2m2025-12-10T10:10:51.016111Z[0m [34mDEBUG[0m [2mhyper::proto::h1::conn[0m[2m:[0m incoming body completed
[2m2025-12-10T10:10:51.016120Z[0m [34mDEBUG[0m [2mhyper::client::pool[0m[2m:[0m pooling idle connection for ("http", 192.168.0.14:8545)
[2m2025-12-10T10:10:51.023883Z[0m [34mDEBUG[0m [2methereum_transaction_pool_monitor::eth_client[0m[2m:[0m 📨 Received WebSocket message: {"jsonrpc":"2.0","method":"eth_subscription","params":{"subscription":"0xbed0a0851463e895960a451075a301a9","result":"0xee2d01aa7799b35cfc52655b013a8ad4d65c897fe613f6327b760fa6f8086032"}}
[2m2025-12-10T10:10:51.023901Z[0m [34mDEBUG[0m [2methereum_transaction_pool_monitor::eth_client[0m[2m:[0m 📨 Received pending transaction: 0xee2d01aa7799b35cfc52655b013a8ad4d65c897fe613f6327b760fa6f8086032
[2m2025-12-10T10:10:51.023913Z[0m [34mDEBUG[0m [2methereum_transaction_pool_monitor::mempool_monitor[0m[2m:[0m 📨 Processing new pending transaction: 0xee2d01aa7799b35cfc52655b013a8ad4d65c897fe613f6327b760fa6f8086032
[2m2025-12-10T10:10:51.023918Z[0m [34mDEBUG[0m [2methereum_transaction_pool_monitor::mempool_monitor[0m[2m:[0m 🔍 Fetching transaction details for: 0xee2d01aa7799b35cfc52655b013a8ad4d65c897fe613f6327b760fa6f8086032
[2m2025-12-10T10:10:51.023922Z[0m [34mDEBUG[0m [2methereum_transaction_pool_monitor::eth_client[0m[2m:[0m 🔍 Fetching transaction details for hash: 0xee2d01aa7799b35cfc52655b013a8ad4d65c897fe613f6327b760fa6f8086032
[2m2025-12-10T10:10:51.023936Z[0m [34mDEBUG[0m [2mhyper::client::pool[0m[2m:[0m reuse idle connection for ("http", 192.168.0.14:8545)
[2m2025-12-10T10:10:51.023953Z[0m [34mDEBUG[0m [2mhyper::proto::h1::io[0m[2m:[0m flushed 250 bytes
[2m2025-12-10T10:10:51.027645Z[0m [34mDEBUG[0m [2mhyper::proto::h1::io[0m[2m:[0m parsed 4 headers
[2m2025-12-10T10:10:51.027657Z[0m [34mDEBUG[0m [2mhyper::proto::h1::conn[0m[2m:[0m incoming body is content-length (771 bytes)
[2m2025-12-10T10:10:51.027668Z[0m [34mDEBUG[0m [2mhyper::proto::h1::conn[0m[2m:[0m incoming body completed
[2m2025-12-10T10:10:51.027679Z[0m [34mDEBUG[0m [2mhyper::client::pool[0m[2m:[0m pooling idle connection for ("http", 192.168.0.14:8545)
[2m2025-12-10T10:10:51.027686Z[0m [34mDEBUG[0m [2methereum_transaction_pool_monitor::eth_client[0m[2m:[0m 📡 Transaction fetch RPC completed in 3.761ms
[2m2025-12-10T10:10:51.100088Z[0m [34mDEBUG[0m [2methereum_transaction_pool_monitor::eth_client[0m[2m:[0m ✅ Transaction 0xee2d01aa7799b35cfc52655b013a8ad4d65c897fe613f6327b760fa6f8086032 fetched and parsed in 76.160292ms
[2m2025-12-10T10:10:51.100117Z[0m [34mDEBUG[0m [2methereum_transaction_pool_monitor::mempool_monitor[0m[2m:[0m 🔍 Skipping tx 0xee2d01aa7799b35cfc52655b013a8ad4d65c897fe613f6327b760fa6f8086032 - not a DEX interaction (target: 0xB8f28C60dD8240141185a192fa4156A23E189305)
[2m2025-12-10T10:10:51.100161Z[0m [34mDEBUG[0m [2mhyper::client::pool[0m[2m:[0m reuse idle connection for ("http", 192.168.0.14:8545)
[2m2025-12-10T10:10:51.100199Z[0m [34mDEBUG[0m [2mhyper::proto::h1::io[0m[2m:[0m flushed 172 bytes
[2m2025-12-10T10:10:51.103676Z[0m [34mDEBUG[0m [2mhyper::proto::h1::io[0m[2m:[0m parsed 4 headers
[2m2025-12-10T10:10:51.103685Z[0m [34mDEBUG[0m [2mhyper::proto::h1::conn[0m[2m:[0m incoming body is content-length (45 bytes)
[2m2025-12-10T10:10:51.103691Z[0m [34mDEBUG[0m [2mhyper::proto::h1::conn[0m[2m:[0m incoming body completed
[2m2025-12-10T10:10:51.103699Z[0m [34mDEBUG[0m [2mhyper::client::pool[0m[2m:[0m pooling idle connection for ("http", 192.168.0.14:8545)
[2m2025-12-10T10:10:51.136016Z[0m [34mDEBUG[0m [2methereum_transaction_pool_monitor::eth_client[0m[2m:[0m 📨 Received WebSocket message: {"jsonrpc":"2.0","method":"eth_subscription","params":{"subscription":"0xbed0a0851463e895960a451075a301a9","result":"0x821ae1c352391842975c1969eef470b4cf9d667ae9daf30526d4a962780f02de"}}
[2m2025-12-10T10:10:51.136035Z[0m [34mDEBUG[0m [2methereum_transaction_pool_monitor::eth_client[0m[2m:[0m 📨 Received pending transaction: 0x821ae1c352391842975c1969eef470b4cf9d667ae9daf30526d4a962780f02de
[2m2025-12-10T10:10:51.136043Z[0m [34mDEBUG[0m [2methereum_transaction_pool_monitor::mempool_monitor[0m[2m:[0m 📨 Processing new pending transaction: 0x821ae1c352391842975c1969eef470b4cf9d667ae9daf30526d4a962780f02de
[2m2025-12-10T10:10:51.136047Z[0m [34mDEBUG[0m [2methereum_transaction_pool_monitor::mempool_monitor[0m[2m:[0m 🔍 Fetching transaction details for: 0x821ae1c352391842975c1969eef470b4cf9d667ae9daf30526d4a962780f02de
[2m2025-12-10T10:10:51.136051Z[0m [34mDEBUG[0m [2methereum_transaction_pool_monitor::eth_client[0m[2m:[0m 🔍 Fetching transaction details for hash: 0x821ae1c352391842975c1969eef470b4cf9d667ae9daf30526d4a962780f02de
[2m2025-12-10T10:10:51.136068Z[0m [34mDEBUG[0m [2mhyper::client::pool[0m[2m:[0m reuse idle connection for ("http", 192.168.0.14:8545)
[2m2025-12-10T10:10:51.136090Z[0m [34mDEBUG[0m [2mhyper::proto::h1::io[0m[2m:[0m flushed 250 bytes
[2m2025-12-10T10:10:51.139987Z[0m [34mDEBUG[0m [2mhyper::proto::h1::io[0m[2m:[0m parsed 4 headers
[2m2025-12-10T10:10:51.139996Z[0m [34mDEBUG[0m [2mhyper::proto::h1::conn[0m[2m:[0m incoming body is content-length (1099 bytes)
[2m2025-12-10T10:10:51.140002Z[0m [34mDEBUG[0m [2mhyper::proto::h1::conn[0m[2m:[0m incoming body completed
[2m2025-12-10T10:10:51.140009Z[0m [34mDEBUG[0m [2mhyper::client::pool[0m[2m:[0m pooling idle connection for ("http", 192.168.0.14:8545)
[2m2025-12-10T10:10:51.140015Z[0m [34mDEBUG[0m [2methereum_transaction_pool_monitor::eth_client[0m[2m:[0m 📡 Transaction fetch RPC completed in 3.960333ms
[2m2025-12-10T10:10:51.140031Z[0m [34mDEBUG[0m [2methereum_transaction_pool_monitor::eth_client[0m[2m:[0m DeFi transaction detected - Address: 0x7a250d5630b4cf539739df2c5dacb4c659f2488d, Type: DexRouter, Value: 0.0238 ETH, Gas: 0.37 Gwei
[2m2025-12-10T10:10:51.140041Z[0m [34mDEBUG[0m [2methereum_transaction_pool_monitor::eth_client[0m[2m:[0m ✅ Transaction 0x821ae1c352391842975c1969eef470b4cf9d667ae9daf30526d4a962780f02de fetched and parsed in 3.986167ms
[2m2025-12-10T10:10:51.140047Z[0m [34mDEBUG[0m [2methereum_transaction_pool_monitor::mempool_monitor[0m[2m:[0m 🔍 Skipping tx 0x821ae1c352391842975c1969eef470b4cf9d667ae9daf30526d4a962780f02de - not a DEX interaction (target: 0x7a250d5630B4cF539739dF2C5dAcb4c659F2488D)
[2m2025-12-10T10:10:51.199161Z[0m [34mDEBUG[0m [2mhyper::client::pool[0m[2m:[0m reuse idle connection for ("http", 192.168.0.14:8545)
[2m2025-12-10T10:10:51.199249Z[0m [34mDEBUG[0m [2mhyper::proto::h1::io[0m[2m:[0m flushed 172 bytes
[2m2025-12-10T10:10:51.203218Z[0m [34mDEBUG[0m [2mhyper::proto::h1::io[0m[2m:[0m parsed 4 headers
[2m2025-12-10T10:10:51.203229Z[0m [34mDEBUG[0m [2mhyper::proto::h1::conn[0m[2m:[0m incoming body is content-length (45 bytes)
[2m2025-12-10T10:10:51.203237Z[0m [34mDEBUG[0m [2mhyper::proto::h1::conn[0m[2m:[0m incoming body completed
[2m2025-12-10T10:10:51.203246Z[0m [34mDEBUG[0m [2mhyper::client::pool[0m[2m:[0m pooling idle connection for ("http", 192.168.0.14:8545)
[2m2025-12-10T10:10:51.231776Z[0m [34mDEBUG[0m [2methereum_transaction_pool_monitor::eth_client[0m[2m:[0m 📨 Received WebSocket message: {"jsonrpc":"2.0","method":"eth_subscription","params":{"subscription":"0xbed0a0851463e895960a451075a301a9","result":"0x7c755b9b60603026792580d7018dba334f6d1c15c3fd7c5ee674611c0c71730c"}}
[2m2025-12-10T10:10:51.231821Z[0m [34mDEBUG[0m [2methereum_transaction_pool_monitor::eth_client[0m[2m:[0m 📨 Received pending transaction: 0x7c755b9b60603026792580d7018dba334f6d1c15c3fd7c5ee674611c0c71730c
[2m2025-12-10T10:10:51.231834Z[0m [34mDEBUG[0m [2methereum_transaction_pool_monitor::mempool_monitor[0m[2m:[0m 📨 Processing new pending transaction: 0x7c755b9b60603026792580d7018dba334f6d1c15c3fd7c5ee674611c0c71730c
[2m2025-12-10T10:10:51.231841Z[0m [34mDEBUG[0m [2methereum_transaction_pool_monitor::mempool_monitor[0m[2m:[0m 🔍 Fetching transaction details for: 0x7c755b9b60603026792580d7018dba334f6d1c15c3fd7c5ee674611c0c71730c
[2m2025-12-10T10:10:51.231848Z[0m [34mDEBUG[0m [2methereum_transaction_pool_monitor::eth_client[0m[2m:[0m 🔍 Fetching transaction details for hash: 0x7c755b9b60603026792580d7018dba334f6d1c15c3fd7c5ee674611c0c71730c
[2m2025-12-10T10:10:51.231870Z[0m [34mDEBUG[0m [2mhyper::client::pool[0m[2m:[0m reuse idle connection for ("http", 192.168.0.14:8545)
[2m2025-12-10T10:10:51.231898Z[0m [34mDEBUG[0m [2mhyper::proto::h1::io[0m[2m:[0m flushed 250 bytes
[2m2025-12-10T10:10:51.238944Z[0m [34mDEBUG[0m [2mhyper::proto::h1::io[0m[2m:[0m parsed 4 headers
[2m2025-12-10T10:10:51.238956Z[0m [34mDEBUG[0m [2mhyper::proto::h1::conn[0m[2m:[0m incoming body is content-length (644 bytes)
[2m2025-12-10T10:10:51.238963Z[0m [34mDEBUG[0m [2mhyper::proto::h1::conn[0m[2m:[0m incoming body completed
[2m2025-12-10T10:10:51.238973Z[0m [34mDEBUG[0m [2mhyper::client::pool[0m[2m:[0m pooling idle connection for ("http", 192.168.0.14:8545)
[2m2025-12-10T10:10:51.238979Z[0m [34mDEBUG[0m [2methereum_transaction_pool_monitor::eth_client[0m[2m:[0m 📡 Transaction fetch RPC completed in 7.124667ms
[2m2025-12-10T10:10:51.314804Z[0m [34mDEBUG[0m [2methereum_transaction_pool_monitor::eth_client[0m[2m:[0m ✅ Transaction 0x7c755b9b60603026792580d7018dba334f6d1c15c3fd7c5ee674611c0c71730c fetched and parsed in 82.947042ms
[2m2025-12-10T10:10:51.314831Z[0m [34mDEBUG[0m [2methereum_transaction_pool_monitor::mempool_monitor[0m[2m:[0m 🔍 Skipping tx 0x7c755b9b60603026792580d7018dba334f6d1c15c3fd7c5ee674611c0c71730c - not a DEX interaction (target: 0x17E5545B11b468072283Cee1F066a059Fb0dbF24)
[2m2025-12-10T10:10:51.314874Z[0m [34mDEBUG[0m [2mhyper::client::pool[0m[2m:[0m reuse idle connection for ("http", 192.168.0.14:8545)
[2m2025-12-10T10:10:51.314973Z[0m [34mDEBUG[0m [2mhyper::proto::h1::io[0m[2m:[0m flushed 172 bytes
[2m2025-12-10T10:10:51.324717Z[0m [34mDEBUG[0m [2mhyper::proto::h1::io[0m[2m:[0m parsed 4 headers
[2m2025-12-10T10:10:51.324724Z[0m [34mDEBUG[0m [2mhyper::proto::h1::conn[0m[2m:[0m incoming body is content-length (45 bytes)
[2m2025-12-10T10:10:51.324731Z[0m [34mDEBUG[0m [2mhyper::proto::h1::conn[0m[2m:[0m incoming body completed
[2m2025-12-10T10:10:51.324739Z[0m [34mDEBUG[0m [2mhyper::client::pool[0m[2m:[0m pooling idle connection for ("http", 192.168.0.14:8545)
[2m2025-12-10T10:10:51.357572Z[0m [34mDEBUG[0m [2methereum_transaction_pool_monitor::eth_client[0m[2m:[0m 📨 Received WebSocket message: {"jsonrpc":"2.0","method":"eth_subscription","params":{"subscription":"0xbed0a0851463e895960a451075a301a9","result":"0xb06e4e595ed7735c124df50709e0a92de2f6e7c5f17f11328bf4f394de430c42"}}
[2m2025-12-10T10:10:51.357589Z[0m [34mDEBUG[0m [2methereum_transaction_pool_monitor::eth_client[0m[2m:[0m 📨 Received pending transaction: 0xb06e4e595ed7735c124df50709e0a92de2f6e7c5f17f11328bf4f394de430c42
[2m2025-12-10T10:10:51.357596Z[0m [34mDEBUG[0m [2methereum_transaction_pool_monitor::mempool_monitor[0m[2m:[0m 📨 Processing new pending transaction: 0xb06e4e595ed7735c124df50709e0a92de2f6e7c5f17f11328bf4f394de430c42
[2m2025-12-10T10:10:51.357600Z[0m [34mDEBUG[0m [2methereum_transaction_pool_monitor::mempool_monitor[0m[2m:[0m 🔍 Fetching transaction details for: 0xb06e4e595ed7735c124df50709e0a92de2f6e7c5f17f11328bf4f394de430c42
[2m2025-12-10T10:10:51.357604Z[0m [34mDEBUG[0m [2methereum_transaction_pool_monitor::eth_client[0m[2m:[0m 🔍 Fetching transaction details for hash: 0xb06e4e595ed7735c124df50709e0a92de2f6e7c5f17f11328bf4f394de430c42
[2m2025-12-10T10:10:51.357619Z[0m [34mDEBUG[0m [2mhyper::client::pool[0m[2m:[0m reuse idle connection for ("http", 192.168.0.14:8545)
[2m2025-12-10T10:10:51.357639Z[0m [34mDEBUG[0m [2mhyper::proto::h1::io[0m[2m:[0m flushed 250 bytes
[2m2025-12-10T10:10:51.376116Z[0m [34mDEBUG[0m [2mhyper::proto::h1::io[0m[2m:[0m parsed 4 headers
[2m2025-12-10T10:10:51.376137Z[0m [34mDEBUG[0m [2mhyper::proto::h1::conn[0m[2m:[0m incoming body is content-length (646 bytes)
[2m2025-12-10T10:10:51.376145Z[0m [34mDEBUG[0m [2mhyper::proto::h1::conn[0m[2m:[0m incoming body completed
[2m2025-12-10T10:10:51.376154Z[0m [34mDEBUG[0m [2mhyper::client::pool[0m[2m:[0m pooling idle connection for ("http", 192.168.0.14:8545)
[2m2025-12-10T10:10:51.376161Z[0m [34mDEBUG[0m [2methereum_transaction_pool_monitor::eth_client[0m[2m:[0m 📡 Transaction fetch RPC completed in 18.55325ms
[2m2025-12-10T10:10:51.448417Z[0m [34mDEBUG[0m [2methereum_transaction_pool_monitor::eth_client[0m[2m:[0m ✅ Transaction 0xb06e4e595ed7735c124df50709e0a92de2f6e7c5f17f11328bf4f394de430c42 fetched and parsed in 90.805875ms
[2m2025-12-10T10:10:51.448445Z[0m [34mDEBUG[0m [2methereum_transaction_pool_monitor::mempool_monitor[0m[2m:[0m 🔍 Skipping tx 0xb06e4e595ed7735c124df50709e0a92de2f6e7c5f17f11328bf4f394de430c42 - not a DEX interaction (target: 0xA26148AE51fa8E787DF319C04137602Cc018b521)
[2m2025-12-10T10:10:51.448481Z[0m [34mDEBUG[0m [2mhyper::client::pool[0m[2m:[0m reuse idle connection for ("http", 192.168.0.14:8545)
[2m2025-12-10T10:10:51.448516Z[0m [34mDEBUG[0m [2methereum_transaction_pool_monitor::eth_client[0m[2m:[0m 📨 Received WebSocket message: {"jsonrpc":"2.0","method":"eth_subscription","params":{"subscription":"0xbed0a0851463e895960a451075a301a9","result":"0xdf5b3d8e55ed3ea47ff5bb2f50cb75211bc92810a1a7e3d26c097377753d4d01"}}
[2m2025-12-10T10:10:51.448527Z[0m [34mDEBUG[0m [2methereum_transaction_pool_monitor::eth_client[0m[2m:[0m 📨 Received pending transaction: 0xdf5b3d8e55ed3ea47ff5bb2f50cb75211bc92810a1a7e3d26c097377753d4d01
[2m2025-12-10T10:10:51.448532Z[0m [34mDEBUG[0m [2methereum_transaction_pool_monitor::eth_client[0m[2m:[0m 📨 Received WebSocket message: {"jsonrpc":"2.0","method":"eth_subscription","params":{"subscription":"0xbed0a0851463e895960a451075a301a9","result":"0xf2a6bed4af235bcd8ae07f1b3a51b034d43a0451d63c2c7d23e50a0e810eba4f"}}
[2m2025-12-10T10:10:51.448533Z[0m [34mDEBUG[0m [2mhyper::proto::h1::io[0m[2m:[0m flushed 172 bytes
[2m2025-12-10T10:10:51.448540Z[0m [34mDEBUG[0m [2methereum_transaction_pool_monitor::eth_client[0m[2m:[0m 📨 Received pending transaction: 0xf2a6bed4af235bcd8ae07f1b3a51b034d43a0451d63c2c7d23e50a0e810eba4f
[2m2025-12-10T10:10:51.448546Z[0m [34mDEBUG[0m [2methereum_transaction_pool_monitor::eth_client[0m[2m:[0m 📨 Received WebSocket message: {"jsonrpc":"2.0","method":"eth_subscription","params":{"subscription":"0xbed0a0851463e895960a451075a301a9","result":"0x3997b14ed6f58229ade024bd246785cc057f2fd04ca43b7efc1ca323570fde7b"}}
[2m2025-12-10T10:10:51.448551Z[0m [34mDEBUG[0m [2methereum_transaction_pool_monitor::eth_client[0m[2m:[0m 📨 Received pending transaction: 0x3997b14ed6f58229ade024bd246785cc057f2fd04ca43b7efc1ca323570fde7b
[2m2025-12-10T10:10:51.448556Z[0m [34mDEBUG[0m [2methereum_transaction_pool_monitor::eth_client[0m[2m:[0m 📨 Received WebSocket message: {"jsonrpc":"2.0","method":"eth_subscription","params":{"subscription":"0xbed0a0851463e895960a451075a301a9","result":"0x8047895607ab11ae540edac7dae4711f7772aac4ab677567b130ca6b902de396"}}
[2m2025-12-10T10:10:51.448562Z[0m [34mDEBUG[0m [2methereum_transaction_pool_monitor::eth_client[0m[2m:[0m 📨 Received pending transaction: 0x8047895607ab11ae540edac7dae4711f7772aac4ab677567b130ca6b902de396
[2m2025-12-10T10:10:51.448568Z[0m [34mDEBUG[0m [2methereum_transaction_pool_monitor::eth_client[0m[2m:[0m 📨 Received WebSocket message: {"jsonrpc":"2.0","method":"eth_subscription","params":{"subscription":"0xbed0a0851463e895960a451075a301a9","result":"0xbaf71d3d6ae0ae14d56e023aac81f3da782d76576699f7131dbe7dfc5f4346a5"}}
[2m2025-12-10T10:10:51.448574Z[0m [34mDEBUG[0m [2methereum_transaction_pool_monitor::eth_client[0m[2m:[0m 📨 Received pending transaction: 0xbaf71d3d6ae0ae14d56e023aac81f3da782d76576699f7131dbe7dfc5f4346a5
[2m2025-12-10T10:10:51.448578Z[0m [34mDEBUG[0m [2methereum_transaction_pool_monitor::eth_client[0m[2m:[0m 📨 Received WebSocket message: {"jsonrpc":"2.0","method":"eth_subscription","params":{"subscription":"0xbed0a0851463e895960a451075a301a9","result":"0x83bb46fab886b7e3c589491c55a466cad40d833c7dbb2cad426f2a74c49d4559"}}
[2m2025-12-10T10:10:51.448583Z[0m [34mDEBUG[0m [2methereum_transaction_pool_monitor::eth_client[0m[2m:[0m 📨 Received pending transaction: 0x83bb46fab886b7e3c589491c55a466cad40d833c7dbb2cad426f2a74c49d4559
[2m2025-12-10T10:10:51.448588Z[0m [34mDEBUG[0m [2methereum_transaction_pool_monitor::eth_client[0m[2m:[0m 📨 Received WebSocket message: {"jsonrpc":"2.0","method":"eth_subscription","params":{"subscription":"0xbed0a0851463e895960a451075a301a9","result":"0x4fe0df78da26bc6549a586ce1e5fdd96404192e88d21fd5fadb1c0a4a37da3e7"}}
[2m2025-12-10T10:10:51.448593Z[0m [34mDEBUG[0m [2methereum_transaction_pool_monitor::eth_client[0m[2m:[0m 📨 Received pending transaction: 0x4fe0df78da26bc6549a586ce1e5fdd96404192e88d21fd5fadb1c0a4a37da3e7
[2m2025-12-10T10:10:51.448598Z[0m [34mDEBUG[0m [2methereum_transaction_pool_monitor::eth_client[0m[2m:[0m 📨 Received WebSocket message: {"jsonrpc":"2.0","method":"eth_subscription","params":{"subscription":"0xbed0a0851463e895960a451075a301a9","result":"0x0ad3e7b4774a4e8ebbfbd8abe1056708e9eff3ca533c889e22f559d96c2d9b98"}}
[2m2025-12-10T10:10:51.448603Z[0m [34mDEBUG[0m [2methereum_transaction_pool_monitor::eth_client[0m[2m:[0m 📨 Received pending transaction: 0x0ad3e7b4774a4e8ebbfbd8abe1056708e9eff3ca533c889e22f559d96c2d9b98
[2m2025-12-10T10:10:51.448607Z[0m [34mDEBUG[0m [2methereum_transaction_pool_monitor::eth_client[0m[2m:[0m 📨 Received WebSocket message: {"jsonrpc":"2.0","method":"eth_subscription","params":{"subscription":"0xbed0a0851463e895960a451075a301a9","result":"0x7e58598f98d752076a5d35934f27c86987396738a779e36042b6aa5db91251de"}}
[2m2025-12-10T10:10:51.448612Z[0m [34mDEBUG[0m [2methereum_transaction_pool_monitor::eth_client[0m[2m:[0m 📨 Received pending transaction: 0x7e58598f98d752076a5d35934f27c86987396738a779e36042b6aa5db91251de
[2m2025-12-10T10:10:51.448616Z[0m [34mDEBUG[0m [2methereum_transaction_pool_monitor::eth_client[0m[2m:[0m 📨 Received WebSocket message: {"jsonrpc":"2.0","method":"eth_subscription","params":{"subscription":"0xbed0a0851463e895960a451075a301a9","result":"0xb568c59ab9bf79bc9583f7d8f76b1811375d9840d9a3a9e9556a84b684203e33"}}
[2m2025-12-10T10:10:51.448621Z[0m [34mDEBUG[0m [2methereum_transaction_pool_monitor::eth_client[0m[2m:[0m 📨 Received pending transaction: 0xb568c59ab9bf79bc9583f7d8f76b1811375d9840d9a3a9e9556a84b684203e33
[2m2025-12-10T10:10:51.448626Z[0m [34mDEBUG[0m [2methereum_transaction_pool_monitor::eth_client[0m[2m:[0m 📨 Received WebSocket message: {"jsonrpc":"2.0","method":"eth_subscription","params":{"subscription":"0xbed0a0851463e895960a451075a301a9","result":"0xfa8bb4954fcfafdf67309f867a62471aeb5746253e5e192cda5d39d59bd9bf9c"}}
[2m2025-12-10T10:10:51.448630Z[0m [34mDEBUG[0m [2methereum_transaction_pool_monitor::eth_client[0m[2m:[0m 📨 Received pending transaction: 0xfa8bb4954fcfafdf67309f867a62471aeb5746253e5e192cda5d39d59bd9bf9c
[2m2025-12-10T10:10:51.448635Z[0m [34mDEBUG[0m [2methereum_transaction_pool_monitor::eth_client[0m[2m:[0m 📨 Received WebSocket message: {"jsonrpc":"2.0","method":"eth_subscription","params":{"subscription":"0xbed0a0851463e895960a451075a301a9","result":"0xacd83ae56599a1c1a4c3f757efc929c57fda885bec89354ebd23cdb792933a71"}}
[2m2025-12-10T10:10:51.448640Z[0m [34mDEBUG[0m [2methereum_transaction_pool_monitor::eth_client[0m[2m:[0m 📨 Received pending transaction: 0xacd83ae56599a1c1a4c3f757efc929c57fda885bec89354ebd23cdb792933a71
[2m2025-12-10T10:10:51.448644Z[0m [34mDEBUG[0m [2methereum_transaction_pool_monitor::eth_client[0m[2m:[0m 📨 Received WebSocket message: {"jsonrpc":"2.0","method":"eth_subscription","params":{"subscription":"0xbed0a0851463e895960a451075a301a9","result":"0x15876e53e909de5e747ed625f552a3da3d6c898402d8e42e1ae865f0332ede7f"}}
[2m2025-12-10T10:10:51.448649Z[0m [34mDEBUG[0m [2methereum_transaction_pool_monitor::eth_client[0m[2m:[0m 📨 Received pending transaction: 0x15876e53e909de5e747ed625f552a3da3d6c898402d8e42e1ae865f0332ede7f
[2m2025-12-10T10:10:51.448653Z[0m [34mDEBUG[0m [2methereum_transaction_pool_monitor::eth_client[0m[2m:[0m 📨 Received WebSocket message: {"jsonrpc":"2.0","method":"eth_subscription","params":{"subscription":"0xbed0a0851463e895960a451075a301a9","result":"0xafb89d0f34cf2589ff910b5bb618a64689221745b674819ef8c21d7456811ada"}}
[2m2025-12-10T10:10:51.448658Z[0m [34mDEBUG[0m [2methereum_transaction_pool_monitor::eth_client[0m[2m:[0m 📨 Received pending transaction: 0xafb89d0f34cf2589ff910b5bb618a64689221745b674819ef8c21d7456811ada
[2m2025-12-10T10:10:51.448663Z[0m [34mDEBUG[0m [2methereum_transaction_pool_monitor::eth_client[0m[2m:[0m 📨 Received WebSocket message: {"jsonrpc":"2.0","method":"eth_subscription","params":{"subscription":"0xbed0a0851463e895960a451075a301a9","result":"0x2683fd27a6c6c5af811feb9f47e0dad609babf0760a8aa4288a3534ef58c39f9"}}
[2m2025-12-10T10:10:51.448668Z[0m [34mDEBUG[0m [2methereum_transaction_pool_monitor::eth_client[0m[2m:[0m 📨 Received pending transaction: 0x2683fd27a6c6c5af811feb9f47e0dad609babf0760a8aa4288a3534ef58c39f9
[2m2025-12-10T10:10:51.448672Z[0m [34mDEBUG[0m [2methereum_transaction_pool_monitor::eth_client[0m[2m:[0m 📨 Received WebSocket message: {"jsonrpc":"2.0","method":"eth_subscription","params":{"subscription":"0xbed0a0851463e895960a451075a301a9","result":"0xb704d23417a9d9ffa663bf6c8ee98acc6a05d94abf9673ece467f35e8a60093b"}}
[2m2025-12-10T10:10:51.448677Z[0m [34mDEBUG[0m [2methereum_transaction_pool_monitor::eth_client[0m[2m:[0m 📨 Received pending transaction: 0xb704d23417a9d9ffa663bf6c8ee98acc6a05d94abf9673ece467f35e8a60093b
[2m2025-12-10T10:10:51.448681Z[0m [34mDEBUG[0m [2methereum_transaction_pool_monitor::eth_client[0m[2m:[0m 📨 Received WebSocket message: {"jsonrpc":"2.0","method":"eth_subscription","params":{"subscription":"0xbed0a0851463e895960a451075a301a9","result":"0x96dafd24bf3633c71e0e8910e77a8f26be3fd7566407415e8a1f1dac21a73754"}}
[2m2025-12-10T10:10:51.448686Z[0m [34mDEBUG[0m [2methereum_transaction_pool_monitor::eth_client[0m[2m:[0m 📨 Received pending transaction: 0x96dafd24bf3633c71e0e8910e77a8f26be3fd7566407415e8a1f1dac21a73754
[2m2025-12-10T10:10:51.448691Z[0m [34mDEBUG[0m [2methereum_transaction_pool_monitor::eth_client[0m[2m:[0m 📨 Received WebSocket message: {"jsonrpc":"2.0","method":"eth_subscription","params":{"subscription":"0xbed0a0851463e895960a451075a301a9","result":"0x018912bd332a6b922242c1fc106782cbc511c1d9ef91f03a8763715364945921"}}
[2m2025-12-10T10:10:51.448695Z[0m [34mDEBUG[0m [2methereum_transaction_pool_monitor::eth_client[0m[2m:[0m 📨 Received pending transaction: 0x018912bd332a6b922242c1fc106782cbc511c1d9ef91f03a8763715364945921
[2m2025-12-10T10:10:51.448700Z[0m [34mDEBUG[0m [2methereum_transaction_pool_monitor::eth_client[0m[2m:[0m 📨 Received WebSocket message: {"jsonrpc":"2.0","method":"eth_subscription","params":{"subscription":"0xbed0a0851463e895960a451075a301a9","result":"0xb1d28d780bb1b07d6da6d0b764a1e7811b724713c471df8f0aa2b8a39774515d"}}
[2m2025-12-10T10:10:51.448705Z[0m [34mDEBUG[0m [2methereum_transaction_pool_monitor::eth_client[0m[2m:[0m 📨 Received pending transaction: 0xb1d28d780bb1b07d6da6d0b764a1e7811b724713c471df8f0aa2b8a39774515d
[2m2025-12-10T10:10:51.448709Z[0m [34mDEBUG[0m [2methereum_transaction_pool_monitor::eth_client[0m[2m:[0m 📨 Received WebSocket message: {"jsonrpc":"2.0","method":"eth_subscription","params":{"subscription":"0xbed0a0851463e895960a451075a301a9","result":"0x7db3190e9cb58e080b4f2e3e8781eaa1c782a89c276df09f5132127ea3bb26f3"}}
[2m2025-12-10T10:10:51.448714Z[0m [34mDEBUG[0m [2methereum_transaction_pool_monitor::eth_client[0m[2m:[0m 📨 Received pending transaction: 0x7db3190e9cb58e080b4f2e3e8781eaa1c782a89c276df09f5132127ea3bb26f3
[2m2025-12-10T10:10:51.448718Z[0m [34mDEBUG[0m [2methereum_transaction_pool_monitor::eth_client[0m[2m:[0m 📨 Received WebSocket message: {"jsonrpc":"2.0","method":"eth_subscription","params":{"subscription":"0xbed0a0851463e895960a451075a301a9","result":"0xceb992822e316e14dffdb978c5f74886bdb7d35e0931783a6f9667e6a42a6a8a"}}
[2m2025-12-10T10:10:51.448723Z[0m [34mDEBUG[0m [2methereum_transaction_pool_monitor::eth_client[0m[2m:[0m 📨 Received pending transaction: 0xceb992822e316e14dffdb978c5f74886bdb7d35e0931783a6f9667e6a42a6a8a
[2m2025-12-10T10:10:51.448736Z[0m [34mDEBUG[0m [2methereum_transaction_pool_monitor::eth_client[0m[2m:[0m 📨 Received WebSocket message: {"jsonrpc":"2.0","method":"eth_subscription","params":{"subscription":"0xbed0a0851463e895960a451075a301a9","result":"0x6f8c017e509ce872ffff0afa735069c38b647e33be5eafc3dea88b69bb4ed6a0"}}
[2m2025-12-10T10:10:51.448742Z[0m [34mDEBUG[0m [2methereum_transaction_pool_monitor::eth_client[0m[2m:[0m 📨 Received pending transaction: 0x6f8c017e509ce872ffff0afa735069c38b647e33be5eafc3dea88b69bb4ed6a0
[2m2025-12-10T10:10:51.448747Z[0m [34mDEBUG[0m [2methereum_transaction_pool_monitor::eth_client[0m[2m:[0m 📨 Received WebSocket message: {"jsonrpc":"2.0","method":"eth_subscription","params":{"subscription":"0xbed0a0851463e895960a451075a301a9","result":"0x7b7e5957c8598fdc3ca45ad63d9b1a76488584f0abe5875e6a725b602007f042"}}
[2m2025-12-10T10:10:51.448753Z[0m [34mDEBUG[0m [2methereum_transaction_pool_monitor::eth_client[0m[2m:[0m 📨 Received pending transaction: 0x7b7e5957c8598fdc3ca45ad63d9b1a76488584f0abe5875e6a725b602007f042
[2m2025-12-10T10:10:51.448758Z[0m [34mDEBUG[0m [2methereum_transaction_pool_monitor::eth_client[0m[2m:[0m 📨 Received WebSocket message: {"jsonrpc":"2.0","method":"eth_subscription","params":{"subscription":"0xbed0a0851463e895960a451075a301a9","result":"0xe2250308e831d273beec47d0fbbd897afa34368f56dcedd2320029a3f8019249"}}
[2m2025-12-10T10:10:51.448833Z[0m [34mDEBUG[0m [2methereum_transaction_pool_monitor::eth_client[0m[2m:[0m 📨 Received pending transaction: 0xe2250308e831d273beec47d0fbbd897afa34368f56dcedd2320029a3f8019249
[2m2025-12-10T10:10:51.448841Z[0m [34mDEBUG[0m [2methereum_transaction_pool_monitor::eth_client[0m[2m:[0m 📨 Received WebSocket message: {"jsonrpc":"2.0","method":"eth_subscription","params":{"subscription":"0xbed0a0851463e895960a451075a301a9","result":"0xb0fa3f7828b7195e3d78f3822081cc90ac4d0beb99288a0c0e594a573113952b"}}
[2m2025-12-10T10:10:51.448847Z[0m [34mDEBUG[0m [2methereum_transaction_pool_monitor::eth_client[0m[2m:[0m 📨 Received pending transaction: 0xb0fa3f7828b7195e3d78f3822081cc90ac4d0beb99288a0c0e594a573113952b
[2m2025-12-10T10:10:51.448852Z[0m [34mDEBUG[0m [2methereum_transaction_pool_monitor::eth_client[0m[2m:[0m 📨 Received WebSocket message: {"jsonrpc":"2.0","method":"eth_subscription","params":{"subscription":"0xbed0a0851463e895960a451075a301a9","result":"0x4acd005f8be64aba74d4ee1e3450a551b4efcbfd38766b44b01002431a939876"}}
[2m2025-12-10T10:10:51.448858Z[0m [34mDEBUG[0m [2methereum_transaction_pool_monitor::eth_client[0m[2m:[0m 📨 Received pending transaction: 0x4acd005f8be64aba74d4ee1e3450a551b4efcbfd38766b44b01002431a939876
[2m2025-12-10T10:10:51.448862Z[0m [34mDEBUG[0m [2methereum_transaction_pool_monitor::eth_client[0m[2m:[0m 📨 Received WebSocket message: {"jsonrpc":"2.0","method":"eth_subscription","params":{"subscription":"0xbed0a0851463e895960a451075a301a9","result":"0xabbd90b55f1f381fef6085a4282836b9f3a9752c7a86db87b1dcad49c4c83f30"}}
[2m2025-12-10T10:10:51.448867Z[0m [34mDEBUG[0m [2methereum_transaction_pool_monitor::eth_client[0m[2m:[0m 📨 Received pending transaction: 0xabbd90b55f1f381fef6085a4282836b9f3a9752c7a86db87b1dcad49c4c83f30
[2m2025-12-10T10:10:51.448872Z[0m [34mDEBUG[0m [2methereum_transaction_pool_monitor::eth_client[0m[2m:[0m 📨 Received WebSocket message: {"jsonrpc":"2.0","method":"eth_subscription","params":{"subscription":"0xbed0a0851463e895960a451075a301a9","result":"0xd3d404948303997cb4b9799ad7a59f5ee692371f101e68d4633035ca8baa6e7e"}}
[2m2025-12-10T10:10:51.448877Z[0m [34mDEBUG[0m [2methereum_transaction_pool_monitor::eth_client[0m[2m:[0m 📨 Received pending transaction: 0xd3d404948303997cb4b9799ad7a59f5ee692371f101e68d4633035ca8baa6e7e
[2m2025-12-10T10:10:51.448881Z[0m [34mDEBUG[0m [2methereum_transaction_pool_monitor::eth_client[0m[2m:[0m 📨 Received WebSocket message: {"jsonrpc":"2.0","method":"eth_subscription","params":{"subscription":"0xbed0a0851463e895960a451075a301a9","result":"0xad04d2263d7af3d6148d792c8c8e77ecd77f02f56443f9d57cc36911786499aa"}}
[2m2025-12-10T10:10:51.448886Z[0m [34mDEBUG[0m [2methereum_transaction_pool_monitor::eth_client[0m[2m:[0m 📨 Received pending transaction: 0xad04d2263d7af3d6148d792c8c8e77ecd77f02f56443f9d57cc36911786499aa
[2m2025-12-10T10:10:51.448890Z[0m [34mDEBUG[0m [2methereum_transaction_pool_monitor::eth_client[0m[2m:[0m 📨 Received WebSocket message: {"jsonrpc":"2.0","method":"eth_subscription","params":{"subscription":"0xbed0a0851463e895960a451075a301a9","result":"0x3ff2b59674fdc21af3d983ecee36107f03c3cb0c3b8107ec1df5f9e579fac505"}}
[2m2025-12-10T10:10:51.448895Z[0m [34mDEBUG[0m [2methereum_transaction_pool_monitor::eth_client[0m[2m:[0m 📨 Received pending transaction: 0x3ff2b59674fdc21af3d983ecee36107f03c3cb0c3b8107ec1df5f9e579fac505
[2m2025-12-10T10:10:51.448899Z[0m [34mDEBUG[0m [2methereum_transaction_pool_monitor::eth_client[0m[2m:[0m 📨 Received WebSocket message: {"jsonrpc":"2.0","method":"eth_subscription","params":{"subscription":"0xbed0a0851463e895960a451075a301a9","result":"0x8c7cf914aca3523755f6cc5935561ce2afade89a0d00944f2fd1110a2e53005e"}}
[2m2025-12-10T10:10:51.448904Z[0m [34mDEBUG[0m [2methereum_transaction_pool_monitor::eth_client[0m[2m:[0m 📨 Received pending transaction: 0x8c7cf914aca3523755f6cc5935561ce2afade89a0d00944f2fd1110a2e53005e
[2m2025-12-10T10:10:51.448908Z[0m [34mDEBUG[0m [2methereum_transaction_pool_monitor::eth_client[0m[2m:[0m 📨 Received WebSocket message: {"jsonrpc":"2.0","method":"eth_subscription","params":{"subscription":"0xbed0a0851463e895960a451075a301a9","result":"0x460d9778d265e28b924db6de6e8d41dba6c2eb0d9ceb7b6ea5ff662a9f59aa34"}}
[2m2025-12-10T10:10:51.448913Z[0m [34mDEBUG[0m [2methereum_transaction_pool_monitor::eth_client[0m[2m:[0m 📨 Received pending transaction: 0x460d9778d265e28b924db6de6e8d41dba6c2eb0d9ceb7b6ea5ff662a9f59aa34
[2m2025-12-10T10:10:51.448917Z[0m [34mDEBUG[0m [2methereum_transaction_pool_monitor::eth_client[0m[2m:[0m 📨 Received WebSocket message: {"jsonrpc":"2.0","method":"eth_subscription","params":{"subscription":"0xbed0a0851463e895960a451075a301a9","result":"0x97fdb1d2a0ff60703293ffe9b5a715d43abab0ac5af29fdf1cadd4c4403311a1"}}
[2m2025-12-10T10:10:51.448922Z[0m [34mDEBUG[0m [2methereum_transaction_pool_monitor::eth_client[0m[2m:[0m 📨 Received pending transaction: 0x97fdb1d2a0ff60703293ffe9b5a715d43abab0ac5af29fdf1cadd4c4403311a1
[2m2025-12-10T10:10:51.448926Z[0m [34mDEBUG[0m [2methereum_transaction_pool_monitor::eth_client[0m[2m:[0m 📨 Received WebSocket message: {"jsonrpc":"2.0","method":"eth_subscription","params":{"subscription":"0xbed0a0851463e895960a451075a301a9","result":"0xcae5db7555bc809c6c373b9b86572066926a895e5d5daccf5bce3a1063b5f77a"}}
[2m2025-12-10T10:10:51.448931Z[0m [34mDEBUG[0m [2methereum_transaction_pool_monitor::eth_client[0m[2m:[0m 📨 Received pending transaction: 0xcae5db7555bc809c6c373b9b86572066926a895e5d5daccf5bce3a1063b5f77a
[2m2025-12-10T10:10:51.448935Z[0m [34mDEBUG[0m [2methereum_transaction_pool_monitor::eth_client[0m[2m:[0m 📨 Received WebSocket message: {"jsonrpc":"2.0","method":"eth_subscription","params":{"subscription":"0xbed0a0851463e895960a451075a301a9","result":"0x308796893d0b9f202d259c8875ad0fd3b78f10201fa639ec8e8de0141b5d8784"}}
[2m2025-12-10T10:10:51.448940Z[0m [34mDEBUG[0m [2methereum_transaction_pool_monitor::eth_client[0m[2m:[0m 📨 Received pending transaction: 0x308796893d0b9f202d259c8875ad0fd3b78f10201fa639ec8e8de0141b5d8784
[2m2025-12-10T10:10:51.448945Z[0m [34mDEBUG[0m [2methereum_transaction_pool_monitor::eth_client[0m[2m:[0m 📨 Received WebSocket message: {"jsonrpc":"2.0","method":"eth_subscription","params":{"subscription":"0xbed0a0851463e895960a451075a301a9","result":"0x793b54e43942430b12a3d6e22fa9a7e8a36ad568d1d4873b62a404fb90de6b1c"}}
[2m2025-12-10T10:10:51.448949Z[0m [34mDEBUG[0m [2methereum_transaction_pool_monitor::eth_client[0m[2m:[0m 📨 Received pending transaction: 0x793b54e43942430b12a3d6e22fa9a7e8a36ad568d1d4873b62a404fb90de6b1c
[2m2025-12-10T10:10:51.448955Z[0m [34mDEBUG[0m [2methereum_transaction_pool_monitor::eth_client[0m[2m:[0m 📨 Received WebSocket message: {"jsonrpc":"2.0","method":"eth_subscription","params":{"subscription":"0xbed0a0851463e895960a451075a301a9","result":"0xac3fada7d256140ae654de0e3ae0c6f8e898298558761c4ad204641b8f7c0837"}}
[2m2025-12-10T10:10:51.448960Z[0m [34mDEBUG[0m [2methereum_transaction_pool_monitor::eth_client[0m[2m:[0m 📨 Received pending transaction: 0xac3fada7d256140ae654de0e3ae0c6f8e898298558761c4ad204641b8f7c0837
[2m2025-12-10T10:10:51.448966Z[0m [34mDEBUG[0m [2methereum_transaction_pool_monitor::mempool_monitor[0m[2m:[0m 📨 Processing new pending transaction: 0xdf5b3d8e55ed3ea47ff5bb2f50cb75211bc92810a1a7e3d26c097377753d4d01
[2m2025-12-10T10:10:51.448971Z[0m [34mDEBUG[0m [2methereum_transaction_pool_monitor::mempool_monitor[0m[2m:[0m 🔍 Fetching transaction details for: 0xdf5b3d8e55ed3ea47ff5bb2f50cb75211bc92810a1a7e3d26c097377753d4d01
[2m2025-12-10T10:10:51.448975Z[0m [34mDEBUG[0m [2methereum_transaction_pool_monitor::eth_client[0m[2m:[0m 🔍 Fetching transaction details for hash: 0xdf5b3d8e55ed3ea47ff5bb2f50cb75211bc92810a1a7e3d26c097377753d4d01
[2m2025-12-10T10:10:51.448989Z[0m [34mDEBUG[0m [2mhyper::client::pool[0m[2m:[0m reuse idle connection for ("http", 192.168.0.14:8545)
[2m2025-12-10T10:10:51.449005Z[0m [34mDEBUG[0m [2mhyper::proto::h1::io[0m[2m:[0m flushed 250 bytes
[2m2025-12-10T10:10:51.452465Z[0m [34mDEBUG[0m [2mhyper::proto::h1::io[0m[2m:[0m parsed 4 headers
[2m2025-12-10T10:10:51.452473Z[0m [34mDEBUG[0m [2mhyper::proto::h1::conn[0m[2m:[0m incoming body is content-length (45 bytes)
[2m2025-12-10T10:10:51.452481Z[0m [34mDEBUG[0m [2mhyper::proto::h1::conn[0m[2m:[0m incoming body completed
[2m2025-12-10T10:10:51.452489Z[0m [34mDEBUG[0m [2mhyper::client::pool[0m[2m:[0m pooling idle connection for ("http", 192.168.0.14:8545)
[2m2025-12-10T10:10:51.454294Z[0m [34mDEBUG[0m [2mhyper::proto::h1::io[0m[2m:[0m parsed 4 headers
[2m2025-12-10T10:10:51.454301Z[0m [34mDEBUG[0m [2mhyper::proto::h1::conn[0m[2m:[0m incoming body is content-length (780 bytes)
[2m2025-12-10T10:10:51.454305Z[0m [34mDEBUG[0m [2mhyper::proto::h1::conn[0m[2m:[0m incoming body completed
[2m2025-12-10T10:10:51.454311Z[0m [34mDEBUG[0m [2mhyper::client::pool[0m[2m:[0m pooling idle connection for ("http", 192.168.0.14:8545)
[2m2025-12-10T10:10:51.454316Z[0m [34mDEBUG[0m [2methereum_transaction_pool_monitor::eth_client[0m[2m:[0m 📡 Transaction fetch RPC completed in 5.335583ms
[2m2025-12-10T10:10:51.454329Z[0m [34mDEBUG[0m [2methereum_transaction_pool_monitor::eth_client[0m[2m:[0m DeFi transaction detected - Address: 0xdac17f958d2ee523a2206206994597c13d831ec7, Type: Stablecoin, Value: 0 ETH, Gas: 501.00 Gwei
[2m2025-12-10T10:10:51.454341Z[0m [34mDEBUG[0m [2methereum_transaction_pool_monitor::eth_client[0m[2m:[0m ✅ Transaction 0xdf5b3d8e55ed3ea47ff5bb2f50cb75211bc92810a1a7e3d26c097377753d4d01 fetched and parsed in 5.360333ms
[2m2025-12-10T10:10:51.454346Z[0m [34mDEBUG[0m [2methereum_transaction_pool_monitor::mempool_monitor[0m[2m:[0m 🔍 Skipping tx 0xdf5b3d8e55ed3ea47ff5bb2f50cb75211bc92810a1a7e3d26c097377753d4d01 - not a DEX interaction (target: 0xdAC17F958D2ee523a2206206994597C13D831ec7)
[2m2025-12-10T10:10:51.454351Z[0m [34mDEBUG[0m [2methereum_transaction_pool_monitor::mempool_monitor[0m[2m:[0m 📨 Processing new pending transaction: 0xf2a6bed4af235bcd8ae07f1b3a51b034d43a0451d63c2c7d23e50a0e810eba4f
[2m2025-12-10T10:10:51.454355Z[0m [34mDEBUG[0m [2methereum_transaction_pool_monitor::mempool_monitor[0m[2m:[0m 🔍 Fetching transaction details for: 0xf2a6bed4af235bcd8ae07f1b3a51b034d43a0451d63c2c7d23e50a0e810eba4f
[2m2025-12-10T10:10:51.454358Z[0m [34mDEBUG[0m [2methereum_transaction_pool_monitor::eth_client[0m[2m:[0m 🔍 Fetching transaction details for hash: 0xf2a6bed4af235bcd8ae07f1b3a51b034d43a0451d63c2c7d23e50a0e810eba4f
[2m2025-12-10T10:10:51.454368Z[0m [34mDEBUG[0m [2mhyper::client::pool[0m[2m:[0m reuse idle connection for ("http", 192.168.0.14:8545)
[2m2025-12-10T10:10:51.454395Z[0m [34mDEBUG[0m [2mhyper::proto::h1::io[0m[2m:[0m flushed 250 bytes
[2m2025-12-10T10:10:51.458783Z[0m [34mDEBUG[0m [2mhyper::proto::h1::io[0m[2m:[0m parsed 4 headers
[2m2025-12-10T10:10:51.458802Z[0m [34mDEBUG[0m [2mhyper::proto::h1::conn[0m[2m:[0m incoming body is content-length (556 bytes)
[2m2025-12-10T10:10:51.458819Z[0m [34mDEBUG[0m [2mhyper::proto::h1::conn[0m[2m:[0m incoming body completed
[2m2025-12-10T10:10:51.458838Z[0m [34mDEBUG[0m [2mhyper::client::pool[0m[2m:[0m pooling idle connection for ("http", 192.168.0.14:8545)
[2m2025-12-10T10:10:51.458842Z[0m [34mDEBUG[0m [2methereum_transaction_pool_monitor::eth_client[0m[2m:[0m 📡 Transaction fetch RPC completed in 4.48125ms
[2m2025-12-10T10:10:51.530702Z[0m [34mDEBUG[0m [2methereum_transaction_pool_monitor::eth_client[0m[2m:[0m ✅ Transaction 0xf2a6bed4af235bcd8ae07f1b3a51b034d43a0451d63c2c7d23e50a0e810eba4f fetched and parsed in 76.337625ms
[2m2025-12-10T10:10:51.530731Z[0m [34mDEBUG[0m [2methereum_transaction_pool_monitor::mempool_monitor[0m[2m:[0m 🔍 Skipping tx 0xf2a6bed4af235bcd8ae07f1b3a51b034d43a0451d63c2c7d23e50a0e810eba4f - not a DEX interaction (target: 0xdc1664458d2f0B6090bEa60A8793A4E66c2F1c00)
[2m2025-12-10T10:10:51.530745Z[0m [34mDEBUG[0m [2methereum_transaction_pool_monitor::mempool_monitor[0m[2m:[0m 📨 Processing new pending transaction: 0x3997b14ed6f58229ade024bd246785cc057f2fd04ca43b7efc1ca323570fde7b
[2m2025-12-10T10:10:51.530752Z[0m [34mDEBUG[0m [2methereum_transaction_pool_monitor::mempool_monitor[0m[2m:[0m 🔍 Fetching transaction details for: 0x3997b14ed6f58229ade024bd246785cc057f2fd04ca43b7efc1ca323570fde7b
[2m2025-12-10T10:10:51.530758Z[0m [34mDEBUG[0m [2methereum_transaction_pool_monitor::eth_client[0m[2m:[0m 🔍 Fetching transaction details for hash: 0x3997b14ed6f58229ade024bd246785cc057f2fd04ca43b7efc1ca323570fde7b
[2m2025-12-10T10:10:51.530777Z[0m [34mDEBUG[0m [2mhyper::client::pool[0m[2m:[0m reuse idle connection for ("http", 192.168.0.14:8545)
[2m2025-12-10T10:10:51.530820Z[0m [34mDEBUG[0m [2mhyper::proto::h1::io[0m[2m:[0m flushed 250 bytes
[2m2025-12-10T10:10:51.530847Z[0m [34mDEBUG[0m [2mhyper::client::pool[0m[2m:[0m reuse idle connection for ("http", 192.168.0.14:8545)
[2m2025-12-10T10:10:51.530859Z[0m [34mDEBUG[0m [2mhyper::proto::h1::io[0m[2m:[0m flushed 172 bytes
[2m2025-12-10T10:10:51.536994Z[0m [34mDEBUG[0m [2mhyper::proto::h1::io[0m[2m:[0m parsed 4 headers
[2m2025-12-10T10:10:51.537005Z[0m [34mDEBUG[0m [2mhyper::proto::h1::conn[0m[2m:[0m incoming body is content-length (645 bytes)
[2m2025-12-10T10:10:51.537012Z[0m [34mDEBUG[0m [2mhyper::proto::h1::conn[0m[2m:[0m incoming body completed
[2m2025-12-10T10:10:51.537021Z[0m [34mDEBUG[0m [2mhyper::client::pool[0m[2m:[0m pooling idle connection for ("http", 192.168.0.14:8545)
[2m2025-12-10T10:10:51.537026Z[0m [34mDEBUG[0m [2methereum_transaction_pool_monitor::eth_client[0m[2m:[0m 📡 Transaction fetch RPC completed in 6.263583ms
[2m2025-12-10T10:10:51.608446Z[0m [34mDEBUG[0m [2methereum_transaction_pool_monitor::eth_client[0m[2m:[0m ✅ Transaction 0x3997b14ed6f58229ade024bd246785cc057f2fd04ca43b7efc1ca323570fde7b fetched and parsed in 77.680542ms
[2m2025-12-10T10:10:51.608474Z[0m [34mDEBUG[0m [2methereum_transaction_pool_monitor::mempool_monitor[0m[2m:[0m 🔍 Skipping tx 0x3997b14ed6f58229ade024bd246785cc057f2fd04ca43b7efc1ca323570fde7b - not a DEX interaction (target: 0xb5a02Cb9c6A607F2cB380Bb00a3136443bC45157)
[2m2025-12-10T10:10:51.608486Z[0m [34mDEBUG[0m [2methereum_transaction_pool_monitor::mempool_monitor[0m[2m:[0m 📨 Processing new pending transaction: 0x8047895607ab11ae540edac7dae4711f7772aac4ab677567b130ca6b902de396
[2m2025-12-10T10:10:51.608491Z[0m [34mDEBUG[0m [2methereum_transaction_pool_monitor::mempool_monitor[0m[2m:[0m 🔍 Fetching transaction details for: 0x8047895607ab11ae540edac7dae4711f7772aac4ab677567b130ca6b902de396
[2m2025-12-10T10:10:51.608495Z[0m [34mDEBUG[0m [2methereum_transaction_pool_monitor::eth_client[0m[2m:[0m 🔍 Fetching transaction details for hash: 0x8047895607ab11ae540edac7dae4711f7772aac4ab677567b130ca6b902de396
[2m2025-12-10T10:10:51.608517Z[0m [34mDEBUG[0m [2mhyper::client::pool[0m[2m:[0m reuse idle connection for ("http", 192.168.0.14:8545)
[2m2025-12-10T10:10:51.608554Z[0m [34mDEBUG[0m [2mhyper::proto::h1::io[0m[2m:[0m flushed 250 bytes
[2m2025-12-10T10:10:51.608574Z[0m [34mDEBUG[0m [2methereum_transaction_pool_monitor::eth_client[0m[2m:[0m 📨 Received WebSocket message: {"jsonrpc":"2.0","method":"eth_subscription","params":{"subscription":"0xbed0a0851463e895960a451075a301a9","result":"0xc8e2e52f248945256d9170af960cf8187a64420578294047cb1bad72fbc47d41"}}
[2m2025-12-10T10:10:51.608583Z[0m [34mDEBUG[0m [2methereum_transaction_pool_monitor::eth_client[0m[2m:[0m 📨 Received pending transaction: 0xc8e2e52f248945256d9170af960cf8187a64420578294047cb1bad72fbc47d41
[2m2025-12-10T10:10:51.608590Z[0m [34mDEBUG[0m [2methereum_transaction_pool_monitor::eth_client[0m[2m:[0m 📨 Received WebSocket message: {"jsonrpc":"2.0","method":"eth_subscription","params":{"subscription":"0xbed0a0851463e895960a451075a301a9","result":"0x27538b5327daa750914049410239404f1e91ac167470d244a55dd0ec6f220ca8"}}
[2m2025-12-10T10:10:51.608611Z[0m [34mDEBUG[0m [2mhyper::proto::h1::io[0m[2m:[0m parsed 4 headers
[2m2025-12-10T10:10:51.608847Z[0m [34mDEBUG[0m [2methereum_transaction_pool_monitor::eth_client[0m[2m:[0m 📨 Received pending transaction: 0x27538b5327daa750914049410239404f1e91ac167470d244a55dd0ec6f220ca8
[2m2025-12-10T10:10:51.608849Z[0m [34mDEBUG[0m [2mhyper::proto::h1::conn[0m[2m:[0m incoming body is content-length (45 bytes)
[2m2025-12-10T10:10:51.608858Z[0m [34mDEBUG[0m [2methereum_transaction_pool_monitor::eth_client[0m[2m:[0m 📨 Received WebSocket message: {"jsonrpc":"2.0","method":"eth_subscription","params":{"subscription":"0xbed0a0851463e895960a451075a301a9","result":"0x6270fd4f4dbd5b446a7582c6630e5acfd50b838b3c92d9927ac6c28ec8cbf923"}}
[2m2025-12-10T10:10:51.608883Z[0m [34mDEBUG[0m [2mhyper::proto::h1::conn[0m[2m:[0m incoming body completed
[2m2025-12-10T10:10:51.608906Z[0m [34mDEBUG[0m [2mhyper::client::pool[0m[2m:[0m pooling idle connection for ("http", 192.168.0.14:8545)
[2m2025-12-10T10:10:51.608905Z[0m [34mDEBUG[0m [2methereum_transaction_pool_monitor::eth_client[0m[2m:[0m 📨 Received pending transaction: 0x6270fd4f4dbd5b446a7582c6630e5acfd50b838b3c92d9927ac6c28ec8cbf923
[2m2025-12-10T10:10:51.608938Z[0m [34mDEBUG[0m [2mhyper::client::pool[0m[2m:[0m reuse idle connection for ("http", 192.168.0.14:8545)
[2m2025-12-10T10:10:51.608953Z[0m [34mDEBUG[0m [2methereum_transaction_pool_monitor::eth_client[0m[2m:[0m 📨 Received WebSocket message: {"jsonrpc":"2.0","method":"eth_subscription","params":{"subscription":"0xbed0a0851463e895960a451075a301a9","result":"0x067c84174282e66ad352e77657e290353874ad2b55da1d986f0036ca40cae328"}}
[2m2025-12-10T10:10:51.608964Z[0m [34mDEBUG[0m [2mhyper::proto::h1::io[0m[2m:[0m flushed 172 bytes
[2m2025-12-10T10:10:51.609012Z[0m [34mDEBUG[0m [2methereum_transaction_pool_monitor::eth_client[0m[2m:[0m 📨 Received pending transaction: 0x067c84174282e66ad352e77657e290353874ad2b55da1d986f0036ca40cae328
[2m2025-12-10T10:10:51.609048Z[0m [34mDEBUG[0m [2methereum_transaction_pool_monitor::eth_client[0m[2m:[0m 📨 Received WebSocket message: {"jsonrpc":"2.0","method":"eth_subscription","params":{"subscription":"0xbed0a0851463e895960a451075a301a9","result":"0xf5fd90f6e59885211433e797777d1be9bba48132f9c7dc137ab536afbfe3a37f"}}
[2m2025-12-10T10:10:51.609054Z[0m [34mDEBUG[0m [2methereum_transaction_pool_monitor::eth_client[0m[2m:[0m 📨 Received pending transaction: 0xf5fd90f6e59885211433e797777d1be9bba48132f9c7dc137ab536afbfe3a37f
[2m2025-12-10T10:10:51.609058Z[0m [34mDEBUG[0m [2methereum_transaction_pool_monitor::eth_client[0m[2m:[0m 📨 Received WebSocket message: {"jsonrpc":"2.0","method":"eth_subscription","params":{"subscription":"0xbed0a0851463e895960a451075a301a9","result":"0xca6f4ce1940f2965e8d19a9e76c17ae89462ba58a66879dbd9ce08c86ded58b8"}}
[2m2025-12-10T10:10:51.609062Z[0m [34mDEBUG[0m [2methereum_transaction_pool_monitor::eth_client[0m[2m:[0m 📨 Received pending transaction: 0xca6f4ce1940f2965e8d19a9e76c17ae89462ba58a66879dbd9ce08c86ded58b8
[2m2025-12-10T10:10:51.609066Z[0m [34mDEBUG[0m [2methereum_transaction_pool_monitor::eth_client[0m[2m:[0m 📨 Received WebSocket message: {"jsonrpc":"2.0","method":"eth_subscription","params":{"subscription":"0xbed0a0851463e895960a451075a301a9","result":"0x484424a8e762e9b6119960d6879ec5bea33a3f32160d2331b62b75a658f5d6d5"}}
[2m2025-12-10T10:10:51.609072Z[0m [34mDEBUG[0m [2methereum_transaction_pool_monitor::eth_client[0m[2m:[0m 📨 Received pending transaction: 0x484424a8e762e9b6119960d6879ec5bea33a3f32160d2331b62b75a658f5d6d5
[2m2025-12-10T10:10:51.609076Z[0m [34mDEBUG[0m [2methereum_transaction_pool_monitor::eth_client[0m[2m:[0m 📨 Received WebSocket message: {"jsonrpc":"2.0","method":"eth_subscription","params":{"subscription":"0xbed0a0851463e895960a451075a301a9","result":"0xf2fdfe06bc06246bd977bfb1bf9835ecc0d665fc35af5a9268663c0c08895f40"}}
[2m2025-12-10T10:10:51.609080Z[0m [34mDEBUG[0m [2methereum_transaction_pool_monitor::eth_client[0m[2m:[0m 📨 Received pending transaction: 0xf2fdfe06bc06246bd977bfb1bf9835ecc0d665fc35af5a9268663c0c08895f40
[2m2025-12-10T10:10:51.609084Z[0m [34mDEBUG[0m [2methereum_transaction_pool_monitor::eth_client[0m[2m:[0m 📨 Received WebSocket message: {"jsonrpc":"2.0","method":"eth_subscription","params":{"subscription":"0xbed0a0851463e895960a451075a301a9","result":"0x9aabf21517f7d06f567cc4616a64fbf153c9b88580b68e0b01110e81367baf06"}}
[2m2025-12-10T10:10:51.609088Z[0m [34mDEBUG[0m [2methereum_transaction_pool_monitor::eth_client[0m[2m:[0m 📨 Received pending transaction: 0x9aabf21517f7d06f567cc4616a64fbf153c9b88580b68e0b01110e81367baf06
[2m2025-12-10T10:10:51.609091Z[0m [34mDEBUG[0m [2methereum_transaction_pool_monitor::eth_client[0m[2m:[0m 📨 Received WebSocket message: {"jsonrpc":"2.0","method":"eth_subscription","params":{"subscription":"0xbed0a0851463e895960a451075a301a9","result":"0x5e93a4a7a29145bc783cf1d536af484f7ee5751ccccd53651eda7d75c9af10a3"}}
[2m2025-12-10T10:10:51.609095Z[0m [34mDEBUG[0m [2methereum_transaction_pool_monitor::eth_client[0m[2m:[0m 📨 Received pending transaction: 0x5e93a4a7a29145bc783cf1d536af484f7ee5751ccccd53651eda7d75c9af10a3
[2m2025-12-10T10:10:51.609099Z[0m [34mDEBUG[0m [2methereum_transaction_pool_monitor::eth_client[0m[2m:[0m 📨 Received WebSocket message: {"jsonrpc":"2.0","method":"eth_subscription","params":{"subscription":"0xbed0a0851463e895960a451075a301a9","result":"0xee1aa2f602e04b1170a5ec04340604819358ef9b06abc9ddfbb8a81d7eeacbb8"}}
[2m2025-12-10T10:10:51.609103Z[0m [34mDEBUG[0m [2methereum_transaction_pool_monitor::eth_client[0m[2m:[0m 📨 Received pending transaction: 0xee1aa2f602e04b1170a5ec04340604819358ef9b06abc9ddfbb8a81d7eeacbb8
[2m2025-12-10T10:10:51.613130Z[0m [34mDEBUG[0m [2mhyper::proto::h1::io[0m[2m:[0m parsed 4 headers
[2m2025-12-10T10:10:51.616368Z[0m [34mDEBUG[0m [2mhyper::proto::h1::conn[0m[2m:[0m incoming body is content-length (8752 bytes)
[2m2025-12-10T10:10:51.616382Z[0m [34mDEBUG[0m [2methereum_transaction_pool_monitor::eth_client[0m[2m:[0m 📡 Transaction fetch RPC completed in 7.882416ms
[2m2025-12-10T10:10:51.616399Z[0m [34mDEBUG[0m [2mhyper::proto::h1::io[0m[2m:[0m parsed 4 headers
[2m2025-12-10T10:10:51.616407Z[0m [34mDEBUG[0m [2mhyper::proto::h1::conn[0m[2m:[0m incoming body is content-length (45 bytes)
[2m2025-12-10T10:10:51.616414Z[0m [34mDEBUG[0m [2mhyper::proto::h1::conn[0m[2m:[0m incoming body completed
[2m2025-12-10T10:10:51.616422Z[0m [34mDEBUG[0m [2mhyper::client::pool[0m[2m:[0m pooling idle connection for ("http", 192.168.0.14:8545)
[2m2025-12-10T10:10:51.616458Z[0m [34mDEBUG[0m [2mhyper::proto::h1::conn[0m[2m:[0m incoming body completed
[2m2025-12-10T10:10:51.616469Z[0m [34mDEBUG[0m [2mhyper::client::pool[0m[2m:[0m pooling idle connection for ("http", 192.168.0.14:8545)
[2m2025-12-10T10:10:51.688898Z[0m [34mDEBUG[0m [2methereum_transaction_pool_monitor::eth_client[0m[2m:[0m ✅ Transaction 0x8047895607ab11ae540edac7dae4711f7772aac4ab677567b130ca6b902de396 fetched and parsed in 80.396375ms
[2m2025-12-10T10:10:51.688923Z[0m [34mDEBUG[0m [2methereum_transaction_pool_monitor::mempool_monitor[0m[2m:[0m 🔍 Skipping tx 0x8047895607ab11ae540edac7dae4711f7772aac4ab677567b130ca6b902de396 - not a DEX interaction (target: 0x663DC15D3C1aC63ff12E45Ab68FeA3F0a883C251)
[2m2025-12-10T10:10:51.688933Z[0m [34mDEBUG[0m [2methereum_transaction_pool_monitor::mempool_monitor[0m[2m:[0m 📨 Processing new pending transaction: 0xbaf71d3d6ae0ae14d56e023aac81f3da782d76576699f7131dbe7dfc5f4346a5
[2m2025-12-10T10:10:51.688939Z[0m [34mDEBUG[0m [2methereum_transaction_pool_monitor::mempool_monitor[0m[2m:[0m 🔍 Fetching transaction details for: 0xbaf71d3d6ae0ae14d56e023aac81f3da782d76576699f7131dbe7dfc5f4346a5
[2m2025-12-10T10:10:51.688943Z[0m [34mDEBUG[0m [2methereum_transaction_pool_monitor::eth_client[0m[2m:[0m 🔍 Fetching transaction details for hash: 0xbaf71d3d6ae0ae14d56e023aac81f3da782d76576699f7131dbe7dfc5f4346a5
[2m2025-12-10T10:10:51.688962Z[0m [34mDEBUG[0m [2mhyper::client::pool[0m[2m:[0m reuse idle connection for ("http", 192.168.0.14:8545)
[2m2025-12-10T10:10:51.688997Z[0m [34mDEBUG[0m [2mhyper::proto::h1::io[0m[2m:[0m flushed 250 bytes
[2m2025-12-10T10:10:51.693141Z[0m [34mDEBUG[0m [2mhyper::proto::h1::io[0m[2m:[0m parsed 4 headers
[2m2025-12-10T10:10:51.693151Z[0m [34mDEBUG[0m [2mhyper::proto::h1::conn[0m[2m:[0m incoming body is content-length (553 bytes)
[2m2025-12-10T10:10:51.693158Z[0m [34mDEBUG[0m [2mhyper::proto::h1::conn[0m[2m:[0m incoming body completed
[2m2025-12-10T10:10:51.693167Z[0m [34mDEBUG[0m [2mhyper::client::pool[0m[2m:[0m pooling idle connection for ("http", 192.168.0.14:8545)
[2m2025-12-10T10:10:51.693173Z[0m [34mDEBUG[0m [2methereum_transaction_pool_monitor::eth_client[0m[2m:[0m 📡 Transaction fetch RPC completed in 4.225791ms
[2m2025-12-10T10:10:51.762515Z[0m [34mDEBUG[0m [2methereum_transaction_pool_monitor::eth_client[0m[2m:[0m ✅ Transaction 0xbaf71d3d6ae0ae14d56e023aac81f3da782d76576699f7131dbe7dfc5f4346a5 fetched and parsed in 73.564583ms
[2m2025-12-10T10:10:51.762543Z[0m [34mDEBUG[0m [2methereum_transaction_pool_monitor::mempool_monitor[0m[2m:[0m 🔍 Skipping tx 0xbaf71d3d6ae0ae14d56e023aac81f3da782d76576699f7131dbe7dfc5f4346a5 - not a DEX interaction (target: 0xCEfC6c684E5c9d2a5E7d6BdAa273bb2211963258)
[2m2025-12-10T10:10:51.762562Z[0m [34mDEBUG[0m [2methereum_transaction_pool_monitor::mempool_monitor[0m[2m:[0m 📨 Processing new pending transaction: 0x83bb46fab886b7e3c589491c55a466cad40d833c7dbb2cad426f2a74c49d4559
[2m2025-12-10T10:10:51.762569Z[0m [34mDEBUG[0m [2methereum_transaction_pool_monitor::mempool_monitor[0m[2m:[0m 🔍 Fetching transaction details for: 0x83bb46fab886b7e3c589491c55a466cad40d833c7dbb2cad426f2a74c49d4559
[2m2025-12-10T10:10:51.762575Z[0m [34mDEBUG[0m [2methereum_transaction_pool_monitor::eth_client[0m[2m:[0m 🔍 Fetching transaction details for hash: 0x83bb46fab886b7e3c589491c55a466cad40d833c7dbb2cad426f2a74c49d4559
[2m2025-12-10T10:10:51.762593Z[0m [34mDEBUG[0m [2mhyper::client::pool[0m[2m:[0m reuse idle connection for ("http", 192.168.0.14:8545)
[2m2025-12-10T10:10:51.762627Z[0m [34mDEBUG[0m [2mhyper::proto::h1::io[0m[2m:[0m flushed 250 bytes
[2m2025-12-10T10:10:51.762647Z[0m [34mDEBUG[0m [2mhyper::client::pool[0m[2m:[0m reuse idle connection for ("http", 192.168.0.14:8545)
[2m2025-12-10T10:10:51.762663Z[0m [34mDEBUG[0m [2mhyper::proto::h1::io[0m[2m:[0m flushed 172 bytes
[2m2025-12-10T10:10:51.762699Z[0m [34mDEBUG[0m [2methereum_transaction_pool_monitor::eth_client[0m[2m:[0m 📨 Received WebSocket message: {"jsonrpc":"2.0","method":"eth_subscription","params":{"subscription":"0xbed0a0851463e895960a451075a301a9","result":"0xc55edbe6044cb308446e17cd40808c110c96dbeb098e977585f835f0b43dca16"}}
[2m2025-12-10T10:10:51.762715Z[0m [34mDEBUG[0m [2methereum_transaction_pool_monitor::eth_client[0m[2m:[0m 📨 Received pending transaction: 0xc55edbe6044cb308446e17cd40808c110c96dbeb098e977585f835f0b43dca16
[2m2025-12-10T10:10:51.765897Z[0m [34mDEBUG[0m [2mhyper::proto::h1::io[0m[2m:[0m parsed 4 headers
[2m2025-12-10T10:10:51.765909Z[0m [34mDEBUG[0m [2mhyper::proto::h1::conn[0m[2m:[0m incoming body is content-length (45 bytes)
[2m2025-12-10T10:10:51.765917Z[0m [34mDEBUG[0m [2mhyper::proto::h1::conn[0m[2m:[0m incoming body completed
[2m2025-12-10T10:10:51.765926Z[0m [34mDEBUG[0m [2mhyper::client::pool[0m[2m:[0m pooling idle connection for ("http", 192.168.0.14:8545)
[2m2025-12-10T10:10:51.766639Z[0m [34mDEBUG[0m [2mhyper::proto::h1::io[0m[2m:[0m parsed 4 headers
[2m2025-12-10T10:10:51.766667Z[0m [34mDEBUG[0m [2mhyper::proto::h1::conn[0m[2m:[0m incoming body is content-length (674 bytes)
[2m2025-12-10T10:10:51.766674Z[0m [34mDEBUG[0m [2mhyper::proto::h1::conn[0m[2m:[0m incoming body completed
[2m2025-12-10T10:10:51.766681Z[0m [34mDEBUG[0m [2mhyper::client::pool[0m[2m:[0m pooling idle connection for ("http", 192.168.0.14:8545)
[2m2025-12-10T10:10:51.766687Z[0m [34mDEBUG[0m [2methereum_transaction_pool_monitor::eth_client[0m[2m:[0m 📡 Transaction fetch RPC completed in 4.107333ms
[2m2025-12-10T10:10:51.766712Z[0m [34mDEBUG[0m [2methereum_transaction_pool_monitor::eth_client[0m[2m:[0m DeFi transaction detected - Address: 0xdac17f958d2ee523a2206206994597c13d831ec7, Type: Stablecoin, Value: 0 ETH, Gas: 0.17 Gwei
[2m2025-12-10T10:10:51.766727Z[0m [34mDEBUG[0m [2methereum_transaction_pool_monitor::eth_client[0m[2m:[0m ✅ Transaction 0x83bb46fab886b7e3c589491c55a466cad40d833c7dbb2cad426f2a74c49d4559 fetched and parsed in 4.147042ms
[2m2025-12-10T10:10:51.766734Z[0m [34mDEBUG[0m [2methereum_transaction_pool_monitor::mempool_monitor[0m[2m:[0m 🔍 Skipping tx 0x83bb46fab886b7e3c589491c55a466cad40d833c7dbb2cad426f2a74c49d4559 - not a DEX interaction (target: 0xdAC17F958D2ee523a2206206994597C13D831ec7)
[2m2025-12-10T10:10:51.766741Z[0m [34mDEBUG[0m [2methereum_transaction_pool_monitor::mempool_monitor[0m[2m:[0m 📨 Processing new pending transaction: 0x4fe0df78da26bc6549a586ce1e5fdd96404192e88d21fd5fadb1c0a4a37da3e7
[2m2025-12-10T10:10:51.766746Z[0m [34mDEBUG[0m [2methereum_transaction_pool_monitor::mempool_monitor[0m[2m:[0m 🔍 Fetching transaction details for: 0x4fe0df78da26bc6549a586ce1e5fdd96404192e88d21fd5fadb1c0a4a37da3e7
[2m2025-12-10T10:10:51.766750Z[0m [34mDEBUG[0m [2methereum_transaction_pool_monitor::eth_client[0m[2m:[0m 🔍 Fetching transaction details for hash: 0x4fe0df78da26bc6549a586ce1e5fdd96404192e88d21fd5fadb1c0a4a37da3e7
[2m2025-12-10T10:10:51.766764Z[0m [34mDEBUG[0m [2mhyper::client::pool[0m[2m:[0m reuse idle connection for ("http", 192.168.0.14:8545)
[2m2025-12-10T10:10:51.766796Z[0m [34mDEBUG[0m [2mhyper::proto::h1::io[0m[2m:[0m flushed 250 bytes
[2m2025-12-10T10:10:51.779007Z[0m [34mDEBUG[0m [2mhyper::proto::h1::io[0m[2m:[0m parsed 4 headers
[2m2025-12-10T10:10:51.779016Z[0m [34mDEBUG[0m [2mhyper::proto::h1::conn[0m[2m:[0m incoming body is content-length (768 bytes)
[2m2025-12-10T10:10:51.779021Z[0m [34mDEBUG[0m [2mhyper::proto::h1::conn[0m[2m:[0m incoming body completed
[2m2025-12-10T10:10:51.779027Z[0m [34mDEBUG[0m [2mhyper::client::pool[0m[2m:[0m pooling idle connection for ("http", 192.168.0.14:8545)
[2m2025-12-10T10:10:51.779032Z[0m [34mDEBUG[0m [2methereum_transaction_pool_monitor::eth_client[0m[2m:[0m 📡 Transaction fetch RPC completed in 12.276125ms
[2m2025-12-10T10:10:51.779043Z[0m [34mDEBUG[0m [2methereum_transaction_pool_monitor::eth_client[0m[2m:[0m DeFi transaction detected - Address: 0xdac17f958d2ee523a2206206994597c13d831ec7, Type: Stablecoin, Value: 0 ETH, Gas: 0.17 Gwei
[2m2025-12-10T10:10:51.779052Z[0m [34mDEBUG[0m [2methereum_transaction_pool_monitor::eth_client[0m[2m:[0m ✅ Transaction 0x4fe0df78da26bc6549a586ce1e5fdd96404192e88d21fd5fadb1c0a4a37da3e7 fetched and parsed in 12.296292ms
[2m2025-12-10T10:10:51.779057Z[0m [34mDEBUG[0m [2methereum_transaction_pool_monitor::mempool_monitor[0m[2m:[0m 🔍 Skipping tx 0x4fe0df78da26bc6549a586ce1e5fdd96404192e88d21fd5fadb1c0a4a37da3e7 - not a DEX interaction (target: 0xdAC17F958D2ee523a2206206994597C13D831ec7)
[2m2025-12-10T10:10:51.779063Z[0m [34mDEBUG[0m [2methereum_transaction_pool_monitor::mempool_monitor[0m[2m:[0m 📨 Processing new pending transaction: 0x0ad3e7b4774a4e8ebbfbd8abe1056708e9eff3ca533c889e22f559d96c2d9b98
[2m2025-12-10T10:10:51.779067Z[0m [34mDEBUG[0m [2methereum_transaction_pool_monitor::mempool_monitor[0m[2m:[0m 🔍 Fetching transaction details for: 0x0ad3e7b4774a4e8ebbfbd8abe1056708e9eff3ca533c889e22f559d96c2d9b98
[2m2025-12-10T10:10:51.779162Z[0m [34mDEBUG[0m [2methereum_transaction_pool_monitor::eth_client[0m[2m:[0m 🔍 Fetching transaction details for hash: 0x0ad3e7b4774a4e8ebbfbd8abe1056708e9eff3ca533c889e22f559d96c2d9b98
[2m2025-12-10T10:10:51.779173Z[0m [34mDEBUG[0m [2mhyper::client::pool[0m[2m:[0m reuse idle connection for ("http", 192.168.0.14:8545)
[2m2025-12-10T10:10:51.779190Z[0m [34mDEBUG[0m [2mhyper::proto::h1::io[0m[2m:[0m flushed 250 bytes
[2m2025-12-10T10:10:51.783316Z[0m [34mDEBUG[0m [2mhyper::proto::h1::io[0m[2m:[0m parsed 4 headers
[2m2025-12-10T10:10:51.783321Z[0m [34mDEBUG[0m [2mhyper::proto::h1::conn[0m[2m:[0m incoming body is content-length (646 bytes)
[2m2025-12-10T10:10:51.783326Z[0m [34mDEBUG[0m [2mhyper::proto::h1::conn[0m[2m:[0m incoming body completed
[2m2025-12-10T10:10:51.783331Z[0m [34mDEBUG[0m [2mhyper::client::pool[0m[2m:[0m pooling idle connection for ("http", 192.168.0.14:8545)
[2m2025-12-10T10:10:51.783335Z[0m [34mDEBUG[0m [2methereum_transaction_pool_monitor::eth_client[0m[2m:[0m 📡 Transaction fetch RPC completed in 4.168417ms
[2m2025-12-10T10:10:51.851187Z[0m [34mDEBUG[0m [2methereum_transaction_pool_monitor::eth_client[0m[2m:[0m ✅ Transaction 0x0ad3e7b4774a4e8ebbfbd8abe1056708e9eff3ca533c889e22f559d96c2d9b98 fetched and parsed in 72.018292ms
[2m2025-12-10T10:10:51.851215Z[0m [34mDEBUG[0m [2methereum_transaction_pool_monitor::mempool_monitor[0m[2m:[0m 🔍 Skipping tx 0x0ad3e7b4774a4e8ebbfbd8abe1056708e9eff3ca533c889e22f559d96c2d9b98 - not a DEX interaction (target: 0xf52605c7b778563a5a9144EF4Dc53B57463ca2c7)
[2m2025-12-10T10:10:51.851227Z[0m [34mDEBUG[0m [2methereum_transaction_pool_monitor::mempool_monitor[0m[2m:[0m 📨 Processing new pending transaction: 0x7e58598f98d752076a5d35934f27c86987396738a779e36042b6aa5db91251de
[2m2025-12-10T10:10:51.851234Z[0m [34mDEBUG[0m [2methereum_transaction_pool_monitor::mempool_monitor[0m[2m:[0m 🔍 Fetching transaction details for: 0x7e58598f98d752076a5d35934f27c86987396738a779e36042b6aa5db91251de
[2m2025-12-10T10:10:51.851239Z[0m [34mDEBUG[0m [2methereum_transaction_pool_monitor::eth_client[0m[2m:[0m 🔍 Fetching transaction details for hash: 0x7e58598f98d752076a5d35934f27c86987396738a779e36042b6aa5db91251de
[2m2025-12-10T10:10:51.851256Z[0m [34mDEBUG[0m [2mhyper::client::pool[0m[2m:[0m reuse idle connection for ("http", 192.168.0.14:8545)
[2m2025-12-10T10:10:51.851290Z[0m [34mDEBUG[0m [2mhyper::proto::h1::io[0m[2m:[0m flushed 250 bytes
[2m2025-12-10T10:10:51.851308Z[0m [34mDEBUG[0m [2mhyper::client::pool[0m[2m:[0m reuse idle connection for ("http", 192.168.0.14:8545)
[2m2025-12-10T10:10:51.851319Z[0m [34mDEBUG[0m [2methereum_transaction_pool_monitor::eth_client[0m[2m:[0m 📨 Received WebSocket message: {"jsonrpc":"2.0","method":"eth_subscription","params":{"subscription":"0xbed0a0851463e895960a451075a301a9","result":"0xf62cbc5af9c019ce349141c3aa661b37f93cdf827c79734fc9956fd07aac80bf"}}
[2m2025-12-10T10:10:51.851323Z[0m [34mDEBUG[0m [2mhyper::proto::h1::io[0m[2m:[0m flushed 172 bytes
[2m2025-12-10T10:10:51.851330Z[0m [34mDEBUG[0m [2methereum_transaction_pool_monitor::eth_client[0m[2m:[0m 📨 Received pending transaction: 0xf62cbc5af9c019ce349141c3aa661b37f93cdf827c79734fc9956fd07aac80bf
[2m2025-12-10T10:10:51.851336Z[0m [34mDEBUG[0m [2methereum_transaction_pool_monitor::eth_client[0m[2m:[0m 📨 Received WebSocket message: {"jsonrpc":"2.0","method":"eth_subscription","params":{"subscription":"0xbed0a0851463e895960a451075a301a9","result":"0x33697c5b0c7e52da1f66a8cb2b09fcae461475a6def8b8482481ff070cb60da9"}}
[2m2025-12-10T10:10:51.851342Z[0m [34mDEBUG[0m [2methereum_transaction_pool_monitor::eth_client[0m[2m:[0m 📨 Received pending transaction: 0x33697c5b0c7e52da1f66a8cb2b09fcae461475a6def8b8482481ff070cb60da9
[2m2025-12-10T10:10:51.851347Z[0m [34mDEBUG[0m [2methereum_transaction_pool_monitor::eth_client[0m[2m:[0m 📨 Received WebSocket message: {"jsonrpc":"2.0","method":"eth_subscription","params":{"subscription":"0xbed0a0851463e895960a451075a301a9","result":"0x9b7039dce2f2fce0bfb5a9c2b003d5d3a67fea08a59d5c410d75da0d3519c31a"}}
[2m2025-12-10T10:10:51.851352Z[0m [34mDEBUG[0m [2methereum_transaction_pool_monitor::eth_client[0m[2m:[0m 📨 Received pending transaction: 0x9b7039dce2f2fce0bfb5a9c2b003d5d3a67fea08a59d5c410d75da0d3519c31a
[2m2025-12-10T10:10:51.856657Z[0m [34mDEBUG[0m [2mhyper::proto::h1::io[0m[2m:[0m parsed 4 headers
[2m2025-12-10T10:10:51.856663Z[0m [34mDEBUG[0m [2mhyper::proto::h1::conn[0m[2m:[0m incoming body is content-length (896 bytes)
[2m2025-12-10T10:10:51.856669Z[0m [34mDEBUG[0m [2mhyper::proto::h1::conn[0m[2m:[0m incoming body completed
[2m2025-12-10T10:10:51.856676Z[0m [34mDEBUG[0m [2mhyper::client::pool[0m[2m:[0m pooling idle connection for ("http", 192.168.0.14:8545)
[2m2025-12-10T10:10:51.856681Z[0m [34mDEBUG[0m [2methereum_transaction_pool_monitor::eth_client[0m[2m:[0m 📡 Transaction fetch RPC completed in 5.438042ms
[2m2025-12-10T10:10:51.927359Z[0m [34mDEBUG[0m [2methereum_transaction_pool_monitor::eth_client[0m[2m:[0m ✅ Transaction 0x7e58598f98d752076a5d35934f27c86987396738a779e36042b6aa5db91251de fetched and parsed in 76.113167ms
[2m2025-12-10T10:10:51.927383Z[0m [34mDEBUG[0m [2methereum_transaction_pool_monitor::mempool_monitor[0m[2m:[0m 🔍 Skipping tx 0x7e58598f98d752076a5d35934f27c86987396738a779e36042b6aa5db91251de - not a DEX interaction (target: 0x5C6374a2ac4EBC38DeA0Fc1F8716e5Ea1AdD94dd)
[2m2025-12-10T10:10:51.927392Z[0m [34mDEBUG[0m [2methereum_transaction_pool_monitor::mempool_monitor[0m[2m:[0m 📨 Processing new pending transaction: 0xb568c59ab9bf79bc9583f7d8f76b1811375d9840d9a3a9e9556a84b684203e33
[2m2025-12-10T10:10:51.927397Z[0m [34mDEBUG[0m [2methereum_transaction_pool_monitor::mempool_monitor[0m[2m:[0m 🔍 Fetching transaction details for: 0xb568c59ab9bf79bc9583f7d8f76b1811375d9840d9a3a9e9556a84b684203e33
[2m2025-12-10T10:10:51.927402Z[0m [34mDEBUG[0m [2methereum_transaction_pool_monitor::eth_client[0m[2m:[0m 🔍 Fetching transaction details for hash: 0xb568c59ab9bf79bc9583f7d8f76b1811375d9840d9a3a9e9556a84b684203e33
[2m2025-12-10T10:10:51.927420Z[0m [34mDEBUG[0m [2mhyper::client::pool[0m[2m:[0m reuse idle connection for ("http", 192.168.0.14:8545)
[2m2025-12-10T10:10:51.927458Z[0m [34mDEBUG[0m [2mhyper::proto::h1::io[0m[2m:[0m flushed 250 bytes
[2m2025-12-10T10:10:51.927481Z[0m [34mDEBUG[0m [2methereum_transaction_pool_monitor::eth_client[0m[2m:[0m 📨 Received WebSocket message: {"jsonrpc":"2.0","method":"eth_subscription","params":{"subscription":"0xbed0a0851463e895960a451075a301a9","result":"0x7da79a57f350feecbcc4540e8e08648c31c9ce3347f79e4e936118ff16d51111"}}
[2m2025-12-10T10:10:51.927490Z[0m [34mDEBUG[0m [2methereum_transaction_pool_monitor::eth_client[0m[2m:[0m 📨 Received pending transaction: 0x7da79a57f350feecbcc4540e8e08648c31c9ce3347f79e4e936118ff16d51111
[2m2025-12-10T10:10:51.927514Z[0m [34mDEBUG[0m [2mhyper::proto::h1::io[0m[2m:[0m parsed 4 headers
[2m2025-12-10T10:10:51.927521Z[0m [34mDEBUG[0m [2mhyper::proto::h1::conn[0m[2m:[0m incoming body is content-length (45 bytes)
[2m2025-12-10T10:10:51.927527Z[0m [34mDEBUG[0m [2mhyper::proto::h1::conn[0m[2m:[0m incoming body completed
[2m2025-12-10T10:10:51.927534Z[0m [34mDEBUG[0m [2mhyper::client::pool[0m[2m:[0m pooling idle connection for ("http", 192.168.0.14:8545)
[2m2025-12-10T10:10:51.927549Z[0m [34mDEBUG[0m [2mhyper::client::pool[0m[2m:[0m reuse idle connection for ("http", 192.168.0.14:8545)
[2m2025-12-10T10:10:51.927561Z[0m [34mDEBUG[0m [2mhyper::proto::h1::io[0m[2m:[0m flushed 172 bytes
[2m2025-12-10T10:10:51.931892Z[0m [34mDEBUG[0m [2mhyper::proto::h1::io[0m[2m:[0m parsed 4 headers
[2m2025-12-10T10:10:51.931900Z[0m [34mDEBUG[0m [2mhyper::proto::h1::conn[0m[2m:[0m incoming body is content-length (646 bytes)
[2m2025-12-10T10:10:51.931906Z[0m [34mDEBUG[0m [2mhyper::proto::h1::conn[0m[2m:[0m incoming body completed
[2m2025-12-10T10:10:51.931913Z[0m [34mDEBUG[0m [2mhyper::client::pool[0m[2m:[0m pooling idle connection for ("http", 192.168.0.14:8545)
[2m2025-12-10T10:10:51.931917Z[0m [34mDEBUG[0m [2methereum_transaction_pool_monitor::eth_client[0m[2m:[0m 📡 Transaction fetch RPC completed in 4.511209ms
[2m2025-12-10T10:10:52.003482Z[0m [34mDEBUG[0m [2methereum_transaction_pool_monitor::eth_client[0m[2m:[0m ✅ Transaction 0xb568c59ab9bf79bc9583f7d8f76b1811375d9840d9a3a9e9556a84b684203e33 fetched and parsed in 76.073042ms
[2m2025-12-10T10:10:52.003513Z[0m [34mDEBUG[0m [2methereum_transaction_pool_monitor::mempool_monitor[0m[2m:[0m 🔍 Skipping tx 0xb568c59ab9bf79bc9583f7d8f76b1811375d9840d9a3a9e9556a84b684203e33 - not a DEX interaction (target: 0xf52605c7b778563a5a9144EF4Dc53B57463ca2c7)
[2m2025-12-10T10:10:52.003525Z[0m [34mDEBUG[0m [2methereum_transaction_pool_monitor::mempool_monitor[0m[2m:[0m 📨 Processing new pending transaction: 0xfa8bb4954fcfafdf67309f867a62471aeb5746253e5e192cda5d39d59bd9bf9c
[2m2025-12-10T10:10:52.003538Z[0m [34mDEBUG[0m [2methereum_transaction_pool_monitor::mempool_monitor[0m[2m:[0m 🔍 Fetching transaction details for: 0xfa8bb4954fcfafdf67309f867a62471aeb5746253e5e192cda5d39d59bd9bf9c
[2m2025-12-10T10:10:52.003545Z[0m [34mDEBUG[0m [2methereum_transaction_pool_monitor::eth_client[0m[2m:[0m 🔍 Fetching transaction details for hash: 0xfa8bb4954fcfafdf67309f867a62471aeb5746253e5e192cda5d39d59bd9bf9c
[2m2025-12-10T10:10:52.003566Z[0m [34mDEBUG[0m [2mhyper::client::pool[0m[2m:[0m reuse idle connection for ("http", 192.168.0.14:8545)
[2m2025-12-10T10:10:52.003596Z[0m [34mDEBUG[0m [2mhyper::proto::h1::io[0m[2m:[0m flushed 250 bytes
[2m2025-12-10T10:10:52.003618Z[0m [34mDEBUG[0m [2methereum_transaction_pool_monitor::eth_client[0m[2m:[0m 📨 Received WebSocket message: {"jsonrpc":"2.0","method":"eth_subscription","params":{"subscription":"0xbed0a0851463e895960a451075a301a9","result":"0xa580da02981d1692279b300ac8e885b5b2441d8cccf22742f2491e5a882ebabe"}}
[2m2025-12-10T10:10:52.003619Z[0m [34mDEBUG[0m [2mhyper::proto::h1::io[0m[2m:[0m parsed 4 headers
[2m2025-12-10T10:10:52.003626Z[0m [34mDEBUG[0m [2methereum_transaction_pool_monitor::eth_client[0m[2m:[0m 📨 Received pending transaction: 0xa580da02981d1692279b300ac8e885b5b2441d8cccf22742f2491e5a882ebabe
[2m2025-12-10T10:10:52.003629Z[0m [34mDEBUG[0m [2mhyper::proto::h1::conn[0m[2m:[0m incoming body is content-length (45 bytes)
[2m2025-12-10T10:10:52.003633Z[0m [34mDEBUG[0m [2methereum_transaction_pool_monitor::eth_client[0m[2m:[0m 📨 Received WebSocket message: {"jsonrpc":"2.0","method":"eth_subscription","params":{"subscription":"0xbed0a0851463e895960a451075a301a9","result":"0x54575a1273ca542ab486ce3f29a120d02b93c2dc7c0f0849ed7ed3ae2d8ddaa9"}}
[2m2025-12-10T10:10:52.003638Z[0m [34mDEBUG[0m [2mhyper::proto::h1::conn[0m[2m:[0m incoming body completed
[2m2025-12-10T10:10:52.003640Z[0m [34mDEBUG[0m [2methereum_transaction_pool_monitor::eth_client[0m[2m:[0m 📨 Received pending transaction: 0x54575a1273ca542ab486ce3f29a120d02b93c2dc7c0f0849ed7ed3ae2d8ddaa9
[2m2025-12-10T10:10:52.003647Z[0m [34mDEBUG[0m [2methereum_transaction_pool_monitor::eth_client[0m[2m:[0m 📨 Received WebSocket message: {"jsonrpc":"2.0","method":"eth_subscription","params":{"subscription":"0xbed0a0851463e895960a451075a301a9","result":"0x46629f1f5fe5ab571f75398841540d52adc33c298f5005575b16768736515d75"}}
[2m2025-12-10T10:10:52.003654Z[0m [34mDEBUG[0m [2methereum_transaction_pool_monitor::eth_client[0m[2m:[0m 📨 Received pending transaction: 0x46629f1f5fe5ab571f75398841540d52adc33c298f5005575b16768736515d75
[2m2025-12-10T10:10:52.003648Z[0m [34mDEBUG[0m [2mhyper::client::pool[0m[2m:[0m pooling idle connection for ("http", 192.168.0.14:8545)
[2m2025-12-10T10:10:52.003678Z[0m [34mDEBUG[0m [2mhyper::client::pool[0m[2m:[0m reuse idle connection for ("http", 192.168.0.14:8545)
[2m2025-12-10T10:10:52.003694Z[0m [34mDEBUG[0m [2mhyper::proto::h1::io[0m[2m:[0m flushed 172 bytes
[2m2025-12-10T10:10:52.007438Z[0m [34mDEBUG[0m [2mhyper::proto::h1::io[0m[2m:[0m parsed 4 headers
[2m2025-12-10T10:10:52.007483Z[0m [34mDEBUG[0m [2mhyper::proto::h1::conn[0m[2m:[0m incoming body is content-length (646 bytes)
[2m2025-12-10T10:10:52.007507Z[0m [34mDEBUG[0m [2mhyper::proto::h1::conn[0m[2m:[0m incoming body completed
[2m2025-12-10T10:10:52.007516Z[0m [34mDEBUG[0m [2mhyper::client::pool[0m[2m:[0m pooling idle connection for ("http", 192.168.0.14:8545)
[2m2025-12-10T10:10:52.007522Z[0m [34mDEBUG[0m [2methereum_transaction_pool_monitor::eth_client[0m[2m:[0m 📡 Transaction fetch RPC completed in 3.97275ms
[2m2025-12-10T10:10:52.078845Z[0m [34mDEBUG[0m [2methereum_transaction_pool_monitor::eth_client[0m[2m:[0m ✅ Transaction 0xfa8bb4954fcfafdf67309f867a62471aeb5746253e5e192cda5d39d59bd9bf9c fetched and parsed in 75.293042ms
[2m2025-12-10T10:10:52.078873Z[0m [34mDEBUG[0m [2methereum_transaction_pool_monitor::mempool_monitor[0m[2m:[0m 🔍 Skipping tx 0xfa8bb4954fcfafdf67309f867a62471aeb5746253e5e192cda5d39d59bd9bf9c - not a DEX interaction (target: 0xf52605c7b778563a5a9144EF4Dc53B57463ca2c7)
[2m2025-12-10T10:10:52.078884Z[0m [34mDEBUG[0m [2methereum_transaction_pool_monitor::mempool_monitor[0m[2m:[0m 📨 Processing new pending transaction: 0xacd83ae56599a1c1a4c3f757efc929c57fda885bec89354ebd23cdb792933a71
[2m2025-12-10T10:10:52.078891Z[0m [34mDEBUG[0m [2methereum_transaction_pool_monitor::mempool_monitor[0m[2m:[0m 🔍 Fetching transaction details for: 0xacd83ae56599a1c1a4c3f757efc929c57fda885bec89354ebd23cdb792933a71
[2m2025-12-10T10:10:52.078897Z[0m [34mDEBUG[0m [2methereum_transaction_pool_monitor::eth_client[0m[2m:[0m 🔍 Fetching transaction details for hash: 0xacd83ae56599a1c1a4c3f757efc929c57fda885bec89354ebd23cdb792933a71
[2m2025-12-10T10:10:52.078917Z[0m [34mDEBUG[0m [2mhyper::client::pool[0m[2m:[0m reuse idle connection for ("http", 192.168.0.14:8545)
[2m2025-12-10T10:10:52.078959Z[0m [34mDEBUG[0m [2mhyper::proto::h1::io[0m[2m:[0m flushed 250 bytes
[2m2025-12-10T10:10:52.078982Z[0m [34mDEBUG[0m [2methereum_transaction_pool_monitor::eth_client[0m[2m:[0m 📨 Received WebSocket message: {"jsonrpc":"2.0","method":"eth_subscription","params":{"subscription":"0xbed0a0851463e895960a451075a301a9","result":"0x2c0a7838bb2b61cb7906636dd3c44e491f6666489ab4a8f4a9a2cc81574bcdb1"}}
[2m2025-12-10T10:10:52.078986Z[0m [34mDEBUG[0m [2mhyper::proto::h1::io[0m[2m:[0m parsed 4 headers
[2m2025-12-10T10:10:52.079000Z[0m [34mDEBUG[0m [2mhyper::proto::h1::conn[0m[2m:[0m incoming body is content-length (45 bytes)
[2m2025-12-10T10:10:52.079007Z[0m [34mDEBUG[0m [2mhyper::proto::h1::conn[0m[2m:[0m incoming body completed
[2m2025-12-10T10:10:52.079016Z[0m [34mDEBUG[0m [2mhyper::client::pool[0m[2m:[0m pooling idle connection for ("http", 192.168.0.14:8545)
[2m2025-12-10T10:10:52.078989Z[0m [34mDEBUG[0m [2methereum_transaction_pool_monitor::eth_client[0m[2m:[0m 📨 Received pending transaction: 0x2c0a7838bb2b61cb7906636dd3c44e491f6666489ab4a8f4a9a2cc81574bcdb1
[2m2025-12-10T10:10:52.079064Z[0m [34mDEBUG[0m [2methereum_transaction_pool_monitor::eth_client[0m[2m:[0m 📨 Received WebSocket message: {"jsonrpc":"2.0","method":"eth_subscription","params":{"subscription":"0xbed0a0851463e895960a451075a301a9","result":"0xb5fb063a8e3acc4ff30fae67d527e257d6e42b863096577e95c127dae531d3f4"}}
[2m2025-12-10T10:10:52.079071Z[0m [34mDEBUG[0m [2methereum_transaction_pool_monitor::eth_client[0m[2m:[0m 📨 Received pending transaction: 0xb5fb063a8e3acc4ff30fae67d527e257d6e42b863096577e95c127dae531d3f4
[2m2025-12-10T10:10:52.086048Z[0m [34mDEBUG[0m [2mhyper::proto::h1::io[0m[2m:[0m parsed 4 headers
[2m2025-12-10T10:10:52.086058Z[0m [34mDEBUG[0m [2mhyper::proto::h1::conn[0m[2m:[0m incoming body is content-length (646 bytes)
[2m2025-12-10T10:10:52.086064Z[0m [34mDEBUG[0m [2mhyper::proto::h1::conn[0m[2m:[0m incoming body completed
[2m2025-12-10T10:10:52.086155Z[0m [34mDEBUG[0m [2mhyper::client::pool[0m[2m:[0m pooling idle connection for ("http", 192.168.0.14:8545)
[2m2025-12-10T10:10:52.086161Z[0m [34mDEBUG[0m [2methereum_transaction_pool_monitor::eth_client[0m[2m:[0m 📡 Transaction fetch RPC completed in 7.257708ms
[2m2025-12-10T10:10:52.157564Z[0m [34mDEBUG[0m [2methereum_transaction_pool_monitor::eth_client[0m[2m:[0m ✅ Transaction 0xacd83ae56599a1c1a4c3f757efc929c57fda885bec89354ebd23cdb792933a71 fetched and parsed in 78.657833ms
[2m2025-12-10T10:10:52.157592Z[0m [34mDEBUG[0m [2methereum_transaction_pool_monitor::mempool_monitor[0m[2m:[0m 🔍 Skipping tx 0xacd83ae56599a1c1a4c3f757efc929c57fda885bec89354ebd23cdb792933a71 - not a DEX interaction (target: 0xf52605c7b778563a5a9144EF4Dc53B57463ca2c7)
[2m2025-12-10T10:10:52.157603Z[0m [34mDEBUG[0m [2methereum_transaction_pool_monitor::mempool_monitor[0m[2m:[0m 📨 Processing new pending transaction: 0x15876e53e909de5e747ed625f552a3da3d6c898402d8e42e1ae865f0332ede7f
[2m2025-12-10T10:10:52.157609Z[0m [34mDEBUG[0m [2methereum_transaction_pool_monitor::mempool_monitor[0m[2m:[0m 🔍 Fetching transaction details for: 0x15876e53e909de5e747ed625f552a3da3d6c898402d8e42e1ae865f0332ede7f
[2m2025-12-10T10:10:52.157613Z[0m [34mDEBUG[0m [2methereum_transaction_pool_monitor::eth_client[0m[2m:[0m 🔍 Fetching transaction details for hash: 0x15876e53e909de5e747ed625f552a3da3d6c898402d8e42e1ae865f0332ede7f
[2m2025-12-10T10:10:52.157633Z[0m [34mDEBUG[0m [2mhyper::client::pool[0m[2m:[0m reuse idle connection for ("http", 192.168.0.14:8545)
[2m2025-12-10T10:10:52.157670Z[0m [34mDEBUG[0m [2mhyper::proto::h1::io[0m[2m:[0m flushed 250 bytes
[2m2025-12-10T10:10:52.157699Z[0m [34mDEBUG[0m [2mhyper::client::pool[0m[2m:[0m reuse idle connection for ("http", 192.168.0.14:8545)
[2m2025-12-10T10:10:52.157713Z[0m [34mDEBUG[0m [2mhyper::proto::h1::io[0m[2m:[0m flushed 172 bytes
[2m2025-12-10T10:10:52.163368Z[0m [34mDEBUG[0m [2mhyper::proto::h1::io[0m[2m:[0m parsed 4 headers
[2m2025-12-10T10:10:52.163400Z[0m [34mDEBUG[0m [2mhyper::proto::h1::conn[0m[2m:[0m incoming body is content-length (645 bytes)
[2m2025-12-10T10:10:52.163431Z[0m [34mDEBUG[0m [2mhyper::proto::h1::conn[0m[2m:[0m incoming body completed
[2m2025-12-10T10:10:52.163444Z[0m [34mDEBUG[0m [2mhyper::client::pool[0m[2m:[0m pooling idle connection for ("http", 192.168.0.14:8545)
[2m2025-12-10T10:10:52.163452Z[0m [34mDEBUG[0m [2methereum_transaction_pool_monitor::eth_client[0m[2m:[0m 📡 Transaction fetch RPC completed in 5.835125ms
[2m2025-12-10T10:10:52.235037Z[0m [34mDEBUG[0m [2methereum_transaction_pool_monitor::eth_client[0m[2m:[0m ✅ Transaction 0x15876e53e909de5e747ed625f552a3da3d6c898402d8e42e1ae865f0332ede7f fetched and parsed in 77.41775ms
[2m2025-12-10T10:10:52.235067Z[0m [34mDEBUG[0m [2methereum_transaction_pool_monitor::mempool_monitor[0m[2m:[0m 🔍 Skipping tx 0x15876e53e909de5e747ed625f552a3da3d6c898402d8e42e1ae865f0332ede7f - not a DEX interaction (target: 0xf52605c7b778563a5a9144EF4Dc53B57463ca2c7)
[2m2025-12-10T10:10:52.235080Z[0m [34mDEBUG[0m [2methereum_transaction_pool_monitor::mempool_monitor[0m[2m:[0m 📨 Processing new pending transaction: 0xafb89d0f34cf2589ff910b5bb618a64689221745b674819ef8c21d7456811ada
[2m2025-12-10T10:10:52.235087Z[0m [34mDEBUG[0m [2methereum_transaction_pool_monitor::mempool_monitor[0m[2m:[0m 🔍 Fetching transaction details for: 0xafb89d0f34cf2589ff910b5bb618a64689221745b674819ef8c21d7456811ada
[2m2025-12-10T10:10:52.235093Z[0m [34mDEBUG[0m [2methereum_transaction_pool_monitor::eth_client[0m[2m:[0m 🔍 Fetching transaction details for hash: 0xafb89d0f34cf2589ff910b5bb618a64689221745b674819ef8c21d7456811ada
[2m2025-12-10T10:10:52.235116Z[0m [34mDEBUG[0m [2mhyper::client::pool[0m[2m:[0m reuse idle connection for ("http", 192.168.0.14:8545)
[2m2025-12-10T10:10:52.235146Z[0m [34mDEBUG[0m [2mhyper::proto::h1::io[0m[2m:[0m flushed 250 bytes
[2m2025-12-10T10:10:52.235171Z[0m [34mDEBUG[0m [2methereum_transaction_pool_monitor::eth_client[0m[2m:[0m 📨 Received WebSocket message: {"jsonrpc":"2.0","method":"eth_subscription","params":{"subscription":"0xbed0a0851463e895960a451075a301a9","result":"0x67d4742533a958ffeb411c3d0b024a0cd5fc62b035af67ce7c9e2cecfbd41414"}}
[2m2025-12-10T10:10:52.235173Z[0m [34mDEBUG[0m [2mhyper::proto::h1::io[0m[2m:[0m parsed 4 headers
[2m2025-12-10T10:10:52.235190Z[0m [34mDEBUG[0m [2methereum_transaction_pool_monitor::eth_client[0m[2m:[0m 📨 Received pending transaction: 0x67d4742533a958ffeb411c3d0b024a0cd5fc62b035af67ce7c9e2cecfbd41414
[2m2025-12-10T10:10:52.235197Z[0m [34mDEBUG[0m [2mhyper::proto::h1::conn[0m[2m:[0m incoming body is content-length (45 bytes)
[2m2025-12-10T10:10:52.235209Z[0m [34mDEBUG[0m [2mhyper::proto::h1::conn[0m[2m:[0m incoming body completed
[2m2025-12-10T10:10:52.235216Z[0m [34mDEBUG[0m [2mhyper::client::pool[0m[2m:[0m pooling idle connection for ("http", 192.168.0.14:8545)
[2m2025-12-10T10:10:52.235229Z[0m [34mDEBUG[0m [2mhyper::client::pool[0m[2m:[0m reuse idle connection for ("http", 192.168.0.14:8545)
[2m2025-12-10T10:10:52.235244Z[0m [34mDEBUG[0m [2mhyper::proto::h1::io[0m[2m:[0m flushed 172 bytes
[2m2025-12-10T10:10:52.241279Z[0m [34mDEBUG[0m [2mhyper::proto::h1::io[0m[2m:[0m parsed 4 headers
[2m2025-12-10T10:10:52.241289Z[0m [34mDEBUG[0m [2mhyper::proto::h1::conn[0m[2m:[0m incoming body is content-length (45 bytes)
[2m2025-12-10T10:10:52.241299Z[0m [34mDEBUG[0m [2mhyper::proto::h1::conn[0m[2m:[0m incoming body completed
[2m2025-12-10T10:10:52.241308Z[0m [34mDEBUG[0m [2mhyper::client::pool[0m[2m:[0m pooling idle connection for ("http", 192.168.0.14:8545)
[2m2025-12-10T10:10:52.241324Z[0m [34mDEBUG[0m [2mhyper::proto::h1::io[0m[2m:[0m parsed 4 headers
[2m2025-12-10T10:10:52.241329Z[0m [34mDEBUG[0m [2mhyper::proto::h1::conn[0m[2m:[0m incoming body is content-length (646 bytes)
[2m2025-12-10T10:10:52.241333Z[0m [34mDEBUG[0m [2mhyper::proto::h1::conn[0m[2m:[0m incoming body completed
[2m2025-12-10T10:10:52.241337Z[0m [34mDEBUG[0m [2mhyper::client::pool[0m[2m:[0m pooling idle connection for ("http", 192.168.0.14:8545)
[2m2025-12-10T10:10:52.241342Z[0m [34mDEBUG[0m [2methereum_transaction_pool_monitor::eth_client[0m[2m:[0m 📡 Transaction fetch RPC completed in 6.241083ms
[2m2025-12-10T10:10:52.313191Z[0m [34mDEBUG[0m [2methereum_transaction_pool_monitor::eth_client[0m[2m:[0m ✅ Transaction 0xafb89d0f34cf2589ff910b5bb618a64689221745b674819ef8c21d7456811ada fetched and parsed in 78.087625ms
[2m2025-12-10T10:10:52.313219Z[0m [34mDEBUG[0m [2methereum_transaction_pool_monitor::mempool_monitor[0m[2m:[0m 🔍 Skipping tx 0xafb89d0f34cf2589ff910b5bb618a64689221745b674819ef8c21d7456811ada - not a DEX interaction (target: 0xf52605c7b778563a5a9144EF4Dc53B57463ca2c7)
[2m2025-12-10T10:10:52.313232Z[0m [34mDEBUG[0m [2methereum_transaction_pool_monitor::mempool_monitor[0m[2m:[0m 📨 Processing new pending transaction: 0x2683fd27a6c6c5af811feb9f47e0dad609babf0760a8aa4288a3534ef58c39f9
[2m2025-12-10T10:10:52.313238Z[0m [34mDEBUG[0m [2methereum_transaction_pool_monitor::mempool_monitor[0m[2m:[0m 🔍 Fetching transaction details for: 0x2683fd27a6c6c5af811feb9f47e0dad609babf0760a8aa4288a3534ef58c39f9
[2m2025-12-10T10:10:52.313244Z[0m [34mDEBUG[0m [2methereum_transaction_pool_monitor::eth_client[0m[2m:[0m 🔍 Fetching transaction details for hash: 0x2683fd27a6c6c5af811feb9f47e0dad609babf0760a8aa4288a3534ef58c39f9
[2m2025-12-10T10:10:52.313262Z[0m [34mDEBUG[0m [2mhyper::client::pool[0m[2m:[0m reuse idle connection for ("http", 192.168.0.14:8545)
[2m2025-12-10T10:10:52.313293Z[0m [34mDEBUG[0m [2mhyper::proto::h1::io[0m[2m:[0m flushed 250 bytes
[2m2025-12-10T10:10:52.313313Z[0m [34mDEBUG[0m [2mhyper::client::pool[0m[2m:[0m reuse idle connection for ("http", 192.168.0.14:8545)
[2m2025-12-10T10:10:52.313330Z[0m [34mDEBUG[0m [2mhyper::proto::h1::io[0m[2m:[0m flushed 172 bytes
[2m2025-12-10T10:10:52.313342Z[0m [34mDEBUG[0m [2methereum_transaction_pool_monitor::eth_client[0m[2m:[0m 📨 Received WebSocket message: {"jsonrpc":"2.0","method":"eth_subscription","params":{"subscription":"0xbed0a0851463e895960a451075a301a9","result":"0xd66de11edf31f14d8ccc74e8d94d969eafd655bcfab3379b63ce1493ae8d6b64"}}
[2m2025-12-10T10:10:52.313350Z[0m [34mDEBUG[0m [2methereum_transaction_pool_monitor::eth_client[0m[2m:[0m 📨 Received pending transaction: 0xd66de11edf31f14d8ccc74e8d94d969eafd655bcfab3379b63ce1493ae8d6b64
[2m2025-12-10T10:10:52.319641Z[0m [34mDEBUG[0m [2mhyper::proto::h1::io[0m[2m:[0m parsed 4 headers
[2m2025-12-10T10:10:52.319654Z[0m [34mDEBUG[0m [2mhyper::proto::h1::conn[0m[2m:[0m incoming body is content-length (646 bytes)
[2m2025-12-10T10:10:52.319662Z[0m [34mDEBUG[0m [2mhyper::proto::h1::conn[0m[2m:[0m incoming body completed
[2m2025-12-10T10:10:52.319672Z[0m [34mDEBUG[0m [2mhyper::client::pool[0m[2m:[0m pooling idle connection for ("http", 192.168.0.14:8545)
[2m2025-12-10T10:10:52.319679Z[0m [34mDEBUG[0m [2methereum_transaction_pool_monitor::eth_client[0m[2m:[0m 📡 Transaction fetch RPC completed in 6.429542ms
[2m2025-12-10T10:10:52.391960Z[0m [34mDEBUG[0m [2methereum_transaction_pool_monitor::eth_client[0m[2m:[0m ✅ Transaction 0x2683fd27a6c6c5af811feb9f47e0dad609babf0760a8aa4288a3534ef58c39f9 fetched and parsed in 78.708125ms
[2m2025-12-10T10:10:52.391986Z[0m [34mDEBUG[0m [2methereum_transaction_pool_monitor::mempool_monitor[0m[2m:[0m 🔍 Skipping tx 0x2683fd27a6c6c5af811feb9f47e0dad609babf0760a8aa4288a3534ef58c39f9 - not a DEX interaction (target: 0xf52605c7b778563a5a9144EF4Dc53B57463ca2c7)
[2m2025-12-10T10:10:52.391997Z[0m [34mDEBUG[0m [2methereum_transaction_pool_monitor::mempool_monitor[0m[2m:[0m 📨 Processing new pending transaction: 0xb704d23417a9d9ffa663bf6c8ee98acc6a05d94abf9673ece467f35e8a60093b
[2m2025-12-10T10:10:52.392002Z[0m [34mDEBUG[0m [2methereum_transaction_pool_monitor::mempool_monitor[0m[2m:[0m 🔍 Fetching transaction details for: 0xb704d23417a9d9ffa663bf6c8ee98acc6a05d94abf9673ece467f35e8a60093b
[2m2025-12-10T10:10:52.392006Z[0m [34mDEBUG[0m [2methereum_transaction_pool_monitor::eth_client[0m[2m:[0m 🔍 Fetching transaction details for hash: 0xb704d23417a9d9ffa663bf6c8ee98acc6a05d94abf9673ece467f35e8a60093b
[2m2025-12-10T10:10:52.392026Z[0m [34mDEBUG[0m [2mhyper::client::pool[0m[2m:[0m reuse idle connection for ("http", 192.168.0.14:8545)
[2m2025-12-10T10:10:52.392054Z[0m [34mDEBUG[0m [2mhyper::proto::h1::io[0m[2m:[0m flushed 250 bytes
[2m2025-12-10T10:10:52.392077Z[0m [34mDEBUG[0m [2methereum_transaction_pool_monitor::eth_client[0m[2m:[0m 📨 Received WebSocket message: {"jsonrpc":"2.0","method":"eth_subscription","params":{"subscription":"0xbed0a0851463e895960a451075a301a9","result":"0x6c5d54ee7d36f7c398780665ff6b9e48acd2945c425c3aa3b043b5805c2998bb"}}
[2m2025-12-10T10:10:52.392078Z[0m [34mDEBUG[0m [2mhyper::proto::h1::io[0m[2m:[0m parsed 4 headers
[2m2025-12-10T10:10:52.392085Z[0m [34mDEBUG[0m [2methereum_transaction_pool_monitor::eth_client[0m[2m:[0m 📨 Received pending transaction: 0x6c5d54ee7d36f7c398780665ff6b9e48acd2945c425c3aa3b043b5805c2998bb
[2m2025-12-10T10:10:52.392092Z[0m [34mDEBUG[0m [2mhyper::proto::h1::conn[0m[2m:[0m incoming body is content-length (45 bytes)
[2m2025-12-10T10:10:52.392102Z[0m [34mDEBUG[0m [2methereum_transaction_pool_monitor::eth_client[0m[2m:[0m 📨 Received WebSocket message: {"jsonrpc":"2.0","method":"eth_subscription","params":{"subscription":"0xbed0a0851463e895960a451075a301a9","result":"0xa0f4ff628fe29bf9acbc8192cb706124b5f2262be6e13f92ee254982c06e6243"}}
[2m2025-12-10T10:10:52.392106Z[0m [34mDEBUG[0m [2mhyper::proto::h1::conn[0m[2m:[0m incoming body completed
[2m2025-12-10T10:10:52.392112Z[0m [34mDEBUG[0m [2methereum_transaction_pool_monitor::eth_client[0m[2m:[0m 📨 Received pending transaction: 0xa0f4ff628fe29bf9acbc8192cb706124b5f2262be6e13f92ee254982c06e6243
[2m2025-12-10T10:10:52.392118Z[0m [34mDEBUG[0m [2mhyper::client::pool[0m[2m:[0m pooling idle connection for ("http", 192.168.0.14:8545)
[2m2025-12-10T10:10:52.392119Z[0m [34mDEBUG[0m [2methereum_transaction_pool_monitor::eth_client[0m[2m:[0m 📨 Received WebSocket message: {"jsonrpc":"2.0","method":"eth_subscription","params":{"subscription":"0xbed0a0851463e895960a451075a301a9","result":"0xf20390e2b5b4bf026e1c0e9f06bf242e97e0a36797b9a0ce6f869c9bf84100ba"}}
[2m2025-12-10T10:10:52.392135Z[0m [34mDEBUG[0m [2methereum_transaction_pool_monitor::eth_client[0m[2m:[0m 📨 Received pending transaction: 0xf20390e2b5b4bf026e1c0e9f06bf242e97e0a36797b9a0ce6f869c9bf84100ba
[2m2025-12-10T10:10:52.392140Z[0m [34mDEBUG[0m [2methereum_transaction_pool_monitor::eth_client[0m[2m:[0m 📨 Received WebSocket message: {"jsonrpc":"2.0","method":"eth_subscription","params":{"subscription":"0xbed0a0851463e895960a451075a301a9","result":"0xd1c5bb47c25f183bd9e907d7ad7eed1b25ca6f94d538be00b13b4ef98707328f"}}
[2m2025-12-10T10:10:52.392145Z[0m [34mDEBUG[0m [2methereum_transaction_pool_monitor::eth_client[0m[2m:[0m 📨 Received pending transaction: 0xd1c5bb47c25f183bd9e907d7ad7eed1b25ca6f94d538be00b13b4ef98707328f
[2m2025-12-10T10:10:52.396969Z[0m [34mDEBUG[0m [2mhyper::proto::h1::io[0m[2m:[0m parsed 4 headers
[2m2025-12-10T10:10:52.396973Z[0m [34mDEBUG[0m [2mhyper::client::pool[0m[2m:[0m reuse idle connection for ("http", 192.168.0.14:8545)
[2m2025-12-10T10:10:52.396976Z[0m [34mDEBUG[0m [2mhyper::proto::h1::conn[0m[2m:[0m incoming body is content-length (646 bytes)
[2m2025-12-10T10:10:52.396986Z[0m [34mDEBUG[0m [2mhyper::proto::h1::conn[0m[2m:[0m incoming body completed
[2m2025-12-10T10:10:52.396992Z[0m [34mDEBUG[0m [2mhyper::client::pool[0m[2m:[0m pooling idle connection for ("http", 192.168.0.14:8545)
[2m2025-12-10T10:10:52.396995Z[0m [34mDEBUG[0m [2mhyper::proto::h1::io[0m[2m:[0m flushed 172 bytes
[2m2025-12-10T10:10:52.396997Z[0m [34mDEBUG[0m [2methereum_transaction_pool_monitor::eth_client[0m[2m:[0m 📡 Transaction fetch RPC completed in 4.987208ms
[2m2025-12-10T10:10:52.400670Z[0m [34mDEBUG[0m [2mhyper::proto::h1::io[0m[2m:[0m parsed 4 headers
[2m2025-12-10T10:10:52.402211Z[0m [34mDEBUG[0m [2mhyper::proto::h1::conn[0m[2m:[0m incoming body is content-length (45 bytes)
[2m2025-12-10T10:10:52.402219Z[0m [34mDEBUG[0m [2mhyper::proto::h1::conn[0m[2m:[0m incoming body completed
[2m2025-12-10T10:10:52.402229Z[0m [34mDEBUG[0m [2mhyper::client::pool[0m[2m:[0m pooling idle connection for ("http", 192.168.0.14:8545)
[2m2025-12-10T10:10:52.406716Z[0m [34mDEBUG[0m [2methereum_transaction_pool_monitor::eth_client[0m[2m:[0m 📨 Received WebSocket message: {"jsonrpc":"2.0","method":"eth_subscription","params":{"subscription":"0xbed0a0851463e895960a451075a301a9","result":"0xbe7fd9cd2c337c7094f78b368dd5bebacdda8561f3d6696ddac7ee359388b410"}}
[2m2025-12-10T10:10:52.406753Z[0m [34mDEBUG[0m [2methereum_transaction_pool_monitor::eth_client[0m[2m:[0m 📨 Received pending transaction: 0xbe7fd9cd2c337c7094f78b368dd5bebacdda8561f3d6696ddac7ee359388b410
[2m2025-12-10T10:10:52.408016Z[0m [34mDEBUG[0m [2methereum_transaction_pool_monitor::eth_client[0m[2m:[0m 📨 Received WebSocket message: {"jsonrpc":"2.0","method":"eth_subscription","params":{"subscription":"0xbed0a0851463e895960a451075a301a9","result":"0x97fbb9f31cc26b639c0785103cf9a496d7b6cc7efd29f3dde6db0b36eefa5f35"}}
[2m2025-12-10T10:10:52.408043Z[0m [34mDEBUG[0m [2methereum_transaction_pool_monitor::eth_client[0m[2m:[0m 📨 Received pending transaction: 0x97fbb9f31cc26b639c0785103cf9a496d7b6cc7efd29f3dde6db0b36eefa5f35
[2m2025-12-10T10:10:52.452942Z[0m [34mDEBUG[0m [2methereum_transaction_pool_monitor::eth_client[0m[2m:[0m 📨 Received WebSocket message: {"jsonrpc":"2.0","method":"eth_subscription","params":{"subscription":"0xbed0a0851463e895960a451075a301a9","result":"0x1ea27612af777b991b97e9f153a63e900912409a2e2b1e9020f05c5c14ae9b38"}}
[2m2025-12-10T10:10:52.453033Z[0m [34mDEBUG[0m [2methereum_transaction_pool_monitor::eth_client[0m[2m:[0m 📨 Received pending transaction: 0x1ea27612af777b991b97e9f153a63e900912409a2e2b1e9020f05c5c14ae9b38
[2m2025-12-10T10:10:52.463258Z[0m [34mDEBUG[0m [2methereum_transaction_pool_monitor::eth_client[0m[2m:[0m 📨 Received WebSocket message: {"jsonrpc":"2.0","method":"eth_subscription","params":{"subscription":"0xbed0a0851463e895960a451075a301a9","result":"0xfdce0d1253ab94fe32062cfd5a8a2f37f6d395b1df72a1e0b41cf500d34fefa3"}}
[2m2025-12-10T10:10:52.463273Z[0m [34mDEBUG[0m [2methereum_transaction_pool_monitor::eth_client[0m[2m:[0m 📨 Received pending transaction: 0xfdce0d1253ab94fe32062cfd5a8a2f37f6d395b1df72a1e0b41cf500d34fefa3
[2m2025-12-10T10:10:52.467705Z[0m [34mDEBUG[0m [2methereum_transaction_pool_monitor::eth_client[0m[2m:[0m ✅ Transaction 0xb704d23417a9d9ffa663bf6c8ee98acc6a05d94abf9673ece467f35e8a60093b fetched and parsed in 75.693667ms
[2m2025-12-10T10:10:52.467718Z[0m [34mDEBUG[0m [2methereum_transaction_pool_monitor::mempool_monitor[0m[2m:[0m 🔍 Skipping tx 0xb704d23417a9d9ffa663bf6c8ee98acc6a05d94abf9673ece467f35e8a60093b - not a DEX interaction (target: 0xf52605c7b778563a5a9144EF4Dc53B57463ca2c7)
[2m2025-12-10T10:10:52.467726Z[0m [34mDEBUG[0m [2methereum_transaction_pool_monitor::mempool_monitor[0m[2m:[0m 📨 Processing new pending transaction: 0x96dafd24bf3633c71e0e8910e77a8f26be3fd7566407415e8a1f1dac21a73754
[2m2025-12-10T10:10:52.467732Z[0m [34mDEBUG[0m [2methereum_transaction_pool_monitor::mempool_monitor[0m[2m:[0m 🔍 Fetching transaction details for: 0x96dafd24bf3633c71e0e8910e77a8f26be3fd7566407415e8a1f1dac21a73754
[2m2025-12-10T10:10:52.467736Z[0m [34mDEBUG[0m [2methereum_transaction_pool_monitor::eth_client[0m[2m:[0m 🔍 Fetching transaction details for hash: 0x96dafd24bf3633c71e0e8910e77a8f26be3fd7566407415e8a1f1dac21a73754
[2m2025-12-10T10:10:52.467754Z[0m [34mDEBUG[0m [2mhyper::client::pool[0m[2m:[0m reuse idle connection for ("http", 192.168.0.14:8545)
[2m2025-12-10T10:10:52.467791Z[0m [34mDEBUG[0m [2mhyper::proto::h1::io[0m[2m:[0m flushed 250 bytes
[2m2025-12-10T10:10:52.471654Z[0m [34mDEBUG[0m [2mhyper::proto::h1::io[0m[2m:[0m parsed 4 headers
[2m2025-12-10T10:10:52.471662Z[0m [34mDEBUG[0m [2mhyper::proto::h1::conn[0m[2m:[0m incoming body is content-length (646 bytes)
[2m2025-12-10T10:10:52.471671Z[0m [34mDEBUG[0m [2mhyper::proto::h1::conn[0m[2m:[0m incoming body completed
[2m2025-12-10T10:10:52.471680Z[0m [34mDEBUG[0m [2mhyper::client::pool[0m[2m:[0m pooling idle connection for ("http", 192.168.0.14:8545)
[2m2025-12-10T10:10:52.471688Z[0m [34mDEBUG[0m [2methereum_transaction_pool_monitor::eth_client[0m[2m:[0m 📡 Transaction fetch RPC completed in 3.9475ms
[2m2025-12-10T10:10:52.543179Z[0m [34mDEBUG[0m [2methereum_transaction_pool_monitor::eth_client[0m[2m:[0m ✅ Transaction 0x96dafd24bf3633c71e0e8910e77a8f26be3fd7566407415e8a1f1dac21a73754 fetched and parsed in 75.436042ms
[2m2025-12-10T10:10:52.543211Z[0m [34mDEBUG[0m [2methereum_transaction_pool_monitor::mempool_monitor[0m[2m:[0m 🔍 Skipping tx 0x96dafd24bf3633c71e0e8910e77a8f26be3fd7566407415e8a1f1dac21a73754 - not a DEX interaction (target: 0xf52605c7b778563a5a9144EF4Dc53B57463ca2c7)
[2m2025-12-10T10:10:52.543223Z[0m [34mDEBUG[0m [2methereum_transaction_pool_monitor::mempool_monitor[0m[2m:[0m 📨 Processing new pending transaction: 0x018912bd332a6b922242c1fc106782cbc511c1d9ef91f03a8763715364945921
[2m2025-12-10T10:10:52.543231Z[0m [34mDEBUG[0m [2methereum_transaction_pool_monitor::mempool_monitor[0m[2m:[0m 🔍 Fetching transaction details for: 0x018912bd332a6b922242c1fc106782cbc511c1d9ef91f03a8763715364945921
[2m2025-12-10T10:10:52.543238Z[0m [34mDEBUG[0m [2methereum_transaction_pool_monitor::eth_client[0m[2m:[0m 🔍 Fetching transaction details for hash: 0x018912bd332a6b922242c1fc106782cbc511c1d9ef91f03a8763715364945921
[2m2025-12-10T10:10:52.543259Z[0m [34mDEBUG[0m [2mhyper::client::pool[0m[2m:[0m reuse idle connection for ("http", 192.168.0.14:8545)
[2m2025-12-10T10:10:52.543296Z[0m [34mDEBUG[0m [2mhyper::proto::h1::io[0m[2m:[0m flushed 250 bytes
[2m2025-12-10T10:10:52.543324Z[0m [34mDEBUG[0m [2mhyper::client::pool[0m[2m:[0m reuse idle connection for ("http", 192.168.0.14:8545)
[2m2025-12-10T10:10:52.543339Z[0m [34mDEBUG[0m [2mhyper::proto::h1::io[0m[2m:[0m flushed 172 bytes
[2m2025-12-10T10:10:52.547951Z[0m [34mDEBUG[0m [2mhyper::proto::h1::io[0m[2m:[0m parsed 4 headers
[2m2025-12-10T10:10:52.547955Z[0m [34mDEBUG[0m [2mhyper::proto::h1::conn[0m[2m:[0m incoming body is content-length (45 bytes)
[2m2025-12-10T10:10:52.547964Z[0m [34mDEBUG[0m [2mhyper::proto::h1::conn[0m[2m:[0m incoming body completed
[2m2025-12-10T10:10:52.547970Z[0m [34mDEBUG[0m [2mhyper::client::pool[0m[2m:[0m pooling idle connection for ("http", 192.168.0.14:8545)
[2m2025-12-10T10:10:52.552350Z[0m [34mDEBUG[0m [2mhyper::proto::h1::io[0m[2m:[0m parsed 4 headers
[2m2025-12-10T10:10:52.552355Z[0m [34mDEBUG[0m [2mhyper::proto::h1::conn[0m[2m:[0m incoming body is content-length (641 bytes)
[2m2025-12-10T10:10:52.552359Z[0m [34mDEBUG[0m [2mhyper::proto::h1::conn[0m[2m:[0m incoming body completed
[2m2025-12-10T10:10:52.552364Z[0m [34mDEBUG[0m [2mhyper::client::pool[0m[2m:[0m pooling idle connection for ("http", 192.168.0.14:8545)
[2m2025-12-10T10:10:52.552367Z[0m [34mDEBUG[0m [2methereum_transaction_pool_monitor::eth_client[0m[2m:[0m 📡 Transaction fetch RPC completed in 9.122916ms
[2m2025-12-10T10:10:52.622403Z[0m [34mDEBUG[0m [2methereum_transaction_pool_monitor::eth_client[0m[2m:[0m ✅ Transaction 0x018912bd332a6b922242c1fc106782cbc511c1d9ef91f03a8763715364945921 fetched and parsed in 79.15625ms
[2m2025-12-10T10:10:52.622431Z[0m [34mDEBUG[0m [2methereum_transaction_pool_monitor::mempool_monitor[0m[2m:[0m 🔍 Skipping tx 0x018912bd332a6b922242c1fc106782cbc511c1d9ef91f03a8763715364945921 - not a DEX interaction (target: 0xd22de80E32806aC569d7BFaFFCE4C4EE18E90A27)
[2m2025-12-10T10:10:52.622440Z[0m [34mDEBUG[0m [2methereum_transaction_pool_monitor::mempool_monitor[0m[2m:[0m 📨 Processing new pending transaction: 0xb1d28d780bb1b07d6da6d0b764a1e7811b724713c471df8f0aa2b8a39774515d
[2m2025-12-10T10:10:52.622445Z[0m [34mDEBUG[0m [2methereum_transaction_pool_monitor::mempool_monitor[0m[2m:[0m 🔍 Fetching transaction details for: 0xb1d28d780bb1b07d6da6d0b764a1e7811b724713c471df8f0aa2b8a39774515d
[2m2025-12-10T10:10:52.622450Z[0m [34mDEBUG[0m [2methereum_transaction_pool_monitor::eth_client[0m[2m:[0m 🔍 Fetching transaction details for hash: 0xb1d28d780bb1b07d6da6d0b764a1e7811b724713c471df8f0aa2b8a39774515d
[2m2025-12-10T10:10:52.622468Z[0m [34mDEBUG[0m [2mhyper::client::pool[0m[2m:[0m reuse idle connection for ("http", 192.168.0.14:8545)
[2m2025-12-10T10:10:52.622508Z[0m [34mDEBUG[0m [2mhyper::proto::h1::io[0m[2m:[0m flushed 250 bytes
[2m2025-12-10T10:10:52.622528Z[0m [34mDEBUG[0m [2mhyper::client::pool[0m[2m:[0m reuse idle connection for ("http", 192.168.0.14:8545)
[2m2025-12-10T10:10:52.622545Z[0m [34mDEBUG[0m [2mhyper::proto::h1::io[0m[2m:[0m flushed 172 bytes
[2m2025-12-10T10:10:52.622557Z[0m [34mDEBUG[0m [2methereum_transaction_pool_monitor::eth_client[0m[2m:[0m 📨 Received WebSocket message: {"jsonrpc":"2.0","method":"eth_subscription","params":{"subscription":"0xbed0a0851463e895960a451075a301a9","result":"0x096ebadc2ad57e60705c15cccae26f9134628ccf3227d1ad6451ee03a43a0d5b"}}
[2m2025-12-10T10:10:52.622565Z[0m [34mDEBUG[0m [2methereum_transaction_pool_monitor::eth_client[0m[2m:[0m 📨 Received pending transaction: 0x096ebadc2ad57e60705c15cccae26f9134628ccf3227d1ad6451ee03a43a0d5b
[2m2025-12-10T10:10:52.629203Z[0m [34mDEBUG[0m [2mhyper::proto::h1::io[0m[2m:[0m parsed 4 headers
[2m2025-12-10T10:10:52.630934Z[0m [34mDEBUG[0m [2mhyper::proto::h1::conn[0m[2m:[0m incoming body is content-length (646 bytes)
[2m2025-12-10T10:10:52.630946Z[0m [34mDEBUG[0m [2mhyper::proto::h1::conn[0m[2m:[0m incoming body completed
[2m2025-12-10T10:10:52.630960Z[0m [34mDEBUG[0m [2mhyper::client::pool[0m[2m:[0m pooling idle connection for ("http", 192.168.0.14:8545)
[2m2025-12-10T10:10:52.630971Z[0m [34mDEBUG[0m [2methereum_transaction_pool_monitor::eth_client[0m[2m:[0m 📡 Transaction fetch RPC completed in 8.516542ms
[2m2025-12-10T10:10:52.701717Z[0m [34mDEBUG[0m [2methereum_transaction_pool_monitor::eth_client[0m[2m:[0m ✅ Transaction 0xb1d28d780bb1b07d6da6d0b764a1e7811b724713c471df8f0aa2b8a39774515d fetched and parsed in 79.260917ms
[2m2025-12-10T10:10:52.701743Z[0m [34mDEBUG[0m [2methereum_transaction_pool_monitor::mempool_monitor[0m[2m:[0m 🔍 Skipping tx 0xb1d28d780bb1b07d6da6d0b764a1e7811b724713c471df8f0aa2b8a39774515d - not a DEX interaction (target: 0xf52605c7b778563a5a9144EF4Dc53B57463ca2c7)
[2m2025-12-10T10:10:52.701754Z[0m [34mDEBUG[0m [2methereum_transaction_pool_monitor::mempool_monitor[0m[2m:[0m 📨 Processing new pending transaction: 0x7db3190e9cb58e080b4f2e3e8781eaa1c782a89c276df09f5132127ea3bb26f3
[2m2025-12-10T10:10:52.701759Z[0m [34mDEBUG[0m [2methereum_transaction_pool_monitor::mempool_monitor[0m[2m:[0m 🔍 Fetching transaction details for: 0x7db3190e9cb58e080b4f2e3e8781eaa1c782a89c276df09f5132127ea3bb26f3
[2m2025-12-10T10:10:52.701763Z[0m [34mDEBUG[0m [2methereum_transaction_pool_monitor::eth_client[0m[2m:[0m 🔍 Fetching transaction details for hash: 0x7db3190e9cb58e080b4f2e3e8781eaa1c782a89c276df09f5132127ea3bb26f3
[2m2025-12-10T10:10:52.701782Z[0m [34mDEBUG[0m [2mhyper::client::pool[0m[2m:[0m reuse idle connection for ("http", 192.168.0.14:8545)
[2m2025-12-10T10:10:52.701818Z[0m [34mDEBUG[0m [2mhyper::proto::h1::io[0m[2m:[0m flushed 250 bytes
[2m2025-12-10T10:10:52.701841Z[0m [34mDEBUG[0m [2methereum_transaction_pool_monitor::eth_client[0m[2m:[0m 📨 Received WebSocket message: {"jsonrpc":"2.0","method":"eth_subscription","params":{"subscription":"0xbed0a0851463e895960a451075a301a9","result":"0x6980e9b80e3485285cb7844749c98e286499c1ede7a792c81d2ffc027076903a"}}
[2m2025-12-10T10:10:52.701846Z[0m [34mDEBUG[0m [2mhyper::proto::h1::io[0m[2m:[0m parsed 4 headers
[2m2025-12-10T10:10:52.701855Z[0m [34mDEBUG[0m [2mhyper::proto::h1::conn[0m[2m:[0m incoming body is content-length (45 bytes)
[2m2025-12-10T10:10:52.701848Z[0m [34mDEBUG[0m [2methereum_transaction_pool_monitor::eth_client[0m[2m:[0m 📨 Received pending transaction: 0x6980e9b80e3485285cb7844749c98e286499c1ede7a792c81d2ffc027076903a
[2m2025-12-10T10:10:52.701866Z[0m [34mDEBUG[0m [2mhyper::proto::h1::conn[0m[2m:[0m incoming body completed
[2m2025-12-10T10:10:52.701868Z[0m [34mDEBUG[0m [2methereum_transaction_pool_monitor::eth_client[0m[2m:[0m 📨 Received WebSocket message: {"jsonrpc":"2.0","method":"eth_subscription","params":{"subscription":"0xbed0a0851463e895960a451075a301a9","result":"0x379124e65092306e48eaa2f13e9bcf29b80937106f129a55160139a5d589342d"}}
[2m2025-12-10T10:10:52.701877Z[0m [34mDEBUG[0m [2methereum_transaction_pool_monitor::eth_client[0m[2m:[0m 📨 Received pending transaction: 0x379124e65092306e48eaa2f13e9bcf29b80937106f129a55160139a5d589342d
[2m2025-12-10T10:10:52.701886Z[0m [34mDEBUG[0m [2methereum_transaction_pool_monitor::eth_client[0m[2m:[0m 📨 Received WebSocket message: {"jsonrpc":"2.0","method":"eth_subscription","params":{"subscription":"0xbed0a0851463e895960a451075a301a9","result":"0xd00e05e5d869728f2833f31b40b63e4bb0cc565d0f81768465adbb4d130e1152"}}
[2m2025-12-10T10:10:52.701891Z[0m [34mDEBUG[0m [2methereum_transaction_pool_monitor::eth_client[0m[2m:[0m 📨 Received pending transaction: 0xd00e05e5d869728f2833f31b40b63e4bb0cc565d0f81768465adbb4d130e1152
[2m2025-12-10T10:10:52.701877Z[0m [34mDEBUG[0m [2mhyper::client::pool[0m[2m:[0m pooling idle connection for ("http", 192.168.0.14:8545)
[2m2025-12-10T10:10:52.701917Z[0m [34mDEBUG[0m [2mhyper::client::pool[0m[2m:[0m reuse idle connection for ("http", 192.168.0.14:8545)
[2m2025-12-10T10:10:52.701932Z[0m [34mDEBUG[0m [2mhyper::proto::h1::io[0m[2m:[0m flushed 172 bytes
[2m2025-12-10T10:10:52.707883Z[0m [34mDEBUG[0m [2mhyper::proto::h1::io[0m[2m:[0m parsed 4 headers
[2m2025-12-10T10:10:52.707888Z[0m [34mDEBUG[0m [2mhyper::proto::h1::conn[0m[2m:[0m incoming body is content-length (45 bytes)
[2m2025-12-10T10:10:52.707893Z[0m [34mDEBUG[0m [2mhyper::proto::h1::conn[0m[2m:[0m incoming body completed
[2m2025-12-10T10:10:52.707898Z[0m [34mDEBUG[0m [2mhyper::client::pool[0m[2m:[0m pooling idle connection for ("http", 192.168.0.14:8545)
[2m2025-12-10T10:10:52.708667Z[0m [34mDEBUG[0m [2mhyper::proto::h1::io[0m[2m:[0m parsed 4 headers
[2m2025-12-10T10:10:52.708687Z[0m [34mDEBUG[0m [2mhyper::proto::h1::conn[0m[2m:[0m incoming body is content-length (768 bytes)
[2m2025-12-10T10:10:52.708714Z[0m [34mDEBUG[0m [2mhyper::proto::h1::conn[0m[2m:[0m incoming body completed
[2m2025-12-10T10:10:52.708731Z[0m [34mDEBUG[0m [2mhyper::client::pool[0m[2m:[0m pooling idle connection for ("http", 192.168.0.14:8545)
[2m2025-12-10T10:10:52.708737Z[0m [34mDEBUG[0m [2methereum_transaction_pool_monitor::eth_client[0m[2m:[0m 📡 Transaction fetch RPC completed in 6.969542ms
[2m2025-12-10T10:10:52.708750Z[0m [34mDEBUG[0m [2methereum_transaction_pool_monitor::eth_client[0m[2m:[0m DeFi transaction detected - Address: 0xdac17f958d2ee523a2206206994597c13d831ec7, Type: Stablecoin, Value: 0 ETH, Gas: 0.17 Gwei
[2m2025-12-10T10:10:52.708769Z[0m [34mDEBUG[0m [2methereum_transaction_pool_monitor::eth_client[0m[2m:[0m ✅ Transaction 0x7db3190e9cb58e080b4f2e3e8781eaa1c782a89c276df09f5132127ea3bb26f3 fetched and parsed in 7.00225ms
[2m2025-12-10T10:10:52.708777Z[0m [34mDEBUG[0m [2methereum_transaction_pool_monitor::mempool_monitor[0m[2m:[0m 🔍 Skipping tx 0x7db3190e9cb58e080b4f2e3e8781eaa1c782a89c276df09f5132127ea3bb26f3 - not a DEX interaction (target: 0xdAC17F958D2ee523a2206206994597C13D831ec7)
[2m2025-12-10T10:10:52.708783Z[0m [34mDEBUG[0m [2methereum_transaction_pool_monitor::mempool_monitor[0m[2m:[0m 📨 Processing new pending transaction: 0xceb992822e316e14dffdb978c5f74886bdb7d35e0931783a6f9667e6a42a6a8a
[2m2025-12-10T10:10:52.708788Z[0m [34mDEBUG[0m [2methereum_transaction_pool_monitor::mempool_monitor[0m[2m:[0m 🔍 Fetching transaction details for: 0xceb992822e316e14dffdb978c5f74886bdb7d35e0931783a6f9667e6a42a6a8a
[2m2025-12-10T10:10:52.708792Z[0m [34mDEBUG[0m [2methereum_transaction_pool_monitor::eth_client[0m[2m:[0m 🔍 Fetching transaction details for hash: 0xceb992822e316e14dffdb978c5f74886bdb7d35e0931783a6f9667e6a42a6a8a
[2m2025-12-10T10:10:52.708801Z[0m [34mDEBUG[0m [2mhyper::client::pool[0m[2m:[0m reuse idle connection for ("http", 192.168.0.14:8545)
[2m2025-12-10T10:10:52.708819Z[0m [34mDEBUG[0m [2mhyper::proto::h1::io[0m[2m:[0m flushed 250 bytes
[2m2025-12-10T10:10:52.716649Z[0m [34mDEBUG[0m [2mhyper::proto::h1::io[0m[2m:[0m parsed 4 headers
[2m2025-12-10T10:10:52.716655Z[0m [34mDEBUG[0m [2mhyper::proto::h1::conn[0m[2m:[0m incoming body is content-length (646 bytes)
[2m2025-12-10T10:10:52.716659Z[0m [34mDEBUG[0m [2mhyper::proto::h1::conn[0m[2m:[0m incoming body completed
[2m2025-12-10T10:10:52.716663Z[0m [34mDEBUG[0m [2mhyper::client::pool[0m[2m:[0m pooling idle connection for ("http", 192.168.0.14:8545)
[2m2025-12-10T10:10:52.716669Z[0m [34mDEBUG[0m [2methereum_transaction_pool_monitor::eth_client[0m[2m:[0m 📡 Transaction fetch RPC completed in 7.873125ms
[2m2025-12-10T10:10:52.787884Z[0m [34mDEBUG[0m [2methereum_transaction_pool_monitor::eth_client[0m[2m:[0m ✅ Transaction 0xceb992822e316e14dffdb978c5f74886bdb7d35e0931783a6f9667e6a42a6a8a fetched and parsed in 79.086041ms
[2m2025-12-10T10:10:52.787912Z[0m [34mDEBUG[0m [2methereum_transaction_pool_monitor::mempool_monitor[0m[2m:[0m 🔍 Skipping tx 0xceb992822e316e14dffdb978c5f74886bdb7d35e0931783a6f9667e6a42a6a8a - not a DEX interaction (target: 0xf52605c7b778563a5a9144EF4Dc53B57463ca2c7)
[2m2025-12-10T10:10:52.788188Z[0m [34mDEBUG[0m [2methereum_transaction_pool_monitor::mempool_monitor[0m[2m:[0m 📨 Processing new pending transaction: 0x6f8c017e509ce872ffff0afa735069c38b647e33be5eafc3dea88b69bb4ed6a0
[2m2025-12-10T10:10:52.788198Z[0m [34mDEBUG[0m [2methereum_transaction_pool_monitor::mempool_monitor[0m[2m:[0m 🔍 Fetching transaction details for: 0x6f8c017e509ce872ffff0afa735069c38b647e33be5eafc3dea88b69bb4ed6a0
[2m2025-12-10T10:10:52.788202Z[0m [34mDEBUG[0m [2methereum_transaction_pool_monitor::eth_client[0m[2m:[0m 🔍 Fetching transaction details for hash: 0x6f8c017e509ce872ffff0afa735069c38b647e33be5eafc3dea88b69bb4ed6a0
[2m2025-12-10T10:10:52.788220Z[0m [34mDEBUG[0m [2mhyper::client::pool[0m[2m:[0m reuse idle connection for ("http", 192.168.0.14:8545)
[2m2025-12-10T10:10:52.788253Z[0m [34mDEBUG[0m [2mhyper::proto::h1::io[0m[2m:[0m flushed 250 bytes
[2m2025-12-10T10:10:52.793130Z[0m [34mDEBUG[0m [2mhyper::proto::h1::io[0m[2m:[0m parsed 4 headers
[2m2025-12-10T10:10:52.793150Z[0m [34mDEBUG[0m [2mhyper::proto::h1::conn[0m[2m:[0m incoming body is content-length (646 bytes)
[2m2025-12-10T10:10:52.793185Z[0m [34mDEBUG[0m [2mhyper::proto::h1::conn[0m[2m:[0m incoming body completed
[2m2025-12-10T10:10:52.793196Z[0m [34mDEBUG[0m [2mhyper::client::pool[0m[2m:[0m pooling idle connection for ("http", 192.168.0.14:8545)
[2m2025-12-10T10:10:52.793201Z[0m [34mDEBUG[0m [2methereum_transaction_pool_monitor::eth_client[0m[2m:[0m 📡 Transaction fetch RPC completed in 4.995ms
[2m2025-12-10T10:10:52.864280Z[0m [34mDEBUG[0m [2methereum_transaction_pool_monitor::eth_client[0m[2m:[0m ✅ Transaction 0x6f8c017e509ce872ffff0afa735069c38b647e33be5eafc3dea88b69bb4ed6a0 fetched and parsed in 76.071959ms
[2m2025-12-10T10:10:52.864312Z[0m [34mDEBUG[0m [2methereum_transaction_pool_monitor::mempool_monitor[0m[2m:[0m 🔍 Skipping tx 0x6f8c017e509ce872ffff0afa735069c38b647e33be5eafc3dea88b69bb4ed6a0 - not a DEX interaction (target: 0xf52605c7b778563a5a9144EF4Dc53B57463ca2c7)
[2m2025-12-10T10:10:52.864325Z[0m [34mDEBUG[0m [2methereum_transaction_pool_monitor::mempool_monitor[0m[2m:[0m 📨 Processing new pending transaction: 0x7b7e5957c8598fdc3ca45ad63d9b1a76488584f0abe5875e6a725b602007f042
[2m2025-12-10T10:10:52.864332Z[0m [34mDEBUG[0m [2methereum_transaction_pool_monitor::mempool_monitor[0m[2m:[0m 🔍 Fetching transaction details for: 0x7b7e5957c8598fdc3ca45ad63d9b1a76488584f0abe5875e6a725b602007f042
[2m2025-12-10T10:10:52.864338Z[0m [34mDEBUG[0m [2methereum_transaction_pool_monitor::eth_client[0m[2m:[0m 🔍 Fetching transaction details for hash: 0x7b7e5957c8598fdc3ca45ad63d9b1a76488584f0abe5875e6a725b602007f042
[2m2025-12-10T10:10:52.864358Z[0m [34mDEBUG[0m [2mhyper::client::pool[0m[2m:[0m reuse idle connection for ("http", 192.168.0.14:8545)
[2m2025-12-10T10:10:52.864388Z[0m [34mDEBUG[0m [2mhyper::proto::h1::io[0m[2m:[0m flushed 250 bytes
[2m2025-12-10T10:10:52.864407Z[0m [34mDEBUG[0m [2mhyper::client::pool[0m[2m:[0m reuse idle connection for ("http", 192.168.0.14:8545)
[2m2025-12-10T10:10:52.864420Z[0m [34mDEBUG[0m [2methereum_transaction_pool_monitor::eth_client[0m[2m:[0m 📨 Received WebSocket message: {"jsonrpc":"2.0","method":"eth_subscription","params":{"subscription":"0xbed0a0851463e895960a451075a301a9","result":"0xa53c013275f042b13ad486075c6b77c845ab6900f5dbe2891c32008c716abae5"}}
[2m2025-12-10T10:10:52.864422Z[0m [34mDEBUG[0m [2mhyper::proto::h1::io[0m[2m:[0m flushed 172 bytes
[2m2025-12-10T10:10:52.864432Z[0m [34mDEBUG[0m [2methereum_transaction_pool_monitor::eth_client[0m[2m:[0m 📨 Received pending transaction: 0xa53c013275f042b13ad486075c6b77c845ab6900f5dbe2891c32008c716abae5
[2m2025-12-10T10:10:52.864455Z[0m [34mDEBUG[0m [2methereum_transaction_pool_monitor::eth_client[0m[2m:[0m 📨 Received WebSocket message: {"jsonrpc":"2.0","method":"eth_subscription","params":{"subscription":"0xbed0a0851463e895960a451075a301a9","result":"0x19332b5212f2a0db7994daaf90e908caba33bed0e167be399a13f481cacb185a"}}
[2m2025-12-10T10:10:52.864461Z[0m [34mDEBUG[0m [2methereum_transaction_pool_monitor::eth_client[0m[2m:[0m 📨 Received pending transaction: 0x19332b5212f2a0db7994daaf90e908caba33bed0e167be399a13f481cacb185a
[2m2025-12-10T10:10:52.864466Z[0m [34mDEBUG[0m [2methereum_transaction_pool_monitor::eth_client[0m[2m:[0m 📨 Received WebSocket message: {"jsonrpc":"2.0","method":"eth_subscription","params":{"subscription":"0xbed0a0851463e895960a451075a301a9","result":"0xfe18f194508946ebcfd306108514f7179e693b545e2bb56443c96970c0bf8098"}}
[2m2025-12-10T10:10:52.864470Z[0m [34mDEBUG[0m [2methereum_transaction_pool_monitor::eth_client[0m[2m:[0m 📨 Received pending transaction: 0xfe18f194508946ebcfd306108514f7179e693b545e2bb56443c96970c0bf8098
[2m2025-12-10T10:10:52.868038Z[0m [34mDEBUG[0m [2mhyper::proto::h1::io[0m[2m:[0m parsed 4 headers
[2m2025-12-10T10:10:52.868060Z[0m [34mDEBUG[0m [2mhyper::proto::h1::conn[0m[2m:[0m incoming body is content-length (45 bytes)
[2m2025-12-10T10:10:52.868081Z[0m [34mDEBUG[0m [2mhyper::proto::h1::conn[0m[2m:[0m incoming body completed
[2m2025-12-10T10:10:52.868100Z[0m [34mDEBUG[0m [2mhyper::client::pool[0m[2m:[0m pooling idle connection for ("http", 192.168.0.14:8545)
[2m2025-12-10T10:10:52.872949Z[0m [34mDEBUG[0m [2mhyper::proto::h1::io[0m[2m:[0m parsed 4 headers
[2m2025-12-10T10:10:52.872968Z[0m [34mDEBUG[0m [2mhyper::proto::h1::conn[0m[2m:[0m incoming body is content-length (645 bytes)
[2m2025-12-10T10:10:52.872997Z[0m [34mDEBUG[0m [2mhyper::proto::h1::conn[0m[2m:[0m incoming body completed
[2m2025-12-10T10:10:52.873020Z[0m [34mDEBUG[0m [2mhyper::client::pool[0m[2m:[0m pooling idle connection for ("http", 192.168.0.14:8545)
[2m2025-12-10T10:10:52.873025Z[0m [34mDEBUG[0m [2methereum_transaction_pool_monitor::eth_client[0m[2m:[0m 📡 Transaction fetch RPC completed in 8.682625ms
[2m2025-12-10T10:10:52.943925Z[0m [34mDEBUG[0m [2methereum_transaction_pool_monitor::eth_client[0m[2m:[0m ✅ Transaction 0x7b7e5957c8598fdc3ca45ad63d9b1a76488584f0abe5875e6a725b602007f042 fetched and parsed in 79.580458ms
[2m2025-12-10T10:10:52.947530Z[0m [34mDEBUG[0m [2methereum_transaction_pool_monitor::mempool_monitor[0m[2m:[0m 🔍 Skipping tx 0x7b7e5957c8598fdc3ca45ad63d9b1a76488584f0abe5875e6a725b602007f042 - not a DEX interaction (target: 0xf52605c7b778563a5a9144EF4Dc53B57463ca2c7)
[2m2025-12-10T10:10:52.947550Z[0m [34mDEBUG[0m [2methereum_transaction_pool_monitor::mempool_monitor[0m[2m:[0m 📨 Processing new pending transaction: 0xe2250308e831d273beec47d0fbbd897afa34368f56dcedd2320029a3f8019249
[2m2025-12-10T10:10:52.947560Z[0m [34mDEBUG[0m [2methereum_transaction_pool_monitor::mempool_monitor[0m[2m:[0m 🔍 Fetching transaction details for: 0xe2250308e831d273beec47d0fbbd897afa34368f56dcedd2320029a3f8019249
[2m2025-12-10T10:10:52.947566Z[0m [34mDEBUG[0m [2methereum_transaction_pool_monitor::eth_client[0m[2m:[0m 🔍 Fetching transaction details for hash: 0xe2250308e831d273beec47d0fbbd897afa34368f56dcedd2320029a3f8019249
[2m2025-12-10T10:10:52.947591Z[0m [34mDEBUG[0m [2mhyper::client::pool[0m[2m:[0m reuse idle connection for ("http", 192.168.0.14:8545)
[2m2025-12-10T10:10:52.947626Z[0m [34mDEBUG[0m [2mhyper::proto::h1::io[0m[2m:[0m flushed 250 bytes
[2m2025-12-10T10:10:52.947661Z[0m [34mDEBUG[0m [2mhyper::client::pool[0m[2m:[0m reuse idle connection for ("http", 192.168.0.14:8545)
[2m2025-12-10T10:10:52.947678Z[0m [34mDEBUG[0m [2mhyper::proto::h1::io[0m[2m:[0m flushed 172 bytes
[2m2025-12-10T10:10:52.953035Z[0m [34mDEBUG[0m [2mhyper::proto::h1::io[0m[2m:[0m parsed 4 headers
[2m2025-12-10T10:10:52.953042Z[0m [34mDEBUG[0m [2mhyper::proto::h1::conn[0m[2m:[0m incoming body is content-length (646 bytes)
[2m2025-12-10T10:10:52.953049Z[0m [34mDEBUG[0m [2mhyper::proto::h1::conn[0m[2m:[0m incoming body completed
[2m2025-12-10T10:10:52.953056Z[0m [34mDEBUG[0m [2mhyper::client::pool[0m[2m:[0m pooling idle connection for ("http", 192.168.0.14:8545)
[2m2025-12-10T10:10:52.953062Z[0m [34mDEBUG[0m [2methereum_transaction_pool_monitor::eth_client[0m[2m:[0m 📡 Transaction fetch RPC completed in 5.491083ms
[2m2025-12-10T10:10:53.024654Z[0m [34mDEBUG[0m [2methereum_transaction_pool_monitor::eth_client[0m[2m:[0m ✅ Transaction 0xe2250308e831d273beec47d0fbbd897afa34368f56dcedd2320029a3f8019249 fetched and parsed in 77.080666ms
[2m2025-12-10T10:10:53.024680Z[0m [34mDEBUG[0m [2methereum_transaction_pool_monitor::mempool_monitor[0m[2m:[0m 🔍 Skipping tx 0xe2250308e831d273beec47d0fbbd897afa34368f56dcedd2320029a3f8019249 - not a DEX interaction (target: 0xf52605c7b778563a5a9144EF4Dc53B57463ca2c7)
[2m2025-12-10T10:10:53.024690Z[0m [34mDEBUG[0m [2methereum_transaction_pool_monitor::mempool_monitor[0m[2m:[0m 📨 Processing new pending transaction: 0xb0fa3f7828b7195e3d78f3822081cc90ac4d0beb99288a0c0e594a573113952b
[2m2025-12-10T10:10:53.024696Z[0m [34mDEBUG[0m [2methereum_transaction_pool_monitor::mempool_monitor[0m[2m:[0m 🔍 Fetching transaction details for: 0xb0fa3f7828b7195e3d78f3822081cc90ac4d0beb99288a0c0e594a573113952b
[2m2025-12-10T10:10:53.024701Z[0m [34mDEBUG[0m [2methereum_transaction_pool_monitor::eth_client[0m[2m:[0m 🔍 Fetching transaction details for hash: 0xb0fa3f7828b7195e3d78f3822081cc90ac4d0beb99288a0c0e594a573113952b
[2m2025-12-10T10:10:53.024720Z[0m [34mDEBUG[0m [2mhyper::client::pool[0m[2m:[0m reuse idle connection for ("http", 192.168.0.14:8545)
[2m2025-12-10T10:10:53.024763Z[0m [34mDEBUG[0m [2mhyper::proto::h1::io[0m[2m:[0m flushed 250 bytes
[2m2025-12-10T10:10:53.024785Z[0m [34mDEBUG[0m [2methereum_transaction_pool_monitor::eth_client[0m[2m:[0m 📨 Received WebSocket message: {"jsonrpc":"2.0","method":"eth_subscription","params":{"subscription":"0xbed0a0851463e895960a451075a301a9","result":"0x0c25d80f579a26a2ec0a8bd80e4c9ee05a7189f9ffd207cd58eecb6e32710de3"}}
[2m2025-12-10T10:10:53.024790Z[0m [34mDEBUG[0m [2mhyper::proto::h1::io[0m[2m:[0m parsed 4 headers
[2m2025-12-10T10:10:53.024793Z[0m [34mDEBUG[0m [2methereum_transaction_pool_monitor::eth_client[0m[2m:[0m 📨 Received pending transaction: 0x0c25d80f579a26a2ec0a8bd80e4c9ee05a7189f9ffd207cd58eecb6e32710de3
[2m2025-12-10T10:10:53.024801Z[0m [34mDEBUG[0m [2mhyper::proto::h1::conn[0m[2m:[0m incoming body is content-length (45 bytes)
[2m2025-12-10T10:10:53.024809Z[0m [34mDEBUG[0m [2mhyper::proto::h1::conn[0m[2m:[0m incoming body completed
[2m2025-12-10T10:10:53.024819Z[0m [34mDEBUG[0m [2mhyper::client::pool[0m[2m:[0m pooling idle connection for ("http", 192.168.0.14:8545)
[2m2025-12-10T10:10:53.024833Z[0m [34mDEBUG[0m [2mhyper::client::pool[0m[2m:[0m reuse idle connection for ("http", 192.168.0.14:8545)
[2m2025-12-10T10:10:53.024848Z[0m [34mDEBUG[0m [2mhyper::proto::h1::io[0m[2m:[0m flushed 172 bytes
[2m2025-12-10T10:10:53.028798Z[0m [34mDEBUG[0m [2mhyper::proto::h1::io[0m[2m:[0m parsed 4 headers
[2m2025-12-10T10:10:53.028804Z[0m [34mDEBUG[0m [2mhyper::proto::h1::conn[0m[2m:[0m incoming body is content-length (45 bytes)
[2m2025-12-10T10:10:53.028809Z[0m [34mDEBUG[0m [2mhyper::proto::h1::conn[0m[2m:[0m incoming body completed
[2m2025-12-10T10:10:53.028816Z[0m [34mDEBUG[0m [2mhyper::client::pool[0m[2m:[0m pooling idle connection for ("http", 192.168.0.14:8545)
[2m2025-12-10T10:10:53.028830Z[0m [34mDEBUG[0m [2mhyper::proto::h1::io[0m[2m:[0m parsed 4 headers
[2m2025-12-10T10:10:53.028835Z[0m [34mDEBUG[0m [2mhyper::proto::h1::conn[0m[2m:[0m incoming body is content-length (550 bytes)
[2m2025-12-10T10:10:53.028840Z[0m [34mDEBUG[0m [2mhyper::proto::h1::conn[0m[2m:[0m incoming body completed
[2m2025-12-10T10:10:53.028845Z[0m [34mDEBUG[0m [2mhyper::client::pool[0m[2m:[0m pooling idle connection for ("http", 192.168.0.14:8545)
[2m2025-12-10T10:10:53.028850Z[0m [34mDEBUG[0m [2methereum_transaction_pool_monitor::eth_client[0m[2m:[0m 📡 Transaction fetch RPC completed in 4.145708ms
[2m2025-12-10T10:10:53.100464Z[0m [34mDEBUG[0m [2methereum_transaction_pool_monitor::eth_client[0m[2m:[0m ✅ Transaction 0xb0fa3f7828b7195e3d78f3822081cc90ac4d0beb99288a0c0e594a573113952b fetched and parsed in 75.757125ms
[2m2025-12-10T10:10:53.100490Z[0m [34mDEBUG[0m [2methereum_transaction_pool_monitor::mempool_monitor[0m[2m:[0m 🔍 Skipping tx 0xb0fa3f7828b7195e3d78f3822081cc90ac4d0beb99288a0c0e594a573113952b - not a DEX interaction (target: 0xc693f29630572F7904D6567380234631B16cE053)
[2m2025-12-10T10:10:53.100502Z[0m [34mDEBUG[0m [2methereum_transaction_pool_monitor::mempool_monitor[0m[2m:[0m 📨 Processing new pending transaction: 0x4acd005f8be64aba74d4ee1e3450a551b4efcbfd38766b44b01002431a939876
[2m2025-12-10T10:10:53.100511Z[0m [34mDEBUG[0m [2methereum_transaction_pool_monitor::mempool_monitor[0m[2m:[0m 🔍 Fetching transaction details for: 0x4acd005f8be64aba74d4ee1e3450a551b4efcbfd38766b44b01002431a939876
[2m2025-12-10T10:10:53.100516Z[0m [34mDEBUG[0m [2methereum_transaction_pool_monitor::eth_client[0m[2m:[0m 🔍 Fetching transaction details for hash: 0x4acd005f8be64aba74d4ee1e3450a551b4efcbfd38766b44b01002431a939876
[2m2025-12-10T10:10:53.100536Z[0m [34mDEBUG[0m [2mhyper::client::pool[0m[2m:[0m reuse idle connection for ("http", 192.168.0.14:8545)
[2m2025-12-10T10:10:53.100572Z[0m [34mDEBUG[0m [2mhyper::proto::h1::io[0m[2m:[0m flushed 250 bytes
[2m2025-12-10T10:10:53.100592Z[0m [34mDEBUG[0m [2mhyper::client::pool[0m[2m:[0m reuse idle connection for ("http", 192.168.0.14:8545)
[2m2025-12-10T10:10:53.100605Z[0m [34mDEBUG[0m [2mhyper::proto::h1::io[0m[2m:[0m flushed 172 bytes
[2m2025-12-10T10:10:53.100639Z[0m [34mDEBUG[0m [2methereum_transaction_pool_monitor::eth_client[0m[2m:[0m 📨 Received WebSocket message: {"jsonrpc":"2.0","method":"eth_subscription","params":{"subscription":"0xbed0a0851463e895960a451075a301a9","result":"0x169eb33038a7eeefe01a1b13345fdd8f1ef94fa286f20ef0cf47ea67ed81625e"}}
[2m2025-12-10T10:10:53.100648Z[0m [34mDEBUG[0m [2methereum_transaction_pool_monitor::eth_client[0m[2m:[0m 📨 Received pending transaction: 0x169eb33038a7eeefe01a1b13345fdd8f1ef94fa286f20ef0cf47ea67ed81625e
[2m2025-12-10T10:10:53.100653Z[0m [34mDEBUG[0m [2methereum_transaction_pool_monitor::eth_client[0m[2m:[0m 📨 Received WebSocket message: {"jsonrpc":"2.0","method":"eth_subscription","params":{"subscription":"0xbed0a0851463e895960a451075a301a9","result":"0x15c31df5937fe0b6a6780c8519ca38ce7dcd8d2461a4f0bd99196b6d02b1d9ab"}}
[2m2025-12-10T10:10:53.100657Z[0m [34mDEBUG[0m [2methereum_transaction_pool_monitor::eth_client[0m[2m:[0m 📨 Received pending transaction: 0x15c31df5937fe0b6a6780c8519ca38ce7dcd8d2461a4f0bd99196b6d02b1d9ab
[2m2025-12-10T10:10:53.103764Z[0m [34mDEBUG[0m [2mhyper::proto::h1::io[0m[2m:[0m parsed 4 headers
[2m2025-12-10T10:10:53.103769Z[0m [34mDEBUG[0m [2mhyper::proto::h1::conn[0m[2m:[0m incoming body is content-length (45 bytes)
[2m2025-12-10T10:10:53.103774Z[0m [34mDEBUG[0m [2mhyper::proto::h1::conn[0m[2m:[0m incoming body completed
[2m2025-12-10T10:10:53.103781Z[0m [34mDEBUG[0m [2mhyper::client::pool[0m[2m:[0m pooling idle connection for ("http", 192.168.0.14:8545)
[2m2025-12-10T10:10:53.104875Z[0m [34mDEBUG[0m [2mhyper::proto::h1::io[0m[2m:[0m parsed 4 headers
[2m2025-12-10T10:10:53.104884Z[0m [34mDEBUG[0m [2mhyper::proto::h1::conn[0m[2m:[0m incoming body is content-length (551 bytes)
[2m2025-12-10T10:10:53.104891Z[0m [34mDEBUG[0m [2mhyper::proto::h1::conn[0m[2m:[0m incoming body completed
[2m2025-12-10T10:10:53.104901Z[0m [34mDEBUG[0m [2mhyper::client::pool[0m[2m:[0m pooling idle connection for ("http", 192.168.0.14:8545)
[2m2025-12-10T10:10:53.104909Z[0m [34mDEBUG[0m [2methereum_transaction_pool_monitor::eth_client[0m[2m:[0m 📡 Transaction fetch RPC completed in 4.386083ms
[2m2025-12-10T10:10:53.176957Z[0m [34mDEBUG[0m [2methereum_transaction_pool_monitor::eth_client[0m[2m:[0m ✅ Transaction 0x4acd005f8be64aba74d4ee1e3450a551b4efcbfd38766b44b01002431a939876 fetched and parsed in 76.432166ms
[2m2025-12-10T10:10:53.176984Z[0m [34mDEBUG[0m [2methereum_transaction_pool_monitor::mempool_monitor[0m[2m:[0m 🔍 Skipping tx 0x4acd005f8be64aba74d4ee1e3450a551b4efcbfd38766b44b01002431a939876 - not a DEX interaction (target: 0x8A8c0c68349839F6899bCCe3EABc8b5906B146d5)
[2m2025-12-10T10:10:53.176998Z[0m [34mDEBUG[0m [2methereum_transaction_pool_monitor::mempool_monitor[0m[2m:[0m 📨 Processing new pending transaction: 0xabbd90b55f1f381fef6085a4282836b9f3a9752c7a86db87b1dcad49c4c83f30
[2m2025-12-10T10:10:53.177004Z[0m [34mDEBUG[0m [2methereum_transaction_pool_monitor::mempool_monitor[0m[2m:[0m 🔍 Fetching transaction details for: 0xabbd90b55f1f381fef6085a4282836b9f3a9752c7a86db87b1dcad49c4c83f30
[2m2025-12-10T10:10:53.177013Z[0m [34mDEBUG[0m [2methereum_transaction_pool_monitor::eth_client[0m[2m:[0m 🔍 Fetching transaction details for hash: 0xabbd90b55f1f381fef6085a4282836b9f3a9752c7a86db87b1dcad49c4c83f30
[2m2025-12-10T10:10:53.177031Z[0m [34mDEBUG[0m [2mhyper::client::pool[0m[2m:[0m reuse idle connection for ("http", 192.168.0.14:8545)
[2m2025-12-10T10:10:53.177070Z[0m [34mDEBUG[0m [2mhyper::proto::h1::io[0m[2m:[0m flushed 250 bytes
[2m2025-12-10T10:10:53.177090Z[0m [34mDEBUG[0m [2methereum_transaction_pool_monitor::eth_client[0m[2m:[0m 📨 Received WebSocket message: {"jsonrpc":"2.0","method":"eth_subscription","params":{"subscription":"0xbed0a0851463e895960a451075a301a9","result":"0x985fd75a7fd313c554d1690e342bbde7d9e17c720561650d6c4eb9ab69925aac"}}
[2m2025-12-10T10:10:53.177099Z[0m [34mDEBUG[0m [2methereum_transaction_pool_monitor::eth_client[0m[2m:[0m 📨 Received pending transaction: 0x985fd75a7fd313c554d1690e342bbde7d9e17c720561650d6c4eb9ab69925aac
[2m2025-12-10T10:10:53.185832Z[0m [34mDEBUG[0m [2mhyper::proto::h1::io[0m[2m:[0m parsed 4 headers
[2m2025-12-10T10:10:53.185853Z[0m [34mDEBUG[0m [2mhyper::proto::h1::conn[0m[2m:[0m incoming body is content-length (768 bytes)
[2m2025-12-10T10:10:53.185865Z[0m [34mDEBUG[0m [2mhyper::proto::h1::conn[0m[2m:[0m incoming body completed
[2m2025-12-10T10:10:53.185886Z[0m [34mDEBUG[0m [2mhyper::client::pool[0m[2m:[0m pooling idle connection for ("http", 192.168.0.14:8545)
[2m2025-12-10T10:10:53.185894Z[0m [34mDEBUG[0m [2methereum_transaction_pool_monitor::eth_client[0m[2m:[0m 📡 Transaction fetch RPC completed in 8.876ms
[2m2025-12-10T10:10:53.185912Z[0m [34mDEBUG[0m [2methereum_transaction_pool_monitor::eth_client[0m[2m:[0m DeFi transaction detected - Address: 0xdac17f958d2ee523a2206206994597c13d831ec7, Type: Stablecoin, Value: 0 ETH, Gas: 0.17 Gwei
[2m2025-12-10T10:10:53.185928Z[0m [34mDEBUG[0m [2methereum_transaction_pool_monitor::eth_client[0m[2m:[0m ✅ Transaction 0xabbd90b55f1f381fef6085a4282836b9f3a9752c7a86db87b1dcad49c4c83f30 fetched and parsed in 8.91025ms
[2m2025-12-10T10:10:53.185936Z[0m [34mDEBUG[0m [2methereum_transaction_pool_monitor::mempool_monitor[0m[2m:[0m 🔍 Skipping tx 0xabbd90b55f1f381fef6085a4282836b9f3a9752c7a86db87b1dcad49c4c83f30 - not a DEX interaction (target: 0xdAC17F958D2ee523a2206206994597C13D831ec7)
[2m2025-12-10T10:10:53.185944Z[0m [34mDEBUG[0m [2methereum_transaction_pool_monitor::mempool_monitor[0m[2m:[0m 📨 Processing new pending transaction: 0xd3d404948303997cb4b9799ad7a59f5ee692371f101e68d4633035ca8baa6e7e
[2m2025-12-10T10:10:53.185949Z[0m [34mDEBUG[0m [2methereum_transaction_pool_monitor::mempool_monitor[0m[2m:[0m 🔍 Fetching transaction details for: 0xd3d404948303997cb4b9799ad7a59f5ee692371f101e68d4633035ca8baa6e7e
[2m2025-12-10T10:10:53.185952Z[0m [34mDEBUG[0m [2methereum_transaction_pool_monitor::eth_client[0m[2m:[0m 🔍 Fetching transaction details for hash: 0xd3d404948303997cb4b9799ad7a59f5ee692371f101e68d4633035ca8baa6e7e
[2m2025-12-10T10:10:53.185963Z[0m [34mDEBUG[0m [2mhyper::client::pool[0m[2m:[0m reuse idle connection for ("http", 192.168.0.14:8545)
[2m2025-12-10T10:10:53.185980Z[0m [34mDEBUG[0m [2mhyper::proto::h1::io[0m[2m:[0m flushed 250 bytes
[2m2025-12-10T10:10:53.190540Z[0m [34mDEBUG[0m [2mhyper::proto::h1::io[0m[2m:[0m parsed 4 headers
[2m2025-12-10T10:10:53.190545Z[0m [34mDEBUG[0m [2mhyper::proto::h1::conn[0m[2m:[0m incoming body is content-length (768 bytes)
[2m2025-12-10T10:10:53.190550Z[0m [34mDEBUG[0m [2mhyper::proto::h1::conn[0m[2m:[0m incoming body completed
[2m2025-12-10T10:10:53.190556Z[0m [34mDEBUG[0m [2mhyper::client::pool[0m[2m:[0m pooling idle connection for ("http", 192.168.0.14:8545)
[2m2025-12-10T10:10:53.190561Z[0m [34mDEBUG[0m [2methereum_transaction_pool_monitor::eth_client[0m[2m:[0m 📡 Transaction fetch RPC completed in 4.605417ms
[2m2025-12-10T10:10:53.190571Z[0m [34mDEBUG[0m [2methereum_transaction_pool_monitor::eth_client[0m[2m:[0m DeFi transaction detected - Address: 0xdac17f958d2ee523a2206206994597c13d831ec7, Type: Stablecoin, Value: 0 ETH, Gas: 0.17 Gwei
[2m2025-12-10T10:10:53.190581Z[0m [34mDEBUG[0m [2methereum_transaction_pool_monitor::eth_client[0m[2m:[0m ✅ Transaction 0xd3d404948303997cb4b9799ad7a59f5ee692371f101e68d4633035ca8baa6e7e fetched and parsed in 4.625083ms
[2m2025-12-10T10:10:53.190585Z[0m [34mDEBUG[0m [2methereum_transaction_pool_monitor::mempool_monitor[0m[2m:[0m 🔍 Skipping tx 0xd3d404948303997cb4b9799ad7a59f5ee692371f101e68d4633035ca8baa6e7e - not a DEX interaction (target: 0xdAC17F958D2ee523a2206206994597C13D831ec7)
[2m2025-12-10T10:10:53.190590Z[0m [34mDEBUG[0m [2methereum_transaction_pool_monitor::mempool_monitor[0m[2m:[0m 📨 Processing new pending transaction: 0xad04d2263d7af3d6148d792c8c8e77ecd77f02f56443f9d57cc36911786499aa
[2m2025-12-10T10:10:53.190594Z[0m [34mDEBUG[0m [2methereum_transaction_pool_monitor::mempool_monitor[0m[2m:[0m 🔍 Fetching transaction details for: 0xad04d2263d7af3d6148d792c8c8e77ecd77f02f56443f9d57cc36911786499aa
[2m2025-12-10T10:10:53.190597Z[0m [34mDEBUG[0m [2methereum_transaction_pool_monitor::eth_client[0m[2m:[0m 🔍 Fetching transaction details for hash: 0xad04d2263d7af3d6148d792c8c8e77ecd77f02f56443f9d57cc36911786499aa
[2m2025-12-10T10:10:53.190605Z[0m [34mDEBUG[0m [2mhyper::client::pool[0m[2m:[0m reuse idle connection for ("http", 192.168.0.14:8545)
[2m2025-12-10T10:10:53.190619Z[0m [34mDEBUG[0m [2mhyper::proto::h1::io[0m[2m:[0m flushed 250 bytes
[2m2025-12-10T10:10:53.195346Z[0m [34mDEBUG[0m [2mhyper::proto::h1::io[0m[2m:[0m parsed 4 headers
[2m2025-12-10T10:10:53.195368Z[0m [34mDEBUG[0m [2mhyper::proto::h1::conn[0m[2m:[0m incoming body is content-length (768 bytes)
[2m2025-12-10T10:10:53.195386Z[0m [34mDEBUG[0m [2mhyper::proto::h1::conn[0m[2m:[0m incoming body completed
[2m2025-12-10T10:10:53.195398Z[0m [34mDEBUG[0m [2mhyper::client::pool[0m[2m:[0m pooling idle connection for ("http", 192.168.0.14:8545)
[2m2025-12-10T10:10:53.195403Z[0m [34mDEBUG[0m [2methereum_transaction_pool_monitor::eth_client[0m[2m:[0m 📡 Transaction fetch RPC completed in 4.803333ms
[2m2025-12-10T10:10:53.195414Z[0m [34mDEBUG[0m [2methereum_transaction_pool_monitor::eth_client[0m[2m:[0m DeFi transaction detected - Address: 0xdac17f958d2ee523a2206206994597c13d831ec7, Type: Stablecoin, Value: 0 ETH, Gas: 0.17 Gwei
[2m2025-12-10T10:10:53.195435Z[0m [34mDEBUG[0m [2methereum_transaction_pool_monitor::eth_client[0m[2m:[0m ✅ Transaction 0xad04d2263d7af3d6148d792c8c8e77ecd77f02f56443f9d57cc36911786499aa fetched and parsed in 4.835625ms
[2m2025-12-10T10:10:53.195440Z[0m [34mDEBUG[0m [2methereum_transaction_pool_monitor::mempool_monitor[0m[2m:[0m 🔍 Skipping tx 0xad04d2263d7af3d6148d792c8c8e77ecd77f02f56443f9d57cc36911786499aa - not a DEX interaction (target: 0xdAC17F958D2ee523a2206206994597C13D831ec7)
[2m2025-12-10T10:10:53.195445Z[0m [34mDEBUG[0m [2methereum_transaction_pool_monitor::mempool_monitor[0m[2m:[0m 📨 Processing new pending transaction: 0x3ff2b59674fdc21af3d983ecee36107f03c3cb0c3b8107ec1df5f9e579fac505
[2m2025-12-10T10:10:53.195448Z[0m [34mDEBUG[0m [2methereum_transaction_pool_monitor::mempool_monitor[0m[2m:[0m 🔍 Fetching transaction details for: 0x3ff2b59674fdc21af3d983ecee36107f03c3cb0c3b8107ec1df5f9e579fac505
[2m2025-12-10T10:10:53.195452Z[0m [34mDEBUG[0m [2methereum_transaction_pool_monitor::eth_client[0m[2m:[0m 🔍 Fetching transaction details for hash: 0x3ff2b59674fdc21af3d983ecee36107f03c3cb0c3b8107ec1df5f9e579fac505
[2m2025-12-10T10:10:53.195459Z[0m [34mDEBUG[0m [2mhyper::client::pool[0m[2m:[0m reuse idle connection for ("http", 192.168.0.14:8545)
[2m2025-12-10T10:10:53.195475Z[0m [34mDEBUG[0m [2mhyper::proto::h1::io[0m[2m:[0m flushed 250 bytes
[2m2025-12-10T10:10:53.197990Z[0m [34mDEBUG[0m [2mhyper::client::pool[0m[2m:[0m reuse idle connection for ("http", 192.168.0.14:8545)
[2m2025-12-10T10:10:53.198008Z[0m [34mDEBUG[0m [2mhyper::proto::h1::io[0m[2m:[0m flushed 172 bytes
[2m2025-12-10T10:10:53.201926Z[0m [34mDEBUG[0m [2mhyper::proto::h1::io[0m[2m:[0m parsed 4 headers
[2m2025-12-10T10:10:53.201931Z[0m [34mDEBUG[0m [2mhyper::proto::h1::conn[0m[2m:[0m incoming body is content-length (769 bytes)
[2m2025-12-10T10:10:53.201935Z[0m [34mDEBUG[0m [2mhyper::proto::h1::conn[0m[2m:[0m incoming body completed
[2m2025-12-10T10:10:53.201939Z[0m [34mDEBUG[0m [2mhyper::client::pool[0m[2m:[0m pooling idle connection for ("http", 192.168.0.14:8545)
[2m2025-12-10T10:10:53.201943Z[0m [34mDEBUG[0m [2methereum_transaction_pool_monitor::eth_client[0m[2m:[0m 📡 Transaction fetch RPC completed in 6.487833ms
[2m2025-12-10T10:10:53.271414Z[0m [34mDEBUG[0m [2methereum_transaction_pool_monitor::eth_client[0m[2m:[0m ✅ Transaction 0x3ff2b59674fdc21af3d983ecee36107f03c3cb0c3b8107ec1df5f9e579fac505 fetched and parsed in 75.956875ms
[2m2025-12-10T10:10:53.271444Z[0m [34mDEBUG[0m [2methereum_transaction_pool_monitor::mempool_monitor[0m[2m:[0m 🔍 Skipping tx 0x3ff2b59674fdc21af3d983ecee36107f03c3cb0c3b8107ec1df5f9e579fac505 - not a DEX interaction (target: 0xA0b86991c6218b36c1d19D4a2e9Eb0cE3606eB48)
[2m2025-12-10T10:10:53.271454Z[0m [34mDEBUG[0m [2methereum_transaction_pool_monitor::mempool_monitor[0m[2m:[0m 📨 Processing new pending transaction: 0x8c7cf914aca3523755f6cc5935561ce2afade89a0d00944f2fd1110a2e53005e
[2m2025-12-10T10:10:53.271459Z[0m [34mDEBUG[0m [2methereum_transaction_pool_monitor::mempool_monitor[0m[2m:[0m 🔍 Fetching transaction details for: 0x8c7cf914aca3523755f6cc5935561ce2afade89a0d00944f2fd1110a2e53005e
[2m2025-12-10T10:10:53.271463Z[0m [34mDEBUG[0m [2methereum_transaction_pool_monitor::eth_client[0m[2m:[0m 🔍 Fetching transaction details for hash: 0x8c7cf914aca3523755f6cc5935561ce2afade89a0d00944f2fd1110a2e53005e
[2m2025-12-10T10:10:53.271482Z[0m [34mDEBUG[0m [2mhyper::client::pool[0m[2m:[0m reuse idle connection for ("http", 192.168.0.14:8545)
[2m2025-12-10T10:10:53.271510Z[0m [34mDEBUG[0m [2mhyper::proto::h1::io[0m[2m:[0m flushed 250 bytes
[2m2025-12-10T10:10:53.271526Z[0m [34mDEBUG[0m [2mhyper::proto::h1::io[0m[2m:[0m parsed 4 headers
[2m2025-12-10T10:10:53.271531Z[0m [34mDEBUG[0m [2mhyper::proto::h1::conn[0m[2m:[0m incoming body is content-length (45 bytes)
[2m2025-12-10T10:10:53.271538Z[0m [34mDEBUG[0m [2mhyper::proto::h1::conn[0m[2m:[0m incoming body completed
[2m2025-12-10T10:10:53.271546Z[0m [34mDEBUG[0m [2mhyper::client::pool[0m[2m:[0m pooling idle connection for ("http", 192.168.0.14:8545)
[2m2025-12-10T10:10:53.276684Z[0m [34mDEBUG[0m [2mhyper::proto::h1::io[0m[2m:[0m parsed 4 headers
[2m2025-12-10T10:10:53.276705Z[0m [34mDEBUG[0m [2mhyper::proto::h1::conn[0m[2m:[0m incoming body is content-length (769 bytes)
[2m2025-12-10T10:10:53.276722Z[0m [34mDEBUG[0m [2mhyper::proto::h1::conn[0m[2m:[0m incoming body completed
[2m2025-12-10T10:10:53.276735Z[0m [34mDEBUG[0m [2mhyper::client::pool[0m[2m:[0m pooling idle connection for ("http", 192.168.0.14:8545)
[2m2025-12-10T10:10:53.276740Z[0m [34mDEBUG[0m [2methereum_transaction_pool_monitor::eth_client[0m[2m:[0m 📡 Transaction fetch RPC completed in 5.273584ms
[2m2025-12-10T10:10:53.348321Z[0m [34mDEBUG[0m [2methereum_transaction_pool_monitor::eth_client[0m[2m:[0m ✅ Transaction 0x8c7cf914aca3523755f6cc5935561ce2afade89a0d00944f2fd1110a2e53005e fetched and parsed in 76.851542ms
[2m2025-12-10T10:10:53.348350Z[0m [34mDEBUG[0m [2methereum_transaction_pool_monitor::mempool_monitor[0m[2m:[0m 🔍 Skipping tx 0x8c7cf914aca3523755f6cc5935561ce2afade89a0d00944f2fd1110a2e53005e - not a DEX interaction (target: 0xA0b86991c6218b36c1d19D4a2e9Eb0cE3606eB48)
[2m2025-12-10T10:10:53.348367Z[0m [34mDEBUG[0m [2methereum_transaction_pool_monitor::mempool_monitor[0m[2m:[0m 📨 Processing new pending transaction: 0x460d9778d265e28b924db6de6e8d41dba6c2eb0d9ceb7b6ea5ff662a9f59aa34
[2m2025-12-10T10:10:53.348374Z[0m [34mDEBUG[0m [2methereum_transaction_pool_monitor::mempool_monitor[0m[2m:[0m 🔍 Fetching transaction details for: 0x460d9778d265e28b924db6de6e8d41dba6c2eb0d9ceb7b6ea5ff662a9f59aa34
[2m2025-12-10T10:10:53.348379Z[0m [34mDEBUG[0m [2methereum_transaction_pool_monitor::eth_client[0m[2m:[0m 🔍 Fetching transaction details for hash: 0x460d9778d265e28b924db6de6e8d41dba6c2eb0d9ceb7b6ea5ff662a9f59aa34
[2m2025-12-10T10:10:53.348398Z[0m [34mDEBUG[0m [2mhyper::client::pool[0m[2m:[0m reuse idle connection for ("http", 192.168.0.14:8545)
[2m2025-12-10T10:10:53.348441Z[0m [34mDEBUG[0m [2mhyper::proto::h1::io[0m[2m:[0m flushed 250 bytes
[2m2025-12-10T10:10:53.348467Z[0m [34mDEBUG[0m [2mhyper::client::pool[0m[2m:[0m reuse idle connection for ("http", 192.168.0.14:8545)
[2m2025-12-10T10:10:53.348483Z[0m [34mDEBUG[0m [2mhyper::proto::h1::io[0m[2m:[0m flushed 172 bytes
[2m2025-12-10T10:10:53.355974Z[0m [34mDEBUG[0m [2mhyper::proto::h1::io[0m[2m:[0m parsed 4 headers
[2m2025-12-10T10:10:53.355996Z[0m [34mDEBUG[0m [2mhyper::proto::h1::conn[0m[2m:[0m incoming body is content-length (768 bytes)
[2m2025-12-10T10:10:53.356024Z[0m [34mDEBUG[0m [2mhyper::proto::h1::conn[0m[2m:[0m incoming body completed
[2m2025-12-10T10:10:53.356035Z[0m [34mDEBUG[0m [2mhyper::client::pool[0m[2m:[0m pooling idle connection for ("http", 192.168.0.14:8545)
[2m2025-12-10T10:10:53.356054Z[0m [34mDEBUG[0m [2methereum_transaction_pool_monitor::eth_client[0m[2m:[0m 📡 Transaction fetch RPC completed in 7.668792ms
[2m2025-12-10T10:10:53.356066Z[0m [34mDEBUG[0m [2methereum_transaction_pool_monitor::eth_client[0m[2m:[0m DeFi transaction detected - Address: 0xdac17f958d2ee523a2206206994597c13d831ec7, Type: Stablecoin, Value: 0 ETH, Gas: 0.17 Gwei
[2m2025-12-10T10:10:53.356079Z[0m [34mDEBUG[0m [2methereum_transaction_pool_monitor::eth_client[0m[2m:[0m ✅ Transaction 0x460d9778d265e28b924db6de6e8d41dba6c2eb0d9ceb7b6ea5ff662a9f59aa34 fetched and parsed in 7.694292ms
[2m2025-12-10T10:10:53.356085Z[0m [34mDEBUG[0m [2methereum_transaction_pool_monitor::mempool_monitor[0m[2m:[0m 🔍 Skipping tx 0x460d9778d265e28b924db6de6e8d41dba6c2eb0d9ceb7b6ea5ff662a9f59aa34 - not a DEX interaction (target: 0xdAC17F958D2ee523a2206206994597C13D831ec7)
[2m2025-12-10T10:10:53.356093Z[0m [34mDEBUG[0m [2methereum_transaction_pool_monitor::mempool_monitor[0m[2m:[0m 📨 Processing new pending transaction: 0x97fdb1d2a0ff60703293ffe9b5a715d43abab0ac5af29fdf1cadd4c4403311a1
[2m2025-12-10T10:10:53.356101Z[0m [34mDEBUG[0m [2methereum_transaction_pool_monitor::mempool_monitor[0m[2m:[0m 🔍 Fetching transaction details for: 0x97fdb1d2a0ff60703293ffe9b5a715d43abab0ac5af29fdf1cadd4c4403311a1
[2m2025-12-10T10:10:53.356105Z[0m [34mDEBUG[0m [2methereum_transaction_pool_monitor::eth_client[0m[2m:[0m 🔍 Fetching transaction details for hash: 0x97fdb1d2a0ff60703293ffe9b5a715d43abab0ac5af29fdf1cadd4c4403311a1
[2m2025-12-10T10:10:53.356221Z[0m [34mDEBUG[0m [2mhyper::client::pool[0m[2m:[0m reuse idle connection for ("http", 192.168.0.14:8545)
[2m2025-12-10T10:10:53.356237Z[0m [34mDEBUG[0m [2mhyper::proto::h1::io[0m[2m:[0m flushed 250 bytes
[2m2025-12-10T10:10:53.356244Z[0m [34mDEBUG[0m [2mhyper::proto::h1::io[0m[2m:[0m parsed 4 headers
[2m2025-12-10T10:10:53.356248Z[0m [34mDEBUG[0m [2mhyper::proto::h1::conn[0m[2m:[0m incoming body is content-length (45 bytes)
[2m2025-12-10T10:10:53.356252Z[0m [34mDEBUG[0m [2mhyper::proto::h1::conn[0m[2m:[0m incoming body completed
[2m2025-12-10T10:10:53.356256Z[0m [34mDEBUG[0m [2mhyper::client::pool[0m[2m:[0m pooling idle connection for ("http", 192.168.0.14:8545)
[2m2025-12-10T10:10:53.362844Z[0m [34mDEBUG[0m [2mhyper::proto::h1::io[0m[2m:[0m parsed 4 headers
[2m2025-12-10T10:10:53.362849Z[0m [34mDEBUG[0m [2mhyper::proto::h1::conn[0m[2m:[0m incoming body is content-length (768 bytes)
[2m2025-12-10T10:10:53.362853Z[0m [34mDEBUG[0m [2mhyper::proto::h1::conn[0m[2m:[0m incoming body completed
[2m2025-12-10T10:10:53.362858Z[0m [34mDEBUG[0m [2mhyper::client::pool[0m[2m:[0m pooling idle connection for ("http", 192.168.0.14:8545)
[2m2025-12-10T10:10:53.362862Z[0m [34mDEBUG[0m [2methereum_transaction_pool_monitor::eth_client[0m[2m:[0m 📡 Transaction fetch RPC completed in 6.647417ms
[2m2025-12-10T10:10:53.433706Z[0m [34mDEBUG[0m [2methereum_transaction_pool_monitor::eth_client[0m[2m:[0m ✅ Transaction 0x97fdb1d2a0ff60703293ffe9b5a715d43abab0ac5af29fdf1cadd4c4403311a1 fetched and parsed in 77.488167ms
[2m2025-12-10T10:10:53.433733Z[0m [34mDEBUG[0m [2methereum_transaction_pool_monitor::mempool_monitor[0m[2m:[0m 🔍 Skipping tx 0x97fdb1d2a0ff60703293ffe9b5a715d43abab0ac5af29fdf1cadd4c4403311a1 - not a DEX interaction (target: 0xA0b86991c6218b36c1d19D4a2e9Eb0cE3606eB48)
[2m2025-12-10T10:10:53.433745Z[0m [34mDEBUG[0m [2methereum_transaction_pool_monitor::mempool_monitor[0m[2m:[0m 📨 Processing new pending transaction: 0xcae5db7555bc809c6c373b9b86572066926a895e5d5daccf5bce3a1063b5f77a
[2m2025-12-10T10:10:53.433750Z[0m [34mDEBUG[0m [2methereum_transaction_pool_monitor::mempool_monitor[0m[2m:[0m 🔍 Fetching transaction details for: 0xcae5db7555bc809c6c373b9b86572066926a895e5d5daccf5bce3a1063b5f77a
[2m2025-12-10T10:10:53.433754Z[0m [34mDEBUG[0m [2methereum_transaction_pool_monitor::eth_client[0m[2m:[0m 🔍 Fetching transaction details for hash: 0xcae5db7555bc809c6c373b9b86572066926a895e5d5daccf5bce3a1063b5f77a
[2m2025-12-10T10:10:53.433774Z[0m [34mDEBUG[0m [2mhyper::client::pool[0m[2m:[0m reuse idle connection for ("http", 192.168.0.14:8545)
[2m2025-12-10T10:10:53.433818Z[0m [34mDEBUG[0m [2mhyper::proto::h1::io[0m[2m:[0m flushed 250 bytes
[2m2025-12-10T10:10:53.433849Z[0m [34mDEBUG[0m [2mhyper::client::pool[0m[2m:[0m reuse idle connection for ("http", 192.168.0.14:8545)
[2m2025-12-10T10:10:53.433864Z[0m [34mDEBUG[0m [2mhyper::proto::h1::io[0m[2m:[0m flushed 172 bytes
[2m2025-12-10T10:10:53.439448Z[0m [34mDEBUG[0m [2mhyper::proto::h1::io[0m[2m:[0m parsed 4 headers
[2m2025-12-10T10:10:53.439470Z[0m [34mDEBUG[0m [2mhyper::proto::h1::conn[0m[2m:[0m incoming body is content-length (45 bytes)
[2m2025-12-10T10:10:53.439496Z[0m [34mDEBUG[0m [2mhyper::proto::h1::conn[0m[2m:[0m incoming body completed
[2m2025-12-10T10:10:53.439506Z[0m [34mDEBUG[0m [2mhyper::client::pool[0m[2m:[0m pooling idle connection for ("http", 192.168.0.14:8545)
[2m2025-12-10T10:10:53.439536Z[0m [34mDEBUG[0m [2mhyper::proto::h1::io[0m[2m:[0m parsed 4 headers
[2m2025-12-10T10:10:53.439540Z[0m [34mDEBUG[0m [2mhyper::proto::h1::conn[0m[2m:[0m incoming body is content-length (768 bytes)
[2m2025-12-10T10:10:53.439544Z[0m [34mDEBUG[0m [2mhyper::proto::h1::conn[0m[2m:[0m incoming body completed
[2m2025-12-10T10:10:53.439548Z[0m [34mDEBUG[0m [2mhyper::client::pool[0m[2m:[0m pooling idle connection for ("http", 192.168.0.14:8545)
[2m2025-12-10T10:10:53.439552Z[0m [34mDEBUG[0m [2methereum_transaction_pool_monitor::eth_client[0m[2m:[0m 📡 Transaction fetch RPC completed in 5.793458ms
[2m2025-12-10T10:10:53.510408Z[0m [34mDEBUG[0m [2methereum_transaction_pool_monitor::eth_client[0m[2m:[0m ✅ Transaction 0xcae5db7555bc809c6c373b9b86572066926a895e5d5daccf5bce3a1063b5f77a fetched and parsed in 76.646833ms
[2m2025-12-10T10:10:53.510443Z[0m [34mDEBUG[0m [2methereum_transaction_pool_monitor::mempool_monitor[0m[2m:[0m 🔍 Skipping tx 0xcae5db7555bc809c6c373b9b86572066926a895e5d5daccf5bce3a1063b5f77a - not a DEX interaction (target: 0xA0b86991c6218b36c1d19D4a2e9Eb0cE3606eB48)
[2m2025-12-10T10:10:53.510458Z[0m [34mDEBUG[0m [2methereum_transaction_pool_monitor::mempool_monitor[0m[2m:[0m 📨 Processing new pending transaction: 0x308796893d0b9f202d259c8875ad0fd3b78f10201fa639ec8e8de0141b5d8784
[2m2025-12-10T10:10:53.510466Z[0m [34mDEBUG[0m [2methereum_transaction_pool_monitor::mempool_monitor[0m[2m:[0m 🔍 Fetching transaction details for: 0x308796893d0b9f202d259c8875ad0fd3b78f10201fa639ec8e8de0141b5d8784
[2m2025-12-10T10:10:53.510471Z[0m [34mDEBUG[0m [2methereum_transaction_pool_monitor::eth_client[0m[2m:[0m 🔍 Fetching transaction details for hash: 0x308796893d0b9f202d259c8875ad0fd3b78f10201fa639ec8e8de0141b5d8784
[2m2025-12-10T10:10:53.510488Z[0m [34mDEBUG[0m [2mhyper::client::pool[0m[2m:[0m reuse idle connection for ("http", 192.168.0.14:8545)
[2m2025-12-10T10:10:53.510523Z[0m [34mDEBUG[0m [2mhyper::proto::h1::io[0m[2m:[0m flushed 250 bytes
[2m2025-12-10T10:10:53.510545Z[0m [34mDEBUG[0m [2mhyper::client::pool[0m[2m:[0m reuse idle connection for ("http", 192.168.0.14:8545)
[2m2025-12-10T10:10:53.510559Z[0m [34mDEBUG[0m [2mhyper::proto::h1::io[0m[2m:[0m flushed 172 bytes
[2m2025-12-10T10:10:53.510586Z[0m [34mDEBUG[0m [2methereum_transaction_pool_monitor::eth_client[0m[2m:[0m 📨 Received WebSocket message: {"jsonrpc":"2.0","method":"eth_subscription","params":{"subscription":"0xbed0a0851463e895960a451075a301a9","result":"0xc1434164dac965f8a701f32795a1647df37a645a9006d4392b909a6caeeb08e0"}}
[2m2025-12-10T10:10:53.510597Z[0m [34mDEBUG[0m [2methereum_transaction_pool_monitor::eth_client[0m[2m:[0m 📨 Received pending transaction: 0xc1434164dac965f8a701f32795a1647df37a645a9006d4392b909a6caeeb08e0
[2m2025-12-10T10:10:53.516009Z[0m [34mDEBUG[0m [2mhyper::proto::h1::io[0m[2m:[0m parsed 4 headers
[2m2025-12-10T10:10:53.516021Z[0m [34mDEBUG[0m [2mhyper::proto::h1::conn[0m[2m:[0m incoming body is content-length (768 bytes)
[2m2025-12-10T10:10:53.516029Z[0m [34mDEBUG[0m [2mhyper::proto::h1::conn[0m[2m:[0m incoming body completed
[2m2025-12-10T10:10:53.516039Z[0m [34mDEBUG[0m [2mhyper::client::pool[0m[2m:[0m pooling idle connection for ("http", 192.168.0.14:8545)
[2m2025-12-10T10:10:53.516047Z[0m [34mDEBUG[0m [2methereum_transaction_pool_monitor::eth_client[0m[2m:[0m 📡 Transaction fetch RPC completed in 5.571917ms
[2m2025-12-10T10:10:53.516063Z[0m [34mDEBUG[0m [2methereum_transaction_pool_monitor::eth_client[0m[2m:[0m DeFi transaction detected - Address: 0xdac17f958d2ee523a2206206994597c13d831ec7, Type: Stablecoin, Value: 0 ETH, Gas: 0.17 Gwei
[2m2025-12-10T10:10:53.516077Z[0m [34mDEBUG[0m [2methereum_transaction_pool_monitor::eth_client[0m[2m:[0m ✅ Transaction 0x308796893d0b9f202d259c8875ad0fd3b78f10201fa639ec8e8de0141b5d8784 fetched and parsed in 5.601875ms
[2m2025-12-10T10:10:53.516084Z[0m [34mDEBUG[0m [2methereum_transaction_pool_monitor::mempool_monitor[0m[2m:[0m 🔍 Skipping tx 0x308796893d0b9f202d259c8875ad0fd3b78f10201fa639ec8e8de0141b5d8784 - not a DEX interaction (target: 0xdAC17F958D2ee523a2206206994597C13D831ec7)
[2m2025-12-10T10:10:53.516091Z[0m [34mDEBUG[0m [2methereum_transaction_pool_monitor::mempool_monitor[0m[2m:[0m 📨 Processing new pending transaction: 0x793b54e43942430b12a3d6e22fa9a7e8a36ad568d1d4873b62a404fb90de6b1c
[2m2025-12-10T10:10:53.516095Z[0m [34mDEBUG[0m [2methereum_transaction_pool_monitor::mempool_monitor[0m[2m:[0m 🔍 Fetching transaction details for: 0x793b54e43942430b12a3d6e22fa9a7e8a36ad568d1d4873b62a404fb90de6b1c
[2m2025-12-10T10:10:53.516099Z[0m [34mDEBUG[0m [2methereum_transaction_pool_monitor::eth_client[0m[2m:[0m 🔍 Fetching transaction details for hash: 0x793b54e43942430b12a3d6e22fa9a7e8a36ad568d1d4873b62a404fb90de6b1c
[2m2025-12-10T10:10:53.516112Z[0m [34mDEBUG[0m [2mhyper::client::pool[0m[2m:[0m reuse idle connection for ("http", 192.168.0.14:8545)
[2m2025-12-10T10:10:53.516127Z[0m [34mDEBUG[0m [2mhyper::proto::h1::io[0m[2m:[0m flushed 250 bytes
[2m2025-12-10T10:10:53.516135Z[0m [34mDEBUG[0m [2mhyper::proto::h1::io[0m[2m:[0m parsed 4 headers
[2m2025-12-10T10:10:53.516138Z[0m [34mDEBUG[0m [2mhyper::proto::h1::conn[0m[2m:[0m incoming body is content-length (45 bytes)
[2m2025-12-10T10:10:53.516142Z[0m [34mDEBUG[0m [2mhyper::proto::h1::conn[0m[2m:[0m incoming body completed
[2m2025-12-10T10:10:53.516147Z[0m [34mDEBUG[0m [2mhyper::client::pool[0m[2m:[0m pooling idle connection for ("http", 192.168.0.14:8545)
[2m2025-12-10T10:10:53.522324Z[0m [34mDEBUG[0m [2mhyper::proto::h1::io[0m[2m:[0m parsed 4 headers
[2m2025-12-10T10:10:53.522332Z[0m [34mDEBUG[0m [2mhyper::proto::h1::conn[0m[2m:[0m incoming body is content-length (768 bytes)
[2m2025-12-10T10:10:53.522338Z[0m [34mDEBUG[0m [2mhyper::proto::h1::conn[0m[2m:[0m incoming body completed
[2m2025-12-10T10:10:53.522345Z[0m [34mDEBUG[0m [2mhyper::client::pool[0m[2m:[0m pooling idle connection for ("http", 192.168.0.14:8545)
[2m2025-12-10T10:10:53.522352Z[0m [34mDEBUG[0m [2methereum_transaction_pool_monitor::eth_client[0m[2m:[0m 📡 Transaction fetch RPC completed in 6.249ms
[2m2025-12-10T10:10:53.522365Z[0m [34mDEBUG[0m [2methereum_transaction_pool_monitor::eth_client[0m[2m:[0m DeFi transaction detected - Address: 0xdac17f958d2ee523a2206206994597c13d831ec7, Type: Stablecoin, Value: 0 ETH, Gas: 0.17 Gwei
[2m2025-12-10T10:10:53.522376Z[0m [34mDEBUG[0m [2methereum_transaction_pool_monitor::eth_client[0m[2m:[0m ✅ Transaction 0x793b54e43942430b12a3d6e22fa9a7e8a36ad568d1d4873b62a404fb90de6b1c fetched and parsed in 6.272917ms
[2m2025-12-10T10:10:53.522380Z[0m [34mDEBUG[0m [2methereum_transaction_pool_monitor::mempool_monitor[0m[2m:[0m 🔍 Skipping tx 0x793b54e43942430b12a3d6e22fa9a7e8a36ad568d1d4873b62a404fb90de6b1c - not a DEX interaction (target: 0xdAC17F958D2ee523a2206206994597C13D831ec7)
[2m2025-12-10T10:10:53.522386Z[0m [34mDEBUG[0m [2methereum_transaction_pool_monitor::mempool_monitor[0m[2m:[0m 📨 Processing new pending transaction: 0xac3fada7d256140ae654de0e3ae0c6f8e898298558761c4ad204641b8f7c0837
[2m2025-12-10T10:10:53.522389Z[0m [34mDEBUG[0m [2methereum_transaction_pool_monitor::mempool_monitor[0m[2m:[0m 🔍 Fetching transaction details for: 0xac3fada7d256140ae654de0e3ae0c6f8e898298558761c4ad204641b8f7c0837
[2m2025-12-10T10:10:53.522392Z[0m [34mDEBUG[0m [2methereum_transaction_pool_monitor::eth_client[0m[2m:[0m 🔍 Fetching transaction details for hash: 0xac3fada7d256140ae654de0e3ae0c6f8e898298558761c4ad204641b8f7c0837
[2m2025-12-10T10:10:53.522401Z[0m [34mDEBUG[0m [2mhyper::client::pool[0m[2m:[0m reuse idle connection for ("http", 192.168.0.14:8545)
[2m2025-12-10T10:10:53.522416Z[0m [34mDEBUG[0m [2mhyper::proto::h1::io[0m[2m:[0m flushed 250 bytes
[2m2025-12-10T10:10:53.527193Z[0m [34mDEBUG[0m [2mhyper::proto::h1::io[0m[2m:[0m parsed 4 headers
[2m2025-12-10T10:10:53.527204Z[0m [34mDEBUG[0m [2mhyper::proto::h1::conn[0m[2m:[0m incoming body is content-length (1861 bytes)
[2m2025-12-10T10:10:53.527214Z[0m [34mDEBUG[0m [2methereum_transaction_pool_monitor::eth_client[0m[2m:[0m 📡 Transaction fetch RPC completed in 4.818042ms
[2m2025-12-10T10:10:53.527900Z[0m [34mDEBUG[0m [2mhyper::proto::h1::conn[0m[2m:[0m incoming body completed
[2m2025-12-10T10:10:53.527910Z[0m [34mDEBUG[0m [2mhyper::client::pool[0m[2m:[0m pooling idle connection for ("http", 192.168.0.14:8545)
[2m2025-12-10T10:10:53.584065Z[0m [34mDEBUG[0m [2methereum_transaction_pool_monitor::eth_client[0m[2m:[0m 📨 Received WebSocket message: {"jsonrpc":"2.0","method":"eth_subscription","params":{"subscription":"0xbed0a0851463e895960a451075a301a9","result":"0x787a41b349579ae721252da87e6a218c5d8cca05f56d9dd2fc223c46e4c42918"}}
[2m2025-12-10T10:10:53.584091Z[0m [34mDEBUG[0m [2methereum_transaction_pool_monitor::eth_client[0m[2m:[0m 📨 Received pending transaction: 0x787a41b349579ae721252da87e6a218c5d8cca05f56d9dd2fc223c46e4c42918
[2m2025-12-10T10:10:53.592172Z[0m [34mDEBUG[0m [2methereum_transaction_pool_monitor::eth_client[0m[2m:[0m 📨 Received WebSocket message: {"jsonrpc":"2.0","method":"eth_subscription","params":{"subscription":"0xbed0a0851463e895960a451075a301a9","result":"0x8debb688608dff54c3bab3c013d95018fd1e638efdb123f28ab8670e7f04a5ac"}}
[2m2025-12-10T10:10:53.592189Z[0m [34mDEBUG[0m [2methereum_transaction_pool_monitor::eth_client[0m[2m:[0m 📨 Received pending transaction: 0x8debb688608dff54c3bab3c013d95018fd1e638efdb123f28ab8670e7f04a5ac
[2m2025-12-10T10:10:53.597256Z[0m [34mDEBUG[0m [2mhyper::client::pool[0m[2m:[0m reuse idle connection for ("http", 192.168.0.14:8545)
[2m2025-12-10T10:10:53.597313Z[0m [34mDEBUG[0m [2mhyper::proto::h1::io[0m[2m:[0m flushed 172 bytes
[2m2025-12-10T10:10:53.599564Z[0m [34mDEBUG[0m [2methereum_transaction_pool_monitor::eth_client[0m[2m:[0m ✅ Transaction 0xac3fada7d256140ae654de0e3ae0c6f8e898298558761c4ad204641b8f7c0837 fetched and parsed in 77.165834ms
[2m2025-12-10T10:10:53.599584Z[0m [34mDEBUG[0m [2methereum_transaction_pool_monitor::mempool_monitor[0m[2m:[0m 🔍 Skipping tx 0xac3fada7d256140ae654de0e3ae0c6f8e898298558761c4ad204641b8f7c0837 - not a DEX interaction (target: 0x4cD00E387622C35bDDB9b4c962C136462338BC31)
[2m2025-12-10T10:10:53.599593Z[0m [34mDEBUG[0m [2methereum_transaction_pool_monitor::mempool_monitor[0m[2m:[0m 📨 Processing new pending transaction: 0xc8e2e52f248945256d9170af960cf8187a64420578294047cb1bad72fbc47d41
[2m2025-12-10T10:10:53.599598Z[0m [34mDEBUG[0m [2methereum_transaction_pool_monitor::mempool_monitor[0m[2m:[0m 🔍 Fetching transaction details for: 0xc8e2e52f248945256d9170af960cf8187a64420578294047cb1bad72fbc47d41
[2m2025-12-10T10:10:53.599605Z[0m [34mDEBUG[0m [2methereum_transaction_pool_monitor::eth_client[0m[2m:[0m 🔍 Fetching transaction details for hash: 0xc8e2e52f248945256d9170af960cf8187a64420578294047cb1bad72fbc47d41
[2m2025-12-10T10:10:53.599620Z[0m [34mDEBUG[0m [2mhyper::client::pool[0m[2m:[0m reuse idle connection for ("http", 192.168.0.14:8545)
[2m2025-12-10T10:10:53.599659Z[0m [34mDEBUG[0m [2mhyper::proto::h1::io[0m[2m:[0m flushed 250 bytes
[2m2025-12-10T10:10:53.600202Z[0m [34mDEBUG[0m [2mhyper::proto::h1::io[0m[2m:[0m parsed 4 headers
[2m2025-12-10T10:10:53.604212Z[0m [34mDEBUG[0m [2mhyper::proto::h1::conn[0m[2m:[0m incoming body is content-length (45 bytes)
[2m2025-12-10T10:10:53.604242Z[0m [34mDEBUG[0m [2mhyper::proto::h1::conn[0m[2m:[0m incoming body completed
[2m2025-12-10T10:10:53.604272Z[0m [34mDEBUG[0m [2mhyper::client::pool[0m[2m:[0m pooling idle connection for ("http", 192.168.0.14:8545)
[2m2025-12-10T10:10:53.604300Z[0m [34mDEBUG[0m [2mhyper::proto::h1::io[0m[2m:[0m parsed 4 headers
[2m2025-12-10T10:10:53.604305Z[0m [34mDEBUG[0m [2mhyper::proto::h1::conn[0m[2m:[0m incoming body is content-length (675 bytes)
[2m2025-12-10T10:10:53.604314Z[0m [34mDEBUG[0m [2mhyper::proto::h1::conn[0m[2m:[0m incoming body completed
[2m2025-12-10T10:10:53.604321Z[0m [34mDEBUG[0m [2mhyper::client::pool[0m[2m:[0m pooling idle connection for ("http", 192.168.0.14:8545)
[2m2025-12-10T10:10:53.604327Z[0m [34mDEBUG[0m [2methereum_transaction_pool_monitor::eth_client[0m[2m:[0m 📡 Transaction fetch RPC completed in 4.716875ms
[2m2025-12-10T10:10:53.604340Z[0m [34mDEBUG[0m [2methereum_transaction_pool_monitor::eth_client[0m[2m:[0m DeFi transaction detected - Address: 0x1f9840a85d5af5bf1d1762f925bdaddc4201f984, Type: TokenContract, Value: 0 ETH, Gas: 0.17 Gwei
[2m2025-12-10T10:10:53.604437Z[0m [34mDEBUG[0m [2methereum_transaction_pool_monitor::eth_client[0m[2m:[0m ✅ Transaction 0xc8e2e52f248945256d9170af960cf8187a64420578294047cb1bad72fbc47d41 fetched and parsed in 4.827333ms
[2m2025-12-10T10:10:53.604446Z[0m [34mDEBUG[0m [2methereum_transaction_pool_monitor::mempool_monitor[0m[2m:[0m 🔍 Skipping tx 0xc8e2e52f248945256d9170af960cf8187a64420578294047cb1bad72fbc47d41 - not a DEX interaction (target: 0x1f9840a85d5aF5bf1D1762F925BDADdC4201F984)
[2m2025-12-10T10:10:53.604452Z[0m [34mDEBUG[0m [2methereum_transaction_pool_monitor::mempool_monitor[0m[2m:[0m 📨 Processing new pending transaction: 0x27538b5327daa750914049410239404f1e91ac167470d244a55dd0ec6f220ca8
[2m2025-12-10T10:10:53.604456Z[0m [34mDEBUG[0m [2methereum_transaction_pool_monitor::mempool_monitor[0m[2m:[0m 🔍 Fetching transaction details for: 0x27538b5327daa750914049410239404f1e91ac167470d244a55dd0ec6f220ca8
[2m2025-12-10T10:10:53.604459Z[0m [34mDEBUG[0m [2methereum_transaction_pool_monitor::eth_client[0m[2m:[0m 🔍 Fetching transaction details for hash: 0x27538b5327daa750914049410239404f1e91ac167470d244a55dd0ec6f220ca8
[2m2025-12-10T10:10:53.604474Z[0m [34mDEBUG[0m [2mhyper::client::pool[0m[2m:[0m reuse idle connection for ("http", 192.168.0.14:8545)
[2m2025-12-10T10:10:53.604494Z[0m [34mDEBUG[0m [2mhyper::proto::h1::io[0m[2m:[0m flushed 250 bytes
[2m2025-12-10T10:10:53.615337Z[0m [34mDEBUG[0m [2methereum_transaction_pool_monitor::eth_client[0m[2m:[0m 📨 Received WebSocket message: {"jsonrpc":"2.0","method":"eth_subscription","params":{"subscription":"0xbed0a0851463e895960a451075a301a9","result":"0x16b2272df96248415def8179013c5d80694384872e9f74bae925f82609dec303"}}
[2m2025-12-10T10:10:53.615350Z[0m [34mDEBUG[0m [2methereum_transaction_pool_monitor::eth_client[0m[2m:[0m 📨 Received pending transaction: 0x16b2272df96248415def8179013c5d80694384872e9f74bae925f82609dec303
[2m2025-12-10T10:10:53.615361Z[0m [34mDEBUG[0m [2mhyper::proto::h1::io[0m[2m:[0m parsed 4 headers
[2m2025-12-10T10:10:53.615365Z[0m [34mDEBUG[0m [2mhyper::proto::h1::conn[0m[2m:[0m incoming body is content-length (768 bytes)
[2m2025-12-10T10:10:53.615371Z[0m [34mDEBUG[0m [2mhyper::proto::h1::conn[0m[2m:[0m incoming body completed
[2m2025-12-10T10:10:53.615379Z[0m [34mDEBUG[0m [2mhyper::client::pool[0m[2m:[0m pooling idle connection for ("http", 192.168.0.14:8545)
[2m2025-12-10T10:10:53.615385Z[0m [34mDEBUG[0m [2methereum_transaction_pool_monitor::eth_client[0m[2m:[0m 📡 Transaction fetch RPC completed in 10.917041ms
[2m2025-12-10T10:10:53.615398Z[0m [34mDEBUG[0m [2methereum_transaction_pool_monitor::eth_client[0m[2m:[0m DeFi transaction detected - Address: 0xdac17f958d2ee523a2206206994597c13d831ec7, Type: Stablecoin, Value: 0 ETH, Gas: 0.17 Gwei
[2m2025-12-10T10:10:53.615411Z[0m [34mDEBUG[0m [2methereum_transaction_pool_monitor::eth_client[0m[2m:[0m ✅ Transaction 0x27538b5327daa750914049410239404f1e91ac167470d244a55dd0ec6f220ca8 fetched and parsed in 10.942958ms
[2m2025-12-10T10:10:53.615417Z[0m [34mDEBUG[0m [2methereum_transaction_pool_monitor::mempool_monitor[0m[2m:[0m 🔍 Skipping tx 0x27538b5327daa750914049410239404f1e91ac167470d244a55dd0ec6f220ca8 - not a DEX interaction (target: 0xdAC17F958D2ee523a2206206994597C13D831ec7)
[2m2025-12-10T10:10:53.615424Z[0m [34mDEBUG[0m [2methereum_transaction_pool_monitor::mempool_monitor[0m[2m:[0m 📨 Processing new pending transaction: 0x6270fd4f4dbd5b446a7582c6630e5acfd50b838b3c92d9927ac6c28ec8cbf923
[2m2025-12-10T10:10:53.615428Z[0m [34mDEBUG[0m [2methereum_transaction_pool_monitor::mempool_monitor[0m[2m:[0m 🔍 Fetching transaction details for: 0x6270fd4f4dbd5b446a7582c6630e5acfd50b838b3c92d9927ac6c28ec8cbf923
[2m2025-12-10T10:10:53.615432Z[0m [34mDEBUG[0m [2methereum_transaction_pool_monitor::eth_client[0m[2m:[0m 🔍 Fetching transaction details for hash: 0x6270fd4f4dbd5b446a7582c6630e5acfd50b838b3c92d9927ac6c28ec8cbf923
[2m2025-12-10T10:10:53.615444Z[0m [34mDEBUG[0m [2mhyper::client::pool[0m[2m:[0m reuse idle connection for ("http", 192.168.0.14:8545)
[2m2025-12-10T10:10:53.615463Z[0m [34mDEBUG[0m [2mhyper::proto::h1::io[0m[2m:[0m flushed 250 bytes
[2m2025-12-10T10:10:53.625939Z[0m [34mDEBUG[0m [2mhyper::proto::h1::io[0m[2m:[0m parsed 4 headers
[2m2025-12-10T10:10:53.625950Z[0m [34mDEBUG[0m [2mhyper::proto::h1::conn[0m[2m:[0m incoming body is content-length (768 bytes)
[2m2025-12-10T10:10:53.625956Z[0m [34mDEBUG[0m [2mhyper::proto::h1::conn[0m[2m:[0m incoming body completed
[2m2025-12-10T10:10:53.625965Z[0m [34mDEBUG[0m [2mhyper::client::pool[0m[2m:[0m pooling idle connection for ("http", 192.168.0.14:8545)
[2m2025-12-10T10:10:53.625971Z[0m [34mDEBUG[0m [2methereum_transaction_pool_monitor::eth_client[0m[2m:[0m 📡 Transaction fetch RPC completed in 10.534875ms
[2m2025-12-10T10:10:53.625984Z[0m [34mDEBUG[0m [2methereum_transaction_pool_monitor::eth_client[0m[2m:[0m DeFi transaction detected - Address: 0xdac17f958d2ee523a2206206994597c13d831ec7, Type: Stablecoin, Value: 0 ETH, Gas: 0.17 Gwei
[2m2025-12-10T10:10:53.625993Z[0m [34mDEBUG[0m [2methereum_transaction_pool_monitor::eth_client[0m[2m:[0m ✅ Transaction 0x6270fd4f4dbd5b446a7582c6630e5acfd50b838b3c92d9927ac6c28ec8cbf923 fetched and parsed in 10.556917ms
[2m2025-12-10T10:10:53.625999Z[0m [34mDEBUG[0m [2methereum_transaction_pool_monitor::mempool_monitor[0m[2m:[0m 🔍 Skipping tx 0x6270fd4f4dbd5b446a7582c6630e5acfd50b838b3c92d9927ac6c28ec8cbf923 - not a DEX interaction (target: 0xdAC17F958D2ee523a2206206994597C13D831ec7)
[2m2025-12-10T10:10:53.626005Z[0m [34mDEBUG[0m [2methereum_transaction_pool_monitor::mempool_monitor[0m[2m:[0m 📨 Processing new pending transaction: 0x067c84174282e66ad352e77657e290353874ad2b55da1d986f0036ca40cae328
[2m2025-12-10T10:10:53.626009Z[0m [34mDEBUG[0m [2methereum_transaction_pool_monitor::mempool_monitor[0m[2m:[0m 🔍 Fetching transaction details for: 0x067c84174282e66ad352e77657e290353874ad2b55da1d986f0036ca40cae328
[2m2025-12-10T10:10:53.626012Z[0m [34mDEBUG[0m [2methereum_transaction_pool_monitor::eth_client[0m[2m:[0m 🔍 Fetching transaction details for hash: 0x067c84174282e66ad352e77657e290353874ad2b55da1d986f0036ca40cae328
[2m2025-12-10T10:10:53.626023Z[0m [34mDEBUG[0m [2mhyper::client::pool[0m[2m:[0m reuse idle connection for ("http", 192.168.0.14:8545)
[2m2025-12-10T10:10:53.626042Z[0m [34mDEBUG[0m [2mhyper::proto::h1::io[0m[2m:[0m flushed 250 bytes
[2m2025-12-10T10:10:53.636379Z[0m [34mDEBUG[0m [2mhyper::proto::h1::io[0m[2m:[0m parsed 4 headers
[2m2025-12-10T10:10:53.636413Z[0m [34mDEBUG[0m [2mhyper::proto::h1::conn[0m[2m:[0m incoming body is content-length (768 bytes)
[2m2025-12-10T10:10:53.636423Z[0m [34mDEBUG[0m [2mhyper::proto::h1::conn[0m[2m:[0m incoming body completed
[2m2025-12-10T10:10:53.636435Z[0m [34mDEBUG[0m [2mhyper::client::pool[0m[2m:[0m pooling idle connection for ("http", 192.168.0.14:8545)
[2m2025-12-10T10:10:53.636454Z[0m [34mDEBUG[0m [2methereum_transaction_pool_monitor::eth_client[0m[2m:[0m 📡 Transaction fetch RPC completed in 10.438875ms
[2m2025-12-10T10:10:53.636466Z[0m [34mDEBUG[0m [2methereum_transaction_pool_monitor::eth_client[0m[2m:[0m DeFi transaction detected - Address: 0xdac17f958d2ee523a2206206994597c13d831ec7, Type: Stablecoin, Value: 0 ETH, Gas: 0.17 Gwei
[2m2025-12-10T10:10:53.636476Z[0m [34mDEBUG[0m [2methereum_transaction_pool_monitor::eth_client[0m[2m:[0m ✅ Transaction 0x067c84174282e66ad352e77657e290353874ad2b55da1d986f0036ca40cae328 fetched and parsed in 10.461ms
[2m2025-12-10T10:10:53.636482Z[0m [34mDEBUG[0m [2methereum_transaction_pool_monitor::mempool_monitor[0m[2m:[0m 🔍 Skipping tx 0x067c84174282e66ad352e77657e290353874ad2b55da1d986f0036ca40cae328 - not a DEX interaction (target: 0xdAC17F958D2ee523a2206206994597C13D831ec7)
[2m2025-12-10T10:10:53.636488Z[0m [34mDEBUG[0m [2methereum_transaction_pool_monitor::mempool_monitor[0m[2m:[0m 📨 Processing new pending transaction: 0xf5fd90f6e59885211433e797777d1be9bba48132f9c7dc137ab536afbfe3a37f
[2m2025-12-10T10:10:53.636492Z[0m [34mDEBUG[0m [2methereum_transaction_pool_monitor::mempool_monitor[0m[2m:[0m 🔍 Fetching transaction details for: 0xf5fd90f6e59885211433e797777d1be9bba48132f9c7dc137ab536afbfe3a37f
[2m2025-12-10T10:10:53.636495Z[0m [34mDEBUG[0m [2methereum_transaction_pool_monitor::eth_client[0m[2m:[0m 🔍 Fetching transaction details for hash: 0xf5fd90f6e59885211433e797777d1be9bba48132f9c7dc137ab536afbfe3a37f
[2m2025-12-10T10:10:53.636506Z[0m [34mDEBUG[0m [2mhyper::client::pool[0m[2m:[0m reuse idle connection for ("http", 192.168.0.14:8545)
[2m2025-12-10T10:10:53.636536Z[0m [34mDEBUG[0m [2mhyper::proto::h1::io[0m[2m:[0m flushed 250 bytes
[2m2025-12-10T10:10:53.646483Z[0m [34mDEBUG[0m [2mhyper::proto::h1::io[0m[2m:[0m parsed 4 headers
[2m2025-12-10T10:10:53.646492Z[0m [34mDEBUG[0m [2mhyper::proto::h1::conn[0m[2m:[0m incoming body is content-length (642 bytes)
[2m2025-12-10T10:10:53.646498Z[0m [34mDEBUG[0m [2mhyper::proto::h1::conn[0m[2m:[0m incoming body completed
[2m2025-12-10T10:10:53.646505Z[0m [34mDEBUG[0m [2mhyper::client::pool[0m[2m:[0m pooling idle connection for ("http", 192.168.0.14:8545)
[2m2025-12-10T10:10:53.646510Z[0m [34mDEBUG[0m [2methereum_transaction_pool_monitor::eth_client[0m[2m:[0m 📡 Transaction fetch RPC completed in 10.011125ms
[2m2025-12-10T10:10:53.717247Z[0m [34mDEBUG[0m [2methereum_transaction_pool_monitor::eth_client[0m[2m:[0m ✅ Transaction 0xf5fd90f6e59885211433e797777d1be9bba48132f9c7dc137ab536afbfe3a37f fetched and parsed in 80.746083ms
[2m2025-12-10T10:10:53.717273Z[0m [34mDEBUG[0m [2methereum_transaction_pool_monitor::mempool_monitor[0m[2m:[0m 🔍 Skipping tx 0xf5fd90f6e59885211433e797777d1be9bba48132f9c7dc137ab536afbfe3a37f - not a DEX interaction (target: 0x96b80986425473B66C676BA9fD48B0a49D3cF2b0)
[2m2025-12-10T10:10:53.717284Z[0m [34mDEBUG[0m [2methereum_transaction_pool_monitor::mempool_monitor[0m[2m:[0m 📨 Processing new pending transaction: 0xca6f4ce1940f2965e8d19a9e76c17ae89462ba58a66879dbd9ce08c86ded58b8
[2m2025-12-10T10:10:53.717289Z[0m [34mDEBUG[0m [2methereum_transaction_pool_monitor::mempool_monitor[0m[2m:[0m 🔍 Fetching transaction details for: 0xca6f4ce1940f2965e8d19a9e76c17ae89462ba58a66879dbd9ce08c86ded58b8
[2m2025-12-10T10:10:53.717293Z[0m [34mDEBUG[0m [2methereum_transaction_pool_monitor::eth_client[0m[2m:[0m 🔍 Fetching transaction details for hash: 0xca6f4ce1940f2965e8d19a9e76c17ae89462ba58a66879dbd9ce08c86ded58b8
[2m2025-12-10T10:10:53.717310Z[0m [34mDEBUG[0m [2mhyper::client::pool[0m[2m:[0m reuse idle connection for ("http", 192.168.0.14:8545)
[2m2025-12-10T10:10:53.717349Z[0m [34mDEBUG[0m [2mhyper::proto::h1::io[0m[2m:[0m flushed 250 bytes
[2m2025-12-10T10:10:53.717375Z[0m [34mDEBUG[0m [2mhyper::client::pool[0m[2m:[0m reuse idle connection for ("http", 192.168.0.14:8545)
[2m2025-12-10T10:10:53.717390Z[0m [34mDEBUG[0m [2mhyper::proto::h1::io[0m[2m:[0m flushed 172 bytes
[2m2025-12-10T10:10:53.724452Z[0m [34mDEBUG[0m [2mhyper::proto::h1::io[0m[2m:[0m parsed 4 headers
[2m2025-12-10T10:10:53.725808Z[0m [34mDEBUG[0m [2mhyper::proto::h1::conn[0m[2m:[0m incoming body is content-length (768 bytes)
[2m2025-12-10T10:10:53.725826Z[0m [34mDEBUG[0m [2mhyper::proto::h1::conn[0m[2m:[0m incoming body completed
[2m2025-12-10T10:10:53.725857Z[0m [34mDEBUG[0m [2mhyper::client::pool[0m[2m:[0m pooling idle connection for ("http", 192.168.0.14:8545)
[2m2025-12-10T10:10:53.725870Z[0m [34mDEBUG[0m [2methereum_transaction_pool_monitor::eth_client[0m[2m:[0m 📡 Transaction fetch RPC completed in 8.572334ms
[2m2025-12-10T10:10:53.797769Z[0m [34mDEBUG[0m [2methereum_transaction_pool_monitor::eth_client[0m[2m:[0m ✅ Transaction 0xca6f4ce1940f2965e8d19a9e76c17ae89462ba58a66879dbd9ce08c86ded58b8 fetched and parsed in 80.469667ms
[2m2025-12-10T10:10:53.797795Z[0m [34mDEBUG[0m [2methereum_transaction_pool_monitor::mempool_monitor[0m[2m:[0m 🔍 Skipping tx 0xca6f4ce1940f2965e8d19a9e76c17ae89462ba58a66879dbd9ce08c86ded58b8 - not a DEX interaction (target: 0xA0b86991c6218b36c1d19D4a2e9Eb0cE3606eB48)
[2m2025-12-10T10:10:53.797806Z[0m [34mDEBUG[0m [2methereum_transaction_pool_monitor::mempool_monitor[0m[2m:[0m 📨 Processing new pending transaction: 0x484424a8e762e9b6119960d6879ec5bea33a3f32160d2331b62b75a658f5d6d5
[2m2025-12-10T10:10:53.797812Z[0m [34mDEBUG[0m [2methereum_transaction_pool_monitor::mempool_monitor[0m[2m:[0m 🔍 Fetching transaction details for: 0x484424a8e762e9b6119960d6879ec5bea33a3f32160d2331b62b75a658f5d6d5
[2m2025-12-10T10:10:53.797815Z[0m [34mDEBUG[0m [2methereum_transaction_pool_monitor::eth_client[0m[2m:[0m 🔍 Fetching transaction details for hash: 0x484424a8e762e9b6119960d6879ec5bea33a3f32160d2331b62b75a658f5d6d5
[2m2025-12-10T10:10:53.797833Z[0m [34mDEBUG[0m [2mhyper::client::pool[0m[2m:[0m reuse idle connection for ("http", 192.168.0.14:8545)
[2m2025-12-10T10:10:53.797867Z[0m [34mDEBUG[0m [2mhyper::proto::h1::io[0m[2m:[0m flushed 250 bytes
[2m2025-12-10T10:10:53.797892Z[0m [34mDEBUG[0m [2methereum_transaction_pool_monitor::eth_client[0m[2m:[0m 📨 Received WebSocket message: {"jsonrpc":"2.0","method":"eth_subscription","params":{"subscription":"0xbed0a0851463e895960a451075a301a9","result":"0xb6ee58db433332b540c7333d6f288c964e861ec01b25e9235188718874b47210"}}
[2m2025-12-10T10:10:53.797896Z[0m [34mDEBUG[0m [2mhyper::proto::h1::io[0m[2m:[0m parsed 4 headers
[2m2025-12-10T10:10:53.797900Z[0m [34mDEBUG[0m [2methereum_transaction_pool_monitor::eth_client[0m[2m:[0m 📨 Received pending transaction: 0xb6ee58db433332b540c7333d6f288c964e861ec01b25e9235188718874b47210
[2m2025-12-10T10:10:53.797903Z[0m [34mDEBUG[0m [2mhyper::proto::h1::conn[0m[2m:[0m incoming body is content-length (45 bytes)
[2m2025-12-10T10:10:53.797907Z[0m [34mDEBUG[0m [2methereum_transaction_pool_monitor::eth_client[0m[2m:[0m 📨 Received WebSocket message: {"jsonrpc":"2.0","method":"eth_subscription","params":{"subscription":"0xbed0a0851463e895960a451075a301a9","result":"0xb095f808112c01dfbe61955a3450e4c59791e46c7949b9a0071fd55112da6ab2"}}
[2m2025-12-10T10:10:53.797912Z[0m [34mDEBUG[0m [2mhyper::proto::h1::conn[0m[2m:[0m incoming body completed
[2m2025-12-10T10:10:53.797913Z[0m [34mDEBUG[0m [2methereum_transaction_pool_monitor::eth_client[0m[2m:[0m 📨 Received pending transaction: 0xb095f808112c01dfbe61955a3450e4c59791e46c7949b9a0071fd55112da6ab2
[2m2025-12-10T10:10:53.797924Z[0m [34mDEBUG[0m [2methereum_transaction_pool_monitor::eth_client[0m[2m:[0m 📨 Received WebSocket message: {"jsonrpc":"2.0","method":"eth_subscription","params":{"subscription":"0xbed0a0851463e895960a451075a301a9","result":"0xaf2ac3576116052050249a66201742fa7737fc3c23c84e0724642594d60f5166"}}
[2m2025-12-10T10:10:53.797924Z[0m [34mDEBUG[0m [2mhyper::client::pool[0m[2m:[0m pooling idle connection for ("http", 192.168.0.14:8545)
[2m2025-12-10T10:10:53.797965Z[0m [34mDEBUG[0m [2methereum_transaction_pool_monitor::eth_client[0m[2m:[0m 📨 Received pending transaction: 0xaf2ac3576116052050249a66201742fa7737fc3c23c84e0724642594d60f5166
[2m2025-12-10T10:10:53.797977Z[0m [34mDEBUG[0m [2mhyper::client::pool[0m[2m:[0m reuse idle connection for ("http", 192.168.0.14:8545)
[2m2025-12-10T10:10:53.797993Z[0m [34mDEBUG[0m [2mhyper::proto::h1::io[0m[2m:[0m flushed 172 bytes
[2m2025-12-10T10:10:53.803669Z[0m [34mDEBUG[0m [2mhyper::proto::h1::io[0m[2m:[0m parsed 4 headers
[2m2025-12-10T10:10:53.803679Z[0m [34mDEBUG[0m [2mhyper::proto::h1::conn[0m[2m:[0m incoming body is content-length (768 bytes)
[2m2025-12-10T10:10:53.803686Z[0m [34mDEBUG[0m [2mhyper::proto::h1::conn[0m[2m:[0m incoming body completed
[2m2025-12-10T10:10:53.803927Z[0m [34mDEBUG[0m [2mhyper::client::pool[0m[2m:[0m pooling idle connection for ("http", 192.168.0.14:8545)
[2m2025-12-10T10:10:53.803935Z[0m [34mDEBUG[0m [2methereum_transaction_pool_monitor::eth_client[0m[2m:[0m 📡 Transaction fetch RPC completed in 6.115792ms
[2m2025-12-10T10:10:53.803948Z[0m [34mDEBUG[0m [2methereum_transaction_pool_monitor::eth_client[0m[2m:[0m DeFi transaction detected - Address: 0xdac17f958d2ee523a2206206994597c13d831ec7, Type: Stablecoin, Value: 0 ETH, Gas: 0.17 Gwei
[2m2025-12-10T10:10:53.803958Z[0m [34mDEBUG[0m [2methereum_transaction_pool_monitor::eth_client[0m[2m:[0m ✅ Transaction 0x484424a8e762e9b6119960d6879ec5bea33a3f32160d2331b62b75a658f5d6d5 fetched and parsed in 6.139167ms
[2m2025-12-10T10:10:53.803963Z[0m [34mDEBUG[0m [2methereum_transaction_pool_monitor::mempool_monitor[0m[2m:[0m 🔍 Skipping tx 0x484424a8e762e9b6119960d6879ec5bea33a3f32160d2331b62b75a658f5d6d5 - not a DEX interaction (target: 0xdAC17F958D2ee523a2206206994597C13D831ec7)
[2m2025-12-10T10:10:53.803969Z[0m [34mDEBUG[0m [2methereum_transaction_pool_monitor::mempool_monitor[0m[2m:[0m 📨 Processing new pending transaction: 0xf2fdfe06bc06246bd977bfb1bf9835ecc0d665fc35af5a9268663c0c08895f40
[2m2025-12-10T10:10:53.803972Z[0m [34mDEBUG[0m [2methereum_transaction_pool_monitor::mempool_monitor[0m[2m:[0m 🔍 Fetching transaction details for: 0xf2fdfe06bc06246bd977bfb1bf9835ecc0d665fc35af5a9268663c0c08895f40
[2m2025-12-10T10:10:53.803975Z[0m [34mDEBUG[0m [2methereum_transaction_pool_monitor::eth_client[0m[2m:[0m 🔍 Fetching transaction details for hash: 0xf2fdfe06bc06246bd977bfb1bf9835ecc0d665fc35af5a9268663c0c08895f40
[2m2025-12-10T10:10:53.803986Z[0m [34mDEBUG[0m [2mhyper::client::pool[0m[2m:[0m reuse idle connection for ("http", 192.168.0.14:8545)
[2m2025-12-10T10:10:53.804007Z[0m [34mDEBUG[0m [2mhyper::proto::h1::io[0m[2m:[0m flushed 250 bytes
[2m2025-12-10T10:10:53.806017Z[0m [34mDEBUG[0m [2mhyper::proto::h1::io[0m[2m:[0m parsed 4 headers
[2m2025-12-10T10:10:53.806024Z[0m [34mDEBUG[0m [2mhyper::proto::h1::conn[0m[2m:[0m incoming body is content-length (45 bytes)
[2m2025-12-10T10:10:53.806029Z[0m [34mDEBUG[0m [2mhyper::proto::h1::conn[0m[2m:[0m incoming body completed
[2m2025-12-10T10:10:53.806037Z[0m [34mDEBUG[0m [2mhyper::client::pool[0m[2m:[0m pooling idle connection for ("http", 192.168.0.14:8545)
[2m2025-12-10T10:10:53.809076Z[0m [34mDEBUG[0m [2mhyper::proto::h1::io[0m[2m:[0m parsed 4 headers
[2m2025-12-10T10:10:53.809083Z[0m [34mDEBUG[0m [2mhyper::proto::h1::conn[0m[2m:[0m incoming body is content-length (769 bytes)
[2m2025-12-10T10:10:53.809088Z[0m [34mDEBUG[0m [2mhyper::proto::h1::conn[0m[2m:[0m incoming body completed
[2m2025-12-10T10:10:53.809094Z[0m [34mDEBUG[0m [2mhyper::client::pool[0m[2m:[0m pooling idle connection for ("http", 192.168.0.14:8545)
[2m2025-12-10T10:10:53.809099Z[0m [34mDEBUG[0m [2methereum_transaction_pool_monitor::eth_client[0m[2m:[0m 📡 Transaction fetch RPC completed in 5.119917ms
[2m2025-12-10T10:10:53.809109Z[0m [34mDEBUG[0m [2methereum_transaction_pool_monitor::eth_client[0m[2m:[0m DeFi transaction detected - Address: 0xdac17f958d2ee523a2206206994597c13d831ec7, Type: Stablecoin, Value: 0 ETH, Gas: 0.17 Gwei
[2m2025-12-10T10:10:53.809118Z[0m [34mDEBUG[0m [2methereum_transaction_pool_monitor::eth_client[0m[2m:[0m ✅ Transaction 0xf2fdfe06bc06246bd977bfb1bf9835ecc0d665fc35af5a9268663c0c08895f40 fetched and parsed in 5.139125ms
[2m2025-12-10T10:10:53.809123Z[0m [34mDEBUG[0m [2methereum_transaction_pool_monitor::mempool_monitor[0m[2m:[0m 🔍 Skipping tx 0xf2fdfe06bc06246bd977bfb1bf9835ecc0d665fc35af5a9268663c0c08895f40 - not a DEX interaction (target: 0xdAC17F958D2ee523a2206206994597C13D831ec7)
[2m2025-12-10T10:10:53.809129Z[0m [34mDEBUG[0m [2methereum_transaction_pool_monitor::mempool_monitor[0m[2m:[0m 📨 Processing new pending transaction: 0x9aabf21517f7d06f567cc4616a64fbf153c9b88580b68e0b01110e81367baf06
[2m2025-12-10T10:10:53.809133Z[0m [34mDEBUG[0m [2methereum_transaction_pool_monitor::mempool_monitor[0m[2m:[0m 🔍 Fetching transaction details for: 0x9aabf21517f7d06f567cc4616a64fbf153c9b88580b68e0b01110e81367baf06
[2m2025-12-10T10:10:53.809136Z[0m [34mDEBUG[0m [2methereum_transaction_pool_monitor::eth_client[0m[2m:[0m 🔍 Fetching transaction details for hash: 0x9aabf21517f7d06f567cc4616a64fbf153c9b88580b68e0b01110e81367baf06
[2m2025-12-10T10:10:53.809147Z[0m [34mDEBUG[0m [2mhyper::client::pool[0m[2m:[0m reuse idle connection for ("http", 192.168.0.14:8545)
[2m2025-12-10T10:10:53.809163Z[0m [34mDEBUG[0m [2mhyper::proto::h1::io[0m[2m:[0m flushed 250 bytes
[2m2025-12-10T10:10:53.814805Z[0m [34mDEBUG[0m [2mhyper::proto::h1::io[0m[2m:[0m parsed 4 headers
[2m2025-12-10T10:10:53.814814Z[0m [34mDEBUG[0m [2mhyper::proto::h1::conn[0m[2m:[0m incoming body is content-length (768 bytes)
[2m2025-12-10T10:10:53.814820Z[0m [34mDEBUG[0m [2mhyper::proto::h1::conn[0m[2m:[0m incoming body completed
[2m2025-12-10T10:10:53.814826Z[0m [34mDEBUG[0m [2mhyper::client::pool[0m[2m:[0m pooling idle connection for ("http", 192.168.0.14:8545)
[2m2025-12-10T10:10:53.814832Z[0m [34mDEBUG[0m [2methereum_transaction_pool_monitor::eth_client[0m[2m:[0m 📡 Transaction fetch RPC completed in 5.692584ms
[2m2025-12-10T10:10:53.814845Z[0m [34mDEBUG[0m [2methereum_transaction_pool_monitor::eth_client[0m[2m:[0m DeFi transaction detected - Address: 0xdac17f958d2ee523a2206206994597c13d831ec7, Type: Stablecoin, Value: 0 ETH, Gas: 0.17 Gwei
[2m2025-12-10T10:10:53.814856Z[0m [34mDEBUG[0m [2methereum_transaction_pool_monitor::eth_client[0m[2m:[0m ✅ Transaction 0x9aabf21517f7d06f567cc4616a64fbf153c9b88580b68e0b01110e81367baf06 fetched and parsed in 5.716ms
[2m2025-12-10T10:10:53.814861Z[0m [34mDEBUG[0m [2methereum_transaction_pool_monitor::mempool_monitor[0m[2m:[0m 🔍 Skipping tx 0x9aabf21517f7d06f567cc4616a64fbf153c9b88580b68e0b01110e81367baf06 - not a DEX interaction (target: 0xdAC17F958D2ee523a2206206994597C13D831ec7)
[2m2025-12-10T10:10:53.814867Z[0m [34mDEBUG[0m [2methereum_transaction_pool_monitor::mempool_monitor[0m[2m:[0m 📨 Processing new pending transaction: 0x5e93a4a7a29145bc783cf1d536af484f7ee5751ccccd53651eda7d75c9af10a3
[2m2025-12-10T10:10:53.814871Z[0m [34mDEBUG[0m [2methereum_transaction_pool_monitor::mempool_monitor[0m[2m:[0m 🔍 Fetching transaction details for: 0x5e93a4a7a29145bc783cf1d536af484f7ee5751ccccd53651eda7d75c9af10a3
[2m2025-12-10T10:10:53.814874Z[0m [34mDEBUG[0m [2methereum_transaction_pool_monitor::eth_client[0m[2m:[0m 🔍 Fetching transaction details for hash: 0x5e93a4a7a29145bc783cf1d536af484f7ee5751ccccd53651eda7d75c9af10a3
[2m2025-12-10T10:10:53.814889Z[0m [34mDEBUG[0m [2mhyper::client::pool[0m[2m:[0m reuse idle connection for ("http", 192.168.0.14:8545)
[2m2025-12-10T10:10:53.814910Z[0m [34mDEBUG[0m [2mhyper::proto::h1::io[0m[2m:[0m flushed 250 bytes
[2m2025-12-10T10:10:53.821147Z[0m [34mDEBUG[0m [2mhyper::proto::h1::io[0m[2m:[0m parsed 4 headers
[2m2025-12-10T10:10:53.822136Z[0m [34mDEBUG[0m [2mhyper::proto::h1::conn[0m[2m:[0m incoming body is content-length (768 bytes)
[2m2025-12-10T10:10:53.822145Z[0m [34mDEBUG[0m [2mhyper::proto::h1::conn[0m[2m:[0m incoming body completed
[2m2025-12-10T10:10:53.822158Z[0m [34mDEBUG[0m [2mhyper::client::pool[0m[2m:[0m pooling idle connection for ("http", 192.168.0.14:8545)
[2m2025-12-10T10:10:53.822166Z[0m [34mDEBUG[0m [2methereum_transaction_pool_monitor::eth_client[0m[2m:[0m 📡 Transaction fetch RPC completed in 7.287875ms
[2m2025-12-10T10:10:53.822180Z[0m [34mDEBUG[0m [2methereum_transaction_pool_monitor::eth_client[0m[2m:[0m DeFi transaction detected - Address: 0xdac17f958d2ee523a2206206994597c13d831ec7, Type: Stablecoin, Value: 0 ETH, Gas: 0.17 Gwei
[2m2025-12-10T10:10:53.822191Z[0m [34mDEBUG[0m [2methereum_transaction_pool_monitor::eth_client[0m[2m:[0m ✅ Transaction 0x5e93a4a7a29145bc783cf1d536af484f7ee5751ccccd53651eda7d75c9af10a3 fetched and parsed in 7.31275ms
[2m2025-12-10T10:10:53.822197Z[0m [34mDEBUG[0m [2methereum_transaction_pool_monitor::mempool_monitor[0m[2m:[0m 🔍 Skipping tx 0x5e93a4a7a29145bc783cf1d536af484f7ee5751ccccd53651eda7d75c9af10a3 - not a DEX interaction (target: 0xdAC17F958D2ee523a2206206994597C13D831ec7)
[2m2025-12-10T10:10:53.822207Z[0m [34mDEBUG[0m [2methereum_transaction_pool_monitor::mempool_monitor[0m[2m:[0m 📨 Processing new pending transaction: 0xee1aa2f602e04b1170a5ec04340604819358ef9b06abc9ddfbb8a81d7eeacbb8
[2m2025-12-10T10:10:53.822212Z[0m [34mDEBUG[0m [2methereum_transaction_pool_monitor::mempool_monitor[0m[2m:[0m 🔍 Fetching transaction details for: 0xee1aa2f602e04b1170a5ec04340604819358ef9b06abc9ddfbb8a81d7eeacbb8
[2m2025-12-10T10:10:53.822216Z[0m [34mDEBUG[0m [2methereum_transaction_pool_monitor::eth_client[0m[2m:[0m 🔍 Fetching transaction details for hash: 0xee1aa2f602e04b1170a5ec04340604819358ef9b06abc9ddfbb8a81d7eeacbb8
[2m2025-12-10T10:10:53.822228Z[0m [34mDEBUG[0m [2mhyper::client::pool[0m[2m:[0m reuse idle connection for ("http", 192.168.0.14:8545)
[2m2025-12-10T10:10:53.822249Z[0m [34mDEBUG[0m [2mhyper::proto::h1::io[0m[2m:[0m flushed 250 bytes
[2m2025-12-10T10:10:53.828082Z[0m [34mDEBUG[0m [2mhyper::proto::h1::io[0m[2m:[0m parsed 4 headers
[2m2025-12-10T10:10:53.828091Z[0m [34mDEBUG[0m [2mhyper::proto::h1::conn[0m[2m:[0m incoming body is content-length (647 bytes)
[2m2025-12-10T10:10:53.828096Z[0m [34mDEBUG[0m [2mhyper::proto::h1::conn[0m[2m:[0m incoming body completed
[2m2025-12-10T10:10:53.828103Z[0m [34mDEBUG[0m [2mhyper::client::pool[0m[2m:[0m pooling idle connection for ("http", 192.168.0.14:8545)
[2m2025-12-10T10:10:53.828108Z[0m [34mDEBUG[0m [2methereum_transaction_pool_monitor::eth_client[0m[2m:[0m 📡 Transaction fetch RPC completed in 5.887875ms
[2m2025-12-10T10:10:54.066365Z[0m [34mDEBUG[0m [2methereum_transaction_pool_monitor::eth_client[0m[2m:[0m ✅ Transaction 0xee1aa2f602e04b1170a5ec04340604819358ef9b06abc9ddfbb8a81d7eeacbb8 fetched and parsed in 244.14175ms
[2m2025-12-10T10:10:54.066637Z[0m [34mDEBUG[0m [2methereum_transaction_pool_monitor::mempool_monitor[0m[2m:[0m 🔍 Skipping tx 0xee1aa2f602e04b1170a5ec04340604819358ef9b06abc9ddfbb8a81d7eeacbb8 - not a DEX interaction (target: 0xf52605c7b778563a5a9144EF4Dc53B57463ca2c7)
[2m2025-12-10T10:10:54.066649Z[0m [34mDEBUG[0m [2methereum_transaction_pool_monitor::mempool_monitor[0m[2m:[0m 📨 Processing new pending transaction: 0xc55edbe6044cb308446e17cd40808c110c96dbeb098e977585f835f0b43dca16
[2m2025-12-10T10:10:54.066656Z[0m [34mDEBUG[0m [2methereum_transaction_pool_monitor::mempool_monitor[0m[2m:[0m 🔍 Fetching transaction details for: 0xc55edbe6044cb308446e17cd40808c110c96dbeb098e977585f835f0b43dca16
[2m2025-12-10T10:10:54.066660Z[0m [34mDEBUG[0m [2methereum_transaction_pool_monitor::eth_client[0m[2m:[0m 🔍 Fetching transaction details for hash: 0xc55edbe6044cb308446e17cd40808c110c96dbeb098e977585f835f0b43dca16
[2m2025-12-10T10:10:54.066679Z[0m [34mDEBUG[0m [2mhyper::client::pool[0m[2m:[0m reuse idle connection for ("http", 192.168.0.14:8545)
[2m2025-12-10T10:10:54.066720Z[0m [34mDEBUG[0m [2mhyper::proto::h1::io[0m[2m:[0m flushed 250 bytes
[2m2025-12-10T10:10:54.066741Z[0m [34mDEBUG[0m [2mhyper::client::pool[0m[2m:[0m reuse idle connection for ("http", 192.168.0.14:8545)
[2m2025-12-10T10:10:54.066754Z[0m [34mDEBUG[0m [2mhyper::proto::h1::io[0m[2m:[0m flushed 172 bytes
[2m2025-12-10T10:10:54.066768Z[0m [34mDEBUG[0m [2methereum_transaction_pool_monitor::eth_client[0m[2m:[0m 📨 Received WebSocket message: {"jsonrpc":"2.0","method":"eth_subscription","params":{"subscription":"0xbed0a0851463e895960a451075a301a9","result":"0xc3d94a876114bd2da0ce64044c165fdc6b13274b116dcbf568800595dcf3d2ca"}}
[2m2025-12-10T10:10:54.066780Z[0m [34mDEBUG[0m [2methereum_transaction_pool_monitor::eth_client[0m[2m:[0m 📨 Received pending transaction: 0xc3d94a876114bd2da0ce64044c165fdc6b13274b116dcbf568800595dcf3d2ca
[2m2025-12-10T10:10:54.066787Z[0m [34mDEBUG[0m [2methereum_transaction_pool_monitor::eth_client[0m[2m:[0m 📨 Received WebSocket message: {"jsonrpc":"2.0","method":"eth_subscription","params":{"subscription":"0xbed0a0851463e895960a451075a301a9","result":"0xabf66cd77e4efeb0bbc9a6b43e5767dd799b9b5d5f88f331c6b1e06984052a6f"}}
[2m2025-12-10T10:10:54.066795Z[0m [34mDEBUG[0m [2methereum_transaction_pool_monitor::eth_client[0m[2m:[0m 📨 Received pending transaction: 0xabf66cd77e4efeb0bbc9a6b43e5767dd799b9b5d5f88f331c6b1e06984052a6f
[2m2025-12-10T10:10:54.066799Z[0m [34mDEBUG[0m [2methereum_transaction_pool_monitor::eth_client[0m[2m:[0m 📨 Received WebSocket message: {"jsonrpc":"2.0","method":"eth_subscription","params":{"subscription":"0xbed0a0851463e895960a451075a301a9","result":"0xbc4ca4f60332831bc7dd91122665e20f8c69095af71f7a5167eb77579508b90b"}}
[2m2025-12-10T10:10:54.066804Z[0m [34mDEBUG[0m [2methereum_transaction_pool_monitor::eth_client[0m[2m:[0m 📨 Received pending transaction: 0xbc4ca4f60332831bc7dd91122665e20f8c69095af71f7a5167eb77579508b90b
[2m2025-12-10T10:10:54.070516Z[0m [34mDEBUG[0m [2mhyper::proto::h1::io[0m[2m:[0m parsed 4 headers
[2m2025-12-10T10:10:54.070526Z[0m [34mDEBUG[0m [2mhyper::proto::h1::conn[0m[2m:[0m incoming body is content-length (45 bytes)
[2m2025-12-10T10:10:54.070533Z[0m [34mDEBUG[0m [2mhyper::proto::h1::conn[0m[2m:[0m incoming body completed
[2m2025-12-10T10:10:54.070542Z[0m [34mDEBUG[0m [2mhyper::client::pool[0m[2m:[0m pooling idle connection for ("http", 192.168.0.14:8545)
[2m2025-12-10T10:10:54.070561Z[0m [34mDEBUG[0m [2mhyper::client::pool[0m[2m:[0m reuse idle connection for ("http", 192.168.0.14:8545)
[2m2025-12-10T10:10:54.070580Z[0m [34mDEBUG[0m [2mhyper::proto::h1::io[0m[2m:[0m flushed 172 bytes
[2m2025-12-10T10:10:54.074591Z[0m [34mDEBUG[0m [2mhyper::proto::h1::io[0m[2m:[0m parsed 4 headers
[2m2025-12-10T10:10:54.074618Z[0m [34mDEBUG[0m [2mhyper::proto::h1::conn[0m[2m:[0m incoming body is content-length (45 bytes)
[2m2025-12-10T10:10:54.074632Z[0m [34mDEBUG[0m [2mhyper::proto::h1::conn[0m[2m:[0m incoming body completed
[2m2025-12-10T10:10:54.074652Z[0m [34mDEBUG[0m [2mhyper::client::pool[0m[2m:[0m pooling idle connection for ("http", 192.168.0.14:8545)
[2m2025-12-10T10:10:54.082105Z[0m [34mDEBUG[0m [2mhyper::proto::h1::io[0m[2m:[0m parsed 4 headers
[2m2025-12-10T10:10:54.082114Z[0m [34mDEBUG[0m [2mhyper::proto::h1::conn[0m[2m:[0m incoming body is content-length (1039 bytes)
[2m2025-12-10T10:10:54.082121Z[0m [34mDEBUG[0m [2mhyper::proto::h1::conn[0m[2m:[0m incoming body completed
[2m2025-12-10T10:10:54.082130Z[0m [34mDEBUG[0m [2mhyper::client::pool[0m[2m:[0m pooling idle connection for ("http", 192.168.0.14:8545)
[2m2025-12-10T10:10:54.082138Z[0m [34mDEBUG[0m [2methereum_transaction_pool_monitor::eth_client[0m[2m:[0m 📡 Transaction fetch RPC completed in 15.473667ms
[2m2025-12-10T10:10:54.193125Z[0m [34mDEBUG[0m [2methereum_transaction_pool_monitor::eth_client[0m[2m:[0m ✅ Transaction 0xc55edbe6044cb308446e17cd40808c110c96dbeb098e977585f835f0b43dca16 fetched and parsed in 126.457583ms
[2m2025-12-10T10:10:54.193155Z[0m [34mDEBUG[0m [2methereum_transaction_pool_monitor::mempool_monitor[0m[2m:[0m 🔍 Skipping tx 0xc55edbe6044cb308446e17cd40808c110c96dbeb098e977585f835f0b43dca16 - not a DEX interaction (target: 0xC3898EA7E322B3CDC92D65CFe5a34808b7338236)
[2m2025-12-10T10:10:54.193176Z[0m [34mDEBUG[0m [2methereum_transaction_pool_monitor::mempool_monitor[0m[2m:[0m 📨 Processing new pending transaction: 0xf62cbc5af9c019ce349141c3aa661b37f93cdf827c79734fc9956fd07aac80bf
[2m2025-12-10T10:10:54.193182Z[0m [34mDEBUG[0m [2methereum_transaction_pool_monitor::mempool_monitor[0m[2m:[0m 🔍 Fetching transaction details for: 0xf62cbc5af9c019ce349141c3aa661b37f93cdf827c79734fc9956fd07aac80bf
[2m2025-12-10T10:10:54.193382Z[0m [34mDEBUG[0m [2methereum_transaction_pool_monitor::eth_client[0m[2m:[0m 🔍 Fetching transaction details for hash: 0xf62cbc5af9c019ce349141c3aa661b37f93cdf827c79734fc9956fd07aac80bf
[2m2025-12-10T10:10:54.193406Z[0m [34mDEBUG[0m [2mhyper::client::pool[0m[2m:[0m reuse idle connection for ("http", 192.168.0.14:8545)
[2m2025-12-10T10:10:54.193430Z[0m [34mDEBUG[0m [2mhyper::proto::h1::io[0m[2m:[0m flushed 250 bytes
[2m2025-12-10T10:10:54.193449Z[0m [34mDEBUG[0m [2mhyper::client::pool[0m[2m:[0m reuse idle connection for ("http", 192.168.0.14:8545)
[2m2025-12-10T10:10:54.193459Z[0m [34mDEBUG[0m [2methereum_transaction_pool_monitor::eth_client[0m[2m:[0m 📨 Received WebSocket message: {"jsonrpc":"2.0","method":"eth_subscription","params":{"subscription":"0xbed0a0851463e895960a451075a301a9","result":"0xcd05c148c0ec11fe97ac4d2817dc3b8e4337a1a3cb706d547efc399892811e73"}}
[2m2025-12-10T10:10:54.193463Z[0m [34mDEBUG[0m [2mhyper::proto::h1::io[0m[2m:[0m flushed 172 bytes
[2m2025-12-10T10:10:54.193470Z[0m [34mDEBUG[0m [2methereum_transaction_pool_monitor::eth_client[0m[2m:[0m 📨 Received pending transaction: 0xcd05c148c0ec11fe97ac4d2817dc3b8e4337a1a3cb706d547efc399892811e73
[2m2025-12-10T10:10:54.193476Z[0m [34mDEBUG[0m [2methereum_transaction_pool_monitor::eth_client[0m[2m:[0m 📨 Received WebSocket message: {"jsonrpc":"2.0","method":"eth_subscription","params":{"subscription":"0xbed0a0851463e895960a451075a301a9","result":"0x1886ce81406034e75716722ec7ef08465924d5de91a7ff4af88cdb1d21dc807c"}}
[2m2025-12-10T10:10:54.193482Z[0m [34mDEBUG[0m [2methereum_transaction_pool_monitor::eth_client[0m[2m:[0m 📨 Received pending transaction: 0x1886ce81406034e75716722ec7ef08465924d5de91a7ff4af88cdb1d21dc807c
[2m2025-12-10T10:10:54.193486Z[0m [34mDEBUG[0m [2methereum_transaction_pool_monitor::eth_client[0m[2m:[0m 📨 Received WebSocket message: {"jsonrpc":"2.0","method":"eth_subscription","params":{"subscription":"0xbed0a0851463e895960a451075a301a9","result":"0xa4ccb42b6fd5c20f8f39c6cd4d9dbf8a86e5dcc6f253f57b2a2c7df44643114e"}}
[2m2025-12-10T10:10:54.193491Z[0m [34mDEBUG[0m [2methereum_transaction_pool_monitor::eth_client[0m[2m:[0m 📨 Received pending transaction: 0xa4ccb42b6fd5c20f8f39c6cd4d9dbf8a86e5dcc6f253f57b2a2c7df44643114e
[2m2025-12-10T10:10:54.197068Z[0m [34mDEBUG[0m [2mhyper::proto::h1::io[0m[2m:[0m parsed 4 headers
[2m2025-12-10T10:10:54.197078Z[0m [34mDEBUG[0m [2mhyper::proto::h1::conn[0m[2m:[0m incoming body is content-length (45 bytes)
[2m2025-12-10T10:10:54.197087Z[0m [34mDEBUG[0m [2mhyper::proto::h1::conn[0m[2m:[0m incoming body completed
[2m2025-12-10T10:10:54.197097Z[0m [34mDEBUG[0m [2mhyper::client::pool[0m[2m:[0m pooling idle connection for ("http", 192.168.0.14:8545)
[2m2025-12-10T10:10:54.197118Z[0m [34mDEBUG[0m [2mhyper::client::pool[0m[2m:[0m reuse idle connection for ("http", 192.168.0.14:8545)
[2m2025-12-10T10:10:54.197135Z[0m [34mDEBUG[0m [2mhyper::proto::h1::io[0m[2m:[0m flushed 172 bytes
[2m2025-12-10T10:10:54.202957Z[0m [34mDEBUG[0m [2mhyper::proto::h1::io[0m[2m:[0m parsed 4 headers
[2m2025-12-10T10:10:54.202974Z[0m [34mDEBUG[0m [2mhyper::proto::h1::conn[0m[2m:[0m incoming body is content-length (45 bytes)
[2m2025-12-10T10:10:54.202984Z[0m [34mDEBUG[0m [2mhyper::proto::h1::conn[0m[2m:[0m incoming body completed
[2m2025-12-10T10:10:54.202996Z[0m [34mDEBUG[0m [2mhyper::client::pool[0m[2m:[0m pooling idle connection for ("http", 192.168.0.14:8545)
[2m2025-12-10T10:10:54.203020Z[0m [34mDEBUG[0m [2mhyper::proto::h1::io[0m[2m:[0m parsed 4 headers
[2m2025-12-10T10:10:54.203025Z[0m [34mDEBUG[0m [2mhyper::proto::h1::conn[0m[2m:[0m incoming body is content-length (770 bytes)
[2m2025-12-10T10:10:54.203030Z[0m [34mDEBUG[0m [2mhyper::proto::h1::conn[0m[2m:[0m incoming body completed
[2m2025-12-10T10:10:54.203037Z[0m [34mDEBUG[0m [2mhyper::client::pool[0m[2m:[0m pooling idle connection for ("http", 192.168.0.14:8545)
[2m2025-12-10T10:10:54.203043Z[0m [34mDEBUG[0m [2methereum_transaction_pool_monitor::eth_client[0m[2m:[0m 📡 Transaction fetch RPC completed in 9.651333ms
[2m2025-12-10T10:10:54.274952Z[0m [34mDEBUG[0m [2methereum_transaction_pool_monitor::eth_client[0m[2m:[0m ✅ Transaction 0xf62cbc5af9c019ce349141c3aa661b37f93cdf827c79734fc9956fd07aac80bf fetched and parsed in 81.558875ms
[2m2025-12-10T10:10:54.274982Z[0m [34mDEBUG[0m [2methereum_transaction_pool_monitor::mempool_monitor[0m[2m:[0m 🔍 Skipping tx 0xf62cbc5af9c019ce349141c3aa661b37f93cdf827c79734fc9956fd07aac80bf - not a DEX interaction (target: 0xB8f28C60dD8240141185a192fa4156A23E189305)
[2m2025-12-10T10:10:54.274997Z[0m [34mDEBUG[0m [2methereum_transaction_pool_monitor::mempool_monitor[0m[2m:[0m 📨 Processing new pending transaction: 0x33697c5b0c7e52da1f66a8cb2b09fcae461475a6def8b8482481ff070cb60da9
[2m2025-12-10T10:10:54.275005Z[0m [34mDEBUG[0m [2methereum_transaction_pool_monitor::mempool_monitor[0m[2m:[0m 🔍 Fetching transaction details for: 0x33697c5b0c7e52da1f66a8cb2b09fcae461475a6def8b8482481ff070cb60da9
[2m2025-12-10T10:10:54.275013Z[0m [34mDEBUG[0m [2methereum_transaction_pool_monitor::eth_client[0m[2m:[0m 🔍 Fetching transaction details for hash: 0x33697c5b0c7e52da1f66a8cb2b09fcae461475a6def8b8482481ff070cb60da9
[2m2025-12-10T10:10:54.275033Z[0m [34mDEBUG[0m [2mhyper::client::pool[0m[2m:[0m reuse idle connection for ("http", 192.168.0.14:8545)
[2m2025-12-10T10:10:54.275077Z[0m [34mDEBUG[0m [2mhyper::proto::h1::io[0m[2m:[0m flushed 250 bytes
[2m2025-12-10T10:10:54.275094Z[0m [34mDEBUG[0m [2methereum_transaction_pool_monitor::eth_client[0m[2m:[0m 📨 Received WebSocket message: {"jsonrpc":"2.0","method":"eth_subscription","params":{"subscription":"0xbed0a0851463e895960a451075a301a9","result":"0x52a50860badc9e36d054f6820feadb70dc24f4d07c9afc319f7178f607577278"}}
[2m2025-12-10T10:10:54.275104Z[0m [34mDEBUG[0m [2methereum_transaction_pool_monitor::eth_client[0m[2m:[0m 📨 Received pending transaction: 0x52a50860badc9e36d054f6820feadb70dc24f4d07c9afc319f7178f607577278
[2m2025-12-10T10:10:54.275110Z[0m [34mDEBUG[0m [2methereum_transaction_pool_monitor::eth_client[0m[2m:[0m 📨 Received WebSocket message: {"jsonrpc":"2.0","method":"eth_subscription","params":{"subscription":"0xbed0a0851463e895960a451075a301a9","result":"0x3621e7084b33a235c236f5da8aa0e07d9e2c5e8cf3ef25d269fc66b5879bb64b"}}
[2m2025-12-10T10:10:54.275117Z[0m [34mDEBUG[0m [2methereum_transaction_pool_monitor::eth_client[0m[2m:[0m 📨 Received pending transaction: 0x3621e7084b33a235c236f5da8aa0e07d9e2c5e8cf3ef25d269fc66b5879bb64b
[2m2025-12-10T10:10:54.279091Z[0m [34mDEBUG[0m [2mhyper::proto::h1::io[0m[2m:[0m parsed 4 headers
[2m2025-12-10T10:10:54.279106Z[0m [34mDEBUG[0m [2mhyper::proto::h1::conn[0m[2m:[0m incoming body is content-length (770 bytes)
[2m2025-12-10T10:10:54.279113Z[0m [34mDEBUG[0m [2mhyper::proto::h1::conn[0m[2m:[0m incoming body completed
[2m2025-12-10T10:10:54.279122Z[0m [34mDEBUG[0m [2mhyper::client::pool[0m[2m:[0m pooling idle connection for ("http", 192.168.0.14:8545)
[2m2025-12-10T10:10:54.279128Z[0m [34mDEBUG[0m [2methereum_transaction_pool_monitor::eth_client[0m[2m:[0m 📡 Transaction fetch RPC completed in 4.109625ms
[2m2025-12-10T10:10:54.279141Z[0m [34mDEBUG[0m [2methereum_transaction_pool_monitor::eth_client[0m[2m:[0m DeFi transaction detected - Address: 0xdac17f958d2ee523a2206206994597c13d831ec7, Type: Stablecoin, Value: 0 ETH, Gas: 2.18 Gwei
[2m2025-12-10T10:10:54.279154Z[0m [34mDEBUG[0m [2methereum_transaction_pool_monitor::eth_client[0m[2m:[0m ✅ Transaction 0x33697c5b0c7e52da1f66a8cb2b09fcae461475a6def8b8482481ff070cb60da9 fetched and parsed in 4.134875ms
[2m2025-12-10T10:10:54.279159Z[0m [34mDEBUG[0m [2methereum_transaction_pool_monitor::mempool_monitor[0m[2m:[0m 🔍 Skipping tx 0x33697c5b0c7e52da1f66a8cb2b09fcae461475a6def8b8482481ff070cb60da9 - not a DEX interaction (target: 0xdAC17F958D2ee523a2206206994597C13D831ec7)
[2m2025-12-10T10:10:54.279166Z[0m [34mDEBUG[0m [2methereum_transaction_pool_monitor::mempool_monitor[0m[2m:[0m 📨 Processing new pending transaction: 0x9b7039dce2f2fce0bfb5a9c2b003d5d3a67fea08a59d5c410d75da0d3519c31a
[2m2025-12-10T10:10:54.279170Z[0m [34mDEBUG[0m [2methereum_transaction_pool_monitor::mempool_monitor[0m[2m:[0m 🔍 Fetching transaction details for: 0x9b7039dce2f2fce0bfb5a9c2b003d5d3a67fea08a59d5c410d75da0d3519c31a
[2m2025-12-10T10:10:54.279174Z[0m [34mDEBUG[0m [2methereum_transaction_pool_monitor::eth_client[0m[2m:[0m 🔍 Fetching transaction details for hash: 0x9b7039dce2f2fce0bfb5a9c2b003d5d3a67fea08a59d5c410d75da0d3519c31a
[2m2025-12-10T10:10:54.279186Z[0m [34mDEBUG[0m [2mhyper::client::pool[0m[2m:[0m reuse idle connection for ("http", 192.168.0.14:8545)
[2m2025-12-10T10:10:54.279207Z[0m [34mDEBUG[0m [2mhyper::proto::h1::io[0m[2m:[0m flushed 250 bytes
[2m2025-12-10T10:10:54.283949Z[0m [34mDEBUG[0m [2mhyper::proto::h1::io[0m[2m:[0m parsed 4 headers
[2m2025-12-10T10:10:54.283993Z[0m [34mDEBUG[0m [2mhyper::proto::h1::conn[0m[2m:[0m incoming body is content-length (773 bytes)
[2m2025-12-10T10:10:54.284007Z[0m [34mDEBUG[0m [2mhyper::proto::h1::conn[0m[2m:[0m incoming body completed
[2m2025-12-10T10:10:54.284028Z[0m [34mDEBUG[0m [2mhyper::client::pool[0m[2m:[0m pooling idle connection for ("http", 192.168.0.14:8545)
[2m2025-12-10T10:10:54.284036Z[0m [34mDEBUG[0m [2methereum_transaction_pool_monitor::eth_client[0m[2m:[0m 📡 Transaction fetch RPC completed in 4.857792ms
[2m2025-12-10T10:10:54.355453Z[0m [34mDEBUG[0m [2methereum_transaction_pool_monitor::eth_client[0m[2m:[0m ✅ Transaction 0x9b7039dce2f2fce0bfb5a9c2b003d5d3a67fea08a59d5c410d75da0d3519c31a fetched and parsed in 76.272625ms
[2m2025-12-10T10:10:54.355478Z[0m [34mDEBUG[0m [2methereum_transaction_pool_monitor::mempool_monitor[0m[2m:[0m 🔍 Skipping tx 0x9b7039dce2f2fce0bfb5a9c2b003d5d3a67fea08a59d5c410d75da0d3519c31a - not a DEX interaction (target: 0xA0b86991c6218b36c1d19D4a2e9Eb0cE3606eB48)
[2m2025-12-10T10:10:54.355487Z[0m [34mDEBUG[0m [2methereum_transaction_pool_monitor::mempool_monitor[0m[2m:[0m 📨 Processing new pending transaction: 0x7da79a57f350feecbcc4540e8e08648c31c9ce3347f79e4e936118ff16d51111
[2m2025-12-10T10:10:54.355495Z[0m [34mDEBUG[0m [2methereum_transaction_pool_monitor::mempool_monitor[0m[2m:[0m 🔍 Fetching transaction details for: 0x7da79a57f350feecbcc4540e8e08648c31c9ce3347f79e4e936118ff16d51111
[2m2025-12-10T10:10:54.355507Z[0m [34mDEBUG[0m [2methereum_transaction_pool_monitor::eth_client[0m[2m:[0m 🔍 Fetching transaction details for hash: 0x7da79a57f350feecbcc4540e8e08648c31c9ce3347f79e4e936118ff16d51111
[2m2025-12-10T10:10:54.355524Z[0m [34mDEBUG[0m [2mhyper::client::pool[0m[2m:[0m reuse idle connection for ("http", 192.168.0.14:8545)
[2m2025-12-10T10:10:54.355558Z[0m [34mDEBUG[0m [2mhyper::proto::h1::io[0m[2m:[0m flushed 250 bytes
[2m2025-12-10T10:10:54.355587Z[0m [34mDEBUG[0m [2mhyper::client::pool[0m[2m:[0m reuse idle connection for ("http", 192.168.0.14:8545)
[2m2025-12-10T10:10:54.355606Z[0m [34mDEBUG[0m [2mhyper::proto::h1::io[0m[2m:[0m flushed 172 bytes
[2m2025-12-10T10:10:54.362082Z[0m [34mDEBUG[0m [2mhyper::proto::h1::io[0m[2m:[0m parsed 4 headers
[2m2025-12-10T10:10:54.362093Z[0m [34mDEBUG[0m [2mhyper::proto::h1::conn[0m[2m:[0m incoming body is content-length (45 bytes)
[2m2025-12-10T10:10:54.362100Z[0m [34mDEBUG[0m [2mhyper::proto::h1::conn[0m[2m:[0m incoming body completed
[2m2025-12-10T10:10:54.362108Z[0m [34mDEBUG[0m [2mhyper::client::pool[0m[2m:[0m pooling idle connection for ("http", 192.168.0.14:8545)
[2m2025-12-10T10:10:54.364735Z[0m [34mDEBUG[0m [2mhyper::proto::h1::io[0m[2m:[0m parsed 4 headers
[2m2025-12-10T10:10:54.364743Z[0m [34mDEBUG[0m [2mhyper::proto::h1::conn[0m[2m:[0m incoming body is content-length (551 bytes)
[2m2025-12-10T10:10:54.364749Z[0m [34mDEBUG[0m [2mhyper::proto::h1::conn[0m[2m:[0m incoming body completed
[2m2025-12-10T10:10:54.364757Z[0m [34mDEBUG[0m [2mhyper::client::pool[0m[2m:[0m pooling idle connection for ("http", 192.168.0.14:8545)
[2m2025-12-10T10:10:54.364762Z[0m [34mDEBUG[0m [2methereum_transaction_pool_monitor::eth_client[0m[2m:[0m 📡 Transaction fetch RPC completed in 9.251ms
[2m2025-12-10T10:10:54.436158Z[0m [34mDEBUG[0m [2methereum_transaction_pool_monitor::eth_client[0m[2m:[0m ✅ Transaction 0x7da79a57f350feecbcc4540e8e08648c31c9ce3347f79e4e936118ff16d51111 fetched and parsed in 80.644ms
[2m2025-12-10T10:10:54.436180Z[0m [34mDEBUG[0m [2methereum_transaction_pool_monitor::mempool_monitor[0m[2m:[0m 🔍 Skipping tx 0x7da79a57f350feecbcc4540e8e08648c31c9ce3347f79e4e936118ff16d51111 - not a DEX interaction (target: 0xcDd37Ada79F589c15bD4f8fD2083dc88E34A2af2)
[2m2025-12-10T10:10:54.436191Z[0m [34mDEBUG[0m [2methereum_transaction_pool_monitor::mempool_monitor[0m[2m:[0m 📨 Processing new pending transaction: 0xa580da02981d1692279b300ac8e885b5b2441d8cccf22742f2491e5a882ebabe
[2m2025-12-10T10:10:54.436197Z[0m [34mDEBUG[0m [2methereum_transaction_pool_monitor::mempool_monitor[0m[2m:[0m 🔍 Fetching transaction details for: 0xa580da02981d1692279b300ac8e885b5b2441d8cccf22742f2491e5a882ebabe
[2m2025-12-10T10:10:54.436201Z[0m [34mDEBUG[0m [2methereum_transaction_pool_monitor::eth_client[0m[2m:[0m 🔍 Fetching transaction details for hash: 0xa580da02981d1692279b300ac8e885b5b2441d8cccf22742f2491e5a882ebabe
[2m2025-12-10T10:10:54.436220Z[0m [34mDEBUG[0m [2mhyper::client::pool[0m[2m:[0m reuse idle connection for ("http", 192.168.0.14:8545)
[2m2025-12-10T10:10:54.436247Z[0m [34mDEBUG[0m [2mhyper::proto::h1::io[0m[2m:[0m flushed 250 bytes
[2m2025-12-10T10:10:54.436272Z[0m [34mDEBUG[0m [2mhyper::client::pool[0m[2m:[0m reuse idle connection for ("http", 192.168.0.14:8545)
[2m2025-12-10T10:10:54.436285Z[0m [34mDEBUG[0m [2mhyper::proto::h1::io[0m[2m:[0m flushed 172 bytes
[2m2025-12-10T10:10:54.442886Z[0m [34mDEBUG[0m [2mhyper::proto::h1::io[0m[2m:[0m parsed 4 headers
[2m2025-12-10T10:10:54.442899Z[0m [34mDEBUG[0m [2mhyper::proto::h1::conn[0m[2m:[0m incoming body is content-length (646 bytes)
[2m2025-12-10T10:10:54.442909Z[0m [34mDEBUG[0m [2mhyper::proto::h1::conn[0m[2m:[0m incoming body completed
[2m2025-12-10T10:10:54.442933Z[0m [34mDEBUG[0m [2mhyper::client::pool[0m[2m:[0m pooling idle connection for ("http", 192.168.0.14:8545)
[2m2025-12-10T10:10:54.442940Z[0m [34mDEBUG[0m [2methereum_transaction_pool_monitor::eth_client[0m[2m:[0m 📡 Transaction fetch RPC completed in 6.734ms
[2m2025-12-10T10:10:54.514857Z[0m [34mDEBUG[0m [2methereum_transaction_pool_monitor::eth_client[0m[2m:[0m ✅ Transaction 0xa580da02981d1692279b300ac8e885b5b2441d8cccf22742f2491e5a882ebabe fetched and parsed in 78.649334ms
[2m2025-12-10T10:10:54.514889Z[0m [34mDEBUG[0m [2methereum_transaction_pool_monitor::mempool_monitor[0m[2m:[0m 🔍 Skipping tx 0xa580da02981d1692279b300ac8e885b5b2441d8cccf22742f2491e5a882ebabe - not a DEX interaction (target: 0x2e7F2740a839231c41cfde0d531828df312bea04)
[2m2025-12-10T10:10:54.514902Z[0m [34mDEBUG[0m [2methereum_transaction_pool_monitor::mempool_monitor[0m[2m:[0m 📨 Processing new pending transaction: 0x54575a1273ca542ab486ce3f29a120d02b93c2dc7c0f0849ed7ed3ae2d8ddaa9
[2m2025-12-10T10:10:54.514910Z[0m [34mDEBUG[0m [2methereum_transaction_pool_monitor::mempool_monitor[0m[2m:[0m 🔍 Fetching transaction details for: 0x54575a1273ca542ab486ce3f29a120d02b93c2dc7c0f0849ed7ed3ae2d8ddaa9
[2m2025-12-10T10:10:54.514919Z[0m [34mDEBUG[0m [2methereum_transaction_pool_monitor::eth_client[0m[2m:[0m 🔍 Fetching transaction details for hash: 0x54575a1273ca542ab486ce3f29a120d02b93c2dc7c0f0849ed7ed3ae2d8ddaa9
[2m2025-12-10T10:10:54.514937Z[0m [34mDEBUG[0m [2mhyper::client::pool[0m[2m:[0m reuse idle connection for ("http", 192.168.0.14:8545)
[2m2025-12-10T10:10:54.515263Z[0m [34mDEBUG[0m [2mhyper::proto::h1::io[0m[2m:[0m flushed 250 bytes
[2m2025-12-10T10:10:54.515286Z[0m [34mDEBUG[0m [2methereum_transaction_pool_monitor::eth_client[0m[2m:[0m 📨 Received WebSocket message: {"jsonrpc":"2.0","method":"eth_subscription","params":{"subscription":"0xbed0a0851463e895960a451075a301a9","result":"0x73c39dd0e057be4d602ede071915ebd5ad7cff69bbce5f18d1f2230a1700311c"}}
[2m2025-12-10T10:10:54.515293Z[0m [34mDEBUG[0m [2mhyper::proto::h1::io[0m[2m:[0m parsed 4 headers
[2m2025-12-10T10:10:54.515295Z[0m [34mDEBUG[0m [2methereum_transaction_pool_monitor::eth_client[0m[2m:[0m 📨 Received pending transaction: 0x73c39dd0e057be4d602ede071915ebd5ad7cff69bbce5f18d1f2230a1700311c
[2m2025-12-10T10:10:54.515326Z[0m [34mDEBUG[0m [2mhyper::proto::h1::conn[0m[2m:[0m incoming body is content-length (45 bytes)
[2m2025-12-10T10:10:54.515330Z[0m [34mDEBUG[0m [2methereum_transaction_pool_monitor::eth_client[0m[2m:[0m 📨 Received WebSocket message: {"jsonrpc":"2.0","method":"eth_subscription","params":{"subscription":"0xbed0a0851463e895960a451075a301a9","result":"0xcc059288b4249d5bc68a95f2fbe4fa44ec8807ae13a3d146f78d09d45ea053cc"}}
[2m2025-12-10T10:10:54.515338Z[0m [34mDEBUG[0m [2mhyper::proto::h1::conn[0m[2m:[0m incoming body completed
[2m2025-12-10T10:10:54.515338Z[0m [34mDEBUG[0m [2methereum_transaction_pool_monitor::eth_client[0m[2m:[0m 📨 Received pending transaction: 0xcc059288b4249d5bc68a95f2fbe4fa44ec8807ae13a3d146f78d09d45ea053cc
[2m2025-12-10T10:10:54.515350Z[0m [34mDEBUG[0m [2mhyper::client::pool[0m[2m:[0m pooling idle connection for ("http", 192.168.0.14:8545)
[2m2025-12-10T10:10:54.515373Z[0m [34mDEBUG[0m [2mhyper::client::pool[0m[2m:[0m reuse idle connection for ("http", 192.168.0.14:8545)
[2m2025-12-10T10:10:54.515388Z[0m [34mDEBUG[0m [2mhyper::proto::h1::io[0m[2m:[0m flushed 172 bytes
[2m2025-12-10T10:10:54.524058Z[0m [34mDEBUG[0m [2mhyper::proto::h1::io[0m[2m:[0m parsed 4 headers
[2m2025-12-10T10:10:54.524069Z[0m [34mDEBUG[0m [2mhyper::proto::h1::conn[0m[2m:[0m incoming body is content-length (680 bytes)
[2m2025-12-10T10:10:54.524078Z[0m [34mDEBUG[0m [2mhyper::proto::h1::conn[0m[2m:[0m incoming body completed
[2m2025-12-10T10:10:54.524087Z[0m [34mDEBUG[0m [2mhyper::client::pool[0m[2m:[0m pooling idle connection for ("http", 192.168.0.14:8545)
[2m2025-12-10T10:10:54.524095Z[0m [34mDEBUG[0m [2methereum_transaction_pool_monitor::eth_client[0m[2m:[0m 📡 Transaction fetch RPC completed in 9.171292ms
[2m2025-12-10T10:10:54.524107Z[0m [34mDEBUG[0m [2methereum_transaction_pool_monitor::eth_client[0m[2m:[0m DeFi transaction detected - Address: 0xdac17f958d2ee523a2206206994597c13d831ec7, Type: Stablecoin, Value: 0 ETH, Gas: 0.27 Gwei
[2m2025-12-10T10:10:54.524119Z[0m [34mDEBUG[0m [2methereum_transaction_pool_monitor::eth_client[0m[2m:[0m ✅ Transaction 0x54575a1273ca542ab486ce3f29a120d02b93c2dc7c0f0849ed7ed3ae2d8ddaa9 fetched and parsed in 9.195542ms
[2m2025-12-10T10:10:54.524125Z[0m [34mDEBUG[0m [2methereum_transaction_pool_monitor::mempool_monitor[0m[2m:[0m 🔍 Skipping tx 0x54575a1273ca542ab486ce3f29a120d02b93c2dc7c0f0849ed7ed3ae2d8ddaa9 - not a DEX interaction (target: 0xdAC17F958D2ee523a2206206994597C13D831ec7)
[2m2025-12-10T10:10:54.524131Z[0m [34mDEBUG[0m [2methereum_transaction_pool_monitor::mempool_monitor[0m[2m:[0m 📨 Processing new pending transaction: 0x46629f1f5fe5ab571f75398841540d52adc33c298f5005575b16768736515d75
[2m2025-12-10T10:10:54.524135Z[0m [34mDEBUG[0m [2methereum_transaction_pool_monitor::mempool_monitor[0m[2m:[0m 🔍 Fetching transaction details for: 0x46629f1f5fe5ab571f75398841540d52adc33c298f5005575b16768736515d75
[2m2025-12-10T10:10:54.524139Z[0m [34mDEBUG[0m [2methereum_transaction_pool_monitor::eth_client[0m[2m:[0m 🔍 Fetching transaction details for hash: 0x46629f1f5fe5ab571f75398841540d52adc33c298f5005575b16768736515d75
[2m2025-12-10T10:10:54.524152Z[0m [34mDEBUG[0m [2mhyper::client::pool[0m[2m:[0m reuse idle connection for ("http", 192.168.0.14:8545)
[2m2025-12-10T10:10:54.524169Z[0m [34mDEBUG[0m [2mhyper::proto::h1::io[0m[2m:[0m flushed 250 bytes
[2m2025-12-10T10:10:54.524176Z[0m [34mDEBUG[0m [2mhyper::proto::h1::io[0m[2m:[0m parsed 4 headers
[2m2025-12-10T10:10:54.524180Z[0m [34mDEBUG[0m [2mhyper::proto::h1::conn[0m[2m:[0m incoming body is content-length (45 bytes)
[2m2025-12-10T10:10:54.524184Z[0m [34mDEBUG[0m [2mhyper::proto::h1::conn[0m[2m:[0m incoming body completed
[2m2025-12-10T10:10:54.524189Z[0m [34mDEBUG[0m [2mhyper::client::pool[0m[2m:[0m pooling idle connection for ("http", 192.168.0.14:8545)
[2m2025-12-10T10:10:54.531213Z[0m [34mDEBUG[0m [2mhyper::proto::h1::io[0m[2m:[0m parsed 4 headers
[2m2025-12-10T10:10:54.531233Z[0m [34mDEBUG[0m [2mhyper::proto::h1::conn[0m[2m:[0m incoming body is content-length (2821 bytes)
[2m2025-12-10T10:10:54.531238Z[0m [34mDEBUG[0m [2mhyper::proto::h1::conn[0m[2m:[0m incoming body completed
[2m2025-12-10T10:10:54.531242Z[0m [34mDEBUG[0m [2mhyper::client::pool[0m[2m:[0m pooling idle connection for ("http", 192.168.0.14:8545)
[2m2025-12-10T10:10:54.531247Z[0m [34mDEBUG[0m [2methereum_transaction_pool_monitor::eth_client[0m[2m:[0m 📡 Transaction fetch RPC completed in 7.103833ms
[2m2025-12-10T10:10:54.602953Z[0m [34mDEBUG[0m [2methereum_transaction_pool_monitor::eth_client[0m[2m:[0m ✅ Transaction 0x46629f1f5fe5ab571f75398841540d52adc33c298f5005575b16768736515d75 fetched and parsed in 78.807875ms
[2m2025-12-10T10:10:54.605006Z[0m [34mDEBUG[0m [2methereum_transaction_pool_monitor::mempool_monitor[0m[2m:[0m 🔍 Skipping tx 0x46629f1f5fe5ab571f75398841540d52adc33c298f5005575b16768736515d75 - not a DEX interaction (target: 0x3ee18B2214AFF97000D974cf647E7C347E8fa585)
[2m2025-12-10T10:10:54.605020Z[0m [34mDEBUG[0m [2methereum_transaction_pool_monitor::mempool_monitor[0m[2m:[0m 📨 Processing new pending transaction: 0x2c0a7838bb2b61cb7906636dd3c44e491f6666489ab4a8f4a9a2cc81574bcdb1
[2m2025-12-10T10:10:54.605029Z[0m [34mDEBUG[0m [2methereum_transaction_pool_monitor::mempool_monitor[0m[2m:[0m 🔍 Fetching transaction details for: 0x2c0a7838bb2b61cb7906636dd3c44e491f6666489ab4a8f4a9a2cc81574bcdb1
[2m2025-12-10T10:10:54.605036Z[0m [34mDEBUG[0m [2methereum_transaction_pool_monitor::eth_client[0m[2m:[0m 🔍 Fetching transaction details for hash: 0x2c0a7838bb2b61cb7906636dd3c44e491f6666489ab4a8f4a9a2cc81574bcdb1
[2m2025-12-10T10:10:54.605058Z[0m [34mDEBUG[0m [2mhyper::client::pool[0m[2m:[0m reuse idle connection for ("http", 192.168.0.14:8545)
[2m2025-12-10T10:10:54.605108Z[0m [34mDEBUG[0m [2mhyper::proto::h1::io[0m[2m:[0m flushed 250 bytes
[2m2025-12-10T10:10:54.605128Z[0m [34mDEBUG[0m [2mhyper::client::pool[0m[2m:[0m reuse idle connection for ("http", 192.168.0.14:8545)
[2m2025-12-10T10:10:54.605132Z[0m [34mDEBUG[0m [2methereum_transaction_pool_monitor::eth_client[0m[2m:[0m 📨 Received WebSocket message: {"jsonrpc":"2.0","method":"eth_subscription","params":{"subscription":"0xbed0a0851463e895960a451075a301a9","result":"0x68991392e7c24244ae74d66aaac53bb4776a7a8ef6bacf2172c18b7956a32aba"}}
[2m2025-12-10T10:10:54.605140Z[0m [34mDEBUG[0m [2mhyper::proto::h1::io[0m[2m:[0m flushed 172 bytes
[2m2025-12-10T10:10:54.605142Z[0m [34mDEBUG[0m [2methereum_transaction_pool_monitor::eth_client[0m[2m:[0m 📨 Received pending transaction: 0x68991392e7c24244ae74d66aaac53bb4776a7a8ef6bacf2172c18b7956a32aba
[2m2025-12-10T10:10:54.612446Z[0m [34mDEBUG[0m [2mhyper::proto::h1::io[0m[2m:[0m parsed 4 headers
[2m2025-12-10T10:10:54.612464Z[0m [34mDEBUG[0m [2mhyper::proto::h1::conn[0m[2m:[0m incoming body is content-length (4991 bytes)
[2m2025-12-10T10:10:54.612476Z[0m [34mDEBUG[0m [2mhyper::proto::h1::conn[0m[2m:[0m incoming body completed
[2m2025-12-10T10:10:54.612490Z[0m [34mDEBUG[0m [2mhyper::client::pool[0m[2m:[0m pooling idle connection for ("http", 192.168.0.14:8545)
[2m2025-12-10T10:10:54.612500Z[0m [34mDEBUG[0m [2methereum_transaction_pool_monitor::eth_client[0m[2m:[0m 📡 Transaction fetch RPC completed in 7.455291ms
[2m2025-12-10T10:10:54.684164Z[0m [34mDEBUG[0m [2methereum_transaction_pool_monitor::eth_client[0m[2m:[0m ✅ Transaction 0x2c0a7838bb2b61cb7906636dd3c44e491f6666489ab4a8f4a9a2cc81574bcdb1 fetched and parsed in 79.117166ms
[2m2025-12-10T10:10:54.684190Z[0m [34mDEBUG[0m [2methereum_transaction_pool_monitor::mempool_monitor[0m[2m:[0m 🔍 Skipping tx 0x2c0a7838bb2b61cb7906636dd3c44e491f6666489ab4a8f4a9a2cc81574bcdb1 - not a DEX interaction (target: 0x618892aE551eB5bB2DE8911057b3714274b5FFe1)
[2m2025-12-10T10:10:54.684200Z[0m [34mDEBUG[0m [2methereum_transaction_pool_monitor::mempool_monitor[0m[2m:[0m 📨 Processing new pending transaction: 0xb5fb063a8e3acc4ff30fae67d527e257d6e42b863096577e95c127dae531d3f4
[2m2025-12-10T10:10:54.684207Z[0m [34mDEBUG[0m [2methereum_transaction_pool_monitor::mempool_monitor[0m[2m:[0m 🔍 Fetching transaction details for: 0xb5fb063a8e3acc4ff30fae67d527e257d6e42b863096577e95c127dae531d3f4
[2m2025-12-10T10:10:54.684213Z[0m [34mDEBUG[0m [2methereum_transaction_pool_monitor::eth_client[0m[2m:[0m 🔍 Fetching transaction details for hash: 0xb5fb063a8e3acc4ff30fae67d527e257d6e42b863096577e95c127dae531d3f4
[2m2025-12-10T10:10:54.684233Z[0m [34mDEBUG[0m [2mhyper::client::pool[0m[2m:[0m reuse idle connection for ("http", 192.168.0.14:8545)
[2m2025-12-10T10:10:54.684272Z[0m [34mDEBUG[0m [2mhyper::proto::h1::io[0m[2m:[0m flushed 250 bytes
[2m2025-12-10T10:10:54.684293Z[0m [34mDEBUG[0m [2methereum_transaction_pool_monitor::eth_client[0m[2m:[0m 📨 Received WebSocket message: {"jsonrpc":"2.0","method":"eth_subscription","params":{"subscription":"0xbed0a0851463e895960a451075a301a9","result":"0xbbe5e1c881a4b53aa5184ee2a9e6282cc7348b9c90fbccd9747bdcc7acfc084b"}}
[2m2025-12-10T10:10:54.684299Z[0m [34mDEBUG[0m [2mhyper::proto::h1::io[0m[2m:[0m parsed 4 headers
[2m2025-12-10T10:10:54.684309Z[0m [34mDEBUG[0m [2mhyper::proto::h1::conn[0m[2m:[0m incoming body is content-length (45 bytes)
[2m2025-12-10T10:10:54.684302Z[0m [34mDEBUG[0m [2methereum_transaction_pool_monitor::eth_client[0m[2m:[0m 📨 Received pending transaction: 0xbbe5e1c881a4b53aa5184ee2a9e6282cc7348b9c90fbccd9747bdcc7acfc084b
[2m2025-12-10T10:10:54.684319Z[0m [34mDEBUG[0m [2mhyper::proto::h1::conn[0m[2m:[0m incoming body completed
[2m2025-12-10T10:10:54.684329Z[0m [34mDEBUG[0m [2mhyper::client::pool[0m[2m:[0m pooling idle connection for ("http", 192.168.0.14:8545)
[2m2025-12-10T10:10:54.688718Z[0m [34mDEBUG[0m [2mhyper::proto::h1::io[0m[2m:[0m parsed 4 headers
[2m2025-12-10T10:10:54.688727Z[0m [34mDEBUG[0m [2mhyper::proto::h1::conn[0m[2m:[0m incoming body is content-length (2304 bytes)
[2m2025-12-10T10:10:54.688734Z[0m [34mDEBUG[0m [2mhyper::proto::h1::conn[0m[2m:[0m incoming body completed
[2m2025-12-10T10:10:54.688744Z[0m [34mDEBUG[0m [2mhyper::client::pool[0m[2m:[0m pooling idle connection for ("http", 192.168.0.14:8545)
[2m2025-12-10T10:10:54.688751Z[0m [34mDEBUG[0m [2methereum_transaction_pool_monitor::eth_client[0m[2m:[0m 📡 Transaction fetch RPC completed in 4.533541ms
[2m2025-12-10T10:10:54.760341Z[0m [34mDEBUG[0m [2methereum_transaction_pool_monitor::eth_client[0m[2m:[0m ✅ Transaction 0xb5fb063a8e3acc4ff30fae67d527e257d6e42b863096577e95c127dae531d3f4 fetched and parsed in 76.121958ms
[2m2025-12-10T10:10:54.760367Z[0m [34mDEBUG[0m [2methereum_transaction_pool_monitor::mempool_monitor[0m[2m:[0m 🔍 Skipping tx 0xb5fb063a8e3acc4ff30fae67d527e257d6e42b863096577e95c127dae531d3f4 - not a DEX interaction (target: 0xe8070a4FE798C0569e20729573DDec558e91a68a)
[2m2025-12-10T10:10:54.760377Z[0m [34mDEBUG[0m [2methereum_transaction_pool_monitor::mempool_monitor[0m[2m:[0m 📨 Processing new pending transaction: 0x67d4742533a958ffeb411c3d0b024a0cd5fc62b035af67ce7c9e2cecfbd41414
[2m2025-12-10T10:10:54.760384Z[0m [34mDEBUG[0m [2methereum_transaction_pool_monitor::mempool_monitor[0m[2m:[0m 🔍 Fetching transaction details for: 0x67d4742533a958ffeb411c3d0b024a0cd5fc62b035af67ce7c9e2cecfbd41414
[2m2025-12-10T10:10:54.760391Z[0m [34mDEBUG[0m [2methereum_transaction_pool_monitor::eth_client[0m[2m:[0m 🔍 Fetching transaction details for hash: 0x67d4742533a958ffeb411c3d0b024a0cd5fc62b035af67ce7c9e2cecfbd41414
[2m2025-12-10T10:10:54.760407Z[0m [34mDEBUG[0m [2mhyper::client::pool[0m[2m:[0m reuse idle connection for ("http", 192.168.0.14:8545)
[2m2025-12-10T10:10:54.760448Z[0m [34mDEBUG[0m [2mhyper::proto::h1::io[0m[2m:[0m flushed 250 bytes
[2m2025-12-10T10:10:54.760475Z[0m [34mDEBUG[0m [2mhyper::client::pool[0m[2m:[0m reuse idle connection for ("http", 192.168.0.14:8545)
[2m2025-12-10T10:10:54.760488Z[0m [34mDEBUG[0m [2mhyper::proto::h1::io[0m[2m:[0m flushed 172 bytes
[2m2025-12-10T10:10:54.764176Z[0m [34mDEBUG[0m [2mhyper::proto::h1::io[0m[2m:[0m parsed 4 headers
[2m2025-12-10T10:10:54.764188Z[0m [34mDEBUG[0m [2mhyper::proto::h1::conn[0m[2m:[0m incoming body is content-length (45 bytes)
[2m2025-12-10T10:10:54.764195Z[0m [34mDEBUG[0m [2mhyper::proto::h1::conn[0m[2m:[0m incoming body completed
[2m2025-12-10T10:10:54.764204Z[0m [34mDEBUG[0m [2mhyper::client::pool[0m[2m:[0m pooling idle connection for ("http", 192.168.0.14:8545)
[2m2025-12-10T10:10:54.766913Z[0m [34mDEBUG[0m [2mhyper::proto::h1::io[0m[2m:[0m parsed 4 headers
[2m2025-12-10T10:10:54.766930Z[0m [34mDEBUG[0m [2mhyper::proto::h1::conn[0m[2m:[0m incoming body is content-length (4297 bytes)
[2m2025-12-10T10:10:54.766946Z[0m [34mDEBUG[0m [2mhyper::proto::h1::conn[0m[2m:[0m incoming body completed
[2m2025-12-10T10:10:54.766960Z[0m [34mDEBUG[0m [2mhyper::client::pool[0m[2m:[0m pooling idle connection for ("http", 192.168.0.14:8545)
[2m2025-12-10T10:10:54.766969Z[0m [34mDEBUG[0m [2methereum_transaction_pool_monitor::eth_client[0m[2m:[0m 📡 Transaction fetch RPC completed in 6.5735ms
[2m2025-12-10T10:10:54.839068Z[0m [34mDEBUG[0m [2methereum_transaction_pool_monitor::eth_client[0m[2m:[0m ✅ Transaction 0x67d4742533a958ffeb411c3d0b024a0cd5fc62b035af67ce7c9e2cecfbd41414 fetched and parsed in 78.670041ms
[2m2025-12-10T10:10:54.839096Z[0m [34mDEBUG[0m [2methereum_transaction_pool_monitor::mempool_monitor[0m[2m:[0m 🔍 Skipping tx 0x67d4742533a958ffeb411c3d0b024a0cd5fc62b035af67ce7c9e2cecfbd41414 - not a DEX interaction (target: 0xA9D1e08C7793af67e9d92fe308d5697FB81d3E43)
[2m2025-12-10T10:10:54.839107Z[0m [34mDEBUG[0m [2methereum_transaction_pool_monitor::mempool_monitor[0m[2m:[0m 📨 Processing new pending transaction: 0xd66de11edf31f14d8ccc74e8d94d969eafd655bcfab3379b63ce1493ae8d6b64
[2m2025-12-10T10:10:54.839122Z[0m [34mDEBUG[0m [2methereum_transaction_pool_monitor::mempool_monitor[0m[2m:[0m 🔍 Fetching transaction details for: 0xd66de11edf31f14d8ccc74e8d94d969eafd655bcfab3379b63ce1493ae8d6b64
[2m2025-12-10T10:10:54.839130Z[0m [34mDEBUG[0m [2methereum_transaction_pool_monitor::eth_client[0m[2m:[0m 🔍 Fetching transaction details for hash: 0xd66de11edf31f14d8ccc74e8d94d969eafd655bcfab3379b63ce1493ae8d6b64
[2m2025-12-10T10:10:54.839150Z[0m [34mDEBUG[0m [2mhyper::client::pool[0m[2m:[0m reuse idle connection for ("http", 192.168.0.14:8545)
[2m2025-12-10T10:10:54.839183Z[0m [34mDEBUG[0m [2mhyper::proto::h1::io[0m[2m:[0m flushed 250 bytes
[2m2025-12-10T10:10:54.839207Z[0m [34mDEBUG[0m [2mhyper::client::pool[0m[2m:[0m reuse idle connection for ("http", 192.168.0.14:8545)
[2m2025-12-10T10:10:54.839215Z[0m [34mDEBUG[0m [2methereum_transaction_pool_monitor::eth_client[0m[2m:[0m 📨 Received WebSocket message: {"jsonrpc":"2.0","method":"eth_subscription","params":{"subscription":"0xbed0a0851463e895960a451075a301a9","result":"0xd2baa9431f1a6a3c6f7e05da64882eff711f10f54b0660ad2e3481bb5e7f8ac1"}}
[2m2025-12-10T10:10:54.839233Z[0m [34mDEBUG[0m [2mhyper::proto::h1::io[0m[2m:[0m flushed 172 bytes
[2m2025-12-10T10:10:54.839246Z[0m [34mDEBUG[0m [2methereum_transaction_pool_monitor::eth_client[0m[2m:[0m 📨 Received pending transaction: 0xd2baa9431f1a6a3c6f7e05da64882eff711f10f54b0660ad2e3481bb5e7f8ac1
[2m2025-12-10T10:10:54.839470Z[0m [34mDEBUG[0m [2methereum_transaction_pool_monitor::eth_client[0m[2m:[0m 📨 Received WebSocket message: {"jsonrpc":"2.0","method":"eth_subscription","params":{"subscription":"0xbed0a0851463e895960a451075a301a9","result":"0xf5c3a21a4d86e20cb7dbdb4470eb98fe61aeb778a7afdb588a253c8dbb50e9e3"}}
[2m2025-12-10T10:10:54.839479Z[0m [34mDEBUG[0m [2methereum_transaction_pool_monitor::eth_client[0m[2m:[0m 📨 Received pending transaction: 0xf5c3a21a4d86e20cb7dbdb4470eb98fe61aeb778a7afdb588a253c8dbb50e9e3
[2m2025-12-10T10:10:54.844964Z[0m [34mDEBUG[0m [2mhyper::proto::h1::io[0m[2m:[0m parsed 4 headers
[2m2025-12-10T10:10:54.844972Z[0m [34mDEBUG[0m [2mhyper::proto::h1::conn[0m[2m:[0m incoming body is content-length (644 bytes)
[2m2025-12-10T10:10:54.844980Z[0m [34mDEBUG[0m [2mhyper::proto::h1::conn[0m[2m:[0m incoming body completed
[2m2025-12-10T10:10:54.844993Z[0m [34mDEBUG[0m [2mhyper::client::pool[0m[2m:[0m pooling idle connection for ("http", 192.168.0.14:8545)
[2m2025-12-10T10:10:54.845002Z[0m [34mDEBUG[0m [2methereum_transaction_pool_monitor::eth_client[0m[2m:[0m 📡 Transaction fetch RPC completed in 5.865917ms
[2m2025-12-10T10:10:54.916424Z[0m [34mDEBUG[0m [2methereum_transaction_pool_monitor::eth_client[0m[2m:[0m ✅ Transaction 0xd66de11edf31f14d8ccc74e8d94d969eafd655bcfab3379b63ce1493ae8d6b64 fetched and parsed in 77.286333ms
[2m2025-12-10T10:10:54.916450Z[0m [34mDEBUG[0m [2methereum_transaction_pool_monitor::mempool_monitor[0m[2m:[0m 🔍 Skipping tx 0xd66de11edf31f14d8ccc74e8d94d969eafd655bcfab3379b63ce1493ae8d6b64 - not a DEX interaction (target: 0xE6F2B1F61488e57ef214289145Ad833deF18294d)
[2m2025-12-10T10:10:54.916464Z[0m [34mDEBUG[0m [2methereum_transaction_pool_monitor::mempool_monitor[0m[2m:[0m 📨 Processing new pending transaction: 0x6c5d54ee7d36f7c398780665ff6b9e48acd2945c425c3aa3b043b5805c2998bb
[2m2025-12-10T10:10:54.916475Z[0m [34mDEBUG[0m [2methereum_transaction_pool_monitor::mempool_monitor[0m[2m:[0m 🔍 Fetching transaction details for: 0x6c5d54ee7d36f7c398780665ff6b9e48acd2945c425c3aa3b043b5805c2998bb
[2m2025-12-10T10:10:54.916483Z[0m [34mDEBUG[0m [2methereum_transaction_pool_monitor::eth_client[0m[2m:[0m 🔍 Fetching transaction details for hash: 0x6c5d54ee7d36f7c398780665ff6b9e48acd2945c425c3aa3b043b5805c2998bb
[2m2025-12-10T10:10:54.916500Z[0m [34mDEBUG[0m [2mhyper::client::pool[0m[2m:[0m reuse idle connection for ("http", 192.168.0.14:8545)
[2m2025-12-10T10:10:54.916528Z[0m [34mDEBUG[0m [2mhyper::proto::h1::io[0m[2m:[0m flushed 250 bytes
[2m2025-12-10T10:10:54.916547Z[0m [34mDEBUG[0m [2methereum_transaction_pool_monitor::eth_client[0m[2m:[0m 📨 Received WebSocket message: {"jsonrpc":"2.0","method":"eth_subscription","params":{"subscription":"0xbed0a0851463e895960a451075a301a9","result":"0x9c10c0be585e4c0c40140031c8b5e64d1e715e9683e0296a0ab6733d72a92dc3"}}
[2m2025-12-10T10:10:54.916553Z[0m [34mDEBUG[0m [2mhyper::proto::h1::io[0m[2m:[0m parsed 4 headers
[2m2025-12-10T10:10:54.916563Z[0m [34mDEBUG[0m [2mhyper::proto::h1::conn[0m[2m:[0m incoming body is content-length (45 bytes)
[2m2025-12-10T10:10:54.916556Z[0m [34mDEBUG[0m [2methereum_transaction_pool_monitor::eth_client[0m[2m:[0m 📨 Received pending transaction: 0x9c10c0be585e4c0c40140031c8b5e64d1e715e9683e0296a0ab6733d72a92dc3
[2m2025-12-10T10:10:54.916574Z[0m [34mDEBUG[0m [2mhyper::proto::h1::conn[0m[2m:[0m incoming body completed
[2m2025-12-10T10:10:54.916589Z[0m [34mDEBUG[0m [2mhyper::client::pool[0m[2m:[0m pooling idle connection for ("http", 192.168.0.14:8545)
[2m2025-12-10T10:10:54.916604Z[0m [34mDEBUG[0m [2mhyper::client::pool[0m[2m:[0m reuse idle connection for ("http", 192.168.0.14:8545)
[2m2025-12-10T10:10:54.916619Z[0m [34mDEBUG[0m [2mhyper::proto::h1::io[0m[2m:[0m flushed 172 bytes
[2m2025-12-10T10:10:54.918537Z[0m [34mDEBUG[0m [2methereum_transaction_pool_monitor::eth_client[0m[2m:[0m 📨 Received WebSocket message: {"jsonrpc":"2.0","method":"eth_subscription","params":{"subscription":"0xbed0a0851463e895960a451075a301a9","result":"0x21503afc9590412ff52158ddd27621c33134cba34389c0b8d4aa0961e7a93101"}}
[2m2025-12-10T10:10:54.918544Z[0m [34mDEBUG[0m [2methereum_transaction_pool_monitor::eth_client[0m[2m:[0m 📨 Received pending transaction: 0x21503afc9590412ff52158ddd27621c33134cba34389c0b8d4aa0961e7a93101
[2m2025-12-10T10:10:54.921733Z[0m [34mDEBUG[0m [2mhyper::proto::h1::io[0m[2m:[0m parsed 4 headers
[2m2025-12-10T10:10:54.921738Z[0m [34mDEBUG[0m [2mhyper::proto::h1::conn[0m[2m:[0m incoming body is content-length (45 bytes)
[2m2025-12-10T10:10:54.921743Z[0m [34mDEBUG[0m [2mhyper::proto::h1::conn[0m[2m:[0m incoming body completed
[2m2025-12-10T10:10:54.921751Z[0m [34mDEBUG[0m [2mhyper::client::pool[0m[2m:[0m pooling idle connection for ("http", 192.168.0.14:8545)
[2m2025-12-10T10:10:54.923816Z[0m [34mDEBUG[0m [2mhyper::proto::h1::io[0m[2m:[0m parsed 4 headers
[2m2025-12-10T10:10:54.923824Z[0m [34mDEBUG[0m [2mhyper::proto::h1::conn[0m[2m:[0m incoming body is content-length (1731 bytes)
[2m2025-12-10T10:10:54.923829Z[0m [34mDEBUG[0m [2mhyper::proto::h1::conn[0m[2m:[0m incoming body completed
[2m2025-12-10T10:10:54.923834Z[0m [34mDEBUG[0m [2mhyper::client::pool[0m[2m:[0m pooling idle connection for ("http", 192.168.0.14:8545)
[2m2025-12-10T10:10:54.923839Z[0m [34mDEBUG[0m [2methereum_transaction_pool_monitor::eth_client[0m[2m:[0m 📡 Transaction fetch RPC completed in 7.351666ms
[2m2025-12-10T10:10:54.996165Z[0m [34mDEBUG[0m [2methereum_transaction_pool_monitor::eth_client[0m[2m:[0m ✅ Transaction 0x6c5d54ee7d36f7c398780665ff6b9e48acd2945c425c3aa3b043b5805c2998bb fetched and parsed in 79.675791ms
[2m2025-12-10T10:10:54.996189Z[0m [34mDEBUG[0m [2methereum_transaction_pool_monitor::mempool_monitor[0m[2m:[0m 🔍 Skipping tx 0x6c5d54ee7d36f7c398780665ff6b9e48acd2945c425c3aa3b043b5805c2998bb - not a DEX interaction (target: 0x601a2aD6CB5949f0529735254189Ba3194221EDF)
[2m2025-12-10T10:10:54.996199Z[0m [34mDEBUG[0m [2methereum_transaction_pool_monitor::mempool_monitor[0m[2m:[0m 📨 Processing new pending transaction: 0xa0f4ff628fe29bf9acbc8192cb706124b5f2262be6e13f92ee254982c06e6243
[2m2025-12-10T10:10:54.996206Z[0m [34mDEBUG[0m [2methereum_transaction_pool_monitor::mempool_monitor[0m[2m:[0m 🔍 Fetching transaction details for: 0xa0f4ff628fe29bf9acbc8192cb706124b5f2262be6e13f92ee254982c06e6243
[2m2025-12-10T10:10:54.996212Z[0m [34mDEBUG[0m [2methereum_transaction_pool_monitor::eth_client[0m[2m:[0m 🔍 Fetching transaction details for hash: 0xa0f4ff628fe29bf9acbc8192cb706124b5f2262be6e13f92ee254982c06e6243
[2m2025-12-10T10:10:54.996230Z[0m [34mDEBUG[0m [2mhyper::client::pool[0m[2m:[0m reuse idle connection for ("http", 192.168.0.14:8545)
[2m2025-12-10T10:10:54.996268Z[0m [34mDEBUG[0m [2mhyper::proto::h1::io[0m[2m:[0m flushed 250 bytes
[2m2025-12-10T10:10:54.996285Z[0m [34mDEBUG[0m [2methereum_transaction_pool_monitor::eth_client[0m[2m:[0m 📨 Received WebSocket message: {"jsonrpc":"2.0","method":"eth_subscription","params":{"subscription":"0xbed0a0851463e895960a451075a301a9","result":"0x8a32dcbd9f0ba214d47a3a1f814f00d4769a87d546afa42e7c2101f074e28e8d"}}
[2m2025-12-10T10:10:54.996294Z[0m [34mDEBUG[0m [2methereum_transaction_pool_monitor::eth_client[0m[2m:[0m 📨 Received pending transaction: 0x8a32dcbd9f0ba214d47a3a1f814f00d4769a87d546afa42e7c2101f074e28e8d
[2m2025-12-10T10:10:54.996303Z[0m [34mDEBUG[0m [2methereum_transaction_pool_monitor::eth_client[0m[2m:[0m 📨 Received WebSocket message: {"jsonrpc":"2.0","method":"eth_subscription","params":{"subscription":"0xbed0a0851463e895960a451075a301a9","result":"0xc9ca6c6ab9e4454a2f7ea9c7fb100b9ac3135edf912f2fddba41985320881659"}}
[2m2025-12-10T10:10:54.996310Z[0m [34mDEBUG[0m [2methereum_transaction_pool_monitor::eth_client[0m[2m:[0m 📨 Received pending transaction: 0xc9ca6c6ab9e4454a2f7ea9c7fb100b9ac3135edf912f2fddba41985320881659
[2m2025-12-10T10:10:54.997601Z[0m [34mDEBUG[0m [2mhyper::client::pool[0m[2m:[0m reuse idle connection for ("http", 192.168.0.14:8545)
[2m2025-12-10T10:10:54.997633Z[0m [34mDEBUG[0m [2mhyper::proto::h1::io[0m[2m:[0m flushed 172 bytes
[2m2025-12-10T10:10:55.001252Z[0m [34mDEBUG[0m [2mhyper::proto::h1::io[0m[2m:[0m parsed 4 headers
[2m2025-12-10T10:10:55.001257Z[0m [34mDEBUG[0m [2mhyper::proto::h1::conn[0m[2m:[0m incoming body is content-length (45 bytes)
[2m2025-12-10T10:10:55.001265Z[0m [34mDEBUG[0m [2mhyper::proto::h1::conn[0m[2m:[0m incoming body completed
[2m2025-12-10T10:10:55.001273Z[0m [34mDEBUG[0m [2mhyper::client::pool[0m[2m:[0m pooling idle connection for ("http", 192.168.0.14:8545)
[2m2025-12-10T10:10:55.005793Z[0m [34mDEBUG[0m [2mhyper::proto::h1::io[0m[2m:[0m parsed 4 headers
[2m2025-12-10T10:10:55.005799Z[0m [34mDEBUG[0m [2mhyper::proto::h1::conn[0m[2m:[0m incoming body is content-length (770 bytes)
[2m2025-12-10T10:10:55.005805Z[0m [34mDEBUG[0m [2mhyper::proto::h1::conn[0m[2m:[0m incoming body completed
[2m2025-12-10T10:10:55.005812Z[0m [34mDEBUG[0m [2mhyper::client::pool[0m[2m:[0m pooling idle connection for ("http", 192.168.0.14:8545)
[2m2025-12-10T10:10:55.005817Z[0m [34mDEBUG[0m [2methereum_transaction_pool_monitor::eth_client[0m[2m:[0m 📡 Transaction fetch RPC completed in 9.600458ms
[2m2025-12-10T10:10:55.005829Z[0m [34mDEBUG[0m [2methereum_transaction_pool_monitor::eth_client[0m[2m:[0m DeFi transaction detected - Address: 0xdac17f958d2ee523a2206206994597c13d831ec7, Type: Stablecoin, Value: 0 ETH, Gas: 0.29 Gwei
[2m2025-12-10T10:10:55.005839Z[0m [34mDEBUG[0m [2methereum_transaction_pool_monitor::eth_client[0m[2m:[0m ✅ Transaction 0xa0f4ff628fe29bf9acbc8192cb706124b5f2262be6e13f92ee254982c06e6243 fetched and parsed in 9.622792ms
[2m2025-12-10T10:10:55.005845Z[0m [34mDEBUG[0m [2methereum_transaction_pool_monitor::mempool_monitor[0m[2m:[0m 🔍 Skipping tx 0xa0f4ff628fe29bf9acbc8192cb706124b5f2262be6e13f92ee254982c06e6243 - not a DEX interaction (target: 0xdAC17F958D2ee523a2206206994597C13D831ec7)
[2m2025-12-10T10:10:55.005851Z[0m [34mDEBUG[0m [2methereum_transaction_pool_monitor::mempool_monitor[0m[2m:[0m 📨 Processing new pending transaction: 0xf20390e2b5b4bf026e1c0e9f06bf242e97e0a36797b9a0ce6f869c9bf84100ba
[2m2025-12-10T10:10:55.005855Z[0m [34mDEBUG[0m [2methereum_transaction_pool_monitor::mempool_monitor[0m[2m:[0m 🔍 Fetching transaction details for: 0xf20390e2b5b4bf026e1c0e9f06bf242e97e0a36797b9a0ce6f869c9bf84100ba
[2m2025-12-10T10:10:55.005858Z[0m [34mDEBUG[0m [2methereum_transaction_pool_monitor::eth_client[0m[2m:[0m 🔍 Fetching transaction details for hash: 0xf20390e2b5b4bf026e1c0e9f06bf242e97e0a36797b9a0ce6f869c9bf84100ba
[2m2025-12-10T10:10:55.005867Z[0m [34mDEBUG[0m [2mhyper::client::pool[0m[2m:[0m reuse idle connection for ("http", 192.168.0.14:8545)
[2m2025-12-10T10:10:55.005883Z[0m [34mDEBUG[0m [2mhyper::proto::h1::io[0m[2m:[0m flushed 250 bytes
[2m2025-12-10T10:10:55.010266Z[0m [34mDEBUG[0m [2mhyper::proto::h1::io[0m[2m:[0m parsed 4 headers
[2m2025-12-10T10:10:55.010279Z[0m [34mDEBUG[0m [2mhyper::proto::h1::conn[0m[2m:[0m incoming body is content-length (3779 bytes)
[2m2025-12-10T10:10:55.010299Z[0m [34mDEBUG[0m [2methereum_transaction_pool_monitor::eth_client[0m[2m:[0m 📡 Transaction fetch RPC completed in 4.436333ms
[2m2025-12-10T10:10:55.010961Z[0m [34mDEBUG[0m [2mhyper::proto::h1::conn[0m[2m:[0m incoming body completed
[2m2025-12-10T10:10:55.010967Z[0m [34mDEBUG[0m [2mhyper::client::pool[0m[2m:[0m pooling idle connection for ("http", 192.168.0.14:8545)
[2m2025-12-10T10:10:55.060782Z[0m [34mDEBUG[0m [2methereum_transaction_pool_monitor::eth_client[0m[2m:[0m 📨 Received WebSocket message: {"jsonrpc":"2.0","method":"eth_subscription","params":{"subscription":"0xbed0a0851463e895960a451075a301a9","result":"0x60ef78d0db43244e060921afa08088f7a0cd2320ae0fa6b4249627b26aa2caf1"}}
[2m2025-12-10T10:10:55.060811Z[0m [34mDEBUG[0m [2methereum_transaction_pool_monitor::eth_client[0m[2m:[0m 📨 Received pending transaction: 0x60ef78d0db43244e060921afa08088f7a0cd2320ae0fa6b4249627b26aa2caf1
[2m2025-12-10T10:10:55.081782Z[0m [34mDEBUG[0m [2methereum_transaction_pool_monitor::eth_client[0m[2m:[0m ✅ Transaction 0xf20390e2b5b4bf026e1c0e9f06bf242e97e0a36797b9a0ce6f869c9bf84100ba fetched and parsed in 75.917958ms
[2m2025-12-10T10:10:55.081804Z[0m [34mDEBUG[0m [2methereum_transaction_pool_monitor::mempool_monitor[0m[2m:[0m 🔍 Skipping tx 0xf20390e2b5b4bf026e1c0e9f06bf242e97e0a36797b9a0ce6f869c9bf84100ba - not a DEX interaction (target: 0x656cB8C6d154Aad29d8771384089be5B5141f01a)
[2m2025-12-10T10:10:55.081815Z[0m [34mDEBUG[0m [2methereum_transaction_pool_monitor::mempool_monitor[0m[2m:[0m 📨 Processing new pending transaction: 0xd1c5bb47c25f183bd9e907d7ad7eed1b25ca6f94d538be00b13b4ef98707328f
[2m2025-12-10T10:10:55.081821Z[0m [34mDEBUG[0m [2methereum_transaction_pool_monitor::mempool_monitor[0m[2m:[0m 🔍 Fetching transaction details for: 0xd1c5bb47c25f183bd9e907d7ad7eed1b25ca6f94d538be00b13b4ef98707328f
[2m2025-12-10T10:10:55.081826Z[0m [34mDEBUG[0m [2methereum_transaction_pool_monitor::eth_client[0m[2m:[0m 🔍 Fetching transaction details for hash: 0xd1c5bb47c25f183bd9e907d7ad7eed1b25ca6f94d538be00b13b4ef98707328f
[2m2025-12-10T10:10:55.081844Z[0m [34mDEBUG[0m [2mhyper::client::pool[0m[2m:[0m reuse idle connection for ("http", 192.168.0.14:8545)
[2m2025-12-10T10:10:55.081886Z[0m [34mDEBUG[0m [2mhyper::proto::h1::io[0m[2m:[0m flushed 250 bytes
[2m2025-12-10T10:10:55.090058Z[0m [34mDEBUG[0m [2mhyper::proto::h1::io[0m[2m:[0m parsed 4 headers
[2m2025-12-10T10:10:55.090065Z[0m [34mDEBUG[0m [2mhyper::proto::h1::conn[0m[2m:[0m incoming body is content-length (1731 bytes)
[2m2025-12-10T10:10:55.090079Z[0m [34mDEBUG[0m [2methereum_transaction_pool_monitor::eth_client[0m[2m:[0m 📡 Transaction fetch RPC completed in 8.247625ms
[2m2025-12-10T10:10:55.091928Z[0m [34mDEBUG[0m [2mhyper::proto::h1::conn[0m[2m:[0m incoming body completed
[2m2025-12-10T10:10:55.091938Z[0m [34mDEBUG[0m [2mhyper::client::pool[0m[2m:[0m pooling idle connection for ("http", 192.168.0.14:8545)
[2m2025-12-10T10:10:55.098220Z[0m [34mDEBUG[0m [2mhyper::client::pool[0m[2m:[0m reuse idle connection for ("http", 192.168.0.14:8545)
[2m2025-12-10T10:10:55.098254Z[0m [34mDEBUG[0m [2mhyper::proto::h1::io[0m[2m:[0m flushed 172 bytes
[2m2025-12-10T10:10:55.101144Z[0m [34mDEBUG[0m [2mhyper::proto::h1::io[0m[2m:[0m parsed 4 headers
[2m2025-12-10T10:10:55.101152Z[0m [34mDEBUG[0m [2mhyper::proto::h1::conn[0m[2m:[0m incoming body is content-length (45 bytes)
[2m2025-12-10T10:10:55.101159Z[0m [34mDEBUG[0m [2mhyper::proto::h1::conn[0m[2m:[0m incoming body completed
[2m2025-12-10T10:10:55.101166Z[0m [34mDEBUG[0m [2mhyper::client::pool[0m[2m:[0m pooling idle connection for ("http", 192.168.0.14:8545)
[2m2025-12-10T10:10:55.161118Z[0m [34mDEBUG[0m [2methereum_transaction_pool_monitor::eth_client[0m[2m:[0m ✅ Transaction 0xd1c5bb47c25f183bd9e907d7ad7eed1b25ca6f94d538be00b13b4ef98707328f fetched and parsed in 79.284ms
[2m2025-12-10T10:10:55.161138Z[0m [34mDEBUG[0m [2methereum_transaction_pool_monitor::mempool_monitor[0m[2m:[0m 🔍 Skipping tx 0xd1c5bb47c25f183bd9e907d7ad7eed1b25ca6f94d538be00b13b4ef98707328f - not a DEX interaction (target: 0x601a2aD6CB5949f0529735254189Ba3194221EDF)
[2m2025-12-10T10:10:55.161148Z[0m [34mDEBUG[0m [2methereum_transaction_pool_monitor::mempool_monitor[0m[2m:[0m 📨 Processing new pending transaction: 0xbe7fd9cd2c337c7094f78b368dd5bebacdda8561f3d6696ddac7ee359388b410
[2m2025-12-10T10:10:55.161153Z[0m [34mDEBUG[0m [2methereum_transaction_pool_monitor::mempool_monitor[0m[2m:[0m 🔍 Fetching transaction details for: 0xbe7fd9cd2c337c7094f78b368dd5bebacdda8561f3d6696ddac7ee359388b410
[2m2025-12-10T10:10:55.161414Z[0m [34mDEBUG[0m [2methereum_transaction_pool_monitor::eth_client[0m[2m:[0m 🔍 Fetching transaction details for hash: 0xbe7fd9cd2c337c7094f78b368dd5bebacdda8561f3d6696ddac7ee359388b410
[2m2025-12-10T10:10:55.161434Z[0m [34mDEBUG[0m [2mhyper::client::pool[0m[2m:[0m reuse idle connection for ("http", 192.168.0.14:8545)
[2m2025-12-10T10:10:55.161477Z[0m [34mDEBUG[0m [2mhyper::proto::h1::io[0m[2m:[0m flushed 250 bytes
[2m2025-12-10T10:10:55.167147Z[0m [34mDEBUG[0m [2mhyper::proto::h1::io[0m[2m:[0m parsed 4 headers
[2m2025-12-10T10:10:55.167159Z[0m [34mDEBUG[0m [2mhyper::proto::h1::conn[0m[2m:[0m incoming body is content-length (679 bytes)
[2m2025-12-10T10:10:55.167166Z[0m [34mDEBUG[0m [2mhyper::proto::h1::conn[0m[2m:[0m incoming body completed
[2m2025-12-10T10:10:55.167175Z[0m [34mDEBUG[0m [2mhyper::client::pool[0m[2m:[0m pooling idle connection for ("http", 192.168.0.14:8545)
[2m2025-12-10T10:10:55.167182Z[0m [34mDEBUG[0m [2methereum_transaction_pool_monitor::eth_client[0m[2m:[0m 📡 Transaction fetch RPC completed in 5.760917ms
[2m2025-12-10T10:10:55.236800Z[0m [34mDEBUG[0m [2methereum_transaction_pool_monitor::eth_client[0m[2m:[0m ✅ Transaction 0xbe7fd9cd2c337c7094f78b368dd5bebacdda8561f3d6696ddac7ee359388b410 fetched and parsed in 75.376875ms
[2m2025-12-10T10:10:55.236821Z[0m [34mDEBUG[0m [2methereum_transaction_pool_monitor::mempool_monitor[0m[2m:[0m 🔍 Skipping tx 0xbe7fd9cd2c337c7094f78b368dd5bebacdda8561f3d6696ddac7ee359388b410 - not a DEX interaction (target: 0xA0b86991c6218b36c1d19D4a2e9Eb0cE3606eB48)
[2m2025-12-10T10:10:55.236830Z[0m [34mDEBUG[0m [2methereum_transaction_pool_monitor::mempool_monitor[0m[2m:[0m 📨 Processing new pending transaction: 0x97fbb9f31cc26b639c0785103cf9a496d7b6cc7efd29f3dde6db0b36eefa5f35
[2m2025-12-10T10:10:55.236835Z[0m [34mDEBUG[0m [2methereum_transaction_pool_monitor::mempool_monitor[0m[2m:[0m 🔍 Fetching transaction details for: 0x97fbb9f31cc26b639c0785103cf9a496d7b6cc7efd29f3dde6db0b36eefa5f35
[2m2025-12-10T10:10:55.236840Z[0m [34mDEBUG[0m [2methereum_transaction_pool_monitor::eth_client[0m[2m:[0m 🔍 Fetching transaction details for hash: 0x97fbb9f31cc26b639c0785103cf9a496d7b6cc7efd29f3dde6db0b36eefa5f35
[2m2025-12-10T10:10:55.236857Z[0m [34mDEBUG[0m [2mhyper::client::pool[0m[2m:[0m reuse idle connection for ("http", 192.168.0.14:8545)
[2m2025-12-10T10:10:55.236891Z[0m [34mDEBUG[0m [2mhyper::proto::h1::io[0m[2m:[0m flushed 250 bytes
[2m2025-12-10T10:10:55.236909Z[0m [34mDEBUG[0m [2mhyper::client::pool[0m[2m:[0m reuse idle connection for ("http", 192.168.0.14:8545)
[2m2025-12-10T10:10:55.236921Z[0m [34mDEBUG[0m [2methereum_transaction_pool_monitor::eth_client[0m[2m:[0m 📨 Received WebSocket message: {"jsonrpc":"2.0","method":"eth_subscription","params":{"subscription":"0xbed0a0851463e895960a451075a301a9","result":"0x5a5901a5e6619f9d6a1d8fe1fcd75471e8623919faf9e142b025d1baf54fcd27"}}
[2m2025-12-10T10:10:55.236925Z[0m [34mDEBUG[0m [2mhyper::proto::h1::io[0m[2m:[0m flushed 172 bytes
[2m2025-12-10T10:10:55.236932Z[0m [34mDEBUG[0m [2methereum_transaction_pool_monitor::eth_client[0m[2m:[0m 📨 Received pending transaction: 0x5a5901a5e6619f9d6a1d8fe1fcd75471e8623919faf9e142b025d1baf54fcd27
[2m2025-12-10T10:10:55.241409Z[0m [34mDEBUG[0m [2mhyper::proto::h1::io[0m[2m:[0m parsed 4 headers
[2m2025-12-10T10:10:55.241417Z[0m [34mDEBUG[0m [2mhyper::proto::h1::conn[0m[2m:[0m incoming body is content-length (45 bytes)
[2m2025-12-10T10:10:55.241425Z[0m [34mDEBUG[0m [2mhyper::proto::h1::conn[0m[2m:[0m incoming body completed
[2m2025-12-10T10:10:55.241436Z[0m [34mDEBUG[0m [2mhyper::client::pool[0m[2m:[0m pooling idle connection for ("http", 192.168.0.14:8545)
[2m2025-12-10T10:10:55.241455Z[0m [34mDEBUG[0m [2mhyper::proto::h1::io[0m[2m:[0m parsed 4 headers
[2m2025-12-10T10:10:55.241459Z[0m [34mDEBUG[0m [2mhyper::proto::h1::conn[0m[2m:[0m incoming body is content-length (552 bytes)
[2m2025-12-10T10:10:55.241463Z[0m [34mDEBUG[0m [2mhyper::proto::h1::conn[0m[2m:[0m incoming body completed
[2m2025-12-10T10:10:55.241481Z[0m [34mDEBUG[0m [2mhyper::client::pool[0m[2m:[0m pooling idle connection for ("http", 192.168.0.14:8545)
[2m2025-12-10T10:10:55.241485Z[0m [34mDEBUG[0m [2methereum_transaction_pool_monitor::eth_client[0m[2m:[0m 📡 Transaction fetch RPC completed in 4.641209ms
[2m2025-12-10T10:10:55.309578Z[0m [34mDEBUG[0m [2methereum_transaction_pool_monitor::eth_client[0m[2m:[0m ✅ Transaction 0x97fbb9f31cc26b639c0785103cf9a496d7b6cc7efd29f3dde6db0b36eefa5f35 fetched and parsed in 72.731959ms
[2m2025-12-10T10:10:55.309604Z[0m [34mDEBUG[0m [2methereum_transaction_pool_monitor::mempool_monitor[0m[2m:[0m 🔍 Skipping tx 0x97fbb9f31cc26b639c0785103cf9a496d7b6cc7efd29f3dde6db0b36eefa5f35 - not a DEX interaction (target: 0xCEfC6c684E5c9d2a5E7d6BdAa273bb2211963258)
[2m2025-12-10T10:10:55.309612Z[0m [34mDEBUG[0m [2methereum_transaction_pool_monitor::mempool_monitor[0m[2m:[0m 📨 Processing new pending transaction: 0x1ea27612af777b991b97e9f153a63e900912409a2e2b1e9020f05c5c14ae9b38
[2m2025-12-10T10:10:55.309617Z[0m [34mDEBUG[0m [2methereum_transaction_pool_monitor::mempool_monitor[0m[2m:[0m 🔍 Fetching transaction details for: 0x1ea27612af777b991b97e9f153a63e900912409a2e2b1e9020f05c5c14ae9b38
[2m2025-12-10T10:10:55.309622Z[0m [34mDEBUG[0m [2methereum_transaction_pool_monitor::eth_client[0m[2m:[0m 🔍 Fetching transaction details for hash: 0x1ea27612af777b991b97e9f153a63e900912409a2e2b1e9020f05c5c14ae9b38
[2m2025-12-10T10:10:55.309639Z[0m [34mDEBUG[0m [2mhyper::client::pool[0m[2m:[0m reuse idle connection for ("http", 192.168.0.14:8545)
[2m2025-12-10T10:10:55.309686Z[0m [34mDEBUG[0m [2mhyper::proto::h1::io[0m[2m:[0m flushed 250 bytes
[2m2025-12-10T10:10:55.309703Z[0m [34mDEBUG[0m [2mhyper::client::pool[0m[2m:[0m reuse idle connection for ("http", 192.168.0.14:8545)
[2m2025-12-10T10:10:55.309717Z[0m [34mDEBUG[0m [2mhyper::proto::h1::io[0m[2m:[0m flushed 172 bytes
[2m2025-12-10T10:10:55.309717Z[0m [34mDEBUG[0m [2methereum_transaction_pool_monitor::eth_client[0m[2m:[0m 📨 Received WebSocket message: {"jsonrpc":"2.0","method":"eth_subscription","params":{"subscription":"0xbed0a0851463e895960a451075a301a9","result":"0x93ce58cb9322f7d3de75acfc359838c76b2ce0282b1839214473d07af757cc40"}}
[2m2025-12-10T10:10:55.309733Z[0m [34mDEBUG[0m [2methereum_transaction_pool_monitor::eth_client[0m[2m:[0m 📨 Received pending transaction: 0x93ce58cb9322f7d3de75acfc359838c76b2ce0282b1839214473d07af757cc40
[2m2025-12-10T10:10:55.313365Z[0m [34mDEBUG[0m [2mhyper::proto::h1::io[0m[2m:[0m parsed 4 headers
[2m2025-12-10T10:10:55.313373Z[0m [34mDEBUG[0m [2mhyper::proto::h1::conn[0m[2m:[0m incoming body is content-length (45 bytes)
[2m2025-12-10T10:10:55.313380Z[0m [34mDEBUG[0m [2mhyper::proto::h1::conn[0m[2m:[0m incoming body completed
[2m2025-12-10T10:10:55.313388Z[0m [34mDEBUG[0m [2mhyper::client::pool[0m[2m:[0m pooling idle connection for ("http", 192.168.0.14:8545)
[2m2025-12-10T10:10:55.319246Z[0m [34mDEBUG[0m [2mhyper::proto::h1::io[0m[2m:[0m parsed 4 headers
[2m2025-12-10T10:10:55.319269Z[0m [34mDEBUG[0m [2mhyper::proto::h1::conn[0m[2m:[0m incoming body is content-length (773 bytes)
[2m2025-12-10T10:10:55.319289Z[0m [34mDEBUG[0m [2mhyper::proto::h1::conn[0m[2m:[0m incoming body completed
[2m2025-12-10T10:10:55.319295Z[0m [34mDEBUG[0m [2mhyper::client::pool[0m[2m:[0m pooling idle connection for ("http", 192.168.0.14:8545)
[2m2025-12-10T10:10:55.319300Z[0m [34mDEBUG[0m [2methereum_transaction_pool_monitor::eth_client[0m[2m:[0m 📡 Transaction fetch RPC completed in 9.674458ms
[2m2025-12-10T10:10:55.389553Z[0m [34mDEBUG[0m [2methereum_transaction_pool_monitor::eth_client[0m[2m:[0m ✅ Transaction 0x1ea27612af777b991b97e9f153a63e900912409a2e2b1e9020f05c5c14ae9b38 fetched and parsed in 79.924125ms
[2m2025-12-10T10:10:55.389583Z[0m [34mDEBUG[0m [2methereum_transaction_pool_monitor::mempool_monitor[0m[2m:[0m 🔍 Skipping tx 0x1ea27612af777b991b97e9f153a63e900912409a2e2b1e9020f05c5c14ae9b38 - not a DEX interaction (target: 0xA0b86991c6218b36c1d19D4a2e9Eb0cE3606eB48)
[2m2025-12-10T10:10:55.389596Z[0m [34mDEBUG[0m [2methereum_transaction_pool_monitor::mempool_monitor[0m[2m:[0m 📨 Processing new pending transaction: 0xfdce0d1253ab94fe32062cfd5a8a2f37f6d395b1df72a1e0b41cf500d34fefa3
[2m2025-12-10T10:10:55.389609Z[0m [34mDEBUG[0m [2methereum_transaction_pool_monitor::mempool_monitor[0m[2m:[0m 🔍 Fetching transaction details for: 0xfdce0d1253ab94fe32062cfd5a8a2f37f6d395b1df72a1e0b41cf500d34fefa3
[2m2025-12-10T10:10:55.389617Z[0m [34mDEBUG[0m [2methereum_transaction_pool_monitor::eth_client[0m[2m:[0m 🔍 Fetching transaction details for hash: 0xfdce0d1253ab94fe32062cfd5a8a2f37f6d395b1df72a1e0b41cf500d34fefa3
[2m2025-12-10T10:10:55.389638Z[0m [34mDEBUG[0m [2mhyper::client::pool[0m[2m:[0m reuse idle connection for ("http", 192.168.0.14:8545)
[2m2025-12-10T10:10:55.389675Z[0m [34mDEBUG[0m [2mhyper::proto::h1::io[0m[2m:[0m flushed 250 bytes
[2m2025-12-10T10:10:55.389706Z[0m [34mDEBUG[0m [2methereum_transaction_pool_monitor::eth_client[0m[2m:[0m 📨 Received WebSocket message: {"jsonrpc":"2.0","method":"eth_subscription","params":{"subscription":"0xbed0a0851463e895960a451075a301a9","result":"0xe5bdfc6ade8236c8c2fddc79abbbdf102660e4154930156759c8126230a61e4f"}}
[2m2025-12-10T10:10:55.389720Z[0m [34mDEBUG[0m [2methereum_transaction_pool_monitor::eth_client[0m[2m:[0m 📨 Received pending transaction: 0xe5bdfc6ade8236c8c2fddc79abbbdf102660e4154930156759c8126230a61e4f
[2m2025-12-10T10:10:55.395414Z[0m [34mDEBUG[0m [2mhyper::proto::h1::io[0m[2m:[0m parsed 4 headers
[2m2025-12-10T10:10:55.395441Z[0m [34mDEBUG[0m [2mhyper::proto::h1::conn[0m[2m:[0m incoming body is content-length (6793 bytes)
[2m2025-12-10T10:10:55.395477Z[0m [34mDEBUG[0m [2methereum_transaction_pool_monitor::eth_client[0m[2m:[0m 📡 Transaction fetch RPC completed in 5.853875ms
[2m2025-12-10T10:10:55.396267Z[0m [34mDEBUG[0m [2mhyper::proto::h1::conn[0m[2m:[0m incoming body completed
[2m2025-12-10T10:10:55.396283Z[0m [34mDEBUG[0m [2mhyper::client::pool[0m[2m:[0m pooling idle connection for ("http", 192.168.0.14:8545)
[2m2025-12-10T10:10:55.397566Z[0m [34mDEBUG[0m [2mhyper::client::pool[0m[2m:[0m reuse idle connection for ("http", 192.168.0.14:8545)
[2m2025-12-10T10:10:55.397585Z[0m [34mDEBUG[0m [2mhyper::proto::h1::io[0m[2m:[0m flushed 172 bytes
[2m2025-12-10T10:10:55.404753Z[0m [34mDEBUG[0m [2mhyper::proto::h1::io[0m[2m:[0m parsed 4 headers
[2m2025-12-10T10:10:55.404761Z[0m [34mDEBUG[0m [2mhyper::proto::h1::conn[0m[2m:[0m incoming body is content-length (45 bytes)
[2m2025-12-10T10:10:55.404767Z[0m [34mDEBUG[0m [2mhyper::proto::h1::conn[0m[2m:[0m incoming body completed
[2m2025-12-10T10:10:55.404773Z[0m [34mDEBUG[0m [2mhyper::client::pool[0m[2m:[0m pooling idle connection for ("http", 192.168.0.14:8545)
[2m2025-12-10T10:10:55.410439Z[0m [34mDEBUG[0m [2methereum_transaction_pool_monitor::eth_client[0m[2m:[0m 📨 Received WebSocket message: {"jsonrpc":"2.0","method":"eth_subscription","params":{"subscription":"0xbed0a0851463e895960a451075a301a9","result":"0x088f145bf0a48659077b3d2f17e16c8918b8c3710274aab5cd7477669333d6d4"}}
[2m2025-12-10T10:10:55.410449Z[0m [34mDEBUG[0m [2methereum_transaction_pool_monitor::eth_client[0m[2m:[0m 📨 Received pending transaction: 0x088f145bf0a48659077b3d2f17e16c8918b8c3710274aab5cd7477669333d6d4
[2m2025-12-10T10:10:55.467442Z[0m [34mDEBUG[0m [2methereum_transaction_pool_monitor::eth_client[0m[2m:[0m ✅ Transaction 0xfdce0d1253ab94fe32062cfd5a8a2f37f6d395b1df72a1e0b41cf500d34fefa3 fetched and parsed in 77.816875ms
[2m2025-12-10T10:10:55.467469Z[0m [34mDEBUG[0m [2methereum_transaction_pool_monitor::mempool_monitor[0m[2m:[0m 🔍 Skipping tx 0xfdce0d1253ab94fe32062cfd5a8a2f37f6d395b1df72a1e0b41cf500d34fefa3 - not a DEX interaction (target: 0xA9D1e08C7793af67e9d92fe308d5697FB81d3E43)
[2m2025-12-10T10:10:55.467486Z[0m [34mDEBUG[0m [2methereum_transaction_pool_monitor::mempool_monitor[0m[2m:[0m 📨 Processing new pending transaction: 0x096ebadc2ad57e60705c15cccae26f9134628ccf3227d1ad6451ee03a43a0d5b
[2m2025-12-10T10:10:55.467495Z[0m [34mDEBUG[0m [2methereum_transaction_pool_monitor::mempool_monitor[0m[2m:[0m 🔍 Fetching transaction details for: 0x096ebadc2ad57e60705c15cccae26f9134628ccf3227d1ad6451ee03a43a0d5b
[2m2025-12-10T10:10:55.467504Z[0m [34mDEBUG[0m [2methereum_transaction_pool_monitor::eth_client[0m[2m:[0m 🔍 Fetching transaction details for hash: 0x096ebadc2ad57e60705c15cccae26f9134628ccf3227d1ad6451ee03a43a0d5b
[2m2025-12-10T10:10:55.467526Z[0m [34mDEBUG[0m [2mhyper::client::pool[0m[2m:[0m reuse idle connection for ("http", 192.168.0.14:8545)
[2m2025-12-10T10:10:55.467563Z[0m [34mDEBUG[0m [2mhyper::proto::h1::io[0m[2m:[0m flushed 250 bytes
[2m2025-12-10T10:10:55.472816Z[0m [34mDEBUG[0m [2mhyper::proto::h1::io[0m[2m:[0m parsed 4 headers
[2m2025-12-10T10:10:55.472822Z[0m [34mDEBUG[0m [2mhyper::proto::h1::conn[0m[2m:[0m incoming body is content-length (765 bytes)
[2m2025-12-10T10:10:55.472829Z[0m [34mDEBUG[0m [2mhyper::proto::h1::conn[0m[2m:[0m incoming body completed
[2m2025-12-10T10:10:55.472837Z[0m [34mDEBUG[0m [2mhyper::client::pool[0m[2m:[0m pooling idle connection for ("http", 192.168.0.14:8545)
[2m2025-12-10T10:10:55.472843Z[0m [34mDEBUG[0m [2methereum_transaction_pool_monitor::eth_client[0m[2m:[0m 📡 Transaction fetch RPC completed in 5.330208ms
[2m2025-12-10T10:10:55.472857Z[0m [34mDEBUG[0m [2methereum_transaction_pool_monitor::eth_client[0m[2m:[0m DeFi transaction detected - Address: 0xdac17f958d2ee523a2206206994597c13d831ec7, Type: Stablecoin, Value: 0 ETH, Gas: 0.36 Gwei
[2m2025-12-10T10:10:55.472869Z[0m [34mDEBUG[0m [2methereum_transaction_pool_monitor::eth_client[0m[2m:[0m ✅ Transaction 0x096ebadc2ad57e60705c15cccae26f9134628ccf3227d1ad6451ee03a43a0d5b fetched and parsed in 5.356833ms
[2m2025-12-10T10:10:55.472875Z[0m [34mDEBUG[0m [2methereum_transaction_pool_monitor::mempool_monitor[0m[2m:[0m 🔍 Skipping tx 0x096ebadc2ad57e60705c15cccae26f9134628ccf3227d1ad6451ee03a43a0d5b - not a DEX interaction (target: 0xdAC17F958D2ee523a2206206994597C13D831ec7)
[2m2025-12-10T10:10:55.472880Z[0m [34mDEBUG[0m [2methereum_transaction_pool_monitor::mempool_monitor[0m[2m:[0m 📨 Processing new pending transaction: 0x6980e9b80e3485285cb7844749c98e286499c1ede7a792c81d2ffc027076903a
[2m2025-12-10T10:10:55.472884Z[0m [34mDEBUG[0m [2methereum_transaction_pool_monitor::mempool_monitor[0m[2m:[0m 🔍 Fetching transaction details for: 0x6980e9b80e3485285cb7844749c98e286499c1ede7a792c81d2ffc027076903a
[2m2025-12-10T10:10:55.472888Z[0m [34mDEBUG[0m [2methereum_transaction_pool_monitor::eth_client[0m[2m:[0m 🔍 Fetching transaction details for hash: 0x6980e9b80e3485285cb7844749c98e286499c1ede7a792c81d2ffc027076903a
[2m2025-12-10T10:10:55.472897Z[0m [34mDEBUG[0m [2mhyper::client::pool[0m[2m:[0m reuse idle connection for ("http", 192.168.0.14:8545)
[2m2025-12-10T10:10:55.472911Z[0m [34mDEBUG[0m [2mhyper::proto::h1::io[0m[2m:[0m flushed 250 bytes
[2m2025-12-10T10:10:55.479227Z[0m [34mDEBUG[0m [2mhyper::proto::h1::io[0m[2m:[0m parsed 4 headers
[2m2025-12-10T10:10:55.479234Z[0m [34mDEBUG[0m [2mhyper::proto::h1::conn[0m[2m:[0m incoming body is content-length (748 bytes)
[2m2025-12-10T10:10:55.479239Z[0m [34mDEBUG[0m [2mhyper::proto::h1::conn[0m[2m:[0m incoming body completed
[2m2025-12-10T10:10:55.479245Z[0m [34mDEBUG[0m [2mhyper::client::pool[0m[2m:[0m pooling idle connection for ("http", 192.168.0.14:8545)
[2m2025-12-10T10:10:55.479250Z[0m [34mDEBUG[0m [2methereum_transaction_pool_monitor::eth_client[0m[2m:[0m 📡 Transaction fetch RPC completed in 6.357792ms
[2m2025-12-10T10:10:55.549830Z[0m [34mDEBUG[0m [2methereum_transaction_pool_monitor::eth_client[0m[2m:[0m ✅ Transaction 0x6980e9b80e3485285cb7844749c98e286499c1ede7a792c81d2ffc027076903a fetched and parsed in 76.935542ms
[2m2025-12-10T10:10:55.549857Z[0m [34mDEBUG[0m [2methereum_transaction_pool_monitor::mempool_monitor[0m[2m:[0m 🔍 Skipping tx 0x6980e9b80e3485285cb7844749c98e286499c1ede7a792c81d2ffc027076903a - not a DEX interaction (target: 0x1b7ad2bf458047AA369478CaED5af5303EA3434A)
[2m2025-12-10T10:10:55.549868Z[0m [34mDEBUG[0m [2methereum_transaction_pool_monitor::mempool_monitor[0m[2m:[0m 📨 Processing new pending transaction: 0x379124e65092306e48eaa2f13e9bcf29b80937106f129a55160139a5d589342d
[2m2025-12-10T10:10:55.549876Z[0m [34mDEBUG[0m [2methereum_transaction_pool_monitor::mempool_monitor[0m[2m:[0m 🔍 Fetching transaction details for: 0x379124e65092306e48eaa2f13e9bcf29b80937106f129a55160139a5d589342d
[2m2025-12-10T10:10:55.549882Z[0m [34mDEBUG[0m [2methereum_transaction_pool_monitor::eth_client[0m[2m:[0m 🔍 Fetching transaction details for hash: 0x379124e65092306e48eaa2f13e9bcf29b80937106f129a55160139a5d589342d
[2m2025-12-10T10:10:55.549900Z[0m [34mDEBUG[0m [2mhyper::client::pool[0m[2m:[0m reuse idle connection for ("http", 192.168.0.14:8545)
[2m2025-12-10T10:10:55.549942Z[0m [34mDEBUG[0m [2mhyper::proto::h1::io[0m[2m:[0m flushed 250 bytes
[2m2025-12-10T10:10:55.549962Z[0m [34mDEBUG[0m [2mhyper::client::pool[0m[2m:[0m reuse idle connection for ("http", 192.168.0.14:8545)
[2m2025-12-10T10:10:55.549973Z[0m [34mDEBUG[0m [2methereum_transaction_pool_monitor::eth_client[0m[2m:[0m 📨 Received WebSocket message: {"jsonrpc":"2.0","method":"eth_subscription","params":{"subscription":"0xbed0a0851463e895960a451075a301a9","result":"0x28988b8baeca762f225c7b3dd4076d89bdb4d1d1d82b63f8b6931aec89eddc7e"}}
[2m2025-12-10T10:10:55.549976Z[0m [34mDEBUG[0m [2mhyper::proto::h1::io[0m[2m:[0m flushed 172 bytes
[2m2025-12-10T10:10:55.549986Z[0m [34mDEBUG[0m [2methereum_transaction_pool_monitor::eth_client[0m[2m:[0m 📨 Received pending transaction: 0x28988b8baeca762f225c7b3dd4076d89bdb4d1d1d82b63f8b6931aec89eddc7e
[2m2025-12-10T10:10:55.549994Z[0m [34mDEBUG[0m [2methereum_transaction_pool_monitor::eth_client[0m[2m:[0m 📨 Received WebSocket message: {"jsonrpc":"2.0","method":"eth_subscription","params":{"subscription":"0xbed0a0851463e895960a451075a301a9","result":"0x0279f5f698ac61f8a0dc3da7021cffd384f797bb65d4d4a7d3860af0cc7e21b8"}}
[2m2025-12-10T10:10:55.550001Z[0m [34mDEBUG[0m [2methereum_transaction_pool_monitor::eth_client[0m[2m:[0m 📨 Received pending transaction: 0x0279f5f698ac61f8a0dc3da7021cffd384f797bb65d4d4a7d3860af0cc7e21b8
[2m2025-12-10T10:10:55.556563Z[0m [34mDEBUG[0m [2mhyper::proto::h1::io[0m[2m:[0m parsed 4 headers
[2m2025-12-10T10:10:55.556586Z[0m [34mDEBUG[0m [2mhyper::proto::h1::conn[0m[2m:[0m incoming body is content-length (763 bytes)
[2m2025-12-10T10:10:55.556611Z[0m [34mDEBUG[0m [2mhyper::proto::h1::conn[0m[2m:[0m incoming body completed
[2m2025-12-10T10:10:55.556624Z[0m [34mDEBUG[0m [2mhyper::client::pool[0m[2m:[0m pooling idle connection for ("http", 192.168.0.14:8545)
[2m2025-12-10T10:10:55.556644Z[0m [34mDEBUG[0m [2methereum_transaction_pool_monitor::eth_client[0m[2m:[0m 📡 Transaction fetch RPC completed in 6.75625ms
[2m2025-12-10T10:10:55.627441Z[0m [34mDEBUG[0m [2methereum_transaction_pool_monitor::eth_client[0m[2m:[0m ✅ Transaction 0x379124e65092306e48eaa2f13e9bcf29b80937106f129a55160139a5d589342d fetched and parsed in 77.551625ms
[2m2025-12-10T10:10:55.627472Z[0m [34mDEBUG[0m [2methereum_transaction_pool_monitor::mempool_monitor[0m[2m:[0m 🔍 Skipping tx 0x379124e65092306e48eaa2f13e9bcf29b80937106f129a55160139a5d589342d - not a DEX interaction (target: 0xd50370bEE8bFf23Bbb30ca558a1d0207DBc96ef2)
[2m2025-12-10T10:10:55.627484Z[0m [34mDEBUG[0m [2methereum_transaction_pool_monitor::mempool_monitor[0m[2m:[0m 📨 Processing new pending transaction: 0xd00e05e5d869728f2833f31b40b63e4bb0cc565d0f81768465adbb4d130e1152
[2m2025-12-10T10:10:55.627495Z[0m [34mDEBUG[0m [2methereum_transaction_pool_monitor::mempool_monitor[0m[2m:[0m 🔍 Fetching transaction details for: 0xd00e05e5d869728f2833f31b40b63e4bb0cc565d0f81768465adbb4d130e1152
[2m2025-12-10T10:10:55.627506Z[0m [34mDEBUG[0m [2methereum_transaction_pool_monitor::eth_client[0m[2m:[0m 🔍 Fetching transaction details for hash: 0xd00e05e5d869728f2833f31b40b63e4bb0cc565d0f81768465adbb4d130e1152
[2m2025-12-10T10:10:55.627524Z[0m [34mDEBUG[0m [2mhyper::client::pool[0m[2m:[0m reuse idle connection for ("http", 192.168.0.14:8545)
[2m2025-12-10T10:10:55.627567Z[0m [34mDEBUG[0m [2mhyper::proto::h1::io[0m[2m:[0m flushed 250 bytes
[2m2025-12-10T10:10:55.627591Z[0m [34mDEBUG[0m [2methereum_transaction_pool_monitor::eth_client[0m[2m:[0m 📨 Received WebSocket message: {"jsonrpc":"2.0","method":"eth_subscription","params":{"subscription":"0xbed0a0851463e895960a451075a301a9","result":"0x994fc8df03dfad8d2284d64c2f5cc7af4cb14260b374fafb89379ff66b4ee297"}}
[2m2025-12-10T10:10:55.627594Z[0m [34mDEBUG[0m [2mhyper::proto::h1::io[0m[2m:[0m parsed 4 headers
[2m2025-12-10T10:10:55.627600Z[0m [34mDEBUG[0m [2methereum_transaction_pool_monitor::eth_client[0m[2m:[0m 📨 Received pending transaction: 0x994fc8df03dfad8d2284d64c2f5cc7af4cb14260b374fafb89379ff66b4ee297
[2m2025-12-10T10:10:55.627605Z[0m [34mDEBUG[0m [2mhyper::proto::h1::conn[0m[2m:[0m incoming body is content-length (45 bytes)
[2m2025-12-10T10:10:55.627621Z[0m [34mDEBUG[0m [2mhyper::proto::h1::conn[0m[2m:[0m incoming body completed
[2m2025-12-10T10:10:55.627634Z[0m [34mDEBUG[0m [2mhyper::client::pool[0m[2m:[0m pooling idle connection for ("http", 192.168.0.14:8545)
[2m2025-12-10T10:10:55.627649Z[0m [34mDEBUG[0m [2mhyper::client::pool[0m[2m:[0m reuse idle connection for ("http", 192.168.0.14:8545)
[2m2025-12-10T10:10:55.627668Z[0m [34mDEBUG[0m [2mhyper::proto::h1::io[0m[2m:[0m flushed 172 bytes
[2m2025-12-10T10:10:55.632419Z[0m [34mDEBUG[0m [2mhyper::proto::h1::io[0m[2m:[0m parsed 4 headers
[2m2025-12-10T10:10:55.632444Z[0m [34mDEBUG[0m [2mhyper::proto::h1::conn[0m[2m:[0m incoming body is content-length (647 bytes)
[2m2025-12-10T10:10:55.632475Z[0m [34mDEBUG[0m [2mhyper::proto::h1::conn[0m[2m:[0m incoming body completed
[2m2025-12-10T10:10:55.632484Z[0m [34mDEBUG[0m [2mhyper::client::pool[0m[2m:[0m pooling idle connection for ("http", 192.168.0.14:8545)
[2m2025-12-10T10:10:55.632502Z[0m [34mDEBUG[0m [2methereum_transaction_pool_monitor::eth_client[0m[2m:[0m 📡 Transaction fetch RPC completed in 4.991209ms
[2m2025-12-10T10:10:55.703612Z[0m [34mDEBUG[0m [2methereum_transaction_pool_monitor::eth_client[0m[2m:[0m ✅ Transaction 0xd00e05e5d869728f2833f31b40b63e4bb0cc565d0f81768465adbb4d130e1152 fetched and parsed in 76.098542ms
[2m2025-12-10T10:10:55.703640Z[0m [34mDEBUG[0m [2methereum_transaction_pool_monitor::mempool_monitor[0m[2m:[0m 🔍 Skipping tx 0xd00e05e5d869728f2833f31b40b63e4bb0cc565d0f81768465adbb4d130e1152 - not a DEX interaction (target: 0xA384B413180ADFB0786619DEE8d994E5073b2595)
[2m2025-12-10T10:10:55.703656Z[0m [34mDEBUG[0m [2methereum_transaction_pool_monitor::mempool_monitor[0m[2m:[0m 📨 Processing new pending transaction: 0xa53c013275f042b13ad486075c6b77c845ab6900f5dbe2891c32008c716abae5
[2m2025-12-10T10:10:55.703665Z[0m [34mDEBUG[0m [2methereum_transaction_pool_monitor::mempool_monitor[0m[2m:[0m 🔍 Fetching transaction details for: 0xa53c013275f042b13ad486075c6b77c845ab6900f5dbe2891c32008c716abae5
[2m2025-12-10T10:10:55.703672Z[0m [34mDEBUG[0m [2methereum_transaction_pool_monitor::eth_client[0m[2m:[0m 🔍 Fetching transaction details for hash: 0xa53c013275f042b13ad486075c6b77c845ab6900f5dbe2891c32008c716abae5
[2m2025-12-10T10:10:55.703690Z[0m [34mDEBUG[0m [2mhyper::client::pool[0m[2m:[0m reuse idle connection for ("http", 192.168.0.14:8545)
[2m2025-12-10T10:10:55.703734Z[0m [34mDEBUG[0m [2mhyper::proto::h1::io[0m[2m:[0m flushed 250 bytes
[2m2025-12-10T10:10:55.703753Z[0m [34mDEBUG[0m [2mhyper::proto::h1::io[0m[2m:[0m parsed 4 headers
[2m2025-12-10T10:10:55.703761Z[0m [34mDEBUG[0m [2mhyper::proto::h1::conn[0m[2m:[0m incoming body is content-length (45 bytes)
[2m2025-12-10T10:10:55.703776Z[0m [34mDEBUG[0m [2mhyper::proto::h1::conn[0m[2m:[0m incoming body completed
[2m2025-12-10T10:10:55.703786Z[0m [34mDEBUG[0m [2mhyper::client::pool[0m[2m:[0m pooling idle connection for ("http", 192.168.0.14:8545)
[2m2025-12-10T10:10:55.703803Z[0m [34mDEBUG[0m [2mhyper::client::pool[0m[2m:[0m reuse idle connection for ("http", 192.168.0.14:8545)
[2m2025-12-10T10:10:55.703819Z[0m [34mDEBUG[0m [2mhyper::proto::h1::io[0m[2m:[0m flushed 172 bytes
[2m2025-12-10T10:10:55.720212Z[0m [34mDEBUG[0m [2mhyper::proto::h1::io[0m[2m:[0m parsed 4 headers
[2m2025-12-10T10:10:55.720225Z[0m [34mDEBUG[0m [2mhyper::proto::h1::conn[0m[2m:[0m incoming body is content-length (45 bytes)
[2m2025-12-10T10:10:55.720215Z[0m [34mDEBUG[0m [2mhyper::proto::h1::io[0m[2m:[0m parsed 4 headers
[2m2025-12-10T10:10:55.720248Z[0m [34mDEBUG[0m [2mhyper::proto::h1::conn[0m[2m:[0m incoming body completed
[2m2025-12-10T10:10:55.720251Z[0m [34mDEBUG[0m [2mhyper::proto::h1::conn[0m[2m:[0m incoming body is content-length (766 bytes)
[2m2025-12-10T10:10:55.720257Z[0m [34mDEBUG[0m [2mhyper::client::pool[0m[2m:[0m pooling idle connection for ("http", 192.168.0.14:8545)
[2m2025-12-10T10:10:55.720259Z[0m [34mDEBUG[0m [2mhyper::proto::h1::conn[0m[2m:[0m incoming body completed
[2m2025-12-10T10:10:55.720272Z[0m [34mDEBUG[0m [2mhyper::client::pool[0m[2m:[0m pooling idle connection for ("http", 192.168.0.14:8545)
[2m2025-12-10T10:10:55.720278Z[0m [34mDEBUG[0m [2methereum_transaction_pool_monitor::eth_client[0m[2m:[0m 📡 Transaction fetch RPC completed in 16.5995ms
[2m2025-12-10T10:10:55.720290Z[0m [34mDEBUG[0m [2methereum_transaction_pool_monitor::eth_client[0m[2m:[0m DeFi transaction detected - Address: 0xdac17f958d2ee523a2206206994597c13d831ec7, Type: Stablecoin, Value: 0 ETH, Gas: 0.33 Gwei
[2m2025-12-10T10:10:55.720308Z[0m [34mDEBUG[0m [2methereum_transaction_pool_monitor::eth_client[0m[2m:[0m ✅ Transaction 0xa53c013275f042b13ad486075c6b77c845ab6900f5dbe2891c32008c716abae5 fetched and parsed in 16.629583ms
[2m2025-12-10T10:10:55.720319Z[0m [34mDEBUG[0m [2methereum_transaction_pool_monitor::mempool_monitor[0m[2m:[0m 🔍 Skipping tx 0xa53c013275f042b13ad486075c6b77c845ab6900f5dbe2891c32008c716abae5 - not a DEX interaction (target: 0xdAC17F958D2ee523a2206206994597C13D831ec7)
[2m2025-12-10T10:10:55.720329Z[0m [34mDEBUG[0m [2methereum_transaction_pool_monitor::mempool_monitor[0m[2m:[0m 📨 Processing new pending transaction: 0x19332b5212f2a0db7994daaf90e908caba33bed0e167be399a13f481cacb185a
[2m2025-12-10T10:10:55.720336Z[0m [34mDEBUG[0m [2methereum_transaction_pool_monitor::mempool_monitor[0m[2m:[0m 🔍 Fetching transaction details for: 0x19332b5212f2a0db7994daaf90e908caba33bed0e167be399a13f481cacb185a
[2m2025-12-10T10:10:55.720342Z[0m [34mDEBUG[0m [2methereum_transaction_pool_monitor::eth_client[0m[2m:[0m 🔍 Fetching transaction details for hash: 0x19332b5212f2a0db7994daaf90e908caba33bed0e167be399a13f481cacb185a
[2m2025-12-10T10:10:55.720350Z[0m [34mDEBUG[0m [2mhyper::client::pool[0m[2m:[0m reuse idle connection for ("http", 192.168.0.14:8545)
[2m2025-12-10T10:10:55.720362Z[0m [34mDEBUG[0m [2mhyper::proto::h1::io[0m[2m:[0m flushed 250 bytes
[2m2025-12-10T10:10:55.727122Z[0m [34mDEBUG[0m [2mhyper::proto::h1::io[0m[2m:[0m parsed 4 headers
[2m2025-12-10T10:10:55.727129Z[0m [34mDEBUG[0m [2mhyper::proto::h1::conn[0m[2m:[0m incoming body is content-length (771 bytes)
[2m2025-12-10T10:10:55.727133Z[0m [34mDEBUG[0m [2mhyper::proto::h1::conn[0m[2m:[0m incoming body completed
[2m2025-12-10T10:10:55.727139Z[0m [34mDEBUG[0m [2mhyper::client::pool[0m[2m:[0m pooling idle connection for ("http", 192.168.0.14:8545)
[2m2025-12-10T10:10:55.727143Z[0m [34mDEBUG[0m [2methereum_transaction_pool_monitor::eth_client[0m[2m:[0m 📡 Transaction fetch RPC completed in 6.797458ms
[2m2025-12-10T10:10:55.798065Z[0m [34mDEBUG[0m [2methereum_transaction_pool_monitor::eth_client[0m[2m:[0m ✅ Transaction 0x19332b5212f2a0db7994daaf90e908caba33bed0e167be399a13f481cacb185a fetched and parsed in 77.717458ms
[2m2025-12-10T10:10:55.798091Z[0m [34mDEBUG[0m [2methereum_transaction_pool_monitor::mempool_monitor[0m[2m:[0m 🔍 Skipping tx 0x19332b5212f2a0db7994daaf90e908caba33bed0e167be399a13f481cacb185a - not a DEX interaction (target: 0xB8f28C60dD8240141185a192fa4156A23E189305)
[2m2025-12-10T10:10:55.798102Z[0m [34mDEBUG[0m [2methereum_transaction_pool_monitor::mempool_monitor[0m[2m:[0m 📨 Processing new pending transaction: 0xfe18f194508946ebcfd306108514f7179e693b545e2bb56443c96970c0bf8098
[2m2025-12-10T10:10:55.798116Z[0m [34mDEBUG[0m [2methereum_transaction_pool_monitor::mempool_monitor[0m[2m:[0m 🔍 Fetching transaction details for: 0xfe18f194508946ebcfd306108514f7179e693b545e2bb56443c96970c0bf8098
[2m2025-12-10T10:10:55.798125Z[0m [34mDEBUG[0m [2methereum_transaction_pool_monitor::eth_client[0m[2m:[0m 🔍 Fetching transaction details for hash: 0xfe18f194508946ebcfd306108514f7179e693b545e2bb56443c96970c0bf8098
[2m2025-12-10T10:10:55.798141Z[0m [34mDEBUG[0m [2mhyper::client::pool[0m[2m:[0m reuse idle connection for ("http", 192.168.0.14:8545)
[2m2025-12-10T10:10:55.798182Z[0m [34mDEBUG[0m [2mhyper::proto::h1::io[0m[2m:[0m flushed 250 bytes
[2m2025-12-10T10:10:55.798214Z[0m [34mDEBUG[0m [2mhyper::client::pool[0m[2m:[0m reuse idle connection for ("http", 192.168.0.14:8545)
[2m2025-12-10T10:10:55.798230Z[0m [34mDEBUG[0m [2mhyper::proto::h1::io[0m[2m:[0m flushed 172 bytes
[2m2025-12-10T10:10:55.806164Z[0m [34mDEBUG[0m [2mhyper::proto::h1::io[0m[2m:[0m parsed 4 headers
[2m2025-12-10T10:10:55.806188Z[0m [34mDEBUG[0m [2mhyper::proto::h1::io[0m[2m:[0m parsed 4 headers
[2m2025-12-10T10:10:55.806198Z[0m [34mDEBUG[0m [2mhyper::proto::h1::conn[0m[2m:[0m incoming body is content-length (45 bytes)
[2m2025-12-10T10:10:55.806214Z[0m [34mDEBUG[0m [2mhyper::proto::h1::conn[0m[2m:[0m incoming body is content-length (645 bytes)
[2m2025-12-10T10:10:55.806238Z[0m [34mDEBUG[0m [2mhyper::proto::h1::conn[0m[2m:[0m incoming body completed
[2m2025-12-10T10:10:55.806238Z[0m [34mDEBUG[0m [2mhyper::proto::h1::conn[0m[2m:[0m incoming body completed
[2m2025-12-10T10:10:55.806248Z[0m [34mDEBUG[0m [2mhyper::client::pool[0m[2m:[0m pooling idle connection for ("http", 192.168.0.14:8545)
[2m2025-12-10T10:10:55.806259Z[0m [34mDEBUG[0m [2mhyper::client::pool[0m[2m:[0m pooling idle connection for ("http", 192.168.0.14:8545)
[2m2025-12-10T10:10:55.806277Z[0m [34mDEBUG[0m [2methereum_transaction_pool_monitor::eth_client[0m[2m:[0m 📡 Transaction fetch RPC completed in 8.146541ms
[2m2025-12-10T10:10:55.813180Z[0m [34mDEBUG[0m [2methereum_transaction_pool_monitor::eth_client[0m[2m:[0m 📨 Received WebSocket message: {"jsonrpc":"2.0","method":"eth_subscription","params":{"subscription":"0xbed0a0851463e895960a451075a301a9","result":"0x37f2c1ebfeab128c2f3c2aacdd31965033d361d60deecad3de2c144c18b557b5"}}
[2m2025-12-10T10:10:55.813190Z[0m [34mDEBUG[0m [2methereum_transaction_pool_monitor::eth_client[0m[2m:[0m 📨 Received pending transaction: 0x37f2c1ebfeab128c2f3c2aacdd31965033d361d60deecad3de2c144c18b557b5
[2m2025-12-10T10:10:55.878060Z[0m [34mDEBUG[0m [2methereum_transaction_pool_monitor::eth_client[0m[2m:[0m ✅ Transaction 0xfe18f194508946ebcfd306108514f7179e693b545e2bb56443c96970c0bf8098 fetched and parsed in 79.928041ms
[2m2025-12-10T10:10:55.878086Z[0m [34mDEBUG[0m [2methereum_transaction_pool_monitor::mempool_monitor[0m[2m:[0m 🔍 Skipping tx 0xfe18f194508946ebcfd306108514f7179e693b545e2bb56443c96970c0bf8098 - not a DEX interaction (target: 0x9D921755888ff1d3a52D15b743CF0a59223F37a9)
[2m2025-12-10T10:10:55.878182Z[0m [34mDEBUG[0m [2methereum_transaction_pool_monitor::mempool_monitor[0m[2m:[0m 📨 Processing new pending transaction: 0x0c25d80f579a26a2ec0a8bd80e4c9ee05a7189f9ffd207cd58eecb6e32710de3
[2m2025-12-10T10:10:55.878192Z[0m [34mDEBUG[0m [2methereum_transaction_pool_monitor::mempool_monitor[0m[2m:[0m 🔍 Fetching transaction details for: 0x0c25d80f579a26a2ec0a8bd80e4c9ee05a7189f9ffd207cd58eecb6e32710de3
[2m2025-12-10T10:10:55.878197Z[0m [34mDEBUG[0m [2methereum_transaction_pool_monitor::eth_client[0m[2m:[0m 🔍 Fetching transaction details for hash: 0x0c25d80f579a26a2ec0a8bd80e4c9ee05a7189f9ffd207cd58eecb6e32710de3
[2m2025-12-10T10:10:55.878213Z[0m [34mDEBUG[0m [2mhyper::client::pool[0m[2m:[0m reuse idle connection for ("http", 192.168.0.14:8545)
[2m2025-12-10T10:10:55.878249Z[0m [34mDEBUG[0m [2mhyper::proto::h1::io[0m[2m:[0m flushed 250 bytes
[2m2025-12-10T10:10:55.888868Z[0m [34mDEBUG[0m [2mhyper::proto::h1::io[0m[2m:[0m parsed 4 headers
[2m2025-12-10T10:10:55.888891Z[0m [34mDEBUG[0m [2mhyper::proto::h1::conn[0m[2m:[0m incoming body is content-length (675 bytes)
[2m2025-12-10T10:10:55.888916Z[0m [34mDEBUG[0m [2mhyper::proto::h1::conn[0m[2m:[0m incoming body completed
[2m2025-12-10T10:10:55.888927Z[0m [34mDEBUG[0m [2mhyper::client::pool[0m[2m:[0m pooling idle connection for ("http", 192.168.0.14:8545)
[2m2025-12-10T10:10:55.888947Z[0m [34mDEBUG[0m [2methereum_transaction_pool_monitor::eth_client[0m[2m:[0m 📡 Transaction fetch RPC completed in 10.745792ms
[2m2025-12-10T10:10:55.888961Z[0m [34mDEBUG[0m [2methereum_transaction_pool_monitor::eth_client[0m[2m:[0m DeFi transaction detected - Address: 0xdac17f958d2ee523a2206206994597c13d831ec7, Type: Stablecoin, Value: 0 ETH, Gas: 0.28 Gwei
[2m2025-12-10T10:10:55.888974Z[0m [34mDEBUG[0m [2methereum_transaction_pool_monitor::eth_client[0m[2m:[0m ✅ Transaction 0x0c25d80f579a26a2ec0a8bd80e4c9ee05a7189f9ffd207cd58eecb6e32710de3 fetched and parsed in 10.772417ms
[2m2025-12-10T10:10:55.888980Z[0m [34mDEBUG[0m [2methereum_transaction_pool_monitor::mempool_monitor[0m[2m:[0m 🔍 Skipping tx 0x0c25d80f579a26a2ec0a8bd80e4c9ee05a7189f9ffd207cd58eecb6e32710de3 - not a DEX interaction (target: 0xdAC17F958D2ee523a2206206994597C13D831ec7)
[2m2025-12-10T10:10:55.888986Z[0m [34mDEBUG[0m [2methereum_transaction_pool_monitor::mempool_monitor[0m[2m:[0m 📨 Processing new pending transaction: 0x169eb33038a7eeefe01a1b13345fdd8f1ef94fa286f20ef0cf47ea67ed81625e
[2m2025-12-10T10:10:55.888990Z[0m [34mDEBUG[0m [2methereum_transaction_pool_monitor::mempool_monitor[0m[2m:[0m 🔍 Fetching transaction details for: 0x169eb33038a7eeefe01a1b13345fdd8f1ef94fa286f20ef0cf47ea67ed81625e
[2m2025-12-10T10:10:55.888993Z[0m [34mDEBUG[0m [2methereum_transaction_pool_monitor::eth_client[0m[2m:[0m 🔍 Fetching transaction details for hash: 0x169eb33038a7eeefe01a1b13345fdd8f1ef94fa286f20ef0cf47ea67ed81625e
[2m2025-12-10T10:10:55.889003Z[0m [34mDEBUG[0m [2mhyper::client::pool[0m[2m:[0m reuse idle connection for ("http", 192.168.0.14:8545)
[2m2025-12-10T10:10:55.889018Z[0m [34mDEBUG[0m [2mhyper::proto::h1::io[0m[2m:[0m flushed 250 bytes
[2m2025-12-10T10:10:55.893783Z[0m [34mDEBUG[0m [2mhyper::proto::h1::io[0m[2m:[0m parsed 4 headers
[2m2025-12-10T10:10:55.893788Z[0m [34mDEBUG[0m [2mhyper::proto::h1::conn[0m[2m:[0m incoming body is content-length (650 bytes)
[2m2025-12-10T10:10:55.893793Z[0m [34mDEBUG[0m [2mhyper::proto::h1::conn[0m[2m:[0m incoming body completed
[2m2025-12-10T10:10:55.893799Z[0m [34mDEBUG[0m [2mhyper::client::pool[0m[2m:[0m pooling idle connection for ("http", 192.168.0.14:8545)
[2m2025-12-10T10:10:55.893804Z[0m [34mDEBUG[0m [2methereum_transaction_pool_monitor::eth_client[0m[2m:[0m 📡 Transaction fetch RPC completed in 4.806583ms
[2m2025-12-10T10:10:55.963834Z[0m [34mDEBUG[0m [2methereum_transaction_pool_monitor::eth_client[0m[2m:[0m ✅ Transaction 0x169eb33038a7eeefe01a1b13345fdd8f1ef94fa286f20ef0cf47ea67ed81625e fetched and parsed in 74.833958ms
[2m2025-12-10T10:10:55.963863Z[0m [34mDEBUG[0m [2methereum_transaction_pool_monitor::mempool_monitor[0m[2m:[0m 🔍 Skipping tx 0x169eb33038a7eeefe01a1b13345fdd8f1ef94fa286f20ef0cf47ea67ed81625e - not a DEX interaction (target: 0x1A000B4279402Ab63322C342fb2C6A4134212f5e)
[2m2025-12-10T10:10:55.963878Z[0m [34mDEBUG[0m [2methereum_transaction_pool_monitor::mempool_monitor[0m[2m:[0m 📨 Processing new pending transaction: 0x15c31df5937fe0b6a6780c8519ca38ce7dcd8d2461a4f0bd99196b6d02b1d9ab
[2m2025-12-10T10:10:55.963888Z[0m [34mDEBUG[0m [2methereum_transaction_pool_monitor::mempool_monitor[0m[2m:[0m 🔍 Fetching transaction details for: 0x15c31df5937fe0b6a6780c8519ca38ce7dcd8d2461a4f0bd99196b6d02b1d9ab
[2m2025-12-10T10:10:55.963900Z[0m [34mDEBUG[0m [2methereum_transaction_pool_monitor::eth_client[0m[2m:[0m 🔍 Fetching transaction details for hash: 0x15c31df5937fe0b6a6780c8519ca38ce7dcd8d2461a4f0bd99196b6d02b1d9ab
[2m2025-12-10T10:10:55.963919Z[0m [34mDEBUG[0m [2mhyper::client::pool[0m[2m:[0m reuse idle connection for ("http", 192.168.0.14:8545)
[2m2025-12-10T10:10:55.963965Z[0m [34mDEBUG[0m [2mhyper::proto::h1::io[0m[2m:[0m flushed 250 bytes
[2m2025-12-10T10:10:55.963988Z[0m [34mDEBUG[0m [2mhyper::client::pool[0m[2m:[0m reuse idle connection for ("http", 192.168.0.14:8545)
[2m2025-12-10T10:10:55.963997Z[0m [34mDEBUG[0m [2methereum_transaction_pool_monitor::eth_client[0m[2m:[0m 📨 Received WebSocket message: {"jsonrpc":"2.0","method":"eth_subscription","params":{"subscription":"0xbed0a0851463e895960a451075a301a9","result":"0xb95525a9db7c1e23562c6272cddf2de0666080736e6969c559da834ff04b2840"}}
[2m2025-12-10T10:10:55.964014Z[0m [34mDEBUG[0m [2methereum_transaction_pool_monitor::eth_client[0m[2m:[0m 📨 Received pending transaction: 0xb95525a9db7c1e23562c6272cddf2de0666080736e6969c559da834ff04b2840
[2m2025-12-10T10:10:55.964002Z[0m [34mDEBUG[0m [2mhyper::proto::h1::io[0m[2m:[0m flushed 172 bytes
[2m2025-12-10T10:10:55.964025Z[0m [34mDEBUG[0m [2methereum_transaction_pool_monitor::eth_client[0m[2m:[0m 📨 Received WebSocket message: {"jsonrpc":"2.0","method":"eth_subscription","params":{"subscription":"0xbed0a0851463e895960a451075a301a9","result":"0xe70af74ca8bdca64fbe654c21101468b889e50914e2dae4d088962c8e5da2848"}}
[2m2025-12-10T10:10:55.964044Z[0m [34mDEBUG[0m [2methereum_transaction_pool_monitor::eth_client[0m[2m:[0m 📨 Received pending transaction: 0xe70af74ca8bdca64fbe654c21101468b889e50914e2dae4d088962c8e5da2848
[2m2025-12-10T10:10:55.973232Z[0m [34mDEBUG[0m [2mhyper::proto::h1::io[0m[2m:[0m parsed 4 headers
[2m2025-12-10T10:10:55.973269Z[0m [34mDEBUG[0m [2mhyper::proto::h1::conn[0m[2m:[0m incoming body is content-length (45 bytes)
[2m2025-12-10T10:10:55.973283Z[0m [34mDEBUG[0m [2mhyper::proto::h1::conn[0m[2m:[0m incoming body completed
[2m2025-12-10T10:10:55.973307Z[0m [34mDEBUG[0m [2mhyper::client::pool[0m[2m:[0m pooling idle connection for ("http", 192.168.0.14:8545)
[2m2025-12-10T10:10:55.975036Z[0m [34mDEBUG[0m [2mhyper::proto::h1::io[0m[2m:[0m parsed 4 headers
[2m2025-12-10T10:10:55.975050Z[0m [34mDEBUG[0m [2mhyper::proto::h1::conn[0m[2m:[0m incoming body is content-length (770 bytes)
[2m2025-12-10T10:10:55.975061Z[0m [34mDEBUG[0m [2mhyper::proto::h1::conn[0m[2m:[0m incoming body completed
[2m2025-12-10T10:10:55.975073Z[0m [34mDEBUG[0m [2mhyper::client::pool[0m[2m:[0m pooling idle connection for ("http", 192.168.0.14:8545)
[2m2025-12-10T10:10:55.975084Z[0m [34mDEBUG[0m [2methereum_transaction_pool_monitor::eth_client[0m[2m:[0m 📡 Transaction fetch RPC completed in 11.1785ms
[2m2025-12-10T10:10:55.975097Z[0m [34mDEBUG[0m [2methereum_transaction_pool_monitor::eth_client[0m[2m:[0m DeFi transaction detected - Address: 0xdac17f958d2ee523a2206206994597c13d831ec7, Type: Stablecoin, Value: 0 ETH, Gas: 2.18 Gwei
[2m2025-12-10T10:10:55.975109Z[0m [34mDEBUG[0m [2methereum_transaction_pool_monitor::eth_client[0m[2m:[0m ✅ Transaction 0x15c31df5937fe0b6a6780c8519ca38ce7dcd8d2461a4f0bd99196b6d02b1d9ab fetched and parsed in 11.203375ms
[2m2025-12-10T10:10:55.975114Z[0m [34mDEBUG[0m [2methereum_transaction_pool_monitor::mempool_monitor[0m[2m:[0m 🔍 Skipping tx 0x15c31df5937fe0b6a6780c8519ca38ce7dcd8d2461a4f0bd99196b6d02b1d9ab - not a DEX interaction (target: 0xdAC17F958D2ee523a2206206994597C13D831ec7)
[2m2025-12-10T10:10:55.975121Z[0m [34mDEBUG[0m [2methereum_transaction_pool_monitor::mempool_monitor[0m[2m:[0m 📨 Processing new pending transaction: 0x985fd75a7fd313c554d1690e342bbde7d9e17c720561650d6c4eb9ab69925aac
[2m2025-12-10T10:10:55.975125Z[0m [34mDEBUG[0m [2methereum_transaction_pool_monitor::mempool_monitor[0m[2m:[0m 🔍 Fetching transaction details for: 0x985fd75a7fd313c554d1690e342bbde7d9e17c720561650d6c4eb9ab69925aac
[2m2025-12-10T10:10:55.975129Z[0m [34mDEBUG[0m [2methereum_transaction_pool_monitor::eth_client[0m[2m:[0m 🔍 Fetching transaction details for hash: 0x985fd75a7fd313c554d1690e342bbde7d9e17c720561650d6c4eb9ab69925aac
[2m2025-12-10T10:10:55.975140Z[0m [34mDEBUG[0m [2mhyper::client::pool[0m[2m:[0m reuse idle connection for ("http", 192.168.0.14:8545)
[2m2025-12-10T10:10:55.975162Z[0m [34mDEBUG[0m [2mhyper::proto::h1::io[0m[2m:[0m flushed 250 bytes
[2m2025-12-10T10:10:55.977691Z[0m [34mDEBUG[0m [2methereum_transaction_pool_monitor::eth_client[0m[2m:[0m 📨 Received WebSocket message: {"jsonrpc":"2.0","method":"eth_subscription","params":{"subscription":"0xbed0a0851463e895960a451075a301a9","result":"0x54381d1292684e26e81ac9bf2a3a7df3e7fc6fd1a3e4c40aa1fe53d5004eaa78"}}
[2m2025-12-10T10:10:55.977707Z[0m [34mDEBUG[0m [2methereum_transaction_pool_monitor::eth_client[0m[2m:[0m 📨 Received pending transaction: 0x54381d1292684e26e81ac9bf2a3a7df3e7fc6fd1a3e4c40aa1fe53d5004eaa78
[2m2025-12-10T10:10:55.994358Z[0m [34mDEBUG[0m [2mhyper::proto::h1::io[0m[2m:[0m parsed 4 headers
[2m2025-12-10T10:10:55.994369Z[0m [34mDEBUG[0m [2mhyper::proto::h1::conn[0m[2m:[0m incoming body is content-length (651 bytes)
[2m2025-12-10T10:10:55.994375Z[0m [34mDEBUG[0m [2mhyper::proto::h1::conn[0m[2m:[0m incoming body completed
[2m2025-12-10T10:10:55.994384Z[0m [34mDEBUG[0m [2mhyper::client::pool[0m[2m:[0m pooling idle connection for ("http", 192.168.0.14:8545)
[2m2025-12-10T10:10:55.994391Z[0m [34mDEBUG[0m [2methereum_transaction_pool_monitor::eth_client[0m[2m:[0m 📡 Transaction fetch RPC completed in 19.257834ms
[2m2025-12-10T10:10:56.064787Z[0m [34mDEBUG[0m [2methereum_transaction_pool_monitor::eth_client[0m[2m:[0m ✅ Transaction 0x985fd75a7fd313c554d1690e342bbde7d9e17c720561650d6c4eb9ab69925aac fetched and parsed in 89.651875ms
[2m2025-12-10T10:10:56.064816Z[0m [34mDEBUG[0m [2methereum_transaction_pool_monitor::mempool_monitor[0m[2m:[0m 🔍 Skipping tx 0x985fd75a7fd313c554d1690e342bbde7d9e17c720561650d6c4eb9ab69925aac - not a DEX interaction (target: 0xa3a3998607A7C63865780b1c0Fe631C1812B65cf)
[2m2025-12-10T10:10:56.064827Z[0m [34mDEBUG[0m [2methereum_transaction_pool_monitor::mempool_monitor[0m[2m:[0m 📨 Processing new pending transaction: 0xc1434164dac965f8a701f32795a1647df37a645a9006d4392b909a6caeeb08e0
[2m2025-12-10T10:10:56.064840Z[0m [34mDEBUG[0m [2methereum_transaction_pool_monitor::mempool_monitor[0m[2m:[0m 🔍 Fetching transaction details for: 0xc1434164dac965f8a701f32795a1647df37a645a9006d4392b909a6caeeb08e0
[2m2025-12-10T10:10:56.064847Z[0m [34mDEBUG[0m [2methereum_transaction_pool_monitor::eth_client[0m[2m:[0m 🔍 Fetching transaction details for hash: 0xc1434164dac965f8a701f32795a1647df37a645a9006d4392b909a6caeeb08e0
[2m2025-12-10T10:10:56.064871Z[0m [34mDEBUG[0m [2mhyper::client::pool[0m[2m:[0m reuse idle connection for ("http", 192.168.0.14:8545)
[2m2025-12-10T10:10:56.064917Z[0m [34mDEBUG[0m [2mhyper::proto::h1::io[0m[2m:[0m flushed 250 bytes
[2m2025-12-10T10:10:56.064945Z[0m [34mDEBUG[0m [2mhyper::client::pool[0m[2m:[0m reuse idle connection for ("http", 192.168.0.14:8545)
[2m2025-12-10T10:10:56.064959Z[0m [34mDEBUG[0m [2mhyper::proto::h1::io[0m[2m:[0m flushed 172 bytes
[2m2025-12-10T10:10:56.074162Z[0m [34mDEBUG[0m [2mhyper::proto::h1::io[0m[2m:[0m parsed 4 headers
[2m2025-12-10T10:10:56.074205Z[0m [34mDEBUG[0m [2mhyper::proto::h1::conn[0m[2m:[0m incoming body is content-length (774 bytes)
[2m2025-12-10T10:10:56.074215Z[0m [34mDEBUG[0m [2mhyper::proto::h1::conn[0m[2m:[0m incoming body completed
[2m2025-12-10T10:10:56.074239Z[0m [34mDEBUG[0m [2mhyper::client::pool[0m[2m:[0m pooling idle connection for ("http", 192.168.0.14:8545)
[2m2025-12-10T10:10:56.074246Z[0m [34mDEBUG[0m [2methereum_transaction_pool_monitor::eth_client[0m[2m:[0m 📡 Transaction fetch RPC completed in 9.387917ms
[2m2025-12-10T10:10:56.145294Z[0m [34mDEBUG[0m [2methereum_transaction_pool_monitor::eth_client[0m[2m:[0m ✅ Transaction 0xc1434164dac965f8a701f32795a1647df37a645a9006d4392b909a6caeeb08e0 fetched and parsed in 80.434292ms
[2m2025-12-10T10:10:56.145322Z[0m [34mDEBUG[0m [2methereum_transaction_pool_monitor::mempool_monitor[0m[2m:[0m 🔍 Skipping tx 0xc1434164dac965f8a701f32795a1647df37a645a9006d4392b909a6caeeb08e0 - not a DEX interaction (target: 0xA0b86991c6218b36c1d19D4a2e9Eb0cE3606eB48)
[2m2025-12-10T10:10:56.145333Z[0m [34mDEBUG[0m [2methereum_transaction_pool_monitor::mempool_monitor[0m[2m:[0m 📨 Processing new pending transaction: 0x787a41b349579ae721252da87e6a218c5d8cca05f56d9dd2fc223c46e4c42918
[2m2025-12-10T10:10:56.145349Z[0m [34mDEBUG[0m [2methereum_transaction_pool_monitor::mempool_monitor[0m[2m:[0m 🔍 Fetching transaction details for: 0x787a41b349579ae721252da87e6a218c5d8cca05f56d9dd2fc223c46e4c42918
[2m2025-12-10T10:10:56.145357Z[0m [34mDEBUG[0m [2methereum_transaction_pool_monitor::eth_client[0m[2m:[0m 🔍 Fetching transaction details for hash: 0x787a41b349579ae721252da87e6a218c5d8cca05f56d9dd2fc223c46e4c42918
[2m2025-12-10T10:10:56.145377Z[0m [34mDEBUG[0m [2mhyper::client::pool[0m[2m:[0m reuse idle connection for ("http", 192.168.0.14:8545)
[2m2025-12-10T10:10:56.145417Z[0m [34mDEBUG[0m [2mhyper::proto::h1::io[0m[2m:[0m flushed 250 bytes
[2m2025-12-10T10:10:56.145434Z[0m [34mDEBUG[0m [2mhyper::proto::h1::io[0m[2m:[0m parsed 4 headers
[2m2025-12-10T10:10:56.145438Z[0m [34mDEBUG[0m [2mhyper::proto::h1::conn[0m[2m:[0m incoming body is content-length (45 bytes)
[2m2025-12-10T10:10:56.145444Z[0m [34mDEBUG[0m [2mhyper::proto::h1::conn[0m[2m:[0m incoming body completed
[2m2025-12-10T10:10:56.145455Z[0m [34mDEBUG[0m [2mhyper::client::pool[0m[2m:[0m pooling idle connection for ("http", 192.168.0.14:8545)
[2m2025-12-10T10:10:56.145469Z[0m [34mDEBUG[0m [2mhyper::client::pool[0m[2m:[0m reuse idle connection for ("http", 192.168.0.14:8545)
[2m2025-12-10T10:10:56.145482Z[0m [34mDEBUG[0m [2mhyper::proto::h1::io[0m[2m:[0m flushed 172 bytes
[2m2025-12-10T10:10:56.152973Z[0m [34mDEBUG[0m [2mhyper::proto::h1::io[0m[2m:[0m parsed 4 headers
[2m2025-12-10T10:10:56.152983Z[0m [34mDEBUG[0m [2mhyper::proto::h1::conn[0m[2m:[0m incoming body is content-length (1731 bytes)
[2m2025-12-10T10:10:56.152990Z[0m [34mDEBUG[0m [2mhyper::proto::h1::conn[0m[2m:[0m incoming body completed
[2m2025-12-10T10:10:56.152999Z[0m [34mDEBUG[0m [2mhyper::client::pool[0m[2m:[0m pooling idle connection for ("http", 192.168.0.14:8545)
[2m2025-12-10T10:10:56.153008Z[0m [34mDEBUG[0m [2methereum_transaction_pool_monitor::eth_client[0m[2m:[0m 📡 Transaction fetch RPC completed in 7.643792ms
[2m2025-12-10T10:10:56.224746Z[0m [34mDEBUG[0m [2methereum_transaction_pool_monitor::eth_client[0m[2m:[0m ✅ Transaction 0x787a41b349579ae721252da87e6a218c5d8cca05f56d9dd2fc223c46e4c42918 fetched and parsed in 79.379708ms
[2m2025-12-10T10:10:56.227804Z[0m [34mDEBUG[0m [2methereum_transaction_pool_monitor::mempool_monitor[0m[2m:[0m 🔍 Skipping tx 0x787a41b349579ae721252da87e6a218c5d8cca05f56d9dd2fc223c46e4c42918 - not a DEX interaction (target: 0x601a2aD6CB5949f0529735254189Ba3194221EDF)
[2m2025-12-10T10:10:56.227821Z[0m [34mDEBUG[0m [2methereum_transaction_pool_monitor::mempool_monitor[0m[2m:[0m 📨 Processing new pending transaction: 0x8debb688608dff54c3bab3c013d95018fd1e638efdb123f28ab8670e7f04a5ac
[2m2025-12-10T10:10:56.227827Z[0m [34mDEBUG[0m [2methereum_transaction_pool_monitor::mempool_monitor[0m[2m:[0m 🔍 Fetching transaction details for: 0x8debb688608dff54c3bab3c013d95018fd1e638efdb123f28ab8670e7f04a5ac
[2m2025-12-10T10:10:56.227832Z[0m [34mDEBUG[0m [2methereum_transaction_pool_monitor::eth_client[0m[2m:[0m 🔍 Fetching transaction details for hash: 0x8debb688608dff54c3bab3c013d95018fd1e638efdb123f28ab8670e7f04a5ac
[2m2025-12-10T10:10:56.227855Z[0m [34mDEBUG[0m [2mhyper::client::pool[0m[2m:[0m reuse idle connection for ("http", 192.168.0.14:8545)
[2m2025-12-10T10:10:56.227894Z[0m [34mDEBUG[0m [2mhyper::proto::h1::io[0m[2m:[0m flushed 250 bytes
[2m2025-12-10T10:10:56.227912Z[0m [34mDEBUG[0m [2mhyper::proto::h1::io[0m[2m:[0m parsed 4 headers
[2m2025-12-10T10:10:56.227918Z[0m [34mDEBUG[0m [2mhyper::proto::h1::conn[0m[2m:[0m incoming body is content-length (45 bytes)
[2m2025-12-10T10:10:56.227926Z[0m [34mDEBUG[0m [2mhyper::proto::h1::conn[0m[2m:[0m incoming body completed
[2m2025-12-10T10:10:56.227935Z[0m [34mDEBUG[0m [2mhyper::client::pool[0m[2m:[0m pooling idle connection for ("http", 192.168.0.14:8545)
[2m2025-12-10T10:10:56.227950Z[0m [34mDEBUG[0m [2mhyper::client::pool[0m[2m:[0m reuse idle connection for ("http", 192.168.0.14:8545)
[2m2025-12-10T10:10:56.227966Z[0m [34mDEBUG[0m [2mhyper::proto::h1::io[0m[2m:[0m flushed 172 bytes
[2m2025-12-10T10:10:56.232150Z[0m [34mDEBUG[0m [2mhyper::proto::h1::io[0m[2m:[0m parsed 4 headers
[2m2025-12-10T10:10:56.232158Z[0m [34mDEBUG[0m [2mhyper::proto::h1::conn[0m[2m:[0m incoming body is content-length (779 bytes)
[2m2025-12-10T10:10:56.232164Z[0m [34mDEBUG[0m [2mhyper::proto::h1::conn[0m[2m:[0m incoming body completed
[2m2025-12-10T10:10:56.232171Z[0m [34mDEBUG[0m [2mhyper::client::pool[0m[2m:[0m pooling idle connection for ("http", 192.168.0.14:8545)
[2m2025-12-10T10:10:56.232177Z[0m [34mDEBUG[0m [2methereum_transaction_pool_monitor::eth_client[0m[2m:[0m 📡 Transaction fetch RPC completed in 4.340083ms
[2m2025-12-10T10:10:56.232190Z[0m [34mDEBUG[0m [2methereum_transaction_pool_monitor::eth_client[0m[2m:[0m DeFi transaction detected - Address: 0xdac17f958d2ee523a2206206994597c13d831ec7, Type: Stablecoin, Value: 0 ETH, Gas: 501.00 Gwei
[2m2025-12-10T10:10:56.232201Z[0m [34mDEBUG[0m [2methereum_transaction_pool_monitor::eth_client[0m[2m:[0m ✅ Transaction 0x8debb688608dff54c3bab3c013d95018fd1e638efdb123f28ab8670e7f04a5ac fetched and parsed in 4.364708ms
[2m2025-12-10T10:10:56.232207Z[0m [34mDEBUG[0m [2methereum_transaction_pool_monitor::mempool_monitor[0m[2m:[0m 🔍 Skipping tx 0x8debb688608dff54c3bab3c013d95018fd1e638efdb123f28ab8670e7f04a5ac - not a DEX interaction (target: 0xdAC17F958D2ee523a2206206994597C13D831ec7)
[2m2025-12-10T10:10:56.232213Z[0m [34mDEBUG[0m [2methereum_transaction_pool_monitor::mempool_monitor[0m[2m:[0m 📨 Processing new pending transaction: 0x16b2272df96248415def8179013c5d80694384872e9f74bae925f82609dec303
[2m2025-12-10T10:10:56.232217Z[0m [34mDEBUG[0m [2methereum_transaction_pool_monitor::mempool_monitor[0m[2m:[0m 🔍 Fetching transaction details for: 0x16b2272df96248415def8179013c5d80694384872e9f74bae925f82609dec303
[2m2025-12-10T10:10:56.232221Z[0m [34mDEBUG[0m [2methereum_transaction_pool_monitor::eth_client[0m[2m:[0m 🔍 Fetching transaction details for hash: 0x16b2272df96248415def8179013c5d80694384872e9f74bae925f82609dec303
[2m2025-12-10T10:10:56.232230Z[0m [34mDEBUG[0m [2mhyper::client::pool[0m[2m:[0m reuse idle connection for ("http", 192.168.0.14:8545)
[2m2025-12-10T10:10:56.232250Z[0m [34mDEBUG[0m [2mhyper::proto::h1::io[0m[2m:[0m flushed 250 bytes
[2m2025-12-10T10:10:56.232883Z[0m [34mDEBUG[0m [2mhyper::proto::h1::io[0m[2m:[0m parsed 4 headers
[2m2025-12-10T10:10:56.232890Z[0m [34mDEBUG[0m [2mhyper::proto::h1::conn[0m[2m:[0m incoming body is content-length (45 bytes)
[2m2025-12-10T10:10:56.232898Z[0m [34mDEBUG[0m [2mhyper::proto::h1::conn[0m[2m:[0m incoming body completed
[2m2025-12-10T10:10:56.232905Z[0m [34mDEBUG[0m [2mhyper::client::pool[0m[2m:[0m pooling idle connection for ("http", 192.168.0.14:8545)
[2m2025-12-10T10:10:56.240070Z[0m [34mDEBUG[0m [2mhyper::proto::h1::io[0m[2m:[0m parsed 4 headers
[2m2025-12-10T10:10:56.240083Z[0m [34mDEBUG[0m [2mhyper::proto::h1::conn[0m[2m:[0m incoming body is content-length (780 bytes)
[2m2025-12-10T10:10:56.240089Z[0m [34mDEBUG[0m [2mhyper::proto::h1::conn[0m[2m:[0m incoming body completed
[2m2025-12-10T10:10:56.240097Z[0m [34mDEBUG[0m [2mhyper::client::pool[0m[2m:[0m pooling idle connection for ("http", 192.168.0.14:8545)
[2m2025-12-10T10:10:56.240102Z[0m [34mDEBUG[0m [2methereum_transaction_pool_monitor::eth_client[0m[2m:[0m 📡 Transaction fetch RPC completed in 7.8775ms
[2m2025-12-10T10:10:56.240114Z[0m [34mDEBUG[0m [2methereum_transaction_pool_monitor::eth_client[0m[2m:[0m DeFi transaction detected - Address: 0xdac17f958d2ee523a2206206994597c13d831ec7, Type: Stablecoin, Value: 0 ETH, Gas: 501.00 Gwei
[2m2025-12-10T10:10:56.240125Z[0m [34mDEBUG[0m [2methereum_transaction_pool_monitor::eth_client[0m[2m:[0m ✅ Transaction 0x16b2272df96248415def8179013c5d80694384872e9f74bae925f82609dec303 fetched and parsed in 7.900083ms
[2m2025-12-10T10:10:56.240131Z[0m [34mDEBUG[0m [2methereum_transaction_pool_monitor::mempool_monitor[0m[2m:[0m 🔍 Skipping tx 0x16b2272df96248415def8179013c5d80694384872e9f74bae925f82609dec303 - not a DEX interaction (target: 0xdAC17F958D2ee523a2206206994597C13D831ec7)
[2m2025-12-10T10:10:56.240137Z[0m [34mDEBUG[0m [2methereum_transaction_pool_monitor::mempool_monitor[0m[2m:[0m 📨 Processing new pending transaction: 0xb6ee58db433332b540c7333d6f288c964e861ec01b25e9235188718874b47210
[2m2025-12-10T10:10:56.240141Z[0m [34mDEBUG[0m [2methereum_transaction_pool_monitor::mempool_monitor[0m[2m:[0m 🔍 Fetching transaction details for: 0xb6ee58db433332b540c7333d6f288c964e861ec01b25e9235188718874b47210
[2m2025-12-10T10:10:56.240145Z[0m [34mDEBUG[0m [2methereum_transaction_pool_monitor::eth_client[0m[2m:[0m 🔍 Fetching transaction details for hash: 0xb6ee58db433332b540c7333d6f288c964e861ec01b25e9235188718874b47210
[2m2025-12-10T10:10:56.240155Z[0m [34mDEBUG[0m [2mhyper::client::pool[0m[2m:[0m reuse idle connection for ("http", 192.168.0.14:8545)
[2m2025-12-10T10:10:56.240180Z[0m [34mDEBUG[0m [2mhyper::proto::h1::io[0m[2m:[0m flushed 250 bytes
[2m2025-12-10T10:10:56.249708Z[0m [34mDEBUG[0m [2mhyper::proto::h1::io[0m[2m:[0m parsed 4 headers
[2m2025-12-10T10:10:56.249715Z[0m [34mDEBUG[0m [2mhyper::proto::h1::conn[0m[2m:[0m incoming body is content-length (905 bytes)
[2m2025-12-10T10:10:56.249720Z[0m [34mDEBUG[0m [2mhyper::proto::h1::conn[0m[2m:[0m incoming body completed
[2m2025-12-10T10:10:56.249726Z[0m [34mDEBUG[0m [2mhyper::client::pool[0m[2m:[0m pooling idle connection for ("http", 192.168.0.14:8545)
[2m2025-12-10T10:10:56.249731Z[0m [34mDEBUG[0m [2methereum_transaction_pool_monitor::eth_client[0m[2m:[0m 📡 Transaction fetch RPC completed in 9.5825ms
[2m2025-12-10T10:10:56.320874Z[0m [34mDEBUG[0m [2methereum_transaction_pool_monitor::eth_client[0m[2m:[0m ✅ Transaction 0xb6ee58db433332b540c7333d6f288c964e861ec01b25e9235188718874b47210 fetched and parsed in 80.723375ms
[2m2025-12-10T10:10:56.320901Z[0m [34mDEBUG[0m [2methereum_transaction_pool_monitor::mempool_monitor[0m[2m:[0m 🔍 Skipping tx 0xb6ee58db433332b540c7333d6f288c964e861ec01b25e9235188718874b47210 - not a DEX interaction (target: 0xFf00000000000000000000000000000000008453)
[2m2025-12-10T10:10:56.320911Z[0m [34mDEBUG[0m [2methereum_transaction_pool_monitor::mempool_monitor[0m[2m:[0m 📨 Processing new pending transaction: 0xb095f808112c01dfbe61955a3450e4c59791e46c7949b9a0071fd55112da6ab2
[2m2025-12-10T10:10:56.320918Z[0m [34mDEBUG[0m [2methereum_transaction_pool_monitor::mempool_monitor[0m[2m:[0m 🔍 Fetching transaction details for: 0xb095f808112c01dfbe61955a3450e4c59791e46c7949b9a0071fd55112da6ab2
[2m2025-12-10T10:10:56.320925Z[0m [34mDEBUG[0m [2methereum_transaction_pool_monitor::eth_client[0m[2m:[0m 🔍 Fetching transaction details for hash: 0xb095f808112c01dfbe61955a3450e4c59791e46c7949b9a0071fd55112da6ab2
[2m2025-12-10T10:10:56.320943Z[0m [34mDEBUG[0m [2mhyper::client::pool[0m[2m:[0m reuse idle connection for ("http", 192.168.0.14:8545)
[2m2025-12-10T10:10:56.320986Z[0m [34mDEBUG[0m [2mhyper::proto::h1::io[0m[2m:[0m flushed 250 bytes
[2m2025-12-10T10:10:56.321014Z[0m [34mDEBUG[0m [2mhyper::client::pool[0m[2m:[0m reuse idle connection for ("http", 192.168.0.14:8545)
[2m2025-12-10T10:10:56.321030Z[0m [34mDEBUG[0m [2mhyper::proto::h1::io[0m[2m:[0m flushed 172 bytes
[2m2025-12-10T10:10:56.326157Z[0m [34mDEBUG[0m [2mhyper::proto::h1::io[0m[2m:[0m parsed 4 headers
[2m2025-12-10T10:10:56.326166Z[0m [34mDEBUG[0m [2mhyper::proto::h1::conn[0m[2m:[0m incoming body is content-length (45 bytes)
[2m2025-12-10T10:10:56.326174Z[0m [34mDEBUG[0m [2mhyper::proto::h1::conn[0m[2m:[0m incoming body completed
[2m2025-12-10T10:10:56.326184Z[0m [34mDEBUG[0m [2mhyper::client::pool[0m[2m:[0m pooling idle connection for ("http", 192.168.0.14:8545)
[2m2025-12-10T10:10:56.326204Z[0m [34mDEBUG[0m [2mhyper::proto::h1::io[0m[2m:[0m parsed 4 headers
[2m2025-12-10T10:10:56.326209Z[0m [34mDEBUG[0m [2mhyper::proto::h1::conn[0m[2m:[0m incoming body is content-length (679 bytes)
[2m2025-12-10T10:10:56.326213Z[0m [34mDEBUG[0m [2mhyper::proto::h1::conn[0m[2m:[0m incoming body completed
[2m2025-12-10T10:10:56.326219Z[0m [34mDEBUG[0m [2mhyper::client::pool[0m[2m:[0m pooling idle connection for ("http", 192.168.0.14:8545)
[2m2025-12-10T10:10:56.326224Z[0m [34mDEBUG[0m [2methereum_transaction_pool_monitor::eth_client[0m[2m:[0m 📡 Transaction fetch RPC completed in 5.294291ms
[2m2025-12-10T10:10:56.397917Z[0m [34mDEBUG[0m [2methereum_transaction_pool_monitor::eth_client[0m[2m:[0m ✅ Transaction 0xb095f808112c01dfbe61955a3450e4c59791e46c7949b9a0071fd55112da6ab2 fetched and parsed in 76.985166ms
[2m2025-12-10T10:10:56.397945Z[0m [34mDEBUG[0m [2methereum_transaction_pool_monitor::mempool_monitor[0m[2m:[0m 🔍 Skipping tx 0xb095f808112c01dfbe61955a3450e4c59791e46c7949b9a0071fd55112da6ab2 - not a DEX interaction (target: 0xB685760EBD368a891F27ae547391F4E2A289895b)
[2m2025-12-10T10:10:56.397956Z[0m [34mDEBUG[0m [2methereum_transaction_pool_monitor::mempool_monitor[0m[2m:[0m 📨 Processing new pending transaction: 0xaf2ac3576116052050249a66201742fa7737fc3c23c84e0724642594d60f5166
[2m2025-12-10T10:10:56.397970Z[0m [34mDEBUG[0m [2methereum_transaction_pool_monitor::mempool_monitor[0m[2m:[0m 🔍 Fetching transaction details for: 0xaf2ac3576116052050249a66201742fa7737fc3c23c84e0724642594d60f5166
[2m2025-12-10T10:10:56.397978Z[0m [34mDEBUG[0m [2methereum_transaction_pool_monitor::eth_client[0m[2m:[0m 🔍 Fetching transaction details for hash: 0xaf2ac3576116052050249a66201742fa7737fc3c23c84e0724642594d60f5166
[2m2025-12-10T10:10:56.397998Z[0m [34mDEBUG[0m [2mhyper::client::pool[0m[2m:[0m reuse idle connection for ("http", 192.168.0.14:8545)
[2m2025-12-10T10:10:56.398033Z[0m [34mDEBUG[0m [2mhyper::proto::h1::io[0m[2m:[0m flushed 250 bytes
[2m2025-12-10T10:10:56.398068Z[0m [34mDEBUG[0m [2mhyper::client::pool[0m[2m:[0m reuse idle connection for ("http", 192.168.0.14:8545)
[2m2025-12-10T10:10:56.398085Z[0m [34mDEBUG[0m [2mhyper::proto::h1::io[0m[2m:[0m flushed 172 bytes
[2m2025-12-10T10:10:56.403407Z[0m [34mDEBUG[0m [2mhyper::proto::h1::io[0m[2m:[0m parsed 4 headers
[2m2025-12-10T10:10:56.403413Z[0m [34mDEBUG[0m [2mhyper::proto::h1::conn[0m[2m:[0m incoming body is content-length (45 bytes)
[2m2025-12-10T10:10:56.403422Z[0m [34mDEBUG[0m [2mhyper::proto::h1::conn[0m[2m:[0m incoming body completed
[2m2025-12-10T10:10:56.403432Z[0m [34mDEBUG[0m [2mhyper::client::pool[0m[2m:[0m pooling idle connection for ("http", 192.168.0.14:8545)
[2m2025-12-10T10:10:56.411023Z[0m [34mDEBUG[0m [2mhyper::proto::h1::io[0m[2m:[0m parsed 4 headers
[2m2025-12-10T10:10:56.411035Z[0m [34mDEBUG[0m [2mhyper::proto::h1::conn[0m[2m:[0m incoming body is content-length (677 bytes)
[2m2025-12-10T10:10:56.411042Z[0m [34mDEBUG[0m [2mhyper::proto::h1::conn[0m[2m:[0m incoming body completed
[2m2025-12-10T10:10:56.411050Z[0m [34mDEBUG[0m [2mhyper::client::pool[0m[2m:[0m pooling idle connection for ("http", 192.168.0.14:8545)
[2m2025-12-10T10:10:56.411056Z[0m [34mDEBUG[0m [2methereum_transaction_pool_monitor::eth_client[0m[2m:[0m 📡 Transaction fetch RPC completed in 13.071375ms
[2m2025-12-10T10:10:56.411068Z[0m [34mDEBUG[0m [2methereum_transaction_pool_monitor::eth_client[0m[2m:[0m DeFi transaction detected - Address: 0xdac17f958d2ee523a2206206994597c13d831ec7, Type: Stablecoin, Value: 0 ETH, Gas: 2.00 Gwei
[2m2025-12-10T10:10:56.411080Z[0m [34mDEBUG[0m [2methereum_transaction_pool_monitor::eth_client[0m[2m:[0m ✅ Transaction 0xaf2ac3576116052050249a66201742fa7737fc3c23c84e0724642594d60f5166 fetched and parsed in 13.095416ms
[2m2025-12-10T10:10:56.411086Z[0m [34mDEBUG[0m [2methereum_transaction_pool_monitor::mempool_monitor[0m[2m:[0m 🔍 Skipping tx 0xaf2ac3576116052050249a66201742fa7737fc3c23c84e0724642594d60f5166 - not a DEX interaction (target: 0xdAC17F958D2ee523a2206206994597C13D831ec7)
[2m2025-12-10T10:10:56.411093Z[0m [34mDEBUG[0m [2methereum_transaction_pool_monitor::mempool_monitor[0m[2m:[0m 📨 Processing new pending transaction: 0xc3d94a876114bd2da0ce64044c165fdc6b13274b116dcbf568800595dcf3d2ca
[2m2025-12-10T10:10:56.411097Z[0m [34mDEBUG[0m [2methereum_transaction_pool_monitor::mempool_monitor[0m[2m:[0m 🔍 Fetching transaction details for: 0xc3d94a876114bd2da0ce64044c165fdc6b13274b116dcbf568800595dcf3d2ca
[2m2025-12-10T10:10:56.411101Z[0m [34mDEBUG[0m [2methereum_transaction_pool_monitor::eth_client[0m[2m:[0m 🔍 Fetching transaction details for hash: 0xc3d94a876114bd2da0ce64044c165fdc6b13274b116dcbf568800595dcf3d2ca
[2m2025-12-10T10:10:56.411112Z[0m [34mDEBUG[0m [2mhyper::client::pool[0m[2m:[0m reuse idle connection for ("http", 192.168.0.14:8545)
[2m2025-12-10T10:10:56.411137Z[0m [34mDEBUG[0m [2mhyper::proto::h1::io[0m[2m:[0m flushed 250 bytes
[2m2025-12-10T10:10:56.415921Z[0m [34mDEBUG[0m [2mhyper::proto::h1::io[0m[2m:[0m parsed 4 headers
[2m2025-12-10T10:10:56.415933Z[0m [34mDEBUG[0m [2mhyper::proto::h1::conn[0m[2m:[0m incoming body is content-length (780 bytes)
[2m2025-12-10T10:10:56.415940Z[0m [34mDEBUG[0m [2mhyper::proto::h1::conn[0m[2m:[0m incoming body completed
[2m2025-12-10T10:10:56.415949Z[0m [34mDEBUG[0m [2mhyper::client::pool[0m[2m:[0m pooling idle connection for ("http", 192.168.0.14:8545)
[2m2025-12-10T10:10:56.415954Z[0m [34mDEBUG[0m [2methereum_transaction_pool_monitor::eth_client[0m[2m:[0m 📡 Transaction fetch RPC completed in 4.849333ms
[2m2025-12-10T10:10:56.415970Z[0m [34mDEBUG[0m [2methereum_transaction_pool_monitor::eth_client[0m[2m:[0m DeFi transaction detected - Address: 0xdac17f958d2ee523a2206206994597c13d831ec7, Type: Stablecoin, Value: 0 ETH, Gas: 501.00 Gwei
[2m2025-12-10T10:10:56.415981Z[0m [34mDEBUG[0m [2methereum_transaction_pool_monitor::eth_client[0m[2m:[0m ✅ Transaction 0xc3d94a876114bd2da0ce64044c165fdc6b13274b116dcbf568800595dcf3d2ca fetched and parsed in 4.876041ms
[2m2025-12-10T10:10:56.415986Z[0m [34mDEBUG[0m [2methereum_transaction_pool_monitor::mempool_monitor[0m[2m:[0m 🔍 Skipping tx 0xc3d94a876114bd2da0ce64044c165fdc6b13274b116dcbf568800595dcf3d2ca - not a DEX interaction (target: 0xdAC17F958D2ee523a2206206994597C13D831ec7)
[2m2025-12-10T10:10:56.416178Z[0m [34mDEBUG[0m [2methereum_transaction_pool_monitor::mempool_monitor[0m[2m:[0m 📨 Processing new pending transaction: 0xabf66cd77e4efeb0bbc9a6b43e5767dd799b9b5d5f88f331c6b1e06984052a6f
[2m2025-12-10T10:10:56.416182Z[0m [34mDEBUG[0m [2methereum_transaction_pool_monitor::mempool_monitor[0m[2m:[0m 🔍 Fetching transaction details for: 0xabf66cd77e4efeb0bbc9a6b43e5767dd799b9b5d5f88f331c6b1e06984052a6f
[2m2025-12-10T10:10:56.416186Z[0m [34mDEBUG[0m [2methereum_transaction_pool_monitor::eth_client[0m[2m:[0m 🔍 Fetching transaction details for hash: 0xabf66cd77e4efeb0bbc9a6b43e5767dd799b9b5d5f88f331c6b1e06984052a6f
[2m2025-12-10T10:10:56.416196Z[0m [34mDEBUG[0m [2mhyper::client::pool[0m[2m:[0m reuse idle connection for ("http", 192.168.0.14:8545)
[2m2025-12-10T10:10:56.416219Z[0m [34mDEBUG[0m [2mhyper::proto::h1::io[0m[2m:[0m flushed 250 bytes
[2m2025-12-10T10:10:56.421763Z[0m [34mDEBUG[0m [2mhyper::proto::h1::io[0m[2m:[0m parsed 4 headers
[2m2025-12-10T10:10:56.421769Z[0m [34mDEBUG[0m [2mhyper::proto::h1::conn[0m[2m:[0m incoming body is content-length (766 bytes)
[2m2025-12-10T10:10:56.421775Z[0m [34mDEBUG[0m [2mhyper::proto::h1::conn[0m[2m:[0m incoming body completed
[2m2025-12-10T10:10:56.421781Z[0m [34mDEBUG[0m [2mhyper::client::pool[0m[2m:[0m pooling idle connection for ("http", 192.168.0.14:8545)
[2m2025-12-10T10:10:56.421786Z[0m [34mDEBUG[0m [2methereum_transaction_pool_monitor::eth_client[0m[2m:[0m 📡 Transaction fetch RPC completed in 5.596458ms
[2m2025-12-10T10:10:56.421797Z[0m [34mDEBUG[0m [2methereum_transaction_pool_monitor::eth_client[0m[2m:[0m DeFi transaction detected - Address: 0xdac17f958d2ee523a2206206994597c13d831ec7, Type: Stablecoin, Value: 0 ETH, Gas: 0.35 Gwei
[2m2025-12-10T10:10:56.421807Z[0m [34mDEBUG[0m [2methereum_transaction_pool_monitor::eth_client[0m[2m:[0m ✅ Transaction 0xabf66cd77e4efeb0bbc9a6b43e5767dd799b9b5d5f88f331c6b1e06984052a6f fetched and parsed in 5.616625ms
[2m2025-12-10T10:10:56.421812Z[0m [34mDEBUG[0m [2methereum_transaction_pool_monitor::mempool_monitor[0m[2m:[0m 🔍 Skipping tx 0xabf66cd77e4efeb0bbc9a6b43e5767dd799b9b5d5f88f331c6b1e06984052a6f - not a DEX interaction (target: 0xdAC17F958D2ee523a2206206994597C13D831ec7)
[2m2025-12-10T10:10:56.421818Z[0m [34mDEBUG[0m [2methereum_transaction_pool_monitor::mempool_monitor[0m[2m:[0m 📨 Processing new pending transaction: 0xbc4ca4f60332831bc7dd91122665e20f8c69095af71f7a5167eb77579508b90b
[2m2025-12-10T10:10:56.421822Z[0m [34mDEBUG[0m [2methereum_transaction_pool_monitor::mempool_monitor[0m[2m:[0m 🔍 Fetching transaction details for: 0xbc4ca4f60332831bc7dd91122665e20f8c69095af71f7a5167eb77579508b90b
[2m2025-12-10T10:10:56.421826Z[0m [34mDEBUG[0m [2methereum_transaction_pool_monitor::eth_client[0m[2m:[0m 🔍 Fetching transaction details for hash: 0xbc4ca4f60332831bc7dd91122665e20f8c69095af71f7a5167eb77579508b90b
[2m2025-12-10T10:10:56.421835Z[0m [34mDEBUG[0m [2mhyper::client::pool[0m[2m:[0m reuse idle connection for ("http", 192.168.0.14:8545)
[2m2025-12-10T10:10:56.421852Z[0m [34mDEBUG[0m [2mhyper::proto::h1::io[0m[2m:[0m flushed 250 bytes
[2m2025-12-10T10:10:56.428362Z[0m [34mDEBUG[0m [2mhyper::proto::h1::io[0m[2m:[0m parsed 4 headers
[2m2025-12-10T10:10:56.428375Z[0m [34mDEBUG[0m [2mhyper::proto::h1::conn[0m[2m:[0m incoming body is content-length (770 bytes)
[2m2025-12-10T10:10:56.428380Z[0m [34mDEBUG[0m [2mhyper::proto::h1::conn[0m[2m:[0m incoming body completed
[2m2025-12-10T10:10:56.428388Z[0m [34mDEBUG[0m [2mhyper::client::pool[0m[2m:[0m pooling idle connection for ("http", 192.168.0.14:8545)
[2m2025-12-10T10:10:56.428394Z[0m [34mDEBUG[0m [2methereum_transaction_pool_monitor::eth_client[0m[2m:[0m 📡 Transaction fetch RPC completed in 6.564209ms
[2m2025-12-10T10:10:56.428405Z[0m [34mDEBUG[0m [2methereum_transaction_pool_monitor::eth_client[0m[2m:[0m DeFi transaction detected - Address: 0xdac17f958d2ee523a2206206994597c13d831ec7, Type: Stablecoin, Value: 0 ETH, Gas: 0.23 Gwei
[2m2025-12-10T10:10:56.428414Z[0m [34mDEBUG[0m [2methereum_transaction_pool_monitor::eth_client[0m[2m:[0m ✅ Transaction 0xbc4ca4f60332831bc7dd91122665e20f8c69095af71f7a5167eb77579508b90b fetched and parsed in 6.585084ms
[2m2025-12-10T10:10:56.428420Z[0m [34mDEBUG[0m [2methereum_transaction_pool_monitor::mempool_monitor[0m[2m:[0m 🔍 Skipping tx 0xbc4ca4f60332831bc7dd91122665e20f8c69095af71f7a5167eb77579508b90b - not a DEX interaction (target: 0xdAC17F958D2ee523a2206206994597C13D831ec7)
[2m2025-12-10T10:10:56.428426Z[0m [34mDEBUG[0m [2methereum_transaction_pool_monitor::mempool_monitor[0m[2m:[0m 📨 Processing new pending transaction: 0xcd05c148c0ec11fe97ac4d2817dc3b8e4337a1a3cb706d547efc399892811e73
[2m2025-12-10T10:10:56.428430Z[0m [34mDEBUG[0m [2methereum_transaction_pool_monitor::mempool_monitor[0m[2m:[0m 🔍 Fetching transaction details for: 0xcd05c148c0ec11fe97ac4d2817dc3b8e4337a1a3cb706d547efc399892811e73
[2m2025-12-10T10:10:56.428433Z[0m [34mDEBUG[0m [2methereum_transaction_pool_monitor::eth_client[0m[2m:[0m 🔍 Fetching transaction details for hash: 0xcd05c148c0ec11fe97ac4d2817dc3b8e4337a1a3cb706d547efc399892811e73
[2m2025-12-10T10:10:56.428444Z[0m [34mDEBUG[0m [2mhyper::client::pool[0m[2m:[0m reuse idle connection for ("http", 192.168.0.14:8545)
[2m2025-12-10T10:10:56.428465Z[0m [34mDEBUG[0m [2mhyper::proto::h1::io[0m[2m:[0m flushed 250 bytes
[2m2025-12-10T10:10:56.436252Z[0m [34mDEBUG[0m [2mhyper::proto::h1::io[0m[2m:[0m parsed 4 headers
[2m2025-12-10T10:10:56.436264Z[0m [34mDEBUG[0m [2mhyper::proto::h1::conn[0m[2m:[0m incoming body is content-length (775 bytes)
[2m2025-12-10T10:10:56.436272Z[0m [34mDEBUG[0m [2mhyper::proto::h1::conn[0m[2m:[0m incoming body completed
[2m2025-12-10T10:10:56.436280Z[0m [34mDEBUG[0m [2mhyper::client::pool[0m[2m:[0m pooling idle connection for ("http", 192.168.0.14:8545)
[2m2025-12-10T10:10:56.436286Z[0m [34mDEBUG[0m [2methereum_transaction_pool_monitor::eth_client[0m[2m:[0m 📡 Transaction fetch RPC completed in 7.849375ms
[2m2025-12-10T10:10:56.436299Z[0m [34mDEBUG[0m [2methereum_transaction_pool_monitor::eth_client[0m[2m:[0m DeFi transaction detected - Address: 0xdac17f958d2ee523a2206206994597c13d831ec7, Type: Stablecoin, Value: 0 ETH, Gas: 6.50 Gwei
[2m2025-12-10T10:10:56.436309Z[0m [34mDEBUG[0m [2methereum_transaction_pool_monitor::eth_client[0m[2m:[0m ✅ Transaction 0xcd05c148c0ec11fe97ac4d2817dc3b8e4337a1a3cb706d547efc399892811e73 fetched and parsed in 7.87175ms
[2m2025-12-10T10:10:56.436314Z[0m [34mDEBUG[0m [2methereum_transaction_pool_monitor::mempool_monitor[0m[2m:[0m 🔍 Skipping tx 0xcd05c148c0ec11fe97ac4d2817dc3b8e4337a1a3cb706d547efc399892811e73 - not a DEX interaction (target: 0xdAC17F958D2ee523a2206206994597C13D831ec7)
[2m2025-12-10T10:10:56.436321Z[0m [34mDEBUG[0m [2methereum_transaction_pool_monitor::mempool_monitor[0m[2m:[0m 📨 Processing new pending transaction: 0x1886ce81406034e75716722ec7ef08465924d5de91a7ff4af88cdb1d21dc807c
[2m2025-12-10T10:10:56.436325Z[0m [34mDEBUG[0m [2methereum_transaction_pool_monitor::mempool_monitor[0m[2m:[0m 🔍 Fetching transaction details for: 0x1886ce81406034e75716722ec7ef08465924d5de91a7ff4af88cdb1d21dc807c
[2m2025-12-10T10:10:56.436328Z[0m [34mDEBUG[0m [2methereum_transaction_pool_monitor::eth_client[0m[2m:[0m 🔍 Fetching transaction details for hash: 0x1886ce81406034e75716722ec7ef08465924d5de91a7ff4af88cdb1d21dc807c
[2m2025-12-10T10:10:56.436341Z[0m [34mDEBUG[0m [2mhyper::client::pool[0m[2m:[0m reuse idle connection for ("http", 192.168.0.14:8545)
[2m2025-12-10T10:10:56.436366Z[0m [34mDEBUG[0m [2mhyper::proto::h1::io[0m[2m:[0m flushed 250 bytes
[2m2025-12-10T10:10:56.441716Z[0m [34mDEBUG[0m [2mhyper::proto::h1::io[0m[2m:[0m parsed 4 headers
[2m2025-12-10T10:10:56.441736Z[0m [34mDEBUG[0m [2mhyper::proto::h1::conn[0m[2m:[0m incoming body is content-length (657 bytes)
[2m2025-12-10T10:10:56.441743Z[0m [34mDEBUG[0m [2mhyper::proto::h1::conn[0m[2m:[0m incoming body completed
[2m2025-12-10T10:10:56.441751Z[0m [34mDEBUG[0m [2mhyper::client::pool[0m[2m:[0m pooling idle connection for ("http", 192.168.0.14:8545)
[2m2025-12-10T10:10:56.441758Z[0m [34mDEBUG[0m [2methereum_transaction_pool_monitor::eth_client[0m[2m:[0m 📡 Transaction fetch RPC completed in 5.425791ms
[2m2025-12-10T10:10:56.441772Z[0m [34mDEBUG[0m [2methereum_transaction_pool_monitor::eth_client[0m[2m:[0m DeFi transaction detected - Address: 0xc02aaa39b223fe8d0a0e5c4f27ead9083c756cc2, Type: TokenContract, Value: 0.0890 ETH, Gas: 0.19 Gwei
[2m2025-12-10T10:10:56.441780Z[0m [34mDEBUG[0m [2methereum_transaction_pool_monitor::eth_client[0m[2m:[0m ✅ Transaction 0x1886ce81406034e75716722ec7ef08465924d5de91a7ff4af88cdb1d21dc807c fetched and parsed in 5.448416ms
[2m2025-12-10T10:10:56.441786Z[0m [34mDEBUG[0m [2methereum_transaction_pool_monitor::mempool_monitor[0m[2m:[0m 🔍 Skipping tx 0x1886ce81406034e75716722ec7ef08465924d5de91a7ff4af88cdb1d21dc807c - not a DEX interaction (target: 0xC02aaA39b223FE8D0A0e5C4F27eAD9083C756Cc2)
[2m2025-12-10T10:10:56.441794Z[0m [34mDEBUG[0m [2methereum_transaction_pool_monitor::mempool_monitor[0m[2m:[0m 📨 Processing new pending transaction: 0xa4ccb42b6fd5c20f8f39c6cd4d9dbf8a86e5dcc6f253f57b2a2c7df44643114e
[2m2025-12-10T10:10:56.441798Z[0m [34mDEBUG[0m [2methereum_transaction_pool_monitor::mempool_monitor[0m[2m:[0m 🔍 Fetching transaction details for: 0xa4ccb42b6fd5c20f8f39c6cd4d9dbf8a86e5dcc6f253f57b2a2c7df44643114e
[2m2025-12-10T10:10:56.441802Z[0m [34mDEBUG[0m [2methereum_transaction_pool_monitor::eth_client[0m[2m:[0m 🔍 Fetching transaction details for hash: 0xa4ccb42b6fd5c20f8f39c6cd4d9dbf8a86e5dcc6f253f57b2a2c7df44643114e
[2m2025-12-10T10:10:56.441814Z[0m [34mDEBUG[0m [2mhyper::client::pool[0m[2m:[0m reuse idle connection for ("http", 192.168.0.14:8545)
[2m2025-12-10T10:10:56.441844Z[0m [34mDEBUG[0m [2mhyper::proto::h1::io[0m[2m:[0m flushed 250 bytes
[2m2025-12-10T10:10:56.450460Z[0m [34mDEBUG[0m [2mhyper::proto::h1::io[0m[2m:[0m parsed 4 headers
[2m2025-12-10T10:10:56.454438Z[0m [34mDEBUG[0m [2mhyper::proto::h1::conn[0m[2m:[0m incoming body is content-length (677 bytes)
[2m2025-12-10T10:10:56.454471Z[0m [34mDEBUG[0m [2mhyper::proto::h1::conn[0m[2m:[0m incoming body completed
[2m2025-12-10T10:10:56.454485Z[0m [34mDEBUG[0m [2mhyper::client::pool[0m[2m:[0m pooling idle connection for ("http", 192.168.0.14:8545)
[2m2025-12-10T10:10:56.454496Z[0m [34mDEBUG[0m [2methereum_transaction_pool_monitor::eth_client[0m[2m:[0m 📡 Transaction fetch RPC completed in 12.689916ms
[2m2025-12-10T10:10:56.526750Z[0m [34mDEBUG[0m [2methereum_transaction_pool_monitor::eth_client[0m[2m:[0m ✅ Transaction 0xa4ccb42b6fd5c20f8f39c6cd4d9dbf8a86e5dcc6f253f57b2a2c7df44643114e fetched and parsed in 84.941375ms
[2m2025-12-10T10:10:56.526775Z[0m [34mDEBUG[0m [2methereum_transaction_pool_monitor::mempool_monitor[0m[2m:[0m 🔍 Skipping tx 0xa4ccb42b6fd5c20f8f39c6cd4d9dbf8a86e5dcc6f253f57b2a2c7df44643114e - not a DEX interaction (target: 0x9C7BEBa8F6eF6643aBd725e45a4E8387eF260649)
[2m2025-12-10T10:10:56.526786Z[0m [34mDEBUG[0m [2methereum_transaction_pool_monitor::mempool_monitor[0m[2m:[0m 📨 Processing new pending transaction: 0x52a50860badc9e36d054f6820feadb70dc24f4d07c9afc319f7178f607577278
[2m2025-12-10T10:10:56.526792Z[0m [34mDEBUG[0m [2methereum_transaction_pool_monitor::mempool_monitor[0m[2m:[0m 🔍 Fetching transaction details for: 0x52a50860badc9e36d054f6820feadb70dc24f4d07c9afc319f7178f607577278
[2m2025-12-10T10:10:56.526798Z[0m [34mDEBUG[0m [2methereum_transaction_pool_monitor::eth_client[0m[2m:[0m 🔍 Fetching transaction details for hash: 0x52a50860badc9e36d054f6820feadb70dc24f4d07c9afc319f7178f607577278
[2m2025-12-10T10:10:56.526816Z[0m [34mDEBUG[0m [2mhyper::client::pool[0m[2m:[0m reuse idle connection for ("http", 192.168.0.14:8545)
[2m2025-12-10T10:10:56.526855Z[0m [34mDEBUG[0m [2mhyper::proto::h1::io[0m[2m:[0m flushed 250 bytes
[2m2025-12-10T10:10:56.526874Z[0m [34mDEBUG[0m [2mhyper::client::pool[0m[2m:[0m reuse idle connection for ("http", 192.168.0.14:8545)
[2m2025-12-10T10:10:56.526888Z[0m [34mDEBUG[0m [2mhyper::proto::h1::io[0m[2m:[0m flushed 172 bytes
[2m2025-12-10T10:10:56.526918Z[0m [34mDEBUG[0m [2methereum_transaction_pool_monitor::eth_client[0m[2m:[0m 📨 Received WebSocket message: {"jsonrpc":"2.0","method":"eth_subscription","params":{"subscription":"0xbed0a0851463e895960a451075a301a9","result":"0xd2970aa6d7fac2b4a0513b60024af72020f7d834bb5ac8e512a084418a2b4018"}}
[2m2025-12-10T10:10:56.526928Z[0m [34mDEBUG[0m [2methereum_transaction_pool_monitor::eth_client[0m[2m:[0m 📨 Received pending transaction: 0xd2970aa6d7fac2b4a0513b60024af72020f7d834bb5ac8e512a084418a2b4018
[2m2025-12-10T10:10:56.534408Z[0m [34mDEBUG[0m [2mhyper::proto::h1::io[0m[2m:[0m parsed 4 headers
[2m2025-12-10T10:10:56.534421Z[0m [34mDEBUG[0m [2mhyper::proto::h1::conn[0m[2m:[0m incoming body is content-length (45 bytes)
[2m2025-12-10T10:10:56.534428Z[0m [34mDEBUG[0m [2mhyper::proto::h1::conn[0m[2m:[0m incoming body completed
[2m2025-12-10T10:10:56.534440Z[0m [34mDEBUG[0m [2mhyper::client::pool[0m[2m:[0m pooling idle connection for ("http", 192.168.0.14:8545)
[2m2025-12-10T10:10:56.534458Z[0m [34mDEBUG[0m [2mhyper::proto::h1::io[0m[2m:[0m parsed 4 headers
[2m2025-12-10T10:10:56.534462Z[0m [34mDEBUG[0m [2mhyper::proto::h1::conn[0m[2m:[0m incoming body is content-length (676 bytes)
[2m2025-12-10T10:10:56.534467Z[0m [34mDEBUG[0m [2mhyper::proto::h1::conn[0m[2m:[0m incoming body completed
[2m2025-12-10T10:10:56.534472Z[0m [34mDEBUG[0m [2mhyper::client::pool[0m[2m:[0m pooling idle connection for ("http", 192.168.0.14:8545)
[2m2025-12-10T10:10:56.534476Z[0m [34mDEBUG[0m [2methereum_transaction_pool_monitor::eth_client[0m[2m:[0m 📡 Transaction fetch RPC completed in 7.672916ms
[2m2025-12-10T10:10:56.606791Z[0m [34mDEBUG[0m [2methereum_transaction_pool_monitor::eth_client[0m[2m:[0m ✅ Transaction 0x52a50860badc9e36d054f6820feadb70dc24f4d07c9afc319f7178f607577278 fetched and parsed in 79.985458ms
[2m2025-12-10T10:10:56.606818Z[0m [34mDEBUG[0m [2methereum_transaction_pool_monitor::mempool_monitor[0m[2m:[0m 🔍 Skipping tx 0x52a50860badc9e36d054f6820feadb70dc24f4d07c9afc319f7178f607577278 - not a DEX interaction (target: 0x467719aD09025FcC6cF6F8311755809d45a5E5f3)
[2m2025-12-10T10:10:56.606829Z[0m [34mDEBUG[0m [2methereum_transaction_pool_monitor::mempool_monitor[0m[2m:[0m 📨 Processing new pending transaction: 0x3621e7084b33a235c236f5da8aa0e07d9e2c5e8cf3ef25d269fc66b5879bb64b
[2m2025-12-10T10:10:56.606838Z[0m [34mDEBUG[0m [2methereum_transaction_pool_monitor::mempool_monitor[0m[2m:[0m 🔍 Fetching transaction details for: 0x3621e7084b33a235c236f5da8aa0e07d9e2c5e8cf3ef25d269fc66b5879bb64b
[2m2025-12-10T10:10:56.606848Z[0m [34mDEBUG[0m [2methereum_transaction_pool_monitor::eth_client[0m[2m:[0m 🔍 Fetching transaction details for hash: 0x3621e7084b33a235c236f5da8aa0e07d9e2c5e8cf3ef25d269fc66b5879bb64b
[2m2025-12-10T10:10:56.606868Z[0m [34mDEBUG[0m [2mhyper::client::pool[0m[2m:[0m reuse idle connection for ("http", 192.168.0.14:8545)
[2m2025-12-10T10:10:56.606918Z[0m [34mDEBUG[0m [2mhyper::proto::h1::io[0m[2m:[0m flushed 250 bytes
[2m2025-12-10T10:10:56.606954Z[0m [34mDEBUG[0m [2mhyper::client::pool[0m[2m:[0m reuse idle connection for ("http", 192.168.0.14:8545)
[2m2025-12-10T10:10:56.606971Z[0m [34mDEBUG[0m [2mhyper::proto::h1::io[0m[2m:[0m flushed 172 bytes
[2m2025-12-10T10:10:56.613868Z[0m [34mDEBUG[0m [2mhyper::proto::h1::io[0m[2m:[0m parsed 4 headers
[2m2025-12-10T10:10:56.614122Z[0m [34mDEBUG[0m [2mhyper::proto::h1::conn[0m[2m:[0m incoming body is content-length (648 bytes)
[2m2025-12-10T10:10:56.614134Z[0m [34mDEBUG[0m [2mhyper::proto::h1::conn[0m[2m:[0m incoming body completed
[2m2025-12-10T10:10:56.614143Z[0m [34mDEBUG[0m [2mhyper::client::pool[0m[2m:[0m pooling idle connection for ("http", 192.168.0.14:8545)
[2m2025-12-10T10:10:56.614153Z[0m [34mDEBUG[0m [2methereum_transaction_pool_monitor::eth_client[0m[2m:[0m 📡 Transaction fetch RPC completed in 7.297833ms
[2m2025-12-10T10:10:56.686238Z[0m [34mDEBUG[0m [2methereum_transaction_pool_monitor::eth_client[0m[2m:[0m ✅ Transaction 0x3621e7084b33a235c236f5da8aa0e07d9e2c5e8cf3ef25d269fc66b5879bb64b fetched and parsed in 79.380208ms
[2m2025-12-10T10:10:56.686269Z[0m [34mDEBUG[0m [2methereum_transaction_pool_monitor::mempool_monitor[0m[2m:[0m 🔍 Skipping tx 0x3621e7084b33a235c236f5da8aa0e07d9e2c5e8cf3ef25d269fc66b5879bb64b - not a DEX interaction (target: 0x8adb6f51FBCe4aDb5085Be16032Eda8Fe90b1Fa1)
[2m2025-12-10T10:10:56.686281Z[0m [34mDEBUG[0m [2methereum_transaction_pool_monitor::mempool_monitor[0m[2m:[0m 📨 Processing new pending transaction: 0x73c39dd0e057be4d602ede071915ebd5ad7cff69bbce5f18d1f2230a1700311c
[2m2025-12-10T10:10:56.686294Z[0m [34mDEBUG[0m [2methereum_transaction_pool_monitor::mempool_monitor[0m[2m:[0m 🔍 Fetching transaction details for: 0x73c39dd0e057be4d602ede071915ebd5ad7cff69bbce5f18d1f2230a1700311c
[2m2025-12-10T10:10:56.686302Z[0m [34mDEBUG[0m [2methereum_transaction_pool_monitor::eth_client[0m[2m:[0m 🔍 Fetching transaction details for hash: 0x73c39dd0e057be4d602ede071915ebd5ad7cff69bbce5f18d1f2230a1700311c
[2m2025-12-10T10:10:56.686322Z[0m [34mDEBUG[0m [2mhyper::client::pool[0m[2m:[0m reuse idle connection for ("http", 192.168.0.14:8545)
[2m2025-12-10T10:10:56.686362Z[0m [34mDEBUG[0m [2mhyper::proto::h1::io[0m[2m:[0m flushed 250 bytes
[2m2025-12-10T10:10:56.686388Z[0m [34mDEBUG[0m [2methereum_transaction_pool_monitor::eth_client[0m[2m:[0m 📨 Received WebSocket message: {"jsonrpc":"2.0","method":"eth_subscription","params":{"subscription":"0xbed0a0851463e895960a451075a301a9","result":"0x8fb508f2a0424a6c938d03f21755b5b1f1e14398746c539f9cae3659ecd4723e"}}
[2m2025-12-10T10:10:56.686403Z[0m [34mDEBUG[0m [2methereum_transaction_pool_monitor::eth_client[0m[2m:[0m 📨 Received pending transaction: 0x8fb508f2a0424a6c938d03f21755b5b1f1e14398746c539f9cae3659ecd4723e
[2m2025-12-10T10:10:56.686388Z[0m [34mDEBUG[0m [2mhyper::proto::h1::io[0m[2m:[0m parsed 4 headers
[2m2025-12-10T10:10:56.686415Z[0m [34mDEBUG[0m [2methereum_transaction_pool_monitor::eth_client[0m[2m:[0m 📨 Received WebSocket message: {"jsonrpc":"2.0","method":"eth_subscription","params":{"subscription":"0xbed0a0851463e895960a451075a301a9","result":"0x7030370c01a2dec32ece969b0e8c1466b44290cd06f35fd016b10b44cba02ccd"}}
[2m2025-12-10T10:10:56.686467Z[0m [34mDEBUG[0m [2mhyper::proto::h1::conn[0m[2m:[0m incoming body is content-length (45 bytes)
[2m2025-12-10T10:10:56.686475Z[0m [34mDEBUG[0m [2methereum_transaction_pool_monitor::eth_client[0m[2m:[0m 📨 Received pending transaction: 0x7030370c01a2dec32ece969b0e8c1466b44290cd06f35fd016b10b44cba02ccd
[2m2025-12-10T10:10:56.686482Z[0m [34mDEBUG[0m [2mhyper::proto::h1::conn[0m[2m:[0m incoming body completed
[2m2025-12-10T10:10:56.686493Z[0m [34mDEBUG[0m [2mhyper::client::pool[0m[2m:[0m pooling idle connection for ("http", 192.168.0.14:8545)
[2m2025-12-10T10:10:56.691273Z[0m [34mDEBUG[0m [2mhyper::proto::h1::io[0m[2m:[0m parsed 4 headers
[2m2025-12-10T10:10:56.691286Z[0m [34mDEBUG[0m [2mhyper::proto::h1::conn[0m[2m:[0m incoming body is content-length (830 bytes)
[2m2025-12-10T10:10:56.691293Z[0m [34mDEBUG[0m [2mhyper::proto::h1::conn[0m[2m:[0m incoming body completed
[2m2025-12-10T10:10:56.691302Z[0m [34mDEBUG[0m [2mhyper::client::pool[0m[2m:[0m pooling idle connection for ("http", 192.168.0.14:8545)
[2m2025-12-10T10:10:56.691308Z[0m [34mDEBUG[0m [2methereum_transaction_pool_monitor::eth_client[0m[2m:[0m 📡 Transaction fetch RPC completed in 5.000792ms
[2m2025-12-10T10:10:56.762898Z[0m [34mDEBUG[0m [2methereum_transaction_pool_monitor::eth_client[0m[2m:[0m ✅ Transaction 0x73c39dd0e057be4d602ede071915ebd5ad7cff69bbce5f18d1f2230a1700311c fetched and parsed in 76.588667ms
[2m2025-12-10T10:10:56.762924Z[0m [34mDEBUG[0m [2methereum_transaction_pool_monitor::mempool_monitor[0m[2m:[0m 🔍 Skipping tx 0x73c39dd0e057be4d602ede071915ebd5ad7cff69bbce5f18d1f2230a1700311c - not a DEX interaction (target: 0x3B4D794a66304F130a4Db8F2551B0070dfCf5ca7)
[2m2025-12-10T10:10:56.762935Z[0m [34mDEBUG[0m [2methereum_transaction_pool_monitor::mempool_monitor[0m[2m:[0m 📨 Processing new pending transaction: 0xcc059288b4249d5bc68a95f2fbe4fa44ec8807ae13a3d146f78d09d45ea053cc
[2m2025-12-10T10:10:56.762942Z[0m [34mDEBUG[0m [2methereum_transaction_pool_monitor::mempool_monitor[0m[2m:[0m 🔍 Fetching transaction details for: 0xcc059288b4249d5bc68a95f2fbe4fa44ec8807ae13a3d146f78d09d45ea053cc
[2m2025-12-10T10:10:56.762948Z[0m [34mDEBUG[0m [2methereum_transaction_pool_monitor::eth_client[0m[2m:[0m 🔍 Fetching transaction details for hash: 0xcc059288b4249d5bc68a95f2fbe4fa44ec8807ae13a3d146f78d09d45ea053cc
[2m2025-12-10T10:10:56.762965Z[0m [34mDEBUG[0m [2mhyper::client::pool[0m[2m:[0m reuse idle connection for ("http", 192.168.0.14:8545)
[2m2025-12-10T10:10:56.763012Z[0m [34mDEBUG[0m [2mhyper::proto::h1::io[0m[2m:[0m flushed 250 bytes
[2m2025-12-10T10:10:56.763033Z[0m [34mDEBUG[0m [2mhyper::client::pool[0m[2m:[0m reuse idle connection for ("http", 192.168.0.14:8545)
[2m2025-12-10T10:10:56.763046Z[0m [34mDEBUG[0m [2mhyper::proto::h1::io[0m[2m:[0m flushed 172 bytes
[2m2025-12-10T10:10:56.763116Z[0m [34mDEBUG[0m [2methereum_transaction_pool_monitor::eth_client[0m[2m:[0m 📨 Received WebSocket message: {"jsonrpc":"2.0","method":"eth_subscription","params":{"subscription":"0xbed0a0851463e895960a451075a301a9","result":"0x2753d3943f3944e87f1bab7555d4177619322f73bef2dea6e11e39b9a9261e92"}}
[2m2025-12-10T10:10:56.763125Z[0m [34mDEBUG[0m [2methereum_transaction_pool_monitor::eth_client[0m[2m:[0m 📨 Received pending transaction: 0x2753d3943f3944e87f1bab7555d4177619322f73bef2dea6e11e39b9a9261e92
[2m2025-12-10T10:10:56.763130Z[0m [34mDEBUG[0m [2methereum_transaction_pool_monitor::eth_client[0m[2m:[0m 📨 Received WebSocket message: {"jsonrpc":"2.0","method":"eth_subscription","params":{"subscription":"0xbed0a0851463e895960a451075a301a9","result":"0x1ac458908cc8ee759e596201dec364dde5ead0edd007280f18691794205e1adc"}}
[2m2025-12-10T10:10:56.763135Z[0m [34mDEBUG[0m [2methereum_transaction_pool_monitor::eth_client[0m[2m:[0m 📨 Received pending transaction: 0x1ac458908cc8ee759e596201dec364dde5ead0edd007280f18691794205e1adc
[2m2025-12-10T10:10:56.769969Z[0m [34mDEBUG[0m [2mhyper::proto::h1::io[0m[2m:[0m parsed 4 headers
[2m2025-12-10T10:10:56.769975Z[0m [34mDEBUG[0m [2mhyper::proto::h1::conn[0m[2m:[0m incoming body is content-length (643 bytes)
[2m2025-12-10T10:10:56.769981Z[0m [34mDEBUG[0m [2mhyper::proto::h1::conn[0m[2m:[0m incoming body completed
[2m2025-12-10T10:10:56.769989Z[0m [34mDEBUG[0m [2mhyper::client::pool[0m[2m:[0m pooling idle connection for ("http", 192.168.0.14:8545)
[2m2025-12-10T10:10:56.769995Z[0m [34mDEBUG[0m [2methereum_transaction_pool_monitor::eth_client[0m[2m:[0m 📡 Transaction fetch RPC completed in 7.042584ms
[2m2025-12-10T10:10:56.837621Z[0m [34mDEBUG[0m [2methereum_transaction_pool_monitor::eth_client[0m[2m:[0m ✅ Transaction 0xcc059288b4249d5bc68a95f2fbe4fa44ec8807ae13a3d146f78d09d45ea053cc fetched and parsed in 74.666167ms
[2m2025-12-10T10:10:56.837639Z[0m [34mDEBUG[0m [2methereum_transaction_pool_monitor::mempool_monitor[0m[2m:[0m 🔍 Skipping tx 0xcc059288b4249d5bc68a95f2fbe4fa44ec8807ae13a3d146f78d09d45ea053cc - not a DEX interaction (target: 0xB70F98e53BEE56A2E18A15bcd826579f495076F0)
[2m2025-12-10T10:10:56.837648Z[0m [34mDEBUG[0m [2methereum_transaction_pool_monitor::mempool_monitor[0m[2m:[0m 📨 Processing new pending transaction: 0x68991392e7c24244ae74d66aaac53bb4776a7a8ef6bacf2172c18b7956a32aba
[2m2025-12-10T10:10:56.837653Z[0m [34mDEBUG[0m [2methereum_transaction_pool_monitor::mempool_monitor[0m[2m:[0m 🔍 Fetching transaction details for: 0x68991392e7c24244ae74d66aaac53bb4776a7a8ef6bacf2172c18b7956a32aba
[2m2025-12-10T10:10:56.837657Z[0m [34mDEBUG[0m [2methereum_transaction_pool_monitor::eth_client[0m[2m:[0m 🔍 Fetching transaction details for hash: 0x68991392e7c24244ae74d66aaac53bb4776a7a8ef6bacf2172c18b7956a32aba
[2m2025-12-10T10:10:56.837674Z[0m [34mDEBUG[0m [2mhyper::client::pool[0m[2m:[0m reuse idle connection for ("http", 192.168.0.14:8545)
[2m2025-12-10T10:10:56.837696Z[0m [34mDEBUG[0m [2mhyper::proto::h1::io[0m[2m:[0m flushed 250 bytes
[2m2025-12-10T10:10:56.837715Z[0m [34mDEBUG[0m [2methereum_transaction_pool_monitor::eth_client[0m[2m:[0m 📨 Received WebSocket message: {"jsonrpc":"2.0","method":"eth_subscription","params":{"subscription":"0xbed0a0851463e895960a451075a301a9","result":"0xc1a459e0792d20c593710d0252da53c7e065196eae5d171650ea86ad4d755036"}}
[2m2025-12-10T10:10:56.837721Z[0m [34mDEBUG[0m [2mhyper::proto::h1::io[0m[2m:[0m parsed 4 headers
[2m2025-12-10T10:10:56.837723Z[0m [34mDEBUG[0m [2methereum_transaction_pool_monitor::eth_client[0m[2m:[0m 📨 Received pending transaction: 0xc1a459e0792d20c593710d0252da53c7e065196eae5d171650ea86ad4d755036
[2m2025-12-10T10:10:56.837730Z[0m [34mDEBUG[0m [2mhyper::proto::h1::conn[0m[2m:[0m incoming body is content-length (45 bytes)
[2m2025-12-10T10:10:56.837747Z[0m [34mDEBUG[0m [2mhyper::proto::h1::conn[0m[2m:[0m incoming body completed
[2m2025-12-10T10:10:56.837755Z[0m [34mDEBUG[0m [2mhyper::client::pool[0m[2m:[0m pooling idle connection for ("http", 192.168.0.14:8545)
[2m2025-12-10T10:10:56.837768Z[0m [34mDEBUG[0m [2mhyper::client::pool[0m[2m:[0m reuse idle connection for ("http", 192.168.0.14:8545)
[2m2025-12-10T10:10:56.837780Z[0m [34mDEBUG[0m [2mhyper::proto::h1::io[0m[2m:[0m flushed 172 bytes
[2m2025-12-10T10:10:56.842728Z[0m [34mDEBUG[0m [2mhyper::proto::h1::io[0m[2m:[0m parsed 4 headers
[2m2025-12-10T10:10:56.842737Z[0m [34mDEBUG[0m [2mhyper::proto::h1::conn[0m[2m:[0m incoming body is content-length (45 bytes)
[2m2025-12-10T10:10:56.842743Z[0m [34mDEBUG[0m [2mhyper::proto::h1::conn[0m[2m:[0m incoming body completed
[2m2025-12-10T10:10:56.842751Z[0m [34mDEBUG[0m [2mhyper::client::pool[0m[2m:[0m pooling idle connection for ("http", 192.168.0.14:8545)
[2m2025-12-10T10:10:56.842767Z[0m [34mDEBUG[0m [2mhyper::proto::h1::io[0m[2m:[0m parsed 4 headers
[2m2025-12-10T10:10:56.842774Z[0m [34mDEBUG[0m [2mhyper::proto::h1::conn[0m[2m:[0m incoming body is content-length (644 bytes)
[2m2025-12-10T10:10:56.842779Z[0m [34mDEBUG[0m [2mhyper::proto::h1::conn[0m[2m:[0m incoming body completed
[2m2025-12-10T10:10:56.842785Z[0m [34mDEBUG[0m [2mhyper::client::pool[0m[2m:[0m pooling idle connection for ("http", 192.168.0.14:8545)
[2m2025-12-10T10:10:56.842791Z[0m [34mDEBUG[0m [2methereum_transaction_pool_monitor::eth_client[0m[2m:[0m 📡 Transaction fetch RPC completed in 5.129208ms
[2m2025-12-10T10:10:56.914612Z[0m [34mDEBUG[0m [2methereum_transaction_pool_monitor::eth_client[0m[2m:[0m ✅ Transaction 0x68991392e7c24244ae74d66aaac53bb4776a7a8ef6bacf2172c18b7956a32aba fetched and parsed in 76.947833ms
[2m2025-12-10T10:10:56.914640Z[0m [34mDEBUG[0m [2methereum_transaction_pool_monitor::mempool_monitor[0m[2m:[0m 🔍 Skipping tx 0x68991392e7c24244ae74d66aaac53bb4776a7a8ef6bacf2172c18b7956a32aba - not a DEX interaction (target: 0x17E5545B11b468072283Cee1F066a059Fb0dbF24)
[2m2025-12-10T10:10:56.914658Z[0m [34mDEBUG[0m [2methereum_transaction_pool_monitor::mempool_monitor[0m[2m:[0m 📨 Processing new pending transaction: 0xbbe5e1c881a4b53aa5184ee2a9e6282cc7348b9c90fbccd9747bdcc7acfc084b
[2m2025-12-10T10:10:56.914669Z[0m [34mDEBUG[0m [2methereum_transaction_pool_monitor::mempool_monitor[0m[2m:[0m 🔍 Fetching transaction details for: 0xbbe5e1c881a4b53aa5184ee2a9e6282cc7348b9c90fbccd9747bdcc7acfc084b
[2m2025-12-10T10:10:56.914676Z[0m [34mDEBUG[0m [2methereum_transaction_pool_monitor::eth_client[0m[2m:[0m 🔍 Fetching transaction details for hash: 0xbbe5e1c881a4b53aa5184ee2a9e6282cc7348b9c90fbccd9747bdcc7acfc084b
[2m2025-12-10T10:10:56.914696Z[0m [34mDEBUG[0m [2mhyper::client::pool[0m[2m:[0m reuse idle connection for ("http", 192.168.0.14:8545)
[2m2025-12-10T10:10:56.914736Z[0m [34mDEBUG[0m [2mhyper::proto::h1::io[0m[2m:[0m flushed 250 bytes
[2m2025-12-10T10:10:56.914764Z[0m [34mDEBUG[0m [2mhyper::client::pool[0m[2m:[0m reuse idle connection for ("http", 192.168.0.14:8545)
[2m2025-12-10T10:10:56.914779Z[0m [34mDEBUG[0m [2mhyper::proto::h1::io[0m[2m:[0m flushed 172 bytes
[2m2025-12-10T10:10:56.924982Z[0m [34mDEBUG[0m [2mhyper::proto::h1::io[0m[2m:[0m parsed 4 headers
[2m2025-12-10T10:10:56.924992Z[0m [34mDEBUG[0m [2mhyper::proto::h1::conn[0m[2m:[0m incoming body is content-length (830 bytes)
[2m2025-12-10T10:10:56.924999Z[0m [34mDEBUG[0m [2mhyper::proto::h1::conn[0m[2m:[0m incoming body completed
[2m2025-12-10T10:10:56.925008Z[0m [34mDEBUG[0m [2mhyper::client::pool[0m[2m:[0m pooling idle connection for ("http", 192.168.0.14:8545)
[2m2025-12-10T10:10:56.925015Z[0m [34mDEBUG[0m [2methereum_transaction_pool_monitor::eth_client[0m[2m:[0m 📡 Transaction fetch RPC completed in 10.332375ms
[2m2025-12-10T10:10:56.996768Z[0m [34mDEBUG[0m [2methereum_transaction_pool_monitor::eth_client[0m[2m:[0m ✅ Transaction 0xbbe5e1c881a4b53aa5184ee2a9e6282cc7348b9c90fbccd9747bdcc7acfc084b fetched and parsed in 82.083ms
[2m2025-12-10T10:10:56.996798Z[0m [34mDEBUG[0m [2methereum_transaction_pool_monitor::mempool_monitor[0m[2m:[0m 🔍 Skipping tx 0xbbe5e1c881a4b53aa5184ee2a9e6282cc7348b9c90fbccd9747bdcc7acfc084b - not a DEX interaction (target: 0x3B4D794a66304F130a4Db8F2551B0070dfCf5ca7)
[2m2025-12-10T10:10:56.996809Z[0m [34mDEBUG[0m [2methereum_transaction_pool_monitor::mempool_monitor[0m[2m:[0m 📨 Processing new pending transaction: 0xd2baa9431f1a6a3c6f7e05da64882eff711f10f54b0660ad2e3481bb5e7f8ac1
[2m2025-12-10T10:10:56.996816Z[0m [34mDEBUG[0m [2methereum_transaction_pool_monitor::mempool_monitor[0m[2m:[0m 🔍 Fetching transaction details for: 0xd2baa9431f1a6a3c6f7e05da64882eff711f10f54b0660ad2e3481bb5e7f8ac1
[2m2025-12-10T10:10:56.996823Z[0m [34mDEBUG[0m [2methereum_transaction_pool_monitor::eth_client[0m[2m:[0m 🔍 Fetching transaction details for hash: 0xd2baa9431f1a6a3c6f7e05da64882eff711f10f54b0660ad2e3481bb5e7f8ac1
[2m2025-12-10T10:10:56.996842Z[0m [34mDEBUG[0m [2mhyper::client::pool[0m[2m:[0m reuse idle connection for ("http", 192.168.0.14:8545)
[2m2025-12-10T10:10:56.996875Z[0m [34mDEBUG[0m [2mhyper::proto::h1::io[0m[2m:[0m flushed 250 bytes
[2m2025-12-10T10:10:56.996899Z[0m [34mDEBUG[0m [2methereum_transaction_pool_monitor::eth_client[0m[2m:[0m 📨 Received WebSocket message: {"jsonrpc":"2.0","method":"eth_subscription","params":{"subscription":"0xbed0a0851463e895960a451075a301a9","result":"0xafd0bb5d78e4a8f1c16f83275f375cfd37b4162c7aad358852cba52237fd9c0a"}}
[2m2025-12-10T10:10:56.996920Z[0m [34mDEBUG[0m [2mhyper::proto::h1::io[0m[2m:[0m parsed 4 headers
[2m2025-12-10T10:10:57.001137Z[0m [34mDEBUG[0m [2methereum_transaction_pool_monitor::eth_client[0m[2m:[0m 📨 Received pending transaction: 0xafd0bb5d78e4a8f1c16f83275f375cfd37b4162c7aad358852cba52237fd9c0a
[2m2025-12-10T10:10:57.001180Z[0m [34mDEBUG[0m [2mhyper::proto::h1::conn[0m[2m:[0m incoming body is content-length (45 bytes)
[2m2025-12-10T10:10:57.001195Z[0m [34mDEBUG[0m [2mhyper::proto::h1::conn[0m[2m:[0m incoming body completed
[2m2025-12-10T10:10:57.001206Z[0m [34mDEBUG[0m [2mhyper::client::pool[0m[2m:[0m pooling idle connection for ("http", 192.168.0.14:8545)
[2m2025-12-10T10:10:57.001287Z[0m [34mDEBUG[0m [2mhyper::client::pool[0m[2m:[0m reuse idle connection for ("http", 192.168.0.14:8545)
[2m2025-12-10T10:10:57.001308Z[0m [34mDEBUG[0m [2mhyper::proto::h1::io[0m[2m:[0m flushed 172 bytes
[2m2025-12-10T10:10:57.001871Z[0m [34mDEBUG[0m [2mhyper::proto::h1::io[0m[2m:[0m parsed 4 headers
[2m2025-12-10T10:10:57.001877Z[0m [34mDEBUG[0m [2mhyper::proto::h1::conn[0m[2m:[0m incoming body is content-length (830 bytes)
[2m2025-12-10T10:10:57.001882Z[0m [34mDEBUG[0m [2mhyper::proto::h1::conn[0m[2m:[0m incoming body completed
[2m2025-12-10T10:10:57.001889Z[0m [34mDEBUG[0m [2mhyper::client::pool[0m[2m:[0m pooling idle connection for ("http", 192.168.0.14:8545)
[2m2025-12-10T10:10:57.001894Z[0m [34mDEBUG[0m [2methereum_transaction_pool_monitor::eth_client[0m[2m:[0m 📡 Transaction fetch RPC completed in 5.0665ms
[2m2025-12-10T10:10:57.072725Z[0m [34mDEBUG[0m [2methereum_transaction_pool_monitor::eth_client[0m[2m:[0m ✅ Transaction 0xd2baa9431f1a6a3c6f7e05da64882eff711f10f54b0660ad2e3481bb5e7f8ac1 fetched and parsed in 75.895958ms
[2m2025-12-10T10:10:57.072748Z[0m [34mDEBUG[0m [2methereum_transaction_pool_monitor::mempool_monitor[0m[2m:[0m 🔍 Skipping tx 0xd2baa9431f1a6a3c6f7e05da64882eff711f10f54b0660ad2e3481bb5e7f8ac1 - not a DEX interaction (target: 0x3B4D794a66304F130a4Db8F2551B0070dfCf5ca7)
[2m2025-12-10T10:10:57.072759Z[0m [34mDEBUG[0m [2methereum_transaction_pool_monitor::mempool_monitor[0m[2m:[0m 📨 Processing new pending transaction: 0xf5c3a21a4d86e20cb7dbdb4470eb98fe61aeb778a7afdb588a253c8dbb50e9e3
[2m2025-12-10T10:10:57.072765Z[0m [34mDEBUG[0m [2methereum_transaction_pool_monitor::mempool_monitor[0m[2m:[0m 🔍 Fetching transaction details for: 0xf5c3a21a4d86e20cb7dbdb4470eb98fe61aeb778a7afdb588a253c8dbb50e9e3
[2m2025-12-10T10:10:57.072771Z[0m [34mDEBUG[0m [2methereum_transaction_pool_monitor::eth_client[0m[2m:[0m 🔍 Fetching transaction details for hash: 0xf5c3a21a4d86e20cb7dbdb4470eb98fe61aeb778a7afdb588a253c8dbb50e9e3
[2m2025-12-10T10:10:57.072789Z[0m [34mDEBUG[0m [2mhyper::client::pool[0m[2m:[0m reuse idle connection for ("http", 192.168.0.14:8545)
[2m2025-12-10T10:10:57.072834Z[0m [34mDEBUG[0m [2mhyper::proto::h1::io[0m[2m:[0m flushed 250 bytes
[2m2025-12-10T10:10:57.072849Z[0m [34mDEBUG[0m [2mhyper::proto::h1::io[0m[2m:[0m parsed 4 headers
[2m2025-12-10T10:10:57.072855Z[0m [34mDEBUG[0m [2mhyper::proto::h1::conn[0m[2m:[0m incoming body is content-length (45 bytes)
[2m2025-12-10T10:10:57.072864Z[0m [34mDEBUG[0m [2mhyper::proto::h1::conn[0m[2m:[0m incoming body completed
[2m2025-12-10T10:10:57.072873Z[0m [34mDEBUG[0m [2mhyper::client::pool[0m[2m:[0m pooling idle connection for ("http", 192.168.0.14:8545)
[2m2025-12-10T10:10:57.078372Z[0m [34mDEBUG[0m [2mhyper::proto::h1::io[0m[2m:[0m parsed 4 headers
[2m2025-12-10T10:10:57.078409Z[0m [34mDEBUG[0m [2mhyper::proto::h1::conn[0m[2m:[0m incoming body is content-length (830 bytes)
[2m2025-12-10T10:10:57.078431Z[0m [34mDEBUG[0m [2mhyper::proto::h1::conn[0m[2m:[0m incoming body completed
[2m2025-12-10T10:10:57.078439Z[0m [34mDEBUG[0m [2mhyper::client::pool[0m[2m:[0m pooling idle connection for ("http", 192.168.0.14:8545)
[2m2025-12-10T10:10:57.078456Z[0m [34mDEBUG[0m [2methereum_transaction_pool_monitor::eth_client[0m[2m:[0m 📡 Transaction fetch RPC completed in 5.679375ms
[2m2025-12-10T10:10:57.149636Z[0m [34mDEBUG[0m [2methereum_transaction_pool_monitor::eth_client[0m[2m:[0m ✅ Transaction 0xf5c3a21a4d86e20cb7dbdb4470eb98fe61aeb778a7afdb588a253c8dbb50e9e3 fetched and parsed in 76.856292ms
[2m2025-12-10T10:10:57.149660Z[0m [34mDEBUG[0m [2methereum_transaction_pool_monitor::mempool_monitor[0m[2m:[0m 🔍 Skipping tx 0xf5c3a21a4d86e20cb7dbdb4470eb98fe61aeb778a7afdb588a253c8dbb50e9e3 - not a DEX interaction (target: 0x3B4D794a66304F130a4Db8F2551B0070dfCf5ca7)
[2m2025-12-10T10:10:57.149672Z[0m [34mDEBUG[0m [2methereum_transaction_pool_monitor::mempool_monitor[0m[2m:[0m 📨 Processing new pending transaction: 0x9c10c0be585e4c0c40140031c8b5e64d1e715e9683e0296a0ab6733d72a92dc3
[2m2025-12-10T10:10:57.149679Z[0m [34mDEBUG[0m [2methereum_transaction_pool_monitor::mempool_monitor[0m[2m:[0m 🔍 Fetching transaction details for: 0x9c10c0be585e4c0c40140031c8b5e64d1e715e9683e0296a0ab6733d72a92dc3
[2m2025-12-10T10:10:57.149684Z[0m [34mDEBUG[0m [2methereum_transaction_pool_monitor::eth_client[0m[2m:[0m 🔍 Fetching transaction details for hash: 0x9c10c0be585e4c0c40140031c8b5e64d1e715e9683e0296a0ab6733d72a92dc3
[2m2025-12-10T10:10:57.149702Z[0m [34mDEBUG[0m [2mhyper::client::pool[0m[2m:[0m reuse idle connection for ("http", 192.168.0.14:8545)
[2m2025-12-10T10:10:57.149739Z[0m [34mDEBUG[0m [2mhyper::proto::h1::io[0m[2m:[0m flushed 250 bytes
[2m2025-12-10T10:10:57.149757Z[0m [34mDEBUG[0m [2mhyper::client::pool[0m[2m:[0m reuse idle connection for ("http", 192.168.0.14:8545)
[2m2025-12-10T10:10:57.149771Z[0m [34mDEBUG[0m [2mhyper::proto::h1::io[0m[2m:[0m flushed 172 bytes
[2m2025-12-10T10:10:57.149771Z[0m [34mDEBUG[0m [2methereum_transaction_pool_monitor::eth_client[0m[2m:[0m 📨 Received WebSocket message: {"jsonrpc":"2.0","method":"eth_subscription","params":{"subscription":"0xbed0a0851463e895960a451075a301a9","result":"0xf0d65966efc3ba5ff6859633b6e71a728559d4c640b3384514b510c9b502dafe"}}
[2m2025-12-10T10:10:57.149790Z[0m [34mDEBUG[0m [2methereum_transaction_pool_monitor::eth_client[0m[2m:[0m 📨 Received pending transaction: 0xf0d65966efc3ba5ff6859633b6e71a728559d4c640b3384514b510c9b502dafe
[2m2025-12-10T10:10:57.153174Z[0m [34mDEBUG[0m [2mhyper::proto::h1::io[0m[2m:[0m parsed 4 headers
[2m2025-12-10T10:10:57.153187Z[0m [34mDEBUG[0m [2mhyper::proto::h1::conn[0m[2m:[0m incoming body is content-length (654 bytes)
[2m2025-12-10T10:10:57.153195Z[0m [34mDEBUG[0m [2mhyper::proto::h1::conn[0m[2m:[0m incoming body completed
[2m2025-12-10T10:10:57.153204Z[0m [34mDEBUG[0m [2mhyper::client::pool[0m[2m:[0m pooling idle connection for ("http", 192.168.0.14:8545)
[2m2025-12-10T10:10:57.153211Z[0m [34mDEBUG[0m [2methereum_transaction_pool_monitor::eth_client[0m[2m:[0m 📡 Transaction fetch RPC completed in 3.522625ms
[2m2025-12-10T10:10:57.224595Z[0m [34mDEBUG[0m [2methereum_transaction_pool_monitor::eth_client[0m[2m:[0m ✅ Transaction 0x9c10c0be585e4c0c40140031c8b5e64d1e715e9683e0296a0ab6733d72a92dc3 fetched and parsed in 74.903833ms
[2m2025-12-10T10:10:57.224623Z[0m [34mDEBUG[0m [2methereum_transaction_pool_monitor::mempool_monitor[0m[2m:[0m 🔍 Skipping tx 0x9c10c0be585e4c0c40140031c8b5e64d1e715e9683e0296a0ab6733d72a92dc3 - not a DEX interaction (target: 0x2136ade49035540D797451C594203fa13a70aE04)
[2m2025-12-10T10:10:57.224635Z[0m [34mDEBUG[0m [2methereum_transaction_pool_monitor::mempool_monitor[0m[2m:[0m 📨 Processing new pending transaction: 0x21503afc9590412ff52158ddd27621c33134cba34389c0b8d4aa0961e7a93101
[2m2025-12-10T10:10:57.224645Z[0m [34mDEBUG[0m [2methereum_transaction_pool_monitor::mempool_monitor[0m[2m:[0m 🔍 Fetching transaction details for: 0x21503afc9590412ff52158ddd27621c33134cba34389c0b8d4aa0961e7a93101
[2m2025-12-10T10:10:57.224655Z[0m [34mDEBUG[0m [2methereum_transaction_pool_monitor::eth_client[0m[2m:[0m 🔍 Fetching transaction details for hash: 0x21503afc9590412ff52158ddd27621c33134cba34389c0b8d4aa0961e7a93101
[2m2025-12-10T10:10:57.224672Z[0m [34mDEBUG[0m [2mhyper::client::pool[0m[2m:[0m reuse idle connection for ("http", 192.168.0.14:8545)
[2m2025-12-10T10:10:57.224714Z[0m [34mDEBUG[0m [2mhyper::proto::h1::io[0m[2m:[0m flushed 250 bytes
[2m2025-12-10T10:10:57.224730Z[0m [34mDEBUG[0m [2mhyper::proto::h1::io[0m[2m:[0m parsed 4 headers
[2m2025-12-10T10:10:57.224736Z[0m [34mDEBUG[0m [2mhyper::proto::h1::conn[0m[2m:[0m incoming body is content-length (45 bytes)
[2m2025-12-10T10:10:57.224744Z[0m [34mDEBUG[0m [2mhyper::proto::h1::conn[0m[2m:[0m incoming body completed
[2m2025-12-10T10:10:57.224753Z[0m [34mDEBUG[0m [2mhyper::client::pool[0m[2m:[0m pooling idle connection for ("http", 192.168.0.14:8545)
[2m2025-12-10T10:10:57.224769Z[0m [34mDEBUG[0m [2mhyper::client::pool[0m[2m:[0m reuse idle connection for ("http", 192.168.0.14:8545)
[2m2025-12-10T10:10:57.224784Z[0m [34mDEBUG[0m [2mhyper::proto::h1::io[0m[2m:[0m flushed 172 bytes
[2m2025-12-10T10:10:57.230223Z[0m [34mDEBUG[0m [2mhyper::proto::h1::io[0m[2m:[0m parsed 4 headers
[2m2025-12-10T10:10:57.230239Z[0m [34mDEBUG[0m [2mhyper::proto::h1::conn[0m[2m:[0m incoming body is content-length (773 bytes)
[2m2025-12-10T10:10:57.230249Z[0m [34mDEBUG[0m [2mhyper::proto::h1::conn[0m[2m:[0m incoming body completed
[2m2025-12-10T10:10:57.230262Z[0m [34mDEBUG[0m [2mhyper::client::pool[0m[2m:[0m pooling idle connection for ("http", 192.168.0.14:8545)
[2m2025-12-10T10:10:57.230270Z[0m [34mDEBUG[0m [2methereum_transaction_pool_monitor::eth_client[0m[2m:[0m 📡 Transaction fetch RPC completed in 5.609833ms
[2m2025-12-10T10:10:57.302196Z[0m [34mDEBUG[0m [2methereum_transaction_pool_monitor::eth_client[0m[2m:[0m ✅ Transaction 0x21503afc9590412ff52158ddd27621c33134cba34389c0b8d4aa0961e7a93101 fetched and parsed in 77.533708ms
[2m2025-12-10T10:10:57.302222Z[0m [34mDEBUG[0m [2methereum_transaction_pool_monitor::mempool_monitor[0m[2m:[0m 🔍 Skipping tx 0x21503afc9590412ff52158ddd27621c33134cba34389c0b8d4aa0961e7a93101 - not a DEX interaction (target: 0xfAbA6f8e4a5E8Ab82F62fe7C39859FA577269BE3)
[2m2025-12-10T10:10:57.302233Z[0m [34mDEBUG[0m [2methereum_transaction_pool_monitor::mempool_monitor[0m[2m:[0m 📨 Processing new pending transaction: 0x8a32dcbd9f0ba214d47a3a1f814f00d4769a87d546afa42e7c2101f074e28e8d
[2m2025-12-10T10:10:57.302240Z[0m [34mDEBUG[0m [2methereum_transaction_pool_monitor::mempool_monitor[0m[2m:[0m 🔍 Fetching transaction details for: 0x8a32dcbd9f0ba214d47a3a1f814f00d4769a87d546afa42e7c2101f074e28e8d
[2m2025-12-10T10:10:57.302246Z[0m [34mDEBUG[0m [2methereum_transaction_pool_monitor::eth_client[0m[2m:[0m 🔍 Fetching transaction details for hash: 0x8a32dcbd9f0ba214d47a3a1f814f00d4769a87d546afa42e7c2101f074e28e8d
[2m2025-12-10T10:10:57.302266Z[0m [34mDEBUG[0m [2mhyper::client::pool[0m[2m:[0m reuse idle connection for ("http", 192.168.0.14:8545)
[2m2025-12-10T10:10:57.302312Z[0m [34mDEBUG[0m [2mhyper::proto::h1::io[0m[2m:[0m flushed 250 bytes
[2m2025-12-10T10:10:57.302330Z[0m [34mDEBUG[0m [2mhyper::proto::h1::io[0m[2m:[0m parsed 4 headers
[2m2025-12-10T10:10:57.302334Z[0m [34mDEBUG[0m [2mhyper::proto::h1::conn[0m[2m:[0m incoming body is content-length (45 bytes)
[2m2025-12-10T10:10:57.302340Z[0m [34mDEBUG[0m [2mhyper::proto::h1::conn[0m[2m:[0m incoming body completed
[2m2025-12-10T10:10:57.302353Z[0m [34mDEBUG[0m [2mhyper::client::pool[0m[2m:[0m pooling idle connection for ("http", 192.168.0.14:8545)
[2m2025-12-10T10:10:57.302369Z[0m [34mDEBUG[0m [2mhyper::client::pool[0m[2m:[0m reuse idle connection for ("http", 192.168.0.14:8545)
[2m2025-12-10T10:10:57.302384Z[0m [34mDEBUG[0m [2mhyper::proto::h1::io[0m[2m:[0m flushed 172 bytes
[2m2025-12-10T10:10:57.308242Z[0m [34mDEBUG[0m [2mhyper::proto::h1::io[0m[2m:[0m parsed 4 headers
[2m2025-12-10T10:10:57.308250Z[0m [34mDEBUG[0m [2mhyper::proto::h1::conn[0m[2m:[0m incoming body is content-length (45 bytes)
[2m2025-12-10T10:10:57.308255Z[0m [34mDEBUG[0m [2mhyper::proto::h1::conn[0m[2m:[0m incoming body completed
[2m2025-12-10T10:10:57.308261Z[0m [34mDEBUG[0m [2mhyper::client::pool[0m[2m:[0m pooling idle connection for ("http", 192.168.0.14:8545)
[2m2025-12-10T10:10:57.311263Z[0m [34mDEBUG[0m [2mhyper::proto::h1::io[0m[2m:[0m parsed 4 headers
[2m2025-12-10T10:10:57.311273Z[0m [34mDEBUG[0m [2mhyper::proto::h1::conn[0m[2m:[0m incoming body is content-length (647 bytes)
[2m2025-12-10T10:10:57.311279Z[0m [34mDEBUG[0m [2mhyper::proto::h1::conn[0m[2m:[0m incoming body completed
[2m2025-12-10T10:10:57.311286Z[0m [34mDEBUG[0m [2mhyper::client::pool[0m[2m:[0m pooling idle connection for ("http", 192.168.0.14:8545)
[2m2025-12-10T10:10:57.311291Z[0m [34mDEBUG[0m [2methereum_transaction_pool_monitor::eth_client[0m[2m:[0m 📡 Transaction fetch RPC completed in 9.039791ms
[2m2025-12-10T10:10:57.382710Z[0m [34mDEBUG[0m [2methereum_transaction_pool_monitor::eth_client[0m[2m:[0m ✅ Transaction 0x8a32dcbd9f0ba214d47a3a1f814f00d4769a87d546afa42e7c2101f074e28e8d fetched and parsed in 80.456875ms
[2m2025-12-10T10:10:57.382738Z[0m [34mDEBUG[0m [2methereum_transaction_pool_monitor::mempool_monitor[0m[2m:[0m 🔍 Skipping tx 0x8a32dcbd9f0ba214d47a3a1f814f00d4769a87d546afa42e7c2101f074e28e8d - not a DEX interaction (target: 0xFb49e8ECCe05E5bbdd5d6668Bf740d72156639F4)
[2m2025-12-10T10:10:57.382748Z[0m [34mDEBUG[0m [2methereum_transaction_pool_monitor::mempool_monitor[0m[2m:[0m 📨 Processing new pending transaction: 0xc9ca6c6ab9e4454a2f7ea9c7fb100b9ac3135edf912f2fddba41985320881659
[2m2025-12-10T10:10:57.382761Z[0m [34mDEBUG[0m [2methereum_transaction_pool_monitor::mempool_monitor[0m[2m:[0m 🔍 Fetching transaction details for: 0xc9ca6c6ab9e4454a2f7ea9c7fb100b9ac3135edf912f2fddba41985320881659
[2m2025-12-10T10:10:57.382768Z[0m [34mDEBUG[0m [2methereum_transaction_pool_monitor::eth_client[0m[2m:[0m 🔍 Fetching transaction details for hash: 0xc9ca6c6ab9e4454a2f7ea9c7fb100b9ac3135edf912f2fddba41985320881659
[2m2025-12-10T10:10:57.382785Z[0m [34mDEBUG[0m [2mhyper::client::pool[0m[2m:[0m reuse idle connection for ("http", 192.168.0.14:8545)
[2m2025-12-10T10:10:57.382824Z[0m [34mDEBUG[0m [2mhyper::proto::h1::io[0m[2m:[0m flushed 250 bytes
[2m2025-12-10T10:10:57.387005Z[0m [34mDEBUG[0m [2mhyper::proto::h1::io[0m[2m:[0m parsed 4 headers
[2m2025-12-10T10:10:57.387029Z[0m [34mDEBUG[0m [2mhyper::proto::h1::conn[0m[2m:[0m incoming body is content-length (1098 bytes)
[2m2025-12-10T10:10:57.387053Z[0m [34mDEBUG[0m [2mhyper::proto::h1::conn[0m[2m:[0m incoming body completed
[2m2025-12-10T10:10:57.387062Z[0m [34mDEBUG[0m [2mhyper::client::pool[0m[2m:[0m pooling idle connection for ("http", 192.168.0.14:8545)
[2m2025-12-10T10:10:57.387072Z[0m [34mDEBUG[0m [2methereum_transaction_pool_monitor::eth_client[0m[2m:[0m 📡 Transaction fetch RPC completed in 4.297708ms
[2m2025-12-10T10:10:57.457967Z[0m [34mDEBUG[0m [2methereum_transaction_pool_monitor::eth_client[0m[2m:[0m ✅ Transaction 0xc9ca6c6ab9e4454a2f7ea9c7fb100b9ac3135edf912f2fddba41985320881659 fetched and parsed in 75.190167ms
[2m2025-12-10T10:10:57.457992Z[0m [34mDEBUG[0m [2methereum_transaction_pool_monitor::mempool_monitor[0m[2m:[0m 🔍 Skipping tx 0xc9ca6c6ab9e4454a2f7ea9c7fb100b9ac3135edf912f2fddba41985320881659 - not a DEX interaction (target: 0xEe7aE85f2Fe2239E27D9c1E23fFFe168D63b4055)
[2m2025-12-10T10:10:57.458004Z[0m [34mDEBUG[0m [2methereum_transaction_pool_monitor::mempool_monitor[0m[2m:[0m 📨 Processing new pending transaction: 0x60ef78d0db43244e060921afa08088f7a0cd2320ae0fa6b4249627b26aa2caf1
[2m2025-12-10T10:10:57.458010Z[0m [34mDEBUG[0m [2methereum_transaction_pool_monitor::mempool_monitor[0m[2m:[0m 🔍 Fetching transaction details for: 0x60ef78d0db43244e060921afa08088f7a0cd2320ae0fa6b4249627b26aa2caf1
[2m2025-12-10T10:10:57.458018Z[0m [34mDEBUG[0m [2methereum_transaction_pool_monitor::eth_client[0m[2m:[0m 🔍 Fetching transaction details for hash: 0x60ef78d0db43244e060921afa08088f7a0cd2320ae0fa6b4249627b26aa2caf1
[2m2025-12-10T10:10:57.458038Z[0m [34mDEBUG[0m [2mhyper::client::pool[0m[2m:[0m reuse idle connection for ("http", 192.168.0.14:8545)
[2m2025-12-10T10:10:57.458081Z[0m [34mDEBUG[0m [2mhyper::proto::h1::io[0m[2m:[0m flushed 250 bytes
[2m2025-12-10T10:10:57.458101Z[0m [34mDEBUG[0m [2mhyper::client::pool[0m[2m:[0m reuse idle connection for ("http", 192.168.0.14:8545)
[2m2025-12-10T10:10:57.458179Z[0m [34mDEBUG[0m [2mhyper::proto::h1::io[0m[2m:[0m flushed 172 bytes
[2m2025-12-10T10:10:57.458182Z[0m [34mDEBUG[0m [2methereum_transaction_pool_monitor::eth_client[0m[2m:[0m 📨 Received WebSocket message: {"jsonrpc":"2.0","method":"eth_subscription","params":{"subscription":"0xbed0a0851463e895960a451075a301a9","result":"0x7ea4262f729477fffd0cb00dd204e929de8c20bb3dc2a2c1dd263a03fd9dffd5"}}
[2m2025-12-10T10:10:57.458226Z[0m [34mDEBUG[0m [2methereum_transaction_pool_monitor::eth_client[0m[2m:[0m 📨 Received pending transaction: 0x7ea4262f729477fffd0cb00dd204e929de8c20bb3dc2a2c1dd263a03fd9dffd5
[2m2025-12-10T10:10:57.462411Z[0m [34mDEBUG[0m [2mhyper::proto::h1::io[0m[2m:[0m parsed 4 headers
[2m2025-12-10T10:10:57.462435Z[0m [34mDEBUG[0m [2mhyper::proto::h1::conn[0m[2m:[0m incoming body is content-length (45 bytes)
[2m2025-12-10T10:10:57.462458Z[0m [34mDEBUG[0m [2mhyper::proto::h1::conn[0m[2m:[0m incoming body completed
[2m2025-12-10T10:10:57.462473Z[0m [34mDEBUG[0m [2mhyper::client::pool[0m[2m:[0m pooling idle connection for ("http", 192.168.0.14:8545)
[2m2025-12-10T10:10:57.468968Z[0m [34mDEBUG[0m [2mhyper::proto::h1::io[0m[2m:[0m parsed 4 headers
[2m2025-12-10T10:10:57.468976Z[0m [34mDEBUG[0m [2mhyper::proto::h1::conn[0m[2m:[0m incoming body is content-length (1731 bytes)
[2m2025-12-10T10:10:57.468991Z[0m [34mDEBUG[0m [2methereum_transaction_pool_monitor::eth_client[0m[2m:[0m 📡 Transaction fetch RPC completed in 10.966416ms
[2m2025-12-10T10:10:57.469891Z[0m [34mDEBUG[0m [2mhyper::proto::h1::conn[0m[2m:[0m incoming body completed
[2m2025-12-10T10:10:57.469923Z[0m [34mDEBUG[0m [2mhyper::client::pool[0m[2m:[0m pooling idle connection for ("http", 192.168.0.14:8545)
[2m2025-12-10T10:10:57.497256Z[0m [34mDEBUG[0m [2mhyper::client::pool[0m[2m:[0m reuse idle connection for ("http", 192.168.0.14:8545)
[2m2025-12-10T10:10:57.497308Z[0m [34mDEBUG[0m [2mhyper::proto::h1::io[0m[2m:[0m flushed 172 bytes
[2m2025-12-10T10:10:57.500827Z[0m [34mDEBUG[0m [2mhyper::proto::h1::io[0m[2m:[0m parsed 4 headers
[2m2025-12-10T10:10:57.500833Z[0m [34mDEBUG[0m [2mhyper::proto::h1::conn[0m[2m:[0m incoming body is content-length (45 bytes)
[2m2025-12-10T10:10:57.500840Z[0m [34mDEBUG[0m [2mhyper::proto::h1::conn[0m[2m:[0m incoming body completed
[2m2025-12-10T10:10:57.500847Z[0m [34mDEBUG[0m [2mhyper::client::pool[0m[2m:[0m pooling idle connection for ("http", 192.168.0.14:8545)
[2m2025-12-10T10:10:57.537767Z[0m [34mDEBUG[0m [2methereum_transaction_pool_monitor::eth_client[0m[2m:[0m 📨 Received WebSocket message: {"jsonrpc":"2.0","method":"eth_subscription","params":{"subscription":"0xbed0a0851463e895960a451075a301a9","result":"0xce7910e07d2c871f4fc37896efba3fbf908f62cd57043bd5009a01e5da0c3d57"}}
[2m2025-12-10T10:10:57.537791Z[0m [34mDEBUG[0m [2methereum_transaction_pool_monitor::eth_client[0m[2m:[0m 📨 Received pending transaction: 0xce7910e07d2c871f4fc37896efba3fbf908f62cd57043bd5009a01e5da0c3d57
[2m2025-12-10T10:10:57.541835Z[0m [34mDEBUG[0m [2methereum_transaction_pool_monitor::eth_client[0m[2m:[0m ✅ Transaction 0x60ef78d0db43244e060921afa08088f7a0cd2320ae0fa6b4249627b26aa2caf1 fetched and parsed in 83.809208ms
[2m2025-12-10T10:10:57.542309Z[0m [34mDEBUG[0m [2methereum_transaction_pool_monitor::mempool_monitor[0m[2m:[0m 🔍 Skipping tx 0x60ef78d0db43244e060921afa08088f7a0cd2320ae0fa6b4249627b26aa2caf1 - not a DEX interaction (target: 0x601a2aD6CB5949f0529735254189Ba3194221EDF)
[2m2025-12-10T10:10:57.542327Z[0m [34mDEBUG[0m [2methereum_transaction_pool_monitor::mempool_monitor[0m[2m:[0m 📨 Processing new pending transaction: 0x5a5901a5e6619f9d6a1d8fe1fcd75471e8623919faf9e142b025d1baf54fcd27
[2m2025-12-10T10:10:57.542336Z[0m [34mDEBUG[0m [2methereum_transaction_pool_monitor::mempool_monitor[0m[2m:[0m 🔍 Fetching transaction details for: 0x5a5901a5e6619f9d6a1d8fe1fcd75471e8623919faf9e142b025d1baf54fcd27
[2m2025-12-10T10:10:57.542342Z[0m [34mDEBUG[0m [2methereum_transaction_pool_monitor::eth_client[0m[2m:[0m 🔍 Fetching transaction details for hash: 0x5a5901a5e6619f9d6a1d8fe1fcd75471e8623919faf9e142b025d1baf54fcd27
[2m2025-12-10T10:10:57.542387Z[0m [34mDEBUG[0m [2mhyper::client::pool[0m[2m:[0m reuse idle connection for ("http", 192.168.0.14:8545)
[2m2025-12-10T10:10:57.542465Z[0m [34mDEBUG[0m [2mhyper::proto::h1::io[0m[2m:[0m flushed 250 bytes
[2m2025-12-10T10:10:57.546448Z[0m [34mDEBUG[0m [2mhyper::proto::h1::io[0m[2m:[0m parsed 4 headers
[2m2025-12-10T10:10:57.547725Z[0m [34mDEBUG[0m [2mhyper::proto::h1::conn[0m[2m:[0m incoming body is content-length (636 bytes)
[2m2025-12-10T10:10:57.547737Z[0m [34mDEBUG[0m [2mhyper::proto::h1::conn[0m[2m:[0m incoming body completed
[2m2025-12-10T10:10:57.547752Z[0m [34mDEBUG[0m [2mhyper::client::pool[0m[2m:[0m pooling idle connection for ("http", 192.168.0.14:8545)
[2m2025-12-10T10:10:57.547763Z[0m [34mDEBUG[0m [2methereum_transaction_pool_monitor::eth_client[0m[2m:[0m 📡 Transaction fetch RPC completed in 5.414416ms
[2m2025-12-10T10:10:57.618999Z[0m [34mDEBUG[0m [2methereum_transaction_pool_monitor::eth_client[0m[2m:[0m ✅ Transaction 0x5a5901a5e6619f9d6a1d8fe1fcd75471e8623919faf9e142b025d1baf54fcd27 fetched and parsed in 76.648166ms
[2m2025-12-10T10:10:57.619025Z[0m [34mDEBUG[0m [2methereum_transaction_pool_monitor::mempool_monitor[0m[2m:[0m 🔍 Skipping tx 0x5a5901a5e6619f9d6a1d8fe1fcd75471e8623919faf9e142b025d1baf54fcd27 - not a DEX interaction (target: 0x7607b564D3cD06b4136e9cB79C12ba848cc873cE)
[2m2025-12-10T10:10:57.619035Z[0m [34mDEBUG[0m [2methereum_transaction_pool_monitor::mempool_monitor[0m[2m:[0m 📨 Processing new pending transaction: 0x93ce58cb9322f7d3de75acfc359838c76b2ce0282b1839214473d07af757cc40
[2m2025-12-10T10:10:57.619042Z[0m [34mDEBUG[0m [2methereum_transaction_pool_monitor::mempool_monitor[0m[2m:[0m 🔍 Fetching transaction details for: 0x93ce58cb9322f7d3de75acfc359838c76b2ce0282b1839214473d07af757cc40
[2m2025-12-10T10:10:57.619049Z[0m [34mDEBUG[0m [2methereum_transaction_pool_monitor::eth_client[0m[2m:[0m 🔍 Fetching transaction details for hash: 0x93ce58cb9322f7d3de75acfc359838c76b2ce0282b1839214473d07af757cc40
[2m2025-12-10T10:10:57.619065Z[0m [34mDEBUG[0m [2mhyper::client::pool[0m[2m:[0m reuse idle connection for ("http", 192.168.0.14:8545)
[2m2025-12-10T10:10:57.619100Z[0m [34mDEBUG[0m [2mhyper::proto::h1::io[0m[2m:[0m flushed 250 bytes
[2m2025-12-10T10:10:57.619120Z[0m [34mDEBUG[0m [2mhyper::client::pool[0m[2m:[0m reuse idle connection for ("http", 192.168.0.14:8545)
[2m2025-12-10T10:10:57.619132Z[0m [34mDEBUG[0m [2methereum_transaction_pool_monitor::eth_client[0m[2m:[0m 📨 Received WebSocket message: {"jsonrpc":"2.0","method":"eth_subscription","params":{"subscription":"0xbed0a0851463e895960a451075a301a9","result":"0xd87c9e59a249c0b2423d964276fd0e88ffc9537090b784654014159857b3d5a6"}}
[2m2025-12-10T10:10:57.619134Z[0m [34mDEBUG[0m [2mhyper::proto::h1::io[0m[2m:[0m flushed 172 bytes
[2m2025-12-10T10:10:57.619147Z[0m [34mDEBUG[0m [2methereum_transaction_pool_monitor::eth_client[0m[2m:[0m 📨 Received pending transaction: 0xd87c9e59a249c0b2423d964276fd0e88ffc9537090b784654014159857b3d5a6
[2m2025-12-10T10:10:57.622444Z[0m [34mDEBUG[0m [2mhyper::proto::h1::io[0m[2m:[0m parsed 4 headers
[2m2025-12-10T10:10:57.622450Z[0m [34mDEBUG[0m [2mhyper::proto::h1::conn[0m[2m:[0m incoming body is content-length (654 bytes)
[2m2025-12-10T10:10:57.622460Z[0m [34mDEBUG[0m [2mhyper::proto::h1::conn[0m[2m:[0m incoming body completed
[2m2025-12-10T10:10:57.622471Z[0m [34mDEBUG[0m [2mhyper::client::pool[0m[2m:[0m pooling idle connection for ("http", 192.168.0.14:8545)
[2m2025-12-10T10:10:57.622478Z[0m [34mDEBUG[0m [2methereum_transaction_pool_monitor::eth_client[0m[2m:[0m 📡 Transaction fetch RPC completed in 3.424792ms
[2m2025-12-10T10:10:57.694483Z[0m [34mDEBUG[0m [2methereum_transaction_pool_monitor::eth_client[0m[2m:[0m ✅ Transaction 0x93ce58cb9322f7d3de75acfc359838c76b2ce0282b1839214473d07af757cc40 fetched and parsed in 75.427583ms
[2m2025-12-10T10:10:57.694511Z[0m [34mDEBUG[0m [2methereum_transaction_pool_monitor::mempool_monitor[0m[2m:[0m 🔍 Skipping tx 0x93ce58cb9322f7d3de75acfc359838c76b2ce0282b1839214473d07af757cc40 - not a DEX interaction (target: 0xed00d7517aC79EA0CED20FB621bEdfa10F208541)
[2m2025-12-10T10:10:57.694522Z[0m [34mDEBUG[0m [2methereum_transaction_pool_monitor::mempool_monitor[0m[2m:[0m 📨 Processing new pending transaction: 0xe5bdfc6ade8236c8c2fddc79abbbdf102660e4154930156759c8126230a61e4f
[2m2025-12-10T10:10:57.694536Z[0m [34mDEBUG[0m [2methereum_transaction_pool_monitor::mempool_monitor[0m[2m:[0m 🔍 Fetching transaction details for: 0xe5bdfc6ade8236c8c2fddc79abbbdf102660e4154930156759c8126230a61e4f
[2m2025-12-10T10:10:57.694546Z[0m [34mDEBUG[0m [2methereum_transaction_pool_monitor::eth_client[0m[2m:[0m 🔍 Fetching transaction details for hash: 0xe5bdfc6ade8236c8c2fddc79abbbdf102660e4154930156759c8126230a61e4f
[2m2025-12-10T10:10:57.694566Z[0m [34mDEBUG[0m [2mhyper::client::pool[0m[2m:[0m reuse idle connection for ("http", 192.168.0.14:8545)
[2m2025-12-10T10:10:57.694599Z[0m [34mDEBUG[0m [2mhyper::proto::h1::io[0m[2m:[0m flushed 250 bytes
[2m2025-12-10T10:10:57.694618Z[0m [34mDEBUG[0m [2mhyper::proto::h1::io[0m[2m:[0m parsed 4 headers
[2m2025-12-10T10:10:57.694630Z[0m [34mDEBUG[0m [2mhyper::proto::h1::conn[0m[2m:[0m incoming body is content-length (45 bytes)
[2m2025-12-10T10:10:57.694644Z[0m [34mDEBUG[0m [2mhyper::proto::h1::conn[0m[2m:[0m incoming body completed
[2m2025-12-10T10:10:57.694655Z[0m [34mDEBUG[0m [2mhyper::client::pool[0m[2m:[0m pooling idle connection for ("http", 192.168.0.14:8545)
[2m2025-12-10T10:10:57.697205Z[0m [34mDEBUG[0m [2mhyper::client::pool[0m[2m:[0m reuse idle connection for ("http", 192.168.0.14:8545)
[2m2025-12-10T10:10:57.697261Z[0m [34mDEBUG[0m [2mhyper::proto::h1::io[0m[2m:[0m flushed 172 bytes
[2m2025-12-10T10:10:57.707835Z[0m [34mDEBUG[0m [2mhyper::proto::h1::io[0m[2m:[0m parsed 4 headers
[2m2025-12-10T10:10:57.707840Z[0m [34mDEBUG[0m [2mhyper::proto::h1::conn[0m[2m:[0m incoming body is content-length (768 bytes)
[2m2025-12-10T10:10:57.707845Z[0m [34mDEBUG[0m [2mhyper::proto::h1::conn[0m[2m:[0m incoming body completed
[2m2025-12-10T10:10:57.707851Z[0m [34mDEBUG[0m [2mhyper::client::pool[0m[2m:[0m pooling idle connection for ("http", 192.168.0.14:8545)
[2m2025-12-10T10:10:57.707857Z[0m [34mDEBUG[0m [2methereum_transaction_pool_monitor::eth_client[0m[2m:[0m 📡 Transaction fetch RPC completed in 13.30425ms
[2m2025-12-10T10:10:57.779625Z[0m [34mDEBUG[0m [2methereum_transaction_pool_monitor::eth_client[0m[2m:[0m ✅ Transaction 0xe5bdfc6ade8236c8c2fddc79abbbdf102660e4154930156759c8126230a61e4f fetched and parsed in 85.069667ms
[2m2025-12-10T10:10:57.779651Z[0m [34mDEBUG[0m [2methereum_transaction_pool_monitor::mempool_monitor[0m[2m:[0m 🔍 Skipping tx 0xe5bdfc6ade8236c8c2fddc79abbbdf102660e4154930156759c8126230a61e4f - not a DEX interaction (target: 0xA0b86991c6218b36c1d19D4a2e9Eb0cE3606eB48)
[2m2025-12-10T10:10:57.779661Z[0m [34mDEBUG[0m [2methereum_transaction_pool_monitor::mempool_monitor[0m[2m:[0m 📨 Processing new pending transaction: 0x088f145bf0a48659077b3d2f17e16c8918b8c3710274aab5cd7477669333d6d4
[2m2025-12-10T10:10:57.779670Z[0m [34mDEBUG[0m [2methereum_transaction_pool_monitor::mempool_monitor[0m[2m:[0m 🔍 Fetching transaction details for: 0x088f145bf0a48659077b3d2f17e16c8918b8c3710274aab5cd7477669333d6d4
[2m2025-12-10T10:10:57.779677Z[0m [34mDEBUG[0m [2methereum_transaction_pool_monitor::eth_client[0m[2m:[0m 🔍 Fetching transaction details for hash: 0x088f145bf0a48659077b3d2f17e16c8918b8c3710274aab5cd7477669333d6d4
[2m2025-12-10T10:10:57.779693Z[0m [34mDEBUG[0m [2mhyper::client::pool[0m[2m:[0m reuse idle connection for ("http", 192.168.0.14:8545)
[2m2025-12-10T10:10:57.779734Z[0m [34mDEBUG[0m [2mhyper::proto::h1::io[0m[2m:[0m flushed 250 bytes
[2m2025-12-10T10:10:57.779779Z[0m [34mDEBUG[0m [2methereum_transaction_pool_monitor::eth_client[0m[2m:[0m 📨 Received WebSocket message: {"jsonrpc":"2.0","method":"eth_subscription","params":{"subscription":"0xbed0a0851463e895960a451075a301a9","result":"0xab80529c15e899c5ec32cc704df6e96f53c68d9cf73b0f7b6db9363c18eda57f"}}
[2m2025-12-10T10:10:57.779780Z[0m [34mDEBUG[0m [2mhyper::proto::h1::io[0m[2m:[0m parsed 4 headers
[2m2025-12-10T10:10:57.779792Z[0m [34mDEBUG[0m [2methereum_transaction_pool_monitor::eth_client[0m[2m:[0m 📨 Received pending transaction: 0xab80529c15e899c5ec32cc704df6e96f53c68d9cf73b0f7b6db9363c18eda57f
[2m2025-12-10T10:10:57.779802Z[0m [34mDEBUG[0m [2mhyper::proto::h1::conn[0m[2m:[0m incoming body is content-length (45 bytes)
[2m2025-12-10T10:10:57.779825Z[0m [34mDEBUG[0m [2mhyper::proto::h1::conn[0m[2m:[0m incoming body completed
[2m2025-12-10T10:10:57.779833Z[0m [34mDEBUG[0m [2mhyper::client::pool[0m[2m:[0m pooling idle connection for ("http", 192.168.0.14:8545)
[2m2025-12-10T10:10:57.783927Z[0m [34mDEBUG[0m [2mhyper::proto::h1::io[0m[2m:[0m parsed 4 headers
[2m2025-12-10T10:10:57.783948Z[0m [34mDEBUG[0m [2mhyper::proto::h1::conn[0m[2m:[0m incoming body is content-length (777 bytes)
[2m2025-12-10T10:10:57.783966Z[0m [34mDEBUG[0m [2mhyper::proto::h1::conn[0m[2m:[0m incoming body completed
[2m2025-12-10T10:10:57.783986Z[0m [34mDEBUG[0m [2mhyper::client::pool[0m[2m:[0m pooling idle connection for ("http", 192.168.0.14:8545)
[2m2025-12-10T10:10:57.783991Z[0m [34mDEBUG[0m [2methereum_transaction_pool_monitor::eth_client[0m[2m:[0m 📡 Transaction fetch RPC completed in 4.310458ms
[2m2025-12-10T10:10:57.784016Z[0m [34mDEBUG[0m [2methereum_transaction_pool_monitor::eth_client[0m[2m:[0m DeFi transaction detected - Address: 0xdac17f958d2ee523a2206206994597c13d831ec7, Type: Stablecoin, Value: 0 ETH, Gas: 127.50 Gwei
[2m2025-12-10T10:10:57.784029Z[0m [34mDEBUG[0m [2methereum_transaction_pool_monitor::eth_client[0m[2m:[0m ✅ Transaction 0x088f145bf0a48659077b3d2f17e16c8918b8c3710274aab5cd7477669333d6d4 fetched and parsed in 4.348125ms
[2m2025-12-10T10:10:57.784034Z[0m [34mDEBUG[0m [2methereum_transaction_pool_monitor::mempool_monitor[0m[2m:[0m 🔍 Skipping tx 0x088f145bf0a48659077b3d2f17e16c8918b8c3710274aab5cd7477669333d6d4 - not a DEX interaction (target: 0xdAC17F958D2ee523a2206206994597C13D831ec7)
[2m2025-12-10T10:10:57.784040Z[0m [34mDEBUG[0m [2methereum_transaction_pool_monitor::mempool_monitor[0m[2m:[0m 📨 Processing new pending transaction: 0x28988b8baeca762f225c7b3dd4076d89bdb4d1d1d82b63f8b6931aec89eddc7e
[2m2025-12-10T10:10:57.784044Z[0m [34mDEBUG[0m [2methereum_transaction_pool_monitor::mempool_monitor[0m[2m:[0m 🔍 Fetching transaction details for: 0x28988b8baeca762f225c7b3dd4076d89bdb4d1d1d82b63f8b6931aec89eddc7e
[2m2025-12-10T10:10:57.784048Z[0m [34mDEBUG[0m [2methereum_transaction_pool_monitor::eth_client[0m[2m:[0m 🔍 Fetching transaction details for hash: 0x28988b8baeca762f225c7b3dd4076d89bdb4d1d1d82b63f8b6931aec89eddc7e
[2m2025-12-10T10:10:57.784056Z[0m [34mDEBUG[0m [2mhyper::client::pool[0m[2m:[0m reuse idle connection for ("http", 192.168.0.14:8545)
[2m2025-12-10T10:10:57.784070Z[0m [34mDEBUG[0m [2mhyper::proto::h1::io[0m[2m:[0m flushed 250 bytes
[2m2025-12-10T10:10:57.794862Z[0m [34mDEBUG[0m [2mhyper::proto::h1::io[0m[2m:[0m parsed 4 headers
[2m2025-12-10T10:10:57.794887Z[0m [34mDEBUG[0m [2mhyper::proto::h1::conn[0m[2m:[0m incoming body is content-length (830 bytes)
[2m2025-12-10T10:10:57.794905Z[0m [34mDEBUG[0m [2mhyper::proto::h1::conn[0m[2m:[0m incoming body completed
[2m2025-12-10T10:10:57.794929Z[0m [34mDEBUG[0m [2mhyper::client::pool[0m[2m:[0m pooling idle connection for ("http", 192.168.0.14:8545)
[2m2025-12-10T10:10:57.794933Z[0m [34mDEBUG[0m [2methereum_transaction_pool_monitor::eth_client[0m[2m:[0m 📡 Transaction fetch RPC completed in 10.88125ms
[2m2025-12-10T10:10:57.864329Z[0m [34mDEBUG[0m [2methereum_transaction_pool_monitor::eth_client[0m[2m:[0m ✅ Transaction 0x28988b8baeca762f225c7b3dd4076d89bdb4d1d1d82b63f8b6931aec89eddc7e fetched and parsed in 80.273875ms
[2m2025-12-10T10:10:57.864356Z[0m [34mDEBUG[0m [2methereum_transaction_pool_monitor::mempool_monitor[0m[2m:[0m 🔍 Skipping tx 0x28988b8baeca762f225c7b3dd4076d89bdb4d1d1d82b63f8b6931aec89eddc7e - not a DEX interaction (target: 0x3B4D794a66304F130a4Db8F2551B0070dfCf5ca7)
[2m2025-12-10T10:10:57.864366Z[0m [34mDEBUG[0m [2methereum_transaction_pool_monitor::mempool_monitor[0m[2m:[0m 📨 Processing new pending transaction: 0x0279f5f698ac61f8a0dc3da7021cffd384f797bb65d4d4a7d3860af0cc7e21b8
[2m2025-12-10T10:10:57.864370Z[0m [34mDEBUG[0m [2methereum_transaction_pool_monitor::mempool_monitor[0m[2m:[0m 🔍 Fetching transaction details for: 0x0279f5f698ac61f8a0dc3da7021cffd384f797bb65d4d4a7d3860af0cc7e21b8
[2m2025-12-10T10:10:57.864375Z[0m [34mDEBUG[0m [2methereum_transaction_pool_monitor::eth_client[0m[2m:[0m 🔍 Fetching transaction details for hash: 0x0279f5f698ac61f8a0dc3da7021cffd384f797bb65d4d4a7d3860af0cc7e21b8
[2m2025-12-10T10:10:57.864393Z[0m [34mDEBUG[0m [2mhyper::client::pool[0m[2m:[0m reuse idle connection for ("http", 192.168.0.14:8545)
[2m2025-12-10T10:10:57.864436Z[0m [34mDEBUG[0m [2mhyper::proto::h1::io[0m[2m:[0m flushed 250 bytes
[2m2025-12-10T10:10:57.864454Z[0m [34mDEBUG[0m [2mhyper::client::pool[0m[2m:[0m reuse idle connection for ("http", 192.168.0.14:8545)
[2m2025-12-10T10:10:57.864470Z[0m [34mDEBUG[0m [2mhyper::proto::h1::io[0m[2m:[0m flushed 172 bytes
[2m2025-12-10T10:10:57.864471Z[0m [34mDEBUG[0m [2methereum_transaction_pool_monitor::eth_client[0m[2m:[0m 📨 Received WebSocket message: {"jsonrpc":"2.0","method":"eth_subscription","params":{"subscription":"0xbed0a0851463e895960a451075a301a9","result":"0xe00c4533cd96dab0105f98a6ed8c98c5d97a19561302af8d3d6397dba7347e1f"}}
[2m2025-12-10T10:10:57.864483Z[0m [34mDEBUG[0m [2methereum_transaction_pool_monitor::eth_client[0m[2m:[0m 📨 Received pending transaction: 0xe00c4533cd96dab0105f98a6ed8c98c5d97a19561302af8d3d6397dba7347e1f
[2m2025-12-10T10:10:57.870051Z[0m [34mDEBUG[0m [2mhyper::proto::h1::io[0m[2m:[0m parsed 4 headers
[2m2025-12-10T10:10:57.873989Z[0m [34mDEBUG[0m [2mhyper::proto::h1::conn[0m[2m:[0m incoming body is content-length (45 bytes)
[2m2025-12-10T10:10:57.874013Z[0m [34mDEBUG[0m [2mhyper::proto::h1::conn[0m[2m:[0m incoming body completed
[2m2025-12-10T10:10:57.874041Z[0m [34mDEBUG[0m [2mhyper::client::pool[0m[2m:[0m pooling idle connection for ("http", 192.168.0.14:8545)
[2m2025-12-10T10:10:57.874062Z[0m [34mDEBUG[0m [2mhyper::proto::h1::io[0m[2m:[0m parsed 4 headers
[2m2025-12-10T10:10:57.874069Z[0m [34mDEBUG[0m [2mhyper::proto::h1::conn[0m[2m:[0m incoming body is content-length (701 bytes)
[2m2025-12-10T10:10:57.874074Z[0m [34mDEBUG[0m [2mhyper::proto::h1::conn[0m[2m:[0m incoming body completed
[2m2025-12-10T10:10:57.874080Z[0m [34mDEBUG[0m [2mhyper::client::pool[0m[2m:[0m pooling idle connection for ("http", 192.168.0.14:8545)
[2m2025-12-10T10:10:57.874086Z[0m [34mDEBUG[0m [2methereum_transaction_pool_monitor::eth_client[0m[2m:[0m 📡 Transaction fetch RPC completed in 9.70625ms
[2m2025-12-10T10:10:57.945188Z[0m [34mDEBUG[0m [2methereum_transaction_pool_monitor::eth_client[0m[2m:[0m ✅ Transaction 0x0279f5f698ac61f8a0dc3da7021cffd384f797bb65d4d4a7d3860af0cc7e21b8 fetched and parsed in 80.806875ms
[2m2025-12-10T10:10:57.945212Z[0m [34mDEBUG[0m [2methereum_transaction_pool_monitor::mempool_monitor[0m[2m:[0m 🔍 Skipping tx 0x0279f5f698ac61f8a0dc3da7021cffd384f797bb65d4d4a7d3860af0cc7e21b8 - not a DEX interaction (target: 0xF0BAE7189bF0ebBaA76b5A6B372C9dB837e455C4)
[2m2025-12-10T10:10:57.945223Z[0m [34mDEBUG[0m [2methereum_transaction_pool_monitor::mempool_monitor[0m[2m:[0m 📨 Processing new pending transaction: 0x994fc8df03dfad8d2284d64c2f5cc7af4cb14260b374fafb89379ff66b4ee297
[2m2025-12-10T10:10:57.945229Z[0m [34mDEBUG[0m [2methereum_transaction_pool_monitor::mempool_monitor[0m[2m:[0m 🔍 Fetching transaction details for: 0x994fc8df03dfad8d2284d64c2f5cc7af4cb14260b374fafb89379ff66b4ee297
[2m2025-12-10T10:10:57.945235Z[0m [34mDEBUG[0m [2methereum_transaction_pool_monitor::eth_client[0m[2m:[0m 🔍 Fetching transaction details for hash: 0x994fc8df03dfad8d2284d64c2f5cc7af4cb14260b374fafb89379ff66b4ee297
[2m2025-12-10T10:10:57.945254Z[0m [34mDEBUG[0m [2mhyper::client::pool[0m[2m:[0m reuse idle connection for ("http", 192.168.0.14:8545)
[2m2025-12-10T10:10:57.945282Z[0m [34mDEBUG[0m [2mhyper::proto::h1::io[0m[2m:[0m flushed 250 bytes
[2m2025-12-10T10:10:57.945301Z[0m [34mDEBUG[0m [2mhyper::client::pool[0m[2m:[0m reuse idle connection for ("http", 192.168.0.14:8545)
[2m2025-12-10T10:10:57.945313Z[0m [34mDEBUG[0m [2methereum_transaction_pool_monitor::eth_client[0m[2m:[0m 📨 Received WebSocket message: {"jsonrpc":"2.0","method":"eth_subscription","params":{"subscription":"0xbed0a0851463e895960a451075a301a9","result":"0xff19e07b7a4142aaede90a314e3fb9f41291e7bd85dfa281f0c7ae5d5b4bf05e"}}
[2m2025-12-10T10:10:57.945325Z[0m [34mDEBUG[0m [2methereum_transaction_pool_monitor::eth_client[0m[2m:[0m 📨 Received pending transaction: 0xff19e07b7a4142aaede90a314e3fb9f41291e7bd85dfa281f0c7ae5d5b4bf05e
[2m2025-12-10T10:10:57.945332Z[0m [34mDEBUG[0m [2methereum_transaction_pool_monitor::eth_client[0m[2m:[0m 📨 Received WebSocket message: {"jsonrpc":"2.0","method":"eth_subscription","params":{"subscription":"0xbed0a0851463e895960a451075a301a9","result":"0x09e2f56c1668caa3c12f32d608630cbcbfde1a23e11e6e60bdc83c31be56976c"}}
[2m2025-12-10T10:10:57.945340Z[0m [34mDEBUG[0m [2methereum_transaction_pool_monitor::eth_client[0m[2m:[0m 📨 Received pending transaction: 0x09e2f56c1668caa3c12f32d608630cbcbfde1a23e11e6e60bdc83c31be56976c
[2m2025-12-10T10:10:57.945315Z[0m [34mDEBUG[0m [2mhyper::proto::h1::io[0m[2m:[0m flushed 172 bytes
[2m2025-12-10T10:10:57.953369Z[0m [34mDEBUG[0m [2mhyper::proto::h1::io[0m[2m:[0m parsed 4 headers
[2m2025-12-10T10:10:57.953392Z[0m [34mDEBUG[0m [2mhyper::proto::h1::conn[0m[2m:[0m incoming body is content-length (829 bytes)
[2m2025-12-10T10:10:57.953417Z[0m [34mDEBUG[0m [2mhyper::proto::h1::conn[0m[2m:[0m incoming body completed
[2m2025-12-10T10:10:57.953428Z[0m [34mDEBUG[0m [2mhyper::client::pool[0m[2m:[0m pooling idle connection for ("http", 192.168.0.14:8545)
[2m2025-12-10T10:10:57.953447Z[0m [34mDEBUG[0m [2methereum_transaction_pool_monitor::eth_client[0m[2m:[0m 📡 Transaction fetch RPC completed in 8.20675ms
[2m2025-12-10T10:10:58.024253Z[0m [34mDEBUG[0m [2methereum_transaction_pool_monitor::eth_client[0m[2m:[0m ✅ Transaction 0x994fc8df03dfad8d2284d64c2f5cc7af4cb14260b374fafb89379ff66b4ee297 fetched and parsed in 79.009125ms
[2m2025-12-10T10:10:58.024282Z[0m [34mDEBUG[0m [2methereum_transaction_pool_monitor::mempool_monitor[0m[2m:[0m 🔍 Skipping tx 0x994fc8df03dfad8d2284d64c2f5cc7af4cb14260b374fafb89379ff66b4ee297 - not a DEX interaction (target: 0x3B4D794a66304F130a4Db8F2551B0070dfCf5ca7)
[2m2025-12-10T10:10:58.024294Z[0m [34mDEBUG[0m [2methereum_transaction_pool_monitor::mempool_monitor[0m[2m:[0m 📨 Processing new pending transaction: 0x37f2c1ebfeab128c2f3c2aacdd31965033d361d60deecad3de2c144c18b557b5
[2m2025-12-10T10:10:58.024308Z[0m [34mDEBUG[0m [2methereum_transaction_pool_monitor::mempool_monitor[0m[2m:[0m 🔍 Fetching transaction details for: 0x37f2c1ebfeab128c2f3c2aacdd31965033d361d60deecad3de2c144c18b557b5
[2m2025-12-10T10:10:58.024316Z[0m [34mDEBUG[0m [2methereum_transaction_pool_monitor::eth_client[0m[2m:[0m 🔍 Fetching transaction details for hash: 0x37f2c1ebfeab128c2f3c2aacdd31965033d361d60deecad3de2c144c18b557b5
[2m2025-12-10T10:10:58.024337Z[0m [34mDEBUG[0m [2mhyper::client::pool[0m[2m:[0m reuse idle connection for ("http", 192.168.0.14:8545)
[2m2025-12-10T10:10:58.024377Z[0m [34mDEBUG[0m [2mhyper::proto::h1::io[0m[2m:[0m flushed 250 bytes
[2m2025-12-10T10:10:58.024400Z[0m [34mDEBUG[0m [2mhyper::proto::h1::io[0m[2m:[0m parsed 4 headers
[2m2025-12-10T10:10:58.024412Z[0m [34mDEBUG[0m [2mhyper::proto::h1::conn[0m[2m:[0m incoming body is content-length (45 bytes)
[2m2025-12-10T10:10:58.024422Z[0m [34mDEBUG[0m [2mhyper::proto::h1::conn[0m[2m:[0m incoming body completed
[2m2025-12-10T10:10:58.024434Z[0m [34mDEBUG[0m [2mhyper::client::pool[0m[2m:[0m pooling idle connection for ("http", 192.168.0.14:8545)
[2m2025-12-10T10:10:58.024454Z[0m [34mDEBUG[0m [2mhyper::client::pool[0m[2m:[0m reuse idle connection for ("http", 192.168.0.14:8545)
[2m2025-12-10T10:10:58.024473Z[0m [34mDEBUG[0m [2mhyper::proto::h1::io[0m[2m:[0m flushed 172 bytes
[2m2025-12-10T10:10:58.037196Z[0m [34mDEBUG[0m [2methereum_transaction_pool_monitor::eth_client[0m[2m:[0m 📨 Received WebSocket message: {"jsonrpc":"2.0","method":"eth_subscription","params":{"subscription":"0xbed0a0851463e895960a451075a301a9","result":"0x0ff939d76439568355da8bf1740a4ee960550d56797bdb7053f5aae2e6868d6c"}}
[2m2025-12-10T10:10:58.037221Z[0m [34mDEBUG[0m [2methereum_transaction_pool_monitor::eth_client[0m[2m:[0m 📨 Received pending transaction: 0x0ff939d76439568355da8bf1740a4ee960550d56797bdb7053f5aae2e6868d6c
[2m2025-12-10T10:10:58.037247Z[0m [34mDEBUG[0m [2mhyper::proto::h1::io[0m[2m:[0m parsed 4 headers
[2m2025-12-10T10:10:58.037254Z[0m [34mDEBUG[0m [2mhyper::proto::h1::io[0m[2m:[0m parsed 4 headers
[2m2025-12-10T10:10:58.037254Z[0m [34mDEBUG[0m [2mhyper::proto::h1::conn[0m[2m:[0m incoming body is content-length (45 bytes)
[2m2025-12-10T10:10:58.037264Z[0m [34mDEBUG[0m [2mhyper::proto::h1::conn[0m[2m:[0m incoming body is content-length (680 bytes)
[2m2025-12-10T10:10:58.037271Z[0m [34mDEBUG[0m [2mhyper::proto::h1::conn[0m[2m:[0m incoming body completed
[2m2025-12-10T10:10:58.037274Z[0m [34mDEBUG[0m [2mhyper::proto::h1::conn[0m[2m:[0m incoming body completed
[2m2025-12-10T10:10:58.037280Z[0m [34mDEBUG[0m [2mhyper::client::pool[0m[2m:[0m pooling idle connection for ("http", 192.168.0.14:8545)
[2m2025-12-10T10:10:58.037284Z[0m [34mDEBUG[0m [2mhyper::client::pool[0m[2m:[0m pooling idle connection for ("http", 192.168.0.14:8545)
[2m2025-12-10T10:10:58.037292Z[0m [34mDEBUG[0m [2methereum_transaction_pool_monitor::eth_client[0m[2m:[0m 📡 Transaction fetch RPC completed in 12.968541ms
[2m2025-12-10T10:10:58.037305Z[0m [34mDEBUG[0m [2methereum_transaction_pool_monitor::eth_client[0m[2m:[0m DeFi transaction detected - Address: 0xdac17f958d2ee523a2206206994597c13d831ec7, Type: Stablecoin, Value: 0 ETH, Gas: 0.27 Gwei
[2m2025-12-10T10:10:58.037322Z[0m [34mDEBUG[0m [2methereum_transaction_pool_monitor::eth_client[0m[2m:[0m ✅ Transaction 0x37f2c1ebfeab128c2f3c2aacdd31965033d361d60deecad3de2c144c18b557b5 fetched and parsed in 12.998041ms
[2m2025-12-10T10:10:58.037329Z[0m [34mDEBUG[0m [2methereum_transaction_pool_monitor::mempool_monitor[0m[2m:[0m 🔍 Skipping tx 0x37f2c1ebfeab128c2f3c2aacdd31965033d361d60deecad3de2c144c18b557b5 - not a DEX interaction (target: 0xdAC17F958D2ee523a2206206994597C13D831ec7)
[2m2025-12-10T10:10:58.037339Z[0m [34mDEBUG[0m [2methereum_transaction_pool_monitor::mempool_monitor[0m[2m:[0m 📨 Processing new pending transaction: 0xb95525a9db7c1e23562c6272cddf2de0666080736e6969c559da834ff04b2840
[2m2025-12-10T10:10:58.037345Z[0m [34mDEBUG[0m [2methereum_transaction_pool_monitor::mempool_monitor[0m[2m:[0m 🔍 Fetching transaction details for: 0xb95525a9db7c1e23562c6272cddf2de0666080736e6969c559da834ff04b2840
[2m2025-12-10T10:10:58.037350Z[0m [34mDEBUG[0m [2methereum_transaction_pool_monitor::eth_client[0m[2m:[0m 🔍 Fetching transaction details for hash: 0xb95525a9db7c1e23562c6272cddf2de0666080736e6969c559da834ff04b2840
[2m2025-12-10T10:10:58.037359Z[0m [34mDEBUG[0m [2mhyper::client::pool[0m[2m:[0m reuse idle connection for ("http", 192.168.0.14:8545)
[2m2025-12-10T10:10:58.037374Z[0m [34mDEBUG[0m [2mhyper::proto::h1::io[0m[2m:[0m flushed 250 bytes
[2m2025-12-10T10:10:58.042886Z[0m [34mDEBUG[0m [2mhyper::proto::h1::io[0m[2m:[0m parsed 4 headers
[2m2025-12-10T10:10:58.042893Z[0m [34mDEBUG[0m [2mhyper::proto::h1::conn[0m[2m:[0m incoming body is content-length (1732 bytes)
[2m2025-12-10T10:10:58.042898Z[0m [34mDEBUG[0m [2mhyper::proto::h1::conn[0m[2m:[0m incoming body completed
[2m2025-12-10T10:10:58.042904Z[0m [34mDEBUG[0m [2mhyper::client::pool[0m[2m:[0m pooling idle connection for ("http", 192.168.0.14:8545)
[2m2025-12-10T10:10:58.042909Z[0m [34mDEBUG[0m [2methereum_transaction_pool_monitor::eth_client[0m[2m:[0m 📡 Transaction fetch RPC completed in 5.555167ms
[2m2025-12-10T10:10:58.114011Z[0m [34mDEBUG[0m [2methereum_transaction_pool_monitor::eth_client[0m[2m:[0m ✅ Transaction 0xb95525a9db7c1e23562c6272cddf2de0666080736e6969c559da834ff04b2840 fetched and parsed in 76.655084ms
[2m2025-12-10T10:10:58.114031Z[0m [34mDEBUG[0m [2methereum_transaction_pool_monitor::mempool_monitor[0m[2m:[0m 🔍 Skipping tx 0xb95525a9db7c1e23562c6272cddf2de0666080736e6969c559da834ff04b2840 - not a DEX interaction (target: 0x601a2aD6CB5949f0529735254189Ba3194221EDF)
[2m2025-12-10T10:10:58.114042Z[0m [34mDEBUG[0m [2methereum_transaction_pool_monitor::mempool_monitor[0m[2m:[0m 📨 Processing new pending transaction: 0xe70af74ca8bdca64fbe654c21101468b889e50914e2dae4d088962c8e5da2848
[2m2025-12-10T10:10:58.114050Z[0m [34mDEBUG[0m [2methereum_transaction_pool_monitor::mempool_monitor[0m[2m:[0m 🔍 Fetching transaction details for: 0xe70af74ca8bdca64fbe654c21101468b889e50914e2dae4d088962c8e5da2848
[2m2025-12-10T10:10:58.114054Z[0m [34mDEBUG[0m [2methereum_transaction_pool_monitor::eth_client[0m[2m:[0m 🔍 Fetching transaction details for hash: 0xe70af74ca8bdca64fbe654c21101468b889e50914e2dae4d088962c8e5da2848
[2m2025-12-10T10:10:58.114071Z[0m [34mDEBUG[0m [2mhyper::client::pool[0m[2m:[0m reuse idle connection for ("http", 192.168.0.14:8545)
[2m2025-12-10T10:10:58.114095Z[0m [34mDEBUG[0m [2mhyper::proto::h1::io[0m[2m:[0m flushed 250 bytes
[2m2025-12-10T10:10:58.114114Z[0m [34mDEBUG[0m [2mhyper::client::pool[0m[2m:[0m reuse idle connection for ("http", 192.168.0.14:8545)
[2m2025-12-10T10:10:58.114129Z[0m [34mDEBUG[0m [2mhyper::proto::h1::io[0m[2m:[0m flushed 172 bytes
[2m2025-12-10T10:10:58.114127Z[0m [32m INFO[0m [2methereum_transaction_pool_monitor::bot_runner[0m[2m:[0m 🤖 MEV Bot Stats | Uptime: 0.1h | Opportunities: 0 | Bundles: 0/0 (0.0%) | Profit: 0.0000 ETH | Rate: 0.00/h
[2m2025-12-10T10:10:58.114130Z[0m [34mDEBUG[0m [2methereum_transaction_pool_monitor::eth_client[0m[2m:[0m 📨 Received WebSocket message: {"jsonrpc":"2.0","method":"eth_subscription","params":{"subscription":"0xbed0a0851463e895960a451075a301a9","result":"0xbe252cef23422ca7fe10f34af5cd0f7c3e2e9c5f2aaf111b9957d71199f7f57f"}}
[2m2025-12-10T10:10:58.114154Z[0m [34mDEBUG[0m [2methereum_transaction_pool_monitor::eth_client[0m[2m:[0m 📨 Received pending transaction: 0xbe252cef23422ca7fe10f34af5cd0f7c3e2e9c5f2aaf111b9957d71199f7f57f
[2m2025-12-10T10:10:58.119461Z[0m [34mDEBUG[0m [2mhyper::proto::h1::io[0m[2m:[0m parsed 4 headers
[2m2025-12-10T10:10:58.119484Z[0m [34mDEBUG[0m [2mhyper::proto::h1::conn[0m[2m:[0m incoming body is content-length (45 bytes)
[2m2025-12-10T10:10:58.119507Z[0m [34mDEBUG[0m [2mhyper::proto::h1::conn[0m[2m:[0m incoming body completed
[2m2025-12-10T10:10:58.119520Z[0m [34mDEBUG[0m [2mhyper::client::pool[0m[2m:[0m pooling idle connection for ("http", 192.168.0.14:8545)
[2m2025-12-10T10:10:58.120027Z[0m [34mDEBUG[0m [2mhyper::proto::h1::io[0m[2m:[0m parsed 4 headers
[2m2025-12-10T10:10:58.120036Z[0m [34mDEBUG[0m [2mhyper::proto::h1::conn[0m[2m:[0m incoming body is content-length (646 bytes)
[2m2025-12-10T10:10:58.120114Z[0m [34mDEBUG[0m [2mhyper::proto::h1::conn[0m[2m:[0m incoming body completed
[2m2025-12-10T10:10:58.120121Z[0m [34mDEBUG[0m [2mhyper::client::pool[0m[2m:[0m pooling idle connection for ("http", 192.168.0.14:8545)
[2m2025-12-10T10:10:58.120126Z[0m [34mDEBUG[0m [2methereum_transaction_pool_monitor::eth_client[0m[2m:[0m 📡 Transaction fetch RPC completed in 6.067625ms
[2m2025-12-10T10:10:58.191185Z[0m [34mDEBUG[0m [2methereum_transaction_pool_monitor::eth_client[0m[2m:[0m ✅ Transaction 0xe70af74ca8bdca64fbe654c21101468b889e50914e2dae4d088962c8e5da2848 fetched and parsed in 77.124125ms
[2m2025-12-10T10:10:58.191210Z[0m [34mDEBUG[0m [2methereum_transaction_pool_monitor::mempool_monitor[0m[2m:[0m 🔍 Skipping tx 0xe70af74ca8bdca64fbe654c21101468b889e50914e2dae4d088962c8e5da2848 - not a DEX interaction (target: 0xA26148AE51fa8E787DF319C04137602Cc018b521)
[2m2025-12-10T10:10:58.191219Z[0m [34mDEBUG[0m [2methereum_transaction_pool_monitor::mempool_monitor[0m[2m:[0m 📨 Processing new pending transaction: 0x54381d1292684e26e81ac9bf2a3a7df3e7fc6fd1a3e4c40aa1fe53d5004eaa78
[2m2025-12-10T10:10:58.191225Z[0m [34mDEBUG[0m [2methereum_transaction_pool_monitor::mempool_monitor[0m[2m:[0m 🔍 Fetching transaction details for: 0x54381d1292684e26e81ac9bf2a3a7df3e7fc6fd1a3e4c40aa1fe53d5004eaa78
[2m2025-12-10T10:10:58.191231Z[0m [34mDEBUG[0m [2methereum_transaction_pool_monitor::eth_client[0m[2m:[0m 🔍 Fetching transaction details for hash: 0x54381d1292684e26e81ac9bf2a3a7df3e7fc6fd1a3e4c40aa1fe53d5004eaa78
[2m2025-12-10T10:10:58.191251Z[0m [34mDEBUG[0m [2mhyper::client::pool[0m[2m:[0m reuse idle connection for ("http", 192.168.0.14:8545)
[2m2025-12-10T10:10:58.191291Z[0m [34mDEBUG[0m [2mhyper::proto::h1::io[0m[2m:[0m flushed 250 bytes
[2m2025-12-10T10:10:58.191311Z[0m [34mDEBUG[0m [2methereum_transaction_pool_monitor::eth_client[0m[2m:[0m 📨 Received WebSocket message: {"jsonrpc":"2.0","method":"eth_subscription","params":{"subscription":"0xbed0a0851463e895960a451075a301a9","result":"0xc12501a407450ad1cada94cc66e9dee07ba97689e2d4332f495b40e80095cf0a"}}
[2m2025-12-10T10:10:58.191319Z[0m [34mDEBUG[0m [2methereum_transaction_pool_monitor::eth_client[0m[2m:[0m 📨 Received pending transaction: 0xc12501a407450ad1cada94cc66e9dee07ba97689e2d4332f495b40e80095cf0a
[2m2025-12-10T10:10:58.198866Z[0m [34mDEBUG[0m [2mhyper::client::pool[0m[2m:[0m reuse idle connection for ("http", 192.168.0.14:8545)
[2m2025-12-10T10:10:58.202202Z[0m [34mDEBUG[0m [2mhyper::proto::h1::io[0m[2m:[0m flushed 172 bytes
[2m2025-12-10T10:10:58.202232Z[0m [34mDEBUG[0m [2mhyper::proto::h1::io[0m[2m:[0m parsed 4 headers
[2m2025-12-10T10:10:58.202240Z[0m [34mDEBUG[0m [2mhyper::proto::h1::conn[0m[2m:[0m incoming body is content-length (830 bytes)
[2m2025-12-10T10:10:58.202248Z[0m [34mDEBUG[0m [2mhyper::proto::h1::conn[0m[2m:[0m incoming body completed
[2m2025-12-10T10:10:58.202257Z[0m [34mDEBUG[0m [2mhyper::client::pool[0m[2m:[0m pooling idle connection for ("http", 192.168.0.14:8545)
[2m2025-12-10T10:10:58.202263Z[0m [34mDEBUG[0m [2methereum_transaction_pool_monitor::eth_client[0m[2m:[0m 📡 Transaction fetch RPC completed in 11.027458ms
[2m2025-12-10T10:10:58.274286Z[0m [34mDEBUG[0m [2methereum_transaction_pool_monitor::eth_client[0m[2m:[0m ✅ Transaction 0x54381d1292684e26e81ac9bf2a3a7df3e7fc6fd1a3e4c40aa1fe53d5004eaa78 fetched and parsed in 83.047208ms
[2m2025-12-10T10:10:58.274313Z[0m [34mDEBUG[0m [2methereum_transaction_pool_monitor::mempool_monitor[0m[2m:[0m 🔍 Skipping tx 0x54381d1292684e26e81ac9bf2a3a7df3e7fc6fd1a3e4c40aa1fe53d5004eaa78 - not a DEX interaction (target: 0x3B4D794a66304F130a4Db8F2551B0070dfCf5ca7)
[2m2025-12-10T10:10:58.274323Z[0m [34mDEBUG[0m [2methereum_transaction_pool_monitor::mempool_monitor[0m[2m:[0m 📨 Processing new pending transaction: 0xd2970aa6d7fac2b4a0513b60024af72020f7d834bb5ac8e512a084418a2b4018
[2m2025-12-10T10:10:58.274330Z[0m [34mDEBUG[0m [2methereum_transaction_pool_monitor::mempool_monitor[0m[2m:[0m 🔍 Fetching transaction details for: 0xd2970aa6d7fac2b4a0513b60024af72020f7d834bb5ac8e512a084418a2b4018
[2m2025-12-10T10:10:58.274337Z[0m [34mDEBUG[0m [2methereum_transaction_pool_monitor::eth_client[0m[2m:[0m 🔍 Fetching transaction details for hash: 0xd2970aa6d7fac2b4a0513b60024af72020f7d834bb5ac8e512a084418a2b4018
[2m2025-12-10T10:10:58.274356Z[0m [34mDEBUG[0m [2mhyper::client::pool[0m[2m:[0m reuse idle connection for ("http", 192.168.0.14:8545)
[2m2025-12-10T10:10:58.274391Z[0m [34mDEBUG[0m [2mhyper::proto::h1::io[0m[2m:[0m flushed 250 bytes
[2m2025-12-10T10:10:58.274410Z[0m [34mDEBUG[0m [2mhyper::proto::h1::io[0m[2m:[0m parsed 4 headers
[2m2025-12-10T10:10:58.274415Z[0m [34mDEBUG[0m [2mhyper::proto::h1::conn[0m[2m:[0m incoming body is content-length (45 bytes)
[2m2025-12-10T10:10:58.274422Z[0m [34mDEBUG[0m [2mhyper::proto::h1::conn[0m[2m:[0m incoming body completed
[2m2025-12-10T10:10:58.274430Z[0m [34mDEBUG[0m [2mhyper::client::pool[0m[2m:[0m pooling idle connection for ("http", 192.168.0.14:8545)
[2m2025-12-10T10:10:58.280062Z[0m [34mDEBUG[0m [2mhyper::proto::h1::io[0m[2m:[0m parsed 4 headers
[2m2025-12-10T10:10:58.280068Z[0m [34mDEBUG[0m [2mhyper::proto::h1::conn[0m[2m:[0m incoming body is content-length (2437 bytes)
[2m2025-12-10T10:10:58.280073Z[0m [34mDEBUG[0m [2mhyper::proto::h1::conn[0m[2m:[0m incoming body completed
[2m2025-12-10T10:10:58.280081Z[0m [34mDEBUG[0m [2mhyper::client::pool[0m[2m:[0m pooling idle connection for ("http", 192.168.0.14:8545)
[2m2025-12-10T10:10:58.280087Z[0m [34mDEBUG[0m [2methereum_transaction_pool_monitor::eth_client[0m[2m:[0m 📡 Transaction fetch RPC completed in 5.745833ms
[2m2025-12-10T10:10:58.351650Z[0m [34mDEBUG[0m [2methereum_transaction_pool_monitor::eth_client[0m[2m:[0m ✅ Transaction 0xd2970aa6d7fac2b4a0513b60024af72020f7d834bb5ac8e512a084418a2b4018 fetched and parsed in 77.305625ms
[2m2025-12-10T10:10:58.351680Z[0m [34mDEBUG[0m [2methereum_transaction_pool_monitor::mempool_monitor[0m[2m:[0m 🔍 Skipping tx 0xd2970aa6d7fac2b4a0513b60024af72020f7d834bb5ac8e512a084418a2b4018 - not a DEX interaction (target: 0xC36442b4a4522E871399CD717aBDD847Ab11FE88)
[2m2025-12-10T10:10:58.351692Z[0m [34mDEBUG[0m [2methereum_transaction_pool_monitor::mempool_monitor[0m[2m:[0m 📨 Processing new pending transaction: 0x8fb508f2a0424a6c938d03f21755b5b1f1e14398746c539f9cae3659ecd4723e
[2m2025-12-10T10:10:58.351704Z[0m [34mDEBUG[0m [2methereum_transaction_pool_monitor::mempool_monitor[0m[2m:[0m 🔍 Fetching transaction details for: 0x8fb508f2a0424a6c938d03f21755b5b1f1e14398746c539f9cae3659ecd4723e
[2m2025-12-10T10:10:58.351714Z[0m [34mDEBUG[0m [2methereum_transaction_pool_monitor::eth_client[0m[2m:[0m 🔍 Fetching transaction details for hash: 0x8fb508f2a0424a6c938d03f21755b5b1f1e14398746c539f9cae3659ecd4723e
[2m2025-12-10T10:10:58.351735Z[0m [34mDEBUG[0m [2mhyper::client::pool[0m[2m:[0m reuse idle connection for ("http", 192.168.0.14:8545)
[2m2025-12-10T10:10:58.351773Z[0m [34mDEBUG[0m [2mhyper::proto::h1::io[0m[2m:[0m flushed 250 bytes
[2m2025-12-10T10:10:58.351796Z[0m [34mDEBUG[0m [2mhyper::client::pool[0m[2m:[0m reuse idle connection for ("http", 192.168.0.14:8545)
[2m2025-12-10T10:10:58.351813Z[0m [34mDEBUG[0m [2mhyper::proto::h1::io[0m[2m:[0m flushed 172 bytes
[2m2025-12-10T10:10:58.351817Z[0m [34mDEBUG[0m [2methereum_transaction_pool_monitor::eth_client[0m[2m:[0m 📨 Received WebSocket message: {"jsonrpc":"2.0","method":"eth_subscription","params":{"subscription":"0xbed0a0851463e895960a451075a301a9","result":"0xdc7f948c39b2c79be288bebff38e94aa99366151498ff41237ba1b9ee9465631"}}
[2m2025-12-10T10:10:58.351828Z[0m [34mDEBUG[0m [2methereum_transaction_pool_monitor::eth_client[0m[2m:[0m 📨 Received pending transaction: 0xdc7f948c39b2c79be288bebff38e94aa99366151498ff41237ba1b9ee9465631
[2m2025-12-10T10:10:58.356178Z[0m [34mDEBUG[0m [2mhyper::proto::h1::io[0m[2m:[0m parsed 4 headers
[2m2025-12-10T10:10:58.356217Z[0m [34mDEBUG[0m [2mhyper::proto::h1::conn[0m[2m:[0m incoming body is content-length (45 bytes)
[2m2025-12-10T10:10:58.356234Z[0m [34mDEBUG[0m [2mhyper::proto::h1::conn[0m[2m:[0m incoming body completed
[2m2025-12-10T10:10:58.356259Z[0m [34mDEBUG[0m [2mhyper::client::pool[0m[2m:[0m pooling idle connection for ("http", 192.168.0.14:8545)
[2m2025-12-10T10:10:58.356880Z[0m [34mDEBUG[0m [2mhyper::proto::h1::io[0m[2m:[0m parsed 4 headers
[2m2025-12-10T10:10:58.356886Z[0m [34mDEBUG[0m [2mhyper::proto::h1::conn[0m[2m:[0m incoming body is content-length (552 bytes)
[2m2025-12-10T10:10:58.356892Z[0m [34mDEBUG[0m [2mhyper::proto::h1::conn[0m[2m:[0m incoming body completed
[2m2025-12-10T10:10:58.356899Z[0m [34mDEBUG[0m [2mhyper::client::pool[0m[2m:[0m pooling idle connection for ("http", 192.168.0.14:8545)
[2m2025-12-10T10:10:58.356906Z[0m [34mDEBUG[0m [2methereum_transaction_pool_monitor::eth_client[0m[2m:[0m 📡 Transaction fetch RPC completed in 5.184625ms
[2m2025-12-10T10:10:58.428444Z[0m [34mDEBUG[0m [2methereum_transaction_pool_monitor::eth_client[0m[2m:[0m ✅ Transaction 0x8fb508f2a0424a6c938d03f21755b5b1f1e14398746c539f9cae3659ecd4723e fetched and parsed in 76.720916ms
[2m2025-12-10T10:10:58.428467Z[0m [34mDEBUG[0m [2methereum_transaction_pool_monitor::mempool_monitor[0m[2m:[0m 🔍 Skipping tx 0x8fb508f2a0424a6c938d03f21755b5b1f1e14398746c539f9cae3659ecd4723e - not a DEX interaction (target: 0x122D7099aE5B9589a8a760FFe3fD161fA29cEc86)
[2m2025-12-10T10:10:58.428477Z[0m [34mDEBUG[0m [2methereum_transaction_pool_monitor::mempool_monitor[0m[2m:[0m 📨 Processing new pending transaction: 0x7030370c01a2dec32ece969b0e8c1466b44290cd06f35fd016b10b44cba02ccd
[2m2025-12-10T10:10:58.428486Z[0m [34mDEBUG[0m [2methereum_transaction_pool_monitor::mempool_monitor[0m[2m:[0m 🔍 Fetching transaction details for: 0x7030370c01a2dec32ece969b0e8c1466b44290cd06f35fd016b10b44cba02ccd
[2m2025-12-10T10:10:58.428492Z[0m [34mDEBUG[0m [2methereum_transaction_pool_monitor::eth_client[0m[2m:[0m 🔍 Fetching transaction details for hash: 0x7030370c01a2dec32ece969b0e8c1466b44290cd06f35fd016b10b44cba02ccd
[2m2025-12-10T10:10:58.428510Z[0m [34mDEBUG[0m [2mhyper::client::pool[0m[2m:[0m reuse idle connection for ("http", 192.168.0.14:8545)
[2m2025-12-10T10:10:58.428545Z[0m [34mDEBUG[0m [2mhyper::proto::h1::io[0m[2m:[0m flushed 250 bytes
[2m2025-12-10T10:10:58.428574Z[0m [34mDEBUG[0m [2mhyper::client::pool[0m[2m:[0m reuse idle connection for ("http", 192.168.0.14:8545)
[2m2025-12-10T10:10:58.428589Z[0m [34mDEBUG[0m [2mhyper::proto::h1::io[0m[2m:[0m flushed 172 bytes
[2m2025-12-10T10:10:58.432835Z[0m [34mDEBUG[0m [2mhyper::proto::h1::io[0m[2m:[0m parsed 4 headers
[2m2025-12-10T10:10:58.432844Z[0m [34mDEBUG[0m [2mhyper::proto::h1::conn[0m[2m:[0m incoming body is content-length (830 bytes)
[2m2025-12-10T10:10:58.432853Z[0m [34mDEBUG[0m [2mhyper::proto::h1::conn[0m[2m:[0m incoming body completed
[2m2025-12-10T10:10:58.432861Z[0m [34mDEBUG[0m [2mhyper::client::pool[0m[2m:[0m pooling idle connection for ("http", 192.168.0.14:8545)
[2m2025-12-10T10:10:58.432867Z[0m [34mDEBUG[0m [2methereum_transaction_pool_monitor::eth_client[0m[2m:[0m 📡 Transaction fetch RPC completed in 4.370458ms
[2m2025-12-10T10:10:58.504755Z[0m [34mDEBUG[0m [2methereum_transaction_pool_monitor::eth_client[0m[2m:[0m ✅ Transaction 0x7030370c01a2dec32ece969b0e8c1466b44290cd06f35fd016b10b44cba02ccd fetched and parsed in 76.255083ms
[2m2025-12-10T10:10:58.504785Z[0m [34mDEBUG[0m [2methereum_transaction_pool_monitor::mempool_monitor[0m[2m:[0m 🔍 Skipping tx 0x7030370c01a2dec32ece969b0e8c1466b44290cd06f35fd016b10b44cba02ccd - not a DEX interaction (target: 0x3B4D794a66304F130a4Db8F2551B0070dfCf5ca7)
[2m2025-12-10T10:10:58.504796Z[0m [34mDEBUG[0m [2methereum_transaction_pool_monitor::mempool_monitor[0m[2m:[0m 📨 Processing new pending transaction: 0x2753d3943f3944e87f1bab7555d4177619322f73bef2dea6e11e39b9a9261e92
[2m2025-12-10T10:10:58.504804Z[0m [34mDEBUG[0m [2methereum_transaction_pool_monitor::mempool_monitor[0m[2m:[0m 🔍 Fetching transaction details for: 0x2753d3943f3944e87f1bab7555d4177619322f73bef2dea6e11e39b9a9261e92
[2m2025-12-10T10:10:58.504810Z[0m [34mDEBUG[0m [2methereum_transaction_pool_monitor::eth_client[0m[2m:[0m 🔍 Fetching transaction details for hash: 0x2753d3943f3944e87f1bab7555d4177619322f73bef2dea6e11e39b9a9261e92
[2m2025-12-10T10:10:58.504828Z[0m [34mDEBUG[0m [2mhyper::client::pool[0m[2m:[0m reuse idle connection for ("http", 192.168.0.14:8545)
[2m2025-12-10T10:10:58.504873Z[0m [34mDEBUG[0m [2mhyper::proto::h1::io[0m[2m:[0m flushed 250 bytes
[2m2025-12-10T10:10:58.504900Z[0m [34mDEBUG[0m [2methereum_transaction_pool_monitor::eth_client[0m[2m:[0m 📨 Received WebSocket message: {"jsonrpc":"2.0","method":"eth_subscription","params":{"subscription":"0xbed0a0851463e895960a451075a301a9","result":"0xd6ad572aa61936b2bd4a2f360742d06b91ffb4e0dc763c2f3c3498692f82631e"}}
[2m2025-12-10T10:10:58.504908Z[0m [34mDEBUG[0m [2methereum_transaction_pool_monitor::eth_client[0m[2m:[0m 📨 Received pending transaction: 0xd6ad572aa61936b2bd4a2f360742d06b91ffb4e0dc763c2f3c3498692f82631e
[2m2025-12-10T10:10:58.504957Z[0m [34mDEBUG[0m [2mhyper::proto::h1::io[0m[2m:[0m parsed 4 headers
[2m2025-12-10T10:10:58.504964Z[0m [34mDEBUG[0m [2mhyper::proto::h1::conn[0m[2m:[0m incoming body is content-length (45 bytes)
[2m2025-12-10T10:10:58.504973Z[0m [34mDEBUG[0m [2mhyper::proto::h1::conn[0m[2m:[0m incoming body completed
[2m2025-12-10T10:10:58.504982Z[0m [34mDEBUG[0m [2mhyper::client::pool[0m[2m:[0m pooling idle connection for ("http", 192.168.0.14:8545)
[2m2025-12-10T10:10:58.504999Z[0m [34mDEBUG[0m [2mhyper::client::pool[0m[2m:[0m reuse idle connection for ("http", 192.168.0.14:8545)
[2m2025-12-10T10:10:58.505014Z[0m [34mDEBUG[0m [2mhyper::proto::h1::io[0m[2m:[0m flushed 172 bytes
[2m2025-12-10T10:10:58.509994Z[0m [34mDEBUG[0m [2mhyper::proto::h1::io[0m[2m:[0m parsed 4 headers
[2m2025-12-10T10:10:58.510018Z[0m [34mDEBUG[0m [2mhyper::proto::h1::io[0m[2m:[0m parsed 4 headers
[2m2025-12-10T10:10:58.510049Z[0m [34mDEBUG[0m [2mhyper::proto::h1::conn[0m[2m:[0m incoming body is content-length (45 bytes)
[2m2025-12-10T10:10:58.510022Z[0m [34mDEBUG[0m [2mhyper::proto::h1::conn[0m[2m:[0m incoming body is content-length (771 bytes)
[2m2025-12-10T10:10:58.510059Z[0m [34mDEBUG[0m [2mhyper::proto::h1::conn[0m[2m:[0m incoming body completed
[2m2025-12-10T10:10:58.510078Z[0m [34mDEBUG[0m [2mhyper::proto::h1::conn[0m[2m:[0m incoming body completed
[2m2025-12-10T10:10:58.510083Z[0m [34mDEBUG[0m [2mhyper::client::pool[0m[2m:[0m pooling idle connection for ("http", 192.168.0.14:8545)
[2m2025-12-10T10:10:58.510090Z[0m [34mDEBUG[0m [2mhyper::client::pool[0m[2m:[0m pooling idle connection for ("http", 192.168.0.14:8545)
[2m2025-12-10T10:10:58.510096Z[0m [34mDEBUG[0m [2methereum_transaction_pool_monitor::eth_client[0m[2m:[0m 📡 Transaction fetch RPC completed in 5.281833ms
[2m2025-12-10T10:10:58.532327Z[0m [34mDEBUG[0m [2methereum_transaction_pool_monitor::eth_client[0m[2m:[0m 📨 Received WebSocket message: {"jsonrpc":"2.0","method":"eth_subscription","params":{"subscription":"0xbed0a0851463e895960a451075a301a9","result":"0x0afbb9ae3ffa25e008aac61a4e3dd93f41e4e55d617440447d716be5a1de00ea"}}
[2m2025-12-10T10:10:58.532357Z[0m [34mDEBUG[0m [2methereum_transaction_pool_monitor::eth_client[0m[2m:[0m 📨 Received pending transaction: 0x0afbb9ae3ffa25e008aac61a4e3dd93f41e4e55d617440447d716be5a1de00ea
[2m2025-12-10T10:10:58.581671Z[0m [34mDEBUG[0m [2methereum_transaction_pool_monitor::eth_client[0m[2m:[0m ✅ Transaction 0x2753d3943f3944e87f1bab7555d4177619322f73bef2dea6e11e39b9a9261e92 fetched and parsed in 76.854ms
[2m2025-12-10T10:10:58.581697Z[0m [34mDEBUG[0m [2methereum_transaction_pool_monitor::mempool_monitor[0m[2m:[0m 🔍 Skipping tx 0x2753d3943f3944e87f1bab7555d4177619322f73bef2dea6e11e39b9a9261e92 - not a DEX interaction (target: 0xA0b86991c6218b36c1d19D4a2e9Eb0cE3606eB48)
[2m2025-12-10T10:10:58.581803Z[0m [34mDEBUG[0m [2methereum_transaction_pool_monitor::mempool_monitor[0m[2m:[0m 📨 Processing new pending transaction: 0x1ac458908cc8ee759e596201dec364dde5ead0edd007280f18691794205e1adc
[2m2025-12-10T10:10:58.581813Z[0m [34mDEBUG[0m [2methereum_transaction_pool_monitor::mempool_monitor[0m[2m:[0m 🔍 Fetching transaction details for: 0x1ac458908cc8ee759e596201dec364dde5ead0edd007280f18691794205e1adc
[2m2025-12-10T10:10:58.581819Z[0m [34mDEBUG[0m [2methereum_transaction_pool_monitor::eth_client[0m[2m:[0m 🔍 Fetching transaction details for hash: 0x1ac458908cc8ee759e596201dec364dde5ead0edd007280f18691794205e1adc
[2m2025-12-10T10:10:58.581838Z[0m [34mDEBUG[0m [2mhyper::client::pool[0m[2m:[0m reuse idle connection for ("http", 192.168.0.14:8545)
[2m2025-12-10T10:10:58.581883Z[0m [34mDEBUG[0m [2mhyper::proto::h1::io[0m[2m:[0m flushed 250 bytes
[2m2025-12-10T10:10:58.586661Z[0m [34mDEBUG[0m [2mhyper::proto::h1::io[0m[2m:[0m parsed 4 headers
[2m2025-12-10T10:10:58.586670Z[0m [34mDEBUG[0m [2mhyper::proto::h1::conn[0m[2m:[0m incoming body is content-length (654 bytes)
[2m2025-12-10T10:10:58.586677Z[0m [34mDEBUG[0m [2mhyper::proto::h1::conn[0m[2m:[0m incoming body completed
[2m2025-12-10T10:10:58.586687Z[0m [34mDEBUG[0m [2mhyper::client::pool[0m[2m:[0m pooling idle connection for ("http", 192.168.0.14:8545)
[2m2025-12-10T10:10:58.586694Z[0m [34mDEBUG[0m [2methereum_transaction_pool_monitor::eth_client[0m[2m:[0m 📡 Transaction fetch RPC completed in 4.869709ms
[2m2025-12-10T10:10:58.656808Z[0m [34mDEBUG[0m [2methereum_transaction_pool_monitor::eth_client[0m[2m:[0m ✅ Transaction 0x1ac458908cc8ee759e596201dec364dde5ead0edd007280f18691794205e1adc fetched and parsed in 74.9825ms
[2m2025-12-10T10:10:58.656838Z[0m [34mDEBUG[0m [2methereum_transaction_pool_monitor::mempool_monitor[0m[2m:[0m 🔍 Skipping tx 0x1ac458908cc8ee759e596201dec364dde5ead0edd007280f18691794205e1adc - not a DEX interaction (target: 0xdC2a163Ad023Bcc3BABD528a867611086b3418De)
[2m2025-12-10T10:10:58.656849Z[0m [34mDEBUG[0m [2methereum_transaction_pool_monitor::mempool_monitor[0m[2m:[0m 📨 Processing new pending transaction: 0xc1a459e0792d20c593710d0252da53c7e065196eae5d171650ea86ad4d755036
[2m2025-12-10T10:10:58.656860Z[0m [34mDEBUG[0m [2methereum_transaction_pool_monitor::mempool_monitor[0m[2m:[0m 🔍 Fetching transaction details for: 0xc1a459e0792d20c593710d0252da53c7e065196eae5d171650ea86ad4d755036
[2m2025-12-10T10:10:58.656868Z[0m [34mDEBUG[0m [2methereum_transaction_pool_monitor::eth_client[0m[2m:[0m 🔍 Fetching transaction details for hash: 0xc1a459e0792d20c593710d0252da53c7e065196eae5d171650ea86ad4d755036
[2m2025-12-10T10:10:58.656891Z[0m [34mDEBUG[0m [2mhyper::client::pool[0m[2m:[0m reuse idle connection for ("http", 192.168.0.14:8545)
[2m2025-12-10T10:10:58.656940Z[0m [34mDEBUG[0m [2mhyper::proto::h1::io[0m[2m:[0m flushed 250 bytes
[2m2025-12-10T10:10:58.656979Z[0m [34mDEBUG[0m [2mhyper::client::pool[0m[2m:[0m reuse idle connection for ("http", 192.168.0.14:8545)
[2m2025-12-10T10:10:58.656994Z[0m [34mDEBUG[0m [2mhyper::proto::h1::io[0m[2m:[0m flushed 172 bytes
[2m2025-12-10T10:10:58.661722Z[0m [34mDEBUG[0m [2mhyper::proto::h1::io[0m[2m:[0m parsed 4 headers
[2m2025-12-10T10:10:58.661730Z[0m [34mDEBUG[0m [2mhyper::proto::h1::conn[0m[2m:[0m incoming body is content-length (45 bytes)
[2m2025-12-10T10:10:58.661736Z[0m [34mDEBUG[0m [2mhyper::proto::h1::conn[0m[2m:[0m incoming body completed
[2m2025-12-10T10:10:58.661745Z[0m [34mDEBUG[0m [2mhyper::client::pool[0m[2m:[0m pooling idle connection for ("http", 192.168.0.14:8545)
[2m2025-12-10T10:10:58.666491Z[0m [34mDEBUG[0m [2mhyper::proto::h1::io[0m[2m:[0m parsed 4 headers
[2m2025-12-10T10:10:58.666498Z[0m [34mDEBUG[0m [2mhyper::proto::h1::conn[0m[2m:[0m incoming body is content-length (652 bytes)
[2m2025-12-10T10:10:58.666504Z[0m [34mDEBUG[0m [2mhyper::proto::h1::conn[0m[2m:[0m incoming body completed
[2m2025-12-10T10:10:58.666511Z[0m [34mDEBUG[0m [2mhyper::client::pool[0m[2m:[0m pooling idle connection for ("http", 192.168.0.14:8545)
[2m2025-12-10T10:10:58.666516Z[0m [34mDEBUG[0m [2methereum_transaction_pool_monitor::eth_client[0m[2m:[0m 📡 Transaction fetch RPC completed in 9.637959ms
[2m2025-12-10T10:10:58.738098Z[0m [34mDEBUG[0m [2methereum_transaction_pool_monitor::eth_client[0m[2m:[0m ✅ Transaction 0xc1a459e0792d20c593710d0252da53c7e065196eae5d171650ea86ad4d755036 fetched and parsed in 81.217584ms
[2m2025-12-10T10:10:58.738123Z[0m [34mDEBUG[0m [2methereum_transaction_pool_monitor::mempool_monitor[0m[2m:[0m 🔍 Skipping tx 0xc1a459e0792d20c593710d0252da53c7e065196eae5d171650ea86ad4d755036 - not a DEX interaction (target: 0xa5E37343c0568767B4e6b31637D2D241955373F3)
[2m2025-12-10T10:10:58.738134Z[0m [34mDEBUG[0m [2methereum_transaction_pool_monitor::mempool_monitor[0m[2m:[0m 📨 Processing new pending transaction: 0xafd0bb5d78e4a8f1c16f83275f375cfd37b4162c7aad358852cba52237fd9c0a
[2m2025-12-10T10:10:58.738141Z[0m [34mDEBUG[0m [2methereum_transaction_pool_monitor::mempool_monitor[0m[2m:[0m 🔍 Fetching transaction details for: 0xafd0bb5d78e4a8f1c16f83275f375cfd37b4162c7aad358852cba52237fd9c0a
[2m2025-12-10T10:10:58.738147Z[0m [34mDEBUG[0m [2methereum_transaction_pool_monitor::eth_client[0m[2m:[0m 🔍 Fetching transaction details for hash: 0xafd0bb5d78e4a8f1c16f83275f375cfd37b4162c7aad358852cba52237fd9c0a
[2m2025-12-10T10:10:58.738164Z[0m [34mDEBUG[0m [2mhyper::client::pool[0m[2m:[0m reuse idle connection for ("http", 192.168.0.14:8545)
[2m2025-12-10T10:10:58.738205Z[0m [34mDEBUG[0m [2mhyper::proto::h1::io[0m[2m:[0m flushed 250 bytes
[2m2025-12-10T10:10:58.738225Z[0m [34mDEBUG[0m [2mhyper::client::pool[0m[2m:[0m reuse idle connection for ("http", 192.168.0.14:8545)
[2m2025-12-10T10:10:58.738239Z[0m [34mDEBUG[0m [2mhyper::proto::h1::io[0m[2m:[0m flushed 172 bytes
[2m2025-12-10T10:10:58.738252Z[0m [34mDEBUG[0m [2methereum_transaction_pool_monitor::eth_client[0m[2m:[0m 📨 Received WebSocket message: {"jsonrpc":"2.0","method":"eth_subscription","params":{"subscription":"0xbed0a0851463e895960a451075a301a9","result":"0xdafbff5cf26b7ec387116b1841aea8862e0d61e4e43e9b3f6b21469ff9f7d5cc"}}
[2m2025-12-10T10:10:58.738262Z[0m [34mDEBUG[0m [2methereum_transaction_pool_monitor::eth_client[0m[2m:[0m 📨 Received pending transaction: 0xdafbff5cf26b7ec387116b1841aea8862e0d61e4e43e9b3f6b21469ff9f7d5cc
[2m2025-12-10T10:10:58.745683Z[0m [34mDEBUG[0m [2mhyper::proto::h1::io[0m[2m:[0m parsed 4 headers
[2m2025-12-10T10:10:58.745699Z[0m [34mDEBUG[0m [2mhyper::proto::h1::conn[0m[2m:[0m incoming body is content-length (647 bytes)
[2m2025-12-10T10:10:58.745706Z[0m [34mDEBUG[0m [2mhyper::proto::h1::conn[0m[2m:[0m incoming body completed
[2m2025-12-10T10:10:58.745715Z[0m [34mDEBUG[0m [2mhyper::client::pool[0m[2m:[0m pooling idle connection for ("http", 192.168.0.14:8545)
[2m2025-12-10T10:10:58.745722Z[0m [34mDEBUG[0m [2methereum_transaction_pool_monitor::eth_client[0m[2m:[0m 📡 Transaction fetch RPC completed in 7.570542ms
[2m2025-12-10T10:10:58.814025Z[0m [34mDEBUG[0m [2methereum_transaction_pool_monitor::eth_client[0m[2m:[0m ✅ Transaction 0xafd0bb5d78e4a8f1c16f83275f375cfd37b4162c7aad358852cba52237fd9c0a fetched and parsed in 75.870875ms
[2m2025-12-10T10:10:58.814048Z[0m [34mDEBUG[0m [2methereum_transaction_pool_monitor::mempool_monitor[0m[2m:[0m 🔍 Skipping tx 0xafd0bb5d78e4a8f1c16f83275f375cfd37b4162c7aad358852cba52237fd9c0a - not a DEX interaction (target: 0xA318C760e59a4E14B34d8dfd0D3949e159f4fa11)
[2m2025-12-10T10:10:58.814057Z[0m [34mDEBUG[0m [2methereum_transaction_pool_monitor::mempool_monitor[0m[2m:[0m 📨 Processing new pending transaction: 0xf0d65966efc3ba5ff6859633b6e71a728559d4c640b3384514b510c9b502dafe
[2m2025-12-10T10:10:58.814062Z[0m [34mDEBUG[0m [2methereum_transaction_pool_monitor::mempool_monitor[0m[2m:[0m 🔍 Fetching transaction details for: 0xf0d65966efc3ba5ff6859633b6e71a728559d4c640b3384514b510c9b502dafe
[2m2025-12-10T10:10:58.814066Z[0m [34mDEBUG[0m [2methereum_transaction_pool_monitor::eth_client[0m[2m:[0m 🔍 Fetching transaction details for hash: 0xf0d65966efc3ba5ff6859633b6e71a728559d4c640b3384514b510c9b502dafe
[2m2025-12-10T10:10:58.814083Z[0m [34mDEBUG[0m [2mhyper::client::pool[0m[2m:[0m reuse idle connection for ("http", 192.168.0.14:8545)
[2m2025-12-10T10:10:58.814120Z[0m [34mDEBUG[0m [2mhyper::proto::h1::io[0m[2m:[0m flushed 250 bytes
[2m2025-12-10T10:10:58.814144Z[0m [34mDEBUG[0m [2methereum_transaction_pool_monitor::eth_client[0m[2m:[0m 📨 Received WebSocket message: {"jsonrpc":"2.0","method":"eth_subscription","params":{"subscription":"0xbed0a0851463e895960a451075a301a9","result":"0x236c3765241edc717b3272b93886f8898d8c3f6bcf634563d13b9726992dc6fe"}}
[2m2025-12-10T10:10:58.814146Z[0m [34mDEBUG[0m [2mhyper::proto::h1::io[0m[2m:[0m parsed 4 headers
[2m2025-12-10T10:10:58.814154Z[0m [34mDEBUG[0m [2methereum_transaction_pool_monitor::eth_client[0m[2m:[0m 📨 Received pending transaction: 0x236c3765241edc717b3272b93886f8898d8c3f6bcf634563d13b9726992dc6fe
[2m2025-12-10T10:10:58.814156Z[0m [34mDEBUG[0m [2mhyper::proto::h1::conn[0m[2m:[0m incoming body is content-length (45 bytes)
[2m2025-12-10T10:10:58.814167Z[0m [34mDEBUG[0m [2mhyper::proto::h1::conn[0m[2m:[0m incoming body completed
[2m2025-12-10T10:10:58.814174Z[0m [34mDEBUG[0m [2mhyper::client::pool[0m[2m:[0m pooling idle connection for ("http", 192.168.0.14:8545)
[2m2025-12-10T10:10:58.814188Z[0m [34mDEBUG[0m [2mhyper::client::pool[0m[2m:[0m reuse idle connection for ("http", 192.168.0.14:8545)
[2m2025-12-10T10:10:58.814205Z[0m [34mDEBUG[0m [2mhyper::proto::h1::io[0m[2m:[0m flushed 172 bytes
[2m2025-12-10T10:10:58.817784Z[0m [34mDEBUG[0m [2mhyper::proto::h1::io[0m[2m:[0m parsed 4 headers
[2m2025-12-10T10:10:58.817794Z[0m [34mDEBUG[0m [2mhyper::proto::h1::conn[0m[2m:[0m incoming body is content-length (655 bytes)
[2m2025-12-10T10:10:58.817801Z[0m [34mDEBUG[0m [2mhyper::proto::h1::conn[0m[2m:[0m incoming body completed
[2m2025-12-10T10:10:58.817810Z[0m [34mDEBUG[0m [2mhyper::client::pool[0m[2m:[0m pooling idle connection for ("http", 192.168.0.14:8545)
[2m2025-12-10T10:10:58.817816Z[0m [34mDEBUG[0m [2methereum_transaction_pool_monitor::eth_client[0m[2m:[0m 📡 Transaction fetch RPC completed in 3.746166ms
[2m2025-12-10T10:10:58.887544Z[0m [34mDEBUG[0m [2methereum_transaction_pool_monitor::eth_client[0m[2m:[0m ✅ Transaction 0xf0d65966efc3ba5ff6859633b6e71a728559d4c640b3384514b510c9b502dafe fetched and parsed in 73.471666ms
[2m2025-12-10T10:10:58.887574Z[0m [34mDEBUG[0m [2methereum_transaction_pool_monitor::mempool_monitor[0m[2m:[0m 🔍 Skipping tx 0xf0d65966efc3ba5ff6859633b6e71a728559d4c640b3384514b510c9b502dafe - not a DEX interaction (target: 0x81BF5bc17FC5E6492ADD0B498A11f84363d76b11)
[2m2025-12-10T10:10:58.887589Z[0m [34mDEBUG[0m [2methereum_transaction_pool_monitor::mempool_monitor[0m[2m:[0m 📨 Processing new pending transaction: 0x7ea4262f729477fffd0cb00dd204e929de8c20bb3dc2a2c1dd263a03fd9dffd5
[2m2025-12-10T10:10:58.887598Z[0m [34mDEBUG[0m [2methereum_transaction_pool_monitor::mempool_monitor[0m[2m:[0m 🔍 Fetching transaction details for: 0x7ea4262f729477fffd0cb00dd204e929de8c20bb3dc2a2c1dd263a03fd9dffd5
[2m2025-12-10T10:10:58.887608Z[0m [34mDEBUG[0m [2methereum_transaction_pool_monitor::eth_client[0m[2m:[0m 🔍 Fetching transaction details for hash: 0x7ea4262f729477fffd0cb00dd204e929de8c20bb3dc2a2c1dd263a03fd9dffd5
[2m2025-12-10T10:10:58.887626Z[0m [34mDEBUG[0m [2mhyper::client::pool[0m[2m:[0m reuse idle connection for ("http", 192.168.0.14:8545)
[2m2025-12-10T10:10:58.887672Z[0m [34mDEBUG[0m [2mhyper::proto::h1::io[0m[2m:[0m flushed 250 bytes
[2m2025-12-10T10:10:58.887691Z[0m [34mDEBUG[0m [2mhyper::proto::h1::io[0m[2m:[0m parsed 4 headers
[2m2025-12-10T10:10:58.887698Z[0m [34mDEBUG[0m [2mhyper::proto::h1::conn[0m[2m:[0m incoming body is content-length (45 bytes)
[2m2025-12-10T10:10:58.887705Z[0m [34mDEBUG[0m [2mhyper::proto::h1::conn[0m[2m:[0m incoming body completed
[2m2025-12-10T10:10:58.887714Z[0m [34mDEBUG[0m [2mhyper::client::pool[0m[2m:[0m pooling idle connection for ("http", 192.168.0.14:8545)
[2m2025-12-10T10:10:58.896427Z[0m [34mDEBUG[0m [2mhyper::proto::h1::io[0m[2m:[0m parsed 4 headers
[2m2025-12-10T10:10:58.896435Z[0m [34mDEBUG[0m [2mhyper::proto::h1::conn[0m[2m:[0m incoming body is content-length (1098 bytes)
[2m2025-12-10T10:10:58.896441Z[0m [34mDEBUG[0m [2mhyper::proto::h1::conn[0m[2m:[0m incoming body completed
[2m2025-12-10T10:10:58.896448Z[0m [34mDEBUG[0m [2mhyper::client::pool[0m[2m:[0m pooling idle connection for ("http", 192.168.0.14:8545)
[2m2025-12-10T10:10:58.896453Z[0m [34mDEBUG[0m [2methereum_transaction_pool_monitor::eth_client[0m[2m:[0m 📡 Transaction fetch RPC completed in 8.839458ms
[2m2025-12-10T10:10:58.967392Z[0m [34mDEBUG[0m [2methereum_transaction_pool_monitor::eth_client[0m[2m:[0m ✅ Transaction 0x7ea4262f729477fffd0cb00dd204e929de8c20bb3dc2a2c1dd263a03fd9dffd5 fetched and parsed in 79.776417ms
[2m2025-12-10T10:10:58.967419Z[0m [34mDEBUG[0m [2methereum_transaction_pool_monitor::mempool_monitor[0m[2m:[0m 🔍 Skipping tx 0x7ea4262f729477fffd0cb00dd204e929de8c20bb3dc2a2c1dd263a03fd9dffd5 - not a DEX interaction (target: 0xEe7aE85f2Fe2239E27D9c1E23fFFe168D63b4055)
[2m2025-12-10T10:10:58.967429Z[0m [34mDEBUG[0m [2methereum_transaction_pool_monitor::mempool_monitor[0m[2m:[0m 📨 Processing new pending transaction: 0xce7910e07d2c871f4fc37896efba3fbf908f62cd57043bd5009a01e5da0c3d57
[2m2025-12-10T10:10:58.967436Z[0m [34mDEBUG[0m [2methereum_transaction_pool_monitor::mempool_monitor[0m[2m:[0m 🔍 Fetching transaction details for: 0xce7910e07d2c871f4fc37896efba3fbf908f62cd57043bd5009a01e5da0c3d57
[2m2025-12-10T10:10:58.967442Z[0m [34mDEBUG[0m [2methereum_transaction_pool_monitor::eth_client[0m[2m:[0m 🔍 Fetching transaction details for hash: 0xce7910e07d2c871f4fc37896efba3fbf908f62cd57043bd5009a01e5da0c3d57
[2m2025-12-10T10:10:58.967461Z[0m [34mDEBUG[0m [2mhyper::client::pool[0m[2m:[0m reuse idle connection for ("http", 192.168.0.14:8545)
[2m2025-12-10T10:10:58.967507Z[0m [34mDEBUG[0m [2mhyper::proto::h1::io[0m[2m:[0m flushed 250 bytes
[2m2025-12-10T10:10:58.967534Z[0m [34mDEBUG[0m [2mhyper::client::pool[0m[2m:[0m reuse idle connection for ("http", 192.168.0.14:8545)
[2m2025-12-10T10:10:58.967546Z[0m [34mDEBUG[0m [2mhyper::proto::h1::io[0m[2m:[0m flushed 172 bytes
[2m2025-12-10T10:10:58.973544Z[0m [34mDEBUG[0m [2mhyper::proto::h1::io[0m[2m:[0m parsed 4 headers
[2m2025-12-10T10:10:58.973756Z[0m [34mDEBUG[0m [2mhyper::proto::h1::conn[0m[2m:[0m incoming body is content-length (45 bytes)
[2m2025-12-10T10:10:58.973766Z[0m [34mDEBUG[0m [2mhyper::proto::h1::conn[0m[2m:[0m incoming body completed
[2m2025-12-10T10:10:58.973783Z[0m [34mDEBUG[0m [2mhyper::client::pool[0m[2m:[0m pooling idle connection for ("http", 192.168.0.14:8545)
[2m2025-12-10T10:10:58.973808Z[0m [34mDEBUG[0m [2mhyper::proto::h1::io[0m[2m:[0m parsed 4 headers
[2m2025-12-10T10:10:58.973816Z[0m [34mDEBUG[0m [2mhyper::proto::h1::conn[0m[2m:[0m incoming body is content-length (1219 bytes)
[2m2025-12-10T10:10:58.973824Z[0m [34mDEBUG[0m [2mhyper::proto::h1::conn[0m[2m:[0m incoming body completed
[2m2025-12-10T10:10:58.973830Z[0m [34mDEBUG[0m [2mhyper::client::pool[0m[2m:[0m pooling idle connection for ("http", 192.168.0.14:8545)
[2m2025-12-10T10:10:58.973835Z[0m [34mDEBUG[0m [2methereum_transaction_pool_monitor::eth_client[0m[2m:[0m 📡 Transaction fetch RPC completed in 6.387625ms
[2m2025-12-10T10:10:59.045491Z[0m [34mDEBUG[0m [2methereum_transaction_pool_monitor::eth_client[0m[2m:[0m ✅ Transaction 0xce7910e07d2c871f4fc37896efba3fbf908f62cd57043bd5009a01e5da0c3d57 fetched and parsed in 78.041875ms
[2m2025-12-10T10:10:59.045518Z[0m [34mDEBUG[0m [2methereum_transaction_pool_monitor::mempool_monitor[0m[2m:[0m 🔍 Skipping tx 0xce7910e07d2c871f4fc37896efba3fbf908f62cd57043bd5009a01e5da0c3d57 - not a DEX interaction (target: 0xF6801D319497789f934ec7F83E142a9536312B08)
[2m2025-12-10T10:10:59.045530Z[0m [34mDEBUG[0m [2methereum_transaction_pool_monitor::mempool_monitor[0m[2m:[0m 📨 Processing new pending transaction: 0xd87c9e59a249c0b2423d964276fd0e88ffc9537090b784654014159857b3d5a6
[2m2025-12-10T10:10:59.045538Z[0m [34mDEBUG[0m [2methereum_transaction_pool_monitor::mempool_monitor[0m[2m:[0m 🔍 Fetching transaction details for: 0xd87c9e59a249c0b2423d964276fd0e88ffc9537090b784654014159857b3d5a6
[2m2025-12-10T10:10:59.045545Z[0m [34mDEBUG[0m [2methereum_transaction_pool_monitor::eth_client[0m[2m:[0m 🔍 Fetching transaction details for hash: 0xd87c9e59a249c0b2423d964276fd0e88ffc9537090b784654014159857b3d5a6
[2m2025-12-10T10:10:59.045562Z[0m [34mDEBUG[0m [2mhyper::client::pool[0m[2m:[0m reuse idle connection for ("http", 192.168.0.14:8545)
[2m2025-12-10T10:10:59.045604Z[0m [34mDEBUG[0m [2mhyper::proto::h1::io[0m[2m:[0m flushed 250 bytes
[2m2025-12-10T10:10:59.045632Z[0m [34mDEBUG[0m [2mhyper::client::pool[0m[2m:[0m reuse idle connection for ("http", 192.168.0.14:8545)
[2m2025-12-10T10:10:59.045650Z[0m [34mDEBUG[0m [2mhyper::proto::h1::io[0m[2m:[0m flushed 172 bytes
[2m2025-12-10T10:10:59.050112Z[0m [34mDEBUG[0m [2mhyper::proto::h1::io[0m[2m:[0m parsed 4 headers
[2m2025-12-10T10:10:59.050120Z[0m [34mDEBUG[0m [2mhyper::proto::h1::conn[0m[2m:[0m incoming body is content-length (680 bytes)
[2m2025-12-10T10:10:59.050128Z[0m [34mDEBUG[0m [2mhyper::proto::h1::conn[0m[2m:[0m incoming body completed
[2m2025-12-10T10:10:59.050135Z[0m [34mDEBUG[0m [2mhyper::client::pool[0m[2m:[0m pooling idle connection for ("http", 192.168.0.14:8545)
[2m2025-12-10T10:10:59.050141Z[0m [34mDEBUG[0m [2methereum_transaction_pool_monitor::eth_client[0m[2m:[0m 📡 Transaction fetch RPC completed in 4.591291ms
[2m2025-12-10T10:10:59.121741Z[0m [34mDEBUG[0m [2methereum_transaction_pool_monitor::eth_client[0m[2m:[0m ✅ Transaction 0xd87c9e59a249c0b2423d964276fd0e88ffc9537090b784654014159857b3d5a6 fetched and parsed in 76.189125ms
[2m2025-12-10T10:10:59.121771Z[0m [34mDEBUG[0m [2methereum_transaction_pool_monitor::mempool_monitor[0m[2m:[0m 🔍 Skipping tx 0xd87c9e59a249c0b2423d964276fd0e88ffc9537090b784654014159857b3d5a6 - not a DEX interaction (target: 0xB685760EBD368a891F27ae547391F4E2A289895b)
[2m2025-12-10T10:10:59.121781Z[0m [34mDEBUG[0m [2methereum_transaction_pool_monitor::mempool_monitor[0m[2m:[0m 📨 Processing new pending transaction: 0xab80529c15e899c5ec32cc704df6e96f53c68d9cf73b0f7b6db9363c18eda57f
[2m2025-12-10T10:10:59.121796Z[0m [34mDEBUG[0m [2methereum_transaction_pool_monitor::mempool_monitor[0m[2m:[0m 🔍 Fetching transaction details for: 0xab80529c15e899c5ec32cc704df6e96f53c68d9cf73b0f7b6db9363c18eda57f
[2m2025-12-10T10:10:59.121803Z[0m [34mDEBUG[0m [2methereum_transaction_pool_monitor::eth_client[0m[2m:[0m 🔍 Fetching transaction details for hash: 0xab80529c15e899c5ec32cc704df6e96f53c68d9cf73b0f7b6db9363c18eda57f
[2m2025-12-10T10:10:59.121821Z[0m [34mDEBUG[0m [2mhyper::client::pool[0m[2m:[0m reuse idle connection for ("http", 192.168.0.14:8545)
[2m2025-12-10T10:10:59.121864Z[0m [34mDEBUG[0m [2mhyper::proto::h1::io[0m[2m:[0m flushed 250 bytes
[2m2025-12-10T10:10:59.121890Z[0m [34mDEBUG[0m [2methereum_transaction_pool_monitor::eth_client[0m[2m:[0m 📨 Received WebSocket message: {"jsonrpc":"2.0","method":"eth_subscription","params":{"subscription":"0xbed0a0851463e895960a451075a301a9","result":"0xc1a6afa2cb12dcfe45fb2d4fb1f229385d09cd25720ace27f01b417aff9ce1e4"}}
[2m2025-12-10T10:10:59.121901Z[0m [34mDEBUG[0m [2methereum_transaction_pool_monitor::eth_client[0m[2m:[0m 📨 Received pending transaction: 0xc1a6afa2cb12dcfe45fb2d4fb1f229385d09cd25720ace27f01b417aff9ce1e4
[2m2025-12-10T10:10:59.121933Z[0m [34mDEBUG[0m [2mhyper::proto::h1::io[0m[2m:[0m parsed 4 headers
[2m2025-12-10T10:10:59.121941Z[0m [34mDEBUG[0m [2mhyper::proto::h1::conn[0m[2m:[0m incoming body is content-length (45 bytes)
[2m2025-12-10T10:10:59.121949Z[0m [34mDEBUG[0m [2mhyper::proto::h1::conn[0m[2m:[0m incoming body completed
[2m2025-12-10T10:10:59.121959Z[0m [34mDEBUG[0m [2mhyper::client::pool[0m[2m:[0m pooling idle connection for ("http", 192.168.0.14:8545)
[2m2025-12-10T10:10:59.121976Z[0m [34mDEBUG[0m [2mhyper::client::pool[0m[2m:[0m reuse idle connection for ("http", 192.168.0.14:8545)
[2m2025-12-10T10:10:59.121992Z[0m [34mDEBUG[0m [2mhyper::proto::h1::io[0m[2m:[0m flushed 172 bytes
[2m2025-12-10T10:10:59.127054Z[0m [34mDEBUG[0m [2mhyper::proto::h1::io[0m[2m:[0m parsed 4 headers
[2m2025-12-10T10:10:59.127066Z[0m [34mDEBUG[0m [2mhyper::proto::h1::conn[0m[2m:[0m incoming body is content-length (45 bytes)
[2m2025-12-10T10:10:59.127072Z[0m [34mDEBUG[0m [2mhyper::proto::h1::conn[0m[2m:[0m incoming body completed
[2m2025-12-10T10:10:59.127083Z[0m [34mDEBUG[0m [2mhyper::client::pool[0m[2m:[0m pooling idle connection for ("http", 192.168.0.14:8545)
[2m2025-12-10T10:10:59.127101Z[0m [34mDEBUG[0m [2mhyper::proto::h1::io[0m[2m:[0m parsed 4 headers
[2m2025-12-10T10:10:59.127107Z[0m [34mDEBUG[0m [2mhyper::proto::h1::conn[0m[2m:[0m incoming body is content-length (647 bytes)
[2m2025-12-10T10:10:59.127111Z[0m [34mDEBUG[0m [2mhyper::proto::h1::conn[0m[2m:[0m incoming body completed
[2m2025-12-10T10:10:59.127116Z[0m [34mDEBUG[0m [2mhyper::client::pool[0m[2m:[0m pooling idle connection for ("http", 192.168.0.14:8545)
[2m2025-12-10T10:10:59.127121Z[0m [34mDEBUG[0m [2methereum_transaction_pool_monitor::eth_client[0m[2m:[0m 📡 Transaction fetch RPC completed in 5.311208ms
[2m2025-12-10T10:10:59.198921Z[0m [34mDEBUG[0m [2methereum_transaction_pool_monitor::eth_client[0m[2m:[0m ✅ Transaction 0xab80529c15e899c5ec32cc704df6e96f53c68d9cf73b0f7b6db9363c18eda57f fetched and parsed in 77.109208ms
[2m2025-12-10T10:10:59.198950Z[0m [34mDEBUG[0m [2methereum_transaction_pool_monitor::mempool_monitor[0m[2m:[0m 🔍 Skipping tx 0xab80529c15e899c5ec32cc704df6e96f53c68d9cf73b0f7b6db9363c18eda57f - not a DEX interaction (target: 0x80BdbBB582baDE650C95AddF1c67117bdD970257)
[2m2025-12-10T10:10:59.198965Z[0m [34mDEBUG[0m [2methereum_transaction_pool_monitor::mempool_monitor[0m[2m:[0m 📨 Processing new pending transaction: 0xe00c4533cd96dab0105f98a6ed8c98c5d97a19561302af8d3d6397dba7347e1f
[2m2025-12-10T10:10:59.198975Z[0m [34mDEBUG[0m [2methereum_transaction_pool_monitor::mempool_monitor[0m[2m:[0m 🔍 Fetching transaction details for: 0xe00c4533cd96dab0105f98a6ed8c98c5d97a19561302af8d3d6397dba7347e1f
[2m2025-12-10T10:10:59.198980Z[0m [34mDEBUG[0m [2methereum_transaction_pool_monitor::eth_client[0m[2m:[0m 🔍 Fetching transaction details for hash: 0xe00c4533cd96dab0105f98a6ed8c98c5d97a19561302af8d3d6397dba7347e1f
[2m2025-12-10T10:10:59.199002Z[0m [34mDEBUG[0m [2mhyper::client::pool[0m[2m:[0m reuse idle connection for ("http", 192.168.0.14:8545)
[2m2025-12-10T10:10:59.199045Z[0m [34mDEBUG[0m [2mhyper::proto::h1::io[0m[2m:[0m flushed 250 bytes
[2m2025-12-10T10:10:59.199074Z[0m [34mDEBUG[0m [2mhyper::client::pool[0m[2m:[0m reuse idle connection for ("http", 192.168.0.14:8545)
[2m2025-12-10T10:10:59.199089Z[0m [34mDEBUG[0m [2mhyper::proto::h1::io[0m[2m:[0m flushed 172 bytes
[2m2025-12-10T10:10:59.204702Z[0m [34mDEBUG[0m [2mhyper::proto::h1::io[0m[2m:[0m parsed 4 headers
[2m2025-12-10T10:10:59.204710Z[0m [34mDEBUG[0m [2mhyper::proto::h1::conn[0m[2m:[0m incoming body is content-length (45 bytes)
[2m2025-12-10T10:10:59.204722Z[0m [34mDEBUG[0m [2mhyper::proto::h1::conn[0m[2m:[0m incoming body completed
[2m2025-12-10T10:10:59.204736Z[0m [34mDEBUG[0m [2mhyper::client::pool[0m[2m:[0m pooling idle connection for ("http", 192.168.0.14:8545)
[2m2025-12-10T10:10:59.204766Z[0m [34mDEBUG[0m [2mhyper::proto::h1::io[0m[2m:[0m parsed 4 headers
[2m2025-12-10T10:10:59.204771Z[0m [34mDEBUG[0m [2mhyper::proto::h1::conn[0m[2m:[0m incoming body is content-length (644 bytes)
[2m2025-12-10T10:10:59.204788Z[0m [34mDEBUG[0m [2mhyper::proto::h1::conn[0m[2m:[0m incoming body completed
[2m2025-12-10T10:10:59.204793Z[0m [34mDEBUG[0m [2mhyper::client::pool[0m[2m:[0m pooling idle connection for ("http", 192.168.0.14:8545)
[2m2025-12-10T10:10:59.204797Z[0m [34mDEBUG[0m [2methereum_transaction_pool_monitor::eth_client[0m[2m:[0m 📡 Transaction fetch RPC completed in 5.810417ms
[2m2025-12-10T10:10:59.276513Z[0m [34mDEBUG[0m [2methereum_transaction_pool_monitor::eth_client[0m[2m:[0m ✅ Transaction 0xe00c4533cd96dab0105f98a6ed8c98c5d97a19561302af8d3d6397dba7347e1f fetched and parsed in 77.523625ms
[2m2025-12-10T10:10:59.276539Z[0m [34mDEBUG[0m [2methereum_transaction_pool_monitor::mempool_monitor[0m[2m:[0m 🔍 Skipping tx 0xe00c4533cd96dab0105f98a6ed8c98c5d97a19561302af8d3d6397dba7347e1f - not a DEX interaction (target: 0x17E5545B11b468072283Cee1F066a059Fb0dbF24)
[2m2025-12-10T10:10:59.276550Z[0m [34mDEBUG[0m [2methereum_transaction_pool_monitor::mempool_monitor[0m[2m:[0m 📨 Processing new pending transaction: 0xff19e07b7a4142aaede90a314e3fb9f41291e7bd85dfa281f0c7ae5d5b4bf05e
[2m2025-12-10T10:10:59.276558Z[0m [34mDEBUG[0m [2methereum_transaction_pool_monitor::mempool_monitor[0m[2m:[0m 🔍 Fetching transaction details for: 0xff19e07b7a4142aaede90a314e3fb9f41291e7bd85dfa281f0c7ae5d5b4bf05e
[2m2025-12-10T10:10:59.276563Z[0m [34mDEBUG[0m [2methereum_transaction_pool_monitor::eth_client[0m[2m:[0m 🔍 Fetching transaction details for hash: 0xff19e07b7a4142aaede90a314e3fb9f41291e7bd85dfa281f0c7ae5d5b4bf05e
[2m2025-12-10T10:10:59.276582Z[0m [34mDEBUG[0m [2mhyper::client::pool[0m[2m:[0m reuse idle connection for ("http", 192.168.0.14:8545)
[2m2025-12-10T10:10:59.276620Z[0m [34mDEBUG[0m [2mhyper::proto::h1::io[0m[2m:[0m flushed 250 bytes
[2m2025-12-10T10:10:59.284228Z[0m [34mDEBUG[0m [2mhyper::proto::h1::io[0m[2m:[0m parsed 4 headers
[2m2025-12-10T10:10:59.284239Z[0m [34mDEBUG[0m [2mhyper::proto::h1::conn[0m[2m:[0m incoming body is content-length (649 bytes)
[2m2025-12-10T10:10:59.284246Z[0m [34mDEBUG[0m [2mhyper::proto::h1::conn[0m[2m:[0m incoming body completed
[2m2025-12-10T10:10:59.284254Z[0m [34mDEBUG[0m [2mhyper::client::pool[0m[2m:[0m pooling idle connection for ("http", 192.168.0.14:8545)
[2m2025-12-10T10:10:59.284261Z[0m [34mDEBUG[0m [2methereum_transaction_pool_monitor::eth_client[0m[2m:[0m 📡 Transaction fetch RPC completed in 7.693125ms
[2m2025-12-10T10:10:59.354814Z[0m [34mDEBUG[0m [2methereum_transaction_pool_monitor::eth_client[0m[2m:[0m ✅ Transaction 0xff19e07b7a4142aaede90a314e3fb9f41291e7bd85dfa281f0c7ae5d5b4bf05e fetched and parsed in 78.243542ms
[2m2025-12-10T10:10:59.354843Z[0m [34mDEBUG[0m [2methereum_transaction_pool_monitor::mempool_monitor[0m[2m:[0m 🔍 Skipping tx 0xff19e07b7a4142aaede90a314e3fb9f41291e7bd85dfa281f0c7ae5d5b4bf05e - not a DEX interaction (target: 0xd2674dA94285660c9b2353131bef2d8211369A4B)
[2m2025-12-10T10:10:59.354853Z[0m [34mDEBUG[0m [2methereum_transaction_pool_monitor::mempool_monitor[0m[2m:[0m 📨 Processing new pending transaction: 0x09e2f56c1668caa3c12f32d608630cbcbfde1a23e11e6e60bdc83c31be56976c
[2m2025-12-10T10:10:59.354867Z[0m [34mDEBUG[0m [2methereum_transaction_pool_monitor::mempool_monitor[0m[2m:[0m 🔍 Fetching transaction details for: 0x09e2f56c1668caa3c12f32d608630cbcbfde1a23e11e6e60bdc83c31be56976c
[2m2025-12-10T10:10:59.354875Z[0m [34mDEBUG[0m [2methereum_transaction_pool_monitor::eth_client[0m[2m:[0m 🔍 Fetching transaction details for hash: 0x09e2f56c1668caa3c12f32d608630cbcbfde1a23e11e6e60bdc83c31be56976c
[2m2025-12-10T10:10:59.354895Z[0m [34mDEBUG[0m [2mhyper::client::pool[0m[2m:[0m reuse idle connection for ("http", 192.168.0.14:8545)
[2m2025-12-10T10:10:59.354937Z[0m [34mDEBUG[0m [2mhyper::proto::h1::io[0m[2m:[0m flushed 250 bytes
[2m2025-12-10T10:10:59.354957Z[0m [34mDEBUG[0m [2mhyper::client::pool[0m[2m:[0m reuse idle connection for ("http", 192.168.0.14:8545)
[2m2025-12-10T10:10:59.354971Z[0m [34mDEBUG[0m [2mhyper::proto::h1::io[0m[2m:[0m flushed 172 bytes
[2m2025-12-10T10:10:59.354971Z[0m [34mDEBUG[0m [2methereum_transaction_pool_monitor::eth_client[0m[2m:[0m 📨 Received WebSocket message: {"jsonrpc":"2.0","method":"eth_subscription","params":{"subscription":"0xbed0a0851463e895960a451075a301a9","result":"0xaa34617b118f206baf4b4217877d7fcdc6dcc80ac42b03a949ea1b523b25a44c"}}
[2m2025-12-10T10:10:59.354990Z[0m [34mDEBUG[0m [2methereum_transaction_pool_monitor::eth_client[0m[2m:[0m 📨 Received pending transaction: 0xaa34617b118f206baf4b4217877d7fcdc6dcc80ac42b03a949ea1b523b25a44c
[2m2025-12-10T10:10:59.361049Z[0m [34mDEBUG[0m [2mhyper::proto::h1::io[0m[2m:[0m parsed 4 headers
[2m2025-12-10T10:10:59.361072Z[0m [34mDEBUG[0m [2mhyper::proto::h1::conn[0m[2m:[0m incoming body is content-length (45 bytes)
[2m2025-12-10T10:10:59.361097Z[0m [34mDEBUG[0m [2mhyper::proto::h1::conn[0m[2m:[0m incoming body completed
[2m2025-12-10T10:10:59.361138Z[0m [34mDEBUG[0m [2mhyper::client::pool[0m[2m:[0m pooling idle connection for ("http", 192.168.0.14:8545)
[2m2025-12-10T10:10:59.366799Z[0m [34mDEBUG[0m [2mhyper::proto::h1::io[0m[2m:[0m parsed 4 headers
[2m2025-12-10T10:10:59.366808Z[0m [34mDEBUG[0m [2mhyper::proto::h1::conn[0m[2m:[0m incoming body is content-length (1731 bytes)
[2m2025-12-10T10:10:59.366815Z[0m [34mDEBUG[0m [2mhyper::proto::h1::conn[0m[2m:[0m incoming body completed
[2m2025-12-10T10:10:59.366824Z[0m [34mDEBUG[0m [2mhyper::client::pool[0m[2m:[0m pooling idle connection for ("http", 192.168.0.14:8545)
[2m2025-12-10T10:10:59.366831Z[0m [34mDEBUG[0m [2methereum_transaction_pool_monitor::eth_client[0m[2m:[0m 📡 Transaction fetch RPC completed in 11.947625ms
[2m2025-12-10T10:10:59.438797Z[0m [34mDEBUG[0m [2methereum_transaction_pool_monitor::eth_client[0m[2m:[0m ✅ Transaction 0x09e2f56c1668caa3c12f32d608630cbcbfde1a23e11e6e60bdc83c31be56976c fetched and parsed in 83.911875ms
[2m2025-12-10T10:10:59.438825Z[0m [34mDEBUG[0m [2methereum_transaction_pool_monitor::mempool_monitor[0m[2m:[0m 🔍 Skipping tx 0x09e2f56c1668caa3c12f32d608630cbcbfde1a23e11e6e60bdc83c31be56976c - not a DEX interaction (target: 0x601a2aD6CB5949f0529735254189Ba3194221EDF)
[2m2025-12-10T10:10:59.438835Z[0m [34mDEBUG[0m [2methereum_transaction_pool_monitor::mempool_monitor[0m[2m:[0m 📨 Processing new pending transaction: 0x0ff939d76439568355da8bf1740a4ee960550d56797bdb7053f5aae2e6868d6c
[2m2025-12-10T10:10:59.438842Z[0m [34mDEBUG[0m [2methereum_transaction_pool_monitor::mempool_monitor[0m[2m:[0m 🔍 Fetching transaction details for: 0x0ff939d76439568355da8bf1740a4ee960550d56797bdb7053f5aae2e6868d6c
[2m2025-12-10T10:10:59.438847Z[0m [34mDEBUG[0m [2methereum_transaction_pool_monitor::eth_client[0m[2m:[0m 🔍 Fetching transaction details for hash: 0x0ff939d76439568355da8bf1740a4ee960550d56797bdb7053f5aae2e6868d6c
[2m2025-12-10T10:10:59.438867Z[0m [34mDEBUG[0m [2mhyper::client::pool[0m[2m:[0m reuse idle connection for ("http", 192.168.0.14:8545)
[2m2025-12-10T10:10:59.438915Z[0m [34mDEBUG[0m [2mhyper::proto::h1::io[0m[2m:[0m flushed 250 bytes
[2m2025-12-10T10:10:59.438936Z[0m [34mDEBUG[0m [2mhyper::client::pool[0m[2m:[0m reuse idle connection for ("http", 192.168.0.14:8545)
[2m2025-12-10T10:10:59.438952Z[0m [34mDEBUG[0m [2mhyper::proto::h1::io[0m[2m:[0m flushed 172 bytes
[2m2025-12-10T10:10:59.438965Z[0m [34mDEBUG[0m [2methereum_transaction_pool_monitor::eth_client[0m[2m:[0m 📨 Received WebSocket message: {"jsonrpc":"2.0","method":"eth_subscription","params":{"subscription":"0xbed0a0851463e895960a451075a301a9","result":"0xd5152aa3416cdc3b7c81ddee6337a02f0ebbf6d37e1066f16ef04ab061b30794"}}
[2m2025-12-10T10:10:59.439033Z[0m [34mDEBUG[0m [2methereum_transaction_pool_monitor::eth_client[0m[2m:[0m 📨 Received pending transaction: 0xd5152aa3416cdc3b7c81ddee6337a02f0ebbf6d37e1066f16ef04ab061b30794
[2m2025-12-10T10:10:59.439041Z[0m [34mDEBUG[0m [2methereum_transaction_pool_monitor::eth_client[0m[2m:[0m 📨 Received WebSocket message: {"jsonrpc":"2.0","method":"eth_subscription","params":{"subscription":"0xbed0a0851463e895960a451075a301a9","result":"0x2488f368fc6cdfe422d94a01a6f6785845d171c546390506012292301587cd90"}}
[2m2025-12-10T10:10:59.439046Z[0m [34mDEBUG[0m [2methereum_transaction_pool_monitor::eth_client[0m[2m:[0m 📨 Received pending transaction: 0x2488f368fc6cdfe422d94a01a6f6785845d171c546390506012292301587cd90
[2m2025-12-10T10:10:59.439051Z[0m [34mDEBUG[0m [2methereum_transaction_pool_monitor::eth_client[0m[2m:[0m 📨 Received WebSocket message: {"jsonrpc":"2.0","method":"eth_subscription","params":{"subscription":"0xbed0a0851463e895960a451075a301a9","result":"0xf2c0241faec20293a651cdc239442b54386bc32039547470432ce2771a8d2b78"}}
[2m2025-12-10T10:10:59.439056Z[0m [34mDEBUG[0m [2methereum_transaction_pool_monitor::eth_client[0m[2m:[0m 📨 Received pending transaction: 0xf2c0241faec20293a651cdc239442b54386bc32039547470432ce2771a8d2b78
[2m2025-12-10T10:10:59.439060Z[0m [34mDEBUG[0m [2methereum_transaction_pool_monitor::eth_client[0m[2m:[0m 📨 Received WebSocket message: {"jsonrpc":"2.0","method":"eth_subscription","params":{"subscription":"0xbed0a0851463e895960a451075a301a9","result":"0x17bfae7b627a1893597e1aab43c72ca68d8f8e1e608f3edf704cc299a7405443"}}
[2m2025-12-10T10:10:59.439065Z[0m [34mDEBUG[0m [2methereum_transaction_pool_monitor::eth_client[0m[2m:[0m 📨 Received pending transaction: 0x17bfae7b627a1893597e1aab43c72ca68d8f8e1e608f3edf704cc299a7405443
[2m2025-12-10T10:10:59.442671Z[0m [34mDEBUG[0m [2mhyper::proto::h1::io[0m[2m:[0m parsed 4 headers
[2m2025-12-10T10:10:59.442682Z[0m [34mDEBUG[0m [2mhyper::proto::h1::conn[0m[2m:[0m incoming body is content-length (45 bytes)
[2m2025-12-10T10:10:59.442693Z[0m [34mDEBUG[0m [2mhyper::proto::h1::conn[0m[2m:[0m incoming body completed
[2m2025-12-10T10:10:59.442702Z[0m [34mDEBUG[0m [2mhyper::client::pool[0m[2m:[0m pooling idle connection for ("http", 192.168.0.14:8545)
[2m2025-12-10T10:10:59.443209Z[0m [34mDEBUG[0m [2mhyper::proto::h1::io[0m[2m:[0m parsed 4 headers
[2m2025-12-10T10:10:59.443216Z[0m [34mDEBUG[0m [2mhyper::proto::h1::conn[0m[2m:[0m incoming body is content-length (645 bytes)
[2m2025-12-10T10:10:59.443222Z[0m [34mDEBUG[0m [2mhyper::proto::h1::conn[0m[2m:[0m incoming body completed
[2m2025-12-10T10:10:59.443229Z[0m [34mDEBUG[0m [2mhyper::client::pool[0m[2m:[0m pooling idle connection for ("http", 192.168.0.14:8545)
[2m2025-12-10T10:10:59.443235Z[0m [34mDEBUG[0m [2methereum_transaction_pool_monitor::eth_client[0m[2m:[0m 📡 Transaction fetch RPC completed in 4.383ms
[2m2025-12-10T10:10:59.514186Z[0m [34mDEBUG[0m [2methereum_transaction_pool_monitor::eth_client[0m[2m:[0m ✅ Transaction 0x0ff939d76439568355da8bf1740a4ee960550d56797bdb7053f5aae2e6868d6c fetched and parsed in 75.3315ms
[2m2025-12-10T10:10:59.514216Z[0m [34mDEBUG[0m [2methereum_transaction_pool_monitor::mempool_monitor[0m[2m:[0m 🔍 Skipping tx 0x0ff939d76439568355da8bf1740a4ee960550d56797bdb7053f5aae2e6868d6c - not a DEX interaction (target: 0xA26148AE51fa8E787DF319C04137602Cc018b521)
[2m2025-12-10T10:10:59.514225Z[0m [34mDEBUG[0m [2methereum_transaction_pool_monitor::mempool_monitor[0m[2m:[0m 📨 Processing new pending transaction: 0xbe252cef23422ca7fe10f34af5cd0f7c3e2e9c5f2aaf111b9957d71199f7f57f
[2m2025-12-10T10:10:59.514230Z[0m [34mDEBUG[0m [2methereum_transaction_pool_monitor::mempool_monitor[0m[2m:[0m 🔍 Fetching transaction details for: 0xbe252cef23422ca7fe10f34af5cd0f7c3e2e9c5f2aaf111b9957d71199f7f57f
[2m2025-12-10T10:10:59.514235Z[0m [34mDEBUG[0m [2methereum_transaction_pool_monitor::eth_client[0m[2m:[0m 🔍 Fetching transaction details for hash: 0xbe252cef23422ca7fe10f34af5cd0f7c3e2e9c5f2aaf111b9957d71199f7f57f
[2m2025-12-10T10:10:59.514254Z[0m [34mDEBUG[0m [2mhyper::client::pool[0m[2m:[0m reuse idle connection for ("http", 192.168.0.14:8545)
[2m2025-12-10T10:10:59.514309Z[0m [34mDEBUG[0m [2mhyper::proto::h1::io[0m[2m:[0m flushed 250 bytes
[2m2025-12-10T10:10:59.514339Z[0m [34mDEBUG[0m [2mhyper::client::pool[0m[2m:[0m reuse idle connection for ("http", 192.168.0.14:8545)
[2m2025-12-10T10:10:59.514355Z[0m [34mDEBUG[0m [2mhyper::proto::h1::io[0m[2m:[0m flushed 172 bytes
[2m2025-12-10T10:10:59.519910Z[0m [34mDEBUG[0m [2mhyper::proto::h1::io[0m[2m:[0m parsed 4 headers
[2m2025-12-10T10:10:59.519925Z[0m [34mDEBUG[0m [2mhyper::proto::h1::conn[0m[2m:[0m incoming body is content-length (778 bytes)
[2m2025-12-10T10:10:59.519932Z[0m [34mDEBUG[0m [2mhyper::proto::h1::conn[0m[2m:[0m incoming body completed
[2m2025-12-10T10:10:59.519944Z[0m [34mDEBUG[0m [2mhyper::client::pool[0m[2m:[0m pooling idle connection for ("http", 192.168.0.14:8545)
[2m2025-12-10T10:10:59.519952Z[0m [34mDEBUG[0m [2methereum_transaction_pool_monitor::eth_client[0m[2m:[0m 📡 Transaction fetch RPC completed in 5.712708ms
[2m2025-12-10T10:10:59.519969Z[0m [34mDEBUG[0m [2methereum_transaction_pool_monitor::eth_client[0m[2m:[0m DeFi transaction detected - Address: 0x1f9840a85d5af5bf1d1762f925bdaddc4201f984, Type: TokenContract, Value: 0 ETH, Gas: 200.00 Gwei
[2m2025-12-10T10:10:59.519983Z[0m [34mDEBUG[0m [2methereum_transaction_pool_monitor::eth_client[0m[2m:[0m ✅ Transaction 0xbe252cef23422ca7fe10f34af5cd0f7c3e2e9c5f2aaf111b9957d71199f7f57f fetched and parsed in 5.743583ms
[2m2025-12-10T10:10:59.519989Z[0m [34mDEBUG[0m [2methereum_transaction_pool_monitor::mempool_monitor[0m[2m:[0m 🔍 Skipping tx 0xbe252cef23422ca7fe10f34af5cd0f7c3e2e9c5f2aaf111b9957d71199f7f57f - not a DEX interaction (target: 0x1f9840a85d5aF5bf1D1762F925BDADdC4201F984)
[2m2025-12-10T10:10:59.519996Z[0m [34mDEBUG[0m [2methereum_transaction_pool_monitor::mempool_monitor[0m[2m:[0m 📨 Processing new pending transaction: 0xc12501a407450ad1cada94cc66e9dee07ba97689e2d4332f495b40e80095cf0a
[2m2025-12-10T10:10:59.520000Z[0m [34mDEBUG[0m [2methereum_transaction_pool_monitor::mempool_monitor[0m[2m:[0m 🔍 Fetching transaction details for: 0xc12501a407450ad1cada94cc66e9dee07ba97689e2d4332f495b40e80095cf0a
[2m2025-12-10T10:10:59.520004Z[0m [34mDEBUG[0m [2methereum_transaction_pool_monitor::eth_client[0m[2m:[0m 🔍 Fetching transaction details for hash: 0xc12501a407450ad1cada94cc66e9dee07ba97689e2d4332f495b40e80095cf0a
[2m2025-12-10T10:10:59.520015Z[0m [34mDEBUG[0m [2mhyper::client::pool[0m[2m:[0m reuse idle connection for ("http", 192.168.0.14:8545)
[2m2025-12-10T10:10:59.520040Z[0m [34mDEBUG[0m [2mhyper::proto::h1::io[0m[2m:[0m flushed 250 bytes
[2m2025-12-10T10:10:59.520410Z[0m [34mDEBUG[0m [2mhyper::proto::h1::io[0m[2m:[0m parsed 4 headers
[2m2025-12-10T10:10:59.520418Z[0m [34mDEBUG[0m [2mhyper::proto::h1::conn[0m[2m:[0m incoming body is content-length (45 bytes)
[2m2025-12-10T10:10:59.520424Z[0m [34mDEBUG[0m [2mhyper::proto::h1::conn[0m[2m:[0m incoming body completed
[2m2025-12-10T10:10:59.520431Z[0m [34mDEBUG[0m [2mhyper::client::pool[0m[2m:[0m pooling idle connection for ("http", 192.168.0.14:8545)
[2m2025-12-10T10:10:59.528011Z[0m [34mDEBUG[0m [2mhyper::proto::h1::io[0m[2m:[0m parsed 4 headers
[2m2025-12-10T10:10:59.528021Z[0m [34mDEBUG[0m [2mhyper::proto::h1::conn[0m[2m:[0m incoming body is content-length (658 bytes)
[2m2025-12-10T10:10:59.528028Z[0m [34mDEBUG[0m [2mhyper::proto::h1::conn[0m[2m:[0m incoming body completed
[2m2025-12-10T10:10:59.528036Z[0m [34mDEBUG[0m [2mhyper::client::pool[0m[2m:[0m pooling idle connection for ("http", 192.168.0.14:8545)
[2m2025-12-10T10:10:59.528041Z[0m [34mDEBUG[0m [2methereum_transaction_pool_monitor::eth_client[0m[2m:[0m 📡 Transaction fetch RPC completed in 8.033583ms
[2m2025-12-10T10:10:59.599345Z[0m [34mDEBUG[0m [2methereum_transaction_pool_monitor::eth_client[0m[2m:[0m ✅ Transaction 0xc12501a407450ad1cada94cc66e9dee07ba97689e2d4332f495b40e80095cf0a fetched and parsed in 79.33525ms
[2m2025-12-10T10:10:59.599371Z[0m [34mDEBUG[0m [2methereum_transaction_pool_monitor::mempool_monitor[0m[2m:[0m 🔍 Skipping tx 0xc12501a407450ad1cada94cc66e9dee07ba97689e2d4332f495b40e80095cf0a - not a DEX interaction (target: 0x15F46551F5D736C9b8861C1D1358e29183F7A6C7)
[2m2025-12-10T10:10:59.599381Z[0m [34mDEBUG[0m [2methereum_transaction_pool_monitor::mempool_monitor[0m[2m:[0m 📨 Processing new pending transaction: 0xdc7f948c39b2c79be288bebff38e94aa99366151498ff41237ba1b9ee9465631
[2m2025-12-10T10:10:59.599388Z[0m [34mDEBUG[0m [2methereum_transaction_pool_monitor::mempool_monitor[0m[2m:[0m 🔍 Fetching transaction details for: 0xdc7f948c39b2c79be288bebff38e94aa99366151498ff41237ba1b9ee9465631
[2m2025-12-10T10:10:59.599393Z[0m [34mDEBUG[0m [2methereum_transaction_pool_monitor::eth_client[0m[2m:[0m 🔍 Fetching transaction details for hash: 0xdc7f948c39b2c79be288bebff38e94aa99366151498ff41237ba1b9ee9465631
[2m2025-12-10T10:10:59.599410Z[0m [34mDEBUG[0m [2mhyper::client::pool[0m[2m:[0m reuse idle connection for ("http", 192.168.0.14:8545)
[2m2025-12-10T10:10:59.599449Z[0m [34mDEBUG[0m [2mhyper::proto::h1::io[0m[2m:[0m flushed 250 bytes
[2m2025-12-10T10:10:59.599471Z[0m [34mDEBUG[0m [2mhyper::client::pool[0m[2m:[0m reuse idle connection for ("http", 192.168.0.14:8545)
[2m2025-12-10T10:10:59.599482Z[0m [34mDEBUG[0m [2methereum_transaction_pool_monitor::eth_client[0m[2m:[0m 📨 Received WebSocket message: {"jsonrpc":"2.0","method":"eth_subscription","params":{"subscription":"0xbed0a0851463e895960a451075a301a9","result":"0xf3aeb5ae6f20d05ce323d52c4687ebcfb9b5be183963de86ab32bd9564ac1c63"}}
[2m2025-12-10T10:10:59.599485Z[0m [34mDEBUG[0m [2mhyper::proto::h1::io[0m[2m:[0m flushed 172 bytes
[2m2025-12-10T10:10:59.599498Z[0m [34mDEBUG[0m [2methereum_transaction_pool_monitor::eth_client[0m[2m:[0m 📨 Received pending transaction: 0xf3aeb5ae6f20d05ce323d52c4687ebcfb9b5be183963de86ab32bd9564ac1c63
[2m2025-12-10T10:10:59.605742Z[0m [34mDEBUG[0m [2mhyper::proto::h1::io[0m[2m:[0m parsed 4 headers
[2m2025-12-10T10:10:59.605752Z[0m [34mDEBUG[0m [2mhyper::proto::h1::conn[0m[2m:[0m incoming body is content-length (769 bytes)
[2m2025-12-10T10:10:59.605760Z[0m [34mDEBUG[0m [2mhyper::proto::h1::conn[0m[2m:[0m incoming body completed
[2m2025-12-10T10:10:59.605768Z[0m [34mDEBUG[0m [2mhyper::client::pool[0m[2m:[0m pooling idle connection for ("http", 192.168.0.14:8545)
[2m2025-12-10T10:10:59.605775Z[0m [34mDEBUG[0m [2methereum_transaction_pool_monitor::eth_client[0m[2m:[0m 📡 Transaction fetch RPC completed in 6.376875ms
[2m2025-12-10T10:10:59.677052Z[0m [34mDEBUG[0m [2methereum_transaction_pool_monitor::eth_client[0m[2m:[0m ✅ Transaction 0xdc7f948c39b2c79be288bebff38e94aa99366151498ff41237ba1b9ee9465631 fetched and parsed in 77.651625ms
[2m2025-12-10T10:10:59.677081Z[0m [34mDEBUG[0m [2methereum_transaction_pool_monitor::mempool_monitor[0m[2m:[0m 🔍 Skipping tx 0xdc7f948c39b2c79be288bebff38e94aa99366151498ff41237ba1b9ee9465631 - not a DEX interaction (target: 0xA0b86991c6218b36c1d19D4a2e9Eb0cE3606eB48)
[2m2025-12-10T10:10:59.677091Z[0m [34mDEBUG[0m [2methereum_transaction_pool_monitor::mempool_monitor[0m[2m:[0m 📨 Processing new pending transaction: 0xd6ad572aa61936b2bd4a2f360742d06b91ffb4e0dc763c2f3c3498692f82631e
[2m2025-12-10T10:10:59.677107Z[0m [34mDEBUG[0m [2methereum_transaction_pool_monitor::mempool_monitor[0m[2m:[0m 🔍 Fetching transaction details for: 0xd6ad572aa61936b2bd4a2f360742d06b91ffb4e0dc763c2f3c3498692f82631e
[2m2025-12-10T10:10:59.677118Z[0m [34mDEBUG[0m [2methereum_transaction_pool_monitor::eth_client[0m[2m:[0m 🔍 Fetching transaction details for hash: 0xd6ad572aa61936b2bd4a2f360742d06b91ffb4e0dc763c2f3c3498692f82631e
[2m2025-12-10T10:10:59.677137Z[0m [34mDEBUG[0m [2mhyper::client::pool[0m[2m:[0m reuse idle connection for ("http", 192.168.0.14:8545)
[2m2025-12-10T10:10:59.677176Z[0m [34mDEBUG[0m [2mhyper::proto::h1::io[0m[2m:[0m flushed 250 bytes
[2m2025-12-10T10:10:59.677194Z[0m [34mDEBUG[0m [2mhyper::proto::h1::io[0m[2m:[0m parsed 4 headers
[2m2025-12-10T10:10:59.677203Z[0m [34mDEBUG[0m [2mhyper::proto::h1::conn[0m[2m:[0m incoming body is content-length (45 bytes)
[2m2025-12-10T10:10:59.677213Z[0m [34mDEBUG[0m [2mhyper::proto::h1::conn[0m[2m:[0m incoming body completed
[2m2025-12-10T10:10:59.677226Z[0m [34mDEBUG[0m [2mhyper::client::pool[0m[2m:[0m pooling idle connection for ("http", 192.168.0.14:8545)
[2m2025-12-10T10:10:59.681814Z[0m [34mDEBUG[0m [2mhyper::proto::h1::io[0m[2m:[0m parsed 4 headers
[2m2025-12-10T10:10:59.681829Z[0m [34mDEBUG[0m [2mhyper::proto::h1::conn[0m[2m:[0m incoming body is content-length (771 bytes)
[2m2025-12-10T10:10:59.681836Z[0m [34mDEBUG[0m [2mhyper::proto::h1::conn[0m[2m:[0m incoming body completed
[2m2025-12-10T10:10:59.681844Z[0m [34mDEBUG[0m [2mhyper::client::pool[0m[2m:[0m pooling idle connection for ("http", 192.168.0.14:8545)
[2m2025-12-10T10:10:59.681850Z[0m [34mDEBUG[0m [2methereum_transaction_pool_monitor::eth_client[0m[2m:[0m 📡 Transaction fetch RPC completed in 4.7255ms
[2m2025-12-10T10:10:59.753507Z[0m [34mDEBUG[0m [2methereum_transaction_pool_monitor::eth_client[0m[2m:[0m ✅ Transaction 0xd6ad572aa61936b2bd4a2f360742d06b91ffb4e0dc763c2f3c3498692f82631e fetched and parsed in 76.380625ms
[2m2025-12-10T10:10:59.753535Z[0m [34mDEBUG[0m [2methereum_transaction_pool_monitor::mempool_monitor[0m[2m:[0m 🔍 Skipping tx 0xd6ad572aa61936b2bd4a2f360742d06b91ffb4e0dc763c2f3c3498692f82631e - not a DEX interaction (target: 0xB8f28C60dD8240141185a192fa4156A23E189305)
[2m2025-12-10T10:10:59.753546Z[0m [34mDEBUG[0m [2methereum_transaction_pool_monitor::mempool_monitor[0m[2m:[0m 📨 Processing new pending transaction: 0x0afbb9ae3ffa25e008aac61a4e3dd93f41e4e55d617440447d716be5a1de00ea
[2m2025-12-10T10:10:59.753561Z[0m [34mDEBUG[0m [2methereum_transaction_pool_monitor::mempool_monitor[0m[2m:[0m 🔍 Fetching transaction details for: 0x0afbb9ae3ffa25e008aac61a4e3dd93f41e4e55d617440447d716be5a1de00ea
[2m2025-12-10T10:10:59.753569Z[0m [34mDEBUG[0m [2methereum_transaction_pool_monitor::eth_client[0m[2m:[0m 🔍 Fetching transaction details for hash: 0x0afbb9ae3ffa25e008aac61a4e3dd93f41e4e55d617440447d716be5a1de00ea
[2m2025-12-10T10:10:59.753587Z[0m [34mDEBUG[0m [2mhyper::client::pool[0m[2m:[0m reuse idle connection for ("http", 192.168.0.14:8545)
[2m2025-12-10T10:10:59.753628Z[0m [34mDEBUG[0m [2mhyper::proto::h1::io[0m[2m:[0m flushed 250 bytes
[2m2025-12-10T10:10:59.753655Z[0m [34mDEBUG[0m [2mhyper::client::pool[0m[2m:[0m reuse idle connection for ("http", 192.168.0.14:8545)
[2m2025-12-10T10:10:59.753668Z[0m [34mDEBUG[0m [2mhyper::proto::h1::io[0m[2m:[0m flushed 172 bytes
[2m2025-12-10T10:10:59.758271Z[0m [34mDEBUG[0m [2mhyper::proto::h1::io[0m[2m:[0m parsed 4 headers
[2m2025-12-10T10:10:59.758281Z[0m [34mDEBUG[0m [2mhyper::proto::h1::conn[0m[2m:[0m incoming body is content-length (829 bytes)
[2m2025-12-10T10:10:59.758290Z[0m [34mDEBUG[0m [2mhyper::proto::h1::conn[0m[2m:[0m incoming body completed
[2m2025-12-10T10:10:59.758297Z[0m [34mDEBUG[0m [2mhyper::client::pool[0m[2m:[0m pooling idle connection for ("http", 192.168.0.14:8545)
[2m2025-12-10T10:10:59.758304Z[0m [34mDEBUG[0m [2methereum_transaction_pool_monitor::eth_client[0m[2m:[0m 📡 Transaction fetch RPC completed in 4.728416ms
[2m2025-12-10T10:10:59.829371Z[0m [34mDEBUG[0m [2methereum_transaction_pool_monitor::eth_client[0m[2m:[0m ✅ Transaction 0x0afbb9ae3ffa25e008aac61a4e3dd93f41e4e55d617440447d716be5a1de00ea fetched and parsed in 75.793916ms
[2m2025-12-10T10:10:59.829399Z[0m [34mDEBUG[0m [2methereum_transaction_pool_monitor::mempool_monitor[0m[2m:[0m 🔍 Skipping tx 0x0afbb9ae3ffa25e008aac61a4e3dd93f41e4e55d617440447d716be5a1de00ea - not a DEX interaction (target: 0x3B4D794a66304F130a4Db8F2551B0070dfCf5ca7)
[2m2025-12-10T10:10:59.829409Z[0m [34mDEBUG[0m [2methereum_transaction_pool_monitor::mempool_monitor[0m[2m:[0m 📨 Processing new pending transaction: 0xdafbff5cf26b7ec387116b1841aea8862e0d61e4e43e9b3f6b21469ff9f7d5cc
[2m2025-12-10T10:10:59.829416Z[0m [34mDEBUG[0m [2methereum_transaction_pool_monitor::mempool_monitor[0m[2m:[0m 🔍 Fetching transaction details for: 0xdafbff5cf26b7ec387116b1841aea8862e0d61e4e43e9b3f6b21469ff9f7d5cc
[2m2025-12-10T10:10:59.829422Z[0m [34mDEBUG[0m [2methereum_transaction_pool_monitor::eth_client[0m[2m:[0m 🔍 Fetching transaction details for hash: 0xdafbff5cf26b7ec387116b1841aea8862e0d61e4e43e9b3f6b21469ff9f7d5cc
[2m2025-12-10T10:10:59.829442Z[0m [34mDEBUG[0m [2mhyper::client::pool[0m[2m:[0m reuse idle connection for ("http", 192.168.0.14:8545)
[2m2025-12-10T10:10:59.829483Z[0m [34mDEBUG[0m [2mhyper::proto::h1::io[0m[2m:[0m flushed 250 bytes
[2m2025-12-10T10:10:59.829501Z[0m [34mDEBUG[0m [2mhyper::proto::h1::io[0m[2m:[0m parsed 4 headers
[2m2025-12-10T10:10:59.829507Z[0m [34mDEBUG[0m [2mhyper::proto::h1::conn[0m[2m:[0m incoming body is content-length (45 bytes)
[2m2025-12-10T10:10:59.829515Z[0m [34mDEBUG[0m [2mhyper::proto::h1::conn[0m[2m:[0m incoming body completed
[2m2025-12-10T10:10:59.829524Z[0m [34mDEBUG[0m [2mhyper::client::pool[0m[2m:[0m pooling idle connection for ("http", 192.168.0.14:8545)
[2m2025-12-10T10:10:59.829540Z[0m [34mDEBUG[0m [2mhyper::client::pool[0m[2m:[0m reuse idle connection for ("http", 192.168.0.14:8545)
[2m2025-12-10T10:10:59.829556Z[0m [34mDEBUG[0m [2mhyper::proto::h1::io[0m[2m:[0m flushed 172 bytes
[2m2025-12-10T10:10:59.833571Z[0m [34mDEBUG[0m [2mhyper::proto::h1::io[0m[2m:[0m parsed 4 headers
[2m2025-12-10T10:10:59.833587Z[0m [34mDEBUG[0m [2mhyper::proto::h1::conn[0m[2m:[0m incoming body is content-length (45 bytes)
[2m2025-12-10T10:10:59.833593Z[0m [34mDEBUG[0m [2mhyper::proto::h1::conn[0m[2m:[0m incoming body completed
[2m2025-12-10T10:10:59.833603Z[0m [34mDEBUG[0m [2mhyper::client::pool[0m[2m:[0m pooling idle connection for ("http", 192.168.0.14:8545)
[2m2025-12-10T10:10:59.833621Z[0m [34mDEBUG[0m [2mhyper::proto::h1::io[0m[2m:[0m parsed 4 headers
[2m2025-12-10T10:10:59.833626Z[0m [34mDEBUG[0m [2mhyper::proto::h1::conn[0m[2m:[0m incoming body is content-length (649 bytes)
[2m2025-12-10T10:10:59.833633Z[0m [34mDEBUG[0m [2mhyper::proto::h1::conn[0m[2m:[0m incoming body completed
[2m2025-12-10T10:10:59.833640Z[0m [34mDEBUG[0m [2mhyper::client::pool[0m[2m:[0m pooling idle connection for ("http", 192.168.0.14:8545)
[2m2025-12-10T10:10:59.833646Z[0m [34mDEBUG[0m [2methereum_transaction_pool_monitor::eth_client[0m[2m:[0m 📡 Transaction fetch RPC completed in 4.218917ms
[2m2025-12-10T10:10:59.904920Z[0m [34mDEBUG[0m [2methereum_transaction_pool_monitor::eth_client[0m[2m:[0m ✅ Transaction 0xdafbff5cf26b7ec387116b1841aea8862e0d61e4e43e9b3f6b21469ff9f7d5cc fetched and parsed in 75.490625ms
[2m2025-12-10T10:10:59.904949Z[0m [34mDEBUG[0m [2methereum_transaction_pool_monitor::mempool_monitor[0m[2m:[0m 🔍 Skipping tx 0xdafbff5cf26b7ec387116b1841aea8862e0d61e4e43e9b3f6b21469ff9f7d5cc - not a DEX interaction (target: 0xDBB2253e73592236f127b23B0f5Ef9f0Da738675)
[2m2025-12-10T10:10:59.904961Z[0m [34mDEBUG[0m [2methereum_transaction_pool_monitor::mempool_monitor[0m[2m:[0m 📨 Processing new pending transaction: 0x236c3765241edc717b3272b93886f8898d8c3f6bcf634563d13b9726992dc6fe
[2m2025-12-10T10:10:59.904973Z[0m [34mDEBUG[0m [2methereum_transaction_pool_monitor::mempool_monitor[0m[2m:[0m 🔍 Fetching transaction details for: 0x236c3765241edc717b3272b93886f8898d8c3f6bcf634563d13b9726992dc6fe
[2m2025-12-10T10:10:59.904982Z[0m [34mDEBUG[0m [2methereum_transaction_pool_monitor::eth_client[0m[2m:[0m 🔍 Fetching transaction details for hash: 0x236c3765241edc717b3272b93886f8898d8c3f6bcf634563d13b9726992dc6fe
[2m2025-12-10T10:10:59.905002Z[0m [34mDEBUG[0m [2mhyper::client::pool[0m[2m:[0m reuse idle connection for ("http", 192.168.0.14:8545)
[2m2025-12-10T10:10:59.905042Z[0m [34mDEBUG[0m [2mhyper::proto::h1::io[0m[2m:[0m flushed 250 bytes
[2m2025-12-10T10:10:59.905065Z[0m [34mDEBUG[0m [2mhyper::client::pool[0m[2m:[0m reuse idle connection for ("http", 192.168.0.14:8545)
[2m2025-12-10T10:10:59.905080Z[0m [34mDEBUG[0m [2mhyper::proto::h1::io[0m[2m:[0m flushed 172 bytes
[2m2025-12-10T10:10:59.905080Z[0m [34mDEBUG[0m [2methereum_transaction_pool_monitor::eth_client[0m[2m:[0m 📨 Received WebSocket message: {"jsonrpc":"2.0","method":"eth_subscription","params":{"subscription":"0xbed0a0851463e895960a451075a301a9","result":"0x985a67b2ddc0b495e52cd08dc36701bdcc3b39329225cb5b9cbedf5cdebbb1e7"}}
[2m2025-12-10T10:10:59.905101Z[0m [34mDEBUG[0m [2methereum_transaction_pool_monitor::eth_client[0m[2m:[0m 📨 Received pending transaction: 0x985a67b2ddc0b495e52cd08dc36701bdcc3b39329225cb5b9cbedf5cdebbb1e7
[2m2025-12-10T10:10:59.905108Z[0m [34mDEBUG[0m [2methereum_transaction_pool_monitor::eth_client[0m[2m:[0m 📨 Received WebSocket message: {"jsonrpc":"2.0","method":"eth_subscription","params":{"subscription":"0xbed0a0851463e895960a451075a301a9","result":"0x1f8697ffd07467f0a6236d1738c9025792d90f94c9e4f0172b34065707aac3e4"}}
[2m2025-12-10T10:10:59.905117Z[0m [34mDEBUG[0m [2methereum_transaction_pool_monitor::eth_client[0m[2m:[0m 📨 Received pending transaction: 0x1f8697ffd07467f0a6236d1738c9025792d90f94c9e4f0172b34065707aac3e4
[2m2025-12-10T10:10:59.905125Z[0m [34mDEBUG[0m [2methereum_transaction_pool_monitor::eth_client[0m[2m:[0m 📨 Received WebSocket message: {"jsonrpc":"2.0","method":"eth_subscription","params":{"subscription":"0xbed0a0851463e895960a451075a301a9","result":"0xce876799c6cb7fcff298373d0154d16ab2d834c30bffd90d8cce96f55c2ecbbf"}}
[2m2025-12-10T10:10:59.905135Z[0m [34mDEBUG[0m [2methereum_transaction_pool_monitor::eth_client[0m[2m:[0m 📨 Received pending transaction: 0xce876799c6cb7fcff298373d0154d16ab2d834c30bffd90d8cce96f55c2ecbbf
[2m2025-12-10T10:10:59.909094Z[0m [34mDEBUG[0m [2mhyper::proto::h1::io[0m[2m:[0m parsed 4 headers
[2m2025-12-10T10:10:59.909100Z[0m [34mDEBUG[0m [2mhyper::proto::h1::conn[0m[2m:[0m incoming body is content-length (45 bytes)
[2m2025-12-10T10:10:59.909108Z[0m [34mDEBUG[0m [2mhyper::proto::h1::conn[0m[2m:[0m incoming body completed
[2m2025-12-10T10:10:59.909116Z[0m [34mDEBUG[0m [2mhyper::client::pool[0m[2m:[0m pooling idle connection for ("http", 192.168.0.14:8545)
[2m2025-12-10T10:10:59.909138Z[0m [34mDEBUG[0m [2mhyper::proto::h1::io[0m[2m:[0m parsed 4 headers
[2m2025-12-10T10:10:59.909145Z[0m [34mDEBUG[0m [2mhyper::proto::h1::conn[0m[2m:[0m incoming body is content-length (657 bytes)
[2m2025-12-10T10:10:59.909150Z[0m [34mDEBUG[0m [2mhyper::proto::h1::conn[0m[2m:[0m incoming body completed
[2m2025-12-10T10:10:59.909168Z[0m [34mDEBUG[0m [2mhyper::client::pool[0m[2m:[0m pooling idle connection for ("http", 192.168.0.14:8545)
[2m2025-12-10T10:10:59.909175Z[0m [34mDEBUG[0m [2methereum_transaction_pool_monitor::eth_client[0m[2m:[0m 📡 Transaction fetch RPC completed in 4.187084ms
[2m2025-12-10T10:10:59.909188Z[0m [34mDEBUG[0m [2methereum_transaction_pool_monitor::eth_client[0m[2m:[0m DeFi transaction detected - Address: 0xc02aaa39b223fe8d0a0e5c4f27ead9083c756cc2, Type: TokenContract, Value: 0.0890 ETH, Gas: 0.19 Gwei
[2m2025-12-10T10:10:59.909201Z[0m [34mDEBUG[0m [2methereum_transaction_pool_monitor::eth_client[0m[2m:[0m ✅ Transaction 0x236c3765241edc717b3272b93886f8898d8c3f6bcf634563d13b9726992dc6fe fetched and parsed in 4.213ms
[2m2025-12-10T10:10:59.909207Z[0m [34mDEBUG[0m [2methereum_transaction_pool_monitor::mempool_monitor[0m[2m:[0m 🔍 Skipping tx 0x236c3765241edc717b3272b93886f8898d8c3f6bcf634563d13b9726992dc6fe - not a DEX interaction (target: 0xC02aaA39b223FE8D0A0e5C4F27eAD9083C756Cc2)
[2m2025-12-10T10:10:59.909214Z[0m [34mDEBUG[0m [2methereum_transaction_pool_monitor::mempool_monitor[0m[2m:[0m 📨 Processing new pending transaction: 0xc1a6afa2cb12dcfe45fb2d4fb1f229385d09cd25720ace27f01b417aff9ce1e4
[2m2025-12-10T10:10:59.909218Z[0m [34mDEBUG[0m [2methereum_transaction_pool_monitor::mempool_monitor[0m[2m:[0m 🔍 Fetching transaction details for: 0xc1a6afa2cb12dcfe45fb2d4fb1f229385d09cd25720ace27f01b417aff9ce1e4
[2m2025-12-10T10:10:59.909225Z[0m [34mDEBUG[0m [2methereum_transaction_pool_monitor::eth_client[0m[2m:[0m 🔍 Fetching transaction details for hash: 0xc1a6afa2cb12dcfe45fb2d4fb1f229385d09cd25720ace27f01b417aff9ce1e4
[2m2025-12-10T10:10:59.909234Z[0m [34mDEBUG[0m [2mhyper::client::pool[0m[2m:[0m reuse idle connection for ("http", 192.168.0.14:8545)
[2m2025-12-10T10:10:59.909249Z[0m [34mDEBUG[0m [2mhyper::proto::h1::io[0m[2m:[0m flushed 250 bytes
[2m2025-12-10T10:10:59.914560Z[0m [34mDEBUG[0m [2mhyper::proto::h1::io[0m[2m:[0m parsed 4 headers
[2m2025-12-10T10:10:59.914566Z[0m [34mDEBUG[0m [2mhyper::proto::h1::conn[0m[2m:[0m incoming body is content-length (769 bytes)
[2m2025-12-10T10:10:59.914573Z[0m [34mDEBUG[0m [2mhyper::proto::h1::conn[0m[2m:[0m incoming body completed
[2m2025-12-10T10:10:59.914578Z[0m [34mDEBUG[0m [2mhyper::client::pool[0m[2m:[0m pooling idle connection for ("http", 192.168.0.14:8545)
[2m2025-12-10T10:10:59.914583Z[0m [34mDEBUG[0m [2methereum_transaction_pool_monitor::eth_client[0m[2m:[0m 📡 Transaction fetch RPC completed in 5.353625ms
[2m2025-12-10T10:10:59.914596Z[0m [34mDEBUG[0m [2methereum_transaction_pool_monitor::eth_client[0m[2m:[0m DeFi transaction detected - Address: 0x95ad61b0a150d79219dcf64e1e6cc01f0b64c4ce, Type: TokenContract, Value: 0 ETH, Gas: 0.30 Gwei
[2m2025-12-10T10:10:59.914608Z[0m [34mDEBUG[0m [2methereum_transaction_pool_monitor::eth_client[0m[2m:[0m ✅ Transaction 0xc1a6afa2cb12dcfe45fb2d4fb1f229385d09cd25720ace27f01b417aff9ce1e4 fetched and parsed in 5.37875ms
[2m2025-12-10T10:10:59.914615Z[0m [34mDEBUG[0m [2methereum_transaction_pool_monitor::mempool_monitor[0m[2m:[0m 🔍 Skipping tx 0xc1a6afa2cb12dcfe45fb2d4fb1f229385d09cd25720ace27f01b417aff9ce1e4 - not a DEX interaction (target: 0x95aD61b0a150d79219dCF64E1E6Cc01f0B64C4cE)
[2m2025-12-10T10:10:59.914622Z[0m [34mDEBUG[0m [2methereum_transaction_pool_monitor::mempool_monitor[0m[2m:[0m 📨 Processing new pending transaction: 0xaa34617b118f206baf4b4217877d7fcdc6dcc80ac42b03a949ea1b523b25a44c
[2m2025-12-10T10:10:59.914626Z[0m [34mDEBUG[0m [2methereum_transaction_pool_monitor::mempool_monitor[0m[2m:[0m 🔍 Fetching transaction details for: 0xaa34617b118f206baf4b4217877d7fcdc6dcc80ac42b03a949ea1b523b25a44c
[2m2025-12-10T10:10:59.914630Z[0m [34mDEBUG[0m [2methereum_transaction_pool_monitor::eth_client[0m[2m:[0m 🔍 Fetching transaction details for hash: 0xaa34617b118f206baf4b4217877d7fcdc6dcc80ac42b03a949ea1b523b25a44c
[2m2025-12-10T10:10:59.914637Z[0m [34mDEBUG[0m [2mhyper::client::pool[0m[2m:[0m reuse idle connection for ("http", 192.168.0.14:8545)
[2m2025-12-10T10:10:59.914651Z[0m [34mDEBUG[0m [2mhyper::proto::h1::io[0m[2m:[0m flushed 250 bytes
[2m2025-12-10T10:10:59.918375Z[0m [34mDEBUG[0m [2mhyper::proto::h1::io[0m[2m:[0m parsed 4 headers
[2m2025-12-10T10:10:59.918396Z[0m [34mDEBUG[0m [2mhyper::proto::h1::conn[0m[2m:[0m incoming body is content-length (770 bytes)
[2m2025-12-10T10:10:59.918414Z[0m [34mDEBUG[0m [2mhyper::proto::h1::conn[0m[2m:[0m incoming body completed
[2m2025-12-10T10:10:59.918434Z[0m [34mDEBUG[0m [2mhyper::client::pool[0m[2m:[0m pooling idle connection for ("http", 192.168.0.14:8545)
[2m2025-12-10T10:10:59.918438Z[0m [34mDEBUG[0m [2methereum_transaction_pool_monitor::eth_client[0m[2m:[0m 📡 Transaction fetch RPC completed in 3.804375ms
[2m2025-12-10T10:10:59.918445Z[0m [34mDEBUG[0m [2methereum_transaction_pool_monitor::eth_client[0m[2m:[0m DeFi transaction detected - Address: 0xdac17f958d2ee523a2206206994597c13d831ec7, Type: Stablecoin, Value: 0 ETH, Gas: 2.17 Gwei
[2m2025-12-10T10:10:59.918465Z[0m [34mDEBUG[0m [2methereum_transaction_pool_monitor::eth_client[0m[2m:[0m ✅ Transaction 0xaa34617b118f206baf4b4217877d7fcdc6dcc80ac42b03a949ea1b523b25a44c fetched and parsed in 3.831042ms
[2m2025-12-10T10:10:59.918469Z[0m [34mDEBUG[0m [2methereum_transaction_pool_monitor::mempool_monitor[0m[2m:[0m 🔍 Skipping tx 0xaa34617b118f206baf4b4217877d7fcdc6dcc80ac42b03a949ea1b523b25a44c - not a DEX interaction (target: 0xdAC17F958D2ee523a2206206994597C13D831ec7)
[2m2025-12-10T10:10:59.918474Z[0m [34mDEBUG[0m [2methereum_transaction_pool_monitor::mempool_monitor[0m[2m:[0m 📨 Processing new pending transaction: 0xd5152aa3416cdc3b7c81ddee6337a02f0ebbf6d37e1066f16ef04ab061b30794
[2m2025-12-10T10:10:59.918478Z[0m [34mDEBUG[0m [2methereum_transaction_pool_monitor::mempool_monitor[0m[2m:[0m 🔍 Fetching transaction details for: 0xd5152aa3416cdc3b7c81ddee6337a02f0ebbf6d37e1066f16ef04ab061b30794
[2m2025-12-10T10:10:59.918482Z[0m [34mDEBUG[0m [2methereum_transaction_pool_monitor::eth_client[0m[2m:[0m 🔍 Fetching transaction details for hash: 0xd5152aa3416cdc3b7c81ddee6337a02f0ebbf6d37e1066f16ef04ab061b30794
[2m2025-12-10T10:10:59.918487Z[0m [34mDEBUG[0m [2mhyper::client::pool[0m[2m:[0m reuse idle connection for ("http", 192.168.0.14:8545)
[2m2025-12-10T10:10:59.918505Z[0m [34mDEBUG[0m [2mhyper::proto::h1::io[0m[2m:[0m flushed 250 bytes
[2m2025-12-10T10:10:59.923411Z[0m [34mDEBUG[0m [2mhyper::proto::h1::io[0m[2m:[0m parsed 4 headers
[2m2025-12-10T10:10:59.923431Z[0m [34mDEBUG[0m [2mhyper::proto::h1::conn[0m[2m:[0m incoming body is content-length (1282 bytes)
[2m2025-12-10T10:10:59.923450Z[0m [34mDEBUG[0m [2mhyper::proto::h1::conn[0m[2m:[0m incoming body completed
[2m2025-12-10T10:10:59.923469Z[0m [34mDEBUG[0m [2mhyper::client::pool[0m[2m:[0m pooling idle connection for ("http", 192.168.0.14:8545)
[2m2025-12-10T10:10:59.923473Z[0m [34mDEBUG[0m [2methereum_transaction_pool_monitor::eth_client[0m[2m:[0m 📡 Transaction fetch RPC completed in 4.988084ms
[2m2025-12-10T10:10:59.995266Z[0m [34mDEBUG[0m [2methereum_transaction_pool_monitor::eth_client[0m[2m:[0m ✅ Transaction 0xd5152aa3416cdc3b7c81ddee6337a02f0ebbf6d37e1066f16ef04ab061b30794 fetched and parsed in 76.777459ms
[2m2025-12-10T10:10:59.995294Z[0m [34mDEBUG[0m [2methereum_transaction_pool_monitor::mempool_monitor[0m[2m:[0m 🔍 Skipping tx 0xd5152aa3416cdc3b7c81ddee6337a02f0ebbf6d37e1066f16ef04ab061b30794 - not a DEX interaction (target: 0xF6801D319497789f934ec7F83E142a9536312B08)
[2m2025-12-10T10:10:59.995307Z[0m [34mDEBUG[0m [2methereum_transaction_pool_monitor::mempool_monitor[0m[2m:[0m 📨 Processing new pending transaction: 0x2488f368fc6cdfe422d94a01a6f6785845d171c546390506012292301587cd90
[2m2025-12-10T10:10:59.995318Z[0m [34mDEBUG[0m [2methereum_transaction_pool_monitor::mempool_monitor[0m[2m:[0m 🔍 Fetching transaction details for: 0x2488f368fc6cdfe422d94a01a6f6785845d171c546390506012292301587cd90
[2m2025-12-10T10:10:59.995328Z[0m [34mDEBUG[0m [2methereum_transaction_pool_monitor::eth_client[0m[2m:[0m 🔍 Fetching transaction details for hash: 0x2488f368fc6cdfe422d94a01a6f6785845d171c546390506012292301587cd90
[2m2025-12-10T10:10:59.995349Z[0m [34mDEBUG[0m [2mhyper::client::pool[0m[2m:[0m reuse idle connection for ("http", 192.168.0.14:8545)
[2m2025-12-10T10:10:59.995386Z[0m [34mDEBUG[0m [2mhyper::proto::h1::io[0m[2m:[0m flushed 250 bytes
[2m2025-12-10T10:10:59.997947Z[0m [34mDEBUG[0m [2mhyper::client::pool[0m[2m:[0m reuse idle connection for ("http", 192.168.0.14:8545)
[2m2025-12-10T10:10:59.998101Z[0m [34mDEBUG[0m [2mhyper::proto::h1::io[0m[2m:[0m flushed 172 bytes
[2m2025-12-10T10:11:00.002069Z[0m [34mDEBUG[0m [2mhyper::proto::h1::io[0m[2m:[0m parsed 4 headers
[2m2025-12-10T10:11:00.002078Z[0m [34mDEBUG[0m [2mhyper::proto::h1::conn[0m[2m:[0m incoming body is content-length (830 bytes)
[2m2025-12-10T10:11:00.002102Z[0m [34mDEBUG[0m [2mhyper::proto::h1::conn[0m[2m:[0m incoming body completed
[2m2025-12-10T10:11:00.002113Z[0m [34mDEBUG[0m [2mhyper::client::pool[0m[2m:[0m pooling idle connection for ("http", 192.168.0.14:8545)
[2m2025-12-10T10:11:00.002120Z[0m [34mDEBUG[0m [2methereum_transaction_pool_monitor::eth_client[0m[2m:[0m 📡 Transaction fetch RPC completed in 6.782916ms
[2m2025-12-10T10:11:00.073484Z[0m [34mDEBUG[0m [2methereum_transaction_pool_monitor::eth_client[0m[2m:[0m ✅ Transaction 0x2488f368fc6cdfe422d94a01a6f6785845d171c546390506012292301587cd90 fetched and parsed in 78.145208ms
[2m2025-12-10T10:11:00.076856Z[0m [34mDEBUG[0m [2methereum_transaction_pool_monitor::mempool_monitor[0m[2m:[0m 🔍 Skipping tx 0x2488f368fc6cdfe422d94a01a6f6785845d171c546390506012292301587cd90 - not a DEX interaction (target: 0x3B4D794a66304F130a4Db8F2551B0070dfCf5ca7)
[2m2025-12-10T10:11:00.076870Z[0m [34mDEBUG[0m [2methereum_transaction_pool_monitor::mempool_monitor[0m[2m:[0m 📨 Processing new pending transaction: 0xf2c0241faec20293a651cdc239442b54386bc32039547470432ce2771a8d2b78
[2m2025-12-10T10:11:00.076880Z[0m [34mDEBUG[0m [2methereum_transaction_pool_monitor::mempool_monitor[0m[2m:[0m 🔍 Fetching transaction details for: 0xf2c0241faec20293a651cdc239442b54386bc32039547470432ce2771a8d2b78
[2m2025-12-10T10:11:00.076888Z[0m [34mDEBUG[0m [2methereum_transaction_pool_monitor::eth_client[0m[2m:[0m 🔍 Fetching transaction details for hash: 0xf2c0241faec20293a651cdc239442b54386bc32039547470432ce2771a8d2b78
[2m2025-12-10T10:11:00.076909Z[0m [34mDEBUG[0m [2mhyper::client::pool[0m[2m:[0m reuse idle connection for ("http", 192.168.0.14:8545)
[2m2025-12-10T10:11:00.076960Z[0m [34mDEBUG[0m [2mhyper::proto::h1::io[0m[2m:[0m flushed 250 bytes
[2m2025-12-10T10:11:00.076980Z[0m [34mDEBUG[0m [2mhyper::proto::h1::io[0m[2m:[0m parsed 4 headers
[2m2025-12-10T10:11:00.076984Z[0m [34mDEBUG[0m [2mhyper::proto::h1::conn[0m[2m:[0m incoming body is content-length (45 bytes)
[2m2025-12-10T10:11:00.076994Z[0m [34mDEBUG[0m [2mhyper::proto::h1::conn[0m[2m:[0m incoming body completed
[2m2025-12-10T10:11:00.077001Z[0m [34mDEBUG[0m [2mhyper::client::pool[0m[2m:[0m pooling idle connection for ("http", 192.168.0.14:8545)
[2m2025-12-10T10:11:00.085782Z[0m [34mDEBUG[0m [2mhyper::proto::h1::io[0m[2m:[0m parsed 4 headers
[2m2025-12-10T10:11:00.085788Z[0m [34mDEBUG[0m [2mhyper::proto::h1::conn[0m[2m:[0m incoming body is content-length (830 bytes)
[2m2025-12-10T10:11:00.085792Z[0m [34mDEBUG[0m [2mhyper::proto::h1::conn[0m[2m:[0m incoming body completed
[2m2025-12-10T10:11:00.085797Z[0m [34mDEBUG[0m [2mhyper::client::pool[0m[2m:[0m pooling idle connection for ("http", 192.168.0.14:8545)
[2m2025-12-10T10:11:00.085802Z[0m [34mDEBUG[0m [2methereum_transaction_pool_monitor::eth_client[0m[2m:[0m 📡 Transaction fetch RPC completed in 8.9075ms
[2m2025-12-10T10:11:00.156723Z[0m [34mDEBUG[0m [2methereum_transaction_pool_monitor::eth_client[0m[2m:[0m ✅ Transaction 0xf2c0241faec20293a651cdc239442b54386bc32039547470432ce2771a8d2b78 fetched and parsed in 79.826625ms
[2m2025-12-10T10:11:00.156747Z[0m [34mDEBUG[0m [2methereum_transaction_pool_monitor::mempool_monitor[0m[2m:[0m 🔍 Skipping tx 0xf2c0241faec20293a651cdc239442b54386bc32039547470432ce2771a8d2b78 - not a DEX interaction (target: 0x3B4D794a66304F130a4Db8F2551B0070dfCf5ca7)
[2m2025-12-10T10:11:00.156757Z[0m [34mDEBUG[0m [2methereum_transaction_pool_monitor::mempool_monitor[0m[2m:[0m 📨 Processing new pending transaction: 0x17bfae7b627a1893597e1aab43c72ca68d8f8e1e608f3edf704cc299a7405443
[2m2025-12-10T10:11:00.156765Z[0m [34mDEBUG[0m [2methereum_transaction_pool_monitor::mempool_monitor[0m[2m:[0m 🔍 Fetching transaction details for: 0x17bfae7b627a1893597e1aab43c72ca68d8f8e1e608f3edf704cc299a7405443
[2m2025-12-10T10:11:00.156772Z[0m [34mDEBUG[0m [2methereum_transaction_pool_monitor::eth_client[0m[2m:[0m 🔍 Fetching transaction details for hash: 0x17bfae7b627a1893597e1aab43c72ca68d8f8e1e608f3edf704cc299a7405443
[2m2025-12-10T10:11:00.156788Z[0m [34mDEBUG[0m [2mhyper::client::pool[0m[2m:[0m reuse idle connection for ("http", 192.168.0.14:8545)
[2m2025-12-10T10:11:00.156824Z[0m [34mDEBUG[0m [2mhyper::proto::h1::io[0m[2m:[0m flushed 250 bytes
[2m2025-12-10T10:11:00.156843Z[0m [34mDEBUG[0m [2mhyper::client::pool[0m[2m:[0m reuse idle connection for ("http", 192.168.0.14:8545)
[2m2025-12-10T10:11:00.156855Z[0m [34mDEBUG[0m [2methereum_transaction_pool_monitor::eth_client[0m[2m:[0m 📨 Received WebSocket message: {"jsonrpc":"2.0","method":"eth_subscription","params":{"subscription":"0xbed0a0851463e895960a451075a301a9","result":"0x38a5f7eeeb8f402da5a78c3f267a49d20429d844b6b55ba1f5c9203cb4322b42"}}
[2m2025-12-10T10:11:00.156857Z[0m [34mDEBUG[0m [2mhyper::proto::h1::io[0m[2m:[0m flushed 172 bytes
[2m2025-12-10T10:11:00.156870Z[0m [34mDEBUG[0m [2methereum_transaction_pool_monitor::eth_client[0m[2m:[0m 📨 Received pending transaction: 0x38a5f7eeeb8f402da5a78c3f267a49d20429d844b6b55ba1f5c9203cb4322b42
[2m2025-12-10T10:11:00.161317Z[0m [34mDEBUG[0m [2mhyper::proto::h1::io[0m[2m:[0m parsed 4 headers
[2m2025-12-10T10:11:00.161322Z[0m [34mDEBUG[0m [2mhyper::proto::h1::conn[0m[2m:[0m incoming body is content-length (45 bytes)
[2m2025-12-10T10:11:00.161330Z[0m [34mDEBUG[0m [2mhyper::proto::h1::conn[0m[2m:[0m incoming body completed
[2m2025-12-10T10:11:00.161342Z[0m [34mDEBUG[0m [2mhyper::client::pool[0m[2m:[0m pooling idle connection for ("http", 192.168.0.14:8545)
[2m2025-12-10T10:11:00.161359Z[0m [34mDEBUG[0m [2mhyper::proto::h1::io[0m[2m:[0m parsed 4 headers
[2m2025-12-10T10:11:00.161364Z[0m [34mDEBUG[0m [2mhyper::proto::h1::conn[0m[2m:[0m incoming body is content-length (770 bytes)
[2m2025-12-10T10:11:00.161372Z[0m [34mDEBUG[0m [2mhyper::proto::h1::conn[0m[2m:[0m incoming body completed
[2m2025-12-10T10:11:00.161378Z[0m [34mDEBUG[0m [2mhyper::client::pool[0m[2m:[0m pooling idle connection for ("http", 192.168.0.14:8545)
[2m2025-12-10T10:11:00.161385Z[0m [34mDEBUG[0m [2methereum_transaction_pool_monitor::eth_client[0m[2m:[0m 📡 Transaction fetch RPC completed in 4.608958ms
[2m2025-12-10T10:11:00.161398Z[0m [34mDEBUG[0m [2methereum_transaction_pool_monitor::eth_client[0m[2m:[0m DeFi transaction detected - Address: 0xdac17f958d2ee523a2206206994597c13d831ec7, Type: Stablecoin, Value: 0 ETH, Gas: 2.18 Gwei
[2m2025-12-10T10:11:00.161411Z[0m [34mDEBUG[0m [2methereum_transaction_pool_monitor::eth_client[0m[2m:[0m ✅ Transaction 0x17bfae7b627a1893597e1aab43c72ca68d8f8e1e608f3edf704cc299a7405443 fetched and parsed in 4.6355ms
[2m2025-12-10T10:11:00.161418Z[0m [34mDEBUG[0m [2methereum_transaction_pool_monitor::mempool_monitor[0m[2m:[0m 🔍 Skipping tx 0x17bfae7b627a1893597e1aab43c72ca68d8f8e1e608f3edf704cc299a7405443 - not a DEX interaction (target: 0xdAC17F958D2ee523a2206206994597C13D831ec7)
[2m2025-12-10T10:11:00.161425Z[0m [34mDEBUG[0m [2methereum_transaction_pool_monitor::mempool_monitor[0m[2m:[0m 📨 Processing new pending transaction: 0xf3aeb5ae6f20d05ce323d52c4687ebcfb9b5be183963de86ab32bd9564ac1c63
[2m2025-12-10T10:11:00.161430Z[0m [34mDEBUG[0m [2methereum_transaction_pool_monitor::mempool_monitor[0m[2m:[0m 🔍 Fetching transaction details for: 0xf3aeb5ae6f20d05ce323d52c4687ebcfb9b5be183963de86ab32bd9564ac1c63
[2m2025-12-10T10:11:00.161435Z[0m [34mDEBUG[0m [2methereum_transaction_pool_monitor::eth_client[0m[2m:[0m 🔍 Fetching transaction details for hash: 0xf3aeb5ae6f20d05ce323d52c4687ebcfb9b5be183963de86ab32bd9564ac1c63
[2m2025-12-10T10:11:00.161443Z[0m [34mDEBUG[0m [2mhyper::client::pool[0m[2m:[0m reuse idle connection for ("http", 192.168.0.14:8545)
[2m2025-12-10T10:11:00.161453Z[0m [34mDEBUG[0m [2mhyper::proto::h1::io[0m[2m:[0m flushed 250 bytes
[2m2025-12-10T10:11:00.168267Z[0m [34mDEBUG[0m [2mhyper::proto::h1::io[0m[2m:[0m parsed 4 headers
[2m2025-12-10T10:11:00.168273Z[0m [34mDEBUG[0m [2mhyper::proto::h1::conn[0m[2m:[0m incoming body is content-length (776 bytes)
[2m2025-12-10T10:11:00.168277Z[0m [34mDEBUG[0m [2mhyper::proto::h1::conn[0m[2m:[0m incoming body completed
[2m2025-12-10T10:11:00.168282Z[0m [34mDEBUG[0m [2mhyper::client::pool[0m[2m:[0m pooling idle connection for ("http", 192.168.0.14:8545)
[2m2025-12-10T10:11:00.168286Z[0m [34mDEBUG[0m [2methereum_transaction_pool_monitor::eth_client[0m[2m:[0m 📡 Transaction fetch RPC completed in 6.846541ms
[2m2025-12-10T10:11:00.238780Z[0m [34mDEBUG[0m [2methereum_transaction_pool_monitor::eth_client[0m[2m:[0m ✅ Transaction 0xf3aeb5ae6f20d05ce323d52c4687ebcfb9b5be183963de86ab32bd9564ac1c63 fetched and parsed in 77.338458ms
[2m2025-12-10T10:11:00.238808Z[0m [34mDEBUG[0m [2methereum_transaction_pool_monitor::mempool_monitor[0m[2m:[0m 🔍 Skipping tx 0xf3aeb5ae6f20d05ce323d52c4687ebcfb9b5be183963de86ab32bd9564ac1c63 - not a DEX interaction (target: 0xA0b86991c6218b36c1d19D4a2e9Eb0cE3606eB48)
[2m2025-12-10T10:11:00.238818Z[0m [34mDEBUG[0m [2methereum_transaction_pool_monitor::mempool_monitor[0m[2m:[0m 📨 Processing new pending transaction: 0x985a67b2ddc0b495e52cd08dc36701bdcc3b39329225cb5b9cbedf5cdebbb1e7
[2m2025-12-10T10:11:00.238827Z[0m [34mDEBUG[0m [2methereum_transaction_pool_monitor::mempool_monitor[0m[2m:[0m 🔍 Fetching transaction details for: 0x985a67b2ddc0b495e52cd08dc36701bdcc3b39329225cb5b9cbedf5cdebbb1e7
[2m2025-12-10T10:11:00.238834Z[0m [34mDEBUG[0m [2methereum_transaction_pool_monitor::eth_client[0m[2m:[0m 🔍 Fetching transaction details for hash: 0x985a67b2ddc0b495e52cd08dc36701bdcc3b39329225cb5b9cbedf5cdebbb1e7
[2m2025-12-10T10:11:00.238853Z[0m [34mDEBUG[0m [2mhyper::client::pool[0m[2m:[0m reuse idle connection for ("http", 192.168.0.14:8545)
[2m2025-12-10T10:11:00.238898Z[0m [34mDEBUG[0m [2mhyper::proto::h1::io[0m[2m:[0m flushed 250 bytes
[2m2025-12-10T10:11:00.238926Z[0m [34mDEBUG[0m [2mhyper::client::pool[0m[2m:[0m reuse idle connection for ("http", 192.168.0.14:8545)
[2m2025-12-10T10:11:00.238944Z[0m [34mDEBUG[0m [2mhyper::proto::h1::io[0m[2m:[0m flushed 172 bytes
[2m2025-12-10T10:11:00.245593Z[0m [34mDEBUG[0m [2mhyper::proto::h1::io[0m[2m:[0m parsed 4 headers
[2m2025-12-10T10:11:00.245609Z[0m [34mDEBUG[0m [2mhyper::proto::h1::io[0m[2m:[0m parsed 4 headers
[2m2025-12-10T10:11:00.245621Z[0m [34mDEBUG[0m [2mhyper::proto::h1::conn[0m[2m:[0m incoming body is content-length (1731 bytes)
[2m2025-12-10T10:11:00.245636Z[0m [34mDEBUG[0m [2mhyper::proto::h1::conn[0m[2m:[0m incoming body is content-length (45 bytes)
[2m2025-12-10T10:11:00.245662Z[0m [34mDEBUG[0m [2mhyper::proto::h1::conn[0m[2m:[0m incoming body completed
[2m2025-12-10T10:11:00.245662Z[0m [34mDEBUG[0m [2mhyper::proto::h1::conn[0m[2m:[0m incoming body completed
[2m2025-12-10T10:11:00.245674Z[0m [34mDEBUG[0m [2mhyper::client::pool[0m[2m:[0m pooling idle connection for ("http", 192.168.0.14:8545)
[2m2025-12-10T10:11:00.245683Z[0m [34mDEBUG[0m [2mhyper::client::pool[0m[2m:[0m pooling idle connection for ("http", 192.168.0.14:8545)
[2m2025-12-10T10:11:00.245686Z[0m [34mDEBUG[0m [2methereum_transaction_pool_monitor::eth_client[0m[2m:[0m 📡 Transaction fetch RPC completed in 6.847291ms
[2m2025-12-10T10:11:00.297277Z[0m [34mDEBUG[0m [2mhyper::client::pool[0m[2m:[0m reuse idle connection for ("http", 192.168.0.14:8545)
[2m2025-12-10T10:11:00.297337Z[0m [34mDEBUG[0m [2mhyper::proto::h1::io[0m[2m:[0m flushed 172 bytes
[2m2025-12-10T10:11:00.300237Z[0m [34mDEBUG[0m [2mhyper::proto::h1::io[0m[2m:[0m parsed 4 headers
[2m2025-12-10T10:11:00.300244Z[0m [34mDEBUG[0m [2mhyper::proto::h1::conn[0m[2m:[0m incoming body is content-length (45 bytes)
[2m2025-12-10T10:11:00.300251Z[0m [34mDEBUG[0m [2mhyper::proto::h1::conn[0m[2m:[0m incoming body completed
[2m2025-12-10T10:11:00.300259Z[0m [34mDEBUG[0m [2mhyper::client::pool[0m[2m:[0m pooling idle connection for ("http", 192.168.0.14:8545)
[2m2025-12-10T10:11:00.316980Z[0m [34mDEBUG[0m [2methereum_transaction_pool_monitor::eth_client[0m[2m:[0m ✅ Transaction 0x985a67b2ddc0b495e52cd08dc36701bdcc3b39329225cb5b9cbedf5cdebbb1e7 fetched and parsed in 78.1405ms
[2m2025-12-10T10:11:00.317001Z[0m [34mDEBUG[0m [2methereum_transaction_pool_monitor::mempool_monitor[0m[2m:[0m 🔍 Skipping tx 0x985a67b2ddc0b495e52cd08dc36701bdcc3b39329225cb5b9cbedf5cdebbb1e7 - not a DEX interaction (target: 0x601a2aD6CB5949f0529735254189Ba3194221EDF)
[2m2025-12-10T10:11:00.317011Z[0m [34mDEBUG[0m [2methereum_transaction_pool_monitor::mempool_monitor[0m[2m:[0m 📨 Processing new pending transaction: 0x1f8697ffd07467f0a6236d1738c9025792d90f94c9e4f0172b34065707aac3e4
[2m2025-12-10T10:11:00.317017Z[0m [34mDEBUG[0m [2methereum_transaction_pool_monitor::mempool_monitor[0m[2m:[0m 🔍 Fetching transaction details for: 0x1f8697ffd07467f0a6236d1738c9025792d90f94c9e4f0172b34065707aac3e4
[2m2025-12-10T10:11:00.317024Z[0m [34mDEBUG[0m [2methereum_transaction_pool_monitor::eth_client[0m[2m:[0m 🔍 Fetching transaction details for hash: 0x1f8697ffd07467f0a6236d1738c9025792d90f94c9e4f0172b34065707aac3e4
[2m2025-12-10T10:11:00.317038Z[0m [34mDEBUG[0m [2mhyper::client::pool[0m[2m:[0m reuse idle connection for ("http", 192.168.0.14:8545)
[2m2025-12-10T10:11:00.317076Z[0m [34mDEBUG[0m [2mhyper::proto::h1::io[0m[2m:[0m flushed 250 bytes
[2m2025-12-10T10:11:00.322838Z[0m [34mDEBUG[0m [2mhyper::proto::h1::io[0m[2m:[0m parsed 4 headers
[2m2025-12-10T10:11:00.322846Z[0m [34mDEBUG[0m [2mhyper::proto::h1::conn[0m[2m:[0m incoming body is content-length (761 bytes)
[2m2025-12-10T10:11:00.322852Z[0m [34mDEBUG[0m [2mhyper::proto::h1::conn[0m[2m:[0m incoming body completed
[2m2025-12-10T10:11:00.322858Z[0m [34mDEBUG[0m [2mhyper::client::pool[0m[2m:[0m pooling idle connection for ("http", 192.168.0.14:8545)
[2m2025-12-10T10:11:00.322864Z[0m [34mDEBUG[0m [2methereum_transaction_pool_monitor::eth_client[0m[2m:[0m 📡 Transaction fetch RPC completed in 5.834417ms
[2m2025-12-10T10:11:00.394151Z[0m [34mDEBUG[0m [2methereum_transaction_pool_monitor::eth_client[0m[2m:[0m ✅ Transaction 0x1f8697ffd07467f0a6236d1738c9025792d90f94c9e4f0172b34065707aac3e4 fetched and parsed in 77.119334ms
[2m2025-12-10T10:11:00.394176Z[0m [34mDEBUG[0m [2methereum_transaction_pool_monitor::mempool_monitor[0m[2m:[0m 🔍 Skipping tx 0x1f8697ffd07467f0a6236d1738c9025792d90f94c9e4f0172b34065707aac3e4 - not a DEX interaction (target: 0xA0b86991c6218b36c1d19D4a2e9Eb0cE3606eB48)
[2m2025-12-10T10:11:00.394186Z[0m [34mDEBUG[0m [2methereum_transaction_pool_monitor::mempool_monitor[0m[2m:[0m 📨 Processing new pending transaction: 0xce876799c6cb7fcff298373d0154d16ab2d834c30bffd90d8cce96f55c2ecbbf
[2m2025-12-10T10:11:00.394193Z[0m [34mDEBUG[0m [2methereum_transaction_pool_monitor::mempool_monitor[0m[2m:[0m 🔍 Fetching transaction details for: 0xce876799c6cb7fcff298373d0154d16ab2d834c30bffd90d8cce96f55c2ecbbf
[2m2025-12-10T10:11:00.394199Z[0m [34mDEBUG[0m [2methereum_transaction_pool_monitor::eth_client[0m[2m:[0m 🔍 Fetching transaction details for hash: 0xce876799c6cb7fcff298373d0154d16ab2d834c30bffd90d8cce96f55c2ecbbf
[2m2025-12-10T10:11:00.394218Z[0m [34mDEBUG[0m [2mhyper::client::pool[0m[2m:[0m reuse idle connection for ("http", 192.168.0.14:8545)
[2m2025-12-10T10:11:00.394247Z[0m [34mDEBUG[0m [2mhyper::proto::h1::io[0m[2m:[0m flushed 250 bytes
[2m2025-12-10T10:11:00.394269Z[0m [34mDEBUG[0m [2methereum_transaction_pool_monitor::eth_client[0m[2m:[0m 📨 Received WebSocket message: {"jsonrpc":"2.0","method":"eth_subscription","params":{"subscription":"0xbed0a0851463e895960a451075a301a9","result":"0x46d7a35b2eb9926b42d31d290d9da9619ee13d85b77d98536dc33a1fbbc0b9cd"}}
[2m2025-12-10T10:11:00.394494Z[0m [34mDEBUG[0m [2methereum_transaction_pool_monitor::eth_client[0m[2m:[0m 📨 Received pending transaction: 0x46d7a35b2eb9926b42d31d290d9da9619ee13d85b77d98536dc33a1fbbc0b9cd
[2m2025-12-10T10:11:00.394505Z[0m [32m INFO[0m [2methereum_transaction_pool_monitor::eth_client[0m[2m:[0m 📊 WebSocket stats - Total: 2484 transactions, Rate: 13.6 tx/s
[2m2025-12-10T10:11:00.394514Z[0m [34mDEBUG[0m [2methereum_transaction_pool_monitor::eth_client[0m[2m:[0m 📨 Received WebSocket message: {"jsonrpc":"2.0","method":"eth_subscription","params":{"subscription":"0xbed0a0851463e895960a451075a301a9","result":"0x4059480e6afb804a92865577e4a7b63acf8e99432be56ea0e7bfcce206fd0238"}}
[2m2025-12-10T10:11:00.394520Z[0m [34mDEBUG[0m [2methereum_transaction_pool_monitor::eth_client[0m[2m:[0m 📨 Received pending transaction: 0x4059480e6afb804a92865577e4a7b63acf8e99432be56ea0e7bfcce206fd0238
[2m2025-12-10T10:11:00.397870Z[0m [34mDEBUG[0m [2mhyper::client::pool[0m[2m:[0m reuse idle connection for ("http", 192.168.0.14:8545)
[2m2025-12-10T10:11:00.397925Z[0m [34mDEBUG[0m [2mhyper::proto::h1::io[0m[2m:[0m flushed 172 bytes
[2m2025-12-10T10:11:00.399173Z[0m [34mDEBUG[0m [2mhyper::proto::h1::io[0m[2m:[0m parsed 4 headers
[2m2025-12-10T10:11:00.399179Z[0m [34mDEBUG[0m [2mhyper::proto::h1::conn[0m[2m:[0m incoming body is content-length (772 bytes)
[2m2025-12-10T10:11:00.399188Z[0m [34mDEBUG[0m [2mhyper::proto::h1::conn[0m[2m:[0m incoming body completed
[2m2025-12-10T10:11:00.399200Z[0m [34mDEBUG[0m [2mhyper::client::pool[0m[2m:[0m pooling idle connection for ("http", 192.168.0.14:8545)
[2m2025-12-10T10:11:00.399210Z[0m [34mDEBUG[0m [2methereum_transaction_pool_monitor::eth_client[0m[2m:[0m 📡 Transaction fetch RPC completed in 5.004584ms
[2m2025-12-10T10:11:00.399231Z[0m [34mDEBUG[0m [2methereum_transaction_pool_monitor::eth_client[0m[2m:[0m DeFi transaction detected - Address: 0xdac17f958d2ee523a2206206994597c13d831ec7, Type: Stablecoin, Value: 0 ETH, Gas: 1.74 Gwei
[2m2025-12-10T10:11:00.399252Z[0m [34mDEBUG[0m [2methereum_transaction_pool_monitor::eth_client[0m[2m:[0m ✅ Transaction 0xce876799c6cb7fcff298373d0154d16ab2d834c30bffd90d8cce96f55c2ecbbf fetched and parsed in 5.047334ms
[2m2025-12-10T10:11:00.399259Z[0m [34mDEBUG[0m [2methereum_transaction_pool_monitor::mempool_monitor[0m[2m:[0m 🔍 Skipping tx 0xce876799c6cb7fcff298373d0154d16ab2d834c30bffd90d8cce96f55c2ecbbf - not a DEX interaction (target: 0xdAC17F958D2ee523a2206206994597C13D831ec7)
[2m2025-12-10T10:11:00.399268Z[0m [34mDEBUG[0m [2methereum_transaction_pool_monitor::mempool_monitor[0m[2m:[0m 📨 Processing new pending transaction: 0x38a5f7eeeb8f402da5a78c3f267a49d20429d844b6b55ba1f5c9203cb4322b42
[2m2025-12-10T10:11:00.399274Z[0m [34mDEBUG[0m [2methereum_transaction_pool_monitor::mempool_monitor[0m[2m:[0m 🔍 Fetching transaction details for: 0x38a5f7eeeb8f402da5a78c3f267a49d20429d844b6b55ba1f5c9203cb4322b42
[2m2025-12-10T10:11:00.399280Z[0m [34mDEBUG[0m [2methereum_transaction_pool_monitor::eth_client[0m[2m:[0m 🔍 Fetching transaction details for hash: 0x38a5f7eeeb8f402da5a78c3f267a49d20429d844b6b55ba1f5c9203cb4322b42
[2m2025-12-10T10:11:00.399291Z[0m [34mDEBUG[0m [2mhyper::client::pool[0m[2m:[0m reuse idle connection for ("http", 192.168.0.14:8545)
[2m2025-12-10T10:11:00.399310Z[0m [34mDEBUG[0m [2mhyper::proto::h1::io[0m[2m:[0m flushed 250 bytes
[2m2025-12-10T10:11:00.400492Z[0m [34mDEBUG[0m [2mhyper::proto::h1::io[0m[2m:[0m parsed 4 headers
[2m2025-12-10T10:11:00.400512Z[0m [34mDEBUG[0m [2mhyper::proto::h1::conn[0m[2m:[0m incoming body is content-length (45 bytes)
[2m2025-12-10T10:11:00.400531Z[0m [34mDEBUG[0m [2mhyper::proto::h1::conn[0m[2m:[0m incoming body completed
[2m2025-12-10T10:11:00.400545Z[0m [34mDEBUG[0m [2mhyper::client::pool[0m[2m:[0m pooling idle connection for ("http", 192.168.0.14:8545)
[2m2025-12-10T10:11:00.404600Z[0m [34mDEBUG[0m [2mhyper::proto::h1::io[0m[2m:[0m parsed 4 headers
[2m2025-12-10T10:11:00.404606Z[0m [34mDEBUG[0m [2mhyper::proto::h1::conn[0m[2m:[0m incoming body is content-length (773 bytes)
[2m2025-12-10T10:11:00.404610Z[0m [34mDEBUG[0m [2mhyper::proto::h1::conn[0m[2m:[0m incoming body completed
[2m2025-12-10T10:11:00.404614Z[0m [34mDEBUG[0m [2mhyper::client::pool[0m[2m:[0m pooling idle connection for ("http", 192.168.0.14:8545)
[2m2025-12-10T10:11:00.404619Z[0m [34mDEBUG[0m [2methereum_transaction_pool_monitor::eth_client[0m[2m:[0m 📡 Transaction fetch RPC completed in 5.33275ms
[2m2025-12-10T10:11:00.404629Z[0m [34mDEBUG[0m [2methereum_transaction_pool_monitor::eth_client[0m[2m:[0m DeFi transaction detected - Address: 0xdac17f958d2ee523a2206206994597c13d831ec7, Type: Stablecoin, Value: 0 ETH, Gas: 0.90 Gwei
[2m2025-12-10T10:11:00.404639Z[0m [34mDEBUG[0m [2methereum_transaction_pool_monitor::eth_client[0m[2m:[0m ✅ Transaction 0x38a5f7eeeb8f402da5a78c3f267a49d20429d844b6b55ba1f5c9203cb4322b42 fetched and parsed in 5.352917ms
[2m2025-12-10T10:11:00.404644Z[0m [34mDEBUG[0m [2methereum_transaction_pool_monitor::mempool_monitor[0m[2m:[0m 🔍 Skipping tx 0x38a5f7eeeb8f402da5a78c3f267a49d20429d844b6b55ba1f5c9203cb4322b42 - not a DEX interaction (target: 0xdAC17F958D2ee523a2206206994597C13D831ec7)
[2m2025-12-10T10:11:00.404649Z[0m [34mDEBUG[0m [2methereum_transaction_pool_monitor::mempool_monitor[0m[2m:[0m 📨 Processing new pending transaction: 0x46d7a35b2eb9926b42d31d290d9da9619ee13d85b77d98536dc33a1fbbc0b9cd
[2m2025-12-10T10:11:00.404653Z[0m [34mDEBUG[0m [2methereum_transaction_pool_monitor::mempool_monitor[0m[2m:[0m 🔍 Fetching transaction details for: 0x46d7a35b2eb9926b42d31d290d9da9619ee13d85b77d98536dc33a1fbbc0b9cd
[2m2025-12-10T10:11:00.404657Z[0m [34mDEBUG[0m [2methereum_transaction_pool_monitor::eth_client[0m[2m:[0m 🔍 Fetching transaction details for hash: 0x46d7a35b2eb9926b42d31d290d9da9619ee13d85b77d98536dc33a1fbbc0b9cd
[2m2025-12-10T10:11:00.404663Z[0m [34mDEBUG[0m [2mhyper::client::pool[0m[2m:[0m reuse idle connection for ("http", 192.168.0.14:8545)
[2m2025-12-10T10:11:00.404677Z[0m [34mDEBUG[0m [2mhyper::proto::h1::io[0m[2m:[0m flushed 250 bytes
[2m2025-12-10T10:11:00.408392Z[0m [34mDEBUG[0m [2mhyper::proto::h1::io[0m[2m:[0m parsed 4 headers
[2m2025-12-10T10:11:00.408398Z[0m [34mDEBUG[0m [2mhyper::proto::h1::conn[0m[2m:[0m incoming body is content-length (770 bytes)
[2m2025-12-10T10:11:00.408403Z[0m [34mDEBUG[0m [2mhyper::proto::h1::conn[0m[2m:[0m incoming body completed
[2m2025-12-10T10:11:00.408408Z[0m [34mDEBUG[0m [2mhyper::client::pool[0m[2m:[0m pooling idle connection for ("http", 192.168.0.14:8545)
[2m2025-12-10T10:11:00.408413Z[0m [34mDEBUG[0m [2methereum_transaction_pool_monitor::eth_client[0m[2m:[0m 📡 Transaction fetch RPC completed in 3.752583ms
[2m2025-12-10T10:11:00.478604Z[0m [34mDEBUG[0m [2methereum_transaction_pool_monitor::eth_client[0m[2m:[0m ✅ Transaction 0x46d7a35b2eb9926b42d31d290d9da9619ee13d85b77d98536dc33a1fbbc0b9cd fetched and parsed in 73.940875ms
[2m2025-12-10T10:11:00.478629Z[0m [34mDEBUG[0m [2methereum_transaction_pool_monitor::mempool_monitor[0m[2m:[0m 🔍 Skipping tx 0x46d7a35b2eb9926b42d31d290d9da9619ee13d85b77d98536dc33a1fbbc0b9cd - not a DEX interaction (target: 0xB8f28C60dD8240141185a192fa4156A23E189305)
[2m2025-12-10T10:11:00.478639Z[0m [34mDEBUG[0m [2methereum_transaction_pool_monitor::mempool_monitor[0m[2m:[0m 📨 Processing new pending transaction: 0x4059480e6afb804a92865577e4a7b63acf8e99432be56ea0e7bfcce206fd0238
[2m2025-12-10T10:11:00.478646Z[0m [34mDEBUG[0m [2methereum_transaction_pool_monitor::mempool_monitor[0m[2m:[0m 🔍 Fetching transaction details for: 0x4059480e6afb804a92865577e4a7b63acf8e99432be56ea0e7bfcce206fd0238
[2m2025-12-10T10:11:00.478652Z[0m [34mDEBUG[0m [2methereum_transaction_pool_monitor::eth_client[0m[2m:[0m 🔍 Fetching transaction details for hash: 0x4059480e6afb804a92865577e4a7b63acf8e99432be56ea0e7bfcce206fd0238
[2m2025-12-10T10:11:00.478671Z[0m [34mDEBUG[0m [2mhyper::client::pool[0m[2m:[0m reuse idle connection for ("http", 192.168.0.14:8545)
[2m2025-12-10T10:11:00.478709Z[0m [34mDEBUG[0m [2mhyper::proto::h1::io[0m[2m:[0m flushed 250 bytes
[2m2025-12-10T10:11:00.484258Z[0m [34mDEBUG[0m [2mhyper::proto::h1::io[0m[2m:[0m parsed 4 headers
[2m2025-12-10T10:11:00.484281Z[0m [34mDEBUG[0m [2mhyper::proto::h1::conn[0m[2m:[0m incoming body is content-length (775 bytes)
[2m2025-12-10T10:11:00.484316Z[0m [34mDEBUG[0m [2mhyper::proto::h1::conn[0m[2m:[0m incoming body completed
[2m2025-12-10T10:11:00.484325Z[0m [34mDEBUG[0m [2mhyper::client::pool[0m[2m:[0m pooling idle connection for ("http", 192.168.0.14:8545)
[2m2025-12-10T10:11:00.484331Z[0m [34mDEBUG[0m [2methereum_transaction_pool_monitor::eth_client[0m[2m:[0m 📡 Transaction fetch RPC completed in 5.674542ms
[2m2025-12-10T10:11:00.484345Z[0m [34mDEBUG[0m [2methereum_transaction_pool_monitor::eth_client[0m[2m:[0m DeFi transaction detected - Address: 0xdac17f958d2ee523a2206206994597c13d831ec7, Type: Stablecoin, Value: 0 ETH, Gas: 2.33 Gwei
[2m2025-12-10T10:11:00.484359Z[0m [34mDEBUG[0m [2methereum_transaction_pool_monitor::eth_client[0m[2m:[0m ✅ Transaction 0x4059480e6afb804a92865577e4a7b63acf8e99432be56ea0e7bfcce206fd0238 fetched and parsed in 5.702084ms
[2m2025-12-10T10:11:00.484364Z[0m [34mDEBUG[0m [2methereum_transaction_pool_monitor::mempool_monitor[0m[2m:[0m 🔍 Skipping tx 0x4059480e6afb804a92865577e4a7b63acf8e99432be56ea0e7bfcce206fd0238 - not a DEX interaction (target: 0xdAC17F958D2ee523a2206206994597C13D831ec7)
[2m2025-12-10T10:11:00.499414Z[0m [34mDEBUG[0m [2mhyper::client::pool[0m[2m:[0m reuse idle connection for ("http", 192.168.0.14:8545)
[2m2025-12-10T10:11:00.500907Z[0m [34mDEBUG[0m [2mhyper::proto::h1::io[0m[2m:[0m flushed 172 bytes
[2m2025-12-10T10:11:00.504830Z[0m [34mDEBUG[0m [2mhyper::proto::h1::io[0m[2m:[0m parsed 4 headers
[2m2025-12-10T10:11:00.504852Z[0m [34mDEBUG[0m [2mhyper::proto::h1::conn[0m[2m:[0m incoming body is content-length (45 bytes)
[2m2025-12-10T10:11:00.504873Z[0m [34mDEBUG[0m [2mhyper::proto::h1::conn[0m[2m:[0m incoming body completed
[2m2025-12-10T10:11:00.504895Z[0m [34mDEBUG[0m [2mhyper::client::pool[0m[2m:[0m pooling idle connection for ("http", 192.168.0.14:8545)
[2m2025-12-10T10:11:00.597451Z[0m [34mDEBUG[0m [2mhyper::client::pool[0m[2m:[0m reuse idle connection for ("http", 192.168.0.14:8545)
[2m2025-12-10T10:11:00.597501Z[0m [34mDEBUG[0m [2mhyper::proto::h1::io[0m[2m:[0m flushed 172 bytes
[2m2025-12-10T10:11:00.601492Z[0m [34mDEBUG[0m [2mhyper::proto::h1::io[0m[2m:[0m parsed 4 headers
[2m2025-12-10T10:11:00.601514Z[0m [34mDEBUG[0m [2mhyper::proto::h1::conn[0m[2m:[0m incoming body is content-length (45 bytes)
[2m2025-12-10T10:11:00.601533Z[0m [34mDEBUG[0m [2mhyper::proto::h1::conn[0m[2m:[0m incoming body completed
[2m2025-12-10T10:11:00.601543Z[0m [34mDEBUG[0m [2mhyper::client::pool[0m[2m:[0m pooling idle connection for ("http", 192.168.0.14:8545)
[2m2025-12-10T10:11:00.643725Z[0m [34mDEBUG[0m [2methereum_transaction_pool_monitor::eth_client[0m[2m:[0m 📨 Received WebSocket message: {"jsonrpc":"2.0","method":"eth_subscription","params":{"subscription":"0xbed0a0851463e895960a451075a301a9","result":"0x8b3ddd4a4ade4f8b2eef9f046181d25e249cdd0413d13294ca72b3a13848f0ae"}}
[2m2025-12-10T10:11:00.643744Z[0m [34mDEBUG[0m [2methereum_transaction_pool_monitor::eth_client[0m[2m:[0m 📨 Received pending transaction: 0x8b3ddd4a4ade4f8b2eef9f046181d25e249cdd0413d13294ca72b3a13848f0ae
[2m2025-12-10T10:11:00.643757Z[0m [34mDEBUG[0m [2methereum_transaction_pool_monitor::mempool_monitor[0m[2m:[0m 📨 Processing new pending transaction: 0x8b3ddd4a4ade4f8b2eef9f046181d25e249cdd0413d13294ca72b3a13848f0ae
[2m2025-12-10T10:11:00.643764Z[0m [34mDEBUG[0m [2methereum_transaction_pool_monitor::mempool_monitor[0m[2m:[0m 🔍 Fetching transaction details for: 0x8b3ddd4a4ade4f8b2eef9f046181d25e249cdd0413d13294ca72b3a13848f0ae
[2m2025-12-10T10:11:00.643776Z[0m [34mDEBUG[0m [2methereum_transaction_pool_monitor::eth_client[0m[2m:[0m 🔍 Fetching transaction details for hash: 0x8b3ddd4a4ade4f8b2eef9f046181d25e249cdd0413d13294ca72b3a13848f0ae
[2m2025-12-10T10:11:00.643790Z[0m [34mDEBUG[0m [2mhyper::client::pool[0m[2m:[0m reuse idle connection for ("http", 192.168.0.14:8545)
[2m2025-12-10T10:11:00.643811Z[0m [34mDEBUG[0m [2mhyper::proto::h1::io[0m[2m:[0m flushed 250 bytes
[2m2025-12-10T10:11:00.672954Z[0m [34mDEBUG[0m [2mhyper::proto::h1::io[0m[2m:[0m parsed 4 headers
[2m2025-12-10T10:11:00.672977Z[0m [34mDEBUG[0m [2mhyper::proto::h1::conn[0m[2m:[0m incoming body is content-length (1225 bytes)
[2m2025-12-10T10:11:00.672997Z[0m [34mDEBUG[0m [2mhyper::proto::h1::conn[0m[2m:[0m incoming body completed
[2m2025-12-10T10:11:00.673014Z[0m [34mDEBUG[0m [2mhyper::client::pool[0m[2m:[0m pooling idle connection for ("http", 192.168.0.14:8545)
[2m2025-12-10T10:11:00.673027Z[0m [34mDEBUG[0m [2methereum_transaction_pool_monitor::eth_client[0m[2m:[0m 📡 Transaction fetch RPC completed in 29.244208ms
[2m2025-12-10T10:11:00.762244Z[0m [34mDEBUG[0m [2methereum_transaction_pool_monitor::eth_client[0m[2m:[0m ✅ Transaction 0x8b3ddd4a4ade4f8b2eef9f046181d25e249cdd0413d13294ca72b3a13848f0ae fetched and parsed in 118.457958ms
[2m2025-12-10T10:11:00.762272Z[0m [34mDEBUG[0m [2methereum_transaction_pool_monitor::mempool_monitor[0m[2m:[0m 🔍 Skipping tx 0x8b3ddd4a4ade4f8b2eef9f046181d25e249cdd0413d13294ca72b3a13848f0ae - not a DEX interaction (target: 0xA9D1e08C7793af67e9d92fe308d5697FB81d3E43)
[2m2025-12-10T10:11:00.762308Z[0m [34mDEBUG[0m [2mhyper::client::pool[0m[2m:[0m reuse idle connection for ("http", 192.168.0.14:8545)
[2m2025-12-10T10:11:00.762331Z[0m [34mDEBUG[0m [2mhyper::proto::h1::io[0m[2m:[0m flushed 172 bytes
[2m2025-12-10T10:11:00.762386Z[0m [34mDEBUG[0m [2methereum_transaction_pool_monitor::eth_client[0m[2m:[0m 📨 Received WebSocket message: {"jsonrpc":"2.0","method":"eth_subscription","params":{"subscription":"0xbed0a0851463e895960a451075a301a9","result":"0x8e2d970a1fe6becee49e30f7e5b5fa142c1db3802cb2d18e35ce2b2a96b244b7"}}
[2m2025-12-10T10:11:00.762396Z[0m [34mDEBUG[0m [2methereum_transaction_pool_monitor::eth_client[0m[2m:[0m 📨 Received pending transaction: 0x8e2d970a1fe6becee49e30f7e5b5fa142c1db3802cb2d18e35ce2b2a96b244b7
[2m2025-12-10T10:11:00.762402Z[0m [34mDEBUG[0m [2methereum_transaction_pool_monitor::eth_client[0m[2m:[0m 📨 Received WebSocket message: {"jsonrpc":"2.0","method":"eth_subscription","params":{"subscription":"0xbed0a0851463e895960a451075a301a9","result":"0xf3d3370a16c319c0e2f78d00bf84bcba5e7a18519aa9b42e05fa9aa3950de54a"}}
[2m2025-12-10T10:11:00.762408Z[0m [34mDEBUG[0m [2methereum_transaction_pool_monitor::eth_client[0m[2m:[0m 📨 Received pending transaction: 0xf3d3370a16c319c0e2f78d00bf84bcba5e7a18519aa9b42e05fa9aa3950de54a
[2m2025-12-10T10:11:00.762413Z[0m [34mDEBUG[0m [2methereum_transaction_pool_monitor::mempool_monitor[0m[2m:[0m 📨 Processing new pending transaction: 0x8e2d970a1fe6becee49e30f7e5b5fa142c1db3802cb2d18e35ce2b2a96b244b7
[2m2025-12-10T10:11:00.762417Z[0m [34mDEBUG[0m [2methereum_transaction_pool_monitor::mempool_monitor[0m[2m:[0m 🔍 Fetching transaction details for: 0x8e2d970a1fe6becee49e30f7e5b5fa142c1db3802cb2d18e35ce2b2a96b244b7
[2m2025-12-10T10:11:00.762423Z[0m [34mDEBUG[0m [2methereum_transaction_pool_monitor::eth_client[0m[2m:[0m 🔍 Fetching transaction details for hash: 0x8e2d970a1fe6becee49e30f7e5b5fa142c1db3802cb2d18e35ce2b2a96b244b7
[2m2025-12-10T10:11:00.762431Z[0m [34mDEBUG[0m [2mhyper::client::pool[0m[2m:[0m reuse idle connection for ("http", 192.168.0.14:8545)
[2m2025-12-10T10:11:00.762678Z[0m [34mDEBUG[0m [2mhyper::proto::h1::io[0m[2m:[0m flushed 250 bytes
[2m2025-12-10T10:11:00.766175Z[0m [34mDEBUG[0m [2mhyper::proto::h1::io[0m[2m:[0m parsed 4 headers
[2m2025-12-10T10:11:00.766181Z[0m [34mDEBUG[0m [2mhyper::proto::h1::conn[0m[2m:[0m incoming body is content-length (45 bytes)
[2m2025-12-10T10:11:00.766187Z[0m [34mDEBUG[0m [2mhyper::proto::h1::conn[0m[2m:[0m incoming body completed
[2m2025-12-10T10:11:00.766194Z[0m [34mDEBUG[0m [2mhyper::client::pool[0m[2m:[0m pooling idle connection for ("http", 192.168.0.14:8545)
[2m2025-12-10T10:11:00.771833Z[0m [34mDEBUG[0m [2mhyper::proto::h1::io[0m[2m:[0m parsed 4 headers
[2m2025-12-10T10:11:00.771854Z[0m [34mDEBUG[0m [2mhyper::proto::h1::conn[0m[2m:[0m incoming body is content-length (658 bytes)
[2m2025-12-10T10:11:00.771873Z[0m [34mDEBUG[0m [2mhyper::proto::h1::conn[0m[2m:[0m incoming body completed
[2m2025-12-10T10:11:00.771892Z[0m [34mDEBUG[0m [2mhyper::client::pool[0m[2m:[0m pooling idle connection for ("http", 192.168.0.14:8545)
[2m2025-12-10T10:11:00.771897Z[0m [34mDEBUG[0m [2methereum_transaction_pool_monitor::eth_client[0m[2m:[0m 📡 Transaction fetch RPC completed in 9.470375ms
[2m2025-12-10T10:11:00.843845Z[0m [34mDEBUG[0m [2methereum_transaction_pool_monitor::eth_client[0m[2m:[0m ✅ Transaction 0x8e2d970a1fe6becee49e30f7e5b5fa142c1db3802cb2d18e35ce2b2a96b244b7 fetched and parsed in 81.415292ms
[2m2025-12-10T10:11:00.843870Z[0m [34mDEBUG[0m [2methereum_transaction_pool_monitor::mempool_monitor[0m[2m:[0m 🔍 Skipping tx 0x8e2d970a1fe6becee49e30f7e5b5fa142c1db3802cb2d18e35ce2b2a96b244b7 - not a DEX interaction (target: 0xc25d35024Dd497D3825115828994Bb08D12a3aa7)
[2m2025-12-10T10:11:00.843880Z[0m [34mDEBUG[0m [2methereum_transaction_pool_monitor::mempool_monitor[0m[2m:[0m 📨 Processing new pending transaction: 0xf3d3370a16c319c0e2f78d00bf84bcba5e7a18519aa9b42e05fa9aa3950de54a
[2m2025-12-10T10:11:00.843887Z[0m [34mDEBUG[0m [2methereum_transaction_pool_monitor::mempool_monitor[0m[2m:[0m 🔍 Fetching transaction details for: 0xf3d3370a16c319c0e2f78d00bf84bcba5e7a18519aa9b42e05fa9aa3950de54a
[2m2025-12-10T10:11:00.843895Z[0m [34mDEBUG[0m [2methereum_transaction_pool_monitor::eth_client[0m[2m:[0m 🔍 Fetching transaction details for hash: 0xf3d3370a16c319c0e2f78d00bf84bcba5e7a18519aa9b42e05fa9aa3950de54a
[2m2025-12-10T10:11:00.843913Z[0m [34mDEBUG[0m [2mhyper::client::pool[0m[2m:[0m reuse idle connection for ("http", 192.168.0.14:8545)
[2m2025-12-10T10:11:00.843953Z[0m [34mDEBUG[0m [2mhyper::proto::h1::io[0m[2m:[0m flushed 250 bytes
[2m2025-12-10T10:11:00.843974Z[0m [34mDEBUG[0m [2mhyper::client::pool[0m[2m:[0m reuse idle connection for ("http", 192.168.0.14:8545)
[2m2025-12-10T10:11:00.843984Z[0m [34mDEBUG[0m [2methereum_transaction_pool_monitor::eth_client[0m[2m:[0m 📨 Received WebSocket message: {"jsonrpc":"2.0","method":"eth_subscription","params":{"subscription":"0xbed0a0851463e895960a451075a301a9","result":"0xf87691a2061e795fb8ed9a3752c69fcd46ad0344c1bea4a09b66519ffc94a8a2"}}
[2m2025-12-10T10:11:00.843988Z[0m [34mDEBUG[0m [2mhyper::proto::h1::io[0m[2m:[0m flushed 172 bytes
[2m2025-12-10T10:11:00.843998Z[0m [34mDEBUG[0m [2methereum_transaction_pool_monitor::eth_client[0m[2m:[0m 📨 Received pending transaction: 0xf87691a2061e795fb8ed9a3752c69fcd46ad0344c1bea4a09b66519ffc94a8a2
[2m2025-12-10T10:11:00.853849Z[0m [34mDEBUG[0m [2mhyper::proto::h1::io[0m[2m:[0m parsed 4 headers
[2m2025-12-10T10:11:00.853871Z[0m [34mDEBUG[0m [2mhyper::proto::h1::conn[0m[2m:[0m incoming body is content-length (643 bytes)
[2m2025-12-10T10:11:00.853908Z[0m [34mDEBUG[0m [2mhyper::proto::h1::conn[0m[2m:[0m incoming body completed
[2m2025-12-10T10:11:00.853933Z[0m [34mDEBUG[0m [2mhyper::client::pool[0m[2m:[0m pooling idle connection for ("http", 192.168.0.14:8545)
[2m2025-12-10T10:11:00.853941Z[0m [34mDEBUG[0m [2methereum_transaction_pool_monitor::eth_client[0m[2m:[0m 📡 Transaction fetch RPC completed in 10.041167ms
[2m2025-12-10T10:11:00.925069Z[0m [34mDEBUG[0m [2methereum_transaction_pool_monitor::eth_client[0m[2m:[0m ✅ Transaction 0xf3d3370a16c319c0e2f78d00bf84bcba5e7a18519aa9b42e05fa9aa3950de54a fetched and parsed in 81.167417ms
[2m2025-12-10T10:11:00.925098Z[0m [34mDEBUG[0m [2methereum_transaction_pool_monitor::mempool_monitor[0m[2m:[0m 🔍 Skipping tx 0xf3d3370a16c319c0e2f78d00bf84bcba5e7a18519aa9b42e05fa9aa3950de54a - not a DEX interaction (target: 0x2023EaB71A25adbf1b3ab636E54eEfCEeAed3F75)
[2m2025-12-10T10:11:00.925109Z[0m [34mDEBUG[0m [2methereum_transaction_pool_monitor::mempool_monitor[0m[2m:[0m 📨 Processing new pending transaction: 0xf87691a2061e795fb8ed9a3752c69fcd46ad0344c1bea4a09b66519ffc94a8a2
[2m2025-12-10T10:11:00.925117Z[0m [34mDEBUG[0m [2methereum_transaction_pool_monitor::mempool_monitor[0m[2m:[0m 🔍 Fetching transaction details for: 0xf87691a2061e795fb8ed9a3752c69fcd46ad0344c1bea4a09b66519ffc94a8a2
[2m2025-12-10T10:11:00.925124Z[0m [34mDEBUG[0m [2methereum_transaction_pool_monitor::eth_client[0m[2m:[0m 🔍 Fetching transaction details for hash: 0xf87691a2061e795fb8ed9a3752c69fcd46ad0344c1bea4a09b66519ffc94a8a2
[2m2025-12-10T10:11:00.925140Z[0m [34mDEBUG[0m [2mhyper::client::pool[0m[2m:[0m reuse idle connection for ("http", 192.168.0.14:8545)
[2m2025-12-10T10:11:00.925186Z[0m [34mDEBUG[0m [2mhyper::proto::h1::io[0m[2m:[0m flushed 250 bytes
[2m2025-12-10T10:11:00.925210Z[0m [34mDEBUG[0m [2methereum_transaction_pool_monitor::eth_client[0m[2m:[0m 📨 Received WebSocket message: {"jsonrpc":"2.0","method":"eth_subscription","params":{"subscription":"0xbed0a0851463e895960a451075a301a9","result":"0x085787869588ba498cc4733b1efb6a2c572a49bfb2f1b7b19526f409c6b3bb78"}}
[2m2025-12-10T10:11:00.925224Z[0m [34mDEBUG[0m [2methereum_transaction_pool_monitor::eth_client[0m[2m:[0m 📨 Received pending transaction: 0x085787869588ba498cc4733b1efb6a2c572a49bfb2f1b7b19526f409c6b3bb78
[2m2025-12-10T10:11:00.925236Z[0m [34mDEBUG[0m [2mhyper::proto::h1::io[0m[2m:[0m parsed 4 headers
[2m2025-12-10T10:11:00.925246Z[0m [34mDEBUG[0m [2mhyper::proto::h1::conn[0m[2m:[0m incoming body is content-length (45 bytes)
[2m2025-12-10T10:11:00.925256Z[0m [34mDEBUG[0m [2mhyper::proto::h1::conn[0m[2m:[0m incoming body completed
[2m2025-12-10T10:11:00.925265Z[0m [34mDEBUG[0m [2mhyper::client::pool[0m[2m:[0m pooling idle connection for ("http", 192.168.0.14:8545)
[2m2025-12-10T10:11:00.925281Z[0m [34mDEBUG[0m [2mhyper::client::pool[0m[2m:[0m reuse idle connection for ("http", 192.168.0.14:8545)
[2m2025-12-10T10:11:00.925296Z[0m [34mDEBUG[0m [2mhyper::proto::h1::io[0m[2m:[0m flushed 172 bytes
[2m2025-12-10T10:11:00.929581Z[0m [34mDEBUG[0m [2mhyper::proto::h1::io[0m[2m:[0m parsed 4 headers
[2m2025-12-10T10:11:00.929587Z[0m [34mDEBUG[0m [2mhyper::proto::h1::conn[0m[2m:[0m incoming body is content-length (645 bytes)
[2m2025-12-10T10:11:00.929592Z[0m [34mDEBUG[0m [2mhyper::proto::h1::conn[0m[2m:[0m incoming body completed
[2m2025-12-10T10:11:00.929597Z[0m [34mDEBUG[0m [2mhyper::client::pool[0m[2m:[0m pooling idle connection for ("http", 192.168.0.14:8545)
[2m2025-12-10T10:11:00.929602Z[0m [34mDEBUG[0m [2methereum_transaction_pool_monitor::eth_client[0m[2m:[0m 📡 Transaction fetch RPC completed in 4.473916ms
[2m2025-12-10T10:11:00.999658Z[0m [34mDEBUG[0m [2methereum_transaction_pool_monitor::eth_client[0m[2m:[0m ✅ Transaction 0xf87691a2061e795fb8ed9a3752c69fcd46ad0344c1bea4a09b66519ffc94a8a2 fetched and parsed in 74.526916ms
[2m2025-12-10T10:11:00.999689Z[0m [34mDEBUG[0m [2methereum_transaction_pool_monitor::mempool_monitor[0m[2m:[0m 🔍 Skipping tx 0xf87691a2061e795fb8ed9a3752c69fcd46ad0344c1bea4a09b66519ffc94a8a2 - not a DEX interaction (target: 0xBD784C6548f0f409dDb417078Bc9F0c2E6daAcf2)
[2m2025-12-10T10:11:00.999700Z[0m [34mDEBUG[0m [2methereum_transaction_pool_monitor::mempool_monitor[0m[2m:[0m 📨 Processing new pending transaction: 0x085787869588ba498cc4733b1efb6a2c572a49bfb2f1b7b19526f409c6b3bb78
[2m2025-12-10T10:11:00.999715Z[0m [34mDEBUG[0m [2methereum_transaction_pool_monitor::mempool_monitor[0m[2m:[0m 🔍 Fetching transaction details for: 0x085787869588ba498cc4733b1efb6a2c572a49bfb2f1b7b19526f409c6b3bb78
[2m2025-12-10T10:11:00.999725Z[0m [34mDEBUG[0m [2methereum_transaction_pool_monitor::eth_client[0m[2m:[0m 🔍 Fetching transaction details for hash: 0x085787869588ba498cc4733b1efb6a2c572a49bfb2f1b7b19526f409c6b3bb78
[2m2025-12-10T10:11:00.999745Z[0m [34mDEBUG[0m [2mhyper::client::pool[0m[2m:[0m reuse idle connection for ("http", 192.168.0.14:8545)
[2m2025-12-10T10:11:00.999784Z[0m [34mDEBUG[0m [2mhyper::proto::h1::io[0m[2m:[0m flushed 250 bytes
[2m2025-12-10T10:11:00.999809Z[0m [34mDEBUG[0m [2methereum_transaction_pool_monitor::eth_client[0m[2m:[0m 📨 Received WebSocket message: {"jsonrpc":"2.0","method":"eth_subscription","params":{"subscription":"0xbed0a0851463e895960a451075a301a9","result":"0x0c23e081003125e729f98a2e755a249f56205ad60acce25f2b837a9225e7158d"}}
[2m2025-12-10T10:11:00.999817Z[0m [34mDEBUG[0m [2methereum_transaction_pool_monitor::eth_client[0m[2m:[0m 📨 Received pending transaction: 0x0c23e081003125e729f98a2e755a249f56205ad60acce25f2b837a9225e7158d
[2m2025-12-10T10:11:00.999823Z[0m [34mDEBUG[0m [2methereum_transaction_pool_monitor::eth_client[0m[2m:[0m 📨 Received WebSocket message: {"jsonrpc":"2.0","method":"eth_subscription","params":{"subscription":"0xbed0a0851463e895960a451075a301a9","result":"0xa2995b58d401c8fe0df358c0578f66fcea0b88bbf4fdd3377428c2fff674b502"}}
[2m2025-12-10T10:11:00.999831Z[0m [34mDEBUG[0m [2methereum_transaction_pool_monitor::eth_client[0m[2m:[0m 📨 Received pending transaction: 0xa2995b58d401c8fe0df358c0578f66fcea0b88bbf4fdd3377428c2fff674b502
[2m2025-12-10T10:11:00.999846Z[0m [34mDEBUG[0m [2mhyper::proto::h1::io[0m[2m:[0m parsed 4 headers
[2m2025-12-10T10:11:00.999855Z[0m [34mDEBUG[0m [2mhyper::proto::h1::conn[0m[2m:[0m incoming body is content-length (45 bytes)
[2m2025-12-10T10:11:00.999862Z[0m [34mDEBUG[0m [2mhyper::proto::h1::conn[0m[2m:[0m incoming body completed
[2m2025-12-10T10:11:00.999870Z[0m [34mDEBUG[0m [2mhyper::client::pool[0m[2m:[0m pooling idle connection for ("http", 192.168.0.14:8545)
[2m2025-12-10T10:11:00.999887Z[0m [34mDEBUG[0m [2mhyper::client::pool[0m[2m:[0m reuse idle connection for ("http", 192.168.0.14:8545)
[2m2025-12-10T10:11:00.999904Z[0m [34mDEBUG[0m [2mhyper::proto::h1::io[0m[2m:[0m flushed 172 bytes
[2m2025-12-10T10:11:01.004284Z[0m [34mDEBUG[0m [2mhyper::proto::h1::io[0m[2m:[0m parsed 4 headers
[2m2025-12-10T10:11:01.004300Z[0m [34mDEBUG[0m [2mhyper::proto::h1::conn[0m[2m:[0m incoming body is content-length (45 bytes)
[2m2025-12-10T10:11:01.004310Z[0m [34mDEBUG[0m [2mhyper::proto::h1::conn[0m[2m:[0m incoming body completed
[2m2025-12-10T10:11:01.004320Z[0m [34mDEBUG[0m [2mhyper::client::pool[0m[2m:[0m pooling idle connection for ("http", 192.168.0.14:8545)
[2m2025-12-10T10:11:01.019056Z[0m [34mDEBUG[0m [2mhyper::proto::h1::io[0m[2m:[0m parsed 4 headers
[2m2025-12-10T10:11:01.019077Z[0m [34mDEBUG[0m [2mhyper::proto::h1::conn[0m[2m:[0m incoming body is content-length (1152 bytes)
[2m2025-12-10T10:11:01.019084Z[0m [34mDEBUG[0m [2mhyper::proto::h1::conn[0m[2m:[0m incoming body completed
[2m2025-12-10T10:11:01.019093Z[0m [34mDEBUG[0m [2mhyper::client::pool[0m[2m:[0m pooling idle connection for ("http", 192.168.0.14:8545)
[2m2025-12-10T10:11:01.019102Z[0m [34mDEBUG[0m [2methereum_transaction_pool_monitor::eth_client[0m[2m:[0m 📡 Transaction fetch RPC completed in 19.369542ms
[2m2025-12-10T10:11:01.019118Z[0m [34mDEBUG[0m [2methereum_transaction_pool_monitor::eth_client[0m[2m:[0m DeFi transaction detected - Address: 0x7a250d5630b4cf539739df2c5dacb4c659f2488d, Type: DexRouter, Value: 0 ETH, Gas: 0.21 Gwei
[2m2025-12-10T10:11:01.019131Z[0m [34mDEBUG[0m [2methereum_transaction_pool_monitor::eth_client[0m[2m:[0m ✅ Transaction 0x085787869588ba498cc4733b1efb6a2c572a49bfb2f1b7b19526f409c6b3bb78 fetched and parsed in 19.398959ms
[2m2025-12-10T10:11:01.019139Z[0m [34mDEBUG[0m [2methereum_transaction_pool_monitor::mempool_monitor[0m[2m:[0m 🔍 Skipping tx 0x085787869588ba498cc4733b1efb6a2c572a49bfb2f1b7b19526f409c6b3bb78 - not a DEX interaction (target: 0x7a250d5630B4cF539739dF2C5dAcb4c659F2488D)
[2m2025-12-10T10:11:01.019148Z[0m [34mDEBUG[0m [2methereum_transaction_pool_monitor::mempool_monitor[0m[2m:[0m 📨 Processing new pending transaction: 0x0c23e081003125e729f98a2e755a249f56205ad60acce25f2b837a9225e7158d
[2m2025-12-10T10:11:01.019154Z[0m [34mDEBUG[0m [2methereum_transaction_pool_monitor::mempool_monitor[0m[2m:[0m 🔍 Fetching transaction details for: 0x0c23e081003125e729f98a2e755a249f56205ad60acce25f2b837a9225e7158d
[2m2025-12-10T10:11:01.019158Z[0m [34mDEBUG[0m [2methereum_transaction_pool_monitor::eth_client[0m[2m:[0m 🔍 Fetching transaction details for hash: 0x0c23e081003125e729f98a2e755a249f56205ad60acce25f2b837a9225e7158d
[2m2025-12-10T10:11:01.019174Z[0m [34mDEBUG[0m [2mhyper::client::pool[0m[2m:[0m reuse idle connection for ("http", 192.168.0.14:8545)
[2m2025-12-10T10:11:01.019203Z[0m [34mDEBUG[0m [2mhyper::proto::h1::io[0m[2m:[0m flushed 250 bytes
[2m2025-12-10T10:11:01.024339Z[0m [34mDEBUG[0m [2mhyper::proto::h1::io[0m[2m:[0m parsed 4 headers
[2m2025-12-10T10:11:01.024347Z[0m [34mDEBUG[0m [2mhyper::proto::h1::conn[0m[2m:[0m incoming body is content-length (772 bytes)
[2m2025-12-10T10:11:01.024354Z[0m [34mDEBUG[0m [2mhyper::proto::h1::conn[0m[2m:[0m incoming body completed
[2m2025-12-10T10:11:01.024362Z[0m [34mDEBUG[0m [2mhyper::client::pool[0m[2m:[0m pooling idle connection for ("http", 192.168.0.14:8545)
[2m2025-12-10T10:11:01.024368Z[0m [34mDEBUG[0m [2methereum_transaction_pool_monitor::eth_client[0m[2m:[0m 📡 Transaction fetch RPC completed in 5.205292ms
[2m2025-12-10T10:11:01.095280Z[0m [34mDEBUG[0m [2methereum_transaction_pool_monitor::eth_client[0m[2m:[0m ✅ Transaction 0x0c23e081003125e729f98a2e755a249f56205ad60acce25f2b837a9225e7158d fetched and parsed in 76.11475ms
[2m2025-12-10T10:11:01.095306Z[0m [34mDEBUG[0m [2methereum_transaction_pool_monitor::mempool_monitor[0m[2m:[0m 🔍 Skipping tx 0x0c23e081003125e729f98a2e755a249f56205ad60acce25f2b837a9225e7158d - not a DEX interaction (target: 0xfAbA6f8e4a5E8Ab82F62fe7C39859FA577269BE3)
[2m2025-12-10T10:11:01.095319Z[0m [34mDEBUG[0m [2methereum_transaction_pool_monitor::mempool_monitor[0m[2m:[0m 📨 Processing new pending transaction: 0xa2995b58d401c8fe0df358c0578f66fcea0b88bbf4fdd3377428c2fff674b502
[2m2025-12-10T10:11:01.095333Z[0m [34mDEBUG[0m [2methereum_transaction_pool_monitor::mempool_monitor[0m[2m:[0m 🔍 Fetching transaction details for: 0xa2995b58d401c8fe0df358c0578f66fcea0b88bbf4fdd3377428c2fff674b502
[2m2025-12-10T10:11:01.095341Z[0m [34mDEBUG[0m [2methereum_transaction_pool_monitor::eth_client[0m[2m:[0m 🔍 Fetching transaction details for hash: 0xa2995b58d401c8fe0df358c0578f66fcea0b88bbf4fdd3377428c2fff674b502
[2m2025-12-10T10:11:01.095360Z[0m [34mDEBUG[0m [2mhyper::client::pool[0m[2m:[0m reuse idle connection for ("http", 192.168.0.14:8545)
[2m2025-12-10T10:11:01.095400Z[0m [34mDEBUG[0m [2mhyper::proto::h1::io[0m[2m:[0m flushed 250 bytes
[2m2025-12-10T10:11:01.095426Z[0m [34mDEBUG[0m [2methereum_transaction_pool_monitor::eth_client[0m[2m:[0m 📨 Received WebSocket message: {"jsonrpc":"2.0","method":"eth_subscription","params":{"subscription":"0xbed0a0851463e895960a451075a301a9","result":"0xa5e80634fc35bfe181c8370678a42bc9300400094e2e412cfe373d2c761de37c"}}
[2m2025-12-10T10:11:01.095436Z[0m [34mDEBUG[0m [2methereum_transaction_pool_monitor::eth_client[0m[2m:[0m 📨 Received pending transaction: 0xa5e80634fc35bfe181c8370678a42bc9300400094e2e412cfe373d2c761de37c
[2m2025-12-10T10:11:01.097093Z[0m [34mDEBUG[0m [2mhyper::client::pool[0m[2m:[0m reuse idle connection for ("http", 192.168.0.14:8545)
[2m2025-12-10T10:11:01.097145Z[0m [34mDEBUG[0m [2mhyper::proto::h1::io[0m[2m:[0m flushed 172 bytes
[2m2025-12-10T10:11:01.100319Z[0m [34mDEBUG[0m [2mhyper::proto::h1::io[0m[2m:[0m parsed 4 headers
[2m2025-12-10T10:11:01.100329Z[0m [34mDEBUG[0m [2mhyper::proto::h1::conn[0m[2m:[0m incoming body is content-length (647 bytes)
[2m2025-12-10T10:11:01.100339Z[0m [34mDEBUG[0m [2mhyper::proto::h1::conn[0m[2m:[0m incoming body completed
[2m2025-12-10T10:11:01.100351Z[0m [34mDEBUG[0m [2mhyper::client::pool[0m[2m:[0m pooling idle connection for ("http", 192.168.0.14:8545)
[2m2025-12-10T10:11:01.100362Z[0m [34mDEBUG[0m [2methereum_transaction_pool_monitor::eth_client[0m[2m:[0m 📡 Transaction fetch RPC completed in 5.014708ms
[2m2025-12-10T10:11:01.172485Z[0m [34mDEBUG[0m [2methereum_transaction_pool_monitor::eth_client[0m[2m:[0m ✅ Transaction 0xa2995b58d401c8fe0df358c0578f66fcea0b88bbf4fdd3377428c2fff674b502 fetched and parsed in 77.135292ms
[2m2025-12-10T10:11:01.172514Z[0m [34mDEBUG[0m [2methereum_transaction_pool_monitor::mempool_monitor[0m[2m:[0m 🔍 Skipping tx 0xa2995b58d401c8fe0df358c0578f66fcea0b88bbf4fdd3377428c2fff674b502 - not a DEX interaction (target: 0xe69471593eD6BdF6bC2f083825c8cCe9CAF68A0F)
[2m2025-12-10T10:11:01.172525Z[0m [34mDEBUG[0m [2methereum_transaction_pool_monitor::mempool_monitor[0m[2m:[0m 📨 Processing new pending transaction: 0xa5e80634fc35bfe181c8370678a42bc9300400094e2e412cfe373d2c761de37c
[2m2025-12-10T10:11:01.172541Z[0m [34mDEBUG[0m [2methereum_transaction_pool_monitor::mempool_monitor[0m[2m:[0m 🔍 Fetching transaction details for: 0xa5e80634fc35bfe181c8370678a42bc9300400094e2e412cfe373d2c761de37c
[2m2025-12-10T10:11:01.172551Z[0m [34mDEBUG[0m [2methereum_transaction_pool_monitor::eth_client[0m[2m:[0m 🔍 Fetching transaction details for hash: 0xa5e80634fc35bfe181c8370678a42bc9300400094e2e412cfe373d2c761de37c
[2m2025-12-10T10:11:01.172570Z[0m [34mDEBUG[0m [2mhyper::client::pool[0m[2m:[0m reuse idle connection for ("http", 192.168.0.14:8545)
[2m2025-12-10T10:11:01.172601Z[0m [34mDEBUG[0m [2mhyper::proto::h1::io[0m[2m:[0m flushed 250 bytes
[2m2025-12-10T10:11:01.172624Z[0m [34mDEBUG[0m [2mhyper::proto::h1::io[0m[2m:[0m parsed 4 headers
[2m2025-12-10T10:11:01.172634Z[0m [34mDEBUG[0m [2mhyper::proto::h1::conn[0m[2m:[0m incoming body is content-length (45 bytes)
[2m2025-12-10T10:11:01.172642Z[0m [34mDEBUG[0m [2mhyper::proto::h1::conn[0m[2m:[0m incoming body completed
[2m2025-12-10T10:11:01.172624Z[0m [34mDEBUG[0m [2methereum_transaction_pool_monitor::eth_client[0m[2m:[0m 📨 Received WebSocket message: {"jsonrpc":"2.0","method":"eth_subscription","params":{"subscription":"0xbed0a0851463e895960a451075a301a9","result":"0x3ff79327e3cb5869321b8755c5849d93e6974a43e011326fd4fe7886682fcf15"}}
[2m2025-12-10T10:11:01.172650Z[0m [34mDEBUG[0m [2mhyper::client::pool[0m[2m:[0m pooling idle connection for ("http", 192.168.0.14:8545)
[2m2025-12-10T10:11:01.172654Z[0m [34mDEBUG[0m [2methereum_transaction_pool_monitor::eth_client[0m[2m:[0m 📨 Received pending transaction: 0x3ff79327e3cb5869321b8755c5849d93e6974a43e011326fd4fe7886682fcf15
[2m2025-12-10T10:11:01.177001Z[0m [34mDEBUG[0m [2mhyper::proto::h1::io[0m[2m:[0m parsed 4 headers
[2m2025-12-10T10:11:01.177014Z[0m [34mDEBUG[0m [2mhyper::proto::h1::conn[0m[2m:[0m incoming body is content-length (830 bytes)
[2m2025-12-10T10:11:01.177020Z[0m [34mDEBUG[0m [2mhyper::proto::h1::conn[0m[2m:[0m incoming body completed
[2m2025-12-10T10:11:01.177027Z[0m [34mDEBUG[0m [2mhyper::client::pool[0m[2m:[0m pooling idle connection for ("http", 192.168.0.14:8545)
[2m2025-12-10T10:11:01.177032Z[0m [34mDEBUG[0m [2methereum_transaction_pool_monitor::eth_client[0m[2m:[0m 📡 Transaction fetch RPC completed in 4.474166ms
[2m2025-12-10T10:11:01.250035Z[0m [34mDEBUG[0m [2methereum_transaction_pool_monitor::eth_client[0m[2m:[0m ✅ Transaction 0xa5e80634fc35bfe181c8370678a42bc9300400094e2e412cfe373d2c761de37c fetched and parsed in 77.473666ms
[2m2025-12-10T10:11:01.250060Z[0m [34mDEBUG[0m [2methereum_transaction_pool_monitor::mempool_monitor[0m[2m:[0m 🔍 Skipping tx 0xa5e80634fc35bfe181c8370678a42bc9300400094e2e412cfe373d2c761de37c - not a DEX interaction (target: 0x3B4D794a66304F130a4Db8F2551B0070dfCf5ca7)
[2m2025-12-10T10:11:01.250073Z[0m [34mDEBUG[0m [2methereum_transaction_pool_monitor::mempool_monitor[0m[2m:[0m 📨 Processing new pending transaction: 0x3ff79327e3cb5869321b8755c5849d93e6974a43e011326fd4fe7886682fcf15
[2m2025-12-10T10:11:01.250080Z[0m [34mDEBUG[0m [2methereum_transaction_pool_monitor::mempool_monitor[0m[2m:[0m 🔍 Fetching transaction details for: 0x3ff79327e3cb5869321b8755c5849d93e6974a43e011326fd4fe7886682fcf15
[2m2025-12-10T10:11:01.250085Z[0m [34mDEBUG[0m [2methereum_transaction_pool_monitor::eth_client[0m[2m:[0m 🔍 Fetching transaction details for hash: 0x3ff79327e3cb5869321b8755c5849d93e6974a43e011326fd4fe7886682fcf15
[2m2025-12-10T10:11:01.250104Z[0m [34mDEBUG[0m [2mhyper::client::pool[0m[2m:[0m reuse idle connection for ("http", 192.168.0.14:8545)
[2m2025-12-10T10:11:01.250140Z[0m [34mDEBUG[0m [2mhyper::proto::h1::io[0m[2m:[0m flushed 250 bytes
[2m2025-12-10T10:11:01.250168Z[0m [34mDEBUG[0m [2mhyper::client::pool[0m[2m:[0m reuse idle connection for ("http", 192.168.0.14:8545)
[2m2025-12-10T10:11:01.250186Z[0m [34mDEBUG[0m [2mhyper::proto::h1::io[0m[2m:[0m flushed 172 bytes
[2m2025-12-10T10:11:01.255860Z[0m [34mDEBUG[0m [2mhyper::proto::h1::io[0m[2m:[0m parsed 4 headers
[2m2025-12-10T10:11:01.255866Z[0m [34mDEBUG[0m [2mhyper::proto::h1::conn[0m[2m:[0m incoming body is content-length (45 bytes)
[2m2025-12-10T10:11:01.255874Z[0m [34mDEBUG[0m [2mhyper::proto::h1::conn[0m[2m:[0m incoming body completed
[2m2025-12-10T10:11:01.255881Z[0m [34mDEBUG[0m [2mhyper::client::pool[0m[2m:[0m pooling idle connection for ("http", 192.168.0.14:8545)
[2m2025-12-10T10:11:01.255898Z[0m [34mDEBUG[0m [2mhyper::proto::h1::io[0m[2m:[0m parsed 4 headers
[2m2025-12-10T10:11:01.255904Z[0m [34mDEBUG[0m [2mhyper::proto::h1::conn[0m[2m:[0m incoming body is content-length (643 bytes)
[2m2025-12-10T10:11:01.255911Z[0m [34mDEBUG[0m [2mhyper::proto::h1::conn[0m[2m:[0m incoming body completed
[2m2025-12-10T10:11:01.255916Z[0m [34mDEBUG[0m [2mhyper::client::pool[0m[2m:[0m pooling idle connection for ("http", 192.168.0.14:8545)
[2m2025-12-10T10:11:01.255921Z[0m [34mDEBUG[0m [2methereum_transaction_pool_monitor::eth_client[0m[2m:[0m 📡 Transaction fetch RPC completed in 5.8325ms
[2m2025-12-10T10:11:01.327735Z[0m [34mDEBUG[0m [2methereum_transaction_pool_monitor::eth_client[0m[2m:[0m ✅ Transaction 0x3ff79327e3cb5869321b8755c5849d93e6974a43e011326fd4fe7886682fcf15 fetched and parsed in 77.64325ms
[2m2025-12-10T10:11:01.327762Z[0m [34mDEBUG[0m [2methereum_transaction_pool_monitor::mempool_monitor[0m[2m:[0m 🔍 Skipping tx 0x3ff79327e3cb5869321b8755c5849d93e6974a43e011326fd4fe7886682fcf15 - not a DEX interaction (target: 0x17E5545B11b468072283Cee1F066a059Fb0dbF24)
[2m2025-12-10T10:11:01.327802Z[0m [34mDEBUG[0m [2mhyper::client::pool[0m[2m:[0m reuse idle connection for ("http", 192.168.0.14:8545)
[2m2025-12-10T10:11:01.327848Z[0m [34mDEBUG[0m [2mhyper::proto::h1::io[0m[2m:[0m flushed 172 bytes
[2m2025-12-10T10:11:01.327871Z[0m [34mDEBUG[0m [2methereum_transaction_pool_monitor::eth_client[0m[2m:[0m 📨 Received WebSocket message: {"jsonrpc":"2.0","method":"eth_subscription","params":{"subscription":"0xbed0a0851463e895960a451075a301a9","result":"0x9c6a1b7b84c2738ff98a59a6c78e91e1f79552dc1e345ba91b91db8be24ec044"}}
[2m2025-12-10T10:11:01.327880Z[0m [34mDEBUG[0m [2methereum_transaction_pool_monitor::eth_client[0m[2m:[0m 📨 Received pending transaction: 0x9c6a1b7b84c2738ff98a59a6c78e91e1f79552dc1e345ba91b91db8be24ec044
[2m2025-12-10T10:11:01.327888Z[0m [34mDEBUG[0m [2methereum_transaction_pool_monitor::mempool_monitor[0m[2m:[0m 📨 Processing new pending transaction: 0x9c6a1b7b84c2738ff98a59a6c78e91e1f79552dc1e345ba91b91db8be24ec044
[2m2025-12-10T10:11:01.327895Z[0m [34mDEBUG[0m [2methereum_transaction_pool_monitor::mempool_monitor[0m[2m:[0m 🔍 Fetching transaction details for: 0x9c6a1b7b84c2738ff98a59a6c78e91e1f79552dc1e345ba91b91db8be24ec044
[2m2025-12-10T10:11:01.327899Z[0m [34mDEBUG[0m [2methereum_transaction_pool_monitor::eth_client[0m[2m:[0m 🔍 Fetching transaction details for hash: 0x9c6a1b7b84c2738ff98a59a6c78e91e1f79552dc1e345ba91b91db8be24ec044
[2m2025-12-10T10:11:01.327907Z[0m [34mDEBUG[0m [2mhyper::client::pool[0m[2m:[0m reuse idle connection for ("http", 192.168.0.14:8545)
[2m2025-12-10T10:11:01.327921Z[0m [34mDEBUG[0m [2mhyper::proto::h1::io[0m[2m:[0m flushed 250 bytes
[2m2025-12-10T10:11:01.338286Z[0m [34mDEBUG[0m [2mhyper::proto::h1::io[0m[2m:[0m parsed 4 headers
[2m2025-12-10T10:11:01.338295Z[0m [34mDEBUG[0m [2mhyper::proto::h1::conn[0m[2m:[0m incoming body is content-length (45 bytes)
[2m2025-12-10T10:11:01.338302Z[0m [34mDEBUG[0m [2mhyper::proto::h1::conn[0m[2m:[0m incoming body completed
[2m2025-12-10T10:11:01.338311Z[0m [34mDEBUG[0m [2mhyper::client::pool[0m[2m:[0m pooling idle connection for ("http", 192.168.0.14:8545)
[2m2025-12-10T10:11:01.338329Z[0m [34mDEBUG[0m [2mhyper::proto::h1::io[0m[2m:[0m parsed 4 headers
[2m2025-12-10T10:11:01.338336Z[0m [34mDEBUG[0m [2mhyper::proto::h1::conn[0m[2m:[0m incoming body is content-length (772 bytes)
[2m2025-12-10T10:11:01.338341Z[0m [34mDEBUG[0m [2mhyper::proto::h1::conn[0m[2m:[0m incoming body completed
[2m2025-12-10T10:11:01.338346Z[0m [34mDEBUG[0m [2mhyper::client::pool[0m[2m:[0m pooling idle connection for ("http", 192.168.0.14:8545)
[2m2025-12-10T10:11:01.338351Z[0m [34mDEBUG[0m [2methereum_transaction_pool_monitor::eth_client[0m[2m:[0m 📡 Transaction fetch RPC completed in 10.4475ms
[2m2025-12-10T10:11:01.410097Z[0m [34mDEBUG[0m [2methereum_transaction_pool_monitor::eth_client[0m[2m:[0m ✅ Transaction 0x9c6a1b7b84c2738ff98a59a6c78e91e1f79552dc1e345ba91b91db8be24ec044 fetched and parsed in 82.19125ms
[2m2025-12-10T10:11:01.410130Z[0m [34mDEBUG[0m [2methereum_transaction_pool_monitor::mempool_monitor[0m[2m:[0m 🔍 Skipping tx 0x9c6a1b7b84c2738ff98a59a6c78e91e1f79552dc1e345ba91b91db8be24ec044 - not a DEX interaction (target: 0xA0b86991c6218b36c1d19D4a2e9Eb0cE3606eB48)
[2m2025-12-10T10:11:01.410173Z[0m [34mDEBUG[0m [2mhyper::client::pool[0m[2m:[0m reuse idle connection for ("http", 192.168.0.14:8545)
[2m2025-12-10T10:11:01.410200Z[0m [34mDEBUG[0m [2mhyper::proto::h1::io[0m[2m:[0m flushed 172 bytes
[2m2025-12-10T10:11:01.410220Z[0m [34mDEBUG[0m [2methereum_transaction_pool_monitor::eth_client[0m[2m:[0m 📨 Received WebSocket message: {"jsonrpc":"2.0","method":"eth_subscription","params":{"subscription":"0xbed0a0851463e895960a451075a301a9","result":"0x32533d711d23b3eb7153d536d8f7764d69cbb45a4dd2c9abefce99304cf8854f"}}
[2m2025-12-10T10:11:01.410231Z[0m [34mDEBUG[0m [2methereum_transaction_pool_monitor::eth_client[0m[2m:[0m 📨 Received pending transaction: 0x32533d711d23b3eb7153d536d8f7764d69cbb45a4dd2c9abefce99304cf8854f
[2m2025-12-10T10:11:01.410239Z[0m [34mDEBUG[0m [2methereum_transaction_pool_monitor::mempool_monitor[0m[2m:[0m 📨 Processing new pending transaction: 0x32533d711d23b3eb7153d536d8f7764d69cbb45a4dd2c9abefce99304cf8854f
[2m2025-12-10T10:11:01.410246Z[0m [34mDEBUG[0m [2methereum_transaction_pool_monitor::mempool_monitor[0m[2m:[0m 🔍 Fetching transaction details for: 0x32533d711d23b3eb7153d536d8f7764d69cbb45a4dd2c9abefce99304cf8854f
[2m2025-12-10T10:11:01.410250Z[0m [34mDEBUG[0m [2methereum_transaction_pool_monitor::eth_client[0m[2m:[0m 🔍 Fetching transaction details for hash: 0x32533d711d23b3eb7153d536d8f7764d69cbb45a4dd2c9abefce99304cf8854f
[2m2025-12-10T10:11:01.410261Z[0m [34mDEBUG[0m [2mhyper::client::pool[0m[2m:[0m reuse idle connection for ("http", 192.168.0.14:8545)
[2m2025-12-10T10:11:01.410274Z[0m [34mDEBUG[0m [2mhyper::proto::h1::io[0m[2m:[0m flushed 250 bytes
[2m2025-12-10T10:11:01.417811Z[0m [34mDEBUG[0m [2mhyper::proto::h1::io[0m[2m:[0m parsed 4 headers
[2m2025-12-10T10:11:01.417838Z[0m [34mDEBUG[0m [2mhyper::proto::h1::conn[0m[2m:[0m incoming body is content-length (45 bytes)
[2m2025-12-10T10:11:01.417863Z[0m [34mDEBUG[0m [2mhyper::proto::h1::conn[0m[2m:[0m incoming body completed
[2m2025-12-10T10:11:01.417898Z[0m [34mDEBUG[0m [2mhyper::client::pool[0m[2m:[0m pooling idle connection for ("http", 192.168.0.14:8545)
[2m2025-12-10T10:11:01.436471Z[0m [34mDEBUG[0m [2mhyper::proto::h1::io[0m[2m:[0m parsed 4 headers
[2m2025-12-10T10:11:01.436489Z[0m [34mDEBUG[0m [2mhyper::proto::h1::conn[0m[2m:[0m incoming body is content-length (10628 bytes)
[2m2025-12-10T10:11:01.436505Z[0m [34mDEBUG[0m [2methereum_transaction_pool_monitor::eth_client[0m[2m:[0m 📡 Transaction fetch RPC completed in 26.247375ms
[2m2025-12-10T10:11:01.440900Z[0m [34mDEBUG[0m [2mhyper::proto::h1::conn[0m[2m:[0m incoming body completed
[2m2025-12-10T10:11:01.440916Z[0m [34mDEBUG[0m [2mhyper::client::pool[0m[2m:[0m pooling idle connection for ("http", 192.168.0.14:8545)
[2m2025-12-10T10:11:01.460111Z[0m [34mDEBUG[0m [2methereum_transaction_pool_monitor::eth_client[0m[2m:[0m 📨 Received WebSocket message: {"jsonrpc":"2.0","method":"eth_subscription","params":{"subscription":"0xbed0a0851463e895960a451075a301a9","result":"0x6e640c112688f381fab870fc3d10d3490356dce052d3ccaf17c68674a58c4dca"}}
[2m2025-12-10T10:11:01.460159Z[0m [34mDEBUG[0m [2methereum_transaction_pool_monitor::eth_client[0m[2m:[0m 📨 Received pending transaction: 0x6e640c112688f381fab870fc3d10d3490356dce052d3ccaf17c68674a58c4dca
[2m2025-12-10T10:11:01.465125Z[0m [34mDEBUG[0m [2methereum_transaction_pool_monitor::eth_client[0m[2m:[0m 📨 Received WebSocket message: {"jsonrpc":"2.0","method":"eth_subscription","params":{"subscription":"0xbed0a0851463e895960a451075a301a9","result":"0x67e3ac62e9f993162bfe9b5dbe64792b33a7ef81ba30d5838e7046cdbf2e62f1"}}
[2m2025-12-10T10:11:01.465173Z[0m [34mDEBUG[0m [2methereum_transaction_pool_monitor::eth_client[0m[2m:[0m 📨 Received pending transaction: 0x67e3ac62e9f993162bfe9b5dbe64792b33a7ef81ba30d5838e7046cdbf2e62f1
[2m2025-12-10T10:11:01.498749Z[0m [34mDEBUG[0m [2mhyper::client::pool[0m[2m:[0m reuse idle connection for ("http", 192.168.0.14:8545)
[2m2025-12-10T10:11:01.498805Z[0m [34mDEBUG[0m [2mhyper::proto::h1::io[0m[2m:[0m flushed 172 bytes
[2m2025-12-10T10:11:01.502143Z[0m [34mDEBUG[0m [2mhyper::proto::h1::io[0m[2m:[0m parsed 4 headers
[2m2025-12-10T10:11:01.502159Z[0m [34mDEBUG[0m [2mhyper::proto::h1::conn[0m[2m:[0m incoming body is content-length (45 bytes)
[2m2025-12-10T10:11:01.502168Z[0m [34mDEBUG[0m [2mhyper::proto::h1::conn[0m[2m:[0m incoming body completed
[2m2025-12-10T10:11:01.502177Z[0m [34mDEBUG[0m [2mhyper::client::pool[0m[2m:[0m pooling idle connection for ("http", 192.168.0.14:8545)
[2m2025-12-10T10:11:01.513223Z[0m [34mDEBUG[0m [2methereum_transaction_pool_monitor::eth_client[0m[2m:[0m ✅ Transaction 0x32533d711d23b3eb7153d536d8f7764d69cbb45a4dd2c9abefce99304cf8854f fetched and parsed in 102.963209ms
[2m2025-12-10T10:11:01.513248Z[0m [34mDEBUG[0m [2methereum_transaction_pool_monitor::mempool_monitor[0m[2m:[0m 🔍 Skipping tx 0x32533d711d23b3eb7153d536d8f7764d69cbb45a4dd2c9abefce99304cf8854f - not a DEX interaction (target: 0xf938dDC2af0033D5A022C8aD95206D817d0A3385)
[2m2025-12-10T10:11:01.513262Z[0m [34mDEBUG[0m [2methereum_transaction_pool_monitor::mempool_monitor[0m[2m:[0m 📨 Processing new pending transaction: 0x6e640c112688f381fab870fc3d10d3490356dce052d3ccaf17c68674a58c4dca
[2m2025-12-10T10:11:01.513332Z[0m [34mDEBUG[0m [2methereum_transaction_pool_monitor::mempool_monitor[0m[2m:[0m 🔍 Fetching transaction details for: 0x6e640c112688f381fab870fc3d10d3490356dce052d3ccaf17c68674a58c4dca
[2m2025-12-10T10:11:01.513341Z[0m [34mDEBUG[0m [2methereum_transaction_pool_monitor::eth_client[0m[2m:[0m 🔍 Fetching transaction details for hash: 0x6e640c112688f381fab870fc3d10d3490356dce052d3ccaf17c68674a58c4dca
[2m2025-12-10T10:11:01.513359Z[0m [34mDEBUG[0m [2mhyper::client::pool[0m[2m:[0m reuse idle connection for ("http", 192.168.0.14:8545)
[2m2025-12-10T10:11:01.513383Z[0m [34mDEBUG[0m [2mhyper::proto::h1::io[0m[2m:[0m flushed 250 bytes
[2m2025-12-10T10:11:01.523850Z[0m [34mDEBUG[0m [2mhyper::proto::h1::io[0m[2m:[0m parsed 4 headers
[2m2025-12-10T10:11:01.523862Z[0m [34mDEBUG[0m [2mhyper::proto::h1::conn[0m[2m:[0m incoming body is content-length (646 bytes)
[2m2025-12-10T10:11:01.523870Z[0m [34mDEBUG[0m [2mhyper::proto::h1::conn[0m[2m:[0m incoming body completed
[2m2025-12-10T10:11:01.523879Z[0m [34mDEBUG[0m [2mhyper::client::pool[0m[2m:[0m pooling idle connection for ("http", 192.168.0.14:8545)
[2m2025-12-10T10:11:01.523886Z[0m [34mDEBUG[0m [2methereum_transaction_pool_monitor::eth_client[0m[2m:[0m 📡 Transaction fetch RPC completed in 10.54ms
[2m2025-12-10T10:11:01.595281Z[0m [34mDEBUG[0m [2methereum_transaction_pool_monitor::eth_client[0m[2m:[0m ✅ Transaction 0x6e640c112688f381fab870fc3d10d3490356dce052d3ccaf17c68674a58c4dca fetched and parsed in 81.932666ms
[2m2025-12-10T10:11:01.595307Z[0m [34mDEBUG[0m [2methereum_transaction_pool_monitor::mempool_monitor[0m[2m:[0m 🔍 Skipping tx 0x6e640c112688f381fab870fc3d10d3490356dce052d3ccaf17c68674a58c4dca - not a DEX interaction (target: 0x021a5C18764Fc03c9Ebb770071ae3C9387e1C824)
[2m2025-12-10T10:11:01.595317Z[0m [34mDEBUG[0m [2methereum_transaction_pool_monitor::mempool_monitor[0m[2m:[0m 📨 Processing new pending transaction: 0x67e3ac62e9f993162bfe9b5dbe64792b33a7ef81ba30d5838e7046cdbf2e62f1
[2m2025-12-10T10:11:01.595325Z[0m [34mDEBUG[0m [2methereum_transaction_pool_monitor::mempool_monitor[0m[2m:[0m 🔍 Fetching transaction details for: 0x67e3ac62e9f993162bfe9b5dbe64792b33a7ef81ba30d5838e7046cdbf2e62f1
[2m2025-12-10T10:11:01.595331Z[0m [34mDEBUG[0m [2methereum_transaction_pool_monitor::eth_client[0m[2m:[0m 🔍 Fetching transaction details for hash: 0x67e3ac62e9f993162bfe9b5dbe64792b33a7ef81ba30d5838e7046cdbf2e62f1
[2m2025-12-10T10:11:01.595350Z[0m [34mDEBUG[0m [2mhyper::client::pool[0m[2m:[0m reuse idle connection for ("http", 192.168.0.14:8545)
[2m2025-12-10T10:11:01.595392Z[0m [34mDEBUG[0m [2mhyper::proto::h1::io[0m[2m:[0m flushed 250 bytes
[2m2025-12-10T10:11:01.597939Z[0m [34mDEBUG[0m [2mhyper::client::pool[0m[2m:[0m reuse idle connection for ("http", 192.168.0.14:8545)
[2m2025-12-10T10:11:01.597963Z[0m [34mDEBUG[0m [2mhyper::proto::h1::io[0m[2m:[0m flushed 172 bytes
[2m2025-12-10T10:11:01.603282Z[0m [34mDEBUG[0m [2mhyper::proto::h1::io[0m[2m:[0m parsed 4 headers
[2m2025-12-10T10:11:01.604690Z[0m [34mDEBUG[0m [2mhyper::proto::h1::conn[0m[2m:[0m incoming body is content-length (649 bytes)
[2m2025-12-10T10:11:01.604705Z[0m [34mDEBUG[0m [2mhyper::proto::h1::conn[0m[2m:[0m incoming body completed
[2m2025-12-10T10:11:01.604718Z[0m [34mDEBUG[0m [2mhyper::client::pool[0m[2m:[0m pooling idle connection for ("http", 192.168.0.14:8545)
[2m2025-12-10T10:11:01.604730Z[0m [34mDEBUG[0m [2methereum_transaction_pool_monitor::eth_client[0m[2m:[0m 📡 Transaction fetch RPC completed in 9.394458ms
[2m2025-12-10T10:11:01.676815Z[0m [34mDEBUG[0m [2methereum_transaction_pool_monitor::eth_client[0m[2m:[0m ✅ Transaction 0x67e3ac62e9f993162bfe9b5dbe64792b33a7ef81ba30d5838e7046cdbf2e62f1 fetched and parsed in 81.476292ms
[2m2025-12-10T10:11:01.676841Z[0m [34mDEBUG[0m [2methereum_transaction_pool_monitor::mempool_monitor[0m[2m:[0m 🔍 Skipping tx 0x67e3ac62e9f993162bfe9b5dbe64792b33a7ef81ba30d5838e7046cdbf2e62f1 - not a DEX interaction (target: 0x53C8e810F4534f8d12a62C340049FDa63b6299EA)
[2m2025-12-10T10:11:01.676868Z[0m [34mDEBUG[0m [2mhyper::proto::h1::io[0m[2m:[0m parsed 4 headers
[2m2025-12-10T10:11:01.676873Z[0m [34mDEBUG[0m [2mhyper::proto::h1::conn[0m[2m:[0m incoming body is content-length (45 bytes)
[2m2025-12-10T10:11:01.676880Z[0m [34mDEBUG[0m [2mhyper::proto::h1::conn[0m[2m:[0m incoming body completed
[2m2025-12-10T10:11:01.676890Z[0m [34mDEBUG[0m [2mhyper::client::pool[0m[2m:[0m pooling idle connection for ("http", 192.168.0.14:8545)
[2m2025-12-10T10:11:01.699018Z[0m [34mDEBUG[0m [2mhyper::client::pool[0m[2m:[0m reuse idle connection for ("http", 192.168.0.14:8545)
[2m2025-12-10T10:11:01.699088Z[0m [34mDEBUG[0m [2mhyper::proto::h1::io[0m[2m:[0m flushed 172 bytes
[2m2025-12-10T10:11:01.703701Z[0m [34mDEBUG[0m [2mhyper::proto::h1::io[0m[2m:[0m parsed 4 headers
[2m2025-12-10T10:11:01.703715Z[0m [34mDEBUG[0m [2mhyper::proto::h1::conn[0m[2m:[0m incoming body is content-length (45 bytes)
[2m2025-12-10T10:11:01.703721Z[0m [34mDEBUG[0m [2mhyper::proto::h1::conn[0m[2m:[0m incoming body completed
[2m2025-12-10T10:11:01.703729Z[0m [34mDEBUG[0m [2mhyper::client::pool[0m[2m:[0m pooling idle connection for ("http", 192.168.0.14:8545)
[2m2025-12-10T10:11:01.777407Z[0m [34mDEBUG[0m [2methereum_transaction_pool_monitor::eth_client[0m[2m:[0m 📨 Received WebSocket message: {"jsonrpc":"2.0","method":"eth_subscription","params":{"subscription":"0xbed0a0851463e895960a451075a301a9","result":"0x929068c9e2c1aceb16056c3b2c42b14e5ac862f60594640b81deb789b0076196"}}
[2m2025-12-10T10:11:01.777843Z[0m [34mDEBUG[0m [2methereum_transaction_pool_monitor::eth_client[0m[2m:[0m 📨 Received pending transaction: 0x929068c9e2c1aceb16056c3b2c42b14e5ac862f60594640b81deb789b0076196
[2m2025-12-10T10:11:01.777858Z[0m [34mDEBUG[0m [2methereum_transaction_pool_monitor::mempool_monitor[0m[2m:[0m 📨 Processing new pending transaction: 0x929068c9e2c1aceb16056c3b2c42b14e5ac862f60594640b81deb789b0076196
[2m2025-12-10T10:11:01.777869Z[0m [34mDEBUG[0m [2methereum_transaction_pool_monitor::mempool_monitor[0m[2m:[0m 🔍 Fetching transaction details for: 0x929068c9e2c1aceb16056c3b2c42b14e5ac862f60594640b81deb789b0076196
[2m2025-12-10T10:11:01.777877Z[0m [34mDEBUG[0m [2methereum_transaction_pool_monitor::eth_client[0m[2m:[0m 🔍 Fetching transaction details for hash: 0x929068c9e2c1aceb16056c3b2c42b14e5ac862f60594640b81deb789b0076196
[2m2025-12-10T10:11:01.777917Z[0m [34mDEBUG[0m [2mhyper::client::pool[0m[2m:[0m reuse idle connection for ("http", 192.168.0.14:8545)
[2m2025-12-10T10:11:01.777959Z[0m [34mDEBUG[0m [2mhyper::proto::h1::io[0m[2m:[0m flushed 250 bytes
[2m2025-12-10T10:11:01.785463Z[0m [34mDEBUG[0m [2mhyper::proto::h1::io[0m[2m:[0m parsed 4 headers
[2m2025-12-10T10:11:01.785485Z[0m [34mDEBUG[0m [2mhyper::proto::h1::conn[0m[2m:[0m incoming body is content-length (2947 bytes)
[2m2025-12-10T10:11:01.785495Z[0m [34mDEBUG[0m [2mhyper::proto::h1::conn[0m[2m:[0m incoming body completed
[2m2025-12-10T10:11:01.785504Z[0m [34mDEBUG[0m [2mhyper::client::pool[0m[2m:[0m pooling idle connection for ("http", 192.168.0.14:8545)
[2m2025-12-10T10:11:01.785513Z[0m [34mDEBUG[0m [2methereum_transaction_pool_monitor::eth_client[0m[2m:[0m 📡 Transaction fetch RPC completed in 7.627583ms
[2m2025-12-10T10:11:01.859387Z[0m [34mDEBUG[0m [2methereum_transaction_pool_monitor::eth_client[0m[2m:[0m ✅ Transaction 0x929068c9e2c1aceb16056c3b2c42b14e5ac862f60594640b81deb789b0076196 fetched and parsed in 81.4995ms
[2m2025-12-10T10:11:01.859418Z[0m [34mDEBUG[0m [2methereum_transaction_pool_monitor::mempool_monitor[0m[2m:[0m 🔍 Skipping tx 0x929068c9e2c1aceb16056c3b2c42b14e5ac862f60594640b81deb789b0076196 - not a DEX interaction (target: 0xBb4716A4A47342aAd4f162ebc34AF8414360Cdc5)
[2m2025-12-10T10:11:01.859465Z[0m [34mDEBUG[0m [2mhyper::client::pool[0m[2m:[0m reuse idle connection for ("http", 192.168.0.14:8545)
[2m2025-12-10T10:11:01.859518Z[0m [34mDEBUG[0m [2mhyper::proto::h1::io[0m[2m:[0m flushed 172 bytes
[2m2025-12-10T10:11:01.864504Z[0m [34mDEBUG[0m [2mhyper::proto::h1::io[0m[2m:[0m parsed 4 headers
[2m2025-12-10T10:11:01.864516Z[0m [34mDEBUG[0m [2mhyper::proto::h1::conn[0m[2m:[0m incoming body is content-length (45 bytes)
[2m2025-12-10T10:11:01.864524Z[0m [34mDEBUG[0m [2mhyper::proto::h1::conn[0m[2m:[0m incoming body completed
[2m2025-12-10T10:11:01.864532Z[0m [34mDEBUG[0m [2mhyper::client::pool[0m[2m:[0m pooling idle connection for ("http", 192.168.0.14:8545)
[2m2025-12-10T10:11:01.899578Z[0m [34mDEBUG[0m [2mhyper::client::pool[0m[2m:[0m reuse idle connection for ("http", 192.168.0.14:8545)
[2m2025-12-10T10:11:01.899629Z[0m [34mDEBUG[0m [2mhyper::proto::h1::io[0m[2m:[0m flushed 172 bytes
[2m2025-12-10T10:11:01.903431Z[0m [34mDEBUG[0m [2mhyper::proto::h1::io[0m[2m:[0m parsed 4 headers
[2m2025-12-10T10:11:01.903466Z[0m [34mDEBUG[0m [2mhyper::proto::h1::conn[0m[2m:[0m incoming body is content-length (45 bytes)
[2m2025-12-10T10:11:01.903482Z[0m [34mDEBUG[0m [2mhyper::proto::h1::conn[0m[2m:[0m incoming body completed
[2m2025-12-10T10:11:01.903507Z[0m [34mDEBUG[0m [2mhyper::client::pool[0m[2m:[0m pooling idle connection for ("http", 192.168.0.14:8545)
[2m2025-12-10T10:11:01.908951Z[0m [34mDEBUG[0m [2methereum_transaction_pool_monitor::eth_client[0m[2m:[0m 📨 Received WebSocket message: {"jsonrpc":"2.0","method":"eth_subscription","params":{"subscription":"0xbed0a0851463e895960a451075a301a9","result":"0x442ed63782b063540c6dd89b9681b378124742d7455bc6113769ba47023869c5"}}
[2m2025-12-10T10:11:01.908972Z[0m [34mDEBUG[0m [2methereum_transaction_pool_monitor::eth_client[0m[2m:[0m 📨 Received pending transaction: 0x442ed63782b063540c6dd89b9681b378124742d7455bc6113769ba47023869c5
[2m2025-12-10T10:11:01.908982Z[0m [34mDEBUG[0m [2methereum_transaction_pool_monitor::mempool_monitor[0m[2m:[0m 📨 Processing new pending transaction: 0x442ed63782b063540c6dd89b9681b378124742d7455bc6113769ba47023869c5
[2m2025-12-10T10:11:01.908989Z[0m [34mDEBUG[0m [2methereum_transaction_pool_monitor::mempool_monitor[0m[2m:[0m 🔍 Fetching transaction details for: 0x442ed63782b063540c6dd89b9681b378124742d7455bc6113769ba47023869c5
[2m2025-12-10T10:11:01.908994Z[0m [34mDEBUG[0m [2methereum_transaction_pool_monitor::eth_client[0m[2m:[0m 🔍 Fetching transaction details for hash: 0x442ed63782b063540c6dd89b9681b378124742d7455bc6113769ba47023869c5
[2m2025-12-10T10:11:01.909011Z[0m [34mDEBUG[0m [2mhyper::client::pool[0m[2m:[0m reuse idle connection for ("http", 192.168.0.14:8545)
[2m2025-12-10T10:11:01.909036Z[0m [34mDEBUG[0m [2mhyper::proto::h1::io[0m[2m:[0m flushed 250 bytes
[2m2025-12-10T10:11:01.915512Z[0m [34mDEBUG[0m [2mhyper::proto::h1::io[0m[2m:[0m parsed 4 headers
[2m2025-12-10T10:11:01.915538Z[0m [34mDEBUG[0m [2mhyper::proto::h1::conn[0m[2m:[0m incoming body is content-length (676 bytes)
[2m2025-12-10T10:11:01.915548Z[0m [34mDEBUG[0m [2mhyper::proto::h1::conn[0m[2m:[0m incoming body completed
[2m2025-12-10T10:11:01.915559Z[0m [34mDEBUG[0m [2mhyper::client::pool[0m[2m:[0m pooling idle connection for ("http", 192.168.0.14:8545)
[2m2025-12-10T10:11:01.915567Z[0m [34mDEBUG[0m [2methereum_transaction_pool_monitor::eth_client[0m[2m:[0m 📡 Transaction fetch RPC completed in 6.567791ms
[2m2025-12-10T10:11:01.984159Z[0m [34mDEBUG[0m [2methereum_transaction_pool_monitor::eth_client[0m[2m:[0m ✅ Transaction 0x442ed63782b063540c6dd89b9681b378124742d7455bc6113769ba47023869c5 fetched and parsed in 75.157875ms
[2m2025-12-10T10:11:01.984182Z[0m [34mDEBUG[0m [2methereum_transaction_pool_monitor::mempool_monitor[0m[2m:[0m 🔍 Skipping tx 0x442ed63782b063540c6dd89b9681b378124742d7455bc6113769ba47023869c5 - not a DEX interaction (target: 0xA0b86991c6218b36c1d19D4a2e9Eb0cE3606eB48)
[2m2025-12-10T10:11:01.999235Z[0m [34mDEBUG[0m [2mhyper::client::pool[0m[2m:[0m reuse idle connection for ("http", 192.168.0.14:8545)
[2m2025-12-10T10:11:01.999281Z[0m [34mDEBUG[0m [2mhyper::proto::h1::io[0m[2m:[0m flushed 172 bytes
[2m2025-12-10T10:11:02.006348Z[0m [34mDEBUG[0m [2mhyper::proto::h1::io[0m[2m:[0m parsed 4 headers
[2m2025-12-10T10:11:02.006386Z[0m [34mDEBUG[0m [2mhyper::proto::h1::conn[0m[2m:[0m incoming body is content-length (45 bytes)
[2m2025-12-10T10:11:02.006398Z[0m [34mDEBUG[0m [2mhyper::proto::h1::conn[0m[2m:[0m incoming body completed
[2m2025-12-10T10:11:02.006425Z[0m [34mDEBUG[0m [2mhyper::client::pool[0m[2m:[0m pooling idle connection for ("http", 192.168.0.14:8545)
[2m2025-12-10T10:11:02.041272Z[0m [34mDEBUG[0m [2methereum_transaction_pool_monitor::eth_client[0m[2m:[0m 📨 Received WebSocket message: {"jsonrpc":"2.0","method":"eth_subscription","params":{"subscription":"0xbed0a0851463e895960a451075a301a9","result":"0x8f09dae22c225358c3d12645c600f6c85aa9611a65e1786f9740f7ba553033dc"}}
[2m2025-12-10T10:11:02.041299Z[0m [34mDEBUG[0m [2methereum_transaction_pool_monitor::eth_client[0m[2m:[0m 📨 Received pending transaction: 0x8f09dae22c225358c3d12645c600f6c85aa9611a65e1786f9740f7ba553033dc
[2m2025-12-10T10:11:02.041310Z[0m [34mDEBUG[0m [2methereum_transaction_pool_monitor::eth_client[0m[2m:[0m 📨 Received WebSocket message: {"jsonrpc":"2.0","method":"eth_subscription","params":{"subscription":"0xbed0a0851463e895960a451075a301a9","result":"0x11fdc198237e1fdb55b7fe6a089aded4c29ba8c6bf7345d2aac7bde3aaa5e815"}}
[2m2025-12-10T10:11:02.041317Z[0m [34mDEBUG[0m [2methereum_transaction_pool_monitor::eth_client[0m[2m:[0m 📨 Received pending transaction: 0x11fdc198237e1fdb55b7fe6a089aded4c29ba8c6bf7345d2aac7bde3aaa5e815
[2m2025-12-10T10:11:02.041325Z[0m [34mDEBUG[0m [2methereum_transaction_pool_monitor::eth_client[0m[2m:[0m 📨 Received WebSocket message: {"jsonrpc":"2.0","method":"eth_subscription","params":{"subscription":"0xbed0a0851463e895960a451075a301a9","result":"0xbb793f421c6a9b4c0bb22cc9e195c83780ab42a7d6a2a69ec09d3b7f511c299a"}}
[2m2025-12-10T10:11:02.041332Z[0m [34mDEBUG[0m [2methereum_transaction_pool_monitor::eth_client[0m[2m:[0m 📨 Received pending transaction: 0xbb793f421c6a9b4c0bb22cc9e195c83780ab42a7d6a2a69ec09d3b7f511c299a
[2m2025-12-10T10:11:02.041337Z[0m [34mDEBUG[0m [2methereum_transaction_pool_monitor::eth_client[0m[2m:[0m 📨 Received WebSocket message: {"jsonrpc":"2.0","method":"eth_subscription","params":{"subscription":"0xbed0a0851463e895960a451075a301a9","result":"0xbf3b8f10dde27736338471a5a7a4a6b434cda32d820fe418f4477bd74ec8e0ae"}}
[2m2025-12-10T10:11:02.041343Z[0m [34mDEBUG[0m [2methereum_transaction_pool_monitor::eth_client[0m[2m:[0m 📨 Received pending transaction: 0xbf3b8f10dde27736338471a5a7a4a6b434cda32d820fe418f4477bd74ec8e0ae
[2m2025-12-10T10:11:02.041351Z[0m [34mDEBUG[0m [2methereum_transaction_pool_monitor::mempool_monitor[0m[2m:[0m 📨 Processing new pending transaction: 0x8f09dae22c225358c3d12645c600f6c85aa9611a65e1786f9740f7ba553033dc
[2m2025-12-10T10:11:02.041357Z[0m [34mDEBUG[0m [2methereum_transaction_pool_monitor::mempool_monitor[0m[2m:[0m 🔍 Fetching transaction details for: 0x8f09dae22c225358c3d12645c600f6c85aa9611a65e1786f9740f7ba553033dc
[2m2025-12-10T10:11:02.041361Z[0m [34mDEBUG[0m [2methereum_transaction_pool_monitor::eth_client[0m[2m:[0m 🔍 Fetching transaction details for hash: 0x8f09dae22c225358c3d12645c600f6c85aa9611a65e1786f9740f7ba553033dc
[2m2025-12-10T10:11:02.041384Z[0m [34mDEBUG[0m [2mhyper::client::pool[0m[2m:[0m reuse idle connection for ("http", 192.168.0.14:8545)
[2m2025-12-10T10:11:02.041407Z[0m [34mDEBUG[0m [2mhyper::proto::h1::io[0m[2m:[0m flushed 250 bytes
[2m2025-12-10T10:11:02.056153Z[0m [34mDEBUG[0m [2methereum_transaction_pool_monitor::eth_client[0m[2m:[0m 📨 Received WebSocket message: {"jsonrpc":"2.0","method":"eth_subscription","params":{"subscription":"0xbed0a0851463e895960a451075a301a9","result":"0x8bb67759b1b72112a08451e5cb4f2d84495f3239c6c7269838d377f0bb23759d"}}
[2m2025-12-10T10:11:02.056252Z[0m [34mDEBUG[0m [2methereum_transaction_pool_monitor::eth_client[0m[2m:[0m 📨 Received pending transaction: 0x8bb67759b1b72112a08451e5cb4f2d84495f3239c6c7269838d377f0bb23759d
[2m2025-12-10T10:11:02.057466Z[0m [34mDEBUG[0m [2mhyper::proto::h1::io[0m[2m:[0m parsed 4 headers
[2m2025-12-10T10:11:02.057476Z[0m [34mDEBUG[0m [2mhyper::proto::h1::conn[0m[2m:[0m incoming body is content-length (765 bytes)
[2m2025-12-10T10:11:02.057483Z[0m [34mDEBUG[0m [2mhyper::proto::h1::conn[0m[2m:[0m incoming body completed
[2m2025-12-10T10:11:02.057492Z[0m [34mDEBUG[0m [2mhyper::client::pool[0m[2m:[0m pooling idle connection for ("http", 192.168.0.14:8545)
[2m2025-12-10T10:11:02.057500Z[0m [34mDEBUG[0m [2methereum_transaction_pool_monitor::eth_client[0m[2m:[0m 📡 Transaction fetch RPC completed in 16.13425ms
[2m2025-12-10T10:11:02.127255Z[0m [34mDEBUG[0m [2methereum_transaction_pool_monitor::eth_client[0m[2m:[0m ✅ Transaction 0x8f09dae22c225358c3d12645c600f6c85aa9611a65e1786f9740f7ba553033dc fetched and parsed in 85.885792ms
[2m2025-12-10T10:11:02.127286Z[0m [34mDEBUG[0m [2methereum_transaction_pool_monitor::mempool_monitor[0m[2m:[0m 🔍 Skipping tx 0x8f09dae22c225358c3d12645c600f6c85aa9611a65e1786f9740f7ba553033dc - not a DEX interaction (target: 0xA0b86991c6218b36c1d19D4a2e9Eb0cE3606eB48)
[2m2025-12-10T10:11:02.127296Z[0m [34mDEBUG[0m [2methereum_transaction_pool_monitor::mempool_monitor[0m[2m:[0m 📨 Processing new pending transaction: 0x11fdc198237e1fdb55b7fe6a089aded4c29ba8c6bf7345d2aac7bde3aaa5e815
[2m2025-12-10T10:11:02.127301Z[0m [34mDEBUG[0m [2methereum_transaction_pool_monitor::mempool_monitor[0m[2m:[0m 🔍 Fetching transaction details for: 0x11fdc198237e1fdb55b7fe6a089aded4c29ba8c6bf7345d2aac7bde3aaa5e815
[2m2025-12-10T10:11:02.127305Z[0m [34mDEBUG[0m [2methereum_transaction_pool_monitor::eth_client[0m[2m:[0m 🔍 Fetching transaction details for hash: 0x11fdc198237e1fdb55b7fe6a089aded4c29ba8c6bf7345d2aac7bde3aaa5e815
[2m2025-12-10T10:11:02.127324Z[0m [34mDEBUG[0m [2mhyper::client::pool[0m[2m:[0m reuse idle connection for ("http", 192.168.0.14:8545)
[2m2025-12-10T10:11:02.127377Z[0m [34mDEBUG[0m [2mhyper::proto::h1::io[0m[2m:[0m flushed 250 bytes
[2m2025-12-10T10:11:02.127418Z[0m [34mDEBUG[0m [2mhyper::client::pool[0m[2m:[0m reuse idle connection for ("http", 192.168.0.14:8545)
[2m2025-12-10T10:11:02.127436Z[0m [34mDEBUG[0m [2mhyper::proto::h1::io[0m[2m:[0m flushed 172 bytes
[2m2025-12-10T10:11:02.133254Z[0m [34mDEBUG[0m [2mhyper::proto::h1::io[0m[2m:[0m parsed 4 headers
[2m2025-12-10T10:11:02.133267Z[0m [34mDEBUG[0m [2mhyper::proto::h1::conn[0m[2m:[0m incoming body is content-length (678 bytes)
[2m2025-12-10T10:11:02.133275Z[0m [34mDEBUG[0m [2mhyper::proto::h1::conn[0m[2m:[0m incoming body completed
[2m2025-12-10T10:11:02.133285Z[0m [34mDEBUG[0m [2mhyper::client::pool[0m[2m:[0m pooling idle connection for ("http", 192.168.0.14:8545)
[2m2025-12-10T10:11:02.133291Z[0m [34mDEBUG[0m [2methereum_transaction_pool_monitor::eth_client[0m[2m:[0m 📡 Transaction fetch RPC completed in 5.981292ms
[2m2025-12-10T10:11:02.251474Z[0m [34mDEBUG[0m [2methereum_transaction_pool_monitor::eth_client[0m[2m:[0m ✅ Transaction 0x11fdc198237e1fdb55b7fe6a089aded4c29ba8c6bf7345d2aac7bde3aaa5e815 fetched and parsed in 124.1615ms
[2m2025-12-10T10:11:02.251502Z[0m [34mDEBUG[0m [2methereum_transaction_pool_monitor::mempool_monitor[0m[2m:[0m 🔍 Skipping tx 0x11fdc198237e1fdb55b7fe6a089aded4c29ba8c6bf7345d2aac7bde3aaa5e815 - not a DEX interaction (target: 0x8a462E6a0051d006E33152FBEaDFB9A14198DE30)
[2m2025-12-10T10:11:02.251513Z[0m [34mDEBUG[0m [2methereum_transaction_pool_monitor::mempool_monitor[0m[2m:[0m 📨 Processing new pending transaction: 0xbb793f421c6a9b4c0bb22cc9e195c83780ab42a7d6a2a69ec09d3b7f511c299a
[2m2025-12-10T10:11:02.251520Z[0m [34mDEBUG[0m [2methereum_transaction_pool_monitor::mempool_monitor[0m[2m:[0m 🔍 Fetching transaction details for: 0xbb793f421c6a9b4c0bb22cc9e195c83780ab42a7d6a2a69ec09d3b7f511c299a
[2m2025-12-10T10:11:02.251526Z[0m [34mDEBUG[0m [2methereum_transaction_pool_monitor::eth_client[0m[2m:[0m 🔍 Fetching transaction details for hash: 0xbb793f421c6a9b4c0bb22cc9e195c83780ab42a7d6a2a69ec09d3b7f511c299a
[2m2025-12-10T10:11:02.251545Z[0m [34mDEBUG[0m [2mhyper::client::pool[0m[2m:[0m reuse idle connection for ("http", 192.168.0.14:8545)
[2m2025-12-10T10:11:02.251592Z[0m [34mDEBUG[0m [2mhyper::proto::h1::io[0m[2m:[0m flushed 250 bytes
[2m2025-12-10T10:11:02.251609Z[0m [34mDEBUG[0m [2methereum_transaction_pool_monitor::eth_client[0m[2m:[0m 📨 Received WebSocket message: {"jsonrpc":"2.0","method":"eth_subscription","params":{"subscription":"0xbed0a0851463e895960a451075a301a9","result":"0x880fe8391f253473781e269c4793e34e2b814dae5c06e9217a4d23431e2ddcfb"}}
[2m2025-12-10T10:11:02.251616Z[0m [34mDEBUG[0m [2methereum_transaction_pool_monitor::eth_client[0m[2m:[0m 📨 Received pending transaction: 0x880fe8391f253473781e269c4793e34e2b814dae5c06e9217a4d23431e2ddcfb
[2m2025-12-10T10:11:02.251621Z[0m [34mDEBUG[0m [2methereum_transaction_pool_monitor::eth_client[0m[2m:[0m 📨 Received WebSocket message: {"jsonrpc":"2.0","method":"eth_subscription","params":{"subscription":"0xbed0a0851463e895960a451075a301a9","result":"0xc0f0db986ac2c90caca0aff05ebecbbd7f0f59b35f61fba66dd16515012744e2"}}
[2m2025-12-10T10:11:02.251626Z[0m [34mDEBUG[0m [2mhyper::proto::h1::io[0m[2m:[0m parsed 4 headers
[2m2025-12-10T10:11:02.251626Z[0m [34mDEBUG[0m [2methereum_transaction_pool_monitor::eth_client[0m[2m:[0m 📨 Received pending transaction: 0xc0f0db986ac2c90caca0aff05ebecbbd7f0f59b35f61fba66dd16515012744e2
[2m2025-12-10T10:11:02.251636Z[0m [34mDEBUG[0m [2mhyper::proto::h1::conn[0m[2m:[0m incoming body is content-length (45 bytes)
[2m2025-12-10T10:11:02.251640Z[0m [34mDEBUG[0m [2methereum_transaction_pool_monitor::eth_client[0m[2m:[0m 📨 Received WebSocket message: {"jsonrpc":"2.0","method":"eth_subscription","params":{"subscription":"0xbed0a0851463e895960a451075a301a9","result":"0x9d835126ba10bbd5b5f47d179ae80d728ccbc929a97f5edda5148be87002a84a"}}
[2m2025-12-10T10:11:02.251645Z[0m [34mDEBUG[0m [2mhyper::proto::h1::conn[0m[2m:[0m incoming body completed
[2m2025-12-10T10:11:02.251647Z[0m [34mDEBUG[0m [2methereum_transaction_pool_monitor::eth_client[0m[2m:[0m 📨 Received pending transaction: 0x9d835126ba10bbd5b5f47d179ae80d728ccbc929a97f5edda5148be87002a84a
[2m2025-12-10T10:11:02.251656Z[0m [34mDEBUG[0m [2mhyper::client::pool[0m[2m:[0m pooling idle connection for ("http", 192.168.0.14:8545)
[2m2025-12-10T10:11:02.251672Z[0m [34mDEBUG[0m [2mhyper::client::pool[0m[2m:[0m reuse idle connection for ("http", 192.168.0.14:8545)
[2m2025-12-10T10:11:02.251689Z[0m [34mDEBUG[0m [2mhyper::proto::h1::io[0m[2m:[0m flushed 172 bytes
[2m2025-12-10T10:11:02.255098Z[0m [34mDEBUG[0m [2mhyper::proto::h1::io[0m[2m:[0m parsed 4 headers
[2m2025-12-10T10:11:02.255106Z[0m [34mDEBUG[0m [2mhyper::proto::h1::conn[0m[2m:[0m incoming body is content-length (2240 bytes)
[2m2025-12-10T10:11:02.255118Z[0m [34mDEBUG[0m [2methereum_transaction_pool_monitor::eth_client[0m[2m:[0m 📡 Transaction fetch RPC completed in 3.585ms
[2m2025-12-10T10:11:02.256316Z[0m [34mDEBUG[0m [2mhyper::proto::h1::conn[0m[2m:[0m incoming body completed
[2m2025-12-10T10:11:02.256325Z[0m [34mDEBUG[0m [2mhyper::client::pool[0m[2m:[0m pooling idle connection for ("http", 192.168.0.14:8545)
[2m2025-12-10T10:11:02.259271Z[0m [34mDEBUG[0m [2mhyper::proto::h1::io[0m[2m:[0m parsed 4 headers
[2m2025-12-10T10:11:02.259287Z[0m [34mDEBUG[0m [2mhyper::proto::h1::conn[0m[2m:[0m incoming body is content-length (45 bytes)
[2m2025-12-10T10:11:02.259294Z[0m [34mDEBUG[0m [2mhyper::proto::h1::conn[0m[2m:[0m incoming body completed
[2m2025-12-10T10:11:02.259303Z[0m [34mDEBUG[0m [2mhyper::client::pool[0m[2m:[0m pooling idle connection for ("http", 192.168.0.14:8545)
[2m2025-12-10T10:11:02.298720Z[0m [34mDEBUG[0m [2mhyper::client::pool[0m[2m:[0m reuse idle connection for ("http", 192.168.0.14:8545)
[2m2025-12-10T10:11:02.298780Z[0m [34mDEBUG[0m [2mhyper::proto::h1::io[0m[2m:[0m flushed 172 bytes
[2m2025-12-10T10:11:02.303047Z[0m [34mDEBUG[0m [2mhyper::proto::h1::io[0m[2m:[0m parsed 4 headers
[2m2025-12-10T10:11:02.303058Z[0m [34mDEBUG[0m [2mhyper::proto::h1::conn[0m[2m:[0m incoming body is content-length (45 bytes)
[2m2025-12-10T10:11:02.303065Z[0m [34mDEBUG[0m [2mhyper::proto::h1::conn[0m[2m:[0m incoming body completed
[2m2025-12-10T10:11:02.303074Z[0m [34mDEBUG[0m [2mhyper::client::pool[0m[2m:[0m pooling idle connection for ("http", 192.168.0.14:8545)
[2m2025-12-10T10:11:02.325371Z[0m [34mDEBUG[0m [2methereum_transaction_pool_monitor::eth_client[0m[2m:[0m ✅ Transaction 0xbb793f421c6a9b4c0bb22cc9e195c83780ab42a7d6a2a69ec09d3b7f511c299a fetched and parsed in 73.835958ms
[2m2025-12-10T10:11:02.325397Z[0m [34mDEBUG[0m [2methereum_transaction_pool_monitor::mempool_monitor[0m[2m:[0m 🔍 Skipping tx 0xbb793f421c6a9b4c0bb22cc9e195c83780ab42a7d6a2a69ec09d3b7f511c299a - not a DEX interaction (target: 0x0aAa344A495CC3b23B1f264894F7f6889E929b36)
[2m2025-12-10T10:11:02.325407Z[0m [34mDEBUG[0m [2methereum_transaction_pool_monitor::mempool_monitor[0m[2m:[0m 📨 Processing new pending transaction: 0xbf3b8f10dde27736338471a5a7a4a6b434cda32d820fe418f4477bd74ec8e0ae
[2m2025-12-10T10:11:02.325411Z[0m [34mDEBUG[0m [2methereum_transaction_pool_monitor::mempool_monitor[0m[2m:[0m 🔍 Fetching transaction details for: 0xbf3b8f10dde27736338471a5a7a4a6b434cda32d820fe418f4477bd74ec8e0ae
[2m2025-12-10T10:11:02.325416Z[0m [34mDEBUG[0m [2methereum_transaction_pool_monitor::eth_client[0m[2m:[0m 🔍 Fetching transaction details for hash: 0xbf3b8f10dde27736338471a5a7a4a6b434cda32d820fe418f4477bd74ec8e0ae
[2m2025-12-10T10:11:02.325433Z[0m [34mDEBUG[0m [2mhyper::client::pool[0m[2m:[0m reuse idle connection for ("http", 192.168.0.14:8545)
[2m2025-12-10T10:11:02.325480Z[0m [34mDEBUG[0m [2mhyper::proto::h1::io[0m[2m:[0m flushed 250 bytes
[2m2025-12-10T10:11:02.331445Z[0m [34mDEBUG[0m [2mhyper::proto::h1::io[0m[2m:[0m parsed 4 headers
[2m2025-12-10T10:11:02.331464Z[0m [34mDEBUG[0m [2mhyper::proto::h1::conn[0m[2m:[0m incoming body is content-length (644 bytes)
[2m2025-12-10T10:11:02.331473Z[0m [34mDEBUG[0m [2mhyper::proto::h1::conn[0m[2m:[0m incoming body completed
[2m2025-12-10T10:11:02.331484Z[0m [34mDEBUG[0m [2mhyper::client::pool[0m[2m:[0m pooling idle connection for ("http", 192.168.0.14:8545)
[2m2025-12-10T10:11:02.331492Z[0m [34mDEBUG[0m [2methereum_transaction_pool_monitor::eth_client[0m[2m:[0m 📡 Transaction fetch RPC completed in 6.072166ms
[2m2025-12-10T10:11:02.402159Z[0m [34mDEBUG[0m [2methereum_transaction_pool_monitor::eth_client[0m[2m:[0m ✅ Transaction 0xbf3b8f10dde27736338471a5a7a4a6b434cda32d820fe418f4477bd74ec8e0ae fetched and parsed in 76.737ms
[2m2025-12-10T10:11:02.405838Z[0m [34mDEBUG[0m [2methereum_transaction_pool_monitor::mempool_monitor[0m[2m:[0m 🔍 Skipping tx 0xbf3b8f10dde27736338471a5a7a4a6b434cda32d820fe418f4477bd74ec8e0ae - not a DEX interaction (target: 0xb01007916Cf90C1610E7429eAeE53b2C0A4588a8)
[2m2025-12-10T10:11:02.405850Z[0m [34mDEBUG[0m [2methereum_transaction_pool_monitor::mempool_monitor[0m[2m:[0m 📨 Processing new pending transaction: 0x8bb67759b1b72112a08451e5cb4f2d84495f3239c6c7269838d377f0bb23759d
[2m2025-12-10T10:11:02.405857Z[0m [34mDEBUG[0m [2methereum_transaction_pool_monitor::mempool_monitor[0m[2m:[0m 🔍 Fetching transaction details for: 0x8bb67759b1b72112a08451e5cb4f2d84495f3239c6c7269838d377f0bb23759d
[2m2025-12-10T10:11:02.405862Z[0m [34mDEBUG[0m [2methereum_transaction_pool_monitor::eth_client[0m[2m:[0m 🔍 Fetching transaction details for hash: 0x8bb67759b1b72112a08451e5cb4f2d84495f3239c6c7269838d377f0bb23759d
[2m2025-12-10T10:11:02.405880Z[0m [34mDEBUG[0m [2mhyper::client::pool[0m[2m:[0m reuse idle connection for ("http", 192.168.0.14:8545)
[2m2025-12-10T10:11:02.405921Z[0m [34mDEBUG[0m [2mhyper::proto::h1::io[0m[2m:[0m flushed 250 bytes
[2m2025-12-10T10:11:02.405938Z[0m [34mDEBUG[0m [2mhyper::client::pool[0m[2m:[0m reuse idle connection for ("http", 192.168.0.14:8545)
[2m2025-12-10T10:11:02.405952Z[0m [34mDEBUG[0m [2mhyper::proto::h1::io[0m[2m:[0m flushed 172 bytes
[2m2025-12-10T10:11:02.405953Z[0m [34mDEBUG[0m [2methereum_transaction_pool_monitor::eth_client[0m[2m:[0m 📨 Received WebSocket message: {"jsonrpc":"2.0","method":"eth_subscription","params":{"subscription":"0xbed0a0851463e895960a451075a301a9","result":"0x34613d45533582e3da3c0ca48e2876ec041ae496a4ef3e18a5c91aaa57b1eb0a"}}
[2m2025-12-10T10:11:02.405964Z[0m [34mDEBUG[0m [2methereum_transaction_pool_monitor::eth_client[0m[2m:[0m 📨 Received pending transaction: 0x34613d45533582e3da3c0ca48e2876ec041ae496a4ef3e18a5c91aaa57b1eb0a
[2m2025-12-10T10:11:02.405969Z[0m [34mDEBUG[0m [2methereum_transaction_pool_monitor::eth_client[0m[2m:[0m 📨 Received WebSocket message: {"jsonrpc":"2.0","method":"eth_subscription","params":{"subscription":"0xbed0a0851463e895960a451075a301a9","result":"0x662a05b1304fcb53e693934dec419856b5105ac4c1e0b653aeddbe01b1349642"}}
[2m2025-12-10T10:11:02.405975Z[0m [34mDEBUG[0m [2methereum_transaction_pool_monitor::eth_client[0m[2m:[0m 📨 Received pending transaction: 0x662a05b1304fcb53e693934dec419856b5105ac4c1e0b653aeddbe01b1349642
[2m2025-12-10T10:11:02.409009Z[0m [34mDEBUG[0m [2mhyper::proto::h1::io[0m[2m:[0m parsed 4 headers
[2m2025-12-10T10:11:02.409016Z[0m [34mDEBUG[0m [2mhyper::proto::h1::conn[0m[2m:[0m incoming body is content-length (674 bytes)
[2m2025-12-10T10:11:02.409023Z[0m [34mDEBUG[0m [2mhyper::proto::h1::conn[0m[2m:[0m incoming body completed
[2m2025-12-10T10:11:02.409031Z[0m [34mDEBUG[0m [2mhyper::client::pool[0m[2m:[0m pooling idle connection for ("http", 192.168.0.14:8545)
[2m2025-12-10T10:11:02.409037Z[0m [34mDEBUG[0m [2methereum_transaction_pool_monitor::eth_client[0m[2m:[0m 📡 Transaction fetch RPC completed in 3.169708ms
[2m2025-12-10T10:11:02.478729Z[0m [34mDEBUG[0m [2methereum_transaction_pool_monitor::eth_client[0m[2m:[0m ✅ Transaction 0x8bb67759b1b72112a08451e5cb4f2d84495f3239c6c7269838d377f0bb23759d fetched and parsed in 72.858792ms
[2m2025-12-10T10:11:02.478748Z[0m [34mDEBUG[0m [2methereum_transaction_pool_monitor::mempool_monitor[0m[2m:[0m 🔍 Skipping tx 0x8bb67759b1b72112a08451e5cb4f2d84495f3239c6c7269838d377f0bb23759d - not a DEX interaction (target: 0x45804880De22913dAFE09f4980848ECE6EcbAf78)
[2m2025-12-10T10:11:02.478756Z[0m [34mDEBUG[0m [2methereum_transaction_pool_monitor::mempool_monitor[0m[2m:[0m 📨 Processing new pending transaction: 0x880fe8391f253473781e269c4793e34e2b814dae5c06e9217a4d23431e2ddcfb
[2m2025-12-10T10:11:02.478760Z[0m [34mDEBUG[0m [2methereum_transaction_pool_monitor::mempool_monitor[0m[2m:[0m 🔍 Fetching transaction details for: 0x880fe8391f253473781e269c4793e34e2b814dae5c06e9217a4d23431e2ddcfb
[2m2025-12-10T10:11:02.478765Z[0m [34mDEBUG[0m [2methereum_transaction_pool_monitor::eth_client[0m[2m:[0m 🔍 Fetching transaction details for hash: 0x880fe8391f253473781e269c4793e34e2b814dae5c06e9217a4d23431e2ddcfb
[2m2025-12-10T10:11:02.478781Z[0m [34mDEBUG[0m [2mhyper::client::pool[0m[2m:[0m reuse idle connection for ("http", 192.168.0.14:8545)
[2m2025-12-10T10:11:02.478819Z[0m [34mDEBUG[0m [2mhyper::proto::h1::io[0m[2m:[0m flushed 250 bytes
[2m2025-12-10T10:11:02.478842Z[0m [34mDEBUG[0m [2methereum_transaction_pool_monitor::eth_client[0m[2m:[0m 📨 Received WebSocket message: {"jsonrpc":"2.0","method":"eth_subscription","params":{"subscription":"0xbed0a0851463e895960a451075a301a9","result":"0xdc46b8b768be7aa681ac514a6084f9b8f5063024fe67a370f84eb22a4eca8af3"}}
[2m2025-12-10T10:11:02.478862Z[0m [34mDEBUG[0m [2mhyper::proto::h1::io[0m[2m:[0m parsed 4 headers
[2m2025-12-10T10:11:02.479036Z[0m [34mDEBUG[0m [2methereum_transaction_pool_monitor::eth_client[0m[2m:[0m 📨 Received pending transaction: 0xdc46b8b768be7aa681ac514a6084f9b8f5063024fe67a370f84eb22a4eca8af3
[2m2025-12-10T10:11:02.479057Z[0m [34mDEBUG[0m [2mhyper::proto::h1::conn[0m[2m:[0m incoming body is content-length (45 bytes)
[2m2025-12-10T10:11:02.479067Z[0m [34mDEBUG[0m [2methereum_transaction_pool_monitor::eth_client[0m[2m:[0m 📨 Received WebSocket message: {"jsonrpc":"2.0","method":"eth_subscription","params":{"subscription":"0xbed0a0851463e895960a451075a301a9","result":"0x4d03222000dc6ade331d10304e02c3dd9640e6d2310f041ac683f70160208bc5"}}
[2m2025-12-10T10:11:02.479092Z[0m [34mDEBUG[0m [2mhyper::proto::h1::conn[0m[2m:[0m incoming body completed
[2m2025-12-10T10:11:02.479108Z[0m [34mDEBUG[0m [2methereum_transaction_pool_monitor::eth_client[0m[2m:[0m 📨 Received pending transaction: 0x4d03222000dc6ade331d10304e02c3dd9640e6d2310f041ac683f70160208bc5
[2m2025-12-10T10:11:02.479129Z[0m [34mDEBUG[0m [2methereum_transaction_pool_monitor::eth_client[0m[2m:[0m 📨 Received WebSocket message: {"jsonrpc":"2.0","method":"eth_subscription","params":{"subscription":"0xbed0a0851463e895960a451075a301a9","result":"0xfdc6c29d209c6095f346488fef0211a5075ad27bbcc97f2bf5ab06d7750c4b30"}}
[2m2025-12-10T10:11:02.479131Z[0m [34mDEBUG[0m [2mhyper::client::pool[0m[2m:[0m pooling idle connection for ("http", 192.168.0.14:8545)
[2m2025-12-10T10:11:02.479143Z[0m [34mDEBUG[0m [2methereum_transaction_pool_monitor::eth_client[0m[2m:[0m 📨 Received pending transaction: 0xfdc6c29d209c6095f346488fef0211a5075ad27bbcc97f2bf5ab06d7750c4b30
[2m2025-12-10T10:11:02.481454Z[0m [34mDEBUG[0m [2mhyper::proto::h1::io[0m[2m:[0m parsed 4 headers
[2m2025-12-10T10:11:02.481465Z[0m [34mDEBUG[0m [2mhyper::proto::h1::conn[0m[2m:[0m incoming body is content-length (2756 bytes)
[2m2025-12-10T10:11:02.481478Z[0m [34mDEBUG[0m [2methereum_transaction_pool_monitor::eth_client[0m[2m:[0m 📡 Transaction fetch RPC completed in 2.709667ms
[2m2025-12-10T10:11:02.481968Z[0m [34mDEBUG[0m [2mhyper::proto::h1::conn[0m[2m:[0m incoming body completed
[2m2025-12-10T10:11:02.482004Z[0m [34mDEBUG[0m [2mhyper::client::pool[0m[2m:[0m pooling idle connection for ("http", 192.168.0.14:8545)
[2m2025-12-10T10:11:02.497136Z[0m [34mDEBUG[0m [2mhyper::client::pool[0m[2m:[0m reuse idle connection for ("http", 192.168.0.14:8545)
[2m2025-12-10T10:11:02.497182Z[0m [34mDEBUG[0m [2mhyper::proto::h1::io[0m[2m:[0m flushed 172 bytes
[2m2025-12-10T10:11:02.501826Z[0m [34mDEBUG[0m [2mhyper::proto::h1::io[0m[2m:[0m parsed 4 headers
[2m2025-12-10T10:11:02.501836Z[0m [34mDEBUG[0m [2mhyper::proto::h1::conn[0m[2m:[0m incoming body is content-length (45 bytes)
[2m2025-12-10T10:11:02.501844Z[0m [34mDEBUG[0m [2mhyper::proto::h1::conn[0m[2m:[0m incoming body completed
[2m2025-12-10T10:11:02.501852Z[0m [34mDEBUG[0m [2mhyper::client::pool[0m[2m:[0m pooling idle connection for ("http", 192.168.0.14:8545)
[2m2025-12-10T10:11:02.551920Z[0m [34mDEBUG[0m [2methereum_transaction_pool_monitor::eth_client[0m[2m:[0m ✅ Transaction 0x880fe8391f253473781e269c4793e34e2b814dae5c06e9217a4d23431e2ddcfb fetched and parsed in 73.149625ms
[2m2025-12-10T10:11:02.551940Z[0m [34mDEBUG[0m [2methereum_transaction_pool_monitor::mempool_monitor[0m[2m:[0m 🔍 Skipping tx 0x880fe8391f253473781e269c4793e34e2b814dae5c06e9217a4d23431e2ddcfb - not a DEX interaction (target: 0x0000000000000068F116a894984e2DB1123eB395)
[2m2025-12-10T10:11:02.551950Z[0m [34mDEBUG[0m [2methereum_transaction_pool_monitor::mempool_monitor[0m[2m:[0m 📨 Processing new pending transaction: 0xc0f0db986ac2c90caca0aff05ebecbbd7f0f59b35f61fba66dd16515012744e2
[2m2025-12-10T10:11:02.551955Z[0m [34mDEBUG[0m [2methereum_transaction_pool_monitor::mempool_monitor[0m[2m:[0m 🔍 Fetching transaction details for: 0xc0f0db986ac2c90caca0aff05ebecbbd7f0f59b35f61fba66dd16515012744e2
[2m2025-12-10T10:11:02.551959Z[0m [34mDEBUG[0m [2methereum_transaction_pool_monitor::eth_client[0m[2m:[0m 🔍 Fetching transaction details for hash: 0xc0f0db986ac2c90caca0aff05ebecbbd7f0f59b35f61fba66dd16515012744e2
[2m2025-12-10T10:11:02.551978Z[0m [34mDEBUG[0m [2mhyper::client::pool[0m[2m:[0m reuse idle connection for ("http", 192.168.0.14:8545)
[2m2025-12-10T10:11:02.552024Z[0m [34mDEBUG[0m [2mhyper::proto::h1::io[0m[2m:[0m flushed 250 bytes
[2m2025-12-10T10:11:02.555302Z[0m [34mDEBUG[0m [2mhyper::proto::h1::io[0m[2m:[0m parsed 4 headers
[2m2025-12-10T10:11:02.555309Z[0m [34mDEBUG[0m [2mhyper::proto::h1::conn[0m[2m:[0m incoming body is content-length (676 bytes)
[2m2025-12-10T10:11:02.555317Z[0m [34mDEBUG[0m [2mhyper::proto::h1::conn[0m[2m:[0m incoming body completed
[2m2025-12-10T10:11:02.555325Z[0m [34mDEBUG[0m [2mhyper::client::pool[0m[2m:[0m pooling idle connection for ("http", 192.168.0.14:8545)
[2m2025-12-10T10:11:02.555331Z[0m [34mDEBUG[0m [2methereum_transaction_pool_monitor::eth_client[0m[2m:[0m 📡 Transaction fetch RPC completed in 3.367542ms
[2m2025-12-10T10:11:02.623649Z[0m [34mDEBUG[0m [2methereum_transaction_pool_monitor::eth_client[0m[2m:[0m ✅ Transaction 0xc0f0db986ac2c90caca0aff05ebecbbd7f0f59b35f61fba66dd16515012744e2 fetched and parsed in 71.683792ms
[2m2025-12-10T10:11:02.626415Z[0m [34mDEBUG[0m [2methereum_transaction_pool_monitor::mempool_monitor[0m[2m:[0m 🔍 Skipping tx 0xc0f0db986ac2c90caca0aff05ebecbbd7f0f59b35f61fba66dd16515012744e2 - not a DEX interaction (target: 0xdA5e1988097297dCdc1f90D4dFE7909e847CBeF6)
[2m2025-12-10T10:11:02.626426Z[0m [34mDEBUG[0m [2methereum_transaction_pool_monitor::mempool_monitor[0m[2m:[0m 📨 Processing new pending transaction: 0x9d835126ba10bbd5b5f47d179ae80d728ccbc929a97f5edda5148be87002a84a
[2m2025-12-10T10:11:02.626434Z[0m [34mDEBUG[0m [2methereum_transaction_pool_monitor::mempool_monitor[0m[2m:[0m 🔍 Fetching transaction details for: 0x9d835126ba10bbd5b5f47d179ae80d728ccbc929a97f5edda5148be87002a84a
[2m2025-12-10T10:11:02.626440Z[0m [34mDEBUG[0m [2methereum_transaction_pool_monitor::eth_client[0m[2m:[0m 🔍 Fetching transaction details for hash: 0x9d835126ba10bbd5b5f47d179ae80d728ccbc929a97f5edda5148be87002a84a
[2m2025-12-10T10:11:02.626461Z[0m [34mDEBUG[0m [2mhyper::client::pool[0m[2m:[0m reuse idle connection for ("http", 192.168.0.14:8545)
[2m2025-12-10T10:11:02.626509Z[0m [34mDEBUG[0m [2mhyper::proto::h1::io[0m[2m:[0m flushed 250 bytes
[2m2025-12-10T10:11:02.626545Z[0m [34mDEBUG[0m [2mhyper::client::pool[0m[2m:[0m reuse idle connection for ("http", 192.168.0.14:8545)
[2m2025-12-10T10:11:02.626560Z[0m [34mDEBUG[0m [2mhyper::proto::h1::io[0m[2m:[0m flushed 172 bytes
[2m2025-12-10T10:11:02.630825Z[0m [34mDEBUG[0m [2mhyper::proto::h1::io[0m[2m:[0m parsed 4 headers
[2m2025-12-10T10:11:02.630831Z[0m [34mDEBUG[0m [2mhyper::proto::h1::conn[0m[2m:[0m incoming body is content-length (646 bytes)
[2m2025-12-10T10:11:02.630838Z[0m [34mDEBUG[0m [2mhyper::proto::h1::conn[0m[2m:[0m incoming body completed
[2m2025-12-10T10:11:02.630845Z[0m [34mDEBUG[0m [2mhyper::client::pool[0m[2m:[0m pooling idle connection for ("http", 192.168.0.14:8545)
[2m2025-12-10T10:11:02.630850Z[0m [34mDEBUG[0m [2methereum_transaction_pool_monitor::eth_client[0m[2m:[0m 📡 Transaction fetch RPC completed in 4.402209ms
[2m2025-12-10T10:11:02.770898Z[0m [34mDEBUG[0m [2methereum_transaction_pool_monitor::eth_client[0m[2m:[0m ✅ Transaction 0x9d835126ba10bbd5b5f47d179ae80d728ccbc929a97f5edda5148be87002a84a fetched and parsed in 144.44725ms
[2m2025-12-10T10:11:02.770961Z[0m [34mDEBUG[0m [2methereum_transaction_pool_monitor::mempool_monitor[0m[2m:[0m 🔍 Skipping tx 0x9d835126ba10bbd5b5f47d179ae80d728ccbc929a97f5edda5148be87002a84a - not a DEX interaction (target: 0xA26148AE51fa8E787DF319C04137602Cc018b521)
[2m2025-12-10T10:11:02.770973Z[0m [34mDEBUG[0m [2methereum_transaction_pool_monitor::mempool_monitor[0m[2m:[0m 📨 Processing new pending transaction: 0x34613d45533582e3da3c0ca48e2876ec041ae496a4ef3e18a5c91aaa57b1eb0a
[2m2025-12-10T10:11:02.770979Z[0m [34mDEBUG[0m [2methereum_transaction_pool_monitor::mempool_monitor[0m[2m:[0m 🔍 Fetching transaction details for: 0x34613d45533582e3da3c0ca48e2876ec041ae496a4ef3e18a5c91aaa57b1eb0a
[2m2025-12-10T10:11:02.770984Z[0m [34mDEBUG[0m [2methereum_transaction_pool_monitor::eth_client[0m[2m:[0m 🔍 Fetching transaction details for hash: 0x34613d45533582e3da3c0ca48e2876ec041ae496a4ef3e18a5c91aaa57b1eb0a
[2m2025-12-10T10:11:02.771004Z[0m [34mDEBUG[0m [2mhyper::client::pool[0m[2m:[0m reuse idle connection for ("http", 192.168.0.14:8545)
[2m2025-12-10T10:11:02.771043Z[0m [34mDEBUG[0m [2mhyper::proto::h1::io[0m[2m:[0m flushed 250 bytes
[2m2025-12-10T10:11:02.771061Z[0m [34mDEBUG[0m [2mhyper::proto::h1::io[0m[2m:[0m parsed 4 headers
[2m2025-12-10T10:11:02.771066Z[0m [34mDEBUG[0m [2methereum_transaction_pool_monitor::eth_client[0m[2m:[0m 📨 Received WebSocket message: {"jsonrpc":"2.0","method":"eth_subscription","params":{"subscription":"0xbed0a0851463e895960a451075a301a9","result":"0x3552785dc36c584960ae1e9f4f6eeeae067fa50fcc80a18b8640d1cbb34a5468"}}
[2m2025-12-10T10:11:02.771067Z[0m [34mDEBUG[0m [2mhyper::proto::h1::conn[0m[2m:[0m incoming body is content-length (45 bytes)
[2m2025-12-10T10:11:02.771080Z[0m [34mDEBUG[0m [2methereum_transaction_pool_monitor::eth_client[0m[2m:[0m 📨 Received pending transaction: 0x3552785dc36c584960ae1e9f4f6eeeae067fa50fcc80a18b8640d1cbb34a5468
[2m2025-12-10T10:11:02.771091Z[0m [34mDEBUG[0m [2mhyper::proto::h1::conn[0m[2m:[0m incoming body completed
[2m2025-12-10T10:11:02.771093Z[0m [34mDEBUG[0m [2methereum_transaction_pool_monitor::eth_client[0m[2m:[0m 📨 Received WebSocket message: {"jsonrpc":"2.0","method":"eth_subscription","params":{"subscription":"0xbed0a0851463e895960a451075a301a9","result":"0x5740671cce5f2820201c8a028423696b1f34b6ae015cff9ed7ed520d3e8745a4"}}
[2m2025-12-10T10:11:02.771101Z[0m [34mDEBUG[0m [2mhyper::client::pool[0m[2m:[0m pooling idle connection for ("http", 192.168.0.14:8545)
[2m2025-12-10T10:11:02.771104Z[0m [34mDEBUG[0m [2methereum_transaction_pool_monitor::eth_client[0m[2m:[0m 📨 Received pending transaction: 0x5740671cce5f2820201c8a028423696b1f34b6ae015cff9ed7ed520d3e8745a4
[2m2025-12-10T10:11:02.771112Z[0m [34mDEBUG[0m [2methereum_transaction_pool_monitor::eth_client[0m[2m:[0m 📨 Received WebSocket message: {"jsonrpc":"2.0","method":"eth_subscription","params":{"subscription":"0xbed0a0851463e895960a451075a301a9","result":"0x4f918d85a2d316dbdef0eed95e6303f941fe14d47c86914f4602c6ee1a85d10b"}}
[2m2025-12-10T10:11:02.771117Z[0m [34mDEBUG[0m [2mhyper::client::pool[0m[2m:[0m reuse idle connection for ("http", 192.168.0.14:8545)
[2m2025-12-10T10:11:02.771118Z[0m [34mDEBUG[0m [2methereum_transaction_pool_monitor::eth_client[0m[2m:[0m 📨 Received pending transaction: 0x4f918d85a2d316dbdef0eed95e6303f941fe14d47c86914f4602c6ee1a85d10b
[2m2025-12-10T10:11:02.771132Z[0m [34mDEBUG[0m [2mhyper::proto::h1::io[0m[2m:[0m flushed 172 bytes
[2m2025-12-10T10:11:02.774477Z[0m [34mDEBUG[0m [2mhyper::proto::h1::io[0m[2m:[0m parsed 4 headers
[2m2025-12-10T10:11:02.774484Z[0m [34mDEBUG[0m [2mhyper::proto::h1::conn[0m[2m:[0m incoming body is content-length (839 bytes)
[2m2025-12-10T10:11:02.774490Z[0m [34mDEBUG[0m [2mhyper::proto::h1::conn[0m[2m:[0m incoming body completed
[2m2025-12-10T10:11:02.774497Z[0m [34mDEBUG[0m [2mhyper::client::pool[0m[2m:[0m pooling idle connection for ("http", 192.168.0.14:8545)
[2m2025-12-10T10:11:02.774502Z[0m [34mDEBUG[0m [2methereum_transaction_pool_monitor::eth_client[0m[2m:[0m 📡 Transaction fetch RPC completed in 3.514083ms
[2m2025-12-10T10:11:02.882602Z[0m [34mDEBUG[0m [2methereum_transaction_pool_monitor::eth_client[0m[2m:[0m ✅ Transaction 0x34613d45533582e3da3c0ca48e2876ec041ae496a4ef3e18a5c91aaa57b1eb0a fetched and parsed in 111.61175ms
[2m2025-12-10T10:11:02.882633Z[0m [34mDEBUG[0m [2methereum_transaction_pool_monitor::mempool_monitor[0m[2m:[0m 🔍 Skipping tx 0x34613d45533582e3da3c0ca48e2876ec041ae496a4ef3e18a5c91aaa57b1eb0a - not a DEX interaction (target: 0x76600115C5Cbe56d82bDe2Af8CAfb3801AEE5EFe)
[2m2025-12-10T10:11:02.882644Z[0m [34mDEBUG[0m [2methereum_transaction_pool_monitor::mempool_monitor[0m[2m:[0m 📨 Processing new pending transaction: 0x662a05b1304fcb53e693934dec419856b5105ac4c1e0b653aeddbe01b1349642
[2m2025-12-10T10:11:02.882658Z[0m [34mDEBUG[0m [2methereum_transaction_pool_monitor::mempool_monitor[0m[2m:[0m 🔍 Fetching transaction details for: 0x662a05b1304fcb53e693934dec419856b5105ac4c1e0b653aeddbe01b1349642
[2m2025-12-10T10:11:02.882665Z[0m [34mDEBUG[0m [2methereum_transaction_pool_monitor::eth_client[0m[2m:[0m 🔍 Fetching transaction details for hash: 0x662a05b1304fcb53e693934dec419856b5105ac4c1e0b653aeddbe01b1349642
[2m2025-12-10T10:11:02.882683Z[0m [34mDEBUG[0m [2mhyper::client::pool[0m[2m:[0m reuse idle connection for ("http", 192.168.0.14:8545)
[2m2025-12-10T10:11:02.882724Z[0m [34mDEBUG[0m [2mhyper::proto::h1::io[0m[2m:[0m flushed 250 bytes
[2m2025-12-10T10:11:02.882746Z[0m [34mDEBUG[0m [2methereum_transaction_pool_monitor::eth_client[0m[2m:[0m 📨 Received WebSocket message: {"jsonrpc":"2.0","method":"eth_subscription","params":{"subscription":"0xbed0a0851463e895960a451075a301a9","result":"0x0c7a9cfe4cd30597c7a57d522d1ebad6eed901247e9ffde97b9f6bb64da4edc3"}}
[2m2025-12-10T10:11:02.882755Z[0m [34mDEBUG[0m [2mhyper::proto::h1::io[0m[2m:[0m parsed 4 headers
[2m2025-12-10T10:11:02.882756Z[0m [34mDEBUG[0m [2methereum_transaction_pool_monitor::eth_client[0m[2m:[0m 📨 Received pending transaction: 0x0c7a9cfe4cd30597c7a57d522d1ebad6eed901247e9ffde97b9f6bb64da4edc3
[2m2025-12-10T10:11:02.882770Z[0m [34mDEBUG[0m [2mhyper::proto::h1::conn[0m[2m:[0m incoming body is content-length (45 bytes)
[2m2025-12-10T10:11:02.882792Z[0m [34mDEBUG[0m [2mhyper::proto::h1::conn[0m[2m:[0m incoming body completed
[2m2025-12-10T10:11:02.882804Z[0m [34mDEBUG[0m [2mhyper::client::pool[0m[2m:[0m pooling idle connection for ("http", 192.168.0.14:8545)
[2m2025-12-10T10:11:02.882825Z[0m [34mDEBUG[0m [2mhyper::client::pool[0m[2m:[0m reuse idle connection for ("http", 192.168.0.14:8545)
[2m2025-12-10T10:11:02.882846Z[0m [34mDEBUG[0m [2mhyper::proto::h1::io[0m[2m:[0m flushed 172 bytes
[2m2025-12-10T10:11:02.887190Z[0m [34mDEBUG[0m [2methereum_transaction_pool_monitor::eth_client[0m[2m:[0m 📨 Received WebSocket message: {"jsonrpc":"2.0","method":"eth_subscription","params":{"subscription":"0xbed0a0851463e895960a451075a301a9","result":"0x2e4becaac27d3cbf57b08d9d00e1128d5f54bf36b952ed86863b77560e5ebd8a"}}
[2m2025-12-10T10:11:02.887222Z[0m [34mDEBUG[0m [2methereum_transaction_pool_monitor::eth_client[0m[2m:[0m 📨 Received pending transaction: 0x2e4becaac27d3cbf57b08d9d00e1128d5f54bf36b952ed86863b77560e5ebd8a
[2m2025-12-10T10:11:02.893716Z[0m [34mDEBUG[0m [2methereum_transaction_pool_monitor::eth_client[0m[2m:[0m 📨 Received WebSocket message: {"jsonrpc":"2.0","method":"eth_subscription","params":{"subscription":"0xbed0a0851463e895960a451075a301a9","result":"0x04b313cc910e2189398e02551cdf641bfd5c40beb0c00418f400bf9f47ccdd60"}}
[2m2025-12-10T10:11:02.893730Z[0m [34mDEBUG[0m [2methereum_transaction_pool_monitor::eth_client[0m[2m:[0m 📨 Received pending transaction: 0x04b313cc910e2189398e02551cdf641bfd5c40beb0c00418f400bf9f47ccdd60
[2m2025-12-10T10:11:02.893752Z[0m [34mDEBUG[0m [2methereum_transaction_pool_monitor::eth_client[0m[2m:[0m 📨 Received WebSocket message: {"jsonrpc":"2.0","method":"eth_subscription","params":{"subscription":"0xbed0a0851463e895960a451075a301a9","result":"0xca57f89c19a3492e2011d91bb93639785dbecd3765b800962bbbe6ebe12c99ea"}}
[2m2025-12-10T10:11:02.893757Z[0m [34mDEBUG[0m [2methereum_transaction_pool_monitor::eth_client[0m[2m:[0m 📨 Received pending transaction: 0xca57f89c19a3492e2011d91bb93639785dbecd3765b800962bbbe6ebe12c99ea
[2m2025-12-10T10:11:02.893988Z[0m [34mDEBUG[0m [2mhyper::proto::h1::io[0m[2m:[0m parsed 4 headers
[2m2025-12-10T10:11:02.893995Z[0m [34mDEBUG[0m [2mhyper::proto::h1::conn[0m[2m:[0m incoming body is content-length (45 bytes)
[2m2025-12-10T10:11:02.893996Z[0m [34mDEBUG[0m [2mhyper::proto::h1::io[0m[2m:[0m parsed 4 headers
[2m2025-12-10T10:11:02.894011Z[0m [34mDEBUG[0m [2mhyper::proto::h1::conn[0m[2m:[0m incoming body is content-length (770 bytes)
[2m2025-12-10T10:11:02.894005Z[0m [34mDEBUG[0m [2mhyper::proto::h1::conn[0m[2m:[0m incoming body completed
[2m2025-12-10T10:11:02.894017Z[0m [34mDEBUG[0m [2mhyper::proto::h1::conn[0m[2m:[0m incoming body completed
[2m2025-12-10T10:11:02.894027Z[0m [34mDEBUG[0m [2mhyper::client::pool[0m[2m:[0m pooling idle connection for ("http", 192.168.0.14:8545)
[2m2025-12-10T10:11:02.894037Z[0m [34mDEBUG[0m [2mhyper::client::pool[0m[2m:[0m pooling idle connection for ("http", 192.168.0.14:8545)
[2m2025-12-10T10:11:02.894057Z[0m [34mDEBUG[0m [2methereum_transaction_pool_monitor::eth_client[0m[2m:[0m 📡 Transaction fetch RPC completed in 11.386459ms
[2m2025-12-10T10:11:02.897816Z[0m [34mDEBUG[0m [2mhyper::client::pool[0m[2m:[0m reuse idle connection for ("http", 192.168.0.14:8545)
[2m2025-12-10T10:11:02.897840Z[0m [34mDEBUG[0m [2mhyper::proto::h1::io[0m[2m:[0m flushed 172 bytes
[2m2025-12-10T10:11:02.902466Z[0m [34mDEBUG[0m [2mhyper::proto::h1::io[0m[2m:[0m parsed 4 headers
[2m2025-12-10T10:11:02.902473Z[0m [34mDEBUG[0m [2mhyper::proto::h1::conn[0m[2m:[0m incoming body is content-length (45 bytes)
[2m2025-12-10T10:11:02.902478Z[0m [34mDEBUG[0m [2mhyper::proto::h1::conn[0m[2m:[0m incoming body completed
[2m2025-12-10T10:11:02.902484Z[0m [34mDEBUG[0m [2mhyper::client::pool[0m[2m:[0m pooling idle connection for ("http", 192.168.0.14:8545)
[2m2025-12-10T10:11:02.906796Z[0m [34mDEBUG[0m [2methereum_transaction_pool_monitor::eth_client[0m[2m:[0m 📨 Received WebSocket message: {"jsonrpc":"2.0","method":"eth_subscription","params":{"subscription":"0xbed0a0851463e895960a451075a301a9","result":"0x0e1a3a4f9fa64c102c39c67f3102a0577777daeaf826b81fa25191b79f22a722"}}
[2m2025-12-10T10:11:02.906806Z[0m [34mDEBUG[0m [2methereum_transaction_pool_monitor::eth_client[0m[2m:[0m 📨 Received pending transaction: 0x0e1a3a4f9fa64c102c39c67f3102a0577777daeaf826b81fa25191b79f22a722
[2m2025-12-10T10:11:02.965512Z[0m [34mDEBUG[0m [2methereum_transaction_pool_monitor::eth_client[0m[2m:[0m ✅ Transaction 0x662a05b1304fcb53e693934dec419856b5105ac4c1e0b653aeddbe01b1349642 fetched and parsed in 82.838459ms
[2m2025-12-10T10:11:02.965540Z[0m [34mDEBUG[0m [2methereum_transaction_pool_monitor::mempool_monitor[0m[2m:[0m 🔍 Skipping tx 0x662a05b1304fcb53e693934dec419856b5105ac4c1e0b653aeddbe01b1349642 - not a DEX interaction (target: 0xA0b86991c6218b36c1d19D4a2e9Eb0cE3606eB48)
[2m2025-12-10T10:11:02.965551Z[0m [34mDEBUG[0m [2methereum_transaction_pool_monitor::mempool_monitor[0m[2m:[0m 📨 Processing new pending transaction: 0xdc46b8b768be7aa681ac514a6084f9b8f5063024fe67a370f84eb22a4eca8af3
[2m2025-12-10T10:11:02.965562Z[0m [34mDEBUG[0m [2methereum_transaction_pool_monitor::mempool_monitor[0m[2m:[0m 🔍 Fetching transaction details for: 0xdc46b8b768be7aa681ac514a6084f9b8f5063024fe67a370f84eb22a4eca8af3
[2m2025-12-10T10:11:02.965572Z[0m [34mDEBUG[0m [2methereum_transaction_pool_monitor::eth_client[0m[2m:[0m 🔍 Fetching transaction details for hash: 0xdc46b8b768be7aa681ac514a6084f9b8f5063024fe67a370f84eb22a4eca8af3
[2m2025-12-10T10:11:02.965591Z[0m [34mDEBUG[0m [2mhyper::client::pool[0m[2m:[0m reuse idle connection for ("http", 192.168.0.14:8545)
[2m2025-12-10T10:11:02.965629Z[0m [34mDEBUG[0m [2mhyper::proto::h1::io[0m[2m:[0m flushed 250 bytes
[2m2025-12-10T10:11:02.972168Z[0m [34mDEBUG[0m [2mhyper::proto::h1::io[0m[2m:[0m parsed 4 headers
[2m2025-12-10T10:11:02.972207Z[0m [34mDEBUG[0m [2mhyper::proto::h1::conn[0m[2m:[0m incoming body is content-length (768 bytes)
[2m2025-12-10T10:11:02.972225Z[0m [34mDEBUG[0m [2mhyper::proto::h1::conn[0m[2m:[0m incoming body completed
[2m2025-12-10T10:11:02.972249Z[0m [34mDEBUG[0m [2mhyper::client::pool[0m[2m:[0m pooling idle connection for ("http", 192.168.0.14:8545)
[2m2025-12-10T10:11:02.972257Z[0m [34mDEBUG[0m [2methereum_transaction_pool_monitor::eth_client[0m[2m:[0m 📡 Transaction fetch RPC completed in 6.680167ms
[2m2025-12-10T10:11:03.043750Z[0m [34mDEBUG[0m [2methereum_transaction_pool_monitor::eth_client[0m[2m:[0m ✅ Transaction 0xdc46b8b768be7aa681ac514a6084f9b8f5063024fe67a370f84eb22a4eca8af3 fetched and parsed in 78.171ms
[2m2025-12-10T10:11:03.043777Z[0m [34mDEBUG[0m [2methereum_transaction_pool_monitor::mempool_monitor[0m[2m:[0m 🔍 Skipping tx 0xdc46b8b768be7aa681ac514a6084f9b8f5063024fe67a370f84eb22a4eca8af3 - not a DEX interaction (target: 0xA0b86991c6218b36c1d19D4a2e9Eb0cE3606eB48)
[2m2025-12-10T10:11:03.043788Z[0m [34mDEBUG[0m [2methereum_transaction_pool_monitor::mempool_monitor[0m[2m:[0m 📨 Processing new pending transaction: 0x4d03222000dc6ade331d10304e02c3dd9640e6d2310f041ac683f70160208bc5
[2m2025-12-10T10:11:03.043794Z[0m [34mDEBUG[0m [2methereum_transaction_pool_monitor::mempool_monitor[0m[2m:[0m 🔍 Fetching transaction details for: 0x4d03222000dc6ade331d10304e02c3dd9640e6d2310f041ac683f70160208bc5
[2m2025-12-10T10:11:03.043800Z[0m [34mDEBUG[0m [2methereum_transaction_pool_monitor::eth_client[0m[2m:[0m 🔍 Fetching transaction details for hash: 0x4d03222000dc6ade331d10304e02c3dd9640e6d2310f041ac683f70160208bc5
[2m2025-12-10T10:11:03.043819Z[0m [34mDEBUG[0m [2mhyper::client::pool[0m[2m:[0m reuse idle connection for ("http", 192.168.0.14:8545)
[2m2025-12-10T10:11:03.043872Z[0m [34mDEBUG[0m [2mhyper::proto::h1::io[0m[2m:[0m flushed 250 bytes
[2m2025-12-10T10:11:03.043905Z[0m [34mDEBUG[0m [2mhyper::client::pool[0m[2m:[0m reuse idle connection for ("http", 192.168.0.14:8545)
[2m2025-12-10T10:11:03.043924Z[0m [34mDEBUG[0m [2mhyper::proto::h1::io[0m[2m:[0m flushed 172 bytes
[2m2025-12-10T10:11:03.048105Z[0m [34mDEBUG[0m [2mhyper::proto::h1::io[0m[2m:[0m parsed 4 headers
[2m2025-12-10T10:11:03.048134Z[0m [34mDEBUG[0m [2mhyper::proto::h1::conn[0m[2m:[0m incoming body is content-length (2431 bytes)
[2m2025-12-10T10:11:03.048184Z[0m [34mDEBUG[0m [2methereum_transaction_pool_monitor::eth_client[0m[2m:[0m 📡 Transaction fetch RPC completed in 4.377625ms
[2m2025-12-10T10:11:03.058755Z[0m [34mDEBUG[0m [2mhyper::proto::h1::conn[0m[2m:[0m incoming body completed
[2m2025-12-10T10:11:03.061802Z[0m [34mDEBUG[0m [2mhyper::client::pool[0m[2m:[0m pooling idle connection for ("http", 192.168.0.14:8545)
[2m2025-12-10T10:11:03.061836Z[0m [34mDEBUG[0m [2methereum_transaction_pool_monitor::eth_client[0m[2m:[0m 📨 Received WebSocket message: {"jsonrpc":"2.0","method":"eth_subscription","params":{"subscription":"0xbed0a0851463e895960a451075a301a9","result":"0xe9efdfab5fdbea38eebe70728e61a141030c1fd83f18f11ebe753879f3c0af2d"}}
[2m2025-12-10T10:11:03.061848Z[0m [34mDEBUG[0m [2methereum_transaction_pool_monitor::eth_client[0m[2m:[0m 📨 Received pending transaction: 0xe9efdfab5fdbea38eebe70728e61a141030c1fd83f18f11ebe753879f3c0af2d
[2m2025-12-10T10:11:03.061852Z[0m [34mDEBUG[0m [2mhyper::proto::h1::io[0m[2m:[0m parsed 4 headers
[2m2025-12-10T10:11:03.061907Z[0m [34mDEBUG[0m [2mhyper::proto::h1::conn[0m[2m:[0m incoming body is content-length (45 bytes)
[2m2025-12-10T10:11:03.061927Z[0m [34mDEBUG[0m [2mhyper::proto::h1::conn[0m[2m:[0m incoming body completed
[2m2025-12-10T10:11:03.061935Z[0m [34mDEBUG[0m [2mhyper::client::pool[0m[2m:[0m pooling idle connection for ("http", 192.168.0.14:8545)
[2m2025-12-10T10:11:03.097596Z[0m [34mDEBUG[0m [2mhyper::client::pool[0m[2m:[0m reuse idle connection for ("http", 192.168.0.14:8545)
[2m2025-12-10T10:11:03.097632Z[0m [34mDEBUG[0m [2mhyper::proto::h1::io[0m[2m:[0m flushed 172 bytes
[2m2025-12-10T10:11:03.101075Z[0m [34mDEBUG[0m [2mhyper::proto::h1::io[0m[2m:[0m parsed 4 headers
[2m2025-12-10T10:11:03.101081Z[0m [34mDEBUG[0m [2mhyper::proto::h1::conn[0m[2m:[0m incoming body is content-length (45 bytes)
[2m2025-12-10T10:11:03.101088Z[0m [34mDEBUG[0m [2mhyper::proto::h1::conn[0m[2m:[0m incoming body completed
[2m2025-12-10T10:11:03.101095Z[0m [34mDEBUG[0m [2mhyper::client::pool[0m[2m:[0m pooling idle connection for ("http", 192.168.0.14:8545)
[2m2025-12-10T10:11:03.133473Z[0m [34mDEBUG[0m [2methereum_transaction_pool_monitor::eth_client[0m[2m:[0m ✅ Transaction 0x4d03222000dc6ade331d10304e02c3dd9640e6d2310f041ac683f70160208bc5 fetched and parsed in 89.665ms
[2m2025-12-10T10:11:03.133501Z[0m [34mDEBUG[0m [2methereum_transaction_pool_monitor::mempool_monitor[0m[2m:[0m 🔍 Skipping tx 0x4d03222000dc6ade331d10304e02c3dd9640e6d2310f041ac683f70160208bc5 - not a DEX interaction (target: 0x618892aE551eB5bB2DE8911057b3714274b5FFe1)
[2m2025-12-10T10:11:03.133512Z[0m [34mDEBUG[0m [2methereum_transaction_pool_monitor::mempool_monitor[0m[2m:[0m 📨 Processing new pending transaction: 0xfdc6c29d209c6095f346488fef0211a5075ad27bbcc97f2bf5ab06d7750c4b30
[2m2025-12-10T10:11:03.133523Z[0m [34mDEBUG[0m [2methereum_transaction_pool_monitor::mempool_monitor[0m[2m:[0m 🔍 Fetching transaction details for: 0xfdc6c29d209c6095f346488fef0211a5075ad27bbcc97f2bf5ab06d7750c4b30
[2m2025-12-10T10:11:03.133532Z[0m [34mDEBUG[0m [2methereum_transaction_pool_monitor::eth_client[0m[2m:[0m 🔍 Fetching transaction details for hash: 0xfdc6c29d209c6095f346488fef0211a5075ad27bbcc97f2bf5ab06d7750c4b30
[2m2025-12-10T10:11:03.133552Z[0m [34mDEBUG[0m [2mhyper::client::pool[0m[2m:[0m reuse idle connection for ("http", 192.168.0.14:8545)
[2m2025-12-10T10:11:03.133592Z[0m [34mDEBUG[0m [2mhyper::proto::h1::io[0m[2m:[0m flushed 250 bytes
[2m2025-12-10T10:11:03.137974Z[0m [34mDEBUG[0m [2mhyper::proto::h1::io[0m[2m:[0m parsed 4 headers
[2m2025-12-10T10:11:03.137980Z[0m [34mDEBUG[0m [2mhyper::proto::h1::conn[0m[2m:[0m incoming body is content-length (7043 bytes)
[2m2025-12-10T10:11:03.137986Z[0m [34mDEBUG[0m [2mhyper::proto::h1::conn[0m[2m:[0m incoming body completed
[2m2025-12-10T10:11:03.137993Z[0m [34mDEBUG[0m [2mhyper::client::pool[0m[2m:[0m pooling idle connection for ("http", 192.168.0.14:8545)
[2m2025-12-10T10:11:03.137999Z[0m [34mDEBUG[0m [2methereum_transaction_pool_monitor::eth_client[0m[2m:[0m 📡 Transaction fetch RPC completed in 4.46075ms
[2m2025-12-10T10:11:03.205893Z[0m [34mDEBUG[0m [2methereum_transaction_pool_monitor::eth_client[0m[2m:[0m ✅ Transaction 0xfdc6c29d209c6095f346488fef0211a5075ad27bbcc97f2bf5ab06d7750c4b30 fetched and parsed in 72.351417ms
[2m2025-12-10T10:11:03.205919Z[0m [34mDEBUG[0m [2methereum_transaction_pool_monitor::mempool_monitor[0m[2m:[0m 🔍 Skipping tx 0xfdc6c29d209c6095f346488fef0211a5075ad27bbcc97f2bf5ab06d7750c4b30 - not a DEX interaction (target: 0xF6801D319497789f934ec7F83E142a9536312B08)
[2m2025-12-10T10:11:03.205928Z[0m [34mDEBUG[0m [2methereum_transaction_pool_monitor::mempool_monitor[0m[2m:[0m 📨 Processing new pending transaction: 0x3552785dc36c584960ae1e9f4f6eeeae067fa50fcc80a18b8640d1cbb34a5468
[2m2025-12-10T10:11:03.205933Z[0m [34mDEBUG[0m [2methereum_transaction_pool_monitor::mempool_monitor[0m[2m:[0m 🔍 Fetching transaction details for: 0x3552785dc36c584960ae1e9f4f6eeeae067fa50fcc80a18b8640d1cbb34a5468
[2m2025-12-10T10:11:03.205937Z[0m [34mDEBUG[0m [2methereum_transaction_pool_monitor::eth_client[0m[2m:[0m 🔍 Fetching transaction details for hash: 0x3552785dc36c584960ae1e9f4f6eeeae067fa50fcc80a18b8640d1cbb34a5468
[2m2025-12-10T10:11:03.205954Z[0m [34mDEBUG[0m [2mhyper::client::pool[0m[2m:[0m reuse idle connection for ("http", 192.168.0.14:8545)
[2m2025-12-10T10:11:03.205999Z[0m [34mDEBUG[0m [2mhyper::proto::h1::io[0m[2m:[0m flushed 250 bytes
[2m2025-12-10T10:11:03.206025Z[0m [34mDEBUG[0m [2mhyper::client::pool[0m[2m:[0m reuse idle connection for ("http", 192.168.0.14:8545)
[2m2025-12-10T10:11:03.206037Z[0m [34mDEBUG[0m [2mhyper::proto::h1::io[0m[2m:[0m flushed 172 bytes
[2m2025-12-10T10:11:03.209886Z[0m [34mDEBUG[0m [2mhyper::proto::h1::io[0m[2m:[0m parsed 4 headers
[2m2025-12-10T10:11:03.209893Z[0m [34mDEBUG[0m [2mhyper::proto::h1::conn[0m[2m:[0m incoming body is content-length (770 bytes)
[2m2025-12-10T10:11:03.209899Z[0m [34mDEBUG[0m [2mhyper::proto::h1::conn[0m[2m:[0m incoming body completed
[2m2025-12-10T10:11:03.209906Z[0m [34mDEBUG[0m [2mhyper::client::pool[0m[2m:[0m pooling idle connection for ("http", 192.168.0.14:8545)
[2m2025-12-10T10:11:03.209911Z[0m [34mDEBUG[0m [2methereum_transaction_pool_monitor::eth_client[0m[2m:[0m 📡 Transaction fetch RPC completed in 3.969417ms
[2m2025-12-10T10:11:03.209924Z[0m [34mDEBUG[0m [2methereum_transaction_pool_monitor::eth_client[0m[2m:[0m DeFi transaction detected - Address: 0xdac17f958d2ee523a2206206994597c13d831ec7, Type: Stablecoin, Value: 0 ETH, Gas: 0.25 Gwei
[2m2025-12-10T10:11:03.209935Z[0m [34mDEBUG[0m [2methereum_transaction_pool_monitor::eth_client[0m[2m:[0m ✅ Transaction 0x3552785dc36c584960ae1e9f4f6eeeae067fa50fcc80a18b8640d1cbb34a5468 fetched and parsed in 3.993625ms
[2m2025-12-10T10:11:03.209941Z[0m [34mDEBUG[0m [2methereum_transaction_pool_monitor::mempool_monitor[0m[2m:[0m 🔍 Skipping tx 0x3552785dc36c584960ae1e9f4f6eeeae067fa50fcc80a18b8640d1cbb34a5468 - not a DEX interaction (target: 0xdAC17F958D2ee523a2206206994597C13D831ec7)
[2m2025-12-10T10:11:03.209947Z[0m [34mDEBUG[0m [2methereum_transaction_pool_monitor::mempool_monitor[0m[2m:[0m 📨 Processing new pending transaction: 0x5740671cce5f2820201c8a028423696b1f34b6ae015cff9ed7ed520d3e8745a4
[2m2025-12-10T10:11:03.209951Z[0m [34mDEBUG[0m [2methereum_transaction_pool_monitor::mempool_monitor[0m[2m:[0m 🔍 Fetching transaction details for: 0x5740671cce5f2820201c8a028423696b1f34b6ae015cff9ed7ed520d3e8745a4
[2m2025-12-10T10:11:03.209954Z[0m [34mDEBUG[0m [2methereum_transaction_pool_monitor::eth_client[0m[2m:[0m 🔍 Fetching transaction details for hash: 0x5740671cce5f2820201c8a028423696b1f34b6ae015cff9ed7ed520d3e8745a4
[2m2025-12-10T10:11:03.209961Z[0m [34mDEBUG[0m [2mhyper::client::pool[0m[2m:[0m reuse idle connection for ("http", 192.168.0.14:8545)
[2m2025-12-10T10:11:03.209975Z[0m [34mDEBUG[0m [2mhyper::proto::h1::io[0m[2m:[0m flushed 250 bytes
[2m2025-12-10T10:11:03.213902Z[0m [34mDEBUG[0m [2mhyper::proto::h1::io[0m[2m:[0m parsed 4 headers
[2m2025-12-10T10:11:03.213908Z[0m [34mDEBUG[0m [2mhyper::proto::h1::conn[0m[2m:[0m incoming body is content-length (45 bytes)
[2m2025-12-10T10:11:03.213915Z[0m [34mDEBUG[0m [2mhyper::proto::h1::conn[0m[2m:[0m incoming body completed
[2m2025-12-10T10:11:03.213921Z[0m [34mDEBUG[0m [2mhyper::client::pool[0m[2m:[0m pooling idle connection for ("http", 192.168.0.14:8545)
[2m2025-12-10T10:11:03.217336Z[0m [34mDEBUG[0m [2mhyper::proto::h1::io[0m[2m:[0m parsed 4 headers
[2m2025-12-10T10:11:03.217351Z[0m [34mDEBUG[0m [2mhyper::proto::h1::conn[0m[2m:[0m incoming body is content-length (678 bytes)
[2m2025-12-10T10:11:03.217357Z[0m [34mDEBUG[0m [2mhyper::proto::h1::conn[0m[2m:[0m incoming body completed
[2m2025-12-10T10:11:03.217363Z[0m [34mDEBUG[0m [2mhyper::client::pool[0m[2m:[0m pooling idle connection for ("http", 192.168.0.14:8545)
[2m2025-12-10T10:11:03.217373Z[0m [34mDEBUG[0m [2methereum_transaction_pool_monitor::eth_client[0m[2m:[0m 📡 Transaction fetch RPC completed in 7.4145ms
[2m2025-12-10T10:11:03.217385Z[0m [34mDEBUG[0m [2methereum_transaction_pool_monitor::eth_client[0m[2m:[0m DeFi transaction detected - Address: 0xdac17f958d2ee523a2206206994597c13d831ec7, Type: Stablecoin, Value: 0 ETH, Gas: 0.21 Gwei
[2m2025-12-10T10:11:03.218244Z[0m [34mDEBUG[0m [2methereum_transaction_pool_monitor::eth_client[0m[2m:[0m ✅ Transaction 0x5740671cce5f2820201c8a028423696b1f34b6ae015cff9ed7ed520d3e8745a4 fetched and parsed in 8.2855ms
[2m2025-12-10T10:11:03.218257Z[0m [34mDEBUG[0m [2methereum_transaction_pool_monitor::mempool_monitor[0m[2m:[0m 🔍 Skipping tx 0x5740671cce5f2820201c8a028423696b1f34b6ae015cff9ed7ed520d3e8745a4 - not a DEX interaction (target: 0xdAC17F958D2ee523a2206206994597C13D831ec7)
[2m2025-12-10T10:11:03.218263Z[0m [34mDEBUG[0m [2methereum_transaction_pool_monitor::mempool_monitor[0m[2m:[0m 📨 Processing new pending transaction: 0x4f918d85a2d316dbdef0eed95e6303f941fe14d47c86914f4602c6ee1a85d10b
[2m2025-12-10T10:11:03.218280Z[0m [34mDEBUG[0m [2methereum_transaction_pool_monitor::mempool_monitor[0m[2m:[0m 🔍 Fetching transaction details for: 0x4f918d85a2d316dbdef0eed95e6303f941fe14d47c86914f4602c6ee1a85d10b
[2m2025-12-10T10:11:03.218284Z[0m [34mDEBUG[0m [2methereum_transaction_pool_monitor::eth_client[0m[2m:[0m 🔍 Fetching transaction details for hash: 0x4f918d85a2d316dbdef0eed95e6303f941fe14d47c86914f4602c6ee1a85d10b
[2m2025-12-10T10:11:03.218292Z[0m [34mDEBUG[0m [2mhyper::client::pool[0m[2m:[0m reuse idle connection for ("http", 192.168.0.14:8545)
[2m2025-12-10T10:11:03.218307Z[0m [34mDEBUG[0m [2mhyper::proto::h1::io[0m[2m:[0m flushed 250 bytes
[2m2025-12-10T10:11:03.224807Z[0m [34mDEBUG[0m [2methereum_transaction_pool_monitor::eth_client[0m[2m:[0m 📨 Received WebSocket message: {"jsonrpc":"2.0","method":"eth_subscription","params":{"subscription":"0xbed0a0851463e895960a451075a301a9","result":"0x47ee8bfdbbc9429d84100dea9065f4234a0a75a7beac4f62878210896a27af61"}}
[2m2025-12-10T10:11:03.224828Z[0m [34mDEBUG[0m [2methereum_transaction_pool_monitor::eth_client[0m[2m:[0m 📨 Received pending transaction: 0x47ee8bfdbbc9429d84100dea9065f4234a0a75a7beac4f62878210896a27af61
[2m2025-12-10T10:11:03.226086Z[0m [34mDEBUG[0m [2mhyper::proto::h1::io[0m[2m:[0m parsed 4 headers
[2m2025-12-10T10:11:03.226092Z[0m [34mDEBUG[0m [2mhyper::proto::h1::conn[0m[2m:[0m incoming body is content-length (763 bytes)
[2m2025-12-10T10:11:03.226096Z[0m [34mDEBUG[0m [2mhyper::proto::h1::conn[0m[2m:[0m incoming body completed
[2m2025-12-10T10:11:03.226101Z[0m [34mDEBUG[0m [2mhyper::client::pool[0m[2m:[0m pooling idle connection for ("http", 192.168.0.14:8545)
[2m2025-12-10T10:11:03.226105Z[0m [34mDEBUG[0m [2methereum_transaction_pool_monitor::eth_client[0m[2m:[0m 📡 Transaction fetch RPC completed in 7.817125ms
[2m2025-12-10T10:11:03.295429Z[0m [34mDEBUG[0m [2methereum_transaction_pool_monitor::eth_client[0m[2m:[0m ✅ Transaction 0x4f918d85a2d316dbdef0eed95e6303f941fe14d47c86914f4602c6ee1a85d10b fetched and parsed in 77.13925ms
[2m2025-12-10T10:11:03.295449Z[0m [34mDEBUG[0m [2methereum_transaction_pool_monitor::mempool_monitor[0m[2m:[0m 🔍 Skipping tx 0x4f918d85a2d316dbdef0eed95e6303f941fe14d47c86914f4602c6ee1a85d10b - not a DEX interaction (target: 0xd50370bEE8bFf23Bbb30ca558a1d0207DBc96ef2)
[2m2025-12-10T10:11:03.295458Z[0m [34mDEBUG[0m [2methereum_transaction_pool_monitor::mempool_monitor[0m[2m:[0m 📨 Processing new pending transaction: 0x0c7a9cfe4cd30597c7a57d522d1ebad6eed901247e9ffde97b9f6bb64da4edc3
[2m2025-12-10T10:11:03.295465Z[0m [34mDEBUG[0m [2methereum_transaction_pool_monitor::mempool_monitor[0m[2m:[0m 🔍 Fetching transaction details for: 0x0c7a9cfe4cd30597c7a57d522d1ebad6eed901247e9ffde97b9f6bb64da4edc3
[2m2025-12-10T10:11:03.295472Z[0m [34mDEBUG[0m [2methereum_transaction_pool_monitor::eth_client[0m[2m:[0m 🔍 Fetching transaction details for hash: 0x0c7a9cfe4cd30597c7a57d522d1ebad6eed901247e9ffde97b9f6bb64da4edc3
[2m2025-12-10T10:11:03.295488Z[0m [34mDEBUG[0m [2mhyper::client::pool[0m[2m:[0m reuse idle connection for ("http", 192.168.0.14:8545)
[2m2025-12-10T10:11:03.295516Z[0m [34mDEBUG[0m [2mhyper::proto::h1::io[0m[2m:[0m flushed 250 bytes
[2m2025-12-10T10:11:03.295534Z[0m [34mDEBUG[0m [2methereum_transaction_pool_monitor::eth_client[0m[2m:[0m 📨 Received WebSocket message: {"jsonrpc":"2.0","method":"eth_subscription","params":{"subscription":"0xbed0a0851463e895960a451075a301a9","result":"0x89da4f03e8ccdfae7ba826fe12803733ec5a1347e2bb70dc91e2db8f8de7f086"}}
[2m2025-12-10T10:11:03.295542Z[0m [34mDEBUG[0m [2methereum_transaction_pool_monitor::eth_client[0m[2m:[0m 📨 Received pending transaction: 0x89da4f03e8ccdfae7ba826fe12803733ec5a1347e2bb70dc91e2db8f8de7f086
[2m2025-12-10T10:11:03.298087Z[0m [34mDEBUG[0m [2mhyper::client::pool[0m[2m:[0m reuse idle connection for ("http", 192.168.0.14:8545)
[2m2025-12-10T10:11:03.298148Z[0m [34mDEBUG[0m [2mhyper::proto::h1::io[0m[2m:[0m flushed 172 bytes
[2m2025-12-10T10:11:03.299679Z[0m [34mDEBUG[0m [2mhyper::proto::h1::io[0m[2m:[0m parsed 4 headers
[2m2025-12-10T10:11:03.299688Z[0m [34mDEBUG[0m [2mhyper::proto::h1::conn[0m[2m:[0m incoming body is content-length (767 bytes)
[2m2025-12-10T10:11:03.299705Z[0m [34mDEBUG[0m [2mhyper::proto::h1::conn[0m[2m:[0m incoming body completed
[2m2025-12-10T10:11:03.299717Z[0m [34mDEBUG[0m [2mhyper::client::pool[0m[2m:[0m pooling idle connection for ("http", 192.168.0.14:8545)
[2m2025-12-10T10:11:03.299727Z[0m [34mDEBUG[0m [2methereum_transaction_pool_monitor::eth_client[0m[2m:[0m 📡 Transaction fetch RPC completed in 4.251167ms
[2m2025-12-10T10:11:03.368350Z[0m [34mDEBUG[0m [2methereum_transaction_pool_monitor::eth_client[0m[2m:[0m ✅ Transaction 0x0c7a9cfe4cd30597c7a57d522d1ebad6eed901247e9ffde97b9f6bb64da4edc3 fetched and parsed in 72.8715ms
[2m2025-12-10T10:11:03.368374Z[0m [34mDEBUG[0m [2methereum_transaction_pool_monitor::mempool_monitor[0m[2m:[0m 🔍 Skipping tx 0x0c7a9cfe4cd30597c7a57d522d1ebad6eed901247e9ffde97b9f6bb64da4edc3 - not a DEX interaction (target: 0xA0b86991c6218b36c1d19D4a2e9Eb0cE3606eB48)
[2m2025-12-10T10:11:03.368385Z[0m [34mDEBUG[0m [2methereum_transaction_pool_monitor::mempool_monitor[0m[2m:[0m 📨 Processing new pending transaction: 0x2e4becaac27d3cbf57b08d9d00e1128d5f54bf36b952ed86863b77560e5ebd8a
[2m2025-12-10T10:11:03.368391Z[0m [34mDEBUG[0m [2methereum_transaction_pool_monitor::mempool_monitor[0m[2m:[0m 🔍 Fetching transaction details for: 0x2e4becaac27d3cbf57b08d9d00e1128d5f54bf36b952ed86863b77560e5ebd8a
[2m2025-12-10T10:11:03.368396Z[0m [34mDEBUG[0m [2methereum_transaction_pool_monitor::eth_client[0m[2m:[0m 🔍 Fetching transaction details for hash: 0x2e4becaac27d3cbf57b08d9d00e1128d5f54bf36b952ed86863b77560e5ebd8a
[2m2025-12-10T10:11:03.368417Z[0m [34mDEBUG[0m [2mhyper::client::pool[0m[2m:[0m reuse idle connection for ("http", 192.168.0.14:8545)
[2m2025-12-10T10:11:03.368461Z[0m [34mDEBUG[0m [2mhyper::proto::h1::io[0m[2m:[0m flushed 250 bytes
[2m2025-12-10T10:11:03.368477Z[0m [34mDEBUG[0m [2mhyper::proto::h1::io[0m[2m:[0m parsed 4 headers
[2m2025-12-10T10:11:03.368482Z[0m [34mDEBUG[0m [2mhyper::proto::h1::conn[0m[2m:[0m incoming body is content-length (45 bytes)
[2m2025-12-10T10:11:03.368489Z[0m [34mDEBUG[0m [2mhyper::proto::h1::conn[0m[2m:[0m incoming body completed
[2m2025-12-10T10:11:03.368497Z[0m [34mDEBUG[0m [2mhyper::client::pool[0m[2m:[0m pooling idle connection for ("http", 192.168.0.14:8545)
[2m2025-12-10T10:11:03.373244Z[0m [34mDEBUG[0m [2mhyper::proto::h1::io[0m[2m:[0m parsed 4 headers
[2m2025-12-10T10:11:03.373251Z[0m [34mDEBUG[0m [2mhyper::proto::h1::conn[0m[2m:[0m incoming body is content-length (767 bytes)
[2m2025-12-10T10:11:03.373258Z[0m [34mDEBUG[0m [2mhyper::proto::h1::conn[0m[2m:[0m incoming body completed
[2m2025-12-10T10:11:03.373265Z[0m [34mDEBUG[0m [2mhyper::client::pool[0m[2m:[0m pooling idle connection for ("http", 192.168.0.14:8545)
[2m2025-12-10T10:11:03.373271Z[0m [34mDEBUG[0m [2methereum_transaction_pool_monitor::eth_client[0m[2m:[0m 📡 Transaction fetch RPC completed in 4.869375ms
[2m2025-12-10T10:11:03.373283Z[0m [34mDEBUG[0m [2methereum_transaction_pool_monitor::eth_client[0m[2m:[0m DeFi transaction detected - Address: 0xdac17f958d2ee523a2206206994597c13d831ec7, Type: Stablecoin, Value: 0 ETH, Gas: 0.29 Gwei
[2m2025-12-10T10:11:03.373295Z[0m [34mDEBUG[0m [2methereum_transaction_pool_monitor::eth_client[0m[2m:[0m ✅ Transaction 0x2e4becaac27d3cbf57b08d9d00e1128d5f54bf36b952ed86863b77560e5ebd8a fetched and parsed in 4.893083ms
[2m2025-12-10T10:11:03.373301Z[0m [34mDEBUG[0m [2methereum_transaction_pool_monitor::mempool_monitor[0m[2m:[0m 🔍 Skipping tx 0x2e4becaac27d3cbf57b08d9d00e1128d5f54bf36b952ed86863b77560e5ebd8a - not a DEX interaction (target: 0xdAC17F958D2ee523a2206206994597C13D831ec7)
[2m2025-12-10T10:11:03.373308Z[0m [34mDEBUG[0m [2methereum_transaction_pool_monitor::mempool_monitor[0m[2m:[0m 📨 Processing new pending transaction: 0x04b313cc910e2189398e02551cdf641bfd5c40beb0c00418f400bf9f47ccdd60
[2m2025-12-10T10:11:03.373314Z[0m [34mDEBUG[0m [2methereum_transaction_pool_monitor::mempool_monitor[0m[2m:[0m 🔍 Fetching transaction details for: 0x04b313cc910e2189398e02551cdf641bfd5c40beb0c00418f400bf9f47ccdd60
[2m2025-12-10T10:11:03.373318Z[0m [34mDEBUG[0m [2methereum_transaction_pool_monitor::eth_client[0m[2m:[0m 🔍 Fetching transaction details for hash: 0x04b313cc910e2189398e02551cdf641bfd5c40beb0c00418f400bf9f47ccdd60
[2m2025-12-10T10:11:03.373330Z[0m [34mDEBUG[0m [2mhyper::client::pool[0m[2m:[0m reuse idle connection for ("http", 192.168.0.14:8545)
[2m2025-12-10T10:11:03.373350Z[0m [34mDEBUG[0m [2mhyper::proto::h1::io[0m[2m:[0m flushed 250 bytes
[2m2025-12-10T10:11:03.378972Z[0m [34mDEBUG[0m [2mhyper::proto::h1::io[0m[2m:[0m parsed 4 headers
[2m2025-12-10T10:11:03.378979Z[0m [34mDEBUG[0m [2mhyper::proto::h1::conn[0m[2m:[0m incoming body is content-length (768 bytes)
[2m2025-12-10T10:11:03.378985Z[0m [34mDEBUG[0m [2mhyper::proto::h1::conn[0m[2m:[0m incoming body completed
[2m2025-12-10T10:11:03.378991Z[0m [34mDEBUG[0m [2mhyper::client::pool[0m[2m:[0m pooling idle connection for ("http", 192.168.0.14:8545)
[2m2025-12-10T10:11:03.378996Z[0m [34mDEBUG[0m [2methereum_transaction_pool_monitor::eth_client[0m[2m:[0m 📡 Transaction fetch RPC completed in 5.673042ms
[2m2025-12-10T10:11:03.449859Z[0m [34mDEBUG[0m [2methereum_transaction_pool_monitor::eth_client[0m[2m:[0m ✅ Transaction 0x04b313cc910e2189398e02551cdf641bfd5c40beb0c00418f400bf9f47ccdd60 fetched and parsed in 76.532958ms
[2m2025-12-10T10:11:03.449890Z[0m [34mDEBUG[0m [2methereum_transaction_pool_monitor::mempool_monitor[0m[2m:[0m 🔍 Skipping tx 0x04b313cc910e2189398e02551cdf641bfd5c40beb0c00418f400bf9f47ccdd60 - not a DEX interaction (target: 0xA0b86991c6218b36c1d19D4a2e9Eb0cE3606eB48)
[2m2025-12-10T10:11:03.449901Z[0m [34mDEBUG[0m [2methereum_transaction_pool_monitor::mempool_monitor[0m[2m:[0m 📨 Processing new pending transaction: 0xca57f89c19a3492e2011d91bb93639785dbecd3765b800962bbbe6ebe12c99ea
[2m2025-12-10T10:11:03.449907Z[0m [34mDEBUG[0m [2methereum_transaction_pool_monitor::mempool_monitor[0m[2m:[0m 🔍 Fetching transaction details for: 0xca57f89c19a3492e2011d91bb93639785dbecd3765b800962bbbe6ebe12c99ea
[2m2025-12-10T10:11:03.449912Z[0m [34mDEBUG[0m [2methereum_transaction_pool_monitor::eth_client[0m[2m:[0m 🔍 Fetching transaction details for hash: 0xca57f89c19a3492e2011d91bb93639785dbecd3765b800962bbbe6ebe12c99ea
[2m2025-12-10T10:11:03.449932Z[0m [34mDEBUG[0m [2mhyper::client::pool[0m[2m:[0m reuse idle connection for ("http", 192.168.0.14:8545)
[2m2025-12-10T10:11:03.449985Z[0m [34mDEBUG[0m [2mhyper::proto::h1::io[0m[2m:[0m flushed 250 bytes
[2m2025-12-10T10:11:03.450007Z[0m [34mDEBUG[0m [2mhyper::client::pool[0m[2m:[0m reuse idle connection for ("http", 192.168.0.14:8545)
[2m2025-12-10T10:11:03.450014Z[0m [34mDEBUG[0m [2methereum_transaction_pool_monitor::eth_client[0m[2m:[0m 📨 Received WebSocket message: {"jsonrpc":"2.0","method":"eth_subscription","params":{"subscription":"0xbed0a0851463e895960a451075a301a9","result":"0xb04996dfc27a38355220563294a3ee9fdc32cb1c567744e6d517ec0941a9be94"}}
[2m2025-12-10T10:11:03.450022Z[0m [34mDEBUG[0m [2mhyper::proto::h1::io[0m[2m:[0m flushed 172 bytes
[2m2025-12-10T10:11:03.450026Z[0m [34mDEBUG[0m [2methereum_transaction_pool_monitor::eth_client[0m[2m:[0m 📨 Received pending transaction: 0xb04996dfc27a38355220563294a3ee9fdc32cb1c567744e6d517ec0941a9be94
[2m2025-12-10T10:11:03.456665Z[0m [34mDEBUG[0m [2mhyper::proto::h1::io[0m[2m:[0m parsed 4 headers
[2m2025-12-10T10:11:03.456683Z[0m [34mDEBUG[0m [2mhyper::proto::h1::conn[0m[2m:[0m incoming body is content-length (776 bytes)
[2m2025-12-10T10:11:03.456696Z[0m [34mDEBUG[0m [2mhyper::proto::h1::conn[0m[2m:[0m incoming body completed
[2m2025-12-10T10:11:03.456711Z[0m [34mDEBUG[0m [2mhyper::client::pool[0m[2m:[0m pooling idle connection for ("http", 192.168.0.14:8545)
[2m2025-12-10T10:11:03.456719Z[0m [34mDEBUG[0m [2methereum_transaction_pool_monitor::eth_client[0m[2m:[0m 📡 Transaction fetch RPC completed in 6.801042ms
[2m2025-12-10T10:11:03.528087Z[0m [34mDEBUG[0m [2methereum_transaction_pool_monitor::eth_client[0m[2m:[0m ✅ Transaction 0xca57f89c19a3492e2011d91bb93639785dbecd3765b800962bbbe6ebe12c99ea fetched and parsed in 78.1665ms
[2m2025-12-10T10:11:03.528120Z[0m [34mDEBUG[0m [2methereum_transaction_pool_monitor::mempool_monitor[0m[2m:[0m 🔍 Skipping tx 0xca57f89c19a3492e2011d91bb93639785dbecd3765b800962bbbe6ebe12c99ea - not a DEX interaction (target: 0xC18360217D8F7Ab5e7c516566761Ea12Ce7F9D72)
[2m2025-12-10T10:11:03.528129Z[0m [34mDEBUG[0m [2methereum_transaction_pool_monitor::mempool_monitor[0m[2m:[0m 📨 Processing new pending transaction: 0x0e1a3a4f9fa64c102c39c67f3102a0577777daeaf826b81fa25191b79f22a722
[2m2025-12-10T10:11:03.528135Z[0m [34mDEBUG[0m [2methereum_transaction_pool_monitor::mempool_monitor[0m[2m:[0m 🔍 Fetching transaction details for: 0x0e1a3a4f9fa64c102c39c67f3102a0577777daeaf826b81fa25191b79f22a722
[2m2025-12-10T10:11:03.528139Z[0m [34mDEBUG[0m [2methereum_transaction_pool_monitor::eth_client[0m[2m:[0m 🔍 Fetching transaction details for hash: 0x0e1a3a4f9fa64c102c39c67f3102a0577777daeaf826b81fa25191b79f22a722
[2m2025-12-10T10:11:03.528155Z[0m [34mDEBUG[0m [2mhyper::client::pool[0m[2m:[0m reuse idle connection for ("http", 192.168.0.14:8545)
[2m2025-12-10T10:11:03.528207Z[0m [34mDEBUG[0m [2mhyper::proto::h1::io[0m[2m:[0m flushed 250 bytes
[2m2025-12-10T10:11:03.528228Z[0m [34mDEBUG[0m [2methereum_transaction_pool_monitor::eth_client[0m[2m:[0m 📨 Received WebSocket message: {"jsonrpc":"2.0","method":"eth_subscription","params":{"subscription":"0xbed0a0851463e895960a451075a301a9","result":"0xc9defa3420f8ec3d556c634d4743a0b33f3401c86a73276d6dbf46247bc11f18"}}
[2m2025-12-10T10:11:03.528237Z[0m [34mDEBUG[0m [2mhyper::proto::h1::io[0m[2m:[0m parsed 4 headers
[2m2025-12-10T10:11:03.528239Z[0m [34mDEBUG[0m [2methereum_transaction_pool_monitor::eth_client[0m[2m:[0m 📨 Received pending transaction: 0xc9defa3420f8ec3d556c634d4743a0b33f3401c86a73276d6dbf46247bc11f18
[2m2025-12-10T10:11:03.528254Z[0m [34mDEBUG[0m [2mhyper::proto::h1::conn[0m[2m:[0m incoming body is content-length (45 bytes)
[2m2025-12-10T10:11:03.528262Z[0m [34mDEBUG[0m [2methereum_transaction_pool_monitor::eth_client[0m[2m:[0m 📨 Received WebSocket message: {"jsonrpc":"2.0","method":"eth_subscription","params":{"subscription":"0xbed0a0851463e895960a451075a301a9","result":"0x3203fd10e2cd79d7fafb56b4ac84ec9e051419050d56a60a3cf6ca584b48b6f6"}}
[2m2025-12-10T10:11:03.528271Z[0m [34mDEBUG[0m [2mhyper::proto::h1::conn[0m[2m:[0m incoming body completed
[2m2025-12-10T10:11:03.528278Z[0m [34mDEBUG[0m [2methereum_transaction_pool_monitor::eth_client[0m[2m:[0m 📨 Received pending transaction: 0x3203fd10e2cd79d7fafb56b4ac84ec9e051419050d56a60a3cf6ca584b48b6f6
[2m2025-12-10T10:11:03.528289Z[0m [34mDEBUG[0m [2mhyper::client::pool[0m[2m:[0m pooling idle connection for ("http", 192.168.0.14:8545)
[2m2025-12-10T10:11:03.528511Z[0m [34mDEBUG[0m [2mhyper::client::pool[0m[2m:[0m reuse idle connection for ("http", 192.168.0.14:8545)
[2m2025-12-10T10:11:03.528532Z[0m [34mDEBUG[0m [2mhyper::proto::h1::io[0m[2m:[0m flushed 172 bytes
[2m2025-12-10T10:11:03.532245Z[0m [34mDEBUG[0m [2mhyper::proto::h1::io[0m[2m:[0m parsed 4 headers
[2m2025-12-10T10:11:03.532257Z[0m [34mDEBUG[0m [2mhyper::proto::h1::conn[0m[2m:[0m incoming body is content-length (654 bytes)
[2m2025-12-10T10:11:03.532264Z[0m [34mDEBUG[0m [2mhyper::proto::h1::conn[0m[2m:[0m incoming body completed
[2m2025-12-10T10:11:03.532274Z[0m [34mDEBUG[0m [2mhyper::client::pool[0m[2m:[0m pooling idle connection for ("http", 192.168.0.14:8545)
[2m2025-12-10T10:11:03.532280Z[0m [34mDEBUG[0m [2methereum_transaction_pool_monitor::eth_client[0m[2m:[0m 📡 Transaction fetch RPC completed in 4.137333ms
[2m2025-12-10T10:11:03.601309Z[0m [34mDEBUG[0m [2methereum_transaction_pool_monitor::eth_client[0m[2m:[0m ✅ Transaction 0x0e1a3a4f9fa64c102c39c67f3102a0577777daeaf826b81fa25191b79f22a722 fetched and parsed in 73.164333ms
[2m2025-12-10T10:11:03.601339Z[0m [34mDEBUG[0m [2methereum_transaction_pool_monitor::mempool_monitor[0m[2m:[0m 🔍 Skipping tx 0x0e1a3a4f9fa64c102c39c67f3102a0577777daeaf826b81fa25191b79f22a722 - not a DEX interaction (target: 0x17275952a99eeaA429F75602451629Fd5C750E6D)
[2m2025-12-10T10:11:03.601351Z[0m [34mDEBUG[0m [2methereum_transaction_pool_monitor::mempool_monitor[0m[2m:[0m 📨 Processing new pending transaction: 0xe9efdfab5fdbea38eebe70728e61a141030c1fd83f18f11ebe753879f3c0af2d
[2m2025-12-10T10:11:03.601357Z[0m [34mDEBUG[0m [2methereum_transaction_pool_monitor::mempool_monitor[0m[2m:[0m 🔍 Fetching transaction details for: 0xe9efdfab5fdbea38eebe70728e61a141030c1fd83f18f11ebe753879f3c0af2d
[2m2025-12-10T10:11:03.601361Z[0m [34mDEBUG[0m [2methereum_transaction_pool_monitor::eth_client[0m[2m:[0m 🔍 Fetching transaction details for hash: 0xe9efdfab5fdbea38eebe70728e61a141030c1fd83f18f11ebe753879f3c0af2d
[2m2025-12-10T10:11:03.601378Z[0m [34mDEBUG[0m [2mhyper::client::pool[0m[2m:[0m reuse idle connection for ("http", 192.168.0.14:8545)
[2m2025-12-10T10:11:03.601424Z[0m [34mDEBUG[0m [2mhyper::proto::h1::io[0m[2m:[0m flushed 250 bytes
[2m2025-12-10T10:11:03.601444Z[0m [34mDEBUG[0m [2methereum_transaction_pool_monitor::eth_client[0m[2m:[0m 📨 Received WebSocket message: {"jsonrpc":"2.0","method":"eth_subscription","params":{"subscription":"0xbed0a0851463e895960a451075a301a9","result":"0xc17d0e0a4c33842be99370f5dba60867db77e5172a0b2f72dbef5fb1cf96c11f"}}
[2m2025-12-10T10:11:03.601451Z[0m [34mDEBUG[0m [2methereum_transaction_pool_monitor::eth_client[0m[2m:[0m 📨 Received pending transaction: 0xc17d0e0a4c33842be99370f5dba60867db77e5172a0b2f72dbef5fb1cf96c11f
[2m2025-12-10T10:11:03.601453Z[0m [34mDEBUG[0m [2mhyper::proto::h1::io[0m[2m:[0m parsed 4 headers
[2m2025-12-10T10:11:03.601457Z[0m [34mDEBUG[0m [2methereum_transaction_pool_monitor::eth_client[0m[2m:[0m 📨 Received WebSocket message: {"jsonrpc":"2.0","method":"eth_subscription","params":{"subscription":"0xbed0a0851463e895960a451075a301a9","result":"0xa5d1498347e9e9799fd0091d8d9904493394b39b9139b2186411f1e45c621006"}}
[2m2025-12-10T10:11:03.601471Z[0m [34mDEBUG[0m [2methereum_transaction_pool_monitor::eth_client[0m[2m:[0m 📨 Received pending transaction: 0xa5d1498347e9e9799fd0091d8d9904493394b39b9139b2186411f1e45c621006
[2m2025-12-10T10:11:03.601463Z[0m [34mDEBUG[0m [2mhyper::proto::h1::conn[0m[2m:[0m incoming body is content-length (45 bytes)
[2m2025-12-10T10:11:03.601485Z[0m [34mDEBUG[0m [2mhyper::proto::h1::conn[0m[2m:[0m incoming body completed
[2m2025-12-10T10:11:03.601493Z[0m [34mDEBUG[0m [2mhyper::client::pool[0m[2m:[0m pooling idle connection for ("http", 192.168.0.14:8545)
[2m2025-12-10T10:11:03.601508Z[0m [34mDEBUG[0m [2mhyper::client::pool[0m[2m:[0m reuse idle connection for ("http", 192.168.0.14:8545)
[2m2025-12-10T10:11:03.601528Z[0m [34mDEBUG[0m [2mhyper::proto::h1::io[0m[2m:[0m flushed 172 bytes
[2m2025-12-10T10:11:03.604999Z[0m [34mDEBUG[0m [2mhyper::proto::h1::io[0m[2m:[0m parsed 4 headers
[2m2025-12-10T10:11:03.605006Z[0m [34mDEBUG[0m [2mhyper::proto::h1::conn[0m[2m:[0m incoming body is content-length (830 bytes)
[2m2025-12-10T10:11:03.605014Z[0m [34mDEBUG[0m [2mhyper::proto::h1::conn[0m[2m:[0m incoming body completed
[2m2025-12-10T10:11:03.605023Z[0m [34mDEBUG[0m [2mhyper::client::pool[0m[2m:[0m pooling idle connection for ("http", 192.168.0.14:8545)
[2m2025-12-10T10:11:03.605030Z[0m [34mDEBUG[0m [2methereum_transaction_pool_monitor::eth_client[0m[2m:[0m 📡 Transaction fetch RPC completed in 3.663792ms
[2m2025-12-10T10:11:03.673854Z[0m [34mDEBUG[0m [2methereum_transaction_pool_monitor::eth_client[0m[2m:[0m ✅ Transaction 0xe9efdfab5fdbea38eebe70728e61a141030c1fd83f18f11ebe753879f3c0af2d fetched and parsed in 72.48575ms
[2m2025-12-10T10:11:03.673881Z[0m [34mDEBUG[0m [2methereum_transaction_pool_monitor::mempool_monitor[0m[2m:[0m 🔍 Skipping tx 0xe9efdfab5fdbea38eebe70728e61a141030c1fd83f18f11ebe753879f3c0af2d - not a DEX interaction (target: 0x3B4D794a66304F130a4Db8F2551B0070dfCf5ca7)
[2m2025-12-10T10:11:03.673889Z[0m [34mDEBUG[0m [2methereum_transaction_pool_monitor::mempool_monitor[0m[2m:[0m 📨 Processing new pending transaction: 0x47ee8bfdbbc9429d84100dea9065f4234a0a75a7beac4f62878210896a27af61
[2m2025-12-10T10:11:03.673895Z[0m [34mDEBUG[0m [2methereum_transaction_pool_monitor::mempool_monitor[0m[2m:[0m 🔍 Fetching transaction details for: 0x47ee8bfdbbc9429d84100dea9065f4234a0a75a7beac4f62878210896a27af61
[2m2025-12-10T10:11:03.673899Z[0m [34mDEBUG[0m [2methereum_transaction_pool_monitor::eth_client[0m[2m:[0m 🔍 Fetching transaction details for hash: 0x47ee8bfdbbc9429d84100dea9065f4234a0a75a7beac4f62878210896a27af61
[2m2025-12-10T10:11:03.673916Z[0m [34mDEBUG[0m [2mhyper::client::pool[0m[2m:[0m reuse idle connection for ("http", 192.168.0.14:8545)
[2m2025-12-10T10:11:03.673957Z[0m [34mDEBUG[0m [2mhyper::proto::h1::io[0m[2m:[0m flushed 250 bytes
[2m2025-12-10T10:11:03.673974Z[0m [34mDEBUG[0m [2methereum_transaction_pool_monitor::eth_client[0m[2m:[0m 📨 Received WebSocket message: {"jsonrpc":"2.0","method":"eth_subscription","params":{"subscription":"0xbed0a0851463e895960a451075a301a9","result":"0xd806d139a19c45e93b66f08e545b9cca67ccd1069e78bb7e6dab3843abb39905"}}
[2m2025-12-10T10:11:03.673982Z[0m [34mDEBUG[0m [2methereum_transaction_pool_monitor::eth_client[0m[2m:[0m 📨 Received pending transaction: 0xd806d139a19c45e93b66f08e545b9cca67ccd1069e78bb7e6dab3843abb39905
[2m2025-12-10T10:11:03.673982Z[0m [34mDEBUG[0m [2mhyper::proto::h1::io[0m[2m:[0m parsed 4 headers
[2m2025-12-10T10:11:03.673990Z[0m [34mDEBUG[0m [2methereum_transaction_pool_monitor::eth_client[0m[2m:[0m 📨 Received WebSocket message: {"jsonrpc":"2.0","method":"eth_subscription","params":{"subscription":"0xbed0a0851463e895960a451075a301a9","result":"0x4d2740cb2c955db265203ff878cb1b3e5654e57be4fba319b987138bc307e52a"}}
[2m2025-12-10T10:11:03.673995Z[0m [34mDEBUG[0m [2mhyper::proto::h1::conn[0m[2m:[0m incoming body is content-length (45 bytes)
[2m2025-12-10T10:11:03.674002Z[0m [34mDEBUG[0m [2methereum_transaction_pool_monitor::eth_client[0m[2m:[0m 📨 Received pending transaction: 0x4d2740cb2c955db265203ff878cb1b3e5654e57be4fba319b987138bc307e52a
[2m2025-12-10T10:11:03.674009Z[0m [34mDEBUG[0m [2mhyper::proto::h1::conn[0m[2m:[0m incoming body completed
[2m2025-12-10T10:11:03.674018Z[0m [34mDEBUG[0m [2mhyper::client::pool[0m[2m:[0m pooling idle connection for ("http", 192.168.0.14:8545)
[2m2025-12-10T10:11:03.677382Z[0m [34mDEBUG[0m [2mhyper::proto::h1::io[0m[2m:[0m parsed 4 headers
[2m2025-12-10T10:11:03.677391Z[0m [34mDEBUG[0m [2mhyper::proto::h1::conn[0m[2m:[0m incoming body is content-length (677 bytes)
[2m2025-12-10T10:11:03.677398Z[0m [34mDEBUG[0m [2mhyper::proto::h1::conn[0m[2m:[0m incoming body completed
[2m2025-12-10T10:11:03.677405Z[0m [34mDEBUG[0m [2mhyper::client::pool[0m[2m:[0m pooling idle connection for ("http", 192.168.0.14:8545)
[2m2025-12-10T10:11:03.677411Z[0m [34mDEBUG[0m [2methereum_transaction_pool_monitor::eth_client[0m[2m:[0m 📡 Transaction fetch RPC completed in 3.507833ms
[2m2025-12-10T10:11:03.677426Z[0m [34mDEBUG[0m [2methereum_transaction_pool_monitor::eth_client[0m[2m:[0m DeFi transaction detected - Address: 0xdac17f958d2ee523a2206206994597c13d831ec7, Type: Stablecoin, Value: 0 ETH, Gas: 2.00 Gwei
[2m2025-12-10T10:11:03.677438Z[0m [34mDEBUG[0m [2methereum_transaction_pool_monitor::eth_client[0m[2m:[0m ✅ Transaction 0x47ee8bfdbbc9429d84100dea9065f4234a0a75a7beac4f62878210896a27af61 fetched and parsed in 3.534833ms
[2m2025-12-10T10:11:03.677444Z[0m [34mDEBUG[0m [2methereum_transaction_pool_monitor::mempool_monitor[0m[2m:[0m 🔍 Skipping tx 0x47ee8bfdbbc9429d84100dea9065f4234a0a75a7beac4f62878210896a27af61 - not a DEX interaction (target: 0xdAC17F958D2ee523a2206206994597C13D831ec7)
[2m2025-12-10T10:11:03.677451Z[0m [34mDEBUG[0m [2methereum_transaction_pool_monitor::mempool_monitor[0m[2m:[0m 📨 Processing new pending transaction: 0x89da4f03e8ccdfae7ba826fe12803733ec5a1347e2bb70dc91e2db8f8de7f086
[2m2025-12-10T10:11:03.677455Z[0m [34mDEBUG[0m [2methereum_transaction_pool_monitor::mempool_monitor[0m[2m:[0m 🔍 Fetching transaction details for: 0x89da4f03e8ccdfae7ba826fe12803733ec5a1347e2bb70dc91e2db8f8de7f086
[2m2025-12-10T10:11:03.677459Z[0m [34mDEBUG[0m [2methereum_transaction_pool_monitor::eth_client[0m[2m:[0m 🔍 Fetching transaction details for hash: 0x89da4f03e8ccdfae7ba826fe12803733ec5a1347e2bb70dc91e2db8f8de7f086
[2m2025-12-10T10:11:03.677470Z[0m [34mDEBUG[0m [2mhyper::client::pool[0m[2m:[0m reuse idle connection for ("http", 192.168.0.14:8545)
[2m2025-12-10T10:11:03.677494Z[0m [34mDEBUG[0m [2mhyper::proto::h1::io[0m[2m:[0m flushed 250 bytes
[2m2025-12-10T10:11:03.682502Z[0m [34mDEBUG[0m [2mhyper::proto::h1::io[0m[2m:[0m parsed 4 headers
[2m2025-12-10T10:11:03.682518Z[0m [34mDEBUG[0m [2mhyper::proto::h1::conn[0m[2m:[0m incoming body is content-length (772 bytes)
[2m2025-12-10T10:11:03.682525Z[0m [34mDEBUG[0m [2mhyper::proto::h1::conn[0m[2m:[0m incoming body completed
[2m2025-12-10T10:11:03.682534Z[0m [34mDEBUG[0m [2mhyper::client::pool[0m[2m:[0m pooling idle connection for ("http", 192.168.0.14:8545)
[2m2025-12-10T10:11:03.682540Z[0m [34mDEBUG[0m [2methereum_transaction_pool_monitor::eth_client[0m[2m:[0m 📡 Transaction fetch RPC completed in 5.077083ms
[2m2025-12-10T10:11:03.682554Z[0m [34mDEBUG[0m [2methereum_transaction_pool_monitor::eth_client[0m[2m:[0m DeFi transaction detected - Address: 0xdac17f958d2ee523a2206206994597c13d831ec7, Type: Stablecoin, Value: 0 ETH, Gas: 2.24 Gwei
[2m2025-12-10T10:11:03.682565Z[0m [34mDEBUG[0m [2methereum_transaction_pool_monitor::eth_client[0m[2m:[0m ✅ Transaction 0x89da4f03e8ccdfae7ba826fe12803733ec5a1347e2bb70dc91e2db8f8de7f086 fetched and parsed in 5.101791ms
[2m2025-12-10T10:11:03.682571Z[0m [34mDEBUG[0m [2methereum_transaction_pool_monitor::mempool_monitor[0m[2m:[0m 🔍 Skipping tx 0x89da4f03e8ccdfae7ba826fe12803733ec5a1347e2bb70dc91e2db8f8de7f086 - not a DEX interaction (target: 0xdAC17F958D2ee523a2206206994597C13D831ec7)
[2m2025-12-10T10:11:03.682577Z[0m [34mDEBUG[0m [2methereum_transaction_pool_monitor::mempool_monitor[0m[2m:[0m 📨 Processing new pending transaction: 0xb04996dfc27a38355220563294a3ee9fdc32cb1c567744e6d517ec0941a9be94
[2m2025-12-10T10:11:03.682582Z[0m [34mDEBUG[0m [2methereum_transaction_pool_monitor::mempool_monitor[0m[2m:[0m 🔍 Fetching transaction details for: 0xb04996dfc27a38355220563294a3ee9fdc32cb1c567744e6d517ec0941a9be94
[2m2025-12-10T10:11:03.682585Z[0m [34mDEBUG[0m [2methereum_transaction_pool_monitor::eth_client[0m[2m:[0m 🔍 Fetching transaction details for hash: 0xb04996dfc27a38355220563294a3ee9fdc32cb1c567744e6d517ec0941a9be94
[2m2025-12-10T10:11:03.682598Z[0m [34mDEBUG[0m [2mhyper::client::pool[0m[2m:[0m reuse idle connection for ("http", 192.168.0.14:8545)
[2m2025-12-10T10:11:03.682624Z[0m [34mDEBUG[0m [2mhyper::proto::h1::io[0m[2m:[0m flushed 250 bytes
[2m2025-12-10T10:11:03.688561Z[0m [34mDEBUG[0m [2mhyper::proto::h1::io[0m[2m:[0m parsed 4 headers
[2m2025-12-10T10:11:03.688568Z[0m [34mDEBUG[0m [2mhyper::proto::h1::conn[0m[2m:[0m incoming body is content-length (650 bytes)
[2m2025-12-10T10:11:03.688574Z[0m [34mDEBUG[0m [2mhyper::proto::h1::conn[0m[2m:[0m incoming body completed
[2m2025-12-10T10:11:03.688581Z[0m [34mDEBUG[0m [2mhyper::client::pool[0m[2m:[0m pooling idle connection for ("http", 192.168.0.14:8545)
[2m2025-12-10T10:11:03.688587Z[0m [34mDEBUG[0m [2methereum_transaction_pool_monitor::eth_client[0m[2m:[0m 📡 Transaction fetch RPC completed in 5.997542ms
[2m2025-12-10T10:11:03.757384Z[0m [34mDEBUG[0m [2methereum_transaction_pool_monitor::eth_client[0m[2m:[0m ✅ Transaction 0xb04996dfc27a38355220563294a3ee9fdc32cb1c567744e6d517ec0941a9be94 fetched and parsed in 74.791875ms
[2m2025-12-10T10:11:03.757412Z[0m [34mDEBUG[0m [2methereum_transaction_pool_monitor::mempool_monitor[0m[2m:[0m 🔍 Skipping tx 0xb04996dfc27a38355220563294a3ee9fdc32cb1c567744e6d517ec0941a9be94 - not a DEX interaction (target: 0x139B920004360b08A1e285bA3859771EB0470Ce9)
[2m2025-12-10T10:11:03.757421Z[0m [34mDEBUG[0m [2methereum_transaction_pool_monitor::mempool_monitor[0m[2m:[0m 📨 Processing new pending transaction: 0xc9defa3420f8ec3d556c634d4743a0b33f3401c86a73276d6dbf46247bc11f18
[2m2025-12-10T10:11:03.757432Z[0m [34mDEBUG[0m [2methereum_transaction_pool_monitor::mempool_monitor[0m[2m:[0m 🔍 Fetching transaction details for: 0xc9defa3420f8ec3d556c634d4743a0b33f3401c86a73276d6dbf46247bc11f18
[2m2025-12-10T10:11:03.757440Z[0m [34mDEBUG[0m [2methereum_transaction_pool_monitor::eth_client[0m[2m:[0m 🔍 Fetching transaction details for hash: 0xc9defa3420f8ec3d556c634d4743a0b33f3401c86a73276d6dbf46247bc11f18
[2m2025-12-10T10:11:03.757457Z[0m [34mDEBUG[0m [2mhyper::client::pool[0m[2m:[0m reuse idle connection for ("http", 192.168.0.14:8545)
[2m2025-12-10T10:11:03.757493Z[0m [34mDEBUG[0m [2mhyper::proto::h1::io[0m[2m:[0m flushed 250 bytes
[2m2025-12-10T10:11:03.757521Z[0m [34mDEBUG[0m [2mhyper::client::pool[0m[2m:[0m reuse idle connection for ("http", 192.168.0.14:8545)
[2m2025-12-10T10:11:03.757534Z[0m [34mDEBUG[0m [2mhyper::proto::h1::io[0m[2m:[0m flushed 172 bytes
[2m2025-12-10T10:11:03.761358Z[0m [34mDEBUG[0m [2mhyper::proto::h1::io[0m[2m:[0m parsed 4 headers
[2m2025-12-10T10:11:03.761364Z[0m [34mDEBUG[0m [2mhyper::proto::h1::conn[0m[2m:[0m incoming body is content-length (778 bytes)
[2m2025-12-10T10:11:03.761371Z[0m [34mDEBUG[0m [2mhyper::proto::h1::conn[0m[2m:[0m incoming body completed
[2m2025-12-10T10:11:03.761378Z[0m [34mDEBUG[0m [2mhyper::client::pool[0m[2m:[0m pooling idle connection for ("http", 192.168.0.14:8545)
[2m2025-12-10T10:11:03.761383Z[0m [34mDEBUG[0m [2methereum_transaction_pool_monitor::eth_client[0m[2m:[0m 📡 Transaction fetch RPC completed in 3.938584ms
[2m2025-12-10T10:11:03.761397Z[0m [34mDEBUG[0m [2methereum_transaction_pool_monitor::eth_client[0m[2m:[0m DeFi transaction detected - Address: 0xdac17f958d2ee523a2206206994597c13d831ec7, Type: Stablecoin, Value: 0 ETH, Gas: 127.50 Gwei
[2m2025-12-10T10:11:03.761411Z[0m [34mDEBUG[0m [2methereum_transaction_pool_monitor::eth_client[0m[2m:[0m ✅ Transaction 0xc9defa3420f8ec3d556c634d4743a0b33f3401c86a73276d6dbf46247bc11f18 fetched and parsed in 3.965917ms
[2m2025-12-10T10:11:03.761416Z[0m [34mDEBUG[0m [2methereum_transaction_pool_monitor::mempool_monitor[0m[2m:[0m 🔍 Skipping tx 0xc9defa3420f8ec3d556c634d4743a0b33f3401c86a73276d6dbf46247bc11f18 - not a DEX interaction (target: 0xdAC17F958D2ee523a2206206994597C13D831ec7)
[2m2025-12-10T10:11:03.761757Z[0m [34mDEBUG[0m [2methereum_transaction_pool_monitor::mempool_monitor[0m[2m:[0m 📨 Processing new pending transaction: 0x3203fd10e2cd79d7fafb56b4ac84ec9e051419050d56a60a3cf6ca584b48b6f6
[2m2025-12-10T10:11:03.761762Z[0m [34mDEBUG[0m [2methereum_transaction_pool_monitor::mempool_monitor[0m[2m:[0m 🔍 Fetching transaction details for: 0x3203fd10e2cd79d7fafb56b4ac84ec9e051419050d56a60a3cf6ca584b48b6f6
[2m2025-12-10T10:11:03.761766Z[0m [34mDEBUG[0m [2methereum_transaction_pool_monitor::eth_client[0m[2m:[0m 🔍 Fetching transaction details for hash: 0x3203fd10e2cd79d7fafb56b4ac84ec9e051419050d56a60a3cf6ca584b48b6f6
[2m2025-12-10T10:11:03.761773Z[0m [34mDEBUG[0m [2mhyper::client::pool[0m[2m:[0m reuse idle connection for ("http", 192.168.0.14:8545)
[2m2025-12-10T10:11:03.761787Z[0m [34mDEBUG[0m [2mhyper::proto::h1::io[0m[2m:[0m flushed 250 bytes
[2m2025-12-10T10:11:03.761865Z[0m [34mDEBUG[0m [2mhyper::proto::h1::io[0m[2m:[0m parsed 4 headers
[2m2025-12-10T10:11:03.761870Z[0m [34mDEBUG[0m [2mhyper::proto::h1::conn[0m[2m:[0m incoming body is content-length (45 bytes)
[2m2025-12-10T10:11:03.761875Z[0m [34mDEBUG[0m [2mhyper::proto::h1::conn[0m[2m:[0m incoming body completed
[2m2025-12-10T10:11:03.761881Z[0m [34mDEBUG[0m [2mhyper::client::pool[0m[2m:[0m pooling idle connection for ("http", 192.168.0.14:8545)
[2m2025-12-10T10:11:03.765000Z[0m [34mDEBUG[0m [2mhyper::proto::h1::io[0m[2m:[0m parsed 4 headers
[2m2025-12-10T10:11:03.765013Z[0m [34mDEBUG[0m [2mhyper::proto::h1::conn[0m[2m:[0m incoming body is content-length (838 bytes)
[2m2025-12-10T10:11:03.765020Z[0m [34mDEBUG[0m [2mhyper::proto::h1::conn[0m[2m:[0m incoming body completed
[2m2025-12-10T10:11:03.765027Z[0m [34mDEBUG[0m [2mhyper::client::pool[0m[2m:[0m pooling idle connection for ("http", 192.168.0.14:8545)
[2m2025-12-10T10:11:03.765033Z[0m [34mDEBUG[0m [2methereum_transaction_pool_monitor::eth_client[0m[2m:[0m 📡 Transaction fetch RPC completed in 3.263416ms
[2m2025-12-10T10:11:03.834328Z[0m [34mDEBUG[0m [2methereum_transaction_pool_monitor::eth_client[0m[2m:[0m ✅ Transaction 0x3203fd10e2cd79d7fafb56b4ac84ec9e051419050d56a60a3cf6ca584b48b6f6 fetched and parsed in 72.555958ms
[2m2025-12-10T10:11:03.834357Z[0m [34mDEBUG[0m [2methereum_transaction_pool_monitor::mempool_monitor[0m[2m:[0m 🔍 Skipping tx 0x3203fd10e2cd79d7fafb56b4ac84ec9e051419050d56a60a3cf6ca584b48b6f6 - not a DEX interaction (target: 0x76600115C5Cbe56d82bDe2Af8CAfb3801AEE5EFe)
[2m2025-12-10T10:11:03.834365Z[0m [34mDEBUG[0m [2methereum_transaction_pool_monitor::mempool_monitor[0m[2m:[0m 📨 Processing new pending transaction: 0xc17d0e0a4c33842be99370f5dba60867db77e5172a0b2f72dbef5fb1cf96c11f
[2m2025-12-10T10:11:03.834370Z[0m [34mDEBUG[0m [2methereum_transaction_pool_monitor::mempool_monitor[0m[2m:[0m 🔍 Fetching transaction details for: 0xc17d0e0a4c33842be99370f5dba60867db77e5172a0b2f72dbef5fb1cf96c11f
[2m2025-12-10T10:11:03.834374Z[0m [34mDEBUG[0m [2methereum_transaction_pool_monitor::eth_client[0m[2m:[0m 🔍 Fetching transaction details for hash: 0xc17d0e0a4c33842be99370f5dba60867db77e5172a0b2f72dbef5fb1cf96c11f
[2m2025-12-10T10:11:03.834391Z[0m [34mDEBUG[0m [2mhyper::client::pool[0m[2m:[0m reuse idle connection for ("http", 192.168.0.14:8545)
[2m2025-12-10T10:11:03.834442Z[0m [34mDEBUG[0m [2mhyper::proto::h1::io[0m[2m:[0m flushed 250 bytes
[2m2025-12-10T10:11:03.834471Z[0m [34mDEBUG[0m [2mhyper::client::pool[0m[2m:[0m reuse idle connection for ("http", 192.168.0.14:8545)
[2m2025-12-10T10:11:03.834485Z[0m [34mDEBUG[0m [2mhyper::proto::h1::io[0m[2m:[0m flushed 172 bytes
[2m2025-12-10T10:11:03.837380Z[0m [34mDEBUG[0m [2mhyper::proto::h1::io[0m[2m:[0m parsed 4 headers
[2m2025-12-10T10:11:03.837395Z[0m [34mDEBUG[0m [2mhyper::proto::h1::conn[0m[2m:[0m incoming body is content-length (649 bytes)
[2m2025-12-10T10:11:03.837402Z[0m [34mDEBUG[0m [2mhyper::proto::h1::conn[0m[2m:[0m incoming body completed
[2m2025-12-10T10:11:03.837411Z[0m [34mDEBUG[0m [2mhyper::client::pool[0m[2m:[0m pooling idle connection for ("http", 192.168.0.14:8545)
[2m2025-12-10T10:11:03.837418Z[0m [34mDEBUG[0m [2methereum_transaction_pool_monitor::eth_client[0m[2m:[0m 📡 Transaction fetch RPC completed in 3.039459ms
[2m2025-12-10T10:11:03.907452Z[0m [34mDEBUG[0m [2methereum_transaction_pool_monitor::eth_client[0m[2m:[0m ✅ Transaction 0xc17d0e0a4c33842be99370f5dba60867db77e5172a0b2f72dbef5fb1cf96c11f fetched and parsed in 73.070875ms
[2m2025-12-10T10:11:03.907476Z[0m [34mDEBUG[0m [2methereum_transaction_pool_monitor::mempool_monitor[0m[2m:[0m 🔍 Skipping tx 0xc17d0e0a4c33842be99370f5dba60867db77e5172a0b2f72dbef5fb1cf96c11f - not a DEX interaction (target: 0xf30ba13e4b04Ce5dC4D254Ae5FA95477800F0EB0)
[2m2025-12-10T10:11:03.907486Z[0m [34mDEBUG[0m [2methereum_transaction_pool_monitor::mempool_monitor[0m[2m:[0m 📨 Processing new pending transaction: 0xa5d1498347e9e9799fd0091d8d9904493394b39b9139b2186411f1e45c621006
[2m2025-12-10T10:11:03.907490Z[0m [34mDEBUG[0m [2methereum_transaction_pool_monitor::mempool_monitor[0m[2m:[0m 🔍 Fetching transaction details for: 0xa5d1498347e9e9799fd0091d8d9904493394b39b9139b2186411f1e45c621006
[2m2025-12-10T10:11:03.907495Z[0m [34mDEBUG[0m [2methereum_transaction_pool_monitor::eth_client[0m[2m:[0m 🔍 Fetching transaction details for hash: 0xa5d1498347e9e9799fd0091d8d9904493394b39b9139b2186411f1e45c621006
[2m2025-12-10T10:11:03.907512Z[0m [34mDEBUG[0m [2mhyper::client::pool[0m[2m:[0m reuse idle connection for ("http", 192.168.0.14:8545)
[2m2025-12-10T10:11:03.907553Z[0m [34mDEBUG[0m [2mhyper::proto::h1::io[0m[2m:[0m flushed 250 bytes
[2m2025-12-10T10:11:03.907575Z[0m [34mDEBUG[0m [2methereum_transaction_pool_monitor::eth_client[0m[2m:[0m 📨 Received WebSocket message: {"jsonrpc":"2.0","method":"eth_subscription","params":{"subscription":"0xbed0a0851463e895960a451075a301a9","result":"0xad9e99d5b3f582397730f2bc830fb057d195c794ed3eecfafafa6d78fd766c6d"}}
[2m2025-12-10T10:11:03.907579Z[0m [34mDEBUG[0m [2mhyper::proto::h1::io[0m[2m:[0m parsed 4 headers
[2m2025-12-10T10:11:03.907583Z[0m [34mDEBUG[0m [2methereum_transaction_pool_monitor::eth_client[0m[2m:[0m 📨 Received pending transaction: 0xad9e99d5b3f582397730f2bc830fb057d195c794ed3eecfafafa6d78fd766c6d
[2m2025-12-10T10:11:03.907588Z[0m [34mDEBUG[0m [2mhyper::proto::h1::conn[0m[2m:[0m incoming body is content-length (45 bytes)
[2m2025-12-10T10:11:03.907595Z[0m [34mDEBUG[0m [2methereum_transaction_pool_monitor::eth_client[0m[2m:[0m 📨 Received WebSocket message: {"jsonrpc":"2.0","method":"eth_subscription","params":{"subscription":"0xbed0a0851463e895960a451075a301a9","result":"0x5449fc99118aacea0343cba32bcee852d27dbb28127a8f2db869a860b2d017bf"}}
[2m2025-12-10T10:11:03.907601Z[0m [34mDEBUG[0m [2mhyper::proto::h1::conn[0m[2m:[0m incoming body completed
[2m2025-12-10T10:11:03.907605Z[0m [34mDEBUG[0m [2methereum_transaction_pool_monitor::eth_client[0m[2m:[0m 📨 Received pending transaction: 0x5449fc99118aacea0343cba32bcee852d27dbb28127a8f2db869a860b2d017bf
[2m2025-12-10T10:11:03.907612Z[0m [34mDEBUG[0m [2methereum_transaction_pool_monitor::eth_client[0m[2m:[0m 📨 Received WebSocket message: {"jsonrpc":"2.0","method":"eth_subscription","params":{"subscription":"0xbed0a0851463e895960a451075a301a9","result":"0x044c4746b6a9ea69863e294be069a0fd9b1f48843e7fbb7e7ad38acbca9d7d72"}}
[2m2025-12-10T10:11:03.907613Z[0m [34mDEBUG[0m [2mhyper::client::pool[0m[2m:[0m pooling idle connection for ("http", 192.168.0.14:8545)
[2m2025-12-10T10:11:03.907618Z[0m [34mDEBUG[0m [2methereum_transaction_pool_monitor::eth_client[0m[2m:[0m 📨 Received pending transaction: 0x044c4746b6a9ea69863e294be069a0fd9b1f48843e7fbb7e7ad38acbca9d7d72
[2m2025-12-10T10:11:03.907627Z[0m [34mDEBUG[0m [2methereum_transaction_pool_monitor::eth_client[0m[2m:[0m 📨 Received WebSocket message: {"jsonrpc":"2.0","method":"eth_subscription","params":{"subscription":"0xbed0a0851463e895960a451075a301a9","result":"0xbe7e3f38078bd530d832677320ca7bf349da44e8c625a0df09976d7d2ca2a8fa"}}
[2m2025-12-10T10:11:03.907631Z[0m [34mDEBUG[0m [2methereum_transaction_pool_monitor::eth_client[0m[2m:[0m 📨 Received pending transaction: 0xbe7e3f38078bd530d832677320ca7bf349da44e8c625a0df09976d7d2ca2a8fa
[2m2025-12-10T10:11:03.907632Z[0m [34mDEBUG[0m [2mhyper::client::pool[0m[2m:[0m reuse idle connection for ("http", 192.168.0.14:8545)
[2m2025-12-10T10:11:03.907637Z[0m [34mDEBUG[0m [2methereum_transaction_pool_monitor::eth_client[0m[2m:[0m 📨 Received WebSocket message: {"jsonrpc":"2.0","method":"eth_subscription","params":{"subscription":"0xbed0a0851463e895960a451075a301a9","result":"0x16d505967cf43a7198acea7a4f95e3125dc1b23de380d41feadeb8d7d354a712"}}
[2m2025-12-10T10:11:03.907646Z[0m [34mDEBUG[0m [2methereum_transaction_pool_monitor::eth_client[0m[2m:[0m 📨 Received pending transaction: 0x16d505967cf43a7198acea7a4f95e3125dc1b23de380d41feadeb8d7d354a712
[2m2025-12-10T10:11:03.907650Z[0m [34mDEBUG[0m [2methereum_transaction_pool_monitor::eth_client[0m[2m:[0m 📨 Received WebSocket message: {"jsonrpc":"2.0","method":"eth_subscription","params":{"subscription":"0xbed0a0851463e895960a451075a301a9","result":"0xd9ac431f05b7423f5eb08fe886b19ab753b95c67f18e80c5e9e6f0fc4d32885f"}}
[2m2025-12-10T10:11:03.907651Z[0m [34mDEBUG[0m [2mhyper::proto::h1::io[0m[2m:[0m flushed 172 bytes
[2m2025-12-10T10:11:03.907656Z[0m [34mDEBUG[0m [2methereum_transaction_pool_monitor::eth_client[0m[2m:[0m 📨 Received pending transaction: 0xd9ac431f05b7423f5eb08fe886b19ab753b95c67f18e80c5e9e6f0fc4d32885f
[2m2025-12-10T10:11:03.907671Z[0m [34mDEBUG[0m [2methereum_transaction_pool_monitor::eth_client[0m[2m:[0m 📨 Received WebSocket message: {"jsonrpc":"2.0","method":"eth_subscription","params":{"subscription":"0xbed0a0851463e895960a451075a301a9","result":"0x8874fd8b847fae41cb8559cc26b7385f76cbbd1ca4d894e2f2d4bef2aa662658"}}
[2m2025-12-10T10:11:03.907675Z[0m [34mDEBUG[0m [2methereum_transaction_pool_monitor::eth_client[0m[2m:[0m 📨 Received pending transaction: 0x8874fd8b847fae41cb8559cc26b7385f76cbbd1ca4d894e2f2d4bef2aa662658
[2m2025-12-10T10:11:03.907679Z[0m [34mDEBUG[0m [2methereum_transaction_pool_monitor::eth_client[0m[2m:[0m 📨 Received WebSocket message: {"jsonrpc":"2.0","method":"eth_subscription","params":{"subscription":"0xbed0a0851463e895960a451075a301a9","result":"0x7c06be33b8b3e77f56d0233ccb4b776402720ad63a588d70b170ff1bb532ca46"}}
[2m2025-12-10T10:11:03.907684Z[0m [34mDEBUG[0m [2methereum_transaction_pool_monitor::eth_client[0m[2m:[0m 📨 Received pending transaction: 0x7c06be33b8b3e77f56d0233ccb4b776402720ad63a588d70b170ff1bb532ca46
[2m2025-12-10T10:11:03.907688Z[0m [34mDEBUG[0m [2methereum_transaction_pool_monitor::eth_client[0m[2m:[0m 📨 Received WebSocket message: {"jsonrpc":"2.0","method":"eth_subscription","params":{"subscription":"0xbed0a0851463e895960a451075a301a9","result":"0xd112d50879409481691839d3e1d4396314aea2982d811b900adee410c4ac6ddb"}}
[2m2025-12-10T10:11:03.907692Z[0m [34mDEBUG[0m [2methereum_transaction_pool_monitor::eth_client[0m[2m:[0m 📨 Received pending transaction: 0xd112d50879409481691839d3e1d4396314aea2982d811b900adee410c4ac6ddb
[2m2025-12-10T10:11:03.907696Z[0m [34mDEBUG[0m [2methereum_transaction_pool_monitor::eth_client[0m[2m:[0m 📨 Received WebSocket message: {"jsonrpc":"2.0","method":"eth_subscription","params":{"subscription":"0xbed0a0851463e895960a451075a301a9","result":"0x69e9bbf474facbfcf4d7e06a83f3b2fbd9adb35f5dd9d82c52afc4692fb9d32f"}}
[2m2025-12-10T10:11:03.907701Z[0m [34mDEBUG[0m [2methereum_transaction_pool_monitor::eth_client[0m[2m:[0m 📨 Received pending transaction: 0x69e9bbf474facbfcf4d7e06a83f3b2fbd9adb35f5dd9d82c52afc4692fb9d32f
[2m2025-12-10T10:11:03.911165Z[0m [34mDEBUG[0m [2mhyper::proto::h1::io[0m[2m:[0m parsed 4 headers
[2m2025-12-10T10:11:03.911172Z[0m [34mDEBUG[0m [2mhyper::proto::h1::conn[0m[2m:[0m incoming body is content-length (2117 bytes)
[2m2025-12-10T10:11:03.911184Z[0m [34mDEBUG[0m [2methereum_transaction_pool_monitor::eth_client[0m[2m:[0m 📡 Transaction fetch RPC completed in 3.68475ms
[2m2025-12-10T10:11:03.911788Z[0m [34mDEBUG[0m [2mhyper::proto::h1::conn[0m[2m:[0m incoming body completed
[2m2025-12-10T10:11:03.911797Z[0m [34mDEBUG[0m [2mhyper::client::pool[0m[2m:[0m pooling idle connection for ("http", 192.168.0.14:8545)
[2m2025-12-10T10:11:03.912165Z[0m [34mDEBUG[0m [2mhyper::proto::h1::io[0m[2m:[0m parsed 4 headers
[2m2025-12-10T10:11:03.912170Z[0m [34mDEBUG[0m [2mhyper::proto::h1::conn[0m[2m:[0m incoming body is content-length (45 bytes)
[2m2025-12-10T10:11:03.912175Z[0m [34mDEBUG[0m [2mhyper::proto::h1::conn[0m[2m:[0m incoming body completed
[2m2025-12-10T10:11:03.912181Z[0m [34mDEBUG[0m [2mhyper::client::pool[0m[2m:[0m pooling idle connection for ("http", 192.168.0.14:8545)
[2m2025-12-10T10:11:03.980885Z[0m [34mDEBUG[0m [2methereum_transaction_pool_monitor::eth_client[0m[2m:[0m ✅ Transaction 0xa5d1498347e9e9799fd0091d8d9904493394b39b9139b2186411f1e45c621006 fetched and parsed in 73.383541ms
[2m2025-12-10T10:11:03.980916Z[0m [34mDEBUG[0m [2methereum_transaction_pool_monitor::mempool_monitor[0m[2m:[0m 🔍 Skipping tx 0xa5d1498347e9e9799fd0091d8d9904493394b39b9139b2186411f1e45c621006 - not a DEX interaction (target: 0x589dEDbD617e0CBcB916A9223F4d1300c294236b)
[2m2025-12-10T10:11:03.980926Z[0m [34mDEBUG[0m [2methereum_transaction_pool_monitor::mempool_monitor[0m[2m:[0m 📨 Processing new pending transaction: 0xd806d139a19c45e93b66f08e545b9cca67ccd1069e78bb7e6dab3843abb39905
[2m2025-12-10T10:11:03.980935Z[0m [34mDEBUG[0m [2methereum_transaction_pool_monitor::mempool_monitor[0m[2m:[0m 🔍 Fetching transaction details for: 0xd806d139a19c45e93b66f08e545b9cca67ccd1069e78bb7e6dab3843abb39905
[2m2025-12-10T10:11:03.980941Z[0m [34mDEBUG[0m [2methereum_transaction_pool_monitor::eth_client[0m[2m:[0m 🔍 Fetching transaction details for hash: 0xd806d139a19c45e93b66f08e545b9cca67ccd1069e78bb7e6dab3843abb39905
[2m2025-12-10T10:11:03.980960Z[0m [34mDEBUG[0m [2mhyper::client::pool[0m[2m:[0m reuse idle connection for ("http", 192.168.0.14:8545)
[2m2025-12-10T10:11:03.981009Z[0m [34mDEBUG[0m [2mhyper::proto::h1::io[0m[2m:[0m flushed 250 bytes
[2m2025-12-10T10:11:03.984849Z[0m [34mDEBUG[0m [2mhyper::proto::h1::io[0m[2m:[0m parsed 4 headers
[2m2025-12-10T10:11:03.984865Z[0m [34mDEBUG[0m [2mhyper::proto::h1::conn[0m[2m:[0m incoming body is content-length (559 bytes)
[2m2025-12-10T10:11:03.984873Z[0m [34mDEBUG[0m [2mhyper::proto::h1::conn[0m[2m:[0m incoming body completed
[2m2025-12-10T10:11:03.984882Z[0m [34mDEBUG[0m [2mhyper::client::pool[0m[2m:[0m pooling idle connection for ("http", 192.168.0.14:8545)
[2m2025-12-10T10:11:03.984889Z[0m [34mDEBUG[0m [2methereum_transaction_pool_monitor::eth_client[0m[2m:[0m 📡 Transaction fetch RPC completed in 3.942291ms
[2m2025-12-10T10:11:04.053494Z[0m [34mDEBUG[0m [2methereum_transaction_pool_monitor::eth_client[0m[2m:[0m ✅ Transaction 0xd806d139a19c45e93b66f08e545b9cca67ccd1069e78bb7e6dab3843abb39905 fetched and parsed in 72.543708ms
[2m2025-12-10T10:11:04.053523Z[0m [34mDEBUG[0m [2methereum_transaction_pool_monitor::mempool_monitor[0m[2m:[0m 🔍 Skipping tx 0xd806d139a19c45e93b66f08e545b9cca67ccd1069e78bb7e6dab3843abb39905 - not a DEX interaction (target: 0xeB6c4bE4b92a52e969F4bF405025D997703D5383)
[2m2025-12-10T10:11:04.053535Z[0m [34mDEBUG[0m [2methereum_transaction_pool_monitor::mempool_monitor[0m[2m:[0m 📨 Processing new pending transaction: 0x4d2740cb2c955db265203ff878cb1b3e5654e57be4fba319b987138bc307e52a
[2m2025-12-10T10:11:04.053539Z[0m [34mDEBUG[0m [2methereum_transaction_pool_monitor::mempool_monitor[0m[2m:[0m 🔍 Fetching transaction details for: 0x4d2740cb2c955db265203ff878cb1b3e5654e57be4fba319b987138bc307e52a
[2m2025-12-10T10:11:04.053778Z[0m [34mDEBUG[0m [2methereum_transaction_pool_monitor::eth_client[0m[2m:[0m 🔍 Fetching transaction details for hash: 0x4d2740cb2c955db265203ff878cb1b3e5654e57be4fba319b987138bc307e52a
[2m2025-12-10T10:11:04.053799Z[0m [34mDEBUG[0m [2mhyper::client::pool[0m[2m:[0m reuse idle connection for ("http", 192.168.0.14:8545)
[2m2025-12-10T10:11:04.053848Z[0m [34mDEBUG[0m [2mhyper::proto::h1::io[0m[2m:[0m flushed 250 bytes
[2m2025-12-10T10:11:04.053867Z[0m [34mDEBUG[0m [2mhyper::client::pool[0m[2m:[0m reuse idle connection for ("http", 192.168.0.14:8545)
[2m2025-12-10T10:11:04.053880Z[0m [34mDEBUG[0m [2mhyper::proto::h1::io[0m[2m:[0m flushed 172 bytes
[2m2025-12-10T10:11:04.053882Z[0m [34mDEBUG[0m [2methereum_transaction_pool_monitor::eth_client[0m[2m:[0m 📨 Received WebSocket message: {"jsonrpc":"2.0","method":"eth_subscription","params":{"subscription":"0xbed0a0851463e895960a451075a301a9","result":"0x65ed7062a009288f88f7df2491d1338159fecb3739ddf19811d9d45537b21cdf"}}
[2m2025-12-10T10:11:04.053893Z[0m [34mDEBUG[0m [2methereum_transaction_pool_monitor::eth_client[0m[2m:[0m 📨 Received pending transaction: 0x65ed7062a009288f88f7df2491d1338159fecb3739ddf19811d9d45537b21cdf
[2m2025-12-10T10:11:04.058403Z[0m [34mDEBUG[0m [2mhyper::proto::h1::io[0m[2m:[0m parsed 4 headers
[2m2025-12-10T10:11:04.058420Z[0m [34mDEBUG[0m [2mhyper::proto::h1::conn[0m[2m:[0m incoming body is content-length (772 bytes)
[2m2025-12-10T10:11:04.058428Z[0m [34mDEBUG[0m [2mhyper::proto::h1::conn[0m[2m:[0m incoming body completed
[2m2025-12-10T10:11:04.058438Z[0m [34mDEBUG[0m [2mhyper::client::pool[0m[2m:[0m pooling idle connection for ("http", 192.168.0.14:8545)
[2m2025-12-10T10:11:04.058445Z[0m [34mDEBUG[0m [2methereum_transaction_pool_monitor::eth_client[0m[2m:[0m 📡 Transaction fetch RPC completed in 4.659625ms
[2m2025-12-10T10:11:04.058460Z[0m [34mDEBUG[0m [2methereum_transaction_pool_monitor::eth_client[0m[2m:[0m DeFi transaction detected - Address: 0xdac17f958d2ee523a2206206994597c13d831ec7, Type: Stablecoin, Value: 0 ETH, Gas: 0.75 Gwei
[2m2025-12-10T10:11:04.058473Z[0m [34mDEBUG[0m [2methereum_transaction_pool_monitor::eth_client[0m[2m:[0m ✅ Transaction 0x4d2740cb2c955db265203ff878cb1b3e5654e57be4fba319b987138bc307e52a fetched and parsed in 4.687792ms
[2m2025-12-10T10:11:04.058480Z[0m [34mDEBUG[0m [2methereum_transaction_pool_monitor::mempool_monitor[0m[2m:[0m 🔍 Skipping tx 0x4d2740cb2c955db265203ff878cb1b3e5654e57be4fba319b987138bc307e52a - not a DEX interaction (target: 0xdAC17F958D2ee523a2206206994597C13D831ec7)
[2m2025-12-10T10:11:04.058487Z[0m [34mDEBUG[0m [2methereum_transaction_pool_monitor::mempool_monitor[0m[2m:[0m 📨 Processing new pending transaction: 0xad9e99d5b3f582397730f2bc830fb057d195c794ed3eecfafafa6d78fd766c6d
[2m2025-12-10T10:11:04.058492Z[0m [34mDEBUG[0m [2methereum_transaction_pool_monitor::mempool_monitor[0m[2m:[0m 🔍 Fetching transaction details for: 0xad9e99d5b3f582397730f2bc830fb057d195c794ed3eecfafafa6d78fd766c6d
[2m2025-12-10T10:11:04.058496Z[0m [34mDEBUG[0m [2methereum_transaction_pool_monitor::eth_client[0m[2m:[0m 🔍 Fetching transaction details for hash: 0xad9e99d5b3f582397730f2bc830fb057d195c794ed3eecfafafa6d78fd766c6d
[2m2025-12-10T10:11:04.058510Z[0m [34mDEBUG[0m [2mhyper::client::pool[0m[2m:[0m reuse idle connection for ("http", 192.168.0.14:8545)
[2m2025-12-10T10:11:04.058536Z[0m [34mDEBUG[0m [2mhyper::proto::h1::io[0m[2m:[0m flushed 250 bytes
[2m2025-12-10T10:11:04.059655Z[0m [34mDEBUG[0m [2mhyper::proto::h1::io[0m[2m:[0m parsed 4 headers
[2m2025-12-10T10:11:04.059661Z[0m [34mDEBUG[0m [2mhyper::proto::h1::conn[0m[2m:[0m incoming body is content-length (45 bytes)
[2m2025-12-10T10:11:04.059666Z[0m [34mDEBUG[0m [2mhyper::proto::h1::conn[0m[2m:[0m incoming body completed
[2m2025-12-10T10:11:04.059672Z[0m [34mDEBUG[0m [2mhyper::client::pool[0m[2m:[0m pooling idle connection for ("http", 192.168.0.14:8545)
[2m2025-12-10T10:11:04.064390Z[0m [34mDEBUG[0m [2mhyper::proto::h1::io[0m[2m:[0m parsed 4 headers
[2m2025-12-10T10:11:04.064396Z[0m [34mDEBUG[0m [2mhyper::proto::h1::conn[0m[2m:[0m incoming body is content-length (904 bytes)
[2m2025-12-10T10:11:04.064401Z[0m [34mDEBUG[0m [2mhyper::proto::h1::conn[0m[2m:[0m incoming body completed
[2m2025-12-10T10:11:04.064406Z[0m [34mDEBUG[0m [2mhyper::client::pool[0m[2m:[0m pooling idle connection for ("http", 192.168.0.14:8545)
[2m2025-12-10T10:11:04.064411Z[0m [34mDEBUG[0m [2methereum_transaction_pool_monitor::eth_client[0m[2m:[0m 📡 Transaction fetch RPC completed in 5.910917ms
[2m2025-12-10T10:11:04.133685Z[0m [34mDEBUG[0m [2methereum_transaction_pool_monitor::eth_client[0m[2m:[0m ✅ Transaction 0xad9e99d5b3f582397730f2bc830fb057d195c794ed3eecfafafa6d78fd766c6d fetched and parsed in 75.182459ms
[2m2025-12-10T10:11:04.133711Z[0m [34mDEBUG[0m [2methereum_transaction_pool_monitor::mempool_monitor[0m[2m:[0m 🔍 Skipping tx 0xad9e99d5b3f582397730f2bc830fb057d195c794ed3eecfafafa6d78fd766c6d - not a DEX interaction (target: 0xff00000000000000000000000000000000000480)
[2m2025-12-10T10:11:04.133721Z[0m [34mDEBUG[0m [2methereum_transaction_pool_monitor::mempool_monitor[0m[2m:[0m 📨 Processing new pending transaction: 0x5449fc99118aacea0343cba32bcee852d27dbb28127a8f2db869a860b2d017bf
[2m2025-12-10T10:11:04.133726Z[0m [34mDEBUG[0m [2methereum_transaction_pool_monitor::mempool_monitor[0m[2m:[0m 🔍 Fetching transaction details for: 0x5449fc99118aacea0343cba32bcee852d27dbb28127a8f2db869a860b2d017bf
[2m2025-12-10T10:11:04.133730Z[0m [34mDEBUG[0m [2methereum_transaction_pool_monitor::eth_client[0m[2m:[0m 🔍 Fetching transaction details for hash: 0x5449fc99118aacea0343cba32bcee852d27dbb28127a8f2db869a860b2d017bf
[2m2025-12-10T10:11:04.133748Z[0m [34mDEBUG[0m [2mhyper::client::pool[0m[2m:[0m reuse idle connection for ("http", 192.168.0.14:8545)
[2m2025-12-10T10:11:04.133803Z[0m [34mDEBUG[0m [2mhyper::proto::h1::io[0m[2m:[0m flushed 250 bytes
[2m2025-12-10T10:11:04.133822Z[0m [34mDEBUG[0m [2mhyper::client::pool[0m[2m:[0m reuse idle connection for ("http", 192.168.0.14:8545)
[2m2025-12-10T10:11:04.133836Z[0m [34mDEBUG[0m [2mhyper::proto::h1::io[0m[2m:[0m flushed 172 bytes
[2m2025-12-10T10:11:04.133903Z[0m [34mDEBUG[0m [2methereum_transaction_pool_monitor::eth_client[0m[2m:[0m 📨 Received WebSocket message: {"jsonrpc":"2.0","method":"eth_subscription","params":{"subscription":"0xbed0a0851463e895960a451075a301a9","result":"0xc27711f69a67cf76e2566d42757e0c46a8b40526ecd2499d44ee04a866e5e0a6"}}
[2m2025-12-10T10:11:04.133910Z[0m [34mDEBUG[0m [2methereum_transaction_pool_monitor::eth_client[0m[2m:[0m 📨 Received pending transaction: 0xc27711f69a67cf76e2566d42757e0c46a8b40526ecd2499d44ee04a866e5e0a6
[2m2025-12-10T10:11:04.133916Z[0m [34mDEBUG[0m [2methereum_transaction_pool_monitor::eth_client[0m[2m:[0m 📨 Received WebSocket message: {"jsonrpc":"2.0","method":"eth_subscription","params":{"subscription":"0xbed0a0851463e895960a451075a301a9","result":"0xde3becf094e2fbf8e6812510eac9dd9e364b0a3eafb3f754b82ac333932b44b3"}}
[2m2025-12-10T10:11:04.133921Z[0m [34mDEBUG[0m [2methereum_transaction_pool_monitor::eth_client[0m[2m:[0m 📨 Received pending transaction: 0xde3becf094e2fbf8e6812510eac9dd9e364b0a3eafb3f754b82ac333932b44b3
[2m2025-12-10T10:11:04.138464Z[0m [34mDEBUG[0m [2mhyper::proto::h1::io[0m[2m:[0m parsed 4 headers
[2m2025-12-10T10:11:04.138480Z[0m [34mDEBUG[0m [2mhyper::proto::h1::conn[0m[2m:[0m incoming body is content-length (681 bytes)
[2m2025-12-10T10:11:04.138487Z[0m [34mDEBUG[0m [2mhyper::proto::h1::conn[0m[2m:[0m incoming body completed
[2m2025-12-10T10:11:04.138497Z[0m [34mDEBUG[0m [2mhyper::client::pool[0m[2m:[0m pooling idle connection for ("http", 192.168.0.14:8545)
[2m2025-12-10T10:11:04.138504Z[0m [34mDEBUG[0m [2methereum_transaction_pool_monitor::eth_client[0m[2m:[0m 📡 Transaction fetch RPC completed in 4.77025ms
[2m2025-12-10T10:11:04.208642Z[0m [34mDEBUG[0m [2methereum_transaction_pool_monitor::eth_client[0m[2m:[0m ✅ Transaction 0x5449fc99118aacea0343cba32bcee852d27dbb28127a8f2db869a860b2d017bf fetched and parsed in 74.904708ms
[2m2025-12-10T10:11:04.208681Z[0m [34mDEBUG[0m [2methereum_transaction_pool_monitor::mempool_monitor[0m[2m:[0m 🔍 Skipping tx 0x5449fc99118aacea0343cba32bcee852d27dbb28127a8f2db869a860b2d017bf - not a DEX interaction (target: 0xA0b86991c6218b36c1d19D4a2e9Eb0cE3606eB48)
[2m2025-12-10T10:11:04.208693Z[0m [34mDEBUG[0m [2methereum_transaction_pool_monitor::mempool_monitor[0m[2m:[0m 📨 Processing new pending transaction: 0x044c4746b6a9ea69863e294be069a0fd9b1f48843e7fbb7e7ad38acbca9d7d72
[2m2025-12-10T10:11:04.208700Z[0m [34mDEBUG[0m [2methereum_transaction_pool_monitor::mempool_monitor[0m[2m:[0m 🔍 Fetching transaction details for: 0x044c4746b6a9ea69863e294be069a0fd9b1f48843e7fbb7e7ad38acbca9d7d72
[2m2025-12-10T10:11:04.208707Z[0m [34mDEBUG[0m [2methereum_transaction_pool_monitor::eth_client[0m[2m:[0m 🔍 Fetching transaction details for hash: 0x044c4746b6a9ea69863e294be069a0fd9b1f48843e7fbb7e7ad38acbca9d7d72
[2m2025-12-10T10:11:04.208729Z[0m [34mDEBUG[0m [2mhyper::client::pool[0m[2m:[0m reuse idle connection for ("http", 192.168.0.14:8545)
[2m2025-12-10T10:11:04.208797Z[0m [34mDEBUG[0m [2mhyper::proto::h1::io[0m[2m:[0m flushed 250 bytes
[2m2025-12-10T10:11:04.208817Z[0m [34mDEBUG[0m [2mhyper::proto::h1::io[0m[2m:[0m parsed 4 headers
[2m2025-12-10T10:11:04.208822Z[0m [34mDEBUG[0m [2mhyper::proto::h1::conn[0m[2m:[0m incoming body is content-length (45 bytes)
[2m2025-12-10T10:11:04.208830Z[0m [34mDEBUG[0m [2mhyper::proto::h1::conn[0m[2m:[0m incoming body completed
[2m2025-12-10T10:11:04.208840Z[0m [34mDEBUG[0m [2mhyper::client::pool[0m[2m:[0m pooling idle connection for ("http", 192.168.0.14:8545)
[2m2025-12-10T10:11:04.208859Z[0m [34mDEBUG[0m [2mhyper::client::pool[0m[2m:[0m reuse idle connection for ("http", 192.168.0.14:8545)
[2m2025-12-10T10:11:04.208880Z[0m [34mDEBUG[0m [2mhyper::proto::h1::io[0m[2m:[0m flushed 172 bytes
[2m2025-12-10T10:11:04.211710Z[0m [34mDEBUG[0m [2mhyper::proto::h1::io[0m[2m:[0m parsed 4 headers
[2m2025-12-10T10:11:04.211730Z[0m [34mDEBUG[0m [2mhyper::proto::h1::conn[0m[2m:[0m incoming body is content-length (652 bytes)
[2m2025-12-10T10:11:04.211739Z[0m [34mDEBUG[0m [2mhyper::proto::h1::conn[0m[2m:[0m incoming body completed
[2m2025-12-10T10:11:04.211749Z[0m [34mDEBUG[0m [2mhyper::client::pool[0m[2m:[0m pooling idle connection for ("http", 192.168.0.14:8545)
[2m2025-12-10T10:11:04.211756Z[0m [34mDEBUG[0m [2methereum_transaction_pool_monitor::eth_client[0m[2m:[0m 📡 Transaction fetch RPC completed in 3.044375ms
[2m2025-12-10T10:11:04.282407Z[0m [34mDEBUG[0m [2methereum_transaction_pool_monitor::eth_client[0m[2m:[0m ✅ Transaction 0x044c4746b6a9ea69863e294be069a0fd9b1f48843e7fbb7e7ad38acbca9d7d72 fetched and parsed in 73.692459ms
[2m2025-12-10T10:11:04.282439Z[0m [34mDEBUG[0m [2methereum_transaction_pool_monitor::mempool_monitor[0m[2m:[0m 🔍 Skipping tx 0x044c4746b6a9ea69863e294be069a0fd9b1f48843e7fbb7e7ad38acbca9d7d72 - not a DEX interaction (target: 0x9999f5FA7c56EAbF937C06Cd8F6c0C9D526cF934)
[2m2025-12-10T10:11:04.282451Z[0m [34mDEBUG[0m [2methereum_transaction_pool_monitor::mempool_monitor[0m[2m:[0m 📨 Processing new pending transaction: 0xbe7e3f38078bd530d832677320ca7bf349da44e8c625a0df09976d7d2ca2a8fa
[2m2025-12-10T10:11:04.282456Z[0m [34mDEBUG[0m [2methereum_transaction_pool_monitor::mempool_monitor[0m[2m:[0m 🔍 Fetching transaction details for: 0xbe7e3f38078bd530d832677320ca7bf349da44e8c625a0df09976d7d2ca2a8fa
[2m2025-12-10T10:11:04.282460Z[0m [34mDEBUG[0m [2methereum_transaction_pool_monitor::eth_client[0m[2m:[0m 🔍 Fetching transaction details for hash: 0xbe7e3f38078bd530d832677320ca7bf349da44e8c625a0df09976d7d2ca2a8fa
[2m2025-12-10T10:11:04.282484Z[0m [34mDEBUG[0m [2mhyper::client::pool[0m[2m:[0m reuse idle connection for ("http", 192.168.0.14:8545)
[2m2025-12-10T10:11:04.282544Z[0m [34mDEBUG[0m [2mhyper::proto::h1::io[0m[2m:[0m flushed 250 bytes
[2m2025-12-10T10:11:04.282569Z[0m [34mDEBUG[0m [2methereum_transaction_pool_monitor::eth_client[0m[2m:[0m 📨 Received WebSocket message: {"jsonrpc":"2.0","method":"eth_subscription","params":{"subscription":"0xbed0a0851463e895960a451075a301a9","result":"0x24bf6c6b0e0e8a42d0c2b734d1bc6333a1a0841df9ff184db22f1a48f1c57439"}}
[2m2025-12-10T10:11:04.282574Z[0m [34mDEBUG[0m [2mhyper::proto::h1::io[0m[2m:[0m parsed 4 headers
[2m2025-12-10T10:11:04.282578Z[0m [34mDEBUG[0m [2methereum_transaction_pool_monitor::eth_client[0m[2m:[0m 📨 Received pending transaction: 0x24bf6c6b0e0e8a42d0c2b734d1bc6333a1a0841df9ff184db22f1a48f1c57439
[2m2025-12-10T10:11:04.282585Z[0m [34mDEBUG[0m [2mhyper::proto::h1::conn[0m[2m:[0m incoming body is content-length (45 bytes)
[2m2025-12-10T10:11:04.282598Z[0m [34mDEBUG[0m [2mhyper::proto::h1::conn[0m[2m:[0m incoming body completed
[2m2025-12-10T10:11:04.282608Z[0m [34mDEBUG[0m [2mhyper::client::pool[0m[2m:[0m pooling idle connection for ("http", 192.168.0.14:8545)
[2m2025-12-10T10:11:04.288804Z[0m [34mDEBUG[0m [2mhyper::proto::h1::io[0m[2m:[0m parsed 4 headers
[2m2025-12-10T10:11:04.288819Z[0m [34mDEBUG[0m [2mhyper::proto::h1::conn[0m[2m:[0m incoming body is content-length (681 bytes)
[2m2025-12-10T10:11:04.288826Z[0m [34mDEBUG[0m [2mhyper::proto::h1::conn[0m[2m:[0m incoming body completed
[2m2025-12-10T10:11:04.288835Z[0m [34mDEBUG[0m [2mhyper::client::pool[0m[2m:[0m pooling idle connection for ("http", 192.168.0.14:8545)
[2m2025-12-10T10:11:04.288842Z[0m [34mDEBUG[0m [2methereum_transaction_pool_monitor::eth_client[0m[2m:[0m 📡 Transaction fetch RPC completed in 6.37725ms
[2m2025-12-10T10:11:04.357671Z[0m [34mDEBUG[0m [2methereum_transaction_pool_monitor::eth_client[0m[2m:[0m ✅ Transaction 0xbe7e3f38078bd530d832677320ca7bf349da44e8c625a0df09976d7d2ca2a8fa fetched and parsed in 75.202458ms
[2m2025-12-10T10:11:04.357704Z[0m [34mDEBUG[0m [2methereum_transaction_pool_monitor::mempool_monitor[0m[2m:[0m 🔍 Skipping tx 0xbe7e3f38078bd530d832677320ca7bf349da44e8c625a0df09976d7d2ca2a8fa - not a DEX interaction (target: 0xA0b86991c6218b36c1d19D4a2e9Eb0cE3606eB48)
[2m2025-12-10T10:11:04.357714Z[0m [34mDEBUG[0m [2methereum_transaction_pool_monitor::mempool_monitor[0m[2m:[0m 📨 Processing new pending transaction: 0x16d505967cf43a7198acea7a4f95e3125dc1b23de380d41feadeb8d7d354a712
[2m2025-12-10T10:11:04.357719Z[0m [34mDEBUG[0m [2methereum_transaction_pool_monitor::mempool_monitor[0m[2m:[0m 🔍 Fetching transaction details for: 0x16d505967cf43a7198acea7a4f95e3125dc1b23de380d41feadeb8d7d354a712
[2m2025-12-10T10:11:04.357724Z[0m [34mDEBUG[0m [2methereum_transaction_pool_monitor::eth_client[0m[2m:[0m 🔍 Fetching transaction details for hash: 0x16d505967cf43a7198acea7a4f95e3125dc1b23de380d41feadeb8d7d354a712
[2m2025-12-10T10:11:04.357745Z[0m [34mDEBUG[0m [2mhyper::client::pool[0m[2m:[0m reuse idle connection for ("http", 192.168.0.14:8545)
[2m2025-12-10T10:11:04.357814Z[0m [34mDEBUG[0m [2mhyper::proto::h1::io[0m[2m:[0m flushed 250 bytes
[2m2025-12-10T10:11:04.357842Z[0m [34mDEBUG[0m [2mhyper::client::pool[0m[2m:[0m reuse idle connection for ("http", 192.168.0.14:8545)
[2m2025-12-10T10:11:04.357857Z[0m [34mDEBUG[0m [2mhyper::proto::h1::io[0m[2m:[0m flushed 172 bytes
[2m2025-12-10T10:11:04.362995Z[0m [34mDEBUG[0m [2mhyper::proto::h1::io[0m[2m:[0m parsed 4 headers
[2m2025-12-10T10:11:04.363016Z[0m [34mDEBUG[0m [2mhyper::proto::h1::conn[0m[2m:[0m incoming body is content-length (559 bytes)
[2m2025-12-10T10:11:04.363025Z[0m [34mDEBUG[0m [2mhyper::proto::h1::conn[0m[2m:[0m incoming body completed
[2m2025-12-10T10:11:04.363036Z[0m [34mDEBUG[0m [2mhyper::client::pool[0m[2m:[0m pooling idle connection for ("http", 192.168.0.14:8545)
[2m2025-12-10T10:11:04.363725Z[0m [34mDEBUG[0m [2methereum_transaction_pool_monitor::eth_client[0m[2m:[0m 📡 Transaction fetch RPC completed in 5.997041ms
[2m2025-12-10T10:11:04.434170Z[0m [34mDEBUG[0m [2methereum_transaction_pool_monitor::eth_client[0m[2m:[0m ✅ Transaction 0x16d505967cf43a7198acea7a4f95e3125dc1b23de380d41feadeb8d7d354a712 fetched and parsed in 76.439333ms
[2m2025-12-10T10:11:04.434207Z[0m [34mDEBUG[0m [2methereum_transaction_pool_monitor::mempool_monitor[0m[2m:[0m 🔍 Skipping tx 0x16d505967cf43a7198acea7a4f95e3125dc1b23de380d41feadeb8d7d354a712 - not a DEX interaction (target: 0xA1Ab9aC46e1CA60145A09C0207ed2605b6b29E2F)
[2m2025-12-10T10:11:04.434222Z[0m [34mDEBUG[0m [2methereum_transaction_pool_monitor::mempool_monitor[0m[2m:[0m 📨 Processing new pending transaction: 0xd9ac431f05b7423f5eb08fe886b19ab753b95c67f18e80c5e9e6f0fc4d32885f
[2m2025-12-10T10:11:04.434230Z[0m [34mDEBUG[0m [2methereum_transaction_pool_monitor::mempool_monitor[0m[2m:[0m 🔍 Fetching transaction details for: 0xd9ac431f05b7423f5eb08fe886b19ab753b95c67f18e80c5e9e6f0fc4d32885f
[2m2025-12-10T10:11:04.434235Z[0m [34mDEBUG[0m [2methereum_transaction_pool_monitor::eth_client[0m[2m:[0m 🔍 Fetching transaction details for hash: 0xd9ac431f05b7423f5eb08fe886b19ab753b95c67f18e80c5e9e6f0fc4d32885f
[2m2025-12-10T10:11:04.434259Z[0m [34mDEBUG[0m [2mhyper::client::pool[0m[2m:[0m reuse idle connection for ("http", 192.168.0.14:8545)
[2m2025-12-10T10:11:04.434318Z[0m [34mDEBUG[0m [2mhyper::proto::h1::io[0m[2m:[0m flushed 250 bytes
[2m2025-12-10T10:11:04.434344Z[0m [34mDEBUG[0m [2methereum_transaction_pool_monitor::eth_client[0m[2m:[0m 📨 Received WebSocket message: {"jsonrpc":"2.0","method":"eth_subscription","params":{"subscription":"0xbed0a0851463e895960a451075a301a9","result":"0x65355f1eb2652b50a8aa7d60c2bb2dab9a55650766d44200e3cd2b949fa6950b"}}
[2m2025-12-10T10:11:04.434348Z[0m [34mDEBUG[0m [2mhyper::proto::h1::io[0m[2m:[0m parsed 4 headers
[2m2025-12-10T10:11:04.434353Z[0m [34mDEBUG[0m [2methereum_transaction_pool_monitor::eth_client[0m[2m:[0m 📨 Received pending transaction: 0x65355f1eb2652b50a8aa7d60c2bb2dab9a55650766d44200e3cd2b949fa6950b
[2m2025-12-10T10:11:04.434360Z[0m [34mDEBUG[0m [2mhyper::proto::h1::conn[0m[2m:[0m incoming body is content-length (45 bytes)
[2m2025-12-10T10:11:04.434374Z[0m [34mDEBUG[0m [2mhyper::proto::h1::conn[0m[2m:[0m incoming body completed
[2m2025-12-10T10:11:04.434383Z[0m [34mDEBUG[0m [2mhyper::client::pool[0m[2m:[0m pooling idle connection for ("http", 192.168.0.14:8545)
[2m2025-12-10T10:11:04.434400Z[0m [34mDEBUG[0m [2mhyper::client::pool[0m[2m:[0m reuse idle connection for ("http", 192.168.0.14:8545)
[2m2025-12-10T10:11:04.434423Z[0m [34mDEBUG[0m [2mhyper::proto::h1::io[0m[2m:[0m flushed 172 bytes
[2m2025-12-10T10:11:04.437310Z[0m [34mDEBUG[0m [2mhyper::proto::h1::io[0m[2m:[0m parsed 4 headers
[2m2025-12-10T10:11:04.437317Z[0m [34mDEBUG[0m [2mhyper::proto::h1::conn[0m[2m:[0m incoming body is content-length (557 bytes)
[2m2025-12-10T10:11:04.437323Z[0m [34mDEBUG[0m [2mhyper::proto::h1::conn[0m[2m:[0m incoming body completed
[2m2025-12-10T10:11:04.437330Z[0m [34mDEBUG[0m [2mhyper::client::pool[0m[2m:[0m pooling idle connection for ("http", 192.168.0.14:8545)
[2m2025-12-10T10:11:04.437336Z[0m [34mDEBUG[0m [2methereum_transaction_pool_monitor::eth_client[0m[2m:[0m 📡 Transaction fetch RPC completed in 3.09275ms
[2m2025-12-10T10:11:04.504987Z[0m [34mDEBUG[0m [2methereum_transaction_pool_monitor::eth_client[0m[2m:[0m ✅ Transaction 0xd9ac431f05b7423f5eb08fe886b19ab753b95c67f18e80c5e9e6f0fc4d32885f fetched and parsed in 70.741542ms
[2m2025-12-10T10:11:04.505022Z[0m [34mDEBUG[0m [2methereum_transaction_pool_monitor::mempool_monitor[0m[2m:[0m 🔍 Skipping tx 0xd9ac431f05b7423f5eb08fe886b19ab753b95c67f18e80c5e9e6f0fc4d32885f - not a DEX interaction (target: 0x38aba98Ad9acB92e486089Cf3a011160dd382F99)
[2m2025-12-10T10:11:04.505032Z[0m [34mDEBUG[0m [2methereum_transaction_pool_monitor::mempool_monitor[0m[2m:[0m 📨 Processing new pending transaction: 0x8874fd8b847fae41cb8559cc26b7385f76cbbd1ca4d894e2f2d4bef2aa662658
[2m2025-12-10T10:11:04.505037Z[0m [34mDEBUG[0m [2methereum_transaction_pool_monitor::mempool_monitor[0m[2m:[0m 🔍 Fetching transaction details for: 0x8874fd8b847fae41cb8559cc26b7385f76cbbd1ca4d894e2f2d4bef2aa662658
[2m2025-12-10T10:11:04.505041Z[0m [34mDEBUG[0m [2methereum_transaction_pool_monitor::eth_client[0m[2m:[0m 🔍 Fetching transaction details for hash: 0x8874fd8b847fae41cb8559cc26b7385f76cbbd1ca4d894e2f2d4bef2aa662658
[2m2025-12-10T10:11:04.505062Z[0m [34mDEBUG[0m [2mhyper::client::pool[0m[2m:[0m reuse idle connection for ("http", 192.168.0.14:8545)
[2m2025-12-10T10:11:04.505125Z[0m [34mDEBUG[0m [2mhyper::proto::h1::io[0m[2m:[0m flushed 250 bytes
[2m2025-12-10T10:11:04.505144Z[0m [34mDEBUG[0m [2mhyper::proto::h1::io[0m[2m:[0m parsed 4 headers
[2m2025-12-10T10:11:04.505148Z[0m [34mDEBUG[0m [2mhyper::proto::h1::conn[0m[2m:[0m incoming body is content-length (45 bytes)
[2m2025-12-10T10:11:04.505156Z[0m [34mDEBUG[0m [2mhyper::proto::h1::conn[0m[2m:[0m incoming body completed
[2m2025-12-10T10:11:04.505164Z[0m [34mDEBUG[0m [2mhyper::client::pool[0m[2m:[0m pooling idle connection for ("http", 192.168.0.14:8545)
[2m2025-12-10T10:11:04.505181Z[0m [34mDEBUG[0m [2mhyper::client::pool[0m[2m:[0m reuse idle connection for ("http", 192.168.0.14:8545)
[2m2025-12-10T10:11:04.505198Z[0m [34mDEBUG[0m [2mhyper::proto::h1::io[0m[2m:[0m flushed 172 bytes
[2m2025-12-10T10:11:04.509861Z[0m [34mDEBUG[0m [2mhyper::proto::h1::io[0m[2m:[0m parsed 4 headers
[2m2025-12-10T10:11:04.509879Z[0m [34mDEBUG[0m [2mhyper::proto::h1::conn[0m[2m:[0m incoming body is content-length (45 bytes)
[2m2025-12-10T10:11:04.509886Z[0m [34mDEBUG[0m [2mhyper::proto::h1::conn[0m[2m:[0m incoming body completed
[2m2025-12-10T10:11:04.509896Z[0m [34mDEBUG[0m [2mhyper::client::pool[0m[2m:[0m pooling idle connection for ("http", 192.168.0.14:8545)
[2m2025-12-10T10:11:04.510422Z[0m [34mDEBUG[0m [2mhyper::proto::h1::io[0m[2m:[0m parsed 4 headers
[2m2025-12-10T10:11:04.510430Z[0m [34mDEBUG[0m [2mhyper::proto::h1::conn[0m[2m:[0m incoming body is content-length (681 bytes)
[2m2025-12-10T10:11:04.510435Z[0m [34mDEBUG[0m [2mhyper::proto::h1::conn[0m[2m:[0m incoming body completed
[2m2025-12-10T10:11:04.510441Z[0m [34mDEBUG[0m [2mhyper::client::pool[0m[2m:[0m pooling idle connection for ("http", 192.168.0.14:8545)
[2m2025-12-10T10:11:04.510446Z[0m [34mDEBUG[0m [2methereum_transaction_pool_monitor::eth_client[0m[2m:[0m 📡 Transaction fetch RPC completed in 5.400458ms
[2m2025-12-10T10:11:04.510458Z[0m [34mDEBUG[0m [2methereum_transaction_pool_monitor::eth_client[0m[2m:[0m DeFi transaction detected - Address: 0xdac17f958d2ee523a2206206994597c13d831ec7, Type: Stablecoin, Value: 0 ETH, Gas: 2.00 Gwei
[2m2025-12-10T10:11:04.510470Z[0m [34mDEBUG[0m [2methereum_transaction_pool_monitor::eth_client[0m[2m:[0m ✅ Transaction 0x8874fd8b847fae41cb8559cc26b7385f76cbbd1ca4d894e2f2d4bef2aa662658 fetched and parsed in 5.424167ms
[2m2025-12-10T10:11:04.510476Z[0m [34mDEBUG[0m [2methereum_transaction_pool_monitor::mempool_monitor[0m[2m:[0m 🔍 Skipping tx 0x8874fd8b847fae41cb8559cc26b7385f76cbbd1ca4d894e2f2d4bef2aa662658 - not a DEX interaction (target: 0xdAC17F958D2ee523a2206206994597C13D831ec7)
[2m2025-12-10T10:11:04.510498Z[0m [34mDEBUG[0m [2methereum_transaction_pool_monitor::mempool_monitor[0m[2m:[0m 📨 Processing new pending transaction: 0x7c06be33b8b3e77f56d0233ccb4b776402720ad63a588d70b170ff1bb532ca46
[2m2025-12-10T10:11:04.510502Z[0m [34mDEBUG[0m [2methereum_transaction_pool_monitor::mempool_monitor[0m[2m:[0m 🔍 Fetching transaction details for: 0x7c06be33b8b3e77f56d0233ccb4b776402720ad63a588d70b170ff1bb532ca46
[2m2025-12-10T10:11:04.510506Z[0m [34mDEBUG[0m [2methereum_transaction_pool_monitor::eth_client[0m[2m:[0m 🔍 Fetching transaction details for hash: 0x7c06be33b8b3e77f56d0233ccb4b776402720ad63a588d70b170ff1bb532ca46
[2m2025-12-10T10:11:04.510521Z[0m [34mDEBUG[0m [2mhyper::client::pool[0m[2m:[0m reuse idle connection for ("http", 192.168.0.14:8545)
[2m2025-12-10T10:11:04.510549Z[0m [34mDEBUG[0m [2mhyper::proto::h1::io[0m[2m:[0m flushed 250 bytes
[2m2025-12-10T10:11:04.517279Z[0m [34mDEBUG[0m [2mhyper::proto::h1::io[0m[2m:[0m parsed 4 headers
[2m2025-12-10T10:11:04.517295Z[0m [34mDEBUG[0m [2mhyper::proto::h1::conn[0m[2m:[0m incoming body is content-length (830 bytes)
[2m2025-12-10T10:11:04.517301Z[0m [34mDEBUG[0m [2mhyper::proto::h1::conn[0m[2m:[0m incoming body completed
[2m2025-12-10T10:11:04.517309Z[0m [34mDEBUG[0m [2mhyper::client::pool[0m[2m:[0m pooling idle connection for ("http", 192.168.0.14:8545)
[2m2025-12-10T10:11:04.517315Z[0m [34mDEBUG[0m [2methereum_transaction_pool_monitor::eth_client[0m[2m:[0m 📡 Transaction fetch RPC completed in 6.804958ms
[2m2025-12-10T10:11:04.587085Z[0m [34mDEBUG[0m [2methereum_transaction_pool_monitor::eth_client[0m[2m:[0m ✅ Transaction 0x7c06be33b8b3e77f56d0233ccb4b776402720ad63a588d70b170ff1bb532ca46 fetched and parsed in 76.571542ms
[2m2025-12-10T10:11:04.587118Z[0m [34mDEBUG[0m [2methereum_transaction_pool_monitor::mempool_monitor[0m[2m:[0m 🔍 Skipping tx 0x7c06be33b8b3e77f56d0233ccb4b776402720ad63a588d70b170ff1bb532ca46 - not a DEX interaction (target: 0x3B4D794a66304F130a4Db8F2551B0070dfCf5ca7)
[2m2025-12-10T10:11:04.587129Z[0m [34mDEBUG[0m [2methereum_transaction_pool_monitor::mempool_monitor[0m[2m:[0m 📨 Processing new pending transaction: 0xd112d50879409481691839d3e1d4396314aea2982d811b900adee410c4ac6ddb
[2m2025-12-10T10:11:04.587134Z[0m [34mDEBUG[0m [2methereum_transaction_pool_monitor::mempool_monitor[0m[2m:[0m 🔍 Fetching transaction details for: 0xd112d50879409481691839d3e1d4396314aea2982d811b900adee410c4ac6ddb
[2m2025-12-10T10:11:04.587139Z[0m [34mDEBUG[0m [2methereum_transaction_pool_monitor::eth_client[0m[2m:[0m 🔍 Fetching transaction details for hash: 0xd112d50879409481691839d3e1d4396314aea2982d811b900adee410c4ac6ddb
[2m2025-12-10T10:11:04.587159Z[0m [34mDEBUG[0m [2mhyper::client::pool[0m[2m:[0m reuse idle connection for ("http", 192.168.0.14:8545)
[2m2025-12-10T10:11:04.587219Z[0m [34mDEBUG[0m [2mhyper::proto::h1::io[0m[2m:[0m flushed 250 bytes
[2m2025-12-10T10:11:04.587242Z[0m [34mDEBUG[0m [2methereum_transaction_pool_monitor::eth_client[0m[2m:[0m 📨 Received WebSocket message: {"jsonrpc":"2.0","method":"eth_subscription","params":{"subscription":"0xbed0a0851463e895960a451075a301a9","result":"0xcbd153045ed19fa54e22f9501c1f960189822cee5f077597543a1daf98fd86cc"}}
[2m2025-12-10T10:11:04.587250Z[0m [34mDEBUG[0m [2methereum_transaction_pool_monitor::eth_client[0m[2m:[0m 📨 Received pending transaction: 0xcbd153045ed19fa54e22f9501c1f960189822cee5f077597543a1daf98fd86cc
[2m2025-12-10T10:11:04.587256Z[0m [34mDEBUG[0m [2methereum_transaction_pool_monitor::eth_client[0m[2m:[0m 📨 Received WebSocket message: {"jsonrpc":"2.0","method":"eth_subscription","params":{"subscription":"0xbed0a0851463e895960a451075a301a9","result":"0xd02fb996547b1e2fa7877bf4306f5db9dc09aed36bf0cf54a4907d8e07f11f0f"}}
[2m2025-12-10T10:11:04.587261Z[0m [34mDEBUG[0m [2methereum_transaction_pool_monitor::eth_client[0m[2m:[0m 📨 Received pending transaction: 0xd02fb996547b1e2fa7877bf4306f5db9dc09aed36bf0cf54a4907d8e07f11f0f
[2m2025-12-10T10:11:04.590856Z[0m [34mDEBUG[0m [2mhyper::proto::h1::io[0m[2m:[0m parsed 4 headers
[2m2025-12-10T10:11:04.590866Z[0m [34mDEBUG[0m [2mhyper::proto::h1::conn[0m[2m:[0m incoming body is content-length (768 bytes)
[2m2025-12-10T10:11:04.590874Z[0m [34mDEBUG[0m [2mhyper::proto::h1::conn[0m[2m:[0m incoming body completed
[2m2025-12-10T10:11:04.590884Z[0m [34mDEBUG[0m [2mhyper::client::pool[0m[2m:[0m pooling idle connection for ("http", 192.168.0.14:8545)
[2m2025-12-10T10:11:04.590896Z[0m [34mDEBUG[0m [2methereum_transaction_pool_monitor::eth_client[0m[2m:[0m 📡 Transaction fetch RPC completed in 3.75225ms
[2m2025-12-10T10:11:04.660870Z[0m [34mDEBUG[0m [2methereum_transaction_pool_monitor::eth_client[0m[2m:[0m ✅ Transaction 0xd112d50879409481691839d3e1d4396314aea2982d811b900adee410c4ac6ddb fetched and parsed in 73.723625ms
[2m2025-12-10T10:11:04.660900Z[0m [34mDEBUG[0m [2methereum_transaction_pool_monitor::mempool_monitor[0m[2m:[0m 🔍 Skipping tx 0xd112d50879409481691839d3e1d4396314aea2982d811b900adee410c4ac6ddb - not a DEX interaction (target: 0xA0b86991c6218b36c1d19D4a2e9Eb0cE3606eB48)
[2m2025-12-10T10:11:04.660913Z[0m [34mDEBUG[0m [2methereum_transaction_pool_monitor::mempool_monitor[0m[2m:[0m 📨 Processing new pending transaction: 0x69e9bbf474facbfcf4d7e06a83f3b2fbd9adb35f5dd9d82c52afc4692fb9d32f
[2m2025-12-10T10:11:04.660922Z[0m [34mDEBUG[0m [2methereum_transaction_pool_monitor::mempool_monitor[0m[2m:[0m 🔍 Fetching transaction details for: 0x69e9bbf474facbfcf4d7e06a83f3b2fbd9adb35f5dd9d82c52afc4692fb9d32f
[2m2025-12-10T10:11:04.660930Z[0m [34mDEBUG[0m [2methereum_transaction_pool_monitor::eth_client[0m[2m:[0m 🔍 Fetching transaction details for hash: 0x69e9bbf474facbfcf4d7e06a83f3b2fbd9adb35f5dd9d82c52afc4692fb9d32f
[2m2025-12-10T10:11:04.660952Z[0m [34mDEBUG[0m [2mhyper::client::pool[0m[2m:[0m reuse idle connection for ("http", 192.168.0.14:8545)
[2m2025-12-10T10:11:04.661001Z[0m [34mDEBUG[0m [2mhyper::proto::h1::io[0m[2m:[0m flushed 250 bytes
[2m2025-12-10T10:11:04.661028Z[0m [34mDEBUG[0m [2mhyper::client::pool[0m[2m:[0m reuse idle connection for ("http", 192.168.0.14:8545)
[2m2025-12-10T10:11:04.661043Z[0m [34mDEBUG[0m [2mhyper::proto::h1::io[0m[2m:[0m flushed 172 bytes
[2m2025-12-10T10:11:04.667964Z[0m [34mDEBUG[0m [2mhyper::proto::h1::io[0m[2m:[0m parsed 4 headers
[2m2025-12-10T10:11:04.667983Z[0m [34mDEBUG[0m [2mhyper::proto::h1::conn[0m[2m:[0m incoming body is content-length (1797 bytes)
[2m2025-12-10T10:11:04.667998Z[0m [34mDEBUG[0m [2methereum_transaction_pool_monitor::eth_client[0m[2m:[0m 📡 Transaction fetch RPC completed in 7.063458ms
[2m2025-12-10T10:11:04.669731Z[0m [34mDEBUG[0m [2mhyper::proto::h1::conn[0m[2m:[0m incoming body completed
[2m2025-12-10T10:11:04.669748Z[0m [34mDEBUG[0m [2mhyper::client::pool[0m[2m:[0m pooling idle connection for ("http", 192.168.0.14:8545)
[2m2025-12-10T10:11:04.669759Z[0m [34mDEBUG[0m [2mhyper::proto::h1::io[0m[2m:[0m parsed 4 headers
[2m2025-12-10T10:11:04.669764Z[0m [34mDEBUG[0m [2mhyper::proto::h1::conn[0m[2m:[0m incoming body is content-length (45 bytes)
[2m2025-12-10T10:11:04.669769Z[0m [34mDEBUG[0m [2mhyper::proto::h1::conn[0m[2m:[0m incoming body completed
[2m2025-12-10T10:11:04.669776Z[0m [34mDEBUG[0m [2mhyper::client::pool[0m[2m:[0m pooling idle connection for ("http", 192.168.0.14:8545)
[2m2025-12-10T10:11:04.698338Z[0m [34mDEBUG[0m [2mhyper::client::pool[0m[2m:[0m reuse idle connection for ("http", 192.168.0.14:8545)
[2m2025-12-10T10:11:04.698390Z[0m [34mDEBUG[0m [2mhyper::proto::h1::io[0m[2m:[0m flushed 172 bytes
[2m2025-12-10T10:11:04.706116Z[0m [34mDEBUG[0m [2mhyper::proto::h1::io[0m[2m:[0m parsed 4 headers
[2m2025-12-10T10:11:04.706136Z[0m [34mDEBUG[0m [2mhyper::proto::h1::conn[0m[2m:[0m incoming body is content-length (45 bytes)
[2m2025-12-10T10:11:04.706146Z[0m [34mDEBUG[0m [2mhyper::proto::h1::conn[0m[2m:[0m incoming body completed
[2m2025-12-10T10:11:04.706159Z[0m [34mDEBUG[0m [2mhyper::client::pool[0m[2m:[0m pooling idle connection for ("http", 192.168.0.14:8545)
[2m2025-12-10T10:11:04.709765Z[0m [34mDEBUG[0m [2methereum_transaction_pool_monitor::eth_client[0m[2m:[0m 📨 Received WebSocket message: {"jsonrpc":"2.0","method":"eth_subscription","params":{"subscription":"0xbed0a0851463e895960a451075a301a9","result":"0x3b751c8ecaab7b7dc503eda34d700ec32eb4b3c98af6afe73db194d87bf60c5a"}}
[2m2025-12-10T10:11:04.710474Z[0m [34mDEBUG[0m [2methereum_transaction_pool_monitor::eth_client[0m[2m:[0m 📨 Received pending transaction: 0x3b751c8ecaab7b7dc503eda34d700ec32eb4b3c98af6afe73db194d87bf60c5a
[2m2025-12-10T10:11:04.713951Z[0m [34mDEBUG[0m [2methereum_transaction_pool_monitor::eth_client[0m[2m:[0m 📨 Received WebSocket message: {"jsonrpc":"2.0","method":"eth_subscription","params":{"subscription":"0xbed0a0851463e895960a451075a301a9","result":"0x4f1b0b1e9eabcb392f9127698a64d1a1d39f2c8ec98e840188de95492833c153"}}
[2m2025-12-10T10:11:04.713963Z[0m [34mDEBUG[0m [2methereum_transaction_pool_monitor::eth_client[0m[2m:[0m 📨 Received pending transaction: 0x4f1b0b1e9eabcb392f9127698a64d1a1d39f2c8ec98e840188de95492833c153
[2m2025-12-10T10:11:04.738257Z[0m [34mDEBUG[0m [2methereum_transaction_pool_monitor::eth_client[0m[2m:[0m ✅ Transaction 0x69e9bbf474facbfcf4d7e06a83f3b2fbd9adb35f5dd9d82c52afc4692fb9d32f fetched and parsed in 77.319583ms
[2m2025-12-10T10:11:04.738285Z[0m [34mDEBUG[0m [2methereum_transaction_pool_monitor::mempool_monitor[0m[2m:[0m 🔍 Skipping tx 0x69e9bbf474facbfcf4d7e06a83f3b2fbd9adb35f5dd9d82c52afc4692fb9d32f - not a DEX interaction (target: 0xEbdF3B5E96A092469D5424b091aCdD14Fd407781)
[2m2025-12-10T10:11:04.738295Z[0m [34mDEBUG[0m [2methereum_transaction_pool_monitor::mempool_monitor[0m[2m:[0m 📨 Processing new pending transaction: 0x65ed7062a009288f88f7df2491d1338159fecb3739ddf19811d9d45537b21cdf
[2m2025-12-10T10:11:04.738300Z[0m [34mDEBUG[0m [2methereum_transaction_pool_monitor::mempool_monitor[0m[2m:[0m 🔍 Fetching transaction details for: 0x65ed7062a009288f88f7df2491d1338159fecb3739ddf19811d9d45537b21cdf
[2m2025-12-10T10:11:04.738304Z[0m [34mDEBUG[0m [2methereum_transaction_pool_monitor::eth_client[0m[2m:[0m 🔍 Fetching transaction details for hash: 0x65ed7062a009288f88f7df2491d1338159fecb3739ddf19811d9d45537b21cdf
[2m2025-12-10T10:11:04.738323Z[0m [34mDEBUG[0m [2mhyper::client::pool[0m[2m:[0m reuse idle connection for ("http", 192.168.0.14:8545)
[2m2025-12-10T10:11:04.738372Z[0m [34mDEBUG[0m [2mhyper::proto::h1::io[0m[2m:[0m flushed 250 bytes
[2m2025-12-10T10:11:04.745229Z[0m [34mDEBUG[0m [2mhyper::proto::h1::io[0m[2m:[0m parsed 4 headers
[2m2025-12-10T10:11:04.745245Z[0m [34mDEBUG[0m [2mhyper::proto::h1::conn[0m[2m:[0m incoming body is content-length (661 bytes)
[2m2025-12-10T10:11:04.745252Z[0m [34mDEBUG[0m [2mhyper::proto::h1::conn[0m[2m:[0m incoming body completed
[2m2025-12-10T10:11:04.745261Z[0m [34mDEBUG[0m [2mhyper::client::pool[0m[2m:[0m pooling idle connection for ("http", 192.168.0.14:8545)
[2m2025-12-10T10:11:04.745268Z[0m [34mDEBUG[0m [2methereum_transaction_pool_monitor::eth_client[0m[2m:[0m 📡 Transaction fetch RPC completed in 6.959958ms
[2m2025-12-10T10:11:04.745282Z[0m [34mDEBUG[0m [2methereum_transaction_pool_monitor::eth_client[0m[2m:[0m DeFi transaction detected - Address: 0xdac17f958d2ee523a2206206994597c13d831ec7, Type: Stablecoin, Value: 0 ETH, Gas: 0.33 Gwei
[2m2025-12-10T10:11:04.745294Z[0m [34mDEBUG[0m [2methereum_transaction_pool_monitor::eth_client[0m[2m:[0m ✅ Transaction 0x65ed7062a009288f88f7df2491d1338159fecb3739ddf19811d9d45537b21cdf fetched and parsed in 6.9855ms
[2m2025-12-10T10:11:04.745300Z[0m [34mDEBUG[0m [2methereum_transaction_pool_monitor::mempool_monitor[0m[2m:[0m 🔍 Skipping tx 0x65ed7062a009288f88f7df2491d1338159fecb3739ddf19811d9d45537b21cdf - not a DEX interaction (target: 0xdAC17F958D2ee523a2206206994597C13D831ec7)
[2m2025-12-10T10:11:04.745308Z[0m [34mDEBUG[0m [2methereum_transaction_pool_monitor::mempool_monitor[0m[2m:[0m 📨 Processing new pending transaction: 0xc27711f69a67cf76e2566d42757e0c46a8b40526ecd2499d44ee04a866e5e0a6
[2m2025-12-10T10:11:04.745312Z[0m [34mDEBUG[0m [2methereum_transaction_pool_monitor::mempool_monitor[0m[2m:[0m 🔍 Fetching transaction details for: 0xc27711f69a67cf76e2566d42757e0c46a8b40526ecd2499d44ee04a866e5e0a6
[2m2025-12-10T10:11:04.745316Z[0m [34mDEBUG[0m [2methereum_transaction_pool_monitor::eth_client[0m[2m:[0m 🔍 Fetching transaction details for hash: 0xc27711f69a67cf76e2566d42757e0c46a8b40526ecd2499d44ee04a866e5e0a6
[2m2025-12-10T10:11:04.745330Z[0m [34mDEBUG[0m [2mhyper::client::pool[0m[2m:[0m reuse idle connection for ("http", 192.168.0.14:8545)
[2m2025-12-10T10:11:04.745357Z[0m [34mDEBUG[0m [2mhyper::proto::h1::io[0m[2m:[0m flushed 250 bytes
[2m2025-12-10T10:11:04.751633Z[0m [34mDEBUG[0m [2mhyper::proto::h1::io[0m[2m:[0m parsed 4 headers
[2m2025-12-10T10:11:04.751649Z[0m [34mDEBUG[0m [2mhyper::proto::h1::conn[0m[2m:[0m incoming body is content-length (647 bytes)
[2m2025-12-10T10:11:04.751657Z[0m [34mDEBUG[0m [2mhyper::proto::h1::conn[0m[2m:[0m incoming body completed
[2m2025-12-10T10:11:04.751667Z[0m [34mDEBUG[0m [2mhyper::client::pool[0m[2m:[0m pooling idle connection for ("http", 192.168.0.14:8545)
[2m2025-12-10T10:11:04.751675Z[0m [34mDEBUG[0m [2methereum_transaction_pool_monitor::eth_client[0m[2m:[0m 📡 Transaction fetch RPC completed in 6.354542ms
[2m2025-12-10T10:11:04.820833Z[0m [34mDEBUG[0m [2methereum_transaction_pool_monitor::eth_client[0m[2m:[0m ✅ Transaction 0xc27711f69a67cf76e2566d42757e0c46a8b40526ecd2499d44ee04a866e5e0a6 fetched and parsed in 75.510458ms
[2m2025-12-10T10:11:04.820861Z[0m [34mDEBUG[0m [2methereum_transaction_pool_monitor::mempool_monitor[0m[2m:[0m 🔍 Skipping tx 0xc27711f69a67cf76e2566d42757e0c46a8b40526ecd2499d44ee04a866e5e0a6 - not a DEX interaction (target: 0xd2674dA94285660c9b2353131bef2d8211369A4B)
[2m2025-12-10T10:11:04.820870Z[0m [34mDEBUG[0m [2methereum_transaction_pool_monitor::mempool_monitor[0m[2m:[0m 📨 Processing new pending transaction: 0xde3becf094e2fbf8e6812510eac9dd9e364b0a3eafb3f754b82ac333932b44b3
[2m2025-12-10T10:11:04.820876Z[0m [34mDEBUG[0m [2methereum_transaction_pool_monitor::mempool_monitor[0m[2m:[0m 🔍 Fetching transaction details for: 0xde3becf094e2fbf8e6812510eac9dd9e364b0a3eafb3f754b82ac333932b44b3
[2m2025-12-10T10:11:04.820880Z[0m [34mDEBUG[0m [2methereum_transaction_pool_monitor::eth_client[0m[2m:[0m 🔍 Fetching transaction details for hash: 0xde3becf094e2fbf8e6812510eac9dd9e364b0a3eafb3f754b82ac333932b44b3
[2m2025-12-10T10:11:04.820900Z[0m [34mDEBUG[0m [2mhyper::client::pool[0m[2m:[0m reuse idle connection for ("http", 192.168.0.14:8545)
[2m2025-12-10T10:11:04.820950Z[0m [34mDEBUG[0m [2mhyper::proto::h1::io[0m[2m:[0m flushed 250 bytes
[2m2025-12-10T10:11:04.820970Z[0m [34mDEBUG[0m [2mhyper::client::pool[0m[2m:[0m reuse idle connection for ("http", 192.168.0.14:8545)
[2m2025-12-10T10:11:04.820986Z[0m [34mDEBUG[0m [2mhyper::proto::h1::io[0m[2m:[0m flushed 172 bytes
[2m2025-12-10T10:11:04.820989Z[0m [34mDEBUG[0m [2methereum_transaction_pool_monitor::eth_client[0m[2m:[0m 📨 Received WebSocket message: {"jsonrpc":"2.0","method":"eth_subscription","params":{"subscription":"0xbed0a0851463e895960a451075a301a9","result":"0x351a0ac29461ff097fa05e898a5943d930107c35842fa18894acf8882f0f896c"}}
[2m2025-12-10T10:11:04.821000Z[0m [34mDEBUG[0m [2methereum_transaction_pool_monitor::eth_client[0m[2m:[0m 📨 Received pending transaction: 0x351a0ac29461ff097fa05e898a5943d930107c35842fa18894acf8882f0f896c
[2m2025-12-10T10:11:04.824345Z[0m [34mDEBUG[0m [2mhyper::proto::h1::io[0m[2m:[0m parsed 4 headers
[2m2025-12-10T10:11:04.825924Z[0m [34mDEBUG[0m [2mhyper::proto::h1::conn[0m[2m:[0m incoming body is content-length (1987 bytes)
[2m2025-12-10T10:11:04.825944Z[0m [34mDEBUG[0m [2methereum_transaction_pool_monitor::eth_client[0m[2m:[0m 📡 Transaction fetch RPC completed in 5.059125ms
[2m2025-12-10T10:11:04.825965Z[0m [34mDEBUG[0m [2mhyper::proto::h1::io[0m[2m:[0m parsed 4 headers
[2m2025-12-10T10:11:04.825972Z[0m [34mDEBUG[0m [2mhyper::proto::h1::conn[0m[2m:[0m incoming body is content-length (45 bytes)
[2m2025-12-10T10:11:04.825979Z[0m [34mDEBUG[0m [2mhyper::proto::h1::conn[0m[2m:[0m incoming body completed
[2m2025-12-10T10:11:04.825989Z[0m [34mDEBUG[0m [2mhyper::client::pool[0m[2m:[0m pooling idle connection for ("http", 192.168.0.14:8545)
[2m2025-12-10T10:11:04.825965Z[0m [34mDEBUG[0m [2mhyper::proto::h1::conn[0m[2m:[0m incoming body completed
[2m2025-12-10T10:11:04.826008Z[0m [34mDEBUG[0m [2mhyper::client::pool[0m[2m:[0m pooling idle connection for ("http", 192.168.0.14:8545)
[2m2025-12-10T10:11:04.895574Z[0m [34mDEBUG[0m [2methereum_transaction_pool_monitor::eth_client[0m[2m:[0m ✅ Transaction 0xde3becf094e2fbf8e6812510eac9dd9e364b0a3eafb3f754b82ac333932b44b3 fetched and parsed in 74.686959ms
[2m2025-12-10T10:11:04.895604Z[0m [34mDEBUG[0m [2methereum_transaction_pool_monitor::mempool_monitor[0m[2m:[0m 🔍 Skipping tx 0xde3becf094e2fbf8e6812510eac9dd9e364b0a3eafb3f754b82ac333932b44b3 - not a DEX interaction (target: 0x3b0531eB02Ab4aD72e7a531180beeF9493a00dD2)
[2m2025-12-10T10:11:04.895617Z[0m [34mDEBUG[0m [2methereum_transaction_pool_monitor::mempool_monitor[0m[2m:[0m 📨 Processing new pending transaction: 0x24bf6c6b0e0e8a42d0c2b734d1bc6333a1a0841df9ff184db22f1a48f1c57439
[2m2025-12-10T10:11:04.895624Z[0m [34mDEBUG[0m [2methereum_transaction_pool_monitor::mempool_monitor[0m[2m:[0m 🔍 Fetching transaction details for: 0x24bf6c6b0e0e8a42d0c2b734d1bc6333a1a0841df9ff184db22f1a48f1c57439
[2m2025-12-10T10:11:04.895631Z[0m [34mDEBUG[0m [2methereum_transaction_pool_monitor::eth_client[0m[2m:[0m 🔍 Fetching transaction details for hash: 0x24bf6c6b0e0e8a42d0c2b734d1bc6333a1a0841df9ff184db22f1a48f1c57439
[2m2025-12-10T10:11:04.895649Z[0m [34mDEBUG[0m [2mhyper::client::pool[0m[2m:[0m reuse idle connection for ("http", 192.168.0.14:8545)
[2m2025-12-10T10:11:04.895690Z[0m [34mDEBUG[0m [2mhyper::proto::h1::io[0m[2m:[0m flushed 250 bytes
[2m2025-12-10T10:11:04.899061Z[0m [34mDEBUG[0m [2mhyper::client::pool[0m[2m:[0m reuse idle connection for ("http", 192.168.0.14:8545)
[2m2025-12-10T10:11:04.899092Z[0m [34mDEBUG[0m [2mhyper::proto::h1::io[0m[2m:[0m flushed 172 bytes
[2m2025-12-10T10:11:04.900910Z[0m [34mDEBUG[0m [2mhyper::proto::h1::io[0m[2m:[0m parsed 4 headers
[2m2025-12-10T10:11:04.900916Z[0m [34mDEBUG[0m [2mhyper::proto::h1::conn[0m[2m:[0m incoming body is content-length (645 bytes)
[2m2025-12-10T10:11:04.900924Z[0m [34mDEBUG[0m [2mhyper::proto::h1::conn[0m[2m:[0m incoming body completed
[2m2025-12-10T10:11:04.900933Z[0m [34mDEBUG[0m [2mhyper::client::pool[0m[2m:[0m pooling idle connection for ("http", 192.168.0.14:8545)
[2m2025-12-10T10:11:04.900939Z[0m [34mDEBUG[0m [2methereum_transaction_pool_monitor::eth_client[0m[2m:[0m 📡 Transaction fetch RPC completed in 5.302666ms
[2m2025-12-10T10:11:04.970374Z[0m [34mDEBUG[0m [2methereum_transaction_pool_monitor::eth_client[0m[2m:[0m ✅ Transaction 0x24bf6c6b0e0e8a42d0c2b734d1bc6333a1a0841df9ff184db22f1a48f1c57439 fetched and parsed in 74.735458ms
[2m2025-12-10T10:11:04.970399Z[0m [34mDEBUG[0m [2methereum_transaction_pool_monitor::mempool_monitor[0m[2m:[0m 🔍 Skipping tx 0x24bf6c6b0e0e8a42d0c2b734d1bc6333a1a0841df9ff184db22f1a48f1c57439 - not a DEX interaction (target: 0xA26148AE51fa8E787DF319C04137602Cc018b521)
[2m2025-12-10T10:11:04.970409Z[0m [34mDEBUG[0m [2methereum_transaction_pool_monitor::mempool_monitor[0m[2m:[0m 📨 Processing new pending transaction: 0x65355f1eb2652b50a8aa7d60c2bb2dab9a55650766d44200e3cd2b949fa6950b
[2m2025-12-10T10:11:04.970414Z[0m [34mDEBUG[0m [2methereum_transaction_pool_monitor::mempool_monitor[0m[2m:[0m 🔍 Fetching transaction details for: 0x65355f1eb2652b50a8aa7d60c2bb2dab9a55650766d44200e3cd2b949fa6950b
[2m2025-12-10T10:11:04.970418Z[0m [34mDEBUG[0m [2methereum_transaction_pool_monitor::eth_client[0m[2m:[0m 🔍 Fetching transaction details for hash: 0x65355f1eb2652b50a8aa7d60c2bb2dab9a55650766d44200e3cd2b949fa6950b
[2m2025-12-10T10:11:04.970435Z[0m [34mDEBUG[0m [2mhyper::client::pool[0m[2m:[0m reuse idle connection for ("http", 192.168.0.14:8545)
[2m2025-12-10T10:11:04.970475Z[0m [34mDEBUG[0m [2mhyper::proto::h1::io[0m[2m:[0m flushed 250 bytes
[2m2025-12-10T10:11:04.970489Z[0m [34mDEBUG[0m [2mhyper::proto::h1::io[0m[2m:[0m parsed 4 headers
[2m2025-12-10T10:11:04.970493Z[0m [34mDEBUG[0m [2mhyper::proto::h1::conn[0m[2m:[0m incoming body is content-length (45 bytes)
[2m2025-12-10T10:11:04.970500Z[0m [34mDEBUG[0m [2mhyper::proto::h1::conn[0m[2m:[0m incoming body completed
[2m2025-12-10T10:11:04.970507Z[0m [34mDEBUG[0m [2mhyper::client::pool[0m[2m:[0m pooling idle connection for ("http", 192.168.0.14:8545)
[2m2025-12-10T10:11:04.973840Z[0m [34mDEBUG[0m [2mhyper::proto::h1::io[0m[2m:[0m parsed 4 headers
[2m2025-12-10T10:11:04.973847Z[0m [34mDEBUG[0m [2mhyper::proto::h1::conn[0m[2m:[0m incoming body is content-length (1731 bytes)
[2m2025-12-10T10:11:04.973857Z[0m [34mDEBUG[0m [2methereum_transaction_pool_monitor::eth_client[0m[2m:[0m 📡 Transaction fetch RPC completed in 3.435ms
[2m2025-12-10T10:11:04.974389Z[0m [34mDEBUG[0m [2mhyper::proto::h1::conn[0m[2m:[0m incoming body completed
[2m2025-12-10T10:11:04.974396Z[0m [34mDEBUG[0m [2mhyper::client::pool[0m[2m:[0m pooling idle connection for ("http", 192.168.0.14:8545)
[2m2025-12-10T10:11:04.999244Z[0m [34mDEBUG[0m [2mhyper::client::pool[0m[2m:[0m reuse idle connection for ("http", 192.168.0.14:8545)
[2m2025-12-10T10:11:04.999291Z[0m [34mDEBUG[0m [2mhyper::proto::h1::io[0m[2m:[0m flushed 172 bytes
[2m2025-12-10T10:11:05.002366Z[0m [34mDEBUG[0m [2mhyper::proto::h1::io[0m[2m:[0m parsed 4 headers
[2m2025-12-10T10:11:05.002374Z[0m [34mDEBUG[0m [2mhyper::proto::h1::conn[0m[2m:[0m incoming body is content-length (45 bytes)
[2m2025-12-10T10:11:05.002382Z[0m [34mDEBUG[0m [2mhyper::proto::h1::conn[0m[2m:[0m incoming body completed
[2m2025-12-10T10:11:05.002391Z[0m [34mDEBUG[0m [2mhyper::client::pool[0m[2m:[0m pooling idle connection for ("http", 192.168.0.14:8545)
[2m2025-12-10T10:11:05.043305Z[0m [34mDEBUG[0m [2methereum_transaction_pool_monitor::eth_client[0m[2m:[0m ✅ Transaction 0x65355f1eb2652b50a8aa7d60c2bb2dab9a55650766d44200e3cd2b949fa6950b fetched and parsed in 72.880333ms
[2m2025-12-10T10:11:05.043334Z[0m [34mDEBUG[0m [2methereum_transaction_pool_monitor::mempool_monitor[0m[2m:[0m 🔍 Skipping tx 0x65355f1eb2652b50a8aa7d60c2bb2dab9a55650766d44200e3cd2b949fa6950b - not a DEX interaction (target: 0x601a2aD6CB5949f0529735254189Ba3194221EDF)
[2m2025-12-10T10:11:05.043343Z[0m [34mDEBUG[0m [2methereum_transaction_pool_monitor::mempool_monitor[0m[2m:[0m 📨 Processing new pending transaction: 0xcbd153045ed19fa54e22f9501c1f960189822cee5f077597543a1daf98fd86cc
[2m2025-12-10T10:11:05.043348Z[0m [34mDEBUG[0m [2methereum_transaction_pool_monitor::mempool_monitor[0m[2m:[0m 🔍 Fetching transaction details for: 0xcbd153045ed19fa54e22f9501c1f960189822cee5f077597543a1daf98fd86cc
[2m2025-12-10T10:11:05.043353Z[0m [34mDEBUG[0m [2methereum_transaction_pool_monitor::eth_client[0m[2m:[0m 🔍 Fetching transaction details for hash: 0xcbd153045ed19fa54e22f9501c1f960189822cee5f077597543a1daf98fd86cc
[2m2025-12-10T10:11:05.043370Z[0m [34mDEBUG[0m [2mhyper::client::pool[0m[2m:[0m reuse idle connection for ("http", 192.168.0.14:8545)
[2m2025-12-10T10:11:05.043422Z[0m [34mDEBUG[0m [2mhyper::proto::h1::io[0m[2m:[0m flushed 250 bytes
[2m2025-12-10T10:11:05.048342Z[0m [34mDEBUG[0m [2mhyper::proto::h1::io[0m[2m:[0m parsed 4 headers
[2m2025-12-10T10:11:05.048352Z[0m [34mDEBUG[0m [2mhyper::proto::h1::conn[0m[2m:[0m incoming body is content-length (1962 bytes)
[2m2025-12-10T10:11:05.048365Z[0m [34mDEBUG[0m [2methereum_transaction_pool_monitor::eth_client[0m[2m:[0m 📡 Transaction fetch RPC completed in 5.00775ms
[2m2025-12-10T10:11:05.048858Z[0m [34mDEBUG[0m [2mhyper::proto::h1::conn[0m[2m:[0m incoming body completed
[2m2025-12-10T10:11:05.048866Z[0m [34mDEBUG[0m [2mhyper::client::pool[0m[2m:[0m pooling idle connection for ("http", 192.168.0.14:8545)
[2m2025-12-10T10:11:05.099252Z[0m [34mDEBUG[0m [2mhyper::client::pool[0m[2m:[0m reuse idle connection for ("http", 192.168.0.14:8545)
[2m2025-12-10T10:11:05.099314Z[0m [34mDEBUG[0m [2mhyper::proto::h1::io[0m[2m:[0m flushed 172 bytes
[2m2025-12-10T10:11:05.104352Z[0m [34mDEBUG[0m [2mhyper::proto::h1::io[0m[2m:[0m parsed 4 headers
[2m2025-12-10T10:11:05.104363Z[0m [34mDEBUG[0m [2mhyper::proto::h1::conn[0m[2m:[0m incoming body is content-length (45 bytes)
[2m2025-12-10T10:11:05.104371Z[0m [34mDEBUG[0m [2mhyper::proto::h1::conn[0m[2m:[0m incoming body completed
[2m2025-12-10T10:11:05.104380Z[0m [34mDEBUG[0m [2mhyper::client::pool[0m[2m:[0m pooling idle connection for ("http", 192.168.0.14:8545)
[2m2025-12-10T10:11:05.118387Z[0m [34mDEBUG[0m [2methereum_transaction_pool_monitor::eth_client[0m[2m:[0m ✅ Transaction 0xcbd153045ed19fa54e22f9501c1f960189822cee5f077597543a1daf98fd86cc fetched and parsed in 75.027709ms
[2m2025-12-10T10:11:05.118411Z[0m [34mDEBUG[0m [2methereum_transaction_pool_monitor::mempool_monitor[0m[2m:[0m 🔍 Skipping tx 0xcbd153045ed19fa54e22f9501c1f960189822cee5f077597543a1daf98fd86cc - not a DEX interaction (target: 0xfaf17849fb05a11a4E233f221bAc99CA43Fc83f8)
[2m2025-12-10T10:11:05.118420Z[0m [34mDEBUG[0m [2methereum_transaction_pool_monitor::mempool_monitor[0m[2m:[0m 📨 Processing new pending transaction: 0xd02fb996547b1e2fa7877bf4306f5db9dc09aed36bf0cf54a4907d8e07f11f0f
[2m2025-12-10T10:11:05.118425Z[0m [34mDEBUG[0m [2methereum_transaction_pool_monitor::mempool_monitor[0m[2m:[0m 🔍 Fetching transaction details for: 0xd02fb996547b1e2fa7877bf4306f5db9dc09aed36bf0cf54a4907d8e07f11f0f
[2m2025-12-10T10:11:05.118429Z[0m [34mDEBUG[0m [2methereum_transaction_pool_monitor::eth_client[0m[2m:[0m 🔍 Fetching transaction details for hash: 0xd02fb996547b1e2fa7877bf4306f5db9dc09aed36bf0cf54a4907d8e07f11f0f
[2m2025-12-10T10:11:05.118447Z[0m [34mDEBUG[0m [2mhyper::client::pool[0m[2m:[0m reuse idle connection for ("http", 192.168.0.14:8545)
[2m2025-12-10T10:11:05.118492Z[0m [34mDEBUG[0m [2mhyper::proto::h1::io[0m[2m:[0m flushed 250 bytes
[2m2025-12-10T10:11:05.121534Z[0m [34mDEBUG[0m [2mhyper::proto::h1::io[0m[2m:[0m parsed 4 headers
[2m2025-12-10T10:11:05.121543Z[0m [34mDEBUG[0m [2mhyper::proto::h1::conn[0m[2m:[0m incoming body is content-length (1174 bytes)
[2m2025-12-10T10:11:05.121550Z[0m [34mDEBUG[0m [2mhyper::proto::h1::conn[0m[2m:[0m incoming body completed
[2m2025-12-10T10:11:05.121559Z[0m [34mDEBUG[0m [2mhyper::client::pool[0m[2m:[0m pooling idle connection for ("http", 192.168.0.14:8545)
[2m2025-12-10T10:11:05.121565Z[0m [34mDEBUG[0m [2methereum_transaction_pool_monitor::eth_client[0m[2m:[0m 📡 Transaction fetch RPC completed in 3.13125ms
[2m2025-12-10T10:11:05.189970Z[0m [34mDEBUG[0m [2methereum_transaction_pool_monitor::eth_client[0m[2m:[0m ✅ Transaction 0xd02fb996547b1e2fa7877bf4306f5db9dc09aed36bf0cf54a4907d8e07f11f0f fetched and parsed in 71.53475ms
[2m2025-12-10T10:11:05.189997Z[0m [34mDEBUG[0m [2methereum_transaction_pool_monitor::mempool_monitor[0m[2m:[0m 🔍 Skipping tx 0xd02fb996547b1e2fa7877bf4306f5db9dc09aed36bf0cf54a4907d8e07f11f0f - not a DEX interaction (target: 0xD37BbE5744D730a1d98d8DC97c42F0Ca46aD7146)
[2m2025-12-10T10:11:05.190006Z[0m [34mDEBUG[0m [2methereum_transaction_pool_monitor::mempool_monitor[0m[2m:[0m 📨 Processing new pending transaction: 0x3b751c8ecaab7b7dc503eda34d700ec32eb4b3c98af6afe73db194d87bf60c5a
[2m2025-12-10T10:11:05.190011Z[0m [34mDEBUG[0m [2methereum_transaction_pool_monitor::mempool_monitor[0m[2m:[0m 🔍 Fetching transaction details for: 0x3b751c8ecaab7b7dc503eda34d700ec32eb4b3c98af6afe73db194d87bf60c5a
[2m2025-12-10T10:11:05.190015Z[0m [34mDEBUG[0m [2methereum_transaction_pool_monitor::eth_client[0m[2m:[0m 🔍 Fetching transaction details for hash: 0x3b751c8ecaab7b7dc503eda34d700ec32eb4b3c98af6afe73db194d87bf60c5a
[2m2025-12-10T10:11:05.190032Z[0m [34mDEBUG[0m [2mhyper::client::pool[0m[2m:[0m reuse idle connection for ("http", 192.168.0.14:8545)
[2m2025-12-10T10:11:05.190073Z[0m [34mDEBUG[0m [2mhyper::proto::h1::io[0m[2m:[0m flushed 250 bytes
[2m2025-12-10T10:11:05.190092Z[0m [34mDEBUG[0m [2methereum_transaction_pool_monitor::eth_client[0m[2m:[0m 📨 Received WebSocket message: {"jsonrpc":"2.0","method":"eth_subscription","params":{"subscription":"0xbed0a0851463e895960a451075a301a9","result":"0x1027f399e4fd983c0ac4764f48d5cff818c3c1fd45c19a6436e365d6fd8e41b9"}}
[2m2025-12-10T10:11:05.190099Z[0m [34mDEBUG[0m [2methereum_transaction_pool_monitor::eth_client[0m[2m:[0m 📨 Received pending transaction: 0x1027f399e4fd983c0ac4764f48d5cff818c3c1fd45c19a6436e365d6fd8e41b9
[2m2025-12-10T10:11:05.190104Z[0m [34mDEBUG[0m [2methereum_transaction_pool_monitor::eth_client[0m[2m:[0m 📨 Received WebSocket message: {"jsonrpc":"2.0","method":"eth_subscription","params":{"subscription":"0xbed0a0851463e895960a451075a301a9","result":"0x97df4f043f8a5bc8b71779b924eefb13ed4e8317eaaf164cca492f26bd9b8593"}}
[2m2025-12-10T10:11:05.190109Z[0m [34mDEBUG[0m [2methereum_transaction_pool_monitor::eth_client[0m[2m:[0m 📨 Received pending transaction: 0x97df4f043f8a5bc8b71779b924eefb13ed4e8317eaaf164cca492f26bd9b8593
[2m2025-12-10T10:11:05.190113Z[0m [34mDEBUG[0m [2methereum_transaction_pool_monitor::eth_client[0m[2m:[0m 📨 Received WebSocket message: {"jsonrpc":"2.0","method":"eth_subscription","params":{"subscription":"0xbed0a0851463e895960a451075a301a9","result":"0xe263c5bf31c0d163fc18d2ee649c99ff19e9b32db1cabc122c48d2e82d39cf83"}}
[2m2025-12-10T10:11:05.190119Z[0m [34mDEBUG[0m [2methereum_transaction_pool_monitor::eth_client[0m[2m:[0m 📨 Received pending transaction: 0xe263c5bf31c0d163fc18d2ee649c99ff19e9b32db1cabc122c48d2e82d39cf83
[2m2025-12-10T10:11:05.190123Z[0m [34mDEBUG[0m [2methereum_transaction_pool_monitor::eth_client[0m[2m:[0m 📨 Received WebSocket message: {"jsonrpc":"2.0","method":"eth_subscription","params":{"subscription":"0xbed0a0851463e895960a451075a301a9","result":"0x542592fe57a2d88214cdf624b6a0e2d85758217510e20de949dc7f183a77eb13"}}
[2m2025-12-10T10:11:05.190128Z[0m [34mDEBUG[0m [2methereum_transaction_pool_monitor::eth_client[0m[2m:[0m 📨 Received pending transaction: 0x542592fe57a2d88214cdf624b6a0e2d85758217510e20de949dc7f183a77eb13
[2m2025-12-10T10:11:05.193324Z[0m [34mDEBUG[0m [2mhyper::proto::h1::io[0m[2m:[0m parsed 4 headers
[2m2025-12-10T10:11:05.193331Z[0m [34mDEBUG[0m [2mhyper::proto::h1::conn[0m[2m:[0m incoming body is content-length (644 bytes)
[2m2025-12-10T10:11:05.193338Z[0m [34mDEBUG[0m [2mhyper::proto::h1::conn[0m[2m:[0m incoming body completed
[2m2025-12-10T10:11:05.193347Z[0m [34mDEBUG[0m [2mhyper::client::pool[0m[2m:[0m pooling idle connection for ("http", 192.168.0.14:8545)
[2m2025-12-10T10:11:05.193353Z[0m [34mDEBUG[0m [2methereum_transaction_pool_monitor::eth_client[0m[2m:[0m 📡 Transaction fetch RPC completed in 3.33275ms
[2m2025-12-10T10:11:05.262715Z[0m [34mDEBUG[0m [2methereum_transaction_pool_monitor::eth_client[0m[2m:[0m ✅ Transaction 0x3b751c8ecaab7b7dc503eda34d700ec32eb4b3c98af6afe73db194d87bf60c5a fetched and parsed in 72.691834ms
[2m2025-12-10T10:11:05.262741Z[0m [34mDEBUG[0m [2methereum_transaction_pool_monitor::mempool_monitor[0m[2m:[0m 🔍 Skipping tx 0x3b751c8ecaab7b7dc503eda34d700ec32eb4b3c98af6afe73db194d87bf60c5a - not a DEX interaction (target: 0x17E5545B11b468072283Cee1F066a059Fb0dbF24)
[2m2025-12-10T10:11:05.262750Z[0m [34mDEBUG[0m [2methereum_transaction_pool_monitor::mempool_monitor[0m[2m:[0m 📨 Processing new pending transaction: 0x4f1b0b1e9eabcb392f9127698a64d1a1d39f2c8ec98e840188de95492833c153
[2m2025-12-10T10:11:05.262755Z[0m [34mDEBUG[0m [2methereum_transaction_pool_monitor::mempool_monitor[0m[2m:[0m 🔍 Fetching transaction details for: 0x4f1b0b1e9eabcb392f9127698a64d1a1d39f2c8ec98e840188de95492833c153
[2m2025-12-10T10:11:05.262759Z[0m [34mDEBUG[0m [2methereum_transaction_pool_monitor::eth_client[0m[2m:[0m 🔍 Fetching transaction details for hash: 0x4f1b0b1e9eabcb392f9127698a64d1a1d39f2c8ec98e840188de95492833c153
[2m2025-12-10T10:11:05.262777Z[0m [34mDEBUG[0m [2mhyper::client::pool[0m[2m:[0m reuse idle connection for ("http", 192.168.0.14:8545)
[2m2025-12-10T10:11:05.262824Z[0m [34mDEBUG[0m [2mhyper::proto::h1::io[0m[2m:[0m flushed 250 bytes
[2m2025-12-10T10:11:05.262841Z[0m [34mDEBUG[0m [2mhyper::client::pool[0m[2m:[0m reuse idle connection for ("http", 192.168.0.14:8545)
[2m2025-12-10T10:11:05.262855Z[0m [34mDEBUG[0m [2mhyper::proto::h1::io[0m[2m:[0m flushed 172 bytes
[2m2025-12-10T10:11:05.262856Z[0m [34mDEBUG[0m [2methereum_transaction_pool_monitor::eth_client[0m[2m:[0m 📨 Received WebSocket message: {"jsonrpc":"2.0","method":"eth_subscription","params":{"subscription":"0xbed0a0851463e895960a451075a301a9","result":"0x738589815ea2ca1c9354c9695427560683c1a78a1a4584723a4ff97ba32b587e"}}
[2m2025-12-10T10:11:05.262868Z[0m [34mDEBUG[0m [2methereum_transaction_pool_monitor::eth_client[0m[2m:[0m 📨 Received pending transaction: 0x738589815ea2ca1c9354c9695427560683c1a78a1a4584723a4ff97ba32b587e
[2m2025-12-10T10:11:05.262873Z[0m [34mDEBUG[0m [2methereum_transaction_pool_monitor::eth_client[0m[2m:[0m 📨 Received WebSocket message: {"jsonrpc":"2.0","method":"eth_subscription","params":{"subscription":"0xbed0a0851463e895960a451075a301a9","result":"0xf1503d6c3895e9a6b30ad35924b8b2dc71bb50671a56dcabcae90364a4eb8c05"}}
[2m2025-12-10T10:11:05.262879Z[0m [34mDEBUG[0m [2methereum_transaction_pool_monitor::eth_client[0m[2m:[0m 📨 Received pending transaction: 0xf1503d6c3895e9a6b30ad35924b8b2dc71bb50671a56dcabcae90364a4eb8c05
[2m2025-12-10T10:11:05.266064Z[0m [34mDEBUG[0m [2mhyper::proto::h1::io[0m[2m:[0m parsed 4 headers
[2m2025-12-10T10:11:05.266073Z[0m [34mDEBUG[0m [2mhyper::proto::h1::conn[0m[2m:[0m incoming body is content-length (653 bytes)
[2m2025-12-10T10:11:05.266081Z[0m [34mDEBUG[0m [2mhyper::proto::h1::conn[0m[2m:[0m incoming body completed
[2m2025-12-10T10:11:05.266090Z[0m [34mDEBUG[0m [2mhyper::client::pool[0m[2m:[0m pooling idle connection for ("http", 192.168.0.14:8545)
[2m2025-12-10T10:11:05.266096Z[0m [34mDEBUG[0m [2methereum_transaction_pool_monitor::eth_client[0m[2m:[0m 📡 Transaction fetch RPC completed in 3.332583ms
[2m2025-12-10T10:11:05.334450Z[0m [34mDEBUG[0m [2methereum_transaction_pool_monitor::eth_client[0m[2m:[0m ✅ Transaction 0x4f1b0b1e9eabcb392f9127698a64d1a1d39f2c8ec98e840188de95492833c153 fetched and parsed in 71.6845ms
[2m2025-12-10T10:11:05.334480Z[0m [34mDEBUG[0m [2methereum_transaction_pool_monitor::mempool_monitor[0m[2m:[0m 🔍 Skipping tx 0x4f1b0b1e9eabcb392f9127698a64d1a1d39f2c8ec98e840188de95492833c153 - not a DEX interaction (target: 0x90b97857aC9Bc490bd96516A127B5785ddea6f4B)
[2m2025-12-10T10:11:05.334489Z[0m [34mDEBUG[0m [2methereum_transaction_pool_monitor::mempool_monitor[0m[2m:[0m 📨 Processing new pending transaction: 0x351a0ac29461ff097fa05e898a5943d930107c35842fa18894acf8882f0f896c
[2m2025-12-10T10:11:05.334499Z[0m [34mDEBUG[0m [2methereum_transaction_pool_monitor::mempool_monitor[0m[2m:[0m 🔍 Fetching transaction details for: 0x351a0ac29461ff097fa05e898a5943d930107c35842fa18894acf8882f0f896c
[2m2025-12-10T10:11:05.334506Z[0m [34mDEBUG[0m [2methereum_transaction_pool_monitor::eth_client[0m[2m:[0m 🔍 Fetching transaction details for hash: 0x351a0ac29461ff097fa05e898a5943d930107c35842fa18894acf8882f0f896c
[2m2025-12-10T10:11:05.334526Z[0m [34mDEBUG[0m [2mhyper::client::pool[0m[2m:[0m reuse idle connection for ("http", 192.168.0.14:8545)
[2m2025-12-10T10:11:05.334573Z[0m [34mDEBUG[0m [2mhyper::proto::h1::io[0m[2m:[0m flushed 250 bytes
[2m2025-12-10T10:11:05.334589Z[0m [34mDEBUG[0m [2mhyper::proto::h1::io[0m[2m:[0m parsed 4 headers
[2m2025-12-10T10:11:05.334594Z[0m [34mDEBUG[0m [2mhyper::proto::h1::conn[0m[2m:[0m incoming body is content-length (45 bytes)
[2m2025-12-10T10:11:05.334601Z[0m [34mDEBUG[0m [2mhyper::proto::h1::conn[0m[2m:[0m incoming body completed
[2m2025-12-10T10:11:05.334609Z[0m [34mDEBUG[0m [2mhyper::client::pool[0m[2m:[0m pooling idle connection for ("http", 192.168.0.14:8545)
[2m2025-12-10T10:11:05.334624Z[0m [34mDEBUG[0m [2mhyper::client::pool[0m[2m:[0m reuse idle connection for ("http", 192.168.0.14:8545)
[2m2025-12-10T10:11:05.334640Z[0m [34mDEBUG[0m [2mhyper::proto::h1::io[0m[2m:[0m flushed 172 bytes
[2m2025-12-10T10:11:05.339363Z[0m [34mDEBUG[0m [2mhyper::proto::h1::io[0m[2m:[0m parsed 4 headers
[2m2025-12-10T10:11:05.339372Z[0m [34mDEBUG[0m [2mhyper::proto::h1::conn[0m[2m:[0m incoming body is content-length (676 bytes)
[2m2025-12-10T10:11:05.339378Z[0m [34mDEBUG[0m [2mhyper::proto::h1::conn[0m[2m:[0m incoming body completed
[2m2025-12-10T10:11:05.339385Z[0m [34mDEBUG[0m [2mhyper::client::pool[0m[2m:[0m pooling idle connection for ("http", 192.168.0.14:8545)
[2m2025-12-10T10:11:05.339390Z[0m [34mDEBUG[0m [2methereum_transaction_pool_monitor::eth_client[0m[2m:[0m 📡 Transaction fetch RPC completed in 4.876459ms
[2m2025-12-10T10:11:05.407906Z[0m [34mDEBUG[0m [2methereum_transaction_pool_monitor::eth_client[0m[2m:[0m ✅ Transaction 0x351a0ac29461ff097fa05e898a5943d930107c35842fa18894acf8882f0f896c fetched and parsed in 73.389917ms
[2m2025-12-10T10:11:05.407931Z[0m [34mDEBUG[0m [2methereum_transaction_pool_monitor::mempool_monitor[0m[2m:[0m 🔍 Skipping tx 0x351a0ac29461ff097fa05e898a5943d930107c35842fa18894acf8882f0f896c - not a DEX interaction (target: 0x8b7d334d243b74D63C4b963893267A0F5240F990)
[2m2025-12-10T10:11:05.407940Z[0m [34mDEBUG[0m [2methereum_transaction_pool_monitor::mempool_monitor[0m[2m:[0m 📨 Processing new pending transaction: 0x1027f399e4fd983c0ac4764f48d5cff818c3c1fd45c19a6436e365d6fd8e41b9
[2m2025-12-10T10:11:05.407944Z[0m [34mDEBUG[0m [2methereum_transaction_pool_monitor::mempool_monitor[0m[2m:[0m 🔍 Fetching transaction details for: 0x1027f399e4fd983c0ac4764f48d5cff818c3c1fd45c19a6436e365d6fd8e41b9
[2m2025-12-10T10:11:05.407949Z[0m [34mDEBUG[0m [2methereum_transaction_pool_monitor::eth_client[0m[2m:[0m 🔍 Fetching transaction details for hash: 0x1027f399e4fd983c0ac4764f48d5cff818c3c1fd45c19a6436e365d6fd8e41b9
[2m2025-12-10T10:11:05.407965Z[0m [34mDEBUG[0m [2mhyper::client::pool[0m[2m:[0m reuse idle connection for ("http", 192.168.0.14:8545)
[2m2025-12-10T10:11:05.408008Z[0m [34mDEBUG[0m [2mhyper::proto::h1::io[0m[2m:[0m flushed 250 bytes
[2m2025-12-10T10:11:05.408029Z[0m [34mDEBUG[0m [2methereum_transaction_pool_monitor::eth_client[0m[2m:[0m 📨 Received WebSocket message: {"jsonrpc":"2.0","method":"eth_subscription","params":{"subscription":"0xbed0a0851463e895960a451075a301a9","result":"0x00e1478f2e7c405d69d974e49acafea77ecda1db9bc72d1aa2da8f91fef7d457"}}
[2m2025-12-10T10:11:05.408033Z[0m [34mDEBUG[0m [2mhyper::proto::h1::io[0m[2m:[0m parsed 4 headers
[2m2025-12-10T10:11:05.408038Z[0m [34mDEBUG[0m [2methereum_transaction_pool_monitor::eth_client[0m[2m:[0m 📨 Received pending transaction: 0x00e1478f2e7c405d69d974e49acafea77ecda1db9bc72d1aa2da8f91fef7d457
[2m2025-12-10T10:11:05.408042Z[0m [34mDEBUG[0m [2mhyper::proto::h1::conn[0m[2m:[0m incoming body is content-length (45 bytes)
[2m2025-12-10T10:11:05.408051Z[0m [34mDEBUG[0m [2mhyper::proto::h1::conn[0m[2m:[0m incoming body completed
[2m2025-12-10T10:11:05.408059Z[0m [34mDEBUG[0m [2mhyper::client::pool[0m[2m:[0m pooling idle connection for ("http", 192.168.0.14:8545)
[2m2025-12-10T10:11:05.408077Z[0m [34mDEBUG[0m [2mhyper::client::pool[0m[2m:[0m reuse idle connection for ("http", 192.168.0.14:8545)
[2m2025-12-10T10:11:05.408099Z[0m [34mDEBUG[0m [2mhyper::proto::h1::io[0m[2m:[0m flushed 172 bytes
[2m2025-12-10T10:11:05.413084Z[0m [34mDEBUG[0m [2mhyper::proto::h1::io[0m[2m:[0m parsed 4 headers
[2m2025-12-10T10:11:05.413772Z[0m [34mDEBUG[0m [2mhyper::proto::h1::conn[0m[2m:[0m incoming body is content-length (1041 bytes)
[2m2025-12-10T10:11:05.413779Z[0m [34mDEBUG[0m [2mhyper::proto::h1::conn[0m[2m:[0m incoming body completed
[2m2025-12-10T10:11:05.413785Z[0m [34mDEBUG[0m [2mhyper::client::pool[0m[2m:[0m pooling idle connection for ("http", 192.168.0.14:8545)
[2m2025-12-10T10:11:05.413790Z[0m [34mDEBUG[0m [2methereum_transaction_pool_monitor::eth_client[0m[2m:[0m 📡 Transaction fetch RPC completed in 5.837375ms
[2m2025-12-10T10:11:05.481220Z[0m [34mDEBUG[0m [2methereum_transaction_pool_monitor::eth_client[0m[2m:[0m ✅ Transaction 0x1027f399e4fd983c0ac4764f48d5cff818c3c1fd45c19a6436e365d6fd8e41b9 fetched and parsed in 73.264459ms
[2m2025-12-10T10:11:05.481241Z[0m [34mDEBUG[0m [2methereum_transaction_pool_monitor::mempool_monitor[0m[2m:[0m 🔍 Skipping tx 0x1027f399e4fd983c0ac4764f48d5cff818c3c1fd45c19a6436e365d6fd8e41b9 - not a DEX interaction (target: 0x008dC74CecC9dedA8595B2Fe210cE5979F0BfA8e)
[2m2025-12-10T10:11:05.481250Z[0m [34mDEBUG[0m [2methereum_transaction_pool_monitor::mempool_monitor[0m[2m:[0m 📨 Processing new pending transaction: 0x97df4f043f8a5bc8b71779b924eefb13ed4e8317eaaf164cca492f26bd9b8593
[2m2025-12-10T10:11:05.481255Z[0m [34mDEBUG[0m [2methereum_transaction_pool_monitor::mempool_monitor[0m[2m:[0m 🔍 Fetching transaction details for: 0x97df4f043f8a5bc8b71779b924eefb13ed4e8317eaaf164cca492f26bd9b8593
[2m2025-12-10T10:11:05.481259Z[0m [34mDEBUG[0m [2methereum_transaction_pool_monitor::eth_client[0m[2m:[0m 🔍 Fetching transaction details for hash: 0x97df4f043f8a5bc8b71779b924eefb13ed4e8317eaaf164cca492f26bd9b8593
[2m2025-12-10T10:11:05.481277Z[0m [34mDEBUG[0m [2mhyper::client::pool[0m[2m:[0m reuse idle connection for ("http", 192.168.0.14:8545)
[2m2025-12-10T10:11:05.481329Z[0m [34mDEBUG[0m [2mhyper::proto::h1::io[0m[2m:[0m flushed 250 bytes
[2m2025-12-10T10:11:05.481344Z[0m [34mDEBUG[0m [2mhyper::proto::h1::io[0m[2m:[0m parsed 4 headers
[2m2025-12-10T10:11:05.481349Z[0m [34mDEBUG[0m [2mhyper::proto::h1::conn[0m[2m:[0m incoming body is content-length (45 bytes)
[2m2025-12-10T10:11:05.481356Z[0m [34mDEBUG[0m [2mhyper::proto::h1::conn[0m[2m:[0m incoming body completed
[2m2025-12-10T10:11:05.481363Z[0m [34mDEBUG[0m [2mhyper::client::pool[0m[2m:[0m pooling idle connection for ("http", 192.168.0.14:8545)
[2m2025-12-10T10:11:05.484420Z[0m [34mDEBUG[0m [2mhyper::proto::h1::io[0m[2m:[0m parsed 4 headers
[2m2025-12-10T10:11:05.484429Z[0m [34mDEBUG[0m [2mhyper::proto::h1::conn[0m[2m:[0m incoming body is content-length (676 bytes)
[2m2025-12-10T10:11:05.484435Z[0m [34mDEBUG[0m [2mhyper::proto::h1::conn[0m[2m:[0m incoming body completed
[2m2025-12-10T10:11:05.484441Z[0m [34mDEBUG[0m [2mhyper::client::pool[0m[2m:[0m pooling idle connection for ("http", 192.168.0.14:8545)
[2m2025-12-10T10:11:05.484447Z[0m [34mDEBUG[0m [2methereum_transaction_pool_monitor::eth_client[0m[2m:[0m 📡 Transaction fetch RPC completed in 3.183334ms
[2m2025-12-10T10:11:05.484458Z[0m [34mDEBUG[0m [2methereum_transaction_pool_monitor::eth_client[0m[2m:[0m DeFi transaction detected - Address: 0xdac17f958d2ee523a2206206994597c13d831ec7, Type: Stablecoin, Value: 0 ETH, Gas: 0.28 Gwei
[2m2025-12-10T10:11:05.484948Z[0m [34mDEBUG[0m [2methereum_transaction_pool_monitor::eth_client[0m[2m:[0m ✅ Transaction 0x97df4f043f8a5bc8b71779b924eefb13ed4e8317eaaf164cca492f26bd9b8593 fetched and parsed in 3.684709ms
[2m2025-12-10T10:11:05.484955Z[0m [34mDEBUG[0m [2methereum_transaction_pool_monitor::mempool_monitor[0m[2m:[0m 🔍 Skipping tx 0x97df4f043f8a5bc8b71779b924eefb13ed4e8317eaaf164cca492f26bd9b8593 - not a DEX interaction (target: 0xdAC17F958D2ee523a2206206994597C13D831ec7)
[2m2025-12-10T10:11:05.484961Z[0m [34mDEBUG[0m [2methereum_transaction_pool_monitor::mempool_monitor[0m[2m:[0m 📨 Processing new pending transaction: 0xe263c5bf31c0d163fc18d2ee649c99ff19e9b32db1cabc122c48d2e82d39cf83
[2m2025-12-10T10:11:05.484965Z[0m [34mDEBUG[0m [2methereum_transaction_pool_monitor::mempool_monitor[0m[2m:[0m 🔍 Fetching transaction details for: 0xe263c5bf31c0d163fc18d2ee649c99ff19e9b32db1cabc122c48d2e82d39cf83
[2m2025-12-10T10:11:05.484970Z[0m [34mDEBUG[0m [2methereum_transaction_pool_monitor::eth_client[0m[2m:[0m 🔍 Fetching transaction details for hash: 0xe263c5bf31c0d163fc18d2ee649c99ff19e9b32db1cabc122c48d2e82d39cf83
[2m2025-12-10T10:11:05.484981Z[0m [34mDEBUG[0m [2mhyper::client::pool[0m[2m:[0m reuse idle connection for ("http", 192.168.0.14:8545)
[2m2025-12-10T10:11:05.485009Z[0m [34mDEBUG[0m [2mhyper::proto::h1::io[0m[2m:[0m flushed 250 bytes
[2m2025-12-10T10:11:05.489131Z[0m [34mDEBUG[0m [2mhyper::proto::h1::io[0m[2m:[0m parsed 4 headers
[2m2025-12-10T10:11:05.489509Z[0m [34mDEBUG[0m [2mhyper::proto::h1::conn[0m[2m:[0m incoming body is content-length (1730 bytes)
[2m2025-12-10T10:11:05.489522Z[0m [34mDEBUG[0m [2methereum_transaction_pool_monitor::eth_client[0m[2m:[0m 📡 Transaction fetch RPC completed in 4.548333ms
[2m2025-12-10T10:11:05.489569Z[0m [34mDEBUG[0m [2mhyper::proto::h1::conn[0m[2m:[0m incoming body completed
[2m2025-12-10T10:11:05.489578Z[0m [34mDEBUG[0m [2mhyper::client::pool[0m[2m:[0m pooling idle connection for ("http", 192.168.0.14:8545)
[2m2025-12-10T10:11:05.499412Z[0m [34mDEBUG[0m [2mhyper::client::pool[0m[2m:[0m reuse idle connection for ("http", 192.168.0.14:8545)
[2m2025-12-10T10:11:05.499496Z[0m [34mDEBUG[0m [2mhyper::proto::h1::io[0m[2m:[0m flushed 172 bytes
[2m2025-12-10T10:11:05.505204Z[0m [34mDEBUG[0m [2methereum_transaction_pool_monitor::eth_client[0m[2m:[0m 📨 Received WebSocket message: {"jsonrpc":"2.0","method":"eth_subscription","params":{"subscription":"0xbed0a0851463e895960a451075a301a9","result":"0x20e1f28b741cf9e2cf0b694b82b7f4cf09fd0ed1047fee79bd867777a65ada40"}}
[2m2025-12-10T10:11:05.505223Z[0m [34mDEBUG[0m [2methereum_transaction_pool_monitor::eth_client[0m[2m:[0m 📨 Received pending transaction: 0x20e1f28b741cf9e2cf0b694b82b7f4cf09fd0ed1047fee79bd867777a65ada40
[2m2025-12-10T10:11:05.505237Z[0m [34mDEBUG[0m [2mhyper::proto::h1::io[0m[2m:[0m parsed 4 headers
[2m2025-12-10T10:11:05.505242Z[0m [34mDEBUG[0m [2mhyper::proto::h1::conn[0m[2m:[0m incoming body is content-length (45 bytes)
[2m2025-12-10T10:11:05.505249Z[0m [34mDEBUG[0m [2mhyper::proto::h1::conn[0m[2m:[0m incoming body completed
[2m2025-12-10T10:11:05.505260Z[0m [34mDEBUG[0m [2mhyper::client::pool[0m[2m:[0m pooling idle connection for ("http", 192.168.0.14:8545)
[2m2025-12-10T10:11:05.558483Z[0m [34mDEBUG[0m [2methereum_transaction_pool_monitor::eth_client[0m[2m:[0m ✅ Transaction 0xe263c5bf31c0d163fc18d2ee649c99ff19e9b32db1cabc122c48d2e82d39cf83 fetched and parsed in 73.506833ms
[2m2025-12-10T10:11:05.558510Z[0m [34mDEBUG[0m [2methereum_transaction_pool_monitor::mempool_monitor[0m[2m:[0m 🔍 Skipping tx 0xe263c5bf31c0d163fc18d2ee649c99ff19e9b32db1cabc122c48d2e82d39cf83 - not a DEX interaction (target: 0x601a2aD6CB5949f0529735254189Ba3194221EDF)
[2m2025-12-10T10:11:05.558519Z[0m [34mDEBUG[0m [2methereum_transaction_pool_monitor::mempool_monitor[0m[2m:[0m 📨 Processing new pending transaction: 0x542592fe57a2d88214cdf624b6a0e2d85758217510e20de949dc7f183a77eb13
[2m2025-12-10T10:11:05.558524Z[0m [34mDEBUG[0m [2methereum_transaction_pool_monitor::mempool_monitor[0m[2m:[0m 🔍 Fetching transaction details for: 0x542592fe57a2d88214cdf624b6a0e2d85758217510e20de949dc7f183a77eb13
[2m2025-12-10T10:11:05.558528Z[0m [34mDEBUG[0m [2methereum_transaction_pool_monitor::eth_client[0m[2m:[0m 🔍 Fetching transaction details for hash: 0x542592fe57a2d88214cdf624b6a0e2d85758217510e20de949dc7f183a77eb13
[2m2025-12-10T10:11:05.558545Z[0m [34mDEBUG[0m [2mhyper::client::pool[0m[2m:[0m reuse idle connection for ("http", 192.168.0.14:8545)
[2m2025-12-10T10:11:05.558592Z[0m [34mDEBUG[0m [2mhyper::proto::h1::io[0m[2m:[0m flushed 250 bytes
[2m2025-12-10T10:11:05.562060Z[0m [34mDEBUG[0m [2mhyper::proto::h1::io[0m[2m:[0m parsed 4 headers
[2m2025-12-10T10:11:05.562067Z[0m [34mDEBUG[0m [2mhyper::proto::h1::conn[0m[2m:[0m incoming body is content-length (2470 bytes)
[2m2025-12-10T10:11:05.562081Z[0m [34mDEBUG[0m [2methereum_transaction_pool_monitor::eth_client[0m[2m:[0m 📡 Transaction fetch RPC completed in 3.548583ms
[2m2025-12-10T10:11:05.562317Z[0m [34mDEBUG[0m [2mhyper::proto::h1::conn[0m[2m:[0m incoming body completed
[2m2025-12-10T10:11:05.562325Z[0m [34mDEBUG[0m [2mhyper::client::pool[0m[2m:[0m pooling idle connection for ("http", 192.168.0.14:8545)
[2m2025-12-10T10:11:05.599337Z[0m [34mDEBUG[0m [2mhyper::client::pool[0m[2m:[0m reuse idle connection for ("http", 192.168.0.14:8545)
[2m2025-12-10T10:11:05.599373Z[0m [34mDEBUG[0m [2mhyper::proto::h1::io[0m[2m:[0m flushed 172 bytes
[2m2025-12-10T10:11:05.603517Z[0m [34mDEBUG[0m [2mhyper::proto::h1::io[0m[2m:[0m parsed 4 headers
[2m2025-12-10T10:11:05.603525Z[0m [34mDEBUG[0m [2mhyper::proto::h1::conn[0m[2m:[0m incoming body is content-length (45 bytes)
[2m2025-12-10T10:11:05.603533Z[0m [34mDEBUG[0m [2mhyper::proto::h1::conn[0m[2m:[0m incoming body completed
[2m2025-12-10T10:11:05.603542Z[0m [34mDEBUG[0m [2mhyper::client::pool[0m[2m:[0m pooling idle connection for ("http", 192.168.0.14:8545)
[2m2025-12-10T10:11:05.631306Z[0m [34mDEBUG[0m [2methereum_transaction_pool_monitor::eth_client[0m[2m:[0m ✅ Transaction 0x542592fe57a2d88214cdf624b6a0e2d85758217510e20de949dc7f183a77eb13 fetched and parsed in 72.770625ms
[2m2025-12-10T10:11:05.631335Z[0m [34mDEBUG[0m [2methereum_transaction_pool_monitor::mempool_monitor[0m[2m:[0m 🔍 Skipping tx 0x542592fe57a2d88214cdf624b6a0e2d85758217510e20de949dc7f183a77eb13 - not a DEX interaction (target: 0xb8506D42Ad5FD6A672B42Aec94b82846876D458E)
[2m2025-12-10T10:11:05.631345Z[0m [34mDEBUG[0m [2methereum_transaction_pool_monitor::mempool_monitor[0m[2m:[0m 📨 Processing new pending transaction: 0x738589815ea2ca1c9354c9695427560683c1a78a1a4584723a4ff97ba32b587e
[2m2025-12-10T10:11:05.631349Z[0m [34mDEBUG[0m [2methereum_transaction_pool_monitor::mempool_monitor[0m[2m:[0m 🔍 Fetching transaction details for: 0x738589815ea2ca1c9354c9695427560683c1a78a1a4584723a4ff97ba32b587e
[2m2025-12-10T10:11:05.631354Z[0m [34mDEBUG[0m [2methereum_transaction_pool_monitor::eth_client[0m[2m:[0m 🔍 Fetching transaction details for hash: 0x738589815ea2ca1c9354c9695427560683c1a78a1a4584723a4ff97ba32b587e
[2m2025-12-10T10:11:05.631373Z[0m [34mDEBUG[0m [2mhyper::client::pool[0m[2m:[0m reuse idle connection for ("http", 192.168.0.14:8545)
[2m2025-12-10T10:11:05.631424Z[0m [34mDEBUG[0m [2mhyper::proto::h1::io[0m[2m:[0m flushed 250 bytes
[2m2025-12-10T10:11:05.634437Z[0m [34mDEBUG[0m [2mhyper::proto::h1::io[0m[2m:[0m parsed 4 headers
[2m2025-12-10T10:11:05.634446Z[0m [34mDEBUG[0m [2mhyper::proto::h1::conn[0m[2m:[0m incoming body is content-length (1731 bytes)
[2m2025-12-10T10:11:05.634461Z[0m [34mDEBUG[0m [2methereum_transaction_pool_monitor::eth_client[0m[2m:[0m 📡 Transaction fetch RPC completed in 3.103375ms
[2m2025-12-10T10:11:05.634927Z[0m [34mDEBUG[0m [2mhyper::proto::h1::conn[0m[2m:[0m incoming body completed
[2m2025-12-10T10:11:05.634937Z[0m [34mDEBUG[0m [2mhyper::client::pool[0m[2m:[0m pooling idle connection for ("http", 192.168.0.14:8545)
[2m2025-12-10T10:11:05.699255Z[0m [34mDEBUG[0m [2mhyper::client::pool[0m[2m:[0m reuse idle connection for ("http", 192.168.0.14:8545)
[2m2025-12-10T10:11:05.699320Z[0m [34mDEBUG[0m [2mhyper::proto::h1::io[0m[2m:[0m flushed 172 bytes
[2m2025-12-10T10:11:05.703921Z[0m [34mDEBUG[0m [2methereum_transaction_pool_monitor::eth_client[0m[2m:[0m ✅ Transaction 0x738589815ea2ca1c9354c9695427560683c1a78a1a4584723a4ff97ba32b587e fetched and parsed in 72.561666ms
[2m2025-12-10T10:11:05.703935Z[0m [34mDEBUG[0m [2methereum_transaction_pool_monitor::mempool_monitor[0m[2m:[0m 🔍 Skipping tx 0x738589815ea2ca1c9354c9695427560683c1a78a1a4584723a4ff97ba32b587e - not a DEX interaction (target: 0x601a2aD6CB5949f0529735254189Ba3194221EDF)
[2m2025-12-10T10:11:05.703943Z[0m [34mDEBUG[0m [2methereum_transaction_pool_monitor::mempool_monitor[0m[2m:[0m 📨 Processing new pending transaction: 0xf1503d6c3895e9a6b30ad35924b8b2dc71bb50671a56dcabcae90364a4eb8c05
[2m2025-12-10T10:11:05.703948Z[0m [34mDEBUG[0m [2methereum_transaction_pool_monitor::mempool_monitor[0m[2m:[0m 🔍 Fetching transaction details for: 0xf1503d6c3895e9a6b30ad35924b8b2dc71bb50671a56dcabcae90364a4eb8c05
[2m2025-12-10T10:11:05.703952Z[0m [34mDEBUG[0m [2methereum_transaction_pool_monitor::eth_client[0m[2m:[0m 🔍 Fetching transaction details for hash: 0xf1503d6c3895e9a6b30ad35924b8b2dc71bb50671a56dcabcae90364a4eb8c05
[2m2025-12-10T10:11:05.703964Z[0m [34mDEBUG[0m [2mhyper::client::pool[0m[2m:[0m reuse idle connection for ("http", 192.168.0.14:8545)
[2m2025-12-10T10:11:05.703995Z[0m [34mDEBUG[0m [2mhyper::proto::h1::io[0m[2m:[0m flushed 250 bytes
[2m2025-12-10T10:11:05.706522Z[0m [34mDEBUG[0m [2mhyper::proto::h1::io[0m[2m:[0m parsed 4 headers
[2m2025-12-10T10:11:05.708957Z[0m [34mDEBUG[0m [2mhyper::proto::h1::conn[0m[2m:[0m incoming body is content-length (45 bytes)
[2m2025-12-10T10:11:05.708965Z[0m [34mDEBUG[0m [2mhyper::proto::h1::conn[0m[2m:[0m incoming body completed
[2m2025-12-10T10:11:05.708979Z[0m [34mDEBUG[0m [2mhyper::client::pool[0m[2m:[0m pooling idle connection for ("http", 192.168.0.14:8545)
[2m2025-12-10T10:11:05.713216Z[0m [34mDEBUG[0m [2mhyper::proto::h1::io[0m[2m:[0m parsed 4 headers
[2m2025-12-10T10:11:05.713224Z[0m [34mDEBUG[0m [2mhyper::proto::h1::conn[0m[2m:[0m incoming body is content-length (830 bytes)
[2m2025-12-10T10:11:05.713229Z[0m [34mDEBUG[0m [2mhyper::proto::h1::conn[0m[2m:[0m incoming body completed
[2m2025-12-10T10:11:05.713236Z[0m [34mDEBUG[0m [2mhyper::client::pool[0m[2m:[0m pooling idle connection for ("http", 192.168.0.14:8545)
[2m2025-12-10T10:11:05.713241Z[0m [34mDEBUG[0m [2methereum_transaction_pool_monitor::eth_client[0m[2m:[0m 📡 Transaction fetch RPC completed in 9.2855ms
[2m2025-12-10T10:11:05.781619Z[0m [34mDEBUG[0m [2methereum_transaction_pool_monitor::eth_client[0m[2m:[0m ✅ Transaction 0xf1503d6c3895e9a6b30ad35924b8b2dc71bb50671a56dcabcae90364a4eb8c05 fetched and parsed in 77.660708ms
[2m2025-12-10T10:11:05.781647Z[0m [34mDEBUG[0m [2methereum_transaction_pool_monitor::mempool_monitor[0m[2m:[0m 🔍 Skipping tx 0xf1503d6c3895e9a6b30ad35924b8b2dc71bb50671a56dcabcae90364a4eb8c05 - not a DEX interaction (target: 0x3B4D794a66304F130a4Db8F2551B0070dfCf5ca7)
[2m2025-12-10T10:11:05.781657Z[0m [34mDEBUG[0m [2methereum_transaction_pool_monitor::mempool_monitor[0m[2m:[0m 📨 Processing new pending transaction: 0x00e1478f2e7c405d69d974e49acafea77ecda1db9bc72d1aa2da8f91fef7d457
[2m2025-12-10T10:11:05.781662Z[0m [34mDEBUG[0m [2methereum_transaction_pool_monitor::mempool_monitor[0m[2m:[0m 🔍 Fetching transaction details for: 0x00e1478f2e7c405d69d974e49acafea77ecda1db9bc72d1aa2da8f91fef7d457
[2m2025-12-10T10:11:05.781667Z[0m [34mDEBUG[0m [2methereum_transaction_pool_monitor::eth_client[0m[2m:[0m 🔍 Fetching transaction details for hash: 0x00e1478f2e7c405d69d974e49acafea77ecda1db9bc72d1aa2da8f91fef7d457
[2m2025-12-10T10:11:05.781687Z[0m [34mDEBUG[0m [2mhyper::client::pool[0m[2m:[0m reuse idle connection for ("http", 192.168.0.14:8545)
[2m2025-12-10T10:11:05.781738Z[0m [34mDEBUG[0m [2mhyper::proto::h1::io[0m[2m:[0m flushed 250 bytes
[2m2025-12-10T10:11:05.781756Z[0m [34mDEBUG[0m [2methereum_transaction_pool_monitor::eth_client[0m[2m:[0m 📨 Received WebSocket message: {"jsonrpc":"2.0","method":"eth_subscription","params":{"subscription":"0xbed0a0851463e895960a451075a301a9","result":"0xef1a25f13074d05bd91c3237900aaef8c6e3ccea244a5d78fe7f71d2ed999424"}}
[2m2025-12-10T10:11:05.781993Z[0m [34mDEBUG[0m [2methereum_transaction_pool_monitor::eth_client[0m[2m:[0m 📨 Received pending transaction: 0xef1a25f13074d05bd91c3237900aaef8c6e3ccea244a5d78fe7f71d2ed999424
[2m2025-12-10T10:11:05.785411Z[0m [34mDEBUG[0m [2mhyper::proto::h1::io[0m[2m:[0m parsed 4 headers
[2m2025-12-10T10:11:05.785418Z[0m [34mDEBUG[0m [2mhyper::proto::h1::conn[0m[2m:[0m incoming body is content-length (1800 bytes)
[2m2025-12-10T10:11:05.785431Z[0m [34mDEBUG[0m [2methereum_transaction_pool_monitor::eth_client[0m[2m:[0m 📡 Transaction fetch RPC completed in 3.7605ms
[2m2025-12-10T10:11:05.785932Z[0m [34mDEBUG[0m [2mhyper::proto::h1::conn[0m[2m:[0m incoming body completed
[2m2025-12-10T10:11:05.785939Z[0m [34mDEBUG[0m [2mhyper::client::pool[0m[2m:[0m pooling idle connection for ("http", 192.168.0.14:8545)
[2m2025-12-10T10:11:05.798974Z[0m [34mDEBUG[0m [2mhyper::client::pool[0m[2m:[0m reuse idle connection for ("http", 192.168.0.14:8545)
[2m2025-12-10T10:11:05.799012Z[0m [34mDEBUG[0m [2mhyper::proto::h1::io[0m[2m:[0m flushed 172 bytes
[2m2025-12-10T10:11:05.801904Z[0m [34mDEBUG[0m [2mhyper::proto::h1::io[0m[2m:[0m parsed 4 headers
[2m2025-12-10T10:11:05.801912Z[0m [34mDEBUG[0m [2mhyper::proto::h1::conn[0m[2m:[0m incoming body is content-length (45 bytes)
[2m2025-12-10T10:11:05.801920Z[0m [34mDEBUG[0m [2mhyper::proto::h1::conn[0m[2m:[0m incoming body completed
[2m2025-12-10T10:11:05.801928Z[0m [34mDEBUG[0m [2mhyper::client::pool[0m[2m:[0m pooling idle connection for ("http", 192.168.0.14:8545)
[2m2025-12-10T10:11:05.854581Z[0m [34mDEBUG[0m [2methereum_transaction_pool_monitor::eth_client[0m[2m:[0m ✅ Transaction 0x00e1478f2e7c405d69d974e49acafea77ecda1db9bc72d1aa2da8f91fef7d457 fetched and parsed in 72.908167ms
[2m2025-12-10T10:11:05.854609Z[0m [34mDEBUG[0m [2methereum_transaction_pool_monitor::mempool_monitor[0m[2m:[0m 🔍 Skipping tx 0x00e1478f2e7c405d69d974e49acafea77ecda1db9bc72d1aa2da8f91fef7d457 - not a DEX interaction (target: 0xd72a6BA4a87DDB33e801b3f1c7750b2d0911fC6C)
[2m2025-12-10T10:11:05.854618Z[0m [34mDEBUG[0m [2methereum_transaction_pool_monitor::mempool_monitor[0m[2m:[0m 📨 Processing new pending transaction: 0x20e1f28b741cf9e2cf0b694b82b7f4cf09fd0ed1047fee79bd867777a65ada40
[2m2025-12-10T10:11:05.854623Z[0m [34mDEBUG[0m [2methereum_transaction_pool_monitor::mempool_monitor[0m[2m:[0m 🔍 Fetching transaction details for: 0x20e1f28b741cf9e2cf0b694b82b7f4cf09fd0ed1047fee79bd867777a65ada40
[2m2025-12-10T10:11:05.854627Z[0m [34mDEBUG[0m [2methereum_transaction_pool_monitor::eth_client[0m[2m:[0m 🔍 Fetching transaction details for hash: 0x20e1f28b741cf9e2cf0b694b82b7f4cf09fd0ed1047fee79bd867777a65ada40
[2m2025-12-10T10:11:05.854645Z[0m [34mDEBUG[0m [2mhyper::client::pool[0m[2m:[0m reuse idle connection for ("http", 192.168.0.14:8545)
[2m2025-12-10T10:11:05.854693Z[0m [34mDEBUG[0m [2mhyper::proto::h1::io[0m[2m:[0m flushed 250 bytes
[2m2025-12-10T10:11:05.858591Z[0m [34mDEBUG[0m [2mhyper::proto::h1::io[0m[2m:[0m parsed 4 headers
[2m2025-12-10T10:11:05.858598Z[0m [34mDEBUG[0m [2mhyper::proto::h1::conn[0m[2m:[0m incoming body is content-length (2128 bytes)
[2m2025-12-10T10:11:05.858611Z[0m [34mDEBUG[0m [2methereum_transaction_pool_monitor::eth_client[0m[2m:[0m 📡 Transaction fetch RPC completed in 3.979709ms
[2m2025-12-10T10:11:05.859286Z[0m [34mDEBUG[0m [2mhyper::proto::h1::conn[0m[2m:[0m incoming body completed
[2m2025-12-10T10:11:05.859295Z[0m [34mDEBUG[0m [2mhyper::client::pool[0m[2m:[0m pooling idle connection for ("http", 192.168.0.14:8545)
[2m2025-12-10T10:11:05.899330Z[0m [34mDEBUG[0m [2mhyper::client::pool[0m[2m:[0m reuse idle connection for ("http", 192.168.0.14:8545)
[2m2025-12-10T10:11:05.899365Z[0m [34mDEBUG[0m [2mhyper::proto::h1::io[0m[2m:[0m flushed 172 bytes
[2m2025-12-10T10:11:05.902344Z[0m [34mDEBUG[0m [2mhyper::proto::h1::io[0m[2m:[0m parsed 4 headers
[2m2025-12-10T10:11:05.902351Z[0m [34mDEBUG[0m [2mhyper::proto::h1::conn[0m[2m:[0m incoming body is content-length (45 bytes)
[2m2025-12-10T10:11:05.902358Z[0m [34mDEBUG[0m [2mhyper::proto::h1::conn[0m[2m:[0m incoming body completed
[2m2025-12-10T10:11:05.902365Z[0m [34mDEBUG[0m [2mhyper::client::pool[0m[2m:[0m pooling idle connection for ("http", 192.168.0.14:8545)
[2m2025-12-10T10:11:05.925174Z[0m [34mDEBUG[0m [2methereum_transaction_pool_monitor::eth_client[0m[2m:[0m ✅ Transaction 0x20e1f28b741cf9e2cf0b694b82b7f4cf09fd0ed1047fee79bd867777a65ada40 fetched and parsed in 70.540334ms
[2m2025-12-10T10:11:05.925198Z[0m [34mDEBUG[0m [2methereum_transaction_pool_monitor::mempool_monitor[0m[2m:[0m 🔍 Skipping tx 0x20e1f28b741cf9e2cf0b694b82b7f4cf09fd0ed1047fee79bd867777a65ada40 - not a DEX interaction (target: 0xff6e9C5874532Dc833c788767B141C0eD3692151)
[2m2025-12-10T10:11:05.925206Z[0m [34mDEBUG[0m [2methereum_transaction_pool_monitor::mempool_monitor[0m[2m:[0m 📨 Processing new pending transaction: 0xef1a25f13074d05bd91c3237900aaef8c6e3ccea244a5d78fe7f71d2ed999424
[2m2025-12-10T10:11:05.925211Z[0m [34mDEBUG[0m [2methereum_transaction_pool_monitor::mempool_monitor[0m[2m:[0m 🔍 Fetching transaction details for: 0xef1a25f13074d05bd91c3237900aaef8c6e3ccea244a5d78fe7f71d2ed999424
[2m2025-12-10T10:11:05.925215Z[0m [34mDEBUG[0m [2methereum_transaction_pool_monitor::eth_client[0m[2m:[0m 🔍 Fetching transaction details for hash: 0xef1a25f13074d05bd91c3237900aaef8c6e3ccea244a5d78fe7f71d2ed999424
[2m2025-12-10T10:11:05.925232Z[0m [34mDEBUG[0m [2mhyper::client::pool[0m[2m:[0m reuse idle connection for ("http", 192.168.0.14:8545)
[2m2025-12-10T10:11:05.925274Z[0m [34mDEBUG[0m [2mhyper::proto::h1::io[0m[2m:[0m flushed 250 bytes
[2m2025-12-10T10:11:05.928674Z[0m [34mDEBUG[0m [2mhyper::proto::h1::io[0m[2m:[0m parsed 4 headers
[2m2025-12-10T10:11:05.928704Z[0m [34mDEBUG[0m [2mhyper::proto::h1::conn[0m[2m:[0m incoming body is content-length (767 bytes)
[2m2025-12-10T10:11:05.928722Z[0m [34mDEBUG[0m [2mhyper::proto::h1::conn[0m[2m:[0m incoming body completed
[2m2025-12-10T10:11:05.928747Z[0m [34mDEBUG[0m [2mhyper::client::pool[0m[2m:[0m pooling idle connection for ("http", 192.168.0.14:8545)
[2m2025-12-10T10:11:05.928753Z[0m [34mDEBUG[0m [2methereum_transaction_pool_monitor::eth_client[0m[2m:[0m 📡 Transaction fetch RPC completed in 3.534208ms
[2m2025-12-10T10:11:05.928768Z[0m [34mDEBUG[0m [2methereum_transaction_pool_monitor::eth_client[0m[2m:[0m DeFi transaction detected - Address: 0xdac17f958d2ee523a2206206994597c13d831ec7, Type: Stablecoin, Value: 0 ETH, Gas: 0.26 Gwei
[2m2025-12-10T10:11:05.928782Z[0m [34mDEBUG[0m [2methereum_transaction_pool_monitor::eth_client[0m[2m:[0m ✅ Transaction 0xef1a25f13074d05bd91c3237900aaef8c6e3ccea244a5d78fe7f71d2ed999424 fetched and parsed in 3.562458ms
[2m2025-12-10T10:11:05.928788Z[0m [34mDEBUG[0m [2methereum_transaction_pool_monitor::mempool_monitor[0m[2m:[0m 🔍 Skipping tx 0xef1a25f13074d05bd91c3237900aaef8c6e3ccea244a5d78fe7f71d2ed999424 - not a DEX interaction (target: 0xdAC17F958D2ee523a2206206994597C13D831ec7)
[2m2025-12-10T10:11:05.998844Z[0m [34mDEBUG[0m [2mhyper::client::pool[0m[2m:[0m reuse idle connection for ("http", 192.168.0.14:8545)
[2m2025-12-10T10:11:05.998900Z[0m [34mDEBUG[0m [2mhyper::proto::h1::io[0m[2m:[0m flushed 172 bytes
[2m2025-12-10T10:11:06.003524Z[0m [34mDEBUG[0m [2mhyper::proto::h1::io[0m[2m:[0m parsed 4 headers
[2m2025-12-10T10:11:06.003535Z[0m [34mDEBUG[0m [2mhyper::proto::h1::conn[0m[2m:[0m incoming body is content-length (45 bytes)
[2m2025-12-10T10:11:06.003543Z[0m [34mDEBUG[0m [2mhyper::proto::h1::conn[0m[2m:[0m incoming body completed
[2m2025-12-10T10:11:06.003554Z[0m [34mDEBUG[0m [2mhyper::client::pool[0m[2m:[0m pooling idle connection for ("http", 192.168.0.14:8545)
[2m2025-12-10T10:11:06.056162Z[0m [34mDEBUG[0m [2methereum_transaction_pool_monitor::eth_client[0m[2m:[0m 📨 Received WebSocket message: {"jsonrpc":"2.0","method":"eth_subscription","params":{"subscription":"0xbed0a0851463e895960a451075a301a9","result":"0xfe8cd90a5271f1aac7a35f589dde476f464c8d963a8d3749a41a72fceed15ff1"}}
[2m2025-12-10T10:11:06.056186Z[0m [34mDEBUG[0m [2methereum_transaction_pool_monitor::eth_client[0m[2m:[0m 📨 Received pending transaction: 0xfe8cd90a5271f1aac7a35f589dde476f464c8d963a8d3749a41a72fceed15ff1
[2m2025-12-10T10:11:06.056196Z[0m [34mDEBUG[0m [2methereum_transaction_pool_monitor::mempool_monitor[0m[2m:[0m 📨 Processing new pending transaction: 0xfe8cd90a5271f1aac7a35f589dde476f464c8d963a8d3749a41a72fceed15ff1
[2m2025-12-10T10:11:06.056201Z[0m [34mDEBUG[0m [2methereum_transaction_pool_monitor::mempool_monitor[0m[2m:[0m 🔍 Fetching transaction details for: 0xfe8cd90a5271f1aac7a35f589dde476f464c8d963a8d3749a41a72fceed15ff1
[2m2025-12-10T10:11:06.056205Z[0m [34mDEBUG[0m [2methereum_transaction_pool_monitor::eth_client[0m[2m:[0m 🔍 Fetching transaction details for hash: 0xfe8cd90a5271f1aac7a35f589dde476f464c8d963a8d3749a41a72fceed15ff1
[2m2025-12-10T10:11:06.056228Z[0m [34mDEBUG[0m [2mhyper::client::pool[0m[2m:[0m reuse idle connection for ("http", 192.168.0.14:8545)
[2m2025-12-10T10:11:06.056252Z[0m [34mDEBUG[0m [2mhyper::proto::h1::io[0m[2m:[0m flushed 250 bytes
[2m2025-12-10T10:11:06.065546Z[0m [34mDEBUG[0m [2mhyper::proto::h1::io[0m[2m:[0m parsed 4 headers
[2m2025-12-10T10:11:06.065559Z[0m [34mDEBUG[0m [2mhyper::proto::h1::conn[0m[2m:[0m incoming body is content-length (554 bytes)
[2m2025-12-10T10:11:06.065568Z[0m [34mDEBUG[0m [2mhyper::proto::h1::conn[0m[2m:[0m incoming body completed
[2m2025-12-10T10:11:06.065578Z[0m [34mDEBUG[0m [2mhyper::client::pool[0m[2m:[0m pooling idle connection for ("http", 192.168.0.14:8545)
[2m2025-12-10T10:11:06.065586Z[0m [34mDEBUG[0m [2methereum_transaction_pool_monitor::eth_client[0m[2m:[0m 📡 Transaction fetch RPC completed in 9.376042ms
[2m2025-12-10T10:11:06.144059Z[0m [34mDEBUG[0m [2methereum_transaction_pool_monitor::eth_client[0m[2m:[0m ✅ Transaction 0xfe8cd90a5271f1aac7a35f589dde476f464c8d963a8d3749a41a72fceed15ff1 fetched and parsed in 87.845583ms
[2m2025-12-10T10:11:06.144090Z[0m [34mDEBUG[0m [2methereum_transaction_pool_monitor::mempool_monitor[0m[2m:[0m 🔍 Skipping tx 0xfe8cd90a5271f1aac7a35f589dde476f464c8d963a8d3749a41a72fceed15ff1 - not a DEX interaction (target: 0xeB68f237614826600d0e6df7c7a5d1406ad17167)
[2m2025-12-10T10:11:06.144144Z[0m [34mDEBUG[0m [2mhyper::client::pool[0m[2m:[0m reuse idle connection for ("http", 192.168.0.14:8545)
[2m2025-12-10T10:11:06.144188Z[0m [34mDEBUG[0m [2mhyper::proto::h1::io[0m[2m:[0m flushed 172 bytes
[2m2025-12-10T10:11:06.150176Z[0m [34mDEBUG[0m [2mhyper::proto::h1::io[0m[2m:[0m parsed 4 headers
[2m2025-12-10T10:11:06.150527Z[0m [34mDEBUG[0m [2mhyper::proto::h1::conn[0m[2m:[0m incoming body is content-length (45 bytes)
[2m2025-12-10T10:11:06.150539Z[0m [34mDEBUG[0m [2mhyper::proto::h1::conn[0m[2m:[0m incoming body completed
[2m2025-12-10T10:11:06.150552Z[0m [34mDEBUG[0m [2mhyper::client::pool[0m[2m:[0m pooling idle connection for ("http", 192.168.0.14:8545)
[2m2025-12-10T10:11:06.199658Z[0m [34mDEBUG[0m [2mhyper::client::pool[0m[2m:[0m reuse idle connection for ("http", 192.168.0.14:8545)
[2m2025-12-10T10:11:06.199730Z[0m [34mDEBUG[0m [2mhyper::proto::h1::io[0m[2m:[0m flushed 172 bytes
[2m2025-12-10T10:11:06.204105Z[0m [34mDEBUG[0m [2mhyper::proto::h1::io[0m[2m:[0m parsed 4 headers
[2m2025-12-10T10:11:06.204114Z[0m [34mDEBUG[0m [2mhyper::proto::h1::conn[0m[2m:[0m incoming body is content-length (45 bytes)
[2m2025-12-10T10:11:06.204122Z[0m [34mDEBUG[0m [2mhyper::proto::h1::conn[0m[2m:[0m incoming body completed
[2m2025-12-10T10:11:06.204131Z[0m [34mDEBUG[0m [2mhyper::client::pool[0m[2m:[0m pooling idle connection for ("http", 192.168.0.14:8545)
[2m2025-12-10T10:11:06.298823Z[0m [34mDEBUG[0m [2mhyper::client::pool[0m[2m:[0m reuse idle connection for ("http", 192.168.0.14:8545)
[2m2025-12-10T10:11:06.298868Z[0m [34mDEBUG[0m [2mhyper::proto::h1::io[0m[2m:[0m flushed 172 bytes
[2m2025-12-10T10:11:06.302921Z[0m [34mDEBUG[0m [2methereum_transaction_pool_monitor::eth_client[0m[2m:[0m 📨 Received WebSocket message: {"jsonrpc":"2.0","method":"eth_subscription","params":{"subscription":"0xbed0a0851463e895960a451075a301a9","result":"0x26764d1f5eb2a6083fed8c64c479ad39cde72bfe5bd982469fa88b99cf79b979"}}
[2m2025-12-10T10:11:06.302969Z[0m [34mDEBUG[0m [2methereum_transaction_pool_monitor::eth_client[0m[2m:[0m 📨 Received pending transaction: 0x26764d1f5eb2a6083fed8c64c479ad39cde72bfe5bd982469fa88b99cf79b979
[2m2025-12-10T10:11:06.302987Z[0m [34mDEBUG[0m [2methereum_transaction_pool_monitor::mempool_monitor[0m[2m:[0m 📨 Processing new pending transaction: 0x26764d1f5eb2a6083fed8c64c479ad39cde72bfe5bd982469fa88b99cf79b979
[2m2025-12-10T10:11:06.302998Z[0m [34mDEBUG[0m [2methereum_transaction_pool_monitor::mempool_monitor[0m[2m:[0m 🔍 Fetching transaction details for: 0x26764d1f5eb2a6083fed8c64c479ad39cde72bfe5bd982469fa88b99cf79b979
[2m2025-12-10T10:11:06.303009Z[0m [34mDEBUG[0m [2methereum_transaction_pool_monitor::eth_client[0m[2m:[0m 🔍 Fetching transaction details for hash: 0x26764d1f5eb2a6083fed8c64c479ad39cde72bfe5bd982469fa88b99cf79b979
[2m2025-12-10T10:11:06.303038Z[0m [34mDEBUG[0m [2mhyper::client::pool[0m[2m:[0m reuse idle connection for ("http", 192.168.0.14:8545)
[2m2025-12-10T10:11:06.303078Z[0m [34mDEBUG[0m [2mhyper::proto::h1::io[0m[2m:[0m flushed 250 bytes
[2m2025-12-10T10:11:06.303399Z[0m [34mDEBUG[0m [2mhyper::proto::h1::io[0m[2m:[0m parsed 4 headers
[2m2025-12-10T10:11:06.303413Z[0m [34mDEBUG[0m [2mhyper::proto::h1::conn[0m[2m:[0m incoming body is content-length (45 bytes)
[2m2025-12-10T10:11:06.303428Z[0m [34mDEBUG[0m [2mhyper::proto::h1::conn[0m[2m:[0m incoming body completed
[2m2025-12-10T10:11:06.303444Z[0m [34mDEBUG[0m [2mhyper::client::pool[0m[2m:[0m pooling idle connection for ("http", 192.168.0.14:8545)
[2m2025-12-10T10:11:06.306626Z[0m [34mDEBUG[0m [2mhyper::proto::h1::io[0m[2m:[0m parsed 4 headers
[2m2025-12-10T10:11:06.306639Z[0m [34mDEBUG[0m [2mhyper::proto::h1::conn[0m[2m:[0m incoming body is content-length (772 bytes)
[2m2025-12-10T10:11:06.306650Z[0m [34mDEBUG[0m [2mhyper::proto::h1::conn[0m[2m:[0m incoming body completed
[2m2025-12-10T10:11:06.306663Z[0m [34mDEBUG[0m [2mhyper::client::pool[0m[2m:[0m pooling idle connection for ("http", 192.168.0.14:8545)
[2m2025-12-10T10:11:06.306674Z[0m [34mDEBUG[0m [2methereum_transaction_pool_monitor::eth_client[0m[2m:[0m 📡 Transaction fetch RPC completed in 3.654375ms
[2m2025-12-10T10:11:06.306702Z[0m [34mDEBUG[0m [2methereum_transaction_pool_monitor::eth_client[0m[2m:[0m DeFi transaction detected - Address: 0xdac17f958d2ee523a2206206994597c13d831ec7, Type: Stablecoin, Value: 0 ETH, Gas: 50.00 Gwei
[2m2025-12-10T10:11:06.306727Z[0m [34mDEBUG[0m [2methereum_transaction_pool_monitor::eth_client[0m[2m:[0m ✅ Transaction 0x26764d1f5eb2a6083fed8c64c479ad39cde72bfe5bd982469fa88b99cf79b979 fetched and parsed in 3.706917ms
[2m2025-12-10T10:11:06.306741Z[0m [34mDEBUG[0m [2methereum_transaction_pool_monitor::mempool_monitor[0m[2m:[0m 🔍 Skipping tx 0x26764d1f5eb2a6083fed8c64c479ad39cde72bfe5bd982469fa88b99cf79b979 - not a DEX interaction (target: 0xdAC17F958D2ee523a2206206994597C13D831ec7)
[2m2025-12-10T10:11:06.348973Z[0m [34mDEBUG[0m [2methereum_transaction_pool_monitor::eth_client[0m[2m:[0m 📨 Received WebSocket message: {"jsonrpc":"2.0","method":"eth_subscription","params":{"subscription":"0xbed0a0851463e895960a451075a301a9","result":"0xbcf6328ac172d54250d47f4a2f76dd4bfc2d2c4ed61a2d1cb76dabebdfa934a2"}}
[2m2025-12-10T10:11:06.349025Z[0m [34mDEBUG[0m [2methereum_transaction_pool_monitor::eth_client[0m[2m:[0m 📨 Received pending transaction: 0xbcf6328ac172d54250d47f4a2f76dd4bfc2d2c4ed61a2d1cb76dabebdfa934a2
[2m2025-12-10T10:11:06.349390Z[0m [34mDEBUG[0m [2methereum_transaction_pool_monitor::mempool_monitor[0m[2m:[0m 📨 Processing new pending transaction: 0xbcf6328ac172d54250d47f4a2f76dd4bfc2d2c4ed61a2d1cb76dabebdfa934a2
[2m2025-12-10T10:11:06.349408Z[0m [34mDEBUG[0m [2methereum_transaction_pool_monitor::mempool_monitor[0m[2m:[0m 🔍 Fetching transaction details for: 0xbcf6328ac172d54250d47f4a2f76dd4bfc2d2c4ed61a2d1cb76dabebdfa934a2
[2m2025-12-10T10:11:06.349418Z[0m [34mDEBUG[0m [2methereum_transaction_pool_monitor::eth_client[0m[2m:[0m 🔍 Fetching transaction details for hash: 0xbcf6328ac172d54250d47f4a2f76dd4bfc2d2c4ed61a2d1cb76dabebdfa934a2
[2m2025-12-10T10:11:06.349451Z[0m [34mDEBUG[0m [2mhyper::client::pool[0m[2m:[0m reuse idle connection for ("http", 192.168.0.14:8545)
[2m2025-12-10T10:11:06.349500Z[0m [34mDEBUG[0m [2mhyper::proto::h1::io[0m[2m:[0m flushed 250 bytes
[2m2025-12-10T10:11:06.356258Z[0m [34mDEBUG[0m [2mhyper::proto::h1::io[0m[2m:[0m parsed 4 headers
[2m2025-12-10T10:11:06.356353Z[0m [34mDEBUG[0m [2mhyper::proto::h1::conn[0m[2m:[0m incoming body is content-length (645 bytes)
[2m2025-12-10T10:11:06.356402Z[0m [34mDEBUG[0m [2mhyper::proto::h1::conn[0m[2m:[0m incoming body completed
[2m2025-12-10T10:11:06.356457Z[0m [34mDEBUG[0m [2mhyper::client::pool[0m[2m:[0m pooling idle connection for ("http", 192.168.0.14:8545)
[2m2025-12-10T10:11:06.356499Z[0m [34mDEBUG[0m [2methereum_transaction_pool_monitor::eth_client[0m[2m:[0m 📡 Transaction fetch RPC completed in 7.070625ms
[2m2025-12-10T10:11:06.445395Z[0m [34mDEBUG[0m [2methereum_transaction_pool_monitor::eth_client[0m[2m:[0m ✅ Transaction 0xbcf6328ac172d54250d47f4a2f76dd4bfc2d2c4ed61a2d1cb76dabebdfa934a2 fetched and parsed in 95.965291ms
[2m2025-12-10T10:11:06.445426Z[0m [34mDEBUG[0m [2methereum_transaction_pool_monitor::mempool_monitor[0m[2m:[0m 🔍 Skipping tx 0xbcf6328ac172d54250d47f4a2f76dd4bfc2d2c4ed61a2d1cb76dabebdfa934a2 - not a DEX interaction (target: 0xA26148AE51fa8E787DF319C04137602Cc018b521)
[2m2025-12-10T10:11:06.445470Z[0m [34mDEBUG[0m [2mhyper::client::pool[0m[2m:[0m reuse idle connection for ("http", 192.168.0.14:8545)
[2m2025-12-10T10:11:06.445523Z[0m [34mDEBUG[0m [2mhyper::proto::h1::io[0m[2m:[0m flushed 172 bytes
[2m2025-12-10T10:11:06.449063Z[0m [34mDEBUG[0m [2mhyper::proto::h1::io[0m[2m:[0m parsed 4 headers
[2m2025-12-10T10:11:06.449086Z[0m [34mDEBUG[0m [2mhyper::proto::h1::conn[0m[2m:[0m incoming body is content-length (45 bytes)
[2m2025-12-10T10:11:06.449121Z[0m [34mDEBUG[0m [2mhyper::proto::h1::conn[0m[2m:[0m incoming body completed
[2m2025-12-10T10:11:06.449129Z[0m [34mDEBUG[0m [2mhyper::client::pool[0m[2m:[0m pooling idle connection for ("http", 192.168.0.14:8545)
[2m2025-12-10T10:11:06.499262Z[0m [34mDEBUG[0m [2mhyper::client::pool[0m[2m:[0m reuse idle connection for ("http", 192.168.0.14:8545)
[2m2025-12-10T10:11:06.499325Z[0m [34mDEBUG[0m [2mhyper::proto::h1::io[0m[2m:[0m flushed 172 bytes
[2m2025-12-10T10:11:06.502868Z[0m [34mDEBUG[0m [2mhyper::proto::h1::io[0m[2m:[0m parsed 4 headers
[2m2025-12-10T10:11:06.502877Z[0m [34mDEBUG[0m [2mhyper::proto::h1::conn[0m[2m:[0m incoming body is content-length (45 bytes)
[2m2025-12-10T10:11:06.502885Z[0m [34mDEBUG[0m [2mhyper::proto::h1::conn[0m[2m:[0m incoming body completed
[2m2025-12-10T10:11:06.502893Z[0m [34mDEBUG[0m [2mhyper::client::pool[0m[2m:[0m pooling idle connection for ("http", 192.168.0.14:8545)
[2m2025-12-10T10:11:06.597640Z[0m [34mDEBUG[0m [2mhyper::client::pool[0m[2m:[0m reuse idle connection for ("http", 192.168.0.14:8545)
[2m2025-12-10T10:11:06.597689Z[0m [34mDEBUG[0m [2mhyper::proto::h1::io[0m[2m:[0m flushed 172 bytes
[2m2025-12-10T10:11:06.600760Z[0m [34mDEBUG[0m [2mhyper::proto::h1::io[0m[2m:[0m parsed 4 headers
[2m2025-12-10T10:11:06.600770Z[0m [34mDEBUG[0m [2mhyper::proto::h1::conn[0m[2m:[0m incoming body is content-length (45 bytes)
[2m2025-12-10T10:11:06.600779Z[0m [34mDEBUG[0m [2mhyper::proto::h1::conn[0m[2m:[0m incoming body completed
[2m2025-12-10T10:11:06.600789Z[0m [34mDEBUG[0m [2mhyper::client::pool[0m[2m:[0m pooling idle connection for ("http", 192.168.0.14:8545)
[2m2025-12-10T10:11:06.607367Z[0m [34mDEBUG[0m [2methereum_transaction_pool_monitor::eth_client[0m[2m:[0m 📨 Received WebSocket message: {"jsonrpc":"2.0","method":"eth_subscription","params":{"subscription":"0xbed0a0851463e895960a451075a301a9","result":"0x61313c40faed226ec5fd3d89fb015bb574509170fe517b17795d1c3a114f39bb"}}
[2m2025-12-10T10:11:06.607389Z[0m [34mDEBUG[0m [2methereum_transaction_pool_monitor::eth_client[0m[2m:[0m 📨 Received pending transaction: 0x61313c40faed226ec5fd3d89fb015bb574509170fe517b17795d1c3a114f39bb
[2m2025-12-10T10:11:06.607403Z[0m [34mDEBUG[0m [2methereum_transaction_pool_monitor::mempool_monitor[0m[2m:[0m 📨 Processing new pending transaction: 0x61313c40faed226ec5fd3d89fb015bb574509170fe517b17795d1c3a114f39bb
[2m2025-12-10T10:11:06.607423Z[0m [34mDEBUG[0m [2methereum_transaction_pool_monitor::mempool_monitor[0m[2m:[0m 🔍 Fetching transaction details for: 0x61313c40faed226ec5fd3d89fb015bb574509170fe517b17795d1c3a114f39bb
[2m2025-12-10T10:11:06.607430Z[0m [34mDEBUG[0m [2methereum_transaction_pool_monitor::eth_client[0m[2m:[0m 🔍 Fetching transaction details for hash: 0x61313c40faed226ec5fd3d89fb015bb574509170fe517b17795d1c3a114f39bb
[2m2025-12-10T10:11:06.607448Z[0m [34mDEBUG[0m [2mhyper::client::pool[0m[2m:[0m reuse idle connection for ("http", 192.168.0.14:8545)
[2m2025-12-10T10:11:06.607472Z[0m [34mDEBUG[0m [2mhyper::proto::h1::io[0m[2m:[0m flushed 250 bytes
[2m2025-12-10T10:11:06.617116Z[0m [34mDEBUG[0m [2mhyper::proto::h1::io[0m[2m:[0m parsed 4 headers
[2m2025-12-10T10:11:06.617132Z[0m [34mDEBUG[0m [2mhyper::proto::h1::conn[0m[2m:[0m incoming body is content-length (551 bytes)
[2m2025-12-10T10:11:06.617140Z[0m [34mDEBUG[0m [2mhyper::proto::h1::conn[0m[2m:[0m incoming body completed
[2m2025-12-10T10:11:06.617150Z[0m [34mDEBUG[0m [2mhyper::client::pool[0m[2m:[0m pooling idle connection for ("http", 192.168.0.14:8545)
[2m2025-12-10T10:11:06.617157Z[0m [34mDEBUG[0m [2methereum_transaction_pool_monitor::eth_client[0m[2m:[0m 📡 Transaction fetch RPC completed in 9.72075ms
[2m2025-12-10T10:11:06.688364Z[0m [34mDEBUG[0m [2methereum_transaction_pool_monitor::eth_client[0m[2m:[0m ✅ Transaction 0x61313c40faed226ec5fd3d89fb015bb574509170fe517b17795d1c3a114f39bb fetched and parsed in 80.926ms
[2m2025-12-10T10:11:06.688387Z[0m [34mDEBUG[0m [2methereum_transaction_pool_monitor::mempool_monitor[0m[2m:[0m 🔍 Skipping tx 0x61313c40faed226ec5fd3d89fb015bb574509170fe517b17795d1c3a114f39bb - not a DEX interaction (target: 0x9B9CFc92345FD1AaD87b1Edd61735114749Dc6C7)
[2m2025-12-10T10:11:06.699443Z[0m [34mDEBUG[0m [2mhyper::client::pool[0m[2m:[0m reuse idle connection for ("http", 192.168.0.14:8545)
[2m2025-12-10T10:11:06.699484Z[0m [34mDEBUG[0m [2mhyper::proto::h1::io[0m[2m:[0m flushed 172 bytes
[2m2025-12-10T10:11:06.709421Z[0m [34mDEBUG[0m [2mhyper::proto::h1::io[0m[2m:[0m parsed 4 headers
[2m2025-12-10T10:11:06.709460Z[0m [34mDEBUG[0m [2mhyper::proto::h1::conn[0m[2m:[0m incoming body is content-length (45 bytes)
[2m2025-12-10T10:11:06.709473Z[0m [34mDEBUG[0m [2mhyper::proto::h1::conn[0m[2m:[0m incoming body completed
[2m2025-12-10T10:11:06.709498Z[0m [34mDEBUG[0m [2mhyper::client::pool[0m[2m:[0m pooling idle connection for ("http", 192.168.0.14:8545)
[2m2025-12-10T10:11:06.713882Z[0m [34mDEBUG[0m [2methereum_transaction_pool_monitor::eth_client[0m[2m:[0m 📨 Received WebSocket message: {"jsonrpc":"2.0","method":"eth_subscription","params":{"subscription":"0xbed0a0851463e895960a451075a301a9","result":"0x702db4c137c2278f8a8e596cc4c3d1759dcdbe86d2fa505934c471075b7407dc"}}
[2m2025-12-10T10:11:06.713892Z[0m [34mDEBUG[0m [2methereum_transaction_pool_monitor::eth_client[0m[2m:[0m 📨 Received pending transaction: 0x702db4c137c2278f8a8e596cc4c3d1759dcdbe86d2fa505934c471075b7407dc
[2m2025-12-10T10:11:06.713899Z[0m [34mDEBUG[0m [2methereum_transaction_pool_monitor::mempool_monitor[0m[2m:[0m 📨 Processing new pending transaction: 0x702db4c137c2278f8a8e596cc4c3d1759dcdbe86d2fa505934c471075b7407dc
[2m2025-12-10T10:11:06.713903Z[0m [34mDEBUG[0m [2methereum_transaction_pool_monitor::mempool_monitor[0m[2m:[0m 🔍 Fetching transaction details for: 0x702db4c137c2278f8a8e596cc4c3d1759dcdbe86d2fa505934c471075b7407dc
[2m2025-12-10T10:11:06.713908Z[0m [34mDEBUG[0m [2methereum_transaction_pool_monitor::eth_client[0m[2m:[0m 🔍 Fetching transaction details for hash: 0x702db4c137c2278f8a8e596cc4c3d1759dcdbe86d2fa505934c471075b7407dc
[2m2025-12-10T10:11:06.713922Z[0m [34mDEBUG[0m [2mhyper::client::pool[0m[2m:[0m reuse idle connection for ("http", 192.168.0.14:8545)
[2m2025-12-10T10:11:06.713938Z[0m [34mDEBUG[0m [2mhyper::proto::h1::io[0m[2m:[0m flushed 250 bytes
[2m2025-12-10T10:11:06.724959Z[0m [34mDEBUG[0m [2mhyper::proto::h1::io[0m[2m:[0m parsed 4 headers
[2m2025-12-10T10:11:06.724997Z[0m [34mDEBUG[0m [2mhyper::proto::h1::conn[0m[2m:[0m incoming body is content-length (1347 bytes)
[2m2025-12-10T10:11:06.725015Z[0m [34mDEBUG[0m [2mhyper::proto::h1::conn[0m[2m:[0m incoming body completed
[2m2025-12-10T10:11:06.725037Z[0m [34mDEBUG[0m [2mhyper::client::pool[0m[2m:[0m pooling idle connection for ("http", 192.168.0.14:8545)
[2m2025-12-10T10:11:06.725049Z[0m [34mDEBUG[0m [2methereum_transaction_pool_monitor::eth_client[0m[2m:[0m 📡 Transaction fetch RPC completed in 11.136917ms
[2m2025-12-10T10:11:06.796911Z[0m [34mDEBUG[0m [2methereum_transaction_pool_monitor::eth_client[0m[2m:[0m ✅ Transaction 0x702db4c137c2278f8a8e596cc4c3d1759dcdbe86d2fa505934c471075b7407dc fetched and parsed in 82.997ms
[2m2025-12-10T10:11:06.796935Z[0m [34mDEBUG[0m [2methereum_transaction_pool_monitor::mempool_monitor[0m[2m:[0m 🔍 Skipping tx 0x702db4c137c2278f8a8e596cc4c3d1759dcdbe86d2fa505934c471075b7407dc - not a DEX interaction (target: 0xC36442b4a4522E871399CD717aBDD847Ab11FE88)
[2m2025-12-10T10:11:06.796970Z[0m [34mDEBUG[0m [2mhyper::client::pool[0m[2m:[0m reuse idle connection for ("http", 192.168.0.14:8545)
[2m2025-12-10T10:11:06.796994Z[0m [34mDEBUG[0m [2mhyper::proto::h1::io[0m[2m:[0m flushed 172 bytes
[2m2025-12-10T10:11:06.797051Z[0m [34mDEBUG[0m [2methereum_transaction_pool_monitor::eth_client[0m[2m:[0m 📨 Received WebSocket message: {"jsonrpc":"2.0","method":"eth_subscription","params":{"subscription":"0xbed0a0851463e895960a451075a301a9","result":"0x597c89018e35354c2f55681bce7b8096a8e1ebed007536ec43d5b975b55ad1e2"}}
[2m2025-12-10T10:11:06.797064Z[0m [34mDEBUG[0m [2methereum_transaction_pool_monitor::eth_client[0m[2m:[0m 📨 Received pending transaction: 0x597c89018e35354c2f55681bce7b8096a8e1ebed007536ec43d5b975b55ad1e2
[2m2025-12-10T10:11:06.797071Z[0m [34mDEBUG[0m [2methereum_transaction_pool_monitor::mempool_monitor[0m[2m:[0m 📨 Processing new pending transaction: 0x597c89018e35354c2f55681bce7b8096a8e1ebed007536ec43d5b975b55ad1e2
[2m2025-12-10T10:11:06.797076Z[0m [34mDEBUG[0m [2methereum_transaction_pool_monitor::mempool_monitor[0m[2m:[0m 🔍 Fetching transaction details for: 0x597c89018e35354c2f55681bce7b8096a8e1ebed007536ec43d5b975b55ad1e2
[2m2025-12-10T10:11:06.797081Z[0m [34mDEBUG[0m [2methereum_transaction_pool_monitor::eth_client[0m[2m:[0m 🔍 Fetching transaction details for hash: 0x597c89018e35354c2f55681bce7b8096a8e1ebed007536ec43d5b975b55ad1e2
[2m2025-12-10T10:11:06.797091Z[0m [34mDEBUG[0m [2mhyper::client::pool[0m[2m:[0m reuse idle connection for ("http", 192.168.0.14:8545)
[2m2025-12-10T10:11:06.797110Z[0m [34mDEBUG[0m [2mhyper::proto::h1::io[0m[2m:[0m flushed 250 bytes
[2m2025-12-10T10:11:06.801744Z[0m [34mDEBUG[0m [2mhyper::proto::h1::io[0m[2m:[0m parsed 4 headers
[2m2025-12-10T10:11:06.801755Z[0m [34mDEBUG[0m [2mhyper::proto::h1::conn[0m[2m:[0m incoming body is content-length (45 bytes)
[2m2025-12-10T10:11:06.801762Z[0m [34mDEBUG[0m [2mhyper::proto::h1::conn[0m[2m:[0m incoming body completed
[2m2025-12-10T10:11:06.801769Z[0m [34mDEBUG[0m [2mhyper::client::pool[0m[2m:[0m pooling idle connection for ("http", 192.168.0.14:8545)
[2m2025-12-10T10:11:06.803083Z[0m [34mDEBUG[0m [2mhyper::proto::h1::io[0m[2m:[0m parsed 4 headers
[2m2025-12-10T10:11:06.803093Z[0m [34mDEBUG[0m [2mhyper::proto::h1::conn[0m[2m:[0m incoming body is content-length (654 bytes)
[2m2025-12-10T10:11:06.803102Z[0m [34mDEBUG[0m [2mhyper::proto::h1::conn[0m[2m:[0m incoming body completed
[2m2025-12-10T10:11:06.803110Z[0m [34mDEBUG[0m [2mhyper::client::pool[0m[2m:[0m pooling idle connection for ("http", 192.168.0.14:8545)
[2m2025-12-10T10:11:06.803116Z[0m [34mDEBUG[0m [2methereum_transaction_pool_monitor::eth_client[0m[2m:[0m 📡 Transaction fetch RPC completed in 6.0315ms
[2m2025-12-10T10:11:06.875298Z[0m [34mDEBUG[0m [2methereum_transaction_pool_monitor::eth_client[0m[2m:[0m ✅ Transaction 0x597c89018e35354c2f55681bce7b8096a8e1ebed007536ec43d5b975b55ad1e2 fetched and parsed in 78.210959ms
[2m2025-12-10T10:11:06.875328Z[0m [34mDEBUG[0m [2methereum_transaction_pool_monitor::mempool_monitor[0m[2m:[0m 🔍 Skipping tx 0x597c89018e35354c2f55681bce7b8096a8e1ebed007536ec43d5b975b55ad1e2 - not a DEX interaction (target: 0x1fbbB4b7e915EE30621Ed32FA44F29093D766da8)
[2m2025-12-10T10:11:06.875376Z[0m [34mDEBUG[0m [2methereum_transaction_pool_monitor::eth_client[0m[2m:[0m 📨 Received WebSocket message: {"jsonrpc":"2.0","method":"eth_subscription","params":{"subscription":"0xbed0a0851463e895960a451075a301a9","result":"0x2a68ec3c4bf9aa09653b4d020f245c1e24c710801d9c891123744ddbb05801e1"}}
[2m2025-12-10T10:11:06.875387Z[0m [34mDEBUG[0m [2methereum_transaction_pool_monitor::eth_client[0m[2m:[0m 📨 Received pending transaction: 0x2a68ec3c4bf9aa09653b4d020f245c1e24c710801d9c891123744ddbb05801e1
[2m2025-12-10T10:11:06.875396Z[0m [34mDEBUG[0m [2methereum_transaction_pool_monitor::mempool_monitor[0m[2m:[0m 📨 Processing new pending transaction: 0x2a68ec3c4bf9aa09653b4d020f245c1e24c710801d9c891123744ddbb05801e1
[2m2025-12-10T10:11:06.875404Z[0m [34mDEBUG[0m [2methereum_transaction_pool_monitor::mempool_monitor[0m[2m:[0m 🔍 Fetching transaction details for: 0x2a68ec3c4bf9aa09653b4d020f245c1e24c710801d9c891123744ddbb05801e1
[2m2025-12-10T10:11:06.875410Z[0m [34mDEBUG[0m [2methereum_transaction_pool_monitor::eth_client[0m[2m:[0m 🔍 Fetching transaction details for hash: 0x2a68ec3c4bf9aa09653b4d020f245c1e24c710801d9c891123744ddbb05801e1
[2m2025-12-10T10:11:06.875429Z[0m [34mDEBUG[0m [2mhyper::client::pool[0m[2m:[0m reuse idle connection for ("http", 192.168.0.14:8545)
[2m2025-12-10T10:11:06.875452Z[0m [34mDEBUG[0m [2mhyper::proto::h1::io[0m[2m:[0m flushed 250 bytes
[2m2025-12-10T10:11:06.887174Z[0m [34mDEBUG[0m [2mhyper::proto::h1::io[0m[2m:[0m parsed 4 headers
[2m2025-12-10T10:11:06.887188Z[0m [34mDEBUG[0m [2mhyper::proto::h1::conn[0m[2m:[0m incoming body is content-length (778 bytes)
[2m2025-12-10T10:11:06.887196Z[0m [34mDEBUG[0m [2mhyper::proto::h1::conn[0m[2m:[0m incoming body completed
[2m2025-12-10T10:11:06.887208Z[0m [34mDEBUG[0m [2mhyper::client::pool[0m[2m:[0m pooling idle connection for ("http", 192.168.0.14:8545)
[2m2025-12-10T10:11:06.887215Z[0m [34mDEBUG[0m [2methereum_transaction_pool_monitor::eth_client[0m[2m:[0m 📡 Transaction fetch RPC completed in 11.798958ms
[2m2025-12-10T10:11:06.957553Z[0m [34mDEBUG[0m [2methereum_transaction_pool_monitor::eth_client[0m[2m:[0m ✅ Transaction 0x2a68ec3c4bf9aa09653b4d020f245c1e24c710801d9c891123744ddbb05801e1 fetched and parsed in 82.134458ms
[2m2025-12-10T10:11:06.957582Z[0m [34mDEBUG[0m [2methereum_transaction_pool_monitor::mempool_monitor[0m[2m:[0m 🔍 Skipping tx 0x2a68ec3c4bf9aa09653b4d020f245c1e24c710801d9c891123744ddbb05801e1 - not a DEX interaction (target: 0xDEf1CA1fb7FBcDC777520aa7f396b4E015F497aB)
[2m2025-12-10T10:11:06.957856Z[0m [34mDEBUG[0m [2mhyper::client::pool[0m[2m:[0m reuse idle connection for ("http", 192.168.0.14:8545)
[2m2025-12-10T10:11:06.957881Z[0m [34mDEBUG[0m [2mhyper::proto::h1::io[0m[2m:[0m flushed 172 bytes
[2m2025-12-10T10:11:06.962434Z[0m [34mDEBUG[0m [2mhyper::proto::h1::io[0m[2m:[0m parsed 4 headers
[2m2025-12-10T10:11:06.962444Z[0m [34mDEBUG[0m [2mhyper::proto::h1::conn[0m[2m:[0m incoming body is content-length (45 bytes)
[2m2025-12-10T10:11:06.962450Z[0m [34mDEBUG[0m [2mhyper::proto::h1::conn[0m[2m:[0m incoming body completed
[2m2025-12-10T10:11:06.962459Z[0m [34mDEBUG[0m [2mhyper::client::pool[0m[2m:[0m pooling idle connection for ("http", 192.168.0.14:8545)
[2m2025-12-10T10:11:06.996183Z[0m [34mDEBUG[0m [2methereum_transaction_pool_monitor::eth_client[0m[2m:[0m 📨 Received WebSocket message: {"jsonrpc":"2.0","method":"eth_subscription","params":{"subscription":"0xbed0a0851463e895960a451075a301a9","result":"0x1ad30d23505d86b8535d20288095e5dad274f29950336e71db7e7b3e3618e5db"}}
[2m2025-12-10T10:11:06.996202Z[0m [34mDEBUG[0m [2methereum_transaction_pool_monitor::eth_client[0m[2m:[0m 📨 Received pending transaction: 0x1ad30d23505d86b8535d20288095e5dad274f29950336e71db7e7b3e3618e5db
[2m2025-12-10T10:11:06.996211Z[0m [34mDEBUG[0m [2methereum_transaction_pool_monitor::mempool_monitor[0m[2m:[0m 📨 Processing new pending transaction: 0x1ad30d23505d86b8535d20288095e5dad274f29950336e71db7e7b3e3618e5db
[2m2025-12-10T10:11:06.996218Z[0m [34mDEBUG[0m [2methereum_transaction_pool_monitor::mempool_monitor[0m[2m:[0m 🔍 Fetching transaction details for: 0x1ad30d23505d86b8535d20288095e5dad274f29950336e71db7e7b3e3618e5db
[2m2025-12-10T10:11:06.996223Z[0m [34mDEBUG[0m [2methereum_transaction_pool_monitor::eth_client[0m[2m:[0m 🔍 Fetching transaction details for hash: 0x1ad30d23505d86b8535d20288095e5dad274f29950336e71db7e7b3e3618e5db
[2m2025-12-10T10:11:06.996240Z[0m [34mDEBUG[0m [2mhyper::client::pool[0m[2m:[0m reuse idle connection for ("http", 192.168.0.14:8545)
[2m2025-12-10T10:11:06.996263Z[0m [34mDEBUG[0m [2mhyper::proto::h1::io[0m[2m:[0m flushed 250 bytes
[2m2025-12-10T10:11:06.997532Z[0m [34mDEBUG[0m [2mhyper::client::pool[0m[2m:[0m reuse idle connection for ("http", 192.168.0.14:8545)
[2m2025-12-10T10:11:06.997549Z[0m [34mDEBUG[0m [2mhyper::proto::h1::io[0m[2m:[0m flushed 172 bytes
[2m2025-12-10T10:11:07.004263Z[0m [34mDEBUG[0m [2mhyper::proto::h1::io[0m[2m:[0m parsed 4 headers
[2m2025-12-10T10:11:07.004270Z[0m [34mDEBUG[0m [2mhyper::proto::h1::conn[0m[2m:[0m incoming body is content-length (45 bytes)
[2m2025-12-10T10:11:07.004278Z[0m [34mDEBUG[0m [2mhyper::proto::h1::conn[0m[2m:[0m incoming body completed
[2m2025-12-10T10:11:07.004286Z[0m [34mDEBUG[0m [2mhyper::client::pool[0m[2m:[0m pooling idle connection for ("http", 192.168.0.14:8545)
[2m2025-12-10T10:11:07.005379Z[0m [34mDEBUG[0m [2mhyper::proto::h1::io[0m[2m:[0m parsed 4 headers
[2m2025-12-10T10:11:07.005386Z[0m [34mDEBUG[0m [2mhyper::proto::h1::conn[0m[2m:[0m incoming body is content-length (830 bytes)
[2m2025-12-10T10:11:07.005393Z[0m [34mDEBUG[0m [2mhyper::proto::h1::conn[0m[2m:[0m incoming body completed
[2m2025-12-10T10:11:07.005400Z[0m [34mDEBUG[0m [2mhyper::client::pool[0m[2m:[0m pooling idle connection for ("http", 192.168.0.14:8545)
[2m2025-12-10T10:11:07.005409Z[0m [34mDEBUG[0m [2methereum_transaction_pool_monitor::eth_client[0m[2m:[0m 📡 Transaction fetch RPC completed in 9.181083ms
[2m2025-12-10T10:11:07.076524Z[0m [34mDEBUG[0m [2methereum_transaction_pool_monitor::eth_client[0m[2m:[0m ✅ Transaction 0x1ad30d23505d86b8535d20288095e5dad274f29950336e71db7e7b3e3618e5db fetched and parsed in 80.2935ms
[2m2025-12-10T10:11:07.076556Z[0m [34mDEBUG[0m [2methereum_transaction_pool_monitor::mempool_monitor[0m[2m:[0m 🔍 Skipping tx 0x1ad30d23505d86b8535d20288095e5dad274f29950336e71db7e7b3e3618e5db - not a DEX interaction (target: 0x3B4D794a66304F130a4Db8F2551B0070dfCf5ca7)
[2m2025-12-10T10:11:07.098868Z[0m [34mDEBUG[0m [2mhyper::client::pool[0m[2m:[0m reuse idle connection for ("http", 192.168.0.14:8545)
[2m2025-12-10T10:11:07.098926Z[0m [34mDEBUG[0m [2mhyper::proto::h1::io[0m[2m:[0m flushed 172 bytes
[2m2025-12-10T10:11:07.102517Z[0m [34mDEBUG[0m [2mhyper::proto::h1::io[0m[2m:[0m parsed 4 headers
[2m2025-12-10T10:11:07.102524Z[0m [34mDEBUG[0m [2mhyper::proto::h1::conn[0m[2m:[0m incoming body is content-length (45 bytes)
[2m2025-12-10T10:11:07.102536Z[0m [34mDEBUG[0m [2mhyper::proto::h1::conn[0m[2m:[0m incoming body completed
[2m2025-12-10T10:11:07.102548Z[0m [34mDEBUG[0m [2mhyper::client::pool[0m[2m:[0m pooling idle connection for ("http", 192.168.0.14:8545)
[2m2025-12-10T10:11:07.119137Z[0m [34mDEBUG[0m [2methereum_transaction_pool_monitor::eth_client[0m[2m:[0m 📨 Received WebSocket message: {"jsonrpc":"2.0","method":"eth_subscription","params":{"subscription":"0xbed0a0851463e895960a451075a301a9","result":"0x1bedb54eebbff3ce387af94269eb64459192a41e7c466226e4b55499007737e8"}}
[2m2025-12-10T10:11:07.119149Z[0m [34mDEBUG[0m [2methereum_transaction_pool_monitor::eth_client[0m[2m:[0m 📨 Received pending transaction: 0x1bedb54eebbff3ce387af94269eb64459192a41e7c466226e4b55499007737e8
[2m2025-12-10T10:11:07.119158Z[0m [34mDEBUG[0m [2methereum_transaction_pool_monitor::mempool_monitor[0m[2m:[0m 📨 Processing new pending transaction: 0x1bedb54eebbff3ce387af94269eb64459192a41e7c466226e4b55499007737e8
[2m2025-12-10T10:11:07.119162Z[0m [34mDEBUG[0m [2methereum_transaction_pool_monitor::mempool_monitor[0m[2m:[0m 🔍 Fetching transaction details for: 0x1bedb54eebbff3ce387af94269eb64459192a41e7c466226e4b55499007737e8
[2m2025-12-10T10:11:07.119167Z[0m [34mDEBUG[0m [2methereum_transaction_pool_monitor::eth_client[0m[2m:[0m 🔍 Fetching transaction details for hash: 0x1bedb54eebbff3ce387af94269eb64459192a41e7c466226e4b55499007737e8
[2m2025-12-10T10:11:07.119182Z[0m [34mDEBUG[0m [2mhyper::client::pool[0m[2m:[0m reuse idle connection for ("http", 192.168.0.14:8545)
[2m2025-12-10T10:11:07.119201Z[0m [34mDEBUG[0m [2mhyper::proto::h1::io[0m[2m:[0m flushed 250 bytes
[2m2025-12-10T10:11:07.131082Z[0m [34mDEBUG[0m [2mhyper::proto::h1::io[0m[2m:[0m parsed 4 headers
[2m2025-12-10T10:11:07.131092Z[0m [34mDEBUG[0m [2mhyper::proto::h1::conn[0m[2m:[0m incoming body is content-length (652 bytes)
[2m2025-12-10T10:11:07.131099Z[0m [34mDEBUG[0m [2mhyper::proto::h1::conn[0m[2m:[0m incoming body completed
[2m2025-12-10T10:11:07.131107Z[0m [34mDEBUG[0m [2mhyper::client::pool[0m[2m:[0m pooling idle connection for ("http", 192.168.0.14:8545)
[2m2025-12-10T10:11:07.131113Z[0m [34mDEBUG[0m [2methereum_transaction_pool_monitor::eth_client[0m[2m:[0m 📡 Transaction fetch RPC completed in 11.942167ms
[2m2025-12-10T10:11:07.207842Z[0m [34mDEBUG[0m [2methereum_transaction_pool_monitor::eth_client[0m[2m:[0m ✅ Transaction 0x1bedb54eebbff3ce387af94269eb64459192a41e7c466226e4b55499007737e8 fetched and parsed in 88.668917ms
[2m2025-12-10T10:11:07.207867Z[0m [34mDEBUG[0m [2methereum_transaction_pool_monitor::mempool_monitor[0m[2m:[0m 🔍 Skipping tx 0x1bedb54eebbff3ce387af94269eb64459192a41e7c466226e4b55499007737e8 - not a DEX interaction (target: 0xa2259eA8A8118CE2ff0Ce41FE5f85732fa571481)
[2m2025-12-10T10:11:07.207912Z[0m [34mDEBUG[0m [2mhyper::client::pool[0m[2m:[0m reuse idle connection for ("http", 192.168.0.14:8545)
[2m2025-12-10T10:11:07.207957Z[0m [34mDEBUG[0m [2mhyper::proto::h1::io[0m[2m:[0m flushed 172 bytes
[2m2025-12-10T10:11:07.214969Z[0m [34mDEBUG[0m [2mhyper::proto::h1::io[0m[2m:[0m parsed 4 headers
[2m2025-12-10T10:11:07.214978Z[0m [34mDEBUG[0m [2mhyper::proto::h1::conn[0m[2m:[0m incoming body is content-length (45 bytes)
[2m2025-12-10T10:11:07.214985Z[0m [34mDEBUG[0m [2mhyper::proto::h1::conn[0m[2m:[0m incoming body completed
[2m2025-12-10T10:11:07.214994Z[0m [34mDEBUG[0m [2mhyper::client::pool[0m[2m:[0m pooling idle connection for ("http", 192.168.0.14:8545)
[2m2025-12-10T10:11:07.252875Z[0m [34mDEBUG[0m [2methereum_transaction_pool_monitor::eth_client[0m[2m:[0m 📨 Received WebSocket message: {"jsonrpc":"2.0","method":"eth_subscription","params":{"subscription":"0xbed0a0851463e895960a451075a301a9","result":"0x6d103e9170e7ce49720f2b7c40de9a0276112e2dd88653ce478f07c39210de3f"}}
[2m2025-12-10T10:11:07.252899Z[0m [34mDEBUG[0m [2methereum_transaction_pool_monitor::eth_client[0m[2m:[0m 📨 Received pending transaction: 0x6d103e9170e7ce49720f2b7c40de9a0276112e2dd88653ce478f07c39210de3f
[2m2025-12-10T10:11:07.252907Z[0m [34mDEBUG[0m [2methereum_transaction_pool_monitor::mempool_monitor[0m[2m:[0m 📨 Processing new pending transaction: 0x6d103e9170e7ce49720f2b7c40de9a0276112e2dd88653ce478f07c39210de3f
[2m2025-12-10T10:11:07.252913Z[0m [34mDEBUG[0m [2methereum_transaction_pool_monitor::mempool_monitor[0m[2m:[0m 🔍 Fetching transaction details for: 0x6d103e9170e7ce49720f2b7c40de9a0276112e2dd88653ce478f07c39210de3f
[2m2025-12-10T10:11:07.252925Z[0m [34mDEBUG[0m [2methereum_transaction_pool_monitor::eth_client[0m[2m:[0m 🔍 Fetching transaction details for hash: 0x6d103e9170e7ce49720f2b7c40de9a0276112e2dd88653ce478f07c39210de3f
[2m2025-12-10T10:11:07.252943Z[0m [34mDEBUG[0m [2mhyper::client::pool[0m[2m:[0m reuse idle connection for ("http", 192.168.0.14:8545)
[2m2025-12-10T10:11:07.252972Z[0m [34mDEBUG[0m [2mhyper::proto::h1::io[0m[2m:[0m flushed 250 bytes
[2m2025-12-10T10:11:07.257410Z[0m [34mDEBUG[0m [2methereum_transaction_pool_monitor::eth_client[0m[2m:[0m 📨 Received WebSocket message: {"jsonrpc":"2.0","method":"eth_subscription","params":{"subscription":"0xbed0a0851463e895960a451075a301a9","result":"0x7f30c908d77be77c0aa2f770b8a194009ce28f2c2ef9760904be109a7a70c165"}}
[2m2025-12-10T10:11:07.257425Z[0m [34mDEBUG[0m [2methereum_transaction_pool_monitor::eth_client[0m[2m:[0m 📨 Received pending transaction: 0x7f30c908d77be77c0aa2f770b8a194009ce28f2c2ef9760904be109a7a70c165
[2m2025-12-10T10:11:07.260489Z[0m [34mDEBUG[0m [2methereum_transaction_pool_monitor::eth_client[0m[2m:[0m 📨 Received WebSocket message: {"jsonrpc":"2.0","method":"eth_subscription","params":{"subscription":"0xbed0a0851463e895960a451075a301a9","result":"0x3b0ead7c20bf8c22215e7e36ecca86b371fd7a9039d041e537d4c956d3b993ed"}}
[2m2025-12-10T10:11:07.260493Z[0m [34mDEBUG[0m [2mhyper::proto::h1::io[0m[2m:[0m parsed 4 headers
[2m2025-12-10T10:11:07.260497Z[0m [34mDEBUG[0m [2methereum_transaction_pool_monitor::eth_client[0m[2m:[0m 📨 Received pending transaction: 0x3b0ead7c20bf8c22215e7e36ecca86b371fd7a9039d041e537d4c956d3b993ed
[2m2025-12-10T10:11:07.260503Z[0m [34mDEBUG[0m [2mhyper::proto::h1::conn[0m[2m:[0m incoming body is content-length (830 bytes)
[2m2025-12-10T10:11:07.260513Z[0m [34mDEBUG[0m [2mhyper::proto::h1::conn[0m[2m:[0m incoming body completed
[2m2025-12-10T10:11:07.260522Z[0m [34mDEBUG[0m [2mhyper::client::pool[0m[2m:[0m pooling idle connection for ("http", 192.168.0.14:8545)
[2m2025-12-10T10:11:07.260529Z[0m [34mDEBUG[0m [2methereum_transaction_pool_monitor::eth_client[0m[2m:[0m 📡 Transaction fetch RPC completed in 7.597625ms
[2m2025-12-10T10:11:07.262810Z[0m [34mDEBUG[0m [2methereum_transaction_pool_monitor::eth_client[0m[2m:[0m 📨 Received WebSocket message: {"jsonrpc":"2.0","method":"eth_subscription","params":{"subscription":"0xbed0a0851463e895960a451075a301a9","result":"0xf464a9fc08bfca6918d847e8fcf9c0e5f7ca2b6c5593f7fc105c2823d3a06e6b"}}
[2m2025-12-10T10:11:07.262831Z[0m [34mDEBUG[0m [2methereum_transaction_pool_monitor::eth_client[0m[2m:[0m 📨 Received pending transaction: 0xf464a9fc08bfca6918d847e8fcf9c0e5f7ca2b6c5593f7fc105c2823d3a06e6b
[2m2025-12-10T10:11:07.297424Z[0m [34mDEBUG[0m [2mhyper::client::pool[0m[2m:[0m reuse idle connection for ("http", 192.168.0.14:8545)
[2m2025-12-10T10:11:07.297493Z[0m [34mDEBUG[0m [2mhyper::proto::h1::io[0m[2m:[0m flushed 172 bytes
[2m2025-12-10T10:11:07.301144Z[0m [34mDEBUG[0m [2mhyper::proto::h1::io[0m[2m:[0m parsed 4 headers
[2m2025-12-10T10:11:07.301162Z[0m [34mDEBUG[0m [2mhyper::proto::h1::conn[0m[2m:[0m incoming body is content-length (45 bytes)
[2m2025-12-10T10:11:07.301171Z[0m [34mDEBUG[0m [2mhyper::proto::h1::conn[0m[2m:[0m incoming body completed
[2m2025-12-10T10:11:07.301181Z[0m [34mDEBUG[0m [2mhyper::client::pool[0m[2m:[0m pooling idle connection for ("http", 192.168.0.14:8545)
[2m2025-12-10T10:11:07.331783Z[0m [34mDEBUG[0m [2methereum_transaction_pool_monitor::eth_client[0m[2m:[0m ✅ Transaction 0x6d103e9170e7ce49720f2b7c40de9a0276112e2dd88653ce478f07c39210de3f fetched and parsed in 78.849875ms
[2m2025-12-10T10:11:07.331809Z[0m [34mDEBUG[0m [2methereum_transaction_pool_monitor::mempool_monitor[0m[2m:[0m 🔍 Skipping tx 0x6d103e9170e7ce49720f2b7c40de9a0276112e2dd88653ce478f07c39210de3f - not a DEX interaction (target: 0x3B4D794a66304F130a4Db8F2551B0070dfCf5ca7)
[2m2025-12-10T10:11:07.331819Z[0m [34mDEBUG[0m [2methereum_transaction_pool_monitor::mempool_monitor[0m[2m:[0m 📨 Processing new pending transaction: 0x7f30c908d77be77c0aa2f770b8a194009ce28f2c2ef9760904be109a7a70c165
[2m2025-12-10T10:11:07.331826Z[0m [34mDEBUG[0m [2methereum_transaction_pool_monitor::mempool_monitor[0m[2m:[0m 🔍 Fetching transaction details for: 0x7f30c908d77be77c0aa2f770b8a194009ce28f2c2ef9760904be109a7a70c165
[2m2025-12-10T10:11:07.331833Z[0m [34mDEBUG[0m [2methereum_transaction_pool_monitor::eth_client[0m[2m:[0m 🔍 Fetching transaction details for hash: 0x7f30c908d77be77c0aa2f770b8a194009ce28f2c2ef9760904be109a7a70c165
[2m2025-12-10T10:11:07.331852Z[0m [34mDEBUG[0m [2mhyper::client::pool[0m[2m:[0m reuse idle connection for ("http", 192.168.0.14:8545)
[2m2025-12-10T10:11:07.331894Z[0m [34mDEBUG[0m [2mhyper::proto::h1::io[0m[2m:[0m flushed 250 bytes
[2m2025-12-10T10:11:07.341550Z[0m [34mDEBUG[0m [2mhyper::proto::h1::io[0m[2m:[0m parsed 4 headers
[2m2025-12-10T10:11:07.341561Z[0m [34mDEBUG[0m [2mhyper::proto::h1::conn[0m[2m:[0m incoming body is content-length (778 bytes)
[2m2025-12-10T10:11:07.341568Z[0m [34mDEBUG[0m [2mhyper::proto::h1::conn[0m[2m:[0m incoming body completed
[2m2025-12-10T10:11:07.341576Z[0m [34mDEBUG[0m [2mhyper::client::pool[0m[2m:[0m pooling idle connection for ("http", 192.168.0.14:8545)
[2m2025-12-10T10:11:07.341583Z[0m [34mDEBUG[0m [2methereum_transaction_pool_monitor::eth_client[0m[2m:[0m 📡 Transaction fetch RPC completed in 9.745292ms
[2m2025-12-10T10:11:07.341597Z[0m [34mDEBUG[0m [2methereum_transaction_pool_monitor::eth_client[0m[2m:[0m DeFi transaction detected - Address: 0xdac17f958d2ee523a2206206994597c13d831ec7, Type: Stablecoin, Value: 0 ETH, Gas: 127.50 Gwei
[2m2025-12-10T10:11:07.341609Z[0m [34mDEBUG[0m [2methereum_transaction_pool_monitor::eth_client[0m[2m:[0m ✅ Transaction 0x7f30c908d77be77c0aa2f770b8a194009ce28f2c2ef9760904be109a7a70c165 fetched and parsed in 9.771333ms
[2m2025-12-10T10:11:07.341615Z[0m [34mDEBUG[0m [2methereum_transaction_pool_monitor::mempool_monitor[0m[2m:[0m 🔍 Skipping tx 0x7f30c908d77be77c0aa2f770b8a194009ce28f2c2ef9760904be109a7a70c165 - not a DEX interaction (target: 0xdAC17F958D2ee523a2206206994597C13D831ec7)
[2m2025-12-10T10:11:07.341621Z[0m [34mDEBUG[0m [2methereum_transaction_pool_monitor::mempool_monitor[0m[2m:[0m 📨 Processing new pending transaction: 0x3b0ead7c20bf8c22215e7e36ecca86b371fd7a9039d041e537d4c956d3b993ed
[2m2025-12-10T10:11:07.341630Z[0m [34mDEBUG[0m [2methereum_transaction_pool_monitor::mempool_monitor[0m[2m:[0m 🔍 Fetching transaction details for: 0x3b0ead7c20bf8c22215e7e36ecca86b371fd7a9039d041e537d4c956d3b993ed
[2m2025-12-10T10:11:07.341634Z[0m [34mDEBUG[0m [2methereum_transaction_pool_monitor::eth_client[0m[2m:[0m 🔍 Fetching transaction details for hash: 0x3b0ead7c20bf8c22215e7e36ecca86b371fd7a9039d041e537d4c956d3b993ed
[2m2025-12-10T10:11:07.341726Z[0m [34mDEBUG[0m [2mhyper::client::pool[0m[2m:[0m reuse idle connection for ("http", 192.168.0.14:8545)
[2m2025-12-10T10:11:07.341750Z[0m [34mDEBUG[0m [2mhyper::proto::h1::io[0m[2m:[0m flushed 250 bytes
[2m2025-12-10T10:11:07.356385Z[0m [34mDEBUG[0m [2mhyper::proto::h1::io[0m[2m:[0m parsed 4 headers
[2m2025-12-10T10:11:07.356412Z[0m [34mDEBUG[0m [2mhyper::proto::h1::conn[0m[2m:[0m incoming body is content-length (774 bytes)
[2m2025-12-10T10:11:07.356443Z[0m [34mDEBUG[0m [2mhyper::proto::h1::conn[0m[2m:[0m incoming body completed
[2m2025-12-10T10:11:07.356466Z[0m [34mDEBUG[0m [2mhyper::client::pool[0m[2m:[0m pooling idle connection for ("http", 192.168.0.14:8545)
[2m2025-12-10T10:11:07.356473Z[0m [34mDEBUG[0m [2methereum_transaction_pool_monitor::eth_client[0m[2m:[0m 📡 Transaction fetch RPC completed in 14.756375ms
[2m2025-12-10T10:11:07.356488Z[0m [34mDEBUG[0m [2methereum_transaction_pool_monitor::eth_client[0m[2m:[0m DeFi transaction detected - Address: 0xc011a73ee8576fb46f5e1c5751ca3b9fe0af2a6f, Type: TokenContract, Value: 0 ETH, Gas: 0.70 Gwei
[2m2025-12-10T10:11:07.356501Z[0m [34mDEBUG[0m [2methereum_transaction_pool_monitor::eth_client[0m[2m:[0m ✅ Transaction 0x3b0ead7c20bf8c22215e7e36ecca86b371fd7a9039d041e537d4c956d3b993ed fetched and parsed in 14.78425ms
[2m2025-12-10T10:11:07.356509Z[0m [34mDEBUG[0m [2methereum_transaction_pool_monitor::mempool_monitor[0m[2m:[0m 🔍 Skipping tx 0x3b0ead7c20bf8c22215e7e36ecca86b371fd7a9039d041e537d4c956d3b993ed - not a DEX interaction (target: 0xC011a73ee8576Fb46F5E1c5751cA3B9Fe0af2a6F)
[2m2025-12-10T10:11:07.356519Z[0m [34mDEBUG[0m [2methereum_transaction_pool_monitor::mempool_monitor[0m[2m:[0m 📨 Processing new pending transaction: 0xf464a9fc08bfca6918d847e8fcf9c0e5f7ca2b6c5593f7fc105c2823d3a06e6b
[2m2025-12-10T10:11:07.356525Z[0m [34mDEBUG[0m [2methereum_transaction_pool_monitor::mempool_monitor[0m[2m:[0m 🔍 Fetching transaction details for: 0xf464a9fc08bfca6918d847e8fcf9c0e5f7ca2b6c5593f7fc105c2823d3a06e6b
[2m2025-12-10T10:11:07.356532Z[0m [34mDEBUG[0m [2methereum_transaction_pool_monitor::eth_client[0m[2m:[0m 🔍 Fetching transaction details for hash: 0xf464a9fc08bfca6918d847e8fcf9c0e5f7ca2b6c5593f7fc105c2823d3a06e6b
[2m2025-12-10T10:11:07.356549Z[0m [34mDEBUG[0m [2mhyper::client::pool[0m[2m:[0m reuse idle connection for ("http", 192.168.0.14:8545)
[2m2025-12-10T10:11:07.356574Z[0m [34mDEBUG[0m [2mhyper::proto::h1::io[0m[2m:[0m flushed 250 bytes
[2m2025-12-10T10:11:07.363946Z[0m [34mDEBUG[0m [2mhyper::proto::h1::io[0m[2m:[0m parsed 4 headers
[2m2025-12-10T10:11:07.363966Z[0m [34mDEBUG[0m [2mhyper::proto::h1::conn[0m[2m:[0m incoming body is content-length (778 bytes)
[2m2025-12-10T10:11:07.363986Z[0m [34mDEBUG[0m [2mhyper::proto::h1::conn[0m[2m:[0m incoming body completed
[2m2025-12-10T10:11:07.363991Z[0m [34mDEBUG[0m [2mhyper::client::pool[0m[2m:[0m pooling idle connection for ("http", 192.168.0.14:8545)
[2m2025-12-10T10:11:07.363997Z[0m [34mDEBUG[0m [2methereum_transaction_pool_monitor::eth_client[0m[2m:[0m 📡 Transaction fetch RPC completed in 7.45675ms
[2m2025-12-10T10:11:07.364006Z[0m [34mDEBUG[0m [2methereum_transaction_pool_monitor::eth_client[0m[2m:[0m DeFi transaction detected - Address: 0xdac17f958d2ee523a2206206994597c13d831ec7, Type: Stablecoin, Value: 0 ETH, Gas: 127.50 Gwei
[2m2025-12-10T10:11:07.364014Z[0m [34mDEBUG[0m [2methereum_transaction_pool_monitor::eth_client[0m[2m:[0m ✅ Transaction 0xf464a9fc08bfca6918d847e8fcf9c0e5f7ca2b6c5593f7fc105c2823d3a06e6b fetched and parsed in 7.474375ms
[2m2025-12-10T10:11:07.364030Z[0m [34mDEBUG[0m [2methereum_transaction_pool_monitor::mempool_monitor[0m[2m:[0m 🔍 Skipping tx 0xf464a9fc08bfca6918d847e8fcf9c0e5f7ca2b6c5593f7fc105c2823d3a06e6b - not a DEX interaction (target: 0xdAC17F958D2ee523a2206206994597C13D831ec7)
[2m2025-12-10T10:11:07.391828Z[0m [34mDEBUG[0m [2methereum_transaction_pool_monitor::eth_client[0m[2m:[0m 📨 Received WebSocket message: {"jsonrpc":"2.0","method":"eth_subscription","params":{"subscription":"0xbed0a0851463e895960a451075a301a9","result":"0x7a33bbd38b7afa22c6514166aac88cc2bbcff71cb740541cf779a59a39209012"}}
[2m2025-12-10T10:11:07.391854Z[0m [34mDEBUG[0m [2methereum_transaction_pool_monitor::eth_client[0m[2m:[0m 📨 Received pending transaction: 0x7a33bbd38b7afa22c6514166aac88cc2bbcff71cb740541cf779a59a39209012
[2m2025-12-10T10:11:07.391861Z[0m [34mDEBUG[0m [2methereum_transaction_pool_monitor::mempool_monitor[0m[2m:[0m 📨 Processing new pending transaction: 0x7a33bbd38b7afa22c6514166aac88cc2bbcff71cb740541cf779a59a39209012
[2m2025-12-10T10:11:07.391865Z[0m [34mDEBUG[0m [2methereum_transaction_pool_monitor::mempool_monitor[0m[2m:[0m 🔍 Fetching transaction details for: 0x7a33bbd38b7afa22c6514166aac88cc2bbcff71cb740541cf779a59a39209012
[2m2025-12-10T10:11:07.391869Z[0m [34mDEBUG[0m [2methereum_transaction_pool_monitor::eth_client[0m[2m:[0m 🔍 Fetching transaction details for hash: 0x7a33bbd38b7afa22c6514166aac88cc2bbcff71cb740541cf779a59a39209012
[2m2025-12-10T10:11:07.391889Z[0m [34mDEBUG[0m [2mhyper::client::pool[0m[2m:[0m reuse idle connection for ("http", 192.168.0.14:8545)
[2m2025-12-10T10:11:07.391903Z[0m [34mDEBUG[0m [2mhyper::proto::h1::io[0m[2m:[0m flushed 250 bytes
[2m2025-12-10T10:11:07.396585Z[0m [34mDEBUG[0m [2mhyper::proto::h1::io[0m[2m:[0m parsed 4 headers
[2m2025-12-10T10:11:07.396604Z[0m [34mDEBUG[0m [2mhyper::proto::h1::conn[0m[2m:[0m incoming body is content-length (838 bytes)
[2m2025-12-10T10:11:07.396634Z[0m [34mDEBUG[0m [2mhyper::proto::h1::conn[0m[2m:[0m incoming body completed
[2m2025-12-10T10:11:07.396644Z[0m [34mDEBUG[0m [2mhyper::client::pool[0m[2m:[0m pooling idle connection for ("http", 192.168.0.14:8545)
[2m2025-12-10T10:11:07.396651Z[0m [34mDEBUG[0m [2methereum_transaction_pool_monitor::eth_client[0m[2m:[0m 📡 Transaction fetch RPC completed in 4.767333ms
[2m2025-12-10T10:11:07.471110Z[0m [34mDEBUG[0m [2methereum_transaction_pool_monitor::eth_client[0m[2m:[0m ✅ Transaction 0x7a33bbd38b7afa22c6514166aac88cc2bbcff71cb740541cf779a59a39209012 fetched and parsed in 79.224333ms
[2m2025-12-10T10:11:07.471135Z[0m [34mDEBUG[0m [2methereum_transaction_pool_monitor::mempool_monitor[0m[2m:[0m 🔍 Skipping tx 0x7a33bbd38b7afa22c6514166aac88cc2bbcff71cb740541cf779a59a39209012 - not a DEX interaction (target: 0x76600115C5Cbe56d82bDe2Af8CAfb3801AEE5EFe)
[2m2025-12-10T10:11:07.471177Z[0m [34mDEBUG[0m [2methereum_transaction_pool_monitor::eth_client[0m[2m:[0m 📨 Received WebSocket message: {"jsonrpc":"2.0","method":"eth_subscription","params":{"subscription":"0xbed0a0851463e895960a451075a301a9","result":"0x9997e51d427924f1caf2b06b4944c53ad0c437acb2cd3d4aa51079522bc8ab6e"}}
[2m2025-12-10T10:11:07.471178Z[0m [34mDEBUG[0m [2mhyper::client::pool[0m[2m:[0m reuse idle connection for ("http", 192.168.0.14:8545)
[2m2025-12-10T10:11:07.471190Z[0m [34mDEBUG[0m [2methereum_transaction_pool_monitor::eth_client[0m[2m:[0m 📨 Received pending transaction: 0x9997e51d427924f1caf2b06b4944c53ad0c437acb2cd3d4aa51079522bc8ab6e
[2m2025-12-10T10:11:07.471209Z[0m [34mDEBUG[0m [2methereum_transaction_pool_monitor::eth_client[0m[2m:[0m 📨 Received WebSocket message: {"jsonrpc":"2.0","method":"eth_subscription","params":{"subscription":"0xbed0a0851463e895960a451075a301a9","result":"0x746947d8f11fd575e6b403d14b3b13fee3f541f999f81644ef92d93ae48e8469"}}
[2m2025-12-10T10:11:07.471217Z[0m [34mDEBUG[0m [2methereum_transaction_pool_monitor::eth_client[0m[2m:[0m 📨 Received pending transaction: 0x746947d8f11fd575e6b403d14b3b13fee3f541f999f81644ef92d93ae48e8469
[2m2025-12-10T10:11:07.471222Z[0m [34mDEBUG[0m [2mhyper::proto::h1::io[0m[2m:[0m flushed 172 bytes
[2m2025-12-10T10:11:07.471224Z[0m [34mDEBUG[0m [2methereum_transaction_pool_monitor::mempool_monitor[0m[2m:[0m 📨 Processing new pending transaction: 0x9997e51d427924f1caf2b06b4944c53ad0c437acb2cd3d4aa51079522bc8ab6e
[2m2025-12-10T10:11:07.471234Z[0m [34mDEBUG[0m [2methereum_transaction_pool_monitor::mempool_monitor[0m[2m:[0m 🔍 Fetching transaction details for: 0x9997e51d427924f1caf2b06b4944c53ad0c437acb2cd3d4aa51079522bc8ab6e
[2m2025-12-10T10:11:07.471237Z[0m [34mDEBUG[0m [2methereum_transaction_pool_monitor::eth_client[0m[2m:[0m 🔍 Fetching transaction details for hash: 0x9997e51d427924f1caf2b06b4944c53ad0c437acb2cd3d4aa51079522bc8ab6e
[2m2025-12-10T10:11:07.471245Z[0m [34mDEBUG[0m [2mhyper::client::pool[0m[2m:[0m reuse idle connection for ("http", 192.168.0.14:8545)
[2m2025-12-10T10:11:07.471260Z[0m [34mDEBUG[0m [2mhyper::proto::h1::io[0m[2m:[0m flushed 250 bytes
[2m2025-12-10T10:11:07.474279Z[0m [34mDEBUG[0m [2mhyper::proto::h1::io[0m[2m:[0m parsed 4 headers
[2m2025-12-10T10:11:07.474285Z[0m [34mDEBUG[0m [2mhyper::proto::h1::conn[0m[2m:[0m incoming body is content-length (45 bytes)
[2m2025-12-10T10:11:07.474294Z[0m [34mDEBUG[0m [2mhyper::proto::h1::conn[0m[2m:[0m incoming body completed
[2m2025-12-10T10:11:07.474301Z[0m [34mDEBUG[0m [2mhyper::client::pool[0m[2m:[0m pooling idle connection for ("http", 192.168.0.14:8545)
[2m2025-12-10T10:11:07.477114Z[0m [34mDEBUG[0m [2mhyper::proto::h1::io[0m[2m:[0m parsed 4 headers
[2m2025-12-10T10:11:07.477121Z[0m [34mDEBUG[0m [2mhyper::proto::h1::conn[0m[2m:[0m incoming body is content-length (553 bytes)
[2m2025-12-10T10:11:07.477126Z[0m [34mDEBUG[0m [2mhyper::proto::h1::conn[0m[2m:[0m incoming body completed
[2m2025-12-10T10:11:07.477132Z[0m [34mDEBUG[0m [2mhyper::client::pool[0m[2m:[0m pooling idle connection for ("http", 192.168.0.14:8545)
[2m2025-12-10T10:11:07.477137Z[0m [34mDEBUG[0m [2methereum_transaction_pool_monitor::eth_client[0m[2m:[0m 📡 Transaction fetch RPC completed in 5.895625ms
[2m2025-12-10T10:11:07.546904Z[0m [34mDEBUG[0m [2methereum_transaction_pool_monitor::eth_client[0m[2m:[0m ✅ Transaction 0x9997e51d427924f1caf2b06b4944c53ad0c437acb2cd3d4aa51079522bc8ab6e fetched and parsed in 75.66075ms
[2m2025-12-10T10:11:07.546929Z[0m [34mDEBUG[0m [2methereum_transaction_pool_monitor::mempool_monitor[0m[2m:[0m 🔍 Skipping tx 0x9997e51d427924f1caf2b06b4944c53ad0c437acb2cd3d4aa51079522bc8ab6e - not a DEX interaction (target: 0x9daE24360aDA7eaf691B9E0e18d6DFE66fa08e06)
[2m2025-12-10T10:11:07.546939Z[0m [34mDEBUG[0m [2methereum_transaction_pool_monitor::mempool_monitor[0m[2m:[0m 📨 Processing new pending transaction: 0x746947d8f11fd575e6b403d14b3b13fee3f541f999f81644ef92d93ae48e8469
[2m2025-12-10T10:11:07.546946Z[0m [34mDEBUG[0m [2methereum_transaction_pool_monitor::mempool_monitor[0m[2m:[0m 🔍 Fetching transaction details for: 0x746947d8f11fd575e6b403d14b3b13fee3f541f999f81644ef92d93ae48e8469
[2m2025-12-10T10:11:07.546951Z[0m [34mDEBUG[0m [2methereum_transaction_pool_monitor::eth_client[0m[2m:[0m 🔍 Fetching transaction details for hash: 0x746947d8f11fd575e6b403d14b3b13fee3f541f999f81644ef92d93ae48e8469
[2m2025-12-10T10:11:07.546971Z[0m [34mDEBUG[0m [2mhyper::client::pool[0m[2m:[0m reuse idle connection for ("http", 192.168.0.14:8545)
[2m2025-12-10T10:11:07.547012Z[0m [34mDEBUG[0m [2mhyper::proto::h1::io[0m[2m:[0m flushed 250 bytes
[2m2025-12-10T10:11:07.547032Z[0m [34mDEBUG[0m [2mhyper::client::pool[0m[2m:[0m reuse idle connection for ("http", 192.168.0.14:8545)
[2m2025-12-10T10:11:07.547046Z[0m [34mDEBUG[0m [2mhyper::proto::h1::io[0m[2m:[0m flushed 172 bytes
[2m2025-12-10T10:11:07.547061Z[0m [34mDEBUG[0m [2methereum_transaction_pool_monitor::eth_client[0m[2m:[0m 📨 Received WebSocket message: {"jsonrpc":"2.0","method":"eth_subscription","params":{"subscription":"0xbed0a0851463e895960a451075a301a9","result":"0x4d9bfb58fd4826977b532529fafc1a93b216008e77369ce092f1b7e84a1838b8"}}
[2m2025-12-10T10:11:07.547069Z[0m [34mDEBUG[0m [2methereum_transaction_pool_monitor::eth_client[0m[2m:[0m 📨 Received pending transaction: 0x4d9bfb58fd4826977b532529fafc1a93b216008e77369ce092f1b7e84a1838b8
[2m2025-12-10T10:11:07.551492Z[0m [34mDEBUG[0m [2mhyper::proto::h1::io[0m[2m:[0m parsed 4 headers
[2m2025-12-10T10:11:07.551498Z[0m [34mDEBUG[0m [2mhyper::proto::h1::conn[0m[2m:[0m incoming body is content-length (45 bytes)
[2m2025-12-10T10:11:07.551507Z[0m [34mDEBUG[0m [2mhyper::proto::h1::conn[0m[2m:[0m incoming body completed
[2m2025-12-10T10:11:07.551518Z[0m [34mDEBUG[0m [2mhyper::client::pool[0m[2m:[0m pooling idle connection for ("http", 192.168.0.14:8545)
[2m2025-12-10T10:11:07.551540Z[0m [34mDEBUG[0m [2mhyper::proto::h1::io[0m[2m:[0m parsed 4 headers
[2m2025-12-10T10:11:07.551545Z[0m [34mDEBUG[0m [2mhyper::proto::h1::conn[0m[2m:[0m incoming body is content-length (551 bytes)
[2m2025-12-10T10:11:07.551578Z[0m [34mDEBUG[0m [2mhyper::proto::h1::conn[0m[2m:[0m incoming body completed
[2m2025-12-10T10:11:07.551585Z[0m [34mDEBUG[0m [2mhyper::client::pool[0m[2m:[0m pooling idle connection for ("http", 192.168.0.14:8545)
[2m2025-12-10T10:11:07.551591Z[0m [34mDEBUG[0m [2methereum_transaction_pool_monitor::eth_client[0m[2m:[0m 📡 Transaction fetch RPC completed in 4.633584ms
[2m2025-12-10T10:11:07.623086Z[0m [34mDEBUG[0m [2methereum_transaction_pool_monitor::eth_client[0m[2m:[0m ✅ Transaction 0x746947d8f11fd575e6b403d14b3b13fee3f541f999f81644ef92d93ae48e8469 fetched and parsed in 76.126834ms
[2m2025-12-10T10:11:07.623113Z[0m [34mDEBUG[0m [2methereum_transaction_pool_monitor::mempool_monitor[0m[2m:[0m 🔍 Skipping tx 0x746947d8f11fd575e6b403d14b3b13fee3f541f999f81644ef92d93ae48e8469 - not a DEX interaction (target: 0x08eeb0e3098D03b31c94DEf39DA37d1f018028f6)
[2m2025-12-10T10:11:07.623123Z[0m [34mDEBUG[0m [2methereum_transaction_pool_monitor::mempool_monitor[0m[2m:[0m 📨 Processing new pending transaction: 0x4d9bfb58fd4826977b532529fafc1a93b216008e77369ce092f1b7e84a1838b8
[2m2025-12-10T10:11:07.623129Z[0m [34mDEBUG[0m [2methereum_transaction_pool_monitor::mempool_monitor[0m[2m:[0m 🔍 Fetching transaction details for: 0x4d9bfb58fd4826977b532529fafc1a93b216008e77369ce092f1b7e84a1838b8
[2m2025-12-10T10:11:07.623134Z[0m [34mDEBUG[0m [2methereum_transaction_pool_monitor::eth_client[0m[2m:[0m 🔍 Fetching transaction details for hash: 0x4d9bfb58fd4826977b532529fafc1a93b216008e77369ce092f1b7e84a1838b8
[2m2025-12-10T10:11:07.623152Z[0m [34mDEBUG[0m [2mhyper::client::pool[0m[2m:[0m reuse idle connection for ("http", 192.168.0.14:8545)
[2m2025-12-10T10:11:07.623193Z[0m [34mDEBUG[0m [2mhyper::proto::h1::io[0m[2m:[0m flushed 250 bytes
[2m2025-12-10T10:11:07.623228Z[0m [34mDEBUG[0m [2mhyper::client::pool[0m[2m:[0m reuse idle connection for ("http", 192.168.0.14:8545)
[2m2025-12-10T10:11:07.623248Z[0m [34mDEBUG[0m [2mhyper::proto::h1::io[0m[2m:[0m flushed 172 bytes
[2m2025-12-10T10:11:07.626693Z[0m [34mDEBUG[0m [2mhyper::proto::h1::io[0m[2m:[0m parsed 4 headers
[2m2025-12-10T10:11:07.626731Z[0m [34mDEBUG[0m [2mhyper::proto::h1::conn[0m[2m:[0m incoming body is content-length (45 bytes)
[2m2025-12-10T10:11:07.626740Z[0m [34mDEBUG[0m [2mhyper::proto::h1::conn[0m[2m:[0m incoming body completed
[2m2025-12-10T10:11:07.626748Z[0m [34mDEBUG[0m [2mhyper::client::pool[0m[2m:[0m pooling idle connection for ("http", 192.168.0.14:8545)
[2m2025-12-10T10:11:07.632316Z[0m [34mDEBUG[0m [2mhyper::proto::h1::io[0m[2m:[0m parsed 4 headers
[2m2025-12-10T10:11:07.632322Z[0m [34mDEBUG[0m [2mhyper::proto::h1::conn[0m[2m:[0m incoming body is content-length (830 bytes)
[2m2025-12-10T10:11:07.632327Z[0m [34mDEBUG[0m [2mhyper::proto::h1::conn[0m[2m:[0m incoming body completed
[2m2025-12-10T10:11:07.632332Z[0m [34mDEBUG[0m [2mhyper::client::pool[0m[2m:[0m pooling idle connection for ("http", 192.168.0.14:8545)
[2m2025-12-10T10:11:07.632336Z[0m [34mDEBUG[0m [2methereum_transaction_pool_monitor::eth_client[0m[2m:[0m 📡 Transaction fetch RPC completed in 9.198583ms
[2m2025-12-10T10:11:07.702932Z[0m [34mDEBUG[0m [2methereum_transaction_pool_monitor::eth_client[0m[2m:[0m ✅ Transaction 0x4d9bfb58fd4826977b532529fafc1a93b216008e77369ce092f1b7e84a1838b8 fetched and parsed in 79.79125ms
[2m2025-12-10T10:11:07.702962Z[0m [34mDEBUG[0m [2methereum_transaction_pool_monitor::mempool_monitor[0m[2m:[0m 🔍 Skipping tx 0x4d9bfb58fd4826977b532529fafc1a93b216008e77369ce092f1b7e84a1838b8 - not a DEX interaction (target: 0x3B4D794a66304F130a4Db8F2551B0070dfCf5ca7)
[2m2025-12-10T10:11:07.703006Z[0m [34mDEBUG[0m [2mhyper::client::pool[0m[2m:[0m reuse idle connection for ("http", 192.168.0.14:8545)
[2m2025-12-10T10:11:07.703039Z[0m [34mDEBUG[0m [2mhyper::proto::h1::io[0m[2m:[0m flushed 172 bytes
[2m2025-12-10T10:11:07.717059Z[0m [34mDEBUG[0m [2methereum_transaction_pool_monitor::eth_client[0m[2m:[0m 📨 Received WebSocket message: {"jsonrpc":"2.0","method":"eth_subscription","params":{"subscription":"0xbed0a0851463e895960a451075a301a9","result":"0x06191eaf285234355c4c987d91cc6e93df7fcd20d76be05ebc7ddd2ce8da930c"}}
[2m2025-12-10T10:11:07.717073Z[0m [34mDEBUG[0m [2methereum_transaction_pool_monitor::eth_client[0m[2m:[0m 📨 Received pending transaction: 0x06191eaf285234355c4c987d91cc6e93df7fcd20d76be05ebc7ddd2ce8da930c
[2m2025-12-10T10:11:07.717062Z[0m [34mDEBUG[0m [2mhyper::proto::h1::io[0m[2m:[0m parsed 4 headers
[2m2025-12-10T10:11:07.717081Z[0m [34mDEBUG[0m [2methereum_transaction_pool_monitor::mempool_monitor[0m[2m:[0m 📨 Processing new pending transaction: 0x06191eaf285234355c4c987d91cc6e93df7fcd20d76be05ebc7ddd2ce8da930c
[2m2025-12-10T10:11:07.717083Z[0m [34mDEBUG[0m [2mhyper::proto::h1::conn[0m[2m:[0m incoming body is content-length (45 bytes)
[2m2025-12-10T10:11:07.717086Z[0m [34mDEBUG[0m [2methereum_transaction_pool_monitor::mempool_monitor[0m[2m:[0m 🔍 Fetching transaction details for: 0x06191eaf285234355c4c987d91cc6e93df7fcd20d76be05ebc7ddd2ce8da930c
[2m2025-12-10T10:11:07.717092Z[0m [34mDEBUG[0m [2methereum_transaction_pool_monitor::eth_client[0m[2m:[0m 🔍 Fetching transaction details for hash: 0x06191eaf285234355c4c987d91cc6e93df7fcd20d76be05ebc7ddd2ce8da930c
[2m2025-12-10T10:11:07.717093Z[0m [34mDEBUG[0m [2mhyper::proto::h1::conn[0m[2m:[0m incoming body completed
[2m2025-12-10T10:11:07.717103Z[0m [34mDEBUG[0m [2mhyper::client::pool[0m[2m:[0m reuse idle connection for ("http", 192.168.0.14:8545)
[2m2025-12-10T10:11:07.717104Z[0m [34mDEBUG[0m [2mhyper::client::pool[0m[2m:[0m pooling idle connection for ("http", 192.168.0.14:8545)
[2m2025-12-10T10:11:07.717118Z[0m [34mDEBUG[0m [2mhyper::proto::h1::io[0m[2m:[0m flushed 250 bytes
[2m2025-12-10T10:11:07.724305Z[0m [34mDEBUG[0m [2mhyper::proto::h1::io[0m[2m:[0m parsed 4 headers
[2m2025-12-10T10:11:07.724311Z[0m [34mDEBUG[0m [2mhyper::proto::h1::conn[0m[2m:[0m incoming body is content-length (1731 bytes)
[2m2025-12-10T10:11:07.724316Z[0m [34mDEBUG[0m [2mhyper::proto::h1::conn[0m[2m:[0m incoming body completed
[2m2025-12-10T10:11:07.724322Z[0m [34mDEBUG[0m [2mhyper::client::pool[0m[2m:[0m pooling idle connection for ("http", 192.168.0.14:8545)
[2m2025-12-10T10:11:07.724326Z[0m [34mDEBUG[0m [2methereum_transaction_pool_monitor::eth_client[0m[2m:[0m 📡 Transaction fetch RPC completed in 7.230625ms
[2m2025-12-10T10:11:07.796176Z[0m [34mDEBUG[0m [2methereum_transaction_pool_monitor::eth_client[0m[2m:[0m ✅ Transaction 0x06191eaf285234355c4c987d91cc6e93df7fcd20d76be05ebc7ddd2ce8da930c fetched and parsed in 79.077209ms
[2m2025-12-10T10:11:07.796195Z[0m [34mDEBUG[0m [2methereum_transaction_pool_monitor::mempool_monitor[0m[2m:[0m 🔍 Skipping tx 0x06191eaf285234355c4c987d91cc6e93df7fcd20d76be05ebc7ddd2ce8da930c - not a DEX interaction (target: 0x601a2aD6CB5949f0529735254189Ba3194221EDF)
[2m2025-12-10T10:11:07.796229Z[0m [34mDEBUG[0m [2methereum_transaction_pool_monitor::eth_client[0m[2m:[0m 📨 Received WebSocket message: {"jsonrpc":"2.0","method":"eth_subscription","params":{"subscription":"0xbed0a0851463e895960a451075a301a9","result":"0x90fab676a7235f11f6235bdd876864c972b86199afe0b1751bced217d4420601"}}
[2m2025-12-10T10:11:07.796237Z[0m [34mDEBUG[0m [2methereum_transaction_pool_monitor::eth_client[0m[2m:[0m 📨 Received pending transaction: 0x90fab676a7235f11f6235bdd876864c972b86199afe0b1751bced217d4420601
[2m2025-12-10T10:11:07.796242Z[0m [34mDEBUG[0m [2methereum_transaction_pool_monitor::eth_client[0m[2m:[0m 📨 Received WebSocket message: {"jsonrpc":"2.0","method":"eth_subscription","params":{"subscription":"0xbed0a0851463e895960a451075a301a9","result":"0x33d746fcf072906747ef358df95d583f0d2239143b11bb70f5a5f3da00fcc094"}}
[2m2025-12-10T10:11:07.796247Z[0m [34mDEBUG[0m [2methereum_transaction_pool_monitor::eth_client[0m[2m:[0m 📨 Received pending transaction: 0x33d746fcf072906747ef358df95d583f0d2239143b11bb70f5a5f3da00fcc094
[2m2025-12-10T10:11:07.796251Z[0m [34mDEBUG[0m [2methereum_transaction_pool_monitor::mempool_monitor[0m[2m:[0m 📨 Processing new pending transaction: 0x90fab676a7235f11f6235bdd876864c972b86199afe0b1751bced217d4420601
[2m2025-12-10T10:11:07.796255Z[0m [34mDEBUG[0m [2methereum_transaction_pool_monitor::mempool_monitor[0m[2m:[0m 🔍 Fetching transaction details for: 0x90fab676a7235f11f6235bdd876864c972b86199afe0b1751bced217d4420601
[2m2025-12-10T10:11:07.796259Z[0m [34mDEBUG[0m [2methereum_transaction_pool_monitor::eth_client[0m[2m:[0m 🔍 Fetching transaction details for hash: 0x90fab676a7235f11f6235bdd876864c972b86199afe0b1751bced217d4420601
[2m2025-12-10T10:11:07.796275Z[0m [34mDEBUG[0m [2mhyper::client::pool[0m[2m:[0m reuse idle connection for ("http", 192.168.0.14:8545)
[2m2025-12-10T10:11:07.796295Z[0m [34mDEBUG[0m [2mhyper::proto::h1::io[0m[2m:[0m flushed 250 bytes
[2m2025-12-10T10:11:07.797584Z[0m [34mDEBUG[0m [2mhyper::client::pool[0m[2m:[0m reuse idle connection for ("http", 192.168.0.14:8545)
[2m2025-12-10T10:11:07.797650Z[0m [34mDEBUG[0m [2mhyper::proto::h1::io[0m[2m:[0m flushed 172 bytes
[2m2025-12-10T10:11:07.804431Z[0m [34mDEBUG[0m [2methereum_transaction_pool_monitor::eth_client[0m[2m:[0m 📨 Received WebSocket message: {"jsonrpc":"2.0","method":"eth_subscription","params":{"subscription":"0xbed0a0851463e895960a451075a301a9","result":"0x6027095c8c2ca7ef51bd955dc8f22e8fa8b9934ff7a7a5b0a6190a98930a97df"}}
[2m2025-12-10T10:11:07.804441Z[0m [34mDEBUG[0m [2methereum_transaction_pool_monitor::eth_client[0m[2m:[0m 📨 Received pending transaction: 0x6027095c8c2ca7ef51bd955dc8f22e8fa8b9934ff7a7a5b0a6190a98930a97df
[2m2025-12-10T10:11:07.804908Z[0m [34mDEBUG[0m [2mhyper::proto::h1::io[0m[2m:[0m parsed 4 headers
[2m2025-12-10T10:11:07.804914Z[0m [34mDEBUG[0m [2mhyper::proto::h1::conn[0m[2m:[0m incoming body is content-length (674 bytes)
[2m2025-12-10T10:11:07.804919Z[0m [34mDEBUG[0m [2mhyper::proto::h1::conn[0m[2m:[0m incoming body completed
[2m2025-12-10T10:11:07.804925Z[0m [34mDEBUG[0m [2mhyper::client::pool[0m[2m:[0m pooling idle connection for ("http", 192.168.0.14:8545)
[2m2025-12-10T10:11:07.804930Z[0m [34mDEBUG[0m [2methereum_transaction_pool_monitor::eth_client[0m[2m:[0m 📡 Transaction fetch RPC completed in 8.668583ms
[2m2025-12-10T10:11:07.875724Z[0m [34mDEBUG[0m [2methereum_transaction_pool_monitor::eth_client[0m[2m:[0m ✅ Transaction 0x90fab676a7235f11f6235bdd876864c972b86199afe0b1751bced217d4420601 fetched and parsed in 79.460042ms
[2m2025-12-10T10:11:07.875755Z[0m [34mDEBUG[0m [2methereum_transaction_pool_monitor::mempool_monitor[0m[2m:[0m 🔍 Skipping tx 0x90fab676a7235f11f6235bdd876864c972b86199afe0b1751bced217d4420601 - not a DEX interaction (target: 0xA0b86991c6218b36c1d19D4a2e9Eb0cE3606eB48)
[2m2025-12-10T10:11:07.875764Z[0m [34mDEBUG[0m [2methereum_transaction_pool_monitor::mempool_monitor[0m[2m:[0m 📨 Processing new pending transaction: 0x33d746fcf072906747ef358df95d583f0d2239143b11bb70f5a5f3da00fcc094
[2m2025-12-10T10:11:07.875771Z[0m [34mDEBUG[0m [2methereum_transaction_pool_monitor::mempool_monitor[0m[2m:[0m 🔍 Fetching transaction details for: 0x33d746fcf072906747ef358df95d583f0d2239143b11bb70f5a5f3da00fcc094
[2m2025-12-10T10:11:07.875776Z[0m [34mDEBUG[0m [2methereum_transaction_pool_monitor::eth_client[0m[2m:[0m 🔍 Fetching transaction details for hash: 0x33d746fcf072906747ef358df95d583f0d2239143b11bb70f5a5f3da00fcc094
[2m2025-12-10T10:11:07.875794Z[0m [34mDEBUG[0m [2mhyper::client::pool[0m[2m:[0m reuse idle connection for ("http", 192.168.0.14:8545)
[2m2025-12-10T10:11:07.875832Z[0m [34mDEBUG[0m [2mhyper::proto::h1::io[0m[2m:[0m flushed 250 bytes
[2m2025-12-10T10:11:07.875855Z[0m [34mDEBUG[0m [2methereum_transaction_pool_monitor::eth_client[0m[2m:[0m 📨 Received WebSocket message: {"jsonrpc":"2.0","method":"eth_subscription","params":{"subscription":"0xbed0a0851463e895960a451075a301a9","result":"0xc618da1fe0a25c9f2b3098b6f9587139d687025f4da5c2885001574c08be394b"}}
[2m2025-12-10T10:11:07.875857Z[0m [34mDEBUG[0m [2mhyper::proto::h1::io[0m[2m:[0m parsed 4 headers
[2m2025-12-10T10:11:07.875865Z[0m [34mDEBUG[0m [2methereum_transaction_pool_monitor::eth_client[0m[2m:[0m 📨 Received pending transaction: 0xc618da1fe0a25c9f2b3098b6f9587139d687025f4da5c2885001574c08be394b
[2m2025-12-10T10:11:07.875866Z[0m [34mDEBUG[0m [2mhyper::proto::h1::conn[0m[2m:[0m incoming body is content-length (45 bytes)
[2m2025-12-10T10:11:07.875873Z[0m [34mDEBUG[0m [2methereum_transaction_pool_monitor::eth_client[0m[2m:[0m 📨 Received WebSocket message: {"jsonrpc":"2.0","method":"eth_subscription","params":{"subscription":"0xbed0a0851463e895960a451075a301a9","result":"0xa6b4105117fad7cacab5a8a7e08499aa231b51a8e51dacc47162b5f59f684517"}}
[2m2025-12-10T10:11:07.875878Z[0m [34mDEBUG[0m [2mhyper::proto::h1::conn[0m[2m:[0m incoming body completed
[2m2025-12-10T10:11:07.875880Z[0m [34mDEBUG[0m [2methereum_transaction_pool_monitor::eth_client[0m[2m:[0m 📨 Received pending transaction: 0xa6b4105117fad7cacab5a8a7e08499aa231b51a8e51dacc47162b5f59f684517
[2m2025-12-10T10:11:07.875888Z[0m [34mDEBUG[0m [2mhyper::client::pool[0m[2m:[0m pooling idle connection for ("http", 192.168.0.14:8545)
[2m2025-12-10T10:11:07.877124Z[0m [34mDEBUG[0m [2methereum_transaction_pool_monitor::eth_client[0m[2m:[0m 📨 Received WebSocket message: {"jsonrpc":"2.0","method":"eth_subscription","params":{"subscription":"0xbed0a0851463e895960a451075a301a9","result":"0x94baffcfe39072b2000961a1ab2fe2a0099a6f60dc11a7300f2e52d3af2019eb"}}
[2m2025-12-10T10:11:07.877150Z[0m [34mDEBUG[0m [2methereum_transaction_pool_monitor::eth_client[0m[2m:[0m 📨 Received pending transaction: 0x94baffcfe39072b2000961a1ab2fe2a0099a6f60dc11a7300f2e52d3af2019eb
[2m2025-12-10T10:11:07.880044Z[0m [34mDEBUG[0m [2mhyper::proto::h1::io[0m[2m:[0m parsed 4 headers
[2m2025-12-10T10:11:07.880070Z[0m [34mDEBUG[0m [2mhyper::proto::h1::conn[0m[2m:[0m incoming body is content-length (554 bytes)
[2m2025-12-10T10:11:07.880075Z[0m [34mDEBUG[0m [2mhyper::proto::h1::conn[0m[2m:[0m incoming body completed
[2m2025-12-10T10:11:07.880084Z[0m [34mDEBUG[0m [2mhyper::client::pool[0m[2m:[0m pooling idle connection for ("http", 192.168.0.14:8545)
[2m2025-12-10T10:11:07.880101Z[0m [34mDEBUG[0m [2methereum_transaction_pool_monitor::eth_client[0m[2m:[0m 📡 Transaction fetch RPC completed in 4.321292ms
[2m2025-12-10T10:11:07.951552Z[0m [34mDEBUG[0m [2methereum_transaction_pool_monitor::eth_client[0m[2m:[0m ✅ Transaction 0x33d746fcf072906747ef358df95d583f0d2239143b11bb70f5a5f3da00fcc094 fetched and parsed in 75.768917ms
[2m2025-12-10T10:11:07.951580Z[0m [34mDEBUG[0m [2methereum_transaction_pool_monitor::mempool_monitor[0m[2m:[0m 🔍 Skipping tx 0x33d746fcf072906747ef358df95d583f0d2239143b11bb70f5a5f3da00fcc094 - not a DEX interaction (target: 0x6d39ca696F97822Cc8d383d984937E55417B9e8C)
[2m2025-12-10T10:11:07.951592Z[0m [34mDEBUG[0m [2methereum_transaction_pool_monitor::mempool_monitor[0m[2m:[0m 📨 Processing new pending transaction: 0x6027095c8c2ca7ef51bd955dc8f22e8fa8b9934ff7a7a5b0a6190a98930a97df
[2m2025-12-10T10:11:07.951601Z[0m [34mDEBUG[0m [2methereum_transaction_pool_monitor::mempool_monitor[0m[2m:[0m 🔍 Fetching transaction details for: 0x6027095c8c2ca7ef51bd955dc8f22e8fa8b9934ff7a7a5b0a6190a98930a97df
[2m2025-12-10T10:11:07.951607Z[0m [34mDEBUG[0m [2methereum_transaction_pool_monitor::eth_client[0m[2m:[0m 🔍 Fetching transaction details for hash: 0x6027095c8c2ca7ef51bd955dc8f22e8fa8b9934ff7a7a5b0a6190a98930a97df
[2m2025-12-10T10:11:07.951629Z[0m [34mDEBUG[0m [2mhyper::client::pool[0m[2m:[0m reuse idle connection for ("http", 192.168.0.14:8545)
[2m2025-12-10T10:11:07.951663Z[0m [34mDEBUG[0m [2mhyper::proto::h1::io[0m[2m:[0m flushed 250 bytes
[2m2025-12-10T10:11:07.951682Z[0m [34mDEBUG[0m [2mhyper::client::pool[0m[2m:[0m reuse idle connection for ("http", 192.168.0.14:8545)
[2m2025-12-10T10:11:07.951694Z[0m [34mDEBUG[0m [2methereum_transaction_pool_monitor::eth_client[0m[2m:[0m 📨 Received WebSocket message: {"jsonrpc":"2.0","method":"eth_subscription","params":{"subscription":"0xbed0a0851463e895960a451075a301a9","result":"0xb05ba4ba0ec8b57c1600261075f51ffbb39b9d5e3008c1dea4ed76b135d924dd"}}
[2m2025-12-10T10:11:07.951705Z[0m [34mDEBUG[0m [2methereum_transaction_pool_monitor::eth_client[0m[2m:[0m 📨 Received pending transaction: 0xb05ba4ba0ec8b57c1600261075f51ffbb39b9d5e3008c1dea4ed76b135d924dd
[2m2025-12-10T10:11:07.951696Z[0m [34mDEBUG[0m [2mhyper::proto::h1::io[0m[2m:[0m flushed 172 bytes
[2m2025-12-10T10:11:07.956609Z[0m [34mDEBUG[0m [2mhyper::proto::h1::io[0m[2m:[0m parsed 4 headers
[2m2025-12-10T10:11:07.956618Z[0m [34mDEBUG[0m [2mhyper::proto::h1::conn[0m[2m:[0m incoming body is content-length (676 bytes)
[2m2025-12-10T10:11:07.956634Z[0m [34mDEBUG[0m [2mhyper::proto::h1::conn[0m[2m:[0m incoming body completed
[2m2025-12-10T10:11:07.956652Z[0m [34mDEBUG[0m [2mhyper::client::pool[0m[2m:[0m pooling idle connection for ("http", 192.168.0.14:8545)
[2m2025-12-10T10:11:07.956677Z[0m [34mDEBUG[0m [2methereum_transaction_pool_monitor::eth_client[0m[2m:[0m 📡 Transaction fetch RPC completed in 5.063583ms
[2m2025-12-10T10:11:08.027593Z[0m [34mDEBUG[0m [2methereum_transaction_pool_monitor::eth_client[0m[2m:[0m ✅ Transaction 0x6027095c8c2ca7ef51bd955dc8f22e8fa8b9934ff7a7a5b0a6190a98930a97df fetched and parsed in 75.977292ms
[2m2025-12-10T10:11:08.027620Z[0m [34mDEBUG[0m [2methereum_transaction_pool_monitor::mempool_monitor[0m[2m:[0m 🔍 Skipping tx 0x6027095c8c2ca7ef51bd955dc8f22e8fa8b9934ff7a7a5b0a6190a98930a97df - not a DEX interaction (target: 0xA0b86991c6218b36c1d19D4a2e9Eb0cE3606eB48)
[2m2025-12-10T10:11:08.027630Z[0m [34mDEBUG[0m [2methereum_transaction_pool_monitor::mempool_monitor[0m[2m:[0m 📨 Processing new pending transaction: 0xc618da1fe0a25c9f2b3098b6f9587139d687025f4da5c2885001574c08be394b
[2m2025-12-10T10:11:08.027636Z[0m [34mDEBUG[0m [2methereum_transaction_pool_monitor::mempool_monitor[0m[2m:[0m 🔍 Fetching transaction details for: 0xc618da1fe0a25c9f2b3098b6f9587139d687025f4da5c2885001574c08be394b
[2m2025-12-10T10:11:08.027640Z[0m [34mDEBUG[0m [2methereum_transaction_pool_monitor::eth_client[0m[2m:[0m 🔍 Fetching transaction details for hash: 0xc618da1fe0a25c9f2b3098b6f9587139d687025f4da5c2885001574c08be394b
[2m2025-12-10T10:11:08.027660Z[0m [34mDEBUG[0m [2mhyper::client::pool[0m[2m:[0m reuse idle connection for ("http", 192.168.0.14:8545)
[2m2025-12-10T10:11:08.027691Z[0m [34mDEBUG[0m [2mhyper::proto::h1::io[0m[2m:[0m flushed 250 bytes
[2m2025-12-10T10:11:08.027714Z[0m [34mDEBUG[0m [2methereum_transaction_pool_monitor::eth_client[0m[2m:[0m 📨 Received WebSocket message: {"jsonrpc":"2.0","method":"eth_subscription","params":{"subscription":"0xbed0a0851463e895960a451075a301a9","result":"0xb00da460387beb300fd798ff014b13e43a0a8588ca1500fac82ec7b2dc4abcc6"}}
[2m2025-12-10T10:11:08.027725Z[0m [34mDEBUG[0m [2methereum_transaction_pool_monitor::eth_client[0m[2m:[0m 📨 Received pending transaction: 0xb00da460387beb300fd798ff014b13e43a0a8588ca1500fac82ec7b2dc4abcc6
[2m2025-12-10T10:11:08.027716Z[0m [34mDEBUG[0m [2mhyper::proto::h1::io[0m[2m:[0m parsed 4 headers
[2m2025-12-10T10:11:08.028000Z[0m [34mDEBUG[0m [2mhyper::proto::h1::conn[0m[2m:[0m incoming body is content-length (45 bytes)
[2m2025-12-10T10:11:08.028009Z[0m [34mDEBUG[0m [2mhyper::proto::h1::conn[0m[2m:[0m incoming body completed
[2m2025-12-10T10:11:08.028017Z[0m [34mDEBUG[0m [2mhyper::client::pool[0m[2m:[0m pooling idle connection for ("http", 192.168.0.14:8545)
[2m2025-12-10T10:11:08.028031Z[0m [34mDEBUG[0m [2mhyper::client::pool[0m[2m:[0m reuse idle connection for ("http", 192.168.0.14:8545)
[2m2025-12-10T10:11:08.028045Z[0m [34mDEBUG[0m [2mhyper::proto::h1::io[0m[2m:[0m flushed 172 bytes
[2m2025-12-10T10:11:08.036361Z[0m [34mDEBUG[0m [2mhyper::proto::h1::io[0m[2m:[0m parsed 4 headers
[2m2025-12-10T10:11:08.036388Z[0m [34mDEBUG[0m [2mhyper::proto::h1::conn[0m[2m:[0m incoming body is content-length (3653 bytes)
[2m2025-12-10T10:11:08.036396Z[0m [34mDEBUG[0m [2mhyper::proto::h1::conn[0m[2m:[0m incoming body completed
[2m2025-12-10T10:11:08.036417Z[0m [34mDEBUG[0m [2mhyper::client::pool[0m[2m:[0m pooling idle connection for ("http", 192.168.0.14:8545)
[2m2025-12-10T10:11:08.036421Z[0m [34mDEBUG[0m [2methereum_transaction_pool_monitor::eth_client[0m[2m:[0m 📡 Transaction fetch RPC completed in 8.777458ms
[2m2025-12-10T10:11:08.108046Z[0m [34mDEBUG[0m [2methereum_transaction_pool_monitor::eth_client[0m[2m:[0m ✅ Transaction 0xc618da1fe0a25c9f2b3098b6f9587139d687025f4da5c2885001574c08be394b fetched and parsed in 80.399458ms
[2m2025-12-10T10:11:08.108070Z[0m [34mDEBUG[0m [2methereum_transaction_pool_monitor::mempool_monitor[0m[2m:[0m 🔍 Skipping tx 0xc618da1fe0a25c9f2b3098b6f9587139d687025f4da5c2885001574c08be394b - not a DEX interaction (target: 0x522bB49bE4fB6E3ceC18df911C2A66457E6Fc3e2)
[2m2025-12-10T10:11:08.108082Z[0m [34mDEBUG[0m [2methereum_transaction_pool_monitor::mempool_monitor[0m[2m:[0m 📨 Processing new pending transaction: 0xa6b4105117fad7cacab5a8a7e08499aa231b51a8e51dacc47162b5f59f684517
[2m2025-12-10T10:11:08.108087Z[0m [34mDEBUG[0m [2methereum_transaction_pool_monitor::mempool_monitor[0m[2m:[0m 🔍 Fetching transaction details for: 0xa6b4105117fad7cacab5a8a7e08499aa231b51a8e51dacc47162b5f59f684517
[2m2025-12-10T10:11:08.108092Z[0m [34mDEBUG[0m [2methereum_transaction_pool_monitor::eth_client[0m[2m:[0m 🔍 Fetching transaction details for hash: 0xa6b4105117fad7cacab5a8a7e08499aa231b51a8e51dacc47162b5f59f684517
[2m2025-12-10T10:11:08.108108Z[0m [34mDEBUG[0m [2mhyper::client::pool[0m[2m:[0m reuse idle connection for ("http", 192.168.0.14:8545)
[2m2025-12-10T10:11:08.108141Z[0m [34mDEBUG[0m [2mhyper::proto::h1::io[0m[2m:[0m flushed 250 bytes
[2m2025-12-10T10:11:08.108166Z[0m [34mDEBUG[0m [2mhyper::proto::h1::io[0m[2m:[0m parsed 4 headers
[2m2025-12-10T10:11:08.108172Z[0m [34mDEBUG[0m [2methereum_transaction_pool_monitor::eth_client[0m[2m:[0m 📨 Received WebSocket message: {"jsonrpc":"2.0","method":"eth_subscription","params":{"subscription":"0xbed0a0851463e895960a451075a301a9","result":"0xfbb52b0477f042a71e6999d0207500a44cc4a29624cf10e816001a4cdcd475ab"}}
[2m2025-12-10T10:11:08.108173Z[0m [34mDEBUG[0m [2mhyper::proto::h1::conn[0m[2m:[0m incoming body is content-length (45 bytes)
[2m2025-12-10T10:11:08.108186Z[0m [34mDEBUG[0m [2methereum_transaction_pool_monitor::eth_client[0m[2m:[0m 📨 Received pending transaction: 0xfbb52b0477f042a71e6999d0207500a44cc4a29624cf10e816001a4cdcd475ab
[2m2025-12-10T10:11:08.108190Z[0m [34mDEBUG[0m [2mhyper::proto::h1::conn[0m[2m:[0m incoming body completed
[2m2025-12-10T10:11:08.108193Z[0m [34mDEBUG[0m [2methereum_transaction_pool_monitor::eth_client[0m[2m:[0m 📨 Received WebSocket message: {"jsonrpc":"2.0","method":"eth_subscription","params":{"subscription":"0xbed0a0851463e895960a451075a301a9","result":"0x842bde90a76380904bd92bbd41bcec364141a85455b39f3d9c72a604cf49ded9"}}
[2m2025-12-10T10:11:08.108199Z[0m [34mDEBUG[0m [2mhyper::client::pool[0m[2m:[0m pooling idle connection for ("http", 192.168.0.14:8545)
[2m2025-12-10T10:11:08.108200Z[0m [34mDEBUG[0m [2methereum_transaction_pool_monitor::eth_client[0m[2m:[0m 📨 Received pending transaction: 0x842bde90a76380904bd92bbd41bcec364141a85455b39f3d9c72a604cf49ded9
[2m2025-12-10T10:11:08.108216Z[0m [34mDEBUG[0m [2mhyper::client::pool[0m[2m:[0m reuse idle connection for ("http", 192.168.0.14:8545)
[2m2025-12-10T10:11:08.108233Z[0m [34mDEBUG[0m [2mhyper::proto::h1::io[0m[2m:[0m flushed 172 bytes
[2m2025-12-10T10:11:08.114347Z[0m [34mDEBUG[0m [2mhyper::proto::h1::io[0m[2m:[0m parsed 4 headers
[2m2025-12-10T10:11:08.114367Z[0m [34mDEBUG[0m [2mhyper::proto::h1::conn[0m[2m:[0m incoming body is content-length (554 bytes)
[2m2025-12-10T10:11:08.114386Z[0m [34mDEBUG[0m [2mhyper::proto::h1::conn[0m[2m:[0m incoming body completed
[2m2025-12-10T10:11:08.114398Z[0m [34mDEBUG[0m [2mhyper::client::pool[0m[2m:[0m pooling idle connection for ("http", 192.168.0.14:8545)
[2m2025-12-10T10:11:08.114403Z[0m [34mDEBUG[0m [2methereum_transaction_pool_monitor::eth_client[0m[2m:[0m 📡 Transaction fetch RPC completed in 6.307459ms
[2m2025-12-10T10:11:08.185788Z[0m [34mDEBUG[0m [2methereum_transaction_pool_monitor::eth_client[0m[2m:[0m ✅ Transaction 0xa6b4105117fad7cacab5a8a7e08499aa231b51a8e51dacc47162b5f59f684517 fetched and parsed in 77.689542ms
[2m2025-12-10T10:11:08.185813Z[0m [34mDEBUG[0m [2methereum_transaction_pool_monitor::mempool_monitor[0m[2m:[0m 🔍 Skipping tx 0xa6b4105117fad7cacab5a8a7e08499aa231b51a8e51dacc47162b5f59f684517 - not a DEX interaction (target: 0x3e844f9F089B941292ce429DD9d7d8Ba13159EcB)
[2m2025-12-10T10:11:08.185825Z[0m [34mDEBUG[0m [2methereum_transaction_pool_monitor::mempool_monitor[0m[2m:[0m 📨 Processing new pending transaction: 0x94baffcfe39072b2000961a1ab2fe2a0099a6f60dc11a7300f2e52d3af2019eb
[2m2025-12-10T10:11:08.185831Z[0m [34mDEBUG[0m [2methereum_transaction_pool_monitor::mempool_monitor[0m[2m:[0m 🔍 Fetching transaction details for: 0x94baffcfe39072b2000961a1ab2fe2a0099a6f60dc11a7300f2e52d3af2019eb
[2m2025-12-10T10:11:08.185835Z[0m [34mDEBUG[0m [2methereum_transaction_pool_monitor::eth_client[0m[2m:[0m 🔍 Fetching transaction details for hash: 0x94baffcfe39072b2000961a1ab2fe2a0099a6f60dc11a7300f2e52d3af2019eb
[2m2025-12-10T10:11:08.185852Z[0m [34mDEBUG[0m [2mhyper::client::pool[0m[2m:[0m reuse idle connection for ("http", 192.168.0.14:8545)
[2m2025-12-10T10:11:08.185888Z[0m [34mDEBUG[0m [2mhyper::proto::h1::io[0m[2m:[0m flushed 250 bytes
[2m2025-12-10T10:11:08.185910Z[0m [34mDEBUG[0m [2methereum_transaction_pool_monitor::eth_client[0m[2m:[0m 📨 Received WebSocket message: {"jsonrpc":"2.0","method":"eth_subscription","params":{"subscription":"0xbed0a0851463e895960a451075a301a9","result":"0xb0f106ab349e6818f80949c7b21e17008e1965c6caf5d550bf2c1d9752ad37ed"}}
[2m2025-12-10T10:11:08.185914Z[0m [34mDEBUG[0m [2mhyper::proto::h1::io[0m[2m:[0m parsed 4 headers
[2m2025-12-10T10:11:08.185919Z[0m [34mDEBUG[0m [2methereum_transaction_pool_monitor::eth_client[0m[2m:[0m 📨 Received pending transaction: 0xb0f106ab349e6818f80949c7b21e17008e1965c6caf5d550bf2c1d9752ad37ed
[2m2025-12-10T10:11:08.185921Z[0m [34mDEBUG[0m [2mhyper::proto::h1::conn[0m[2m:[0m incoming body is content-length (45 bytes)
[2m2025-12-10T10:11:08.185926Z[0m [34mDEBUG[0m [2methereum_transaction_pool_monitor::eth_client[0m[2m:[0m 📨 Received WebSocket message: {"jsonrpc":"2.0","method":"eth_subscription","params":{"subscription":"0xbed0a0851463e895960a451075a301a9","result":"0xff902430d033df7ab2efbcbcf73ea8820553ef1b9d2596bf869e8b579eeff355"}}
[2m2025-12-10T10:11:08.185930Z[0m [34mDEBUG[0m [2mhyper::proto::h1::conn[0m[2m:[0m incoming body completed
[2m2025-12-10T10:11:08.185932Z[0m [34mDEBUG[0m [2methereum_transaction_pool_monitor::eth_client[0m[2m:[0m 📨 Received pending transaction: 0xff902430d033df7ab2efbcbcf73ea8820553ef1b9d2596bf869e8b579eeff355
[2m2025-12-10T10:11:08.185938Z[0m [34mDEBUG[0m [2methereum_transaction_pool_monitor::eth_client[0m[2m:[0m 📨 Received WebSocket message: {"jsonrpc":"2.0","method":"eth_subscription","params":{"subscription":"0xbed0a0851463e895960a451075a301a9","result":"0x188bcf3a31c6aff9163f56c291d59d4b3cc3f806856d5b8bf875992252258680"}}
[2m2025-12-10T10:11:08.185939Z[0m [34mDEBUG[0m [2mhyper::client::pool[0m[2m:[0m pooling idle connection for ("http", 192.168.0.14:8545)
[2m2025-12-10T10:11:08.185945Z[0m [34mDEBUG[0m [2methereum_transaction_pool_monitor::eth_client[0m[2m:[0m 📨 Received pending transaction: 0x188bcf3a31c6aff9163f56c291d59d4b3cc3f806856d5b8bf875992252258680
[2m2025-12-10T10:11:08.191164Z[0m [34mDEBUG[0m [2mhyper::proto::h1::io[0m[2m:[0m parsed 4 headers
[2m2025-12-10T10:11:08.191168Z[0m [34mDEBUG[0m [2mhyper::proto::h1::conn[0m[2m:[0m incoming body is content-length (552 bytes)
[2m2025-12-10T10:11:08.191173Z[0m [34mDEBUG[0m [2mhyper::proto::h1::conn[0m[2m:[0m incoming body completed
[2m2025-12-10T10:11:08.191178Z[0m [34mDEBUG[0m [2mhyper::client::pool[0m[2m:[0m pooling idle connection for ("http", 192.168.0.14:8545)
[2m2025-12-10T10:11:08.191183Z[0m [34mDEBUG[0m [2methereum_transaction_pool_monitor::eth_client[0m[2m:[0m 📡 Transaction fetch RPC completed in 5.34425ms
[2m2025-12-10T10:11:08.261753Z[0m [34mDEBUG[0m [2methereum_transaction_pool_monitor::eth_client[0m[2m:[0m ✅ Transaction 0x94baffcfe39072b2000961a1ab2fe2a0099a6f60dc11a7300f2e52d3af2019eb fetched and parsed in 75.912375ms
[2m2025-12-10T10:11:08.261776Z[0m [34mDEBUG[0m [2methereum_transaction_pool_monitor::mempool_monitor[0m[2m:[0m 🔍 Skipping tx 0x94baffcfe39072b2000961a1ab2fe2a0099a6f60dc11a7300f2e52d3af2019eb - not a DEX interaction (target: 0x65B6a559898a2b3B0c9F5b539CbCa9dfe543E614)
[2m2025-12-10T10:11:08.261786Z[0m [34mDEBUG[0m [2methereum_transaction_pool_monitor::mempool_monitor[0m[2m:[0m 📨 Processing new pending transaction: 0xb05ba4ba0ec8b57c1600261075f51ffbb39b9d5e3008c1dea4ed76b135d924dd
[2m2025-12-10T10:11:08.261791Z[0m [34mDEBUG[0m [2methereum_transaction_pool_monitor::mempool_monitor[0m[2m:[0m 🔍 Fetching transaction details for: 0xb05ba4ba0ec8b57c1600261075f51ffbb39b9d5e3008c1dea4ed76b135d924dd
[2m2025-12-10T10:11:08.261795Z[0m [34mDEBUG[0m [2methereum_transaction_pool_monitor::eth_client[0m[2m:[0m 🔍 Fetching transaction details for hash: 0xb05ba4ba0ec8b57c1600261075f51ffbb39b9d5e3008c1dea4ed76b135d924dd
[2m2025-12-10T10:11:08.261814Z[0m [34mDEBUG[0m [2mhyper::client::pool[0m[2m:[0m reuse idle connection for ("http", 192.168.0.14:8545)
[2m2025-12-10T10:11:08.261841Z[0m [34mDEBUG[0m [2mhyper::proto::h1::io[0m[2m:[0m flushed 250 bytes
[2m2025-12-10T10:11:08.261872Z[0m [34mDEBUG[0m [2mhyper::client::pool[0m[2m:[0m reuse idle connection for ("http", 192.168.0.14:8545)
[2m2025-12-10T10:11:08.261892Z[0m [34mDEBUG[0m [2mhyper::proto::h1::io[0m[2m:[0m flushed 172 bytes
[2m2025-12-10T10:11:08.265562Z[0m [34mDEBUG[0m [2mhyper::proto::h1::io[0m[2m:[0m parsed 4 headers
[2m2025-12-10T10:11:08.265582Z[0m [34mDEBUG[0m [2mhyper::proto::h1::conn[0m[2m:[0m incoming body is content-length (45 bytes)
[2m2025-12-10T10:11:08.265604Z[0m [34mDEBUG[0m [2mhyper::proto::h1::conn[0m[2m:[0m incoming body completed
[2m2025-12-10T10:11:08.265620Z[0m [34mDEBUG[0m [2mhyper::client::pool[0m[2m:[0m pooling idle connection for ("http", 192.168.0.14:8545)
[2m2025-12-10T10:11:08.266092Z[0m [34mDEBUG[0m [2mhyper::proto::h1::io[0m[2m:[0m parsed 4 headers
[2m2025-12-10T10:11:08.266098Z[0m [34mDEBUG[0m [2mhyper::proto::h1::conn[0m[2m:[0m incoming body is content-length (552 bytes)
[2m2025-12-10T10:11:08.266102Z[0m [34mDEBUG[0m [2mhyper::proto::h1::conn[0m[2m:[0m incoming body completed
[2m2025-12-10T10:11:08.266106Z[0m [34mDEBUG[0m [2mhyper::client::pool[0m[2m:[0m pooling idle connection for ("http", 192.168.0.14:8545)
[2m2025-12-10T10:11:08.266110Z[0m [34mDEBUG[0m [2methereum_transaction_pool_monitor::eth_client[0m[2m:[0m 📡 Transaction fetch RPC completed in 4.31075ms
[2m2025-12-10T10:11:08.337383Z[0m [34mDEBUG[0m [2methereum_transaction_pool_monitor::eth_client[0m[2m:[0m ✅ Transaction 0xb05ba4ba0ec8b57c1600261075f51ffbb39b9d5e3008c1dea4ed76b135d924dd fetched and parsed in 75.581ms
[2m2025-12-10T10:11:08.337410Z[0m [34mDEBUG[0m [2methereum_transaction_pool_monitor::mempool_monitor[0m[2m:[0m 🔍 Skipping tx 0xb05ba4ba0ec8b57c1600261075f51ffbb39b9d5e3008c1dea4ed76b135d924dd - not a DEX interaction (target: 0x122D7099aE5B9589a8a760FFe3fD161fA29cEc86)
[2m2025-12-10T10:11:08.337422Z[0m [34mDEBUG[0m [2methereum_transaction_pool_monitor::mempool_monitor[0m[2m:[0m 📨 Processing new pending transaction: 0xb00da460387beb300fd798ff014b13e43a0a8588ca1500fac82ec7b2dc4abcc6
[2m2025-12-10T10:11:08.337427Z[0m [34mDEBUG[0m [2methereum_transaction_pool_monitor::mempool_monitor[0m[2m:[0m 🔍 Fetching transaction details for: 0xb00da460387beb300fd798ff014b13e43a0a8588ca1500fac82ec7b2dc4abcc6
[2m2025-12-10T10:11:08.337432Z[0m [34mDEBUG[0m [2methereum_transaction_pool_monitor::eth_client[0m[2m:[0m 🔍 Fetching transaction details for hash: 0xb00da460387beb300fd798ff014b13e43a0a8588ca1500fac82ec7b2dc4abcc6
[2m2025-12-10T10:11:08.337450Z[0m [34mDEBUG[0m [2mhyper::client::pool[0m[2m:[0m reuse idle connection for ("http", 192.168.0.14:8545)
[2m2025-12-10T10:11:08.337483Z[0m [34mDEBUG[0m [2mhyper::proto::h1::io[0m[2m:[0m flushed 250 bytes
[2m2025-12-10T10:11:08.337512Z[0m [34mDEBUG[0m [2mhyper::client::pool[0m[2m:[0m reuse idle connection for ("http", 192.168.0.14:8545)
[2m2025-12-10T10:11:08.337530Z[0m [34mDEBUG[0m [2mhyper::proto::h1::io[0m[2m:[0m flushed 172 bytes
[2m2025-12-10T10:11:08.345935Z[0m [34mDEBUG[0m [2mhyper::proto::h1::io[0m[2m:[0m parsed 4 headers
[2m2025-12-10T10:11:08.345940Z[0m [34mDEBUG[0m [2mhyper::proto::h1::conn[0m[2m:[0m incoming body is content-length (552 bytes)
[2m2025-12-10T10:11:08.345946Z[0m [34mDEBUG[0m [2mhyper::proto::h1::conn[0m[2m:[0m incoming body completed
[2m2025-12-10T10:11:08.345953Z[0m [34mDEBUG[0m [2mhyper::client::pool[0m[2m:[0m pooling idle connection for ("http", 192.168.0.14:8545)
[2m2025-12-10T10:11:08.345958Z[0m [34mDEBUG[0m [2methereum_transaction_pool_monitor::eth_client[0m[2m:[0m 📡 Transaction fetch RPC completed in 8.521875ms
[2m2025-12-10T10:11:08.416494Z[0m [34mDEBUG[0m [2methereum_transaction_pool_monitor::eth_client[0m[2m:[0m ✅ Transaction 0xb00da460387beb300fd798ff014b13e43a0a8588ca1500fac82ec7b2dc4abcc6 fetched and parsed in 79.056417ms
[2m2025-12-10T10:11:08.416518Z[0m [34mDEBUG[0m [2methereum_transaction_pool_monitor::mempool_monitor[0m[2m:[0m 🔍 Skipping tx 0xb00da460387beb300fd798ff014b13e43a0a8588ca1500fac82ec7b2dc4abcc6 - not a DEX interaction (target: 0xEe4B74B73722E58E56BF7228f7BdC0e89cef31d3)
[2m2025-12-10T10:11:08.416533Z[0m [34mDEBUG[0m [2methereum_transaction_pool_monitor::mempool_monitor[0m[2m:[0m 📨 Processing new pending transaction: 0xfbb52b0477f042a71e6999d0207500a44cc4a29624cf10e816001a4cdcd475ab
[2m2025-12-10T10:11:08.416541Z[0m [34mDEBUG[0m [2methereum_transaction_pool_monitor::mempool_monitor[0m[2m:[0m 🔍 Fetching transaction details for: 0xfbb52b0477f042a71e6999d0207500a44cc4a29624cf10e816001a4cdcd475ab
[2m2025-12-10T10:11:08.416555Z[0m [34mDEBUG[0m [2methereum_transaction_pool_monitor::eth_client[0m[2m:[0m 🔍 Fetching transaction details for hash: 0xfbb52b0477f042a71e6999d0207500a44cc4a29624cf10e816001a4cdcd475ab
[2m2025-12-10T10:11:08.416571Z[0m [34mDEBUG[0m [2mhyper::client::pool[0m[2m:[0m reuse idle connection for ("http", 192.168.0.14:8545)
[2m2025-12-10T10:11:08.416604Z[0m [34mDEBUG[0m [2mhyper::proto::h1::io[0m[2m:[0m flushed 250 bytes
[2m2025-12-10T10:11:08.416884Z[0m [34mDEBUG[0m [2mhyper::proto::h1::io[0m[2m:[0m parsed 4 headers
[2m2025-12-10T10:11:08.416892Z[0m [34mDEBUG[0m [2mhyper::proto::h1::conn[0m[2m:[0m incoming body is content-length (45 bytes)
[2m2025-12-10T10:11:08.416900Z[0m [34mDEBUG[0m [2mhyper::proto::h1::conn[0m[2m:[0m incoming body completed
[2m2025-12-10T10:11:08.416908Z[0m [34mDEBUG[0m [2mhyper::client::pool[0m[2m:[0m pooling idle connection for ("http", 192.168.0.14:8545)
[2m2025-12-10T10:11:08.416924Z[0m [34mDEBUG[0m [2mhyper::client::pool[0m[2m:[0m reuse idle connection for ("http", 192.168.0.14:8545)
[2m2025-12-10T10:11:08.416940Z[0m [34mDEBUG[0m [2mhyper::proto::h1::io[0m[2m:[0m flushed 172 bytes
[2m2025-12-10T10:11:08.421425Z[0m [34mDEBUG[0m [2mhyper::proto::h1::io[0m[2m:[0m parsed 4 headers
[2m2025-12-10T10:11:08.421429Z[0m [34mDEBUG[0m [2mhyper::proto::h1::conn[0m[2m:[0m incoming body is content-length (45 bytes)
[2m2025-12-10T10:11:08.421433Z[0m [34mDEBUG[0m [2mhyper::proto::h1::conn[0m[2m:[0m incoming body completed
[2m2025-12-10T10:11:08.421439Z[0m [34mDEBUG[0m [2mhyper::client::pool[0m[2m:[0m pooling idle connection for ("http", 192.168.0.14:8545)
[2m2025-12-10T10:11:08.425921Z[0m [34mDEBUG[0m [2mhyper::proto::h1::io[0m[2m:[0m parsed 4 headers
[2m2025-12-10T10:11:08.425926Z[0m [34mDEBUG[0m [2mhyper::proto::h1::conn[0m[2m:[0m incoming body is content-length (644 bytes)
[2m2025-12-10T10:11:08.425930Z[0m [34mDEBUG[0m [2mhyper::proto::h1::conn[0m[2m:[0m incoming body completed
[2m2025-12-10T10:11:08.425935Z[0m [34mDEBUG[0m [2mhyper::client::pool[0m[2m:[0m pooling idle connection for ("http", 192.168.0.14:8545)
[2m2025-12-10T10:11:08.425939Z[0m [34mDEBUG[0m [2methereum_transaction_pool_monitor::eth_client[0m[2m:[0m 📡 Transaction fetch RPC completed in 9.379375ms
[2m2025-12-10T10:11:08.496567Z[0m [34mDEBUG[0m [2methereum_transaction_pool_monitor::eth_client[0m[2m:[0m ✅ Transaction 0xfbb52b0477f042a71e6999d0207500a44cc4a29624cf10e816001a4cdcd475ab fetched and parsed in 80.005541ms
[2m2025-12-10T10:11:08.496592Z[0m [34mDEBUG[0m [2methereum_transaction_pool_monitor::mempool_monitor[0m[2m:[0m 🔍 Skipping tx 0xfbb52b0477f042a71e6999d0207500a44cc4a29624cf10e816001a4cdcd475ab - not a DEX interaction (target: 0x17E5545B11b468072283Cee1F066a059Fb0dbF24)
[2m2025-12-10T10:11:08.496602Z[0m [34mDEBUG[0m [2methereum_transaction_pool_monitor::mempool_monitor[0m[2m:[0m 📨 Processing new pending transaction: 0x842bde90a76380904bd92bbd41bcec364141a85455b39f3d9c72a604cf49ded9
[2m2025-12-10T10:11:08.496608Z[0m [34mDEBUG[0m [2methereum_transaction_pool_monitor::mempool_monitor[0m[2m:[0m 🔍 Fetching transaction details for: 0x842bde90a76380904bd92bbd41bcec364141a85455b39f3d9c72a604cf49ded9
[2m2025-12-10T10:11:08.496612Z[0m [34mDEBUG[0m [2methereum_transaction_pool_monitor::eth_client[0m[2m:[0m 🔍 Fetching transaction details for hash: 0x842bde90a76380904bd92bbd41bcec364141a85455b39f3d9c72a604cf49ded9
[2m2025-12-10T10:11:08.496629Z[0m [34mDEBUG[0m [2mhyper::client::pool[0m[2m:[0m reuse idle connection for ("http", 192.168.0.14:8545)
[2m2025-12-10T10:11:08.496658Z[0m [34mDEBUG[0m [2mhyper::proto::h1::io[0m[2m:[0m flushed 250 bytes
[2m2025-12-10T10:11:08.496676Z[0m [34mDEBUG[0m [2mhyper::client::pool[0m[2m:[0m reuse idle connection for ("http", 192.168.0.14:8545)
[2m2025-12-10T10:11:08.496688Z[0m [34mDEBUG[0m [2mhyper::proto::h1::io[0m[2m:[0m flushed 172 bytes
[2m2025-12-10T10:11:08.496700Z[0m [34mDEBUG[0m [2methereum_transaction_pool_monitor::eth_client[0m[2m:[0m 📨 Received WebSocket message: {"jsonrpc":"2.0","method":"eth_subscription","params":{"subscription":"0xbed0a0851463e895960a451075a301a9","result":"0x2ac715d7b3c5473ff81c4d419b144533cb5ddf40a2968d96f984d4e6b9e112b1"}}
[2m2025-12-10T10:11:08.496708Z[0m [34mDEBUG[0m [2methereum_transaction_pool_monitor::eth_client[0m[2m:[0m 📨 Received pending transaction: 0x2ac715d7b3c5473ff81c4d419b144533cb5ddf40a2968d96f984d4e6b9e112b1
[2m2025-12-10T10:11:08.499859Z[0m [34mDEBUG[0m [2mhyper::proto::h1::io[0m[2m:[0m parsed 4 headers
[2m2025-12-10T10:11:08.499866Z[0m [34mDEBUG[0m [2mhyper::proto::h1::conn[0m[2m:[0m incoming body is content-length (45 bytes)
[2m2025-12-10T10:11:08.499873Z[0m [34mDEBUG[0m [2mhyper::proto::h1::conn[0m[2m:[0m incoming body completed
[2m2025-12-10T10:11:08.499879Z[0m [34mDEBUG[0m [2mhyper::client::pool[0m[2m:[0m pooling idle connection for ("http", 192.168.0.14:8545)
[2m2025-12-10T10:11:08.505169Z[0m [34mDEBUG[0m [2mhyper::proto::h1::io[0m[2m:[0m parsed 4 headers
[2m2025-12-10T10:11:08.505184Z[0m [34mDEBUG[0m [2mhyper::proto::h1::conn[0m[2m:[0m incoming body is content-length (2322 bytes)
[2m2025-12-10T10:11:08.505195Z[0m [34mDEBUG[0m [2mhyper::proto::h1::conn[0m[2m:[0m incoming body completed
[2m2025-12-10T10:11:08.505202Z[0m [34mDEBUG[0m [2mhyper::client::pool[0m[2m:[0m pooling idle connection for ("http", 192.168.0.14:8545)
[2m2025-12-10T10:11:08.505208Z[0m [34mDEBUG[0m [2methereum_transaction_pool_monitor::eth_client[0m[2m:[0m 📡 Transaction fetch RPC completed in 8.591334ms
[2m2025-12-10T10:11:08.575801Z[0m [34mDEBUG[0m [2methereum_transaction_pool_monitor::eth_client[0m[2m:[0m ✅ Transaction 0x842bde90a76380904bd92bbd41bcec364141a85455b39f3d9c72a604cf49ded9 fetched and parsed in 79.182792ms
[2m2025-12-10T10:11:08.575829Z[0m [34mDEBUG[0m [2methereum_transaction_pool_monitor::mempool_monitor[0m[2m:[0m 🔍 Skipping tx 0x842bde90a76380904bd92bbd41bcec364141a85455b39f3d9c72a604cf49ded9 - not a DEX interaction (target: 0x66a9893cC07D91D95644AEDD05D03f95e1dBA8Af)
[2m2025-12-10T10:11:08.575839Z[0m [34mDEBUG[0m [2methereum_transaction_pool_monitor::mempool_monitor[0m[2m:[0m 📨 Processing new pending transaction: 0xb0f106ab349e6818f80949c7b21e17008e1965c6caf5d550bf2c1d9752ad37ed
[2m2025-12-10T10:11:08.575845Z[0m [34mDEBUG[0m [2methereum_transaction_pool_monitor::mempool_monitor[0m[2m:[0m 🔍 Fetching transaction details for: 0xb0f106ab349e6818f80949c7b21e17008e1965c6caf5d550bf2c1d9752ad37ed
[2m2025-12-10T10:11:08.575854Z[0m [34mDEBUG[0m [2methereum_transaction_pool_monitor::eth_client[0m[2m:[0m 🔍 Fetching transaction details for hash: 0xb0f106ab349e6818f80949c7b21e17008e1965c6caf5d550bf2c1d9752ad37ed
[2m2025-12-10T10:11:08.575873Z[0m [34mDEBUG[0m [2mhyper::client::pool[0m[2m:[0m reuse idle connection for ("http", 192.168.0.14:8545)
[2m2025-12-10T10:11:08.575918Z[0m [34mDEBUG[0m [2mhyper::proto::h1::io[0m[2m:[0m flushed 250 bytes
[2m2025-12-10T10:11:08.575938Z[0m [34mDEBUG[0m [2methereum_transaction_pool_monitor::eth_client[0m[2m:[0m 📨 Received WebSocket message: {"jsonrpc":"2.0","method":"eth_subscription","params":{"subscription":"0xbed0a0851463e895960a451075a301a9","result":"0x42e43bb5fcaeb054fb41777434fb4010de63f4aca423158d60a3b6b92a13f9b6"}}
[2m2025-12-10T10:11:08.575945Z[0m [34mDEBUG[0m [2methereum_transaction_pool_monitor::eth_client[0m[2m:[0m 📨 Received pending transaction: 0x42e43bb5fcaeb054fb41777434fb4010de63f4aca423158d60a3b6b92a13f9b6
[2m2025-12-10T10:11:08.575949Z[0m [34mDEBUG[0m [2methereum_transaction_pool_monitor::eth_client[0m[2m:[0m 📨 Received WebSocket message: {"jsonrpc":"2.0","method":"eth_subscription","params":{"subscription":"0xbed0a0851463e895960a451075a301a9","result":"0xbbc5deb30a8f88839e5be7f004406f191a0ae3e4f1136dc68a5f6d3acc095a4a"}}
[2m2025-12-10T10:11:08.575954Z[0m [34mDEBUG[0m [2methereum_transaction_pool_monitor::eth_client[0m[2m:[0m 📨 Received pending transaction: 0xbbc5deb30a8f88839e5be7f004406f191a0ae3e4f1136dc68a5f6d3acc095a4a
[2m2025-12-10T10:11:08.582494Z[0m [34mDEBUG[0m [2mhyper::proto::h1::io[0m[2m:[0m parsed 4 headers
[2m2025-12-10T10:11:08.582503Z[0m [34mDEBUG[0m [2mhyper::proto::h1::conn[0m[2m:[0m incoming body is content-length (830 bytes)
[2m2025-12-10T10:11:08.582510Z[0m [34mDEBUG[0m [2mhyper::proto::h1::conn[0m[2m:[0m incoming body completed
[2m2025-12-10T10:11:08.582519Z[0m [34mDEBUG[0m [2mhyper::client::pool[0m[2m:[0m pooling idle connection for ("http", 192.168.0.14:8545)
[2m2025-12-10T10:11:08.582526Z[0m [34mDEBUG[0m [2methereum_transaction_pool_monitor::eth_client[0m[2m:[0m 📡 Transaction fetch RPC completed in 6.664833ms
[2m2025-12-10T10:11:08.654124Z[0m [34mDEBUG[0m [2methereum_transaction_pool_monitor::eth_client[0m[2m:[0m ✅ Transaction 0xb0f106ab349e6818f80949c7b21e17008e1965c6caf5d550bf2c1d9752ad37ed fetched and parsed in 78.261417ms
[2m2025-12-10T10:11:08.654152Z[0m [34mDEBUG[0m [2methereum_transaction_pool_monitor::mempool_monitor[0m[2m:[0m 🔍 Skipping tx 0xb0f106ab349e6818f80949c7b21e17008e1965c6caf5d550bf2c1d9752ad37ed - not a DEX interaction (target: 0x3B4D794a66304F130a4Db8F2551B0070dfCf5ca7)
[2m2025-12-10T10:11:08.654162Z[0m [34mDEBUG[0m [2methereum_transaction_pool_monitor::mempool_monitor[0m[2m:[0m 📨 Processing new pending transaction: 0xff902430d033df7ab2efbcbcf73ea8820553ef1b9d2596bf869e8b579eeff355
[2m2025-12-10T10:11:08.654167Z[0m [34mDEBUG[0m [2methereum_transaction_pool_monitor::mempool_monitor[0m[2m:[0m 🔍 Fetching transaction details for: 0xff902430d033df7ab2efbcbcf73ea8820553ef1b9d2596bf869e8b579eeff355
[2m2025-12-10T10:11:08.654172Z[0m [34mDEBUG[0m [2methereum_transaction_pool_monitor::eth_client[0m[2m:[0m 🔍 Fetching transaction details for hash: 0xff902430d033df7ab2efbcbcf73ea8820553ef1b9d2596bf869e8b579eeff355
[2m2025-12-10T10:11:08.654191Z[0m [34mDEBUG[0m [2mhyper::client::pool[0m[2m:[0m reuse idle connection for ("http", 192.168.0.14:8545)
[2m2025-12-10T10:11:08.654226Z[0m [34mDEBUG[0m [2mhyper::proto::h1::io[0m[2m:[0m flushed 250 bytes
[2m2025-12-10T10:11:08.654244Z[0m [34mDEBUG[0m [2mhyper::client::pool[0m[2m:[0m reuse idle connection for ("http", 192.168.0.14:8545)
[2m2025-12-10T10:11:08.654260Z[0m [34mDEBUG[0m [2mhyper::proto::h1::io[0m[2m:[0m flushed 172 bytes
[2m2025-12-10T10:11:08.654293Z[0m [34mDEBUG[0m [2methereum_transaction_pool_monitor::eth_client[0m[2m:[0m 📨 Received WebSocket message: {"jsonrpc":"2.0","method":"eth_subscription","params":{"subscription":"0xbed0a0851463e895960a451075a301a9","result":"0xe2a8c523e1598c21ea6c81d0244c8c78ab970ec8434836dd2d7b8368a8addea2"}}
[2m2025-12-10T10:11:08.654300Z[0m [34mDEBUG[0m [2methereum_transaction_pool_monitor::eth_client[0m[2m:[0m 📨 Received pending transaction: 0xe2a8c523e1598c21ea6c81d0244c8c78ab970ec8434836dd2d7b8368a8addea2
[2m2025-12-10T10:11:08.660933Z[0m [34mDEBUG[0m [2mhyper::proto::h1::io[0m[2m:[0m parsed 4 headers
[2m2025-12-10T10:11:08.660942Z[0m [34mDEBUG[0m [2mhyper::proto::h1::conn[0m[2m:[0m incoming body is content-length (829 bytes)
[2m2025-12-10T10:11:08.660949Z[0m [34mDEBUG[0m [2mhyper::proto::h1::conn[0m[2m:[0m incoming body completed
[2m2025-12-10T10:11:08.660957Z[0m [34mDEBUG[0m [2mhyper::client::pool[0m[2m:[0m pooling idle connection for ("http", 192.168.0.14:8545)
[2m2025-12-10T10:11:08.660964Z[0m [34mDEBUG[0m [2methereum_transaction_pool_monitor::eth_client[0m[2m:[0m 📡 Transaction fetch RPC completed in 6.787416ms
[2m2025-12-10T10:11:08.732064Z[0m [34mDEBUG[0m [2methereum_transaction_pool_monitor::eth_client[0m[2m:[0m ✅ Transaction 0xff902430d033df7ab2efbcbcf73ea8820553ef1b9d2596bf869e8b579eeff355 fetched and parsed in 77.885958ms
[2m2025-12-10T10:11:08.732094Z[0m [34mDEBUG[0m [2methereum_transaction_pool_monitor::mempool_monitor[0m[2m:[0m 🔍 Skipping tx 0xff902430d033df7ab2efbcbcf73ea8820553ef1b9d2596bf869e8b579eeff355 - not a DEX interaction (target: 0x3B4D794a66304F130a4Db8F2551B0070dfCf5ca7)
[2m2025-12-10T10:11:08.732104Z[0m [34mDEBUG[0m [2methereum_transaction_pool_monitor::mempool_monitor[0m[2m:[0m 📨 Processing new pending transaction: 0x188bcf3a31c6aff9163f56c291d59d4b3cc3f806856d5b8bf875992252258680
[2m2025-12-10T10:11:08.732110Z[0m [34mDEBUG[0m [2methereum_transaction_pool_monitor::mempool_monitor[0m[2m:[0m 🔍 Fetching transaction details for: 0x188bcf3a31c6aff9163f56c291d59d4b3cc3f806856d5b8bf875992252258680
[2m2025-12-10T10:11:08.732114Z[0m [34mDEBUG[0m [2methereum_transaction_pool_monitor::eth_client[0m[2m:[0m 🔍 Fetching transaction details for hash: 0x188bcf3a31c6aff9163f56c291d59d4b3cc3f806856d5b8bf875992252258680
[2m2025-12-10T10:11:08.732133Z[0m [34mDEBUG[0m [2mhyper::client::pool[0m[2m:[0m reuse idle connection for ("http", 192.168.0.14:8545)
[2m2025-12-10T10:11:08.732169Z[0m [34mDEBUG[0m [2mhyper::proto::h1::io[0m[2m:[0m flushed 250 bytes
[2m2025-12-10T10:11:08.732184Z[0m [34mDEBUG[0m [2mhyper::proto::h1::io[0m[2m:[0m parsed 4 headers
[2m2025-12-10T10:11:08.732189Z[0m [34mDEBUG[0m [2mhyper::proto::h1::conn[0m[2m:[0m incoming body is content-length (45 bytes)
[2m2025-12-10T10:11:08.732195Z[0m [34mDEBUG[0m [2mhyper::proto::h1::conn[0m[2m:[0m incoming body completed
[2m2025-12-10T10:11:08.732204Z[0m [34mDEBUG[0m [2mhyper::client::pool[0m[2m:[0m pooling idle connection for ("http", 192.168.0.14:8545)
[2m2025-12-10T10:11:08.732219Z[0m [34mDEBUG[0m [2mhyper::client::pool[0m[2m:[0m reuse idle connection for ("http", 192.168.0.14:8545)
[2m2025-12-10T10:11:08.732235Z[0m [34mDEBUG[0m [2mhyper::proto::h1::io[0m[2m:[0m flushed 172 bytes
[2m2025-12-10T10:11:08.736975Z[0m [34mDEBUG[0m [2mhyper::proto::h1::io[0m[2m:[0m parsed 4 headers
[2m2025-12-10T10:11:08.737001Z[0m [34mDEBUG[0m [2mhyper::proto::h1::conn[0m[2m:[0m incoming body is content-length (45 bytes)
[2m2025-12-10T10:11:08.737022Z[0m [34mDEBUG[0m [2mhyper::proto::h1::conn[0m[2m:[0m incoming body completed
[2m2025-12-10T10:11:08.737032Z[0m [34mDEBUG[0m [2mhyper::client::pool[0m[2m:[0m pooling idle connection for ("http", 192.168.0.14:8545)
[2m2025-12-10T10:11:08.740893Z[0m [34mDEBUG[0m [2mhyper::proto::h1::io[0m[2m:[0m parsed 4 headers
[2m2025-12-10T10:11:08.740900Z[0m [34mDEBUG[0m [2mhyper::proto::h1::conn[0m[2m:[0m incoming body is content-length (644 bytes)
[2m2025-12-10T10:11:08.740905Z[0m [34mDEBUG[0m [2mhyper::proto::h1::conn[0m[2m:[0m incoming body completed
[2m2025-12-10T10:11:08.740911Z[0m [34mDEBUG[0m [2mhyper::client::pool[0m[2m:[0m pooling idle connection for ("http", 192.168.0.14:8545)
[2m2025-12-10T10:11:08.740915Z[0m [34mDEBUG[0m [2methereum_transaction_pool_monitor::eth_client[0m[2m:[0m 📡 Transaction fetch RPC completed in 8.79675ms
[2m2025-12-10T10:11:08.811138Z[0m [34mDEBUG[0m [2methereum_transaction_pool_monitor::eth_client[0m[2m:[0m ✅ Transaction 0x188bcf3a31c6aff9163f56c291d59d4b3cc3f806856d5b8bf875992252258680 fetched and parsed in 79.017833ms
[2m2025-12-10T10:11:08.811169Z[0m [34mDEBUG[0m [2methereum_transaction_pool_monitor::mempool_monitor[0m[2m:[0m 🔍 Skipping tx 0x188bcf3a31c6aff9163f56c291d59d4b3cc3f806856d5b8bf875992252258680 - not a DEX interaction (target: 0x0dC9d199D777d38d1d5736D5bD174108F8994CBC)
[2m2025-12-10T10:11:08.811182Z[0m [34mDEBUG[0m [2methereum_transaction_pool_monitor::mempool_monitor[0m[2m:[0m 📨 Processing new pending transaction: 0x2ac715d7b3c5473ff81c4d419b144533cb5ddf40a2968d96f984d4e6b9e112b1
[2m2025-12-10T10:11:08.811190Z[0m [34mDEBUG[0m [2methereum_transaction_pool_monitor::mempool_monitor[0m[2m:[0m 🔍 Fetching transaction details for: 0x2ac715d7b3c5473ff81c4d419b144533cb5ddf40a2968d96f984d4e6b9e112b1
[2m2025-12-10T10:11:08.811196Z[0m [34mDEBUG[0m [2methereum_transaction_pool_monitor::eth_client[0m[2m:[0m 🔍 Fetching transaction details for hash: 0x2ac715d7b3c5473ff81c4d419b144533cb5ddf40a2968d96f984d4e6b9e112b1
[2m2025-12-10T10:11:08.811218Z[0m [34mDEBUG[0m [2mhyper::client::pool[0m[2m:[0m reuse idle connection for ("http", 192.168.0.14:8545)
[2m2025-12-10T10:11:08.811254Z[0m [34mDEBUG[0m [2mhyper::proto::h1::io[0m[2m:[0m flushed 250 bytes
[2m2025-12-10T10:11:08.811288Z[0m [34mDEBUG[0m [2mhyper::client::pool[0m[2m:[0m reuse idle connection for ("http", 192.168.0.14:8545)
[2m2025-12-10T10:11:08.811382Z[0m [34mDEBUG[0m [2mhyper::proto::h1::io[0m[2m:[0m flushed 172 bytes
[2m2025-12-10T10:11:08.815465Z[0m [34mDEBUG[0m [2mhyper::proto::h1::io[0m[2m:[0m parsed 4 headers
[2m2025-12-10T10:11:08.815476Z[0m [34mDEBUG[0m [2mhyper::proto::h1::conn[0m[2m:[0m incoming body is content-length (646 bytes)
[2m2025-12-10T10:11:08.815483Z[0m [34mDEBUG[0m [2mhyper::proto::h1::conn[0m[2m:[0m incoming body completed
[2m2025-12-10T10:11:08.815492Z[0m [34mDEBUG[0m [2mhyper::client::pool[0m[2m:[0m pooling idle connection for ("http", 192.168.0.14:8545)
[2m2025-12-10T10:11:08.815498Z[0m [34mDEBUG[0m [2methereum_transaction_pool_monitor::eth_client[0m[2m:[0m 📡 Transaction fetch RPC completed in 4.29375ms
[2m2025-12-10T10:11:08.886537Z[0m [34mDEBUG[0m [2methereum_transaction_pool_monitor::eth_client[0m[2m:[0m ✅ Transaction 0x2ac715d7b3c5473ff81c4d419b144533cb5ddf40a2968d96f984d4e6b9e112b1 fetched and parsed in 75.330042ms
[2m2025-12-10T10:11:08.886559Z[0m [34mDEBUG[0m [2methereum_transaction_pool_monitor::mempool_monitor[0m[2m:[0m 🔍 Skipping tx 0x2ac715d7b3c5473ff81c4d419b144533cb5ddf40a2968d96f984d4e6b9e112b1 - not a DEX interaction (target: 0xA26148AE51fa8E787DF319C04137602Cc018b521)
[2m2025-12-10T10:11:08.886568Z[0m [34mDEBUG[0m [2methereum_transaction_pool_monitor::mempool_monitor[0m[2m:[0m 📨 Processing new pending transaction: 0x42e43bb5fcaeb054fb41777434fb4010de63f4aca423158d60a3b6b92a13f9b6
[2m2025-12-10T10:11:08.886572Z[0m [34mDEBUG[0m [2methereum_transaction_pool_monitor::mempool_monitor[0m[2m:[0m 🔍 Fetching transaction details for: 0x42e43bb5fcaeb054fb41777434fb4010de63f4aca423158d60a3b6b92a13f9b6
[2m2025-12-10T10:11:08.886576Z[0m [34mDEBUG[0m [2methereum_transaction_pool_monitor::eth_client[0m[2m:[0m 🔍 Fetching transaction details for hash: 0x42e43bb5fcaeb054fb41777434fb4010de63f4aca423158d60a3b6b92a13f9b6
[2m2025-12-10T10:11:08.886593Z[0m [34mDEBUG[0m [2mhyper::client::pool[0m[2m:[0m reuse idle connection for ("http", 192.168.0.14:8545)
[2m2025-12-10T10:11:08.886620Z[0m [34mDEBUG[0m [2mhyper::proto::h1::io[0m[2m:[0m flushed 250 bytes
[2m2025-12-10T10:11:08.886632Z[0m [34mDEBUG[0m [2mhyper::proto::h1::io[0m[2m:[0m parsed 4 headers
[2m2025-12-10T10:11:08.886636Z[0m [34mDEBUG[0m [2mhyper::proto::h1::conn[0m[2m:[0m incoming body is content-length (45 bytes)
[2m2025-12-10T10:11:08.886642Z[0m [34mDEBUG[0m [2mhyper::proto::h1::conn[0m[2m:[0m incoming body completed
[2m2025-12-10T10:11:08.886653Z[0m [34mDEBUG[0m [2mhyper::client::pool[0m[2m:[0m pooling idle connection for ("http", 192.168.0.14:8545)
[2m2025-12-10T10:11:08.889198Z[0m [34mDEBUG[0m [2methereum_transaction_pool_monitor::eth_client[0m[2m:[0m 📨 Received WebSocket message: {"jsonrpc":"2.0","method":"eth_subscription","params":{"subscription":"0xbed0a0851463e895960a451075a301a9","result":"0xbe8b02c33370eafdb5637109933a5aac9090027e35057eade23060cf60d4c3db"}}
[2m2025-12-10T10:11:08.889209Z[0m [34mDEBUG[0m [2methereum_transaction_pool_monitor::eth_client[0m[2m:[0m 📨 Received pending transaction: 0xbe8b02c33370eafdb5637109933a5aac9090027e35057eade23060cf60d4c3db
[2m2025-12-10T10:11:08.893872Z[0m [34mDEBUG[0m [2mhyper::proto::h1::io[0m[2m:[0m parsed 4 headers
[2m2025-12-10T10:11:08.893879Z[0m [34mDEBUG[0m [2mhyper::proto::h1::conn[0m[2m:[0m incoming body is content-length (712 bytes)
[2m2025-12-10T10:11:08.893884Z[0m [34mDEBUG[0m [2mhyper::proto::h1::conn[0m[2m:[0m incoming body completed
[2m2025-12-10T10:11:08.893892Z[0m [34mDEBUG[0m [2mhyper::client::pool[0m[2m:[0m pooling idle connection for ("http", 192.168.0.14:8545)
[2m2025-12-10T10:11:08.893898Z[0m [34mDEBUG[0m [2methereum_transaction_pool_monitor::eth_client[0m[2m:[0m 📡 Transaction fetch RPC completed in 7.317959ms
[2m2025-12-10T10:11:08.964643Z[0m [34mDEBUG[0m [2methereum_transaction_pool_monitor::eth_client[0m[2m:[0m ✅ Transaction 0x42e43bb5fcaeb054fb41777434fb4010de63f4aca423158d60a3b6b92a13f9b6 fetched and parsed in 78.060834ms
[2m2025-12-10T10:11:08.964668Z[0m [34mDEBUG[0m [2methereum_transaction_pool_monitor::mempool_monitor[0m[2m:[0m 🔍 Skipping tx 0x42e43bb5fcaeb054fb41777434fb4010de63f4aca423158d60a3b6b92a13f9b6 - not a DEX interaction (target: 0x48632B88E9A83f52D895a23245DDdE1DbDF23586)
[2m2025-12-10T10:11:08.964679Z[0m [34mDEBUG[0m [2methereum_transaction_pool_monitor::mempool_monitor[0m[2m:[0m 📨 Processing new pending transaction: 0xbbc5deb30a8f88839e5be7f004406f191a0ae3e4f1136dc68a5f6d3acc095a4a
[2m2025-12-10T10:11:08.964685Z[0m [34mDEBUG[0m [2methereum_transaction_pool_monitor::mempool_monitor[0m[2m:[0m 🔍 Fetching transaction details for: 0xbbc5deb30a8f88839e5be7f004406f191a0ae3e4f1136dc68a5f6d3acc095a4a
[2m2025-12-10T10:11:08.964689Z[0m [34mDEBUG[0m [2methereum_transaction_pool_monitor::eth_client[0m[2m:[0m 🔍 Fetching transaction details for hash: 0xbbc5deb30a8f88839e5be7f004406f191a0ae3e4f1136dc68a5f6d3acc095a4a
[2m2025-12-10T10:11:08.964707Z[0m [34mDEBUG[0m [2mhyper::client::pool[0m[2m:[0m reuse idle connection for ("http", 192.168.0.14:8545)
[2m2025-12-10T10:11:08.964734Z[0m [34mDEBUG[0m [2mhyper::proto::h1::io[0m[2m:[0m flushed 250 bytes
[2m2025-12-10T10:11:08.964752Z[0m [34mDEBUG[0m [2mhyper::client::pool[0m[2m:[0m reuse idle connection for ("http", 192.168.0.14:8545)
[2m2025-12-10T10:11:08.964765Z[0m [34mDEBUG[0m [2mhyper::proto::h1::io[0m[2m:[0m flushed 172 bytes
[2m2025-12-10T10:11:08.964767Z[0m [34mDEBUG[0m [2methereum_transaction_pool_monitor::eth_client[0m[2m:[0m 📨 Received WebSocket message: {"jsonrpc":"2.0","method":"eth_subscription","params":{"subscription":"0xbed0a0851463e895960a451075a301a9","result":"0x460df945f53988dbba246b46fa970ec1c52d954481c1748d8b9d678fad32698b"}}
[2m2025-12-10T10:11:08.964776Z[0m [34mDEBUG[0m [2methereum_transaction_pool_monitor::eth_client[0m[2m:[0m 📨 Received pending transaction: 0x460df945f53988dbba246b46fa970ec1c52d954481c1748d8b9d678fad32698b
[2m2025-12-10T10:11:08.971300Z[0m [34mDEBUG[0m [2mhyper::proto::h1::io[0m[2m:[0m parsed 4 headers
[2m2025-12-10T10:11:08.971310Z[0m [34mDEBUG[0m [2mhyper::proto::h1::conn[0m[2m:[0m incoming body is content-length (770 bytes)
[2m2025-12-10T10:11:08.971316Z[0m [34mDEBUG[0m [2mhyper::proto::h1::conn[0m[2m:[0m incoming body completed
[2m2025-12-10T10:11:08.971324Z[0m [34mDEBUG[0m [2mhyper::client::pool[0m[2m:[0m pooling idle connection for ("http", 192.168.0.14:8545)
[2m2025-12-10T10:11:08.971330Z[0m [34mDEBUG[0m [2methereum_transaction_pool_monitor::eth_client[0m[2m:[0m 📡 Transaction fetch RPC completed in 6.637208ms
[2m2025-12-10T10:11:09.041283Z[0m [34mDEBUG[0m [2methereum_transaction_pool_monitor::eth_client[0m[2m:[0m ✅ Transaction 0xbbc5deb30a8f88839e5be7f004406f191a0ae3e4f1136dc68a5f6d3acc095a4a fetched and parsed in 76.587375ms
[2m2025-12-10T10:11:09.041312Z[0m [34mDEBUG[0m [2methereum_transaction_pool_monitor::mempool_monitor[0m[2m:[0m 🔍 Skipping tx 0xbbc5deb30a8f88839e5be7f004406f191a0ae3e4f1136dc68a5f6d3acc095a4a - not a DEX interaction (target: 0xB8f28C60dD8240141185a192fa4156A23E189305)
[2m2025-12-10T10:11:09.041324Z[0m [34mDEBUG[0m [2methereum_transaction_pool_monitor::mempool_monitor[0m[2m:[0m 📨 Processing new pending transaction: 0xe2a8c523e1598c21ea6c81d0244c8c78ab970ec8434836dd2d7b8368a8addea2
[2m2025-12-10T10:11:09.041331Z[0m [34mDEBUG[0m [2methereum_transaction_pool_monitor::mempool_monitor[0m[2m:[0m 🔍 Fetching transaction details for: 0xe2a8c523e1598c21ea6c81d0244c8c78ab970ec8434836dd2d7b8368a8addea2
[2m2025-12-10T10:11:09.041338Z[0m [34mDEBUG[0m [2methereum_transaction_pool_monitor::eth_client[0m[2m:[0m 🔍 Fetching transaction details for hash: 0xe2a8c523e1598c21ea6c81d0244c8c78ab970ec8434836dd2d7b8368a8addea2
[2m2025-12-10T10:11:09.041359Z[0m [34mDEBUG[0m [2mhyper::client::pool[0m[2m:[0m reuse idle connection for ("http", 192.168.0.14:8545)
[2m2025-12-10T10:11:09.041390Z[0m [34mDEBUG[0m [2mhyper::proto::h1::io[0m[2m:[0m flushed 250 bytes
[2m2025-12-10T10:11:09.041406Z[0m [34mDEBUG[0m [2mhyper::proto::h1::io[0m[2m:[0m parsed 4 headers
[2m2025-12-10T10:11:09.041412Z[0m [34mDEBUG[0m [2mhyper::proto::h1::conn[0m[2m:[0m incoming body is content-length (45 bytes)
[2m2025-12-10T10:11:09.041419Z[0m [34mDEBUG[0m [2mhyper::proto::h1::conn[0m[2m:[0m incoming body completed
[2m2025-12-10T10:11:09.041429Z[0m [34mDEBUG[0m [2mhyper::client::pool[0m[2m:[0m pooling idle connection for ("http", 192.168.0.14:8545)
[2m2025-12-10T10:11:09.041444Z[0m [34mDEBUG[0m [2mhyper::client::pool[0m[2m:[0m reuse idle connection for ("http", 192.168.0.14:8545)
[2m2025-12-10T10:11:09.041458Z[0m [34mDEBUG[0m [2mhyper::proto::h1::io[0m[2m:[0m flushed 172 bytes
[2m2025-12-10T10:11:09.043150Z[0m [34mDEBUG[0m [2methereum_transaction_pool_monitor::eth_client[0m[2m:[0m 📨 Received WebSocket message: {"jsonrpc":"2.0","method":"eth_subscription","params":{"subscription":"0xbed0a0851463e895960a451075a301a9","result":"0x35bca8b74cca03f7207f575f67714df974726ea02ca4add239919c6268148dcb"}}
[2m2025-12-10T10:11:09.043162Z[0m [34mDEBUG[0m [2methereum_transaction_pool_monitor::eth_client[0m[2m:[0m 📨 Received pending transaction: 0x35bca8b74cca03f7207f575f67714df974726ea02ca4add239919c6268148dcb
[2m2025-12-10T10:11:09.047369Z[0m [34mDEBUG[0m [2mhyper::proto::h1::io[0m[2m:[0m parsed 4 headers
[2m2025-12-10T10:11:09.047387Z[0m [34mDEBUG[0m [2mhyper::proto::h1::conn[0m[2m:[0m incoming body is content-length (770 bytes)
[2m2025-12-10T10:11:09.047400Z[0m [34mDEBUG[0m [2mhyper::proto::h1::conn[0m[2m:[0m incoming body completed
[2m2025-12-10T10:11:09.047413Z[0m [34mDEBUG[0m [2mhyper::client::pool[0m[2m:[0m pooling idle connection for ("http", 192.168.0.14:8545)
[2m2025-12-10T10:11:09.047420Z[0m [34mDEBUG[0m [2methereum_transaction_pool_monitor::eth_client[0m[2m:[0m 📡 Transaction fetch RPC completed in 6.076458ms
[2m2025-12-10T10:11:09.047439Z[0m [34mDEBUG[0m [2methereum_transaction_pool_monitor::eth_client[0m[2m:[0m DeFi transaction detected - Address: 0xdac17f958d2ee523a2206206994597c13d831ec7, Type: Stablecoin, Value: 0 ETH, Gas: 0.21 Gwei
[2m2025-12-10T10:11:09.047456Z[0m [34mDEBUG[0m [2methereum_transaction_pool_monitor::eth_client[0m[2m:[0m ✅ Transaction 0xe2a8c523e1598c21ea6c81d0244c8c78ab970ec8434836dd2d7b8368a8addea2 fetched and parsed in 6.112958ms
[2m2025-12-10T10:11:09.047467Z[0m [34mDEBUG[0m [2methereum_transaction_pool_monitor::mempool_monitor[0m[2m:[0m 🔍 Skipping tx 0xe2a8c523e1598c21ea6c81d0244c8c78ab970ec8434836dd2d7b8368a8addea2 - not a DEX interaction (target: 0xdAC17F958D2ee523a2206206994597C13D831ec7)
[2m2025-12-10T10:11:09.047487Z[0m [34mDEBUG[0m [2methereum_transaction_pool_monitor::mempool_monitor[0m[2m:[0m 📨 Processing new pending transaction: 0xbe8b02c33370eafdb5637109933a5aac9090027e35057eade23060cf60d4c3db
[2m2025-12-10T10:11:09.047492Z[0m [34mDEBUG[0m [2methereum_transaction_pool_monitor::mempool_monitor[0m[2m:[0m 🔍 Fetching transaction details for: 0xbe8b02c33370eafdb5637109933a5aac9090027e35057eade23060cf60d4c3db
[2m2025-12-10T10:11:09.047495Z[0m [34mDEBUG[0m [2methereum_transaction_pool_monitor::eth_client[0m[2m:[0m 🔍 Fetching transaction details for hash: 0xbe8b02c33370eafdb5637109933a5aac9090027e35057eade23060cf60d4c3db
[2m2025-12-10T10:11:09.047513Z[0m [34mDEBUG[0m [2mhyper::client::pool[0m[2m:[0m reuse idle connection for ("http", 192.168.0.14:8545)
[2m2025-12-10T10:11:09.047533Z[0m [34mDEBUG[0m [2mhyper::proto::h1::io[0m[2m:[0m flushed 250 bytes
[2m2025-12-10T10:11:09.047544Z[0m [34mDEBUG[0m [2mhyper::proto::h1::io[0m[2m:[0m parsed 4 headers
[2m2025-12-10T10:11:09.047548Z[0m [34mDEBUG[0m [2mhyper::proto::h1::conn[0m[2m:[0m incoming body is content-length (45 bytes)
[2m2025-12-10T10:11:09.047553Z[0m [34mDEBUG[0m [2mhyper::proto::h1::conn[0m[2m:[0m incoming body completed
[2m2025-12-10T10:11:09.047559Z[0m [34mDEBUG[0m [2mhyper::client::pool[0m[2m:[0m pooling idle connection for ("http", 192.168.0.14:8545)
[2m2025-12-10T10:11:09.054520Z[0m [34mDEBUG[0m [2mhyper::proto::h1::io[0m[2m:[0m parsed 4 headers
[2m2025-12-10T10:11:09.054529Z[0m [34mDEBUG[0m [2mhyper::proto::h1::conn[0m[2m:[0m incoming body is content-length (552 bytes)
[2m2025-12-10T10:11:09.054534Z[0m [34mDEBUG[0m [2mhyper::proto::h1::conn[0m[2m:[0m incoming body completed
[2m2025-12-10T10:11:09.054540Z[0m [34mDEBUG[0m [2mhyper::client::pool[0m[2m:[0m pooling idle connection for ("http", 192.168.0.14:8545)
[2m2025-12-10T10:11:09.054544Z[0m [34mDEBUG[0m [2methereum_transaction_pool_monitor::eth_client[0m[2m:[0m 📡 Transaction fetch RPC completed in 7.04375ms
[2m2025-12-10T10:11:09.126148Z[0m [34mDEBUG[0m [2methereum_transaction_pool_monitor::eth_client[0m[2m:[0m ✅ Transaction 0xbe8b02c33370eafdb5637109933a5aac9090027e35057eade23060cf60d4c3db fetched and parsed in 78.644916ms
[2m2025-12-10T10:11:09.126173Z[0m [34mDEBUG[0m [2methereum_transaction_pool_monitor::mempool_monitor[0m[2m:[0m 🔍 Skipping tx 0xbe8b02c33370eafdb5637109933a5aac9090027e35057eade23060cf60d4c3db - not a DEX interaction (target: 0x5fE7e1F21b15a46AAb09198772101a9C56711069)
[2m2025-12-10T10:11:09.126183Z[0m [34mDEBUG[0m [2methereum_transaction_pool_monitor::mempool_monitor[0m[2m:[0m 📨 Processing new pending transaction: 0x460df945f53988dbba246b46fa970ec1c52d954481c1748d8b9d678fad32698b
[2m2025-12-10T10:11:09.126189Z[0m [34mDEBUG[0m [2methereum_transaction_pool_monitor::mempool_monitor[0m[2m:[0m 🔍 Fetching transaction details for: 0x460df945f53988dbba246b46fa970ec1c52d954481c1748d8b9d678fad32698b
[2m2025-12-10T10:11:09.126193Z[0m [34mDEBUG[0m [2methereum_transaction_pool_monitor::eth_client[0m[2m:[0m 🔍 Fetching transaction details for hash: 0x460df945f53988dbba246b46fa970ec1c52d954481c1748d8b9d678fad32698b
[2m2025-12-10T10:11:09.126211Z[0m [34mDEBUG[0m [2mhyper::client::pool[0m[2m:[0m reuse idle connection for ("http", 192.168.0.14:8545)
[2m2025-12-10T10:11:09.126248Z[0m [34mDEBUG[0m [2mhyper::proto::h1::io[0m[2m:[0m flushed 250 bytes
[2m2025-12-10T10:11:09.126277Z[0m [34mDEBUG[0m [2mhyper::client::pool[0m[2m:[0m reuse idle connection for ("http", 192.168.0.14:8545)
[2m2025-12-10T10:11:09.126291Z[0m [34mDEBUG[0m [2mhyper::proto::h1::io[0m[2m:[0m flushed 172 bytes
[2m2025-12-10T10:11:09.130022Z[0m [34mDEBUG[0m [2mhyper::proto::h1::io[0m[2m:[0m parsed 4 headers
[2m2025-12-10T10:11:09.130031Z[0m [34mDEBUG[0m [2mhyper::proto::h1::conn[0m[2m:[0m incoming body is content-length (45 bytes)
[2m2025-12-10T10:11:09.130038Z[0m [34mDEBUG[0m [2mhyper::proto::h1::conn[0m[2m:[0m incoming body completed
[2m2025-12-10T10:11:09.130047Z[0m [34mDEBUG[0m [2mhyper::client::pool[0m[2m:[0m pooling idle connection for ("http", 192.168.0.14:8545)
[2m2025-12-10T10:11:09.130066Z[0m [34mDEBUG[0m [2mhyper::proto::h1::io[0m[2m:[0m parsed 4 headers
[2m2025-12-10T10:11:09.130071Z[0m [34mDEBUG[0m [2mhyper::proto::h1::conn[0m[2m:[0m incoming body is content-length (762 bytes)
[2m2025-12-10T10:11:09.130076Z[0m [34mDEBUG[0m [2mhyper::proto::h1::conn[0m[2m:[0m incoming body completed
[2m2025-12-10T10:11:09.130081Z[0m [34mDEBUG[0m [2mhyper::client::pool[0m[2m:[0m pooling idle connection for ("http", 192.168.0.14:8545)
[2m2025-12-10T10:11:09.130085Z[0m [34mDEBUG[0m [2methereum_transaction_pool_monitor::eth_client[0m[2m:[0m 📡 Transaction fetch RPC completed in 3.887958ms
[2m2025-12-10T10:11:09.130099Z[0m [34mDEBUG[0m [2methereum_transaction_pool_monitor::eth_client[0m[2m:[0m DeFi transaction detected - Address: 0xdac17f958d2ee523a2206206994597c13d831ec7, Type: Stablecoin, Value: 0 ETH, Gas: 0.33 Gwei
[2m2025-12-10T10:11:09.130112Z[0m [34mDEBUG[0m [2methereum_transaction_pool_monitor::eth_client[0m[2m:[0m ✅ Transaction 0x460df945f53988dbba246b46fa970ec1c52d954481c1748d8b9d678fad32698b fetched and parsed in 3.91475ms
[2m2025-12-10T10:11:09.130380Z[0m [34mDEBUG[0m [2methereum_transaction_pool_monitor::mempool_monitor[0m[2m:[0m 🔍 Skipping tx 0x460df945f53988dbba246b46fa970ec1c52d954481c1748d8b9d678fad32698b - not a DEX interaction (target: 0xdAC17F958D2ee523a2206206994597C13D831ec7)
[2m2025-12-10T10:11:09.130390Z[0m [34mDEBUG[0m [2methereum_transaction_pool_monitor::mempool_monitor[0m[2m:[0m 📨 Processing new pending transaction: 0x35bca8b74cca03f7207f575f67714df974726ea02ca4add239919c6268148dcb
[2m2025-12-10T10:11:09.130394Z[0m [34mDEBUG[0m [2methereum_transaction_pool_monitor::mempool_monitor[0m[2m:[0m 🔍 Fetching transaction details for: 0x35bca8b74cca03f7207f575f67714df974726ea02ca4add239919c6268148dcb
[2m2025-12-10T10:11:09.130398Z[0m [34mDEBUG[0m [2methereum_transaction_pool_monitor::eth_client[0m[2m:[0m 🔍 Fetching transaction details for hash: 0x35bca8b74cca03f7207f575f67714df974726ea02ca4add239919c6268148dcb
[2m2025-12-10T10:11:09.130409Z[0m [34mDEBUG[0m [2mhyper::client::pool[0m[2m:[0m reuse idle connection for ("http", 192.168.0.14:8545)
[2m2025-12-10T10:11:09.130422Z[0m [34mDEBUG[0m [2mhyper::proto::h1::io[0m[2m:[0m flushed 250 bytes
[2m2025-12-10T10:11:09.136120Z[0m [34mDEBUG[0m [2mhyper::proto::h1::io[0m[2m:[0m parsed 4 headers
[2m2025-12-10T10:11:09.136126Z[0m [34mDEBUG[0m [2mhyper::proto::h1::conn[0m[2m:[0m incoming body is content-length (830 bytes)
[2m2025-12-10T10:11:09.136131Z[0m [34mDEBUG[0m [2mhyper::proto::h1::conn[0m[2m:[0m incoming body completed
[2m2025-12-10T10:11:09.136136Z[0m [34mDEBUG[0m [2mhyper::client::pool[0m[2m:[0m pooling idle connection for ("http", 192.168.0.14:8545)
[2m2025-12-10T10:11:09.136140Z[0m [34mDEBUG[0m [2methereum_transaction_pool_monitor::eth_client[0m[2m:[0m 📡 Transaction fetch RPC completed in 5.738ms
[2m2025-12-10T10:11:09.207379Z[0m [34mDEBUG[0m [2methereum_transaction_pool_monitor::eth_client[0m[2m:[0m ✅ Transaction 0x35bca8b74cca03f7207f575f67714df974726ea02ca4add239919c6268148dcb fetched and parsed in 76.974917ms
[2m2025-12-10T10:11:09.207404Z[0m [34mDEBUG[0m [2methereum_transaction_pool_monitor::mempool_monitor[0m[2m:[0m 🔍 Skipping tx 0x35bca8b74cca03f7207f575f67714df974726ea02ca4add239919c6268148dcb - not a DEX interaction (target: 0x3B4D794a66304F130a4Db8F2551B0070dfCf5ca7)
[2m2025-12-10T10:11:09.207450Z[0m [34mDEBUG[0m [2mhyper::client::pool[0m[2m:[0m reuse idle connection for ("http", 192.168.0.14:8545)
[2m2025-12-10T10:11:09.207478Z[0m [34mDEBUG[0m [2mhyper::proto::h1::io[0m[2m:[0m flushed 172 bytes
[2m2025-12-10T10:11:09.212418Z[0m [34mDEBUG[0m [2mhyper::proto::h1::io[0m[2m:[0m parsed 4 headers
[2m2025-12-10T10:11:09.213802Z[0m [34mDEBUG[0m [2mhyper::proto::h1::conn[0m[2m:[0m incoming body is content-length (45 bytes)
[2m2025-12-10T10:11:09.213810Z[0m [34mDEBUG[0m [2mhyper::proto::h1::conn[0m[2m:[0m incoming body completed
[2m2025-12-10T10:11:09.213822Z[0m [34mDEBUG[0m [2mhyper::client::pool[0m[2m:[0m pooling idle connection for ("http", 192.168.0.14:8545)
[2m2025-12-10T10:11:09.226292Z[0m [34mDEBUG[0m [2methereum_transaction_pool_monitor::eth_client[0m[2m:[0m 📨 Received WebSocket message: {"jsonrpc":"2.0","method":"eth_subscription","params":{"subscription":"0xbed0a0851463e895960a451075a301a9","result":"0x4c95a9ab02e7ad2a245bd67a0ff3990448cd23e8d66c627133c09719a0186a23"}}
[2m2025-12-10T10:11:09.226339Z[0m [34mDEBUG[0m [2methereum_transaction_pool_monitor::eth_client[0m[2m:[0m 📨 Received pending transaction: 0x4c95a9ab02e7ad2a245bd67a0ff3990448cd23e8d66c627133c09719a0186a23
[2m2025-12-10T10:11:09.226348Z[0m [34mDEBUG[0m [2methereum_transaction_pool_monitor::mempool_monitor[0m[2m:[0m 📨 Processing new pending transaction: 0x4c95a9ab02e7ad2a245bd67a0ff3990448cd23e8d66c627133c09719a0186a23
[2m2025-12-10T10:11:09.226352Z[0m [34mDEBUG[0m [2methereum_transaction_pool_monitor::mempool_monitor[0m[2m:[0m 🔍 Fetching transaction details for: 0x4c95a9ab02e7ad2a245bd67a0ff3990448cd23e8d66c627133c09719a0186a23
[2m2025-12-10T10:11:09.226356Z[0m [34mDEBUG[0m [2methereum_transaction_pool_monitor::eth_client[0m[2m:[0m 🔍 Fetching transaction details for hash: 0x4c95a9ab02e7ad2a245bd67a0ff3990448cd23e8d66c627133c09719a0186a23
[2m2025-12-10T10:11:09.226376Z[0m [34mDEBUG[0m [2mhyper::client::pool[0m[2m:[0m reuse idle connection for ("http", 192.168.0.14:8545)
[2m2025-12-10T10:11:09.226399Z[0m [34mDEBUG[0m [2mhyper::proto::h1::io[0m[2m:[0m flushed 250 bytes
[2m2025-12-10T10:11:09.232559Z[0m [34mDEBUG[0m [2mhyper::proto::h1::io[0m[2m:[0m parsed 4 headers
[2m2025-12-10T10:11:09.232581Z[0m [34mDEBUG[0m [2mhyper::proto::h1::conn[0m[2m:[0m incoming body is content-length (770 bytes)
[2m2025-12-10T10:11:09.232588Z[0m [34mDEBUG[0m [2mhyper::proto::h1::conn[0m[2m:[0m incoming body completed
[2m2025-12-10T10:11:09.232596Z[0m [34mDEBUG[0m [2mhyper::client::pool[0m[2m:[0m pooling idle connection for ("http", 192.168.0.14:8545)
[2m2025-12-10T10:11:09.232603Z[0m [34mDEBUG[0m [2methereum_transaction_pool_monitor::eth_client[0m[2m:[0m 📡 Transaction fetch RPC completed in 6.243458ms
[2m2025-12-10T10:11:09.232617Z[0m [34mDEBUG[0m [2methereum_transaction_pool_monitor::eth_client[0m[2m:[0m DeFi transaction detected - Address: 0xdac17f958d2ee523a2206206994597c13d831ec7, Type: Stablecoin, Value: 0 ETH, Gas: 0.73 Gwei
[2m2025-12-10T10:11:09.232628Z[0m [34mDEBUG[0m [2methereum_transaction_pool_monitor::eth_client[0m[2m:[0m ✅ Transaction 0x4c95a9ab02e7ad2a245bd67a0ff3990448cd23e8d66c627133c09719a0186a23 fetched and parsed in 6.268333ms
[2m2025-12-10T10:11:09.232634Z[0m [34mDEBUG[0m [2methereum_transaction_pool_monitor::mempool_monitor[0m[2m:[0m 🔍 Skipping tx 0x4c95a9ab02e7ad2a245bd67a0ff3990448cd23e8d66c627133c09719a0186a23 - not a DEX interaction (target: 0xdAC17F958D2ee523a2206206994597C13D831ec7)
[2m2025-12-10T10:11:09.259902Z[0m [34mDEBUG[0m [2methereum_transaction_pool_monitor::eth_client[0m[2m:[0m 📨 Received WebSocket message: {"jsonrpc":"2.0","method":"eth_subscription","params":{"subscription":"0xbed0a0851463e895960a451075a301a9","result":"0xfa8b4f4b3fa36137dc7e7611a3a609650c3acb3998408ac634e417e4f7e2f4f8"}}
[2m2025-12-10T10:11:09.259925Z[0m [34mDEBUG[0m [2methereum_transaction_pool_monitor::eth_client[0m[2m:[0m 📨 Received pending transaction: 0xfa8b4f4b3fa36137dc7e7611a3a609650c3acb3998408ac634e417e4f7e2f4f8
[2m2025-12-10T10:11:09.259934Z[0m [34mDEBUG[0m [2methereum_transaction_pool_monitor::mempool_monitor[0m[2m:[0m 📨 Processing new pending transaction: 0xfa8b4f4b3fa36137dc7e7611a3a609650c3acb3998408ac634e417e4f7e2f4f8
[2m2025-12-10T10:11:09.259939Z[0m [34mDEBUG[0m [2methereum_transaction_pool_monitor::mempool_monitor[0m[2m:[0m 🔍 Fetching transaction details for: 0xfa8b4f4b3fa36137dc7e7611a3a609650c3acb3998408ac634e417e4f7e2f4f8
[2m2025-12-10T10:11:09.259944Z[0m [34mDEBUG[0m [2methereum_transaction_pool_monitor::eth_client[0m[2m:[0m 🔍 Fetching transaction details for hash: 0xfa8b4f4b3fa36137dc7e7611a3a609650c3acb3998408ac634e417e4f7e2f4f8
[2m2025-12-10T10:11:09.259966Z[0m [34mDEBUG[0m [2mhyper::client::pool[0m[2m:[0m reuse idle connection for ("http", 192.168.0.14:8545)
[2m2025-12-10T10:11:09.259988Z[0m [34mDEBUG[0m [2mhyper::proto::h1::io[0m[2m:[0m flushed 250 bytes
[2m2025-12-10T10:11:09.270202Z[0m [34mDEBUG[0m [2mhyper::proto::h1::io[0m[2m:[0m parsed 4 headers
[2m2025-12-10T10:11:09.270213Z[0m [34mDEBUG[0m [2mhyper::proto::h1::conn[0m[2m:[0m incoming body is content-length (643 bytes)
[2m2025-12-10T10:11:09.270221Z[0m [34mDEBUG[0m [2mhyper::proto::h1::conn[0m[2m:[0m incoming body completed
[2m2025-12-10T10:11:09.270229Z[0m [34mDEBUG[0m [2mhyper::client::pool[0m[2m:[0m pooling idle connection for ("http", 192.168.0.14:8545)
[2m2025-12-10T10:11:09.270235Z[0m [34mDEBUG[0m [2methereum_transaction_pool_monitor::eth_client[0m[2m:[0m 📡 Transaction fetch RPC completed in 10.286833ms
[2m2025-12-10T10:11:09.343092Z[0m [34mDEBUG[0m [2methereum_transaction_pool_monitor::eth_client[0m[2m:[0m ✅ Transaction 0xfa8b4f4b3fa36137dc7e7611a3a609650c3acb3998408ac634e417e4f7e2f4f8 fetched and parsed in 83.141291ms
[2m2025-12-10T10:11:09.343115Z[0m [34mDEBUG[0m [2methereum_transaction_pool_monitor::mempool_monitor[0m[2m:[0m 🔍 Skipping tx 0xfa8b4f4b3fa36137dc7e7611a3a609650c3acb3998408ac634e417e4f7e2f4f8 - not a DEX interaction (target: 0x0e569121323C5dbC9D2ED559C0769c3b10282332)
[2m2025-12-10T10:11:09.343148Z[0m [34mDEBUG[0m [2mhyper::client::pool[0m[2m:[0m reuse idle connection for ("http", 192.168.0.14:8545)
[2m2025-12-10T10:11:09.343172Z[0m [34mDEBUG[0m [2mhyper::proto::h1::io[0m[2m:[0m flushed 172 bytes
[2m2025-12-10T10:11:09.343172Z[0m [34mDEBUG[0m [2methereum_transaction_pool_monitor::eth_client[0m[2m:[0m 📨 Received WebSocket message: {"jsonrpc":"2.0","method":"eth_subscription","params":{"subscription":"0xbed0a0851463e895960a451075a301a9","result":"0xc8158062e43c25322dea4f6d222c6dcc51fc57fa6140a2beeb4efd875868a220"}}
[2m2025-12-10T10:11:09.343188Z[0m [34mDEBUG[0m [2methereum_transaction_pool_monitor::eth_client[0m[2m:[0m 📨 Received pending transaction: 0xc8158062e43c25322dea4f6d222c6dcc51fc57fa6140a2beeb4efd875868a220
[2m2025-12-10T10:11:09.343193Z[0m [34mDEBUG[0m [2methereum_transaction_pool_monitor::eth_client[0m[2m:[0m 📨 Received WebSocket message: {"jsonrpc":"2.0","method":"eth_subscription","params":{"subscription":"0xbed0a0851463e895960a451075a301a9","result":"0x4534e01c1bddeb2ab34d8ac5327d113ac1b8da76dcc7bb0011b9e13f91074bce"}}
[2m2025-12-10T10:11:09.343198Z[0m [34mDEBUG[0m [2methereum_transaction_pool_monitor::eth_client[0m[2m:[0m 📨 Received pending transaction: 0x4534e01c1bddeb2ab34d8ac5327d113ac1b8da76dcc7bb0011b9e13f91074bce
[2m2025-12-10T10:11:09.343201Z[0m [34mDEBUG[0m [2methereum_transaction_pool_monitor::eth_client[0m[2m:[0m 📨 Received WebSocket message: {"jsonrpc":"2.0","method":"eth_subscription","params":{"subscription":"0xbed0a0851463e895960a451075a301a9","result":"0xe45d24289421818e583424427814d87606184be2e9a93df38ce716d3a2b5c78a"}}
[2m2025-12-10T10:11:09.343206Z[0m [34mDEBUG[0m [2methereum_transaction_pool_monitor::eth_client[0m[2m:[0m 📨 Received pending transaction: 0xe45d24289421818e583424427814d87606184be2e9a93df38ce716d3a2b5c78a
[2m2025-12-10T10:11:09.343210Z[0m [34mDEBUG[0m [2methereum_transaction_pool_monitor::mempool_monitor[0m[2m:[0m 📨 Processing new pending transaction: 0xc8158062e43c25322dea4f6d222c6dcc51fc57fa6140a2beeb4efd875868a220
[2m2025-12-10T10:11:09.343214Z[0m [34mDEBUG[0m [2methereum_transaction_pool_monitor::mempool_monitor[0m[2m:[0m 🔍 Fetching transaction details for: 0xc8158062e43c25322dea4f6d222c6dcc51fc57fa6140a2beeb4efd875868a220
[2m2025-12-10T10:11:09.343217Z[0m [34mDEBUG[0m [2methereum_transaction_pool_monitor::eth_client[0m[2m:[0m 🔍 Fetching transaction details for hash: 0xc8158062e43c25322dea4f6d222c6dcc51fc57fa6140a2beeb4efd875868a220
[2m2025-12-10T10:11:09.343223Z[0m [34mDEBUG[0m [2mhyper::client::pool[0m[2m:[0m reuse idle connection for ("http", 192.168.0.14:8545)
[2m2025-12-10T10:11:09.343235Z[0m [34mDEBUG[0m [2mhyper::proto::h1::io[0m[2m:[0m flushed 250 bytes
[2m2025-12-10T10:11:09.347914Z[0m [34mDEBUG[0m [2mhyper::proto::h1::io[0m[2m:[0m parsed 4 headers
[2m2025-12-10T10:11:09.347921Z[0m [34mDEBUG[0m [2mhyper::proto::h1::conn[0m[2m:[0m incoming body is content-length (45 bytes)
[2m2025-12-10T10:11:09.347928Z[0m [34mDEBUG[0m [2mhyper::proto::h1::conn[0m[2m:[0m incoming body completed
[2m2025-12-10T10:11:09.347935Z[0m [34mDEBUG[0m [2mhyper::client::pool[0m[2m:[0m pooling idle connection for ("http", 192.168.0.14:8545)
[2m2025-12-10T10:11:09.348700Z[0m [34mDEBUG[0m [2mhyper::proto::h1::io[0m[2m:[0m parsed 4 headers
[2m2025-12-10T10:11:09.348705Z[0m [34mDEBUG[0m [2mhyper::proto::h1::conn[0m[2m:[0m incoming body is content-length (769 bytes)
[2m2025-12-10T10:11:09.348710Z[0m [34mDEBUG[0m [2mhyper::proto::h1::conn[0m[2m:[0m incoming body completed
[2m2025-12-10T10:11:09.348715Z[0m [34mDEBUG[0m [2mhyper::client::pool[0m[2m:[0m pooling idle connection for ("http", 192.168.0.14:8545)
[2m2025-12-10T10:11:09.348720Z[0m [34mDEBUG[0m [2methereum_transaction_pool_monitor::eth_client[0m[2m:[0m 📡 Transaction fetch RPC completed in 5.49975ms
[2m2025-12-10T10:11:09.348730Z[0m [34mDEBUG[0m [2methereum_transaction_pool_monitor::eth_client[0m[2m:[0m DeFi transaction detected - Address: 0xdac17f958d2ee523a2206206994597c13d831ec7, Type: Stablecoin, Value: 0 ETH, Gas: 0.21 Gwei
[2m2025-12-10T10:11:09.348742Z[0m [34mDEBUG[0m [2methereum_transaction_pool_monitor::eth_client[0m[2m:[0m ✅ Transaction 0xc8158062e43c25322dea4f6d222c6dcc51fc57fa6140a2beeb4efd875868a220 fetched and parsed in 5.521625ms
[2m2025-12-10T10:11:09.348746Z[0m [34mDEBUG[0m [2methereum_transaction_pool_monitor::mempool_monitor[0m[2m:[0m 🔍 Skipping tx 0xc8158062e43c25322dea4f6d222c6dcc51fc57fa6140a2beeb4efd875868a220 - not a DEX interaction (target: 0xdAC17F958D2ee523a2206206994597C13D831ec7)
[2m2025-12-10T10:11:09.348751Z[0m [34mDEBUG[0m [2methereum_transaction_pool_monitor::mempool_monitor[0m[2m:[0m 📨 Processing new pending transaction: 0x4534e01c1bddeb2ab34d8ac5327d113ac1b8da76dcc7bb0011b9e13f91074bce
[2m2025-12-10T10:11:09.348755Z[0m [34mDEBUG[0m [2methereum_transaction_pool_monitor::mempool_monitor[0m[2m:[0m 🔍 Fetching transaction details for: 0x4534e01c1bddeb2ab34d8ac5327d113ac1b8da76dcc7bb0011b9e13f91074bce
[2m2025-12-10T10:11:09.348758Z[0m [34mDEBUG[0m [2methereum_transaction_pool_monitor::eth_client[0m[2m:[0m 🔍 Fetching transaction details for hash: 0x4534e01c1bddeb2ab34d8ac5327d113ac1b8da76dcc7bb0011b9e13f91074bce
[2m2025-12-10T10:11:09.348765Z[0m [34mDEBUG[0m [2mhyper::client::pool[0m[2m:[0m reuse idle connection for ("http", 192.168.0.14:8545)
[2m2025-12-10T10:11:09.348782Z[0m [34mDEBUG[0m [2mhyper::proto::h1::io[0m[2m:[0m flushed 250 bytes
[2m2025-12-10T10:11:09.356750Z[0m [34mDEBUG[0m [2mhyper::proto::h1::io[0m[2m:[0m parsed 4 headers
[2m2025-12-10T10:11:09.356767Z[0m [34mDEBUG[0m [2mhyper::proto::h1::conn[0m[2m:[0m incoming body is content-length (647 bytes)
[2m2025-12-10T10:11:09.356776Z[0m [34mDEBUG[0m [2mhyper::proto::h1::conn[0m[2m:[0m incoming body completed
[2m2025-12-10T10:11:09.356789Z[0m [34mDEBUG[0m [2mhyper::client::pool[0m[2m:[0m pooling idle connection for ("http", 192.168.0.14:8545)
[2m2025-12-10T10:11:09.356796Z[0m [34mDEBUG[0m [2methereum_transaction_pool_monitor::eth_client[0m[2m:[0m 📡 Transaction fetch RPC completed in 8.0345ms
[2m2025-12-10T10:11:09.428132Z[0m [34mDEBUG[0m [2methereum_transaction_pool_monitor::eth_client[0m[2m:[0m ✅ Transaction 0x4534e01c1bddeb2ab34d8ac5327d113ac1b8da76dcc7bb0011b9e13f91074bce fetched and parsed in 79.368292ms
[2m2025-12-10T10:11:09.428157Z[0m [34mDEBUG[0m [2methereum_transaction_pool_monitor::mempool_monitor[0m[2m:[0m 🔍 Skipping tx 0x4534e01c1bddeb2ab34d8ac5327d113ac1b8da76dcc7bb0011b9e13f91074bce - not a DEX interaction (target: 0x71743E90d5f3F54a8A21aBd31CaF75a10379820A)
[2m2025-12-10T10:11:09.428168Z[0m [34mDEBUG[0m [2methereum_transaction_pool_monitor::mempool_monitor[0m[2m:[0m 📨 Processing new pending transaction: 0xe45d24289421818e583424427814d87606184be2e9a93df38ce716d3a2b5c78a
[2m2025-12-10T10:11:09.428174Z[0m [34mDEBUG[0m [2methereum_transaction_pool_monitor::mempool_monitor[0m[2m:[0m 🔍 Fetching transaction details for: 0xe45d24289421818e583424427814d87606184be2e9a93df38ce716d3a2b5c78a
[2m2025-12-10T10:11:09.428180Z[0m [34mDEBUG[0m [2methereum_transaction_pool_monitor::eth_client[0m[2m:[0m 🔍 Fetching transaction details for hash: 0xe45d24289421818e583424427814d87606184be2e9a93df38ce716d3a2b5c78a
[2m2025-12-10T10:11:09.428197Z[0m [34mDEBUG[0m [2mhyper::client::pool[0m[2m:[0m reuse idle connection for ("http", 192.168.0.14:8545)
[2m2025-12-10T10:11:09.428231Z[0m [34mDEBUG[0m [2mhyper::proto::h1::io[0m[2m:[0m flushed 250 bytes
[2m2025-12-10T10:11:09.428486Z[0m [34mDEBUG[0m [2mhyper::client::pool[0m[2m:[0m reuse idle connection for ("http", 192.168.0.14:8545)
[2m2025-12-10T10:11:09.428503Z[0m [34mDEBUG[0m [2mhyper::proto::h1::io[0m[2m:[0m flushed 172 bytes
[2m2025-12-10T10:11:09.428504Z[0m [34mDEBUG[0m [2methereum_transaction_pool_monitor::eth_client[0m[2m:[0m 📨 Received WebSocket message: {"jsonrpc":"2.0","method":"eth_subscription","params":{"subscription":"0xbed0a0851463e895960a451075a301a9","result":"0xccaa3ddb2c4145cfc7a585196a1c389fa6160f218290e087f521d0fcaf89611e"}}
[2m2025-12-10T10:11:09.428517Z[0m [34mDEBUG[0m [2methereum_transaction_pool_monitor::eth_client[0m[2m:[0m 📨 Received pending transaction: 0xccaa3ddb2c4145cfc7a585196a1c389fa6160f218290e087f521d0fcaf89611e
[2m2025-12-10T10:11:09.428522Z[0m [34mDEBUG[0m [2methereum_transaction_pool_monitor::eth_client[0m[2m:[0m 📨 Received WebSocket message: {"jsonrpc":"2.0","method":"eth_subscription","params":{"subscription":"0xbed0a0851463e895960a451075a301a9","result":"0xedb0a5fcbd52ea4f73f18fae21703a1d12ad8502e96c910bbf037a56ae6c78f2"}}
[2m2025-12-10T10:11:09.428526Z[0m [34mDEBUG[0m [2methereum_transaction_pool_monitor::eth_client[0m[2m:[0m 📨 Received pending transaction: 0xedb0a5fcbd52ea4f73f18fae21703a1d12ad8502e96c910bbf037a56ae6c78f2
[2m2025-12-10T10:11:09.428530Z[0m [34mDEBUG[0m [2methereum_transaction_pool_monitor::eth_client[0m[2m:[0m 📨 Received WebSocket message: {"jsonrpc":"2.0","method":"eth_subscription","params":{"subscription":"0xbed0a0851463e895960a451075a301a9","result":"0x3e1c5f4b96ca086687a78e4d9d096ecf175c46771d9932120001bb87d9e57276"}}
[2m2025-12-10T10:11:09.428534Z[0m [34mDEBUG[0m [2methereum_transaction_pool_monitor::eth_client[0m[2m:[0m 📨 Received pending transaction: 0x3e1c5f4b96ca086687a78e4d9d096ecf175c46771d9932120001bb87d9e57276
[2m2025-12-10T10:11:09.433908Z[0m [34mDEBUG[0m [2mhyper::proto::h1::io[0m[2m:[0m parsed 4 headers
[2m2025-12-10T10:11:09.433913Z[0m [34mDEBUG[0m [2mhyper::proto::h1::conn[0m[2m:[0m incoming body is content-length (678 bytes)
[2m2025-12-10T10:11:09.433918Z[0m [34mDEBUG[0m [2mhyper::proto::h1::conn[0m[2m:[0m incoming body completed
[2m2025-12-10T10:11:09.433924Z[0m [34mDEBUG[0m [2mhyper::client::pool[0m[2m:[0m pooling idle connection for ("http", 192.168.0.14:8545)
[2m2025-12-10T10:11:09.433930Z[0m [34mDEBUG[0m [2methereum_transaction_pool_monitor::eth_client[0m[2m:[0m 📡 Transaction fetch RPC completed in 5.745958ms
[2m2025-12-10T10:11:09.503384Z[0m [34mDEBUG[0m [2methereum_transaction_pool_monitor::eth_client[0m[2m:[0m ✅ Transaction 0xe45d24289421818e583424427814d87606184be2e9a93df38ce716d3a2b5c78a fetched and parsed in 75.198208ms
[2m2025-12-10T10:11:09.503414Z[0m [34mDEBUG[0m [2methereum_transaction_pool_monitor::mempool_monitor[0m[2m:[0m 🔍 Skipping tx 0xe45d24289421818e583424427814d87606184be2e9a93df38ce716d3a2b5c78a - not a DEX interaction (target: 0xA0b86991c6218b36c1d19D4a2e9Eb0cE3606eB48)
[2m2025-12-10T10:11:09.503426Z[0m [34mDEBUG[0m [2methereum_transaction_pool_monitor::mempool_monitor[0m[2m:[0m 📨 Processing new pending transaction: 0xccaa3ddb2c4145cfc7a585196a1c389fa6160f218290e087f521d0fcaf89611e
[2m2025-12-10T10:11:09.503434Z[0m [34mDEBUG[0m [2methereum_transaction_pool_monitor::mempool_monitor[0m[2m:[0m 🔍 Fetching transaction details for: 0xccaa3ddb2c4145cfc7a585196a1c389fa6160f218290e087f521d0fcaf89611e
[2m2025-12-10T10:11:09.503442Z[0m [34mDEBUG[0m [2methereum_transaction_pool_monitor::eth_client[0m[2m:[0m 🔍 Fetching transaction details for hash: 0xccaa3ddb2c4145cfc7a585196a1c389fa6160f218290e087f521d0fcaf89611e
[2m2025-12-10T10:11:09.503461Z[0m [34mDEBUG[0m [2mhyper::client::pool[0m[2m:[0m reuse idle connection for ("http", 192.168.0.14:8545)
[2m2025-12-10T10:11:09.503512Z[0m [34mDEBUG[0m [2mhyper::proto::h1::io[0m[2m:[0m flushed 250 bytes
[2m2025-12-10T10:11:09.503536Z[0m [34mDEBUG[0m [2methereum_transaction_pool_monitor::eth_client[0m[2m:[0m 📨 Received WebSocket message: {"jsonrpc":"2.0","method":"eth_subscription","params":{"subscription":"0xbed0a0851463e895960a451075a301a9","result":"0xc005f776a5109694e099ac6ae90d52e9e2628c43c60deaaed219c4fa0d0b01f0"}}
[2m2025-12-10T10:11:09.503540Z[0m [34mDEBUG[0m [2mhyper::proto::h1::io[0m[2m:[0m parsed 4 headers
[2m2025-12-10T10:11:09.503543Z[0m [34mDEBUG[0m [2methereum_transaction_pool_monitor::eth_client[0m[2m:[0m 📨 Received pending transaction: 0xc005f776a5109694e099ac6ae90d52e9e2628c43c60deaaed219c4fa0d0b01f0
[2m2025-12-10T10:11:09.503549Z[0m [34mDEBUG[0m [2mhyper::proto::h1::conn[0m[2m:[0m incoming body is content-length (45 bytes)
[2m2025-12-10T10:11:09.503556Z[0m [34mDEBUG[0m [2mhyper::proto::h1::conn[0m[2m:[0m incoming body completed
[2m2025-12-10T10:11:09.503563Z[0m [34mDEBUG[0m [2mhyper::client::pool[0m[2m:[0m pooling idle connection for ("http", 192.168.0.14:8545)
[2m2025-12-10T10:11:09.503577Z[0m [34mDEBUG[0m [2mhyper::client::pool[0m[2m:[0m reuse idle connection for ("http", 192.168.0.14:8545)
[2m2025-12-10T10:11:09.503592Z[0m [34mDEBUG[0m [2mhyper::proto::h1::io[0m[2m:[0m flushed 172 bytes
[2m2025-12-10T10:11:09.507410Z[0m [34mDEBUG[0m [2mhyper::proto::h1::io[0m[2m:[0m parsed 4 headers
[2m2025-12-10T10:11:09.507421Z[0m [34mDEBUG[0m [2mhyper::proto::h1::conn[0m[2m:[0m incoming body is content-length (830 bytes)
[2m2025-12-10T10:11:09.507426Z[0m [34mDEBUG[0m [2mhyper::proto::h1::conn[0m[2m:[0m incoming body completed
[2m2025-12-10T10:11:09.507434Z[0m [34mDEBUG[0m [2mhyper::client::pool[0m[2m:[0m pooling idle connection for ("http", 192.168.0.14:8545)
[2m2025-12-10T10:11:09.507440Z[0m [34mDEBUG[0m [2methereum_transaction_pool_monitor::eth_client[0m[2m:[0m 📡 Transaction fetch RPC completed in 3.991167ms
[2m2025-12-10T10:11:09.642207Z[0m [34mDEBUG[0m [2methereum_transaction_pool_monitor::eth_client[0m[2m:[0m ✅ Transaction 0xccaa3ddb2c4145cfc7a585196a1c389fa6160f218290e087f521d0fcaf89611e fetched and parsed in 138.755667ms
[2m2025-12-10T10:11:09.642232Z[0m [34mDEBUG[0m [2methereum_transaction_pool_monitor::mempool_monitor[0m[2m:[0m 🔍 Skipping tx 0xccaa3ddb2c4145cfc7a585196a1c389fa6160f218290e087f521d0fcaf89611e - not a DEX interaction (target: 0x3B4D794a66304F130a4Db8F2551B0070dfCf5ca7)
[2m2025-12-10T10:11:09.642242Z[0m [34mDEBUG[0m [2methereum_transaction_pool_monitor::mempool_monitor[0m[2m:[0m 📨 Processing new pending transaction: 0xedb0a5fcbd52ea4f73f18fae21703a1d12ad8502e96c910bbf037a56ae6c78f2
[2m2025-12-10T10:11:09.642247Z[0m [34mDEBUG[0m [2methereum_transaction_pool_monitor::mempool_monitor[0m[2m:[0m 🔍 Fetching transaction details for: 0xedb0a5fcbd52ea4f73f18fae21703a1d12ad8502e96c910bbf037a56ae6c78f2
[2m2025-12-10T10:11:09.642251Z[0m [34mDEBUG[0m [2methereum_transaction_pool_monitor::eth_client[0m[2m:[0m 🔍 Fetching transaction details for hash: 0xedb0a5fcbd52ea4f73f18fae21703a1d12ad8502e96c910bbf037a56ae6c78f2
[2m2025-12-10T10:11:09.642267Z[0m [34mDEBUG[0m [2mhyper::client::pool[0m[2m:[0m reuse idle connection for ("http", 192.168.0.14:8545)
[2m2025-12-10T10:11:09.642306Z[0m [34mDEBUG[0m [2mhyper::proto::h1::io[0m[2m:[0m flushed 250 bytes
[2m2025-12-10T10:11:09.642320Z[0m [34mDEBUG[0m [2mhyper::proto::h1::io[0m[2m:[0m parsed 4 headers
[2m2025-12-10T10:11:09.642326Z[0m [34mDEBUG[0m [2mhyper::proto::h1::conn[0m[2m:[0m incoming body is content-length (45 bytes)
[2m2025-12-10T10:11:09.642333Z[0m [34mDEBUG[0m [2mhyper::proto::h1::conn[0m[2m:[0m incoming body completed
[2m2025-12-10T10:11:09.642341Z[0m [34mDEBUG[0m [2mhyper::client::pool[0m[2m:[0m pooling idle connection for ("http", 192.168.0.14:8545)
[2m2025-12-10T10:11:09.642354Z[0m [34mDEBUG[0m [2mhyper::client::pool[0m[2m:[0m reuse idle connection for ("http", 192.168.0.14:8545)
[2m2025-12-10T10:11:09.642370Z[0m [34mDEBUG[0m [2mhyper::proto::h1::io[0m[2m:[0m flushed 172 bytes
[2m2025-12-10T10:11:09.649071Z[0m [34mDEBUG[0m [2mhyper::proto::h1::io[0m[2m:[0m parsed 4 headers
[2m2025-12-10T10:11:09.649080Z[0m [34mDEBUG[0m [2mhyper::proto::h1::conn[0m[2m:[0m incoming body is content-length (978 bytes)
[2m2025-12-10T10:11:09.649086Z[0m [34mDEBUG[0m [2mhyper::proto::h1::conn[0m[2m:[0m incoming body completed
[2m2025-12-10T10:11:09.649094Z[0m [34mDEBUG[0m [2mhyper::client::pool[0m[2m:[0m pooling idle connection for ("http", 192.168.0.14:8545)
[2m2025-12-10T10:11:09.649099Z[0m [34mDEBUG[0m [2methereum_transaction_pool_monitor::eth_client[0m[2m:[0m 📡 Transaction fetch RPC completed in 6.844ms
[2m2025-12-10T10:11:09.720390Z[0m [34mDEBUG[0m [2methereum_transaction_pool_monitor::eth_client[0m[2m:[0m ✅ Transaction 0xedb0a5fcbd52ea4f73f18fae21703a1d12ad8502e96c910bbf037a56ae6c78f2 fetched and parsed in 78.131708ms
[2m2025-12-10T10:11:09.720420Z[0m [34mDEBUG[0m [2methereum_transaction_pool_monitor::mempool_monitor[0m[2m:[0m 🔍 Skipping tx 0xedb0a5fcbd52ea4f73f18fae21703a1d12ad8502e96c910bbf037a56ae6c78f2 - not a DEX interaction (target: 0x6d6620eFa72948C5f68A3C8646d58C00d3f4A980)
[2m2025-12-10T10:11:09.720434Z[0m [34mDEBUG[0m [2methereum_transaction_pool_monitor::mempool_monitor[0m[2m:[0m 📨 Processing new pending transaction: 0x3e1c5f4b96ca086687a78e4d9d096ecf175c46771d9932120001bb87d9e57276
[2m2025-12-10T10:11:09.720441Z[0m [34mDEBUG[0m [2methereum_transaction_pool_monitor::mempool_monitor[0m[2m:[0m 🔍 Fetching transaction details for: 0x3e1c5f4b96ca086687a78e4d9d096ecf175c46771d9932120001bb87d9e57276
[2m2025-12-10T10:11:09.720446Z[0m [34mDEBUG[0m [2methereum_transaction_pool_monitor::eth_client[0m[2m:[0m 🔍 Fetching transaction details for hash: 0x3e1c5f4b96ca086687a78e4d9d096ecf175c46771d9932120001bb87d9e57276
[2m2025-12-10T10:11:09.720465Z[0m [34mDEBUG[0m [2mhyper::client::pool[0m[2m:[0m reuse idle connection for ("http", 192.168.0.14:8545)
[2m2025-12-10T10:11:09.720500Z[0m [34mDEBUG[0m [2mhyper::proto::h1::io[0m[2m:[0m flushed 250 bytes
[2m2025-12-10T10:11:09.720517Z[0m [34mDEBUG[0m [2mhyper::proto::h1::io[0m[2m:[0m parsed 4 headers
[2m2025-12-10T10:11:09.720526Z[0m [34mDEBUG[0m [2mhyper::proto::h1::conn[0m[2m:[0m incoming body is content-length (45 bytes)
[2m2025-12-10T10:11:09.720537Z[0m [34mDEBUG[0m [2mhyper::proto::h1::conn[0m[2m:[0m incoming body completed
[2m2025-12-10T10:11:09.720547Z[0m [34mDEBUG[0m [2mhyper::client::pool[0m[2m:[0m pooling idle connection for ("http", 192.168.0.14:8545)
[2m2025-12-10T10:11:09.720567Z[0m [34mDEBUG[0m [2mhyper::client::pool[0m[2m:[0m reuse idle connection for ("http", 192.168.0.14:8545)
[2m2025-12-10T10:11:09.720584Z[0m [34mDEBUG[0m [2mhyper::proto::h1::io[0m[2m:[0m flushed 172 bytes
[2m2025-12-10T10:11:09.725800Z[0m [34mDEBUG[0m [2mhyper::proto::h1::io[0m[2m:[0m parsed 4 headers
[2m2025-12-10T10:11:09.725808Z[0m [34mDEBUG[0m [2mhyper::proto::h1::conn[0m[2m:[0m incoming body is content-length (45 bytes)
[2m2025-12-10T10:11:09.725814Z[0m [34mDEBUG[0m [2mhyper::proto::h1::conn[0m[2m:[0m incoming body completed
[2m2025-12-10T10:11:09.725821Z[0m [34mDEBUG[0m [2mhyper::client::pool[0m[2m:[0m pooling idle connection for ("http", 192.168.0.14:8545)
[2m2025-12-10T10:11:09.725836Z[0m [34mDEBUG[0m [2mhyper::proto::h1::io[0m[2m:[0m parsed 4 headers
[2m2025-12-10T10:11:09.725842Z[0m [34mDEBUG[0m [2mhyper::proto::h1::conn[0m[2m:[0m incoming body is content-length (770 bytes)
[2m2025-12-10T10:11:09.725846Z[0m [34mDEBUG[0m [2mhyper::proto::h1::conn[0m[2m:[0m incoming body completed
[2m2025-12-10T10:11:09.725851Z[0m [34mDEBUG[0m [2mhyper::client::pool[0m[2m:[0m pooling idle connection for ("http", 192.168.0.14:8545)
[2m2025-12-10T10:11:09.725856Z[0m [34mDEBUG[0m [2methereum_transaction_pool_monitor::eth_client[0m[2m:[0m 📡 Transaction fetch RPC completed in 5.404459ms
[2m2025-12-10T10:11:09.725868Z[0m [34mDEBUG[0m [2methereum_transaction_pool_monitor::eth_client[0m[2m:[0m DeFi transaction detected - Address: 0xdac17f958d2ee523a2206206994597c13d831ec7, Type: Stablecoin, Value: 0 ETH, Gas: 0.28 Gwei
[2m2025-12-10T10:11:09.725882Z[0m [34mDEBUG[0m [2methereum_transaction_pool_monitor::eth_client[0m[2m:[0m ✅ Transaction 0x3e1c5f4b96ca086687a78e4d9d096ecf175c46771d9932120001bb87d9e57276 fetched and parsed in 5.430334ms
[2m2025-12-10T10:11:09.725888Z[0m [34mDEBUG[0m [2methereum_transaction_pool_monitor::mempool_monitor[0m[2m:[0m 🔍 Skipping tx 0x3e1c5f4b96ca086687a78e4d9d096ecf175c46771d9932120001bb87d9e57276 - not a DEX interaction (target: 0xdAC17F958D2ee523a2206206994597C13D831ec7)
[2m2025-12-10T10:11:09.725896Z[0m [34mDEBUG[0m [2methereum_transaction_pool_monitor::mempool_monitor[0m[2m:[0m 📨 Processing new pending transaction: 0xc005f776a5109694e099ac6ae90d52e9e2628c43c60deaaed219c4fa0d0b01f0
[2m2025-12-10T10:11:09.725900Z[0m [34mDEBUG[0m [2methereum_transaction_pool_monitor::mempool_monitor[0m[2m:[0m 🔍 Fetching transaction details for: 0xc005f776a5109694e099ac6ae90d52e9e2628c43c60deaaed219c4fa0d0b01f0
[2m2025-12-10T10:11:09.725904Z[0m [34mDEBUG[0m [2methereum_transaction_pool_monitor::eth_client[0m[2m:[0m 🔍 Fetching transaction details for hash: 0xc005f776a5109694e099ac6ae90d52e9e2628c43c60deaaed219c4fa0d0b01f0
[2m2025-12-10T10:11:09.725913Z[0m [34mDEBUG[0m [2mhyper::client::pool[0m[2m:[0m reuse idle connection for ("http", 192.168.0.14:8545)
[2m2025-12-10T10:11:09.725929Z[0m [34mDEBUG[0m [2mhyper::proto::h1::io[0m[2m:[0m flushed 250 bytes
[2m2025-12-10T10:11:09.734083Z[0m [34mDEBUG[0m [2methereum_transaction_pool_monitor::eth_client[0m[2m:[0m 📨 Received WebSocket message: {"jsonrpc":"2.0","method":"eth_subscription","params":{"subscription":"0xbed0a0851463e895960a451075a301a9","result":"0x6042aa1e222ec8e858b15507a954b87c915e8d2eddb1cb088c0edd8997a62622"}}
[2m2025-12-10T10:11:09.734096Z[0m [34mDEBUG[0m [2methereum_transaction_pool_monitor::eth_client[0m[2m:[0m 📨 Received pending transaction: 0x6042aa1e222ec8e858b15507a954b87c915e8d2eddb1cb088c0edd8997a62622
[2m2025-12-10T10:11:09.734102Z[0m [34mDEBUG[0m [2methereum_transaction_pool_monitor::eth_client[0m[2m:[0m 📨 Received WebSocket message: {"jsonrpc":"2.0","method":"eth_subscription","params":{"subscription":"0xbed0a0851463e895960a451075a301a9","result":"0xfc27c69252ad997b74df4dbf7996c47d31e1a39d8ac2d18befb296a89a07b978"}}
[2m2025-12-10T10:11:09.734108Z[0m [34mDEBUG[0m [2methereum_transaction_pool_monitor::eth_client[0m[2m:[0m 📨 Received pending transaction: 0xfc27c69252ad997b74df4dbf7996c47d31e1a39d8ac2d18befb296a89a07b978
[2m2025-12-10T10:11:09.734141Z[0m [34mDEBUG[0m [2mhyper::proto::h1::io[0m[2m:[0m parsed 4 headers
[2m2025-12-10T10:11:09.734146Z[0m [34mDEBUG[0m [2mhyper::proto::h1::conn[0m[2m:[0m incoming body is content-length (767 bytes)
[2m2025-12-10T10:11:09.734152Z[0m [34mDEBUG[0m [2mhyper::proto::h1::conn[0m[2m:[0m incoming body completed
[2m2025-12-10T10:11:09.734160Z[0m [34mDEBUG[0m [2mhyper::client::pool[0m[2m:[0m pooling idle connection for ("http", 192.168.0.14:8545)
[2m2025-12-10T10:11:09.734165Z[0m [34mDEBUG[0m [2methereum_transaction_pool_monitor::eth_client[0m[2m:[0m 📡 Transaction fetch RPC completed in 8.257292ms
[2m2025-12-10T10:11:09.734176Z[0m [34mDEBUG[0m [2methereum_transaction_pool_monitor::eth_client[0m[2m:[0m DeFi transaction detected - Address: 0xdac17f958d2ee523a2206206994597c13d831ec7, Type: Stablecoin, Value: 0 ETH, Gas: 0.21 Gwei
[2m2025-12-10T10:11:09.734188Z[0m [34mDEBUG[0m [2methereum_transaction_pool_monitor::eth_client[0m[2m:[0m ✅ Transaction 0xc005f776a5109694e099ac6ae90d52e9e2628c43c60deaaed219c4fa0d0b01f0 fetched and parsed in 8.280625ms
[2m2025-12-10T10:11:09.734194Z[0m [34mDEBUG[0m [2methereum_transaction_pool_monitor::mempool_monitor[0m[2m:[0m 🔍 Skipping tx 0xc005f776a5109694e099ac6ae90d52e9e2628c43c60deaaed219c4fa0d0b01f0 - not a DEX interaction (target: 0xdAC17F958D2ee523a2206206994597C13D831ec7)
[2m2025-12-10T10:11:09.734871Z[0m [34mDEBUG[0m [2methereum_transaction_pool_monitor::mempool_monitor[0m[2m:[0m 📨 Processing new pending transaction: 0x6042aa1e222ec8e858b15507a954b87c915e8d2eddb1cb088c0edd8997a62622
[2m2025-12-10T10:11:09.734876Z[0m [34mDEBUG[0m [2methereum_transaction_pool_monitor::mempool_monitor[0m[2m:[0m 🔍 Fetching transaction details for: 0x6042aa1e222ec8e858b15507a954b87c915e8d2eddb1cb088c0edd8997a62622
[2m2025-12-10T10:11:09.734880Z[0m [34mDEBUG[0m [2methereum_transaction_pool_monitor::eth_client[0m[2m:[0m 🔍 Fetching transaction details for hash: 0x6042aa1e222ec8e858b15507a954b87c915e8d2eddb1cb088c0edd8997a62622
[2m2025-12-10T10:11:09.734891Z[0m [34mDEBUG[0m [2mhyper::client::pool[0m[2m:[0m reuse idle connection for ("http", 192.168.0.14:8545)
[2m2025-12-10T10:11:09.734907Z[0m [34mDEBUG[0m [2mhyper::proto::h1::io[0m[2m:[0m flushed 250 bytes
[2m2025-12-10T10:11:09.739128Z[0m [34mDEBUG[0m [2mhyper::proto::h1::io[0m[2m:[0m parsed 4 headers
[2m2025-12-10T10:11:09.739147Z[0m [34mDEBUG[0m [2mhyper::proto::h1::conn[0m[2m:[0m incoming body is content-length (2760 bytes)
[2m2025-12-10T10:11:09.739176Z[0m [34mDEBUG[0m [2methereum_transaction_pool_monitor::eth_client[0m[2m:[0m 📡 Transaction fetch RPC completed in 4.293166ms
[2m2025-12-10T10:11:09.740823Z[0m [34mDEBUG[0m [2mhyper::proto::h1::conn[0m[2m:[0m incoming body completed
[2m2025-12-10T10:11:09.740855Z[0m [34mDEBUG[0m [2mhyper::client::pool[0m[2m:[0m pooling idle connection for ("http", 192.168.0.14:8545)
[2m2025-12-10T10:11:09.792048Z[0m [34mDEBUG[0m [2methereum_transaction_pool_monitor::eth_client[0m[2m:[0m 📨 Received WebSocket message: {"jsonrpc":"2.0","method":"eth_subscription","params":{"subscription":"0xbed0a0851463e895960a451075a301a9","result":"0x0d97b1a68b670122fcb05c2dbaab09df2bb83d21784efa3ea8cedcb78c3d0746"}}
[2m2025-12-10T10:11:09.792073Z[0m [34mDEBUG[0m [2methereum_transaction_pool_monitor::eth_client[0m[2m:[0m 📨 Received pending transaction: 0x0d97b1a68b670122fcb05c2dbaab09df2bb83d21784efa3ea8cedcb78c3d0746
[2m2025-12-10T10:11:09.798362Z[0m [34mDEBUG[0m [2mhyper::client::pool[0m[2m:[0m reuse idle connection for ("http", 192.168.0.14:8545)
[2m2025-12-10T10:11:09.798418Z[0m [34mDEBUG[0m [2mhyper::proto::h1::io[0m[2m:[0m flushed 172 bytes
[2m2025-12-10T10:11:09.801882Z[0m [34mDEBUG[0m [2mhyper::proto::h1::io[0m[2m:[0m parsed 4 headers
[2m2025-12-10T10:11:09.801895Z[0m [34mDEBUG[0m [2mhyper::proto::h1::conn[0m[2m:[0m incoming body is content-length (45 bytes)
[2m2025-12-10T10:11:09.801903Z[0m [34mDEBUG[0m [2mhyper::proto::h1::conn[0m[2m:[0m incoming body completed
[2m2025-12-10T10:11:09.801912Z[0m [34mDEBUG[0m [2mhyper::client::pool[0m[2m:[0m pooling idle connection for ("http", 192.168.0.14:8545)
[2m2025-12-10T10:11:09.812399Z[0m [34mDEBUG[0m [2methereum_transaction_pool_monitor::eth_client[0m[2m:[0m ✅ Transaction 0x6042aa1e222ec8e858b15507a954b87c915e8d2eddb1cb088c0edd8997a62622 fetched and parsed in 77.51425ms
[2m2025-12-10T10:11:09.812427Z[0m [34mDEBUG[0m [2methereum_transaction_pool_monitor::mempool_monitor[0m[2m:[0m 🔍 Skipping tx 0x6042aa1e222ec8e858b15507a954b87c915e8d2eddb1cb088c0edd8997a62622 - not a DEX interaction (target: 0x1c479675ad559DC151F6Ec7ed3FbF8ceE79582B6)
[2m2025-12-10T10:11:09.812437Z[0m [34mDEBUG[0m [2methereum_transaction_pool_monitor::mempool_monitor[0m[2m:[0m 📨 Processing new pending transaction: 0xfc27c69252ad997b74df4dbf7996c47d31e1a39d8ac2d18befb296a89a07b978
[2m2025-12-10T10:11:09.812442Z[0m [34mDEBUG[0m [2methereum_transaction_pool_monitor::mempool_monitor[0m[2m:[0m 🔍 Fetching transaction details for: 0xfc27c69252ad997b74df4dbf7996c47d31e1a39d8ac2d18befb296a89a07b978
[2m2025-12-10T10:11:09.812447Z[0m [34mDEBUG[0m [2methereum_transaction_pool_monitor::eth_client[0m[2m:[0m 🔍 Fetching transaction details for hash: 0xfc27c69252ad997b74df4dbf7996c47d31e1a39d8ac2d18befb296a89a07b978
[2m2025-12-10T10:11:09.812464Z[0m [34mDEBUG[0m [2mhyper::client::pool[0m[2m:[0m reuse idle connection for ("http", 192.168.0.14:8545)
[2m2025-12-10T10:11:09.812506Z[0m [34mDEBUG[0m [2mhyper::proto::h1::io[0m[2m:[0m flushed 250 bytes
[2m2025-12-10T10:11:09.819949Z[0m [34mDEBUG[0m [2mhyper::proto::h1::io[0m[2m:[0m parsed 4 headers
[2m2025-12-10T10:11:09.819960Z[0m [34mDEBUG[0m [2mhyper::proto::h1::conn[0m[2m:[0m incoming body is content-length (830 bytes)
[2m2025-12-10T10:11:09.819968Z[0m [34mDEBUG[0m [2mhyper::proto::h1::conn[0m[2m:[0m incoming body completed
[2m2025-12-10T10:11:09.819977Z[0m [34mDEBUG[0m [2mhyper::client::pool[0m[2m:[0m pooling idle connection for ("http", 192.168.0.14:8545)
[2m2025-12-10T10:11:09.819984Z[0m [34mDEBUG[0m [2methereum_transaction_pool_monitor::eth_client[0m[2m:[0m 📡 Transaction fetch RPC completed in 7.532792ms
[2m2025-12-10T10:11:09.941517Z[0m [34mDEBUG[0m [2methereum_transaction_pool_monitor::eth_client[0m[2m:[0m ✅ Transaction 0xfc27c69252ad997b74df4dbf7996c47d31e1a39d8ac2d18befb296a89a07b978 fetched and parsed in 129.062875ms
[2m2025-12-10T10:11:09.941557Z[0m [34mDEBUG[0m [2methereum_transaction_pool_monitor::mempool_monitor[0m[2m:[0m 🔍 Skipping tx 0xfc27c69252ad997b74df4dbf7996c47d31e1a39d8ac2d18befb296a89a07b978 - not a DEX interaction (target: 0x3B4D794a66304F130a4Db8F2551B0070dfCf5ca7)
[2m2025-12-10T10:11:09.941567Z[0m [34mDEBUG[0m [2methereum_transaction_pool_monitor::mempool_monitor[0m[2m:[0m 📨 Processing new pending transaction: 0x0d97b1a68b670122fcb05c2dbaab09df2bb83d21784efa3ea8cedcb78c3d0746
[2m2025-12-10T10:11:09.941572Z[0m [34mDEBUG[0m [2methereum_transaction_pool_monitor::mempool_monitor[0m[2m:[0m 🔍 Fetching transaction details for: 0x0d97b1a68b670122fcb05c2dbaab09df2bb83d21784efa3ea8cedcb78c3d0746
[2m2025-12-10T10:11:09.941577Z[0m [34mDEBUG[0m [2methereum_transaction_pool_monitor::eth_client[0m[2m:[0m 🔍 Fetching transaction details for hash: 0x0d97b1a68b670122fcb05c2dbaab09df2bb83d21784efa3ea8cedcb78c3d0746
[2m2025-12-10T10:11:09.941598Z[0m [34mDEBUG[0m [2mhyper::client::pool[0m[2m:[0m reuse idle connection for ("http", 192.168.0.14:8545)
[2m2025-12-10T10:11:09.941644Z[0m [34mDEBUG[0m [2mhyper::proto::h1::io[0m[2m:[0m flushed 250 bytes
[2m2025-12-10T10:11:09.941664Z[0m [34mDEBUG[0m [2mhyper::client::pool[0m[2m:[0m reuse idle connection for ("http", 192.168.0.14:8545)
[2m2025-12-10T10:11:09.941672Z[0m [34mDEBUG[0m [2methereum_transaction_pool_monitor::eth_client[0m[2m:[0m 📨 Received WebSocket message: {"jsonrpc":"2.0","method":"eth_subscription","params":{"subscription":"0xbed0a0851463e895960a451075a301a9","result":"0x23ab7f68bbf7686e613e203bd509012a227869fc8f0f85c2332a7705ecd5d2d8"}}
[2m2025-12-10T10:11:09.941677Z[0m [34mDEBUG[0m [2mhyper::proto::h1::io[0m[2m:[0m flushed 172 bytes
[2m2025-12-10T10:11:09.941682Z[0m [34mDEBUG[0m [2methereum_transaction_pool_monitor::eth_client[0m[2m:[0m 📨 Received pending transaction: 0x23ab7f68bbf7686e613e203bd509012a227869fc8f0f85c2332a7705ecd5d2d8
[2m2025-12-10T10:11:09.941688Z[0m [34mDEBUG[0m [2methereum_transaction_pool_monitor::eth_client[0m[2m:[0m 📨 Received WebSocket message: {"jsonrpc":"2.0","method":"eth_subscription","params":{"subscription":"0xbed0a0851463e895960a451075a301a9","result":"0x2bfdd2d939c36dec28c5cc70c86a7fa077a0e27943624a7aa4978d64f7e7e15e"}}
[2m2025-12-10T10:11:09.941694Z[0m [34mDEBUG[0m [2methereum_transaction_pool_monitor::eth_client[0m[2m:[0m 📨 Received pending transaction: 0x2bfdd2d939c36dec28c5cc70c86a7fa077a0e27943624a7aa4978d64f7e7e15e
[2m2025-12-10T10:11:09.941699Z[0m [34mDEBUG[0m [2methereum_transaction_pool_monitor::eth_client[0m[2m:[0m 📨 Received WebSocket message: {"jsonrpc":"2.0","method":"eth_subscription","params":{"subscription":"0xbed0a0851463e895960a451075a301a9","result":"0xc89c567b99c6d66dc279a5be196374924abd26f40352965fa4e9702b9fe6a3fb"}}
[2m2025-12-10T10:11:09.941705Z[0m [34mDEBUG[0m [2methereum_transaction_pool_monitor::eth_client[0m[2m:[0m 📨 Received pending transaction: 0xc89c567b99c6d66dc279a5be196374924abd26f40352965fa4e9702b9fe6a3fb
[2m2025-12-10T10:11:09.951026Z[0m [34mDEBUG[0m [2mhyper::proto::h1::io[0m[2m:[0m parsed 4 headers
[2m2025-12-10T10:11:09.951031Z[0m [34mDEBUG[0m [2mhyper::proto::h1::conn[0m[2m:[0m incoming body is content-length (774 bytes)
[2m2025-12-10T10:11:09.951037Z[0m [34mDEBUG[0m [2mhyper::proto::h1::conn[0m[2m:[0m incoming body completed
[2m2025-12-10T10:11:09.951045Z[0m [34mDEBUG[0m [2mhyper::client::pool[0m[2m:[0m pooling idle connection for ("http", 192.168.0.14:8545)
[2m2025-12-10T10:11:09.951050Z[0m [34mDEBUG[0m [2methereum_transaction_pool_monitor::eth_client[0m[2m:[0m 📡 Transaction fetch RPC completed in 9.467583ms
[2m2025-12-10T10:11:10.095685Z[0m [34mDEBUG[0m [2methereum_transaction_pool_monitor::eth_client[0m[2m:[0m ✅ Transaction 0x0d97b1a68b670122fcb05c2dbaab09df2bb83d21784efa3ea8cedcb78c3d0746 fetched and parsed in 154.099958ms
[2m2025-12-10T10:11:10.095709Z[0m [34mDEBUG[0m [2methereum_transaction_pool_monitor::mempool_monitor[0m[2m:[0m 🔍 Skipping tx 0x0d97b1a68b670122fcb05c2dbaab09df2bb83d21784efa3ea8cedcb78c3d0746 - not a DEX interaction (target: 0xA0b86991c6218b36c1d19D4a2e9Eb0cE3606eB48)
[2m2025-12-10T10:11:10.095720Z[0m [34mDEBUG[0m [2methereum_transaction_pool_monitor::mempool_monitor[0m[2m:[0m 📨 Processing new pending transaction: 0x23ab7f68bbf7686e613e203bd509012a227869fc8f0f85c2332a7705ecd5d2d8
[2m2025-12-10T10:11:10.095728Z[0m [34mDEBUG[0m [2methereum_transaction_pool_monitor::mempool_monitor[0m[2m:[0m 🔍 Fetching transaction details for: 0x23ab7f68bbf7686e613e203bd509012a227869fc8f0f85c2332a7705ecd5d2d8
[2m2025-12-10T10:11:10.095732Z[0m [34mDEBUG[0m [2methereum_transaction_pool_monitor::eth_client[0m[2m:[0m 🔍 Fetching transaction details for hash: 0x23ab7f68bbf7686e613e203bd509012a227869fc8f0f85c2332a7705ecd5d2d8
[2m2025-12-10T10:11:10.095750Z[0m [34mDEBUG[0m [2mhyper::client::pool[0m[2m:[0m reuse idle connection for ("http", 192.168.0.14:8545)
[2m2025-12-10T10:11:10.095791Z[0m [34mDEBUG[0m [2mhyper::proto::h1::io[0m[2m:[0m flushed 250 bytes
[2m2025-12-10T10:11:10.095812Z[0m [34mDEBUG[0m [2methereum_transaction_pool_monitor::eth_client[0m[2m:[0m 📨 Received WebSocket message: {"jsonrpc":"2.0","method":"eth_subscription","params":{"subscription":"0xbed0a0851463e895960a451075a301a9","result":"0x1ea204da7961cd2eede9638daa7c9e9ee3a4dd1ecdbd37d9cbcf2ab8272b6667"}}
[2m2025-12-10T10:11:10.095818Z[0m [34mDEBUG[0m [2mhyper::proto::h1::io[0m[2m:[0m parsed 4 headers
[2m2025-12-10T10:11:10.095820Z[0m [34mDEBUG[0m [2methereum_transaction_pool_monitor::eth_client[0m[2m:[0m 📨 Received pending transaction: 0x1ea204da7961cd2eede9638daa7c9e9ee3a4dd1ecdbd37d9cbcf2ab8272b6667
[2m2025-12-10T10:11:10.095828Z[0m [34mDEBUG[0m [2mhyper::proto::h1::conn[0m[2m:[0m incoming body is content-length (45 bytes)
[2m2025-12-10T10:11:10.095847Z[0m [34mDEBUG[0m [2mhyper::proto::h1::conn[0m[2m:[0m incoming body completed
[2m2025-12-10T10:11:10.095857Z[0m [34mDEBUG[0m [2mhyper::client::pool[0m[2m:[0m pooling idle connection for ("http", 192.168.0.14:8545)
[2m2025-12-10T10:11:10.095873Z[0m [34mDEBUG[0m [2mhyper::client::pool[0m[2m:[0m reuse idle connection for ("http", 192.168.0.14:8545)
[2m2025-12-10T10:11:10.095888Z[0m [34mDEBUG[0m [2mhyper::proto::h1::io[0m[2m:[0m flushed 172 bytes
[2m2025-12-10T10:11:10.102951Z[0m [34mDEBUG[0m [2mhyper::proto::h1::io[0m[2m:[0m parsed 4 headers
[2m2025-12-10T10:11:10.104048Z[0m [34mDEBUG[0m [2mhyper::proto::h1::conn[0m[2m:[0m incoming body is content-length (45 bytes)
[2m2025-12-10T10:11:10.104056Z[0m [34mDEBUG[0m [2mhyper::proto::h1::conn[0m[2m:[0m incoming body completed
[2m2025-12-10T10:11:10.104065Z[0m [34mDEBUG[0m [2mhyper::client::pool[0m[2m:[0m pooling idle connection for ("http", 192.168.0.14:8545)
[2m2025-12-10T10:11:10.104087Z[0m [34mDEBUG[0m [2mhyper::client::pool[0m[2m:[0m reuse idle connection for ("http", 192.168.0.14:8545)
[2m2025-12-10T10:11:10.104113Z[0m [34mDEBUG[0m [2mhyper::proto::h1::io[0m[2m:[0m flushed 172 bytes
[2m2025-12-10T10:11:10.105237Z[0m [34mDEBUG[0m [2mhyper::proto::h1::io[0m[2m:[0m parsed 4 headers
[2m2025-12-10T10:11:10.105258Z[0m [34mDEBUG[0m [2mhyper::proto::h1::conn[0m[2m:[0m incoming body is content-length (770 bytes)
[2m2025-12-10T10:11:10.105276Z[0m [34mDEBUG[0m [2mhyper::proto::h1::conn[0m[2m:[0m incoming body completed
[2m2025-12-10T10:11:10.105300Z[0m [34mDEBUG[0m [2mhyper::client::pool[0m[2m:[0m pooling idle connection for ("http", 192.168.0.14:8545)
[2m2025-12-10T10:11:10.105304Z[0m [34mDEBUG[0m [2methereum_transaction_pool_monitor::eth_client[0m[2m:[0m 📡 Transaction fetch RPC completed in 9.567625ms
[2m2025-12-10T10:11:10.105316Z[0m [34mDEBUG[0m [2methereum_transaction_pool_monitor::eth_client[0m[2m:[0m DeFi transaction detected - Address: 0xdac17f958d2ee523a2206206994597c13d831ec7, Type: Stablecoin, Value: 0 ETH, Gas: 1.00 Gwei
[2m2025-12-10T10:11:10.105327Z[0m [34mDEBUG[0m [2methereum_transaction_pool_monitor::eth_client[0m[2m:[0m ✅ Transaction 0x23ab7f68bbf7686e613e203bd509012a227869fc8f0f85c2332a7705ecd5d2d8 fetched and parsed in 9.590917ms
[2m2025-12-10T10:11:10.105332Z[0m [34mDEBUG[0m [2methereum_transaction_pool_monitor::mempool_monitor[0m[2m:[0m 🔍 Skipping tx 0x23ab7f68bbf7686e613e203bd509012a227869fc8f0f85c2332a7705ecd5d2d8 - not a DEX interaction (target: 0xdAC17F958D2ee523a2206206994597C13D831ec7)
[2m2025-12-10T10:11:10.105337Z[0m [34mDEBUG[0m [2methereum_transaction_pool_monitor::mempool_monitor[0m[2m:[0m 📨 Processing new pending transaction: 0x2bfdd2d939c36dec28c5cc70c86a7fa077a0e27943624a7aa4978d64f7e7e15e
[2m2025-12-10T10:11:10.105341Z[0m [34mDEBUG[0m [2methereum_transaction_pool_monitor::mempool_monitor[0m[2m:[0m 🔍 Fetching transaction details for: 0x2bfdd2d939c36dec28c5cc70c86a7fa077a0e27943624a7aa4978d64f7e7e15e
[2m2025-12-10T10:11:10.105344Z[0m [34mDEBUG[0m [2methereum_transaction_pool_monitor::eth_client[0m[2m:[0m 🔍 Fetching transaction details for hash: 0x2bfdd2d939c36dec28c5cc70c86a7fa077a0e27943624a7aa4978d64f7e7e15e
[2m2025-12-10T10:11:10.105350Z[0m [34mDEBUG[0m [2mhyper::client::pool[0m[2m:[0m reuse idle connection for ("http", 192.168.0.14:8545)
[2m2025-12-10T10:11:10.105366Z[0m [34mDEBUG[0m [2mhyper::proto::h1::io[0m[2m:[0m flushed 250 bytes
[2m2025-12-10T10:11:10.109180Z[0m [34mDEBUG[0m [2mhyper::proto::h1::io[0m[2m:[0m parsed 4 headers
[2m2025-12-10T10:11:10.109185Z[0m [34mDEBUG[0m [2mhyper::proto::h1::conn[0m[2m:[0m incoming body is content-length (45 bytes)
[2m2025-12-10T10:11:10.109189Z[0m [34mDEBUG[0m [2mhyper::proto::h1::conn[0m[2m:[0m incoming body completed
[2m2025-12-10T10:11:10.109194Z[0m [34mDEBUG[0m [2mhyper::client::pool[0m[2m:[0m pooling idle connection for ("http", 192.168.0.14:8545)
[2m2025-12-10T10:11:10.111968Z[0m [34mDEBUG[0m [2mhyper::proto::h1::io[0m[2m:[0m parsed 4 headers
[2m2025-12-10T10:11:10.111988Z[0m [34mDEBUG[0m [2mhyper::proto::h1::conn[0m[2m:[0m incoming body is content-length (905 bytes)
[2m2025-12-10T10:11:10.112005Z[0m [34mDEBUG[0m [2mhyper::proto::h1::conn[0m[2m:[0m incoming body completed
[2m2025-12-10T10:11:10.112022Z[0m [34mDEBUG[0m [2mhyper::client::pool[0m[2m:[0m pooling idle connection for ("http", 192.168.0.14:8545)
[2m2025-12-10T10:11:10.112026Z[0m [34mDEBUG[0m [2methereum_transaction_pool_monitor::eth_client[0m[2m:[0m 📡 Transaction fetch RPC completed in 6.679208ms
[2m2025-12-10T10:11:10.181224Z[0m [34mDEBUG[0m [2methereum_transaction_pool_monitor::eth_client[0m[2m:[0m ✅ Transaction 0x2bfdd2d939c36dec28c5cc70c86a7fa077a0e27943624a7aa4978d64f7e7e15e fetched and parsed in 75.874208ms
[2m2025-12-10T10:11:10.181251Z[0m [34mDEBUG[0m [2methereum_transaction_pool_monitor::mempool_monitor[0m[2m:[0m 🔍 Skipping tx 0x2bfdd2d939c36dec28c5cc70c86a7fa077a0e27943624a7aa4978d64f7e7e15e - not a DEX interaction (target: 0xFf00000000000000000000000000000000008453)
[2m2025-12-10T10:11:10.181932Z[0m [34mDEBUG[0m [2methereum_transaction_pool_monitor::mempool_monitor[0m[2m:[0m 📨 Processing new pending transaction: 0xc89c567b99c6d66dc279a5be196374924abd26f40352965fa4e9702b9fe6a3fb
[2m2025-12-10T10:11:10.181939Z[0m [34mDEBUG[0m [2methereum_transaction_pool_monitor::mempool_monitor[0m[2m:[0m 🔍 Fetching transaction details for: 0xc89c567b99c6d66dc279a5be196374924abd26f40352965fa4e9702b9fe6a3fb
[2m2025-12-10T10:11:10.181943Z[0m [34mDEBUG[0m [2methereum_transaction_pool_monitor::eth_client[0m[2m:[0m 🔍 Fetching transaction details for hash: 0xc89c567b99c6d66dc279a5be196374924abd26f40352965fa4e9702b9fe6a3fb
[2m2025-12-10T10:11:10.181960Z[0m [34mDEBUG[0m [2mhyper::client::pool[0m[2m:[0m reuse idle connection for ("http", 192.168.0.14:8545)
[2m2025-12-10T10:11:10.182008Z[0m [34mDEBUG[0m [2mhyper::proto::h1::io[0m[2m:[0m flushed 250 bytes
[2m2025-12-10T10:11:10.182022Z[0m [34mDEBUG[0m [2methereum_transaction_pool_monitor::eth_client[0m[2m:[0m 📨 Received WebSocket message: {"jsonrpc":"2.0","method":"eth_subscription","params":{"subscription":"0xbed0a0851463e895960a451075a301a9","result":"0x949ca3dfd2f367f7ab466155572e4a936dfef7bd8691eda67348b5067064b3ac"}}
[2m2025-12-10T10:11:10.182028Z[0m [34mDEBUG[0m [2methereum_transaction_pool_monitor::eth_client[0m[2m:[0m 📨 Received pending transaction: 0x949ca3dfd2f367f7ab466155572e4a936dfef7bd8691eda67348b5067064b3ac
[2m2025-12-10T10:11:10.188096Z[0m [34mDEBUG[0m [2mhyper::proto::h1::io[0m[2m:[0m parsed 4 headers
[2m2025-12-10T10:11:10.188117Z[0m [34mDEBUG[0m [2mhyper::proto::h1::conn[0m[2m:[0m incoming body is content-length (830 bytes)
[2m2025-12-10T10:11:10.188140Z[0m [34mDEBUG[0m [2mhyper::proto::h1::conn[0m[2m:[0m incoming body completed
[2m2025-12-10T10:11:10.188153Z[0m [34mDEBUG[0m [2mhyper::client::pool[0m[2m:[0m pooling idle connection for ("http", 192.168.0.14:8545)
[2m2025-12-10T10:11:10.188173Z[0m [34mDEBUG[0m [2methereum_transaction_pool_monitor::eth_client[0m[2m:[0m 📡 Transaction fetch RPC completed in 6.226ms
[2m2025-12-10T10:11:10.260063Z[0m [34mDEBUG[0m [2methereum_transaction_pool_monitor::eth_client[0m[2m:[0m ✅ Transaction 0xc89c567b99c6d66dc279a5be196374924abd26f40352965fa4e9702b9fe6a3fb fetched and parsed in 78.113917ms
[2m2025-12-10T10:11:10.260086Z[0m [34mDEBUG[0m [2methereum_transaction_pool_monitor::mempool_monitor[0m[2m:[0m 🔍 Skipping tx 0xc89c567b99c6d66dc279a5be196374924abd26f40352965fa4e9702b9fe6a3fb - not a DEX interaction (target: 0x3B4D794a66304F130a4Db8F2551B0070dfCf5ca7)
[2m2025-12-10T10:11:10.260096Z[0m [34mDEBUG[0m [2methereum_transaction_pool_monitor::mempool_monitor[0m[2m:[0m 📨 Processing new pending transaction: 0x1ea204da7961cd2eede9638daa7c9e9ee3a4dd1ecdbd37d9cbcf2ab8272b6667
[2m2025-12-10T10:11:10.260101Z[0m [34mDEBUG[0m [2methereum_transaction_pool_monitor::mempool_monitor[0m[2m:[0m 🔍 Fetching transaction details for: 0x1ea204da7961cd2eede9638daa7c9e9ee3a4dd1ecdbd37d9cbcf2ab8272b6667
[2m2025-12-10T10:11:10.260106Z[0m [34mDEBUG[0m [2methereum_transaction_pool_monitor::eth_client[0m[2m:[0m 🔍 Fetching transaction details for hash: 0x1ea204da7961cd2eede9638daa7c9e9ee3a4dd1ecdbd37d9cbcf2ab8272b6667
[2m2025-12-10T10:11:10.260124Z[0m [34mDEBUG[0m [2mhyper::client::pool[0m[2m:[0m reuse idle connection for ("http", 192.168.0.14:8545)
[2m2025-12-10T10:11:10.260166Z[0m [34mDEBUG[0m [2mhyper::proto::h1::io[0m[2m:[0m flushed 250 bytes
[2m2025-12-10T10:11:10.260184Z[0m [34mDEBUG[0m [2mhyper::client::pool[0m[2m:[0m reuse idle connection for ("http", 192.168.0.14:8545)
[2m2025-12-10T10:11:10.260192Z[0m [34mDEBUG[0m [2methereum_transaction_pool_monitor::eth_client[0m[2m:[0m 📨 Received WebSocket message: {"jsonrpc":"2.0","method":"eth_subscription","params":{"subscription":"0xbed0a0851463e895960a451075a301a9","result":"0x58c7fe7d460c99a63c1c1bc56f4000dfd7886444843660d6b36026c8f012e313"}}
[2m2025-12-10T10:11:10.260196Z[0m [34mDEBUG[0m [2mhyper::proto::h1::io[0m[2m:[0m flushed 172 bytes
[2m2025-12-10T10:11:10.260203Z[0m [34mDEBUG[0m [2methereum_transaction_pool_monitor::eth_client[0m[2m:[0m 📨 Received pending transaction: 0x58c7fe7d460c99a63c1c1bc56f4000dfd7886444843660d6b36026c8f012e313
[2m2025-12-10T10:11:10.264910Z[0m [34mDEBUG[0m [2mhyper::proto::h1::io[0m[2m:[0m parsed 4 headers
[2m2025-12-10T10:11:10.264932Z[0m [34mDEBUG[0m [2mhyper::proto::h1::conn[0m[2m:[0m incoming body is content-length (45 bytes)
[2m2025-12-10T10:11:10.264958Z[0m [34mDEBUG[0m [2mhyper::proto::h1::conn[0m[2m:[0m incoming body completed
[2m2025-12-10T10:11:10.264969Z[0m [34mDEBUG[0m [2mhyper::client::pool[0m[2m:[0m pooling idle connection for ("http", 192.168.0.14:8545)
[2m2025-12-10T10:11:10.268848Z[0m [34mDEBUG[0m [2mhyper::proto::h1::io[0m[2m:[0m parsed 4 headers
[2m2025-12-10T10:11:10.268867Z[0m [34mDEBUG[0m [2mhyper::proto::h1::conn[0m[2m:[0m incoming body is content-length (637 bytes)
[2m2025-12-10T10:11:10.268884Z[0m [34mDEBUG[0m [2mhyper::proto::h1::conn[0m[2m:[0m incoming body completed
[2m2025-12-10T10:11:10.268902Z[0m [34mDEBUG[0m [2mhyper::client::pool[0m[2m:[0m pooling idle connection for ("http", 192.168.0.14:8545)
[2m2025-12-10T10:11:10.268911Z[0m [34mDEBUG[0m [2methereum_transaction_pool_monitor::eth_client[0m[2m:[0m 📡 Transaction fetch RPC completed in 8.798916ms
[2m2025-12-10T10:11:10.340252Z[0m [34mDEBUG[0m [2methereum_transaction_pool_monitor::eth_client[0m[2m:[0m ✅ Transaction 0x1ea204da7961cd2eede9638daa7c9e9ee3a4dd1ecdbd37d9cbcf2ab8272b6667 fetched and parsed in 80.138041ms
[2m2025-12-10T10:11:10.340277Z[0m [34mDEBUG[0m [2methereum_transaction_pool_monitor::mempool_monitor[0m[2m:[0m 🔍 Skipping tx 0x1ea204da7961cd2eede9638daa7c9e9ee3a4dd1ecdbd37d9cbcf2ab8272b6667 - not a DEX interaction (target: 0x78D21Aada674651324FE2660cC0E661CC4C89E3b)
[2m2025-12-10T10:11:10.340288Z[0m [34mDEBUG[0m [2methereum_transaction_pool_monitor::mempool_monitor[0m[2m:[0m 📨 Processing new pending transaction: 0x949ca3dfd2f367f7ab466155572e4a936dfef7bd8691eda67348b5067064b3ac
[2m2025-12-10T10:11:10.340297Z[0m [34mDEBUG[0m [2methereum_transaction_pool_monitor::mempool_monitor[0m[2m:[0m 🔍 Fetching transaction details for: 0x949ca3dfd2f367f7ab466155572e4a936dfef7bd8691eda67348b5067064b3ac
[2m2025-12-10T10:11:10.340305Z[0m [34mDEBUG[0m [2methereum_transaction_pool_monitor::eth_client[0m[2m:[0m 🔍 Fetching transaction details for hash: 0x949ca3dfd2f367f7ab466155572e4a936dfef7bd8691eda67348b5067064b3ac
[2m2025-12-10T10:11:10.340323Z[0m [34mDEBUG[0m [2mhyper::client::pool[0m[2m:[0m reuse idle connection for ("http", 192.168.0.14:8545)
[2m2025-12-10T10:11:10.340365Z[0m [34mDEBUG[0m [2mhyper::proto::h1::io[0m[2m:[0m flushed 250 bytes
[2m2025-12-10T10:11:10.340389Z[0m [34mDEBUG[0m [2mhyper::client::pool[0m[2m:[0m reuse idle connection for ("http", 192.168.0.14:8545)
[2m2025-12-10T10:11:10.340397Z[0m [34mDEBUG[0m [2methereum_transaction_pool_monitor::eth_client[0m[2m:[0m 📨 Received WebSocket message: {"jsonrpc":"2.0","method":"eth_subscription","params":{"subscription":"0xbed0a0851463e895960a451075a301a9","result":"0xba86fa149f8ae6bf174a3b737d62ec714b0dda529c07391747aa696c2b73c87c"}}
[2m2025-12-10T10:11:10.340403Z[0m [34mDEBUG[0m [2mhyper::proto::h1::io[0m[2m:[0m flushed 172 bytes
[2m2025-12-10T10:11:10.340410Z[0m [34mDEBUG[0m [2methereum_transaction_pool_monitor::eth_client[0m[2m:[0m 📨 Received pending transaction: 0xba86fa149f8ae6bf174a3b737d62ec714b0dda529c07391747aa696c2b73c87c
[2m2025-12-10T10:11:10.344972Z[0m [34mDEBUG[0m [2mhyper::proto::h1::io[0m[2m:[0m parsed 4 headers
[2m2025-12-10T10:11:10.344996Z[0m [34mDEBUG[0m [2mhyper::proto::h1::conn[0m[2m:[0m incoming body is content-length (45 bytes)
[2m2025-12-10T10:11:10.345021Z[0m [34mDEBUG[0m [2mhyper::proto::h1::conn[0m[2m:[0m incoming body completed
[2m2025-12-10T10:11:10.345034Z[0m [34mDEBUG[0m [2mhyper::client::pool[0m[2m:[0m pooling idle connection for ("http", 192.168.0.14:8545)
[2m2025-12-10T10:11:10.345066Z[0m [34mDEBUG[0m [2mhyper::proto::h1::io[0m[2m:[0m parsed 4 headers
[2m2025-12-10T10:11:10.345071Z[0m [34mDEBUG[0m [2mhyper::proto::h1::conn[0m[2m:[0m incoming body is content-length (766 bytes)
[2m2025-12-10T10:11:10.345075Z[0m [34mDEBUG[0m [2mhyper::proto::h1::conn[0m[2m:[0m incoming body completed
[2m2025-12-10T10:11:10.345079Z[0m [34mDEBUG[0m [2mhyper::client::pool[0m[2m:[0m pooling idle connection for ("http", 192.168.0.14:8545)
[2m2025-12-10T10:11:10.345083Z[0m [34mDEBUG[0m [2methereum_transaction_pool_monitor::eth_client[0m[2m:[0m 📡 Transaction fetch RPC completed in 4.772208ms
[2m2025-12-10T10:11:10.345097Z[0m [34mDEBUG[0m [2methereum_transaction_pool_monitor::eth_client[0m[2m:[0m DeFi transaction detected - Address: 0xdac17f958d2ee523a2206206994597c13d831ec7, Type: Stablecoin, Value: 0 ETH, Gas: 0.23 Gwei
[2m2025-12-10T10:11:10.345114Z[0m [34mDEBUG[0m [2methereum_transaction_pool_monitor::eth_client[0m[2m:[0m ✅ Transaction 0x949ca3dfd2f367f7ab466155572e4a936dfef7bd8691eda67348b5067064b3ac fetched and parsed in 4.802833ms
[2m2025-12-10T10:11:10.345120Z[0m [34mDEBUG[0m [2methereum_transaction_pool_monitor::mempool_monitor[0m[2m:[0m 🔍 Skipping tx 0x949ca3dfd2f367f7ab466155572e4a936dfef7bd8691eda67348b5067064b3ac - not a DEX interaction (target: 0xdAC17F958D2ee523a2206206994597C13D831ec7)
[2m2025-12-10T10:11:10.345125Z[0m [34mDEBUG[0m [2methereum_transaction_pool_monitor::mempool_monitor[0m[2m:[0m 📨 Processing new pending transaction: 0x58c7fe7d460c99a63c1c1bc56f4000dfd7886444843660d6b36026c8f012e313
[2m2025-12-10T10:11:10.345131Z[0m [34mDEBUG[0m [2methereum_transaction_pool_monitor::mempool_monitor[0m[2m:[0m 🔍 Fetching transaction details for: 0x58c7fe7d460c99a63c1c1bc56f4000dfd7886444843660d6b36026c8f012e313
[2m2025-12-10T10:11:10.345136Z[0m [34mDEBUG[0m [2methereum_transaction_pool_monitor::eth_client[0m[2m:[0m 🔍 Fetching transaction details for hash: 0x58c7fe7d460c99a63c1c1bc56f4000dfd7886444843660d6b36026c8f012e313
[2m2025-12-10T10:11:10.345143Z[0m [34mDEBUG[0m [2mhyper::client::pool[0m[2m:[0m reuse idle connection for ("http", 192.168.0.14:8545)
[2m2025-12-10T10:11:10.345153Z[0m [34mDEBUG[0m [2mhyper::proto::h1::io[0m[2m:[0m flushed 250 bytes
[2m2025-12-10T10:11:10.350052Z[0m [34mDEBUG[0m [2mhyper::proto::h1::io[0m[2m:[0m parsed 4 headers
[2m2025-12-10T10:11:10.350056Z[0m [34mDEBUG[0m [2mhyper::proto::h1::conn[0m[2m:[0m incoming body is content-length (651 bytes)
[2m2025-12-10T10:11:10.350060Z[0m [34mDEBUG[0m [2mhyper::proto::h1::conn[0m[2m:[0m incoming body completed
[2m2025-12-10T10:11:10.350065Z[0m [34mDEBUG[0m [2mhyper::client::pool[0m[2m:[0m pooling idle connection for ("http", 192.168.0.14:8545)
[2m2025-12-10T10:11:10.350069Z[0m [34mDEBUG[0m [2methereum_transaction_pool_monitor::eth_client[0m[2m:[0m 📡 Transaction fetch RPC completed in 4.928667ms
[2m2025-12-10T10:11:10.421144Z[0m [34mDEBUG[0m [2methereum_transaction_pool_monitor::eth_client[0m[2m:[0m ✅ Transaction 0x58c7fe7d460c99a63c1c1bc56f4000dfd7886444843660d6b36026c8f012e313 fetched and parsed in 76.001708ms
[2m2025-12-10T10:11:10.421168Z[0m [34mDEBUG[0m [2methereum_transaction_pool_monitor::mempool_monitor[0m[2m:[0m 🔍 Skipping tx 0x58c7fe7d460c99a63c1c1bc56f4000dfd7886444843660d6b36026c8f012e313 - not a DEX interaction (target: 0xc844dCc798D4D653eEE449a199B215E0F4260Af5)
[2m2025-12-10T10:11:10.421178Z[0m [34mDEBUG[0m [2methereum_transaction_pool_monitor::mempool_monitor[0m[2m:[0m 📨 Processing new pending transaction: 0xba86fa149f8ae6bf174a3b737d62ec714b0dda529c07391747aa696c2b73c87c
[2m2025-12-10T10:11:10.421184Z[0m [34mDEBUG[0m [2methereum_transaction_pool_monitor::mempool_monitor[0m[2m:[0m 🔍 Fetching transaction details for: 0xba86fa149f8ae6bf174a3b737d62ec714b0dda529c07391747aa696c2b73c87c
[2m2025-12-10T10:11:10.421189Z[0m [34mDEBUG[0m [2methereum_transaction_pool_monitor::eth_client[0m[2m:[0m 🔍 Fetching transaction details for hash: 0xba86fa149f8ae6bf174a3b737d62ec714b0dda529c07391747aa696c2b73c87c
[2m2025-12-10T10:11:10.421209Z[0m [34mDEBUG[0m [2mhyper::client::pool[0m[2m:[0m reuse idle connection for ("http", 192.168.0.14:8545)
[2m2025-12-10T10:11:10.421249Z[0m [34mDEBUG[0m [2mhyper::proto::h1::io[0m[2m:[0m flushed 250 bytes
[2m2025-12-10T10:11:10.421277Z[0m [34mDEBUG[0m [2mhyper::client::pool[0m[2m:[0m reuse idle connection for ("http", 192.168.0.14:8545)
[2m2025-12-10T10:11:10.421291Z[0m [34mDEBUG[0m [2mhyper::proto::h1::io[0m[2m:[0m flushed 172 bytes
[2m2025-12-10T10:11:10.424534Z[0m [34mDEBUG[0m [2mhyper::proto::h1::io[0m[2m:[0m parsed 4 headers
[2m2025-12-10T10:11:10.424539Z[0m [34mDEBUG[0m [2mhyper::proto::h1::conn[0m[2m:[0m incoming body is content-length (45 bytes)
[2m2025-12-10T10:11:10.424545Z[0m [34mDEBUG[0m [2mhyper::proto::h1::conn[0m[2m:[0m incoming body completed
[2m2025-12-10T10:11:10.424551Z[0m [34mDEBUG[0m [2mhyper::client::pool[0m[2m:[0m pooling idle connection for ("http", 192.168.0.14:8545)
[2m2025-12-10T10:11:10.425134Z[0m [34mDEBUG[0m [2mhyper::proto::h1::io[0m[2m:[0m parsed 4 headers
[2m2025-12-10T10:11:10.425142Z[0m [34mDEBUG[0m [2mhyper::proto::h1::conn[0m[2m:[0m incoming body is content-length (774 bytes)
[2m2025-12-10T10:11:10.425147Z[0m [34mDEBUG[0m [2mhyper::proto::h1::conn[0m[2m:[0m incoming body completed
[2m2025-12-10T10:11:10.425157Z[0m [34mDEBUG[0m [2mhyper::client::pool[0m[2m:[0m pooling idle connection for ("http", 192.168.0.14:8545)
[2m2025-12-10T10:11:10.425161Z[0m [34mDEBUG[0m [2methereum_transaction_pool_monitor::eth_client[0m[2m:[0m 📡 Transaction fetch RPC completed in 3.966625ms
[2m2025-12-10T10:11:10.425175Z[0m [34mDEBUG[0m [2methereum_transaction_pool_monitor::eth_client[0m[2m:[0m DeFi transaction detected - Address: 0xdac17f958d2ee523a2206206994597c13d831ec7, Type: Stablecoin, Value: 0 ETH, Gas: 0.73 Gwei
[2m2025-12-10T10:11:10.425198Z[0m [34mDEBUG[0m [2methereum_transaction_pool_monitor::eth_client[0m[2m:[0m ✅ Transaction 0xba86fa149f8ae6bf174a3b737d62ec714b0dda529c07391747aa696c2b73c87c fetched and parsed in 4.004ms
[2m2025-12-10T10:11:10.425206Z[0m [34mDEBUG[0m [2methereum_transaction_pool_monitor::mempool_monitor[0m[2m:[0m 🔍 Skipping tx 0xba86fa149f8ae6bf174a3b737d62ec714b0dda529c07391747aa696c2b73c87c - not a DEX interaction (target: 0xdAC17F958D2ee523a2206206994597C13D831ec7)
[2m2025-12-10T10:11:10.480750Z[0m [34mDEBUG[0m [2methereum_transaction_pool_monitor::eth_client[0m[2m:[0m 📨 Received WebSocket message: {"jsonrpc":"2.0","method":"eth_subscription","params":{"subscription":"0xbed0a0851463e895960a451075a301a9","result":"0x3e7a7852f1ebc9cdc52af680fb6160c425dc0fd4a7b5e105f7fa75163c1b0bdf"}}
[2m2025-12-10T10:11:10.480768Z[0m [34mDEBUG[0m [2methereum_transaction_pool_monitor::eth_client[0m[2m:[0m 📨 Received pending transaction: 0x3e7a7852f1ebc9cdc52af680fb6160c425dc0fd4a7b5e105f7fa75163c1b0bdf
[2m2025-12-10T10:11:10.480773Z[0m [32m INFO[0m [2methereum_transaction_pool_monitor::eth_client[0m[2m:[0m 📊 WebSocket stats - Total: 2618 transactions, Rate: 13.6 tx/s
[2m2025-12-10T10:11:10.480782Z[0m [34mDEBUG[0m [2methereum_transaction_pool_monitor::mempool_monitor[0m[2m:[0m 📨 Processing new pending transaction: 0x3e7a7852f1ebc9cdc52af680fb6160c425dc0fd4a7b5e105f7fa75163c1b0bdf
[2m2025-12-10T10:11:10.480789Z[0m [34mDEBUG[0m [2methereum_transaction_pool_monitor::mempool_monitor[0m[2m:[0m 🔍 Fetching transaction details for: 0x3e7a7852f1ebc9cdc52af680fb6160c425dc0fd4a7b5e105f7fa75163c1b0bdf
[2m2025-12-10T10:11:10.480793Z[0m [34mDEBUG[0m [2methereum_transaction_pool_monitor::eth_client[0m[2m:[0m 🔍 Fetching transaction details for hash: 0x3e7a7852f1ebc9cdc52af680fb6160c425dc0fd4a7b5e105f7fa75163c1b0bdf
[2m2025-12-10T10:11:10.481578Z[0m [34mDEBUG[0m [2mhyper::client::pool[0m[2m:[0m reuse idle connection for ("http", 192.168.0.14:8545)
[2m2025-12-10T10:11:10.481647Z[0m [34mDEBUG[0m [2mhyper::proto::h1::io[0m[2m:[0m flushed 250 bytes
[2m2025-12-10T10:11:10.485263Z[0m [34mDEBUG[0m [2mhyper::proto::h1::io[0m[2m:[0m parsed 4 headers
[2m2025-12-10T10:11:10.485272Z[0m [34mDEBUG[0m [2mhyper::proto::h1::conn[0m[2m:[0m incoming body is content-length (552 bytes)
[2m2025-12-10T10:11:10.485278Z[0m [34mDEBUG[0m [2mhyper::proto::h1::conn[0m[2m:[0m incoming body completed
[2m2025-12-10T10:11:10.485285Z[0m [34mDEBUG[0m [2mhyper::client::pool[0m[2m:[0m pooling idle connection for ("http", 192.168.0.14:8545)
[2m2025-12-10T10:11:10.485290Z[0m [34mDEBUG[0m [2methereum_transaction_pool_monitor::eth_client[0m[2m:[0m 📡 Transaction fetch RPC completed in 3.743875ms
[2m2025-12-10T10:11:10.559168Z[0m [34mDEBUG[0m [2methereum_transaction_pool_monitor::eth_client[0m[2m:[0m ✅ Transaction 0x3e7a7852f1ebc9cdc52af680fb6160c425dc0fd4a7b5e105f7fa75163c1b0bdf fetched and parsed in 77.619375ms
[2m2025-12-10T10:11:10.559195Z[0m [34mDEBUG[0m [2methereum_transaction_pool_monitor::mempool_monitor[0m[2m:[0m 🔍 Skipping tx 0x3e7a7852f1ebc9cdc52af680fb6160c425dc0fd4a7b5e105f7fa75163c1b0bdf - not a DEX interaction (target: 0xb0245F9E872a0646d63e5380Be8905b9DDEc1c1c)
[2m2025-12-10T10:11:10.559243Z[0m [34mDEBUG[0m [2mhyper::client::pool[0m[2m:[0m reuse idle connection for ("http", 192.168.0.14:8545)
[2m2025-12-10T10:11:10.559289Z[0m [34mDEBUG[0m [2mhyper::proto::h1::io[0m[2m:[0m flushed 172 bytes
[2m2025-12-10T10:11:10.563632Z[0m [34mDEBUG[0m [2mhyper::proto::h1::io[0m[2m:[0m parsed 4 headers
[2m2025-12-10T10:11:10.563637Z[0m [34mDEBUG[0m [2mhyper::proto::h1::conn[0m[2m:[0m incoming body is content-length (45 bytes)
[2m2025-12-10T10:11:10.563657Z[0m [34mDEBUG[0m [2mhyper::proto::h1::conn[0m[2m:[0m incoming body completed
[2m2025-12-10T10:11:10.563664Z[0m [34mDEBUG[0m [2mhyper::client::pool[0m[2m:[0m pooling idle connection for ("http", 192.168.0.14:8545)
[2m2025-12-10T10:11:10.592375Z[0m [34mDEBUG[0m [2methereum_transaction_pool_monitor::eth_client[0m[2m:[0m 📨 Received WebSocket message: {"jsonrpc":"2.0","method":"eth_subscription","params":{"subscription":"0xbed0a0851463e895960a451075a301a9","result":"0x0bbdf69ab213962319a62be160b9ef664bd6af9cab0efdf58b38710a4c715fa4"}}
[2m2025-12-10T10:11:10.592383Z[0m [34mDEBUG[0m [2methereum_transaction_pool_monitor::eth_client[0m[2m:[0m 📨 Received pending transaction: 0x0bbdf69ab213962319a62be160b9ef664bd6af9cab0efdf58b38710a4c715fa4
[2m2025-12-10T10:11:10.592390Z[0m [34mDEBUG[0m [2methereum_transaction_pool_monitor::mempool_monitor[0m[2m:[0m 📨 Processing new pending transaction: 0x0bbdf69ab213962319a62be160b9ef664bd6af9cab0efdf58b38710a4c715fa4
[2m2025-12-10T10:11:10.592394Z[0m [34mDEBUG[0m [2methereum_transaction_pool_monitor::mempool_monitor[0m[2m:[0m 🔍 Fetching transaction details for: 0x0bbdf69ab213962319a62be160b9ef664bd6af9cab0efdf58b38710a4c715fa4
[2m2025-12-10T10:11:10.592398Z[0m [34mDEBUG[0m [2methereum_transaction_pool_monitor::eth_client[0m[2m:[0m 🔍 Fetching transaction details for hash: 0x0bbdf69ab213962319a62be160b9ef664bd6af9cab0efdf58b38710a4c715fa4
[2m2025-12-10T10:11:10.592409Z[0m [34mDEBUG[0m [2mhyper::client::pool[0m[2m:[0m reuse idle connection for ("http", 192.168.0.14:8545)
[2m2025-12-10T10:11:10.592424Z[0m [34mDEBUG[0m [2mhyper::proto::h1::io[0m[2m:[0m flushed 250 bytes
[2m2025-12-10T10:11:10.598424Z[0m [34mDEBUG[0m [2mhyper::client::pool[0m[2m:[0m reuse idle connection for ("http", 192.168.0.14:8545)
[2m2025-12-10T10:11:10.598438Z[0m [34mDEBUG[0m [2mhyper::proto::h1::io[0m[2m:[0m flushed 172 bytes
[2m2025-12-10T10:11:10.602512Z[0m [34mDEBUG[0m [2mhyper::proto::h1::io[0m[2m:[0m parsed 4 headers
[2m2025-12-10T10:11:10.602516Z[0m [34mDEBUG[0m [2mhyper::proto::h1::conn[0m[2m:[0m incoming body is content-length (644 bytes)
[2m2025-12-10T10:11:10.602521Z[0m [34mDEBUG[0m [2mhyper::proto::h1::conn[0m[2m:[0m incoming body completed
[2m2025-12-10T10:11:10.602526Z[0m [34mDEBUG[0m [2mhyper::client::pool[0m[2m:[0m pooling idle connection for ("http", 192.168.0.14:8545)
[2m2025-12-10T10:11:10.602530Z[0m [34mDEBUG[0m [2methereum_transaction_pool_monitor::eth_client[0m[2m:[0m 📡 Transaction fetch RPC completed in 10.129125ms
[2m2025-12-10T10:11:10.672918Z[0m [34mDEBUG[0m [2methereum_transaction_pool_monitor::eth_client[0m[2m:[0m ✅ Transaction 0x0bbdf69ab213962319a62be160b9ef664bd6af9cab0efdf58b38710a4c715fa4 fetched and parsed in 80.514667ms
[2m2025-12-10T10:11:10.672943Z[0m [34mDEBUG[0m [2methereum_transaction_pool_monitor::mempool_monitor[0m[2m:[0m 🔍 Skipping tx 0x0bbdf69ab213962319a62be160b9ef664bd6af9cab0efdf58b38710a4c715fa4 - not a DEX interaction (target: 0xA26148AE51fa8E787DF319C04137602Cc018b521)
[2m2025-12-10T10:11:10.672969Z[0m [34mDEBUG[0m [2methereum_transaction_pool_monitor::eth_client[0m[2m:[0m 📨 Received WebSocket message: {"jsonrpc":"2.0","method":"eth_subscription","params":{"subscription":"0xbed0a0851463e895960a451075a301a9","result":"0x44941684512fff7328cf8d61cb5e5db390d656a82c37453502466aa74a044fb9"}}
[2m2025-12-10T10:11:10.672977Z[0m [34mDEBUG[0m [2methereum_transaction_pool_monitor::eth_client[0m[2m:[0m 📨 Received pending transaction: 0x44941684512fff7328cf8d61cb5e5db390d656a82c37453502466aa74a044fb9
[2m2025-12-10T10:11:10.672978Z[0m [34mDEBUG[0m [2mhyper::proto::h1::io[0m[2m:[0m parsed 4 headers
[2m2025-12-10T10:11:10.672988Z[0m [34mDEBUG[0m [2methereum_transaction_pool_monitor::mempool_monitor[0m[2m:[0m 📨 Processing new pending transaction: 0x44941684512fff7328cf8d61cb5e5db390d656a82c37453502466aa74a044fb9
[2m2025-12-10T10:11:10.672992Z[0m [34mDEBUG[0m [2mhyper::proto::h1::conn[0m[2m:[0m incoming body is content-length (45 bytes)
[2m2025-12-10T10:11:10.672997Z[0m [34mDEBUG[0m [2methereum_transaction_pool_monitor::mempool_monitor[0m[2m:[0m 🔍 Fetching transaction details for: 0x44941684512fff7328cf8d61cb5e5db390d656a82c37453502466aa74a044fb9
[2m2025-12-10T10:11:10.673004Z[0m [34mDEBUG[0m [2mhyper::proto::h1::conn[0m[2m:[0m incoming body completed
[2m2025-12-10T10:11:10.673004Z[0m [34mDEBUG[0m [2methereum_transaction_pool_monitor::eth_client[0m[2m:[0m 🔍 Fetching transaction details for hash: 0x44941684512fff7328cf8d61cb5e5db390d656a82c37453502466aa74a044fb9
[2m2025-12-10T10:11:10.673017Z[0m [34mDEBUG[0m [2mhyper::client::pool[0m[2m:[0m pooling idle connection for ("http", 192.168.0.14:8545)
[2m2025-12-10T10:11:10.673032Z[0m [34mDEBUG[0m [2mhyper::client::pool[0m[2m:[0m reuse idle connection for ("http", 192.168.0.14:8545)
[2m2025-12-10T10:11:10.673050Z[0m [34mDEBUG[0m [2mhyper::proto::h1::io[0m[2m:[0m flushed 250 bytes
[2m2025-12-10T10:11:10.677715Z[0m [34mDEBUG[0m [2mhyper::proto::h1::io[0m[2m:[0m parsed 4 headers
[2m2025-12-10T10:11:10.677721Z[0m [34mDEBUG[0m [2mhyper::proto::h1::conn[0m[2m:[0m incoming body is content-length (646 bytes)
[2m2025-12-10T10:11:10.677726Z[0m [34mDEBUG[0m [2mhyper::proto::h1::conn[0m[2m:[0m incoming body completed
[2m2025-12-10T10:11:10.677731Z[0m [34mDEBUG[0m [2mhyper::client::pool[0m[2m:[0m pooling idle connection for ("http", 192.168.0.14:8545)
[2m2025-12-10T10:11:10.677735Z[0m [34mDEBUG[0m [2methereum_transaction_pool_monitor::eth_client[0m[2m:[0m 📡 Transaction fetch RPC completed in 4.715167ms
[2m2025-12-10T10:11:10.748793Z[0m [34mDEBUG[0m [2methereum_transaction_pool_monitor::eth_client[0m[2m:[0m ✅ Transaction 0x44941684512fff7328cf8d61cb5e5db390d656a82c37453502466aa74a044fb9 fetched and parsed in 75.769667ms
[2m2025-12-10T10:11:10.748817Z[0m [34mDEBUG[0m [2methereum_transaction_pool_monitor::mempool_monitor[0m[2m:[0m 🔍 Skipping tx 0x44941684512fff7328cf8d61cb5e5db390d656a82c37453502466aa74a044fb9 - not a DEX interaction (target: 0xB470bfaeC913ba3009A02E2E7B8f304c938D62bB)
[2m2025-12-10T10:11:10.748855Z[0m [34mDEBUG[0m [2mhyper::client::pool[0m[2m:[0m reuse idle connection for ("http", 192.168.0.14:8545)
[2m2025-12-10T10:11:10.748874Z[0m [34mDEBUG[0m [2methereum_transaction_pool_monitor::eth_client[0m[2m:[0m 📨 Received WebSocket message: {"jsonrpc":"2.0","method":"eth_subscription","params":{"subscription":"0xbed0a0851463e895960a451075a301a9","result":"0x834401eb0302c9f48cacb42b099c4176fffc8bba5357ff6d28152700a4301c4d"}}
[2m2025-12-10T10:11:10.748886Z[0m [34mDEBUG[0m [2methereum_transaction_pool_monitor::eth_client[0m[2m:[0m 📨 Received pending transaction: 0x834401eb0302c9f48cacb42b099c4176fffc8bba5357ff6d28152700a4301c4d
[2m2025-12-10T10:11:10.748893Z[0m [34mDEBUG[0m [2methereum_transaction_pool_monitor::eth_client[0m[2m:[0m 📨 Received WebSocket message: {"jsonrpc":"2.0","method":"eth_subscription","params":{"subscription":"0xbed0a0851463e895960a451075a301a9","result":"0x0b68d6b7f368f82224ffe69a1905491fbf46d70be607a433def8a3ff37a76421"}}
[2m2025-12-10T10:11:10.748897Z[0m [34mDEBUG[0m [2methereum_transaction_pool_monitor::eth_client[0m[2m:[0m 📨 Received pending transaction: 0x0b68d6b7f368f82224ffe69a1905491fbf46d70be607a433def8a3ff37a76421
[2m2025-12-10T10:11:10.748900Z[0m [34mDEBUG[0m [2mhyper::proto::h1::io[0m[2m:[0m flushed 172 bytes
[2m2025-12-10T10:11:10.748903Z[0m [34mDEBUG[0m [2methereum_transaction_pool_monitor::mempool_monitor[0m[2m:[0m 📨 Processing new pending transaction: 0x834401eb0302c9f48cacb42b099c4176fffc8bba5357ff6d28152700a4301c4d
[2m2025-12-10T10:11:10.748909Z[0m [34mDEBUG[0m [2methereum_transaction_pool_monitor::mempool_monitor[0m[2m:[0m 🔍 Fetching transaction details for: 0x834401eb0302c9f48cacb42b099c4176fffc8bba5357ff6d28152700a4301c4d
[2m2025-12-10T10:11:10.748915Z[0m [34mDEBUG[0m [2methereum_transaction_pool_monitor::eth_client[0m[2m:[0m 🔍 Fetching transaction details for hash: 0x834401eb0302c9f48cacb42b099c4176fffc8bba5357ff6d28152700a4301c4d
[2m2025-12-10T10:11:10.748925Z[0m [34mDEBUG[0m [2mhyper::client::pool[0m[2m:[0m reuse idle connection for ("http", 192.168.0.14:8545)
[2m2025-12-10T10:11:10.748942Z[0m [34mDEBUG[0m [2mhyper::proto::h1::io[0m[2m:[0m flushed 250 bytes
[2m2025-12-10T10:11:10.753045Z[0m [34mDEBUG[0m [2mhyper::proto::h1::io[0m[2m:[0m parsed 4 headers
[2m2025-12-10T10:11:10.753066Z[0m [34mDEBUG[0m [2mhyper::proto::h1::conn[0m[2m:[0m incoming body is content-length (45 bytes)
[2m2025-12-10T10:11:10.753086Z[0m [34mDEBUG[0m [2mhyper::proto::h1::conn[0m[2m:[0m incoming body completed
[2m2025-12-10T10:11:10.753108Z[0m [34mDEBUG[0m [2mhyper::client::pool[0m[2m:[0m pooling idle connection for ("http", 192.168.0.14:8545)
[2m2025-12-10T10:11:10.754383Z[0m [34mDEBUG[0m [2mhyper::proto::h1::io[0m[2m:[0m parsed 4 headers
[2m2025-12-10T10:11:10.754401Z[0m [34mDEBUG[0m [2mhyper::proto::h1::conn[0m[2m:[0m incoming body is content-length (676 bytes)
[2m2025-12-10T10:11:10.754450Z[0m [34mDEBUG[0m [2mhyper::proto::h1::conn[0m[2m:[0m incoming body completed
[2m2025-12-10T10:11:10.754457Z[0m [34mDEBUG[0m [2mhyper::client::pool[0m[2m:[0m pooling idle connection for ("http", 192.168.0.14:8545)
[2m2025-12-10T10:11:10.754462Z[0m [34mDEBUG[0m [2methereum_transaction_pool_monitor::eth_client[0m[2m:[0m 📡 Transaction fetch RPC completed in 5.540959ms
[2m2025-12-10T10:11:10.754471Z[0m [34mDEBUG[0m [2methereum_transaction_pool_monitor::eth_client[0m[2m:[0m DeFi transaction detected - Address: 0xdac17f958d2ee523a2206206994597c13d831ec7, Type: Stablecoin, Value: 0 ETH, Gas: 1.00 Gwei
[2m2025-12-10T10:11:10.754485Z[0m [34mDEBUG[0m [2methereum_transaction_pool_monitor::eth_client[0m[2m:[0m ✅ Transaction 0x834401eb0302c9f48cacb42b099c4176fffc8bba5357ff6d28152700a4301c4d fetched and parsed in 5.564417ms
[2m2025-12-10T10:11:10.754495Z[0m [34mDEBUG[0m [2methereum_transaction_pool_monitor::mempool_monitor[0m[2m:[0m 🔍 Skipping tx 0x834401eb0302c9f48cacb42b099c4176fffc8bba5357ff6d28152700a4301c4d - not a DEX interaction (target: 0xdAC17F958D2ee523a2206206994597C13D831ec7)
[2m2025-12-10T10:11:10.754503Z[0m [34mDEBUG[0m [2methereum_transaction_pool_monitor::mempool_monitor[0m[2m:[0m 📨 Processing new pending transaction: 0x0b68d6b7f368f82224ffe69a1905491fbf46d70be607a433def8a3ff37a76421
[2m2025-12-10T10:11:10.754510Z[0m [34mDEBUG[0m [2methereum_transaction_pool_monitor::mempool_monitor[0m[2m:[0m 🔍 Fetching transaction details for: 0x0b68d6b7f368f82224ffe69a1905491fbf46d70be607a433def8a3ff37a76421
[2m2025-12-10T10:11:10.754513Z[0m [34mDEBUG[0m [2methereum_transaction_pool_monitor::eth_client[0m[2m:[0m 🔍 Fetching transaction details for hash: 0x0b68d6b7f368f82224ffe69a1905491fbf46d70be607a433def8a3ff37a76421
[2m2025-12-10T10:11:10.754522Z[0m [34mDEBUG[0m [2mhyper::client::pool[0m[2m:[0m reuse idle connection for ("http", 192.168.0.14:8545)
[2m2025-12-10T10:11:10.754535Z[0m [34mDEBUG[0m [2mhyper::proto::h1::io[0m[2m:[0m flushed 250 bytes
[2m2025-12-10T10:11:10.764250Z[0m [34mDEBUG[0m [2mhyper::proto::h1::io[0m[2m:[0m parsed 4 headers
[2m2025-12-10T10:11:10.767215Z[0m [34mDEBUG[0m [2mhyper::proto::h1::conn[0m[2m:[0m incoming body is content-length (642 bytes)
[2m2025-12-10T10:11:10.767512Z[0m [34mDEBUG[0m [2mhyper::proto::h1::conn[0m[2m:[0m incoming body completed
[2m2025-12-10T10:11:10.767519Z[0m [34mDEBUG[0m [2mhyper::client::pool[0m[2m:[0m pooling idle connection for ("http", 192.168.0.14:8545)
[2m2025-12-10T10:11:10.767526Z[0m [34mDEBUG[0m [2methereum_transaction_pool_monitor::eth_client[0m[2m:[0m 📡 Transaction fetch RPC completed in 13.007833ms
[2m2025-12-10T10:11:10.840557Z[0m [34mDEBUG[0m [2methereum_transaction_pool_monitor::eth_client[0m[2m:[0m ✅ Transaction 0x0b68d6b7f368f82224ffe69a1905491fbf46d70be607a433def8a3ff37a76421 fetched and parsed in 86.036083ms
[2m2025-12-10T10:11:10.840584Z[0m [34mDEBUG[0m [2methereum_transaction_pool_monitor::mempool_monitor[0m[2m:[0m 🔍 Skipping tx 0x0b68d6b7f368f82224ffe69a1905491fbf46d70be607a433def8a3ff37a76421 - not a DEX interaction (target: 0x00bc687B6164CF3E4D7E4C5eE763eFebBa6eA6Eb)
[2m2025-12-10T10:11:10.840619Z[0m [34mDEBUG[0m [2mhyper::client::pool[0m[2m:[0m reuse idle connection for ("http", 192.168.0.14:8545)
[2m2025-12-10T10:11:10.840622Z[0m [34mDEBUG[0m [2methereum_transaction_pool_monitor::eth_client[0m[2m:[0m 📨 Received WebSocket message: {"jsonrpc":"2.0","method":"eth_subscription","params":{"subscription":"0xbed0a0851463e895960a451075a301a9","result":"0xa8e5e483b649adba82ee5d0eb0a82c5702fb01fd0c86a2bc9167f76bf836ea3f"}}
[2m2025-12-10T10:11:10.840635Z[0m [34mDEBUG[0m [2methereum_transaction_pool_monitor::eth_client[0m[2m:[0m 📨 Received pending transaction: 0xa8e5e483b649adba82ee5d0eb0a82c5702fb01fd0c86a2bc9167f76bf836ea3f
[2m2025-12-10T10:11:10.840643Z[0m [34mDEBUG[0m [2methereum_transaction_pool_monitor::mempool_monitor[0m[2m:[0m 📨 Processing new pending transaction: 0xa8e5e483b649adba82ee5d0eb0a82c5702fb01fd0c86a2bc9167f76bf836ea3f
[2m2025-12-10T10:11:10.840648Z[0m [34mDEBUG[0m [2methereum_transaction_pool_monitor::mempool_monitor[0m[2m:[0m 🔍 Fetching transaction details for: 0xa8e5e483b649adba82ee5d0eb0a82c5702fb01fd0c86a2bc9167f76bf836ea3f
[2m2025-12-10T10:11:10.840654Z[0m [34mDEBUG[0m [2methereum_transaction_pool_monitor::eth_client[0m[2m:[0m 🔍 Fetching transaction details for hash: 0xa8e5e483b649adba82ee5d0eb0a82c5702fb01fd0c86a2bc9167f76bf836ea3f
[2m2025-12-10T10:11:10.840658Z[0m [34mDEBUG[0m [2mhyper::proto::h1::io[0m[2m:[0m flushed 172 bytes
[2m2025-12-10T10:11:10.840669Z[0m [34mDEBUG[0m [2mhyper::client::pool[0m[2m:[0m reuse idle connection for ("http", 192.168.0.14:8545)
[2m2025-12-10T10:11:10.840688Z[0m [34mDEBUG[0m [2mhyper::proto::h1::io[0m[2m:[0m flushed 250 bytes
[2m2025-12-10T10:11:10.841294Z[0m [34mDEBUG[0m [2methereum_transaction_pool_monitor::eth_client[0m[2m:[0m 📨 Received WebSocket message: {"jsonrpc":"2.0","method":"eth_subscription","params":{"subscription":"0xbed0a0851463e895960a451075a301a9","result":"0xd79bd0cdef2fc674319ec727ed6ed85f32719e19446c439324a736c28b9637fd"}}
[2m2025-12-10T10:11:10.842076Z[0m [34mDEBUG[0m [2methereum_transaction_pool_monitor::eth_client[0m[2m:[0m 📨 Received pending transaction: 0xd79bd0cdef2fc674319ec727ed6ed85f32719e19446c439324a736c28b9637fd
[2m2025-12-10T10:11:10.843576Z[0m [34mDEBUG[0m [2mhyper::proto::h1::io[0m[2m:[0m parsed 4 headers
[2m2025-12-10T10:11:10.843581Z[0m [34mDEBUG[0m [2mhyper::proto::h1::conn[0m[2m:[0m incoming body is content-length (45 bytes)
[2m2025-12-10T10:11:10.843587Z[0m [34mDEBUG[0m [2mhyper::proto::h1::conn[0m[2m:[0m incoming body completed
[2m2025-12-10T10:11:10.843593Z[0m [34mDEBUG[0m [2mhyper::client::pool[0m[2m:[0m pooling idle connection for ("http", 192.168.0.14:8545)
[2m2025-12-10T10:11:10.845105Z[0m [34mDEBUG[0m [2mhyper::proto::h1::io[0m[2m:[0m parsed 4 headers
[2m2025-12-10T10:11:10.845126Z[0m [34mDEBUG[0m [2mhyper::proto::h1::conn[0m[2m:[0m incoming body is content-length (770 bytes)
[2m2025-12-10T10:11:10.845152Z[0m [34mDEBUG[0m [2mhyper::proto::h1::conn[0m[2m:[0m incoming body completed
[2m2025-12-10T10:11:10.845176Z[0m [34mDEBUG[0m [2mhyper::client::pool[0m[2m:[0m pooling idle connection for ("http", 192.168.0.14:8545)
[2m2025-12-10T10:11:10.845181Z[0m [34mDEBUG[0m [2methereum_transaction_pool_monitor::eth_client[0m[2m:[0m 📡 Transaction fetch RPC completed in 4.517917ms
[2m2025-12-10T10:11:10.916763Z[0m [34mDEBUG[0m [2methereum_transaction_pool_monitor::eth_client[0m[2m:[0m ✅ Transaction 0xa8e5e483b649adba82ee5d0eb0a82c5702fb01fd0c86a2bc9167f76bf836ea3f fetched and parsed in 76.098042ms
[2m2025-12-10T10:11:10.916787Z[0m [34mDEBUG[0m [2methereum_transaction_pool_monitor::mempool_monitor[0m[2m:[0m 🔍 Skipping tx 0xa8e5e483b649adba82ee5d0eb0a82c5702fb01fd0c86a2bc9167f76bf836ea3f - not a DEX interaction (target: 0x4d5F47FA6A74757f35C14fD3a6Ef8E3C9BC514E8)
[2m2025-12-10T10:11:10.916797Z[0m [34mDEBUG[0m [2methereum_transaction_pool_monitor::mempool_monitor[0m[2m:[0m 📨 Processing new pending transaction: 0xd79bd0cdef2fc674319ec727ed6ed85f32719e19446c439324a736c28b9637fd
[2m2025-12-10T10:11:10.916803Z[0m [34mDEBUG[0m [2methereum_transaction_pool_monitor::mempool_monitor[0m[2m:[0m 🔍 Fetching transaction details for: 0xd79bd0cdef2fc674319ec727ed6ed85f32719e19446c439324a736c28b9637fd
[2m2025-12-10T10:11:10.916808Z[0m [34mDEBUG[0m [2methereum_transaction_pool_monitor::eth_client[0m[2m:[0m 🔍 Fetching transaction details for hash: 0xd79bd0cdef2fc674319ec727ed6ed85f32719e19446c439324a736c28b9637fd
[2m2025-12-10T10:11:10.916826Z[0m [34mDEBUG[0m [2mhyper::client::pool[0m[2m:[0m reuse idle connection for ("http", 192.168.0.14:8545)
[2m2025-12-10T10:11:10.916861Z[0m [34mDEBUG[0m [2mhyper::proto::h1::io[0m[2m:[0m flushed 250 bytes
[2m2025-12-10T10:11:10.916879Z[0m [34mDEBUG[0m [2mhyper::client::pool[0m[2m:[0m reuse idle connection for ("http", 192.168.0.14:8545)
[2m2025-12-10T10:11:10.916886Z[0m [34mDEBUG[0m [2methereum_transaction_pool_monitor::eth_client[0m[2m:[0m 📨 Received WebSocket message: {"jsonrpc":"2.0","method":"eth_subscription","params":{"subscription":"0xbed0a0851463e895960a451075a301a9","result":"0x8aef6e910b15d09bf87ae0fec68803cd34d87114d963bcce5707cfe28d2baf55"}}
[2m2025-12-10T10:11:10.916893Z[0m [34mDEBUG[0m [2mhyper::proto::h1::io[0m[2m:[0m flushed 172 bytes
[2m2025-12-10T10:11:10.916896Z[0m [34mDEBUG[0m [2methereum_transaction_pool_monitor::eth_client[0m[2m:[0m 📨 Received pending transaction: 0x8aef6e910b15d09bf87ae0fec68803cd34d87114d963bcce5707cfe28d2baf55
[2m2025-12-10T10:11:10.917614Z[0m [34mDEBUG[0m [2methereum_transaction_pool_monitor::eth_client[0m[2m:[0m 📨 Received WebSocket message: {"jsonrpc":"2.0","method":"eth_subscription","params":{"subscription":"0xbed0a0851463e895960a451075a301a9","result":"0xe4ba902cfaa01c563393923a2ec95bd3f9ccf5320916b07fce3dc13b0ccb8eca"}}
[2m2025-12-10T10:11:10.917640Z[0m [34mDEBUG[0m [2methereum_transaction_pool_monitor::eth_client[0m[2m:[0m 📨 Received pending transaction: 0xe4ba902cfaa01c563393923a2ec95bd3f9ccf5320916b07fce3dc13b0ccb8eca
[2m2025-12-10T10:11:10.924095Z[0m [34mDEBUG[0m [2mhyper::proto::h1::io[0m[2m:[0m parsed 4 headers
[2m2025-12-10T10:11:10.924100Z[0m [34mDEBUG[0m [2mhyper::proto::h1::conn[0m[2m:[0m incoming body is content-length (45 bytes)
[2m2025-12-10T10:11:10.924109Z[0m [34mDEBUG[0m [2mhyper::proto::h1::conn[0m[2m:[0m incoming body completed
[2m2025-12-10T10:11:10.924117Z[0m [34mDEBUG[0m [2mhyper::client::pool[0m[2m:[0m pooling idle connection for ("http", 192.168.0.14:8545)
[2m2025-12-10T10:11:10.930173Z[0m [34mDEBUG[0m [2mhyper::proto::h1::io[0m[2m:[0m parsed 4 headers
[2m2025-12-10T10:11:10.930192Z[0m [34mDEBUG[0m [2mhyper::proto::h1::conn[0m[2m:[0m incoming body is content-length (830 bytes)
[2m2025-12-10T10:11:10.930210Z[0m [34mDEBUG[0m [2mhyper::proto::h1::conn[0m[2m:[0m incoming body completed
[2m2025-12-10T10:11:10.930230Z[0m [34mDEBUG[0m [2mhyper::client::pool[0m[2m:[0m pooling idle connection for ("http", 192.168.0.14:8545)
[2m2025-12-10T10:11:10.930235Z[0m [34mDEBUG[0m [2methereum_transaction_pool_monitor::eth_client[0m[2m:[0m 📡 Transaction fetch RPC completed in 13.420542ms
[2m2025-12-10T10:11:11.001174Z[0m [34mDEBUG[0m [2methereum_transaction_pool_monitor::eth_client[0m[2m:[0m ✅ Transaction 0xd79bd0cdef2fc674319ec727ed6ed85f32719e19446c439324a736c28b9637fd fetched and parsed in 84.357792ms
[2m2025-12-10T10:11:11.001199Z[0m [34mDEBUG[0m [2methereum_transaction_pool_monitor::mempool_monitor[0m[2m:[0m 🔍 Skipping tx 0xd79bd0cdef2fc674319ec727ed6ed85f32719e19446c439324a736c28b9637fd - not a DEX interaction (target: 0x3B4D794a66304F130a4Db8F2551B0070dfCf5ca7)
[2m2025-12-10T10:11:11.001214Z[0m [34mDEBUG[0m [2methereum_transaction_pool_monitor::mempool_monitor[0m[2m:[0m 📨 Processing new pending transaction: 0x8aef6e910b15d09bf87ae0fec68803cd34d87114d963bcce5707cfe28d2baf55
[2m2025-12-10T10:11:11.001220Z[0m [34mDEBUG[0m [2methereum_transaction_pool_monitor::mempool_monitor[0m[2m:[0m 🔍 Fetching transaction details for: 0x8aef6e910b15d09bf87ae0fec68803cd34d87114d963bcce5707cfe28d2baf55
[2m2025-12-10T10:11:11.001227Z[0m [34mDEBUG[0m [2methereum_transaction_pool_monitor::eth_client[0m[2m:[0m 🔍 Fetching transaction details for hash: 0x8aef6e910b15d09bf87ae0fec68803cd34d87114d963bcce5707cfe28d2baf55
[2m2025-12-10T10:11:11.001246Z[0m [34mDEBUG[0m [2mhyper::client::pool[0m[2m:[0m reuse idle connection for ("http", 192.168.0.14:8545)
[2m2025-12-10T10:11:11.001295Z[0m [34mDEBUG[0m [2mhyper::proto::h1::io[0m[2m:[0m flushed 250 bytes
[2m2025-12-10T10:11:11.001332Z[0m [34mDEBUG[0m [2mhyper::client::pool[0m[2m:[0m reuse idle connection for ("http", 192.168.0.14:8545)
[2m2025-12-10T10:11:11.001350Z[0m [34mDEBUG[0m [2mhyper::proto::h1::io[0m[2m:[0m flushed 172 bytes
[2m2025-12-10T10:11:11.007558Z[0m [34mDEBUG[0m [2mhyper::proto::h1::io[0m[2m:[0m parsed 4 headers
[2m2025-12-10T10:11:11.007566Z[0m [34mDEBUG[0m [2mhyper::proto::h1::conn[0m[2m:[0m incoming body is content-length (45 bytes)
[2m2025-12-10T10:11:11.007572Z[0m [34mDEBUG[0m [2mhyper::proto::h1::conn[0m[2m:[0m incoming body completed
[2m2025-12-10T10:11:11.007580Z[0m [34mDEBUG[0m [2mhyper::client::pool[0m[2m:[0m pooling idle connection for ("http", 192.168.0.14:8545)
[2m2025-12-10T10:11:11.008182Z[0m [34mDEBUG[0m [2mhyper::proto::h1::io[0m[2m:[0m parsed 4 headers
[2m2025-12-10T10:11:11.008192Z[0m [34mDEBUG[0m [2mhyper::proto::h1::conn[0m[2m:[0m incoming body is content-length (843 bytes)
[2m2025-12-10T10:11:11.008199Z[0m [34mDEBUG[0m [2mhyper::proto::h1::conn[0m[2m:[0m incoming body completed
[2m2025-12-10T10:11:11.008212Z[0m [34mDEBUG[0m [2mhyper::client::pool[0m[2m:[0m pooling idle connection for ("http", 192.168.0.14:8545)
[2m2025-12-10T10:11:11.008221Z[0m [34mDEBUG[0m [2methereum_transaction_pool_monitor::eth_client[0m[2m:[0m 📡 Transaction fetch RPC completed in 6.988458ms
[2m2025-12-10T10:11:11.080122Z[0m [34mDEBUG[0m [2methereum_transaction_pool_monitor::eth_client[0m[2m:[0m ✅ Transaction 0x8aef6e910b15d09bf87ae0fec68803cd34d87114d963bcce5707cfe28d2baf55 fetched and parsed in 78.886458ms
[2m2025-12-10T10:11:11.080148Z[0m [34mDEBUG[0m [2methereum_transaction_pool_monitor::mempool_monitor[0m[2m:[0m 🔍 Skipping tx 0x8aef6e910b15d09bf87ae0fec68803cd34d87114d963bcce5707cfe28d2baf55 - not a DEX interaction (target: 0xA0b86991c6218b36c1d19D4a2e9Eb0cE3606eB48)
[2m2025-12-10T10:11:11.080159Z[0m [34mDEBUG[0m [2methereum_transaction_pool_monitor::mempool_monitor[0m[2m:[0m 📨 Processing new pending transaction: 0xe4ba902cfaa01c563393923a2ec95bd3f9ccf5320916b07fce3dc13b0ccb8eca
[2m2025-12-10T10:11:11.080165Z[0m [34mDEBUG[0m [2methereum_transaction_pool_monitor::mempool_monitor[0m[2m:[0m 🔍 Fetching transaction details for: 0xe4ba902cfaa01c563393923a2ec95bd3f9ccf5320916b07fce3dc13b0ccb8eca
[2m2025-12-10T10:11:11.080170Z[0m [34mDEBUG[0m [2methereum_transaction_pool_monitor::eth_client[0m[2m:[0m 🔍 Fetching transaction details for hash: 0xe4ba902cfaa01c563393923a2ec95bd3f9ccf5320916b07fce3dc13b0ccb8eca
[2m2025-12-10T10:11:11.080189Z[0m [34mDEBUG[0m [2mhyper::client::pool[0m[2m:[0m reuse idle connection for ("http", 192.168.0.14:8545)
[2m2025-12-10T10:11:11.080229Z[0m [34mDEBUG[0m [2mhyper::proto::h1::io[0m[2m:[0m flushed 250 bytes
[2m2025-12-10T10:11:11.080246Z[0m [34mDEBUG[0m [2methereum_transaction_pool_monitor::eth_client[0m[2m:[0m 📨 Received WebSocket message: {"jsonrpc":"2.0","method":"eth_subscription","params":{"subscription":"0xbed0a0851463e895960a451075a301a9","result":"0x54262eafd3ad26a32beb54efd93122eec34aa1f487095af374bb4b396d6ee239"}}
[2m2025-12-10T10:11:11.080253Z[0m [34mDEBUG[0m [2methereum_transaction_pool_monitor::eth_client[0m[2m:[0m 📨 Received pending transaction: 0x54262eafd3ad26a32beb54efd93122eec34aa1f487095af374bb4b396d6ee239
[2m2025-12-10T10:11:11.088526Z[0m [34mDEBUG[0m [2mhyper::proto::h1::io[0m[2m:[0m parsed 4 headers
[2m2025-12-10T10:11:11.088537Z[0m [34mDEBUG[0m [2mhyper::proto::h1::conn[0m[2m:[0m incoming body is content-length (1731 bytes)
[2m2025-12-10T10:11:11.088551Z[0m [34mDEBUG[0m [2methereum_transaction_pool_monitor::eth_client[0m[2m:[0m 📡 Transaction fetch RPC completed in 8.375417ms
[2m2025-12-10T10:11:11.089047Z[0m [34mDEBUG[0m [2mhyper::proto::h1::conn[0m[2m:[0m incoming body completed
[2m2025-12-10T10:11:11.089057Z[0m [34mDEBUG[0m [2mhyper::client::pool[0m[2m:[0m pooling idle connection for ("http", 192.168.0.14:8545)
[2m2025-12-10T10:11:11.099095Z[0m [34mDEBUG[0m [2mhyper::client::pool[0m[2m:[0m reuse idle connection for ("http", 192.168.0.14:8545)
[2m2025-12-10T10:11:11.099160Z[0m [34mDEBUG[0m [2mhyper::proto::h1::io[0m[2m:[0m flushed 172 bytes
[2m2025-12-10T10:11:11.102012Z[0m [34mDEBUG[0m [2mhyper::proto::h1::io[0m[2m:[0m parsed 4 headers
[2m2025-12-10T10:11:11.102019Z[0m [34mDEBUG[0m [2mhyper::proto::h1::conn[0m[2m:[0m incoming body is content-length (45 bytes)
[2m2025-12-10T10:11:11.102026Z[0m [34mDEBUG[0m [2mhyper::proto::h1::conn[0m[2m:[0m incoming body completed
[2m2025-12-10T10:11:11.102036Z[0m [34mDEBUG[0m [2mhyper::client::pool[0m[2m:[0m pooling idle connection for ("http", 192.168.0.14:8545)
[2m2025-12-10T10:11:11.161284Z[0m [34mDEBUG[0m [2methereum_transaction_pool_monitor::eth_client[0m[2m:[0m ✅ Transaction 0xe4ba902cfaa01c563393923a2ec95bd3f9ccf5320916b07fce3dc13b0ccb8eca fetched and parsed in 81.106083ms
[2m2025-12-10T10:11:11.161308Z[0m [34mDEBUG[0m [2methereum_transaction_pool_monitor::mempool_monitor[0m[2m:[0m 🔍 Skipping tx 0xe4ba902cfaa01c563393923a2ec95bd3f9ccf5320916b07fce3dc13b0ccb8eca - not a DEX interaction (target: 0x601a2aD6CB5949f0529735254189Ba3194221EDF)
[2m2025-12-10T10:11:11.161317Z[0m [34mDEBUG[0m [2methereum_transaction_pool_monitor::mempool_monitor[0m[2m:[0m 📨 Processing new pending transaction: 0x54262eafd3ad26a32beb54efd93122eec34aa1f487095af374bb4b396d6ee239
[2m2025-12-10T10:11:11.161323Z[0m [34mDEBUG[0m [2methereum_transaction_pool_monitor::mempool_monitor[0m[2m:[0m 🔍 Fetching transaction details for: 0x54262eafd3ad26a32beb54efd93122eec34aa1f487095af374bb4b396d6ee239
[2m2025-12-10T10:11:11.161328Z[0m [34mDEBUG[0m [2methereum_transaction_pool_monitor::eth_client[0m[2m:[0m 🔍 Fetching transaction details for hash: 0x54262eafd3ad26a32beb54efd93122eec34aa1f487095af374bb4b396d6ee239
[2m2025-12-10T10:11:11.161346Z[0m [34mDEBUG[0m [2mhyper::client::pool[0m[2m:[0m reuse idle connection for ("http", 192.168.0.14:8545)
[2m2025-12-10T10:11:11.161388Z[0m [34mDEBUG[0m [2mhyper::proto::h1::io[0m[2m:[0m flushed 250 bytes
[2m2025-12-10T10:11:11.166984Z[0m [34mDEBUG[0m [2mhyper::proto::h1::io[0m[2m:[0m parsed 4 headers
[2m2025-12-10T10:11:11.166998Z[0m [34mDEBUG[0m [2mhyper::proto::h1::conn[0m[2m:[0m incoming body is content-length (769 bytes)
[2m2025-12-10T10:11:11.167006Z[0m [34mDEBUG[0m [2mhyper::proto::h1::conn[0m[2m:[0m incoming body completed
[2m2025-12-10T10:11:11.167016Z[0m [34mDEBUG[0m [2mhyper::client::pool[0m[2m:[0m pooling idle connection for ("http", 192.168.0.14:8545)
[2m2025-12-10T10:11:11.167022Z[0m [34mDEBUG[0m [2methereum_transaction_pool_monitor::eth_client[0m[2m:[0m 📡 Transaction fetch RPC completed in 5.688583ms
[2m2025-12-10T10:11:11.167037Z[0m [34mDEBUG[0m [2methereum_transaction_pool_monitor::eth_client[0m[2m:[0m DeFi transaction detected - Address: 0xdac17f958d2ee523a2206206994597c13d831ec7, Type: Stablecoin, Value: 0 ETH, Gas: 0.21 Gwei
[2m2025-12-10T10:11:11.167048Z[0m [34mDEBUG[0m [2methereum_transaction_pool_monitor::eth_client[0m[2m:[0m ✅ Transaction 0x54262eafd3ad26a32beb54efd93122eec34aa1f487095af374bb4b396d6ee239 fetched and parsed in 5.715166ms
[2m2025-12-10T10:11:11.167054Z[0m [34mDEBUG[0m [2methereum_transaction_pool_monitor::mempool_monitor[0m[2m:[0m 🔍 Skipping tx 0x54262eafd3ad26a32beb54efd93122eec34aa1f487095af374bb4b396d6ee239 - not a DEX interaction (target: 0xdAC17F958D2ee523a2206206994597C13D831ec7)
[2m2025-12-10T10:11:11.191694Z[0m [34mDEBUG[0m [2methereum_transaction_pool_monitor::eth_client[0m[2m:[0m 📨 Received WebSocket message: {"jsonrpc":"2.0","method":"eth_subscription","params":{"subscription":"0xbed0a0851463e895960a451075a301a9","result":"0x1ca0dd4d2c7e984ee88d9c7eba4e84b1d1beedcad8c5191899bb436d1eb278aa"}}
[2m2025-12-10T10:11:11.191736Z[0m [34mDEBUG[0m [2methereum_transaction_pool_monitor::eth_client[0m[2m:[0m 📨 Received pending transaction: 0x1ca0dd4d2c7e984ee88d9c7eba4e84b1d1beedcad8c5191899bb436d1eb278aa
[2m2025-12-10T10:11:11.191759Z[0m [34mDEBUG[0m [2methereum_transaction_pool_monitor::mempool_monitor[0m[2m:[0m 📨 Processing new pending transaction: 0x1ca0dd4d2c7e984ee88d9c7eba4e84b1d1beedcad8c5191899bb436d1eb278aa
[2m2025-12-10T10:11:11.191764Z[0m [34mDEBUG[0m [2methereum_transaction_pool_monitor::mempool_monitor[0m[2m:[0m 🔍 Fetching transaction details for: 0x1ca0dd4d2c7e984ee88d9c7eba4e84b1d1beedcad8c5191899bb436d1eb278aa
[2m2025-12-10T10:11:11.191768Z[0m [34mDEBUG[0m [2methereum_transaction_pool_monitor::eth_client[0m[2m:[0m 🔍 Fetching transaction details for hash: 0x1ca0dd4d2c7e984ee88d9c7eba4e84b1d1beedcad8c5191899bb436d1eb278aa
[2m2025-12-10T10:11:11.191793Z[0m [34mDEBUG[0m [2mhyper::client::pool[0m[2m:[0m reuse idle connection for ("http", 192.168.0.14:8545)
[2m2025-12-10T10:11:11.191818Z[0m [34mDEBUG[0m [2mhyper::proto::h1::io[0m[2m:[0m flushed 250 bytes
[2m2025-12-10T10:11:11.198090Z[0m [34mDEBUG[0m [2mhyper::client::pool[0m[2m:[0m reuse idle connection for ("http", 192.168.0.14:8545)
[2m2025-12-10T10:11:11.199066Z[0m [34mDEBUG[0m [2mhyper::proto::h1::io[0m[2m:[0m flushed 172 bytes
[2m2025-12-10T10:11:11.200281Z[0m [34mDEBUG[0m [2mhyper::proto::h1::io[0m[2m:[0m parsed 4 headers
[2m2025-12-10T10:11:11.200290Z[0m [34mDEBUG[0m [2mhyper::proto::h1::conn[0m[2m:[0m incoming body is content-length (644 bytes)
[2m2025-12-10T10:11:11.200299Z[0m [34mDEBUG[0m [2mhyper::proto::h1::conn[0m[2m:[0m incoming body completed
[2m2025-12-10T10:11:11.200307Z[0m [34mDEBUG[0m [2mhyper::client::pool[0m[2m:[0m pooling idle connection for ("http", 192.168.0.14:8545)
[2m2025-12-10T10:11:11.200313Z[0m [34mDEBUG[0m [2methereum_transaction_pool_monitor::eth_client[0m[2m:[0m 📡 Transaction fetch RPC completed in 8.538458ms
[2m2025-12-10T10:11:11.272029Z[0m [34mDEBUG[0m [2methereum_transaction_pool_monitor::eth_client[0m[2m:[0m ✅ Transaction 0x1ca0dd4d2c7e984ee88d9c7eba4e84b1d1beedcad8c5191899bb436d1eb278aa fetched and parsed in 80.25175ms
[2m2025-12-10T10:11:11.272055Z[0m [34mDEBUG[0m [2methereum_transaction_pool_monitor::mempool_monitor[0m[2m:[0m 🔍 Skipping tx 0x1ca0dd4d2c7e984ee88d9c7eba4e84b1d1beedcad8c5191899bb436d1eb278aa - not a DEX interaction (target: 0x8329D783F96e48d50f0f1f5a3c7F83b73A5c0218)
[2m2025-12-10T10:11:11.272080Z[0m [34mDEBUG[0m [2mhyper::proto::h1::io[0m[2m:[0m parsed 4 headers
[2m2025-12-10T10:11:11.272088Z[0m [34mDEBUG[0m [2mhyper::proto::h1::conn[0m[2m:[0m incoming body is content-length (45 bytes)
[2m2025-12-10T10:11:11.272097Z[0m [34mDEBUG[0m [2mhyper::proto::h1::conn[0m[2m:[0m incoming body completed
[2m2025-12-10T10:11:11.272107Z[0m [34mDEBUG[0m [2mhyper::client::pool[0m[2m:[0m pooling idle connection for ("http", 192.168.0.14:8545)
[2m2025-12-10T10:11:11.287191Z[0m [34mDEBUG[0m [2methereum_transaction_pool_monitor::eth_client[0m[2m:[0m 📨 Received WebSocket message: {"jsonrpc":"2.0","method":"eth_subscription","params":{"subscription":"0xbed0a0851463e895960a451075a301a9","result":"0xeac616cce16820202502c7ec18060d922994ca8868d19c0775f9ca3f95f7c3a5"}}
[2m2025-12-10T10:11:11.287202Z[0m [34mDEBUG[0m [2methereum_transaction_pool_monitor::eth_client[0m[2m:[0m 📨 Received pending transaction: 0xeac616cce16820202502c7ec18060d922994ca8868d19c0775f9ca3f95f7c3a5
[2m2025-12-10T10:11:11.287209Z[0m [34mDEBUG[0m [2methereum_transaction_pool_monitor::mempool_monitor[0m[2m:[0m 📨 Processing new pending transaction: 0xeac616cce16820202502c7ec18060d922994ca8868d19c0775f9ca3f95f7c3a5
[2m2025-12-10T10:11:11.287213Z[0m [34mDEBUG[0m [2methereum_transaction_pool_monitor::mempool_monitor[0m[2m:[0m 🔍 Fetching transaction details for: 0xeac616cce16820202502c7ec18060d922994ca8868d19c0775f9ca3f95f7c3a5
[2m2025-12-10T10:11:11.287217Z[0m [34mDEBUG[0m [2methereum_transaction_pool_monitor::eth_client[0m[2m:[0m 🔍 Fetching transaction details for hash: 0xeac616cce16820202502c7ec18060d922994ca8868d19c0775f9ca3f95f7c3a5
[2m2025-12-10T10:11:11.287232Z[0m [34mDEBUG[0m [2mhyper::client::pool[0m[2m:[0m reuse idle connection for ("http", 192.168.0.14:8545)
[2m2025-12-10T10:11:11.287249Z[0m [34mDEBUG[0m [2mhyper::proto::h1::io[0m[2m:[0m flushed 250 bytes
[2m2025-12-10T10:11:11.290599Z[0m [34mDEBUG[0m [2methereum_transaction_pool_monitor::eth_client[0m[2m:[0m 📨 Received WebSocket message: {"jsonrpc":"2.0","method":"eth_subscription","params":{"subscription":"0xbed0a0851463e895960a451075a301a9","result":"0xab01ca977d4cec6d60ae0a184b27e3306b1c11e654e1469a21a6e5f9d56f9abe"}}
[2m2025-12-10T10:11:11.290610Z[0m [34mDEBUG[0m [2methereum_transaction_pool_monitor::eth_client[0m[2m:[0m 📨 Received pending transaction: 0xab01ca977d4cec6d60ae0a184b27e3306b1c11e654e1469a21a6e5f9d56f9abe
[2m2025-12-10T10:11:11.292932Z[0m [34mDEBUG[0m [2mhyper::proto::h1::io[0m[2m:[0m parsed 4 headers
[2m2025-12-10T10:11:11.292940Z[0m [34mDEBUG[0m [2mhyper::proto::h1::conn[0m[2m:[0m incoming body is content-length (644 bytes)
[2m2025-12-10T10:11:11.292946Z[0m [34mDEBUG[0m [2mhyper::proto::h1::conn[0m[2m:[0m incoming body completed
[2m2025-12-10T10:11:11.292955Z[0m [34mDEBUG[0m [2mhyper::client::pool[0m[2m:[0m pooling idle connection for ("http", 192.168.0.14:8545)
[2m2025-12-10T10:11:11.292960Z[0m [34mDEBUG[0m [2methereum_transaction_pool_monitor::eth_client[0m[2m:[0m 📡 Transaction fetch RPC completed in 5.740292ms
[2m2025-12-10T10:11:11.363809Z[0m [34mDEBUG[0m [2methereum_transaction_pool_monitor::eth_client[0m[2m:[0m ✅ Transaction 0xeac616cce16820202502c7ec18060d922994ca8868d19c0775f9ca3f95f7c3a5 fetched and parsed in 76.587ms
[2m2025-12-10T10:11:11.363834Z[0m [34mDEBUG[0m [2methereum_transaction_pool_monitor::mempool_monitor[0m[2m:[0m 🔍 Skipping tx 0xeac616cce16820202502c7ec18060d922994ca8868d19c0775f9ca3f95f7c3a5 - not a DEX interaction (target: 0x623777Cc098C6058a46cF7530f45150ff6a8459D)
[2m2025-12-10T10:11:11.363843Z[0m [34mDEBUG[0m [2methereum_transaction_pool_monitor::mempool_monitor[0m[2m:[0m 📨 Processing new pending transaction: 0xab01ca977d4cec6d60ae0a184b27e3306b1c11e654e1469a21a6e5f9d56f9abe
[2m2025-12-10T10:11:11.363850Z[0m [34mDEBUG[0m [2methereum_transaction_pool_monitor::mempool_monitor[0m[2m:[0m 🔍 Fetching transaction details for: 0xab01ca977d4cec6d60ae0a184b27e3306b1c11e654e1469a21a6e5f9d56f9abe
[2m2025-12-10T10:11:11.363855Z[0m [34mDEBUG[0m [2methereum_transaction_pool_monitor::eth_client[0m[2m:[0m 🔍 Fetching transaction details for hash: 0xab01ca977d4cec6d60ae0a184b27e3306b1c11e654e1469a21a6e5f9d56f9abe
[2m2025-12-10T10:11:11.363873Z[0m [34mDEBUG[0m [2mhyper::client::pool[0m[2m:[0m reuse idle connection for ("http", 192.168.0.14:8545)
[2m2025-12-10T10:11:11.363920Z[0m [34mDEBUG[0m [2mhyper::proto::h1::io[0m[2m:[0m flushed 250 bytes
[2m2025-12-10T10:11:11.363955Z[0m [34mDEBUG[0m [2mhyper::client::pool[0m[2m:[0m reuse idle connection for ("http", 192.168.0.14:8545)
[2m2025-12-10T10:11:11.363975Z[0m [34mDEBUG[0m [2mhyper::proto::h1::io[0m[2m:[0m flushed 172 bytes
[2m2025-12-10T10:11:11.369012Z[0m [34mDEBUG[0m [2mhyper::proto::h1::io[0m[2m:[0m parsed 4 headers
[2m2025-12-10T10:11:11.369033Z[0m [34mDEBUG[0m [2mhyper::proto::h1::conn[0m[2m:[0m incoming body is content-length (830 bytes)
[2m2025-12-10T10:11:11.369058Z[0m [34mDEBUG[0m [2mhyper::proto::h1::conn[0m[2m:[0m incoming body completed
[2m2025-12-10T10:11:11.369071Z[0m [34mDEBUG[0m [2mhyper::client::pool[0m[2m:[0m pooling idle connection for ("http", 192.168.0.14:8545)
[2m2025-12-10T10:11:11.369091Z[0m [34mDEBUG[0m [2methereum_transaction_pool_monitor::eth_client[0m[2m:[0m 📡 Transaction fetch RPC completed in 5.23075ms
[2m2025-12-10T10:11:11.440939Z[0m [34mDEBUG[0m [2methereum_transaction_pool_monitor::eth_client[0m[2m:[0m ✅ Transaction 0xab01ca977d4cec6d60ae0a184b27e3306b1c11e654e1469a21a6e5f9d56f9abe fetched and parsed in 77.076416ms
[2m2025-12-10T10:11:11.440966Z[0m [34mDEBUG[0m [2methereum_transaction_pool_monitor::mempool_monitor[0m[2m:[0m 🔍 Skipping tx 0xab01ca977d4cec6d60ae0a184b27e3306b1c11e654e1469a21a6e5f9d56f9abe - not a DEX interaction (target: 0x3B4D794a66304F130a4Db8F2551B0070dfCf5ca7)
[2m2025-12-10T10:11:11.441036Z[0m [34mDEBUG[0m [2methereum_transaction_pool_monitor::eth_client[0m[2m:[0m 📨 Received WebSocket message: {"jsonrpc":"2.0","method":"eth_subscription","params":{"subscription":"0xbed0a0851463e895960a451075a301a9","result":"0x3cf1f6180bf21b9294fcd9953fae8546a0dcb0eca9c6da57ec2ec88d7396c929"}}
[2m2025-12-10T10:11:11.441049Z[0m [34mDEBUG[0m [2methereum_transaction_pool_monitor::eth_client[0m[2m:[0m 📨 Received pending transaction: 0x3cf1f6180bf21b9294fcd9953fae8546a0dcb0eca9c6da57ec2ec88d7396c929
[2m2025-12-10T10:11:11.441058Z[0m [34mDEBUG[0m [2methereum_transaction_pool_monitor::mempool_monitor[0m[2m:[0m 📨 Processing new pending transaction: 0x3cf1f6180bf21b9294fcd9953fae8546a0dcb0eca9c6da57ec2ec88d7396c929
[2m2025-12-10T10:11:11.441069Z[0m [34mDEBUG[0m [2mhyper::proto::h1::io[0m[2m:[0m parsed 4 headers
[2m2025-12-10T10:11:11.441084Z[0m [34mDEBUG[0m [2methereum_transaction_pool_monitor::mempool_monitor[0m[2m:[0m 🔍 Fetching transaction details for: 0x3cf1f6180bf21b9294fcd9953fae8546a0dcb0eca9c6da57ec2ec88d7396c929
[2m2025-12-10T10:11:11.441088Z[0m [34mDEBUG[0m [2mhyper::proto::h1::conn[0m[2m:[0m incoming body is content-length (45 bytes)
[2m2025-12-10T10:11:11.441090Z[0m [34mDEBUG[0m [2methereum_transaction_pool_monitor::eth_client[0m[2m:[0m 🔍 Fetching transaction details for hash: 0x3cf1f6180bf21b9294fcd9953fae8546a0dcb0eca9c6da57ec2ec88d7396c929
[2m2025-12-10T10:11:11.441100Z[0m [34mDEBUG[0m [2mhyper::proto::h1::conn[0m[2m:[0m incoming body completed
[2m2025-12-10T10:11:11.441111Z[0m [34mDEBUG[0m [2mhyper::client::pool[0m[2m:[0m pooling idle connection for ("http", 192.168.0.14:8545)
[2m2025-12-10T10:11:11.441116Z[0m [34mDEBUG[0m [2mhyper::client::pool[0m[2m:[0m reuse idle connection for ("http", 192.168.0.14:8545)
[2m2025-12-10T10:11:11.441125Z[0m [34mDEBUG[0m [2mhyper::client::pool[0m[2m:[0m reuse idle connection for ("http", 192.168.0.14:8545)
[2m2025-12-10T10:11:11.441136Z[0m [34mDEBUG[0m [2mhyper::proto::h1::io[0m[2m:[0m flushed 250 bytes
[2m2025-12-10T10:11:11.441140Z[0m [34mDEBUG[0m [2mhyper::proto::h1::io[0m[2m:[0m flushed 172 bytes
[2m2025-12-10T10:11:11.447549Z[0m [34mDEBUG[0m [2mhyper::proto::h1::io[0m[2m:[0m parsed 4 headers
[2m2025-12-10T10:11:11.447560Z[0m [34mDEBUG[0m [2mhyper::proto::h1::conn[0m[2m:[0m incoming body is content-length (45 bytes)
[2m2025-12-10T10:11:11.447567Z[0m [34mDEBUG[0m [2mhyper::proto::h1::conn[0m[2m:[0m incoming body completed
[2m2025-12-10T10:11:11.447577Z[0m [34mDEBUG[0m [2mhyper::client::pool[0m[2m:[0m pooling idle connection for ("http", 192.168.0.14:8545)
[2m2025-12-10T10:11:11.447596Z[0m [34mDEBUG[0m [2mhyper::proto::h1::io[0m[2m:[0m parsed 4 headers
[2m2025-12-10T10:11:11.447600Z[0m [34mDEBUG[0m [2mhyper::proto::h1::conn[0m[2m:[0m incoming body is content-length (643 bytes)
[2m2025-12-10T10:11:11.447604Z[0m [34mDEBUG[0m [2mhyper::proto::h1::conn[0m[2m:[0m incoming body completed
[2m2025-12-10T10:11:11.447609Z[0m [34mDEBUG[0m [2mhyper::client::pool[0m[2m:[0m pooling idle connection for ("http", 192.168.0.14:8545)
[2m2025-12-10T10:11:11.447614Z[0m [34mDEBUG[0m [2methereum_transaction_pool_monitor::eth_client[0m[2m:[0m 📡 Transaction fetch RPC completed in 6.511583ms
[2m2025-12-10T10:11:11.519789Z[0m [34mDEBUG[0m [2methereum_transaction_pool_monitor::eth_client[0m[2m:[0m ✅ Transaction 0x3cf1f6180bf21b9294fcd9953fae8546a0dcb0eca9c6da57ec2ec88d7396c929 fetched and parsed in 78.684666ms
[2m2025-12-10T10:11:11.519813Z[0m [34mDEBUG[0m [2methereum_transaction_pool_monitor::mempool_monitor[0m[2m:[0m 🔍 Skipping tx 0x3cf1f6180bf21b9294fcd9953fae8546a0dcb0eca9c6da57ec2ec88d7396c929 - not a DEX interaction (target: 0x17E5545B11b468072283Cee1F066a059Fb0dbF24)
[2m2025-12-10T10:11:11.519902Z[0m [34mDEBUG[0m [2mhyper::client::pool[0m[2m:[0m reuse idle connection for ("http", 192.168.0.14:8545)
[2m2025-12-10T10:11:11.519923Z[0m [34mDEBUG[0m [2mhyper::proto::h1::io[0m[2m:[0m flushed 172 bytes
[2m2025-12-10T10:11:11.523289Z[0m [34mDEBUG[0m [2mhyper::proto::h1::io[0m[2m:[0m parsed 4 headers
[2m2025-12-10T10:11:11.523295Z[0m [34mDEBUG[0m [2mhyper::proto::h1::conn[0m[2m:[0m incoming body is content-length (45 bytes)
[2m2025-12-10T10:11:11.523301Z[0m [34mDEBUG[0m [2mhyper::proto::h1::conn[0m[2m:[0m incoming body completed
[2m2025-12-10T10:11:11.523309Z[0m [34mDEBUG[0m [2mhyper::client::pool[0m[2m:[0m pooling idle connection for ("http", 192.168.0.14:8545)
[2m2025-12-10T10:11:11.544720Z[0m [34mDEBUG[0m [2methereum_transaction_pool_monitor::eth_client[0m[2m:[0m 📨 Received WebSocket message: {"jsonrpc":"2.0","method":"eth_subscription","params":{"subscription":"0xbed0a0851463e895960a451075a301a9","result":"0xde03e801e6631e45f0d5bcade2de5344ef6453eda1da6fc0a1ea75f6e50c7555"}}
[2m2025-12-10T10:11:11.544732Z[0m [34mDEBUG[0m [2methereum_transaction_pool_monitor::eth_client[0m[2m:[0m 📨 Received pending transaction: 0xde03e801e6631e45f0d5bcade2de5344ef6453eda1da6fc0a1ea75f6e50c7555
[2m2025-12-10T10:11:11.544739Z[0m [34mDEBUG[0m [2methereum_transaction_pool_monitor::mempool_monitor[0m[2m:[0m 📨 Processing new pending transaction: 0xde03e801e6631e45f0d5bcade2de5344ef6453eda1da6fc0a1ea75f6e50c7555
[2m2025-12-10T10:11:11.544743Z[0m [34mDEBUG[0m [2methereum_transaction_pool_monitor::mempool_monitor[0m[2m:[0m 🔍 Fetching transaction details for: 0xde03e801e6631e45f0d5bcade2de5344ef6453eda1da6fc0a1ea75f6e50c7555
[2m2025-12-10T10:11:11.544747Z[0m [34mDEBUG[0m [2methereum_transaction_pool_monitor::eth_client[0m[2m:[0m 🔍 Fetching transaction details for hash: 0xde03e801e6631e45f0d5bcade2de5344ef6453eda1da6fc0a1ea75f6e50c7555
[2m2025-12-10T10:11:11.544765Z[0m [34mDEBUG[0m [2mhyper::client::pool[0m[2m:[0m reuse idle connection for ("http", 192.168.0.14:8545)
[2m2025-12-10T10:11:11.544782Z[0m [34mDEBUG[0m [2mhyper::proto::h1::io[0m[2m:[0m flushed 250 bytes
[2m2025-12-10T10:11:11.552063Z[0m [34mDEBUG[0m [2mhyper::proto::h1::io[0m[2m:[0m parsed 4 headers
[2m2025-12-10T10:11:11.552080Z[0m [34mDEBUG[0m [2mhyper::proto::h1::conn[0m[2m:[0m incoming body is content-length (2189 bytes)
[2m2025-12-10T10:11:11.552089Z[0m [34mDEBUG[0m [2mhyper::proto::h1::conn[0m[2m:[0m incoming body completed
[2m2025-12-10T10:11:11.552100Z[0m [34mDEBUG[0m [2mhyper::client::pool[0m[2m:[0m pooling idle connection for ("http", 192.168.0.14:8545)
[2m2025-12-10T10:11:11.552109Z[0m [34mDEBUG[0m [2methereum_transaction_pool_monitor::eth_client[0m[2m:[0m 📡 Transaction fetch RPC completed in 7.35825ms
[2m2025-12-10T10:11:11.624295Z[0m [34mDEBUG[0m [2methereum_transaction_pool_monitor::eth_client[0m[2m:[0m ✅ Transaction 0xde03e801e6631e45f0d5bcade2de5344ef6453eda1da6fc0a1ea75f6e50c7555 fetched and parsed in 79.541958ms
[2m2025-12-10T10:11:11.624322Z[0m [34mDEBUG[0m [2methereum_transaction_pool_monitor::mempool_monitor[0m[2m:[0m 🔍 Skipping tx 0xde03e801e6631e45f0d5bcade2de5344ef6453eda1da6fc0a1ea75f6e50c7555 - not a DEX interaction (target: 0x2cCf230467FE7387674BAa657747F0B5485c7fEC)
[2m2025-12-10T10:11:11.624365Z[0m [34mDEBUG[0m [2mhyper::client::pool[0m[2m:[0m reuse idle connection for ("http", 192.168.0.14:8545)
[2m2025-12-10T10:11:11.624410Z[0m [34mDEBUG[0m [2mhyper::proto::h1::io[0m[2m:[0m flushed 172 bytes
[2m2025-12-10T10:11:11.630128Z[0m [34mDEBUG[0m [2mhyper::proto::h1::io[0m[2m:[0m parsed 4 headers
[2m2025-12-10T10:11:11.630143Z[0m [34mDEBUG[0m [2mhyper::proto::h1::conn[0m[2m:[0m incoming body is content-length (45 bytes)
[2m2025-12-10T10:11:11.630151Z[0m [34mDEBUG[0m [2mhyper::proto::h1::conn[0m[2m:[0m incoming body completed
[2m2025-12-10T10:11:11.630161Z[0m [34mDEBUG[0m [2mhyper::client::pool[0m[2m:[0m pooling idle connection for ("http", 192.168.0.14:8545)
[2m2025-12-10T10:11:11.692973Z[0m [34mDEBUG[0m [2methereum_transaction_pool_monitor::eth_client[0m[2m:[0m 📨 Received WebSocket message: {"jsonrpc":"2.0","method":"eth_subscription","params":{"subscription":"0xbed0a0851463e895960a451075a301a9","result":"0x45ccce871920448fcf99dc23336b1cdd186a6fb115203a26285b12a085cb98fb"}}
[2m2025-12-10T10:11:11.692991Z[0m [34mDEBUG[0m [2methereum_transaction_pool_monitor::eth_client[0m[2m:[0m 📨 Received pending transaction: 0x45ccce871920448fcf99dc23336b1cdd186a6fb115203a26285b12a085cb98fb
[2m2025-12-10T10:11:11.692999Z[0m [34mDEBUG[0m [2methereum_transaction_pool_monitor::mempool_monitor[0m[2m:[0m 📨 Processing new pending transaction: 0x45ccce871920448fcf99dc23336b1cdd186a6fb115203a26285b12a085cb98fb
[2m2025-12-10T10:11:11.693006Z[0m [34mDEBUG[0m [2methereum_transaction_pool_monitor::mempool_monitor[0m[2m:[0m 🔍 Fetching transaction details for: 0x45ccce871920448fcf99dc23336b1cdd186a6fb115203a26285b12a085cb98fb
[2m2025-12-10T10:11:11.693010Z[0m [34mDEBUG[0m [2methereum_transaction_pool_monitor::eth_client[0m[2m:[0m 🔍 Fetching transaction details for hash: 0x45ccce871920448fcf99dc23336b1cdd186a6fb115203a26285b12a085cb98fb
[2m2025-12-10T10:11:11.694676Z[0m [34mDEBUG[0m [2mhyper::client::pool[0m[2m:[0m reuse idle connection for ("http", 192.168.0.14:8545)
[2m2025-12-10T10:11:11.694702Z[0m [34mDEBUG[0m [2mhyper::proto::h1::io[0m[2m:[0m flushed 250 bytes
[2m2025-12-10T10:11:11.696782Z[0m [34mDEBUG[0m [2mhyper::client::pool[0m[2m:[0m reuse idle connection for ("http", 192.168.0.14:8545)
[2m2025-12-10T10:11:11.696858Z[0m [34mDEBUG[0m [2mhyper::proto::h1::io[0m[2m:[0m flushed 172 bytes
[2m2025-12-10T10:11:11.700357Z[0m [34mDEBUG[0m [2mhyper::proto::h1::io[0m[2m:[0m parsed 4 headers
[2m2025-12-10T10:11:11.700378Z[0m [34mDEBUG[0m [2mhyper::proto::h1::conn[0m[2m:[0m incoming body is content-length (45 bytes)
[2m2025-12-10T10:11:11.700400Z[0m [34mDEBUG[0m [2mhyper::proto::h1::conn[0m[2m:[0m incoming body completed
[2m2025-12-10T10:11:11.700412Z[0m [34mDEBUG[0m [2mhyper::client::pool[0m[2m:[0m pooling idle connection for ("http", 192.168.0.14:8545)
[2m2025-12-10T10:11:11.701767Z[0m [34mDEBUG[0m [2mhyper::proto::h1::io[0m[2m:[0m parsed 4 headers
[2m2025-12-10T10:11:11.701773Z[0m [34mDEBUG[0m [2mhyper::proto::h1::conn[0m[2m:[0m incoming body is content-length (646 bytes)
[2m2025-12-10T10:11:11.701778Z[0m [34mDEBUG[0m [2mhyper::proto::h1::conn[0m[2m:[0m incoming body completed
[2m2025-12-10T10:11:11.701783Z[0m [34mDEBUG[0m [2mhyper::client::pool[0m[2m:[0m pooling idle connection for ("http", 192.168.0.14:8545)
[2m2025-12-10T10:11:11.701788Z[0m [34mDEBUG[0m [2methereum_transaction_pool_monitor::eth_client[0m[2m:[0m 📡 Transaction fetch RPC completed in 7.125625ms
[2m2025-12-10T10:11:11.779346Z[0m [34mDEBUG[0m [2methereum_transaction_pool_monitor::eth_client[0m[2m:[0m ✅ Transaction 0x45ccce871920448fcf99dc23336b1cdd186a6fb115203a26285b12a085cb98fb fetched and parsed in 84.682333ms
[2m2025-12-10T10:11:11.779374Z[0m [34mDEBUG[0m [2methereum_transaction_pool_monitor::mempool_monitor[0m[2m:[0m 🔍 Skipping tx 0x45ccce871920448fcf99dc23336b1cdd186a6fb115203a26285b12a085cb98fb - not a DEX interaction (target: 0x623777Cc098C6058a46cF7530f45150ff6a8459D)
[2m2025-12-10T10:11:11.779422Z[0m [34mDEBUG[0m [2methereum_transaction_pool_monitor::eth_client[0m[2m:[0m 📨 Received WebSocket message: {"jsonrpc":"2.0","method":"eth_subscription","params":{"subscription":"0xbed0a0851463e895960a451075a301a9","result":"0xb1ca87fa291a29882cbabbc6f5049552061f55913a7dc764bd50980e6cd6a30e"}}
[2m2025-12-10T10:11:11.779433Z[0m [34mDEBUG[0m [2methereum_transaction_pool_monitor::eth_client[0m[2m:[0m 📨 Received pending transaction: 0xb1ca87fa291a29882cbabbc6f5049552061f55913a7dc764bd50980e6cd6a30e
[2m2025-12-10T10:11:11.779440Z[0m [34mDEBUG[0m [2methereum_transaction_pool_monitor::mempool_monitor[0m[2m:[0m 📨 Processing new pending transaction: 0xb1ca87fa291a29882cbabbc6f5049552061f55913a7dc764bd50980e6cd6a30e
[2m2025-12-10T10:11:11.779446Z[0m [34mDEBUG[0m [2methereum_transaction_pool_monitor::mempool_monitor[0m[2m:[0m 🔍 Fetching transaction details for: 0xb1ca87fa291a29882cbabbc6f5049552061f55913a7dc764bd50980e6cd6a30e
[2m2025-12-10T10:11:11.779451Z[0m [34mDEBUG[0m [2methereum_transaction_pool_monitor::eth_client[0m[2m:[0m 🔍 Fetching transaction details for hash: 0xb1ca87fa291a29882cbabbc6f5049552061f55913a7dc764bd50980e6cd6a30e
[2m2025-12-10T10:11:11.779469Z[0m [34mDEBUG[0m [2mhyper::client::pool[0m[2m:[0m reuse idle connection for ("http", 192.168.0.14:8545)
[2m2025-12-10T10:11:11.779490Z[0m [34mDEBUG[0m [2mhyper::proto::h1::io[0m[2m:[0m flushed 250 bytes
[2m2025-12-10T10:11:11.784569Z[0m [34mDEBUG[0m [2mhyper::proto::h1::io[0m[2m:[0m parsed 4 headers
[2m2025-12-10T10:11:11.784596Z[0m [34mDEBUG[0m [2mhyper::proto::h1::conn[0m[2m:[0m incoming body is content-length (645 bytes)
[2m2025-12-10T10:11:11.784619Z[0m [34mDEBUG[0m [2mhyper::proto::h1::conn[0m[2m:[0m incoming body completed
[2m2025-12-10T10:11:11.784644Z[0m [34mDEBUG[0m [2mhyper::client::pool[0m[2m:[0m pooling idle connection for ("http", 192.168.0.14:8545)
[2m2025-12-10T10:11:11.784651Z[0m [34mDEBUG[0m [2methereum_transaction_pool_monitor::eth_client[0m[2m:[0m 📡 Transaction fetch RPC completed in 5.194833ms
[2m2025-12-10T10:11:11.856839Z[0m [34mDEBUG[0m [2methereum_transaction_pool_monitor::eth_client[0m[2m:[0m ✅ Transaction 0xb1ca87fa291a29882cbabbc6f5049552061f55913a7dc764bd50980e6cd6a30e fetched and parsed in 77.379375ms
[2m2025-12-10T10:11:11.856867Z[0m [34mDEBUG[0m [2methereum_transaction_pool_monitor::mempool_monitor[0m[2m:[0m 🔍 Skipping tx 0xb1ca87fa291a29882cbabbc6f5049552061f55913a7dc764bd50980e6cd6a30e - not a DEX interaction (target: 0x4557eda512cf9F9208Fdd2A067F5041663C503E8)
[2m2025-12-10T10:11:11.856917Z[0m [34mDEBUG[0m [2mhyper::client::pool[0m[2m:[0m reuse idle connection for ("http", 192.168.0.14:8545)
[2m2025-12-10T10:11:11.856957Z[0m [34mDEBUG[0m [2mhyper::proto::h1::io[0m[2m:[0m flushed 172 bytes
[2m2025-12-10T10:11:11.860206Z[0m [34mDEBUG[0m [2mhyper::proto::h1::io[0m[2m:[0m parsed 4 headers
[2m2025-12-10T10:11:11.860214Z[0m [34mDEBUG[0m [2mhyper::proto::h1::conn[0m[2m:[0m incoming body is content-length (45 bytes)
[2m2025-12-10T10:11:11.860222Z[0m [34mDEBUG[0m [2mhyper::proto::h1::conn[0m[2m:[0m incoming body completed
[2m2025-12-10T10:11:11.860230Z[0m [34mDEBUG[0m [2mhyper::client::pool[0m[2m:[0m pooling idle connection for ("http", 192.168.0.14:8545)
[2m2025-12-10T10:11:11.899273Z[0m [34mDEBUG[0m [2mhyper::client::pool[0m[2m:[0m reuse idle connection for ("http", 192.168.0.14:8545)
[2m2025-12-10T10:11:11.899331Z[0m [34mDEBUG[0m [2mhyper::proto::h1::io[0m[2m:[0m flushed 172 bytes
[2m2025-12-10T10:11:11.901892Z[0m [34mDEBUG[0m [2methereum_transaction_pool_monitor::eth_client[0m[2m:[0m 📨 Received WebSocket message: {"jsonrpc":"2.0","method":"eth_subscription","params":{"subscription":"0xbed0a0851463e895960a451075a301a9","result":"0x3658894261d9781d199b699f90ebb2abe78ef217eccb77bd717ab6b68d65afc5"}}
[2m2025-12-10T10:11:11.901903Z[0m [34mDEBUG[0m [2methereum_transaction_pool_monitor::eth_client[0m[2m:[0m 📨 Received pending transaction: 0x3658894261d9781d199b699f90ebb2abe78ef217eccb77bd717ab6b68d65afc5
[2m2025-12-10T10:11:11.901912Z[0m [34mDEBUG[0m [2methereum_transaction_pool_monitor::mempool_monitor[0m[2m:[0m 📨 Processing new pending transaction: 0x3658894261d9781d199b699f90ebb2abe78ef217eccb77bd717ab6b68d65afc5
[2m2025-12-10T10:11:11.901916Z[0m [34mDEBUG[0m [2methereum_transaction_pool_monitor::mempool_monitor[0m[2m:[0m 🔍 Fetching transaction details for: 0x3658894261d9781d199b699f90ebb2abe78ef217eccb77bd717ab6b68d65afc5
[2m2025-12-10T10:11:11.901920Z[0m [34mDEBUG[0m [2methereum_transaction_pool_monitor::eth_client[0m[2m:[0m 🔍 Fetching transaction details for hash: 0x3658894261d9781d199b699f90ebb2abe78ef217eccb77bd717ab6b68d65afc5
[2m2025-12-10T10:11:11.901933Z[0m [34mDEBUG[0m [2mhyper::client::pool[0m[2m:[0m reuse idle connection for ("http", 192.168.0.14:8545)
[2m2025-12-10T10:11:11.901952Z[0m [34mDEBUG[0m [2mhyper::proto::h1::io[0m[2m:[0m flushed 250 bytes
[2m2025-12-10T10:11:11.903298Z[0m [34mDEBUG[0m [2mhyper::proto::h1::io[0m[2m:[0m parsed 4 headers
[2m2025-12-10T10:11:11.903319Z[0m [34mDEBUG[0m [2mhyper::proto::h1::conn[0m[2m:[0m incoming body is content-length (45 bytes)
[2m2025-12-10T10:11:11.903338Z[0m [34mDEBUG[0m [2mhyper::proto::h1::conn[0m[2m:[0m incoming body completed
[2m2025-12-10T10:11:11.903363Z[0m [34mDEBUG[0m [2mhyper::client::pool[0m[2m:[0m pooling idle connection for ("http", 192.168.0.14:8545)
[2m2025-12-10T10:11:11.906037Z[0m [34mDEBUG[0m [2mhyper::proto::h1::io[0m[2m:[0m parsed 4 headers
[2m2025-12-10T10:11:11.906064Z[0m [34mDEBUG[0m [2mhyper::proto::h1::conn[0m[2m:[0m incoming body is content-length (652 bytes)
[2m2025-12-10T10:11:11.906079Z[0m [34mDEBUG[0m [2mhyper::proto::h1::conn[0m[2m:[0m incoming body completed
[2m2025-12-10T10:11:11.906085Z[0m [34mDEBUG[0m [2mhyper::client::pool[0m[2m:[0m pooling idle connection for ("http", 192.168.0.14:8545)
[2m2025-12-10T10:11:11.906091Z[0m [34mDEBUG[0m [2methereum_transaction_pool_monitor::eth_client[0m[2m:[0m 📡 Transaction fetch RPC completed in 4.168125ms
[2m2025-12-10T10:11:11.978679Z[0m [34mDEBUG[0m [2methereum_transaction_pool_monitor::eth_client[0m[2m:[0m ✅ Transaction 0x3658894261d9781d199b699f90ebb2abe78ef217eccb77bd717ab6b68d65afc5 fetched and parsed in 76.752792ms
[2m2025-12-10T10:11:11.978702Z[0m [34mDEBUG[0m [2methereum_transaction_pool_monitor::mempool_monitor[0m[2m:[0m 🔍 Skipping tx 0x3658894261d9781d199b699f90ebb2abe78ef217eccb77bd717ab6b68d65afc5 - not a DEX interaction (target: 0x689fFeBF94072961987d6f32D9aE8653DD0B7eE3)
[2m2025-12-10T10:11:11.978753Z[0m [34mDEBUG[0m [2methereum_transaction_pool_monitor::eth_client[0m[2m:[0m 📨 Received WebSocket message: {"jsonrpc":"2.0","method":"eth_subscription","params":{"subscription":"0xbed0a0851463e895960a451075a301a9","result":"0xf9026fc9c2c88296c597da4ea6146e94eb3a473785fd5b9865d995795c8f93fe"}}
[2m2025-12-10T10:11:11.978763Z[0m [34mDEBUG[0m [2methereum_transaction_pool_monitor::eth_client[0m[2m:[0m 📨 Received pending transaction: 0xf9026fc9c2c88296c597da4ea6146e94eb3a473785fd5b9865d995795c8f93fe
[2m2025-12-10T10:11:11.978770Z[0m [34mDEBUG[0m [2methereum_transaction_pool_monitor::mempool_monitor[0m[2m:[0m 📨 Processing new pending transaction: 0xf9026fc9c2c88296c597da4ea6146e94eb3a473785fd5b9865d995795c8f93fe
[2m2025-12-10T10:11:11.978776Z[0m [34mDEBUG[0m [2methereum_transaction_pool_monitor::mempool_monitor[0m[2m:[0m 🔍 Fetching transaction details for: 0xf9026fc9c2c88296c597da4ea6146e94eb3a473785fd5b9865d995795c8f93fe
[2m2025-12-10T10:11:11.978781Z[0m [34mDEBUG[0m [2methereum_transaction_pool_monitor::eth_client[0m[2m:[0m 🔍 Fetching transaction details for hash: 0xf9026fc9c2c88296c597da4ea6146e94eb3a473785fd5b9865d995795c8f93fe
[2m2025-12-10T10:11:11.978798Z[0m [34mDEBUG[0m [2mhyper::client::pool[0m[2m:[0m reuse idle connection for ("http", 192.168.0.14:8545)
[2m2025-12-10T10:11:11.978820Z[0m [34mDEBUG[0m [2mhyper::proto::h1::io[0m[2m:[0m flushed 250 bytes
[2m2025-12-10T10:11:11.983025Z[0m [34mDEBUG[0m [2mhyper::proto::h1::io[0m[2m:[0m parsed 4 headers
[2m2025-12-10T10:11:11.983037Z[0m [34mDEBUG[0m [2mhyper::proto::h1::conn[0m[2m:[0m incoming body is content-length (1224 bytes)
[2m2025-12-10T10:11:11.983045Z[0m [34mDEBUG[0m [2mhyper::proto::h1::conn[0m[2m:[0m incoming body completed
[2m2025-12-10T10:11:11.983054Z[0m [34mDEBUG[0m [2mhyper::client::pool[0m[2m:[0m pooling idle connection for ("http", 192.168.0.14:8545)
[2m2025-12-10T10:11:11.983061Z[0m [34mDEBUG[0m [2methereum_transaction_pool_monitor::eth_client[0m[2m:[0m 📡 Transaction fetch RPC completed in 4.27575ms
[2m2025-12-10T10:11:12.054207Z[0m [34mDEBUG[0m [2methereum_transaction_pool_monitor::eth_client[0m[2m:[0m ✅ Transaction 0xf9026fc9c2c88296c597da4ea6146e94eb3a473785fd5b9865d995795c8f93fe fetched and parsed in 75.418458ms
[2m2025-12-10T10:11:12.054232Z[0m [34mDEBUG[0m [2methereum_transaction_pool_monitor::mempool_monitor[0m[2m:[0m 🔍 Skipping tx 0xf9026fc9c2c88296c597da4ea6146e94eb3a473785fd5b9865d995795c8f93fe - not a DEX interaction (target: 0xD37BbE5744D730a1d98d8DC97c42F0Ca46aD7146)
[2m2025-12-10T10:11:12.054275Z[0m [34mDEBUG[0m [2mhyper::client::pool[0m[2m:[0m reuse idle connection for ("http", 192.168.0.14:8545)
[2m2025-12-10T10:11:12.054319Z[0m [34mDEBUG[0m [2mhyper::proto::h1::io[0m[2m:[0m flushed 172 bytes
[2m2025-12-10T10:11:12.057568Z[0m [34mDEBUG[0m [2mhyper::proto::h1::io[0m[2m:[0m parsed 4 headers
[2m2025-12-10T10:11:12.057579Z[0m [34mDEBUG[0m [2mhyper::proto::h1::conn[0m[2m:[0m incoming body is content-length (45 bytes)
[2m2025-12-10T10:11:12.057585Z[0m [34mDEBUG[0m [2mhyper::proto::h1::conn[0m[2m:[0m incoming body completed
[2m2025-12-10T10:11:12.057594Z[0m [34mDEBUG[0m [2mhyper::client::pool[0m[2m:[0m pooling idle connection for ("http", 192.168.0.14:8545)
[2m2025-12-10T10:11:12.099026Z[0m [34mDEBUG[0m [2mhyper::client::pool[0m[2m:[0m reuse idle connection for ("http", 192.168.0.14:8545)
[2m2025-12-10T10:11:12.099100Z[0m [34mDEBUG[0m [2mhyper::proto::h1::io[0m[2m:[0m flushed 172 bytes
[2m2025-12-10T10:11:12.102356Z[0m [34mDEBUG[0m [2mhyper::proto::h1::io[0m[2m:[0m parsed 4 headers
[2m2025-12-10T10:11:12.102364Z[0m [34mDEBUG[0m [2mhyper::proto::h1::conn[0m[2m:[0m incoming body is content-length (45 bytes)
[2m2025-12-10T10:11:12.102370Z[0m [34mDEBUG[0m [2mhyper::proto::h1::conn[0m[2m:[0m incoming body completed
[2m2025-12-10T10:11:12.102378Z[0m [34mDEBUG[0m [2mhyper::client::pool[0m[2m:[0m pooling idle connection for ("http", 192.168.0.14:8545)
[2m2025-12-10T10:11:12.199185Z[0m [34mDEBUG[0m [2mhyper::client::pool[0m[2m:[0m reuse idle connection for ("http", 192.168.0.14:8545)
[2m2025-12-10T10:11:12.199267Z[0m [34mDEBUG[0m [2mhyper::proto::h1::io[0m[2m:[0m flushed 172 bytes
[2m2025-12-10T10:11:12.202319Z[0m [34mDEBUG[0m [2mhyper::proto::h1::io[0m[2m:[0m parsed 4 headers
[2m2025-12-10T10:11:12.202329Z[0m [34mDEBUG[0m [2mhyper::proto::h1::conn[0m[2m:[0m incoming body is content-length (45 bytes)
[2m2025-12-10T10:11:12.202336Z[0m [34mDEBUG[0m [2mhyper::proto::h1::conn[0m[2m:[0m incoming body completed
[2m2025-12-10T10:11:12.202343Z[0m [34mDEBUG[0m [2mhyper::client::pool[0m[2m:[0m pooling idle connection for ("http", 192.168.0.14:8545)
[2m2025-12-10T10:11:12.272551Z[0m [34mDEBUG[0m [2methereum_transaction_pool_monitor::eth_client[0m[2m:[0m 📨 Received WebSocket message: {"jsonrpc":"2.0","method":"eth_subscription","params":{"subscription":"0xbed0a0851463e895960a451075a301a9","result":"0x09b5518e3ab5ae41681f83545c065df3135705262cd76eb437ecc89a784e521a"}}
[2m2025-12-10T10:11:12.272592Z[0m [34mDEBUG[0m [2methereum_transaction_pool_monitor::eth_client[0m[2m:[0m 📨 Received pending transaction: 0x09b5518e3ab5ae41681f83545c065df3135705262cd76eb437ecc89a784e521a
[2m2025-12-10T10:11:12.272616Z[0m [34mDEBUG[0m [2methereum_transaction_pool_monitor::mempool_monitor[0m[2m:[0m 📨 Processing new pending transaction: 0x09b5518e3ab5ae41681f83545c065df3135705262cd76eb437ecc89a784e521a
[2m2025-12-10T10:11:12.272633Z[0m [34mDEBUG[0m [2methereum_transaction_pool_monitor::mempool_monitor[0m[2m:[0m 🔍 Fetching transaction details for: 0x09b5518e3ab5ae41681f83545c065df3135705262cd76eb437ecc89a784e521a
[2m2025-12-10T10:11:12.272648Z[0m [34mDEBUG[0m [2methereum_transaction_pool_monitor::eth_client[0m[2m:[0m 🔍 Fetching transaction details for hash: 0x09b5518e3ab5ae41681f83545c065df3135705262cd76eb437ecc89a784e521a
[2m2025-12-10T10:11:12.272697Z[0m [34mDEBUG[0m [2mhyper::client::pool[0m[2m:[0m reuse idle connection for ("http", 192.168.0.14:8545)
[2m2025-12-10T10:11:12.272755Z[0m [34mDEBUG[0m [2mhyper::proto::h1::io[0m[2m:[0m flushed 250 bytes
[2m2025-12-10T10:11:12.278356Z[0m [34mDEBUG[0m [2mhyper::proto::h1::io[0m[2m:[0m parsed 4 headers
[2m2025-12-10T10:11:12.278378Z[0m [34mDEBUG[0m [2mhyper::proto::h1::conn[0m[2m:[0m incoming body is content-length (1219 bytes)
[2m2025-12-10T10:11:12.278393Z[0m [34mDEBUG[0m [2mhyper::proto::h1::conn[0m[2m:[0m incoming body completed
[2m2025-12-10T10:11:12.278411Z[0m [34mDEBUG[0m [2mhyper::client::pool[0m[2m:[0m pooling idle connection for ("http", 192.168.0.14:8545)
[2m2025-12-10T10:11:12.278427Z[0m [34mDEBUG[0m [2methereum_transaction_pool_monitor::eth_client[0m[2m:[0m 📡 Transaction fetch RPC completed in 5.762125ms
[2m2025-12-10T10:11:12.370844Z[0m [34mDEBUG[0m [2methereum_transaction_pool_monitor::eth_client[0m[2m:[0m ✅ Transaction 0x09b5518e3ab5ae41681f83545c065df3135705262cd76eb437ecc89a784e521a fetched and parsed in 98.17575ms
[2m2025-12-10T10:11:12.371126Z[0m [34mDEBUG[0m [2methereum_transaction_pool_monitor::mempool_monitor[0m[2m:[0m 🔍 Skipping tx 0x09b5518e3ab5ae41681f83545c065df3135705262cd76eb437ecc89a784e521a - not a DEX interaction (target: 0xF6801D319497789f934ec7F83E142a9536312B08)
[2m2025-12-10T10:11:12.371177Z[0m [34mDEBUG[0m [2mhyper::client::pool[0m[2m:[0m reuse idle connection for ("http", 192.168.0.14:8545)
[2m2025-12-10T10:11:12.371211Z[0m [34mDEBUG[0m [2mhyper::proto::h1::io[0m[2m:[0m flushed 172 bytes
[2m2025-12-10T10:11:12.374923Z[0m [34mDEBUG[0m [2mhyper::proto::h1::io[0m[2m:[0m parsed 4 headers
[2m2025-12-10T10:11:12.374927Z[0m [34mDEBUG[0m [2mhyper::proto::h1::conn[0m[2m:[0m incoming body is content-length (45 bytes)
[2m2025-12-10T10:11:12.374934Z[0m [34mDEBUG[0m [2mhyper::proto::h1::conn[0m[2m:[0m incoming body completed
[2m2025-12-10T10:11:12.374940Z[0m [34mDEBUG[0m [2mhyper::client::pool[0m[2m:[0m pooling idle connection for ("http", 192.168.0.14:8545)
[2m2025-12-10T10:11:12.398196Z[0m [34mDEBUG[0m [2mhyper::client::pool[0m[2m:[0m reuse idle connection for ("http", 192.168.0.14:8545)
[2m2025-12-10T10:11:12.398264Z[0m [34mDEBUG[0m [2mhyper::proto::h1::io[0m[2m:[0m flushed 172 bytes
[2m2025-12-10T10:11:12.402606Z[0m [34mDEBUG[0m [2mhyper::proto::h1::io[0m[2m:[0m parsed 4 headers
[2m2025-12-10T10:11:12.402626Z[0m [34mDEBUG[0m [2mhyper::proto::h1::conn[0m[2m:[0m incoming body is content-length (45 bytes)
[2m2025-12-10T10:11:12.402647Z[0m [34mDEBUG[0m [2mhyper::proto::h1::conn[0m[2m:[0m incoming body completed
[2m2025-12-10T10:11:12.402669Z[0m [34mDEBUG[0m [2mhyper::client::pool[0m[2m:[0m pooling idle connection for ("http", 192.168.0.14:8545)
[2m2025-12-10T10:11:12.475445Z[0m [34mDEBUG[0m [2methereum_transaction_pool_monitor::eth_client[0m[2m:[0m 📨 Received WebSocket message: {"jsonrpc":"2.0","method":"eth_subscription","params":{"subscription":"0xbed0a0851463e895960a451075a301a9","result":"0x8aac49a34e95d05296efe90a930eb09660272d8cbdc09424891f48e264e76270"}}
[2m2025-12-10T10:11:12.475465Z[0m [34mDEBUG[0m [2methereum_transaction_pool_monitor::eth_client[0m[2m:[0m 📨 Received pending transaction: 0x8aac49a34e95d05296efe90a930eb09660272d8cbdc09424891f48e264e76270
[2m2025-12-10T10:11:12.475475Z[0m [34mDEBUG[0m [2methereum_transaction_pool_monitor::mempool_monitor[0m[2m:[0m 📨 Processing new pending transaction: 0x8aac49a34e95d05296efe90a930eb09660272d8cbdc09424891f48e264e76270
[2m2025-12-10T10:11:12.475481Z[0m [34mDEBUG[0m [2methereum_transaction_pool_monitor::mempool_monitor[0m[2m:[0m 🔍 Fetching transaction details for: 0x8aac49a34e95d05296efe90a930eb09660272d8cbdc09424891f48e264e76270
[2m2025-12-10T10:11:12.475487Z[0m [34mDEBUG[0m [2methereum_transaction_pool_monitor::eth_client[0m[2m:[0m 🔍 Fetching transaction details for hash: 0x8aac49a34e95d05296efe90a930eb09660272d8cbdc09424891f48e264e76270
[2m2025-12-10T10:11:12.475506Z[0m [34mDEBUG[0m [2mhyper::client::pool[0m[2m:[0m reuse idle connection for ("http", 192.168.0.14:8545)
[2m2025-12-10T10:11:12.475527Z[0m [34mDEBUG[0m [2mhyper::proto::h1::io[0m[2m:[0m flushed 250 bytes
[2m2025-12-10T10:11:12.481295Z[0m [34mDEBUG[0m [2mhyper::proto::h1::io[0m[2m:[0m parsed 4 headers
[2m2025-12-10T10:11:12.481303Z[0m [34mDEBUG[0m [2mhyper::proto::h1::conn[0m[2m:[0m incoming body is content-length (1174 bytes)
[2m2025-12-10T10:11:12.481312Z[0m [34mDEBUG[0m [2mhyper::proto::h1::conn[0m[2m:[0m incoming body completed
[2m2025-12-10T10:11:12.481320Z[0m [34mDEBUG[0m [2mhyper::client::pool[0m[2m:[0m pooling idle connection for ("http", 192.168.0.14:8545)
[2m2025-12-10T10:11:12.481327Z[0m [34mDEBUG[0m [2methereum_transaction_pool_monitor::eth_client[0m[2m:[0m 📡 Transaction fetch RPC completed in 5.835209ms
[2m2025-12-10T10:11:12.557845Z[0m [34mDEBUG[0m [2methereum_transaction_pool_monitor::eth_client[0m[2m:[0m ✅ Transaction 0x8aac49a34e95d05296efe90a930eb09660272d8cbdc09424891f48e264e76270 fetched and parsed in 82.349834ms
[2m2025-12-10T10:11:12.557865Z[0m [34mDEBUG[0m [2methereum_transaction_pool_monitor::mempool_monitor[0m[2m:[0m 🔍 Skipping tx 0x8aac49a34e95d05296efe90a930eb09660272d8cbdc09424891f48e264e76270 - not a DEX interaction (target: 0xD37BbE5744D730a1d98d8DC97c42F0Ca46aD7146)
[2m2025-12-10T10:11:12.557910Z[0m [34mDEBUG[0m [2mhyper::client::pool[0m[2m:[0m reuse idle connection for ("http", 192.168.0.14:8545)
[2m2025-12-10T10:11:12.557946Z[0m [34mDEBUG[0m [2mhyper::proto::h1::io[0m[2m:[0m flushed 172 bytes
[2m2025-12-10T10:11:12.561456Z[0m [34mDEBUG[0m [2mhyper::proto::h1::io[0m[2m:[0m parsed 4 headers
[2m2025-12-10T10:11:12.561461Z[0m [34mDEBUG[0m [2mhyper::proto::h1::conn[0m[2m:[0m incoming body is content-length (45 bytes)
[2m2025-12-10T10:11:12.561469Z[0m [34mDEBUG[0m [2mhyper::proto::h1::conn[0m[2m:[0m incoming body completed
[2m2025-12-10T10:11:12.561478Z[0m [34mDEBUG[0m [2mhyper::client::pool[0m[2m:[0m pooling idle connection for ("http", 192.168.0.14:8545)
[2m2025-12-10T10:11:12.599518Z[0m [34mDEBUG[0m [2mhyper::client::pool[0m[2m:[0m reuse idle connection for ("http", 192.168.0.14:8545)
[2m2025-12-10T10:11:12.599541Z[0m [34mDEBUG[0m [2mhyper::proto::h1::io[0m[2m:[0m flushed 172 bytes
[2m2025-12-10T10:11:12.603023Z[0m [34mDEBUG[0m [2mhyper::proto::h1::io[0m[2m:[0m parsed 4 headers
[2m2025-12-10T10:11:12.603028Z[0m [34mDEBUG[0m [2mhyper::proto::h1::conn[0m[2m:[0m incoming body is content-length (45 bytes)
[2m2025-12-10T10:11:12.603034Z[0m [34mDEBUG[0m [2mhyper::proto::h1::conn[0m[2m:[0m incoming body completed
[2m2025-12-10T10:11:12.603042Z[0m [34mDEBUG[0m [2mhyper::client::pool[0m[2m:[0m pooling idle connection for ("http", 192.168.0.14:8545)
[2m2025-12-10T10:11:12.661350Z[0m [34mDEBUG[0m [2methereum_transaction_pool_monitor::eth_client[0m[2m:[0m 📨 Received WebSocket message: {"jsonrpc":"2.0","method":"eth_subscription","params":{"subscription":"0xbed0a0851463e895960a451075a301a9","result":"0x50fa08d5c67f3cf14df6807bb371decf73f62dd7a36e66b18942cc1e3653cd56"}}
[2m2025-12-10T10:11:12.661369Z[0m [34mDEBUG[0m [2methereum_transaction_pool_monitor::eth_client[0m[2m:[0m 📨 Received pending transaction: 0x50fa08d5c67f3cf14df6807bb371decf73f62dd7a36e66b18942cc1e3653cd56
[2m2025-12-10T10:11:12.661384Z[0m [34mDEBUG[0m [2methereum_transaction_pool_monitor::mempool_monitor[0m[2m:[0m 📨 Processing new pending transaction: 0x50fa08d5c67f3cf14df6807bb371decf73f62dd7a36e66b18942cc1e3653cd56
[2m2025-12-10T10:11:12.661390Z[0m [34mDEBUG[0m [2methereum_transaction_pool_monitor::mempool_monitor[0m[2m:[0m 🔍 Fetching transaction details for: 0x50fa08d5c67f3cf14df6807bb371decf73f62dd7a36e66b18942cc1e3653cd56
[2m2025-12-10T10:11:12.661395Z[0m [34mDEBUG[0m [2methereum_transaction_pool_monitor::eth_client[0m[2m:[0m 🔍 Fetching transaction details for hash: 0x50fa08d5c67f3cf14df6807bb371decf73f62dd7a36e66b18942cc1e3653cd56
[2m2025-12-10T10:11:12.661417Z[0m [34mDEBUG[0m [2mhyper::client::pool[0m[2m:[0m reuse idle connection for ("http", 192.168.0.14:8545)
[2m2025-12-10T10:11:12.661445Z[0m [34mDEBUG[0m [2mhyper::proto::h1::io[0m[2m:[0m flushed 250 bytes
[2m2025-12-10T10:11:12.670413Z[0m [34mDEBUG[0m [2mhyper::proto::h1::io[0m[2m:[0m parsed 4 headers
[2m2025-12-10T10:11:12.670432Z[0m [34mDEBUG[0m [2mhyper::proto::h1::conn[0m[2m:[0m incoming body is content-length (780 bytes)
[2m2025-12-10T10:11:12.670452Z[0m [34mDEBUG[0m [2mhyper::proto::h1::conn[0m[2m:[0m incoming body completed
[2m2025-12-10T10:11:12.670470Z[0m [34mDEBUG[0m [2mhyper::client::pool[0m[2m:[0m pooling idle connection for ("http", 192.168.0.14:8545)
[2m2025-12-10T10:11:12.670477Z[0m [34mDEBUG[0m [2methereum_transaction_pool_monitor::eth_client[0m[2m:[0m 📡 Transaction fetch RPC completed in 9.076583ms
[2m2025-12-10T10:11:12.670509Z[0m [34mDEBUG[0m [2methereum_transaction_pool_monitor::eth_client[0m[2m:[0m DeFi transaction detected - Address: 0xdac17f958d2ee523a2206206994597c13d831ec7, Type: Stablecoin, Value: 0 ETH, Gas: 501.00 Gwei
[2m2025-12-10T10:11:12.670525Z[0m [34mDEBUG[0m [2methereum_transaction_pool_monitor::eth_client[0m[2m:[0m ✅ Transaction 0x50fa08d5c67f3cf14df6807bb371decf73f62dd7a36e66b18942cc1e3653cd56 fetched and parsed in 9.124875ms
[2m2025-12-10T10:11:12.670532Z[0m [34mDEBUG[0m [2methereum_transaction_pool_monitor::mempool_monitor[0m[2m:[0m 🔍 Skipping tx 0x50fa08d5c67f3cf14df6807bb371decf73f62dd7a36e66b18942cc1e3653cd56 - not a DEX interaction (target: 0xdAC17F958D2ee523a2206206994597C13D831ec7)
[2m2025-12-10T10:11:12.695016Z[0m [34mDEBUG[0m [2methereum_transaction_pool_monitor::eth_client[0m[2m:[0m 📨 Received WebSocket message: {"jsonrpc":"2.0","method":"eth_subscription","params":{"subscription":"0xbed0a0851463e895960a451075a301a9","result":"0xb6932342991abba063a6bba0e5fdc7ba4017e7956173b3ba7e3b1386d1828cdc"}}
[2m2025-12-10T10:11:12.695037Z[0m [34mDEBUG[0m [2methereum_transaction_pool_monitor::eth_client[0m[2m:[0m 📨 Received pending transaction: 0xb6932342991abba063a6bba0e5fdc7ba4017e7956173b3ba7e3b1386d1828cdc
[2m2025-12-10T10:11:12.695046Z[0m [34mDEBUG[0m [2methereum_transaction_pool_monitor::mempool_monitor[0m[2m:[0m 📨 Processing new pending transaction: 0xb6932342991abba063a6bba0e5fdc7ba4017e7956173b3ba7e3b1386d1828cdc
[2m2025-12-10T10:11:12.695053Z[0m [34mDEBUG[0m [2methereum_transaction_pool_monitor::mempool_monitor[0m[2m:[0m 🔍 Fetching transaction details for: 0xb6932342991abba063a6bba0e5fdc7ba4017e7956173b3ba7e3b1386d1828cdc
[2m2025-12-10T10:11:12.695059Z[0m [34mDEBUG[0m [2methereum_transaction_pool_monitor::eth_client[0m[2m:[0m 🔍 Fetching transaction details for hash: 0xb6932342991abba063a6bba0e5fdc7ba4017e7956173b3ba7e3b1386d1828cdc
[2m2025-12-10T10:11:12.695083Z[0m [34mDEBUG[0m [2mhyper::client::pool[0m[2m:[0m reuse idle connection for ("http", 192.168.0.14:8545)
[2m2025-12-10T10:11:12.695102Z[0m [34mDEBUG[0m [2mhyper::proto::h1::io[0m[2m:[0m flushed 250 bytes
[2m2025-12-10T10:11:12.697641Z[0m [34mDEBUG[0m [2mhyper::client::pool[0m[2m:[0m reuse idle connection for ("http", 192.168.0.14:8545)
[2m2025-12-10T10:11:12.697682Z[0m [34mDEBUG[0m [2mhyper::proto::h1::io[0m[2m:[0m flushed 172 bytes
[2m2025-12-10T10:11:12.698825Z[0m [34mDEBUG[0m [2mhyper::proto::h1::io[0m[2m:[0m parsed 4 headers
[2m2025-12-10T10:11:12.698832Z[0m [34mDEBUG[0m [2mhyper::proto::h1::conn[0m[2m:[0m incoming body is content-length (644 bytes)
[2m2025-12-10T10:11:12.698839Z[0m [34mDEBUG[0m [2mhyper::proto::h1::conn[0m[2m:[0m incoming body completed
[2m2025-12-10T10:11:12.698846Z[0m [34mDEBUG[0m [2mhyper::client::pool[0m[2m:[0m pooling idle connection for ("http", 192.168.0.14:8545)
[2m2025-12-10T10:11:12.698853Z[0m [34mDEBUG[0m [2methereum_transaction_pool_monitor::eth_client[0m[2m:[0m 📡 Transaction fetch RPC completed in 3.788833ms
[2m2025-12-10T10:11:12.778873Z[0m [34mDEBUG[0m [2methereum_transaction_pool_monitor::eth_client[0m[2m:[0m ✅ Transaction 0xb6932342991abba063a6bba0e5fdc7ba4017e7956173b3ba7e3b1386d1828cdc fetched and parsed in 83.806208ms
[2m2025-12-10T10:11:12.778900Z[0m [34mDEBUG[0m [2methereum_transaction_pool_monitor::mempool_monitor[0m[2m:[0m 🔍 Skipping tx 0xb6932342991abba063a6bba0e5fdc7ba4017e7956173b3ba7e3b1386d1828cdc - not a DEX interaction (target: 0xA26148AE51fa8E787DF319C04137602Cc018b521)
[2m2025-12-10T10:11:12.778942Z[0m [34mDEBUG[0m [2mhyper::proto::h1::io[0m[2m:[0m parsed 4 headers
[2m2025-12-10T10:11:12.778947Z[0m [34mDEBUG[0m [2methereum_transaction_pool_monitor::eth_client[0m[2m:[0m 📨 Received WebSocket message: {"jsonrpc":"2.0","method":"eth_subscription","params":{"subscription":"0xbed0a0851463e895960a451075a301a9","result":"0x9ed803db7d625157da811876475cd0e447ace476d08154335c0bbf4d60001158"}}
[2m2025-12-10T10:11:12.778962Z[0m [34mDEBUG[0m [2mhyper::proto::h1::conn[0m[2m:[0m incoming body is content-length (45 bytes)
[2m2025-12-10T10:11:12.778971Z[0m [34mDEBUG[0m [2methereum_transaction_pool_monitor::eth_client[0m[2m:[0m 📨 Received pending transaction: 0x9ed803db7d625157da811876475cd0e447ace476d08154335c0bbf4d60001158
[2m2025-12-10T10:11:12.778976Z[0m [34mDEBUG[0m [2mhyper::proto::h1::conn[0m[2m:[0m incoming body completed
[2m2025-12-10T10:11:12.778979Z[0m [34mDEBUG[0m [2methereum_transaction_pool_monitor::eth_client[0m[2m:[0m 📨 Received WebSocket message: {"jsonrpc":"2.0","method":"eth_subscription","params":{"subscription":"0xbed0a0851463e895960a451075a301a9","result":"0x48fa35d7641ca7307a248385659898ced4835a372bfa359bdf742a10cbda06de"}}
[2m2025-12-10T10:11:12.778989Z[0m [34mDEBUG[0m [2methereum_transaction_pool_monitor::eth_client[0m[2m:[0m 📨 Received pending transaction: 0x48fa35d7641ca7307a248385659898ced4835a372bfa359bdf742a10cbda06de
[2m2025-12-10T10:11:12.778989Z[0m [34mDEBUG[0m [2mhyper::client::pool[0m[2m:[0m pooling idle connection for ("http", 192.168.0.14:8545)
[2m2025-12-10T10:11:12.778996Z[0m [34mDEBUG[0m [2methereum_transaction_pool_monitor::mempool_monitor[0m[2m:[0m 📨 Processing new pending transaction: 0x9ed803db7d625157da811876475cd0e447ace476d08154335c0bbf4d60001158
[2m2025-12-10T10:11:12.779004Z[0m [34mDEBUG[0m [2methereum_transaction_pool_monitor::mempool_monitor[0m[2m:[0m 🔍 Fetching transaction details for: 0x9ed803db7d625157da811876475cd0e447ace476d08154335c0bbf4d60001158
[2m2025-12-10T10:11:12.779008Z[0m [34mDEBUG[0m [2methereum_transaction_pool_monitor::eth_client[0m[2m:[0m 🔍 Fetching transaction details for hash: 0x9ed803db7d625157da811876475cd0e447ace476d08154335c0bbf4d60001158
[2m2025-12-10T10:11:12.779022Z[0m [34mDEBUG[0m [2mhyper::client::pool[0m[2m:[0m reuse idle connection for ("http", 192.168.0.14:8545)
[2m2025-12-10T10:11:12.779041Z[0m [34mDEBUG[0m [2mhyper::proto::h1::io[0m[2m:[0m flushed 250 bytes
[2m2025-12-10T10:11:12.784684Z[0m [34mDEBUG[0m [2mhyper::proto::h1::io[0m[2m:[0m parsed 4 headers
[2m2025-12-10T10:11:12.784690Z[0m [34mDEBUG[0m [2mhyper::proto::h1::conn[0m[2m:[0m incoming body is content-length (679 bytes)
[2m2025-12-10T10:11:12.784695Z[0m [34mDEBUG[0m [2mhyper::proto::h1::conn[0m[2m:[0m incoming body completed
[2m2025-12-10T10:11:12.784700Z[0m [34mDEBUG[0m [2mhyper::client::pool[0m[2m:[0m pooling idle connection for ("http", 192.168.0.14:8545)
[2m2025-12-10T10:11:12.784704Z[0m [34mDEBUG[0m [2methereum_transaction_pool_monitor::eth_client[0m[2m:[0m 📡 Transaction fetch RPC completed in 5.692541ms
[2m2025-12-10T10:11:12.855940Z[0m [34mDEBUG[0m [2methereum_transaction_pool_monitor::eth_client[0m[2m:[0m ✅ Transaction 0x9ed803db7d625157da811876475cd0e447ace476d08154335c0bbf4d60001158 fetched and parsed in 76.926041ms
[2m2025-12-10T10:11:12.855962Z[0m [34mDEBUG[0m [2methereum_transaction_pool_monitor::mempool_monitor[0m[2m:[0m 🔍 Skipping tx 0x9ed803db7d625157da811876475cd0e447ace476d08154335c0bbf4d60001158 - not a DEX interaction (target: 0xA0b86991c6218b36c1d19D4a2e9Eb0cE3606eB48)
[2m2025-12-10T10:11:12.855971Z[0m [34mDEBUG[0m [2methereum_transaction_pool_monitor::mempool_monitor[0m[2m:[0m 📨 Processing new pending transaction: 0x48fa35d7641ca7307a248385659898ced4835a372bfa359bdf742a10cbda06de
[2m2025-12-10T10:11:12.855976Z[0m [34mDEBUG[0m [2methereum_transaction_pool_monitor::mempool_monitor[0m[2m:[0m 🔍 Fetching transaction details for: 0x48fa35d7641ca7307a248385659898ced4835a372bfa359bdf742a10cbda06de
[2m2025-12-10T10:11:12.855981Z[0m [34mDEBUG[0m [2methereum_transaction_pool_monitor::eth_client[0m[2m:[0m 🔍 Fetching transaction details for hash: 0x48fa35d7641ca7307a248385659898ced4835a372bfa359bdf742a10cbda06de
[2m2025-12-10T10:11:12.856002Z[0m [34mDEBUG[0m [2mhyper::client::pool[0m[2m:[0m reuse idle connection for ("http", 192.168.0.14:8545)
[2m2025-12-10T10:11:12.856038Z[0m [34mDEBUG[0m [2mhyper::proto::h1::io[0m[2m:[0m flushed 250 bytes
[2m2025-12-10T10:11:12.856057Z[0m [34mDEBUG[0m [2mhyper::client::pool[0m[2m:[0m reuse idle connection for ("http", 192.168.0.14:8545)
[2m2025-12-10T10:11:12.856075Z[0m [34mDEBUG[0m [2methereum_transaction_pool_monitor::eth_client[0m[2m:[0m 📨 Received WebSocket message: {"jsonrpc":"2.0","method":"eth_subscription","params":{"subscription":"0xbed0a0851463e895960a451075a301a9","result":"0xde5d54209808fa0a667ac9ffffe2f17dff28539a8d9455b1f8ae3e903e530fc3"}}
[2m2025-12-10T10:11:12.856341Z[0m [34mDEBUG[0m [2methereum_transaction_pool_monitor::eth_client[0m[2m:[0m 📨 Received pending transaction: 0xde5d54209808fa0a667ac9ffffe2f17dff28539a8d9455b1f8ae3e903e530fc3
[2m2025-12-10T10:11:12.856350Z[0m [34mDEBUG[0m [2methereum_transaction_pool_monitor::eth_client[0m[2m:[0m 📨 Received WebSocket message: {"jsonrpc":"2.0","method":"eth_subscription","params":{"subscription":"0xbed0a0851463e895960a451075a301a9","result":"0x6a9fe273ef292b71b70b919f4df397c8b27b11ce30168f186252c42df7175c53"}}
[2m2025-12-10T10:11:12.856352Z[0m [34mDEBUG[0m [2mhyper::proto::h1::io[0m[2m:[0m flushed 172 bytes
[2m2025-12-10T10:11:12.856357Z[0m [34mDEBUG[0m [2methereum_transaction_pool_monitor::eth_client[0m[2m:[0m 📨 Received pending transaction: 0x6a9fe273ef292b71b70b919f4df397c8b27b11ce30168f186252c42df7175c53
[2m2025-12-10T10:11:12.864178Z[0m [34mDEBUG[0m [2methereum_transaction_pool_monitor::eth_client[0m[2m:[0m 📨 Received WebSocket message: {"jsonrpc":"2.0","method":"eth_subscription","params":{"subscription":"0xbed0a0851463e895960a451075a301a9","result":"0x6ec8cc4894acce34cccf7973201201124f045328c2393d0e39f2980b60aff393"}}
[2m2025-12-10T10:11:12.864187Z[0m [34mDEBUG[0m [2mhyper::proto::h1::io[0m[2m:[0m parsed 4 headers
[2m2025-12-10T10:11:12.864189Z[0m [34mDEBUG[0m [2methereum_transaction_pool_monitor::eth_client[0m[2m:[0m 📨 Received pending transaction: 0x6ec8cc4894acce34cccf7973201201124f045328c2393d0e39f2980b60aff393
[2m2025-12-10T10:11:12.864209Z[0m [34mDEBUG[0m [2mhyper::proto::h1::conn[0m[2m:[0m incoming body is content-length (780 bytes)
[2m2025-12-10T10:11:12.864212Z[0m [34mDEBUG[0m [2mhyper::proto::h1::io[0m[2m:[0m parsed 4 headers
[2m2025-12-10T10:11:12.864218Z[0m [34mDEBUG[0m [2mhyper::proto::h1::conn[0m[2m:[0m incoming body completed
[2m2025-12-10T10:11:12.864219Z[0m [34mDEBUG[0m [2mhyper::proto::h1::conn[0m[2m:[0m incoming body is content-length (45 bytes)
[2m2025-12-10T10:11:12.864229Z[0m [34mDEBUG[0m [2mhyper::client::pool[0m[2m:[0m pooling idle connection for ("http", 192.168.0.14:8545)
[2m2025-12-10T10:11:12.864230Z[0m [34mDEBUG[0m [2mhyper::proto::h1::conn[0m[2m:[0m incoming body completed
[2m2025-12-10T10:11:12.864238Z[0m [34mDEBUG[0m [2methereum_transaction_pool_monitor::eth_client[0m[2m:[0m 📡 Transaction fetch RPC completed in 8.2485ms
[2m2025-12-10T10:11:12.864242Z[0m [34mDEBUG[0m [2mhyper::client::pool[0m[2m:[0m pooling idle connection for ("http", 192.168.0.14:8545)
[2m2025-12-10T10:11:12.864255Z[0m [34mDEBUG[0m [2methereum_transaction_pool_monitor::eth_client[0m[2m:[0m DeFi transaction detected - Address: 0xdac17f958d2ee523a2206206994597c13d831ec7, Type: Stablecoin, Value: 0 ETH, Gas: 501.00 Gwei
[2m2025-12-10T10:11:12.864270Z[0m [34mDEBUG[0m [2methereum_transaction_pool_monitor::eth_client[0m[2m:[0m ✅ Transaction 0x48fa35d7641ca7307a248385659898ced4835a372bfa359bdf742a10cbda06de fetched and parsed in 8.281ms
[2m2025-12-10T10:11:12.864277Z[0m [34mDEBUG[0m [2methereum_transaction_pool_monitor::mempool_monitor[0m[2m:[0m 🔍 Skipping tx 0x48fa35d7641ca7307a248385659898ced4835a372bfa359bdf742a10cbda06de - not a DEX interaction (target: 0xdAC17F958D2ee523a2206206994597C13D831ec7)
[2m2025-12-10T10:11:12.864285Z[0m [34mDEBUG[0m [2methereum_transaction_pool_monitor::mempool_monitor[0m[2m:[0m 📨 Processing new pending transaction: 0xde5d54209808fa0a667ac9ffffe2f17dff28539a8d9455b1f8ae3e903e530fc3
[2m2025-12-10T10:11:12.864289Z[0m [34mDEBUG[0m [2methereum_transaction_pool_monitor::mempool_monitor[0m[2m:[0m 🔍 Fetching transaction details for: 0xde5d54209808fa0a667ac9ffffe2f17dff28539a8d9455b1f8ae3e903e530fc3
[2m2025-12-10T10:11:12.864293Z[0m [34mDEBUG[0m [2methereum_transaction_pool_monitor::eth_client[0m[2m:[0m 🔍 Fetching transaction details for hash: 0xde5d54209808fa0a667ac9ffffe2f17dff28539a8d9455b1f8ae3e903e530fc3
[2m2025-12-10T10:11:12.864300Z[0m [34mDEBUG[0m [2mhyper::client::pool[0m[2m:[0m reuse idle connection for ("http", 192.168.0.14:8545)
[2m2025-12-10T10:11:12.864315Z[0m [34mDEBUG[0m [2mhyper::proto::h1::io[0m[2m:[0m flushed 250 bytes
[2m2025-12-10T10:11:12.870585Z[0m [34mDEBUG[0m [2mhyper::proto::h1::io[0m[2m:[0m parsed 4 headers
[2m2025-12-10T10:11:12.870591Z[0m [34mDEBUG[0m [2mhyper::proto::h1::conn[0m[2m:[0m incoming body is content-length (771 bytes)
[2m2025-12-10T10:11:12.870595Z[0m [34mDEBUG[0m [2mhyper::proto::h1::conn[0m[2m:[0m incoming body completed
[2m2025-12-10T10:11:12.870599Z[0m [34mDEBUG[0m [2mhyper::client::pool[0m[2m:[0m pooling idle connection for ("http", 192.168.0.14:8545)
[2m2025-12-10T10:11:12.870603Z[0m [34mDEBUG[0m [2methereum_transaction_pool_monitor::eth_client[0m[2m:[0m 📡 Transaction fetch RPC completed in 6.306792ms
[2m2025-12-10T10:11:12.941842Z[0m [34mDEBUG[0m [2methereum_transaction_pool_monitor::eth_client[0m[2m:[0m ✅ Transaction 0xde5d54209808fa0a667ac9ffffe2f17dff28539a8d9455b1f8ae3e903e530fc3 fetched and parsed in 77.543ms
[2m2025-12-10T10:11:12.941870Z[0m [34mDEBUG[0m [2methereum_transaction_pool_monitor::mempool_monitor[0m[2m:[0m 🔍 Skipping tx 0xde5d54209808fa0a667ac9ffffe2f17dff28539a8d9455b1f8ae3e903e530fc3 - not a DEX interaction (target: 0xB8f28C60dD8240141185a192fa4156A23E189305)
[2m2025-12-10T10:11:12.941880Z[0m [34mDEBUG[0m [2methereum_transaction_pool_monitor::mempool_monitor[0m[2m:[0m 📨 Processing new pending transaction: 0x6a9fe273ef292b71b70b919f4df397c8b27b11ce30168f186252c42df7175c53
[2m2025-12-10T10:11:12.941886Z[0m [34mDEBUG[0m [2methereum_transaction_pool_monitor::mempool_monitor[0m[2m:[0m 🔍 Fetching transaction details for: 0x6a9fe273ef292b71b70b919f4df397c8b27b11ce30168f186252c42df7175c53
[2m2025-12-10T10:11:12.941891Z[0m [34mDEBUG[0m [2methereum_transaction_pool_monitor::eth_client[0m[2m:[0m 🔍 Fetching transaction details for hash: 0x6a9fe273ef292b71b70b919f4df397c8b27b11ce30168f186252c42df7175c53
[2m2025-12-10T10:11:12.941909Z[0m [34mDEBUG[0m [2mhyper::client::pool[0m[2m:[0m reuse idle connection for ("http", 192.168.0.14:8545)
[2m2025-12-10T10:11:12.941952Z[0m [34mDEBUG[0m [2mhyper::proto::h1::io[0m[2m:[0m flushed 250 bytes
[2m2025-12-10T10:11:12.941978Z[0m [34mDEBUG[0m [2mhyper::client::pool[0m[2m:[0m reuse idle connection for ("http", 192.168.0.14:8545)
[2m2025-12-10T10:11:12.941991Z[0m [34mDEBUG[0m [2mhyper::proto::h1::io[0m[2m:[0m flushed 172 bytes
[2m2025-12-10T10:11:12.946027Z[0m [34mDEBUG[0m [2mhyper::proto::h1::io[0m[2m:[0m parsed 4 headers
[2m2025-12-10T10:11:12.946047Z[0m [34mDEBUG[0m [2mhyper::proto::h1::conn[0m[2m:[0m incoming body is content-length (45 bytes)
[2m2025-12-10T10:11:12.946070Z[0m [34mDEBUG[0m [2mhyper::proto::h1::conn[0m[2m:[0m incoming body completed
[2m2025-12-10T10:11:12.946086Z[0m [34mDEBUG[0m [2mhyper::client::pool[0m[2m:[0m pooling idle connection for ("http", 192.168.0.14:8545)
[2m2025-12-10T10:11:12.946916Z[0m [34mDEBUG[0m [2mhyper::proto::h1::io[0m[2m:[0m parsed 4 headers
[2m2025-12-10T10:11:12.946922Z[0m [34mDEBUG[0m [2mhyper::proto::h1::conn[0m[2m:[0m incoming body is content-length (763 bytes)
[2m2025-12-10T10:11:12.946928Z[0m [34mDEBUG[0m [2mhyper::proto::h1::conn[0m[2m:[0m incoming body completed
[2m2025-12-10T10:11:12.946933Z[0m [34mDEBUG[0m [2mhyper::client::pool[0m[2m:[0m pooling idle connection for ("http", 192.168.0.14:8545)
[2m2025-12-10T10:11:12.946937Z[0m [34mDEBUG[0m [2methereum_transaction_pool_monitor::eth_client[0m[2m:[0m 📡 Transaction fetch RPC completed in 5.041ms
[2m2025-12-10T10:11:13.017743Z[0m [34mDEBUG[0m [2methereum_transaction_pool_monitor::eth_client[0m[2m:[0m ✅ Transaction 0x6a9fe273ef292b71b70b919f4df397c8b27b11ce30168f186252c42df7175c53 fetched and parsed in 75.844708ms
[2m2025-12-10T10:11:13.017769Z[0m [34mDEBUG[0m [2methereum_transaction_pool_monitor::mempool_monitor[0m[2m:[0m 🔍 Skipping tx 0x6a9fe273ef292b71b70b919f4df397c8b27b11ce30168f186252c42df7175c53 - not a DEX interaction (target: 0xd50370bEE8bFf23Bbb30ca558a1d0207DBc96ef2)
[2m2025-12-10T10:11:13.017781Z[0m [34mDEBUG[0m [2methereum_transaction_pool_monitor::mempool_monitor[0m[2m:[0m 📨 Processing new pending transaction: 0x6ec8cc4894acce34cccf7973201201124f045328c2393d0e39f2980b60aff393
[2m2025-12-10T10:11:13.017796Z[0m [34mDEBUG[0m [2methereum_transaction_pool_monitor::mempool_monitor[0m[2m:[0m 🔍 Fetching transaction details for: 0x6ec8cc4894acce34cccf7973201201124f045328c2393d0e39f2980b60aff393
[2m2025-12-10T10:11:13.017803Z[0m [34mDEBUG[0m [2methereum_transaction_pool_monitor::eth_client[0m[2m:[0m 🔍 Fetching transaction details for hash: 0x6ec8cc4894acce34cccf7973201201124f045328c2393d0e39f2980b60aff393
[2m2025-12-10T10:11:13.017821Z[0m [34mDEBUG[0m [2mhyper::client::pool[0m[2m:[0m reuse idle connection for ("http", 192.168.0.14:8545)
[2m2025-12-10T10:11:13.017859Z[0m [34mDEBUG[0m [2mhyper::proto::h1::io[0m[2m:[0m flushed 250 bytes
[2m2025-12-10T10:11:13.017887Z[0m [34mDEBUG[0m [2mhyper::client::pool[0m[2m:[0m reuse idle connection for ("http", 192.168.0.14:8545)
[2m2025-12-10T10:11:13.017904Z[0m [34mDEBUG[0m [2mhyper::proto::h1::io[0m[2m:[0m flushed 172 bytes
[2m2025-12-10T10:11:13.019676Z[0m [34mDEBUG[0m [2methereum_transaction_pool_monitor::eth_client[0m[2m:[0m 📨 Received WebSocket message: {"jsonrpc":"2.0","method":"eth_subscription","params":{"subscription":"0xbed0a0851463e895960a451075a301a9","result":"0xebe89390e1c37c04ce4ef84dd6f5d6f82c36345c37f3c773043f0430287439a4"}}
[2m2025-12-10T10:11:13.019687Z[0m [34mDEBUG[0m [2methereum_transaction_pool_monitor::eth_client[0m[2m:[0m 📨 Received pending transaction: 0xebe89390e1c37c04ce4ef84dd6f5d6f82c36345c37f3c773043f0430287439a4
[2m2025-12-10T10:11:13.022899Z[0m [34mDEBUG[0m [2mhyper::proto::h1::io[0m[2m:[0m parsed 4 headers
[2m2025-12-10T10:11:13.022904Z[0m [34mDEBUG[0m [2mhyper::proto::h1::conn[0m[2m:[0m incoming body is content-length (45 bytes)
[2m2025-12-10T10:11:13.022910Z[0m [34mDEBUG[0m [2mhyper::proto::h1::conn[0m[2m:[0m incoming body completed
[2m2025-12-10T10:11:13.022916Z[0m [34mDEBUG[0m [2mhyper::client::pool[0m[2m:[0m pooling idle connection for ("http", 192.168.0.14:8545)
[2m2025-12-10T10:11:13.022930Z[0m [34mDEBUG[0m [2mhyper::proto::h1::io[0m[2m:[0m parsed 4 headers
[2m2025-12-10T10:11:13.022934Z[0m [34mDEBUG[0m [2mhyper::proto::h1::conn[0m[2m:[0m incoming body is content-length (1218 bytes)
[2m2025-12-10T10:11:13.022937Z[0m [34mDEBUG[0m [2mhyper::proto::h1::conn[0m[2m:[0m incoming body completed
[2m2025-12-10T10:11:13.022941Z[0m [34mDEBUG[0m [2mhyper::client::pool[0m[2m:[0m pooling idle connection for ("http", 192.168.0.14:8545)
[2m2025-12-10T10:11:13.022945Z[0m [34mDEBUG[0m [2methereum_transaction_pool_monitor::eth_client[0m[2m:[0m 📡 Transaction fetch RPC completed in 5.136583ms
[2m2025-12-10T10:11:13.093105Z[0m [34mDEBUG[0m [2methereum_transaction_pool_monitor::eth_client[0m[2m:[0m ✅ Transaction 0x6ec8cc4894acce34cccf7973201201124f045328c2393d0e39f2980b60aff393 fetched and parsed in 75.294041ms
[2m2025-12-10T10:11:13.093130Z[0m [34mDEBUG[0m [2methereum_transaction_pool_monitor::mempool_monitor[0m[2m:[0m 🔍 Skipping tx 0x6ec8cc4894acce34cccf7973201201124f045328c2393d0e39f2980b60aff393 - not a DEX interaction (target: 0xF6801D319497789f934ec7F83E142a9536312B08)
[2m2025-12-10T10:11:13.093140Z[0m [34mDEBUG[0m [2methereum_transaction_pool_monitor::mempool_monitor[0m[2m:[0m 📨 Processing new pending transaction: 0xebe89390e1c37c04ce4ef84dd6f5d6f82c36345c37f3c773043f0430287439a4
[2m2025-12-10T10:11:13.093146Z[0m [34mDEBUG[0m [2methereum_transaction_pool_monitor::mempool_monitor[0m[2m:[0m 🔍 Fetching transaction details for: 0xebe89390e1c37c04ce4ef84dd6f5d6f82c36345c37f3c773043f0430287439a4
[2m2025-12-10T10:11:13.093151Z[0m [34mDEBUG[0m [2methereum_transaction_pool_monitor::eth_client[0m[2m:[0m 🔍 Fetching transaction details for hash: 0xebe89390e1c37c04ce4ef84dd6f5d6f82c36345c37f3c773043f0430287439a4
[2m2025-12-10T10:11:13.093170Z[0m [34mDEBUG[0m [2mhyper::client::pool[0m[2m:[0m reuse idle connection for ("http", 192.168.0.14:8545)
[2m2025-12-10T10:11:13.093206Z[0m [34mDEBUG[0m [2mhyper::proto::h1::io[0m[2m:[0m flushed 250 bytes
[2m2025-12-10T10:11:13.098272Z[0m [34mDEBUG[0m [2mhyper::client::pool[0m[2m:[0m reuse idle connection for ("http", 192.168.0.14:8545)
[2m2025-12-10T10:11:13.098322Z[0m [34mDEBUG[0m [2mhyper::proto::h1::io[0m[2m:[0m flushed 172 bytes
[2m2025-12-10T10:11:13.103562Z[0m [34mDEBUG[0m [2mhyper::proto::h1::io[0m[2m:[0m parsed 4 headers
[2m2025-12-10T10:11:13.103568Z[0m [34mDEBUG[0m [2mhyper::proto::h1::conn[0m[2m:[0m incoming body is content-length (45 bytes)
[2m2025-12-10T10:11:13.103575Z[0m [34mDEBUG[0m [2mhyper::proto::h1::conn[0m[2m:[0m incoming body completed
[2m2025-12-10T10:11:13.103581Z[0m [34mDEBUG[0m [2mhyper::client::pool[0m[2m:[0m pooling idle connection for ("http", 192.168.0.14:8545)
[2m2025-12-10T10:11:13.104216Z[0m [34mDEBUG[0m [2mhyper::proto::h1::io[0m[2m:[0m parsed 4 headers
[2m2025-12-10T10:11:13.104245Z[0m [34mDEBUG[0m [2mhyper::proto::h1::conn[0m[2m:[0m incoming body is content-length (654 bytes)
[2m2025-12-10T10:11:13.104272Z[0m [34mDEBUG[0m [2mhyper::proto::h1::conn[0m[2m:[0m incoming body completed
[2m2025-12-10T10:11:13.104279Z[0m [34mDEBUG[0m [2mhyper::client::pool[0m[2m:[0m pooling idle connection for ("http", 192.168.0.14:8545)
[2m2025-12-10T10:11:13.104284Z[0m [34mDEBUG[0m [2methereum_transaction_pool_monitor::eth_client[0m[2m:[0m 📡 Transaction fetch RPC completed in 11.127334ms
[2m2025-12-10T10:11:13.176119Z[0m [34mDEBUG[0m [2methereum_transaction_pool_monitor::eth_client[0m[2m:[0m ✅ Transaction 0xebe89390e1c37c04ce4ef84dd6f5d6f82c36345c37f3c773043f0430287439a4 fetched and parsed in 82.960834ms
[2m2025-12-10T10:11:13.179822Z[0m [34mDEBUG[0m [2methereum_transaction_pool_monitor::mempool_monitor[0m[2m:[0m 🔍 Skipping tx 0xebe89390e1c37c04ce4ef84dd6f5d6f82c36345c37f3c773043f0430287439a4 - not a DEX interaction (target: 0x1c29C5B498717B8a48200a4f88274B4df32552b4)
[2m2025-12-10T10:11:13.198576Z[0m [34mDEBUG[0m [2mhyper::client::pool[0m[2m:[0m reuse idle connection for ("http", 192.168.0.14:8545)
[2m2025-12-10T10:11:13.198639Z[0m [34mDEBUG[0m [2mhyper::proto::h1::io[0m[2m:[0m flushed 172 bytes
[2m2025-12-10T10:11:13.202373Z[0m [34mDEBUG[0m [2mhyper::proto::h1::io[0m[2m:[0m parsed 4 headers
[2m2025-12-10T10:11:13.202393Z[0m [34mDEBUG[0m [2mhyper::proto::h1::conn[0m[2m:[0m incoming body is content-length (45 bytes)
[2m2025-12-10T10:11:13.202413Z[0m [34mDEBUG[0m [2mhyper::proto::h1::conn[0m[2m:[0m incoming body completed
[2m2025-12-10T10:11:13.202435Z[0m [34mDEBUG[0m [2mhyper::client::pool[0m[2m:[0m pooling idle connection for ("http", 192.168.0.14:8545)
[2m2025-12-10T10:11:13.276671Z[0m [34mDEBUG[0m [2methereum_transaction_pool_monitor::eth_client[0m[2m:[0m 📨 Received WebSocket message: {"jsonrpc":"2.0","method":"eth_subscription","params":{"subscription":"0xbed0a0851463e895960a451075a301a9","result":"0x9bbbd6d458ef91c394abdee6151107b08c30da0571e5f4d34510b41d2f6a2374"}}
[2m2025-12-10T10:11:13.276690Z[0m [34mDEBUG[0m [2methereum_transaction_pool_monitor::eth_client[0m[2m:[0m 📨 Received pending transaction: 0x9bbbd6d458ef91c394abdee6151107b08c30da0571e5f4d34510b41d2f6a2374
[2m2025-12-10T10:11:13.276703Z[0m [34mDEBUG[0m [2methereum_transaction_pool_monitor::mempool_monitor[0m[2m:[0m 📨 Processing new pending transaction: 0x9bbbd6d458ef91c394abdee6151107b08c30da0571e5f4d34510b41d2f6a2374
[2m2025-12-10T10:11:13.277120Z[0m [34mDEBUG[0m [2methereum_transaction_pool_monitor::mempool_monitor[0m[2m:[0m 🔍 Fetching transaction details for: 0x9bbbd6d458ef91c394abdee6151107b08c30da0571e5f4d34510b41d2f6a2374
[2m2025-12-10T10:11:13.277127Z[0m [34mDEBUG[0m [2methereum_transaction_pool_monitor::eth_client[0m[2m:[0m 🔍 Fetching transaction details for hash: 0x9bbbd6d458ef91c394abdee6151107b08c30da0571e5f4d34510b41d2f6a2374
[2m2025-12-10T10:11:13.277149Z[0m [34mDEBUG[0m [2mhyper::client::pool[0m[2m:[0m reuse idle connection for ("http", 192.168.0.14:8545)
[2m2025-12-10T10:11:13.277175Z[0m [34mDEBUG[0m [2mhyper::proto::h1::io[0m[2m:[0m flushed 250 bytes
[2m2025-12-10T10:11:13.281991Z[0m [34mDEBUG[0m [2mhyper::proto::h1::io[0m[2m:[0m parsed 4 headers
[2m2025-12-10T10:11:13.281999Z[0m [34mDEBUG[0m [2mhyper::proto::h1::conn[0m[2m:[0m incoming body is content-length (777 bytes)
[2m2025-12-10T10:11:13.282007Z[0m [34mDEBUG[0m [2mhyper::proto::h1::conn[0m[2m:[0m incoming body completed
[2m2025-12-10T10:11:13.282015Z[0m [34mDEBUG[0m [2mhyper::client::pool[0m[2m:[0m pooling idle connection for ("http", 192.168.0.14:8545)
[2m2025-12-10T10:11:13.282022Z[0m [34mDEBUG[0m [2methereum_transaction_pool_monitor::eth_client[0m[2m:[0m 📡 Transaction fetch RPC completed in 4.889208ms
[2m2025-12-10T10:11:13.360546Z[0m [34mDEBUG[0m [2methereum_transaction_pool_monitor::eth_client[0m[2m:[0m ✅ Transaction 0x9bbbd6d458ef91c394abdee6151107b08c30da0571e5f4d34510b41d2f6a2374 fetched and parsed in 83.410375ms
[2m2025-12-10T10:11:13.360572Z[0m [34mDEBUG[0m [2methereum_transaction_pool_monitor::mempool_monitor[0m[2m:[0m 🔍 Skipping tx 0x9bbbd6d458ef91c394abdee6151107b08c30da0571e5f4d34510b41d2f6a2374 - not a DEX interaction (target: 0x90685e300A4c4532EFCeFE91202DfE1Dfd572F47)
[2m2025-12-10T10:11:13.360617Z[0m [34mDEBUG[0m [2mhyper::client::pool[0m[2m:[0m reuse idle connection for ("http", 192.168.0.14:8545)
[2m2025-12-10T10:11:13.360654Z[0m [34mDEBUG[0m [2mhyper::proto::h1::io[0m[2m:[0m flushed 172 bytes
[2m2025-12-10T10:11:13.364149Z[0m [34mDEBUG[0m [2mhyper::proto::h1::io[0m[2m:[0m parsed 4 headers
[2m2025-12-10T10:11:13.364168Z[0m [34mDEBUG[0m [2mhyper::proto::h1::conn[0m[2m:[0m incoming body is content-length (45 bytes)
[2m2025-12-10T10:11:13.364192Z[0m [34mDEBUG[0m [2mhyper::proto::h1::conn[0m[2m:[0m incoming body completed
[2m2025-12-10T10:11:13.364205Z[0m [34mDEBUG[0m [2mhyper::client::pool[0m[2m:[0m pooling idle connection for ("http", 192.168.0.14:8545)
[2m2025-12-10T10:11:13.397790Z[0m [34mDEBUG[0m [2mhyper::client::pool[0m[2m:[0m reuse idle connection for ("http", 192.168.0.14:8545)
[2m2025-12-10T10:11:13.398884Z[0m [34mDEBUG[0m [2mhyper::proto::h1::io[0m[2m:[0m flushed 172 bytes
[2m2025-12-10T10:11:13.401961Z[0m [34mDEBUG[0m [2mhyper::proto::h1::io[0m[2m:[0m parsed 4 headers
[2m2025-12-10T10:11:13.402986Z[0m [34mDEBUG[0m [2mhyper::proto::h1::conn[0m[2m:[0m incoming body is content-length (45 bytes)
[2m2025-12-10T10:11:13.403000Z[0m [34mDEBUG[0m [2mhyper::proto::h1::conn[0m[2m:[0m incoming body completed
[2m2025-12-10T10:11:13.403010Z[0m [34mDEBUG[0m [2mhyper::client::pool[0m[2m:[0m pooling idle connection for ("http", 192.168.0.14:8545)
[2m2025-12-10T10:11:13.404679Z[0m [34mDEBUG[0m [2methereum_transaction_pool_monitor::eth_client[0m[2m:[0m 📨 Received WebSocket message: {"jsonrpc":"2.0","method":"eth_subscription","params":{"subscription":"0xbed0a0851463e895960a451075a301a9","result":"0x985d2c4369a2374241f8f843e216ce16b31fb10d7ece8a56d1746332e9625f2c"}}
[2m2025-12-10T10:11:13.404707Z[0m [34mDEBUG[0m [2methereum_transaction_pool_monitor::eth_client[0m[2m:[0m 📨 Received pending transaction: 0x985d2c4369a2374241f8f843e216ce16b31fb10d7ece8a56d1746332e9625f2c
[2m2025-12-10T10:11:13.404725Z[0m [34mDEBUG[0m [2methereum_transaction_pool_monitor::mempool_monitor[0m[2m:[0m 📨 Processing new pending transaction: 0x985d2c4369a2374241f8f843e216ce16b31fb10d7ece8a56d1746332e9625f2c
[2m2025-12-10T10:11:13.404729Z[0m [34mDEBUG[0m [2methereum_transaction_pool_monitor::mempool_monitor[0m[2m:[0m 🔍 Fetching transaction details for: 0x985d2c4369a2374241f8f843e216ce16b31fb10d7ece8a56d1746332e9625f2c
[2m2025-12-10T10:11:13.404733Z[0m [34mDEBUG[0m [2methereum_transaction_pool_monitor::eth_client[0m[2m:[0m 🔍 Fetching transaction details for hash: 0x985d2c4369a2374241f8f843e216ce16b31fb10d7ece8a56d1746332e9625f2c
[2m2025-12-10T10:11:13.404747Z[0m [34mDEBUG[0m [2mhyper::client::pool[0m[2m:[0m reuse idle connection for ("http", 192.168.0.14:8545)
[2m2025-12-10T10:11:13.404758Z[0m [34mDEBUG[0m [2mhyper::proto::h1::io[0m[2m:[0m flushed 250 bytes
[2m2025-12-10T10:11:13.413144Z[0m [34mDEBUG[0m [2mhyper::proto::h1::io[0m[2m:[0m parsed 4 headers
[2m2025-12-10T10:11:13.413164Z[0m [34mDEBUG[0m [2mhyper::proto::h1::conn[0m[2m:[0m incoming body is content-length (646 bytes)
[2m2025-12-10T10:11:13.413185Z[0m [34mDEBUG[0m [2mhyper::proto::h1::conn[0m[2m:[0m incoming body completed
[2m2025-12-10T10:11:13.413196Z[0m [34mDEBUG[0m [2mhyper::client::pool[0m[2m:[0m pooling idle connection for ("http", 192.168.0.14:8545)
[2m2025-12-10T10:11:13.413202Z[0m [34mDEBUG[0m [2methereum_transaction_pool_monitor::eth_client[0m[2m:[0m 📡 Transaction fetch RPC completed in 8.46525ms
[2m2025-12-10T10:11:13.485504Z[0m [34mDEBUG[0m [2methereum_transaction_pool_monitor::eth_client[0m[2m:[0m ✅ Transaction 0x985d2c4369a2374241f8f843e216ce16b31fb10d7ece8a56d1746332e9625f2c fetched and parsed in 80.7645ms
[2m2025-12-10T10:11:13.485527Z[0m [34mDEBUG[0m [2methereum_transaction_pool_monitor::mempool_monitor[0m[2m:[0m 🔍 Skipping tx 0x985d2c4369a2374241f8f843e216ce16b31fb10d7ece8a56d1746332e9625f2c - not a DEX interaction (target: 0xAbB94632AC800A00234ee72eE630Cce553157462)
[2m2025-12-10T10:11:13.499589Z[0m [34mDEBUG[0m [2mhyper::client::pool[0m[2m:[0m reuse idle connection for ("http", 192.168.0.14:8545)
[2m2025-12-10T10:11:13.499642Z[0m [34mDEBUG[0m [2mhyper::proto::h1::io[0m[2m:[0m flushed 172 bytes
[2m2025-12-10T10:11:13.505282Z[0m [34mDEBUG[0m [2mhyper::proto::h1::io[0m[2m:[0m parsed 4 headers
[2m2025-12-10T10:11:13.505295Z[0m [34mDEBUG[0m [2mhyper::proto::h1::conn[0m[2m:[0m incoming body is content-length (45 bytes)
[2m2025-12-10T10:11:13.505304Z[0m [34mDEBUG[0m [2mhyper::proto::h1::conn[0m[2m:[0m incoming body completed
[2m2025-12-10T10:11:13.505316Z[0m [34mDEBUG[0m [2mhyper::client::pool[0m[2m:[0m pooling idle connection for ("http", 192.168.0.14:8545)
[2m2025-12-10T10:11:13.597487Z[0m [34mDEBUG[0m [2mhyper::client::pool[0m[2m:[0m reuse idle connection for ("http", 192.168.0.14:8545)
[2m2025-12-10T10:11:13.597611Z[0m [34mDEBUG[0m [2mhyper::proto::h1::io[0m[2m:[0m flushed 172 bytes
[2m2025-12-10T10:11:13.623245Z[0m [34mDEBUG[0m [2mhyper::proto::h1::io[0m[2m:[0m parsed 4 headers
[2m2025-12-10T10:11:13.624659Z[0m [34mDEBUG[0m [2mhyper::proto::h1::conn[0m[2m:[0m incoming body is content-length (45 bytes)
[2m2025-12-10T10:11:13.624683Z[0m [34mDEBUG[0m [2mhyper::proto::h1::conn[0m[2m:[0m incoming body completed
[2m2025-12-10T10:11:13.624719Z[0m [34mDEBUG[0m [2mhyper::client::pool[0m[2m:[0m pooling idle connection for ("http", 192.168.0.14:8545)
[2m2025-12-10T10:11:13.653818Z[0m [34mDEBUG[0m [2methereum_transaction_pool_monitor::eth_client[0m[2m:[0m 📨 Received WebSocket message: {"jsonrpc":"2.0","method":"eth_subscription","params":{"subscription":"0xbed0a0851463e895960a451075a301a9","result":"0xf344c0df736de42628a462b78201957e858773fba1288ef562dad78cebee31ee"}}
[2m2025-12-10T10:11:13.653846Z[0m [34mDEBUG[0m [2methereum_transaction_pool_monitor::eth_client[0m[2m:[0m 📨 Received pending transaction: 0xf344c0df736de42628a462b78201957e858773fba1288ef562dad78cebee31ee
[2m2025-12-10T10:11:13.653855Z[0m [34mDEBUG[0m [2methereum_transaction_pool_monitor::mempool_monitor[0m[2m:[0m 📨 Processing new pending transaction: 0xf344c0df736de42628a462b78201957e858773fba1288ef562dad78cebee31ee
[2m2025-12-10T10:11:13.653861Z[0m [34mDEBUG[0m [2methereum_transaction_pool_monitor::mempool_monitor[0m[2m:[0m 🔍 Fetching transaction details for: 0xf344c0df736de42628a462b78201957e858773fba1288ef562dad78cebee31ee
[2m2025-12-10T10:11:13.653865Z[0m [34mDEBUG[0m [2methereum_transaction_pool_monitor::eth_client[0m[2m:[0m 🔍 Fetching transaction details for hash: 0xf344c0df736de42628a462b78201957e858773fba1288ef562dad78cebee31ee
[2m2025-12-10T10:11:13.653882Z[0m [34mDEBUG[0m [2mhyper::client::pool[0m[2m:[0m reuse idle connection for ("http", 192.168.0.14:8545)
[2m2025-12-10T10:11:13.653909Z[0m [34mDEBUG[0m [2mhyper::proto::h1::io[0m[2m:[0m flushed 250 bytes
[2m2025-12-10T10:11:13.661187Z[0m [34mDEBUG[0m [2mhyper::proto::h1::io[0m[2m:[0m parsed 4 headers
[2m2025-12-10T10:11:13.661217Z[0m [34mDEBUG[0m [2mhyper::proto::h1::conn[0m[2m:[0m incoming body is content-length (647 bytes)
[2m2025-12-10T10:11:13.661241Z[0m [34mDEBUG[0m [2mhyper::proto::h1::conn[0m[2m:[0m incoming body completed
[2m2025-12-10T10:11:13.661254Z[0m [34mDEBUG[0m [2mhyper::client::pool[0m[2m:[0m pooling idle connection for ("http", 192.168.0.14:8545)
[2m2025-12-10T10:11:13.661263Z[0m [34mDEBUG[0m [2methereum_transaction_pool_monitor::eth_client[0m[2m:[0m 📡 Transaction fetch RPC completed in 7.394583ms
[2m2025-12-10T10:11:13.736704Z[0m [34mDEBUG[0m [2methereum_transaction_pool_monitor::eth_client[0m[2m:[0m ✅ Transaction 0xf344c0df736de42628a462b78201957e858773fba1288ef562dad78cebee31ee fetched and parsed in 82.833083ms
[2m2025-12-10T10:11:13.736733Z[0m [34mDEBUG[0m [2methereum_transaction_pool_monitor::mempool_monitor[0m[2m:[0m 🔍 Skipping tx 0xf344c0df736de42628a462b78201957e858773fba1288ef562dad78cebee31ee - not a DEX interaction (target: 0xa3Fff6917C9dc4B1580A70b3049e61D6FdF31398)
[2m2025-12-10T10:11:13.736781Z[0m [34mDEBUG[0m [2mhyper::client::pool[0m[2m:[0m reuse idle connection for ("http", 192.168.0.14:8545)
[2m2025-12-10T10:11:13.736833Z[0m [34mDEBUG[0m [2mhyper::proto::h1::io[0m[2m:[0m flushed 172 bytes
[2m2025-12-10T10:11:13.740581Z[0m [34mDEBUG[0m [2mhyper::proto::h1::io[0m[2m:[0m parsed 4 headers
[2m2025-12-10T10:11:13.740595Z[0m [34mDEBUG[0m [2mhyper::proto::h1::conn[0m[2m:[0m incoming body is content-length (45 bytes)
[2m2025-12-10T10:11:13.740603Z[0m [34mDEBUG[0m [2mhyper::proto::h1::conn[0m[2m:[0m incoming body completed
[2m2025-12-10T10:11:13.740615Z[0m [34mDEBUG[0m [2mhyper::client::pool[0m[2m:[0m pooling idle connection for ("http", 192.168.0.14:8545)
[2m2025-12-10T10:11:13.789950Z[0m [34mDEBUG[0m [2methereum_transaction_pool_monitor::eth_client[0m[2m:[0m 📨 Received WebSocket message: {"jsonrpc":"2.0","method":"eth_subscription","params":{"subscription":"0xbed0a0851463e895960a451075a301a9","result":"0x1c0286677cae3fdc60daab74800554f582f8266590a590f7179fa1cef806cf60"}}
[2m2025-12-10T10:11:13.789967Z[0m [34mDEBUG[0m [2methereum_transaction_pool_monitor::eth_client[0m[2m:[0m 📨 Received pending transaction: 0x1c0286677cae3fdc60daab74800554f582f8266590a590f7179fa1cef806cf60
[2m2025-12-10T10:11:13.789973Z[0m [34mDEBUG[0m [2methereum_transaction_pool_monitor::eth_client[0m[2m:[0m 📨 Received WebSocket message: {"jsonrpc":"2.0","method":"eth_subscription","params":{"subscription":"0xbed0a0851463e895960a451075a301a9","result":"0xb37ef2f87a39e77ca3008487d865df2b7dd9d2692b05e87d8bf345d2045aabe7"}}
[2m2025-12-10T10:11:13.789980Z[0m [34mDEBUG[0m [2methereum_transaction_pool_monitor::eth_client[0m[2m:[0m 📨 Received pending transaction: 0xb37ef2f87a39e77ca3008487d865df2b7dd9d2692b05e87d8bf345d2045aabe7
[2m2025-12-10T10:11:13.789985Z[0m [34mDEBUG[0m [2methereum_transaction_pool_monitor::eth_client[0m[2m:[0m 📨 Received WebSocket message: {"jsonrpc":"2.0","method":"eth_subscription","params":{"subscription":"0xbed0a0851463e895960a451075a301a9","result":"0x27a0ec2a50c13d832b1b9e352a0c48ea5dcc7c35af94c87f6d3ec035397b6526"}}
[2m2025-12-10T10:11:13.789990Z[0m [34mDEBUG[0m [2methereum_transaction_pool_monitor::eth_client[0m[2m:[0m 📨 Received pending transaction: 0x27a0ec2a50c13d832b1b9e352a0c48ea5dcc7c35af94c87f6d3ec035397b6526
[2m2025-12-10T10:11:13.789994Z[0m [34mDEBUG[0m [2methereum_transaction_pool_monitor::eth_client[0m[2m:[0m 📨 Received WebSocket message: {"jsonrpc":"2.0","method":"eth_subscription","params":{"subscription":"0xbed0a0851463e895960a451075a301a9","result":"0x6a506a4a23aeeea9d4baca34eed5a1dfb6811efbf7db6c426538e75a179728f2"}}
[2m2025-12-10T10:11:13.789999Z[0m [34mDEBUG[0m [2methereum_transaction_pool_monitor::eth_client[0m[2m:[0m 📨 Received pending transaction: 0x6a506a4a23aeeea9d4baca34eed5a1dfb6811efbf7db6c426538e75a179728f2
[2m2025-12-10T10:11:13.790005Z[0m [34mDEBUG[0m [2methereum_transaction_pool_monitor::mempool_monitor[0m[2m:[0m 📨 Processing new pending transaction: 0x1c0286677cae3fdc60daab74800554f582f8266590a590f7179fa1cef806cf60
[2m2025-12-10T10:11:13.790009Z[0m [34mDEBUG[0m [2methereum_transaction_pool_monitor::mempool_monitor[0m[2m:[0m 🔍 Fetching transaction details for: 0x1c0286677cae3fdc60daab74800554f582f8266590a590f7179fa1cef806cf60
[2m2025-12-10T10:11:13.790013Z[0m [34mDEBUG[0m [2methereum_transaction_pool_monitor::eth_client[0m[2m:[0m 🔍 Fetching transaction details for hash: 0x1c0286677cae3fdc60daab74800554f582f8266590a590f7179fa1cef806cf60
[2m2025-12-10T10:11:13.790037Z[0m [34mDEBUG[0m [2mhyper::client::pool[0m[2m:[0m reuse idle connection for ("http", 192.168.0.14:8545)
[2m2025-12-10T10:11:13.790060Z[0m [34mDEBUG[0m [2mhyper::proto::h1::io[0m[2m:[0m flushed 250 bytes
[2m2025-12-10T10:11:13.798465Z[0m [34mDEBUG[0m [2mhyper::client::pool[0m[2m:[0m reuse idle connection for ("http", 192.168.0.14:8545)
[2m2025-12-10T10:11:13.798474Z[0m [34mDEBUG[0m [2mhyper::proto::h1::io[0m[2m:[0m parsed 4 headers
[2m2025-12-10T10:11:13.798519Z[0m [34mDEBUG[0m [2mhyper::proto::h1::conn[0m[2m:[0m incoming body is content-length (775 bytes)
[2m2025-12-10T10:11:13.798529Z[0m [34mDEBUG[0m [2mhyper::proto::h1::conn[0m[2m:[0m incoming body completed
[2m2025-12-10T10:11:13.798537Z[0m [34mDEBUG[0m [2mhyper::proto::h1::io[0m[2m:[0m flushed 172 bytes
[2m2025-12-10T10:11:13.798540Z[0m [34mDEBUG[0m [2mhyper::client::pool[0m[2m:[0m pooling idle connection for ("http", 192.168.0.14:8545)
[2m2025-12-10T10:11:13.798555Z[0m [34mDEBUG[0m [2methereum_transaction_pool_monitor::eth_client[0m[2m:[0m 📡 Transaction fetch RPC completed in 8.533916ms
[2m2025-12-10T10:11:13.798573Z[0m [34mDEBUG[0m [2methereum_transaction_pool_monitor::eth_client[0m[2m:[0m DeFi transaction detected - Address: 0xdac17f958d2ee523a2206206994597c13d831ec7, Type: Stablecoin, Value: 0 ETH, Gas: 1.42 Gwei
[2m2025-12-10T10:11:13.798590Z[0m [34mDEBUG[0m [2methereum_transaction_pool_monitor::eth_client[0m[2m:[0m ✅ Transaction 0x1c0286677cae3fdc60daab74800554f582f8266590a590f7179fa1cef806cf60 fetched and parsed in 8.569125ms
[2m2025-12-10T10:11:13.798597Z[0m [34mDEBUG[0m [2methereum_transaction_pool_monitor::mempool_monitor[0m[2m:[0m 🔍 Skipping tx 0x1c0286677cae3fdc60daab74800554f582f8266590a590f7179fa1cef806cf60 - not a DEX interaction (target: 0xdAC17F958D2ee523a2206206994597C13D831ec7)
[2m2025-12-10T10:11:13.798606Z[0m [34mDEBUG[0m [2methereum_transaction_pool_monitor::mempool_monitor[0m[2m:[0m 📨 Processing new pending transaction: 0xb37ef2f87a39e77ca3008487d865df2b7dd9d2692b05e87d8bf345d2045aabe7
[2m2025-12-10T10:11:13.798614Z[0m [34mDEBUG[0m [2methereum_transaction_pool_monitor::mempool_monitor[0m[2m:[0m 🔍 Fetching transaction details for: 0xb37ef2f87a39e77ca3008487d865df2b7dd9d2692b05e87d8bf345d2045aabe7
[2m2025-12-10T10:11:13.798619Z[0m [34mDEBUG[0m [2methereum_transaction_pool_monitor::eth_client[0m[2m:[0m 🔍 Fetching transaction details for hash: 0xb37ef2f87a39e77ca3008487d865df2b7dd9d2692b05e87d8bf345d2045aabe7
[2m2025-12-10T10:11:13.799332Z[0m [34mDEBUG[0m [2mhyper::client::pool[0m[2m:[0m reuse idle connection for ("http", 192.168.0.14:8545)
[2m2025-12-10T10:11:13.799357Z[0m [34mDEBUG[0m [2mhyper::proto::h1::io[0m[2m:[0m flushed 250 bytes
[2m2025-12-10T10:11:13.803459Z[0m [34mDEBUG[0m [2mhyper::proto::h1::io[0m[2m:[0m parsed 4 headers
[2m2025-12-10T10:11:13.803485Z[0m [34mDEBUG[0m [2mhyper::proto::h1::conn[0m[2m:[0m incoming body is content-length (45 bytes)
[2m2025-12-10T10:11:13.803517Z[0m [34mDEBUG[0m [2mhyper::proto::h1::conn[0m[2m:[0m incoming body completed
[2m2025-12-10T10:11:13.803525Z[0m [34mDEBUG[0m [2mhyper::client::pool[0m[2m:[0m pooling idle connection for ("http", 192.168.0.14:8545)
[2m2025-12-10T10:11:13.804500Z[0m [34mDEBUG[0m [2mhyper::proto::h1::io[0m[2m:[0m parsed 4 headers
[2m2025-12-10T10:11:13.804507Z[0m [34mDEBUG[0m [2mhyper::proto::h1::conn[0m[2m:[0m incoming body is content-length (776 bytes)
[2m2025-12-10T10:11:13.804512Z[0m [34mDEBUG[0m [2mhyper::proto::h1::conn[0m[2m:[0m incoming body completed
[2m2025-12-10T10:11:13.804519Z[0m [34mDEBUG[0m [2mhyper::client::pool[0m[2m:[0m pooling idle connection for ("http", 192.168.0.14:8545)
[2m2025-12-10T10:11:13.804525Z[0m [34mDEBUG[0m [2methereum_transaction_pool_monitor::eth_client[0m[2m:[0m 📡 Transaction fetch RPC completed in 5.200417ms
[2m2025-12-10T10:11:13.878119Z[0m [34mDEBUG[0m [2methereum_transaction_pool_monitor::eth_client[0m[2m:[0m ✅ Transaction 0xb37ef2f87a39e77ca3008487d865df2b7dd9d2692b05e87d8bf345d2045aabe7 fetched and parsed in 78.792ms
[2m2025-12-10T10:11:13.878149Z[0m [34mDEBUG[0m [2methereum_transaction_pool_monitor::mempool_monitor[0m[2m:[0m 🔍 Skipping tx 0xb37ef2f87a39e77ca3008487d865df2b7dd9d2692b05e87d8bf345d2045aabe7 - not a DEX interaction (target: 0x2d8eA194902Bc55431420BD26Be92b0782dCe91D)
[2m2025-12-10T10:11:13.878160Z[0m [34mDEBUG[0m [2methereum_transaction_pool_monitor::mempool_monitor[0m[2m:[0m 📨 Processing new pending transaction: 0x27a0ec2a50c13d832b1b9e352a0c48ea5dcc7c35af94c87f6d3ec035397b6526
[2m2025-12-10T10:11:13.878168Z[0m [34mDEBUG[0m [2methereum_transaction_pool_monitor::mempool_monitor[0m[2m:[0m 🔍 Fetching transaction details for: 0x27a0ec2a50c13d832b1b9e352a0c48ea5dcc7c35af94c87f6d3ec035397b6526
[2m2025-12-10T10:11:13.878174Z[0m [34mDEBUG[0m [2methereum_transaction_pool_monitor::eth_client[0m[2m:[0m 🔍 Fetching transaction details for hash: 0x27a0ec2a50c13d832b1b9e352a0c48ea5dcc7c35af94c87f6d3ec035397b6526
[2m2025-12-10T10:11:13.878193Z[0m [34mDEBUG[0m [2mhyper::client::pool[0m[2m:[0m reuse idle connection for ("http", 192.168.0.14:8545)
[2m2025-12-10T10:11:13.878233Z[0m [34mDEBUG[0m [2mhyper::proto::h1::io[0m[2m:[0m flushed 250 bytes
[2m2025-12-10T10:11:13.885192Z[0m [34mDEBUG[0m [2methereum_transaction_pool_monitor::eth_client[0m[2m:[0m 📨 Received WebSocket message: {"jsonrpc":"2.0","method":"eth_subscription","params":{"subscription":"0xbed0a0851463e895960a451075a301a9","result":"0x29c839e8cd27faa63abb1c3bd18ab9ca0869fdf653c9b908cb0c08837db4e469"}}
[2m2025-12-10T10:11:13.885207Z[0m [34mDEBUG[0m [2methereum_transaction_pool_monitor::eth_client[0m[2m:[0m 📨 Received pending transaction: 0x29c839e8cd27faa63abb1c3bd18ab9ca0869fdf653c9b908cb0c08837db4e469
[2m2025-12-10T10:11:13.885223Z[0m [34mDEBUG[0m [2mhyper::proto::h1::io[0m[2m:[0m parsed 4 headers
[2m2025-12-10T10:11:13.885229Z[0m [34mDEBUG[0m [2mhyper::proto::h1::conn[0m[2m:[0m incoming body is content-length (655 bytes)
[2m2025-12-10T10:11:13.885237Z[0m [34mDEBUG[0m [2mhyper::proto::h1::conn[0m[2m:[0m incoming body completed
[2m2025-12-10T10:11:13.885247Z[0m [34mDEBUG[0m [2mhyper::client::pool[0m[2m:[0m pooling idle connection for ("http", 192.168.0.14:8545)
[2m2025-12-10T10:11:13.885256Z[0m [34mDEBUG[0m [2methereum_transaction_pool_monitor::eth_client[0m[2m:[0m 📡 Transaction fetch RPC completed in 7.077083ms
[2m2025-12-10T10:11:13.957430Z[0m [34mDEBUG[0m [2methereum_transaction_pool_monitor::eth_client[0m[2m:[0m ✅ Transaction 0x27a0ec2a50c13d832b1b9e352a0c48ea5dcc7c35af94c87f6d3ec035397b6526 fetched and parsed in 79.248833ms
[2m2025-12-10T10:11:13.957457Z[0m [34mDEBUG[0m [2methereum_transaction_pool_monitor::mempool_monitor[0m[2m:[0m 🔍 Skipping tx 0x27a0ec2a50c13d832b1b9e352a0c48ea5dcc7c35af94c87f6d3ec035397b6526 - not a DEX interaction (target: 0xEae7380dD4CeF6fbD1144F49E4D1e6964258A4F4)
[2m2025-12-10T10:11:13.957468Z[0m [34mDEBUG[0m [2methereum_transaction_pool_monitor::mempool_monitor[0m[2m:[0m 📨 Processing new pending transaction: 0x6a506a4a23aeeea9d4baca34eed5a1dfb6811efbf7db6c426538e75a179728f2
[2m2025-12-10T10:11:13.957475Z[0m [34mDEBUG[0m [2methereum_transaction_pool_monitor::mempool_monitor[0m[2m:[0m 🔍 Fetching transaction details for: 0x6a506a4a23aeeea9d4baca34eed5a1dfb6811efbf7db6c426538e75a179728f2
[2m2025-12-10T10:11:13.957481Z[0m [34mDEBUG[0m [2methereum_transaction_pool_monitor::eth_client[0m[2m:[0m 🔍 Fetching transaction details for hash: 0x6a506a4a23aeeea9d4baca34eed5a1dfb6811efbf7db6c426538e75a179728f2
[2m2025-12-10T10:11:13.957501Z[0m [34mDEBUG[0m [2mhyper::client::pool[0m[2m:[0m reuse idle connection for ("http", 192.168.0.14:8545)
[2m2025-12-10T10:11:13.957543Z[0m [34mDEBUG[0m [2mhyper::proto::h1::io[0m[2m:[0m flushed 250 bytes
[2m2025-12-10T10:11:13.957565Z[0m [34mDEBUG[0m [2mhyper::client::pool[0m[2m:[0m reuse idle connection for ("http", 192.168.0.14:8545)
[2m2025-12-10T10:11:13.957582Z[0m [34mDEBUG[0m [2mhyper::proto::h1::io[0m[2m:[0m flushed 172 bytes
[2m2025-12-10T10:11:13.957603Z[0m [34mDEBUG[0m [2methereum_transaction_pool_monitor::eth_client[0m[2m:[0m 📨 Received WebSocket message: {"jsonrpc":"2.0","method":"eth_subscription","params":{"subscription":"0xbed0a0851463e895960a451075a301a9","result":"0xe23bad587ccae1cb50289d9d063f95225ddbd7056eadd1ccdb6fde0f2a5fc27c"}}
[2m2025-12-10T10:11:13.957613Z[0m [34mDEBUG[0m [2methereum_transaction_pool_monitor::eth_client[0m[2m:[0m 📨 Received pending transaction: 0xe23bad587ccae1cb50289d9d063f95225ddbd7056eadd1ccdb6fde0f2a5fc27c
[2m2025-12-10T10:11:13.957619Z[0m [34mDEBUG[0m [2methereum_transaction_pool_monitor::eth_client[0m[2m:[0m 📨 Received WebSocket message: {"jsonrpc":"2.0","method":"eth_subscription","params":{"subscription":"0xbed0a0851463e895960a451075a301a9","result":"0xd422921953d92a2e0552297a235979680de147c78b4a08bf3fd97f5b11c75fcd"}}
[2m2025-12-10T10:11:13.957624Z[0m [34mDEBUG[0m [2methereum_transaction_pool_monitor::eth_client[0m[2m:[0m 📨 Received pending transaction: 0xd422921953d92a2e0552297a235979680de147c78b4a08bf3fd97f5b11c75fcd
[2m2025-12-10T10:11:13.962858Z[0m [34mDEBUG[0m [2mhyper::proto::h1::io[0m[2m:[0m parsed 4 headers
[2m2025-12-10T10:11:13.962870Z[0m [34mDEBUG[0m [2mhyper::proto::h1::conn[0m[2m:[0m incoming body is content-length (45 bytes)
[2m2025-12-10T10:11:13.962877Z[0m [34mDEBUG[0m [2mhyper::proto::h1::conn[0m[2m:[0m incoming body completed
[2m2025-12-10T10:11:13.962887Z[0m [34mDEBUG[0m [2mhyper::client::pool[0m[2m:[0m pooling idle connection for ("http", 192.168.0.14:8545)
[2m2025-12-10T10:11:13.967792Z[0m [34mDEBUG[0m [2mhyper::proto::h1::io[0m[2m:[0m parsed 4 headers
[2m2025-12-10T10:11:13.967802Z[0m [34mDEBUG[0m [2mhyper::proto::h1::conn[0m[2m:[0m incoming body is content-length (776 bytes)
[2m2025-12-10T10:11:13.967810Z[0m [34mDEBUG[0m [2mhyper::proto::h1::conn[0m[2m:[0m incoming body completed
[2m2025-12-10T10:11:13.967819Z[0m [34mDEBUG[0m [2mhyper::client::pool[0m[2m:[0m pooling idle connection for ("http", 192.168.0.14:8545)
[2m2025-12-10T10:11:13.967826Z[0m [34mDEBUG[0m [2methereum_transaction_pool_monitor::eth_client[0m[2m:[0m 📡 Transaction fetch RPC completed in 10.340542ms
[2m2025-12-10T10:11:14.039838Z[0m [34mDEBUG[0m [2methereum_transaction_pool_monitor::eth_client[0m[2m:[0m ✅ Transaction 0x6a506a4a23aeeea9d4baca34eed5a1dfb6811efbf7db6c426538e75a179728f2 fetched and parsed in 82.349542ms
[2m2025-12-10T10:11:14.039866Z[0m [34mDEBUG[0m [2methereum_transaction_pool_monitor::mempool_monitor[0m[2m:[0m 🔍 Skipping tx 0x6a506a4a23aeeea9d4baca34eed5a1dfb6811efbf7db6c426538e75a179728f2 - not a DEX interaction (target: 0x06450dEe7FD2Fb8E39061434BAbCFC05599a6Fb8)
[2m2025-12-10T10:11:14.039879Z[0m [34mDEBUG[0m [2methereum_transaction_pool_monitor::mempool_monitor[0m[2m:[0m 📨 Processing new pending transaction: 0x29c839e8cd27faa63abb1c3bd18ab9ca0869fdf653c9b908cb0c08837db4e469
[2m2025-12-10T10:11:14.039887Z[0m [34mDEBUG[0m [2methereum_transaction_pool_monitor::mempool_monitor[0m[2m:[0m 🔍 Fetching transaction details for: 0x29c839e8cd27faa63abb1c3bd18ab9ca0869fdf653c9b908cb0c08837db4e469
[2m2025-12-10T10:11:14.039891Z[0m [34mDEBUG[0m [2methereum_transaction_pool_monitor::eth_client[0m[2m:[0m 🔍 Fetching transaction details for hash: 0x29c839e8cd27faa63abb1c3bd18ab9ca0869fdf653c9b908cb0c08837db4e469
[2m2025-12-10T10:11:14.039910Z[0m [34mDEBUG[0m [2mhyper::client::pool[0m[2m:[0m reuse idle connection for ("http", 192.168.0.14:8545)
[2m2025-12-10T10:11:14.039950Z[0m [34mDEBUG[0m [2mhyper::proto::h1::io[0m[2m:[0m flushed 250 bytes
[2m2025-12-10T10:11:14.040041Z[0m [34mDEBUG[0m [2mhyper::client::pool[0m[2m:[0m reuse idle connection for ("http", 192.168.0.14:8545)
[2m2025-12-10T10:11:14.040062Z[0m [34mDEBUG[0m [2mhyper::proto::h1::io[0m[2m:[0m flushed 172 bytes
[2m2025-12-10T10:11:14.047308Z[0m [34mDEBUG[0m [2mhyper::proto::h1::io[0m[2m:[0m parsed 4 headers
[2m2025-12-10T10:11:14.047316Z[0m [34mDEBUG[0m [2mhyper::proto::h1::conn[0m[2m:[0m incoming body is content-length (653 bytes)
[2m2025-12-10T10:11:14.047324Z[0m [34mDEBUG[0m [2mhyper::proto::h1::conn[0m[2m:[0m incoming body completed
[2m2025-12-10T10:11:14.047334Z[0m [34mDEBUG[0m [2mhyper::client::pool[0m[2m:[0m pooling idle connection for ("http", 192.168.0.14:8545)
[2m2025-12-10T10:11:14.047340Z[0m [34mDEBUG[0m [2methereum_transaction_pool_monitor::eth_client[0m[2m:[0m 📡 Transaction fetch RPC completed in 7.443875ms
[2m2025-12-10T10:11:14.118869Z[0m [34mDEBUG[0m [2methereum_transaction_pool_monitor::eth_client[0m[2m:[0m ✅ Transaction 0x29c839e8cd27faa63abb1c3bd18ab9ca0869fdf653c9b908cb0c08837db4e469 fetched and parsed in 78.970834ms
[2m2025-12-10T10:11:14.118897Z[0m [34mDEBUG[0m [2methereum_transaction_pool_monitor::mempool_monitor[0m[2m:[0m 🔍 Skipping tx 0x29c839e8cd27faa63abb1c3bd18ab9ca0869fdf653c9b908cb0c08837db4e469 - not a DEX interaction (target: 0x5733Cc995209E11e3E42479fFc8E9778031CfA06)
[2m2025-12-10T10:11:14.118907Z[0m [34mDEBUG[0m [2methereum_transaction_pool_monitor::mempool_monitor[0m[2m:[0m 📨 Processing new pending transaction: 0xe23bad587ccae1cb50289d9d063f95225ddbd7056eadd1ccdb6fde0f2a5fc27c
[2m2025-12-10T10:11:14.118915Z[0m [34mDEBUG[0m [2methereum_transaction_pool_monitor::mempool_monitor[0m[2m:[0m 🔍 Fetching transaction details for: 0xe23bad587ccae1cb50289d9d063f95225ddbd7056eadd1ccdb6fde0f2a5fc27c
[2m2025-12-10T10:11:14.118922Z[0m [34mDEBUG[0m [2methereum_transaction_pool_monitor::eth_client[0m[2m:[0m 🔍 Fetching transaction details for hash: 0xe23bad587ccae1cb50289d9d063f95225ddbd7056eadd1ccdb6fde0f2a5fc27c
[2m2025-12-10T10:11:14.118939Z[0m [34mDEBUG[0m [2mhyper::client::pool[0m[2m:[0m reuse idle connection for ("http", 192.168.0.14:8545)
[2m2025-12-10T10:11:14.118978Z[0m [34mDEBUG[0m [2mhyper::proto::h1::io[0m[2m:[0m flushed 250 bytes
[2m2025-12-10T10:11:14.119000Z[0m [34mDEBUG[0m [2methereum_transaction_pool_monitor::eth_client[0m[2m:[0m 📨 Received WebSocket message: {"jsonrpc":"2.0","method":"eth_subscription","params":{"subscription":"0xbed0a0851463e895960a451075a301a9","result":"0x400f1e7fa6eda6696fa20e85ded7a0e9834ae1943f298dfd3ca968ee1d5895b4"}}
[2m2025-12-10T10:11:14.119010Z[0m [34mDEBUG[0m [2methereum_transaction_pool_monitor::eth_client[0m[2m:[0m 📨 Received pending transaction: 0x400f1e7fa6eda6696fa20e85ded7a0e9834ae1943f298dfd3ca968ee1d5895b4
[2m2025-12-10T10:11:14.119021Z[0m [34mDEBUG[0m [2mhyper::proto::h1::io[0m[2m:[0m parsed 4 headers
[2m2025-12-10T10:11:14.119028Z[0m [34mDEBUG[0m [2mhyper::proto::h1::conn[0m[2m:[0m incoming body is content-length (45 bytes)
[2m2025-12-10T10:11:14.119036Z[0m [34mDEBUG[0m [2mhyper::proto::h1::conn[0m[2m:[0m incoming body completed
[2m2025-12-10T10:11:14.119043Z[0m [34mDEBUG[0m [2mhyper::client::pool[0m[2m:[0m pooling idle connection for ("http", 192.168.0.14:8545)
[2m2025-12-10T10:11:14.119057Z[0m [34mDEBUG[0m [2mhyper::client::pool[0m[2m:[0m reuse idle connection for ("http", 192.168.0.14:8545)
[2m2025-12-10T10:11:14.119071Z[0m [34mDEBUG[0m [2mhyper::proto::h1::io[0m[2m:[0m flushed 172 bytes
[2m2025-12-10T10:11:14.129093Z[0m [34mDEBUG[0m [2mhyper::proto::h1::io[0m[2m:[0m parsed 4 headers
[2m2025-12-10T10:11:14.129105Z[0m [34mDEBUG[0m [2mhyper::proto::h1::conn[0m[2m:[0m incoming body is content-length (45 bytes)
[2m2025-12-10T10:11:14.129113Z[0m [34mDEBUG[0m [2mhyper::proto::h1::conn[0m[2m:[0m incoming body completed
[2m2025-12-10T10:11:14.129124Z[0m [34mDEBUG[0m [2mhyper::client::pool[0m[2m:[0m pooling idle connection for ("http", 192.168.0.14:8545)
[2m2025-12-10T10:11:14.129783Z[0m [34mDEBUG[0m [2mhyper::proto::h1::io[0m[2m:[0m parsed 4 headers
[2m2025-12-10T10:11:14.129792Z[0m [34mDEBUG[0m [2mhyper::proto::h1::conn[0m[2m:[0m incoming body is content-length (771 bytes)
[2m2025-12-10T10:11:14.129798Z[0m [34mDEBUG[0m [2mhyper::proto::h1::conn[0m[2m:[0m incoming body completed
[2m2025-12-10T10:11:14.129810Z[0m [34mDEBUG[0m [2mhyper::client::pool[0m[2m:[0m pooling idle connection for ("http", 192.168.0.14:8545)
[2m2025-12-10T10:11:14.129818Z[0m [34mDEBUG[0m [2methereum_transaction_pool_monitor::eth_client[0m[2m:[0m 📡 Transaction fetch RPC completed in 10.891041ms
[2m2025-12-10T10:11:14.202125Z[0m [34mDEBUG[0m [2methereum_transaction_pool_monitor::eth_client[0m[2m:[0m ✅ Transaction 0xe23bad587ccae1cb50289d9d063f95225ddbd7056eadd1ccdb6fde0f2a5fc27c fetched and parsed in 83.19675ms
[2m2025-12-10T10:11:14.202151Z[0m [34mDEBUG[0m [2methereum_transaction_pool_monitor::mempool_monitor[0m[2m:[0m 🔍 Skipping tx 0xe23bad587ccae1cb50289d9d063f95225ddbd7056eadd1ccdb6fde0f2a5fc27c - not a DEX interaction (target: 0xB8f28C60dD8240141185a192fa4156A23E189305)
[2m2025-12-10T10:11:14.202164Z[0m [34mDEBUG[0m [2methereum_transaction_pool_monitor::mempool_monitor[0m[2m:[0m 📨 Processing new pending transaction: 0xd422921953d92a2e0552297a235979680de147c78b4a08bf3fd97f5b11c75fcd
[2m2025-12-10T10:11:14.202171Z[0m [34mDEBUG[0m [2methereum_transaction_pool_monitor::mempool_monitor[0m[2m:[0m 🔍 Fetching transaction details for: 0xd422921953d92a2e0552297a235979680de147c78b4a08bf3fd97f5b11c75fcd
[2m2025-12-10T10:11:14.202176Z[0m [34mDEBUG[0m [2methereum_transaction_pool_monitor::eth_client[0m[2m:[0m 🔍 Fetching transaction details for hash: 0xd422921953d92a2e0552297a235979680de147c78b4a08bf3fd97f5b11c75fcd
[2m2025-12-10T10:11:14.202196Z[0m [34mDEBUG[0m [2mhyper::client::pool[0m[2m:[0m reuse idle connection for ("http", 192.168.0.14:8545)
[2m2025-12-10T10:11:14.202221Z[0m [34mDEBUG[0m [2mhyper::proto::h1::io[0m[2m:[0m flushed 250 bytes
[2m2025-12-10T10:11:14.202241Z[0m [34mDEBUG[0m [2mhyper::client::pool[0m[2m:[0m reuse idle connection for ("http", 192.168.0.14:8545)
[2m2025-12-10T10:11:14.202256Z[0m [34mDEBUG[0m [2mhyper::proto::h1::io[0m[2m:[0m flushed 172 bytes
[2m2025-12-10T10:11:14.202268Z[0m [34mDEBUG[0m [2methereum_transaction_pool_monitor::eth_client[0m[2m:[0m 📨 Received WebSocket message: {"jsonrpc":"2.0","method":"eth_subscription","params":{"subscription":"0xbed0a0851463e895960a451075a301a9","result":"0xadc05672a1711182462b1a889dc5359c1130a80511086b249110eb4276b10231"}}
[2m2025-12-10T10:11:14.203036Z[0m [34mDEBUG[0m [2methereum_transaction_pool_monitor::eth_client[0m[2m:[0m 📨 Received pending transaction: 0xadc05672a1711182462b1a889dc5359c1130a80511086b249110eb4276b10231
[2m2025-12-10T10:11:14.207937Z[0m [34mDEBUG[0m [2mhyper::proto::h1::io[0m[2m:[0m parsed 4 headers
[2m2025-12-10T10:11:14.207946Z[0m [34mDEBUG[0m [2mhyper::proto::h1::conn[0m[2m:[0m incoming body is content-length (765 bytes)
[2m2025-12-10T10:11:14.207955Z[0m [34mDEBUG[0m [2mhyper::proto::h1::conn[0m[2m:[0m incoming body completed
[2m2025-12-10T10:11:14.207965Z[0m [34mDEBUG[0m [2mhyper::client::pool[0m[2m:[0m pooling idle connection for ("http", 192.168.0.14:8545)
[2m2025-12-10T10:11:14.207972Z[0m [34mDEBUG[0m [2methereum_transaction_pool_monitor::eth_client[0m[2m:[0m 📡 Transaction fetch RPC completed in 5.791ms
[2m2025-12-10T10:11:14.279996Z[0m [34mDEBUG[0m [2methereum_transaction_pool_monitor::eth_client[0m[2m:[0m ✅ Transaction 0xd422921953d92a2e0552297a235979680de147c78b4a08bf3fd97f5b11c75fcd fetched and parsed in 77.812792ms
[2m2025-12-10T10:11:14.280025Z[0m [34mDEBUG[0m [2methereum_transaction_pool_monitor::mempool_monitor[0m[2m:[0m 🔍 Skipping tx 0xd422921953d92a2e0552297a235979680de147c78b4a08bf3fd97f5b11c75fcd - not a DEX interaction (target: 0xE57cad155a973592c3450a3eEBecfAdaB3a39863)
[2m2025-12-10T10:11:14.280039Z[0m [34mDEBUG[0m [2methereum_transaction_pool_monitor::mempool_monitor[0m[2m:[0m 📨 Processing new pending transaction: 0x400f1e7fa6eda6696fa20e85ded7a0e9834ae1943f298dfd3ca968ee1d5895b4
[2m2025-12-10T10:11:14.280052Z[0m [34mDEBUG[0m [2methereum_transaction_pool_monitor::mempool_monitor[0m[2m:[0m 🔍 Fetching transaction details for: 0x400f1e7fa6eda6696fa20e85ded7a0e9834ae1943f298dfd3ca968ee1d5895b4
[2m2025-12-10T10:11:14.280062Z[0m [34mDEBUG[0m [2methereum_transaction_pool_monitor::eth_client[0m[2m:[0m 🔍 Fetching transaction details for hash: 0x400f1e7fa6eda6696fa20e85ded7a0e9834ae1943f298dfd3ca968ee1d5895b4
[2m2025-12-10T10:11:14.280082Z[0m [34mDEBUG[0m [2mhyper::client::pool[0m[2m:[0m reuse idle connection for ("http", 192.168.0.14:8545)
[2m2025-12-10T10:11:14.280115Z[0m [34mDEBUG[0m [2mhyper::proto::h1::io[0m[2m:[0m flushed 250 bytes
[2m2025-12-10T10:11:14.280135Z[0m [34mDEBUG[0m [2methereum_transaction_pool_monitor::eth_client[0m[2m:[0m 📨 Received WebSocket message: {"jsonrpc":"2.0","method":"eth_subscription","params":{"subscription":"0xbed0a0851463e895960a451075a301a9","result":"0x1f59fa5dba75bef85b682b4542bac9e1db369efeca108a8aa3632b0f5ad2fb96"}}
[2m2025-12-10T10:11:14.280141Z[0m [34mDEBUG[0m [2mhyper::proto::h1::io[0m[2m:[0m parsed 4 headers
[2m2025-12-10T10:11:14.280144Z[0m [34mDEBUG[0m [2methereum_transaction_pool_monitor::eth_client[0m[2m:[0m 📨 Received pending transaction: 0x1f59fa5dba75bef85b682b4542bac9e1db369efeca108a8aa3632b0f5ad2fb96
[2m2025-12-10T10:11:14.280153Z[0m [34mDEBUG[0m [2mhyper::proto::h1::conn[0m[2m:[0m incoming body is content-length (45 bytes)
[2m2025-12-10T10:11:14.280161Z[0m [34mDEBUG[0m [2methereum_transaction_pool_monitor::eth_client[0m[2m:[0m 📨 Received WebSocket message: {"jsonrpc":"2.0","method":"eth_subscription","params":{"subscription":"0xbed0a0851463e895960a451075a301a9","result":"0x214a0d5f614909755880c265194cd4d383362cc15d1b3cbac3a69ec394d151aa"}}
[2m2025-12-10T10:11:14.280176Z[0m [34mDEBUG[0m [2methereum_transaction_pool_monitor::eth_client[0m[2m:[0m 📨 Received pending transaction: 0x214a0d5f614909755880c265194cd4d383362cc15d1b3cbac3a69ec394d151aa
[2m2025-12-10T10:11:14.280170Z[0m [34mDEBUG[0m [2mhyper::proto::h1::conn[0m[2m:[0m incoming body completed
[2m2025-12-10T10:11:14.280194Z[0m [34mDEBUG[0m [2mhyper::client::pool[0m[2m:[0m pooling idle connection for ("http", 192.168.0.14:8545)
[2m2025-12-10T10:11:14.287392Z[0m [34mDEBUG[0m [2mhyper::proto::h1::io[0m[2m:[0m parsed 4 headers
[2m2025-12-10T10:11:14.287398Z[0m [34mDEBUG[0m [2mhyper::proto::h1::conn[0m[2m:[0m incoming body is content-length (1286 bytes)
[2m2025-12-10T10:11:14.287404Z[0m [34mDEBUG[0m [2mhyper::proto::h1::conn[0m[2m:[0m incoming body completed
[2m2025-12-10T10:11:14.287411Z[0m [34mDEBUG[0m [2mhyper::client::pool[0m[2m:[0m pooling idle connection for ("http", 192.168.0.14:8545)
[2m2025-12-10T10:11:14.287417Z[0m [34mDEBUG[0m [2methereum_transaction_pool_monitor::eth_client[0m[2m:[0m 📡 Transaction fetch RPC completed in 7.348208ms
[2m2025-12-10T10:11:14.359292Z[0m [34mDEBUG[0m [2methereum_transaction_pool_monitor::eth_client[0m[2m:[0m ✅ Transaction 0x400f1e7fa6eda6696fa20e85ded7a0e9834ae1943f298dfd3ca968ee1d5895b4 fetched and parsed in 79.22025ms
[2m2025-12-10T10:11:14.359315Z[0m [34mDEBUG[0m [2methereum_transaction_pool_monitor::mempool_monitor[0m[2m:[0m 🔍 Skipping tx 0x400f1e7fa6eda6696fa20e85ded7a0e9834ae1943f298dfd3ca968ee1d5895b4 - not a DEX interaction (target: 0x100ae042Ef0EA159EcC3513E9A378FF21F3829ba)
[2m2025-12-10T10:11:14.359325Z[0m [34mDEBUG[0m [2methereum_transaction_pool_monitor::mempool_monitor[0m[2m:[0m 📨 Processing new pending transaction: 0xadc05672a1711182462b1a889dc5359c1130a80511086b249110eb4276b10231
[2m2025-12-10T10:11:14.359332Z[0m [34mDEBUG[0m [2methereum_transaction_pool_monitor::mempool_monitor[0m[2m:[0m 🔍 Fetching transaction details for: 0xadc05672a1711182462b1a889dc5359c1130a80511086b249110eb4276b10231
[2m2025-12-10T10:11:14.359339Z[0m [34mDEBUG[0m [2methereum_transaction_pool_monitor::eth_client[0m[2m:[0m 🔍 Fetching transaction details for hash: 0xadc05672a1711182462b1a889dc5359c1130a80511086b249110eb4276b10231
[2m2025-12-10T10:11:14.359357Z[0m [34mDEBUG[0m [2mhyper::client::pool[0m[2m:[0m reuse idle connection for ("http", 192.168.0.14:8545)
[2m2025-12-10T10:11:14.359399Z[0m [34mDEBUG[0m [2mhyper::proto::h1::io[0m[2m:[0m flushed 250 bytes
[2m2025-12-10T10:11:14.359426Z[0m [34mDEBUG[0m [2mhyper::client::pool[0m[2m:[0m reuse idle connection for ("http", 192.168.0.14:8545)
[2m2025-12-10T10:11:14.359439Z[0m [34mDEBUG[0m [2mhyper::proto::h1::io[0m[2m:[0m flushed 172 bytes
[2m2025-12-10T10:11:14.371649Z[0m [34mDEBUG[0m [2mhyper::proto::h1::io[0m[2m:[0m parsed 4 headers
[2m2025-12-10T10:11:14.371664Z[0m [34mDEBUG[0m [2mhyper::proto::h1::conn[0m[2m:[0m incoming body is content-length (45 bytes)
[2m2025-12-10T10:11:14.371672Z[0m [34mDEBUG[0m [2mhyper::proto::h1::conn[0m[2m:[0m incoming body completed
[2m2025-12-10T10:11:14.371682Z[0m [34mDEBUG[0m [2mhyper::client::pool[0m[2m:[0m pooling idle connection for ("http", 192.168.0.14:8545)
[2m2025-12-10T10:11:14.371703Z[0m [34mDEBUG[0m [2mhyper::proto::h1::io[0m[2m:[0m parsed 4 headers
[2m2025-12-10T10:11:14.371708Z[0m [34mDEBUG[0m [2mhyper::proto::h1::conn[0m[2m:[0m incoming body is content-length (830 bytes)
[2m2025-12-10T10:11:14.371714Z[0m [34mDEBUG[0m [2mhyper::proto::h1::conn[0m[2m:[0m incoming body completed
[2m2025-12-10T10:11:14.371721Z[0m [34mDEBUG[0m [2mhyper::client::pool[0m[2m:[0m pooling idle connection for ("http", 192.168.0.14:8545)
[2m2025-12-10T10:11:14.371726Z[0m [34mDEBUG[0m [2methereum_transaction_pool_monitor::eth_client[0m[2m:[0m 📡 Transaction fetch RPC completed in 12.38275ms
[2m2025-12-10T10:11:14.443735Z[0m [34mDEBUG[0m [2methereum_transaction_pool_monitor::eth_client[0m[2m:[0m ✅ Transaction 0xadc05672a1711182462b1a889dc5359c1130a80511086b249110eb4276b10231 fetched and parsed in 84.39025ms
[2m2025-12-10T10:11:14.443760Z[0m [34mDEBUG[0m [2methereum_transaction_pool_monitor::mempool_monitor[0m[2m:[0m 🔍 Skipping tx 0xadc05672a1711182462b1a889dc5359c1130a80511086b249110eb4276b10231 - not a DEX interaction (target: 0x3B4D794a66304F130a4Db8F2551B0070dfCf5ca7)
[2m2025-12-10T10:11:14.443771Z[0m [34mDEBUG[0m [2methereum_transaction_pool_monitor::mempool_monitor[0m[2m:[0m 📨 Processing new pending transaction: 0x1f59fa5dba75bef85b682b4542bac9e1db369efeca108a8aa3632b0f5ad2fb96
[2m2025-12-10T10:11:14.443778Z[0m [34mDEBUG[0m [2methereum_transaction_pool_monitor::mempool_monitor[0m[2m:[0m 🔍 Fetching transaction details for: 0x1f59fa5dba75bef85b682b4542bac9e1db369efeca108a8aa3632b0f5ad2fb96
[2m2025-12-10T10:11:14.443784Z[0m [34mDEBUG[0m [2methereum_transaction_pool_monitor::eth_client[0m[2m:[0m 🔍 Fetching transaction details for hash: 0x1f59fa5dba75bef85b682b4542bac9e1db369efeca108a8aa3632b0f5ad2fb96
[2m2025-12-10T10:11:14.443801Z[0m [34mDEBUG[0m [2mhyper::client::pool[0m[2m:[0m reuse idle connection for ("http", 192.168.0.14:8545)
[2m2025-12-10T10:11:14.443839Z[0m [34mDEBUG[0m [2mhyper::proto::h1::io[0m[2m:[0m flushed 250 bytes
[2m2025-12-10T10:11:14.443867Z[0m [34mDEBUG[0m [2mhyper::client::pool[0m[2m:[0m reuse idle connection for ("http", 192.168.0.14:8545)
[2m2025-12-10T10:11:14.443883Z[0m [34mDEBUG[0m [2mhyper::proto::h1::io[0m[2m:[0m flushed 172 bytes
[2m2025-12-10T10:11:14.449688Z[0m [34mDEBUG[0m [2mhyper::proto::h1::io[0m[2m:[0m parsed 4 headers
[2m2025-12-10T10:11:14.449698Z[0m [34mDEBUG[0m [2mhyper::proto::h1::conn[0m[2m:[0m incoming body is content-length (648 bytes)
[2m2025-12-10T10:11:14.449706Z[0m [34mDEBUG[0m [2mhyper::proto::h1::conn[0m[2m:[0m incoming body completed
[2m2025-12-10T10:11:14.449714Z[0m [34mDEBUG[0m [2mhyper::client::pool[0m[2m:[0m pooling idle connection for ("http", 192.168.0.14:8545)
[2m2025-12-10T10:11:14.449720Z[0m [34mDEBUG[0m [2methereum_transaction_pool_monitor::eth_client[0m[2m:[0m 📡 Transaction fetch RPC completed in 5.931833ms
[2m2025-12-10T10:11:14.522479Z[0m [34mDEBUG[0m [2methereum_transaction_pool_monitor::eth_client[0m[2m:[0m ✅ Transaction 0x1f59fa5dba75bef85b682b4542bac9e1db369efeca108a8aa3632b0f5ad2fb96 fetched and parsed in 78.68825ms
[2m2025-12-10T10:11:14.522509Z[0m [34mDEBUG[0m [2methereum_transaction_pool_monitor::mempool_monitor[0m[2m:[0m 🔍 Skipping tx 0x1f59fa5dba75bef85b682b4542bac9e1db369efeca108a8aa3632b0f5ad2fb96 - not a DEX interaction (target: 0xB5d495699A4e628F3EBDDA1b573cc2873afc4deB)
[2m2025-12-10T10:11:14.522524Z[0m [34mDEBUG[0m [2methereum_transaction_pool_monitor::mempool_monitor[0m[2m:[0m 📨 Processing new pending transaction: 0x214a0d5f614909755880c265194cd4d383362cc15d1b3cbac3a69ec394d151aa
[2m2025-12-10T10:11:14.522533Z[0m [34mDEBUG[0m [2methereum_transaction_pool_monitor::mempool_monitor[0m[2m:[0m 🔍 Fetching transaction details for: 0x214a0d5f614909755880c265194cd4d383362cc15d1b3cbac3a69ec394d151aa
[2m2025-12-10T10:11:14.522541Z[0m [34mDEBUG[0m [2methereum_transaction_pool_monitor::eth_client[0m[2m:[0m 🔍 Fetching transaction details for hash: 0x214a0d5f614909755880c265194cd4d383362cc15d1b3cbac3a69ec394d151aa
[2m2025-12-10T10:11:14.522564Z[0m [34mDEBUG[0m [2mhyper::client::pool[0m[2m:[0m reuse idle connection for ("http", 192.168.0.14:8545)
[2m2025-12-10T10:11:14.522605Z[0m [34mDEBUG[0m [2mhyper::proto::h1::io[0m[2m:[0m flushed 250 bytes
[2m2025-12-10T10:11:14.522622Z[0m [34mDEBUG[0m [2mhyper::proto::h1::io[0m[2m:[0m parsed 4 headers
[2m2025-12-10T10:11:14.522628Z[0m [34mDEBUG[0m [2mhyper::proto::h1::conn[0m[2m:[0m incoming body is content-length (45 bytes)
[2m2025-12-10T10:11:14.522638Z[0m [34mDEBUG[0m [2mhyper::proto::h1::conn[0m[2m:[0m incoming body completed
[2m2025-12-10T10:11:14.522647Z[0m [34mDEBUG[0m [2mhyper::client::pool[0m[2m:[0m pooling idle connection for ("http", 192.168.0.14:8545)
[2m2025-12-10T10:11:14.522662Z[0m [34mDEBUG[0m [2mhyper::client::pool[0m[2m:[0m reuse idle connection for ("http", 192.168.0.14:8545)
[2m2025-12-10T10:11:14.522678Z[0m [34mDEBUG[0m [2mhyper::proto::h1::io[0m[2m:[0m flushed 172 bytes
[2m2025-12-10T10:11:14.528546Z[0m [34mDEBUG[0m [2mhyper::proto::h1::io[0m[2m:[0m parsed 4 headers
[2m2025-12-10T10:11:14.528556Z[0m [34mDEBUG[0m [2mhyper::proto::h1::conn[0m[2m:[0m incoming body is content-length (770 bytes)
[2m2025-12-10T10:11:14.528562Z[0m [34mDEBUG[0m [2mhyper::proto::h1::conn[0m[2m:[0m incoming body completed
[2m2025-12-10T10:11:14.528570Z[0m [34mDEBUG[0m [2mhyper::client::pool[0m[2m:[0m pooling idle connection for ("http", 192.168.0.14:8545)
[2m2025-12-10T10:11:14.528576Z[0m [34mDEBUG[0m [2methereum_transaction_pool_monitor::eth_client[0m[2m:[0m 📡 Transaction fetch RPC completed in 6.0275ms
[2m2025-12-10T10:11:14.597959Z[0m [34mDEBUG[0m [2methereum_transaction_pool_monitor::eth_client[0m[2m:[0m ✅ Transaction 0x214a0d5f614909755880c265194cd4d383362cc15d1b3cbac3a69ec394d151aa fetched and parsed in 75.408ms
[2m2025-12-10T10:11:14.597984Z[0m [34mDEBUG[0m [2methereum_transaction_pool_monitor::mempool_monitor[0m[2m:[0m 🔍 Skipping tx 0x214a0d5f614909755880c265194cd4d383362cc15d1b3cbac3a69ec394d151aa - not a DEX interaction (target: 0xB8f28C60dD8240141185a192fa4156A23E189305)
[2m2025-12-10T10:11:14.598011Z[0m [34mDEBUG[0m [2methereum_transaction_pool_monitor::eth_client[0m[2m:[0m 📨 Received WebSocket message: {"jsonrpc":"2.0","method":"eth_subscription","params":{"subscription":"0xbed0a0851463e895960a451075a301a9","result":"0xc9bb9cbe7e85f429b7a13b9ab7378d99ad6b3e48ff0f88a32c3d6e751c0fa8e0"}}
[2m2025-12-10T10:11:14.598020Z[0m [34mDEBUG[0m [2methereum_transaction_pool_monitor::eth_client[0m[2m:[0m 📨 Received pending transaction: 0xc9bb9cbe7e85f429b7a13b9ab7378d99ad6b3e48ff0f88a32c3d6e751c0fa8e0
[2m2025-12-10T10:11:14.598030Z[0m [34mDEBUG[0m [2methereum_transaction_pool_monitor::mempool_monitor[0m[2m:[0m 📨 Processing new pending transaction: 0xc9bb9cbe7e85f429b7a13b9ab7378d99ad6b3e48ff0f88a32c3d6e751c0fa8e0
[2m2025-12-10T10:11:14.598037Z[0m [34mDEBUG[0m [2methereum_transaction_pool_monitor::mempool_monitor[0m[2m:[0m 🔍 Fetching transaction details for: 0xc9bb9cbe7e85f429b7a13b9ab7378d99ad6b3e48ff0f88a32c3d6e751c0fa8e0
[2m2025-12-10T10:11:14.598044Z[0m [34mDEBUG[0m [2methereum_transaction_pool_monitor::eth_client[0m[2m:[0m 🔍 Fetching transaction details for hash: 0xc9bb9cbe7e85f429b7a13b9ab7378d99ad6b3e48ff0f88a32c3d6e751c0fa8e0
[2m2025-12-10T10:11:14.598061Z[0m [34mDEBUG[0m [2mhyper::client::pool[0m[2m:[0m reuse idle connection for ("http", 192.168.0.14:8545)
[2m2025-12-10T10:11:14.598087Z[0m [34mDEBUG[0m [2mhyper::proto::h1::io[0m[2m:[0m parsed 4 headers
[2m2025-12-10T10:11:14.598099Z[0m [34mDEBUG[0m [2mhyper::proto::h1::conn[0m[2m:[0m incoming body is content-length (45 bytes)
[2m2025-12-10T10:11:14.598101Z[0m [34mDEBUG[0m [2mhyper::proto::h1::io[0m[2m:[0m flushed 250 bytes
[2m2025-12-10T10:11:14.598111Z[0m [34mDEBUG[0m [2mhyper::proto::h1::conn[0m[2m:[0m incoming body completed
[2m2025-12-10T10:11:14.598132Z[0m [34mDEBUG[0m [2mhyper::client::pool[0m[2m:[0m pooling idle connection for ("http", 192.168.0.14:8545)
[2m2025-12-10T10:11:14.598148Z[0m [34mDEBUG[0m [2mhyper::client::pool[0m[2m:[0m reuse idle connection for ("http", 192.168.0.14:8545)
[2m2025-12-10T10:11:14.598163Z[0m [34mDEBUG[0m [2mhyper::proto::h1::io[0m[2m:[0m flushed 172 bytes
[2m2025-12-10T10:11:14.604370Z[0m [34mDEBUG[0m [2mhyper::proto::h1::io[0m[2m:[0m parsed 4 headers
[2m2025-12-10T10:11:14.604381Z[0m [34mDEBUG[0m [2mhyper::proto::h1::conn[0m[2m:[0m incoming body is content-length (1038 bytes)
[2m2025-12-10T10:11:14.604387Z[0m [34mDEBUG[0m [2mhyper::proto::h1::conn[0m[2m:[0m incoming body completed
[2m2025-12-10T10:11:14.604395Z[0m [34mDEBUG[0m [2mhyper::client::pool[0m[2m:[0m pooling idle connection for ("http", 192.168.0.14:8545)
[2m2025-12-10T10:11:14.604401Z[0m [34mDEBUG[0m [2methereum_transaction_pool_monitor::eth_client[0m[2m:[0m 📡 Transaction fetch RPC completed in 6.351209ms
[2m2025-12-10T10:11:14.675488Z[0m [34mDEBUG[0m [2methereum_transaction_pool_monitor::eth_client[0m[2m:[0m ✅ Transaction 0xc9bb9cbe7e85f429b7a13b9ab7378d99ad6b3e48ff0f88a32c3d6e751c0fa8e0 fetched and parsed in 77.435875ms
[2m2025-12-10T10:11:14.675516Z[0m [34mDEBUG[0m [2methereum_transaction_pool_monitor::mempool_monitor[0m[2m:[0m 🔍 Skipping tx 0xc9bb9cbe7e85f429b7a13b9ab7378d99ad6b3e48ff0f88a32c3d6e751c0fa8e0 - not a DEX interaction (target: 0xC3898EA7E322B3CDC92D65CFe5a34808b7338236)
[2m2025-12-10T10:11:14.675762Z[0m [34mDEBUG[0m [2mhyper::proto::h1::io[0m[2m:[0m parsed 4 headers
[2m2025-12-10T10:11:14.675770Z[0m [34mDEBUG[0m [2mhyper::proto::h1::conn[0m[2m:[0m incoming body is content-length (45 bytes)
[2m2025-12-10T10:11:14.675779Z[0m [34mDEBUG[0m [2mhyper::proto::h1::conn[0m[2m:[0m incoming body completed
[2m2025-12-10T10:11:14.675788Z[0m [34mDEBUG[0m [2mhyper::client::pool[0m[2m:[0m pooling idle connection for ("http", 192.168.0.14:8545)
[2m2025-12-10T10:11:14.683651Z[0m [34mDEBUG[0m [2methereum_transaction_pool_monitor::eth_client[0m[2m:[0m 📨 Received WebSocket message: {"jsonrpc":"2.0","method":"eth_subscription","params":{"subscription":"0xbed0a0851463e895960a451075a301a9","result":"0xe7884f6903749b09d137e82c9560d3083826fbd89cdcf5450f2afb92ee626e44"}}
[2m2025-12-10T10:11:14.683673Z[0m [34mDEBUG[0m [2methereum_transaction_pool_monitor::eth_client[0m[2m:[0m 📨 Received pending transaction: 0xe7884f6903749b09d137e82c9560d3083826fbd89cdcf5450f2afb92ee626e44
[2m2025-12-10T10:11:14.683681Z[0m [34mDEBUG[0m [2methereum_transaction_pool_monitor::eth_client[0m[2m:[0m 📨 Received WebSocket message: {"jsonrpc":"2.0","method":"eth_subscription","params":{"subscription":"0xbed0a0851463e895960a451075a301a9","result":"0x839864dc04cf6aa47c7f053acd0c813ba745c1b75f6396a69c405150ae774847"}}
[2m2025-12-10T10:11:14.683688Z[0m [34mDEBUG[0m [2methereum_transaction_pool_monitor::eth_client[0m[2m:[0m 📨 Received pending transaction: 0x839864dc04cf6aa47c7f053acd0c813ba745c1b75f6396a69c405150ae774847
[2m2025-12-10T10:11:14.683694Z[0m [34mDEBUG[0m [2methereum_transaction_pool_monitor::eth_client[0m[2m:[0m 📨 Received WebSocket message: {"jsonrpc":"2.0","method":"eth_subscription","params":{"subscription":"0xbed0a0851463e895960a451075a301a9","result":"0x97b43b1db79d4ac0291110184b5e8faeece37045bc98f8f155d5435c7a4c1d6e"}}
[2m2025-12-10T10:11:14.683701Z[0m [34mDEBUG[0m [2methereum_transaction_pool_monitor::eth_client[0m[2m:[0m 📨 Received pending transaction: 0x97b43b1db79d4ac0291110184b5e8faeece37045bc98f8f155d5435c7a4c1d6e
[2m2025-12-10T10:11:14.683706Z[0m [34mDEBUG[0m [2methereum_transaction_pool_monitor::eth_client[0m[2m:[0m 📨 Received WebSocket message: {"jsonrpc":"2.0","method":"eth_subscription","params":{"subscription":"0xbed0a0851463e895960a451075a301a9","result":"0xae29d3b9038378b1419c9ef22b61a3bc473dc72b396641a2ed30278ec0d3438b"}}
[2m2025-12-10T10:11:14.683713Z[0m [34mDEBUG[0m [2methereum_transaction_pool_monitor::eth_client[0m[2m:[0m 📨 Received pending transaction: 0xae29d3b9038378b1419c9ef22b61a3bc473dc72b396641a2ed30278ec0d3438b
[2m2025-12-10T10:11:14.683718Z[0m [34mDEBUG[0m [2methereum_transaction_pool_monitor::eth_client[0m[2m:[0m 📨 Received WebSocket message: {"jsonrpc":"2.0","method":"eth_subscription","params":{"subscription":"0xbed0a0851463e895960a451075a301a9","result":"0xa56a9c04fa3f80bd4d43f82fdae5d9d74ad3ce105b5e007982cb8e0ceba6580b"}}
[2m2025-12-10T10:11:14.683725Z[0m [34mDEBUG[0m [2methereum_transaction_pool_monitor::eth_client[0m[2m:[0m 📨 Received pending transaction: 0xa56a9c04fa3f80bd4d43f82fdae5d9d74ad3ce105b5e007982cb8e0ceba6580b
[2m2025-12-10T10:11:14.683730Z[0m [34mDEBUG[0m [2methereum_transaction_pool_monitor::eth_client[0m[2m:[0m 📨 Received WebSocket message: {"jsonrpc":"2.0","method":"eth_subscription","params":{"subscription":"0xbed0a0851463e895960a451075a301a9","result":"0x8577f7cd3a8000b25ab6fc56ce4b75ab6181a1c139dc8e5bb60f6e5f995536b7"}}
[2m2025-12-10T10:11:14.683737Z[0m [34mDEBUG[0m [2methereum_transaction_pool_monitor::eth_client[0m[2m:[0m 📨 Received pending transaction: 0x8577f7cd3a8000b25ab6fc56ce4b75ab6181a1c139dc8e5bb60f6e5f995536b7
[2m2025-12-10T10:11:14.683741Z[0m [34mDEBUG[0m [2methereum_transaction_pool_monitor::eth_client[0m[2m:[0m 📨 Received WebSocket message: {"jsonrpc":"2.0","method":"eth_subscription","params":{"subscription":"0xbed0a0851463e895960a451075a301a9","result":"0xbc637d5e9ba7f8bf635e444dc6c2e460a80ff4c0560b5e697951b764a2897def"}}
[2m2025-12-10T10:11:14.683745Z[0m [34mDEBUG[0m [2methereum_transaction_pool_monitor::eth_client[0m[2m:[0m 📨 Received pending transaction: 0xbc637d5e9ba7f8bf635e444dc6c2e460a80ff4c0560b5e697951b764a2897def
[2m2025-12-10T10:11:14.683752Z[0m [34mDEBUG[0m [2methereum_transaction_pool_monitor::mempool_monitor[0m[2m:[0m 📨 Processing new pending transaction: 0xe7884f6903749b09d137e82c9560d3083826fbd89cdcf5450f2afb92ee626e44
[2m2025-12-10T10:11:14.683756Z[0m [34mDEBUG[0m [2methereum_transaction_pool_monitor::mempool_monitor[0m[2m:[0m 🔍 Fetching transaction details for: 0xe7884f6903749b09d137e82c9560d3083826fbd89cdcf5450f2afb92ee626e44
[2m2025-12-10T10:11:14.683761Z[0m [34mDEBUG[0m [2methereum_transaction_pool_monitor::eth_client[0m[2m:[0m 🔍 Fetching transaction details for hash: 0xe7884f6903749b09d137e82c9560d3083826fbd89cdcf5450f2afb92ee626e44
[2m2025-12-10T10:11:14.683776Z[0m [34mDEBUG[0m [2mhyper::client::pool[0m[2m:[0m reuse idle connection for ("http", 192.168.0.14:8545)
[2m2025-12-10T10:11:14.683796Z[0m [34mDEBUG[0m [2mhyper::proto::h1::io[0m[2m:[0m flushed 250 bytes
[2m2025-12-10T10:11:14.689043Z[0m [34mDEBUG[0m [2mhyper::proto::h1::io[0m[2m:[0m parsed 4 headers
[2m2025-12-10T10:11:14.689057Z[0m [34mDEBUG[0m [2mhyper::proto::h1::conn[0m[2m:[0m incoming body is content-length (677 bytes)
[2m2025-12-10T10:11:14.689064Z[0m [34mDEBUG[0m [2mhyper::proto::h1::conn[0m[2m:[0m incoming body completed
[2m2025-12-10T10:11:14.689073Z[0m [34mDEBUG[0m [2mhyper::client::pool[0m[2m:[0m pooling idle connection for ("http", 192.168.0.14:8545)
[2m2025-12-10T10:11:14.689079Z[0m [34mDEBUG[0m [2methereum_transaction_pool_monitor::eth_client[0m[2m:[0m 📡 Transaction fetch RPC completed in 5.314916ms
[2m2025-12-10T10:11:14.757265Z[0m [34mDEBUG[0m [2methereum_transaction_pool_monitor::eth_client[0m[2m:[0m ✅ Transaction 0xe7884f6903749b09d137e82c9560d3083826fbd89cdcf5450f2afb92ee626e44 fetched and parsed in 73.498416ms
[2m2025-12-10T10:11:14.757288Z[0m [34mDEBUG[0m [2methereum_transaction_pool_monitor::mempool_monitor[0m[2m:[0m 🔍 Skipping tx 0xe7884f6903749b09d137e82c9560d3083826fbd89cdcf5450f2afb92ee626e44 - not a DEX interaction (target: 0x8762db106B2c2A0bccB3A80d1Ed41273552616E8)
[2m2025-12-10T10:11:14.757298Z[0m [34mDEBUG[0m [2methereum_transaction_pool_monitor::mempool_monitor[0m[2m:[0m 📨 Processing new pending transaction: 0x839864dc04cf6aa47c7f053acd0c813ba745c1b75f6396a69c405150ae774847
[2m2025-12-10T10:11:14.757303Z[0m [34mDEBUG[0m [2methereum_transaction_pool_monitor::mempool_monitor[0m[2m:[0m 🔍 Fetching transaction details for: 0x839864dc04cf6aa47c7f053acd0c813ba745c1b75f6396a69c405150ae774847
[2m2025-12-10T10:11:14.757307Z[0m [34mDEBUG[0m [2methereum_transaction_pool_monitor::eth_client[0m[2m:[0m 🔍 Fetching transaction details for hash: 0x839864dc04cf6aa47c7f053acd0c813ba745c1b75f6396a69c405150ae774847
[2m2025-12-10T10:11:14.757328Z[0m [34mDEBUG[0m [2mhyper::client::pool[0m[2m:[0m reuse idle connection for ("http", 192.168.0.14:8545)
[2m2025-12-10T10:11:14.757373Z[0m [34mDEBUG[0m [2mhyper::proto::h1::io[0m[2m:[0m flushed 250 bytes
[2m2025-12-10T10:11:14.757400Z[0m [34mDEBUG[0m [2mhyper::client::pool[0m[2m:[0m reuse idle connection for ("http", 192.168.0.14:8545)
[2m2025-12-10T10:11:14.757413Z[0m [34mDEBUG[0m [2mhyper::proto::h1::io[0m[2m:[0m flushed 172 bytes
[2m2025-12-10T10:11:14.765236Z[0m [34mDEBUG[0m [2mhyper::proto::h1::io[0m[2m:[0m parsed 4 headers
[2m2025-12-10T10:11:14.765248Z[0m [34mDEBUG[0m [2mhyper::proto::h1::io[0m[2m:[0m parsed 4 headers
[2m2025-12-10T10:11:14.765275Z[0m [34mDEBUG[0m [2mhyper::proto::h1::conn[0m[2m:[0m incoming body is content-length (1345 bytes)
[2m2025-12-10T10:11:14.765263Z[0m [34mDEBUG[0m [2mhyper::proto::h1::conn[0m[2m:[0m incoming body is content-length (45 bytes)
[2m2025-12-10T10:11:14.765297Z[0m [34mDEBUG[0m [2mhyper::proto::h1::conn[0m[2m:[0m incoming body completed
[2m2025-12-10T10:11:14.765341Z[0m [34mDEBUG[0m [2mhyper::proto::h1::conn[0m[2m:[0m incoming body completed
[2m2025-12-10T10:11:14.765352Z[0m [34mDEBUG[0m [2mhyper::client::pool[0m[2m:[0m pooling idle connection for ("http", 192.168.0.14:8545)
[2m2025-12-10T10:11:14.765352Z[0m [34mDEBUG[0m [2mhyper::client::pool[0m[2m:[0m pooling idle connection for ("http", 192.168.0.14:8545)
[2m2025-12-10T10:11:14.765370Z[0m [34mDEBUG[0m [2methereum_transaction_pool_monitor::eth_client[0m[2m:[0m 📡 Transaction fetch RPC completed in 8.058584ms
[2m2025-12-10T10:11:14.794008Z[0m [34mDEBUG[0m [2methereum_transaction_pool_monitor::eth_client[0m[2m:[0m 📨 Received WebSocket message: {"jsonrpc":"2.0","method":"eth_subscription","params":{"subscription":"0xbed0a0851463e895960a451075a301a9","result":"0x4a0fecf1f484a719be7b16e7e026e358a9657f8d14c6d48d5ce1a638024eefc9"}}
[2m2025-12-10T10:11:14.794026Z[0m [34mDEBUG[0m [2methereum_transaction_pool_monitor::eth_client[0m[2m:[0m 📨 Received pending transaction: 0x4a0fecf1f484a719be7b16e7e026e358a9657f8d14c6d48d5ce1a638024eefc9
[2m2025-12-10T10:11:14.797812Z[0m [34mDEBUG[0m [2mhyper::client::pool[0m[2m:[0m reuse idle connection for ("http", 192.168.0.14:8545)
[2m2025-12-10T10:11:14.797864Z[0m [34mDEBUG[0m [2mhyper::proto::h1::io[0m[2m:[0m flushed 172 bytes
[2m2025-12-10T10:11:14.800373Z[0m [34mDEBUG[0m [2mhyper::proto::h1::io[0m[2m:[0m parsed 4 headers
[2m2025-12-10T10:11:14.800385Z[0m [34mDEBUG[0m [2mhyper::proto::h1::conn[0m[2m:[0m incoming body is content-length (45 bytes)
[2m2025-12-10T10:11:14.800392Z[0m [34mDEBUG[0m [2mhyper::proto::h1::conn[0m[2m:[0m incoming body completed
[2m2025-12-10T10:11:14.800402Z[0m [34mDEBUG[0m [2mhyper::client::pool[0m[2m:[0m pooling idle connection for ("http", 192.168.0.14:8545)
[2m2025-12-10T10:11:14.814594Z[0m [34mDEBUG[0m [2methereum_transaction_pool_monitor::eth_client[0m[2m:[0m 📨 Received WebSocket message: {"jsonrpc":"2.0","method":"eth_subscription","params":{"subscription":"0xbed0a0851463e895960a451075a301a9","result":"0x533e5c9b7d4c40728211880376f67df3bd250a51c5c7f987979c0c56ca0c2013"}}
[2m2025-12-10T10:11:14.814618Z[0m [34mDEBUG[0m [2methereum_transaction_pool_monitor::eth_client[0m[2m:[0m 📨 Received pending transaction: 0x533e5c9b7d4c40728211880376f67df3bd250a51c5c7f987979c0c56ca0c2013
[2m2025-12-10T10:11:14.837382Z[0m [34mDEBUG[0m [2methereum_transaction_pool_monitor::eth_client[0m[2m:[0m ✅ Transaction 0x839864dc04cf6aa47c7f053acd0c813ba745c1b75f6396a69c405150ae774847 fetched and parsed in 80.068542ms
[2m2025-12-10T10:11:14.837407Z[0m [34mDEBUG[0m [2methereum_transaction_pool_monitor::mempool_monitor[0m[2m:[0m 🔍 Skipping tx 0x839864dc04cf6aa47c7f053acd0c813ba745c1b75f6396a69c405150ae774847 - not a DEX interaction (target: 0xcA11bde05977b3631167028862bE2a173976CA11)
[2m2025-12-10T10:11:14.837417Z[0m [34mDEBUG[0m [2methereum_transaction_pool_monitor::mempool_monitor[0m[2m:[0m 📨 Processing new pending transaction: 0x97b43b1db79d4ac0291110184b5e8faeece37045bc98f8f155d5435c7a4c1d6e
[2m2025-12-10T10:11:14.837425Z[0m [34mDEBUG[0m [2methereum_transaction_pool_monitor::mempool_monitor[0m[2m:[0m 🔍 Fetching transaction details for: 0x97b43b1db79d4ac0291110184b5e8faeece37045bc98f8f155d5435c7a4c1d6e
[2m2025-12-10T10:11:14.837431Z[0m [34mDEBUG[0m [2methereum_transaction_pool_monitor::eth_client[0m[2m:[0m 🔍 Fetching transaction details for hash: 0x97b43b1db79d4ac0291110184b5e8faeece37045bc98f8f155d5435c7a4c1d6e
[2m2025-12-10T10:11:14.837449Z[0m [34mDEBUG[0m [2mhyper::client::pool[0m[2m:[0m reuse idle connection for ("http", 192.168.0.14:8545)
[2m2025-12-10T10:11:14.837490Z[0m [34mDEBUG[0m [2mhyper::proto::h1::io[0m[2m:[0m flushed 250 bytes
[2m2025-12-10T10:11:14.842663Z[0m [34mDEBUG[0m [2mhyper::proto::h1::io[0m[2m:[0m parsed 4 headers
[2m2025-12-10T10:11:14.842670Z[0m [34mDEBUG[0m [2mhyper::proto::h1::conn[0m[2m:[0m incoming body is content-length (541 bytes)
[2m2025-12-10T10:11:14.842678Z[0m [34mDEBUG[0m [2mhyper::proto::h1::conn[0m[2m:[0m incoming body completed
[2m2025-12-10T10:11:14.842686Z[0m [34mDEBUG[0m [2mhyper::client::pool[0m[2m:[0m pooling idle connection for ("http", 192.168.0.14:8545)
[2m2025-12-10T10:11:14.842692Z[0m [34mDEBUG[0m [2methereum_transaction_pool_monitor::eth_client[0m[2m:[0m 📡 Transaction fetch RPC completed in 5.25675ms
[2m2025-12-10T10:11:14.913140Z[0m [34mDEBUG[0m [2methereum_transaction_pool_monitor::eth_client[0m[2m:[0m ✅ Transaction 0x97b43b1db79d4ac0291110184b5e8faeece37045bc98f8f155d5435c7a4c1d6e fetched and parsed in 75.702667ms
[2m2025-12-10T10:11:14.913165Z[0m [34mDEBUG[0m [2methereum_transaction_pool_monitor::mempool_monitor[0m[2m:[0m 🔍 Skipping tx 0x97b43b1db79d4ac0291110184b5e8faeece37045bc98f8f155d5435c7a4c1d6e - not a DEX interaction (target: 0xCacD243329Dc326AC74050E4Dd1ccb0C102C295F)
[2m2025-12-10T10:11:14.913176Z[0m [34mDEBUG[0m [2methereum_transaction_pool_monitor::mempool_monitor[0m[2m:[0m 📨 Processing new pending transaction: 0xae29d3b9038378b1419c9ef22b61a3bc473dc72b396641a2ed30278ec0d3438b
[2m2025-12-10T10:11:14.913182Z[0m [34mDEBUG[0m [2methereum_transaction_pool_monitor::mempool_monitor[0m[2m:[0m 🔍 Fetching transaction details for: 0xae29d3b9038378b1419c9ef22b61a3bc473dc72b396641a2ed30278ec0d3438b
[2m2025-12-10T10:11:14.913189Z[0m [34mDEBUG[0m [2methereum_transaction_pool_monitor::eth_client[0m[2m:[0m 🔍 Fetching transaction details for hash: 0xae29d3b9038378b1419c9ef22b61a3bc473dc72b396641a2ed30278ec0d3438b
[2m2025-12-10T10:11:14.913208Z[0m [34mDEBUG[0m [2mhyper::client::pool[0m[2m:[0m reuse idle connection for ("http", 192.168.0.14:8545)
[2m2025-12-10T10:11:14.913247Z[0m [34mDEBUG[0m [2mhyper::proto::h1::io[0m[2m:[0m flushed 250 bytes
[2m2025-12-10T10:11:14.913266Z[0m [34mDEBUG[0m [2mhyper::client::pool[0m[2m:[0m reuse idle connection for ("http", 192.168.0.14:8545)
[2m2025-12-10T10:11:14.913272Z[0m [34mDEBUG[0m [2methereum_transaction_pool_monitor::eth_client[0m[2m:[0m 📨 Received WebSocket message: {"jsonrpc":"2.0","method":"eth_subscription","params":{"subscription":"0xbed0a0851463e895960a451075a301a9","result":"0xd8a76bac87206c6be3ff6258149459bf65d83a9aac25e7fe4aaa7f3f06f8bc06"}}
[2m2025-12-10T10:11:14.913282Z[0m [34mDEBUG[0m [2mhyper::proto::h1::io[0m[2m:[0m flushed 172 bytes
[2m2025-12-10T10:11:14.913282Z[0m [34mDEBUG[0m [2methereum_transaction_pool_monitor::eth_client[0m[2m:[0m 📨 Received pending transaction: 0xd8a76bac87206c6be3ff6258149459bf65d83a9aac25e7fe4aaa7f3f06f8bc06
[2m2025-12-10T10:11:14.913302Z[0m [34mDEBUG[0m [2methereum_transaction_pool_monitor::eth_client[0m[2m:[0m 📨 Received WebSocket message: {"jsonrpc":"2.0","method":"eth_subscription","params":{"subscription":"0xbed0a0851463e895960a451075a301a9","result":"0x1a15456facbe4fea519eab87948a15d78a571bc53223d689e219afc65bbdb0ac"}}
[2m2025-12-10T10:11:14.913311Z[0m [34mDEBUG[0m [2methereum_transaction_pool_monitor::eth_client[0m[2m:[0m 📨 Received pending transaction: 0x1a15456facbe4fea519eab87948a15d78a571bc53223d689e219afc65bbdb0ac
[2m2025-12-10T10:11:14.918130Z[0m [34mDEBUG[0m [2mhyper::proto::h1::io[0m[2m:[0m parsed 4 headers
[2m2025-12-10T10:11:14.918153Z[0m [34mDEBUG[0m [2mhyper::proto::h1::conn[0m[2m:[0m incoming body is content-length (45 bytes)
[2m2025-12-10T10:11:14.918182Z[0m [34mDEBUG[0m [2mhyper::proto::h1::conn[0m[2m:[0m incoming body completed
[2m2025-12-10T10:11:14.918220Z[0m [34mDEBUG[0m [2mhyper::client::pool[0m[2m:[0m pooling idle connection for ("http", 192.168.0.14:8545)
[2m2025-12-10T10:11:14.919235Z[0m [34mDEBUG[0m [2mhyper::proto::h1::io[0m[2m:[0m parsed 4 headers
[2m2025-12-10T10:11:14.919268Z[0m [34mDEBUG[0m [2mhyper::proto::h1::conn[0m[2m:[0m incoming body is content-length (1251 bytes)
[2m2025-12-10T10:11:14.919652Z[0m [34mDEBUG[0m [2mhyper::proto::h1::conn[0m[2m:[0m incoming body completed
[2m2025-12-10T10:11:14.919665Z[0m [34mDEBUG[0m [2mhyper::client::pool[0m[2m:[0m pooling idle connection for ("http", 192.168.0.14:8545)
[2m2025-12-10T10:11:14.919671Z[0m [34mDEBUG[0m [2methereum_transaction_pool_monitor::eth_client[0m[2m:[0m 📡 Transaction fetch RPC completed in 6.477375ms
[2m2025-12-10T10:11:14.991177Z[0m [34mDEBUG[0m [2methereum_transaction_pool_monitor::eth_client[0m[2m:[0m ✅ Transaction 0xae29d3b9038378b1419c9ef22b61a3bc473dc72b396641a2ed30278ec0d3438b fetched and parsed in 77.982ms
[2m2025-12-10T10:11:14.991206Z[0m [34mDEBUG[0m [2methereum_transaction_pool_monitor::mempool_monitor[0m[2m:[0m 🔍 Skipping tx 0xae29d3b9038378b1419c9ef22b61a3bc473dc72b396641a2ed30278ec0d3438b - not a DEX interaction (target: 0x9F954Ca511ea6C453FC743D0d9b8FbF17e7D86c0)
[2m2025-12-10T10:11:14.991219Z[0m [34mDEBUG[0m [2methereum_transaction_pool_monitor::mempool_monitor[0m[2m:[0m 📨 Processing new pending transaction: 0xa56a9c04fa3f80bd4d43f82fdae5d9d74ad3ce105b5e007982cb8e0ceba6580b
[2m2025-12-10T10:11:14.991225Z[0m [34mDEBUG[0m [2methereum_transaction_pool_monitor::mempool_monitor[0m[2m:[0m 🔍 Fetching transaction details for: 0xa56a9c04fa3f80bd4d43f82fdae5d9d74ad3ce105b5e007982cb8e0ceba6580b
[2m2025-12-10T10:11:14.991233Z[0m [34mDEBUG[0m [2methereum_transaction_pool_monitor::eth_client[0m[2m:[0m 🔍 Fetching transaction details for hash: 0xa56a9c04fa3f80bd4d43f82fdae5d9d74ad3ce105b5e007982cb8e0ceba6580b
[2m2025-12-10T10:11:14.991255Z[0m [34mDEBUG[0m [2mhyper::client::pool[0m[2m:[0m reuse idle connection for ("http", 192.168.0.14:8545)
[2m2025-12-10T10:11:14.991302Z[0m [34mDEBUG[0m [2mhyper::proto::h1::io[0m[2m:[0m flushed 250 bytes
[2m2025-12-10T10:11:14.997334Z[0m [34mDEBUG[0m [2mhyper::client::pool[0m[2m:[0m reuse idle connection for ("http", 192.168.0.14:8545)
[2m2025-12-10T10:11:14.997352Z[0m [34mDEBUG[0m [2methereum_transaction_pool_monitor::eth_client[0m[2m:[0m 📨 Received WebSocket message: {"jsonrpc":"2.0","method":"eth_subscription","params":{"subscription":"0xbed0a0851463e895960a451075a301a9","result":"0x7f8408e69494cbc68c560af7953f47acfc2ebd3f1f9beb1652a327c2353de309"}}
[2m2025-12-10T10:11:14.997373Z[0m [34mDEBUG[0m [2methereum_transaction_pool_monitor::eth_client[0m[2m:[0m 📨 Received pending transaction: 0x7f8408e69494cbc68c560af7953f47acfc2ebd3f1f9beb1652a327c2353de309
[2m2025-12-10T10:11:14.997377Z[0m [34mDEBUG[0m [2mhyper::proto::h1::io[0m[2m:[0m flushed 172 bytes
[2m2025-12-10T10:11:15.007344Z[0m [34mDEBUG[0m [2mhyper::proto::h1::io[0m[2m:[0m parsed 4 headers
[2m2025-12-10T10:11:15.007383Z[0m [34mDEBUG[0m [2mhyper::proto::h1::conn[0m[2m:[0m incoming body is content-length (724 bytes)
[2m2025-12-10T10:11:15.007393Z[0m [34mDEBUG[0m [2mhyper::proto::h1::conn[0m[2m:[0m incoming body completed
[2m2025-12-10T10:11:15.007403Z[0m [34mDEBUG[0m [2mhyper::client::pool[0m[2m:[0m pooling idle connection for ("http", 192.168.0.14:8545)
[2m2025-12-10T10:11:15.007409Z[0m [34mDEBUG[0m [2methereum_transaction_pool_monitor::eth_client[0m[2m:[0m 📡 Transaction fetch RPC completed in 16.167375ms
[2m2025-12-10T10:11:15.079221Z[0m [34mDEBUG[0m [2methereum_transaction_pool_monitor::eth_client[0m[2m:[0m ✅ Transaction 0xa56a9c04fa3f80bd4d43f82fdae5d9d74ad3ce105b5e007982cb8e0ceba6580b fetched and parsed in 87.976917ms
[2m2025-12-10T10:11:15.079247Z[0m [34mDEBUG[0m [2methereum_transaction_pool_monitor::mempool_monitor[0m[2m:[0m 🔍 Skipping tx 0xa56a9c04fa3f80bd4d43f82fdae5d9d74ad3ce105b5e007982cb8e0ceba6580b - not a DEX interaction (target: 0xA0b86991c6218b36c1d19D4a2e9Eb0cE3606eB48)
[2m2025-12-10T10:11:15.079257Z[0m [34mDEBUG[0m [2methereum_transaction_pool_monitor::mempool_monitor[0m[2m:[0m 📨 Processing new pending transaction: 0x8577f7cd3a8000b25ab6fc56ce4b75ab6181a1c139dc8e5bb60f6e5f995536b7
[2m2025-12-10T10:11:15.079264Z[0m [34mDEBUG[0m [2methereum_transaction_pool_monitor::mempool_monitor[0m[2m:[0m 🔍 Fetching transaction details for: 0x8577f7cd3a8000b25ab6fc56ce4b75ab6181a1c139dc8e5bb60f6e5f995536b7
[2m2025-12-10T10:11:15.079270Z[0m [34mDEBUG[0m [2methereum_transaction_pool_monitor::eth_client[0m[2m:[0m 🔍 Fetching transaction details for hash: 0x8577f7cd3a8000b25ab6fc56ce4b75ab6181a1c139dc8e5bb60f6e5f995536b7
[2m2025-12-10T10:11:15.079287Z[0m [34mDEBUG[0m [2mhyper::client::pool[0m[2m:[0m reuse idle connection for ("http", 192.168.0.14:8545)
[2m2025-12-10T10:11:15.079327Z[0m [34mDEBUG[0m [2mhyper::proto::h1::io[0m[2m:[0m flushed 250 bytes
[2m2025-12-10T10:11:15.079344Z[0m [34mDEBUG[0m [2mhyper::proto::h1::io[0m[2m:[0m parsed 4 headers
[2m2025-12-10T10:11:15.079348Z[0m [34mDEBUG[0m [2mhyper::proto::h1::conn[0m[2m:[0m incoming body is content-length (45 bytes)
[2m2025-12-10T10:11:15.079354Z[0m [34mDEBUG[0m [2mhyper::proto::h1::conn[0m[2m:[0m incoming body completed
[2m2025-12-10T10:11:15.079361Z[0m [34mDEBUG[0m [2mhyper::client::pool[0m[2m:[0m pooling idle connection for ("http", 192.168.0.14:8545)
[2m2025-12-10T10:11:15.087573Z[0m [34mDEBUG[0m [2mhyper::proto::h1::io[0m[2m:[0m parsed 4 headers
[2m2025-12-10T10:11:15.087595Z[0m [34mDEBUG[0m [2mhyper::proto::h1::conn[0m[2m:[0m incoming body is content-length (1601 bytes)
[2m2025-12-10T10:11:15.087625Z[0m [34mDEBUG[0m [2methereum_transaction_pool_monitor::eth_client[0m[2m:[0m 📡 Transaction fetch RPC completed in 8.350208ms
[2m2025-12-10T10:11:15.088364Z[0m [34mDEBUG[0m [2mhyper::proto::h1::conn[0m[2m:[0m incoming body completed
[2m2025-12-10T10:11:15.088395Z[0m [34mDEBUG[0m [2mhyper::client::pool[0m[2m:[0m pooling idle connection for ("http", 192.168.0.14:8545)
[2m2025-12-10T10:11:15.099326Z[0m [34mDEBUG[0m [2mhyper::client::pool[0m[2m:[0m reuse idle connection for ("http", 192.168.0.14:8545)
[2m2025-12-10T10:11:15.099357Z[0m [34mDEBUG[0m [2mhyper::proto::h1::io[0m[2m:[0m flushed 172 bytes
[2m2025-12-10T10:11:15.103234Z[0m [34mDEBUG[0m [2mhyper::proto::h1::io[0m[2m:[0m parsed 4 headers
[2m2025-12-10T10:11:15.103240Z[0m [34mDEBUG[0m [2mhyper::proto::h1::conn[0m[2m:[0m incoming body is content-length (45 bytes)
[2m2025-12-10T10:11:15.103247Z[0m [34mDEBUG[0m [2mhyper::proto::h1::conn[0m[2m:[0m incoming body completed
[2m2025-12-10T10:11:15.103255Z[0m [34mDEBUG[0m [2mhyper::client::pool[0m[2m:[0m pooling idle connection for ("http", 192.168.0.14:8545)
[2m2025-12-10T10:11:15.123746Z[0m [34mDEBUG[0m [2methereum_transaction_pool_monitor::eth_client[0m[2m:[0m 📨 Received WebSocket message: {"jsonrpc":"2.0","method":"eth_subscription","params":{"subscription":"0xbed0a0851463e895960a451075a301a9","result":"0x3d669cff57af07fc1fdbc77957b161998bcfa66a48a9322f63a6a6ae3e7a2d33"}}
[2m2025-12-10T10:11:15.123767Z[0m [34mDEBUG[0m [2methereum_transaction_pool_monitor::eth_client[0m[2m:[0m 📨 Received pending transaction: 0x3d669cff57af07fc1fdbc77957b161998bcfa66a48a9322f63a6a6ae3e7a2d33
[2m2025-12-10T10:11:15.156270Z[0m [34mDEBUG[0m [2methereum_transaction_pool_monitor::eth_client[0m[2m:[0m 📨 Received WebSocket message: {"jsonrpc":"2.0","method":"eth_subscription","params":{"subscription":"0xbed0a0851463e895960a451075a301a9","result":"0x0f8a7675bf58f8251049da8348fe30cfea99890694273f1c07c6ee923bb70e0e"}}
[2m2025-12-10T10:11:15.156515Z[0m [34mDEBUG[0m [2methereum_transaction_pool_monitor::eth_client[0m[2m:[0m 📨 Received pending transaction: 0x0f8a7675bf58f8251049da8348fe30cfea99890694273f1c07c6ee923bb70e0e
[2m2025-12-10T10:11:15.160582Z[0m [34mDEBUG[0m [2methereum_transaction_pool_monitor::eth_client[0m[2m:[0m ✅ Transaction 0x8577f7cd3a8000b25ab6fc56ce4b75ab6181a1c139dc8e5bb60f6e5f995536b7 fetched and parsed in 81.307041ms
[2m2025-12-10T10:11:15.160597Z[0m [34mDEBUG[0m [2methereum_transaction_pool_monitor::mempool_monitor[0m[2m:[0m 🔍 Skipping tx 0x8577f7cd3a8000b25ab6fc56ce4b75ab6181a1c139dc8e5bb60f6e5f995536b7 - not a DEX interaction (target: 0x1CB06a975719E90C79303f5797918701de096f57)
[2m2025-12-10T10:11:15.160608Z[0m [34mDEBUG[0m [2methereum_transaction_pool_monitor::mempool_monitor[0m[2m:[0m 📨 Processing new pending transaction: 0xbc637d5e9ba7f8bf635e444dc6c2e460a80ff4c0560b5e697951b764a2897def
[2m2025-12-10T10:11:15.160614Z[0m [34mDEBUG[0m [2methereum_transaction_pool_monitor::mempool_monitor[0m[2m:[0m 🔍 Fetching transaction details for: 0xbc637d5e9ba7f8bf635e444dc6c2e460a80ff4c0560b5e697951b764a2897def
[2m2025-12-10T10:11:15.160620Z[0m [34mDEBUG[0m [2methereum_transaction_pool_monitor::eth_client[0m[2m:[0m 🔍 Fetching transaction details for hash: 0xbc637d5e9ba7f8bf635e444dc6c2e460a80ff4c0560b5e697951b764a2897def
[2m2025-12-10T10:11:15.160638Z[0m [34mDEBUG[0m [2mhyper::client::pool[0m[2m:[0m reuse idle connection for ("http", 192.168.0.14:8545)
[2m2025-12-10T10:11:15.160673Z[0m [34mDEBUG[0m [2mhyper::proto::h1::io[0m[2m:[0m flushed 250 bytes
[2m2025-12-10T10:11:15.168422Z[0m [34mDEBUG[0m [2mhyper::proto::h1::io[0m[2m:[0m parsed 4 headers
[2m2025-12-10T10:11:15.170926Z[0m [34mDEBUG[0m [2mhyper::proto::h1::conn[0m[2m:[0m incoming body is content-length (1666 bytes)
[2m2025-12-10T10:11:15.170934Z[0m [34mDEBUG[0m [2mhyper::proto::h1::conn[0m[2m:[0m incoming body completed
[2m2025-12-10T10:11:15.170943Z[0m [34mDEBUG[0m [2mhyper::client::pool[0m[2m:[0m pooling idle connection for ("http", 192.168.0.14:8545)
[2m2025-12-10T10:11:15.170949Z[0m [34mDEBUG[0m [2methereum_transaction_pool_monitor::eth_client[0m[2m:[0m 📡 Transaction fetch RPC completed in 10.323875ms
[2m2025-12-10T10:11:15.242399Z[0m [34mDEBUG[0m [2methereum_transaction_pool_monitor::eth_client[0m[2m:[0m ✅ Transaction 0xbc637d5e9ba7f8bf635e444dc6c2e460a80ff4c0560b5e697951b764a2897def fetched and parsed in 81.771208ms
[2m2025-12-10T10:11:15.242425Z[0m [34mDEBUG[0m [2methereum_transaction_pool_monitor::mempool_monitor[0m[2m:[0m 🔍 Skipping tx 0xbc637d5e9ba7f8bf635e444dc6c2e460a80ff4c0560b5e697951b764a2897def - not a DEX interaction (target: 0x1CB06a975719E90C79303f5797918701de096f57)
[2m2025-12-10T10:11:15.242436Z[0m [34mDEBUG[0m [2methereum_transaction_pool_monitor::mempool_monitor[0m[2m:[0m 📨 Processing new pending transaction: 0x4a0fecf1f484a719be7b16e7e026e358a9657f8d14c6d48d5ce1a638024eefc9
[2m2025-12-10T10:11:15.242443Z[0m [34mDEBUG[0m [2methereum_transaction_pool_monitor::mempool_monitor[0m[2m:[0m 🔍 Fetching transaction details for: 0x4a0fecf1f484a719be7b16e7e026e358a9657f8d14c6d48d5ce1a638024eefc9
[2m2025-12-10T10:11:15.242448Z[0m [34mDEBUG[0m [2methereum_transaction_pool_monitor::eth_client[0m[2m:[0m 🔍 Fetching transaction details for hash: 0x4a0fecf1f484a719be7b16e7e026e358a9657f8d14c6d48d5ce1a638024eefc9
[2m2025-12-10T10:11:15.242465Z[0m [34mDEBUG[0m [2mhyper::client::pool[0m[2m:[0m reuse idle connection for ("http", 192.168.0.14:8545)
[2m2025-12-10T10:11:15.242507Z[0m [34mDEBUG[0m [2mhyper::proto::h1::io[0m[2m:[0m flushed 250 bytes
[2m2025-12-10T10:11:15.242536Z[0m [34mDEBUG[0m [2mhyper::client::pool[0m[2m:[0m reuse idle connection for ("http", 192.168.0.14:8545)
[2m2025-12-10T10:11:15.242548Z[0m [34mDEBUG[0m [2mhyper::proto::h1::io[0m[2m:[0m flushed 172 bytes
[2m2025-12-10T10:11:15.250090Z[0m [34mDEBUG[0m [2mhyper::proto::h1::io[0m[2m:[0m parsed 4 headers
[2m2025-12-10T10:11:15.250096Z[0m [34mDEBUG[0m [2mhyper::proto::h1::conn[0m[2m:[0m incoming body is content-length (644 bytes)
[2m2025-12-10T10:11:15.250104Z[0m [34mDEBUG[0m [2mhyper::proto::h1::conn[0m[2m:[0m incoming body completed
[2m2025-12-10T10:11:15.250111Z[0m [34mDEBUG[0m [2mhyper::client::pool[0m[2m:[0m pooling idle connection for ("http", 192.168.0.14:8545)
[2m2025-12-10T10:11:15.250117Z[0m [34mDEBUG[0m [2methereum_transaction_pool_monitor::eth_client[0m[2m:[0m 📡 Transaction fetch RPC completed in 7.665167ms
[2m2025-12-10T10:11:15.316719Z[0m [34mDEBUG[0m [2methereum_transaction_pool_monitor::eth_client[0m[2m:[0m ✅ Transaction 0x4a0fecf1f484a719be7b16e7e026e358a9657f8d14c6d48d5ce1a638024eefc9 fetched and parsed in 74.264375ms
[2m2025-12-10T10:11:15.316734Z[0m [34mDEBUG[0m [2methereum_transaction_pool_monitor::mempool_monitor[0m[2m:[0m 🔍 Skipping tx 0x4a0fecf1f484a719be7b16e7e026e358a9657f8d14c6d48d5ce1a638024eefc9 - not a DEX interaction (target: 0x17E5545B11b468072283Cee1F066a059Fb0dbF24)
[2m2025-12-10T10:11:15.316742Z[0m [34mDEBUG[0m [2methereum_transaction_pool_monitor::mempool_monitor[0m[2m:[0m 📨 Processing new pending transaction: 0x533e5c9b7d4c40728211880376f67df3bd250a51c5c7f987979c0c56ca0c2013
[2m2025-12-10T10:11:15.316748Z[0m [34mDEBUG[0m [2methereum_transaction_pool_monitor::mempool_monitor[0m[2m:[0m 🔍 Fetching transaction details for: 0x533e5c9b7d4c40728211880376f67df3bd250a51c5c7f987979c0c56ca0c2013
[2m2025-12-10T10:11:15.316753Z[0m [34mDEBUG[0m [2methereum_transaction_pool_monitor::eth_client[0m[2m:[0m 🔍 Fetching transaction details for hash: 0x533e5c9b7d4c40728211880376f67df3bd250a51c5c7f987979c0c56ca0c2013
[2m2025-12-10T10:11:15.316769Z[0m [34mDEBUG[0m [2mhyper::client::pool[0m[2m:[0m reuse idle connection for ("http", 192.168.0.14:8545)
[2m2025-12-10T10:11:15.316789Z[0m [34mDEBUG[0m [2mhyper::proto::h1::io[0m[2m:[0m flushed 250 bytes
[2m2025-12-10T10:11:15.316808Z[0m [34mDEBUG[0m [2methereum_transaction_pool_monitor::eth_client[0m[2m:[0m 📨 Received WebSocket message: {"jsonrpc":"2.0","method":"eth_subscription","params":{"subscription":"0xbed0a0851463e895960a451075a301a9","result":"0x181782d8fc367ebfc1435671bab61167940407f2aec2b53ba8951051193c12d7"}}
[2m2025-12-10T10:11:15.316811Z[0m [34mDEBUG[0m [2mhyper::proto::h1::io[0m[2m:[0m parsed 4 headers
[2m2025-12-10T10:11:15.316817Z[0m [34mDEBUG[0m [2methereum_transaction_pool_monitor::eth_client[0m[2m:[0m 📨 Received pending transaction: 0x181782d8fc367ebfc1435671bab61167940407f2aec2b53ba8951051193c12d7
[2m2025-12-10T10:11:15.316820Z[0m [34mDEBUG[0m [2mhyper::proto::h1::conn[0m[2m:[0m incoming body is content-length (45 bytes)
[2m2025-12-10T10:11:15.316831Z[0m [34mDEBUG[0m [2mhyper::proto::h1::conn[0m[2m:[0m incoming body completed
[2m2025-12-10T10:11:15.316839Z[0m [34mDEBUG[0m [2mhyper::client::pool[0m[2m:[0m pooling idle connection for ("http", 192.168.0.14:8545)
[2m2025-12-10T10:11:15.316851Z[0m [34mDEBUG[0m [2mhyper::client::pool[0m[2m:[0m reuse idle connection for ("http", 192.168.0.14:8545)
[2m2025-12-10T10:11:15.316865Z[0m [34mDEBUG[0m [2mhyper::proto::h1::io[0m[2m:[0m flushed 172 bytes
[2m2025-12-10T10:11:15.323145Z[0m [34mDEBUG[0m [2mhyper::proto::h1::io[0m[2m:[0m parsed 4 headers
[2m2025-12-10T10:11:15.323166Z[0m [34mDEBUG[0m [2mhyper::proto::h1::conn[0m[2m:[0m incoming body is content-length (681 bytes)
[2m2025-12-10T10:11:15.323198Z[0m [34mDEBUG[0m [2mhyper::proto::h1::conn[0m[2m:[0m incoming body completed
[2m2025-12-10T10:11:15.323208Z[0m [34mDEBUG[0m [2mhyper::client::pool[0m[2m:[0m pooling idle connection for ("http", 192.168.0.14:8545)
[2m2025-12-10T10:11:15.323218Z[0m [34mDEBUG[0m [2methereum_transaction_pool_monitor::eth_client[0m[2m:[0m 📡 Transaction fetch RPC completed in 6.459708ms
[2m2025-12-10T10:11:15.323242Z[0m [34mDEBUG[0m [2methereum_transaction_pool_monitor::eth_client[0m[2m:[0m DeFi transaction detected - Address: 0xdac17f958d2ee523a2206206994597c13d831ec7, Type: Stablecoin, Value: 0 ETH, Gas: 0.16 Gwei
[2m2025-12-10T10:11:15.323262Z[0m [34mDEBUG[0m [2methereum_transaction_pool_monitor::eth_client[0m[2m:[0m ✅ Transaction 0x533e5c9b7d4c40728211880376f67df3bd250a51c5c7f987979c0c56ca0c2013 fetched and parsed in 6.504083ms
[2m2025-12-10T10:11:15.323269Z[0m [34mDEBUG[0m [2methereum_transaction_pool_monitor::mempool_monitor[0m[2m:[0m 🔍 Skipping tx 0x533e5c9b7d4c40728211880376f67df3bd250a51c5c7f987979c0c56ca0c2013 - not a DEX interaction (target: 0xdAC17F958D2ee523a2206206994597C13D831ec7)
[2m2025-12-10T10:11:15.323562Z[0m [34mDEBUG[0m [2methereum_transaction_pool_monitor::mempool_monitor[0m[2m:[0m 📨 Processing new pending transaction: 0xd8a76bac87206c6be3ff6258149459bf65d83a9aac25e7fe4aaa7f3f06f8bc06
[2m2025-12-10T10:11:15.323572Z[0m [34mDEBUG[0m [2methereum_transaction_pool_monitor::mempool_monitor[0m[2m:[0m 🔍 Fetching transaction details for: 0xd8a76bac87206c6be3ff6258149459bf65d83a9aac25e7fe4aaa7f3f06f8bc06
[2m2025-12-10T10:11:15.323579Z[0m [34mDEBUG[0m [2methereum_transaction_pool_monitor::eth_client[0m[2m:[0m 🔍 Fetching transaction details for hash: 0xd8a76bac87206c6be3ff6258149459bf65d83a9aac25e7fe4aaa7f3f06f8bc06
[2m2025-12-10T10:11:15.323586Z[0m [34mDEBUG[0m [2mhyper::client::pool[0m[2m:[0m reuse idle connection for ("http", 192.168.0.14:8545)
[2m2025-12-10T10:11:15.323601Z[0m [34mDEBUG[0m [2mhyper::proto::h1::io[0m[2m:[0m flushed 250 bytes
[2m2025-12-10T10:11:15.323611Z[0m [34mDEBUG[0m [2mhyper::proto::h1::io[0m[2m:[0m parsed 4 headers
[2m2025-12-10T10:11:15.323615Z[0m [34mDEBUG[0m [2mhyper::proto::h1::conn[0m[2m:[0m incoming body is content-length (45 bytes)
[2m2025-12-10T10:11:15.323619Z[0m [34mDEBUG[0m [2mhyper::proto::h1::conn[0m[2m:[0m incoming body completed
[2m2025-12-10T10:11:15.323623Z[0m [34mDEBUG[0m [2mhyper::client::pool[0m[2m:[0m pooling idle connection for ("http", 192.168.0.14:8545)
[2m2025-12-10T10:11:15.332427Z[0m [34mDEBUG[0m [2mhyper::proto::h1::io[0m[2m:[0m parsed 4 headers
[2m2025-12-10T10:11:15.332448Z[0m [34mDEBUG[0m [2mhyper::proto::h1::conn[0m[2m:[0m incoming body is content-length (638 bytes)
[2m2025-12-10T10:11:15.332468Z[0m [34mDEBUG[0m [2mhyper::proto::h1::conn[0m[2m:[0m incoming body completed
[2m2025-12-10T10:11:15.332483Z[0m [34mDEBUG[0m [2mhyper::client::pool[0m[2m:[0m pooling idle connection for ("http", 192.168.0.14:8545)
[2m2025-12-10T10:11:15.332488Z[0m [34mDEBUG[0m [2methereum_transaction_pool_monitor::eth_client[0m[2m:[0m 📡 Transaction fetch RPC completed in 8.904667ms
[2m2025-12-10T10:11:15.403750Z[0m [34mDEBUG[0m [2methereum_transaction_pool_monitor::eth_client[0m[2m:[0m ✅ Transaction 0xd8a76bac87206c6be3ff6258149459bf65d83a9aac25e7fe4aaa7f3f06f8bc06 fetched and parsed in 80.165709ms
[2m2025-12-10T10:11:15.403776Z[0m [34mDEBUG[0m [2methereum_transaction_pool_monitor::mempool_monitor[0m[2m:[0m 🔍 Skipping tx 0xd8a76bac87206c6be3ff6258149459bf65d83a9aac25e7fe4aaa7f3f06f8bc06 - not a DEX interaction (target: 0x3Ad80458D58fb3a779Ba0779F83203a4Cf4a49d8)
[2m2025-12-10T10:11:15.403788Z[0m [34mDEBUG[0m [2methereum_transaction_pool_monitor::mempool_monitor[0m[2m:[0m 📨 Processing new pending transaction: 0x1a15456facbe4fea519eab87948a15d78a571bc53223d689e219afc65bbdb0ac
[2m2025-12-10T10:11:15.403801Z[0m [34mDEBUG[0m [2methereum_transaction_pool_monitor::mempool_monitor[0m[2m:[0m 🔍 Fetching transaction details for: 0x1a15456facbe4fea519eab87948a15d78a571bc53223d689e219afc65bbdb0ac
[2m2025-12-10T10:11:15.403813Z[0m [34mDEBUG[0m [2methereum_transaction_pool_monitor::eth_client[0m[2m:[0m 🔍 Fetching transaction details for hash: 0x1a15456facbe4fea519eab87948a15d78a571bc53223d689e219afc65bbdb0ac
[2m2025-12-10T10:11:15.403832Z[0m [34mDEBUG[0m [2mhyper::client::pool[0m[2m:[0m reuse idle connection for ("http", 192.168.0.14:8545)
[2m2025-12-10T10:11:15.403867Z[0m [34mDEBUG[0m [2mhyper::proto::h1::io[0m[2m:[0m flushed 250 bytes
[2m2025-12-10T10:11:15.403910Z[0m [34mDEBUG[0m [2mhyper::client::pool[0m[2m:[0m reuse idle connection for ("http", 192.168.0.14:8545)
[2m2025-12-10T10:11:15.403925Z[0m [34mDEBUG[0m [2mhyper::proto::h1::io[0m[2m:[0m flushed 172 bytes
[2m2025-12-10T10:11:15.412226Z[0m [34mDEBUG[0m [2mhyper::proto::h1::io[0m[2m:[0m parsed 4 headers
[2m2025-12-10T10:11:15.412244Z[0m [34mDEBUG[0m [2mhyper::proto::h1::conn[0m[2m:[0m incoming body is content-length (645 bytes)
[2m2025-12-10T10:11:15.412258Z[0m [34mDEBUG[0m [2mhyper::proto::h1::conn[0m[2m:[0m incoming body completed
[2m2025-12-10T10:11:15.412272Z[0m [34mDEBUG[0m [2mhyper::client::pool[0m[2m:[0m pooling idle connection for ("http", 192.168.0.14:8545)
[2m2025-12-10T10:11:15.412279Z[0m [34mDEBUG[0m [2methereum_transaction_pool_monitor::eth_client[0m[2m:[0m 📡 Transaction fetch RPC completed in 8.459792ms
[2m2025-12-10T10:11:15.482824Z[0m [34mDEBUG[0m [2methereum_transaction_pool_monitor::eth_client[0m[2m:[0m ✅ Transaction 0x1a15456facbe4fea519eab87948a15d78a571bc53223d689e219afc65bbdb0ac fetched and parsed in 79.002667ms
[2m2025-12-10T10:11:15.482846Z[0m [34mDEBUG[0m [2methereum_transaction_pool_monitor::mempool_monitor[0m[2m:[0m 🔍 Skipping tx 0x1a15456facbe4fea519eab87948a15d78a571bc53223d689e219afc65bbdb0ac - not a DEX interaction (target: 0xA26148AE51fa8E787DF319C04137602Cc018b521)
[2m2025-12-10T10:11:15.482857Z[0m [34mDEBUG[0m [2methereum_transaction_pool_monitor::mempool_monitor[0m[2m:[0m 📨 Processing new pending transaction: 0x7f8408e69494cbc68c560af7953f47acfc2ebd3f1f9beb1652a327c2353de309
[2m2025-12-10T10:11:15.482864Z[0m [34mDEBUG[0m [2methereum_transaction_pool_monitor::mempool_monitor[0m[2m:[0m 🔍 Fetching transaction details for: 0x7f8408e69494cbc68c560af7953f47acfc2ebd3f1f9beb1652a327c2353de309
[2m2025-12-10T10:11:15.482870Z[0m [34mDEBUG[0m [2methereum_transaction_pool_monitor::eth_client[0m[2m:[0m 🔍 Fetching transaction details for hash: 0x7f8408e69494cbc68c560af7953f47acfc2ebd3f1f9beb1652a327c2353de309
[2m2025-12-10T10:11:15.482888Z[0m [34mDEBUG[0m [2mhyper::client::pool[0m[2m:[0m reuse idle connection for ("http", 192.168.0.14:8545)
[2m2025-12-10T10:11:15.482926Z[0m [34mDEBUG[0m [2mhyper::proto::h1::io[0m[2m:[0m flushed 250 bytes
[2m2025-12-10T10:11:15.482942Z[0m [34mDEBUG[0m [2mhyper::proto::h1::io[0m[2m:[0m parsed 4 headers
[2m2025-12-10T10:11:15.482946Z[0m [34mDEBUG[0m [2mhyper::proto::h1::conn[0m[2m:[0m incoming body is content-length (45 bytes)
[2m2025-12-10T10:11:15.482953Z[0m [34mDEBUG[0m [2mhyper::proto::h1::conn[0m[2m:[0m incoming body completed
[2m2025-12-10T10:11:15.482960Z[0m [34mDEBUG[0m [2mhyper::client::pool[0m[2m:[0m pooling idle connection for ("http", 192.168.0.14:8545)
[2m2025-12-10T10:11:15.487699Z[0m [34mDEBUG[0m [2mhyper::proto::h1::io[0m[2m:[0m parsed 4 headers
[2m2025-12-10T10:11:15.487721Z[0m [34mDEBUG[0m [2mhyper::proto::h1::conn[0m[2m:[0m incoming body is content-length (966 bytes)
[2m2025-12-10T10:11:15.487740Z[0m [34mDEBUG[0m [2mhyper::proto::h1::conn[0m[2m:[0m incoming body completed
[2m2025-12-10T10:11:15.487754Z[0m [34mDEBUG[0m [2mhyper::client::pool[0m[2m:[0m pooling idle connection for ("http", 192.168.0.14:8545)
[2m2025-12-10T10:11:15.487759Z[0m [34mDEBUG[0m [2methereum_transaction_pool_monitor::eth_client[0m[2m:[0m 📡 Transaction fetch RPC completed in 4.884125ms
[2m2025-12-10T10:11:15.559110Z[0m [34mDEBUG[0m [2methereum_transaction_pool_monitor::eth_client[0m[2m:[0m ✅ Transaction 0x7f8408e69494cbc68c560af7953f47acfc2ebd3f1f9beb1652a327c2353de309 fetched and parsed in 76.233625ms
[2m2025-12-10T10:11:15.559132Z[0m [34mDEBUG[0m [2methereum_transaction_pool_monitor::mempool_monitor[0m[2m:[0m 🔍 Skipping tx 0x7f8408e69494cbc68c560af7953f47acfc2ebd3f1f9beb1652a327c2353de309 - not a DEX interaction (target: 0x0c0105334a50Db16B51B2911C9956539753A2CF8)
[2m2025-12-10T10:11:15.559142Z[0m [34mDEBUG[0m [2methereum_transaction_pool_monitor::mempool_monitor[0m[2m:[0m 📨 Processing new pending transaction: 0x3d669cff57af07fc1fdbc77957b161998bcfa66a48a9322f63a6a6ae3e7a2d33
[2m2025-12-10T10:11:15.559149Z[0m [34mDEBUG[0m [2methereum_transaction_pool_monitor::mempool_monitor[0m[2m:[0m 🔍 Fetching transaction details for: 0x3d669cff57af07fc1fdbc77957b161998bcfa66a48a9322f63a6a6ae3e7a2d33
[2m2025-12-10T10:11:15.559155Z[0m [34mDEBUG[0m [2methereum_transaction_pool_monitor::eth_client[0m[2m:[0m 🔍 Fetching transaction details for hash: 0x3d669cff57af07fc1fdbc77957b161998bcfa66a48a9322f63a6a6ae3e7a2d33
[2m2025-12-10T10:11:15.559173Z[0m [34mDEBUG[0m [2mhyper::client::pool[0m[2m:[0m reuse idle connection for ("http", 192.168.0.14:8545)
[2m2025-12-10T10:11:15.559208Z[0m [34mDEBUG[0m [2mhyper::proto::h1::io[0m[2m:[0m flushed 250 bytes
[2m2025-12-10T10:11:15.559227Z[0m [34mDEBUG[0m [2mhyper::client::pool[0m[2m:[0m reuse idle connection for ("http", 192.168.0.14:8545)
[2m2025-12-10T10:11:15.559242Z[0m [34mDEBUG[0m [2mhyper::proto::h1::io[0m[2m:[0m flushed 172 bytes
[2m2025-12-10T10:11:15.559243Z[0m [34mDEBUG[0m [2methereum_transaction_pool_monitor::eth_client[0m[2m:[0m 📨 Received WebSocket message: {"jsonrpc":"2.0","method":"eth_subscription","params":{"subscription":"0xbed0a0851463e895960a451075a301a9","result":"0x5d73d86b894183c02c2f8e1ca5f28363f950e3452bdb1a675fadb27d22eb87a8"}}
[2m2025-12-10T10:11:15.559256Z[0m [34mDEBUG[0m [2methereum_transaction_pool_monitor::eth_client[0m[2m:[0m 📨 Received pending transaction: 0x5d73d86b894183c02c2f8e1ca5f28363f950e3452bdb1a675fadb27d22eb87a8
[2m2025-12-10T10:11:15.559263Z[0m [34mDEBUG[0m [2methereum_transaction_pool_monitor::eth_client[0m[2m:[0m 📨 Received WebSocket message: {"jsonrpc":"2.0","method":"eth_subscription","params":{"subscription":"0xbed0a0851463e895960a451075a301a9","result":"0x83faa3377a0b81b365b025fc216712932e34bb20214d40599333710d81d8f41d"}}
[2m2025-12-10T10:11:15.559271Z[0m [34mDEBUG[0m [2methereum_transaction_pool_monitor::eth_client[0m[2m:[0m 📨 Received pending transaction: 0x83faa3377a0b81b365b025fc216712932e34bb20214d40599333710d81d8f41d
[2m2025-12-10T10:11:15.563077Z[0m [34mDEBUG[0m [2mhyper::proto::h1::io[0m[2m:[0m parsed 4 headers
[2m2025-12-10T10:11:15.563082Z[0m [34mDEBUG[0m [2mhyper::proto::h1::conn[0m[2m:[0m incoming body is content-length (45 bytes)
[2m2025-12-10T10:11:15.563088Z[0m [34mDEBUG[0m [2mhyper::proto::h1::conn[0m[2m:[0m incoming body completed
[2m2025-12-10T10:11:15.563095Z[0m [34mDEBUG[0m [2mhyper::client::pool[0m[2m:[0m pooling idle connection for ("http", 192.168.0.14:8545)
[2m2025-12-10T10:11:15.568398Z[0m [34mDEBUG[0m [2mhyper::proto::h1::io[0m[2m:[0m parsed 4 headers
[2m2025-12-10T10:11:15.568403Z[0m [34mDEBUG[0m [2mhyper::proto::h1::conn[0m[2m:[0m incoming body is content-length (553 bytes)
[2m2025-12-10T10:11:15.568409Z[0m [34mDEBUG[0m [2mhyper::proto::h1::conn[0m[2m:[0m incoming body completed
[2m2025-12-10T10:11:15.568414Z[0m [34mDEBUG[0m [2mhyper::client::pool[0m[2m:[0m pooling idle connection for ("http", 192.168.0.14:8545)
[2m2025-12-10T10:11:15.568420Z[0m [34mDEBUG[0m [2methereum_transaction_pool_monitor::eth_client[0m[2m:[0m 📡 Transaction fetch RPC completed in 9.260042ms
[2m2025-12-10T10:11:15.640008Z[0m [34mDEBUG[0m [2methereum_transaction_pool_monitor::eth_client[0m[2m:[0m ✅ Transaction 0x3d669cff57af07fc1fdbc77957b161998bcfa66a48a9322f63a6a6ae3e7a2d33 fetched and parsed in 80.846042ms
[2m2025-12-10T10:11:15.640027Z[0m [34mDEBUG[0m [2methereum_transaction_pool_monitor::mempool_monitor[0m[2m:[0m 🔍 Skipping tx 0x3d669cff57af07fc1fdbc77957b161998bcfa66a48a9322f63a6a6ae3e7a2d33 - not a DEX interaction (target: 0x34A1BC893f1715E9cD8663f42ed5C897c2B4b914)
[2m2025-12-10T10:11:15.640038Z[0m [34mDEBUG[0m [2methereum_transaction_pool_monitor::mempool_monitor[0m[2m:[0m 📨 Processing new pending transaction: 0x0f8a7675bf58f8251049da8348fe30cfea99890694273f1c07c6ee923bb70e0e
[2m2025-12-10T10:11:15.640044Z[0m [34mDEBUG[0m [2methereum_transaction_pool_monitor::mempool_monitor[0m[2m:[0m 🔍 Fetching transaction details for: 0x0f8a7675bf58f8251049da8348fe30cfea99890694273f1c07c6ee923bb70e0e
[2m2025-12-10T10:11:15.640049Z[0m [34mDEBUG[0m [2methereum_transaction_pool_monitor::eth_client[0m[2m:[0m 🔍 Fetching transaction details for hash: 0x0f8a7675bf58f8251049da8348fe30cfea99890694273f1c07c6ee923bb70e0e
[2m2025-12-10T10:11:15.640070Z[0m [34mDEBUG[0m [2mhyper::client::pool[0m[2m:[0m reuse idle connection for ("http", 192.168.0.14:8545)
[2m2025-12-10T10:11:15.640116Z[0m [34mDEBUG[0m [2mhyper::proto::h1::io[0m[2m:[0m flushed 250 bytes
[2m2025-12-10T10:11:15.640148Z[0m [34mDEBUG[0m [2mhyper::client::pool[0m[2m:[0m reuse idle connection for ("http", 192.168.0.14:8545)
[2m2025-12-10T10:11:15.640166Z[0m [34mDEBUG[0m [2mhyper::proto::h1::io[0m[2m:[0m flushed 172 bytes
[2m2025-12-10T10:11:15.645121Z[0m [34mDEBUG[0m [2mhyper::proto::h1::io[0m[2m:[0m parsed 4 headers
[2m2025-12-10T10:11:15.645128Z[0m [34mDEBUG[0m [2mhyper::proto::h1::conn[0m[2m:[0m incoming body is content-length (652 bytes)
[2m2025-12-10T10:11:15.645137Z[0m [34mDEBUG[0m [2mhyper::proto::h1::conn[0m[2m:[0m incoming body completed
[2m2025-12-10T10:11:15.645149Z[0m [34mDEBUG[0m [2mhyper::client::pool[0m[2m:[0m pooling idle connection for ("http", 192.168.0.14:8545)
[2m2025-12-10T10:11:15.645157Z[0m [34mDEBUG[0m [2methereum_transaction_pool_monitor::eth_client[0m[2m:[0m 📡 Transaction fetch RPC completed in 5.10225ms
[2m2025-12-10T10:11:15.717355Z[0m [34mDEBUG[0m [2methereum_transaction_pool_monitor::eth_client[0m[2m:[0m ✅ Transaction 0x0f8a7675bf58f8251049da8348fe30cfea99890694273f1c07c6ee923bb70e0e fetched and parsed in 77.298666ms
[2m2025-12-10T10:11:15.717382Z[0m [34mDEBUG[0m [2methereum_transaction_pool_monitor::mempool_monitor[0m[2m:[0m 🔍 Skipping tx 0x0f8a7675bf58f8251049da8348fe30cfea99890694273f1c07c6ee923bb70e0e - not a DEX interaction (target: 0x391E7C679d29bD940d63be94AD22A25d25b5A604)
[2m2025-12-10T10:11:15.717392Z[0m [34mDEBUG[0m [2methereum_transaction_pool_monitor::mempool_monitor[0m[2m:[0m 📨 Processing new pending transaction: 0x181782d8fc367ebfc1435671bab61167940407f2aec2b53ba8951051193c12d7
[2m2025-12-10T10:11:15.717400Z[0m [34mDEBUG[0m [2methereum_transaction_pool_monitor::mempool_monitor[0m[2m:[0m 🔍 Fetching transaction details for: 0x181782d8fc367ebfc1435671bab61167940407f2aec2b53ba8951051193c12d7
[2m2025-12-10T10:11:15.717407Z[0m [34mDEBUG[0m [2methereum_transaction_pool_monitor::eth_client[0m[2m:[0m 🔍 Fetching transaction details for hash: 0x181782d8fc367ebfc1435671bab61167940407f2aec2b53ba8951051193c12d7
[2m2025-12-10T10:11:15.717425Z[0m [34mDEBUG[0m [2mhyper::client::pool[0m[2m:[0m reuse idle connection for ("http", 192.168.0.14:8545)
[2m2025-12-10T10:11:15.717463Z[0m [34mDEBUG[0m [2mhyper::proto::h1::io[0m[2m:[0m flushed 250 bytes
[2m2025-12-10T10:11:15.717488Z[0m [34mDEBUG[0m [2methereum_transaction_pool_monitor::eth_client[0m[2m:[0m 📨 Received WebSocket message: {"jsonrpc":"2.0","method":"eth_subscription","params":{"subscription":"0xbed0a0851463e895960a451075a301a9","result":"0xe0502bc8e5d0e5fe3fdf63d0bc9932bd7a341c55652e7a524de02bb671f9efaf"}}
[2m2025-12-10T10:11:15.717492Z[0m [34mDEBUG[0m [2mhyper::proto::h1::io[0m[2m:[0m parsed 4 headers
[2m2025-12-10T10:11:15.717497Z[0m [34mDEBUG[0m [2methereum_transaction_pool_monitor::eth_client[0m[2m:[0m 📨 Received pending transaction: 0xe0502bc8e5d0e5fe3fdf63d0bc9932bd7a341c55652e7a524de02bb671f9efaf
[2m2025-12-10T10:11:15.717501Z[0m [34mDEBUG[0m [2mhyper::proto::h1::conn[0m[2m:[0m incoming body is content-length (45 bytes)
[2m2025-12-10T10:11:15.717510Z[0m [34mDEBUG[0m [2mhyper::proto::h1::conn[0m[2m:[0m incoming body completed
[2m2025-12-10T10:11:15.717519Z[0m [34mDEBUG[0m [2mhyper::client::pool[0m[2m:[0m pooling idle connection for ("http", 192.168.0.14:8545)
[2m2025-12-10T10:11:15.717533Z[0m [34mDEBUG[0m [2mhyper::client::pool[0m[2m:[0m reuse idle connection for ("http", 192.168.0.14:8545)
[2m2025-12-10T10:11:15.717551Z[0m [34mDEBUG[0m [2mhyper::proto::h1::io[0m[2m:[0m flushed 172 bytes
[2m2025-12-10T10:11:15.719792Z[0m [34mDEBUG[0m [2methereum_transaction_pool_monitor::eth_client[0m[2m:[0m 📨 Received WebSocket message: {"jsonrpc":"2.0","method":"eth_subscription","params":{"subscription":"0xbed0a0851463e895960a451075a301a9","result":"0x0c6c2fc9f96c6eda16d5471180c9395ec8de27bc5fe4981eac1c20af24b90a4a"}}
[2m2025-12-10T10:11:15.720135Z[0m [34mDEBUG[0m [2methereum_transaction_pool_monitor::eth_client[0m[2m:[0m 📨 Received pending transaction: 0x0c6c2fc9f96c6eda16d5471180c9395ec8de27bc5fe4981eac1c20af24b90a4a
[2m2025-12-10T10:11:15.728193Z[0m [34mDEBUG[0m [2mhyper::proto::h1::io[0m[2m:[0m parsed 4 headers
[2m2025-12-10T10:11:15.728198Z[0m [34mDEBUG[0m [2mhyper::proto::h1::conn[0m[2m:[0m incoming body is content-length (4479 bytes)
[2m2025-12-10T10:11:15.728208Z[0m [34mDEBUG[0m [2methereum_transaction_pool_monitor::eth_client[0m[2m:[0m 📡 Transaction fetch RPC completed in 10.796417ms
[2m2025-12-10T10:11:15.730577Z[0m [34mDEBUG[0m [2mhyper::proto::h1::conn[0m[2m:[0m incoming body completed
[2m2025-12-10T10:11:15.730585Z[0m [34mDEBUG[0m [2mhyper::client::pool[0m[2m:[0m pooling idle connection for ("http", 192.168.0.14:8545)
[2m2025-12-10T10:11:15.730648Z[0m [34mDEBUG[0m [2mhyper::proto::h1::io[0m[2m:[0m parsed 4 headers
[2m2025-12-10T10:11:15.730653Z[0m [34mDEBUG[0m [2mhyper::proto::h1::conn[0m[2m:[0m incoming body is content-length (45 bytes)
[2m2025-12-10T10:11:15.730658Z[0m [34mDEBUG[0m [2mhyper::proto::h1::conn[0m[2m:[0m incoming body completed
[2m2025-12-10T10:11:15.730663Z[0m [34mDEBUG[0m [2mhyper::client::pool[0m[2m:[0m pooling idle connection for ("http", 192.168.0.14:8545)
[2m2025-12-10T10:11:15.788954Z[0m [34mDEBUG[0m [2methereum_transaction_pool_monitor::eth_client[0m[2m:[0m 📨 Received WebSocket message: {"jsonrpc":"2.0","method":"eth_subscription","params":{"subscription":"0xbed0a0851463e895960a451075a301a9","result":"0xca90a0d17164b853c8121fc782df6fc57cf75787a3c628e2b207fd77144a4aa1"}}
[2m2025-12-10T10:11:15.788971Z[0m [34mDEBUG[0m [2methereum_transaction_pool_monitor::eth_client[0m[2m:[0m 📨 Received pending transaction: 0xca90a0d17164b853c8121fc782df6fc57cf75787a3c628e2b207fd77144a4aa1
[2m2025-12-10T10:11:15.799004Z[0m [34mDEBUG[0m [2mhyper::client::pool[0m[2m:[0m reuse idle connection for ("http", 192.168.0.14:8545)
[2m2025-12-10T10:11:15.799039Z[0m [34mDEBUG[0m [2mhyper::proto::h1::io[0m[2m:[0m flushed 172 bytes
[2m2025-12-10T10:11:15.802624Z[0m [34mDEBUG[0m [2methereum_transaction_pool_monitor::eth_client[0m[2m:[0m ✅ Transaction 0x181782d8fc367ebfc1435671bab61167940407f2aec2b53ba8951051193c12d7 fetched and parsed in 85.211167ms
[2m2025-12-10T10:11:15.802636Z[0m [34mDEBUG[0m [2methereum_transaction_pool_monitor::mempool_monitor[0m[2m:[0m 🔍 Skipping tx 0x181782d8fc367ebfc1435671bab61167940407f2aec2b53ba8951051193c12d7 - not a DEX interaction (target: 0x618892aE551eB5bB2DE8911057b3714274b5FFe1)
[2m2025-12-10T10:11:15.802647Z[0m [34mDEBUG[0m [2methereum_transaction_pool_monitor::mempool_monitor[0m[2m:[0m 📨 Processing new pending transaction: 0x5d73d86b894183c02c2f8e1ca5f28363f950e3452bdb1a675fadb27d22eb87a8
[2m2025-12-10T10:11:15.802654Z[0m [34mDEBUG[0m [2methereum_transaction_pool_monitor::mempool_monitor[0m[2m:[0m 🔍 Fetching transaction details for: 0x5d73d86b894183c02c2f8e1ca5f28363f950e3452bdb1a675fadb27d22eb87a8
[2m2025-12-10T10:11:15.802661Z[0m [34mDEBUG[0m [2methereum_transaction_pool_monitor::eth_client[0m[2m:[0m 🔍 Fetching transaction details for hash: 0x5d73d86b894183c02c2f8e1ca5f28363f950e3452bdb1a675fadb27d22eb87a8
[2m2025-12-10T10:11:15.802673Z[0m [34mDEBUG[0m [2mhyper::client::pool[0m[2m:[0m reuse idle connection for ("http", 192.168.0.14:8545)
[2m2025-12-10T10:11:15.802691Z[0m [34mDEBUG[0m [2mhyper::proto::h1::io[0m[2m:[0m flushed 250 bytes
[2m2025-12-10T10:11:15.807802Z[0m [34mDEBUG[0m [2mhyper::proto::h1::io[0m[2m:[0m parsed 4 headers
[2m2025-12-10T10:11:15.807807Z[0m [34mDEBUG[0m [2mhyper::proto::h1::conn[0m[2m:[0m incoming body is content-length (45 bytes)
[2m2025-12-10T10:11:15.807814Z[0m [34mDEBUG[0m [2mhyper::proto::h1::conn[0m[2m:[0m incoming body completed
[2m2025-12-10T10:11:15.807821Z[0m [34mDEBUG[0m [2mhyper::client::pool[0m[2m:[0m pooling idle connection for ("http", 192.168.0.14:8545)
[2m2025-12-10T10:11:15.809251Z[0m [34mDEBUG[0m [2mhyper::proto::h1::io[0m[2m:[0m parsed 4 headers
[2m2025-12-10T10:11:15.809287Z[0m [34mDEBUG[0m [2mhyper::proto::h1::conn[0m[2m:[0m incoming body is content-length (647 bytes)
[2m2025-12-10T10:11:15.809295Z[0m [34mDEBUG[0m [2mhyper::proto::h1::conn[0m[2m:[0m incoming body completed
[2m2025-12-10T10:11:15.809317Z[0m [34mDEBUG[0m [2mhyper::client::pool[0m[2m:[0m pooling idle connection for ("http", 192.168.0.14:8545)
[2m2025-12-10T10:11:15.809325Z[0m [34mDEBUG[0m [2methereum_transaction_pool_monitor::eth_client[0m[2m:[0m 📡 Transaction fetch RPC completed in 6.659833ms
[2m2025-12-10T10:11:15.880719Z[0m [34mDEBUG[0m [2methereum_transaction_pool_monitor::eth_client[0m[2m:[0m ✅ Transaction 0x5d73d86b894183c02c2f8e1ca5f28363f950e3452bdb1a675fadb27d22eb87a8 fetched and parsed in 78.052042ms
[2m2025-12-10T10:11:15.880748Z[0m [34mDEBUG[0m [2methereum_transaction_pool_monitor::mempool_monitor[0m[2m:[0m 🔍 Skipping tx 0x5d73d86b894183c02c2f8e1ca5f28363f950e3452bdb1a675fadb27d22eb87a8 - not a DEX interaction (target: 0xE59c29944e0D73e161507bC89ad17172446aE964)
[2m2025-12-10T10:11:15.880759Z[0m [34mDEBUG[0m [2methereum_transaction_pool_monitor::mempool_monitor[0m[2m:[0m 📨 Processing new pending transaction: 0x83faa3377a0b81b365b025fc216712932e34bb20214d40599333710d81d8f41d
[2m2025-12-10T10:11:15.880772Z[0m [34mDEBUG[0m [2methereum_transaction_pool_monitor::mempool_monitor[0m[2m:[0m 🔍 Fetching transaction details for: 0x83faa3377a0b81b365b025fc216712932e34bb20214d40599333710d81d8f41d
[2m2025-12-10T10:11:15.880779Z[0m [34mDEBUG[0m [2methereum_transaction_pool_monitor::eth_client[0m[2m:[0m 🔍 Fetching transaction details for hash: 0x83faa3377a0b81b365b025fc216712932e34bb20214d40599333710d81d8f41d
[2m2025-12-10T10:11:15.880801Z[0m [34mDEBUG[0m [2mhyper::client::pool[0m[2m:[0m reuse idle connection for ("http", 192.168.0.14:8545)
[2m2025-12-10T10:11:15.880835Z[0m [34mDEBUG[0m [2mhyper::proto::h1::io[0m[2m:[0m flushed 250 bytes
[2m2025-12-10T10:11:15.890162Z[0m [34mDEBUG[0m [2mhyper::proto::h1::io[0m[2m:[0m parsed 4 headers
[2m2025-12-10T10:11:15.890167Z[0m [34mDEBUG[0m [2mhyper::proto::h1::conn[0m[2m:[0m incoming body is content-length (652 bytes)
[2m2025-12-10T10:11:15.890174Z[0m [34mDEBUG[0m [2mhyper::proto::h1::conn[0m[2m:[0m incoming body completed
[2m2025-12-10T10:11:15.890181Z[0m [34mDEBUG[0m [2mhyper::client::pool[0m[2m:[0m pooling idle connection for ("http", 192.168.0.14:8545)
[2m2025-12-10T10:11:15.890188Z[0m [34mDEBUG[0m [2methereum_transaction_pool_monitor::eth_client[0m[2m:[0m 📡 Transaction fetch RPC completed in 9.4ms
[2m2025-12-10T10:11:15.961342Z[0m [34mDEBUG[0m [2methereum_transaction_pool_monitor::eth_client[0m[2m:[0m ✅ Transaction 0x83faa3377a0b81b365b025fc216712932e34bb20214d40599333710d81d8f41d fetched and parsed in 80.552625ms
[2m2025-12-10T10:11:15.961368Z[0m [34mDEBUG[0m [2methereum_transaction_pool_monitor::mempool_monitor[0m[2m:[0m 🔍 Skipping tx 0x83faa3377a0b81b365b025fc216712932e34bb20214d40599333710d81d8f41d - not a DEX interaction (target: 0xe8525a40813EabAbC832acd59c62f78310e281EE)
[2m2025-12-10T10:11:15.961379Z[0m [34mDEBUG[0m [2methereum_transaction_pool_monitor::mempool_monitor[0m[2m:[0m 📨 Processing new pending transaction: 0xe0502bc8e5d0e5fe3fdf63d0bc9932bd7a341c55652e7a524de02bb671f9efaf
[2m2025-12-10T10:11:15.961386Z[0m [34mDEBUG[0m [2methereum_transaction_pool_monitor::mempool_monitor[0m[2m:[0m 🔍 Fetching transaction details for: 0xe0502bc8e5d0e5fe3fdf63d0bc9932bd7a341c55652e7a524de02bb671f9efaf
[2m2025-12-10T10:11:15.961392Z[0m [34mDEBUG[0m [2methereum_transaction_pool_monitor::eth_client[0m[2m:[0m 🔍 Fetching transaction details for hash: 0xe0502bc8e5d0e5fe3fdf63d0bc9932bd7a341c55652e7a524de02bb671f9efaf
[2m2025-12-10T10:11:15.961409Z[0m [34mDEBUG[0m [2mhyper::client::pool[0m[2m:[0m reuse idle connection for ("http", 192.168.0.14:8545)
[2m2025-12-10T10:11:15.961450Z[0m [34mDEBUG[0m [2mhyper::proto::h1::io[0m[2m:[0m flushed 250 bytes
[2m2025-12-10T10:11:15.961479Z[0m [34mDEBUG[0m [2mhyper::client::pool[0m[2m:[0m reuse idle connection for ("http", 192.168.0.14:8545)
[2m2025-12-10T10:11:15.961493Z[0m [34mDEBUG[0m [2mhyper::proto::h1::io[0m[2m:[0m flushed 172 bytes
[2m2025-12-10T10:11:15.967126Z[0m [34mDEBUG[0m [2mhyper::proto::h1::io[0m[2m:[0m parsed 4 headers
[2m2025-12-10T10:11:15.967135Z[0m [34mDEBUG[0m [2mhyper::proto::h1::conn[0m[2m:[0m incoming body is content-length (764 bytes)
[2m2025-12-10T10:11:15.967145Z[0m [34mDEBUG[0m [2mhyper::proto::h1::conn[0m[2m:[0m incoming body completed
[2m2025-12-10T10:11:15.967156Z[0m [34mDEBUG[0m [2mhyper::client::pool[0m[2m:[0m pooling idle connection for ("http", 192.168.0.14:8545)
[2m2025-12-10T10:11:15.967165Z[0m [34mDEBUG[0m [2methereum_transaction_pool_monitor::eth_client[0m[2m:[0m 📡 Transaction fetch RPC completed in 5.768459ms
[2m2025-12-10T10:11:16.036916Z[0m [34mDEBUG[0m [2methereum_transaction_pool_monitor::eth_client[0m[2m:[0m ✅ Transaction 0xe0502bc8e5d0e5fe3fdf63d0bc9932bd7a341c55652e7a524de02bb671f9efaf fetched and parsed in 75.517625ms
[2m2025-12-10T10:11:16.036945Z[0m [34mDEBUG[0m [2methereum_transaction_pool_monitor::mempool_monitor[0m[2m:[0m 🔍 Skipping tx 0xe0502bc8e5d0e5fe3fdf63d0bc9932bd7a341c55652e7a524de02bb671f9efaf - not a DEX interaction (target: 0xA0b86991c6218b36c1d19D4a2e9Eb0cE3606eB48)
[2m2025-12-10T10:11:16.036955Z[0m [34mDEBUG[0m [2methereum_transaction_pool_monitor::mempool_monitor[0m[2m:[0m 📨 Processing new pending transaction: 0x0c6c2fc9f96c6eda16d5471180c9395ec8de27bc5fe4981eac1c20af24b90a4a
[2m2025-12-10T10:11:16.036960Z[0m [34mDEBUG[0m [2methereum_transaction_pool_monitor::mempool_monitor[0m[2m:[0m 🔍 Fetching transaction details for: 0x0c6c2fc9f96c6eda16d5471180c9395ec8de27bc5fe4981eac1c20af24b90a4a
[2m2025-12-10T10:11:16.036964Z[0m [34mDEBUG[0m [2methereum_transaction_pool_monitor::eth_client[0m[2m:[0m 🔍 Fetching transaction details for hash: 0x0c6c2fc9f96c6eda16d5471180c9395ec8de27bc5fe4981eac1c20af24b90a4a
[2m2025-12-10T10:11:16.036980Z[0m [34mDEBUG[0m [2mhyper::client::pool[0m[2m:[0m reuse idle connection for ("http", 192.168.0.14:8545)
[2m2025-12-10T10:11:16.037033Z[0m [34mDEBUG[0m [2mhyper::proto::h1::io[0m[2m:[0m flushed 250 bytes
[2m2025-12-10T10:11:16.037056Z[0m [34mDEBUG[0m [2methereum_transaction_pool_monitor::eth_client[0m[2m:[0m 📨 Received WebSocket message: {"jsonrpc":"2.0","method":"eth_subscription","params":{"subscription":"0xbed0a0851463e895960a451075a301a9","result":"0xc4208b18941e12cc62f319555edc72864317eb8a5c8c5e24e5e71867debc94da"}}
[2m2025-12-10T10:11:16.037061Z[0m [34mDEBUG[0m [2mhyper::proto::h1::io[0m[2m:[0m parsed 4 headers
[2m2025-12-10T10:11:16.037066Z[0m [34mDEBUG[0m [2methereum_transaction_pool_monitor::eth_client[0m[2m:[0m 📨 Received pending transaction: 0xc4208b18941e12cc62f319555edc72864317eb8a5c8c5e24e5e71867debc94da
[2m2025-12-10T10:11:16.037072Z[0m [34mDEBUG[0m [2mhyper::proto::h1::conn[0m[2m:[0m incoming body is content-length (45 bytes)
[2m2025-12-10T10:11:16.037088Z[0m [34mDEBUG[0m [2mhyper::proto::h1::conn[0m[2m:[0m incoming body completed
[2m2025-12-10T10:11:16.037097Z[0m [34mDEBUG[0m [2mhyper::client::pool[0m[2m:[0m pooling idle connection for ("http", 192.168.0.14:8545)
[2m2025-12-10T10:11:16.037114Z[0m [34mDEBUG[0m [2mhyper::client::pool[0m[2m:[0m reuse idle connection for ("http", 192.168.0.14:8545)
[2m2025-12-10T10:11:16.037136Z[0m [34mDEBUG[0m [2mhyper::proto::h1::io[0m[2m:[0m flushed 172 bytes
[2m2025-12-10T10:11:16.040785Z[0m [34mDEBUG[0m [2mhyper::proto::h1::io[0m[2m:[0m parsed 4 headers
[2m2025-12-10T10:11:16.040799Z[0m [34mDEBUG[0m [2mhyper::proto::h1::conn[0m[2m:[0m incoming body is content-length (551 bytes)
[2m2025-12-10T10:11:16.040809Z[0m [34mDEBUG[0m [2mhyper::proto::h1::conn[0m[2m:[0m incoming body completed
[2m2025-12-10T10:11:16.040820Z[0m [34mDEBUG[0m [2mhyper::client::pool[0m[2m:[0m pooling idle connection for ("http", 192.168.0.14:8545)
[2m2025-12-10T10:11:16.040827Z[0m [34mDEBUG[0m [2methereum_transaction_pool_monitor::eth_client[0m[2m:[0m 📡 Transaction fetch RPC completed in 3.85875ms
[2m2025-12-10T10:11:16.111129Z[0m [34mDEBUG[0m [2methereum_transaction_pool_monitor::eth_client[0m[2m:[0m ✅ Transaction 0x0c6c2fc9f96c6eda16d5471180c9395ec8de27bc5fe4981eac1c20af24b90a4a fetched and parsed in 74.15825ms
[2m2025-12-10T10:11:16.111160Z[0m [34mDEBUG[0m [2methereum_transaction_pool_monitor::mempool_monitor[0m[2m:[0m 🔍 Skipping tx 0x0c6c2fc9f96c6eda16d5471180c9395ec8de27bc5fe4981eac1c20af24b90a4a - not a DEX interaction (target: 0xEbA88149813BEc1cCcccFDb0daCEFaaa5DE94cB1)
[2m2025-12-10T10:11:16.111170Z[0m [34mDEBUG[0m [2methereum_transaction_pool_monitor::mempool_monitor[0m[2m:[0m 📨 Processing new pending transaction: 0xca90a0d17164b853c8121fc782df6fc57cf75787a3c628e2b207fd77144a4aa1
[2m2025-12-10T10:11:16.111175Z[0m [34mDEBUG[0m [2methereum_transaction_pool_monitor::mempool_monitor[0m[2m:[0m 🔍 Fetching transaction details for: 0xca90a0d17164b853c8121fc782df6fc57cf75787a3c628e2b207fd77144a4aa1
[2m2025-12-10T10:11:16.111180Z[0m [34mDEBUG[0m [2methereum_transaction_pool_monitor::eth_client[0m[2m:[0m 🔍 Fetching transaction details for hash: 0xca90a0d17164b853c8121fc782df6fc57cf75787a3c628e2b207fd77144a4aa1
[2m2025-12-10T10:11:16.111198Z[0m [34mDEBUG[0m [2mhyper::client::pool[0m[2m:[0m reuse idle connection for ("http", 192.168.0.14:8545)
[2m2025-12-10T10:11:16.111252Z[0m [34mDEBUG[0m [2mhyper::proto::h1::io[0m[2m:[0m flushed 250 bytes
[2m2025-12-10T10:11:16.111276Z[0m [34mDEBUG[0m [2methereum_transaction_pool_monitor::eth_client[0m[2m:[0m 📨 Received WebSocket message: {"jsonrpc":"2.0","method":"eth_subscription","params":{"subscription":"0xbed0a0851463e895960a451075a301a9","result":"0xc4542d1ed5f0c910a0c1534b65575c70f8dc1e11771d363c70402d17051fa2f2"}}
[2m2025-12-10T10:11:16.111282Z[0m [34mDEBUG[0m [2mhyper::proto::h1::io[0m[2m:[0m parsed 4 headers
[2m2025-12-10T10:11:16.111284Z[0m [34mDEBUG[0m [2methereum_transaction_pool_monitor::eth_client[0m[2m:[0m 📨 Received pending transaction: 0xc4542d1ed5f0c910a0c1534b65575c70f8dc1e11771d363c70402d17051fa2f2
[2m2025-12-10T10:11:16.111291Z[0m [34mDEBUG[0m [2mhyper::proto::h1::conn[0m[2m:[0m incoming body is content-length (45 bytes)
[2m2025-12-10T10:11:16.111305Z[0m [34mDEBUG[0m [2mhyper::proto::h1::conn[0m[2m:[0m incoming body completed
[2m2025-12-10T10:11:16.111313Z[0m [34mDEBUG[0m [2mhyper::client::pool[0m[2m:[0m pooling idle connection for ("http", 192.168.0.14:8545)
[2m2025-12-10T10:11:16.111327Z[0m [34mDEBUG[0m [2mhyper::client::pool[0m[2m:[0m reuse idle connection for ("http", 192.168.0.14:8545)
[2m2025-12-10T10:11:16.111341Z[0m [34mDEBUG[0m [2mhyper::proto::h1::io[0m[2m:[0m flushed 172 bytes
[2m2025-12-10T10:11:16.118592Z[0m [34mDEBUG[0m [2mhyper::proto::h1::io[0m[2m:[0m parsed 4 headers
[2m2025-12-10T10:11:16.118606Z[0m [34mDEBUG[0m [2mhyper::proto::h1::conn[0m[2m:[0m incoming body is content-length (654 bytes)
[2m2025-12-10T10:11:16.118613Z[0m [34mDEBUG[0m [2mhyper::proto::h1::conn[0m[2m:[0m incoming body completed
[2m2025-12-10T10:11:16.118622Z[0m [34mDEBUG[0m [2mhyper::client::pool[0m[2m:[0m pooling idle connection for ("http", 192.168.0.14:8545)
[2m2025-12-10T10:11:16.118631Z[0m [34mDEBUG[0m [2methereum_transaction_pool_monitor::eth_client[0m[2m:[0m 📡 Transaction fetch RPC completed in 7.447208ms
[2m2025-12-10T10:11:16.188099Z[0m [34mDEBUG[0m [2methereum_transaction_pool_monitor::eth_client[0m[2m:[0m ✅ Transaction 0xca90a0d17164b853c8121fc782df6fc57cf75787a3c628e2b207fd77144a4aa1 fetched and parsed in 76.91325ms
[2m2025-12-10T10:11:16.188126Z[0m [34mDEBUG[0m [2methereum_transaction_pool_monitor::mempool_monitor[0m[2m:[0m 🔍 Skipping tx 0xca90a0d17164b853c8121fc782df6fc57cf75787a3c628e2b207fd77144a4aa1 - not a DEX interaction (target: 0x30F2864e7bf6E89a3955217C78c8689594228940)
[2m2025-12-10T10:11:16.188382Z[0m [34mDEBUG[0m [2methereum_transaction_pool_monitor::mempool_monitor[0m[2m:[0m 📨 Processing new pending transaction: 0xc4208b18941e12cc62f319555edc72864317eb8a5c8c5e24e5e71867debc94da
[2m2025-12-10T10:11:16.188389Z[0m [34mDEBUG[0m [2methereum_transaction_pool_monitor::mempool_monitor[0m[2m:[0m 🔍 Fetching transaction details for: 0xc4208b18941e12cc62f319555edc72864317eb8a5c8c5e24e5e71867debc94da
[2m2025-12-10T10:11:16.188393Z[0m [34mDEBUG[0m [2methereum_transaction_pool_monitor::eth_client[0m[2m:[0m 🔍 Fetching transaction details for hash: 0xc4208b18941e12cc62f319555edc72864317eb8a5c8c5e24e5e71867debc94da
[2m2025-12-10T10:11:16.188410Z[0m [34mDEBUG[0m [2mhyper::client::pool[0m[2m:[0m reuse idle connection for ("http", 192.168.0.14:8545)
[2m2025-12-10T10:11:16.188455Z[0m [34mDEBUG[0m [2mhyper::proto::h1::io[0m[2m:[0m flushed 250 bytes
[2m2025-12-10T10:11:16.188469Z[0m [34mDEBUG[0m [2mhyper::proto::h1::io[0m[2m:[0m parsed 4 headers
[2m2025-12-10T10:11:16.188474Z[0m [34mDEBUG[0m [2mhyper::proto::h1::conn[0m[2m:[0m incoming body is content-length (45 bytes)
[2m2025-12-10T10:11:16.188480Z[0m [34mDEBUG[0m [2mhyper::proto::h1::conn[0m[2m:[0m incoming body completed
[2m2025-12-10T10:11:16.188487Z[0m [34mDEBUG[0m [2mhyper::client::pool[0m[2m:[0m pooling idle connection for ("http", 192.168.0.14:8545)
[2m2025-12-10T10:11:16.193077Z[0m [34mDEBUG[0m [2mhyper::proto::h1::io[0m[2m:[0m parsed 4 headers
[2m2025-12-10T10:11:16.193085Z[0m [34mDEBUG[0m [2mhyper::proto::h1::conn[0m[2m:[0m incoming body is content-length (1731 bytes)
[2m2025-12-10T10:11:16.193091Z[0m [34mDEBUG[0m [2mhyper::proto::h1::conn[0m[2m:[0m incoming body completed
[2m2025-12-10T10:11:16.193098Z[0m [34mDEBUG[0m [2mhyper::client::pool[0m[2m:[0m pooling idle connection for ("http", 192.168.0.14:8545)
[2m2025-12-10T10:11:16.193104Z[0m [34mDEBUG[0m [2methereum_transaction_pool_monitor::eth_client[0m[2m:[0m 📡 Transaction fetch RPC completed in 4.706708ms
[2m2025-12-10T10:11:16.262407Z[0m [34mDEBUG[0m [2methereum_transaction_pool_monitor::eth_client[0m[2m:[0m ✅ Transaction 0xc4208b18941e12cc62f319555edc72864317eb8a5c8c5e24e5e71867debc94da fetched and parsed in 74.006875ms
[2m2025-12-10T10:11:16.262438Z[0m [34mDEBUG[0m [2methereum_transaction_pool_monitor::mempool_monitor[0m[2m:[0m 🔍 Skipping tx 0xc4208b18941e12cc62f319555edc72864317eb8a5c8c5e24e5e71867debc94da - not a DEX interaction (target: 0x601a2aD6CB5949f0529735254189Ba3194221EDF)
[2m2025-12-10T10:11:16.262449Z[0m [34mDEBUG[0m [2methereum_transaction_pool_monitor::mempool_monitor[0m[2m:[0m 📨 Processing new pending transaction: 0xc4542d1ed5f0c910a0c1534b65575c70f8dc1e11771d363c70402d17051fa2f2
[2m2025-12-10T10:11:16.262455Z[0m [34mDEBUG[0m [2methereum_transaction_pool_monitor::mempool_monitor[0m[2m:[0m 🔍 Fetching transaction details for: 0xc4542d1ed5f0c910a0c1534b65575c70f8dc1e11771d363c70402d17051fa2f2
[2m2025-12-10T10:11:16.262462Z[0m [34mDEBUG[0m [2methereum_transaction_pool_monitor::eth_client[0m[2m:[0m 🔍 Fetching transaction details for hash: 0xc4542d1ed5f0c910a0c1534b65575c70f8dc1e11771d363c70402d17051fa2f2
[2m2025-12-10T10:11:16.262482Z[0m [34mDEBUG[0m [2mhyper::client::pool[0m[2m:[0m reuse idle connection for ("http", 192.168.0.14:8545)
[2m2025-12-10T10:11:16.262532Z[0m [34mDEBUG[0m [2mhyper::proto::h1::io[0m[2m:[0m flushed 250 bytes
[2m2025-12-10T10:11:16.262560Z[0m [34mDEBUG[0m [2mhyper::client::pool[0m[2m:[0m reuse idle connection for ("http", 192.168.0.14:8545)
[2m2025-12-10T10:11:16.262574Z[0m [34mDEBUG[0m [2mhyper::proto::h1::io[0m[2m:[0m flushed 172 bytes
[2m2025-12-10T10:11:16.267910Z[0m [34mDEBUG[0m [2mhyper::proto::h1::io[0m[2m:[0m parsed 4 headers
[2m2025-12-10T10:11:16.267923Z[0m [34mDEBUG[0m [2mhyper::proto::h1::conn[0m[2m:[0m incoming body is content-length (45 bytes)
[2m2025-12-10T10:11:16.267931Z[0m [34mDEBUG[0m [2mhyper::proto::h1::conn[0m[2m:[0m incoming body completed
[2m2025-12-10T10:11:16.267939Z[0m [34mDEBUG[0m [2mhyper::client::pool[0m[2m:[0m pooling idle connection for ("http", 192.168.0.14:8545)
[2m2025-12-10T10:11:16.269229Z[0m [34mDEBUG[0m [2mhyper::proto::h1::io[0m[2m:[0m parsed 4 headers
[2m2025-12-10T10:11:16.269238Z[0m [34mDEBUG[0m [2mhyper::proto::h1::conn[0m[2m:[0m incoming body is content-length (645 bytes)
[2m2025-12-10T10:11:16.269244Z[0m [34mDEBUG[0m [2mhyper::proto::h1::conn[0m[2m:[0m incoming body completed
[2m2025-12-10T10:11:16.269251Z[0m [34mDEBUG[0m [2mhyper::client::pool[0m[2m:[0m pooling idle connection for ("http", 192.168.0.14:8545)
[2m2025-12-10T10:11:16.269256Z[0m [34mDEBUG[0m [2methereum_transaction_pool_monitor::eth_client[0m[2m:[0m 📡 Transaction fetch RPC completed in 6.785875ms
[2m2025-12-10T10:11:16.339071Z[0m [34mDEBUG[0m [2methereum_transaction_pool_monitor::eth_client[0m[2m:[0m ✅ Transaction 0xc4542d1ed5f0c910a0c1534b65575c70f8dc1e11771d363c70402d17051fa2f2 fetched and parsed in 76.597625ms
[2m2025-12-10T10:11:16.339097Z[0m [34mDEBUG[0m [2methereum_transaction_pool_monitor::mempool_monitor[0m[2m:[0m 🔍 Skipping tx 0xc4542d1ed5f0c910a0c1534b65575c70f8dc1e11771d363c70402d17051fa2f2 - not a DEX interaction (target: 0xdA5Fbf7B364B3834c114720526cD76fBAd7e379D)
[2m2025-12-10T10:11:16.339139Z[0m [34mDEBUG[0m [2mhyper::client::pool[0m[2m:[0m reuse idle connection for ("http", 192.168.0.14:8545)
[2m2025-12-10T10:11:16.339183Z[0m [34mDEBUG[0m [2mhyper::proto::h1::io[0m[2m:[0m flushed 172 bytes
[2m2025-12-10T10:11:16.342275Z[0m [34mDEBUG[0m [2mhyper::proto::h1::io[0m[2m:[0m parsed 4 headers
[2m2025-12-10T10:11:16.342283Z[0m [34mDEBUG[0m [2mhyper::proto::h1::conn[0m[2m:[0m incoming body is content-length (45 bytes)
[2m2025-12-10T10:11:16.342290Z[0m [34mDEBUG[0m [2mhyper::proto::h1::conn[0m[2m:[0m incoming body completed
[2m2025-12-10T10:11:16.342299Z[0m [34mDEBUG[0m [2mhyper::client::pool[0m[2m:[0m pooling idle connection for ("http", 192.168.0.14:8545)
[2m2025-12-10T10:11:16.399337Z[0m [34mDEBUG[0m [2mhyper::client::pool[0m[2m:[0m reuse idle connection for ("http", 192.168.0.14:8545)
[2m2025-12-10T10:11:16.399378Z[0m [34mDEBUG[0m [2mhyper::proto::h1::io[0m[2m:[0m flushed 172 bytes
[2m2025-12-10T10:11:16.403760Z[0m [34mDEBUG[0m [2mhyper::proto::h1::io[0m[2m:[0m parsed 4 headers
[2m2025-12-10T10:11:16.403771Z[0m [34mDEBUG[0m [2mhyper::proto::h1::conn[0m[2m:[0m incoming body is content-length (45 bytes)
[2m2025-12-10T10:11:16.403778Z[0m [34mDEBUG[0m [2mhyper::proto::h1::conn[0m[2m:[0m incoming body completed
[2m2025-12-10T10:11:16.403787Z[0m [34mDEBUG[0m [2mhyper::client::pool[0m[2m:[0m pooling idle connection for ("http", 192.168.0.14:8545)
[2m2025-12-10T10:11:16.450334Z[0m [34mDEBUG[0m [2methereum_transaction_pool_monitor::eth_client[0m[2m:[0m 📨 Received WebSocket message: {"jsonrpc":"2.0","method":"eth_subscription","params":{"subscription":"0xbed0a0851463e895960a451075a301a9","result":"0xe2a4a198ad0ccf2a8771668a459c85e29e602b0f97d4186a3a717d520f9d7c9c"}}
[2m2025-12-10T10:11:16.450352Z[0m [34mDEBUG[0m [2methereum_transaction_pool_monitor::eth_client[0m[2m:[0m 📨 Received pending transaction: 0xe2a4a198ad0ccf2a8771668a459c85e29e602b0f97d4186a3a717d520f9d7c9c
[2m2025-12-10T10:11:16.450360Z[0m [34mDEBUG[0m [2methereum_transaction_pool_monitor::mempool_monitor[0m[2m:[0m 📨 Processing new pending transaction: 0xe2a4a198ad0ccf2a8771668a459c85e29e602b0f97d4186a3a717d520f9d7c9c
[2m2025-12-10T10:11:16.450365Z[0m [34mDEBUG[0m [2methereum_transaction_pool_monitor::mempool_monitor[0m[2m:[0m 🔍 Fetching transaction details for: 0xe2a4a198ad0ccf2a8771668a459c85e29e602b0f97d4186a3a717d520f9d7c9c
[2m2025-12-10T10:11:16.450370Z[0m [34mDEBUG[0m [2methereum_transaction_pool_monitor::eth_client[0m[2m:[0m 🔍 Fetching transaction details for hash: 0xe2a4a198ad0ccf2a8771668a459c85e29e602b0f97d4186a3a717d520f9d7c9c
[2m2025-12-10T10:11:16.450386Z[0m [34mDEBUG[0m [2mhyper::client::pool[0m[2m:[0m reuse idle connection for ("http", 192.168.0.14:8545)
[2m2025-12-10T10:11:16.450412Z[0m [34mDEBUG[0m [2mhyper::proto::h1::io[0m[2m:[0m flushed 250 bytes
[2m2025-12-10T10:11:16.457001Z[0m [34mDEBUG[0m [2mhyper::proto::h1::io[0m[2m:[0m parsed 4 headers
[2m2025-12-10T10:11:16.457014Z[0m [34mDEBUG[0m [2mhyper::proto::h1::conn[0m[2m:[0m incoming body is content-length (2628 bytes)
[2m2025-12-10T10:11:16.457022Z[0m [34mDEBUG[0m [2mhyper::proto::h1::conn[0m[2m:[0m incoming body completed
[2m2025-12-10T10:11:16.457032Z[0m [34mDEBUG[0m [2mhyper::client::pool[0m[2m:[0m pooling idle connection for ("http", 192.168.0.14:8545)
[2m2025-12-10T10:11:16.457039Z[0m [34mDEBUG[0m [2methereum_transaction_pool_monitor::eth_client[0m[2m:[0m 📡 Transaction fetch RPC completed in 6.664917ms
[2m2025-12-10T10:11:16.531657Z[0m [34mDEBUG[0m [2methereum_transaction_pool_monitor::eth_client[0m[2m:[0m ✅ Transaction 0xe2a4a198ad0ccf2a8771668a459c85e29e602b0f97d4186a3a717d520f9d7c9c fetched and parsed in 81.280542ms
[2m2025-12-10T10:11:16.531682Z[0m [34mDEBUG[0m [2methereum_transaction_pool_monitor::mempool_monitor[0m[2m:[0m 🔍 Skipping tx 0xe2a4a198ad0ccf2a8771668a459c85e29e602b0f97d4186a3a717d520f9d7c9c - not a DEX interaction (target: 0x3B4D794a66304F130a4Db8F2551B0070dfCf5ca7)
[2m2025-12-10T10:11:16.531727Z[0m [34mDEBUG[0m [2mhyper::client::pool[0m[2m:[0m reuse idle connection for ("http", 192.168.0.14:8545)
[2m2025-12-10T10:11:16.531771Z[0m [34mDEBUG[0m [2mhyper::proto::h1::io[0m[2m:[0m flushed 172 bytes
[2m2025-12-10T10:11:16.535881Z[0m [34mDEBUG[0m [2mhyper::proto::h1::io[0m[2m:[0m parsed 4 headers
[2m2025-12-10T10:11:16.535887Z[0m [34mDEBUG[0m [2mhyper::proto::h1::conn[0m[2m:[0m incoming body is content-length (45 bytes)
[2m2025-12-10T10:11:16.535894Z[0m [34mDEBUG[0m [2mhyper::proto::h1::conn[0m[2m:[0m incoming body completed
[2m2025-12-10T10:11:16.535901Z[0m [34mDEBUG[0m [2mhyper::client::pool[0m[2m:[0m pooling idle connection for ("http", 192.168.0.14:8545)
[2m2025-12-10T10:11:16.597356Z[0m [34mDEBUG[0m [2mhyper::client::pool[0m[2m:[0m reuse idle connection for ("http", 192.168.0.14:8545)
[2m2025-12-10T10:11:16.597403Z[0m [34mDEBUG[0m [2mhyper::proto::h1::io[0m[2m:[0m flushed 172 bytes
[2m2025-12-10T10:11:16.600423Z[0m [34mDEBUG[0m [2mhyper::proto::h1::io[0m[2m:[0m parsed 4 headers
[2m2025-12-10T10:11:16.600429Z[0m [34mDEBUG[0m [2mhyper::proto::h1::conn[0m[2m:[0m incoming body is content-length (45 bytes)
[2m2025-12-10T10:11:16.600436Z[0m [34mDEBUG[0m [2mhyper::proto::h1::conn[0m[2m:[0m incoming body completed
[2m2025-12-10T10:11:16.600442Z[0m [34mDEBUG[0m [2mhyper::client::pool[0m[2m:[0m pooling idle connection for ("http", 192.168.0.14:8545)
[2m2025-12-10T10:11:16.614204Z[0m [34mDEBUG[0m [2methereum_transaction_pool_monitor::eth_client[0m[2m:[0m 📨 Received WebSocket message: {"jsonrpc":"2.0","method":"eth_subscription","params":{"subscription":"0xbed0a0851463e895960a451075a301a9","result":"0xe4a114c712240bc595c4d62e80294efc071b787a1e0558405845df36226e3f70"}}
[2m2025-12-10T10:11:16.614235Z[0m [34mDEBUG[0m [2methereum_transaction_pool_monitor::eth_client[0m[2m:[0m 📨 Received pending transaction: 0xe4a114c712240bc595c4d62e80294efc071b787a1e0558405845df36226e3f70
[2m2025-12-10T10:11:16.614249Z[0m [34mDEBUG[0m [2methereum_transaction_pool_monitor::mempool_monitor[0m[2m:[0m 📨 Processing new pending transaction: 0xe4a114c712240bc595c4d62e80294efc071b787a1e0558405845df36226e3f70
[2m2025-12-10T10:11:16.614255Z[0m [34mDEBUG[0m [2methereum_transaction_pool_monitor::mempool_monitor[0m[2m:[0m 🔍 Fetching transaction details for: 0xe4a114c712240bc595c4d62e80294efc071b787a1e0558405845df36226e3f70
[2m2025-12-10T10:11:16.614260Z[0m [34mDEBUG[0m [2methereum_transaction_pool_monitor::eth_client[0m[2m:[0m 🔍 Fetching transaction details for hash: 0xe4a114c712240bc595c4d62e80294efc071b787a1e0558405845df36226e3f70
[2m2025-12-10T10:11:16.614297Z[0m [34mDEBUG[0m [2mhyper::client::pool[0m[2m:[0m reuse idle connection for ("http", 192.168.0.14:8545)
[2m2025-12-10T10:11:16.614339Z[0m [34mDEBUG[0m [2mhyper::proto::h1::io[0m[2m:[0m flushed 250 bytes
[2m2025-12-10T10:11:16.619132Z[0m [34mDEBUG[0m [2mhyper::proto::h1::io[0m[2m:[0m parsed 4 headers
[2m2025-12-10T10:11:16.619144Z[0m [34mDEBUG[0m [2mhyper::proto::h1::conn[0m[2m:[0m incoming body is content-length (649 bytes)
[2m2025-12-10T10:11:16.619155Z[0m [34mDEBUG[0m [2mhyper::proto::h1::conn[0m[2m:[0m incoming body completed
[2m2025-12-10T10:11:16.619164Z[0m [34mDEBUG[0m [2mhyper::client::pool[0m[2m:[0m pooling idle connection for ("http", 192.168.0.14:8545)
[2m2025-12-10T10:11:16.619172Z[0m [34mDEBUG[0m [2methereum_transaction_pool_monitor::eth_client[0m[2m:[0m 📡 Transaction fetch RPC completed in 4.907708ms
[2m2025-12-10T10:11:16.691455Z[0m [34mDEBUG[0m [2methereum_transaction_pool_monitor::eth_client[0m[2m:[0m ✅ Transaction 0xe4a114c712240bc595c4d62e80294efc071b787a1e0558405845df36226e3f70 fetched and parsed in 77.188625ms
[2m2025-12-10T10:11:16.691482Z[0m [34mDEBUG[0m [2methereum_transaction_pool_monitor::mempool_monitor[0m[2m:[0m 🔍 Skipping tx 0xe4a114c712240bc595c4d62e80294efc071b787a1e0558405845df36226e3f70 - not a DEX interaction (target: 0xBaB0d417588AEeC60578d4F66a552952C4b1e4f1)
[2m2025-12-10T10:11:16.691539Z[0m [34mDEBUG[0m [2methereum_transaction_pool_monitor::eth_client[0m[2m:[0m 📨 Received WebSocket message: {"jsonrpc":"2.0","method":"eth_subscription","params":{"subscription":"0xbed0a0851463e895960a451075a301a9","result":"0x169888464c51496297e94e879cfbc5364bce98bffe583628138cfe7ca9eff7e7"}}
[2m2025-12-10T10:11:16.691549Z[0m [34mDEBUG[0m [2methereum_transaction_pool_monitor::eth_client[0m[2m:[0m 📨 Received pending transaction: 0x169888464c51496297e94e879cfbc5364bce98bffe583628138cfe7ca9eff7e7
[2m2025-12-10T10:11:16.691557Z[0m [34mDEBUG[0m [2methereum_transaction_pool_monitor::mempool_monitor[0m[2m:[0m 📨 Processing new pending transaction: 0x169888464c51496297e94e879cfbc5364bce98bffe583628138cfe7ca9eff7e7
[2m2025-12-10T10:11:16.691564Z[0m [34mDEBUG[0m [2methereum_transaction_pool_monitor::mempool_monitor[0m[2m:[0m 🔍 Fetching transaction details for: 0x169888464c51496297e94e879cfbc5364bce98bffe583628138cfe7ca9eff7e7
[2m2025-12-10T10:11:16.691569Z[0m [34mDEBUG[0m [2methereum_transaction_pool_monitor::eth_client[0m[2m:[0m 🔍 Fetching transaction details for hash: 0x169888464c51496297e94e879cfbc5364bce98bffe583628138cfe7ca9eff7e7
[2m2025-12-10T10:11:16.691589Z[0m [34mDEBUG[0m [2mhyper::client::pool[0m[2m:[0m reuse idle connection for ("http", 192.168.0.14:8545)
[2m2025-12-10T10:11:16.691610Z[0m [34mDEBUG[0m [2mhyper::proto::h1::io[0m[2m:[0m flushed 250 bytes
[2m2025-12-10T10:11:16.697890Z[0m [34mDEBUG[0m [2mhyper::client::pool[0m[2m:[0m reuse idle connection for ("http", 192.168.0.14:8545)
[2m2025-12-10T10:11:16.699159Z[0m [34mDEBUG[0m [2mhyper::proto::h1::io[0m[2m:[0m flushed 172 bytes
[2m2025-12-10T10:11:16.700065Z[0m [34mDEBUG[0m [2mhyper::proto::h1::io[0m[2m:[0m parsed 4 headers
[2m2025-12-10T10:11:16.700075Z[0m [34mDEBUG[0m [2mhyper::proto::h1::conn[0m[2m:[0m incoming body is content-length (899 bytes)
[2m2025-12-10T10:11:16.700085Z[0m [34mDEBUG[0m [2mhyper::proto::h1::conn[0m[2m:[0m incoming body completed
[2m2025-12-10T10:11:16.700094Z[0m [34mDEBUG[0m [2mhyper::client::pool[0m[2m:[0m pooling idle connection for ("http", 192.168.0.14:8545)
[2m2025-12-10T10:11:16.700101Z[0m [34mDEBUG[0m [2methereum_transaction_pool_monitor::eth_client[0m[2m:[0m 📡 Transaction fetch RPC completed in 8.526625ms
[2m2025-12-10T10:11:16.774851Z[0m [34mDEBUG[0m [2methereum_transaction_pool_monitor::eth_client[0m[2m:[0m ✅ Transaction 0x169888464c51496297e94e879cfbc5364bce98bffe583628138cfe7ca9eff7e7 fetched and parsed in 83.273083ms
[2m2025-12-10T10:11:16.774965Z[0m [34mDEBUG[0m [2methereum_transaction_pool_monitor::mempool_monitor[0m[2m:[0m 🔍 Skipping tx 0x169888464c51496297e94e879cfbc5364bce98bffe583628138cfe7ca9eff7e7 - not a DEX interaction (target: 0x62b397afd9DFb2166C57323Fa3bBeaAceeCb3460)
[2m2025-12-10T10:11:16.775012Z[0m [34mDEBUG[0m [2mhyper::proto::h1::io[0m[2m:[0m parsed 4 headers
[2m2025-12-10T10:11:16.775024Z[0m [34mDEBUG[0m [2methereum_transaction_pool_monitor::eth_client[0m[2m:[0m 📨 Received WebSocket message: {"jsonrpc":"2.0","method":"eth_subscription","params":{"subscription":"0xbed0a0851463e895960a451075a301a9","result":"0x994866a1f45ba10fbd8be8cede167a07c63c3558f01b1c106085abddeba7289e"}}
[2m2025-12-10T10:11:16.775027Z[0m [34mDEBUG[0m [2mhyper::proto::h1::conn[0m[2m:[0m incoming body is content-length (45 bytes)
[2m2025-12-10T10:11:16.775040Z[0m [34mDEBUG[0m [2methereum_transaction_pool_monitor::eth_client[0m[2m:[0m 📨 Received pending transaction: 0x994866a1f45ba10fbd8be8cede167a07c63c3558f01b1c106085abddeba7289e
[2m2025-12-10T10:11:16.775045Z[0m [34mDEBUG[0m [2mhyper::proto::h1::conn[0m[2m:[0m incoming body completed
[2m2025-12-10T10:11:16.775050Z[0m [34mDEBUG[0m [2methereum_transaction_pool_monitor::mempool_monitor[0m[2m:[0m 📨 Processing new pending transaction: 0x994866a1f45ba10fbd8be8cede167a07c63c3558f01b1c106085abddeba7289e
[2m2025-12-10T10:11:16.775060Z[0m [34mDEBUG[0m [2methereum_transaction_pool_monitor::mempool_monitor[0m[2m:[0m 🔍 Fetching transaction details for: 0x994866a1f45ba10fbd8be8cede167a07c63c3558f01b1c106085abddeba7289e
[2m2025-12-10T10:11:16.775067Z[0m [34mDEBUG[0m [2methereum_transaction_pool_monitor::eth_client[0m[2m:[0m 🔍 Fetching transaction details for hash: 0x994866a1f45ba10fbd8be8cede167a07c63c3558f01b1c106085abddeba7289e
[2m2025-12-10T10:11:16.775061Z[0m [34mDEBUG[0m [2mhyper::client::pool[0m[2m:[0m pooling idle connection for ("http", 192.168.0.14:8545)
[2m2025-12-10T10:11:16.775088Z[0m [34mDEBUG[0m [2mhyper::client::pool[0m[2m:[0m reuse idle connection for ("http", 192.168.0.14:8545)
[2m2025-12-10T10:11:16.775111Z[0m [34mDEBUG[0m [2mhyper::proto::h1::io[0m[2m:[0m flushed 250 bytes
[2m2025-12-10T10:11:16.779409Z[0m [34mDEBUG[0m [2mhyper::proto::h1::io[0m[2m:[0m parsed 4 headers
[2m2025-12-10T10:11:16.779418Z[0m [34mDEBUG[0m [2mhyper::proto::h1::conn[0m[2m:[0m incoming body is content-length (762 bytes)
[2m2025-12-10T10:11:16.779424Z[0m [34mDEBUG[0m [2mhyper::proto::h1::conn[0m[2m:[0m incoming body completed
[2m2025-12-10T10:11:16.779433Z[0m [34mDEBUG[0m [2mhyper::client::pool[0m[2m:[0m pooling idle connection for ("http", 192.168.0.14:8545)
[2m2025-12-10T10:11:16.779440Z[0m [34mDEBUG[0m [2methereum_transaction_pool_monitor::eth_client[0m[2m:[0m 📡 Transaction fetch RPC completed in 4.36525ms
[2m2025-12-10T10:11:16.779454Z[0m [34mDEBUG[0m [2methereum_transaction_pool_monitor::eth_client[0m[2m:[0m DeFi transaction detected - Address: 0xdac17f958d2ee523a2206206994597c13d831ec7, Type: Stablecoin, Value: 0 ETH, Gas: 0.23 Gwei
[2m2025-12-10T10:11:16.779466Z[0m [34mDEBUG[0m [2methereum_transaction_pool_monitor::eth_client[0m[2m:[0m ✅ Transaction 0x994866a1f45ba10fbd8be8cede167a07c63c3558f01b1c106085abddeba7289e fetched and parsed in 4.391583ms
[2m2025-12-10T10:11:16.779472Z[0m [34mDEBUG[0m [2methereum_transaction_pool_monitor::mempool_monitor[0m[2m:[0m 🔍 Skipping tx 0x994866a1f45ba10fbd8be8cede167a07c63c3558f01b1c106085abddeba7289e - not a DEX interaction (target: 0xdAC17F958D2ee523a2206206994597C13D831ec7)
[2m2025-12-10T10:11:16.797305Z[0m [34mDEBUG[0m [2mhyper::client::pool[0m[2m:[0m reuse idle connection for ("http", 192.168.0.14:8545)
[2m2025-12-10T10:11:16.797349Z[0m [34mDEBUG[0m [2mhyper::proto::h1::io[0m[2m:[0m flushed 172 bytes
[2m2025-12-10T10:11:16.802302Z[0m [34mDEBUG[0m [2mhyper::proto::h1::io[0m[2m:[0m parsed 4 headers
[2m2025-12-10T10:11:16.802314Z[0m [34mDEBUG[0m [2mhyper::proto::h1::conn[0m[2m:[0m incoming body is content-length (45 bytes)
[2m2025-12-10T10:11:16.802322Z[0m [34mDEBUG[0m [2mhyper::proto::h1::conn[0m[2m:[0m incoming body completed
[2m2025-12-10T10:11:16.802331Z[0m [34mDEBUG[0m [2mhyper::client::pool[0m[2m:[0m pooling idle connection for ("http", 192.168.0.14:8545)
[2m2025-12-10T10:11:16.898980Z[0m [34mDEBUG[0m [2mhyper::client::pool[0m[2m:[0m reuse idle connection for ("http", 192.168.0.14:8545)
[2m2025-12-10T10:11:16.899029Z[0m [34mDEBUG[0m [2mhyper::proto::h1::io[0m[2m:[0m flushed 172 bytes
[2m2025-12-10T10:11:16.902577Z[0m [34mDEBUG[0m [2mhyper::proto::h1::io[0m[2m:[0m parsed 4 headers
[2m2025-12-10T10:11:16.902587Z[0m [34mDEBUG[0m [2mhyper::proto::h1::conn[0m[2m:[0m incoming body is content-length (45 bytes)
[2m2025-12-10T10:11:16.902594Z[0m [34mDEBUG[0m [2mhyper::proto::h1::conn[0m[2m:[0m incoming body completed
[2m2025-12-10T10:11:16.902602Z[0m [34mDEBUG[0m [2mhyper::client::pool[0m[2m:[0m pooling idle connection for ("http", 192.168.0.14:8545)
[2m2025-12-10T10:11:16.917356Z[0m [34mDEBUG[0m [2methereum_transaction_pool_monitor::eth_client[0m[2m:[0m 📨 Received WebSocket message: {"jsonrpc":"2.0","method":"eth_subscription","params":{"subscription":"0xbed0a0851463e895960a451075a301a9","result":"0x8009ece2525feab0e23eb01c83428116129c580248f2dfe0d3bdf798edaf2c8d"}}
[2m2025-12-10T10:11:16.918043Z[0m [34mDEBUG[0m [2methereum_transaction_pool_monitor::eth_client[0m[2m:[0m 📨 Received pending transaction: 0x8009ece2525feab0e23eb01c83428116129c580248f2dfe0d3bdf798edaf2c8d
[2m2025-12-10T10:11:16.918052Z[0m [34mDEBUG[0m [2methereum_transaction_pool_monitor::mempool_monitor[0m[2m:[0m 📨 Processing new pending transaction: 0x8009ece2525feab0e23eb01c83428116129c580248f2dfe0d3bdf798edaf2c8d
[2m2025-12-10T10:11:16.918056Z[0m [34mDEBUG[0m [2methereum_transaction_pool_monitor::mempool_monitor[0m[2m:[0m 🔍 Fetching transaction details for: 0x8009ece2525feab0e23eb01c83428116129c580248f2dfe0d3bdf798edaf2c8d
[2m2025-12-10T10:11:16.918060Z[0m [34mDEBUG[0m [2methereum_transaction_pool_monitor::eth_client[0m[2m:[0m 🔍 Fetching transaction details for hash: 0x8009ece2525feab0e23eb01c83428116129c580248f2dfe0d3bdf798edaf2c8d
[2m2025-12-10T10:11:16.918076Z[0m [34mDEBUG[0m [2mhyper::client::pool[0m[2m:[0m reuse idle connection for ("http", 192.168.0.14:8545)
[2m2025-12-10T10:11:16.918097Z[0m [34mDEBUG[0m [2mhyper::proto::h1::io[0m[2m:[0m flushed 250 bytes
[2m2025-12-10T10:11:16.922467Z[0m [34mDEBUG[0m [2mhyper::proto::h1::io[0m[2m:[0m parsed 4 headers
[2m2025-12-10T10:11:16.922478Z[0m [34mDEBUG[0m [2mhyper::proto::h1::conn[0m[2m:[0m incoming body is content-length (769 bytes)
[2m2025-12-10T10:11:16.922490Z[0m [34mDEBUG[0m [2mhyper::proto::h1::conn[0m[2m:[0m incoming body completed
[2m2025-12-10T10:11:16.922503Z[0m [34mDEBUG[0m [2mhyper::client::pool[0m[2m:[0m pooling idle connection for ("http", 192.168.0.14:8545)
[2m2025-12-10T10:11:16.922515Z[0m [34mDEBUG[0m [2methereum_transaction_pool_monitor::eth_client[0m[2m:[0m 📡 Transaction fetch RPC completed in 4.450291ms
[2m2025-12-10T10:11:16.922539Z[0m [34mDEBUG[0m [2methereum_transaction_pool_monitor::eth_client[0m[2m:[0m DeFi transaction detected - Address: 0xdac17f958d2ee523a2206206994597c13d831ec7, Type: Stablecoin, Value: 0 ETH, Gas: 0.23 Gwei
[2m2025-12-10T10:11:16.922562Z[0m [34mDEBUG[0m [2methereum_transaction_pool_monitor::eth_client[0m[2m:[0m ✅ Transaction 0x8009ece2525feab0e23eb01c83428116129c580248f2dfe0d3bdf798edaf2c8d fetched and parsed in 4.4975ms
[2m2025-12-10T10:11:16.922574Z[0m [34mDEBUG[0m [2methereum_transaction_pool_monitor::mempool_monitor[0m[2m:[0m 🔍 Skipping tx 0x8009ece2525feab0e23eb01c83428116129c580248f2dfe0d3bdf798edaf2c8d - not a DEX interaction (target: 0xdAC17F958D2ee523a2206206994597C13D831ec7)
[2m2025-12-10T10:11:16.928722Z[0m [34mDEBUG[0m [2methereum_transaction_pool_monitor::eth_client[0m[2m:[0m 📨 Received WebSocket message: {"jsonrpc":"2.0","method":"eth_subscription","params":{"subscription":"0xbed0a0851463e895960a451075a301a9","result":"0x2eb0fb1c53efa119a095789094fbb42d8ebf5e0fd6f577846c99d69f36bc9345"}}
[2m2025-12-10T10:11:16.931424Z[0m [34mDEBUG[0m [2methereum_transaction_pool_monitor::eth_client[0m[2m:[0m 📨 Received pending transaction: 0x2eb0fb1c53efa119a095789094fbb42d8ebf5e0fd6f577846c99d69f36bc9345
[2m2025-12-10T10:11:16.931438Z[0m [34mDEBUG[0m [2methereum_transaction_pool_monitor::mempool_monitor[0m[2m:[0m 📨 Processing new pending transaction: 0x2eb0fb1c53efa119a095789094fbb42d8ebf5e0fd6f577846c99d69f36bc9345
[2m2025-12-10T10:11:16.931451Z[0m [34mDEBUG[0m [2methereum_transaction_pool_monitor::mempool_monitor[0m[2m:[0m 🔍 Fetching transaction details for: 0x2eb0fb1c53efa119a095789094fbb42d8ebf5e0fd6f577846c99d69f36bc9345
[2m2025-12-10T10:11:16.931457Z[0m [34mDEBUG[0m [2methereum_transaction_pool_monitor::eth_client[0m[2m:[0m 🔍 Fetching transaction details for hash: 0x2eb0fb1c53efa119a095789094fbb42d8ebf5e0fd6f577846c99d69f36bc9345
[2m2025-12-10T10:11:16.931476Z[0m [34mDEBUG[0m [2mhyper::client::pool[0m[2m:[0m reuse idle connection for ("http", 192.168.0.14:8545)
[2m2025-12-10T10:11:16.931505Z[0m [34mDEBUG[0m [2mhyper::proto::h1::io[0m[2m:[0m flushed 250 bytes
[2m2025-12-10T10:11:16.931520Z[0m [34mDEBUG[0m [2methereum_transaction_pool_monitor::eth_client[0m[2m:[0m 📨 Received WebSocket message: {"jsonrpc":"2.0","method":"eth_subscription","params":{"subscription":"0xbed0a0851463e895960a451075a301a9","result":"0x1fe0a0a9ab88b8abca787ef847b516e6005998d071df62435650fccf124b496a"}}
[2m2025-12-10T10:11:16.931528Z[0m [34mDEBUG[0m [2methereum_transaction_pool_monitor::eth_client[0m[2m:[0m 📨 Received pending transaction: 0x1fe0a0a9ab88b8abca787ef847b516e6005998d071df62435650fccf124b496a
[2m2025-12-10T10:11:16.936023Z[0m [34mDEBUG[0m [2mhyper::proto::h1::io[0m[2m:[0m parsed 4 headers
[2m2025-12-10T10:11:16.936040Z[0m [34mDEBUG[0m [2mhyper::proto::h1::conn[0m[2m:[0m incoming body is content-length (771 bytes)
[2m2025-12-10T10:11:16.936050Z[0m [34mDEBUG[0m [2mhyper::proto::h1::conn[0m[2m:[0m incoming body completed
[2m2025-12-10T10:11:16.936060Z[0m [34mDEBUG[0m [2mhyper::client::pool[0m[2m:[0m pooling idle connection for ("http", 192.168.0.14:8545)
[2m2025-12-10T10:11:16.936067Z[0m [34mDEBUG[0m [2methereum_transaction_pool_monitor::eth_client[0m[2m:[0m 📡 Transaction fetch RPC completed in 4.60275ms
[2m2025-12-10T10:11:17.009800Z[0m [34mDEBUG[0m [2methereum_transaction_pool_monitor::eth_client[0m[2m:[0m ✅ Transaction 0x2eb0fb1c53efa119a095789094fbb42d8ebf5e0fd6f577846c99d69f36bc9345 fetched and parsed in 78.333709ms
[2m2025-12-10T10:11:17.009827Z[0m [34mDEBUG[0m [2methereum_transaction_pool_monitor::mempool_monitor[0m[2m:[0m 🔍 Skipping tx 0x2eb0fb1c53efa119a095789094fbb42d8ebf5e0fd6f577846c99d69f36bc9345 - not a DEX interaction (target: 0xB8f28C60dD8240141185a192fa4156A23E189305)
[2m2025-12-10T10:11:17.009836Z[0m [34mDEBUG[0m [2methereum_transaction_pool_monitor::mempool_monitor[0m[2m:[0m 📨 Processing new pending transaction: 0x1fe0a0a9ab88b8abca787ef847b516e6005998d071df62435650fccf124b496a
[2m2025-12-10T10:11:17.009841Z[0m [34mDEBUG[0m [2methereum_transaction_pool_monitor::mempool_monitor[0m[2m:[0m 🔍 Fetching transaction details for: 0x1fe0a0a9ab88b8abca787ef847b516e6005998d071df62435650fccf124b496a
[2m2025-12-10T10:11:17.009846Z[0m [34mDEBUG[0m [2methereum_transaction_pool_monitor::eth_client[0m[2m:[0m 🔍 Fetching transaction details for hash: 0x1fe0a0a9ab88b8abca787ef847b516e6005998d071df62435650fccf124b496a
[2m2025-12-10T10:11:17.009865Z[0m [34mDEBUG[0m [2mhyper::client::pool[0m[2m:[0m reuse idle connection for ("http", 192.168.0.14:8545)
[2m2025-12-10T10:11:17.009905Z[0m [34mDEBUG[0m [2mhyper::proto::h1::io[0m[2m:[0m flushed 250 bytes
[2m2025-12-10T10:11:17.009927Z[0m [34mDEBUG[0m [2mhyper::client::pool[0m[2m:[0m reuse idle connection for ("http", 192.168.0.14:8545)
[2m2025-12-10T10:11:17.009942Z[0m [34mDEBUG[0m [2methereum_transaction_pool_monitor::eth_client[0m[2m:[0m 📨 Received WebSocket message: {"jsonrpc":"2.0","method":"eth_subscription","params":{"subscription":"0xbed0a0851463e895960a451075a301a9","result":"0xd6ea84d4c2575fc5dd7b7f71683bf713be032340e5c063b6c26e2bd42ea89b8e"}}
[2m2025-12-10T10:11:17.009945Z[0m [34mDEBUG[0m [2mhyper::proto::h1::io[0m[2m:[0m flushed 172 bytes
[2m2025-12-10T10:11:17.009954Z[0m [34mDEBUG[0m [2methereum_transaction_pool_monitor::eth_client[0m[2m:[0m 📨 Received pending transaction: 0xd6ea84d4c2575fc5dd7b7f71683bf713be032340e5c063b6c26e2bd42ea89b8e
[2m2025-12-10T10:11:17.013663Z[0m [34mDEBUG[0m [2mhyper::proto::h1::io[0m[2m:[0m parsed 4 headers
[2m2025-12-10T10:11:17.013690Z[0m [34mDEBUG[0m [2mhyper::proto::h1::conn[0m[2m:[0m incoming body is content-length (772 bytes)
[2m2025-12-10T10:11:17.013722Z[0m [34mDEBUG[0m [2mhyper::proto::h1::conn[0m[2m:[0m incoming body completed
[2m2025-12-10T10:11:17.013730Z[0m [34mDEBUG[0m [2mhyper::client::pool[0m[2m:[0m pooling idle connection for ("http", 192.168.0.14:8545)
[2m2025-12-10T10:11:17.013735Z[0m [34mDEBUG[0m [2methereum_transaction_pool_monitor::eth_client[0m[2m:[0m 📡 Transaction fetch RPC completed in 3.885333ms
[2m2025-12-10T10:11:17.013749Z[0m [34mDEBUG[0m [2methereum_transaction_pool_monitor::eth_client[0m[2m:[0m DeFi transaction detected - Address: 0xdac17f958d2ee523a2206206994597c13d831ec7, Type: Stablecoin, Value: 0 ETH, Gas: 0.73 Gwei
[2m2025-12-10T10:11:17.013762Z[0m [34mDEBUG[0m [2methereum_transaction_pool_monitor::eth_client[0m[2m:[0m ✅ Transaction 0x1fe0a0a9ab88b8abca787ef847b516e6005998d071df62435650fccf124b496a fetched and parsed in 3.912333ms
[2m2025-12-10T10:11:17.013773Z[0m [34mDEBUG[0m [2methereum_transaction_pool_monitor::mempool_monitor[0m[2m:[0m 🔍 Skipping tx 0x1fe0a0a9ab88b8abca787ef847b516e6005998d071df62435650fccf124b496a - not a DEX interaction (target: 0xdAC17F958D2ee523a2206206994597C13D831ec7)
[2m2025-12-10T10:11:17.013779Z[0m [34mDEBUG[0m [2methereum_transaction_pool_monitor::mempool_monitor[0m[2m:[0m 📨 Processing new pending transaction: 0xd6ea84d4c2575fc5dd7b7f71683bf713be032340e5c063b6c26e2bd42ea89b8e
[2m2025-12-10T10:11:17.013783Z[0m [34mDEBUG[0m [2methereum_transaction_pool_monitor::mempool_monitor[0m[2m:[0m 🔍 Fetching transaction details for: 0xd6ea84d4c2575fc5dd7b7f71683bf713be032340e5c063b6c26e2bd42ea89b8e
[2m2025-12-10T10:11:17.013786Z[0m [34mDEBUG[0m [2methereum_transaction_pool_monitor::eth_client[0m[2m:[0m 🔍 Fetching transaction details for hash: 0xd6ea84d4c2575fc5dd7b7f71683bf713be032340e5c063b6c26e2bd42ea89b8e
[2m2025-12-10T10:11:17.013796Z[0m [34mDEBUG[0m [2mhyper::client::pool[0m[2m:[0m reuse idle connection for ("http", 192.168.0.14:8545)
[2m2025-12-10T10:11:17.013812Z[0m [34mDEBUG[0m [2mhyper::proto::h1::io[0m[2m:[0m flushed 250 bytes
[2m2025-12-10T10:11:17.015319Z[0m [34mDEBUG[0m [2mhyper::proto::h1::io[0m[2m:[0m parsed 4 headers
[2m2025-12-10T10:11:17.015341Z[0m [34mDEBUG[0m [2mhyper::proto::h1::conn[0m[2m:[0m incoming body is content-length (45 bytes)
[2m2025-12-10T10:11:17.015360Z[0m [34mDEBUG[0m [2mhyper::proto::h1::conn[0m[2m:[0m incoming body completed
[2m2025-12-10T10:11:17.015374Z[0m [34mDEBUG[0m [2mhyper::client::pool[0m[2m:[0m pooling idle connection for ("http", 192.168.0.14:8545)
[2m2025-12-10T10:11:17.017372Z[0m [34mDEBUG[0m [2mhyper::proto::h1::io[0m[2m:[0m parsed 4 headers
[2m2025-12-10T10:11:17.017380Z[0m [34mDEBUG[0m [2mhyper::proto::h1::conn[0m[2m:[0m incoming body is content-length (1029 bytes)
[2m2025-12-10T10:11:17.017385Z[0m [34mDEBUG[0m [2mhyper::proto::h1::conn[0m[2m:[0m incoming body completed
[2m2025-12-10T10:11:17.018109Z[0m [34mDEBUG[0m [2mhyper::client::pool[0m[2m:[0m pooling idle connection for ("http", 192.168.0.14:8545)
[2m2025-12-10T10:11:17.018118Z[0m [34mDEBUG[0m [2methereum_transaction_pool_monitor::eth_client[0m[2m:[0m 📡 Transaction fetch RPC completed in 4.328125ms
[2m2025-12-10T10:11:17.086118Z[0m [34mDEBUG[0m [2methereum_transaction_pool_monitor::eth_client[0m[2m:[0m ✅ Transaction 0xd6ea84d4c2575fc5dd7b7f71683bf713be032340e5c063b6c26e2bd42ea89b8e fetched and parsed in 72.325583ms
[2m2025-12-10T10:11:17.086134Z[0m [34mDEBUG[0m [2methereum_transaction_pool_monitor::mempool_monitor[0m[2m:[0m 🔍 Skipping tx 0xd6ea84d4c2575fc5dd7b7f71683bf713be032340e5c063b6c26e2bd42ea89b8e - not a DEX interaction (target: 0xc02Ab410f0734EFa3F14628780e6e695156024C2)
[2m2025-12-10T10:11:17.099208Z[0m [34mDEBUG[0m [2mhyper::client::pool[0m[2m:[0m reuse idle connection for ("http", 192.168.0.14:8545)
[2m2025-12-10T10:11:17.099262Z[0m [34mDEBUG[0m [2mhyper::proto::h1::io[0m[2m:[0m flushed 172 bytes
[2m2025-12-10T10:11:17.104469Z[0m [34mDEBUG[0m [2mhyper::proto::h1::io[0m[2m:[0m parsed 4 headers
[2m2025-12-10T10:11:17.104475Z[0m [34mDEBUG[0m [2mhyper::proto::h1::conn[0m[2m:[0m incoming body is content-length (45 bytes)
[2m2025-12-10T10:11:17.104483Z[0m [34mDEBUG[0m [2mhyper::proto::h1::conn[0m[2m:[0m incoming body completed
[2m2025-12-10T10:11:17.104490Z[0m [34mDEBUG[0m [2mhyper::client::pool[0m[2m:[0m pooling idle connection for ("http", 192.168.0.14:8545)
[2m2025-12-10T10:11:17.199545Z[0m [34mDEBUG[0m [2mhyper::client::pool[0m[2m:[0m reuse idle connection for ("http", 192.168.0.14:8545)
[2m2025-12-10T10:11:17.199588Z[0m [34mDEBUG[0m [2mhyper::proto::h1::io[0m[2m:[0m flushed 172 bytes
[2m2025-12-10T10:11:17.204525Z[0m [34mDEBUG[0m [2mhyper::proto::h1::io[0m[2m:[0m parsed 4 headers
[2m2025-12-10T10:11:17.204533Z[0m [34mDEBUG[0m [2mhyper::proto::h1::conn[0m[2m:[0m incoming body is content-length (45 bytes)
[2m2025-12-10T10:11:17.204540Z[0m [34mDEBUG[0m [2mhyper::proto::h1::conn[0m[2m:[0m incoming body completed
[2m2025-12-10T10:11:17.204549Z[0m [34mDEBUG[0m [2mhyper::client::pool[0m[2m:[0m pooling idle connection for ("http", 192.168.0.14:8545)
[2m2025-12-10T10:11:17.208380Z[0m [34mDEBUG[0m [2methereum_transaction_pool_monitor::eth_client[0m[2m:[0m 📨 Received WebSocket message: {"jsonrpc":"2.0","method":"eth_subscription","params":{"subscription":"0xbed0a0851463e895960a451075a301a9","result":"0xfbdc492b98b7a52a926b9e96c9d0495a66db34955473fed51b55eac8c5d52c3f"}}
[2m2025-12-10T10:11:17.208398Z[0m [34mDEBUG[0m [2methereum_transaction_pool_monitor::eth_client[0m[2m:[0m 📨 Received pending transaction: 0xfbdc492b98b7a52a926b9e96c9d0495a66db34955473fed51b55eac8c5d52c3f
[2m2025-12-10T10:11:17.208406Z[0m [34mDEBUG[0m [2methereum_transaction_pool_monitor::mempool_monitor[0m[2m:[0m 📨 Processing new pending transaction: 0xfbdc492b98b7a52a926b9e96c9d0495a66db34955473fed51b55eac8c5d52c3f
[2m2025-12-10T10:11:17.208411Z[0m [34mDEBUG[0m [2methereum_transaction_pool_monitor::mempool_monitor[0m[2m:[0m 🔍 Fetching transaction details for: 0xfbdc492b98b7a52a926b9e96c9d0495a66db34955473fed51b55eac8c5d52c3f
[2m2025-12-10T10:11:17.208416Z[0m [34mDEBUG[0m [2methereum_transaction_pool_monitor::eth_client[0m[2m:[0m 🔍 Fetching transaction details for hash: 0xfbdc492b98b7a52a926b9e96c9d0495a66db34955473fed51b55eac8c5d52c3f
[2m2025-12-10T10:11:17.208432Z[0m [34mDEBUG[0m [2mhyper::client::pool[0m[2m:[0m reuse idle connection for ("http", 192.168.0.14:8545)
[2m2025-12-10T10:11:17.208454Z[0m [34mDEBUG[0m [2mhyper::proto::h1::io[0m[2m:[0m flushed 250 bytes
[2m2025-12-10T10:11:17.215857Z[0m [34mDEBUG[0m [2mhyper::proto::h1::io[0m[2m:[0m parsed 4 headers
[2m2025-12-10T10:11:17.215901Z[0m [34mDEBUG[0m [2mhyper::proto::h1::conn[0m[2m:[0m incoming body is content-length (654 bytes)
[2m2025-12-10T10:11:17.215926Z[0m [34mDEBUG[0m [2mhyper::proto::h1::conn[0m[2m:[0m incoming body completed
[2m2025-12-10T10:11:17.215939Z[0m [34mDEBUG[0m [2mhyper::client::pool[0m[2m:[0m pooling idle connection for ("http", 192.168.0.14:8545)
[2m2025-12-10T10:11:17.215949Z[0m [34mDEBUG[0m [2methereum_transaction_pool_monitor::eth_client[0m[2m:[0m 📡 Transaction fetch RPC completed in 7.529291ms
[2m2025-12-10T10:11:17.287268Z[0m [34mDEBUG[0m [2methereum_transaction_pool_monitor::eth_client[0m[2m:[0m ✅ Transaction 0xfbdc492b98b7a52a926b9e96c9d0495a66db34955473fed51b55eac8c5d52c3f fetched and parsed in 78.845958ms
[2m2025-12-10T10:11:17.287296Z[0m [34mDEBUG[0m [2methereum_transaction_pool_monitor::mempool_monitor[0m[2m:[0m 🔍 Skipping tx 0xfbdc492b98b7a52a926b9e96c9d0495a66db34955473fed51b55eac8c5d52c3f - not a DEX interaction (target: 0xedfD5b1C488ACe64ED3cA96fE5Ef6D9b7B1A8823)
[2m2025-12-10T10:11:17.287345Z[0m [34mDEBUG[0m [2methereum_transaction_pool_monitor::eth_client[0m[2m:[0m 📨 Received WebSocket message: {"jsonrpc":"2.0","method":"eth_subscription","params":{"subscription":"0xbed0a0851463e895960a451075a301a9","result":"0xbe81c3b99475b11c5cde36bc49306845fcc5eec4c6fdcf60b0a2a90cf56a41d9"}}
[2m2025-12-10T10:11:17.287358Z[0m [34mDEBUG[0m [2methereum_transaction_pool_monitor::eth_client[0m[2m:[0m 📨 Received pending transaction: 0xbe81c3b99475b11c5cde36bc49306845fcc5eec4c6fdcf60b0a2a90cf56a41d9
[2m2025-12-10T10:11:17.287367Z[0m [34mDEBUG[0m [2methereum_transaction_pool_monitor::mempool_monitor[0m[2m:[0m 📨 Processing new pending transaction: 0xbe81c3b99475b11c5cde36bc49306845fcc5eec4c6fdcf60b0a2a90cf56a41d9
[2m2025-12-10T10:11:17.287373Z[0m [34mDEBUG[0m [2methereum_transaction_pool_monitor::mempool_monitor[0m[2m:[0m 🔍 Fetching transaction details for: 0xbe81c3b99475b11c5cde36bc49306845fcc5eec4c6fdcf60b0a2a90cf56a41d9
[2m2025-12-10T10:11:17.287378Z[0m [34mDEBUG[0m [2methereum_transaction_pool_monitor::eth_client[0m[2m:[0m 🔍 Fetching transaction details for hash: 0xbe81c3b99475b11c5cde36bc49306845fcc5eec4c6fdcf60b0a2a90cf56a41d9
[2m2025-12-10T10:11:17.287396Z[0m [34mDEBUG[0m [2mhyper::client::pool[0m[2m:[0m reuse idle connection for ("http", 192.168.0.14:8545)
[2m2025-12-10T10:11:17.287422Z[0m [34mDEBUG[0m [2mhyper::proto::h1::io[0m[2m:[0m flushed 250 bytes
[2m2025-12-10T10:11:17.294146Z[0m [34mDEBUG[0m [2mhyper::proto::h1::io[0m[2m:[0m parsed 4 headers
[2m2025-12-10T10:11:17.294155Z[0m [34mDEBUG[0m [2mhyper::proto::h1::conn[0m[2m:[0m incoming body is content-length (830 bytes)
[2m2025-12-10T10:11:17.294163Z[0m [34mDEBUG[0m [2mhyper::proto::h1::conn[0m[2m:[0m incoming body completed
[2m2025-12-10T10:11:17.294172Z[0m [34mDEBUG[0m [2mhyper::client::pool[0m[2m:[0m pooling idle connection for ("http", 192.168.0.14:8545)
[2m2025-12-10T10:11:17.294179Z[0m [34mDEBUG[0m [2methereum_transaction_pool_monitor::eth_client[0m[2m:[0m 📡 Transaction fetch RPC completed in 6.795583ms
[2m2025-12-10T10:11:17.363770Z[0m [34mDEBUG[0m [2methereum_transaction_pool_monitor::eth_client[0m[2m:[0m ✅ Transaction 0xbe81c3b99475b11c5cde36bc49306845fcc5eec4c6fdcf60b0a2a90cf56a41d9 fetched and parsed in 76.384625ms
[2m2025-12-10T10:11:17.363800Z[0m [34mDEBUG[0m [2methereum_transaction_pool_monitor::mempool_monitor[0m[2m:[0m 🔍 Skipping tx 0xbe81c3b99475b11c5cde36bc49306845fcc5eec4c6fdcf60b0a2a90cf56a41d9 - not a DEX interaction (target: 0x3B4D794a66304F130a4Db8F2551B0070dfCf5ca7)
[2m2025-12-10T10:11:17.363844Z[0m [34mDEBUG[0m [2mhyper::client::pool[0m[2m:[0m reuse idle connection for ("http", 192.168.0.14:8545)
[2m2025-12-10T10:11:17.363887Z[0m [34mDEBUG[0m [2mhyper::proto::h1::io[0m[2m:[0m flushed 172 bytes
[2m2025-12-10T10:11:17.367164Z[0m [34mDEBUG[0m [2mhyper::proto::h1::io[0m[2m:[0m parsed 4 headers
[2m2025-12-10T10:11:17.367170Z[0m [34mDEBUG[0m [2mhyper::proto::h1::conn[0m[2m:[0m incoming body is content-length (45 bytes)
[2m2025-12-10T10:11:17.367178Z[0m [34mDEBUG[0m [2mhyper::proto::h1::conn[0m[2m:[0m incoming body completed
[2m2025-12-10T10:11:17.367185Z[0m [34mDEBUG[0m [2mhyper::client::pool[0m[2m:[0m pooling idle connection for ("http", 192.168.0.14:8545)
[2m2025-12-10T10:11:17.399238Z[0m [34mDEBUG[0m [2mhyper::client::pool[0m[2m:[0m reuse idle connection for ("http", 192.168.0.14:8545)
[2m2025-12-10T10:11:17.399269Z[0m [34mDEBUG[0m [2mhyper::proto::h1::io[0m[2m:[0m flushed 172 bytes
[2m2025-12-10T10:11:17.403673Z[0m [34mDEBUG[0m [2mhyper::proto::h1::io[0m[2m:[0m parsed 4 headers
[2m2025-12-10T10:11:17.403694Z[0m [34mDEBUG[0m [2mhyper::proto::h1::conn[0m[2m:[0m incoming body is content-length (45 bytes)
[2m2025-12-10T10:11:17.403715Z[0m [34mDEBUG[0m [2mhyper::proto::h1::conn[0m[2m:[0m incoming body completed
[2m2025-12-10T10:11:17.403740Z[0m [34mDEBUG[0m [2mhyper::client::pool[0m[2m:[0m pooling idle connection for ("http", 192.168.0.14:8545)
[2m2025-12-10T10:11:17.498306Z[0m [34mDEBUG[0m [2mhyper::client::pool[0m[2m:[0m reuse idle connection for ("http", 192.168.0.14:8545)
[2m2025-12-10T10:11:17.498351Z[0m [34mDEBUG[0m [2mhyper::proto::h1::io[0m[2m:[0m flushed 172 bytes
[2m2025-12-10T10:11:17.505582Z[0m [34mDEBUG[0m [2mhyper::proto::h1::io[0m[2m:[0m parsed 4 headers
[2m2025-12-10T10:11:17.505592Z[0m [34mDEBUG[0m [2mhyper::proto::h1::conn[0m[2m:[0m incoming body is content-length (45 bytes)
[2m2025-12-10T10:11:17.505603Z[0m [34mDEBUG[0m [2mhyper::proto::h1::conn[0m[2m:[0m incoming body completed
[2m2025-12-10T10:11:17.505615Z[0m [34mDEBUG[0m [2mhyper::client::pool[0m[2m:[0m pooling idle connection for ("http", 192.168.0.14:8545)
[2m2025-12-10T10:11:17.513417Z[0m [34mDEBUG[0m [2methereum_transaction_pool_monitor::eth_client[0m[2m:[0m 📨 Received WebSocket message: {"jsonrpc":"2.0","method":"eth_subscription","params":{"subscription":"0xbed0a0851463e895960a451075a301a9","result":"0x4e58b307e0aac3685a4a1bfb2cc72cd84e719fea7f4fb37e395d3907896d84bd"}}
[2m2025-12-10T10:11:17.513449Z[0m [34mDEBUG[0m [2methereum_transaction_pool_monitor::eth_client[0m[2m:[0m 📨 Received pending transaction: 0x4e58b307e0aac3685a4a1bfb2cc72cd84e719fea7f4fb37e395d3907896d84bd
[2m2025-12-10T10:11:17.513468Z[0m [34mDEBUG[0m [2methereum_transaction_pool_monitor::mempool_monitor[0m[2m:[0m 📨 Processing new pending transaction: 0x4e58b307e0aac3685a4a1bfb2cc72cd84e719fea7f4fb37e395d3907896d84bd
[2m2025-12-10T10:11:17.513493Z[0m [34mDEBUG[0m [2methereum_transaction_pool_monitor::mempool_monitor[0m[2m:[0m 🔍 Fetching transaction details for: 0x4e58b307e0aac3685a4a1bfb2cc72cd84e719fea7f4fb37e395d3907896d84bd
[2m2025-12-10T10:11:17.513507Z[0m [34mDEBUG[0m [2methereum_transaction_pool_monitor::eth_client[0m[2m:[0m 🔍 Fetching transaction details for hash: 0x4e58b307e0aac3685a4a1bfb2cc72cd84e719fea7f4fb37e395d3907896d84bd
[2m2025-12-10T10:11:17.513532Z[0m [34mDEBUG[0m [2mhyper::client::pool[0m[2m:[0m reuse idle connection for ("http", 192.168.0.14:8545)
[2m2025-12-10T10:11:17.513565Z[0m [34mDEBUG[0m [2mhyper::proto::h1::io[0m[2m:[0m flushed 250 bytes
[2m2025-12-10T10:11:17.521714Z[0m [34mDEBUG[0m [2mhyper::proto::h1::io[0m[2m:[0m parsed 4 headers
[2m2025-12-10T10:11:17.521731Z[0m [34mDEBUG[0m [2mhyper::proto::h1::conn[0m[2m:[0m incoming body is content-length (647 bytes)
[2m2025-12-10T10:11:17.521742Z[0m [34mDEBUG[0m [2mhyper::proto::h1::conn[0m[2m:[0m incoming body completed
[2m2025-12-10T10:11:17.521755Z[0m [34mDEBUG[0m [2mhyper::client::pool[0m[2m:[0m pooling idle connection for ("http", 192.168.0.14:8545)
[2m2025-12-10T10:11:17.521765Z[0m [34mDEBUG[0m [2methereum_transaction_pool_monitor::eth_client[0m[2m:[0m 📡 Transaction fetch RPC completed in 8.246625ms
[2m2025-12-10T10:11:17.600871Z[0m [34mDEBUG[0m [2methereum_transaction_pool_monitor::eth_client[0m[2m:[0m ✅ Transaction 0x4e58b307e0aac3685a4a1bfb2cc72cd84e719fea7f4fb37e395d3907896d84bd fetched and parsed in 87.350792ms
[2m2025-12-10T10:11:17.600897Z[0m [34mDEBUG[0m [2methereum_transaction_pool_monitor::mempool_monitor[0m[2m:[0m 🔍 Skipping tx 0x4e58b307e0aac3685a4a1bfb2cc72cd84e719fea7f4fb37e395d3907896d84bd - not a DEX interaction (target: 0xd2674dA94285660c9b2353131bef2d8211369A4B)
[2m2025-12-10T10:11:17.600936Z[0m [34mDEBUG[0m [2mhyper::client::pool[0m[2m:[0m reuse idle connection for ("http", 192.168.0.14:8545)
[2m2025-12-10T10:11:17.600965Z[0m [34mDEBUG[0m [2mhyper::proto::h1::io[0m[2m:[0m flushed 172 bytes
[2m2025-12-10T10:11:17.601001Z[0m [34mDEBUG[0m [2methereum_transaction_pool_monitor::eth_client[0m[2m:[0m 📨 Received WebSocket message: {"jsonrpc":"2.0","method":"eth_subscription","params":{"subscription":"0xbed0a0851463e895960a451075a301a9","result":"0x766bb790dbde4352d7ee979b1134a54f8b6e0885e99d0a8fba2c3834b1727074"}}
[2m2025-12-10T10:11:17.601010Z[0m [34mDEBUG[0m [2methereum_transaction_pool_monitor::eth_client[0m[2m:[0m 📨 Received pending transaction: 0x766bb790dbde4352d7ee979b1134a54f8b6e0885e99d0a8fba2c3834b1727074
[2m2025-12-10T10:11:17.601017Z[0m [34mDEBUG[0m [2methereum_transaction_pool_monitor::eth_client[0m[2m:[0m 📨 Received WebSocket message: {"jsonrpc":"2.0","method":"eth_subscription","params":{"subscription":"0xbed0a0851463e895960a451075a301a9","result":"0xaafa7740b6ed5dfe8628b6f8e42d8f234f9910da25a374c49e7eb971782895ad"}}
[2m2025-12-10T10:11:17.601023Z[0m [34mDEBUG[0m [2methereum_transaction_pool_monitor::eth_client[0m[2m:[0m 📨 Received pending transaction: 0xaafa7740b6ed5dfe8628b6f8e42d8f234f9910da25a374c49e7eb971782895ad
[2m2025-12-10T10:11:17.601029Z[0m [34mDEBUG[0m [2methereum_transaction_pool_monitor::mempool_monitor[0m[2m:[0m 📨 Processing new pending transaction: 0x766bb790dbde4352d7ee979b1134a54f8b6e0885e99d0a8fba2c3834b1727074
[2m2025-12-10T10:11:17.601034Z[0m [34mDEBUG[0m [2methereum_transaction_pool_monitor::mempool_monitor[0m[2m:[0m 🔍 Fetching transaction details for: 0x766bb790dbde4352d7ee979b1134a54f8b6e0885e99d0a8fba2c3834b1727074
[2m2025-12-10T10:11:17.601038Z[0m [34mDEBUG[0m [2methereum_transaction_pool_monitor::eth_client[0m[2m:[0m 🔍 Fetching transaction details for hash: 0x766bb790dbde4352d7ee979b1134a54f8b6e0885e99d0a8fba2c3834b1727074
[2m2025-12-10T10:11:17.601046Z[0m [34mDEBUG[0m [2mhyper::client::pool[0m[2m:[0m reuse idle connection for ("http", 192.168.0.14:8545)
[2m2025-12-10T10:11:17.601059Z[0m [34mDEBUG[0m [2mhyper::proto::h1::io[0m[2m:[0m flushed 250 bytes
[2m2025-12-10T10:11:17.607072Z[0m [34mDEBUG[0m [2mhyper::proto::h1::io[0m[2m:[0m parsed 4 headers
[2m2025-12-10T10:11:17.607098Z[0m [34mDEBUG[0m [2mhyper::proto::h1::conn[0m[2m:[0m incoming body is content-length (45 bytes)
[2m2025-12-10T10:11:17.607119Z[0m [34mDEBUG[0m [2mhyper::proto::h1::conn[0m[2m:[0m incoming body completed
[2m2025-12-10T10:11:17.607129Z[0m [34mDEBUG[0m [2mhyper::client::pool[0m[2m:[0m pooling idle connection for ("http", 192.168.0.14:8545)
[2m2025-12-10T10:11:17.612627Z[0m [34mDEBUG[0m [2mhyper::proto::h1::io[0m[2m:[0m parsed 4 headers
[2m2025-12-10T10:11:17.612649Z[0m [34mDEBUG[0m [2mhyper::proto::h1::conn[0m[2m:[0m incoming body is content-length (1219 bytes)
[2m2025-12-10T10:11:17.612668Z[0m [34mDEBUG[0m [2mhyper::proto::h1::conn[0m[2m:[0m incoming body completed
[2m2025-12-10T10:11:17.612681Z[0m [34mDEBUG[0m [2mhyper::client::pool[0m[2m:[0m pooling idle connection for ("http", 192.168.0.14:8545)
[2m2025-12-10T10:11:17.612686Z[0m [34mDEBUG[0m [2methereum_transaction_pool_monitor::eth_client[0m[2m:[0m 📡 Transaction fetch RPC completed in 11.643583ms
[2m2025-12-10T10:11:17.684484Z[0m [34mDEBUG[0m [2methereum_transaction_pool_monitor::eth_client[0m[2m:[0m ✅ Transaction 0x766bb790dbde4352d7ee979b1134a54f8b6e0885e99d0a8fba2c3834b1727074 fetched and parsed in 83.439042ms
[2m2025-12-10T10:11:17.684509Z[0m [34mDEBUG[0m [2methereum_transaction_pool_monitor::mempool_monitor[0m[2m:[0m 🔍 Skipping tx 0x766bb790dbde4352d7ee979b1134a54f8b6e0885e99d0a8fba2c3834b1727074 - not a DEX interaction (target: 0xF6801D319497789f934ec7F83E142a9536312B08)
[2m2025-12-10T10:11:17.684786Z[0m [34mDEBUG[0m [2methereum_transaction_pool_monitor::mempool_monitor[0m[2m:[0m 📨 Processing new pending transaction: 0xaafa7740b6ed5dfe8628b6f8e42d8f234f9910da25a374c49e7eb971782895ad
[2m2025-12-10T10:11:17.684798Z[0m [34mDEBUG[0m [2methereum_transaction_pool_monitor::mempool_monitor[0m[2m:[0m 🔍 Fetching transaction details for: 0xaafa7740b6ed5dfe8628b6f8e42d8f234f9910da25a374c49e7eb971782895ad
[2m2025-12-10T10:11:17.684803Z[0m [34mDEBUG[0m [2methereum_transaction_pool_monitor::eth_client[0m[2m:[0m 🔍 Fetching transaction details for hash: 0xaafa7740b6ed5dfe8628b6f8e42d8f234f9910da25a374c49e7eb971782895ad
[2m2025-12-10T10:11:17.684823Z[0m [34mDEBUG[0m [2mhyper::client::pool[0m[2m:[0m reuse idle connection for ("http", 192.168.0.14:8545)
[2m2025-12-10T10:11:17.684857Z[0m [34mDEBUG[0m [2mhyper::proto::h1::io[0m[2m:[0m flushed 250 bytes
[2m2025-12-10T10:11:17.690383Z[0m [34mDEBUG[0m [2mhyper::proto::h1::io[0m[2m:[0m parsed 4 headers
[2m2025-12-10T10:11:17.690391Z[0m [34mDEBUG[0m [2mhyper::proto::h1::conn[0m[2m:[0m incoming body is content-length (650 bytes)
[2m2025-12-10T10:11:17.690402Z[0m [34mDEBUG[0m [2mhyper::proto::h1::conn[0m[2m:[0m incoming body completed
[2m2025-12-10T10:11:17.690412Z[0m [34mDEBUG[0m [2mhyper::client::pool[0m[2m:[0m pooling idle connection for ("http", 192.168.0.14:8545)
[2m2025-12-10T10:11:17.690418Z[0m [34mDEBUG[0m [2methereum_transaction_pool_monitor::eth_client[0m[2m:[0m 📡 Transaction fetch RPC completed in 5.610166ms
[2m2025-12-10T10:11:17.761702Z[0m [34mDEBUG[0m [2methereum_transaction_pool_monitor::eth_client[0m[2m:[0m ✅ Transaction 0xaafa7740b6ed5dfe8628b6f8e42d8f234f9910da25a374c49e7eb971782895ad fetched and parsed in 76.892ms
[2m2025-12-10T10:11:17.761729Z[0m [34mDEBUG[0m [2methereum_transaction_pool_monitor::mempool_monitor[0m[2m:[0m 🔍 Skipping tx 0xaafa7740b6ed5dfe8628b6f8e42d8f234f9910da25a374c49e7eb971782895ad - not a DEX interaction (target: 0xC62a8d4Ee3071e6CC13398100a9aAdA01c72Ea80)
[2m2025-12-10T10:11:17.761773Z[0m [34mDEBUG[0m [2mhyper::client::pool[0m[2m:[0m reuse idle connection for ("http", 192.168.0.14:8545)
[2m2025-12-10T10:11:17.761823Z[0m [34mDEBUG[0m [2mhyper::proto::h1::io[0m[2m:[0m flushed 172 bytes
[2m2025-12-10T10:11:17.767628Z[0m [34mDEBUG[0m [2mhyper::proto::h1::io[0m[2m:[0m parsed 4 headers
[2m2025-12-10T10:11:17.767650Z[0m [34mDEBUG[0m [2mhyper::proto::h1::conn[0m[2m:[0m incoming body is content-length (45 bytes)
[2m2025-12-10T10:11:17.767676Z[0m [34mDEBUG[0m [2mhyper::proto::h1::conn[0m[2m:[0m incoming body completed
[2m2025-12-10T10:11:17.767687Z[0m [34mDEBUG[0m [2mhyper::client::pool[0m[2m:[0m pooling idle connection for ("http", 192.168.0.14:8545)
[2m2025-12-10T10:11:17.799741Z[0m [34mDEBUG[0m [2mhyper::client::pool[0m[2m:[0m reuse idle connection for ("http", 192.168.0.14:8545)
[2m2025-12-10T10:11:17.799849Z[0m [34mDEBUG[0m [2mhyper::proto::h1::io[0m[2m:[0m flushed 172 bytes
[2m2025-12-10T10:11:17.803439Z[0m [34mDEBUG[0m [2mhyper::proto::h1::io[0m[2m:[0m parsed 4 headers
[2m2025-12-10T10:11:17.803462Z[0m [34mDEBUG[0m [2mhyper::proto::h1::conn[0m[2m:[0m incoming body is content-length (45 bytes)
[2m2025-12-10T10:11:17.803484Z[0m [34mDEBUG[0m [2mhyper::proto::h1::conn[0m[2m:[0m incoming body completed
[2m2025-12-10T10:11:17.803493Z[0m [34mDEBUG[0m [2mhyper::client::pool[0m[2m:[0m pooling idle connection for ("http", 192.168.0.14:8545)
[2m2025-12-10T10:11:17.899573Z[0m [34mDEBUG[0m [2mhyper::client::pool[0m[2m:[0m reuse idle connection for ("http", 192.168.0.14:8545)
[2m2025-12-10T10:11:17.899628Z[0m [34mDEBUG[0m [2mhyper::proto::h1::io[0m[2m:[0m flushed 172 bytes
[2m2025-12-10T10:11:17.904435Z[0m [34mDEBUG[0m [2mhyper::proto::h1::io[0m[2m:[0m parsed 4 headers
[2m2025-12-10T10:11:17.904457Z[0m [34mDEBUG[0m [2mhyper::proto::h1::conn[0m[2m:[0m incoming body is content-length (45 bytes)
[2m2025-12-10T10:11:17.904471Z[0m [34mDEBUG[0m [2mhyper::proto::h1::conn[0m[2m:[0m incoming body completed
[2m2025-12-10T10:11:17.904481Z[0m [34mDEBUG[0m [2mhyper::client::pool[0m[2m:[0m pooling idle connection for ("http", 192.168.0.14:8545)
[2m2025-12-10T10:11:17.999613Z[0m [34mDEBUG[0m [2mhyper::client::pool[0m[2m:[0m reuse idle connection for ("http", 192.168.0.14:8545)
[2m2025-12-10T10:11:17.999772Z[0m [34mDEBUG[0m [2mhyper::proto::h1::io[0m[2m:[0m flushed 172 bytes
[2m2025-12-10T10:11:18.003725Z[0m [34mDEBUG[0m [2mhyper::proto::h1::io[0m[2m:[0m parsed 4 headers
[2m2025-12-10T10:11:18.003779Z[0m [34mDEBUG[0m [2mhyper::proto::h1::conn[0m[2m:[0m incoming body is content-length (45 bytes)
[2m2025-12-10T10:11:18.003823Z[0m [34mDEBUG[0m [2mhyper::proto::h1::conn[0m[2m:[0m incoming body completed
[2m2025-12-10T10:11:18.003869Z[0m [34mDEBUG[0m [2mhyper::client::pool[0m[2m:[0m pooling idle connection for ("http", 192.168.0.14:8545)
[2m2025-12-10T10:11:18.080617Z[0m [34mDEBUG[0m [2methereum_transaction_pool_monitor::eth_client[0m[2m:[0m 📨 Received WebSocket message: {"jsonrpc":"2.0","method":"eth_subscription","params":{"subscription":"0xbed0a0851463e895960a451075a301a9","result":"0xa0cd8fc4e593d13b2586e8f4bead8cb29b3362a5e58f44b824245a1d8c7b2332"}}
[2m2025-12-10T10:11:18.080732Z[0m [34mDEBUG[0m [2methereum_transaction_pool_monitor::eth_client[0m[2m:[0m 📨 Received pending transaction: 0xa0cd8fc4e593d13b2586e8f4bead8cb29b3362a5e58f44b824245a1d8c7b2332
[2m2025-12-10T10:11:18.080784Z[0m [34mDEBUG[0m [2methereum_transaction_pool_monitor::mempool_monitor[0m[2m:[0m 📨 Processing new pending transaction: 0xa0cd8fc4e593d13b2586e8f4bead8cb29b3362a5e58f44b824245a1d8c7b2332
[2m2025-12-10T10:11:18.080814Z[0m [34mDEBUG[0m [2methereum_transaction_pool_monitor::mempool_monitor[0m[2m:[0m 🔍 Fetching transaction details for: 0xa0cd8fc4e593d13b2586e8f4bead8cb29b3362a5e58f44b824245a1d8c7b2332
[2m2025-12-10T10:11:18.080840Z[0m [34mDEBUG[0m [2methereum_transaction_pool_monitor::eth_client[0m[2m:[0m 🔍 Fetching transaction details for hash: 0xa0cd8fc4e593d13b2586e8f4bead8cb29b3362a5e58f44b824245a1d8c7b2332
[2m2025-12-10T10:11:18.080937Z[0m [34mDEBUG[0m [2mhyper::client::pool[0m[2m:[0m reuse idle connection for ("http", 192.168.0.14:8545)
[2m2025-12-10T10:11:18.081053Z[0m [34mDEBUG[0m [2mhyper::proto::h1::io[0m[2m:[0m flushed 250 bytes
[2m2025-12-10T10:11:18.090703Z[0m [34mDEBUG[0m [2mhyper::proto::h1::io[0m[2m:[0m parsed 4 headers
[2m2025-12-10T10:11:18.090770Z[0m [34mDEBUG[0m [2mhyper::proto::h1::conn[0m[2m:[0m incoming body is content-length (643 bytes)
[2m2025-12-10T10:11:18.090809Z[0m [34mDEBUG[0m [2mhyper::proto::h1::conn[0m[2m:[0m incoming body completed
[2m2025-12-10T10:11:18.090852Z[0m [34mDEBUG[0m [2mhyper::client::pool[0m[2m:[0m pooling idle connection for ("http", 192.168.0.14:8545)
[2m2025-12-10T10:11:18.090887Z[0m [34mDEBUG[0m [2methereum_transaction_pool_monitor::eth_client[0m[2m:[0m 📡 Transaction fetch RPC completed in 10.017958ms
[2m2025-12-10T10:11:18.194748Z[0m [34mDEBUG[0m [2methereum_transaction_pool_monitor::eth_client[0m[2m:[0m ✅ Transaction 0xa0cd8fc4e593d13b2586e8f4bead8cb29b3362a5e58f44b824245a1d8c7b2332 fetched and parsed in 113.877375ms
[2m2025-12-10T10:11:18.194777Z[0m [34mDEBUG[0m [2methereum_transaction_pool_monitor::mempool_monitor[0m[2m:[0m 🔍 Skipping tx 0xa0cd8fc4e593d13b2586e8f4bead8cb29b3362a5e58f44b824245a1d8c7b2332 - not a DEX interaction (target: 0xa92F5F0fa5e07eaDFcd868b697a186B20EEF350f)
[2m2025-12-10T10:11:18.194821Z[0m [34mDEBUG[0m [2mhyper::client::pool[0m[2m:[0m reuse idle connection for ("http", 192.168.0.14:8545)
[2m2025-12-10T10:11:18.194853Z[0m [34mDEBUG[0m [2mhyper::proto::h1::io[0m[2m:[0m flushed 172 bytes
[2m2025-12-10T10:11:18.194898Z[0m [34mDEBUG[0m [2methereum_transaction_pool_monitor::eth_client[0m[2m:[0m 📨 Received WebSocket message: {"jsonrpc":"2.0","method":"eth_subscription","params":{"subscription":"0xbed0a0851463e895960a451075a301a9","result":"0x3879741153819530a89826ca92d09bd703afabb58708a1cf07deb85c86cf5511"}}
[2m2025-12-10T10:11:18.194907Z[0m [34mDEBUG[0m [2methereum_transaction_pool_monitor::eth_client[0m[2m:[0m 📨 Received pending transaction: 0x3879741153819530a89826ca92d09bd703afabb58708a1cf07deb85c86cf5511
[2m2025-12-10T10:11:18.194914Z[0m [34mDEBUG[0m [2methereum_transaction_pool_monitor::mempool_monitor[0m[2m:[0m 📨 Processing new pending transaction: 0x3879741153819530a89826ca92d09bd703afabb58708a1cf07deb85c86cf5511
[2m2025-12-10T10:11:18.194919Z[0m [34mDEBUG[0m [2methereum_transaction_pool_monitor::mempool_monitor[0m[2m:[0m 🔍 Fetching transaction details for: 0x3879741153819530a89826ca92d09bd703afabb58708a1cf07deb85c86cf5511
[2m2025-12-10T10:11:18.194925Z[0m [34mDEBUG[0m [2methereum_transaction_pool_monitor::eth_client[0m[2m:[0m 🔍 Fetching transaction details for hash: 0x3879741153819530a89826ca92d09bd703afabb58708a1cf07deb85c86cf5511
[2m2025-12-10T10:11:18.194933Z[0m [34mDEBUG[0m [2mhyper::client::pool[0m[2m:[0m reuse idle connection for ("http", 192.168.0.14:8545)
[2m2025-12-10T10:11:18.194946Z[0m [34mDEBUG[0m [2mhyper::proto::h1::io[0m[2m:[0m flushed 250 bytes
[2m2025-12-10T10:11:18.199571Z[0m [34mDEBUG[0m [2mhyper::proto::h1::io[0m[2m:[0m parsed 4 headers
[2m2025-12-10T10:11:18.199579Z[0m [34mDEBUG[0m [2mhyper::proto::h1::conn[0m[2m:[0m incoming body is content-length (45 bytes)
[2m2025-12-10T10:11:18.199588Z[0m [34mDEBUG[0m [2mhyper::proto::h1::conn[0m[2m:[0m incoming body completed
[2m2025-12-10T10:11:18.199596Z[0m [34mDEBUG[0m [2mhyper::client::pool[0m[2m:[0m pooling idle connection for ("http", 192.168.0.14:8545)
[2m2025-12-10T10:11:18.199613Z[0m [34mDEBUG[0m [2mhyper::client::pool[0m[2m:[0m reuse idle connection for ("http", 192.168.0.14:8545)
[2m2025-12-10T10:11:18.199631Z[0m [34mDEBUG[0m [2mhyper::proto::h1::io[0m[2m:[0m flushed 172 bytes
[2m2025-12-10T10:11:18.200287Z[0m [34mDEBUG[0m [2mhyper::proto::h1::io[0m[2m:[0m parsed 4 headers
[2m2025-12-10T10:11:18.200313Z[0m [34mDEBUG[0m [2mhyper::proto::h1::conn[0m[2m:[0m incoming body is content-length (644 bytes)
[2m2025-12-10T10:11:18.200322Z[0m [34mDEBUG[0m [2mhyper::proto::h1::conn[0m[2m:[0m incoming body completed
[2m2025-12-10T10:11:18.200342Z[0m [34mDEBUG[0m [2mhyper::client::pool[0m[2m:[0m pooling idle connection for ("http", 192.168.0.14:8545)
[2m2025-12-10T10:11:18.200349Z[0m [34mDEBUG[0m [2methereum_transaction_pool_monitor::eth_client[0m[2m:[0m 📡 Transaction fetch RPC completed in 5.420375ms
[2m2025-12-10T10:11:18.272350Z[0m [34mDEBUG[0m [2methereum_transaction_pool_monitor::eth_client[0m[2m:[0m ✅ Transaction 0x3879741153819530a89826ca92d09bd703afabb58708a1cf07deb85c86cf5511 fetched and parsed in 77.418917ms
[2m2025-12-10T10:11:18.272371Z[0m [34mDEBUG[0m [2methereum_transaction_pool_monitor::mempool_monitor[0m[2m:[0m 🔍 Skipping tx 0x3879741153819530a89826ca92d09bd703afabb58708a1cf07deb85c86cf5511 - not a DEX interaction (target: 0x17E5545B11b468072283Cee1F066a059Fb0dbF24)
[2m2025-12-10T10:11:18.272409Z[0m [34mDEBUG[0m [2mhyper::proto::h1::io[0m[2m:[0m parsed 4 headers
[2m2025-12-10T10:11:18.272416Z[0m [34mDEBUG[0m [2methereum_transaction_pool_monitor::eth_client[0m[2m:[0m 📨 Received WebSocket message: {"jsonrpc":"2.0","method":"eth_subscription","params":{"subscription":"0xbed0a0851463e895960a451075a301a9","result":"0xd708b4160b4fe6cb7ac9629b051f4fb1c0b8c7f725b4677dfc3ba01eb91e5ff2"}}
[2m2025-12-10T10:11:18.272417Z[0m [34mDEBUG[0m [2mhyper::proto::h1::conn[0m[2m:[0m incoming body is content-length (45 bytes)
[2m2025-12-10T10:11:18.272432Z[0m [34mDEBUG[0m [2methereum_transaction_pool_monitor::eth_client[0m[2m:[0m 📨 Received pending transaction: 0xd708b4160b4fe6cb7ac9629b051f4fb1c0b8c7f725b4677dfc3ba01eb91e5ff2
[2m2025-12-10T10:11:18.272436Z[0m [34mDEBUG[0m [2mhyper::proto::h1::conn[0m[2m:[0m incoming body completed
[2m2025-12-10T10:11:18.272439Z[0m [34mDEBUG[0m [2methereum_transaction_pool_monitor::eth_client[0m[2m:[0m 📨 Received WebSocket message: {"jsonrpc":"2.0","method":"eth_subscription","params":{"subscription":"0xbed0a0851463e895960a451075a301a9","result":"0x0f99ae523e4b45937acb416b2417fa58a587c75cdf41eb4f7f14d0a21309e350"}}
[2m2025-12-10T10:11:18.272447Z[0m [34mDEBUG[0m [2methereum_transaction_pool_monitor::eth_client[0m[2m:[0m 📨 Received pending transaction: 0x0f99ae523e4b45937acb416b2417fa58a587c75cdf41eb4f7f14d0a21309e350
[2m2025-12-10T10:11:18.272448Z[0m [34mDEBUG[0m [2mhyper::client::pool[0m[2m:[0m pooling idle connection for ("http", 192.168.0.14:8545)
[2m2025-12-10T10:11:18.272453Z[0m [34mDEBUG[0m [2methereum_transaction_pool_monitor::mempool_monitor[0m[2m:[0m 📨 Processing new pending transaction: 0xd708b4160b4fe6cb7ac9629b051f4fb1c0b8c7f725b4677dfc3ba01eb91e5ff2
[2m2025-12-10T10:11:18.272460Z[0m [34mDEBUG[0m [2methereum_transaction_pool_monitor::mempool_monitor[0m[2m:[0m 🔍 Fetching transaction details for: 0xd708b4160b4fe6cb7ac9629b051f4fb1c0b8c7f725b4677dfc3ba01eb91e5ff2
[2m2025-12-10T10:11:18.272464Z[0m [34mDEBUG[0m [2methereum_transaction_pool_monitor::eth_client[0m[2m:[0m 🔍 Fetching transaction details for hash: 0xd708b4160b4fe6cb7ac9629b051f4fb1c0b8c7f725b4677dfc3ba01eb91e5ff2
[2m2025-12-10T10:11:18.272481Z[0m [34mDEBUG[0m [2mhyper::client::pool[0m[2m:[0m reuse idle connection for ("http", 192.168.0.14:8545)
[2m2025-12-10T10:11:18.272500Z[0m [34mDEBUG[0m [2mhyper::proto::h1::io[0m[2m:[0m flushed 250 bytes
[2m2025-12-10T10:11:18.276925Z[0m [34mDEBUG[0m [2mhyper::proto::h1::io[0m[2m:[0m parsed 4 headers
[2m2025-12-10T10:11:18.276930Z[0m [34mDEBUG[0m [2mhyper::proto::h1::conn[0m[2m:[0m incoming body is content-length (830 bytes)
[2m2025-12-10T10:11:18.276935Z[0m [34mDEBUG[0m [2mhyper::proto::h1::conn[0m[2m:[0m incoming body completed
[2m2025-12-10T10:11:18.276941Z[0m [34mDEBUG[0m [2mhyper::client::pool[0m[2m:[0m pooling idle connection for ("http", 192.168.0.14:8545)
[2m2025-12-10T10:11:18.276946Z[0m [34mDEBUG[0m [2methereum_transaction_pool_monitor::eth_client[0m[2m:[0m 📡 Transaction fetch RPC completed in 4.476667ms
[2m2025-12-10T10:11:18.348303Z[0m [34mDEBUG[0m [2methereum_transaction_pool_monitor::eth_client[0m[2m:[0m ✅ Transaction 0xd708b4160b4fe6cb7ac9629b051f4fb1c0b8c7f725b4677dfc3ba01eb91e5ff2 fetched and parsed in 75.831333ms
[2m2025-12-10T10:11:18.348331Z[0m [34mDEBUG[0m [2methereum_transaction_pool_monitor::mempool_monitor[0m[2m:[0m 🔍 Skipping tx 0xd708b4160b4fe6cb7ac9629b051f4fb1c0b8c7f725b4677dfc3ba01eb91e5ff2 - not a DEX interaction (target: 0x3B4D794a66304F130a4Db8F2551B0070dfCf5ca7)
[2m2025-12-10T10:11:18.348342Z[0m [34mDEBUG[0m [2methereum_transaction_pool_monitor::mempool_monitor[0m[2m:[0m 📨 Processing new pending transaction: 0x0f99ae523e4b45937acb416b2417fa58a587c75cdf41eb4f7f14d0a21309e350
[2m2025-12-10T10:11:18.348350Z[0m [34mDEBUG[0m [2methereum_transaction_pool_monitor::mempool_monitor[0m[2m:[0m 🔍 Fetching transaction details for: 0x0f99ae523e4b45937acb416b2417fa58a587c75cdf41eb4f7f14d0a21309e350
[2m2025-12-10T10:11:18.348357Z[0m [34mDEBUG[0m [2methereum_transaction_pool_monitor::eth_client[0m[2m:[0m 🔍 Fetching transaction details for hash: 0x0f99ae523e4b45937acb416b2417fa58a587c75cdf41eb4f7f14d0a21309e350
[2m2025-12-10T10:11:18.348375Z[0m [34mDEBUG[0m [2mhyper::client::pool[0m[2m:[0m reuse idle connection for ("http", 192.168.0.14:8545)
[2m2025-12-10T10:11:18.348415Z[0m [34mDEBUG[0m [2mhyper::proto::h1::io[0m[2m:[0m flushed 250 bytes
[2m2025-12-10T10:11:18.348443Z[0m [34mDEBUG[0m [2mhyper::client::pool[0m[2m:[0m reuse idle connection for ("http", 192.168.0.14:8545)
[2m2025-12-10T10:11:18.348464Z[0m [34mDEBUG[0m [2mhyper::proto::h1::io[0m[2m:[0m flushed 172 bytes
[2m2025-12-10T10:11:18.354439Z[0m [34mDEBUG[0m [2mhyper::proto::h1::io[0m[2m:[0m parsed 4 headers
[2m2025-12-10T10:11:18.355132Z[0m [34mDEBUG[0m [2mhyper::proto::h1::conn[0m[2m:[0m incoming body is content-length (647 bytes)
[2m2025-12-10T10:11:18.355141Z[0m [34mDEBUG[0m [2mhyper::proto::h1::conn[0m[2m:[0m incoming body completed
[2m2025-12-10T10:11:18.355148Z[0m [34mDEBUG[0m [2mhyper::client::pool[0m[2m:[0m pooling idle connection for ("http", 192.168.0.14:8545)
[2m2025-12-10T10:11:18.355154Z[0m [34mDEBUG[0m [2methereum_transaction_pool_monitor::eth_client[0m[2m:[0m 📡 Transaction fetch RPC completed in 6.792333ms
[2m2025-12-10T10:11:18.424048Z[0m [34mDEBUG[0m [2methereum_transaction_pool_monitor::eth_client[0m[2m:[0m ✅ Transaction 0x0f99ae523e4b45937acb416b2417fa58a587c75cdf41eb4f7f14d0a21309e350 fetched and parsed in 75.683708ms
[2m2025-12-10T10:11:18.424074Z[0m [34mDEBUG[0m [2methereum_transaction_pool_monitor::mempool_monitor[0m[2m:[0m 🔍 Skipping tx 0x0f99ae523e4b45937acb416b2417fa58a587c75cdf41eb4f7f14d0a21309e350 - not a DEX interaction (target: 0x8166dAa5B43D0803e146E3F9F6BDf318888dE676)
[2m2025-12-10T10:11:18.424126Z[0m [34mDEBUG[0m [2methereum_transaction_pool_monitor::eth_client[0m[2m:[0m 📨 Received WebSocket message: {"jsonrpc":"2.0","method":"eth_subscription","params":{"subscription":"0xbed0a0851463e895960a451075a301a9","result":"0x6eba613534da1c1b78adc5acc776b7014682e171e220ba30cfb1c66ef777ff09"}}
[2m2025-12-10T10:11:18.424136Z[0m [34mDEBUG[0m [2methereum_transaction_pool_monitor::eth_client[0m[2m:[0m 📨 Received pending transaction: 0x6eba613534da1c1b78adc5acc776b7014682e171e220ba30cfb1c66ef777ff09
[2m2025-12-10T10:11:18.424146Z[0m [34mDEBUG[0m [2methereum_transaction_pool_monitor::mempool_monitor[0m[2m:[0m 📨 Processing new pending transaction: 0x6eba613534da1c1b78adc5acc776b7014682e171e220ba30cfb1c66ef777ff09
[2m2025-12-10T10:11:18.424152Z[0m [34mDEBUG[0m [2methereum_transaction_pool_monitor::mempool_monitor[0m[2m:[0m 🔍 Fetching transaction details for: 0x6eba613534da1c1b78adc5acc776b7014682e171e220ba30cfb1c66ef777ff09
[2m2025-12-10T10:11:18.424159Z[0m [34mDEBUG[0m [2methereum_transaction_pool_monitor::eth_client[0m[2m:[0m 🔍 Fetching transaction details for hash: 0x6eba613534da1c1b78adc5acc776b7014682e171e220ba30cfb1c66ef777ff09
[2m2025-12-10T10:11:18.424171Z[0m [34mDEBUG[0m [2mhyper::proto::h1::io[0m[2m:[0m parsed 4 headers
[2m2025-12-10T10:11:18.424179Z[0m [34mDEBUG[0m [2mhyper::client::pool[0m[2m:[0m reuse idle connection for ("http", 192.168.0.14:8545)
[2m2025-12-10T10:11:18.424225Z[0m [34mDEBUG[0m [2mhyper::proto::h1::conn[0m[2m:[0m incoming body is content-length (45 bytes)
[2m2025-12-10T10:11:18.424238Z[0m [34mDEBUG[0m [2mhyper::proto::h1::conn[0m[2m:[0m incoming body completed
[2m2025-12-10T10:11:18.424243Z[0m [34mDEBUG[0m [2mhyper::proto::h1::io[0m[2m:[0m flushed 250 bytes
[2m2025-12-10T10:11:18.424246Z[0m [34mDEBUG[0m [2mhyper::client::pool[0m[2m:[0m pooling idle connection for ("http", 192.168.0.14:8545)
[2m2025-12-10T10:11:18.424264Z[0m [34mDEBUG[0m [2mhyper::client::pool[0m[2m:[0m reuse idle connection for ("http", 192.168.0.14:8545)
[2m2025-12-10T10:11:18.424278Z[0m [34mDEBUG[0m [2mhyper::proto::h1::io[0m[2m:[0m flushed 172 bytes
[2m2025-12-10T10:11:18.428697Z[0m [34mDEBUG[0m [2mhyper::proto::h1::io[0m[2m:[0m parsed 4 headers
[2m2025-12-10T10:11:18.428702Z[0m [34mDEBUG[0m [2mhyper::proto::h1::conn[0m[2m:[0m incoming body is content-length (45 bytes)
[2m2025-12-10T10:11:18.428708Z[0m [34mDEBUG[0m [2mhyper::proto::h1::conn[0m[2m:[0m incoming body completed
[2m2025-12-10T10:11:18.428714Z[0m [34mDEBUG[0m [2mhyper::client::pool[0m[2m:[0m pooling idle connection for ("http", 192.168.0.14:8545)
[2m2025-12-10T10:11:18.428726Z[0m [34mDEBUG[0m [2mhyper::proto::h1::io[0m[2m:[0m parsed 4 headers
[2m2025-12-10T10:11:18.428730Z[0m [34mDEBUG[0m [2mhyper::proto::h1::conn[0m[2m:[0m incoming body is content-length (830 bytes)
[2m2025-12-10T10:11:18.428734Z[0m [34mDEBUG[0m [2mhyper::proto::h1::conn[0m[2m:[0m incoming body completed
[2m2025-12-10T10:11:18.428739Z[0m [34mDEBUG[0m [2mhyper::client::pool[0m[2m:[0m pooling idle connection for ("http", 192.168.0.14:8545)
[2m2025-12-10T10:11:18.428743Z[0m [34mDEBUG[0m [2methereum_transaction_pool_monitor::eth_client[0m[2m:[0m 📡 Transaction fetch RPC completed in 4.5795ms
[2m2025-12-10T10:11:18.498784Z[0m [34mDEBUG[0m [2methereum_transaction_pool_monitor::eth_client[0m[2m:[0m ✅ Transaction 0x6eba613534da1c1b78adc5acc776b7014682e171e220ba30cfb1c66ef777ff09 fetched and parsed in 74.61825ms
[2m2025-12-10T10:11:18.498812Z[0m [34mDEBUG[0m [2methereum_transaction_pool_monitor::mempool_monitor[0m[2m:[0m 🔍 Skipping tx 0x6eba613534da1c1b78adc5acc776b7014682e171e220ba30cfb1c66ef777ff09 - not a DEX interaction (target: 0x3B4D794a66304F130a4Db8F2551B0070dfCf5ca7)
[2m2025-12-10T10:11:18.498851Z[0m [34mDEBUG[0m [2mhyper::client::pool[0m[2m:[0m reuse idle connection for ("http", 192.168.0.14:8545)
[2m2025-12-10T10:11:18.498879Z[0m [34mDEBUG[0m [2mhyper::proto::h1::io[0m[2m:[0m flushed 172 bytes
[2m2025-12-10T10:11:18.498878Z[0m [34mDEBUG[0m [2methereum_transaction_pool_monitor::eth_client[0m[2m:[0m 📨 Received WebSocket message: {"jsonrpc":"2.0","method":"eth_subscription","params":{"subscription":"0xbed0a0851463e895960a451075a301a9","result":"0x89ea6cbea79fbb53d38f9d241cdd7236fb839b6cae65055b864579600622b7c5"}}
[2m2025-12-10T10:11:18.498916Z[0m [34mDEBUG[0m [2methereum_transaction_pool_monitor::eth_client[0m[2m:[0m 📨 Received pending transaction: 0x89ea6cbea79fbb53d38f9d241cdd7236fb839b6cae65055b864579600622b7c5
[2m2025-12-10T10:11:18.498924Z[0m [34mDEBUG[0m [2methereum_transaction_pool_monitor::mempool_monitor[0m[2m:[0m 📨 Processing new pending transaction: 0x89ea6cbea79fbb53d38f9d241cdd7236fb839b6cae65055b864579600622b7c5
[2m2025-12-10T10:11:18.498929Z[0m [34mDEBUG[0m [2methereum_transaction_pool_monitor::mempool_monitor[0m[2m:[0m 🔍 Fetching transaction details for: 0x89ea6cbea79fbb53d38f9d241cdd7236fb839b6cae65055b864579600622b7c5
[2m2025-12-10T10:11:18.498934Z[0m [34mDEBUG[0m [2methereum_transaction_pool_monitor::eth_client[0m[2m:[0m 🔍 Fetching transaction details for hash: 0x89ea6cbea79fbb53d38f9d241cdd7236fb839b6cae65055b864579600622b7c5
[2m2025-12-10T10:11:18.498942Z[0m [34mDEBUG[0m [2mhyper::client::pool[0m[2m:[0m reuse idle connection for ("http", 192.168.0.14:8545)
[2m2025-12-10T10:11:18.498955Z[0m [34mDEBUG[0m [2mhyper::proto::h1::io[0m[2m:[0m flushed 250 bytes
[2m2025-12-10T10:11:18.503088Z[0m [34mDEBUG[0m [2mhyper::proto::h1::io[0m[2m:[0m parsed 4 headers
[2m2025-12-10T10:11:18.503096Z[0m [34mDEBUG[0m [2mhyper::proto::h1::conn[0m[2m:[0m incoming body is content-length (45 bytes)
[2m2025-12-10T10:11:18.503103Z[0m [34mDEBUG[0m [2mhyper::proto::h1::conn[0m[2m:[0m incoming body completed
[2m2025-12-10T10:11:18.503111Z[0m [34mDEBUG[0m [2mhyper::client::pool[0m[2m:[0m pooling idle connection for ("http", 192.168.0.14:8545)
[2m2025-12-10T10:11:18.503887Z[0m [34mDEBUG[0m [2mhyper::proto::h1::io[0m[2m:[0m parsed 4 headers
[2m2025-12-10T10:11:18.503903Z[0m [34mDEBUG[0m [2mhyper::proto::h1::conn[0m[2m:[0m incoming body is content-length (778 bytes)
[2m2025-12-10T10:11:18.503916Z[0m [34mDEBUG[0m [2mhyper::proto::h1::conn[0m[2m:[0m incoming body completed
[2m2025-12-10T10:11:18.503926Z[0m [34mDEBUG[0m [2mhyper::client::pool[0m[2m:[0m pooling idle connection for ("http", 192.168.0.14:8545)
[2m2025-12-10T10:11:18.503931Z[0m [34mDEBUG[0m [2methereum_transaction_pool_monitor::eth_client[0m[2m:[0m 📡 Transaction fetch RPC completed in 4.99375ms
[2m2025-12-10T10:11:18.503947Z[0m [34mDEBUG[0m [2methereum_transaction_pool_monitor::eth_client[0m[2m:[0m DeFi transaction detected - Address: 0xdac17f958d2ee523a2206206994597c13d831ec7, Type: Stablecoin, Value: 0 ETH, Gas: 999.00 Gwei
[2m2025-12-10T10:11:18.503961Z[0m [34mDEBUG[0m [2methereum_transaction_pool_monitor::eth_client[0m[2m:[0m ✅ Transaction 0x89ea6cbea79fbb53d38f9d241cdd7236fb839b6cae65055b864579600622b7c5 fetched and parsed in 5.023334ms
[2m2025-12-10T10:11:18.503967Z[0m [34mDEBUG[0m [2methereum_transaction_pool_monitor::mempool_monitor[0m[2m:[0m 🔍 Skipping tx 0x89ea6cbea79fbb53d38f9d241cdd7236fb839b6cae65055b864579600622b7c5 - not a DEX interaction (target: 0xdAC17F958D2ee523a2206206994597C13D831ec7)
[2m2025-12-10T10:11:18.580852Z[0m [34mDEBUG[0m [2methereum_transaction_pool_monitor::eth_client[0m[2m:[0m 📨 Received WebSocket message: {"jsonrpc":"2.0","method":"eth_subscription","params":{"subscription":"0xbed0a0851463e895960a451075a301a9","result":"0x18b0066678a3f22caa9895634882db8fb981903eca37595093b251c84b7287e6"}}
[2m2025-12-10T10:11:18.580872Z[0m [34mDEBUG[0m [2methereum_transaction_pool_monitor::eth_client[0m[2m:[0m 📨 Received pending transaction: 0x18b0066678a3f22caa9895634882db8fb981903eca37595093b251c84b7287e6
[2m2025-12-10T10:11:18.580882Z[0m [34mDEBUG[0m [2methereum_transaction_pool_monitor::mempool_monitor[0m[2m:[0m 📨 Processing new pending transaction: 0x18b0066678a3f22caa9895634882db8fb981903eca37595093b251c84b7287e6
[2m2025-12-10T10:11:18.580887Z[0m [34mDEBUG[0m [2methereum_transaction_pool_monitor::mempool_monitor[0m[2m:[0m 🔍 Fetching transaction details for: 0x18b0066678a3f22caa9895634882db8fb981903eca37595093b251c84b7287e6
[2m2025-12-10T10:11:18.580892Z[0m [34mDEBUG[0m [2methereum_transaction_pool_monitor::eth_client[0m[2m:[0m 🔍 Fetching transaction details for hash: 0x18b0066678a3f22caa9895634882db8fb981903eca37595093b251c84b7287e6
[2m2025-12-10T10:11:18.580914Z[0m [34mDEBUG[0m [2mhyper::client::pool[0m[2m:[0m reuse idle connection for ("http", 192.168.0.14:8545)
[2m2025-12-10T10:11:18.580939Z[0m [34mDEBUG[0m [2mhyper::proto::h1::io[0m[2m:[0m flushed 250 bytes
[2m2025-12-10T10:11:18.584979Z[0m [34mDEBUG[0m [2mhyper::proto::h1::io[0m[2m:[0m parsed 4 headers
[2m2025-12-10T10:11:18.584989Z[0m [34mDEBUG[0m [2mhyper::proto::h1::conn[0m[2m:[0m incoming body is content-length (554 bytes)
[2m2025-12-10T10:11:18.584998Z[0m [34mDEBUG[0m [2mhyper::proto::h1::conn[0m[2m:[0m incoming body completed
[2m2025-12-10T10:11:18.585008Z[0m [34mDEBUG[0m [2mhyper::client::pool[0m[2m:[0m pooling idle connection for ("http", 192.168.0.14:8545)
[2m2025-12-10T10:11:18.585017Z[0m [34mDEBUG[0m [2methereum_transaction_pool_monitor::eth_client[0m[2m:[0m 📡 Transaction fetch RPC completed in 4.120375ms
[2m2025-12-10T10:11:18.658524Z[0m [34mDEBUG[0m [2methereum_transaction_pool_monitor::eth_client[0m[2m:[0m ✅ Transaction 0x18b0066678a3f22caa9895634882db8fb981903eca37595093b251c84b7287e6 fetched and parsed in 77.62475ms
[2m2025-12-10T10:11:18.658543Z[0m [34mDEBUG[0m [2methereum_transaction_pool_monitor::mempool_monitor[0m[2m:[0m 🔍 Skipping tx 0x18b0066678a3f22caa9895634882db8fb981903eca37595093b251c84b7287e6 - not a DEX interaction (target: 0x6a3892F14D5a242bdCA23bd6020D4e5CBf08EE77)
[2m2025-12-10T10:11:18.658579Z[0m [34mDEBUG[0m [2mhyper::client::pool[0m[2m:[0m reuse idle connection for ("http", 192.168.0.14:8545)
[2m2025-12-10T10:11:18.658591Z[0m [34mDEBUG[0m [2methereum_transaction_pool_monitor::eth_client[0m[2m:[0m 📨 Received WebSocket message: {"jsonrpc":"2.0","method":"eth_subscription","params":{"subscription":"0xbed0a0851463e895960a451075a301a9","result":"0x622b05f127596a4d32a5c99f9816c170730b4a3d7a0c03875c9ba069b0a0f59b"}}
[2m2025-12-10T10:11:18.658600Z[0m [34mDEBUG[0m [2mhyper::proto::h1::io[0m[2m:[0m flushed 172 bytes
[2m2025-12-10T10:11:18.658624Z[0m [34mDEBUG[0m [2methereum_transaction_pool_monitor::eth_client[0m[2m:[0m 📨 Received pending transaction: 0x622b05f127596a4d32a5c99f9816c170730b4a3d7a0c03875c9ba069b0a0f59b
[2m2025-12-10T10:11:18.658657Z[0m [34mDEBUG[0m [2methereum_transaction_pool_monitor::eth_client[0m[2m:[0m 📨 Received WebSocket message: {"jsonrpc":"2.0","method":"eth_subscription","params":{"subscription":"0xbed0a0851463e895960a451075a301a9","result":"0xfb1251b481a80acfd05fcd60a2852d8a86925a05ad026b3ad3acbd57acbe7be7"}}
[2m2025-12-10T10:11:18.658664Z[0m [34mDEBUG[0m [2methereum_transaction_pool_monitor::eth_client[0m[2m:[0m 📨 Received pending transaction: 0xfb1251b481a80acfd05fcd60a2852d8a86925a05ad026b3ad3acbd57acbe7be7
[2m2025-12-10T10:11:18.658671Z[0m [34mDEBUG[0m [2methereum_transaction_pool_monitor::mempool_monitor[0m[2m:[0m 📨 Processing new pending transaction: 0x622b05f127596a4d32a5c99f9816c170730b4a3d7a0c03875c9ba069b0a0f59b
[2m2025-12-10T10:11:18.658677Z[0m [34mDEBUG[0m [2methereum_transaction_pool_monitor::mempool_monitor[0m[2m:[0m 🔍 Fetching transaction details for: 0x622b05f127596a4d32a5c99f9816c170730b4a3d7a0c03875c9ba069b0a0f59b
[2m2025-12-10T10:11:18.658681Z[0m [34mDEBUG[0m [2methereum_transaction_pool_monitor::eth_client[0m[2m:[0m 🔍 Fetching transaction details for hash: 0x622b05f127596a4d32a5c99f9816c170730b4a3d7a0c03875c9ba069b0a0f59b
[2m2025-12-10T10:11:18.658691Z[0m [34mDEBUG[0m [2mhyper::client::pool[0m[2m:[0m reuse idle connection for ("http", 192.168.0.14:8545)
[2m2025-12-10T10:11:18.658704Z[0m [34mDEBUG[0m [2mhyper::proto::h1::io[0m[2m:[0m flushed 250 bytes
[2m2025-12-10T10:11:18.665887Z[0m [34mDEBUG[0m [2mhyper::proto::h1::io[0m[2m:[0m parsed 4 headers
[2m2025-12-10T10:11:18.665900Z[0m [34mDEBUG[0m [2mhyper::proto::h1::conn[0m[2m:[0m incoming body is content-length (45 bytes)
[2m2025-12-10T10:11:18.665912Z[0m [34mDEBUG[0m [2mhyper::proto::h1::conn[0m[2m:[0m incoming body completed
[2m2025-12-10T10:11:18.665923Z[0m [34mDEBUG[0m [2mhyper::client::pool[0m[2m:[0m pooling idle connection for ("http", 192.168.0.14:8545)
[2m2025-12-10T10:11:18.666714Z[0m [34mDEBUG[0m [2mhyper::proto::h1::io[0m[2m:[0m parsed 4 headers
[2m2025-12-10T10:11:18.666735Z[0m [34mDEBUG[0m [2mhyper::proto::h1::conn[0m[2m:[0m incoming body is content-length (830 bytes)
[2m2025-12-10T10:11:18.666756Z[0m [34mDEBUG[0m [2mhyper::proto::h1::conn[0m[2m:[0m incoming body completed
[2m2025-12-10T10:11:18.666774Z[0m [34mDEBUG[0m [2mhyper::client::pool[0m[2m:[0m pooling idle connection for ("http", 192.168.0.14:8545)
[2m2025-12-10T10:11:18.666783Z[0m [34mDEBUG[0m [2methereum_transaction_pool_monitor::eth_client[0m[2m:[0m 📡 Transaction fetch RPC completed in 8.097458ms
[2m2025-12-10T10:11:18.738734Z[0m [34mDEBUG[0m [2methereum_transaction_pool_monitor::eth_client[0m[2m:[0m ✅ Transaction 0x622b05f127596a4d32a5c99f9816c170730b4a3d7a0c03875c9ba069b0a0f59b fetched and parsed in 80.046417ms
[2m2025-12-10T10:11:18.738763Z[0m [34mDEBUG[0m [2methereum_transaction_pool_monitor::mempool_monitor[0m[2m:[0m 🔍 Skipping tx 0x622b05f127596a4d32a5c99f9816c170730b4a3d7a0c03875c9ba069b0a0f59b - not a DEX interaction (target: 0x3B4D794a66304F130a4Db8F2551B0070dfCf5ca7)
[2m2025-12-10T10:11:18.738774Z[0m [34mDEBUG[0m [2methereum_transaction_pool_monitor::mempool_monitor[0m[2m:[0m 📨 Processing new pending transaction: 0xfb1251b481a80acfd05fcd60a2852d8a86925a05ad026b3ad3acbd57acbe7be7
[2m2025-12-10T10:11:18.738785Z[0m [34mDEBUG[0m [2methereum_transaction_pool_monitor::mempool_monitor[0m[2m:[0m 🔍 Fetching transaction details for: 0xfb1251b481a80acfd05fcd60a2852d8a86925a05ad026b3ad3acbd57acbe7be7
[2m2025-12-10T10:11:18.738793Z[0m [34mDEBUG[0m [2methereum_transaction_pool_monitor::eth_client[0m[2m:[0m 🔍 Fetching transaction details for hash: 0xfb1251b481a80acfd05fcd60a2852d8a86925a05ad026b3ad3acbd57acbe7be7
[2m2025-12-10T10:11:18.738816Z[0m [34mDEBUG[0m [2mhyper::client::pool[0m[2m:[0m reuse idle connection for ("http", 192.168.0.14:8545)
[2m2025-12-10T10:11:18.738857Z[0m [34mDEBUG[0m [2mhyper::proto::h1::io[0m[2m:[0m flushed 250 bytes
[2m2025-12-10T10:11:18.738879Z[0m [34mDEBUG[0m [2mhyper::client::pool[0m[2m:[0m reuse idle connection for ("http", 192.168.0.14:8545)
[2m2025-12-10T10:11:18.738895Z[0m [34mDEBUG[0m [2mhyper::proto::h1::io[0m[2m:[0m flushed 172 bytes
[2m2025-12-10T10:11:18.738897Z[0m [34mDEBUG[0m [2methereum_transaction_pool_monitor::eth_client[0m[2m:[0m 📨 Received WebSocket message: {"jsonrpc":"2.0","method":"eth_subscription","params":{"subscription":"0xbed0a0851463e895960a451075a301a9","result":"0x31ba44d030f794450480d8b814a401918b3d44269f591cfb8ca317e16eb8bb5e"}}
[2m2025-12-10T10:11:18.740254Z[0m [34mDEBUG[0m [2methereum_transaction_pool_monitor::eth_client[0m[2m:[0m 📨 Received pending transaction: 0x31ba44d030f794450480d8b814a401918b3d44269f591cfb8ca317e16eb8bb5e
[2m2025-12-10T10:11:18.743684Z[0m [34mDEBUG[0m [2mhyper::proto::h1::io[0m[2m:[0m parsed 4 headers
[2m2025-12-10T10:11:18.743691Z[0m [34mDEBUG[0m [2mhyper::proto::h1::conn[0m[2m:[0m incoming body is content-length (45 bytes)
[2m2025-12-10T10:11:18.743698Z[0m [34mDEBUG[0m [2mhyper::proto::h1::conn[0m[2m:[0m incoming body completed
[2m2025-12-10T10:11:18.743706Z[0m [34mDEBUG[0m [2mhyper::client::pool[0m[2m:[0m pooling idle connection for ("http", 192.168.0.14:8545)
[2m2025-12-10T10:11:18.747677Z[0m [34mDEBUG[0m [2mhyper::proto::h1::io[0m[2m:[0m parsed 4 headers
[2m2025-12-10T10:11:18.747685Z[0m [34mDEBUG[0m [2mhyper::proto::h1::conn[0m[2m:[0m incoming body is content-length (649 bytes)
[2m2025-12-10T10:11:18.747690Z[0m [34mDEBUG[0m [2mhyper::proto::h1::conn[0m[2m:[0m incoming body completed
[2m2025-12-10T10:11:18.747696Z[0m [34mDEBUG[0m [2mhyper::client::pool[0m[2m:[0m pooling idle connection for ("http", 192.168.0.14:8545)
[2m2025-12-10T10:11:18.747701Z[0m [34mDEBUG[0m [2methereum_transaction_pool_monitor::eth_client[0m[2m:[0m 📡 Transaction fetch RPC completed in 8.897666ms
[2m2025-12-10T10:11:18.819217Z[0m [34mDEBUG[0m [2methereum_transaction_pool_monitor::eth_client[0m[2m:[0m ✅ Transaction 0xfb1251b481a80acfd05fcd60a2852d8a86925a05ad026b3ad3acbd57acbe7be7 fetched and parsed in 80.410541ms
[2m2025-12-10T10:11:18.819245Z[0m [34mDEBUG[0m [2methereum_transaction_pool_monitor::mempool_monitor[0m[2m:[0m 🔍 Skipping tx 0xfb1251b481a80acfd05fcd60a2852d8a86925a05ad026b3ad3acbd57acbe7be7 - not a DEX interaction (target: 0xaAcf834003E82f4F0DcA12E86f44f85d94390Bf2)
[2m2025-12-10T10:11:18.819256Z[0m [34mDEBUG[0m [2methereum_transaction_pool_monitor::mempool_monitor[0m[2m:[0m 📨 Processing new pending transaction: 0x31ba44d030f794450480d8b814a401918b3d44269f591cfb8ca317e16eb8bb5e
[2m2025-12-10T10:11:18.819263Z[0m [34mDEBUG[0m [2methereum_transaction_pool_monitor::mempool_monitor[0m[2m:[0m 🔍 Fetching transaction details for: 0x31ba44d030f794450480d8b814a401918b3d44269f591cfb8ca317e16eb8bb5e
[2m2025-12-10T10:11:18.819270Z[0m [34mDEBUG[0m [2methereum_transaction_pool_monitor::eth_client[0m[2m:[0m 🔍 Fetching transaction details for hash: 0x31ba44d030f794450480d8b814a401918b3d44269f591cfb8ca317e16eb8bb5e
[2m2025-12-10T10:11:18.819292Z[0m [34mDEBUG[0m [2mhyper::client::pool[0m[2m:[0m reuse idle connection for ("http", 192.168.0.14:8545)
[2m2025-12-10T10:11:18.819338Z[0m [34mDEBUG[0m [2mhyper::proto::h1::io[0m[2m:[0m flushed 250 bytes
[2m2025-12-10T10:11:18.819366Z[0m [34mDEBUG[0m [2mhyper::client::pool[0m[2m:[0m reuse idle connection for ("http", 192.168.0.14:8545)
[2m2025-12-10T10:11:18.819380Z[0m [34mDEBUG[0m [2mhyper::proto::h1::io[0m[2m:[0m flushed 172 bytes
[2m2025-12-10T10:11:18.825335Z[0m [34mDEBUG[0m [2mhyper::proto::h1::io[0m[2m:[0m parsed 4 headers
[2m2025-12-10T10:11:18.825344Z[0m [34mDEBUG[0m [2mhyper::proto::h1::conn[0m[2m:[0m incoming body is content-length (2304 bytes)
[2m2025-12-10T10:11:18.825359Z[0m [34mDEBUG[0m [2mhyper::proto::h1::conn[0m[2m:[0m incoming body completed
[2m2025-12-10T10:11:18.825376Z[0m [34mDEBUG[0m [2mhyper::client::pool[0m[2m:[0m pooling idle connection for ("http", 192.168.0.14:8545)
[2m2025-12-10T10:11:18.825397Z[0m [34mDEBUG[0m [2methereum_transaction_pool_monitor::eth_client[0m[2m:[0m 📡 Transaction fetch RPC completed in 6.121833ms
[2m2025-12-10T10:11:18.896966Z[0m [34mDEBUG[0m [2methereum_transaction_pool_monitor::eth_client[0m[2m:[0m ✅ Transaction 0x31ba44d030f794450480d8b814a401918b3d44269f591cfb8ca317e16eb8bb5e fetched and parsed in 77.688458ms
[2m2025-12-10T10:11:18.896987Z[0m [34mDEBUG[0m [2methereum_transaction_pool_monitor::mempool_monitor[0m[2m:[0m 🔍 Skipping tx 0x31ba44d030f794450480d8b814a401918b3d44269f591cfb8ca317e16eb8bb5e - not a DEX interaction (target: 0xe8070a4FE798C0569e20729573DDec558e91a68a)
[2m2025-12-10T10:11:18.897023Z[0m [34mDEBUG[0m [2mhyper::proto::h1::io[0m[2m:[0m parsed 4 headers
[2m2025-12-10T10:11:18.897031Z[0m [34mDEBUG[0m [2mhyper::proto::h1::conn[0m[2m:[0m incoming body is content-length (45 bytes)
[2m2025-12-10T10:11:18.897033Z[0m [34mDEBUG[0m [2methereum_transaction_pool_monitor::eth_client[0m[2m:[0m 📨 Received WebSocket message: {"jsonrpc":"2.0","method":"eth_subscription","params":{"subscription":"0xbed0a0851463e895960a451075a301a9","result":"0x8aa0b13eb80aa6c9e267cfe2c2ff372d67fead3b7eee563068697fddafbe4b31"}}
[2m2025-12-10T10:11:18.897041Z[0m [34mDEBUG[0m [2mhyper::proto::h1::conn[0m[2m:[0m incoming body completed
[2m2025-12-10T10:11:18.897044Z[0m [34mDEBUG[0m [2methereum_transaction_pool_monitor::eth_client[0m[2m:[0m 📨 Received pending transaction: 0x8aa0b13eb80aa6c9e267cfe2c2ff372d67fead3b7eee563068697fddafbe4b31
[2m2025-12-10T10:11:18.897054Z[0m [34mDEBUG[0m [2methereum_transaction_pool_monitor::mempool_monitor[0m[2m:[0m 📨 Processing new pending transaction: 0x8aa0b13eb80aa6c9e267cfe2c2ff372d67fead3b7eee563068697fddafbe4b31
[2m2025-12-10T10:11:18.897054Z[0m [34mDEBUG[0m [2mhyper::client::pool[0m[2m:[0m pooling idle connection for ("http", 192.168.0.14:8545)
[2m2025-12-10T10:11:18.897059Z[0m [34mDEBUG[0m [2methereum_transaction_pool_monitor::mempool_monitor[0m[2m:[0m 🔍 Fetching transaction details for: 0x8aa0b13eb80aa6c9e267cfe2c2ff372d67fead3b7eee563068697fddafbe4b31
[2m2025-12-10T10:11:18.897070Z[0m [34mDEBUG[0m [2methereum_transaction_pool_monitor::eth_client[0m[2m:[0m 🔍 Fetching transaction details for hash: 0x8aa0b13eb80aa6c9e267cfe2c2ff372d67fead3b7eee563068697fddafbe4b31
[2m2025-12-10T10:11:18.897080Z[0m [34mDEBUG[0m [2mhyper::client::pool[0m[2m:[0m reuse idle connection for ("http", 192.168.0.14:8545)
[2m2025-12-10T10:11:18.897080Z[0m [34mDEBUG[0m [2mhyper::client::pool[0m[2m:[0m reuse idle connection for ("http", 192.168.0.14:8545)
[2m2025-12-10T10:11:18.897104Z[0m [34mDEBUG[0m [2mhyper::proto::h1::io[0m[2m:[0m flushed 172 bytes
[2m2025-12-10T10:11:18.897108Z[0m [34mDEBUG[0m [2mhyper::proto::h1::io[0m[2m:[0m flushed 250 bytes
[2m2025-12-10T10:11:18.901214Z[0m [34mDEBUG[0m [2mhyper::proto::h1::io[0m[2m:[0m parsed 4 headers
[2m2025-12-10T10:11:18.901225Z[0m [34mDEBUG[0m [2mhyper::proto::h1::conn[0m[2m:[0m incoming body is content-length (45 bytes)
[2m2025-12-10T10:11:18.901232Z[0m [34mDEBUG[0m [2mhyper::proto::h1::conn[0m[2m:[0m incoming body completed
[2m2025-12-10T10:11:18.901240Z[0m [34mDEBUG[0m [2mhyper::client::pool[0m[2m:[0m pooling idle connection for ("http", 192.168.0.14:8545)
[2m2025-12-10T10:11:18.901257Z[0m [34mDEBUG[0m [2mhyper::proto::h1::io[0m[2m:[0m parsed 4 headers
[2m2025-12-10T10:11:18.901261Z[0m [34mDEBUG[0m [2mhyper::proto::h1::conn[0m[2m:[0m incoming body is content-length (774 bytes)
[2m2025-12-10T10:11:18.901265Z[0m [34mDEBUG[0m [2mhyper::proto::h1::conn[0m[2m:[0m incoming body completed
[2m2025-12-10T10:11:18.901271Z[0m [34mDEBUG[0m [2mhyper::client::pool[0m[2m:[0m pooling idle connection for ("http", 192.168.0.14:8545)
[2m2025-12-10T10:11:18.901276Z[0m [34mDEBUG[0m [2methereum_transaction_pool_monitor::eth_client[0m[2m:[0m 📡 Transaction fetch RPC completed in 4.201209ms
[2m2025-12-10T10:11:18.972781Z[0m [34mDEBUG[0m [2methereum_transaction_pool_monitor::eth_client[0m[2m:[0m ✅ Transaction 0x8aa0b13eb80aa6c9e267cfe2c2ff372d67fead3b7eee563068697fddafbe4b31 fetched and parsed in 75.704334ms
[2m2025-12-10T10:11:18.972804Z[0m [34mDEBUG[0m [2methereum_transaction_pool_monitor::mempool_monitor[0m[2m:[0m 🔍 Skipping tx 0x8aa0b13eb80aa6c9e267cfe2c2ff372d67fead3b7eee563068697fddafbe4b31 - not a DEX interaction (target: 0xdeFA4e8a7bcBA345F687a2f1456F5Edd9CE97202)
[2m2025-12-10T10:11:18.998584Z[0m [34mDEBUG[0m [2mhyper::client::pool[0m[2m:[0m reuse idle connection for ("http", 192.168.0.14:8545)
[2m2025-12-10T10:11:18.998626Z[0m [34mDEBUG[0m [2mhyper::proto::h1::io[0m[2m:[0m flushed 172 bytes
[2m2025-12-10T10:11:19.001073Z[0m [34mDEBUG[0m [2methereum_transaction_pool_monitor::eth_client[0m[2m:[0m 📨 Received WebSocket message: {"jsonrpc":"2.0","method":"eth_subscription","params":{"subscription":"0xbed0a0851463e895960a451075a301a9","result":"0x85d897019c3f6f1aa88ef0ac7d40936e5a3a66d10555009c241e43694347f3c3"}}
[2m2025-12-10T10:11:19.001083Z[0m [34mDEBUG[0m [2methereum_transaction_pool_monitor::eth_client[0m[2m:[0m 📨 Received pending transaction: 0x85d897019c3f6f1aa88ef0ac7d40936e5a3a66d10555009c241e43694347f3c3
[2m2025-12-10T10:11:19.001091Z[0m [34mDEBUG[0m [2methereum_transaction_pool_monitor::mempool_monitor[0m[2m:[0m 📨 Processing new pending transaction: 0x85d897019c3f6f1aa88ef0ac7d40936e5a3a66d10555009c241e43694347f3c3
[2m2025-12-10T10:11:19.001096Z[0m [34mDEBUG[0m [2methereum_transaction_pool_monitor::mempool_monitor[0m[2m:[0m 🔍 Fetching transaction details for: 0x85d897019c3f6f1aa88ef0ac7d40936e5a3a66d10555009c241e43694347f3c3
[2m2025-12-10T10:11:19.001100Z[0m [34mDEBUG[0m [2methereum_transaction_pool_monitor::eth_client[0m[2m:[0m 🔍 Fetching transaction details for hash: 0x85d897019c3f6f1aa88ef0ac7d40936e5a3a66d10555009c241e43694347f3c3
[2m2025-12-10T10:11:19.001110Z[0m [34mDEBUG[0m [2mhyper::client::pool[0m[2m:[0m reuse idle connection for ("http", 192.168.0.14:8545)
[2m2025-12-10T10:11:19.001125Z[0m [34mDEBUG[0m [2mhyper::proto::h1::io[0m[2m:[0m flushed 250 bytes
[2m2025-12-10T10:11:19.002203Z[0m [34mDEBUG[0m [2mhyper::proto::h1::io[0m[2m:[0m parsed 4 headers
[2m2025-12-10T10:11:19.002211Z[0m [34mDEBUG[0m [2mhyper::proto::h1::conn[0m[2m:[0m incoming body is content-length (45 bytes)
[2m2025-12-10T10:11:19.002218Z[0m [34mDEBUG[0m [2mhyper::proto::h1::conn[0m[2m:[0m incoming body completed
[2m2025-12-10T10:11:19.002226Z[0m [34mDEBUG[0m [2mhyper::client::pool[0m[2m:[0m pooling idle connection for ("http", 192.168.0.14:8545)
[2m2025-12-10T10:11:19.006231Z[0m [34mDEBUG[0m [2mhyper::proto::h1::io[0m[2m:[0m parsed 4 headers
[2m2025-12-10T10:11:19.006240Z[0m [34mDEBUG[0m [2mhyper::proto::h1::conn[0m[2m:[0m incoming body is content-length (651 bytes)
[2m2025-12-10T10:11:19.006246Z[0m [34mDEBUG[0m [2mhyper::proto::h1::conn[0m[2m:[0m incoming body completed
[2m2025-12-10T10:11:19.006254Z[0m [34mDEBUG[0m [2mhyper::client::pool[0m[2m:[0m pooling idle connection for ("http", 192.168.0.14:8545)
[2m2025-12-10T10:11:19.006260Z[0m [34mDEBUG[0m [2methereum_transaction_pool_monitor::eth_client[0m[2m:[0m 📡 Transaction fetch RPC completed in 5.156125ms
[2m2025-12-10T10:11:19.076340Z[0m [34mDEBUG[0m [2methereum_transaction_pool_monitor::eth_client[0m[2m:[0m ✅ Transaction 0x85d897019c3f6f1aa88ef0ac7d40936e5a3a66d10555009c241e43694347f3c3 fetched and parsed in 75.233791ms
[2m2025-12-10T10:11:19.076366Z[0m [34mDEBUG[0m [2methereum_transaction_pool_monitor::mempool_monitor[0m[2m:[0m 🔍 Skipping tx 0x85d897019c3f6f1aa88ef0ac7d40936e5a3a66d10555009c241e43694347f3c3 - not a DEX interaction (target: 0xE6b9694eced2cEE9aD61c6f57676ec36587CF63a)
[2m2025-12-10T10:11:19.076414Z[0m [34mDEBUG[0m [2methereum_transaction_pool_monitor::eth_client[0m[2m:[0m 📨 Received WebSocket message: {"jsonrpc":"2.0","method":"eth_subscription","params":{"subscription":"0xbed0a0851463e895960a451075a301a9","result":"0x6d8aaba586f27d66693887987309fcbfed7a231131627a62f86f2e0bbb5c9773"}}
[2m2025-12-10T10:11:19.076426Z[0m [34mDEBUG[0m [2methereum_transaction_pool_monitor::eth_client[0m[2m:[0m 📨 Received pending transaction: 0x6d8aaba586f27d66693887987309fcbfed7a231131627a62f86f2e0bbb5c9773
[2m2025-12-10T10:11:19.076433Z[0m [34mDEBUG[0m [2methereum_transaction_pool_monitor::eth_client[0m[2m:[0m 📨 Received WebSocket message: {"jsonrpc":"2.0","method":"eth_subscription","params":{"subscription":"0xbed0a0851463e895960a451075a301a9","result":"0x168a0642802c5b684dfa2935c3e7e3a2d38321abbcbeae64791d119069875b8e"}}
[2m2025-12-10T10:11:19.076440Z[0m [34mDEBUG[0m [2methereum_transaction_pool_monitor::eth_client[0m[2m:[0m 📨 Received pending transaction: 0x168a0642802c5b684dfa2935c3e7e3a2d38321abbcbeae64791d119069875b8e
[2m2025-12-10T10:11:19.076445Z[0m [34mDEBUG[0m [2methereum_transaction_pool_monitor::eth_client[0m[2m:[0m 📨 Received WebSocket message: {"jsonrpc":"2.0","method":"eth_subscription","params":{"subscription":"0xbed0a0851463e895960a451075a301a9","result":"0x45eb6d91613ff24ae3856c6e28fbfed62aed7d96f7d3ccde4fd08e2470321efe"}}
[2m2025-12-10T10:11:19.076451Z[0m [34mDEBUG[0m [2methereum_transaction_pool_monitor::eth_client[0m[2m:[0m 📨 Received pending transaction: 0x45eb6d91613ff24ae3856c6e28fbfed62aed7d96f7d3ccde4fd08e2470321efe
[2m2025-12-10T10:11:19.076457Z[0m [34mDEBUG[0m [2methereum_transaction_pool_monitor::eth_client[0m[2m:[0m 📨 Received WebSocket message: {"jsonrpc":"2.0","method":"eth_subscription","params":{"subscription":"0xbed0a0851463e895960a451075a301a9","result":"0xcab8a84cf14d2bde9fdd37993588c87ce4bb943ea056ac3ef283ccbea0bb54ce"}}
[2m2025-12-10T10:11:19.076463Z[0m [34mDEBUG[0m [2methereum_transaction_pool_monitor::eth_client[0m[2m:[0m 📨 Received pending transaction: 0xcab8a84cf14d2bde9fdd37993588c87ce4bb943ea056ac3ef283ccbea0bb54ce
[2m2025-12-10T10:11:19.076469Z[0m [34mDEBUG[0m [2methereum_transaction_pool_monitor::mempool_monitor[0m[2m:[0m 📨 Processing new pending transaction: 0x6d8aaba586f27d66693887987309fcbfed7a231131627a62f86f2e0bbb5c9773
[2m2025-12-10T10:11:19.076477Z[0m [34mDEBUG[0m [2methereum_transaction_pool_monitor::mempool_monitor[0m[2m:[0m 🔍 Fetching transaction details for: 0x6d8aaba586f27d66693887987309fcbfed7a231131627a62f86f2e0bbb5c9773
[2m2025-12-10T10:11:19.076483Z[0m [34mDEBUG[0m [2methereum_transaction_pool_monitor::eth_client[0m[2m:[0m 🔍 Fetching transaction details for hash: 0x6d8aaba586f27d66693887987309fcbfed7a231131627a62f86f2e0bbb5c9773
[2m2025-12-10T10:11:19.076503Z[0m [34mDEBUG[0m [2mhyper::client::pool[0m[2m:[0m reuse idle connection for ("http", 192.168.0.14:8545)
[2m2025-12-10T10:11:19.076525Z[0m [34mDEBUG[0m [2mhyper::proto::h1::io[0m[2m:[0m flushed 250 bytes
[2m2025-12-10T10:11:19.081005Z[0m [34mDEBUG[0m [2mhyper::proto::h1::io[0m[2m:[0m parsed 4 headers
[2m2025-12-10T10:11:19.081045Z[0m [34mDEBUG[0m [2mhyper::proto::h1::conn[0m[2m:[0m incoming body is content-length (646 bytes)
[2m2025-12-10T10:11:19.081057Z[0m [34mDEBUG[0m [2mhyper::proto::h1::conn[0m[2m:[0m incoming body completed
[2m2025-12-10T10:11:19.081078Z[0m [34mDEBUG[0m [2mhyper::client::pool[0m[2m:[0m pooling idle connection for ("http", 192.168.0.14:8545)
[2m2025-12-10T10:11:19.081086Z[0m [34mDEBUG[0m [2methereum_transaction_pool_monitor::eth_client[0m[2m:[0m 📡 Transaction fetch RPC completed in 4.598666ms
[2m2025-12-10T10:11:19.174031Z[0m [34mDEBUG[0m [2methereum_transaction_pool_monitor::eth_client[0m[2m:[0m ✅ Transaction 0x6d8aaba586f27d66693887987309fcbfed7a231131627a62f86f2e0bbb5c9773 fetched and parsed in 97.540875ms
[2m2025-12-10T10:11:19.174057Z[0m [34mDEBUG[0m [2methereum_transaction_pool_monitor::mempool_monitor[0m[2m:[0m 🔍 Skipping tx 0x6d8aaba586f27d66693887987309fcbfed7a231131627a62f86f2e0bbb5c9773 - not a DEX interaction (target: 0xA26148AE51fa8E787DF319C04137602Cc018b521)
[2m2025-12-10T10:11:19.174067Z[0m [34mDEBUG[0m [2methereum_transaction_pool_monitor::mempool_monitor[0m[2m:[0m 📨 Processing new pending transaction: 0x168a0642802c5b684dfa2935c3e7e3a2d38321abbcbeae64791d119069875b8e
[2m2025-12-10T10:11:19.174239Z[0m [34mDEBUG[0m [2methereum_transaction_pool_monitor::mempool_monitor[0m[2m:[0m 🔍 Fetching transaction details for: 0x168a0642802c5b684dfa2935c3e7e3a2d38321abbcbeae64791d119069875b8e
[2m2025-12-10T10:11:19.174247Z[0m [34mDEBUG[0m [2methereum_transaction_pool_monitor::eth_client[0m[2m:[0m 🔍 Fetching transaction details for hash: 0x168a0642802c5b684dfa2935c3e7e3a2d38321abbcbeae64791d119069875b8e
[2m2025-12-10T10:11:19.174266Z[0m [34mDEBUG[0m [2mhyper::client::pool[0m[2m:[0m reuse idle connection for ("http", 192.168.0.14:8545)
[2m2025-12-10T10:11:19.174301Z[0m [34mDEBUG[0m [2mhyper::proto::h1::io[0m[2m:[0m flushed 250 bytes
[2m2025-12-10T10:11:19.174321Z[0m [34mDEBUG[0m [2mhyper::client::pool[0m[2m:[0m reuse idle connection for ("http", 192.168.0.14:8545)
[2m2025-12-10T10:11:19.174335Z[0m [34mDEBUG[0m [2mhyper::proto::h1::io[0m[2m:[0m flushed 172 bytes
[2m2025-12-10T10:11:19.174373Z[0m [34mDEBUG[0m [2methereum_transaction_pool_monitor::eth_client[0m[2m:[0m 📨 Received WebSocket message: {"jsonrpc":"2.0","method":"eth_subscription","params":{"subscription":"0xbed0a0851463e895960a451075a301a9","result":"0x60a88719f9ba005399af449f634d9a75abfce6b9e42e5ef5b3b0c0515b5b8dce"}}
[2m2025-12-10T10:11:19.174382Z[0m [34mDEBUG[0m [2methereum_transaction_pool_monitor::eth_client[0m[2m:[0m 📨 Received pending transaction: 0x60a88719f9ba005399af449f634d9a75abfce6b9e42e5ef5b3b0c0515b5b8dce
[2m2025-12-10T10:11:19.180666Z[0m [34mDEBUG[0m [2mhyper::proto::h1::io[0m[2m:[0m parsed 4 headers
[2m2025-12-10T10:11:19.180681Z[0m [34mDEBUG[0m [2mhyper::proto::h1::conn[0m[2m:[0m incoming body is content-length (45 bytes)
[2m2025-12-10T10:11:19.180690Z[0m [34mDEBUG[0m [2mhyper::proto::h1::conn[0m[2m:[0m incoming body completed
[2m2025-12-10T10:11:19.180699Z[0m [34mDEBUG[0m [2mhyper::client::pool[0m[2m:[0m pooling idle connection for ("http", 192.168.0.14:8545)
[2m2025-12-10T10:11:19.184178Z[0m [34mDEBUG[0m [2mhyper::proto::h1::io[0m[2m:[0m parsed 4 headers
[2m2025-12-10T10:11:19.184211Z[0m [34mDEBUG[0m [2mhyper::proto::h1::conn[0m[2m:[0m incoming body is content-length (1731 bytes)
[2m2025-12-10T10:11:19.184222Z[0m [34mDEBUG[0m [2mhyper::proto::h1::conn[0m[2m:[0m incoming body completed
[2m2025-12-10T10:11:19.184244Z[0m [34mDEBUG[0m [2mhyper::client::pool[0m[2m:[0m pooling idle connection for ("http", 192.168.0.14:8545)
[2m2025-12-10T10:11:19.184251Z[0m [34mDEBUG[0m [2methereum_transaction_pool_monitor::eth_client[0m[2m:[0m 📡 Transaction fetch RPC completed in 9.999167ms
[2m2025-12-10T10:11:19.351049Z[0m [34mDEBUG[0m [2methereum_transaction_pool_monitor::eth_client[0m[2m:[0m ✅ Transaction 0x168a0642802c5b684dfa2935c3e7e3a2d38321abbcbeae64791d119069875b8e fetched and parsed in 176.792833ms
[2m2025-12-10T10:11:19.351079Z[0m [34mDEBUG[0m [2methereum_transaction_pool_monitor::mempool_monitor[0m[2m:[0m 🔍 Skipping tx 0x168a0642802c5b684dfa2935c3e7e3a2d38321abbcbeae64791d119069875b8e - not a DEX interaction (target: 0x601a2aD6CB5949f0529735254189Ba3194221EDF)
[2m2025-12-10T10:11:19.351092Z[0m [34mDEBUG[0m [2methereum_transaction_pool_monitor::mempool_monitor[0m[2m:[0m 📨 Processing new pending transaction: 0x45eb6d91613ff24ae3856c6e28fbfed62aed7d96f7d3ccde4fd08e2470321efe
[2m2025-12-10T10:11:19.351106Z[0m [34mDEBUG[0m [2methereum_transaction_pool_monitor::mempool_monitor[0m[2m:[0m 🔍 Fetching transaction details for: 0x45eb6d91613ff24ae3856c6e28fbfed62aed7d96f7d3ccde4fd08e2470321efe
[2m2025-12-10T10:11:19.351114Z[0m [34mDEBUG[0m [2methereum_transaction_pool_monitor::eth_client[0m[2m:[0m 🔍 Fetching transaction details for hash: 0x45eb6d91613ff24ae3856c6e28fbfed62aed7d96f7d3ccde4fd08e2470321efe
[2m2025-12-10T10:11:19.351136Z[0m [34mDEBUG[0m [2mhyper::client::pool[0m[2m:[0m reuse idle connection for ("http", 192.168.0.14:8545)
[2m2025-12-10T10:11:19.351186Z[0m [34mDEBUG[0m [2mhyper::proto::h1::io[0m[2m:[0m flushed 250 bytes
[2m2025-12-10T10:11:19.351207Z[0m [34mDEBUG[0m [2mhyper::client::pool[0m[2m:[0m reuse idle connection for ("http", 192.168.0.14:8545)
[2m2025-12-10T10:11:19.351225Z[0m [34mDEBUG[0m [2mhyper::proto::h1::io[0m[2m:[0m flushed 172 bytes
[2m2025-12-10T10:11:19.351240Z[0m [34mDEBUG[0m [2methereum_transaction_pool_monitor::eth_client[0m[2m:[0m 📨 Received WebSocket message: {"jsonrpc":"2.0","method":"eth_subscription","params":{"subscription":"0xbed0a0851463e895960a451075a301a9","result":"0x2ec425049c5b01795fff2a48e1fc1f38ae977df2978ba36de647b60b159dfc52"}}
[2m2025-12-10T10:11:19.351248Z[0m [34mDEBUG[0m [2methereum_transaction_pool_monitor::eth_client[0m[2m:[0m 📨 Received pending transaction: 0x2ec425049c5b01795fff2a48e1fc1f38ae977df2978ba36de647b60b159dfc52
[2m2025-12-10T10:11:19.358417Z[0m [34mDEBUG[0m [2mhyper::proto::h1::io[0m[2m:[0m parsed 4 headers
[2m2025-12-10T10:11:19.358429Z[0m [34mDEBUG[0m [2mhyper::proto::h1::conn[0m[2m:[0m incoming body is content-length (45 bytes)
[2m2025-12-10T10:11:19.358437Z[0m [34mDEBUG[0m [2mhyper::proto::h1::conn[0m[2m:[0m incoming body completed
[2m2025-12-10T10:11:19.358448Z[0m [34mDEBUG[0m [2mhyper::client::pool[0m[2m:[0m pooling idle connection for ("http", 192.168.0.14:8545)
[2m2025-12-10T10:11:19.358476Z[0m [34mDEBUG[0m [2mhyper::client::pool[0m[2m:[0m reuse idle connection for ("http", 192.168.0.14:8545)
[2m2025-12-10T10:11:19.358497Z[0m [34mDEBUG[0m [2mhyper::proto::h1::io[0m[2m:[0m flushed 172 bytes
[2m2025-12-10T10:11:19.363710Z[0m [34mDEBUG[0m [2mhyper::proto::h1::io[0m[2m:[0m parsed 4 headers
[2m2025-12-10T10:11:19.363724Z[0m [34mDEBUG[0m [2mhyper::proto::h1::conn[0m[2m:[0m incoming body is content-length (830 bytes)
[2m2025-12-10T10:11:19.363733Z[0m [34mDEBUG[0m [2mhyper::proto::h1::conn[0m[2m:[0m incoming body completed
[2m2025-12-10T10:11:19.363742Z[0m [34mDEBUG[0m [2mhyper::client::pool[0m[2m:[0m pooling idle connection for ("http", 192.168.0.14:8545)
[2m2025-12-10T10:11:19.363749Z[0m [34mDEBUG[0m [2methereum_transaction_pool_monitor::eth_client[0m[2m:[0m 📡 Transaction fetch RPC completed in 12.630208ms
[2m2025-12-10T10:11:19.506610Z[0m [34mDEBUG[0m [2methereum_transaction_pool_monitor::eth_client[0m[2m:[0m ✅ Transaction 0x45eb6d91613ff24ae3856c6e28fbfed62aed7d96f7d3ccde4fd08e2470321efe fetched and parsed in 155.4865ms
[2m2025-12-10T10:11:19.506712Z[0m [34mDEBUG[0m [2methereum_transaction_pool_monitor::mempool_monitor[0m[2m:[0m 🔍 Skipping tx 0x45eb6d91613ff24ae3856c6e28fbfed62aed7d96f7d3ccde4fd08e2470321efe - not a DEX interaction (target: 0x3B4D794a66304F130a4Db8F2551B0070dfCf5ca7)
[2m2025-12-10T10:11:19.506729Z[0m [34mDEBUG[0m [2methereum_transaction_pool_monitor::mempool_monitor[0m[2m:[0m 📨 Processing new pending transaction: 0xcab8a84cf14d2bde9fdd37993588c87ce4bb943ea056ac3ef283ccbea0bb54ce
[2m2025-12-10T10:11:19.506741Z[0m [34mDEBUG[0m [2methereum_transaction_pool_monitor::mempool_monitor[0m[2m:[0m 🔍 Fetching transaction details for: 0xcab8a84cf14d2bde9fdd37993588c87ce4bb943ea056ac3ef283ccbea0bb54ce
[2m2025-12-10T10:11:19.506746Z[0m [34mDEBUG[0m [2methereum_transaction_pool_monitor::eth_client[0m[2m:[0m 🔍 Fetching transaction details for hash: 0xcab8a84cf14d2bde9fdd37993588c87ce4bb943ea056ac3ef283ccbea0bb54ce
[2m2025-12-10T10:11:19.506771Z[0m [34mDEBUG[0m [2mhyper::client::pool[0m[2m:[0m reuse idle connection for ("http", 192.168.0.14:8545)
[2m2025-12-10T10:11:19.506822Z[0m [34mDEBUG[0m [2mhyper::proto::h1::io[0m[2m:[0m flushed 250 bytes
[2m2025-12-10T10:11:19.506842Z[0m [34mDEBUG[0m [2mhyper::proto::h1::io[0m[2m:[0m parsed 4 headers
[2m2025-12-10T10:11:19.506848Z[0m [34mDEBUG[0m [2mhyper::proto::h1::conn[0m[2m:[0m incoming body is content-length (45 bytes)
[2m2025-12-10T10:11:19.506857Z[0m [34mDEBUG[0m [2mhyper::proto::h1::conn[0m[2m:[0m incoming body completed
[2m2025-12-10T10:11:19.506867Z[0m [34mDEBUG[0m [2mhyper::client::pool[0m[2m:[0m pooling idle connection for ("http", 192.168.0.14:8545)
[2m2025-12-10T10:11:19.506886Z[0m [34mDEBUG[0m [2mhyper::client::pool[0m[2m:[0m reuse idle connection for ("http", 192.168.0.14:8545)
[2m2025-12-10T10:11:19.506905Z[0m [34mDEBUG[0m [2mhyper::proto::h1::io[0m[2m:[0m flushed 172 bytes
[2m2025-12-10T10:11:19.513533Z[0m [34mDEBUG[0m [2mhyper::proto::h1::io[0m[2m:[0m parsed 4 headers
[2m2025-12-10T10:11:19.513547Z[0m [34mDEBUG[0m [2mhyper::proto::h1::conn[0m[2m:[0m incoming body is content-length (45 bytes)
[2m2025-12-10T10:11:19.513556Z[0m [34mDEBUG[0m [2mhyper::proto::h1::conn[0m[2m:[0m incoming body completed
[2m2025-12-10T10:11:19.513565Z[0m [34mDEBUG[0m [2mhyper::client::pool[0m[2m:[0m pooling idle connection for ("http", 192.168.0.14:8545)
[2m2025-12-10T10:11:19.513598Z[0m [34mDEBUG[0m [2mhyper::client::pool[0m[2m:[0m reuse idle connection for ("http", 192.168.0.14:8545)
[2m2025-12-10T10:11:19.513629Z[0m [34mDEBUG[0m [2mhyper::proto::h1::io[0m[2m:[0m flushed 172 bytes
[2m2025-12-10T10:11:19.516589Z[0m [34mDEBUG[0m [2mhyper::proto::h1::io[0m[2m:[0m parsed 4 headers
[2m2025-12-10T10:11:19.516596Z[0m [34mDEBUG[0m [2mhyper::proto::h1::conn[0m[2m:[0m incoming body is content-length (830 bytes)
[2m2025-12-10T10:11:19.516602Z[0m [34mDEBUG[0m [2mhyper::proto::h1::conn[0m[2m:[0m incoming body completed
[2m2025-12-10T10:11:19.516610Z[0m [34mDEBUG[0m [2mhyper::client::pool[0m[2m:[0m pooling idle connection for ("http", 192.168.0.14:8545)
[2m2025-12-10T10:11:19.516617Z[0m [34mDEBUG[0m [2methereum_transaction_pool_monitor::eth_client[0m[2m:[0m 📡 Transaction fetch RPC completed in 9.865959ms
[2m2025-12-10T10:11:19.586600Z[0m [34mDEBUG[0m [2methereum_transaction_pool_monitor::eth_client[0m[2m:[0m ✅ Transaction 0xcab8a84cf14d2bde9fdd37993588c87ce4bb943ea056ac3ef283ccbea0bb54ce fetched and parsed in 79.845417ms
[2m2025-12-10T10:11:19.586633Z[0m [34mDEBUG[0m [2methereum_transaction_pool_monitor::mempool_monitor[0m[2m:[0m 🔍 Skipping tx 0xcab8a84cf14d2bde9fdd37993588c87ce4bb943ea056ac3ef283ccbea0bb54ce - not a DEX interaction (target: 0x3B4D794a66304F130a4Db8F2551B0070dfCf5ca7)
[2m2025-12-10T10:11:19.586645Z[0m [34mDEBUG[0m [2methereum_transaction_pool_monitor::mempool_monitor[0m[2m:[0m 📨 Processing new pending transaction: 0x60a88719f9ba005399af449f634d9a75abfce6b9e42e5ef5b3b0c0515b5b8dce
[2m2025-12-10T10:11:19.586652Z[0m [34mDEBUG[0m [2methereum_transaction_pool_monitor::mempool_monitor[0m[2m:[0m 🔍 Fetching transaction details for: 0x60a88719f9ba005399af449f634d9a75abfce6b9e42e5ef5b3b0c0515b5b8dce
[2m2025-12-10T10:11:19.586658Z[0m [34mDEBUG[0m [2methereum_transaction_pool_monitor::eth_client[0m[2m:[0m 🔍 Fetching transaction details for hash: 0x60a88719f9ba005399af449f634d9a75abfce6b9e42e5ef5b3b0c0515b5b8dce
[2m2025-12-10T10:11:19.586682Z[0m [34mDEBUG[0m [2mhyper::client::pool[0m[2m:[0m reuse idle connection for ("http", 192.168.0.14:8545)
[2m2025-12-10T10:11:19.586743Z[0m [34mDEBUG[0m [2mhyper::proto::h1::io[0m[2m:[0m flushed 250 bytes
[2m2025-12-10T10:11:19.586762Z[0m [34mDEBUG[0m [2mhyper::proto::h1::io[0m[2m:[0m parsed 4 headers
[2m2025-12-10T10:11:19.586769Z[0m [34mDEBUG[0m [2mhyper::proto::h1::conn[0m[2m:[0m incoming body is content-length (45 bytes)
[2m2025-12-10T10:11:19.586780Z[0m [34mDEBUG[0m [2mhyper::proto::h1::conn[0m[2m:[0m incoming body completed
[2m2025-12-10T10:11:19.586792Z[0m [34mDEBUG[0m [2mhyper::client::pool[0m[2m:[0m pooling idle connection for ("http", 192.168.0.14:8545)
[2m2025-12-10T10:11:19.590763Z[0m [34mDEBUG[0m [2mhyper::proto::h1::io[0m[2m:[0m parsed 4 headers
[2m2025-12-10T10:11:19.590773Z[0m [34mDEBUG[0m [2mhyper::proto::h1::conn[0m[2m:[0m incoming body is content-length (1731 bytes)
[2m2025-12-10T10:11:19.590786Z[0m [34mDEBUG[0m [2methereum_transaction_pool_monitor::eth_client[0m[2m:[0m 📡 Transaction fetch RPC completed in 4.122792ms
[2m2025-12-10T10:11:19.591444Z[0m [34mDEBUG[0m [2mhyper::proto::h1::conn[0m[2m:[0m incoming body completed
[2m2025-12-10T10:11:19.591454Z[0m [34mDEBUG[0m [2mhyper::client::pool[0m[2m:[0m pooling idle connection for ("http", 192.168.0.14:8545)
[2m2025-12-10T10:11:19.598114Z[0m [34mDEBUG[0m [2mhyper::client::pool[0m[2m:[0m reuse idle connection for ("http", 192.168.0.14:8545)
[2m2025-12-10T10:11:19.598176Z[0m [34mDEBUG[0m [2mhyper::proto::h1::io[0m[2m:[0m flushed 172 bytes
[2m2025-12-10T10:11:19.601206Z[0m [34mDEBUG[0m [2mhyper::proto::h1::io[0m[2m:[0m parsed 4 headers
[2m2025-12-10T10:11:19.601217Z[0m [34mDEBUG[0m [2mhyper::proto::h1::conn[0m[2m:[0m incoming body is content-length (45 bytes)
[2m2025-12-10T10:11:19.601226Z[0m [34mDEBUG[0m [2mhyper::proto::h1::conn[0m[2m:[0m incoming body completed
[2m2025-12-10T10:11:19.601237Z[0m [34mDEBUG[0m [2mhyper::client::pool[0m[2m:[0m pooling idle connection for ("http", 192.168.0.14:8545)
[2m2025-12-10T10:11:19.661532Z[0m [34mDEBUG[0m [2methereum_transaction_pool_monitor::eth_client[0m[2m:[0m ✅ Transaction 0x60a88719f9ba005399af449f634d9a75abfce6b9e42e5ef5b3b0c0515b5b8dce fetched and parsed in 74.8665ms
[2m2025-12-10T10:11:19.661561Z[0m [34mDEBUG[0m [2methereum_transaction_pool_monitor::mempool_monitor[0m[2m:[0m 🔍 Skipping tx 0x60a88719f9ba005399af449f634d9a75abfce6b9e42e5ef5b3b0c0515b5b8dce - not a DEX interaction (target: 0x601a2aD6CB5949f0529735254189Ba3194221EDF)
[2m2025-12-10T10:11:19.661572Z[0m [34mDEBUG[0m [2methereum_transaction_pool_monitor::mempool_monitor[0m[2m:[0m 📨 Processing new pending transaction: 0x2ec425049c5b01795fff2a48e1fc1f38ae977df2978ba36de647b60b159dfc52
[2m2025-12-10T10:11:19.661578Z[0m [34mDEBUG[0m [2methereum_transaction_pool_monitor::mempool_monitor[0m[2m:[0m 🔍 Fetching transaction details for: 0x2ec425049c5b01795fff2a48e1fc1f38ae977df2978ba36de647b60b159dfc52
[2m2025-12-10T10:11:19.661585Z[0m [34mDEBUG[0m [2methereum_transaction_pool_monitor::eth_client[0m[2m:[0m 🔍 Fetching transaction details for hash: 0x2ec425049c5b01795fff2a48e1fc1f38ae977df2978ba36de647b60b159dfc52
[2m2025-12-10T10:11:19.661607Z[0m [34mDEBUG[0m [2mhyper::client::pool[0m[2m:[0m reuse idle connection for ("http", 192.168.0.14:8545)
[2m2025-12-10T10:11:19.661650Z[0m [34mDEBUG[0m [2mhyper::proto::h1::io[0m[2m:[0m flushed 250 bytes
[2m2025-12-10T10:11:19.665493Z[0m [34mDEBUG[0m [2mhyper::proto::h1::io[0m[2m:[0m parsed 4 headers
[2m2025-12-10T10:11:19.665511Z[0m [34mDEBUG[0m [2mhyper::proto::h1::conn[0m[2m:[0m incoming body is content-length (645 bytes)
[2m2025-12-10T10:11:19.665520Z[0m [34mDEBUG[0m [2mhyper::proto::h1::conn[0m[2m:[0m incoming body completed
[2m2025-12-10T10:11:19.665531Z[0m [34mDEBUG[0m [2mhyper::client::pool[0m[2m:[0m pooling idle connection for ("http", 192.168.0.14:8545)
[2m2025-12-10T10:11:19.665539Z[0m [34mDEBUG[0m [2methereum_transaction_pool_monitor::eth_client[0m[2m:[0m 📡 Transaction fetch RPC completed in 3.949125ms
[2m2025-12-10T10:11:19.738031Z[0m [34mDEBUG[0m [2methereum_transaction_pool_monitor::eth_client[0m[2m:[0m ✅ Transaction 0x2ec425049c5b01795fff2a48e1fc1f38ae977df2978ba36de647b60b159dfc52 fetched and parsed in 76.438583ms
[2m2025-12-10T10:11:19.738062Z[0m [34mDEBUG[0m [2methereum_transaction_pool_monitor::mempool_monitor[0m[2m:[0m 🔍 Skipping tx 0x2ec425049c5b01795fff2a48e1fc1f38ae977df2978ba36de647b60b159dfc52 - not a DEX interaction (target: 0xc7c18C66ffEdA3e73705692442938039Fe298D65)
[2m2025-12-10T10:11:19.738101Z[0m [34mDEBUG[0m [2mhyper::client::pool[0m[2m:[0m reuse idle connection for ("http", 192.168.0.14:8545)
[2m2025-12-10T10:11:19.738134Z[0m [34mDEBUG[0m [2mhyper::proto::h1::io[0m[2m:[0m flushed 172 bytes
[2m2025-12-10T10:11:19.738137Z[0m [34mDEBUG[0m [2methereum_transaction_pool_monitor::eth_client[0m[2m:[0m 📨 Received WebSocket message: {"jsonrpc":"2.0","method":"eth_subscription","params":{"subscription":"0xbed0a0851463e895960a451075a301a9","result":"0xe922fd058f7d51e899cda7f966489cc50e4085029c6c1445f2311049841ed53a"}}
[2m2025-12-10T10:11:19.738838Z[0m [34mDEBUG[0m [2methereum_transaction_pool_monitor::eth_client[0m[2m:[0m 📨 Received pending transaction: 0xe922fd058f7d51e899cda7f966489cc50e4085029c6c1445f2311049841ed53a
[2m2025-12-10T10:11:19.738847Z[0m [34mDEBUG[0m [2methereum_transaction_pool_monitor::mempool_monitor[0m[2m:[0m 📨 Processing new pending transaction: 0xe922fd058f7d51e899cda7f966489cc50e4085029c6c1445f2311049841ed53a
[2m2025-12-10T10:11:19.738852Z[0m [34mDEBUG[0m [2methereum_transaction_pool_monitor::mempool_monitor[0m[2m:[0m 🔍 Fetching transaction details for: 0xe922fd058f7d51e899cda7f966489cc50e4085029c6c1445f2311049841ed53a
[2m2025-12-10T10:11:19.738856Z[0m [34mDEBUG[0m [2methereum_transaction_pool_monitor::eth_client[0m[2m:[0m 🔍 Fetching transaction details for hash: 0xe922fd058f7d51e899cda7f966489cc50e4085029c6c1445f2311049841ed53a
[2m2025-12-10T10:11:19.738868Z[0m [34mDEBUG[0m [2mhyper::client::pool[0m[2m:[0m reuse idle connection for ("http", 192.168.0.14:8545)
[2m2025-12-10T10:11:19.738889Z[0m [34mDEBUG[0m [2mhyper::proto::h1::io[0m[2m:[0m flushed 250 bytes
[2m2025-12-10T10:11:19.743577Z[0m [34mDEBUG[0m [2mhyper::proto::h1::io[0m[2m:[0m parsed 4 headers
[2m2025-12-10T10:11:19.743591Z[0m [34mDEBUG[0m [2mhyper::proto::h1::conn[0m[2m:[0m incoming body is content-length (45 bytes)
[2m2025-12-10T10:11:19.743599Z[0m [34mDEBUG[0m [2mhyper::proto::h1::conn[0m[2m:[0m incoming body completed
[2m2025-12-10T10:11:19.743609Z[0m [34mDEBUG[0m [2mhyper::client::pool[0m[2m:[0m pooling idle connection for ("http", 192.168.0.14:8545)
[2m2025-12-10T10:11:19.745216Z[0m [34mDEBUG[0m [2mhyper::proto::h1::io[0m[2m:[0m parsed 4 headers
[2m2025-12-10T10:11:19.745224Z[0m [34mDEBUG[0m [2mhyper::proto::h1::conn[0m[2m:[0m incoming body is content-length (830 bytes)
[2m2025-12-10T10:11:19.745231Z[0m [34mDEBUG[0m [2mhyper::proto::h1::conn[0m[2m:[0m incoming body completed
[2m2025-12-10T10:11:19.745238Z[0m [34mDEBUG[0m [2mhyper::client::pool[0m[2m:[0m pooling idle connection for ("http", 192.168.0.14:8545)
[2m2025-12-10T10:11:19.745245Z[0m [34mDEBUG[0m [2methereum_transaction_pool_monitor::eth_client[0m[2m:[0m 📡 Transaction fetch RPC completed in 6.385208ms
[2m2025-12-10T10:11:19.817497Z[0m [34mDEBUG[0m [2methereum_transaction_pool_monitor::eth_client[0m[2m:[0m ✅ Transaction 0xe922fd058f7d51e899cda7f966489cc50e4085029c6c1445f2311049841ed53a fetched and parsed in 78.633583ms
[2m2025-12-10T10:11:19.817533Z[0m [34mDEBUG[0m [2methereum_transaction_pool_monitor::mempool_monitor[0m[2m:[0m 🔍 Skipping tx 0xe922fd058f7d51e899cda7f966489cc50e4085029c6c1445f2311049841ed53a - not a DEX interaction (target: 0x3B4D794a66304F130a4Db8F2551B0070dfCf5ca7)
[2m2025-12-10T10:11:19.817574Z[0m [34mDEBUG[0m [2mhyper::client::pool[0m[2m:[0m reuse idle connection for ("http", 192.168.0.14:8545)
[2m2025-12-10T10:11:19.817600Z[0m [34mDEBUG[0m [2mhyper::proto::h1::io[0m[2m:[0m flushed 172 bytes
[2m2025-12-10T10:11:19.817600Z[0m [34mDEBUG[0m [2methereum_transaction_pool_monitor::eth_client[0m[2m:[0m 📨 Received WebSocket message: {"jsonrpc":"2.0","method":"eth_subscription","params":{"subscription":"0xbed0a0851463e895960a451075a301a9","result":"0x02a2192273ca854e556c9deab37c513d1cd44cb2178e842ff90cbe5850ea269b"}}
[2m2025-12-10T10:11:19.817624Z[0m [34mDEBUG[0m [2methereum_transaction_pool_monitor::eth_client[0m[2m:[0m 📨 Received pending transaction: 0x02a2192273ca854e556c9deab37c513d1cd44cb2178e842ff90cbe5850ea269b
[2m2025-12-10T10:11:19.817632Z[0m [34mDEBUG[0m [2methereum_transaction_pool_monitor::mempool_monitor[0m[2m:[0m 📨 Processing new pending transaction: 0x02a2192273ca854e556c9deab37c513d1cd44cb2178e842ff90cbe5850ea269b
[2m2025-12-10T10:11:19.817640Z[0m [34mDEBUG[0m [2methereum_transaction_pool_monitor::mempool_monitor[0m[2m:[0m 🔍 Fetching transaction details for: 0x02a2192273ca854e556c9deab37c513d1cd44cb2178e842ff90cbe5850ea269b
[2m2025-12-10T10:11:19.817644Z[0m [34mDEBUG[0m [2methereum_transaction_pool_monitor::eth_client[0m[2m:[0m 🔍 Fetching transaction details for hash: 0x02a2192273ca854e556c9deab37c513d1cd44cb2178e842ff90cbe5850ea269b
[2m2025-12-10T10:11:19.817656Z[0m [34mDEBUG[0m [2mhyper::client::pool[0m[2m:[0m reuse idle connection for ("http", 192.168.0.14:8545)
[2m2025-12-10T10:11:19.817677Z[0m [34mDEBUG[0m [2mhyper::proto::h1::io[0m[2m:[0m flushed 250 bytes
[2m2025-12-10T10:11:19.821249Z[0m [34mDEBUG[0m [2mhyper::proto::h1::io[0m[2m:[0m parsed 4 headers
[2m2025-12-10T10:11:19.821277Z[0m [34mDEBUG[0m [2mhyper::proto::h1::conn[0m[2m:[0m incoming body is content-length (45 bytes)
[2m2025-12-10T10:11:19.821300Z[0m [34mDEBUG[0m [2mhyper::proto::h1::conn[0m[2m:[0m incoming body completed
[2m2025-12-10T10:11:19.821326Z[0m [34mDEBUG[0m [2mhyper::client::pool[0m[2m:[0m pooling idle connection for ("http", 192.168.0.14:8545)
[2m2025-12-10T10:11:19.822947Z[0m [34mDEBUG[0m [2mhyper::proto::h1::io[0m[2m:[0m parsed 4 headers
[2m2025-12-10T10:11:19.822969Z[0m [34mDEBUG[0m [2mhyper::proto::h1::conn[0m[2m:[0m incoming body is content-length (681 bytes)
[2m2025-12-10T10:11:19.823006Z[0m [34mDEBUG[0m [2mhyper::proto::h1::conn[0m[2m:[0m incoming body completed
[2m2025-12-10T10:11:19.823014Z[0m [34mDEBUG[0m [2mhyper::client::pool[0m[2m:[0m pooling idle connection for ("http", 192.168.0.14:8545)
[2m2025-12-10T10:11:19.823034Z[0m [34mDEBUG[0m [2methereum_transaction_pool_monitor::eth_client[0m[2m:[0m 📡 Transaction fetch RPC completed in 5.383833ms
[2m2025-12-10T10:11:19.894917Z[0m [34mDEBUG[0m [2methereum_transaction_pool_monitor::eth_client[0m[2m:[0m ✅ Transaction 0x02a2192273ca854e556c9deab37c513d1cd44cb2178e842ff90cbe5850ea269b fetched and parsed in 77.264708ms
[2m2025-12-10T10:11:19.894945Z[0m [34mDEBUG[0m [2methereum_transaction_pool_monitor::mempool_monitor[0m[2m:[0m 🔍 Skipping tx 0x02a2192273ca854e556c9deab37c513d1cd44cb2178e842ff90cbe5850ea269b - not a DEX interaction (target: 0x45804880De22913dAFE09f4980848ECE6EcbAf78)
[2m2025-12-10T10:11:19.894998Z[0m [34mDEBUG[0m [2methereum_transaction_pool_monitor::eth_client[0m[2m:[0m 📨 Received WebSocket message: {"jsonrpc":"2.0","method":"eth_subscription","params":{"subscription":"0xbed0a0851463e895960a451075a301a9","result":"0x26a3fc0ec8f94db0e3214a936bc2d3286837605a37380607c95b53637d1734cf"}}
[2m2025-12-10T10:11:19.895007Z[0m [34mDEBUG[0m [2methereum_transaction_pool_monitor::eth_client[0m[2m:[0m 📨 Received pending transaction: 0x26a3fc0ec8f94db0e3214a936bc2d3286837605a37380607c95b53637d1734cf
[2m2025-12-10T10:11:19.895014Z[0m [34mDEBUG[0m [2methereum_transaction_pool_monitor::eth_client[0m[2m:[0m 📨 Received WebSocket message: {"jsonrpc":"2.0","method":"eth_subscription","params":{"subscription":"0xbed0a0851463e895960a451075a301a9","result":"0x39a8db759c9534f4c7edf75878784401132bcd5142f374c88ea3d5d5f615a9cf"}}
[2m2025-12-10T10:11:19.895020Z[0m [34mDEBUG[0m [2methereum_transaction_pool_monitor::eth_client[0m[2m:[0m 📨 Received pending transaction: 0x39a8db759c9534f4c7edf75878784401132bcd5142f374c88ea3d5d5f615a9cf
[2m2025-12-10T10:11:19.895027Z[0m [34mDEBUG[0m [2methereum_transaction_pool_monitor::mempool_monitor[0m[2m:[0m 📨 Processing new pending transaction: 0x26a3fc0ec8f94db0e3214a936bc2d3286837605a37380607c95b53637d1734cf
[2m2025-12-10T10:11:19.895035Z[0m [34mDEBUG[0m [2methereum_transaction_pool_monitor::mempool_monitor[0m[2m:[0m 🔍 Fetching transaction details for: 0x26a3fc0ec8f94db0e3214a936bc2d3286837605a37380607c95b53637d1734cf
[2m2025-12-10T10:11:19.895041Z[0m [34mDEBUG[0m [2methereum_transaction_pool_monitor::eth_client[0m[2m:[0m 🔍 Fetching transaction details for hash: 0x26a3fc0ec8f94db0e3214a936bc2d3286837605a37380607c95b53637d1734cf
[2m2025-12-10T10:11:19.895064Z[0m [34mDEBUG[0m [2mhyper::client::pool[0m[2m:[0m reuse idle connection for ("http", 192.168.0.14:8545)
[2m2025-12-10T10:11:19.895087Z[0m [34mDEBUG[0m [2mhyper::proto::h1::io[0m[2m:[0m flushed 250 bytes
[2m2025-12-10T10:11:19.897632Z[0m [34mDEBUG[0m [2mhyper::client::pool[0m[2m:[0m reuse idle connection for ("http", 192.168.0.14:8545)
[2m2025-12-10T10:11:19.897687Z[0m [34mDEBUG[0m [2mhyper::proto::h1::io[0m[2m:[0m flushed 172 bytes
[2m2025-12-10T10:11:19.909031Z[0m [34mDEBUG[0m [2mhyper::proto::h1::io[0m[2m:[0m parsed 4 headers
[2m2025-12-10T10:11:19.909040Z[0m [34mDEBUG[0m [2mhyper::proto::h1::conn[0m[2m:[0m incoming body is content-length (45 bytes)
[2m2025-12-10T10:11:19.909049Z[0m [34mDEBUG[0m [2mhyper::proto::h1::conn[0m[2m:[0m incoming body completed
[2m2025-12-10T10:11:19.909058Z[0m [34mDEBUG[0m [2mhyper::client::pool[0m[2m:[0m pooling idle connection for ("http", 192.168.0.14:8545)
[2m2025-12-10T10:11:19.909659Z[0m [34mDEBUG[0m [2mhyper::proto::h1::io[0m[2m:[0m parsed 4 headers
[2m2025-12-10T10:11:19.909669Z[0m [34mDEBUG[0m [2mhyper::proto::h1::conn[0m[2m:[0m incoming body is content-length (644 bytes)
[2m2025-12-10T10:11:19.909677Z[0m [34mDEBUG[0m [2mhyper::proto::h1::conn[0m[2m:[0m incoming body completed
[2m2025-12-10T10:11:19.909685Z[0m [34mDEBUG[0m [2mhyper::client::pool[0m[2m:[0m pooling idle connection for ("http", 192.168.0.14:8545)
[2m2025-12-10T10:11:19.909691Z[0m [34mDEBUG[0m [2methereum_transaction_pool_monitor::eth_client[0m[2m:[0m 📡 Transaction fetch RPC completed in 14.641959ms
[2m2025-12-10T10:11:19.981405Z[0m [34mDEBUG[0m [2methereum_transaction_pool_monitor::eth_client[0m[2m:[0m ✅ Transaction 0x26a3fc0ec8f94db0e3214a936bc2d3286837605a37380607c95b53637d1734cf fetched and parsed in 86.354084ms
[2m2025-12-10T10:11:19.981433Z[0m [34mDEBUG[0m [2methereum_transaction_pool_monitor::mempool_monitor[0m[2m:[0m 🔍 Skipping tx 0x26a3fc0ec8f94db0e3214a936bc2d3286837605a37380607c95b53637d1734cf - not a DEX interaction (target: 0x3E72F1EA8F16D0b590FFEcc9233D02efE3909A48)
[2m2025-12-10T10:11:19.981448Z[0m [34mDEBUG[0m [2methereum_transaction_pool_monitor::mempool_monitor[0m[2m:[0m 📨 Processing new pending transaction: 0x39a8db759c9534f4c7edf75878784401132bcd5142f374c88ea3d5d5f615a9cf
[2m2025-12-10T10:11:19.981460Z[0m [34mDEBUG[0m [2methereum_transaction_pool_monitor::mempool_monitor[0m[2m:[0m 🔍 Fetching transaction details for: 0x39a8db759c9534f4c7edf75878784401132bcd5142f374c88ea3d5d5f615a9cf
[2m2025-12-10T10:11:19.981470Z[0m [34mDEBUG[0m [2methereum_transaction_pool_monitor::eth_client[0m[2m:[0m 🔍 Fetching transaction details for hash: 0x39a8db759c9534f4c7edf75878784401132bcd5142f374c88ea3d5d5f615a9cf
[2m2025-12-10T10:11:19.981492Z[0m [34mDEBUG[0m [2mhyper::client::pool[0m[2m:[0m reuse idle connection for ("http", 192.168.0.14:8545)
[2m2025-12-10T10:11:19.981531Z[0m [34mDEBUG[0m [2mhyper::proto::h1::io[0m[2m:[0m flushed 250 bytes
[2m2025-12-10T10:11:19.986402Z[0m [34mDEBUG[0m [2mhyper::proto::h1::io[0m[2m:[0m parsed 4 headers
[2m2025-12-10T10:11:19.986411Z[0m [34mDEBUG[0m [2mhyper::proto::h1::conn[0m[2m:[0m incoming body is content-length (642 bytes)
[2m2025-12-10T10:11:19.986421Z[0m [34mDEBUG[0m [2mhyper::proto::h1::conn[0m[2m:[0m incoming body completed
[2m2025-12-10T10:11:19.986429Z[0m [34mDEBUG[0m [2mhyper::client::pool[0m[2m:[0m pooling idle connection for ("http", 192.168.0.14:8545)
[2m2025-12-10T10:11:19.986436Z[0m [34mDEBUG[0m [2methereum_transaction_pool_monitor::eth_client[0m[2m:[0m 📡 Transaction fetch RPC completed in 4.957042ms
[2m2025-12-10T10:11:20.059160Z[0m [34mDEBUG[0m [2methereum_transaction_pool_monitor::eth_client[0m[2m:[0m ✅ Transaction 0x39a8db759c9534f4c7edf75878784401132bcd5142f374c88ea3d5d5f615a9cf fetched and parsed in 77.67875ms
[2m2025-12-10T10:11:20.059187Z[0m [34mDEBUG[0m [2methereum_transaction_pool_monitor::mempool_monitor[0m[2m:[0m 🔍 Skipping tx 0x39a8db759c9534f4c7edf75878784401132bcd5142f374c88ea3d5d5f615a9cf - not a DEX interaction (target: 0xe61B65e52BBC6A0b465ca86C15154b9886440081)
[2m2025-12-10T10:11:20.059225Z[0m [34mDEBUG[0m [2mhyper::client::pool[0m[2m:[0m reuse idle connection for ("http", 192.168.0.14:8545)
[2m2025-12-10T10:11:20.059256Z[0m [34mDEBUG[0m [2mhyper::proto::h1::io[0m[2m:[0m flushed 172 bytes
[2m2025-12-10T10:11:20.059257Z[0m [34mDEBUG[0m [2methereum_transaction_pool_monitor::eth_client[0m[2m:[0m 📨 Received WebSocket message: {"jsonrpc":"2.0","method":"eth_subscription","params":{"subscription":"0xbed0a0851463e895960a451075a301a9","result":"0x78c95f2778633f0f0076b932245347f598b5711bde1f4ceea5619a34758251f5"}}
[2m2025-12-10T10:11:20.059271Z[0m [34mDEBUG[0m [2methereum_transaction_pool_monitor::eth_client[0m[2m:[0m 📨 Received pending transaction: 0x78c95f2778633f0f0076b932245347f598b5711bde1f4ceea5619a34758251f5
[2m2025-12-10T10:11:20.059278Z[0m [34mDEBUG[0m [2methereum_transaction_pool_monitor::mempool_monitor[0m[2m:[0m 📨 Processing new pending transaction: 0x78c95f2778633f0f0076b932245347f598b5711bde1f4ceea5619a34758251f5
[2m2025-12-10T10:11:20.059283Z[0m [34mDEBUG[0m [2methereum_transaction_pool_monitor::mempool_monitor[0m[2m:[0m 🔍 Fetching transaction details for: 0x78c95f2778633f0f0076b932245347f598b5711bde1f4ceea5619a34758251f5
[2m2025-12-10T10:11:20.059290Z[0m [34mDEBUG[0m [2methereum_transaction_pool_monitor::eth_client[0m[2m:[0m 🔍 Fetching transaction details for hash: 0x78c95f2778633f0f0076b932245347f598b5711bde1f4ceea5619a34758251f5
[2m2025-12-10T10:11:20.059302Z[0m [34mDEBUG[0m [2mhyper::client::pool[0m[2m:[0m reuse idle connection for ("http", 192.168.0.14:8545)
[2m2025-12-10T10:11:20.059317Z[0m [34mDEBUG[0m [2mhyper::proto::h1::io[0m[2m:[0m flushed 250 bytes
[2m2025-12-10T10:11:20.062578Z[0m [34mDEBUG[0m [2mhyper::proto::h1::io[0m[2m:[0m parsed 4 headers
[2m2025-12-10T10:11:20.062585Z[0m [34mDEBUG[0m [2mhyper::proto::h1::conn[0m[2m:[0m incoming body is content-length (45 bytes)
[2m2025-12-10T10:11:20.062592Z[0m [34mDEBUG[0m [2mhyper::proto::h1::conn[0m[2m:[0m incoming body completed
[2m2025-12-10T10:11:20.062600Z[0m [34mDEBUG[0m [2mhyper::client::pool[0m[2m:[0m pooling idle connection for ("http", 192.168.0.14:8545)
[2m2025-12-10T10:11:20.064286Z[0m [34mDEBUG[0m [2mhyper::proto::h1::io[0m[2m:[0m parsed 4 headers
[2m2025-12-10T10:11:20.064308Z[0m [34mDEBUG[0m [2mhyper::proto::h1::conn[0m[2m:[0m incoming body is content-length (770 bytes)
[2m2025-12-10T10:11:20.064342Z[0m [34mDEBUG[0m [2mhyper::proto::h1::conn[0m[2m:[0m incoming body completed
[2m2025-12-10T10:11:20.064351Z[0m [34mDEBUG[0m [2mhyper::client::pool[0m[2m:[0m pooling idle connection for ("http", 192.168.0.14:8545)
[2m2025-12-10T10:11:20.064370Z[0m [34mDEBUG[0m [2methereum_transaction_pool_monitor::eth_client[0m[2m:[0m 📡 Transaction fetch RPC completed in 5.073958ms
[2m2025-12-10T10:11:20.064383Z[0m [34mDEBUG[0m [2methereum_transaction_pool_monitor::eth_client[0m[2m:[0m DeFi transaction detected - Address: 0xdac17f958d2ee523a2206206994597c13d831ec7, Type: Stablecoin, Value: 0 ETH, Gas: 0.27 Gwei
[2m2025-12-10T10:11:20.064402Z[0m [34mDEBUG[0m [2methereum_transaction_pool_monitor::eth_client[0m[2m:[0m ✅ Transaction 0x78c95f2778633f0f0076b932245347f598b5711bde1f4ceea5619a34758251f5 fetched and parsed in 5.106458ms
[2m2025-12-10T10:11:20.064411Z[0m [34mDEBUG[0m [2methereum_transaction_pool_monitor::mempool_monitor[0m[2m:[0m 🔍 Skipping tx 0x78c95f2778633f0f0076b932245347f598b5711bde1f4ceea5619a34758251f5 - not a DEX interaction (target: 0xdAC17F958D2ee523a2206206994597C13D831ec7)
[2m2025-12-10T10:11:20.099460Z[0m [34mDEBUG[0m [2mhyper::client::pool[0m[2m:[0m reuse idle connection for ("http", 192.168.0.14:8545)
[2m2025-12-10T10:11:20.099518Z[0m [34mDEBUG[0m [2mhyper::proto::h1::io[0m[2m:[0m flushed 172 bytes
[2m2025-12-10T10:11:20.103255Z[0m [34mDEBUG[0m [2mhyper::proto::h1::io[0m[2m:[0m parsed 4 headers
[2m2025-12-10T10:11:20.104084Z[0m [34mDEBUG[0m [2mhyper::proto::h1::conn[0m[2m:[0m incoming body is content-length (45 bytes)
[2m2025-12-10T10:11:20.104109Z[0m [34mDEBUG[0m [2mhyper::proto::h1::conn[0m[2m:[0m incoming body completed
[2m2025-12-10T10:11:20.104130Z[0m [34mDEBUG[0m [2mhyper::client::pool[0m[2m:[0m pooling idle connection for ("http", 192.168.0.14:8545)
[2m2025-12-10T10:11:20.156389Z[0m [34mDEBUG[0m [2methereum_transaction_pool_monitor::eth_client[0m[2m:[0m 📨 Received WebSocket message: {"jsonrpc":"2.0","method":"eth_subscription","params":{"subscription":"0xbed0a0851463e895960a451075a301a9","result":"0x2796ad5840e24a385ec1e28413d7d5f8bb387a1227f4e4cbf95562ae5c25734c"}}
[2m2025-12-10T10:11:20.156410Z[0m [34mDEBUG[0m [2methereum_transaction_pool_monitor::eth_client[0m[2m:[0m 📨 Received pending transaction: 0x2796ad5840e24a385ec1e28413d7d5f8bb387a1227f4e4cbf95562ae5c25734c
[2m2025-12-10T10:11:20.156434Z[0m [34mDEBUG[0m [2methereum_transaction_pool_monitor::mempool_monitor[0m[2m:[0m 📨 Processing new pending transaction: 0x2796ad5840e24a385ec1e28413d7d5f8bb387a1227f4e4cbf95562ae5c25734c
[2m2025-12-10T10:11:20.156443Z[0m [34mDEBUG[0m [2methereum_transaction_pool_monitor::mempool_monitor[0m[2m:[0m 🔍 Fetching transaction details for: 0x2796ad5840e24a385ec1e28413d7d5f8bb387a1227f4e4cbf95562ae5c25734c
[2m2025-12-10T10:11:20.156451Z[0m [34mDEBUG[0m [2methereum_transaction_pool_monitor::eth_client[0m[2m:[0m 🔍 Fetching transaction details for hash: 0x2796ad5840e24a385ec1e28413d7d5f8bb387a1227f4e4cbf95562ae5c25734c
[2m2025-12-10T10:11:20.156464Z[0m [34mDEBUG[0m [2mhyper::client::pool[0m[2m:[0m reuse idle connection for ("http", 192.168.0.14:8545)
[2m2025-12-10T10:11:20.156487Z[0m [34mDEBUG[0m [2mhyper::proto::h1::io[0m[2m:[0m flushed 250 bytes
[2m2025-12-10T10:11:20.161527Z[0m [34mDEBUG[0m [2mhyper::proto::h1::io[0m[2m:[0m parsed 4 headers
[2m2025-12-10T10:11:20.161549Z[0m [34mDEBUG[0m [2mhyper::proto::h1::conn[0m[2m:[0m incoming body is content-length (1731 bytes)
[2m2025-12-10T10:11:20.161578Z[0m [34mDEBUG[0m [2methereum_transaction_pool_monitor::eth_client[0m[2m:[0m 📡 Transaction fetch RPC completed in 5.118458ms
[2m2025-12-10T10:11:20.164494Z[0m [34mDEBUG[0m [2mhyper::proto::h1::conn[0m[2m:[0m incoming body completed
[2m2025-12-10T10:11:20.164526Z[0m [34mDEBUG[0m [2mhyper::client::pool[0m[2m:[0m pooling idle connection for ("http", 192.168.0.14:8545)
[2m2025-12-10T10:11:20.171358Z[0m [34mDEBUG[0m [2methereum_transaction_pool_monitor::eth_client[0m[2m:[0m 📨 Received WebSocket message: {"jsonrpc":"2.0","method":"eth_subscription","params":{"subscription":"0xbed0a0851463e895960a451075a301a9","result":"0x94f0f6cad7f2c9e1bb81e579f3d98d91603ce961b76bbfa227ff39ab2dfa9da3"}}
[2m2025-12-10T10:11:20.171370Z[0m [34mDEBUG[0m [2methereum_transaction_pool_monitor::eth_client[0m[2m:[0m 📨 Received pending transaction: 0x94f0f6cad7f2c9e1bb81e579f3d98d91603ce961b76bbfa227ff39ab2dfa9da3
[2m2025-12-10T10:11:20.196911Z[0m [34mDEBUG[0m [2mhyper::client::pool[0m[2m:[0m reuse idle connection for ("http", 192.168.0.14:8545)
[2m2025-12-10T10:11:20.199521Z[0m [34mDEBUG[0m [2mhyper::proto::h1::io[0m[2m:[0m flushed 172 bytes
[2m2025-12-10T10:11:20.205061Z[0m [34mDEBUG[0m [2mhyper::proto::h1::io[0m[2m:[0m parsed 4 headers
[2m2025-12-10T10:11:20.209739Z[0m [34mDEBUG[0m [2mhyper::proto::h1::conn[0m[2m:[0m incoming body is content-length (45 bytes)
[2m2025-12-10T10:11:20.209751Z[0m [34mDEBUG[0m [2mhyper::proto::h1::conn[0m[2m:[0m incoming body completed
[2m2025-12-10T10:11:20.209766Z[0m [34mDEBUG[0m [2mhyper::client::pool[0m[2m:[0m pooling idle connection for ("http", 192.168.0.14:8545)
[2m2025-12-10T10:11:20.250251Z[0m [34mDEBUG[0m [2methereum_transaction_pool_monitor::eth_client[0m[2m:[0m ✅ Transaction 0x2796ad5840e24a385ec1e28413d7d5f8bb387a1227f4e4cbf95562ae5c25734c fetched and parsed in 93.788792ms
[2m2025-12-10T10:11:20.250280Z[0m [34mDEBUG[0m [2methereum_transaction_pool_monitor::mempool_monitor[0m[2m:[0m 🔍 Skipping tx 0x2796ad5840e24a385ec1e28413d7d5f8bb387a1227f4e4cbf95562ae5c25734c - not a DEX interaction (target: 0x601a2aD6CB5949f0529735254189Ba3194221EDF)
[2m2025-12-10T10:11:20.250293Z[0m [34mDEBUG[0m [2methereum_transaction_pool_monitor::mempool_monitor[0m[2m:[0m 📨 Processing new pending transaction: 0x94f0f6cad7f2c9e1bb81e579f3d98d91603ce961b76bbfa227ff39ab2dfa9da3
[2m2025-12-10T10:11:20.250299Z[0m [34mDEBUG[0m [2methereum_transaction_pool_monitor::mempool_monitor[0m[2m:[0m 🔍 Fetching transaction details for: 0x94f0f6cad7f2c9e1bb81e579f3d98d91603ce961b76bbfa227ff39ab2dfa9da3
[2m2025-12-10T10:11:20.250304Z[0m [34mDEBUG[0m [2methereum_transaction_pool_monitor::eth_client[0m[2m:[0m 🔍 Fetching transaction details for hash: 0x94f0f6cad7f2c9e1bb81e579f3d98d91603ce961b76bbfa227ff39ab2dfa9da3
[2m2025-12-10T10:11:20.250327Z[0m [34mDEBUG[0m [2mhyper::client::pool[0m[2m:[0m reuse idle connection for ("http", 192.168.0.14:8545)
[2m2025-12-10T10:11:20.250369Z[0m [34mDEBUG[0m [2mhyper::proto::h1::io[0m[2m:[0m flushed 250 bytes
[2m2025-12-10T10:11:20.255646Z[0m [34mDEBUG[0m [2mhyper::proto::h1::io[0m[2m:[0m parsed 4 headers
[2m2025-12-10T10:11:20.255663Z[0m [34mDEBUG[0m [2mhyper::proto::h1::conn[0m[2m:[0m incoming body is content-length (1730 bytes)
[2m2025-12-10T10:11:20.255672Z[0m [34mDEBUG[0m [2mhyper::proto::h1::conn[0m[2m:[0m incoming body completed
[2m2025-12-10T10:11:20.255684Z[0m [34mDEBUG[0m [2mhyper::client::pool[0m[2m:[0m pooling idle connection for ("http", 192.168.0.14:8545)
[2m2025-12-10T10:11:20.255695Z[0m [34mDEBUG[0m [2methereum_transaction_pool_monitor::eth_client[0m[2m:[0m 📡 Transaction fetch RPC completed in 5.385958ms
[2m2025-12-10T10:11:20.333014Z[0m [34mDEBUG[0m [2methereum_transaction_pool_monitor::eth_client[0m[2m:[0m ✅ Transaction 0x94f0f6cad7f2c9e1bb81e579f3d98d91603ce961b76bbfa227ff39ab2dfa9da3 fetched and parsed in 82.70225ms
[2m2025-12-10T10:11:20.333042Z[0m [34mDEBUG[0m [2methereum_transaction_pool_monitor::mempool_monitor[0m[2m:[0m 🔍 Skipping tx 0x94f0f6cad7f2c9e1bb81e579f3d98d91603ce961b76bbfa227ff39ab2dfa9da3 - not a DEX interaction (target: 0x601a2aD6CB5949f0529735254189Ba3194221EDF)
[2m2025-12-10T10:11:20.333085Z[0m [34mDEBUG[0m [2mhyper::client::pool[0m[2m:[0m reuse idle connection for ("http", 192.168.0.14:8545)
[2m2025-12-10T10:11:20.333130Z[0m [34mDEBUG[0m [2mhyper::proto::h1::io[0m[2m:[0m flushed 172 bytes
[2m2025-12-10T10:11:20.337178Z[0m [34mDEBUG[0m [2mhyper::proto::h1::io[0m[2m:[0m parsed 4 headers
[2m2025-12-10T10:11:20.337184Z[0m [34mDEBUG[0m [2mhyper::proto::h1::conn[0m[2m:[0m incoming body is content-length (45 bytes)
[2m2025-12-10T10:11:20.337190Z[0m [34mDEBUG[0m [2mhyper::proto::h1::conn[0m[2m:[0m incoming body completed
[2m2025-12-10T10:11:20.337196Z[0m [34mDEBUG[0m [2mhyper::client::pool[0m[2m:[0m pooling idle connection for ("http", 192.168.0.14:8545)
[2m2025-12-10T10:11:20.362214Z[0m [34mDEBUG[0m [2methereum_transaction_pool_monitor::eth_client[0m[2m:[0m 📨 Received WebSocket message: {"jsonrpc":"2.0","method":"eth_subscription","params":{"subscription":"0xbed0a0851463e895960a451075a301a9","result":"0x7a6a8aa93197ad180f59729aa2c9a7eb43134e971e8379c38b890979a219316a"}}
[2m2025-12-10T10:11:20.362250Z[0m [34mDEBUG[0m [2methereum_transaction_pool_monitor::eth_client[0m[2m:[0m 📨 Received pending transaction: 0x7a6a8aa93197ad180f59729aa2c9a7eb43134e971e8379c38b890979a219316a
[2m2025-12-10T10:11:20.362258Z[0m [34mDEBUG[0m [2methereum_transaction_pool_monitor::mempool_monitor[0m[2m:[0m 📨 Processing new pending transaction: 0x7a6a8aa93197ad180f59729aa2c9a7eb43134e971e8379c38b890979a219316a
[2m2025-12-10T10:11:20.362263Z[0m [34mDEBUG[0m [2methereum_transaction_pool_monitor::mempool_monitor[0m[2m:[0m 🔍 Fetching transaction details for: 0x7a6a8aa93197ad180f59729aa2c9a7eb43134e971e8379c38b890979a219316a
[2m2025-12-10T10:11:20.362267Z[0m [34mDEBUG[0m [2methereum_transaction_pool_monitor::eth_client[0m[2m:[0m 🔍 Fetching transaction details for hash: 0x7a6a8aa93197ad180f59729aa2c9a7eb43134e971e8379c38b890979a219316a
[2m2025-12-10T10:11:20.362281Z[0m [34mDEBUG[0m [2mhyper::client::pool[0m[2m:[0m reuse idle connection for ("http", 192.168.0.14:8545)
[2m2025-12-10T10:11:20.362297Z[0m [34mDEBUG[0m [2mhyper::proto::h1::io[0m[2m:[0m flushed 250 bytes
[2m2025-12-10T10:11:20.371526Z[0m [34mDEBUG[0m [2mhyper::proto::h1::io[0m[2m:[0m parsed 4 headers
[2m2025-12-10T10:11:20.371532Z[0m [34mDEBUG[0m [2mhyper::proto::h1::conn[0m[2m:[0m incoming body is content-length (774 bytes)
[2m2025-12-10T10:11:20.371538Z[0m [34mDEBUG[0m [2mhyper::proto::h1::conn[0m[2m:[0m incoming body completed
[2m2025-12-10T10:11:20.371545Z[0m [34mDEBUG[0m [2mhyper::client::pool[0m[2m:[0m pooling idle connection for ("http", 192.168.0.14:8545)
[2m2025-12-10T10:11:20.371550Z[0m [34mDEBUG[0m [2methereum_transaction_pool_monitor::eth_client[0m[2m:[0m 📡 Transaction fetch RPC completed in 9.279041ms
[2m2025-12-10T10:11:20.371565Z[0m [34mDEBUG[0m [2methereum_transaction_pool_monitor::eth_client[0m[2m:[0m DeFi transaction detected - Address: 0xdac17f958d2ee523a2206206994597c13d831ec7, Type: Stablecoin, Value: 0 ETH, Gas: 12.00 Gwei
[2m2025-12-10T10:11:20.371578Z[0m [34mDEBUG[0m [2methereum_transaction_pool_monitor::eth_client[0m[2m:[0m ✅ Transaction 0x7a6a8aa93197ad180f59729aa2c9a7eb43134e971e8379c38b890979a219316a fetched and parsed in 9.307541ms
[2m2025-12-10T10:11:20.371584Z[0m [34mDEBUG[0m [2methereum_transaction_pool_monitor::mempool_monitor[0m[2m:[0m 🔍 Skipping tx 0x7a6a8aa93197ad180f59729aa2c9a7eb43134e971e8379c38b890979a219316a - not a DEX interaction (target: 0xdAC17F958D2ee523a2206206994597C13D831ec7)
[2m2025-12-10T10:11:20.382414Z[0m [34mDEBUG[0m [2methereum_transaction_pool_monitor::eth_client[0m[2m:[0m 📨 Received WebSocket message: {"jsonrpc":"2.0","method":"eth_subscription","params":{"subscription":"0xbed0a0851463e895960a451075a301a9","result":"0x8c12e687a6af0de8a1d07cfe2560e4ef4e4b1cf1340693a5b7106cb6f9b8712a"}}
[2m2025-12-10T10:11:20.382422Z[0m [34mDEBUG[0m [2methereum_transaction_pool_monitor::eth_client[0m[2m:[0m 📨 Received pending transaction: 0x8c12e687a6af0de8a1d07cfe2560e4ef4e4b1cf1340693a5b7106cb6f9b8712a
[2m2025-12-10T10:11:20.382427Z[0m [34mDEBUG[0m [2methereum_transaction_pool_monitor::mempool_monitor[0m[2m:[0m 📨 Processing new pending transaction: 0x8c12e687a6af0de8a1d07cfe2560e4ef4e4b1cf1340693a5b7106cb6f9b8712a
[2m2025-12-10T10:11:20.382432Z[0m [34mDEBUG[0m [2methereum_transaction_pool_monitor::mempool_monitor[0m[2m:[0m 🔍 Fetching transaction details for: 0x8c12e687a6af0de8a1d07cfe2560e4ef4e4b1cf1340693a5b7106cb6f9b8712a
[2m2025-12-10T10:11:20.382436Z[0m [34mDEBUG[0m [2methereum_transaction_pool_monitor::eth_client[0m[2m:[0m 🔍 Fetching transaction details for hash: 0x8c12e687a6af0de8a1d07cfe2560e4ef4e4b1cf1340693a5b7106cb6f9b8712a
[2m2025-12-10T10:11:20.382448Z[0m [34mDEBUG[0m [2mhyper::client::pool[0m[2m:[0m reuse idle connection for ("http", 192.168.0.14:8545)
[2m2025-12-10T10:11:20.382461Z[0m [34mDEBUG[0m [2mhyper::proto::h1::io[0m[2m:[0m flushed 250 bytes
[2m2025-12-10T10:11:20.386270Z[0m [34mDEBUG[0m [2mhyper::proto::h1::io[0m[2m:[0m parsed 4 headers
[2m2025-12-10T10:11:20.386276Z[0m [34mDEBUG[0m [2mhyper::proto::h1::conn[0m[2m:[0m incoming body is content-length (552 bytes)
[2m2025-12-10T10:11:20.386282Z[0m [34mDEBUG[0m [2mhyper::proto::h1::conn[0m[2m:[0m incoming body completed
[2m2025-12-10T10:11:20.386288Z[0m [34mDEBUG[0m [2mhyper::client::pool[0m[2m:[0m pooling idle connection for ("http", 192.168.0.14:8545)
[2m2025-12-10T10:11:20.386293Z[0m [34mDEBUG[0m [2methereum_transaction_pool_monitor::eth_client[0m[2m:[0m 📡 Transaction fetch RPC completed in 3.852417ms
[2m2025-12-10T10:11:20.458898Z[0m [34mDEBUG[0m [2methereum_transaction_pool_monitor::eth_client[0m[2m:[0m ✅ Transaction 0x8c12e687a6af0de8a1d07cfe2560e4ef4e4b1cf1340693a5b7106cb6f9b8712a fetched and parsed in 76.454917ms
[2m2025-12-10T10:11:20.458929Z[0m [34mDEBUG[0m [2methereum_transaction_pool_monitor::mempool_monitor[0m[2m:[0m 🔍 Skipping tx 0x8c12e687a6af0de8a1d07cfe2560e4ef4e4b1cf1340693a5b7106cb6f9b8712a - not a DEX interaction (target: 0xa63C2b2D760a41926780188D8E714095cB8FF3E8)
[2m2025-12-10T10:11:20.458977Z[0m [34mDEBUG[0m [2mhyper::client::pool[0m[2m:[0m reuse idle connection for ("http", 192.168.0.14:8545)
[2m2025-12-10T10:11:20.459023Z[0m [34mDEBUG[0m [2mhyper::proto::h1::io[0m[2m:[0m flushed 172 bytes
[2m2025-12-10T10:11:20.465244Z[0m [34mDEBUG[0m [2mhyper::proto::h1::io[0m[2m:[0m parsed 4 headers
[2m2025-12-10T10:11:20.465269Z[0m [34mDEBUG[0m [2mhyper::proto::h1::conn[0m[2m:[0m incoming body is content-length (45 bytes)
[2m2025-12-10T10:11:20.465293Z[0m [34mDEBUG[0m [2mhyper::proto::h1::conn[0m[2m:[0m incoming body completed
[2m2025-12-10T10:11:20.465316Z[0m [34mDEBUG[0m [2mhyper::client::pool[0m[2m:[0m pooling idle connection for ("http", 192.168.0.14:8545)
[2m2025-12-10T10:11:20.499370Z[0m [34mDEBUG[0m [2mhyper::client::pool[0m[2m:[0m reuse idle connection for ("http", 192.168.0.14:8545)
[2m2025-12-10T10:11:20.499412Z[0m [34mDEBUG[0m [2mhyper::proto::h1::io[0m[2m:[0m flushed 172 bytes
[2m2025-12-10T10:11:20.502374Z[0m [34mDEBUG[0m [2mhyper::proto::h1::io[0m[2m:[0m parsed 4 headers
[2m2025-12-10T10:11:20.502399Z[0m [34mDEBUG[0m [2mhyper::proto::h1::conn[0m[2m:[0m incoming body is content-length (45 bytes)
[2m2025-12-10T10:11:20.502421Z[0m [34mDEBUG[0m [2mhyper::proto::h1::conn[0m[2m:[0m incoming body completed
[2m2025-12-10T10:11:20.502429Z[0m [34mDEBUG[0m [2mhyper::client::pool[0m[2m:[0m pooling idle connection for ("http", 192.168.0.14:8545)
[2m2025-12-10T10:11:20.599032Z[0m [34mDEBUG[0m [2mhyper::client::pool[0m[2m:[0m reuse idle connection for ("http", 192.168.0.14:8545)
[2m2025-12-10T10:11:20.599061Z[0m [34mDEBUG[0m [2mhyper::proto::h1::io[0m[2m:[0m flushed 172 bytes
[2m2025-12-10T10:11:20.602857Z[0m [34mDEBUG[0m [2mhyper::proto::h1::io[0m[2m:[0m parsed 4 headers
[2m2025-12-10T10:11:20.602866Z[0m [34mDEBUG[0m [2mhyper::proto::h1::conn[0m[2m:[0m incoming body is content-length (45 bytes)
[2m2025-12-10T10:11:20.602874Z[0m [34mDEBUG[0m [2mhyper::proto::h1::conn[0m[2m:[0m incoming body completed
[2m2025-12-10T10:11:20.602883Z[0m [34mDEBUG[0m [2mhyper::client::pool[0m[2m:[0m pooling idle connection for ("http", 192.168.0.14:8545)
[2m2025-12-10T10:11:20.613067Z[0m [34mDEBUG[0m [2methereum_transaction_pool_monitor::eth_client[0m[2m:[0m 📨 Received WebSocket message: {"jsonrpc":"2.0","method":"eth_subscription","params":{"subscription":"0xbed0a0851463e895960a451075a301a9","result":"0x652e81f3b3058aff8dbf93a898689ed6ff5f88561bfa6a1a6d0c2a03b87f4151"}}
[2m2025-12-10T10:11:20.613079Z[0m [34mDEBUG[0m [2methereum_transaction_pool_monitor::eth_client[0m[2m:[0m 📨 Received pending transaction: 0x652e81f3b3058aff8dbf93a898689ed6ff5f88561bfa6a1a6d0c2a03b87f4151
[2m2025-12-10T10:11:20.613085Z[0m [32m INFO[0m [2methereum_transaction_pool_monitor::eth_client[0m[2m:[0m 📊 WebSocket stats - Total: 2724 transactions, Rate: 13.5 tx/s
[2m2025-12-10T10:11:20.613095Z[0m [34mDEBUG[0m [2methereum_transaction_pool_monitor::mempool_monitor[0m[2m:[0m 📨 Processing new pending transaction: 0x652e81f3b3058aff8dbf93a898689ed6ff5f88561bfa6a1a6d0c2a03b87f4151
[2m2025-12-10T10:11:20.613103Z[0m [34mDEBUG[0m [2methereum_transaction_pool_monitor::mempool_monitor[0m[2m:[0m 🔍 Fetching transaction details for: 0x652e81f3b3058aff8dbf93a898689ed6ff5f88561bfa6a1a6d0c2a03b87f4151
[2m2025-12-10T10:11:20.613108Z[0m [34mDEBUG[0m [2methereum_transaction_pool_monitor::eth_client[0m[2m:[0m 🔍 Fetching transaction details for hash: 0x652e81f3b3058aff8dbf93a898689ed6ff5f88561bfa6a1a6d0c2a03b87f4151
[2m2025-12-10T10:11:20.613451Z[0m [34mDEBUG[0m [2mhyper::client::pool[0m[2m:[0m reuse idle connection for ("http", 192.168.0.14:8545)
[2m2025-12-10T10:11:20.613479Z[0m [34mDEBUG[0m [2mhyper::proto::h1::io[0m[2m:[0m flushed 250 bytes
[2m2025-12-10T10:11:20.622082Z[0m [34mDEBUG[0m [2mhyper::proto::h1::io[0m[2m:[0m parsed 4 headers
[2m2025-12-10T10:11:20.622090Z[0m [34mDEBUG[0m [2mhyper::proto::h1::conn[0m[2m:[0m incoming body is content-length (905 bytes)
[2m2025-12-10T10:11:20.622097Z[0m [34mDEBUG[0m [2mhyper::proto::h1::conn[0m[2m:[0m incoming body completed
[2m2025-12-10T10:11:20.622105Z[0m [34mDEBUG[0m [2mhyper::client::pool[0m[2m:[0m pooling idle connection for ("http", 192.168.0.14:8545)
[2m2025-12-10T10:11:20.622112Z[0m [34mDEBUG[0m [2methereum_transaction_pool_monitor::eth_client[0m[2m:[0m 📡 Transaction fetch RPC completed in 8.673292ms
[2m2025-12-10T10:11:20.699114Z[0m [34mDEBUG[0m [2methereum_transaction_pool_monitor::eth_client[0m[2m:[0m ✅ Transaction 0x652e81f3b3058aff8dbf93a898689ed6ff5f88561bfa6a1a6d0c2a03b87f4151 fetched and parsed in 85.673083ms
[2m2025-12-10T10:11:20.699143Z[0m [34mDEBUG[0m [2methereum_transaction_pool_monitor::mempool_monitor[0m[2m:[0m 🔍 Skipping tx 0x652e81f3b3058aff8dbf93a898689ed6ff5f88561bfa6a1a6d0c2a03b87f4151 - not a DEX interaction (target: 0xFf00000000000000000000000000000000008453)
[2m2025-12-10T10:11:20.699192Z[0m [34mDEBUG[0m [2mhyper::client::pool[0m[2m:[0m reuse idle connection for ("http", 192.168.0.14:8545)
[2m2025-12-10T10:11:20.699214Z[0m [34mDEBUG[0m [2mhyper::proto::h1::io[0m[2m:[0m flushed 172 bytes
[2m2025-12-10T10:11:20.700024Z[0m [34mDEBUG[0m [2methereum_transaction_pool_monitor::eth_client[0m[2m:[0m 📨 Received WebSocket message: {"jsonrpc":"2.0","method":"eth_subscription","params":{"subscription":"0xbed0a0851463e895960a451075a301a9","result":"0xf070e9da3e5b9c83b3e466601c8dc9b8182412a5a24b69819fbf995819a839c9"}}
[2m2025-12-10T10:11:20.700058Z[0m [34mDEBUG[0m [2methereum_transaction_pool_monitor::eth_client[0m[2m:[0m 📨 Received pending transaction: 0xf070e9da3e5b9c83b3e466601c8dc9b8182412a5a24b69819fbf995819a839c9
[2m2025-12-10T10:11:20.700066Z[0m [34mDEBUG[0m [2methereum_transaction_pool_monitor::mempool_monitor[0m[2m:[0m 📨 Processing new pending transaction: 0xf070e9da3e5b9c83b3e466601c8dc9b8182412a5a24b69819fbf995819a839c9
[2m2025-12-10T10:11:20.700081Z[0m [34mDEBUG[0m [2methereum_transaction_pool_monitor::mempool_monitor[0m[2m:[0m 🔍 Fetching transaction details for: 0xf070e9da3e5b9c83b3e466601c8dc9b8182412a5a24b69819fbf995819a839c9
[2m2025-12-10T10:11:20.700085Z[0m [34mDEBUG[0m [2methereum_transaction_pool_monitor::eth_client[0m[2m:[0m 🔍 Fetching transaction details for hash: 0xf070e9da3e5b9c83b3e466601c8dc9b8182412a5a24b69819fbf995819a839c9
[2m2025-12-10T10:11:20.700095Z[0m [34mDEBUG[0m [2mhyper::client::pool[0m[2m:[0m reuse idle connection for ("http", 192.168.0.14:8545)
[2m2025-12-10T10:11:20.700110Z[0m [34mDEBUG[0m [2mhyper::proto::h1::io[0m[2m:[0m flushed 250 bytes
[2m2025-12-10T10:11:20.704195Z[0m [34mDEBUG[0m [2mhyper::proto::h1::io[0m[2m:[0m parsed 4 headers
[2m2025-12-10T10:11:20.704222Z[0m [34mDEBUG[0m [2mhyper::proto::h1::conn[0m[2m:[0m incoming body is content-length (45 bytes)
[2m2025-12-10T10:11:20.704250Z[0m [34mDEBUG[0m [2mhyper::proto::h1::conn[0m[2m:[0m incoming body completed
[2m2025-12-10T10:11:20.704271Z[0m [34mDEBUG[0m [2mhyper::client::pool[0m[2m:[0m pooling idle connection for ("http", 192.168.0.14:8545)
[2m2025-12-10T10:11:20.704289Z[0m [34mDEBUG[0m [2mhyper::proto::h1::io[0m[2m:[0m parsed 4 headers
[2m2025-12-10T10:11:20.704293Z[0m [34mDEBUG[0m [2mhyper::proto::h1::conn[0m[2m:[0m incoming body is content-length (705 bytes)
[2m2025-12-10T10:11:20.704298Z[0m [34mDEBUG[0m [2mhyper::proto::h1::conn[0m[2m:[0m incoming body completed
[2m2025-12-10T10:11:20.704302Z[0m [34mDEBUG[0m [2mhyper::client::pool[0m[2m:[0m pooling idle connection for ("http", 192.168.0.14:8545)
[2m2025-12-10T10:11:20.704306Z[0m [34mDEBUG[0m [2methereum_transaction_pool_monitor::eth_client[0m[2m:[0m 📡 Transaction fetch RPC completed in 4.217125ms
[2m2025-12-10T10:11:20.776364Z[0m [34mDEBUG[0m [2methereum_transaction_pool_monitor::eth_client[0m[2m:[0m ✅ Transaction 0xf070e9da3e5b9c83b3e466601c8dc9b8182412a5a24b69819fbf995819a839c9 fetched and parsed in 76.272416ms
[2m2025-12-10T10:11:20.776390Z[0m [34mDEBUG[0m [2methereum_transaction_pool_monitor::mempool_monitor[0m[2m:[0m 🔍 Skipping tx 0xf070e9da3e5b9c83b3e466601c8dc9b8182412a5a24b69819fbf995819a839c9 - not a DEX interaction (target: 0xfF00000000000000000000000000000000001d88)
[2m2025-12-10T10:11:20.799439Z[0m [34mDEBUG[0m [2mhyper::client::pool[0m[2m:[0m reuse idle connection for ("http", 192.168.0.14:8545)
[2m2025-12-10T10:11:20.799470Z[0m [34mDEBUG[0m [2mhyper::proto::h1::io[0m[2m:[0m flushed 172 bytes
[2m2025-12-10T10:11:20.804845Z[0m [34mDEBUG[0m [2methereum_transaction_pool_monitor::eth_client[0m[2m:[0m 📨 Received WebSocket message: {"jsonrpc":"2.0","method":"eth_subscription","params":{"subscription":"0xbed0a0851463e895960a451075a301a9","result":"0xc4f23cc611c6784a4bafc7fd64b857c8dbd89ef5c43850c41d4bde9b862b0cd1"}}
[2m2025-12-10T10:11:20.804876Z[0m [34mDEBUG[0m [2methereum_transaction_pool_monitor::eth_client[0m[2m:[0m 📨 Received pending transaction: 0xc4f23cc611c6784a4bafc7fd64b857c8dbd89ef5c43850c41d4bde9b862b0cd1
[2m2025-12-10T10:11:20.804885Z[0m [34mDEBUG[0m [2methereum_transaction_pool_monitor::mempool_monitor[0m[2m:[0m 📨 Processing new pending transaction: 0xc4f23cc611c6784a4bafc7fd64b857c8dbd89ef5c43850c41d4bde9b862b0cd1
[2m2025-12-10T10:11:20.804902Z[0m [34mDEBUG[0m [2methereum_transaction_pool_monitor::mempool_monitor[0m[2m:[0m 🔍 Fetching transaction details for: 0xc4f23cc611c6784a4bafc7fd64b857c8dbd89ef5c43850c41d4bde9b862b0cd1
[2m2025-12-10T10:11:20.804907Z[0m [34mDEBUG[0m [2methereum_transaction_pool_monitor::eth_client[0m[2m:[0m 🔍 Fetching transaction details for hash: 0xc4f23cc611c6784a4bafc7fd64b857c8dbd89ef5c43850c41d4bde9b862b0cd1
[2m2025-12-10T10:11:20.804919Z[0m [34mDEBUG[0m [2mhyper::client::pool[0m[2m:[0m reuse idle connection for ("http", 192.168.0.14:8545)
[2m2025-12-10T10:11:20.804935Z[0m [34mDEBUG[0m [2mhyper::proto::h1::io[0m[2m:[0m flushed 250 bytes
[2m2025-12-10T10:11:20.806205Z[0m [34mDEBUG[0m [2mhyper::proto::h1::io[0m[2m:[0m parsed 4 headers
[2m2025-12-10T10:11:20.806227Z[0m [34mDEBUG[0m [2mhyper::proto::h1::conn[0m[2m:[0m incoming body is content-length (45 bytes)
[2m2025-12-10T10:11:20.806254Z[0m [34mDEBUG[0m [2mhyper::proto::h1::conn[0m[2m:[0m incoming body completed
[2m2025-12-10T10:11:20.806265Z[0m [34mDEBUG[0m [2mhyper::client::pool[0m[2m:[0m pooling idle connection for ("http", 192.168.0.14:8545)
[2m2025-12-10T10:11:20.809941Z[0m [34mDEBUG[0m [2mhyper::proto::h1::io[0m[2m:[0m parsed 4 headers
[2m2025-12-10T10:11:20.809948Z[0m [34mDEBUG[0m [2mhyper::proto::h1::conn[0m[2m:[0m incoming body is content-length (644 bytes)
[2m2025-12-10T10:11:20.809955Z[0m [34mDEBUG[0m [2mhyper::proto::h1::conn[0m[2m:[0m incoming body completed
[2m2025-12-10T10:11:20.809962Z[0m [34mDEBUG[0m [2mhyper::client::pool[0m[2m:[0m pooling idle connection for ("http", 192.168.0.14:8545)
[2m2025-12-10T10:11:20.809968Z[0m [34mDEBUG[0m [2methereum_transaction_pool_monitor::eth_client[0m[2m:[0m 📡 Transaction fetch RPC completed in 5.057333ms
[2m2025-12-10T10:11:20.876768Z[0m [34mDEBUG[0m [2methereum_transaction_pool_monitor::eth_client[0m[2m:[0m ✅ Transaction 0xc4f23cc611c6784a4bafc7fd64b857c8dbd89ef5c43850c41d4bde9b862b0cd1 fetched and parsed in 71.855166ms
[2m2025-12-10T10:11:20.876800Z[0m [34mDEBUG[0m [2methereum_transaction_pool_monitor::mempool_monitor[0m[2m:[0m 🔍 Skipping tx 0xc4f23cc611c6784a4bafc7fd64b857c8dbd89ef5c43850c41d4bde9b862b0cd1 - not a DEX interaction (target: 0x20F5d1E3Befd4F5887FAEf80dEaf9d7D2f4C19d4)
[2m2025-12-10T10:11:20.898900Z[0m [34mDEBUG[0m [2mhyper::client::pool[0m[2m:[0m reuse idle connection for ("http", 192.168.0.14:8545)
[2m2025-12-10T10:11:20.898965Z[0m [34mDEBUG[0m [2mhyper::proto::h1::io[0m[2m:[0m flushed 172 bytes
[2m2025-12-10T10:11:20.902153Z[0m [34mDEBUG[0m [2mhyper::proto::h1::io[0m[2m:[0m parsed 4 headers
[2m2025-12-10T10:11:20.902160Z[0m [34mDEBUG[0m [2mhyper::proto::h1::conn[0m[2m:[0m incoming body is content-length (45 bytes)
[2m2025-12-10T10:11:20.902170Z[0m [34mDEBUG[0m [2mhyper::proto::h1::conn[0m[2m:[0m incoming body completed
[2m2025-12-10T10:11:20.902179Z[0m [34mDEBUG[0m [2mhyper::client::pool[0m[2m:[0m pooling idle connection for ("http", 192.168.0.14:8545)
[2m2025-12-10T10:11:20.986547Z[0m [34mDEBUG[0m [2methereum_transaction_pool_monitor::eth_client[0m[2m:[0m 📨 Received WebSocket message: {"jsonrpc":"2.0","method":"eth_subscription","params":{"subscription":"0xbed0a0851463e895960a451075a301a9","result":"0xe4108b540c24d1296dd808701dfd9b0318a36a4774c121509ba8bfedabc1d6d3"}}
[2m2025-12-10T10:11:20.986580Z[0m [34mDEBUG[0m [2methereum_transaction_pool_monitor::eth_client[0m[2m:[0m 📨 Received pending transaction: 0xe4108b540c24d1296dd808701dfd9b0318a36a4774c121509ba8bfedabc1d6d3
[2m2025-12-10T10:11:20.986592Z[0m [34mDEBUG[0m [2methereum_transaction_pool_monitor::mempool_monitor[0m[2m:[0m 📨 Processing new pending transaction: 0xe4108b540c24d1296dd808701dfd9b0318a36a4774c121509ba8bfedabc1d6d3
[2m2025-12-10T10:11:20.986600Z[0m [34mDEBUG[0m [2methereum_transaction_pool_monitor::mempool_monitor[0m[2m:[0m 🔍 Fetching transaction details for: 0xe4108b540c24d1296dd808701dfd9b0318a36a4774c121509ba8bfedabc1d6d3
[2m2025-12-10T10:11:20.986607Z[0m [34mDEBUG[0m [2methereum_transaction_pool_monitor::eth_client[0m[2m:[0m 🔍 Fetching transaction details for hash: 0xe4108b540c24d1296dd808701dfd9b0318a36a4774c121509ba8bfedabc1d6d3
[2m2025-12-10T10:11:20.986633Z[0m [34mDEBUG[0m [2mhyper::client::pool[0m[2m:[0m reuse idle connection for ("http", 192.168.0.14:8545)
[2m2025-12-10T10:11:20.986665Z[0m [34mDEBUG[0m [2mhyper::proto::h1::io[0m[2m:[0m flushed 250 bytes
[2m2025-12-10T10:11:20.994246Z[0m [34mDEBUG[0m [2mhyper::proto::h1::io[0m[2m:[0m parsed 4 headers
[2m2025-12-10T10:11:20.994267Z[0m [34mDEBUG[0m [2mhyper::proto::h1::conn[0m[2m:[0m incoming body is content-length (830 bytes)
[2m2025-12-10T10:11:20.994279Z[0m [34mDEBUG[0m [2mhyper::proto::h1::conn[0m[2m:[0m incoming body completed
[2m2025-12-10T10:11:20.994293Z[0m [34mDEBUG[0m [2mhyper::client::pool[0m[2m:[0m pooling idle connection for ("http", 192.168.0.14:8545)
[2m2025-12-10T10:11:20.994304Z[0m [34mDEBUG[0m [2methereum_transaction_pool_monitor::eth_client[0m[2m:[0m 📡 Transaction fetch RPC completed in 7.690709ms
[2m2025-12-10T10:11:21.070441Z[0m [34mDEBUG[0m [2methereum_transaction_pool_monitor::eth_client[0m[2m:[0m ✅ Transaction 0xe4108b540c24d1296dd808701dfd9b0318a36a4774c121509ba8bfedabc1d6d3 fetched and parsed in 83.825042ms
[2m2025-12-10T10:11:21.070472Z[0m [34mDEBUG[0m [2methereum_transaction_pool_monitor::mempool_monitor[0m[2m:[0m 🔍 Skipping tx 0xe4108b540c24d1296dd808701dfd9b0318a36a4774c121509ba8bfedabc1d6d3 - not a DEX interaction (target: 0x3B4D794a66304F130a4Db8F2551B0070dfCf5ca7)
[2m2025-12-10T10:11:21.070508Z[0m [34mDEBUG[0m [2mhyper::client::pool[0m[2m:[0m reuse idle connection for ("http", 192.168.0.14:8545)
[2m2025-12-10T10:11:21.070537Z[0m [34mDEBUG[0m [2mhyper::proto::h1::io[0m[2m:[0m flushed 172 bytes
[2m2025-12-10T10:11:21.070582Z[0m [34mDEBUG[0m [2methereum_transaction_pool_monitor::eth_client[0m[2m:[0m 📨 Received WebSocket message: {"jsonrpc":"2.0","method":"eth_subscription","params":{"subscription":"0xbed0a0851463e895960a451075a301a9","result":"0x02cfcc57b92d8f108ee0077b1bc86173d8bd947f2f9b9a073188c6051ef0b254"}}
[2m2025-12-10T10:11:21.070592Z[0m [34mDEBUG[0m [2methereum_transaction_pool_monitor::eth_client[0m[2m:[0m 📨 Received pending transaction: 0x02cfcc57b92d8f108ee0077b1bc86173d8bd947f2f9b9a073188c6051ef0b254
[2m2025-12-10T10:11:21.070601Z[0m [34mDEBUG[0m [2methereum_transaction_pool_monitor::mempool_monitor[0m[2m:[0m 📨 Processing new pending transaction: 0x02cfcc57b92d8f108ee0077b1bc86173d8bd947f2f9b9a073188c6051ef0b254
[2m2025-12-10T10:11:21.070607Z[0m [34mDEBUG[0m [2methereum_transaction_pool_monitor::mempool_monitor[0m[2m:[0m 🔍 Fetching transaction details for: 0x02cfcc57b92d8f108ee0077b1bc86173d8bd947f2f9b9a073188c6051ef0b254
[2m2025-12-10T10:11:21.070612Z[0m [34mDEBUG[0m [2methereum_transaction_pool_monitor::eth_client[0m[2m:[0m 🔍 Fetching transaction details for hash: 0x02cfcc57b92d8f108ee0077b1bc86173d8bd947f2f9b9a073188c6051ef0b254
[2m2025-12-10T10:11:21.070622Z[0m [34mDEBUG[0m [2mhyper::client::pool[0m[2m:[0m reuse idle connection for ("http", 192.168.0.14:8545)
[2m2025-12-10T10:11:21.070638Z[0m [34mDEBUG[0m [2mhyper::proto::h1::io[0m[2m:[0m flushed 250 bytes
[2m2025-12-10T10:11:21.075708Z[0m [34mDEBUG[0m [2mhyper::proto::h1::io[0m[2m:[0m parsed 4 headers
[2m2025-12-10T10:11:21.075718Z[0m [34mDEBUG[0m [2mhyper::proto::h1::conn[0m[2m:[0m incoming body is content-length (45 bytes)
[2m2025-12-10T10:11:21.075727Z[0m [34mDEBUG[0m [2mhyper::proto::h1::conn[0m[2m:[0m incoming body completed
[2m2025-12-10T10:11:21.075739Z[0m [34mDEBUG[0m [2mhyper::client::pool[0m[2m:[0m pooling idle connection for ("http", 192.168.0.14:8545)
[2m2025-12-10T10:11:21.080794Z[0m [34mDEBUG[0m [2mhyper::proto::h1::io[0m[2m:[0m parsed 4 headers
[2m2025-12-10T10:11:21.080806Z[0m [34mDEBUG[0m [2mhyper::proto::h1::conn[0m[2m:[0m incoming body is content-length (768 bytes)
[2m2025-12-10T10:11:21.080813Z[0m [34mDEBUG[0m [2mhyper::proto::h1::conn[0m[2m:[0m incoming body completed
[2m2025-12-10T10:11:21.080820Z[0m [34mDEBUG[0m [2mhyper::client::pool[0m[2m:[0m pooling idle connection for ("http", 192.168.0.14:8545)
[2m2025-12-10T10:11:21.080826Z[0m [34mDEBUG[0m [2methereum_transaction_pool_monitor::eth_client[0m[2m:[0m 📡 Transaction fetch RPC completed in 10.208917ms
[2m2025-12-10T10:11:21.154239Z[0m [34mDEBUG[0m [2methereum_transaction_pool_monitor::eth_client[0m[2m:[0m ✅ Transaction 0x02cfcc57b92d8f108ee0077b1bc86173d8bd947f2f9b9a073188c6051ef0b254 fetched and parsed in 83.619792ms
[2m2025-12-10T10:11:21.154268Z[0m [34mDEBUG[0m [2methereum_transaction_pool_monitor::mempool_monitor[0m[2m:[0m 🔍 Skipping tx 0x02cfcc57b92d8f108ee0077b1bc86173d8bd947f2f9b9a073188c6051ef0b254 - not a DEX interaction (target: 0xA0b86991c6218b36c1d19D4a2e9Eb0cE3606eB48)
[2m2025-12-10T10:11:21.154308Z[0m [34mDEBUG[0m [2mhyper::client::pool[0m[2m:[0m reuse idle connection for ("http", 192.168.0.14:8545)
[2m2025-12-10T10:11:21.154347Z[0m [34mDEBUG[0m [2mhyper::proto::h1::io[0m[2m:[0m flushed 172 bytes
[2m2025-12-10T10:11:21.154363Z[0m [34mDEBUG[0m [2methereum_transaction_pool_monitor::eth_client[0m[2m:[0m 📨 Received WebSocket message: {"jsonrpc":"2.0","method":"eth_subscription","params":{"subscription":"0xbed0a0851463e895960a451075a301a9","result":"0x3fbe2703fe5df47422d0305b76bec198a9cdfd5d28ec23018f448565f935f697"}}
[2m2025-12-10T10:11:21.154375Z[0m [34mDEBUG[0m [2methereum_transaction_pool_monitor::eth_client[0m[2m:[0m 📨 Received pending transaction: 0x3fbe2703fe5df47422d0305b76bec198a9cdfd5d28ec23018f448565f935f697
[2m2025-12-10T10:11:21.154388Z[0m [34mDEBUG[0m [2methereum_transaction_pool_monitor::mempool_monitor[0m[2m:[0m 📨 Processing new pending transaction: 0x3fbe2703fe5df47422d0305b76bec198a9cdfd5d28ec23018f448565f935f697
[2m2025-12-10T10:11:21.154399Z[0m [34mDEBUG[0m [2methereum_transaction_pool_monitor::mempool_monitor[0m[2m:[0m 🔍 Fetching transaction details for: 0x3fbe2703fe5df47422d0305b76bec198a9cdfd5d28ec23018f448565f935f697
[2m2025-12-10T10:11:21.154406Z[0m [34mDEBUG[0m [2methereum_transaction_pool_monitor::eth_client[0m[2m:[0m 🔍 Fetching transaction details for hash: 0x3fbe2703fe5df47422d0305b76bec198a9cdfd5d28ec23018f448565f935f697
[2m2025-12-10T10:11:21.154480Z[0m [34mDEBUG[0m [2mhyper::client::pool[0m[2m:[0m reuse idle connection for ("http", 192.168.0.14:8545)
[2m2025-12-10T10:11:21.154496Z[0m [34mDEBUG[0m [2mhyper::proto::h1::io[0m[2m:[0m flushed 250 bytes
[2m2025-12-10T10:11:21.160532Z[0m [34mDEBUG[0m [2mhyper::proto::h1::io[0m[2m:[0m parsed 4 headers
[2m2025-12-10T10:11:21.160540Z[0m [34mDEBUG[0m [2mhyper::proto::h1::conn[0m[2m:[0m incoming body is content-length (45 bytes)
[2m2025-12-10T10:11:21.160549Z[0m [34mDEBUG[0m [2mhyper::proto::h1::conn[0m[2m:[0m incoming body completed
[2m2025-12-10T10:11:21.160559Z[0m [34mDEBUG[0m [2mhyper::client::pool[0m[2m:[0m pooling idle connection for ("http", 192.168.0.14:8545)
[2m2025-12-10T10:11:21.161540Z[0m [34mDEBUG[0m [2mhyper::proto::h1::io[0m[2m:[0m parsed 4 headers
[2m2025-12-10T10:11:21.161560Z[0m [34mDEBUG[0m [2mhyper::proto::h1::conn[0m[2m:[0m incoming body is content-length (645 bytes)
[2m2025-12-10T10:11:21.161582Z[0m [34mDEBUG[0m [2mhyper::proto::h1::conn[0m[2m:[0m incoming body completed
[2m2025-12-10T10:11:21.161603Z[0m [34mDEBUG[0m [2mhyper::client::pool[0m[2m:[0m pooling idle connection for ("http", 192.168.0.14:8545)
[2m2025-12-10T10:11:21.161610Z[0m [34mDEBUG[0m [2methereum_transaction_pool_monitor::eth_client[0m[2m:[0m 📡 Transaction fetch RPC completed in 7.138167ms
[2m2025-12-10T10:11:21.233781Z[0m [34mDEBUG[0m [2methereum_transaction_pool_monitor::eth_client[0m[2m:[0m ✅ Transaction 0x3fbe2703fe5df47422d0305b76bec198a9cdfd5d28ec23018f448565f935f697 fetched and parsed in 79.30625ms
[2m2025-12-10T10:11:21.233807Z[0m [34mDEBUG[0m [2methereum_transaction_pool_monitor::mempool_monitor[0m[2m:[0m 🔍 Skipping tx 0x3fbe2703fe5df47422d0305b76bec198a9cdfd5d28ec23018f448565f935f697 - not a DEX interaction (target: 0xA26148AE51fa8E787DF319C04137602Cc018b521)
[2m2025-12-10T10:11:21.233852Z[0m [34mDEBUG[0m [2mhyper::client::pool[0m[2m:[0m reuse idle connection for ("http", 192.168.0.14:8545)
[2m2025-12-10T10:11:21.233890Z[0m [34mDEBUG[0m [2mhyper::proto::h1::io[0m[2m:[0m flushed 172 bytes
[2m2025-12-10T10:11:21.233910Z[0m [34mDEBUG[0m [2methereum_transaction_pool_monitor::eth_client[0m[2m:[0m 📨 Received WebSocket message: {"jsonrpc":"2.0","method":"eth_subscription","params":{"subscription":"0xbed0a0851463e895960a451075a301a9","result":"0x7d5b56359ca4f265af718afc44f44333cd167a84869d3ffd89c18323fd19a195"}}
[2m2025-12-10T10:11:21.233920Z[0m [34mDEBUG[0m [2methereum_transaction_pool_monitor::eth_client[0m[2m:[0m 📨 Received pending transaction: 0x7d5b56359ca4f265af718afc44f44333cd167a84869d3ffd89c18323fd19a195
[2m2025-12-10T10:11:21.233929Z[0m [34mDEBUG[0m [2methereum_transaction_pool_monitor::mempool_monitor[0m[2m:[0m 📨 Processing new pending transaction: 0x7d5b56359ca4f265af718afc44f44333cd167a84869d3ffd89c18323fd19a195
[2m2025-12-10T10:11:21.233934Z[0m [34mDEBUG[0m [2methereum_transaction_pool_monitor::mempool_monitor[0m[2m:[0m 🔍 Fetching transaction details for: 0x7d5b56359ca4f265af718afc44f44333cd167a84869d3ffd89c18323fd19a195
[2m2025-12-10T10:11:21.233938Z[0m [34mDEBUG[0m [2methereum_transaction_pool_monitor::eth_client[0m[2m:[0m 🔍 Fetching transaction details for hash: 0x7d5b56359ca4f265af718afc44f44333cd167a84869d3ffd89c18323fd19a195
[2m2025-12-10T10:11:21.233947Z[0m [34mDEBUG[0m [2mhyper::client::pool[0m[2m:[0m reuse idle connection for ("http", 192.168.0.14:8545)
[2m2025-12-10T10:11:21.233960Z[0m [34mDEBUG[0m [2mhyper::proto::h1::io[0m[2m:[0m flushed 250 bytes
[2m2025-12-10T10:11:21.239784Z[0m [34mDEBUG[0m [2mhyper::proto::h1::io[0m[2m:[0m parsed 4 headers
[2m2025-12-10T10:11:21.239794Z[0m [34mDEBUG[0m [2mhyper::proto::h1::conn[0m[2m:[0m incoming body is content-length (45 bytes)
[2m2025-12-10T10:11:21.239802Z[0m [34mDEBUG[0m [2mhyper::proto::h1::conn[0m[2m:[0m incoming body completed
[2m2025-12-10T10:11:21.239815Z[0m [34mDEBUG[0m [2mhyper::client::pool[0m[2m:[0m pooling idle connection for ("http", 192.168.0.14:8545)
[2m2025-12-10T10:11:21.240426Z[0m [34mDEBUG[0m [2mhyper::proto::h1::io[0m[2m:[0m parsed 4 headers
[2m2025-12-10T10:11:21.240434Z[0m [34mDEBUG[0m [2mhyper::proto::h1::conn[0m[2m:[0m incoming body is content-length (830 bytes)
[2m2025-12-10T10:11:21.240441Z[0m [34mDEBUG[0m [2mhyper::proto::h1::conn[0m[2m:[0m incoming body completed
[2m2025-12-10T10:11:21.240447Z[0m [34mDEBUG[0m [2mhyper::client::pool[0m[2m:[0m pooling idle connection for ("http", 192.168.0.14:8545)
[2m2025-12-10T10:11:21.240452Z[0m [34mDEBUG[0m [2methereum_transaction_pool_monitor::eth_client[0m[2m:[0m 📡 Transaction fetch RPC completed in 6.509917ms
[2m2025-12-10T10:11:21.312509Z[0m [34mDEBUG[0m [2methereum_transaction_pool_monitor::eth_client[0m[2m:[0m ✅ Transaction 0x7d5b56359ca4f265af718afc44f44333cd167a84869d3ffd89c18323fd19a195 fetched and parsed in 78.564917ms
[2m2025-12-10T10:11:21.312539Z[0m [34mDEBUG[0m [2methereum_transaction_pool_monitor::mempool_monitor[0m[2m:[0m 🔍 Skipping tx 0x7d5b56359ca4f265af718afc44f44333cd167a84869d3ffd89c18323fd19a195 - not a DEX interaction (target: 0x3B4D794a66304F130a4Db8F2551B0070dfCf5ca7)
[2m2025-12-10T10:11:21.312576Z[0m [34mDEBUG[0m [2mhyper::client::pool[0m[2m:[0m reuse idle connection for ("http", 192.168.0.14:8545)
[2m2025-12-10T10:11:21.312624Z[0m [34mDEBUG[0m [2mhyper::proto::h1::io[0m[2m:[0m flushed 172 bytes
[2m2025-12-10T10:11:21.312648Z[0m [34mDEBUG[0m [2methereum_transaction_pool_monitor::eth_client[0m[2m:[0m 📨 Received WebSocket message: {"jsonrpc":"2.0","method":"eth_subscription","params":{"subscription":"0xbed0a0851463e895960a451075a301a9","result":"0x94a05b556985482d605ba2a82622501153653cf737068a4b2286d86a43dfb1bb"}}
[2m2025-12-10T10:11:21.312657Z[0m [34mDEBUG[0m [2methereum_transaction_pool_monitor::eth_client[0m[2m:[0m 📨 Received pending transaction: 0x94a05b556985482d605ba2a82622501153653cf737068a4b2286d86a43dfb1bb
[2m2025-12-10T10:11:21.312664Z[0m [34mDEBUG[0m [2methereum_transaction_pool_monitor::eth_client[0m[2m:[0m 📨 Received WebSocket message: {"jsonrpc":"2.0","method":"eth_subscription","params":{"subscription":"0xbed0a0851463e895960a451075a301a9","result":"0xf69c69439e11d1c38afcd6c9cc97cf60359011889b1aa91d9f58fe6f387398d7"}}
[2m2025-12-10T10:11:21.312670Z[0m [34mDEBUG[0m [2methereum_transaction_pool_monitor::eth_client[0m[2m:[0m 📨 Received pending transaction: 0xf69c69439e11d1c38afcd6c9cc97cf60359011889b1aa91d9f58fe6f387398d7
[2m2025-12-10T10:11:21.312678Z[0m [34mDEBUG[0m [2methereum_transaction_pool_monitor::mempool_monitor[0m[2m:[0m 📨 Processing new pending transaction: 0x94a05b556985482d605ba2a82622501153653cf737068a4b2286d86a43dfb1bb
[2m2025-12-10T10:11:21.312684Z[0m [34mDEBUG[0m [2methereum_transaction_pool_monitor::mempool_monitor[0m[2m:[0m 🔍 Fetching transaction details for: 0x94a05b556985482d605ba2a82622501153653cf737068a4b2286d86a43dfb1bb
[2m2025-12-10T10:11:21.312690Z[0m [34mDEBUG[0m [2methereum_transaction_pool_monitor::eth_client[0m[2m:[0m 🔍 Fetching transaction details for hash: 0x94a05b556985482d605ba2a82622501153653cf737068a4b2286d86a43dfb1bb
[2m2025-12-10T10:11:21.312700Z[0m [34mDEBUG[0m [2mhyper::client::pool[0m[2m:[0m reuse idle connection for ("http", 192.168.0.14:8545)
[2m2025-12-10T10:11:21.312717Z[0m [34mDEBUG[0m [2mhyper::proto::h1::io[0m[2m:[0m flushed 250 bytes
[2m2025-12-10T10:11:21.315631Z[0m [34mDEBUG[0m [2mhyper::proto::h1::io[0m[2m:[0m parsed 4 headers
[2m2025-12-10T10:11:21.315652Z[0m [34mDEBUG[0m [2mhyper::proto::h1::conn[0m[2m:[0m incoming body is content-length (45 bytes)
[2m2025-12-10T10:11:21.315662Z[0m [34mDEBUG[0m [2mhyper::proto::h1::conn[0m[2m:[0m incoming body completed
[2m2025-12-10T10:11:21.315674Z[0m [34mDEBUG[0m [2mhyper::client::pool[0m[2m:[0m pooling idle connection for ("http", 192.168.0.14:8545)
[2m2025-12-10T10:11:21.317854Z[0m [34mDEBUG[0m [2mhyper::proto::h1::io[0m[2m:[0m parsed 4 headers
[2m2025-12-10T10:11:21.317865Z[0m [34mDEBUG[0m [2mhyper::proto::h1::conn[0m[2m:[0m incoming body is content-length (1098 bytes)
[2m2025-12-10T10:11:21.317872Z[0m [34mDEBUG[0m [2mhyper::proto::h1::conn[0m[2m:[0m incoming body completed
[2m2025-12-10T10:11:21.317882Z[0m [34mDEBUG[0m [2mhyper::client::pool[0m[2m:[0m pooling idle connection for ("http", 192.168.0.14:8545)
[2m2025-12-10T10:11:21.317890Z[0m [34mDEBUG[0m [2methereum_transaction_pool_monitor::eth_client[0m[2m:[0m 📡 Transaction fetch RPC completed in 5.193709ms
[2m2025-12-10T10:11:21.317912Z[0m [34mDEBUG[0m [2methereum_transaction_pool_monitor::eth_client[0m[2m:[0m DeFi transaction detected - Address: 0x7a250d5630b4cf539739df2c5dacb4c659f2488d, Type: DexRouter, Value: 0.0075 ETH, Gas: 0.24 Gwei
[2m2025-12-10T10:11:21.317945Z[0m [34mDEBUG[0m [2methereum_transaction_pool_monitor::eth_client[0m[2m:[0m ✅ Transaction 0x94a05b556985482d605ba2a82622501153653cf737068a4b2286d86a43dfb1bb fetched and parsed in 5.249292ms
[2m2025-12-10T10:11:21.317952Z[0m [34mDEBUG[0m [2methereum_transaction_pool_monitor::mempool_monitor[0m[2m:[0m 🔍 Skipping tx 0x94a05b556985482d605ba2a82622501153653cf737068a4b2286d86a43dfb1bb - not a DEX interaction (target: 0x7a250d5630B4cF539739dF2C5dAcb4c659F2488D)
[2m2025-12-10T10:11:21.317960Z[0m [34mDEBUG[0m [2methereum_transaction_pool_monitor::mempool_monitor[0m[2m:[0m 📨 Processing new pending transaction: 0xf69c69439e11d1c38afcd6c9cc97cf60359011889b1aa91d9f58fe6f387398d7
[2m2025-12-10T10:11:21.317967Z[0m [34mDEBUG[0m [2methereum_transaction_pool_monitor::mempool_monitor[0m[2m:[0m 🔍 Fetching transaction details for: 0xf69c69439e11d1c38afcd6c9cc97cf60359011889b1aa91d9f58fe6f387398d7
[2m2025-12-10T10:11:21.317972Z[0m [34mDEBUG[0m [2methereum_transaction_pool_monitor::eth_client[0m[2m:[0m 🔍 Fetching transaction details for hash: 0xf69c69439e11d1c38afcd6c9cc97cf60359011889b1aa91d9f58fe6f387398d7
[2m2025-12-10T10:11:21.317987Z[0m [34mDEBUG[0m [2mhyper::client::pool[0m[2m:[0m reuse idle connection for ("http", 192.168.0.14:8545)
[2m2025-12-10T10:11:21.318008Z[0m [34mDEBUG[0m [2mhyper::proto::h1::io[0m[2m:[0m flushed 250 bytes
[2m2025-12-10T10:11:21.323357Z[0m [34mDEBUG[0m [2mhyper::proto::h1::io[0m[2m:[0m parsed 4 headers
[2m2025-12-10T10:11:21.323364Z[0m [34mDEBUG[0m [2mhyper::proto::h1::conn[0m[2m:[0m incoming body is content-length (558 bytes)
[2m2025-12-10T10:11:21.323369Z[0m [34mDEBUG[0m [2mhyper::proto::h1::conn[0m[2m:[0m incoming body completed
[2m2025-12-10T10:11:21.323375Z[0m [34mDEBUG[0m [2mhyper::client::pool[0m[2m:[0m pooling idle connection for ("http", 192.168.0.14:8545)
[2m2025-12-10T10:11:21.323380Z[0m [34mDEBUG[0m [2methereum_transaction_pool_monitor::eth_client[0m[2m:[0m 📡 Transaction fetch RPC completed in 5.403708ms
[2m2025-12-10T10:11:21.394460Z[0m [34mDEBUG[0m [2methereum_transaction_pool_monitor::eth_client[0m[2m:[0m ✅ Transaction 0xf69c69439e11d1c38afcd6c9cc97cf60359011889b1aa91d9f58fe6f387398d7 fetched and parsed in 76.480375ms
[2m2025-12-10T10:11:21.394485Z[0m [34mDEBUG[0m [2methereum_transaction_pool_monitor::mempool_monitor[0m[2m:[0m 🔍 Skipping tx 0xf69c69439e11d1c38afcd6c9cc97cf60359011889b1aa91d9f58fe6f387398d7 - not a DEX interaction (target: 0x904e95700B6FA3b0eD5A0Bb20994ce0d8D418aB6)
[2m2025-12-10T10:11:21.394537Z[0m [34mDEBUG[0m [2methereum_transaction_pool_monitor::eth_client[0m[2m:[0m 📨 Received WebSocket message: {"jsonrpc":"2.0","method":"eth_subscription","params":{"subscription":"0xbed0a0851463e895960a451075a301a9","result":"0xfe391477aa36a229b0161c1036ee05d3b4545c7693326fbe1c5036fbae0d040e"}}
[2m2025-12-10T10:11:21.394547Z[0m [34mDEBUG[0m [2methereum_transaction_pool_monitor::eth_client[0m[2m:[0m 📨 Received pending transaction: 0xfe391477aa36a229b0161c1036ee05d3b4545c7693326fbe1c5036fbae0d040e
[2m2025-12-10T10:11:21.394554Z[0m [34mDEBUG[0m [2methereum_transaction_pool_monitor::mempool_monitor[0m[2m:[0m 📨 Processing new pending transaction: 0xfe391477aa36a229b0161c1036ee05d3b4545c7693326fbe1c5036fbae0d040e
[2m2025-12-10T10:11:21.394559Z[0m [34mDEBUG[0m [2methereum_transaction_pool_monitor::mempool_monitor[0m[2m:[0m 🔍 Fetching transaction details for: 0xfe391477aa36a229b0161c1036ee05d3b4545c7693326fbe1c5036fbae0d040e
[2m2025-12-10T10:11:21.394567Z[0m [34mDEBUG[0m [2methereum_transaction_pool_monitor::eth_client[0m[2m:[0m 🔍 Fetching transaction details for hash: 0xfe391477aa36a229b0161c1036ee05d3b4545c7693326fbe1c5036fbae0d040e
[2m2025-12-10T10:11:21.394587Z[0m [34mDEBUG[0m [2mhyper::client::pool[0m[2m:[0m reuse idle connection for ("http", 192.168.0.14:8545)
[2m2025-12-10T10:11:21.394608Z[0m [34mDEBUG[0m [2mhyper::proto::h1::io[0m[2m:[0m flushed 250 bytes
[2m2025-12-10T10:11:21.398383Z[0m [34mDEBUG[0m [2mhyper::client::pool[0m[2m:[0m reuse idle connection for ("http", 192.168.0.14:8545)
[2m2025-12-10T10:11:21.398410Z[0m [34mDEBUG[0m [2mhyper::proto::h1::io[0m[2m:[0m flushed 172 bytes
[2m2025-12-10T10:11:21.405446Z[0m [34mDEBUG[0m [2mhyper::proto::h1::io[0m[2m:[0m parsed 4 headers
[2m2025-12-10T10:11:21.405484Z[0m [34mDEBUG[0m [2mhyper::proto::h1::conn[0m[2m:[0m incoming body is content-length (45 bytes)
[2m2025-12-10T10:11:21.405497Z[0m [34mDEBUG[0m [2mhyper::proto::h1::conn[0m[2m:[0m incoming body completed
[2m2025-12-10T10:11:21.405519Z[0m [34mDEBUG[0m [2mhyper::client::pool[0m[2m:[0m pooling idle connection for ("http", 192.168.0.14:8545)
[2m2025-12-10T10:11:21.406170Z[0m [34mDEBUG[0m [2mhyper::proto::h1::io[0m[2m:[0m parsed 4 headers
[2m2025-12-10T10:11:21.406192Z[0m [34mDEBUG[0m [2mhyper::proto::h1::conn[0m[2m:[0m incoming body is content-length (778 bytes)
[2m2025-12-10T10:11:21.406212Z[0m [34mDEBUG[0m [2mhyper::proto::h1::conn[0m[2m:[0m incoming body completed
[2m2025-12-10T10:11:21.406234Z[0m [34mDEBUG[0m [2mhyper::client::pool[0m[2m:[0m pooling idle connection for ("http", 192.168.0.14:8545)
[2m2025-12-10T10:11:21.406254Z[0m [34mDEBUG[0m [2methereum_transaction_pool_monitor::eth_client[0m[2m:[0m 📡 Transaction fetch RPC completed in 11.680625ms
[2m2025-12-10T10:11:21.478158Z[0m [34mDEBUG[0m [2methereum_transaction_pool_monitor::eth_client[0m[2m:[0m ✅ Transaction 0xfe391477aa36a229b0161c1036ee05d3b4545c7693326fbe1c5036fbae0d040e fetched and parsed in 83.581916ms
[2m2025-12-10T10:11:21.478183Z[0m [34mDEBUG[0m [2methereum_transaction_pool_monitor::mempool_monitor[0m[2m:[0m 🔍 Skipping tx 0xfe391477aa36a229b0161c1036ee05d3b4545c7693326fbe1c5036fbae0d040e - not a DEX interaction (target: 0x3E5A19c91266aD8cE2477B91585d1856B84062dF)
[2m2025-12-10T10:11:21.499245Z[0m [34mDEBUG[0m [2mhyper::client::pool[0m[2m:[0m reuse idle connection for ("http", 192.168.0.14:8545)
[2m2025-12-10T10:11:21.499293Z[0m [34mDEBUG[0m [2mhyper::proto::h1::io[0m[2m:[0m flushed 172 bytes
[2m2025-12-10T10:11:21.502085Z[0m [34mDEBUG[0m [2mhyper::proto::h1::io[0m[2m:[0m parsed 4 headers
[2m2025-12-10T10:11:21.503912Z[0m [34mDEBUG[0m [2mhyper::proto::h1::conn[0m[2m:[0m incoming body is content-length (45 bytes)
[2m2025-12-10T10:11:21.503924Z[0m [34mDEBUG[0m [2mhyper::proto::h1::conn[0m[2m:[0m incoming body completed
[2m2025-12-10T10:11:21.503935Z[0m [34mDEBUG[0m [2mhyper::client::pool[0m[2m:[0m pooling idle connection for ("http", 192.168.0.14:8545)
[2m2025-12-10T10:11:21.525910Z[0m [34mDEBUG[0m [2methereum_transaction_pool_monitor::eth_client[0m[2m:[0m 📨 Received WebSocket message: {"jsonrpc":"2.0","method":"eth_subscription","params":{"subscription":"0xbed0a0851463e895960a451075a301a9","result":"0xaed420d16de0e1503d461066a11587406cae7e47282fc875399f29631424e3af"}}
[2m2025-12-10T10:11:21.525925Z[0m [34mDEBUG[0m [2methereum_transaction_pool_monitor::eth_client[0m[2m:[0m 📨 Received pending transaction: 0xaed420d16de0e1503d461066a11587406cae7e47282fc875399f29631424e3af
[2m2025-12-10T10:11:21.526186Z[0m [34mDEBUG[0m [2methereum_transaction_pool_monitor::mempool_monitor[0m[2m:[0m 📨 Processing new pending transaction: 0xaed420d16de0e1503d461066a11587406cae7e47282fc875399f29631424e3af
[2m2025-12-10T10:11:21.526192Z[0m [34mDEBUG[0m [2methereum_transaction_pool_monitor::mempool_monitor[0m[2m:[0m 🔍 Fetching transaction details for: 0xaed420d16de0e1503d461066a11587406cae7e47282fc875399f29631424e3af
[2m2025-12-10T10:11:21.526196Z[0m [34mDEBUG[0m [2methereum_transaction_pool_monitor::eth_client[0m[2m:[0m 🔍 Fetching transaction details for hash: 0xaed420d16de0e1503d461066a11587406cae7e47282fc875399f29631424e3af
[2m2025-12-10T10:11:21.526211Z[0m [34mDEBUG[0m [2mhyper::client::pool[0m[2m:[0m reuse idle connection for ("http", 192.168.0.14:8545)
[2m2025-12-10T10:11:21.526228Z[0m [34mDEBUG[0m [2mhyper::proto::h1::io[0m[2m:[0m flushed 250 bytes
[2m2025-12-10T10:11:21.531206Z[0m [34mDEBUG[0m [2mhyper::proto::h1::io[0m[2m:[0m parsed 4 headers
[2m2025-12-10T10:11:21.532281Z[0m [34mDEBUG[0m [2mhyper::proto::h1::conn[0m[2m:[0m incoming body is content-length (655 bytes)
[2m2025-12-10T10:11:21.532295Z[0m [34mDEBUG[0m [2mhyper::proto::h1::conn[0m[2m:[0m incoming body completed
[2m2025-12-10T10:11:21.532306Z[0m [34mDEBUG[0m [2mhyper::client::pool[0m[2m:[0m pooling idle connection for ("http", 192.168.0.14:8545)
[2m2025-12-10T10:11:21.532318Z[0m [34mDEBUG[0m [2methereum_transaction_pool_monitor::eth_client[0m[2m:[0m 📡 Transaction fetch RPC completed in 6.11725ms
[2m2025-12-10T10:11:21.604374Z[0m [34mDEBUG[0m [2methereum_transaction_pool_monitor::eth_client[0m[2m:[0m ✅ Transaction 0xaed420d16de0e1503d461066a11587406cae7e47282fc875399f29631424e3af fetched and parsed in 78.171125ms
[2m2025-12-10T10:11:21.604400Z[0m [34mDEBUG[0m [2methereum_transaction_pool_monitor::mempool_monitor[0m[2m:[0m 🔍 Skipping tx 0xaed420d16de0e1503d461066a11587406cae7e47282fc875399f29631424e3af - not a DEX interaction (target: 0x077b5A704B3398DEb73d5Ba5fB490bb095d05F22)
[2m2025-12-10T10:11:21.604439Z[0m [34mDEBUG[0m [2mhyper::client::pool[0m[2m:[0m reuse idle connection for ("http", 192.168.0.14:8545)
[2m2025-12-10T10:11:21.604486Z[0m [34mDEBUG[0m [2mhyper::proto::h1::io[0m[2m:[0m flushed 172 bytes
[2m2025-12-10T10:11:21.604495Z[0m [34mDEBUG[0m [2methereum_transaction_pool_monitor::eth_client[0m[2m:[0m 📨 Received WebSocket message: {"jsonrpc":"2.0","method":"eth_subscription","params":{"subscription":"0xbed0a0851463e895960a451075a301a9","result":"0xf4fbf1a288490e36369e3566ca47b38ebf410da104763e07bd678ba7f65f6d8c"}}
[2m2025-12-10T10:11:21.604504Z[0m [34mDEBUG[0m [2methereum_transaction_pool_monitor::eth_client[0m[2m:[0m 📨 Received pending transaction: 0xf4fbf1a288490e36369e3566ca47b38ebf410da104763e07bd678ba7f65f6d8c
[2m2025-12-10T10:11:21.604510Z[0m [34mDEBUG[0m [2methereum_transaction_pool_monitor::eth_client[0m[2m:[0m 📨 Received WebSocket message: {"jsonrpc":"2.0","method":"eth_subscription","params":{"subscription":"0xbed0a0851463e895960a451075a301a9","result":"0xf94f3785591372231680df095936a1be392a730c5ae664d8cbedb0df46aca1c8"}}
[2m2025-12-10T10:11:21.604517Z[0m [34mDEBUG[0m [2methereum_transaction_pool_monitor::eth_client[0m[2m:[0m 📨 Received pending transaction: 0xf94f3785591372231680df095936a1be392a730c5ae664d8cbedb0df46aca1c8
[2m2025-12-10T10:11:21.604523Z[0m [34mDEBUG[0m [2methereum_transaction_pool_monitor::mempool_monitor[0m[2m:[0m 📨 Processing new pending transaction: 0xf4fbf1a288490e36369e3566ca47b38ebf410da104763e07bd678ba7f65f6d8c
[2m2025-12-10T10:11:21.604529Z[0m [34mDEBUG[0m [2methereum_transaction_pool_monitor::mempool_monitor[0m[2m:[0m 🔍 Fetching transaction details for: 0xf4fbf1a288490e36369e3566ca47b38ebf410da104763e07bd678ba7f65f6d8c
[2m2025-12-10T10:11:21.604534Z[0m [34mDEBUG[0m [2methereum_transaction_pool_monitor::eth_client[0m[2m:[0m 🔍 Fetching transaction details for hash: 0xf4fbf1a288490e36369e3566ca47b38ebf410da104763e07bd678ba7f65f6d8c
[2m2025-12-10T10:11:21.604545Z[0m [34mDEBUG[0m [2mhyper::client::pool[0m[2m:[0m reuse idle connection for ("http", 192.168.0.14:8545)
[2m2025-12-10T10:11:21.604559Z[0m [34mDEBUG[0m [2mhyper::proto::h1::io[0m[2m:[0m flushed 250 bytes
[2m2025-12-10T10:11:21.612296Z[0m [34mDEBUG[0m [2mhyper::proto::h1::io[0m[2m:[0m parsed 4 headers
[2m2025-12-10T10:11:21.612306Z[0m [34mDEBUG[0m [2mhyper::proto::h1::conn[0m[2m:[0m incoming body is content-length (45 bytes)
[2m2025-12-10T10:11:21.612313Z[0m [34mDEBUG[0m [2mhyper::proto::h1::conn[0m[2m:[0m incoming body completed
[2m2025-12-10T10:11:21.612323Z[0m [34mDEBUG[0m [2mhyper::client::pool[0m[2m:[0m pooling idle connection for ("http", 192.168.0.14:8545)
[2m2025-12-10T10:11:21.613017Z[0m [34mDEBUG[0m [2mhyper::proto::h1::io[0m[2m:[0m parsed 4 headers
[2m2025-12-10T10:11:21.613024Z[0m [34mDEBUG[0m [2mhyper::proto::h1::conn[0m[2m:[0m incoming body is content-length (644 bytes)
[2m2025-12-10T10:11:21.613029Z[0m [34mDEBUG[0m [2mhyper::proto::h1::conn[0m[2m:[0m incoming body completed
[2m2025-12-10T10:11:21.613036Z[0m [34mDEBUG[0m [2mhyper::client::pool[0m[2m:[0m pooling idle connection for ("http", 192.168.0.14:8545)
[2m2025-12-10T10:11:21.613044Z[0m [34mDEBUG[0m [2methereum_transaction_pool_monitor::eth_client[0m[2m:[0m 📡 Transaction fetch RPC completed in 8.503875ms
[2m2025-12-10T10:11:21.685195Z[0m [34mDEBUG[0m [2methereum_transaction_pool_monitor::eth_client[0m[2m:[0m ✅ Transaction 0xf4fbf1a288490e36369e3566ca47b38ebf410da104763e07bd678ba7f65f6d8c fetched and parsed in 80.653459ms
[2m2025-12-10T10:11:21.685220Z[0m [34mDEBUG[0m [2methereum_transaction_pool_monitor::mempool_monitor[0m[2m:[0m 🔍 Skipping tx 0xf4fbf1a288490e36369e3566ca47b38ebf410da104763e07bd678ba7f65f6d8c - not a DEX interaction (target: 0x17E5545B11b468072283Cee1F066a059Fb0dbF24)
[2m2025-12-10T10:11:21.685231Z[0m [34mDEBUG[0m [2methereum_transaction_pool_monitor::mempool_monitor[0m[2m:[0m 📨 Processing new pending transaction: 0xf94f3785591372231680df095936a1be392a730c5ae664d8cbedb0df46aca1c8
[2m2025-12-10T10:11:21.685239Z[0m [34mDEBUG[0m [2methereum_transaction_pool_monitor::mempool_monitor[0m[2m:[0m 🔍 Fetching transaction details for: 0xf94f3785591372231680df095936a1be392a730c5ae664d8cbedb0df46aca1c8
[2m2025-12-10T10:11:21.685246Z[0m [34mDEBUG[0m [2methereum_transaction_pool_monitor::eth_client[0m[2m:[0m 🔍 Fetching transaction details for hash: 0xf94f3785591372231680df095936a1be392a730c5ae664d8cbedb0df46aca1c8
[2m2025-12-10T10:11:21.685265Z[0m [34mDEBUG[0m [2mhyper::client::pool[0m[2m:[0m reuse idle connection for ("http", 192.168.0.14:8545)
[2m2025-12-10T10:11:21.685310Z[0m [34mDEBUG[0m [2mhyper::proto::h1::io[0m[2m:[0m flushed 250 bytes
[2m2025-12-10T10:11:21.694182Z[0m [34mDEBUG[0m [2mhyper::proto::h1::io[0m[2m:[0m parsed 4 headers
[2m2025-12-10T10:11:21.694194Z[0m [34mDEBUG[0m [2mhyper::proto::h1::conn[0m[2m:[0m incoming body is content-length (830 bytes)
[2m2025-12-10T10:11:21.694202Z[0m [34mDEBUG[0m [2mhyper::proto::h1::conn[0m[2m:[0m incoming body completed
[2m2025-12-10T10:11:21.694211Z[0m [34mDEBUG[0m [2mhyper::client::pool[0m[2m:[0m pooling idle connection for ("http", 192.168.0.14:8545)
[2m2025-12-10T10:11:21.694218Z[0m [34mDEBUG[0m [2methereum_transaction_pool_monitor::eth_client[0m[2m:[0m 📡 Transaction fetch RPC completed in 8.967416ms
[2m2025-12-10T10:11:21.765531Z[0m [34mDEBUG[0m [2methereum_transaction_pool_monitor::eth_client[0m[2m:[0m ✅ Transaction 0xf94f3785591372231680df095936a1be392a730c5ae664d8cbedb0df46aca1c8 fetched and parsed in 80.277583ms
[2m2025-12-10T10:11:21.765561Z[0m [34mDEBUG[0m [2methereum_transaction_pool_monitor::mempool_monitor[0m[2m:[0m 🔍 Skipping tx 0xf94f3785591372231680df095936a1be392a730c5ae664d8cbedb0df46aca1c8 - not a DEX interaction (target: 0x3B4D794a66304F130a4Db8F2551B0070dfCf5ca7)
[2m2025-12-10T10:11:21.765600Z[0m [34mDEBUG[0m [2mhyper::client::pool[0m[2m:[0m reuse idle connection for ("http", 192.168.0.14:8545)
[2m2025-12-10T10:11:21.765627Z[0m [34mDEBUG[0m [2mhyper::proto::h1::io[0m[2m:[0m flushed 172 bytes
[2m2025-12-10T10:11:21.765668Z[0m [34mDEBUG[0m [2methereum_transaction_pool_monitor::eth_client[0m[2m:[0m 📨 Received WebSocket message: {"jsonrpc":"2.0","method":"eth_subscription","params":{"subscription":"0xbed0a0851463e895960a451075a301a9","result":"0x929635219c22b12ac68ca07fe7b6918ef2934e69bf44d53333ef99ceaccb2252"}}
[2m2025-12-10T10:11:21.765677Z[0m [34mDEBUG[0m [2methereum_transaction_pool_monitor::eth_client[0m[2m:[0m 📨 Received pending transaction: 0x929635219c22b12ac68ca07fe7b6918ef2934e69bf44d53333ef99ceaccb2252
[2m2025-12-10T10:11:21.765684Z[0m [34mDEBUG[0m [2methereum_transaction_pool_monitor::mempool_monitor[0m[2m:[0m 📨 Processing new pending transaction: 0x929635219c22b12ac68ca07fe7b6918ef2934e69bf44d53333ef99ceaccb2252
[2m2025-12-10T10:11:21.765690Z[0m [34mDEBUG[0m [2methereum_transaction_pool_monitor::mempool_monitor[0m[2m:[0m 🔍 Fetching transaction details for: 0x929635219c22b12ac68ca07fe7b6918ef2934e69bf44d53333ef99ceaccb2252
[2m2025-12-10T10:11:21.765694Z[0m [34mDEBUG[0m [2methereum_transaction_pool_monitor::eth_client[0m[2m:[0m 🔍 Fetching transaction details for hash: 0x929635219c22b12ac68ca07fe7b6918ef2934e69bf44d53333ef99ceaccb2252
[2m2025-12-10T10:11:21.765703Z[0m [34mDEBUG[0m [2mhyper::client::pool[0m[2m:[0m reuse idle connection for ("http", 192.168.0.14:8545)
[2m2025-12-10T10:11:21.765716Z[0m [34mDEBUG[0m [2mhyper::proto::h1::io[0m[2m:[0m flushed 250 bytes
[2m2025-12-10T10:11:21.769235Z[0m [34mDEBUG[0m [2mhyper::proto::h1::io[0m[2m:[0m parsed 4 headers
[2m2025-12-10T10:11:21.769243Z[0m [34mDEBUG[0m [2mhyper::proto::h1::conn[0m[2m:[0m incoming body is content-length (45 bytes)
[2m2025-12-10T10:11:21.769249Z[0m [34mDEBUG[0m [2mhyper::proto::h1::conn[0m[2m:[0m incoming body completed
[2m2025-12-10T10:11:21.769256Z[0m [34mDEBUG[0m [2mhyper::client::pool[0m[2m:[0m pooling idle connection for ("http", 192.168.0.14:8545)
[2m2025-12-10T10:11:21.771936Z[0m [34mDEBUG[0m [2mhyper::proto::h1::io[0m[2m:[0m parsed 4 headers
[2m2025-12-10T10:11:21.771942Z[0m [34mDEBUG[0m [2mhyper::proto::h1::conn[0m[2m:[0m incoming body is content-length (830 bytes)
[2m2025-12-10T10:11:21.771947Z[0m [34mDEBUG[0m [2mhyper::proto::h1::conn[0m[2m:[0m incoming body completed
[2m2025-12-10T10:11:21.771952Z[0m [34mDEBUG[0m [2mhyper::client::pool[0m[2m:[0m pooling idle connection for ("http", 192.168.0.14:8545)
[2m2025-12-10T10:11:21.771957Z[0m [34mDEBUG[0m [2methereum_transaction_pool_monitor::eth_client[0m[2m:[0m 📡 Transaction fetch RPC completed in 6.258666ms
[2m2025-12-10T10:11:21.843231Z[0m [34mDEBUG[0m [2methereum_transaction_pool_monitor::eth_client[0m[2m:[0m ✅ Transaction 0x929635219c22b12ac68ca07fe7b6918ef2934e69bf44d53333ef99ceaccb2252 fetched and parsed in 77.5305ms
[2m2025-12-10T10:11:21.843257Z[0m [34mDEBUG[0m [2methereum_transaction_pool_monitor::mempool_monitor[0m[2m:[0m 🔍 Skipping tx 0x929635219c22b12ac68ca07fe7b6918ef2934e69bf44d53333ef99ceaccb2252 - not a DEX interaction (target: 0x3B4D794a66304F130a4Db8F2551B0070dfCf5ca7)
[2m2025-12-10T10:11:21.843300Z[0m [34mDEBUG[0m [2mhyper::client::pool[0m[2m:[0m reuse idle connection for ("http", 192.168.0.14:8545)
[2m2025-12-10T10:11:21.843337Z[0m [34mDEBUG[0m [2mhyper::proto::h1::io[0m[2m:[0m flushed 172 bytes
[2m2025-12-10T10:11:21.847821Z[0m [34mDEBUG[0m [2mhyper::proto::h1::io[0m[2m:[0m parsed 4 headers
[2m2025-12-10T10:11:21.847828Z[0m [34mDEBUG[0m [2mhyper::proto::h1::conn[0m[2m:[0m incoming body is content-length (45 bytes)
[2m2025-12-10T10:11:21.847837Z[0m [34mDEBUG[0m [2mhyper::proto::h1::conn[0m[2m:[0m incoming body completed
[2m2025-12-10T10:11:21.847846Z[0m [34mDEBUG[0m [2mhyper::client::pool[0m[2m:[0m pooling idle connection for ("http", 192.168.0.14:8545)
[2m2025-12-10T10:11:21.898896Z[0m [34mDEBUG[0m [2mhyper::client::pool[0m[2m:[0m reuse idle connection for ("http", 192.168.0.14:8545)
[2m2025-12-10T10:11:21.898933Z[0m [34mDEBUG[0m [2mhyper::proto::h1::io[0m[2m:[0m flushed 172 bytes
[2m2025-12-10T10:11:21.905759Z[0m [34mDEBUG[0m [2mhyper::proto::h1::io[0m[2m:[0m parsed 4 headers
[2m2025-12-10T10:11:21.905777Z[0m [34mDEBUG[0m [2mhyper::proto::h1::conn[0m[2m:[0m incoming body is content-length (45 bytes)
[2m2025-12-10T10:11:21.905785Z[0m [34mDEBUG[0m [2mhyper::proto::h1::conn[0m[2m:[0m incoming body completed
[2m2025-12-10T10:11:21.905794Z[0m [34mDEBUG[0m [2mhyper::client::pool[0m[2m:[0m pooling idle connection for ("http", 192.168.0.14:8545)
[2m2025-12-10T10:11:21.998882Z[0m [34mDEBUG[0m [2mhyper::client::pool[0m[2m:[0m reuse idle connection for ("http", 192.168.0.14:8545)
[2m2025-12-10T10:11:21.998976Z[0m [34mDEBUG[0m [2mhyper::proto::h1::io[0m[2m:[0m flushed 172 bytes
[2m2025-12-10T10:11:22.004934Z[0m [34mDEBUG[0m [2mhyper::proto::h1::io[0m[2m:[0m parsed 4 headers
[2m2025-12-10T10:11:22.004947Z[0m [34mDEBUG[0m [2mhyper::proto::h1::conn[0m[2m:[0m incoming body is content-length (45 bytes)
[2m2025-12-10T10:11:22.004954Z[0m [34mDEBUG[0m [2mhyper::proto::h1::conn[0m[2m:[0m incoming body completed
[2m2025-12-10T10:11:22.004963Z[0m [34mDEBUG[0m [2mhyper::client::pool[0m[2m:[0m pooling idle connection for ("http", 192.168.0.14:8545)
[2m2025-12-10T10:11:22.089363Z[0m [34mDEBUG[0m [2methereum_transaction_pool_monitor::eth_client[0m[2m:[0m 📨 Received WebSocket message: {"jsonrpc":"2.0","method":"eth_subscription","params":{"subscription":"0xbed0a0851463e895960a451075a301a9","result":"0xd92f8f4a872a4ac71aa71851b9949f3ec1921cee71bac99e181e57402fd00fb1"}}
[2m2025-12-10T10:11:22.089379Z[0m [34mDEBUG[0m [2methereum_transaction_pool_monitor::eth_client[0m[2m:[0m 📨 Received pending transaction: 0xd92f8f4a872a4ac71aa71851b9949f3ec1921cee71bac99e181e57402fd00fb1
[2m2025-12-10T10:11:22.089388Z[0m [34mDEBUG[0m [2methereum_transaction_pool_monitor::mempool_monitor[0m[2m:[0m 📨 Processing new pending transaction: 0xd92f8f4a872a4ac71aa71851b9949f3ec1921cee71bac99e181e57402fd00fb1
[2m2025-12-10T10:11:22.089393Z[0m [34mDEBUG[0m [2methereum_transaction_pool_monitor::mempool_monitor[0m[2m:[0m 🔍 Fetching transaction details for: 0xd92f8f4a872a4ac71aa71851b9949f3ec1921cee71bac99e181e57402fd00fb1
[2m2025-12-10T10:11:22.089397Z[0m [34mDEBUG[0m [2methereum_transaction_pool_monitor::eth_client[0m[2m:[0m 🔍 Fetching transaction details for hash: 0xd92f8f4a872a4ac71aa71851b9949f3ec1921cee71bac99e181e57402fd00fb1
[2m2025-12-10T10:11:22.089413Z[0m [34mDEBUG[0m [2mhyper::client::pool[0m[2m:[0m reuse idle connection for ("http", 192.168.0.14:8545)
[2m2025-12-10T10:11:22.089433Z[0m [34mDEBUG[0m [2mhyper::proto::h1::io[0m[2m:[0m flushed 250 bytes
[2m2025-12-10T10:11:22.094470Z[0m [34mDEBUG[0m [2mhyper::proto::h1::io[0m[2m:[0m parsed 4 headers
[2m2025-12-10T10:11:22.094483Z[0m [34mDEBUG[0m [2mhyper::proto::h1::conn[0m[2m:[0m incoming body is content-length (646 bytes)
[2m2025-12-10T10:11:22.094490Z[0m [34mDEBUG[0m [2mhyper::proto::h1::conn[0m[2m:[0m incoming body completed
[2m2025-12-10T10:11:22.094501Z[0m [34mDEBUG[0m [2mhyper::client::pool[0m[2m:[0m pooling idle connection for ("http", 192.168.0.14:8545)
[2m2025-12-10T10:11:22.094507Z[0m [34mDEBUG[0m [2methereum_transaction_pool_monitor::eth_client[0m[2m:[0m 📡 Transaction fetch RPC completed in 5.106666ms
[2m2025-12-10T10:11:22.166635Z[0m [34mDEBUG[0m [2methereum_transaction_pool_monitor::eth_client[0m[2m:[0m ✅ Transaction 0xd92f8f4a872a4ac71aa71851b9949f3ec1921cee71bac99e181e57402fd00fb1 fetched and parsed in 77.232041ms
[2m2025-12-10T10:11:22.166666Z[0m [34mDEBUG[0m [2methereum_transaction_pool_monitor::mempool_monitor[0m[2m:[0m 🔍 Skipping tx 0xd92f8f4a872a4ac71aa71851b9949f3ec1921cee71bac99e181e57402fd00fb1 - not a DEX interaction (target: 0x411D53aE9459202F7D1b21E0e6A2C40603ba511b)
[2m2025-12-10T10:11:22.166922Z[0m [34mDEBUG[0m [2mhyper::client::pool[0m[2m:[0m reuse idle connection for ("http", 192.168.0.14:8545)
[2m2025-12-10T10:11:22.166970Z[0m [34mDEBUG[0m [2mhyper::proto::h1::io[0m[2m:[0m flushed 172 bytes
[2m2025-12-10T10:11:22.170822Z[0m [34mDEBUG[0m [2mhyper::proto::h1::io[0m[2m:[0m parsed 4 headers
[2m2025-12-10T10:11:22.170855Z[0m [34mDEBUG[0m [2mhyper::proto::h1::conn[0m[2m:[0m incoming body is content-length (45 bytes)
[2m2025-12-10T10:11:22.170870Z[0m [34mDEBUG[0m [2mhyper::proto::h1::conn[0m[2m:[0m incoming body completed
[2m2025-12-10T10:11:22.170895Z[0m [34mDEBUG[0m [2mhyper::client::pool[0m[2m:[0m pooling idle connection for ("http", 192.168.0.14:8545)
[2m2025-12-10T10:11:22.198944Z[0m [34mDEBUG[0m [2mhyper::client::pool[0m[2m:[0m reuse idle connection for ("http", 192.168.0.14:8545)
[2m2025-12-10T10:11:22.198985Z[0m [34mDEBUG[0m [2mhyper::proto::h1::io[0m[2m:[0m flushed 172 bytes
[2m2025-12-10T10:11:22.201772Z[0m [34mDEBUG[0m [2mhyper::proto::h1::io[0m[2m:[0m parsed 4 headers
[2m2025-12-10T10:11:22.201786Z[0m [34mDEBUG[0m [2mhyper::proto::h1::conn[0m[2m:[0m incoming body is content-length (45 bytes)
[2m2025-12-10T10:11:22.201792Z[0m [34mDEBUG[0m [2mhyper::proto::h1::conn[0m[2m:[0m incoming body completed
[2m2025-12-10T10:11:22.201801Z[0m [34mDEBUG[0m [2mhyper::client::pool[0m[2m:[0m pooling idle connection for ("http", 192.168.0.14:8545)
[2m2025-12-10T10:11:22.297601Z[0m [34mDEBUG[0m [2mhyper::client::pool[0m[2m:[0m reuse idle connection for ("http", 192.168.0.14:8545)
[2m2025-12-10T10:11:22.297658Z[0m [34mDEBUG[0m [2mhyper::proto::h1::io[0m[2m:[0m flushed 172 bytes
[2m2025-12-10T10:11:22.302405Z[0m [34mDEBUG[0m [2mhyper::proto::h1::io[0m[2m:[0m parsed 4 headers
[2m2025-12-10T10:11:22.302418Z[0m [34mDEBUG[0m [2mhyper::proto::h1::conn[0m[2m:[0m incoming body is content-length (45 bytes)
[2m2025-12-10T10:11:22.302426Z[0m [34mDEBUG[0m [2mhyper::proto::h1::conn[0m[2m:[0m incoming body completed
[2m2025-12-10T10:11:22.302435Z[0m [34mDEBUG[0m [2mhyper::client::pool[0m[2m:[0m pooling idle connection for ("http", 192.168.0.14:8545)
[2m2025-12-10T10:11:22.310646Z[0m [34mDEBUG[0m [2methereum_transaction_pool_monitor::eth_client[0m[2m:[0m 📨 Received WebSocket message: {"jsonrpc":"2.0","method":"eth_subscription","params":{"subscription":"0xbed0a0851463e895960a451075a301a9","result":"0xb850246c94d8a643ed306f6dd188cad3d766a55300531d7c461c988f52c1702c"}}
[2m2025-12-10T10:11:22.310667Z[0m [34mDEBUG[0m [2methereum_transaction_pool_monitor::eth_client[0m[2m:[0m 📨 Received pending transaction: 0xb850246c94d8a643ed306f6dd188cad3d766a55300531d7c461c988f52c1702c
[2m2025-12-10T10:11:22.310682Z[0m [34mDEBUG[0m [2methereum_transaction_pool_monitor::mempool_monitor[0m[2m:[0m 📨 Processing new pending transaction: 0xb850246c94d8a643ed306f6dd188cad3d766a55300531d7c461c988f52c1702c
[2m2025-12-10T10:11:22.310691Z[0m [34mDEBUG[0m [2methereum_transaction_pool_monitor::mempool_monitor[0m[2m:[0m 🔍 Fetching transaction details for: 0xb850246c94d8a643ed306f6dd188cad3d766a55300531d7c461c988f52c1702c
[2m2025-12-10T10:11:22.310700Z[0m [34mDEBUG[0m [2methereum_transaction_pool_monitor::eth_client[0m[2m:[0m 🔍 Fetching transaction details for hash: 0xb850246c94d8a643ed306f6dd188cad3d766a55300531d7c461c988f52c1702c
[2m2025-12-10T10:11:22.310723Z[0m [34mDEBUG[0m [2mhyper::client::pool[0m[2m:[0m reuse idle connection for ("http", 192.168.0.14:8545)
[2m2025-12-10T10:11:22.310754Z[0m [34mDEBUG[0m [2mhyper::proto::h1::io[0m[2m:[0m flushed 250 bytes
[2m2025-12-10T10:11:22.320083Z[0m [34mDEBUG[0m [2mhyper::proto::h1::io[0m[2m:[0m parsed 4 headers
[2m2025-12-10T10:11:22.320092Z[0m [34mDEBUG[0m [2mhyper::proto::h1::conn[0m[2m:[0m incoming body is content-length (647 bytes)
[2m2025-12-10T10:11:22.320099Z[0m [34mDEBUG[0m [2mhyper::proto::h1::conn[0m[2m:[0m incoming body completed
[2m2025-12-10T10:11:22.320108Z[0m [34mDEBUG[0m [2mhyper::client::pool[0m[2m:[0m pooling idle connection for ("http", 192.168.0.14:8545)
[2m2025-12-10T10:11:22.320115Z[0m [34mDEBUG[0m [2methereum_transaction_pool_monitor::eth_client[0m[2m:[0m 📡 Transaction fetch RPC completed in 9.405708ms
[2m2025-12-10T10:11:22.396124Z[0m [34mDEBUG[0m [2methereum_transaction_pool_monitor::eth_client[0m[2m:[0m ✅ Transaction 0xb850246c94d8a643ed306f6dd188cad3d766a55300531d7c461c988f52c1702c fetched and parsed in 85.413541ms
[2m2025-12-10T10:11:22.396154Z[0m [34mDEBUG[0m [2methereum_transaction_pool_monitor::mempool_monitor[0m[2m:[0m 🔍 Skipping tx 0xb850246c94d8a643ed306f6dd188cad3d766a55300531d7c461c988f52c1702c - not a DEX interaction (target: 0xDe4c734102d191Af6DC3872D407F2990B21fB27a)
[2m2025-12-10T10:11:22.397487Z[0m [34mDEBUG[0m [2mhyper::client::pool[0m[2m:[0m reuse idle connection for ("http", 192.168.0.14:8545)
[2m2025-12-10T10:11:22.397528Z[0m [34mDEBUG[0m [2mhyper::proto::h1::io[0m[2m:[0m flushed 172 bytes
[2m2025-12-10T10:11:22.408045Z[0m [34mDEBUG[0m [2mhyper::proto::h1::io[0m[2m:[0m parsed 4 headers
[2m2025-12-10T10:11:22.408453Z[0m [34mDEBUG[0m [2mhyper::proto::h1::conn[0m[2m:[0m incoming body is content-length (45 bytes)
[2m2025-12-10T10:11:22.408466Z[0m [34mDEBUG[0m [2mhyper::proto::h1::conn[0m[2m:[0m incoming body completed
[2m2025-12-10T10:11:22.408485Z[0m [34mDEBUG[0m [2mhyper::client::pool[0m[2m:[0m pooling idle connection for ("http", 192.168.0.14:8545)
[2m2025-12-10T10:11:22.480830Z[0m [34mDEBUG[0m [2methereum_transaction_pool_monitor::eth_client[0m[2m:[0m 📨 Received WebSocket message: {"jsonrpc":"2.0","method":"eth_subscription","params":{"subscription":"0xbed0a0851463e895960a451075a301a9","result":"0xabbef87f4ad1736df32878ee86cf2e95eea0c340811fd0f38ab2ead584d20974"}}
[2m2025-12-10T10:11:22.480845Z[0m [34mDEBUG[0m [2methereum_transaction_pool_monitor::eth_client[0m[2m:[0m 📨 Received pending transaction: 0xabbef87f4ad1736df32878ee86cf2e95eea0c340811fd0f38ab2ead584d20974
[2m2025-12-10T10:11:22.480856Z[0m [34mDEBUG[0m [2methereum_transaction_pool_monitor::mempool_monitor[0m[2m:[0m 📨 Processing new pending transaction: 0xabbef87f4ad1736df32878ee86cf2e95eea0c340811fd0f38ab2ead584d20974
[2m2025-12-10T10:11:22.480863Z[0m [34mDEBUG[0m [2methereum_transaction_pool_monitor::mempool_monitor[0m[2m:[0m 🔍 Fetching transaction details for: 0xabbef87f4ad1736df32878ee86cf2e95eea0c340811fd0f38ab2ead584d20974
[2m2025-12-10T10:11:22.480869Z[0m [34mDEBUG[0m [2methereum_transaction_pool_monitor::eth_client[0m[2m:[0m 🔍 Fetching transaction details for hash: 0xabbef87f4ad1736df32878ee86cf2e95eea0c340811fd0f38ab2ead584d20974
[2m2025-12-10T10:11:22.480890Z[0m [34mDEBUG[0m [2mhyper::client::pool[0m[2m:[0m reuse idle connection for ("http", 192.168.0.14:8545)
[2m2025-12-10T10:11:22.480917Z[0m [34mDEBUG[0m [2mhyper::proto::h1::io[0m[2m:[0m flushed 250 bytes
[2m2025-12-10T10:11:22.486406Z[0m [34mDEBUG[0m [2mhyper::proto::h1::io[0m[2m:[0m parsed 4 headers
[2m2025-12-10T10:11:22.486428Z[0m [34mDEBUG[0m [2mhyper::proto::h1::conn[0m[2m:[0m incoming body is content-length (774 bytes)
[2m2025-12-10T10:11:22.486443Z[0m [34mDEBUG[0m [2mhyper::proto::h1::conn[0m[2m:[0m incoming body completed
[2m2025-12-10T10:11:22.486453Z[0m [34mDEBUG[0m [2mhyper::client::pool[0m[2m:[0m pooling idle connection for ("http", 192.168.0.14:8545)
[2m2025-12-10T10:11:22.486463Z[0m [34mDEBUG[0m [2methereum_transaction_pool_monitor::eth_client[0m[2m:[0m 📡 Transaction fetch RPC completed in 5.587958ms
[2m2025-12-10T10:11:22.486496Z[0m [34mDEBUG[0m [2methereum_transaction_pool_monitor::eth_client[0m[2m:[0m DeFi transaction detected - Address: 0xdac17f958d2ee523a2206206994597c13d831ec7, Type: Stablecoin, Value: 0 ETH, Gas: 2.86 Gwei
[2m2025-12-10T10:11:22.486513Z[0m [34mDEBUG[0m [2methereum_transaction_pool_monitor::eth_client[0m[2m:[0m ✅ Transaction 0xabbef87f4ad1736df32878ee86cf2e95eea0c340811fd0f38ab2ead584d20974 fetched and parsed in 5.638083ms
[2m2025-12-10T10:11:22.486522Z[0m [34mDEBUG[0m [2methereum_transaction_pool_monitor::mempool_monitor[0m[2m:[0m 🔍 Skipping tx 0xabbef87f4ad1736df32878ee86cf2e95eea0c340811fd0f38ab2ead584d20974 - not a DEX interaction (target: 0xdAC17F958D2ee523a2206206994597C13D831ec7)
[2m2025-12-10T10:11:22.497701Z[0m [34mDEBUG[0m [2mhyper::client::pool[0m[2m:[0m reuse idle connection for ("http", 192.168.0.14:8545)
[2m2025-12-10T10:11:22.497739Z[0m [34mDEBUG[0m [2mhyper::proto::h1::io[0m[2m:[0m flushed 172 bytes
[2m2025-12-10T10:11:22.504219Z[0m [34mDEBUG[0m [2mhyper::proto::h1::io[0m[2m:[0m parsed 4 headers
[2m2025-12-10T10:11:22.504228Z[0m [34mDEBUG[0m [2mhyper::proto::h1::conn[0m[2m:[0m incoming body is content-length (45 bytes)
[2m2025-12-10T10:11:22.504237Z[0m [34mDEBUG[0m [2mhyper::proto::h1::conn[0m[2m:[0m incoming body completed
[2m2025-12-10T10:11:22.504247Z[0m [34mDEBUG[0m [2mhyper::client::pool[0m[2m:[0m pooling idle connection for ("http", 192.168.0.14:8545)
[2m2025-12-10T10:11:22.532171Z[0m [34mDEBUG[0m [2methereum_transaction_pool_monitor::eth_client[0m[2m:[0m 📨 Received WebSocket message: {"jsonrpc":"2.0","method":"eth_subscription","params":{"subscription":"0xbed0a0851463e895960a451075a301a9","result":"0xbb8a833a4eb1c81358a7c82784dfbb15d39c3573e1126cf5201cfc1c63c4068f"}}
[2m2025-12-10T10:11:22.532196Z[0m [34mDEBUG[0m [2methereum_transaction_pool_monitor::eth_client[0m[2m:[0m 📨 Received pending transaction: 0xbb8a833a4eb1c81358a7c82784dfbb15d39c3573e1126cf5201cfc1c63c4068f
[2m2025-12-10T10:11:22.532209Z[0m [34mDEBUG[0m [2methereum_transaction_pool_monitor::mempool_monitor[0m[2m:[0m 📨 Processing new pending transaction: 0xbb8a833a4eb1c81358a7c82784dfbb15d39c3573e1126cf5201cfc1c63c4068f
[2m2025-12-10T10:11:22.532219Z[0m [34mDEBUG[0m [2methereum_transaction_pool_monitor::mempool_monitor[0m[2m:[0m 🔍 Fetching transaction details for: 0xbb8a833a4eb1c81358a7c82784dfbb15d39c3573e1126cf5201cfc1c63c4068f
[2m2025-12-10T10:11:22.532226Z[0m [34mDEBUG[0m [2methereum_transaction_pool_monitor::eth_client[0m[2m:[0m 🔍 Fetching transaction details for hash: 0xbb8a833a4eb1c81358a7c82784dfbb15d39c3573e1126cf5201cfc1c63c4068f
[2m2025-12-10T10:11:22.532248Z[0m [34mDEBUG[0m [2mhyper::client::pool[0m[2m:[0m reuse idle connection for ("http", 192.168.0.14:8545)
[2m2025-12-10T10:11:22.532279Z[0m [34mDEBUG[0m [2mhyper::proto::h1::io[0m[2m:[0m flushed 250 bytes
[2m2025-12-10T10:11:22.545935Z[0m [34mDEBUG[0m [2mhyper::proto::h1::io[0m[2m:[0m parsed 4 headers
[2m2025-12-10T10:11:22.545971Z[0m [34mDEBUG[0m [2mhyper::proto::h1::conn[0m[2m:[0m incoming body is content-length (769 bytes)
[2m2025-12-10T10:11:22.545986Z[0m [34mDEBUG[0m [2mhyper::proto::h1::conn[0m[2m:[0m incoming body completed
[2m2025-12-10T10:11:22.546003Z[0m [34mDEBUG[0m [2mhyper::client::pool[0m[2m:[0m pooling idle connection for ("http", 192.168.0.14:8545)
[2m2025-12-10T10:11:22.546015Z[0m [34mDEBUG[0m [2methereum_transaction_pool_monitor::eth_client[0m[2m:[0m 📡 Transaction fetch RPC completed in 13.781291ms
[2m2025-12-10T10:11:22.629098Z[0m [34mDEBUG[0m [2methereum_transaction_pool_monitor::eth_client[0m[2m:[0m ✅ Transaction 0xbb8a833a4eb1c81358a7c82784dfbb15d39c3573e1126cf5201cfc1c63c4068f fetched and parsed in 96.862333ms
[2m2025-12-10T10:11:22.629401Z[0m [34mDEBUG[0m [2methereum_transaction_pool_monitor::mempool_monitor[0m[2m:[0m 🔍 Skipping tx 0xbb8a833a4eb1c81358a7c82784dfbb15d39c3573e1126cf5201cfc1c63c4068f - not a DEX interaction (target: 0xA0b86991c6218b36c1d19D4a2e9Eb0cE3606eB48)
[2m2025-12-10T10:11:22.629447Z[0m [34mDEBUG[0m [2mhyper::client::pool[0m[2m:[0m reuse idle connection for ("http", 192.168.0.14:8545)
[2m2025-12-10T10:11:22.629471Z[0m [34mDEBUG[0m [2methereum_transaction_pool_monitor::eth_client[0m[2m:[0m 📨 Received WebSocket message: {"jsonrpc":"2.0","method":"eth_subscription","params":{"subscription":"0xbed0a0851463e895960a451075a301a9","result":"0x7ce89361115245338ab8daaaada9b72d2467802fc1aad1b462c8eff7d89d3c26"}}
[2m2025-12-10T10:11:22.629474Z[0m [34mDEBUG[0m [2mhyper::proto::h1::io[0m[2m:[0m flushed 172 bytes
[2m2025-12-10T10:11:22.629486Z[0m [34mDEBUG[0m [2methereum_transaction_pool_monitor::eth_client[0m[2m:[0m 📨 Received pending transaction: 0x7ce89361115245338ab8daaaada9b72d2467802fc1aad1b462c8eff7d89d3c26
[2m2025-12-10T10:11:22.629506Z[0m [34mDEBUG[0m [2methereum_transaction_pool_monitor::mempool_monitor[0m[2m:[0m 📨 Processing new pending transaction: 0x7ce89361115245338ab8daaaada9b72d2467802fc1aad1b462c8eff7d89d3c26
[2m2025-12-10T10:11:22.629513Z[0m [34mDEBUG[0m [2methereum_transaction_pool_monitor::mempool_monitor[0m[2m:[0m 🔍 Fetching transaction details for: 0x7ce89361115245338ab8daaaada9b72d2467802fc1aad1b462c8eff7d89d3c26
[2m2025-12-10T10:11:22.629517Z[0m [34mDEBUG[0m [2methereum_transaction_pool_monitor::eth_client[0m[2m:[0m 🔍 Fetching transaction details for hash: 0x7ce89361115245338ab8daaaada9b72d2467802fc1aad1b462c8eff7d89d3c26
[2m2025-12-10T10:11:22.629527Z[0m [34mDEBUG[0m [2mhyper::client::pool[0m[2m:[0m reuse idle connection for ("http", 192.168.0.14:8545)
[2m2025-12-10T10:11:22.629543Z[0m [34mDEBUG[0m [2mhyper::proto::h1::io[0m[2m:[0m flushed 250 bytes
[2m2025-12-10T10:11:22.633545Z[0m [34mDEBUG[0m [2mhyper::proto::h1::io[0m[2m:[0m parsed 4 headers
[2m2025-12-10T10:11:22.633553Z[0m [34mDEBUG[0m [2mhyper::proto::h1::conn[0m[2m:[0m incoming body is content-length (45 bytes)
[2m2025-12-10T10:11:22.633561Z[0m [34mDEBUG[0m [2mhyper::proto::h1::conn[0m[2m:[0m incoming body completed
[2m2025-12-10T10:11:22.633569Z[0m [34mDEBUG[0m [2mhyper::client::pool[0m[2m:[0m pooling idle connection for ("http", 192.168.0.14:8545)
[2m2025-12-10T10:11:22.637094Z[0m [34mDEBUG[0m [2mhyper::proto::h1::io[0m[2m:[0m parsed 4 headers
[2m2025-12-10T10:11:22.637128Z[0m [34mDEBUG[0m [2mhyper::proto::h1::conn[0m[2m:[0m incoming body is content-length (777 bytes)
[2m2025-12-10T10:11:22.637135Z[0m [34mDEBUG[0m [2mhyper::proto::h1::conn[0m[2m:[0m incoming body completed
[2m2025-12-10T10:11:22.637142Z[0m [34mDEBUG[0m [2mhyper::client::pool[0m[2m:[0m pooling idle connection for ("http", 192.168.0.14:8545)
[2m2025-12-10T10:11:22.637149Z[0m [34mDEBUG[0m [2methereum_transaction_pool_monitor::eth_client[0m[2m:[0m 📡 Transaction fetch RPC completed in 7.62675ms
[2m2025-12-10T10:11:22.708341Z[0m [34mDEBUG[0m [2methereum_transaction_pool_monitor::eth_client[0m[2m:[0m ✅ Transaction 0x7ce89361115245338ab8daaaada9b72d2467802fc1aad1b462c8eff7d89d3c26 fetched and parsed in 78.8165ms
[2m2025-12-10T10:11:22.708367Z[0m [34mDEBUG[0m [2methereum_transaction_pool_monitor::mempool_monitor[0m[2m:[0m 🔍 Skipping tx 0x7ce89361115245338ab8daaaada9b72d2467802fc1aad1b462c8eff7d89d3c26 - not a DEX interaction (target: 0xf1f955016EcbCd7321c7266BccFB96c68ea5E49b)
[2m2025-12-10T10:11:22.708409Z[0m [34mDEBUG[0m [2mhyper::client::pool[0m[2m:[0m reuse idle connection for ("http", 192.168.0.14:8545)
[2m2025-12-10T10:11:22.708428Z[0m [34mDEBUG[0m [2methereum_transaction_pool_monitor::eth_client[0m[2m:[0m 📨 Received WebSocket message: {"jsonrpc":"2.0","method":"eth_subscription","params":{"subscription":"0xbed0a0851463e895960a451075a301a9","result":"0xd6d7a5c901042dc660b07c6f14b69b37f54c82a11bbada2401462d3328168e5a"}}
[2m2025-12-10T10:11:22.708433Z[0m [34mDEBUG[0m [2mhyper::proto::h1::io[0m[2m:[0m flushed 172 bytes
[2m2025-12-10T10:11:22.708445Z[0m [34mDEBUG[0m [2methereum_transaction_pool_monitor::eth_client[0m[2m:[0m 📨 Received pending transaction: 0xd6d7a5c901042dc660b07c6f14b69b37f54c82a11bbada2401462d3328168e5a
[2m2025-12-10T10:11:22.708454Z[0m [34mDEBUG[0m [2methereum_transaction_pool_monitor::mempool_monitor[0m[2m:[0m 📨 Processing new pending transaction: 0xd6d7a5c901042dc660b07c6f14b69b37f54c82a11bbada2401462d3328168e5a
[2m2025-12-10T10:11:22.708881Z[0m [34mDEBUG[0m [2methereum_transaction_pool_monitor::mempool_monitor[0m[2m:[0m 🔍 Fetching transaction details for: 0xd6d7a5c901042dc660b07c6f14b69b37f54c82a11bbada2401462d3328168e5a
[2m2025-12-10T10:11:22.708891Z[0m [34mDEBUG[0m [2methereum_transaction_pool_monitor::eth_client[0m[2m:[0m 🔍 Fetching transaction details for hash: 0xd6d7a5c901042dc660b07c6f14b69b37f54c82a11bbada2401462d3328168e5a
[2m2025-12-10T10:11:22.708903Z[0m [34mDEBUG[0m [2mhyper::client::pool[0m[2m:[0m reuse idle connection for ("http", 192.168.0.14:8545)
[2m2025-12-10T10:11:22.708925Z[0m [34mDEBUG[0m [2mhyper::proto::h1::io[0m[2m:[0m flushed 250 bytes
[2m2025-12-10T10:11:22.712466Z[0m [34mDEBUG[0m [2mhyper::proto::h1::io[0m[2m:[0m parsed 4 headers
[2m2025-12-10T10:11:22.712492Z[0m [34mDEBUG[0m [2mhyper::proto::h1::conn[0m[2m:[0m incoming body is content-length (45 bytes)
[2m2025-12-10T10:11:22.712520Z[0m [34mDEBUG[0m [2mhyper::proto::h1::conn[0m[2m:[0m incoming body completed
[2m2025-12-10T10:11:22.712544Z[0m [34mDEBUG[0m [2mhyper::client::pool[0m[2m:[0m pooling idle connection for ("http", 192.168.0.14:8545)
[2m2025-12-10T10:11:22.713175Z[0m [34mDEBUG[0m [2mhyper::proto::h1::io[0m[2m:[0m parsed 4 headers
[2m2025-12-10T10:11:22.713207Z[0m [34mDEBUG[0m [2mhyper::proto::h1::conn[0m[2m:[0m incoming body is content-length (770 bytes)
[2m2025-12-10T10:11:22.713229Z[0m [34mDEBUG[0m [2mhyper::proto::h1::conn[0m[2m:[0m incoming body completed
[2m2025-12-10T10:11:22.713236Z[0m [34mDEBUG[0m [2mhyper::client::pool[0m[2m:[0m pooling idle connection for ("http", 192.168.0.14:8545)
[2m2025-12-10T10:11:22.713242Z[0m [34mDEBUG[0m [2methereum_transaction_pool_monitor::eth_client[0m[2m:[0m 📡 Transaction fetch RPC completed in 4.346083ms
[2m2025-12-10T10:11:22.713265Z[0m [34mDEBUG[0m [2methereum_transaction_pool_monitor::eth_client[0m[2m:[0m DeFi transaction detected - Address: 0xdac17f958d2ee523a2206206994597c13d831ec7, Type: Stablecoin, Value: 0 ETH, Gas: 0.20 Gwei
[2m2025-12-10T10:11:22.713282Z[0m [34mDEBUG[0m [2methereum_transaction_pool_monitor::eth_client[0m[2m:[0m ✅ Transaction 0xd6d7a5c901042dc660b07c6f14b69b37f54c82a11bbada2401462d3328168e5a fetched and parsed in 4.385791ms
[2m2025-12-10T10:11:22.713289Z[0m [34mDEBUG[0m [2methereum_transaction_pool_monitor::mempool_monitor[0m[2m:[0m 🔍 Skipping tx 0xd6d7a5c901042dc660b07c6f14b69b37f54c82a11bbada2401462d3328168e5a - not a DEX interaction (target: 0xdAC17F958D2ee523a2206206994597C13D831ec7)
[2m2025-12-10T10:11:22.799360Z[0m [34mDEBUG[0m [2mhyper::client::pool[0m[2m:[0m reuse idle connection for ("http", 192.168.0.14:8545)
[2m2025-12-10T10:11:22.799413Z[0m [34mDEBUG[0m [2mhyper::proto::h1::io[0m[2m:[0m flushed 172 bytes
[2m2025-12-10T10:11:22.802423Z[0m [34mDEBUG[0m [2mhyper::proto::h1::io[0m[2m:[0m parsed 4 headers
[2m2025-12-10T10:11:22.802444Z[0m [34mDEBUG[0m [2mhyper::proto::h1::conn[0m[2m:[0m incoming body is content-length (45 bytes)
[2m2025-12-10T10:11:22.802464Z[0m [34mDEBUG[0m [2mhyper::proto::h1::conn[0m[2m:[0m incoming body completed
[2m2025-12-10T10:11:22.802474Z[0m [34mDEBUG[0m [2mhyper::client::pool[0m[2m:[0m pooling idle connection for ("http", 192.168.0.14:8545)
[2m2025-12-10T10:11:22.835353Z[0m [34mDEBUG[0m [2methereum_transaction_pool_monitor::eth_client[0m[2m:[0m 📨 Received WebSocket message: {"jsonrpc":"2.0","method":"eth_subscription","params":{"subscription":"0xbed0a0851463e895960a451075a301a9","result":"0xb0c6d61f4f4cb726cfdcb046858cbfcdacfc88d62ff941bc018b7b621ac00c17"}}
[2m2025-12-10T10:11:22.835369Z[0m [34mDEBUG[0m [2methereum_transaction_pool_monitor::eth_client[0m[2m:[0m 📨 Received pending transaction: 0xb0c6d61f4f4cb726cfdcb046858cbfcdacfc88d62ff941bc018b7b621ac00c17
[2m2025-12-10T10:11:22.835379Z[0m [34mDEBUG[0m [2methereum_transaction_pool_monitor::mempool_monitor[0m[2m:[0m 📨 Processing new pending transaction: 0xb0c6d61f4f4cb726cfdcb046858cbfcdacfc88d62ff941bc018b7b621ac00c17
[2m2025-12-10T10:11:22.835387Z[0m [34mDEBUG[0m [2methereum_transaction_pool_monitor::mempool_monitor[0m[2m:[0m 🔍 Fetching transaction details for: 0xb0c6d61f4f4cb726cfdcb046858cbfcdacfc88d62ff941bc018b7b621ac00c17
[2m2025-12-10T10:11:22.835395Z[0m [34mDEBUG[0m [2methereum_transaction_pool_monitor::eth_client[0m[2m:[0m 🔍 Fetching transaction details for hash: 0xb0c6d61f4f4cb726cfdcb046858cbfcdacfc88d62ff941bc018b7b621ac00c17
[2m2025-12-10T10:11:22.835409Z[0m [34mDEBUG[0m [2mhyper::client::pool[0m[2m:[0m reuse idle connection for ("http", 192.168.0.14:8545)
[2m2025-12-10T10:11:22.835430Z[0m [34mDEBUG[0m [2mhyper::proto::h1::io[0m[2m:[0m flushed 250 bytes
[2m2025-12-10T10:11:22.845775Z[0m [34mDEBUG[0m [2mhyper::proto::h1::io[0m[2m:[0m parsed 4 headers
[2m2025-12-10T10:11:22.845786Z[0m [34mDEBUG[0m [2mhyper::proto::h1::conn[0m[2m:[0m incoming body is content-length (770 bytes)
[2m2025-12-10T10:11:22.845795Z[0m [34mDEBUG[0m [2mhyper::proto::h1::conn[0m[2m:[0m incoming body completed
[2m2025-12-10T10:11:22.845805Z[0m [34mDEBUG[0m [2mhyper::client::pool[0m[2m:[0m pooling idle connection for ("http", 192.168.0.14:8545)
[2m2025-12-10T10:11:22.845815Z[0m [34mDEBUG[0m [2methereum_transaction_pool_monitor::eth_client[0m[2m:[0m 📡 Transaction fetch RPC completed in 10.412125ms
[2m2025-12-10T10:11:22.931663Z[0m [34mDEBUG[0m [2methereum_transaction_pool_monitor::eth_client[0m[2m:[0m ✅ Transaction 0xb0c6d61f4f4cb726cfdcb046858cbfcdacfc88d62ff941bc018b7b621ac00c17 fetched and parsed in 96.257542ms
[2m2025-12-10T10:11:22.931690Z[0m [34mDEBUG[0m [2methereum_transaction_pool_monitor::mempool_monitor[0m[2m:[0m 🔍 Skipping tx 0xb0c6d61f4f4cb726cfdcb046858cbfcdacfc88d62ff941bc018b7b621ac00c17 - not a DEX interaction (target: 0xB8f28C60dD8240141185a192fa4156A23E189305)
[2m2025-12-10T10:11:22.931726Z[0m [34mDEBUG[0m [2mhyper::client::pool[0m[2m:[0m reuse idle connection for ("http", 192.168.0.14:8545)
[2m2025-12-10T10:11:22.931736Z[0m [34mDEBUG[0m [2methereum_transaction_pool_monitor::eth_client[0m[2m:[0m 📨 Received WebSocket message: {"jsonrpc":"2.0","method":"eth_subscription","params":{"subscription":"0xbed0a0851463e895960a451075a301a9","result":"0xe15f935fce1a01604db2a9c17c8874b761a6479cfcf4ff0f9d6ea78325f39df1"}}
[2m2025-12-10T10:11:22.931749Z[0m [34mDEBUG[0m [2methereum_transaction_pool_monitor::eth_client[0m[2m:[0m 📨 Received pending transaction: 0xe15f935fce1a01604db2a9c17c8874b761a6479cfcf4ff0f9d6ea78325f39df1
[2m2025-12-10T10:11:22.931757Z[0m [34mDEBUG[0m [2methereum_transaction_pool_monitor::eth_client[0m[2m:[0m 📨 Received WebSocket message: {"jsonrpc":"2.0","method":"eth_subscription","params":{"subscription":"0xbed0a0851463e895960a451075a301a9","result":"0xa6db6b26d98bf063abf495e65344c966768a1c32aa4e44e1a9a647335410b196"}}
[2m2025-12-10T10:11:22.931764Z[0m [34mDEBUG[0m [2mhyper::proto::h1::io[0m[2m:[0m flushed 172 bytes
[2m2025-12-10T10:11:22.931772Z[0m [34mDEBUG[0m [2methereum_transaction_pool_monitor::eth_client[0m[2m:[0m 📨 Received pending transaction: 0xa6db6b26d98bf063abf495e65344c966768a1c32aa4e44e1a9a647335410b196
[2m2025-12-10T10:11:22.931790Z[0m [34mDEBUG[0m [2methereum_transaction_pool_monitor::mempool_monitor[0m[2m:[0m 📨 Processing new pending transaction: 0xe15f935fce1a01604db2a9c17c8874b761a6479cfcf4ff0f9d6ea78325f39df1
[2m2025-12-10T10:11:22.931798Z[0m [34mDEBUG[0m [2methereum_transaction_pool_monitor::mempool_monitor[0m[2m:[0m 🔍 Fetching transaction details for: 0xe15f935fce1a01604db2a9c17c8874b761a6479cfcf4ff0f9d6ea78325f39df1
[2m2025-12-10T10:11:22.931806Z[0m [34mDEBUG[0m [2methereum_transaction_pool_monitor::eth_client[0m[2m:[0m 🔍 Fetching transaction details for hash: 0xe15f935fce1a01604db2a9c17c8874b761a6479cfcf4ff0f9d6ea78325f39df1
[2m2025-12-10T10:11:22.931816Z[0m [34mDEBUG[0m [2mhyper::client::pool[0m[2m:[0m reuse idle connection for ("http", 192.168.0.14:8545)
[2m2025-12-10T10:11:22.931831Z[0m [34mDEBUG[0m [2mhyper::proto::h1::io[0m[2m:[0m flushed 250 bytes
[2m2025-12-10T10:11:22.934831Z[0m [34mDEBUG[0m [2mhyper::proto::h1::io[0m[2m:[0m parsed 4 headers
[2m2025-12-10T10:11:22.934859Z[0m [34mDEBUG[0m [2mhyper::proto::h1::conn[0m[2m:[0m incoming body is content-length (45 bytes)
[2m2025-12-10T10:11:22.934885Z[0m [34mDEBUG[0m [2mhyper::proto::h1::conn[0m[2m:[0m incoming body completed
[2m2025-12-10T10:11:22.934906Z[0m [34mDEBUG[0m [2mhyper::client::pool[0m[2m:[0m pooling idle connection for ("http", 192.168.0.14:8545)
[2m2025-12-10T10:11:22.936818Z[0m [34mDEBUG[0m [2mhyper::proto::h1::io[0m[2m:[0m parsed 4 headers
[2m2025-12-10T10:11:22.936840Z[0m [34mDEBUG[0m [2mhyper::proto::h1::conn[0m[2m:[0m incoming body is content-length (3973 bytes)
[2m2025-12-10T10:11:22.936872Z[0m [34mDEBUG[0m [2methereum_transaction_pool_monitor::eth_client[0m[2m:[0m 📡 Transaction fetch RPC completed in 5.059167ms
[2m2025-12-10T10:11:22.939584Z[0m [34mDEBUG[0m [2mhyper::proto::h1::conn[0m[2m:[0m incoming body completed
[2m2025-12-10T10:11:22.939621Z[0m [34mDEBUG[0m [2mhyper::client::pool[0m[2m:[0m pooling idle connection for ("http", 192.168.0.14:8545)
[2m2025-12-10T10:11:22.946105Z[0m [34mDEBUG[0m [2methereum_transaction_pool_monitor::eth_client[0m[2m:[0m 📨 Received WebSocket message: {"jsonrpc":"2.0","method":"eth_subscription","params":{"subscription":"0xbed0a0851463e895960a451075a301a9","result":"0xcaa07a9075444423ef705f456e0bb97ce76cde6419a38c6310f1ab01a917c71e"}}
[2m2025-12-10T10:11:22.946115Z[0m [34mDEBUG[0m [2methereum_transaction_pool_monitor::eth_client[0m[2m:[0m 📨 Received pending transaction: 0xcaa07a9075444423ef705f456e0bb97ce76cde6419a38c6310f1ab01a917c71e
[2m2025-12-10T10:11:22.997380Z[0m [34mDEBUG[0m [2mhyper::client::pool[0m[2m:[0m reuse idle connection for ("http", 192.168.0.14:8545)
[2m2025-12-10T10:11:22.997443Z[0m [34mDEBUG[0m [2mhyper::proto::h1::io[0m[2m:[0m flushed 172 bytes
[2m2025-12-10T10:11:23.000632Z[0m [34mDEBUG[0m [2mhyper::proto::h1::io[0m[2m:[0m parsed 4 headers
[2m2025-12-10T10:11:23.000640Z[0m [34mDEBUG[0m [2mhyper::proto::h1::conn[0m[2m:[0m incoming body is content-length (45 bytes)
[2m2025-12-10T10:11:23.000648Z[0m [34mDEBUG[0m [2mhyper::proto::h1::conn[0m[2m:[0m incoming body completed
[2m2025-12-10T10:11:23.000656Z[0m [34mDEBUG[0m [2mhyper::client::pool[0m[2m:[0m pooling idle connection for ("http", 192.168.0.14:8545)
[2m2025-12-10T10:11:23.011404Z[0m [34mDEBUG[0m [2methereum_transaction_pool_monitor::eth_client[0m[2m:[0m ✅ Transaction 0xe15f935fce1a01604db2a9c17c8874b761a6479cfcf4ff0f9d6ea78325f39df1 fetched and parsed in 79.5905ms
[2m2025-12-10T10:11:23.011420Z[0m [34mDEBUG[0m [2methereum_transaction_pool_monitor::mempool_monitor[0m[2m:[0m 🔍 Skipping tx 0xe15f935fce1a01604db2a9c17c8874b761a6479cfcf4ff0f9d6ea78325f39df1 - not a DEX interaction (target: 0x2DBbD12Bf0f6A23Cf4455cC6BE874b7a246288Ce)
[2m2025-12-10T10:11:23.011431Z[0m [34mDEBUG[0m [2methereum_transaction_pool_monitor::mempool_monitor[0m[2m:[0m 📨 Processing new pending transaction: 0xa6db6b26d98bf063abf495e65344c966768a1c32aa4e44e1a9a647335410b196
[2m2025-12-10T10:11:23.011437Z[0m [34mDEBUG[0m [2methereum_transaction_pool_monitor::mempool_monitor[0m[2m:[0m 🔍 Fetching transaction details for: 0xa6db6b26d98bf063abf495e65344c966768a1c32aa4e44e1a9a647335410b196
[2m2025-12-10T10:11:23.011442Z[0m [34mDEBUG[0m [2methereum_transaction_pool_monitor::eth_client[0m[2m:[0m 🔍 Fetching transaction details for hash: 0xa6db6b26d98bf063abf495e65344c966768a1c32aa4e44e1a9a647335410b196
[2m2025-12-10T10:11:23.011459Z[0m [34mDEBUG[0m [2mhyper::client::pool[0m[2m:[0m reuse idle connection for ("http", 192.168.0.14:8545)
[2m2025-12-10T10:11:23.011493Z[0m [34mDEBUG[0m [2mhyper::proto::h1::io[0m[2m:[0m flushed 250 bytes
[2m2025-12-10T10:11:23.015673Z[0m [34mDEBUG[0m [2mhyper::proto::h1::io[0m[2m:[0m parsed 4 headers
[2m2025-12-10T10:11:23.015679Z[0m [34mDEBUG[0m [2mhyper::proto::h1::conn[0m[2m:[0m incoming body is content-length (1731 bytes)
[2m2025-12-10T10:11:23.015697Z[0m [34mDEBUG[0m [2methereum_transaction_pool_monitor::eth_client[0m[2m:[0m 📡 Transaction fetch RPC completed in 4.249375ms
[2m2025-12-10T10:11:23.016941Z[0m [34mDEBUG[0m [2mhyper::proto::h1::conn[0m[2m:[0m incoming body completed
[2m2025-12-10T10:11:23.016976Z[0m [34mDEBUG[0m [2mhyper::client::pool[0m[2m:[0m pooling idle connection for ("http", 192.168.0.14:8545)
[2m2025-12-10T10:11:23.088468Z[0m [34mDEBUG[0m [2methereum_transaction_pool_monitor::eth_client[0m[2m:[0m ✅ Transaction 0xa6db6b26d98bf063abf495e65344c966768a1c32aa4e44e1a9a647335410b196 fetched and parsed in 77.0175ms
[2m2025-12-10T10:11:23.088497Z[0m [34mDEBUG[0m [2methereum_transaction_pool_monitor::mempool_monitor[0m[2m:[0m 🔍 Skipping tx 0xa6db6b26d98bf063abf495e65344c966768a1c32aa4e44e1a9a647335410b196 - not a DEX interaction (target: 0x601a2aD6CB5949f0529735254189Ba3194221EDF)
[2m2025-12-10T10:11:23.088509Z[0m [34mDEBUG[0m [2methereum_transaction_pool_monitor::mempool_monitor[0m[2m:[0m 📨 Processing new pending transaction: 0xcaa07a9075444423ef705f456e0bb97ce76cde6419a38c6310f1ab01a917c71e
[2m2025-12-10T10:11:23.088523Z[0m [34mDEBUG[0m [2methereum_transaction_pool_monitor::mempool_monitor[0m[2m:[0m 🔍 Fetching transaction details for: 0xcaa07a9075444423ef705f456e0bb97ce76cde6419a38c6310f1ab01a917c71e
[2m2025-12-10T10:11:23.088530Z[0m [34mDEBUG[0m [2methereum_transaction_pool_monitor::eth_client[0m[2m:[0m 🔍 Fetching transaction details for hash: 0xcaa07a9075444423ef705f456e0bb97ce76cde6419a38c6310f1ab01a917c71e
[2m2025-12-10T10:11:23.088550Z[0m [34mDEBUG[0m [2mhyper::client::pool[0m[2m:[0m reuse idle connection for ("http", 192.168.0.14:8545)
[2m2025-12-10T10:11:23.088588Z[0m [34mDEBUG[0m [2mhyper::proto::h1::io[0m[2m:[0m flushed 250 bytes
[2m2025-12-10T10:11:23.093366Z[0m [34mDEBUG[0m [2mhyper::proto::h1::io[0m[2m:[0m parsed 4 headers
[2m2025-12-10T10:11:23.093401Z[0m [34mDEBUG[0m [2mhyper::proto::h1::conn[0m[2m:[0m incoming body is content-length (763 bytes)
[2m2025-12-10T10:11:23.093419Z[0m [34mDEBUG[0m [2mhyper::proto::h1::conn[0m[2m:[0m incoming body completed
[2m2025-12-10T10:11:23.093444Z[0m [34mDEBUG[0m [2mhyper::client::pool[0m[2m:[0m pooling idle connection for ("http", 192.168.0.14:8545)
[2m2025-12-10T10:11:23.093451Z[0m [34mDEBUG[0m [2methereum_transaction_pool_monitor::eth_client[0m[2m:[0m 📡 Transaction fetch RPC completed in 4.914292ms
[2m2025-12-10T10:11:23.164625Z[0m [34mDEBUG[0m [2methereum_transaction_pool_monitor::eth_client[0m[2m:[0m ✅ Transaction 0xcaa07a9075444423ef705f456e0bb97ce76cde6419a38c6310f1ab01a917c71e fetched and parsed in 76.085292ms
[2m2025-12-10T10:11:23.164649Z[0m [34mDEBUG[0m [2methereum_transaction_pool_monitor::mempool_monitor[0m[2m:[0m 🔍 Skipping tx 0xcaa07a9075444423ef705f456e0bb97ce76cde6419a38c6310f1ab01a917c71e - not a DEX interaction (target: 0xd50370bEE8bFf23Bbb30ca558a1d0207DBc96ef2)
[2m2025-12-10T10:11:23.164709Z[0m [34mDEBUG[0m [2mhyper::client::pool[0m[2m:[0m reuse idle connection for ("http", 192.168.0.14:8545)
[2m2025-12-10T10:11:23.164753Z[0m [34mDEBUG[0m [2mhyper::proto::h1::io[0m[2m:[0m flushed 172 bytes
[2m2025-12-10T10:11:23.168771Z[0m [34mDEBUG[0m [2mhyper::proto::h1::io[0m[2m:[0m parsed 4 headers
[2m2025-12-10T10:11:23.168799Z[0m [34mDEBUG[0m [2mhyper::proto::h1::conn[0m[2m:[0m incoming body is content-length (45 bytes)
[2m2025-12-10T10:11:23.168824Z[0m [34mDEBUG[0m [2mhyper::proto::h1::conn[0m[2m:[0m incoming body completed
[2m2025-12-10T10:11:23.168832Z[0m [34mDEBUG[0m [2mhyper::client::pool[0m[2m:[0m pooling idle connection for ("http", 192.168.0.14:8545)
[2m2025-12-10T10:11:23.199721Z[0m [34mDEBUG[0m [2mhyper::client::pool[0m[2m:[0m reuse idle connection for ("http", 192.168.0.14:8545)
[2m2025-12-10T10:11:23.199745Z[0m [34mDEBUG[0m [2mhyper::proto::h1::io[0m[2m:[0m flushed 172 bytes
[2m2025-12-10T10:11:23.204029Z[0m [34mDEBUG[0m [2mhyper::proto::h1::io[0m[2m:[0m parsed 4 headers
[2m2025-12-10T10:11:23.204051Z[0m [34mDEBUG[0m [2mhyper::proto::h1::conn[0m[2m:[0m incoming body is content-length (45 bytes)
[2m2025-12-10T10:11:23.204076Z[0m [34mDEBUG[0m [2mhyper::proto::h1::conn[0m[2m:[0m incoming body completed
[2m2025-12-10T10:11:23.204088Z[0m [34mDEBUG[0m [2mhyper::client::pool[0m[2m:[0m pooling idle connection for ("http", 192.168.0.14:8545)
[2m2025-12-10T10:11:23.299450Z[0m [34mDEBUG[0m [2mhyper::client::pool[0m[2m:[0m reuse idle connection for ("http", 192.168.0.14:8545)
[2m2025-12-10T10:11:23.299506Z[0m [34mDEBUG[0m [2mhyper::proto::h1::io[0m[2m:[0m flushed 172 bytes
[2m2025-12-10T10:11:23.305295Z[0m [34mDEBUG[0m [2methereum_transaction_pool_monitor::eth_client[0m[2m:[0m 📨 Received WebSocket message: {"jsonrpc":"2.0","method":"eth_subscription","params":{"subscription":"0xbed0a0851463e895960a451075a301a9","result":"0xfdacb5e72bf888512453e80fd35012c46c91b086346d842b4d088cdb31672487"}}
[2m2025-12-10T10:11:23.305315Z[0m [34mDEBUG[0m [2methereum_transaction_pool_monitor::eth_client[0m[2m:[0m 📨 Received pending transaction: 0xfdacb5e72bf888512453e80fd35012c46c91b086346d842b4d088cdb31672487
[2m2025-12-10T10:11:23.305327Z[0m [34mDEBUG[0m [2methereum_transaction_pool_monitor::mempool_monitor[0m[2m:[0m 📨 Processing new pending transaction: 0xfdacb5e72bf888512453e80fd35012c46c91b086346d842b4d088cdb31672487
[2m2025-12-10T10:11:23.305335Z[0m [34mDEBUG[0m [2methereum_transaction_pool_monitor::mempool_monitor[0m[2m:[0m 🔍 Fetching transaction details for: 0xfdacb5e72bf888512453e80fd35012c46c91b086346d842b4d088cdb31672487
[2m2025-12-10T10:11:23.305343Z[0m [34mDEBUG[0m [2methereum_transaction_pool_monitor::eth_client[0m[2m:[0m 🔍 Fetching transaction details for hash: 0xfdacb5e72bf888512453e80fd35012c46c91b086346d842b4d088cdb31672487
[2m2025-12-10T10:11:23.305358Z[0m [34mDEBUG[0m [2mhyper::client::pool[0m[2m:[0m reuse idle connection for ("http", 192.168.0.14:8545)
[2m2025-12-10T10:11:23.305378Z[0m [34mDEBUG[0m [2mhyper::proto::h1::io[0m[2m:[0m flushed 250 bytes
[2m2025-12-10T10:11:23.307149Z[0m [34mDEBUG[0m [2methereum_transaction_pool_monitor::eth_client[0m[2m:[0m 📨 Received WebSocket message: {"jsonrpc":"2.0","method":"eth_subscription","params":{"subscription":"0xbed0a0851463e895960a451075a301a9","result":"0xcb20c662c75658b1cb22d93807d651c485204d60f1cef6cc7fbaa68fe2525a86"}}
[2m2025-12-10T10:11:23.307165Z[0m [34mDEBUG[0m [2methereum_transaction_pool_monitor::eth_client[0m[2m:[0m 📨 Received pending transaction: 0xcb20c662c75658b1cb22d93807d651c485204d60f1cef6cc7fbaa68fe2525a86
[2m2025-12-10T10:11:23.307178Z[0m [34mDEBUG[0m [2methereum_transaction_pool_monitor::eth_client[0m[2m:[0m 📨 Received WebSocket message: {"jsonrpc":"2.0","method":"eth_subscription","params":{"subscription":"0xbed0a0851463e895960a451075a301a9","result":"0x831a25e8467d8dad9609cd8f82d3bf78bfd73e5c9cc9842af6ff0ee3b4ac8efe"}}
[2m2025-12-10T10:11:23.307193Z[0m [34mDEBUG[0m [2methereum_transaction_pool_monitor::eth_client[0m[2m:[0m 📨 Received pending transaction: 0x831a25e8467d8dad9609cd8f82d3bf78bfd73e5c9cc9842af6ff0ee3b4ac8efe
[2m2025-12-10T10:11:23.307205Z[0m [34mDEBUG[0m [2methereum_transaction_pool_monitor::eth_client[0m[2m:[0m 📨 Received WebSocket message: {"jsonrpc":"2.0","method":"eth_subscription","params":{"subscription":"0xbed0a0851463e895960a451075a301a9","result":"0x78d3d53d1e5fa14e365735a33d4444d13edf7d8328a40c5444cca6ecbe948485"}}
[2m2025-12-10T10:11:23.307218Z[0m [34mDEBUG[0m [2methereum_transaction_pool_monitor::eth_client[0m[2m:[0m 📨 Received pending transaction: 0x78d3d53d1e5fa14e365735a33d4444d13edf7d8328a40c5444cca6ecbe948485
[2m2025-12-10T10:11:23.307233Z[0m [34mDEBUG[0m [2mhyper::proto::h1::io[0m[2m:[0m parsed 4 headers
[2m2025-12-10T10:11:23.307241Z[0m [34mDEBUG[0m [2mhyper::proto::h1::conn[0m[2m:[0m incoming body is content-length (45 bytes)
[2m2025-12-10T10:11:23.307261Z[0m [34mDEBUG[0m [2mhyper::proto::h1::conn[0m[2m:[0m incoming body completed
[2m2025-12-10T10:11:23.307272Z[0m [34mDEBUG[0m [2mhyper::client::pool[0m[2m:[0m pooling idle connection for ("http", 192.168.0.14:8545)
[2m2025-12-10T10:11:23.309728Z[0m [34mDEBUG[0m [2mhyper::proto::h1::io[0m[2m:[0m parsed 4 headers
[2m2025-12-10T10:11:23.309737Z[0m [34mDEBUG[0m [2mhyper::proto::h1::conn[0m[2m:[0m incoming body is content-length (1042 bytes)
[2m2025-12-10T10:11:23.309746Z[0m [34mDEBUG[0m [2mhyper::proto::h1::conn[0m[2m:[0m incoming body completed
[2m2025-12-10T10:11:23.309756Z[0m [34mDEBUG[0m [2mhyper::client::pool[0m[2m:[0m pooling idle connection for ("http", 192.168.0.14:8545)
[2m2025-12-10T10:11:23.309764Z[0m [34mDEBUG[0m [2methereum_transaction_pool_monitor::eth_client[0m[2m:[0m 📡 Transaction fetch RPC completed in 4.413209ms
[2m2025-12-10T10:11:23.390405Z[0m [34mDEBUG[0m [2methereum_transaction_pool_monitor::eth_client[0m[2m:[0m ✅ Transaction 0xfdacb5e72bf888512453e80fd35012c46c91b086346d842b4d088cdb31672487 fetched and parsed in 85.05225ms
[2m2025-12-10T10:11:23.390432Z[0m [34mDEBUG[0m [2methereum_transaction_pool_monitor::mempool_monitor[0m[2m:[0m 🔍 Skipping tx 0xfdacb5e72bf888512453e80fd35012c46c91b086346d842b4d088cdb31672487 - not a DEX interaction (target: 0xFF00000000000000000000000000000000000010)
[2m2025-12-10T10:11:23.390442Z[0m [34mDEBUG[0m [2methereum_transaction_pool_monitor::mempool_monitor[0m[2m:[0m 📨 Processing new pending transaction: 0xcb20c662c75658b1cb22d93807d651c485204d60f1cef6cc7fbaa68fe2525a86
[2m2025-12-10T10:11:23.390449Z[0m [34mDEBUG[0m [2methereum_transaction_pool_monitor::mempool_monitor[0m[2m:[0m 🔍 Fetching transaction details for: 0xcb20c662c75658b1cb22d93807d651c485204d60f1cef6cc7fbaa68fe2525a86
[2m2025-12-10T10:11:23.390456Z[0m [34mDEBUG[0m [2methereum_transaction_pool_monitor::eth_client[0m[2m:[0m 🔍 Fetching transaction details for hash: 0xcb20c662c75658b1cb22d93807d651c485204d60f1cef6cc7fbaa68fe2525a86
[2m2025-12-10T10:11:23.390473Z[0m [34mDEBUG[0m [2mhyper::client::pool[0m[2m:[0m reuse idle connection for ("http", 192.168.0.14:8545)
[2m2025-12-10T10:11:23.390513Z[0m [34mDEBUG[0m [2mhyper::proto::h1::io[0m[2m:[0m flushed 250 bytes
[2m2025-12-10T10:11:23.390532Z[0m [34mDEBUG[0m [2methereum_transaction_pool_monitor::eth_client[0m[2m:[0m 📨 Received WebSocket message: {"jsonrpc":"2.0","method":"eth_subscription","params":{"subscription":"0xbed0a0851463e895960a451075a301a9","result":"0x26af540ffc39a3a72e2dc71139d3be98c46d0edae1e4eaf073a77a9c95974d1b"}}
[2m2025-12-10T10:11:23.390541Z[0m [34mDEBUG[0m [2methereum_transaction_pool_monitor::eth_client[0m[2m:[0m 📨 Received pending transaction: 0x26af540ffc39a3a72e2dc71139d3be98c46d0edae1e4eaf073a77a9c95974d1b
[2m2025-12-10T10:11:23.395799Z[0m [34mDEBUG[0m [2mhyper::proto::h1::io[0m[2m:[0m parsed 4 headers
[2m2025-12-10T10:11:23.395807Z[0m [34mDEBUG[0m [2mhyper::proto::h1::conn[0m[2m:[0m incoming body is content-length (770 bytes)
[2m2025-12-10T10:11:23.395821Z[0m [34mDEBUG[0m [2mhyper::proto::h1::conn[0m[2m:[0m incoming body completed
[2m2025-12-10T10:11:23.395839Z[0m [34mDEBUG[0m [2mhyper::client::pool[0m[2m:[0m pooling idle connection for ("http", 192.168.0.14:8545)
[2m2025-12-10T10:11:23.395855Z[0m [34mDEBUG[0m [2methereum_transaction_pool_monitor::eth_client[0m[2m:[0m 📡 Transaction fetch RPC completed in 5.394666ms
[2m2025-12-10T10:11:23.395873Z[0m [34mDEBUG[0m [2methereum_transaction_pool_monitor::eth_client[0m[2m:[0m DeFi transaction detected - Address: 0xdac17f958d2ee523a2206206994597c13d831ec7, Type: Stablecoin, Value: 0 ETH, Gas: 2.17 Gwei
[2m2025-12-10T10:11:23.395890Z[0m [34mDEBUG[0m [2methereum_transaction_pool_monitor::eth_client[0m[2m:[0m ✅ Transaction 0xcb20c662c75658b1cb22d93807d651c485204d60f1cef6cc7fbaa68fe2525a86 fetched and parsed in 5.429291ms
[2m2025-12-10T10:11:23.395897Z[0m [34mDEBUG[0m [2methereum_transaction_pool_monitor::mempool_monitor[0m[2m:[0m 🔍 Skipping tx 0xcb20c662c75658b1cb22d93807d651c485204d60f1cef6cc7fbaa68fe2525a86 - not a DEX interaction (target: 0xdAC17F958D2ee523a2206206994597C13D831ec7)
[2m2025-12-10T10:11:23.395902Z[0m [34mDEBUG[0m [2methereum_transaction_pool_monitor::mempool_monitor[0m[2m:[0m 📨 Processing new pending transaction: 0x831a25e8467d8dad9609cd8f82d3bf78bfd73e5c9cc9842af6ff0ee3b4ac8efe
[2m2025-12-10T10:11:23.395906Z[0m [34mDEBUG[0m [2methereum_transaction_pool_monitor::mempool_monitor[0m[2m:[0m 🔍 Fetching transaction details for: 0x831a25e8467d8dad9609cd8f82d3bf78bfd73e5c9cc9842af6ff0ee3b4ac8efe
[2m2025-12-10T10:11:23.395910Z[0m [34mDEBUG[0m [2methereum_transaction_pool_monitor::eth_client[0m[2m:[0m 🔍 Fetching transaction details for hash: 0x831a25e8467d8dad9609cd8f82d3bf78bfd73e5c9cc9842af6ff0ee3b4ac8efe
[2m2025-12-10T10:11:23.395920Z[0m [34mDEBUG[0m [2mhyper::client::pool[0m[2m:[0m reuse idle connection for ("http", 192.168.0.14:8545)
[2m2025-12-10T10:11:23.395932Z[0m [34mDEBUG[0m [2mhyper::proto::h1::io[0m[2m:[0m flushed 250 bytes
[2m2025-12-10T10:11:23.397216Z[0m [34mDEBUG[0m [2mhyper::client::pool[0m[2m:[0m reuse idle connection for ("http", 192.168.0.14:8545)
[2m2025-12-10T10:11:23.397271Z[0m [34mDEBUG[0m [2mhyper::proto::h1::io[0m[2m:[0m flushed 172 bytes
[2m2025-12-10T10:11:23.403522Z[0m [34mDEBUG[0m [2mhyper::proto::h1::io[0m[2m:[0m parsed 4 headers
[2m2025-12-10T10:11:23.403527Z[0m [34mDEBUG[0m [2mhyper::proto::h1::conn[0m[2m:[0m incoming body is content-length (651 bytes)
[2m2025-12-10T10:11:23.403532Z[0m [34mDEBUG[0m [2mhyper::proto::h1::conn[0m[2m:[0m incoming body completed
[2m2025-12-10T10:11:23.403537Z[0m [34mDEBUG[0m [2mhyper::client::pool[0m[2m:[0m pooling idle connection for ("http", 192.168.0.14:8545)
[2m2025-12-10T10:11:23.403542Z[0m [34mDEBUG[0m [2methereum_transaction_pool_monitor::eth_client[0m[2m:[0m 📡 Transaction fetch RPC completed in 7.628292ms
[2m2025-12-10T10:11:23.473630Z[0m [34mDEBUG[0m [2methereum_transaction_pool_monitor::eth_client[0m[2m:[0m ✅ Transaction 0x831a25e8467d8dad9609cd8f82d3bf78bfd73e5c9cc9842af6ff0ee3b4ac8efe fetched and parsed in 77.7125ms
[2m2025-12-10T10:11:23.473656Z[0m [34mDEBUG[0m [2methereum_transaction_pool_monitor::mempool_monitor[0m[2m:[0m 🔍 Skipping tx 0x831a25e8467d8dad9609cd8f82d3bf78bfd73e5c9cc9842af6ff0ee3b4ac8efe - not a DEX interaction (target: 0x8BF320bc0eb698eD672b9712876ad38F23867519)
[2m2025-12-10T10:11:23.473669Z[0m [34mDEBUG[0m [2methereum_transaction_pool_monitor::mempool_monitor[0m[2m:[0m 📨 Processing new pending transaction: 0x78d3d53d1e5fa14e365735a33d4444d13edf7d8328a40c5444cca6ecbe948485
[2m2025-12-10T10:11:23.473677Z[0m [34mDEBUG[0m [2methereum_transaction_pool_monitor::mempool_monitor[0m[2m:[0m 🔍 Fetching transaction details for: 0x78d3d53d1e5fa14e365735a33d4444d13edf7d8328a40c5444cca6ecbe948485
[2m2025-12-10T10:11:23.473681Z[0m [34mDEBUG[0m [2methereum_transaction_pool_monitor::eth_client[0m[2m:[0m 🔍 Fetching transaction details for hash: 0x78d3d53d1e5fa14e365735a33d4444d13edf7d8328a40c5444cca6ecbe948485
[2m2025-12-10T10:11:23.473700Z[0m [34mDEBUG[0m [2mhyper::client::pool[0m[2m:[0m reuse idle connection for ("http", 192.168.0.14:8545)
[2m2025-12-10T10:11:23.473734Z[0m [34mDEBUG[0m [2mhyper::proto::h1::io[0m[2m:[0m flushed 250 bytes
[2m2025-12-10T10:11:23.473750Z[0m [34mDEBUG[0m [2mhyper::proto::h1::io[0m[2m:[0m parsed 4 headers
[2m2025-12-10T10:11:23.473754Z[0m [34mDEBUG[0m [2mhyper::proto::h1::conn[0m[2m:[0m incoming body is content-length (45 bytes)
[2m2025-12-10T10:11:23.473761Z[0m [34mDEBUG[0m [2mhyper::proto::h1::conn[0m[2m:[0m incoming body completed
[2m2025-12-10T10:11:23.473769Z[0m [34mDEBUG[0m [2mhyper::client::pool[0m[2m:[0m pooling idle connection for ("http", 192.168.0.14:8545)
[2m2025-12-10T10:11:23.480826Z[0m [34mDEBUG[0m [2mhyper::proto::h1::io[0m[2m:[0m parsed 4 headers
[2m2025-12-10T10:11:23.483554Z[0m [34mDEBUG[0m [2mhyper::proto::h1::conn[0m[2m:[0m incoming body is content-length (779 bytes)
[2m2025-12-10T10:11:23.483564Z[0m [34mDEBUG[0m [2mhyper::proto::h1::conn[0m[2m:[0m incoming body completed
[2m2025-12-10T10:11:23.483581Z[0m [34mDEBUG[0m [2mhyper::client::pool[0m[2m:[0m pooling idle connection for ("http", 192.168.0.14:8545)
[2m2025-12-10T10:11:23.483593Z[0m [34mDEBUG[0m [2methereum_transaction_pool_monitor::eth_client[0m[2m:[0m 📡 Transaction fetch RPC completed in 9.907292ms
[2m2025-12-10T10:11:23.483612Z[0m [34mDEBUG[0m [2methereum_transaction_pool_monitor::eth_client[0m[2m:[0m DeFi transaction detected - Address: 0xdac17f958d2ee523a2206206994597c13d831ec7, Type: Stablecoin, Value: 0 ETH, Gas: 200.00 Gwei
[2m2025-12-10T10:11:23.483628Z[0m [34mDEBUG[0m [2methereum_transaction_pool_monitor::eth_client[0m[2m:[0m ✅ Transaction 0x78d3d53d1e5fa14e365735a33d4444d13edf7d8328a40c5444cca6ecbe948485 fetched and parsed in 9.942625ms
[2m2025-12-10T10:11:23.483637Z[0m [34mDEBUG[0m [2methereum_transaction_pool_monitor::mempool_monitor[0m[2m:[0m 🔍 Skipping tx 0x78d3d53d1e5fa14e365735a33d4444d13edf7d8328a40c5444cca6ecbe948485 - not a DEX interaction (target: 0xdAC17F958D2ee523a2206206994597C13D831ec7)
[2m2025-12-10T10:11:23.483648Z[0m [34mDEBUG[0m [2methereum_transaction_pool_monitor::mempool_monitor[0m[2m:[0m 📨 Processing new pending transaction: 0x26af540ffc39a3a72e2dc71139d3be98c46d0edae1e4eaf073a77a9c95974d1b
[2m2025-12-10T10:11:23.483654Z[0m [34mDEBUG[0m [2methereum_transaction_pool_monitor::mempool_monitor[0m[2m:[0m 🔍 Fetching transaction details for: 0x26af540ffc39a3a72e2dc71139d3be98c46d0edae1e4eaf073a77a9c95974d1b
[2m2025-12-10T10:11:23.483660Z[0m [34mDEBUG[0m [2methereum_transaction_pool_monitor::eth_client[0m[2m:[0m 🔍 Fetching transaction details for hash: 0x26af540ffc39a3a72e2dc71139d3be98c46d0edae1e4eaf073a77a9c95974d1b
[2m2025-12-10T10:11:23.483674Z[0m [34mDEBUG[0m [2mhyper::client::pool[0m[2m:[0m reuse idle connection for ("http", 192.168.0.14:8545)
[2m2025-12-10T10:11:23.483703Z[0m [34mDEBUG[0m [2mhyper::proto::h1::io[0m[2m:[0m flushed 250 bytes
[2m2025-12-10T10:11:23.486803Z[0m [34mDEBUG[0m [2mhyper::proto::h1::io[0m[2m:[0m parsed 4 headers
[2m2025-12-10T10:11:23.486810Z[0m [34mDEBUG[0m [2mhyper::proto::h1::conn[0m[2m:[0m incoming body is content-length (778 bytes)
[2m2025-12-10T10:11:23.486816Z[0m [34mDEBUG[0m [2mhyper::proto::h1::conn[0m[2m:[0m incoming body completed
[2m2025-12-10T10:11:23.486823Z[0m [34mDEBUG[0m [2mhyper::client::pool[0m[2m:[0m pooling idle connection for ("http", 192.168.0.14:8545)
[2m2025-12-10T10:11:23.486828Z[0m [34mDEBUG[0m [2methereum_transaction_pool_monitor::eth_client[0m[2m:[0m 📡 Transaction fetch RPC completed in 3.163291ms
[2m2025-12-10T10:11:23.555877Z[0m [34mDEBUG[0m [2methereum_transaction_pool_monitor::eth_client[0m[2m:[0m ✅ Transaction 0x26af540ffc39a3a72e2dc71139d3be98c46d0edae1e4eaf073a77a9c95974d1b fetched and parsed in 72.2095ms
[2m2025-12-10T10:11:23.555905Z[0m [34mDEBUG[0m [2methereum_transaction_pool_monitor::mempool_monitor[0m[2m:[0m 🔍 Skipping tx 0x26af540ffc39a3a72e2dc71139d3be98c46d0edae1e4eaf073a77a9c95974d1b - not a DEX interaction (target: 0xd1d2Eb1B1e90B638588728b4130137D262C87cae)
[2m2025-12-10T10:11:23.555950Z[0m [34mDEBUG[0m [2mhyper::client::pool[0m[2m:[0m reuse idle connection for ("http", 192.168.0.14:8545)
[2m2025-12-10T10:11:23.555986Z[0m [34mDEBUG[0m [2mhyper::proto::h1::io[0m[2m:[0m flushed 172 bytes
[2m2025-12-10T10:11:23.556022Z[0m [34mDEBUG[0m [2methereum_transaction_pool_monitor::eth_client[0m[2m:[0m 📨 Received WebSocket message: {"jsonrpc":"2.0","method":"eth_subscription","params":{"subscription":"0xbed0a0851463e895960a451075a301a9","result":"0x02dee85018cbd54acceb45a393a4896763c2340ce3ddfc4eb27870b83f54f763"}}
[2m2025-12-10T10:11:23.556112Z[0m [34mDEBUG[0m [2methereum_transaction_pool_monitor::eth_client[0m[2m:[0m 📨 Received pending transaction: 0x02dee85018cbd54acceb45a393a4896763c2340ce3ddfc4eb27870b83f54f763
[2m2025-12-10T10:11:23.556124Z[0m [34mDEBUG[0m [2methereum_transaction_pool_monitor::mempool_monitor[0m[2m:[0m 📨 Processing new pending transaction: 0x02dee85018cbd54acceb45a393a4896763c2340ce3ddfc4eb27870b83f54f763
[2m2025-12-10T10:11:23.556131Z[0m [34mDEBUG[0m [2methereum_transaction_pool_monitor::mempool_monitor[0m[2m:[0m 🔍 Fetching transaction details for: 0x02dee85018cbd54acceb45a393a4896763c2340ce3ddfc4eb27870b83f54f763
[2m2025-12-10T10:11:23.556136Z[0m [34mDEBUG[0m [2methereum_transaction_pool_monitor::eth_client[0m[2m:[0m 🔍 Fetching transaction details for hash: 0x02dee85018cbd54acceb45a393a4896763c2340ce3ddfc4eb27870b83f54f763
[2m2025-12-10T10:11:23.556150Z[0m [34mDEBUG[0m [2mhyper::client::pool[0m[2m:[0m reuse idle connection for ("http", 192.168.0.14:8545)
[2m2025-12-10T10:11:23.556163Z[0m [34mDEBUG[0m [2mhyper::proto::h1::io[0m[2m:[0m flushed 250 bytes
[2m2025-12-10T10:11:23.564508Z[0m [34mDEBUG[0m [2mhyper::proto::h1::io[0m[2m:[0m parsed 4 headers
[2m2025-12-10T10:11:23.564519Z[0m [34mDEBUG[0m [2mhyper::proto::h1::conn[0m[2m:[0m incoming body is content-length (45 bytes)
[2m2025-12-10T10:11:23.564527Z[0m [34mDEBUG[0m [2mhyper::proto::h1::conn[0m[2m:[0m incoming body completed
[2m2025-12-10T10:11:23.564537Z[0m [34mDEBUG[0m [2mhyper::client::pool[0m[2m:[0m pooling idle connection for ("http", 192.168.0.14:8545)
[2m2025-12-10T10:11:23.564556Z[0m [34mDEBUG[0m [2mhyper::proto::h1::io[0m[2m:[0m parsed 4 headers
[2m2025-12-10T10:11:23.564560Z[0m [34mDEBUG[0m [2mhyper::proto::h1::conn[0m[2m:[0m incoming body is content-length (552 bytes)
[2m2025-12-10T10:11:23.564565Z[0m [34mDEBUG[0m [2mhyper::proto::h1::conn[0m[2m:[0m incoming body completed
[2m2025-12-10T10:11:23.564570Z[0m [34mDEBUG[0m [2mhyper::client::pool[0m[2m:[0m pooling idle connection for ("http", 192.168.0.14:8545)
[2m2025-12-10T10:11:23.564575Z[0m [34mDEBUG[0m [2methereum_transaction_pool_monitor::eth_client[0m[2m:[0m 📡 Transaction fetch RPC completed in 8.43125ms
[2m2025-12-10T10:11:23.636137Z[0m [34mDEBUG[0m [2methereum_transaction_pool_monitor::eth_client[0m[2m:[0m ✅ Transaction 0x02dee85018cbd54acceb45a393a4896763c2340ce3ddfc4eb27870b83f54f763 fetched and parsed in 79.990834ms
[2m2025-12-10T10:11:23.636162Z[0m [34mDEBUG[0m [2methereum_transaction_pool_monitor::mempool_monitor[0m[2m:[0m 🔍 Skipping tx 0x02dee85018cbd54acceb45a393a4896763c2340ce3ddfc4eb27870b83f54f763 - not a DEX interaction (target: 0xCBD6832Ebc203e49E2B771897067fce3c58575ac)
[2m2025-12-10T10:11:23.636229Z[0m [34mDEBUG[0m [2mhyper::client::pool[0m[2m:[0m reuse idle connection for ("http", 192.168.0.14:8545)
[2m2025-12-10T10:11:23.636257Z[0m [34mDEBUG[0m [2mhyper::proto::h1::io[0m[2m:[0m flushed 172 bytes
[2m2025-12-10T10:11:23.641469Z[0m [34mDEBUG[0m [2mhyper::proto::h1::io[0m[2m:[0m parsed 4 headers
[2m2025-12-10T10:11:23.641475Z[0m [34mDEBUG[0m [2mhyper::proto::h1::conn[0m[2m:[0m incoming body is content-length (45 bytes)
[2m2025-12-10T10:11:23.641483Z[0m [34mDEBUG[0m [2mhyper::proto::h1::conn[0m[2m:[0m incoming body completed
[2m2025-12-10T10:11:23.641491Z[0m [34mDEBUG[0m [2mhyper::client::pool[0m[2m:[0m pooling idle connection for ("http", 192.168.0.14:8545)
[2m2025-12-10T10:11:23.699535Z[0m [34mDEBUG[0m [2mhyper::client::pool[0m[2m:[0m reuse idle connection for ("http", 192.168.0.14:8545)
[2m2025-12-10T10:11:23.703165Z[0m [34mDEBUG[0m [2mhyper::proto::h1::io[0m[2m:[0m flushed 172 bytes
[2m2025-12-10T10:11:23.706639Z[0m [34mDEBUG[0m [2mhyper::proto::h1::io[0m[2m:[0m parsed 4 headers
[2m2025-12-10T10:11:23.706667Z[0m [34mDEBUG[0m [2mhyper::proto::h1::conn[0m[2m:[0m incoming body is content-length (45 bytes)
[2m2025-12-10T10:11:23.706684Z[0m [34mDEBUG[0m [2mhyper::proto::h1::conn[0m[2m:[0m incoming body completed
[2m2025-12-10T10:11:23.706711Z[0m [34mDEBUG[0m [2mhyper::client::pool[0m[2m:[0m pooling idle connection for ("http", 192.168.0.14:8545)
[2m2025-12-10T10:11:23.799425Z[0m [34mDEBUG[0m [2mhyper::client::pool[0m[2m:[0m reuse idle connection for ("http", 192.168.0.14:8545)
[2m2025-12-10T10:11:23.799480Z[0m [34mDEBUG[0m [2mhyper::proto::h1::io[0m[2m:[0m flushed 172 bytes
[2m2025-12-10T10:11:23.802285Z[0m [34mDEBUG[0m [2mhyper::proto::h1::io[0m[2m:[0m parsed 4 headers
[2m2025-12-10T10:11:23.802296Z[0m [34mDEBUG[0m [2mhyper::proto::h1::conn[0m[2m:[0m incoming body is content-length (45 bytes)
[2m2025-12-10T10:11:23.802304Z[0m [34mDEBUG[0m [2mhyper::proto::h1::conn[0m[2m:[0m incoming body completed
[2m2025-12-10T10:11:23.802313Z[0m [34mDEBUG[0m [2mhyper::client::pool[0m[2m:[0m pooling idle connection for ("http", 192.168.0.14:8545)
[2m2025-12-10T10:11:23.859091Z[0m [34mDEBUG[0m [2methereum_transaction_pool_monitor::eth_client[0m[2m:[0m 📨 Received WebSocket message: {"jsonrpc":"2.0","method":"eth_subscription","params":{"subscription":"0xbed0a0851463e895960a451075a301a9","result":"0x3a08582372b12b8e3411808a4ed21009e7f3a0ff307c17505b2b9191693fd9ad"}}
[2m2025-12-10T10:11:23.859129Z[0m [34mDEBUG[0m [2methereum_transaction_pool_monitor::eth_client[0m[2m:[0m 📨 Received pending transaction: 0x3a08582372b12b8e3411808a4ed21009e7f3a0ff307c17505b2b9191693fd9ad
[2m2025-12-10T10:11:23.859152Z[0m [34mDEBUG[0m [2methereum_transaction_pool_monitor::mempool_monitor[0m[2m:[0m 📨 Processing new pending transaction: 0x3a08582372b12b8e3411808a4ed21009e7f3a0ff307c17505b2b9191693fd9ad
[2m2025-12-10T10:11:23.859165Z[0m [34mDEBUG[0m [2methereum_transaction_pool_monitor::mempool_monitor[0m[2m:[0m 🔍 Fetching transaction details for: 0x3a08582372b12b8e3411808a4ed21009e7f3a0ff307c17505b2b9191693fd9ad
[2m2025-12-10T10:11:23.859177Z[0m [34mDEBUG[0m [2methereum_transaction_pool_monitor::eth_client[0m[2m:[0m 🔍 Fetching transaction details for hash: 0x3a08582372b12b8e3411808a4ed21009e7f3a0ff307c17505b2b9191693fd9ad
[2m2025-12-10T10:11:23.859219Z[0m [34mDEBUG[0m [2mhyper::client::pool[0m[2m:[0m reuse idle connection for ("http", 192.168.0.14:8545)
[2m2025-12-10T10:11:23.859268Z[0m [34mDEBUG[0m [2mhyper::proto::h1::io[0m[2m:[0m flushed 250 bytes
[2m2025-12-10T10:11:23.864069Z[0m [34mDEBUG[0m [2mhyper::proto::h1::io[0m[2m:[0m parsed 4 headers
[2m2025-12-10T10:11:23.864127Z[0m [34mDEBUG[0m [2mhyper::proto::h1::conn[0m[2m:[0m incoming body is content-length (2323 bytes)
[2m2025-12-10T10:11:23.864175Z[0m [34mDEBUG[0m [2methereum_transaction_pool_monitor::eth_client[0m[2m:[0m 📡 Transaction fetch RPC completed in 4.985666ms
[2m2025-12-10T10:11:23.864882Z[0m [34mDEBUG[0m [2mhyper::proto::h1::conn[0m[2m:[0m incoming body completed
[2m2025-12-10T10:11:23.864942Z[0m [34mDEBUG[0m [2mhyper::client::pool[0m[2m:[0m pooling idle connection for ("http", 192.168.0.14:8545)
[2m2025-12-10T10:11:23.872842Z[0m [34mDEBUG[0m [2methereum_transaction_pool_monitor::eth_client[0m[2m:[0m 📨 Received WebSocket message: {"jsonrpc":"2.0","method":"eth_subscription","params":{"subscription":"0xbed0a0851463e895960a451075a301a9","result":"0x83c4f53ca590d2683ee2631506871fc4c517afcdd7aa17565656bd0877cbd303"}}
[2m2025-12-10T10:11:23.872903Z[0m [34mDEBUG[0m [2methereum_transaction_pool_monitor::eth_client[0m[2m:[0m 📨 Received pending transaction: 0x83c4f53ca590d2683ee2631506871fc4c517afcdd7aa17565656bd0877cbd303
[2m2025-12-10T10:11:23.897357Z[0m [34mDEBUG[0m [2mhyper::client::pool[0m[2m:[0m reuse idle connection for ("http", 192.168.0.14:8545)
[2m2025-12-10T10:11:23.897434Z[0m [34mDEBUG[0m [2mhyper::proto::h1::io[0m[2m:[0m flushed 172 bytes
[2m2025-12-10T10:11:23.897441Z[0m [34mDEBUG[0m [2methereum_transaction_pool_monitor::eth_client[0m[2m:[0m 📨 Received WebSocket message: {"jsonrpc":"2.0","method":"eth_subscription","params":{"subscription":"0xbed0a0851463e895960a451075a301a9","result":"0xe268fe99802dd87b5da729081f9bd8f4b8c1cbf61ee303c78f6e9cbd019a23f5"}}
[2m2025-12-10T10:11:23.897459Z[0m [34mDEBUG[0m [2methereum_transaction_pool_monitor::eth_client[0m[2m:[0m 📨 Received pending transaction: 0xe268fe99802dd87b5da729081f9bd8f4b8c1cbf61ee303c78f6e9cbd019a23f5
[2m2025-12-10T10:11:23.905739Z[0m [34mDEBUG[0m [2mhyper::proto::h1::io[0m[2m:[0m parsed 4 headers
[2m2025-12-10T10:11:23.905749Z[0m [34mDEBUG[0m [2mhyper::proto::h1::conn[0m[2m:[0m incoming body is content-length (45 bytes)
[2m2025-12-10T10:11:23.905757Z[0m [34mDEBUG[0m [2mhyper::proto::h1::conn[0m[2m:[0m incoming body completed
[2m2025-12-10T10:11:23.905766Z[0m [34mDEBUG[0m [2mhyper::client::pool[0m[2m:[0m pooling idle connection for ("http", 192.168.0.14:8545)
[2m2025-12-10T10:11:23.952333Z[0m [34mDEBUG[0m [2methereum_transaction_pool_monitor::eth_client[0m[2m:[0m ✅ Transaction 0x3a08582372b12b8e3411808a4ed21009e7f3a0ff307c17505b2b9191693fd9ad fetched and parsed in 93.142166ms
[2m2025-12-10T10:11:23.952363Z[0m [34mDEBUG[0m [2methereum_transaction_pool_monitor::mempool_monitor[0m[2m:[0m 🔍 Skipping tx 0x3a08582372b12b8e3411808a4ed21009e7f3a0ff307c17505b2b9191693fd9ad - not a DEX interaction (target: 0x66a9893cC07D91D95644AEDD05D03f95e1dBA8Af)
[2m2025-12-10T10:11:23.952375Z[0m [34mDEBUG[0m [2methereum_transaction_pool_monitor::mempool_monitor[0m[2m:[0m 📨 Processing new pending transaction: 0x83c4f53ca590d2683ee2631506871fc4c517afcdd7aa17565656bd0877cbd303
[2m2025-12-10T10:11:23.952387Z[0m [34mDEBUG[0m [2methereum_transaction_pool_monitor::mempool_monitor[0m[2m:[0m 🔍 Fetching transaction details for: 0x83c4f53ca590d2683ee2631506871fc4c517afcdd7aa17565656bd0877cbd303
[2m2025-12-10T10:11:23.952393Z[0m [34mDEBUG[0m [2methereum_transaction_pool_monitor::eth_client[0m[2m:[0m 🔍 Fetching transaction details for hash: 0x83c4f53ca590d2683ee2631506871fc4c517afcdd7aa17565656bd0877cbd303
[2m2025-12-10T10:11:23.952413Z[0m [34mDEBUG[0m [2mhyper::client::pool[0m[2m:[0m reuse idle connection for ("http", 192.168.0.14:8545)
[2m2025-12-10T10:11:23.952438Z[0m [34mDEBUG[0m [2mhyper::proto::h1::io[0m[2m:[0m flushed 250 bytes
[2m2025-12-10T10:11:23.959186Z[0m [34mDEBUG[0m [2mhyper::proto::h1::io[0m[2m:[0m parsed 4 headers
[2m2025-12-10T10:11:23.959194Z[0m [34mDEBUG[0m [2mhyper::proto::h1::conn[0m[2m:[0m incoming body is content-length (643 bytes)
[2m2025-12-10T10:11:23.959202Z[0m [34mDEBUG[0m [2mhyper::proto::h1::conn[0m[2m:[0m incoming body completed
[2m2025-12-10T10:11:23.959211Z[0m [34mDEBUG[0m [2mhyper::client::pool[0m[2m:[0m pooling idle connection for ("http", 192.168.0.14:8545)
[2m2025-12-10T10:11:23.959220Z[0m [34mDEBUG[0m [2methereum_transaction_pool_monitor::eth_client[0m[2m:[0m 📡 Transaction fetch RPC completed in 6.821375ms
[2m2025-12-10T10:11:24.031057Z[0m [34mDEBUG[0m [2methereum_transaction_pool_monitor::eth_client[0m[2m:[0m ✅ Transaction 0x83c4f53ca590d2683ee2631506871fc4c517afcdd7aa17565656bd0877cbd303 fetched and parsed in 78.655875ms
[2m2025-12-10T10:11:24.031086Z[0m [34mDEBUG[0m [2methereum_transaction_pool_monitor::mempool_monitor[0m[2m:[0m 🔍 Skipping tx 0x83c4f53ca590d2683ee2631506871fc4c517afcdd7aa17565656bd0877cbd303 - not a DEX interaction (target: 0x487aB10Cd6Ee7A2594d7BC6c29FDe9ad8EBCA939)
[2m2025-12-10T10:11:24.031096Z[0m [34mDEBUG[0m [2methereum_transaction_pool_monitor::mempool_monitor[0m[2m:[0m 📨 Processing new pending transaction: 0xe268fe99802dd87b5da729081f9bd8f4b8c1cbf61ee303c78f6e9cbd019a23f5
[2m2025-12-10T10:11:24.031103Z[0m [34mDEBUG[0m [2methereum_transaction_pool_monitor::mempool_monitor[0m[2m:[0m 🔍 Fetching transaction details for: 0xe268fe99802dd87b5da729081f9bd8f4b8c1cbf61ee303c78f6e9cbd019a23f5
[2m2025-12-10T10:11:24.031110Z[0m [34mDEBUG[0m [2methereum_transaction_pool_monitor::eth_client[0m[2m:[0m 🔍 Fetching transaction details for hash: 0xe268fe99802dd87b5da729081f9bd8f4b8c1cbf61ee303c78f6e9cbd019a23f5
[2m2025-12-10T10:11:24.031130Z[0m [34mDEBUG[0m [2mhyper::client::pool[0m[2m:[0m reuse idle connection for ("http", 192.168.0.14:8545)
[2m2025-12-10T10:11:24.031171Z[0m [34mDEBUG[0m [2mhyper::proto::h1::io[0m[2m:[0m flushed 250 bytes
[2m2025-12-10T10:11:24.031192Z[0m [34mDEBUG[0m [2mhyper::client::pool[0m[2m:[0m reuse idle connection for ("http", 192.168.0.14:8545)
[2m2025-12-10T10:11:24.031206Z[0m [34mDEBUG[0m [2mhyper::proto::h1::io[0m[2m:[0m flushed 172 bytes
[2m2025-12-10T10:11:24.031244Z[0m [34mDEBUG[0m [2methereum_transaction_pool_monitor::eth_client[0m[2m:[0m 📨 Received WebSocket message: {"jsonrpc":"2.0","method":"eth_subscription","params":{"subscription":"0xbed0a0851463e895960a451075a301a9","result":"0xb8fb8a03712310eec3ed71be65027250e6f8c2e85f195c8f0c4e274f3a7f6e9a"}}
[2m2025-12-10T10:11:24.031252Z[0m [34mDEBUG[0m [2methereum_transaction_pool_monitor::eth_client[0m[2m:[0m 📨 Received pending transaction: 0xb8fb8a03712310eec3ed71be65027250e6f8c2e85f195c8f0c4e274f3a7f6e9a
[2m2025-12-10T10:11:24.034978Z[0m [34mDEBUG[0m [2mhyper::proto::h1::io[0m[2m:[0m parsed 4 headers
[2m2025-12-10T10:11:24.034985Z[0m [34mDEBUG[0m [2mhyper::proto::h1::conn[0m[2m:[0m incoming body is content-length (45 bytes)
[2m2025-12-10T10:11:24.034992Z[0m [34mDEBUG[0m [2mhyper::proto::h1::conn[0m[2m:[0m incoming body completed
[2m2025-12-10T10:11:24.035001Z[0m [34mDEBUG[0m [2mhyper::client::pool[0m[2m:[0m pooling idle connection for ("http", 192.168.0.14:8545)
[2m2025-12-10T10:11:24.038023Z[0m [34mDEBUG[0m [2mhyper::proto::h1::io[0m[2m:[0m parsed 4 headers
[2m2025-12-10T10:11:24.038055Z[0m [34mDEBUG[0m [2mhyper::proto::h1::conn[0m[2m:[0m incoming body is content-length (2265 bytes)
[2m2025-12-10T10:11:24.038077Z[0m [34mDEBUG[0m [2mhyper::proto::h1::conn[0m[2m:[0m incoming body completed
[2m2025-12-10T10:11:24.038085Z[0m [34mDEBUG[0m [2mhyper::client::pool[0m[2m:[0m pooling idle connection for ("http", 192.168.0.14:8545)
[2m2025-12-10T10:11:24.038091Z[0m [34mDEBUG[0m [2methereum_transaction_pool_monitor::eth_client[0m[2m:[0m 📡 Transaction fetch RPC completed in 6.97675ms
[2m2025-12-10T10:11:24.109874Z[0m [34mDEBUG[0m [2methereum_transaction_pool_monitor::eth_client[0m[2m:[0m ✅ Transaction 0xe268fe99802dd87b5da729081f9bd8f4b8c1cbf61ee303c78f6e9cbd019a23f5 fetched and parsed in 78.758083ms
[2m2025-12-10T10:11:24.109899Z[0m [34mDEBUG[0m [2methereum_transaction_pool_monitor::mempool_monitor[0m[2m:[0m 🔍 Skipping tx 0xe268fe99802dd87b5da729081f9bd8f4b8c1cbf61ee303c78f6e9cbd019a23f5 - not a DEX interaction (target: 0x0000000000000068F116a894984e2DB1123eB395)
[2m2025-12-10T10:11:24.109910Z[0m [34mDEBUG[0m [2methereum_transaction_pool_monitor::mempool_monitor[0m[2m:[0m 📨 Processing new pending transaction: 0xb8fb8a03712310eec3ed71be65027250e6f8c2e85f195c8f0c4e274f3a7f6e9a
[2m2025-12-10T10:11:24.109917Z[0m [34mDEBUG[0m [2methereum_transaction_pool_monitor::mempool_monitor[0m[2m:[0m 🔍 Fetching transaction details for: 0xb8fb8a03712310eec3ed71be65027250e6f8c2e85f195c8f0c4e274f3a7f6e9a
[2m2025-12-10T10:11:24.109923Z[0m [34mDEBUG[0m [2methereum_transaction_pool_monitor::eth_client[0m[2m:[0m 🔍 Fetching transaction details for hash: 0xb8fb8a03712310eec3ed71be65027250e6f8c2e85f195c8f0c4e274f3a7f6e9a
[2m2025-12-10T10:11:24.109940Z[0m [34mDEBUG[0m [2mhyper::client::pool[0m[2m:[0m reuse idle connection for ("http", 192.168.0.14:8545)
[2m2025-12-10T10:11:24.109979Z[0m [34mDEBUG[0m [2mhyper::proto::h1::io[0m[2m:[0m flushed 250 bytes
[2m2025-12-10T10:11:24.110008Z[0m [34mDEBUG[0m [2mhyper::client::pool[0m[2m:[0m reuse idle connection for ("http", 192.168.0.14:8545)
[2m2025-12-10T10:11:24.110022Z[0m [34mDEBUG[0m [2mhyper::proto::h1::io[0m[2m:[0m flushed 172 bytes
[2m2025-12-10T10:11:24.115645Z[0m [34mDEBUG[0m [2mhyper::proto::h1::io[0m[2m:[0m parsed 4 headers
[2m2025-12-10T10:11:24.115653Z[0m [34mDEBUG[0m [2mhyper::proto::h1::conn[0m[2m:[0m incoming body is content-length (767 bytes)
[2m2025-12-10T10:11:24.115660Z[0m [34mDEBUG[0m [2mhyper::proto::h1::conn[0m[2m:[0m incoming body completed
[2m2025-12-10T10:11:24.115668Z[0m [34mDEBUG[0m [2mhyper::client::pool[0m[2m:[0m pooling idle connection for ("http", 192.168.0.14:8545)
[2m2025-12-10T10:11:24.115674Z[0m [34mDEBUG[0m [2methereum_transaction_pool_monitor::eth_client[0m[2m:[0m 📡 Transaction fetch RPC completed in 5.746459ms
[2m2025-12-10T10:11:24.115688Z[0m [34mDEBUG[0m [2methereum_transaction_pool_monitor::eth_client[0m[2m:[0m DeFi transaction detected - Address: 0xdac17f958d2ee523a2206206994597c13d831ec7, Type: Stablecoin, Value: 0 ETH, Gas: 0.26 Gwei
[2m2025-12-10T10:11:24.115700Z[0m [34mDEBUG[0m [2methereum_transaction_pool_monitor::eth_client[0m[2m:[0m ✅ Transaction 0xb8fb8a03712310eec3ed71be65027250e6f8c2e85f195c8f0c4e274f3a7f6e9a fetched and parsed in 5.772625ms
[2m2025-12-10T10:11:24.115705Z[0m [34mDEBUG[0m [2methereum_transaction_pool_monitor::mempool_monitor[0m[2m:[0m 🔍 Skipping tx 0xb8fb8a03712310eec3ed71be65027250e6f8c2e85f195c8f0c4e274f3a7f6e9a - not a DEX interaction (target: 0xdAC17F958D2ee523a2206206994597C13D831ec7)
[2m2025-12-10T10:11:24.115728Z[0m [34mDEBUG[0m [2mhyper::proto::h1::io[0m[2m:[0m parsed 4 headers
[2m2025-12-10T10:11:24.115732Z[0m [34mDEBUG[0m [2mhyper::proto::h1::conn[0m[2m:[0m incoming body is content-length (45 bytes)
[2m2025-12-10T10:11:24.115737Z[0m [34mDEBUG[0m [2mhyper::proto::h1::conn[0m[2m:[0m incoming body completed
[2m2025-12-10T10:11:24.115741Z[0m [34mDEBUG[0m [2mhyper::client::pool[0m[2m:[0m pooling idle connection for ("http", 192.168.0.14:8545)
[2m2025-12-10T10:11:24.197895Z[0m [34mDEBUG[0m [2mhyper::client::pool[0m[2m:[0m reuse idle connection for ("http", 192.168.0.14:8545)
[2m2025-12-10T10:11:24.197954Z[0m [34mDEBUG[0m [2mhyper::proto::h1::io[0m[2m:[0m flushed 172 bytes
[2m2025-12-10T10:11:24.202258Z[0m [34mDEBUG[0m [2mhyper::proto::h1::io[0m[2m:[0m parsed 4 headers
[2m2025-12-10T10:11:24.202268Z[0m [34mDEBUG[0m [2mhyper::proto::h1::conn[0m[2m:[0m incoming body is content-length (45 bytes)
[2m2025-12-10T10:11:24.202275Z[0m [34mDEBUG[0m [2mhyper::proto::h1::conn[0m[2m:[0m incoming body completed
[2m2025-12-10T10:11:24.202284Z[0m [34mDEBUG[0m [2mhyper::client::pool[0m[2m:[0m pooling idle connection for ("http", 192.168.0.14:8545)
[2m2025-12-10T10:11:24.213701Z[0m [34mDEBUG[0m [2methereum_transaction_pool_monitor::eth_client[0m[2m:[0m 📨 Received WebSocket message: {"jsonrpc":"2.0","method":"eth_subscription","params":{"subscription":"0xbed0a0851463e895960a451075a301a9","result":"0xb953795c71287745e350db3bc20193c9a90b13f768c7f59fd5593c75c5efbe8f"}}
[2m2025-12-10T10:11:24.213724Z[0m [34mDEBUG[0m [2methereum_transaction_pool_monitor::eth_client[0m[2m:[0m 📨 Received pending transaction: 0xb953795c71287745e350db3bc20193c9a90b13f768c7f59fd5593c75c5efbe8f
[2m2025-12-10T10:11:24.213737Z[0m [34mDEBUG[0m [2methereum_transaction_pool_monitor::mempool_monitor[0m[2m:[0m 📨 Processing new pending transaction: 0xb953795c71287745e350db3bc20193c9a90b13f768c7f59fd5593c75c5efbe8f
[2m2025-12-10T10:11:24.213744Z[0m [34mDEBUG[0m [2methereum_transaction_pool_monitor::mempool_monitor[0m[2m:[0m 🔍 Fetching transaction details for: 0xb953795c71287745e350db3bc20193c9a90b13f768c7f59fd5593c75c5efbe8f
[2m2025-12-10T10:11:24.213750Z[0m [34mDEBUG[0m [2methereum_transaction_pool_monitor::eth_client[0m[2m:[0m 🔍 Fetching transaction details for hash: 0xb953795c71287745e350db3bc20193c9a90b13f768c7f59fd5593c75c5efbe8f
[2m2025-12-10T10:11:24.213773Z[0m [34mDEBUG[0m [2mhyper::client::pool[0m[2m:[0m reuse idle connection for ("http", 192.168.0.14:8545)
[2m2025-12-10T10:11:24.213800Z[0m [34mDEBUG[0m [2mhyper::proto::h1::io[0m[2m:[0m flushed 250 bytes
[2m2025-12-10T10:11:24.219288Z[0m [34mDEBUG[0m [2mhyper::proto::h1::io[0m[2m:[0m parsed 4 headers
[2m2025-12-10T10:11:24.219296Z[0m [34mDEBUG[0m [2mhyper::proto::h1::conn[0m[2m:[0m incoming body is content-length (830 bytes)
[2m2025-12-10T10:11:24.219304Z[0m [34mDEBUG[0m [2mhyper::proto::h1::conn[0m[2m:[0m incoming body completed
[2m2025-12-10T10:11:24.219313Z[0m [34mDEBUG[0m [2mhyper::client::pool[0m[2m:[0m pooling idle connection for ("http", 192.168.0.14:8545)
[2m2025-12-10T10:11:24.219323Z[0m [34mDEBUG[0m [2methereum_transaction_pool_monitor::eth_client[0m[2m:[0m 📡 Transaction fetch RPC completed in 5.566625ms
[2m2025-12-10T10:11:24.293461Z[0m [34mDEBUG[0m [2methereum_transaction_pool_monitor::eth_client[0m[2m:[0m ✅ Transaction 0xb953795c71287745e350db3bc20193c9a90b13f768c7f59fd5593c75c5efbe8f fetched and parsed in 79.702167ms
[2m2025-12-10T10:11:24.293488Z[0m [34mDEBUG[0m [2methereum_transaction_pool_monitor::mempool_monitor[0m[2m:[0m 🔍 Skipping tx 0xb953795c71287745e350db3bc20193c9a90b13f768c7f59fd5593c75c5efbe8f - not a DEX interaction (target: 0x3B4D794a66304F130a4Db8F2551B0070dfCf5ca7)
[2m2025-12-10T10:11:24.298540Z[0m [34mDEBUG[0m [2mhyper::client::pool[0m[2m:[0m reuse idle connection for ("http", 192.168.0.14:8545)
[2m2025-12-10T10:11:24.298585Z[0m [34mDEBUG[0m [2mhyper::proto::h1::io[0m[2m:[0m flushed 172 bytes
[2m2025-12-10T10:11:24.302374Z[0m [34mDEBUG[0m [2mhyper::proto::h1::io[0m[2m:[0m parsed 4 headers
[2m2025-12-10T10:11:24.302402Z[0m [34mDEBUG[0m [2mhyper::proto::h1::conn[0m[2m:[0m incoming body is content-length (45 bytes)
[2m2025-12-10T10:11:24.302424Z[0m [34mDEBUG[0m [2mhyper::proto::h1::conn[0m[2m:[0m incoming body completed
[2m2025-12-10T10:11:24.302449Z[0m [34mDEBUG[0m [2mhyper::client::pool[0m[2m:[0m pooling idle connection for ("http", 192.168.0.14:8545)
[2m2025-12-10T10:11:24.336567Z[0m [34mDEBUG[0m [2methereum_transaction_pool_monitor::eth_client[0m[2m:[0m 📨 Received WebSocket message: {"jsonrpc":"2.0","method":"eth_subscription","params":{"subscription":"0xbed0a0851463e895960a451075a301a9","result":"0x2c5772243c340f938f55c6c639390a8c40f6eeaae2665ae524ec61b838c89840"}}
[2m2025-12-10T10:11:24.336603Z[0m [34mDEBUG[0m [2methereum_transaction_pool_monitor::eth_client[0m[2m:[0m 📨 Received pending transaction: 0x2c5772243c340f938f55c6c639390a8c40f6eeaae2665ae524ec61b838c89840
[2m2025-12-10T10:11:24.336613Z[0m [34mDEBUG[0m [2methereum_transaction_pool_monitor::mempool_monitor[0m[2m:[0m 📨 Processing new pending transaction: 0x2c5772243c340f938f55c6c639390a8c40f6eeaae2665ae524ec61b838c89840
[2m2025-12-10T10:11:24.336618Z[0m [34mDEBUG[0m [2methereum_transaction_pool_monitor::mempool_monitor[0m[2m:[0m 🔍 Fetching transaction details for: 0x2c5772243c340f938f55c6c639390a8c40f6eeaae2665ae524ec61b838c89840
[2m2025-12-10T10:11:24.336623Z[0m [34mDEBUG[0m [2methereum_transaction_pool_monitor::eth_client[0m[2m:[0m 🔍 Fetching transaction details for hash: 0x2c5772243c340f938f55c6c639390a8c40f6eeaae2665ae524ec61b838c89840
[2m2025-12-10T10:11:24.336643Z[0m [34mDEBUG[0m [2mhyper::client::pool[0m[2m:[0m reuse idle connection for ("http", 192.168.0.14:8545)
[2m2025-12-10T10:11:24.336670Z[0m [34mDEBUG[0m [2mhyper::proto::h1::io[0m[2m:[0m flushed 250 bytes
[2m2025-12-10T10:11:24.344422Z[0m [34mDEBUG[0m [2mhyper::proto::h1::io[0m[2m:[0m parsed 4 headers
[2m2025-12-10T10:11:24.344432Z[0m [34mDEBUG[0m [2mhyper::proto::h1::conn[0m[2m:[0m incoming body is content-length (772 bytes)
[2m2025-12-10T10:11:24.344439Z[0m [34mDEBUG[0m [2mhyper::proto::h1::conn[0m[2m:[0m incoming body completed
[2m2025-12-10T10:11:24.344448Z[0m [34mDEBUG[0m [2mhyper::client::pool[0m[2m:[0m pooling idle connection for ("http", 192.168.0.14:8545)
[2m2025-12-10T10:11:24.344455Z[0m [34mDEBUG[0m [2methereum_transaction_pool_monitor::eth_client[0m[2m:[0m 📡 Transaction fetch RPC completed in 7.827459ms
[2m2025-12-10T10:11:24.416011Z[0m [34mDEBUG[0m [2methereum_transaction_pool_monitor::eth_client[0m[2m:[0m ✅ Transaction 0x2c5772243c340f938f55c6c639390a8c40f6eeaae2665ae524ec61b838c89840 fetched and parsed in 79.381209ms
[2m2025-12-10T10:11:24.416039Z[0m [34mDEBUG[0m [2methereum_transaction_pool_monitor::mempool_monitor[0m[2m:[0m 🔍 Skipping tx 0x2c5772243c340f938f55c6c639390a8c40f6eeaae2665ae524ec61b838c89840 - not a DEX interaction (target: 0xcf5104D094e3864CfCBDa43B82e1cEFD26A016eB)
[2m2025-12-10T10:11:24.416083Z[0m [34mDEBUG[0m [2mhyper::client::pool[0m[2m:[0m reuse idle connection for ("http", 192.168.0.14:8545)
[2m2025-12-10T10:11:24.416116Z[0m [34mDEBUG[0m [2mhyper::proto::h1::io[0m[2m:[0m flushed 172 bytes
[2m2025-12-10T10:11:24.416118Z[0m [34mDEBUG[0m [2methereum_transaction_pool_monitor::eth_client[0m[2m:[0m 📨 Received WebSocket message: {"jsonrpc":"2.0","method":"eth_subscription","params":{"subscription":"0xbed0a0851463e895960a451075a301a9","result":"0x048d617685b6a63180e638fc54c2dc421b986c26de6764db02cf3bd98111101d"}}
[2m2025-12-10T10:11:24.416137Z[0m [34mDEBUG[0m [2methereum_transaction_pool_monitor::eth_client[0m[2m:[0m 📨 Received pending transaction: 0x048d617685b6a63180e638fc54c2dc421b986c26de6764db02cf3bd98111101d
[2m2025-12-10T10:11:24.416143Z[0m [34mDEBUG[0m [2methereum_transaction_pool_monitor::mempool_monitor[0m[2m:[0m 📨 Processing new pending transaction: 0x048d617685b6a63180e638fc54c2dc421b986c26de6764db02cf3bd98111101d
[2m2025-12-10T10:11:24.416148Z[0m [34mDEBUG[0m [2methereum_transaction_pool_monitor::mempool_monitor[0m[2m:[0m 🔍 Fetching transaction details for: 0x048d617685b6a63180e638fc54c2dc421b986c26de6764db02cf3bd98111101d
[2m2025-12-10T10:11:24.416153Z[0m [34mDEBUG[0m [2methereum_transaction_pool_monitor::eth_client[0m[2m:[0m 🔍 Fetching transaction details for hash: 0x048d617685b6a63180e638fc54c2dc421b986c26de6764db02cf3bd98111101d
[2m2025-12-10T10:11:24.416162Z[0m [34mDEBUG[0m [2mhyper::client::pool[0m[2m:[0m reuse idle connection for ("http", 192.168.0.14:8545)
[2m2025-12-10T10:11:24.416180Z[0m [34mDEBUG[0m [2mhyper::proto::h1::io[0m[2m:[0m flushed 250 bytes
[2m2025-12-10T10:11:24.422133Z[0m [34mDEBUG[0m [2mhyper::proto::h1::io[0m[2m:[0m parsed 4 headers
[2m2025-12-10T10:11:24.422145Z[0m [34mDEBUG[0m [2mhyper::proto::h1::conn[0m[2m:[0m incoming body is content-length (45 bytes)
[2m2025-12-10T10:11:24.422152Z[0m [34mDEBUG[0m [2mhyper::proto::h1::conn[0m[2m:[0m incoming body completed
[2m2025-12-10T10:11:24.422161Z[0m [34mDEBUG[0m [2mhyper::client::pool[0m[2m:[0m pooling idle connection for ("http", 192.168.0.14:8545)
[2m2025-12-10T10:11:24.422917Z[0m [34mDEBUG[0m [2mhyper::proto::h1::io[0m[2m:[0m parsed 4 headers
[2m2025-12-10T10:11:24.422939Z[0m [34mDEBUG[0m [2mhyper::proto::h1::conn[0m[2m:[0m incoming body is content-length (646 bytes)
[2m2025-12-10T10:11:24.422959Z[0m [34mDEBUG[0m [2mhyper::proto::h1::conn[0m[2m:[0m incoming body completed
[2m2025-12-10T10:11:24.422981Z[0m [34mDEBUG[0m [2mhyper::client::pool[0m[2m:[0m pooling idle connection for ("http", 192.168.0.14:8545)
[2m2025-12-10T10:11:24.423000Z[0m [34mDEBUG[0m [2methereum_transaction_pool_monitor::eth_client[0m[2m:[0m 📡 Transaction fetch RPC completed in 6.84325ms
[2m2025-12-10T10:11:24.494805Z[0m [34mDEBUG[0m [2methereum_transaction_pool_monitor::eth_client[0m[2m:[0m ✅ Transaction 0x048d617685b6a63180e638fc54c2dc421b986c26de6764db02cf3bd98111101d fetched and parsed in 78.64575ms
[2m2025-12-10T10:11:24.494830Z[0m [34mDEBUG[0m [2methereum_transaction_pool_monitor::mempool_monitor[0m[2m:[0m 🔍 Skipping tx 0x048d617685b6a63180e638fc54c2dc421b986c26de6764db02cf3bd98111101d - not a DEX interaction (target: 0x7160DaD5AF18bAAF2367AF09CeA3996BBDde04Ba)
[2m2025-12-10T10:11:24.494882Z[0m [34mDEBUG[0m [2methereum_transaction_pool_monitor::eth_client[0m[2m:[0m 📨 Received WebSocket message: {"jsonrpc":"2.0","method":"eth_subscription","params":{"subscription":"0xbed0a0851463e895960a451075a301a9","result":"0xb53556f69e0c2cdc5176aac9c21aeac2dc25328614bf4997780da73598ff7b45"}}
[2m2025-12-10T10:11:24.494893Z[0m [34mDEBUG[0m [2methereum_transaction_pool_monitor::eth_client[0m[2m:[0m 📨 Received pending transaction: 0xb53556f69e0c2cdc5176aac9c21aeac2dc25328614bf4997780da73598ff7b45
[2m2025-12-10T10:11:24.494900Z[0m [34mDEBUG[0m [2methereum_transaction_pool_monitor::eth_client[0m[2m:[0m 📨 Received WebSocket message: {"jsonrpc":"2.0","method":"eth_subscription","params":{"subscription":"0xbed0a0851463e895960a451075a301a9","result":"0x877961ff8e5563c72d1da747220910958956d5aea3360fe441de5d2861e0351a"}}
[2m2025-12-10T10:11:24.494906Z[0m [34mDEBUG[0m [2methereum_transaction_pool_monitor::eth_client[0m[2m:[0m 📨 Received pending transaction: 0x877961ff8e5563c72d1da747220910958956d5aea3360fe441de5d2861e0351a
[2m2025-12-10T10:11:24.494914Z[0m [34mDEBUG[0m [2methereum_transaction_pool_monitor::mempool_monitor[0m[2m:[0m 📨 Processing new pending transaction: 0xb53556f69e0c2cdc5176aac9c21aeac2dc25328614bf4997780da73598ff7b45
[2m2025-12-10T10:11:24.494920Z[0m [34mDEBUG[0m [2methereum_transaction_pool_monitor::mempool_monitor[0m[2m:[0m 🔍 Fetching transaction details for: 0xb53556f69e0c2cdc5176aac9c21aeac2dc25328614bf4997780da73598ff7b45
[2m2025-12-10T10:11:24.494926Z[0m [34mDEBUG[0m [2methereum_transaction_pool_monitor::eth_client[0m[2m:[0m 🔍 Fetching transaction details for hash: 0xb53556f69e0c2cdc5176aac9c21aeac2dc25328614bf4997780da73598ff7b45
[2m2025-12-10T10:11:24.494946Z[0m [34mDEBUG[0m [2mhyper::client::pool[0m[2m:[0m reuse idle connection for ("http", 192.168.0.14:8545)
[2m2025-12-10T10:11:24.494968Z[0m [34mDEBUG[0m [2mhyper::proto::h1::io[0m[2m:[0m flushed 250 bytes
[2m2025-12-10T10:11:24.497489Z[0m [34mDEBUG[0m [2mhyper::client::pool[0m[2m:[0m reuse idle connection for ("http", 192.168.0.14:8545)
[2m2025-12-10T10:11:24.497510Z[0m [34mDEBUG[0m [2mhyper::proto::h1::io[0m[2m:[0m flushed 172 bytes
[2m2025-12-10T10:11:24.499865Z[0m [34mDEBUG[0m [2mhyper::proto::h1::io[0m[2m:[0m parsed 4 headers
[2m2025-12-10T10:11:24.499874Z[0m [34mDEBUG[0m [2mhyper::proto::h1::conn[0m[2m:[0m incoming body is content-length (772 bytes)
[2m2025-12-10T10:11:24.499881Z[0m [34mDEBUG[0m [2mhyper::proto::h1::conn[0m[2m:[0m incoming body completed
[2m2025-12-10T10:11:24.499889Z[0m [34mDEBUG[0m [2mhyper::client::pool[0m[2m:[0m pooling idle connection for ("http", 192.168.0.14:8545)
[2m2025-12-10T10:11:24.499895Z[0m [34mDEBUG[0m [2methereum_transaction_pool_monitor::eth_client[0m[2m:[0m 📡 Transaction fetch RPC completed in 4.963916ms
[2m2025-12-10T10:11:24.571169Z[0m [34mDEBUG[0m [2methereum_transaction_pool_monitor::eth_client[0m[2m:[0m ✅ Transaction 0xb53556f69e0c2cdc5176aac9c21aeac2dc25328614bf4997780da73598ff7b45 fetched and parsed in 76.236166ms
[2m2025-12-10T10:11:24.571196Z[0m [34mDEBUG[0m [2methereum_transaction_pool_monitor::mempool_monitor[0m[2m:[0m 🔍 Skipping tx 0xb53556f69e0c2cdc5176aac9c21aeac2dc25328614bf4997780da73598ff7b45 - not a DEX interaction (target: 0x0E63B9C287E32A05E6b9AB8ee8dF88A2760225A9)
[2m2025-12-10T10:11:24.571207Z[0m [34mDEBUG[0m [2methereum_transaction_pool_monitor::mempool_monitor[0m[2m:[0m 📨 Processing new pending transaction: 0x877961ff8e5563c72d1da747220910958956d5aea3360fe441de5d2861e0351a
[2m2025-12-10T10:11:24.571214Z[0m [34mDEBUG[0m [2methereum_transaction_pool_monitor::mempool_monitor[0m[2m:[0m 🔍 Fetching transaction details for: 0x877961ff8e5563c72d1da747220910958956d5aea3360fe441de5d2861e0351a
[2m2025-12-10T10:11:24.571222Z[0m [34mDEBUG[0m [2methereum_transaction_pool_monitor::eth_client[0m[2m:[0m 🔍 Fetching transaction details for hash: 0x877961ff8e5563c72d1da747220910958956d5aea3360fe441de5d2861e0351a
[2m2025-12-10T10:11:24.571240Z[0m [34mDEBUG[0m [2mhyper::client::pool[0m[2m:[0m reuse idle connection for ("http", 192.168.0.14:8545)
[2m2025-12-10T10:11:24.571499Z[0m [34mDEBUG[0m [2mhyper::proto::h1::io[0m[2m:[0m flushed 250 bytes
[2m2025-12-10T10:11:24.571513Z[0m [34mDEBUG[0m [2mhyper::proto::h1::io[0m[2m:[0m parsed 4 headers
[2m2025-12-10T10:11:24.571518Z[0m [34mDEBUG[0m [2mhyper::proto::h1::conn[0m[2m:[0m incoming body is content-length (45 bytes)
[2m2025-12-10T10:11:24.571524Z[0m [34mDEBUG[0m [2mhyper::proto::h1::conn[0m[2m:[0m incoming body completed
[2m2025-12-10T10:11:24.571531Z[0m [34mDEBUG[0m [2mhyper::client::pool[0m[2m:[0m pooling idle connection for ("http", 192.168.0.14:8545)
[2m2025-12-10T10:11:24.582525Z[0m [34mDEBUG[0m [2mhyper::proto::h1::io[0m[2m:[0m parsed 4 headers
[2m2025-12-10T10:11:24.582547Z[0m [34mDEBUG[0m [2mhyper::proto::h1::conn[0m[2m:[0m incoming body is content-length (7808 bytes)
[2m2025-12-10T10:11:24.582579Z[0m [34mDEBUG[0m [2methereum_transaction_pool_monitor::eth_client[0m[2m:[0m 📡 Transaction fetch RPC completed in 11.351875ms
[2m2025-12-10T10:11:24.583601Z[0m [34mDEBUG[0m [2mhyper::proto::h1::conn[0m[2m:[0m incoming body completed
[2m2025-12-10T10:11:24.583612Z[0m [34mDEBUG[0m [2mhyper::client::pool[0m[2m:[0m pooling idle connection for ("http", 192.168.0.14:8545)
[2m2025-12-10T10:11:24.597657Z[0m [34mDEBUG[0m [2mhyper::client::pool[0m[2m:[0m reuse idle connection for ("http", 192.168.0.14:8545)
[2m2025-12-10T10:11:24.597708Z[0m [34mDEBUG[0m [2mhyper::proto::h1::io[0m[2m:[0m flushed 172 bytes
[2m2025-12-10T10:11:24.600611Z[0m [34mDEBUG[0m [2mhyper::proto::h1::io[0m[2m:[0m parsed 4 headers
[2m2025-12-10T10:11:24.605021Z[0m [34mDEBUG[0m [2mhyper::proto::h1::conn[0m[2m:[0m incoming body is content-length (45 bytes)
[2m2025-12-10T10:11:24.605032Z[0m [34mDEBUG[0m [2mhyper::proto::h1::conn[0m[2m:[0m incoming body completed
[2m2025-12-10T10:11:24.605047Z[0m [34mDEBUG[0m [2mhyper::client::pool[0m[2m:[0m pooling idle connection for ("http", 192.168.0.14:8545)
[2m2025-12-10T10:11:24.614402Z[0m [34mDEBUG[0m [2methereum_transaction_pool_monitor::eth_client[0m[2m:[0m 📨 Received WebSocket message: {"jsonrpc":"2.0","method":"eth_subscription","params":{"subscription":"0xbed0a0851463e895960a451075a301a9","result":"0x8b612d46cb93451cfd43ef9179d77edf657aa554d5d9ac73278584c3275395f1"}}
[2m2025-12-10T10:11:24.614425Z[0m [34mDEBUG[0m [2methereum_transaction_pool_monitor::eth_client[0m[2m:[0m 📨 Received pending transaction: 0x8b612d46cb93451cfd43ef9179d77edf657aa554d5d9ac73278584c3275395f1
[2m2025-12-10T10:11:24.655296Z[0m [34mDEBUG[0m [2methereum_transaction_pool_monitor::eth_client[0m[2m:[0m ✅ Transaction 0x877961ff8e5563c72d1da747220910958956d5aea3360fe441de5d2861e0351a fetched and parsed in 84.066125ms
[2m2025-12-10T10:11:24.655323Z[0m [34mDEBUG[0m [2methereum_transaction_pool_monitor::mempool_monitor[0m[2m:[0m 🔍 Skipping tx 0x877961ff8e5563c72d1da747220910958956d5aea3360fe441de5d2861e0351a - not a DEX interaction (target: 0x5c7BCd6E7De5423a257D81B442095A1a6ced35C5)
[2m2025-12-10T10:11:24.655332Z[0m [34mDEBUG[0m [2methereum_transaction_pool_monitor::mempool_monitor[0m[2m:[0m 📨 Processing new pending transaction: 0x8b612d46cb93451cfd43ef9179d77edf657aa554d5d9ac73278584c3275395f1
[2m2025-12-10T10:11:24.655337Z[0m [34mDEBUG[0m [2methereum_transaction_pool_monitor::mempool_monitor[0m[2m:[0m 🔍 Fetching transaction details for: 0x8b612d46cb93451cfd43ef9179d77edf657aa554d5d9ac73278584c3275395f1
[2m2025-12-10T10:11:24.655341Z[0m [34mDEBUG[0m [2methereum_transaction_pool_monitor::eth_client[0m[2m:[0m 🔍 Fetching transaction details for hash: 0x8b612d46cb93451cfd43ef9179d77edf657aa554d5d9ac73278584c3275395f1
[2m2025-12-10T10:11:24.655359Z[0m [34mDEBUG[0m [2mhyper::client::pool[0m[2m:[0m reuse idle connection for ("http", 192.168.0.14:8545)
[2m2025-12-10T10:11:24.655412Z[0m [34mDEBUG[0m [2mhyper::proto::h1::io[0m[2m:[0m flushed 250 bytes
[2m2025-12-10T10:11:24.662344Z[0m [34mDEBUG[0m [2mhyper::proto::h1::io[0m[2m:[0m parsed 4 headers
[2m2025-12-10T10:11:24.662358Z[0m [34mDEBUG[0m [2mhyper::proto::h1::conn[0m[2m:[0m incoming body is content-length (770 bytes)
[2m2025-12-10T10:11:24.662366Z[0m [34mDEBUG[0m [2mhyper::proto::h1::conn[0m[2m:[0m incoming body completed
[2m2025-12-10T10:11:24.662375Z[0m [34mDEBUG[0m [2mhyper::client::pool[0m[2m:[0m pooling idle connection for ("http", 192.168.0.14:8545)
[2m2025-12-10T10:11:24.662382Z[0m [34mDEBUG[0m [2methereum_transaction_pool_monitor::eth_client[0m[2m:[0m 📡 Transaction fetch RPC completed in 7.036708ms
[2m2025-12-10T10:11:24.662399Z[0m [34mDEBUG[0m [2methereum_transaction_pool_monitor::eth_client[0m[2m:[0m DeFi transaction detected - Address: 0xdac17f958d2ee523a2206206994597c13d831ec7, Type: Stablecoin, Value: 0 ETH, Gas: 2.17 Gwei
[2m2025-12-10T10:11:24.662411Z[0m [34mDEBUG[0m [2methereum_transaction_pool_monitor::eth_client[0m[2m:[0m ✅ Transaction 0x8b612d46cb93451cfd43ef9179d77edf657aa554d5d9ac73278584c3275395f1 fetched and parsed in 7.0655ms
[2m2025-12-10T10:11:24.662417Z[0m [34mDEBUG[0m [2methereum_transaction_pool_monitor::mempool_monitor[0m[2m:[0m 🔍 Skipping tx 0x8b612d46cb93451cfd43ef9179d77edf657aa554d5d9ac73278584c3275395f1 - not a DEX interaction (target: 0xdAC17F958D2ee523a2206206994597C13D831ec7)
[2m2025-12-10T10:11:24.699455Z[0m [34mDEBUG[0m [2mhyper::client::pool[0m[2m:[0m reuse idle connection for ("http", 192.168.0.14:8545)
[2m2025-12-10T10:11:24.699506Z[0m [34mDEBUG[0m [2mhyper::proto::h1::io[0m[2m:[0m flushed 172 bytes
[2m2025-12-10T10:11:24.702475Z[0m [34mDEBUG[0m [2mhyper::proto::h1::io[0m[2m:[0m parsed 4 headers
[2m2025-12-10T10:11:24.702499Z[0m [34mDEBUG[0m [2mhyper::proto::h1::conn[0m[2m:[0m incoming body is content-length (45 bytes)
[2m2025-12-10T10:11:24.702525Z[0m [34mDEBUG[0m [2mhyper::proto::h1::conn[0m[2m:[0m incoming body completed
[2m2025-12-10T10:11:24.702534Z[0m [34mDEBUG[0m [2mhyper::client::pool[0m[2m:[0m pooling idle connection for ("http", 192.168.0.14:8545)
[2m2025-12-10T10:11:24.777006Z[0m [34mDEBUG[0m [2methereum_transaction_pool_monitor::eth_client[0m[2m:[0m 📨 Received WebSocket message: {"jsonrpc":"2.0","method":"eth_subscription","params":{"subscription":"0xbed0a0851463e895960a451075a301a9","result":"0xa35c5a6f8a8a0644168480917ac4311f49b33eb77bf933ad7ebb05fb082de445"}}
[2m2025-12-10T10:11:24.777025Z[0m [34mDEBUG[0m [2methereum_transaction_pool_monitor::eth_client[0m[2m:[0m 📨 Received pending transaction: 0xa35c5a6f8a8a0644168480917ac4311f49b33eb77bf933ad7ebb05fb082de445
[2m2025-12-10T10:11:24.777033Z[0m [34mDEBUG[0m [2methereum_transaction_pool_monitor::mempool_monitor[0m[2m:[0m 📨 Processing new pending transaction: 0xa35c5a6f8a8a0644168480917ac4311f49b33eb77bf933ad7ebb05fb082de445
[2m2025-12-10T10:11:24.777038Z[0m [34mDEBUG[0m [2methereum_transaction_pool_monitor::mempool_monitor[0m[2m:[0m 🔍 Fetching transaction details for: 0xa35c5a6f8a8a0644168480917ac4311f49b33eb77bf933ad7ebb05fb082de445
[2m2025-12-10T10:11:24.777042Z[0m [34mDEBUG[0m [2methereum_transaction_pool_monitor::eth_client[0m[2m:[0m 🔍 Fetching transaction details for hash: 0xa35c5a6f8a8a0644168480917ac4311f49b33eb77bf933ad7ebb05fb082de445
[2m2025-12-10T10:11:24.777059Z[0m [34mDEBUG[0m [2mhyper::client::pool[0m[2m:[0m reuse idle connection for ("http", 192.168.0.14:8545)
[2m2025-12-10T10:11:24.777080Z[0m [34mDEBUG[0m [2mhyper::proto::h1::io[0m[2m:[0m flushed 250 bytes
[2m2025-12-10T10:11:24.786600Z[0m [34mDEBUG[0m [2mhyper::proto::h1::io[0m[2m:[0m parsed 4 headers
[2m2025-12-10T10:11:24.786634Z[0m [34mDEBUG[0m [2mhyper::proto::h1::conn[0m[2m:[0m incoming body is content-length (1217 bytes)
[2m2025-12-10T10:11:24.786650Z[0m [34mDEBUG[0m [2mhyper::proto::h1::conn[0m[2m:[0m incoming body completed
[2m2025-12-10T10:11:24.786680Z[0m [34mDEBUG[0m [2mhyper::client::pool[0m[2m:[0m pooling idle connection for ("http", 192.168.0.14:8545)
[2m2025-12-10T10:11:24.786689Z[0m [34mDEBUG[0m [2methereum_transaction_pool_monitor::eth_client[0m[2m:[0m 📡 Transaction fetch RPC completed in 9.642583ms
[2m2025-12-10T10:11:24.861549Z[0m [34mDEBUG[0m [2methereum_transaction_pool_monitor::eth_client[0m[2m:[0m ✅ Transaction 0xa35c5a6f8a8a0644168480917ac4311f49b33eb77bf933ad7ebb05fb082de445 fetched and parsed in 84.4995ms
[2m2025-12-10T10:11:24.861577Z[0m [34mDEBUG[0m [2methereum_transaction_pool_monitor::mempool_monitor[0m[2m:[0m 🔍 Skipping tx 0xa35c5a6f8a8a0644168480917ac4311f49b33eb77bf933ad7ebb05fb082de445 - not a DEX interaction (target: 0xF6801D319497789f934ec7F83E142a9536312B08)
[2m2025-12-10T10:11:24.861614Z[0m [34mDEBUG[0m [2mhyper::client::pool[0m[2m:[0m reuse idle connection for ("http", 192.168.0.14:8545)
[2m2025-12-10T10:11:24.861640Z[0m [34mDEBUG[0m [2mhyper::proto::h1::io[0m[2m:[0m flushed 172 bytes
[2m2025-12-10T10:11:24.861643Z[0m [34mDEBUG[0m [2methereum_transaction_pool_monitor::eth_client[0m[2m:[0m 📨 Received WebSocket message: {"jsonrpc":"2.0","method":"eth_subscription","params":{"subscription":"0xbed0a0851463e895960a451075a301a9","result":"0x3af3f120c5f8bc731d05317d5160d85b63c9d1ce8a74a28ac6e1cdad76885cd2"}}
[2m2025-12-10T10:11:24.861668Z[0m [34mDEBUG[0m [2methereum_transaction_pool_monitor::eth_client[0m[2m:[0m 📨 Received pending transaction: 0x3af3f120c5f8bc731d05317d5160d85b63c9d1ce8a74a28ac6e1cdad76885cd2
[2m2025-12-10T10:11:24.861678Z[0m [34mDEBUG[0m [2methereum_transaction_pool_monitor::mempool_monitor[0m[2m:[0m 📨 Processing new pending transaction: 0x3af3f120c5f8bc731d05317d5160d85b63c9d1ce8a74a28ac6e1cdad76885cd2
[2m2025-12-10T10:11:24.861686Z[0m [34mDEBUG[0m [2methereum_transaction_pool_monitor::mempool_monitor[0m[2m:[0m 🔍 Fetching transaction details for: 0x3af3f120c5f8bc731d05317d5160d85b63c9d1ce8a74a28ac6e1cdad76885cd2
[2m2025-12-10T10:11:24.861692Z[0m [34mDEBUG[0m [2methereum_transaction_pool_monitor::eth_client[0m[2m:[0m 🔍 Fetching transaction details for hash: 0x3af3f120c5f8bc731d05317d5160d85b63c9d1ce8a74a28ac6e1cdad76885cd2
[2m2025-12-10T10:11:24.861703Z[0m [34mDEBUG[0m [2mhyper::client::pool[0m[2m:[0m reuse idle connection for ("http", 192.168.0.14:8545)
[2m2025-12-10T10:11:24.861719Z[0m [34mDEBUG[0m [2mhyper::proto::h1::io[0m[2m:[0m flushed 250 bytes
[2m2025-12-10T10:11:24.872589Z[0m [34mDEBUG[0m [2mhyper::proto::h1::io[0m[2m:[0m parsed 4 headers
[2m2025-12-10T10:11:24.872607Z[0m [34mDEBUG[0m [2mhyper::proto::h1::io[0m[2m:[0m parsed 4 headers
[2m2025-12-10T10:11:24.872622Z[0m [34mDEBUG[0m [2mhyper::proto::h1::conn[0m[2m:[0m incoming body is content-length (1021 bytes)
[2m2025-12-10T10:11:24.872630Z[0m [34mDEBUG[0m [2mhyper::proto::h1::conn[0m[2m:[0m incoming body is content-length (45 bytes)
[2m2025-12-10T10:11:24.872642Z[0m [34mDEBUG[0m [2mhyper::proto::h1::conn[0m[2m:[0m incoming body completed
[2m2025-12-10T10:11:24.872643Z[0m [34mDEBUG[0m [2mhyper::proto::h1::conn[0m[2m:[0m incoming body completed
[2m2025-12-10T10:11:24.872664Z[0m [34mDEBUG[0m [2mhyper::client::pool[0m[2m:[0m pooling idle connection for ("http", 192.168.0.14:8545)
[2m2025-12-10T10:11:24.872665Z[0m [34mDEBUG[0m [2mhyper::client::pool[0m[2m:[0m pooling idle connection for ("http", 192.168.0.14:8545)
[2m2025-12-10T10:11:24.872672Z[0m [34mDEBUG[0m [2methereum_transaction_pool_monitor::eth_client[0m[2m:[0m 📡 Transaction fetch RPC completed in 10.974333ms
[2m2025-12-10T10:11:24.899721Z[0m [34mDEBUG[0m [2mhyper::client::pool[0m[2m:[0m reuse idle connection for ("http", 192.168.0.14:8545)
[2m2025-12-10T10:11:24.899782Z[0m [34mDEBUG[0m [2mhyper::proto::h1::io[0m[2m:[0m flushed 172 bytes
[2m2025-12-10T10:11:24.903659Z[0m [34mDEBUG[0m [2mhyper::proto::h1::io[0m[2m:[0m parsed 4 headers
[2m2025-12-10T10:11:24.903667Z[0m [34mDEBUG[0m [2mhyper::proto::h1::conn[0m[2m:[0m incoming body is content-length (45 bytes)
[2m2025-12-10T10:11:24.903674Z[0m [34mDEBUG[0m [2mhyper::proto::h1::conn[0m[2m:[0m incoming body completed
[2m2025-12-10T10:11:24.903683Z[0m [34mDEBUG[0m [2mhyper::client::pool[0m[2m:[0m pooling idle connection for ("http", 192.168.0.14:8545)
[2m2025-12-10T10:11:24.944512Z[0m [34mDEBUG[0m [2methereum_transaction_pool_monitor::eth_client[0m[2m:[0m ✅ Transaction 0x3af3f120c5f8bc731d05317d5160d85b63c9d1ce8a74a28ac6e1cdad76885cd2 fetched and parsed in 82.811458ms
[2m2025-12-10T10:11:24.944537Z[0m [34mDEBUG[0m [2methereum_transaction_pool_monitor::mempool_monitor[0m[2m:[0m 🔍 Skipping tx 0x3af3f120c5f8bc731d05317d5160d85b63c9d1ce8a74a28ac6e1cdad76885cd2 - not a DEX interaction (target: 0xF270f96DB3989B2ef5dC9Da8BadB57E873A8c661)
[2m2025-12-10T10:11:24.999743Z[0m [34mDEBUG[0m [2mhyper::client::pool[0m[2m:[0m reuse idle connection for ("http", 192.168.0.14:8545)
[2m2025-12-10T10:11:24.999774Z[0m [34mDEBUG[0m [2mhyper::proto::h1::io[0m[2m:[0m flushed 172 bytes
[2m2025-12-10T10:11:25.003650Z[0m [34mDEBUG[0m [2mhyper::proto::h1::io[0m[2m:[0m parsed 4 headers
[2m2025-12-10T10:11:25.003667Z[0m [34mDEBUG[0m [2mhyper::proto::h1::conn[0m[2m:[0m incoming body is content-length (45 bytes)
[2m2025-12-10T10:11:25.003687Z[0m [34mDEBUG[0m [2mhyper::proto::h1::conn[0m[2m:[0m incoming body completed
[2m2025-12-10T10:11:25.003702Z[0m [34mDEBUG[0m [2mhyper::client::pool[0m[2m:[0m pooling idle connection for ("http", 192.168.0.14:8545)
[2m2025-12-10T10:11:25.099787Z[0m [34mDEBUG[0m [2mhyper::client::pool[0m[2m:[0m reuse idle connection for ("http", 192.168.0.14:8545)
[2m2025-12-10T10:11:25.099827Z[0m [34mDEBUG[0m [2mhyper::proto::h1::io[0m[2m:[0m flushed 172 bytes
[2m2025-12-10T10:11:25.102960Z[0m [34mDEBUG[0m [2mhyper::proto::h1::io[0m[2m:[0m parsed 4 headers
[2m2025-12-10T10:11:25.102979Z[0m [34mDEBUG[0m [2mhyper::proto::h1::conn[0m[2m:[0m incoming body is content-length (45 bytes)
[2m2025-12-10T10:11:25.102991Z[0m [34mDEBUG[0m [2mhyper::proto::h1::conn[0m[2m:[0m incoming body completed
[2m2025-12-10T10:11:25.103003Z[0m [34mDEBUG[0m [2mhyper::client::pool[0m[2m:[0m pooling idle connection for ("http", 192.168.0.14:8545)
[2m2025-12-10T10:11:25.134366Z[0m [34mDEBUG[0m [2methereum_transaction_pool_monitor::eth_client[0m[2m:[0m 📨 Received WebSocket message: {"jsonrpc":"2.0","method":"eth_subscription","params":{"subscription":"0xbed0a0851463e895960a451075a301a9","result":"0x6b8b286eb02502878f3f544c57631e6fb111f9d16172cce212ea8f758e9dc8aa"}}
[2m2025-12-10T10:11:25.134454Z[0m [34mDEBUG[0m [2methereum_transaction_pool_monitor::eth_client[0m[2m:[0m 📨 Received pending transaction: 0x6b8b286eb02502878f3f544c57631e6fb111f9d16172cce212ea8f758e9dc8aa
[2m2025-12-10T10:11:25.134473Z[0m [34mDEBUG[0m [2methereum_transaction_pool_monitor::eth_client[0m[2m:[0m 📨 Received WebSocket message: {"jsonrpc":"2.0","method":"eth_subscription","params":{"subscription":"0xbed0a0851463e895960a451075a301a9","result":"0x7ec55d62cd6ae9cd3be4a2ab187afb6a38377c6d9bf85aeb7e6935afbee97c56"}}
[2m2025-12-10T10:11:25.134491Z[0m [34mDEBUG[0m [2methereum_transaction_pool_monitor::eth_client[0m[2m:[0m 📨 Received pending transaction: 0x7ec55d62cd6ae9cd3be4a2ab187afb6a38377c6d9bf85aeb7e6935afbee97c56
[2m2025-12-10T10:11:25.134511Z[0m [34mDEBUG[0m [2methereum_transaction_pool_monitor::mempool_monitor[0m[2m:[0m 📨 Processing new pending transaction: 0x6b8b286eb02502878f3f544c57631e6fb111f9d16172cce212ea8f758e9dc8aa
[2m2025-12-10T10:11:25.134526Z[0m [34mDEBUG[0m [2methereum_transaction_pool_monitor::mempool_monitor[0m[2m:[0m 🔍 Fetching transaction details for: 0x6b8b286eb02502878f3f544c57631e6fb111f9d16172cce212ea8f758e9dc8aa
[2m2025-12-10T10:11:25.134545Z[0m [34mDEBUG[0m [2methereum_transaction_pool_monitor::eth_client[0m[2m:[0m 🔍 Fetching transaction details for hash: 0x6b8b286eb02502878f3f544c57631e6fb111f9d16172cce212ea8f758e9dc8aa
[2m2025-12-10T10:11:25.134598Z[0m [34mDEBUG[0m [2mhyper::client::pool[0m[2m:[0m reuse idle connection for ("http", 192.168.0.14:8545)
[2m2025-12-10T10:11:25.134975Z[0m [34mDEBUG[0m [2mhyper::proto::h1::io[0m[2m:[0m flushed 250 bytes
[2m2025-12-10T10:11:25.139522Z[0m [34mDEBUG[0m [2mhyper::proto::h1::io[0m[2m:[0m parsed 4 headers
[2m2025-12-10T10:11:25.139540Z[0m [34mDEBUG[0m [2mhyper::proto::h1::conn[0m[2m:[0m incoming body is content-length (774 bytes)
[2m2025-12-10T10:11:25.139562Z[0m [34mDEBUG[0m [2mhyper::proto::h1::conn[0m[2m:[0m incoming body completed
[2m2025-12-10T10:11:25.139585Z[0m [34mDEBUG[0m [2mhyper::client::pool[0m[2m:[0m pooling idle connection for ("http", 192.168.0.14:8545)
[2m2025-12-10T10:11:25.139605Z[0m [34mDEBUG[0m [2methereum_transaction_pool_monitor::eth_client[0m[2m:[0m 📡 Transaction fetch RPC completed in 5.047958ms
[2m2025-12-10T10:11:25.139647Z[0m [34mDEBUG[0m [2methereum_transaction_pool_monitor::eth_client[0m[2m:[0m DeFi transaction detected - Address: 0xdac17f958d2ee523a2206206994597c13d831ec7, Type: Stablecoin, Value: 0 ETH, Gas: 1.89 Gwei
[2m2025-12-10T10:11:25.139688Z[0m [34mDEBUG[0m [2methereum_transaction_pool_monitor::eth_client[0m[2m:[0m ✅ Transaction 0x6b8b286eb02502878f3f544c57631e6fb111f9d16172cce212ea8f758e9dc8aa fetched and parsed in 5.131042ms
[2m2025-12-10T10:11:25.139705Z[0m [34mDEBUG[0m [2methereum_transaction_pool_monitor::mempool_monitor[0m[2m:[0m 🔍 Skipping tx 0x6b8b286eb02502878f3f544c57631e6fb111f9d16172cce212ea8f758e9dc8aa - not a DEX interaction (target: 0xdAC17F958D2ee523a2206206994597C13D831ec7)
[2m2025-12-10T10:11:25.139724Z[0m [34mDEBUG[0m [2methereum_transaction_pool_monitor::mempool_monitor[0m[2m:[0m 📨 Processing new pending transaction: 0x7ec55d62cd6ae9cd3be4a2ab187afb6a38377c6d9bf85aeb7e6935afbee97c56
[2m2025-12-10T10:11:25.139737Z[0m [34mDEBUG[0m [2methereum_transaction_pool_monitor::mempool_monitor[0m[2m:[0m 🔍 Fetching transaction details for: 0x7ec55d62cd6ae9cd3be4a2ab187afb6a38377c6d9bf85aeb7e6935afbee97c56
[2m2025-12-10T10:11:25.139747Z[0m [34mDEBUG[0m [2methereum_transaction_pool_monitor::eth_client[0m[2m:[0m 🔍 Fetching transaction details for hash: 0x7ec55d62cd6ae9cd3be4a2ab187afb6a38377c6d9bf85aeb7e6935afbee97c56
[2m2025-12-10T10:11:25.139780Z[0m [34mDEBUG[0m [2mhyper::client::pool[0m[2m:[0m reuse idle connection for ("http", 192.168.0.14:8545)
[2m2025-12-10T10:11:25.139819Z[0m [34mDEBUG[0m [2mhyper::proto::h1::io[0m[2m:[0m flushed 250 bytes
[2m2025-12-10T10:11:25.147967Z[0m [34mDEBUG[0m [2mhyper::proto::h1::io[0m[2m:[0m parsed 4 headers
[2m2025-12-10T10:11:25.148010Z[0m [34mDEBUG[0m [2mhyper::proto::h1::conn[0m[2m:[0m incoming body is content-length (642 bytes)
[2m2025-12-10T10:11:25.148028Z[0m [34mDEBUG[0m [2mhyper::proto::h1::conn[0m[2m:[0m incoming body completed
[2m2025-12-10T10:11:25.148049Z[0m [34mDEBUG[0m [2mhyper::client::pool[0m[2m:[0m pooling idle connection for ("http", 192.168.0.14:8545)
[2m2025-12-10T10:11:25.148066Z[0m [34mDEBUG[0m [2methereum_transaction_pool_monitor::eth_client[0m[2m:[0m 📡 Transaction fetch RPC completed in 8.309375ms
[2m2025-12-10T10:11:25.342137Z[0m [34mDEBUG[0m [2methereum_transaction_pool_monitor::eth_client[0m[2m:[0m ✅ Transaction 0x7ec55d62cd6ae9cd3be4a2ab187afb6a38377c6d9bf85aeb7e6935afbee97c56 fetched and parsed in 202.377333ms
[2m2025-12-10T10:11:25.342164Z[0m [34mDEBUG[0m [2methereum_transaction_pool_monitor::mempool_monitor[0m[2m:[0m 🔍 Skipping tx 0x7ec55d62cd6ae9cd3be4a2ab187afb6a38377c6d9bf85aeb7e6935afbee97c56 - not a DEX interaction (target: 0x98adF786e9F525432E8eAb37485cC61BCaA28798)
[2m2025-12-10T10:11:25.342208Z[0m [34mDEBUG[0m [2mhyper::client::pool[0m[2m:[0m reuse idle connection for ("http", 192.168.0.14:8545)
[2m2025-12-10T10:11:25.342254Z[0m [34mDEBUG[0m [2mhyper::proto::h1::io[0m[2m:[0m flushed 172 bytes
[2m2025-12-10T10:11:25.346384Z[0m [34mDEBUG[0m [2mhyper::proto::h1::io[0m[2m:[0m parsed 4 headers
[2m2025-12-10T10:11:25.346391Z[0m [34mDEBUG[0m [2mhyper::proto::h1::conn[0m[2m:[0m incoming body is content-length (45 bytes)
[2m2025-12-10T10:11:25.346402Z[0m [34mDEBUG[0m [2mhyper::proto::h1::conn[0m[2m:[0m incoming body completed
[2m2025-12-10T10:11:25.346413Z[0m [34mDEBUG[0m [2mhyper::client::pool[0m[2m:[0m pooling idle connection for ("http", 192.168.0.14:8545)
[2m2025-12-10T10:11:25.346438Z[0m [34mDEBUG[0m [2mhyper::client::pool[0m[2m:[0m reuse idle connection for ("http", 192.168.0.14:8545)
[2m2025-12-10T10:11:25.346479Z[0m [34mDEBUG[0m [2mhyper::proto::h1::io[0m[2m:[0m flushed 172 bytes
[2m2025-12-10T10:11:25.352300Z[0m [34mDEBUG[0m [2methereum_transaction_pool_monitor::eth_client[0m[2m:[0m 📨 Received WebSocket message: {"jsonrpc":"2.0","method":"eth_subscription","params":{"subscription":"0xbed0a0851463e895960a451075a301a9","result":"0x85cfa07f3708a724b6387f80d2b3f70c55fa8b8693cf411aa624eeb4f2cee132"}}
[2m2025-12-10T10:11:25.352316Z[0m [34mDEBUG[0m [2methereum_transaction_pool_monitor::eth_client[0m[2m:[0m 📨 Received pending transaction: 0x85cfa07f3708a724b6387f80d2b3f70c55fa8b8693cf411aa624eeb4f2cee132
[2m2025-12-10T10:11:25.352333Z[0m [34mDEBUG[0m [2methereum_transaction_pool_monitor::mempool_monitor[0m[2m:[0m 📨 Processing new pending transaction: 0x85cfa07f3708a724b6387f80d2b3f70c55fa8b8693cf411aa624eeb4f2cee132
[2m2025-12-10T10:11:25.352338Z[0m [34mDEBUG[0m [2methereum_transaction_pool_monitor::mempool_monitor[0m[2m:[0m 🔍 Fetching transaction details for: 0x85cfa07f3708a724b6387f80d2b3f70c55fa8b8693cf411aa624eeb4f2cee132
[2m2025-12-10T10:11:25.352342Z[0m [34mDEBUG[0m [2methereum_transaction_pool_monitor::eth_client[0m[2m:[0m 🔍 Fetching transaction details for hash: 0x85cfa07f3708a724b6387f80d2b3f70c55fa8b8693cf411aa624eeb4f2cee132
[2m2025-12-10T10:11:25.352352Z[0m [34mDEBUG[0m [2mhyper::client::pool[0m[2m:[0m reuse idle connection for ("http", 192.168.0.14:8545)
[2m2025-12-10T10:11:25.352371Z[0m [34mDEBUG[0m [2mhyper::proto::h1::io[0m[2m:[0m flushed 250 bytes
[2m2025-12-10T10:11:25.352813Z[0m [34mDEBUG[0m [2mhyper::proto::h1::io[0m[2m:[0m parsed 4 headers
[2m2025-12-10T10:11:25.352820Z[0m [34mDEBUG[0m [2mhyper::proto::h1::conn[0m[2m:[0m incoming body is content-length (45 bytes)
[2m2025-12-10T10:11:25.352828Z[0m [34mDEBUG[0m [2mhyper::proto::h1::conn[0m[2m:[0m incoming body completed
[2m2025-12-10T10:11:25.352833Z[0m [34mDEBUG[0m [2mhyper::client::pool[0m[2m:[0m pooling idle connection for ("http", 192.168.0.14:8545)
[2m2025-12-10T10:11:25.360210Z[0m [34mDEBUG[0m [2mhyper::proto::h1::io[0m[2m:[0m parsed 4 headers
[2m2025-12-10T10:11:25.360235Z[0m [34mDEBUG[0m [2mhyper::proto::h1::conn[0m[2m:[0m incoming body is content-length (658 bytes)
[2m2025-12-10T10:11:25.360256Z[0m [34mDEBUG[0m [2mhyper::proto::h1::conn[0m[2m:[0m incoming body completed
[2m2025-12-10T10:11:25.360270Z[0m [34mDEBUG[0m [2mhyper::client::pool[0m[2m:[0m pooling idle connection for ("http", 192.168.0.14:8545)
[2m2025-12-10T10:11:25.360276Z[0m [34mDEBUG[0m [2methereum_transaction_pool_monitor::eth_client[0m[2m:[0m 📡 Transaction fetch RPC completed in 7.930208ms
[2m2025-12-10T10:11:25.429414Z[0m [34mDEBUG[0m [2methereum_transaction_pool_monitor::eth_client[0m[2m:[0m ✅ Transaction 0x85cfa07f3708a724b6387f80d2b3f70c55fa8b8693cf411aa624eeb4f2cee132 fetched and parsed in 77.065208ms
[2m2025-12-10T10:11:25.429445Z[0m [34mDEBUG[0m [2methereum_transaction_pool_monitor::mempool_monitor[0m[2m:[0m 🔍 Skipping tx 0x85cfa07f3708a724b6387f80d2b3f70c55fa8b8693cf411aa624eeb4f2cee132 - not a DEX interaction (target: 0x0529ea5885702715e83923c59746ae8734c553B7)
[2m2025-12-10T10:11:25.429498Z[0m [34mDEBUG[0m [2mhyper::client::pool[0m[2m:[0m reuse idle connection for ("http", 192.168.0.14:8545)
[2m2025-12-10T10:11:25.429526Z[0m [34mDEBUG[0m [2mhyper::proto::h1::io[0m[2m:[0m flushed 172 bytes
[2m2025-12-10T10:11:25.429528Z[0m [34mDEBUG[0m [2methereum_transaction_pool_monitor::eth_client[0m[2m:[0m 📨 Received WebSocket message: {"jsonrpc":"2.0","method":"eth_subscription","params":{"subscription":"0xbed0a0851463e895960a451075a301a9","result":"0xa0337e2bff302ca8f23a5ce97ce376ac05244354d8246b1159dc3d7b8d8372f9"}}
[2m2025-12-10T10:11:25.429540Z[0m [34mDEBUG[0m [2methereum_transaction_pool_monitor::eth_client[0m[2m:[0m 📨 Received pending transaction: 0xa0337e2bff302ca8f23a5ce97ce376ac05244354d8246b1159dc3d7b8d8372f9
[2m2025-12-10T10:11:25.429546Z[0m [34mDEBUG[0m [2methereum_transaction_pool_monitor::eth_client[0m[2m:[0m 📨 Received WebSocket message: {"jsonrpc":"2.0","method":"eth_subscription","params":{"subscription":"0xbed0a0851463e895960a451075a301a9","result":"0x8e2259478601b7125d6d00e503184fa7a6d4c8007c52e568e23dd423123de4e8"}}
[2m2025-12-10T10:11:25.429551Z[0m [34mDEBUG[0m [2methereum_transaction_pool_monitor::eth_client[0m[2m:[0m 📨 Received pending transaction: 0x8e2259478601b7125d6d00e503184fa7a6d4c8007c52e568e23dd423123de4e8
[2m2025-12-10T10:11:25.429556Z[0m [34mDEBUG[0m [2methereum_transaction_pool_monitor::eth_client[0m[2m:[0m 📨 Received WebSocket message: {"jsonrpc":"2.0","method":"eth_subscription","params":{"subscription":"0xbed0a0851463e895960a451075a301a9","result":"0x074a4acf3e82b924d82e6b254136aeaae29d6c7902fd5e379fce8d16f6e6c861"}}
[2m2025-12-10T10:11:25.429561Z[0m [34mDEBUG[0m [2methereum_transaction_pool_monitor::eth_client[0m[2m:[0m 📨 Received pending transaction: 0x074a4acf3e82b924d82e6b254136aeaae29d6c7902fd5e379fce8d16f6e6c861
[2m2025-12-10T10:11:25.429566Z[0m [34mDEBUG[0m [2methereum_transaction_pool_monitor::mempool_monitor[0m[2m:[0m 📨 Processing new pending transaction: 0xa0337e2bff302ca8f23a5ce97ce376ac05244354d8246b1159dc3d7b8d8372f9
[2m2025-12-10T10:11:25.429570Z[0m [34mDEBUG[0m [2methereum_transaction_pool_monitor::mempool_monitor[0m[2m:[0m 🔍 Fetching transaction details for: 0xa0337e2bff302ca8f23a5ce97ce376ac05244354d8246b1159dc3d7b8d8372f9
[2m2025-12-10T10:11:25.429574Z[0m [34mDEBUG[0m [2methereum_transaction_pool_monitor::eth_client[0m[2m:[0m 🔍 Fetching transaction details for hash: 0xa0337e2bff302ca8f23a5ce97ce376ac05244354d8246b1159dc3d7b8d8372f9
[2m2025-12-10T10:11:25.429582Z[0m [34mDEBUG[0m [2mhyper::client::pool[0m[2m:[0m reuse idle connection for ("http", 192.168.0.14:8545)
[2m2025-12-10T10:11:25.429596Z[0m [34mDEBUG[0m [2mhyper::proto::h1::io[0m[2m:[0m flushed 250 bytes
[2m2025-12-10T10:11:25.432570Z[0m [34mDEBUG[0m [2mhyper::proto::h1::io[0m[2m:[0m parsed 4 headers
[2m2025-12-10T10:11:25.432582Z[0m [34mDEBUG[0m [2mhyper::proto::h1::conn[0m[2m:[0m incoming body is content-length (45 bytes)
[2m2025-12-10T10:11:25.432606Z[0m [34mDEBUG[0m [2mhyper::proto::h1::conn[0m[2m:[0m incoming body completed
[2m2025-12-10T10:11:25.432615Z[0m [34mDEBUG[0m [2mhyper::client::pool[0m[2m:[0m pooling idle connection for ("http", 192.168.0.14:8545)
[2m2025-12-10T10:11:25.433365Z[0m [34mDEBUG[0m [2mhyper::proto::h1::io[0m[2m:[0m parsed 4 headers
[2m2025-12-10T10:11:25.433387Z[0m [34mDEBUG[0m [2mhyper::proto::h1::conn[0m[2m:[0m incoming body is content-length (645 bytes)
[2m2025-12-10T10:11:25.433406Z[0m [34mDEBUG[0m [2mhyper::proto::h1::conn[0m[2m:[0m incoming body completed
[2m2025-12-10T10:11:25.433424Z[0m [34mDEBUG[0m [2mhyper::client::pool[0m[2m:[0m pooling idle connection for ("http", 192.168.0.14:8545)
[2m2025-12-10T10:11:25.433428Z[0m [34mDEBUG[0m [2methereum_transaction_pool_monitor::eth_client[0m[2m:[0m 📡 Transaction fetch RPC completed in 3.850666ms
[2m2025-12-10T10:11:25.515983Z[0m [34mDEBUG[0m [2methereum_transaction_pool_monitor::eth_client[0m[2m:[0m ✅ Transaction 0xa0337e2bff302ca8f23a5ce97ce376ac05244354d8246b1159dc3d7b8d8372f9 fetched and parsed in 86.402458ms
[2m2025-12-10T10:11:25.516015Z[0m [34mDEBUG[0m [2methereum_transaction_pool_monitor::mempool_monitor[0m[2m:[0m 🔍 Skipping tx 0xa0337e2bff302ca8f23a5ce97ce376ac05244354d8246b1159dc3d7b8d8372f9 - not a DEX interaction (target: 0xA26148AE51fa8E787DF319C04137602Cc018b521)
[2m2025-12-10T10:11:25.516033Z[0m [34mDEBUG[0m [2methereum_transaction_pool_monitor::mempool_monitor[0m[2m:[0m 📨 Processing new pending transaction: 0x8e2259478601b7125d6d00e503184fa7a6d4c8007c52e568e23dd423123de4e8
[2m2025-12-10T10:11:25.516048Z[0m [34mDEBUG[0m [2methereum_transaction_pool_monitor::mempool_monitor[0m[2m:[0m 🔍 Fetching transaction details for: 0x8e2259478601b7125d6d00e503184fa7a6d4c8007c52e568e23dd423123de4e8
[2m2025-12-10T10:11:25.516053Z[0m [34mDEBUG[0m [2methereum_transaction_pool_monitor::eth_client[0m[2m:[0m 🔍 Fetching transaction details for hash: 0x8e2259478601b7125d6d00e503184fa7a6d4c8007c52e568e23dd423123de4e8
[2m2025-12-10T10:11:25.516079Z[0m [34mDEBUG[0m [2mhyper::client::pool[0m[2m:[0m reuse idle connection for ("http", 192.168.0.14:8545)
[2m2025-12-10T10:11:25.516126Z[0m [34mDEBUG[0m [2mhyper::proto::h1::io[0m[2m:[0m flushed 250 bytes
[2m2025-12-10T10:11:25.516144Z[0m [34mDEBUG[0m [2mhyper::client::pool[0m[2m:[0m reuse idle connection for ("http", 192.168.0.14:8545)
[2m2025-12-10T10:11:25.516154Z[0m [34mDEBUG[0m [2methereum_transaction_pool_monitor::eth_client[0m[2m:[0m 📨 Received WebSocket message: {"jsonrpc":"2.0","method":"eth_subscription","params":{"subscription":"0xbed0a0851463e895960a451075a301a9","result":"0x45b46b7dcbb10e0cd390d9e4f7a6aa4b100475460e29ad26294795da407ee346"}}
[2m2025-12-10T10:11:25.516168Z[0m [34mDEBUG[0m [2methereum_transaction_pool_monitor::eth_client[0m[2m:[0m 📨 Received pending transaction: 0x45b46b7dcbb10e0cd390d9e4f7a6aa4b100475460e29ad26294795da407ee346
[2m2025-12-10T10:11:25.516174Z[0m [34mDEBUG[0m [2methereum_transaction_pool_monitor::eth_client[0m[2m:[0m 📨 Received WebSocket message: {"jsonrpc":"2.0","method":"eth_subscription","params":{"subscription":"0xbed0a0851463e895960a451075a301a9","result":"0x24e22e97898af392993c2ddada5d4a765efacad69a3b2c8163250a0c7e4fdb28"}}
[2m2025-12-10T10:11:25.516181Z[0m [34mDEBUG[0m [2methereum_transaction_pool_monitor::eth_client[0m[2m:[0m 📨 Received pending transaction: 0x24e22e97898af392993c2ddada5d4a765efacad69a3b2c8163250a0c7e4fdb28
[2m2025-12-10T10:11:25.516157Z[0m [34mDEBUG[0m [2mhyper::proto::h1::io[0m[2m:[0m flushed 172 bytes
[2m2025-12-10T10:11:25.520372Z[0m [34mDEBUG[0m [2mhyper::proto::h1::io[0m[2m:[0m parsed 4 headers
[2m2025-12-10T10:11:25.520400Z[0m [34mDEBUG[0m [2mhyper::proto::h1::conn[0m[2m:[0m incoming body is content-length (45 bytes)
[2m2025-12-10T10:11:25.520425Z[0m [34mDEBUG[0m [2mhyper::proto::h1::conn[0m[2m:[0m incoming body completed
[2m2025-12-10T10:11:25.520434Z[0m [34mDEBUG[0m [2mhyper::client::pool[0m[2m:[0m pooling idle connection for ("http", 192.168.0.14:8545)
[2m2025-12-10T10:11:25.521227Z[0m [34mDEBUG[0m [2mhyper::proto::h1::io[0m[2m:[0m parsed 4 headers
[2m2025-12-10T10:11:25.521233Z[0m [34mDEBUG[0m [2mhyper::proto::h1::conn[0m[2m:[0m incoming body is content-length (648 bytes)
[2m2025-12-10T10:11:25.521240Z[0m [34mDEBUG[0m [2mhyper::proto::h1::conn[0m[2m:[0m incoming body completed
[2m2025-12-10T10:11:25.521251Z[0m [34mDEBUG[0m [2mhyper::client::pool[0m[2m:[0m pooling idle connection for ("http", 192.168.0.14:8545)
[2m2025-12-10T10:11:25.521260Z[0m [34mDEBUG[0m [2methereum_transaction_pool_monitor::eth_client[0m[2m:[0m 📡 Transaction fetch RPC completed in 5.198459ms
[2m2025-12-10T10:11:25.704084Z[0m [34mDEBUG[0m [2methereum_transaction_pool_monitor::eth_client[0m[2m:[0m ✅ Transaction 0x8e2259478601b7125d6d00e503184fa7a6d4c8007c52e568e23dd423123de4e8 fetched and parsed in 188.0175ms
[2m2025-12-10T10:11:25.704415Z[0m [34mDEBUG[0m [2methereum_transaction_pool_monitor::mempool_monitor[0m[2m:[0m 🔍 Skipping tx 0x8e2259478601b7125d6d00e503184fa7a6d4c8007c52e568e23dd423123de4e8 - not a DEX interaction (target: 0x0952b22FDcf09FFdCF3E9D6a2cCc322c6c2C57dB)
[2m2025-12-10T10:11:25.704427Z[0m [34mDEBUG[0m [2methereum_transaction_pool_monitor::mempool_monitor[0m[2m:[0m 📨 Processing new pending transaction: 0x074a4acf3e82b924d82e6b254136aeaae29d6c7902fd5e379fce8d16f6e6c861
[2m2025-12-10T10:11:25.704580Z[0m [34mDEBUG[0m [2methereum_transaction_pool_monitor::mempool_monitor[0m[2m:[0m 🔍 Fetching transaction details for: 0x074a4acf3e82b924d82e6b254136aeaae29d6c7902fd5e379fce8d16f6e6c861
[2m2025-12-10T10:11:25.704586Z[0m [34mDEBUG[0m [2methereum_transaction_pool_monitor::eth_client[0m[2m:[0m 🔍 Fetching transaction details for hash: 0x074a4acf3e82b924d82e6b254136aeaae29d6c7902fd5e379fce8d16f6e6c861
[2m2025-12-10T10:11:25.704610Z[0m [34mDEBUG[0m [2mhyper::client::pool[0m[2m:[0m reuse idle connection for ("http", 192.168.0.14:8545)
[2m2025-12-10T10:11:25.704639Z[0m [34mDEBUG[0m [2mhyper::proto::h1::io[0m[2m:[0m flushed 250 bytes
[2m2025-12-10T10:11:25.704657Z[0m [34mDEBUG[0m [2mhyper::client::pool[0m[2m:[0m reuse idle connection for ("http", 192.168.0.14:8545)
[2m2025-12-10T10:11:25.704661Z[0m [34mDEBUG[0m [2methereum_transaction_pool_monitor::eth_client[0m[2m:[0m 📨 Received WebSocket message: {"jsonrpc":"2.0","method":"eth_subscription","params":{"subscription":"0xbed0a0851463e895960a451075a301a9","result":"0x8912cd207e517f2939790b5bacaf353a1c301795261aad8b4282bf70c713d02d"}}
[2m2025-12-10T10:11:25.704670Z[0m [34mDEBUG[0m [2mhyper::proto::h1::io[0m[2m:[0m flushed 172 bytes
[2m2025-12-10T10:11:25.704670Z[0m [34mDEBUG[0m [2methereum_transaction_pool_monitor::eth_client[0m[2m:[0m 📨 Received pending transaction: 0x8912cd207e517f2939790b5bacaf353a1c301795261aad8b4282bf70c713d02d
[2m2025-12-10T10:11:25.704682Z[0m [34mDEBUG[0m [2methereum_transaction_pool_monitor::eth_client[0m[2m:[0m 📨 Received WebSocket message: {"jsonrpc":"2.0","method":"eth_subscription","params":{"subscription":"0xbed0a0851463e895960a451075a301a9","result":"0x47b9054723c30d821a7c8a33ec827772bd581fdc1a8a7b224871d3162f4bb374"}}
[2m2025-12-10T10:11:25.704688Z[0m [34mDEBUG[0m [2methereum_transaction_pool_monitor::eth_client[0m[2m:[0m 📨 Received pending transaction: 0x47b9054723c30d821a7c8a33ec827772bd581fdc1a8a7b224871d3162f4bb374
[2m2025-12-10T10:11:25.710435Z[0m [34mDEBUG[0m [2mhyper::proto::h1::io[0m[2m:[0m parsed 4 headers
[2m2025-12-10T10:11:25.710443Z[0m [34mDEBUG[0m [2mhyper::proto::h1::conn[0m[2m:[0m incoming body is content-length (770 bytes)
[2m2025-12-10T10:11:25.710452Z[0m [34mDEBUG[0m [2mhyper::proto::h1::conn[0m[2m:[0m incoming body completed
[2m2025-12-10T10:11:25.710461Z[0m [34mDEBUG[0m [2mhyper::client::pool[0m[2m:[0m pooling idle connection for ("http", 192.168.0.14:8545)
[2m2025-12-10T10:11:25.710468Z[0m [34mDEBUG[0m [2methereum_transaction_pool_monitor::eth_client[0m[2m:[0m 📡 Transaction fetch RPC completed in 5.876917ms
[2m2025-12-10T10:11:25.710484Z[0m [34mDEBUG[0m [2methereum_transaction_pool_monitor::eth_client[0m[2m:[0m DeFi transaction detected - Address: 0xdac17f958d2ee523a2206206994597c13d831ec7, Type: Stablecoin, Value: 0 ETH, Gas: 0.42 Gwei
[2m2025-12-10T10:11:25.710497Z[0m [34mDEBUG[0m [2methereum_transaction_pool_monitor::eth_client[0m[2m:[0m ✅ Transaction 0x074a4acf3e82b924d82e6b254136aeaae29d6c7902fd5e379fce8d16f6e6c861 fetched and parsed in 5.905417ms
[2m2025-12-10T10:11:25.710505Z[0m [34mDEBUG[0m [2methereum_transaction_pool_monitor::mempool_monitor[0m[2m:[0m 🔍 Skipping tx 0x074a4acf3e82b924d82e6b254136aeaae29d6c7902fd5e379fce8d16f6e6c861 - not a DEX interaction (target: 0xdAC17F958D2ee523a2206206994597C13D831ec7)
[2m2025-12-10T10:11:25.710511Z[0m [34mDEBUG[0m [2methereum_transaction_pool_monitor::mempool_monitor[0m[2m:[0m 📨 Processing new pending transaction: 0x45b46b7dcbb10e0cd390d9e4f7a6aa4b100475460e29ad26294795da407ee346
[2m2025-12-10T10:11:25.710517Z[0m [34mDEBUG[0m [2methereum_transaction_pool_monitor::mempool_monitor[0m[2m:[0m 🔍 Fetching transaction details for: 0x45b46b7dcbb10e0cd390d9e4f7a6aa4b100475460e29ad26294795da407ee346
[2m2025-12-10T10:11:25.710521Z[0m [34mDEBUG[0m [2methereum_transaction_pool_monitor::eth_client[0m[2m:[0m 🔍 Fetching transaction details for hash: 0x45b46b7dcbb10e0cd390d9e4f7a6aa4b100475460e29ad26294795da407ee346
[2m2025-12-10T10:11:25.710528Z[0m [34mDEBUG[0m [2mhyper::client::pool[0m[2m:[0m reuse idle connection for ("http", 192.168.0.14:8545)
[2m2025-12-10T10:11:25.710539Z[0m [34mDEBUG[0m [2mhyper::proto::h1::io[0m[2m:[0m flushed 250 bytes
[2m2025-12-10T10:11:25.710547Z[0m [34mDEBUG[0m [2mhyper::proto::h1::io[0m[2m:[0m parsed 4 headers
[2m2025-12-10T10:11:25.710551Z[0m [34mDEBUG[0m [2mhyper::proto::h1::conn[0m[2m:[0m incoming body is content-length (45 bytes)
[2m2025-12-10T10:11:25.710555Z[0m [34mDEBUG[0m [2mhyper::proto::h1::conn[0m[2m:[0m incoming body completed
[2m2025-12-10T10:11:25.710560Z[0m [34mDEBUG[0m [2mhyper::client::pool[0m[2m:[0m pooling idle connection for ("http", 192.168.0.14:8545)
[2m2025-12-10T10:11:25.710570Z[0m [34mDEBUG[0m [2mhyper::client::pool[0m[2m:[0m reuse idle connection for ("http", 192.168.0.14:8545)
[2m2025-12-10T10:11:25.710581Z[0m [34mDEBUG[0m [2mhyper::proto::h1::io[0m[2m:[0m flushed 172 bytes
[2m2025-12-10T10:11:25.719330Z[0m [34mDEBUG[0m [2mhyper::proto::h1::io[0m[2m:[0m parsed 4 headers
[2m2025-12-10T10:11:25.719336Z[0m [34mDEBUG[0m [2mhyper::proto::h1::conn[0m[2m:[0m incoming body is content-length (655 bytes)
[2m2025-12-10T10:11:25.719342Z[0m [34mDEBUG[0m [2mhyper::proto::h1::conn[0m[2m:[0m incoming body completed
[2m2025-12-10T10:11:25.719349Z[0m [34mDEBUG[0m [2mhyper::client::pool[0m[2m:[0m pooling idle connection for ("http", 192.168.0.14:8545)
[2m2025-12-10T10:11:25.719357Z[0m [34mDEBUG[0m [2methereum_transaction_pool_monitor::eth_client[0m[2m:[0m 📡 Transaction fetch RPC completed in 8.832125ms
[2m2025-12-10T10:11:25.796761Z[0m [34mDEBUG[0m [2methereum_transaction_pool_monitor::eth_client[0m[2m:[0m ✅ Transaction 0x45b46b7dcbb10e0cd390d9e4f7a6aa4b100475460e29ad26294795da407ee346 fetched and parsed in 86.233542ms
[2m2025-12-10T10:11:25.796785Z[0m [34mDEBUG[0m [2methereum_transaction_pool_monitor::mempool_monitor[0m[2m:[0m 🔍 Skipping tx 0x45b46b7dcbb10e0cd390d9e4f7a6aa4b100475460e29ad26294795da407ee346 - not a DEX interaction (target: 0x5E1B40696b79c9789B56aB2B9669033fb1c9A415)
[2m2025-12-10T10:11:25.796795Z[0m [34mDEBUG[0m [2methereum_transaction_pool_monitor::mempool_monitor[0m[2m:[0m 📨 Processing new pending transaction: 0x24e22e97898af392993c2ddada5d4a765efacad69a3b2c8163250a0c7e4fdb28
[2m2025-12-10T10:11:25.796802Z[0m [34mDEBUG[0m [2methereum_transaction_pool_monitor::mempool_monitor[0m[2m:[0m 🔍 Fetching transaction details for: 0x24e22e97898af392993c2ddada5d4a765efacad69a3b2c8163250a0c7e4fdb28
[2m2025-12-10T10:11:25.796809Z[0m [34mDEBUG[0m [2methereum_transaction_pool_monitor::eth_client[0m[2m:[0m 🔍 Fetching transaction details for hash: 0x24e22e97898af392993c2ddada5d4a765efacad69a3b2c8163250a0c7e4fdb28
[2m2025-12-10T10:11:25.796827Z[0m [34mDEBUG[0m [2mhyper::client::pool[0m[2m:[0m reuse idle connection for ("http", 192.168.0.14:8545)
[2m2025-12-10T10:11:25.796868Z[0m [34mDEBUG[0m [2mhyper::proto::h1::io[0m[2m:[0m flushed 250 bytes
[2m2025-12-10T10:11:25.796886Z[0m [34mDEBUG[0m [2mhyper::proto::h1::io[0m[2m:[0m parsed 4 headers
[2m2025-12-10T10:11:25.796891Z[0m [34mDEBUG[0m [2mhyper::proto::h1::conn[0m[2m:[0m incoming body is content-length (45 bytes)
[2m2025-12-10T10:11:25.796897Z[0m [34mDEBUG[0m [2mhyper::proto::h1::conn[0m[2m:[0m incoming body completed
[2m2025-12-10T10:11:25.796908Z[0m [34mDEBUG[0m [2mhyper::client::pool[0m[2m:[0m pooling idle connection for ("http", 192.168.0.14:8545)
[2m2025-12-10T10:11:25.796922Z[0m [34mDEBUG[0m [2mhyper::client::pool[0m[2m:[0m reuse idle connection for ("http", 192.168.0.14:8545)
[2m2025-12-10T10:11:25.796945Z[0m [34mDEBUG[0m [2mhyper::proto::h1::io[0m[2m:[0m flushed 172 bytes
[2m2025-12-10T10:11:25.800522Z[0m [34mDEBUG[0m [2methereum_transaction_pool_monitor::eth_client[0m[2m:[0m 📨 Received WebSocket message: {"jsonrpc":"2.0","method":"eth_subscription","params":{"subscription":"0xbed0a0851463e895960a451075a301a9","result":"0xe022fba6b46c2da76381040c19e2f49d64f272cb68fd12acc7dee4efb0e05195"}}
[2m2025-12-10T10:11:25.800568Z[0m [34mDEBUG[0m [2methereum_transaction_pool_monitor::eth_client[0m[2m:[0m 📨 Received pending transaction: 0xe022fba6b46c2da76381040c19e2f49d64f272cb68fd12acc7dee4efb0e05195
[2m2025-12-10T10:11:25.801136Z[0m [34mDEBUG[0m [2mhyper::proto::h1::io[0m[2m:[0m parsed 4 headers
[2m2025-12-10T10:11:25.801141Z[0m [34mDEBUG[0m [2mhyper::proto::h1::conn[0m[2m:[0m incoming body is content-length (45 bytes)
[2m2025-12-10T10:11:25.801147Z[0m [34mDEBUG[0m [2mhyper::proto::h1::conn[0m[2m:[0m incoming body completed
[2m2025-12-10T10:11:25.801154Z[0m [34mDEBUG[0m [2mhyper::client::pool[0m[2m:[0m pooling idle connection for ("http", 192.168.0.14:8545)
[2m2025-12-10T10:11:25.801172Z[0m [34mDEBUG[0m [2mhyper::proto::h1::io[0m[2m:[0m parsed 4 headers
[2m2025-12-10T10:11:25.801178Z[0m [34mDEBUG[0m [2mhyper::proto::h1::conn[0m[2m:[0m incoming body is content-length (677 bytes)
[2m2025-12-10T10:11:25.801184Z[0m [34mDEBUG[0m [2mhyper::proto::h1::conn[0m[2m:[0m incoming body completed
[2m2025-12-10T10:11:25.801189Z[0m [34mDEBUG[0m [2mhyper::client::pool[0m[2m:[0m pooling idle connection for ("http", 192.168.0.14:8545)
[2m2025-12-10T10:11:25.801194Z[0m [34mDEBUG[0m [2methereum_transaction_pool_monitor::eth_client[0m[2m:[0m 📡 Transaction fetch RPC completed in 4.381ms
[2m2025-12-10T10:11:25.873225Z[0m [34mDEBUG[0m [2methereum_transaction_pool_monitor::eth_client[0m[2m:[0m ✅ Transaction 0x24e22e97898af392993c2ddada5d4a765efacad69a3b2c8163250a0c7e4fdb28 fetched and parsed in 76.408583ms
[2m2025-12-10T10:11:25.873252Z[0m [34mDEBUG[0m [2methereum_transaction_pool_monitor::mempool_monitor[0m[2m:[0m 🔍 Skipping tx 0x24e22e97898af392993c2ddada5d4a765efacad69a3b2c8163250a0c7e4fdb28 - not a DEX interaction (target: 0xAcd2c239012D17BEB128B0944D49015104113650)
[2m2025-12-10T10:11:25.873264Z[0m [34mDEBUG[0m [2methereum_transaction_pool_monitor::mempool_monitor[0m[2m:[0m 📨 Processing new pending transaction: 0x8912cd207e517f2939790b5bacaf353a1c301795261aad8b4282bf70c713d02d
[2m2025-12-10T10:11:25.873272Z[0m [34mDEBUG[0m [2methereum_transaction_pool_monitor::mempool_monitor[0m[2m:[0m 🔍 Fetching transaction details for: 0x8912cd207e517f2939790b5bacaf353a1c301795261aad8b4282bf70c713d02d
[2m2025-12-10T10:11:25.873279Z[0m [34mDEBUG[0m [2methereum_transaction_pool_monitor::eth_client[0m[2m:[0m 🔍 Fetching transaction details for hash: 0x8912cd207e517f2939790b5bacaf353a1c301795261aad8b4282bf70c713d02d
[2m2025-12-10T10:11:25.873302Z[0m [34mDEBUG[0m [2mhyper::client::pool[0m[2m:[0m reuse idle connection for ("http", 192.168.0.14:8545)
[2m2025-12-10T10:11:25.873349Z[0m [34mDEBUG[0m [2mhyper::proto::h1::io[0m[2m:[0m flushed 250 bytes
[2m2025-12-10T10:11:25.873368Z[0m [34mDEBUG[0m [2methereum_transaction_pool_monitor::eth_client[0m[2m:[0m 📨 Received WebSocket message: {"jsonrpc":"2.0","method":"eth_subscription","params":{"subscription":"0xbed0a0851463e895960a451075a301a9","result":"0x3d72dc61372e548b8ae1f70901e3a2e3a3300780ea6e22f0a20d14d4031e7b3f"}}
[2m2025-12-10T10:11:25.873379Z[0m [34mDEBUG[0m [2methereum_transaction_pool_monitor::eth_client[0m[2m:[0m 📨 Received pending transaction: 0x3d72dc61372e548b8ae1f70901e3a2e3a3300780ea6e22f0a20d14d4031e7b3f
[2m2025-12-10T10:11:25.873388Z[0m [34mDEBUG[0m [2methereum_transaction_pool_monitor::eth_client[0m[2m:[0m 📨 Received WebSocket message: {"jsonrpc":"2.0","method":"eth_subscription","params":{"subscription":"0xbed0a0851463e895960a451075a301a9","result":"0x04ffe103bda44df6d0fea9c55cce681cbeeecdc605bb5bfdc1b0b358f7615cb0"}}
[2m2025-12-10T10:11:25.873398Z[0m [34mDEBUG[0m [2methereum_transaction_pool_monitor::eth_client[0m[2m:[0m 📨 Received pending transaction: 0x04ffe103bda44df6d0fea9c55cce681cbeeecdc605bb5bfdc1b0b358f7615cb0
[2m2025-12-10T10:11:25.879233Z[0m [34mDEBUG[0m [2mhyper::proto::h1::io[0m[2m:[0m parsed 4 headers
[2m2025-12-10T10:11:25.879239Z[0m [34mDEBUG[0m [2mhyper::proto::h1::conn[0m[2m:[0m incoming body is content-length (830 bytes)
[2m2025-12-10T10:11:25.879246Z[0m [34mDEBUG[0m [2mhyper::proto::h1::conn[0m[2m:[0m incoming body completed
[2m2025-12-10T10:11:25.879254Z[0m [34mDEBUG[0m [2mhyper::client::pool[0m[2m:[0m pooling idle connection for ("http", 192.168.0.14:8545)
[2m2025-12-10T10:11:25.879259Z[0m [34mDEBUG[0m [2methereum_transaction_pool_monitor::eth_client[0m[2m:[0m 📡 Transaction fetch RPC completed in 5.975542ms
[2m2025-12-10T10:11:25.948581Z[0m [34mDEBUG[0m [2methereum_transaction_pool_monitor::eth_client[0m[2m:[0m ✅ Transaction 0x8912cd207e517f2939790b5bacaf353a1c301795261aad8b4282bf70c713d02d fetched and parsed in 75.294917ms
[2m2025-12-10T10:11:25.948614Z[0m [34mDEBUG[0m [2methereum_transaction_pool_monitor::mempool_monitor[0m[2m:[0m 🔍 Skipping tx 0x8912cd207e517f2939790b5bacaf353a1c301795261aad8b4282bf70c713d02d - not a DEX interaction (target: 0x3B4D794a66304F130a4Db8F2551B0070dfCf5ca7)
[2m2025-12-10T10:11:25.948629Z[0m [34mDEBUG[0m [2methereum_transaction_pool_monitor::mempool_monitor[0m[2m:[0m 📨 Processing new pending transaction: 0x47b9054723c30d821a7c8a33ec827772bd581fdc1a8a7b224871d3162f4bb374
[2m2025-12-10T10:11:25.948639Z[0m [34mDEBUG[0m [2methereum_transaction_pool_monitor::mempool_monitor[0m[2m:[0m 🔍 Fetching transaction details for: 0x47b9054723c30d821a7c8a33ec827772bd581fdc1a8a7b224871d3162f4bb374
[2m2025-12-10T10:11:25.948647Z[0m [34mDEBUG[0m [2methereum_transaction_pool_monitor::eth_client[0m[2m:[0m 🔍 Fetching transaction details for hash: 0x47b9054723c30d821a7c8a33ec827772bd581fdc1a8a7b224871d3162f4bb374
[2m2025-12-10T10:11:25.948667Z[0m [34mDEBUG[0m [2mhyper::client::pool[0m[2m:[0m reuse idle connection for ("http", 192.168.0.14:8545)
[2m2025-12-10T10:11:25.948710Z[0m [34mDEBUG[0m [2mhyper::proto::h1::io[0m[2m:[0m flushed 250 bytes
[2m2025-12-10T10:11:25.948734Z[0m [34mDEBUG[0m [2mhyper::client::pool[0m[2m:[0m reuse idle connection for ("http", 192.168.0.14:8545)
[2m2025-12-10T10:11:25.948743Z[0m [34mDEBUG[0m [2methereum_transaction_pool_monitor::eth_client[0m[2m:[0m 📨 Received WebSocket message: {"jsonrpc":"2.0","method":"eth_subscription","params":{"subscription":"0xbed0a0851463e895960a451075a301a9","result":"0x38c174c1f80a7092cf4347acfcc6e14bdf48a942841dd0d13d09ac2b356c9c5d"}}
[2m2025-12-10T10:11:25.948754Z[0m [34mDEBUG[0m [2mhyper::proto::h1::io[0m[2m:[0m flushed 172 bytes
[2m2025-12-10T10:11:25.948758Z[0m [34mDEBUG[0m [2methereum_transaction_pool_monitor::eth_client[0m[2m:[0m 📨 Received pending transaction: 0x38c174c1f80a7092cf4347acfcc6e14bdf48a942841dd0d13d09ac2b356c9c5d
[2m2025-12-10T10:11:25.957923Z[0m [34mDEBUG[0m [2mhyper::proto::h1::io[0m[2m:[0m parsed 4 headers
[2m2025-12-10T10:11:25.957929Z[0m [34mDEBUG[0m [2mhyper::proto::h1::conn[0m[2m:[0m incoming body is content-length (45 bytes)
[2m2025-12-10T10:11:25.957936Z[0m [34mDEBUG[0m [2mhyper::proto::h1::conn[0m[2m:[0m incoming body completed
[2m2025-12-10T10:11:25.957945Z[0m [34mDEBUG[0m [2mhyper::client::pool[0m[2m:[0m pooling idle connection for ("http", 192.168.0.14:8545)
[2m2025-12-10T10:11:25.957962Z[0m [34mDEBUG[0m [2mhyper::proto::h1::io[0m[2m:[0m parsed 4 headers
[2m2025-12-10T10:11:25.957968Z[0m [34mDEBUG[0m [2mhyper::proto::h1::conn[0m[2m:[0m incoming body is content-length (769 bytes)
[2m2025-12-10T10:11:25.957975Z[0m [34mDEBUG[0m [2mhyper::proto::h1::conn[0m[2m:[0m incoming body completed
[2m2025-12-10T10:11:25.957983Z[0m [34mDEBUG[0m [2mhyper::client::pool[0m[2m:[0m pooling idle connection for ("http", 192.168.0.14:8545)
[2m2025-12-10T10:11:25.957988Z[0m [34mDEBUG[0m [2methereum_transaction_pool_monitor::eth_client[0m[2m:[0m 📡 Transaction fetch RPC completed in 9.33525ms
[2m2025-12-10T10:11:26.029889Z[0m [34mDEBUG[0m [2methereum_transaction_pool_monitor::eth_client[0m[2m:[0m ✅ Transaction 0x47b9054723c30d821a7c8a33ec827772bd581fdc1a8a7b224871d3162f4bb374 fetched and parsed in 81.234458ms
[2m2025-12-10T10:11:26.029916Z[0m [34mDEBUG[0m [2methereum_transaction_pool_monitor::mempool_monitor[0m[2m:[0m 🔍 Skipping tx 0x47b9054723c30d821a7c8a33ec827772bd581fdc1a8a7b224871d3162f4bb374 - not a DEX interaction (target: 0xA0b86991c6218b36c1d19D4a2e9Eb0cE3606eB48)
[2m2025-12-10T10:11:26.029926Z[0m [34mDEBUG[0m [2methereum_transaction_pool_monitor::mempool_monitor[0m[2m:[0m 📨 Processing new pending transaction: 0xe022fba6b46c2da76381040c19e2f49d64f272cb68fd12acc7dee4efb0e05195
[2m2025-12-10T10:11:26.029935Z[0m [34mDEBUG[0m [2methereum_transaction_pool_monitor::mempool_monitor[0m[2m:[0m 🔍 Fetching transaction details for: 0xe022fba6b46c2da76381040c19e2f49d64f272cb68fd12acc7dee4efb0e05195
[2m2025-12-10T10:11:26.029942Z[0m [34mDEBUG[0m [2methereum_transaction_pool_monitor::eth_client[0m[2m:[0m 🔍 Fetching transaction details for hash: 0xe022fba6b46c2da76381040c19e2f49d64f272cb68fd12acc7dee4efb0e05195
[2m2025-12-10T10:11:26.029959Z[0m [34mDEBUG[0m [2mhyper::client::pool[0m[2m:[0m reuse idle connection for ("http", 192.168.0.14:8545)
[2m2025-12-10T10:11:26.030002Z[0m [34mDEBUG[0m [2mhyper::proto::h1::io[0m[2m:[0m flushed 250 bytes
[2m2025-12-10T10:11:26.030021Z[0m [34mDEBUG[0m [2mhyper::client::pool[0m[2m:[0m reuse idle connection for ("http", 192.168.0.14:8545)
[2m2025-12-10T10:11:26.030030Z[0m [34mDEBUG[0m [2methereum_transaction_pool_monitor::eth_client[0m[2m:[0m 📨 Received WebSocket message: {"jsonrpc":"2.0","method":"eth_subscription","params":{"subscription":"0xbed0a0851463e895960a451075a301a9","result":"0xedbd3bc6f79e03d8e47e1be1f5e150a64f59c2fd1e460119bbd761f57e950e1f"}}
[2m2025-12-10T10:11:26.030035Z[0m [34mDEBUG[0m [2mhyper::proto::h1::io[0m[2m:[0m flushed 172 bytes
[2m2025-12-10T10:11:26.030044Z[0m [34mDEBUG[0m [2methereum_transaction_pool_monitor::eth_client[0m[2m:[0m 📨 Received pending transaction: 0xedbd3bc6f79e03d8e47e1be1f5e150a64f59c2fd1e460119bbd761f57e950e1f
[2m2025-12-10T10:11:26.035953Z[0m [34mDEBUG[0m [2mhyper::proto::h1::io[0m[2m:[0m parsed 4 headers
[2m2025-12-10T10:11:26.035965Z[0m [34mDEBUG[0m [2mhyper::proto::h1::conn[0m[2m:[0m incoming body is content-length (45 bytes)
[2m2025-12-10T10:11:26.035976Z[0m [34mDEBUG[0m [2mhyper::proto::h1::conn[0m[2m:[0m incoming body completed
[2m2025-12-10T10:11:26.035989Z[0m [34mDEBUG[0m [2mhyper::client::pool[0m[2m:[0m pooling idle connection for ("http", 192.168.0.14:8545)
[2m2025-12-10T10:11:26.041280Z[0m [34mDEBUG[0m [2mhyper::proto::h1::io[0m[2m:[0m parsed 4 headers
[2m2025-12-10T10:11:26.041289Z[0m [34mDEBUG[0m [2mhyper::proto::h1::conn[0m[2m:[0m incoming body is content-length (779 bytes)
[2m2025-12-10T10:11:26.041295Z[0m [34mDEBUG[0m [2mhyper::proto::h1::conn[0m[2m:[0m incoming body completed
[2m2025-12-10T10:11:26.041301Z[0m [34mDEBUG[0m [2mhyper::client::pool[0m[2m:[0m pooling idle connection for ("http", 192.168.0.14:8545)
[2m2025-12-10T10:11:26.041307Z[0m [34mDEBUG[0m [2methereum_transaction_pool_monitor::eth_client[0m[2m:[0m 📡 Transaction fetch RPC completed in 11.360917ms
[2m2025-12-10T10:11:26.112680Z[0m [34mDEBUG[0m [2methereum_transaction_pool_monitor::eth_client[0m[2m:[0m ✅ Transaction 0xe022fba6b46c2da76381040c19e2f49d64f272cb68fd12acc7dee4efb0e05195 fetched and parsed in 82.732417ms
[2m2025-12-10T10:11:26.112708Z[0m [34mDEBUG[0m [2methereum_transaction_pool_monitor::mempool_monitor[0m[2m:[0m 🔍 Skipping tx 0xe022fba6b46c2da76381040c19e2f49d64f272cb68fd12acc7dee4efb0e05195 - not a DEX interaction (target: 0xb5d730D442e1D5B119Fb4E5c843c48a64202ef92)
[2m2025-12-10T10:11:26.112718Z[0m [34mDEBUG[0m [2methereum_transaction_pool_monitor::mempool_monitor[0m[2m:[0m 📨 Processing new pending transaction: 0x3d72dc61372e548b8ae1f70901e3a2e3a3300780ea6e22f0a20d14d4031e7b3f
[2m2025-12-10T10:11:26.112732Z[0m [34mDEBUG[0m [2methereum_transaction_pool_monitor::mempool_monitor[0m[2m:[0m 🔍 Fetching transaction details for: 0x3d72dc61372e548b8ae1f70901e3a2e3a3300780ea6e22f0a20d14d4031e7b3f
[2m2025-12-10T10:11:26.112740Z[0m [34mDEBUG[0m [2methereum_transaction_pool_monitor::eth_client[0m[2m:[0m 🔍 Fetching transaction details for hash: 0x3d72dc61372e548b8ae1f70901e3a2e3a3300780ea6e22f0a20d14d4031e7b3f
[2m2025-12-10T10:11:26.112759Z[0m [34mDEBUG[0m [2mhyper::client::pool[0m[2m:[0m reuse idle connection for ("http", 192.168.0.14:8545)
[2m2025-12-10T10:11:26.112790Z[0m [34mDEBUG[0m [2mhyper::proto::h1::io[0m[2m:[0m flushed 250 bytes
[2m2025-12-10T10:11:26.112809Z[0m [34mDEBUG[0m [2mhyper::client::pool[0m[2m:[0m reuse idle connection for ("http", 192.168.0.14:8545)
[2m2025-12-10T10:11:26.112824Z[0m [34mDEBUG[0m [2mhyper::proto::h1::io[0m[2m:[0m flushed 172 bytes
[2m2025-12-10T10:11:26.112858Z[0m [34mDEBUG[0m [2methereum_transaction_pool_monitor::eth_client[0m[2m:[0m 📨 Received WebSocket message: {"jsonrpc":"2.0","method":"eth_subscription","params":{"subscription":"0xbed0a0851463e895960a451075a301a9","result":"0x356b1680a705f172d32d54ff3a9fa1d0b1da7691b90609ea60b520d1ee731334"}}
[2m2025-12-10T10:11:26.112869Z[0m [34mDEBUG[0m [2methereum_transaction_pool_monitor::eth_client[0m[2m:[0m 📨 Received pending transaction: 0x356b1680a705f172d32d54ff3a9fa1d0b1da7691b90609ea60b520d1ee731334
[2m2025-12-10T10:11:26.112875Z[0m [34mDEBUG[0m [2methereum_transaction_pool_monitor::eth_client[0m[2m:[0m 📨 Received WebSocket message: {"jsonrpc":"2.0","method":"eth_subscription","params":{"subscription":"0xbed0a0851463e895960a451075a301a9","result":"0xf43d2a136bea4a154680ec47bdea4ab93d06d10e729682092ec65a15e14ca4b1"}}
[2m2025-12-10T10:11:26.112881Z[0m [34mDEBUG[0m [2methereum_transaction_pool_monitor::eth_client[0m[2m:[0m 📨 Received pending transaction: 0xf43d2a136bea4a154680ec47bdea4ab93d06d10e729682092ec65a15e14ca4b1
[2m2025-12-10T10:11:26.122877Z[0m [34mDEBUG[0m [2mhyper::proto::h1::io[0m[2m:[0m parsed 4 headers
[2m2025-12-10T10:11:26.122891Z[0m [34mDEBUG[0m [2mhyper::proto::h1::conn[0m[2m:[0m incoming body is content-length (771 bytes)
[2m2025-12-10T10:11:26.122901Z[0m [34mDEBUG[0m [2mhyper::proto::h1::conn[0m[2m:[0m incoming body completed
[2m2025-12-10T10:11:26.122915Z[0m [34mDEBUG[0m [2mhyper::client::pool[0m[2m:[0m pooling idle connection for ("http", 192.168.0.14:8545)
[2m2025-12-10T10:11:26.122924Z[0m [34mDEBUG[0m [2methereum_transaction_pool_monitor::eth_client[0m[2m:[0m 📡 Transaction fetch RPC completed in 10.177333ms
[2m2025-12-10T10:11:26.194824Z[0m [34mDEBUG[0m [2methereum_transaction_pool_monitor::eth_client[0m[2m:[0m ✅ Transaction 0x3d72dc61372e548b8ae1f70901e3a2e3a3300780ea6e22f0a20d14d4031e7b3f fetched and parsed in 82.074875ms
[2m2025-12-10T10:11:26.194856Z[0m [34mDEBUG[0m [2methereum_transaction_pool_monitor::mempool_monitor[0m[2m:[0m 🔍 Skipping tx 0x3d72dc61372e548b8ae1f70901e3a2e3a3300780ea6e22f0a20d14d4031e7b3f - not a DEX interaction (target: 0xB8f28C60dD8240141185a192fa4156A23E189305)
[2m2025-12-10T10:11:26.194871Z[0m [34mDEBUG[0m [2methereum_transaction_pool_monitor::mempool_monitor[0m[2m:[0m 📨 Processing new pending transaction: 0x04ffe103bda44df6d0fea9c55cce681cbeeecdc605bb5bfdc1b0b358f7615cb0
[2m2025-12-10T10:11:26.194882Z[0m [34mDEBUG[0m [2methereum_transaction_pool_monitor::mempool_monitor[0m[2m:[0m 🔍 Fetching transaction details for: 0x04ffe103bda44df6d0fea9c55cce681cbeeecdc605bb5bfdc1b0b358f7615cb0
[2m2025-12-10T10:11:26.194892Z[0m [34mDEBUG[0m [2methereum_transaction_pool_monitor::eth_client[0m[2m:[0m 🔍 Fetching transaction details for hash: 0x04ffe103bda44df6d0fea9c55cce681cbeeecdc605bb5bfdc1b0b358f7615cb0
[2m2025-12-10T10:11:26.194913Z[0m [34mDEBUG[0m [2mhyper::client::pool[0m[2m:[0m reuse idle connection for ("http", 192.168.0.14:8545)
[2m2025-12-10T10:11:26.194965Z[0m [34mDEBUG[0m [2mhyper::proto::h1::io[0m[2m:[0m flushed 250 bytes
[2m2025-12-10T10:11:26.194987Z[0m [34mDEBUG[0m [2mhyper::proto::h1::io[0m[2m:[0m parsed 4 headers
[2m2025-12-10T10:11:26.194996Z[0m [34mDEBUG[0m [2mhyper::proto::h1::conn[0m[2m:[0m incoming body is content-length (45 bytes)
[2m2025-12-10T10:11:26.195009Z[0m [34mDEBUG[0m [2mhyper::proto::h1::conn[0m[2m:[0m incoming body completed
[2m2025-12-10T10:11:26.195020Z[0m [34mDEBUG[0m [2mhyper::client::pool[0m[2m:[0m pooling idle connection for ("http", 192.168.0.14:8545)
[2m2025-12-10T10:11:26.195036Z[0m [34mDEBUG[0m [2methereum_transaction_pool_monitor::eth_client[0m[2m:[0m 📨 Received WebSocket message: {"jsonrpc":"2.0","method":"eth_subscription","params":{"subscription":"0xbed0a0851463e895960a451075a301a9","result":"0x191b199b36022d9c1fa5d3e397b8a0fdf8f8653b3735654faf79c97b0b04cb08"}}
[2m2025-12-10T10:11:26.195048Z[0m [34mDEBUG[0m [2methereum_transaction_pool_monitor::eth_client[0m[2m:[0m 📨 Received pending transaction: 0x191b199b36022d9c1fa5d3e397b8a0fdf8f8653b3735654faf79c97b0b04cb08
[2m2025-12-10T10:11:26.197584Z[0m [34mDEBUG[0m [2mhyper::client::pool[0m[2m:[0m reuse idle connection for ("http", 192.168.0.14:8545)
[2m2025-12-10T10:11:26.197637Z[0m [34mDEBUG[0m [2mhyper::proto::h1::io[0m[2m:[0m flushed 172 bytes
[2m2025-12-10T10:11:26.206361Z[0m [34mDEBUG[0m [2mhyper::proto::h1::io[0m[2m:[0m parsed 4 headers
[2m2025-12-10T10:11:26.206400Z[0m [34mDEBUG[0m [2mhyper::proto::h1::conn[0m[2m:[0m incoming body is content-length (647 bytes)
[2m2025-12-10T10:11:26.206431Z[0m [34mDEBUG[0m [2mhyper::proto::h1::conn[0m[2m:[0m incoming body completed
[2m2025-12-10T10:11:26.206444Z[0m [34mDEBUG[0m [2mhyper::client::pool[0m[2m:[0m pooling idle connection for ("http", 192.168.0.14:8545)
[2m2025-12-10T10:11:26.206453Z[0m [34mDEBUG[0m [2methereum_transaction_pool_monitor::eth_client[0m[2m:[0m 📡 Transaction fetch RPC completed in 11.554833ms
[2m2025-12-10T10:11:26.278857Z[0m [34mDEBUG[0m [2methereum_transaction_pool_monitor::eth_client[0m[2m:[0m ✅ Transaction 0x04ffe103bda44df6d0fea9c55cce681cbeeecdc605bb5bfdc1b0b358f7615cb0 fetched and parsed in 83.956583ms
[2m2025-12-10T10:11:26.278884Z[0m [34mDEBUG[0m [2methereum_transaction_pool_monitor::mempool_monitor[0m[2m:[0m 🔍 Skipping tx 0x04ffe103bda44df6d0fea9c55cce681cbeeecdc605bb5bfdc1b0b358f7615cb0 - not a DEX interaction (target: 0xfc90F3D82bD5599bE7E494C763402F79973aE6A1)
[2m2025-12-10T10:11:26.278894Z[0m [34mDEBUG[0m [2methereum_transaction_pool_monitor::mempool_monitor[0m[2m:[0m 📨 Processing new pending transaction: 0x38c174c1f80a7092cf4347acfcc6e14bdf48a942841dd0d13d09ac2b356c9c5d
[2m2025-12-10T10:11:26.278902Z[0m [34mDEBUG[0m [2methereum_transaction_pool_monitor::mempool_monitor[0m[2m:[0m 🔍 Fetching transaction details for: 0x38c174c1f80a7092cf4347acfcc6e14bdf48a942841dd0d13d09ac2b356c9c5d
[2m2025-12-10T10:11:26.278909Z[0m [34mDEBUG[0m [2methereum_transaction_pool_monitor::eth_client[0m[2m:[0m 🔍 Fetching transaction details for hash: 0x38c174c1f80a7092cf4347acfcc6e14bdf48a942841dd0d13d09ac2b356c9c5d
[2m2025-12-10T10:11:26.278926Z[0m [34mDEBUG[0m [2mhyper::client::pool[0m[2m:[0m reuse idle connection for ("http", 192.168.0.14:8545)
[2m2025-12-10T10:11:26.278973Z[0m [34mDEBUG[0m [2mhyper::proto::h1::io[0m[2m:[0m flushed 250 bytes
[2m2025-12-10T10:11:26.278993Z[0m [34mDEBUG[0m [2methereum_transaction_pool_monitor::eth_client[0m[2m:[0m 📨 Received WebSocket message: {"jsonrpc":"2.0","method":"eth_subscription","params":{"subscription":"0xbed0a0851463e895960a451075a301a9","result":"0xac79620e8b62ea0302965ba78c6efd2646415d0072a5e20080bb8a20726719b6"}}
[2m2025-12-10T10:11:26.278997Z[0m [34mDEBUG[0m [2mhyper::proto::h1::io[0m[2m:[0m parsed 4 headers
[2m2025-12-10T10:11:26.279000Z[0m [34mDEBUG[0m [2methereum_transaction_pool_monitor::eth_client[0m[2m:[0m 📨 Received pending transaction: 0xac79620e8b62ea0302965ba78c6efd2646415d0072a5e20080bb8a20726719b6
[2m2025-12-10T10:11:26.279007Z[0m [34mDEBUG[0m [2mhyper::proto::h1::conn[0m[2m:[0m incoming body is content-length (45 bytes)
[2m2025-12-10T10:11:26.279016Z[0m [34mDEBUG[0m [2mhyper::proto::h1::conn[0m[2m:[0m incoming body completed
[2m2025-12-10T10:11:26.279025Z[0m [34mDEBUG[0m [2mhyper::client::pool[0m[2m:[0m pooling idle connection for ("http", 192.168.0.14:8545)
[2m2025-12-10T10:11:26.284522Z[0m [34mDEBUG[0m [2mhyper::proto::h1::io[0m[2m:[0m parsed 4 headers
[2m2025-12-10T10:11:26.284536Z[0m [34mDEBUG[0m [2mhyper::proto::h1::conn[0m[2m:[0m incoming body is content-length (769 bytes)
[2m2025-12-10T10:11:26.284543Z[0m [34mDEBUG[0m [2mhyper::proto::h1::conn[0m[2m:[0m incoming body completed
[2m2025-12-10T10:11:26.284550Z[0m [34mDEBUG[0m [2mhyper::client::pool[0m[2m:[0m pooling idle connection for ("http", 192.168.0.14:8545)
[2m2025-12-10T10:11:26.284556Z[0m [34mDEBUG[0m [2methereum_transaction_pool_monitor::eth_client[0m[2m:[0m 📡 Transaction fetch RPC completed in 5.642542ms
[2m2025-12-10T10:11:26.284571Z[0m [34mDEBUG[0m [2methereum_transaction_pool_monitor::eth_client[0m[2m:[0m DeFi transaction detected - Address: 0xdac17f958d2ee523a2206206994597c13d831ec7, Type: Stablecoin, Value: 0 ETH, Gas: 0.59 Gwei
[2m2025-12-10T10:11:26.284583Z[0m [34mDEBUG[0m [2methereum_transaction_pool_monitor::eth_client[0m[2m:[0m ✅ Transaction 0x38c174c1f80a7092cf4347acfcc6e14bdf48a942841dd0d13d09ac2b356c9c5d fetched and parsed in 5.669042ms
[2m2025-12-10T10:11:26.284589Z[0m [34mDEBUG[0m [2methereum_transaction_pool_monitor::mempool_monitor[0m[2m:[0m 🔍 Skipping tx 0x38c174c1f80a7092cf4347acfcc6e14bdf48a942841dd0d13d09ac2b356c9c5d - not a DEX interaction (target: 0xdAC17F958D2ee523a2206206994597C13D831ec7)
[2m2025-12-10T10:11:26.284595Z[0m [34mDEBUG[0m [2methereum_transaction_pool_monitor::mempool_monitor[0m[2m:[0m 📨 Processing new pending transaction: 0xedbd3bc6f79e03d8e47e1be1f5e150a64f59c2fd1e460119bbd761f57e950e1f
[2m2025-12-10T10:11:26.284600Z[0m [34mDEBUG[0m [2methereum_transaction_pool_monitor::mempool_monitor[0m[2m:[0m 🔍 Fetching transaction details for: 0xedbd3bc6f79e03d8e47e1be1f5e150a64f59c2fd1e460119bbd761f57e950e1f
[2m2025-12-10T10:11:26.284604Z[0m [34mDEBUG[0m [2methereum_transaction_pool_monitor::eth_client[0m[2m:[0m 🔍 Fetching transaction details for hash: 0xedbd3bc6f79e03d8e47e1be1f5e150a64f59c2fd1e460119bbd761f57e950e1f
[2m2025-12-10T10:11:26.284617Z[0m [34mDEBUG[0m [2mhyper::client::pool[0m[2m:[0m reuse idle connection for ("http", 192.168.0.14:8545)
[2m2025-12-10T10:11:26.284643Z[0m [34mDEBUG[0m [2mhyper::proto::h1::io[0m[2m:[0m flushed 250 bytes
[2m2025-12-10T10:11:26.291745Z[0m [34mDEBUG[0m [2mhyper::proto::h1::io[0m[2m:[0m parsed 4 headers
[2m2025-12-10T10:11:26.291760Z[0m [34mDEBUG[0m [2mhyper::proto::h1::conn[0m[2m:[0m incoming body is content-length (2943 bytes)
[2m2025-12-10T10:11:26.291769Z[0m [34mDEBUG[0m [2mhyper::proto::h1::conn[0m[2m:[0m incoming body completed
[2m2025-12-10T10:11:26.291780Z[0m [34mDEBUG[0m [2mhyper::client::pool[0m[2m:[0m pooling idle connection for ("http", 192.168.0.14:8545)
[2m2025-12-10T10:11:26.291787Z[0m [34mDEBUG[0m [2methereum_transaction_pool_monitor::eth_client[0m[2m:[0m 📡 Transaction fetch RPC completed in 7.179542ms
[2m2025-12-10T10:11:26.364064Z[0m [34mDEBUG[0m [2methereum_transaction_pool_monitor::eth_client[0m[2m:[0m ✅ Transaction 0xedbd3bc6f79e03d8e47e1be1f5e150a64f59c2fd1e460119bbd761f57e950e1f fetched and parsed in 79.453292ms
[2m2025-12-10T10:11:26.364095Z[0m [34mDEBUG[0m [2methereum_transaction_pool_monitor::mempool_monitor[0m[2m:[0m 🔍 Skipping tx 0xedbd3bc6f79e03d8e47e1be1f5e150a64f59c2fd1e460119bbd761f57e950e1f - not a DEX interaction (target: 0x618892aE551eB5bB2DE8911057b3714274b5FFe1)
[2m2025-12-10T10:11:26.364110Z[0m [34mDEBUG[0m [2methereum_transaction_pool_monitor::mempool_monitor[0m[2m:[0m 📨 Processing new pending transaction: 0x356b1680a705f172d32d54ff3a9fa1d0b1da7691b90609ea60b520d1ee731334
[2m2025-12-10T10:11:26.364341Z[0m [34mDEBUG[0m [2methereum_transaction_pool_monitor::mempool_monitor[0m[2m:[0m 🔍 Fetching transaction details for: 0x356b1680a705f172d32d54ff3a9fa1d0b1da7691b90609ea60b520d1ee731334
[2m2025-12-10T10:11:26.364348Z[0m [34mDEBUG[0m [2methereum_transaction_pool_monitor::eth_client[0m[2m:[0m 🔍 Fetching transaction details for hash: 0x356b1680a705f172d32d54ff3a9fa1d0b1da7691b90609ea60b520d1ee731334
[2m2025-12-10T10:11:26.364365Z[0m [34mDEBUG[0m [2mhyper::client::pool[0m[2m:[0m reuse idle connection for ("http", 192.168.0.14:8545)
[2m2025-12-10T10:11:26.364394Z[0m [34mDEBUG[0m [2mhyper::proto::h1::io[0m[2m:[0m flushed 250 bytes
[2m2025-12-10T10:11:26.364420Z[0m [34mDEBUG[0m [2mhyper::client::pool[0m[2m:[0m reuse idle connection for ("http", 192.168.0.14:8545)
[2m2025-12-10T10:11:26.364432Z[0m [34mDEBUG[0m [2mhyper::proto::h1::io[0m[2m:[0m flushed 172 bytes
[2m2025-12-10T10:11:26.368304Z[0m [34mDEBUG[0m [2mhyper::proto::h1::io[0m[2m:[0m parsed 4 headers
[2m2025-12-10T10:11:26.368319Z[0m [34mDEBUG[0m [2mhyper::proto::h1::conn[0m[2m:[0m incoming body is content-length (644 bytes)
[2m2025-12-10T10:11:26.368328Z[0m [34mDEBUG[0m [2mhyper::proto::h1::conn[0m[2m:[0m incoming body completed
[2m2025-12-10T10:11:26.368337Z[0m [34mDEBUG[0m [2mhyper::client::pool[0m[2m:[0m pooling idle connection for ("http", 192.168.0.14:8545)
[2m2025-12-10T10:11:26.368344Z[0m [34mDEBUG[0m [2methereum_transaction_pool_monitor::eth_client[0m[2m:[0m 📡 Transaction fetch RPC completed in 3.991083ms
[2m2025-12-10T10:11:26.439822Z[0m [34mDEBUG[0m [2methereum_transaction_pool_monitor::eth_client[0m[2m:[0m ✅ Transaction 0x356b1680a705f172d32d54ff3a9fa1d0b1da7691b90609ea60b520d1ee731334 fetched and parsed in 75.467083ms
[2m2025-12-10T10:11:26.439849Z[0m [34mDEBUG[0m [2methereum_transaction_pool_monitor::mempool_monitor[0m[2m:[0m 🔍 Skipping tx 0x356b1680a705f172d32d54ff3a9fa1d0b1da7691b90609ea60b520d1ee731334 - not a DEX interaction (target: 0x17E5545B11b468072283Cee1F066a059Fb0dbF24)
[2m2025-12-10T10:11:26.439860Z[0m [34mDEBUG[0m [2methereum_transaction_pool_monitor::mempool_monitor[0m[2m:[0m 📨 Processing new pending transaction: 0xf43d2a136bea4a154680ec47bdea4ab93d06d10e729682092ec65a15e14ca4b1
[2m2025-12-10T10:11:26.439868Z[0m [34mDEBUG[0m [2methereum_transaction_pool_monitor::mempool_monitor[0m[2m:[0m 🔍 Fetching transaction details for: 0xf43d2a136bea4a154680ec47bdea4ab93d06d10e729682092ec65a15e14ca4b1
[2m2025-12-10T10:11:26.439873Z[0m [34mDEBUG[0m [2methereum_transaction_pool_monitor::eth_client[0m[2m:[0m 🔍 Fetching transaction details for hash: 0xf43d2a136bea4a154680ec47bdea4ab93d06d10e729682092ec65a15e14ca4b1
[2m2025-12-10T10:11:26.439891Z[0m [34mDEBUG[0m [2mhyper::client::pool[0m[2m:[0m reuse idle connection for ("http", 192.168.0.14:8545)
[2m2025-12-10T10:11:26.439935Z[0m [34mDEBUG[0m [2mhyper::proto::h1::io[0m[2m:[0m flushed 250 bytes
[2m2025-12-10T10:11:26.439955Z[0m [34mDEBUG[0m [2methereum_transaction_pool_monitor::eth_client[0m[2m:[0m 📨 Received WebSocket message: {"jsonrpc":"2.0","method":"eth_subscription","params":{"subscription":"0xbed0a0851463e895960a451075a301a9","result":"0xbacb5b928cff88f645ac2de62601daba547650320b448bc50d28e81a2215754e"}}
[2m2025-12-10T10:11:26.439963Z[0m [34mDEBUG[0m [2methereum_transaction_pool_monitor::eth_client[0m[2m:[0m 📨 Received pending transaction: 0xbacb5b928cff88f645ac2de62601daba547650320b448bc50d28e81a2215754e
[2m2025-12-10T10:11:26.439984Z[0m [34mDEBUG[0m [2mhyper::proto::h1::io[0m[2m:[0m parsed 4 headers
[2m2025-12-10T10:11:26.439991Z[0m [34mDEBUG[0m [2mhyper::proto::h1::conn[0m[2m:[0m incoming body is content-length (45 bytes)
[2m2025-12-10T10:11:26.440000Z[0m [34mDEBUG[0m [2mhyper::proto::h1::conn[0m[2m:[0m incoming body completed
[2m2025-12-10T10:11:26.440010Z[0m [34mDEBUG[0m [2mhyper::client::pool[0m[2m:[0m pooling idle connection for ("http", 192.168.0.14:8545)
[2m2025-12-10T10:11:26.440024Z[0m [34mDEBUG[0m [2mhyper::client::pool[0m[2m:[0m reuse idle connection for ("http", 192.168.0.14:8545)
[2m2025-12-10T10:11:26.440039Z[0m [34mDEBUG[0m [2mhyper::proto::h1::io[0m[2m:[0m flushed 172 bytes
[2m2025-12-10T10:11:26.451234Z[0m [34mDEBUG[0m [2mhyper::proto::h1::io[0m[2m:[0m parsed 4 headers
[2m2025-12-10T10:11:26.451244Z[0m [34mDEBUG[0m [2mhyper::proto::h1::conn[0m[2m:[0m incoming body is content-length (770 bytes)
[2m2025-12-10T10:11:26.451251Z[0m [34mDEBUG[0m [2mhyper::proto::h1::conn[0m[2m:[0m incoming body completed
[2m2025-12-10T10:11:26.451260Z[0m [34mDEBUG[0m [2mhyper::client::pool[0m[2m:[0m pooling idle connection for ("http", 192.168.0.14:8545)
[2m2025-12-10T10:11:26.451267Z[0m [34mDEBUG[0m [2methereum_transaction_pool_monitor::eth_client[0m[2m:[0m 📡 Transaction fetch RPC completed in 11.388667ms
[2m2025-12-10T10:11:26.522409Z[0m [34mDEBUG[0m [2methereum_transaction_pool_monitor::eth_client[0m[2m:[0m ✅ Transaction 0xf43d2a136bea4a154680ec47bdea4ab93d06d10e729682092ec65a15e14ca4b1 fetched and parsed in 82.529209ms
[2m2025-12-10T10:11:26.522436Z[0m [34mDEBUG[0m [2methereum_transaction_pool_monitor::mempool_monitor[0m[2m:[0m 🔍 Skipping tx 0xf43d2a136bea4a154680ec47bdea4ab93d06d10e729682092ec65a15e14ca4b1 - not a DEX interaction (target: 0xA0b86991c6218b36c1d19D4a2e9Eb0cE3606eB48)
[2m2025-12-10T10:11:26.522445Z[0m [34mDEBUG[0m [2methereum_transaction_pool_monitor::mempool_monitor[0m[2m:[0m 📨 Processing new pending transaction: 0x191b199b36022d9c1fa5d3e397b8a0fdf8f8653b3735654faf79c97b0b04cb08
[2m2025-12-10T10:11:26.522454Z[0m [34mDEBUG[0m [2methereum_transaction_pool_monitor::mempool_monitor[0m[2m:[0m 🔍 Fetching transaction details for: 0x191b199b36022d9c1fa5d3e397b8a0fdf8f8653b3735654faf79c97b0b04cb08
[2m2025-12-10T10:11:26.522460Z[0m [34mDEBUG[0m [2methereum_transaction_pool_monitor::eth_client[0m[2m:[0m 🔍 Fetching transaction details for hash: 0x191b199b36022d9c1fa5d3e397b8a0fdf8f8653b3735654faf79c97b0b04cb08
[2m2025-12-10T10:11:26.522476Z[0m [34mDEBUG[0m [2mhyper::client::pool[0m[2m:[0m reuse idle connection for ("http", 192.168.0.14:8545)
[2m2025-12-10T10:11:26.522516Z[0m [34mDEBUG[0m [2mhyper::proto::h1::io[0m[2m:[0m flushed 250 bytes
[2m2025-12-10T10:11:26.522536Z[0m [34mDEBUG[0m [2mhyper::proto::h1::io[0m[2m:[0m parsed 4 headers
[2m2025-12-10T10:11:26.522541Z[0m [34mDEBUG[0m [2mhyper::proto::h1::conn[0m[2m:[0m incoming body is content-length (45 bytes)
[2m2025-12-10T10:11:26.522548Z[0m [34mDEBUG[0m [2mhyper::proto::h1::conn[0m[2m:[0m incoming body completed
[2m2025-12-10T10:11:26.522557Z[0m [34mDEBUG[0m [2mhyper::client::pool[0m[2m:[0m pooling idle connection for ("http", 192.168.0.14:8545)
[2m2025-12-10T10:11:26.522572Z[0m [34mDEBUG[0m [2mhyper::client::pool[0m[2m:[0m reuse idle connection for ("http", 192.168.0.14:8545)
[2m2025-12-10T10:11:26.522585Z[0m [34mDEBUG[0m [2mhyper::proto::h1::io[0m[2m:[0m flushed 172 bytes
[2m2025-12-10T10:11:26.522604Z[0m [34mDEBUG[0m [2methereum_transaction_pool_monitor::eth_client[0m[2m:[0m 📨 Received WebSocket message: {"jsonrpc":"2.0","method":"eth_subscription","params":{"subscription":"0xbed0a0851463e895960a451075a301a9","result":"0x48d0463283f170e95b7406acecba88224cf17b2f700e22cf38d5dd51e590f925"}}
[2m2025-12-10T10:11:26.522610Z[0m [34mDEBUG[0m [2methereum_transaction_pool_monitor::eth_client[0m[2m:[0m 📨 Received pending transaction: 0x48d0463283f170e95b7406acecba88224cf17b2f700e22cf38d5dd51e590f925
[2m2025-12-10T10:11:26.522616Z[0m [34mDEBUG[0m [2methereum_transaction_pool_monitor::eth_client[0m[2m:[0m 📨 Received WebSocket message: {"jsonrpc":"2.0","method":"eth_subscription","params":{"subscription":"0xbed0a0851463e895960a451075a301a9","result":"0x3d6d466f0a620ea6b4736b75fe18695f3dcf56d9ec75f98802f1ee847b014386"}}
[2m2025-12-10T10:11:26.522621Z[0m [34mDEBUG[0m [2methereum_transaction_pool_monitor::eth_client[0m[2m:[0m 📨 Received pending transaction: 0x3d6d466f0a620ea6b4736b75fe18695f3dcf56d9ec75f98802f1ee847b014386
[2m2025-12-10T10:11:26.522625Z[0m [34mDEBUG[0m [2methereum_transaction_pool_monitor::eth_client[0m[2m:[0m 📨 Received WebSocket message: {"jsonrpc":"2.0","method":"eth_subscription","params":{"subscription":"0xbed0a0851463e895960a451075a301a9","result":"0x8c76266d620e91130e676092d02b783b1d8d03379dea6f55c9de542229c28c56"}}
[2m2025-12-10T10:11:26.522630Z[0m [34mDEBUG[0m [2methereum_transaction_pool_monitor::eth_client[0m[2m:[0m 📨 Received pending transaction: 0x8c76266d620e91130e676092d02b783b1d8d03379dea6f55c9de542229c28c56
[2m2025-12-10T10:11:26.526356Z[0m [34mDEBUG[0m [2mhyper::proto::h1::io[0m[2m:[0m parsed 4 headers
[2m2025-12-10T10:11:26.526371Z[0m [34mDEBUG[0m [2mhyper::proto::h1::conn[0m[2m:[0m incoming body is content-length (679 bytes)
[2m2025-12-10T10:11:26.526377Z[0m [34mDEBUG[0m [2mhyper::proto::h1::conn[0m[2m:[0m incoming body completed
[2m2025-12-10T10:11:26.526385Z[0m [34mDEBUG[0m [2mhyper::client::pool[0m[2m:[0m pooling idle connection for ("http", 192.168.0.14:8545)
[2m2025-12-10T10:11:26.526391Z[0m [34mDEBUG[0m [2methereum_transaction_pool_monitor::eth_client[0m[2m:[0m 📡 Transaction fetch RPC completed in 3.926833ms
[2m2025-12-10T10:11:26.597567Z[0m [34mDEBUG[0m [2methereum_transaction_pool_monitor::eth_client[0m[2m:[0m ✅ Transaction 0x191b199b36022d9c1fa5d3e397b8a0fdf8f8653b3735654faf79c97b0b04cb08 fetched and parsed in 75.1ms
[2m2025-12-10T10:11:26.597595Z[0m [34mDEBUG[0m [2methereum_transaction_pool_monitor::mempool_monitor[0m[2m:[0m 🔍 Skipping tx 0x191b199b36022d9c1fa5d3e397b8a0fdf8f8653b3735654faf79c97b0b04cb08 - not a DEX interaction (target: 0x967da4048cD07aB37855c090aAF366e4ce1b9F48)
[2m2025-12-10T10:11:26.597607Z[0m [34mDEBUG[0m [2methereum_transaction_pool_monitor::mempool_monitor[0m[2m:[0m 📨 Processing new pending transaction: 0xac79620e8b62ea0302965ba78c6efd2646415d0072a5e20080bb8a20726719b6
[2m2025-12-10T10:11:26.597618Z[0m [34mDEBUG[0m [2methereum_transaction_pool_monitor::mempool_monitor[0m[2m:[0m 🔍 Fetching transaction details for: 0xac79620e8b62ea0302965ba78c6efd2646415d0072a5e20080bb8a20726719b6
[2m2025-12-10T10:11:26.597627Z[0m [34mDEBUG[0m [2methereum_transaction_pool_monitor::eth_client[0m[2m:[0m 🔍 Fetching transaction details for hash: 0xac79620e8b62ea0302965ba78c6efd2646415d0072a5e20080bb8a20726719b6
[2m2025-12-10T10:11:26.597644Z[0m [34mDEBUG[0m [2mhyper::client::pool[0m[2m:[0m reuse idle connection for ("http", 192.168.0.14:8545)
[2m2025-12-10T10:11:26.597683Z[0m [34mDEBUG[0m [2mhyper::proto::h1::io[0m[2m:[0m flushed 250 bytes
[2m2025-12-10T10:11:26.597699Z[0m [34mDEBUG[0m [2mhyper::proto::h1::io[0m[2m:[0m parsed 4 headers
[2m2025-12-10T10:11:26.597705Z[0m [34mDEBUG[0m [2mhyper::proto::h1::conn[0m[2m:[0m incoming body is content-length (45 bytes)
[2m2025-12-10T10:11:26.597713Z[0m [34mDEBUG[0m [2mhyper::proto::h1::conn[0m[2m:[0m incoming body completed
[2m2025-12-10T10:11:26.597723Z[0m [34mDEBUG[0m [2mhyper::client::pool[0m[2m:[0m pooling idle connection for ("http", 192.168.0.14:8545)
[2m2025-12-10T10:11:26.597737Z[0m [34mDEBUG[0m [2mhyper::client::pool[0m[2m:[0m reuse idle connection for ("http", 192.168.0.14:8545)
[2m2025-12-10T10:11:26.597753Z[0m [34mDEBUG[0m [2mhyper::proto::h1::io[0m[2m:[0m flushed 172 bytes
[2m2025-12-10T10:11:26.602127Z[0m [34mDEBUG[0m [2mhyper::proto::h1::io[0m[2m:[0m parsed 4 headers
[2m2025-12-10T10:11:26.602139Z[0m [34mDEBUG[0m [2mhyper::proto::h1::conn[0m[2m:[0m incoming body is content-length (45 bytes)
[2m2025-12-10T10:11:26.602151Z[0m [34mDEBUG[0m [2mhyper::proto::h1::conn[0m[2m:[0m incoming body completed
[2m2025-12-10T10:11:26.602163Z[0m [34mDEBUG[0m [2mhyper::client::pool[0m[2m:[0m pooling idle connection for ("http", 192.168.0.14:8545)
[2m2025-12-10T10:11:26.602183Z[0m [34mDEBUG[0m [2mhyper::proto::h1::io[0m[2m:[0m parsed 4 headers
[2m2025-12-10T10:11:26.602188Z[0m [34mDEBUG[0m [2mhyper::proto::h1::conn[0m[2m:[0m incoming body is content-length (641 bytes)
[2m2025-12-10T10:11:26.602193Z[0m [34mDEBUG[0m [2mhyper::proto::h1::conn[0m[2m:[0m incoming body completed
[2m2025-12-10T10:11:26.602199Z[0m [34mDEBUG[0m [2mhyper::client::pool[0m[2m:[0m pooling idle connection for ("http", 192.168.0.14:8545)
[2m2025-12-10T10:11:26.602204Z[0m [34mDEBUG[0m [2methereum_transaction_pool_monitor::eth_client[0m[2m:[0m 📡 Transaction fetch RPC completed in 4.571ms
[2m2025-12-10T10:11:26.673768Z[0m [34mDEBUG[0m [2methereum_transaction_pool_monitor::eth_client[0m[2m:[0m ✅ Transaction 0xac79620e8b62ea0302965ba78c6efd2646415d0072a5e20080bb8a20726719b6 fetched and parsed in 76.132375ms
[2m2025-12-10T10:11:26.673792Z[0m [34mDEBUG[0m [2methereum_transaction_pool_monitor::mempool_monitor[0m[2m:[0m 🔍 Skipping tx 0xac79620e8b62ea0302965ba78c6efd2646415d0072a5e20080bb8a20726719b6 - not a DEX interaction (target: 0x1A8dB6D2Cea99502bB057Eb17ecAf78CE8F384f6)
[2m2025-12-10T10:11:26.673802Z[0m [34mDEBUG[0m [2methereum_transaction_pool_monitor::mempool_monitor[0m[2m:[0m 📨 Processing new pending transaction: 0xbacb5b928cff88f645ac2de62601daba547650320b448bc50d28e81a2215754e
[2m2025-12-10T10:11:26.673810Z[0m [34mDEBUG[0m [2methereum_transaction_pool_monitor::mempool_monitor[0m[2m:[0m 🔍 Fetching transaction details for: 0xbacb5b928cff88f645ac2de62601daba547650320b448bc50d28e81a2215754e
[2m2025-12-10T10:11:26.673816Z[0m [34mDEBUG[0m [2methereum_transaction_pool_monitor::eth_client[0m[2m:[0m 🔍 Fetching transaction details for hash: 0xbacb5b928cff88f645ac2de62601daba547650320b448bc50d28e81a2215754e
[2m2025-12-10T10:11:26.673836Z[0m [34mDEBUG[0m [2mhyper::client::pool[0m[2m:[0m reuse idle connection for ("http", 192.168.0.14:8545)
[2m2025-12-10T10:11:26.673875Z[0m [34mDEBUG[0m [2mhyper::proto::h1::io[0m[2m:[0m flushed 250 bytes
[2m2025-12-10T10:11:26.673893Z[0m [34mDEBUG[0m [2methereum_transaction_pool_monitor::eth_client[0m[2m:[0m 📨 Received WebSocket message: {"jsonrpc":"2.0","method":"eth_subscription","params":{"subscription":"0xbed0a0851463e895960a451075a301a9","result":"0xfcfcef851eb7a57a6e8cc8c21f0262199dd78036dc4a494e9fc53f9adeaa58f0"}}
[2m2025-12-10T10:11:26.673904Z[0m [34mDEBUG[0m [2methereum_transaction_pool_monitor::eth_client[0m[2m:[0m 📨 Received pending transaction: 0xfcfcef851eb7a57a6e8cc8c21f0262199dd78036dc4a494e9fc53f9adeaa58f0
[2m2025-12-10T10:11:26.678129Z[0m [34mDEBUG[0m [2mhyper::proto::h1::io[0m[2m:[0m parsed 4 headers
[2m2025-12-10T10:11:26.678141Z[0m [34mDEBUG[0m [2mhyper::proto::h1::conn[0m[2m:[0m incoming body is content-length (1731 bytes)
[2m2025-12-10T10:11:26.678156Z[0m [34mDEBUG[0m [2methereum_transaction_pool_monitor::eth_client[0m[2m:[0m 📡 Transaction fetch RPC completed in 4.335792ms
[2m2025-12-10T10:11:26.678761Z[0m [34mDEBUG[0m [2mhyper::proto::h1::conn[0m[2m:[0m incoming body completed
[2m2025-12-10T10:11:26.678777Z[0m [34mDEBUG[0m [2mhyper::client::pool[0m[2m:[0m pooling idle connection for ("http", 192.168.0.14:8545)
[2m2025-12-10T10:11:26.699798Z[0m [34mDEBUG[0m [2mhyper::client::pool[0m[2m:[0m reuse idle connection for ("http", 192.168.0.14:8545)
[2m2025-12-10T10:11:26.699862Z[0m [34mDEBUG[0m [2mhyper::proto::h1::io[0m[2m:[0m flushed 172 bytes
[2m2025-12-10T10:11:26.704020Z[0m [34mDEBUG[0m [2methereum_transaction_pool_monitor::eth_client[0m[2m:[0m 📨 Received WebSocket message: {"jsonrpc":"2.0","method":"eth_subscription","params":{"subscription":"0xbed0a0851463e895960a451075a301a9","result":"0x4865c4b10dd50045b7dcdd5cb9d5de877c0c519bf2b2542679895021c49fdbc6"}}
[2m2025-12-10T10:11:26.704063Z[0m [34mDEBUG[0m [2methereum_transaction_pool_monitor::eth_client[0m[2m:[0m 📨 Received pending transaction: 0x4865c4b10dd50045b7dcdd5cb9d5de877c0c519bf2b2542679895021c49fdbc6
[2m2025-12-10T10:11:26.707462Z[0m [34mDEBUG[0m [2mhyper::proto::h1::io[0m[2m:[0m parsed 4 headers
[2m2025-12-10T10:11:26.707457Z[0m [34mDEBUG[0m [2methereum_transaction_pool_monitor::eth_client[0m[2m:[0m 📨 Received WebSocket message: {"jsonrpc":"2.0","method":"eth_subscription","params":{"subscription":"0xbed0a0851463e895960a451075a301a9","result":"0xcec4fafacde5f288ae82f4fccb160889b03fffed17b30be738fb89ed1ade7fcf"}}
[2m2025-12-10T10:11:26.707516Z[0m [34mDEBUG[0m [2mhyper::proto::h1::conn[0m[2m:[0m incoming body is content-length (45 bytes)
[2m2025-12-10T10:11:26.707530Z[0m [34mDEBUG[0m [2methereum_transaction_pool_monitor::eth_client[0m[2m:[0m 📨 Received pending transaction: 0xcec4fafacde5f288ae82f4fccb160889b03fffed17b30be738fb89ed1ade7fcf
[2m2025-12-10T10:11:26.707551Z[0m [34mDEBUG[0m [2mhyper::proto::h1::conn[0m[2m:[0m incoming body completed
[2m2025-12-10T10:11:26.707574Z[0m [34mDEBUG[0m [2mhyper::client::pool[0m[2m:[0m pooling idle connection for ("http", 192.168.0.14:8545)
[2m2025-12-10T10:11:26.750069Z[0m [34mDEBUG[0m [2methereum_transaction_pool_monitor::eth_client[0m[2m:[0m ✅ Transaction 0xbacb5b928cff88f645ac2de62601daba547650320b448bc50d28e81a2215754e fetched and parsed in 76.246125ms
[2m2025-12-10T10:11:26.750096Z[0m [34mDEBUG[0m [2methereum_transaction_pool_monitor::mempool_monitor[0m[2m:[0m 🔍 Skipping tx 0xbacb5b928cff88f645ac2de62601daba547650320b448bc50d28e81a2215754e - not a DEX interaction (target: 0x601a2aD6CB5949f0529735254189Ba3194221EDF)
[2m2025-12-10T10:11:26.750108Z[0m [34mDEBUG[0m [2methereum_transaction_pool_monitor::mempool_monitor[0m[2m:[0m 📨 Processing new pending transaction: 0x48d0463283f170e95b7406acecba88224cf17b2f700e22cf38d5dd51e590f925
[2m2025-12-10T10:11:26.750116Z[0m [34mDEBUG[0m [2methereum_transaction_pool_monitor::mempool_monitor[0m[2m:[0m 🔍 Fetching transaction details for: 0x48d0463283f170e95b7406acecba88224cf17b2f700e22cf38d5dd51e590f925
[2m2025-12-10T10:11:26.750121Z[0m [34mDEBUG[0m [2methereum_transaction_pool_monitor::eth_client[0m[2m:[0m 🔍 Fetching transaction details for hash: 0x48d0463283f170e95b7406acecba88224cf17b2f700e22cf38d5dd51e590f925
[2m2025-12-10T10:11:26.750142Z[0m [34mDEBUG[0m [2mhyper::client::pool[0m[2m:[0m reuse idle connection for ("http", 192.168.0.14:8545)
[2m2025-12-10T10:11:26.750189Z[0m [34mDEBUG[0m [2mhyper::proto::h1::io[0m[2m:[0m flushed 250 bytes
[2m2025-12-10T10:11:26.758385Z[0m [34mDEBUG[0m [2mhyper::proto::h1::io[0m[2m:[0m parsed 4 headers
[2m2025-12-10T10:11:26.758419Z[0m [34mDEBUG[0m [2mhyper::proto::h1::conn[0m[2m:[0m incoming body is content-length (679 bytes)
[2m2025-12-10T10:11:26.758431Z[0m [34mDEBUG[0m [2mhyper::proto::h1::conn[0m[2m:[0m incoming body completed
[2m2025-12-10T10:11:26.758443Z[0m [34mDEBUG[0m [2mhyper::client::pool[0m[2m:[0m pooling idle connection for ("http", 192.168.0.14:8545)
[2m2025-12-10T10:11:26.758451Z[0m [34mDEBUG[0m [2methereum_transaction_pool_monitor::eth_client[0m[2m:[0m 📡 Transaction fetch RPC completed in 8.32525ms
[2m2025-12-10T10:11:26.830027Z[0m [34mDEBUG[0m [2methereum_transaction_pool_monitor::eth_client[0m[2m:[0m ✅ Transaction 0x48d0463283f170e95b7406acecba88224cf17b2f700e22cf38d5dd51e590f925 fetched and parsed in 79.898625ms
[2m2025-12-10T10:11:26.830058Z[0m [34mDEBUG[0m [2methereum_transaction_pool_monitor::mempool_monitor[0m[2m:[0m 🔍 Skipping tx 0x48d0463283f170e95b7406acecba88224cf17b2f700e22cf38d5dd51e590f925 - not a DEX interaction (target: 0x967da4048cD07aB37855c090aAF366e4ce1b9F48)
[2m2025-12-10T10:11:26.830072Z[0m [34mDEBUG[0m [2methereum_transaction_pool_monitor::mempool_monitor[0m[2m:[0m 📨 Processing new pending transaction: 0x3d6d466f0a620ea6b4736b75fe18695f3dcf56d9ec75f98802f1ee847b014386
[2m2025-12-10T10:11:26.830080Z[0m [34mDEBUG[0m [2methereum_transaction_pool_monitor::mempool_monitor[0m[2m:[0m 🔍 Fetching transaction details for: 0x3d6d466f0a620ea6b4736b75fe18695f3dcf56d9ec75f98802f1ee847b014386
[2m2025-12-10T10:11:26.830087Z[0m [34mDEBUG[0m [2methereum_transaction_pool_monitor::eth_client[0m[2m:[0m 🔍 Fetching transaction details for hash: 0x3d6d466f0a620ea6b4736b75fe18695f3dcf56d9ec75f98802f1ee847b014386
[2m2025-12-10T10:11:26.830110Z[0m [34mDEBUG[0m [2mhyper::client::pool[0m[2m:[0m reuse idle connection for ("http", 192.168.0.14:8545)
[2m2025-12-10T10:11:26.830151Z[0m [34mDEBUG[0m [2mhyper::proto::h1::io[0m[2m:[0m flushed 250 bytes
[2m2025-12-10T10:11:26.830172Z[0m [34mDEBUG[0m [2mhyper::client::pool[0m[2m:[0m reuse idle connection for ("http", 192.168.0.14:8545)
[2m2025-12-10T10:11:26.830185Z[0m [34mDEBUG[0m [2methereum_transaction_pool_monitor::eth_client[0m[2m:[0m 📨 Received WebSocket message: {"jsonrpc":"2.0","method":"eth_subscription","params":{"subscription":"0xbed0a0851463e895960a451075a301a9","result":"0x5aa657690ffa1f4b8433cefb767a19d8d5d0bba0ded48143bb2428d0c96cb1c6"}}
[2m2025-12-10T10:11:26.830187Z[0m [34mDEBUG[0m [2mhyper::proto::h1::io[0m[2m:[0m flushed 172 bytes
[2m2025-12-10T10:11:26.830200Z[0m [34mDEBUG[0m [2methereum_transaction_pool_monitor::eth_client[0m[2m:[0m 📨 Received pending transaction: 0x5aa657690ffa1f4b8433cefb767a19d8d5d0bba0ded48143bb2428d0c96cb1c6
[2m2025-12-10T10:11:26.835382Z[0m [34mDEBUG[0m [2mhyper::proto::h1::io[0m[2m:[0m parsed 4 headers
[2m2025-12-10T10:11:26.835389Z[0m [34mDEBUG[0m [2mhyper::proto::h1::conn[0m[2m:[0m incoming body is content-length (45 bytes)
[2m2025-12-10T10:11:26.835397Z[0m [34mDEBUG[0m [2mhyper::proto::h1::conn[0m[2m:[0m incoming body completed
[2m2025-12-10T10:11:26.835404Z[0m [34mDEBUG[0m [2mhyper::client::pool[0m[2m:[0m pooling idle connection for ("http", 192.168.0.14:8545)
[2m2025-12-10T10:11:26.835422Z[0m [34mDEBUG[0m [2mhyper::proto::h1::io[0m[2m:[0m parsed 4 headers
[2m2025-12-10T10:11:26.835427Z[0m [34mDEBUG[0m [2mhyper::proto::h1::conn[0m[2m:[0m incoming body is content-length (679 bytes)
[2m2025-12-10T10:11:26.835433Z[0m [34mDEBUG[0m [2mhyper::proto::h1::conn[0m[2m:[0m incoming body completed
[2m2025-12-10T10:11:26.835440Z[0m [34mDEBUG[0m [2mhyper::client::pool[0m[2m:[0m pooling idle connection for ("http", 192.168.0.14:8545)
[2m2025-12-10T10:11:26.835445Z[0m [34mDEBUG[0m [2methereum_transaction_pool_monitor::eth_client[0m[2m:[0m 📡 Transaction fetch RPC completed in 5.350709ms
[2m2025-12-10T10:11:26.906936Z[0m [34mDEBUG[0m [2methereum_transaction_pool_monitor::eth_client[0m[2m:[0m ✅ Transaction 0x3d6d466f0a620ea6b4736b75fe18695f3dcf56d9ec75f98802f1ee847b014386 fetched and parsed in 76.838542ms
[2m2025-12-10T10:11:26.906964Z[0m [34mDEBUG[0m [2methereum_transaction_pool_monitor::mempool_monitor[0m[2m:[0m 🔍 Skipping tx 0x3d6d466f0a620ea6b4736b75fe18695f3dcf56d9ec75f98802f1ee847b014386 - not a DEX interaction (target: 0x967da4048cD07aB37855c090aAF366e4ce1b9F48)
[2m2025-12-10T10:11:26.906974Z[0m [34mDEBUG[0m [2methereum_transaction_pool_monitor::mempool_monitor[0m[2m:[0m 📨 Processing new pending transaction: 0x8c76266d620e91130e676092d02b783b1d8d03379dea6f55c9de542229c28c56
[2m2025-12-10T10:11:26.906981Z[0m [34mDEBUG[0m [2methereum_transaction_pool_monitor::mempool_monitor[0m[2m:[0m 🔍 Fetching transaction details for: 0x8c76266d620e91130e676092d02b783b1d8d03379dea6f55c9de542229c28c56
[2m2025-12-10T10:11:26.906987Z[0m [34mDEBUG[0m [2methereum_transaction_pool_monitor::eth_client[0m[2m:[0m 🔍 Fetching transaction details for hash: 0x8c76266d620e91130e676092d02b783b1d8d03379dea6f55c9de542229c28c56
[2m2025-12-10T10:11:26.907007Z[0m [34mDEBUG[0m [2mhyper::client::pool[0m[2m:[0m reuse idle connection for ("http", 192.168.0.14:8545)
[2m2025-12-10T10:11:26.907055Z[0m [34mDEBUG[0m [2mhyper::proto::h1::io[0m[2m:[0m flushed 250 bytes
[2m2025-12-10T10:11:26.907074Z[0m [34mDEBUG[0m [2mhyper::client::pool[0m[2m:[0m reuse idle connection for ("http", 192.168.0.14:8545)
[2m2025-12-10T10:11:26.907088Z[0m [34mDEBUG[0m [2mhyper::proto::h1::io[0m[2m:[0m flushed 172 bytes
[2m2025-12-10T10:11:26.907125Z[0m [34mDEBUG[0m [2methereum_transaction_pool_monitor::eth_client[0m[2m:[0m 📨 Received WebSocket message: {"jsonrpc":"2.0","method":"eth_subscription","params":{"subscription":"0xbed0a0851463e895960a451075a301a9","result":"0x4d93b0df6aa7eb152ead40f035314fd25bae92850c488a542f84721ac96dbb6c"}}
[2m2025-12-10T10:11:26.907133Z[0m [34mDEBUG[0m [2methereum_transaction_pool_monitor::eth_client[0m[2m:[0m 📨 Received pending transaction: 0x4d93b0df6aa7eb152ead40f035314fd25bae92850c488a542f84721ac96dbb6c
[2m2025-12-10T10:11:26.912012Z[0m [34mDEBUG[0m [2mhyper::proto::h1::io[0m[2m:[0m parsed 4 headers
[2m2025-12-10T10:11:26.912024Z[0m [34mDEBUG[0m [2mhyper::proto::h1::conn[0m[2m:[0m incoming body is content-length (45 bytes)
[2m2025-12-10T10:11:26.912031Z[0m [34mDEBUG[0m [2mhyper::proto::h1::conn[0m[2m:[0m incoming body completed
[2m2025-12-10T10:11:26.912039Z[0m [34mDEBUG[0m [2mhyper::client::pool[0m[2m:[0m pooling idle connection for ("http", 192.168.0.14:8545)
[2m2025-12-10T10:11:26.915572Z[0m [34mDEBUG[0m [2mhyper::proto::h1::io[0m[2m:[0m parsed 4 headers
[2m2025-12-10T10:11:26.915610Z[0m [34mDEBUG[0m [2mhyper::proto::h1::conn[0m[2m:[0m incoming body is content-length (774 bytes)
[2m2025-12-10T10:11:26.915624Z[0m [34mDEBUG[0m [2mhyper::proto::h1::conn[0m[2m:[0m incoming body completed
[2m2025-12-10T10:11:26.915649Z[0m [34mDEBUG[0m [2mhyper::client::pool[0m[2m:[0m pooling idle connection for ("http", 192.168.0.14:8545)
[2m2025-12-10T10:11:26.915656Z[0m [34mDEBUG[0m [2methereum_transaction_pool_monitor::eth_client[0m[2m:[0m 📡 Transaction fetch RPC completed in 8.664625ms
[2m2025-12-10T10:11:26.915674Z[0m [34mDEBUG[0m [2methereum_transaction_pool_monitor::eth_client[0m[2m:[0m DeFi transaction detected - Address: 0xdac17f958d2ee523a2206206994597c13d831ec7, Type: Stablecoin, Value: 0 ETH, Gas: 0.72 Gwei
[2m2025-12-10T10:11:26.915692Z[0m [34mDEBUG[0m [2methereum_transaction_pool_monitor::eth_client[0m[2m:[0m ✅ Transaction 0x8c76266d620e91130e676092d02b783b1d8d03379dea6f55c9de542229c28c56 fetched and parsed in 8.7005ms
[2m2025-12-10T10:11:26.915700Z[0m [34mDEBUG[0m [2methereum_transaction_pool_monitor::mempool_monitor[0m[2m:[0m 🔍 Skipping tx 0x8c76266d620e91130e676092d02b783b1d8d03379dea6f55c9de542229c28c56 - not a DEX interaction (target: 0xdAC17F958D2ee523a2206206994597C13D831ec7)
[2m2025-12-10T10:11:26.915710Z[0m [34mDEBUG[0m [2methereum_transaction_pool_monitor::mempool_monitor[0m[2m:[0m 📨 Processing new pending transaction: 0xfcfcef851eb7a57a6e8cc8c21f0262199dd78036dc4a494e9fc53f9adeaa58f0
[2m2025-12-10T10:11:26.915716Z[0m [34mDEBUG[0m [2methereum_transaction_pool_monitor::mempool_monitor[0m[2m:[0m 🔍 Fetching transaction details for: 0xfcfcef851eb7a57a6e8cc8c21f0262199dd78036dc4a494e9fc53f9adeaa58f0
[2m2025-12-10T10:11:26.915720Z[0m [34mDEBUG[0m [2methereum_transaction_pool_monitor::eth_client[0m[2m:[0m 🔍 Fetching transaction details for hash: 0xfcfcef851eb7a57a6e8cc8c21f0262199dd78036dc4a494e9fc53f9adeaa58f0
[2m2025-12-10T10:11:26.915736Z[0m [34mDEBUG[0m [2mhyper::client::pool[0m[2m:[0m reuse idle connection for ("http", 192.168.0.14:8545)
[2m2025-12-10T10:11:26.915756Z[0m [34mDEBUG[0m [2mhyper::proto::h1::io[0m[2m:[0m flushed 250 bytes
[2m2025-12-10T10:11:26.916590Z[0m [34mDEBUG[0m [2methereum_transaction_pool_monitor::eth_client[0m[2m:[0m 📨 Received WebSocket message: {"jsonrpc":"2.0","method":"eth_subscription","params":{"subscription":"0xbed0a0851463e895960a451075a301a9","result":"0x867e11886c6842be277fd3c48297d4b739d28d05d8ec5f2224d25dceb3ddf938"}}
[2m2025-12-10T10:11:26.916598Z[0m [34mDEBUG[0m [2methereum_transaction_pool_monitor::eth_client[0m[2m:[0m 📨 Received pending transaction: 0x867e11886c6842be277fd3c48297d4b739d28d05d8ec5f2224d25dceb3ddf938
[2m2025-12-10T10:11:26.920151Z[0m [34mDEBUG[0m [2mhyper::proto::h1::io[0m[2m:[0m parsed 4 headers
[2m2025-12-10T10:11:26.920158Z[0m [34mDEBUG[0m [2mhyper::proto::h1::conn[0m[2m:[0m incoming body is content-length (766 bytes)
[2m2025-12-10T10:11:26.920164Z[0m [34mDEBUG[0m [2mhyper::proto::h1::conn[0m[2m:[0m incoming body completed
[2m2025-12-10T10:11:26.920170Z[0m [34mDEBUG[0m [2mhyper::client::pool[0m[2m:[0m pooling idle connection for ("http", 192.168.0.14:8545)
[2m2025-12-10T10:11:26.920175Z[0m [34mDEBUG[0m [2methereum_transaction_pool_monitor::eth_client[0m[2m:[0m 📡 Transaction fetch RPC completed in 4.450667ms
[2m2025-12-10T10:11:26.990996Z[0m [34mDEBUG[0m [2methereum_transaction_pool_monitor::eth_client[0m[2m:[0m ✅ Transaction 0xfcfcef851eb7a57a6e8cc8c21f0262199dd78036dc4a494e9fc53f9adeaa58f0 fetched and parsed in 75.26975ms
[2m2025-12-10T10:11:26.991027Z[0m [34mDEBUG[0m [2methereum_transaction_pool_monitor::mempool_monitor[0m[2m:[0m 🔍 Skipping tx 0xfcfcef851eb7a57a6e8cc8c21f0262199dd78036dc4a494e9fc53f9adeaa58f0 - not a DEX interaction (target: 0xA0b86991c6218b36c1d19D4a2e9Eb0cE3606eB48)
[2m2025-12-10T10:11:26.991038Z[0m [34mDEBUG[0m [2methereum_transaction_pool_monitor::mempool_monitor[0m[2m:[0m 📨 Processing new pending transaction: 0x4865c4b10dd50045b7dcdd5cb9d5de877c0c519bf2b2542679895021c49fdbc6
[2m2025-12-10T10:11:26.991048Z[0m [34mDEBUG[0m [2methereum_transaction_pool_monitor::mempool_monitor[0m[2m:[0m 🔍 Fetching transaction details for: 0x4865c4b10dd50045b7dcdd5cb9d5de877c0c519bf2b2542679895021c49fdbc6
[2m2025-12-10T10:11:26.991055Z[0m [34mDEBUG[0m [2methereum_transaction_pool_monitor::eth_client[0m[2m:[0m 🔍 Fetching transaction details for hash: 0x4865c4b10dd50045b7dcdd5cb9d5de877c0c519bf2b2542679895021c49fdbc6
[2m2025-12-10T10:11:26.991080Z[0m [34mDEBUG[0m [2mhyper::client::pool[0m[2m:[0m reuse idle connection for ("http", 192.168.0.14:8545)
[2m2025-12-10T10:11:26.991123Z[0m [34mDEBUG[0m [2mhyper::proto::h1::io[0m[2m:[0m flushed 250 bytes
[2m2025-12-10T10:11:26.998678Z[0m [34mDEBUG[0m [2mhyper::client::pool[0m[2m:[0m reuse idle connection for ("http", 192.168.0.14:8545)
[2m2025-12-10T10:11:26.998714Z[0m [34mDEBUG[0m [2mhyper::proto::h1::io[0m[2m:[0m flushed 172 bytes
[2m2025-12-10T10:11:26.999261Z[0m [34mDEBUG[0m [2mhyper::proto::h1::io[0m[2m:[0m parsed 4 headers
[2m2025-12-10T10:11:26.999269Z[0m [34mDEBUG[0m [2mhyper::proto::h1::conn[0m[2m:[0m incoming body is content-length (769 bytes)
[2m2025-12-10T10:11:26.999276Z[0m [34mDEBUG[0m [2mhyper::proto::h1::conn[0m[2m:[0m incoming body completed
[2m2025-12-10T10:11:26.999285Z[0m [34mDEBUG[0m [2mhyper::client::pool[0m[2m:[0m pooling idle connection for ("http", 192.168.0.14:8545)
[2m2025-12-10T10:11:26.999291Z[0m [34mDEBUG[0m [2methereum_transaction_pool_monitor::eth_client[0m[2m:[0m 📡 Transaction fetch RPC completed in 8.227ms
[2m2025-12-10T10:11:26.999304Z[0m [34mDEBUG[0m [2methereum_transaction_pool_monitor::eth_client[0m[2m:[0m DeFi transaction detected - Address: 0xdac17f958d2ee523a2206206994597c13d831ec7, Type: Stablecoin, Value: 0 ETH, Gas: 0.37 Gwei
[2m2025-12-10T10:11:26.999318Z[0m [34mDEBUG[0m [2methereum_transaction_pool_monitor::eth_client[0m[2m:[0m ✅ Transaction 0x4865c4b10dd50045b7dcdd5cb9d5de877c0c519bf2b2542679895021c49fdbc6 fetched and parsed in 8.254ms
[2m2025-12-10T10:11:26.999325Z[0m [34mDEBUG[0m [2methereum_transaction_pool_monitor::mempool_monitor[0m[2m:[0m 🔍 Skipping tx 0x4865c4b10dd50045b7dcdd5cb9d5de877c0c519bf2b2542679895021c49fdbc6 - not a DEX interaction (target: 0xdAC17F958D2ee523a2206206994597C13D831ec7)
[2m2025-12-10T10:11:26.999335Z[0m [34mDEBUG[0m [2methereum_transaction_pool_monitor::mempool_monitor[0m[2m:[0m 📨 Processing new pending transaction: 0xcec4fafacde5f288ae82f4fccb160889b03fffed17b30be738fb89ed1ade7fcf
[2m2025-12-10T10:11:26.999340Z[0m [34mDEBUG[0m [2methereum_transaction_pool_monitor::mempool_monitor[0m[2m:[0m 🔍 Fetching transaction details for: 0xcec4fafacde5f288ae82f4fccb160889b03fffed17b30be738fb89ed1ade7fcf
[2m2025-12-10T10:11:26.999430Z[0m [34mDEBUG[0m [2methereum_transaction_pool_monitor::eth_client[0m[2m:[0m 🔍 Fetching transaction details for hash: 0xcec4fafacde5f288ae82f4fccb160889b03fffed17b30be738fb89ed1ade7fcf
[2m2025-12-10T10:11:26.999444Z[0m [34mDEBUG[0m [2mhyper::client::pool[0m[2m:[0m reuse idle connection for ("http", 192.168.0.14:8545)
[2m2025-12-10T10:11:26.999458Z[0m [34mDEBUG[0m [2mhyper::proto::h1::io[0m[2m:[0m flushed 250 bytes
[2m2025-12-10T10:11:27.002642Z[0m [34mDEBUG[0m [2mhyper::proto::h1::io[0m[2m:[0m parsed 4 headers
[2m2025-12-10T10:11:27.002665Z[0m [34mDEBUG[0m [2mhyper::proto::h1::conn[0m[2m:[0m incoming body is content-length (45 bytes)
[2m2025-12-10T10:11:27.002686Z[0m [34mDEBUG[0m [2mhyper::proto::h1::conn[0m[2m:[0m incoming body completed
[2m2025-12-10T10:11:27.002703Z[0m [34mDEBUG[0m [2mhyper::client::pool[0m[2m:[0m pooling idle connection for ("http", 192.168.0.14:8545)
[2m2025-12-10T10:11:27.005952Z[0m [34mDEBUG[0m [2mhyper::proto::h1::io[0m[2m:[0m parsed 4 headers
[2m2025-12-10T10:11:27.005961Z[0m [34mDEBUG[0m [2mhyper::proto::h1::conn[0m[2m:[0m incoming body is content-length (676 bytes)
[2m2025-12-10T10:11:27.005967Z[0m [34mDEBUG[0m [2mhyper::proto::h1::conn[0m[2m:[0m incoming body completed
[2m2025-12-10T10:11:27.005974Z[0m [34mDEBUG[0m [2mhyper::client::pool[0m[2m:[0m pooling idle connection for ("http", 192.168.0.14:8545)
[2m2025-12-10T10:11:27.005980Z[0m [34mDEBUG[0m [2methereum_transaction_pool_monitor::eth_client[0m[2m:[0m 📡 Transaction fetch RPC completed in 6.542ms
[2m2025-12-10T10:11:27.005992Z[0m [34mDEBUG[0m [2methereum_transaction_pool_monitor::eth_client[0m[2m:[0m DeFi transaction detected - Address: 0xdac17f958d2ee523a2206206994597c13d831ec7, Type: Stablecoin, Value: 0 ETH, Gas: 2.00 Gwei
[2m2025-12-10T10:11:27.006004Z[0m [34mDEBUG[0m [2methereum_transaction_pool_monitor::eth_client[0m[2m:[0m ✅ Transaction 0xcec4fafacde5f288ae82f4fccb160889b03fffed17b30be738fb89ed1ade7fcf fetched and parsed in 6.566625ms
[2m2025-12-10T10:11:27.006011Z[0m [34mDEBUG[0m [2methereum_transaction_pool_monitor::mempool_monitor[0m[2m:[0m 🔍 Skipping tx 0xcec4fafacde5f288ae82f4fccb160889b03fffed17b30be738fb89ed1ade7fcf - not a DEX interaction (target: 0xdAC17F958D2ee523a2206206994597C13D831ec7)
[2m2025-12-10T10:11:27.006019Z[0m [34mDEBUG[0m [2methereum_transaction_pool_monitor::mempool_monitor[0m[2m:[0m 📨 Processing new pending transaction: 0x5aa657690ffa1f4b8433cefb767a19d8d5d0bba0ded48143bb2428d0c96cb1c6
[2m2025-12-10T10:11:27.006023Z[0m [34mDEBUG[0m [2methereum_transaction_pool_monitor::mempool_monitor[0m[2m:[0m 🔍 Fetching transaction details for: 0x5aa657690ffa1f4b8433cefb767a19d8d5d0bba0ded48143bb2428d0c96cb1c6
[2m2025-12-10T10:11:27.006027Z[0m [34mDEBUG[0m [2methereum_transaction_pool_monitor::eth_client[0m[2m:[0m 🔍 Fetching transaction details for hash: 0x5aa657690ffa1f4b8433cefb767a19d8d5d0bba0ded48143bb2428d0c96cb1c6
[2m2025-12-10T10:11:27.006038Z[0m [34mDEBUG[0m [2mhyper::client::pool[0m[2m:[0m reuse idle connection for ("http", 192.168.0.14:8545)
[2m2025-12-10T10:11:27.006052Z[0m [34mDEBUG[0m [2mhyper::proto::h1::io[0m[2m:[0m flushed 250 bytes
[2m2025-12-10T10:11:27.010950Z[0m [34mDEBUG[0m [2mhyper::proto::h1::io[0m[2m:[0m parsed 4 headers
[2m2025-12-10T10:11:27.010959Z[0m [34mDEBUG[0m [2mhyper::proto::h1::conn[0m[2m:[0m incoming body is content-length (1731 bytes)
[2m2025-12-10T10:11:27.010965Z[0m [34mDEBUG[0m [2mhyper::proto::h1::conn[0m[2m:[0m incoming body completed
[2m2025-12-10T10:11:27.010972Z[0m [34mDEBUG[0m [2mhyper::client::pool[0m[2m:[0m pooling idle connection for ("http", 192.168.0.14:8545)
[2m2025-12-10T10:11:27.010978Z[0m [34mDEBUG[0m [2methereum_transaction_pool_monitor::eth_client[0m[2m:[0m 📡 Transaction fetch RPC completed in 4.945625ms
[2m2025-12-10T10:11:27.082646Z[0m [34mDEBUG[0m [2methereum_transaction_pool_monitor::eth_client[0m[2m:[0m ✅ Transaction 0x5aa657690ffa1f4b8433cefb767a19d8d5d0bba0ded48143bb2428d0c96cb1c6 fetched and parsed in 76.611208ms
[2m2025-12-10T10:11:27.082674Z[0m [34mDEBUG[0m [2methereum_transaction_pool_monitor::mempool_monitor[0m[2m:[0m 🔍 Skipping tx 0x5aa657690ffa1f4b8433cefb767a19d8d5d0bba0ded48143bb2428d0c96cb1c6 - not a DEX interaction (target: 0x601a2aD6CB5949f0529735254189Ba3194221EDF)
[2m2025-12-10T10:11:27.082685Z[0m [34mDEBUG[0m [2methereum_transaction_pool_monitor::mempool_monitor[0m[2m:[0m 📨 Processing new pending transaction: 0x4d93b0df6aa7eb152ead40f035314fd25bae92850c488a542f84721ac96dbb6c
[2m2025-12-10T10:11:27.082693Z[0m [34mDEBUG[0m [2methereum_transaction_pool_monitor::mempool_monitor[0m[2m:[0m 🔍 Fetching transaction details for: 0x4d93b0df6aa7eb152ead40f035314fd25bae92850c488a542f84721ac96dbb6c
[2m2025-12-10T10:11:27.082699Z[0m [34mDEBUG[0m [2methereum_transaction_pool_monitor::eth_client[0m[2m:[0m 🔍 Fetching transaction details for hash: 0x4d93b0df6aa7eb152ead40f035314fd25bae92850c488a542f84721ac96dbb6c
[2m2025-12-10T10:11:27.082716Z[0m [34mDEBUG[0m [2mhyper::client::pool[0m[2m:[0m reuse idle connection for ("http", 192.168.0.14:8545)
[2m2025-12-10T10:11:27.082756Z[0m [34mDEBUG[0m [2mhyper::proto::h1::io[0m[2m:[0m flushed 250 bytes
[2m2025-12-10T10:11:27.087867Z[0m [34mDEBUG[0m [2mhyper::proto::h1::io[0m[2m:[0m parsed 4 headers
[2m2025-12-10T10:11:27.087877Z[0m [34mDEBUG[0m [2mhyper::proto::h1::conn[0m[2m:[0m incoming body is content-length (676 bytes)
[2m2025-12-10T10:11:27.087885Z[0m [34mDEBUG[0m [2mhyper::proto::h1::conn[0m[2m:[0m incoming body completed
[2m2025-12-10T10:11:27.087895Z[0m [34mDEBUG[0m [2mhyper::client::pool[0m[2m:[0m pooling idle connection for ("http", 192.168.0.14:8545)
[2m2025-12-10T10:11:27.087902Z[0m [34mDEBUG[0m [2methereum_transaction_pool_monitor::eth_client[0m[2m:[0m 📡 Transaction fetch RPC completed in 5.198ms
[2m2025-12-10T10:11:27.087914Z[0m [34mDEBUG[0m [2methereum_transaction_pool_monitor::eth_client[0m[2m:[0m DeFi transaction detected - Address: 0xdac17f958d2ee523a2206206994597c13d831ec7, Type: Stablecoin, Value: 0 ETH, Gas: 2.00 Gwei
[2m2025-12-10T10:11:27.087925Z[0m [34mDEBUG[0m [2methereum_transaction_pool_monitor::eth_client[0m[2m:[0m ✅ Transaction 0x4d93b0df6aa7eb152ead40f035314fd25bae92850c488a542f84721ac96dbb6c fetched and parsed in 5.221541ms
[2m2025-12-10T10:11:27.087931Z[0m [34mDEBUG[0m [2methereum_transaction_pool_monitor::mempool_monitor[0m[2m:[0m 🔍 Skipping tx 0x4d93b0df6aa7eb152ead40f035314fd25bae92850c488a542f84721ac96dbb6c - not a DEX interaction (target: 0xdAC17F958D2ee523a2206206994597C13D831ec7)
[2m2025-12-10T10:11:27.087938Z[0m [34mDEBUG[0m [2methereum_transaction_pool_monitor::mempool_monitor[0m[2m:[0m 📨 Processing new pending transaction: 0x867e11886c6842be277fd3c48297d4b739d28d05d8ec5f2224d25dceb3ddf938
[2m2025-12-10T10:11:27.087942Z[0m [34mDEBUG[0m [2methereum_transaction_pool_monitor::mempool_monitor[0m[2m:[0m 🔍 Fetching transaction details for: 0x867e11886c6842be277fd3c48297d4b739d28d05d8ec5f2224d25dceb3ddf938
[2m2025-12-10T10:11:27.087946Z[0m [34mDEBUG[0m [2methereum_transaction_pool_monitor::eth_client[0m[2m:[0m 🔍 Fetching transaction details for hash: 0x867e11886c6842be277fd3c48297d4b739d28d05d8ec5f2224d25dceb3ddf938
[2m2025-12-10T10:11:27.087957Z[0m [34mDEBUG[0m [2mhyper::client::pool[0m[2m:[0m reuse idle connection for ("http", 192.168.0.14:8545)
[2m2025-12-10T10:11:27.087973Z[0m [34mDEBUG[0m [2mhyper::proto::h1::io[0m[2m:[0m flushed 250 bytes
[2m2025-12-10T10:11:27.093561Z[0m [34mDEBUG[0m [2mhyper::proto::h1::io[0m[2m:[0m parsed 4 headers
[2m2025-12-10T10:11:27.093568Z[0m [34mDEBUG[0m [2mhyper::proto::h1::conn[0m[2m:[0m incoming body is content-length (1732 bytes)
[2m2025-12-10T10:11:27.093577Z[0m [34mDEBUG[0m [2methereum_transaction_pool_monitor::eth_client[0m[2m:[0m 📡 Transaction fetch RPC completed in 5.6275ms
[2m2025-12-10T10:11:27.096144Z[0m [34mDEBUG[0m [2mhyper::proto::h1::conn[0m[2m:[0m incoming body completed
[2m2025-12-10T10:11:27.096157Z[0m [34mDEBUG[0m [2mhyper::client::pool[0m[2m:[0m pooling idle connection for ("http", 192.168.0.14:8545)
[2m2025-12-10T10:11:27.097429Z[0m [34mDEBUG[0m [2mhyper::client::pool[0m[2m:[0m reuse idle connection for ("http", 192.168.0.14:8545)
[2m2025-12-10T10:11:27.097461Z[0m [34mDEBUG[0m [2mhyper::proto::h1::io[0m[2m:[0m flushed 172 bytes
[2m2025-12-10T10:11:27.102650Z[0m [34mDEBUG[0m [2mhyper::proto::h1::io[0m[2m:[0m parsed 4 headers
[2m2025-12-10T10:11:27.102666Z[0m [34mDEBUG[0m [2mhyper::proto::h1::conn[0m[2m:[0m incoming body is content-length (45 bytes)
[2m2025-12-10T10:11:27.102673Z[0m [34mDEBUG[0m [2mhyper::proto::h1::conn[0m[2m:[0m incoming body completed
[2m2025-12-10T10:11:27.102682Z[0m [34mDEBUG[0m [2mhyper::client::pool[0m[2m:[0m pooling idle connection for ("http", 192.168.0.14:8545)
[2m2025-12-10T10:11:27.164766Z[0m [34mDEBUG[0m [2methereum_transaction_pool_monitor::eth_client[0m[2m:[0m 📨 Received WebSocket message: {"jsonrpc":"2.0","method":"eth_subscription","params":{"subscription":"0xbed0a0851463e895960a451075a301a9","result":"0x57cb8061efe3866ebe291232b623a7e1e1aca4f6497e03db9102b4a1ff7cc135"}}
[2m2025-12-10T10:11:27.164795Z[0m [34mDEBUG[0m [2methereum_transaction_pool_monitor::eth_client[0m[2m:[0m 📨 Received pending transaction: 0x57cb8061efe3866ebe291232b623a7e1e1aca4f6497e03db9102b4a1ff7cc135
[2m2025-12-10T10:11:27.167931Z[0m [34mDEBUG[0m [2methereum_transaction_pool_monitor::eth_client[0m[2m:[0m ✅ Transaction 0x867e11886c6842be277fd3c48297d4b739d28d05d8ec5f2224d25dceb3ddf938 fetched and parsed in 79.980125ms
[2m2025-12-10T10:11:27.167953Z[0m [34mDEBUG[0m [2methereum_transaction_pool_monitor::mempool_monitor[0m[2m:[0m 🔍 Skipping tx 0x867e11886c6842be277fd3c48297d4b739d28d05d8ec5f2224d25dceb3ddf938 - not a DEX interaction (target: 0x601a2aD6CB5949f0529735254189Ba3194221EDF)
[2m2025-12-10T10:11:27.167964Z[0m [34mDEBUG[0m [2methereum_transaction_pool_monitor::mempool_monitor[0m[2m:[0m 📨 Processing new pending transaction: 0x57cb8061efe3866ebe291232b623a7e1e1aca4f6497e03db9102b4a1ff7cc135
[2m2025-12-10T10:11:27.167969Z[0m [34mDEBUG[0m [2methereum_transaction_pool_monitor::mempool_monitor[0m[2m:[0m 🔍 Fetching transaction details for: 0x57cb8061efe3866ebe291232b623a7e1e1aca4f6497e03db9102b4a1ff7cc135
[2m2025-12-10T10:11:27.167974Z[0m [34mDEBUG[0m [2methereum_transaction_pool_monitor::eth_client[0m[2m:[0m 🔍 Fetching transaction details for hash: 0x57cb8061efe3866ebe291232b623a7e1e1aca4f6497e03db9102b4a1ff7cc135
[2m2025-12-10T10:11:27.167992Z[0m [34mDEBUG[0m [2mhyper::client::pool[0m[2m:[0m reuse idle connection for ("http", 192.168.0.14:8545)
[2m2025-12-10T10:11:27.168018Z[0m [34mDEBUG[0m [2mhyper::proto::h1::io[0m[2m:[0m flushed 250 bytes
[2m2025-12-10T10:11:27.170947Z[0m [34mDEBUG[0m [2mhyper::proto::h1::io[0m[2m:[0m parsed 4 headers
[2m2025-12-10T10:11:27.170960Z[0m [34mDEBUG[0m [2mhyper::proto::h1::conn[0m[2m:[0m incoming body is content-length (676 bytes)
[2m2025-12-10T10:11:27.170967Z[0m [34mDEBUG[0m [2mhyper::proto::h1::conn[0m[2m:[0m incoming body completed
[2m2025-12-10T10:11:27.170976Z[0m [34mDEBUG[0m [2mhyper::client::pool[0m[2m:[0m pooling idle connection for ("http", 192.168.0.14:8545)
[2m2025-12-10T10:11:27.170983Z[0m [34mDEBUG[0m [2methereum_transaction_pool_monitor::eth_client[0m[2m:[0m 📡 Transaction fetch RPC completed in 3.004375ms
[2m2025-12-10T10:11:27.171000Z[0m [34mDEBUG[0m [2methereum_transaction_pool_monitor::eth_client[0m[2m:[0m DeFi transaction detected - Address: 0xdac17f958d2ee523a2206206994597c13d831ec7, Type: Stablecoin, Value: 0 ETH, Gas: 2.00 Gwei
[2m2025-12-10T10:11:27.171011Z[0m [34mDEBUG[0m [2methereum_transaction_pool_monitor::eth_client[0m[2m:[0m ✅ Transaction 0x57cb8061efe3866ebe291232b623a7e1e1aca4f6497e03db9102b4a1ff7cc135 fetched and parsed in 3.032458ms
[2m2025-12-10T10:11:27.171016Z[0m [34mDEBUG[0m [2methereum_transaction_pool_monitor::mempool_monitor[0m[2m:[0m 🔍 Skipping tx 0x57cb8061efe3866ebe291232b623a7e1e1aca4f6497e03db9102b4a1ff7cc135 - not a DEX interaction (target: 0xdAC17F958D2ee523a2206206994597C13D831ec7)
[2m2025-12-10T10:11:27.198366Z[0m [34mDEBUG[0m [2mhyper::client::pool[0m[2m:[0m reuse idle connection for ("http", 192.168.0.14:8545)
[2m2025-12-10T10:11:27.198393Z[0m [34mDEBUG[0m [2mhyper::proto::h1::io[0m[2m:[0m flushed 172 bytes
[2m2025-12-10T10:11:27.202813Z[0m [34mDEBUG[0m [2mhyper::proto::h1::io[0m[2m:[0m parsed 4 headers
[2m2025-12-10T10:11:27.206531Z[0m [34mDEBUG[0m [2mhyper::proto::h1::conn[0m[2m:[0m incoming body is content-length (45 bytes)
[2m2025-12-10T10:11:27.206541Z[0m [34mDEBUG[0m [2mhyper::proto::h1::conn[0m[2m:[0m incoming body completed
[2m2025-12-10T10:11:27.206551Z[0m [34mDEBUG[0m [2mhyper::client::pool[0m[2m:[0m pooling idle connection for ("http", 192.168.0.14:8545)
[2m2025-12-10T10:11:27.249390Z[0m [34mDEBUG[0m [2methereum_transaction_pool_monitor::eth_client[0m[2m:[0m 📨 Received WebSocket message: {"jsonrpc":"2.0","method":"eth_subscription","params":{"subscription":"0xbed0a0851463e895960a451075a301a9","result":"0x494dcf81d0425605d8a39c89d4b9176992844512170dda1ca5d4206424b3800a"}}
[2m2025-12-10T10:11:27.249404Z[0m [34mDEBUG[0m [2methereum_transaction_pool_monitor::eth_client[0m[2m:[0m 📨 Received pending transaction: 0x494dcf81d0425605d8a39c89d4b9176992844512170dda1ca5d4206424b3800a
[2m2025-12-10T10:11:27.249412Z[0m [34mDEBUG[0m [2methereum_transaction_pool_monitor::mempool_monitor[0m[2m:[0m 📨 Processing new pending transaction: 0x494dcf81d0425605d8a39c89d4b9176992844512170dda1ca5d4206424b3800a
[2m2025-12-10T10:11:27.249417Z[0m [34mDEBUG[0m [2methereum_transaction_pool_monitor::mempool_monitor[0m[2m:[0m 🔍 Fetching transaction details for: 0x494dcf81d0425605d8a39c89d4b9176992844512170dda1ca5d4206424b3800a
[2m2025-12-10T10:11:27.249422Z[0m [34mDEBUG[0m [2methereum_transaction_pool_monitor::eth_client[0m[2m:[0m 🔍 Fetching transaction details for hash: 0x494dcf81d0425605d8a39c89d4b9176992844512170dda1ca5d4206424b3800a
[2m2025-12-10T10:11:27.249437Z[0m [34mDEBUG[0m [2mhyper::client::pool[0m[2m:[0m reuse idle connection for ("http", 192.168.0.14:8545)
[2m2025-12-10T10:11:27.249461Z[0m [34mDEBUG[0m [2mhyper::proto::h1::io[0m[2m:[0m flushed 250 bytes
[2m2025-12-10T10:11:27.254361Z[0m [34mDEBUG[0m [2mhyper::proto::h1::io[0m[2m:[0m parsed 4 headers
[2m2025-12-10T10:11:27.254369Z[0m [34mDEBUG[0m [2mhyper::proto::h1::conn[0m[2m:[0m incoming body is content-length (830 bytes)
[2m2025-12-10T10:11:27.254376Z[0m [34mDEBUG[0m [2mhyper::proto::h1::conn[0m[2m:[0m incoming body completed
[2m2025-12-10T10:11:27.254384Z[0m [34mDEBUG[0m [2mhyper::client::pool[0m[2m:[0m pooling idle connection for ("http", 192.168.0.14:8545)
[2m2025-12-10T10:11:27.254390Z[0m [34mDEBUG[0m [2methereum_transaction_pool_monitor::eth_client[0m[2m:[0m 📡 Transaction fetch RPC completed in 4.963417ms
[2m2025-12-10T10:11:27.327128Z[0m [34mDEBUG[0m [2methereum_transaction_pool_monitor::eth_client[0m[2m:[0m ✅ Transaction 0x494dcf81d0425605d8a39c89d4b9176992844512170dda1ca5d4206424b3800a fetched and parsed in 77.6985ms
[2m2025-12-10T10:11:27.327154Z[0m [34mDEBUG[0m [2methereum_transaction_pool_monitor::mempool_monitor[0m[2m:[0m 🔍 Skipping tx 0x494dcf81d0425605d8a39c89d4b9176992844512170dda1ca5d4206424b3800a - not a DEX interaction (target: 0x3B4D794a66304F130a4Db8F2551B0070dfCf5ca7)
[2m2025-12-10T10:11:27.327201Z[0m [34mDEBUG[0m [2mhyper::client::pool[0m[2m:[0m reuse idle connection for ("http", 192.168.0.14:8545)
[2m2025-12-10T10:11:27.327242Z[0m [34mDEBUG[0m [2mhyper::proto::h1::io[0m[2m:[0m flushed 172 bytes
[2m2025-12-10T10:11:27.327245Z[0m [34mDEBUG[0m [2methereum_transaction_pool_monitor::eth_client[0m[2m:[0m 📨 Received WebSocket message: {"jsonrpc":"2.0","method":"eth_subscription","params":{"subscription":"0xbed0a0851463e895960a451075a301a9","result":"0xe0ad676845157fda22a064da0b24e1ec58791d924462ddd904aad860a12f80b7"}}
[2m2025-12-10T10:11:27.327507Z[0m [34mDEBUG[0m [2methereum_transaction_pool_monitor::eth_client[0m[2m:[0m 📨 Received pending transaction: 0xe0ad676845157fda22a064da0b24e1ec58791d924462ddd904aad860a12f80b7
[2m2025-12-10T10:11:27.327518Z[0m [34mDEBUG[0m [2methereum_transaction_pool_monitor::eth_client[0m[2m:[0m 📨 Received WebSocket message: {"jsonrpc":"2.0","method":"eth_subscription","params":{"subscription":"0xbed0a0851463e895960a451075a301a9","result":"0x48f2f963c2b3166f6a20da256298782a7847fc33a755ec685b7d74e47fc27888"}}
[2m2025-12-10T10:11:27.327524Z[0m [34mDEBUG[0m [2methereum_transaction_pool_monitor::eth_client[0m[2m:[0m 📨 Received pending transaction: 0x48f2f963c2b3166f6a20da256298782a7847fc33a755ec685b7d74e47fc27888
[2m2025-12-10T10:11:27.327530Z[0m [34mDEBUG[0m [2methereum_transaction_pool_monitor::mempool_monitor[0m[2m:[0m 📨 Processing new pending transaction: 0xe0ad676845157fda22a064da0b24e1ec58791d924462ddd904aad860a12f80b7
[2m2025-12-10T10:11:27.327536Z[0m [34mDEBUG[0m [2methereum_transaction_pool_monitor::mempool_monitor[0m[2m:[0m 🔍 Fetching transaction details for: 0xe0ad676845157fda22a064da0b24e1ec58791d924462ddd904aad860a12f80b7
[2m2025-12-10T10:11:27.327540Z[0m [34mDEBUG[0m [2methereum_transaction_pool_monitor::eth_client[0m[2m:[0m 🔍 Fetching transaction details for hash: 0xe0ad676845157fda22a064da0b24e1ec58791d924462ddd904aad860a12f80b7
[2m2025-12-10T10:11:27.327549Z[0m [34mDEBUG[0m [2mhyper::client::pool[0m[2m:[0m reuse idle connection for ("http", 192.168.0.14:8545)
[2m2025-12-10T10:11:27.327562Z[0m [34mDEBUG[0m [2mhyper::proto::h1::io[0m[2m:[0m flushed 250 bytes
[2m2025-12-10T10:11:27.331571Z[0m [34mDEBUG[0m [2mhyper::proto::h1::io[0m[2m:[0m parsed 4 headers
[2m2025-12-10T10:11:27.331591Z[0m [34mDEBUG[0m [2mhyper::proto::h1::conn[0m[2m:[0m incoming body is content-length (45 bytes)
[2m2025-12-10T10:11:27.331613Z[0m [34mDEBUG[0m [2mhyper::proto::h1::conn[0m[2m:[0m incoming body completed
[2m2025-12-10T10:11:27.331630Z[0m [34mDEBUG[0m [2mhyper::client::pool[0m[2m:[0m pooling idle connection for ("http", 192.168.0.14:8545)
[2m2025-12-10T10:11:27.334879Z[0m [34mDEBUG[0m [2mhyper::proto::h1::io[0m[2m:[0m parsed 4 headers
[2m2025-12-10T10:11:27.334887Z[0m [34mDEBUG[0m [2mhyper::proto::h1::conn[0m[2m:[0m incoming body is content-length (780 bytes)
[2m2025-12-10T10:11:27.334893Z[0m [34mDEBUG[0m [2mhyper::proto::h1::conn[0m[2m:[0m incoming body completed
[2m2025-12-10T10:11:27.334901Z[0m [34mDEBUG[0m [2mhyper::client::pool[0m[2m:[0m pooling idle connection for ("http", 192.168.0.14:8545)
[2m2025-12-10T10:11:27.334920Z[0m [34mDEBUG[0m [2methereum_transaction_pool_monitor::eth_client[0m[2m:[0m 📡 Transaction fetch RPC completed in 7.375833ms
[2m2025-12-10T10:11:27.334932Z[0m [34mDEBUG[0m [2methereum_transaction_pool_monitor::eth_client[0m[2m:[0m DeFi transaction detected - Address: 0xdac17f958d2ee523a2206206994597c13d831ec7, Type: Stablecoin, Value: 0 ETH, Gas: 501.00 Gwei
[2m2025-12-10T10:11:27.334947Z[0m [34mDEBUG[0m [2methereum_transaction_pool_monitor::eth_client[0m[2m:[0m ✅ Transaction 0xe0ad676845157fda22a064da0b24e1ec58791d924462ddd904aad860a12f80b7 fetched and parsed in 7.402916ms
[2m2025-12-10T10:11:27.334954Z[0m [34mDEBUG[0m [2methereum_transaction_pool_monitor::mempool_monitor[0m[2m:[0m 🔍 Skipping tx 0xe0ad676845157fda22a064da0b24e1ec58791d924462ddd904aad860a12f80b7 - not a DEX interaction (target: 0xdAC17F958D2ee523a2206206994597C13D831ec7)
[2m2025-12-10T10:11:27.334961Z[0m [34mDEBUG[0m [2methereum_transaction_pool_monitor::mempool_monitor[0m[2m:[0m 📨 Processing new pending transaction: 0x48f2f963c2b3166f6a20da256298782a7847fc33a755ec685b7d74e47fc27888
[2m2025-12-10T10:11:27.334965Z[0m [34mDEBUG[0m [2methereum_transaction_pool_monitor::mempool_monitor[0m[2m:[0m 🔍 Fetching transaction details for: 0x48f2f963c2b3166f6a20da256298782a7847fc33a755ec685b7d74e47fc27888
[2m2025-12-10T10:11:27.334969Z[0m [34mDEBUG[0m [2methereum_transaction_pool_monitor::eth_client[0m[2m:[0m 🔍 Fetching transaction details for hash: 0x48f2f963c2b3166f6a20da256298782a7847fc33a755ec685b7d74e47fc27888
[2m2025-12-10T10:11:27.334979Z[0m [34mDEBUG[0m [2mhyper::client::pool[0m[2m:[0m reuse idle connection for ("http", 192.168.0.14:8545)
[2m2025-12-10T10:11:27.334993Z[0m [34mDEBUG[0m [2mhyper::proto::h1::io[0m[2m:[0m flushed 250 bytes
[2m2025-12-10T10:11:27.340190Z[0m [34mDEBUG[0m [2mhyper::proto::h1::io[0m[2m:[0m parsed 4 headers
[2m2025-12-10T10:11:27.340197Z[0m [34mDEBUG[0m [2mhyper::proto::h1::conn[0m[2m:[0m incoming body is content-length (780 bytes)
[2m2025-12-10T10:11:27.340204Z[0m [34mDEBUG[0m [2mhyper::proto::h1::conn[0m[2m:[0m incoming body completed
[2m2025-12-10T10:11:27.340211Z[0m [34mDEBUG[0m [2mhyper::client::pool[0m[2m:[0m pooling idle connection for ("http", 192.168.0.14:8545)
[2m2025-12-10T10:11:27.340216Z[0m [34mDEBUG[0m [2methereum_transaction_pool_monitor::eth_client[0m[2m:[0m 📡 Transaction fetch RPC completed in 5.24125ms
[2m2025-12-10T10:11:27.340229Z[0m [34mDEBUG[0m [2methereum_transaction_pool_monitor::eth_client[0m[2m:[0m DeFi transaction detected - Address: 0xdac17f958d2ee523a2206206994597c13d831ec7, Type: Stablecoin, Value: 0 ETH, Gas: 501.00 Gwei
[2m2025-12-10T10:11:27.340240Z[0m [34mDEBUG[0m [2methereum_transaction_pool_monitor::eth_client[0m[2m:[0m ✅ Transaction 0x48f2f963c2b3166f6a20da256298782a7847fc33a755ec685b7d74e47fc27888 fetched and parsed in 5.265ms
[2m2025-12-10T10:11:27.340245Z[0m [34mDEBUG[0m [2methereum_transaction_pool_monitor::mempool_monitor[0m[2m:[0m 🔍 Skipping tx 0x48f2f963c2b3166f6a20da256298782a7847fc33a755ec685b7d74e47fc27888 - not a DEX interaction (target: 0xdAC17F958D2ee523a2206206994597C13D831ec7)
[2m2025-12-10T10:11:27.398641Z[0m [34mDEBUG[0m [2mhyper::client::pool[0m[2m:[0m reuse idle connection for ("http", 192.168.0.14:8545)
[2m2025-12-10T10:11:27.398661Z[0m [34mDEBUG[0m [2mhyper::proto::h1::io[0m[2m:[0m flushed 172 bytes
[2m2025-12-10T10:11:27.405133Z[0m [34mDEBUG[0m [2methereum_transaction_pool_monitor::eth_client[0m[2m:[0m 📨 Received WebSocket message: {"jsonrpc":"2.0","method":"eth_subscription","params":{"subscription":"0xbed0a0851463e895960a451075a301a9","result":"0xde1d11a241327fc57ada52bcfc1796f05dcf0b8c90c4db43f24383a5c6c59f9b"}}
[2m2025-12-10T10:11:27.405142Z[0m [34mDEBUG[0m [2methereum_transaction_pool_monitor::eth_client[0m[2m:[0m 📨 Received pending transaction: 0xde1d11a241327fc57ada52bcfc1796f05dcf0b8c90c4db43f24383a5c6c59f9b
[2m2025-12-10T10:11:27.405150Z[0m [34mDEBUG[0m [2methereum_transaction_pool_monitor::mempool_monitor[0m[2m:[0m 📨 Processing new pending transaction: 0xde1d11a241327fc57ada52bcfc1796f05dcf0b8c90c4db43f24383a5c6c59f9b
[2m2025-12-10T10:11:27.405155Z[0m [34mDEBUG[0m [2methereum_transaction_pool_monitor::mempool_monitor[0m[2m:[0m 🔍 Fetching transaction details for: 0xde1d11a241327fc57ada52bcfc1796f05dcf0b8c90c4db43f24383a5c6c59f9b
[2m2025-12-10T10:11:27.405159Z[0m [34mDEBUG[0m [2methereum_transaction_pool_monitor::eth_client[0m[2m:[0m 🔍 Fetching transaction details for hash: 0xde1d11a241327fc57ada52bcfc1796f05dcf0b8c90c4db43f24383a5c6c59f9b
[2m2025-12-10T10:11:27.405169Z[0m [34mDEBUG[0m [2mhyper::client::pool[0m[2m:[0m reuse idle connection for ("http", 192.168.0.14:8545)
[2m2025-12-10T10:11:27.405184Z[0m [34mDEBUG[0m [2mhyper::proto::h1::io[0m[2m:[0m flushed 250 bytes
[2m2025-12-10T10:11:27.405986Z[0m [34mDEBUG[0m [2mhyper::proto::h1::io[0m[2m:[0m parsed 4 headers
[2m2025-12-10T10:11:27.405993Z[0m [34mDEBUG[0m [2mhyper::proto::h1::conn[0m[2m:[0m incoming body is content-length (45 bytes)
[2m2025-12-10T10:11:27.406000Z[0m [34mDEBUG[0m [2mhyper::proto::h1::conn[0m[2m:[0m incoming body completed
[2m2025-12-10T10:11:27.406006Z[0m [34mDEBUG[0m [2mhyper::client::pool[0m[2m:[0m pooling idle connection for ("http", 192.168.0.14:8545)
[2m2025-12-10T10:11:27.411204Z[0m [34mDEBUG[0m [2mhyper::proto::h1::io[0m[2m:[0m parsed 4 headers
[2m2025-12-10T10:11:27.411212Z[0m [34mDEBUG[0m [2mhyper::proto::h1::conn[0m[2m:[0m incoming body is content-length (646 bytes)
[2m2025-12-10T10:11:27.411217Z[0m [34mDEBUG[0m [2mhyper::proto::h1::conn[0m[2m:[0m incoming body completed
[2m2025-12-10T10:11:27.411223Z[0m [34mDEBUG[0m [2mhyper::client::pool[0m[2m:[0m pooling idle connection for ("http", 192.168.0.14:8545)
[2m2025-12-10T10:11:27.411228Z[0m [34mDEBUG[0m [2methereum_transaction_pool_monitor::eth_client[0m[2m:[0m 📡 Transaction fetch RPC completed in 6.06375ms
[2m2025-12-10T10:11:27.478599Z[0m [34mDEBUG[0m [2methereum_transaction_pool_monitor::eth_client[0m[2m:[0m ✅ Transaction 0xde1d11a241327fc57ada52bcfc1796f05dcf0b8c90c4db43f24383a5c6c59f9b fetched and parsed in 73.433084ms
[2m2025-12-10T10:11:27.478627Z[0m [34mDEBUG[0m [2methereum_transaction_pool_monitor::mempool_monitor[0m[2m:[0m 🔍 Skipping tx 0xde1d11a241327fc57ada52bcfc1796f05dcf0b8c90c4db43f24383a5c6c59f9b - not a DEX interaction (target: 0xA26148AE51fa8E787DF319C04137602Cc018b521)
[2m2025-12-10T10:11:27.478670Z[0m [34mDEBUG[0m [2methereum_transaction_pool_monitor::eth_client[0m[2m:[0m 📨 Received WebSocket message: {"jsonrpc":"2.0","method":"eth_subscription","params":{"subscription":"0xbed0a0851463e895960a451075a301a9","result":"0x6a2daf3490a730380e10bdbb8dbb294675d73a0f3a0e72c077bc3941a1694674"}}
[2m2025-12-10T10:11:27.478684Z[0m [34mDEBUG[0m [2methereum_transaction_pool_monitor::eth_client[0m[2m:[0m 📨 Received pending transaction: 0x6a2daf3490a730380e10bdbb8dbb294675d73a0f3a0e72c077bc3941a1694674
[2m2025-12-10T10:11:27.478693Z[0m [34mDEBUG[0m [2methereum_transaction_pool_monitor::eth_client[0m[2m:[0m 📨 Received WebSocket message: {"jsonrpc":"2.0","method":"eth_subscription","params":{"subscription":"0xbed0a0851463e895960a451075a301a9","result":"0x3cf90726573bf2d505dd6a14287c7a30687a29d13003e474d94910d52ddd4c56"}}
[2m2025-12-10T10:11:27.478705Z[0m [34mDEBUG[0m [2methereum_transaction_pool_monitor::eth_client[0m[2m:[0m 📨 Received pending transaction: 0x3cf90726573bf2d505dd6a14287c7a30687a29d13003e474d94910d52ddd4c56
[2m2025-12-10T10:11:27.478719Z[0m [34mDEBUG[0m [2methereum_transaction_pool_monitor::mempool_monitor[0m[2m:[0m 📨 Processing new pending transaction: 0x6a2daf3490a730380e10bdbb8dbb294675d73a0f3a0e72c077bc3941a1694674
[2m2025-12-10T10:11:27.478731Z[0m [34mDEBUG[0m [2methereum_transaction_pool_monitor::mempool_monitor[0m[2m:[0m 🔍 Fetching transaction details for: 0x6a2daf3490a730380e10bdbb8dbb294675d73a0f3a0e72c077bc3941a1694674
[2m2025-12-10T10:11:27.478738Z[0m [34mDEBUG[0m [2methereum_transaction_pool_monitor::eth_client[0m[2m:[0m 🔍 Fetching transaction details for hash: 0x6a2daf3490a730380e10bdbb8dbb294675d73a0f3a0e72c077bc3941a1694674
[2m2025-12-10T10:11:27.478757Z[0m [34mDEBUG[0m [2mhyper::client::pool[0m[2m:[0m reuse idle connection for ("http", 192.168.0.14:8545)
[2m2025-12-10T10:11:27.478780Z[0m [34mDEBUG[0m [2mhyper::proto::h1::io[0m[2m:[0m flushed 250 bytes
[2m2025-12-10T10:11:27.484650Z[0m [34mDEBUG[0m [2mhyper::proto::h1::io[0m[2m:[0m parsed 4 headers
[2m2025-12-10T10:11:27.484657Z[0m [34mDEBUG[0m [2mhyper::proto::h1::conn[0m[2m:[0m incoming body is content-length (676 bytes)
[2m2025-12-10T10:11:27.484665Z[0m [34mDEBUG[0m [2mhyper::proto::h1::conn[0m[2m:[0m incoming body completed
[2m2025-12-10T10:11:27.484673Z[0m [34mDEBUG[0m [2mhyper::client::pool[0m[2m:[0m pooling idle connection for ("http", 192.168.0.14:8545)
[2m2025-12-10T10:11:27.484679Z[0m [34mDEBUG[0m [2methereum_transaction_pool_monitor::eth_client[0m[2m:[0m 📡 Transaction fetch RPC completed in 5.935792ms
[2m2025-12-10T10:11:27.484693Z[0m [34mDEBUG[0m [2methereum_transaction_pool_monitor::eth_client[0m[2m:[0m DeFi transaction detected - Address: 0xdac17f958d2ee523a2206206994597c13d831ec7, Type: Stablecoin, Value: 0 ETH, Gas: 2.00 Gwei
[2m2025-12-10T10:11:27.484705Z[0m [34mDEBUG[0m [2methereum_transaction_pool_monitor::eth_client[0m[2m:[0m ✅ Transaction 0x6a2daf3490a730380e10bdbb8dbb294675d73a0f3a0e72c077bc3941a1694674 fetched and parsed in 5.961167ms
[2m2025-12-10T10:11:27.484710Z[0m [34mDEBUG[0m [2methereum_transaction_pool_monitor::mempool_monitor[0m[2m:[0m 🔍 Skipping tx 0x6a2daf3490a730380e10bdbb8dbb294675d73a0f3a0e72c077bc3941a1694674 - not a DEX interaction (target: 0xdAC17F958D2ee523a2206206994597C13D831ec7)
[2m2025-12-10T10:11:27.484716Z[0m [34mDEBUG[0m [2methereum_transaction_pool_monitor::mempool_monitor[0m[2m:[0m 📨 Processing new pending transaction: 0x3cf90726573bf2d505dd6a14287c7a30687a29d13003e474d94910d52ddd4c56
[2m2025-12-10T10:11:27.484720Z[0m [34mDEBUG[0m [2methereum_transaction_pool_monitor::mempool_monitor[0m[2m:[0m 🔍 Fetching transaction details for: 0x3cf90726573bf2d505dd6a14287c7a30687a29d13003e474d94910d52ddd4c56
[2m2025-12-10T10:11:27.484724Z[0m [34mDEBUG[0m [2methereum_transaction_pool_monitor::eth_client[0m[2m:[0m 🔍 Fetching transaction details for hash: 0x3cf90726573bf2d505dd6a14287c7a30687a29d13003e474d94910d52ddd4c56
[2m2025-12-10T10:11:27.484734Z[0m [34mDEBUG[0m [2mhyper::client::pool[0m[2m:[0m reuse idle connection for ("http", 192.168.0.14:8545)
[2m2025-12-10T10:11:27.484748Z[0m [34mDEBUG[0m [2mhyper::proto::h1::io[0m[2m:[0m flushed 250 bytes
[2m2025-12-10T10:11:27.491778Z[0m [34mDEBUG[0m [2mhyper::proto::h1::io[0m[2m:[0m parsed 4 headers
[2m2025-12-10T10:11:27.491784Z[0m [34mDEBUG[0m [2mhyper::proto::h1::conn[0m[2m:[0m incoming body is content-length (647 bytes)
[2m2025-12-10T10:11:27.491790Z[0m [34mDEBUG[0m [2mhyper::proto::h1::conn[0m[2m:[0m incoming body completed
[2m2025-12-10T10:11:27.491796Z[0m [34mDEBUG[0m [2mhyper::client::pool[0m[2m:[0m pooling idle connection for ("http", 192.168.0.14:8545)
[2m2025-12-10T10:11:27.491802Z[0m [34mDEBUG[0m [2methereum_transaction_pool_monitor::eth_client[0m[2m:[0m 📡 Transaction fetch RPC completed in 7.073792ms
[2m2025-12-10T10:11:27.561593Z[0m [34mDEBUG[0m [2methereum_transaction_pool_monitor::eth_client[0m[2m:[0m ✅ Transaction 0x3cf90726573bf2d505dd6a14287c7a30687a29d13003e474d94910d52ddd4c56 fetched and parsed in 76.863292ms
[2m2025-12-10T10:11:27.561614Z[0m [34mDEBUG[0m [2methereum_transaction_pool_monitor::mempool_monitor[0m[2m:[0m 🔍 Skipping tx 0x3cf90726573bf2d505dd6a14287c7a30687a29d13003e474d94910d52ddd4c56 - not a DEX interaction (target: 0xd2674dA94285660c9b2353131bef2d8211369A4B)
[2m2025-12-10T10:11:27.561646Z[0m [34mDEBUG[0m [2mhyper::client::pool[0m[2m:[0m reuse idle connection for ("http", 192.168.0.14:8545)
[2m2025-12-10T10:11:27.561668Z[0m [34mDEBUG[0m [2methereum_transaction_pool_monitor::eth_client[0m[2m:[0m 📨 Received WebSocket message: {"jsonrpc":"2.0","method":"eth_subscription","params":{"subscription":"0xbed0a0851463e895960a451075a301a9","result":"0x03c08c02648377ddf265de869fd6b33ccdf30fbd62e51808d7e9971af72cd679"}}
[2m2025-12-10T10:11:27.561670Z[0m [34mDEBUG[0m [2mhyper::proto::h1::io[0m[2m:[0m flushed 172 bytes
[2m2025-12-10T10:11:27.561681Z[0m [34mDEBUG[0m [2methereum_transaction_pool_monitor::eth_client[0m[2m:[0m 📨 Received pending transaction: 0x03c08c02648377ddf265de869fd6b33ccdf30fbd62e51808d7e9971af72cd679
[2m2025-12-10T10:11:27.561693Z[0m [34mDEBUG[0m [2methereum_transaction_pool_monitor::eth_client[0m[2m:[0m 📨 Received WebSocket message: {"jsonrpc":"2.0","method":"eth_subscription","params":{"subscription":"0xbed0a0851463e895960a451075a301a9","result":"0x9decb87f0b8ca084b7d3e6e7b66b9b437b4af0e36c22fbb15173c5202f0ae417"}}
[2m2025-12-10T10:11:27.561699Z[0m [34mDEBUG[0m [2methereum_transaction_pool_monitor::eth_client[0m[2m:[0m 📨 Received pending transaction: 0x9decb87f0b8ca084b7d3e6e7b66b9b437b4af0e36c22fbb15173c5202f0ae417
[2m2025-12-10T10:11:27.561786Z[0m [34mDEBUG[0m [2methereum_transaction_pool_monitor::mempool_monitor[0m[2m:[0m 📨 Processing new pending transaction: 0x03c08c02648377ddf265de869fd6b33ccdf30fbd62e51808d7e9971af72cd679
[2m2025-12-10T10:11:27.561792Z[0m [34mDEBUG[0m [2methereum_transaction_pool_monitor::mempool_monitor[0m[2m:[0m 🔍 Fetching transaction details for: 0x03c08c02648377ddf265de869fd6b33ccdf30fbd62e51808d7e9971af72cd679
[2m2025-12-10T10:11:27.561796Z[0m [34mDEBUG[0m [2methereum_transaction_pool_monitor::eth_client[0m[2m:[0m 🔍 Fetching transaction details for hash: 0x03c08c02648377ddf265de869fd6b33ccdf30fbd62e51808d7e9971af72cd679
[2m2025-12-10T10:11:27.561803Z[0m [34mDEBUG[0m [2mhyper::client::pool[0m[2m:[0m reuse idle connection for ("http", 192.168.0.14:8545)
[2m2025-12-10T10:11:27.561816Z[0m [34mDEBUG[0m [2mhyper::proto::h1::io[0m[2m:[0m flushed 250 bytes
[2m2025-12-10T10:11:27.566163Z[0m [34mDEBUG[0m [2mhyper::proto::h1::io[0m[2m:[0m parsed 4 headers
[2m2025-12-10T10:11:27.566190Z[0m [34mDEBUG[0m [2mhyper::proto::h1::conn[0m[2m:[0m incoming body is content-length (45 bytes)
[2m2025-12-10T10:11:27.566197Z[0m [34mDEBUG[0m [2mhyper::proto::h1::conn[0m[2m:[0m incoming body completed
[2m2025-12-10T10:11:27.566205Z[0m [34mDEBUG[0m [2mhyper::client::pool[0m[2m:[0m pooling idle connection for ("http", 192.168.0.14:8545)
[2m2025-12-10T10:11:27.571885Z[0m [34mDEBUG[0m [2mhyper::proto::h1::io[0m[2m:[0m parsed 4 headers
[2m2025-12-10T10:11:27.571890Z[0m [34mDEBUG[0m [2mhyper::proto::h1::conn[0m[2m:[0m incoming body is content-length (778 bytes)
[2m2025-12-10T10:11:27.571896Z[0m [34mDEBUG[0m [2mhyper::proto::h1::conn[0m[2m:[0m incoming body completed
[2m2025-12-10T10:11:27.571902Z[0m [34mDEBUG[0m [2mhyper::client::pool[0m[2m:[0m pooling idle connection for ("http", 192.168.0.14:8545)
[2m2025-12-10T10:11:27.571907Z[0m [34mDEBUG[0m [2methereum_transaction_pool_monitor::eth_client[0m[2m:[0m 📡 Transaction fetch RPC completed in 10.107292ms
[2m2025-12-10T10:11:27.571920Z[0m [34mDEBUG[0m [2methereum_transaction_pool_monitor::eth_client[0m[2m:[0m DeFi transaction detected - Address: 0xdac17f958d2ee523a2206206994597c13d831ec7, Type: Stablecoin, Value: 0 ETH, Gas: 127.50 Gwei
[2m2025-12-10T10:11:27.571933Z[0m [34mDEBUG[0m [2methereum_transaction_pool_monitor::eth_client[0m[2m:[0m ✅ Transaction 0x03c08c02648377ddf265de869fd6b33ccdf30fbd62e51808d7e9971af72cd679 fetched and parsed in 10.133334ms
[2m2025-12-10T10:11:27.571938Z[0m [34mDEBUG[0m [2methereum_transaction_pool_monitor::mempool_monitor[0m[2m:[0m 🔍 Skipping tx 0x03c08c02648377ddf265de869fd6b33ccdf30fbd62e51808d7e9971af72cd679 - not a DEX interaction (target: 0xdAC17F958D2ee523a2206206994597C13D831ec7)
[2m2025-12-10T10:11:27.571943Z[0m [34mDEBUG[0m [2methereum_transaction_pool_monitor::mempool_monitor[0m[2m:[0m 📨 Processing new pending transaction: 0x9decb87f0b8ca084b7d3e6e7b66b9b437b4af0e36c22fbb15173c5202f0ae417
[2m2025-12-10T10:11:27.571947Z[0m [34mDEBUG[0m [2methereum_transaction_pool_monitor::mempool_monitor[0m[2m:[0m 🔍 Fetching transaction details for: 0x9decb87f0b8ca084b7d3e6e7b66b9b437b4af0e36c22fbb15173c5202f0ae417
[2m2025-12-10T10:11:27.571951Z[0m [34mDEBUG[0m [2methereum_transaction_pool_monitor::eth_client[0m[2m:[0m 🔍 Fetching transaction details for hash: 0x9decb87f0b8ca084b7d3e6e7b66b9b437b4af0e36c22fbb15173c5202f0ae417
[2m2025-12-10T10:11:27.571958Z[0m [34mDEBUG[0m [2mhyper::client::pool[0m[2m:[0m reuse idle connection for ("http", 192.168.0.14:8545)
[2m2025-12-10T10:11:27.571975Z[0m [34mDEBUG[0m [2mhyper::proto::h1::io[0m[2m:[0m flushed 250 bytes
[2m2025-12-10T10:11:27.575697Z[0m [34mDEBUG[0m [2mhyper::proto::h1::io[0m[2m:[0m parsed 4 headers
[2m2025-12-10T10:11:27.575703Z[0m [34mDEBUG[0m [2mhyper::proto::h1::conn[0m[2m:[0m incoming body is content-length (1477 bytes)
[2m2025-12-10T10:11:27.575711Z[0m [34mDEBUG[0m [2methereum_transaction_pool_monitor::eth_client[0m[2m:[0m 📡 Transaction fetch RPC completed in 3.756666ms
[2m2025-12-10T10:11:27.576047Z[0m [34mDEBUG[0m [2mhyper::proto::h1::conn[0m[2m:[0m incoming body completed
[2m2025-12-10T10:11:27.576054Z[0m [34mDEBUG[0m [2mhyper::client::pool[0m[2m:[0m pooling idle connection for ("http", 192.168.0.14:8545)
[2m2025-12-10T10:11:27.597297Z[0m [34mDEBUG[0m [2mhyper::client::pool[0m[2m:[0m reuse idle connection for ("http", 192.168.0.14:8545)
[2m2025-12-10T10:11:27.597353Z[0m [34mDEBUG[0m [2mhyper::proto::h1::io[0m[2m:[0m flushed 172 bytes
[2m2025-12-10T10:11:27.602687Z[0m [34mDEBUG[0m [2mhyper::proto::h1::io[0m[2m:[0m parsed 4 headers
[2m2025-12-10T10:11:27.602696Z[0m [34mDEBUG[0m [2mhyper::proto::h1::conn[0m[2m:[0m incoming body is content-length (45 bytes)
[2m2025-12-10T10:11:27.602703Z[0m [34mDEBUG[0m [2mhyper::proto::h1::conn[0m[2m:[0m incoming body completed
[2m2025-12-10T10:11:27.602711Z[0m [34mDEBUG[0m [2mhyper::client::pool[0m[2m:[0m pooling idle connection for ("http", 192.168.0.14:8545)
[2m2025-12-10T10:11:27.618852Z[0m [34mDEBUG[0m [2methereum_transaction_pool_monitor::eth_client[0m[2m:[0m 📨 Received WebSocket message: {"jsonrpc":"2.0","method":"eth_subscription","params":{"subscription":"0xbed0a0851463e895960a451075a301a9","result":"0x96129ce3341a272b2203cd256ed88e2b2a5bb375c86af8e5fbd37b5b58ec2736"}}
[2m2025-12-10T10:11:27.618873Z[0m [34mDEBUG[0m [2methereum_transaction_pool_monitor::eth_client[0m[2m:[0m 📨 Received pending transaction: 0x96129ce3341a272b2203cd256ed88e2b2a5bb375c86af8e5fbd37b5b58ec2736
[2m2025-12-10T10:11:27.642234Z[0m [34mDEBUG[0m [2methereum_transaction_pool_monitor::eth_client[0m[2m:[0m ✅ Transaction 0x9decb87f0b8ca084b7d3e6e7b66b9b437b4af0e36c22fbb15173c5202f0ae417 fetched and parsed in 70.277208ms
[2m2025-12-10T10:11:27.642256Z[0m [34mDEBUG[0m [2methereum_transaction_pool_monitor::mempool_monitor[0m[2m:[0m 🔍 Skipping tx 0x9decb87f0b8ca084b7d3e6e7b66b9b437b4af0e36c22fbb15173c5202f0ae417 - not a DEX interaction (target: 0x173272739Bd7Aa6e4e214714048a9fE699453059)
[2m2025-12-10T10:11:27.642266Z[0m [34mDEBUG[0m [2methereum_transaction_pool_monitor::mempool_monitor[0m[2m:[0m 📨 Processing new pending transaction: 0x96129ce3341a272b2203cd256ed88e2b2a5bb375c86af8e5fbd37b5b58ec2736
[2m2025-12-10T10:11:27.642271Z[0m [34mDEBUG[0m [2methereum_transaction_pool_monitor::mempool_monitor[0m[2m:[0m 🔍 Fetching transaction details for: 0x96129ce3341a272b2203cd256ed88e2b2a5bb375c86af8e5fbd37b5b58ec2736
[2m2025-12-10T10:11:27.642275Z[0m [34mDEBUG[0m [2methereum_transaction_pool_monitor::eth_client[0m[2m:[0m 🔍 Fetching transaction details for hash: 0x96129ce3341a272b2203cd256ed88e2b2a5bb375c86af8e5fbd37b5b58ec2736
[2m2025-12-10T10:11:27.642293Z[0m [34mDEBUG[0m [2mhyper::client::pool[0m[2m:[0m reuse idle connection for ("http", 192.168.0.14:8545)
[2m2025-12-10T10:11:27.642314Z[0m [34mDEBUG[0m [2mhyper::proto::h1::io[0m[2m:[0m flushed 250 bytes
[2m2025-12-10T10:11:27.648247Z[0m [34mDEBUG[0m [2mhyper::proto::h1::io[0m[2m:[0m parsed 4 headers
[2m2025-12-10T10:11:27.648260Z[0m [34mDEBUG[0m [2mhyper::proto::h1::conn[0m[2m:[0m incoming body is content-length (680 bytes)
[2m2025-12-10T10:11:27.648272Z[0m [34mDEBUG[0m [2mhyper::proto::h1::conn[0m[2m:[0m incoming body completed
[2m2025-12-10T10:11:27.648286Z[0m [34mDEBUG[0m [2mhyper::client::pool[0m[2m:[0m pooling idle connection for ("http", 192.168.0.14:8545)
[2m2025-12-10T10:11:27.648294Z[0m [34mDEBUG[0m [2methereum_transaction_pool_monitor::eth_client[0m[2m:[0m 📡 Transaction fetch RPC completed in 6.013667ms
[2m2025-12-10T10:11:27.648310Z[0m [34mDEBUG[0m [2methereum_transaction_pool_monitor::eth_client[0m[2m:[0m DeFi transaction detected - Address: 0xdac17f958d2ee523a2206206994597c13d831ec7, Type: Stablecoin, Value: 0 ETH, Gas: 0.27 Gwei
[2m2025-12-10T10:11:27.648325Z[0m [34mDEBUG[0m [2methereum_transaction_pool_monitor::eth_client[0m[2m:[0m ✅ Transaction 0x96129ce3341a272b2203cd256ed88e2b2a5bb375c86af8e5fbd37b5b58ec2736 fetched and parsed in 6.045375ms
[2m2025-12-10T10:11:27.648332Z[0m [34mDEBUG[0m [2methereum_transaction_pool_monitor::mempool_monitor[0m[2m:[0m 🔍 Skipping tx 0x96129ce3341a272b2203cd256ed88e2b2a5bb375c86af8e5fbd37b5b58ec2736 - not a DEX interaction (target: 0xdAC17F958D2ee523a2206206994597C13D831ec7)
[2m2025-12-10T10:11:27.681321Z[0m [34mDEBUG[0m [2methereum_transaction_pool_monitor::eth_client[0m[2m:[0m 📨 Received WebSocket message: {"jsonrpc":"2.0","method":"eth_subscription","params":{"subscription":"0xbed0a0851463e895960a451075a301a9","result":"0xbb81b014dcce5c56ae122102428686ffe33dc46ec654b96b67ffe70950dd0e00"}}
[2m2025-12-10T10:11:27.681357Z[0m [34mDEBUG[0m [2methereum_transaction_pool_monitor::eth_client[0m[2m:[0m 📨 Received pending transaction: 0xbb81b014dcce5c56ae122102428686ffe33dc46ec654b96b67ffe70950dd0e00
[2m2025-12-10T10:11:27.681365Z[0m [34mDEBUG[0m [2methereum_transaction_pool_monitor::mempool_monitor[0m[2m:[0m 📨 Processing new pending transaction: 0xbb81b014dcce5c56ae122102428686ffe33dc46ec654b96b67ffe70950dd0e00
[2m2025-12-10T10:11:27.681381Z[0m [34mDEBUG[0m [2methereum_transaction_pool_monitor::mempool_monitor[0m[2m:[0m 🔍 Fetching transaction details for: 0xbb81b014dcce5c56ae122102428686ffe33dc46ec654b96b67ffe70950dd0e00
[2m2025-12-10T10:11:27.681385Z[0m [34mDEBUG[0m [2methereum_transaction_pool_monitor::eth_client[0m[2m:[0m 🔍 Fetching transaction details for hash: 0xbb81b014dcce5c56ae122102428686ffe33dc46ec654b96b67ffe70950dd0e00
[2m2025-12-10T10:11:27.681402Z[0m [34mDEBUG[0m [2mhyper::client::pool[0m[2m:[0m reuse idle connection for ("http", 192.168.0.14:8545)
[2m2025-12-10T10:11:27.681420Z[0m [34mDEBUG[0m [2mhyper::proto::h1::io[0m[2m:[0m flushed 250 bytes
[2m2025-12-10T10:11:27.686284Z[0m [34mDEBUG[0m [2mhyper::proto::h1::io[0m[2m:[0m parsed 4 headers
[2m2025-12-10T10:11:27.688316Z[0m [34mDEBUG[0m [2mhyper::proto::h1::conn[0m[2m:[0m incoming body is content-length (674 bytes)
[2m2025-12-10T10:11:27.688460Z[0m [34mDEBUG[0m [2mhyper::proto::h1::conn[0m[2m:[0m incoming body completed
[2m2025-12-10T10:11:27.688494Z[0m [34mDEBUG[0m [2mhyper::client::pool[0m[2m:[0m pooling idle connection for ("http", 192.168.0.14:8545)
[2m2025-12-10T10:11:27.688547Z[0m [34mDEBUG[0m [2methereum_transaction_pool_monitor::eth_client[0m[2m:[0m 📡 Transaction fetch RPC completed in 7.157125ms
[2m2025-12-10T10:11:27.688587Z[0m [34mDEBUG[0m [2methereum_transaction_pool_monitor::eth_client[0m[2m:[0m DeFi transaction detected - Address: 0xdac17f958d2ee523a2206206994597c13d831ec7, Type: Stablecoin, Value: 0 ETH, Gas: 0.25 Gwei
[2m2025-12-10T10:11:27.688613Z[0m [34mDEBUG[0m [2methereum_transaction_pool_monitor::eth_client[0m[2m:[0m ✅ Transaction 0xbb81b014dcce5c56ae122102428686ffe33dc46ec654b96b67ffe70950dd0e00 fetched and parsed in 7.223458ms
[2m2025-12-10T10:11:27.688635Z[0m [34mDEBUG[0m [2methereum_transaction_pool_monitor::mempool_monitor[0m[2m:[0m 🔍 Skipping tx 0xbb81b014dcce5c56ae122102428686ffe33dc46ec654b96b67ffe70950dd0e00 - not a DEX interaction (target: 0xdAC17F958D2ee523a2206206994597C13D831ec7)
[2m2025-12-10T10:11:27.699669Z[0m [34mDEBUG[0m [2mhyper::client::pool[0m[2m:[0m reuse idle connection for ("http", 192.168.0.14:8545)
[2m2025-12-10T10:11:27.699696Z[0m [34mDEBUG[0m [2mhyper::proto::h1::io[0m[2m:[0m flushed 172 bytes
[2m2025-12-10T10:11:27.702668Z[0m [34mDEBUG[0m [2mhyper::proto::h1::io[0m[2m:[0m parsed 4 headers
[2m2025-12-10T10:11:27.702675Z[0m [34mDEBUG[0m [2mhyper::proto::h1::conn[0m[2m:[0m incoming body is content-length (45 bytes)
[2m2025-12-10T10:11:27.702681Z[0m [34mDEBUG[0m [2mhyper::proto::h1::conn[0m[2m:[0m incoming body completed
[2m2025-12-10T10:11:27.702689Z[0m [34mDEBUG[0m [2mhyper::client::pool[0m[2m:[0m pooling idle connection for ("http", 192.168.0.14:8545)
[2m2025-12-10T10:11:27.798081Z[0m [34mDEBUG[0m [2mhyper::client::pool[0m[2m:[0m reuse idle connection for ("http", 192.168.0.14:8545)
[2m2025-12-10T10:11:27.798116Z[0m [34mDEBUG[0m [2mhyper::proto::h1::io[0m[2m:[0m flushed 172 bytes
[2m2025-12-10T10:11:27.801522Z[0m [34mDEBUG[0m [2mhyper::proto::h1::io[0m[2m:[0m parsed 4 headers
[2m2025-12-10T10:11:27.801528Z[0m [34mDEBUG[0m [2mhyper::proto::h1::conn[0m[2m:[0m incoming body is content-length (45 bytes)
[2m2025-12-10T10:11:27.801534Z[0m [34mDEBUG[0m [2mhyper::proto::h1::conn[0m[2m:[0m incoming body completed
[2m2025-12-10T10:11:27.801540Z[0m [34mDEBUG[0m [2mhyper::client::pool[0m[2m:[0m pooling idle connection for ("http", 192.168.0.14:8545)
[2m2025-12-10T10:11:27.867340Z[0m [34mDEBUG[0m [2methereum_transaction_pool_monitor::eth_client[0m[2m:[0m 📨 Received WebSocket message: {"jsonrpc":"2.0","method":"eth_subscription","params":{"subscription":"0xbed0a0851463e895960a451075a301a9","result":"0xb5eb76a6d00fb9960f121f9f2d1ca86118c99c46f86bb88d504736223d9b8d57"}}
[2m2025-12-10T10:11:27.867413Z[0m [34mDEBUG[0m [2methereum_transaction_pool_monitor::eth_client[0m[2m:[0m 📨 Received pending transaction: 0xb5eb76a6d00fb9960f121f9f2d1ca86118c99c46f86bb88d504736223d9b8d57
[2m2025-12-10T10:11:27.867444Z[0m [34mDEBUG[0m [2methereum_transaction_pool_monitor::mempool_monitor[0m[2m:[0m 📨 Processing new pending transaction: 0xb5eb76a6d00fb9960f121f9f2d1ca86118c99c46f86bb88d504736223d9b8d57
[2m2025-12-10T10:11:27.867461Z[0m [34mDEBUG[0m [2methereum_transaction_pool_monitor::mempool_monitor[0m[2m:[0m 🔍 Fetching transaction details for: 0xb5eb76a6d00fb9960f121f9f2d1ca86118c99c46f86bb88d504736223d9b8d57
[2m2025-12-10T10:11:27.867474Z[0m [34mDEBUG[0m [2methereum_transaction_pool_monitor::eth_client[0m[2m:[0m 🔍 Fetching transaction details for hash: 0xb5eb76a6d00fb9960f121f9f2d1ca86118c99c46f86bb88d504736223d9b8d57
[2m2025-12-10T10:11:27.867536Z[0m [34mDEBUG[0m [2mhyper::client::pool[0m[2m:[0m reuse idle connection for ("http", 192.168.0.14:8545)
[2m2025-12-10T10:11:27.867607Z[0m [34mDEBUG[0m [2mhyper::proto::h1::io[0m[2m:[0m flushed 250 bytes
[2m2025-12-10T10:11:27.877384Z[0m [34mDEBUG[0m [2mhyper::proto::h1::io[0m[2m:[0m parsed 4 headers
[2m2025-12-10T10:11:27.877439Z[0m [34mDEBUG[0m [2mhyper::proto::h1::conn[0m[2m:[0m incoming body is content-length (552 bytes)
[2m2025-12-10T10:11:27.877464Z[0m [34mDEBUG[0m [2mhyper::proto::h1::conn[0m[2m:[0m incoming body completed
[2m2025-12-10T10:11:27.877493Z[0m [34mDEBUG[0m [2mhyper::client::pool[0m[2m:[0m pooling idle connection for ("http", 192.168.0.14:8545)
[2m2025-12-10T10:11:27.877516Z[0m [34mDEBUG[0m [2methereum_transaction_pool_monitor::eth_client[0m[2m:[0m 📡 Transaction fetch RPC completed in 10.029125ms
[2m2025-12-10T10:11:27.974109Z[0m [34mDEBUG[0m [2methereum_transaction_pool_monitor::eth_client[0m[2m:[0m ✅ Transaction 0xb5eb76a6d00fb9960f121f9f2d1ca86118c99c46f86bb88d504736223d9b8d57 fetched and parsed in 106.619958ms
[2m2025-12-10T10:11:27.974139Z[0m [34mDEBUG[0m [2methereum_transaction_pool_monitor::mempool_monitor[0m[2m:[0m 🔍 Skipping tx 0xb5eb76a6d00fb9960f121f9f2d1ca86118c99c46f86bb88d504736223d9b8d57 - not a DEX interaction (target: 0xCFFAd3200574698b78f32232aa9D63eABD290703)
[2m2025-12-10T10:11:27.974174Z[0m [34mDEBUG[0m [2mhyper::client::pool[0m[2m:[0m reuse idle connection for ("http", 192.168.0.14:8545)
[2m2025-12-10T10:11:27.974199Z[0m [34mDEBUG[0m [2methereum_transaction_pool_monitor::eth_client[0m[2m:[0m 📨 Received WebSocket message: {"jsonrpc":"2.0","method":"eth_subscription","params":{"subscription":"0xbed0a0851463e895960a451075a301a9","result":"0x8866a8b601f86b809356c070b3967f81095039d36a8a71c6e8abeca361b6297d"}}
[2m2025-12-10T10:11:27.974212Z[0m [34mDEBUG[0m [2methereum_transaction_pool_monitor::eth_client[0m[2m:[0m 📨 Received pending transaction: 0x8866a8b601f86b809356c070b3967f81095039d36a8a71c6e8abeca361b6297d
[2m2025-12-10T10:11:27.974218Z[0m [34mDEBUG[0m [2mhyper::proto::h1::io[0m[2m:[0m flushed 172 bytes
[2m2025-12-10T10:11:27.974473Z[0m [34mDEBUG[0m [2methereum_transaction_pool_monitor::eth_client[0m[2m:[0m 📨 Received WebSocket message: {"jsonrpc":"2.0","method":"eth_subscription","params":{"subscription":"0xbed0a0851463e895960a451075a301a9","result":"0x68ee0938edb2faf3c9aeaa1e8f31e860332f4d4a01215e713041c95a192e5c91"}}
[2m2025-12-10T10:11:27.974486Z[0m [34mDEBUG[0m [2methereum_transaction_pool_monitor::eth_client[0m[2m:[0m 📨 Received pending transaction: 0x68ee0938edb2faf3c9aeaa1e8f31e860332f4d4a01215e713041c95a192e5c91
[2m2025-12-10T10:11:27.974492Z[0m [34mDEBUG[0m [2methereum_transaction_pool_monitor::eth_client[0m[2m:[0m 📨 Received WebSocket message: {"jsonrpc":"2.0","method":"eth_subscription","params":{"subscription":"0xbed0a0851463e895960a451075a301a9","result":"0xe0c90833fd44b23842581f3de9c071cc2e8a403ea0d68f1b57f6a14ce6bcebef"}}
[2m2025-12-10T10:11:27.974500Z[0m [34mDEBUG[0m [2methereum_transaction_pool_monitor::eth_client[0m[2m:[0m 📨 Received pending transaction: 0xe0c90833fd44b23842581f3de9c071cc2e8a403ea0d68f1b57f6a14ce6bcebef
[2m2025-12-10T10:11:27.974508Z[0m [34mDEBUG[0m [2methereum_transaction_pool_monitor::eth_client[0m[2m:[0m 📨 Received WebSocket message: {"jsonrpc":"2.0","method":"eth_subscription","params":{"subscription":"0xbed0a0851463e895960a451075a301a9","result":"0x73bebd369b498e3d6dd3042372a3ba8fff0c5656bace488054afd43a3a01c7fe"}}
[2m2025-12-10T10:11:27.974515Z[0m [34mDEBUG[0m [2methereum_transaction_pool_monitor::eth_client[0m[2m:[0m 📨 Received pending transaction: 0x73bebd369b498e3d6dd3042372a3ba8fff0c5656bace488054afd43a3a01c7fe
[2m2025-12-10T10:11:27.974522Z[0m [34mDEBUG[0m [2methereum_transaction_pool_monitor::eth_client[0m[2m:[0m 📨 Received WebSocket message: {"jsonrpc":"2.0","method":"eth_subscription","params":{"subscription":"0xbed0a0851463e895960a451075a301a9","result":"0x08de0ece0b38f7319f61662c174b6ede8a24f8294c2450264c066431dfb31fcd"}}
[2m2025-12-10T10:11:27.974529Z[0m [34mDEBUG[0m [2methereum_transaction_pool_monitor::eth_client[0m[2m:[0m 📨 Received pending transaction: 0x08de0ece0b38f7319f61662c174b6ede8a24f8294c2450264c066431dfb31fcd
[2m2025-12-10T10:11:27.974534Z[0m [34mDEBUG[0m [2methereum_transaction_pool_monitor::eth_client[0m[2m:[0m 📨 Received WebSocket message: {"jsonrpc":"2.0","method":"eth_subscription","params":{"subscription":"0xbed0a0851463e895960a451075a301a9","result":"0x571e967ba504ea52fa0a42c1f4b4b33cdedd7ed6e269d6d43f3e61f121de5118"}}
[2m2025-12-10T10:11:27.974540Z[0m [34mDEBUG[0m [2methereum_transaction_pool_monitor::eth_client[0m[2m:[0m 📨 Received pending transaction: 0x571e967ba504ea52fa0a42c1f4b4b33cdedd7ed6e269d6d43f3e61f121de5118
[2m2025-12-10T10:11:27.974545Z[0m [34mDEBUG[0m [2methereum_transaction_pool_monitor::eth_client[0m[2m:[0m 📨 Received WebSocket message: {"jsonrpc":"2.0","method":"eth_subscription","params":{"subscription":"0xbed0a0851463e895960a451075a301a9","result":"0x0b6560d86581cbd6fd92272bdce55416a454249f9bd880e178290f99873370f6"}}
[2m2025-12-10T10:11:27.974551Z[0m [34mDEBUG[0m [2methereum_transaction_pool_monitor::eth_client[0m[2m:[0m 📨 Received pending transaction: 0x0b6560d86581cbd6fd92272bdce55416a454249f9bd880e178290f99873370f6
[2m2025-12-10T10:11:27.974556Z[0m [34mDEBUG[0m [2methereum_transaction_pool_monitor::eth_client[0m[2m:[0m 📨 Received WebSocket message: {"jsonrpc":"2.0","method":"eth_subscription","params":{"subscription":"0xbed0a0851463e895960a451075a301a9","result":"0x1cec90354e7b9fdb0ea8779adebffdde5dddded14282726716ec17e5ea568259"}}
[2m2025-12-10T10:11:27.974562Z[0m [34mDEBUG[0m [2methereum_transaction_pool_monitor::eth_client[0m[2m:[0m 📨 Received pending transaction: 0x1cec90354e7b9fdb0ea8779adebffdde5dddded14282726716ec17e5ea568259
[2m2025-12-10T10:11:27.974568Z[0m [34mDEBUG[0m [2methereum_transaction_pool_monitor::mempool_monitor[0m[2m:[0m 📨 Processing new pending transaction: 0x8866a8b601f86b809356c070b3967f81095039d36a8a71c6e8abeca361b6297d
[2m2025-12-10T10:11:27.974573Z[0m [34mDEBUG[0m [2methereum_transaction_pool_monitor::mempool_monitor[0m[2m:[0m 🔍 Fetching transaction details for: 0x8866a8b601f86b809356c070b3967f81095039d36a8a71c6e8abeca361b6297d
[2m2025-12-10T10:11:27.974579Z[0m [34mDEBUG[0m [2methereum_transaction_pool_monitor::eth_client[0m[2m:[0m 🔍 Fetching transaction details for hash: 0x8866a8b601f86b809356c070b3967f81095039d36a8a71c6e8abeca361b6297d
[2m2025-12-10T10:11:27.974587Z[0m [34mDEBUG[0m [2mhyper::client::pool[0m[2m:[0m reuse idle connection for ("http", 192.168.0.14:8545)
[2m2025-12-10T10:11:27.974603Z[0m [34mDEBUG[0m [2mhyper::proto::h1::io[0m[2m:[0m flushed 250 bytes
[2m2025-12-10T10:11:27.977923Z[0m [34mDEBUG[0m [2mhyper::proto::h1::io[0m[2m:[0m parsed 4 headers
[2m2025-12-10T10:11:27.977929Z[0m [34mDEBUG[0m [2mhyper::proto::h1::conn[0m[2m:[0m incoming body is content-length (45 bytes)
[2m2025-12-10T10:11:27.977938Z[0m [34mDEBUG[0m [2mhyper::proto::h1::conn[0m[2m:[0m incoming body completed
[2m2025-12-10T10:11:27.977945Z[0m [34mDEBUG[0m [2mhyper::client::pool[0m[2m:[0m pooling idle connection for ("http", 192.168.0.14:8545)
[2m2025-12-10T10:11:27.979132Z[0m [34mDEBUG[0m [2mhyper::proto::h1::io[0m[2m:[0m parsed 4 headers
[2m2025-12-10T10:11:27.979139Z[0m [34mDEBUG[0m [2mhyper::proto::h1::conn[0m[2m:[0m incoming body is content-length (778 bytes)
[2m2025-12-10T10:11:27.979144Z[0m [34mDEBUG[0m [2mhyper::proto::h1::conn[0m[2m:[0m incoming body completed
[2m2025-12-10T10:11:27.979150Z[0m [34mDEBUG[0m [2mhyper::client::pool[0m[2m:[0m pooling idle connection for ("http", 192.168.0.14:8545)
[2m2025-12-10T10:11:27.979164Z[0m [34mDEBUG[0m [2methereum_transaction_pool_monitor::eth_client[0m[2m:[0m 📡 Transaction fetch RPC completed in 4.580958ms
[2m2025-12-10T10:11:27.979177Z[0m [34mDEBUG[0m [2methereum_transaction_pool_monitor::eth_client[0m[2m:[0m DeFi transaction detected - Address: 0xdac17f958d2ee523a2206206994597c13d831ec7, Type: Stablecoin, Value: 0 ETH, Gas: 127.50 Gwei
[2m2025-12-10T10:11:27.979189Z[0m [34mDEBUG[0m [2methereum_transaction_pool_monitor::eth_client[0m[2m:[0m ✅ Transaction 0x8866a8b601f86b809356c070b3967f81095039d36a8a71c6e8abeca361b6297d fetched and parsed in 4.606625ms
[2m2025-12-10T10:11:27.979195Z[0m [34mDEBUG[0m [2methereum_transaction_pool_monitor::mempool_monitor[0m[2m:[0m 🔍 Skipping tx 0x8866a8b601f86b809356c070b3967f81095039d36a8a71c6e8abeca361b6297d - not a DEX interaction (target: 0xdAC17F958D2ee523a2206206994597C13D831ec7)
[2m2025-12-10T10:11:27.979201Z[0m [34mDEBUG[0m [2methereum_transaction_pool_monitor::mempool_monitor[0m[2m:[0m 📨 Processing new pending transaction: 0x68ee0938edb2faf3c9aeaa1e8f31e860332f4d4a01215e713041c95a192e5c91
[2m2025-12-10T10:11:27.979205Z[0m [34mDEBUG[0m [2methereum_transaction_pool_monitor::mempool_monitor[0m[2m:[0m 🔍 Fetching transaction details for: 0x68ee0938edb2faf3c9aeaa1e8f31e860332f4d4a01215e713041c95a192e5c91
[2m2025-12-10T10:11:27.979209Z[0m [34mDEBUG[0m [2methereum_transaction_pool_monitor::eth_client[0m[2m:[0m 🔍 Fetching transaction details for hash: 0x68ee0938edb2faf3c9aeaa1e8f31e860332f4d4a01215e713041c95a192e5c91
[2m2025-12-10T10:11:27.979216Z[0m [34mDEBUG[0m [2mhyper::client::pool[0m[2m:[0m reuse idle connection for ("http", 192.168.0.14:8545)
[2m2025-12-10T10:11:27.979233Z[0m [34mDEBUG[0m [2mhyper::proto::h1::io[0m[2m:[0m flushed 250 bytes
[2m2025-12-10T10:11:27.990847Z[0m [34mDEBUG[0m [2mhyper::proto::h1::io[0m[2m:[0m parsed 4 headers
[2m2025-12-10T10:11:27.990853Z[0m [34mDEBUG[0m [2mhyper::proto::h1::conn[0m[2m:[0m incoming body is content-length (778 bytes)
[2m2025-12-10T10:11:27.990857Z[0m [34mDEBUG[0m [2mhyper::proto::h1::conn[0m[2m:[0m incoming body completed
[2m2025-12-10T10:11:27.990863Z[0m [34mDEBUG[0m [2mhyper::client::pool[0m[2m:[0m pooling idle connection for ("http", 192.168.0.14:8545)
[2m2025-12-10T10:11:27.990867Z[0m [34mDEBUG[0m [2methereum_transaction_pool_monitor::eth_client[0m[2m:[0m 📡 Transaction fetch RPC completed in 11.654875ms
[2m2025-12-10T10:11:27.990878Z[0m [34mDEBUG[0m [2methereum_transaction_pool_monitor::eth_client[0m[2m:[0m DeFi transaction detected - Address: 0xdac17f958d2ee523a2206206994597c13d831ec7, Type: Stablecoin, Value: 0 ETH, Gas: 127.50 Gwei
[2m2025-12-10T10:11:27.990888Z[0m [34mDEBUG[0m [2methereum_transaction_pool_monitor::eth_client[0m[2m:[0m ✅ Transaction 0x68ee0938edb2faf3c9aeaa1e8f31e860332f4d4a01215e713041c95a192e5c91 fetched and parsed in 11.675542ms
[2m2025-12-10T10:11:27.990893Z[0m [34mDEBUG[0m [2methereum_transaction_pool_monitor::mempool_monitor[0m[2m:[0m 🔍 Skipping tx 0x68ee0938edb2faf3c9aeaa1e8f31e860332f4d4a01215e713041c95a192e5c91 - not a DEX interaction (target: 0xdAC17F958D2ee523a2206206994597C13D831ec7)
[2m2025-12-10T10:11:27.990898Z[0m [34mDEBUG[0m [2methereum_transaction_pool_monitor::mempool_monitor[0m[2m:[0m 📨 Processing new pending transaction: 0xe0c90833fd44b23842581f3de9c071cc2e8a403ea0d68f1b57f6a14ce6bcebef
[2m2025-12-10T10:11:27.990902Z[0m [34mDEBUG[0m [2methereum_transaction_pool_monitor::mempool_monitor[0m[2m:[0m 🔍 Fetching transaction details for: 0xe0c90833fd44b23842581f3de9c071cc2e8a403ea0d68f1b57f6a14ce6bcebef
[2m2025-12-10T10:11:27.990906Z[0m [34mDEBUG[0m [2methereum_transaction_pool_monitor::eth_client[0m[2m:[0m 🔍 Fetching transaction details for hash: 0xe0c90833fd44b23842581f3de9c071cc2e8a403ea0d68f1b57f6a14ce6bcebef
[2m2025-12-10T10:11:27.990913Z[0m [34mDEBUG[0m [2mhyper::client::pool[0m[2m:[0m reuse idle connection for ("http", 192.168.0.14:8545)
[2m2025-12-10T10:11:27.990928Z[0m [34mDEBUG[0m [2mhyper::proto::h1::io[0m[2m:[0m flushed 250 bytes
[2m2025-12-10T10:11:27.997562Z[0m [34mDEBUG[0m [2mhyper::client::pool[0m[2m:[0m reuse idle connection for ("http", 192.168.0.14:8545)
[2m2025-12-10T10:11:27.997566Z[0m [34mDEBUG[0m [2mhyper::proto::h1::io[0m[2m:[0m parsed 4 headers
[2m2025-12-10T10:11:27.997574Z[0m [34mDEBUG[0m [2mhyper::proto::h1::conn[0m[2m:[0m incoming body is content-length (655 bytes)
[2m2025-12-10T10:11:27.997578Z[0m [34mDEBUG[0m [2mhyper::proto::h1::conn[0m[2m:[0m incoming body completed
[2m2025-12-10T10:11:27.997580Z[0m [34mDEBUG[0m [2mhyper::proto::h1::io[0m[2m:[0m flushed 172 bytes
[2m2025-12-10T10:11:27.997585Z[0m [34mDEBUG[0m [2mhyper::client::pool[0m[2m:[0m pooling idle connection for ("http", 192.168.0.14:8545)
[2m2025-12-10T10:11:27.997592Z[0m [34mDEBUG[0m [2methereum_transaction_pool_monitor::eth_client[0m[2m:[0m 📡 Transaction fetch RPC completed in 6.682416ms
[2m2025-12-10T10:11:28.003725Z[0m [34mDEBUG[0m [2mhyper::proto::h1::io[0m[2m:[0m parsed 4 headers
[2m2025-12-10T10:11:28.003735Z[0m [34mDEBUG[0m [2mhyper::proto::h1::conn[0m[2m:[0m incoming body is content-length (45 bytes)
[2m2025-12-10T10:11:28.003741Z[0m [34mDEBUG[0m [2mhyper::proto::h1::conn[0m[2m:[0m incoming body completed
[2m2025-12-10T10:11:28.003748Z[0m [34mDEBUG[0m [2mhyper::client::pool[0m[2m:[0m pooling idle connection for ("http", 192.168.0.14:8545)
[2m2025-12-10T10:11:28.049126Z[0m [34mDEBUG[0m [2methereum_transaction_pool_monitor::eth_client[0m[2m:[0m 📨 Received WebSocket message: {"jsonrpc":"2.0","method":"eth_subscription","params":{"subscription":"0xbed0a0851463e895960a451075a301a9","result":"0x7c0bdd55785d4a65c61e47b6c4876bce34e4b498ac8889a6c28df2d346f69917"}}
[2m2025-12-10T10:11:28.049151Z[0m [34mDEBUG[0m [2methereum_transaction_pool_monitor::eth_client[0m[2m:[0m 📨 Received pending transaction: 0x7c0bdd55785d4a65c61e47b6c4876bce34e4b498ac8889a6c28df2d346f69917
[2m2025-12-10T10:11:28.067354Z[0m [34mDEBUG[0m [2methereum_transaction_pool_monitor::eth_client[0m[2m:[0m ✅ Transaction 0xe0c90833fd44b23842581f3de9c071cc2e8a403ea0d68f1b57f6a14ce6bcebef fetched and parsed in 76.442333ms
[2m2025-12-10T10:11:28.067376Z[0m [34mDEBUG[0m [2methereum_transaction_pool_monitor::mempool_monitor[0m[2m:[0m 🔍 Skipping tx 0xe0c90833fd44b23842581f3de9c071cc2e8a403ea0d68f1b57f6a14ce6bcebef - not a DEX interaction (target: 0xE368696B6514bD4001858e8A2b7FC364af18c924)
[2m2025-12-10T10:11:28.067386Z[0m [34mDEBUG[0m [2methereum_transaction_pool_monitor::mempool_monitor[0m[2m:[0m 📨 Processing new pending transaction: 0x73bebd369b498e3d6dd3042372a3ba8fff0c5656bace488054afd43a3a01c7fe
[2m2025-12-10T10:11:28.067394Z[0m [34mDEBUG[0m [2methereum_transaction_pool_monitor::mempool_monitor[0m[2m:[0m 🔍 Fetching transaction details for: 0x73bebd369b498e3d6dd3042372a3ba8fff0c5656bace488054afd43a3a01c7fe
[2m2025-12-10T10:11:28.067400Z[0m [34mDEBUG[0m [2methereum_transaction_pool_monitor::eth_client[0m[2m:[0m 🔍 Fetching transaction details for hash: 0x73bebd369b498e3d6dd3042372a3ba8fff0c5656bace488054afd43a3a01c7fe
[2m2025-12-10T10:11:28.067418Z[0m [34mDEBUG[0m [2mhyper::client::pool[0m[2m:[0m reuse idle connection for ("http", 192.168.0.14:8545)
[2m2025-12-10T10:11:28.067456Z[0m [34mDEBUG[0m [2mhyper::proto::h1::io[0m[2m:[0m flushed 250 bytes
[2m2025-12-10T10:11:28.071828Z[0m [34mDEBUG[0m [2mhyper::proto::h1::io[0m[2m:[0m parsed 4 headers
[2m2025-12-10T10:11:28.071834Z[0m [34mDEBUG[0m [2mhyper::proto::h1::conn[0m[2m:[0m incoming body is content-length (778 bytes)
[2m2025-12-10T10:11:28.071840Z[0m [34mDEBUG[0m [2mhyper::proto::h1::conn[0m[2m:[0m incoming body completed
[2m2025-12-10T10:11:28.071847Z[0m [34mDEBUG[0m [2mhyper::client::pool[0m[2m:[0m pooling idle connection for ("http", 192.168.0.14:8545)
[2m2025-12-10T10:11:28.071853Z[0m [34mDEBUG[0m [2methereum_transaction_pool_monitor::eth_client[0m[2m:[0m 📡 Transaction fetch RPC completed in 4.447875ms
[2m2025-12-10T10:11:28.071866Z[0m [34mDEBUG[0m [2methereum_transaction_pool_monitor::eth_client[0m[2m:[0m DeFi transaction detected - Address: 0xdac17f958d2ee523a2206206994597c13d831ec7, Type: Stablecoin, Value: 0 ETH, Gas: 127.50 Gwei
[2m2025-12-10T10:11:28.071876Z[0m [34mDEBUG[0m [2methereum_transaction_pool_monitor::eth_client[0m[2m:[0m ✅ Transaction 0x73bebd369b498e3d6dd3042372a3ba8fff0c5656bace488054afd43a3a01c7fe fetched and parsed in 4.4715ms
[2m2025-12-10T10:11:28.071882Z[0m [34mDEBUG[0m [2methereum_transaction_pool_monitor::mempool_monitor[0m[2m:[0m 🔍 Skipping tx 0x73bebd369b498e3d6dd3042372a3ba8fff0c5656bace488054afd43a3a01c7fe - not a DEX interaction (target: 0xdAC17F958D2ee523a2206206994597C13D831ec7)
[2m2025-12-10T10:11:28.071887Z[0m [34mDEBUG[0m [2methereum_transaction_pool_monitor::mempool_monitor[0m[2m:[0m 📨 Processing new pending transaction: 0x08de0ece0b38f7319f61662c174b6ede8a24f8294c2450264c066431dfb31fcd
[2m2025-12-10T10:11:28.071891Z[0m [34mDEBUG[0m [2methereum_transaction_pool_monitor::mempool_monitor[0m[2m:[0m 🔍 Fetching transaction details for: 0x08de0ece0b38f7319f61662c174b6ede8a24f8294c2450264c066431dfb31fcd
[2m2025-12-10T10:11:28.071895Z[0m [34mDEBUG[0m [2methereum_transaction_pool_monitor::eth_client[0m[2m:[0m 🔍 Fetching transaction details for hash: 0x08de0ece0b38f7319f61662c174b6ede8a24f8294c2450264c066431dfb31fcd
[2m2025-12-10T10:11:28.071905Z[0m [34mDEBUG[0m [2mhyper::client::pool[0m[2m:[0m reuse idle connection for ("http", 192.168.0.14:8545)
[2m2025-12-10T10:11:28.071919Z[0m [34mDEBUG[0m [2mhyper::proto::h1::io[0m[2m:[0m flushed 250 bytes
[2m2025-12-10T10:11:28.077246Z[0m [34mDEBUG[0m [2mhyper::proto::h1::io[0m[2m:[0m parsed 4 headers
[2m2025-12-10T10:11:28.077273Z[0m [34mDEBUG[0m [2mhyper::proto::h1::conn[0m[2m:[0m incoming body is content-length (778 bytes)
[2m2025-12-10T10:11:28.077307Z[0m [34mDEBUG[0m [2mhyper::proto::h1::conn[0m[2m:[0m incoming body completed
[2m2025-12-10T10:11:28.077316Z[0m [34mDEBUG[0m [2mhyper::client::pool[0m[2m:[0m pooling idle connection for ("http", 192.168.0.14:8545)
[2m2025-12-10T10:11:28.077335Z[0m [34mDEBUG[0m [2methereum_transaction_pool_monitor::eth_client[0m[2m:[0m 📡 Transaction fetch RPC completed in 5.436208ms
[2m2025-12-10T10:11:28.077452Z[0m [34mDEBUG[0m [2methereum_transaction_pool_monitor::eth_client[0m[2m:[0m DeFi transaction detected - Address: 0xdac17f958d2ee523a2206206994597c13d831ec7, Type: Stablecoin, Value: 0 ETH, Gas: 127.50 Gwei
[2m2025-12-10T10:11:28.077469Z[0m [34mDEBUG[0m [2methereum_transaction_pool_monitor::eth_client[0m[2m:[0m ✅ Transaction 0x08de0ece0b38f7319f61662c174b6ede8a24f8294c2450264c066431dfb31fcd fetched and parsed in 5.569791ms
[2m2025-12-10T10:11:28.077476Z[0m [34mDEBUG[0m [2methereum_transaction_pool_monitor::mempool_monitor[0m[2m:[0m 🔍 Skipping tx 0x08de0ece0b38f7319f61662c174b6ede8a24f8294c2450264c066431dfb31fcd - not a DEX interaction (target: 0xdAC17F958D2ee523a2206206994597C13D831ec7)
[2m2025-12-10T10:11:28.077483Z[0m [34mDEBUG[0m [2methereum_transaction_pool_monitor::mempool_monitor[0m[2m:[0m 📨 Processing new pending transaction: 0x571e967ba504ea52fa0a42c1f4b4b33cdedd7ed6e269d6d43f3e61f121de5118
[2m2025-12-10T10:11:28.077490Z[0m [34mDEBUG[0m [2methereum_transaction_pool_monitor::mempool_monitor[0m[2m:[0m 🔍 Fetching transaction details for: 0x571e967ba504ea52fa0a42c1f4b4b33cdedd7ed6e269d6d43f3e61f121de5118
[2m2025-12-10T10:11:28.077496Z[0m [34mDEBUG[0m [2methereum_transaction_pool_monitor::eth_client[0m[2m:[0m 🔍 Fetching transaction details for hash: 0x571e967ba504ea52fa0a42c1f4b4b33cdedd7ed6e269d6d43f3e61f121de5118
[2m2025-12-10T10:11:28.077504Z[0m [34mDEBUG[0m [2mhyper::client::pool[0m[2m:[0m reuse idle connection for ("http", 192.168.0.14:8545)
[2m2025-12-10T10:11:28.077518Z[0m [34mDEBUG[0m [2mhyper::proto::h1::io[0m[2m:[0m flushed 250 bytes
[2m2025-12-10T10:11:28.082196Z[0m [34mDEBUG[0m [2mhyper::proto::h1::io[0m[2m:[0m parsed 4 headers
[2m2025-12-10T10:11:28.082201Z[0m [34mDEBUG[0m [2mhyper::proto::h1::conn[0m[2m:[0m incoming body is content-length (778 bytes)
[2m2025-12-10T10:11:28.082205Z[0m [34mDEBUG[0m [2mhyper::proto::h1::conn[0m[2m:[0m incoming body completed
[2m2025-12-10T10:11:28.082210Z[0m [34mDEBUG[0m [2mhyper::client::pool[0m[2m:[0m pooling idle connection for ("http", 192.168.0.14:8545)
[2m2025-12-10T10:11:28.082214Z[0m [34mDEBUG[0m [2methereum_transaction_pool_monitor::eth_client[0m[2m:[0m 📡 Transaction fetch RPC completed in 4.713875ms
[2m2025-12-10T10:11:28.082222Z[0m [34mDEBUG[0m [2methereum_transaction_pool_monitor::eth_client[0m[2m:[0m DeFi transaction detected - Address: 0xdac17f958d2ee523a2206206994597c13d831ec7, Type: Stablecoin, Value: 0 ETH, Gas: 127.50 Gwei
[2m2025-12-10T10:11:28.082229Z[0m [34mDEBUG[0m [2methereum_transaction_pool_monitor::eth_client[0m[2m:[0m ✅ Transaction 0x571e967ba504ea52fa0a42c1f4b4b33cdedd7ed6e269d6d43f3e61f121de5118 fetched and parsed in 4.728792ms
[2m2025-12-10T10:11:28.082234Z[0m [34mDEBUG[0m [2methereum_transaction_pool_monitor::mempool_monitor[0m[2m:[0m 🔍 Skipping tx 0x571e967ba504ea52fa0a42c1f4b4b33cdedd7ed6e269d6d43f3e61f121de5118 - not a DEX interaction (target: 0xdAC17F958D2ee523a2206206994597C13D831ec7)
[2m2025-12-10T10:11:28.082239Z[0m [34mDEBUG[0m [2methereum_transaction_pool_monitor::mempool_monitor[0m[2m:[0m 📨 Processing new pending transaction: 0x0b6560d86581cbd6fd92272bdce55416a454249f9bd880e178290f99873370f6
[2m2025-12-10T10:11:28.082243Z[0m [34mDEBUG[0m [2methereum_transaction_pool_monitor::mempool_monitor[0m[2m:[0m 🔍 Fetching transaction details for: 0x0b6560d86581cbd6fd92272bdce55416a454249f9bd880e178290f99873370f6
[2m2025-12-10T10:11:28.082247Z[0m [34mDEBUG[0m [2methereum_transaction_pool_monitor::eth_client[0m[2m:[0m 🔍 Fetching transaction details for hash: 0x0b6560d86581cbd6fd92272bdce55416a454249f9bd880e178290f99873370f6
[2m2025-12-10T10:11:28.082253Z[0m [34mDEBUG[0m [2mhyper::client::pool[0m[2m:[0m reuse idle connection for ("http", 192.168.0.14:8545)
[2m2025-12-10T10:11:28.082264Z[0m [34mDEBUG[0m [2mhyper::proto::h1::io[0m[2m:[0m flushed 250 bytes
[2m2025-12-10T10:11:28.086734Z[0m [34mDEBUG[0m [2mhyper::proto::h1::io[0m[2m:[0m parsed 4 headers
[2m2025-12-10T10:11:28.086739Z[0m [34mDEBUG[0m [2mhyper::proto::h1::conn[0m[2m:[0m incoming body is content-length (777 bytes)
[2m2025-12-10T10:11:28.086743Z[0m [34mDEBUG[0m [2mhyper::proto::h1::conn[0m[2m:[0m incoming body completed
[2m2025-12-10T10:11:28.086747Z[0m [34mDEBUG[0m [2mhyper::client::pool[0m[2m:[0m pooling idle connection for ("http", 192.168.0.14:8545)
[2m2025-12-10T10:11:28.086751Z[0m [34mDEBUG[0m [2methereum_transaction_pool_monitor::eth_client[0m[2m:[0m 📡 Transaction fetch RPC completed in 4.500542ms
[2m2025-12-10T10:11:28.086759Z[0m [34mDEBUG[0m [2methereum_transaction_pool_monitor::eth_client[0m[2m:[0m DeFi transaction detected - Address: 0x7fc66500c84a76ad7e9c93437bfc5ac33e2ddae9, Type: TokenContract, Value: 0 ETH, Gas: 127.50 Gwei
[2m2025-12-10T10:11:28.086767Z[0m [34mDEBUG[0m [2methereum_transaction_pool_monitor::eth_client[0m[2m:[0m ✅ Transaction 0x0b6560d86581cbd6fd92272bdce55416a454249f9bd880e178290f99873370f6 fetched and parsed in 4.515708ms
[2m2025-12-10T10:11:28.086771Z[0m [34mDEBUG[0m [2methereum_transaction_pool_monitor::mempool_monitor[0m[2m:[0m 🔍 Skipping tx 0x0b6560d86581cbd6fd92272bdce55416a454249f9bd880e178290f99873370f6 - not a DEX interaction (target: 0x7Fc66500c84A76Ad7e9c93437bFc5Ac33E2DDaE9)
[2m2025-12-10T10:11:28.086776Z[0m [34mDEBUG[0m [2methereum_transaction_pool_monitor::mempool_monitor[0m[2m:[0m 📨 Processing new pending transaction: 0x1cec90354e7b9fdb0ea8779adebffdde5dddded14282726716ec17e5ea568259
[2m2025-12-10T10:11:28.086787Z[0m [34mDEBUG[0m [2methereum_transaction_pool_monitor::mempool_monitor[0m[2m:[0m 🔍 Fetching transaction details for: 0x1cec90354e7b9fdb0ea8779adebffdde5dddded14282726716ec17e5ea568259
[2m2025-12-10T10:11:28.086794Z[0m [34mDEBUG[0m [2methereum_transaction_pool_monitor::eth_client[0m[2m:[0m 🔍 Fetching transaction details for hash: 0x1cec90354e7b9fdb0ea8779adebffdde5dddded14282726716ec17e5ea568259
[2m2025-12-10T10:11:28.086800Z[0m [34mDEBUG[0m [2mhyper::client::pool[0m[2m:[0m reuse idle connection for ("http", 192.168.0.14:8545)
[2m2025-12-10T10:11:28.086812Z[0m [34mDEBUG[0m [2mhyper::proto::h1::io[0m[2m:[0m flushed 250 bytes
[2m2025-12-10T10:11:28.091817Z[0m [34mDEBUG[0m [2mhyper::proto::h1::io[0m[2m:[0m parsed 4 headers
[2m2025-12-10T10:11:28.092105Z[0m [34mDEBUG[0m [2mhyper::proto::h1::conn[0m[2m:[0m incoming body is content-length (778 bytes)
[2m2025-12-10T10:11:28.092111Z[0m [34mDEBUG[0m [2mhyper::proto::h1::conn[0m[2m:[0m incoming body completed
[2m2025-12-10T10:11:28.092124Z[0m [34mDEBUG[0m [2mhyper::client::pool[0m[2m:[0m pooling idle connection for ("http", 192.168.0.14:8545)
[2m2025-12-10T10:11:28.092133Z[0m [34mDEBUG[0m [2methereum_transaction_pool_monitor::eth_client[0m[2m:[0m 📡 Transaction fetch RPC completed in 5.335542ms
[2m2025-12-10T10:11:28.092144Z[0m [34mDEBUG[0m [2methereum_transaction_pool_monitor::eth_client[0m[2m:[0m DeFi transaction detected - Address: 0xdac17f958d2ee523a2206206994597c13d831ec7, Type: Stablecoin, Value: 0 ETH, Gas: 127.50 Gwei
[2m2025-12-10T10:11:28.092158Z[0m [34mDEBUG[0m [2methereum_transaction_pool_monitor::eth_client[0m[2m:[0m ✅ Transaction 0x1cec90354e7b9fdb0ea8779adebffdde5dddded14282726716ec17e5ea568259 fetched and parsed in 5.360542ms
[2m2025-12-10T10:11:28.092166Z[0m [34mDEBUG[0m [2methereum_transaction_pool_monitor::mempool_monitor[0m[2m:[0m 🔍 Skipping tx 0x1cec90354e7b9fdb0ea8779adebffdde5dddded14282726716ec17e5ea568259 - not a DEX interaction (target: 0xdAC17F958D2ee523a2206206994597C13D831ec7)
[2m2025-12-10T10:11:28.092176Z[0m [34mDEBUG[0m [2methereum_transaction_pool_monitor::mempool_monitor[0m[2m:[0m 📨 Processing new pending transaction: 0x7c0bdd55785d4a65c61e47b6c4876bce34e4b498ac8889a6c28df2d346f69917
[2m2025-12-10T10:11:28.092184Z[0m [34mDEBUG[0m [2methereum_transaction_pool_monitor::mempool_monitor[0m[2m:[0m 🔍 Fetching transaction details for: 0x7c0bdd55785d4a65c61e47b6c4876bce34e4b498ac8889a6c28df2d346f69917
[2m2025-12-10T10:11:28.092191Z[0m [34mDEBUG[0m [2methereum_transaction_pool_monitor::eth_client[0m[2m:[0m 🔍 Fetching transaction details for hash: 0x7c0bdd55785d4a65c61e47b6c4876bce34e4b498ac8889a6c28df2d346f69917
[2m2025-12-10T10:11:28.092201Z[0m [34mDEBUG[0m [2mhyper::client::pool[0m[2m:[0m reuse idle connection for ("http", 192.168.0.14:8545)
[2m2025-12-10T10:11:28.092216Z[0m [34mDEBUG[0m [2mhyper::proto::h1::io[0m[2m:[0m flushed 250 bytes
[2m2025-12-10T10:11:28.098540Z[0m [34mDEBUG[0m [2mhyper::client::pool[0m[2m:[0m reuse idle connection for ("http", 192.168.0.14:8545)
[2m2025-12-10T10:11:28.098542Z[0m [32m INFO[0m [2methereum_transaction_pool_monitor::bot_runner[0m[2m:[0m 🤖 MEV Bot Stats | Uptime: 0.1h | Opportunities: 0 | Bundles: 0/0 (0.0%) | Profit: 0.0000 ETH | Rate: 0.00/h
[2m2025-12-10T10:11:28.098574Z[0m [34mDEBUG[0m [2mhyper::proto::h1::io[0m[2m:[0m flushed 172 bytes
[2m2025-12-10T10:11:28.099282Z[0m [34mDEBUG[0m [2mhyper::proto::h1::io[0m[2m:[0m parsed 4 headers
[2m2025-12-10T10:11:28.099287Z[0m [34mDEBUG[0m [2mhyper::proto::h1::conn[0m[2m:[0m incoming body is content-length (655 bytes)
[2m2025-12-10T10:11:28.099295Z[0m [34mDEBUG[0m [2mhyper::proto::h1::conn[0m[2m:[0m incoming body completed
[2m2025-12-10T10:11:28.099303Z[0m [34mDEBUG[0m [2mhyper::client::pool[0m[2m:[0m pooling idle connection for ("http", 192.168.0.14:8545)
[2m2025-12-10T10:11:28.099313Z[0m [34mDEBUG[0m [2methereum_transaction_pool_monitor::eth_client[0m[2m:[0m 📡 Transaction fetch RPC completed in 7.114625ms
[2m2025-12-10T10:11:28.172140Z[0m [34mDEBUG[0m [2methereum_transaction_pool_monitor::eth_client[0m[2m:[0m ✅ Transaction 0x7c0bdd55785d4a65c61e47b6c4876bce34e4b498ac8889a6c28df2d346f69917 fetched and parsed in 79.939167ms
[2m2025-12-10T10:11:28.172169Z[0m [34mDEBUG[0m [2methereum_transaction_pool_monitor::mempool_monitor[0m[2m:[0m 🔍 Skipping tx 0x7c0bdd55785d4a65c61e47b6c4876bce34e4b498ac8889a6c28df2d346f69917 - not a DEX interaction (target: 0x5100a9D9041eE41109dE81E8f101B76cFC60070B)
[2m2025-12-10T10:11:28.172207Z[0m [34mDEBUG[0m [2mhyper::proto::h1::io[0m[2m:[0m parsed 4 headers
[2m2025-12-10T10:11:28.172215Z[0m [34mDEBUG[0m [2mhyper::proto::h1::conn[0m[2m:[0m incoming body is content-length (45 bytes)
[2m2025-12-10T10:11:28.172221Z[0m [34mDEBUG[0m [2methereum_transaction_pool_monitor::eth_client[0m[2m:[0m 📨 Received WebSocket message: {"jsonrpc":"2.0","method":"eth_subscription","params":{"subscription":"0xbed0a0851463e895960a451075a301a9","result":"0x282708e771b7ac1c532edc1cb296f3b1a37e6f22750b02b77c5f6f006059dd79"}}
[2m2025-12-10T10:11:28.172223Z[0m [34mDEBUG[0m [2mhyper::proto::h1::conn[0m[2m:[0m incoming body completed
[2m2025-12-10T10:11:28.172234Z[0m [34mDEBUG[0m [2methereum_transaction_pool_monitor::eth_client[0m[2m:[0m 📨 Received pending transaction: 0x282708e771b7ac1c532edc1cb296f3b1a37e6f22750b02b77c5f6f006059dd79
[2m2025-12-10T10:11:28.172246Z[0m [34mDEBUG[0m [2methereum_transaction_pool_monitor::mempool_monitor[0m[2m:[0m 📨 Processing new pending transaction: 0x282708e771b7ac1c532edc1cb296f3b1a37e6f22750b02b77c5f6f006059dd79
[2m2025-12-10T10:11:28.172247Z[0m [34mDEBUG[0m [2mhyper::client::pool[0m[2m:[0m pooling idle connection for ("http", 192.168.0.14:8545)
[2m2025-12-10T10:11:28.172254Z[0m [34mDEBUG[0m [2methereum_transaction_pool_monitor::mempool_monitor[0m[2m:[0m 🔍 Fetching transaction details for: 0x282708e771b7ac1c532edc1cb296f3b1a37e6f22750b02b77c5f6f006059dd79
[2m2025-12-10T10:11:28.172263Z[0m [34mDEBUG[0m [2methereum_transaction_pool_monitor::eth_client[0m[2m:[0m 🔍 Fetching transaction details for hash: 0x282708e771b7ac1c532edc1cb296f3b1a37e6f22750b02b77c5f6f006059dd79
[2m2025-12-10T10:11:28.172279Z[0m [34mDEBUG[0m [2mhyper::client::pool[0m[2m:[0m reuse idle connection for ("http", 192.168.0.14:8545)
[2m2025-12-10T10:11:28.172300Z[0m [34mDEBUG[0m [2mhyper::proto::h1::io[0m[2m:[0m flushed 250 bytes
[2m2025-12-10T10:11:28.176131Z[0m [34mDEBUG[0m [2methereum_transaction_pool_monitor::eth_client[0m[2m:[0m 📨 Received WebSocket message: {"jsonrpc":"2.0","method":"eth_subscription","params":{"subscription":"0xbed0a0851463e895960a451075a301a9","result":"0xc7f101771df5f5febd5374eec6ed8d223f97887919428f9a44c4dcbc38267db1"}}
[2m2025-12-10T10:11:28.176159Z[0m [34mDEBUG[0m [2methereum_transaction_pool_monitor::eth_client[0m[2m:[0m 📨 Received pending transaction: 0xc7f101771df5f5febd5374eec6ed8d223f97887919428f9a44c4dcbc38267db1
[2m2025-12-10T10:11:28.178114Z[0m [34mDEBUG[0m [2mhyper::proto::h1::io[0m[2m:[0m parsed 4 headers
[2m2025-12-10T10:11:28.178120Z[0m [34mDEBUG[0m [2mhyper::proto::h1::conn[0m[2m:[0m incoming body is content-length (648 bytes)
[2m2025-12-10T10:11:28.178125Z[0m [34mDEBUG[0m [2mhyper::proto::h1::conn[0m[2m:[0m incoming body completed
[2m2025-12-10T10:11:28.178130Z[0m [34mDEBUG[0m [2mhyper::client::pool[0m[2m:[0m pooling idle connection for ("http", 192.168.0.14:8545)
[2m2025-12-10T10:11:28.178135Z[0m [34mDEBUG[0m [2methereum_transaction_pool_monitor::eth_client[0m[2m:[0m 📡 Transaction fetch RPC completed in 5.867375ms
[2m2025-12-10T10:11:28.250023Z[0m [34mDEBUG[0m [2methereum_transaction_pool_monitor::eth_client[0m[2m:[0m ✅ Transaction 0x282708e771b7ac1c532edc1cb296f3b1a37e6f22750b02b77c5f6f006059dd79 fetched and parsed in 77.752667ms
[2m2025-12-10T10:11:28.250052Z[0m [34mDEBUG[0m [2methereum_transaction_pool_monitor::mempool_monitor[0m[2m:[0m 🔍 Skipping tx 0x282708e771b7ac1c532edc1cb296f3b1a37e6f22750b02b77c5f6f006059dd79 - not a DEX interaction (target: 0x09d33D326863Bb7336241EEd9f82258db2B0415D)
[2m2025-12-10T10:11:28.250063Z[0m [34mDEBUG[0m [2methereum_transaction_pool_monitor::mempool_monitor[0m[2m:[0m 📨 Processing new pending transaction: 0xc7f101771df5f5febd5374eec6ed8d223f97887919428f9a44c4dcbc38267db1
[2m2025-12-10T10:11:28.250070Z[0m [34mDEBUG[0m [2methereum_transaction_pool_monitor::mempool_monitor[0m[2m:[0m 🔍 Fetching transaction details for: 0xc7f101771df5f5febd5374eec6ed8d223f97887919428f9a44c4dcbc38267db1
[2m2025-12-10T10:11:28.250075Z[0m [34mDEBUG[0m [2methereum_transaction_pool_monitor::eth_client[0m[2m:[0m 🔍 Fetching transaction details for hash: 0xc7f101771df5f5febd5374eec6ed8d223f97887919428f9a44c4dcbc38267db1
[2m2025-12-10T10:11:28.250096Z[0m [34mDEBUG[0m [2mhyper::client::pool[0m[2m:[0m reuse idle connection for ("http", 192.168.0.14:8545)
[2m2025-12-10T10:11:28.250135Z[0m [34mDEBUG[0m [2mhyper::proto::h1::io[0m[2m:[0m flushed 250 bytes
[2m2025-12-10T10:11:28.250157Z[0m [34mDEBUG[0m [2mhyper::client::pool[0m[2m:[0m reuse idle connection for ("http", 192.168.0.14:8545)
[2m2025-12-10T10:11:28.250174Z[0m [34mDEBUG[0m [2mhyper::proto::h1::io[0m[2m:[0m flushed 172 bytes
[2m2025-12-10T10:11:28.250173Z[0m [34mDEBUG[0m [2methereum_transaction_pool_monitor::eth_client[0m[2m:[0m 📨 Received WebSocket message: {"jsonrpc":"2.0","method":"eth_subscription","params":{"subscription":"0xbed0a0851463e895960a451075a301a9","result":"0xe56bac7619cdcfd09eb9814fa0e3677d8ef94bc7a52e50af2b5cff205edffa3c"}}
[2m2025-12-10T10:11:28.250196Z[0m [34mDEBUG[0m [2methereum_transaction_pool_monitor::eth_client[0m[2m:[0m 📨 Received pending transaction: 0xe56bac7619cdcfd09eb9814fa0e3677d8ef94bc7a52e50af2b5cff205edffa3c
[2m2025-12-10T10:11:28.256009Z[0m [34mDEBUG[0m [2methereum_transaction_pool_monitor::eth_client[0m[2m:[0m 📨 Received WebSocket message: {"jsonrpc":"2.0","method":"eth_subscription","params":{"subscription":"0xbed0a0851463e895960a451075a301a9","result":"0x9b96b96e33bafcbd7bee3085f5a5704353e8a0ef03fb1c420ffdae3a39a816f9"}}
[2m2025-12-10T10:11:28.256022Z[0m [34mDEBUG[0m [2methereum_transaction_pool_monitor::eth_client[0m[2m:[0m 📨 Received pending transaction: 0x9b96b96e33bafcbd7bee3085f5a5704353e8a0ef03fb1c420ffdae3a39a816f9
[2m2025-12-10T10:11:28.256305Z[0m [34mDEBUG[0m [2mhyper::proto::h1::io[0m[2m:[0m parsed 4 headers
[2m2025-12-10T10:11:28.256311Z[0m [34mDEBUG[0m [2mhyper::proto::h1::io[0m[2m:[0m parsed 4 headers
[2m2025-12-10T10:11:28.256312Z[0m [34mDEBUG[0m [2mhyper::proto::h1::conn[0m[2m:[0m incoming body is content-length (45 bytes)
[2m2025-12-10T10:11:28.256320Z[0m [34mDEBUG[0m [2mhyper::proto::h1::conn[0m[2m:[0m incoming body is content-length (645 bytes)
[2m2025-12-10T10:11:28.256327Z[0m [34mDEBUG[0m [2mhyper::proto::h1::conn[0m[2m:[0m incoming body completed
[2m2025-12-10T10:11:28.256331Z[0m [34mDEBUG[0m [2mhyper::proto::h1::conn[0m[2m:[0m incoming body completed
[2m2025-12-10T10:11:28.256337Z[0m [34mDEBUG[0m [2mhyper::client::pool[0m[2m:[0m pooling idle connection for ("http", 192.168.0.14:8545)
[2m2025-12-10T10:11:28.256339Z[0m [34mDEBUG[0m [2mhyper::client::pool[0m[2m:[0m pooling idle connection for ("http", 192.168.0.14:8545)
[2m2025-12-10T10:11:28.256347Z[0m [34mDEBUG[0m [2methereum_transaction_pool_monitor::eth_client[0m[2m:[0m 📡 Transaction fetch RPC completed in 6.267042ms
[2m2025-12-10T10:11:28.278185Z[0m [34mDEBUG[0m [2methereum_transaction_pool_monitor::eth_client[0m[2m:[0m 📨 Received WebSocket message: {"jsonrpc":"2.0","method":"eth_subscription","params":{"subscription":"0xbed0a0851463e895960a451075a301a9","result":"0x30c585800f061f2d873e4c62cab852b63531c943bebca9b616e632b360887b38"}}
[2m2025-12-10T10:11:28.278206Z[0m [34mDEBUG[0m [2methereum_transaction_pool_monitor::eth_client[0m[2m:[0m 📨 Received pending transaction: 0x30c585800f061f2d873e4c62cab852b63531c943bebca9b616e632b360887b38
[2m2025-12-10T10:11:28.278212Z[0m [34mDEBUG[0m [2methereum_transaction_pool_monitor::eth_client[0m[2m:[0m 📨 Received WebSocket message: {"jsonrpc":"2.0","method":"eth_subscription","params":{"subscription":"0xbed0a0851463e895960a451075a301a9","result":"0xa919255ffb784b52e2b29bb200b9b0ab1eb621e5f023b80d6e61b095fdb682da"}}
[2m2025-12-10T10:11:28.278217Z[0m [34mDEBUG[0m [2methereum_transaction_pool_monitor::eth_client[0m[2m:[0m 📨 Received pending transaction: 0xa919255ffb784b52e2b29bb200b9b0ab1eb621e5f023b80d6e61b095fdb682da
[2m2025-12-10T10:11:28.299248Z[0m [34mDEBUG[0m [2mhyper::client::pool[0m[2m:[0m reuse idle connection for ("http", 192.168.0.14:8545)
[2m2025-12-10T10:11:28.299309Z[0m [34mDEBUG[0m [2mhyper::proto::h1::io[0m[2m:[0m flushed 172 bytes
[2m2025-12-10T10:11:28.307084Z[0m [34mDEBUG[0m [2mhyper::proto::h1::io[0m[2m:[0m parsed 4 headers
[2m2025-12-10T10:11:28.310329Z[0m [34mDEBUG[0m [2mhyper::proto::h1::conn[0m[2m:[0m incoming body is content-length (45 bytes)
[2m2025-12-10T10:11:28.310338Z[0m [34mDEBUG[0m [2mhyper::proto::h1::conn[0m[2m:[0m incoming body completed
[2m2025-12-10T10:11:28.310348Z[0m [34mDEBUG[0m [2mhyper::client::pool[0m[2m:[0m pooling idle connection for ("http", 192.168.0.14:8545)
[2m2025-12-10T10:11:28.319041Z[0m [34mDEBUG[0m [2methereum_transaction_pool_monitor::eth_client[0m[2m:[0m 📨 Received WebSocket message: {"jsonrpc":"2.0","method":"eth_subscription","params":{"subscription":"0xbed0a0851463e895960a451075a301a9","result":"0x808690428283108eb155736d04f192b56ce649f049b0c72d03ace77cec45be98"}}
[2m2025-12-10T10:11:28.319052Z[0m [34mDEBUG[0m [2methereum_transaction_pool_monitor::eth_client[0m[2m:[0m 📨 Received pending transaction: 0x808690428283108eb155736d04f192b56ce649f049b0c72d03ace77cec45be98
[2m2025-12-10T10:11:28.328647Z[0m [34mDEBUG[0m [2methereum_transaction_pool_monitor::eth_client[0m[2m:[0m ✅ Transaction 0xc7f101771df5f5febd5374eec6ed8d223f97887919428f9a44c4dcbc38267db1 fetched and parsed in 78.566292ms
[2m2025-12-10T10:11:28.328661Z[0m [34mDEBUG[0m [2methereum_transaction_pool_monitor::mempool_monitor[0m[2m:[0m 🔍 Skipping tx 0xc7f101771df5f5febd5374eec6ed8d223f97887919428f9a44c4dcbc38267db1 - not a DEX interaction (target: 0x525F056b8bf1782434Ed929FFAf55dC7fb77184B)
[2m2025-12-10T10:11:28.328672Z[0m [34mDEBUG[0m [2methereum_transaction_pool_monitor::mempool_monitor[0m[2m:[0m 📨 Processing new pending transaction: 0xe56bac7619cdcfd09eb9814fa0e3677d8ef94bc7a52e50af2b5cff205edffa3c
[2m2025-12-10T10:11:28.328680Z[0m [34mDEBUG[0m [2methereum_transaction_pool_monitor::mempool_monitor[0m[2m:[0m 🔍 Fetching transaction details for: 0xe56bac7619cdcfd09eb9814fa0e3677d8ef94bc7a52e50af2b5cff205edffa3c
[2m2025-12-10T10:11:28.328686Z[0m [34mDEBUG[0m [2methereum_transaction_pool_monitor::eth_client[0m[2m:[0m 🔍 Fetching transaction details for hash: 0xe56bac7619cdcfd09eb9814fa0e3677d8ef94bc7a52e50af2b5cff205edffa3c
[2m2025-12-10T10:11:28.328705Z[0m [34mDEBUG[0m [2mhyper::client::pool[0m[2m:[0m reuse idle connection for ("http", 192.168.0.14:8545)
[2m2025-12-10T10:11:28.328740Z[0m [34mDEBUG[0m [2mhyper::proto::h1::io[0m[2m:[0m flushed 250 bytes
[2m2025-12-10T10:11:28.334613Z[0m [34mDEBUG[0m [2mhyper::proto::h1::io[0m[2m:[0m parsed 4 headers
[2m2025-12-10T10:11:28.334640Z[0m [34mDEBUG[0m [2mhyper::proto::h1::conn[0m[2m:[0m incoming body is content-length (557 bytes)
[2m2025-12-10T10:11:28.334667Z[0m [34mDEBUG[0m [2mhyper::proto::h1::conn[0m[2m:[0m incoming body completed
[2m2025-12-10T10:11:28.334700Z[0m [34mDEBUG[0m [2mhyper::client::pool[0m[2m:[0m pooling idle connection for ("http", 192.168.0.14:8545)
[2m2025-12-10T10:11:28.334710Z[0m [34mDEBUG[0m [2methereum_transaction_pool_monitor::eth_client[0m[2m:[0m 📡 Transaction fetch RPC completed in 6.016958ms
[2m2025-12-10T10:11:28.406267Z[0m [34mDEBUG[0m [2methereum_transaction_pool_monitor::eth_client[0m[2m:[0m ✅ Transaction 0xe56bac7619cdcfd09eb9814fa0e3677d8ef94bc7a52e50af2b5cff205edffa3c fetched and parsed in 77.571625ms
[2m2025-12-10T10:11:28.406294Z[0m [34mDEBUG[0m [2methereum_transaction_pool_monitor::mempool_monitor[0m[2m:[0m 🔍 Skipping tx 0xe56bac7619cdcfd09eb9814fa0e3677d8ef94bc7a52e50af2b5cff205edffa3c - not a DEX interaction (target: 0xA023f08c70A23aBc7EdFc5B6b5E171d78dFc947e)
[2m2025-12-10T10:11:28.406305Z[0m [34mDEBUG[0m [2methereum_transaction_pool_monitor::mempool_monitor[0m[2m:[0m 📨 Processing new pending transaction: 0x9b96b96e33bafcbd7bee3085f5a5704353e8a0ef03fb1c420ffdae3a39a816f9
[2m2025-12-10T10:11:28.406319Z[0m [34mDEBUG[0m [2methereum_transaction_pool_monitor::mempool_monitor[0m[2m:[0m 🔍 Fetching transaction details for: 0x9b96b96e33bafcbd7bee3085f5a5704353e8a0ef03fb1c420ffdae3a39a816f9
[2m2025-12-10T10:11:28.406330Z[0m [34mDEBUG[0m [2methereum_transaction_pool_monitor::eth_client[0m[2m:[0m 🔍 Fetching transaction details for hash: 0x9b96b96e33bafcbd7bee3085f5a5704353e8a0ef03fb1c420ffdae3a39a816f9
[2m2025-12-10T10:11:28.406348Z[0m [34mDEBUG[0m [2mhyper::client::pool[0m[2m:[0m reuse idle connection for ("http", 192.168.0.14:8545)
[2m2025-12-10T10:11:28.406389Z[0m [34mDEBUG[0m [2mhyper::proto::h1::io[0m[2m:[0m flushed 250 bytes
[2m2025-12-10T10:11:28.406416Z[0m [34mDEBUG[0m [2mhyper::client::pool[0m[2m:[0m reuse idle connection for ("http", 192.168.0.14:8545)
[2m2025-12-10T10:11:28.406433Z[0m [34mDEBUG[0m [2mhyper::proto::h1::io[0m[2m:[0m flushed 172 bytes
[2m2025-12-10T10:11:28.411462Z[0m [34mDEBUG[0m [2mhyper::proto::h1::io[0m[2m:[0m parsed 4 headers
[2m2025-12-10T10:11:28.411470Z[0m [34mDEBUG[0m [2mhyper::proto::h1::conn[0m[2m:[0m incoming body is content-length (778 bytes)
[2m2025-12-10T10:11:28.411479Z[0m [34mDEBUG[0m [2mhyper::proto::h1::conn[0m[2m:[0m incoming body completed
[2m2025-12-10T10:11:28.411491Z[0m [34mDEBUG[0m [2mhyper::client::pool[0m[2m:[0m pooling idle connection for ("http", 192.168.0.14:8545)
[2m2025-12-10T10:11:28.411498Z[0m [34mDEBUG[0m [2methereum_transaction_pool_monitor::eth_client[0m[2m:[0m 📡 Transaction fetch RPC completed in 5.162375ms
[2m2025-12-10T10:11:28.411519Z[0m [34mDEBUG[0m [2methereum_transaction_pool_monitor::eth_client[0m[2m:[0m DeFi transaction detected - Address: 0x2260fac5e5542a773aa44fbcfedf7c193bc2c599, Type: TokenContract, Value: 0 ETH, Gas: 127.50 Gwei
[2m2025-12-10T10:11:28.411536Z[0m [34mDEBUG[0m [2methereum_transaction_pool_monitor::eth_client[0m[2m:[0m ✅ Transaction 0x9b96b96e33bafcbd7bee3085f5a5704353e8a0ef03fb1c420ffdae3a39a816f9 fetched and parsed in 5.199833ms
[2m2025-12-10T10:11:28.411541Z[0m [34mDEBUG[0m [2methereum_transaction_pool_monitor::mempool_monitor[0m[2m:[0m 🔍 Skipping tx 0x9b96b96e33bafcbd7bee3085f5a5704353e8a0ef03fb1c420ffdae3a39a816f9 - not a DEX interaction (target: 0x2260FAC5E5542a773Aa44fBCfeDf7C193bc2C599)
[2m2025-12-10T10:11:28.411548Z[0m [34mDEBUG[0m [2methereum_transaction_pool_monitor::mempool_monitor[0m[2m:[0m 📨 Processing new pending transaction: 0x30c585800f061f2d873e4c62cab852b63531c943bebca9b616e632b360887b38
[2m2025-12-10T10:11:28.411552Z[0m [34mDEBUG[0m [2methereum_transaction_pool_monitor::mempool_monitor[0m[2m:[0m 🔍 Fetching transaction details for: 0x30c585800f061f2d873e4c62cab852b63531c943bebca9b616e632b360887b38
[2m2025-12-10T10:11:28.411556Z[0m [34mDEBUG[0m [2methereum_transaction_pool_monitor::eth_client[0m[2m:[0m 🔍 Fetching transaction details for hash: 0x30c585800f061f2d873e4c62cab852b63531c943bebca9b616e632b360887b38
[2m2025-12-10T10:11:28.411562Z[0m [34mDEBUG[0m [2mhyper::client::pool[0m[2m:[0m reuse idle connection for ("http", 192.168.0.14:8545)
[2m2025-12-10T10:11:28.411575Z[0m [34mDEBUG[0m [2mhyper::proto::h1::io[0m[2m:[0m flushed 250 bytes
[2m2025-12-10T10:11:28.411582Z[0m [34mDEBUG[0m [2mhyper::proto::h1::io[0m[2m:[0m parsed 4 headers
[2m2025-12-10T10:11:28.411585Z[0m [34mDEBUG[0m [2mhyper::proto::h1::conn[0m[2m:[0m incoming body is content-length (45 bytes)
[2m2025-12-10T10:11:28.411589Z[0m [34mDEBUG[0m [2mhyper::proto::h1::conn[0m[2m:[0m incoming body completed
[2m2025-12-10T10:11:28.411594Z[0m [34mDEBUG[0m [2mhyper::client::pool[0m[2m:[0m pooling idle connection for ("http", 192.168.0.14:8545)
[2m2025-12-10T10:11:28.413559Z[0m [34mDEBUG[0m [2methereum_transaction_pool_monitor::eth_client[0m[2m:[0m 📨 Received WebSocket message: {"jsonrpc":"2.0","method":"eth_subscription","params":{"subscription":"0xbed0a0851463e895960a451075a301a9","result":"0x2a54b3787e55b3358c2c109a9586cd0f8c6aa68b95795300f1c6c57a142cceef"}}
[2m2025-12-10T10:11:28.413589Z[0m [34mDEBUG[0m [2methereum_transaction_pool_monitor::eth_client[0m[2m:[0m 📨 Received pending transaction: 0x2a54b3787e55b3358c2c109a9586cd0f8c6aa68b95795300f1c6c57a142cceef
[2m2025-12-10T10:11:28.420542Z[0m [34mDEBUG[0m [2mhyper::proto::h1::io[0m[2m:[0m parsed 4 headers
[2m2025-12-10T10:11:28.420562Z[0m [34mDEBUG[0m [2mhyper::proto::h1::conn[0m[2m:[0m incoming body is content-length (778 bytes)
[2m2025-12-10T10:11:28.420579Z[0m [34mDEBUG[0m [2mhyper::proto::h1::conn[0m[2m:[0m incoming body completed
[2m2025-12-10T10:11:28.420598Z[0m [34mDEBUG[0m [2mhyper::client::pool[0m[2m:[0m pooling idle connection for ("http", 192.168.0.14:8545)
[2m2025-12-10T10:11:28.420605Z[0m [34mDEBUG[0m [2methereum_transaction_pool_monitor::eth_client[0m[2m:[0m 📡 Transaction fetch RPC completed in 9.045167ms
[2m2025-12-10T10:11:28.420614Z[0m [34mDEBUG[0m [2methereum_transaction_pool_monitor::eth_client[0m[2m:[0m DeFi transaction detected - Address: 0xdac17f958d2ee523a2206206994597c13d831ec7, Type: Stablecoin, Value: 0 ETH, Gas: 127.50 Gwei
[2m2025-12-10T10:11:28.420635Z[0m [34mDEBUG[0m [2methereum_transaction_pool_monitor::eth_client[0m[2m:[0m ✅ Transaction 0x30c585800f061f2d873e4c62cab852b63531c943bebca9b616e632b360887b38 fetched and parsed in 9.074667ms
[2m2025-12-10T10:11:28.420639Z[0m [34mDEBUG[0m [2methereum_transaction_pool_monitor::mempool_monitor[0m[2m:[0m 🔍 Skipping tx 0x30c585800f061f2d873e4c62cab852b63531c943bebca9b616e632b360887b38 - not a DEX interaction (target: 0xdAC17F958D2ee523a2206206994597C13D831ec7)
[2m2025-12-10T10:11:28.420644Z[0m [34mDEBUG[0m [2methereum_transaction_pool_monitor::mempool_monitor[0m[2m:[0m 📨 Processing new pending transaction: 0xa919255ffb784b52e2b29bb200b9b0ab1eb621e5f023b80d6e61b095fdb682da
[2m2025-12-10T10:11:28.420648Z[0m [34mDEBUG[0m [2methereum_transaction_pool_monitor::mempool_monitor[0m[2m:[0m 🔍 Fetching transaction details for: 0xa919255ffb784b52e2b29bb200b9b0ab1eb621e5f023b80d6e61b095fdb682da
[2m2025-12-10T10:11:28.420652Z[0m [34mDEBUG[0m [2methereum_transaction_pool_monitor::eth_client[0m[2m:[0m 🔍 Fetching transaction details for hash: 0xa919255ffb784b52e2b29bb200b9b0ab1eb621e5f023b80d6e61b095fdb682da
[2m2025-12-10T10:11:28.420657Z[0m [34mDEBUG[0m [2mhyper::client::pool[0m[2m:[0m reuse idle connection for ("http", 192.168.0.14:8545)
[2m2025-12-10T10:11:28.420675Z[0m [34mDEBUG[0m [2mhyper::proto::h1::io[0m[2m:[0m flushed 250 bytes
[2m2025-12-10T10:11:28.427264Z[0m [34mDEBUG[0m [2mhyper::proto::h1::io[0m[2m:[0m parsed 4 headers
[2m2025-12-10T10:11:28.427288Z[0m [34mDEBUG[0m [2mhyper::proto::h1::conn[0m[2m:[0m incoming body is content-length (772 bytes)
[2m2025-12-10T10:11:28.427307Z[0m [34mDEBUG[0m [2mhyper::proto::h1::conn[0m[2m:[0m incoming body completed
[2m2025-12-10T10:11:28.427325Z[0m [34mDEBUG[0m [2mhyper::client::pool[0m[2m:[0m pooling idle connection for ("http", 192.168.0.14:8545)
[2m2025-12-10T10:11:28.427330Z[0m [34mDEBUG[0m [2methereum_transaction_pool_monitor::eth_client[0m[2m:[0m 📡 Transaction fetch RPC completed in 6.674625ms
[2m2025-12-10T10:11:28.427352Z[0m [34mDEBUG[0m [2methereum_transaction_pool_monitor::eth_client[0m[2m:[0m DeFi transaction detected - Address: 0xdac17f958d2ee523a2206206994597c13d831ec7, Type: Stablecoin, Value: 0 ETH, Gas: 0.72 Gwei
[2m2025-12-10T10:11:28.427361Z[0m [34mDEBUG[0m [2methereum_transaction_pool_monitor::eth_client[0m[2m:[0m ✅ Transaction 0xa919255ffb784b52e2b29bb200b9b0ab1eb621e5f023b80d6e61b095fdb682da fetched and parsed in 6.705833ms
[2m2025-12-10T10:11:28.427366Z[0m [34mDEBUG[0m [2methereum_transaction_pool_monitor::mempool_monitor[0m[2m:[0m 🔍 Skipping tx 0xa919255ffb784b52e2b29bb200b9b0ab1eb621e5f023b80d6e61b095fdb682da - not a DEX interaction (target: 0xdAC17F958D2ee523a2206206994597C13D831ec7)
[2m2025-12-10T10:11:28.427372Z[0m [34mDEBUG[0m [2methereum_transaction_pool_monitor::mempool_monitor[0m[2m:[0m 📨 Processing new pending transaction: 0x808690428283108eb155736d04f192b56ce649f049b0c72d03ace77cec45be98
[2m2025-12-10T10:11:28.427376Z[0m [34mDEBUG[0m [2methereum_transaction_pool_monitor::mempool_monitor[0m[2m:[0m 🔍 Fetching transaction details for: 0x808690428283108eb155736d04f192b56ce649f049b0c72d03ace77cec45be98
[2m2025-12-10T10:11:28.427379Z[0m [34mDEBUG[0m [2methereum_transaction_pool_monitor::eth_client[0m[2m:[0m 🔍 Fetching transaction details for hash: 0x808690428283108eb155736d04f192b56ce649f049b0c72d03ace77cec45be98
[2m2025-12-10T10:11:28.427386Z[0m [34mDEBUG[0m [2mhyper::client::pool[0m[2m:[0m reuse idle connection for ("http", 192.168.0.14:8545)
[2m2025-12-10T10:11:28.427399Z[0m [34mDEBUG[0m [2mhyper::proto::h1::io[0m[2m:[0m flushed 250 bytes
[2m2025-12-10T10:11:28.431775Z[0m [34mDEBUG[0m [2mhyper::proto::h1::io[0m[2m:[0m parsed 4 headers
[2m2025-12-10T10:11:28.431796Z[0m [34mDEBUG[0m [2mhyper::proto::h1::conn[0m[2m:[0m incoming body is content-length (770 bytes)
[2m2025-12-10T10:11:28.431813Z[0m [34mDEBUG[0m [2mhyper::proto::h1::conn[0m[2m:[0m incoming body completed
[2m2025-12-10T10:11:28.431832Z[0m [34mDEBUG[0m [2mhyper::client::pool[0m[2m:[0m pooling idle connection for ("http", 192.168.0.14:8545)
[2m2025-12-10T10:11:28.431843Z[0m [34mDEBUG[0m [2methereum_transaction_pool_monitor::eth_client[0m[2m:[0m 📡 Transaction fetch RPC completed in 4.460292ms
[2m2025-12-10T10:11:28.431864Z[0m [34mDEBUG[0m [2methereum_transaction_pool_monitor::eth_client[0m[2m:[0m DeFi transaction detected - Address: 0xdac17f958d2ee523a2206206994597c13d831ec7, Type: Stablecoin, Value: 0 ETH, Gas: 0.23 Gwei
[2m2025-12-10T10:11:28.432131Z[0m [34mDEBUG[0m [2methereum_transaction_pool_monitor::eth_client[0m[2m:[0m ✅ Transaction 0x808690428283108eb155736d04f192b56ce649f049b0c72d03ace77cec45be98 fetched and parsed in 4.747583ms
[2m2025-12-10T10:11:28.432137Z[0m [34mDEBUG[0m [2methereum_transaction_pool_monitor::mempool_monitor[0m[2m:[0m 🔍 Skipping tx 0x808690428283108eb155736d04f192b56ce649f049b0c72d03ace77cec45be98 - not a DEX interaction (target: 0xdAC17F958D2ee523a2206206994597C13D831ec7)
[2m2025-12-10T10:11:28.432141Z[0m [34mDEBUG[0m [2methereum_transaction_pool_monitor::mempool_monitor[0m[2m:[0m 📨 Processing new pending transaction: 0x2a54b3787e55b3358c2c109a9586cd0f8c6aa68b95795300f1c6c57a142cceef
[2m2025-12-10T10:11:28.432145Z[0m [34mDEBUG[0m [2methereum_transaction_pool_monitor::mempool_monitor[0m[2m:[0m 🔍 Fetching transaction details for: 0x2a54b3787e55b3358c2c109a9586cd0f8c6aa68b95795300f1c6c57a142cceef
[2m2025-12-10T10:11:28.432149Z[0m [34mDEBUG[0m [2methereum_transaction_pool_monitor::eth_client[0m[2m:[0m 🔍 Fetching transaction details for hash: 0x2a54b3787e55b3358c2c109a9586cd0f8c6aa68b95795300f1c6c57a142cceef
[2m2025-12-10T10:11:28.432155Z[0m [34mDEBUG[0m [2mhyper::client::pool[0m[2m:[0m reuse idle connection for ("http", 192.168.0.14:8545)
[2m2025-12-10T10:11:28.432165Z[0m [34mDEBUG[0m [2mhyper::proto::h1::io[0m[2m:[0m flushed 250 bytes
[2m2025-12-10T10:11:28.437105Z[0m [34mDEBUG[0m [2mhyper::proto::h1::io[0m[2m:[0m parsed 4 headers
[2m2025-12-10T10:11:28.437109Z[0m [34mDEBUG[0m [2mhyper::proto::h1::conn[0m[2m:[0m incoming body is content-length (554 bytes)
[2m2025-12-10T10:11:28.437113Z[0m [34mDEBUG[0m [2mhyper::proto::h1::conn[0m[2m:[0m incoming body completed
[2m2025-12-10T10:11:28.437118Z[0m [34mDEBUG[0m [2mhyper::client::pool[0m[2m:[0m pooling idle connection for ("http", 192.168.0.14:8545)
[2m2025-12-10T10:11:28.437122Z[0m [34mDEBUG[0m [2methereum_transaction_pool_monitor::eth_client[0m[2m:[0m 📡 Transaction fetch RPC completed in 4.969542ms
[2m2025-12-10T10:11:28.508779Z[0m [34mDEBUG[0m [2methereum_transaction_pool_monitor::eth_client[0m[2m:[0m ✅ Transaction 0x2a54b3787e55b3358c2c109a9586cd0f8c6aa68b95795300f1c6c57a142cceef fetched and parsed in 76.624209ms
[2m2025-12-10T10:11:28.508805Z[0m [34mDEBUG[0m [2methereum_transaction_pool_monitor::mempool_monitor[0m[2m:[0m 🔍 Skipping tx 0x2a54b3787e55b3358c2c109a9586cd0f8c6aa68b95795300f1c6c57a142cceef - not a DEX interaction (target: 0xCFFAd3200574698b78f32232aa9D63eABD290703)
[2m2025-12-10T10:11:28.508843Z[0m [34mDEBUG[0m [2mhyper::client::pool[0m[2m:[0m reuse idle connection for ("http", 192.168.0.14:8545)
[2m2025-12-10T10:11:28.508873Z[0m [34mDEBUG[0m [2mhyper::proto::h1::io[0m[2m:[0m flushed 172 bytes
[2m2025-12-10T10:11:28.508874Z[0m [34mDEBUG[0m [2methereum_transaction_pool_monitor::eth_client[0m[2m:[0m 📨 Received WebSocket message: {"jsonrpc":"2.0","method":"eth_subscription","params":{"subscription":"0xbed0a0851463e895960a451075a301a9","result":"0x9f270588070356042ee57b0e7682a6fe412710b781e1aa2b24aa30e5a6d9fe1c"}}
[2m2025-12-10T10:11:28.508894Z[0m [34mDEBUG[0m [2methereum_transaction_pool_monitor::eth_client[0m[2m:[0m 📨 Received pending transaction: 0x9f270588070356042ee57b0e7682a6fe412710b781e1aa2b24aa30e5a6d9fe1c
[2m2025-12-10T10:11:28.508902Z[0m [34mDEBUG[0m [2methereum_transaction_pool_monitor::mempool_monitor[0m[2m:[0m 📨 Processing new pending transaction: 0x9f270588070356042ee57b0e7682a6fe412710b781e1aa2b24aa30e5a6d9fe1c
[2m2025-12-10T10:11:28.508908Z[0m [34mDEBUG[0m [2methereum_transaction_pool_monitor::mempool_monitor[0m[2m:[0m 🔍 Fetching transaction details for: 0x9f270588070356042ee57b0e7682a6fe412710b781e1aa2b24aa30e5a6d9fe1c
[2m2025-12-10T10:11:28.508913Z[0m [34mDEBUG[0m [2methereum_transaction_pool_monitor::eth_client[0m[2m:[0m 🔍 Fetching transaction details for hash: 0x9f270588070356042ee57b0e7682a6fe412710b781e1aa2b24aa30e5a6d9fe1c
[2m2025-12-10T10:11:28.508924Z[0m [34mDEBUG[0m [2mhyper::client::pool[0m[2m:[0m reuse idle connection for ("http", 192.168.0.14:8545)
[2m2025-12-10T10:11:28.508935Z[0m [34mDEBUG[0m [2mhyper::proto::h1::io[0m[2m:[0m flushed 250 bytes
[2m2025-12-10T10:11:28.513554Z[0m [34mDEBUG[0m [2mhyper::proto::h1::io[0m[2m:[0m parsed 4 headers
[2m2025-12-10T10:11:28.513564Z[0m [34mDEBUG[0m [2mhyper::proto::h1::conn[0m[2m:[0m incoming body is content-length (45 bytes)
[2m2025-12-10T10:11:28.513573Z[0m [34mDEBUG[0m [2mhyper::proto::h1::conn[0m[2m:[0m incoming body completed
[2m2025-12-10T10:11:28.513583Z[0m [34mDEBUG[0m [2mhyper::client::pool[0m[2m:[0m pooling idle connection for ("http", 192.168.0.14:8545)
[2m2025-12-10T10:11:28.514396Z[0m [34mDEBUG[0m [2mhyper::proto::h1::io[0m[2m:[0m parsed 4 headers
[2m2025-12-10T10:11:28.514408Z[0m [34mDEBUG[0m [2mhyper::proto::h1::conn[0m[2m:[0m incoming body is content-length (658 bytes)
[2m2025-12-10T10:11:28.514417Z[0m [34mDEBUG[0m [2mhyper::proto::h1::conn[0m[2m:[0m incoming body completed
[2m2025-12-10T10:11:28.514425Z[0m [34mDEBUG[0m [2mhyper::client::pool[0m[2m:[0m pooling idle connection for ("http", 192.168.0.14:8545)
[2m2025-12-10T10:11:28.514431Z[0m [34mDEBUG[0m [2methereum_transaction_pool_monitor::eth_client[0m[2m:[0m 📡 Transaction fetch RPC completed in 5.5115ms
[2m2025-12-10T10:11:28.586182Z[0m [34mDEBUG[0m [2methereum_transaction_pool_monitor::eth_client[0m[2m:[0m ✅ Transaction 0x9f270588070356042ee57b0e7682a6fe412710b781e1aa2b24aa30e5a6d9fe1c fetched and parsed in 77.260334ms
[2m2025-12-10T10:11:28.586212Z[0m [34mDEBUG[0m [2methereum_transaction_pool_monitor::mempool_monitor[0m[2m:[0m 🔍 Skipping tx 0x9f270588070356042ee57b0e7682a6fe412710b781e1aa2b24aa30e5a6d9fe1c - not a DEX interaction (target: 0x05af76ce9DFa8e3CcFda0A46b0018354CD2F5898)
[2m2025-12-10T10:11:28.586257Z[0m [34mDEBUG[0m [2methereum_transaction_pool_monitor::eth_client[0m[2m:[0m 📨 Received WebSocket message: {"jsonrpc":"2.0","method":"eth_subscription","params":{"subscription":"0xbed0a0851463e895960a451075a301a9","result":"0xd8103e6f0b8c633f940747f5bfc2410ee9764d9d0826aa3a6ba9133116b4312c"}}
[2m2025-12-10T10:11:28.586270Z[0m [34mDEBUG[0m [2methereum_transaction_pool_monitor::eth_client[0m[2m:[0m 📨 Received pending transaction: 0xd8103e6f0b8c633f940747f5bfc2410ee9764d9d0826aa3a6ba9133116b4312c
[2m2025-12-10T10:11:28.586280Z[0m [34mDEBUG[0m [2methereum_transaction_pool_monitor::eth_client[0m[2m:[0m 📨 Received WebSocket message: {"jsonrpc":"2.0","method":"eth_subscription","params":{"subscription":"0xbed0a0851463e895960a451075a301a9","result":"0x2eec55f18819a84b5b1abac153d1ee43d18582dbbf28faff59994e5e1a7f4d93"}}
[2m2025-12-10T10:11:28.586290Z[0m [34mDEBUG[0m [2methereum_transaction_pool_monitor::eth_client[0m[2m:[0m 📨 Received pending transaction: 0x2eec55f18819a84b5b1abac153d1ee43d18582dbbf28faff59994e5e1a7f4d93
[2m2025-12-10T10:11:28.586300Z[0m [34mDEBUG[0m [2methereum_transaction_pool_monitor::mempool_monitor[0m[2m:[0m 📨 Processing new pending transaction: 0xd8103e6f0b8c633f940747f5bfc2410ee9764d9d0826aa3a6ba9133116b4312c
[2m2025-12-10T10:11:28.586312Z[0m [34mDEBUG[0m [2methereum_transaction_pool_monitor::mempool_monitor[0m[2m:[0m 🔍 Fetching transaction details for: 0xd8103e6f0b8c633f940747f5bfc2410ee9764d9d0826aa3a6ba9133116b4312c
[2m2025-12-10T10:11:28.586318Z[0m [34mDEBUG[0m [2methereum_transaction_pool_monitor::eth_client[0m[2m:[0m 🔍 Fetching transaction details for hash: 0xd8103e6f0b8c633f940747f5bfc2410ee9764d9d0826aa3a6ba9133116b4312c
[2m2025-12-10T10:11:28.586335Z[0m [34mDEBUG[0m [2mhyper::client::pool[0m[2m:[0m reuse idle connection for ("http", 192.168.0.14:8545)
[2m2025-12-10T10:11:28.586355Z[0m [34mDEBUG[0m [2mhyper::proto::h1::io[0m[2m:[0m flushed 250 bytes
[2m2025-12-10T10:11:28.595525Z[0m [34mDEBUG[0m [2mhyper::proto::h1::io[0m[2m:[0m parsed 4 headers
[2m2025-12-10T10:11:28.595537Z[0m [34mDEBUG[0m [2mhyper::proto::h1::conn[0m[2m:[0m incoming body is content-length (766 bytes)
[2m2025-12-10T10:11:28.595545Z[0m [34mDEBUG[0m [2mhyper::proto::h1::conn[0m[2m:[0m incoming body completed
[2m2025-12-10T10:11:28.595555Z[0m [34mDEBUG[0m [2mhyper::client::pool[0m[2m:[0m pooling idle connection for ("http", 192.168.0.14:8545)
[2m2025-12-10T10:11:28.595562Z[0m [34mDEBUG[0m [2methereum_transaction_pool_monitor::eth_client[0m[2m:[0m 📡 Transaction fetch RPC completed in 9.23975ms
[2m2025-12-10T10:11:28.595579Z[0m [34mDEBUG[0m [2methereum_transaction_pool_monitor::eth_client[0m[2m:[0m DeFi transaction detected - Address: 0xdac17f958d2ee523a2206206994597c13d831ec7, Type: Stablecoin, Value: 0 ETH, Gas: 0.30 Gwei
[2m2025-12-10T10:11:28.595592Z[0m [34mDEBUG[0m [2methereum_transaction_pool_monitor::eth_client[0m[2m:[0m ✅ Transaction 0xd8103e6f0b8c633f940747f5bfc2410ee9764d9d0826aa3a6ba9133116b4312c fetched and parsed in 9.269625ms
[2m2025-12-10T10:11:28.595599Z[0m [34mDEBUG[0m [2methereum_transaction_pool_monitor::mempool_monitor[0m[2m:[0m 🔍 Skipping tx 0xd8103e6f0b8c633f940747f5bfc2410ee9764d9d0826aa3a6ba9133116b4312c - not a DEX interaction (target: 0xdAC17F958D2ee523a2206206994597C13D831ec7)
[2m2025-12-10T10:11:28.595607Z[0m [34mDEBUG[0m [2methereum_transaction_pool_monitor::mempool_monitor[0m[2m:[0m 📨 Processing new pending transaction: 0x2eec55f18819a84b5b1abac153d1ee43d18582dbbf28faff59994e5e1a7f4d93
[2m2025-12-10T10:11:28.595611Z[0m [34mDEBUG[0m [2methereum_transaction_pool_monitor::mempool_monitor[0m[2m:[0m 🔍 Fetching transaction details for: 0x2eec55f18819a84b5b1abac153d1ee43d18582dbbf28faff59994e5e1a7f4d93
[2m2025-12-10T10:11:28.595615Z[0m [34mDEBUG[0m [2methereum_transaction_pool_monitor::eth_client[0m[2m:[0m 🔍 Fetching transaction details for hash: 0x2eec55f18819a84b5b1abac153d1ee43d18582dbbf28faff59994e5e1a7f4d93
[2m2025-12-10T10:11:28.595626Z[0m [34mDEBUG[0m [2mhyper::client::pool[0m[2m:[0m reuse idle connection for ("http", 192.168.0.14:8545)
[2m2025-12-10T10:11:28.595642Z[0m [34mDEBUG[0m [2mhyper::proto::h1::io[0m[2m:[0m flushed 250 bytes
[2m2025-12-10T10:11:28.598171Z[0m [34mDEBUG[0m [2mhyper::client::pool[0m[2m:[0m reuse idle connection for ("http", 192.168.0.14:8545)
[2m2025-12-10T10:11:28.598206Z[0m [34mDEBUG[0m [2mhyper::proto::h1::io[0m[2m:[0m flushed 172 bytes
[2m2025-12-10T10:11:28.607855Z[0m [34mDEBUG[0m [2mhyper::proto::h1::io[0m[2m:[0m parsed 4 headers
[2m2025-12-10T10:11:28.607864Z[0m [34mDEBUG[0m [2mhyper::proto::h1::conn[0m[2m:[0m incoming body is content-length (1731 bytes)
[2m2025-12-10T10:11:28.607871Z[0m [34mDEBUG[0m [2mhyper::proto::h1::conn[0m[2m:[0m incoming body completed
[2m2025-12-10T10:11:28.607880Z[0m [34mDEBUG[0m [2mhyper::client::pool[0m[2m:[0m pooling idle connection for ("http", 192.168.0.14:8545)
[2m2025-12-10T10:11:28.607886Z[0m [34mDEBUG[0m [2methereum_transaction_pool_monitor::eth_client[0m[2m:[0m 📡 Transaction fetch RPC completed in 12.266833ms
[2m2025-12-10T10:11:28.679843Z[0m [34mDEBUG[0m [2methereum_transaction_pool_monitor::eth_client[0m[2m:[0m ✅ Transaction 0x2eec55f18819a84b5b1abac153d1ee43d18582dbbf28faff59994e5e1a7f4d93 fetched and parsed in 84.22075ms
[2m2025-12-10T10:11:28.679869Z[0m [34mDEBUG[0m [2methereum_transaction_pool_monitor::mempool_monitor[0m[2m:[0m 🔍 Skipping tx 0x2eec55f18819a84b5b1abac153d1ee43d18582dbbf28faff59994e5e1a7f4d93 - not a DEX interaction (target: 0x601a2aD6CB5949f0529735254189Ba3194221EDF)
[2m2025-12-10T10:11:28.679896Z[0m [34mDEBUG[0m [2mhyper::proto::h1::io[0m[2m:[0m parsed 4 headers
[2m2025-12-10T10:11:28.679901Z[0m [34mDEBUG[0m [2mhyper::proto::h1::conn[0m[2m:[0m incoming body is content-length (45 bytes)
[2m2025-12-10T10:11:28.679909Z[0m [34mDEBUG[0m [2mhyper::proto::h1::conn[0m[2m:[0m incoming body completed
[2m2025-12-10T10:11:28.679918Z[0m [34mDEBUG[0m [2mhyper::client::pool[0m[2m:[0m pooling idle connection for ("http", 192.168.0.14:8545)
[2m2025-12-10T10:11:28.698865Z[0m [34mDEBUG[0m [2mhyper::client::pool[0m[2m:[0m reuse idle connection for ("http", 192.168.0.14:8545)
[2m2025-12-10T10:11:28.698967Z[0m [34mDEBUG[0m [2mhyper::proto::h1::io[0m[2m:[0m flushed 172 bytes
[2m2025-12-10T10:11:28.705832Z[0m [34mDEBUG[0m [2mhyper::proto::h1::io[0m[2m:[0m parsed 4 headers
[2m2025-12-10T10:11:28.705841Z[0m [34mDEBUG[0m [2mhyper::proto::h1::conn[0m[2m:[0m incoming body is content-length (45 bytes)
[2m2025-12-10T10:11:28.705848Z[0m [34mDEBUG[0m [2mhyper::proto::h1::conn[0m[2m:[0m incoming body completed
[2m2025-12-10T10:11:28.705856Z[0m [34mDEBUG[0m [2mhyper::client::pool[0m[2m:[0m pooling idle connection for ("http", 192.168.0.14:8545)
[2m2025-12-10T10:11:28.798928Z[0m [34mDEBUG[0m [2mhyper::client::pool[0m[2m:[0m reuse idle connection for ("http", 192.168.0.14:8545)
[2m2025-12-10T10:11:28.798980Z[0m [34mDEBUG[0m [2mhyper::proto::h1::io[0m[2m:[0m flushed 172 bytes
[2m2025-12-10T10:11:28.800693Z[0m [34mDEBUG[0m [2methereum_transaction_pool_monitor::eth_client[0m[2m:[0m 📨 Received WebSocket message: {"jsonrpc":"2.0","method":"eth_subscription","params":{"subscription":"0xbed0a0851463e895960a451075a301a9","result":"0xd5b78d7c87732ebd71107d9275896bc7ddaa0abf6d3b5f28197c975eb21b9459"}}
[2m2025-12-10T10:11:28.800705Z[0m [34mDEBUG[0m [2methereum_transaction_pool_monitor::eth_client[0m[2m:[0m 📨 Received pending transaction: 0xd5b78d7c87732ebd71107d9275896bc7ddaa0abf6d3b5f28197c975eb21b9459
[2m2025-12-10T10:11:28.800712Z[0m [34mDEBUG[0m [2methereum_transaction_pool_monitor::mempool_monitor[0m[2m:[0m 📨 Processing new pending transaction: 0xd5b78d7c87732ebd71107d9275896bc7ddaa0abf6d3b5f28197c975eb21b9459
[2m2025-12-10T10:11:28.800717Z[0m [34mDEBUG[0m [2methereum_transaction_pool_monitor::mempool_monitor[0m[2m:[0m 🔍 Fetching transaction details for: 0xd5b78d7c87732ebd71107d9275896bc7ddaa0abf6d3b5f28197c975eb21b9459
[2m2025-12-10T10:11:28.800721Z[0m [34mDEBUG[0m [2methereum_transaction_pool_monitor::eth_client[0m[2m:[0m 🔍 Fetching transaction details for hash: 0xd5b78d7c87732ebd71107d9275896bc7ddaa0abf6d3b5f28197c975eb21b9459
[2m2025-12-10T10:11:28.800733Z[0m [34mDEBUG[0m [2mhyper::client::pool[0m[2m:[0m reuse idle connection for ("http", 192.168.0.14:8545)
[2m2025-12-10T10:11:28.800749Z[0m [34mDEBUG[0m [2mhyper::proto::h1::io[0m[2m:[0m flushed 250 bytes
[2m2025-12-10T10:11:28.802103Z[0m [34mDEBUG[0m [2mhyper::proto::h1::io[0m[2m:[0m parsed 4 headers
[2m2025-12-10T10:11:28.802109Z[0m [34mDEBUG[0m [2mhyper::proto::h1::conn[0m[2m:[0m incoming body is content-length (45 bytes)
[2m2025-12-10T10:11:28.802115Z[0m [34mDEBUG[0m [2mhyper::proto::h1::conn[0m[2m:[0m incoming body completed
[2m2025-12-10T10:11:28.802123Z[0m [34mDEBUG[0m [2mhyper::client::pool[0m[2m:[0m pooling idle connection for ("http", 192.168.0.14:8545)
[2m2025-12-10T10:11:28.804509Z[0m [34mDEBUG[0m [2mhyper::proto::h1::io[0m[2m:[0m parsed 4 headers
[2m2025-12-10T10:11:28.804530Z[0m [34mDEBUG[0m [2mhyper::proto::h1::conn[0m[2m:[0m incoming body is content-length (553 bytes)
[2m2025-12-10T10:11:28.804548Z[0m [34mDEBUG[0m [2mhyper::proto::h1::conn[0m[2m:[0m incoming body completed
[2m2025-12-10T10:11:28.804557Z[0m [34mDEBUG[0m [2mhyper::client::pool[0m[2m:[0m pooling idle connection for ("http", 192.168.0.14:8545)
[2m2025-12-10T10:11:28.804576Z[0m [34mDEBUG[0m [2methereum_transaction_pool_monitor::eth_client[0m[2m:[0m 📡 Transaction fetch RPC completed in 3.850458ms
[2m2025-12-10T10:11:28.879675Z[0m [34mDEBUG[0m [2methereum_transaction_pool_monitor::eth_client[0m[2m:[0m ✅ Transaction 0xd5b78d7c87732ebd71107d9275896bc7ddaa0abf6d3b5f28197c975eb21b9459 fetched and parsed in 78.947167ms
[2m2025-12-10T10:11:28.879701Z[0m [34mDEBUG[0m [2methereum_transaction_pool_monitor::mempool_monitor[0m[2m:[0m 🔍 Skipping tx 0xd5b78d7c87732ebd71107d9275896bc7ddaa0abf6d3b5f28197c975eb21b9459 - not a DEX interaction (target: 0xA023f08c70A23aBc7EdFc5B6b5E171d78dFc947e)
[2m2025-12-10T10:11:28.879834Z[0m [34mDEBUG[0m [2methereum_transaction_pool_monitor::eth_client[0m[2m:[0m 📨 Received WebSocket message: {"jsonrpc":"2.0","method":"eth_subscription","params":{"subscription":"0xbed0a0851463e895960a451075a301a9","result":"0xda0e7d4973464e2e15d9d86b043267b8f78a0f7718511f50c20c5a0137d9da48"}}
[2m2025-12-10T10:11:28.879844Z[0m [34mDEBUG[0m [2methereum_transaction_pool_monitor::eth_client[0m[2m:[0m 📨 Received pending transaction: 0xda0e7d4973464e2e15d9d86b043267b8f78a0f7718511f50c20c5a0137d9da48
[2m2025-12-10T10:11:28.879851Z[0m [34mDEBUG[0m [2methereum_transaction_pool_monitor::mempool_monitor[0m[2m:[0m 📨 Processing new pending transaction: 0xda0e7d4973464e2e15d9d86b043267b8f78a0f7718511f50c20c5a0137d9da48
[2m2025-12-10T10:11:28.879858Z[0m [34mDEBUG[0m [2methereum_transaction_pool_monitor::mempool_monitor[0m[2m:[0m 🔍 Fetching transaction details for: 0xda0e7d4973464e2e15d9d86b043267b8f78a0f7718511f50c20c5a0137d9da48
[2m2025-12-10T10:11:28.879862Z[0m [34mDEBUG[0m [2methereum_transaction_pool_monitor::eth_client[0m[2m:[0m 🔍 Fetching transaction details for hash: 0xda0e7d4973464e2e15d9d86b043267b8f78a0f7718511f50c20c5a0137d9da48
[2m2025-12-10T10:11:28.879880Z[0m [34mDEBUG[0m [2mhyper::client::pool[0m[2m:[0m reuse idle connection for ("http", 192.168.0.14:8545)
[2m2025-12-10T10:11:28.879899Z[0m [34mDEBUG[0m [2mhyper::proto::h1::io[0m[2m:[0m flushed 250 bytes
[2m2025-12-10T10:11:28.886239Z[0m [34mDEBUG[0m [2mhyper::proto::h1::io[0m[2m:[0m parsed 4 headers
[2m2025-12-10T10:11:28.886249Z[0m [34mDEBUG[0m [2mhyper::proto::h1::conn[0m[2m:[0m incoming body is content-length (5254 bytes)
[2m2025-12-10T10:11:28.886257Z[0m [34mDEBUG[0m [2mhyper::proto::h1::conn[0m[2m:[0m incoming body completed
[2m2025-12-10T10:11:28.886266Z[0m [34mDEBUG[0m [2mhyper::client::pool[0m[2m:[0m pooling idle connection for ("http", 192.168.0.14:8545)
[2m2025-12-10T10:11:28.886273Z[0m [34mDEBUG[0m [2methereum_transaction_pool_monitor::eth_client[0m[2m:[0m 📡 Transaction fetch RPC completed in 6.406208ms
[2m2025-12-10T10:11:28.958493Z[0m [34mDEBUG[0m [2methereum_transaction_pool_monitor::eth_client[0m[2m:[0m ✅ Transaction 0xda0e7d4973464e2e15d9d86b043267b8f78a0f7718511f50c20c5a0137d9da48 fetched and parsed in 78.6235ms
[2m2025-12-10T10:11:28.958520Z[0m [34mDEBUG[0m [2methereum_transaction_pool_monitor::mempool_monitor[0m[2m:[0m 🔍 Skipping tx 0xda0e7d4973464e2e15d9d86b043267b8f78a0f7718511f50c20c5a0137d9da48 - not a DEX interaction (target: 0x5Dc428646BF9a29A4d623E0CDB57384E811f6F77)
[2m2025-12-10T10:11:28.958565Z[0m [34mDEBUG[0m [2mhyper::client::pool[0m[2m:[0m reuse idle connection for ("http", 192.168.0.14:8545)
[2m2025-12-10T10:11:28.958610Z[0m [34mDEBUG[0m [2mhyper::proto::h1::io[0m[2m:[0m flushed 172 bytes
[2m2025-12-10T10:11:28.961805Z[0m [34mDEBUG[0m [2mhyper::proto::h1::io[0m[2m:[0m parsed 4 headers
[2m2025-12-10T10:11:28.961827Z[0m [34mDEBUG[0m [2mhyper::proto::h1::conn[0m[2m:[0m incoming body is content-length (45 bytes)
[2m2025-12-10T10:11:28.961853Z[0m [34mDEBUG[0m [2mhyper::proto::h1::conn[0m[2m:[0m incoming body completed
[2m2025-12-10T10:11:28.961864Z[0m [34mDEBUG[0m [2mhyper::client::pool[0m[2m:[0m pooling idle connection for ("http", 192.168.0.14:8545)
[2m2025-12-10T10:11:28.994598Z[0m [34mDEBUG[0m [2methereum_transaction_pool_monitor::eth_client[0m[2m:[0m 📨 Received WebSocket message: {"jsonrpc":"2.0","method":"eth_subscription","params":{"subscription":"0xbed0a0851463e895960a451075a301a9","result":"0x283d194809fe0266ecb26b4b53b16f78edf83158feb9af2d408f837b261f8853"}}
[2m2025-12-10T10:11:28.994617Z[0m [34mDEBUG[0m [2methereum_transaction_pool_monitor::eth_client[0m[2m:[0m 📨 Received pending transaction: 0x283d194809fe0266ecb26b4b53b16f78edf83158feb9af2d408f837b261f8853
[2m2025-12-10T10:11:28.994627Z[0m [34mDEBUG[0m [2methereum_transaction_pool_monitor::mempool_monitor[0m[2m:[0m 📨 Processing new pending transaction: 0x283d194809fe0266ecb26b4b53b16f78edf83158feb9af2d408f837b261f8853
[2m2025-12-10T10:11:28.994632Z[0m [34mDEBUG[0m [2methereum_transaction_pool_monitor::mempool_monitor[0m[2m:[0m 🔍 Fetching transaction details for: 0x283d194809fe0266ecb26b4b53b16f78edf83158feb9af2d408f837b261f8853
[2m2025-12-10T10:11:28.994637Z[0m [34mDEBUG[0m [2methereum_transaction_pool_monitor::eth_client[0m[2m:[0m 🔍 Fetching transaction details for hash: 0x283d194809fe0266ecb26b4b53b16f78edf83158feb9af2d408f837b261f8853
[2m2025-12-10T10:11:28.994661Z[0m [34mDEBUG[0m [2mhyper::client::pool[0m[2m:[0m reuse idle connection for ("http", 192.168.0.14:8545)
[2m2025-12-10T10:11:28.994679Z[0m [34mDEBUG[0m [2mhyper::proto::h1::io[0m[2m:[0m flushed 250 bytes
[2m2025-12-10T10:11:28.998446Z[0m [34mDEBUG[0m [2mhyper::client::pool[0m[2m:[0m reuse idle connection for ("http", 192.168.0.14:8545)
[2m2025-12-10T10:11:28.998467Z[0m [34mDEBUG[0m [2mhyper::proto::h1::io[0m[2m:[0m flushed 172 bytes
[2m2025-12-10T10:11:29.001195Z[0m [34mDEBUG[0m [2mhyper::proto::h1::io[0m[2m:[0m parsed 4 headers
[2m2025-12-10T10:11:29.001208Z[0m [34mDEBUG[0m [2mhyper::proto::h1::conn[0m[2m:[0m incoming body is content-length (45 bytes)
[2m2025-12-10T10:11:29.001215Z[0m [34mDEBUG[0m [2mhyper::proto::h1::conn[0m[2m:[0m incoming body completed
[2m2025-12-10T10:11:29.001224Z[0m [34mDEBUG[0m [2mhyper::client::pool[0m[2m:[0m pooling idle connection for ("http", 192.168.0.14:8545)
[2m2025-12-10T10:11:29.002885Z[0m [34mDEBUG[0m [2mhyper::proto::h1::io[0m[2m:[0m parsed 4 headers
[2m2025-12-10T10:11:29.002892Z[0m [34mDEBUG[0m [2mhyper::proto::h1::conn[0m[2m:[0m incoming body is content-length (780 bytes)
[2m2025-12-10T10:11:29.002898Z[0m [34mDEBUG[0m [2mhyper::proto::h1::conn[0m[2m:[0m incoming body completed
[2m2025-12-10T10:11:29.002904Z[0m [34mDEBUG[0m [2mhyper::client::pool[0m[2m:[0m pooling idle connection for ("http", 192.168.0.14:8545)
[2m2025-12-10T10:11:29.002910Z[0m [34mDEBUG[0m [2methereum_transaction_pool_monitor::eth_client[0m[2m:[0m 📡 Transaction fetch RPC completed in 8.269ms
[2m2025-12-10T10:11:29.002923Z[0m [34mDEBUG[0m [2methereum_transaction_pool_monitor::eth_client[0m[2m:[0m DeFi transaction detected - Address: 0xdac17f958d2ee523a2206206994597c13d831ec7, Type: Stablecoin, Value: 0 ETH, Gas: 501.00 Gwei
[2m2025-12-10T10:11:29.002934Z[0m [34mDEBUG[0m [2methereum_transaction_pool_monitor::eth_client[0m[2m:[0m ✅ Transaction 0x283d194809fe0266ecb26b4b53b16f78edf83158feb9af2d408f837b261f8853 fetched and parsed in 8.293542ms
[2m2025-12-10T10:11:29.002941Z[0m [34mDEBUG[0m [2methereum_transaction_pool_monitor::mempool_monitor[0m[2m:[0m 🔍 Skipping tx 0x283d194809fe0266ecb26b4b53b16f78edf83158feb9af2d408f837b261f8853 - not a DEX interaction (target: 0xdAC17F958D2ee523a2206206994597C13D831ec7)
[2m2025-12-10T10:11:29.039195Z[0m [34mDEBUG[0m [2methereum_transaction_pool_monitor::eth_client[0m[2m:[0m 📨 Received WebSocket message: {"jsonrpc":"2.0","method":"eth_subscription","params":{"subscription":"0xbed0a0851463e895960a451075a301a9","result":"0xf4804b2d56c2ab8b193ba5345cff97c333d16e5a43d01562ffe2a8550a10c417"}}
[2m2025-12-10T10:11:29.039226Z[0m [34mDEBUG[0m [2methereum_transaction_pool_monitor::eth_client[0m[2m:[0m 📨 Received pending transaction: 0xf4804b2d56c2ab8b193ba5345cff97c333d16e5a43d01562ffe2a8550a10c417
[2m2025-12-10T10:11:29.039236Z[0m [34mDEBUG[0m [2methereum_transaction_pool_monitor::mempool_monitor[0m[2m:[0m 📨 Processing new pending transaction: 0xf4804b2d56c2ab8b193ba5345cff97c333d16e5a43d01562ffe2a8550a10c417
[2m2025-12-10T10:11:29.039248Z[0m [34mDEBUG[0m [2methereum_transaction_pool_monitor::mempool_monitor[0m[2m:[0m 🔍 Fetching transaction details for: 0xf4804b2d56c2ab8b193ba5345cff97c333d16e5a43d01562ffe2a8550a10c417
[2m2025-12-10T10:11:29.039255Z[0m [34mDEBUG[0m [2methereum_transaction_pool_monitor::eth_client[0m[2m:[0m 🔍 Fetching transaction details for hash: 0xf4804b2d56c2ab8b193ba5345cff97c333d16e5a43d01562ffe2a8550a10c417
[2m2025-12-10T10:11:29.039276Z[0m [34mDEBUG[0m [2mhyper::client::pool[0m[2m:[0m reuse idle connection for ("http", 192.168.0.14:8545)
[2m2025-12-10T10:11:29.039303Z[0m [34mDEBUG[0m [2mhyper::proto::h1::io[0m[2m:[0m flushed 250 bytes
[2m2025-12-10T10:11:29.047166Z[0m [34mDEBUG[0m [2mhyper::proto::h1::io[0m[2m:[0m parsed 4 headers
[2m2025-12-10T10:11:29.047179Z[0m [34mDEBUG[0m [2mhyper::proto::h1::conn[0m[2m:[0m incoming body is content-length (771 bytes)
[2m2025-12-10T10:11:29.047188Z[0m [34mDEBUG[0m [2mhyper::proto::h1::conn[0m[2m:[0m incoming body completed
[2m2025-12-10T10:11:29.047201Z[0m [34mDEBUG[0m [2mhyper::client::pool[0m[2m:[0m pooling idle connection for ("http", 192.168.0.14:8545)
[2m2025-12-10T10:11:29.047210Z[0m [34mDEBUG[0m [2methereum_transaction_pool_monitor::eth_client[0m[2m:[0m 📡 Transaction fetch RPC completed in 7.94825ms
[2m2025-12-10T10:11:29.121138Z[0m [34mDEBUG[0m [2methereum_transaction_pool_monitor::eth_client[0m[2m:[0m ✅ Transaction 0xf4804b2d56c2ab8b193ba5345cff97c333d16e5a43d01562ffe2a8550a10c417 fetched and parsed in 81.874084ms
[2m2025-12-10T10:11:29.121164Z[0m [34mDEBUG[0m [2methereum_transaction_pool_monitor::mempool_monitor[0m[2m:[0m 🔍 Skipping tx 0xf4804b2d56c2ab8b193ba5345cff97c333d16e5a43d01562ffe2a8550a10c417 - not a DEX interaction (target: 0xacA92E438df0B2401fF60dA7E4337B687a2435DA)
[2m2025-12-10T10:11:29.121200Z[0m [34mDEBUG[0m [2mhyper::client::pool[0m[2m:[0m reuse idle connection for ("http", 192.168.0.14:8545)
[2m2025-12-10T10:11:29.121236Z[0m [34mDEBUG[0m [2mhyper::proto::h1::io[0m[2m:[0m flushed 172 bytes
[2m2025-12-10T10:11:29.121244Z[0m [34mDEBUG[0m [2methereum_transaction_pool_monitor::eth_client[0m[2m:[0m 📨 Received WebSocket message: {"jsonrpc":"2.0","method":"eth_subscription","params":{"subscription":"0xbed0a0851463e895960a451075a301a9","result":"0x8aa7680f6072e206b83bcfbd1e5e24826f7f4cfbe85ae4e8cbb0bb32b811e683"}}
[2m2025-12-10T10:11:29.121254Z[0m [34mDEBUG[0m [2methereum_transaction_pool_monitor::eth_client[0m[2m:[0m 📨 Received pending transaction: 0x8aa7680f6072e206b83bcfbd1e5e24826f7f4cfbe85ae4e8cbb0bb32b811e683
[2m2025-12-10T10:11:29.121261Z[0m [34mDEBUG[0m [2methereum_transaction_pool_monitor::mempool_monitor[0m[2m:[0m 📨 Processing new pending transaction: 0x8aa7680f6072e206b83bcfbd1e5e24826f7f4cfbe85ae4e8cbb0bb32b811e683
[2m2025-12-10T10:11:29.121266Z[0m [34mDEBUG[0m [2methereum_transaction_pool_monitor::mempool_monitor[0m[2m:[0m 🔍 Fetching transaction details for: 0x8aa7680f6072e206b83bcfbd1e5e24826f7f4cfbe85ae4e8cbb0bb32b811e683
[2m2025-12-10T10:11:29.121270Z[0m [34mDEBUG[0m [2methereum_transaction_pool_monitor::eth_client[0m[2m:[0m 🔍 Fetching transaction details for hash: 0x8aa7680f6072e206b83bcfbd1e5e24826f7f4cfbe85ae4e8cbb0bb32b811e683
[2m2025-12-10T10:11:29.121280Z[0m [34mDEBUG[0m [2mhyper::client::pool[0m[2m:[0m reuse idle connection for ("http", 192.168.0.14:8545)
[2m2025-12-10T10:11:29.121298Z[0m [34mDEBUG[0m [2mhyper::proto::h1::io[0m[2m:[0m flushed 250 bytes
[2m2025-12-10T10:11:29.125166Z[0m [34mDEBUG[0m [2mhyper::proto::h1::io[0m[2m:[0m parsed 4 headers
[2m2025-12-10T10:11:29.125178Z[0m [34mDEBUG[0m [2mhyper::proto::h1::conn[0m[2m:[0m incoming body is content-length (45 bytes)
[2m2025-12-10T10:11:29.125184Z[0m [34mDEBUG[0m [2mhyper::proto::h1::conn[0m[2m:[0m incoming body completed
[2m2025-12-10T10:11:29.125193Z[0m [34mDEBUG[0m [2mhyper::client::pool[0m[2m:[0m pooling idle connection for ("http", 192.168.0.14:8545)
[2m2025-12-10T10:11:29.129477Z[0m [34mDEBUG[0m [2mhyper::proto::h1::io[0m[2m:[0m parsed 4 headers
[2m2025-12-10T10:11:29.129490Z[0m [34mDEBUG[0m [2mhyper::proto::h1::conn[0m[2m:[0m incoming body is content-length (830 bytes)
[2m2025-12-10T10:11:29.129496Z[0m [34mDEBUG[0m [2mhyper::proto::h1::conn[0m[2m:[0m incoming body completed
[2m2025-12-10T10:11:29.129505Z[0m [34mDEBUG[0m [2mhyper::client::pool[0m[2m:[0m pooling idle connection for ("http", 192.168.0.14:8545)
[2m2025-12-10T10:11:29.129510Z[0m [34mDEBUG[0m [2methereum_transaction_pool_monitor::eth_client[0m[2m:[0m 📡 Transaction fetch RPC completed in 8.234833ms
[2m2025-12-10T10:11:29.196434Z[0m [34mDEBUG[0m [2methereum_transaction_pool_monitor::eth_client[0m[2m:[0m ✅ Transaction 0x8aa7680f6072e206b83bcfbd1e5e24826f7f4cfbe85ae4e8cbb0bb32b811e683 fetched and parsed in 75.155458ms
[2m2025-12-10T10:11:29.196656Z[0m [34mDEBUG[0m [2methereum_transaction_pool_monitor::mempool_monitor[0m[2m:[0m 🔍 Skipping tx 0x8aa7680f6072e206b83bcfbd1e5e24826f7f4cfbe85ae4e8cbb0bb32b811e683 - not a DEX interaction (target: 0x3B4D794a66304F130a4Db8F2551B0070dfCf5ca7)
[2m2025-12-10T10:11:29.197960Z[0m [34mDEBUG[0m [2mhyper::client::pool[0m[2m:[0m reuse idle connection for ("http", 192.168.0.14:8545)
[2m2025-12-10T10:11:29.197993Z[0m [34mDEBUG[0m [2mhyper::proto::h1::io[0m[2m:[0m flushed 172 bytes
[2m2025-12-10T10:11:29.201438Z[0m [34mDEBUG[0m [2mhyper::proto::h1::io[0m[2m:[0m parsed 4 headers
[2m2025-12-10T10:11:29.201448Z[0m [34mDEBUG[0m [2mhyper::proto::h1::conn[0m[2m:[0m incoming body is content-length (45 bytes)
[2m2025-12-10T10:11:29.201455Z[0m [34mDEBUG[0m [2mhyper::proto::h1::conn[0m[2m:[0m incoming body completed
[2m2025-12-10T10:11:29.201463Z[0m [34mDEBUG[0m [2mhyper::client::pool[0m[2m:[0m pooling idle connection for ("http", 192.168.0.14:8545)
[2m2025-12-10T10:11:29.210856Z[0m [34mDEBUG[0m [2methereum_transaction_pool_monitor::eth_client[0m[2m:[0m 📨 Received WebSocket message: {"jsonrpc":"2.0","method":"eth_subscription","params":{"subscription":"0xbed0a0851463e895960a451075a301a9","result":"0x9992d84c9eaee0e46edac7a1c1c41924c34c05a2a23142c613bbbaece4b8bca8"}}
[2m2025-12-10T10:11:29.210870Z[0m [34mDEBUG[0m [2methereum_transaction_pool_monitor::eth_client[0m[2m:[0m 📨 Received pending transaction: 0x9992d84c9eaee0e46edac7a1c1c41924c34c05a2a23142c613bbbaece4b8bca8
[2m2025-12-10T10:11:29.210878Z[0m [34mDEBUG[0m [2methereum_transaction_pool_monitor::mempool_monitor[0m[2m:[0m 📨 Processing new pending transaction: 0x9992d84c9eaee0e46edac7a1c1c41924c34c05a2a23142c613bbbaece4b8bca8
[2m2025-12-10T10:11:29.210883Z[0m [34mDEBUG[0m [2methereum_transaction_pool_monitor::mempool_monitor[0m[2m:[0m 🔍 Fetching transaction details for: 0x9992d84c9eaee0e46edac7a1c1c41924c34c05a2a23142c613bbbaece4b8bca8
[2m2025-12-10T10:11:29.210887Z[0m [34mDEBUG[0m [2methereum_transaction_pool_monitor::eth_client[0m[2m:[0m 🔍 Fetching transaction details for hash: 0x9992d84c9eaee0e46edac7a1c1c41924c34c05a2a23142c613bbbaece4b8bca8
[2m2025-12-10T10:11:29.210902Z[0m [34mDEBUG[0m [2mhyper::client::pool[0m[2m:[0m reuse idle connection for ("http", 192.168.0.14:8545)
[2m2025-12-10T10:11:29.210920Z[0m [34mDEBUG[0m [2mhyper::proto::h1::io[0m[2m:[0m flushed 250 bytes
[2m2025-12-10T10:11:29.218704Z[0m [34mDEBUG[0m [2mhyper::proto::h1::io[0m[2m:[0m parsed 4 headers
[2m2025-12-10T10:11:29.218718Z[0m [34mDEBUG[0m [2mhyper::proto::h1::conn[0m[2m:[0m incoming body is content-length (548 bytes)
[2m2025-12-10T10:11:29.218725Z[0m [34mDEBUG[0m [2mhyper::proto::h1::conn[0m[2m:[0m incoming body completed
[2m2025-12-10T10:11:29.218733Z[0m [34mDEBUG[0m [2mhyper::client::pool[0m[2m:[0m pooling idle connection for ("http", 192.168.0.14:8545)
[2m2025-12-10T10:11:29.218739Z[0m [34mDEBUG[0m [2methereum_transaction_pool_monitor::eth_client[0m[2m:[0m 📡 Transaction fetch RPC completed in 7.848459ms
[2m2025-12-10T10:11:29.290138Z[0m [34mDEBUG[0m [2methereum_transaction_pool_monitor::eth_client[0m[2m:[0m ✅ Transaction 0x9992d84c9eaee0e46edac7a1c1c41924c34c05a2a23142c613bbbaece4b8bca8 fetched and parsed in 79.244959ms
[2m2025-12-10T10:11:29.290166Z[0m [34mDEBUG[0m [2methereum_transaction_pool_monitor::mempool_monitor[0m[2m:[0m 🔍 Skipping tx 0x9992d84c9eaee0e46edac7a1c1c41924c34c05a2a23142c613bbbaece4b8bca8 - not a DEX interaction (target: 0x3Ad80458D58fb3a779Ba0779F83203a4Cf4a49d8)
[2m2025-12-10T10:11:29.299242Z[0m [34mDEBUG[0m [2mhyper::client::pool[0m[2m:[0m reuse idle connection for ("http", 192.168.0.14:8545)
[2m2025-12-10T10:11:29.299280Z[0m [34mDEBUG[0m [2mhyper::proto::h1::io[0m[2m:[0m flushed 172 bytes
[2m2025-12-10T10:11:29.302444Z[0m [34mDEBUG[0m [2mhyper::proto::h1::io[0m[2m:[0m parsed 4 headers
[2m2025-12-10T10:11:29.302452Z[0m [34mDEBUG[0m [2mhyper::proto::h1::conn[0m[2m:[0m incoming body is content-length (45 bytes)
[2m2025-12-10T10:11:29.302459Z[0m [34mDEBUG[0m [2mhyper::proto::h1::conn[0m[2m:[0m incoming body completed
[2m2025-12-10T10:11:29.302467Z[0m [34mDEBUG[0m [2mhyper::client::pool[0m[2m:[0m pooling idle connection for ("http", 192.168.0.14:8545)
[2m2025-12-10T10:11:29.312011Z[0m [34mDEBUG[0m [2methereum_transaction_pool_monitor::eth_client[0m[2m:[0m 📨 Received WebSocket message: {"jsonrpc":"2.0","method":"eth_subscription","params":{"subscription":"0xbed0a0851463e895960a451075a301a9","result":"0xf800b20dee4f126287610bf76b6dd7ea56d22fe8f410243e7d0b350f0d62ab1e"}}
[2m2025-12-10T10:11:29.312021Z[0m [34mDEBUG[0m [2methereum_transaction_pool_monitor::eth_client[0m[2m:[0m 📨 Received pending transaction: 0xf800b20dee4f126287610bf76b6dd7ea56d22fe8f410243e7d0b350f0d62ab1e
[2m2025-12-10T10:11:29.312029Z[0m [34mDEBUG[0m [2methereum_transaction_pool_monitor::mempool_monitor[0m[2m:[0m 📨 Processing new pending transaction: 0xf800b20dee4f126287610bf76b6dd7ea56d22fe8f410243e7d0b350f0d62ab1e
[2m2025-12-10T10:11:29.312033Z[0m [34mDEBUG[0m [2methereum_transaction_pool_monitor::mempool_monitor[0m[2m:[0m 🔍 Fetching transaction details for: 0xf800b20dee4f126287610bf76b6dd7ea56d22fe8f410243e7d0b350f0d62ab1e
[2m2025-12-10T10:11:29.312037Z[0m [34mDEBUG[0m [2methereum_transaction_pool_monitor::eth_client[0m[2m:[0m 🔍 Fetching transaction details for hash: 0xf800b20dee4f126287610bf76b6dd7ea56d22fe8f410243e7d0b350f0d62ab1e
[2m2025-12-10T10:11:29.312051Z[0m [34mDEBUG[0m [2mhyper::client::pool[0m[2m:[0m reuse idle connection for ("http", 192.168.0.14:8545)
[2m2025-12-10T10:11:29.312070Z[0m [34mDEBUG[0m [2mhyper::proto::h1::io[0m[2m:[0m flushed 250 bytes
[2m2025-12-10T10:11:29.316604Z[0m [34mDEBUG[0m [2mhyper::proto::h1::io[0m[2m:[0m parsed 4 headers
[2m2025-12-10T10:11:29.316611Z[0m [34mDEBUG[0m [2mhyper::proto::h1::conn[0m[2m:[0m incoming body is content-length (648 bytes)
[2m2025-12-10T10:11:29.316616Z[0m [34mDEBUG[0m [2mhyper::proto::h1::conn[0m[2m:[0m incoming body completed
[2m2025-12-10T10:11:29.316623Z[0m [34mDEBUG[0m [2mhyper::client::pool[0m[2m:[0m pooling idle connection for ("http", 192.168.0.14:8545)
[2m2025-12-10T10:11:29.316629Z[0m [34mDEBUG[0m [2methereum_transaction_pool_monitor::eth_client[0m[2m:[0m 📡 Transaction fetch RPC completed in 4.587542ms
[2m2025-12-10T10:11:29.388196Z[0m [34mDEBUG[0m [2methereum_transaction_pool_monitor::eth_client[0m[2m:[0m ✅ Transaction 0xf800b20dee4f126287610bf76b6dd7ea56d22fe8f410243e7d0b350f0d62ab1e fetched and parsed in 76.151667ms
[2m2025-12-10T10:11:29.388224Z[0m [34mDEBUG[0m [2methereum_transaction_pool_monitor::mempool_monitor[0m[2m:[0m 🔍 Skipping tx 0xf800b20dee4f126287610bf76b6dd7ea56d22fe8f410243e7d0b350f0d62ab1e - not a DEX interaction (target: 0xC5D8a4e58b37BC134Ed6DE6a078d16d7085Db257)
[2m2025-12-10T10:11:29.388273Z[0m [34mDEBUG[0m [2methereum_transaction_pool_monitor::eth_client[0m[2m:[0m 📨 Received WebSocket message: {"jsonrpc":"2.0","method":"eth_subscription","params":{"subscription":"0xbed0a0851463e895960a451075a301a9","result":"0xeaf8a5996dbe8de4ec2d7530f495b11725e7b1eac31616d87a83043786611822"}}
[2m2025-12-10T10:11:29.388284Z[0m [34mDEBUG[0m [2methereum_transaction_pool_monitor::eth_client[0m[2m:[0m 📨 Received pending transaction: 0xeaf8a5996dbe8de4ec2d7530f495b11725e7b1eac31616d87a83043786611822
[2m2025-12-10T10:11:29.388292Z[0m [34mDEBUG[0m [2methereum_transaction_pool_monitor::mempool_monitor[0m[2m:[0m 📨 Processing new pending transaction: 0xeaf8a5996dbe8de4ec2d7530f495b11725e7b1eac31616d87a83043786611822
[2m2025-12-10T10:11:29.388299Z[0m [34mDEBUG[0m [2methereum_transaction_pool_monitor::mempool_monitor[0m[2m:[0m 🔍 Fetching transaction details for: 0xeaf8a5996dbe8de4ec2d7530f495b11725e7b1eac31616d87a83043786611822
[2m2025-12-10T10:11:29.388304Z[0m [34mDEBUG[0m [2methereum_transaction_pool_monitor::eth_client[0m[2m:[0m 🔍 Fetching transaction details for hash: 0xeaf8a5996dbe8de4ec2d7530f495b11725e7b1eac31616d87a83043786611822
[2m2025-12-10T10:11:29.388324Z[0m [34mDEBUG[0m [2mhyper::client::pool[0m[2m:[0m reuse idle connection for ("http", 192.168.0.14:8545)
[2m2025-12-10T10:11:29.388347Z[0m [34mDEBUG[0m [2mhyper::proto::h1::io[0m[2m:[0m flushed 250 bytes
[2m2025-12-10T10:11:29.393486Z[0m [34mDEBUG[0m [2mhyper::proto::h1::io[0m[2m:[0m parsed 4 headers
[2m2025-12-10T10:11:29.393495Z[0m [34mDEBUG[0m [2mhyper::proto::h1::conn[0m[2m:[0m incoming body is content-length (644 bytes)
[2m2025-12-10T10:11:29.393503Z[0m [34mDEBUG[0m [2mhyper::proto::h1::conn[0m[2m:[0m incoming body completed
[2m2025-12-10T10:11:29.393512Z[0m [34mDEBUG[0m [2mhyper::client::pool[0m[2m:[0m pooling idle connection for ("http", 192.168.0.14:8545)
[2m2025-12-10T10:11:29.393518Z[0m [34mDEBUG[0m [2methereum_transaction_pool_monitor::eth_client[0m[2m:[0m 📡 Transaction fetch RPC completed in 5.20875ms
[2m2025-12-10T10:11:29.463702Z[0m [34mDEBUG[0m [2methereum_transaction_pool_monitor::eth_client[0m[2m:[0m ✅ Transaction 0xeaf8a5996dbe8de4ec2d7530f495b11725e7b1eac31616d87a83043786611822 fetched and parsed in 75.389333ms
[2m2025-12-10T10:11:29.463733Z[0m [34mDEBUG[0m [2methereum_transaction_pool_monitor::mempool_monitor[0m[2m:[0m 🔍 Skipping tx 0xeaf8a5996dbe8de4ec2d7530f495b11725e7b1eac31616d87a83043786611822 - not a DEX interaction (target: 0x17E5545B11b468072283Cee1F066a059Fb0dbF24)
[2m2025-12-10T10:11:29.463769Z[0m [34mDEBUG[0m [2mhyper::client::pool[0m[2m:[0m reuse idle connection for ("http", 192.168.0.14:8545)
[2m2025-12-10T10:11:29.463794Z[0m [34mDEBUG[0m [2mhyper::proto::h1::io[0m[2m:[0m flushed 172 bytes
[2m2025-12-10T10:11:29.463795Z[0m [34mDEBUG[0m [2methereum_transaction_pool_monitor::eth_client[0m[2m:[0m 📨 Received WebSocket message: {"jsonrpc":"2.0","method":"eth_subscription","params":{"subscription":"0xbed0a0851463e895960a451075a301a9","result":"0x0fc0b8c96e5a8cb229be9952d9a9556576ffef2fec3f398653723008652ee86c"}}
[2m2025-12-10T10:11:29.463835Z[0m [34mDEBUG[0m [2methereum_transaction_pool_monitor::eth_client[0m[2m:[0m 📨 Received pending transaction: 0x0fc0b8c96e5a8cb229be9952d9a9556576ffef2fec3f398653723008652ee86c
[2m2025-12-10T10:11:29.463842Z[0m [34mDEBUG[0m [2methereum_transaction_pool_monitor::eth_client[0m[2m:[0m 📨 Received WebSocket message: {"jsonrpc":"2.0","method":"eth_subscription","params":{"subscription":"0xbed0a0851463e895960a451075a301a9","result":"0x45213ee050ac704c7a9407a0b7e30f02c0281f3e3734321d6e03b4c27700b75a"}}
[2m2025-12-10T10:11:29.463848Z[0m [34mDEBUG[0m [2methereum_transaction_pool_monitor::eth_client[0m[2m:[0m 📨 Received pending transaction: 0x45213ee050ac704c7a9407a0b7e30f02c0281f3e3734321d6e03b4c27700b75a
[2m2025-12-10T10:11:29.463855Z[0m [34mDEBUG[0m [2methereum_transaction_pool_monitor::mempool_monitor[0m[2m:[0m 📨 Processing new pending transaction: 0x0fc0b8c96e5a8cb229be9952d9a9556576ffef2fec3f398653723008652ee86c
[2m2025-12-10T10:11:29.463883Z[0m [34mDEBUG[0m [2methereum_transaction_pool_monitor::mempool_monitor[0m[2m:[0m 🔍 Fetching transaction details for: 0x0fc0b8c96e5a8cb229be9952d9a9556576ffef2fec3f398653723008652ee86c
[2m2025-12-10T10:11:29.463888Z[0m [34mDEBUG[0m [2methereum_transaction_pool_monitor::eth_client[0m[2m:[0m 🔍 Fetching transaction details for hash: 0x0fc0b8c96e5a8cb229be9952d9a9556576ffef2fec3f398653723008652ee86c
[2m2025-12-10T10:11:29.463897Z[0m [34mDEBUG[0m [2mhyper::client::pool[0m[2m:[0m reuse idle connection for ("http", 192.168.0.14:8545)
[2m2025-12-10T10:11:29.463909Z[0m [34mDEBUG[0m [2mhyper::proto::h1::io[0m[2m:[0m flushed 250 bytes
[2m2025-12-10T10:11:29.466877Z[0m [34mDEBUG[0m [2mhyper::proto::h1::io[0m[2m:[0m parsed 4 headers
[2m2025-12-10T10:11:29.466900Z[0m [34mDEBUG[0m [2mhyper::proto::h1::conn[0m[2m:[0m incoming body is content-length (45 bytes)
[2m2025-12-10T10:11:29.466933Z[0m [34mDEBUG[0m [2mhyper::proto::h1::conn[0m[2m:[0m incoming body completed
[2m2025-12-10T10:11:29.466956Z[0m [34mDEBUG[0m [2mhyper::client::pool[0m[2m:[0m pooling idle connection for ("http", 192.168.0.14:8545)
[2m2025-12-10T10:11:29.470088Z[0m [34mDEBUG[0m [2mhyper::proto::h1::io[0m[2m:[0m parsed 4 headers
[2m2025-12-10T10:11:29.470095Z[0m [34mDEBUG[0m [2mhyper::proto::h1::conn[0m[2m:[0m incoming body is content-length (641 bytes)
[2m2025-12-10T10:11:29.470100Z[0m [34mDEBUG[0m [2mhyper::proto::h1::conn[0m[2m:[0m incoming body completed
[2m2025-12-10T10:11:29.470107Z[0m [34mDEBUG[0m [2mhyper::client::pool[0m[2m:[0m pooling idle connection for ("http", 192.168.0.14:8545)
[2m2025-12-10T10:11:29.470112Z[0m [34mDEBUG[0m [2methereum_transaction_pool_monitor::eth_client[0m[2m:[0m 📡 Transaction fetch RPC completed in 6.220125ms
[2m2025-12-10T10:11:29.541363Z[0m [34mDEBUG[0m [2methereum_transaction_pool_monitor::eth_client[0m[2m:[0m ✅ Transaction 0x0fc0b8c96e5a8cb229be9952d9a9556576ffef2fec3f398653723008652ee86c fetched and parsed in 77.46825ms
[2m2025-12-10T10:11:29.541390Z[0m [34mDEBUG[0m [2methereum_transaction_pool_monitor::mempool_monitor[0m[2m:[0m 🔍 Skipping tx 0x0fc0b8c96e5a8cb229be9952d9a9556576ffef2fec3f398653723008652ee86c - not a DEX interaction (target: 0x016606Acc6B0cFE537acc221e3bf1bb44B4049Ee)
[2m2025-12-10T10:11:29.541403Z[0m [34mDEBUG[0m [2methereum_transaction_pool_monitor::mempool_monitor[0m[2m:[0m 📨 Processing new pending transaction: 0x45213ee050ac704c7a9407a0b7e30f02c0281f3e3734321d6e03b4c27700b75a
[2m2025-12-10T10:11:29.541410Z[0m [34mDEBUG[0m [2methereum_transaction_pool_monitor::mempool_monitor[0m[2m:[0m 🔍 Fetching transaction details for: 0x45213ee050ac704c7a9407a0b7e30f02c0281f3e3734321d6e03b4c27700b75a
[2m2025-12-10T10:11:29.541415Z[0m [34mDEBUG[0m [2methereum_transaction_pool_monitor::eth_client[0m[2m:[0m 🔍 Fetching transaction details for hash: 0x45213ee050ac704c7a9407a0b7e30f02c0281f3e3734321d6e03b4c27700b75a
[2m2025-12-10T10:11:29.541434Z[0m [34mDEBUG[0m [2mhyper::client::pool[0m[2m:[0m reuse idle connection for ("http", 192.168.0.14:8545)
[2m2025-12-10T10:11:29.541470Z[0m [34mDEBUG[0m [2mhyper::proto::h1::io[0m[2m:[0m flushed 250 bytes
[2m2025-12-10T10:11:29.541490Z[0m [34mDEBUG[0m [2mhyper::client::pool[0m[2m:[0m reuse idle connection for ("http", 192.168.0.14:8545)
[2m2025-12-10T10:11:29.541503Z[0m [34mDEBUG[0m [2mhyper::proto::h1::io[0m[2m:[0m flushed 172 bytes
[2m2025-12-10T10:11:29.541537Z[0m [34mDEBUG[0m [2methereum_transaction_pool_monitor::eth_client[0m[2m:[0m 📨 Received WebSocket message: {"jsonrpc":"2.0","method":"eth_subscription","params":{"subscription":"0xbed0a0851463e895960a451075a301a9","result":"0x4a34ab4a83cfb3ef0b8b427bec41296d0950a4fc0477017d33aa06f009e88e09"}}
[2m2025-12-10T10:11:29.541546Z[0m [34mDEBUG[0m [2methereum_transaction_pool_monitor::eth_client[0m[2m:[0m 📨 Received pending transaction: 0x4a34ab4a83cfb3ef0b8b427bec41296d0950a4fc0477017d33aa06f009e88e09
[2m2025-12-10T10:11:29.541551Z[0m [34mDEBUG[0m [2methereum_transaction_pool_monitor::eth_client[0m[2m:[0m 📨 Received WebSocket message: {"jsonrpc":"2.0","method":"eth_subscription","params":{"subscription":"0xbed0a0851463e895960a451075a301a9","result":"0xd0a1a575481436afd1962ed0c070b97b8aebb4acb043816204fb13ad481ddb8c"}}
[2m2025-12-10T10:11:29.541556Z[0m [34mDEBUG[0m [2methereum_transaction_pool_monitor::eth_client[0m[2m:[0m 📨 Received pending transaction: 0xd0a1a575481436afd1962ed0c070b97b8aebb4acb043816204fb13ad481ddb8c
[2m2025-12-10T10:11:29.548034Z[0m [34mDEBUG[0m [2mhyper::proto::h1::io[0m[2m:[0m parsed 4 headers
[2m2025-12-10T10:11:29.548044Z[0m [34mDEBUG[0m [2mhyper::proto::h1::conn[0m[2m:[0m incoming body is content-length (778 bytes)
[2m2025-12-10T10:11:29.548052Z[0m [34mDEBUG[0m [2mhyper::proto::h1::conn[0m[2m:[0m incoming body completed
[2m2025-12-10T10:11:29.548063Z[0m [34mDEBUG[0m [2mhyper::client::pool[0m[2m:[0m pooling idle connection for ("http", 192.168.0.14:8545)
[2m2025-12-10T10:11:29.548070Z[0m [34mDEBUG[0m [2methereum_transaction_pool_monitor::eth_client[0m[2m:[0m 📡 Transaction fetch RPC completed in 6.650625ms
[2m2025-12-10T10:11:29.548086Z[0m [34mDEBUG[0m [2methereum_transaction_pool_monitor::eth_client[0m[2m:[0m DeFi transaction detected - Address: 0xdac17f958d2ee523a2206206994597c13d831ec7, Type: Stablecoin, Value: 0 ETH, Gas: 127.50 Gwei
[2m2025-12-10T10:11:29.548101Z[0m [34mDEBUG[0m [2methereum_transaction_pool_monitor::eth_client[0m[2m:[0m ✅ Transaction 0x45213ee050ac704c7a9407a0b7e30f02c0281f3e3734321d6e03b4c27700b75a fetched and parsed in 6.681333ms
[2m2025-12-10T10:11:29.548109Z[0m [34mDEBUG[0m [2methereum_transaction_pool_monitor::mempool_monitor[0m[2m:[0m 🔍 Skipping tx 0x45213ee050ac704c7a9407a0b7e30f02c0281f3e3734321d6e03b4c27700b75a - not a DEX interaction (target: 0xdAC17F958D2ee523a2206206994597C13D831ec7)
[2m2025-12-10T10:11:29.548118Z[0m [34mDEBUG[0m [2methereum_transaction_pool_monitor::mempool_monitor[0m[2m:[0m 📨 Processing new pending transaction: 0x4a34ab4a83cfb3ef0b8b427bec41296d0950a4fc0477017d33aa06f009e88e09
[2m2025-12-10T10:11:29.548122Z[0m [34mDEBUG[0m [2methereum_transaction_pool_monitor::mempool_monitor[0m[2m:[0m 🔍 Fetching transaction details for: 0x4a34ab4a83cfb3ef0b8b427bec41296d0950a4fc0477017d33aa06f009e88e09
[2m2025-12-10T10:11:29.548127Z[0m [34mDEBUG[0m [2methereum_transaction_pool_monitor::eth_client[0m[2m:[0m 🔍 Fetching transaction details for hash: 0x4a34ab4a83cfb3ef0b8b427bec41296d0950a4fc0477017d33aa06f009e88e09
[2m2025-12-10T10:11:29.548138Z[0m [34mDEBUG[0m [2mhyper::client::pool[0m[2m:[0m reuse idle connection for ("http", 192.168.0.14:8545)
[2m2025-12-10T10:11:29.548153Z[0m [34mDEBUG[0m [2mhyper::proto::h1::io[0m[2m:[0m flushed 250 bytes
[2m2025-12-10T10:11:29.548163Z[0m [34mDEBUG[0m [2mhyper::proto::h1::io[0m[2m:[0m parsed 4 headers
[2m2025-12-10T10:11:29.548169Z[0m [34mDEBUG[0m [2mhyper::proto::h1::conn[0m[2m:[0m incoming body is content-length (45 bytes)
[2m2025-12-10T10:11:29.548174Z[0m [34mDEBUG[0m [2mhyper::proto::h1::conn[0m[2m:[0m incoming body completed
[2m2025-12-10T10:11:29.548179Z[0m [34mDEBUG[0m [2mhyper::client::pool[0m[2m:[0m pooling idle connection for ("http", 192.168.0.14:8545)
[2m2025-12-10T10:11:29.553762Z[0m [34mDEBUG[0m [2mhyper::proto::h1::io[0m[2m:[0m parsed 4 headers
[2m2025-12-10T10:11:29.553785Z[0m [34mDEBUG[0m [2mhyper::proto::h1::conn[0m[2m:[0m incoming body is content-length (646 bytes)
[2m2025-12-10T10:11:29.553804Z[0m [34mDEBUG[0m [2mhyper::proto::h1::conn[0m[2m:[0m incoming body completed
[2m2025-12-10T10:11:29.553822Z[0m [34mDEBUG[0m [2mhyper::client::pool[0m[2m:[0m pooling idle connection for ("http", 192.168.0.14:8545)
[2m2025-12-10T10:11:29.553827Z[0m [34mDEBUG[0m [2methereum_transaction_pool_monitor::eth_client[0m[2m:[0m 📡 Transaction fetch RPC completed in 5.696542ms
[2m2025-12-10T10:11:29.625313Z[0m [34mDEBUG[0m [2methereum_transaction_pool_monitor::eth_client[0m[2m:[0m ✅ Transaction 0x4a34ab4a83cfb3ef0b8b427bec41296d0950a4fc0477017d33aa06f009e88e09 fetched and parsed in 77.180209ms
[2m2025-12-10T10:11:29.625341Z[0m [34mDEBUG[0m [2methereum_transaction_pool_monitor::mempool_monitor[0m[2m:[0m 🔍 Skipping tx 0x4a34ab4a83cfb3ef0b8b427bec41296d0950a4fc0477017d33aa06f009e88e09 - not a DEX interaction (target: 0xA26148AE51fa8E787DF319C04137602Cc018b521)
[2m2025-12-10T10:11:29.625436Z[0m [34mDEBUG[0m [2methereum_transaction_pool_monitor::mempool_monitor[0m[2m:[0m 📨 Processing new pending transaction: 0xd0a1a575481436afd1962ed0c070b97b8aebb4acb043816204fb13ad481ddb8c
[2m2025-12-10T10:11:29.625446Z[0m [34mDEBUG[0m [2methereum_transaction_pool_monitor::mempool_monitor[0m[2m:[0m 🔍 Fetching transaction details for: 0xd0a1a575481436afd1962ed0c070b97b8aebb4acb043816204fb13ad481ddb8c
[2m2025-12-10T10:11:29.625451Z[0m [34mDEBUG[0m [2methereum_transaction_pool_monitor::eth_client[0m[2m:[0m 🔍 Fetching transaction details for hash: 0xd0a1a575481436afd1962ed0c070b97b8aebb4acb043816204fb13ad481ddb8c
[2m2025-12-10T10:11:29.625471Z[0m [34mDEBUG[0m [2mhyper::client::pool[0m[2m:[0m reuse idle connection for ("http", 192.168.0.14:8545)
[2m2025-12-10T10:11:29.625509Z[0m [34mDEBUG[0m [2mhyper::proto::h1::io[0m[2m:[0m flushed 250 bytes
[2m2025-12-10T10:11:29.625531Z[0m [34mDEBUG[0m [2mhyper::client::pool[0m[2m:[0m reuse idle connection for ("http", 192.168.0.14:8545)
[2m2025-12-10T10:11:29.625543Z[0m [34mDEBUG[0m [2mhyper::proto::h1::io[0m[2m:[0m flushed 172 bytes
[2m2025-12-10T10:11:29.625557Z[0m [34mDEBUG[0m [2methereum_transaction_pool_monitor::eth_client[0m[2m:[0m 📨 Received WebSocket message: {"jsonrpc":"2.0","method":"eth_subscription","params":{"subscription":"0xbed0a0851463e895960a451075a301a9","result":"0x3aab6051790e1718e7cc7b0e82aa1956bf7d5dce3d37054f983b725cf764a791"}}
[2m2025-12-10T10:11:29.625566Z[0m [34mDEBUG[0m [2methereum_transaction_pool_monitor::eth_client[0m[2m:[0m 📨 Received pending transaction: 0x3aab6051790e1718e7cc7b0e82aa1956bf7d5dce3d37054f983b725cf764a791
[2m2025-12-10T10:11:29.629834Z[0m [34mDEBUG[0m [2mhyper::proto::h1::io[0m[2m:[0m parsed 4 headers
[2m2025-12-10T10:11:29.629847Z[0m [34mDEBUG[0m [2mhyper::proto::h1::conn[0m[2m:[0m incoming body is content-length (45 bytes)
[2m2025-12-10T10:11:29.629854Z[0m [34mDEBUG[0m [2mhyper::proto::h1::conn[0m[2m:[0m incoming body completed
[2m2025-12-10T10:11:29.629863Z[0m [34mDEBUG[0m [2mhyper::client::pool[0m[2m:[0m pooling idle connection for ("http", 192.168.0.14:8545)
[2m2025-12-10T10:11:29.630509Z[0m [34mDEBUG[0m [2mhyper::proto::h1::io[0m[2m:[0m parsed 4 headers
[2m2025-12-10T10:11:29.630516Z[0m [34mDEBUG[0m [2mhyper::proto::h1::conn[0m[2m:[0m incoming body is content-length (934 bytes)
[2m2025-12-10T10:11:29.630522Z[0m [34mDEBUG[0m [2mhyper::proto::h1::conn[0m[2m:[0m incoming body completed
[2m2025-12-10T10:11:29.630531Z[0m [34mDEBUG[0m [2mhyper::client::pool[0m[2m:[0m pooling idle connection for ("http", 192.168.0.14:8545)
[2m2025-12-10T10:11:29.630537Z[0m [34mDEBUG[0m [2methereum_transaction_pool_monitor::eth_client[0m[2m:[0m 📡 Transaction fetch RPC completed in 5.08075ms
[2m2025-12-10T10:11:29.702721Z[0m [34mDEBUG[0m [2methereum_transaction_pool_monitor::eth_client[0m[2m:[0m ✅ Transaction 0xd0a1a575481436afd1962ed0c070b97b8aebb4acb043816204fb13ad481ddb8c fetched and parsed in 77.262958ms
[2m2025-12-10T10:11:29.702750Z[0m [34mDEBUG[0m [2methereum_transaction_pool_monitor::mempool_monitor[0m[2m:[0m 🔍 Skipping tx 0xd0a1a575481436afd1962ed0c070b97b8aebb4acb043816204fb13ad481ddb8c - not a DEX interaction (target: 0xcE200515520e0AF0738DE6034fB223fd2B387C3e)
[2m2025-12-10T10:11:29.702762Z[0m [34mDEBUG[0m [2methereum_transaction_pool_monitor::mempool_monitor[0m[2m:[0m 📨 Processing new pending transaction: 0x3aab6051790e1718e7cc7b0e82aa1956bf7d5dce3d37054f983b725cf764a791
[2m2025-12-10T10:11:29.702772Z[0m [34mDEBUG[0m [2methereum_transaction_pool_monitor::mempool_monitor[0m[2m:[0m 🔍 Fetching transaction details for: 0x3aab6051790e1718e7cc7b0e82aa1956bf7d5dce3d37054f983b725cf764a791
[2m2025-12-10T10:11:29.702779Z[0m [34mDEBUG[0m [2methereum_transaction_pool_monitor::eth_client[0m[2m:[0m 🔍 Fetching transaction details for hash: 0x3aab6051790e1718e7cc7b0e82aa1956bf7d5dce3d37054f983b725cf764a791
[2m2025-12-10T10:11:29.702802Z[0m [34mDEBUG[0m [2mhyper::client::pool[0m[2m:[0m reuse idle connection for ("http", 192.168.0.14:8545)
[2m2025-12-10T10:11:29.702850Z[0m [34mDEBUG[0m [2mhyper::proto::h1::io[0m[2m:[0m flushed 250 bytes
[2m2025-12-10T10:11:29.702871Z[0m [34mDEBUG[0m [2mhyper::client::pool[0m[2m:[0m reuse idle connection for ("http", 192.168.0.14:8545)
[2m2025-12-10T10:11:29.702883Z[0m [34mDEBUG[0m [2mhyper::proto::h1::io[0m[2m:[0m flushed 172 bytes
[2m2025-12-10T10:11:29.702896Z[0m [34mDEBUG[0m [2methereum_transaction_pool_monitor::eth_client[0m[2m:[0m 📨 Received WebSocket message: {"jsonrpc":"2.0","method":"eth_subscription","params":{"subscription":"0xbed0a0851463e895960a451075a301a9","result":"0x03a7e832523858eededfbc543cfe211adc4a0b5802ceef1d15e5f06d46e450c8"}}
[2m2025-12-10T10:11:29.702904Z[0m [34mDEBUG[0m [2methereum_transaction_pool_monitor::eth_client[0m[2m:[0m 📨 Received pending transaction: 0x03a7e832523858eededfbc543cfe211adc4a0b5802ceef1d15e5f06d46e450c8
[2m2025-12-10T10:11:29.706625Z[0m [34mDEBUG[0m [2mhyper::proto::h1::io[0m[2m:[0m parsed 4 headers
[2m2025-12-10T10:11:29.706639Z[0m [34mDEBUG[0m [2mhyper::proto::h1::conn[0m[2m:[0m incoming body is content-length (1731 bytes)
[2m2025-12-10T10:11:29.706654Z[0m [34mDEBUG[0m [2methereum_transaction_pool_monitor::eth_client[0m[2m:[0m 📡 Transaction fetch RPC completed in 3.866ms
[2m2025-12-10T10:11:29.709559Z[0m [34mDEBUG[0m [2mhyper::proto::h1::conn[0m[2m:[0m incoming body completed
[2m2025-12-10T10:11:29.709597Z[0m [34mDEBUG[0m [2mhyper::client::pool[0m[2m:[0m pooling idle connection for ("http", 192.168.0.14:8545)
[2m2025-12-10T10:11:29.709643Z[0m [34mDEBUG[0m [2mhyper::proto::h1::io[0m[2m:[0m parsed 4 headers
[2m2025-12-10T10:11:29.709649Z[0m [34mDEBUG[0m [2mhyper::proto::h1::conn[0m[2m:[0m incoming body is content-length (45 bytes)
[2m2025-12-10T10:11:29.709656Z[0m [34mDEBUG[0m [2mhyper::proto::h1::conn[0m[2m:[0m incoming body completed
[2m2025-12-10T10:11:29.709664Z[0m [34mDEBUG[0m [2mhyper::client::pool[0m[2m:[0m pooling idle connection for ("http", 192.168.0.14:8545)
[2m2025-12-10T10:11:29.759722Z[0m [34mDEBUG[0m [2methereum_transaction_pool_monitor::eth_client[0m[2m:[0m 📨 Received WebSocket message: {"jsonrpc":"2.0","method":"eth_subscription","params":{"subscription":"0xbed0a0851463e895960a451075a301a9","result":"0x0d44f628927ab8e3c6dc1c6ef68560d15042aed0a152b402012288d19f4d3c04"}}
[2m2025-12-10T10:11:29.759747Z[0m [34mDEBUG[0m [2methereum_transaction_pool_monitor::eth_client[0m[2m:[0m 📨 Received pending transaction: 0x0d44f628927ab8e3c6dc1c6ef68560d15042aed0a152b402012288d19f4d3c04
[2m2025-12-10T10:11:29.781687Z[0m [34mDEBUG[0m [2methereum_transaction_pool_monitor::eth_client[0m[2m:[0m ✅ Transaction 0x3aab6051790e1718e7cc7b0e82aa1956bf7d5dce3d37054f983b725cf764a791 fetched and parsed in 78.896917ms
[2m2025-12-10T10:11:29.781713Z[0m [34mDEBUG[0m [2methereum_transaction_pool_monitor::mempool_monitor[0m[2m:[0m 🔍 Skipping tx 0x3aab6051790e1718e7cc7b0e82aa1956bf7d5dce3d37054f983b725cf764a791 - not a DEX interaction (target: 0x601a2aD6CB5949f0529735254189Ba3194221EDF)
[2m2025-12-10T10:11:29.781724Z[0m [34mDEBUG[0m [2methereum_transaction_pool_monitor::mempool_monitor[0m[2m:[0m 📨 Processing new pending transaction: 0x03a7e832523858eededfbc543cfe211adc4a0b5802ceef1d15e5f06d46e450c8
[2m2025-12-10T10:11:29.781730Z[0m [34mDEBUG[0m [2methereum_transaction_pool_monitor::mempool_monitor[0m[2m:[0m 🔍 Fetching transaction details for: 0x03a7e832523858eededfbc543cfe211adc4a0b5802ceef1d15e5f06d46e450c8
[2m2025-12-10T10:11:29.781737Z[0m [34mDEBUG[0m [2methereum_transaction_pool_monitor::eth_client[0m[2m:[0m 🔍 Fetching transaction details for hash: 0x03a7e832523858eededfbc543cfe211adc4a0b5802ceef1d15e5f06d46e450c8
[2m2025-12-10T10:11:29.781756Z[0m [34mDEBUG[0m [2mhyper::client::pool[0m[2m:[0m reuse idle connection for ("http", 192.168.0.14:8545)
[2m2025-12-10T10:11:29.781800Z[0m [34mDEBUG[0m [2mhyper::proto::h1::io[0m[2m:[0m flushed 250 bytes
[2m2025-12-10T10:11:29.791313Z[0m [34mDEBUG[0m [2mhyper::proto::h1::io[0m[2m:[0m parsed 4 headers
[2m2025-12-10T10:11:29.791324Z[0m [34mDEBUG[0m [2mhyper::proto::h1::conn[0m[2m:[0m incoming body is content-length (830 bytes)
[2m2025-12-10T10:11:29.791332Z[0m [34mDEBUG[0m [2mhyper::proto::h1::conn[0m[2m:[0m incoming body completed
[2m2025-12-10T10:11:29.791341Z[0m [34mDEBUG[0m [2mhyper::client::pool[0m[2m:[0m pooling idle connection for ("http", 192.168.0.14:8545)
[2m2025-12-10T10:11:29.791348Z[0m [34mDEBUG[0m [2methereum_transaction_pool_monitor::eth_client[0m[2m:[0m 📡 Transaction fetch RPC completed in 9.606417ms
[2m2025-12-10T10:11:29.861614Z[0m [34mDEBUG[0m [2methereum_transaction_pool_monitor::eth_client[0m[2m:[0m ✅ Transaction 0x03a7e832523858eededfbc543cfe211adc4a0b5802ceef1d15e5f06d46e450c8 fetched and parsed in 79.870333ms
[2m2025-12-10T10:11:29.861641Z[0m [34mDEBUG[0m [2methereum_transaction_pool_monitor::mempool_monitor[0m[2m:[0m 🔍 Skipping tx 0x03a7e832523858eededfbc543cfe211adc4a0b5802ceef1d15e5f06d46e450c8 - not a DEX interaction (target: 0x3B4D794a66304F130a4Db8F2551B0070dfCf5ca7)
[2m2025-12-10T10:11:29.861654Z[0m [34mDEBUG[0m [2methereum_transaction_pool_monitor::mempool_monitor[0m[2m:[0m 📨 Processing new pending transaction: 0x0d44f628927ab8e3c6dc1c6ef68560d15042aed0a152b402012288d19f4d3c04
[2m2025-12-10T10:11:29.861664Z[0m [34mDEBUG[0m [2methereum_transaction_pool_monitor::mempool_monitor[0m[2m:[0m 🔍 Fetching transaction details for: 0x0d44f628927ab8e3c6dc1c6ef68560d15042aed0a152b402012288d19f4d3c04
[2m2025-12-10T10:11:29.861670Z[0m [34mDEBUG[0m [2methereum_transaction_pool_monitor::eth_client[0m[2m:[0m 🔍 Fetching transaction details for hash: 0x0d44f628927ab8e3c6dc1c6ef68560d15042aed0a152b402012288d19f4d3c04
[2m2025-12-10T10:11:29.861691Z[0m [34mDEBUG[0m [2mhyper::client::pool[0m[2m:[0m reuse idle connection for ("http", 192.168.0.14:8545)
[2m2025-12-10T10:11:29.861739Z[0m [34mDEBUG[0m [2mhyper::proto::h1::io[0m[2m:[0m flushed 250 bytes
[2m2025-12-10T10:11:29.861781Z[0m [34mDEBUG[0m [2mhyper::client::pool[0m[2m:[0m reuse idle connection for ("http", 192.168.0.14:8545)
[2m2025-12-10T10:11:29.861793Z[0m [34mDEBUG[0m [2mhyper::proto::h1::io[0m[2m:[0m flushed 172 bytes
[2m2025-12-10T10:11:29.865717Z[0m [34mDEBUG[0m [2mhyper::proto::h1::io[0m[2m:[0m parsed 4 headers
[2m2025-12-10T10:11:29.865725Z[0m [34mDEBUG[0m [2mhyper::proto::h1::conn[0m[2m:[0m incoming body is content-length (45 bytes)
[2m2025-12-10T10:11:29.865736Z[0m [34mDEBUG[0m [2mhyper::proto::h1::conn[0m[2m:[0m incoming body completed
[2m2025-12-10T10:11:29.865746Z[0m [34mDEBUG[0m [2mhyper::client::pool[0m[2m:[0m pooling idle connection for ("http", 192.168.0.14:8545)
[2m2025-12-10T10:11:29.867637Z[0m [34mDEBUG[0m [2mhyper::proto::h1::io[0m[2m:[0m parsed 4 headers
[2m2025-12-10T10:11:29.867644Z[0m [34mDEBUG[0m [2mhyper::proto::h1::conn[0m[2m:[0m incoming body is content-length (771 bytes)
[2m2025-12-10T10:11:29.867651Z[0m [34mDEBUG[0m [2mhyper::proto::h1::conn[0m[2m:[0m incoming body completed
[2m2025-12-10T10:11:29.867658Z[0m [34mDEBUG[0m [2mhyper::client::pool[0m[2m:[0m pooling idle connection for ("http", 192.168.0.14:8545)
[2m2025-12-10T10:11:29.867668Z[0m [34mDEBUG[0m [2methereum_transaction_pool_monitor::eth_client[0m[2m:[0m 📡 Transaction fetch RPC completed in 5.989ms
[2m2025-12-10T10:11:29.939434Z[0m [34mDEBUG[0m [2methereum_transaction_pool_monitor::eth_client[0m[2m:[0m ✅ Transaction 0x0d44f628927ab8e3c6dc1c6ef68560d15042aed0a152b402012288d19f4d3c04 fetched and parsed in 77.751792ms
[2m2025-12-10T10:11:29.939463Z[0m [34mDEBUG[0m [2methereum_transaction_pool_monitor::mempool_monitor[0m[2m:[0m 🔍 Skipping tx 0x0d44f628927ab8e3c6dc1c6ef68560d15042aed0a152b402012288d19f4d3c04 - not a DEX interaction (target: 0xB8f28C60dD8240141185a192fa4156A23E189305)
[2m2025-12-10T10:11:29.939499Z[0m [34mDEBUG[0m [2mhyper::client::pool[0m[2m:[0m reuse idle connection for ("http", 192.168.0.14:8545)
[2m2025-12-10T10:11:29.939524Z[0m [34mDEBUG[0m [2mhyper::proto::h1::io[0m[2m:[0m flushed 172 bytes
[2m2025-12-10T10:11:29.939529Z[0m [34mDEBUG[0m [2methereum_transaction_pool_monitor::eth_client[0m[2m:[0m 📨 Received WebSocket message: {"jsonrpc":"2.0","method":"eth_subscription","params":{"subscription":"0xbed0a0851463e895960a451075a301a9","result":"0x8d183146cd61600ad0fec6181636ba16bd28f0d742d37d6122257ca36db30e9e"}}
[2m2025-12-10T10:11:29.939547Z[0m [34mDEBUG[0m [2methereum_transaction_pool_monitor::eth_client[0m[2m:[0m 📨 Received pending transaction: 0x8d183146cd61600ad0fec6181636ba16bd28f0d742d37d6122257ca36db30e9e
[2m2025-12-10T10:11:29.939559Z[0m [34mDEBUG[0m [2methereum_transaction_pool_monitor::mempool_monitor[0m[2m:[0m 📨 Processing new pending transaction: 0x8d183146cd61600ad0fec6181636ba16bd28f0d742d37d6122257ca36db30e9e
[2m2025-12-10T10:11:29.939566Z[0m [34mDEBUG[0m [2methereum_transaction_pool_monitor::mempool_monitor[0m[2m:[0m 🔍 Fetching transaction details for: 0x8d183146cd61600ad0fec6181636ba16bd28f0d742d37d6122257ca36db30e9e
[2m2025-12-10T10:11:29.939574Z[0m [34mDEBUG[0m [2methereum_transaction_pool_monitor::eth_client[0m[2m:[0m 🔍 Fetching transaction details for hash: 0x8d183146cd61600ad0fec6181636ba16bd28f0d742d37d6122257ca36db30e9e
[2m2025-12-10T10:11:29.939587Z[0m [34mDEBUG[0m [2mhyper::client::pool[0m[2m:[0m reuse idle connection for ("http", 192.168.0.14:8545)
[2m2025-12-10T10:11:29.939606Z[0m [34mDEBUG[0m [2mhyper::proto::h1::io[0m[2m:[0m flushed 250 bytes
[2m2025-12-10T10:11:29.943897Z[0m [34mDEBUG[0m [2mhyper::proto::h1::io[0m[2m:[0m parsed 4 headers
[2m2025-12-10T10:11:29.943903Z[0m [34mDEBUG[0m [2mhyper::proto::h1::conn[0m[2m:[0m incoming body is content-length (45 bytes)
[2m2025-12-10T10:11:29.943912Z[0m [34mDEBUG[0m [2mhyper::proto::h1::conn[0m[2m:[0m incoming body completed
[2m2025-12-10T10:11:29.943921Z[0m [34mDEBUG[0m [2mhyper::client::pool[0m[2m:[0m pooling idle connection for ("http", 192.168.0.14:8545)
[2m2025-12-10T10:11:29.944903Z[0m [34mDEBUG[0m [2mhyper::proto::h1::io[0m[2m:[0m parsed 4 headers
[2m2025-12-10T10:11:29.944924Z[0m [34mDEBUG[0m [2mhyper::proto::h1::conn[0m[2m:[0m incoming body is content-length (769 bytes)
[2m2025-12-10T10:11:29.944942Z[0m [34mDEBUG[0m [2mhyper::proto::h1::conn[0m[2m:[0m incoming body completed
[2m2025-12-10T10:11:29.944961Z[0m [34mDEBUG[0m [2mhyper::client::pool[0m[2m:[0m pooling idle connection for ("http", 192.168.0.14:8545)
[2m2025-12-10T10:11:29.944967Z[0m [34mDEBUG[0m [2methereum_transaction_pool_monitor::eth_client[0m[2m:[0m 📡 Transaction fetch RPC completed in 5.384834ms
[2m2025-12-10T10:11:29.944991Z[0m [34mDEBUG[0m [2methereum_transaction_pool_monitor::eth_client[0m[2m:[0m DeFi transaction detected - Address: 0xdac17f958d2ee523a2206206994597c13d831ec7, Type: Stablecoin, Value: 0 ETH, Gas: 0.26 Gwei
[2m2025-12-10T10:11:29.945005Z[0m [34mDEBUG[0m [2methereum_transaction_pool_monitor::eth_client[0m[2m:[0m ✅ Transaction 0x8d183146cd61600ad0fec6181636ba16bd28f0d742d37d6122257ca36db30e9e fetched and parsed in 5.422417ms
[2m2025-12-10T10:11:29.945010Z[0m [34mDEBUG[0m [2methereum_transaction_pool_monitor::mempool_monitor[0m[2m:[0m 🔍 Skipping tx 0x8d183146cd61600ad0fec6181636ba16bd28f0d742d37d6122257ca36db30e9e - not a DEX interaction (target: 0xdAC17F958D2ee523a2206206994597C13D831ec7)
[2m2025-12-10T10:11:29.998573Z[0m [34mDEBUG[0m [2mhyper::client::pool[0m[2m:[0m reuse idle connection for ("http", 192.168.0.14:8545)
[2m2025-12-10T10:11:29.998630Z[0m [34mDEBUG[0m [2mhyper::proto::h1::io[0m[2m:[0m flushed 172 bytes
[2m2025-12-10T10:11:30.001627Z[0m [34mDEBUG[0m [2mhyper::proto::h1::io[0m[2m:[0m parsed 4 headers
[2m2025-12-10T10:11:30.002002Z[0m [34mDEBUG[0m [2mhyper::proto::h1::conn[0m[2m:[0m incoming body is content-length (45 bytes)
[2m2025-12-10T10:11:30.002009Z[0m [34mDEBUG[0m [2mhyper::proto::h1::conn[0m[2m:[0m incoming body completed
[2m2025-12-10T10:11:30.002015Z[0m [34mDEBUG[0m [2mhyper::client::pool[0m[2m:[0m pooling idle connection for ("http", 192.168.0.14:8545)
[2m2025-12-10T10:11:30.097795Z[0m [34mDEBUG[0m [2mhyper::client::pool[0m[2m:[0m reuse idle connection for ("http", 192.168.0.14:8545)
[2m2025-12-10T10:11:30.097848Z[0m [34mDEBUG[0m [2mhyper::proto::h1::io[0m[2m:[0m flushed 172 bytes
[2m2025-12-10T10:11:30.099185Z[0m [34mDEBUG[0m [2methereum_transaction_pool_monitor::eth_client[0m[2m:[0m 📨 Received WebSocket message: {"jsonrpc":"2.0","method":"eth_subscription","params":{"subscription":"0xbed0a0851463e895960a451075a301a9","result":"0x71b92bedaca37519e5511a18f992e1b2bbc6685eaea96e2c0bf565ed8539cb92"}}
[2m2025-12-10T10:11:30.099204Z[0m [34mDEBUG[0m [2methereum_transaction_pool_monitor::eth_client[0m[2m:[0m 📨 Received pending transaction: 0x71b92bedaca37519e5511a18f992e1b2bbc6685eaea96e2c0bf565ed8539cb92
[2m2025-12-10T10:11:30.099218Z[0m [34mDEBUG[0m [2methereum_transaction_pool_monitor::mempool_monitor[0m[2m:[0m 📨 Processing new pending transaction: 0x71b92bedaca37519e5511a18f992e1b2bbc6685eaea96e2c0bf565ed8539cb92
[2m2025-12-10T10:11:30.099227Z[0m [34mDEBUG[0m [2methereum_transaction_pool_monitor::mempool_monitor[0m[2m:[0m 🔍 Fetching transaction details for: 0x71b92bedaca37519e5511a18f992e1b2bbc6685eaea96e2c0bf565ed8539cb92
[2m2025-12-10T10:11:30.099238Z[0m [34mDEBUG[0m [2methereum_transaction_pool_monitor::eth_client[0m[2m:[0m 🔍 Fetching transaction details for hash: 0x71b92bedaca37519e5511a18f992e1b2bbc6685eaea96e2c0bf565ed8539cb92
[2m2025-12-10T10:11:30.099252Z[0m [34mDEBUG[0m [2mhyper::client::pool[0m[2m:[0m reuse idle connection for ("http", 192.168.0.14:8545)
[2m2025-12-10T10:11:30.099276Z[0m [34mDEBUG[0m [2mhyper::proto::h1::io[0m[2m:[0m flushed 250 bytes
[2m2025-12-10T10:11:30.101460Z[0m [34mDEBUG[0m [2mhyper::proto::h1::io[0m[2m:[0m parsed 4 headers
[2m2025-12-10T10:11:30.104928Z[0m [34mDEBUG[0m [2mhyper::proto::h1::conn[0m[2m:[0m incoming body is content-length (45 bytes)
[2m2025-12-10T10:11:30.104948Z[0m [34mDEBUG[0m [2mhyper::proto::h1::conn[0m[2m:[0m incoming body completed
[2m2025-12-10T10:11:30.104964Z[0m [34mDEBUG[0m [2mhyper::client::pool[0m[2m:[0m pooling idle connection for ("http", 192.168.0.14:8545)
[2m2025-12-10T10:11:30.108539Z[0m [34mDEBUG[0m [2mhyper::proto::h1::io[0m[2m:[0m parsed 4 headers
[2m2025-12-10T10:11:30.108559Z[0m [34mDEBUG[0m [2mhyper::proto::h1::conn[0m[2m:[0m incoming body is content-length (771 bytes)
[2m2025-12-10T10:11:30.108572Z[0m [34mDEBUG[0m [2mhyper::proto::h1::conn[0m[2m:[0m incoming body completed
[2m2025-12-10T10:11:30.108586Z[0m [34mDEBUG[0m [2mhyper::client::pool[0m[2m:[0m pooling idle connection for ("http", 192.168.0.14:8545)
[2m2025-12-10T10:11:30.108598Z[0m [34mDEBUG[0m [2methereum_transaction_pool_monitor::eth_client[0m[2m:[0m 📡 Transaction fetch RPC completed in 9.352125ms
[2m2025-12-10T10:11:30.196288Z[0m [34mDEBUG[0m [2methereum_transaction_pool_monitor::eth_client[0m[2m:[0m ✅ Transaction 0x71b92bedaca37519e5511a18f992e1b2bbc6685eaea96e2c0bf565ed8539cb92 fetched and parsed in 97.039833ms
[2m2025-12-10T10:11:30.196312Z[0m [34mDEBUG[0m [2methereum_transaction_pool_monitor::mempool_monitor[0m[2m:[0m 🔍 Skipping tx 0x71b92bedaca37519e5511a18f992e1b2bbc6685eaea96e2c0bf565ed8539cb92 - not a DEX interaction (target: 0xB8f28C60dD8240141185a192fa4156A23E189305)
[2m2025-12-10T10:11:30.197657Z[0m [34mDEBUG[0m [2mhyper::client::pool[0m[2m:[0m reuse idle connection for ("http", 192.168.0.14:8545)
[2m2025-12-10T10:11:30.197714Z[0m [34mDEBUG[0m [2mhyper::proto::h1::io[0m[2m:[0m flushed 172 bytes
[2m2025-12-10T10:11:30.200369Z[0m [34mDEBUG[0m [2mhyper::proto::h1::io[0m[2m:[0m parsed 4 headers
[2m2025-12-10T10:11:30.200394Z[0m [34mDEBUG[0m [2mhyper::proto::h1::conn[0m[2m:[0m incoming body is content-length (45 bytes)
[2m2025-12-10T10:11:30.200418Z[0m [34mDEBUG[0m [2mhyper::proto::h1::conn[0m[2m:[0m incoming body completed
[2m2025-12-10T10:11:30.200430Z[0m [34mDEBUG[0m [2mhyper::client::pool[0m[2m:[0m pooling idle connection for ("http", 192.168.0.14:8545)
[2m2025-12-10T10:11:30.299031Z[0m [34mDEBUG[0m [2mhyper::client::pool[0m[2m:[0m reuse idle connection for ("http", 192.168.0.14:8545)
[2m2025-12-10T10:11:30.299086Z[0m [34mDEBUG[0m [2mhyper::proto::h1::io[0m[2m:[0m flushed 172 bytes
[2m2025-12-10T10:11:30.302589Z[0m [34mDEBUG[0m [2mhyper::proto::h1::io[0m[2m:[0m parsed 4 headers
[2m2025-12-10T10:11:30.302611Z[0m [34mDEBUG[0m [2mhyper::proto::h1::conn[0m[2m:[0m incoming body is content-length (45 bytes)
[2m2025-12-10T10:11:30.302626Z[0m [34mDEBUG[0m [2mhyper::proto::h1::conn[0m[2m:[0m incoming body completed
[2m2025-12-10T10:11:30.302637Z[0m [34mDEBUG[0m [2mhyper::client::pool[0m[2m:[0m pooling idle connection for ("http", 192.168.0.14:8545)
[2m2025-12-10T10:11:30.399746Z[0m [34mDEBUG[0m [2mhyper::client::pool[0m[2m:[0m reuse idle connection for ("http", 192.168.0.14:8545)
[2m2025-12-10T10:11:30.399889Z[0m [34mDEBUG[0m [2mhyper::proto::h1::io[0m[2m:[0m flushed 172 bytes
[2m2025-12-10T10:11:30.403526Z[0m [34mDEBUG[0m [2mhyper::proto::h1::io[0m[2m:[0m parsed 4 headers
[2m2025-12-10T10:11:30.403576Z[0m [34mDEBUG[0m [2mhyper::proto::h1::conn[0m[2m:[0m incoming body is content-length (45 bytes)
[2m2025-12-10T10:11:30.403608Z[0m [34mDEBUG[0m [2mhyper::proto::h1::conn[0m[2m:[0m incoming body completed
[2m2025-12-10T10:11:30.403642Z[0m [34mDEBUG[0m [2mhyper::client::pool[0m[2m:[0m pooling idle connection for ("http", 192.168.0.14:8545)
[2m2025-12-10T10:11:30.499324Z[0m [34mDEBUG[0m [2mhyper::client::pool[0m[2m:[0m reuse idle connection for ("http", 192.168.0.14:8545)
[2m2025-12-10T10:11:30.499385Z[0m [34mDEBUG[0m [2mhyper::proto::h1::io[0m[2m:[0m flushed 172 bytes
[2m2025-12-10T10:11:30.503281Z[0m [34mDEBUG[0m [2mhyper::proto::h1::io[0m[2m:[0m parsed 4 headers
[2m2025-12-10T10:11:30.503306Z[0m [34mDEBUG[0m [2mhyper::proto::h1::conn[0m[2m:[0m incoming body is content-length (45 bytes)
[2m2025-12-10T10:11:30.503321Z[0m [34mDEBUG[0m [2mhyper::proto::h1::conn[0m[2m:[0m incoming body completed
[2m2025-12-10T10:11:30.503331Z[0m [34mDEBUG[0m [2mhyper::client::pool[0m[2m:[0m pooling idle connection for ("http", 192.168.0.14:8545)
[2m2025-12-10T10:11:30.561200Z[0m [34mDEBUG[0m [2methereum_transaction_pool_monitor::eth_client[0m[2m:[0m 📨 Received WebSocket message: {"jsonrpc":"2.0","method":"eth_subscription","params":{"subscription":"0xbed0a0851463e895960a451075a301a9","result":"0x47eeeff7fb26330ed02a69f33a0dec1355a165c4d5dfdc135d5f70b0e0fe2221"}}
[2m2025-12-10T10:11:30.561286Z[0m [34mDEBUG[0m [2methereum_transaction_pool_monitor::eth_client[0m[2m:[0m 📨 Received pending transaction: 0x47eeeff7fb26330ed02a69f33a0dec1355a165c4d5dfdc135d5f70b0e0fe2221
[2m2025-12-10T10:11:30.561333Z[0m [34mDEBUG[0m [2methereum_transaction_pool_monitor::mempool_monitor[0m[2m:[0m 📨 Processing new pending transaction: 0x47eeeff7fb26330ed02a69f33a0dec1355a165c4d5dfdc135d5f70b0e0fe2221
[2m2025-12-10T10:11:30.561362Z[0m [34mDEBUG[0m [2methereum_transaction_pool_monitor::mempool_monitor[0m[2m:[0m 🔍 Fetching transaction details for: 0x47eeeff7fb26330ed02a69f33a0dec1355a165c4d5dfdc135d5f70b0e0fe2221
[2m2025-12-10T10:11:30.561390Z[0m [34mDEBUG[0m [2methereum_transaction_pool_monitor::eth_client[0m[2m:[0m 🔍 Fetching transaction details for hash: 0x47eeeff7fb26330ed02a69f33a0dec1355a165c4d5dfdc135d5f70b0e0fe2221
[2m2025-12-10T10:11:30.561472Z[0m [34mDEBUG[0m [2mhyper::client::pool[0m[2m:[0m reuse idle connection for ("http", 192.168.0.14:8545)
[2m2025-12-10T10:11:30.561569Z[0m [34mDEBUG[0m [2mhyper::proto::h1::io[0m[2m:[0m flushed 250 bytes
[2m2025-12-10T10:11:30.570107Z[0m [34mDEBUG[0m [2mhyper::proto::h1::io[0m[2m:[0m parsed 4 headers
[2m2025-12-10T10:11:30.570161Z[0m [34mDEBUG[0m [2mhyper::proto::h1::conn[0m[2m:[0m incoming body is content-length (652 bytes)
[2m2025-12-10T10:11:30.570205Z[0m [34mDEBUG[0m [2mhyper::proto::h1::conn[0m[2m:[0m incoming body completed
[2m2025-12-10T10:11:30.570252Z[0m [34mDEBUG[0m [2mhyper::client::pool[0m[2m:[0m pooling idle connection for ("http", 192.168.0.14:8545)
[2m2025-12-10T10:11:30.570289Z[0m [34mDEBUG[0m [2methereum_transaction_pool_monitor::eth_client[0m[2m:[0m 📡 Transaction fetch RPC completed in 8.875667ms
[2m2025-12-10T10:11:30.672687Z[0m [34mDEBUG[0m [2methereum_transaction_pool_monitor::eth_client[0m[2m:[0m ✅ Transaction 0x47eeeff7fb26330ed02a69f33a0dec1355a165c4d5dfdc135d5f70b0e0fe2221 fetched and parsed in 111.2715ms
[2m2025-12-10T10:11:30.672709Z[0m [34mDEBUG[0m [2methereum_transaction_pool_monitor::mempool_monitor[0m[2m:[0m 🔍 Skipping tx 0x47eeeff7fb26330ed02a69f33a0dec1355a165c4d5dfdc135d5f70b0e0fe2221 - not a DEX interaction (target: 0x36aD52FC528D6AAF73b1C3022D4039D0Ac8c075B)
[2m2025-12-10T10:11:30.672743Z[0m [34mDEBUG[0m [2mhyper::client::pool[0m[2m:[0m reuse idle connection for ("http", 192.168.0.14:8545)
[2m2025-12-10T10:11:30.672767Z[0m [34mDEBUG[0m [2mhyper::proto::h1::io[0m[2m:[0m flushed 172 bytes
[2m2025-12-10T10:11:30.672809Z[0m [34mDEBUG[0m [2methereum_transaction_pool_monitor::eth_client[0m[2m:[0m 📨 Received WebSocket message: {"jsonrpc":"2.0","method":"eth_subscription","params":{"subscription":"0xbed0a0851463e895960a451075a301a9","result":"0x346e70f9bc953e19aa5048cd2c0de19290d55ffb0370c4c63080bea323f5864b"}}
[2m2025-12-10T10:11:30.672817Z[0m [34mDEBUG[0m [2methereum_transaction_pool_monitor::eth_client[0m[2m:[0m 📨 Received pending transaction: 0x346e70f9bc953e19aa5048cd2c0de19290d55ffb0370c4c63080bea323f5864b
[2m2025-12-10T10:11:30.672825Z[0m [32m INFO[0m [2methereum_transaction_pool_monitor::eth_client[0m[2m:[0m 📊 WebSocket stats - Total: 2845 transactions, Rate: 13.4 tx/s
[2m2025-12-10T10:11:30.672832Z[0m [34mDEBUG[0m [2methereum_transaction_pool_monitor::mempool_monitor[0m[2m:[0m 📨 Processing new pending transaction: 0x346e70f9bc953e19aa5048cd2c0de19290d55ffb0370c4c63080bea323f5864b
[2m2025-12-10T10:11:30.672837Z[0m [34mDEBUG[0m [2methereum_transaction_pool_monitor::mempool_monitor[0m[2m:[0m 🔍 Fetching transaction details for: 0x346e70f9bc953e19aa5048cd2c0de19290d55ffb0370c4c63080bea323f5864b
[2m2025-12-10T10:11:30.672841Z[0m [34mDEBUG[0m [2methereum_transaction_pool_monitor::eth_client[0m[2m:[0m 🔍 Fetching transaction details for hash: 0x346e70f9bc953e19aa5048cd2c0de19290d55ffb0370c4c63080bea323f5864b
[2m2025-12-10T10:11:30.672848Z[0m [34mDEBUG[0m [2mhyper::client::pool[0m[2m:[0m reuse idle connection for ("http", 192.168.0.14:8545)
[2m2025-12-10T10:11:30.672860Z[0m [34mDEBUG[0m [2mhyper::proto::h1::io[0m[2m:[0m flushed 250 bytes
[2m2025-12-10T10:11:30.676576Z[0m [34mDEBUG[0m [2mhyper::proto::h1::io[0m[2m:[0m parsed 4 headers
[2m2025-12-10T10:11:30.676585Z[0m [34mDEBUG[0m [2mhyper::proto::h1::conn[0m[2m:[0m incoming body is content-length (45 bytes)
[2m2025-12-10T10:11:30.676596Z[0m [34mDEBUG[0m [2mhyper::proto::h1::conn[0m[2m:[0m incoming body completed
[2m2025-12-10T10:11:30.676608Z[0m [34mDEBUG[0m [2mhyper::client::pool[0m[2m:[0m pooling idle connection for ("http", 192.168.0.14:8545)
[2m2025-12-10T10:11:30.682080Z[0m [34mDEBUG[0m [2mhyper::proto::h1::io[0m[2m:[0m parsed 4 headers
[2m2025-12-10T10:11:30.682099Z[0m [34mDEBUG[0m [2mhyper::proto::h1::conn[0m[2m:[0m incoming body is content-length (676 bytes)
[2m2025-12-10T10:11:30.682109Z[0m [34mDEBUG[0m [2mhyper::proto::h1::conn[0m[2m:[0m incoming body completed
[2m2025-12-10T10:11:30.682130Z[0m [34mDEBUG[0m [2mhyper::client::pool[0m[2m:[0m pooling idle connection for ("http", 192.168.0.14:8545)
[2m2025-12-10T10:11:30.682136Z[0m [34mDEBUG[0m [2methereum_transaction_pool_monitor::eth_client[0m[2m:[0m 📡 Transaction fetch RPC completed in 9.2915ms
[2m2025-12-10T10:11:30.682151Z[0m [34mDEBUG[0m [2methereum_transaction_pool_monitor::eth_client[0m[2m:[0m DeFi transaction detected - Address: 0xdac17f958d2ee523a2206206994597c13d831ec7, Type: Stablecoin, Value: 0 ETH, Gas: 1.00 Gwei
[2m2025-12-10T10:11:30.682168Z[0m [34mDEBUG[0m [2methereum_transaction_pool_monitor::eth_client[0m[2m:[0m ✅ Transaction 0x346e70f9bc953e19aa5048cd2c0de19290d55ffb0370c4c63080bea323f5864b fetched and parsed in 9.323083ms
[2m2025-12-10T10:11:30.682175Z[0m [34mDEBUG[0m [2methereum_transaction_pool_monitor::mempool_monitor[0m[2m:[0m 🔍 Skipping tx 0x346e70f9bc953e19aa5048cd2c0de19290d55ffb0370c4c63080bea323f5864b - not a DEX interaction (target: 0xdAC17F958D2ee523a2206206994597C13D831ec7)
[2m2025-12-10T10:11:30.699223Z[0m [34mDEBUG[0m [2mhyper::client::pool[0m[2m:[0m reuse idle connection for ("http", 192.168.0.14:8545)
[2m2025-12-10T10:11:30.699279Z[0m [34mDEBUG[0m [2mhyper::proto::h1::io[0m[2m:[0m flushed 172 bytes
[2m2025-12-10T10:11:30.702430Z[0m [34mDEBUG[0m [2mhyper::proto::h1::io[0m[2m:[0m parsed 4 headers
[2m2025-12-10T10:11:30.702451Z[0m [34mDEBUG[0m [2mhyper::proto::h1::conn[0m[2m:[0m incoming body is content-length (45 bytes)
[2m2025-12-10T10:11:30.702472Z[0m [34mDEBUG[0m [2mhyper::proto::h1::conn[0m[2m:[0m incoming body completed
[2m2025-12-10T10:11:30.702491Z[0m [34mDEBUG[0m [2mhyper::client::pool[0m[2m:[0m pooling idle connection for ("http", 192.168.0.14:8545)
[2m2025-12-10T10:11:30.799619Z[0m [34mDEBUG[0m [2mhyper::client::pool[0m[2m:[0m reuse idle connection for ("http", 192.168.0.14:8545)
[2m2025-12-10T10:11:30.799649Z[0m [34mDEBUG[0m [2mhyper::proto::h1::io[0m[2m:[0m flushed 172 bytes
[2m2025-12-10T10:11:30.802837Z[0m [34mDEBUG[0m [2mhyper::proto::h1::io[0m[2m:[0m parsed 4 headers
[2m2025-12-10T10:11:30.802859Z[0m [34mDEBUG[0m [2mhyper::proto::h1::conn[0m[2m:[0m incoming body is content-length (45 bytes)
[2m2025-12-10T10:11:30.802886Z[0m [34mDEBUG[0m [2mhyper::proto::h1::conn[0m[2m:[0m incoming body completed
[2m2025-12-10T10:11:30.802895Z[0m [34mDEBUG[0m [2mhyper::client::pool[0m[2m:[0m pooling idle connection for ("http", 192.168.0.14:8545)
[2m2025-12-10T10:11:30.898327Z[0m [34mDEBUG[0m [2mhyper::client::pool[0m[2m:[0m reuse idle connection for ("http", 192.168.0.14:8545)
[2m2025-12-10T10:11:30.898528Z[0m [34mDEBUG[0m [2mhyper::proto::h1::io[0m[2m:[0m flushed 172 bytes
[2m2025-12-10T10:11:30.901631Z[0m [34mDEBUG[0m [2mhyper::proto::h1::io[0m[2m:[0m parsed 4 headers
[2m2025-12-10T10:11:30.901694Z[0m [34mDEBUG[0m [2mhyper::proto::h1::conn[0m[2m:[0m incoming body is content-length (45 bytes)
[2m2025-12-10T10:11:30.901739Z[0m [34mDEBUG[0m [2mhyper::proto::h1::conn[0m[2m:[0m incoming body completed
[2m2025-12-10T10:11:30.901789Z[0m [34mDEBUG[0m [2mhyper::client::pool[0m[2m:[0m pooling idle connection for ("http", 192.168.0.14:8545)
[2m2025-12-10T10:11:30.997747Z[0m [34mDEBUG[0m [2mhyper::client::pool[0m[2m:[0m reuse idle connection for ("http", 192.168.0.14:8545)
[2m2025-12-10T10:11:30.997903Z[0m [34mDEBUG[0m [2mhyper::proto::h1::io[0m[2m:[0m flushed 172 bytes
[2m2025-12-10T10:11:31.001311Z[0m [34mDEBUG[0m [2mhyper::proto::h1::io[0m[2m:[0m parsed 4 headers
[2m2025-12-10T10:11:31.001356Z[0m [34mDEBUG[0m [2mhyper::proto::h1::conn[0m[2m:[0m incoming body is content-length (45 bytes)
[2m2025-12-10T10:11:31.001391Z[0m [34mDEBUG[0m [2mhyper::proto::h1::conn[0m[2m:[0m incoming body completed
[2m2025-12-10T10:11:31.001423Z[0m [34mDEBUG[0m [2mhyper::client::pool[0m[2m:[0m pooling idle connection for ("http", 192.168.0.14:8545)
[2m2025-12-10T10:11:31.099623Z[0m [34mDEBUG[0m [2mhyper::client::pool[0m[2m:[0m reuse idle connection for ("http", 192.168.0.14:8545)
[2m2025-12-10T10:11:31.099939Z[0m [34mDEBUG[0m [2mhyper::proto::h1::io[0m[2m:[0m flushed 172 bytes
[2m2025-12-10T10:11:31.103637Z[0m [34mDEBUG[0m [2mhyper::proto::h1::io[0m[2m:[0m parsed 4 headers
[2m2025-12-10T10:11:31.103676Z[0m [34mDEBUG[0m [2mhyper::proto::h1::conn[0m[2m:[0m incoming body is content-length (45 bytes)
[2m2025-12-10T10:11:31.103698Z[0m [34mDEBUG[0m [2mhyper::proto::h1::conn[0m[2m:[0m incoming body completed
[2m2025-12-10T10:11:31.103724Z[0m [34mDEBUG[0m [2mhyper::client::pool[0m[2m:[0m pooling idle connection for ("http", 192.168.0.14:8545)
[2m2025-12-10T10:11:31.198646Z[0m [34mDEBUG[0m [2mhyper::client::pool[0m[2m:[0m reuse idle connection for ("http", 192.168.0.14:8545)
[2m2025-12-10T10:11:31.198867Z[0m [34mDEBUG[0m [2mhyper::proto::h1::io[0m[2m:[0m flushed 172 bytes
[2m2025-12-10T10:11:31.202650Z[0m [34mDEBUG[0m [2mhyper::proto::h1::io[0m[2m:[0m parsed 4 headers
[2m2025-12-10T10:11:31.202699Z[0m [34mDEBUG[0m [2mhyper::proto::h1::conn[0m[2m:[0m incoming body is content-length (45 bytes)
[2m2025-12-10T10:11:31.202738Z[0m [34mDEBUG[0m [2mhyper::proto::h1::conn[0m[2m:[0m incoming body completed
[2m2025-12-10T10:11:31.202779Z[0m [34mDEBUG[0m [2mhyper::client::pool[0m[2m:[0m pooling idle connection for ("http", 192.168.0.14:8545)
[2m2025-12-10T10:11:31.216264Z[0m [34mDEBUG[0m [2methereum_transaction_pool_monitor::eth_client[0m[2m:[0m 📨 Received WebSocket message: {"jsonrpc":"2.0","method":"eth_subscription","params":{"subscription":"0xbed0a0851463e895960a451075a301a9","result":"0x45d3106864aee2241a2438b37e026d7d5d0221f1edf676f20e4df208fb1c7262"}}
[2m2025-12-10T10:11:31.216345Z[0m [34mDEBUG[0m [2methereum_transaction_pool_monitor::eth_client[0m[2m:[0m 📨 Received pending transaction: 0x45d3106864aee2241a2438b37e026d7d5d0221f1edf676f20e4df208fb1c7262
[2m2025-12-10T10:11:31.216385Z[0m [34mDEBUG[0m [2methereum_transaction_pool_monitor::mempool_monitor[0m[2m:[0m 📨 Processing new pending transaction: 0x45d3106864aee2241a2438b37e026d7d5d0221f1edf676f20e4df208fb1c7262
[2m2025-12-10T10:11:31.216413Z[0m [34mDEBUG[0m [2methereum_transaction_pool_monitor::mempool_monitor[0m[2m:[0m 🔍 Fetching transaction details for: 0x45d3106864aee2241a2438b37e026d7d5d0221f1edf676f20e4df208fb1c7262
[2m2025-12-10T10:11:31.216441Z[0m [34mDEBUG[0m [2methereum_transaction_pool_monitor::eth_client[0m[2m:[0m 🔍 Fetching transaction details for hash: 0x45d3106864aee2241a2438b37e026d7d5d0221f1edf676f20e4df208fb1c7262
[2m2025-12-10T10:11:31.216512Z[0m [34mDEBUG[0m [2mhyper::client::pool[0m[2m:[0m reuse idle connection for ("http", 192.168.0.14:8545)
[2m2025-12-10T10:11:31.216605Z[0m [34mDEBUG[0m [2mhyper::proto::h1::io[0m[2m:[0m flushed 250 bytes
[2m2025-12-10T10:11:31.229178Z[0m [34mDEBUG[0m [2mhyper::proto::h1::io[0m[2m:[0m parsed 4 headers
[2m2025-12-10T10:11:31.231213Z[0m [34mDEBUG[0m [2mhyper::proto::h1::conn[0m[2m:[0m incoming body is content-length (830 bytes)
[2m2025-12-10T10:11:31.231258Z[0m [34mDEBUG[0m [2mhyper::proto::h1::conn[0m[2m:[0m incoming body completed
[2m2025-12-10T10:11:31.231308Z[0m [34mDEBUG[0m [2mhyper::client::pool[0m[2m:[0m pooling idle connection for ("http", 192.168.0.14:8545)
[2m2025-12-10T10:11:31.231347Z[0m [34mDEBUG[0m [2methereum_transaction_pool_monitor::eth_client[0m[2m:[0m 📡 Transaction fetch RPC completed in 14.880375ms
[2m2025-12-10T10:11:31.429626Z[0m [34mDEBUG[0m [2methereum_transaction_pool_monitor::eth_client[0m[2m:[0m ✅ Transaction 0x45d3106864aee2241a2438b37e026d7d5d0221f1edf676f20e4df208fb1c7262 fetched and parsed in 213.156167ms
[2m2025-12-10T10:11:31.429655Z[0m [34mDEBUG[0m [2methereum_transaction_pool_monitor::mempool_monitor[0m[2m:[0m 🔍 Skipping tx 0x45d3106864aee2241a2438b37e026d7d5d0221f1edf676f20e4df208fb1c7262 - not a DEX interaction (target: 0x3B4D794a66304F130a4Db8F2551B0070dfCf5ca7)
[2m2025-12-10T10:11:31.429695Z[0m [34mDEBUG[0m [2mhyper::client::pool[0m[2m:[0m reuse idle connection for ("http", 192.168.0.14:8545)
[2m2025-12-10T10:11:31.429702Z[0m [34mDEBUG[0m [2methereum_transaction_pool_monitor::eth_client[0m[2m:[0m 📨 Received WebSocket message: {"jsonrpc":"2.0","method":"eth_subscription","params":{"subscription":"0xbed0a0851463e895960a451075a301a9","result":"0xffefacc137f52f572c892e93a18e6bd86c3bff4ad39da93b7289b5b817c4117d"}}
[2m2025-12-10T10:11:31.429715Z[0m [34mDEBUG[0m [2methereum_transaction_pool_monitor::eth_client[0m[2m:[0m 📨 Received pending transaction: 0xffefacc137f52f572c892e93a18e6bd86c3bff4ad39da93b7289b5b817c4117d
[2m2025-12-10T10:11:31.429727Z[0m [34mDEBUG[0m [2methereum_transaction_pool_monitor::eth_client[0m[2m:[0m 📨 Received WebSocket message: {"jsonrpc":"2.0","method":"eth_subscription","params":{"subscription":"0xbed0a0851463e895960a451075a301a9","result":"0x237b91cdc824927dbfd1801e2f197b6e43466fc8812e90e52cf50b922148443c"}}
[2m2025-12-10T10:11:31.429734Z[0m [34mDEBUG[0m [2methereum_transaction_pool_monitor::eth_client[0m[2m:[0m 📨 Received pending transaction: 0x237b91cdc824927dbfd1801e2f197b6e43466fc8812e90e52cf50b922148443c
[2m2025-12-10T10:11:31.429740Z[0m [34mDEBUG[0m [2mhyper::proto::h1::io[0m[2m:[0m flushed 172 bytes
[2m2025-12-10T10:11:31.429742Z[0m [34mDEBUG[0m [2methereum_transaction_pool_monitor::eth_client[0m[2m:[0m 📨 Received WebSocket message: {"jsonrpc":"2.0","method":"eth_subscription","params":{"subscription":"0xbed0a0851463e895960a451075a301a9","result":"0xc3d1fde8a6aab2b9a117fa5ab357d342028c43575ee10f6adb8b3fac5970b0f9"}}
[2m2025-12-10T10:11:31.429782Z[0m [34mDEBUG[0m [2methereum_transaction_pool_monitor::eth_client[0m[2m:[0m 📨 Received pending transaction: 0xc3d1fde8a6aab2b9a117fa5ab357d342028c43575ee10f6adb8b3fac5970b0f9
[2m2025-12-10T10:11:31.429793Z[0m [34mDEBUG[0m [2methereum_transaction_pool_monitor::eth_client[0m[2m:[0m 📨 Received WebSocket message: {"jsonrpc":"2.0","method":"eth_subscription","params":{"subscription":"0xbed0a0851463e895960a451075a301a9","result":"0xcdeb13ec20019b7705dca0adeb25eb0f711f69cbcc0dbcd6d0de6bf94fd261ce"}}
[2m2025-12-10T10:11:31.429803Z[0m [34mDEBUG[0m [2methereum_transaction_pool_monitor::eth_client[0m[2m:[0m 📨 Received pending transaction: 0xcdeb13ec20019b7705dca0adeb25eb0f711f69cbcc0dbcd6d0de6bf94fd261ce
[2m2025-12-10T10:11:31.429811Z[0m [34mDEBUG[0m [2methereum_transaction_pool_monitor::mempool_monitor[0m[2m:[0m 📨 Processing new pending transaction: 0xffefacc137f52f572c892e93a18e6bd86c3bff4ad39da93b7289b5b817c4117d
[2m2025-12-10T10:11:31.429817Z[0m [34mDEBUG[0m [2methereum_transaction_pool_monitor::mempool_monitor[0m[2m:[0m 🔍 Fetching transaction details for: 0xffefacc137f52f572c892e93a18e6bd86c3bff4ad39da93b7289b5b817c4117d
[2m2025-12-10T10:11:31.429823Z[0m [34mDEBUG[0m [2methereum_transaction_pool_monitor::eth_client[0m[2m:[0m 🔍 Fetching transaction details for hash: 0xffefacc137f52f572c892e93a18e6bd86c3bff4ad39da93b7289b5b817c4117d
[2m2025-12-10T10:11:31.429836Z[0m [34mDEBUG[0m [2mhyper::client::pool[0m[2m:[0m reuse idle connection for ("http", 192.168.0.14:8545)
[2m2025-12-10T10:11:31.429850Z[0m [34mDEBUG[0m [2mhyper::proto::h1::io[0m[2m:[0m flushed 250 bytes
[2m2025-12-10T10:11:31.436524Z[0m [34mDEBUG[0m [2mhyper::proto::h1::io[0m[2m:[0m parsed 4 headers
[2m2025-12-10T10:11:31.436532Z[0m [34mDEBUG[0m [2mhyper::proto::h1::conn[0m[2m:[0m incoming body is content-length (45 bytes)
[2m2025-12-10T10:11:31.436539Z[0m [34mDEBUG[0m [2mhyper::proto::h1::conn[0m[2m:[0m incoming body completed
[2m2025-12-10T10:11:31.436547Z[0m [34mDEBUG[0m [2mhyper::client::pool[0m[2m:[0m pooling idle connection for ("http", 192.168.0.14:8545)
[2m2025-12-10T10:11:31.436563Z[0m [34mDEBUG[0m [2mhyper::client::pool[0m[2m:[0m reuse idle connection for ("http", 192.168.0.14:8545)
[2m2025-12-10T10:11:31.436580Z[0m [34mDEBUG[0m [2mhyper::proto::h1::io[0m[2m:[0m flushed 172 bytes
[2m2025-12-10T10:11:31.439720Z[0m [34mDEBUG[0m [2mhyper::proto::h1::io[0m[2m:[0m parsed 4 headers
[2m2025-12-10T10:11:31.439728Z[0m [34mDEBUG[0m [2mhyper::proto::h1::conn[0m[2m:[0m incoming body is content-length (1731 bytes)
[2m2025-12-10T10:11:31.439735Z[0m [34mDEBUG[0m [2mhyper::proto::h1::conn[0m[2m:[0m incoming body completed
[2m2025-12-10T10:11:31.439744Z[0m [34mDEBUG[0m [2mhyper::client::pool[0m[2m:[0m pooling idle connection for ("http", 192.168.0.14:8545)
[2m2025-12-10T10:11:31.439750Z[0m [34mDEBUG[0m [2methereum_transaction_pool_monitor::eth_client[0m[2m:[0m 📡 Transaction fetch RPC completed in 9.919583ms
[2m2025-12-10T10:11:31.568930Z[0m [34mDEBUG[0m [2methereum_transaction_pool_monitor::eth_client[0m[2m:[0m ✅ Transaction 0xffefacc137f52f572c892e93a18e6bd86c3bff4ad39da93b7289b5b817c4117d fetched and parsed in 139.096875ms
[2m2025-12-10T10:11:31.568959Z[0m [34mDEBUG[0m [2methereum_transaction_pool_monitor::mempool_monitor[0m[2m:[0m 🔍 Skipping tx 0xffefacc137f52f572c892e93a18e6bd86c3bff4ad39da93b7289b5b817c4117d - not a DEX interaction (target: 0x601a2aD6CB5949f0529735254189Ba3194221EDF)
[2m2025-12-10T10:11:31.568970Z[0m [34mDEBUG[0m [2methereum_transaction_pool_monitor::mempool_monitor[0m[2m:[0m 📨 Processing new pending transaction: 0x237b91cdc824927dbfd1801e2f197b6e43466fc8812e90e52cf50b922148443c
[2m2025-12-10T10:11:31.568976Z[0m [34mDEBUG[0m [2methereum_transaction_pool_monitor::mempool_monitor[0m[2m:[0m 🔍 Fetching transaction details for: 0x237b91cdc824927dbfd1801e2f197b6e43466fc8812e90e52cf50b922148443c
[2m2025-12-10T10:11:31.568982Z[0m [34mDEBUG[0m [2methereum_transaction_pool_monitor::eth_client[0m[2m:[0m 🔍 Fetching transaction details for hash: 0x237b91cdc824927dbfd1801e2f197b6e43466fc8812e90e52cf50b922148443c
[2m2025-12-10T10:11:31.569000Z[0m [34mDEBUG[0m [2mhyper::client::pool[0m[2m:[0m reuse idle connection for ("http", 192.168.0.14:8545)
[2m2025-12-10T10:11:31.569045Z[0m [34mDEBUG[0m [2mhyper::proto::h1::io[0m[2m:[0m flushed 250 bytes
[2m2025-12-10T10:11:31.569061Z[0m [34mDEBUG[0m [2mhyper::proto::h1::io[0m[2m:[0m parsed 4 headers
[2m2025-12-10T10:11:31.569066Z[0m [34mDEBUG[0m [2mhyper::proto::h1::conn[0m[2m:[0m incoming body is content-length (45 bytes)
[2m2025-12-10T10:11:31.569072Z[0m [34mDEBUG[0m [2mhyper::proto::h1::conn[0m[2m:[0m incoming body completed
[2m2025-12-10T10:11:31.569080Z[0m [34mDEBUG[0m [2mhyper::client::pool[0m[2m:[0m pooling idle connection for ("http", 192.168.0.14:8545)
[2m2025-12-10T10:11:31.569094Z[0m [34mDEBUG[0m [2mhyper::client::pool[0m[2m:[0m reuse idle connection for ("http", 192.168.0.14:8545)
[2m2025-12-10T10:11:31.569111Z[0m [34mDEBUG[0m [2mhyper::proto::h1::io[0m[2m:[0m flushed 172 bytes
[2m2025-12-10T10:11:31.574347Z[0m [34mDEBUG[0m [2mhyper::proto::h1::io[0m[2m:[0m parsed 4 headers
[2m2025-12-10T10:11:31.574377Z[0m [34mDEBUG[0m [2mhyper::proto::h1::conn[0m[2m:[0m incoming body is content-length (45 bytes)
[2m2025-12-10T10:11:31.574399Z[0m [34mDEBUG[0m [2mhyper::proto::h1::conn[0m[2m:[0m incoming body completed
[2m2025-12-10T10:11:31.574408Z[0m [34mDEBUG[0m [2mhyper::client::pool[0m[2m:[0m pooling idle connection for ("http", 192.168.0.14:8545)
[2m2025-12-10T10:11:31.579926Z[0m [34mDEBUG[0m [2mhyper::proto::h1::io[0m[2m:[0m parsed 4 headers
[2m2025-12-10T10:11:31.579940Z[0m [34mDEBUG[0m [2mhyper::proto::h1::conn[0m[2m:[0m incoming body is content-length (676 bytes)
[2m2025-12-10T10:11:31.579948Z[0m [34mDEBUG[0m [2mhyper::proto::h1::conn[0m[2m:[0m incoming body completed
[2m2025-12-10T10:11:31.579957Z[0m [34mDEBUG[0m [2mhyper::client::pool[0m[2m:[0m pooling idle connection for ("http", 192.168.0.14:8545)
[2m2025-12-10T10:11:31.579963Z[0m [34mDEBUG[0m [2methereum_transaction_pool_monitor::eth_client[0m[2m:[0m 📡 Transaction fetch RPC completed in 10.976708ms
[2m2025-12-10T10:11:31.658120Z[0m [34mDEBUG[0m [2methereum_transaction_pool_monitor::eth_client[0m[2m:[0m ✅ Transaction 0x237b91cdc824927dbfd1801e2f197b6e43466fc8812e90e52cf50b922148443c fetched and parsed in 89.13025ms
[2m2025-12-10T10:11:31.658211Z[0m [34mDEBUG[0m [2methereum_transaction_pool_monitor::mempool_monitor[0m[2m:[0m 🔍 Skipping tx 0x237b91cdc824927dbfd1801e2f197b6e43466fc8812e90e52cf50b922148443c - not a DEX interaction (target: 0x295B42684F90c77DA7ea46336001010F2791Ec8c)
[2m2025-12-10T10:11:31.658225Z[0m [34mDEBUG[0m [2methereum_transaction_pool_monitor::mempool_monitor[0m[2m:[0m 📨 Processing new pending transaction: 0xc3d1fde8a6aab2b9a117fa5ab357d342028c43575ee10f6adb8b3fac5970b0f9
[2m2025-12-10T10:11:31.658232Z[0m [34mDEBUG[0m [2methereum_transaction_pool_monitor::mempool_monitor[0m[2m:[0m 🔍 Fetching transaction details for: 0xc3d1fde8a6aab2b9a117fa5ab357d342028c43575ee10f6adb8b3fac5970b0f9
[2m2025-12-10T10:11:31.658237Z[0m [34mDEBUG[0m [2methereum_transaction_pool_monitor::eth_client[0m[2m:[0m 🔍 Fetching transaction details for hash: 0xc3d1fde8a6aab2b9a117fa5ab357d342028c43575ee10f6adb8b3fac5970b0f9
[2m2025-12-10T10:11:31.658256Z[0m [34mDEBUG[0m [2mhyper::client::pool[0m[2m:[0m reuse idle connection for ("http", 192.168.0.14:8545)
[2m2025-12-10T10:11:31.658300Z[0m [34mDEBUG[0m [2mhyper::proto::h1::io[0m[2m:[0m flushed 250 bytes
[2m2025-12-10T10:11:31.658320Z[0m [34mDEBUG[0m [2mhyper::client::pool[0m[2m:[0m reuse idle connection for ("http", 192.168.0.14:8545)
[2m2025-12-10T10:11:31.658333Z[0m [34mDEBUG[0m [2mhyper::proto::h1::io[0m[2m:[0m flushed 172 bytes
[2m2025-12-10T10:11:31.658352Z[0m [34mDEBUG[0m [2methereum_transaction_pool_monitor::eth_client[0m[2m:[0m 📨 Received WebSocket message: {"jsonrpc":"2.0","method":"eth_subscription","params":{"subscription":"0xbed0a0851463e895960a451075a301a9","result":"0x48380f895c221d72b50bdbdf86db62d31dfbcb4c82ddaa06c2b3173376128ccc"}}
[2m2025-12-10T10:11:31.658362Z[0m [34mDEBUG[0m [2methereum_transaction_pool_monitor::eth_client[0m[2m:[0m 📨 Received pending transaction: 0x48380f895c221d72b50bdbdf86db62d31dfbcb4c82ddaa06c2b3173376128ccc
[2m2025-12-10T10:11:31.661602Z[0m [34mDEBUG[0m [2mhyper::proto::h1::io[0m[2m:[0m parsed 4 headers
[2m2025-12-10T10:11:31.661607Z[0m [34mDEBUG[0m [2mhyper::proto::h1::conn[0m[2m:[0m incoming body is content-length (45 bytes)
[2m2025-12-10T10:11:31.661615Z[0m [34mDEBUG[0m [2mhyper::proto::h1::conn[0m[2m:[0m incoming body completed
[2m2025-12-10T10:11:31.661624Z[0m [34mDEBUG[0m [2mhyper::client::pool[0m[2m:[0m pooling idle connection for ("http", 192.168.0.14:8545)
[2m2025-12-10T10:11:31.664843Z[0m [34mDEBUG[0m [2mhyper::proto::h1::io[0m[2m:[0m parsed 4 headers
[2m2025-12-10T10:11:31.665076Z[0m [34mDEBUG[0m [2mhyper::proto::h1::conn[0m[2m:[0m incoming body is content-length (1731 bytes)
[2m2025-12-10T10:11:31.665086Z[0m [34mDEBUG[0m [2mhyper::proto::h1::conn[0m[2m:[0m incoming body completed
[2m2025-12-10T10:11:31.665097Z[0m [34mDEBUG[0m [2mhyper::client::pool[0m[2m:[0m pooling idle connection for ("http", 192.168.0.14:8545)
[2m2025-12-10T10:11:31.665104Z[0m [34mDEBUG[0m [2methereum_transaction_pool_monitor::eth_client[0m[2m:[0m 📡 Transaction fetch RPC completed in 6.862667ms
[2m2025-12-10T10:11:31.744862Z[0m [34mDEBUG[0m [2methereum_transaction_pool_monitor::eth_client[0m[2m:[0m ✅ Transaction 0xc3d1fde8a6aab2b9a117fa5ab357d342028c43575ee10f6adb8b3fac5970b0f9 fetched and parsed in 86.617958ms
[2m2025-12-10T10:11:31.744879Z[0m [34mDEBUG[0m [2methereum_transaction_pool_monitor::mempool_monitor[0m[2m:[0m 🔍 Skipping tx 0xc3d1fde8a6aab2b9a117fa5ab357d342028c43575ee10f6adb8b3fac5970b0f9 - not a DEX interaction (target: 0x601a2aD6CB5949f0529735254189Ba3194221EDF)
[2m2025-12-10T10:11:31.744889Z[0m [34mDEBUG[0m [2methereum_transaction_pool_monitor::mempool_monitor[0m[2m:[0m 📨 Processing new pending transaction: 0xcdeb13ec20019b7705dca0adeb25eb0f711f69cbcc0dbcd6d0de6bf94fd261ce
[2m2025-12-10T10:11:31.744894Z[0m [34mDEBUG[0m [2methereum_transaction_pool_monitor::mempool_monitor[0m[2m:[0m 🔍 Fetching transaction details for: 0xcdeb13ec20019b7705dca0adeb25eb0f711f69cbcc0dbcd6d0de6bf94fd261ce
[2m2025-12-10T10:11:31.745062Z[0m [34mDEBUG[0m [2methereum_transaction_pool_monitor::eth_client[0m[2m:[0m 🔍 Fetching transaction details for hash: 0xcdeb13ec20019b7705dca0adeb25eb0f711f69cbcc0dbcd6d0de6bf94fd261ce
[2m2025-12-10T10:11:31.745083Z[0m [34mDEBUG[0m [2mhyper::client::pool[0m[2m:[0m reuse idle connection for ("http", 192.168.0.14:8545)
[2m2025-12-10T10:11:31.745111Z[0m [34mDEBUG[0m [2mhyper::proto::h1::io[0m[2m:[0m flushed 250 bytes
[2m2025-12-10T10:11:31.745127Z[0m [34mDEBUG[0m [2mhyper::client::pool[0m[2m:[0m reuse idle connection for ("http", 192.168.0.14:8545)
[2m2025-12-10T10:11:31.745131Z[0m [34mDEBUG[0m [2methereum_transaction_pool_monitor::eth_client[0m[2m:[0m 📨 Received WebSocket message: {"jsonrpc":"2.0","method":"eth_subscription","params":{"subscription":"0xbed0a0851463e895960a451075a301a9","result":"0x4c6c6e87ebb619767907b86fac98a0f6c421c3740e25217f972e8e3b884fc1ba"}}
[2m2025-12-10T10:11:31.745142Z[0m [34mDEBUG[0m [2methereum_transaction_pool_monitor::eth_client[0m[2m:[0m 📨 Received pending transaction: 0x4c6c6e87ebb619767907b86fac98a0f6c421c3740e25217f972e8e3b884fc1ba
[2m2025-12-10T10:11:31.745142Z[0m [34mDEBUG[0m [2mhyper::proto::h1::io[0m[2m:[0m flushed 172 bytes
[2m2025-12-10T10:11:31.751699Z[0m [34mDEBUG[0m [2mhyper::proto::h1::io[0m[2m:[0m parsed 4 headers
[2m2025-12-10T10:11:31.751707Z[0m [34mDEBUG[0m [2mhyper::proto::h1::conn[0m[2m:[0m incoming body is content-length (1733 bytes)
[2m2025-12-10T10:11:31.751717Z[0m [34mDEBUG[0m [2mhyper::proto::h1::conn[0m[2m:[0m incoming body completed
[2m2025-12-10T10:11:31.751726Z[0m [34mDEBUG[0m [2mhyper::client::pool[0m[2m:[0m pooling idle connection for ("http", 192.168.0.14:8545)
[2m2025-12-10T10:11:31.751733Z[0m [34mDEBUG[0m [2methereum_transaction_pool_monitor::eth_client[0m[2m:[0m 📡 Transaction fetch RPC completed in 6.665542ms
[2m2025-12-10T10:11:31.823781Z[0m [34mDEBUG[0m [2methereum_transaction_pool_monitor::eth_client[0m[2m:[0m ✅ Transaction 0xcdeb13ec20019b7705dca0adeb25eb0f711f69cbcc0dbcd6d0de6bf94fd261ce fetched and parsed in 78.711542ms
[2m2025-12-10T10:11:31.823811Z[0m [34mDEBUG[0m [2methereum_transaction_pool_monitor::mempool_monitor[0m[2m:[0m 🔍 Skipping tx 0xcdeb13ec20019b7705dca0adeb25eb0f711f69cbcc0dbcd6d0de6bf94fd261ce - not a DEX interaction (target: 0x601a2aD6CB5949f0529735254189Ba3194221EDF)
[2m2025-12-10T10:11:31.823828Z[0m [34mDEBUG[0m [2methereum_transaction_pool_monitor::mempool_monitor[0m[2m:[0m 📨 Processing new pending transaction: 0x48380f895c221d72b50bdbdf86db62d31dfbcb4c82ddaa06c2b3173376128ccc
[2m2025-12-10T10:11:31.823838Z[0m [34mDEBUG[0m [2methereum_transaction_pool_monitor::mempool_monitor[0m[2m:[0m 🔍 Fetching transaction details for: 0x48380f895c221d72b50bdbdf86db62d31dfbcb4c82ddaa06c2b3173376128ccc
[2m2025-12-10T10:11:31.823850Z[0m [34mDEBUG[0m [2methereum_transaction_pool_monitor::eth_client[0m[2m:[0m 🔍 Fetching transaction details for hash: 0x48380f895c221d72b50bdbdf86db62d31dfbcb4c82ddaa06c2b3173376128ccc
[2m2025-12-10T10:11:31.823869Z[0m [34mDEBUG[0m [2mhyper::client::pool[0m[2m:[0m reuse idle connection for ("http", 192.168.0.14:8545)
[2m2025-12-10T10:11:31.823915Z[0m [34mDEBUG[0m [2mhyper::proto::h1::io[0m[2m:[0m flushed 250 bytes
[2m2025-12-10T10:11:31.823938Z[0m [34mDEBUG[0m [2methereum_transaction_pool_monitor::eth_client[0m[2m:[0m 📨 Received WebSocket message: {"jsonrpc":"2.0","method":"eth_subscription","params":{"subscription":"0xbed0a0851463e895960a451075a301a9","result":"0x57b50801b4c52e60f3cd95176d9e516cdbe1c7ffd3f5dfd3db900f00c3c8706b"}}
[2m2025-12-10T10:11:31.823945Z[0m [34mDEBUG[0m [2methereum_transaction_pool_monitor::eth_client[0m[2m:[0m 📨 Received pending transaction: 0x57b50801b4c52e60f3cd95176d9e516cdbe1c7ffd3f5dfd3db900f00c3c8706b
[2m2025-12-10T10:11:31.823957Z[0m [34mDEBUG[0m [2mhyper::proto::h1::io[0m[2m:[0m parsed 4 headers
[2m2025-12-10T10:11:31.823964Z[0m [34mDEBUG[0m [2mhyper::proto::h1::conn[0m[2m:[0m incoming body is content-length (45 bytes)
[2m2025-12-10T10:11:31.823973Z[0m [34mDEBUG[0m [2mhyper::proto::h1::conn[0m[2m:[0m incoming body completed
[2m2025-12-10T10:11:31.823980Z[0m [34mDEBUG[0m [2mhyper::client::pool[0m[2m:[0m pooling idle connection for ("http", 192.168.0.14:8545)
[2m2025-12-10T10:11:31.823995Z[0m [34mDEBUG[0m [2mhyper::client::pool[0m[2m:[0m reuse idle connection for ("http", 192.168.0.14:8545)
[2m2025-12-10T10:11:31.824010Z[0m [34mDEBUG[0m [2mhyper::proto::h1::io[0m[2m:[0m flushed 172 bytes
[2m2025-12-10T10:11:31.830738Z[0m [34mDEBUG[0m [2mhyper::proto::h1::io[0m[2m:[0m parsed 4 headers
[2m2025-12-10T10:11:31.830748Z[0m [34mDEBUG[0m [2mhyper::proto::h1::io[0m[2m:[0m parsed 4 headers
[2m2025-12-10T10:11:31.830776Z[0m [34mDEBUG[0m [2mhyper::proto::h1::conn[0m[2m:[0m incoming body is content-length (45 bytes)
[2m2025-12-10T10:11:31.830781Z[0m [34mDEBUG[0m [2mhyper::proto::h1::conn[0m[2m:[0m incoming body is content-length (645 bytes)
[2m2025-12-10T10:11:31.830788Z[0m [34mDEBUG[0m [2mhyper::proto::h1::conn[0m[2m:[0m incoming body completed
[2m2025-12-10T10:11:31.830788Z[0m [34mDEBUG[0m [2mhyper::proto::h1::conn[0m[2m:[0m incoming body completed
[2m2025-12-10T10:11:31.830803Z[0m [34mDEBUG[0m [2mhyper::client::pool[0m[2m:[0m pooling idle connection for ("http", 192.168.0.14:8545)
[2m2025-12-10T10:11:31.830806Z[0m [34mDEBUG[0m [2mhyper::client::pool[0m[2m:[0m pooling idle connection for ("http", 192.168.0.14:8545)
[2m2025-12-10T10:11:31.830816Z[0m [34mDEBUG[0m [2methereum_transaction_pool_monitor::eth_client[0m[2m:[0m 📡 Transaction fetch RPC completed in 6.960709ms
[2m2025-12-10T10:11:31.899013Z[0m [34mDEBUG[0m [2mhyper::client::pool[0m[2m:[0m reuse idle connection for ("http", 192.168.0.14:8545)
[2m2025-12-10T10:11:31.899071Z[0m [34mDEBUG[0m [2mhyper::proto::h1::io[0m[2m:[0m flushed 172 bytes
[2m2025-12-10T10:11:31.899296Z[0m [34mDEBUG[0m [2methereum_transaction_pool_monitor::eth_client[0m[2m:[0m 📨 Received WebSocket message: {"jsonrpc":"2.0","method":"eth_subscription","params":{"subscription":"0xbed0a0851463e895960a451075a301a9","result":"0x84d6268b55c35a4ed9b7916a60c84dc31b5968a7bfb56a064f217537ab9cd262"}}
[2m2025-12-10T10:11:31.899306Z[0m [34mDEBUG[0m [2methereum_transaction_pool_monitor::eth_client[0m[2m:[0m 📨 Received pending transaction: 0x84d6268b55c35a4ed9b7916a60c84dc31b5968a7bfb56a064f217537ab9cd262
[2m2025-12-10T10:11:31.902351Z[0m [34mDEBUG[0m [2methereum_transaction_pool_monitor::eth_client[0m[2m:[0m ✅ Transaction 0x48380f895c221d72b50bdbdf86db62d31dfbcb4c82ddaa06c2b3173376128ccc fetched and parsed in 78.494834ms
[2m2025-12-10T10:11:31.902370Z[0m [34mDEBUG[0m [2methereum_transaction_pool_monitor::mempool_monitor[0m[2m:[0m 🔍 Skipping tx 0x48380f895c221d72b50bdbdf86db62d31dfbcb4c82ddaa06c2b3173376128ccc - not a DEX interaction (target: 0xA26148AE51fa8E787DF319C04137602Cc018b521)
[2m2025-12-10T10:11:31.902380Z[0m [34mDEBUG[0m [2methereum_transaction_pool_monitor::mempool_monitor[0m[2m:[0m 📨 Processing new pending transaction: 0x4c6c6e87ebb619767907b86fac98a0f6c421c3740e25217f972e8e3b884fc1ba
[2m2025-12-10T10:11:31.902387Z[0m [34mDEBUG[0m [2methereum_transaction_pool_monitor::mempool_monitor[0m[2m:[0m 🔍 Fetching transaction details for: 0x4c6c6e87ebb619767907b86fac98a0f6c421c3740e25217f972e8e3b884fc1ba
[2m2025-12-10T10:11:31.902393Z[0m [34mDEBUG[0m [2methereum_transaction_pool_monitor::eth_client[0m[2m:[0m 🔍 Fetching transaction details for hash: 0x4c6c6e87ebb619767907b86fac98a0f6c421c3740e25217f972e8e3b884fc1ba
[2m2025-12-10T10:11:31.902410Z[0m [34mDEBUG[0m [2mhyper::client::pool[0m[2m:[0m reuse idle connection for ("http", 192.168.0.14:8545)
[2m2025-12-10T10:11:31.902447Z[0m [34mDEBUG[0m [2mhyper::proto::h1::io[0m[2m:[0m flushed 250 bytes
[2m2025-12-10T10:11:31.903406Z[0m [34mDEBUG[0m [2mhyper::proto::h1::io[0m[2m:[0m parsed 4 headers
[2m2025-12-10T10:11:31.903429Z[0m [34mDEBUG[0m [2mhyper::proto::h1::conn[0m[2m:[0m incoming body is content-length (45 bytes)
[2m2025-12-10T10:11:31.903452Z[0m [34mDEBUG[0m [2mhyper::proto::h1::conn[0m[2m:[0m incoming body completed
[2m2025-12-10T10:11:31.903466Z[0m [34mDEBUG[0m [2mhyper::client::pool[0m[2m:[0m pooling idle connection for ("http", 192.168.0.14:8545)
[2m2025-12-10T10:11:31.909018Z[0m [34mDEBUG[0m [2mhyper::proto::h1::io[0m[2m:[0m parsed 4 headers
[2m2025-12-10T10:11:31.909026Z[0m [34mDEBUG[0m [2mhyper::proto::h1::conn[0m[2m:[0m incoming body is content-length (766 bytes)
[2m2025-12-10T10:11:31.909032Z[0m [34mDEBUG[0m [2mhyper::proto::h1::conn[0m[2m:[0m incoming body completed
[2m2025-12-10T10:11:31.909041Z[0m [34mDEBUG[0m [2mhyper::client::pool[0m[2m:[0m pooling idle connection for ("http", 192.168.0.14:8545)
[2m2025-12-10T10:11:31.909048Z[0m [34mDEBUG[0m [2methereum_transaction_pool_monitor::eth_client[0m[2m:[0m 📡 Transaction fetch RPC completed in 6.648625ms
[2m2025-12-10T10:11:31.909063Z[0m [34mDEBUG[0m [2methereum_transaction_pool_monitor::eth_client[0m[2m:[0m DeFi transaction detected - Address: 0xdac17f958d2ee523a2206206994597c13d831ec7, Type: Stablecoin, Value: 0 ETH, Gas: 0.32 Gwei
[2m2025-12-10T10:11:31.909080Z[0m [34mDEBUG[0m [2methereum_transaction_pool_monitor::eth_client[0m[2m:[0m ✅ Transaction 0x4c6c6e87ebb619767907b86fac98a0f6c421c3740e25217f972e8e3b884fc1ba fetched and parsed in 6.681042ms
[2m2025-12-10T10:11:31.909087Z[0m [34mDEBUG[0m [2methereum_transaction_pool_monitor::mempool_monitor[0m[2m:[0m 🔍 Skipping tx 0x4c6c6e87ebb619767907b86fac98a0f6c421c3740e25217f972e8e3b884fc1ba - not a DEX interaction (target: 0xdAC17F958D2ee523a2206206994597C13D831ec7)
[2m2025-12-10T10:11:31.909094Z[0m [34mDEBUG[0m [2methereum_transaction_pool_monitor::mempool_monitor[0m[2m:[0m 📨 Processing new pending transaction: 0x57b50801b4c52e60f3cd95176d9e516cdbe1c7ffd3f5dfd3db900f00c3c8706b
[2m2025-12-10T10:11:31.909098Z[0m [34mDEBUG[0m [2methereum_transaction_pool_monitor::mempool_monitor[0m[2m:[0m 🔍 Fetching transaction details for: 0x57b50801b4c52e60f3cd95176d9e516cdbe1c7ffd3f5dfd3db900f00c3c8706b
[2m2025-12-10T10:11:31.909102Z[0m [34mDEBUG[0m [2methereum_transaction_pool_monitor::eth_client[0m[2m:[0m 🔍 Fetching transaction details for hash: 0x57b50801b4c52e60f3cd95176d9e516cdbe1c7ffd3f5dfd3db900f00c3c8706b
[2m2025-12-10T10:11:31.909115Z[0m [34mDEBUG[0m [2mhyper::client::pool[0m[2m:[0m reuse idle connection for ("http", 192.168.0.14:8545)
[2m2025-12-10T10:11:31.909129Z[0m [34mDEBUG[0m [2mhyper::proto::h1::io[0m[2m:[0m flushed 250 bytes
[2m2025-12-10T10:11:31.920049Z[0m [34mDEBUG[0m [2mhyper::proto::h1::io[0m[2m:[0m parsed 4 headers
[2m2025-12-10T10:11:31.920065Z[0m [34mDEBUG[0m [2mhyper::proto::h1::conn[0m[2m:[0m incoming body is content-length (772 bytes)
[2m2025-12-10T10:11:31.920071Z[0m [34mDEBUG[0m [2mhyper::proto::h1::conn[0m[2m:[0m incoming body completed
[2m2025-12-10T10:11:31.920079Z[0m [34mDEBUG[0m [2mhyper::client::pool[0m[2m:[0m pooling idle connection for ("http", 192.168.0.14:8545)
[2m2025-12-10T10:11:31.920086Z[0m [34mDEBUG[0m [2methereum_transaction_pool_monitor::eth_client[0m[2m:[0m 📡 Transaction fetch RPC completed in 10.977375ms
[2m2025-12-10T10:11:31.991406Z[0m [34mDEBUG[0m [2methereum_transaction_pool_monitor::eth_client[0m[2m:[0m ✅ Transaction 0x57b50801b4c52e60f3cd95176d9e516cdbe1c7ffd3f5dfd3db900f00c3c8706b fetched and parsed in 82.295041ms
[2m2025-12-10T10:11:31.991432Z[0m [34mDEBUG[0m [2methereum_transaction_pool_monitor::mempool_monitor[0m[2m:[0m 🔍 Skipping tx 0x57b50801b4c52e60f3cd95176d9e516cdbe1c7ffd3f5dfd3db900f00c3c8706b - not a DEX interaction (target: 0xA0b86991c6218b36c1d19D4a2e9Eb0cE3606eB48)
[2m2025-12-10T10:11:31.991443Z[0m [34mDEBUG[0m [2methereum_transaction_pool_monitor::mempool_monitor[0m[2m:[0m 📨 Processing new pending transaction: 0x84d6268b55c35a4ed9b7916a60c84dc31b5968a7bfb56a064f217537ab9cd262
[2m2025-12-10T10:11:31.991450Z[0m [34mDEBUG[0m [2methereum_transaction_pool_monitor::mempool_monitor[0m[2m:[0m 🔍 Fetching transaction details for: 0x84d6268b55c35a4ed9b7916a60c84dc31b5968a7bfb56a064f217537ab9cd262
[2m2025-12-10T10:11:31.991456Z[0m [34mDEBUG[0m [2methereum_transaction_pool_monitor::eth_client[0m[2m:[0m 🔍 Fetching transaction details for hash: 0x84d6268b55c35a4ed9b7916a60c84dc31b5968a7bfb56a064f217537ab9cd262
[2m2025-12-10T10:11:31.991474Z[0m [34mDEBUG[0m [2mhyper::client::pool[0m[2m:[0m reuse idle connection for ("http", 192.168.0.14:8545)
[2m2025-12-10T10:11:31.991519Z[0m [34mDEBUG[0m [2mhyper::proto::h1::io[0m[2m:[0m flushed 250 bytes
[2m2025-12-10T10:11:31.999060Z[0m [34mDEBUG[0m [2mhyper::client::pool[0m[2m:[0m reuse idle connection for ("http", 192.168.0.14:8545)
[2m2025-12-10T10:11:31.999090Z[0m [34mDEBUG[0m [2mhyper::proto::h1::io[0m[2m:[0m flushed 172 bytes
[2m2025-12-10T10:11:32.003653Z[0m [34mDEBUG[0m [2mhyper::proto::h1::io[0m[2m:[0m parsed 4 headers
[2m2025-12-10T10:11:32.003664Z[0m [34mDEBUG[0m [2mhyper::proto::h1::conn[0m[2m:[0m incoming body is content-length (830 bytes)
[2m2025-12-10T10:11:32.003673Z[0m [34mDEBUG[0m [2mhyper::proto::h1::conn[0m[2m:[0m incoming body completed
[2m2025-12-10T10:11:32.003683Z[0m [34mDEBUG[0m [2mhyper::client::pool[0m[2m:[0m pooling idle connection for ("http", 192.168.0.14:8545)
[2m2025-12-10T10:11:32.003690Z[0m [34mDEBUG[0m [2methereum_transaction_pool_monitor::eth_client[0m[2m:[0m 📡 Transaction fetch RPC completed in 12.230125ms
[2m2025-12-10T10:11:32.076144Z[0m [34mDEBUG[0m [2methereum_transaction_pool_monitor::eth_client[0m[2m:[0m ✅ Transaction 0x84d6268b55c35a4ed9b7916a60c84dc31b5968a7bfb56a064f217537ab9cd262 fetched and parsed in 84.680542ms
[2m2025-12-10T10:11:32.076168Z[0m [34mDEBUG[0m [2methereum_transaction_pool_monitor::mempool_monitor[0m[2m:[0m 🔍 Skipping tx 0x84d6268b55c35a4ed9b7916a60c84dc31b5968a7bfb56a064f217537ab9cd262 - not a DEX interaction (target: 0x3B4D794a66304F130a4Db8F2551B0070dfCf5ca7)
[2m2025-12-10T10:11:32.076194Z[0m [34mDEBUG[0m [2mhyper::proto::h1::io[0m[2m:[0m parsed 4 headers
[2m2025-12-10T10:11:32.076199Z[0m [34mDEBUG[0m [2mhyper::proto::h1::conn[0m[2m:[0m incoming body is content-length (45 bytes)
[2m2025-12-10T10:11:32.076206Z[0m [34mDEBUG[0m [2mhyper::proto::h1::conn[0m[2m:[0m incoming body completed
[2m2025-12-10T10:11:32.076223Z[0m [34mDEBUG[0m [2mhyper::client::pool[0m[2m:[0m pooling idle connection for ("http", 192.168.0.14:8545)
[2m2025-12-10T10:11:32.097835Z[0m [34mDEBUG[0m [2mhyper::client::pool[0m[2m:[0m reuse idle connection for ("http", 192.168.0.14:8545)
[2m2025-12-10T10:11:32.097922Z[0m [34mDEBUG[0m [2mhyper::proto::h1::io[0m[2m:[0m flushed 172 bytes
[2m2025-12-10T10:11:32.102205Z[0m [34mDEBUG[0m [2mhyper::proto::h1::io[0m[2m:[0m parsed 4 headers
[2m2025-12-10T10:11:32.104234Z[0m [34mDEBUG[0m [2mhyper::proto::h1::conn[0m[2m:[0m incoming body is content-length (45 bytes)
[2m2025-12-10T10:11:32.104249Z[0m [34mDEBUG[0m [2mhyper::proto::h1::conn[0m[2m:[0m incoming body completed
[2m2025-12-10T10:11:32.104262Z[0m [34mDEBUG[0m [2mhyper::client::pool[0m[2m:[0m pooling idle connection for ("http", 192.168.0.14:8545)
[2m2025-12-10T10:11:32.121663Z[0m [34mDEBUG[0m [2methereum_transaction_pool_monitor::eth_client[0m[2m:[0m 📨 Received WebSocket message: {"jsonrpc":"2.0","method":"eth_subscription","params":{"subscription":"0xbed0a0851463e895960a451075a301a9","result":"0x4f1d4af21cd586898f3bcc1d5817485a565503380245aab00f5d2a15db92d2af"}}
[2m2025-12-10T10:11:32.121682Z[0m [34mDEBUG[0m [2methereum_transaction_pool_monitor::eth_client[0m[2m:[0m 📨 Received pending transaction: 0x4f1d4af21cd586898f3bcc1d5817485a565503380245aab00f5d2a15db92d2af
[2m2025-12-10T10:11:32.121880Z[0m [34mDEBUG[0m [2methereum_transaction_pool_monitor::mempool_monitor[0m[2m:[0m 📨 Processing new pending transaction: 0x4f1d4af21cd586898f3bcc1d5817485a565503380245aab00f5d2a15db92d2af
[2m2025-12-10T10:11:32.121890Z[0m [34mDEBUG[0m [2methereum_transaction_pool_monitor::mempool_monitor[0m[2m:[0m 🔍 Fetching transaction details for: 0x4f1d4af21cd586898f3bcc1d5817485a565503380245aab00f5d2a15db92d2af
[2m2025-12-10T10:11:32.121898Z[0m [34mDEBUG[0m [2methereum_transaction_pool_monitor::eth_client[0m[2m:[0m 🔍 Fetching transaction details for hash: 0x4f1d4af21cd586898f3bcc1d5817485a565503380245aab00f5d2a15db92d2af
[2m2025-12-10T10:11:32.121918Z[0m [34mDEBUG[0m [2mhyper::client::pool[0m[2m:[0m reuse idle connection for ("http", 192.168.0.14:8545)
[2m2025-12-10T10:11:32.121951Z[0m [34mDEBUG[0m [2mhyper::proto::h1::io[0m[2m:[0m flushed 250 bytes
[2m2025-12-10T10:11:32.128157Z[0m [34mDEBUG[0m [2mhyper::proto::h1::io[0m[2m:[0m parsed 4 headers
[2m2025-12-10T10:11:32.128173Z[0m [34mDEBUG[0m [2mhyper::proto::h1::conn[0m[2m:[0m incoming body is content-length (830 bytes)
[2m2025-12-10T10:11:32.128184Z[0m [34mDEBUG[0m [2mhyper::proto::h1::conn[0m[2m:[0m incoming body completed
[2m2025-12-10T10:11:32.128197Z[0m [34mDEBUG[0m [2mhyper::client::pool[0m[2m:[0m pooling idle connection for ("http", 192.168.0.14:8545)
[2m2025-12-10T10:11:32.128208Z[0m [34mDEBUG[0m [2methereum_transaction_pool_monitor::eth_client[0m[2m:[0m 📡 Transaction fetch RPC completed in 6.303667ms
[2m2025-12-10T10:11:32.199304Z[0m [34mDEBUG[0m [2methereum_transaction_pool_monitor::eth_client[0m[2m:[0m ✅ Transaction 0x4f1d4af21cd586898f3bcc1d5817485a565503380245aab00f5d2a15db92d2af fetched and parsed in 77.397167ms
[2m2025-12-10T10:11:32.199334Z[0m [34mDEBUG[0m [2methereum_transaction_pool_monitor::mempool_monitor[0m[2m:[0m 🔍 Skipping tx 0x4f1d4af21cd586898f3bcc1d5817485a565503380245aab00f5d2a15db92d2af - not a DEX interaction (target: 0x3B4D794a66304F130a4Db8F2551B0070dfCf5ca7)
[2m2025-12-10T10:11:32.199372Z[0m [34mDEBUG[0m [2mhyper::client::pool[0m[2m:[0m reuse idle connection for ("http", 192.168.0.14:8545)
[2m2025-12-10T10:11:32.199424Z[0m [34mDEBUG[0m [2mhyper::proto::h1::io[0m[2m:[0m flushed 172 bytes
[2m2025-12-10T10:11:32.199422Z[0m [34mDEBUG[0m [2methereum_transaction_pool_monitor::eth_client[0m[2m:[0m 📨 Received WebSocket message: {"jsonrpc":"2.0","method":"eth_subscription","params":{"subscription":"0xbed0a0851463e895960a451075a301a9","result":"0x008de81281dcb36fd2322f159a8ef761832ea47687cec96c164708a07bd7d9c2"}}
[2m2025-12-10T10:11:32.199467Z[0m [34mDEBUG[0m [2methereum_transaction_pool_monitor::eth_client[0m[2m:[0m 📨 Received pending transaction: 0x008de81281dcb36fd2322f159a8ef761832ea47687cec96c164708a07bd7d9c2
[2m2025-12-10T10:11:32.199477Z[0m [34mDEBUG[0m [2methereum_transaction_pool_monitor::mempool_monitor[0m[2m:[0m 📨 Processing new pending transaction: 0x008de81281dcb36fd2322f159a8ef761832ea47687cec96c164708a07bd7d9c2
[2m2025-12-10T10:11:32.199483Z[0m [34mDEBUG[0m [2methereum_transaction_pool_monitor::mempool_monitor[0m[2m:[0m 🔍 Fetching transaction details for: 0x008de81281dcb36fd2322f159a8ef761832ea47687cec96c164708a07bd7d9c2
[2m2025-12-10T10:11:32.199488Z[0m [34mDEBUG[0m [2methereum_transaction_pool_monitor::eth_client[0m[2m:[0m 🔍 Fetching transaction details for hash: 0x008de81281dcb36fd2322f159a8ef761832ea47687cec96c164708a07bd7d9c2
[2m2025-12-10T10:11:32.199500Z[0m [34mDEBUG[0m [2mhyper::client::pool[0m[2m:[0m reuse idle connection for ("http", 192.168.0.14:8545)
[2m2025-12-10T10:11:32.199515Z[0m [34mDEBUG[0m [2mhyper::proto::h1::io[0m[2m:[0m flushed 250 bytes
[2m2025-12-10T10:11:32.205097Z[0m [34mDEBUG[0m [2mhyper::proto::h1::io[0m[2m:[0m parsed 4 headers
[2m2025-12-10T10:11:32.205110Z[0m [34mDEBUG[0m [2mhyper::proto::h1::conn[0m[2m:[0m incoming body is content-length (45 bytes)
[2m2025-12-10T10:11:32.205117Z[0m [34mDEBUG[0m [2mhyper::proto::h1::conn[0m[2m:[0m incoming body completed
[2m2025-12-10T10:11:32.205126Z[0m [34mDEBUG[0m [2mhyper::client::pool[0m[2m:[0m pooling idle connection for ("http", 192.168.0.14:8545)
[2m2025-12-10T10:11:32.213078Z[0m [34mDEBUG[0m [2mhyper::proto::h1::io[0m[2m:[0m parsed 4 headers
[2m2025-12-10T10:11:32.213104Z[0m [34mDEBUG[0m [2mhyper::proto::h1::conn[0m[2m:[0m incoming body is content-length (5443 bytes)
[2m2025-12-10T10:11:32.213115Z[0m [34mDEBUG[0m [2mhyper::proto::h1::conn[0m[2m:[0m incoming body completed
[2m2025-12-10T10:11:32.213126Z[0m [34mDEBUG[0m [2mhyper::client::pool[0m[2m:[0m pooling idle connection for ("http", 192.168.0.14:8545)
[2m2025-12-10T10:11:32.213133Z[0m [34mDEBUG[0m [2methereum_transaction_pool_monitor::eth_client[0m[2m:[0m 📡 Transaction fetch RPC completed in 13.639833ms
[2m2025-12-10T10:11:32.284475Z[0m [34mDEBUG[0m [2methereum_transaction_pool_monitor::eth_client[0m[2m:[0m ✅ Transaction 0x008de81281dcb36fd2322f159a8ef761832ea47687cec96c164708a07bd7d9c2 fetched and parsed in 84.977875ms
[2m2025-12-10T10:11:32.284506Z[0m [34mDEBUG[0m [2methereum_transaction_pool_monitor::mempool_monitor[0m[2m:[0m 🔍 Skipping tx 0x008de81281dcb36fd2322f159a8ef761832ea47687cec96c164708a07bd7d9c2 - not a DEX interaction (target: 0xF6801D319497789f934ec7F83E142a9536312B08)
[2m2025-12-10T10:11:32.284539Z[0m [34mDEBUG[0m [2methereum_transaction_pool_monitor::eth_client[0m[2m:[0m 📨 Received WebSocket message: {"jsonrpc":"2.0","method":"eth_subscription","params":{"subscription":"0xbed0a0851463e895960a451075a301a9","result":"0x30e64d8d5960318f3cbae9dbc2c274e39dbd731f5a5c7e62b9c04ebe6e599ca4"}}
[2m2025-12-10T10:11:32.284551Z[0m [34mDEBUG[0m [2methereum_transaction_pool_monitor::eth_client[0m[2m:[0m 📨 Received pending transaction: 0x30e64d8d5960318f3cbae9dbc2c274e39dbd731f5a5c7e62b9c04ebe6e599ca4
[2m2025-12-10T10:11:32.284563Z[0m [34mDEBUG[0m [2methereum_transaction_pool_monitor::eth_client[0m[2m:[0m 📨 Received WebSocket message: {"jsonrpc":"2.0","method":"eth_subscription","params":{"subscription":"0xbed0a0851463e895960a451075a301a9","result":"0x345a01397349f3b0a0c0d81bf345692f9aca18e20b0a989ec585b10619d891ca"}}
[2m2025-12-10T10:11:32.284574Z[0m [34mDEBUG[0m [2methereum_transaction_pool_monitor::eth_client[0m[2m:[0m 📨 Received pending transaction: 0x345a01397349f3b0a0c0d81bf345692f9aca18e20b0a989ec585b10619d891ca
[2m2025-12-10T10:11:32.284585Z[0m [34mDEBUG[0m [2methereum_transaction_pool_monitor::mempool_monitor[0m[2m:[0m 📨 Processing new pending transaction: 0x30e64d8d5960318f3cbae9dbc2c274e39dbd731f5a5c7e62b9c04ebe6e599ca4
[2m2025-12-10T10:11:32.284592Z[0m [34mDEBUG[0m [2methereum_transaction_pool_monitor::mempool_monitor[0m[2m:[0m 🔍 Fetching transaction details for: 0x30e64d8d5960318f3cbae9dbc2c274e39dbd731f5a5c7e62b9c04ebe6e599ca4
[2m2025-12-10T10:11:32.284598Z[0m [34mDEBUG[0m [2methereum_transaction_pool_monitor::eth_client[0m[2m:[0m 🔍 Fetching transaction details for hash: 0x30e64d8d5960318f3cbae9dbc2c274e39dbd731f5a5c7e62b9c04ebe6e599ca4
[2m2025-12-10T10:11:32.284621Z[0m [34mDEBUG[0m [2mhyper::client::pool[0m[2m:[0m reuse idle connection for ("http", 192.168.0.14:8545)
[2m2025-12-10T10:11:32.284644Z[0m [34mDEBUG[0m [2mhyper::proto::h1::io[0m[2m:[0m flushed 250 bytes
[2m2025-12-10T10:11:32.298510Z[0m [34mDEBUG[0m [2mhyper::client::pool[0m[2m:[0m reuse idle connection for ("http", 192.168.0.14:8545)
[2m2025-12-10T10:11:32.298521Z[0m [34mDEBUG[0m [2mhyper::proto::h1::io[0m[2m:[0m parsed 4 headers
[2m2025-12-10T10:11:32.298532Z[0m [34mDEBUG[0m [2mhyper::proto::h1::conn[0m[2m:[0m incoming body is content-length (1731 bytes)
[2m2025-12-10T10:11:32.298542Z[0m [34mDEBUG[0m [2mhyper::proto::h1::conn[0m[2m:[0m incoming body completed
[2m2025-12-10T10:11:32.298552Z[0m [34mDEBUG[0m [2mhyper::client::pool[0m[2m:[0m pooling idle connection for ("http", 192.168.0.14:8545)
[2m2025-12-10T10:11:32.298556Z[0m [34mDEBUG[0m [2mhyper::proto::h1::io[0m[2m:[0m flushed 172 bytes
[2m2025-12-10T10:11:32.298560Z[0m [34mDEBUG[0m [2methereum_transaction_pool_monitor::eth_client[0m[2m:[0m 📡 Transaction fetch RPC completed in 13.955916ms
[2m2025-12-10T10:11:32.308496Z[0m [34mDEBUG[0m [2mhyper::proto::h1::io[0m[2m:[0m parsed 4 headers
[2m2025-12-10T10:11:32.308523Z[0m [34mDEBUG[0m [2mhyper::proto::h1::conn[0m[2m:[0m incoming body is content-length (45 bytes)
[2m2025-12-10T10:11:32.308533Z[0m [34mDEBUG[0m [2mhyper::proto::h1::conn[0m[2m:[0m incoming body completed
[2m2025-12-10T10:11:32.308544Z[0m [34mDEBUG[0m [2mhyper::client::pool[0m[2m:[0m pooling idle connection for ("http", 192.168.0.14:8545)
[2m2025-12-10T10:11:32.313575Z[0m [34mDEBUG[0m [2methereum_transaction_pool_monitor::eth_client[0m[2m:[0m 📨 Received WebSocket message: {"jsonrpc":"2.0","method":"eth_subscription","params":{"subscription":"0xbed0a0851463e895960a451075a301a9","result":"0x33039b1a07242e53f2ff9f4466da7c8a886c3ead8ea25f7ec0442f903da592fb"}}
[2m2025-12-10T10:11:32.313590Z[0m [34mDEBUG[0m [2methereum_transaction_pool_monitor::eth_client[0m[2m:[0m 📨 Received pending transaction: 0x33039b1a07242e53f2ff9f4466da7c8a886c3ead8ea25f7ec0442f903da592fb
[2m2025-12-10T10:11:32.369763Z[0m [34mDEBUG[0m [2methereum_transaction_pool_monitor::eth_client[0m[2m:[0m ✅ Transaction 0x30e64d8d5960318f3cbae9dbc2c274e39dbd731f5a5c7e62b9c04ebe6e599ca4 fetched and parsed in 85.156041ms
[2m2025-12-10T10:11:32.369792Z[0m [34mDEBUG[0m [2methereum_transaction_pool_monitor::mempool_monitor[0m[2m:[0m 🔍 Skipping tx 0x30e64d8d5960318f3cbae9dbc2c274e39dbd731f5a5c7e62b9c04ebe6e599ca4 - not a DEX interaction (target: 0x601a2aD6CB5949f0529735254189Ba3194221EDF)
[2m2025-12-10T10:11:32.369802Z[0m [34mDEBUG[0m [2methereum_transaction_pool_monitor::mempool_monitor[0m[2m:[0m 📨 Processing new pending transaction: 0x345a01397349f3b0a0c0d81bf345692f9aca18e20b0a989ec585b10619d891ca
[2m2025-12-10T10:11:32.369810Z[0m [34mDEBUG[0m [2methereum_transaction_pool_monitor::mempool_monitor[0m[2m:[0m 🔍 Fetching transaction details for: 0x345a01397349f3b0a0c0d81bf345692f9aca18e20b0a989ec585b10619d891ca
[2m2025-12-10T10:11:32.369826Z[0m [34mDEBUG[0m [2methereum_transaction_pool_monitor::eth_client[0m[2m:[0m 🔍 Fetching transaction details for hash: 0x345a01397349f3b0a0c0d81bf345692f9aca18e20b0a989ec585b10619d891ca
[2m2025-12-10T10:11:32.369845Z[0m [34mDEBUG[0m [2mhyper::client::pool[0m[2m:[0m reuse idle connection for ("http", 192.168.0.14:8545)
[2m2025-12-10T10:11:32.369892Z[0m [34mDEBUG[0m [2mhyper::proto::h1::io[0m[2m:[0m flushed 250 bytes
[2m2025-12-10T10:11:32.377228Z[0m [34mDEBUG[0m [2mhyper::proto::h1::io[0m[2m:[0m parsed 4 headers
[2m2025-12-10T10:11:32.377235Z[0m [34mDEBUG[0m [2mhyper::proto::h1::conn[0m[2m:[0m incoming body is content-length (768 bytes)
[2m2025-12-10T10:11:32.377242Z[0m [34mDEBUG[0m [2mhyper::proto::h1::conn[0m[2m:[0m incoming body completed
[2m2025-12-10T10:11:32.377251Z[0m [34mDEBUG[0m [2mhyper::client::pool[0m[2m:[0m pooling idle connection for ("http", 192.168.0.14:8545)
[2m2025-12-10T10:11:32.377257Z[0m [34mDEBUG[0m [2methereum_transaction_pool_monitor::eth_client[0m[2m:[0m 📡 Transaction fetch RPC completed in 7.425542ms
[2m2025-12-10T10:11:32.447778Z[0m [34mDEBUG[0m [2methereum_transaction_pool_monitor::eth_client[0m[2m:[0m ✅ Transaction 0x345a01397349f3b0a0c0d81bf345692f9aca18e20b0a989ec585b10619d891ca fetched and parsed in 77.943459ms
[2m2025-12-10T10:11:32.447804Z[0m [34mDEBUG[0m [2methereum_transaction_pool_monitor::mempool_monitor[0m[2m:[0m 🔍 Skipping tx 0x345a01397349f3b0a0c0d81bf345692f9aca18e20b0a989ec585b10619d891ca - not a DEX interaction (target: 0x6aF53C6ec427525f7240E211941223288a0E7C66)
[2m2025-12-10T10:11:32.447815Z[0m [34mDEBUG[0m [2methereum_transaction_pool_monitor::mempool_monitor[0m[2m:[0m 📨 Processing new pending transaction: 0x33039b1a07242e53f2ff9f4466da7c8a886c3ead8ea25f7ec0442f903da592fb
[2m2025-12-10T10:11:32.447822Z[0m [34mDEBUG[0m [2methereum_transaction_pool_monitor::mempool_monitor[0m[2m:[0m 🔍 Fetching transaction details for: 0x33039b1a07242e53f2ff9f4466da7c8a886c3ead8ea25f7ec0442f903da592fb
[2m2025-12-10T10:11:32.447828Z[0m [34mDEBUG[0m [2methereum_transaction_pool_monitor::eth_client[0m[2m:[0m 🔍 Fetching transaction details for hash: 0x33039b1a07242e53f2ff9f4466da7c8a886c3ead8ea25f7ec0442f903da592fb
[2m2025-12-10T10:11:32.447846Z[0m [34mDEBUG[0m [2mhyper::client::pool[0m[2m:[0m reuse idle connection for ("http", 192.168.0.14:8545)
[2m2025-12-10T10:11:32.447884Z[0m [34mDEBUG[0m [2mhyper::proto::h1::io[0m[2m:[0m flushed 250 bytes
[2m2025-12-10T10:11:32.447902Z[0m [34mDEBUG[0m [2mhyper::client::pool[0m[2m:[0m reuse idle connection for ("http", 192.168.0.14:8545)
[2m2025-12-10T10:11:32.447917Z[0m [34mDEBUG[0m [2mhyper::proto::h1::io[0m[2m:[0m flushed 172 bytes
[2m2025-12-10T10:11:32.447941Z[0m [34mDEBUG[0m [2methereum_transaction_pool_monitor::eth_client[0m[2m:[0m 📨 Received WebSocket message: {"jsonrpc":"2.0","method":"eth_subscription","params":{"subscription":"0xbed0a0851463e895960a451075a301a9","result":"0xb902187384c6446f02cec3c4d773961261b756f96ab8d6e7114c71455c280f08"}}
[2m2025-12-10T10:11:32.447950Z[0m [34mDEBUG[0m [2methereum_transaction_pool_monitor::eth_client[0m[2m:[0m 📨 Received pending transaction: 0xb902187384c6446f02cec3c4d773961261b756f96ab8d6e7114c71455c280f08
[2m2025-12-10T10:11:32.458737Z[0m [34mDEBUG[0m [2mhyper::proto::h1::io[0m[2m:[0m parsed 4 headers
[2m2025-12-10T10:11:32.462077Z[0m [34mDEBUG[0m [2mhyper::proto::h1::conn[0m[2m:[0m incoming body is content-length (45 bytes)
[2m2025-12-10T10:11:32.462115Z[0m [34mDEBUG[0m [2mhyper::proto::h1::conn[0m[2m:[0m incoming body completed
[2m2025-12-10T10:11:32.462146Z[0m [34mDEBUG[0m [2mhyper::client::pool[0m[2m:[0m pooling idle connection for ("http", 192.168.0.14:8545)
[2m2025-12-10T10:11:32.462170Z[0m [34mDEBUG[0m [2mhyper::proto::h1::io[0m[2m:[0m parsed 4 headers
[2m2025-12-10T10:11:32.462179Z[0m [34mDEBUG[0m [2mhyper::proto::h1::conn[0m[2m:[0m incoming body is content-length (830 bytes)
[2m2025-12-10T10:11:32.462184Z[0m [34mDEBUG[0m [2mhyper::proto::h1::conn[0m[2m:[0m incoming body completed
[2m2025-12-10T10:11:32.462190Z[0m [34mDEBUG[0m [2mhyper::client::pool[0m[2m:[0m pooling idle connection for ("http", 192.168.0.14:8545)
[2m2025-12-10T10:11:32.462195Z[0m [34mDEBUG[0m [2methereum_transaction_pool_monitor::eth_client[0m[2m:[0m 📡 Transaction fetch RPC completed in 14.362917ms
[2m2025-12-10T10:11:32.533881Z[0m [34mDEBUG[0m [2methereum_transaction_pool_monitor::eth_client[0m[2m:[0m ✅ Transaction 0x33039b1a07242e53f2ff9f4466da7c8a886c3ead8ea25f7ec0442f903da592fb fetched and parsed in 86.046875ms
[2m2025-12-10T10:11:32.533908Z[0m [34mDEBUG[0m [2methereum_transaction_pool_monitor::mempool_monitor[0m[2m:[0m 🔍 Skipping tx 0x33039b1a07242e53f2ff9f4466da7c8a886c3ead8ea25f7ec0442f903da592fb - not a DEX interaction (target: 0x3B4D794a66304F130a4Db8F2551B0070dfCf5ca7)
[2m2025-12-10T10:11:32.533919Z[0m [34mDEBUG[0m [2methereum_transaction_pool_monitor::mempool_monitor[0m[2m:[0m 📨 Processing new pending transaction: 0xb902187384c6446f02cec3c4d773961261b756f96ab8d6e7114c71455c280f08
[2m2025-12-10T10:11:32.533926Z[0m [34mDEBUG[0m [2methereum_transaction_pool_monitor::mempool_monitor[0m[2m:[0m 🔍 Fetching transaction details for: 0xb902187384c6446f02cec3c4d773961261b756f96ab8d6e7114c71455c280f08
[2m2025-12-10T10:11:32.533934Z[0m [34mDEBUG[0m [2methereum_transaction_pool_monitor::eth_client[0m[2m:[0m 🔍 Fetching transaction details for hash: 0xb902187384c6446f02cec3c4d773961261b756f96ab8d6e7114c71455c280f08
[2m2025-12-10T10:11:32.533953Z[0m [34mDEBUG[0m [2mhyper::client::pool[0m[2m:[0m reuse idle connection for ("http", 192.168.0.14:8545)
[2m2025-12-10T10:11:32.533983Z[0m [34mDEBUG[0m [2mhyper::proto::h1::io[0m[2m:[0m flushed 250 bytes
[2m2025-12-10T10:11:32.534808Z[0m [34mDEBUG[0m [2mhyper::client::pool[0m[2m:[0m reuse idle connection for ("http", 192.168.0.14:8545)
[2m2025-12-10T10:11:32.534814Z[0m [34mDEBUG[0m [2methereum_transaction_pool_monitor::eth_client[0m[2m:[0m 📨 Received WebSocket message: {"jsonrpc":"2.0","method":"eth_subscription","params":{"subscription":"0xbed0a0851463e895960a451075a301a9","result":"0x005a061870b5e1c2f6ffc172ee9e1c3c8e7b7a754424ba911c19cf6483344855"}}
[2m2025-12-10T10:11:32.534839Z[0m [34mDEBUG[0m [2methereum_transaction_pool_monitor::eth_client[0m[2m:[0m 📨 Received pending transaction: 0x005a061870b5e1c2f6ffc172ee9e1c3c8e7b7a754424ba911c19cf6483344855
[2m2025-12-10T10:11:32.534840Z[0m [34mDEBUG[0m [2mhyper::proto::h1::io[0m[2m:[0m flushed 172 bytes
[2m2025-12-10T10:11:32.540027Z[0m [34mDEBUG[0m [2mhyper::proto::h1::io[0m[2m:[0m parsed 4 headers
[2m2025-12-10T10:11:32.540486Z[0m [34mDEBUG[0m [2mhyper::proto::h1::conn[0m[2m:[0m incoming body is content-length (45 bytes)
[2m2025-12-10T10:11:32.540501Z[0m [34mDEBUG[0m [2mhyper::proto::h1::conn[0m[2m:[0m incoming body completed
[2m2025-12-10T10:11:32.540514Z[0m [34mDEBUG[0m [2mhyper::client::pool[0m[2m:[0m pooling idle connection for ("http", 192.168.0.14:8545)
[2m2025-12-10T10:11:32.544520Z[0m [34mDEBUG[0m [2mhyper::proto::h1::io[0m[2m:[0m parsed 4 headers
[2m2025-12-10T10:11:32.544526Z[0m [34mDEBUG[0m [2mhyper::proto::h1::conn[0m[2m:[0m incoming body is content-length (770 bytes)
[2m2025-12-10T10:11:32.544531Z[0m [34mDEBUG[0m [2mhyper::proto::h1::conn[0m[2m:[0m incoming body completed
[2m2025-12-10T10:11:32.544537Z[0m [34mDEBUG[0m [2mhyper::client::pool[0m[2m:[0m pooling idle connection for ("http", 192.168.0.14:8545)
[2m2025-12-10T10:11:32.544542Z[0m [34mDEBUG[0m [2methereum_transaction_pool_monitor::eth_client[0m[2m:[0m 📡 Transaction fetch RPC completed in 10.602959ms
[2m2025-12-10T10:11:32.612661Z[0m [34mDEBUG[0m [2methereum_transaction_pool_monitor::eth_client[0m[2m:[0m ✅ Transaction 0xb902187384c6446f02cec3c4d773961261b756f96ab8d6e7114c71455c280f08 fetched and parsed in 78.71975ms
[2m2025-12-10T10:11:32.612688Z[0m [34mDEBUG[0m [2methereum_transaction_pool_monitor::mempool_monitor[0m[2m:[0m 🔍 Skipping tx 0xb902187384c6446f02cec3c4d773961261b756f96ab8d6e7114c71455c280f08 - not a DEX interaction (target: 0xA0b86991c6218b36c1d19D4a2e9Eb0cE3606eB48)
[2m2025-12-10T10:11:32.612698Z[0m [34mDEBUG[0m [2methereum_transaction_pool_monitor::mempool_monitor[0m[2m:[0m 📨 Processing new pending transaction: 0x005a061870b5e1c2f6ffc172ee9e1c3c8e7b7a754424ba911c19cf6483344855
[2m2025-12-10T10:11:32.612703Z[0m [34mDEBUG[0m [2methereum_transaction_pool_monitor::mempool_monitor[0m[2m:[0m 🔍 Fetching transaction details for: 0x005a061870b5e1c2f6ffc172ee9e1c3c8e7b7a754424ba911c19cf6483344855
[2m2025-12-10T10:11:32.612707Z[0m [34mDEBUG[0m [2methereum_transaction_pool_monitor::eth_client[0m[2m:[0m 🔍 Fetching transaction details for hash: 0x005a061870b5e1c2f6ffc172ee9e1c3c8e7b7a754424ba911c19cf6483344855
[2m2025-12-10T10:11:32.612725Z[0m [34mDEBUG[0m [2mhyper::client::pool[0m[2m:[0m reuse idle connection for ("http", 192.168.0.14:8545)
[2m2025-12-10T10:11:32.612776Z[0m [34mDEBUG[0m [2mhyper::proto::h1::io[0m[2m:[0m flushed 250 bytes
[2m2025-12-10T10:11:32.612803Z[0m [34mDEBUG[0m [2mhyper::client::pool[0m[2m:[0m reuse idle connection for ("http", 192.168.0.14:8545)
[2m2025-12-10T10:11:32.612815Z[0m [34mDEBUG[0m [2mhyper::proto::h1::io[0m[2m:[0m flushed 172 bytes
[2m2025-12-10T10:11:32.616952Z[0m [34mDEBUG[0m [2mhyper::proto::h1::io[0m[2m:[0m parsed 4 headers
[2m2025-12-10T10:11:32.616978Z[0m [34mDEBUG[0m [2mhyper::proto::h1::conn[0m[2m:[0m incoming body is content-length (45 bytes)
[2m2025-12-10T10:11:32.617003Z[0m [34mDEBUG[0m [2mhyper::proto::h1::conn[0m[2m:[0m incoming body completed
[2m2025-12-10T10:11:32.617014Z[0m [34mDEBUG[0m [2mhyper::client::pool[0m[2m:[0m pooling idle connection for ("http", 192.168.0.14:8545)
[2m2025-12-10T10:11:32.617686Z[0m [34mDEBUG[0m [2mhyper::proto::h1::io[0m[2m:[0m parsed 4 headers
[2m2025-12-10T10:11:32.617708Z[0m [34mDEBUG[0m [2mhyper::proto::h1::conn[0m[2m:[0m incoming body is content-length (554 bytes)
[2m2025-12-10T10:11:32.617727Z[0m [34mDEBUG[0m [2mhyper::proto::h1::conn[0m[2m:[0m incoming body completed
[2m2025-12-10T10:11:32.617749Z[0m [34mDEBUG[0m [2mhyper::client::pool[0m[2m:[0m pooling idle connection for ("http", 192.168.0.14:8545)
[2m2025-12-10T10:11:32.617757Z[0m [34mDEBUG[0m [2methereum_transaction_pool_monitor::eth_client[0m[2m:[0m 📡 Transaction fetch RPC completed in 5.045041ms
[2m2025-12-10T10:11:32.688983Z[0m [34mDEBUG[0m [2methereum_transaction_pool_monitor::eth_client[0m[2m:[0m ✅ Transaction 0x005a061870b5e1c2f6ffc172ee9e1c3c8e7b7a754424ba911c19cf6483344855 fetched and parsed in 76.268958ms
[2m2025-12-10T10:11:32.689005Z[0m [34mDEBUG[0m [2methereum_transaction_pool_monitor::mempool_monitor[0m[2m:[0m 🔍 Skipping tx 0x005a061870b5e1c2f6ffc172ee9e1c3c8e7b7a754424ba911c19cf6483344855 - not a DEX interaction (target: 0x4DE54c4d6f28EB599798b3701D1ea4fA72EA0110)
[2m2025-12-10T10:11:32.689028Z[0m [34mDEBUG[0m [2methereum_transaction_pool_monitor::eth_client[0m[2m:[0m 📨 Received WebSocket message: {"jsonrpc":"2.0","method":"eth_subscription","params":{"subscription":"0xbed0a0851463e895960a451075a301a9","result":"0x980ed12963335e3a881959f393610b24c1dfe54a9b18641f874099bc99948d0b"}}
[2m2025-12-10T10:11:32.689038Z[0m [34mDEBUG[0m [2methereum_transaction_pool_monitor::eth_client[0m[2m:[0m 📨 Received pending transaction: 0x980ed12963335e3a881959f393610b24c1dfe54a9b18641f874099bc99948d0b
[2m2025-12-10T10:11:32.689047Z[0m [34mDEBUG[0m [2methereum_transaction_pool_monitor::mempool_monitor[0m[2m:[0m 📨 Processing new pending transaction: 0x980ed12963335e3a881959f393610b24c1dfe54a9b18641f874099bc99948d0b
[2m2025-12-10T10:11:32.689052Z[0m [34mDEBUG[0m [2methereum_transaction_pool_monitor::mempool_monitor[0m[2m:[0m 🔍 Fetching transaction details for: 0x980ed12963335e3a881959f393610b24c1dfe54a9b18641f874099bc99948d0b
[2m2025-12-10T10:11:32.689058Z[0m [34mDEBUG[0m [2methereum_transaction_pool_monitor::eth_client[0m[2m:[0m 🔍 Fetching transaction details for hash: 0x980ed12963335e3a881959f393610b24c1dfe54a9b18641f874099bc99948d0b
[2m2025-12-10T10:11:32.689079Z[0m [34mDEBUG[0m [2mhyper::client::pool[0m[2m:[0m reuse idle connection for ("http", 192.168.0.14:8545)
[2m2025-12-10T10:11:32.689122Z[0m [34mDEBUG[0m [2mhyper::proto::h1::io[0m[2m:[0m flushed 250 bytes
[2m2025-12-10T10:11:32.693755Z[0m [34mDEBUG[0m [2mhyper::proto::h1::io[0m[2m:[0m parsed 4 headers
[2m2025-12-10T10:11:32.693762Z[0m [34mDEBUG[0m [2mhyper::proto::h1::conn[0m[2m:[0m incoming body is content-length (644 bytes)
[2m2025-12-10T10:11:32.693770Z[0m [34mDEBUG[0m [2mhyper::proto::h1::conn[0m[2m:[0m incoming body completed
[2m2025-12-10T10:11:32.693778Z[0m [34mDEBUG[0m [2mhyper::client::pool[0m[2m:[0m pooling idle connection for ("http", 192.168.0.14:8545)
[2m2025-12-10T10:11:32.693784Z[0m [34mDEBUG[0m [2methereum_transaction_pool_monitor::eth_client[0m[2m:[0m 📡 Transaction fetch RPC completed in 4.7185ms
[2m2025-12-10T10:11:32.775339Z[0m [34mDEBUG[0m [2methereum_transaction_pool_monitor::eth_client[0m[2m:[0m ✅ Transaction 0x980ed12963335e3a881959f393610b24c1dfe54a9b18641f874099bc99948d0b fetched and parsed in 86.270708ms
[2m2025-12-10T10:11:32.775365Z[0m [34mDEBUG[0m [2methereum_transaction_pool_monitor::mempool_monitor[0m[2m:[0m 🔍 Skipping tx 0x980ed12963335e3a881959f393610b24c1dfe54a9b18641f874099bc99948d0b - not a DEX interaction (target: 0x17E5545B11b468072283Cee1F066a059Fb0dbF24)
[2m2025-12-10T10:11:32.775410Z[0m [34mDEBUG[0m [2mhyper::client::pool[0m[2m:[0m reuse idle connection for ("http", 192.168.0.14:8545)
[2m2025-12-10T10:11:32.775450Z[0m [34mDEBUG[0m [2mhyper::proto::h1::io[0m[2m:[0m flushed 172 bytes
[2m2025-12-10T10:11:32.801494Z[0m [34mDEBUG[0m [2mhyper::proto::h1::io[0m[2m:[0m parsed 4 headers
[2m2025-12-10T10:11:32.801531Z[0m [34mDEBUG[0m [2mhyper::proto::h1::conn[0m[2m:[0m incoming body is content-length (45 bytes)
[2m2025-12-10T10:11:32.801547Z[0m [34mDEBUG[0m [2mhyper::proto::h1::conn[0m[2m:[0m incoming body completed
[2m2025-12-10T10:11:32.801574Z[0m [34mDEBUG[0m [2mhyper::client::pool[0m[2m:[0m pooling idle connection for ("http", 192.168.0.14:8545)
[2m2025-12-10T10:11:32.801604Z[0m [34mDEBUG[0m [2mhyper::client::pool[0m[2m:[0m reuse idle connection for ("http", 192.168.0.14:8545)
[2m2025-12-10T10:11:32.801626Z[0m [34mDEBUG[0m [2mhyper::proto::h1::io[0m[2m:[0m flushed 172 bytes
[2m2025-12-10T10:11:32.807577Z[0m [34mDEBUG[0m [2mhyper::proto::h1::io[0m[2m:[0m parsed 4 headers
[2m2025-12-10T10:11:32.807608Z[0m [34mDEBUG[0m [2mhyper::proto::h1::conn[0m[2m:[0m incoming body is content-length (45 bytes)
[2m2025-12-10T10:11:32.807627Z[0m [34mDEBUG[0m [2mhyper::proto::h1::conn[0m[2m:[0m incoming body completed
[2m2025-12-10T10:11:32.807635Z[0m [34mDEBUG[0m [2mhyper::client::pool[0m[2m:[0m pooling idle connection for ("http", 192.168.0.14:8545)
[2m2025-12-10T10:11:32.813159Z[0m [34mDEBUG[0m [2methereum_transaction_pool_monitor::eth_client[0m[2m:[0m 📨 Received WebSocket message: {"jsonrpc":"2.0","method":"eth_subscription","params":{"subscription":"0xbed0a0851463e895960a451075a301a9","result":"0x6aae042f7bd74875ce0bb23dfe84eea7ce1981cf8f115681fa114dbdefe2e987"}}
[2m2025-12-10T10:11:32.813182Z[0m [34mDEBUG[0m [2methereum_transaction_pool_monitor::eth_client[0m[2m:[0m 📨 Received pending transaction: 0x6aae042f7bd74875ce0bb23dfe84eea7ce1981cf8f115681fa114dbdefe2e987
[2m2025-12-10T10:11:32.813193Z[0m [34mDEBUG[0m [2methereum_transaction_pool_monitor::mempool_monitor[0m[2m:[0m 📨 Processing new pending transaction: 0x6aae042f7bd74875ce0bb23dfe84eea7ce1981cf8f115681fa114dbdefe2e987
[2m2025-12-10T10:11:32.813201Z[0m [34mDEBUG[0m [2methereum_transaction_pool_monitor::mempool_monitor[0m[2m:[0m 🔍 Fetching transaction details for: 0x6aae042f7bd74875ce0bb23dfe84eea7ce1981cf8f115681fa114dbdefe2e987
[2m2025-12-10T10:11:32.813207Z[0m [34mDEBUG[0m [2methereum_transaction_pool_monitor::eth_client[0m[2m:[0m 🔍 Fetching transaction details for hash: 0x6aae042f7bd74875ce0bb23dfe84eea7ce1981cf8f115681fa114dbdefe2e987
[2m2025-12-10T10:11:32.813231Z[0m [34mDEBUG[0m [2mhyper::client::pool[0m[2m:[0m reuse idle connection for ("http", 192.168.0.14:8545)
[2m2025-12-10T10:11:32.813249Z[0m [34mDEBUG[0m [2mhyper::proto::h1::io[0m[2m:[0m flushed 250 bytes
[2m2025-12-10T10:11:32.819155Z[0m [34mDEBUG[0m [2mhyper::proto::h1::io[0m[2m:[0m parsed 4 headers
[2m2025-12-10T10:11:32.819172Z[0m [34mDEBUG[0m [2mhyper::proto::h1::conn[0m[2m:[0m incoming body is content-length (2563 bytes)
[2m2025-12-10T10:11:32.819180Z[0m [34mDEBUG[0m [2mhyper::proto::h1::conn[0m[2m:[0m incoming body completed
[2m2025-12-10T10:11:32.819188Z[0m [34mDEBUG[0m [2mhyper::client::pool[0m[2m:[0m pooling idle connection for ("http", 192.168.0.14:8545)
[2m2025-12-10T10:11:32.819195Z[0m [34mDEBUG[0m [2methereum_transaction_pool_monitor::eth_client[0m[2m:[0m 📡 Transaction fetch RPC completed in 5.982167ms
[2m2025-12-10T10:11:32.890874Z[0m [34mDEBUG[0m [2methereum_transaction_pool_monitor::eth_client[0m[2m:[0m ✅ Transaction 0x6aae042f7bd74875ce0bb23dfe84eea7ce1981cf8f115681fa114dbdefe2e987 fetched and parsed in 77.658709ms
[2m2025-12-10T10:11:32.890895Z[0m [34mDEBUG[0m [2methereum_transaction_pool_monitor::mempool_monitor[0m[2m:[0m 🔍 Skipping tx 0x6aae042f7bd74875ce0bb23dfe84eea7ce1981cf8f115681fa114dbdefe2e987 - not a DEX interaction (target: 0x1FA57f879417e029Ef57D7Ce915b0aA56A507C31)
[2m2025-12-10T10:11:32.898489Z[0m [34mDEBUG[0m [2mhyper::client::pool[0m[2m:[0m reuse idle connection for ("http", 192.168.0.14:8545)
[2m2025-12-10T10:11:32.898564Z[0m [34mDEBUG[0m [2mhyper::proto::h1::io[0m[2m:[0m flushed 172 bytes
[2m2025-12-10T10:11:32.901734Z[0m [34mDEBUG[0m [2mhyper::proto::h1::io[0m[2m:[0m parsed 4 headers
[2m2025-12-10T10:11:32.901774Z[0m [34mDEBUG[0m [2mhyper::proto::h1::conn[0m[2m:[0m incoming body is content-length (45 bytes)
[2m2025-12-10T10:11:32.901790Z[0m [34mDEBUG[0m [2mhyper::proto::h1::conn[0m[2m:[0m incoming body completed
[2m2025-12-10T10:11:32.901813Z[0m [34mDEBUG[0m [2mhyper::client::pool[0m[2m:[0m pooling idle connection for ("http", 192.168.0.14:8545)
[2m2025-12-10T10:11:32.997916Z[0m [34mDEBUG[0m [2mhyper::client::pool[0m[2m:[0m reuse idle connection for ("http", 192.168.0.14:8545)
[2m2025-12-10T10:11:32.997976Z[0m [34mDEBUG[0m [2mhyper::proto::h1::io[0m[2m:[0m flushed 172 bytes
[2m2025-12-10T10:11:33.001657Z[0m [34mDEBUG[0m [2mhyper::proto::h1::io[0m[2m:[0m parsed 4 headers
[2m2025-12-10T10:11:33.001670Z[0m [34mDEBUG[0m [2mhyper::proto::h1::conn[0m[2m:[0m incoming body is content-length (45 bytes)
[2m2025-12-10T10:11:33.001682Z[0m [34mDEBUG[0m [2mhyper::proto::h1::conn[0m[2m:[0m incoming body completed
[2m2025-12-10T10:11:33.001693Z[0m [34mDEBUG[0m [2mhyper::client::pool[0m[2m:[0m pooling idle connection for ("http", 192.168.0.14:8545)
[2m2025-12-10T10:11:33.054193Z[0m [34mDEBUG[0m [2methereum_transaction_pool_monitor::eth_client[0m[2m:[0m 📨 Received WebSocket message: {"jsonrpc":"2.0","method":"eth_subscription","params":{"subscription":"0xbed0a0851463e895960a451075a301a9","result":"0xf9c985afb0066ff20e5112bf5eb31635ce36a3b76e46029585760e09c82e24c0"}}
[2m2025-12-10T10:11:33.054233Z[0m [34mDEBUG[0m [2methereum_transaction_pool_monitor::eth_client[0m[2m:[0m 📨 Received pending transaction: 0xf9c985afb0066ff20e5112bf5eb31635ce36a3b76e46029585760e09c82e24c0
[2m2025-12-10T10:11:33.054250Z[0m [34mDEBUG[0m [2methereum_transaction_pool_monitor::mempool_monitor[0m[2m:[0m 📨 Processing new pending transaction: 0xf9c985afb0066ff20e5112bf5eb31635ce36a3b76e46029585760e09c82e24c0
[2m2025-12-10T10:11:33.054261Z[0m [34mDEBUG[0m [2methereum_transaction_pool_monitor::mempool_monitor[0m[2m:[0m 🔍 Fetching transaction details for: 0xf9c985afb0066ff20e5112bf5eb31635ce36a3b76e46029585760e09c82e24c0
[2m2025-12-10T10:11:33.054270Z[0m [34mDEBUG[0m [2methereum_transaction_pool_monitor::eth_client[0m[2m:[0m 🔍 Fetching transaction details for hash: 0xf9c985afb0066ff20e5112bf5eb31635ce36a3b76e46029585760e09c82e24c0
[2m2025-12-10T10:11:33.054304Z[0m [34mDEBUG[0m [2mhyper::client::pool[0m[2m:[0m reuse idle connection for ("http", 192.168.0.14:8545)
[2m2025-12-10T10:11:33.054354Z[0m [34mDEBUG[0m [2mhyper::proto::h1::io[0m[2m:[0m flushed 250 bytes
[2m2025-12-10T10:11:33.058973Z[0m [34mDEBUG[0m [2mhyper::proto::h1::io[0m[2m:[0m parsed 4 headers
[2m2025-12-10T10:11:33.058988Z[0m [34mDEBUG[0m [2mhyper::proto::h1::conn[0m[2m:[0m incoming body is content-length (763 bytes)
[2m2025-12-10T10:11:33.059003Z[0m [34mDEBUG[0m [2mhyper::proto::h1::conn[0m[2m:[0m incoming body completed
[2m2025-12-10T10:11:33.059022Z[0m [34mDEBUG[0m [2mhyper::client::pool[0m[2m:[0m pooling idle connection for ("http", 192.168.0.14:8545)
[2m2025-12-10T10:11:33.059037Z[0m [34mDEBUG[0m [2methereum_transaction_pool_monitor::eth_client[0m[2m:[0m 📡 Transaction fetch RPC completed in 4.758375ms
[2m2025-12-10T10:11:33.145130Z[0m [34mDEBUG[0m [2methereum_transaction_pool_monitor::eth_client[0m[2m:[0m ✅ Transaction 0xf9c985afb0066ff20e5112bf5eb31635ce36a3b76e46029585760e09c82e24c0 fetched and parsed in 90.848375ms
[2m2025-12-10T10:11:33.145163Z[0m [34mDEBUG[0m [2methereum_transaction_pool_monitor::mempool_monitor[0m[2m:[0m 🔍 Skipping tx 0xf9c985afb0066ff20e5112bf5eb31635ce36a3b76e46029585760e09c82e24c0 - not a DEX interaction (target: 0xd50370bEE8bFf23Bbb30ca558a1d0207DBc96ef2)
[2m2025-12-10T10:11:33.145209Z[0m [34mDEBUG[0m [2mhyper::client::pool[0m[2m:[0m reuse idle connection for ("http", 192.168.0.14:8545)
[2m2025-12-10T10:11:33.145465Z[0m [34mDEBUG[0m [2mhyper::proto::h1::io[0m[2m:[0m flushed 172 bytes
[2m2025-12-10T10:11:33.150130Z[0m [34mDEBUG[0m [2mhyper::proto::h1::io[0m[2m:[0m parsed 4 headers
[2m2025-12-10T10:11:33.150136Z[0m [34mDEBUG[0m [2mhyper::proto::h1::conn[0m[2m:[0m incoming body is content-length (45 bytes)
[2m2025-12-10T10:11:33.150143Z[0m [34mDEBUG[0m [2mhyper::proto::h1::conn[0m[2m:[0m incoming body completed
[2m2025-12-10T10:11:33.150150Z[0m [34mDEBUG[0m [2mhyper::client::pool[0m[2m:[0m pooling idle connection for ("http", 192.168.0.14:8545)
[2m2025-12-10T10:11:33.154352Z[0m [34mDEBUG[0m [2methereum_transaction_pool_monitor::eth_client[0m[2m:[0m 📨 Received WebSocket message: {"jsonrpc":"2.0","method":"eth_subscription","params":{"subscription":"0xbed0a0851463e895960a451075a301a9","result":"0x18e3fbb070a47592eaa7a5cfc85cb2c299edf01e015bb5845a8846401effda57"}}
[2m2025-12-10T10:11:33.154385Z[0m [34mDEBUG[0m [2methereum_transaction_pool_monitor::eth_client[0m[2m:[0m 📨 Received pending transaction: 0x18e3fbb070a47592eaa7a5cfc85cb2c299edf01e015bb5845a8846401effda57
[2m2025-12-10T10:11:33.154407Z[0m [34mDEBUG[0m [2methereum_transaction_pool_monitor::mempool_monitor[0m[2m:[0m 📨 Processing new pending transaction: 0x18e3fbb070a47592eaa7a5cfc85cb2c299edf01e015bb5845a8846401effda57
[2m2025-12-10T10:11:33.154412Z[0m [34mDEBUG[0m [2methereum_transaction_pool_monitor::mempool_monitor[0m[2m:[0m 🔍 Fetching transaction details for: 0x18e3fbb070a47592eaa7a5cfc85cb2c299edf01e015bb5845a8846401effda57
[2m2025-12-10T10:11:33.154416Z[0m [34mDEBUG[0m [2methereum_transaction_pool_monitor::eth_client[0m[2m:[0m 🔍 Fetching transaction details for hash: 0x18e3fbb070a47592eaa7a5cfc85cb2c299edf01e015bb5845a8846401effda57
[2m2025-12-10T10:11:33.154436Z[0m [34mDEBUG[0m [2mhyper::client::pool[0m[2m:[0m reuse idle connection for ("http", 192.168.0.14:8545)
[2m2025-12-10T10:11:33.154452Z[0m [34mDEBUG[0m [2mhyper::proto::h1::io[0m[2m:[0m flushed 250 bytes
[2m2025-12-10T10:11:33.159566Z[0m [34mDEBUG[0m [2mhyper::proto::h1::io[0m[2m:[0m parsed 4 headers
[2m2025-12-10T10:11:33.159571Z[0m [34mDEBUG[0m [2mhyper::proto::h1::conn[0m[2m:[0m incoming body is content-length (763 bytes)
[2m2025-12-10T10:11:33.159575Z[0m [34mDEBUG[0m [2mhyper::proto::h1::conn[0m[2m:[0m incoming body completed
[2m2025-12-10T10:11:33.159580Z[0m [34mDEBUG[0m [2mhyper::client::pool[0m[2m:[0m pooling idle connection for ("http", 192.168.0.14:8545)
[2m2025-12-10T10:11:33.159585Z[0m [34mDEBUG[0m [2methereum_transaction_pool_monitor::eth_client[0m[2m:[0m 📡 Transaction fetch RPC completed in 5.16475ms
[2m2025-12-10T10:11:33.230828Z[0m [34mDEBUG[0m [2methereum_transaction_pool_monitor::eth_client[0m[2m:[0m ✅ Transaction 0x18e3fbb070a47592eaa7a5cfc85cb2c299edf01e015bb5845a8846401effda57 fetched and parsed in 76.405333ms
[2m2025-12-10T10:11:33.230857Z[0m [34mDEBUG[0m [2methereum_transaction_pool_monitor::mempool_monitor[0m[2m:[0m 🔍 Skipping tx 0x18e3fbb070a47592eaa7a5cfc85cb2c299edf01e015bb5845a8846401effda57 - not a DEX interaction (target: 0xA0b86991c6218b36c1d19D4a2e9Eb0cE3606eB48)
[2m2025-12-10T10:11:33.230902Z[0m [34mDEBUG[0m [2mhyper::client::pool[0m[2m:[0m reuse idle connection for ("http", 192.168.0.14:8545)
[2m2025-12-10T10:11:33.230946Z[0m [34mDEBUG[0m [2mhyper::proto::h1::io[0m[2m:[0m flushed 172 bytes
[2m2025-12-10T10:11:33.234037Z[0m [34mDEBUG[0m [2mhyper::proto::h1::io[0m[2m:[0m parsed 4 headers
[2m2025-12-10T10:11:33.234066Z[0m [34mDEBUG[0m [2mhyper::proto::h1::conn[0m[2m:[0m incoming body is content-length (45 bytes)
[2m2025-12-10T10:11:33.234092Z[0m [34mDEBUG[0m [2mhyper::proto::h1::conn[0m[2m:[0m incoming body completed
[2m2025-12-10T10:11:33.234101Z[0m [34mDEBUG[0m [2mhyper::client::pool[0m[2m:[0m pooling idle connection for ("http", 192.168.0.14:8545)
[2m2025-12-10T10:11:33.299172Z[0m [34mDEBUG[0m [2mhyper::client::pool[0m[2m:[0m reuse idle connection for ("http", 192.168.0.14:8545)
[2m2025-12-10T10:11:33.299243Z[0m [34mDEBUG[0m [2mhyper::proto::h1::io[0m[2m:[0m flushed 172 bytes
[2m2025-12-10T10:11:33.302759Z[0m [34mDEBUG[0m [2mhyper::proto::h1::io[0m[2m:[0m parsed 4 headers
[2m2025-12-10T10:11:33.302780Z[0m [34mDEBUG[0m [2mhyper::proto::h1::conn[0m[2m:[0m incoming body is content-length (45 bytes)
[2m2025-12-10T10:11:33.302802Z[0m [34mDEBUG[0m [2mhyper::proto::h1::conn[0m[2m:[0m incoming body completed
[2m2025-12-10T10:11:33.302812Z[0m [34mDEBUG[0m [2mhyper::client::pool[0m[2m:[0m pooling idle connection for ("http", 192.168.0.14:8545)
[2m2025-12-10T10:11:33.399889Z[0m [34mDEBUG[0m [2mhyper::client::pool[0m[2m:[0m reuse idle connection for ("http", 192.168.0.14:8545)
[2m2025-12-10T10:11:33.399940Z[0m [34mDEBUG[0m [2mhyper::proto::h1::io[0m[2m:[0m flushed 172 bytes
[2m2025-12-10T10:11:33.405298Z[0m [34mDEBUG[0m [2mhyper::proto::h1::io[0m[2m:[0m parsed 4 headers
[2m2025-12-10T10:11:33.405399Z[0m [34mDEBUG[0m [2mhyper::proto::h1::conn[0m[2m:[0m incoming body is content-length (45 bytes)
[2m2025-12-10T10:11:33.405424Z[0m [34mDEBUG[0m [2mhyper::proto::h1::conn[0m[2m:[0m incoming body completed
[2m2025-12-10T10:11:33.405452Z[0m [34mDEBUG[0m [2mhyper::client::pool[0m[2m:[0m pooling idle connection for ("http", 192.168.0.14:8545)
[2m2025-12-10T10:11:33.455384Z[0m [34mDEBUG[0m [2methereum_transaction_pool_monitor::eth_client[0m[2m:[0m 📨 Received WebSocket message: {"jsonrpc":"2.0","method":"eth_subscription","params":{"subscription":"0xbed0a0851463e895960a451075a301a9","result":"0x69162a738ea579e79b4d43aba05186d953ac391f6c60769facd799a09f9a82a4"}}
[2m2025-12-10T10:11:33.455410Z[0m [34mDEBUG[0m [2methereum_transaction_pool_monitor::eth_client[0m[2m:[0m 📨 Received pending transaction: 0x69162a738ea579e79b4d43aba05186d953ac391f6c60769facd799a09f9a82a4
[2m2025-12-10T10:11:33.455421Z[0m [34mDEBUG[0m [2methereum_transaction_pool_monitor::mempool_monitor[0m[2m:[0m 📨 Processing new pending transaction: 0x69162a738ea579e79b4d43aba05186d953ac391f6c60769facd799a09f9a82a4
[2m2025-12-10T10:11:33.455428Z[0m [34mDEBUG[0m [2methereum_transaction_pool_monitor::mempool_monitor[0m[2m:[0m 🔍 Fetching transaction details for: 0x69162a738ea579e79b4d43aba05186d953ac391f6c60769facd799a09f9a82a4
[2m2025-12-10T10:11:33.455434Z[0m [34mDEBUG[0m [2methereum_transaction_pool_monitor::eth_client[0m[2m:[0m 🔍 Fetching transaction details for hash: 0x69162a738ea579e79b4d43aba05186d953ac391f6c60769facd799a09f9a82a4
[2m2025-12-10T10:11:33.455458Z[0m [34mDEBUG[0m [2mhyper::client::pool[0m[2m:[0m reuse idle connection for ("http", 192.168.0.14:8545)
[2m2025-12-10T10:11:33.455486Z[0m [34mDEBUG[0m [2mhyper::proto::h1::io[0m[2m:[0m flushed 250 bytes
[2m2025-12-10T10:11:33.483048Z[0m [34mDEBUG[0m [2mhyper::proto::h1::io[0m[2m:[0m parsed 4 headers
[2m2025-12-10T10:11:33.483077Z[0m [34mDEBUG[0m [2mhyper::proto::h1::conn[0m[2m:[0m incoming body is content-length (7042 bytes)
[2m2025-12-10T10:11:33.483100Z[0m [34mDEBUG[0m [2methereum_transaction_pool_monitor::eth_client[0m[2m:[0m 📡 Transaction fetch RPC completed in 27.660209ms
[2m2025-12-10T10:11:33.484258Z[0m [34mDEBUG[0m [2mhyper::proto::h1::conn[0m[2m:[0m incoming body completed
[2m2025-12-10T10:11:33.484272Z[0m [34mDEBUG[0m [2mhyper::client::pool[0m[2m:[0m pooling idle connection for ("http", 192.168.0.14:8545)
[2m2025-12-10T10:11:33.487854Z[0m [34mDEBUG[0m [2methereum_transaction_pool_monitor::eth_client[0m[2m:[0m 📨 Received WebSocket message: {"jsonrpc":"2.0","method":"eth_subscription","params":{"subscription":"0xbed0a0851463e895960a451075a301a9","result":"0xea7ddf83958826dc2904f52ae050e68727ae21f95ab649521446e61f72969f9a"}}
[2m2025-12-10T10:11:33.487869Z[0m [34mDEBUG[0m [2methereum_transaction_pool_monitor::eth_client[0m[2m:[0m 📨 Received pending transaction: 0xea7ddf83958826dc2904f52ae050e68727ae21f95ab649521446e61f72969f9a
[2m2025-12-10T10:11:33.499235Z[0m [34mDEBUG[0m [2mhyper::client::pool[0m[2m:[0m reuse idle connection for ("http", 192.168.0.14:8545)
[2m2025-12-10T10:11:33.499310Z[0m [34mDEBUG[0m [2mhyper::proto::h1::io[0m[2m:[0m flushed 172 bytes
[2m2025-12-10T10:11:33.502945Z[0m [34mDEBUG[0m [2mhyper::proto::h1::io[0m[2m:[0m parsed 4 headers
[2m2025-12-10T10:11:33.502965Z[0m [34mDEBUG[0m [2mhyper::proto::h1::conn[0m[2m:[0m incoming body is content-length (45 bytes)
[2m2025-12-10T10:11:33.502977Z[0m [34mDEBUG[0m [2mhyper::proto::h1::conn[0m[2m:[0m incoming body completed
[2m2025-12-10T10:11:33.502991Z[0m [34mDEBUG[0m [2mhyper::client::pool[0m[2m:[0m pooling idle connection for ("http", 192.168.0.14:8545)
[2m2025-12-10T10:11:33.525635Z[0m [34mDEBUG[0m [2methereum_transaction_pool_monitor::eth_client[0m[2m:[0m 📨 Received WebSocket message: {"jsonrpc":"2.0","method":"eth_subscription","params":{"subscription":"0xbed0a0851463e895960a451075a301a9","result":"0x2dedeae449dbe87ca049c910978ccdfe3d9a7b6ce2d1e20dcf4d69c4ecd3b049"}}
[2m2025-12-10T10:11:33.528066Z[0m [34mDEBUG[0m [2methereum_transaction_pool_monitor::eth_client[0m[2m:[0m 📨 Received pending transaction: 0x2dedeae449dbe87ca049c910978ccdfe3d9a7b6ce2d1e20dcf4d69c4ecd3b049
[2m2025-12-10T10:11:33.566714Z[0m [34mDEBUG[0m [2methereum_transaction_pool_monitor::eth_client[0m[2m:[0m ✅ Transaction 0x69162a738ea579e79b4d43aba05186d953ac391f6c60769facd799a09f9a82a4 fetched and parsed in 111.270459ms
[2m2025-12-10T10:11:33.566748Z[0m [34mDEBUG[0m [2methereum_transaction_pool_monitor::mempool_monitor[0m[2m:[0m 🔍 Skipping tx 0x69162a738ea579e79b4d43aba05186d953ac391f6c60769facd799a09f9a82a4 - not a DEX interaction (target: 0xF6801D319497789f934ec7F83E142a9536312B08)
[2m2025-12-10T10:11:33.566762Z[0m [34mDEBUG[0m [2methereum_transaction_pool_monitor::mempool_monitor[0m[2m:[0m 📨 Processing new pending transaction: 0xea7ddf83958826dc2904f52ae050e68727ae21f95ab649521446e61f72969f9a
[2m2025-12-10T10:11:33.566769Z[0m [34mDEBUG[0m [2methereum_transaction_pool_monitor::mempool_monitor[0m[2m:[0m 🔍 Fetching transaction details for: 0xea7ddf83958826dc2904f52ae050e68727ae21f95ab649521446e61f72969f9a
[2m2025-12-10T10:11:33.566775Z[0m [34mDEBUG[0m [2methereum_transaction_pool_monitor::eth_client[0m[2m:[0m 🔍 Fetching transaction details for hash: 0xea7ddf83958826dc2904f52ae050e68727ae21f95ab649521446e61f72969f9a
[2m2025-12-10T10:11:33.566797Z[0m [34mDEBUG[0m [2mhyper::client::pool[0m[2m:[0m reuse idle connection for ("http", 192.168.0.14:8545)
[2m2025-12-10T10:11:33.566847Z[0m [34mDEBUG[0m [2mhyper::proto::h1::io[0m[2m:[0m flushed 250 bytes
[2m2025-12-10T10:11:33.569884Z[0m [34mDEBUG[0m [2mhyper::proto::h1::io[0m[2m:[0m parsed 4 headers
[2m2025-12-10T10:11:33.569896Z[0m [34mDEBUG[0m [2mhyper::proto::h1::conn[0m[2m:[0m incoming body is content-length (765 bytes)
[2m2025-12-10T10:11:33.569905Z[0m [34mDEBUG[0m [2mhyper::proto::h1::conn[0m[2m:[0m incoming body completed
[2m2025-12-10T10:11:33.569915Z[0m [34mDEBUG[0m [2mhyper::client::pool[0m[2m:[0m pooling idle connection for ("http", 192.168.0.14:8545)
[2m2025-12-10T10:11:33.569922Z[0m [34mDEBUG[0m [2methereum_transaction_pool_monitor::eth_client[0m[2m:[0m 📡 Transaction fetch RPC completed in 3.141208ms
[2m2025-12-10T10:11:33.638976Z[0m [34mDEBUG[0m [2methereum_transaction_pool_monitor::eth_client[0m[2m:[0m ✅ Transaction 0xea7ddf83958826dc2904f52ae050e68727ae21f95ab649521446e61f72969f9a fetched and parsed in 72.1925ms
[2m2025-12-10T10:11:33.639006Z[0m [34mDEBUG[0m [2methereum_transaction_pool_monitor::mempool_monitor[0m[2m:[0m 🔍 Skipping tx 0xea7ddf83958826dc2904f52ae050e68727ae21f95ab649521446e61f72969f9a - not a DEX interaction (target: 0xba83b5ed3f12Bfa44f066f03eE0433419B74f469)
[2m2025-12-10T10:11:33.639014Z[0m [34mDEBUG[0m [2methereum_transaction_pool_monitor::mempool_monitor[0m[2m:[0m 📨 Processing new pending transaction: 0x2dedeae449dbe87ca049c910978ccdfe3d9a7b6ce2d1e20dcf4d69c4ecd3b049
[2m2025-12-10T10:11:33.639019Z[0m [34mDEBUG[0m [2methereum_transaction_pool_monitor::mempool_monitor[0m[2m:[0m 🔍 Fetching transaction details for: 0x2dedeae449dbe87ca049c910978ccdfe3d9a7b6ce2d1e20dcf4d69c4ecd3b049
[2m2025-12-10T10:11:33.639024Z[0m [34mDEBUG[0m [2methereum_transaction_pool_monitor::eth_client[0m[2m:[0m 🔍 Fetching transaction details for hash: 0x2dedeae449dbe87ca049c910978ccdfe3d9a7b6ce2d1e20dcf4d69c4ecd3b049
[2m2025-12-10T10:11:33.639044Z[0m [34mDEBUG[0m [2mhyper::client::pool[0m[2m:[0m reuse idle connection for ("http", 192.168.0.14:8545)
[2m2025-12-10T10:11:33.639094Z[0m [34mDEBUG[0m [2mhyper::proto::h1::io[0m[2m:[0m flushed 250 bytes
[2m2025-12-10T10:11:33.639124Z[0m [34mDEBUG[0m [2mhyper::client::pool[0m[2m:[0m reuse idle connection for ("http", 192.168.0.14:8545)
[2m2025-12-10T10:11:33.639141Z[0m [34mDEBUG[0m [2mhyper::proto::h1::io[0m[2m:[0m flushed 172 bytes
[2m2025-12-10T10:11:33.642110Z[0m [34mDEBUG[0m [2mhyper::proto::h1::io[0m[2m:[0m parsed 4 headers
[2m2025-12-10T10:11:33.645231Z[0m [34mDEBUG[0m [2mhyper::proto::h1::conn[0m[2m:[0m incoming body is content-length (655 bytes)
[2m2025-12-10T10:11:33.645242Z[0m [34mDEBUG[0m [2mhyper::proto::h1::conn[0m[2m:[0m incoming body completed
[2m2025-12-10T10:11:33.645256Z[0m [34mDEBUG[0m [2mhyper::client::pool[0m[2m:[0m pooling idle connection for ("http", 192.168.0.14:8545)
[2m2025-12-10T10:11:33.645268Z[0m [34mDEBUG[0m [2methereum_transaction_pool_monitor::eth_client[0m[2m:[0m 📡 Transaction fetch RPC completed in 6.240125ms
[2m2025-12-10T10:11:33.715015Z[0m [34mDEBUG[0m [2methereum_transaction_pool_monitor::eth_client[0m[2m:[0m ✅ Transaction 0x2dedeae449dbe87ca049c910978ccdfe3d9a7b6ce2d1e20dcf4d69c4ecd3b049 fetched and parsed in 75.984084ms
[2m2025-12-10T10:11:33.715053Z[0m [34mDEBUG[0m [2methereum_transaction_pool_monitor::mempool_monitor[0m[2m:[0m 🔍 Skipping tx 0x2dedeae449dbe87ca049c910978ccdfe3d9a7b6ce2d1e20dcf4d69c4ecd3b049 - not a DEX interaction (target: 0x2B01DaE9d6d2Ac292E29107e0488999f5A9877Ef)
[2m2025-12-10T10:11:33.715093Z[0m [34mDEBUG[0m [2mhyper::proto::h1::io[0m[2m:[0m parsed 4 headers
[2m2025-12-10T10:11:33.715101Z[0m [34mDEBUG[0m [2mhyper::proto::h1::conn[0m[2m:[0m incoming body is content-length (45 bytes)
[2m2025-12-10T10:11:33.715109Z[0m [34mDEBUG[0m [2mhyper::proto::h1::conn[0m[2m:[0m incoming body completed
[2m2025-12-10T10:11:33.715120Z[0m [34mDEBUG[0m [2mhyper::client::pool[0m[2m:[0m pooling idle connection for ("http", 192.168.0.14:8545)
[2m2025-12-10T10:11:33.715124Z[0m [34mDEBUG[0m [2methereum_transaction_pool_monitor::eth_client[0m[2m:[0m 📨 Received WebSocket message: {"jsonrpc":"2.0","method":"eth_subscription","params":{"subscription":"0xbed0a0851463e895960a451075a301a9","result":"0xa64b04d3aa92825da6969bbdb782e29c9bc002c4eb0b0b073ee2fc37a6ea3c18"}}
[2m2025-12-10T10:11:33.715134Z[0m [34mDEBUG[0m [2methereum_transaction_pool_monitor::eth_client[0m[2m:[0m 📨 Received pending transaction: 0xa64b04d3aa92825da6969bbdb782e29c9bc002c4eb0b0b073ee2fc37a6ea3c18
[2m2025-12-10T10:11:33.715141Z[0m [34mDEBUG[0m [2methereum_transaction_pool_monitor::mempool_monitor[0m[2m:[0m 📨 Processing new pending transaction: 0xa64b04d3aa92825da6969bbdb782e29c9bc002c4eb0b0b073ee2fc37a6ea3c18
[2m2025-12-10T10:11:33.715146Z[0m [34mDEBUG[0m [2methereum_transaction_pool_monitor::mempool_monitor[0m[2m:[0m 🔍 Fetching transaction details for: 0xa64b04d3aa92825da6969bbdb782e29c9bc002c4eb0b0b073ee2fc37a6ea3c18
[2m2025-12-10T10:11:33.715155Z[0m [34mDEBUG[0m [2methereum_transaction_pool_monitor::eth_client[0m[2m:[0m 🔍 Fetching transaction details for hash: 0xa64b04d3aa92825da6969bbdb782e29c9bc002c4eb0b0b073ee2fc37a6ea3c18
[2m2025-12-10T10:11:33.715147Z[0m [34mDEBUG[0m [2mhyper::client::pool[0m[2m:[0m reuse idle connection for ("http", 192.168.0.14:8545)
[2m2025-12-10T10:11:33.715166Z[0m [34mDEBUG[0m [2mhyper::client::pool[0m[2m:[0m reuse idle connection for ("http", 192.168.0.14:8545)
[2m2025-12-10T10:11:33.715457Z[0m [34mDEBUG[0m [2mhyper::proto::h1::io[0m[2m:[0m flushed 250 bytes
[2m2025-12-10T10:11:33.715457Z[0m [34mDEBUG[0m [2mhyper::proto::h1::io[0m[2m:[0m flushed 172 bytes
[2m2025-12-10T10:11:33.720710Z[0m [34mDEBUG[0m [2mhyper::proto::h1::io[0m[2m:[0m parsed 4 headers
[2m2025-12-10T10:11:33.720728Z[0m [34mDEBUG[0m [2mhyper::proto::h1::conn[0m[2m:[0m incoming body is content-length (45 bytes)
[2m2025-12-10T10:11:33.720735Z[0m [34mDEBUG[0m [2mhyper::proto::h1::conn[0m[2m:[0m incoming body completed
[2m2025-12-10T10:11:33.720743Z[0m [34mDEBUG[0m [2mhyper::client::pool[0m[2m:[0m pooling idle connection for ("http", 192.168.0.14:8545)
[2m2025-12-10T10:11:33.721221Z[0m [34mDEBUG[0m [2mhyper::proto::h1::io[0m[2m:[0m parsed 4 headers
[2m2025-12-10T10:11:33.721229Z[0m [34mDEBUG[0m [2mhyper::proto::h1::conn[0m[2m:[0m incoming body is content-length (645 bytes)
[2m2025-12-10T10:11:33.721235Z[0m [34mDEBUG[0m [2mhyper::proto::h1::conn[0m[2m:[0m incoming body completed
[2m2025-12-10T10:11:33.721241Z[0m [34mDEBUG[0m [2mhyper::client::pool[0m[2m:[0m pooling idle connection for ("http", 192.168.0.14:8545)
[2m2025-12-10T10:11:33.721246Z[0m [34mDEBUG[0m [2methereum_transaction_pool_monitor::eth_client[0m[2m:[0m 📡 Transaction fetch RPC completed in 6.086708ms
[2m2025-12-10T10:11:33.790437Z[0m [34mDEBUG[0m [2methereum_transaction_pool_monitor::eth_client[0m[2m:[0m ✅ Transaction 0xa64b04d3aa92825da6969bbdb782e29c9bc002c4eb0b0b073ee2fc37a6ea3c18 fetched and parsed in 75.274917ms
[2m2025-12-10T10:11:33.790453Z[0m [34mDEBUG[0m [2methereum_transaction_pool_monitor::mempool_monitor[0m[2m:[0m 🔍 Skipping tx 0xa64b04d3aa92825da6969bbdb782e29c9bc002c4eb0b0b073ee2fc37a6ea3c18 - not a DEX interaction (target: 0xA26148AE51fa8E787DF319C04137602Cc018b521)
[2m2025-12-10T10:11:33.799255Z[0m [34mDEBUG[0m [2mhyper::client::pool[0m[2m:[0m reuse idle connection for ("http", 192.168.0.14:8545)
[2m2025-12-10T10:11:33.799308Z[0m [34mDEBUG[0m [2mhyper::proto::h1::io[0m[2m:[0m flushed 172 bytes
[2m2025-12-10T10:11:33.805183Z[0m [34mDEBUG[0m [2methereum_transaction_pool_monitor::eth_client[0m[2m:[0m 📨 Received WebSocket message: {"jsonrpc":"2.0","method":"eth_subscription","params":{"subscription":"0xbed0a0851463e895960a451075a301a9","result":"0xfce3d85e215d1669e19b1a86390ee681d33314d8908b23e95e9d4cb622e91e6e"}}
[2m2025-12-10T10:11:33.805198Z[0m [34mDEBUG[0m [2methereum_transaction_pool_monitor::eth_client[0m[2m:[0m 📨 Received pending transaction: 0xfce3d85e215d1669e19b1a86390ee681d33314d8908b23e95e9d4cb622e91e6e
[2m2025-12-10T10:11:33.805208Z[0m [34mDEBUG[0m [2methereum_transaction_pool_monitor::mempool_monitor[0m[2m:[0m 📨 Processing new pending transaction: 0xfce3d85e215d1669e19b1a86390ee681d33314d8908b23e95e9d4cb622e91e6e
[2m2025-12-10T10:11:33.805214Z[0m [34mDEBUG[0m [2methereum_transaction_pool_monitor::mempool_monitor[0m[2m:[0m 🔍 Fetching transaction details for: 0xfce3d85e215d1669e19b1a86390ee681d33314d8908b23e95e9d4cb622e91e6e
[2m2025-12-10T10:11:33.805220Z[0m [34mDEBUG[0m [2methereum_transaction_pool_monitor::eth_client[0m[2m:[0m 🔍 Fetching transaction details for hash: 0xfce3d85e215d1669e19b1a86390ee681d33314d8908b23e95e9d4cb622e91e6e
[2m2025-12-10T10:11:33.805237Z[0m [34mDEBUG[0m [2mhyper::client::pool[0m[2m:[0m reuse idle connection for ("http", 192.168.0.14:8545)
[2m2025-12-10T10:11:33.805254Z[0m [34mDEBUG[0m [2mhyper::proto::h1::io[0m[2m:[0m flushed 250 bytes
[2m2025-12-10T10:11:33.805266Z[0m [34mDEBUG[0m [2mhyper::proto::h1::io[0m[2m:[0m parsed 4 headers
[2m2025-12-10T10:11:33.805271Z[0m [34mDEBUG[0m [2mhyper::proto::h1::conn[0m[2m:[0m incoming body is content-length (45 bytes)
[2m2025-12-10T10:11:33.805279Z[0m [34mDEBUG[0m [2mhyper::proto::h1::conn[0m[2m:[0m incoming body completed
[2m2025-12-10T10:11:33.805287Z[0m [34mDEBUG[0m [2mhyper::client::pool[0m[2m:[0m pooling idle connection for ("http", 192.168.0.14:8545)
[2m2025-12-10T10:11:33.810699Z[0m [34mDEBUG[0m [2mhyper::proto::h1::io[0m[2m:[0m parsed 4 headers
[2m2025-12-10T10:11:33.810707Z[0m [34mDEBUG[0m [2mhyper::proto::h1::conn[0m[2m:[0m incoming body is content-length (1731 bytes)
[2m2025-12-10T10:11:33.810718Z[0m [34mDEBUG[0m [2methereum_transaction_pool_monitor::eth_client[0m[2m:[0m 📡 Transaction fetch RPC completed in 5.491791ms
[2m2025-12-10T10:11:33.811417Z[0m [34mDEBUG[0m [2mhyper::proto::h1::conn[0m[2m:[0m incoming body completed
[2m2025-12-10T10:11:33.811431Z[0m [34mDEBUG[0m [2mhyper::client::pool[0m[2m:[0m pooling idle connection for ("http", 192.168.0.14:8545)
[2m2025-12-10T10:11:33.883198Z[0m [34mDEBUG[0m [2methereum_transaction_pool_monitor::eth_client[0m[2m:[0m ✅ Transaction 0xfce3d85e215d1669e19b1a86390ee681d33314d8908b23e95e9d4cb622e91e6e fetched and parsed in 77.9685ms
[2m2025-12-10T10:11:33.883229Z[0m [34mDEBUG[0m [2methereum_transaction_pool_monitor::mempool_monitor[0m[2m:[0m 🔍 Skipping tx 0xfce3d85e215d1669e19b1a86390ee681d33314d8908b23e95e9d4cb622e91e6e - not a DEX interaction (target: 0x601a2aD6CB5949f0529735254189Ba3194221EDF)
[2m2025-12-10T10:11:33.898982Z[0m [34mDEBUG[0m [2mhyper::client::pool[0m[2m:[0m reuse idle connection for ("http", 192.168.0.14:8545)
[2m2025-12-10T10:11:33.899074Z[0m [34mDEBUG[0m [2mhyper::proto::h1::io[0m[2m:[0m flushed 172 bytes
[2m2025-12-10T10:11:33.905478Z[0m [34mDEBUG[0m [2mhyper::proto::h1::io[0m[2m:[0m parsed 4 headers
[2m2025-12-10T10:11:33.905492Z[0m [34mDEBUG[0m [2mhyper::proto::h1::conn[0m[2m:[0m incoming body is content-length (45 bytes)
[2m2025-12-10T10:11:33.905500Z[0m [34mDEBUG[0m [2mhyper::proto::h1::conn[0m[2m:[0m incoming body completed
[2m2025-12-10T10:11:33.905510Z[0m [34mDEBUG[0m [2mhyper::client::pool[0m[2m:[0m pooling idle connection for ("http", 192.168.0.14:8545)
[2m2025-12-10T10:11:33.999471Z[0m [34mDEBUG[0m [2mhyper::client::pool[0m[2m:[0m reuse idle connection for ("http", 192.168.0.14:8545)
[2m2025-12-10T10:11:34.002112Z[0m [34mDEBUG[0m [2mhyper::proto::h1::io[0m[2m:[0m flushed 172 bytes
[2m2025-12-10T10:11:34.005734Z[0m [34mDEBUG[0m [2mhyper::proto::h1::io[0m[2m:[0m parsed 4 headers
[2m2025-12-10T10:11:34.005758Z[0m [34mDEBUG[0m [2mhyper::proto::h1::conn[0m[2m:[0m incoming body is content-length (45 bytes)
[2m2025-12-10T10:11:34.005773Z[0m [34mDEBUG[0m [2mhyper::proto::h1::conn[0m[2m:[0m incoming body completed
[2m2025-12-10T10:11:34.005788Z[0m [34mDEBUG[0m [2mhyper::client::pool[0m[2m:[0m pooling idle connection for ("http", 192.168.0.14:8545)
[2m2025-12-10T10:11:34.075179Z[0m [34mDEBUG[0m [2methereum_transaction_pool_monitor::eth_client[0m[2m:[0m 📨 Received WebSocket message: {"jsonrpc":"2.0","method":"eth_subscription","params":{"subscription":"0xbed0a0851463e895960a451075a301a9","result":"0x2ac306df3fc7456b38a20b172d5de89b464a81488d580706ae158c5b7b56460b"}}
[2m2025-12-10T10:11:34.075205Z[0m [34mDEBUG[0m [2methereum_transaction_pool_monitor::eth_client[0m[2m:[0m 📨 Received pending transaction: 0x2ac306df3fc7456b38a20b172d5de89b464a81488d580706ae158c5b7b56460b
[2m2025-12-10T10:11:34.075218Z[0m [34mDEBUG[0m [2methereum_transaction_pool_monitor::mempool_monitor[0m[2m:[0m 📨 Processing new pending transaction: 0x2ac306df3fc7456b38a20b172d5de89b464a81488d580706ae158c5b7b56460b
[2m2025-12-10T10:11:34.075225Z[0m [34mDEBUG[0m [2methereum_transaction_pool_monitor::mempool_monitor[0m[2m:[0m 🔍 Fetching transaction details for: 0x2ac306df3fc7456b38a20b172d5de89b464a81488d580706ae158c5b7b56460b
[2m2025-12-10T10:11:34.075232Z[0m [34mDEBUG[0m [2methereum_transaction_pool_monitor::eth_client[0m[2m:[0m 🔍 Fetching transaction details for hash: 0x2ac306df3fc7456b38a20b172d5de89b464a81488d580706ae158c5b7b56460b
[2m2025-12-10T10:11:34.075261Z[0m [34mDEBUG[0m [2mhyper::client::pool[0m[2m:[0m reuse idle connection for ("http", 192.168.0.14:8545)
[2m2025-12-10T10:11:34.075297Z[0m [34mDEBUG[0m [2mhyper::proto::h1::io[0m[2m:[0m flushed 250 bytes
[2m2025-12-10T10:11:34.080204Z[0m [34mDEBUG[0m [2mhyper::proto::h1::io[0m[2m:[0m parsed 4 headers
[2m2025-12-10T10:11:34.083261Z[0m [34mDEBUG[0m [2mhyper::proto::h1::conn[0m[2m:[0m incoming body is content-length (830 bytes)
[2m2025-12-10T10:11:34.083273Z[0m [34mDEBUG[0m [2mhyper::proto::h1::conn[0m[2m:[0m incoming body completed
[2m2025-12-10T10:11:34.083285Z[0m [34mDEBUG[0m [2mhyper::client::pool[0m[2m:[0m pooling idle connection for ("http", 192.168.0.14:8545)
[2m2025-12-10T10:11:34.083293Z[0m [34mDEBUG[0m [2methereum_transaction_pool_monitor::eth_client[0m[2m:[0m 📡 Transaction fetch RPC completed in 8.055209ms
[2m2025-12-10T10:11:34.161514Z[0m [34mDEBUG[0m [2methereum_transaction_pool_monitor::eth_client[0m[2m:[0m ✅ Transaction 0x2ac306df3fc7456b38a20b172d5de89b464a81488d580706ae158c5b7b56460b fetched and parsed in 86.273917ms
[2m2025-12-10T10:11:34.161540Z[0m [34mDEBUG[0m [2methereum_transaction_pool_monitor::mempool_monitor[0m[2m:[0m 🔍 Skipping tx 0x2ac306df3fc7456b38a20b172d5de89b464a81488d580706ae158c5b7b56460b - not a DEX interaction (target: 0x3B4D794a66304F130a4Db8F2551B0070dfCf5ca7)
[2m2025-12-10T10:11:34.161579Z[0m [34mDEBUG[0m [2mhyper::client::pool[0m[2m:[0m reuse idle connection for ("http", 192.168.0.14:8545)
[2m2025-12-10T10:11:34.161605Z[0m [34mDEBUG[0m [2mhyper::proto::h1::io[0m[2m:[0m flushed 172 bytes
[2m2025-12-10T10:11:34.161651Z[0m [34mDEBUG[0m [2methereum_transaction_pool_monitor::eth_client[0m[2m:[0m 📨 Received WebSocket message: {"jsonrpc":"2.0","method":"eth_subscription","params":{"subscription":"0xbed0a0851463e895960a451075a301a9","result":"0x9acb9246b10dcdb67dd3fbd46cbb430fde7b0a0192c3c7cee6d3b0aa4d1766c3"}}
[2m2025-12-10T10:11:34.161659Z[0m [34mDEBUG[0m [2methereum_transaction_pool_monitor::eth_client[0m[2m:[0m 📨 Received pending transaction: 0x9acb9246b10dcdb67dd3fbd46cbb430fde7b0a0192c3c7cee6d3b0aa4d1766c3
[2m2025-12-10T10:11:34.161667Z[0m [34mDEBUG[0m [2methereum_transaction_pool_monitor::mempool_monitor[0m[2m:[0m 📨 Processing new pending transaction: 0x9acb9246b10dcdb67dd3fbd46cbb430fde7b0a0192c3c7cee6d3b0aa4d1766c3
[2m2025-12-10T10:11:34.161673Z[0m [34mDEBUG[0m [2methereum_transaction_pool_monitor::mempool_monitor[0m[2m:[0m 🔍 Fetching transaction details for: 0x9acb9246b10dcdb67dd3fbd46cbb430fde7b0a0192c3c7cee6d3b0aa4d1766c3
[2m2025-12-10T10:11:34.161677Z[0m [34mDEBUG[0m [2methereum_transaction_pool_monitor::eth_client[0m[2m:[0m 🔍 Fetching transaction details for hash: 0x9acb9246b10dcdb67dd3fbd46cbb430fde7b0a0192c3c7cee6d3b0aa4d1766c3
[2m2025-12-10T10:11:34.161685Z[0m [34mDEBUG[0m [2mhyper::client::pool[0m[2m:[0m reuse idle connection for ("http", 192.168.0.14:8545)
[2m2025-12-10T10:11:34.161698Z[0m [34mDEBUG[0m [2mhyper::proto::h1::io[0m[2m:[0m flushed 250 bytes
[2m2025-12-10T10:11:34.165427Z[0m [34mDEBUG[0m [2mhyper::proto::h1::io[0m[2m:[0m parsed 4 headers
[2m2025-12-10T10:11:34.165450Z[0m [34mDEBUG[0m [2mhyper::proto::h1::conn[0m[2m:[0m incoming body is content-length (45 bytes)
[2m2025-12-10T10:11:34.165476Z[0m [34mDEBUG[0m [2mhyper::proto::h1::conn[0m[2m:[0m incoming body completed
[2m2025-12-10T10:11:34.165489Z[0m [34mDEBUG[0m [2mhyper::client::pool[0m[2m:[0m pooling idle connection for ("http", 192.168.0.14:8545)
[2m2025-12-10T10:11:34.166044Z[0m [34mDEBUG[0m [2mhyper::proto::h1::io[0m[2m:[0m parsed 4 headers
[2m2025-12-10T10:11:34.166054Z[0m [34mDEBUG[0m [2mhyper::proto::h1::conn[0m[2m:[0m incoming body is content-length (830 bytes)
[2m2025-12-10T10:11:34.166059Z[0m [34mDEBUG[0m [2mhyper::proto::h1::conn[0m[2m:[0m incoming body completed
[2m2025-12-10T10:11:34.166066Z[0m [34mDEBUG[0m [2mhyper::client::pool[0m[2m:[0m pooling idle connection for ("http", 192.168.0.14:8545)
[2m2025-12-10T10:11:34.166072Z[0m [34mDEBUG[0m [2methereum_transaction_pool_monitor::eth_client[0m[2m:[0m 📡 Transaction fetch RPC completed in 4.390125ms
[2m2025-12-10T10:11:34.238076Z[0m [34mDEBUG[0m [2methereum_transaction_pool_monitor::eth_client[0m[2m:[0m ✅ Transaction 0x9acb9246b10dcdb67dd3fbd46cbb430fde7b0a0192c3c7cee6d3b0aa4d1766c3 fetched and parsed in 76.392125ms
[2m2025-12-10T10:11:34.238104Z[0m [34mDEBUG[0m [2methereum_transaction_pool_monitor::mempool_monitor[0m[2m:[0m 🔍 Skipping tx 0x9acb9246b10dcdb67dd3fbd46cbb430fde7b0a0192c3c7cee6d3b0aa4d1766c3 - not a DEX interaction (target: 0x3B4D794a66304F130a4Db8F2551B0070dfCf5ca7)
[2m2025-12-10T10:11:34.238151Z[0m [34mDEBUG[0m [2mhyper::client::pool[0m[2m:[0m reuse idle connection for ("http", 192.168.0.14:8545)
[2m2025-12-10T10:11:34.238200Z[0m [34mDEBUG[0m [2mhyper::proto::h1::io[0m[2m:[0m flushed 172 bytes
[2m2025-12-10T10:11:34.241276Z[0m [34mDEBUG[0m [2mhyper::proto::h1::io[0m[2m:[0m parsed 4 headers
[2m2025-12-10T10:11:34.241285Z[0m [34mDEBUG[0m [2mhyper::proto::h1::conn[0m[2m:[0m incoming body is content-length (45 bytes)
[2m2025-12-10T10:11:34.241295Z[0m [34mDEBUG[0m [2mhyper::proto::h1::conn[0m[2m:[0m incoming body completed
[2m2025-12-10T10:11:34.241304Z[0m [34mDEBUG[0m [2mhyper::client::pool[0m[2m:[0m pooling idle connection for ("http", 192.168.0.14:8545)
[2m2025-12-10T10:11:34.299876Z[0m [34mDEBUG[0m [2mhyper::client::pool[0m[2m:[0m reuse idle connection for ("http", 192.168.0.14:8545)
[2m2025-12-10T10:11:34.299947Z[0m [34mDEBUG[0m [2mhyper::proto::h1::io[0m[2m:[0m flushed 172 bytes
[2m2025-12-10T10:11:34.302716Z[0m [34mDEBUG[0m [2mhyper::proto::h1::io[0m[2m:[0m parsed 4 headers
[2m2025-12-10T10:11:34.302735Z[0m [34mDEBUG[0m [2mhyper::proto::h1::conn[0m[2m:[0m incoming body is content-length (45 bytes)
[2m2025-12-10T10:11:34.302743Z[0m [34mDEBUG[0m [2mhyper::proto::h1::conn[0m[2m:[0m incoming body completed
[2m2025-12-10T10:11:34.302753Z[0m [34mDEBUG[0m [2mhyper::client::pool[0m[2m:[0m pooling idle connection for ("http", 192.168.0.14:8545)
[2m2025-12-10T10:11:34.346911Z[0m [34mDEBUG[0m [2methereum_transaction_pool_monitor::eth_client[0m[2m:[0m 📨 Received WebSocket message: {"jsonrpc":"2.0","method":"eth_subscription","params":{"subscription":"0xbed0a0851463e895960a451075a301a9","result":"0x11ba9f414940a0d831641968d12fa776edcca982635fdc574b360cf801484f93"}}
[2m2025-12-10T10:11:34.346939Z[0m [34mDEBUG[0m [2methereum_transaction_pool_monitor::eth_client[0m[2m:[0m 📨 Received pending transaction: 0x11ba9f414940a0d831641968d12fa776edcca982635fdc574b360cf801484f93
[2m2025-12-10T10:11:34.346948Z[0m [34mDEBUG[0m [2methereum_transaction_pool_monitor::mempool_monitor[0m[2m:[0m 📨 Processing new pending transaction: 0x11ba9f414940a0d831641968d12fa776edcca982635fdc574b360cf801484f93
[2m2025-12-10T10:11:34.346955Z[0m [34mDEBUG[0m [2methereum_transaction_pool_monitor::mempool_monitor[0m[2m:[0m 🔍 Fetching transaction details for: 0x11ba9f414940a0d831641968d12fa776edcca982635fdc574b360cf801484f93
[2m2025-12-10T10:11:34.346961Z[0m [34mDEBUG[0m [2methereum_transaction_pool_monitor::eth_client[0m[2m:[0m 🔍 Fetching transaction details for hash: 0x11ba9f414940a0d831641968d12fa776edcca982635fdc574b360cf801484f93
[2m2025-12-10T10:11:34.346981Z[0m [34mDEBUG[0m [2mhyper::client::pool[0m[2m:[0m reuse idle connection for ("http", 192.168.0.14:8545)
[2m2025-12-10T10:11:34.347003Z[0m [34mDEBUG[0m [2mhyper::proto::h1::io[0m[2m:[0m flushed 250 bytes
[2m2025-12-10T10:11:34.351122Z[0m [34mDEBUG[0m [2mhyper::proto::h1::io[0m[2m:[0m parsed 4 headers
[2m2025-12-10T10:11:34.351134Z[0m [34mDEBUG[0m [2mhyper::proto::h1::conn[0m[2m:[0m incoming body is content-length (552 bytes)
[2m2025-12-10T10:11:34.351142Z[0m [34mDEBUG[0m [2mhyper::proto::h1::conn[0m[2m:[0m incoming body completed
[2m2025-12-10T10:11:34.351150Z[0m [34mDEBUG[0m [2mhyper::client::pool[0m[2m:[0m pooling idle connection for ("http", 192.168.0.14:8545)
[2m2025-12-10T10:11:34.351400Z[0m [34mDEBUG[0m [2methereum_transaction_pool_monitor::eth_client[0m[2m:[0m 📡 Transaction fetch RPC completed in 4.434542ms
[2m2025-12-10T10:11:34.426493Z[0m [34mDEBUG[0m [2methereum_transaction_pool_monitor::eth_client[0m[2m:[0m ✅ Transaction 0x11ba9f414940a0d831641968d12fa776edcca982635fdc574b360cf801484f93 fetched and parsed in 79.524667ms
[2m2025-12-10T10:11:34.426521Z[0m [34mDEBUG[0m [2methereum_transaction_pool_monitor::mempool_monitor[0m[2m:[0m 🔍 Skipping tx 0x11ba9f414940a0d831641968d12fa776edcca982635fdc574b360cf801484f93 - not a DEX interaction (target: 0xD4c880E44d77Dae9D7f147485B81067fa52d0BAD)
[2m2025-12-10T10:11:34.426565Z[0m [34mDEBUG[0m [2mhyper::client::pool[0m[2m:[0m reuse idle connection for ("http", 192.168.0.14:8545)
[2m2025-12-10T10:11:34.426613Z[0m [34mDEBUG[0m [2mhyper::proto::h1::io[0m[2m:[0m flushed 172 bytes
[2m2025-12-10T10:11:34.426604Z[0m [34mDEBUG[0m [2methereum_transaction_pool_monitor::eth_client[0m[2m:[0m 📨 Received WebSocket message: {"jsonrpc":"2.0","method":"eth_subscription","params":{"subscription":"0xbed0a0851463e895960a451075a301a9","result":"0x6be42f6437c0ade275590f6d77077d7e39b920c225a489d1c053e8965318b392"}}
[2m2025-12-10T10:11:34.426637Z[0m [34mDEBUG[0m [2methereum_transaction_pool_monitor::eth_client[0m[2m:[0m 📨 Received pending transaction: 0x6be42f6437c0ade275590f6d77077d7e39b920c225a489d1c053e8965318b392
[2m2025-12-10T10:11:34.426645Z[0m [34mDEBUG[0m [2methereum_transaction_pool_monitor::eth_client[0m[2m:[0m 📨 Received WebSocket message: {"jsonrpc":"2.0","method":"eth_subscription","params":{"subscription":"0xbed0a0851463e895960a451075a301a9","result":"0x6929faf813646293e8a7bcc5aba9562cca2e553ce770b4a85806469b69c6fa3c"}}
[2m2025-12-10T10:11:34.426652Z[0m [34mDEBUG[0m [2methereum_transaction_pool_monitor::eth_client[0m[2m:[0m 📨 Received pending transaction: 0x6929faf813646293e8a7bcc5aba9562cca2e553ce770b4a85806469b69c6fa3c
[2m2025-12-10T10:11:34.426683Z[0m [34mDEBUG[0m [2methereum_transaction_pool_monitor::mempool_monitor[0m[2m:[0m 📨 Processing new pending transaction: 0x6be42f6437c0ade275590f6d77077d7e39b920c225a489d1c053e8965318b392
[2m2025-12-10T10:11:34.426689Z[0m [34mDEBUG[0m [2methereum_transaction_pool_monitor::mempool_monitor[0m[2m:[0m 🔍 Fetching transaction details for: 0x6be42f6437c0ade275590f6d77077d7e39b920c225a489d1c053e8965318b392
[2m2025-12-10T10:11:34.426693Z[0m [34mDEBUG[0m [2methereum_transaction_pool_monitor::eth_client[0m[2m:[0m 🔍 Fetching transaction details for hash: 0x6be42f6437c0ade275590f6d77077d7e39b920c225a489d1c053e8965318b392
[2m2025-12-10T10:11:34.426704Z[0m [34mDEBUG[0m [2mhyper::client::pool[0m[2m:[0m reuse idle connection for ("http", 192.168.0.14:8545)
[2m2025-12-10T10:11:34.426720Z[0m [34mDEBUG[0m [2mhyper::proto::h1::io[0m[2m:[0m flushed 250 bytes
[2m2025-12-10T10:11:34.430566Z[0m [34mDEBUG[0m [2mhyper::proto::h1::io[0m[2m:[0m parsed 4 headers
[2m2025-12-10T10:11:34.432986Z[0m [34mDEBUG[0m [2mhyper::proto::h1::conn[0m[2m:[0m incoming body is content-length (45 bytes)
[2m2025-12-10T10:11:34.432998Z[0m [34mDEBUG[0m [2mhyper::proto::h1::conn[0m[2m:[0m incoming body completed
[2m2025-12-10T10:11:34.433016Z[0m [34mDEBUG[0m [2mhyper::client::pool[0m[2m:[0m pooling idle connection for ("http", 192.168.0.14:8545)
[2m2025-12-10T10:11:34.433040Z[0m [34mDEBUG[0m [2mhyper::proto::h1::io[0m[2m:[0m parsed 4 headers
[2m2025-12-10T10:11:34.433052Z[0m [34mDEBUG[0m [2mhyper::proto::h1::conn[0m[2m:[0m incoming body is content-length (771 bytes)
[2m2025-12-10T10:11:34.433060Z[0m [34mDEBUG[0m [2mhyper::proto::h1::conn[0m[2m:[0m incoming body completed
[2m2025-12-10T10:11:34.433068Z[0m [34mDEBUG[0m [2mhyper::client::pool[0m[2m:[0m pooling idle connection for ("http", 192.168.0.14:8545)
[2m2025-12-10T10:11:34.433076Z[0m [34mDEBUG[0m [2methereum_transaction_pool_monitor::eth_client[0m[2m:[0m 📡 Transaction fetch RPC completed in 6.378333ms
[2m2025-12-10T10:11:34.504838Z[0m [34mDEBUG[0m [2methereum_transaction_pool_monitor::eth_client[0m[2m:[0m ✅ Transaction 0x6be42f6437c0ade275590f6d77077d7e39b920c225a489d1c053e8965318b392 fetched and parsed in 78.138ms
[2m2025-12-10T10:11:34.504864Z[0m [34mDEBUG[0m [2methereum_transaction_pool_monitor::mempool_monitor[0m[2m:[0m 🔍 Skipping tx 0x6be42f6437c0ade275590f6d77077d7e39b920c225a489d1c053e8965318b392 - not a DEX interaction (target: 0xB8f28C60dD8240141185a192fa4156A23E189305)
[2m2025-12-10T10:11:34.504875Z[0m [34mDEBUG[0m [2methereum_transaction_pool_monitor::mempool_monitor[0m[2m:[0m 📨 Processing new pending transaction: 0x6929faf813646293e8a7bcc5aba9562cca2e553ce770b4a85806469b69c6fa3c
[2m2025-12-10T10:11:34.504882Z[0m [34mDEBUG[0m [2methereum_transaction_pool_monitor::mempool_monitor[0m[2m:[0m 🔍 Fetching transaction details for: 0x6929faf813646293e8a7bcc5aba9562cca2e553ce770b4a85806469b69c6fa3c
[2m2025-12-10T10:11:34.504888Z[0m [34mDEBUG[0m [2methereum_transaction_pool_monitor::eth_client[0m[2m:[0m 🔍 Fetching transaction details for hash: 0x6929faf813646293e8a7bcc5aba9562cca2e553ce770b4a85806469b69c6fa3c
[2m2025-12-10T10:11:34.504905Z[0m [34mDEBUG[0m [2mhyper::client::pool[0m[2m:[0m reuse idle connection for ("http", 192.168.0.14:8545)
[2m2025-12-10T10:11:34.504947Z[0m [34mDEBUG[0m [2mhyper::proto::h1::io[0m[2m:[0m flushed 250 bytes
[2m2025-12-10T10:11:34.504967Z[0m [34mDEBUG[0m [2mhyper::client::pool[0m[2m:[0m reuse idle connection for ("http", 192.168.0.14:8545)
[2m2025-12-10T10:11:34.504977Z[0m [34mDEBUG[0m [2methereum_transaction_pool_monitor::eth_client[0m[2m:[0m 📨 Received WebSocket message: {"jsonrpc":"2.0","method":"eth_subscription","params":{"subscription":"0xbed0a0851463e895960a451075a301a9","result":"0x1fc0f83027722ea8a99d402cb98ac9e8e3f5abf5280596ea1925888f370ba762"}}
[2m2025-12-10T10:11:34.504980Z[0m [34mDEBUG[0m [2mhyper::proto::h1::io[0m[2m:[0m flushed 172 bytes
[2m2025-12-10T10:11:34.504991Z[0m [34mDEBUG[0m [2methereum_transaction_pool_monitor::eth_client[0m[2m:[0m 📨 Received pending transaction: 0x1fc0f83027722ea8a99d402cb98ac9e8e3f5abf5280596ea1925888f370ba762
[2m2025-12-10T10:11:34.509783Z[0m [34mDEBUG[0m [2mhyper::proto::h1::io[0m[2m:[0m parsed 4 headers
[2m2025-12-10T10:11:34.509788Z[0m [34mDEBUG[0m [2mhyper::proto::h1::conn[0m[2m:[0m incoming body is content-length (775 bytes)
[2m2025-12-10T10:11:34.509796Z[0m [34mDEBUG[0m [2mhyper::proto::h1::conn[0m[2m:[0m incoming body completed
[2m2025-12-10T10:11:34.509804Z[0m [34mDEBUG[0m [2mhyper::client::pool[0m[2m:[0m pooling idle connection for ("http", 192.168.0.14:8545)
[2m2025-12-10T10:11:34.509810Z[0m [34mDEBUG[0m [2methereum_transaction_pool_monitor::eth_client[0m[2m:[0m 📡 Transaction fetch RPC completed in 4.917666ms
[2m2025-12-10T10:11:34.581759Z[0m [34mDEBUG[0m [2methereum_transaction_pool_monitor::eth_client[0m[2m:[0m ✅ Transaction 0x6929faf813646293e8a7bcc5aba9562cca2e553ce770b4a85806469b69c6fa3c fetched and parsed in 76.864333ms
[2m2025-12-10T10:11:34.581788Z[0m [34mDEBUG[0m [2methereum_transaction_pool_monitor::mempool_monitor[0m[2m:[0m 🔍 Skipping tx 0x6929faf813646293e8a7bcc5aba9562cca2e553ce770b4a85806469b69c6fa3c - not a DEX interaction (target: 0xf977adAd470808A92C2765F6fB37DF211Db4e823)
[2m2025-12-10T10:11:34.581802Z[0m [34mDEBUG[0m [2methereum_transaction_pool_monitor::mempool_monitor[0m[2m:[0m 📨 Processing new pending transaction: 0x1fc0f83027722ea8a99d402cb98ac9e8e3f5abf5280596ea1925888f370ba762
[2m2025-12-10T10:11:34.581812Z[0m [34mDEBUG[0m [2methereum_transaction_pool_monitor::mempool_monitor[0m[2m:[0m 🔍 Fetching transaction details for: 0x1fc0f83027722ea8a99d402cb98ac9e8e3f5abf5280596ea1925888f370ba762
[2m2025-12-10T10:11:34.581823Z[0m [34mDEBUG[0m [2methereum_transaction_pool_monitor::eth_client[0m[2m:[0m 🔍 Fetching transaction details for hash: 0x1fc0f83027722ea8a99d402cb98ac9e8e3f5abf5280596ea1925888f370ba762
[2m2025-12-10T10:11:34.581843Z[0m [34mDEBUG[0m [2mhyper::client::pool[0m[2m:[0m reuse idle connection for ("http", 192.168.0.14:8545)
[2m2025-12-10T10:11:34.581887Z[0m [34mDEBUG[0m [2mhyper::proto::h1::io[0m[2m:[0m flushed 250 bytes
[2m2025-12-10T10:11:34.581911Z[0m [34mDEBUG[0m [2methereum_transaction_pool_monitor::eth_client[0m[2m:[0m 📨 Received WebSocket message: {"jsonrpc":"2.0","method":"eth_subscription","params":{"subscription":"0xbed0a0851463e895960a451075a301a9","result":"0x0c99754b7f12c256ec39652133b3c57e13cf8c4bc56e57f67fddc053c1c72c7a"}}
[2m2025-12-10T10:11:34.581920Z[0m [34mDEBUG[0m [2methereum_transaction_pool_monitor::eth_client[0m[2m:[0m 📨 Received pending transaction: 0x0c99754b7f12c256ec39652133b3c57e13cf8c4bc56e57f67fddc053c1c72c7a
[2m2025-12-10T10:11:34.581935Z[0m [34mDEBUG[0m [2mhyper::proto::h1::io[0m[2m:[0m parsed 4 headers
[2m2025-12-10T10:11:34.581942Z[0m [34mDEBUG[0m [2mhyper::proto::h1::conn[0m[2m:[0m incoming body is content-length (45 bytes)
[2m2025-12-10T10:11:34.581950Z[0m [34mDEBUG[0m [2mhyper::proto::h1::conn[0m[2m:[0m incoming body completed
[2m2025-12-10T10:11:34.581958Z[0m [34mDEBUG[0m [2mhyper::client::pool[0m[2m:[0m pooling idle connection for ("http", 192.168.0.14:8545)
[2m2025-12-10T10:11:34.586511Z[0m [34mDEBUG[0m [2mhyper::proto::h1::io[0m[2m:[0m parsed 4 headers
[2m2025-12-10T10:11:34.586525Z[0m [34mDEBUG[0m [2mhyper::proto::h1::conn[0m[2m:[0m incoming body is content-length (1099 bytes)
[2m2025-12-10T10:11:34.586533Z[0m [34mDEBUG[0m [2mhyper::proto::h1::conn[0m[2m:[0m incoming body completed
[2m2025-12-10T10:11:34.586545Z[0m [34mDEBUG[0m [2mhyper::client::pool[0m[2m:[0m pooling idle connection for ("http", 192.168.0.14:8545)
[2m2025-12-10T10:11:34.586553Z[0m [34mDEBUG[0m [2methereum_transaction_pool_monitor::eth_client[0m[2m:[0m 📡 Transaction fetch RPC completed in 4.724542ms
[2m2025-12-10T10:11:34.660830Z[0m [34mDEBUG[0m [2methereum_transaction_pool_monitor::eth_client[0m[2m:[0m ✅ Transaction 0x1fc0f83027722ea8a99d402cb98ac9e8e3f5abf5280596ea1925888f370ba762 fetched and parsed in 78.997625ms
[2m2025-12-10T10:11:34.660866Z[0m [34mDEBUG[0m [2methereum_transaction_pool_monitor::mempool_monitor[0m[2m:[0m 🔍 Skipping tx 0x1fc0f83027722ea8a99d402cb98ac9e8e3f5abf5280596ea1925888f370ba762 - not a DEX interaction (target: 0x445F16314284b43DfA1FD3cD77B9dea4a1bEbd97)
[2m2025-12-10T10:11:34.660880Z[0m [34mDEBUG[0m [2methereum_transaction_pool_monitor::mempool_monitor[0m[2m:[0m 📨 Processing new pending transaction: 0x0c99754b7f12c256ec39652133b3c57e13cf8c4bc56e57f67fddc053c1c72c7a
[2m2025-12-10T10:11:34.660889Z[0m [34mDEBUG[0m [2methereum_transaction_pool_monitor::mempool_monitor[0m[2m:[0m 🔍 Fetching transaction details for: 0x0c99754b7f12c256ec39652133b3c57e13cf8c4bc56e57f67fddc053c1c72c7a
[2m2025-12-10T10:11:34.660899Z[0m [34mDEBUG[0m [2methereum_transaction_pool_monitor::eth_client[0m[2m:[0m 🔍 Fetching transaction details for hash: 0x0c99754b7f12c256ec39652133b3c57e13cf8c4bc56e57f67fddc053c1c72c7a
[2m2025-12-10T10:11:34.660923Z[0m [34mDEBUG[0m [2mhyper::client::pool[0m[2m:[0m reuse idle connection for ("http", 192.168.0.14:8545)
[2m2025-12-10T10:11:34.660979Z[0m [34mDEBUG[0m [2mhyper::proto::h1::io[0m[2m:[0m flushed 250 bytes
[2m2025-12-10T10:11:34.661004Z[0m [34mDEBUG[0m [2mhyper::client::pool[0m[2m:[0m reuse idle connection for ("http", 192.168.0.14:8545)
[2m2025-12-10T10:11:34.661035Z[0m [34mDEBUG[0m [2mhyper::proto::h1::io[0m[2m:[0m flushed 172 bytes
[2m2025-12-10T10:11:34.661048Z[0m [34mDEBUG[0m [2methereum_transaction_pool_monitor::eth_client[0m[2m:[0m 📨 Received WebSocket message: {"jsonrpc":"2.0","method":"eth_subscription","params":{"subscription":"0xbed0a0851463e895960a451075a301a9","result":"0x9cfd8915012a22040015a3439b39dab16f3aebe96ae67fc18b7711ad675ff0cd"}}
[2m2025-12-10T10:11:34.661056Z[0m [34mDEBUG[0m [2methereum_transaction_pool_monitor::eth_client[0m[2m:[0m 📨 Received pending transaction: 0x9cfd8915012a22040015a3439b39dab16f3aebe96ae67fc18b7711ad675ff0cd
[2m2025-12-10T10:11:34.665211Z[0m [34mDEBUG[0m [2mhyper::proto::h1::io[0m[2m:[0m parsed 4 headers
[2m2025-12-10T10:11:34.665224Z[0m [34mDEBUG[0m [2mhyper::proto::h1::conn[0m[2m:[0m incoming body is content-length (45 bytes)
[2m2025-12-10T10:11:34.665234Z[0m [34mDEBUG[0m [2mhyper::proto::h1::conn[0m[2m:[0m incoming body completed
[2m2025-12-10T10:11:34.665244Z[0m [34mDEBUG[0m [2mhyper::client::pool[0m[2m:[0m pooling idle connection for ("http", 192.168.0.14:8545)
[2m2025-12-10T10:11:34.665263Z[0m [34mDEBUG[0m [2mhyper::proto::h1::io[0m[2m:[0m parsed 4 headers
[2m2025-12-10T10:11:34.665295Z[0m [34mDEBUG[0m [2mhyper::proto::h1::conn[0m[2m:[0m incoming body is content-length (771 bytes)
[2m2025-12-10T10:11:34.665302Z[0m [34mDEBUG[0m [2mhyper::proto::h1::conn[0m[2m:[0m incoming body completed
[2m2025-12-10T10:11:34.665311Z[0m [34mDEBUG[0m [2mhyper::client::pool[0m[2m:[0m pooling idle connection for ("http", 192.168.0.14:8545)
[2m2025-12-10T10:11:34.665318Z[0m [34mDEBUG[0m [2methereum_transaction_pool_monitor::eth_client[0m[2m:[0m 📡 Transaction fetch RPC completed in 4.412458ms
[2m2025-12-10T10:11:34.740157Z[0m [34mDEBUG[0m [2methereum_transaction_pool_monitor::eth_client[0m[2m:[0m ✅ Transaction 0x0c99754b7f12c256ec39652133b3c57e13cf8c4bc56e57f67fddc053c1c72c7a fetched and parsed in 79.248542ms
[2m2025-12-10T10:11:34.742794Z[0m [34mDEBUG[0m [2methereum_transaction_pool_monitor::mempool_monitor[0m[2m:[0m 🔍 Skipping tx 0x0c99754b7f12c256ec39652133b3c57e13cf8c4bc56e57f67fddc053c1c72c7a - not a DEX interaction (target: 0xB8f28C60dD8240141185a192fa4156A23E189305)
[2m2025-12-10T10:11:34.742812Z[0m [34mDEBUG[0m [2methereum_transaction_pool_monitor::mempool_monitor[0m[2m:[0m 📨 Processing new pending transaction: 0x9cfd8915012a22040015a3439b39dab16f3aebe96ae67fc18b7711ad675ff0cd
[2m2025-12-10T10:11:34.742823Z[0m [34mDEBUG[0m [2methereum_transaction_pool_monitor::mempool_monitor[0m[2m:[0m 🔍 Fetching transaction details for: 0x9cfd8915012a22040015a3439b39dab16f3aebe96ae67fc18b7711ad675ff0cd
[2m2025-12-10T10:11:34.742832Z[0m [34mDEBUG[0m [2methereum_transaction_pool_monitor::eth_client[0m[2m:[0m 🔍 Fetching transaction details for hash: 0x9cfd8915012a22040015a3439b39dab16f3aebe96ae67fc18b7711ad675ff0cd
[2m2025-12-10T10:11:34.742856Z[0m [34mDEBUG[0m [2mhyper::client::pool[0m[2m:[0m reuse idle connection for ("http", 192.168.0.14:8545)
[2m2025-12-10T10:11:34.742904Z[0m [34mDEBUG[0m [2mhyper::proto::h1::io[0m[2m:[0m flushed 250 bytes
[2m2025-12-10T10:11:34.742963Z[0m [34mDEBUG[0m [2mhyper::client::pool[0m[2m:[0m reuse idle connection for ("http", 192.168.0.14:8545)
[2m2025-12-10T10:11:34.743015Z[0m [34mDEBUG[0m [2mhyper::proto::h1::io[0m[2m:[0m flushed 172 bytes
[2m2025-12-10T10:11:34.747832Z[0m [34mDEBUG[0m [2methereum_transaction_pool_monitor::eth_client[0m[2m:[0m 📨 Received WebSocket message: {"jsonrpc":"2.0","method":"eth_subscription","params":{"subscription":"0xbed0a0851463e895960a451075a301a9","result":"0x5fda0a17d12ab20baaa64079be6af6f87face2a62b254f67a76fe55666c826dd"}}
[2m2025-12-10T10:11:34.747847Z[0m [34mDEBUG[0m [2methereum_transaction_pool_monitor::eth_client[0m[2m:[0m 📨 Received pending transaction: 0x5fda0a17d12ab20baaa64079be6af6f87face2a62b254f67a76fe55666c826dd
[2m2025-12-10T10:11:34.748583Z[0m [34mDEBUG[0m [2mhyper::proto::h1::io[0m[2m:[0m parsed 4 headers
[2m2025-12-10T10:11:34.748593Z[0m [34mDEBUG[0m [2mhyper::proto::h1::conn[0m[2m:[0m incoming body is content-length (830 bytes)
[2m2025-12-10T10:11:34.748601Z[0m [34mDEBUG[0m [2mhyper::proto::h1::conn[0m[2m:[0m incoming body completed
[2m2025-12-10T10:11:34.748612Z[0m [34mDEBUG[0m [2mhyper::client::pool[0m[2m:[0m pooling idle connection for ("http", 192.168.0.14:8545)
[2m2025-12-10T10:11:34.748788Z[0m [34mDEBUG[0m [2methereum_transaction_pool_monitor::eth_client[0m[2m:[0m 📡 Transaction fetch RPC completed in 5.949625ms
[2m2025-12-10T10:11:34.819472Z[0m [34mDEBUG[0m [2methereum_transaction_pool_monitor::eth_client[0m[2m:[0m ✅ Transaction 0x9cfd8915012a22040015a3439b39dab16f3aebe96ae67fc18b7711ad675ff0cd fetched and parsed in 76.63075ms
[2m2025-12-10T10:11:34.819503Z[0m [34mDEBUG[0m [2methereum_transaction_pool_monitor::mempool_monitor[0m[2m:[0m 🔍 Skipping tx 0x9cfd8915012a22040015a3439b39dab16f3aebe96ae67fc18b7711ad675ff0cd - not a DEX interaction (target: 0x3B4D794a66304F130a4Db8F2551B0070dfCf5ca7)
[2m2025-12-10T10:11:34.819515Z[0m [34mDEBUG[0m [2methereum_transaction_pool_monitor::mempool_monitor[0m[2m:[0m 📨 Processing new pending transaction: 0x5fda0a17d12ab20baaa64079be6af6f87face2a62b254f67a76fe55666c826dd
[2m2025-12-10T10:11:34.819522Z[0m [34mDEBUG[0m [2methereum_transaction_pool_monitor::mempool_monitor[0m[2m:[0m 🔍 Fetching transaction details for: 0x5fda0a17d12ab20baaa64079be6af6f87face2a62b254f67a76fe55666c826dd
[2m2025-12-10T10:11:34.819528Z[0m [34mDEBUG[0m [2methereum_transaction_pool_monitor::eth_client[0m[2m:[0m 🔍 Fetching transaction details for hash: 0x5fda0a17d12ab20baaa64079be6af6f87face2a62b254f67a76fe55666c826dd
[2m2025-12-10T10:11:34.819552Z[0m [34mDEBUG[0m [2mhyper::client::pool[0m[2m:[0m reuse idle connection for ("http", 192.168.0.14:8545)
[2m2025-12-10T10:11:34.819606Z[0m [34mDEBUG[0m [2mhyper::proto::h1::io[0m[2m:[0m flushed 250 bytes
[2m2025-12-10T10:11:34.819632Z[0m [34mDEBUG[0m [2methereum_transaction_pool_monitor::eth_client[0m[2m:[0m 📨 Received WebSocket message: {"jsonrpc":"2.0","method":"eth_subscription","params":{"subscription":"0xbed0a0851463e895960a451075a301a9","result":"0xad55e0e415cdc6a4860913dfe03d8bd71d971c10e260b1f748756e85ed10959a"}}
[2m2025-12-10T10:11:34.819639Z[0m [34mDEBUG[0m [2mhyper::proto::h1::io[0m[2m:[0m parsed 4 headers
[2m2025-12-10T10:11:34.819650Z[0m [34mDEBUG[0m [2mhyper::proto::h1::conn[0m[2m:[0m incoming body is content-length (45 bytes)
[2m2025-12-10T10:11:34.819661Z[0m [34mDEBUG[0m [2mhyper::proto::h1::conn[0m[2m:[0m incoming body completed
[2m2025-12-10T10:11:34.819671Z[0m [34mDEBUG[0m [2mhyper::client::pool[0m[2m:[0m pooling idle connection for ("http", 192.168.0.14:8545)
[2m2025-12-10T10:11:34.819641Z[0m [34mDEBUG[0m [2methereum_transaction_pool_monitor::eth_client[0m[2m:[0m 📨 Received pending transaction: 0xad55e0e415cdc6a4860913dfe03d8bd71d971c10e260b1f748756e85ed10959a
[2m2025-12-10T10:11:34.819691Z[0m [34mDEBUG[0m [2mhyper::client::pool[0m[2m:[0m reuse idle connection for ("http", 192.168.0.14:8545)
[2m2025-12-10T10:11:34.819743Z[0m [34mDEBUG[0m [2mhyper::proto::h1::io[0m[2m:[0m flushed 172 bytes
[2m2025-12-10T10:11:34.824373Z[0m [34mDEBUG[0m [2mhyper::proto::h1::io[0m[2m:[0m parsed 4 headers
[2m2025-12-10T10:11:34.824383Z[0m [34mDEBUG[0m [2mhyper::proto::h1::conn[0m[2m:[0m incoming body is content-length (905 bytes)
[2m2025-12-10T10:11:34.824391Z[0m [34mDEBUG[0m [2mhyper::proto::h1::conn[0m[2m:[0m incoming body completed
[2m2025-12-10T10:11:34.824400Z[0m [34mDEBUG[0m [2mhyper::client::pool[0m[2m:[0m pooling idle connection for ("http", 192.168.0.14:8545)
[2m2025-12-10T10:11:34.824407Z[0m [34mDEBUG[0m [2methereum_transaction_pool_monitor::eth_client[0m[2m:[0m 📡 Transaction fetch RPC completed in 4.874375ms
[2m2025-12-10T10:11:34.894784Z[0m [34mDEBUG[0m [2methereum_transaction_pool_monitor::eth_client[0m[2m:[0m ✅ Transaction 0x5fda0a17d12ab20baaa64079be6af6f87face2a62b254f67a76fe55666c826dd fetched and parsed in 75.24825ms
[2m2025-12-10T10:11:34.894819Z[0m [34mDEBUG[0m [2methereum_transaction_pool_monitor::mempool_monitor[0m[2m:[0m 🔍 Skipping tx 0x5fda0a17d12ab20baaa64079be6af6f87face2a62b254f67a76fe55666c826dd - not a DEX interaction (target: 0xFf00000000000000000000000000000000008453)
[2m2025-12-10T10:11:34.894838Z[0m [34mDEBUG[0m [2methereum_transaction_pool_monitor::mempool_monitor[0m[2m:[0m 📨 Processing new pending transaction: 0xad55e0e415cdc6a4860913dfe03d8bd71d971c10e260b1f748756e85ed10959a
[2m2025-12-10T10:11:34.894851Z[0m [34mDEBUG[0m [2methereum_transaction_pool_monitor::mempool_monitor[0m[2m:[0m 🔍 Fetching transaction details for: 0xad55e0e415cdc6a4860913dfe03d8bd71d971c10e260b1f748756e85ed10959a
[2m2025-12-10T10:11:34.894859Z[0m [34mDEBUG[0m [2methereum_transaction_pool_monitor::eth_client[0m[2m:[0m 🔍 Fetching transaction details for hash: 0xad55e0e415cdc6a4860913dfe03d8bd71d971c10e260b1f748756e85ed10959a
[2m2025-12-10T10:11:34.894884Z[0m [34mDEBUG[0m [2mhyper::client::pool[0m[2m:[0m reuse idle connection for ("http", 192.168.0.14:8545)
[2m2025-12-10T10:11:34.894924Z[0m [34mDEBUG[0m [2mhyper::proto::h1::io[0m[2m:[0m flushed 250 bytes
[2m2025-12-10T10:11:34.894957Z[0m [34mDEBUG[0m [2mhyper::proto::h1::io[0m[2m:[0m parsed 4 headers
[2m2025-12-10T10:11:34.894958Z[0m [34mDEBUG[0m [2methereum_transaction_pool_monitor::eth_client[0m[2m:[0m 📨 Received WebSocket message: {"jsonrpc":"2.0","method":"eth_subscription","params":{"subscription":"0xbed0a0851463e895960a451075a301a9","result":"0x0a518a74c9a7d1e602bd1ca26f4072786a83d978ebc8204efe7febf080a337e9"}}
[2m2025-12-10T10:11:34.894969Z[0m [34mDEBUG[0m [2mhyper::proto::h1::conn[0m[2m:[0m incoming body is content-length (45 bytes)
[2m2025-12-10T10:11:34.894977Z[0m [34mDEBUG[0m [2methereum_transaction_pool_monitor::eth_client[0m[2m:[0m 📨 Received pending transaction: 0x0a518a74c9a7d1e602bd1ca26f4072786a83d978ebc8204efe7febf080a337e9
[2m2025-12-10T10:11:34.894981Z[0m [34mDEBUG[0m [2mhyper::proto::h1::conn[0m[2m:[0m incoming body completed
[2m2025-12-10T10:11:34.894997Z[0m [34mDEBUG[0m [2mhyper::client::pool[0m[2m:[0m pooling idle connection for ("http", 192.168.0.14:8545)
[2m2025-12-10T10:11:34.897563Z[0m [34mDEBUG[0m [2mhyper::client::pool[0m[2m:[0m reuse idle connection for ("http", 192.168.0.14:8545)
[2m2025-12-10T10:11:34.897625Z[0m [34mDEBUG[0m [2mhyper::proto::h1::io[0m[2m:[0m flushed 172 bytes
[2m2025-12-10T10:11:34.900989Z[0m [34mDEBUG[0m [2mhyper::proto::h1::io[0m[2m:[0m parsed 4 headers
[2m2025-12-10T10:11:34.900994Z[0m [34mDEBUG[0m [2mhyper::proto::h1::conn[0m[2m:[0m incoming body is content-length (830 bytes)
[2m2025-12-10T10:11:34.901000Z[0m [34mDEBUG[0m [2mhyper::proto::h1::conn[0m[2m:[0m incoming body completed
[2m2025-12-10T10:11:34.901006Z[0m [34mDEBUG[0m [2mhyper::client::pool[0m[2m:[0m pooling idle connection for ("http", 192.168.0.14:8545)
[2m2025-12-10T10:11:34.901011Z[0m [34mDEBUG[0m [2methereum_transaction_pool_monitor::eth_client[0m[2m:[0m 📡 Transaction fetch RPC completed in 6.146917ms
[2m2025-12-10T10:11:34.970171Z[0m [34mDEBUG[0m [2methereum_transaction_pool_monitor::eth_client[0m[2m:[0m ✅ Transaction 0xad55e0e415cdc6a4860913dfe03d8bd71d971c10e260b1f748756e85ed10959a fetched and parsed in 75.304542ms
[2m2025-12-10T10:11:34.970202Z[0m [34mDEBUG[0m [2methereum_transaction_pool_monitor::mempool_monitor[0m[2m:[0m 🔍 Skipping tx 0xad55e0e415cdc6a4860913dfe03d8bd71d971c10e260b1f748756e85ed10959a - not a DEX interaction (target: 0x3B4D794a66304F130a4Db8F2551B0070dfCf5ca7)
[2m2025-12-10T10:11:34.970213Z[0m [34mDEBUG[0m [2methereum_transaction_pool_monitor::mempool_monitor[0m[2m:[0m 📨 Processing new pending transaction: 0x0a518a74c9a7d1e602bd1ca26f4072786a83d978ebc8204efe7febf080a337e9
[2m2025-12-10T10:11:34.970228Z[0m [34mDEBUG[0m [2methereum_transaction_pool_monitor::mempool_monitor[0m[2m:[0m 🔍 Fetching transaction details for: 0x0a518a74c9a7d1e602bd1ca26f4072786a83d978ebc8204efe7febf080a337e9
[2m2025-12-10T10:11:34.970236Z[0m [34mDEBUG[0m [2methereum_transaction_pool_monitor::eth_client[0m[2m:[0m 🔍 Fetching transaction details for hash: 0x0a518a74c9a7d1e602bd1ca26f4072786a83d978ebc8204efe7febf080a337e9
[2m2025-12-10T10:11:34.970257Z[0m [34mDEBUG[0m [2mhyper::client::pool[0m[2m:[0m reuse idle connection for ("http", 192.168.0.14:8545)
[2m2025-12-10T10:11:34.970296Z[0m [34mDEBUG[0m [2mhyper::proto::h1::io[0m[2m:[0m flushed 250 bytes
[2m2025-12-10T10:11:34.970315Z[0m [34mDEBUG[0m [2mhyper::proto::h1::io[0m[2m:[0m parsed 4 headers
[2m2025-12-10T10:11:34.970327Z[0m [34mDEBUG[0m [2mhyper::proto::h1::conn[0m[2m:[0m incoming body is content-length (45 bytes)
[2m2025-12-10T10:11:34.970339Z[0m [34mDEBUG[0m [2mhyper::proto::h1::conn[0m[2m:[0m incoming body completed
[2m2025-12-10T10:11:34.970351Z[0m [34mDEBUG[0m [2mhyper::client::pool[0m[2m:[0m pooling idle connection for ("http", 192.168.0.14:8545)
[2m2025-12-10T10:11:34.979086Z[0m [34mDEBUG[0m [2mhyper::proto::h1::io[0m[2m:[0m parsed 4 headers
[2m2025-12-10T10:11:34.979110Z[0m [34mDEBUG[0m [2mhyper::proto::h1::conn[0m[2m:[0m incoming body is content-length (837 bytes)
[2m2025-12-10T10:11:34.979130Z[0m [34mDEBUG[0m [2mhyper::proto::h1::conn[0m[2m:[0m incoming body completed
[2m2025-12-10T10:11:34.979149Z[0m [34mDEBUG[0m [2mhyper::client::pool[0m[2m:[0m pooling idle connection for ("http", 192.168.0.14:8545)
[2m2025-12-10T10:11:34.979155Z[0m [34mDEBUG[0m [2methereum_transaction_pool_monitor::eth_client[0m[2m:[0m 📡 Transaction fetch RPC completed in 8.913708ms
[2m2025-12-10T10:11:34.979170Z[0m [34mDEBUG[0m [2methereum_transaction_pool_monitor::eth_client[0m[2m:[0m DeFi transaction detected - Address: 0x7fc66500c84a76ad7e9c93437bfc5ac33e2ddae9, Type: TokenContract, Value: 0 ETH, Gas: 2.18 Gwei
[2m2025-12-10T10:11:34.979185Z[0m [34mDEBUG[0m [2methereum_transaction_pool_monitor::eth_client[0m[2m:[0m ✅ Transaction 0x0a518a74c9a7d1e602bd1ca26f4072786a83d978ebc8204efe7febf080a337e9 fetched and parsed in 8.943792ms
[2m2025-12-10T10:11:34.979190Z[0m [34mDEBUG[0m [2methereum_transaction_pool_monitor::mempool_monitor[0m[2m:[0m 🔍 Skipping tx 0x0a518a74c9a7d1e602bd1ca26f4072786a83d978ebc8204efe7febf080a337e9 - not a DEX interaction (target: 0x7Fc66500c84A76Ad7e9c93437bFc5Ac33E2DDaE9)
[2m2025-12-10T10:11:34.999251Z[0m [34mDEBUG[0m [2mhyper::client::pool[0m[2m:[0m reuse idle connection for ("http", 192.168.0.14:8545)
[2m2025-12-10T10:11:34.999327Z[0m [34mDEBUG[0m [2mhyper::proto::h1::io[0m[2m:[0m flushed 172 bytes
[2m2025-12-10T10:11:35.003586Z[0m [34mDEBUG[0m [2mhyper::proto::h1::io[0m[2m:[0m parsed 4 headers
[2m2025-12-10T10:11:35.003593Z[0m [34mDEBUG[0m [2mhyper::proto::h1::conn[0m[2m:[0m incoming body is content-length (45 bytes)
[2m2025-12-10T10:11:35.003599Z[0m [34mDEBUG[0m [2mhyper::proto::h1::conn[0m[2m:[0m incoming body completed
[2m2025-12-10T10:11:35.003604Z[0m [34mDEBUG[0m [2mhyper::client::pool[0m[2m:[0m pooling idle connection for ("http", 192.168.0.14:8545)
[2m2025-12-10T10:11:35.014028Z[0m [34mDEBUG[0m [2methereum_transaction_pool_monitor::eth_client[0m[2m:[0m 📨 Received WebSocket message: {"jsonrpc":"2.0","method":"eth_subscription","params":{"subscription":"0xbed0a0851463e895960a451075a301a9","result":"0xa2b7d3b9f10903c9d11ba37fa0e9e089f650616fad10e9b34e0d2a07be9c3bbe"}}
[2m2025-12-10T10:11:35.014038Z[0m [34mDEBUG[0m [2methereum_transaction_pool_monitor::eth_client[0m[2m:[0m 📨 Received pending transaction: 0xa2b7d3b9f10903c9d11ba37fa0e9e089f650616fad10e9b34e0d2a07be9c3bbe
[2m2025-12-10T10:11:35.014045Z[0m [34mDEBUG[0m [2methereum_transaction_pool_monitor::mempool_monitor[0m[2m:[0m 📨 Processing new pending transaction: 0xa2b7d3b9f10903c9d11ba37fa0e9e089f650616fad10e9b34e0d2a07be9c3bbe
[2m2025-12-10T10:11:35.014049Z[0m [34mDEBUG[0m [2methereum_transaction_pool_monitor::mempool_monitor[0m[2m:[0m 🔍 Fetching transaction details for: 0xa2b7d3b9f10903c9d11ba37fa0e9e089f650616fad10e9b34e0d2a07be9c3bbe
[2m2025-12-10T10:11:35.014054Z[0m [34mDEBUG[0m [2methereum_transaction_pool_monitor::eth_client[0m[2m:[0m 🔍 Fetching transaction details for hash: 0xa2b7d3b9f10903c9d11ba37fa0e9e089f650616fad10e9b34e0d2a07be9c3bbe
[2m2025-12-10T10:11:35.014065Z[0m [34mDEBUG[0m [2mhyper::client::pool[0m[2m:[0m reuse idle connection for ("http", 192.168.0.14:8545)
[2m2025-12-10T10:11:35.014079Z[0m [34mDEBUG[0m [2mhyper::proto::h1::io[0m[2m:[0m flushed 250 bytes
[2m2025-12-10T10:11:35.018223Z[0m [34mDEBUG[0m [2mhyper::proto::h1::io[0m[2m:[0m parsed 4 headers
[2m2025-12-10T10:11:35.018228Z[0m [34mDEBUG[0m [2mhyper::proto::h1::conn[0m[2m:[0m incoming body is content-length (777 bytes)
[2m2025-12-10T10:11:35.018234Z[0m [34mDEBUG[0m [2mhyper::proto::h1::conn[0m[2m:[0m incoming body completed
[2m2025-12-10T10:11:35.018240Z[0m [34mDEBUG[0m [2mhyper::client::pool[0m[2m:[0m pooling idle connection for ("http", 192.168.0.14:8545)
[2m2025-12-10T10:11:35.018245Z[0m [34mDEBUG[0m [2methereum_transaction_pool_monitor::eth_client[0m[2m:[0m 📡 Transaction fetch RPC completed in 4.186917ms
[2m2025-12-10T10:11:35.089553Z[0m [34mDEBUG[0m [2methereum_transaction_pool_monitor::eth_client[0m[2m:[0m ✅ Transaction 0xa2b7d3b9f10903c9d11ba37fa0e9e089f650616fad10e9b34e0d2a07be9c3bbe fetched and parsed in 75.492ms
[2m2025-12-10T10:11:35.091803Z[0m [34mDEBUG[0m [2methereum_transaction_pool_monitor::mempool_monitor[0m[2m:[0m 🔍 Skipping tx 0xa2b7d3b9f10903c9d11ba37fa0e9e089f650616fad10e9b34e0d2a07be9c3bbe - not a DEX interaction (target: 0xcf5104D094e3864CfCBDa43B82e1cEFD26A016eB)
[2m2025-12-10T10:11:35.099424Z[0m [34mDEBUG[0m [2mhyper::client::pool[0m[2m:[0m reuse idle connection for ("http", 192.168.0.14:8545)
[2m2025-12-10T10:11:35.099478Z[0m [34mDEBUG[0m [2mhyper::proto::h1::io[0m[2m:[0m flushed 172 bytes
[2m2025-12-10T10:11:35.102698Z[0m [34mDEBUG[0m [2mhyper::proto::h1::io[0m[2m:[0m parsed 4 headers
[2m2025-12-10T10:11:35.102721Z[0m [34mDEBUG[0m [2mhyper::proto::h1::conn[0m[2m:[0m incoming body is content-length (45 bytes)
[2m2025-12-10T10:11:35.102755Z[0m [34mDEBUG[0m [2mhyper::proto::h1::conn[0m[2m:[0m incoming body completed
[2m2025-12-10T10:11:35.102763Z[0m [34mDEBUG[0m [2mhyper::client::pool[0m[2m:[0m pooling idle connection for ("http", 192.168.0.14:8545)
[2m2025-12-10T10:11:35.126401Z[0m [34mDEBUG[0m [2methereum_transaction_pool_monitor::eth_client[0m[2m:[0m 📨 Received WebSocket message: {"jsonrpc":"2.0","method":"eth_subscription","params":{"subscription":"0xbed0a0851463e895960a451075a301a9","result":"0xe3c90cce5ae7b1d84e86df408c88f8fbdba3a9e233d87517a942d06c7bb45085"}}
[2m2025-12-10T10:11:35.126410Z[0m [34mDEBUG[0m [2methereum_transaction_pool_monitor::eth_client[0m[2m:[0m 📨 Received pending transaction: 0xe3c90cce5ae7b1d84e86df408c88f8fbdba3a9e233d87517a942d06c7bb45085
[2m2025-12-10T10:11:35.126418Z[0m [34mDEBUG[0m [2methereum_transaction_pool_monitor::mempool_monitor[0m[2m:[0m 📨 Processing new pending transaction: 0xe3c90cce5ae7b1d84e86df408c88f8fbdba3a9e233d87517a942d06c7bb45085
[2m2025-12-10T10:11:35.126423Z[0m [34mDEBUG[0m [2methereum_transaction_pool_monitor::mempool_monitor[0m[2m:[0m 🔍 Fetching transaction details for: 0xe3c90cce5ae7b1d84e86df408c88f8fbdba3a9e233d87517a942d06c7bb45085
[2m2025-12-10T10:11:35.126427Z[0m [34mDEBUG[0m [2methereum_transaction_pool_monitor::eth_client[0m[2m:[0m 🔍 Fetching transaction details for hash: 0xe3c90cce5ae7b1d84e86df408c88f8fbdba3a9e233d87517a942d06c7bb45085
[2m2025-12-10T10:11:35.126441Z[0m [34mDEBUG[0m [2mhyper::client::pool[0m[2m:[0m reuse idle connection for ("http", 192.168.0.14:8545)
[2m2025-12-10T10:11:35.126459Z[0m [34mDEBUG[0m [2mhyper::proto::h1::io[0m[2m:[0m flushed 250 bytes
[2m2025-12-10T10:11:35.131877Z[0m [34mDEBUG[0m [2mhyper::proto::h1::io[0m[2m:[0m parsed 4 headers
[2m2025-12-10T10:11:35.131896Z[0m [34mDEBUG[0m [2mhyper::proto::h1::conn[0m[2m:[0m incoming body is content-length (652 bytes)
[2m2025-12-10T10:11:35.131905Z[0m [34mDEBUG[0m [2mhyper::proto::h1::conn[0m[2m:[0m incoming body completed
[2m2025-12-10T10:11:35.131913Z[0m [34mDEBUG[0m [2mhyper::client::pool[0m[2m:[0m pooling idle connection for ("http", 192.168.0.14:8545)
[2m2025-12-10T10:11:35.132165Z[0m [34mDEBUG[0m [2methereum_transaction_pool_monitor::eth_client[0m[2m:[0m 📡 Transaction fetch RPC completed in 5.734042ms
[2m2025-12-10T10:11:35.203488Z[0m [34mDEBUG[0m [2methereum_transaction_pool_monitor::eth_client[0m[2m:[0m ✅ Transaction 0xe3c90cce5ae7b1d84e86df408c88f8fbdba3a9e233d87517a942d06c7bb45085 fetched and parsed in 77.0545ms
[2m2025-12-10T10:11:35.203521Z[0m [34mDEBUG[0m [2methereum_transaction_pool_monitor::mempool_monitor[0m[2m:[0m 🔍 Skipping tx 0xe3c90cce5ae7b1d84e86df408c88f8fbdba3a9e233d87517a942d06c7bb45085 - not a DEX interaction (target: 0xE0E36B7f19D79B36351c07C5DE7171c728958fE2)
[2m2025-12-10T10:11:35.203565Z[0m [34mDEBUG[0m [2mhyper::client::pool[0m[2m:[0m reuse idle connection for ("http", 192.168.0.14:8545)
[2m2025-12-10T10:11:35.203586Z[0m [34mDEBUG[0m [2methereum_transaction_pool_monitor::eth_client[0m[2m:[0m 📨 Received WebSocket message: {"jsonrpc":"2.0","method":"eth_subscription","params":{"subscription":"0xbed0a0851463e895960a451075a301a9","result":"0x7318a38f27024af867b5e3f252c859ddab5b131951ec30994793853f80fe761e"}}
[2m2025-12-10T10:11:35.203588Z[0m [34mDEBUG[0m [2mhyper::proto::h1::io[0m[2m:[0m flushed 172 bytes
[2m2025-12-10T10:11:35.203603Z[0m [34mDEBUG[0m [2methereum_transaction_pool_monitor::eth_client[0m[2m:[0m 📨 Received pending transaction: 0x7318a38f27024af867b5e3f252c859ddab5b131951ec30994793853f80fe761e
[2m2025-12-10T10:11:35.203612Z[0m [34mDEBUG[0m [2methereum_transaction_pool_monitor::eth_client[0m[2m:[0m 📨 Received WebSocket message: {"jsonrpc":"2.0","method":"eth_subscription","params":{"subscription":"0xbed0a0851463e895960a451075a301a9","result":"0x40bb06fb55760c87f9af295c90038a2e8d970e96c1451fc83ca0c96b2e1ca1b5"}}
[2m2025-12-10T10:11:35.203621Z[0m [34mDEBUG[0m [2methereum_transaction_pool_monitor::eth_client[0m[2m:[0m 📨 Received pending transaction: 0x40bb06fb55760c87f9af295c90038a2e8d970e96c1451fc83ca0c96b2e1ca1b5
[2m2025-12-10T10:11:35.203631Z[0m [34mDEBUG[0m [2methereum_transaction_pool_monitor::eth_client[0m[2m:[0m 📨 Received WebSocket message: {"jsonrpc":"2.0","method":"eth_subscription","params":{"subscription":"0xbed0a0851463e895960a451075a301a9","result":"0xded2b3b7cf0a9c92c07a4603cdc8ca341329e0e388e69452d64080658fc93812"}}
[2m2025-12-10T10:11:35.203641Z[0m [34mDEBUG[0m [2methereum_transaction_pool_monitor::eth_client[0m[2m:[0m 📨 Received pending transaction: 0xded2b3b7cf0a9c92c07a4603cdc8ca341329e0e388e69452d64080658fc93812
[2m2025-12-10T10:11:35.203650Z[0m [34mDEBUG[0m [2methereum_transaction_pool_monitor::mempool_monitor[0m[2m:[0m 📨 Processing new pending transaction: 0x7318a38f27024af867b5e3f252c859ddab5b131951ec30994793853f80fe761e
[2m2025-12-10T10:11:35.203657Z[0m [34mDEBUG[0m [2methereum_transaction_pool_monitor::mempool_monitor[0m[2m:[0m 🔍 Fetching transaction details for: 0x7318a38f27024af867b5e3f252c859ddab5b131951ec30994793853f80fe761e
[2m2025-12-10T10:11:35.203665Z[0m [34mDEBUG[0m [2methereum_transaction_pool_monitor::eth_client[0m[2m:[0m 🔍 Fetching transaction details for hash: 0x7318a38f27024af867b5e3f252c859ddab5b131951ec30994793853f80fe761e
[2m2025-12-10T10:11:35.203678Z[0m [34mDEBUG[0m [2mhyper::client::pool[0m[2m:[0m reuse idle connection for ("http", 192.168.0.14:8545)
[2m2025-12-10T10:11:35.203696Z[0m [34mDEBUG[0m [2mhyper::proto::h1::io[0m[2m:[0m flushed 250 bytes
[2m2025-12-10T10:11:35.208186Z[0m [34mDEBUG[0m [2mhyper::proto::h1::io[0m[2m:[0m parsed 4 headers
[2m2025-12-10T10:11:35.208204Z[0m [34mDEBUG[0m [2mhyper::proto::h1::conn[0m[2m:[0m incoming body is content-length (45 bytes)
[2m2025-12-10T10:11:35.208210Z[0m [34mDEBUG[0m [2mhyper::proto::h1::conn[0m[2m:[0m incoming body completed
[2m2025-12-10T10:11:35.208216Z[0m [34mDEBUG[0m [2mhyper::client::pool[0m[2m:[0m pooling idle connection for ("http", 192.168.0.14:8545)
[2m2025-12-10T10:11:35.214471Z[0m [34mDEBUG[0m [2mhyper::proto::h1::io[0m[2m:[0m parsed 4 headers
[2m2025-12-10T10:11:35.214476Z[0m [34mDEBUG[0m [2mhyper::proto::h1::conn[0m[2m:[0m incoming body is content-length (651 bytes)
[2m2025-12-10T10:11:35.214479Z[0m [34mDEBUG[0m [2mhyper::proto::h1::conn[0m[2m:[0m incoming body completed
[2m2025-12-10T10:11:35.214483Z[0m [34mDEBUG[0m [2mhyper::client::pool[0m[2m:[0m pooling idle connection for ("http", 192.168.0.14:8545)
[2m2025-12-10T10:11:35.214487Z[0m [34mDEBUG[0m [2methereum_transaction_pool_monitor::eth_client[0m[2m:[0m 📡 Transaction fetch RPC completed in 10.815084ms
[2m2025-12-10T10:11:35.285228Z[0m [34mDEBUG[0m [2methereum_transaction_pool_monitor::eth_client[0m[2m:[0m ✅ Transaction 0x7318a38f27024af867b5e3f252c859ddab5b131951ec30994793853f80fe761e fetched and parsed in 81.554125ms
[2m2025-12-10T10:11:35.285251Z[0m [34mDEBUG[0m [2methereum_transaction_pool_monitor::mempool_monitor[0m[2m:[0m 🔍 Skipping tx 0x7318a38f27024af867b5e3f252c859ddab5b131951ec30994793853f80fe761e - not a DEX interaction (target: 0x060cd409E080f1f9d13b5B17360b07CFBa8bbB70)
[2m2025-12-10T10:11:35.285262Z[0m [34mDEBUG[0m [2methereum_transaction_pool_monitor::mempool_monitor[0m[2m:[0m 📨 Processing new pending transaction: 0x40bb06fb55760c87f9af295c90038a2e8d970e96c1451fc83ca0c96b2e1ca1b5
[2m2025-12-10T10:11:35.285267Z[0m [34mDEBUG[0m [2methereum_transaction_pool_monitor::mempool_monitor[0m[2m:[0m 🔍 Fetching transaction details for: 0x40bb06fb55760c87f9af295c90038a2e8d970e96c1451fc83ca0c96b2e1ca1b5
[2m2025-12-10T10:11:35.285273Z[0m [34mDEBUG[0m [2methereum_transaction_pool_monitor::eth_client[0m[2m:[0m 🔍 Fetching transaction details for hash: 0x40bb06fb55760c87f9af295c90038a2e8d970e96c1451fc83ca0c96b2e1ca1b5
[2m2025-12-10T10:11:35.285291Z[0m [34mDEBUG[0m [2mhyper::client::pool[0m[2m:[0m reuse idle connection for ("http", 192.168.0.14:8545)
[2m2025-12-10T10:11:35.285331Z[0m [34mDEBUG[0m [2mhyper::proto::h1::io[0m[2m:[0m flushed 250 bytes
[2m2025-12-10T10:11:35.292679Z[0m [34mDEBUG[0m [2mhyper::proto::h1::io[0m[2m:[0m parsed 4 headers
[2m2025-12-10T10:11:35.292699Z[0m [34mDEBUG[0m [2mhyper::proto::h1::conn[0m[2m:[0m incoming body is content-length (770 bytes)
[2m2025-12-10T10:11:35.292723Z[0m [34mDEBUG[0m [2mhyper::proto::h1::conn[0m[2m:[0m incoming body completed
[2m2025-12-10T10:11:35.292735Z[0m [34mDEBUG[0m [2mhyper::client::pool[0m[2m:[0m pooling idle connection for ("http", 192.168.0.14:8545)
[2m2025-12-10T10:11:35.292755Z[0m [34mDEBUG[0m [2methereum_transaction_pool_monitor::eth_client[0m[2m:[0m 📡 Transaction fetch RPC completed in 7.477084ms
[2m2025-12-10T10:11:35.363821Z[0m [34mDEBUG[0m [2methereum_transaction_pool_monitor::eth_client[0m[2m:[0m ✅ Transaction 0x40bb06fb55760c87f9af295c90038a2e8d970e96c1451fc83ca0c96b2e1ca1b5 fetched and parsed in 78.53975ms
[2m2025-12-10T10:11:35.363846Z[0m [34mDEBUG[0m [2methereum_transaction_pool_monitor::mempool_monitor[0m[2m:[0m 🔍 Skipping tx 0x40bb06fb55760c87f9af295c90038a2e8d970e96c1451fc83ca0c96b2e1ca1b5 - not a DEX interaction (target: 0xaCF63E56fd08970b43401492a02F6F38B6635C91)
[2m2025-12-10T10:11:35.363857Z[0m [34mDEBUG[0m [2methereum_transaction_pool_monitor::mempool_monitor[0m[2m:[0m 📨 Processing new pending transaction: 0xded2b3b7cf0a9c92c07a4603cdc8ca341329e0e388e69452d64080658fc93812
[2m2025-12-10T10:11:35.363863Z[0m [34mDEBUG[0m [2methereum_transaction_pool_monitor::mempool_monitor[0m[2m:[0m 🔍 Fetching transaction details for: 0xded2b3b7cf0a9c92c07a4603cdc8ca341329e0e388e69452d64080658fc93812
[2m2025-12-10T10:11:35.363867Z[0m [34mDEBUG[0m [2methereum_transaction_pool_monitor::eth_client[0m[2m:[0m 🔍 Fetching transaction details for hash: 0xded2b3b7cf0a9c92c07a4603cdc8ca341329e0e388e69452d64080658fc93812
[2m2025-12-10T10:11:35.363888Z[0m [34mDEBUG[0m [2mhyper::client::pool[0m[2m:[0m reuse idle connection for ("http", 192.168.0.14:8545)
[2m2025-12-10T10:11:35.363933Z[0m [34mDEBUG[0m [2mhyper::proto::h1::io[0m[2m:[0m flushed 250 bytes
[2m2025-12-10T10:11:35.363963Z[0m [34mDEBUG[0m [2mhyper::client::pool[0m[2m:[0m reuse idle connection for ("http", 192.168.0.14:8545)
[2m2025-12-10T10:11:35.363979Z[0m [34mDEBUG[0m [2mhyper::proto::h1::io[0m[2m:[0m flushed 172 bytes
[2m2025-12-10T10:11:35.370669Z[0m [34mDEBUG[0m [2mhyper::proto::h1::io[0m[2m:[0m parsed 4 headers
[2m2025-12-10T10:11:35.370676Z[0m [34mDEBUG[0m [2mhyper::proto::h1::conn[0m[2m:[0m incoming body is content-length (2323 bytes)
[2m2025-12-10T10:11:35.370687Z[0m [34mDEBUG[0m [2mhyper::proto::h1::conn[0m[2m:[0m incoming body completed
[2m2025-12-10T10:11:35.370696Z[0m [34mDEBUG[0m [2mhyper::client::pool[0m[2m:[0m pooling idle connection for ("http", 192.168.0.14:8545)
[2m2025-12-10T10:11:35.370703Z[0m [34mDEBUG[0m [2methereum_transaction_pool_monitor::eth_client[0m[2m:[0m 📡 Transaction fetch RPC completed in 6.830208ms
[2m2025-12-10T10:11:35.442285Z[0m [34mDEBUG[0m [2methereum_transaction_pool_monitor::eth_client[0m[2m:[0m ✅ Transaction 0xded2b3b7cf0a9c92c07a4603cdc8ca341329e0e388e69452d64080658fc93812 fetched and parsed in 78.410583ms
[2m2025-12-10T10:11:35.442312Z[0m [34mDEBUG[0m [2methereum_transaction_pool_monitor::mempool_monitor[0m[2m:[0m 🔍 Skipping tx 0xded2b3b7cf0a9c92c07a4603cdc8ca341329e0e388e69452d64080658fc93812 - not a DEX interaction (target: 0x66a9893cC07D91D95644AEDD05D03f95e1dBA8Af)
[2m2025-12-10T10:11:35.442338Z[0m [34mDEBUG[0m [2mhyper::proto::h1::io[0m[2m:[0m parsed 4 headers
[2m2025-12-10T10:11:35.442345Z[0m [34mDEBUG[0m [2mhyper::proto::h1::conn[0m[2m:[0m incoming body is content-length (45 bytes)
[2m2025-12-10T10:11:35.442353Z[0m [34mDEBUG[0m [2mhyper::proto::h1::conn[0m[2m:[0m incoming body completed
[2m2025-12-10T10:11:35.442362Z[0m [34mDEBUG[0m [2mhyper::client::pool[0m[2m:[0m pooling idle connection for ("http", 192.168.0.14:8545)
[2m2025-12-10T10:11:35.442386Z[0m [34mDEBUG[0m [2mhyper::client::pool[0m[2m:[0m reuse idle connection for ("http", 192.168.0.14:8545)
[2m2025-12-10T10:11:35.442430Z[0m [34mDEBUG[0m [2mhyper::proto::h1::io[0m[2m:[0m flushed 172 bytes
[2m2025-12-10T10:11:35.446788Z[0m [34mDEBUG[0m [2mhyper::proto::h1::io[0m[2m:[0m parsed 4 headers
[2m2025-12-10T10:11:35.446811Z[0m [34mDEBUG[0m [2mhyper::proto::h1::conn[0m[2m:[0m incoming body is content-length (45 bytes)
[2m2025-12-10T10:11:35.446830Z[0m [34mDEBUG[0m [2mhyper::proto::h1::conn[0m[2m:[0m incoming body completed
[2m2025-12-10T10:11:35.446841Z[0m [34mDEBUG[0m [2mhyper::client::pool[0m[2m:[0m pooling idle connection for ("http", 192.168.0.14:8545)
[2m2025-12-10T10:11:35.499888Z[0m [34mDEBUG[0m [2mhyper::client::pool[0m[2m:[0m reuse idle connection for ("http", 192.168.0.14:8545)
[2m2025-12-10T10:11:35.499911Z[0m [34mDEBUG[0m [2mhyper::proto::h1::io[0m[2m:[0m flushed 172 bytes
[2m2025-12-10T10:11:35.503854Z[0m [34mDEBUG[0m [2mhyper::proto::h1::io[0m[2m:[0m parsed 4 headers
[2m2025-12-10T10:11:35.503872Z[0m [34mDEBUG[0m [2mhyper::proto::h1::conn[0m[2m:[0m incoming body is content-length (45 bytes)
[2m2025-12-10T10:11:35.503891Z[0m [34mDEBUG[0m [2mhyper::proto::h1::conn[0m[2m:[0m incoming body completed
[2m2025-12-10T10:11:35.503911Z[0m [34mDEBUG[0m [2mhyper::client::pool[0m[2m:[0m pooling idle connection for ("http", 192.168.0.14:8545)
[2m2025-12-10T10:11:35.597715Z[0m [34mDEBUG[0m [2mhyper::client::pool[0m[2m:[0m reuse idle connection for ("http", 192.168.0.14:8545)
[2m2025-12-10T10:11:35.597769Z[0m [34mDEBUG[0m [2mhyper::proto::h1::io[0m[2m:[0m flushed 172 bytes
[2m2025-12-10T10:11:35.601842Z[0m [34mDEBUG[0m [2mhyper::proto::h1::io[0m[2m:[0m parsed 4 headers
[2m2025-12-10T10:11:35.601860Z[0m [34mDEBUG[0m [2mhyper::proto::h1::conn[0m[2m:[0m incoming body is content-length (45 bytes)
[2m2025-12-10T10:11:35.601870Z[0m [34mDEBUG[0m [2mhyper::proto::h1::conn[0m[2m:[0m incoming body completed
[2m2025-12-10T10:11:35.601881Z[0m [34mDEBUG[0m [2mhyper::client::pool[0m[2m:[0m pooling idle connection for ("http", 192.168.0.14:8545)
[2m2025-12-10T10:11:35.616680Z[0m [34mDEBUG[0m [2methereum_transaction_pool_monitor::eth_client[0m[2m:[0m 📨 Received WebSocket message: {"jsonrpc":"2.0","method":"eth_subscription","params":{"subscription":"0xbed0a0851463e895960a451075a301a9","result":"0xba4bfd6c0f50f3937f6417833d551a3f2977903aa9585218f18fb122a2f98139"}}
[2m2025-12-10T10:11:35.616700Z[0m [34mDEBUG[0m [2methereum_transaction_pool_monitor::eth_client[0m[2m:[0m 📨 Received pending transaction: 0xba4bfd6c0f50f3937f6417833d551a3f2977903aa9585218f18fb122a2f98139
[2m2025-12-10T10:11:35.616717Z[0m [34mDEBUG[0m [2methereum_transaction_pool_monitor::mempool_monitor[0m[2m:[0m 📨 Processing new pending transaction: 0xba4bfd6c0f50f3937f6417833d551a3f2977903aa9585218f18fb122a2f98139
[2m2025-12-10T10:11:35.616727Z[0m [34mDEBUG[0m [2methereum_transaction_pool_monitor::mempool_monitor[0m[2m:[0m 🔍 Fetching transaction details for: 0xba4bfd6c0f50f3937f6417833d551a3f2977903aa9585218f18fb122a2f98139
[2m2025-12-10T10:11:35.616736Z[0m [34mDEBUG[0m [2methereum_transaction_pool_monitor::eth_client[0m[2m:[0m 🔍 Fetching transaction details for hash: 0xba4bfd6c0f50f3937f6417833d551a3f2977903aa9585218f18fb122a2f98139
[2m2025-12-10T10:11:35.616760Z[0m [34mDEBUG[0m [2mhyper::client::pool[0m[2m:[0m reuse idle connection for ("http", 192.168.0.14:8545)
[2m2025-12-10T10:11:35.616792Z[0m [34mDEBUG[0m [2mhyper::proto::h1::io[0m[2m:[0m flushed 250 bytes
[2m2025-12-10T10:11:35.618601Z[0m [34mDEBUG[0m [2methereum_transaction_pool_monitor::eth_client[0m[2m:[0m 📨 Received WebSocket message: {"jsonrpc":"2.0","method":"eth_subscription","params":{"subscription":"0xbed0a0851463e895960a451075a301a9","result":"0x62c4fa0c699da084c001425ab2ce045ea82725dab73bb6da08c0f23291b8e3ca"}}
[2m2025-12-10T10:11:35.623173Z[0m [34mDEBUG[0m [2methereum_transaction_pool_monitor::eth_client[0m[2m:[0m 📨 Received pending transaction: 0x62c4fa0c699da084c001425ab2ce045ea82725dab73bb6da08c0f23291b8e3ca
[2m2025-12-10T10:11:35.623220Z[0m [34mDEBUG[0m [2mhyper::proto::h1::io[0m[2m:[0m parsed 4 headers
[2m2025-12-10T10:11:35.623234Z[0m [34mDEBUG[0m [2mhyper::proto::h1::conn[0m[2m:[0m incoming body is content-length (769 bytes)
[2m2025-12-10T10:11:35.623252Z[0m [34mDEBUG[0m [2mhyper::proto::h1::conn[0m[2m:[0m incoming body completed
[2m2025-12-10T10:11:35.623277Z[0m [34mDEBUG[0m [2mhyper::client::pool[0m[2m:[0m pooling idle connection for ("http", 192.168.0.14:8545)
[2m2025-12-10T10:11:35.623303Z[0m [34mDEBUG[0m [2methereum_transaction_pool_monitor::eth_client[0m[2m:[0m 📡 Transaction fetch RPC completed in 6.55675ms
[2m2025-12-10T10:11:35.623348Z[0m [34mDEBUG[0m [2methereum_transaction_pool_monitor::eth_client[0m[2m:[0m DeFi transaction detected - Address: 0xdac17f958d2ee523a2206206994597c13d831ec7, Type: Stablecoin, Value: 0 ETH, Gas: 0.37 Gwei
[2m2025-12-10T10:11:35.623408Z[0m [34mDEBUG[0m [2methereum_transaction_pool_monitor::eth_client[0m[2m:[0m ✅ Transaction 0xba4bfd6c0f50f3937f6417833d551a3f2977903aa9585218f18fb122a2f98139 fetched and parsed in 6.661958ms
[2m2025-12-10T10:11:35.623439Z[0m [34mDEBUG[0m [2methereum_transaction_pool_monitor::mempool_monitor[0m[2m:[0m 🔍 Skipping tx 0xba4bfd6c0f50f3937f6417833d551a3f2977903aa9585218f18fb122a2f98139 - not a DEX interaction (target: 0xdAC17F958D2ee523a2206206994597C13D831ec7)
[2m2025-12-10T10:11:35.623464Z[0m [34mDEBUG[0m [2methereum_transaction_pool_monitor::mempool_monitor[0m[2m:[0m 📨 Processing new pending transaction: 0x62c4fa0c699da084c001425ab2ce045ea82725dab73bb6da08c0f23291b8e3ca
[2m2025-12-10T10:11:35.623483Z[0m [34mDEBUG[0m [2methereum_transaction_pool_monitor::mempool_monitor[0m[2m:[0m 🔍 Fetching transaction details for: 0x62c4fa0c699da084c001425ab2ce045ea82725dab73bb6da08c0f23291b8e3ca
[2m2025-12-10T10:11:35.623493Z[0m [34mDEBUG[0m [2methereum_transaction_pool_monitor::eth_client[0m[2m:[0m 🔍 Fetching transaction details for hash: 0x62c4fa0c699da084c001425ab2ce045ea82725dab73bb6da08c0f23291b8e3ca
[2m2025-12-10T10:11:35.623769Z[0m [34mDEBUG[0m [2mhyper::client::pool[0m[2m:[0m reuse idle connection for ("http", 192.168.0.14:8545)
[2m2025-12-10T10:11:35.623847Z[0m [34mDEBUG[0m [2mhyper::proto::h1::io[0m[2m:[0m flushed 250 bytes
[2m2025-12-10T10:11:35.628579Z[0m [34mDEBUG[0m [2mhyper::proto::h1::io[0m[2m:[0m parsed 4 headers
[2m2025-12-10T10:11:35.628611Z[0m [34mDEBUG[0m [2mhyper::proto::h1::conn[0m[2m:[0m incoming body is content-length (674 bytes)
[2m2025-12-10T10:11:35.628636Z[0m [34mDEBUG[0m [2mhyper::proto::h1::conn[0m[2m:[0m incoming body completed
[2m2025-12-10T10:11:35.628668Z[0m [34mDEBUG[0m [2mhyper::client::pool[0m[2m:[0m pooling idle connection for ("http", 192.168.0.14:8545)
[2m2025-12-10T10:11:35.628691Z[0m [34mDEBUG[0m [2methereum_transaction_pool_monitor::eth_client[0m[2m:[0m 📡 Transaction fetch RPC completed in 4.958042ms
[2m2025-12-10T10:11:35.718938Z[0m [34mDEBUG[0m [2methereum_transaction_pool_monitor::eth_client[0m[2m:[0m ✅ Transaction 0x62c4fa0c699da084c001425ab2ce045ea82725dab73bb6da08c0f23291b8e3ca fetched and parsed in 95.204083ms
[2m2025-12-10T10:11:35.718967Z[0m [34mDEBUG[0m [2methereum_transaction_pool_monitor::mempool_monitor[0m[2m:[0m 🔍 Skipping tx 0x62c4fa0c699da084c001425ab2ce045ea82725dab73bb6da08c0f23291b8e3ca - not a DEX interaction (target: 0xA0b86991c6218b36c1d19D4a2e9Eb0cE3606eB48)
[2m2025-12-10T10:11:35.719005Z[0m [34mDEBUG[0m [2mhyper::client::pool[0m[2m:[0m reuse idle connection for ("http", 192.168.0.14:8545)
[2m2025-12-10T10:11:35.719028Z[0m [34mDEBUG[0m [2mhyper::proto::h1::io[0m[2m:[0m flushed 172 bytes
[2m2025-12-10T10:11:35.719061Z[0m [34mDEBUG[0m [2methereum_transaction_pool_monitor::eth_client[0m[2m:[0m 📨 Received WebSocket message: {"jsonrpc":"2.0","method":"eth_subscription","params":{"subscription":"0xbed0a0851463e895960a451075a301a9","result":"0x34f9c1f8f03985f5a0b521e82b69eb626d8ee811bb7b18301143a861c3942e20"}}
[2m2025-12-10T10:11:35.719070Z[0m [34mDEBUG[0m [2methereum_transaction_pool_monitor::eth_client[0m[2m:[0m 📨 Received pending transaction: 0x34f9c1f8f03985f5a0b521e82b69eb626d8ee811bb7b18301143a861c3942e20
[2m2025-12-10T10:11:35.719076Z[0m [34mDEBUG[0m [2methereum_transaction_pool_monitor::mempool_monitor[0m[2m:[0m 📨 Processing new pending transaction: 0x34f9c1f8f03985f5a0b521e82b69eb626d8ee811bb7b18301143a861c3942e20
[2m2025-12-10T10:11:35.719081Z[0m [34mDEBUG[0m [2methereum_transaction_pool_monitor::mempool_monitor[0m[2m:[0m 🔍 Fetching transaction details for: 0x34f9c1f8f03985f5a0b521e82b69eb626d8ee811bb7b18301143a861c3942e20
[2m2025-12-10T10:11:35.719084Z[0m [34mDEBUG[0m [2methereum_transaction_pool_monitor::eth_client[0m[2m:[0m 🔍 Fetching transaction details for hash: 0x34f9c1f8f03985f5a0b521e82b69eb626d8ee811bb7b18301143a861c3942e20
[2m2025-12-10T10:11:35.719092Z[0m [34mDEBUG[0m [2mhyper::client::pool[0m[2m:[0m reuse idle connection for ("http", 192.168.0.14:8545)
[2m2025-12-10T10:11:35.719103Z[0m [34mDEBUG[0m [2mhyper::proto::h1::io[0m[2m:[0m flushed 250 bytes
[2m2025-12-10T10:11:35.723254Z[0m [34mDEBUG[0m [2mhyper::proto::h1::io[0m[2m:[0m parsed 4 headers
[2m2025-12-10T10:11:35.723261Z[0m [34mDEBUG[0m [2mhyper::proto::h1::conn[0m[2m:[0m incoming body is content-length (45 bytes)
[2m2025-12-10T10:11:35.723271Z[0m [34mDEBUG[0m [2mhyper::proto::h1::conn[0m[2m:[0m incoming body completed
[2m2025-12-10T10:11:35.723282Z[0m [34mDEBUG[0m [2mhyper::client::pool[0m[2m:[0m pooling idle connection for ("http", 192.168.0.14:8545)
[2m2025-12-10T10:11:35.729464Z[0m [34mDEBUG[0m [2mhyper::proto::h1::io[0m[2m:[0m parsed 4 headers
[2m2025-12-10T10:11:35.729488Z[0m [34mDEBUG[0m [2mhyper::proto::h1::conn[0m[2m:[0m incoming body is content-length (644 bytes)
[2m2025-12-10T10:11:35.729495Z[0m [34mDEBUG[0m [2mhyper::proto::h1::conn[0m[2m:[0m incoming body completed
[2m2025-12-10T10:11:35.729503Z[0m [34mDEBUG[0m [2mhyper::client::pool[0m[2m:[0m pooling idle connection for ("http", 192.168.0.14:8545)
[2m2025-12-10T10:11:35.729508Z[0m [34mDEBUG[0m [2methereum_transaction_pool_monitor::eth_client[0m[2m:[0m 📡 Transaction fetch RPC completed in 10.420208ms
[2m2025-12-10T10:11:35.800975Z[0m [34mDEBUG[0m [2methereum_transaction_pool_monitor::eth_client[0m[2m:[0m ✅ Transaction 0x34f9c1f8f03985f5a0b521e82b69eb626d8ee811bb7b18301143a861c3942e20 fetched and parsed in 81.885167ms
[2m2025-12-10T10:11:35.801000Z[0m [34mDEBUG[0m [2methereum_transaction_pool_monitor::mempool_monitor[0m[2m:[0m 🔍 Skipping tx 0x34f9c1f8f03985f5a0b521e82b69eb626d8ee811bb7b18301143a861c3942e20 - not a DEX interaction (target: 0xcA2274C1456daC58e48011e6537Fec02cC62F1dC)
[2m2025-12-10T10:11:35.801043Z[0m [34mDEBUG[0m [2mhyper::client::pool[0m[2m:[0m reuse idle connection for ("http", 192.168.0.14:8545)
[2m2025-12-10T10:11:35.801083Z[0m [34mDEBUG[0m [2mhyper::proto::h1::io[0m[2m:[0m flushed 172 bytes
[2m2025-12-10T10:11:35.805320Z[0m [34mDEBUG[0m [2mhyper::proto::h1::io[0m[2m:[0m parsed 4 headers
[2m2025-12-10T10:11:35.805342Z[0m [34mDEBUG[0m [2mhyper::proto::h1::conn[0m[2m:[0m incoming body is content-length (45 bytes)
[2m2025-12-10T10:11:35.805363Z[0m [34mDEBUG[0m [2mhyper::proto::h1::conn[0m[2m:[0m incoming body completed
[2m2025-12-10T10:11:35.805374Z[0m [34mDEBUG[0m [2mhyper::client::pool[0m[2m:[0m pooling idle connection for ("http", 192.168.0.14:8545)
[2m2025-12-10T10:11:35.840237Z[0m [34mDEBUG[0m [2methereum_transaction_pool_monitor::eth_client[0m[2m:[0m 📨 Received WebSocket message: {"jsonrpc":"2.0","method":"eth_subscription","params":{"subscription":"0xbed0a0851463e895960a451075a301a9","result":"0x638dc9f4821a0438e53e77059ce87fd39cd23693bc2605b15bac3e38b487eab2"}}
[2m2025-12-10T10:11:35.842895Z[0m [34mDEBUG[0m [2methereum_transaction_pool_monitor::eth_client[0m[2m:[0m 📨 Received pending transaction: 0x638dc9f4821a0438e53e77059ce87fd39cd23693bc2605b15bac3e38b487eab2
[2m2025-12-10T10:11:35.842912Z[0m [34mDEBUG[0m [2methereum_transaction_pool_monitor::mempool_monitor[0m[2m:[0m 📨 Processing new pending transaction: 0x638dc9f4821a0438e53e77059ce87fd39cd23693bc2605b15bac3e38b487eab2
[2m2025-12-10T10:11:35.842946Z[0m [34mDEBUG[0m [2methereum_transaction_pool_monitor::mempool_monitor[0m[2m:[0m 🔍 Fetching transaction details for: 0x638dc9f4821a0438e53e77059ce87fd39cd23693bc2605b15bac3e38b487eab2
[2m2025-12-10T10:11:35.842964Z[0m [34mDEBUG[0m [2methereum_transaction_pool_monitor::eth_client[0m[2m:[0m 🔍 Fetching transaction details for hash: 0x638dc9f4821a0438e53e77059ce87fd39cd23693bc2605b15bac3e38b487eab2
[2m2025-12-10T10:11:35.842994Z[0m [34mDEBUG[0m [2mhyper::client::pool[0m[2m:[0m reuse idle connection for ("http", 192.168.0.14:8545)
[2m2025-12-10T10:11:35.843021Z[0m [34mDEBUG[0m [2mhyper::proto::h1::io[0m[2m:[0m flushed 250 bytes
[2m2025-12-10T10:11:35.852233Z[0m [34mDEBUG[0m [2mhyper::proto::h1::io[0m[2m:[0m parsed 4 headers
[2m2025-12-10T10:11:35.852273Z[0m [34mDEBUG[0m [2mhyper::proto::h1::conn[0m[2m:[0m incoming body is content-length (646 bytes)
[2m2025-12-10T10:11:35.852290Z[0m [34mDEBUG[0m [2mhyper::proto::h1::conn[0m[2m:[0m incoming body completed
[2m2025-12-10T10:11:35.852311Z[0m [34mDEBUG[0m [2mhyper::client::pool[0m[2m:[0m pooling idle connection for ("http", 192.168.0.14:8545)
[2m2025-12-10T10:11:35.852328Z[0m [34mDEBUG[0m [2methereum_transaction_pool_monitor::eth_client[0m[2m:[0m 📡 Transaction fetch RPC completed in 9.345542ms
[2m2025-12-10T10:11:35.922703Z[0m [34mDEBUG[0m [2methereum_transaction_pool_monitor::eth_client[0m[2m:[0m ✅ Transaction 0x638dc9f4821a0438e53e77059ce87fd39cd23693bc2605b15bac3e38b487eab2 fetched and parsed in 79.718ms
[2m2025-12-10T10:11:35.922729Z[0m [34mDEBUG[0m [2methereum_transaction_pool_monitor::mempool_monitor[0m[2m:[0m 🔍 Skipping tx 0x638dc9f4821a0438e53e77059ce87fd39cd23693bc2605b15bac3e38b487eab2 - not a DEX interaction (target: 0xA26148AE51fa8E787DF319C04137602Cc018b521)
[2m2025-12-10T10:11:35.922767Z[0m [34mDEBUG[0m [2mhyper::client::pool[0m[2m:[0m reuse idle connection for ("http", 192.168.0.14:8545)
[2m2025-12-10T10:11:35.922788Z[0m [34mDEBUG[0m [2methereum_transaction_pool_monitor::eth_client[0m[2m:[0m 📨 Received WebSocket message: {"jsonrpc":"2.0","method":"eth_subscription","params":{"subscription":"0xbed0a0851463e895960a451075a301a9","result":"0x070a39ef2a4bc9d51512290d355dc75d43afe7e235831db31ec5c25ddf176329"}}
[2m2025-12-10T10:11:35.922792Z[0m [34mDEBUG[0m [2mhyper::proto::h1::io[0m[2m:[0m flushed 172 bytes
[2m2025-12-10T10:11:35.922801Z[0m [34mDEBUG[0m [2methereum_transaction_pool_monitor::eth_client[0m[2m:[0m 📨 Received pending transaction: 0x070a39ef2a4bc9d51512290d355dc75d43afe7e235831db31ec5c25ddf176329
[2m2025-12-10T10:11:35.922808Z[0m [34mDEBUG[0m [2methereum_transaction_pool_monitor::eth_client[0m[2m:[0m 📨 Received WebSocket message: {"jsonrpc":"2.0","method":"eth_subscription","params":{"subscription":"0xbed0a0851463e895960a451075a301a9","result":"0x3f4f7f9f40298449935a941f232216ad1501afb9f3c1fa74594959fa5335e6d4"}}
[2m2025-12-10T10:11:35.922814Z[0m [34mDEBUG[0m [2methereum_transaction_pool_monitor::eth_client[0m[2m:[0m 📨 Received pending transaction: 0x3f4f7f9f40298449935a941f232216ad1501afb9f3c1fa74594959fa5335e6d4
[2m2025-12-10T10:11:35.922820Z[0m [34mDEBUG[0m [2methereum_transaction_pool_monitor::mempool_monitor[0m[2m:[0m 📨 Processing new pending transaction: 0x070a39ef2a4bc9d51512290d355dc75d43afe7e235831db31ec5c25ddf176329
[2m2025-12-10T10:11:35.922825Z[0m [34mDEBUG[0m [2methereum_transaction_pool_monitor::mempool_monitor[0m[2m:[0m 🔍 Fetching transaction details for: 0x070a39ef2a4bc9d51512290d355dc75d43afe7e235831db31ec5c25ddf176329
[2m2025-12-10T10:11:35.922830Z[0m [34mDEBUG[0m [2methereum_transaction_pool_monitor::eth_client[0m[2m:[0m 🔍 Fetching transaction details for hash: 0x070a39ef2a4bc9d51512290d355dc75d43afe7e235831db31ec5c25ddf176329
[2m2025-12-10T10:11:35.922838Z[0m [34mDEBUG[0m [2mhyper::client::pool[0m[2m:[0m reuse idle connection for ("http", 192.168.0.14:8545)
[2m2025-12-10T10:11:35.922854Z[0m [34mDEBUG[0m [2mhyper::proto::h1::io[0m[2m:[0m flushed 250 bytes
[2m2025-12-10T10:11:35.928305Z[0m [34mDEBUG[0m [2mhyper::proto::h1::io[0m[2m:[0m parsed 4 headers
[2m2025-12-10T10:11:35.928324Z[0m [34mDEBUG[0m [2mhyper::proto::h1::conn[0m[2m:[0m incoming body is content-length (45 bytes)
[2m2025-12-10T10:11:35.928347Z[0m [34mDEBUG[0m [2mhyper::proto::h1::conn[0m[2m:[0m incoming body completed
[2m2025-12-10T10:11:35.928370Z[0m [34mDEBUG[0m [2mhyper::client::pool[0m[2m:[0m pooling idle connection for ("http", 192.168.0.14:8545)
[2m2025-12-10T10:11:35.928392Z[0m [34mDEBUG[0m [2mhyper::proto::h1::io[0m[2m:[0m parsed 4 headers
[2m2025-12-10T10:11:35.928396Z[0m [34mDEBUG[0m [2mhyper::proto::h1::conn[0m[2m:[0m incoming body is content-length (3159 bytes)
[2m2025-12-10T10:11:35.928400Z[0m [34mDEBUG[0m [2mhyper::proto::h1::conn[0m[2m:[0m incoming body completed
[2m2025-12-10T10:11:35.928405Z[0m [34mDEBUG[0m [2mhyper::client::pool[0m[2m:[0m pooling idle connection for ("http", 192.168.0.14:8545)
[2m2025-12-10T10:11:35.928408Z[0m [34mDEBUG[0m [2methereum_transaction_pool_monitor::eth_client[0m[2m:[0m 📡 Transaction fetch RPC completed in 5.574083ms
[2m2025-12-10T10:11:35.999262Z[0m [34mDEBUG[0m [2methereum_transaction_pool_monitor::eth_client[0m[2m:[0m ✅ Transaction 0x070a39ef2a4bc9d51512290d355dc75d43afe7e235831db31ec5c25ddf176329 fetched and parsed in 76.425375ms
[2m2025-12-10T10:11:35.999291Z[0m [34mDEBUG[0m [2methereum_transaction_pool_monitor::mempool_monitor[0m[2m:[0m 🔍 Skipping tx 0x070a39ef2a4bc9d51512290d355dc75d43afe7e235831db31ec5c25ddf176329 - not a DEX interaction (target: 0x66a9893cC07D91D95644AEDD05D03f95e1dBA8Af)
[2m2025-12-10T10:11:35.999302Z[0m [34mDEBUG[0m [2methereum_transaction_pool_monitor::mempool_monitor[0m[2m:[0m 📨 Processing new pending transaction: 0x3f4f7f9f40298449935a941f232216ad1501afb9f3c1fa74594959fa5335e6d4
[2m2025-12-10T10:11:35.999308Z[0m [34mDEBUG[0m [2methereum_transaction_pool_monitor::mempool_monitor[0m[2m:[0m 🔍 Fetching transaction details for: 0x3f4f7f9f40298449935a941f232216ad1501afb9f3c1fa74594959fa5335e6d4
[2m2025-12-10T10:11:35.999312Z[0m [34mDEBUG[0m [2methereum_transaction_pool_monitor::eth_client[0m[2m:[0m 🔍 Fetching transaction details for hash: 0x3f4f7f9f40298449935a941f232216ad1501afb9f3c1fa74594959fa5335e6d4
[2m2025-12-10T10:11:35.999331Z[0m [34mDEBUG[0m [2mhyper::client::pool[0m[2m:[0m reuse idle connection for ("http", 192.168.0.14:8545)
[2m2025-12-10T10:11:35.999374Z[0m [34mDEBUG[0m [2mhyper::proto::h1::io[0m[2m:[0m flushed 250 bytes
[2m2025-12-10T10:11:35.999391Z[0m [34mDEBUG[0m [2mhyper::client::pool[0m[2m:[0m reuse idle connection for ("http", 192.168.0.14:8545)
[2m2025-12-10T10:11:35.999407Z[0m [34mDEBUG[0m [2mhyper::proto::h1::io[0m[2m:[0m flushed 172 bytes
[2m2025-12-10T10:11:35.999406Z[0m [34mDEBUG[0m [2methereum_transaction_pool_monitor::eth_client[0m[2m:[0m 📨 Received WebSocket message: {"jsonrpc":"2.0","method":"eth_subscription","params":{"subscription":"0xbed0a0851463e895960a451075a301a9","result":"0xd503d0c192244f8da516d1caaadf5a8c596da6ac13069c41d1da51d09be2ac4b"}}
[2m2025-12-10T10:11:35.999430Z[0m [34mDEBUG[0m [2methereum_transaction_pool_monitor::eth_client[0m[2m:[0m 📨 Received pending transaction: 0xd503d0c192244f8da516d1caaadf5a8c596da6ac13069c41d1da51d09be2ac4b
[2m2025-12-10T10:11:36.004172Z[0m [34mDEBUG[0m [2mhyper::proto::h1::io[0m[2m:[0m parsed 4 headers
[2m2025-12-10T10:11:36.004188Z[0m [34mDEBUG[0m [2mhyper::proto::h1::conn[0m[2m:[0m incoming body is content-length (45 bytes)
[2m2025-12-10T10:11:36.004199Z[0m [34mDEBUG[0m [2mhyper::proto::h1::conn[0m[2m:[0m incoming body completed
[2m2025-12-10T10:11:36.004212Z[0m [34mDEBUG[0m [2mhyper::client::pool[0m[2m:[0m pooling idle connection for ("http", 192.168.0.14:8545)
[2m2025-12-10T10:11:36.004879Z[0m [34mDEBUG[0m [2mhyper::proto::h1::io[0m[2m:[0m parsed 4 headers
[2m2025-12-10T10:11:36.004889Z[0m [34mDEBUG[0m [2mhyper::proto::h1::conn[0m[2m:[0m incoming body is content-length (830 bytes)
[2m2025-12-10T10:11:36.004899Z[0m [34mDEBUG[0m [2mhyper::proto::h1::conn[0m[2m:[0m incoming body completed
[2m2025-12-10T10:11:36.004909Z[0m [34mDEBUG[0m [2mhyper::client::pool[0m[2m:[0m pooling idle connection for ("http", 192.168.0.14:8545)
[2m2025-12-10T10:11:36.004914Z[0m [34mDEBUG[0m [2methereum_transaction_pool_monitor::eth_client[0m[2m:[0m 📡 Transaction fetch RPC completed in 5.595958ms
[2m2025-12-10T10:11:36.077157Z[0m [34mDEBUG[0m [2methereum_transaction_pool_monitor::eth_client[0m[2m:[0m ✅ Transaction 0x3f4f7f9f40298449935a941f232216ad1501afb9f3c1fa74594959fa5335e6d4 fetched and parsed in 77.835958ms
[2m2025-12-10T10:11:36.077187Z[0m [34mDEBUG[0m [2methereum_transaction_pool_monitor::mempool_monitor[0m[2m:[0m 🔍 Skipping tx 0x3f4f7f9f40298449935a941f232216ad1501afb9f3c1fa74594959fa5335e6d4 - not a DEX interaction (target: 0x3B4D794a66304F130a4Db8F2551B0070dfCf5ca7)
[2m2025-12-10T10:11:36.077201Z[0m [34mDEBUG[0m [2methereum_transaction_pool_monitor::mempool_monitor[0m[2m:[0m 📨 Processing new pending transaction: 0xd503d0c192244f8da516d1caaadf5a8c596da6ac13069c41d1da51d09be2ac4b
[2m2025-12-10T10:11:36.077210Z[0m [34mDEBUG[0m [2methereum_transaction_pool_monitor::mempool_monitor[0m[2m:[0m 🔍 Fetching transaction details for: 0xd503d0c192244f8da516d1caaadf5a8c596da6ac13069c41d1da51d09be2ac4b
[2m2025-12-10T10:11:36.077216Z[0m [34mDEBUG[0m [2methereum_transaction_pool_monitor::eth_client[0m[2m:[0m 🔍 Fetching transaction details for hash: 0xd503d0c192244f8da516d1caaadf5a8c596da6ac13069c41d1da51d09be2ac4b
[2m2025-12-10T10:11:36.077453Z[0m [34mDEBUG[0m [2mhyper::client::pool[0m[2m:[0m reuse idle connection for ("http", 192.168.0.14:8545)
[2m2025-12-10T10:11:36.077487Z[0m [34mDEBUG[0m [2mhyper::proto::h1::io[0m[2m:[0m flushed 250 bytes
[2m2025-12-10T10:11:36.077506Z[0m [34mDEBUG[0m [2methereum_transaction_pool_monitor::eth_client[0m[2m:[0m 📨 Received WebSocket message: {"jsonrpc":"2.0","method":"eth_subscription","params":{"subscription":"0xbed0a0851463e895960a451075a301a9","result":"0xd936bbcecbe7a5caca0c78e0a08791da4d55d5dbd7be918e5e8f82ec3bce9937"}}
[2m2025-12-10T10:11:36.077514Z[0m [34mDEBUG[0m [2methereum_transaction_pool_monitor::eth_client[0m[2m:[0m 📨 Received pending transaction: 0xd936bbcecbe7a5caca0c78e0a08791da4d55d5dbd7be918e5e8f82ec3bce9937
[2m2025-12-10T10:11:36.081391Z[0m [34mDEBUG[0m [2mhyper::proto::h1::io[0m[2m:[0m parsed 4 headers
[2m2025-12-10T10:11:36.081403Z[0m [34mDEBUG[0m [2mhyper::proto::h1::conn[0m[2m:[0m incoming body is content-length (643 bytes)
[2m2025-12-10T10:11:36.081411Z[0m [34mDEBUG[0m [2mhyper::proto::h1::conn[0m[2m:[0m incoming body completed
[2m2025-12-10T10:11:36.081420Z[0m [34mDEBUG[0m [2mhyper::client::pool[0m[2m:[0m pooling idle connection for ("http", 192.168.0.14:8545)
[2m2025-12-10T10:11:36.081429Z[0m [34mDEBUG[0m [2methereum_transaction_pool_monitor::eth_client[0m[2m:[0m 📡 Transaction fetch RPC completed in 3.989625ms
[2m2025-12-10T10:11:36.153211Z[0m [34mDEBUG[0m [2methereum_transaction_pool_monitor::eth_client[0m[2m:[0m ✅ Transaction 0xd503d0c192244f8da516d1caaadf5a8c596da6ac13069c41d1da51d09be2ac4b fetched and parsed in 75.769459ms
[2m2025-12-10T10:11:36.153237Z[0m [34mDEBUG[0m [2methereum_transaction_pool_monitor::mempool_monitor[0m[2m:[0m 🔍 Skipping tx 0xd503d0c192244f8da516d1caaadf5a8c596da6ac13069c41d1da51d09be2ac4b - not a DEX interaction (target: 0x17E5545B11b468072283Cee1F066a059Fb0dbF24)
[2m2025-12-10T10:11:36.153247Z[0m [34mDEBUG[0m [2methereum_transaction_pool_monitor::mempool_monitor[0m[2m:[0m 📨 Processing new pending transaction: 0xd936bbcecbe7a5caca0c78e0a08791da4d55d5dbd7be918e5e8f82ec3bce9937
[2m2025-12-10T10:11:36.153253Z[0m [34mDEBUG[0m [2methereum_transaction_pool_monitor::mempool_monitor[0m[2m:[0m 🔍 Fetching transaction details for: 0xd936bbcecbe7a5caca0c78e0a08791da4d55d5dbd7be918e5e8f82ec3bce9937
[2m2025-12-10T10:11:36.153257Z[0m [34mDEBUG[0m [2methereum_transaction_pool_monitor::eth_client[0m[2m:[0m 🔍 Fetching transaction details for hash: 0xd936bbcecbe7a5caca0c78e0a08791da4d55d5dbd7be918e5e8f82ec3bce9937
[2m2025-12-10T10:11:36.153276Z[0m [34mDEBUG[0m [2mhyper::client::pool[0m[2m:[0m reuse idle connection for ("http", 192.168.0.14:8545)
[2m2025-12-10T10:11:36.153315Z[0m [34mDEBUG[0m [2mhyper::proto::h1::io[0m[2m:[0m flushed 250 bytes
[2m2025-12-10T10:11:36.153335Z[0m [34mDEBUG[0m [2mhyper::client::pool[0m[2m:[0m reuse idle connection for ("http", 192.168.0.14:8545)
[2m2025-12-10T10:11:36.153350Z[0m [34mDEBUG[0m [2mhyper::proto::h1::io[0m[2m:[0m flushed 172 bytes
[2m2025-12-10T10:11:36.153381Z[0m [34mDEBUG[0m [2methereum_transaction_pool_monitor::eth_client[0m[2m:[0m 📨 Received WebSocket message: {"jsonrpc":"2.0","method":"eth_subscription","params":{"subscription":"0xbed0a0851463e895960a451075a301a9","result":"0x37770cb1c6324f8a1ce3b166c9a7eb8e400af312602dcd2f319e8de564259d9b"}}
[2m2025-12-10T10:11:36.153388Z[0m [34mDEBUG[0m [2methereum_transaction_pool_monitor::eth_client[0m[2m:[0m 📨 Received pending transaction: 0x37770cb1c6324f8a1ce3b166c9a7eb8e400af312602dcd2f319e8de564259d9b
[2m2025-12-10T10:11:36.153393Z[0m [34mDEBUG[0m [2methereum_transaction_pool_monitor::eth_client[0m[2m:[0m 📨 Received WebSocket message: {"jsonrpc":"2.0","method":"eth_subscription","params":{"subscription":"0xbed0a0851463e895960a451075a301a9","result":"0x9e6e156bb8a184ef6b9c57c23e26b0505aa8cfe285e32115cc435c6df9cde0a8"}}
[2m2025-12-10T10:11:36.153397Z[0m [34mDEBUG[0m [2methereum_transaction_pool_monitor::eth_client[0m[2m:[0m 📨 Received pending transaction: 0x9e6e156bb8a184ef6b9c57c23e26b0505aa8cfe285e32115cc435c6df9cde0a8
[2m2025-12-10T10:11:36.157270Z[0m [34mDEBUG[0m [2mhyper::proto::h1::io[0m[2m:[0m parsed 4 headers
[2m2025-12-10T10:11:36.157292Z[0m [34mDEBUG[0m [2mhyper::proto::h1::conn[0m[2m:[0m incoming body is content-length (45 bytes)
[2m2025-12-10T10:11:36.157314Z[0m [34mDEBUG[0m [2mhyper::proto::h1::conn[0m[2m:[0m incoming body completed
[2m2025-12-10T10:11:36.157325Z[0m [34mDEBUG[0m [2mhyper::client::pool[0m[2m:[0m pooling idle connection for ("http", 192.168.0.14:8545)
[2m2025-12-10T10:11:36.157427Z[0m [34mDEBUG[0m [2mhyper::proto::h1::io[0m[2m:[0m parsed 4 headers
[2m2025-12-10T10:11:36.157432Z[0m [34mDEBUG[0m [2mhyper::proto::h1::conn[0m[2m:[0m incoming body is content-length (836 bytes)
[2m2025-12-10T10:11:36.157436Z[0m [34mDEBUG[0m [2mhyper::proto::h1::conn[0m[2m:[0m incoming body completed
[2m2025-12-10T10:11:36.157443Z[0m [34mDEBUG[0m [2mhyper::client::pool[0m[2m:[0m pooling idle connection for ("http", 192.168.0.14:8545)
[2m2025-12-10T10:11:36.157447Z[0m [34mDEBUG[0m [2methereum_transaction_pool_monitor::eth_client[0m[2m:[0m 📡 Transaction fetch RPC completed in 4.186083ms
[2m2025-12-10T10:11:36.229298Z[0m [34mDEBUG[0m [2methereum_transaction_pool_monitor::eth_client[0m[2m:[0m ✅ Transaction 0xd936bbcecbe7a5caca0c78e0a08791da4d55d5dbd7be918e5e8f82ec3bce9937 fetched and parsed in 76.035041ms
[2m2025-12-10T10:11:36.229328Z[0m [34mDEBUG[0m [2methereum_transaction_pool_monitor::mempool_monitor[0m[2m:[0m 🔍 Skipping tx 0xd936bbcecbe7a5caca0c78e0a08791da4d55d5dbd7be918e5e8f82ec3bce9937 - not a DEX interaction (target: 0xAC51066d7bEC65Dc4589368da368b212745d63E8)
[2m2025-12-10T10:11:36.229343Z[0m [34mDEBUG[0m [2methereum_transaction_pool_monitor::mempool_monitor[0m[2m:[0m 📨 Processing new pending transaction: 0x37770cb1c6324f8a1ce3b166c9a7eb8e400af312602dcd2f319e8de564259d9b
[2m2025-12-10T10:11:36.229350Z[0m [34mDEBUG[0m [2methereum_transaction_pool_monitor::mempool_monitor[0m[2m:[0m 🔍 Fetching transaction details for: 0x37770cb1c6324f8a1ce3b166c9a7eb8e400af312602dcd2f319e8de564259d9b
[2m2025-12-10T10:11:36.229355Z[0m [34mDEBUG[0m [2methereum_transaction_pool_monitor::eth_client[0m[2m:[0m 🔍 Fetching transaction details for hash: 0x37770cb1c6324f8a1ce3b166c9a7eb8e400af312602dcd2f319e8de564259d9b
[2m2025-12-10T10:11:36.229376Z[0m [34mDEBUG[0m [2mhyper::client::pool[0m[2m:[0m reuse idle connection for ("http", 192.168.0.14:8545)
[2m2025-12-10T10:11:36.229413Z[0m [34mDEBUG[0m [2mhyper::proto::h1::io[0m[2m:[0m flushed 250 bytes
[2m2025-12-10T10:11:36.229449Z[0m [34mDEBUG[0m [2mhyper::client::pool[0m[2m:[0m reuse idle connection for ("http", 192.168.0.14:8545)
[2m2025-12-10T10:11:36.229467Z[0m [34mDEBUG[0m [2mhyper::proto::h1::io[0m[2m:[0m flushed 172 bytes
[2m2025-12-10T10:11:36.234481Z[0m [34mDEBUG[0m [2mhyper::proto::h1::io[0m[2m:[0m parsed 4 headers
[2m2025-12-10T10:11:36.234506Z[0m [34mDEBUG[0m [2mhyper::proto::h1::conn[0m[2m:[0m incoming body is content-length (553 bytes)
[2m2025-12-10T10:11:36.234507Z[0m [34mDEBUG[0m [2mhyper::proto::h1::io[0m[2m:[0m parsed 4 headers
[2m2025-12-10T10:11:36.234532Z[0m [34mDEBUG[0m [2mhyper::proto::h1::conn[0m[2m:[0m incoming body completed
[2m2025-12-10T10:11:36.234534Z[0m [34mDEBUG[0m [2mhyper::proto::h1::conn[0m[2m:[0m incoming body is content-length (45 bytes)
[2m2025-12-10T10:11:36.234553Z[0m [34mDEBUG[0m [2mhyper::proto::h1::conn[0m[2m:[0m incoming body completed
[2m2025-12-10T10:11:36.234555Z[0m [34mDEBUG[0m [2mhyper::client::pool[0m[2m:[0m pooling idle connection for ("http", 192.168.0.14:8545)
[2m2025-12-10T10:11:36.234564Z[0m [34mDEBUG[0m [2mhyper::client::pool[0m[2m:[0m pooling idle connection for ("http", 192.168.0.14:8545)
[2m2025-12-10T10:11:36.234576Z[0m [34mDEBUG[0m [2methereum_transaction_pool_monitor::eth_client[0m[2m:[0m 📡 Transaction fetch RPC completed in 5.215291ms
[2m2025-12-10T10:11:36.298786Z[0m [34mDEBUG[0m [2mhyper::client::pool[0m[2m:[0m reuse idle connection for ("http", 192.168.0.14:8545)
[2m2025-12-10T10:11:36.298860Z[0m [34mDEBUG[0m [2mhyper::proto::h1::io[0m[2m:[0m flushed 172 bytes
[2m2025-12-10T10:11:36.305777Z[0m [34mDEBUG[0m [2mhyper::proto::h1::io[0m[2m:[0m parsed 4 headers
[2m2025-12-10T10:11:36.305792Z[0m [34mDEBUG[0m [2mhyper::proto::h1::conn[0m[2m:[0m incoming body is content-length (45 bytes)
[2m2025-12-10T10:11:36.305798Z[0m [34mDEBUG[0m [2mhyper::proto::h1::conn[0m[2m:[0m incoming body completed
[2m2025-12-10T10:11:36.305808Z[0m [34mDEBUG[0m [2mhyper::client::pool[0m[2m:[0m pooling idle connection for ("http", 192.168.0.14:8545)
[2m2025-12-10T10:11:36.306583Z[0m [34mDEBUG[0m [2methereum_transaction_pool_monitor::eth_client[0m[2m:[0m ✅ Transaction 0x37770cb1c6324f8a1ce3b166c9a7eb8e400af312602dcd2f319e8de564259d9b fetched and parsed in 77.220833ms
[2m2025-12-10T10:11:36.306599Z[0m [34mDEBUG[0m [2methereum_transaction_pool_monitor::mempool_monitor[0m[2m:[0m 🔍 Skipping tx 0x37770cb1c6324f8a1ce3b166c9a7eb8e400af312602dcd2f319e8de564259d9b - not a DEX interaction (target: 0x354a07392d210fc4d5cca4E5ad6Acb12e17AAef5)
[2m2025-12-10T10:11:36.306608Z[0m [34mDEBUG[0m [2methereum_transaction_pool_monitor::mempool_monitor[0m[2m:[0m 📨 Processing new pending transaction: 0x9e6e156bb8a184ef6b9c57c23e26b0505aa8cfe285e32115cc435c6df9cde0a8
[2m2025-12-10T10:11:36.306614Z[0m [34mDEBUG[0m [2methereum_transaction_pool_monitor::mempool_monitor[0m[2m:[0m 🔍 Fetching transaction details for: 0x9e6e156bb8a184ef6b9c57c23e26b0505aa8cfe285e32115cc435c6df9cde0a8
[2m2025-12-10T10:11:36.306619Z[0m [34mDEBUG[0m [2methereum_transaction_pool_monitor::eth_client[0m[2m:[0m 🔍 Fetching transaction details for hash: 0x9e6e156bb8a184ef6b9c57c23e26b0505aa8cfe285e32115cc435c6df9cde0a8
[2m2025-12-10T10:11:36.306636Z[0m [34mDEBUG[0m [2mhyper::client::pool[0m[2m:[0m reuse idle connection for ("http", 192.168.0.14:8545)
[2m2025-12-10T10:11:36.306668Z[0m [34mDEBUG[0m [2mhyper::proto::h1::io[0m[2m:[0m flushed 250 bytes
[2m2025-12-10T10:11:36.313130Z[0m [34mDEBUG[0m [2mhyper::proto::h1::io[0m[2m:[0m parsed 4 headers
[2m2025-12-10T10:11:36.313139Z[0m [34mDEBUG[0m [2mhyper::proto::h1::conn[0m[2m:[0m incoming body is content-length (779 bytes)
[2m2025-12-10T10:11:36.313145Z[0m [34mDEBUG[0m [2mhyper::proto::h1::conn[0m[2m:[0m incoming body completed
[2m2025-12-10T10:11:36.313152Z[0m [34mDEBUG[0m [2mhyper::client::pool[0m[2m:[0m pooling idle connection for ("http", 192.168.0.14:8545)
[2m2025-12-10T10:11:36.313157Z[0m [34mDEBUG[0m [2methereum_transaction_pool_monitor::eth_client[0m[2m:[0m 📡 Transaction fetch RPC completed in 6.533208ms
[2m2025-12-10T10:11:36.384794Z[0m [34mDEBUG[0m [2methereum_transaction_pool_monitor::eth_client[0m[2m:[0m ✅ Transaction 0x9e6e156bb8a184ef6b9c57c23e26b0505aa8cfe285e32115cc435c6df9cde0a8 fetched and parsed in 78.167916ms
[2m2025-12-10T10:11:36.384822Z[0m [34mDEBUG[0m [2methereum_transaction_pool_monitor::mempool_monitor[0m[2m:[0m 🔍 Skipping tx 0x9e6e156bb8a184ef6b9c57c23e26b0505aa8cfe285e32115cc435c6df9cde0a8 - not a DEX interaction (target: 0xA0b86991c6218b36c1d19D4a2e9Eb0cE3606eB48)
[2m2025-12-10T10:11:36.399879Z[0m [34mDEBUG[0m [2mhyper::client::pool[0m[2m:[0m reuse idle connection for ("http", 192.168.0.14:8545)
[2m2025-12-10T10:11:36.399923Z[0m [34mDEBUG[0m [2mhyper::proto::h1::io[0m[2m:[0m flushed 172 bytes
[2m2025-12-10T10:11:36.403766Z[0m [34mDEBUG[0m [2mhyper::proto::h1::io[0m[2m:[0m parsed 4 headers
[2m2025-12-10T10:11:36.404863Z[0m [34mDEBUG[0m [2mhyper::proto::h1::conn[0m[2m:[0m incoming body is content-length (45 bytes)
[2m2025-12-10T10:11:36.404872Z[0m [34mDEBUG[0m [2mhyper::proto::h1::conn[0m[2m:[0m incoming body completed
[2m2025-12-10T10:11:36.404883Z[0m [34mDEBUG[0m [2mhyper::client::pool[0m[2m:[0m pooling idle connection for ("http", 192.168.0.14:8545)
[2m2025-12-10T10:11:36.497656Z[0m [34mDEBUG[0m [2mhyper::client::pool[0m[2m:[0m reuse idle connection for ("http", 192.168.0.14:8545)
[2m2025-12-10T10:11:36.498891Z[0m [34mDEBUG[0m [2mhyper::proto::h1::io[0m[2m:[0m flushed 172 bytes
[2m2025-12-10T10:11:36.502869Z[0m [34mDEBUG[0m [2mhyper::proto::h1::io[0m[2m:[0m parsed 4 headers
[2m2025-12-10T10:11:36.502878Z[0m [34mDEBUG[0m [2mhyper::proto::h1::conn[0m[2m:[0m incoming body is content-length (45 bytes)
[2m2025-12-10T10:11:36.502888Z[0m [34mDEBUG[0m [2mhyper::proto::h1::conn[0m[2m:[0m incoming body completed
[2m2025-12-10T10:11:36.502900Z[0m [34mDEBUG[0m [2mhyper::client::pool[0m[2m:[0m pooling idle connection for ("http", 192.168.0.14:8545)
[2m2025-12-10T10:11:36.599704Z[0m [34mDEBUG[0m [2mhyper::client::pool[0m[2m:[0m reuse idle connection for ("http", 192.168.0.14:8545)
[2m2025-12-10T10:11:36.599787Z[0m [34mDEBUG[0m [2mhyper::proto::h1::io[0m[2m:[0m flushed 172 bytes
[2m2025-12-10T10:11:36.603347Z[0m [34mDEBUG[0m [2mhyper::proto::h1::io[0m[2m:[0m parsed 4 headers
[2m2025-12-10T10:11:36.603375Z[0m [34mDEBUG[0m [2mhyper::proto::h1::conn[0m[2m:[0m incoming body is content-length (45 bytes)
[2m2025-12-10T10:11:36.603400Z[0m [34mDEBUG[0m [2mhyper::proto::h1::conn[0m[2m:[0m incoming body completed
[2m2025-12-10T10:11:36.603424Z[0m [34mDEBUG[0m [2mhyper::client::pool[0m[2m:[0m pooling idle connection for ("http", 192.168.0.14:8545)
[2m2025-12-10T10:11:36.690372Z[0m [34mDEBUG[0m [2methereum_transaction_pool_monitor::eth_client[0m[2m:[0m 📨 Received WebSocket message: {"jsonrpc":"2.0","method":"eth_subscription","params":{"subscription":"0xbed0a0851463e895960a451075a301a9","result":"0x2de61b91c71fd43e37f191a9b17e0854bc6223882caaaac9dc156c7cb742a470"}}
[2m2025-12-10T10:11:36.690426Z[0m [34mDEBUG[0m [2methereum_transaction_pool_monitor::eth_client[0m[2m:[0m 📨 Received pending transaction: 0x2de61b91c71fd43e37f191a9b17e0854bc6223882caaaac9dc156c7cb742a470
[2m2025-12-10T10:11:36.690451Z[0m [34mDEBUG[0m [2methereum_transaction_pool_monitor::mempool_monitor[0m[2m:[0m 📨 Processing new pending transaction: 0x2de61b91c71fd43e37f191a9b17e0854bc6223882caaaac9dc156c7cb742a470
[2m2025-12-10T10:11:36.690471Z[0m [34mDEBUG[0m [2methereum_transaction_pool_monitor::mempool_monitor[0m[2m:[0m 🔍 Fetching transaction details for: 0x2de61b91c71fd43e37f191a9b17e0854bc6223882caaaac9dc156c7cb742a470
[2m2025-12-10T10:11:36.690485Z[0m [34mDEBUG[0m [2methereum_transaction_pool_monitor::eth_client[0m[2m:[0m 🔍 Fetching transaction details for hash: 0x2de61b91c71fd43e37f191a9b17e0854bc6223882caaaac9dc156c7cb742a470
[2m2025-12-10T10:11:36.690528Z[0m [34mDEBUG[0m [2mhyper::client::pool[0m[2m:[0m reuse idle connection for ("http", 192.168.0.14:8545)
[2m2025-12-10T10:11:36.690583Z[0m [34mDEBUG[0m [2mhyper::proto::h1::io[0m[2m:[0m flushed 250 bytes
[2m2025-12-10T10:11:36.696066Z[0m [34mDEBUG[0m [2mhyper::proto::h1::io[0m[2m:[0m parsed 4 headers
[2m2025-12-10T10:11:36.696107Z[0m [34mDEBUG[0m [2mhyper::proto::h1::conn[0m[2m:[0m incoming body is content-length (1988 bytes)
[2m2025-12-10T10:11:36.696136Z[0m [34mDEBUG[0m [2mhyper::proto::h1::conn[0m[2m:[0m incoming body completed
[2m2025-12-10T10:11:36.696173Z[0m [34mDEBUG[0m [2mhyper::client::pool[0m[2m:[0m pooling idle connection for ("http", 192.168.0.14:8545)
[2m2025-12-10T10:11:36.696204Z[0m [34mDEBUG[0m [2methereum_transaction_pool_monitor::eth_client[0m[2m:[0m 📡 Transaction fetch RPC completed in 5.704958ms
[2m2025-12-10T10:11:36.775900Z[0m [34mDEBUG[0m [2methereum_transaction_pool_monitor::eth_client[0m[2m:[0m ✅ Transaction 0x2de61b91c71fd43e37f191a9b17e0854bc6223882caaaac9dc156c7cb742a470 fetched and parsed in 85.399291ms
[2m2025-12-10T10:11:36.775919Z[0m [34mDEBUG[0m [2methereum_transaction_pool_monitor::mempool_monitor[0m[2m:[0m 🔍 Skipping tx 0x2de61b91c71fd43e37f191a9b17e0854bc6223882caaaac9dc156c7cb742a470 - not a DEX interaction (target: 0x888888888889758F76e7103c6CbF23ABbF58F946)
[2m2025-12-10T10:11:36.776146Z[0m [34mDEBUG[0m [2mhyper::client::pool[0m[2m:[0m reuse idle connection for ("http", 192.168.0.14:8545)
[2m2025-12-10T10:11:36.776194Z[0m [34mDEBUG[0m [2mhyper::proto::h1::io[0m[2m:[0m flushed 172 bytes
[2m2025-12-10T10:11:36.779660Z[0m [34mDEBUG[0m [2mhyper::proto::h1::io[0m[2m:[0m parsed 4 headers
[2m2025-12-10T10:11:36.779673Z[0m [34mDEBUG[0m [2mhyper::proto::h1::conn[0m[2m:[0m incoming body is content-length (45 bytes)
[2m2025-12-10T10:11:36.779680Z[0m [34mDEBUG[0m [2mhyper::proto::h1::conn[0m[2m:[0m incoming body completed
[2m2025-12-10T10:11:36.779689Z[0m [34mDEBUG[0m [2mhyper::client::pool[0m[2m:[0m pooling idle connection for ("http", 192.168.0.14:8545)
[2m2025-12-10T10:11:36.796984Z[0m [34mDEBUG[0m [2mhyper::client::pool[0m[2m:[0m reuse idle connection for ("http", 192.168.0.14:8545)
[2m2025-12-10T10:11:36.796991Z[0m [34mDEBUG[0m [2methereum_transaction_pool_monitor::eth_client[0m[2m:[0m 📨 Received WebSocket message: {"jsonrpc":"2.0","method":"eth_subscription","params":{"subscription":"0xbed0a0851463e895960a451075a301a9","result":"0x1399101d25f63ae898c777bd7a08eb6d55ea28052bb61938c62fadc90920d0f2"}}
[2m2025-12-10T10:11:36.797003Z[0m [34mDEBUG[0m [2methereum_transaction_pool_monitor::eth_client[0m[2m:[0m 📨 Received pending transaction: 0x1399101d25f63ae898c777bd7a08eb6d55ea28052bb61938c62fadc90920d0f2
[2m2025-12-10T10:11:36.797011Z[0m [34mDEBUG[0m [2methereum_transaction_pool_monitor::mempool_monitor[0m[2m:[0m 📨 Processing new pending transaction: 0x1399101d25f63ae898c777bd7a08eb6d55ea28052bb61938c62fadc90920d0f2
[2m2025-12-10T10:11:36.797011Z[0m [34mDEBUG[0m [2mhyper::proto::h1::io[0m[2m:[0m flushed 172 bytes
[2m2025-12-10T10:11:36.797016Z[0m [34mDEBUG[0m [2methereum_transaction_pool_monitor::mempool_monitor[0m[2m:[0m 🔍 Fetching transaction details for: 0x1399101d25f63ae898c777bd7a08eb6d55ea28052bb61938c62fadc90920d0f2
[2m2025-12-10T10:11:36.797022Z[0m [34mDEBUG[0m [2methereum_transaction_pool_monitor::eth_client[0m[2m:[0m 🔍 Fetching transaction details for hash: 0x1399101d25f63ae898c777bd7a08eb6d55ea28052bb61938c62fadc90920d0f2
[2m2025-12-10T10:11:36.797031Z[0m [34mDEBUG[0m [2mhyper::client::pool[0m[2m:[0m reuse idle connection for ("http", 192.168.0.14:8545)
[2m2025-12-10T10:11:36.797045Z[0m [34mDEBUG[0m [2mhyper::proto::h1::io[0m[2m:[0m flushed 250 bytes
[2m2025-12-10T10:11:36.801285Z[0m [34mDEBUG[0m [2mhyper::proto::h1::io[0m[2m:[0m parsed 4 headers
[2m2025-12-10T10:11:36.801301Z[0m [34mDEBUG[0m [2mhyper::proto::h1::conn[0m[2m:[0m incoming body is content-length (45 bytes)
[2m2025-12-10T10:11:36.801311Z[0m [34mDEBUG[0m [2mhyper::proto::h1::conn[0m[2m:[0m incoming body completed
[2m2025-12-10T10:11:36.801322Z[0m [34mDEBUG[0m [2mhyper::client::pool[0m[2m:[0m pooling idle connection for ("http", 192.168.0.14:8545)
[2m2025-12-10T10:11:36.806357Z[0m [34mDEBUG[0m [2mhyper::proto::h1::io[0m[2m:[0m parsed 4 headers
[2m2025-12-10T10:11:36.806364Z[0m [34mDEBUG[0m [2mhyper::proto::h1::conn[0m[2m:[0m incoming body is content-length (641 bytes)
[2m2025-12-10T10:11:36.806369Z[0m [34mDEBUG[0m [2mhyper::proto::h1::conn[0m[2m:[0m incoming body completed
[2m2025-12-10T10:11:36.806376Z[0m [34mDEBUG[0m [2mhyper::client::pool[0m[2m:[0m pooling idle connection for ("http", 192.168.0.14:8545)
[2m2025-12-10T10:11:36.806380Z[0m [34mDEBUG[0m [2methereum_transaction_pool_monitor::eth_client[0m[2m:[0m 📡 Transaction fetch RPC completed in 9.354667ms
[2m2025-12-10T10:11:36.877836Z[0m [34mDEBUG[0m [2methereum_transaction_pool_monitor::eth_client[0m[2m:[0m ✅ Transaction 0x1399101d25f63ae898c777bd7a08eb6d55ea28052bb61938c62fadc90920d0f2 fetched and parsed in 80.807208ms
[2m2025-12-10T10:11:36.877863Z[0m [34mDEBUG[0m [2methereum_transaction_pool_monitor::mempool_monitor[0m[2m:[0m 🔍 Skipping tx 0x1399101d25f63ae898c777bd7a08eb6d55ea28052bb61938c62fadc90920d0f2 - not a DEX interaction (target: 0xE19073C9Dd5c86627A3Be4ce5623938B6945DF1C)
[2m2025-12-10T10:11:36.899133Z[0m [34mDEBUG[0m [2mhyper::client::pool[0m[2m:[0m reuse idle connection for ("http", 192.168.0.14:8545)
[2m2025-12-10T10:11:36.899227Z[0m [34mDEBUG[0m [2mhyper::proto::h1::io[0m[2m:[0m flushed 172 bytes
[2m2025-12-10T10:11:36.902501Z[0m [34mDEBUG[0m [2mhyper::proto::h1::io[0m[2m:[0m parsed 4 headers
[2m2025-12-10T10:11:36.902511Z[0m [34mDEBUG[0m [2mhyper::proto::h1::conn[0m[2m:[0m incoming body is content-length (45 bytes)
[2m2025-12-10T10:11:36.902518Z[0m [34mDEBUG[0m [2mhyper::proto::h1::conn[0m[2m:[0m incoming body completed
[2m2025-12-10T10:11:36.902527Z[0m [34mDEBUG[0m [2mhyper::client::pool[0m[2m:[0m pooling idle connection for ("http", 192.168.0.14:8545)
[2m2025-12-10T10:11:36.998971Z[0m [34mDEBUG[0m [2mhyper::client::pool[0m[2m:[0m reuse idle connection for ("http", 192.168.0.14:8545)
[2m2025-12-10T10:11:36.998983Z[0m [34mDEBUG[0m [2methereum_transaction_pool_monitor::eth_client[0m[2m:[0m 📨 Received WebSocket message: {"jsonrpc":"2.0","method":"eth_subscription","params":{"subscription":"0xbed0a0851463e895960a451075a301a9","result":"0x9396b4871679eeb7acc3a293fffae6431b633ba09e2fa1057310a22a9d97b975"}}
[2m2025-12-10T10:11:36.999036Z[0m [34mDEBUG[0m [2methereum_transaction_pool_monitor::eth_client[0m[2m:[0m 📨 Received pending transaction: 0x9396b4871679eeb7acc3a293fffae6431b633ba09e2fa1057310a22a9d97b975
[2m2025-12-10T10:11:36.999048Z[0m [34mDEBUG[0m [2methereum_transaction_pool_monitor::mempool_monitor[0m[2m:[0m 📨 Processing new pending transaction: 0x9396b4871679eeb7acc3a293fffae6431b633ba09e2fa1057310a22a9d97b975
[2m2025-12-10T10:11:36.999055Z[0m [34mDEBUG[0m [2methereum_transaction_pool_monitor::mempool_monitor[0m[2m:[0m 🔍 Fetching transaction details for: 0x9396b4871679eeb7acc3a293fffae6431b633ba09e2fa1057310a22a9d97b975
[2m2025-12-10T10:11:36.999061Z[0m [34mDEBUG[0m [2methereum_transaction_pool_monitor::eth_client[0m[2m:[0m 🔍 Fetching transaction details for hash: 0x9396b4871679eeb7acc3a293fffae6431b633ba09e2fa1057310a22a9d97b975
[2m2025-12-10T10:11:36.999069Z[0m [34mDEBUG[0m [2mhyper::proto::h1::io[0m[2m:[0m flushed 172 bytes
[2m2025-12-10T10:11:36.999075Z[0m [34mDEBUG[0m [2mhyper::client::pool[0m[2m:[0m reuse idle connection for ("http", 192.168.0.14:8545)
[2m2025-12-10T10:11:36.999097Z[0m [34mDEBUG[0m [2mhyper::proto::h1::io[0m[2m:[0m flushed 250 bytes
[2m2025-12-10T10:11:37.003740Z[0m [34mDEBUG[0m [2mhyper::proto::h1::io[0m[2m:[0m parsed 4 headers
[2m2025-12-10T10:11:37.003767Z[0m [34mDEBUG[0m [2mhyper::proto::h1::conn[0m[2m:[0m incoming body is content-length (45 bytes)
[2m2025-12-10T10:11:37.003784Z[0m [34mDEBUG[0m [2mhyper::proto::h1::conn[0m[2m:[0m incoming body completed
[2m2025-12-10T10:11:37.003813Z[0m [34mDEBUG[0m [2mhyper::client::pool[0m[2m:[0m pooling idle connection for ("http", 192.168.0.14:8545)
[2m2025-12-10T10:11:37.004735Z[0m [34mDEBUG[0m [2mhyper::proto::h1::io[0m[2m:[0m parsed 4 headers
[2m2025-12-10T10:11:37.004754Z[0m [34mDEBUG[0m [2mhyper::proto::h1::conn[0m[2m:[0m incoming body is content-length (771 bytes)
[2m2025-12-10T10:11:37.004767Z[0m [34mDEBUG[0m [2mhyper::proto::h1::conn[0m[2m:[0m incoming body completed
[2m2025-12-10T10:11:37.004776Z[0m [34mDEBUG[0m [2mhyper::client::pool[0m[2m:[0m pooling idle connection for ("http", 192.168.0.14:8545)
[2m2025-12-10T10:11:37.004783Z[0m [34mDEBUG[0m [2methereum_transaction_pool_monitor::eth_client[0m[2m:[0m 📡 Transaction fetch RPC completed in 5.714959ms
[2m2025-12-10T10:11:37.004820Z[0m [34mDEBUG[0m [2methereum_transaction_pool_monitor::eth_client[0m[2m:[0m DeFi transaction detected - Address: 0xdac17f958d2ee523a2206206994597c13d831ec7, Type: Stablecoin, Value: 0 ETH, Gas: 0.41 Gwei
[2m2025-12-10T10:11:37.004840Z[0m [34mDEBUG[0m [2methereum_transaction_pool_monitor::eth_client[0m[2m:[0m ✅ Transaction 0x9396b4871679eeb7acc3a293fffae6431b633ba09e2fa1057310a22a9d97b975 fetched and parsed in 5.77225ms
[2m2025-12-10T10:11:37.004849Z[0m [34mDEBUG[0m [2methereum_transaction_pool_monitor::mempool_monitor[0m[2m:[0m 🔍 Skipping tx 0x9396b4871679eeb7acc3a293fffae6431b633ba09e2fa1057310a22a9d97b975 - not a DEX interaction (target: 0xdAC17F958D2ee523a2206206994597C13D831ec7)
[2m2025-12-10T10:11:37.098181Z[0m [34mDEBUG[0m [2mhyper::client::pool[0m[2m:[0m reuse idle connection for ("http", 192.168.0.14:8545)
[2m2025-12-10T10:11:37.098279Z[0m [34mDEBUG[0m [2mhyper::proto::h1::io[0m[2m:[0m flushed 172 bytes
[2m2025-12-10T10:11:37.101665Z[0m [34mDEBUG[0m [2mhyper::proto::h1::io[0m[2m:[0m parsed 4 headers
[2m2025-12-10T10:11:37.101690Z[0m [34mDEBUG[0m [2mhyper::proto::h1::conn[0m[2m:[0m incoming body is content-length (45 bytes)
[2m2025-12-10T10:11:37.101710Z[0m [34mDEBUG[0m [2mhyper::proto::h1::conn[0m[2m:[0m incoming body completed
[2m2025-12-10T10:11:37.101731Z[0m [34mDEBUG[0m [2mhyper::client::pool[0m[2m:[0m pooling idle connection for ("http", 192.168.0.14:8545)
[2m2025-12-10T10:11:37.181438Z[0m [34mDEBUG[0m [2methereum_transaction_pool_monitor::eth_client[0m[2m:[0m 📨 Received WebSocket message: {"jsonrpc":"2.0","method":"eth_subscription","params":{"subscription":"0xbed0a0851463e895960a451075a301a9","result":"0xee4053acce96d27d322f9546c38004ce7d1fe25ecbb20d715df118d005f52711"}}
[2m2025-12-10T10:11:37.181575Z[0m [34mDEBUG[0m [2methereum_transaction_pool_monitor::eth_client[0m[2m:[0m 📨 Received pending transaction: 0xee4053acce96d27d322f9546c38004ce7d1fe25ecbb20d715df118d005f52711
[2m2025-12-10T10:11:37.181619Z[0m [34mDEBUG[0m [2methereum_transaction_pool_monitor::mempool_monitor[0m[2m:[0m 📨 Processing new pending transaction: 0xee4053acce96d27d322f9546c38004ce7d1fe25ecbb20d715df118d005f52711
[2m2025-12-10T10:11:37.181649Z[0m [34mDEBUG[0m [2methereum_transaction_pool_monitor::mempool_monitor[0m[2m:[0m 🔍 Fetching transaction details for: 0xee4053acce96d27d322f9546c38004ce7d1fe25ecbb20d715df118d005f52711
[2m2025-12-10T10:11:37.181676Z[0m [34mDEBUG[0m [2methereum_transaction_pool_monitor::eth_client[0m[2m:[0m 🔍 Fetching transaction details for hash: 0xee4053acce96d27d322f9546c38004ce7d1fe25ecbb20d715df118d005f52711
[2m2025-12-10T10:11:37.181762Z[0m [34mDEBUG[0m [2mhyper::client::pool[0m[2m:[0m reuse idle connection for ("http", 192.168.0.14:8545)
[2m2025-12-10T10:11:37.181872Z[0m [34mDEBUG[0m [2mhyper::proto::h1::io[0m[2m:[0m flushed 250 bytes
[2m2025-12-10T10:11:37.186226Z[0m [34mDEBUG[0m [2mhyper::proto::h1::io[0m[2m:[0m parsed 4 headers
[2m2025-12-10T10:11:37.186256Z[0m [34mDEBUG[0m [2mhyper::proto::h1::conn[0m[2m:[0m incoming body is content-length (830 bytes)
[2m2025-12-10T10:11:37.186284Z[0m [34mDEBUG[0m [2mhyper::proto::h1::conn[0m[2m:[0m incoming body completed
[2m2025-12-10T10:11:37.186316Z[0m [34mDEBUG[0m [2mhyper::client::pool[0m[2m:[0m pooling idle connection for ("http", 192.168.0.14:8545)
[2m2025-12-10T10:11:37.186343Z[0m [34mDEBUG[0m [2methereum_transaction_pool_monitor::eth_client[0m[2m:[0m 📡 Transaction fetch RPC completed in 4.646167ms
[2m2025-12-10T10:11:37.276006Z[0m [34mDEBUG[0m [2methereum_transaction_pool_monitor::eth_client[0m[2m:[0m ✅ Transaction 0xee4053acce96d27d322f9546c38004ce7d1fe25ecbb20d715df118d005f52711 fetched and parsed in 94.305417ms
[2m2025-12-10T10:11:37.276035Z[0m [34mDEBUG[0m [2methereum_transaction_pool_monitor::mempool_monitor[0m[2m:[0m 🔍 Skipping tx 0xee4053acce96d27d322f9546c38004ce7d1fe25ecbb20d715df118d005f52711 - not a DEX interaction (target: 0x3B4D794a66304F130a4Db8F2551B0070dfCf5ca7)
[2m2025-12-10T10:11:37.276076Z[0m [34mDEBUG[0m [2mhyper::client::pool[0m[2m:[0m reuse idle connection for ("http", 192.168.0.14:8545)
[2m2025-12-10T10:11:37.276127Z[0m [34mDEBUG[0m [2mhyper::proto::h1::io[0m[2m:[0m flushed 172 bytes
[2m2025-12-10T10:11:37.276136Z[0m [34mDEBUG[0m [2methereum_transaction_pool_monitor::eth_client[0m[2m:[0m 📨 Received WebSocket message: {"jsonrpc":"2.0","method":"eth_subscription","params":{"subscription":"0xbed0a0851463e895960a451075a301a9","result":"0x137d723d6d6840c7ff90115da57aed5e7a47fb007ab1c9253a466b85d4d7b558"}}
[2m2025-12-10T10:11:37.276146Z[0m [34mDEBUG[0m [2methereum_transaction_pool_monitor::eth_client[0m[2m:[0m 📨 Received pending transaction: 0x137d723d6d6840c7ff90115da57aed5e7a47fb007ab1c9253a466b85d4d7b558
[2m2025-12-10T10:11:37.276152Z[0m [34mDEBUG[0m [2methereum_transaction_pool_monitor::mempool_monitor[0m[2m:[0m 📨 Processing new pending transaction: 0x137d723d6d6840c7ff90115da57aed5e7a47fb007ab1c9253a466b85d4d7b558
[2m2025-12-10T10:11:37.276158Z[0m [34mDEBUG[0m [2methereum_transaction_pool_monitor::mempool_monitor[0m[2m:[0m 🔍 Fetching transaction details for: 0x137d723d6d6840c7ff90115da57aed5e7a47fb007ab1c9253a466b85d4d7b558
[2m2025-12-10T10:11:37.276175Z[0m [34mDEBUG[0m [2methereum_transaction_pool_monitor::eth_client[0m[2m:[0m 🔍 Fetching transaction details for hash: 0x137d723d6d6840c7ff90115da57aed5e7a47fb007ab1c9253a466b85d4d7b558
[2m2025-12-10T10:11:37.276198Z[0m [34mDEBUG[0m [2mhyper::client::pool[0m[2m:[0m reuse idle connection for ("http", 192.168.0.14:8545)
[2m2025-12-10T10:11:37.276213Z[0m [34mDEBUG[0m [2mhyper::proto::h1::io[0m[2m:[0m flushed 250 bytes
[2m2025-12-10T10:11:37.281156Z[0m [34mDEBUG[0m [2mhyper::proto::h1::io[0m[2m:[0m parsed 4 headers
[2m2025-12-10T10:11:37.281169Z[0m [34mDEBUG[0m [2mhyper::proto::h1::conn[0m[2m:[0m incoming body is content-length (45 bytes)
[2m2025-12-10T10:11:37.281177Z[0m [34mDEBUG[0m [2mhyper::proto::h1::conn[0m[2m:[0m incoming body completed
[2m2025-12-10T10:11:37.281187Z[0m [34mDEBUG[0m [2mhyper::client::pool[0m[2m:[0m pooling idle connection for ("http", 192.168.0.14:8545)
[2m2025-12-10T10:11:37.285247Z[0m [34mDEBUG[0m [2mhyper::proto::h1::io[0m[2m:[0m parsed 4 headers
[2m2025-12-10T10:11:37.288944Z[0m [34mDEBUG[0m [2mhyper::proto::h1::conn[0m[2m:[0m incoming body is content-length (1732 bytes)
[2m2025-12-10T10:11:37.288958Z[0m [34mDEBUG[0m [2mhyper::proto::h1::conn[0m[2m:[0m incoming body completed
[2m2025-12-10T10:11:37.288973Z[0m [34mDEBUG[0m [2mhyper::client::pool[0m[2m:[0m pooling idle connection for ("http", 192.168.0.14:8545)
[2m2025-12-10T10:11:37.288981Z[0m [34mDEBUG[0m [2methereum_transaction_pool_monitor::eth_client[0m[2m:[0m 📡 Transaction fetch RPC completed in 12.79ms
[2m2025-12-10T10:11:37.360989Z[0m [34mDEBUG[0m [2methereum_transaction_pool_monitor::eth_client[0m[2m:[0m ✅ Transaction 0x137d723d6d6840c7ff90115da57aed5e7a47fb007ab1c9253a466b85d4d7b558 fetched and parsed in 84.79525ms
[2m2025-12-10T10:11:37.361016Z[0m [34mDEBUG[0m [2methereum_transaction_pool_monitor::mempool_monitor[0m[2m:[0m 🔍 Skipping tx 0x137d723d6d6840c7ff90115da57aed5e7a47fb007ab1c9253a466b85d4d7b558 - not a DEX interaction (target: 0x601a2aD6CB5949f0529735254189Ba3194221EDF)
[2m2025-12-10T10:11:37.361053Z[0m [34mDEBUG[0m [2mhyper::client::pool[0m[2m:[0m reuse idle connection for ("http", 192.168.0.14:8545)
[2m2025-12-10T10:11:37.361114Z[0m [34mDEBUG[0m [2mhyper::proto::h1::io[0m[2m:[0m flushed 172 bytes
[2m2025-12-10T10:11:37.361134Z[0m [34mDEBUG[0m [2methereum_transaction_pool_monitor::eth_client[0m[2m:[0m 📨 Received WebSocket message: {"jsonrpc":"2.0","method":"eth_subscription","params":{"subscription":"0xbed0a0851463e895960a451075a301a9","result":"0x1fd109dfa32bb413c0be9263e75e17af708e2821006f019eba6e235cdb12d3d2"}}
[2m2025-12-10T10:11:37.361149Z[0m [34mDEBUG[0m [2methereum_transaction_pool_monitor::eth_client[0m[2m:[0m 📨 Received pending transaction: 0x1fd109dfa32bb413c0be9263e75e17af708e2821006f019eba6e235cdb12d3d2
[2m2025-12-10T10:11:37.361158Z[0m [34mDEBUG[0m [2methereum_transaction_pool_monitor::mempool_monitor[0m[2m:[0m 📨 Processing new pending transaction: 0x1fd109dfa32bb413c0be9263e75e17af708e2821006f019eba6e235cdb12d3d2
[2m2025-12-10T10:11:37.361860Z[0m [34mDEBUG[0m [2methereum_transaction_pool_monitor::mempool_monitor[0m[2m:[0m 🔍 Fetching transaction details for: 0x1fd109dfa32bb413c0be9263e75e17af708e2821006f019eba6e235cdb12d3d2
[2m2025-12-10T10:11:37.361869Z[0m [34mDEBUG[0m [2methereum_transaction_pool_monitor::eth_client[0m[2m:[0m 🔍 Fetching transaction details for hash: 0x1fd109dfa32bb413c0be9263e75e17af708e2821006f019eba6e235cdb12d3d2
[2m2025-12-10T10:11:37.361881Z[0m [34mDEBUG[0m [2mhyper::client::pool[0m[2m:[0m reuse idle connection for ("http", 192.168.0.14:8545)
[2m2025-12-10T10:11:37.361899Z[0m [34mDEBUG[0m [2mhyper::proto::h1::io[0m[2m:[0m flushed 250 bytes
[2m2025-12-10T10:11:37.366118Z[0m [34mDEBUG[0m [2mhyper::proto::h1::io[0m[2m:[0m parsed 4 headers
[2m2025-12-10T10:11:37.366145Z[0m [34mDEBUG[0m [2mhyper::proto::h1::conn[0m[2m:[0m incoming body is content-length (45 bytes)
[2m2025-12-10T10:11:37.366172Z[0m [34mDEBUG[0m [2mhyper::proto::h1::conn[0m[2m:[0m incoming body completed
[2m2025-12-10T10:11:37.366196Z[0m [34mDEBUG[0m [2mhyper::client::pool[0m[2m:[0m pooling idle connection for ("http", 192.168.0.14:8545)
[2m2025-12-10T10:11:37.369249Z[0m [34mDEBUG[0m [2mhyper::proto::h1::io[0m[2m:[0m parsed 4 headers
[2m2025-12-10T10:11:37.369268Z[0m [34mDEBUG[0m [2mhyper::proto::h1::conn[0m[2m:[0m incoming body is content-length (1731 bytes)
[2m2025-12-10T10:11:37.369272Z[0m [34mDEBUG[0m [2mhyper::proto::h1::conn[0m[2m:[0m incoming body completed
[2m2025-12-10T10:11:37.369277Z[0m [34mDEBUG[0m [2mhyper::client::pool[0m[2m:[0m pooling idle connection for ("http", 192.168.0.14:8545)
[2m2025-12-10T10:11:37.369282Z[0m [34mDEBUG[0m [2methereum_transaction_pool_monitor::eth_client[0m[2m:[0m 📡 Transaction fetch RPC completed in 7.408792ms
[2m2025-12-10T10:11:37.441413Z[0m [34mDEBUG[0m [2methereum_transaction_pool_monitor::eth_client[0m[2m:[0m ✅ Transaction 0x1fd109dfa32bb413c0be9263e75e17af708e2821006f019eba6e235cdb12d3d2 fetched and parsed in 79.53725ms
[2m2025-12-10T10:11:37.441444Z[0m [34mDEBUG[0m [2methereum_transaction_pool_monitor::mempool_monitor[0m[2m:[0m 🔍 Skipping tx 0x1fd109dfa32bb413c0be9263e75e17af708e2821006f019eba6e235cdb12d3d2 - not a DEX interaction (target: 0x601a2aD6CB5949f0529735254189Ba3194221EDF)
[2m2025-12-10T10:11:37.441495Z[0m [34mDEBUG[0m [2mhyper::client::pool[0m[2m:[0m reuse idle connection for ("http", 192.168.0.14:8545)
[2m2025-12-10T10:11:37.441530Z[0m [34mDEBUG[0m [2mhyper::proto::h1::io[0m[2m:[0m flushed 172 bytes
[2m2025-12-10T10:11:37.445306Z[0m [34mDEBUG[0m [2mhyper::proto::h1::io[0m[2m:[0m parsed 4 headers
[2m2025-12-10T10:11:37.445313Z[0m [34mDEBUG[0m [2mhyper::proto::h1::conn[0m[2m:[0m incoming body is content-length (45 bytes)
[2m2025-12-10T10:11:37.445323Z[0m [34mDEBUG[0m [2mhyper::proto::h1::conn[0m[2m:[0m incoming body completed
[2m2025-12-10T10:11:37.445335Z[0m [34mDEBUG[0m [2mhyper::client::pool[0m[2m:[0m pooling idle connection for ("http", 192.168.0.14:8545)
[2m2025-12-10T10:11:37.499436Z[0m [34mDEBUG[0m [2mhyper::client::pool[0m[2m:[0m reuse idle connection for ("http", 192.168.0.14:8545)
[2m2025-12-10T10:11:37.499471Z[0m [34mDEBUG[0m [2mhyper::proto::h1::io[0m[2m:[0m flushed 172 bytes
[2m2025-12-10T10:11:37.503677Z[0m [34mDEBUG[0m [2mhyper::proto::h1::io[0m[2m:[0m parsed 4 headers
[2m2025-12-10T10:11:37.506147Z[0m [34mDEBUG[0m [2mhyper::proto::h1::conn[0m[2m:[0m incoming body is content-length (45 bytes)
[2m2025-12-10T10:11:37.506171Z[0m [34mDEBUG[0m [2mhyper::proto::h1::conn[0m[2m:[0m incoming body completed
[2m2025-12-10T10:11:37.506197Z[0m [34mDEBUG[0m [2mhyper::client::pool[0m[2m:[0m pooling idle connection for ("http", 192.168.0.14:8545)
[2m2025-12-10T10:11:37.599224Z[0m [34mDEBUG[0m [2mhyper::client::pool[0m[2m:[0m reuse idle connection for ("http", 192.168.0.14:8545)
[2m2025-12-10T10:11:37.603130Z[0m [34mDEBUG[0m [2mhyper::proto::h1::io[0m[2m:[0m flushed 172 bytes
[2m2025-12-10T10:11:37.607445Z[0m [34mDEBUG[0m [2mhyper::proto::h1::io[0m[2m:[0m parsed 4 headers
[2m2025-12-10T10:11:37.607462Z[0m [34mDEBUG[0m [2mhyper::proto::h1::conn[0m[2m:[0m incoming body is content-length (45 bytes)
[2m2025-12-10T10:11:37.607475Z[0m [34mDEBUG[0m [2mhyper::proto::h1::conn[0m[2m:[0m incoming body completed
[2m2025-12-10T10:11:37.607488Z[0m [34mDEBUG[0m [2mhyper::client::pool[0m[2m:[0m pooling idle connection for ("http", 192.168.0.14:8545)
[2m2025-12-10T10:11:37.698625Z[0m [34mDEBUG[0m [2mhyper::client::pool[0m[2m:[0m reuse idle connection for ("http", 192.168.0.14:8545)
[2m2025-12-10T10:11:37.698834Z[0m [34mDEBUG[0m [2mhyper::proto::h1::io[0m[2m:[0m flushed 172 bytes
[2m2025-12-10T10:11:37.702935Z[0m [34mDEBUG[0m [2methereum_transaction_pool_monitor::eth_client[0m[2m:[0m 📨 Received WebSocket message: {"jsonrpc":"2.0","method":"eth_subscription","params":{"subscription":"0xbed0a0851463e895960a451075a301a9","result":"0x416036f993d33fd7d0274f2bda9af25156d47e8ee6155a2707a5cc5cd90081b7"}}
[2m2025-12-10T10:11:37.703003Z[0m [34mDEBUG[0m [2methereum_transaction_pool_monitor::eth_client[0m[2m:[0m 📨 Received pending transaction: 0x416036f993d33fd7d0274f2bda9af25156d47e8ee6155a2707a5cc5cd90081b7
[2m2025-12-10T10:11:37.703042Z[0m [34mDEBUG[0m [2methereum_transaction_pool_monitor::mempool_monitor[0m[2m:[0m 📨 Processing new pending transaction: 0x416036f993d33fd7d0274f2bda9af25156d47e8ee6155a2707a5cc5cd90081b7
[2m2025-12-10T10:11:37.703073Z[0m [34mDEBUG[0m [2methereum_transaction_pool_monitor::mempool_monitor[0m[2m:[0m 🔍 Fetching transaction details for: 0x416036f993d33fd7d0274f2bda9af25156d47e8ee6155a2707a5cc5cd90081b7
[2m2025-12-10T10:11:37.703094Z[0m [34mDEBUG[0m [2methereum_transaction_pool_monitor::eth_client[0m[2m:[0m 🔍 Fetching transaction details for hash: 0x416036f993d33fd7d0274f2bda9af25156d47e8ee6155a2707a5cc5cd90081b7
[2m2025-12-10T10:11:37.703162Z[0m [34mDEBUG[0m [2mhyper::client::pool[0m[2m:[0m reuse idle connection for ("http", 192.168.0.14:8545)
[2m2025-12-10T10:11:37.703251Z[0m [34mDEBUG[0m [2mhyper::proto::h1::io[0m[2m:[0m flushed 250 bytes
[2m2025-12-10T10:11:37.703304Z[0m [34mDEBUG[0m [2mhyper::proto::h1::io[0m[2m:[0m parsed 4 headers
[2m2025-12-10T10:11:37.703327Z[0m [34mDEBUG[0m [2mhyper::proto::h1::conn[0m[2m:[0m incoming body is content-length (45 bytes)
[2m2025-12-10T10:11:37.703365Z[0m [34mDEBUG[0m [2mhyper::proto::h1::conn[0m[2m:[0m incoming body completed
[2m2025-12-10T10:11:37.703403Z[0m [34mDEBUG[0m [2mhyper::client::pool[0m[2m:[0m pooling idle connection for ("http", 192.168.0.14:8545)
[2m2025-12-10T10:11:37.707274Z[0m [34mDEBUG[0m [2mhyper::proto::h1::io[0m[2m:[0m parsed 4 headers
[2m2025-12-10T10:11:37.707305Z[0m [34mDEBUG[0m [2mhyper::proto::h1::conn[0m[2m:[0m incoming body is content-length (830 bytes)
[2m2025-12-10T10:11:37.707325Z[0m [34mDEBUG[0m [2mhyper::proto::h1::conn[0m[2m:[0m incoming body completed
[2m2025-12-10T10:11:37.707352Z[0m [34mDEBUG[0m [2mhyper::client::pool[0m[2m:[0m pooling idle connection for ("http", 192.168.0.14:8545)
[2m2025-12-10T10:11:37.707371Z[0m [34mDEBUG[0m [2methereum_transaction_pool_monitor::eth_client[0m[2m:[0m 📡 Transaction fetch RPC completed in 4.25625ms
[2m2025-12-10T10:11:37.805316Z[0m [34mDEBUG[0m [2methereum_transaction_pool_monitor::eth_client[0m[2m:[0m ✅ Transaction 0x416036f993d33fd7d0274f2bda9af25156d47e8ee6155a2707a5cc5cd90081b7 fetched and parsed in 102.198042ms
[2m2025-12-10T10:11:37.805343Z[0m [34mDEBUG[0m [2methereum_transaction_pool_monitor::mempool_monitor[0m[2m:[0m 🔍 Skipping tx 0x416036f993d33fd7d0274f2bda9af25156d47e8ee6155a2707a5cc5cd90081b7 - not a DEX interaction (target: 0x3B4D794a66304F130a4Db8F2551B0070dfCf5ca7)
[2m2025-12-10T10:11:37.805385Z[0m [34mDEBUG[0m [2mhyper::client::pool[0m[2m:[0m reuse idle connection for ("http", 192.168.0.14:8545)
[2m2025-12-10T10:11:37.805408Z[0m [34mDEBUG[0m [2mhyper::proto::h1::io[0m[2m:[0m flushed 172 bytes
[2m2025-12-10T10:11:37.805412Z[0m [34mDEBUG[0m [2methereum_transaction_pool_monitor::eth_client[0m[2m:[0m 📨 Received WebSocket message: {"jsonrpc":"2.0","method":"eth_subscription","params":{"subscription":"0xbed0a0851463e895960a451075a301a9","result":"0x304d5c94381da2b2f68de9f47abeaae4b7dda6b886309c5fca588668fd6eeb6b"}}
[2m2025-12-10T10:11:37.805424Z[0m [34mDEBUG[0m [2methereum_transaction_pool_monitor::eth_client[0m[2m:[0m 📨 Received pending transaction: 0x304d5c94381da2b2f68de9f47abeaae4b7dda6b886309c5fca588668fd6eeb6b
[2m2025-12-10T10:11:37.805431Z[0m [34mDEBUG[0m [2methereum_transaction_pool_monitor::mempool_monitor[0m[2m:[0m 📨 Processing new pending transaction: 0x304d5c94381da2b2f68de9f47abeaae4b7dda6b886309c5fca588668fd6eeb6b
[2m2025-12-10T10:11:37.805436Z[0m [34mDEBUG[0m [2methereum_transaction_pool_monitor::mempool_monitor[0m[2m:[0m 🔍 Fetching transaction details for: 0x304d5c94381da2b2f68de9f47abeaae4b7dda6b886309c5fca588668fd6eeb6b
[2m2025-12-10T10:11:37.805440Z[0m [34mDEBUG[0m [2methereum_transaction_pool_monitor::eth_client[0m[2m:[0m 🔍 Fetching transaction details for hash: 0x304d5c94381da2b2f68de9f47abeaae4b7dda6b886309c5fca588668fd6eeb6b
[2m2025-12-10T10:11:37.805449Z[0m [34mDEBUG[0m [2mhyper::client::pool[0m[2m:[0m reuse idle connection for ("http", 192.168.0.14:8545)
[2m2025-12-10T10:11:37.805463Z[0m [34mDEBUG[0m [2mhyper::proto::h1::io[0m[2m:[0m flushed 250 bytes
[2m2025-12-10T10:11:37.811119Z[0m [34mDEBUG[0m [2mhyper::proto::h1::io[0m[2m:[0m parsed 4 headers
[2m2025-12-10T10:11:37.811126Z[0m [34mDEBUG[0m [2mhyper::proto::h1::conn[0m[2m:[0m incoming body is content-length (45 bytes)
[2m2025-12-10T10:11:37.811133Z[0m [34mDEBUG[0m [2mhyper::proto::h1::conn[0m[2m:[0m incoming body completed
[2m2025-12-10T10:11:37.811142Z[0m [34mDEBUG[0m [2mhyper::client::pool[0m[2m:[0m pooling idle connection for ("http", 192.168.0.14:8545)
[2m2025-12-10T10:11:37.813361Z[0m [34mDEBUG[0m [2mhyper::proto::h1::io[0m[2m:[0m parsed 4 headers
[2m2025-12-10T10:11:37.813380Z[0m [34mDEBUG[0m [2mhyper::proto::h1::conn[0m[2m:[0m incoming body is content-length (1731 bytes)
[2m2025-12-10T10:11:37.813416Z[0m [34mDEBUG[0m [2mhyper::proto::h1::conn[0m[2m:[0m incoming body completed
[2m2025-12-10T10:11:37.813425Z[0m [34mDEBUG[0m [2mhyper::client::pool[0m[2m:[0m pooling idle connection for ("http", 192.168.0.14:8545)
[2m2025-12-10T10:11:37.813430Z[0m [34mDEBUG[0m [2methereum_transaction_pool_monitor::eth_client[0m[2m:[0m 📡 Transaction fetch RPC completed in 7.986042ms
[2m2025-12-10T10:11:37.884031Z[0m [34mDEBUG[0m [2methereum_transaction_pool_monitor::eth_client[0m[2m:[0m ✅ Transaction 0x304d5c94381da2b2f68de9f47abeaae4b7dda6b886309c5fca588668fd6eeb6b fetched and parsed in 78.5845ms
[2m2025-12-10T10:11:37.884054Z[0m [34mDEBUG[0m [2methereum_transaction_pool_monitor::mempool_monitor[0m[2m:[0m 🔍 Skipping tx 0x304d5c94381da2b2f68de9f47abeaae4b7dda6b886309c5fca588668fd6eeb6b - not a DEX interaction (target: 0x601a2aD6CB5949f0529735254189Ba3194221EDF)
[2m2025-12-10T10:11:37.894603Z[0m [34mDEBUG[0m [2methereum_transaction_pool_monitor::eth_client[0m[2m:[0m 📨 Received WebSocket message: {"jsonrpc":"2.0","method":"eth_subscription","params":{"subscription":"0xbed0a0851463e895960a451075a301a9","result":"0x7db12ea2cbf73d84ae72dedb601c9c1e671dd48bfdee06b2d41b6fea964d4b86"}}
[2m2025-12-10T10:11:37.894616Z[0m [34mDEBUG[0m [2methereum_transaction_pool_monitor::eth_client[0m[2m:[0m 📨 Received pending transaction: 0x7db12ea2cbf73d84ae72dedb601c9c1e671dd48bfdee06b2d41b6fea964d4b86
[2m2025-12-10T10:11:37.894624Z[0m [34mDEBUG[0m [2methereum_transaction_pool_monitor::mempool_monitor[0m[2m:[0m 📨 Processing new pending transaction: 0x7db12ea2cbf73d84ae72dedb601c9c1e671dd48bfdee06b2d41b6fea964d4b86
[2m2025-12-10T10:11:37.894629Z[0m [34mDEBUG[0m [2methereum_transaction_pool_monitor::mempool_monitor[0m[2m:[0m 🔍 Fetching transaction details for: 0x7db12ea2cbf73d84ae72dedb601c9c1e671dd48bfdee06b2d41b6fea964d4b86
[2m2025-12-10T10:11:37.894633Z[0m [34mDEBUG[0m [2methereum_transaction_pool_monitor::eth_client[0m[2m:[0m 🔍 Fetching transaction details for hash: 0x7db12ea2cbf73d84ae72dedb601c9c1e671dd48bfdee06b2d41b6fea964d4b86
[2m2025-12-10T10:11:37.894656Z[0m [34mDEBUG[0m [2mhyper::client::pool[0m[2m:[0m reuse idle connection for ("http", 192.168.0.14:8545)
[2m2025-12-10T10:11:37.894678Z[0m [34mDEBUG[0m [2mhyper::proto::h1::io[0m[2m:[0m flushed 250 bytes
[2m2025-12-10T10:11:37.898466Z[0m [34mDEBUG[0m [2mhyper::client::pool[0m[2m:[0m reuse idle connection for ("http", 192.168.0.14:8545)
[2m2025-12-10T10:11:37.898526Z[0m [34mDEBUG[0m [2mhyper::proto::h1::io[0m[2m:[0m flushed 172 bytes
[2m2025-12-10T10:11:37.898722Z[0m [34mDEBUG[0m [2mhyper::proto::h1::io[0m[2m:[0m parsed 4 headers
[2m2025-12-10T10:11:37.898729Z[0m [34mDEBUG[0m [2mhyper::proto::h1::conn[0m[2m:[0m incoming body is content-length (838 bytes)
[2m2025-12-10T10:11:37.898737Z[0m [34mDEBUG[0m [2mhyper::proto::h1::conn[0m[2m:[0m incoming body completed
[2m2025-12-10T10:11:37.898747Z[0m [34mDEBUG[0m [2mhyper::client::pool[0m[2m:[0m pooling idle connection for ("http", 192.168.0.14:8545)
[2m2025-12-10T10:11:37.898755Z[0m [34mDEBUG[0m [2methereum_transaction_pool_monitor::eth_client[0m[2m:[0m 📡 Transaction fetch RPC completed in 4.118084ms
[2m2025-12-10T10:11:37.970159Z[0m [34mDEBUG[0m [2methereum_transaction_pool_monitor::eth_client[0m[2m:[0m ✅ Transaction 0x7db12ea2cbf73d84ae72dedb601c9c1e671dd48bfdee06b2d41b6fea964d4b86 fetched and parsed in 75.518167ms
[2m2025-12-10T10:11:37.970189Z[0m [34mDEBUG[0m [2methereum_transaction_pool_monitor::mempool_monitor[0m[2m:[0m 🔍 Skipping tx 0x7db12ea2cbf73d84ae72dedb601c9c1e671dd48bfdee06b2d41b6fea964d4b86 - not a DEX interaction (target: 0xA0b86991c6218b36c1d19D4a2e9Eb0cE3606eB48)
[2m2025-12-10T10:11:37.970229Z[0m [34mDEBUG[0m [2mhyper::proto::h1::io[0m[2m:[0m parsed 4 headers
[2m2025-12-10T10:11:37.970234Z[0m [34mDEBUG[0m [2methereum_transaction_pool_monitor::eth_client[0m[2m:[0m 📨 Received WebSocket message: {"jsonrpc":"2.0","method":"eth_subscription","params":{"subscription":"0xbed0a0851463e895960a451075a301a9","result":"0xcb3cd90a10b8c10881c2620d282905c8db9dc396e6b40ccca4c77219d3febf3f"}}
[2m2025-12-10T10:11:37.970241Z[0m [34mDEBUG[0m [2mhyper::proto::h1::conn[0m[2m:[0m incoming body is content-length (45 bytes)
[2m2025-12-10T10:11:37.970249Z[0m [34mDEBUG[0m [2methereum_transaction_pool_monitor::eth_client[0m[2m:[0m 📨 Received pending transaction: 0xcb3cd90a10b8c10881c2620d282905c8db9dc396e6b40ccca4c77219d3febf3f
[2m2025-12-10T10:11:37.970252Z[0m [34mDEBUG[0m [2mhyper::proto::h1::conn[0m[2m:[0m incoming body completed
[2m2025-12-10T10:11:37.970262Z[0m [34mDEBUG[0m [2methereum_transaction_pool_monitor::eth_client[0m[2m:[0m 📨 Received WebSocket message: {"jsonrpc":"2.0","method":"eth_subscription","params":{"subscription":"0xbed0a0851463e895960a451075a301a9","result":"0x9741d521e14de20dee74b22702a354537530e34abca5a64dc1758f6008ebf78c"}}
[2m2025-12-10T10:11:37.970273Z[0m [34mDEBUG[0m [2methereum_transaction_pool_monitor::eth_client[0m[2m:[0m 📨 Received pending transaction: 0x9741d521e14de20dee74b22702a354537530e34abca5a64dc1758f6008ebf78c
[2m2025-12-10T10:11:37.970272Z[0m [34mDEBUG[0m [2mhyper::client::pool[0m[2m:[0m pooling idle connection for ("http", 192.168.0.14:8545)
[2m2025-12-10T10:11:37.970284Z[0m [34mDEBUG[0m [2methereum_transaction_pool_monitor::mempool_monitor[0m[2m:[0m 📨 Processing new pending transaction: 0xcb3cd90a10b8c10881c2620d282905c8db9dc396e6b40ccca4c77219d3febf3f
[2m2025-12-10T10:11:37.970296Z[0m [34mDEBUG[0m [2methereum_transaction_pool_monitor::mempool_monitor[0m[2m:[0m 🔍 Fetching transaction details for: 0xcb3cd90a10b8c10881c2620d282905c8db9dc396e6b40ccca4c77219d3febf3f
[2m2025-12-10T10:11:37.970530Z[0m [34mDEBUG[0m [2methereum_transaction_pool_monitor::eth_client[0m[2m:[0m 🔍 Fetching transaction details for hash: 0xcb3cd90a10b8c10881c2620d282905c8db9dc396e6b40ccca4c77219d3febf3f
[2m2025-12-10T10:11:37.970548Z[0m [34mDEBUG[0m [2mhyper::client::pool[0m[2m:[0m reuse idle connection for ("http", 192.168.0.14:8545)
[2m2025-12-10T10:11:37.970565Z[0m [34mDEBUG[0m [2mhyper::proto::h1::io[0m[2m:[0m flushed 250 bytes
[2m2025-12-10T10:11:37.976408Z[0m [34mDEBUG[0m [2mhyper::proto::h1::io[0m[2m:[0m parsed 4 headers
[2m2025-12-10T10:11:37.976430Z[0m [34mDEBUG[0m [2mhyper::proto::h1::conn[0m[2m:[0m incoming body is content-length (645 bytes)
[2m2025-12-10T10:11:37.976448Z[0m [34mDEBUG[0m [2mhyper::proto::h1::conn[0m[2m:[0m incoming body completed
[2m2025-12-10T10:11:37.976461Z[0m [34mDEBUG[0m [2mhyper::client::pool[0m[2m:[0m pooling idle connection for ("http", 192.168.0.14:8545)
[2m2025-12-10T10:11:37.976467Z[0m [34mDEBUG[0m [2methereum_transaction_pool_monitor::eth_client[0m[2m:[0m 📡 Transaction fetch RPC completed in 5.928917ms
[2m2025-12-10T10:11:38.047953Z[0m [34mDEBUG[0m [2methereum_transaction_pool_monitor::eth_client[0m[2m:[0m ✅ Transaction 0xcb3cd90a10b8c10881c2620d282905c8db9dc396e6b40ccca4c77219d3febf3f fetched and parsed in 77.41225ms
[2m2025-12-10T10:11:38.047977Z[0m [34mDEBUG[0m [2methereum_transaction_pool_monitor::mempool_monitor[0m[2m:[0m 🔍 Skipping tx 0xcb3cd90a10b8c10881c2620d282905c8db9dc396e6b40ccca4c77219d3febf3f - not a DEX interaction (target: 0xA26148AE51fa8E787DF319C04137602Cc018b521)
[2m2025-12-10T10:11:38.047986Z[0m [34mDEBUG[0m [2methereum_transaction_pool_monitor::mempool_monitor[0m[2m:[0m 📨 Processing new pending transaction: 0x9741d521e14de20dee74b22702a354537530e34abca5a64dc1758f6008ebf78c
[2m2025-12-10T10:11:38.047992Z[0m [34mDEBUG[0m [2methereum_transaction_pool_monitor::mempool_monitor[0m[2m:[0m 🔍 Fetching transaction details for: 0x9741d521e14de20dee74b22702a354537530e34abca5a64dc1758f6008ebf78c
[2m2025-12-10T10:11:38.047997Z[0m [34mDEBUG[0m [2methereum_transaction_pool_monitor::eth_client[0m[2m:[0m 🔍 Fetching transaction details for hash: 0x9741d521e14de20dee74b22702a354537530e34abca5a64dc1758f6008ebf78c
[2m2025-12-10T10:11:38.048017Z[0m [34mDEBUG[0m [2mhyper::client::pool[0m[2m:[0m reuse idle connection for ("http", 192.168.0.14:8545)
[2m2025-12-10T10:11:38.048061Z[0m [34mDEBUG[0m [2mhyper::proto::h1::io[0m[2m:[0m flushed 250 bytes
[2m2025-12-10T10:11:38.048102Z[0m [34mDEBUG[0m [2mhyper::client::pool[0m[2m:[0m reuse idle connection for ("http", 192.168.0.14:8545)
[2m2025-12-10T10:11:38.048120Z[0m [34mDEBUG[0m [2mhyper::proto::h1::io[0m[2m:[0m flushed 172 bytes
[2m2025-12-10T10:11:38.055235Z[0m [34mDEBUG[0m [2mhyper::proto::h1::io[0m[2m:[0m parsed 4 headers
[2m2025-12-10T10:11:38.055241Z[0m [34mDEBUG[0m [2mhyper::proto::h1::io[0m[2m:[0m parsed 4 headers
[2m2025-12-10T10:11:38.055242Z[0m [34mDEBUG[0m [2mhyper::proto::h1::conn[0m[2m:[0m incoming body is content-length (638 bytes)
[2m2025-12-10T10:11:38.055253Z[0m [34mDEBUG[0m [2mhyper::proto::h1::conn[0m[2m:[0m incoming body is content-length (45 bytes)
[2m2025-12-10T10:11:38.055273Z[0m [34mDEBUG[0m [2mhyper::proto::h1::conn[0m[2m:[0m incoming body completed
[2m2025-12-10T10:11:38.055273Z[0m [34mDEBUG[0m [2mhyper::proto::h1::conn[0m[2m:[0m incoming body completed
[2m2025-12-10T10:11:38.055281Z[0m [34mDEBUG[0m [2mhyper::client::pool[0m[2m:[0m pooling idle connection for ("http", 192.168.0.14:8545)
[2m2025-12-10T10:11:38.055291Z[0m [34mDEBUG[0m [2mhyper::client::pool[0m[2m:[0m pooling idle connection for ("http", 192.168.0.14:8545)
[2m2025-12-10T10:11:38.055298Z[0m [34mDEBUG[0m [2methereum_transaction_pool_monitor::eth_client[0m[2m:[0m 📡 Transaction fetch RPC completed in 7.296667ms
[2m2025-12-10T10:11:38.099271Z[0m [34mDEBUG[0m [2mhyper::client::pool[0m[2m:[0m reuse idle connection for ("http", 192.168.0.14:8545)
[2m2025-12-10T10:11:38.099344Z[0m [34mDEBUG[0m [2mhyper::proto::h1::io[0m[2m:[0m flushed 172 bytes
[2m2025-12-10T10:11:38.102793Z[0m [34mDEBUG[0m [2mhyper::proto::h1::io[0m[2m:[0m parsed 4 headers
[2m2025-12-10T10:11:38.102800Z[0m [34mDEBUG[0m [2mhyper::proto::h1::conn[0m[2m:[0m incoming body is content-length (45 bytes)
[2m2025-12-10T10:11:38.102806Z[0m [34mDEBUG[0m [2mhyper::proto::h1::conn[0m[2m:[0m incoming body completed
[2m2025-12-10T10:11:38.102813Z[0m [34mDEBUG[0m [2mhyper::client::pool[0m[2m:[0m pooling idle connection for ("http", 192.168.0.14:8545)
[2m2025-12-10T10:11:38.126931Z[0m [34mDEBUG[0m [2methereum_transaction_pool_monitor::eth_client[0m[2m:[0m ✅ Transaction 0x9741d521e14de20dee74b22702a354537530e34abca5a64dc1758f6008ebf78c fetched and parsed in 78.92775ms
[2m2025-12-10T10:11:38.126954Z[0m [34mDEBUG[0m [2methereum_transaction_pool_monitor::mempool_monitor[0m[2m:[0m 🔍 Skipping tx 0x9741d521e14de20dee74b22702a354537530e34abca5a64dc1758f6008ebf78c - not a DEX interaction (target: 0x78D21Aada674651324FE2660cC0E661CC4C89E3b)
[2m2025-12-10T10:11:38.199593Z[0m [34mDEBUG[0m [2mhyper::client::pool[0m[2m:[0m reuse idle connection for ("http", 192.168.0.14:8545)
[2m2025-12-10T10:11:38.199652Z[0m [34mDEBUG[0m [2mhyper::proto::h1::io[0m[2m:[0m flushed 172 bytes
[2m2025-12-10T10:11:38.203200Z[0m [34mDEBUG[0m [2mhyper::proto::h1::io[0m[2m:[0m parsed 4 headers
[2m2025-12-10T10:11:38.203220Z[0m [34mDEBUG[0m [2mhyper::proto::h1::conn[0m[2m:[0m incoming body is content-length (45 bytes)
[2m2025-12-10T10:11:38.203243Z[0m [34mDEBUG[0m [2mhyper::proto::h1::conn[0m[2m:[0m incoming body completed
[2m2025-12-10T10:11:38.203255Z[0m [34mDEBUG[0m [2mhyper::client::pool[0m[2m:[0m pooling idle connection for ("http", 192.168.0.14:8545)
[2m2025-12-10T10:11:38.299674Z[0m [34mDEBUG[0m [2mhyper::client::pool[0m[2m:[0m reuse idle connection for ("http", 192.168.0.14:8545)
[2m2025-12-10T10:11:38.299734Z[0m [34mDEBUG[0m [2mhyper::proto::h1::io[0m[2m:[0m flushed 172 bytes
[2m2025-12-10T10:11:38.304661Z[0m [34mDEBUG[0m [2mhyper::proto::h1::io[0m[2m:[0m parsed 4 headers
[2m2025-12-10T10:11:38.304747Z[0m [34mDEBUG[0m [2mhyper::proto::h1::conn[0m[2m:[0m incoming body is content-length (45 bytes)
[2m2025-12-10T10:11:38.304775Z[0m [34mDEBUG[0m [2mhyper::proto::h1::conn[0m[2m:[0m incoming body completed
[2m2025-12-10T10:11:38.304804Z[0m [34mDEBUG[0m [2mhyper::client::pool[0m[2m:[0m pooling idle connection for ("http", 192.168.0.14:8545)
[2m2025-12-10T10:11:38.399430Z[0m [34mDEBUG[0m [2mhyper::client::pool[0m[2m:[0m reuse idle connection for ("http", 192.168.0.14:8545)
[2m2025-12-10T10:11:38.399630Z[0m [34mDEBUG[0m [2mhyper::proto::h1::io[0m[2m:[0m flushed 172 bytes
[2m2025-12-10T10:11:38.402405Z[0m [34mDEBUG[0m [2mhyper::proto::h1::io[0m[2m:[0m parsed 4 headers
[2m2025-12-10T10:11:38.402448Z[0m [34mDEBUG[0m [2mhyper::proto::h1::conn[0m[2m:[0m incoming body is content-length (45 bytes)
[2m2025-12-10T10:11:38.402474Z[0m [34mDEBUG[0m [2mhyper::proto::h1::conn[0m[2m:[0m incoming body completed
[2m2025-12-10T10:11:38.402508Z[0m [34mDEBUG[0m [2mhyper::client::pool[0m[2m:[0m pooling idle connection for ("http", 192.168.0.14:8545)
[2m2025-12-10T10:11:38.492752Z[0m [34mDEBUG[0m [2methereum_transaction_pool_monitor::eth_client[0m[2m:[0m 📨 Received WebSocket message: {"jsonrpc":"2.0","method":"eth_subscription","params":{"subscription":"0xbed0a0851463e895960a451075a301a9","result":"0xa4298e9c561e4ebffe00c3c05ebd96facc06ad576fc5a943287ff4a19bcb8360"}}
[2m2025-12-10T10:11:38.492831Z[0m [34mDEBUG[0m [2methereum_transaction_pool_monitor::eth_client[0m[2m:[0m 📨 Received pending transaction: 0xa4298e9c561e4ebffe00c3c05ebd96facc06ad576fc5a943287ff4a19bcb8360
[2m2025-12-10T10:11:38.492866Z[0m [34mDEBUG[0m [2methereum_transaction_pool_monitor::mempool_monitor[0m[2m:[0m 📨 Processing new pending transaction: 0xa4298e9c561e4ebffe00c3c05ebd96facc06ad576fc5a943287ff4a19bcb8360
[2m2025-12-10T10:11:38.492890Z[0m [34mDEBUG[0m [2methereum_transaction_pool_monitor::mempool_monitor[0m[2m:[0m 🔍 Fetching transaction details for: 0xa4298e9c561e4ebffe00c3c05ebd96facc06ad576fc5a943287ff4a19bcb8360
[2m2025-12-10T10:11:38.492910Z[0m [34mDEBUG[0m [2methereum_transaction_pool_monitor::eth_client[0m[2m:[0m 🔍 Fetching transaction details for hash: 0xa4298e9c561e4ebffe00c3c05ebd96facc06ad576fc5a943287ff4a19bcb8360
[2m2025-12-10T10:11:38.492980Z[0m [34mDEBUG[0m [2mhyper::client::pool[0m[2m:[0m reuse idle connection for ("http", 192.168.0.14:8545)
[2m2025-12-10T10:11:38.493072Z[0m [34mDEBUG[0m [2mhyper::proto::h1::io[0m[2m:[0m flushed 250 bytes
[2m2025-12-10T10:11:38.498195Z[0m [34mDEBUG[0m [2mhyper::client::pool[0m[2m:[0m reuse idle connection for ("http", 192.168.0.14:8545)
[2m2025-12-10T10:11:38.498316Z[0m [34mDEBUG[0m [2mhyper::proto::h1::io[0m[2m:[0m flushed 172 bytes
[2m2025-12-10T10:11:38.506638Z[0m [34mDEBUG[0m [2mhyper::proto::h1::io[0m[2m:[0m parsed 4 headers
[2m2025-12-10T10:11:38.506641Z[0m [34mDEBUG[0m [2mhyper::proto::h1::io[0m[2m:[0m parsed 4 headers
[2m2025-12-10T10:11:38.506679Z[0m [34mDEBUG[0m [2mhyper::proto::h1::conn[0m[2m:[0m incoming body is content-length (551 bytes)
[2m2025-12-10T10:11:38.506636Z[0m [34mDEBUG[0m [2methereum_transaction_pool_monitor::eth_client[0m[2m:[0m 📨 Received WebSocket message: {"jsonrpc":"2.0","method":"eth_subscription","params":{"subscription":"0xbed0a0851463e895960a451075a301a9","result":"0x3c81c31b7cd5300db1bc46468bb9260d1b5e9ed7db1e0ee5bd9db9be11339f3a"}}
[2m2025-12-10T10:11:38.506696Z[0m [34mDEBUG[0m [2mhyper::proto::h1::conn[0m[2m:[0m incoming body is content-length (45 bytes)
[2m2025-12-10T10:11:38.506727Z[0m [34mDEBUG[0m [2methereum_transaction_pool_monitor::eth_client[0m[2m:[0m 📨 Received pending transaction: 0x3c81c31b7cd5300db1bc46468bb9260d1b5e9ed7db1e0ee5bd9db9be11339f3a
[2m2025-12-10T10:11:38.506716Z[0m [34mDEBUG[0m [2mhyper::proto::h1::conn[0m[2m:[0m incoming body completed
[2m2025-12-10T10:11:38.506747Z[0m [34mDEBUG[0m [2mhyper::proto::h1::conn[0m[2m:[0m incoming body completed
[2m2025-12-10T10:11:38.506783Z[0m [34mDEBUG[0m [2mhyper::client::pool[0m[2m:[0m pooling idle connection for ("http", 192.168.0.14:8545)
[2m2025-12-10T10:11:38.506783Z[0m [34mDEBUG[0m [2mhyper::client::pool[0m[2m:[0m pooling idle connection for ("http", 192.168.0.14:8545)
[2m2025-12-10T10:11:38.506809Z[0m [34mDEBUG[0m [2methereum_transaction_pool_monitor::eth_client[0m[2m:[0m 📡 Transaction fetch RPC completed in 13.878583ms
[2m2025-12-10T10:11:38.517639Z[0m [34mDEBUG[0m [2methereum_transaction_pool_monitor::eth_client[0m[2m:[0m 📨 Received WebSocket message: {"jsonrpc":"2.0","method":"eth_subscription","params":{"subscription":"0xbed0a0851463e895960a451075a301a9","result":"0xee8a18964c3128a2fb638d591a7971fb01bda096fe8b3fc81e766aa7d463c75c"}}
[2m2025-12-10T10:11:38.517671Z[0m [34mDEBUG[0m [2methereum_transaction_pool_monitor::eth_client[0m[2m:[0m 📨 Received pending transaction: 0xee8a18964c3128a2fb638d591a7971fb01bda096fe8b3fc81e766aa7d463c75c
[2m2025-12-10T10:11:38.590176Z[0m [34mDEBUG[0m [2methereum_transaction_pool_monitor::eth_client[0m[2m:[0m ✅ Transaction 0xa4298e9c561e4ebffe00c3c05ebd96facc06ad576fc5a943287ff4a19bcb8360 fetched and parsed in 97.242125ms
[2m2025-12-10T10:11:38.590201Z[0m [34mDEBUG[0m [2methereum_transaction_pool_monitor::mempool_monitor[0m[2m:[0m 🔍 Skipping tx 0xa4298e9c561e4ebffe00c3c05ebd96facc06ad576fc5a943287ff4a19bcb8360 - not a DEX interaction (target: 0x023020C1193322351f7F632fCd8aD694828E8025)
[2m2025-12-10T10:11:38.590211Z[0m [34mDEBUG[0m [2methereum_transaction_pool_monitor::mempool_monitor[0m[2m:[0m 📨 Processing new pending transaction: 0x3c81c31b7cd5300db1bc46468bb9260d1b5e9ed7db1e0ee5bd9db9be11339f3a
[2m2025-12-10T10:11:38.590216Z[0m [34mDEBUG[0m [2methereum_transaction_pool_monitor::mempool_monitor[0m[2m:[0m 🔍 Fetching transaction details for: 0x3c81c31b7cd5300db1bc46468bb9260d1b5e9ed7db1e0ee5bd9db9be11339f3a
[2m2025-12-10T10:11:38.590220Z[0m [34mDEBUG[0m [2methereum_transaction_pool_monitor::eth_client[0m[2m:[0m 🔍 Fetching transaction details for hash: 0x3c81c31b7cd5300db1bc46468bb9260d1b5e9ed7db1e0ee5bd9db9be11339f3a
[2m2025-12-10T10:11:38.590241Z[0m [34mDEBUG[0m [2mhyper::client::pool[0m[2m:[0m reuse idle connection for ("http", 192.168.0.14:8545)
[2m2025-12-10T10:11:38.590275Z[0m [34mDEBUG[0m [2mhyper::proto::h1::io[0m[2m:[0m flushed 250 bytes
[2m2025-12-10T10:11:38.597317Z[0m [34mDEBUG[0m [2mhyper::client::pool[0m[2m:[0m reuse idle connection for ("http", 192.168.0.14:8545)
[2m2025-12-10T10:11:38.597319Z[0m [34mDEBUG[0m [2mhyper::proto::h1::io[0m[2m:[0m parsed 4 headers
[2m2025-12-10T10:11:38.597332Z[0m [34mDEBUG[0m [2mhyper::proto::h1::conn[0m[2m:[0m incoming body is content-length (1731 bytes)
[2m2025-12-10T10:11:38.597339Z[0m [34mDEBUG[0m [2mhyper::proto::h1::conn[0m[2m:[0m incoming body completed
[2m2025-12-10T10:11:38.597340Z[0m [34mDEBUG[0m [2mhyper::proto::h1::io[0m[2m:[0m flushed 172 bytes
[2m2025-12-10T10:11:38.597346Z[0m [34mDEBUG[0m [2mhyper::client::pool[0m[2m:[0m pooling idle connection for ("http", 192.168.0.14:8545)
[2m2025-12-10T10:11:38.597354Z[0m [34mDEBUG[0m [2methereum_transaction_pool_monitor::eth_client[0m[2m:[0m 📡 Transaction fetch RPC completed in 7.130375ms
[2m2025-12-10T10:11:38.603400Z[0m [34mDEBUG[0m [2mhyper::proto::h1::io[0m[2m:[0m parsed 4 headers
[2m2025-12-10T10:11:38.603565Z[0m [34mDEBUG[0m [2mhyper::proto::h1::conn[0m[2m:[0m incoming body is content-length (45 bytes)
[2m2025-12-10T10:11:38.603574Z[0m [34mDEBUG[0m [2mhyper::proto::h1::conn[0m[2m:[0m incoming body completed
[2m2025-12-10T10:11:38.603585Z[0m [34mDEBUG[0m [2mhyper::client::pool[0m[2m:[0m pooling idle connection for ("http", 192.168.0.14:8545)
[2m2025-12-10T10:11:38.669481Z[0m [34mDEBUG[0m [2methereum_transaction_pool_monitor::eth_client[0m[2m:[0m ✅ Transaction 0x3c81c31b7cd5300db1bc46468bb9260d1b5e9ed7db1e0ee5bd9db9be11339f3a fetched and parsed in 79.254916ms
[2m2025-12-10T10:11:38.669507Z[0m [34mDEBUG[0m [2methereum_transaction_pool_monitor::mempool_monitor[0m[2m:[0m 🔍 Skipping tx 0x3c81c31b7cd5300db1bc46468bb9260d1b5e9ed7db1e0ee5bd9db9be11339f3a - not a DEX interaction (target: 0x601a2aD6CB5949f0529735254189Ba3194221EDF)
[2m2025-12-10T10:11:38.669518Z[0m [34mDEBUG[0m [2methereum_transaction_pool_monitor::mempool_monitor[0m[2m:[0m 📨 Processing new pending transaction: 0xee8a18964c3128a2fb638d591a7971fb01bda096fe8b3fc81e766aa7d463c75c
[2m2025-12-10T10:11:38.669524Z[0m [34mDEBUG[0m [2methereum_transaction_pool_monitor::mempool_monitor[0m[2m:[0m 🔍 Fetching transaction details for: 0xee8a18964c3128a2fb638d591a7971fb01bda096fe8b3fc81e766aa7d463c75c
[2m2025-12-10T10:11:38.669527Z[0m [34mDEBUG[0m [2methereum_transaction_pool_monitor::eth_client[0m[2m:[0m 🔍 Fetching transaction details for hash: 0xee8a18964c3128a2fb638d591a7971fb01bda096fe8b3fc81e766aa7d463c75c
[2m2025-12-10T10:11:38.669545Z[0m [34mDEBUG[0m [2mhyper::client::pool[0m[2m:[0m reuse idle connection for ("http", 192.168.0.14:8545)
[2m2025-12-10T10:11:38.669591Z[0m [34mDEBUG[0m [2mhyper::proto::h1::io[0m[2m:[0m flushed 250 bytes
[2m2025-12-10T10:11:38.676051Z[0m [34mDEBUG[0m [2mhyper::proto::h1::io[0m[2m:[0m parsed 4 headers
[2m2025-12-10T10:11:38.676065Z[0m [34mDEBUG[0m [2mhyper::proto::h1::conn[0m[2m:[0m incoming body is content-length (645 bytes)
[2m2025-12-10T10:11:38.676072Z[0m [34mDEBUG[0m [2mhyper::proto::h1::conn[0m[2m:[0m incoming body completed
[2m2025-12-10T10:11:38.676080Z[0m [34mDEBUG[0m [2mhyper::client::pool[0m[2m:[0m pooling idle connection for ("http", 192.168.0.14:8545)
[2m2025-12-10T10:11:38.676800Z[0m [34mDEBUG[0m [2methereum_transaction_pool_monitor::eth_client[0m[2m:[0m 📡 Transaction fetch RPC completed in 7.268125ms
[2m2025-12-10T10:11:38.744963Z[0m [34mDEBUG[0m [2methereum_transaction_pool_monitor::eth_client[0m[2m:[0m ✅ Transaction 0xee8a18964c3128a2fb638d591a7971fb01bda096fe8b3fc81e766aa7d463c75c fetched and parsed in 75.429ms
[2m2025-12-10T10:11:38.744983Z[0m [34mDEBUG[0m [2methereum_transaction_pool_monitor::mempool_monitor[0m[2m:[0m 🔍 Skipping tx 0xee8a18964c3128a2fb638d591a7971fb01bda096fe8b3fc81e766aa7d463c75c - not a DEX interaction (target: 0x4557eda512cf9F9208Fdd2A067F5041663C503E8)
[2m2025-12-10T10:11:38.745018Z[0m [34mDEBUG[0m [2mhyper::client::pool[0m[2m:[0m reuse idle connection for ("http", 192.168.0.14:8545)
[2m2025-12-10T10:11:38.745030Z[0m [34mDEBUG[0m [2methereum_transaction_pool_monitor::eth_client[0m[2m:[0m 📨 Received WebSocket message: {"jsonrpc":"2.0","method":"eth_subscription","params":{"subscription":"0xbed0a0851463e895960a451075a301a9","result":"0x9de34cee44a42247679b58674f6c0cd707f8ec7e4a9ac7c8cbe4432973a6b480"}}
[2m2025-12-10T10:11:38.745040Z[0m [34mDEBUG[0m [2methereum_transaction_pool_monitor::eth_client[0m[2m:[0m 📨 Received pending transaction: 0x9de34cee44a42247679b58674f6c0cd707f8ec7e4a9ac7c8cbe4432973a6b480
[2m2025-12-10T10:11:38.745040Z[0m [34mDEBUG[0m [2mhyper::proto::h1::io[0m[2m:[0m flushed 172 bytes
[2m2025-12-10T10:11:38.745046Z[0m [34mDEBUG[0m [2methereum_transaction_pool_monitor::eth_client[0m[2m:[0m 📨 Received WebSocket message: {"jsonrpc":"2.0","method":"eth_subscription","params":{"subscription":"0xbed0a0851463e895960a451075a301a9","result":"0x72b1d12853622e6af622b3fb6e263c31db955b24d125050a1eb66a62f62d0e93"}}
[2m2025-12-10T10:11:38.745052Z[0m [34mDEBUG[0m [2methereum_transaction_pool_monitor::eth_client[0m[2m:[0m 📨 Received pending transaction: 0x72b1d12853622e6af622b3fb6e263c31db955b24d125050a1eb66a62f62d0e93
[2m2025-12-10T10:11:38.745057Z[0m [34mDEBUG[0m [2methereum_transaction_pool_monitor::mempool_monitor[0m[2m:[0m 📨 Processing new pending transaction: 0x9de34cee44a42247679b58674f6c0cd707f8ec7e4a9ac7c8cbe4432973a6b480
[2m2025-12-10T10:11:38.745061Z[0m [34mDEBUG[0m [2methereum_transaction_pool_monitor::mempool_monitor[0m[2m:[0m 🔍 Fetching transaction details for: 0x9de34cee44a42247679b58674f6c0cd707f8ec7e4a9ac7c8cbe4432973a6b480
[2m2025-12-10T10:11:38.745064Z[0m [34mDEBUG[0m [2methereum_transaction_pool_monitor::eth_client[0m[2m:[0m 🔍 Fetching transaction details for hash: 0x9de34cee44a42247679b58674f6c0cd707f8ec7e4a9ac7c8cbe4432973a6b480
[2m2025-12-10T10:11:38.745071Z[0m [34mDEBUG[0m [2mhyper::client::pool[0m[2m:[0m reuse idle connection for ("http", 192.168.0.14:8545)
[2m2025-12-10T10:11:38.745083Z[0m [34mDEBUG[0m [2mhyper::proto::h1::io[0m[2m:[0m flushed 250 bytes
[2m2025-12-10T10:11:38.749892Z[0m [34mDEBUG[0m [2mhyper::proto::h1::io[0m[2m:[0m parsed 4 headers
[2m2025-12-10T10:11:38.749906Z[0m [34mDEBUG[0m [2mhyper::proto::h1::conn[0m[2m:[0m incoming body is content-length (45 bytes)
[2m2025-12-10T10:11:38.749914Z[0m [34mDEBUG[0m [2mhyper::proto::h1::conn[0m[2m:[0m incoming body completed
[2m2025-12-10T10:11:38.749924Z[0m [34mDEBUG[0m [2mhyper::client::pool[0m[2m:[0m pooling idle connection for ("http", 192.168.0.14:8545)
[2m2025-12-10T10:11:38.754523Z[0m [34mDEBUG[0m [2mhyper::proto::h1::io[0m[2m:[0m parsed 4 headers
[2m2025-12-10T10:11:38.754546Z[0m [34mDEBUG[0m [2mhyper::proto::h1::conn[0m[2m:[0m incoming body is content-length (3009 bytes)
[2m2025-12-10T10:11:38.754578Z[0m [34mDEBUG[0m [2methereum_transaction_pool_monitor::eth_client[0m[2m:[0m 📡 Transaction fetch RPC completed in 9.510834ms
[2m2025-12-10T10:11:38.756861Z[0m [34mDEBUG[0m [2mhyper::proto::h1::conn[0m[2m:[0m incoming body completed
[2m2025-12-10T10:11:38.756874Z[0m [34mDEBUG[0m [2mhyper::client::pool[0m[2m:[0m pooling idle connection for ("http", 192.168.0.14:8545)
[2m2025-12-10T10:11:38.799675Z[0m [34mDEBUG[0m [2mhyper::client::pool[0m[2m:[0m reuse idle connection for ("http", 192.168.0.14:8545)
[2m2025-12-10T10:11:38.799738Z[0m [34mDEBUG[0m [2mhyper::proto::h1::io[0m[2m:[0m flushed 172 bytes
[2m2025-12-10T10:11:38.805916Z[0m [34mDEBUG[0m [2mhyper::proto::h1::io[0m[2m:[0m parsed 4 headers
[2m2025-12-10T10:11:38.805933Z[0m [34mDEBUG[0m [2mhyper::proto::h1::conn[0m[2m:[0m incoming body is content-length (45 bytes)
[2m2025-12-10T10:11:38.805940Z[0m [34mDEBUG[0m [2mhyper::proto::h1::conn[0m[2m:[0m incoming body completed
[2m2025-12-10T10:11:38.805950Z[0m [34mDEBUG[0m [2mhyper::client::pool[0m[2m:[0m pooling idle connection for ("http", 192.168.0.14:8545)
[2m2025-12-10T10:11:38.828696Z[0m [34mDEBUG[0m [2methereum_transaction_pool_monitor::eth_client[0m[2m:[0m ✅ Transaction 0x9de34cee44a42247679b58674f6c0cd707f8ec7e4a9ac7c8cbe4432973a6b480 fetched and parsed in 83.625334ms
[2m2025-12-10T10:11:38.828725Z[0m [34mDEBUG[0m [2methereum_transaction_pool_monitor::mempool_monitor[0m[2m:[0m 🔍 Skipping tx 0x9de34cee44a42247679b58674f6c0cd707f8ec7e4a9ac7c8cbe4432973a6b480 - not a DEX interaction (target: 0xF81a32548CbD14c12FA3F9e57b533bB1480FCcb9)
[2m2025-12-10T10:11:38.828736Z[0m [34mDEBUG[0m [2methereum_transaction_pool_monitor::mempool_monitor[0m[2m:[0m 📨 Processing new pending transaction: 0x72b1d12853622e6af622b3fb6e263c31db955b24d125050a1eb66a62f62d0e93
[2m2025-12-10T10:11:38.828742Z[0m [34mDEBUG[0m [2methereum_transaction_pool_monitor::mempool_monitor[0m[2m:[0m 🔍 Fetching transaction details for: 0x72b1d12853622e6af622b3fb6e263c31db955b24d125050a1eb66a62f62d0e93
[2m2025-12-10T10:11:38.828746Z[0m [34mDEBUG[0m [2methereum_transaction_pool_monitor::eth_client[0m[2m:[0m 🔍 Fetching transaction details for hash: 0x72b1d12853622e6af622b3fb6e263c31db955b24d125050a1eb66a62f62d0e93
[2m2025-12-10T10:11:38.828770Z[0m [34mDEBUG[0m [2mhyper::client::pool[0m[2m:[0m reuse idle connection for ("http", 192.168.0.14:8545)
[2m2025-12-10T10:11:38.828807Z[0m [34mDEBUG[0m [2mhyper::proto::h1::io[0m[2m:[0m flushed 250 bytes
[2m2025-12-10T10:11:38.829408Z[0m [34mDEBUG[0m [2methereum_transaction_pool_monitor::eth_client[0m[2m:[0m 📨 Received WebSocket message: {"jsonrpc":"2.0","method":"eth_subscription","params":{"subscription":"0xbed0a0851463e895960a451075a301a9","result":"0xc5c2d0edff48e859a8a0ea703af10347d6913e94d8ad6bc4292462f13f0f4884"}}
[2m2025-12-10T10:11:38.829627Z[0m [34mDEBUG[0m [2methereum_transaction_pool_monitor::eth_client[0m[2m:[0m 📨 Received pending transaction: 0xc5c2d0edff48e859a8a0ea703af10347d6913e94d8ad6bc4292462f13f0f4884
[2m2025-12-10T10:11:38.841395Z[0m [34mDEBUG[0m [2methereum_transaction_pool_monitor::eth_client[0m[2m:[0m 📨 Received WebSocket message: {"jsonrpc":"2.0","method":"eth_subscription","params":{"subscription":"0xbed0a0851463e895960a451075a301a9","result":"0xb953df1b057437c80c45537d2478640b0a4445b0c025dfcb4d30a151bc070015"}}
[2m2025-12-10T10:11:38.841422Z[0m [34mDEBUG[0m [2methereum_transaction_pool_monitor::eth_client[0m[2m:[0m 📨 Received pending transaction: 0xb953df1b057437c80c45537d2478640b0a4445b0c025dfcb4d30a151bc070015
[2m2025-12-10T10:11:38.841429Z[0m [34mDEBUG[0m [2methereum_transaction_pool_monitor::eth_client[0m[2m:[0m 📨 Received WebSocket message: {"jsonrpc":"2.0","method":"eth_subscription","params":{"subscription":"0xbed0a0851463e895960a451075a301a9","result":"0x41628fa02660189302a2fdae55f10b9c9ace02a0b1bbd5cb0f03a30f7caba12f"}}
[2m2025-12-10T10:11:38.841434Z[0m [34mDEBUG[0m [2methereum_transaction_pool_monitor::eth_client[0m[2m:[0m 📨 Received pending transaction: 0x41628fa02660189302a2fdae55f10b9c9ace02a0b1bbd5cb0f03a30f7caba12f
[2m2025-12-10T10:11:38.841450Z[0m [34mDEBUG[0m [2mhyper::proto::h1::io[0m[2m:[0m parsed 4 headers
[2m2025-12-10T10:11:38.841456Z[0m [34mDEBUG[0m [2mhyper::proto::h1::conn[0m[2m:[0m incoming body is content-length (649 bytes)
[2m2025-12-10T10:11:38.841466Z[0m [34mDEBUG[0m [2mhyper::proto::h1::conn[0m[2m:[0m incoming body completed
[2m2025-12-10T10:11:38.841479Z[0m [34mDEBUG[0m [2mhyper::client::pool[0m[2m:[0m pooling idle connection for ("http", 192.168.0.14:8545)
[2m2025-12-10T10:11:38.841487Z[0m [34mDEBUG[0m [2methereum_transaction_pool_monitor::eth_client[0m[2m:[0m 📡 Transaction fetch RPC completed in 12.737042ms
[2m2025-12-10T10:11:38.912749Z[0m [34mDEBUG[0m [2methereum_transaction_pool_monitor::eth_client[0m[2m:[0m ✅ Transaction 0x72b1d12853622e6af622b3fb6e263c31db955b24d125050a1eb66a62f62d0e93 fetched and parsed in 83.995583ms
[2m2025-12-10T10:11:38.912774Z[0m [34mDEBUG[0m [2methereum_transaction_pool_monitor::mempool_monitor[0m[2m:[0m 🔍 Skipping tx 0x72b1d12853622e6af622b3fb6e263c31db955b24d125050a1eb66a62f62d0e93 - not a DEX interaction (target: 0xa03400E098F4421b34a3a44A1B4e571419517687)
[2m2025-12-10T10:11:38.912786Z[0m [34mDEBUG[0m [2methereum_transaction_pool_monitor::mempool_monitor[0m[2m:[0m 📨 Processing new pending transaction: 0xc5c2d0edff48e859a8a0ea703af10347d6913e94d8ad6bc4292462f13f0f4884
[2m2025-12-10T10:11:38.912791Z[0m [34mDEBUG[0m [2methereum_transaction_pool_monitor::mempool_monitor[0m[2m:[0m 🔍 Fetching transaction details for: 0xc5c2d0edff48e859a8a0ea703af10347d6913e94d8ad6bc4292462f13f0f4884
[2m2025-12-10T10:11:38.912795Z[0m [34mDEBUG[0m [2methereum_transaction_pool_monitor::eth_client[0m[2m:[0m 🔍 Fetching transaction details for hash: 0xc5c2d0edff48e859a8a0ea703af10347d6913e94d8ad6bc4292462f13f0f4884
[2m2025-12-10T10:11:38.912816Z[0m [34mDEBUG[0m [2mhyper::client::pool[0m[2m:[0m reuse idle connection for ("http", 192.168.0.14:8545)
[2m2025-12-10T10:11:38.912848Z[0m [34mDEBUG[0m [2mhyper::proto::h1::io[0m[2m:[0m flushed 250 bytes
[2m2025-12-10T10:11:38.912869Z[0m [34mDEBUG[0m [2mhyper::client::pool[0m[2m:[0m reuse idle connection for ("http", 192.168.0.14:8545)
[2m2025-12-10T10:11:38.912877Z[0m [34mDEBUG[0m [2methereum_transaction_pool_monitor::eth_client[0m[2m:[0m 📨 Received WebSocket message: {"jsonrpc":"2.0","method":"eth_subscription","params":{"subscription":"0xbed0a0851463e895960a451075a301a9","result":"0xf6ece80eaa280cb0befd73c61fbb21b64a12b91181e65bd85f246ff727dff39c"}}
[2m2025-12-10T10:11:38.912882Z[0m [34mDEBUG[0m [2mhyper::proto::h1::io[0m[2m:[0m flushed 172 bytes
[2m2025-12-10T10:11:38.912887Z[0m [34mDEBUG[0m [2methereum_transaction_pool_monitor::eth_client[0m[2m:[0m 📨 Received pending transaction: 0xf6ece80eaa280cb0befd73c61fbb21b64a12b91181e65bd85f246ff727dff39c
[2m2025-12-10T10:11:38.912894Z[0m [34mDEBUG[0m [2methereum_transaction_pool_monitor::eth_client[0m[2m:[0m 📨 Received WebSocket message: {"jsonrpc":"2.0","method":"eth_subscription","params":{"subscription":"0xbed0a0851463e895960a451075a301a9","result":"0x9028ae7423ebed926fcbba27b32e44a56321ed972a92083e5c242839ff83c252"}}
[2m2025-12-10T10:11:38.912900Z[0m [34mDEBUG[0m [2methereum_transaction_pool_monitor::eth_client[0m[2m:[0m 📨 Received pending transaction: 0x9028ae7423ebed926fcbba27b32e44a56321ed972a92083e5c242839ff83c252
[2m2025-12-10T10:11:38.920494Z[0m [34mDEBUG[0m [2methereum_transaction_pool_monitor::eth_client[0m[2m:[0m 📨 Received WebSocket message: {"jsonrpc":"2.0","method":"eth_subscription","params":{"subscription":"0xbed0a0851463e895960a451075a301a9","result":"0x29383493270c2ab4d57089cee228e2a32057b47d02aebf6ba53bb5773f47f534"}}
[2m2025-12-10T10:11:38.920507Z[0m [34mDEBUG[0m [2methereum_transaction_pool_monitor::eth_client[0m[2m:[0m 📨 Received pending transaction: 0x29383493270c2ab4d57089cee228e2a32057b47d02aebf6ba53bb5773f47f534
[2m2025-12-10T10:11:38.921347Z[0m [34mDEBUG[0m [2mhyper::proto::h1::io[0m[2m:[0m parsed 4 headers
[2m2025-12-10T10:11:38.921353Z[0m [34mDEBUG[0m [2mhyper::proto::h1::conn[0m[2m:[0m incoming body is content-length (2450 bytes)
[2m2025-12-10T10:11:38.921368Z[0m [34mDEBUG[0m [2methereum_transaction_pool_monitor::eth_client[0m[2m:[0m 📡 Transaction fetch RPC completed in 8.569292ms
[2m2025-12-10T10:11:38.922670Z[0m [34mDEBUG[0m [2mhyper::proto::h1::conn[0m[2m:[0m incoming body completed
[2m2025-12-10T10:11:38.922682Z[0m [34mDEBUG[0m [2mhyper::client::pool[0m[2m:[0m pooling idle connection for ("http", 192.168.0.14:8545)
[2m2025-12-10T10:11:38.922692Z[0m [34mDEBUG[0m [2mhyper::proto::h1::io[0m[2m:[0m parsed 4 headers
[2m2025-12-10T10:11:38.922698Z[0m [34mDEBUG[0m [2mhyper::proto::h1::conn[0m[2m:[0m incoming body is content-length (45 bytes)
[2m2025-12-10T10:11:38.922703Z[0m [34mDEBUG[0m [2mhyper::proto::h1::conn[0m[2m:[0m incoming body completed
[2m2025-12-10T10:11:38.922709Z[0m [34mDEBUG[0m [2mhyper::client::pool[0m[2m:[0m pooling idle connection for ("http", 192.168.0.14:8545)
[2m2025-12-10T10:11:38.959892Z[0m [34mDEBUG[0m [2methereum_transaction_pool_monitor::eth_client[0m[2m:[0m 📨 Received WebSocket message: {"jsonrpc":"2.0","method":"eth_subscription","params":{"subscription":"0xbed0a0851463e895960a451075a301a9","result":"0xa18f8e3625996020f174ecf79f1deca57036e0e2f86f8d0dd1a1f50adf2e15be"}}
[2m2025-12-10T10:11:38.959922Z[0m [34mDEBUG[0m [2methereum_transaction_pool_monitor::eth_client[0m[2m:[0m 📨 Received pending transaction: 0xa18f8e3625996020f174ecf79f1deca57036e0e2f86f8d0dd1a1f50adf2e15be
[2m2025-12-10T10:11:38.978030Z[0m [34mDEBUG[0m [2methereum_transaction_pool_monitor::eth_client[0m[2m:[0m 📨 Received WebSocket message: {"jsonrpc":"2.0","method":"eth_subscription","params":{"subscription":"0xbed0a0851463e895960a451075a301a9","result":"0xfd1ba1585b30092880f3fe05c4bb74fa90c47b881b9a5aa67d4b335e88326fd1"}}
[2m2025-12-10T10:11:38.978052Z[0m [34mDEBUG[0m [2methereum_transaction_pool_monitor::eth_client[0m[2m:[0m 📨 Received pending transaction: 0xfd1ba1585b30092880f3fe05c4bb74fa90c47b881b9a5aa67d4b335e88326fd1
[2m2025-12-10T10:11:38.978057Z[0m [34mDEBUG[0m [2methereum_transaction_pool_monitor::eth_client[0m[2m:[0m 📨 Received WebSocket message: {"jsonrpc":"2.0","method":"eth_subscription","params":{"subscription":"0xbed0a0851463e895960a451075a301a9","result":"0x7964282171d082d7a318bda97e32b34d5be445ebe9a14c5769f86b2f69d752d2"}}
[2m2025-12-10T10:11:38.978062Z[0m [34mDEBUG[0m [2methereum_transaction_pool_monitor::eth_client[0m[2m:[0m 📨 Received pending transaction: 0x7964282171d082d7a318bda97e32b34d5be445ebe9a14c5769f86b2f69d752d2
[2m2025-12-10T10:11:38.990281Z[0m [34mDEBUG[0m [2methereum_transaction_pool_monitor::eth_client[0m[2m:[0m 📨 Received WebSocket message: {"jsonrpc":"2.0","method":"eth_subscription","params":{"subscription":"0xbed0a0851463e895960a451075a301a9","result":"0x34afabf838d0632ea20bb6d34fcd063d996bf7c88a4850b436f36f32df77dd52"}}
[2m2025-12-10T10:11:38.990316Z[0m [34mDEBUG[0m [2methereum_transaction_pool_monitor::eth_client[0m[2m:[0m 📨 Received pending transaction: 0x34afabf838d0632ea20bb6d34fcd063d996bf7c88a4850b436f36f32df77dd52
[2m2025-12-10T10:11:38.995070Z[0m [34mDEBUG[0m [2methereum_transaction_pool_monitor::eth_client[0m[2m:[0m ✅ Transaction 0xc5c2d0edff48e859a8a0ea703af10347d6913e94d8ad6bc4292462f13f0f4884 fetched and parsed in 82.268083ms
[2m2025-12-10T10:11:38.995093Z[0m [34mDEBUG[0m [2methereum_transaction_pool_monitor::mempool_monitor[0m[2m:[0m 🔍 Skipping tx 0xc5c2d0edff48e859a8a0ea703af10347d6913e94d8ad6bc4292462f13f0f4884 - not a DEX interaction (target: 0x9b6c10FF74d3D82429Bc4b92a6fF50a577f52109)
[2m2025-12-10T10:11:38.995104Z[0m [34mDEBUG[0m [2methereum_transaction_pool_monitor::mempool_monitor[0m[2m:[0m 📨 Processing new pending transaction: 0xb953df1b057437c80c45537d2478640b0a4445b0c025dfcb4d30a151bc070015
[2m2025-12-10T10:11:38.995121Z[0m [34mDEBUG[0m [2methereum_transaction_pool_monitor::mempool_monitor[0m[2m:[0m 🔍 Fetching transaction details for: 0xb953df1b057437c80c45537d2478640b0a4445b0c025dfcb4d30a151bc070015
[2m2025-12-10T10:11:38.995125Z[0m [34mDEBUG[0m [2methereum_transaction_pool_monitor::eth_client[0m[2m:[0m 🔍 Fetching transaction details for hash: 0xb953df1b057437c80c45537d2478640b0a4445b0c025dfcb4d30a151bc070015
[2m2025-12-10T10:11:38.995396Z[0m [34mDEBUG[0m [2mhyper::client::pool[0m[2m:[0m reuse idle connection for ("http", 192.168.0.14:8545)
[2m2025-12-10T10:11:38.995421Z[0m [34mDEBUG[0m [2mhyper::proto::h1::io[0m[2m:[0m flushed 250 bytes
[2m2025-12-10T10:11:38.997891Z[0m [34mDEBUG[0m [2mhyper::client::pool[0m[2m:[0m reuse idle connection for ("http", 192.168.0.14:8545)
[2m2025-12-10T10:11:38.997957Z[0m [34mDEBUG[0m [2mhyper::proto::h1::io[0m[2m:[0m flushed 172 bytes
[2m2025-12-10T10:11:39.001611Z[0m [34mDEBUG[0m [2mhyper::proto::h1::io[0m[2m:[0m parsed 4 headers
[2m2025-12-10T10:11:39.001617Z[0m [34mDEBUG[0m [2mhyper::proto::h1::conn[0m[2m:[0m incoming body is content-length (45 bytes)
[2m2025-12-10T10:11:39.001625Z[0m [34mDEBUG[0m [2mhyper::proto::h1::conn[0m[2m:[0m incoming body completed
[2m2025-12-10T10:11:39.001636Z[0m [34mDEBUG[0m [2mhyper::client::pool[0m[2m:[0m pooling idle connection for ("http", 192.168.0.14:8545)
[2m2025-12-10T10:11:39.009380Z[0m [34mDEBUG[0m [2mhyper::proto::h1::io[0m[2m:[0m parsed 4 headers
[2m2025-12-10T10:11:39.009389Z[0m [34mDEBUG[0m [2mhyper::proto::h1::conn[0m[2m:[0m incoming body is content-length (5192 bytes)
[2m2025-12-10T10:11:39.009396Z[0m [34mDEBUG[0m [2mhyper::proto::h1::conn[0m[2m:[0m incoming body completed
[2m2025-12-10T10:11:39.009404Z[0m [34mDEBUG[0m [2mhyper::client::pool[0m[2m:[0m pooling idle connection for ("http", 192.168.0.14:8545)
[2m2025-12-10T10:11:39.009410Z[0m [34mDEBUG[0m [2methereum_transaction_pool_monitor::eth_client[0m[2m:[0m 📡 Transaction fetch RPC completed in 14.032875ms
[2m2025-12-10T10:11:39.081232Z[0m [34mDEBUG[0m [2methereum_transaction_pool_monitor::eth_client[0m[2m:[0m ✅ Transaction 0xb953df1b057437c80c45537d2478640b0a4445b0c025dfcb4d30a151bc070015 fetched and parsed in 85.851666ms
[2m2025-12-10T10:11:39.081262Z[0m [34mDEBUG[0m [2methereum_transaction_pool_monitor::mempool_monitor[0m[2m:[0m 🔍 Skipping tx 0xb953df1b057437c80c45537d2478640b0a4445b0c025dfcb4d30a151bc070015 - not a DEX interaction (target: 0x5eA7eAe0EBC1f4256806C8bf234F672d410Fc988)
[2m2025-12-10T10:11:39.081279Z[0m [34mDEBUG[0m [2methereum_transaction_pool_monitor::mempool_monitor[0m[2m:[0m 📨 Processing new pending transaction: 0x41628fa02660189302a2fdae55f10b9c9ace02a0b1bbd5cb0f03a30f7caba12f
[2m2025-12-10T10:11:39.081286Z[0m [34mDEBUG[0m [2methereum_transaction_pool_monitor::mempool_monitor[0m[2m:[0m 🔍 Fetching transaction details for: 0x41628fa02660189302a2fdae55f10b9c9ace02a0b1bbd5cb0f03a30f7caba12f
[2m2025-12-10T10:11:39.081292Z[0m [34mDEBUG[0m [2methereum_transaction_pool_monitor::eth_client[0m[2m:[0m 🔍 Fetching transaction details for hash: 0x41628fa02660189302a2fdae55f10b9c9ace02a0b1bbd5cb0f03a30f7caba12f
[2m2025-12-10T10:11:39.081312Z[0m [34mDEBUG[0m [2mhyper::client::pool[0m[2m:[0m reuse idle connection for ("http", 192.168.0.14:8545)
[2m2025-12-10T10:11:39.081361Z[0m [34mDEBUG[0m [2mhyper::proto::h1::io[0m[2m:[0m flushed 250 bytes
[2m2025-12-10T10:11:39.086547Z[0m [34mDEBUG[0m [2mhyper::proto::h1::io[0m[2m:[0m parsed 4 headers
[2m2025-12-10T10:11:39.086557Z[0m [34mDEBUG[0m [2mhyper::proto::h1::conn[0m[2m:[0m incoming body is content-length (650 bytes)
[2m2025-12-10T10:11:39.086565Z[0m [34mDEBUG[0m [2mhyper::proto::h1::conn[0m[2m:[0m incoming body completed
[2m2025-12-10T10:11:39.086575Z[0m [34mDEBUG[0m [2mhyper::client::pool[0m[2m:[0m pooling idle connection for ("http", 192.168.0.14:8545)
[2m2025-12-10T10:11:39.086582Z[0m [34mDEBUG[0m [2methereum_transaction_pool_monitor::eth_client[0m[2m:[0m 📡 Transaction fetch RPC completed in 5.283834ms
[2m2025-12-10T10:11:39.157490Z[0m [34mDEBUG[0m [2methereum_transaction_pool_monitor::eth_client[0m[2m:[0m ✅ Transaction 0x41628fa02660189302a2fdae55f10b9c9ace02a0b1bbd5cb0f03a30f7caba12f fetched and parsed in 76.189292ms
[2m2025-12-10T10:11:39.157518Z[0m [34mDEBUG[0m [2methereum_transaction_pool_monitor::mempool_monitor[0m[2m:[0m 🔍 Skipping tx 0x41628fa02660189302a2fdae55f10b9c9ace02a0b1bbd5cb0f03a30f7caba12f - not a DEX interaction (target: 0xa03400E098F4421b34a3a44A1B4e571419517687)
[2m2025-12-10T10:11:39.157533Z[0m [34mDEBUG[0m [2methereum_transaction_pool_monitor::mempool_monitor[0m[2m:[0m 📨 Processing new pending transaction: 0xf6ece80eaa280cb0befd73c61fbb21b64a12b91181e65bd85f246ff727dff39c
[2m2025-12-10T10:11:39.157541Z[0m [34mDEBUG[0m [2methereum_transaction_pool_monitor::mempool_monitor[0m[2m:[0m 🔍 Fetching transaction details for: 0xf6ece80eaa280cb0befd73c61fbb21b64a12b91181e65bd85f246ff727dff39c
[2m2025-12-10T10:11:39.157547Z[0m [34mDEBUG[0m [2methereum_transaction_pool_monitor::eth_client[0m[2m:[0m 🔍 Fetching transaction details for hash: 0xf6ece80eaa280cb0befd73c61fbb21b64a12b91181e65bd85f246ff727dff39c
[2m2025-12-10T10:11:39.157566Z[0m [34mDEBUG[0m [2mhyper::client::pool[0m[2m:[0m reuse idle connection for ("http", 192.168.0.14:8545)
[2m2025-12-10T10:11:39.157603Z[0m [34mDEBUG[0m [2mhyper::proto::h1::io[0m[2m:[0m flushed 250 bytes
[2m2025-12-10T10:11:39.157624Z[0m [34mDEBUG[0m [2mhyper::client::pool[0m[2m:[0m reuse idle connection for ("http", 192.168.0.14:8545)
[2m2025-12-10T10:11:39.157640Z[0m [34mDEBUG[0m [2mhyper::proto::h1::io[0m[2m:[0m flushed 172 bytes
[2m2025-12-10T10:11:39.157672Z[0m [34mDEBUG[0m [2methereum_transaction_pool_monitor::eth_client[0m[2m:[0m 📨 Received WebSocket message: {"jsonrpc":"2.0","method":"eth_subscription","params":{"subscription":"0xbed0a0851463e895960a451075a301a9","result":"0x63fa47887bda477e40de27d2af50fe4cc81c80bba3db3185cf6fb45f613f3812"}}
[2m2025-12-10T10:11:39.157681Z[0m [34mDEBUG[0m [2methereum_transaction_pool_monitor::eth_client[0m[2m:[0m 📨 Received pending transaction: 0x63fa47887bda477e40de27d2af50fe4cc81c80bba3db3185cf6fb45f613f3812
[2m2025-12-10T10:11:39.157687Z[0m [34mDEBUG[0m [2methereum_transaction_pool_monitor::eth_client[0m[2m:[0m 📨 Received WebSocket message: {"jsonrpc":"2.0","method":"eth_subscription","params":{"subscription":"0xbed0a0851463e895960a451075a301a9","result":"0x20f877ab439ffa14ff3709658a21474ade5535fc5541a998ae605df560b722d4"}}
[2m2025-12-10T10:11:39.157692Z[0m [34mDEBUG[0m [2methereum_transaction_pool_monitor::eth_client[0m[2m:[0m 📨 Received pending transaction: 0x20f877ab439ffa14ff3709658a21474ade5535fc5541a998ae605df560b722d4
[2m2025-12-10T10:11:39.161735Z[0m [34mDEBUG[0m [2mhyper::proto::h1::io[0m[2m:[0m parsed 4 headers
[2m2025-12-10T10:11:39.161744Z[0m [34mDEBUG[0m [2mhyper::proto::h1::conn[0m[2m:[0m incoming body is content-length (45 bytes)
[2m2025-12-10T10:11:39.161751Z[0m [34mDEBUG[0m [2mhyper::proto::h1::conn[0m[2m:[0m incoming body completed
[2m2025-12-10T10:11:39.161760Z[0m [34mDEBUG[0m [2mhyper::client::pool[0m[2m:[0m pooling idle connection for ("http", 192.168.0.14:8545)
[2m2025-12-10T10:11:39.161778Z[0m [34mDEBUG[0m [2mhyper::proto::h1::io[0m[2m:[0m parsed 4 headers
[2m2025-12-10T10:11:39.161783Z[0m [34mDEBUG[0m [2mhyper::proto::h1::conn[0m[2m:[0m incoming body is content-length (548 bytes)
[2m2025-12-10T10:11:39.161789Z[0m [34mDEBUG[0m [2mhyper::proto::h1::conn[0m[2m:[0m incoming body completed
[2m2025-12-10T10:11:39.161795Z[0m [34mDEBUG[0m [2mhyper::client::pool[0m[2m:[0m pooling idle connection for ("http", 192.168.0.14:8545)
[2m2025-12-10T10:11:39.161799Z[0m [34mDEBUG[0m [2methereum_transaction_pool_monitor::eth_client[0m[2m:[0m 📡 Transaction fetch RPC completed in 4.247375ms
[2m2025-12-10T10:11:39.233784Z[0m [34mDEBUG[0m [2methereum_transaction_pool_monitor::eth_client[0m[2m:[0m ✅ Transaction 0xf6ece80eaa280cb0befd73c61fbb21b64a12b91181e65bd85f246ff727dff39c fetched and parsed in 76.229291ms
[2m2025-12-10T10:11:39.233811Z[0m [34mDEBUG[0m [2methereum_transaction_pool_monitor::mempool_monitor[0m[2m:[0m 🔍 Skipping tx 0xf6ece80eaa280cb0befd73c61fbb21b64a12b91181e65bd85f246ff727dff39c - not a DEX interaction (target: 0x3Ad80458D58fb3a779Ba0779F83203a4Cf4a49d8)
[2m2025-12-10T10:11:39.233822Z[0m [34mDEBUG[0m [2methereum_transaction_pool_monitor::mempool_monitor[0m[2m:[0m 📨 Processing new pending transaction: 0x9028ae7423ebed926fcbba27b32e44a56321ed972a92083e5c242839ff83c252
[2m2025-12-10T10:11:39.233827Z[0m [34mDEBUG[0m [2methereum_transaction_pool_monitor::mempool_monitor[0m[2m:[0m 🔍 Fetching transaction details for: 0x9028ae7423ebed926fcbba27b32e44a56321ed972a92083e5c242839ff83c252
[2m2025-12-10T10:11:39.233831Z[0m [34mDEBUG[0m [2methereum_transaction_pool_monitor::eth_client[0m[2m:[0m 🔍 Fetching transaction details for hash: 0x9028ae7423ebed926fcbba27b32e44a56321ed972a92083e5c242839ff83c252
[2m2025-12-10T10:11:39.233848Z[0m [34mDEBUG[0m [2mhyper::client::pool[0m[2m:[0m reuse idle connection for ("http", 192.168.0.14:8545)
[2m2025-12-10T10:11:39.233887Z[0m [34mDEBUG[0m [2mhyper::proto::h1::io[0m[2m:[0m flushed 250 bytes
[2m2025-12-10T10:11:39.233904Z[0m [34mDEBUG[0m [2mhyper::client::pool[0m[2m:[0m reuse idle connection for ("http", 192.168.0.14:8545)
[2m2025-12-10T10:11:39.233916Z[0m [34mDEBUG[0m [2mhyper::proto::h1::io[0m[2m:[0m flushed 172 bytes
[2m2025-12-10T10:11:39.233953Z[0m [34mDEBUG[0m [2methereum_transaction_pool_monitor::eth_client[0m[2m:[0m 📨 Received WebSocket message: {"jsonrpc":"2.0","method":"eth_subscription","params":{"subscription":"0xbed0a0851463e895960a451075a301a9","result":"0xec8e3b9e9ab64be85ec4a64d696850e6f1cbaf8bac19ac431d2607eb1ce1de6c"}}
[2m2025-12-10T10:11:39.233961Z[0m [34mDEBUG[0m [2methereum_transaction_pool_monitor::eth_client[0m[2m:[0m 📨 Received pending transaction: 0xec8e3b9e9ab64be85ec4a64d696850e6f1cbaf8bac19ac431d2607eb1ce1de6c
[2m2025-12-10T10:11:39.233965Z[0m [34mDEBUG[0m [2methereum_transaction_pool_monitor::eth_client[0m[2m:[0m 📨 Received WebSocket message: {"jsonrpc":"2.0","method":"eth_subscription","params":{"subscription":"0xbed0a0851463e895960a451075a301a9","result":"0xa883cd420a59e49d54bbeedeb9d4f4b515acac4cdd15e703baf5c7bce55b2c58"}}
[2m2025-12-10T10:11:39.233970Z[0m [34mDEBUG[0m [2methereum_transaction_pool_monitor::eth_client[0m[2m:[0m 📨 Received pending transaction: 0xa883cd420a59e49d54bbeedeb9d4f4b515acac4cdd15e703baf5c7bce55b2c58
[2m2025-12-10T10:11:39.241672Z[0m [34mDEBUG[0m [2mhyper::proto::h1::io[0m[2m:[0m parsed 4 headers
[2m2025-12-10T10:11:39.241680Z[0m [34mDEBUG[0m [2mhyper::proto::h1::conn[0m[2m:[0m incoming body is content-length (45 bytes)
[2m2025-12-10T10:11:39.241687Z[0m [34mDEBUG[0m [2mhyper::proto::h1::conn[0m[2m:[0m incoming body completed
[2m2025-12-10T10:11:39.241695Z[0m [34mDEBUG[0m [2mhyper::client::pool[0m[2m:[0m pooling idle connection for ("http", 192.168.0.14:8545)
[2m2025-12-10T10:11:39.241713Z[0m [34mDEBUG[0m [2mhyper::proto::h1::io[0m[2m:[0m parsed 4 headers
[2m2025-12-10T10:11:39.241717Z[0m [34mDEBUG[0m [2mhyper::proto::h1::conn[0m[2m:[0m incoming body is content-length (780 bytes)
[2m2025-12-10T10:11:39.241722Z[0m [34mDEBUG[0m [2mhyper::proto::h1::conn[0m[2m:[0m incoming body completed
[2m2025-12-10T10:11:39.241728Z[0m [34mDEBUG[0m [2mhyper::client::pool[0m[2m:[0m pooling idle connection for ("http", 192.168.0.14:8545)
[2m2025-12-10T10:11:39.241733Z[0m [34mDEBUG[0m [2methereum_transaction_pool_monitor::eth_client[0m[2m:[0m 📡 Transaction fetch RPC completed in 7.897375ms
[2m2025-12-10T10:11:39.313778Z[0m [34mDEBUG[0m [2methereum_transaction_pool_monitor::eth_client[0m[2m:[0m ✅ Transaction 0x9028ae7423ebed926fcbba27b32e44a56321ed972a92083e5c242839ff83c252 fetched and parsed in 79.940375ms
[2m2025-12-10T10:11:39.313809Z[0m [34mDEBUG[0m [2methereum_transaction_pool_monitor::mempool_monitor[0m[2m:[0m 🔍 Skipping tx 0x9028ae7423ebed926fcbba27b32e44a56321ed972a92083e5c242839ff83c252 - not a DEX interaction (target: 0xF411903cbC70a74d22900a5DE66A2dda66507255)
[2m2025-12-10T10:11:39.313821Z[0m [34mDEBUG[0m [2methereum_transaction_pool_monitor::mempool_monitor[0m[2m:[0m 📨 Processing new pending transaction: 0x29383493270c2ab4d57089cee228e2a32057b47d02aebf6ba53bb5773f47f534
[2m2025-12-10T10:11:39.313828Z[0m [34mDEBUG[0m [2methereum_transaction_pool_monitor::mempool_monitor[0m[2m:[0m 🔍 Fetching transaction details for: 0x29383493270c2ab4d57089cee228e2a32057b47d02aebf6ba53bb5773f47f534
[2m2025-12-10T10:11:39.313835Z[0m [34mDEBUG[0m [2methereum_transaction_pool_monitor::eth_client[0m[2m:[0m 🔍 Fetching transaction details for hash: 0x29383493270c2ab4d57089cee228e2a32057b47d02aebf6ba53bb5773f47f534
[2m2025-12-10T10:11:39.313855Z[0m [34mDEBUG[0m [2mhyper::client::pool[0m[2m:[0m reuse idle connection for ("http", 192.168.0.14:8545)
[2m2025-12-10T10:11:39.313891Z[0m [34mDEBUG[0m [2mhyper::proto::h1::io[0m[2m:[0m flushed 250 bytes
[2m2025-12-10T10:11:39.313921Z[0m [34mDEBUG[0m [2mhyper::client::pool[0m[2m:[0m reuse idle connection for ("http", 192.168.0.14:8545)
[2m2025-12-10T10:11:39.313935Z[0m [34mDEBUG[0m [2mhyper::proto::h1::io[0m[2m:[0m flushed 172 bytes
[2m2025-12-10T10:11:39.317756Z[0m [34mDEBUG[0m [2mhyper::proto::h1::io[0m[2m:[0m parsed 4 headers
[2m2025-12-10T10:11:39.317767Z[0m [34mDEBUG[0m [2mhyper::proto::h1::conn[0m[2m:[0m incoming body is content-length (45 bytes)
[2m2025-12-10T10:11:39.317774Z[0m [34mDEBUG[0m [2mhyper::proto::h1::conn[0m[2m:[0m incoming body completed
[2m2025-12-10T10:11:39.317783Z[0m [34mDEBUG[0m [2mhyper::client::pool[0m[2m:[0m pooling idle connection for ("http", 192.168.0.14:8545)
[2m2025-12-10T10:11:39.320307Z[0m [34mDEBUG[0m [2mhyper::proto::h1::io[0m[2m:[0m parsed 4 headers
[2m2025-12-10T10:11:39.320315Z[0m [34mDEBUG[0m [2mhyper::proto::h1::conn[0m[2m:[0m incoming body is content-length (771 bytes)
[2m2025-12-10T10:11:39.320321Z[0m [34mDEBUG[0m [2mhyper::proto::h1::conn[0m[2m:[0m incoming body completed
[2m2025-12-10T10:11:39.320327Z[0m [34mDEBUG[0m [2mhyper::client::pool[0m[2m:[0m pooling idle connection for ("http", 192.168.0.14:8545)
[2m2025-12-10T10:11:39.320332Z[0m [34mDEBUG[0m [2methereum_transaction_pool_monitor::eth_client[0m[2m:[0m 📡 Transaction fetch RPC completed in 6.490416ms
[2m2025-12-10T10:11:39.392207Z[0m [34mDEBUG[0m [2methereum_transaction_pool_monitor::eth_client[0m[2m:[0m ✅ Transaction 0x29383493270c2ab4d57089cee228e2a32057b47d02aebf6ba53bb5773f47f534 fetched and parsed in 78.363333ms
[2m2025-12-10T10:11:39.392237Z[0m [34mDEBUG[0m [2methereum_transaction_pool_monitor::mempool_monitor[0m[2m:[0m 🔍 Skipping tx 0x29383493270c2ab4d57089cee228e2a32057b47d02aebf6ba53bb5773f47f534 - not a DEX interaction (target: 0xA0b86991c6218b36c1d19D4a2e9Eb0cE3606eB48)
[2m2025-12-10T10:11:39.392252Z[0m [34mDEBUG[0m [2methereum_transaction_pool_monitor::mempool_monitor[0m[2m:[0m 📨 Processing new pending transaction: 0xa18f8e3625996020f174ecf79f1deca57036e0e2f86f8d0dd1a1f50adf2e15be
[2m2025-12-10T10:11:39.392259Z[0m [34mDEBUG[0m [2methereum_transaction_pool_monitor::mempool_monitor[0m[2m:[0m 🔍 Fetching transaction details for: 0xa18f8e3625996020f174ecf79f1deca57036e0e2f86f8d0dd1a1f50adf2e15be
[2m2025-12-10T10:11:39.392267Z[0m [34mDEBUG[0m [2methereum_transaction_pool_monitor::eth_client[0m[2m:[0m 🔍 Fetching transaction details for hash: 0xa18f8e3625996020f174ecf79f1deca57036e0e2f86f8d0dd1a1f50adf2e15be
[2m2025-12-10T10:11:39.392288Z[0m [34mDEBUG[0m [2mhyper::client::pool[0m[2m:[0m reuse idle connection for ("http", 192.168.0.14:8545)
[2m2025-12-10T10:11:39.392324Z[0m [34mDEBUG[0m [2mhyper::proto::h1::io[0m[2m:[0m flushed 250 bytes
[2m2025-12-10T10:11:39.392345Z[0m [34mDEBUG[0m [2methereum_transaction_pool_monitor::eth_client[0m[2m:[0m 📨 Received WebSocket message: {"jsonrpc":"2.0","method":"eth_subscription","params":{"subscription":"0xbed0a0851463e895960a451075a301a9","result":"0x2418608edc6e65810d1534c3e5294df89027bb1eee60ece96b18aa8b6a6ff29d"}}
[2m2025-12-10T10:11:39.392428Z[0m [34mDEBUG[0m [2methereum_transaction_pool_monitor::eth_client[0m[2m:[0m 📨 Received pending transaction: 0x2418608edc6e65810d1534c3e5294df89027bb1eee60ece96b18aa8b6a6ff29d
[2m2025-12-10T10:11:39.398358Z[0m [34mDEBUG[0m [2mhyper::client::pool[0m[2m:[0m reuse idle connection for ("http", 192.168.0.14:8545)
[2m2025-12-10T10:11:39.398367Z[0m [34mDEBUG[0m [2mhyper::proto::h1::io[0m[2m:[0m parsed 4 headers
[2m2025-12-10T10:11:39.398379Z[0m [34mDEBUG[0m [2mhyper::proto::h1::conn[0m[2m:[0m incoming body is content-length (771 bytes)
[2m2025-12-10T10:11:39.398402Z[0m [34mDEBUG[0m [2mhyper::proto::h1::conn[0m[2m:[0m incoming body completed
[2m2025-12-10T10:11:39.398408Z[0m [34mDEBUG[0m [2mhyper::proto::h1::io[0m[2m:[0m flushed 172 bytes
[2m2025-12-10T10:11:39.398411Z[0m [34mDEBUG[0m [2mhyper::client::pool[0m[2m:[0m pooling idle connection for ("http", 192.168.0.14:8545)
[2m2025-12-10T10:11:39.398419Z[0m [34mDEBUG[0m [2methereum_transaction_pool_monitor::eth_client[0m[2m:[0m 📡 Transaction fetch RPC completed in 6.146666ms
[2m2025-12-10T10:11:39.404351Z[0m [34mDEBUG[0m [2mhyper::proto::h1::io[0m[2m:[0m parsed 4 headers
[2m2025-12-10T10:11:39.404367Z[0m [34mDEBUG[0m [2mhyper::proto::h1::conn[0m[2m:[0m incoming body is content-length (45 bytes)
[2m2025-12-10T10:11:39.404373Z[0m [34mDEBUG[0m [2mhyper::proto::h1::conn[0m[2m:[0m incoming body completed
[2m2025-12-10T10:11:39.404381Z[0m [34mDEBUG[0m [2mhyper::client::pool[0m[2m:[0m pooling idle connection for ("http", 192.168.0.14:8545)
[2m2025-12-10T10:11:39.470152Z[0m [34mDEBUG[0m [2methereum_transaction_pool_monitor::eth_client[0m[2m:[0m ✅ Transaction 0xa18f8e3625996020f174ecf79f1deca57036e0e2f86f8d0dd1a1f50adf2e15be fetched and parsed in 77.876125ms
[2m2025-12-10T10:11:39.470175Z[0m [34mDEBUG[0m [2methereum_transaction_pool_monitor::mempool_monitor[0m[2m:[0m 🔍 Skipping tx 0xa18f8e3625996020f174ecf79f1deca57036e0e2f86f8d0dd1a1f50adf2e15be - not a DEX interaction (target: 0xA0b86991c6218b36c1d19D4a2e9Eb0cE3606eB48)
[2m2025-12-10T10:11:39.470185Z[0m [34mDEBUG[0m [2methereum_transaction_pool_monitor::mempool_monitor[0m[2m:[0m 📨 Processing new pending transaction: 0xfd1ba1585b30092880f3fe05c4bb74fa90c47b881b9a5aa67d4b335e88326fd1
[2m2025-12-10T10:11:39.470191Z[0m [34mDEBUG[0m [2methereum_transaction_pool_monitor::mempool_monitor[0m[2m:[0m 🔍 Fetching transaction details for: 0xfd1ba1585b30092880f3fe05c4bb74fa90c47b881b9a5aa67d4b335e88326fd1
[2m2025-12-10T10:11:39.470195Z[0m [34mDEBUG[0m [2methereum_transaction_pool_monitor::eth_client[0m[2m:[0m 🔍 Fetching transaction details for hash: 0xfd1ba1585b30092880f3fe05c4bb74fa90c47b881b9a5aa67d4b335e88326fd1
[2m2025-12-10T10:11:39.470213Z[0m [34mDEBUG[0m [2mhyper::client::pool[0m[2m:[0m reuse idle connection for ("http", 192.168.0.14:8545)
[2m2025-12-10T10:11:39.470257Z[0m [34mDEBUG[0m [2mhyper::proto::h1::io[0m[2m:[0m flushed 250 bytes
[2m2025-12-10T10:11:39.473987Z[0m [34mDEBUG[0m [2mhyper::proto::h1::io[0m[2m:[0m parsed 4 headers
[2m2025-12-10T10:11:39.473992Z[0m [34mDEBUG[0m [2mhyper::proto::h1::conn[0m[2m:[0m incoming body is content-length (770 bytes)
[2m2025-12-10T10:11:39.473999Z[0m [34mDEBUG[0m [2mhyper::proto::h1::conn[0m[2m:[0m incoming body completed
[2m2025-12-10T10:11:39.474007Z[0m [34mDEBUG[0m [2mhyper::client::pool[0m[2m:[0m pooling idle connection for ("http", 192.168.0.14:8545)
[2m2025-12-10T10:11:39.474013Z[0m [34mDEBUG[0m [2methereum_transaction_pool_monitor::eth_client[0m[2m:[0m 📡 Transaction fetch RPC completed in 3.814041ms
[2m2025-12-10T10:11:39.545172Z[0m [34mDEBUG[0m [2methereum_transaction_pool_monitor::eth_client[0m[2m:[0m ✅ Transaction 0xfd1ba1585b30092880f3fe05c4bb74fa90c47b881b9a5aa67d4b335e88326fd1 fetched and parsed in 74.970166ms
[2m2025-12-10T10:11:39.545203Z[0m [34mDEBUG[0m [2methereum_transaction_pool_monitor::mempool_monitor[0m[2m:[0m 🔍 Skipping tx 0xfd1ba1585b30092880f3fe05c4bb74fa90c47b881b9a5aa67d4b335e88326fd1 - not a DEX interaction (target: 0xA0b86991c6218b36c1d19D4a2e9Eb0cE3606eB48)
[2m2025-12-10T10:11:39.545217Z[0m [34mDEBUG[0m [2methereum_transaction_pool_monitor::mempool_monitor[0m[2m:[0m 📨 Processing new pending transaction: 0x7964282171d082d7a318bda97e32b34d5be445ebe9a14c5769f86b2f69d752d2
[2m2025-12-10T10:11:39.545226Z[0m [34mDEBUG[0m [2methereum_transaction_pool_monitor::mempool_monitor[0m[2m:[0m 🔍 Fetching transaction details for: 0x7964282171d082d7a318bda97e32b34d5be445ebe9a14c5769f86b2f69d752d2
[2m2025-12-10T10:11:39.545233Z[0m [34mDEBUG[0m [2methereum_transaction_pool_monitor::eth_client[0m[2m:[0m 🔍 Fetching transaction details for hash: 0x7964282171d082d7a318bda97e32b34d5be445ebe9a14c5769f86b2f69d752d2
[2m2025-12-10T10:11:39.545252Z[0m [34mDEBUG[0m [2mhyper::client::pool[0m[2m:[0m reuse idle connection for ("http", 192.168.0.14:8545)
[2m2025-12-10T10:11:39.545293Z[0m [34mDEBUG[0m [2mhyper::proto::h1::io[0m[2m:[0m flushed 250 bytes
[2m2025-12-10T10:11:39.545313Z[0m [34mDEBUG[0m [2mhyper::client::pool[0m[2m:[0m reuse idle connection for ("http", 192.168.0.14:8545)
[2m2025-12-10T10:11:39.545326Z[0m [34mDEBUG[0m [2mhyper::proto::h1::io[0m[2m:[0m flushed 172 bytes
[2m2025-12-10T10:11:39.545356Z[0m [34mDEBUG[0m [2methereum_transaction_pool_monitor::eth_client[0m[2m:[0m 📨 Received WebSocket message: {"jsonrpc":"2.0","method":"eth_subscription","params":{"subscription":"0xbed0a0851463e895960a451075a301a9","result":"0xd06811ec54183504f50277e6337d522eb8462f6108e42a070415dde9eff85c7e"}}
[2m2025-12-10T10:11:39.545363Z[0m [34mDEBUG[0m [2methereum_transaction_pool_monitor::eth_client[0m[2m:[0m 📨 Received pending transaction: 0xd06811ec54183504f50277e6337d522eb8462f6108e42a070415dde9eff85c7e
[2m2025-12-10T10:11:39.551845Z[0m [34mDEBUG[0m [2mhyper::proto::h1::io[0m[2m:[0m parsed 4 headers
[2m2025-12-10T10:11:39.551856Z[0m [34mDEBUG[0m [2mhyper::proto::h1::conn[0m[2m:[0m incoming body is content-length (45 bytes)
[2m2025-12-10T10:11:39.551862Z[0m [34mDEBUG[0m [2mhyper::proto::h1::conn[0m[2m:[0m incoming body completed
[2m2025-12-10T10:11:39.551872Z[0m [34mDEBUG[0m [2mhyper::client::pool[0m[2m:[0m pooling idle connection for ("http", 192.168.0.14:8545)
[2m2025-12-10T10:11:39.551889Z[0m [34mDEBUG[0m [2mhyper::proto::h1::io[0m[2m:[0m parsed 4 headers
[2m2025-12-10T10:11:39.551894Z[0m [34mDEBUG[0m [2mhyper::proto::h1::conn[0m[2m:[0m incoming body is content-length (771 bytes)
[2m2025-12-10T10:11:39.551900Z[0m [34mDEBUG[0m [2mhyper::proto::h1::conn[0m[2m:[0m incoming body completed
[2m2025-12-10T10:11:39.551905Z[0m [34mDEBUG[0m [2mhyper::client::pool[0m[2m:[0m pooling idle connection for ("http", 192.168.0.14:8545)
[2m2025-12-10T10:11:39.551909Z[0m [34mDEBUG[0m [2methereum_transaction_pool_monitor::eth_client[0m[2m:[0m 📡 Transaction fetch RPC completed in 6.671791ms
[2m2025-12-10T10:11:39.623685Z[0m [34mDEBUG[0m [2methereum_transaction_pool_monitor::eth_client[0m[2m:[0m ✅ Transaction 0x7964282171d082d7a318bda97e32b34d5be445ebe9a14c5769f86b2f69d752d2 fetched and parsed in 78.444875ms
[2m2025-12-10T10:11:39.623715Z[0m [34mDEBUG[0m [2methereum_transaction_pool_monitor::mempool_monitor[0m[2m:[0m 🔍 Skipping tx 0x7964282171d082d7a318bda97e32b34d5be445ebe9a14c5769f86b2f69d752d2 - not a DEX interaction (target: 0xA0b86991c6218b36c1d19D4a2e9Eb0cE3606eB48)
[2m2025-12-10T10:11:39.623727Z[0m [34mDEBUG[0m [2methereum_transaction_pool_monitor::mempool_monitor[0m[2m:[0m 📨 Processing new pending transaction: 0x34afabf838d0632ea20bb6d34fcd063d996bf7c88a4850b436f36f32df77dd52
[2m2025-12-10T10:11:39.623735Z[0m [34mDEBUG[0m [2methereum_transaction_pool_monitor::mempool_monitor[0m[2m:[0m 🔍 Fetching transaction details for: 0x34afabf838d0632ea20bb6d34fcd063d996bf7c88a4850b436f36f32df77dd52
[2m2025-12-10T10:11:39.623741Z[0m [34mDEBUG[0m [2methereum_transaction_pool_monitor::eth_client[0m[2m:[0m 🔍 Fetching transaction details for hash: 0x34afabf838d0632ea20bb6d34fcd063d996bf7c88a4850b436f36f32df77dd52
[2m2025-12-10T10:11:39.623761Z[0m [34mDEBUG[0m [2mhyper::client::pool[0m[2m:[0m reuse idle connection for ("http", 192.168.0.14:8545)
[2m2025-12-10T10:11:39.623797Z[0m [34mDEBUG[0m [2mhyper::proto::h1::io[0m[2m:[0m flushed 250 bytes
[2m2025-12-10T10:11:39.623826Z[0m [34mDEBUG[0m [2mhyper::client::pool[0m[2m:[0m reuse idle connection for ("http", 192.168.0.14:8545)
[2m2025-12-10T10:11:39.623842Z[0m [34mDEBUG[0m [2mhyper::proto::h1::io[0m[2m:[0m flushed 172 bytes
[2m2025-12-10T10:11:39.628585Z[0m [34mDEBUG[0m [2mhyper::proto::h1::io[0m[2m:[0m parsed 4 headers
[2m2025-12-10T10:11:39.628596Z[0m [34mDEBUG[0m [2mhyper::proto::h1::conn[0m[2m:[0m incoming body is content-length (771 bytes)
[2m2025-12-10T10:11:39.628603Z[0m [34mDEBUG[0m [2mhyper::proto::h1::conn[0m[2m:[0m incoming body completed
[2m2025-12-10T10:11:39.628612Z[0m [34mDEBUG[0m [2mhyper::client::pool[0m[2m:[0m pooling idle connection for ("http", 192.168.0.14:8545)
[2m2025-12-10T10:11:39.628619Z[0m [34mDEBUG[0m [2methereum_transaction_pool_monitor::eth_client[0m[2m:[0m 📡 Transaction fetch RPC completed in 4.873ms
[2m2025-12-10T10:11:39.700352Z[0m [34mDEBUG[0m [2methereum_transaction_pool_monitor::eth_client[0m[2m:[0m ✅ Transaction 0x34afabf838d0632ea20bb6d34fcd063d996bf7c88a4850b436f36f32df77dd52 fetched and parsed in 76.603584ms
[2m2025-12-10T10:11:39.700377Z[0m [34mDEBUG[0m [2methereum_transaction_pool_monitor::mempool_monitor[0m[2m:[0m 🔍 Skipping tx 0x34afabf838d0632ea20bb6d34fcd063d996bf7c88a4850b436f36f32df77dd52 - not a DEX interaction (target: 0xA0b86991c6218b36c1d19D4a2e9Eb0cE3606eB48)
[2m2025-12-10T10:11:39.700387Z[0m [34mDEBUG[0m [2methereum_transaction_pool_monitor::mempool_monitor[0m[2m:[0m 📨 Processing new pending transaction: 0x63fa47887bda477e40de27d2af50fe4cc81c80bba3db3185cf6fb45f613f3812
[2m2025-12-10T10:11:39.700393Z[0m [34mDEBUG[0m [2methereum_transaction_pool_monitor::mempool_monitor[0m[2m:[0m 🔍 Fetching transaction details for: 0x63fa47887bda477e40de27d2af50fe4cc81c80bba3db3185cf6fb45f613f3812
[2m2025-12-10T10:11:39.700397Z[0m [34mDEBUG[0m [2methereum_transaction_pool_monitor::eth_client[0m[2m:[0m 🔍 Fetching transaction details for hash: 0x63fa47887bda477e40de27d2af50fe4cc81c80bba3db3185cf6fb45f613f3812
[2m2025-12-10T10:11:39.700415Z[0m [34mDEBUG[0m [2mhyper::client::pool[0m[2m:[0m reuse idle connection for ("http", 192.168.0.14:8545)
[2m2025-12-10T10:11:39.700453Z[0m [34mDEBUG[0m [2mhyper::proto::h1::io[0m[2m:[0m flushed 250 bytes
[2m2025-12-10T10:11:39.700470Z[0m [34mDEBUG[0m [2mhyper::proto::h1::io[0m[2m:[0m parsed 4 headers
[2m2025-12-10T10:11:39.700474Z[0m [34mDEBUG[0m [2mhyper::proto::h1::conn[0m[2m:[0m incoming body is content-length (45 bytes)
[2m2025-12-10T10:11:39.700480Z[0m [34mDEBUG[0m [2mhyper::proto::h1::conn[0m[2m:[0m incoming body completed
[2m2025-12-10T10:11:39.700488Z[0m [34mDEBUG[0m [2mhyper::client::pool[0m[2m:[0m pooling idle connection for ("http", 192.168.0.14:8545)
[2m2025-12-10T10:11:39.700503Z[0m [34mDEBUG[0m [2mhyper::client::pool[0m[2m:[0m reuse idle connection for ("http", 192.168.0.14:8545)
[2m2025-12-10T10:11:39.700518Z[0m [34mDEBUG[0m [2mhyper::proto::h1::io[0m[2m:[0m flushed 172 bytes
[2m2025-12-10T10:11:39.704494Z[0m [34mDEBUG[0m [2mhyper::proto::h1::io[0m[2m:[0m parsed 4 headers
[2m2025-12-10T10:11:39.704499Z[0m [34mDEBUG[0m [2mhyper::proto::h1::conn[0m[2m:[0m incoming body is content-length (45 bytes)
[2m2025-12-10T10:11:39.704504Z[0m [34mDEBUG[0m [2mhyper::proto::h1::conn[0m[2m:[0m incoming body completed
[2m2025-12-10T10:11:39.704510Z[0m [34mDEBUG[0m [2mhyper::client::pool[0m[2m:[0m pooling idle connection for ("http", 192.168.0.14:8545)
[2m2025-12-10T10:11:39.711467Z[0m [34mDEBUG[0m [2mhyper::proto::h1::io[0m[2m:[0m parsed 4 headers
[2m2025-12-10T10:11:39.711507Z[0m [34mDEBUG[0m [2mhyper::proto::h1::conn[0m[2m:[0m incoming body is content-length (838 bytes)
[2m2025-12-10T10:11:39.711513Z[0m [34mDEBUG[0m [2mhyper::proto::h1::conn[0m[2m:[0m incoming body completed
[2m2025-12-10T10:11:39.711521Z[0m [34mDEBUG[0m [2mhyper::client::pool[0m[2m:[0m pooling idle connection for ("http", 192.168.0.14:8545)
[2m2025-12-10T10:11:39.711526Z[0m [34mDEBUG[0m [2methereum_transaction_pool_monitor::eth_client[0m[2m:[0m 📡 Transaction fetch RPC completed in 11.125167ms
[2m2025-12-10T10:11:39.782937Z[0m [34mDEBUG[0m [2methereum_transaction_pool_monitor::eth_client[0m[2m:[0m ✅ Transaction 0x63fa47887bda477e40de27d2af50fe4cc81c80bba3db3185cf6fb45f613f3812 fetched and parsed in 82.533292ms
[2m2025-12-10T10:11:39.782964Z[0m [34mDEBUG[0m [2methereum_transaction_pool_monitor::mempool_monitor[0m[2m:[0m 🔍 Skipping tx 0x63fa47887bda477e40de27d2af50fe4cc81c80bba3db3185cf6fb45f613f3812 - not a DEX interaction (target: 0xA0b86991c6218b36c1d19D4a2e9Eb0cE3606eB48)
[2m2025-12-10T10:11:39.782974Z[0m [34mDEBUG[0m [2methereum_transaction_pool_monitor::mempool_monitor[0m[2m:[0m 📨 Processing new pending transaction: 0x20f877ab439ffa14ff3709658a21474ade5535fc5541a998ae605df560b722d4
[2m2025-12-10T10:11:39.782980Z[0m [34mDEBUG[0m [2methereum_transaction_pool_monitor::mempool_monitor[0m[2m:[0m 🔍 Fetching transaction details for: 0x20f877ab439ffa14ff3709658a21474ade5535fc5541a998ae605df560b722d4
[2m2025-12-10T10:11:39.782984Z[0m [34mDEBUG[0m [2methereum_transaction_pool_monitor::eth_client[0m[2m:[0m 🔍 Fetching transaction details for hash: 0x20f877ab439ffa14ff3709658a21474ade5535fc5541a998ae605df560b722d4
[2m2025-12-10T10:11:39.783002Z[0m [34mDEBUG[0m [2mhyper::client::pool[0m[2m:[0m reuse idle connection for ("http", 192.168.0.14:8545)
[2m2025-12-10T10:11:39.783042Z[0m [34mDEBUG[0m [2mhyper::proto::h1::io[0m[2m:[0m flushed 250 bytes
[2m2025-12-10T10:11:39.783063Z[0m [34mDEBUG[0m [2methereum_transaction_pool_monitor::eth_client[0m[2m:[0m 📨 Received WebSocket message: {"jsonrpc":"2.0","method":"eth_subscription","params":{"subscription":"0xbed0a0851463e895960a451075a301a9","result":"0x6882e34d3cb67a04b356bcb2ee665e37be7dbe7a07de58656f158ac4dcf3305f"}}
[2m2025-12-10T10:11:39.783071Z[0m [34mDEBUG[0m [2methereum_transaction_pool_monitor::eth_client[0m[2m:[0m 📨 Received pending transaction: 0x6882e34d3cb67a04b356bcb2ee665e37be7dbe7a07de58656f158ac4dcf3305f
[2m2025-12-10T10:11:39.783076Z[0m [34mDEBUG[0m [2methereum_transaction_pool_monitor::eth_client[0m[2m:[0m 📨 Received WebSocket message: {"jsonrpc":"2.0","method":"eth_subscription","params":{"subscription":"0xbed0a0851463e895960a451075a301a9","result":"0xbc28aab877dc1d60f6c3b188beaabd9426a5fd0e38df4b302fa6cf1bce847c95"}}
[2m2025-12-10T10:11:39.783081Z[0m [34mDEBUG[0m [2methereum_transaction_pool_monitor::eth_client[0m[2m:[0m 📨 Received pending transaction: 0xbc28aab877dc1d60f6c3b188beaabd9426a5fd0e38df4b302fa6cf1bce847c95
[2m2025-12-10T10:11:39.788396Z[0m [34mDEBUG[0m [2mhyper::proto::h1::io[0m[2m:[0m parsed 4 headers
[2m2025-12-10T10:11:39.788405Z[0m [34mDEBUG[0m [2mhyper::proto::h1::conn[0m[2m:[0m incoming body is content-length (771 bytes)
[2m2025-12-10T10:11:39.788412Z[0m [34mDEBUG[0m [2mhyper::proto::h1::conn[0m[2m:[0m incoming body completed
[2m2025-12-10T10:11:39.788421Z[0m [34mDEBUG[0m [2mhyper::client::pool[0m[2m:[0m pooling idle connection for ("http", 192.168.0.14:8545)
[2m2025-12-10T10:11:39.788426Z[0m [34mDEBUG[0m [2methereum_transaction_pool_monitor::eth_client[0m[2m:[0m 📡 Transaction fetch RPC completed in 5.438167ms
[2m2025-12-10T10:11:39.859012Z[0m [34mDEBUG[0m [2methereum_transaction_pool_monitor::eth_client[0m[2m:[0m ✅ Transaction 0x20f877ab439ffa14ff3709658a21474ade5535fc5541a998ae605df560b722d4 fetched and parsed in 76.021292ms
[2m2025-12-10T10:11:39.859039Z[0m [34mDEBUG[0m [2methereum_transaction_pool_monitor::mempool_monitor[0m[2m:[0m 🔍 Skipping tx 0x20f877ab439ffa14ff3709658a21474ade5535fc5541a998ae605df560b722d4 - not a DEX interaction (target: 0xA0b86991c6218b36c1d19D4a2e9Eb0cE3606eB48)
[2m2025-12-10T10:11:39.859097Z[0m [34mDEBUG[0m [2methereum_transaction_pool_monitor::mempool_monitor[0m[2m:[0m 📨 Processing new pending transaction: 0xec8e3b9e9ab64be85ec4a64d696850e6f1cbaf8bac19ac431d2607eb1ce1de6c
[2m2025-12-10T10:11:39.859103Z[0m [34mDEBUG[0m [2methereum_transaction_pool_monitor::mempool_monitor[0m[2m:[0m 🔍 Fetching transaction details for: 0xec8e3b9e9ab64be85ec4a64d696850e6f1cbaf8bac19ac431d2607eb1ce1de6c
[2m2025-12-10T10:11:39.859108Z[0m [34mDEBUG[0m [2methereum_transaction_pool_monitor::eth_client[0m[2m:[0m 🔍 Fetching transaction details for hash: 0xec8e3b9e9ab64be85ec4a64d696850e6f1cbaf8bac19ac431d2607eb1ce1de6c
[2m2025-12-10T10:11:39.859125Z[0m [34mDEBUG[0m [2mhyper::client::pool[0m[2m:[0m reuse idle connection for ("http", 192.168.0.14:8545)
[2m2025-12-10T10:11:39.859176Z[0m [34mDEBUG[0m [2mhyper::proto::h1::io[0m[2m:[0m flushed 250 bytes
[2m2025-12-10T10:11:39.859208Z[0m [34mDEBUG[0m [2mhyper::client::pool[0m[2m:[0m reuse idle connection for ("http", 192.168.0.14:8545)
[2m2025-12-10T10:11:39.859223Z[0m [34mDEBUG[0m [2mhyper::proto::h1::io[0m[2m:[0m flushed 172 bytes
[2m2025-12-10T10:11:39.859236Z[0m [34mDEBUG[0m [2methereum_transaction_pool_monitor::eth_client[0m[2m:[0m 📨 Received WebSocket message: {"jsonrpc":"2.0","method":"eth_subscription","params":{"subscription":"0xbed0a0851463e895960a451075a301a9","result":"0xf1c160fbc3208ddfafd8bc8ca7d955d3be854be706408a95c6cf8f5b1f8e7a28"}}
[2m2025-12-10T10:11:39.859243Z[0m [34mDEBUG[0m [2methereum_transaction_pool_monitor::eth_client[0m[2m:[0m 📨 Received pending transaction: 0xf1c160fbc3208ddfafd8bc8ca7d955d3be854be706408a95c6cf8f5b1f8e7a28
[2m2025-12-10T10:11:39.865145Z[0m [34mDEBUG[0m [2mhyper::proto::h1::io[0m[2m:[0m parsed 4 headers
[2m2025-12-10T10:11:39.865153Z[0m [34mDEBUG[0m [2mhyper::proto::h1::conn[0m[2m:[0m incoming body is content-length (644 bytes)
[2m2025-12-10T10:11:39.865167Z[0m [34mDEBUG[0m [2mhyper::proto::h1::conn[0m[2m:[0m incoming body completed
[2m2025-12-10T10:11:39.865190Z[0m [34mDEBUG[0m [2mhyper::client::pool[0m[2m:[0m pooling idle connection for ("http", 192.168.0.14:8545)
[2m2025-12-10T10:11:39.865197Z[0m [34mDEBUG[0m [2methereum_transaction_pool_monitor::eth_client[0m[2m:[0m 📡 Transaction fetch RPC completed in 6.084958ms
[2m2025-12-10T10:11:39.937457Z[0m [34mDEBUG[0m [2methereum_transaction_pool_monitor::eth_client[0m[2m:[0m ✅ Transaction 0xec8e3b9e9ab64be85ec4a64d696850e6f1cbaf8bac19ac431d2607eb1ce1de6c fetched and parsed in 78.343458ms
[2m2025-12-10T10:11:39.937486Z[0m [34mDEBUG[0m [2methereum_transaction_pool_monitor::mempool_monitor[0m[2m:[0m 🔍 Skipping tx 0xec8e3b9e9ab64be85ec4a64d696850e6f1cbaf8bac19ac431d2607eb1ce1de6c - not a DEX interaction (target: 0x17E5545B11b468072283Cee1F066a059Fb0dbF24)
[2m2025-12-10T10:11:39.937497Z[0m [34mDEBUG[0m [2methereum_transaction_pool_monitor::mempool_monitor[0m[2m:[0m 📨 Processing new pending transaction: 0xa883cd420a59e49d54bbeedeb9d4f4b515acac4cdd15e703baf5c7bce55b2c58
[2m2025-12-10T10:11:39.937504Z[0m [34mDEBUG[0m [2methereum_transaction_pool_monitor::mempool_monitor[0m[2m:[0m 🔍 Fetching transaction details for: 0xa883cd420a59e49d54bbeedeb9d4f4b515acac4cdd15e703baf5c7bce55b2c58
[2m2025-12-10T10:11:39.937510Z[0m [34mDEBUG[0m [2methereum_transaction_pool_monitor::eth_client[0m[2m:[0m 🔍 Fetching transaction details for hash: 0xa883cd420a59e49d54bbeedeb9d4f4b515acac4cdd15e703baf5c7bce55b2c58
[2m2025-12-10T10:11:39.937534Z[0m [34mDEBUG[0m [2mhyper::client::pool[0m[2m:[0m reuse idle connection for ("http", 192.168.0.14:8545)
[2m2025-12-10T10:11:39.937572Z[0m [34mDEBUG[0m [2mhyper::proto::h1::io[0m[2m:[0m flushed 250 bytes
[2m2025-12-10T10:11:39.937589Z[0m [34mDEBUG[0m [2mhyper::proto::h1::io[0m[2m:[0m parsed 4 headers
[2m2025-12-10T10:11:39.937593Z[0m [34mDEBUG[0m [2mhyper::proto::h1::conn[0m[2m:[0m incoming body is content-length (45 bytes)
[2m2025-12-10T10:11:39.937599Z[0m [34mDEBUG[0m [2mhyper::proto::h1::conn[0m[2m:[0m incoming body completed
[2m2025-12-10T10:11:39.937610Z[0m [34mDEBUG[0m [2mhyper::client::pool[0m[2m:[0m pooling idle connection for ("http", 192.168.0.14:8545)
[2m2025-12-10T10:11:39.937625Z[0m [34mDEBUG[0m [2mhyper::client::pool[0m[2m:[0m reuse idle connection for ("http", 192.168.0.14:8545)
[2m2025-12-10T10:11:39.937639Z[0m [34mDEBUG[0m [2mhyper::proto::h1::io[0m[2m:[0m flushed 172 bytes
[2m2025-12-10T10:11:39.949451Z[0m [34mDEBUG[0m [2mhyper::proto::h1::io[0m[2m:[0m parsed 4 headers
[2m2025-12-10T10:11:39.949482Z[0m [34mDEBUG[0m [2mhyper::proto::h1::conn[0m[2m:[0m incoming body is content-length (45 bytes)
[2m2025-12-10T10:11:39.949506Z[0m [34mDEBUG[0m [2mhyper::proto::h1::conn[0m[2m:[0m incoming body completed
[2m2025-12-10T10:11:39.949530Z[0m [34mDEBUG[0m [2mhyper::client::pool[0m[2m:[0m pooling idle connection for ("http", 192.168.0.14:8545)
[2m2025-12-10T10:11:39.949548Z[0m [34mDEBUG[0m [2mhyper::proto::h1::io[0m[2m:[0m parsed 4 headers
[2m2025-12-10T10:11:39.949553Z[0m [34mDEBUG[0m [2mhyper::proto::h1::conn[0m[2m:[0m incoming body is content-length (764 bytes)
[2m2025-12-10T10:11:39.949560Z[0m [34mDEBUG[0m [2mhyper::proto::h1::conn[0m[2m:[0m incoming body completed
[2m2025-12-10T10:11:39.949568Z[0m [34mDEBUG[0m [2mhyper::client::pool[0m[2m:[0m pooling idle connection for ("http", 192.168.0.14:8545)
[2m2025-12-10T10:11:39.949574Z[0m [34mDEBUG[0m [2methereum_transaction_pool_monitor::eth_client[0m[2m:[0m 📡 Transaction fetch RPC completed in 12.057125ms
[2m2025-12-10T10:11:39.949590Z[0m [34mDEBUG[0m [2methereum_transaction_pool_monitor::eth_client[0m[2m:[0m DeFi transaction detected - Address: 0xdac17f958d2ee523a2206206994597c13d831ec7, Type: Stablecoin, Value: 0 ETH, Gas: 0.18 Gwei
[2m2025-12-10T10:11:39.949607Z[0m [34mDEBUG[0m [2methereum_transaction_pool_monitor::eth_client[0m[2m:[0m ✅ Transaction 0xa883cd420a59e49d54bbeedeb9d4f4b515acac4cdd15e703baf5c7bce55b2c58 fetched and parsed in 12.089375ms
[2m2025-12-10T10:11:39.949614Z[0m [34mDEBUG[0m [2methereum_transaction_pool_monitor::mempool_monitor[0m[2m:[0m 🔍 Skipping tx 0xa883cd420a59e49d54bbeedeb9d4f4b515acac4cdd15e703baf5c7bce55b2c58 - not a DEX interaction (target: 0xdAC17F958D2ee523a2206206994597C13D831ec7)
[2m2025-12-10T10:11:39.949621Z[0m [34mDEBUG[0m [2methereum_transaction_pool_monitor::mempool_monitor[0m[2m:[0m 📨 Processing new pending transaction: 0x2418608edc6e65810d1534c3e5294df89027bb1eee60ece96b18aa8b6a6ff29d
[2m2025-12-10T10:11:39.949626Z[0m [34mDEBUG[0m [2methereum_transaction_pool_monitor::mempool_monitor[0m[2m:[0m 🔍 Fetching transaction details for: 0x2418608edc6e65810d1534c3e5294df89027bb1eee60ece96b18aa8b6a6ff29d
[2m2025-12-10T10:11:39.949630Z[0m [34mDEBUG[0m [2methereum_transaction_pool_monitor::eth_client[0m[2m:[0m 🔍 Fetching transaction details for hash: 0x2418608edc6e65810d1534c3e5294df89027bb1eee60ece96b18aa8b6a6ff29d
[2m2025-12-10T10:11:39.949640Z[0m [34mDEBUG[0m [2mhyper::client::pool[0m[2m:[0m reuse idle connection for ("http", 192.168.0.14:8545)
[2m2025-12-10T10:11:39.949652Z[0m [34mDEBUG[0m [2mhyper::proto::h1::io[0m[2m:[0m flushed 250 bytes
[2m2025-12-10T10:11:39.958567Z[0m [34mDEBUG[0m [2mhyper::proto::h1::io[0m[2m:[0m parsed 4 headers
[2m2025-12-10T10:11:39.958574Z[0m [34mDEBUG[0m [2mhyper::proto::h1::conn[0m[2m:[0m incoming body is content-length (2323 bytes)
[2m2025-12-10T10:11:39.958579Z[0m [34mDEBUG[0m [2mhyper::proto::h1::conn[0m[2m:[0m incoming body completed
[2m2025-12-10T10:11:39.958585Z[0m [34mDEBUG[0m [2mhyper::client::pool[0m[2m:[0m pooling idle connection for ("http", 192.168.0.14:8545)
[2m2025-12-10T10:11:39.958589Z[0m [34mDEBUG[0m [2methereum_transaction_pool_monitor::eth_client[0m[2m:[0m 📡 Transaction fetch RPC completed in 8.954417ms
[2m2025-12-10T10:11:40.030701Z[0m [34mDEBUG[0m [2methereum_transaction_pool_monitor::eth_client[0m[2m:[0m ✅ Transaction 0x2418608edc6e65810d1534c3e5294df89027bb1eee60ece96b18aa8b6a6ff29d fetched and parsed in 81.062875ms
[2m2025-12-10T10:11:40.030921Z[0m [34mDEBUG[0m [2methereum_transaction_pool_monitor::mempool_monitor[0m[2m:[0m 🔍 Skipping tx 0x2418608edc6e65810d1534c3e5294df89027bb1eee60ece96b18aa8b6a6ff29d - not a DEX interaction (target: 0x66a9893cC07D91D95644AEDD05D03f95e1dBA8Af)
[2m2025-12-10T10:11:40.030930Z[0m [34mDEBUG[0m [2methereum_transaction_pool_monitor::mempool_monitor[0m[2m:[0m 📨 Processing new pending transaction: 0xd06811ec54183504f50277e6337d522eb8462f6108e42a070415dde9eff85c7e
[2m2025-12-10T10:11:40.030934Z[0m [34mDEBUG[0m [2methereum_transaction_pool_monitor::mempool_monitor[0m[2m:[0m 🔍 Fetching transaction details for: 0xd06811ec54183504f50277e6337d522eb8462f6108e42a070415dde9eff85c7e
[2m2025-12-10T10:11:40.030938Z[0m [34mDEBUG[0m [2methereum_transaction_pool_monitor::eth_client[0m[2m:[0m 🔍 Fetching transaction details for hash: 0xd06811ec54183504f50277e6337d522eb8462f6108e42a070415dde9eff85c7e
[2m2025-12-10T10:11:40.030959Z[0m [34mDEBUG[0m [2mhyper::client::pool[0m[2m:[0m reuse idle connection for ("http", 192.168.0.14:8545)
[2m2025-12-10T10:11:40.030982Z[0m [34mDEBUG[0m [2mhyper::proto::h1::io[0m[2m:[0m flushed 250 bytes
[2m2025-12-10T10:11:40.030999Z[0m [34mDEBUG[0m [2mhyper::client::pool[0m[2m:[0m reuse idle connection for ("http", 192.168.0.14:8545)
[2m2025-12-10T10:11:40.031013Z[0m [34mDEBUG[0m [2mhyper::proto::h1::io[0m[2m:[0m flushed 172 bytes
[2m2025-12-10T10:11:40.031014Z[0m [34mDEBUG[0m [2methereum_transaction_pool_monitor::eth_client[0m[2m:[0m 📨 Received WebSocket message: {"jsonrpc":"2.0","method":"eth_subscription","params":{"subscription":"0xbed0a0851463e895960a451075a301a9","result":"0x8594fd49b5e3f865f324f1db05a4359a7816f13aeb2b8b38d5fa5a287a301ff0"}}
[2m2025-12-10T10:11:40.031026Z[0m [34mDEBUG[0m [2methereum_transaction_pool_monitor::eth_client[0m[2m:[0m 📨 Received pending transaction: 0x8594fd49b5e3f865f324f1db05a4359a7816f13aeb2b8b38d5fa5a287a301ff0
[2m2025-12-10T10:11:40.036016Z[0m [34mDEBUG[0m [2mhyper::proto::h1::io[0m[2m:[0m parsed 4 headers
[2m2025-12-10T10:11:40.036030Z[0m [34mDEBUG[0m [2mhyper::proto::h1::io[0m[2m:[0m parsed 4 headers
[2m2025-12-10T10:11:40.036037Z[0m [34mDEBUG[0m [2mhyper::proto::h1::conn[0m[2m:[0m incoming body is content-length (45 bytes)
[2m2025-12-10T10:11:40.036046Z[0m [34mDEBUG[0m [2mhyper::proto::h1::conn[0m[2m:[0m incoming body is content-length (771 bytes)
[2m2025-12-10T10:11:40.036067Z[0m [34mDEBUG[0m [2mhyper::proto::h1::conn[0m[2m:[0m incoming body completed
[2m2025-12-10T10:11:40.036069Z[0m [34mDEBUG[0m [2mhyper::proto::h1::conn[0m[2m:[0m incoming body completed
[2m2025-12-10T10:11:40.036077Z[0m [34mDEBUG[0m [2mhyper::client::pool[0m[2m:[0m pooling idle connection for ("http", 192.168.0.14:8545)
[2m2025-12-10T10:11:40.036078Z[0m [34mDEBUG[0m [2mhyper::client::pool[0m[2m:[0m pooling idle connection for ("http", 192.168.0.14:8545)
[2m2025-12-10T10:11:40.036093Z[0m [34mDEBUG[0m [2methereum_transaction_pool_monitor::eth_client[0m[2m:[0m 📡 Transaction fetch RPC completed in 5.151416ms
[2m2025-12-10T10:11:40.036108Z[0m [34mDEBUG[0m [2methereum_transaction_pool_monitor::eth_client[0m[2m:[0m DeFi transaction detected - Address: 0xdac17f958d2ee523a2206206994597c13d831ec7, Type: Stablecoin, Value: 0 ETH, Gas: 0.71 Gwei
[2m2025-12-10T10:11:40.036122Z[0m [34mDEBUG[0m [2methereum_transaction_pool_monitor::eth_client[0m[2m:[0m ✅ Transaction 0xd06811ec54183504f50277e6337d522eb8462f6108e42a070415dde9eff85c7e fetched and parsed in 5.18075ms
[2m2025-12-10T10:11:40.036129Z[0m [34mDEBUG[0m [2methereum_transaction_pool_monitor::mempool_monitor[0m[2m:[0m 🔍 Skipping tx 0xd06811ec54183504f50277e6337d522eb8462f6108e42a070415dde9eff85c7e - not a DEX interaction (target: 0xdAC17F958D2ee523a2206206994597C13D831ec7)
[2m2025-12-10T10:11:40.036136Z[0m [34mDEBUG[0m [2methereum_transaction_pool_monitor::mempool_monitor[0m[2m:[0m 📨 Processing new pending transaction: 0x6882e34d3cb67a04b356bcb2ee665e37be7dbe7a07de58656f158ac4dcf3305f
[2m2025-12-10T10:11:40.036141Z[0m [34mDEBUG[0m [2methereum_transaction_pool_monitor::mempool_monitor[0m[2m:[0m 🔍 Fetching transaction details for: 0x6882e34d3cb67a04b356bcb2ee665e37be7dbe7a07de58656f158ac4dcf3305f
[2m2025-12-10T10:11:40.036144Z[0m [34mDEBUG[0m [2methereum_transaction_pool_monitor::eth_client[0m[2m:[0m 🔍 Fetching transaction details for hash: 0x6882e34d3cb67a04b356bcb2ee665e37be7dbe7a07de58656f158ac4dcf3305f
[2m2025-12-10T10:11:40.036151Z[0m [34mDEBUG[0m [2mhyper::client::pool[0m[2m:[0m reuse idle connection for ("http", 192.168.0.14:8545)
[2m2025-12-10T10:11:40.036169Z[0m [34mDEBUG[0m [2mhyper::proto::h1::io[0m[2m:[0m flushed 250 bytes
[2m2025-12-10T10:11:40.042814Z[0m [34mDEBUG[0m [2mhyper::proto::h1::io[0m[2m:[0m parsed 4 headers
[2m2025-12-10T10:11:40.042836Z[0m [34mDEBUG[0m [2mhyper::proto::h1::conn[0m[2m:[0m incoming body is content-length (646 bytes)
[2m2025-12-10T10:11:40.042855Z[0m [34mDEBUG[0m [2mhyper::proto::h1::conn[0m[2m:[0m incoming body completed
[2m2025-12-10T10:11:40.042875Z[0m [34mDEBUG[0m [2mhyper::client::pool[0m[2m:[0m pooling idle connection for ("http", 192.168.0.14:8545)
[2m2025-12-10T10:11:40.042880Z[0m [34mDEBUG[0m [2methereum_transaction_pool_monitor::eth_client[0m[2m:[0m 📡 Transaction fetch RPC completed in 6.732375ms
[2m2025-12-10T10:11:40.113441Z[0m [34mDEBUG[0m [2methereum_transaction_pool_monitor::eth_client[0m[2m:[0m ✅ Transaction 0x6882e34d3cb67a04b356bcb2ee665e37be7dbe7a07de58656f158ac4dcf3305f fetched and parsed in 77.29075ms
[2m2025-12-10T10:11:40.113467Z[0m [34mDEBUG[0m [2methereum_transaction_pool_monitor::mempool_monitor[0m[2m:[0m 🔍 Skipping tx 0x6882e34d3cb67a04b356bcb2ee665e37be7dbe7a07de58656f158ac4dcf3305f - not a DEX interaction (target: 0xD0b6dEd4B921E75051E9412dcBbEFe15CFf93246)
[2m2025-12-10T10:11:40.113475Z[0m [34mDEBUG[0m [2methereum_transaction_pool_monitor::mempool_monitor[0m[2m:[0m 📨 Processing new pending transaction: 0xbc28aab877dc1d60f6c3b188beaabd9426a5fd0e38df4b302fa6cf1bce847c95
[2m2025-12-10T10:11:40.113481Z[0m [34mDEBUG[0m [2methereum_transaction_pool_monitor::mempool_monitor[0m[2m:[0m 🔍 Fetching transaction details for: 0xbc28aab877dc1d60f6c3b188beaabd9426a5fd0e38df4b302fa6cf1bce847c95
[2m2025-12-10T10:11:40.113487Z[0m [34mDEBUG[0m [2methereum_transaction_pool_monitor::eth_client[0m[2m:[0m 🔍 Fetching transaction details for hash: 0xbc28aab877dc1d60f6c3b188beaabd9426a5fd0e38df4b302fa6cf1bce847c95
[2m2025-12-10T10:11:40.113504Z[0m [34mDEBUG[0m [2mhyper::client::pool[0m[2m:[0m reuse idle connection for ("http", 192.168.0.14:8545)
[2m2025-12-10T10:11:40.113550Z[0m [34mDEBUG[0m [2mhyper::proto::h1::io[0m[2m:[0m flushed 250 bytes
[2m2025-12-10T10:11:40.113569Z[0m [34mDEBUG[0m [2mhyper::client::pool[0m[2m:[0m reuse idle connection for ("http", 192.168.0.14:8545)
[2m2025-12-10T10:11:40.113582Z[0m [34mDEBUG[0m [2methereum_transaction_pool_monitor::eth_client[0m[2m:[0m 📨 Received WebSocket message: {"jsonrpc":"2.0","method":"eth_subscription","params":{"subscription":"0xbed0a0851463e895960a451075a301a9","result":"0xc9890c4b44ec940e7b429d63ccc99cd3bf984a3e4e77b93d565ad95c751e49f1"}}
[2m2025-12-10T10:11:40.113584Z[0m [34mDEBUG[0m [2mhyper::proto::h1::io[0m[2m:[0m flushed 172 bytes
[2m2025-12-10T10:11:40.113597Z[0m [34mDEBUG[0m [2methereum_transaction_pool_monitor::eth_client[0m[2m:[0m 📨 Received pending transaction: 0xc9890c4b44ec940e7b429d63ccc99cd3bf984a3e4e77b93d565ad95c751e49f1
[2m2025-12-10T10:11:40.113605Z[0m [34mDEBUG[0m [2methereum_transaction_pool_monitor::eth_client[0m[2m:[0m 📨 Received WebSocket message: {"jsonrpc":"2.0","method":"eth_subscription","params":{"subscription":"0xbed0a0851463e895960a451075a301a9","result":"0xa0590615437eb92b2cdac6f8441c055644d39ade32776737017284b3d2c81b61"}}
[2m2025-12-10T10:11:40.114379Z[0m [34mDEBUG[0m [2methereum_transaction_pool_monitor::eth_client[0m[2m:[0m 📨 Received pending transaction: 0xa0590615437eb92b2cdac6f8441c055644d39ade32776737017284b3d2c81b61
[2m2025-12-10T10:11:40.122290Z[0m [34mDEBUG[0m [2mhyper::proto::h1::io[0m[2m:[0m parsed 4 headers
[2m2025-12-10T10:11:40.122299Z[0m [34mDEBUG[0m [2mhyper::proto::h1::conn[0m[2m:[0m incoming body is content-length (3071 bytes)
[2m2025-12-10T10:11:40.122323Z[0m [34mDEBUG[0m [2mhyper::proto::h1::conn[0m[2m:[0m incoming body completed
[2m2025-12-10T10:11:40.122334Z[0m [34mDEBUG[0m [2mhyper::client::pool[0m[2m:[0m pooling idle connection for ("http", 192.168.0.14:8545)
[2m2025-12-10T10:11:40.122340Z[0m [34mDEBUG[0m [2methereum_transaction_pool_monitor::eth_client[0m[2m:[0m 📡 Transaction fetch RPC completed in 8.84975ms
[2m2025-12-10T10:11:40.193599Z[0m [34mDEBUG[0m [2methereum_transaction_pool_monitor::eth_client[0m[2m:[0m ✅ Transaction 0xbc28aab877dc1d60f6c3b188beaabd9426a5fd0e38df4b302fa6cf1bce847c95 fetched and parsed in 80.105875ms
[2m2025-12-10T10:11:40.193617Z[0m [34mDEBUG[0m [2methereum_transaction_pool_monitor::mempool_monitor[0m[2m:[0m 🔍 Skipping tx 0xbc28aab877dc1d60f6c3b188beaabd9426a5fd0e38df4b302fa6cf1bce847c95 - not a DEX interaction (target: 0xF6801D319497789f934ec7F83E142a9536312B08)
[2m2025-12-10T10:11:40.193626Z[0m [34mDEBUG[0m [2methereum_transaction_pool_monitor::mempool_monitor[0m[2m:[0m 📨 Processing new pending transaction: 0xf1c160fbc3208ddfafd8bc8ca7d955d3be854be706408a95c6cf8f5b1f8e7a28
[2m2025-12-10T10:11:40.193632Z[0m [34mDEBUG[0m [2methereum_transaction_pool_monitor::mempool_monitor[0m[2m:[0m 🔍 Fetching transaction details for: 0xf1c160fbc3208ddfafd8bc8ca7d955d3be854be706408a95c6cf8f5b1f8e7a28
[2m2025-12-10T10:11:40.193636Z[0m [34mDEBUG[0m [2methereum_transaction_pool_monitor::eth_client[0m[2m:[0m 🔍 Fetching transaction details for hash: 0xf1c160fbc3208ddfafd8bc8ca7d955d3be854be706408a95c6cf8f5b1f8e7a28
[2m2025-12-10T10:11:40.193653Z[0m [34mDEBUG[0m [2mhyper::client::pool[0m[2m:[0m reuse idle connection for ("http", 192.168.0.14:8545)
[2m2025-12-10T10:11:40.193676Z[0m [34mDEBUG[0m [2mhyper::proto::h1::io[0m[2m:[0m flushed 250 bytes
[2m2025-12-10T10:11:40.193688Z[0m [34mDEBUG[0m [2mhyper::proto::h1::io[0m[2m:[0m parsed 4 headers
[2m2025-12-10T10:11:40.193692Z[0m [34mDEBUG[0m [2mhyper::proto::h1::conn[0m[2m:[0m incoming body is content-length (45 bytes)
[2m2025-12-10T10:11:40.193698Z[0m [34mDEBUG[0m [2mhyper::proto::h1::conn[0m[2m:[0m incoming body completed
[2m2025-12-10T10:11:40.193705Z[0m [34mDEBUG[0m [2mhyper::client::pool[0m[2m:[0m pooling idle connection for ("http", 192.168.0.14:8545)
[2m2025-12-10T10:11:40.198749Z[0m [34mDEBUG[0m [2mhyper::client::pool[0m[2m:[0m reuse idle connection for ("http", 192.168.0.14:8545)
[2m2025-12-10T10:11:40.198802Z[0m [34mDEBUG[0m [2mhyper::proto::h1::io[0m[2m:[0m flushed 172 bytes
[2m2025-12-10T10:11:40.201036Z[0m [34mDEBUG[0m [2mhyper::proto::h1::io[0m[2m:[0m parsed 4 headers
[2m2025-12-10T10:11:40.201040Z[0m [34mDEBUG[0m [2mhyper::proto::h1::conn[0m[2m:[0m incoming body is content-length (776 bytes)
[2m2025-12-10T10:11:40.201044Z[0m [34mDEBUG[0m [2mhyper::proto::h1::conn[0m[2m:[0m incoming body completed
[2m2025-12-10T10:11:40.201049Z[0m [34mDEBUG[0m [2mhyper::client::pool[0m[2m:[0m pooling idle connection for ("http", 192.168.0.14:8545)
[2m2025-12-10T10:11:40.201053Z[0m [34mDEBUG[0m [2methereum_transaction_pool_monitor::eth_client[0m[2m:[0m 📡 Transaction fetch RPC completed in 7.412875ms
[2m2025-12-10T10:11:40.272813Z[0m [34mDEBUG[0m [2methereum_transaction_pool_monitor::eth_client[0m[2m:[0m ✅ Transaction 0xf1c160fbc3208ddfafd8bc8ca7d955d3be854be706408a95c6cf8f5b1f8e7a28 fetched and parsed in 79.170666ms
[2m2025-12-10T10:11:40.272842Z[0m [34mDEBUG[0m [2methereum_transaction_pool_monitor::mempool_monitor[0m[2m:[0m 🔍 Skipping tx 0xf1c160fbc3208ddfafd8bc8ca7d955d3be854be706408a95c6cf8f5b1f8e7a28 - not a DEX interaction (target: 0x3506424F91fD33084466F402d5D97f05F8e3b4AF)
[2m2025-12-10T10:11:40.272855Z[0m [34mDEBUG[0m [2methereum_transaction_pool_monitor::mempool_monitor[0m[2m:[0m 📨 Processing new pending transaction: 0x8594fd49b5e3f865f324f1db05a4359a7816f13aeb2b8b38d5fa5a287a301ff0
[2m2025-12-10T10:11:40.272867Z[0m [34mDEBUG[0m [2methereum_transaction_pool_monitor::mempool_monitor[0m[2m:[0m 🔍 Fetching transaction details for: 0x8594fd49b5e3f865f324f1db05a4359a7816f13aeb2b8b38d5fa5a287a301ff0
[2m2025-12-10T10:11:40.272874Z[0m [34mDEBUG[0m [2methereum_transaction_pool_monitor::eth_client[0m[2m:[0m 🔍 Fetching transaction details for hash: 0x8594fd49b5e3f865f324f1db05a4359a7816f13aeb2b8b38d5fa5a287a301ff0
[2m2025-12-10T10:11:40.272891Z[0m [34mDEBUG[0m [2mhyper::client::pool[0m[2m:[0m reuse idle connection for ("http", 192.168.0.14:8545)
[2m2025-12-10T10:11:40.272928Z[0m [34mDEBUG[0m [2mhyper::proto::h1::io[0m[2m:[0m flushed 250 bytes
[2m2025-12-10T10:11:40.272952Z[0m [34mDEBUG[0m [2methereum_transaction_pool_monitor::eth_client[0m[2m:[0m 📨 Received WebSocket message: {"jsonrpc":"2.0","method":"eth_subscription","params":{"subscription":"0xbed0a0851463e895960a451075a301a9","result":"0xca933ca101f467d469ef7cfa95fdfd5638a59130491b792dd573d4c571578122"}}
[2m2025-12-10T10:11:40.272955Z[0m [34mDEBUG[0m [2mhyper::proto::h1::io[0m[2m:[0m parsed 4 headers
[2m2025-12-10T10:11:40.272960Z[0m [34mDEBUG[0m [2methereum_transaction_pool_monitor::eth_client[0m[2m:[0m 📨 Received pending transaction: 0xca933ca101f467d469ef7cfa95fdfd5638a59130491b792dd573d4c571578122
[2m2025-12-10T10:11:40.272966Z[0m [34mDEBUG[0m [2mhyper::proto::h1::conn[0m[2m:[0m incoming body is content-length (45 bytes)
[2m2025-12-10T10:11:40.272974Z[0m [34mDEBUG[0m [2methereum_transaction_pool_monitor::eth_client[0m[2m:[0m 📨 Received WebSocket message: {"jsonrpc":"2.0","method":"eth_subscription","params":{"subscription":"0xbed0a0851463e895960a451075a301a9","result":"0xab0785d2358c3d0b355f93362bf7184cb3ffd83a826d92b4eb7e80a27bc80fb2"}}
[2m2025-12-10T10:11:40.272981Z[0m [34mDEBUG[0m [2mhyper::proto::h1::conn[0m[2m:[0m incoming body completed
[2m2025-12-10T10:11:40.272981Z[0m [34mDEBUG[0m [2methereum_transaction_pool_monitor::eth_client[0m[2m:[0m 📨 Received pending transaction: 0xab0785d2358c3d0b355f93362bf7184cb3ffd83a826d92b4eb7e80a27bc80fb2
[2m2025-12-10T10:11:40.272994Z[0m [34mDEBUG[0m [2methereum_transaction_pool_monitor::eth_client[0m[2m:[0m 📨 Received WebSocket message: {"jsonrpc":"2.0","method":"eth_subscription","params":{"subscription":"0xbed0a0851463e895960a451075a301a9","result":"0x0765c3fd81aa67d25beec0e99eab7e660d668cd82a932de69b0cebab6d9474d9"}}
[2m2025-12-10T10:11:40.272995Z[0m [34mDEBUG[0m [2mhyper::client::pool[0m[2m:[0m pooling idle connection for ("http", 192.168.0.14:8545)
[2m2025-12-10T10:11:40.272998Z[0m [34mDEBUG[0m [2methereum_transaction_pool_monitor::eth_client[0m[2m:[0m 📨 Received pending transaction: 0x0765c3fd81aa67d25beec0e99eab7e660d668cd82a932de69b0cebab6d9474d9
[2m2025-12-10T10:11:40.278724Z[0m [34mDEBUG[0m [2mhyper::proto::h1::io[0m[2m:[0m parsed 4 headers
[2m2025-12-10T10:11:40.278729Z[0m [34mDEBUG[0m [2mhyper::proto::h1::conn[0m[2m:[0m incoming body is content-length (830 bytes)
[2m2025-12-10T10:11:40.278733Z[0m [34mDEBUG[0m [2mhyper::proto::h1::conn[0m[2m:[0m incoming body completed
[2m2025-12-10T10:11:40.278738Z[0m [34mDEBUG[0m [2mhyper::client::pool[0m[2m:[0m pooling idle connection for ("http", 192.168.0.14:8545)
[2m2025-12-10T10:11:40.278743Z[0m [34mDEBUG[0m [2methereum_transaction_pool_monitor::eth_client[0m[2m:[0m 📡 Transaction fetch RPC completed in 5.865ms
[2m2025-12-10T10:11:40.349869Z[0m [34mDEBUG[0m [2methereum_transaction_pool_monitor::eth_client[0m[2m:[0m ✅ Transaction 0x8594fd49b5e3f865f324f1db05a4359a7816f13aeb2b8b38d5fa5a287a301ff0 fetched and parsed in 76.988291ms
[2m2025-12-10T10:11:40.349894Z[0m [34mDEBUG[0m [2methereum_transaction_pool_monitor::mempool_monitor[0m[2m:[0m 🔍 Skipping tx 0x8594fd49b5e3f865f324f1db05a4359a7816f13aeb2b8b38d5fa5a287a301ff0 - not a DEX interaction (target: 0x3B4D794a66304F130a4Db8F2551B0070dfCf5ca7)
[2m2025-12-10T10:11:40.349903Z[0m [34mDEBUG[0m [2methereum_transaction_pool_monitor::mempool_monitor[0m[2m:[0m 📨 Processing new pending transaction: 0xc9890c4b44ec940e7b429d63ccc99cd3bf984a3e4e77b93d565ad95c751e49f1
[2m2025-12-10T10:11:40.349909Z[0m [34mDEBUG[0m [2methereum_transaction_pool_monitor::mempool_monitor[0m[2m:[0m 🔍 Fetching transaction details for: 0xc9890c4b44ec940e7b429d63ccc99cd3bf984a3e4e77b93d565ad95c751e49f1
[2m2025-12-10T10:11:40.349913Z[0m [34mDEBUG[0m [2methereum_transaction_pool_monitor::eth_client[0m[2m:[0m 🔍 Fetching transaction details for hash: 0xc9890c4b44ec940e7b429d63ccc99cd3bf984a3e4e77b93d565ad95c751e49f1
[2m2025-12-10T10:11:40.349932Z[0m [34mDEBUG[0m [2mhyper::client::pool[0m[2m:[0m reuse idle connection for ("http", 192.168.0.14:8545)
[2m2025-12-10T10:11:40.349965Z[0m [34mDEBUG[0m [2mhyper::proto::h1::io[0m[2m:[0m flushed 250 bytes
[2m2025-12-10T10:11:40.349992Z[0m [34mDEBUG[0m [2mhyper::client::pool[0m[2m:[0m reuse idle connection for ("http", 192.168.0.14:8545)
[2m2025-12-10T10:11:40.350008Z[0m [34mDEBUG[0m [2mhyper::proto::h1::io[0m[2m:[0m flushed 172 bytes
[2m2025-12-10T10:11:40.354952Z[0m [34mDEBUG[0m [2mhyper::proto::h1::io[0m[2m:[0m parsed 4 headers
[2m2025-12-10T10:11:40.354959Z[0m [34mDEBUG[0m [2mhyper::proto::h1::conn[0m[2m:[0m incoming body is content-length (770 bytes)
[2m2025-12-10T10:11:40.354973Z[0m [34mDEBUG[0m [2mhyper::proto::h1::conn[0m[2m:[0m incoming body completed
[2m2025-12-10T10:11:40.354982Z[0m [34mDEBUG[0m [2mhyper::client::pool[0m[2m:[0m pooling idle connection for ("http", 192.168.0.14:8545)
[2m2025-12-10T10:11:40.354991Z[0m [34mDEBUG[0m [2methereum_transaction_pool_monitor::eth_client[0m[2m:[0m 📡 Transaction fetch RPC completed in 5.073792ms
[2m2025-12-10T10:11:40.355024Z[0m [34mDEBUG[0m [2methereum_transaction_pool_monitor::eth_client[0m[2m:[0m DeFi transaction detected - Address: 0xdac17f958d2ee523a2206206994597c13d831ec7, Type: Stablecoin, Value: 0 ETH, Gas: 0.20 Gwei
[2m2025-12-10T10:11:40.355039Z[0m [34mDEBUG[0m [2methereum_transaction_pool_monitor::eth_client[0m[2m:[0m ✅ Transaction 0xc9890c4b44ec940e7b429d63ccc99cd3bf984a3e4e77b93d565ad95c751e49f1 fetched and parsed in 5.122667ms
[2m2025-12-10T10:11:40.355045Z[0m [34mDEBUG[0m [2methereum_transaction_pool_monitor::mempool_monitor[0m[2m:[0m 🔍 Skipping tx 0xc9890c4b44ec940e7b429d63ccc99cd3bf984a3e4e77b93d565ad95c751e49f1 - not a DEX interaction (target: 0xdAC17F958D2ee523a2206206994597C13D831ec7)
[2m2025-12-10T10:11:40.355051Z[0m [34mDEBUG[0m [2methereum_transaction_pool_monitor::mempool_monitor[0m[2m:[0m 📨 Processing new pending transaction: 0xa0590615437eb92b2cdac6f8441c055644d39ade32776737017284b3d2c81b61
[2m2025-12-10T10:11:40.355054Z[0m [34mDEBUG[0m [2methereum_transaction_pool_monitor::mempool_monitor[0m[2m:[0m 🔍 Fetching transaction details for: 0xa0590615437eb92b2cdac6f8441c055644d39ade32776737017284b3d2c81b61
[2m2025-12-10T10:11:40.355057Z[0m [34mDEBUG[0m [2methereum_transaction_pool_monitor::eth_client[0m[2m:[0m 🔍 Fetching transaction details for hash: 0xa0590615437eb92b2cdac6f8441c055644d39ade32776737017284b3d2c81b61
[2m2025-12-10T10:11:40.355063Z[0m [34mDEBUG[0m [2mhyper::client::pool[0m[2m:[0m reuse idle connection for ("http", 192.168.0.14:8545)
[2m2025-12-10T10:11:40.355073Z[0m [34mDEBUG[0m [2mhyper::proto::h1::io[0m[2m:[0m flushed 250 bytes
[2m2025-12-10T10:11:40.355079Z[0m [34mDEBUG[0m [2mhyper::proto::h1::io[0m[2m:[0m parsed 4 headers
[2m2025-12-10T10:11:40.355082Z[0m [34mDEBUG[0m [2mhyper::proto::h1::conn[0m[2m:[0m incoming body is content-length (45 bytes)
[2m2025-12-10T10:11:40.355086Z[0m [34mDEBUG[0m [2mhyper::proto::h1::conn[0m[2m:[0m incoming body completed
[2m2025-12-10T10:11:40.355090Z[0m [34mDEBUG[0m [2mhyper::client::pool[0m[2m:[0m pooling idle connection for ("http", 192.168.0.14:8545)
[2m2025-12-10T10:11:40.365225Z[0m [34mDEBUG[0m [2mhyper::proto::h1::io[0m[2m:[0m parsed 4 headers
[2m2025-12-10T10:11:40.365230Z[0m [34mDEBUG[0m [2mhyper::proto::h1::conn[0m[2m:[0m incoming body is content-length (772 bytes)
[2m2025-12-10T10:11:40.365234Z[0m [34mDEBUG[0m [2mhyper::proto::h1::conn[0m[2m:[0m incoming body completed
[2m2025-12-10T10:11:40.365240Z[0m [34mDEBUG[0m [2mhyper::client::pool[0m[2m:[0m pooling idle connection for ("http", 192.168.0.14:8545)
[2m2025-12-10T10:11:40.365243Z[0m [34mDEBUG[0m [2methereum_transaction_pool_monitor::eth_client[0m[2m:[0m 📡 Transaction fetch RPC completed in 10.182667ms
[2m2025-12-10T10:11:40.365252Z[0m [34mDEBUG[0m [2methereum_transaction_pool_monitor::eth_client[0m[2m:[0m DeFi transaction detected - Address: 0xdac17f958d2ee523a2206206994597c13d831ec7, Type: Stablecoin, Value: 0 ETH, Gas: 2.23 Gwei
[2m2025-12-10T10:11:40.365261Z[0m [34mDEBUG[0m [2methereum_transaction_pool_monitor::eth_client[0m[2m:[0m ✅ Transaction 0xa0590615437eb92b2cdac6f8441c055644d39ade32776737017284b3d2c81b61 fetched and parsed in 10.20075ms
[2m2025-12-10T10:11:40.365266Z[0m [34mDEBUG[0m [2methereum_transaction_pool_monitor::mempool_monitor[0m[2m:[0m 🔍 Skipping tx 0xa0590615437eb92b2cdac6f8441c055644d39ade32776737017284b3d2c81b61 - not a DEX interaction (target: 0xdAC17F958D2ee523a2206206994597C13D831ec7)
[2m2025-12-10T10:11:40.365271Z[0m [34mDEBUG[0m [2methereum_transaction_pool_monitor::mempool_monitor[0m[2m:[0m 📨 Processing new pending transaction: 0xca933ca101f467d469ef7cfa95fdfd5638a59130491b792dd573d4c571578122
[2m2025-12-10T10:11:40.365274Z[0m [34mDEBUG[0m [2methereum_transaction_pool_monitor::mempool_monitor[0m[2m:[0m 🔍 Fetching transaction details for: 0xca933ca101f467d469ef7cfa95fdfd5638a59130491b792dd573d4c571578122
[2m2025-12-10T10:11:40.365277Z[0m [34mDEBUG[0m [2methereum_transaction_pool_monitor::eth_client[0m[2m:[0m 🔍 Fetching transaction details for hash: 0xca933ca101f467d469ef7cfa95fdfd5638a59130491b792dd573d4c571578122
[2m2025-12-10T10:11:40.365283Z[0m [34mDEBUG[0m [2mhyper::client::pool[0m[2m:[0m reuse idle connection for ("http", 192.168.0.14:8545)
[2m2025-12-10T10:11:40.365301Z[0m [34mDEBUG[0m [2mhyper::proto::h1::io[0m[2m:[0m flushed 250 bytes
[2m2025-12-10T10:11:40.369563Z[0m [34mDEBUG[0m [2mhyper::proto::h1::io[0m[2m:[0m parsed 4 headers
[2m2025-12-10T10:11:40.369569Z[0m [34mDEBUG[0m [2mhyper::proto::h1::conn[0m[2m:[0m incoming body is content-length (838 bytes)
[2m2025-12-10T10:11:40.369572Z[0m [34mDEBUG[0m [2mhyper::proto::h1::conn[0m[2m:[0m incoming body completed
[2m2025-12-10T10:11:40.369576Z[0m [34mDEBUG[0m [2mhyper::client::pool[0m[2m:[0m pooling idle connection for ("http", 192.168.0.14:8545)
[2m2025-12-10T10:11:40.369580Z[0m [34mDEBUG[0m [2methereum_transaction_pool_monitor::eth_client[0m[2m:[0m 📡 Transaction fetch RPC completed in 4.3ms
[2m2025-12-10T10:11:40.440309Z[0m [34mDEBUG[0m [2methereum_transaction_pool_monitor::eth_client[0m[2m:[0m ✅ Transaction 0xca933ca101f467d469ef7cfa95fdfd5638a59130491b792dd573d4c571578122 fetched and parsed in 75.026709ms
[2m2025-12-10T10:11:40.440334Z[0m [34mDEBUG[0m [2methereum_transaction_pool_monitor::mempool_monitor[0m[2m:[0m 🔍 Skipping tx 0xca933ca101f467d469ef7cfa95fdfd5638a59130491b792dd573d4c571578122 - not a DEX interaction (target: 0xA0b86991c6218b36c1d19D4a2e9Eb0cE3606eB48)
[2m2025-12-10T10:11:40.440345Z[0m [34mDEBUG[0m [2methereum_transaction_pool_monitor::mempool_monitor[0m[2m:[0m 📨 Processing new pending transaction: 0xab0785d2358c3d0b355f93362bf7184cb3ffd83a826d92b4eb7e80a27bc80fb2
[2m2025-12-10T10:11:40.441105Z[0m [34mDEBUG[0m [2methereum_transaction_pool_monitor::mempool_monitor[0m[2m:[0m 🔍 Fetching transaction details for: 0xab0785d2358c3d0b355f93362bf7184cb3ffd83a826d92b4eb7e80a27bc80fb2
[2m2025-12-10T10:11:40.441113Z[0m [34mDEBUG[0m [2methereum_transaction_pool_monitor::eth_client[0m[2m:[0m 🔍 Fetching transaction details for hash: 0xab0785d2358c3d0b355f93362bf7184cb3ffd83a826d92b4eb7e80a27bc80fb2
[2m2025-12-10T10:11:40.441135Z[0m [34mDEBUG[0m [2mhyper::client::pool[0m[2m:[0m reuse idle connection for ("http", 192.168.0.14:8545)
[2m2025-12-10T10:11:40.441166Z[0m [34mDEBUG[0m [2mhyper::proto::h1::io[0m[2m:[0m flushed 250 bytes
[2m2025-12-10T10:11:40.441196Z[0m [34mDEBUG[0m [2mhyper::client::pool[0m[2m:[0m reuse idle connection for ("http", 192.168.0.14:8545)
[2m2025-12-10T10:11:40.441211Z[0m [34mDEBUG[0m [2mhyper::proto::h1::io[0m[2m:[0m flushed 172 bytes
[2m2025-12-10T10:11:40.447565Z[0m [34mDEBUG[0m [2mhyper::proto::h1::io[0m[2m:[0m parsed 4 headers
[2m2025-12-10T10:11:40.447579Z[0m [34mDEBUG[0m [2mhyper::proto::h1::conn[0m[2m:[0m incoming body is content-length (1100 bytes)
[2m2025-12-10T10:11:40.447604Z[0m [34mDEBUG[0m [2mhyper::proto::h1::conn[0m[2m:[0m incoming body completed
[2m2025-12-10T10:11:40.447612Z[0m [34mDEBUG[0m [2mhyper::client::pool[0m[2m:[0m pooling idle connection for ("http", 192.168.0.14:8545)
[2m2025-12-10T10:11:40.447618Z[0m [34mDEBUG[0m [2methereum_transaction_pool_monitor::eth_client[0m[2m:[0m 📡 Transaction fetch RPC completed in 6.50075ms
[2m2025-12-10T10:11:40.447636Z[0m [34mDEBUG[0m [2methereum_transaction_pool_monitor::eth_client[0m[2m:[0m DeFi transaction detected - Address: 0x7a250d5630b4cf539739df2c5dacb4c659f2488d, Type: DexRouter, Value: 0.0758 ETH, Gas: 0.32 Gwei
[2m2025-12-10T10:11:40.447654Z[0m [34mDEBUG[0m [2methereum_transaction_pool_monitor::eth_client[0m[2m:[0m ✅ Transaction 0xab0785d2358c3d0b355f93362bf7184cb3ffd83a826d92b4eb7e80a27bc80fb2 fetched and parsed in 6.53675ms
[2m2025-12-10T10:11:40.447660Z[0m [34mDEBUG[0m [2methereum_transaction_pool_monitor::mempool_monitor[0m[2m:[0m 🔍 Skipping tx 0xab0785d2358c3d0b355f93362bf7184cb3ffd83a826d92b4eb7e80a27bc80fb2 - not a DEX interaction (target: 0x7a250d5630B4cF539739dF2C5dAcb4c659F2488D)
[2m2025-12-10T10:11:40.447667Z[0m [34mDEBUG[0m [2methereum_transaction_pool_monitor::mempool_monitor[0m[2m:[0m 📨 Processing new pending transaction: 0x0765c3fd81aa67d25beec0e99eab7e660d668cd82a932de69b0cebab6d9474d9
[2m2025-12-10T10:11:40.447671Z[0m [34mDEBUG[0m [2methereum_transaction_pool_monitor::mempool_monitor[0m[2m:[0m 🔍 Fetching transaction details for: 0x0765c3fd81aa67d25beec0e99eab7e660d668cd82a932de69b0cebab6d9474d9
[2m2025-12-10T10:11:40.447674Z[0m [34mDEBUG[0m [2methereum_transaction_pool_monitor::eth_client[0m[2m:[0m 🔍 Fetching transaction details for hash: 0x0765c3fd81aa67d25beec0e99eab7e660d668cd82a932de69b0cebab6d9474d9
[2m2025-12-10T10:11:40.447681Z[0m [34mDEBUG[0m [2mhyper::client::pool[0m[2m:[0m reuse idle connection for ("http", 192.168.0.14:8545)
[2m2025-12-10T10:11:40.447693Z[0m [34mDEBUG[0m [2mhyper::proto::h1::io[0m[2m:[0m flushed 250 bytes
[2m2025-12-10T10:11:40.447700Z[0m [34mDEBUG[0m [2mhyper::proto::h1::io[0m[2m:[0m parsed 4 headers
[2m2025-12-10T10:11:40.447703Z[0m [34mDEBUG[0m [2mhyper::proto::h1::conn[0m[2m:[0m incoming body is content-length (45 bytes)
[2m2025-12-10T10:11:40.447707Z[0m [34mDEBUG[0m [2mhyper::proto::h1::conn[0m[2m:[0m incoming body completed
[2m2025-12-10T10:11:40.447711Z[0m [34mDEBUG[0m [2mhyper::client::pool[0m[2m:[0m pooling idle connection for ("http", 192.168.0.14:8545)
[2m2025-12-10T10:11:40.457676Z[0m [34mDEBUG[0m [2mhyper::proto::h1::io[0m[2m:[0m parsed 4 headers
[2m2025-12-10T10:11:40.457695Z[0m [34mDEBUG[0m [2mhyper::proto::h1::conn[0m[2m:[0m incoming body is content-length (646 bytes)
[2m2025-12-10T10:11:40.457712Z[0m [34mDEBUG[0m [2mhyper::proto::h1::conn[0m[2m:[0m incoming body completed
[2m2025-12-10T10:11:40.457728Z[0m [34mDEBUG[0m [2mhyper::client::pool[0m[2m:[0m pooling idle connection for ("http", 192.168.0.14:8545)
[2m2025-12-10T10:11:40.457733Z[0m [34mDEBUG[0m [2methereum_transaction_pool_monitor::eth_client[0m[2m:[0m 📡 Transaction fetch RPC completed in 10.055375ms
[2m2025-12-10T10:11:40.526186Z[0m [34mDEBUG[0m [2methereum_transaction_pool_monitor::eth_client[0m[2m:[0m ✅ Transaction 0x0765c3fd81aa67d25beec0e99eab7e660d668cd82a932de69b0cebab6d9474d9 fetched and parsed in 78.506791ms
[2m2025-12-10T10:11:40.526212Z[0m [34mDEBUG[0m [2methereum_transaction_pool_monitor::mempool_monitor[0m[2m:[0m 🔍 Skipping tx 0x0765c3fd81aa67d25beec0e99eab7e660d668cd82a932de69b0cebab6d9474d9 - not a DEX interaction (target: 0xA26148AE51fa8E787DF319C04137602Cc018b521)
[2m2025-12-10T10:11:40.526245Z[0m [34mDEBUG[0m [2mhyper::client::pool[0m[2m:[0m reuse idle connection for ("http", 192.168.0.14:8545)
[2m2025-12-10T10:11:40.526268Z[0m [34mDEBUG[0m [2mhyper::proto::h1::io[0m[2m:[0m flushed 172 bytes
[2m2025-12-10T10:11:40.526270Z[0m [34mDEBUG[0m [2methereum_transaction_pool_monitor::eth_client[0m[2m:[0m 📨 Received WebSocket message: {"jsonrpc":"2.0","method":"eth_subscription","params":{"subscription":"0xbed0a0851463e895960a451075a301a9","result":"0x86ed1fe7eb06d88c7a60d55ff0f2ef189456acc5c40d0469cc68c5f819451e56"}}
[2m2025-12-10T10:11:40.526283Z[0m [34mDEBUG[0m [2methereum_transaction_pool_monitor::eth_client[0m[2m:[0m 📨 Received pending transaction: 0x86ed1fe7eb06d88c7a60d55ff0f2ef189456acc5c40d0469cc68c5f819451e56
[2m2025-12-10T10:11:40.526289Z[0m [34mDEBUG[0m [2methereum_transaction_pool_monitor::eth_client[0m[2m:[0m 📨 Received WebSocket message: {"jsonrpc":"2.0","method":"eth_subscription","params":{"subscription":"0xbed0a0851463e895960a451075a301a9","result":"0x89c260e10fc8cb8c3e22eff7c2eb8143ef3d8a5516e4c2e92e56a0200441eda2"}}
[2m2025-12-10T10:11:40.526294Z[0m [34mDEBUG[0m [2methereum_transaction_pool_monitor::eth_client[0m[2m:[0m 📨 Received pending transaction: 0x89c260e10fc8cb8c3e22eff7c2eb8143ef3d8a5516e4c2e92e56a0200441eda2
[2m2025-12-10T10:11:40.526299Z[0m [34mDEBUG[0m [2methereum_transaction_pool_monitor::mempool_monitor[0m[2m:[0m 📨 Processing new pending transaction: 0x86ed1fe7eb06d88c7a60d55ff0f2ef189456acc5c40d0469cc68c5f819451e56
[2m2025-12-10T10:11:40.526303Z[0m [34mDEBUG[0m [2methereum_transaction_pool_monitor::mempool_monitor[0m[2m:[0m 🔍 Fetching transaction details for: 0x86ed1fe7eb06d88c7a60d55ff0f2ef189456acc5c40d0469cc68c5f819451e56
[2m2025-12-10T10:11:40.526307Z[0m [34mDEBUG[0m [2methereum_transaction_pool_monitor::eth_client[0m[2m:[0m 🔍 Fetching transaction details for hash: 0x86ed1fe7eb06d88c7a60d55ff0f2ef189456acc5c40d0469cc68c5f819451e56
[2m2025-12-10T10:11:40.526315Z[0m [34mDEBUG[0m [2mhyper::client::pool[0m[2m:[0m reuse idle connection for ("http", 192.168.0.14:8545)
[2m2025-12-10T10:11:40.526331Z[0m [34mDEBUG[0m [2mhyper::proto::h1::io[0m[2m:[0m flushed 250 bytes
[2m2025-12-10T10:11:40.529553Z[0m [34mDEBUG[0m [2mhyper::proto::h1::io[0m[2m:[0m parsed 4 headers
[2m2025-12-10T10:11:40.529562Z[0m [34mDEBUG[0m [2mhyper::proto::h1::conn[0m[2m:[0m incoming body is content-length (45 bytes)
[2m2025-12-10T10:11:40.529568Z[0m [34mDEBUG[0m [2mhyper::proto::h1::conn[0m[2m:[0m incoming body completed
[2m2025-12-10T10:11:40.529575Z[0m [34mDEBUG[0m [2mhyper::client::pool[0m[2m:[0m pooling idle connection for ("http", 192.168.0.14:8545)
[2m2025-12-10T10:11:40.537784Z[0m [34mDEBUG[0m [2mhyper::proto::h1::io[0m[2m:[0m parsed 4 headers
[2m2025-12-10T10:11:40.537789Z[0m [34mDEBUG[0m [2mhyper::proto::h1::conn[0m[2m:[0m incoming body is content-length (552 bytes)
[2m2025-12-10T10:11:40.537794Z[0m [34mDEBUG[0m [2mhyper::proto::h1::conn[0m[2m:[0m incoming body completed
[2m2025-12-10T10:11:40.537800Z[0m [34mDEBUG[0m [2mhyper::client::pool[0m[2m:[0m pooling idle connection for ("http", 192.168.0.14:8545)
[2m2025-12-10T10:11:40.537804Z[0m [34mDEBUG[0m [2methereum_transaction_pool_monitor::eth_client[0m[2m:[0m 📡 Transaction fetch RPC completed in 11.493917ms
[2m2025-12-10T10:11:40.604360Z[0m [34mDEBUG[0m [2methereum_transaction_pool_monitor::eth_client[0m[2m:[0m ✅ Transaction 0x86ed1fe7eb06d88c7a60d55ff0f2ef189456acc5c40d0469cc68c5f819451e56 fetched and parsed in 78.047167ms
[2m2025-12-10T10:11:40.604380Z[0m [34mDEBUG[0m [2methereum_transaction_pool_monitor::mempool_monitor[0m[2m:[0m 🔍 Skipping tx 0x86ed1fe7eb06d88c7a60d55ff0f2ef189456acc5c40d0469cc68c5f819451e56 - not a DEX interaction (target: 0x72f64C68d21657fd17Cae274f459437d08bb6A28)
[2m2025-12-10T10:11:40.604392Z[0m [34mDEBUG[0m [2methereum_transaction_pool_monitor::mempool_monitor[0m[2m:[0m 📨 Processing new pending transaction: 0x89c260e10fc8cb8c3e22eff7c2eb8143ef3d8a5516e4c2e92e56a0200441eda2
[2m2025-12-10T10:11:40.604399Z[0m [34mDEBUG[0m [2methereum_transaction_pool_monitor::mempool_monitor[0m[2m:[0m 🔍 Fetching transaction details for: 0x89c260e10fc8cb8c3e22eff7c2eb8143ef3d8a5516e4c2e92e56a0200441eda2
[2m2025-12-10T10:11:40.604405Z[0m [34mDEBUG[0m [2methereum_transaction_pool_monitor::eth_client[0m[2m:[0m 🔍 Fetching transaction details for hash: 0x89c260e10fc8cb8c3e22eff7c2eb8143ef3d8a5516e4c2e92e56a0200441eda2
[2m2025-12-10T10:11:40.604423Z[0m [34mDEBUG[0m [2mhyper::client::pool[0m[2m:[0m reuse idle connection for ("http", 192.168.0.14:8545)
[2m2025-12-10T10:11:40.604454Z[0m [34mDEBUG[0m [2mhyper::proto::h1::io[0m[2m:[0m flushed 250 bytes
[2m2025-12-10T10:11:40.604482Z[0m [34mDEBUG[0m [2mhyper::client::pool[0m[2m:[0m reuse idle connection for ("http", 192.168.0.14:8545)
[2m2025-12-10T10:11:40.604497Z[0m [34mDEBUG[0m [2mhyper::proto::h1::io[0m[2m:[0m flushed 172 bytes
[2m2025-12-10T10:11:40.611457Z[0m [34mDEBUG[0m [2mhyper::proto::h1::io[0m[2m:[0m parsed 4 headers
[2m2025-12-10T10:11:40.611479Z[0m [34mDEBUG[0m [2mhyper::proto::h1::conn[0m[2m:[0m incoming body is content-length (45 bytes)
[2m2025-12-10T10:11:40.611505Z[0m [34mDEBUG[0m [2mhyper::proto::h1::conn[0m[2m:[0m incoming body completed
[2m2025-12-10T10:11:40.611517Z[0m [34mDEBUG[0m [2mhyper::client::pool[0m[2m:[0m pooling idle connection for ("http", 192.168.0.14:8545)
[2m2025-12-10T10:11:40.611548Z[0m [34mDEBUG[0m [2mhyper::proto::h1::io[0m[2m:[0m parsed 4 headers
[2m2025-12-10T10:11:40.611552Z[0m [34mDEBUG[0m [2mhyper::proto::h1::conn[0m[2m:[0m incoming body is content-length (2150 bytes)
[2m2025-12-10T10:11:40.611556Z[0m [34mDEBUG[0m [2mhyper::proto::h1::conn[0m[2m:[0m incoming body completed
[2m2025-12-10T10:11:40.611560Z[0m [34mDEBUG[0m [2mhyper::client::pool[0m[2m:[0m pooling idle connection for ("http", 192.168.0.14:8545)
[2m2025-12-10T10:11:40.611564Z[0m [34mDEBUG[0m [2methereum_transaction_pool_monitor::eth_client[0m[2m:[0m 📡 Transaction fetch RPC completed in 7.15225ms
[2m2025-12-10T10:11:40.682096Z[0m [34mDEBUG[0m [2methereum_transaction_pool_monitor::eth_client[0m[2m:[0m ✅ Transaction 0x89c260e10fc8cb8c3e22eff7c2eb8143ef3d8a5516e4c2e92e56a0200441eda2 fetched and parsed in 77.682ms
[2m2025-12-10T10:11:40.682125Z[0m [34mDEBUG[0m [2methereum_transaction_pool_monitor::mempool_monitor[0m[2m:[0m 🔍 Skipping tx 0x89c260e10fc8cb8c3e22eff7c2eb8143ef3d8a5516e4c2e92e56a0200441eda2 - not a DEX interaction (target: 0xFc27CD13b432805F47c90A16646d402566BD3143)
[2m2025-12-10T10:11:40.699385Z[0m [34mDEBUG[0m [2mhyper::client::pool[0m[2m:[0m reuse idle connection for ("http", 192.168.0.14:8545)
[2m2025-12-10T10:11:40.699448Z[0m [34mDEBUG[0m [2mhyper::proto::h1::io[0m[2m:[0m flushed 172 bytes
[2m2025-12-10T10:11:40.704048Z[0m [34mDEBUG[0m [2mhyper::proto::h1::io[0m[2m:[0m parsed 4 headers
[2m2025-12-10T10:11:40.704071Z[0m [34mDEBUG[0m [2mhyper::proto::h1::conn[0m[2m:[0m incoming body is content-length (45 bytes)
[2m2025-12-10T10:11:40.704096Z[0m [34mDEBUG[0m [2mhyper::proto::h1::conn[0m[2m:[0m incoming body completed
[2m2025-12-10T10:11:40.704122Z[0m [34mDEBUG[0m [2mhyper::client::pool[0m[2m:[0m pooling idle connection for ("http", 192.168.0.14:8545)
[2m2025-12-10T10:11:40.799192Z[0m [34mDEBUG[0m [2mhyper::client::pool[0m[2m:[0m reuse idle connection for ("http", 192.168.0.14:8545)
[2m2025-12-10T10:11:40.799224Z[0m [34mDEBUG[0m [2mhyper::proto::h1::io[0m[2m:[0m flushed 172 bytes
[2m2025-12-10T10:11:40.804519Z[0m [34mDEBUG[0m [2mhyper::proto::h1::io[0m[2m:[0m parsed 4 headers
[2m2025-12-10T10:11:40.804525Z[0m [34mDEBUG[0m [2mhyper::proto::h1::conn[0m[2m:[0m incoming body is content-length (45 bytes)
[2m2025-12-10T10:11:40.804532Z[0m [34mDEBUG[0m [2mhyper::proto::h1::conn[0m[2m:[0m incoming body completed
[2m2025-12-10T10:11:40.804540Z[0m [34mDEBUG[0m [2mhyper::client::pool[0m[2m:[0m pooling idle connection for ("http", 192.168.0.14:8545)
[2m2025-12-10T10:11:40.897966Z[0m [34mDEBUG[0m [2mhyper::client::pool[0m[2m:[0m reuse idle connection for ("http", 192.168.0.14:8545)
[2m2025-12-10T10:11:40.898018Z[0m [34mDEBUG[0m [2mhyper::proto::h1::io[0m[2m:[0m flushed 172 bytes
[2m2025-12-10T10:11:40.903956Z[0m [34mDEBUG[0m [2mhyper::proto::h1::io[0m[2m:[0m parsed 4 headers
[2m2025-12-10T10:11:40.903974Z[0m [34mDEBUG[0m [2mhyper::proto::h1::conn[0m[2m:[0m incoming body is content-length (45 bytes)
[2m2025-12-10T10:11:40.903986Z[0m [34mDEBUG[0m [2mhyper::proto::h1::conn[0m[2m:[0m incoming body completed
[2m2025-12-10T10:11:40.903998Z[0m [34mDEBUG[0m [2mhyper::client::pool[0m[2m:[0m pooling idle connection for ("http", 192.168.0.14:8545)
[2m2025-12-10T10:11:40.938652Z[0m [34mDEBUG[0m [2methereum_transaction_pool_monitor::eth_client[0m[2m:[0m 📨 Received WebSocket message: {"jsonrpc":"2.0","method":"eth_subscription","params":{"subscription":"0xbed0a0851463e895960a451075a301a9","result":"0x886d85f2583e24eda80c3c2682b046ae04b502850227b8f8a21f334f9df7892e"}}
[2m2025-12-10T10:11:40.938711Z[0m [34mDEBUG[0m [2methereum_transaction_pool_monitor::eth_client[0m[2m:[0m 📨 Received pending transaction: 0x886d85f2583e24eda80c3c2682b046ae04b502850227b8f8a21f334f9df7892e
[2m2025-12-10T10:11:40.938730Z[0m [32m INFO[0m [2methereum_transaction_pool_monitor::eth_client[0m[2m:[0m 📊 WebSocket stats - Total: 2940 transactions, Rate: 13.2 tx/s
[2m2025-12-10T10:11:40.938752Z[0m [34mDEBUG[0m [2methereum_transaction_pool_monitor::mempool_monitor[0m[2m:[0m 📨 Processing new pending transaction: 0x886d85f2583e24eda80c3c2682b046ae04b502850227b8f8a21f334f9df7892e
[2m2025-12-10T10:11:40.938767Z[0m [34mDEBUG[0m [2methereum_transaction_pool_monitor::mempool_monitor[0m[2m:[0m 🔍 Fetching transaction details for: 0x886d85f2583e24eda80c3c2682b046ae04b502850227b8f8a21f334f9df7892e
[2m2025-12-10T10:11:40.938781Z[0m [34mDEBUG[0m [2methereum_transaction_pool_monitor::eth_client[0m[2m:[0m 🔍 Fetching transaction details for hash: 0x886d85f2583e24eda80c3c2682b046ae04b502850227b8f8a21f334f9df7892e
[2m2025-12-10T10:11:40.938822Z[0m [34mDEBUG[0m [2mhyper::client::pool[0m[2m:[0m reuse idle connection for ("http", 192.168.0.14:8545)
[2m2025-12-10T10:11:40.938883Z[0m [34mDEBUG[0m [2mhyper::proto::h1::io[0m[2m:[0m flushed 250 bytes
[2m2025-12-10T10:11:40.948700Z[0m [34mDEBUG[0m [2mhyper::proto::h1::io[0m[2m:[0m parsed 4 headers
[2m2025-12-10T10:11:40.948735Z[0m [34mDEBUG[0m [2mhyper::proto::h1::conn[0m[2m:[0m incoming body is content-length (1383 bytes)
[2m2025-12-10T10:11:40.948784Z[0m [34mDEBUG[0m [2methereum_transaction_pool_monitor::eth_client[0m[2m:[0m 📡 Transaction fetch RPC completed in 9.990291ms
[2m2025-12-10T10:11:40.949389Z[0m [34mDEBUG[0m [2mhyper::proto::h1::conn[0m[2m:[0m incoming body completed
[2m2025-12-10T10:11:40.949420Z[0m [34mDEBUG[0m [2mhyper::client::pool[0m[2m:[0m pooling idle connection for ("http", 192.168.0.14:8545)
[2m2025-12-10T10:11:40.999577Z[0m [34mDEBUG[0m [2mhyper::client::pool[0m[2m:[0m reuse idle connection for ("http", 192.168.0.14:8545)
[2m2025-12-10T10:11:40.999647Z[0m [34mDEBUG[0m [2mhyper::proto::h1::io[0m[2m:[0m flushed 172 bytes
[2m2025-12-10T10:11:41.003240Z[0m [34mDEBUG[0m [2mhyper::proto::h1::io[0m[2m:[0m parsed 4 headers
[2m2025-12-10T10:11:41.003257Z[0m [34mDEBUG[0m [2mhyper::proto::h1::conn[0m[2m:[0m incoming body is content-length (45 bytes)
[2m2025-12-10T10:11:41.003266Z[0m [34mDEBUG[0m [2mhyper::proto::h1::conn[0m[2m:[0m incoming body completed
[2m2025-12-10T10:11:41.003277Z[0m [34mDEBUG[0m [2mhyper::client::pool[0m[2m:[0m pooling idle connection for ("http", 192.168.0.14:8545)
[2m2025-12-10T10:11:41.006555Z[0m [34mDEBUG[0m [2methereum_transaction_pool_monitor::eth_client[0m[2m:[0m 📨 Received WebSocket message: {"jsonrpc":"2.0","method":"eth_subscription","params":{"subscription":"0xbed0a0851463e895960a451075a301a9","result":"0xd417ca642fe76568180576ec254cf10e0f8316837d98b820fb0ed090c5168203"}}
[2m2025-12-10T10:11:41.006576Z[0m [34mDEBUG[0m [2methereum_transaction_pool_monitor::eth_client[0m[2m:[0m 📨 Received pending transaction: 0xd417ca642fe76568180576ec254cf10e0f8316837d98b820fb0ed090c5168203
[2m2025-12-10T10:11:41.022503Z[0m [34mDEBUG[0m [2methereum_transaction_pool_monitor::eth_client[0m[2m:[0m 📨 Received WebSocket message: {"jsonrpc":"2.0","method":"eth_subscription","params":{"subscription":"0xbed0a0851463e895960a451075a301a9","result":"0x3e93d29943a842c542a02314fa2286f1ecc8f789730ebf24ca324fec21193e96"}}
[2m2025-12-10T10:11:41.022532Z[0m [34mDEBUG[0m [2methereum_transaction_pool_monitor::eth_client[0m[2m:[0m 📨 Received pending transaction: 0x3e93d29943a842c542a02314fa2286f1ecc8f789730ebf24ca324fec21193e96
[2m2025-12-10T10:11:41.043007Z[0m [34mDEBUG[0m [2methereum_transaction_pool_monitor::eth_client[0m[2m:[0m ✅ Transaction 0x886d85f2583e24eda80c3c2682b046ae04b502850227b8f8a21f334f9df7892e fetched and parsed in 104.2115ms
[2m2025-12-10T10:11:41.043032Z[0m [34mDEBUG[0m [2methereum_transaction_pool_monitor::mempool_monitor[0m[2m:[0m 🔍 Skipping tx 0x886d85f2583e24eda80c3c2682b046ae04b502850227b8f8a21f334f9df7892e - not a DEX interaction (target: 0xFc27CD13b432805F47c90A16646d402566BD3143)
[2m2025-12-10T10:11:41.043043Z[0m [34mDEBUG[0m [2methereum_transaction_pool_monitor::mempool_monitor[0m[2m:[0m 📨 Processing new pending transaction: 0xd417ca642fe76568180576ec254cf10e0f8316837d98b820fb0ed090c5168203
[2m2025-12-10T10:11:41.043049Z[0m [34mDEBUG[0m [2methereum_transaction_pool_monitor::mempool_monitor[0m[2m:[0m 🔍 Fetching transaction details for: 0xd417ca642fe76568180576ec254cf10e0f8316837d98b820fb0ed090c5168203
[2m2025-12-10T10:11:41.043052Z[0m [34mDEBUG[0m [2methereum_transaction_pool_monitor::eth_client[0m[2m:[0m 🔍 Fetching transaction details for hash: 0xd417ca642fe76568180576ec254cf10e0f8316837d98b820fb0ed090c5168203
[2m2025-12-10T10:11:41.043072Z[0m [34mDEBUG[0m [2mhyper::client::pool[0m[2m:[0m reuse idle connection for ("http", 192.168.0.14:8545)
[2m2025-12-10T10:11:41.043095Z[0m [34mDEBUG[0m [2mhyper::proto::h1::io[0m[2m:[0m flushed 250 bytes
[2m2025-12-10T10:11:41.052504Z[0m [34mDEBUG[0m [2mhyper::proto::h1::io[0m[2m:[0m parsed 4 headers
[2m2025-12-10T10:11:41.052513Z[0m [34mDEBUG[0m [2mhyper::proto::h1::conn[0m[2m:[0m incoming body is content-length (647 bytes)
[2m2025-12-10T10:11:41.052520Z[0m [34mDEBUG[0m [2mhyper::proto::h1::conn[0m[2m:[0m incoming body completed
[2m2025-12-10T10:11:41.052530Z[0m [34mDEBUG[0m [2mhyper::client::pool[0m[2m:[0m pooling idle connection for ("http", 192.168.0.14:8545)
[2m2025-12-10T10:11:41.052537Z[0m [34mDEBUG[0m [2methereum_transaction_pool_monitor::eth_client[0m[2m:[0m 📡 Transaction fetch RPC completed in 9.480166ms
[2m2025-12-10T10:11:41.123975Z[0m [34mDEBUG[0m [2methereum_transaction_pool_monitor::eth_client[0m[2m:[0m ✅ Transaction 0xd417ca642fe76568180576ec254cf10e0f8316837d98b820fb0ed090c5168203 fetched and parsed in 80.915916ms
[2m2025-12-10T10:11:41.124001Z[0m [34mDEBUG[0m [2methereum_transaction_pool_monitor::mempool_monitor[0m[2m:[0m 🔍 Skipping tx 0xd417ca642fe76568180576ec254cf10e0f8316837d98b820fb0ed090c5168203 - not a DEX interaction (target: 0x2Bb8e9e7F0C6c3576a7c7310F721779b983308D3)
[2m2025-12-10T10:11:41.124017Z[0m [34mDEBUG[0m [2methereum_transaction_pool_monitor::mempool_monitor[0m[2m:[0m 📨 Processing new pending transaction: 0x3e93d29943a842c542a02314fa2286f1ecc8f789730ebf24ca324fec21193e96
[2m2025-12-10T10:11:41.124026Z[0m [34mDEBUG[0m [2methereum_transaction_pool_monitor::mempool_monitor[0m[2m:[0m 🔍 Fetching transaction details for: 0x3e93d29943a842c542a02314fa2286f1ecc8f789730ebf24ca324fec21193e96
[2m2025-12-10T10:11:41.124032Z[0m [34mDEBUG[0m [2methereum_transaction_pool_monitor::eth_client[0m[2m:[0m 🔍 Fetching transaction details for hash: 0x3e93d29943a842c542a02314fa2286f1ecc8f789730ebf24ca324fec21193e96
[2m2025-12-10T10:11:41.124052Z[0m [34mDEBUG[0m [2mhyper::client::pool[0m[2m:[0m reuse idle connection for ("http", 192.168.0.14:8545)
[2m2025-12-10T10:11:41.124088Z[0m [34mDEBUG[0m [2mhyper::proto::h1::io[0m[2m:[0m flushed 250 bytes
[2m2025-12-10T10:11:41.124123Z[0m [34mDEBUG[0m [2mhyper::client::pool[0m[2m:[0m reuse idle connection for ("http", 192.168.0.14:8545)
[2m2025-12-10T10:11:41.124139Z[0m [34mDEBUG[0m [2mhyper::proto::h1::io[0m[2m:[0m flushed 172 bytes
[2m2025-12-10T10:11:41.127990Z[0m [34mDEBUG[0m [2mhyper::proto::h1::io[0m[2m:[0m parsed 4 headers
[2m2025-12-10T10:11:41.127999Z[0m [34mDEBUG[0m [2mhyper::proto::h1::conn[0m[2m:[0m incoming body is content-length (774 bytes)
[2m2025-12-10T10:11:41.128006Z[0m [34mDEBUG[0m [2mhyper::proto::h1::conn[0m[2m:[0m incoming body completed
[2m2025-12-10T10:11:41.128015Z[0m [34mDEBUG[0m [2mhyper::client::pool[0m[2m:[0m pooling idle connection for ("http", 192.168.0.14:8545)
[2m2025-12-10T10:11:41.128022Z[0m [34mDEBUG[0m [2methereum_transaction_pool_monitor::eth_client[0m[2m:[0m 📡 Transaction fetch RPC completed in 3.983459ms
[2m2025-12-10T10:11:41.128036Z[0m [34mDEBUG[0m [2methereum_transaction_pool_monitor::eth_client[0m[2m:[0m DeFi transaction detected - Address: 0xdac17f958d2ee523a2206206994597c13d831ec7, Type: Stablecoin, Value: 0 ETH, Gas: 1.00 Gwei
[2m2025-12-10T10:11:41.128049Z[0m [34mDEBUG[0m [2methereum_transaction_pool_monitor::eth_client[0m[2m:[0m ✅ Transaction 0x3e93d29943a842c542a02314fa2286f1ecc8f789730ebf24ca324fec21193e96 fetched and parsed in 4.010459ms
[2m2025-12-10T10:11:41.128055Z[0m [34mDEBUG[0m [2methereum_transaction_pool_monitor::mempool_monitor[0m[2m:[0m 🔍 Skipping tx 0x3e93d29943a842c542a02314fa2286f1ecc8f789730ebf24ca324fec21193e96 - not a DEX interaction (target: 0xdAC17F958D2ee523a2206206994597C13D831ec7)
[2m2025-12-10T10:11:41.128069Z[0m [34mDEBUG[0m [2mhyper::proto::h1::io[0m[2m:[0m parsed 4 headers
[2m2025-12-10T10:11:41.128072Z[0m [34mDEBUG[0m [2mhyper::proto::h1::conn[0m[2m:[0m incoming body is content-length (45 bytes)
[2m2025-12-10T10:11:41.128076Z[0m [34mDEBUG[0m [2mhyper::proto::h1::conn[0m[2m:[0m incoming body completed
[2m2025-12-10T10:11:41.128081Z[0m [34mDEBUG[0m [2mhyper::client::pool[0m[2m:[0m pooling idle connection for ("http", 192.168.0.14:8545)
[2m2025-12-10T10:11:41.199502Z[0m [34mDEBUG[0m [2mhyper::client::pool[0m[2m:[0m reuse idle connection for ("http", 192.168.0.14:8545)
[2m2025-12-10T10:11:41.199561Z[0m [34mDEBUG[0m [2mhyper::proto::h1::io[0m[2m:[0m flushed 172 bytes
[2m2025-12-10T10:11:41.203141Z[0m [34mDEBUG[0m [2mhyper::proto::h1::io[0m[2m:[0m parsed 4 headers
[2m2025-12-10T10:11:41.203152Z[0m [34mDEBUG[0m [2mhyper::proto::h1::conn[0m[2m:[0m incoming body is content-length (45 bytes)
[2m2025-12-10T10:11:41.203161Z[0m [34mDEBUG[0m [2mhyper::proto::h1::conn[0m[2m:[0m incoming body completed
[2m2025-12-10T10:11:41.203173Z[0m [34mDEBUG[0m [2mhyper::client::pool[0m[2m:[0m pooling idle connection for ("http", 192.168.0.14:8545)
[2m2025-12-10T10:11:41.212535Z[0m [34mDEBUG[0m [2methereum_transaction_pool_monitor::eth_client[0m[2m:[0m 📨 Received WebSocket message: {"jsonrpc":"2.0","method":"eth_subscription","params":{"subscription":"0xbed0a0851463e895960a451075a301a9","result":"0x1273aefd334290eacc80be9f1317a0c08bb315882921fb14525dea241d7682d7"}}
[2m2025-12-10T10:11:41.212551Z[0m [34mDEBUG[0m [2methereum_transaction_pool_monitor::eth_client[0m[2m:[0m 📨 Received pending transaction: 0x1273aefd334290eacc80be9f1317a0c08bb315882921fb14525dea241d7682d7
[2m2025-12-10T10:11:41.212558Z[0m [34mDEBUG[0m [2methereum_transaction_pool_monitor::mempool_monitor[0m[2m:[0m 📨 Processing new pending transaction: 0x1273aefd334290eacc80be9f1317a0c08bb315882921fb14525dea241d7682d7
[2m2025-12-10T10:11:41.212562Z[0m [34mDEBUG[0m [2methereum_transaction_pool_monitor::mempool_monitor[0m[2m:[0m 🔍 Fetching transaction details for: 0x1273aefd334290eacc80be9f1317a0c08bb315882921fb14525dea241d7682d7
[2m2025-12-10T10:11:41.212566Z[0m [34mDEBUG[0m [2methereum_transaction_pool_monitor::eth_client[0m[2m:[0m 🔍 Fetching transaction details for hash: 0x1273aefd334290eacc80be9f1317a0c08bb315882921fb14525dea241d7682d7
[2m2025-12-10T10:11:41.212580Z[0m [34mDEBUG[0m [2mhyper::client::pool[0m[2m:[0m reuse idle connection for ("http", 192.168.0.14:8545)
[2m2025-12-10T10:11:41.212605Z[0m [34mDEBUG[0m [2mhyper::proto::h1::io[0m[2m:[0m flushed 250 bytes
[2m2025-12-10T10:11:41.216205Z[0m [34mDEBUG[0m [2mhyper::proto::h1::io[0m[2m:[0m parsed 4 headers
[2m2025-12-10T10:11:41.216213Z[0m [34mDEBUG[0m [2mhyper::proto::h1::conn[0m[2m:[0m incoming body is content-length (767 bytes)
[2m2025-12-10T10:11:41.216219Z[0m [34mDEBUG[0m [2mhyper::proto::h1::conn[0m[2m:[0m incoming body completed
[2m2025-12-10T10:11:41.216228Z[0m [34mDEBUG[0m [2mhyper::client::pool[0m[2m:[0m pooling idle connection for ("http", 192.168.0.14:8545)
[2m2025-12-10T10:11:41.216234Z[0m [34mDEBUG[0m [2methereum_transaction_pool_monitor::eth_client[0m[2m:[0m 📡 Transaction fetch RPC completed in 3.664625ms
[2m2025-12-10T10:11:41.216249Z[0m [34mDEBUG[0m [2methereum_transaction_pool_monitor::eth_client[0m[2m:[0m DeFi transaction detected - Address: 0xdac17f958d2ee523a2206206994597c13d831ec7, Type: Stablecoin, Value: 0 ETH, Gas: 0.29 Gwei
[2m2025-12-10T10:11:41.216261Z[0m [34mDEBUG[0m [2methereum_transaction_pool_monitor::eth_client[0m[2m:[0m ✅ Transaction 0x1273aefd334290eacc80be9f1317a0c08bb315882921fb14525dea241d7682d7 fetched and parsed in 3.692042ms
[2m2025-12-10T10:11:41.216267Z[0m [34mDEBUG[0m [2methereum_transaction_pool_monitor::mempool_monitor[0m[2m:[0m 🔍 Skipping tx 0x1273aefd334290eacc80be9f1317a0c08bb315882921fb14525dea241d7682d7 - not a DEX interaction (target: 0xdAC17F958D2ee523a2206206994597C13D831ec7)
[2m2025-12-10T10:11:41.299341Z[0m [34mDEBUG[0m [2mhyper::client::pool[0m[2m:[0m reuse idle connection for ("http", 192.168.0.14:8545)
[2m2025-12-10T10:11:41.299454Z[0m [34mDEBUG[0m [2mhyper::proto::h1::io[0m[2m:[0m flushed 172 bytes
[2m2025-12-10T10:11:41.302631Z[0m [34mDEBUG[0m [2mhyper::proto::h1::io[0m[2m:[0m parsed 4 headers
[2m2025-12-10T10:11:41.302643Z[0m [34mDEBUG[0m [2mhyper::proto::h1::conn[0m[2m:[0m incoming body is content-length (45 bytes)
[2m2025-12-10T10:11:41.302651Z[0m [34mDEBUG[0m [2mhyper::proto::h1::conn[0m[2m:[0m incoming body completed
[2m2025-12-10T10:11:41.302659Z[0m [34mDEBUG[0m [2mhyper::client::pool[0m[2m:[0m pooling idle connection for ("http", 192.168.0.14:8545)
[2m2025-12-10T10:11:41.347287Z[0m [34mDEBUG[0m [2methereum_transaction_pool_monitor::eth_client[0m[2m:[0m 📨 Received WebSocket message: {"jsonrpc":"2.0","method":"eth_subscription","params":{"subscription":"0xbed0a0851463e895960a451075a301a9","result":"0xa205332d07ef66375f30a95c11c9b112f5834836bfa53fc0fabe5b433c2e0931"}}
[2m2025-12-10T10:11:41.347386Z[0m [34mDEBUG[0m [2methereum_transaction_pool_monitor::eth_client[0m[2m:[0m 📨 Received pending transaction: 0xa205332d07ef66375f30a95c11c9b112f5834836bfa53fc0fabe5b433c2e0931
[2m2025-12-10T10:11:41.347426Z[0m [34mDEBUG[0m [2methereum_transaction_pool_monitor::mempool_monitor[0m[2m:[0m 📨 Processing new pending transaction: 0xa205332d07ef66375f30a95c11c9b112f5834836bfa53fc0fabe5b433c2e0931
[2m2025-12-10T10:11:41.347454Z[0m [34mDEBUG[0m [2methereum_transaction_pool_monitor::mempool_monitor[0m[2m:[0m 🔍 Fetching transaction details for: 0xa205332d07ef66375f30a95c11c9b112f5834836bfa53fc0fabe5b433c2e0931
[2m2025-12-10T10:11:41.347478Z[0m [34mDEBUG[0m [2methereum_transaction_pool_monitor::eth_client[0m[2m:[0m 🔍 Fetching transaction details for hash: 0xa205332d07ef66375f30a95c11c9b112f5834836bfa53fc0fabe5b433c2e0931
[2m2025-12-10T10:11:41.347565Z[0m [34mDEBUG[0m [2mhyper::client::pool[0m[2m:[0m reuse idle connection for ("http", 192.168.0.14:8545)
[2m2025-12-10T10:11:41.347670Z[0m [34mDEBUG[0m [2mhyper::proto::h1::io[0m[2m:[0m flushed 250 bytes
[2m2025-12-10T10:11:41.356285Z[0m [34mDEBUG[0m [2mhyper::proto::h1::io[0m[2m:[0m parsed 4 headers
[2m2025-12-10T10:11:41.356331Z[0m [34mDEBUG[0m [2mhyper::proto::h1::conn[0m[2m:[0m incoming body is content-length (830 bytes)
[2m2025-12-10T10:11:41.356364Z[0m [34mDEBUG[0m [2mhyper::proto::h1::conn[0m[2m:[0m incoming body completed
[2m2025-12-10T10:11:41.356401Z[0m [34mDEBUG[0m [2mhyper::client::pool[0m[2m:[0m pooling idle connection for ("http", 192.168.0.14:8545)
[2m2025-12-10T10:11:41.356432Z[0m [34mDEBUG[0m [2methereum_transaction_pool_monitor::eth_client[0m[2m:[0m 📡 Transaction fetch RPC completed in 8.930916ms
[2m2025-12-10T10:11:41.447798Z[0m [34mDEBUG[0m [2methereum_transaction_pool_monitor::eth_client[0m[2m:[0m ✅ Transaction 0xa205332d07ef66375f30a95c11c9b112f5834836bfa53fc0fabe5b433c2e0931 fetched and parsed in 100.294291ms
[2m2025-12-10T10:11:41.447823Z[0m [34mDEBUG[0m [2methereum_transaction_pool_monitor::mempool_monitor[0m[2m:[0m 🔍 Skipping tx 0xa205332d07ef66375f30a95c11c9b112f5834836bfa53fc0fabe5b433c2e0931 - not a DEX interaction (target: 0x3B4D794a66304F130a4Db8F2551B0070dfCf5ca7)
[2m2025-12-10T10:11:41.447858Z[0m [34mDEBUG[0m [2mhyper::client::pool[0m[2m:[0m reuse idle connection for ("http", 192.168.0.14:8545)
[2m2025-12-10T10:11:41.447892Z[0m [34mDEBUG[0m [2mhyper::proto::h1::io[0m[2m:[0m flushed 172 bytes
[2m2025-12-10T10:11:41.447924Z[0m [34mDEBUG[0m [2methereum_transaction_pool_monitor::eth_client[0m[2m:[0m 📨 Received WebSocket message: {"jsonrpc":"2.0","method":"eth_subscription","params":{"subscription":"0xbed0a0851463e895960a451075a301a9","result":"0xaa6f4386a30466ae061c421727ada7d9c6365ebe4d0f3fe6462ebc95ac802a2e"}}
[2m2025-12-10T10:11:41.447933Z[0m [34mDEBUG[0m [2methereum_transaction_pool_monitor::eth_client[0m[2m:[0m 📨 Received pending transaction: 0xaa6f4386a30466ae061c421727ada7d9c6365ebe4d0f3fe6462ebc95ac802a2e
[2m2025-12-10T10:11:41.447939Z[0m [34mDEBUG[0m [2methereum_transaction_pool_monitor::eth_client[0m[2m:[0m 📨 Received WebSocket message: {"jsonrpc":"2.0","method":"eth_subscription","params":{"subscription":"0xbed0a0851463e895960a451075a301a9","result":"0x573c142f1f7baa4d82203da5b129be9a912bb9faa7488330e935f8b219a362d1"}}
[2m2025-12-10T10:11:41.447944Z[0m [34mDEBUG[0m [2methereum_transaction_pool_monitor::eth_client[0m[2m:[0m 📨 Received pending transaction: 0x573c142f1f7baa4d82203da5b129be9a912bb9faa7488330e935f8b219a362d1
[2m2025-12-10T10:11:41.447953Z[0m [34mDEBUG[0m [2methereum_transaction_pool_monitor::mempool_monitor[0m[2m:[0m 📨 Processing new pending transaction: 0xaa6f4386a30466ae061c421727ada7d9c6365ebe4d0f3fe6462ebc95ac802a2e
[2m2025-12-10T10:11:41.447958Z[0m [34mDEBUG[0m [2methereum_transaction_pool_monitor::mempool_monitor[0m[2m:[0m 🔍 Fetching transaction details for: 0xaa6f4386a30466ae061c421727ada7d9c6365ebe4d0f3fe6462ebc95ac802a2e
[2m2025-12-10T10:11:41.448194Z[0m [34mDEBUG[0m [2methereum_transaction_pool_monitor::eth_client[0m[2m:[0m 🔍 Fetching transaction details for hash: 0xaa6f4386a30466ae061c421727ada7d9c6365ebe4d0f3fe6462ebc95ac802a2e
[2m2025-12-10T10:11:41.448209Z[0m [34mDEBUG[0m [2mhyper::client::pool[0m[2m:[0m reuse idle connection for ("http", 192.168.0.14:8545)
[2m2025-12-10T10:11:41.448226Z[0m [34mDEBUG[0m [2mhyper::proto::h1::io[0m[2m:[0m flushed 250 bytes
[2m2025-12-10T10:11:41.450824Z[0m [34mDEBUG[0m [2mhyper::proto::h1::io[0m[2m:[0m parsed 4 headers
[2m2025-12-10T10:11:41.454171Z[0m [34mDEBUG[0m [2mhyper::proto::h1::conn[0m[2m:[0m incoming body is content-length (45 bytes)
[2m2025-12-10T10:11:41.454182Z[0m [34mDEBUG[0m [2mhyper::proto::h1::conn[0m[2m:[0m incoming body completed
[2m2025-12-10T10:11:41.454195Z[0m [34mDEBUG[0m [2mhyper::client::pool[0m[2m:[0m pooling idle connection for ("http", 192.168.0.14:8545)
[2m2025-12-10T10:11:41.454496Z[0m [34mDEBUG[0m [2mhyper::proto::h1::io[0m[2m:[0m parsed 4 headers
[2m2025-12-10T10:11:41.454501Z[0m [34mDEBUG[0m [2mhyper::proto::h1::conn[0m[2m:[0m incoming body is content-length (838 bytes)
[2m2025-12-10T10:11:41.454506Z[0m [34mDEBUG[0m [2mhyper::proto::h1::conn[0m[2m:[0m incoming body completed
[2m2025-12-10T10:11:41.454512Z[0m [34mDEBUG[0m [2mhyper::client::pool[0m[2m:[0m pooling idle connection for ("http", 192.168.0.14:8545)
[2m2025-12-10T10:11:41.454516Z[0m [34mDEBUG[0m [2methereum_transaction_pool_monitor::eth_client[0m[2m:[0m 📡 Transaction fetch RPC completed in 6.31425ms
[2m2025-12-10T10:11:41.526619Z[0m [34mDEBUG[0m [2methereum_transaction_pool_monitor::eth_client[0m[2m:[0m ✅ Transaction 0xaa6f4386a30466ae061c421727ada7d9c6365ebe4d0f3fe6462ebc95ac802a2e fetched and parsed in 78.414542ms
[2m2025-12-10T10:11:41.526645Z[0m [34mDEBUG[0m [2methereum_transaction_pool_monitor::mempool_monitor[0m[2m:[0m 🔍 Skipping tx 0xaa6f4386a30466ae061c421727ada7d9c6365ebe4d0f3fe6462ebc95ac802a2e - not a DEX interaction (target: 0xA0b86991c6218b36c1d19D4a2e9Eb0cE3606eB48)
[2m2025-12-10T10:11:41.526655Z[0m [34mDEBUG[0m [2methereum_transaction_pool_monitor::mempool_monitor[0m[2m:[0m 📨 Processing new pending transaction: 0x573c142f1f7baa4d82203da5b129be9a912bb9faa7488330e935f8b219a362d1
[2m2025-12-10T10:11:41.526660Z[0m [34mDEBUG[0m [2methereum_transaction_pool_monitor::mempool_monitor[0m[2m:[0m 🔍 Fetching transaction details for: 0x573c142f1f7baa4d82203da5b129be9a912bb9faa7488330e935f8b219a362d1
[2m2025-12-10T10:11:41.526664Z[0m [34mDEBUG[0m [2methereum_transaction_pool_monitor::eth_client[0m[2m:[0m 🔍 Fetching transaction details for hash: 0x573c142f1f7baa4d82203da5b129be9a912bb9faa7488330e935f8b219a362d1
[2m2025-12-10T10:11:41.526683Z[0m [34mDEBUG[0m [2mhyper::client::pool[0m[2m:[0m reuse idle connection for ("http", 192.168.0.14:8545)
[2m2025-12-10T10:11:41.526721Z[0m [34mDEBUG[0m [2mhyper::proto::h1::io[0m[2m:[0m flushed 250 bytes
[2m2025-12-10T10:11:41.526753Z[0m [34mDEBUG[0m [2mhyper::client::pool[0m[2m:[0m reuse idle connection for ("http", 192.168.0.14:8545)
[2m2025-12-10T10:11:41.526773Z[0m [34mDEBUG[0m [2mhyper::proto::h1::io[0m[2m:[0m flushed 172 bytes
[2m2025-12-10T10:11:41.528515Z[0m [34mDEBUG[0m [2methereum_transaction_pool_monitor::eth_client[0m[2m:[0m 📨 Received WebSocket message: {"jsonrpc":"2.0","method":"eth_subscription","params":{"subscription":"0xbed0a0851463e895960a451075a301a9","result":"0x30443dc5553582dbbf92371a246533db74257747f8cef9e87d71c0ab433ec429"}}
[2m2025-12-10T10:11:41.528531Z[0m [34mDEBUG[0m [2methereum_transaction_pool_monitor::eth_client[0m[2m:[0m 📨 Received pending transaction: 0x30443dc5553582dbbf92371a246533db74257747f8cef9e87d71c0ab433ec429
[2m2025-12-10T10:11:41.530000Z[0m [34mDEBUG[0m [2mhyper::proto::h1::io[0m[2m:[0m parsed 4 headers
[2m2025-12-10T10:11:41.530009Z[0m [34mDEBUG[0m [2mhyper::proto::h1::conn[0m[2m:[0m incoming body is content-length (45 bytes)
[2m2025-12-10T10:11:41.530020Z[0m [34mDEBUG[0m [2mhyper::proto::h1::conn[0m[2m:[0m incoming body completed
[2m2025-12-10T10:11:41.530034Z[0m [34mDEBUG[0m [2mhyper::client::pool[0m[2m:[0m pooling idle connection for ("http", 192.168.0.14:8545)
[2m2025-12-10T10:11:41.535874Z[0m [34mDEBUG[0m [2mhyper::proto::h1::io[0m[2m:[0m parsed 4 headers
[2m2025-12-10T10:11:41.535880Z[0m [34mDEBUG[0m [2mhyper::proto::h1::conn[0m[2m:[0m incoming body is content-length (583 bytes)
[2m2025-12-10T10:11:41.535885Z[0m [34mDEBUG[0m [2mhyper::proto::h1::conn[0m[2m:[0m incoming body completed
[2m2025-12-10T10:11:41.535892Z[0m [34mDEBUG[0m [2mhyper::client::pool[0m[2m:[0m pooling idle connection for ("http", 192.168.0.14:8545)
[2m2025-12-10T10:11:41.535897Z[0m [34mDEBUG[0m [2methereum_transaction_pool_monitor::eth_client[0m[2m:[0m 📡 Transaction fetch RPC completed in 9.2285ms
[2m2025-12-10T10:11:41.607108Z[0m [34mDEBUG[0m [2methereum_transaction_pool_monitor::eth_client[0m[2m:[0m ✅ Transaction 0x573c142f1f7baa4d82203da5b129be9a912bb9faa7488330e935f8b219a362d1 fetched and parsed in 80.4375ms
[2m2025-12-10T10:11:41.607137Z[0m [34mDEBUG[0m [2methereum_transaction_pool_monitor::mempool_monitor[0m[2m:[0m 🔍 Skipping tx 0x573c142f1f7baa4d82203da5b129be9a912bb9faa7488330e935f8b219a362d1 - not a DEX interaction (target: 0x516755968509E11e91dBE62F365600A17e27050C)
[2m2025-12-10T10:11:41.607150Z[0m [34mDEBUG[0m [2methereum_transaction_pool_monitor::mempool_monitor[0m[2m:[0m 📨 Processing new pending transaction: 0x30443dc5553582dbbf92371a246533db74257747f8cef9e87d71c0ab433ec429
[2m2025-12-10T10:11:41.607156Z[0m [34mDEBUG[0m [2methereum_transaction_pool_monitor::mempool_monitor[0m[2m:[0m 🔍 Fetching transaction details for: 0x30443dc5553582dbbf92371a246533db74257747f8cef9e87d71c0ab433ec429
[2m2025-12-10T10:11:41.607164Z[0m [34mDEBUG[0m [2methereum_transaction_pool_monitor::eth_client[0m[2m:[0m 🔍 Fetching transaction details for hash: 0x30443dc5553582dbbf92371a246533db74257747f8cef9e87d71c0ab433ec429
[2m2025-12-10T10:11:41.607183Z[0m [34mDEBUG[0m [2mhyper::client::pool[0m[2m:[0m reuse idle connection for ("http", 192.168.0.14:8545)
[2m2025-12-10T10:11:41.607222Z[0m [34mDEBUG[0m [2mhyper::proto::h1::io[0m[2m:[0m flushed 250 bytes
[2m2025-12-10T10:11:41.607240Z[0m [34mDEBUG[0m [2mhyper::client::pool[0m[2m:[0m reuse idle connection for ("http", 192.168.0.14:8545)
[2m2025-12-10T10:11:41.607253Z[0m [34mDEBUG[0m [2mhyper::proto::h1::io[0m[2m:[0m flushed 172 bytes
[2m2025-12-10T10:11:41.607289Z[0m [34mDEBUG[0m [2methereum_transaction_pool_monitor::eth_client[0m[2m:[0m 📨 Received WebSocket message: {"jsonrpc":"2.0","method":"eth_subscription","params":{"subscription":"0xbed0a0851463e895960a451075a301a9","result":"0x43686ef2759c8fa610734910cd0d4bd775ff341813cd9998944c1ec181397d6e"}}
[2m2025-12-10T10:11:41.607296Z[0m [34mDEBUG[0m [2methereum_transaction_pool_monitor::eth_client[0m[2m:[0m 📨 Received pending transaction: 0x43686ef2759c8fa610734910cd0d4bd775ff341813cd9998944c1ec181397d6e
[2m2025-12-10T10:11:41.607301Z[0m [34mDEBUG[0m [2methereum_transaction_pool_monitor::eth_client[0m[2m:[0m 📨 Received WebSocket message: {"jsonrpc":"2.0","method":"eth_subscription","params":{"subscription":"0xbed0a0851463e895960a451075a301a9","result":"0xf11087187f894af085ad1badd3e1597dfd4d333b2687fb784e7f6ed982644a30"}}
[2m2025-12-10T10:11:41.607305Z[0m [34mDEBUG[0m [2methereum_transaction_pool_monitor::eth_client[0m[2m:[0m 📨 Received pending transaction: 0xf11087187f894af085ad1badd3e1597dfd4d333b2687fb784e7f6ed982644a30
[2m2025-12-10T10:11:41.610763Z[0m [34mDEBUG[0m [2mhyper::proto::h1::io[0m[2m:[0m parsed 4 headers
[2m2025-12-10T10:11:41.610773Z[0m [34mDEBUG[0m [2mhyper::proto::h1::conn[0m[2m:[0m incoming body is content-length (45 bytes)
[2m2025-12-10T10:11:41.610780Z[0m [34mDEBUG[0m [2mhyper::proto::h1::conn[0m[2m:[0m incoming body completed
[2m2025-12-10T10:11:41.610787Z[0m [34mDEBUG[0m [2mhyper::client::pool[0m[2m:[0m pooling idle connection for ("http", 192.168.0.14:8545)
[2m2025-12-10T10:11:41.611405Z[0m [34mDEBUG[0m [2mhyper::proto::h1::io[0m[2m:[0m parsed 4 headers
[2m2025-12-10T10:11:41.611411Z[0m [34mDEBUG[0m [2mhyper::proto::h1::conn[0m[2m:[0m incoming body is content-length (647 bytes)
[2m2025-12-10T10:11:41.611416Z[0m [34mDEBUG[0m [2mhyper::proto::h1::conn[0m[2m:[0m incoming body completed
[2m2025-12-10T10:11:41.611423Z[0m [34mDEBUG[0m [2mhyper::client::pool[0m[2m:[0m pooling idle connection for ("http", 192.168.0.14:8545)
[2m2025-12-10T10:11:41.611429Z[0m [34mDEBUG[0m [2methereum_transaction_pool_monitor::eth_client[0m[2m:[0m 📡 Transaction fetch RPC completed in 4.259625ms
[2m2025-12-10T10:11:41.683387Z[0m [34mDEBUG[0m [2methereum_transaction_pool_monitor::eth_client[0m[2m:[0m ✅ Transaction 0x30443dc5553582dbbf92371a246533db74257747f8cef9e87d71c0ab433ec429 fetched and parsed in 76.214584ms
[2m2025-12-10T10:11:41.683417Z[0m [34mDEBUG[0m [2methereum_transaction_pool_monitor::mempool_monitor[0m[2m:[0m 🔍 Skipping tx 0x30443dc5553582dbbf92371a246533db74257747f8cef9e87d71c0ab433ec429 - not a DEX interaction (target: 0x2e7F2740a839231c41cfde0d531828df312bea04)
[2m2025-12-10T10:11:41.683430Z[0m [34mDEBUG[0m [2methereum_transaction_pool_monitor::mempool_monitor[0m[2m:[0m 📨 Processing new pending transaction: 0x43686ef2759c8fa610734910cd0d4bd775ff341813cd9998944c1ec181397d6e
[2m2025-12-10T10:11:41.683440Z[0m [34mDEBUG[0m [2methereum_transaction_pool_monitor::mempool_monitor[0m[2m:[0m 🔍 Fetching transaction details for: 0x43686ef2759c8fa610734910cd0d4bd775ff341813cd9998944c1ec181397d6e
[2m2025-12-10T10:11:41.683445Z[0m [34mDEBUG[0m [2methereum_transaction_pool_monitor::eth_client[0m[2m:[0m 🔍 Fetching transaction details for hash: 0x43686ef2759c8fa610734910cd0d4bd775ff341813cd9998944c1ec181397d6e
[2m2025-12-10T10:11:41.683464Z[0m [34mDEBUG[0m [2mhyper::client::pool[0m[2m:[0m reuse idle connection for ("http", 192.168.0.14:8545)
[2m2025-12-10T10:11:41.683499Z[0m [34mDEBUG[0m [2mhyper::proto::h1::io[0m[2m:[0m flushed 250 bytes
[2m2025-12-10T10:11:41.683520Z[0m [34mDEBUG[0m [2methereum_transaction_pool_monitor::eth_client[0m[2m:[0m 📨 Received WebSocket message: {"jsonrpc":"2.0","method":"eth_subscription","params":{"subscription":"0xbed0a0851463e895960a451075a301a9","result":"0xace89fd5faaed1a876ffdc750ee6ee87b4b3601c62d3999e67a94f26eccf8e2c"}}
[2m2025-12-10T10:11:41.683528Z[0m [34mDEBUG[0m [2methereum_transaction_pool_monitor::eth_client[0m[2m:[0m 📨 Received pending transaction: 0xace89fd5faaed1a876ffdc750ee6ee87b4b3601c62d3999e67a94f26eccf8e2c
[2m2025-12-10T10:11:41.683533Z[0m [34mDEBUG[0m [2methereum_transaction_pool_monitor::eth_client[0m[2m:[0m 📨 Received WebSocket message: {"jsonrpc":"2.0","method":"eth_subscription","params":{"subscription":"0xbed0a0851463e895960a451075a301a9","result":"0xec0b8e8cffd3430f6e5bbfd757390298505136f26758e00bf03eb90e944c670e"}}
[2m2025-12-10T10:11:41.683538Z[0m [34mDEBUG[0m [2methereum_transaction_pool_monitor::eth_client[0m[2m:[0m 📨 Received pending transaction: 0xec0b8e8cffd3430f6e5bbfd757390298505136f26758e00bf03eb90e944c670e
[2m2025-12-10T10:11:41.687351Z[0m [34mDEBUG[0m [2mhyper::proto::h1::io[0m[2m:[0m parsed 4 headers
[2m2025-12-10T10:11:41.687360Z[0m [34mDEBUG[0m [2mhyper::proto::h1::conn[0m[2m:[0m incoming body is content-length (551 bytes)
[2m2025-12-10T10:11:41.687367Z[0m [34mDEBUG[0m [2mhyper::proto::h1::conn[0m[2m:[0m incoming body completed
[2m2025-12-10T10:11:41.687375Z[0m [34mDEBUG[0m [2mhyper::client::pool[0m[2m:[0m pooling idle connection for ("http", 192.168.0.14:8545)
[2m2025-12-10T10:11:41.687381Z[0m [34mDEBUG[0m [2methereum_transaction_pool_monitor::eth_client[0m[2m:[0m 📡 Transaction fetch RPC completed in 3.930542ms
[2m2025-12-10T10:11:41.758521Z[0m [34mDEBUG[0m [2methereum_transaction_pool_monitor::eth_client[0m[2m:[0m ✅ Transaction 0x43686ef2759c8fa610734910cd0d4bd775ff341813cd9998944c1ec181397d6e fetched and parsed in 75.068667ms
[2m2025-12-10T10:11:41.758545Z[0m [34mDEBUG[0m [2methereum_transaction_pool_monitor::mempool_monitor[0m[2m:[0m 🔍 Skipping tx 0x43686ef2759c8fa610734910cd0d4bd775ff341813cd9998944c1ec181397d6e - not a DEX interaction (target: 0x023020C1193322351f7F632fCd8aD694828E8025)
[2m2025-12-10T10:11:41.758556Z[0m [34mDEBUG[0m [2methereum_transaction_pool_monitor::mempool_monitor[0m[2m:[0m 📨 Processing new pending transaction: 0xf11087187f894af085ad1badd3e1597dfd4d333b2687fb784e7f6ed982644a30
[2m2025-12-10T10:11:41.758561Z[0m [34mDEBUG[0m [2methereum_transaction_pool_monitor::mempool_monitor[0m[2m:[0m 🔍 Fetching transaction details for: 0xf11087187f894af085ad1badd3e1597dfd4d333b2687fb784e7f6ed982644a30
[2m2025-12-10T10:11:41.758566Z[0m [34mDEBUG[0m [2methereum_transaction_pool_monitor::eth_client[0m[2m:[0m 🔍 Fetching transaction details for hash: 0xf11087187f894af085ad1badd3e1597dfd4d333b2687fb784e7f6ed982644a30
[2m2025-12-10T10:11:41.758584Z[0m [34mDEBUG[0m [2mhyper::client::pool[0m[2m:[0m reuse idle connection for ("http", 192.168.0.14:8545)
[2m2025-12-10T10:11:41.758631Z[0m [34mDEBUG[0m [2mhyper::proto::h1::io[0m[2m:[0m flushed 250 bytes
[2m2025-12-10T10:11:41.758657Z[0m [34mDEBUG[0m [2mhyper::client::pool[0m[2m:[0m reuse idle connection for ("http", 192.168.0.14:8545)
[2m2025-12-10T10:11:41.758670Z[0m [34mDEBUG[0m [2mhyper::proto::h1::io[0m[2m:[0m flushed 172 bytes
[2m2025-12-10T10:11:41.764741Z[0m [34mDEBUG[0m [2mhyper::proto::h1::io[0m[2m:[0m parsed 4 headers
[2m2025-12-10T10:11:41.764751Z[0m [34mDEBUG[0m [2mhyper::proto::h1::conn[0m[2m:[0m incoming body is content-length (45 bytes)
[2m2025-12-10T10:11:41.764758Z[0m [34mDEBUG[0m [2mhyper::proto::h1::conn[0m[2m:[0m incoming body completed
[2m2025-12-10T10:11:41.764765Z[0m [34mDEBUG[0m [2mhyper::client::pool[0m[2m:[0m pooling idle connection for ("http", 192.168.0.14:8545)
[2m2025-12-10T10:11:41.767400Z[0m [34mDEBUG[0m [2mhyper::proto::h1::io[0m[2m:[0m parsed 4 headers
[2m2025-12-10T10:11:41.767408Z[0m [34mDEBUG[0m [2mhyper::proto::h1::conn[0m[2m:[0m incoming body is content-length (645 bytes)
[2m2025-12-10T10:11:41.767413Z[0m [34mDEBUG[0m [2mhyper::proto::h1::conn[0m[2m:[0m incoming body completed
[2m2025-12-10T10:11:41.767421Z[0m [34mDEBUG[0m [2mhyper::client::pool[0m[2m:[0m pooling idle connection for ("http", 192.168.0.14:8545)
[2m2025-12-10T10:11:41.767426Z[0m [34mDEBUG[0m [2methereum_transaction_pool_monitor::eth_client[0m[2m:[0m 📡 Transaction fetch RPC completed in 8.855666ms
[2m2025-12-10T10:11:41.839765Z[0m [34mDEBUG[0m [2methereum_transaction_pool_monitor::eth_client[0m[2m:[0m ✅ Transaction 0xf11087187f894af085ad1badd3e1597dfd4d333b2687fb784e7f6ed982644a30 fetched and parsed in 81.192375ms
[2m2025-12-10T10:11:41.839793Z[0m [34mDEBUG[0m [2methereum_transaction_pool_monitor::mempool_monitor[0m[2m:[0m 🔍 Skipping tx 0xf11087187f894af085ad1badd3e1597dfd4d333b2687fb784e7f6ed982644a30 - not a DEX interaction (target: 0xa6F1D6017aB32B35b54467c01834C88d719095aD)
[2m2025-12-10T10:11:41.839803Z[0m [34mDEBUG[0m [2methereum_transaction_pool_monitor::mempool_monitor[0m[2m:[0m 📨 Processing new pending transaction: 0xace89fd5faaed1a876ffdc750ee6ee87b4b3601c62d3999e67a94f26eccf8e2c
[2m2025-12-10T10:11:41.839809Z[0m [34mDEBUG[0m [2methereum_transaction_pool_monitor::mempool_monitor[0m[2m:[0m 🔍 Fetching transaction details for: 0xace89fd5faaed1a876ffdc750ee6ee87b4b3601c62d3999e67a94f26eccf8e2c
[2m2025-12-10T10:11:41.839816Z[0m [34mDEBUG[0m [2methereum_transaction_pool_monitor::eth_client[0m[2m:[0m 🔍 Fetching transaction details for hash: 0xace89fd5faaed1a876ffdc750ee6ee87b4b3601c62d3999e67a94f26eccf8e2c
[2m2025-12-10T10:11:41.839837Z[0m [34mDEBUG[0m [2mhyper::client::pool[0m[2m:[0m reuse idle connection for ("http", 192.168.0.14:8545)
[2m2025-12-10T10:11:41.839928Z[0m [34mDEBUG[0m [2mhyper::proto::h1::io[0m[2m:[0m flushed 250 bytes
[2m2025-12-10T10:11:41.839956Z[0m [34mDEBUG[0m [2mhyper::client::pool[0m[2m:[0m reuse idle connection for ("http", 192.168.0.14:8545)
[2m2025-12-10T10:11:41.839968Z[0m [34mDEBUG[0m [2mhyper::proto::h1::io[0m[2m:[0m flushed 172 bytes
[2m2025-12-10T10:11:41.846541Z[0m [34mDEBUG[0m [2mhyper::proto::h1::io[0m[2m:[0m parsed 4 headers
[2m2025-12-10T10:11:41.846551Z[0m [34mDEBUG[0m [2mhyper::proto::h1::conn[0m[2m:[0m incoming body is content-length (643 bytes)
[2m2025-12-10T10:11:41.846557Z[0m [34mDEBUG[0m [2mhyper::proto::h1::conn[0m[2m:[0m incoming body completed
[2m2025-12-10T10:11:41.846565Z[0m [34mDEBUG[0m [2mhyper::client::pool[0m[2m:[0m pooling idle connection for ("http", 192.168.0.14:8545)
[2m2025-12-10T10:11:41.846571Z[0m [34mDEBUG[0m [2methereum_transaction_pool_monitor::eth_client[0m[2m:[0m 📡 Transaction fetch RPC completed in 6.750875ms
[2m2025-12-10T10:11:41.917673Z[0m [34mDEBUG[0m [2methereum_transaction_pool_monitor::eth_client[0m[2m:[0m ✅ Transaction 0xace89fd5faaed1a876ffdc750ee6ee87b4b3601c62d3999e67a94f26eccf8e2c fetched and parsed in 77.850084ms
[2m2025-12-10T10:11:41.917702Z[0m [34mDEBUG[0m [2methereum_transaction_pool_monitor::mempool_monitor[0m[2m:[0m 🔍 Skipping tx 0xace89fd5faaed1a876ffdc750ee6ee87b4b3601c62d3999e67a94f26eccf8e2c - not a DEX interaction (target: 0xa6F1D6017aB32B35b54467c01834C88d719095aD)
[2m2025-12-10T10:11:41.917712Z[0m [34mDEBUG[0m [2methereum_transaction_pool_monitor::mempool_monitor[0m[2m:[0m 📨 Processing new pending transaction: 0xec0b8e8cffd3430f6e5bbfd757390298505136f26758e00bf03eb90e944c670e
[2m2025-12-10T10:11:41.917718Z[0m [34mDEBUG[0m [2methereum_transaction_pool_monitor::mempool_monitor[0m[2m:[0m 🔍 Fetching transaction details for: 0xec0b8e8cffd3430f6e5bbfd757390298505136f26758e00bf03eb90e944c670e
[2m2025-12-10T10:11:41.917722Z[0m [34mDEBUG[0m [2methereum_transaction_pool_monitor::eth_client[0m[2m:[0m 🔍 Fetching transaction details for hash: 0xec0b8e8cffd3430f6e5bbfd757390298505136f26758e00bf03eb90e944c670e
[2m2025-12-10T10:11:41.917745Z[0m [34mDEBUG[0m [2mhyper::client::pool[0m[2m:[0m reuse idle connection for ("http", 192.168.0.14:8545)
[2m2025-12-10T10:11:41.917780Z[0m [34mDEBUG[0m [2mhyper::proto::h1::io[0m[2m:[0m flushed 250 bytes
[2m2025-12-10T10:11:41.917807Z[0m [34mDEBUG[0m [2methereum_transaction_pool_monitor::eth_client[0m[2m:[0m 📨 Received WebSocket message: {"jsonrpc":"2.0","method":"eth_subscription","params":{"subscription":"0xbed0a0851463e895960a451075a301a9","result":"0x91f7b18992adb61733f3fe63d602fd1328cf50875d893660ba6337a243e925ef"}}
[2m2025-12-10T10:11:41.917814Z[0m [34mDEBUG[0m [2mhyper::proto::h1::io[0m[2m:[0m parsed 4 headers
[2m2025-12-10T10:11:41.917816Z[0m [34mDEBUG[0m [2methereum_transaction_pool_monitor::eth_client[0m[2m:[0m 📨 Received pending transaction: 0x91f7b18992adb61733f3fe63d602fd1328cf50875d893660ba6337a243e925ef
[2m2025-12-10T10:11:41.917826Z[0m [34mDEBUG[0m [2mhyper::proto::h1::conn[0m[2m:[0m incoming body is content-length (45 bytes)
[2m2025-12-10T10:11:41.917844Z[0m [34mDEBUG[0m [2mhyper::proto::h1::conn[0m[2m:[0m incoming body completed
[2m2025-12-10T10:11:41.917852Z[0m [34mDEBUG[0m [2mhyper::client::pool[0m[2m:[0m pooling idle connection for ("http", 192.168.0.14:8545)
[2m2025-12-10T10:11:41.917869Z[0m [34mDEBUG[0m [2mhyper::client::pool[0m[2m:[0m reuse idle connection for ("http", 192.168.0.14:8545)
[2m2025-12-10T10:11:41.917884Z[0m [34mDEBUG[0m [2mhyper::proto::h1::io[0m[2m:[0m flushed 172 bytes
[2m2025-12-10T10:11:41.922686Z[0m [34mDEBUG[0m [2mhyper::proto::h1::io[0m[2m:[0m parsed 4 headers
[2m2025-12-10T10:11:41.922691Z[0m [34mDEBUG[0m [2mhyper::proto::h1::conn[0m[2m:[0m incoming body is content-length (760 bytes)
[2m2025-12-10T10:11:41.922695Z[0m [34mDEBUG[0m [2mhyper::proto::h1::conn[0m[2m:[0m incoming body completed
[2m2025-12-10T10:11:41.922702Z[0m [34mDEBUG[0m [2mhyper::client::pool[0m[2m:[0m pooling idle connection for ("http", 192.168.0.14:8545)
[2m2025-12-10T10:11:41.922708Z[0m [34mDEBUG[0m [2methereum_transaction_pool_monitor::eth_client[0m[2m:[0m 📡 Transaction fetch RPC completed in 4.978584ms
[2m2025-12-10T10:11:41.994586Z[0m [34mDEBUG[0m [2methereum_transaction_pool_monitor::eth_client[0m[2m:[0m ✅ Transaction 0xec0b8e8cffd3430f6e5bbfd757390298505136f26758e00bf03eb90e944c670e fetched and parsed in 76.853917ms
[2m2025-12-10T10:11:41.994615Z[0m [34mDEBUG[0m [2methereum_transaction_pool_monitor::mempool_monitor[0m[2m:[0m 🔍 Skipping tx 0xec0b8e8cffd3430f6e5bbfd757390298505136f26758e00bf03eb90e944c670e - not a DEX interaction (target: 0xA0b86991c6218b36c1d19D4a2e9Eb0cE3606eB48)
[2m2025-12-10T10:11:41.994625Z[0m [34mDEBUG[0m [2methereum_transaction_pool_monitor::mempool_monitor[0m[2m:[0m 📨 Processing new pending transaction: 0x91f7b18992adb61733f3fe63d602fd1328cf50875d893660ba6337a243e925ef
[2m2025-12-10T10:11:41.994630Z[0m [34mDEBUG[0m [2methereum_transaction_pool_monitor::mempool_monitor[0m[2m:[0m 🔍 Fetching transaction details for: 0x91f7b18992adb61733f3fe63d602fd1328cf50875d893660ba6337a243e925ef
[2m2025-12-10T10:11:41.994634Z[0m [34mDEBUG[0m [2methereum_transaction_pool_monitor::eth_client[0m[2m:[0m 🔍 Fetching transaction details for hash: 0x91f7b18992adb61733f3fe63d602fd1328cf50875d893660ba6337a243e925ef
[2m2025-12-10T10:11:41.994655Z[0m [34mDEBUG[0m [2mhyper::client::pool[0m[2m:[0m reuse idle connection for ("http", 192.168.0.14:8545)
[2m2025-12-10T10:11:41.994694Z[0m [34mDEBUG[0m [2mhyper::proto::h1::io[0m[2m:[0m flushed 250 bytes
[2m2025-12-10T10:11:41.994718Z[0m [34mDEBUG[0m [2methereum_transaction_pool_monitor::eth_client[0m[2m:[0m 📨 Received WebSocket message: {"jsonrpc":"2.0","method":"eth_subscription","params":{"subscription":"0xbed0a0851463e895960a451075a301a9","result":"0xbc6b92862036e757c6bf69066ede13caebe1498739521d5ea25e3e83c80b6528"}}
[2m2025-12-10T10:11:41.994723Z[0m [34mDEBUG[0m [2mhyper::proto::h1::io[0m[2m:[0m parsed 4 headers
[2m2025-12-10T10:11:41.994726Z[0m [34mDEBUG[0m [2methereum_transaction_pool_monitor::eth_client[0m[2m:[0m 📨 Received pending transaction: 0xbc6b92862036e757c6bf69066ede13caebe1498739521d5ea25e3e83c80b6528
[2m2025-12-10T10:11:41.994730Z[0m [34mDEBUG[0m [2mhyper::proto::h1::conn[0m[2m:[0m incoming body is content-length (45 bytes)
[2m2025-12-10T10:11:41.994739Z[0m [34mDEBUG[0m [2mhyper::proto::h1::conn[0m[2m:[0m incoming body completed
[2m2025-12-10T10:11:41.994747Z[0m [34mDEBUG[0m [2mhyper::client::pool[0m[2m:[0m pooling idle connection for ("http", 192.168.0.14:8545)
[2m2025-12-10T10:11:41.998524Z[0m [34mDEBUG[0m [2mhyper::client::pool[0m[2m:[0m reuse idle connection for ("http", 192.168.0.14:8545)
[2m2025-12-10T10:11:41.998553Z[0m [34mDEBUG[0m [2mhyper::proto::h1::io[0m[2m:[0m flushed 172 bytes
[2m2025-12-10T10:11:41.999463Z[0m [34mDEBUG[0m [2mhyper::proto::h1::io[0m[2m:[0m parsed 4 headers
[2m2025-12-10T10:11:41.999468Z[0m [34mDEBUG[0m [2mhyper::proto::h1::conn[0m[2m:[0m incoming body is content-length (770 bytes)
[2m2025-12-10T10:11:41.999473Z[0m [34mDEBUG[0m [2mhyper::proto::h1::conn[0m[2m:[0m incoming body completed
[2m2025-12-10T10:11:41.999479Z[0m [34mDEBUG[0m [2mhyper::client::pool[0m[2m:[0m pooling idle connection for ("http", 192.168.0.14:8545)
[2m2025-12-10T10:11:41.999484Z[0m [34mDEBUG[0m [2methereum_transaction_pool_monitor::eth_client[0m[2m:[0m 📡 Transaction fetch RPC completed in 4.845209ms
[2m2025-12-10T10:11:42.070823Z[0m [34mDEBUG[0m [2methereum_transaction_pool_monitor::eth_client[0m[2m:[0m ✅ Transaction 0x91f7b18992adb61733f3fe63d602fd1328cf50875d893660ba6337a243e925ef fetched and parsed in 76.18225ms
[2m2025-12-10T10:11:42.070853Z[0m [34mDEBUG[0m [2methereum_transaction_pool_monitor::mempool_monitor[0m[2m:[0m 🔍 Skipping tx 0x91f7b18992adb61733f3fe63d602fd1328cf50875d893660ba6337a243e925ef - not a DEX interaction (target: 0xA0b86991c6218b36c1d19D4a2e9Eb0cE3606eB48)
[2m2025-12-10T10:11:42.070867Z[0m [34mDEBUG[0m [2methereum_transaction_pool_monitor::mempool_monitor[0m[2m:[0m 📨 Processing new pending transaction: 0xbc6b92862036e757c6bf69066ede13caebe1498739521d5ea25e3e83c80b6528
[2m2025-12-10T10:11:42.070875Z[0m [34mDEBUG[0m [2methereum_transaction_pool_monitor::mempool_monitor[0m[2m:[0m 🔍 Fetching transaction details for: 0xbc6b92862036e757c6bf69066ede13caebe1498739521d5ea25e3e83c80b6528
[2m2025-12-10T10:11:42.070880Z[0m [34mDEBUG[0m [2methereum_transaction_pool_monitor::eth_client[0m[2m:[0m 🔍 Fetching transaction details for hash: 0xbc6b92862036e757c6bf69066ede13caebe1498739521d5ea25e3e83c80b6528
[2m2025-12-10T10:11:42.070899Z[0m [34mDEBUG[0m [2mhyper::client::pool[0m[2m:[0m reuse idle connection for ("http", 192.168.0.14:8545)
[2m2025-12-10T10:11:42.070938Z[0m [34mDEBUG[0m [2mhyper::proto::h1::io[0m[2m:[0m flushed 250 bytes
[2m2025-12-10T10:11:42.070957Z[0m [34mDEBUG[0m [2mhyper::proto::h1::io[0m[2m:[0m parsed 4 headers
[2m2025-12-10T10:11:42.070963Z[0m [34mDEBUG[0m [2mhyper::proto::h1::conn[0m[2m:[0m incoming body is content-length (45 bytes)
[2m2025-12-10T10:11:42.070973Z[0m [34mDEBUG[0m [2mhyper::proto::h1::conn[0m[2m:[0m incoming body completed
[2m2025-12-10T10:11:42.070985Z[0m [34mDEBUG[0m [2mhyper::client::pool[0m[2m:[0m pooling idle connection for ("http", 192.168.0.14:8545)
[2m2025-12-10T10:11:42.079822Z[0m [34mDEBUG[0m [2mhyper::proto::h1::io[0m[2m:[0m parsed 4 headers
[2m2025-12-10T10:11:42.079865Z[0m [34mDEBUG[0m [2mhyper::proto::h1::conn[0m[2m:[0m incoming body is content-length (644 bytes)
[2m2025-12-10T10:11:42.079875Z[0m [34mDEBUG[0m [2mhyper::proto::h1::conn[0m[2m:[0m incoming body completed
[2m2025-12-10T10:11:42.079902Z[0m [34mDEBUG[0m [2mhyper::client::pool[0m[2m:[0m pooling idle connection for ("http", 192.168.0.14:8545)
[2m2025-12-10T10:11:42.079909Z[0m [34mDEBUG[0m [2methereum_transaction_pool_monitor::eth_client[0m[2m:[0m 📡 Transaction fetch RPC completed in 9.024166ms
[2m2025-12-10T10:11:42.151521Z[0m [34mDEBUG[0m [2methereum_transaction_pool_monitor::eth_client[0m[2m:[0m ✅ Transaction 0xbc6b92862036e757c6bf69066ede13caebe1498739521d5ea25e3e83c80b6528 fetched and parsed in 80.634041ms
[2m2025-12-10T10:11:42.151548Z[0m [34mDEBUG[0m [2methereum_transaction_pool_monitor::mempool_monitor[0m[2m:[0m 🔍 Skipping tx 0xbc6b92862036e757c6bf69066ede13caebe1498739521d5ea25e3e83c80b6528 - not a DEX interaction (target: 0xea397439Bb0DB00359B009D54ee20911680bCb38)
[2m2025-12-10T10:11:42.151596Z[0m [34mDEBUG[0m [2mhyper::client::pool[0m[2m:[0m reuse idle connection for ("http", 192.168.0.14:8545)
[2m2025-12-10T10:11:42.151631Z[0m [34mDEBUG[0m [2mhyper::proto::h1::io[0m[2m:[0m flushed 172 bytes
[2m2025-12-10T10:11:42.155854Z[0m [34mDEBUG[0m [2mhyper::proto::h1::io[0m[2m:[0m parsed 4 headers
[2m2025-12-10T10:11:42.155861Z[0m [34mDEBUG[0m [2mhyper::proto::h1::conn[0m[2m:[0m incoming body is content-length (45 bytes)
[2m2025-12-10T10:11:42.155868Z[0m [34mDEBUG[0m [2mhyper::proto::h1::conn[0m[2m:[0m incoming body completed
[2m2025-12-10T10:11:42.155875Z[0m [34mDEBUG[0m [2mhyper::client::pool[0m[2m:[0m pooling idle connection for ("http", 192.168.0.14:8545)
[2m2025-12-10T10:11:42.197553Z[0m [34mDEBUG[0m [2mhyper::client::pool[0m[2m:[0m reuse idle connection for ("http", 192.168.0.14:8545)
[2m2025-12-10T10:11:42.197603Z[0m [34mDEBUG[0m [2mhyper::proto::h1::io[0m[2m:[0m flushed 172 bytes
[2m2025-12-10T10:11:42.200610Z[0m [34mDEBUG[0m [2mhyper::proto::h1::io[0m[2m:[0m parsed 4 headers
[2m2025-12-10T10:11:42.200620Z[0m [34mDEBUG[0m [2mhyper::proto::h1::conn[0m[2m:[0m incoming body is content-length (45 bytes)
[2m2025-12-10T10:11:42.200626Z[0m [34mDEBUG[0m [2mhyper::proto::h1::conn[0m[2m:[0m incoming body completed
[2m2025-12-10T10:11:42.200633Z[0m [34mDEBUG[0m [2mhyper::client::pool[0m[2m:[0m pooling idle connection for ("http", 192.168.0.14:8545)
[2m2025-12-10T10:11:42.297925Z[0m [34mDEBUG[0m [2mhyper::client::pool[0m[2m:[0m reuse idle connection for ("http", 192.168.0.14:8545)
[2m2025-12-10T10:11:42.298012Z[0m [34mDEBUG[0m [2mhyper::proto::h1::io[0m[2m:[0m flushed 172 bytes
[2m2025-12-10T10:11:42.300731Z[0m [34mDEBUG[0m [2mhyper::proto::h1::io[0m[2m:[0m parsed 4 headers
[2m2025-12-10T10:11:42.300742Z[0m [34mDEBUG[0m [2mhyper::proto::h1::conn[0m[2m:[0m incoming body is content-length (45 bytes)
[2m2025-12-10T10:11:42.300748Z[0m [34mDEBUG[0m [2mhyper::proto::h1::conn[0m[2m:[0m incoming body completed
[2m2025-12-10T10:11:42.300757Z[0m [34mDEBUG[0m [2mhyper::client::pool[0m[2m:[0m pooling idle connection for ("http", 192.168.0.14:8545)
[2m2025-12-10T10:11:42.364655Z[0m [34mDEBUG[0m [2methereum_transaction_pool_monitor::eth_client[0m[2m:[0m 📨 Received WebSocket message: {"jsonrpc":"2.0","method":"eth_subscription","params":{"subscription":"0xbed0a0851463e895960a451075a301a9","result":"0x946db2c36eca407af3628339dd5a1c3f7e443df0c12f3a526ed9d0524049d005"}}
[2m2025-12-10T10:11:42.364717Z[0m [34mDEBUG[0m [2methereum_transaction_pool_monitor::eth_client[0m[2m:[0m 📨 Received pending transaction: 0x946db2c36eca407af3628339dd5a1c3f7e443df0c12f3a526ed9d0524049d005
[2m2025-12-10T10:11:42.364746Z[0m [34mDEBUG[0m [2methereum_transaction_pool_monitor::mempool_monitor[0m[2m:[0m 📨 Processing new pending transaction: 0x946db2c36eca407af3628339dd5a1c3f7e443df0c12f3a526ed9d0524049d005
[2m2025-12-10T10:11:42.364767Z[0m [34mDEBUG[0m [2methereum_transaction_pool_monitor::mempool_monitor[0m[2m:[0m 🔍 Fetching transaction details for: 0x946db2c36eca407af3628339dd5a1c3f7e443df0c12f3a526ed9d0524049d005
[2m2025-12-10T10:11:42.364780Z[0m [34mDEBUG[0m [2methereum_transaction_pool_monitor::eth_client[0m[2m:[0m 🔍 Fetching transaction details for hash: 0x946db2c36eca407af3628339dd5a1c3f7e443df0c12f3a526ed9d0524049d005
[2m2025-12-10T10:11:42.364837Z[0m [34mDEBUG[0m [2mhyper::client::pool[0m[2m:[0m reuse idle connection for ("http", 192.168.0.14:8545)
[2m2025-12-10T10:11:42.364914Z[0m [34mDEBUG[0m [2mhyper::proto::h1::io[0m[2m:[0m flushed 250 bytes
[2m2025-12-10T10:11:42.369734Z[0m [34mDEBUG[0m [2mhyper::proto::h1::io[0m[2m:[0m parsed 4 headers
[2m2025-12-10T10:11:42.369766Z[0m [34mDEBUG[0m [2mhyper::proto::h1::conn[0m[2m:[0m incoming body is content-length (645 bytes)
[2m2025-12-10T10:11:42.369798Z[0m [34mDEBUG[0m [2mhyper::proto::h1::conn[0m[2m:[0m incoming body completed
[2m2025-12-10T10:11:42.369829Z[0m [34mDEBUG[0m [2mhyper::client::pool[0m[2m:[0m pooling idle connection for ("http", 192.168.0.14:8545)
[2m2025-12-10T10:11:42.369853Z[0m [34mDEBUG[0m [2methereum_transaction_pool_monitor::eth_client[0m[2m:[0m 📡 Transaction fetch RPC completed in 5.060709ms
[2m2025-12-10T10:11:42.467619Z[0m [34mDEBUG[0m [2methereum_transaction_pool_monitor::eth_client[0m[2m:[0m ✅ Transaction 0x946db2c36eca407af3628339dd5a1c3f7e443df0c12f3a526ed9d0524049d005 fetched and parsed in 102.824542ms
[2m2025-12-10T10:11:42.467648Z[0m [34mDEBUG[0m [2methereum_transaction_pool_monitor::mempool_monitor[0m[2m:[0m 🔍 Skipping tx 0x946db2c36eca407af3628339dd5a1c3f7e443df0c12f3a526ed9d0524049d005 - not a DEX interaction (target: 0xA26148AE51fa8E787DF319C04137602Cc018b521)
[2m2025-12-10T10:11:42.467688Z[0m [34mDEBUG[0m [2mhyper::client::pool[0m[2m:[0m reuse idle connection for ("http", 192.168.0.14:8545)
[2m2025-12-10T10:11:42.467715Z[0m [34mDEBUG[0m [2mhyper::proto::h1::io[0m[2m:[0m flushed 172 bytes
[2m2025-12-10T10:11:42.467763Z[0m [34mDEBUG[0m [2methereum_transaction_pool_monitor::eth_client[0m[2m:[0m 📨 Received WebSocket message: {"jsonrpc":"2.0","method":"eth_subscription","params":{"subscription":"0xbed0a0851463e895960a451075a301a9","result":"0x46f0f013fbf9b9905302ddf69c46a1fb0d7d3ff7bad12672e443cd8bac0515bd"}}
[2m2025-12-10T10:11:42.467846Z[0m [34mDEBUG[0m [2methereum_transaction_pool_monitor::eth_client[0m[2m:[0m 📨 Received pending transaction: 0x46f0f013fbf9b9905302ddf69c46a1fb0d7d3ff7bad12672e443cd8bac0515bd
[2m2025-12-10T10:11:42.467856Z[0m [34mDEBUG[0m [2methereum_transaction_pool_monitor::eth_client[0m[2m:[0m 📨 Received WebSocket message: {"jsonrpc":"2.0","method":"eth_subscription","params":{"subscription":"0xbed0a0851463e895960a451075a301a9","result":"0xf8ce58f1afdcdbe10e056b1e3b3aa194e1d11dae0972731362a7ecde79c5a9b3"}}
[2m2025-12-10T10:11:42.467864Z[0m [34mDEBUG[0m [2methereum_transaction_pool_monitor::eth_client[0m[2m:[0m 📨 Received pending transaction: 0xf8ce58f1afdcdbe10e056b1e3b3aa194e1d11dae0972731362a7ecde79c5a9b3
[2m2025-12-10T10:11:42.467869Z[0m [34mDEBUG[0m [2methereum_transaction_pool_monitor::eth_client[0m[2m:[0m 📨 Received WebSocket message: {"jsonrpc":"2.0","method":"eth_subscription","params":{"subscription":"0xbed0a0851463e895960a451075a301a9","result":"0x7ebbde3e05144854dc98477bb855ac6b05875d31728909acdb4b96a0161a603f"}}
[2m2025-12-10T10:11:42.467874Z[0m [34mDEBUG[0m [2methereum_transaction_pool_monitor::eth_client[0m[2m:[0m 📨 Received pending transaction: 0x7ebbde3e05144854dc98477bb855ac6b05875d31728909acdb4b96a0161a603f
[2m2025-12-10T10:11:42.467880Z[0m [34mDEBUG[0m [2methereum_transaction_pool_monitor::mempool_monitor[0m[2m:[0m 📨 Processing new pending transaction: 0x46f0f013fbf9b9905302ddf69c46a1fb0d7d3ff7bad12672e443cd8bac0515bd
[2m2025-12-10T10:11:42.467885Z[0m [34mDEBUG[0m [2methereum_transaction_pool_monitor::mempool_monitor[0m[2m:[0m 🔍 Fetching transaction details for: 0x46f0f013fbf9b9905302ddf69c46a1fb0d7d3ff7bad12672e443cd8bac0515bd
[2m2025-12-10T10:11:42.467889Z[0m [34mDEBUG[0m [2methereum_transaction_pool_monitor::eth_client[0m[2m:[0m 🔍 Fetching transaction details for hash: 0x46f0f013fbf9b9905302ddf69c46a1fb0d7d3ff7bad12672e443cd8bac0515bd
[2m2025-12-10T10:11:42.467898Z[0m [34mDEBUG[0m [2mhyper::client::pool[0m[2m:[0m reuse idle connection for ("http", 192.168.0.14:8545)
[2m2025-12-10T10:11:42.467911Z[0m [34mDEBUG[0m [2mhyper::proto::h1::io[0m[2m:[0m flushed 250 bytes
[2m2025-12-10T10:11:42.473794Z[0m [34mDEBUG[0m [2mhyper::proto::h1::io[0m[2m:[0m parsed 4 headers
[2m2025-12-10T10:11:42.473818Z[0m [34mDEBUG[0m [2mhyper::proto::h1::conn[0m[2m:[0m incoming body is content-length (45 bytes)
[2m2025-12-10T10:11:42.473840Z[0m [34mDEBUG[0m [2mhyper::proto::h1::conn[0m[2m:[0m incoming body completed
[2m2025-12-10T10:11:42.473863Z[0m [34mDEBUG[0m [2mhyper::client::pool[0m[2m:[0m pooling idle connection for ("http", 192.168.0.14:8545)
[2m2025-12-10T10:11:42.474794Z[0m [34mDEBUG[0m [2mhyper::proto::h1::io[0m[2m:[0m parsed 4 headers
[2m2025-12-10T10:11:42.474799Z[0m [34mDEBUG[0m [2mhyper::proto::h1::conn[0m[2m:[0m incoming body is content-length (655 bytes)
[2m2025-12-10T10:11:42.474803Z[0m [34mDEBUG[0m [2mhyper::proto::h1::conn[0m[2m:[0m incoming body completed
[2m2025-12-10T10:11:42.474808Z[0m [34mDEBUG[0m [2mhyper::client::pool[0m[2m:[0m pooling idle connection for ("http", 192.168.0.14:8545)
[2m2025-12-10T10:11:42.474811Z[0m [34mDEBUG[0m [2methereum_transaction_pool_monitor::eth_client[0m[2m:[0m 📡 Transaction fetch RPC completed in 6.918542ms
[2m2025-12-10T10:11:42.546343Z[0m [34mDEBUG[0m [2methereum_transaction_pool_monitor::eth_client[0m[2m:[0m ✅ Transaction 0x46f0f013fbf9b9905302ddf69c46a1fb0d7d3ff7bad12672e443cd8bac0515bd fetched and parsed in 78.447958ms
[2m2025-12-10T10:11:42.546368Z[0m [34mDEBUG[0m [2methereum_transaction_pool_monitor::mempool_monitor[0m[2m:[0m 🔍 Skipping tx 0x46f0f013fbf9b9905302ddf69c46a1fb0d7d3ff7bad12672e443cd8bac0515bd - not a DEX interaction (target: 0xf884Cf9eeF0290123b0C7C96C950809994DDf632)
[2m2025-12-10T10:11:42.546378Z[0m [34mDEBUG[0m [2methereum_transaction_pool_monitor::mempool_monitor[0m[2m:[0m 📨 Processing new pending transaction: 0xf8ce58f1afdcdbe10e056b1e3b3aa194e1d11dae0972731362a7ecde79c5a9b3
[2m2025-12-10T10:11:42.546383Z[0m [34mDEBUG[0m [2methereum_transaction_pool_monitor::mempool_monitor[0m[2m:[0m 🔍 Fetching transaction details for: 0xf8ce58f1afdcdbe10e056b1e3b3aa194e1d11dae0972731362a7ecde79c5a9b3
[2m2025-12-10T10:11:42.546388Z[0m [34mDEBUG[0m [2methereum_transaction_pool_monitor::eth_client[0m[2m:[0m 🔍 Fetching transaction details for hash: 0xf8ce58f1afdcdbe10e056b1e3b3aa194e1d11dae0972731362a7ecde79c5a9b3
[2m2025-12-10T10:11:42.546406Z[0m [34mDEBUG[0m [2mhyper::client::pool[0m[2m:[0m reuse idle connection for ("http", 192.168.0.14:8545)
[2m2025-12-10T10:11:42.546446Z[0m [34mDEBUG[0m [2mhyper::proto::h1::io[0m[2m:[0m flushed 250 bytes
[2m2025-12-10T10:11:42.546464Z[0m [34mDEBUG[0m [2mhyper::client::pool[0m[2m:[0m reuse idle connection for ("http", 192.168.0.14:8545)
[2m2025-12-10T10:11:42.546477Z[0m [34mDEBUG[0m [2methereum_transaction_pool_monitor::eth_client[0m[2m:[0m 📨 Received WebSocket message: {"jsonrpc":"2.0","method":"eth_subscription","params":{"subscription":"0xbed0a0851463e895960a451075a301a9","result":"0xe2a415c2c5b4d54c3a09ee45052f06a175e4eef3e186985a6bcc609ebdc97ed6"}}
[2m2025-12-10T10:11:42.546479Z[0m [34mDEBUG[0m [2mhyper::proto::h1::io[0m[2m:[0m flushed 172 bytes
[2m2025-12-10T10:11:42.546489Z[0m [34mDEBUG[0m [2methereum_transaction_pool_monitor::eth_client[0m[2m:[0m 📨 Received pending transaction: 0xe2a415c2c5b4d54c3a09ee45052f06a175e4eef3e186985a6bcc609ebdc97ed6
[2m2025-12-10T10:11:42.555439Z[0m [34mDEBUG[0m [2mhyper::proto::h1::io[0m[2m:[0m parsed 4 headers
[2m2025-12-10T10:11:42.555470Z[0m [34mDEBUG[0m [2mhyper::proto::h1::conn[0m[2m:[0m incoming body is content-length (45 bytes)
[2m2025-12-10T10:11:42.555491Z[0m [34mDEBUG[0m [2mhyper::proto::h1::conn[0m[2m:[0m incoming body completed
[2m2025-12-10T10:11:42.555499Z[0m [34mDEBUG[0m [2mhyper::client::pool[0m[2m:[0m pooling idle connection for ("http", 192.168.0.14:8545)
[2m2025-12-10T10:11:42.560029Z[0m [34mDEBUG[0m [2mhyper::proto::h1::io[0m[2m:[0m parsed 4 headers
[2m2025-12-10T10:11:42.562332Z[0m [34mDEBUG[0m [2mhyper::proto::h1::conn[0m[2m:[0m incoming body is content-length (643 bytes)
[2m2025-12-10T10:11:42.562357Z[0m [34mDEBUG[0m [2mhyper::proto::h1::conn[0m[2m:[0m incoming body completed
[2m2025-12-10T10:11:42.562367Z[0m [34mDEBUG[0m [2mhyper::client::pool[0m[2m:[0m pooling idle connection for ("http", 192.168.0.14:8545)
[2m2025-12-10T10:11:42.562374Z[0m [34mDEBUG[0m [2methereum_transaction_pool_monitor::eth_client[0m[2m:[0m 📡 Transaction fetch RPC completed in 15.982208ms
[2m2025-12-10T10:11:42.634045Z[0m [34mDEBUG[0m [2methereum_transaction_pool_monitor::eth_client[0m[2m:[0m ✅ Transaction 0xf8ce58f1afdcdbe10e056b1e3b3aa194e1d11dae0972731362a7ecde79c5a9b3 fetched and parsed in 87.650541ms
[2m2025-12-10T10:11:42.634074Z[0m [34mDEBUG[0m [2methereum_transaction_pool_monitor::mempool_monitor[0m[2m:[0m 🔍 Skipping tx 0xf8ce58f1afdcdbe10e056b1e3b3aa194e1d11dae0972731362a7ecde79c5a9b3 - not a DEX interaction (target: 0x17E5545B11b468072283Cee1F066a059Fb0dbF24)
[2m2025-12-10T10:11:42.634084Z[0m [34mDEBUG[0m [2methereum_transaction_pool_monitor::mempool_monitor[0m[2m:[0m 📨 Processing new pending transaction: 0x7ebbde3e05144854dc98477bb855ac6b05875d31728909acdb4b96a0161a603f
[2m2025-12-10T10:11:42.634089Z[0m [34mDEBUG[0m [2methereum_transaction_pool_monitor::mempool_monitor[0m[2m:[0m 🔍 Fetching transaction details for: 0x7ebbde3e05144854dc98477bb855ac6b05875d31728909acdb4b96a0161a603f
[2m2025-12-10T10:11:42.634093Z[0m [34mDEBUG[0m [2methereum_transaction_pool_monitor::eth_client[0m[2m:[0m 🔍 Fetching transaction details for hash: 0x7ebbde3e05144854dc98477bb855ac6b05875d31728909acdb4b96a0161a603f
[2m2025-12-10T10:11:42.634111Z[0m [34mDEBUG[0m [2mhyper::client::pool[0m[2m:[0m reuse idle connection for ("http", 192.168.0.14:8545)
[2m2025-12-10T10:11:42.634146Z[0m [34mDEBUG[0m [2mhyper::proto::h1::io[0m[2m:[0m flushed 250 bytes
[2m2025-12-10T10:11:42.634177Z[0m [34mDEBUG[0m [2mhyper::client::pool[0m[2m:[0m reuse idle connection for ("http", 192.168.0.14:8545)
[2m2025-12-10T10:11:42.634193Z[0m [34mDEBUG[0m [2mhyper::proto::h1::io[0m[2m:[0m flushed 172 bytes
[2m2025-12-10T10:11:42.643233Z[0m [34mDEBUG[0m [2methereum_transaction_pool_monitor::eth_client[0m[2m:[0m 📨 Received WebSocket message: {"jsonrpc":"2.0","method":"eth_subscription","params":{"subscription":"0xbed0a0851463e895960a451075a301a9","result":"0xa2a9f849b25cadfb379951b82cc45fbdd3a389c6416e779aec8bcfe989824542"}}
[2m2025-12-10T10:11:42.643251Z[0m [34mDEBUG[0m [2methereum_transaction_pool_monitor::eth_client[0m[2m:[0m 📨 Received pending transaction: 0xa2a9f849b25cadfb379951b82cc45fbdd3a389c6416e779aec8bcfe989824542
[2m2025-12-10T10:11:42.643276Z[0m [34mDEBUG[0m [2mhyper::proto::h1::io[0m[2m:[0m parsed 4 headers
[2m2025-12-10T10:11:42.643282Z[0m [34mDEBUG[0m [2mhyper::proto::h1::conn[0m[2m:[0m incoming body is content-length (830 bytes)
[2m2025-12-10T10:11:42.643291Z[0m [34mDEBUG[0m [2mhyper::proto::h1::conn[0m[2m:[0m incoming body completed
[2m2025-12-10T10:11:42.643300Z[0m [34mDEBUG[0m [2mhyper::client::pool[0m[2m:[0m pooling idle connection for ("http", 192.168.0.14:8545)
[2m2025-12-10T10:11:42.643307Z[0m [34mDEBUG[0m [2methereum_transaction_pool_monitor::eth_client[0m[2m:[0m 📡 Transaction fetch RPC completed in 9.210333ms
[2m2025-12-10T10:11:42.714336Z[0m [34mDEBUG[0m [2methereum_transaction_pool_monitor::eth_client[0m[2m:[0m ✅ Transaction 0x7ebbde3e05144854dc98477bb855ac6b05875d31728909acdb4b96a0161a603f fetched and parsed in 80.236792ms
[2m2025-12-10T10:11:42.714365Z[0m [34mDEBUG[0m [2methereum_transaction_pool_monitor::mempool_monitor[0m[2m:[0m 🔍 Skipping tx 0x7ebbde3e05144854dc98477bb855ac6b05875d31728909acdb4b96a0161a603f - not a DEX interaction (target: 0x3B4D794a66304F130a4Db8F2551B0070dfCf5ca7)
[2m2025-12-10T10:11:42.714376Z[0m [34mDEBUG[0m [2methereum_transaction_pool_monitor::mempool_monitor[0m[2m:[0m 📨 Processing new pending transaction: 0xe2a415c2c5b4d54c3a09ee45052f06a175e4eef3e186985a6bcc609ebdc97ed6
[2m2025-12-10T10:11:42.714387Z[0m [34mDEBUG[0m [2methereum_transaction_pool_monitor::mempool_monitor[0m[2m:[0m 🔍 Fetching transaction details for: 0xe2a415c2c5b4d54c3a09ee45052f06a175e4eef3e186985a6bcc609ebdc97ed6
[2m2025-12-10T10:11:42.714391Z[0m [34mDEBUG[0m [2methereum_transaction_pool_monitor::eth_client[0m[2m:[0m 🔍 Fetching transaction details for hash: 0xe2a415c2c5b4d54c3a09ee45052f06a175e4eef3e186985a6bcc609ebdc97ed6
[2m2025-12-10T10:11:42.714411Z[0m [34mDEBUG[0m [2mhyper::client::pool[0m[2m:[0m reuse idle connection for ("http", 192.168.0.14:8545)
[2m2025-12-10T10:11:42.714438Z[0m [34mDEBUG[0m [2mhyper::proto::h1::io[0m[2m:[0m flushed 250 bytes
[2m2025-12-10T10:11:42.714460Z[0m [34mDEBUG[0m [2methereum_transaction_pool_monitor::eth_client[0m[2m:[0m 📨 Received WebSocket message: {"jsonrpc":"2.0","method":"eth_subscription","params":{"subscription":"0xbed0a0851463e895960a451075a301a9","result":"0x426e4dfd62bc558469e7ecc6284a1a04152a0dc1b90d49e0406f96deccb425df"}}
[2m2025-12-10T10:11:42.714462Z[0m [34mDEBUG[0m [2mhyper::proto::h1::io[0m[2m:[0m parsed 4 headers
[2m2025-12-10T10:11:42.714469Z[0m [34mDEBUG[0m [2methereum_transaction_pool_monitor::eth_client[0m[2m:[0m 📨 Received pending transaction: 0x426e4dfd62bc558469e7ecc6284a1a04152a0dc1b90d49e0406f96deccb425df
[2m2025-12-10T10:11:42.714477Z[0m [34mDEBUG[0m [2methereum_transaction_pool_monitor::eth_client[0m[2m:[0m 📨 Received WebSocket message: {"jsonrpc":"2.0","method":"eth_subscription","params":{"subscription":"0xbed0a0851463e895960a451075a301a9","result":"0x855d4b50b2dda4ac9e3160a2f7984c7db015e7e2f5c68c9b3da9dcdcb244c4d5"}}
[2m2025-12-10T10:11:42.714471Z[0m [34mDEBUG[0m [2mhyper::proto::h1::conn[0m[2m:[0m incoming body is content-length (45 bytes)
[2m2025-12-10T10:11:42.714483Z[0m [34mDEBUG[0m [2methereum_transaction_pool_monitor::eth_client[0m[2m:[0m 📨 Received pending transaction: 0x855d4b50b2dda4ac9e3160a2f7984c7db015e7e2f5c68c9b3da9dcdcb244c4d5
[2m2025-12-10T10:11:42.714490Z[0m [34mDEBUG[0m [2mhyper::proto::h1::conn[0m[2m:[0m incoming body completed
[2m2025-12-10T10:11:42.714499Z[0m [34mDEBUG[0m [2mhyper::client::pool[0m[2m:[0m pooling idle connection for ("http", 192.168.0.14:8545)
[2m2025-12-10T10:11:42.714516Z[0m [34mDEBUG[0m [2mhyper::client::pool[0m[2m:[0m reuse idle connection for ("http", 192.168.0.14:8545)
[2m2025-12-10T10:11:42.714532Z[0m [34mDEBUG[0m [2mhyper::proto::h1::io[0m[2m:[0m flushed 172 bytes
[2m2025-12-10T10:11:42.723151Z[0m [34mDEBUG[0m [2mhyper::proto::h1::io[0m[2m:[0m parsed 4 headers
[2m2025-12-10T10:11:42.723172Z[0m [34mDEBUG[0m [2mhyper::proto::h1::conn[0m[2m:[0m incoming body is content-length (45 bytes)
[2m2025-12-10T10:11:42.723190Z[0m [34mDEBUG[0m [2mhyper::proto::h1::conn[0m[2m:[0m incoming body completed
[2m2025-12-10T10:11:42.723202Z[0m [34mDEBUG[0m [2mhyper::client::pool[0m[2m:[0m pooling idle connection for ("http", 192.168.0.14:8545)
[2m2025-12-10T10:11:42.725635Z[0m [34mDEBUG[0m [2mhyper::proto::h1::io[0m[2m:[0m parsed 4 headers
[2m2025-12-10T10:11:42.725664Z[0m [34mDEBUG[0m [2mhyper::proto::h1::conn[0m[2m:[0m incoming body is content-length (769 bytes)
[2m2025-12-10T10:11:42.725673Z[0m [34mDEBUG[0m [2mhyper::proto::h1::conn[0m[2m:[0m incoming body completed
[2m2025-12-10T10:11:42.725679Z[0m [34mDEBUG[0m [2mhyper::client::pool[0m[2m:[0m pooling idle connection for ("http", 192.168.0.14:8545)
[2m2025-12-10T10:11:42.725697Z[0m [34mDEBUG[0m [2methereum_transaction_pool_monitor::eth_client[0m[2m:[0m 📡 Transaction fetch RPC completed in 11.299916ms
[2m2025-12-10T10:11:42.797231Z[0m [34mDEBUG[0m [2methereum_transaction_pool_monitor::eth_client[0m[2m:[0m ✅ Transaction 0xe2a415c2c5b4d54c3a09ee45052f06a175e4eef3e186985a6bcc609ebdc97ed6 fetched and parsed in 82.830875ms
[2m2025-12-10T10:11:42.797261Z[0m [34mDEBUG[0m [2methereum_transaction_pool_monitor::mempool_monitor[0m[2m:[0m 🔍 Skipping tx 0xe2a415c2c5b4d54c3a09ee45052f06a175e4eef3e186985a6bcc609ebdc97ed6 - not a DEX interaction (target: 0xB8f28C60dD8240141185a192fa4156A23E189305)
[2m2025-12-10T10:11:42.797272Z[0m [34mDEBUG[0m [2methereum_transaction_pool_monitor::mempool_monitor[0m[2m:[0m 📨 Processing new pending transaction: 0xa2a9f849b25cadfb379951b82cc45fbdd3a389c6416e779aec8bcfe989824542
[2m2025-12-10T10:11:42.797283Z[0m [34mDEBUG[0m [2methereum_transaction_pool_monitor::mempool_monitor[0m[2m:[0m 🔍 Fetching transaction details for: 0xa2a9f849b25cadfb379951b82cc45fbdd3a389c6416e779aec8bcfe989824542
[2m2025-12-10T10:11:42.797290Z[0m [34mDEBUG[0m [2methereum_transaction_pool_monitor::eth_client[0m[2m:[0m 🔍 Fetching transaction details for hash: 0xa2a9f849b25cadfb379951b82cc45fbdd3a389c6416e779aec8bcfe989824542
[2m2025-12-10T10:11:42.797307Z[0m [34mDEBUG[0m [2mhyper::client::pool[0m[2m:[0m reuse idle connection for ("http", 192.168.0.14:8545)
[2m2025-12-10T10:11:42.797348Z[0m [34mDEBUG[0m [2mhyper::proto::h1::io[0m[2m:[0m flushed 250 bytes
[2m2025-12-10T10:11:42.797366Z[0m [34mDEBUG[0m [2mhyper::client::pool[0m[2m:[0m reuse idle connection for ("http", 192.168.0.14:8545)
[2m2025-12-10T10:11:42.797377Z[0m [34mDEBUG[0m [2mhyper::proto::h1::io[0m[2m:[0m flushed 172 bytes
[2m2025-12-10T10:11:42.797377Z[0m [34mDEBUG[0m [2methereum_transaction_pool_monitor::eth_client[0m[2m:[0m 📨 Received WebSocket message: {"jsonrpc":"2.0","method":"eth_subscription","params":{"subscription":"0xbed0a0851463e895960a451075a301a9","result":"0x40219b8b172719c5bc713a1086872fd33700b5b637183221838f8a86fa56671a"}}
[2m2025-12-10T10:11:42.797395Z[0m [34mDEBUG[0m [2methereum_transaction_pool_monitor::eth_client[0m[2m:[0m 📨 Received pending transaction: 0x40219b8b172719c5bc713a1086872fd33700b5b637183221838f8a86fa56671a
[2m2025-12-10T10:11:42.802695Z[0m [34mDEBUG[0m [2mhyper::proto::h1::io[0m[2m:[0m parsed 4 headers
[2m2025-12-10T10:11:42.802719Z[0m [34mDEBUG[0m [2mhyper::proto::h1::conn[0m[2m:[0m incoming body is content-length (45 bytes)
[2m2025-12-10T10:11:42.802741Z[0m [34mDEBUG[0m [2mhyper::proto::h1::conn[0m[2m:[0m incoming body completed
[2m2025-12-10T10:11:42.802750Z[0m [34mDEBUG[0m [2mhyper::client::pool[0m[2m:[0m pooling idle connection for ("http", 192.168.0.14:8545)
[2m2025-12-10T10:11:42.803440Z[0m [34mDEBUG[0m [2mhyper::proto::h1::io[0m[2m:[0m parsed 4 headers
[2m2025-12-10T10:11:42.803467Z[0m [34mDEBUG[0m [2mhyper::proto::h1::conn[0m[2m:[0m incoming body is content-length (838 bytes)
[2m2025-12-10T10:11:42.803473Z[0m [34mDEBUG[0m [2mhyper::proto::h1::conn[0m[2m:[0m incoming body completed
[2m2025-12-10T10:11:42.803481Z[0m [34mDEBUG[0m [2mhyper::client::pool[0m[2m:[0m pooling idle connection for ("http", 192.168.0.14:8545)
[2m2025-12-10T10:11:42.803487Z[0m [34mDEBUG[0m [2methereum_transaction_pool_monitor::eth_client[0m[2m:[0m 📡 Transaction fetch RPC completed in 6.19225ms
[2m2025-12-10T10:11:42.803512Z[0m [34mDEBUG[0m [2methereum_transaction_pool_monitor::eth_client[0m[2m:[0m DeFi transaction detected - Address: 0xdac17f958d2ee523a2206206994597c13d831ec7, Type: Stablecoin, Value: 0 ETH, Gas: 2.18 Gwei
[2m2025-12-10T10:11:42.803526Z[0m [34mDEBUG[0m [2methereum_transaction_pool_monitor::eth_client[0m[2m:[0m ✅ Transaction 0xa2a9f849b25cadfb379951b82cc45fbdd3a389c6416e779aec8bcfe989824542 fetched and parsed in 6.231625ms
[2m2025-12-10T10:11:42.803532Z[0m [34mDEBUG[0m [2methereum_transaction_pool_monitor::mempool_monitor[0m[2m:[0m 🔍 Skipping tx 0xa2a9f849b25cadfb379951b82cc45fbdd3a389c6416e779aec8bcfe989824542 - not a DEX interaction (target: 0xdAC17F958D2ee523a2206206994597C13D831ec7)
[2m2025-12-10T10:11:42.803539Z[0m [34mDEBUG[0m [2methereum_transaction_pool_monitor::mempool_monitor[0m[2m:[0m 📨 Processing new pending transaction: 0x426e4dfd62bc558469e7ecc6284a1a04152a0dc1b90d49e0406f96deccb425df
[2m2025-12-10T10:11:42.803544Z[0m [34mDEBUG[0m [2methereum_transaction_pool_monitor::mempool_monitor[0m[2m:[0m 🔍 Fetching transaction details for: 0x426e4dfd62bc558469e7ecc6284a1a04152a0dc1b90d49e0406f96deccb425df
[2m2025-12-10T10:11:42.803548Z[0m [34mDEBUG[0m [2methereum_transaction_pool_monitor::eth_client[0m[2m:[0m 🔍 Fetching transaction details for hash: 0x426e4dfd62bc558469e7ecc6284a1a04152a0dc1b90d49e0406f96deccb425df
[2m2025-12-10T10:11:42.803556Z[0m [34mDEBUG[0m [2mhyper::client::pool[0m[2m:[0m reuse idle connection for ("http", 192.168.0.14:8545)
[2m2025-12-10T10:11:42.803568Z[0m [34mDEBUG[0m [2mhyper::proto::h1::io[0m[2m:[0m flushed 250 bytes
[2m2025-12-10T10:11:42.811226Z[0m [34mDEBUG[0m [2mhyper::proto::h1::io[0m[2m:[0m parsed 4 headers
[2m2025-12-10T10:11:42.811231Z[0m [34mDEBUG[0m [2mhyper::proto::h1::conn[0m[2m:[0m incoming body is content-length (830 bytes)
[2m2025-12-10T10:11:42.811235Z[0m [34mDEBUG[0m [2mhyper::proto::h1::conn[0m[2m:[0m incoming body completed
[2m2025-12-10T10:11:42.811239Z[0m [34mDEBUG[0m [2mhyper::client::pool[0m[2m:[0m pooling idle connection for ("http", 192.168.0.14:8545)
[2m2025-12-10T10:11:42.811243Z[0m [34mDEBUG[0m [2methereum_transaction_pool_monitor::eth_client[0m[2m:[0m 📡 Transaction fetch RPC completed in 7.690334ms
[2m2025-12-10T10:11:42.880588Z[0m [34mDEBUG[0m [2methereum_transaction_pool_monitor::eth_client[0m[2m:[0m ✅ Transaction 0x426e4dfd62bc558469e7ecc6284a1a04152a0dc1b90d49e0406f96deccb425df fetched and parsed in 77.032917ms
[2m2025-12-10T10:11:42.880616Z[0m [34mDEBUG[0m [2methereum_transaction_pool_monitor::mempool_monitor[0m[2m:[0m 🔍 Skipping tx 0x426e4dfd62bc558469e7ecc6284a1a04152a0dc1b90d49e0406f96deccb425df - not a DEX interaction (target: 0x3B4D794a66304F130a4Db8F2551B0070dfCf5ca7)
[2m2025-12-10T10:11:42.880626Z[0m [34mDEBUG[0m [2methereum_transaction_pool_monitor::mempool_monitor[0m[2m:[0m 📨 Processing new pending transaction: 0x855d4b50b2dda4ac9e3160a2f7984c7db015e7e2f5c68c9b3da9dcdcb244c4d5
[2m2025-12-10T10:11:42.880631Z[0m [34mDEBUG[0m [2methereum_transaction_pool_monitor::mempool_monitor[0m[2m:[0m 🔍 Fetching transaction details for: 0x855d4b50b2dda4ac9e3160a2f7984c7db015e7e2f5c68c9b3da9dcdcb244c4d5
[2m2025-12-10T10:11:42.880636Z[0m [34mDEBUG[0m [2methereum_transaction_pool_monitor::eth_client[0m[2m:[0m 🔍 Fetching transaction details for hash: 0x855d4b50b2dda4ac9e3160a2f7984c7db015e7e2f5c68c9b3da9dcdcb244c4d5
[2m2025-12-10T10:11:42.880657Z[0m [34mDEBUG[0m [2mhyper::client::pool[0m[2m:[0m reuse idle connection for ("http", 192.168.0.14:8545)
[2m2025-12-10T10:11:42.880688Z[0m [34mDEBUG[0m [2mhyper::proto::h1::io[0m[2m:[0m flushed 250 bytes
[2m2025-12-10T10:11:42.886376Z[0m [34mDEBUG[0m [2mhyper::proto::h1::io[0m[2m:[0m parsed 4 headers
[2m2025-12-10T10:11:42.886398Z[0m [34mDEBUG[0m [2mhyper::proto::h1::conn[0m[2m:[0m incoming body is content-length (771 bytes)
[2m2025-12-10T10:11:42.886415Z[0m [34mDEBUG[0m [2mhyper::proto::h1::conn[0m[2m:[0m incoming body completed
[2m2025-12-10T10:11:42.886440Z[0m [34mDEBUG[0m [2mhyper::client::pool[0m[2m:[0m pooling idle connection for ("http", 192.168.0.14:8545)
[2m2025-12-10T10:11:42.886447Z[0m [34mDEBUG[0m [2methereum_transaction_pool_monitor::eth_client[0m[2m:[0m 📡 Transaction fetch RPC completed in 5.806916ms
[2m2025-12-10T10:11:42.955730Z[0m [34mDEBUG[0m [2methereum_transaction_pool_monitor::eth_client[0m[2m:[0m ✅ Transaction 0x855d4b50b2dda4ac9e3160a2f7984c7db015e7e2f5c68c9b3da9dcdcb244c4d5 fetched and parsed in 75.087958ms
[2m2025-12-10T10:11:42.955757Z[0m [34mDEBUG[0m [2methereum_transaction_pool_monitor::mempool_monitor[0m[2m:[0m 🔍 Skipping tx 0x855d4b50b2dda4ac9e3160a2f7984c7db015e7e2f5c68c9b3da9dcdcb244c4d5 - not a DEX interaction (target: 0xA0b86991c6218b36c1d19D4a2e9Eb0cE3606eB48)
[2m2025-12-10T10:11:42.955768Z[0m [34mDEBUG[0m [2methereum_transaction_pool_monitor::mempool_monitor[0m[2m:[0m 📨 Processing new pending transaction: 0x40219b8b172719c5bc713a1086872fd33700b5b637183221838f8a86fa56671a
[2m2025-12-10T10:11:42.955775Z[0m [34mDEBUG[0m [2methereum_transaction_pool_monitor::mempool_monitor[0m[2m:[0m 🔍 Fetching transaction details for: 0x40219b8b172719c5bc713a1086872fd33700b5b637183221838f8a86fa56671a
[2m2025-12-10T10:11:42.955781Z[0m [34mDEBUG[0m [2methereum_transaction_pool_monitor::eth_client[0m[2m:[0m 🔍 Fetching transaction details for hash: 0x40219b8b172719c5bc713a1086872fd33700b5b637183221838f8a86fa56671a
[2m2025-12-10T10:11:42.955797Z[0m [34mDEBUG[0m [2mhyper::client::pool[0m[2m:[0m reuse idle connection for ("http", 192.168.0.14:8545)
[2m2025-12-10T10:11:42.955845Z[0m [34mDEBUG[0m [2mhyper::proto::h1::io[0m[2m:[0m flushed 250 bytes
[2m2025-12-10T10:11:42.955872Z[0m [34mDEBUG[0m [2mhyper::client::pool[0m[2m:[0m reuse idle connection for ("http", 192.168.0.14:8545)
[2m2025-12-10T10:11:42.955886Z[0m [34mDEBUG[0m [2mhyper::proto::h1::io[0m[2m:[0m flushed 172 bytes
[2m2025-12-10T10:11:42.963501Z[0m [34mDEBUG[0m [2mhyper::proto::h1::io[0m[2m:[0m parsed 4 headers
[2m2025-12-10T10:11:42.963526Z[0m [34mDEBUG[0m [2mhyper::proto::h1::conn[0m[2m:[0m incoming body is content-length (45 bytes)
[2m2025-12-10T10:11:42.963548Z[0m [34mDEBUG[0m [2mhyper::proto::h1::conn[0m[2m:[0m incoming body completed
[2m2025-12-10T10:11:42.963573Z[0m [34mDEBUG[0m [2mhyper::client::pool[0m[2m:[0m pooling idle connection for ("http", 192.168.0.14:8545)
[2m2025-12-10T10:11:42.965369Z[0m [34mDEBUG[0m [2mhyper::proto::h1::io[0m[2m:[0m parsed 4 headers
[2m2025-12-10T10:11:42.965373Z[0m [34mDEBUG[0m [2mhyper::proto::h1::conn[0m[2m:[0m incoming body is content-length (769 bytes)
[2m2025-12-10T10:11:42.965377Z[0m [34mDEBUG[0m [2mhyper::proto::h1::conn[0m[2m:[0m incoming body completed
[2m2025-12-10T10:11:42.965382Z[0m [34mDEBUG[0m [2mhyper::client::pool[0m[2m:[0m pooling idle connection for ("http", 192.168.0.14:8545)
[2m2025-12-10T10:11:42.965386Z[0m [34mDEBUG[0m [2methereum_transaction_pool_monitor::eth_client[0m[2m:[0m 📡 Transaction fetch RPC completed in 9.600792ms
[2m2025-12-10T10:11:42.965399Z[0m [34mDEBUG[0m [2methereum_transaction_pool_monitor::eth_client[0m[2m:[0m DeFi transaction detected - Address: 0xdac17f958d2ee523a2206206994597c13d831ec7, Type: Stablecoin, Value: 0 ETH, Gas: 0.32 Gwei
[2m2025-12-10T10:11:42.965409Z[0m [34mDEBUG[0m [2methereum_transaction_pool_monitor::eth_client[0m[2m:[0m ✅ Transaction 0x40219b8b172719c5bc713a1086872fd33700b5b637183221838f8a86fa56671a fetched and parsed in 9.624792ms
[2m2025-12-10T10:11:42.965414Z[0m [34mDEBUG[0m [2methereum_transaction_pool_monitor::mempool_monitor[0m[2m:[0m 🔍 Skipping tx 0x40219b8b172719c5bc713a1086872fd33700b5b637183221838f8a86fa56671a - not a DEX interaction (target: 0xdAC17F958D2ee523a2206206994597C13D831ec7)
[2m2025-12-10T10:11:42.973782Z[0m [34mDEBUG[0m [2methereum_transaction_pool_monitor::eth_client[0m[2m:[0m 📨 Received WebSocket message: {"jsonrpc":"2.0","method":"eth_subscription","params":{"subscription":"0xbed0a0851463e895960a451075a301a9","result":"0x8ddab69185898d8f9171012080675426450666731ac19684921381a0ef2a1465"}}
[2m2025-12-10T10:11:42.973808Z[0m [34mDEBUG[0m [2methereum_transaction_pool_monitor::eth_client[0m[2m:[0m 📨 Received pending transaction: 0x8ddab69185898d8f9171012080675426450666731ac19684921381a0ef2a1465
[2m2025-12-10T10:11:42.973816Z[0m [34mDEBUG[0m [2methereum_transaction_pool_monitor::mempool_monitor[0m[2m:[0m 📨 Processing new pending transaction: 0x8ddab69185898d8f9171012080675426450666731ac19684921381a0ef2a1465
[2m2025-12-10T10:11:42.973834Z[0m [34mDEBUG[0m [2methereum_transaction_pool_monitor::mempool_monitor[0m[2m:[0m 🔍 Fetching transaction details for: 0x8ddab69185898d8f9171012080675426450666731ac19684921381a0ef2a1465
[2m2025-12-10T10:11:42.973839Z[0m [34mDEBUG[0m [2methereum_transaction_pool_monitor::eth_client[0m[2m:[0m 🔍 Fetching transaction details for hash: 0x8ddab69185898d8f9171012080675426450666731ac19684921381a0ef2a1465
[2m2025-12-10T10:11:42.973847Z[0m [34mDEBUG[0m [2mhyper::client::pool[0m[2m:[0m reuse idle connection for ("http", 192.168.0.14:8545)
[2m2025-12-10T10:11:42.973864Z[0m [34mDEBUG[0m [2mhyper::proto::h1::io[0m[2m:[0m flushed 250 bytes
[2m2025-12-10T10:11:42.976785Z[0m [34mDEBUG[0m [2methereum_transaction_pool_monitor::eth_client[0m[2m:[0m 📨 Received WebSocket message: {"jsonrpc":"2.0","method":"eth_subscription","params":{"subscription":"0xbed0a0851463e895960a451075a301a9","result":"0xcb76131675ba737188f1ae4abbe64375d12e72e7cb8ae8de27ccd7d2aa830b74"}}
[2m2025-12-10T10:11:42.976818Z[0m [34mDEBUG[0m [2methereum_transaction_pool_monitor::eth_client[0m[2m:[0m 📨 Received pending transaction: 0xcb76131675ba737188f1ae4abbe64375d12e72e7cb8ae8de27ccd7d2aa830b74
[2m2025-12-10T10:11:42.976826Z[0m [34mDEBUG[0m [2methereum_transaction_pool_monitor::eth_client[0m[2m:[0m 📨 Received WebSocket message: {"jsonrpc":"2.0","method":"eth_subscription","params":{"subscription":"0xbed0a0851463e895960a451075a301a9","result":"0x5e798c343f13d2739f585387c6662ad082889cb44c547990db21a5eb7031150e"}}
[2m2025-12-10T10:11:42.976852Z[0m [34mDEBUG[0m [2methereum_transaction_pool_monitor::eth_client[0m[2m:[0m 📨 Received pending transaction: 0x5e798c343f13d2739f585387c6662ad082889cb44c547990db21a5eb7031150e
[2m2025-12-10T10:11:42.979054Z[0m [34mDEBUG[0m [2mhyper::proto::h1::io[0m[2m:[0m parsed 4 headers
[2m2025-12-10T10:11:42.979060Z[0m [34mDEBUG[0m [2mhyper::proto::h1::conn[0m[2m:[0m incoming body is content-length (778 bytes)
[2m2025-12-10T10:11:42.979065Z[0m [34mDEBUG[0m [2mhyper::proto::h1::conn[0m[2m:[0m incoming body completed
[2m2025-12-10T10:11:42.979069Z[0m [34mDEBUG[0m [2mhyper::client::pool[0m[2m:[0m pooling idle connection for ("http", 192.168.0.14:8545)
[2m2025-12-10T10:11:42.979074Z[0m [34mDEBUG[0m [2methereum_transaction_pool_monitor::eth_client[0m[2m:[0m 📡 Transaction fetch RPC completed in 5.231458ms
[2m2025-12-10T10:11:43.049410Z[0m [34mDEBUG[0m [2methereum_transaction_pool_monitor::eth_client[0m[2m:[0m ✅ Transaction 0x8ddab69185898d8f9171012080675426450666731ac19684921381a0ef2a1465 fetched and parsed in 75.56575ms
[2m2025-12-10T10:11:43.049440Z[0m [34mDEBUG[0m [2methereum_transaction_pool_monitor::mempool_monitor[0m[2m:[0m 🔍 Skipping tx 0x8ddab69185898d8f9171012080675426450666731ac19684921381a0ef2a1465 - not a DEX interaction (target: 0x57e114B691Db790C35207b2e685D4A43181e6061)
[2m2025-12-10T10:11:43.049451Z[0m [34mDEBUG[0m [2methereum_transaction_pool_monitor::mempool_monitor[0m[2m:[0m 📨 Processing new pending transaction: 0xcb76131675ba737188f1ae4abbe64375d12e72e7cb8ae8de27ccd7d2aa830b74
[2m2025-12-10T10:11:43.049460Z[0m [34mDEBUG[0m [2methereum_transaction_pool_monitor::mempool_monitor[0m[2m:[0m 🔍 Fetching transaction details for: 0xcb76131675ba737188f1ae4abbe64375d12e72e7cb8ae8de27ccd7d2aa830b74
[2m2025-12-10T10:11:43.049467Z[0m [34mDEBUG[0m [2methereum_transaction_pool_monitor::eth_client[0m[2m:[0m 🔍 Fetching transaction details for hash: 0xcb76131675ba737188f1ae4abbe64375d12e72e7cb8ae8de27ccd7d2aa830b74
[2m2025-12-10T10:11:43.049484Z[0m [34mDEBUG[0m [2mhyper::client::pool[0m[2m:[0m reuse idle connection for ("http", 192.168.0.14:8545)
[2m2025-12-10T10:11:43.049520Z[0m [34mDEBUG[0m [2mhyper::proto::h1::io[0m[2m:[0m flushed 250 bytes
[2m2025-12-10T10:11:43.049550Z[0m [34mDEBUG[0m [2mhyper::client::pool[0m[2m:[0m reuse idle connection for ("http", 192.168.0.14:8545)
[2m2025-12-10T10:11:43.049565Z[0m [34mDEBUG[0m [2mhyper::proto::h1::io[0m[2m:[0m flushed 172 bytes
[2m2025-12-10T10:11:43.058737Z[0m [34mDEBUG[0m [2mhyper::proto::h1::io[0m[2m:[0m parsed 4 headers
[2m2025-12-10T10:11:43.058742Z[0m [34mDEBUG[0m [2mhyper::proto::h1::conn[0m[2m:[0m incoming body is content-length (1098 bytes)
[2m2025-12-10T10:11:43.058748Z[0m [34mDEBUG[0m [2mhyper::proto::h1::conn[0m[2m:[0m incoming body completed
[2m2025-12-10T10:11:43.058755Z[0m [34mDEBUG[0m [2mhyper::client::pool[0m[2m:[0m pooling idle connection for ("http", 192.168.0.14:8545)
[2m2025-12-10T10:11:43.058760Z[0m [34mDEBUG[0m [2methereum_transaction_pool_monitor::eth_client[0m[2m:[0m 📡 Transaction fetch RPC completed in 9.288542ms
[2m2025-12-10T10:11:43.127556Z[0m [34mDEBUG[0m [2methereum_transaction_pool_monitor::eth_client[0m[2m:[0m ✅ Transaction 0xcb76131675ba737188f1ae4abbe64375d12e72e7cb8ae8de27ccd7d2aa830b74 fetched and parsed in 78.082125ms
[2m2025-12-10T10:11:43.127585Z[0m [34mDEBUG[0m [2methereum_transaction_pool_monitor::mempool_monitor[0m[2m:[0m 🔍 Skipping tx 0xcb76131675ba737188f1ae4abbe64375d12e72e7cb8ae8de27ccd7d2aa830b74 - not a DEX interaction (target: 0xEe7aE85f2Fe2239E27D9c1E23fFFe168D63b4055)
[2m2025-12-10T10:11:43.127601Z[0m [34mDEBUG[0m [2methereum_transaction_pool_monitor::mempool_monitor[0m[2m:[0m 📨 Processing new pending transaction: 0x5e798c343f13d2739f585387c6662ad082889cb44c547990db21a5eb7031150e
[2m2025-12-10T10:11:43.127608Z[0m [34mDEBUG[0m [2methereum_transaction_pool_monitor::mempool_monitor[0m[2m:[0m 🔍 Fetching transaction details for: 0x5e798c343f13d2739f585387c6662ad082889cb44c547990db21a5eb7031150e
[2m2025-12-10T10:11:43.127613Z[0m [34mDEBUG[0m [2methereum_transaction_pool_monitor::eth_client[0m[2m:[0m 🔍 Fetching transaction details for hash: 0x5e798c343f13d2739f585387c6662ad082889cb44c547990db21a5eb7031150e
[2m2025-12-10T10:11:43.127636Z[0m [34mDEBUG[0m [2mhyper::client::pool[0m[2m:[0m reuse idle connection for ("http", 192.168.0.14:8545)
[2m2025-12-10T10:11:43.127663Z[0m [34mDEBUG[0m [2mhyper::proto::h1::io[0m[2m:[0m flushed 250 bytes
[2m2025-12-10T10:11:43.127687Z[0m [34mDEBUG[0m [2methereum_transaction_pool_monitor::eth_client[0m[2m:[0m 📨 Received WebSocket message: {"jsonrpc":"2.0","method":"eth_subscription","params":{"subscription":"0xbed0a0851463e895960a451075a301a9","result":"0x99cb67e56bd15648bba882360598ce4ba5f8d365baf5f4f32ff50ad9edb0aa6f"}}
[2m2025-12-10T10:11:43.127693Z[0m [34mDEBUG[0m [2mhyper::proto::h1::io[0m[2m:[0m parsed 4 headers
[2m2025-12-10T10:11:43.127793Z[0m [34mDEBUG[0m [2methereum_transaction_pool_monitor::eth_client[0m[2m:[0m 📨 Received pending transaction: 0x99cb67e56bd15648bba882360598ce4ba5f8d365baf5f4f32ff50ad9edb0aa6f
[2m2025-12-10T10:11:43.127796Z[0m [34mDEBUG[0m [2mhyper::proto::h1::conn[0m[2m:[0m incoming body is content-length (45 bytes)
[2m2025-12-10T10:11:43.127808Z[0m [34mDEBUG[0m [2mhyper::proto::h1::conn[0m[2m:[0m incoming body completed
[2m2025-12-10T10:11:43.127817Z[0m [34mDEBUG[0m [2mhyper::client::pool[0m[2m:[0m pooling idle connection for ("http", 192.168.0.14:8545)
[2m2025-12-10T10:11:43.127832Z[0m [34mDEBUG[0m [2mhyper::client::pool[0m[2m:[0m reuse idle connection for ("http", 192.168.0.14:8545)
[2m2025-12-10T10:11:43.127850Z[0m [34mDEBUG[0m [2mhyper::proto::h1::io[0m[2m:[0m flushed 172 bytes
[2m2025-12-10T10:11:43.133630Z[0m [34mDEBUG[0m [2mhyper::proto::h1::io[0m[2m:[0m parsed 4 headers
[2m2025-12-10T10:11:43.133637Z[0m [34mDEBUG[0m [2mhyper::proto::h1::conn[0m[2m:[0m incoming body is content-length (778 bytes)
[2m2025-12-10T10:11:43.133642Z[0m [34mDEBUG[0m [2mhyper::proto::h1::conn[0m[2m:[0m incoming body completed
[2m2025-12-10T10:11:43.133649Z[0m [34mDEBUG[0m [2mhyper::client::pool[0m[2m:[0m pooling idle connection for ("http", 192.168.0.14:8545)
[2m2025-12-10T10:11:43.133655Z[0m [34mDEBUG[0m [2methereum_transaction_pool_monitor::eth_client[0m[2m:[0m 📡 Transaction fetch RPC completed in 6.032958ms
[2m2025-12-10T10:11:43.133671Z[0m [34mDEBUG[0m [2methereum_transaction_pool_monitor::eth_client[0m[2m:[0m DeFi transaction detected - Address: 0xdac17f958d2ee523a2206206994597c13d831ec7, Type: Stablecoin, Value: 0 ETH, Gas: 127.50 Gwei
[2m2025-12-10T10:11:43.133686Z[0m [34mDEBUG[0m [2methereum_transaction_pool_monitor::eth_client[0m[2m:[0m ✅ Transaction 0x5e798c343f13d2739f585387c6662ad082889cb44c547990db21a5eb7031150e fetched and parsed in 6.063958ms
[2m2025-12-10T10:11:43.133691Z[0m [34mDEBUG[0m [2methereum_transaction_pool_monitor::mempool_monitor[0m[2m:[0m 🔍 Skipping tx 0x5e798c343f13d2739f585387c6662ad082889cb44c547990db21a5eb7031150e - not a DEX interaction (target: 0xdAC17F958D2ee523a2206206994597C13D831ec7)
[2m2025-12-10T10:11:43.133697Z[0m [34mDEBUG[0m [2methereum_transaction_pool_monitor::mempool_monitor[0m[2m:[0m 📨 Processing new pending transaction: 0x99cb67e56bd15648bba882360598ce4ba5f8d365baf5f4f32ff50ad9edb0aa6f
[2m2025-12-10T10:11:43.133700Z[0m [34mDEBUG[0m [2methereum_transaction_pool_monitor::mempool_monitor[0m[2m:[0m 🔍 Fetching transaction details for: 0x99cb67e56bd15648bba882360598ce4ba5f8d365baf5f4f32ff50ad9edb0aa6f
[2m2025-12-10T10:11:43.133703Z[0m [34mDEBUG[0m [2methereum_transaction_pool_monitor::eth_client[0m[2m:[0m 🔍 Fetching transaction details for hash: 0x99cb67e56bd15648bba882360598ce4ba5f8d365baf5f4f32ff50ad9edb0aa6f
[2m2025-12-10T10:11:43.133710Z[0m [34mDEBUG[0m [2mhyper::client::pool[0m[2m:[0m reuse idle connection for ("http", 192.168.0.14:8545)
[2m2025-12-10T10:11:43.133720Z[0m [34mDEBUG[0m [2mhyper::proto::h1::io[0m[2m:[0m flushed 250 bytes
[2m2025-12-10T10:11:43.133727Z[0m [34mDEBUG[0m [2mhyper::proto::h1::io[0m[2m:[0m parsed 4 headers
[2m2025-12-10T10:11:43.133730Z[0m [34mDEBUG[0m [2mhyper::proto::h1::conn[0m[2m:[0m incoming body is content-length (45 bytes)
[2m2025-12-10T10:11:43.133734Z[0m [34mDEBUG[0m [2mhyper::proto::h1::conn[0m[2m:[0m incoming body completed
[2m2025-12-10T10:11:43.133738Z[0m [34mDEBUG[0m [2mhyper::client::pool[0m[2m:[0m pooling idle connection for ("http", 192.168.0.14:8545)
[2m2025-12-10T10:11:43.138905Z[0m [34mDEBUG[0m [2mhyper::proto::h1::io[0m[2m:[0m parsed 4 headers
[2m2025-12-10T10:11:43.138909Z[0m [34mDEBUG[0m [2mhyper::proto::h1::conn[0m[2m:[0m incoming body is content-length (778 bytes)
[2m2025-12-10T10:11:43.138913Z[0m [34mDEBUG[0m [2mhyper::proto::h1::conn[0m[2m:[0m incoming body completed
[2m2025-12-10T10:11:43.138916Z[0m [34mDEBUG[0m [2mhyper::client::pool[0m[2m:[0m pooling idle connection for ("http", 192.168.0.14:8545)
[2m2025-12-10T10:11:43.138920Z[0m [34mDEBUG[0m [2methereum_transaction_pool_monitor::eth_client[0m[2m:[0m 📡 Transaction fetch RPC completed in 5.213417ms
[2m2025-12-10T10:11:43.138927Z[0m [34mDEBUG[0m [2methereum_transaction_pool_monitor::eth_client[0m[2m:[0m DeFi transaction detected - Address: 0xdac17f958d2ee523a2206206994597c13d831ec7, Type: Stablecoin, Value: 0 ETH, Gas: 127.50 Gwei
[2m2025-12-10T10:11:43.138935Z[0m [34mDEBUG[0m [2methereum_transaction_pool_monitor::eth_client[0m[2m:[0m ✅ Transaction 0x99cb67e56bd15648bba882360598ce4ba5f8d365baf5f4f32ff50ad9edb0aa6f fetched and parsed in 5.228125ms
[2m2025-12-10T10:11:43.138939Z[0m [34mDEBUG[0m [2methereum_transaction_pool_monitor::mempool_monitor[0m[2m:[0m 🔍 Skipping tx 0x99cb67e56bd15648bba882360598ce4ba5f8d365baf5f4f32ff50ad9edb0aa6f - not a DEX interaction (target: 0xdAC17F958D2ee523a2206206994597C13D831ec7)
[2m2025-12-10T10:11:43.143804Z[0m [34mDEBUG[0m [2methereum_transaction_pool_monitor::eth_client[0m[2m:[0m 📨 Received WebSocket message: {"jsonrpc":"2.0","method":"eth_subscription","params":{"subscription":"0xbed0a0851463e895960a451075a301a9","result":"0xad76e8c634be3cc0a9713107a50b44469ead4ca1ac765aea4d4a0a4eeb98cb7c"}}
[2m2025-12-10T10:11:43.143825Z[0m [34mDEBUG[0m [2methereum_transaction_pool_monitor::eth_client[0m[2m:[0m 📨 Received pending transaction: 0xad76e8c634be3cc0a9713107a50b44469ead4ca1ac765aea4d4a0a4eeb98cb7c
[2m2025-12-10T10:11:43.143830Z[0m [34mDEBUG[0m [2methereum_transaction_pool_monitor::mempool_monitor[0m[2m:[0m 📨 Processing new pending transaction: 0xad76e8c634be3cc0a9713107a50b44469ead4ca1ac765aea4d4a0a4eeb98cb7c
[2m2025-12-10T10:11:43.143833Z[0m [34mDEBUG[0m [2methereum_transaction_pool_monitor::mempool_monitor[0m[2m:[0m 🔍 Fetching transaction details for: 0xad76e8c634be3cc0a9713107a50b44469ead4ca1ac765aea4d4a0a4eeb98cb7c
[2m2025-12-10T10:11:43.143836Z[0m [34mDEBUG[0m [2methereum_transaction_pool_monitor::eth_client[0m[2m:[0m 🔍 Fetching transaction details for hash: 0xad76e8c634be3cc0a9713107a50b44469ead4ca1ac765aea4d4a0a4eeb98cb7c
[2m2025-12-10T10:11:43.143842Z[0m [34mDEBUG[0m [2mhyper::client::pool[0m[2m:[0m reuse idle connection for ("http", 192.168.0.14:8545)
[2m2025-12-10T10:11:43.143854Z[0m [34mDEBUG[0m [2mhyper::proto::h1::io[0m[2m:[0m flushed 250 bytes
[2m2025-12-10T10:11:43.148891Z[0m [34mDEBUG[0m [2mhyper::proto::h1::io[0m[2m:[0m parsed 4 headers
[2m2025-12-10T10:11:43.148896Z[0m [34mDEBUG[0m [2mhyper::proto::h1::conn[0m[2m:[0m incoming body is content-length (769 bytes)
[2m2025-12-10T10:11:43.148900Z[0m [34mDEBUG[0m [2mhyper::proto::h1::conn[0m[2m:[0m incoming body completed
[2m2025-12-10T10:11:43.148905Z[0m [34mDEBUG[0m [2mhyper::client::pool[0m[2m:[0m pooling idle connection for ("http", 192.168.0.14:8545)
[2m2025-12-10T10:11:43.148908Z[0m [34mDEBUG[0m [2methereum_transaction_pool_monitor::eth_client[0m[2m:[0m 📡 Transaction fetch RPC completed in 5.068667ms
[2m2025-12-10T10:11:43.218381Z[0m [34mDEBUG[0m [2methereum_transaction_pool_monitor::eth_client[0m[2m:[0m ✅ Transaction 0xad76e8c634be3cc0a9713107a50b44469ead4ca1ac765aea4d4a0a4eeb98cb7c fetched and parsed in 74.538667ms
[2m2025-12-10T10:11:43.218407Z[0m [34mDEBUG[0m [2methereum_transaction_pool_monitor::mempool_monitor[0m[2m:[0m 🔍 Skipping tx 0xad76e8c634be3cc0a9713107a50b44469ead4ca1ac765aea4d4a0a4eeb98cb7c - not a DEX interaction (target: 0x7448c7456a97769F6cD04F1E83A4a23cCdC46aBD)
[2m2025-12-10T10:11:43.218443Z[0m [34mDEBUG[0m [2mhyper::client::pool[0m[2m:[0m reuse idle connection for ("http", 192.168.0.14:8545)
[2m2025-12-10T10:11:43.218462Z[0m [34mDEBUG[0m [2mhyper::proto::h1::io[0m[2m:[0m flushed 172 bytes
[2m2025-12-10T10:11:43.218500Z[0m [34mDEBUG[0m [2methereum_transaction_pool_monitor::eth_client[0m[2m:[0m 📨 Received WebSocket message: {"jsonrpc":"2.0","method":"eth_subscription","params":{"subscription":"0xbed0a0851463e895960a451075a301a9","result":"0xbd538005252cbd4c0e351f23b0d6f0eff773712b948dce9083674c6fe4f27378"}}
[2m2025-12-10T10:11:43.218508Z[0m [34mDEBUG[0m [2methereum_transaction_pool_monitor::eth_client[0m[2m:[0m 📨 Received pending transaction: 0xbd538005252cbd4c0e351f23b0d6f0eff773712b948dce9083674c6fe4f27378
[2m2025-12-10T10:11:43.218514Z[0m [34mDEBUG[0m [2methereum_transaction_pool_monitor::mempool_monitor[0m[2m:[0m 📨 Processing new pending transaction: 0xbd538005252cbd4c0e351f23b0d6f0eff773712b948dce9083674c6fe4f27378
[2m2025-12-10T10:11:43.218520Z[0m [34mDEBUG[0m [2methereum_transaction_pool_monitor::mempool_monitor[0m[2m:[0m 🔍 Fetching transaction details for: 0xbd538005252cbd4c0e351f23b0d6f0eff773712b948dce9083674c6fe4f27378
[2m2025-12-10T10:11:43.218524Z[0m [34mDEBUG[0m [2methereum_transaction_pool_monitor::eth_client[0m[2m:[0m 🔍 Fetching transaction details for hash: 0xbd538005252cbd4c0e351f23b0d6f0eff773712b948dce9083674c6fe4f27378
[2m2025-12-10T10:11:43.218532Z[0m [34mDEBUG[0m [2mhyper::client::pool[0m[2m:[0m reuse idle connection for ("http", 192.168.0.14:8545)
[2m2025-12-10T10:11:43.218542Z[0m [34mDEBUG[0m [2mhyper::proto::h1::io[0m[2m:[0m flushed 250 bytes
[2m2025-12-10T10:11:43.225752Z[0m [34mDEBUG[0m [2mhyper::proto::h1::io[0m[2m:[0m parsed 4 headers
[2m2025-12-10T10:11:43.227212Z[0m [34mDEBUG[0m [2mhyper::proto::h1::conn[0m[2m:[0m incoming body is content-length (45 bytes)
[2m2025-12-10T10:11:43.227229Z[0m [34mDEBUG[0m [2mhyper::proto::h1::conn[0m[2m:[0m incoming body completed
[2m2025-12-10T10:11:43.227243Z[0m [34mDEBUG[0m [2mhyper::client::pool[0m[2m:[0m pooling idle connection for ("http", 192.168.0.14:8545)
[2m2025-12-10T10:11:43.227269Z[0m [34mDEBUG[0m [2mhyper::proto::h1::io[0m[2m:[0m parsed 4 headers
[2m2025-12-10T10:11:43.227275Z[0m [34mDEBUG[0m [2mhyper::proto::h1::conn[0m[2m:[0m incoming body is content-length (763 bytes)
[2m2025-12-10T10:11:43.227291Z[0m [34mDEBUG[0m [2mhyper::proto::h1::conn[0m[2m:[0m incoming body completed
[2m2025-12-10T10:11:43.227298Z[0m [34mDEBUG[0m [2mhyper::client::pool[0m[2m:[0m pooling idle connection for ("http", 192.168.0.14:8545)
[2m2025-12-10T10:11:43.227306Z[0m [34mDEBUG[0m [2methereum_transaction_pool_monitor::eth_client[0m[2m:[0m 📡 Transaction fetch RPC completed in 8.777667ms
[2m2025-12-10T10:11:43.298229Z[0m [34mDEBUG[0m [2methereum_transaction_pool_monitor::eth_client[0m[2m:[0m ✅ Transaction 0xbd538005252cbd4c0e351f23b0d6f0eff773712b948dce9083674c6fe4f27378 fetched and parsed in 79.698875ms
[2m2025-12-10T10:11:43.298253Z[0m [34mDEBUG[0m [2methereum_transaction_pool_monitor::mempool_monitor[0m[2m:[0m 🔍 Skipping tx 0xbd538005252cbd4c0e351f23b0d6f0eff773712b948dce9083674c6fe4f27378 - not a DEX interaction (target: 0xd50370bEE8bFf23Bbb30ca558a1d0207DBc96ef2)
[2m2025-12-10T10:11:43.298321Z[0m [34mDEBUG[0m [2mhyper::client::pool[0m[2m:[0m reuse idle connection for ("http", 192.168.0.14:8545)
[2m2025-12-10T10:11:43.298341Z[0m [34mDEBUG[0m [2mhyper::proto::h1::io[0m[2m:[0m flushed 172 bytes
[2m2025-12-10T10:11:43.302528Z[0m [34mDEBUG[0m [2mhyper::proto::h1::io[0m[2m:[0m parsed 4 headers
[2m2025-12-10T10:11:43.302537Z[0m [34mDEBUG[0m [2mhyper::proto::h1::conn[0m[2m:[0m incoming body is content-length (45 bytes)
[2m2025-12-10T10:11:43.302547Z[0m [34mDEBUG[0m [2mhyper::proto::h1::conn[0m[2m:[0m incoming body completed
[2m2025-12-10T10:11:43.302558Z[0m [34mDEBUG[0m [2mhyper::client::pool[0m[2m:[0m pooling idle connection for ("http", 192.168.0.14:8545)
[2m2025-12-10T10:11:43.325369Z[0m [34mDEBUG[0m [2methereum_transaction_pool_monitor::eth_client[0m[2m:[0m 📨 Received WebSocket message: {"jsonrpc":"2.0","method":"eth_subscription","params":{"subscription":"0xbed0a0851463e895960a451075a301a9","result":"0x92c7d1c8d8fdda56043ccd58e87426aae29ec9caf634a1e30d61b786a643b0a2"}}
[2m2025-12-10T10:11:43.325395Z[0m [34mDEBUG[0m [2methereum_transaction_pool_monitor::eth_client[0m[2m:[0m 📨 Received pending transaction: 0x92c7d1c8d8fdda56043ccd58e87426aae29ec9caf634a1e30d61b786a643b0a2
[2m2025-12-10T10:11:43.325406Z[0m [34mDEBUG[0m [2methereum_transaction_pool_monitor::mempool_monitor[0m[2m:[0m 📨 Processing new pending transaction: 0x92c7d1c8d8fdda56043ccd58e87426aae29ec9caf634a1e30d61b786a643b0a2
[2m2025-12-10T10:11:43.325411Z[0m [34mDEBUG[0m [2methereum_transaction_pool_monitor::mempool_monitor[0m[2m:[0m 🔍 Fetching transaction details for: 0x92c7d1c8d8fdda56043ccd58e87426aae29ec9caf634a1e30d61b786a643b0a2
[2m2025-12-10T10:11:43.325415Z[0m [34mDEBUG[0m [2methereum_transaction_pool_monitor::eth_client[0m[2m:[0m 🔍 Fetching transaction details for hash: 0x92c7d1c8d8fdda56043ccd58e87426aae29ec9caf634a1e30d61b786a643b0a2
[2m2025-12-10T10:11:43.325437Z[0m [34mDEBUG[0m [2mhyper::client::pool[0m[2m:[0m reuse idle connection for ("http", 192.168.0.14:8545)
[2m2025-12-10T10:11:43.325459Z[0m [34mDEBUG[0m [2mhyper::proto::h1::io[0m[2m:[0m flushed 250 bytes
[2m2025-12-10T10:11:43.330815Z[0m [34mDEBUG[0m [2mhyper::proto::h1::io[0m[2m:[0m parsed 4 headers
[2m2025-12-10T10:11:43.330836Z[0m [34mDEBUG[0m [2mhyper::proto::h1::conn[0m[2m:[0m incoming body is content-length (1731 bytes)
[2m2025-12-10T10:11:43.330867Z[0m [34mDEBUG[0m [2methereum_transaction_pool_monitor::eth_client[0m[2m:[0m 📡 Transaction fetch RPC completed in 5.44875ms
[2m2025-12-10T10:11:43.334038Z[0m [34mDEBUG[0m [2mhyper::proto::h1::conn[0m[2m:[0m incoming body completed
[2m2025-12-10T10:11:43.334080Z[0m [34mDEBUG[0m [2mhyper::client::pool[0m[2m:[0m pooling idle connection for ("http", 192.168.0.14:8545)
[2m2025-12-10T10:11:43.399132Z[0m [34mDEBUG[0m [2mhyper::client::pool[0m[2m:[0m reuse idle connection for ("http", 192.168.0.14:8545)
[2m2025-12-10T10:11:43.399191Z[0m [34mDEBUG[0m [2mhyper::proto::h1::io[0m[2m:[0m flushed 172 bytes
[2m2025-12-10T10:11:43.402196Z[0m [34mDEBUG[0m [2mhyper::proto::h1::io[0m[2m:[0m parsed 4 headers
[2m2025-12-10T10:11:43.402203Z[0m [34mDEBUG[0m [2mhyper::proto::h1::conn[0m[2m:[0m incoming body is content-length (45 bytes)
[2m2025-12-10T10:11:43.402209Z[0m [34mDEBUG[0m [2mhyper::proto::h1::conn[0m[2m:[0m incoming body completed
[2m2025-12-10T10:11:43.402217Z[0m [34mDEBUG[0m [2mhyper::client::pool[0m[2m:[0m pooling idle connection for ("http", 192.168.0.14:8545)
[2m2025-12-10T10:11:43.406009Z[0m [34mDEBUG[0m [2methereum_transaction_pool_monitor::eth_client[0m[2m:[0m ✅ Transaction 0x92c7d1c8d8fdda56043ccd58e87426aae29ec9caf634a1e30d61b786a643b0a2 fetched and parsed in 80.590125ms
[2m2025-12-10T10:11:43.406020Z[0m [34mDEBUG[0m [2methereum_transaction_pool_monitor::mempool_monitor[0m[2m:[0m 🔍 Skipping tx 0x92c7d1c8d8fdda56043ccd58e87426aae29ec9caf634a1e30d61b786a643b0a2 - not a DEX interaction (target: 0x601a2aD6CB5949f0529735254189Ba3194221EDF)
[2m2025-12-10T10:11:43.431859Z[0m [34mDEBUG[0m [2methereum_transaction_pool_monitor::eth_client[0m[2m:[0m 📨 Received WebSocket message: {"jsonrpc":"2.0","method":"eth_subscription","params":{"subscription":"0xbed0a0851463e895960a451075a301a9","result":"0x2a306f5df405a23153fb22625c0597d87945e85fd154b59f8b8ab99fbf85e86b"}}
[2m2025-12-10T10:11:43.431888Z[0m [34mDEBUG[0m [2methereum_transaction_pool_monitor::eth_client[0m[2m:[0m 📨 Received pending transaction: 0x2a306f5df405a23153fb22625c0597d87945e85fd154b59f8b8ab99fbf85e86b
[2m2025-12-10T10:11:43.431896Z[0m [34mDEBUG[0m [2methereum_transaction_pool_monitor::mempool_monitor[0m[2m:[0m 📨 Processing new pending transaction: 0x2a306f5df405a23153fb22625c0597d87945e85fd154b59f8b8ab99fbf85e86b
[2m2025-12-10T10:11:43.432167Z[0m [34mDEBUG[0m [2methereum_transaction_pool_monitor::mempool_monitor[0m[2m:[0m 🔍 Fetching transaction details for: 0x2a306f5df405a23153fb22625c0597d87945e85fd154b59f8b8ab99fbf85e86b
[2m2025-12-10T10:11:43.432171Z[0m [34mDEBUG[0m [2methereum_transaction_pool_monitor::eth_client[0m[2m:[0m 🔍 Fetching transaction details for hash: 0x2a306f5df405a23153fb22625c0597d87945e85fd154b59f8b8ab99fbf85e86b
[2m2025-12-10T10:11:43.432184Z[0m [34mDEBUG[0m [2mhyper::client::pool[0m[2m:[0m reuse idle connection for ("http", 192.168.0.14:8545)
[2m2025-12-10T10:11:43.432198Z[0m [34mDEBUG[0m [2mhyper::proto::h1::io[0m[2m:[0m flushed 250 bytes
[2m2025-12-10T10:11:43.439970Z[0m [34mDEBUG[0m [2mhyper::proto::h1::io[0m[2m:[0m parsed 4 headers
[2m2025-12-10T10:11:43.439989Z[0m [34mDEBUG[0m [2mhyper::proto::h1::conn[0m[2m:[0m incoming body is content-length (7800 bytes)
[2m2025-12-10T10:11:43.440019Z[0m [34mDEBUG[0m [2methereum_transaction_pool_monitor::eth_client[0m[2m:[0m 📡 Transaction fetch RPC completed in 7.844375ms
[2m2025-12-10T10:11:43.442058Z[0m [34mDEBUG[0m [2mhyper::proto::h1::conn[0m[2m:[0m incoming body completed
[2m2025-12-10T10:11:43.442065Z[0m [34mDEBUG[0m [2mhyper::client::pool[0m[2m:[0m pooling idle connection for ("http", 192.168.0.14:8545)
[2m2025-12-10T10:11:43.459079Z[0m [34mDEBUG[0m [2methereum_transaction_pool_monitor::eth_client[0m[2m:[0m 📨 Received WebSocket message: {"jsonrpc":"2.0","method":"eth_subscription","params":{"subscription":"0xbed0a0851463e895960a451075a301a9","result":"0x9ef2001ef69cf9aa7d139745a738601c9e469f5e93844154a6c2aae3749f51c4"}}
[2m2025-12-10T10:11:43.459108Z[0m [34mDEBUG[0m [2methereum_transaction_pool_monitor::eth_client[0m[2m:[0m 📨 Received pending transaction: 0x9ef2001ef69cf9aa7d139745a738601c9e469f5e93844154a6c2aae3749f51c4
[2m2025-12-10T10:11:43.498401Z[0m [34mDEBUG[0m [2mhyper::client::pool[0m[2m:[0m reuse idle connection for ("http", 192.168.0.14:8545)
[2m2025-12-10T10:11:43.498471Z[0m [34mDEBUG[0m [2mhyper::proto::h1::io[0m[2m:[0m flushed 172 bytes
[2m2025-12-10T10:11:43.501950Z[0m [34mDEBUG[0m [2mhyper::proto::h1::io[0m[2m:[0m parsed 4 headers
[2m2025-12-10T10:11:43.501963Z[0m [34mDEBUG[0m [2mhyper::proto::h1::conn[0m[2m:[0m incoming body is content-length (45 bytes)
[2m2025-12-10T10:11:43.501971Z[0m [34mDEBUG[0m [2mhyper::proto::h1::conn[0m[2m:[0m incoming body completed
[2m2025-12-10T10:11:43.501979Z[0m [34mDEBUG[0m [2mhyper::client::pool[0m[2m:[0m pooling idle connection for ("http", 192.168.0.14:8545)
[2m2025-12-10T10:11:43.513644Z[0m [34mDEBUG[0m [2methereum_transaction_pool_monitor::eth_client[0m[2m:[0m ✅ Transaction 0x2a306f5df405a23153fb22625c0597d87945e85fd154b59f8b8ab99fbf85e86b fetched and parsed in 81.466916ms
[2m2025-12-10T10:11:43.513670Z[0m [34mDEBUG[0m [2methereum_transaction_pool_monitor::mempool_monitor[0m[2m:[0m 🔍 Skipping tx 0x2a306f5df405a23153fb22625c0597d87945e85fd154b59f8b8ab99fbf85e86b - not a DEX interaction (target: 0xcA11bde05977b3631167028862bE2a173976CA11)
[2m2025-12-10T10:11:43.513680Z[0m [34mDEBUG[0m [2methereum_transaction_pool_monitor::mempool_monitor[0m[2m:[0m 📨 Processing new pending transaction: 0x9ef2001ef69cf9aa7d139745a738601c9e469f5e93844154a6c2aae3749f51c4
[2m2025-12-10T10:11:43.513685Z[0m [34mDEBUG[0m [2methereum_transaction_pool_monitor::mempool_monitor[0m[2m:[0m 🔍 Fetching transaction details for: 0x9ef2001ef69cf9aa7d139745a738601c9e469f5e93844154a6c2aae3749f51c4
[2m2025-12-10T10:11:43.513689Z[0m [34mDEBUG[0m [2methereum_transaction_pool_monitor::eth_client[0m[2m:[0m 🔍 Fetching transaction details for hash: 0x9ef2001ef69cf9aa7d139745a738601c9e469f5e93844154a6c2aae3749f51c4
[2m2025-12-10T10:11:43.513706Z[0m [34mDEBUG[0m [2mhyper::client::pool[0m[2m:[0m reuse idle connection for ("http", 192.168.0.14:8545)
[2m2025-12-10T10:11:43.513744Z[0m [34mDEBUG[0m [2mhyper::proto::h1::io[0m[2m:[0m flushed 250 bytes
[2m2025-12-10T10:11:43.521083Z[0m [34mDEBUG[0m [2mhyper::proto::h1::io[0m[2m:[0m parsed 4 headers
[2m2025-12-10T10:11:43.521096Z[0m [34mDEBUG[0m [2mhyper::proto::h1::conn[0m[2m:[0m incoming body is content-length (770 bytes)
[2m2025-12-10T10:11:43.521105Z[0m [34mDEBUG[0m [2mhyper::proto::h1::conn[0m[2m:[0m incoming body completed
[2m2025-12-10T10:11:43.521114Z[0m [34mDEBUG[0m [2mhyper::client::pool[0m[2m:[0m pooling idle connection for ("http", 192.168.0.14:8545)
[2m2025-12-10T10:11:43.521123Z[0m [34mDEBUG[0m [2methereum_transaction_pool_monitor::eth_client[0m[2m:[0m 📡 Transaction fetch RPC completed in 7.430042ms
[2m2025-12-10T10:11:43.521135Z[0m [34mDEBUG[0m [2methereum_transaction_pool_monitor::eth_client[0m[2m:[0m DeFi transaction detected - Address: 0xdac17f958d2ee523a2206206994597c13d831ec7, Type: Stablecoin, Value: 0 ETH, Gas: 2.20 Gwei
[2m2025-12-10T10:11:43.521146Z[0m [34mDEBUG[0m [2methereum_transaction_pool_monitor::eth_client[0m[2m:[0m ✅ Transaction 0x9ef2001ef69cf9aa7d139745a738601c9e469f5e93844154a6c2aae3749f51c4 fetched and parsed in 7.452792ms
[2m2025-12-10T10:11:43.521151Z[0m [34mDEBUG[0m [2methereum_transaction_pool_monitor::mempool_monitor[0m[2m:[0m 🔍 Skipping tx 0x9ef2001ef69cf9aa7d139745a738601c9e469f5e93844154a6c2aae3749f51c4 - not a DEX interaction (target: 0xdAC17F958D2ee523a2206206994597C13D831ec7)
[2m2025-12-10T10:11:43.599245Z[0m [34mDEBUG[0m [2mhyper::client::pool[0m[2m:[0m reuse idle connection for ("http", 192.168.0.14:8545)
[2m2025-12-10T10:11:43.599325Z[0m [34mDEBUG[0m [2mhyper::proto::h1::io[0m[2m:[0m flushed 172 bytes
[2m2025-12-10T10:11:43.606714Z[0m [34mDEBUG[0m [2mhyper::proto::h1::io[0m[2m:[0m parsed 4 headers
[2m2025-12-10T10:11:43.606726Z[0m [34mDEBUG[0m [2mhyper::proto::h1::conn[0m[2m:[0m incoming body is content-length (45 bytes)
[2m2025-12-10T10:11:43.606734Z[0m [34mDEBUG[0m [2mhyper::proto::h1::conn[0m[2m:[0m incoming body completed
[2m2025-12-10T10:11:43.606744Z[0m [34mDEBUG[0m [2mhyper::client::pool[0m[2m:[0m pooling idle connection for ("http", 192.168.0.14:8545)
[2m2025-12-10T10:11:43.698776Z[0m [34mDEBUG[0m [2mhyper::client::pool[0m[2m:[0m reuse idle connection for ("http", 192.168.0.14:8545)
[2m2025-12-10T10:11:43.698830Z[0m [34mDEBUG[0m [2mhyper::proto::h1::io[0m[2m:[0m flushed 172 bytes
[2m2025-12-10T10:11:43.702803Z[0m [34mDEBUG[0m [2mhyper::proto::h1::io[0m[2m:[0m parsed 4 headers
[2m2025-12-10T10:11:43.702817Z[0m [34mDEBUG[0m [2mhyper::proto::h1::conn[0m[2m:[0m incoming body is content-length (45 bytes)
[2m2025-12-10T10:11:43.702831Z[0m [34mDEBUG[0m [2mhyper::proto::h1::conn[0m[2m:[0m incoming body completed
[2m2025-12-10T10:11:43.702846Z[0m [34mDEBUG[0m [2mhyper::client::pool[0m[2m:[0m pooling idle connection for ("http", 192.168.0.14:8545)
[2m2025-12-10T10:11:43.797980Z[0m [34mDEBUG[0m [2mhyper::client::pool[0m[2m:[0m reuse idle connection for ("http", 192.168.0.14:8545)
[2m2025-12-10T10:11:43.798041Z[0m [34mDEBUG[0m [2mhyper::proto::h1::io[0m[2m:[0m flushed 172 bytes
[2m2025-12-10T10:11:43.803790Z[0m [34mDEBUG[0m [2mhyper::proto::h1::io[0m[2m:[0m parsed 4 headers
[2m2025-12-10T10:11:43.803804Z[0m [34mDEBUG[0m [2mhyper::proto::h1::conn[0m[2m:[0m incoming body is content-length (45 bytes)
[2m2025-12-10T10:11:43.803812Z[0m [34mDEBUG[0m [2mhyper::proto::h1::conn[0m[2m:[0m incoming body completed
[2m2025-12-10T10:11:43.803821Z[0m [34mDEBUG[0m [2mhyper::client::pool[0m[2m:[0m pooling idle connection for ("http", 192.168.0.14:8545)
[2m2025-12-10T10:11:43.826580Z[0m [34mDEBUG[0m [2methereum_transaction_pool_monitor::eth_client[0m[2m:[0m 📨 Received WebSocket message: {"jsonrpc":"2.0","method":"eth_subscription","params":{"subscription":"0xbed0a0851463e895960a451075a301a9","result":"0x0f562e2fef3e8a097f78d56b325bf7adcead3ee16a7f4656eaa48891f9187744"}}
[2m2025-12-10T10:11:43.826598Z[0m [34mDEBUG[0m [2methereum_transaction_pool_monitor::eth_client[0m[2m:[0m 📨 Received pending transaction: 0x0f562e2fef3e8a097f78d56b325bf7adcead3ee16a7f4656eaa48891f9187744
[2m2025-12-10T10:11:43.826606Z[0m [34mDEBUG[0m [2methereum_transaction_pool_monitor::mempool_monitor[0m[2m:[0m 📨 Processing new pending transaction: 0x0f562e2fef3e8a097f78d56b325bf7adcead3ee16a7f4656eaa48891f9187744
[2m2025-12-10T10:11:43.826610Z[0m [34mDEBUG[0m [2methereum_transaction_pool_monitor::mempool_monitor[0m[2m:[0m 🔍 Fetching transaction details for: 0x0f562e2fef3e8a097f78d56b325bf7adcead3ee16a7f4656eaa48891f9187744
[2m2025-12-10T10:11:43.826614Z[0m [34mDEBUG[0m [2methereum_transaction_pool_monitor::eth_client[0m[2m:[0m 🔍 Fetching transaction details for hash: 0x0f562e2fef3e8a097f78d56b325bf7adcead3ee16a7f4656eaa48891f9187744
[2m2025-12-10T10:11:43.826630Z[0m [34mDEBUG[0m [2mhyper::client::pool[0m[2m:[0m reuse idle connection for ("http", 192.168.0.14:8545)
[2m2025-12-10T10:11:43.826648Z[0m [34mDEBUG[0m [2mhyper::proto::h1::io[0m[2m:[0m flushed 250 bytes
[2m2025-12-10T10:11:43.838280Z[0m [34mDEBUG[0m [2methereum_transaction_pool_monitor::eth_client[0m[2m:[0m 📨 Received WebSocket message: {"jsonrpc":"2.0","method":"eth_subscription","params":{"subscription":"0xbed0a0851463e895960a451075a301a9","result":"0x51d0a52757e97f95493b4323703c6708c806e88ffc8431b4c321ed809d857514"}}
[2m2025-12-10T10:11:43.838293Z[0m [34mDEBUG[0m [2methereum_transaction_pool_monitor::eth_client[0m[2m:[0m 📨 Received pending transaction: 0x51d0a52757e97f95493b4323703c6708c806e88ffc8431b4c321ed809d857514
[2m2025-12-10T10:11:43.838991Z[0m [34mDEBUG[0m [2mhyper::proto::h1::io[0m[2m:[0m parsed 4 headers
[2m2025-12-10T10:11:43.838997Z[0m [34mDEBUG[0m [2mhyper::proto::h1::conn[0m[2m:[0m incoming body is content-length (650 bytes)
[2m2025-12-10T10:11:43.839004Z[0m [34mDEBUG[0m [2mhyper::proto::h1::conn[0m[2m:[0m incoming body completed
[2m2025-12-10T10:11:43.839013Z[0m [34mDEBUG[0m [2mhyper::client::pool[0m[2m:[0m pooling idle connection for ("http", 192.168.0.14:8545)
[2m2025-12-10T10:11:43.839020Z[0m [34mDEBUG[0m [2methereum_transaction_pool_monitor::eth_client[0m[2m:[0m 📡 Transaction fetch RPC completed in 12.402042ms
[2m2025-12-10T10:11:43.911588Z[0m [34mDEBUG[0m [2methereum_transaction_pool_monitor::eth_client[0m[2m:[0m ✅ Transaction 0x0f562e2fef3e8a097f78d56b325bf7adcead3ee16a7f4656eaa48891f9187744 fetched and parsed in 84.967917ms
[2m2025-12-10T10:11:43.911612Z[0m [34mDEBUG[0m [2methereum_transaction_pool_monitor::mempool_monitor[0m[2m:[0m 🔍 Skipping tx 0x0f562e2fef3e8a097f78d56b325bf7adcead3ee16a7f4656eaa48891f9187744 - not a DEX interaction (target: 0xEF686ec84eEa2EAe6F59CBC704D05b939f8fb385)
[2m2025-12-10T10:11:43.911622Z[0m [34mDEBUG[0m [2methereum_transaction_pool_monitor::mempool_monitor[0m[2m:[0m 📨 Processing new pending transaction: 0x51d0a52757e97f95493b4323703c6708c806e88ffc8431b4c321ed809d857514
[2m2025-12-10T10:11:43.911628Z[0m [34mDEBUG[0m [2methereum_transaction_pool_monitor::mempool_monitor[0m[2m:[0m 🔍 Fetching transaction details for: 0x51d0a52757e97f95493b4323703c6708c806e88ffc8431b4c321ed809d857514
[2m2025-12-10T10:11:43.911633Z[0m [34mDEBUG[0m [2methereum_transaction_pool_monitor::eth_client[0m[2m:[0m 🔍 Fetching transaction details for hash: 0x51d0a52757e97f95493b4323703c6708c806e88ffc8431b4c321ed809d857514
[2m2025-12-10T10:11:43.911650Z[0m [34mDEBUG[0m [2mhyper::client::pool[0m[2m:[0m reuse idle connection for ("http", 192.168.0.14:8545)
[2m2025-12-10T10:11:43.911696Z[0m [34mDEBUG[0m [2mhyper::proto::h1::io[0m[2m:[0m flushed 250 bytes
[2m2025-12-10T10:11:43.911714Z[0m [34mDEBUG[0m [2mhyper::client::pool[0m[2m:[0m reuse idle connection for ("http", 192.168.0.14:8545)
[2m2025-12-10T10:11:43.911726Z[0m [34mDEBUG[0m [2mhyper::proto::h1::io[0m[2m:[0m flushed 172 bytes
[2m2025-12-10T10:11:43.911767Z[0m [34mDEBUG[0m [2methereum_transaction_pool_monitor::eth_client[0m[2m:[0m 📨 Received WebSocket message: {"jsonrpc":"2.0","method":"eth_subscription","params":{"subscription":"0xbed0a0851463e895960a451075a301a9","result":"0x82833af8a446e5f4945ef2cb499cd7ec741d0a50edc647468ac5816ac64ace02"}}
[2m2025-12-10T10:11:43.911778Z[0m [34mDEBUG[0m [2methereum_transaction_pool_monitor::eth_client[0m[2m:[0m 📨 Received pending transaction: 0x82833af8a446e5f4945ef2cb499cd7ec741d0a50edc647468ac5816ac64ace02
[2m2025-12-10T10:11:43.917912Z[0m [34mDEBUG[0m [2mhyper::proto::h1::io[0m[2m:[0m parsed 4 headers
[2m2025-12-10T10:11:43.917948Z[0m [34mDEBUG[0m [2mhyper::proto::h1::conn[0m[2m:[0m incoming body is content-length (45 bytes)
[2m2025-12-10T10:11:43.917955Z[0m [34mDEBUG[0m [2mhyper::proto::h1::conn[0m[2m:[0m incoming body completed
[2m2025-12-10T10:11:43.917966Z[0m [34mDEBUG[0m [2mhyper::client::pool[0m[2m:[0m pooling idle connection for ("http", 192.168.0.14:8545)
[2m2025-12-10T10:11:43.918680Z[0m [34mDEBUG[0m [2mhyper::proto::h1::io[0m[2m:[0m parsed 4 headers
[2m2025-12-10T10:11:43.918705Z[0m [34mDEBUG[0m [2mhyper::proto::h1::conn[0m[2m:[0m incoming body is content-length (769 bytes)
[2m2025-12-10T10:11:43.918719Z[0m [34mDEBUG[0m [2mhyper::proto::h1::conn[0m[2m:[0m incoming body completed
[2m2025-12-10T10:11:43.918730Z[0m [34mDEBUG[0m [2mhyper::client::pool[0m[2m:[0m pooling idle connection for ("http", 192.168.0.14:8545)
[2m2025-12-10T10:11:43.918748Z[0m [34mDEBUG[0m [2methereum_transaction_pool_monitor::eth_client[0m[2m:[0m 📡 Transaction fetch RPC completed in 7.110375ms
[2m2025-12-10T10:11:43.918762Z[0m [34mDEBUG[0m [2methereum_transaction_pool_monitor::eth_client[0m[2m:[0m DeFi transaction detected - Address: 0xdac17f958d2ee523a2206206994597c13d831ec7, Type: Stablecoin, Value: 0 ETH, Gas: 0.26 Gwei
[2m2025-12-10T10:11:43.918777Z[0m [34mDEBUG[0m [2methereum_transaction_pool_monitor::eth_client[0m[2m:[0m ✅ Transaction 0x51d0a52757e97f95493b4323703c6708c806e88ffc8431b4c321ed809d857514 fetched and parsed in 7.139417ms
[2m2025-12-10T10:11:43.918783Z[0m [34mDEBUG[0m [2methereum_transaction_pool_monitor::mempool_monitor[0m[2m:[0m 🔍 Skipping tx 0x51d0a52757e97f95493b4323703c6708c806e88ffc8431b4c321ed809d857514 - not a DEX interaction (target: 0xdAC17F958D2ee523a2206206994597C13D831ec7)
[2m2025-12-10T10:11:43.918793Z[0m [34mDEBUG[0m [2methereum_transaction_pool_monitor::mempool_monitor[0m[2m:[0m 📨 Processing new pending transaction: 0x82833af8a446e5f4945ef2cb499cd7ec741d0a50edc647468ac5816ac64ace02
[2m2025-12-10T10:11:43.918798Z[0m [34mDEBUG[0m [2methereum_transaction_pool_monitor::mempool_monitor[0m[2m:[0m 🔍 Fetching transaction details for: 0x82833af8a446e5f4945ef2cb499cd7ec741d0a50edc647468ac5816ac64ace02
[2m2025-12-10T10:11:43.918803Z[0m [34mDEBUG[0m [2methereum_transaction_pool_monitor::eth_client[0m[2m:[0m 🔍 Fetching transaction details for hash: 0x82833af8a446e5f4945ef2cb499cd7ec741d0a50edc647468ac5816ac64ace02
[2m2025-12-10T10:11:43.918821Z[0m [34mDEBUG[0m [2mhyper::client::pool[0m[2m:[0m reuse idle connection for ("http", 192.168.0.14:8545)
[2m2025-12-10T10:11:43.918851Z[0m [34mDEBUG[0m [2mhyper::proto::h1::io[0m[2m:[0m flushed 250 bytes
[2m2025-12-10T10:11:43.923900Z[0m [34mDEBUG[0m [2mhyper::proto::h1::io[0m[2m:[0m parsed 4 headers
[2m2025-12-10T10:11:43.923907Z[0m [34mDEBUG[0m [2mhyper::proto::h1::conn[0m[2m:[0m incoming body is content-length (553 bytes)
[2m2025-12-10T10:11:43.923912Z[0m [34mDEBUG[0m [2mhyper::proto::h1::conn[0m[2m:[0m incoming body completed
[2m2025-12-10T10:11:43.923919Z[0m [34mDEBUG[0m [2mhyper::client::pool[0m[2m:[0m pooling idle connection for ("http", 192.168.0.14:8545)
[2m2025-12-10T10:11:43.923924Z[0m [34mDEBUG[0m [2methereum_transaction_pool_monitor::eth_client[0m[2m:[0m 📡 Transaction fetch RPC completed in 5.115042ms
[2m2025-12-10T10:11:43.995393Z[0m [34mDEBUG[0m [2methereum_transaction_pool_monitor::eth_client[0m[2m:[0m ✅ Transaction 0x82833af8a446e5f4945ef2cb499cd7ec741d0a50edc647468ac5816ac64ace02 fetched and parsed in 76.582042ms
[2m2025-12-10T10:11:43.995479Z[0m [34mDEBUG[0m [2methereum_transaction_pool_monitor::mempool_monitor[0m[2m:[0m 🔍 Skipping tx 0x82833af8a446e5f4945ef2cb499cd7ec741d0a50edc647468ac5816ac64ace02 - not a DEX interaction (target: 0xCBD6832Ebc203e49E2B771897067fce3c58575ac)
[2m2025-12-10T10:11:43.995531Z[0m [34mDEBUG[0m [2methereum_transaction_pool_monitor::eth_client[0m[2m:[0m 📨 Received WebSocket message: {"jsonrpc":"2.0","method":"eth_subscription","params":{"subscription":"0xbed0a0851463e895960a451075a301a9","result":"0xf7f64b38f2c07991b75f2f67224102f7f75aaeb6dc8d536433eb04ab2f12f805"}}
[2m2025-12-10T10:11:43.995540Z[0m [34mDEBUG[0m [2methereum_transaction_pool_monitor::eth_client[0m[2m:[0m 📨 Received pending transaction: 0xf7f64b38f2c07991b75f2f67224102f7f75aaeb6dc8d536433eb04ab2f12f805
[2m2025-12-10T10:11:43.995548Z[0m [34mDEBUG[0m [2methereum_transaction_pool_monitor::eth_client[0m[2m:[0m 📨 Received WebSocket message: {"jsonrpc":"2.0","method":"eth_subscription","params":{"subscription":"0xbed0a0851463e895960a451075a301a9","result":"0x3d10e92032b39735c37697719b9c6aa5dfd7a6a9a3023ca7b1a2a94929319284"}}
[2m2025-12-10T10:11:43.995554Z[0m [34mDEBUG[0m [2methereum_transaction_pool_monitor::eth_client[0m[2m:[0m 📨 Received pending transaction: 0x3d10e92032b39735c37697719b9c6aa5dfd7a6a9a3023ca7b1a2a94929319284
[2m2025-12-10T10:11:43.995559Z[0m [34mDEBUG[0m [2methereum_transaction_pool_monitor::mempool_monitor[0m[2m:[0m 📨 Processing new pending transaction: 0xf7f64b38f2c07991b75f2f67224102f7f75aaeb6dc8d536433eb04ab2f12f805
[2m2025-12-10T10:11:43.995564Z[0m [34mDEBUG[0m [2methereum_transaction_pool_monitor::mempool_monitor[0m[2m:[0m 🔍 Fetching transaction details for: 0xf7f64b38f2c07991b75f2f67224102f7f75aaeb6dc8d536433eb04ab2f12f805
[2m2025-12-10T10:11:43.995568Z[0m [34mDEBUG[0m [2methereum_transaction_pool_monitor::eth_client[0m[2m:[0m 🔍 Fetching transaction details for hash: 0xf7f64b38f2c07991b75f2f67224102f7f75aaeb6dc8d536433eb04ab2f12f805
[2m2025-12-10T10:11:43.995586Z[0m [34mDEBUG[0m [2mhyper::client::pool[0m[2m:[0m reuse idle connection for ("http", 192.168.0.14:8545)
[2m2025-12-10T10:11:43.995604Z[0m [34mDEBUG[0m [2mhyper::proto::h1::io[0m[2m:[0m flushed 250 bytes
[2m2025-12-10T10:11:43.998128Z[0m [34mDEBUG[0m [2mhyper::client::pool[0m[2m:[0m reuse idle connection for ("http", 192.168.0.14:8545)
[2m2025-12-10T10:11:43.998168Z[0m [34mDEBUG[0m [2mhyper::proto::h1::io[0m[2m:[0m flushed 172 bytes
[2m2025-12-10T10:11:44.001790Z[0m [34mDEBUG[0m [2mhyper::proto::h1::io[0m[2m:[0m parsed 4 headers
[2m2025-12-10T10:11:44.001800Z[0m [34mDEBUG[0m [2mhyper::proto::h1::conn[0m[2m:[0m incoming body is content-length (650 bytes)
[2m2025-12-10T10:11:44.001808Z[0m [34mDEBUG[0m [2mhyper::proto::h1::conn[0m[2m:[0m incoming body completed
[2m2025-12-10T10:11:44.001817Z[0m [34mDEBUG[0m [2mhyper::client::pool[0m[2m:[0m pooling idle connection for ("http", 192.168.0.14:8545)
[2m2025-12-10T10:11:44.001824Z[0m [34mDEBUG[0m [2methereum_transaction_pool_monitor::eth_client[0m[2m:[0m 📡 Transaction fetch RPC completed in 6.251209ms
[2m2025-12-10T10:11:44.073772Z[0m [34mDEBUG[0m [2methereum_transaction_pool_monitor::eth_client[0m[2m:[0m ✅ Transaction 0xf7f64b38f2c07991b75f2f67224102f7f75aaeb6dc8d536433eb04ab2f12f805 fetched and parsed in 78.195542ms
[2m2025-12-10T10:11:44.073803Z[0m [34mDEBUG[0m [2methereum_transaction_pool_monitor::mempool_monitor[0m[2m:[0m 🔍 Skipping tx 0xf7f64b38f2c07991b75f2f67224102f7f75aaeb6dc8d536433eb04ab2f12f805 - not a DEX interaction (target: 0xcc4a357918aFBAFE5bc8Fec9b1DA9805E47c383f)
[2m2025-12-10T10:11:44.073814Z[0m [34mDEBUG[0m [2methereum_transaction_pool_monitor::mempool_monitor[0m[2m:[0m 📨 Processing new pending transaction: 0x3d10e92032b39735c37697719b9c6aa5dfd7a6a9a3023ca7b1a2a94929319284
[2m2025-12-10T10:11:44.073820Z[0m [34mDEBUG[0m [2methereum_transaction_pool_monitor::mempool_monitor[0m[2m:[0m 🔍 Fetching transaction details for: 0x3d10e92032b39735c37697719b9c6aa5dfd7a6a9a3023ca7b1a2a94929319284
[2m2025-12-10T10:11:44.073824Z[0m [34mDEBUG[0m [2methereum_transaction_pool_monitor::eth_client[0m[2m:[0m 🔍 Fetching transaction details for hash: 0x3d10e92032b39735c37697719b9c6aa5dfd7a6a9a3023ca7b1a2a94929319284
[2m2025-12-10T10:11:44.073844Z[0m [34mDEBUG[0m [2mhyper::client::pool[0m[2m:[0m reuse idle connection for ("http", 192.168.0.14:8545)
[2m2025-12-10T10:11:44.073887Z[0m [34mDEBUG[0m [2mhyper::proto::h1::io[0m[2m:[0m flushed 250 bytes
[2m2025-12-10T10:11:44.073905Z[0m [34mDEBUG[0m [2mhyper::proto::h1::io[0m[2m:[0m parsed 4 headers
[2m2025-12-10T10:11:44.073909Z[0m [34mDEBUG[0m [2mhyper::proto::h1::conn[0m[2m:[0m incoming body is content-length (45 bytes)
[2m2025-12-10T10:11:44.073917Z[0m [34mDEBUG[0m [2mhyper::proto::h1::conn[0m[2m:[0m incoming body completed
[2m2025-12-10T10:11:44.073925Z[0m [34mDEBUG[0m [2mhyper::client::pool[0m[2m:[0m pooling idle connection for ("http", 192.168.0.14:8545)
[2m2025-12-10T10:11:44.082575Z[0m [34mDEBUG[0m [2mhyper::proto::h1::io[0m[2m:[0m parsed 4 headers
[2m2025-12-10T10:11:44.082585Z[0m [34mDEBUG[0m [2mhyper::proto::h1::conn[0m[2m:[0m incoming body is content-length (773 bytes)
[2m2025-12-10T10:11:44.082590Z[0m [34mDEBUG[0m [2mhyper::proto::h1::conn[0m[2m:[0m incoming body completed
[2m2025-12-10T10:11:44.082597Z[0m [34mDEBUG[0m [2mhyper::client::pool[0m[2m:[0m pooling idle connection for ("http", 192.168.0.14:8545)
[2m2025-12-10T10:11:44.082602Z[0m [34mDEBUG[0m [2methereum_transaction_pool_monitor::eth_client[0m[2m:[0m 📡 Transaction fetch RPC completed in 8.77375ms
[2m2025-12-10T10:11:44.153655Z[0m [34mDEBUG[0m [2methereum_transaction_pool_monitor::eth_client[0m[2m:[0m ✅ Transaction 0x3d10e92032b39735c37697719b9c6aa5dfd7a6a9a3023ca7b1a2a94929319284 fetched and parsed in 79.824125ms
[2m2025-12-10T10:11:44.153683Z[0m [34mDEBUG[0m [2methereum_transaction_pool_monitor::mempool_monitor[0m[2m:[0m 🔍 Skipping tx 0x3d10e92032b39735c37697719b9c6aa5dfd7a6a9a3023ca7b1a2a94929319284 - not a DEX interaction (target: 0xA0b86991c6218b36c1d19D4a2e9Eb0cE3606eB48)
[2m2025-12-10T10:11:44.153733Z[0m [34mDEBUG[0m [2mhyper::client::pool[0m[2m:[0m reuse idle connection for ("http", 192.168.0.14:8545)
[2m2025-12-10T10:11:44.153773Z[0m [34mDEBUG[0m [2mhyper::proto::h1::io[0m[2m:[0m flushed 172 bytes
[2m2025-12-10T10:11:44.157568Z[0m [34mDEBUG[0m [2mhyper::proto::h1::io[0m[2m:[0m parsed 4 headers
[2m2025-12-10T10:11:44.157579Z[0m [34mDEBUG[0m [2mhyper::proto::h1::conn[0m[2m:[0m incoming body is content-length (45 bytes)
[2m2025-12-10T10:11:44.157586Z[0m [34mDEBUG[0m [2mhyper::proto::h1::conn[0m[2m:[0m incoming body completed
[2m2025-12-10T10:11:44.157594Z[0m [34mDEBUG[0m [2mhyper::client::pool[0m[2m:[0m pooling idle connection for ("http", 192.168.0.14:8545)
[2m2025-12-10T10:11:44.197650Z[0m [34mDEBUG[0m [2mhyper::client::pool[0m[2m:[0m reuse idle connection for ("http", 192.168.0.14:8545)
[2m2025-12-10T10:11:44.197703Z[0m [34mDEBUG[0m [2mhyper::proto::h1::io[0m[2m:[0m flushed 172 bytes
[2m2025-12-10T10:11:44.203064Z[0m [34mDEBUG[0m [2mhyper::proto::h1::io[0m[2m:[0m parsed 4 headers
[2m2025-12-10T10:11:44.203099Z[0m [34mDEBUG[0m [2mhyper::proto::h1::conn[0m[2m:[0m incoming body is content-length (45 bytes)
[2m2025-12-10T10:11:44.203111Z[0m [34mDEBUG[0m [2mhyper::proto::h1::conn[0m[2m:[0m incoming body completed
[2m2025-12-10T10:11:44.203137Z[0m [34mDEBUG[0m [2mhyper::client::pool[0m[2m:[0m pooling idle connection for ("http", 192.168.0.14:8545)
[2m2025-12-10T10:11:44.298316Z[0m [34mDEBUG[0m [2mhyper::client::pool[0m[2m:[0m reuse idle connection for ("http", 192.168.0.14:8545)
[2m2025-12-10T10:11:44.298396Z[0m [34mDEBUG[0m [2mhyper::proto::h1::io[0m[2m:[0m flushed 172 bytes
[2m2025-12-10T10:11:44.301763Z[0m [34mDEBUG[0m [2mhyper::proto::h1::io[0m[2m:[0m parsed 4 headers
[2m2025-12-10T10:11:44.301774Z[0m [34mDEBUG[0m [2mhyper::proto::h1::conn[0m[2m:[0m incoming body is content-length (45 bytes)
[2m2025-12-10T10:11:44.301780Z[0m [34mDEBUG[0m [2mhyper::proto::h1::conn[0m[2m:[0m incoming body completed
[2m2025-12-10T10:11:44.301788Z[0m [34mDEBUG[0m [2mhyper::client::pool[0m[2m:[0m pooling idle connection for ("http", 192.168.0.14:8545)
[2m2025-12-10T10:11:44.371431Z[0m [34mDEBUG[0m [2methereum_transaction_pool_monitor::eth_client[0m[2m:[0m 📨 Received WebSocket message: {"jsonrpc":"2.0","method":"eth_subscription","params":{"subscription":"0xbed0a0851463e895960a451075a301a9","result":"0x27764d8fb427d2dc7e92a161fb928c6fc6e2e2d9db3f96c760e370995d31ee9c"}}
[2m2025-12-10T10:11:44.371485Z[0m [34mDEBUG[0m [2methereum_transaction_pool_monitor::eth_client[0m[2m:[0m 📨 Received pending transaction: 0x27764d8fb427d2dc7e92a161fb928c6fc6e2e2d9db3f96c760e370995d31ee9c
[2m2025-12-10T10:11:44.371513Z[0m [34mDEBUG[0m [2methereum_transaction_pool_monitor::mempool_monitor[0m[2m:[0m 📨 Processing new pending transaction: 0x27764d8fb427d2dc7e92a161fb928c6fc6e2e2d9db3f96c760e370995d31ee9c
[2m2025-12-10T10:11:44.371532Z[0m [34mDEBUG[0m [2methereum_transaction_pool_monitor::mempool_monitor[0m[2m:[0m 🔍 Fetching transaction details for: 0x27764d8fb427d2dc7e92a161fb928c6fc6e2e2d9db3f96c760e370995d31ee9c
[2m2025-12-10T10:11:44.371547Z[0m [34mDEBUG[0m [2methereum_transaction_pool_monitor::eth_client[0m[2m:[0m 🔍 Fetching transaction details for hash: 0x27764d8fb427d2dc7e92a161fb928c6fc6e2e2d9db3f96c760e370995d31ee9c
[2m2025-12-10T10:11:44.371596Z[0m [34mDEBUG[0m [2mhyper::client::pool[0m[2m:[0m reuse idle connection for ("http", 192.168.0.14:8545)
[2m2025-12-10T10:11:44.371666Z[0m [34mDEBUG[0m [2mhyper::proto::h1::io[0m[2m:[0m flushed 250 bytes
[2m2025-12-10T10:11:44.379419Z[0m [34mDEBUG[0m [2mhyper::proto::h1::io[0m[2m:[0m parsed 4 headers
[2m2025-12-10T10:11:44.379456Z[0m [34mDEBUG[0m [2mhyper::proto::h1::conn[0m[2m:[0m incoming body is content-length (769 bytes)
[2m2025-12-10T10:11:44.379481Z[0m [34mDEBUG[0m [2mhyper::proto::h1::conn[0m[2m:[0m incoming body completed
[2m2025-12-10T10:11:44.379510Z[0m [34mDEBUG[0m [2mhyper::client::pool[0m[2m:[0m pooling idle connection for ("http", 192.168.0.14:8545)
[2m2025-12-10T10:11:44.379533Z[0m [34mDEBUG[0m [2methereum_transaction_pool_monitor::eth_client[0m[2m:[0m 📡 Transaction fetch RPC completed in 7.970792ms
[2m2025-12-10T10:11:44.465882Z[0m [34mDEBUG[0m [2methereum_transaction_pool_monitor::eth_client[0m[2m:[0m ✅ Transaction 0x27764d8fb427d2dc7e92a161fb928c6fc6e2e2d9db3f96c760e370995d31ee9c fetched and parsed in 94.317542ms
[2m2025-12-10T10:11:44.465915Z[0m [34mDEBUG[0m [2methereum_transaction_pool_monitor::mempool_monitor[0m[2m:[0m 🔍 Skipping tx 0x27764d8fb427d2dc7e92a161fb928c6fc6e2e2d9db3f96c760e370995d31ee9c - not a DEX interaction (target: 0xD228703Ad851ee9e918f317d1e93A9C95c03222f)
[2m2025-12-10T10:11:44.465956Z[0m [34mDEBUG[0m [2mhyper::client::pool[0m[2m:[0m reuse idle connection for ("http", 192.168.0.14:8545)
[2m2025-12-10T10:11:44.465995Z[0m [34mDEBUG[0m [2methereum_transaction_pool_monitor::eth_client[0m[2m:[0m 📨 Received WebSocket message: {"jsonrpc":"2.0","method":"eth_subscription","params":{"subscription":"0xbed0a0851463e895960a451075a301a9","result":"0xb1645d1996f2595eaedeea3f8a866e72e22ea4d4b9400a2696f4d609882d682e"}}
[2m2025-12-10T10:11:44.466001Z[0m [34mDEBUG[0m [2mhyper::proto::h1::io[0m[2m:[0m flushed 172 bytes
[2m2025-12-10T10:11:44.466008Z[0m [34mDEBUG[0m [2methereum_transaction_pool_monitor::eth_client[0m[2m:[0m 📨 Received pending transaction: 0xb1645d1996f2595eaedeea3f8a866e72e22ea4d4b9400a2696f4d609882d682e
[2m2025-12-10T10:11:44.466015Z[0m [34mDEBUG[0m [2methereum_transaction_pool_monitor::eth_client[0m[2m:[0m 📨 Received WebSocket message: {"jsonrpc":"2.0","method":"eth_subscription","params":{"subscription":"0xbed0a0851463e895960a451075a301a9","result":"0xc8b8d71e13e1bfe9d9e400aa859e03501e42edc4cc18f56be6baa0bef749fe05"}}
[2m2025-12-10T10:11:44.466020Z[0m [34mDEBUG[0m [2methereum_transaction_pool_monitor::eth_client[0m[2m:[0m 📨 Received pending transaction: 0xc8b8d71e13e1bfe9d9e400aa859e03501e42edc4cc18f56be6baa0bef749fe05
[2m2025-12-10T10:11:44.466026Z[0m [34mDEBUG[0m [2methereum_transaction_pool_monitor::mempool_monitor[0m[2m:[0m 📨 Processing new pending transaction: 0xb1645d1996f2595eaedeea3f8a866e72e22ea4d4b9400a2696f4d609882d682e
[2m2025-12-10T10:11:44.466030Z[0m [34mDEBUG[0m [2methereum_transaction_pool_monitor::mempool_monitor[0m[2m:[0m 🔍 Fetching transaction details for: 0xb1645d1996f2595eaedeea3f8a866e72e22ea4d4b9400a2696f4d609882d682e
[2m2025-12-10T10:11:44.466034Z[0m [34mDEBUG[0m [2methereum_transaction_pool_monitor::eth_client[0m[2m:[0m 🔍 Fetching transaction details for hash: 0xb1645d1996f2595eaedeea3f8a866e72e22ea4d4b9400a2696f4d609882d682e
[2m2025-12-10T10:11:44.466049Z[0m [34mDEBUG[0m [2mhyper::client::pool[0m[2m:[0m reuse idle connection for ("http", 192.168.0.14:8545)
[2m2025-12-10T10:11:44.466066Z[0m [34mDEBUG[0m [2mhyper::proto::h1::io[0m[2m:[0m flushed 250 bytes
[2m2025-12-10T10:11:44.470478Z[0m [34mDEBUG[0m [2mhyper::proto::h1::io[0m[2m:[0m parsed 4 headers
[2m2025-12-10T10:11:44.470493Z[0m [34mDEBUG[0m [2mhyper::proto::h1::conn[0m[2m:[0m incoming body is content-length (45 bytes)
[2m2025-12-10T10:11:44.470501Z[0m [34mDEBUG[0m [2mhyper::proto::h1::conn[0m[2m:[0m incoming body completed
[2m2025-12-10T10:11:44.470510Z[0m [34mDEBUG[0m [2mhyper::client::pool[0m[2m:[0m pooling idle connection for ("http", 192.168.0.14:8545)
[2m2025-12-10T10:11:44.475762Z[0m [34mDEBUG[0m [2mhyper::proto::h1::io[0m[2m:[0m parsed 4 headers
[2m2025-12-10T10:11:44.475768Z[0m [34mDEBUG[0m [2mhyper::proto::h1::conn[0m[2m:[0m incoming body is content-length (648 bytes)
[2m2025-12-10T10:11:44.475773Z[0m [34mDEBUG[0m [2mhyper::proto::h1::conn[0m[2m:[0m incoming body completed
[2m2025-12-10T10:11:44.475780Z[0m [34mDEBUG[0m [2mhyper::client::pool[0m[2m:[0m pooling idle connection for ("http", 192.168.0.14:8545)
[2m2025-12-10T10:11:44.475785Z[0m [34mDEBUG[0m [2methereum_transaction_pool_monitor::eth_client[0m[2m:[0m 📡 Transaction fetch RPC completed in 9.744375ms
[2m2025-12-10T10:11:44.546447Z[0m [34mDEBUG[0m [2methereum_transaction_pool_monitor::eth_client[0m[2m:[0m ✅ Transaction 0xb1645d1996f2595eaedeea3f8a866e72e22ea4d4b9400a2696f4d609882d682e fetched and parsed in 80.403708ms
[2m2025-12-10T10:11:44.546481Z[0m [34mDEBUG[0m [2methereum_transaction_pool_monitor::mempool_monitor[0m[2m:[0m 🔍 Skipping tx 0xb1645d1996f2595eaedeea3f8a866e72e22ea4d4b9400a2696f4d609882d682e - not a DEX interaction (target: 0xd2674dA94285660c9b2353131bef2d8211369A4B)
[2m2025-12-10T10:11:44.546494Z[0m [34mDEBUG[0m [2methereum_transaction_pool_monitor::mempool_monitor[0m[2m:[0m 📨 Processing new pending transaction: 0xc8b8d71e13e1bfe9d9e400aa859e03501e42edc4cc18f56be6baa0bef749fe05
[2m2025-12-10T10:11:44.546502Z[0m [34mDEBUG[0m [2methereum_transaction_pool_monitor::mempool_monitor[0m[2m:[0m 🔍 Fetching transaction details for: 0xc8b8d71e13e1bfe9d9e400aa859e03501e42edc4cc18f56be6baa0bef749fe05
[2m2025-12-10T10:11:44.546508Z[0m [34mDEBUG[0m [2methereum_transaction_pool_monitor::eth_client[0m[2m:[0m 🔍 Fetching transaction details for hash: 0xc8b8d71e13e1bfe9d9e400aa859e03501e42edc4cc18f56be6baa0bef749fe05
[2m2025-12-10T10:11:44.546531Z[0m [34mDEBUG[0m [2mhyper::client::pool[0m[2m:[0m reuse idle connection for ("http", 192.168.0.14:8545)
[2m2025-12-10T10:11:44.546560Z[0m [34mDEBUG[0m [2mhyper::proto::h1::io[0m[2m:[0m flushed 250 bytes
[2m2025-12-10T10:11:44.546579Z[0m [34mDEBUG[0m [2mhyper::client::pool[0m[2m:[0m reuse idle connection for ("http", 192.168.0.14:8545)
[2m2025-12-10T10:11:44.546591Z[0m [34mDEBUG[0m [2mhyper::proto::h1::io[0m[2m:[0m flushed 172 bytes
[2m2025-12-10T10:11:44.546591Z[0m [34mDEBUG[0m [2methereum_transaction_pool_monitor::eth_client[0m[2m:[0m 📨 Received WebSocket message: {"jsonrpc":"2.0","method":"eth_subscription","params":{"subscription":"0xbed0a0851463e895960a451075a301a9","result":"0x07b36e72abc90d49697ccf0677a49414234e78ba4aa9ddd81347e420101d2e4d"}}
[2m2025-12-10T10:11:44.546679Z[0m [34mDEBUG[0m [2methereum_transaction_pool_monitor::eth_client[0m[2m:[0m 📨 Received pending transaction: 0x07b36e72abc90d49697ccf0677a49414234e78ba4aa9ddd81347e420101d2e4d
[2m2025-12-10T10:11:44.546687Z[0m [34mDEBUG[0m [2methereum_transaction_pool_monitor::eth_client[0m[2m:[0m 📨 Received WebSocket message: {"jsonrpc":"2.0","method":"eth_subscription","params":{"subscription":"0xbed0a0851463e895960a451075a301a9","result":"0xad91417f50a150b1d05da9c058bff8c40f02610ae3005ec8befc4e5b50c2f6b9"}}
[2m2025-12-10T10:11:44.546695Z[0m [34mDEBUG[0m [2methereum_transaction_pool_monitor::eth_client[0m[2m:[0m 📨 Received pending transaction: 0xad91417f50a150b1d05da9c058bff8c40f02610ae3005ec8befc4e5b50c2f6b9
[2m2025-12-10T10:11:44.552540Z[0m [34mDEBUG[0m [2mhyper::proto::h1::io[0m[2m:[0m parsed 4 headers
[2m2025-12-10T10:11:44.552545Z[0m [34mDEBUG[0m [2mhyper::proto::h1::conn[0m[2m:[0m incoming body is content-length (45 bytes)
[2m2025-12-10T10:11:44.552551Z[0m [34mDEBUG[0m [2mhyper::proto::h1::conn[0m[2m:[0m incoming body completed
[2m2025-12-10T10:11:44.552559Z[0m [34mDEBUG[0m [2mhyper::client::pool[0m[2m:[0m pooling idle connection for ("http", 192.168.0.14:8545)
[2m2025-12-10T10:11:44.552575Z[0m [34mDEBUG[0m [2mhyper::proto::h1::io[0m[2m:[0m parsed 4 headers
[2m2025-12-10T10:11:44.552580Z[0m [34mDEBUG[0m [2mhyper::proto::h1::conn[0m[2m:[0m incoming body is content-length (644 bytes)
[2m2025-12-10T10:11:44.552585Z[0m [34mDEBUG[0m [2mhyper::proto::h1::conn[0m[2m:[0m incoming body completed
[2m2025-12-10T10:11:44.552590Z[0m [34mDEBUG[0m [2mhyper::client::pool[0m[2m:[0m pooling idle connection for ("http", 192.168.0.14:8545)
[2m2025-12-10T10:11:44.552594Z[0m [34mDEBUG[0m [2methereum_transaction_pool_monitor::eth_client[0m[2m:[0m 📡 Transaction fetch RPC completed in 6.078583ms
[2m2025-12-10T10:11:44.623972Z[0m [34mDEBUG[0m [2methereum_transaction_pool_monitor::eth_client[0m[2m:[0m ✅ Transaction 0xc8b8d71e13e1bfe9d9e400aa859e03501e42edc4cc18f56be6baa0bef749fe05 fetched and parsed in 77.454125ms
[2m2025-12-10T10:11:44.623998Z[0m [34mDEBUG[0m [2methereum_transaction_pool_monitor::mempool_monitor[0m[2m:[0m 🔍 Skipping tx 0xc8b8d71e13e1bfe9d9e400aa859e03501e42edc4cc18f56be6baa0bef749fe05 - not a DEX interaction (target: 0xA26148AE51fa8E787DF319C04137602Cc018b521)
[2m2025-12-10T10:11:44.624008Z[0m [34mDEBUG[0m [2methereum_transaction_pool_monitor::mempool_monitor[0m[2m:[0m 📨 Processing new pending transaction: 0x07b36e72abc90d49697ccf0677a49414234e78ba4aa9ddd81347e420101d2e4d
[2m2025-12-10T10:11:44.624014Z[0m [34mDEBUG[0m [2methereum_transaction_pool_monitor::mempool_monitor[0m[2m:[0m 🔍 Fetching transaction details for: 0x07b36e72abc90d49697ccf0677a49414234e78ba4aa9ddd81347e420101d2e4d
[2m2025-12-10T10:11:44.624018Z[0m [34mDEBUG[0m [2methereum_transaction_pool_monitor::eth_client[0m[2m:[0m 🔍 Fetching transaction details for hash: 0x07b36e72abc90d49697ccf0677a49414234e78ba4aa9ddd81347e420101d2e4d
[2m2025-12-10T10:11:44.624037Z[0m [34mDEBUG[0m [2mhyper::client::pool[0m[2m:[0m reuse idle connection for ("http", 192.168.0.14:8545)
[2m2025-12-10T10:11:44.624075Z[0m [34mDEBUG[0m [2mhyper::proto::h1::io[0m[2m:[0m flushed 250 bytes
[2m2025-12-10T10:11:44.624093Z[0m [34mDEBUG[0m [2mhyper::client::pool[0m[2m:[0m reuse idle connection for ("http", 192.168.0.14:8545)
[2m2025-12-10T10:11:44.624105Z[0m [34mDEBUG[0m [2mhyper::proto::h1::io[0m[2m:[0m flushed 172 bytes
[2m2025-12-10T10:11:44.624143Z[0m [34mDEBUG[0m [2methereum_transaction_pool_monitor::eth_client[0m[2m:[0m 📨 Received WebSocket message: {"jsonrpc":"2.0","method":"eth_subscription","params":{"subscription":"0xbed0a0851463e895960a451075a301a9","result":"0x2679087c3324cc021e4844f2f318d1d53fbb7ec60bb9ca1333d02fe245774a77"}}
[2m2025-12-10T10:11:44.624149Z[0m [34mDEBUG[0m [2methereum_transaction_pool_monitor::eth_client[0m[2m:[0m 📨 Received pending transaction: 0x2679087c3324cc021e4844f2f318d1d53fbb7ec60bb9ca1333d02fe245774a77
[2m2025-12-10T10:11:44.624154Z[0m [34mDEBUG[0m [2methereum_transaction_pool_monitor::eth_client[0m[2m:[0m 📨 Received WebSocket message: {"jsonrpc":"2.0","method":"eth_subscription","params":{"subscription":"0xbed0a0851463e895960a451075a301a9","result":"0x3d895d4c658d17c8eee0b1107ee3f330c380640b98677b1c8bfc3ff39519b8ce"}}
[2m2025-12-10T10:11:44.624158Z[0m [34mDEBUG[0m [2methereum_transaction_pool_monitor::eth_client[0m[2m:[0m 📨 Received pending transaction: 0x3d895d4c658d17c8eee0b1107ee3f330c380640b98677b1c8bfc3ff39519b8ce
[2m2025-12-10T10:11:44.627609Z[0m [34mDEBUG[0m [2mhyper::proto::h1::io[0m[2m:[0m parsed 4 headers
[2m2025-12-10T10:11:44.627619Z[0m [34mDEBUG[0m [2mhyper::proto::h1::conn[0m[2m:[0m incoming body is content-length (45 bytes)
[2m2025-12-10T10:11:44.627625Z[0m [34mDEBUG[0m [2mhyper::proto::h1::conn[0m[2m:[0m incoming body completed
[2m2025-12-10T10:11:44.627632Z[0m [34mDEBUG[0m [2mhyper::client::pool[0m[2m:[0m pooling idle connection for ("http", 192.168.0.14:8545)
[2m2025-12-10T10:11:44.628147Z[0m [34mDEBUG[0m [2mhyper::proto::h1::io[0m[2m:[0m parsed 4 headers
[2m2025-12-10T10:11:44.628153Z[0m [34mDEBUG[0m [2mhyper::proto::h1::conn[0m[2m:[0m incoming body is content-length (771 bytes)
[2m2025-12-10T10:11:44.628158Z[0m [34mDEBUG[0m [2mhyper::proto::h1::conn[0m[2m:[0m incoming body completed
[2m2025-12-10T10:11:44.628166Z[0m [34mDEBUG[0m [2mhyper::client::pool[0m[2m:[0m pooling idle connection for ("http", 192.168.0.14:8545)
[2m2025-12-10T10:11:44.628173Z[0m [34mDEBUG[0m [2methereum_transaction_pool_monitor::eth_client[0m[2m:[0m 📡 Transaction fetch RPC completed in 4.151ms
[2m2025-12-10T10:11:44.699277Z[0m [34mDEBUG[0m [2methereum_transaction_pool_monitor::eth_client[0m[2m:[0m ✅ Transaction 0x07b36e72abc90d49697ccf0677a49414234e78ba4aa9ddd81347e420101d2e4d fetched and parsed in 75.252833ms
[2m2025-12-10T10:11:44.699307Z[0m [34mDEBUG[0m [2methereum_transaction_pool_monitor::mempool_monitor[0m[2m:[0m 🔍 Skipping tx 0x07b36e72abc90d49697ccf0677a49414234e78ba4aa9ddd81347e420101d2e4d - not a DEX interaction (target: 0xB8f28C60dD8240141185a192fa4156A23E189305)
[2m2025-12-10T10:11:44.699323Z[0m [34mDEBUG[0m [2methereum_transaction_pool_monitor::mempool_monitor[0m[2m:[0m 📨 Processing new pending transaction: 0xad91417f50a150b1d05da9c058bff8c40f02610ae3005ec8befc4e5b50c2f6b9
[2m2025-12-10T10:11:44.699331Z[0m [34mDEBUG[0m [2methereum_transaction_pool_monitor::mempool_monitor[0m[2m:[0m 🔍 Fetching transaction details for: 0xad91417f50a150b1d05da9c058bff8c40f02610ae3005ec8befc4e5b50c2f6b9
[2m2025-12-10T10:11:44.699338Z[0m [34mDEBUG[0m [2methereum_transaction_pool_monitor::eth_client[0m[2m:[0m 🔍 Fetching transaction details for hash: 0xad91417f50a150b1d05da9c058bff8c40f02610ae3005ec8befc4e5b50c2f6b9
[2m2025-12-10T10:11:44.699355Z[0m [34mDEBUG[0m [2mhyper::client::pool[0m[2m:[0m reuse idle connection for ("http", 192.168.0.14:8545)
[2m2025-12-10T10:11:44.699395Z[0m [34mDEBUG[0m [2mhyper::proto::h1::io[0m[2m:[0m flushed 250 bytes
[2m2025-12-10T10:11:44.699413Z[0m [34mDEBUG[0m [2mhyper::client::pool[0m[2m:[0m reuse idle connection for ("http", 192.168.0.14:8545)
[2m2025-12-10T10:11:44.699425Z[0m [34mDEBUG[0m [2mhyper::proto::h1::io[0m[2m:[0m flushed 172 bytes
[2m2025-12-10T10:11:44.699464Z[0m [34mDEBUG[0m [2methereum_transaction_pool_monitor::eth_client[0m[2m:[0m 📨 Received WebSocket message: {"jsonrpc":"2.0","method":"eth_subscription","params":{"subscription":"0xbed0a0851463e895960a451075a301a9","result":"0x991f2138ea8c7c645c922f72e433cc5339715d9c38a5c8fd41966a6a5f674f90"}}
[2m2025-12-10T10:11:44.699473Z[0m [34mDEBUG[0m [2methereum_transaction_pool_monitor::eth_client[0m[2m:[0m 📨 Received pending transaction: 0x991f2138ea8c7c645c922f72e433cc5339715d9c38a5c8fd41966a6a5f674f90
[2m2025-12-10T10:11:44.706655Z[0m [34mDEBUG[0m [2mhyper::proto::h1::io[0m[2m:[0m parsed 4 headers
[2m2025-12-10T10:11:44.706665Z[0m [34mDEBUG[0m [2mhyper::proto::h1::conn[0m[2m:[0m incoming body is content-length (551 bytes)
[2m2025-12-10T10:11:44.706671Z[0m [34mDEBUG[0m [2mhyper::proto::h1::conn[0m[2m:[0m incoming body completed
[2m2025-12-10T10:11:44.706679Z[0m [34mDEBUG[0m [2mhyper::client::pool[0m[2m:[0m pooling idle connection for ("http", 192.168.0.14:8545)
[2m2025-12-10T10:11:44.706685Z[0m [34mDEBUG[0m [2methereum_transaction_pool_monitor::eth_client[0m[2m:[0m 📡 Transaction fetch RPC completed in 7.342666ms
[2m2025-12-10T10:11:44.775099Z[0m [34mDEBUG[0m [2methereum_transaction_pool_monitor::eth_client[0m[2m:[0m ✅ Transaction 0xad91417f50a150b1d05da9c058bff8c40f02610ae3005ec8befc4e5b50c2f6b9 fetched and parsed in 75.753916ms
[2m2025-12-10T10:11:44.775118Z[0m [34mDEBUG[0m [2methereum_transaction_pool_monitor::mempool_monitor[0m[2m:[0m 🔍 Skipping tx 0xad91417f50a150b1d05da9c058bff8c40f02610ae3005ec8befc4e5b50c2f6b9 - not a DEX interaction (target: 0x023020C1193322351f7F632fCd8aD694828E8025)
[2m2025-12-10T10:11:44.775127Z[0m [34mDEBUG[0m [2methereum_transaction_pool_monitor::mempool_monitor[0m[2m:[0m 📨 Processing new pending transaction: 0x2679087c3324cc021e4844f2f318d1d53fbb7ec60bb9ca1333d02fe245774a77
[2m2025-12-10T10:11:44.775131Z[0m [34mDEBUG[0m [2methereum_transaction_pool_monitor::mempool_monitor[0m[2m:[0m 🔍 Fetching transaction details for: 0x2679087c3324cc021e4844f2f318d1d53fbb7ec60bb9ca1333d02fe245774a77
[2m2025-12-10T10:11:44.775135Z[0m [34mDEBUG[0m [2methereum_transaction_pool_monitor::eth_client[0m[2m:[0m 🔍 Fetching transaction details for hash: 0x2679087c3324cc021e4844f2f318d1d53fbb7ec60bb9ca1333d02fe245774a77
[2m2025-12-10T10:11:44.775150Z[0m [34mDEBUG[0m [2mhyper::client::pool[0m[2m:[0m reuse idle connection for ("http", 192.168.0.14:8545)
[2m2025-12-10T10:11:44.775196Z[0m [34mDEBUG[0m [2mhyper::proto::h1::io[0m[2m:[0m flushed 250 bytes
[2m2025-12-10T10:11:44.775217Z[0m [34mDEBUG[0m [2methereum_transaction_pool_monitor::eth_client[0m[2m:[0m 📨 Received WebSocket message: {"jsonrpc":"2.0","method":"eth_subscription","params":{"subscription":"0xbed0a0851463e895960a451075a301a9","result":"0x73890f18d5c8389b029fa46e15e4e1e4e358f1d4fe34742dfa38000db0390a18"}}
[2m2025-12-10T10:11:44.775224Z[0m [34mDEBUG[0m [2methereum_transaction_pool_monitor::eth_client[0m[2m:[0m 📨 Received pending transaction: 0x73890f18d5c8389b029fa46e15e4e1e4e358f1d4fe34742dfa38000db0390a18
[2m2025-12-10T10:11:44.775230Z[0m [34mDEBUG[0m [2methereum_transaction_pool_monitor::eth_client[0m[2m:[0m 📨 Received WebSocket message: {"jsonrpc":"2.0","method":"eth_subscription","params":{"subscription":"0xbed0a0851463e895960a451075a301a9","result":"0x95c760436a5da35f53c28172f7dcd129517305be196f4128bc0199346d36bbc5"}}
[2m2025-12-10T10:11:44.775234Z[0m [34mDEBUG[0m [2methereum_transaction_pool_monitor::eth_client[0m[2m:[0m 📨 Received pending transaction: 0x95c760436a5da35f53c28172f7dcd129517305be196f4128bc0199346d36bbc5
[2m2025-12-10T10:11:44.775233Z[0m [34mDEBUG[0m [2mhyper::proto::h1::io[0m[2m:[0m parsed 4 headers
[2m2025-12-10T10:11:44.775238Z[0m [34mDEBUG[0m [2methereum_transaction_pool_monitor::eth_client[0m[2m:[0m 📨 Received WebSocket message: {"jsonrpc":"2.0","method":"eth_subscription","params":{"subscription":"0xbed0a0851463e895960a451075a301a9","result":"0x5c7a43318538f3f15be225fbcf804a05a6e569284f5b39a0f89182b86f74441e"}}
[2m2025-12-10T10:11:44.775272Z[0m [34mDEBUG[0m [2mhyper::proto::h1::conn[0m[2m:[0m incoming body is content-length (45 bytes)
[2m2025-12-10T10:11:44.775284Z[0m [34mDEBUG[0m [2methereum_transaction_pool_monitor::eth_client[0m[2m:[0m 📨 Received pending transaction: 0x5c7a43318538f3f15be225fbcf804a05a6e569284f5b39a0f89182b86f74441e
[2m2025-12-10T10:11:44.775291Z[0m [34mDEBUG[0m [2mhyper::proto::h1::conn[0m[2m:[0m incoming body completed
[2m2025-12-10T10:11:44.775310Z[0m [34mDEBUG[0m [2mhyper::client::pool[0m[2m:[0m pooling idle connection for ("http", 192.168.0.14:8545)
[2m2025-12-10T10:11:44.779550Z[0m [34mDEBUG[0m [2mhyper::proto::h1::io[0m[2m:[0m parsed 4 headers
[2m2025-12-10T10:11:44.779558Z[0m [34mDEBUG[0m [2mhyper::proto::h1::conn[0m[2m:[0m incoming body is content-length (1286 bytes)
[2m2025-12-10T10:11:44.779564Z[0m [34mDEBUG[0m [2mhyper::proto::h1::conn[0m[2m:[0m incoming body completed
[2m2025-12-10T10:11:44.779572Z[0m [34mDEBUG[0m [2mhyper::client::pool[0m[2m:[0m pooling idle connection for ("http", 192.168.0.14:8545)
[2m2025-12-10T10:11:44.779577Z[0m [34mDEBUG[0m [2methereum_transaction_pool_monitor::eth_client[0m[2m:[0m 📡 Transaction fetch RPC completed in 4.438667ms
[2m2025-12-10T10:11:44.851393Z[0m [34mDEBUG[0m [2methereum_transaction_pool_monitor::eth_client[0m[2m:[0m ✅ Transaction 0x2679087c3324cc021e4844f2f318d1d53fbb7ec60bb9ca1333d02fe245774a77 fetched and parsed in 76.252375ms
[2m2025-12-10T10:11:44.851420Z[0m [34mDEBUG[0m [2methereum_transaction_pool_monitor::mempool_monitor[0m[2m:[0m 🔍 Skipping tx 0x2679087c3324cc021e4844f2f318d1d53fbb7ec60bb9ca1333d02fe245774a77 - not a DEX interaction (target: 0x216550E25c54Ea394d9B862375eFC2C2c5CfbEb1)
[2m2025-12-10T10:11:44.851430Z[0m [34mDEBUG[0m [2methereum_transaction_pool_monitor::mempool_monitor[0m[2m:[0m 📨 Processing new pending transaction: 0x3d895d4c658d17c8eee0b1107ee3f330c380640b98677b1c8bfc3ff39519b8ce
[2m2025-12-10T10:11:44.851436Z[0m [34mDEBUG[0m [2methereum_transaction_pool_monitor::mempool_monitor[0m[2m:[0m 🔍 Fetching transaction details for: 0x3d895d4c658d17c8eee0b1107ee3f330c380640b98677b1c8bfc3ff39519b8ce
[2m2025-12-10T10:11:44.851440Z[0m [34mDEBUG[0m [2methereum_transaction_pool_monitor::eth_client[0m[2m:[0m 🔍 Fetching transaction details for hash: 0x3d895d4c658d17c8eee0b1107ee3f330c380640b98677b1c8bfc3ff39519b8ce
[2m2025-12-10T10:11:44.851459Z[0m [34mDEBUG[0m [2mhyper::client::pool[0m[2m:[0m reuse idle connection for ("http", 192.168.0.14:8545)
[2m2025-12-10T10:11:44.851497Z[0m [34mDEBUG[0m [2mhyper::proto::h1::io[0m[2m:[0m flushed 250 bytes
[2m2025-12-10T10:11:44.851531Z[0m [34mDEBUG[0m [2mhyper::client::pool[0m[2m:[0m reuse idle connection for ("http", 192.168.0.14:8545)
[2m2025-12-10T10:11:44.851552Z[0m [34mDEBUG[0m [2mhyper::proto::h1::io[0m[2m:[0m flushed 172 bytes
[2m2025-12-10T10:11:44.856405Z[0m [34mDEBUG[0m [2mhyper::proto::h1::io[0m[2m:[0m parsed 4 headers
[2m2025-12-10T10:11:44.856440Z[0m [34mDEBUG[0m [2mhyper::proto::h1::conn[0m[2m:[0m incoming body is content-length (830 bytes)
[2m2025-12-10T10:11:44.856450Z[0m [34mDEBUG[0m [2mhyper::proto::h1::conn[0m[2m:[0m incoming body completed
[2m2025-12-10T10:11:44.856459Z[0m [34mDEBUG[0m [2mhyper::client::pool[0m[2m:[0m pooling idle connection for ("http", 192.168.0.14:8545)
[2m2025-12-10T10:11:44.856466Z[0m [34mDEBUG[0m [2methereum_transaction_pool_monitor::eth_client[0m[2m:[0m 📡 Transaction fetch RPC completed in 5.021334ms
[2m2025-12-10T10:11:44.927532Z[0m [34mDEBUG[0m [2methereum_transaction_pool_monitor::eth_client[0m[2m:[0m ✅ Transaction 0x3d895d4c658d17c8eee0b1107ee3f330c380640b98677b1c8bfc3ff39519b8ce fetched and parsed in 76.085709ms
[2m2025-12-10T10:11:44.927559Z[0m [34mDEBUG[0m [2methereum_transaction_pool_monitor::mempool_monitor[0m[2m:[0m 🔍 Skipping tx 0x3d895d4c658d17c8eee0b1107ee3f330c380640b98677b1c8bfc3ff39519b8ce - not a DEX interaction (target: 0x3B4D794a66304F130a4Db8F2551B0070dfCf5ca7)
[2m2025-12-10T10:11:44.927568Z[0m [34mDEBUG[0m [2methereum_transaction_pool_monitor::mempool_monitor[0m[2m:[0m 📨 Processing new pending transaction: 0x991f2138ea8c7c645c922f72e433cc5339715d9c38a5c8fd41966a6a5f674f90
[2m2025-12-10T10:11:44.927650Z[0m [34mDEBUG[0m [2methereum_transaction_pool_monitor::mempool_monitor[0m[2m:[0m 🔍 Fetching transaction details for: 0x991f2138ea8c7c645c922f72e433cc5339715d9c38a5c8fd41966a6a5f674f90
[2m2025-12-10T10:11:44.927658Z[0m [34mDEBUG[0m [2methereum_transaction_pool_monitor::eth_client[0m[2m:[0m 🔍 Fetching transaction details for hash: 0x991f2138ea8c7c645c922f72e433cc5339715d9c38a5c8fd41966a6a5f674f90
[2m2025-12-10T10:11:44.927678Z[0m [34mDEBUG[0m [2mhyper::client::pool[0m[2m:[0m reuse idle connection for ("http", 192.168.0.14:8545)
[2m2025-12-10T10:11:44.927701Z[0m [34mDEBUG[0m [2mhyper::proto::h1::io[0m[2m:[0m flushed 250 bytes
[2m2025-12-10T10:11:44.927717Z[0m [34mDEBUG[0m [2mhyper::proto::h1::io[0m[2m:[0m parsed 4 headers
[2m2025-12-10T10:11:44.927721Z[0m [34mDEBUG[0m [2mhyper::proto::h1::conn[0m[2m:[0m incoming body is content-length (45 bytes)
[2m2025-12-10T10:11:44.927728Z[0m [34mDEBUG[0m [2mhyper::proto::h1::conn[0m[2m:[0m incoming body completed
[2m2025-12-10T10:11:44.927736Z[0m [34mDEBUG[0m [2mhyper::client::pool[0m[2m:[0m pooling idle connection for ("http", 192.168.0.14:8545)
[2m2025-12-10T10:11:44.927752Z[0m [34mDEBUG[0m [2mhyper::client::pool[0m[2m:[0m reuse idle connection for ("http", 192.168.0.14:8545)
[2m2025-12-10T10:11:44.927767Z[0m [34mDEBUG[0m [2mhyper::proto::h1::io[0m[2m:[0m flushed 172 bytes
[2m2025-12-10T10:11:44.933614Z[0m [34mDEBUG[0m [2mhyper::proto::h1::io[0m[2m:[0m parsed 4 headers
[2m2025-12-10T10:11:44.933642Z[0m [34mDEBUG[0m [2mhyper::proto::h1::conn[0m[2m:[0m incoming body is content-length (773 bytes)
[2m2025-12-10T10:11:44.933653Z[0m [34mDEBUG[0m [2mhyper::proto::h1::conn[0m[2m:[0m incoming body completed
[2m2025-12-10T10:11:44.933674Z[0m [34mDEBUG[0m [2mhyper::client::pool[0m[2m:[0m pooling idle connection for ("http", 192.168.0.14:8545)
[2m2025-12-10T10:11:44.933679Z[0m [34mDEBUG[0m [2methereum_transaction_pool_monitor::eth_client[0m[2m:[0m 📡 Transaction fetch RPC completed in 6.016125ms
[2m2025-12-10T10:11:44.933692Z[0m [34mDEBUG[0m [2methereum_transaction_pool_monitor::eth_client[0m[2m:[0m DeFi transaction detected - Address: 0xdac17f958d2ee523a2206206994597c13d831ec7, Type: Stablecoin, Value: 0 ETH, Gas: 0.89 Gwei
[2m2025-12-10T10:11:44.933708Z[0m [34mDEBUG[0m [2methereum_transaction_pool_monitor::eth_client[0m[2m:[0m ✅ Transaction 0x991f2138ea8c7c645c922f72e433cc5339715d9c38a5c8fd41966a6a5f674f90 fetched and parsed in 6.045125ms
[2m2025-12-10T10:11:44.933715Z[0m [34mDEBUG[0m [2methereum_transaction_pool_monitor::mempool_monitor[0m[2m:[0m 🔍 Skipping tx 0x991f2138ea8c7c645c922f72e433cc5339715d9c38a5c8fd41966a6a5f674f90 - not a DEX interaction (target: 0xdAC17F958D2ee523a2206206994597C13D831ec7)
[2m2025-12-10T10:11:44.933721Z[0m [34mDEBUG[0m [2methereum_transaction_pool_monitor::mempool_monitor[0m[2m:[0m 📨 Processing new pending transaction: 0x73890f18d5c8389b029fa46e15e4e1e4e358f1d4fe34742dfa38000db0390a18
[2m2025-12-10T10:11:44.933725Z[0m [34mDEBUG[0m [2methereum_transaction_pool_monitor::mempool_monitor[0m[2m:[0m 🔍 Fetching transaction details for: 0x73890f18d5c8389b029fa46e15e4e1e4e358f1d4fe34742dfa38000db0390a18
[2m2025-12-10T10:11:44.933729Z[0m [34mDEBUG[0m [2methereum_transaction_pool_monitor::eth_client[0m[2m:[0m 🔍 Fetching transaction details for hash: 0x73890f18d5c8389b029fa46e15e4e1e4e358f1d4fe34742dfa38000db0390a18
[2m2025-12-10T10:11:44.933737Z[0m [34mDEBUG[0m [2mhyper::client::pool[0m[2m:[0m reuse idle connection for ("http", 192.168.0.14:8545)
[2m2025-12-10T10:11:44.933752Z[0m [34mDEBUG[0m [2mhyper::proto::h1::io[0m[2m:[0m flushed 250 bytes
[2m2025-12-10T10:11:44.933760Z[0m [34mDEBUG[0m [2mhyper::proto::h1::io[0m[2m:[0m parsed 4 headers
[2m2025-12-10T10:11:44.933764Z[0m [34mDEBUG[0m [2mhyper::proto::h1::conn[0m[2m:[0m incoming body is content-length (45 bytes)
[2m2025-12-10T10:11:44.933769Z[0m [34mDEBUG[0m [2mhyper::proto::h1::conn[0m[2m:[0m incoming body completed
[2m2025-12-10T10:11:44.933773Z[0m [34mDEBUG[0m [2mhyper::client::pool[0m[2m:[0m pooling idle connection for ("http", 192.168.0.14:8545)
[2m2025-12-10T10:11:44.940145Z[0m [34mDEBUG[0m [2mhyper::proto::h1::io[0m[2m:[0m parsed 4 headers
[2m2025-12-10T10:11:44.940166Z[0m [34mDEBUG[0m [2mhyper::proto::h1::conn[0m[2m:[0m incoming body is content-length (773 bytes)
[2m2025-12-10T10:11:44.940191Z[0m [34mDEBUG[0m [2mhyper::proto::h1::conn[0m[2m:[0m incoming body completed
[2m2025-12-10T10:11:44.940217Z[0m [34mDEBUG[0m [2mhyper::client::pool[0m[2m:[0m pooling idle connection for ("http", 192.168.0.14:8545)
[2m2025-12-10T10:11:44.940222Z[0m [34mDEBUG[0m [2methereum_transaction_pool_monitor::eth_client[0m[2m:[0m 📡 Transaction fetch RPC completed in 6.488833ms
[2m2025-12-10T10:11:44.940233Z[0m [34mDEBUG[0m [2methereum_transaction_pool_monitor::eth_client[0m[2m:[0m DeFi transaction detected - Address: 0xdac17f958d2ee523a2206206994597c13d831ec7, Type: Stablecoin, Value: 0 ETH, Gas: 1.64 Gwei
[2m2025-12-10T10:11:44.940245Z[0m [34mDEBUG[0m [2methereum_transaction_pool_monitor::eth_client[0m[2m:[0m ✅ Transaction 0x73890f18d5c8389b029fa46e15e4e1e4e358f1d4fe34742dfa38000db0390a18 fetched and parsed in 6.51175ms
[2m2025-12-10T10:11:44.940252Z[0m [34mDEBUG[0m [2methereum_transaction_pool_monitor::mempool_monitor[0m[2m:[0m 🔍 Skipping tx 0x73890f18d5c8389b029fa46e15e4e1e4e358f1d4fe34742dfa38000db0390a18 - not a DEX interaction (target: 0xdAC17F958D2ee523a2206206994597C13D831ec7)
[2m2025-12-10T10:11:44.940259Z[0m [34mDEBUG[0m [2methereum_transaction_pool_monitor::mempool_monitor[0m[2m:[0m 📨 Processing new pending transaction: 0x95c760436a5da35f53c28172f7dcd129517305be196f4128bc0199346d36bbc5
[2m2025-12-10T10:11:44.940263Z[0m [34mDEBUG[0m [2methereum_transaction_pool_monitor::mempool_monitor[0m[2m:[0m 🔍 Fetching transaction details for: 0x95c760436a5da35f53c28172f7dcd129517305be196f4128bc0199346d36bbc5
[2m2025-12-10T10:11:44.940268Z[0m [34mDEBUG[0m [2methereum_transaction_pool_monitor::eth_client[0m[2m:[0m 🔍 Fetching transaction details for hash: 0x95c760436a5da35f53c28172f7dcd129517305be196f4128bc0199346d36bbc5
[2m2025-12-10T10:11:44.940275Z[0m [34mDEBUG[0m [2mhyper::client::pool[0m[2m:[0m reuse idle connection for ("http", 192.168.0.14:8545)
[2m2025-12-10T10:11:44.940289Z[0m [34mDEBUG[0m [2mhyper::proto::h1::io[0m[2m:[0m flushed 250 bytes
[2m2025-12-10T10:11:44.944859Z[0m [34mDEBUG[0m [2mhyper::proto::h1::io[0m[2m:[0m parsed 4 headers
[2m2025-12-10T10:11:44.944866Z[0m [34mDEBUG[0m [2mhyper::proto::h1::conn[0m[2m:[0m incoming body is content-length (2563 bytes)
[2m2025-12-10T10:11:44.944872Z[0m [34mDEBUG[0m [2mhyper::proto::h1::conn[0m[2m:[0m incoming body completed
[2m2025-12-10T10:11:44.944878Z[0m [34mDEBUG[0m [2mhyper::client::pool[0m[2m:[0m pooling idle connection for ("http", 192.168.0.14:8545)
[2m2025-12-10T10:11:44.944884Z[0m [34mDEBUG[0m [2methereum_transaction_pool_monitor::eth_client[0m[2m:[0m 📡 Transaction fetch RPC completed in 4.611958ms
[2m2025-12-10T10:11:45.017475Z[0m [34mDEBUG[0m [2methereum_transaction_pool_monitor::eth_client[0m[2m:[0m ✅ Transaction 0x95c760436a5da35f53c28172f7dcd129517305be196f4128bc0199346d36bbc5 fetched and parsed in 77.200583ms
[2m2025-12-10T10:11:45.017496Z[0m [34mDEBUG[0m [2methereum_transaction_pool_monitor::mempool_monitor[0m[2m:[0m 🔍 Skipping tx 0x95c760436a5da35f53c28172f7dcd129517305be196f4128bc0199346d36bbc5 - not a DEX interaction (target: 0x94503a50952c19C1BEB0078F65f457b482C4eCBf)
[2m2025-12-10T10:11:45.017507Z[0m [34mDEBUG[0m [2methereum_transaction_pool_monitor::mempool_monitor[0m[2m:[0m 📨 Processing new pending transaction: 0x5c7a43318538f3f15be225fbcf804a05a6e569284f5b39a0f89182b86f74441e
[2m2025-12-10T10:11:45.017514Z[0m [34mDEBUG[0m [2methereum_transaction_pool_monitor::mempool_monitor[0m[2m:[0m 🔍 Fetching transaction details for: 0x5c7a43318538f3f15be225fbcf804a05a6e569284f5b39a0f89182b86f74441e
[2m2025-12-10T10:11:45.017518Z[0m [34mDEBUG[0m [2methereum_transaction_pool_monitor::eth_client[0m[2m:[0m 🔍 Fetching transaction details for hash: 0x5c7a43318538f3f15be225fbcf804a05a6e569284f5b39a0f89182b86f74441e
[2m2025-12-10T10:11:45.017535Z[0m [34mDEBUG[0m [2mhyper::client::pool[0m[2m:[0m reuse idle connection for ("http", 192.168.0.14:8545)
[2m2025-12-10T10:11:45.017561Z[0m [34mDEBUG[0m [2mhyper::proto::h1::io[0m[2m:[0m flushed 250 bytes
[2m2025-12-10T10:11:45.017578Z[0m [34mDEBUG[0m [2mhyper::client::pool[0m[2m:[0m reuse idle connection for ("http", 192.168.0.14:8545)
[2m2025-12-10T10:11:45.017592Z[0m [34mDEBUG[0m [2mhyper::proto::h1::io[0m[2m:[0m flushed 172 bytes
[2m2025-12-10T10:11:45.017593Z[0m [34mDEBUG[0m [2methereum_transaction_pool_monitor::eth_client[0m[2m:[0m 📨 Received WebSocket message: {"jsonrpc":"2.0","method":"eth_subscription","params":{"subscription":"0xbed0a0851463e895960a451075a301a9","result":"0x647a148c83d42eddbf34a9b27d90d568c29300863281b21b5b129fac2cfc3194"}}
[2m2025-12-10T10:11:45.017607Z[0m [34mDEBUG[0m [2methereum_transaction_pool_monitor::eth_client[0m[2m:[0m 📨 Received pending transaction: 0x647a148c83d42eddbf34a9b27d90d568c29300863281b21b5b129fac2cfc3194
[2m2025-12-10T10:11:45.017612Z[0m [34mDEBUG[0m [2methereum_transaction_pool_monitor::eth_client[0m[2m:[0m 📨 Received WebSocket message: {"jsonrpc":"2.0","method":"eth_subscription","params":{"subscription":"0xbed0a0851463e895960a451075a301a9","result":"0x50bd457b4937476683c5fcdeba84ee6642cc093afe916d1bd62e50402725f969"}}
[2m2025-12-10T10:11:45.017616Z[0m [34mDEBUG[0m [2methereum_transaction_pool_monitor::eth_client[0m[2m:[0m 📨 Received pending transaction: 0x50bd457b4937476683c5fcdeba84ee6642cc093afe916d1bd62e50402725f969
[2m2025-12-10T10:11:45.017620Z[0m [34mDEBUG[0m [2methereum_transaction_pool_monitor::eth_client[0m[2m:[0m 📨 Received WebSocket message: {"jsonrpc":"2.0","method":"eth_subscription","params":{"subscription":"0xbed0a0851463e895960a451075a301a9","result":"0xc5cb001af3beee19278f94fb2f5be51f4bf0b42327ab1f47eb99c9aa9a0c5450"}}
[2m2025-12-10T10:11:45.017624Z[0m [34mDEBUG[0m [2methereum_transaction_pool_monitor::eth_client[0m[2m:[0m 📨 Received pending transaction: 0xc5cb001af3beee19278f94fb2f5be51f4bf0b42327ab1f47eb99c9aa9a0c5450
[2m2025-12-10T10:11:45.020746Z[0m [34mDEBUG[0m [2mhyper::proto::h1::io[0m[2m:[0m parsed 4 headers
[2m2025-12-10T10:11:45.020770Z[0m [34mDEBUG[0m [2mhyper::proto::h1::conn[0m[2m:[0m incoming body is content-length (45 bytes)
[2m2025-12-10T10:11:45.020803Z[0m [34mDEBUG[0m [2mhyper::proto::h1::conn[0m[2m:[0m incoming body completed
[2m2025-12-10T10:11:45.020813Z[0m [34mDEBUG[0m [2mhyper::client::pool[0m[2m:[0m pooling idle connection for ("http", 192.168.0.14:8545)
[2m2025-12-10T10:11:45.023298Z[0m [34mDEBUG[0m [2mhyper::proto::h1::io[0m[2m:[0m parsed 4 headers
[2m2025-12-10T10:11:45.023320Z[0m [34mDEBUG[0m [2mhyper::proto::h1::conn[0m[2m:[0m incoming body is content-length (677 bytes)
[2m2025-12-10T10:11:45.023337Z[0m [34mDEBUG[0m [2mhyper::proto::h1::conn[0m[2m:[0m incoming body completed
[2m2025-12-10T10:11:45.023361Z[0m [34mDEBUG[0m [2mhyper::client::pool[0m[2m:[0m pooling idle connection for ("http", 192.168.0.14:8545)
[2m2025-12-10T10:11:45.023365Z[0m [34mDEBUG[0m [2methereum_transaction_pool_monitor::eth_client[0m[2m:[0m 📡 Transaction fetch RPC completed in 5.842792ms
[2m2025-12-10T10:11:45.023376Z[0m [34mDEBUG[0m [2methereum_transaction_pool_monitor::eth_client[0m[2m:[0m DeFi transaction detected - Address: 0xdac17f958d2ee523a2206206994597c13d831ec7, Type: Stablecoin, Value: 0 ETH, Gas: 1.00 Gwei
[2m2025-12-10T10:11:45.023388Z[0m [34mDEBUG[0m [2methereum_transaction_pool_monitor::eth_client[0m[2m:[0m ✅ Transaction 0x5c7a43318538f3f15be225fbcf804a05a6e569284f5b39a0f89182b86f74441e fetched and parsed in 5.866417ms
[2m2025-12-10T10:11:45.023393Z[0m [34mDEBUG[0m [2methereum_transaction_pool_monitor::mempool_monitor[0m[2m:[0m 🔍 Skipping tx 0x5c7a43318538f3f15be225fbcf804a05a6e569284f5b39a0f89182b86f74441e - not a DEX interaction (target: 0xdAC17F958D2ee523a2206206994597C13D831ec7)
[2m2025-12-10T10:11:45.023398Z[0m [34mDEBUG[0m [2methereum_transaction_pool_monitor::mempool_monitor[0m[2m:[0m 📨 Processing new pending transaction: 0x647a148c83d42eddbf34a9b27d90d568c29300863281b21b5b129fac2cfc3194
[2m2025-12-10T10:11:45.023402Z[0m [34mDEBUG[0m [2methereum_transaction_pool_monitor::mempool_monitor[0m[2m:[0m 🔍 Fetching transaction details for: 0x647a148c83d42eddbf34a9b27d90d568c29300863281b21b5b129fac2cfc3194
[2m2025-12-10T10:11:45.023406Z[0m [34mDEBUG[0m [2methereum_transaction_pool_monitor::eth_client[0m[2m:[0m 🔍 Fetching transaction details for hash: 0x647a148c83d42eddbf34a9b27d90d568c29300863281b21b5b129fac2cfc3194
[2m2025-12-10T10:11:45.023415Z[0m [34mDEBUG[0m [2mhyper::client::pool[0m[2m:[0m reuse idle connection for ("http", 192.168.0.14:8545)
[2m2025-12-10T10:11:45.023428Z[0m [34mDEBUG[0m [2mhyper::proto::h1::io[0m[2m:[0m flushed 250 bytes
[2m2025-12-10T10:11:45.028774Z[0m [34mDEBUG[0m [2mhyper::proto::h1::io[0m[2m:[0m parsed 4 headers
[2m2025-12-10T10:11:45.028805Z[0m [34mDEBUG[0m [2mhyper::proto::h1::conn[0m[2m:[0m incoming body is content-length (2653 bytes)
[2m2025-12-10T10:11:45.028814Z[0m [34mDEBUG[0m [2mhyper::proto::h1::conn[0m[2m:[0m incoming body completed
[2m2025-12-10T10:11:45.028819Z[0m [34mDEBUG[0m [2mhyper::client::pool[0m[2m:[0m pooling idle connection for ("http", 192.168.0.14:8545)
[2m2025-12-10T10:11:45.028825Z[0m [34mDEBUG[0m [2methereum_transaction_pool_monitor::eth_client[0m[2m:[0m 📡 Transaction fetch RPC completed in 5.414625ms
[2m2025-12-10T10:11:45.100706Z[0m [34mDEBUG[0m [2methereum_transaction_pool_monitor::eth_client[0m[2m:[0m ✅ Transaction 0x647a148c83d42eddbf34a9b27d90d568c29300863281b21b5b129fac2cfc3194 fetched and parsed in 77.293833ms
[2m2025-12-10T10:11:45.100728Z[0m [34mDEBUG[0m [2methereum_transaction_pool_monitor::mempool_monitor[0m[2m:[0m 🔍 Skipping tx 0x647a148c83d42eddbf34a9b27d90d568c29300863281b21b5b129fac2cfc3194 - not a DEX interaction (target: 0x661b39a5EB200dFcbb436d98453BdBf88Da02AA1)
[2m2025-12-10T10:11:45.100738Z[0m [34mDEBUG[0m [2methereum_transaction_pool_monitor::mempool_monitor[0m[2m:[0m 📨 Processing new pending transaction: 0x50bd457b4937476683c5fcdeba84ee6642cc093afe916d1bd62e50402725f969
[2m2025-12-10T10:11:45.100745Z[0m [34mDEBUG[0m [2methereum_transaction_pool_monitor::mempool_monitor[0m[2m:[0m 🔍 Fetching transaction details for: 0x50bd457b4937476683c5fcdeba84ee6642cc093afe916d1bd62e50402725f969
[2m2025-12-10T10:11:45.100749Z[0m [34mDEBUG[0m [2methereum_transaction_pool_monitor::eth_client[0m[2m:[0m 🔍 Fetching transaction details for hash: 0x50bd457b4937476683c5fcdeba84ee6642cc093afe916d1bd62e50402725f969
[2m2025-12-10T10:11:45.100768Z[0m [34mDEBUG[0m [2mhyper::client::pool[0m[2m:[0m reuse idle connection for ("http", 192.168.0.14:8545)
[2m2025-12-10T10:11:45.100793Z[0m [34mDEBUG[0m [2mhyper::proto::h1::io[0m[2m:[0m flushed 250 bytes
[2m2025-12-10T10:11:45.100822Z[0m [34mDEBUG[0m [2mhyper::client::pool[0m[2m:[0m reuse idle connection for ("http", 192.168.0.14:8545)
[2m2025-12-10T10:11:45.100833Z[0m [34mDEBUG[0m [2mhyper::proto::h1::io[0m[2m:[0m flushed 172 bytes
[2m2025-12-10T10:11:45.107645Z[0m [34mDEBUG[0m [2mhyper::proto::h1::io[0m[2m:[0m parsed 4 headers
[2m2025-12-10T10:11:45.107663Z[0m [34mDEBUG[0m [2mhyper::proto::h1::conn[0m[2m:[0m incoming body is content-length (45 bytes)
[2m2025-12-10T10:11:45.107686Z[0m [34mDEBUG[0m [2mhyper::proto::h1::conn[0m[2m:[0m incoming body completed
[2m2025-12-10T10:11:45.107701Z[0m [34mDEBUG[0m [2mhyper::client::pool[0m[2m:[0m pooling idle connection for ("http", 192.168.0.14:8545)
[2m2025-12-10T10:11:45.110026Z[0m [34mDEBUG[0m [2mhyper::proto::h1::io[0m[2m:[0m parsed 4 headers
[2m2025-12-10T10:11:45.110031Z[0m [34mDEBUG[0m [2mhyper::proto::h1::conn[0m[2m:[0m incoming body is content-length (2178 bytes)
[2m2025-12-10T10:11:45.110035Z[0m [34mDEBUG[0m [2mhyper::proto::h1::conn[0m[2m:[0m incoming body completed
[2m2025-12-10T10:11:45.110040Z[0m [34mDEBUG[0m [2mhyper::client::pool[0m[2m:[0m pooling idle connection for ("http", 192.168.0.14:8545)
[2m2025-12-10T10:11:45.110045Z[0m [34mDEBUG[0m [2methereum_transaction_pool_monitor::eth_client[0m[2m:[0m 📡 Transaction fetch RPC completed in 9.29125ms
[2m2025-12-10T10:11:45.182037Z[0m [34mDEBUG[0m [2methereum_transaction_pool_monitor::eth_client[0m[2m:[0m ✅ Transaction 0x50bd457b4937476683c5fcdeba84ee6642cc093afe916d1bd62e50402725f969 fetched and parsed in 81.281041ms
[2m2025-12-10T10:11:45.182063Z[0m [34mDEBUG[0m [2methereum_transaction_pool_monitor::mempool_monitor[0m[2m:[0m 🔍 Skipping tx 0x50bd457b4937476683c5fcdeba84ee6642cc093afe916d1bd62e50402725f969 - not a DEX interaction (target: 0xe4E4B4BC5DA04d77fBbC5476Ec4643eCE88dB50B)
[2m2025-12-10T10:11:45.182072Z[0m [34mDEBUG[0m [2methereum_transaction_pool_monitor::mempool_monitor[0m[2m:[0m 📨 Processing new pending transaction: 0xc5cb001af3beee19278f94fb2f5be51f4bf0b42327ab1f47eb99c9aa9a0c5450
[2m2025-12-10T10:11:45.182078Z[0m [34mDEBUG[0m [2methereum_transaction_pool_monitor::mempool_monitor[0m[2m:[0m 🔍 Fetching transaction details for: 0xc5cb001af3beee19278f94fb2f5be51f4bf0b42327ab1f47eb99c9aa9a0c5450
[2m2025-12-10T10:11:45.182083Z[0m [34mDEBUG[0m [2methereum_transaction_pool_monitor::eth_client[0m[2m:[0m 🔍 Fetching transaction details for hash: 0xc5cb001af3beee19278f94fb2f5be51f4bf0b42327ab1f47eb99c9aa9a0c5450
[2m2025-12-10T10:11:45.182099Z[0m [34mDEBUG[0m [2mhyper::client::pool[0m[2m:[0m reuse idle connection for ("http", 192.168.0.14:8545)
[2m2025-12-10T10:11:45.182139Z[0m [34mDEBUG[0m [2mhyper::proto::h1::io[0m[2m:[0m flushed 250 bytes
[2m2025-12-10T10:11:45.191722Z[0m [34mDEBUG[0m [2mhyper::proto::h1::io[0m[2m:[0m parsed 4 headers
[2m2025-12-10T10:11:45.191728Z[0m [34mDEBUG[0m [2mhyper::proto::h1::conn[0m[2m:[0m incoming body is content-length (549 bytes)
[2m2025-12-10T10:11:45.191734Z[0m [34mDEBUG[0m [2mhyper::proto::h1::conn[0m[2m:[0m incoming body completed
[2m2025-12-10T10:11:45.191741Z[0m [34mDEBUG[0m [2mhyper::client::pool[0m[2m:[0m pooling idle connection for ("http", 192.168.0.14:8545)
[2m2025-12-10T10:11:45.191747Z[0m [34mDEBUG[0m [2methereum_transaction_pool_monitor::eth_client[0m[2m:[0m 📡 Transaction fetch RPC completed in 9.659833ms
[2m2025-12-10T10:11:45.261600Z[0m [34mDEBUG[0m [2methereum_transaction_pool_monitor::eth_client[0m[2m:[0m ✅ Transaction 0xc5cb001af3beee19278f94fb2f5be51f4bf0b42327ab1f47eb99c9aa9a0c5450 fetched and parsed in 79.510458ms
[2m2025-12-10T10:11:45.261627Z[0m [34mDEBUG[0m [2methereum_transaction_pool_monitor::mempool_monitor[0m[2m:[0m 🔍 Skipping tx 0xc5cb001af3beee19278f94fb2f5be51f4bf0b42327ab1f47eb99c9aa9a0c5450 - not a DEX interaction (target: 0xC3A807FF9B83b27Df128Df5A0bcBf212Eb3FF931)
[2m2025-12-10T10:11:45.261660Z[0m [34mDEBUG[0m [2mhyper::client::pool[0m[2m:[0m reuse idle connection for ("http", 192.168.0.14:8545)
[2m2025-12-10T10:11:45.261668Z[0m [34mDEBUG[0m [2methereum_transaction_pool_monitor::eth_client[0m[2m:[0m 📨 Received WebSocket message: {"jsonrpc":"2.0","method":"eth_subscription","params":{"subscription":"0xbed0a0851463e895960a451075a301a9","result":"0x40c7b80a9cd6e55e75c43993fa1aef68c9a6b0995fc1a1706a90c3099c0ff7d1"}}
[2m2025-12-10T10:11:45.261680Z[0m [34mDEBUG[0m [2methereum_transaction_pool_monitor::eth_client[0m[2m:[0m 📨 Received pending transaction: 0x40c7b80a9cd6e55e75c43993fa1aef68c9a6b0995fc1a1706a90c3099c0ff7d1
[2m2025-12-10T10:11:45.261683Z[0m [34mDEBUG[0m [2mhyper::proto::h1::io[0m[2m:[0m flushed 172 bytes
[2m2025-12-10T10:11:45.261695Z[0m [34mDEBUG[0m [2methereum_transaction_pool_monitor::eth_client[0m[2m:[0m 📨 Received WebSocket message: {"jsonrpc":"2.0","method":"eth_subscription","params":{"subscription":"0xbed0a0851463e895960a451075a301a9","result":"0x3887585f73e9b3370667aaf42b1079239017feace75cebfea8986d69258468c1"}}
[2m2025-12-10T10:11:45.261704Z[0m [34mDEBUG[0m [2methereum_transaction_pool_monitor::eth_client[0m[2m:[0m 📨 Received pending transaction: 0x3887585f73e9b3370667aaf42b1079239017feace75cebfea8986d69258468c1
[2m2025-12-10T10:11:45.261715Z[0m [34mDEBUG[0m [2methereum_transaction_pool_monitor::mempool_monitor[0m[2m:[0m 📨 Processing new pending transaction: 0x40c7b80a9cd6e55e75c43993fa1aef68c9a6b0995fc1a1706a90c3099c0ff7d1
[2m2025-12-10T10:11:45.261725Z[0m [34mDEBUG[0m [2methereum_transaction_pool_monitor::mempool_monitor[0m[2m:[0m 🔍 Fetching transaction details for: 0x40c7b80a9cd6e55e75c43993fa1aef68c9a6b0995fc1a1706a90c3099c0ff7d1
[2m2025-12-10T10:11:45.261732Z[0m [34mDEBUG[0m [2methereum_transaction_pool_monitor::eth_client[0m[2m:[0m 🔍 Fetching transaction details for hash: 0x40c7b80a9cd6e55e75c43993fa1aef68c9a6b0995fc1a1706a90c3099c0ff7d1
[2m2025-12-10T10:11:45.261744Z[0m [34mDEBUG[0m [2mhyper::client::pool[0m[2m:[0m reuse idle connection for ("http", 192.168.0.14:8545)
[2m2025-12-10T10:11:45.261759Z[0m [34mDEBUG[0m [2mhyper::proto::h1::io[0m[2m:[0m flushed 250 bytes
[2m2025-12-10T10:11:45.268570Z[0m [34mDEBUG[0m [2mhyper::proto::h1::io[0m[2m:[0m parsed 4 headers
[2m2025-12-10T10:11:45.268592Z[0m [34mDEBUG[0m [2mhyper::proto::h1::conn[0m[2m:[0m incoming body is content-length (45 bytes)
[2m2025-12-10T10:11:45.268616Z[0m [34mDEBUG[0m [2mhyper::proto::h1::conn[0m[2m:[0m incoming body completed
[2m2025-12-10T10:11:45.268628Z[0m [34mDEBUG[0m [2mhyper::client::pool[0m[2m:[0m pooling idle connection for ("http", 192.168.0.14:8545)
[2m2025-12-10T10:11:45.269008Z[0m [34mDEBUG[0m [2mhyper::proto::h1::io[0m[2m:[0m parsed 4 headers
[2m2025-12-10T10:11:45.269015Z[0m [34mDEBUG[0m [2mhyper::proto::h1::conn[0m[2m:[0m incoming body is content-length (703 bytes)
[2m2025-12-10T10:11:45.269019Z[0m [34mDEBUG[0m [2mhyper::proto::h1::conn[0m[2m:[0m incoming body completed
[2m2025-12-10T10:11:45.269023Z[0m [34mDEBUG[0m [2mhyper::client::pool[0m[2m:[0m pooling idle connection for ("http", 192.168.0.14:8545)
[2m2025-12-10T10:11:45.269027Z[0m [34mDEBUG[0m [2methereum_transaction_pool_monitor::eth_client[0m[2m:[0m 📡 Transaction fetch RPC completed in 7.288167ms
[2m2025-12-10T10:11:45.340244Z[0m [34mDEBUG[0m [2methereum_transaction_pool_monitor::eth_client[0m[2m:[0m ✅ Transaction 0x40c7b80a9cd6e55e75c43993fa1aef68c9a6b0995fc1a1706a90c3099c0ff7d1 fetched and parsed in 78.502125ms
[2m2025-12-10T10:11:45.340273Z[0m [34mDEBUG[0m [2methereum_transaction_pool_monitor::mempool_monitor[0m[2m:[0m 🔍 Skipping tx 0x40c7b80a9cd6e55e75c43993fa1aef68c9a6b0995fc1a1706a90c3099c0ff7d1 - not a DEX interaction (target: 0x90EE31Ce2e200Ff67847CEa69a48da583F1894a3)
[2m2025-12-10T10:11:45.340285Z[0m [34mDEBUG[0m [2methereum_transaction_pool_monitor::mempool_monitor[0m[2m:[0m 📨 Processing new pending transaction: 0x3887585f73e9b3370667aaf42b1079239017feace75cebfea8986d69258468c1
[2m2025-12-10T10:11:45.340294Z[0m [34mDEBUG[0m [2methereum_transaction_pool_monitor::mempool_monitor[0m[2m:[0m 🔍 Fetching transaction details for: 0x3887585f73e9b3370667aaf42b1079239017feace75cebfea8986d69258468c1
[2m2025-12-10T10:11:45.340299Z[0m [34mDEBUG[0m [2methereum_transaction_pool_monitor::eth_client[0m[2m:[0m 🔍 Fetching transaction details for hash: 0x3887585f73e9b3370667aaf42b1079239017feace75cebfea8986d69258468c1
[2m2025-12-10T10:11:45.340319Z[0m [34mDEBUG[0m [2mhyper::client::pool[0m[2m:[0m reuse idle connection for ("http", 192.168.0.14:8545)
[2m2025-12-10T10:11:45.340356Z[0m [34mDEBUG[0m [2mhyper::proto::h1::io[0m[2m:[0m flushed 250 bytes
[2m2025-12-10T10:11:45.340385Z[0m [34mDEBUG[0m [2mhyper::client::pool[0m[2m:[0m reuse idle connection for ("http", 192.168.0.14:8545)
[2m2025-12-10T10:11:45.340399Z[0m [34mDEBUG[0m [2mhyper::proto::h1::io[0m[2m:[0m flushed 172 bytes
[2m2025-12-10T10:11:45.346129Z[0m [34mDEBUG[0m [2mhyper::proto::h1::io[0m[2m:[0m parsed 4 headers
[2m2025-12-10T10:11:45.346144Z[0m [34mDEBUG[0m [2mhyper::proto::h1::conn[0m[2m:[0m incoming body is content-length (830 bytes)
[2m2025-12-10T10:11:45.346159Z[0m [34mDEBUG[0m [2mhyper::proto::h1::conn[0m[2m:[0m incoming body completed
[2m2025-12-10T10:11:45.346176Z[0m [34mDEBUG[0m [2mhyper::client::pool[0m[2m:[0m pooling idle connection for ("http", 192.168.0.14:8545)
[2m2025-12-10T10:11:45.346189Z[0m [34mDEBUG[0m [2methereum_transaction_pool_monitor::eth_client[0m[2m:[0m 📡 Transaction fetch RPC completed in 5.883708ms
[2m2025-12-10T10:11:45.417774Z[0m [34mDEBUG[0m [2methereum_transaction_pool_monitor::eth_client[0m[2m:[0m ✅ Transaction 0x3887585f73e9b3370667aaf42b1079239017feace75cebfea8986d69258468c1 fetched and parsed in 77.467208ms
[2m2025-12-10T10:11:45.417799Z[0m [34mDEBUG[0m [2methereum_transaction_pool_monitor::mempool_monitor[0m[2m:[0m 🔍 Skipping tx 0x3887585f73e9b3370667aaf42b1079239017feace75cebfea8986d69258468c1 - not a DEX interaction (target: 0x3B4D794a66304F130a4Db8F2551B0070dfCf5ca7)
[2m2025-12-10T10:11:45.417858Z[0m [34mDEBUG[0m [2methereum_transaction_pool_monitor::eth_client[0m[2m:[0m 📨 Received WebSocket message: {"jsonrpc":"2.0","method":"eth_subscription","params":{"subscription":"0xbed0a0851463e895960a451075a301a9","result":"0xd518af4a4022c67f51782cd63ed3782541e82d46cd29fe6f0b921d7760481ff7"}}
[2m2025-12-10T10:11:45.417868Z[0m [34mDEBUG[0m [2methereum_transaction_pool_monitor::eth_client[0m[2m:[0m 📨 Received pending transaction: 0xd518af4a4022c67f51782cd63ed3782541e82d46cd29fe6f0b921d7760481ff7
[2m2025-12-10T10:11:45.417877Z[0m [34mDEBUG[0m [2methereum_transaction_pool_monitor::mempool_monitor[0m[2m:[0m 📨 Processing new pending transaction: 0xd518af4a4022c67f51782cd63ed3782541e82d46cd29fe6f0b921d7760481ff7
[2m2025-12-10T10:11:45.417883Z[0m [34mDEBUG[0m [2methereum_transaction_pool_monitor::mempool_monitor[0m[2m:[0m 🔍 Fetching transaction details for: 0xd518af4a4022c67f51782cd63ed3782541e82d46cd29fe6f0b921d7760481ff7
[2m2025-12-10T10:11:45.417887Z[0m [34mDEBUG[0m [2methereum_transaction_pool_monitor::eth_client[0m[2m:[0m 🔍 Fetching transaction details for hash: 0xd518af4a4022c67f51782cd63ed3782541e82d46cd29fe6f0b921d7760481ff7
[2m2025-12-10T10:11:45.417892Z[0m [34mDEBUG[0m [2mhyper::proto::h1::io[0m[2m:[0m parsed 4 headers
[2m2025-12-10T10:11:45.417899Z[0m [34mDEBUG[0m [2mhyper::proto::h1::conn[0m[2m:[0m incoming body is content-length (45 bytes)
[2m2025-12-10T10:11:45.417903Z[0m [34mDEBUG[0m [2mhyper::client::pool[0m[2m:[0m reuse idle connection for ("http", 192.168.0.14:8545)
[2m2025-12-10T10:11:45.417907Z[0m [34mDEBUG[0m [2mhyper::proto::h1::conn[0m[2m:[0m incoming body completed
[2m2025-12-10T10:11:45.417916Z[0m [34mDEBUG[0m [2mhyper::client::pool[0m[2m:[0m pooling idle connection for ("http", 192.168.0.14:8545)
[2m2025-12-10T10:11:45.417921Z[0m [34mDEBUG[0m [2mhyper::proto::h1::io[0m[2m:[0m flushed 250 bytes
[2m2025-12-10T10:11:45.417929Z[0m [34mDEBUG[0m [2mhyper::client::pool[0m[2m:[0m reuse idle connection for ("http", 192.168.0.14:8545)
[2m2025-12-10T10:11:45.417942Z[0m [34mDEBUG[0m [2mhyper::proto::h1::io[0m[2m:[0m flushed 172 bytes
[2m2025-12-10T10:11:45.425620Z[0m [34mDEBUG[0m [2mhyper::proto::h1::io[0m[2m:[0m parsed 4 headers
[2m2025-12-10T10:11:45.426307Z[0m [34mDEBUG[0m [2mhyper::proto::h1::conn[0m[2m:[0m incoming body is content-length (45 bytes)
[2m2025-12-10T10:11:45.426325Z[0m [34mDEBUG[0m [2mhyper::proto::h1::conn[0m[2m:[0m incoming body completed
[2m2025-12-10T10:11:45.426348Z[0m [34mDEBUG[0m [2mhyper::client::pool[0m[2m:[0m pooling idle connection for ("http", 192.168.0.14:8545)
[2m2025-12-10T10:11:45.426364Z[0m [34mDEBUG[0m [2mhyper::proto::h1::io[0m[2m:[0m parsed 4 headers
[2m2025-12-10T10:11:45.426371Z[0m [34mDEBUG[0m [2mhyper::proto::h1::conn[0m[2m:[0m incoming body is content-length (657 bytes)
[2m2025-12-10T10:11:45.426377Z[0m [34mDEBUG[0m [2mhyper::proto::h1::conn[0m[2m:[0m incoming body completed
[2m2025-12-10T10:11:45.426385Z[0m [34mDEBUG[0m [2mhyper::client::pool[0m[2m:[0m pooling idle connection for ("http", 192.168.0.14:8545)
[2m2025-12-10T10:11:45.426391Z[0m [34mDEBUG[0m [2methereum_transaction_pool_monitor::eth_client[0m[2m:[0m 📡 Transaction fetch RPC completed in 8.499583ms
[2m2025-12-10T10:11:45.496931Z[0m [34mDEBUG[0m [2methereum_transaction_pool_monitor::eth_client[0m[2m:[0m ✅ Transaction 0xd518af4a4022c67f51782cd63ed3782541e82d46cd29fe6f0b921d7760481ff7 fetched and parsed in 79.037916ms
[2m2025-12-10T10:11:45.496957Z[0m [34mDEBUG[0m [2methereum_transaction_pool_monitor::mempool_monitor[0m[2m:[0m 🔍 Skipping tx 0xd518af4a4022c67f51782cd63ed3782541e82d46cd29fe6f0b921d7760481ff7 - not a DEX interaction (target: 0x2AB7D65D4b0BEee15007f4291940F8807D58a8b7)
[2m2025-12-10T10:11:45.497000Z[0m [34mDEBUG[0m [2mhyper::client::pool[0m[2m:[0m reuse idle connection for ("http", 192.168.0.14:8545)
[2m2025-12-10T10:11:45.497040Z[0m [34mDEBUG[0m [2mhyper::proto::h1::io[0m[2m:[0m flushed 172 bytes
[2m2025-12-10T10:11:45.501546Z[0m [34mDEBUG[0m [2mhyper::proto::h1::io[0m[2m:[0m parsed 4 headers
[2m2025-12-10T10:11:45.501551Z[0m [34mDEBUG[0m [2mhyper::proto::h1::conn[0m[2m:[0m incoming body is content-length (45 bytes)
[2m2025-12-10T10:11:45.501558Z[0m [34mDEBUG[0m [2mhyper::proto::h1::conn[0m[2m:[0m incoming body completed
[2m2025-12-10T10:11:45.501566Z[0m [34mDEBUG[0m [2mhyper::client::pool[0m[2m:[0m pooling idle connection for ("http", 192.168.0.14:8545)
[2m2025-12-10T10:11:45.599623Z[0m [34mDEBUG[0m [2mhyper::client::pool[0m[2m:[0m reuse idle connection for ("http", 192.168.0.14:8545)
[2m2025-12-10T10:11:45.599659Z[0m [34mDEBUG[0m [2mhyper::proto::h1::io[0m[2m:[0m flushed 172 bytes
[2m2025-12-10T10:11:45.605128Z[0m [34mDEBUG[0m [2mhyper::proto::h1::io[0m[2m:[0m parsed 4 headers
[2m2025-12-10T10:11:45.605147Z[0m [34mDEBUG[0m [2mhyper::proto::h1::conn[0m[2m:[0m incoming body is content-length (45 bytes)
[2m2025-12-10T10:11:45.605164Z[0m [34mDEBUG[0m [2mhyper::proto::h1::conn[0m[2m:[0m incoming body completed
[2m2025-12-10T10:11:45.605175Z[0m [34mDEBUG[0m [2mhyper::client::pool[0m[2m:[0m pooling idle connection for ("http", 192.168.0.14:8545)
[2m2025-12-10T10:11:45.699284Z[0m [34mDEBUG[0m [2mhyper::client::pool[0m[2m:[0m reuse idle connection for ("http", 192.168.0.14:8545)
[2m2025-12-10T10:11:45.699441Z[0m [34mDEBUG[0m [2mhyper::proto::h1::io[0m[2m:[0m flushed 172 bytes
[2m2025-12-10T10:11:45.705260Z[0m [34mDEBUG[0m [2mhyper::proto::h1::io[0m[2m:[0m parsed 4 headers
[2m2025-12-10T10:11:45.705303Z[0m [34mDEBUG[0m [2mhyper::proto::h1::conn[0m[2m:[0m incoming body is content-length (45 bytes)
[2m2025-12-10T10:11:45.705326Z[0m [34mDEBUG[0m [2mhyper::proto::h1::conn[0m[2m:[0m incoming body completed
[2m2025-12-10T10:11:45.705357Z[0m [34mDEBUG[0m [2mhyper::client::pool[0m[2m:[0m pooling idle connection for ("http", 192.168.0.14:8545)
[2m2025-12-10T10:11:45.721998Z[0m [34mDEBUG[0m [2methereum_transaction_pool_monitor::eth_client[0m[2m:[0m 📨 Received WebSocket message: {"jsonrpc":"2.0","method":"eth_subscription","params":{"subscription":"0xbed0a0851463e895960a451075a301a9","result":"0x13e888f365984b6f07678b263d19528d29abad9f92a3f735b0de1db0a1fb20cc"}}
[2m2025-12-10T10:11:45.722089Z[0m [34mDEBUG[0m [2methereum_transaction_pool_monitor::eth_client[0m[2m:[0m 📨 Received pending transaction: 0x13e888f365984b6f07678b263d19528d29abad9f92a3f735b0de1db0a1fb20cc
[2m2025-12-10T10:11:45.722127Z[0m [34mDEBUG[0m [2methereum_transaction_pool_monitor::mempool_monitor[0m[2m:[0m 📨 Processing new pending transaction: 0x13e888f365984b6f07678b263d19528d29abad9f92a3f735b0de1db0a1fb20cc
[2m2025-12-10T10:11:45.722586Z[0m [34mDEBUG[0m [2methereum_transaction_pool_monitor::mempool_monitor[0m[2m:[0m 🔍 Fetching transaction details for: 0x13e888f365984b6f07678b263d19528d29abad9f92a3f735b0de1db0a1fb20cc
[2m2025-12-10T10:11:45.722626Z[0m [34mDEBUG[0m [2methereum_transaction_pool_monitor::eth_client[0m[2m:[0m 🔍 Fetching transaction details for hash: 0x13e888f365984b6f07678b263d19528d29abad9f92a3f735b0de1db0a1fb20cc
[2m2025-12-10T10:11:45.722710Z[0m [34mDEBUG[0m [2mhyper::client::pool[0m[2m:[0m reuse idle connection for ("http", 192.168.0.14:8545)
[2m2025-12-10T10:11:45.722835Z[0m [34mDEBUG[0m [2mhyper::proto::h1::io[0m[2m:[0m flushed 250 bytes
[2m2025-12-10T10:11:45.734140Z[0m [34mDEBUG[0m [2mhyper::proto::h1::io[0m[2m:[0m parsed 4 headers
[2m2025-12-10T10:11:45.734194Z[0m [34mDEBUG[0m [2mhyper::proto::h1::conn[0m[2m:[0m incoming body is content-length (642 bytes)
[2m2025-12-10T10:11:45.734233Z[0m [34mDEBUG[0m [2mhyper::proto::h1::conn[0m[2m:[0m incoming body completed
[2m2025-12-10T10:11:45.734279Z[0m [34mDEBUG[0m [2mhyper::client::pool[0m[2m:[0m pooling idle connection for ("http", 192.168.0.14:8545)
[2m2025-12-10T10:11:45.734314Z[0m [34mDEBUG[0m [2methereum_transaction_pool_monitor::eth_client[0m[2m:[0m 📡 Transaction fetch RPC completed in 11.662417ms
[2m2025-12-10T10:11:45.831673Z[0m [34mDEBUG[0m [2methereum_transaction_pool_monitor::eth_client[0m[2m:[0m ✅ Transaction 0x13e888f365984b6f07678b263d19528d29abad9f92a3f735b0de1db0a1fb20cc fetched and parsed in 109.02ms
[2m2025-12-10T10:11:45.831699Z[0m [34mDEBUG[0m [2methereum_transaction_pool_monitor::mempool_monitor[0m[2m:[0m 🔍 Skipping tx 0x13e888f365984b6f07678b263d19528d29abad9f92a3f735b0de1db0a1fb20cc - not a DEX interaction (target: 0x17E5545B11b468072283Cee1F066a059Fb0dbF24)
[2m2025-12-10T10:11:45.831733Z[0m [34mDEBUG[0m [2mhyper::client::pool[0m[2m:[0m reuse idle connection for ("http", 192.168.0.14:8545)
[2m2025-12-10T10:11:45.831753Z[0m [34mDEBUG[0m [2mhyper::proto::h1::io[0m[2m:[0m flushed 172 bytes
[2m2025-12-10T10:11:45.831774Z[0m [34mDEBUG[0m [2methereum_transaction_pool_monitor::eth_client[0m[2m:[0m 📨 Received WebSocket message: {"jsonrpc":"2.0","method":"eth_subscription","params":{"subscription":"0xbed0a0851463e895960a451075a301a9","result":"0x9d542ea453b8d924a421648cb19f79b648dfe4bb6aeeffb8c37ee96a783f297f"}}
[2m2025-12-10T10:11:45.831784Z[0m [34mDEBUG[0m [2methereum_transaction_pool_monitor::eth_client[0m[2m:[0m 📨 Received pending transaction: 0x9d542ea453b8d924a421648cb19f79b648dfe4bb6aeeffb8c37ee96a783f297f
[2m2025-12-10T10:11:45.831792Z[0m [34mDEBUG[0m [2methereum_transaction_pool_monitor::mempool_monitor[0m[2m:[0m 📨 Processing new pending transaction: 0x9d542ea453b8d924a421648cb19f79b648dfe4bb6aeeffb8c37ee96a783f297f
[2m2025-12-10T10:11:45.831796Z[0m [34mDEBUG[0m [2methereum_transaction_pool_monitor::mempool_monitor[0m[2m:[0m 🔍 Fetching transaction details for: 0x9d542ea453b8d924a421648cb19f79b648dfe4bb6aeeffb8c37ee96a783f297f
[2m2025-12-10T10:11:45.831800Z[0m [34mDEBUG[0m [2methereum_transaction_pool_monitor::eth_client[0m[2m:[0m 🔍 Fetching transaction details for hash: 0x9d542ea453b8d924a421648cb19f79b648dfe4bb6aeeffb8c37ee96a783f297f
[2m2025-12-10T10:11:45.831812Z[0m [34mDEBUG[0m [2mhyper::client::pool[0m[2m:[0m reuse idle connection for ("http", 192.168.0.14:8545)
[2m2025-12-10T10:11:45.831824Z[0m [34mDEBUG[0m [2mhyper::proto::h1::io[0m[2m:[0m flushed 250 bytes
[2m2025-12-10T10:11:45.835266Z[0m [34mDEBUG[0m [2mhyper::proto::h1::io[0m[2m:[0m parsed 4 headers
[2m2025-12-10T10:11:45.835272Z[0m [34mDEBUG[0m [2mhyper::proto::h1::conn[0m[2m:[0m incoming body is content-length (45 bytes)
[2m2025-12-10T10:11:45.835278Z[0m [34mDEBUG[0m [2mhyper::proto::h1::conn[0m[2m:[0m incoming body completed
[2m2025-12-10T10:11:45.835284Z[0m [34mDEBUG[0m [2mhyper::client::pool[0m[2m:[0m pooling idle connection for ("http", 192.168.0.14:8545)
[2m2025-12-10T10:11:45.836039Z[0m [34mDEBUG[0m [2mhyper::proto::h1::io[0m[2m:[0m parsed 4 headers
[2m2025-12-10T10:11:45.836044Z[0m [34mDEBUG[0m [2mhyper::proto::h1::conn[0m[2m:[0m incoming body is content-length (2314 bytes)
[2m2025-12-10T10:11:45.836048Z[0m [34mDEBUG[0m [2mhyper::proto::h1::conn[0m[2m:[0m incoming body completed
[2m2025-12-10T10:11:45.836052Z[0m [34mDEBUG[0m [2mhyper::client::pool[0m[2m:[0m pooling idle connection for ("http", 192.168.0.14:8545)
[2m2025-12-10T10:11:45.836057Z[0m [34mDEBUG[0m [2methereum_transaction_pool_monitor::eth_client[0m[2m:[0m 📡 Transaction fetch RPC completed in 4.250292ms
[2m2025-12-10T10:11:45.908137Z[0m [34mDEBUG[0m [2methereum_transaction_pool_monitor::eth_client[0m[2m:[0m ✅ Transaction 0x9d542ea453b8d924a421648cb19f79b648dfe4bb6aeeffb8c37ee96a783f297f fetched and parsed in 76.328625ms
[2m2025-12-10T10:11:45.908165Z[0m [34mDEBUG[0m [2methereum_transaction_pool_monitor::mempool_monitor[0m[2m:[0m 🔍 Skipping tx 0x9d542ea453b8d924a421648cb19f79b648dfe4bb6aeeffb8c37ee96a783f297f - not a DEX interaction (target: 0x00000047bB99ea4D791bb749D970DE71EE0b1A34)
[2m2025-12-10T10:11:45.908210Z[0m [34mDEBUG[0m [2mhyper::client::pool[0m[2m:[0m reuse idle connection for ("http", 192.168.0.14:8545)
[2m2025-12-10T10:11:45.908246Z[0m [34mDEBUG[0m [2mhyper::proto::h1::io[0m[2m:[0m flushed 172 bytes
[2m2025-12-10T10:11:45.913936Z[0m [34mDEBUG[0m [2mhyper::proto::h1::io[0m[2m:[0m parsed 4 headers
[2m2025-12-10T10:11:45.913958Z[0m [34mDEBUG[0m [2mhyper::proto::h1::conn[0m[2m:[0m incoming body is content-length (45 bytes)
[2m2025-12-10T10:11:45.913980Z[0m [34mDEBUG[0m [2mhyper::proto::h1::conn[0m[2m:[0m incoming body completed
[2m2025-12-10T10:11:45.913999Z[0m [34mDEBUG[0m [2mhyper::client::pool[0m[2m:[0m pooling idle connection for ("http", 192.168.0.14:8545)
[2m2025-12-10T10:11:45.999093Z[0m [34mDEBUG[0m [2mhyper::client::pool[0m[2m:[0m reuse idle connection for ("http", 192.168.0.14:8545)
[2m2025-12-10T10:11:45.999177Z[0m [34mDEBUG[0m [2mhyper::proto::h1::io[0m[2m:[0m flushed 172 bytes
[2m2025-12-10T10:11:46.003199Z[0m [34mDEBUG[0m [2mhyper::proto::h1::io[0m[2m:[0m parsed 4 headers
[2m2025-12-10T10:11:46.003211Z[0m [34mDEBUG[0m [2mhyper::proto::h1::conn[0m[2m:[0m incoming body is content-length (45 bytes)
[2m2025-12-10T10:11:46.003219Z[0m [34mDEBUG[0m [2mhyper::proto::h1::conn[0m[2m:[0m incoming body completed
[2m2025-12-10T10:11:46.003228Z[0m [34mDEBUG[0m [2mhyper::client::pool[0m[2m:[0m pooling idle connection for ("http", 192.168.0.14:8545)
[2m2025-12-10T10:11:46.099285Z[0m [34mDEBUG[0m [2mhyper::client::pool[0m[2m:[0m reuse idle connection for ("http", 192.168.0.14:8545)
[2m2025-12-10T10:11:46.099371Z[0m [34mDEBUG[0m [2mhyper::proto::h1::io[0m[2m:[0m flushed 172 bytes
[2m2025-12-10T10:11:46.102456Z[0m [34mDEBUG[0m [2mhyper::proto::h1::io[0m[2m:[0m parsed 4 headers
[2m2025-12-10T10:11:46.102474Z[0m [34mDEBUG[0m [2mhyper::proto::h1::conn[0m[2m:[0m incoming body is content-length (45 bytes)
[2m2025-12-10T10:11:46.102491Z[0m [34mDEBUG[0m [2mhyper::proto::h1::conn[0m[2m:[0m incoming body completed
[2m2025-12-10T10:11:46.102513Z[0m [34mDEBUG[0m [2mhyper::client::pool[0m[2m:[0m pooling idle connection for ("http", 192.168.0.14:8545)
[2m2025-12-10T10:11:46.106818Z[0m [34mDEBUG[0m [2methereum_transaction_pool_monitor::eth_client[0m[2m:[0m 📨 Received WebSocket message: {"jsonrpc":"2.0","method":"eth_subscription","params":{"subscription":"0xbed0a0851463e895960a451075a301a9","result":"0x34e7118f1b66f06e692438424ee09f00fdf9cc961fc7f766d63be960cc49f8ef"}}
[2m2025-12-10T10:11:46.106844Z[0m [34mDEBUG[0m [2methereum_transaction_pool_monitor::eth_client[0m[2m:[0m 📨 Received pending transaction: 0x34e7118f1b66f06e692438424ee09f00fdf9cc961fc7f766d63be960cc49f8ef
[2m2025-12-10T10:11:46.106865Z[0m [34mDEBUG[0m [2methereum_transaction_pool_monitor::mempool_monitor[0m[2m:[0m 📨 Processing new pending transaction: 0x34e7118f1b66f06e692438424ee09f00fdf9cc961fc7f766d63be960cc49f8ef
[2m2025-12-10T10:11:46.106875Z[0m [34mDEBUG[0m [2methereum_transaction_pool_monitor::mempool_monitor[0m[2m:[0m 🔍 Fetching transaction details for: 0x34e7118f1b66f06e692438424ee09f00fdf9cc961fc7f766d63be960cc49f8ef
[2m2025-12-10T10:11:46.106884Z[0m [34mDEBUG[0m [2methereum_transaction_pool_monitor::eth_client[0m[2m:[0m 🔍 Fetching transaction details for hash: 0x34e7118f1b66f06e692438424ee09f00fdf9cc961fc7f766d63be960cc49f8ef
[2m2025-12-10T10:11:46.106907Z[0m [34mDEBUG[0m [2mhyper::client::pool[0m[2m:[0m reuse idle connection for ("http", 192.168.0.14:8545)
[2m2025-12-10T10:11:46.106937Z[0m [34mDEBUG[0m [2mhyper::proto::h1::io[0m[2m:[0m flushed 250 bytes
[2m2025-12-10T10:11:46.111398Z[0m [34mDEBUG[0m [2mhyper::proto::h1::io[0m[2m:[0m parsed 4 headers
[2m2025-12-10T10:11:46.111438Z[0m [34mDEBUG[0m [2mhyper::proto::h1::conn[0m[2m:[0m incoming body is content-length (644 bytes)
[2m2025-12-10T10:11:46.111458Z[0m [34mDEBUG[0m [2mhyper::proto::h1::conn[0m[2m:[0m incoming body completed
[2m2025-12-10T10:11:46.111480Z[0m [34mDEBUG[0m [2mhyper::client::pool[0m[2m:[0m pooling idle connection for ("http", 192.168.0.14:8545)
[2m2025-12-10T10:11:46.111496Z[0m [34mDEBUG[0m [2methereum_transaction_pool_monitor::eth_client[0m[2m:[0m 📡 Transaction fetch RPC completed in 4.60275ms
[2m2025-12-10T10:11:46.189687Z[0m [34mDEBUG[0m [2methereum_transaction_pool_monitor::eth_client[0m[2m:[0m ✅ Transaction 0x34e7118f1b66f06e692438424ee09f00fdf9cc961fc7f766d63be960cc49f8ef fetched and parsed in 82.791ms
[2m2025-12-10T10:11:46.189716Z[0m [34mDEBUG[0m [2methereum_transaction_pool_monitor::mempool_monitor[0m[2m:[0m 🔍 Skipping tx 0x34e7118f1b66f06e692438424ee09f00fdf9cc961fc7f766d63be960cc49f8ef - not a DEX interaction (target: 0xf8246dcC165F300B1e2F0f714A388Fa70Ec57Ac4)
[2m2025-12-10T10:11:46.189770Z[0m [34mDEBUG[0m [2methereum_transaction_pool_monitor::eth_client[0m[2m:[0m 📨 Received WebSocket message: {"jsonrpc":"2.0","method":"eth_subscription","params":{"subscription":"0xbed0a0851463e895960a451075a301a9","result":"0xd5bacd2647f3614b85632cb545e8e015109e188050728c80c9e546156d2561ab"}}
[2m2025-12-10T10:11:46.189780Z[0m [34mDEBUG[0m [2methereum_transaction_pool_monitor::eth_client[0m[2m:[0m 📨 Received pending transaction: 0xd5bacd2647f3614b85632cb545e8e015109e188050728c80c9e546156d2561ab
[2m2025-12-10T10:11:46.189785Z[0m [34mDEBUG[0m [2methereum_transaction_pool_monitor::eth_client[0m[2m:[0m 📨 Received WebSocket message: {"jsonrpc":"2.0","method":"eth_subscription","params":{"subscription":"0xbed0a0851463e895960a451075a301a9","result":"0xda99794f84e637a23d504011b7418bf6929a1e63a2d66c361b3374e85894301f"}}
[2m2025-12-10T10:11:46.189791Z[0m [34mDEBUG[0m [2methereum_transaction_pool_monitor::eth_client[0m[2m:[0m 📨 Received pending transaction: 0xda99794f84e637a23d504011b7418bf6929a1e63a2d66c361b3374e85894301f
[2m2025-12-10T10:11:46.189796Z[0m [34mDEBUG[0m [2methereum_transaction_pool_monitor::mempool_monitor[0m[2m:[0m 📨 Processing new pending transaction: 0xd5bacd2647f3614b85632cb545e8e015109e188050728c80c9e546156d2561ab
[2m2025-12-10T10:11:46.189800Z[0m [34mDEBUG[0m [2methereum_transaction_pool_monitor::mempool_monitor[0m[2m:[0m 🔍 Fetching transaction details for: 0xd5bacd2647f3614b85632cb545e8e015109e188050728c80c9e546156d2561ab
[2m2025-12-10T10:11:46.189803Z[0m [34mDEBUG[0m [2methereum_transaction_pool_monitor::eth_client[0m[2m:[0m 🔍 Fetching transaction details for hash: 0xd5bacd2647f3614b85632cb545e8e015109e188050728c80c9e546156d2561ab
[2m2025-12-10T10:11:46.189820Z[0m [34mDEBUG[0m [2mhyper::client::pool[0m[2m:[0m reuse idle connection for ("http", 192.168.0.14:8545)
[2m2025-12-10T10:11:46.189843Z[0m [34mDEBUG[0m [2mhyper::proto::h1::io[0m[2m:[0m flushed 250 bytes
[2m2025-12-10T10:11:46.195526Z[0m [34mDEBUG[0m [2mhyper::proto::h1::io[0m[2m:[0m parsed 4 headers
[2m2025-12-10T10:11:46.195547Z[0m [34mDEBUG[0m [2mhyper::proto::h1::conn[0m[2m:[0m incoming body is content-length (643 bytes)
[2m2025-12-10T10:11:46.195561Z[0m [34mDEBUG[0m [2mhyper::proto::h1::conn[0m[2m:[0m incoming body completed
[2m2025-12-10T10:11:46.195581Z[0m [34mDEBUG[0m [2mhyper::client::pool[0m[2m:[0m pooling idle connection for ("http", 192.168.0.14:8545)
[2m2025-12-10T10:11:46.195601Z[0m [34mDEBUG[0m [2methereum_transaction_pool_monitor::eth_client[0m[2m:[0m 📡 Transaction fetch RPC completed in 5.794709ms
[2m2025-12-10T10:11:46.267929Z[0m [34mDEBUG[0m [2methereum_transaction_pool_monitor::eth_client[0m[2m:[0m ✅ Transaction 0xd5bacd2647f3614b85632cb545e8e015109e188050728c80c9e546156d2561ab fetched and parsed in 78.119209ms
[2m2025-12-10T10:11:46.267960Z[0m [34mDEBUG[0m [2methereum_transaction_pool_monitor::mempool_monitor[0m[2m:[0m 🔍 Skipping tx 0xd5bacd2647f3614b85632cb545e8e015109e188050728c80c9e546156d2561ab - not a DEX interaction (target: 0xa92F5F0fa5e07eaDFcd868b697a186B20EEF350f)
[2m2025-12-10T10:11:46.267973Z[0m [34mDEBUG[0m [2methereum_transaction_pool_monitor::mempool_monitor[0m[2m:[0m 📨 Processing new pending transaction: 0xda99794f84e637a23d504011b7418bf6929a1e63a2d66c361b3374e85894301f
[2m2025-12-10T10:11:46.267980Z[0m [34mDEBUG[0m [2methereum_transaction_pool_monitor::mempool_monitor[0m[2m:[0m 🔍 Fetching transaction details for: 0xda99794f84e637a23d504011b7418bf6929a1e63a2d66c361b3374e85894301f
[2m2025-12-10T10:11:46.267986Z[0m [34mDEBUG[0m [2methereum_transaction_pool_monitor::eth_client[0m[2m:[0m 🔍 Fetching transaction details for hash: 0xda99794f84e637a23d504011b7418bf6929a1e63a2d66c361b3374e85894301f
[2m2025-12-10T10:11:46.268011Z[0m [34mDEBUG[0m [2mhyper::client::pool[0m[2m:[0m reuse idle connection for ("http", 192.168.0.14:8545)
[2m2025-12-10T10:11:46.268048Z[0m [34mDEBUG[0m [2mhyper::proto::h1::io[0m[2m:[0m flushed 250 bytes
[2m2025-12-10T10:11:46.268076Z[0m [34mDEBUG[0m [2mhyper::client::pool[0m[2m:[0m reuse idle connection for ("http", 192.168.0.14:8545)
[2m2025-12-10T10:11:46.268089Z[0m [34mDEBUG[0m [2mhyper::proto::h1::io[0m[2m:[0m flushed 172 bytes
[2m2025-12-10T10:11:46.273028Z[0m [34mDEBUG[0m [2mhyper::proto::h1::io[0m[2m:[0m parsed 4 headers
[2m2025-12-10T10:11:46.273034Z[0m [34mDEBUG[0m [2mhyper::proto::h1::conn[0m[2m:[0m incoming body is content-length (45 bytes)
[2m2025-12-10T10:11:46.273040Z[0m [34mDEBUG[0m [2mhyper::proto::h1::conn[0m[2m:[0m incoming body completed
[2m2025-12-10T10:11:46.273047Z[0m [34mDEBUG[0m [2mhyper::client::pool[0m[2m:[0m pooling idle connection for ("http", 192.168.0.14:8545)
[2m2025-12-10T10:11:46.273809Z[0m [34mDEBUG[0m [2mhyper::proto::h1::io[0m[2m:[0m parsed 4 headers
[2m2025-12-10T10:11:46.273815Z[0m [34mDEBUG[0m [2mhyper::proto::h1::conn[0m[2m:[0m incoming body is content-length (773 bytes)
[2m2025-12-10T10:11:46.273820Z[0m [34mDEBUG[0m [2mhyper::proto::h1::conn[0m[2m:[0m incoming body completed
[2m2025-12-10T10:11:46.273825Z[0m [34mDEBUG[0m [2mhyper::client::pool[0m[2m:[0m pooling idle connection for ("http", 192.168.0.14:8545)
[2m2025-12-10T10:11:46.273830Z[0m [34mDEBUG[0m [2methereum_transaction_pool_monitor::eth_client[0m[2m:[0m 📡 Transaction fetch RPC completed in 5.834958ms
[2m2025-12-10T10:11:46.273841Z[0m [34mDEBUG[0m [2methereum_transaction_pool_monitor::eth_client[0m[2m:[0m DeFi transaction detected - Address: 0xdac17f958d2ee523a2206206994597c13d831ec7, Type: Stablecoin, Value: 0 ETH, Gas: 0.71 Gwei
[2m2025-12-10T10:11:46.273854Z[0m [34mDEBUG[0m [2methereum_transaction_pool_monitor::eth_client[0m[2m:[0m ✅ Transaction 0xda99794f84e637a23d504011b7418bf6929a1e63a2d66c361b3374e85894301f fetched and parsed in 5.85975ms
[2m2025-12-10T10:11:46.274103Z[0m [34mDEBUG[0m [2methereum_transaction_pool_monitor::mempool_monitor[0m[2m:[0m 🔍 Skipping tx 0xda99794f84e637a23d504011b7418bf6929a1e63a2d66c361b3374e85894301f - not a DEX interaction (target: 0xdAC17F958D2ee523a2206206994597C13D831ec7)
[2m2025-12-10T10:11:46.298645Z[0m [34mDEBUG[0m [2mhyper::client::pool[0m[2m:[0m reuse idle connection for ("http", 192.168.0.14:8545)
[2m2025-12-10T10:11:46.298687Z[0m [34mDEBUG[0m [2mhyper::proto::h1::io[0m[2m:[0m flushed 172 bytes
[2m2025-12-10T10:11:46.304496Z[0m [34mDEBUG[0m [2mhyper::proto::h1::io[0m[2m:[0m parsed 4 headers
[2m2025-12-10T10:11:46.304520Z[0m [34mDEBUG[0m [2mhyper::proto::h1::conn[0m[2m:[0m incoming body is content-length (45 bytes)
[2m2025-12-10T10:11:46.304539Z[0m [34mDEBUG[0m [2mhyper::proto::h1::conn[0m[2m:[0m incoming body completed
[2m2025-12-10T10:11:46.304565Z[0m [34mDEBUG[0m [2mhyper::client::pool[0m[2m:[0m pooling idle connection for ("http", 192.168.0.14:8545)
[2m2025-12-10T10:11:46.355446Z[0m [34mDEBUG[0m [2methereum_transaction_pool_monitor::eth_client[0m[2m:[0m 📨 Received WebSocket message: {"jsonrpc":"2.0","method":"eth_subscription","params":{"subscription":"0xbed0a0851463e895960a451075a301a9","result":"0x1140cc0b8d520532f0254765658d0f9f116d7bc93cd9b0b106da0cee51e422ec"}}
[2m2025-12-10T10:11:46.355471Z[0m [34mDEBUG[0m [2methereum_transaction_pool_monitor::eth_client[0m[2m:[0m 📨 Received pending transaction: 0x1140cc0b8d520532f0254765658d0f9f116d7bc93cd9b0b106da0cee51e422ec
[2m2025-12-10T10:11:46.355479Z[0m [34mDEBUG[0m [2methereum_transaction_pool_monitor::mempool_monitor[0m[2m:[0m 📨 Processing new pending transaction: 0x1140cc0b8d520532f0254765658d0f9f116d7bc93cd9b0b106da0cee51e422ec
[2m2025-12-10T10:11:46.355484Z[0m [34mDEBUG[0m [2methereum_transaction_pool_monitor::mempool_monitor[0m[2m:[0m 🔍 Fetching transaction details for: 0x1140cc0b8d520532f0254765658d0f9f116d7bc93cd9b0b106da0cee51e422ec
[2m2025-12-10T10:11:46.355487Z[0m [34mDEBUG[0m [2methereum_transaction_pool_monitor::eth_client[0m[2m:[0m 🔍 Fetching transaction details for hash: 0x1140cc0b8d520532f0254765658d0f9f116d7bc93cd9b0b106da0cee51e422ec
[2m2025-12-10T10:11:46.355509Z[0m [34mDEBUG[0m [2mhyper::client::pool[0m[2m:[0m reuse idle connection for ("http", 192.168.0.14:8545)
[2m2025-12-10T10:11:46.355538Z[0m [34mDEBUG[0m [2mhyper::proto::h1::io[0m[2m:[0m flushed 250 bytes
[2m2025-12-10T10:11:46.359422Z[0m [34mDEBUG[0m [2mhyper::proto::h1::io[0m[2m:[0m parsed 4 headers
[2m2025-12-10T10:11:46.359440Z[0m [34mDEBUG[0m [2mhyper::proto::h1::conn[0m[2m:[0m incoming body is content-length (769 bytes)
[2m2025-12-10T10:11:46.359464Z[0m [34mDEBUG[0m [2mhyper::proto::h1::conn[0m[2m:[0m incoming body completed
[2m2025-12-10T10:11:46.359476Z[0m [34mDEBUG[0m [2mhyper::client::pool[0m[2m:[0m pooling idle connection for ("http", 192.168.0.14:8545)
[2m2025-12-10T10:11:46.359488Z[0m [34mDEBUG[0m [2methereum_transaction_pool_monitor::eth_client[0m[2m:[0m 📡 Transaction fetch RPC completed in 3.996583ms
[2m2025-12-10T10:11:46.432681Z[0m [34mDEBUG[0m [2methereum_transaction_pool_monitor::eth_client[0m[2m:[0m ✅ Transaction 0x1140cc0b8d520532f0254765658d0f9f116d7bc93cd9b0b106da0cee51e422ec fetched and parsed in 77.187791ms
[2m2025-12-10T10:11:46.432707Z[0m [34mDEBUG[0m [2methereum_transaction_pool_monitor::mempool_monitor[0m[2m:[0m 🔍 Skipping tx 0x1140cc0b8d520532f0254765658d0f9f116d7bc93cd9b0b106da0cee51e422ec - not a DEX interaction (target: 0x99C92D4Da7a81c7698EF33a39D7538d0f92623f7)
[2m2025-12-10T10:11:46.432793Z[0m [34mDEBUG[0m [2mhyper::client::pool[0m[2m:[0m reuse idle connection for ("http", 192.168.0.14:8545)
[2m2025-12-10T10:11:46.432820Z[0m [34mDEBUG[0m [2mhyper::proto::h1::io[0m[2m:[0m flushed 172 bytes
[2m2025-12-10T10:11:46.441021Z[0m [34mDEBUG[0m [2mhyper::proto::h1::io[0m[2m:[0m parsed 4 headers
[2m2025-12-10T10:11:46.441034Z[0m [34mDEBUG[0m [2mhyper::proto::h1::conn[0m[2m:[0m incoming body is content-length (45 bytes)
[2m2025-12-10T10:11:46.441041Z[0m [34mDEBUG[0m [2mhyper::proto::h1::conn[0m[2m:[0m incoming body completed
[2m2025-12-10T10:11:46.441050Z[0m [34mDEBUG[0m [2mhyper::client::pool[0m[2m:[0m pooling idle connection for ("http", 192.168.0.14:8545)
[2m2025-12-10T10:11:46.498650Z[0m [34mDEBUG[0m [2mhyper::client::pool[0m[2m:[0m reuse idle connection for ("http", 192.168.0.14:8545)
[2m2025-12-10T10:11:46.498732Z[0m [34mDEBUG[0m [2mhyper::proto::h1::io[0m[2m:[0m flushed 172 bytes
[2m2025-12-10T10:11:46.505568Z[0m [34mDEBUG[0m [2methereum_transaction_pool_monitor::eth_client[0m[2m:[0m 📨 Received WebSocket message: {"jsonrpc":"2.0","method":"eth_subscription","params":{"subscription":"0xbed0a0851463e895960a451075a301a9","result":"0x3723cebaebef97f1fb6741c24d5e9658d64dae329acdba905ef635aa833c6702"}}
[2m2025-12-10T10:11:46.505581Z[0m [34mDEBUG[0m [2methereum_transaction_pool_monitor::eth_client[0m[2m:[0m 📨 Received pending transaction: 0x3723cebaebef97f1fb6741c24d5e9658d64dae329acdba905ef635aa833c6702
[2m2025-12-10T10:11:46.505588Z[0m [34mDEBUG[0m [2methereum_transaction_pool_monitor::mempool_monitor[0m[2m:[0m 📨 Processing new pending transaction: 0x3723cebaebef97f1fb6741c24d5e9658d64dae329acdba905ef635aa833c6702
[2m2025-12-10T10:11:46.505593Z[0m [34mDEBUG[0m [2methereum_transaction_pool_monitor::mempool_monitor[0m[2m:[0m 🔍 Fetching transaction details for: 0x3723cebaebef97f1fb6741c24d5e9658d64dae329acdba905ef635aa833c6702
[2m2025-12-10T10:11:46.505596Z[0m [34mDEBUG[0m [2methereum_transaction_pool_monitor::eth_client[0m[2m:[0m 🔍 Fetching transaction details for hash: 0x3723cebaebef97f1fb6741c24d5e9658d64dae329acdba905ef635aa833c6702
[2m2025-12-10T10:11:46.505610Z[0m [34mDEBUG[0m [2mhyper::client::pool[0m[2m:[0m reuse idle connection for ("http", 192.168.0.14:8545)
[2m2025-12-10T10:11:46.505627Z[0m [34mDEBUG[0m [2mhyper::proto::h1::io[0m[2m:[0m flushed 250 bytes
[2m2025-12-10T10:11:46.505636Z[0m [34mDEBUG[0m [2mhyper::proto::h1::io[0m[2m:[0m parsed 4 headers
[2m2025-12-10T10:11:46.505640Z[0m [34mDEBUG[0m [2mhyper::proto::h1::conn[0m[2m:[0m incoming body is content-length (45 bytes)
[2m2025-12-10T10:11:46.505645Z[0m [34mDEBUG[0m [2mhyper::proto::h1::conn[0m[2m:[0m incoming body completed
[2m2025-12-10T10:11:46.505651Z[0m [34mDEBUG[0m [2mhyper::client::pool[0m[2m:[0m pooling idle connection for ("http", 192.168.0.14:8545)
[2m2025-12-10T10:11:46.514927Z[0m [34mDEBUG[0m [2mhyper::proto::h1::io[0m[2m:[0m parsed 4 headers
[2m2025-12-10T10:11:46.514942Z[0m [34mDEBUG[0m [2mhyper::proto::h1::conn[0m[2m:[0m incoming body is content-length (643 bytes)
[2m2025-12-10T10:11:46.514949Z[0m [34mDEBUG[0m [2mhyper::proto::h1::conn[0m[2m:[0m incoming body completed
[2m2025-12-10T10:11:46.514959Z[0m [34mDEBUG[0m [2mhyper::client::pool[0m[2m:[0m pooling idle connection for ("http", 192.168.0.14:8545)
[2m2025-12-10T10:11:46.514966Z[0m [34mDEBUG[0m [2methereum_transaction_pool_monitor::eth_client[0m[2m:[0m 📡 Transaction fetch RPC completed in 9.365917ms
[2m2025-12-10T10:11:46.585470Z[0m [34mDEBUG[0m [2methereum_transaction_pool_monitor::eth_client[0m[2m:[0m ✅ Transaction 0x3723cebaebef97f1fb6741c24d5e9658d64dae329acdba905ef635aa833c6702 fetched and parsed in 79.867417ms
[2m2025-12-10T10:11:46.585499Z[0m [34mDEBUG[0m [2methereum_transaction_pool_monitor::mempool_monitor[0m[2m:[0m 🔍 Skipping tx 0x3723cebaebef97f1fb6741c24d5e9658d64dae329acdba905ef635aa833c6702 - not a DEX interaction (target: 0xA26148AE51fa8E787DF319C04137602Cc018b521)
[2m2025-12-10T10:11:46.585554Z[0m [34mDEBUG[0m [2methereum_transaction_pool_monitor::eth_client[0m[2m:[0m 📨 Received WebSocket message: {"jsonrpc":"2.0","method":"eth_subscription","params":{"subscription":"0xbed0a0851463e895960a451075a301a9","result":"0x61a9e894071334a94c95461545229eee88a186520ea1f65a6c4b9a30c87c2525"}}
[2m2025-12-10T10:11:46.585564Z[0m [34mDEBUG[0m [2methereum_transaction_pool_monitor::eth_client[0m[2m:[0m 📨 Received pending transaction: 0x61a9e894071334a94c95461545229eee88a186520ea1f65a6c4b9a30c87c2525
[2m2025-12-10T10:11:46.585569Z[0m [34mDEBUG[0m [2methereum_transaction_pool_monitor::eth_client[0m[2m:[0m 📨 Received WebSocket message: {"jsonrpc":"2.0","method":"eth_subscription","params":{"subscription":"0xbed0a0851463e895960a451075a301a9","result":"0x163c8347ca46047ab73b1122ec056deb06b471b2a72f45d5cc3bfcf933adc2db"}}
[2m2025-12-10T10:11:46.585574Z[0m [34mDEBUG[0m [2methereum_transaction_pool_monitor::eth_client[0m[2m:[0m 📨 Received pending transaction: 0x163c8347ca46047ab73b1122ec056deb06b471b2a72f45d5cc3bfcf933adc2db
[2m2025-12-10T10:11:46.585579Z[0m [34mDEBUG[0m [2methereum_transaction_pool_monitor::mempool_monitor[0m[2m:[0m 📨 Processing new pending transaction: 0x61a9e894071334a94c95461545229eee88a186520ea1f65a6c4b9a30c87c2525
[2m2025-12-10T10:11:46.585584Z[0m [34mDEBUG[0m [2methereum_transaction_pool_monitor::mempool_monitor[0m[2m:[0m 🔍 Fetching transaction details for: 0x61a9e894071334a94c95461545229eee88a186520ea1f65a6c4b9a30c87c2525
[2m2025-12-10T10:11:46.585587Z[0m [34mDEBUG[0m [2methereum_transaction_pool_monitor::eth_client[0m[2m:[0m 🔍 Fetching transaction details for hash: 0x61a9e894071334a94c95461545229eee88a186520ea1f65a6c4b9a30c87c2525
[2m2025-12-10T10:11:46.585603Z[0m [34mDEBUG[0m [2mhyper::client::pool[0m[2m:[0m reuse idle connection for ("http", 192.168.0.14:8545)
[2m2025-12-10T10:11:46.585629Z[0m [34mDEBUG[0m [2mhyper::proto::h1::io[0m[2m:[0m flushed 250 bytes
[2m2025-12-10T10:11:46.589638Z[0m [34mDEBUG[0m [2mhyper::proto::h1::io[0m[2m:[0m parsed 4 headers
[2m2025-12-10T10:11:46.589650Z[0m [34mDEBUG[0m [2mhyper::proto::h1::conn[0m[2m:[0m incoming body is content-length (804 bytes)
[2m2025-12-10T10:11:46.589661Z[0m [34mDEBUG[0m [2mhyper::proto::h1::conn[0m[2m:[0m incoming body completed
[2m2025-12-10T10:11:46.589673Z[0m [34mDEBUG[0m [2mhyper::client::pool[0m[2m:[0m pooling idle connection for ("http", 192.168.0.14:8545)
[2m2025-12-10T10:11:46.589682Z[0m [34mDEBUG[0m [2methereum_transaction_pool_monitor::eth_client[0m[2m:[0m 📡 Transaction fetch RPC completed in 4.09125ms
[2m2025-12-10T10:11:46.661041Z[0m [34mDEBUG[0m [2methereum_transaction_pool_monitor::eth_client[0m[2m:[0m ✅ Transaction 0x61a9e894071334a94c95461545229eee88a186520ea1f65a6c4b9a30c87c2525 fetched and parsed in 75.447542ms
[2m2025-12-10T10:11:46.661077Z[0m [34mDEBUG[0m [2methereum_transaction_pool_monitor::mempool_monitor[0m[2m:[0m 🔍 Skipping tx 0x61a9e894071334a94c95461545229eee88a186520ea1f65a6c4b9a30c87c2525 - not a DEX interaction (target: 0xBd3fa81B58Ba92a82136038B25aDec7066af3155)
[2m2025-12-10T10:11:46.661091Z[0m [34mDEBUG[0m [2methereum_transaction_pool_monitor::mempool_monitor[0m[2m:[0m 📨 Processing new pending transaction: 0x163c8347ca46047ab73b1122ec056deb06b471b2a72f45d5cc3bfcf933adc2db
[2m2025-12-10T10:11:46.661098Z[0m [34mDEBUG[0m [2methereum_transaction_pool_monitor::mempool_monitor[0m[2m:[0m 🔍 Fetching transaction details for: 0x163c8347ca46047ab73b1122ec056deb06b471b2a72f45d5cc3bfcf933adc2db
[2m2025-12-10T10:11:46.661104Z[0m [34mDEBUG[0m [2methereum_transaction_pool_monitor::eth_client[0m[2m:[0m 🔍 Fetching transaction details for hash: 0x163c8347ca46047ab73b1122ec056deb06b471b2a72f45d5cc3bfcf933adc2db
[2m2025-12-10T10:11:46.661125Z[0m [34mDEBUG[0m [2mhyper::client::pool[0m[2m:[0m reuse idle connection for ("http", 192.168.0.14:8545)
[2m2025-12-10T10:11:46.661184Z[0m [34mDEBUG[0m [2mhyper::proto::h1::io[0m[2m:[0m flushed 250 bytes
[2m2025-12-10T10:11:46.661212Z[0m [34mDEBUG[0m [2mhyper::client::pool[0m[2m:[0m reuse idle connection for ("http", 192.168.0.14:8545)
[2m2025-12-10T10:11:46.661225Z[0m [34mDEBUG[0m [2mhyper::proto::h1::io[0m[2m:[0m flushed 172 bytes
[2m2025-12-10T10:11:46.665350Z[0m [34mDEBUG[0m [2mhyper::proto::h1::io[0m[2m:[0m parsed 4 headers
[2m2025-12-10T10:11:46.665361Z[0m [34mDEBUG[0m [2mhyper::proto::h1::conn[0m[2m:[0m incoming body is content-length (45 bytes)
[2m2025-12-10T10:11:46.665367Z[0m [34mDEBUG[0m [2mhyper::proto::h1::conn[0m[2m:[0m incoming body completed
[2m2025-12-10T10:11:46.665375Z[0m [34mDEBUG[0m [2mhyper::client::pool[0m[2m:[0m pooling idle connection for ("http", 192.168.0.14:8545)
[2m2025-12-10T10:11:46.666131Z[0m [34mDEBUG[0m [2mhyper::proto::h1::io[0m[2m:[0m parsed 4 headers
[2m2025-12-10T10:11:46.666137Z[0m [34mDEBUG[0m [2mhyper::proto::h1::conn[0m[2m:[0m incoming body is content-length (654 bytes)
[2m2025-12-10T10:11:46.666141Z[0m [34mDEBUG[0m [2mhyper::proto::h1::conn[0m[2m:[0m incoming body completed
[2m2025-12-10T10:11:46.666147Z[0m [34mDEBUG[0m [2mhyper::client::pool[0m[2m:[0m pooling idle connection for ("http", 192.168.0.14:8545)
[2m2025-12-10T10:11:46.666153Z[0m [34mDEBUG[0m [2methereum_transaction_pool_monitor::eth_client[0m[2m:[0m 📡 Transaction fetch RPC completed in 5.041958ms
[2m2025-12-10T10:11:46.737340Z[0m [34mDEBUG[0m [2methereum_transaction_pool_monitor::eth_client[0m[2m:[0m ✅ Transaction 0x163c8347ca46047ab73b1122ec056deb06b471b2a72f45d5cc3bfcf933adc2db fetched and parsed in 76.22625ms
[2m2025-12-10T10:11:46.737364Z[0m [34mDEBUG[0m [2methereum_transaction_pool_monitor::mempool_monitor[0m[2m:[0m 🔍 Skipping tx 0x163c8347ca46047ab73b1122ec056deb06b471b2a72f45d5cc3bfcf933adc2db - not a DEX interaction (target: 0x2C9f98d035A6aa4299D9f0A8468A3eB05D41A010)
[2m2025-12-10T10:11:46.737398Z[0m [34mDEBUG[0m [2mhyper::client::pool[0m[2m:[0m reuse idle connection for ("http", 192.168.0.14:8545)
[2m2025-12-10T10:11:46.737441Z[0m [34mDEBUG[0m [2mhyper::proto::h1::io[0m[2m:[0m flushed 172 bytes
[2m2025-12-10T10:11:46.737448Z[0m [34mDEBUG[0m [2methereum_transaction_pool_monitor::eth_client[0m[2m:[0m 📨 Received WebSocket message: {"jsonrpc":"2.0","method":"eth_subscription","params":{"subscription":"0xbed0a0851463e895960a451075a301a9","result":"0x7f253265f1dfb7ab83045ef128418e410d02641b9d4e7a1f03b76353f6a93f0b"}}
[2m2025-12-10T10:11:46.737461Z[0m [34mDEBUG[0m [2methereum_transaction_pool_monitor::eth_client[0m[2m:[0m 📨 Received pending transaction: 0x7f253265f1dfb7ab83045ef128418e410d02641b9d4e7a1f03b76353f6a93f0b
[2m2025-12-10T10:11:46.737467Z[0m [34mDEBUG[0m [2methereum_transaction_pool_monitor::eth_client[0m[2m:[0m 📨 Received WebSocket message: {"jsonrpc":"2.0","method":"eth_subscription","params":{"subscription":"0xbed0a0851463e895960a451075a301a9","result":"0xd1f13ad24908cb7e31194ee9aa70d723e423eac2895a151ce3fcdf382ea1cb4a"}}
[2m2025-12-10T10:11:46.737473Z[0m [34mDEBUG[0m [2methereum_transaction_pool_monitor::eth_client[0m[2m:[0m 📨 Received pending transaction: 0xd1f13ad24908cb7e31194ee9aa70d723e423eac2895a151ce3fcdf382ea1cb4a
[2m2025-12-10T10:11:46.737479Z[0m [34mDEBUG[0m [2methereum_transaction_pool_monitor::mempool_monitor[0m[2m:[0m 📨 Processing new pending transaction: 0x7f253265f1dfb7ab83045ef128418e410d02641b9d4e7a1f03b76353f6a93f0b
[2m2025-12-10T10:11:46.737484Z[0m [34mDEBUG[0m [2methereum_transaction_pool_monitor::mempool_monitor[0m[2m:[0m 🔍 Fetching transaction details for: 0x7f253265f1dfb7ab83045ef128418e410d02641b9d4e7a1f03b76353f6a93f0b
[2m2025-12-10T10:11:46.737489Z[0m [34mDEBUG[0m [2methereum_transaction_pool_monitor::eth_client[0m[2m:[0m 🔍 Fetching transaction details for hash: 0x7f253265f1dfb7ab83045ef128418e410d02641b9d4e7a1f03b76353f6a93f0b
[2m2025-12-10T10:11:46.737501Z[0m [34mDEBUG[0m [2mhyper::client::pool[0m[2m:[0m reuse idle connection for ("http", 192.168.0.14:8545)
[2m2025-12-10T10:11:46.737523Z[0m [34mDEBUG[0m [2mhyper::proto::h1::io[0m[2m:[0m flushed 250 bytes
[2m2025-12-10T10:11:46.740596Z[0m [34mDEBUG[0m [2mhyper::proto::h1::io[0m[2m:[0m parsed 4 headers
[2m2025-12-10T10:11:46.740607Z[0m [34mDEBUG[0m [2mhyper::proto::h1::conn[0m[2m:[0m incoming body is content-length (45 bytes)
[2m2025-12-10T10:11:46.740699Z[0m [34mDEBUG[0m [2mhyper::proto::h1::conn[0m[2m:[0m incoming body completed
[2m2025-12-10T10:11:46.740708Z[0m [34mDEBUG[0m [2mhyper::client::pool[0m[2m:[0m pooling idle connection for ("http", 192.168.0.14:8545)
[2m2025-12-10T10:11:46.742302Z[0m [34mDEBUG[0m [2mhyper::proto::h1::io[0m[2m:[0m parsed 4 headers
[2m2025-12-10T10:11:46.742309Z[0m [34mDEBUG[0m [2mhyper::proto::h1::conn[0m[2m:[0m incoming body is content-length (644 bytes)
[2m2025-12-10T10:11:46.742317Z[0m [34mDEBUG[0m [2mhyper::proto::h1::conn[0m[2m:[0m incoming body completed
[2m2025-12-10T10:11:46.742327Z[0m [34mDEBUG[0m [2mhyper::client::pool[0m[2m:[0m pooling idle connection for ("http", 192.168.0.14:8545)
[2m2025-12-10T10:11:46.742334Z[0m [34mDEBUG[0m [2methereum_transaction_pool_monitor::eth_client[0m[2m:[0m 📡 Transaction fetch RPC completed in 4.839792ms
[2m2025-12-10T10:11:46.816034Z[0m [34mDEBUG[0m [2methereum_transaction_pool_monitor::eth_client[0m[2m:[0m ✅ Transaction 0x7f253265f1dfb7ab83045ef128418e410d02641b9d4e7a1f03b76353f6a93f0b fetched and parsed in 78.53775ms
[2m2025-12-10T10:11:46.816064Z[0m [34mDEBUG[0m [2methereum_transaction_pool_monitor::mempool_monitor[0m[2m:[0m 🔍 Skipping tx 0x7f253265f1dfb7ab83045ef128418e410d02641b9d4e7a1f03b76353f6a93f0b - not a DEX interaction (target: 0x8AF92c926930006c275d5530AAb6B04c5a2Bd157)
[2m2025-12-10T10:11:46.816076Z[0m [34mDEBUG[0m [2methereum_transaction_pool_monitor::mempool_monitor[0m[2m:[0m 📨 Processing new pending transaction: 0xd1f13ad24908cb7e31194ee9aa70d723e423eac2895a151ce3fcdf382ea1cb4a
[2m2025-12-10T10:11:46.816082Z[0m [34mDEBUG[0m [2methereum_transaction_pool_monitor::mempool_monitor[0m[2m:[0m 🔍 Fetching transaction details for: 0xd1f13ad24908cb7e31194ee9aa70d723e423eac2895a151ce3fcdf382ea1cb4a
[2m2025-12-10T10:11:46.816086Z[0m [34mDEBUG[0m [2methereum_transaction_pool_monitor::eth_client[0m[2m:[0m 🔍 Fetching transaction details for hash: 0xd1f13ad24908cb7e31194ee9aa70d723e423eac2895a151ce3fcdf382ea1cb4a
[2m2025-12-10T10:11:46.816105Z[0m [34mDEBUG[0m [2mhyper::client::pool[0m[2m:[0m reuse idle connection for ("http", 192.168.0.14:8545)
[2m2025-12-10T10:11:46.816143Z[0m [34mDEBUG[0m [2mhyper::proto::h1::io[0m[2m:[0m flushed 250 bytes
[2m2025-12-10T10:11:46.816163Z[0m [34mDEBUG[0m [2mhyper::client::pool[0m[2m:[0m reuse idle connection for ("http", 192.168.0.14:8545)
[2m2025-12-10T10:11:46.816176Z[0m [34mDEBUG[0m [2mhyper::proto::h1::io[0m[2m:[0m flushed 172 bytes
[2m2025-12-10T10:11:46.816177Z[0m [34mDEBUG[0m [2methereum_transaction_pool_monitor::eth_client[0m[2m:[0m 📨 Received WebSocket message: {"jsonrpc":"2.0","method":"eth_subscription","params":{"subscription":"0xbed0a0851463e895960a451075a301a9","result":"0x8a3792622100cacbf8e4453d52566469a05331ce890e8886cde675f6831beb87"}}
[2m2025-12-10T10:11:46.816188Z[0m [34mDEBUG[0m [2methereum_transaction_pool_monitor::eth_client[0m[2m:[0m 📨 Received pending transaction: 0x8a3792622100cacbf8e4453d52566469a05331ce890e8886cde675f6831beb87
[2m2025-12-10T10:11:46.819603Z[0m [34mDEBUG[0m [2mhyper::proto::h1::io[0m[2m:[0m parsed 4 headers
[2m2025-12-10T10:11:46.819609Z[0m [34mDEBUG[0m [2mhyper::proto::h1::conn[0m[2m:[0m incoming body is content-length (45 bytes)
[2m2025-12-10T10:11:46.819616Z[0m [34mDEBUG[0m [2mhyper::proto::h1::conn[0m[2m:[0m incoming body completed
[2m2025-12-10T10:11:46.819624Z[0m [34mDEBUG[0m [2mhyper::client::pool[0m[2m:[0m pooling idle connection for ("http", 192.168.0.14:8545)
[2m2025-12-10T10:11:46.822110Z[0m [34mDEBUG[0m [2mhyper::proto::h1::io[0m[2m:[0m parsed 4 headers
[2m2025-12-10T10:11:46.822117Z[0m [34mDEBUG[0m [2mhyper::proto::h1::conn[0m[2m:[0m incoming body is content-length (4675 bytes)
[2m2025-12-10T10:11:46.822123Z[0m [34mDEBUG[0m [2mhyper::proto::h1::conn[0m[2m:[0m incoming body completed
[2m2025-12-10T10:11:46.822130Z[0m [34mDEBUG[0m [2mhyper::client::pool[0m[2m:[0m pooling idle connection for ("http", 192.168.0.14:8545)
[2m2025-12-10T10:11:46.822136Z[0m [34mDEBUG[0m [2methereum_transaction_pool_monitor::eth_client[0m[2m:[0m 📡 Transaction fetch RPC completed in 6.045583ms
[2m2025-12-10T10:11:46.893565Z[0m [34mDEBUG[0m [2methereum_transaction_pool_monitor::eth_client[0m[2m:[0m ✅ Transaction 0xd1f13ad24908cb7e31194ee9aa70d723e423eac2895a151ce3fcdf382ea1cb4a fetched and parsed in 77.47175ms
[2m2025-12-10T10:11:46.893595Z[0m [34mDEBUG[0m [2methereum_transaction_pool_monitor::mempool_monitor[0m[2m:[0m 🔍 Skipping tx 0xd1f13ad24908cb7e31194ee9aa70d723e423eac2895a151ce3fcdf382ea1cb4a - not a DEX interaction (target: 0x6A000F20005980200259B80c5102003040001068)
[2m2025-12-10T10:11:46.893607Z[0m [34mDEBUG[0m [2methereum_transaction_pool_monitor::mempool_monitor[0m[2m:[0m 📨 Processing new pending transaction: 0x8a3792622100cacbf8e4453d52566469a05331ce890e8886cde675f6831beb87
[2m2025-12-10T10:11:46.893613Z[0m [34mDEBUG[0m [2methereum_transaction_pool_monitor::mempool_monitor[0m[2m:[0m 🔍 Fetching transaction details for: 0x8a3792622100cacbf8e4453d52566469a05331ce890e8886cde675f6831beb87
[2m2025-12-10T10:11:46.893619Z[0m [34mDEBUG[0m [2methereum_transaction_pool_monitor::eth_client[0m[2m:[0m 🔍 Fetching transaction details for hash: 0x8a3792622100cacbf8e4453d52566469a05331ce890e8886cde675f6831beb87
[2m2025-12-10T10:11:46.893638Z[0m [34mDEBUG[0m [2mhyper::client::pool[0m[2m:[0m reuse idle connection for ("http", 192.168.0.14:8545)
[2m2025-12-10T10:11:46.893694Z[0m [34mDEBUG[0m [2mhyper::proto::h1::io[0m[2m:[0m flushed 250 bytes
[2m2025-12-10T10:11:46.898126Z[0m [34mDEBUG[0m [2mhyper::client::pool[0m[2m:[0m reuse idle connection for ("http", 192.168.0.14:8545)
[2m2025-12-10T10:11:46.898161Z[0m [34mDEBUG[0m [2mhyper::proto::h1::io[0m[2m:[0m flushed 172 bytes
[2m2025-12-10T10:11:46.900452Z[0m [34mDEBUG[0m [2mhyper::proto::h1::io[0m[2m:[0m parsed 4 headers
[2m2025-12-10T10:11:46.900472Z[0m [34mDEBUG[0m [2mhyper::proto::h1::conn[0m[2m:[0m incoming body is content-length (830 bytes)
[2m2025-12-10T10:11:46.900486Z[0m [34mDEBUG[0m [2mhyper::proto::h1::conn[0m[2m:[0m incoming body completed
[2m2025-12-10T10:11:46.900509Z[0m [34mDEBUG[0m [2mhyper::client::pool[0m[2m:[0m pooling idle connection for ("http", 192.168.0.14:8545)
[2m2025-12-10T10:11:46.900515Z[0m [34mDEBUG[0m [2methereum_transaction_pool_monitor::eth_client[0m[2m:[0m 📡 Transaction fetch RPC completed in 6.889166ms
[2m2025-12-10T10:11:46.971849Z[0m [34mDEBUG[0m [2methereum_transaction_pool_monitor::eth_client[0m[2m:[0m ✅ Transaction 0x8a3792622100cacbf8e4453d52566469a05331ce890e8886cde675f6831beb87 fetched and parsed in 78.220833ms
[2m2025-12-10T10:11:46.974362Z[0m [34mDEBUG[0m [2methereum_transaction_pool_monitor::mempool_monitor[0m[2m:[0m 🔍 Skipping tx 0x8a3792622100cacbf8e4453d52566469a05331ce890e8886cde675f6831beb87 - not a DEX interaction (target: 0x3B4D794a66304F130a4Db8F2551B0070dfCf5ca7)
[2m2025-12-10T10:11:46.974396Z[0m [34mDEBUG[0m [2mhyper::proto::h1::io[0m[2m:[0m parsed 4 headers
[2m2025-12-10T10:11:46.974402Z[0m [34mDEBUG[0m [2mhyper::proto::h1::conn[0m[2m:[0m incoming body is content-length (45 bytes)
[2m2025-12-10T10:11:46.974411Z[0m [34mDEBUG[0m [2mhyper::proto::h1::conn[0m[2m:[0m incoming body completed
[2m2025-12-10T10:11:46.974421Z[0m [34mDEBUG[0m [2mhyper::client::pool[0m[2m:[0m pooling idle connection for ("http", 192.168.0.14:8545)
[2m2025-12-10T10:11:46.998208Z[0m [34mDEBUG[0m [2mhyper::client::pool[0m[2m:[0m reuse idle connection for ("http", 192.168.0.14:8545)
[2m2025-12-10T10:11:46.998254Z[0m [34mDEBUG[0m [2mhyper::proto::h1::io[0m[2m:[0m flushed 172 bytes
[2m2025-12-10T10:11:47.001110Z[0m [34mDEBUG[0m [2mhyper::proto::h1::io[0m[2m:[0m parsed 4 headers
[2m2025-12-10T10:11:47.001119Z[0m [34mDEBUG[0m [2mhyper::proto::h1::conn[0m[2m:[0m incoming body is content-length (45 bytes)
[2m2025-12-10T10:11:47.001125Z[0m [34mDEBUG[0m [2mhyper::proto::h1::conn[0m[2m:[0m incoming body completed
[2m2025-12-10T10:11:47.001132Z[0m [34mDEBUG[0m [2mhyper::client::pool[0m[2m:[0m pooling idle connection for ("http", 192.168.0.14:8545)
[2m2025-12-10T10:11:47.099250Z[0m [34mDEBUG[0m [2mhyper::client::pool[0m[2m:[0m reuse idle connection for ("http", 192.168.0.14:8545)
[2m2025-12-10T10:11:47.099327Z[0m [34mDEBUG[0m [2mhyper::proto::h1::io[0m[2m:[0m flushed 172 bytes
[2m2025-12-10T10:11:47.102381Z[0m [34mDEBUG[0m [2mhyper::proto::h1::io[0m[2m:[0m parsed 4 headers
[2m2025-12-10T10:11:47.102386Z[0m [34mDEBUG[0m [2mhyper::proto::h1::conn[0m[2m:[0m incoming body is content-length (45 bytes)
[2m2025-12-10T10:11:47.102391Z[0m [34mDEBUG[0m [2mhyper::proto::h1::conn[0m[2m:[0m incoming body completed
[2m2025-12-10T10:11:47.102397Z[0m [34mDEBUG[0m [2mhyper::client::pool[0m[2m:[0m pooling idle connection for ("http", 192.168.0.14:8545)
[2m2025-12-10T10:11:47.109630Z[0m [34mDEBUG[0m [2methereum_transaction_pool_monitor::eth_client[0m[2m:[0m 📨 Received WebSocket message: {"jsonrpc":"2.0","method":"eth_subscription","params":{"subscription":"0xbed0a0851463e895960a451075a301a9","result":"0x6d32b7895d842c6a7411397d05cb27a274f6faf444d735e403909a1a989d2bac"}}
[2m2025-12-10T10:11:47.109645Z[0m [34mDEBUG[0m [2methereum_transaction_pool_monitor::eth_client[0m[2m:[0m 📨 Received pending transaction: 0x6d32b7895d842c6a7411397d05cb27a274f6faf444d735e403909a1a989d2bac
[2m2025-12-10T10:11:47.109651Z[0m [34mDEBUG[0m [2methereum_transaction_pool_monitor::eth_client[0m[2m:[0m 📨 Received WebSocket message: {"jsonrpc":"2.0","method":"eth_subscription","params":{"subscription":"0xbed0a0851463e895960a451075a301a9","result":"0xa96998343663435c51c22584c6635d3a81f75320ab86fe408b3703acfb33a9a5"}}
[2m2025-12-10T10:11:47.109656Z[0m [34mDEBUG[0m [2methereum_transaction_pool_monitor::eth_client[0m[2m:[0m 📨 Received pending transaction: 0xa96998343663435c51c22584c6635d3a81f75320ab86fe408b3703acfb33a9a5
[2m2025-12-10T10:11:47.109662Z[0m [34mDEBUG[0m [2methereum_transaction_pool_monitor::mempool_monitor[0m[2m:[0m 📨 Processing new pending transaction: 0x6d32b7895d842c6a7411397d05cb27a274f6faf444d735e403909a1a989d2bac
[2m2025-12-10T10:11:47.109666Z[0m [34mDEBUG[0m [2methereum_transaction_pool_monitor::mempool_monitor[0m[2m:[0m 🔍 Fetching transaction details for: 0x6d32b7895d842c6a7411397d05cb27a274f6faf444d735e403909a1a989d2bac
[2m2025-12-10T10:11:47.109670Z[0m [34mDEBUG[0m [2methereum_transaction_pool_monitor::eth_client[0m[2m:[0m 🔍 Fetching transaction details for hash: 0x6d32b7895d842c6a7411397d05cb27a274f6faf444d735e403909a1a989d2bac
[2m2025-12-10T10:11:47.109683Z[0m [34mDEBUG[0m [2mhyper::client::pool[0m[2m:[0m reuse idle connection for ("http", 192.168.0.14:8545)
[2m2025-12-10T10:11:47.109700Z[0m [34mDEBUG[0m [2mhyper::proto::h1::io[0m[2m:[0m flushed 250 bytes
[2m2025-12-10T10:11:47.117942Z[0m [34mDEBUG[0m [2mhyper::proto::h1::io[0m[2m:[0m parsed 4 headers
[2m2025-12-10T10:11:47.117956Z[0m [34mDEBUG[0m [2mhyper::proto::h1::conn[0m[2m:[0m incoming body is content-length (778 bytes)
[2m2025-12-10T10:11:47.117969Z[0m [34mDEBUG[0m [2mhyper::proto::h1::conn[0m[2m:[0m incoming body completed
[2m2025-12-10T10:11:47.117983Z[0m [34mDEBUG[0m [2mhyper::client::pool[0m[2m:[0m pooling idle connection for ("http", 192.168.0.14:8545)
[2m2025-12-10T10:11:47.117994Z[0m [34mDEBUG[0m [2methereum_transaction_pool_monitor::eth_client[0m[2m:[0m 📡 Transaction fetch RPC completed in 8.320458ms
[2m2025-12-10T10:11:47.192994Z[0m [34mDEBUG[0m [2methereum_transaction_pool_monitor::eth_client[0m[2m:[0m ✅ Transaction 0x6d32b7895d842c6a7411397d05cb27a274f6faf444d735e403909a1a989d2bac fetched and parsed in 83.31825ms
[2m2025-12-10T10:11:47.194582Z[0m [34mDEBUG[0m [2methereum_transaction_pool_monitor::mempool_monitor[0m[2m:[0m 🔍 Skipping tx 0x6d32b7895d842c6a7411397d05cb27a274f6faf444d735e403909a1a989d2bac - not a DEX interaction (target: 0x6982508145454Ce325dDbE47a25d4ec3d2311933)
[2m2025-12-10T10:11:47.194594Z[0m [34mDEBUG[0m [2methereum_transaction_pool_monitor::mempool_monitor[0m[2m:[0m 📨 Processing new pending transaction: 0xa96998343663435c51c22584c6635d3a81f75320ab86fe408b3703acfb33a9a5
[2m2025-12-10T10:11:47.194602Z[0m [34mDEBUG[0m [2methereum_transaction_pool_monitor::mempool_monitor[0m[2m:[0m 🔍 Fetching transaction details for: 0xa96998343663435c51c22584c6635d3a81f75320ab86fe408b3703acfb33a9a5
[2m2025-12-10T10:11:47.194609Z[0m [34mDEBUG[0m [2methereum_transaction_pool_monitor::eth_client[0m[2m:[0m 🔍 Fetching transaction details for hash: 0xa96998343663435c51c22584c6635d3a81f75320ab86fe408b3703acfb33a9a5
[2m2025-12-10T10:11:47.194629Z[0m [34mDEBUG[0m [2mhyper::client::pool[0m[2m:[0m reuse idle connection for ("http", 192.168.0.14:8545)
[2m2025-12-10T10:11:47.194669Z[0m [34mDEBUG[0m [2mhyper::proto::h1::io[0m[2m:[0m flushed 250 bytes
[2m2025-12-10T10:11:47.194688Z[0m [34mDEBUG[0m [2methereum_transaction_pool_monitor::eth_client[0m[2m:[0m 📨 Received WebSocket message: {"jsonrpc":"2.0","method":"eth_subscription","params":{"subscription":"0xbed0a0851463e895960a451075a301a9","result":"0xcd7f7fb5be6d55d5b85390861f0c0a8eccf093e569412b638ef225c16e6259cc"}}
[2m2025-12-10T10:11:47.194697Z[0m [34mDEBUG[0m [2methereum_transaction_pool_monitor::eth_client[0m[2m:[0m 📨 Received pending transaction: 0xcd7f7fb5be6d55d5b85390861f0c0a8eccf093e569412b638ef225c16e6259cc
[2m2025-12-10T10:11:47.194703Z[0m [34mDEBUG[0m [2methereum_transaction_pool_monitor::eth_client[0m[2m:[0m 📨 Received WebSocket message: {"jsonrpc":"2.0","method":"eth_subscription","params":{"subscription":"0xbed0a0851463e895960a451075a301a9","result":"0xc1476afca4c2ffde32a77db2415a2bb8f588b887c3b5c623cb404639c6aad6d5"}}
[2m2025-12-10T10:11:47.194709Z[0m [34mDEBUG[0m [2methereum_transaction_pool_monitor::eth_client[0m[2m:[0m 📨 Received pending transaction: 0xc1476afca4c2ffde32a77db2415a2bb8f588b887c3b5c623cb404639c6aad6d5
[2m2025-12-10T10:11:47.198483Z[0m [34mDEBUG[0m [2mhyper::client::pool[0m[2m:[0m reuse idle connection for ("http", 192.168.0.14:8545)
[2m2025-12-10T10:11:47.198514Z[0m [34mDEBUG[0m [2mhyper::proto::h1::io[0m[2m:[0m flushed 172 bytes
[2m2025-12-10T10:11:47.198690Z[0m [34mDEBUG[0m [2mhyper::proto::h1::io[0m[2m:[0m parsed 4 headers
[2m2025-12-10T10:11:47.198695Z[0m [34mDEBUG[0m [2mhyper::proto::h1::conn[0m[2m:[0m incoming body is content-length (777 bytes)
[2m2025-12-10T10:11:47.198702Z[0m [34mDEBUG[0m [2mhyper::proto::h1::conn[0m[2m:[0m incoming body completed
[2m2025-12-10T10:11:47.198709Z[0m [34mDEBUG[0m [2mhyper::client::pool[0m[2m:[0m pooling idle connection for ("http", 192.168.0.14:8545)
[2m2025-12-10T10:11:47.198715Z[0m [34mDEBUG[0m [2methereum_transaction_pool_monitor::eth_client[0m[2m:[0m 📡 Transaction fetch RPC completed in 4.099917ms
[2m2025-12-10T10:11:47.271133Z[0m [34mDEBUG[0m [2methereum_transaction_pool_monitor::eth_client[0m[2m:[0m ✅ Transaction 0xa96998343663435c51c22584c6635d3a81f75320ab86fe408b3703acfb33a9a5 fetched and parsed in 76.515667ms
[2m2025-12-10T10:11:47.271162Z[0m [34mDEBUG[0m [2methereum_transaction_pool_monitor::mempool_monitor[0m[2m:[0m 🔍 Skipping tx 0xa96998343663435c51c22584c6635d3a81f75320ab86fe408b3703acfb33a9a5 - not a DEX interaction (target: 0xDEf1CA1fb7FBcDC777520aa7f396b4E015F497aB)
[2m2025-12-10T10:11:47.271172Z[0m [34mDEBUG[0m [2methereum_transaction_pool_monitor::mempool_monitor[0m[2m:[0m 📨 Processing new pending transaction: 0xcd7f7fb5be6d55d5b85390861f0c0a8eccf093e569412b638ef225c16e6259cc
[2m2025-12-10T10:11:47.271180Z[0m [34mDEBUG[0m [2methereum_transaction_pool_monitor::mempool_monitor[0m[2m:[0m 🔍 Fetching transaction details for: 0xcd7f7fb5be6d55d5b85390861f0c0a8eccf093e569412b638ef225c16e6259cc
[2m2025-12-10T10:11:47.271184Z[0m [34mDEBUG[0m [2methereum_transaction_pool_monitor::eth_client[0m[2m:[0m 🔍 Fetching transaction details for hash: 0xcd7f7fb5be6d55d5b85390861f0c0a8eccf093e569412b638ef225c16e6259cc
[2m2025-12-10T10:11:47.271448Z[0m [34mDEBUG[0m [2mhyper::client::pool[0m[2m:[0m reuse idle connection for ("http", 192.168.0.14:8545)
[2m2025-12-10T10:11:47.271476Z[0m [34mDEBUG[0m [2mhyper::proto::h1::io[0m[2m:[0m flushed 250 bytes
[2m2025-12-10T10:11:47.271497Z[0m [34mDEBUG[0m [2methereum_transaction_pool_monitor::eth_client[0m[2m:[0m 📨 Received WebSocket message: {"jsonrpc":"2.0","method":"eth_subscription","params":{"subscription":"0xbed0a0851463e895960a451075a301a9","result":"0x318d7fc85e31a219510dc0f9d6052cc820ad8074e0d05dc9449426be7c9cce48"}}
[2m2025-12-10T10:11:47.271499Z[0m [34mDEBUG[0m [2mhyper::proto::h1::io[0m[2m:[0m parsed 4 headers
[2m2025-12-10T10:11:47.271507Z[0m [34mDEBUG[0m [2methereum_transaction_pool_monitor::eth_client[0m[2m:[0m 📨 Received pending transaction: 0x318d7fc85e31a219510dc0f9d6052cc820ad8074e0d05dc9449426be7c9cce48
[2m2025-12-10T10:11:47.271509Z[0m [34mDEBUG[0m [2mhyper::proto::h1::conn[0m[2m:[0m incoming body is content-length (45 bytes)
[2m2025-12-10T10:11:47.271517Z[0m [34mDEBUG[0m [2mhyper::proto::h1::conn[0m[2m:[0m incoming body completed
[2m2025-12-10T10:11:47.271525Z[0m [34mDEBUG[0m [2mhyper::client::pool[0m[2m:[0m pooling idle connection for ("http", 192.168.0.14:8545)
[2m2025-12-10T10:11:47.275034Z[0m [34mDEBUG[0m [2mhyper::proto::h1::io[0m[2m:[0m parsed 4 headers
[2m2025-12-10T10:11:47.275042Z[0m [34mDEBUG[0m [2mhyper::proto::h1::conn[0m[2m:[0m incoming body is content-length (656 bytes)
[2m2025-12-10T10:11:47.275049Z[0m [34mDEBUG[0m [2mhyper::proto::h1::conn[0m[2m:[0m incoming body completed
[2m2025-12-10T10:11:47.275058Z[0m [34mDEBUG[0m [2mhyper::client::pool[0m[2m:[0m pooling idle connection for ("http", 192.168.0.14:8545)
[2m2025-12-10T10:11:47.275066Z[0m [34mDEBUG[0m [2methereum_transaction_pool_monitor::eth_client[0m[2m:[0m 📡 Transaction fetch RPC completed in 3.634792ms
[2m2025-12-10T10:11:47.347077Z[0m [34mDEBUG[0m [2methereum_transaction_pool_monitor::eth_client[0m[2m:[0m ✅ Transaction 0xcd7f7fb5be6d55d5b85390861f0c0a8eccf093e569412b638ef225c16e6259cc fetched and parsed in 75.643583ms
[2m2025-12-10T10:11:47.347106Z[0m [34mDEBUG[0m [2methereum_transaction_pool_monitor::mempool_monitor[0m[2m:[0m 🔍 Skipping tx 0xcd7f7fb5be6d55d5b85390861f0c0a8eccf093e569412b638ef225c16e6259cc - not a DEX interaction (target: 0xa6179eB9692789d249269ef5e8c3193D9fb55077)
[2m2025-12-10T10:11:47.347117Z[0m [34mDEBUG[0m [2methereum_transaction_pool_monitor::mempool_monitor[0m[2m:[0m 📨 Processing new pending transaction: 0xc1476afca4c2ffde32a77db2415a2bb8f588b887c3b5c623cb404639c6aad6d5
[2m2025-12-10T10:11:47.347126Z[0m [34mDEBUG[0m [2methereum_transaction_pool_monitor::mempool_monitor[0m[2m:[0m 🔍 Fetching transaction details for: 0xc1476afca4c2ffde32a77db2415a2bb8f588b887c3b5c623cb404639c6aad6d5
[2m2025-12-10T10:11:47.347133Z[0m [34mDEBUG[0m [2methereum_transaction_pool_monitor::eth_client[0m[2m:[0m 🔍 Fetching transaction details for hash: 0xc1476afca4c2ffde32a77db2415a2bb8f588b887c3b5c623cb404639c6aad6d5
[2m2025-12-10T10:11:47.347151Z[0m [34mDEBUG[0m [2mhyper::client::pool[0m[2m:[0m reuse idle connection for ("http", 192.168.0.14:8545)
[2m2025-12-10T10:11:47.347189Z[0m [34mDEBUG[0m [2mhyper::proto::h1::io[0m[2m:[0m flushed 250 bytes
[2m2025-12-10T10:11:47.347209Z[0m [34mDEBUG[0m [2mhyper::client::pool[0m[2m:[0m reuse idle connection for ("http", 192.168.0.14:8545)
[2m2025-12-10T10:11:47.347226Z[0m [34mDEBUG[0m [2mhyper::proto::h1::io[0m[2m:[0m flushed 172 bytes
[2m2025-12-10T10:11:47.347226Z[0m [34mDEBUG[0m [2methereum_transaction_pool_monitor::eth_client[0m[2m:[0m 📨 Received WebSocket message: {"jsonrpc":"2.0","method":"eth_subscription","params":{"subscription":"0xbed0a0851463e895960a451075a301a9","result":"0x5bafa5874baa0ef53431089a6243344a9384d98b88e0734a9d94929eb823cda5"}}
[2m2025-12-10T10:11:47.347245Z[0m [34mDEBUG[0m [2methereum_transaction_pool_monitor::eth_client[0m[2m:[0m 📨 Received pending transaction: 0x5bafa5874baa0ef53431089a6243344a9384d98b88e0734a9d94929eb823cda5
[2m2025-12-10T10:11:47.347254Z[0m [34mDEBUG[0m [2methereum_transaction_pool_monitor::eth_client[0m[2m:[0m 📨 Received WebSocket message: {"jsonrpc":"2.0","method":"eth_subscription","params":{"subscription":"0xbed0a0851463e895960a451075a301a9","result":"0xd3bde1b5d9bba6e26ead9ec348c0180257991354f321f37347d1c69f6fa49d0c"}}
[2m2025-12-10T10:11:47.347261Z[0m [34mDEBUG[0m [2methereum_transaction_pool_monitor::eth_client[0m[2m:[0m 📨 Received pending transaction: 0xd3bde1b5d9bba6e26ead9ec348c0180257991354f321f37347d1c69f6fa49d0c
[2m2025-12-10T10:11:47.353872Z[0m [34mDEBUG[0m [2mhyper::proto::h1::io[0m[2m:[0m parsed 4 headers
[2m2025-12-10T10:11:47.353880Z[0m [34mDEBUG[0m [2mhyper::proto::h1::conn[0m[2m:[0m incoming body is content-length (1732 bytes)
[2m2025-12-10T10:11:47.353889Z[0m [34mDEBUG[0m [2mhyper::proto::h1::conn[0m[2m:[0m incoming body completed
[2m2025-12-10T10:11:47.353899Z[0m [34mDEBUG[0m [2mhyper::client::pool[0m[2m:[0m pooling idle connection for ("http", 192.168.0.14:8545)
[2m2025-12-10T10:11:47.353906Z[0m [34mDEBUG[0m [2methereum_transaction_pool_monitor::eth_client[0m[2m:[0m 📡 Transaction fetch RPC completed in 6.767583ms
[2m2025-12-10T10:11:47.425861Z[0m [34mDEBUG[0m [2methereum_transaction_pool_monitor::eth_client[0m[2m:[0m ✅ Transaction 0xc1476afca4c2ffde32a77db2415a2bb8f588b887c3b5c623cb404639c6aad6d5 fetched and parsed in 78.720458ms
[2m2025-12-10T10:11:47.425892Z[0m [34mDEBUG[0m [2methereum_transaction_pool_monitor::mempool_monitor[0m[2m:[0m 🔍 Skipping tx 0xc1476afca4c2ffde32a77db2415a2bb8f588b887c3b5c623cb404639c6aad6d5 - not a DEX interaction (target: 0x601a2aD6CB5949f0529735254189Ba3194221EDF)
[2m2025-12-10T10:11:47.425907Z[0m [34mDEBUG[0m [2methereum_transaction_pool_monitor::mempool_monitor[0m[2m:[0m 📨 Processing new pending transaction: 0x318d7fc85e31a219510dc0f9d6052cc820ad8074e0d05dc9449426be7c9cce48
[2m2025-12-10T10:11:47.425916Z[0m [34mDEBUG[0m [2methereum_transaction_pool_monitor::mempool_monitor[0m[2m:[0m 🔍 Fetching transaction details for: 0x318d7fc85e31a219510dc0f9d6052cc820ad8074e0d05dc9449426be7c9cce48
[2m2025-12-10T10:11:47.425922Z[0m [34mDEBUG[0m [2methereum_transaction_pool_monitor::eth_client[0m[2m:[0m 🔍 Fetching transaction details for hash: 0x318d7fc85e31a219510dc0f9d6052cc820ad8074e0d05dc9449426be7c9cce48
[2m2025-12-10T10:11:47.425941Z[0m [34mDEBUG[0m [2mhyper::client::pool[0m[2m:[0m reuse idle connection for ("http", 192.168.0.14:8545)
[2m2025-12-10T10:11:47.425974Z[0m [34mDEBUG[0m [2mhyper::proto::h1::io[0m[2m:[0m flushed 250 bytes
[2m2025-12-10T10:11:47.425992Z[0m [34mDEBUG[0m [2mhyper::proto::h1::io[0m[2m:[0m parsed 4 headers
[2m2025-12-10T10:11:47.425998Z[0m [34mDEBUG[0m [2mhyper::proto::h1::conn[0m[2m:[0m incoming body is content-length (45 bytes)
[2m2025-12-10T10:11:47.426005Z[0m [34mDEBUG[0m [2mhyper::proto::h1::conn[0m[2m:[0m incoming body completed
[2m2025-12-10T10:11:47.426013Z[0m [34mDEBUG[0m [2mhyper::client::pool[0m[2m:[0m pooling idle connection for ("http", 192.168.0.14:8545)
[2m2025-12-10T10:11:47.426027Z[0m [34mDEBUG[0m [2mhyper::client::pool[0m[2m:[0m reuse idle connection for ("http", 192.168.0.14:8545)
[2m2025-12-10T10:11:47.426042Z[0m [34mDEBUG[0m [2mhyper::proto::h1::io[0m[2m:[0m flushed 172 bytes
[2m2025-12-10T10:11:47.429799Z[0m [34mDEBUG[0m [2mhyper::proto::h1::io[0m[2m:[0m parsed 4 headers
[2m2025-12-10T10:11:47.429804Z[0m [34mDEBUG[0m [2mhyper::proto::h1::conn[0m[2m:[0m incoming body is content-length (45 bytes)
[2m2025-12-10T10:11:47.429809Z[0m [34mDEBUG[0m [2mhyper::proto::h1::conn[0m[2m:[0m incoming body completed
[2m2025-12-10T10:11:47.429814Z[0m [34mDEBUG[0m [2mhyper::client::pool[0m[2m:[0m pooling idle connection for ("http", 192.168.0.14:8545)
[2m2025-12-10T10:11:47.430329Z[0m [34mDEBUG[0m [2mhyper::proto::h1::io[0m[2m:[0m parsed 4 headers
[2m2025-12-10T10:11:47.430347Z[0m [34mDEBUG[0m [2mhyper::proto::h1::conn[0m[2m:[0m incoming body is content-length (770 bytes)
[2m2025-12-10T10:11:47.430373Z[0m [34mDEBUG[0m [2mhyper::proto::h1::conn[0m[2m:[0m incoming body completed
[2m2025-12-10T10:11:47.430387Z[0m [34mDEBUG[0m [2mhyper::client::pool[0m[2m:[0m pooling idle connection for ("http", 192.168.0.14:8545)
[2m2025-12-10T10:11:47.430393Z[0m [34mDEBUG[0m [2methereum_transaction_pool_monitor::eth_client[0m[2m:[0m 📡 Transaction fetch RPC completed in 4.465ms
[2m2025-12-10T10:11:47.502917Z[0m [34mDEBUG[0m [2methereum_transaction_pool_monitor::eth_client[0m[2m:[0m ✅ Transaction 0x318d7fc85e31a219510dc0f9d6052cc820ad8074e0d05dc9449426be7c9cce48 fetched and parsed in 76.986542ms
[2m2025-12-10T10:11:47.502941Z[0m [34mDEBUG[0m [2methereum_transaction_pool_monitor::mempool_monitor[0m[2m:[0m 🔍 Skipping tx 0x318d7fc85e31a219510dc0f9d6052cc820ad8074e0d05dc9449426be7c9cce48 - not a DEX interaction (target: 0xA0b86991c6218b36c1d19D4a2e9Eb0cE3606eB48)
[2m2025-12-10T10:11:47.502950Z[0m [34mDEBUG[0m [2methereum_transaction_pool_monitor::mempool_monitor[0m[2m:[0m 📨 Processing new pending transaction: 0x5bafa5874baa0ef53431089a6243344a9384d98b88e0734a9d94929eb823cda5
[2m2025-12-10T10:11:47.502957Z[0m [34mDEBUG[0m [2methereum_transaction_pool_monitor::mempool_monitor[0m[2m:[0m 🔍 Fetching transaction details for: 0x5bafa5874baa0ef53431089a6243344a9384d98b88e0734a9d94929eb823cda5
[2m2025-12-10T10:11:47.502962Z[0m [34mDEBUG[0m [2methereum_transaction_pool_monitor::eth_client[0m[2m:[0m 🔍 Fetching transaction details for hash: 0x5bafa5874baa0ef53431089a6243344a9384d98b88e0734a9d94929eb823cda5
[2m2025-12-10T10:11:47.502978Z[0m [34mDEBUG[0m [2mhyper::client::pool[0m[2m:[0m reuse idle connection for ("http", 192.168.0.14:8545)
[2m2025-12-10T10:11:47.503023Z[0m [34mDEBUG[0m [2mhyper::proto::h1::io[0m[2m:[0m flushed 250 bytes
[2m2025-12-10T10:11:47.503049Z[0m [34mDEBUG[0m [2mhyper::client::pool[0m[2m:[0m reuse idle connection for ("http", 192.168.0.14:8545)
[2m2025-12-10T10:11:47.503064Z[0m [34mDEBUG[0m [2mhyper::proto::h1::io[0m[2m:[0m flushed 172 bytes
[2m2025-12-10T10:11:47.508586Z[0m [34mDEBUG[0m [2mhyper::proto::h1::io[0m[2m:[0m parsed 4 headers
[2m2025-12-10T10:11:47.508591Z[0m [34mDEBUG[0m [2mhyper::proto::h1::conn[0m[2m:[0m incoming body is content-length (45 bytes)
[2m2025-12-10T10:11:47.508600Z[0m [34mDEBUG[0m [2mhyper::proto::h1::conn[0m[2m:[0m incoming body completed
[2m2025-12-10T10:11:47.508608Z[0m [34mDEBUG[0m [2mhyper::client::pool[0m[2m:[0m pooling idle connection for ("http", 192.168.0.14:8545)
[2m2025-12-10T10:11:47.513546Z[0m [34mDEBUG[0m [2mhyper::proto::h1::io[0m[2m:[0m parsed 4 headers
[2m2025-12-10T10:11:47.513551Z[0m [34mDEBUG[0m [2mhyper::proto::h1::conn[0m[2m:[0m incoming body is content-length (778 bytes)
[2m2025-12-10T10:11:47.513555Z[0m [34mDEBUG[0m [2mhyper::proto::h1::conn[0m[2m:[0m incoming body completed
[2m2025-12-10T10:11:47.513560Z[0m [34mDEBUG[0m [2mhyper::client::pool[0m[2m:[0m pooling idle connection for ("http", 192.168.0.14:8545)
[2m2025-12-10T10:11:47.513564Z[0m [34mDEBUG[0m [2methereum_transaction_pool_monitor::eth_client[0m[2m:[0m 📡 Transaction fetch RPC completed in 10.598583ms
[2m2025-12-10T10:11:47.585081Z[0m [34mDEBUG[0m [2methereum_transaction_pool_monitor::eth_client[0m[2m:[0m ✅ Transaction 0x5bafa5874baa0ef53431089a6243344a9384d98b88e0734a9d94929eb823cda5 fetched and parsed in 82.113542ms
[2m2025-12-10T10:11:47.585105Z[0m [34mDEBUG[0m [2methereum_transaction_pool_monitor::mempool_monitor[0m[2m:[0m 🔍 Skipping tx 0x5bafa5874baa0ef53431089a6243344a9384d98b88e0734a9d94929eb823cda5 - not a DEX interaction (target: 0xDEf1CA1fb7FBcDC777520aa7f396b4E015F497aB)
[2m2025-12-10T10:11:47.585116Z[0m [34mDEBUG[0m [2methereum_transaction_pool_monitor::mempool_monitor[0m[2m:[0m 📨 Processing new pending transaction: 0xd3bde1b5d9bba6e26ead9ec348c0180257991354f321f37347d1c69f6fa49d0c
[2m2025-12-10T10:11:47.585121Z[0m [34mDEBUG[0m [2methereum_transaction_pool_monitor::mempool_monitor[0m[2m:[0m 🔍 Fetching transaction details for: 0xd3bde1b5d9bba6e26ead9ec348c0180257991354f321f37347d1c69f6fa49d0c
[2m2025-12-10T10:11:47.585125Z[0m [34mDEBUG[0m [2methereum_transaction_pool_monitor::eth_client[0m[2m:[0m 🔍 Fetching transaction details for hash: 0xd3bde1b5d9bba6e26ead9ec348c0180257991354f321f37347d1c69f6fa49d0c
[2m2025-12-10T10:11:47.585143Z[0m [34mDEBUG[0m [2mhyper::client::pool[0m[2m:[0m reuse idle connection for ("http", 192.168.0.14:8545)
[2m2025-12-10T10:11:47.585180Z[0m [34mDEBUG[0m [2mhyper::proto::h1::io[0m[2m:[0m flushed 250 bytes
[2m2025-12-10T10:11:47.585200Z[0m [34mDEBUG[0m [2methereum_transaction_pool_monitor::eth_client[0m[2m:[0m 📨 Received WebSocket message: {"jsonrpc":"2.0","method":"eth_subscription","params":{"subscription":"0xbed0a0851463e895960a451075a301a9","result":"0x588db531853e07692001050043270f700f9112492220faaa981edf2cdecaf065"}}
[2m2025-12-10T10:11:47.585208Z[0m [34mDEBUG[0m [2methereum_transaction_pool_monitor::eth_client[0m[2m:[0m 📨 Received pending transaction: 0x588db531853e07692001050043270f700f9112492220faaa981edf2cdecaf065
[2m2025-12-10T10:11:47.585213Z[0m [34mDEBUG[0m [2methereum_transaction_pool_monitor::eth_client[0m[2m:[0m 📨 Received WebSocket message: {"jsonrpc":"2.0","method":"eth_subscription","params":{"subscription":"0xbed0a0851463e895960a451075a301a9","result":"0x0e930d1b30dcc2d48140030a7f399759bab41dc1f300e7b222580dddeb584640"}}
[2m2025-12-10T10:11:47.585219Z[0m [34mDEBUG[0m [2methereum_transaction_pool_monitor::eth_client[0m[2m:[0m 📨 Received pending transaction: 0x0e930d1b30dcc2d48140030a7f399759bab41dc1f300e7b222580dddeb584640
[2m2025-12-10T10:11:47.585223Z[0m [34mDEBUG[0m [2methereum_transaction_pool_monitor::eth_client[0m[2m:[0m 📨 Received WebSocket message: {"jsonrpc":"2.0","method":"eth_subscription","params":{"subscription":"0xbed0a0851463e895960a451075a301a9","result":"0x442538ce053d99ef19a824547456e951d72b876a6a1b89e82a780cf6d036bcd5"}}
[2m2025-12-10T10:11:47.585230Z[0m [34mDEBUG[0m [2methereum_transaction_pool_monitor::eth_client[0m[2m:[0m 📨 Received pending transaction: 0x442538ce053d99ef19a824547456e951d72b876a6a1b89e82a780cf6d036bcd5
[2m2025-12-10T10:11:47.589572Z[0m [34mDEBUG[0m [2mhyper::proto::h1::io[0m[2m:[0m parsed 4 headers
[2m2025-12-10T10:11:47.589592Z[0m [34mDEBUG[0m [2mhyper::proto::h1::conn[0m[2m:[0m incoming body is content-length (1802 bytes)
[2m2025-12-10T10:11:47.589635Z[0m [34mDEBUG[0m [2methereum_transaction_pool_monitor::eth_client[0m[2m:[0m 📡 Transaction fetch RPC completed in 4.50525ms
[2m2025-12-10T10:11:47.590185Z[0m [34mDEBUG[0m [2mhyper::proto::h1::conn[0m[2m:[0m incoming body completed
[2m2025-12-10T10:11:47.590195Z[0m [34mDEBUG[0m [2mhyper::client::pool[0m[2m:[0m pooling idle connection for ("http", 192.168.0.14:8545)
[2m2025-12-10T10:11:47.598986Z[0m [34mDEBUG[0m [2mhyper::client::pool[0m[2m:[0m reuse idle connection for ("http", 192.168.0.14:8545)
[2m2025-12-10T10:11:47.599010Z[0m [34mDEBUG[0m [2mhyper::proto::h1::io[0m[2m:[0m flushed 172 bytes
[2m2025-12-10T10:11:47.602949Z[0m [34mDEBUG[0m [2mhyper::proto::h1::io[0m[2m:[0m parsed 4 headers
[2m2025-12-10T10:11:47.602955Z[0m [34mDEBUG[0m [2mhyper::proto::h1::conn[0m[2m:[0m incoming body is content-length (45 bytes)
[2m2025-12-10T10:11:47.602963Z[0m [34mDEBUG[0m [2mhyper::proto::h1::conn[0m[2m:[0m incoming body completed
[2m2025-12-10T10:11:47.602969Z[0m [34mDEBUG[0m [2mhyper::client::pool[0m[2m:[0m pooling idle connection for ("http", 192.168.0.14:8545)
[2m2025-12-10T10:11:47.661797Z[0m [34mDEBUG[0m [2methereum_transaction_pool_monitor::eth_client[0m[2m:[0m ✅ Transaction 0xd3bde1b5d9bba6e26ead9ec348c0180257991354f321f37347d1c69f6fa49d0c fetched and parsed in 76.665583ms
[2m2025-12-10T10:11:47.661922Z[0m [34mDEBUG[0m [2methereum_transaction_pool_monitor::mempool_monitor[0m[2m:[0m 🔍 Skipping tx 0xd3bde1b5d9bba6e26ead9ec348c0180257991354f321f37347d1c69f6fa49d0c - not a DEX interaction (target: 0xEe7aE85f2Fe2239E27D9c1E23fFFe168D63b4055)
[2m2025-12-10T10:11:47.661936Z[0m [34mDEBUG[0m [2methereum_transaction_pool_monitor::mempool_monitor[0m[2m:[0m 📨 Processing new pending transaction: 0x588db531853e07692001050043270f700f9112492220faaa981edf2cdecaf065
[2m2025-12-10T10:11:47.661943Z[0m [34mDEBUG[0m [2methereum_transaction_pool_monitor::mempool_monitor[0m[2m:[0m 🔍 Fetching transaction details for: 0x588db531853e07692001050043270f700f9112492220faaa981edf2cdecaf065
[2m2025-12-10T10:11:47.661947Z[0m [34mDEBUG[0m [2methereum_transaction_pool_monitor::eth_client[0m[2m:[0m 🔍 Fetching transaction details for hash: 0x588db531853e07692001050043270f700f9112492220faaa981edf2cdecaf065
[2m2025-12-10T10:11:47.661965Z[0m [34mDEBUG[0m [2mhyper::client::pool[0m[2m:[0m reuse idle connection for ("http", 192.168.0.14:8545)
[2m2025-12-10T10:11:47.662004Z[0m [34mDEBUG[0m [2mhyper::proto::h1::io[0m[2m:[0m flushed 250 bytes
[2m2025-12-10T10:11:47.664456Z[0m [34mDEBUG[0m [2methereum_transaction_pool_monitor::eth_client[0m[2m:[0m 📨 Received WebSocket message: {"jsonrpc":"2.0","method":"eth_subscription","params":{"subscription":"0xbed0a0851463e895960a451075a301a9","result":"0x89f699c798d9f45ee557fdb46d3aca15bf46e01907005fa48049966041f0fba6"}}
[2m2025-12-10T10:11:47.664484Z[0m [34mDEBUG[0m [2methereum_transaction_pool_monitor::eth_client[0m[2m:[0m 📨 Received pending transaction: 0x89f699c798d9f45ee557fdb46d3aca15bf46e01907005fa48049966041f0fba6
[2m2025-12-10T10:11:47.667261Z[0m [34mDEBUG[0m [2mhyper::proto::h1::io[0m[2m:[0m parsed 4 headers
[2m2025-12-10T10:11:47.667266Z[0m [34mDEBUG[0m [2mhyper::proto::h1::conn[0m[2m:[0m incoming body is content-length (771 bytes)
[2m2025-12-10T10:11:47.667273Z[0m [34mDEBUG[0m [2mhyper::proto::h1::conn[0m[2m:[0m incoming body completed
[2m2025-12-10T10:11:47.667282Z[0m [34mDEBUG[0m [2mhyper::client::pool[0m[2m:[0m pooling idle connection for ("http", 192.168.0.14:8545)
[2m2025-12-10T10:11:47.667290Z[0m [34mDEBUG[0m [2methereum_transaction_pool_monitor::eth_client[0m[2m:[0m 📡 Transaction fetch RPC completed in 5.339375ms
[2m2025-12-10T10:11:47.738987Z[0m [34mDEBUG[0m [2methereum_transaction_pool_monitor::eth_client[0m[2m:[0m ✅ Transaction 0x588db531853e07692001050043270f700f9112492220faaa981edf2cdecaf065 fetched and parsed in 77.033291ms
[2m2025-12-10T10:11:47.739012Z[0m [34mDEBUG[0m [2methereum_transaction_pool_monitor::mempool_monitor[0m[2m:[0m 🔍 Skipping tx 0x588db531853e07692001050043270f700f9112492220faaa981edf2cdecaf065 - not a DEX interaction (target: 0xB8f28C60dD8240141185a192fa4156A23E189305)
[2m2025-12-10T10:11:47.739022Z[0m [34mDEBUG[0m [2methereum_transaction_pool_monitor::mempool_monitor[0m[2m:[0m 📨 Processing new pending transaction: 0x0e930d1b30dcc2d48140030a7f399759bab41dc1f300e7b222580dddeb584640
[2m2025-12-10T10:11:47.739028Z[0m [34mDEBUG[0m [2methereum_transaction_pool_monitor::mempool_monitor[0m[2m:[0m 🔍 Fetching transaction details for: 0x0e930d1b30dcc2d48140030a7f399759bab41dc1f300e7b222580dddeb584640
[2m2025-12-10T10:11:47.739032Z[0m [34mDEBUG[0m [2methereum_transaction_pool_monitor::eth_client[0m[2m:[0m 🔍 Fetching transaction details for hash: 0x0e930d1b30dcc2d48140030a7f399759bab41dc1f300e7b222580dddeb584640
[2m2025-12-10T10:11:47.739048Z[0m [34mDEBUG[0m [2mhyper::client::pool[0m[2m:[0m reuse idle connection for ("http", 192.168.0.14:8545)
[2m2025-12-10T10:11:47.739083Z[0m [34mDEBUG[0m [2mhyper::proto::h1::io[0m[2m:[0m flushed 250 bytes
[2m2025-12-10T10:11:47.739110Z[0m [34mDEBUG[0m [2mhyper::client::pool[0m[2m:[0m reuse idle connection for ("http", 192.168.0.14:8545)
[2m2025-12-10T10:11:47.739126Z[0m [34mDEBUG[0m [2mhyper::proto::h1::io[0m[2m:[0m flushed 172 bytes
[2m2025-12-10T10:11:47.743248Z[0m [34mDEBUG[0m [2mhyper::proto::h1::io[0m[2m:[0m parsed 4 headers
[2m2025-12-10T10:11:47.743279Z[0m [34mDEBUG[0m [2mhyper::proto::h1::conn[0m[2m:[0m incoming body is content-length (45 bytes)
[2m2025-12-10T10:11:47.743293Z[0m [34mDEBUG[0m [2mhyper::proto::h1::conn[0m[2m:[0m incoming body completed
[2m2025-12-10T10:11:47.743312Z[0m [34mDEBUG[0m [2mhyper::client::pool[0m[2m:[0m pooling idle connection for ("http", 192.168.0.14:8545)
[2m2025-12-10T10:11:47.749148Z[0m [34mDEBUG[0m [2mhyper::proto::h1::io[0m[2m:[0m parsed 4 headers
[2m2025-12-10T10:11:47.749167Z[0m [34mDEBUG[0m [2mhyper::proto::h1::conn[0m[2m:[0m incoming body is content-length (778 bytes)
[2m2025-12-10T10:11:47.749183Z[0m [34mDEBUG[0m [2mhyper::proto::h1::conn[0m[2m:[0m incoming body completed
[2m2025-12-10T10:11:47.749201Z[0m [34mDEBUG[0m [2mhyper::client::pool[0m[2m:[0m pooling idle connection for ("http", 192.168.0.14:8545)
[2m2025-12-10T10:11:47.749209Z[0m [34mDEBUG[0m [2methereum_transaction_pool_monitor::eth_client[0m[2m:[0m 📡 Transaction fetch RPC completed in 10.172709ms
[2m2025-12-10T10:11:47.749236Z[0m [34mDEBUG[0m [2methereum_transaction_pool_monitor::eth_client[0m[2m:[0m DeFi transaction detected - Address: 0xdac17f958d2ee523a2206206994597c13d831ec7, Type: Stablecoin, Value: 0 ETH, Gas: 127.50 Gwei
[2m2025-12-10T10:11:47.749248Z[0m [34mDEBUG[0m [2methereum_transaction_pool_monitor::eth_client[0m[2m:[0m ✅ Transaction 0x0e930d1b30dcc2d48140030a7f399759bab41dc1f300e7b222580dddeb584640 fetched and parsed in 10.212292ms
[2m2025-12-10T10:11:47.749253Z[0m [34mDEBUG[0m [2methereum_transaction_pool_monitor::mempool_monitor[0m[2m:[0m 🔍 Skipping tx 0x0e930d1b30dcc2d48140030a7f399759bab41dc1f300e7b222580dddeb584640 - not a DEX interaction (target: 0xdAC17F958D2ee523a2206206994597C13D831ec7)
[2m2025-12-10T10:11:47.749259Z[0m [34mDEBUG[0m [2methereum_transaction_pool_monitor::mempool_monitor[0m[2m:[0m 📨 Processing new pending transaction: 0x442538ce053d99ef19a824547456e951d72b876a6a1b89e82a780cf6d036bcd5
[2m2025-12-10T10:11:47.749262Z[0m [34mDEBUG[0m [2methereum_transaction_pool_monitor::mempool_monitor[0m[2m:[0m 🔍 Fetching transaction details for: 0x442538ce053d99ef19a824547456e951d72b876a6a1b89e82a780cf6d036bcd5
[2m2025-12-10T10:11:47.749265Z[0m [34mDEBUG[0m [2methereum_transaction_pool_monitor::eth_client[0m[2m:[0m 🔍 Fetching transaction details for hash: 0x442538ce053d99ef19a824547456e951d72b876a6a1b89e82a780cf6d036bcd5
[2m2025-12-10T10:11:47.749272Z[0m [34mDEBUG[0m [2mhyper::client::pool[0m[2m:[0m reuse idle connection for ("http", 192.168.0.14:8545)
[2m2025-12-10T10:11:47.749284Z[0m [34mDEBUG[0m [2mhyper::proto::h1::io[0m[2m:[0m flushed 250 bytes
[2m2025-12-10T10:11:47.759888Z[0m [34mDEBUG[0m [2mhyper::proto::h1::io[0m[2m:[0m parsed 4 headers
[2m2025-12-10T10:11:47.759921Z[0m [34mDEBUG[0m [2mhyper::proto::h1::conn[0m[2m:[0m incoming body is content-length (654 bytes)
[2m2025-12-10T10:11:47.759948Z[0m [34mDEBUG[0m [2mhyper::proto::h1::conn[0m[2m:[0m incoming body completed
[2m2025-12-10T10:11:47.759955Z[0m [34mDEBUG[0m [2mhyper::client::pool[0m[2m:[0m pooling idle connection for ("http", 192.168.0.14:8545)
[2m2025-12-10T10:11:47.759976Z[0m [34mDEBUG[0m [2methereum_transaction_pool_monitor::eth_client[0m[2m:[0m 📡 Transaction fetch RPC completed in 10.707ms
[2m2025-12-10T10:11:47.831326Z[0m [34mDEBUG[0m [2methereum_transaction_pool_monitor::eth_client[0m[2m:[0m ✅ Transaction 0x442538ce053d99ef19a824547456e951d72b876a6a1b89e82a780cf6d036bcd5 fetched and parsed in 82.054875ms
[2m2025-12-10T10:11:47.831350Z[0m [34mDEBUG[0m [2methereum_transaction_pool_monitor::mempool_monitor[0m[2m:[0m 🔍 Skipping tx 0x442538ce053d99ef19a824547456e951d72b876a6a1b89e82a780cf6d036bcd5 - not a DEX interaction (target: 0xaf34e6632D120D45B812081DEE52b01CE10Ae84D)
[2m2025-12-10T10:11:47.831361Z[0m [34mDEBUG[0m [2methereum_transaction_pool_monitor::mempool_monitor[0m[2m:[0m 📨 Processing new pending transaction: 0x89f699c798d9f45ee557fdb46d3aca15bf46e01907005fa48049966041f0fba6
[2m2025-12-10T10:11:47.831366Z[0m [34mDEBUG[0m [2methereum_transaction_pool_monitor::mempool_monitor[0m[2m:[0m 🔍 Fetching transaction details for: 0x89f699c798d9f45ee557fdb46d3aca15bf46e01907005fa48049966041f0fba6
[2m2025-12-10T10:11:47.831370Z[0m [34mDEBUG[0m [2methereum_transaction_pool_monitor::eth_client[0m[2m:[0m 🔍 Fetching transaction details for hash: 0x89f699c798d9f45ee557fdb46d3aca15bf46e01907005fa48049966041f0fba6
[2m2025-12-10T10:11:47.831387Z[0m [34mDEBUG[0m [2mhyper::client::pool[0m[2m:[0m reuse idle connection for ("http", 192.168.0.14:8545)
[2m2025-12-10T10:11:47.831423Z[0m [34mDEBUG[0m [2mhyper::proto::h1::io[0m[2m:[0m flushed 250 bytes
[2m2025-12-10T10:11:47.831454Z[0m [34mDEBUG[0m [2mhyper::client::pool[0m[2m:[0m reuse idle connection for ("http", 192.168.0.14:8545)
[2m2025-12-10T10:11:47.831474Z[0m [34mDEBUG[0m [2mhyper::proto::h1::io[0m[2m:[0m flushed 172 bytes
[2m2025-12-10T10:11:47.839549Z[0m [34mDEBUG[0m [2mhyper::proto::h1::io[0m[2m:[0m parsed 4 headers
[2m2025-12-10T10:11:47.839555Z[0m [34mDEBUG[0m [2mhyper::proto::h1::conn[0m[2m:[0m incoming body is content-length (45 bytes)
[2m2025-12-10T10:11:47.839561Z[0m [34mDEBUG[0m [2mhyper::proto::h1::conn[0m[2m:[0m incoming body completed
[2m2025-12-10T10:11:47.839568Z[0m [34mDEBUG[0m [2mhyper::client::pool[0m[2m:[0m pooling idle connection for ("http", 192.168.0.14:8545)
[2m2025-12-10T10:11:47.839584Z[0m [34mDEBUG[0m [2mhyper::proto::h1::io[0m[2m:[0m parsed 4 headers
[2m2025-12-10T10:11:47.839588Z[0m [34mDEBUG[0m [2mhyper::proto::h1::conn[0m[2m:[0m incoming body is content-length (644 bytes)
[2m2025-12-10T10:11:47.839593Z[0m [34mDEBUG[0m [2mhyper::proto::h1::conn[0m[2m:[0m incoming body completed
[2m2025-12-10T10:11:47.839599Z[0m [34mDEBUG[0m [2mhyper::client::pool[0m[2m:[0m pooling idle connection for ("http", 192.168.0.14:8545)
[2m2025-12-10T10:11:47.839603Z[0m [34mDEBUG[0m [2methereum_transaction_pool_monitor::eth_client[0m[2m:[0m 📡 Transaction fetch RPC completed in 8.228958ms
[2m2025-12-10T10:11:47.909994Z[0m [34mDEBUG[0m [2methereum_transaction_pool_monitor::eth_client[0m[2m:[0m ✅ Transaction 0x89f699c798d9f45ee557fdb46d3aca15bf46e01907005fa48049966041f0fba6 fetched and parsed in 78.616583ms
[2m2025-12-10T10:11:47.910026Z[0m [34mDEBUG[0m [2methereum_transaction_pool_monitor::mempool_monitor[0m[2m:[0m 🔍 Skipping tx 0x89f699c798d9f45ee557fdb46d3aca15bf46e01907005fa48049966041f0fba6 - not a DEX interaction (target: 0xd02d9feF160FAE4358B90c5d31a3e33AeF4539Cc)
[2m2025-12-10T10:11:47.910075Z[0m [34mDEBUG[0m [2mhyper::client::pool[0m[2m:[0m reuse idle connection for ("http", 192.168.0.14:8545)
[2m2025-12-10T10:11:47.910111Z[0m [34mDEBUG[0m [2mhyper::proto::h1::io[0m[2m:[0m flushed 172 bytes
[2m2025-12-10T10:11:47.913915Z[0m [34mDEBUG[0m [2mhyper::proto::h1::io[0m[2m:[0m parsed 4 headers
[2m2025-12-10T10:11:47.913920Z[0m [34mDEBUG[0m [2mhyper::proto::h1::conn[0m[2m:[0m incoming body is content-length (45 bytes)
[2m2025-12-10T10:11:47.913928Z[0m [34mDEBUG[0m [2mhyper::proto::h1::conn[0m[2m:[0m incoming body completed
[2m2025-12-10T10:11:47.913935Z[0m [34mDEBUG[0m [2mhyper::client::pool[0m[2m:[0m pooling idle connection for ("http", 192.168.0.14:8545)
[2m2025-12-10T10:11:47.997982Z[0m [34mDEBUG[0m [2mhyper::client::pool[0m[2m:[0m reuse idle connection for ("http", 192.168.0.14:8545)
[2m2025-12-10T10:11:47.998029Z[0m [34mDEBUG[0m [2mhyper::proto::h1::io[0m[2m:[0m flushed 172 bytes
[2m2025-12-10T10:11:48.001088Z[0m [34mDEBUG[0m [2mhyper::proto::h1::io[0m[2m:[0m parsed 4 headers
[2m2025-12-10T10:11:48.001107Z[0m [34mDEBUG[0m [2mhyper::proto::h1::conn[0m[2m:[0m incoming body is content-length (45 bytes)
[2m2025-12-10T10:11:48.001125Z[0m [34mDEBUG[0m [2mhyper::proto::h1::conn[0m[2m:[0m incoming body completed
[2m2025-12-10T10:11:48.001135Z[0m [34mDEBUG[0m [2mhyper::client::pool[0m[2m:[0m pooling idle connection for ("http", 192.168.0.14:8545)
[2m2025-12-10T10:11:48.021386Z[0m [34mDEBUG[0m [2methereum_transaction_pool_monitor::eth_client[0m[2m:[0m 📨 Received WebSocket message: {"jsonrpc":"2.0","method":"eth_subscription","params":{"subscription":"0xbed0a0851463e895960a451075a301a9","result":"0xc48055ffdffbcffd43a2c5b5e5b2b7e3f0a0e650534dc8318543cc44a71ffc1f"}}
[2m2025-12-10T10:11:48.021409Z[0m [34mDEBUG[0m [2methereum_transaction_pool_monitor::eth_client[0m[2m:[0m 📨 Received pending transaction: 0xc48055ffdffbcffd43a2c5b5e5b2b7e3f0a0e650534dc8318543cc44a71ffc1f
[2m2025-12-10T10:11:48.021426Z[0m [34mDEBUG[0m [2methereum_transaction_pool_monitor::mempool_monitor[0m[2m:[0m 📨 Processing new pending transaction: 0xc48055ffdffbcffd43a2c5b5e5b2b7e3f0a0e650534dc8318543cc44a71ffc1f
[2m2025-12-10T10:11:48.021432Z[0m [34mDEBUG[0m [2methereum_transaction_pool_monitor::mempool_monitor[0m[2m:[0m 🔍 Fetching transaction details for: 0xc48055ffdffbcffd43a2c5b5e5b2b7e3f0a0e650534dc8318543cc44a71ffc1f
[2m2025-12-10T10:11:48.021437Z[0m [34mDEBUG[0m [2methereum_transaction_pool_monitor::eth_client[0m[2m:[0m 🔍 Fetching transaction details for hash: 0xc48055ffdffbcffd43a2c5b5e5b2b7e3f0a0e650534dc8318543cc44a71ffc1f
[2m2025-12-10T10:11:48.021451Z[0m [34mDEBUG[0m [2mhyper::client::pool[0m[2m:[0m reuse idle connection for ("http", 192.168.0.14:8545)
[2m2025-12-10T10:11:48.021469Z[0m [34mDEBUG[0m [2mhyper::proto::h1::io[0m[2m:[0m flushed 250 bytes
[2m2025-12-10T10:11:48.025999Z[0m [34mDEBUG[0m [2mhyper::proto::h1::io[0m[2m:[0m parsed 4 headers
[2m2025-12-10T10:11:48.026005Z[0m [34mDEBUG[0m [2mhyper::proto::h1::conn[0m[2m:[0m incoming body is content-length (551 bytes)
[2m2025-12-10T10:11:48.026011Z[0m [34mDEBUG[0m [2mhyper::proto::h1::conn[0m[2m:[0m incoming body completed
[2m2025-12-10T10:11:48.026018Z[0m [34mDEBUG[0m [2mhyper::client::pool[0m[2m:[0m pooling idle connection for ("http", 192.168.0.14:8545)
[2m2025-12-10T10:11:48.026025Z[0m [34mDEBUG[0m [2methereum_transaction_pool_monitor::eth_client[0m[2m:[0m 📡 Transaction fetch RPC completed in 4.582667ms
[2m2025-12-10T10:11:48.102715Z[0m [34mDEBUG[0m [2methereum_transaction_pool_monitor::eth_client[0m[2m:[0m ✅ Transaction 0xc48055ffdffbcffd43a2c5b5e5b2b7e3f0a0e650534dc8318543cc44a71ffc1f fetched and parsed in 81.270375ms
[2m2025-12-10T10:11:48.102739Z[0m [34mDEBUG[0m [2methereum_transaction_pool_monitor::mempool_monitor[0m[2m:[0m 🔍 Skipping tx 0xc48055ffdffbcffd43a2c5b5e5b2b7e3f0a0e650534dc8318543cc44a71ffc1f - not a DEX interaction (target: 0xC3A807FF9B83b27Df128Df5A0bcBf212Eb3FF931)
[2m2025-12-10T10:11:48.102772Z[0m [34mDEBUG[0m [2mhyper::client::pool[0m[2m:[0m reuse idle connection for ("http", 192.168.0.14:8545)
[2m2025-12-10T10:11:48.102797Z[0m [34mDEBUG[0m [2mhyper::proto::h1::io[0m[2m:[0m flushed 172 bytes
[2m2025-12-10T10:11:48.102851Z[0m [34mDEBUG[0m [2methereum_transaction_pool_monitor::eth_client[0m[2m:[0m 📨 Received WebSocket message: {"jsonrpc":"2.0","method":"eth_subscription","params":{"subscription":"0xbed0a0851463e895960a451075a301a9","result":"0xb4e50701f095cce8b79f4bc730c2823c61b3dc86951bbdeb7b648153a9a01d9d"}}
[2m2025-12-10T10:11:48.102862Z[0m [34mDEBUG[0m [2methereum_transaction_pool_monitor::eth_client[0m[2m:[0m 📨 Received pending transaction: 0xb4e50701f095cce8b79f4bc730c2823c61b3dc86951bbdeb7b648153a9a01d9d
[2m2025-12-10T10:11:48.102870Z[0m [34mDEBUG[0m [2methereum_transaction_pool_monitor::eth_client[0m[2m:[0m 📨 Received WebSocket message: {"jsonrpc":"2.0","method":"eth_subscription","params":{"subscription":"0xbed0a0851463e895960a451075a301a9","result":"0x2edf13da580abcd928e561b49a99d2da55bce39521f10008bff17373a8535ea3"}}
[2m2025-12-10T10:11:48.102875Z[0m [34mDEBUG[0m [2methereum_transaction_pool_monitor::eth_client[0m[2m:[0m 📨 Received pending transaction: 0x2edf13da580abcd928e561b49a99d2da55bce39521f10008bff17373a8535ea3
[2m2025-12-10T10:11:48.102973Z[0m [34mDEBUG[0m [2methereum_transaction_pool_monitor::eth_client[0m[2m:[0m 📨 Received WebSocket message: {"jsonrpc":"2.0","method":"eth_subscription","params":{"subscription":"0xbed0a0851463e895960a451075a301a9","result":"0x3780045fb24ebaa4e455dc69b2803aa2fd2649ae96f1d766d2d5292dd584d92d"}}
[2m2025-12-10T10:11:48.102982Z[0m [34mDEBUG[0m [2methereum_transaction_pool_monitor::eth_client[0m[2m:[0m 📨 Received pending transaction: 0x3780045fb24ebaa4e455dc69b2803aa2fd2649ae96f1d766d2d5292dd584d92d
[2m2025-12-10T10:11:48.102989Z[0m [34mDEBUG[0m [2methereum_transaction_pool_monitor::mempool_monitor[0m[2m:[0m 📨 Processing new pending transaction: 0xb4e50701f095cce8b79f4bc730c2823c61b3dc86951bbdeb7b648153a9a01d9d
[2m2025-12-10T10:11:48.102993Z[0m [34mDEBUG[0m [2methereum_transaction_pool_monitor::mempool_monitor[0m[2m:[0m 🔍 Fetching transaction details for: 0xb4e50701f095cce8b79f4bc730c2823c61b3dc86951bbdeb7b648153a9a01d9d
[2m2025-12-10T10:11:48.102996Z[0m [34mDEBUG[0m [2methereum_transaction_pool_monitor::eth_client[0m[2m:[0m 🔍 Fetching transaction details for hash: 0xb4e50701f095cce8b79f4bc730c2823c61b3dc86951bbdeb7b648153a9a01d9d
[2m2025-12-10T10:11:48.103004Z[0m [34mDEBUG[0m [2mhyper::client::pool[0m[2m:[0m reuse idle connection for ("http", 192.168.0.14:8545)
[2m2025-12-10T10:11:48.103016Z[0m [34mDEBUG[0m [2mhyper::proto::h1::io[0m[2m:[0m flushed 250 bytes
[2m2025-12-10T10:11:48.106747Z[0m [34mDEBUG[0m [2mhyper::proto::h1::io[0m[2m:[0m parsed 4 headers
[2m2025-12-10T10:11:48.106768Z[0m [34mDEBUG[0m [2mhyper::proto::h1::conn[0m[2m:[0m incoming body is content-length (45 bytes)
[2m2025-12-10T10:11:48.106787Z[0m [34mDEBUG[0m [2mhyper::proto::h1::conn[0m[2m:[0m incoming body completed
[2m2025-12-10T10:11:48.106805Z[0m [34mDEBUG[0m [2mhyper::client::pool[0m[2m:[0m pooling idle connection for ("http", 192.168.0.14:8545)
[2m2025-12-10T10:11:48.112437Z[0m [34mDEBUG[0m [2mhyper::proto::h1::io[0m[2m:[0m parsed 4 headers
[2m2025-12-10T10:11:48.112441Z[0m [34mDEBUG[0m [2mhyper::proto::h1::conn[0m[2m:[0m incoming body is content-length (771 bytes)
[2m2025-12-10T10:11:48.112446Z[0m [34mDEBUG[0m [2mhyper::proto::h1::conn[0m[2m:[0m incoming body completed
[2m2025-12-10T10:11:48.112450Z[0m [34mDEBUG[0m [2mhyper::client::pool[0m[2m:[0m pooling idle connection for ("http", 192.168.0.14:8545)
[2m2025-12-10T10:11:48.112454Z[0m [34mDEBUG[0m [2methereum_transaction_pool_monitor::eth_client[0m[2m:[0m 📡 Transaction fetch RPC completed in 9.455125ms
[2m2025-12-10T10:11:48.183812Z[0m [34mDEBUG[0m [2methereum_transaction_pool_monitor::eth_client[0m[2m:[0m ✅ Transaction 0xb4e50701f095cce8b79f4bc730c2823c61b3dc86951bbdeb7b648153a9a01d9d fetched and parsed in 80.81025ms
[2m2025-12-10T10:11:48.183837Z[0m [34mDEBUG[0m [2methereum_transaction_pool_monitor::mempool_monitor[0m[2m:[0m 🔍 Skipping tx 0xb4e50701f095cce8b79f4bc730c2823c61b3dc86951bbdeb7b648153a9a01d9d - not a DEX interaction (target: 0xB8f28C60dD8240141185a192fa4156A23E189305)
[2m2025-12-10T10:11:48.183848Z[0m [34mDEBUG[0m [2methereum_transaction_pool_monitor::mempool_monitor[0m[2m:[0m 📨 Processing new pending transaction: 0x2edf13da580abcd928e561b49a99d2da55bce39521f10008bff17373a8535ea3
[2m2025-12-10T10:11:48.183853Z[0m [34mDEBUG[0m [2methereum_transaction_pool_monitor::mempool_monitor[0m[2m:[0m 🔍 Fetching transaction details for: 0x2edf13da580abcd928e561b49a99d2da55bce39521f10008bff17373a8535ea3
[2m2025-12-10T10:11:48.183857Z[0m [34mDEBUG[0m [2methereum_transaction_pool_monitor::eth_client[0m[2m:[0m 🔍 Fetching transaction details for hash: 0x2edf13da580abcd928e561b49a99d2da55bce39521f10008bff17373a8535ea3
[2m2025-12-10T10:11:48.183880Z[0m [34mDEBUG[0m [2mhyper::client::pool[0m[2m:[0m reuse idle connection for ("http", 192.168.0.14:8545)
[2m2025-12-10T10:11:48.187761Z[0m [34mDEBUG[0m [2mhyper::proto::h1::io[0m[2m:[0m flushed 250 bytes
[2m2025-12-10T10:11:48.193404Z[0m [34mDEBUG[0m [2mhyper::proto::h1::io[0m[2m:[0m parsed 4 headers
[2m2025-12-10T10:11:48.193409Z[0m [34mDEBUG[0m [2mhyper::proto::h1::conn[0m[2m:[0m incoming body is content-length (1219 bytes)
[2m2025-12-10T10:11:48.193417Z[0m [34mDEBUG[0m [2mhyper::proto::h1::conn[0m[2m:[0m incoming body completed
[2m2025-12-10T10:11:48.193426Z[0m [34mDEBUG[0m [2mhyper::client::pool[0m[2m:[0m pooling idle connection for ("http", 192.168.0.14:8545)
[2m2025-12-10T10:11:48.193431Z[0m [34mDEBUG[0m [2methereum_transaction_pool_monitor::eth_client[0m[2m:[0m 📡 Transaction fetch RPC completed in 9.570375ms
[2m2025-12-10T10:11:48.259899Z[0m [34mDEBUG[0m [2methereum_transaction_pool_monitor::eth_client[0m[2m:[0m ✅ Transaction 0x2edf13da580abcd928e561b49a99d2da55bce39521f10008bff17373a8535ea3 fetched and parsed in 76.035959ms
[2m2025-12-10T10:11:48.259916Z[0m [34mDEBUG[0m [2methereum_transaction_pool_monitor::mempool_monitor[0m[2m:[0m 🔍 Skipping tx 0x2edf13da580abcd928e561b49a99d2da55bce39521f10008bff17373a8535ea3 - not a DEX interaction (target: 0xF6801D319497789f934ec7F83E142a9536312B08)
[2m2025-12-10T10:11:48.259924Z[0m [34mDEBUG[0m [2methereum_transaction_pool_monitor::mempool_monitor[0m[2m:[0m 📨 Processing new pending transaction: 0x3780045fb24ebaa4e455dc69b2803aa2fd2649ae96f1d766d2d5292dd584d92d
[2m2025-12-10T10:11:48.259928Z[0m [34mDEBUG[0m [2methereum_transaction_pool_monitor::mempool_monitor[0m[2m:[0m 🔍 Fetching transaction details for: 0x3780045fb24ebaa4e455dc69b2803aa2fd2649ae96f1d766d2d5292dd584d92d
[2m2025-12-10T10:11:48.259932Z[0m [34mDEBUG[0m [2methereum_transaction_pool_monitor::eth_client[0m[2m:[0m 🔍 Fetching transaction details for hash: 0x3780045fb24ebaa4e455dc69b2803aa2fd2649ae96f1d766d2d5292dd584d92d
[2m2025-12-10T10:11:48.259948Z[0m [34mDEBUG[0m [2mhyper::client::pool[0m[2m:[0m reuse idle connection for ("http", 192.168.0.14:8545)
[2m2025-12-10T10:11:48.259974Z[0m [34mDEBUG[0m [2mhyper::proto::h1::io[0m[2m:[0m flushed 250 bytes
[2m2025-12-10T10:11:48.259999Z[0m [34mDEBUG[0m [2mhyper::client::pool[0m[2m:[0m reuse idle connection for ("http", 192.168.0.14:8545)
[2m2025-12-10T10:11:48.260010Z[0m [34mDEBUG[0m [2mhyper::proto::h1::io[0m[2m:[0m flushed 172 bytes
[2m2025-12-10T10:11:48.262914Z[0m [34mDEBUG[0m [2mhyper::proto::h1::io[0m[2m:[0m parsed 4 headers
[2m2025-12-10T10:11:48.262933Z[0m [34mDEBUG[0m [2mhyper::proto::h1::conn[0m[2m:[0m incoming body is content-length (45 bytes)
[2m2025-12-10T10:11:48.262954Z[0m [34mDEBUG[0m [2mhyper::proto::h1::conn[0m[2m:[0m incoming body completed
[2m2025-12-10T10:11:48.262971Z[0m [34mDEBUG[0m [2mhyper::client::pool[0m[2m:[0m pooling idle connection for ("http", 192.168.0.14:8545)
[2m2025-12-10T10:11:48.263339Z[0m [34mDEBUG[0m [2mhyper::proto::h1::io[0m[2m:[0m parsed 4 headers
[2m2025-12-10T10:11:48.263344Z[0m [34mDEBUG[0m [2mhyper::proto::h1::conn[0m[2m:[0m incoming body is content-length (680 bytes)
[2m2025-12-10T10:11:48.263348Z[0m [34mDEBUG[0m [2mhyper::proto::h1::conn[0m[2m:[0m incoming body completed
[2m2025-12-10T10:11:48.263353Z[0m [34mDEBUG[0m [2mhyper::client::pool[0m[2m:[0m pooling idle connection for ("http", 192.168.0.14:8545)
[2m2025-12-10T10:11:48.263357Z[0m [34mDEBUG[0m [2methereum_transaction_pool_monitor::eth_client[0m[2m:[0m 📡 Transaction fetch RPC completed in 3.421417ms
[2m2025-12-10T10:11:48.263368Z[0m [34mDEBUG[0m [2methereum_transaction_pool_monitor::eth_client[0m[2m:[0m DeFi transaction detected - Address: 0xdac17f958d2ee523a2206206994597c13d831ec7, Type: Stablecoin, Value: 0 ETH, Gas: 2.00 Gwei
[2m2025-12-10T10:11:48.263383Z[0m [34mDEBUG[0m [2methereum_transaction_pool_monitor::eth_client[0m[2m:[0m ✅ Transaction 0x3780045fb24ebaa4e455dc69b2803aa2fd2649ae96f1d766d2d5292dd584d92d fetched and parsed in 3.446875ms
[2m2025-12-10T10:11:48.263388Z[0m [34mDEBUG[0m [2methereum_transaction_pool_monitor::mempool_monitor[0m[2m:[0m 🔍 Skipping tx 0x3780045fb24ebaa4e455dc69b2803aa2fd2649ae96f1d766d2d5292dd584d92d - not a DEX interaction (target: 0xdAC17F958D2ee523a2206206994597C13D831ec7)
[2m2025-12-10T10:11:48.299447Z[0m [34mDEBUG[0m [2mhyper::client::pool[0m[2m:[0m reuse idle connection for ("http", 192.168.0.14:8545)
[2m2025-12-10T10:11:48.299501Z[0m [34mDEBUG[0m [2mhyper::proto::h1::io[0m[2m:[0m flushed 172 bytes
[2m2025-12-10T10:11:48.306441Z[0m [34mDEBUG[0m [2mhyper::proto::h1::io[0m[2m:[0m parsed 4 headers
[2m2025-12-10T10:11:48.306459Z[0m [34mDEBUG[0m [2mhyper::proto::h1::conn[0m[2m:[0m incoming body is content-length (45 bytes)
[2m2025-12-10T10:11:48.306477Z[0m [34mDEBUG[0m [2mhyper::proto::h1::conn[0m[2m:[0m incoming body completed
[2m2025-12-10T10:11:48.306496Z[0m [34mDEBUG[0m [2mhyper::client::pool[0m[2m:[0m pooling idle connection for ("http", 192.168.0.14:8545)
[2m2025-12-10T10:11:48.399093Z[0m [34mDEBUG[0m [2mhyper::client::pool[0m[2m:[0m reuse idle connection for ("http", 192.168.0.14:8545)
[2m2025-12-10T10:11:48.399130Z[0m [34mDEBUG[0m [2mhyper::proto::h1::io[0m[2m:[0m flushed 172 bytes
[2m2025-12-10T10:11:48.403990Z[0m [34mDEBUG[0m [2mhyper::proto::h1::io[0m[2m:[0m parsed 4 headers
[2m2025-12-10T10:11:48.404008Z[0m [34mDEBUG[0m [2mhyper::proto::h1::conn[0m[2m:[0m incoming body is content-length (45 bytes)
[2m2025-12-10T10:11:48.404022Z[0m [34mDEBUG[0m [2mhyper::proto::h1::conn[0m[2m:[0m incoming body completed
[2m2025-12-10T10:11:48.404032Z[0m [34mDEBUG[0m [2mhyper::client::pool[0m[2m:[0m pooling idle connection for ("http", 192.168.0.14:8545)
[2m2025-12-10T10:11:48.499120Z[0m [34mDEBUG[0m [2mhyper::client::pool[0m[2m:[0m reuse idle connection for ("http", 192.168.0.14:8545)
[2m2025-12-10T10:11:48.499235Z[0m [34mDEBUG[0m [2mhyper::proto::h1::io[0m[2m:[0m flushed 172 bytes
[2m2025-12-10T10:11:48.503352Z[0m [34mDEBUG[0m [2mhyper::proto::h1::io[0m[2m:[0m parsed 4 headers
[2m2025-12-10T10:11:48.503363Z[0m [34mDEBUG[0m [2mhyper::proto::h1::conn[0m[2m:[0m incoming body is content-length (45 bytes)
[2m2025-12-10T10:11:48.503372Z[0m [34mDEBUG[0m [2mhyper::proto::h1::conn[0m[2m:[0m incoming body completed
[2m2025-12-10T10:11:48.503382Z[0m [34mDEBUG[0m [2mhyper::client::pool[0m[2m:[0m pooling idle connection for ("http", 192.168.0.14:8545)
[2m2025-12-10T10:11:48.598020Z[0m [34mDEBUG[0m [2mhyper::client::pool[0m[2m:[0m reuse idle connection for ("http", 192.168.0.14:8545)
[2m2025-12-10T10:11:48.598206Z[0m [34mDEBUG[0m [2mhyper::proto::h1::io[0m[2m:[0m flushed 172 bytes
[2m2025-12-10T10:11:48.601041Z[0m [34mDEBUG[0m [2mhyper::proto::h1::io[0m[2m:[0m parsed 4 headers
[2m2025-12-10T10:11:48.601114Z[0m [34mDEBUG[0m [2mhyper::proto::h1::conn[0m[2m:[0m incoming body is content-length (45 bytes)
[2m2025-12-10T10:11:48.601156Z[0m [34mDEBUG[0m [2mhyper::proto::h1::conn[0m[2m:[0m incoming body completed
[2m2025-12-10T10:11:48.601201Z[0m [34mDEBUG[0m [2mhyper::client::pool[0m[2m:[0m pooling idle connection for ("http", 192.168.0.14:8545)
[2m2025-12-10T10:11:48.697770Z[0m [34mDEBUG[0m [2mhyper::client::pool[0m[2m:[0m reuse idle connection for ("http", 192.168.0.14:8545)
[2m2025-12-10T10:11:48.697928Z[0m [34mDEBUG[0m [2mhyper::proto::h1::io[0m[2m:[0m flushed 172 bytes
[2m2025-12-10T10:11:48.700636Z[0m [34mDEBUG[0m [2mhyper::proto::h1::io[0m[2m:[0m parsed 4 headers
[2m2025-12-10T10:11:48.700673Z[0m [34mDEBUG[0m [2mhyper::proto::h1::conn[0m[2m:[0m incoming body is content-length (45 bytes)
[2m2025-12-10T10:11:48.700706Z[0m [34mDEBUG[0m [2mhyper::proto::h1::conn[0m[2m:[0m incoming body completed
[2m2025-12-10T10:11:48.700742Z[0m [34mDEBUG[0m [2mhyper::client::pool[0m[2m:[0m pooling idle connection for ("http", 192.168.0.14:8545)
[2m2025-12-10T10:11:48.765648Z[0m [34mDEBUG[0m [2methereum_transaction_pool_monitor::eth_client[0m[2m:[0m 📨 Received WebSocket message: {"jsonrpc":"2.0","method":"eth_subscription","params":{"subscription":"0xbed0a0851463e895960a451075a301a9","result":"0x891e1066707eb253968f2762dbaafa58436d3fc43824fc228e97327db4dd5a18"}}
[2m2025-12-10T10:11:48.765763Z[0m [34mDEBUG[0m [2methereum_transaction_pool_monitor::eth_client[0m[2m:[0m 📨 Received pending transaction: 0x891e1066707eb253968f2762dbaafa58436d3fc43824fc228e97327db4dd5a18
[2m2025-12-10T10:11:48.765804Z[0m [34mDEBUG[0m [2methereum_transaction_pool_monitor::mempool_monitor[0m[2m:[0m 📨 Processing new pending transaction: 0x891e1066707eb253968f2762dbaafa58436d3fc43824fc228e97327db4dd5a18
[2m2025-12-10T10:11:48.765821Z[0m [34mDEBUG[0m [2methereum_transaction_pool_monitor::mempool_monitor[0m[2m:[0m 🔍 Fetching transaction details for: 0x891e1066707eb253968f2762dbaafa58436d3fc43824fc228e97327db4dd5a18
[2m2025-12-10T10:11:48.765838Z[0m [34mDEBUG[0m [2methereum_transaction_pool_monitor::eth_client[0m[2m:[0m 🔍 Fetching transaction details for hash: 0x891e1066707eb253968f2762dbaafa58436d3fc43824fc228e97327db4dd5a18
[2m2025-12-10T10:11:48.765906Z[0m [34mDEBUG[0m [2mhyper::client::pool[0m[2m:[0m reuse idle connection for ("http", 192.168.0.14:8545)
[2m2025-12-10T10:11:48.765996Z[0m [34mDEBUG[0m [2mhyper::proto::h1::io[0m[2m:[0m flushed 250 bytes
[2m2025-12-10T10:11:48.773132Z[0m [34mDEBUG[0m [2mhyper::proto::h1::io[0m[2m:[0m parsed 4 headers
[2m2025-12-10T10:11:48.773166Z[0m [34mDEBUG[0m [2mhyper::proto::h1::conn[0m[2m:[0m incoming body is content-length (644 bytes)
[2m2025-12-10T10:11:48.773188Z[0m [34mDEBUG[0m [2mhyper::proto::h1::conn[0m[2m:[0m incoming body completed
[2m2025-12-10T10:11:48.773214Z[0m [34mDEBUG[0m [2mhyper::client::pool[0m[2m:[0m pooling idle connection for ("http", 192.168.0.14:8545)
[2m2025-12-10T10:11:48.773234Z[0m [34mDEBUG[0m [2methereum_transaction_pool_monitor::eth_client[0m[2m:[0m 📡 Transaction fetch RPC completed in 7.381834ms
[2m2025-12-10T10:11:48.859988Z[0m [34mDEBUG[0m [2methereum_transaction_pool_monitor::eth_client[0m[2m:[0m ✅ Transaction 0x891e1066707eb253968f2762dbaafa58436d3fc43824fc228e97327db4dd5a18 fetched and parsed in 94.134209ms
[2m2025-12-10T10:11:48.860009Z[0m [34mDEBUG[0m [2methereum_transaction_pool_monitor::mempool_monitor[0m[2m:[0m 🔍 Skipping tx 0x891e1066707eb253968f2762dbaafa58436d3fc43824fc228e97327db4dd5a18 - not a DEX interaction (target: 0xA26148AE51fa8E787DF319C04137602Cc018b521)
[2m2025-12-10T10:11:48.860044Z[0m [34mDEBUG[0m [2mhyper::client::pool[0m[2m:[0m reuse idle connection for ("http", 192.168.0.14:8545)
[2m2025-12-10T10:11:48.860101Z[0m [34mDEBUG[0m [2mhyper::proto::h1::io[0m[2m:[0m flushed 172 bytes
[2m2025-12-10T10:11:48.860106Z[0m [34mDEBUG[0m [2methereum_transaction_pool_monitor::eth_client[0m[2m:[0m 📨 Received WebSocket message: {"jsonrpc":"2.0","method":"eth_subscription","params":{"subscription":"0xbed0a0851463e895960a451075a301a9","result":"0xd82e72c31868f1302b7b14d6d86be01248ec850999194694d5bdb5e1e776a8c1"}}
[2m2025-12-10T10:11:48.860125Z[0m [34mDEBUG[0m [2methereum_transaction_pool_monitor::eth_client[0m[2m:[0m 📨 Received pending transaction: 0xd82e72c31868f1302b7b14d6d86be01248ec850999194694d5bdb5e1e776a8c1
[2m2025-12-10T10:11:48.860132Z[0m [34mDEBUG[0m [2methereum_transaction_pool_monitor::eth_client[0m[2m:[0m 📨 Received WebSocket message: {"jsonrpc":"2.0","method":"eth_subscription","params":{"subscription":"0xbed0a0851463e895960a451075a301a9","result":"0xcb5cbcc60465a4e2206f7bc443b710ec56059b78f28e277f45c1553da02a6c33"}}
[2m2025-12-10T10:11:48.860139Z[0m [34mDEBUG[0m [2methereum_transaction_pool_monitor::eth_client[0m[2m:[0m 📨 Received pending transaction: 0xcb5cbcc60465a4e2206f7bc443b710ec56059b78f28e277f45c1553da02a6c33
[2m2025-12-10T10:11:48.860145Z[0m [34mDEBUG[0m [2methereum_transaction_pool_monitor::mempool_monitor[0m[2m:[0m 📨 Processing new pending transaction: 0xd82e72c31868f1302b7b14d6d86be01248ec850999194694d5bdb5e1e776a8c1
[2m2025-12-10T10:11:48.860185Z[0m [34mDEBUG[0m [2methereum_transaction_pool_monitor::mempool_monitor[0m[2m:[0m 🔍 Fetching transaction details for: 0xd82e72c31868f1302b7b14d6d86be01248ec850999194694d5bdb5e1e776a8c1
[2m2025-12-10T10:11:48.860190Z[0m [34mDEBUG[0m [2methereum_transaction_pool_monitor::eth_client[0m[2m:[0m 🔍 Fetching transaction details for hash: 0xd82e72c31868f1302b7b14d6d86be01248ec850999194694d5bdb5e1e776a8c1
[2m2025-12-10T10:11:48.860199Z[0m [34mDEBUG[0m [2mhyper::client::pool[0m[2m:[0m reuse idle connection for ("http", 192.168.0.14:8545)
[2m2025-12-10T10:11:48.860212Z[0m [34mDEBUG[0m [2mhyper::proto::h1::io[0m[2m:[0m flushed 250 bytes
[2m2025-12-10T10:11:48.873709Z[0m [34mDEBUG[0m [2mhyper::proto::h1::io[0m[2m:[0m parsed 4 headers
[2m2025-12-10T10:11:48.873765Z[0m [34mDEBUG[0m [2mhyper::proto::h1::conn[0m[2m:[0m incoming body is content-length (45 bytes)
[2m2025-12-10T10:11:48.873775Z[0m [34mDEBUG[0m [2mhyper::proto::h1::conn[0m[2m:[0m incoming body completed
[2m2025-12-10T10:11:48.873789Z[0m [34mDEBUG[0m [2mhyper::client::pool[0m[2m:[0m pooling idle connection for ("http", 192.168.0.14:8545)
[2m2025-12-10T10:11:48.874413Z[0m [34mDEBUG[0m [2mhyper::proto::h1::io[0m[2m:[0m parsed 4 headers
[2m2025-12-10T10:11:48.874419Z[0m [34mDEBUG[0m [2mhyper::proto::h1::conn[0m[2m:[0m incoming body is content-length (773 bytes)
[2m2025-12-10T10:11:48.874424Z[0m [34mDEBUG[0m [2mhyper::proto::h1::conn[0m[2m:[0m incoming body completed
[2m2025-12-10T10:11:48.874432Z[0m [34mDEBUG[0m [2mhyper::client::pool[0m[2m:[0m pooling idle connection for ("http", 192.168.0.14:8545)
[2m2025-12-10T10:11:48.874436Z[0m [34mDEBUG[0m [2methereum_transaction_pool_monitor::eth_client[0m[2m:[0m 📡 Transaction fetch RPC completed in 14.242291ms
[2m2025-12-10T10:11:48.946614Z[0m [34mDEBUG[0m [2methereum_transaction_pool_monitor::eth_client[0m[2m:[0m ✅ Transaction 0xd82e72c31868f1302b7b14d6d86be01248ec850999194694d5bdb5e1e776a8c1 fetched and parsed in 86.41775ms
[2m2025-12-10T10:11:48.946638Z[0m [34mDEBUG[0m [2methereum_transaction_pool_monitor::mempool_monitor[0m[2m:[0m 🔍 Skipping tx 0xd82e72c31868f1302b7b14d6d86be01248ec850999194694d5bdb5e1e776a8c1 - not a DEX interaction (target: 0xA0b86991c6218b36c1d19D4a2e9Eb0cE3606eB48)
[2m2025-12-10T10:11:48.946648Z[0m [34mDEBUG[0m [2methereum_transaction_pool_monitor::mempool_monitor[0m[2m:[0m 📨 Processing new pending transaction: 0xcb5cbcc60465a4e2206f7bc443b710ec56059b78f28e277f45c1553da02a6c33
[2m2025-12-10T10:11:48.946655Z[0m [34mDEBUG[0m [2methereum_transaction_pool_monitor::mempool_monitor[0m[2m:[0m 🔍 Fetching transaction details for: 0xcb5cbcc60465a4e2206f7bc443b710ec56059b78f28e277f45c1553da02a6c33
[2m2025-12-10T10:11:48.946659Z[0m [34mDEBUG[0m [2methereum_transaction_pool_monitor::eth_client[0m[2m:[0m 🔍 Fetching transaction details for hash: 0xcb5cbcc60465a4e2206f7bc443b710ec56059b78f28e277f45c1553da02a6c33
[2m2025-12-10T10:11:48.946676Z[0m [34mDEBUG[0m [2mhyper::client::pool[0m[2m:[0m reuse idle connection for ("http", 192.168.0.14:8545)
[2m2025-12-10T10:11:48.946712Z[0m [34mDEBUG[0m [2mhyper::proto::h1::io[0m[2m:[0m flushed 250 bytes
[2m2025-12-10T10:11:48.946731Z[0m [34mDEBUG[0m [2mhyper::client::pool[0m[2m:[0m reuse idle connection for ("http", 192.168.0.14:8545)
[2m2025-12-10T10:11:48.946748Z[0m [34mDEBUG[0m [2mhyper::proto::h1::io[0m[2m:[0m flushed 172 bytes
[2m2025-12-10T10:11:48.946751Z[0m [34mDEBUG[0m [2methereum_transaction_pool_monitor::eth_client[0m[2m:[0m 📨 Received WebSocket message: {"jsonrpc":"2.0","method":"eth_subscription","params":{"subscription":"0xbed0a0851463e895960a451075a301a9","result":"0x7f3f693b0c7116926ac145131cb25df7b33b2ea0926e8e31a19d34f187e47a15"}}
[2m2025-12-10T10:11:48.946763Z[0m [34mDEBUG[0m [2methereum_transaction_pool_monitor::eth_client[0m[2m:[0m 📨 Received pending transaction: 0x7f3f693b0c7116926ac145131cb25df7b33b2ea0926e8e31a19d34f187e47a15
[2m2025-12-10T10:11:48.954093Z[0m [34mDEBUG[0m [2mhyper::proto::h1::io[0m[2m:[0m parsed 4 headers
[2m2025-12-10T10:11:48.957190Z[0m [34mDEBUG[0m [2mhyper::proto::h1::conn[0m[2m:[0m incoming body is content-length (1667 bytes)
[2m2025-12-10T10:11:48.957212Z[0m [34mDEBUG[0m [2methereum_transaction_pool_monitor::eth_client[0m[2m:[0m 📡 Transaction fetch RPC completed in 10.549375ms
[2m2025-12-10T10:11:48.963655Z[0m [34mDEBUG[0m [2mhyper::proto::h1::conn[0m[2m:[0m incoming body completed
[2m2025-12-10T10:11:48.963723Z[0m [34mDEBUG[0m [2mhyper::client::pool[0m[2m:[0m pooling idle connection for ("http", 192.168.0.14:8545)
[2m2025-12-10T10:11:48.963742Z[0m [34mDEBUG[0m [2mhyper::proto::h1::io[0m[2m:[0m parsed 4 headers
[2m2025-12-10T10:11:48.963748Z[0m [34mDEBUG[0m [2mhyper::proto::h1::conn[0m[2m:[0m incoming body is content-length (45 bytes)
[2m2025-12-10T10:11:48.963754Z[0m [34mDEBUG[0m [2mhyper::proto::h1::conn[0m[2m:[0m incoming body completed
[2m2025-12-10T10:11:48.963762Z[0m [34mDEBUG[0m [2mhyper::client::pool[0m[2m:[0m pooling idle connection for ("http", 192.168.0.14:8545)
[2m2025-12-10T10:11:48.999125Z[0m [34mDEBUG[0m [2mhyper::client::pool[0m[2m:[0m reuse idle connection for ("http", 192.168.0.14:8545)
[2m2025-12-10T10:11:48.999188Z[0m [34mDEBUG[0m [2mhyper::proto::h1::io[0m[2m:[0m flushed 172 bytes
[2m2025-12-10T10:11:49.001925Z[0m [34mDEBUG[0m [2mhyper::proto::h1::io[0m[2m:[0m parsed 4 headers
[2m2025-12-10T10:11:49.001934Z[0m [34mDEBUG[0m [2mhyper::proto::h1::conn[0m[2m:[0m incoming body is content-length (45 bytes)
[2m2025-12-10T10:11:49.001943Z[0m [34mDEBUG[0m [2mhyper::proto::h1::conn[0m[2m:[0m incoming body completed
[2m2025-12-10T10:11:49.001952Z[0m [34mDEBUG[0m [2mhyper::client::pool[0m[2m:[0m pooling idle connection for ("http", 192.168.0.14:8545)
[2m2025-12-10T10:11:49.035967Z[0m [34mDEBUG[0m [2methereum_transaction_pool_monitor::eth_client[0m[2m:[0m ✅ Transaction 0xcb5cbcc60465a4e2206f7bc443b710ec56059b78f28e277f45c1553da02a6c33 fetched and parsed in 89.301125ms
[2m2025-12-10T10:11:49.035995Z[0m [34mDEBUG[0m [2methereum_transaction_pool_monitor::mempool_monitor[0m[2m:[0m 🔍 Skipping tx 0xcb5cbcc60465a4e2206f7bc443b710ec56059b78f28e277f45c1553da02a6c33 - not a DEX interaction (target: 0xbB5FD31F39eDb1218f8B742B9d209D4851BB2eE9)
[2m2025-12-10T10:11:49.036006Z[0m [34mDEBUG[0m [2methereum_transaction_pool_monitor::mempool_monitor[0m[2m:[0m 📨 Processing new pending transaction: 0x7f3f693b0c7116926ac145131cb25df7b33b2ea0926e8e31a19d34f187e47a15
[2m2025-12-10T10:11:49.036012Z[0m [34mDEBUG[0m [2methereum_transaction_pool_monitor::mempool_monitor[0m[2m:[0m 🔍 Fetching transaction details for: 0x7f3f693b0c7116926ac145131cb25df7b33b2ea0926e8e31a19d34f187e47a15
[2m2025-12-10T10:11:49.036016Z[0m [34mDEBUG[0m [2methereum_transaction_pool_monitor::eth_client[0m[2m:[0m 🔍 Fetching transaction details for hash: 0x7f3f693b0c7116926ac145131cb25df7b33b2ea0926e8e31a19d34f187e47a15
[2m2025-12-10T10:11:49.036039Z[0m [34mDEBUG[0m [2mhyper::client::pool[0m[2m:[0m reuse idle connection for ("http", 192.168.0.14:8545)
[2m2025-12-10T10:11:49.036072Z[0m [34mDEBUG[0m [2mhyper::proto::h1::io[0m[2m:[0m flushed 250 bytes
[2m2025-12-10T10:11:49.040015Z[0m [34mDEBUG[0m [2mhyper::proto::h1::io[0m[2m:[0m parsed 4 headers
[2m2025-12-10T10:11:49.040021Z[0m [34mDEBUG[0m [2mhyper::proto::h1::conn[0m[2m:[0m incoming body is content-length (643 bytes)
[2m2025-12-10T10:11:49.040028Z[0m [34mDEBUG[0m [2mhyper::proto::h1::conn[0m[2m:[0m incoming body completed
[2m2025-12-10T10:11:49.040036Z[0m [34mDEBUG[0m [2mhyper::client::pool[0m[2m:[0m pooling idle connection for ("http", 192.168.0.14:8545)
[2m2025-12-10T10:11:49.040041Z[0m [34mDEBUG[0m [2methereum_transaction_pool_monitor::eth_client[0m[2m:[0m 📡 Transaction fetch RPC completed in 4.021458ms
[2m2025-12-10T10:11:49.111340Z[0m [34mDEBUG[0m [2methereum_transaction_pool_monitor::eth_client[0m[2m:[0m ✅ Transaction 0x7f3f693b0c7116926ac145131cb25df7b33b2ea0926e8e31a19d34f187e47a15 fetched and parsed in 75.31775ms
[2m2025-12-10T10:11:49.111366Z[0m [34mDEBUG[0m [2methereum_transaction_pool_monitor::mempool_monitor[0m[2m:[0m 🔍 Skipping tx 0x7f3f693b0c7116926ac145131cb25df7b33b2ea0926e8e31a19d34f187e47a15 - not a DEX interaction (target: 0x17E5545B11b468072283Cee1F066a059Fb0dbF24)
[2m2025-12-10T10:11:49.111409Z[0m [34mDEBUG[0m [2mhyper::client::pool[0m[2m:[0m reuse idle connection for ("http", 192.168.0.14:8545)
[2m2025-12-10T10:11:49.111449Z[0m [34mDEBUG[0m [2mhyper::proto::h1::io[0m[2m:[0m flushed 172 bytes
[2m2025-12-10T10:11:49.111463Z[0m [34mDEBUG[0m [2methereum_transaction_pool_monitor::eth_client[0m[2m:[0m 📨 Received WebSocket message: {"jsonrpc":"2.0","method":"eth_subscription","params":{"subscription":"0xbed0a0851463e895960a451075a301a9","result":"0x7341d5ad68adb23a4e46324e75e36e276a0afd111ce719223f6eafeb0d95f82d"}}
[2m2025-12-10T10:11:49.111474Z[0m [34mDEBUG[0m [2methereum_transaction_pool_monitor::eth_client[0m[2m:[0m 📨 Received pending transaction: 0x7341d5ad68adb23a4e46324e75e36e276a0afd111ce719223f6eafeb0d95f82d
[2m2025-12-10T10:11:49.111481Z[0m [34mDEBUG[0m [2methereum_transaction_pool_monitor::mempool_monitor[0m[2m:[0m 📨 Processing new pending transaction: 0x7341d5ad68adb23a4e46324e75e36e276a0afd111ce719223f6eafeb0d95f82d
[2m2025-12-10T10:11:49.111487Z[0m [34mDEBUG[0m [2methereum_transaction_pool_monitor::mempool_monitor[0m[2m:[0m 🔍 Fetching transaction details for: 0x7341d5ad68adb23a4e46324e75e36e276a0afd111ce719223f6eafeb0d95f82d
[2m2025-12-10T10:11:49.111491Z[0m [34mDEBUG[0m [2methereum_transaction_pool_monitor::eth_client[0m[2m:[0m 🔍 Fetching transaction details for hash: 0x7341d5ad68adb23a4e46324e75e36e276a0afd111ce719223f6eafeb0d95f82d
[2m2025-12-10T10:11:49.111502Z[0m [34mDEBUG[0m [2mhyper::client::pool[0m[2m:[0m reuse idle connection for ("http", 192.168.0.14:8545)
[2m2025-12-10T10:11:49.111518Z[0m [34mDEBUG[0m [2mhyper::proto::h1::io[0m[2m:[0m flushed 250 bytes
[2m2025-12-10T10:11:49.120416Z[0m [34mDEBUG[0m [2mhyper::proto::h1::io[0m[2m:[0m parsed 4 headers
[2m2025-12-10T10:11:49.120429Z[0m [34mDEBUG[0m [2mhyper::proto::h1::conn[0m[2m:[0m incoming body is content-length (45 bytes)
[2m2025-12-10T10:11:49.120440Z[0m [34mDEBUG[0m [2mhyper::proto::h1::conn[0m[2m:[0m incoming body completed
[2m2025-12-10T10:11:49.120454Z[0m [34mDEBUG[0m [2mhyper::client::pool[0m[2m:[0m pooling idle connection for ("http", 192.168.0.14:8545)
[2m2025-12-10T10:11:49.120473Z[0m [34mDEBUG[0m [2mhyper::proto::h1::io[0m[2m:[0m parsed 4 headers
[2m2025-12-10T10:11:49.120478Z[0m [34mDEBUG[0m [2mhyper::proto::h1::conn[0m[2m:[0m incoming body is content-length (711 bytes)
[2m2025-12-10T10:11:49.120483Z[0m [34mDEBUG[0m [2mhyper::proto::h1::conn[0m[2m:[0m incoming body completed
[2m2025-12-10T10:11:49.120489Z[0m [34mDEBUG[0m [2mhyper::client::pool[0m[2m:[0m pooling idle connection for ("http", 192.168.0.14:8545)
[2m2025-12-10T10:11:49.120494Z[0m [34mDEBUG[0m [2methereum_transaction_pool_monitor::eth_client[0m[2m:[0m 📡 Transaction fetch RPC completed in 8.99725ms
[2m2025-12-10T10:11:49.191940Z[0m [34mDEBUG[0m [2methereum_transaction_pool_monitor::eth_client[0m[2m:[0m ✅ Transaction 0x7341d5ad68adb23a4e46324e75e36e276a0afd111ce719223f6eafeb0d95f82d fetched and parsed in 80.441333ms
[2m2025-12-10T10:11:49.191970Z[0m [34mDEBUG[0m [2methereum_transaction_pool_monitor::mempool_monitor[0m[2m:[0m 🔍 Skipping tx 0x7341d5ad68adb23a4e46324e75e36e276a0afd111ce719223f6eafeb0d95f82d - not a DEX interaction (target: 0x0949e73EA43Baef6a0f4e3A4D9B03b4952d47519)
[2m2025-12-10T10:11:49.198196Z[0m [34mDEBUG[0m [2mhyper::client::pool[0m[2m:[0m reuse idle connection for ("http", 192.168.0.14:8545)
[2m2025-12-10T10:11:49.198234Z[0m [34mDEBUG[0m [2mhyper::proto::h1::io[0m[2m:[0m flushed 172 bytes
[2m2025-12-10T10:11:49.200831Z[0m [34mDEBUG[0m [2mhyper::proto::h1::io[0m[2m:[0m parsed 4 headers
[2m2025-12-10T10:11:49.200839Z[0m [34mDEBUG[0m [2mhyper::proto::h1::conn[0m[2m:[0m incoming body is content-length (45 bytes)
[2m2025-12-10T10:11:49.200846Z[0m [34mDEBUG[0m [2mhyper::proto::h1::conn[0m[2m:[0m incoming body completed
[2m2025-12-10T10:11:49.200854Z[0m [34mDEBUG[0m [2mhyper::client::pool[0m[2m:[0m pooling idle connection for ("http", 192.168.0.14:8545)
[2m2025-12-10T10:11:49.279018Z[0m [34mDEBUG[0m [2methereum_transaction_pool_monitor::eth_client[0m[2m:[0m 📨 Received WebSocket message: {"jsonrpc":"2.0","method":"eth_subscription","params":{"subscription":"0xbed0a0851463e895960a451075a301a9","result":"0xdaa8c3c83c046b2b527e6dd8ef0d3c9154cfbfb485204a503acfaaa485ebbd38"}}
[2m2025-12-10T10:11:49.279056Z[0m [34mDEBUG[0m [2methereum_transaction_pool_monitor::eth_client[0m[2m:[0m 📨 Received pending transaction: 0xdaa8c3c83c046b2b527e6dd8ef0d3c9154cfbfb485204a503acfaaa485ebbd38
[2m2025-12-10T10:11:49.279068Z[0m [34mDEBUG[0m [2methereum_transaction_pool_monitor::mempool_monitor[0m[2m:[0m 📨 Processing new pending transaction: 0xdaa8c3c83c046b2b527e6dd8ef0d3c9154cfbfb485204a503acfaaa485ebbd38
[2m2025-12-10T10:11:49.279074Z[0m [34mDEBUG[0m [2methereum_transaction_pool_monitor::mempool_monitor[0m[2m:[0m 🔍 Fetching transaction details for: 0xdaa8c3c83c046b2b527e6dd8ef0d3c9154cfbfb485204a503acfaaa485ebbd38
[2m2025-12-10T10:11:49.279079Z[0m [34mDEBUG[0m [2methereum_transaction_pool_monitor::eth_client[0m[2m:[0m 🔍 Fetching transaction details for hash: 0xdaa8c3c83c046b2b527e6dd8ef0d3c9154cfbfb485204a503acfaaa485ebbd38
[2m2025-12-10T10:11:49.279102Z[0m [34mDEBUG[0m [2mhyper::client::pool[0m[2m:[0m reuse idle connection for ("http", 192.168.0.14:8545)
[2m2025-12-10T10:11:49.279129Z[0m [34mDEBUG[0m [2mhyper::proto::h1::io[0m[2m:[0m flushed 250 bytes
[2m2025-12-10T10:11:49.287517Z[0m [34mDEBUG[0m [2methereum_transaction_pool_monitor::eth_client[0m[2m:[0m 📨 Received WebSocket message: {"jsonrpc":"2.0","method":"eth_subscription","params":{"subscription":"0xbed0a0851463e895960a451075a301a9","result":"0x722a31cbf097693e4459341c4fed6e4d4df0b0518921eeb20dcb07b45e5f7032"}}
[2m2025-12-10T10:11:49.287529Z[0m [34mDEBUG[0m [2methereum_transaction_pool_monitor::eth_client[0m[2m:[0m 📨 Received pending transaction: 0x722a31cbf097693e4459341c4fed6e4d4df0b0518921eeb20dcb07b45e5f7032
[2m2025-12-10T10:11:49.287582Z[0m [34mDEBUG[0m [2mhyper::proto::h1::io[0m[2m:[0m parsed 4 headers
[2m2025-12-10T10:11:49.287591Z[0m [34mDEBUG[0m [2mhyper::proto::h1::conn[0m[2m:[0m incoming body is content-length (770 bytes)
[2m2025-12-10T10:11:49.287601Z[0m [34mDEBUG[0m [2mhyper::proto::h1::conn[0m[2m:[0m incoming body completed
[2m2025-12-10T10:11:49.287612Z[0m [34mDEBUG[0m [2mhyper::client::pool[0m[2m:[0m pooling idle connection for ("http", 192.168.0.14:8545)
[2m2025-12-10T10:11:49.287619Z[0m [34mDEBUG[0m [2methereum_transaction_pool_monitor::eth_client[0m[2m:[0m 📡 Transaction fetch RPC completed in 8.535542ms
[2m2025-12-10T10:11:49.361018Z[0m [34mDEBUG[0m [2methereum_transaction_pool_monitor::eth_client[0m[2m:[0m ✅ Transaction 0xdaa8c3c83c046b2b527e6dd8ef0d3c9154cfbfb485204a503acfaaa485ebbd38 fetched and parsed in 81.931834ms
[2m2025-12-10T10:11:49.361050Z[0m [34mDEBUG[0m [2methereum_transaction_pool_monitor::mempool_monitor[0m[2m:[0m 🔍 Skipping tx 0xdaa8c3c83c046b2b527e6dd8ef0d3c9154cfbfb485204a503acfaaa485ebbd38 - not a DEX interaction (target: 0xc87B37a581ec3257B734886d9d3a581F5A9d056c)
[2m2025-12-10T10:11:49.361067Z[0m [34mDEBUG[0m [2methereum_transaction_pool_monitor::mempool_monitor[0m[2m:[0m 📨 Processing new pending transaction: 0x722a31cbf097693e4459341c4fed6e4d4df0b0518921eeb20dcb07b45e5f7032
[2m2025-12-10T10:11:49.361075Z[0m [34mDEBUG[0m [2methereum_transaction_pool_monitor::mempool_monitor[0m[2m:[0m 🔍 Fetching transaction details for: 0x722a31cbf097693e4459341c4fed6e4d4df0b0518921eeb20dcb07b45e5f7032
[2m2025-12-10T10:11:49.361297Z[0m [34mDEBUG[0m [2methereum_transaction_pool_monitor::eth_client[0m[2m:[0m 🔍 Fetching transaction details for hash: 0x722a31cbf097693e4459341c4fed6e4d4df0b0518921eeb20dcb07b45e5f7032
[2m2025-12-10T10:11:49.361319Z[0m [34mDEBUG[0m [2mhyper::client::pool[0m[2m:[0m reuse idle connection for ("http", 192.168.0.14:8545)
[2m2025-12-10T10:11:49.361353Z[0m [34mDEBUG[0m [2mhyper::proto::h1::io[0m[2m:[0m flushed 250 bytes
[2m2025-12-10T10:11:49.361387Z[0m [34mDEBUG[0m [2mhyper::client::pool[0m[2m:[0m reuse idle connection for ("http", 192.168.0.14:8545)
[2m2025-12-10T10:11:49.361405Z[0m [34mDEBUG[0m [2mhyper::proto::h1::io[0m[2m:[0m flushed 172 bytes
[2m2025-12-10T10:11:49.365614Z[0m [34mDEBUG[0m [2mhyper::proto::h1::io[0m[2m:[0m parsed 4 headers
[2m2025-12-10T10:11:49.365640Z[0m [34mDEBUG[0m [2mhyper::proto::h1::conn[0m[2m:[0m incoming body is content-length (45 bytes)
[2m2025-12-10T10:11:49.365667Z[0m [34mDEBUG[0m [2mhyper::proto::h1::conn[0m[2m:[0m incoming body completed
[2m2025-12-10T10:11:49.365702Z[0m [34mDEBUG[0m [2mhyper::client::pool[0m[2m:[0m pooling idle connection for ("http", 192.168.0.14:8545)
[2m2025-12-10T10:11:49.365725Z[0m [34mDEBUG[0m [2mhyper::proto::h1::io[0m[2m:[0m parsed 4 headers
[2m2025-12-10T10:11:49.365730Z[0m [34mDEBUG[0m [2mhyper::proto::h1::conn[0m[2m:[0m incoming body is content-length (649 bytes)
[2m2025-12-10T10:11:49.365734Z[0m [34mDEBUG[0m [2mhyper::proto::h1::conn[0m[2m:[0m incoming body completed
[2m2025-12-10T10:11:49.365738Z[0m [34mDEBUG[0m [2mhyper::client::pool[0m[2m:[0m pooling idle connection for ("http", 192.168.0.14:8545)
[2m2025-12-10T10:11:49.365742Z[0m [34mDEBUG[0m [2methereum_transaction_pool_monitor::eth_client[0m[2m:[0m 📡 Transaction fetch RPC completed in 4.437208ms
[2m2025-12-10T10:11:49.437979Z[0m [34mDEBUG[0m [2methereum_transaction_pool_monitor::eth_client[0m[2m:[0m ✅ Transaction 0x722a31cbf097693e4459341c4fed6e4d4df0b0518921eeb20dcb07b45e5f7032 fetched and parsed in 76.6715ms
[2m2025-12-10T10:11:49.438012Z[0m [34mDEBUG[0m [2methereum_transaction_pool_monitor::mempool_monitor[0m[2m:[0m 🔍 Skipping tx 0x722a31cbf097693e4459341c4fed6e4d4df0b0518921eeb20dcb07b45e5f7032 - not a DEX interaction (target: 0xCBfB7a8002588b386e0C01B0d9c6ddAeA5bb0971)
[2m2025-12-10T10:11:49.438058Z[0m [34mDEBUG[0m [2mhyper::client::pool[0m[2m:[0m reuse idle connection for ("http", 192.168.0.14:8545)
[2m2025-12-10T10:11:49.438067Z[0m [34mDEBUG[0m [2methereum_transaction_pool_monitor::eth_client[0m[2m:[0m 📨 Received WebSocket message: {"jsonrpc":"2.0","method":"eth_subscription","params":{"subscription":"0xbed0a0851463e895960a451075a301a9","result":"0xfbee0cb9f750d700a7b66deee52e4685b6903e261205eec7df5edb0136b264ad"}}
[2m2025-12-10T10:11:49.438080Z[0m [34mDEBUG[0m [2methereum_transaction_pool_monitor::eth_client[0m[2m:[0m 📨 Received pending transaction: 0xfbee0cb9f750d700a7b66deee52e4685b6903e261205eec7df5edb0136b264ad
[2m2025-12-10T10:11:49.438085Z[0m [34mDEBUG[0m [2mhyper::proto::h1::io[0m[2m:[0m flushed 172 bytes
[2m2025-12-10T10:11:49.438088Z[0m [34mDEBUG[0m [2methereum_transaction_pool_monitor::mempool_monitor[0m[2m:[0m 📨 Processing new pending transaction: 0xfbee0cb9f750d700a7b66deee52e4685b6903e261205eec7df5edb0136b264ad
[2m2025-12-10T10:11:49.438120Z[0m [34mDEBUG[0m [2methereum_transaction_pool_monitor::mempool_monitor[0m[2m:[0m 🔍 Fetching transaction details for: 0xfbee0cb9f750d700a7b66deee52e4685b6903e261205eec7df5edb0136b264ad
[2m2025-12-10T10:11:49.438125Z[0m [34mDEBUG[0m [2methereum_transaction_pool_monitor::eth_client[0m[2m:[0m 🔍 Fetching transaction details for hash: 0xfbee0cb9f750d700a7b66deee52e4685b6903e261205eec7df5edb0136b264ad
[2m2025-12-10T10:11:49.438140Z[0m [34mDEBUG[0m [2mhyper::client::pool[0m[2m:[0m reuse idle connection for ("http", 192.168.0.14:8545)
[2m2025-12-10T10:11:49.438161Z[0m [34mDEBUG[0m [2mhyper::proto::h1::io[0m[2m:[0m flushed 250 bytes
[2m2025-12-10T10:11:49.442947Z[0m [34mDEBUG[0m [2mhyper::proto::h1::io[0m[2m:[0m parsed 4 headers
[2m2025-12-10T10:11:49.442956Z[0m [34mDEBUG[0m [2mhyper::proto::h1::conn[0m[2m:[0m incoming body is content-length (45 bytes)
[2m2025-12-10T10:11:49.442963Z[0m [34mDEBUG[0m [2mhyper::proto::h1::conn[0m[2m:[0m incoming body completed
[2m2025-12-10T10:11:49.442971Z[0m [34mDEBUG[0m [2mhyper::client::pool[0m[2m:[0m pooling idle connection for ("http", 192.168.0.14:8545)
[2m2025-12-10T10:11:49.445748Z[0m [34mDEBUG[0m [2methereum_transaction_pool_monitor::eth_client[0m[2m:[0m 📨 Received WebSocket message: {"jsonrpc":"2.0","method":"eth_subscription","params":{"subscription":"0xbed0a0851463e895960a451075a301a9","result":"0x6d0828f76764fed4668d9d1f6f3eb0e0c1c92a2d23f4c6552cae790065cd4206"}}
[2m2025-12-10T10:11:49.445759Z[0m [34mDEBUG[0m [2methereum_transaction_pool_monitor::eth_client[0m[2m:[0m 📨 Received pending transaction: 0x6d0828f76764fed4668d9d1f6f3eb0e0c1c92a2d23f4c6552cae790065cd4206
[2m2025-12-10T10:11:49.452428Z[0m [34mDEBUG[0m [2mhyper::proto::h1::io[0m[2m:[0m parsed 4 headers
[2m2025-12-10T10:11:49.452456Z[0m [34mDEBUG[0m [2mhyper::proto::h1::conn[0m[2m:[0m incoming body is content-length (904 bytes)
[2m2025-12-10T10:11:49.452477Z[0m [34mDEBUG[0m [2mhyper::proto::h1::conn[0m[2m:[0m incoming body completed
[2m2025-12-10T10:11:49.452490Z[0m [34mDEBUG[0m [2mhyper::client::pool[0m[2m:[0m pooling idle connection for ("http", 192.168.0.14:8545)
[2m2025-12-10T10:11:49.452510Z[0m [34mDEBUG[0m [2methereum_transaction_pool_monitor::eth_client[0m[2m:[0m 📡 Transaction fetch RPC completed in 14.377917ms
[2m2025-12-10T10:11:49.523652Z[0m [34mDEBUG[0m [2methereum_transaction_pool_monitor::eth_client[0m[2m:[0m ✅ Transaction 0xfbee0cb9f750d700a7b66deee52e4685b6903e261205eec7df5edb0136b264ad fetched and parsed in 85.516292ms
[2m2025-12-10T10:11:49.523678Z[0m [34mDEBUG[0m [2methereum_transaction_pool_monitor::mempool_monitor[0m[2m:[0m 🔍 Skipping tx 0xfbee0cb9f750d700a7b66deee52e4685b6903e261205eec7df5edb0136b264ad - not a DEX interaction (target: 0xff00000000000000000000000000000000000480)
[2m2025-12-10T10:11:49.523691Z[0m [34mDEBUG[0m [2methereum_transaction_pool_monitor::mempool_monitor[0m[2m:[0m 📨 Processing new pending transaction: 0x6d0828f76764fed4668d9d1f6f3eb0e0c1c92a2d23f4c6552cae790065cd4206
[2m2025-12-10T10:11:49.523698Z[0m [34mDEBUG[0m [2methereum_transaction_pool_monitor::mempool_monitor[0m[2m:[0m 🔍 Fetching transaction details for: 0x6d0828f76764fed4668d9d1f6f3eb0e0c1c92a2d23f4c6552cae790065cd4206
[2m2025-12-10T10:11:49.523707Z[0m [34mDEBUG[0m [2methereum_transaction_pool_monitor::eth_client[0m[2m:[0m 🔍 Fetching transaction details for hash: 0x6d0828f76764fed4668d9d1f6f3eb0e0c1c92a2d23f4c6552cae790065cd4206
[2m2025-12-10T10:11:49.523725Z[0m [34mDEBUG[0m [2mhyper::client::pool[0m[2m:[0m reuse idle connection for ("http", 192.168.0.14:8545)
[2m2025-12-10T10:11:49.523769Z[0m [34mDEBUG[0m [2mhyper::proto::h1::io[0m[2m:[0m flushed 250 bytes
[2m2025-12-10T10:11:49.523804Z[0m [34mDEBUG[0m [2mhyper::client::pool[0m[2m:[0m reuse idle connection for ("http", 192.168.0.14:8545)
[2m2025-12-10T10:11:49.523824Z[0m [34mDEBUG[0m [2mhyper::proto::h1::io[0m[2m:[0m flushed 172 bytes
[2m2025-12-10T10:11:49.527340Z[0m [34mDEBUG[0m [2mhyper::proto::h1::io[0m[2m:[0m parsed 4 headers
[2m2025-12-10T10:11:49.527345Z[0m [34mDEBUG[0m [2mhyper::proto::h1::conn[0m[2m:[0m incoming body is content-length (774 bytes)
[2m2025-12-10T10:11:49.527354Z[0m [34mDEBUG[0m [2mhyper::proto::h1::conn[0m[2m:[0m incoming body completed
[2m2025-12-10T10:11:49.527362Z[0m [34mDEBUG[0m [2mhyper::client::pool[0m[2m:[0m pooling idle connection for ("http", 192.168.0.14:8545)
[2m2025-12-10T10:11:49.527367Z[0m [34mDEBUG[0m [2methereum_transaction_pool_monitor::eth_client[0m[2m:[0m 📡 Transaction fetch RPC completed in 3.655792ms
[2m2025-12-10T10:11:49.598536Z[0m [34mDEBUG[0m [2methereum_transaction_pool_monitor::eth_client[0m[2m:[0m ✅ Transaction 0x6d0828f76764fed4668d9d1f6f3eb0e0c1c92a2d23f4c6552cae790065cd4206 fetched and parsed in 74.822042ms
[2m2025-12-10T10:11:49.598563Z[0m [34mDEBUG[0m [2methereum_transaction_pool_monitor::mempool_monitor[0m[2m:[0m 🔍 Skipping tx 0x6d0828f76764fed4668d9d1f6f3eb0e0c1c92a2d23f4c6552cae790065cd4206 - not a DEX interaction (target: 0xA0b86991c6218b36c1d19D4a2e9Eb0cE3606eB48)
[2m2025-12-10T10:11:49.598586Z[0m [34mDEBUG[0m [2mhyper::proto::h1::io[0m[2m:[0m parsed 4 headers
[2m2025-12-10T10:11:49.598592Z[0m [34mDEBUG[0m [2mhyper::proto::h1::conn[0m[2m:[0m incoming body is content-length (45 bytes)
[2m2025-12-10T10:11:49.598600Z[0m [34mDEBUG[0m [2mhyper::proto::h1::conn[0m[2m:[0m incoming body completed
[2m2025-12-10T10:11:49.598608Z[0m [34mDEBUG[0m [2mhyper::client::pool[0m[2m:[0m pooling idle connection for ("http", 192.168.0.14:8545)
[2m2025-12-10T10:11:49.598632Z[0m [34mDEBUG[0m [2mhyper::client::pool[0m[2m:[0m reuse idle connection for ("http", 192.168.0.14:8545)
[2m2025-12-10T10:11:49.598678Z[0m [34mDEBUG[0m [2mhyper::proto::h1::io[0m[2m:[0m flushed 172 bytes
[2m2025-12-10T10:11:49.602421Z[0m [34mDEBUG[0m [2mhyper::proto::h1::io[0m[2m:[0m parsed 4 headers
[2m2025-12-10T10:11:49.606648Z[0m [34mDEBUG[0m [2mhyper::proto::h1::conn[0m[2m:[0m incoming body is content-length (45 bytes)
[2m2025-12-10T10:11:49.606663Z[0m [34mDEBUG[0m [2mhyper::proto::h1::conn[0m[2m:[0m incoming body completed
[2m2025-12-10T10:11:49.606674Z[0m [34mDEBUG[0m [2mhyper::client::pool[0m[2m:[0m pooling idle connection for ("http", 192.168.0.14:8545)
[2m2025-12-10T10:11:49.699484Z[0m [34mDEBUG[0m [2mhyper::client::pool[0m[2m:[0m reuse idle connection for ("http", 192.168.0.14:8545)
[2m2025-12-10T10:11:49.699555Z[0m [34mDEBUG[0m [2mhyper::proto::h1::io[0m[2m:[0m flushed 172 bytes
[2m2025-12-10T10:11:49.702375Z[0m [34mDEBUG[0m [2mhyper::proto::h1::io[0m[2m:[0m parsed 4 headers
[2m2025-12-10T10:11:49.702386Z[0m [34mDEBUG[0m [2mhyper::proto::h1::conn[0m[2m:[0m incoming body is content-length (45 bytes)
[2m2025-12-10T10:11:49.702393Z[0m [34mDEBUG[0m [2mhyper::proto::h1::conn[0m[2m:[0m incoming body completed
[2m2025-12-10T10:11:49.702402Z[0m [34mDEBUG[0m [2mhyper::client::pool[0m[2m:[0m pooling idle connection for ("http", 192.168.0.14:8545)
[2m2025-12-10T10:11:49.774924Z[0m [34mDEBUG[0m [2methereum_transaction_pool_monitor::eth_client[0m[2m:[0m 📨 Received WebSocket message: {"jsonrpc":"2.0","method":"eth_subscription","params":{"subscription":"0xbed0a0851463e895960a451075a301a9","result":"0xc2c3e2f19f2fb4a35f7deda134252bd115315d8636d7850158cec372595af4bc"}}
[2m2025-12-10T10:11:49.774943Z[0m [34mDEBUG[0m [2methereum_transaction_pool_monitor::eth_client[0m[2m:[0m 📨 Received pending transaction: 0xc2c3e2f19f2fb4a35f7deda134252bd115315d8636d7850158cec372595af4bc
[2m2025-12-10T10:11:49.774950Z[0m [34mDEBUG[0m [2methereum_transaction_pool_monitor::mempool_monitor[0m[2m:[0m 📨 Processing new pending transaction: 0xc2c3e2f19f2fb4a35f7deda134252bd115315d8636d7850158cec372595af4bc
[2m2025-12-10T10:11:49.774955Z[0m [34mDEBUG[0m [2methereum_transaction_pool_monitor::mempool_monitor[0m[2m:[0m 🔍 Fetching transaction details for: 0xc2c3e2f19f2fb4a35f7deda134252bd115315d8636d7850158cec372595af4bc
[2m2025-12-10T10:11:49.774958Z[0m [34mDEBUG[0m [2methereum_transaction_pool_monitor::eth_client[0m[2m:[0m 🔍 Fetching transaction details for hash: 0xc2c3e2f19f2fb4a35f7deda134252bd115315d8636d7850158cec372595af4bc
[2m2025-12-10T10:11:49.774976Z[0m [34mDEBUG[0m [2mhyper::client::pool[0m[2m:[0m reuse idle connection for ("http", 192.168.0.14:8545)
[2m2025-12-10T10:11:49.774996Z[0m [34mDEBUG[0m [2mhyper::proto::h1::io[0m[2m:[0m flushed 250 bytes
[2m2025-12-10T10:11:49.785220Z[0m [34mDEBUG[0m [2mhyper::proto::h1::io[0m[2m:[0m parsed 4 headers
[2m2025-12-10T10:11:49.785249Z[0m [34mDEBUG[0m [2mhyper::proto::h1::conn[0m[2m:[0m incoming body is content-length (1731 bytes)
[2m2025-12-10T10:11:49.785267Z[0m [34mDEBUG[0m [2mhyper::proto::h1::conn[0m[2m:[0m incoming body completed
[2m2025-12-10T10:11:49.785287Z[0m [34mDEBUG[0m [2mhyper::client::pool[0m[2m:[0m pooling idle connection for ("http", 192.168.0.14:8545)
[2m2025-12-10T10:11:49.785304Z[0m [34mDEBUG[0m [2methereum_transaction_pool_monitor::eth_client[0m[2m:[0m 📡 Transaction fetch RPC completed in 10.342ms
[2m2025-12-10T10:11:49.865443Z[0m [34mDEBUG[0m [2methereum_transaction_pool_monitor::eth_client[0m[2m:[0m ✅ Transaction 0xc2c3e2f19f2fb4a35f7deda134252bd115315d8636d7850158cec372595af4bc fetched and parsed in 90.477208ms
[2m2025-12-10T10:11:49.865470Z[0m [34mDEBUG[0m [2methereum_transaction_pool_monitor::mempool_monitor[0m[2m:[0m 🔍 Skipping tx 0xc2c3e2f19f2fb4a35f7deda134252bd115315d8636d7850158cec372595af4bc - not a DEX interaction (target: 0x601a2aD6CB5949f0529735254189Ba3194221EDF)
[2m2025-12-10T10:11:49.865582Z[0m [34mDEBUG[0m [2mhyper::client::pool[0m[2m:[0m reuse idle connection for ("http", 192.168.0.14:8545)
[2m2025-12-10T10:11:49.865642Z[0m [34mDEBUG[0m [2mhyper::proto::h1::io[0m[2m:[0m flushed 172 bytes
[2m2025-12-10T10:11:49.869462Z[0m [34mDEBUG[0m [2mhyper::proto::h1::io[0m[2m:[0m parsed 4 headers
[2m2025-12-10T10:11:49.869469Z[0m [34mDEBUG[0m [2mhyper::proto::h1::conn[0m[2m:[0m incoming body is content-length (45 bytes)
[2m2025-12-10T10:11:49.869477Z[0m [34mDEBUG[0m [2mhyper::proto::h1::conn[0m[2m:[0m incoming body completed
[2m2025-12-10T10:11:49.869487Z[0m [34mDEBUG[0m [2mhyper::client::pool[0m[2m:[0m pooling idle connection for ("http", 192.168.0.14:8545)
[2m2025-12-10T10:11:49.899449Z[0m [34mDEBUG[0m [2mhyper::client::pool[0m[2m:[0m reuse idle connection for ("http", 192.168.0.14:8545)
[2m2025-12-10T10:11:49.899493Z[0m [34mDEBUG[0m [2mhyper::proto::h1::io[0m[2m:[0m flushed 172 bytes
[2m2025-12-10T10:11:49.902652Z[0m [34mDEBUG[0m [2mhyper::proto::h1::io[0m[2m:[0m parsed 4 headers
[2m2025-12-10T10:11:49.902658Z[0m [34mDEBUG[0m [2mhyper::proto::h1::conn[0m[2m:[0m incoming body is content-length (45 bytes)
[2m2025-12-10T10:11:49.902664Z[0m [34mDEBUG[0m [2mhyper::proto::h1::conn[0m[2m:[0m incoming body completed
[2m2025-12-10T10:11:49.902671Z[0m [34mDEBUG[0m [2mhyper::client::pool[0m[2m:[0m pooling idle connection for ("http", 192.168.0.14:8545)
[2m2025-12-10T10:11:49.974711Z[0m [34mDEBUG[0m [2methereum_transaction_pool_monitor::eth_client[0m[2m:[0m 📨 Received WebSocket message: {"jsonrpc":"2.0","method":"eth_subscription","params":{"subscription":"0xbed0a0851463e895960a451075a301a9","result":"0x5a35217b04e4b19f35350a1f8bd605304595cbf4a3bc202d9ca5e6a78ba30d28"}}
[2m2025-12-10T10:11:49.974731Z[0m [34mDEBUG[0m [2methereum_transaction_pool_monitor::eth_client[0m[2m:[0m 📨 Received pending transaction: 0x5a35217b04e4b19f35350a1f8bd605304595cbf4a3bc202d9ca5e6a78ba30d28
[2m2025-12-10T10:11:49.974741Z[0m [34mDEBUG[0m [2methereum_transaction_pool_monitor::mempool_monitor[0m[2m:[0m 📨 Processing new pending transaction: 0x5a35217b04e4b19f35350a1f8bd605304595cbf4a3bc202d9ca5e6a78ba30d28
[2m2025-12-10T10:11:49.974748Z[0m [34mDEBUG[0m [2methereum_transaction_pool_monitor::mempool_monitor[0m[2m:[0m 🔍 Fetching transaction details for: 0x5a35217b04e4b19f35350a1f8bd605304595cbf4a3bc202d9ca5e6a78ba30d28
[2m2025-12-10T10:11:49.974758Z[0m [34mDEBUG[0m [2methereum_transaction_pool_monitor::eth_client[0m[2m:[0m 🔍 Fetching transaction details for hash: 0x5a35217b04e4b19f35350a1f8bd605304595cbf4a3bc202d9ca5e6a78ba30d28
[2m2025-12-10T10:11:49.974781Z[0m [34mDEBUG[0m [2mhyper::client::pool[0m[2m:[0m reuse idle connection for ("http", 192.168.0.14:8545)
[2m2025-12-10T10:11:49.974812Z[0m [34mDEBUG[0m [2mhyper::proto::h1::io[0m[2m:[0m flushed 250 bytes
[2m2025-12-10T10:11:49.984600Z[0m [34mDEBUG[0m [2mhyper::proto::h1::io[0m[2m:[0m parsed 4 headers
[2m2025-12-10T10:11:49.984612Z[0m [34mDEBUG[0m [2mhyper::proto::h1::conn[0m[2m:[0m incoming body is content-length (7804 bytes)
[2m2025-12-10T10:11:49.984636Z[0m [34mDEBUG[0m [2methereum_transaction_pool_monitor::eth_client[0m[2m:[0m 📡 Transaction fetch RPC completed in 9.872542ms
[2m2025-12-10T10:11:49.987214Z[0m [34mDEBUG[0m [2mhyper::proto::h1::conn[0m[2m:[0m incoming body completed
[2m2025-12-10T10:11:49.987235Z[0m [34mDEBUG[0m [2mhyper::client::pool[0m[2m:[0m pooling idle connection for ("http", 192.168.0.14:8545)
[2m2025-12-10T10:11:49.999261Z[0m [34mDEBUG[0m [2mhyper::client::pool[0m[2m:[0m reuse idle connection for ("http", 192.168.0.14:8545)
[2m2025-12-10T10:11:49.999324Z[0m [34mDEBUG[0m [2mhyper::proto::h1::io[0m[2m:[0m flushed 172 bytes
[2m2025-12-10T10:11:50.002949Z[0m [34mDEBUG[0m [2mhyper::proto::h1::io[0m[2m:[0m parsed 4 headers
[2m2025-12-10T10:11:50.002957Z[0m [34mDEBUG[0m [2mhyper::proto::h1::conn[0m[2m:[0m incoming body is content-length (45 bytes)
[2m2025-12-10T10:11:50.002965Z[0m [34mDEBUG[0m [2mhyper::proto::h1::conn[0m[2m:[0m incoming body completed
[2m2025-12-10T10:11:50.002975Z[0m [34mDEBUG[0m [2mhyper::client::pool[0m[2m:[0m pooling idle connection for ("http", 192.168.0.14:8545)
[2m2025-12-10T10:11:50.012595Z[0m [34mDEBUG[0m [2methereum_transaction_pool_monitor::eth_client[0m[2m:[0m 📨 Received WebSocket message: {"jsonrpc":"2.0","method":"eth_subscription","params":{"subscription":"0xbed0a0851463e895960a451075a301a9","result":"0xd1655450cbcb91d8c914f919e9ad761314771aeab13ccaec4b98c0b210997e6a"}}
[2m2025-12-10T10:11:50.012608Z[0m [34mDEBUG[0m [2methereum_transaction_pool_monitor::eth_client[0m[2m:[0m 📨 Received pending transaction: 0xd1655450cbcb91d8c914f919e9ad761314771aeab13ccaec4b98c0b210997e6a
[2m2025-12-10T10:11:50.070440Z[0m [34mDEBUG[0m [2methereum_transaction_pool_monitor::eth_client[0m[2m:[0m ✅ Transaction 0x5a35217b04e4b19f35350a1f8bd605304595cbf4a3bc202d9ca5e6a78ba30d28 fetched and parsed in 95.673ms
[2m2025-12-10T10:11:50.070474Z[0m [34mDEBUG[0m [2methereum_transaction_pool_monitor::mempool_monitor[0m[2m:[0m 🔍 Skipping tx 0x5a35217b04e4b19f35350a1f8bd605304595cbf4a3bc202d9ca5e6a78ba30d28 - not a DEX interaction (target: 0xcA11bde05977b3631167028862bE2a173976CA11)
[2m2025-12-10T10:11:50.070487Z[0m [34mDEBUG[0m [2methereum_transaction_pool_monitor::mempool_monitor[0m[2m:[0m 📨 Processing new pending transaction: 0xd1655450cbcb91d8c914f919e9ad761314771aeab13ccaec4b98c0b210997e6a
[2m2025-12-10T10:11:50.070494Z[0m [34mDEBUG[0m [2methereum_transaction_pool_monitor::mempool_monitor[0m[2m:[0m 🔍 Fetching transaction details for: 0xd1655450cbcb91d8c914f919e9ad761314771aeab13ccaec4b98c0b210997e6a
[2m2025-12-10T10:11:50.070500Z[0m [34mDEBUG[0m [2methereum_transaction_pool_monitor::eth_client[0m[2m:[0m 🔍 Fetching transaction details for hash: 0xd1655450cbcb91d8c914f919e9ad761314771aeab13ccaec4b98c0b210997e6a
[2m2025-12-10T10:11:50.070525Z[0m [34mDEBUG[0m [2mhyper::client::pool[0m[2m:[0m reuse idle connection for ("http", 192.168.0.14:8545)
[2m2025-12-10T10:11:50.070555Z[0m [34mDEBUG[0m [2mhyper::proto::h1::io[0m[2m:[0m flushed 250 bytes
[2m2025-12-10T10:11:50.075858Z[0m [34mDEBUG[0m [2mhyper::proto::h1::io[0m[2m:[0m parsed 4 headers
[2m2025-12-10T10:11:50.075886Z[0m [34mDEBUG[0m [2mhyper::proto::h1::conn[0m[2m:[0m incoming body is content-length (764 bytes)
[2m2025-12-10T10:11:50.075907Z[0m [34mDEBUG[0m [2mhyper::proto::h1::conn[0m[2m:[0m incoming body completed
[2m2025-12-10T10:11:50.075933Z[0m [34mDEBUG[0m [2mhyper::client::pool[0m[2m:[0m pooling idle connection for ("http", 192.168.0.14:8545)
[2m2025-12-10T10:11:50.075941Z[0m [34mDEBUG[0m [2methereum_transaction_pool_monitor::eth_client[0m[2m:[0m 📡 Transaction fetch RPC completed in 5.435542ms
[2m2025-12-10T10:11:50.147354Z[0m [34mDEBUG[0m [2methereum_transaction_pool_monitor::eth_client[0m[2m:[0m ✅ Transaction 0xd1655450cbcb91d8c914f919e9ad761314771aeab13ccaec4b98c0b210997e6a fetched and parsed in 76.846542ms
[2m2025-12-10T10:11:50.147378Z[0m [34mDEBUG[0m [2methereum_transaction_pool_monitor::mempool_monitor[0m[2m:[0m 🔍 Skipping tx 0xd1655450cbcb91d8c914f919e9ad761314771aeab13ccaec4b98c0b210997e6a - not a DEX interaction (target: 0xA0b86991c6218b36c1d19D4a2e9Eb0cE3606eB48)
[2m2025-12-10T10:11:50.147423Z[0m [34mDEBUG[0m [2mhyper::client::pool[0m[2m:[0m reuse idle connection for ("http", 192.168.0.14:8545)
[2m2025-12-10T10:11:50.147462Z[0m [34mDEBUG[0m [2mhyper::proto::h1::io[0m[2m:[0m flushed 172 bytes
[2m2025-12-10T10:11:50.151407Z[0m [34mDEBUG[0m [2mhyper::proto::h1::io[0m[2m:[0m parsed 4 headers
[2m2025-12-10T10:11:50.151414Z[0m [34mDEBUG[0m [2mhyper::proto::h1::conn[0m[2m:[0m incoming body is content-length (45 bytes)
[2m2025-12-10T10:11:50.151427Z[0m [34mDEBUG[0m [2mhyper::proto::h1::conn[0m[2m:[0m incoming body completed
[2m2025-12-10T10:11:50.151438Z[0m [34mDEBUG[0m [2mhyper::client::pool[0m[2m:[0m pooling idle connection for ("http", 192.168.0.14:8545)
[2m2025-12-10T10:11:50.198014Z[0m [34mDEBUG[0m [2mhyper::client::pool[0m[2m:[0m reuse idle connection for ("http", 192.168.0.14:8545)
[2m2025-12-10T10:11:50.198079Z[0m [34mDEBUG[0m [2mhyper::proto::h1::io[0m[2m:[0m flushed 172 bytes
[2m2025-12-10T10:11:50.201438Z[0m [34mDEBUG[0m [2mhyper::proto::h1::io[0m[2m:[0m parsed 4 headers
[2m2025-12-10T10:11:50.201443Z[0m [34mDEBUG[0m [2mhyper::proto::h1::conn[0m[2m:[0m incoming body is content-length (45 bytes)
[2m2025-12-10T10:11:50.201450Z[0m [34mDEBUG[0m [2mhyper::proto::h1::conn[0m[2m:[0m incoming body completed
[2m2025-12-10T10:11:50.201456Z[0m [34mDEBUG[0m [2mhyper::client::pool[0m[2m:[0m pooling idle connection for ("http", 192.168.0.14:8545)
[2m2025-12-10T10:11:50.281469Z[0m [34mDEBUG[0m [2methereum_transaction_pool_monitor::eth_client[0m[2m:[0m 📨 Received WebSocket message: {"jsonrpc":"2.0","method":"eth_subscription","params":{"subscription":"0xbed0a0851463e895960a451075a301a9","result":"0x2d306db7153a14115fa5f05d6133864fb3894cba03e8b21015775c87def31d66"}}
[2m2025-12-10T10:11:50.281765Z[0m [34mDEBUG[0m [2methereum_transaction_pool_monitor::eth_client[0m[2m:[0m 📨 Received pending transaction: 0x2d306db7153a14115fa5f05d6133864fb3894cba03e8b21015775c87def31d66
[2m2025-12-10T10:11:50.281784Z[0m [34mDEBUG[0m [2methereum_transaction_pool_monitor::mempool_monitor[0m[2m:[0m 📨 Processing new pending transaction: 0x2d306db7153a14115fa5f05d6133864fb3894cba03e8b21015775c87def31d66
[2m2025-12-10T10:11:50.281793Z[0m [34mDEBUG[0m [2methereum_transaction_pool_monitor::mempool_monitor[0m[2m:[0m 🔍 Fetching transaction details for: 0x2d306db7153a14115fa5f05d6133864fb3894cba03e8b21015775c87def31d66
[2m2025-12-10T10:11:50.281800Z[0m [34mDEBUG[0m [2methereum_transaction_pool_monitor::eth_client[0m[2m:[0m 🔍 Fetching transaction details for hash: 0x2d306db7153a14115fa5f05d6133864fb3894cba03e8b21015775c87def31d66
[2m2025-12-10T10:11:50.281850Z[0m [34mDEBUG[0m [2mhyper::client::pool[0m[2m:[0m reuse idle connection for ("http", 192.168.0.14:8545)
[2m2025-12-10T10:11:50.281908Z[0m [34mDEBUG[0m [2mhyper::proto::h1::io[0m[2m:[0m flushed 250 bytes
[2m2025-12-10T10:11:50.291644Z[0m [34mDEBUG[0m [2mhyper::proto::h1::io[0m[2m:[0m parsed 4 headers
[2m2025-12-10T10:11:50.291654Z[0m [34mDEBUG[0m [2mhyper::proto::h1::conn[0m[2m:[0m incoming body is content-length (771 bytes)
[2m2025-12-10T10:11:50.291666Z[0m [34mDEBUG[0m [2mhyper::proto::h1::conn[0m[2m:[0m incoming body completed
[2m2025-12-10T10:11:50.291678Z[0m [34mDEBUG[0m [2mhyper::client::pool[0m[2m:[0m pooling idle connection for ("http", 192.168.0.14:8545)
[2m2025-12-10T10:11:50.291688Z[0m [34mDEBUG[0m [2methereum_transaction_pool_monitor::eth_client[0m[2m:[0m 📡 Transaction fetch RPC completed in 9.881ms
[2m2025-12-10T10:11:50.468086Z[0m [34mDEBUG[0m [2methereum_transaction_pool_monitor::eth_client[0m[2m:[0m ✅ Transaction 0x2d306db7153a14115fa5f05d6133864fb3894cba03e8b21015775c87def31d66 fetched and parsed in 186.274541ms
[2m2025-12-10T10:11:50.468116Z[0m [34mDEBUG[0m [2methereum_transaction_pool_monitor::mempool_monitor[0m[2m:[0m 🔍 Skipping tx 0x2d306db7153a14115fa5f05d6133864fb3894cba03e8b21015775c87def31d66 - not a DEX interaction (target: 0xB8f28C60dD8240141185a192fa4156A23E189305)
[2m2025-12-10T10:11:50.468180Z[0m [34mDEBUG[0m [2mhyper::client::pool[0m[2m:[0m reuse idle connection for ("http", 192.168.0.14:8545)
[2m2025-12-10T10:11:50.468200Z[0m [34mDEBUG[0m [2methereum_transaction_pool_monitor::eth_client[0m[2m:[0m 📨 Received WebSocket message: {"jsonrpc":"2.0","method":"eth_subscription","params":{"subscription":"0xbed0a0851463e895960a451075a301a9","result":"0xc2c9b0cfa3b5dfb9e90308c4c8edf1becf99ad5497043231a73cec8393e44dd1"}}
[2m2025-12-10T10:11:50.468213Z[0m [34mDEBUG[0m [2methereum_transaction_pool_monitor::eth_client[0m[2m:[0m 📨 Received pending transaction: 0xc2c9b0cfa3b5dfb9e90308c4c8edf1becf99ad5497043231a73cec8393e44dd1
[2m2025-12-10T10:11:50.468217Z[0m [34mDEBUG[0m [2mhyper::proto::h1::io[0m[2m:[0m flushed 172 bytes
[2m2025-12-10T10:11:50.468219Z[0m [34mDEBUG[0m [2methereum_transaction_pool_monitor::eth_client[0m[2m:[0m 📨 Received WebSocket message: {"jsonrpc":"2.0","method":"eth_subscription","params":{"subscription":"0xbed0a0851463e895960a451075a301a9","result":"0x3c8d6958cb43ce68a339384ddb5ad2507f051fd77f0709f4aa4371c970e172ce"}}
[2m2025-12-10T10:11:50.468238Z[0m [34mDEBUG[0m [2methereum_transaction_pool_monitor::eth_client[0m[2m:[0m 📨 Received pending transaction: 0x3c8d6958cb43ce68a339384ddb5ad2507f051fd77f0709f4aa4371c970e172ce
[2m2025-12-10T10:11:50.468245Z[0m [34mDEBUG[0m [2methereum_transaction_pool_monitor::eth_client[0m[2m:[0m 📨 Received WebSocket message: {"jsonrpc":"2.0","method":"eth_subscription","params":{"subscription":"0xbed0a0851463e895960a451075a301a9","result":"0xbb7fc7ff1a1138f95daed6c24665048d97cb5f61d197ffb41ab629cb08abd000"}}
[2m2025-12-10T10:11:50.468253Z[0m [34mDEBUG[0m [2methereum_transaction_pool_monitor::eth_client[0m[2m:[0m 📨 Received pending transaction: 0xbb7fc7ff1a1138f95daed6c24665048d97cb5f61d197ffb41ab629cb08abd000
[2m2025-12-10T10:11:50.468261Z[0m [34mDEBUG[0m [2methereum_transaction_pool_monitor::mempool_monitor[0m[2m:[0m 📨 Processing new pending transaction: 0xc2c9b0cfa3b5dfb9e90308c4c8edf1becf99ad5497043231a73cec8393e44dd1
[2m2025-12-10T10:11:50.468269Z[0m [34mDEBUG[0m [2methereum_transaction_pool_monitor::mempool_monitor[0m[2m:[0m 🔍 Fetching transaction details for: 0xc2c9b0cfa3b5dfb9e90308c4c8edf1becf99ad5497043231a73cec8393e44dd1
[2m2025-12-10T10:11:50.468275Z[0m [34mDEBUG[0m [2methereum_transaction_pool_monitor::eth_client[0m[2m:[0m 🔍 Fetching transaction details for hash: 0xc2c9b0cfa3b5dfb9e90308c4c8edf1becf99ad5497043231a73cec8393e44dd1
[2m2025-12-10T10:11:50.468284Z[0m [34mDEBUG[0m [2mhyper::client::pool[0m[2m:[0m reuse idle connection for ("http", 192.168.0.14:8545)
[2m2025-12-10T10:11:50.468298Z[0m [34mDEBUG[0m [2mhyper::proto::h1::io[0m[2m:[0m flushed 250 bytes
[2m2025-12-10T10:11:50.472562Z[0m [34mDEBUG[0m [2mhyper::proto::h1::io[0m[2m:[0m parsed 4 headers
[2m2025-12-10T10:11:50.472568Z[0m [34mDEBUG[0m [2mhyper::proto::h1::conn[0m[2m:[0m incoming body is content-length (45 bytes)
[2m2025-12-10T10:11:50.472576Z[0m [34mDEBUG[0m [2mhyper::proto::h1::conn[0m[2m:[0m incoming body completed
[2m2025-12-10T10:11:50.472583Z[0m [34mDEBUG[0m [2mhyper::client::pool[0m[2m:[0m pooling idle connection for ("http", 192.168.0.14:8545)
[2m2025-12-10T10:11:50.472599Z[0m [34mDEBUG[0m [2mhyper::client::pool[0m[2m:[0m reuse idle connection for ("http", 192.168.0.14:8545)
[2m2025-12-10T10:11:50.472616Z[0m [34mDEBUG[0m [2mhyper::proto::h1::io[0m[2m:[0m flushed 172 bytes
[2m2025-12-10T10:11:50.474897Z[0m [34mDEBUG[0m [2mhyper::proto::h1::io[0m[2m:[0m parsed 4 headers
[2m2025-12-10T10:11:50.474902Z[0m [34mDEBUG[0m [2mhyper::proto::h1::conn[0m[2m:[0m incoming body is content-length (774 bytes)
[2m2025-12-10T10:11:50.474906Z[0m [34mDEBUG[0m [2mhyper::proto::h1::conn[0m[2m:[0m incoming body completed
[2m2025-12-10T10:11:50.474911Z[0m [34mDEBUG[0m [2mhyper::client::pool[0m[2m:[0m pooling idle connection for ("http", 192.168.0.14:8545)
[2m2025-12-10T10:11:50.474915Z[0m [34mDEBUG[0m [2methereum_transaction_pool_monitor::eth_client[0m[2m:[0m 📡 Transaction fetch RPC completed in 6.635708ms
[2m2025-12-10T10:11:50.613738Z[0m [34mDEBUG[0m [2methereum_transaction_pool_monitor::eth_client[0m[2m:[0m ✅ Transaction 0xc2c9b0cfa3b5dfb9e90308c4c8edf1becf99ad5497043231a73cec8393e44dd1 fetched and parsed in 145.453958ms
[2m2025-12-10T10:11:50.613776Z[0m [34mDEBUG[0m [2methereum_transaction_pool_monitor::mempool_monitor[0m[2m:[0m 🔍 Skipping tx 0xc2c9b0cfa3b5dfb9e90308c4c8edf1becf99ad5497043231a73cec8393e44dd1 - not a DEX interaction (target: 0xA0b86991c6218b36c1d19D4a2e9Eb0cE3606eB48)
[2m2025-12-10T10:11:50.613790Z[0m [34mDEBUG[0m [2methereum_transaction_pool_monitor::mempool_monitor[0m[2m:[0m 📨 Processing new pending transaction: 0x3c8d6958cb43ce68a339384ddb5ad2507f051fd77f0709f4aa4371c970e172ce
[2m2025-12-10T10:11:50.613802Z[0m [34mDEBUG[0m [2methereum_transaction_pool_monitor::mempool_monitor[0m[2m:[0m 🔍 Fetching transaction details for: 0x3c8d6958cb43ce68a339384ddb5ad2507f051fd77f0709f4aa4371c970e172ce
[2m2025-12-10T10:11:50.613811Z[0m [34mDEBUG[0m [2methereum_transaction_pool_monitor::eth_client[0m[2m:[0m 🔍 Fetching transaction details for hash: 0x3c8d6958cb43ce68a339384ddb5ad2507f051fd77f0709f4aa4371c970e172ce
[2m2025-12-10T10:11:50.613842Z[0m [34mDEBUG[0m [2mhyper::client::pool[0m[2m:[0m reuse idle connection for ("http", 192.168.0.14:8545)
[2m2025-12-10T10:11:50.613893Z[0m [34mDEBUG[0m [2mhyper::proto::h1::io[0m[2m:[0m flushed 250 bytes
[2m2025-12-10T10:11:50.613919Z[0m [34mDEBUG[0m [2mhyper::proto::h1::io[0m[2m:[0m parsed 4 headers
[2m2025-12-10T10:11:50.613929Z[0m [34mDEBUG[0m [2mhyper::proto::h1::conn[0m[2m:[0m incoming body is content-length (45 bytes)
[2m2025-12-10T10:11:50.613919Z[0m [34mDEBUG[0m [2methereum_transaction_pool_monitor::eth_client[0m[2m:[0m 📨 Received WebSocket message: {"jsonrpc":"2.0","method":"eth_subscription","params":{"subscription":"0xbed0a0851463e895960a451075a301a9","result":"0x8d325852543d9d632130f2bc525217c5f572b44e0bc9e9fb9048b47543fcc25c"}}
[2m2025-12-10T10:11:50.613938Z[0m [34mDEBUG[0m [2mhyper::proto::h1::conn[0m[2m:[0m incoming body completed
[2m2025-12-10T10:11:50.613945Z[0m [34mDEBUG[0m [2methereum_transaction_pool_monitor::eth_client[0m[2m:[0m 📨 Received pending transaction: 0x8d325852543d9d632130f2bc525217c5f572b44e0bc9e9fb9048b47543fcc25c
[2m2025-12-10T10:11:50.613955Z[0m [34mDEBUG[0m [2mhyper::client::pool[0m[2m:[0m pooling idle connection for ("http", 192.168.0.14:8545)
[2m2025-12-10T10:11:50.613974Z[0m [34mDEBUG[0m [2mhyper::client::pool[0m[2m:[0m reuse idle connection for ("http", 192.168.0.14:8545)
[2m2025-12-10T10:11:50.613990Z[0m [34mDEBUG[0m [2mhyper::proto::h1::io[0m[2m:[0m flushed 172 bytes
[2m2025-12-10T10:11:50.619817Z[0m [34mDEBUG[0m [2mhyper::proto::h1::io[0m[2m:[0m parsed 4 headers
[2m2025-12-10T10:11:50.619840Z[0m [34mDEBUG[0m [2mhyper::proto::h1::io[0m[2m:[0m parsed 4 headers
[2m2025-12-10T10:11:50.619843Z[0m [34mDEBUG[0m [2mhyper::proto::h1::conn[0m[2m:[0m incoming body is content-length (45 bytes)
[2m2025-12-10T10:11:50.619853Z[0m [34mDEBUG[0m [2mhyper::proto::h1::conn[0m[2m:[0m incoming body is content-length (552 bytes)
[2m2025-12-10T10:11:50.619871Z[0m [34mDEBUG[0m [2mhyper::proto::h1::conn[0m[2m:[0m incoming body completed
[2m2025-12-10T10:11:50.619876Z[0m [34mDEBUG[0m [2mhyper::proto::h1::conn[0m[2m:[0m incoming body completed
[2m2025-12-10T10:11:50.620036Z[0m [34mDEBUG[0m [2mhyper::client::pool[0m[2m:[0m pooling idle connection for ("http", 192.168.0.14:8545)
[2m2025-12-10T10:11:50.620037Z[0m [34mDEBUG[0m [2mhyper::client::pool[0m[2m:[0m pooling idle connection for ("http", 192.168.0.14:8545)
[2m2025-12-10T10:11:50.620049Z[0m [34mDEBUG[0m [2methereum_transaction_pool_monitor::eth_client[0m[2m:[0m 📡 Transaction fetch RPC completed in 6.232ms
[2m2025-12-10T10:11:50.620054Z[0m [34mDEBUG[0m [2mhyper::client::pool[0m[2m:[0m reuse idle connection for ("http", 192.168.0.14:8545)
[2m2025-12-10T10:11:50.620071Z[0m [34mDEBUG[0m [2mhyper::proto::h1::io[0m[2m:[0m flushed 172 bytes
[2m2025-12-10T10:11:50.626532Z[0m [34mDEBUG[0m [2mhyper::proto::h1::io[0m[2m:[0m parsed 4 headers
[2m2025-12-10T10:11:50.626543Z[0m [34mDEBUG[0m [2mhyper::proto::h1::conn[0m[2m:[0m incoming body is content-length (45 bytes)
[2m2025-12-10T10:11:50.626550Z[0m [34mDEBUG[0m [2mhyper::proto::h1::conn[0m[2m:[0m incoming body completed
[2m2025-12-10T10:11:50.626557Z[0m [34mDEBUG[0m [2mhyper::client::pool[0m[2m:[0m pooling idle connection for ("http", 192.168.0.14:8545)
[2m2025-12-10T10:11:50.699612Z[0m [34mDEBUG[0m [2mhyper::client::pool[0m[2m:[0m reuse idle connection for ("http", 192.168.0.14:8545)
[2m2025-12-10T10:11:50.699686Z[0m [34mDEBUG[0m [2mhyper::proto::h1::io[0m[2m:[0m flushed 172 bytes
[2m2025-12-10T10:11:50.703422Z[0m [34mDEBUG[0m [2methereum_transaction_pool_monitor::eth_client[0m[2m:[0m ✅ Transaction 0x3c8d6958cb43ce68a339384ddb5ad2507f051fd77f0709f4aa4371c970e172ce fetched and parsed in 89.603417ms
[2m2025-12-10T10:11:50.703436Z[0m [34mDEBUG[0m [2methereum_transaction_pool_monitor::mempool_monitor[0m[2m:[0m 🔍 Skipping tx 0x3c8d6958cb43ce68a339384ddb5ad2507f051fd77f0709f4aa4371c970e172ce - not a DEX interaction (target: 0x252E4d2a9eFB289B6956159ea70200D8fd931286)
[2m2025-12-10T10:11:50.703447Z[0m [34mDEBUG[0m [2methereum_transaction_pool_monitor::mempool_monitor[0m[2m:[0m 📨 Processing new pending transaction: 0xbb7fc7ff1a1138f95daed6c24665048d97cb5f61d197ffb41ab629cb08abd000
[2m2025-12-10T10:11:50.703454Z[0m [34mDEBUG[0m [2methereum_transaction_pool_monitor::mempool_monitor[0m[2m:[0m 🔍 Fetching transaction details for: 0xbb7fc7ff1a1138f95daed6c24665048d97cb5f61d197ffb41ab629cb08abd000
[2m2025-12-10T10:11:50.703458Z[0m [34mDEBUG[0m [2methereum_transaction_pool_monitor::eth_client[0m[2m:[0m 🔍 Fetching transaction details for hash: 0xbb7fc7ff1a1138f95daed6c24665048d97cb5f61d197ffb41ab629cb08abd000
[2m2025-12-10T10:11:50.703474Z[0m [34mDEBUG[0m [2mhyper::client::pool[0m[2m:[0m reuse idle connection for ("http", 192.168.0.14:8545)
[2m2025-12-10T10:11:50.703506Z[0m [34mDEBUG[0m [2mhyper::proto::h1::io[0m[2m:[0m flushed 250 bytes
[2m2025-12-10T10:11:50.704106Z[0m [34mDEBUG[0m [2mhyper::proto::h1::io[0m[2m:[0m parsed 4 headers
[2m2025-12-10T10:11:50.704113Z[0m [34mDEBUG[0m [2mhyper::proto::h1::conn[0m[2m:[0m incoming body is content-length (45 bytes)
[2m2025-12-10T10:11:50.704128Z[0m [34mDEBUG[0m [2mhyper::proto::h1::conn[0m[2m:[0m incoming body completed
[2m2025-12-10T10:11:50.704141Z[0m [34mDEBUG[0m [2mhyper::client::pool[0m[2m:[0m pooling idle connection for ("http", 192.168.0.14:8545)
[2m2025-12-10T10:11:50.708557Z[0m [34mDEBUG[0m [2mhyper::proto::h1::io[0m[2m:[0m parsed 4 headers
[2m2025-12-10T10:11:50.712771Z[0m [34mDEBUG[0m [2mhyper::proto::h1::conn[0m[2m:[0m incoming body is content-length (549 bytes)
[2m2025-12-10T10:11:50.712780Z[0m [34mDEBUG[0m [2mhyper::proto::h1::conn[0m[2m:[0m incoming body completed
[2m2025-12-10T10:11:50.712790Z[0m [34mDEBUG[0m [2mhyper::client::pool[0m[2m:[0m pooling idle connection for ("http", 192.168.0.14:8545)
[2m2025-12-10T10:11:50.712804Z[0m [34mDEBUG[0m [2methereum_transaction_pool_monitor::eth_client[0m[2m:[0m 📡 Transaction fetch RPC completed in 9.339875ms
[2m2025-12-10T10:11:50.784274Z[0m [34mDEBUG[0m [2methereum_transaction_pool_monitor::eth_client[0m[2m:[0m ✅ Transaction 0xbb7fc7ff1a1138f95daed6c24665048d97cb5f61d197ffb41ab629cb08abd000 fetched and parsed in 80.80775ms
[2m2025-12-10T10:11:50.784300Z[0m [34mDEBUG[0m [2methereum_transaction_pool_monitor::mempool_monitor[0m[2m:[0m 🔍 Skipping tx 0xbb7fc7ff1a1138f95daed6c24665048d97cb5f61d197ffb41ab629cb08abd000 - not a DEX interaction (target: 0x4E5B2e1dc63F6b91cb6Cd759936495434C7e972F)
[2m2025-12-10T10:11:50.784311Z[0m [34mDEBUG[0m [2methereum_transaction_pool_monitor::mempool_monitor[0m[2m:[0m 📨 Processing new pending transaction: 0x8d325852543d9d632130f2bc525217c5f572b44e0bc9e9fb9048b47543fcc25c
[2m2025-12-10T10:11:50.784318Z[0m [34mDEBUG[0m [2methereum_transaction_pool_monitor::mempool_monitor[0m[2m:[0m 🔍 Fetching transaction details for: 0x8d325852543d9d632130f2bc525217c5f572b44e0bc9e9fb9048b47543fcc25c
[2m2025-12-10T10:11:50.784324Z[0m [34mDEBUG[0m [2methereum_transaction_pool_monitor::eth_client[0m[2m:[0m 🔍 Fetching transaction details for hash: 0x8d325852543d9d632130f2bc525217c5f572b44e0bc9e9fb9048b47543fcc25c
[2m2025-12-10T10:11:50.784344Z[0m [34mDEBUG[0m [2mhyper::client::pool[0m[2m:[0m reuse idle connection for ("http", 192.168.0.14:8545)
[2m2025-12-10T10:11:50.784388Z[0m [34mDEBUG[0m [2mhyper::proto::h1::io[0m[2m:[0m flushed 250 bytes
[2m2025-12-10T10:11:50.784410Z[0m [34mDEBUG[0m [2methereum_transaction_pool_monitor::eth_client[0m[2m:[0m 📨 Received WebSocket message: {"jsonrpc":"2.0","method":"eth_subscription","params":{"subscription":"0xbed0a0851463e895960a451075a301a9","result":"0x0a1d6102e27755bb5cdc2687ee57d73f2fd53a726025f81fc497b710df18708b"}}
[2m2025-12-10T10:11:50.784420Z[0m [34mDEBUG[0m [2methereum_transaction_pool_monitor::eth_client[0m[2m:[0m 📨 Received pending transaction: 0x0a1d6102e27755bb5cdc2687ee57d73f2fd53a726025f81fc497b710df18708b
[2m2025-12-10T10:11:50.789992Z[0m [34mDEBUG[0m [2mhyper::proto::h1::io[0m[2m:[0m parsed 4 headers
[2m2025-12-10T10:11:50.790014Z[0m [34mDEBUG[0m [2mhyper::proto::h1::conn[0m[2m:[0m incoming body is content-length (655 bytes)
[2m2025-12-10T10:11:50.790038Z[0m [34mDEBUG[0m [2mhyper::proto::h1::conn[0m[2m:[0m incoming body completed
[2m2025-12-10T10:11:50.790052Z[0m [34mDEBUG[0m [2mhyper::client::pool[0m[2m:[0m pooling idle connection for ("http", 192.168.0.14:8545)
[2m2025-12-10T10:11:50.790072Z[0m [34mDEBUG[0m [2methereum_transaction_pool_monitor::eth_client[0m[2m:[0m 📡 Transaction fetch RPC completed in 5.743167ms
[2m2025-12-10T10:11:50.862057Z[0m [34mDEBUG[0m [2methereum_transaction_pool_monitor::eth_client[0m[2m:[0m ✅ Transaction 0x8d325852543d9d632130f2bc525217c5f572b44e0bc9e9fb9048b47543fcc25c fetched and parsed in 77.725667ms
[2m2025-12-10T10:11:50.862427Z[0m [34mDEBUG[0m [2methereum_transaction_pool_monitor::mempool_monitor[0m[2m:[0m 🔍 Skipping tx 0x8d325852543d9d632130f2bc525217c5f572b44e0bc9e9fb9048b47543fcc25c - not a DEX interaction (target: 0xE79a22fFa79B404c0CcfE0024BFF72f67a4Fafa8)
[2m2025-12-10T10:11:50.862438Z[0m [34mDEBUG[0m [2methereum_transaction_pool_monitor::mempool_monitor[0m[2m:[0m 📨 Processing new pending transaction: 0x0a1d6102e27755bb5cdc2687ee57d73f2fd53a726025f81fc497b710df18708b
[2m2025-12-10T10:11:50.862444Z[0m [34mDEBUG[0m [2methereum_transaction_pool_monitor::mempool_monitor[0m[2m:[0m 🔍 Fetching transaction details for: 0x0a1d6102e27755bb5cdc2687ee57d73f2fd53a726025f81fc497b710df18708b
[2m2025-12-10T10:11:50.862448Z[0m [34mDEBUG[0m [2methereum_transaction_pool_monitor::eth_client[0m[2m:[0m 🔍 Fetching transaction details for hash: 0x0a1d6102e27755bb5cdc2687ee57d73f2fd53a726025f81fc497b710df18708b
[2m2025-12-10T10:11:50.862465Z[0m [34mDEBUG[0m [2mhyper::client::pool[0m[2m:[0m reuse idle connection for ("http", 192.168.0.14:8545)
[2m2025-12-10T10:11:50.862489Z[0m [34mDEBUG[0m [2mhyper::proto::h1::io[0m[2m:[0m flushed 250 bytes
[2m2025-12-10T10:11:50.862505Z[0m [34mDEBUG[0m [2mhyper::client::pool[0m[2m:[0m reuse idle connection for ("http", 192.168.0.14:8545)
[2m2025-12-10T10:11:50.862516Z[0m [34mDEBUG[0m [2methereum_transaction_pool_monitor::eth_client[0m[2m:[0m 📨 Received WebSocket message: {"jsonrpc":"2.0","method":"eth_subscription","params":{"subscription":"0xbed0a0851463e895960a451075a301a9","result":"0x1ac94475298a9400002f63b9cebdceea1c539b4c00e9f4d97f5bbe31c86308ba"}}
[2m2025-12-10T10:11:50.862519Z[0m [34mDEBUG[0m [2mhyper::proto::h1::io[0m[2m:[0m flushed 172 bytes
[2m2025-12-10T10:11:50.862530Z[0m [34mDEBUG[0m [2methereum_transaction_pool_monitor::eth_client[0m[2m:[0m 📨 Received pending transaction: 0x1ac94475298a9400002f63b9cebdceea1c539b4c00e9f4d97f5bbe31c86308ba
[2m2025-12-10T10:11:50.867941Z[0m [34mDEBUG[0m [2mhyper::proto::h1::io[0m[2m:[0m parsed 4 headers
[2m2025-12-10T10:11:50.867949Z[0m [34mDEBUG[0m [2mhyper::proto::h1::conn[0m[2m:[0m incoming body is content-length (45 bytes)
[2m2025-12-10T10:11:50.867958Z[0m [34mDEBUG[0m [2mhyper::proto::h1::conn[0m[2m:[0m incoming body completed
[2m2025-12-10T10:11:50.867965Z[0m [34mDEBUG[0m [2mhyper::client::pool[0m[2m:[0m pooling idle connection for ("http", 192.168.0.14:8545)
[2m2025-12-10T10:11:50.870853Z[0m [34mDEBUG[0m [2mhyper::proto::h1::io[0m[2m:[0m parsed 4 headers
[2m2025-12-10T10:11:50.870859Z[0m [34mDEBUG[0m [2mhyper::proto::h1::conn[0m[2m:[0m incoming body is content-length (647 bytes)
[2m2025-12-10T10:11:50.870864Z[0m [34mDEBUG[0m [2mhyper::proto::h1::conn[0m[2m:[0m incoming body completed
[2m2025-12-10T10:11:50.870870Z[0m [34mDEBUG[0m [2mhyper::client::pool[0m[2m:[0m pooling idle connection for ("http", 192.168.0.14:8545)
[2m2025-12-10T10:11:50.870876Z[0m [34mDEBUG[0m [2methereum_transaction_pool_monitor::eth_client[0m[2m:[0m 📡 Transaction fetch RPC completed in 8.423334ms
[2m2025-12-10T10:11:50.941373Z[0m [34mDEBUG[0m [2methereum_transaction_pool_monitor::eth_client[0m[2m:[0m ✅ Transaction 0x0a1d6102e27755bb5cdc2687ee57d73f2fd53a726025f81fc497b710df18708b fetched and parsed in 78.91825ms
[2m2025-12-10T10:11:50.941402Z[0m [34mDEBUG[0m [2methereum_transaction_pool_monitor::mempool_monitor[0m[2m:[0m 🔍 Skipping tx 0x0a1d6102e27755bb5cdc2687ee57d73f2fd53a726025f81fc497b710df18708b - not a DEX interaction (target: 0xd2674dA94285660c9b2353131bef2d8211369A4B)
[2m2025-12-10T10:11:50.941415Z[0m [34mDEBUG[0m [2methereum_transaction_pool_monitor::mempool_monitor[0m[2m:[0m 📨 Processing new pending transaction: 0x1ac94475298a9400002f63b9cebdceea1c539b4c00e9f4d97f5bbe31c86308ba
[2m2025-12-10T10:11:50.941425Z[0m [34mDEBUG[0m [2methereum_transaction_pool_monitor::mempool_monitor[0m[2m:[0m 🔍 Fetching transaction details for: 0x1ac94475298a9400002f63b9cebdceea1c539b4c00e9f4d97f5bbe31c86308ba
[2m2025-12-10T10:11:50.941432Z[0m [34mDEBUG[0m [2methereum_transaction_pool_monitor::eth_client[0m[2m:[0m 🔍 Fetching transaction details for hash: 0x1ac94475298a9400002f63b9cebdceea1c539b4c00e9f4d97f5bbe31c86308ba
[2m2025-12-10T10:11:50.941456Z[0m [34mDEBUG[0m [2mhyper::client::pool[0m[2m:[0m reuse idle connection for ("http", 192.168.0.14:8545)
[2m2025-12-10T10:11:50.941489Z[0m [34mDEBUG[0m [2mhyper::proto::h1::io[0m[2m:[0m flushed 250 bytes
[2m2025-12-10T10:11:50.941519Z[0m [34mDEBUG[0m [2mhyper::client::pool[0m[2m:[0m reuse idle connection for ("http", 192.168.0.14:8545)
[2m2025-12-10T10:11:50.941536Z[0m [34mDEBUG[0m [2mhyper::proto::h1::io[0m[2m:[0m flushed 172 bytes
[2m2025-12-10T10:11:50.951152Z[0m [34mDEBUG[0m [2mhyper::proto::h1::io[0m[2m:[0m parsed 4 headers
[2m2025-12-10T10:11:50.951158Z[0m [34mDEBUG[0m [2mhyper::proto::h1::conn[0m[2m:[0m incoming body is content-length (642 bytes)
[2m2025-12-10T10:11:50.951165Z[0m [34mDEBUG[0m [2mhyper::proto::h1::conn[0m[2m:[0m incoming body completed
[2m2025-12-10T10:11:50.951173Z[0m [34mDEBUG[0m [2mhyper::client::pool[0m[2m:[0m pooling idle connection for ("http", 192.168.0.14:8545)
[2m2025-12-10T10:11:50.951179Z[0m [34mDEBUG[0m [2methereum_transaction_pool_monitor::eth_client[0m[2m:[0m 📡 Transaction fetch RPC completed in 9.738625ms
[2m2025-12-10T10:11:51.022213Z[0m [34mDEBUG[0m [2methereum_transaction_pool_monitor::eth_client[0m[2m:[0m ✅ Transaction 0x1ac94475298a9400002f63b9cebdceea1c539b4c00e9f4d97f5bbe31c86308ba fetched and parsed in 80.770416ms
[2m2025-12-10T10:11:51.022241Z[0m [34mDEBUG[0m [2methereum_transaction_pool_monitor::mempool_monitor[0m[2m:[0m 🔍 Skipping tx 0x1ac94475298a9400002f63b9cebdceea1c539b4c00e9f4d97f5bbe31c86308ba - not a DEX interaction (target: 0xA26148AE51fa8E787DF319C04137602Cc018b521)
[2m2025-12-10T10:11:51.022268Z[0m [34mDEBUG[0m [2mhyper::proto::h1::io[0m[2m:[0m parsed 4 headers
[2m2025-12-10T10:11:51.022274Z[0m [34mDEBUG[0m [2mhyper::proto::h1::conn[0m[2m:[0m incoming body is content-length (45 bytes)
[2m2025-12-10T10:11:51.022285Z[0m [34mDEBUG[0m [2mhyper::proto::h1::conn[0m[2m:[0m incoming body completed
[2m2025-12-10T10:11:51.022297Z[0m [34mDEBUG[0m [2mhyper::client::pool[0m[2m:[0m pooling idle connection for ("http", 192.168.0.14:8545)
[2m2025-12-10T10:11:51.022324Z[0m [34mDEBUG[0m [2mhyper::client::pool[0m[2m:[0m reuse idle connection for ("http", 192.168.0.14:8545)
[2m2025-12-10T10:11:51.022356Z[0m [34mDEBUG[0m [2mhyper::proto::h1::io[0m[2m:[0m flushed 172 bytes
[2m2025-12-10T10:11:51.025971Z[0m [34mDEBUG[0m [2mhyper::proto::h1::io[0m[2m:[0m parsed 4 headers
[2m2025-12-10T10:11:51.025981Z[0m [34mDEBUG[0m [2mhyper::proto::h1::conn[0m[2m:[0m incoming body is content-length (45 bytes)
[2m2025-12-10T10:11:51.025988Z[0m [34mDEBUG[0m [2mhyper::proto::h1::conn[0m[2m:[0m incoming body completed
[2m2025-12-10T10:11:51.025997Z[0m [34mDEBUG[0m [2mhyper::client::pool[0m[2m:[0m pooling idle connection for ("http", 192.168.0.14:8545)
[2m2025-12-10T10:11:51.072390Z[0m [34mDEBUG[0m [2methereum_transaction_pool_monitor::eth_client[0m[2m:[0m 📨 Received WebSocket message: {"jsonrpc":"2.0","method":"eth_subscription","params":{"subscription":"0xbed0a0851463e895960a451075a301a9","result":"0x7c2c50eac8d2e522302f6a25b3daa81857b2059ea5f2d9dcb1618bae8dd0e99e"}}
[2m2025-12-10T10:11:51.072409Z[0m [34mDEBUG[0m [2methereum_transaction_pool_monitor::eth_client[0m[2m:[0m 📨 Received pending transaction: 0x7c2c50eac8d2e522302f6a25b3daa81857b2059ea5f2d9dcb1618bae8dd0e99e
[2m2025-12-10T10:11:51.072415Z[0m [32m INFO[0m [2methereum_transaction_pool_monitor::eth_client[0m[2m:[0m 📊 WebSocket stats - Total: 3040 transactions, Rate: 13.0 tx/s
[2m2025-12-10T10:11:51.072423Z[0m [34mDEBUG[0m [2methereum_transaction_pool_monitor::mempool_monitor[0m[2m:[0m 📨 Processing new pending transaction: 0x7c2c50eac8d2e522302f6a25b3daa81857b2059ea5f2d9dcb1618bae8dd0e99e
[2m2025-12-10T10:11:51.072428Z[0m [34mDEBUG[0m [2methereum_transaction_pool_monitor::mempool_monitor[0m[2m:[0m 🔍 Fetching transaction details for: 0x7c2c50eac8d2e522302f6a25b3daa81857b2059ea5f2d9dcb1618bae8dd0e99e
[2m2025-12-10T10:11:51.072433Z[0m [34mDEBUG[0m [2methereum_transaction_pool_monitor::eth_client[0m[2m:[0m 🔍 Fetching transaction details for hash: 0x7c2c50eac8d2e522302f6a25b3daa81857b2059ea5f2d9dcb1618bae8dd0e99e
[2m2025-12-10T10:11:51.072454Z[0m [34mDEBUG[0m [2mhyper::client::pool[0m[2m:[0m reuse idle connection for ("http", 192.168.0.14:8545)
[2m2025-12-10T10:11:51.072477Z[0m [34mDEBUG[0m [2mhyper::proto::h1::io[0m[2m:[0m flushed 250 bytes
[2m2025-12-10T10:11:51.082776Z[0m [34mDEBUG[0m [2mhyper::proto::h1::io[0m[2m:[0m parsed 4 headers
[2m2025-12-10T10:11:51.082795Z[0m [34mDEBUG[0m [2mhyper::proto::h1::conn[0m[2m:[0m incoming body is content-length (551 bytes)
[2m2025-12-10T10:11:51.082804Z[0m [34mDEBUG[0m [2mhyper::proto::h1::conn[0m[2m:[0m incoming body completed
[2m2025-12-10T10:11:51.082815Z[0m [34mDEBUG[0m [2mhyper::client::pool[0m[2m:[0m pooling idle connection for ("http", 192.168.0.14:8545)
[2m2025-12-10T10:11:51.083041Z[0m [34mDEBUG[0m [2methereum_transaction_pool_monitor::eth_client[0m[2m:[0m 📡 Transaction fetch RPC completed in 10.603209ms
[2m2025-12-10T10:11:51.156856Z[0m [34mDEBUG[0m [2methereum_transaction_pool_monitor::eth_client[0m[2m:[0m ✅ Transaction 0x7c2c50eac8d2e522302f6a25b3daa81857b2059ea5f2d9dcb1618bae8dd0e99e fetched and parsed in 84.416417ms
[2m2025-12-10T10:11:51.156886Z[0m [34mDEBUG[0m [2methereum_transaction_pool_monitor::mempool_monitor[0m[2m:[0m 🔍 Skipping tx 0x7c2c50eac8d2e522302f6a25b3daa81857b2059ea5f2d9dcb1618bae8dd0e99e - not a DEX interaction (target: 0xC3A807FF9B83b27Df128Df5A0bcBf212Eb3FF931)
[2m2025-12-10T10:11:51.156931Z[0m [34mDEBUG[0m [2mhyper::client::pool[0m[2m:[0m reuse idle connection for ("http", 192.168.0.14:8545)
[2m2025-12-10T10:11:51.156956Z[0m [34mDEBUG[0m [2methereum_transaction_pool_monitor::eth_client[0m[2m:[0m 📨 Received WebSocket message: {"jsonrpc":"2.0","method":"eth_subscription","params":{"subscription":"0xbed0a0851463e895960a451075a301a9","result":"0x72db29ac059ac2371916ddc7769070cb9fc76bac24a9990f5427b09e948cad91"}}
[2m2025-12-10T10:11:51.156960Z[0m [34mDEBUG[0m [2mhyper::proto::h1::io[0m[2m:[0m flushed 172 bytes
[2m2025-12-10T10:11:51.156972Z[0m [34mDEBUG[0m [2methereum_transaction_pool_monitor::eth_client[0m[2m:[0m 📨 Received pending transaction: 0x72db29ac059ac2371916ddc7769070cb9fc76bac24a9990f5427b09e948cad91
[2m2025-12-10T10:11:51.156987Z[0m [34mDEBUG[0m [2methereum_transaction_pool_monitor::mempool_monitor[0m[2m:[0m 📨 Processing new pending transaction: 0x72db29ac059ac2371916ddc7769070cb9fc76bac24a9990f5427b09e948cad91
[2m2025-12-10T10:11:51.156995Z[0m [34mDEBUG[0m [2methereum_transaction_pool_monitor::mempool_monitor[0m[2m:[0m 🔍 Fetching transaction details for: 0x72db29ac059ac2371916ddc7769070cb9fc76bac24a9990f5427b09e948cad91
[2m2025-12-10T10:11:51.157002Z[0m [34mDEBUG[0m [2methereum_transaction_pool_monitor::eth_client[0m[2m:[0m 🔍 Fetching transaction details for hash: 0x72db29ac059ac2371916ddc7769070cb9fc76bac24a9990f5427b09e948cad91
[2m2025-12-10T10:11:51.157016Z[0m [34mDEBUG[0m [2mhyper::client::pool[0m[2m:[0m reuse idle connection for ("http", 192.168.0.14:8545)
[2m2025-12-10T10:11:51.157033Z[0m [34mDEBUG[0m [2mhyper::proto::h1::io[0m[2m:[0m flushed 250 bytes
[2m2025-12-10T10:11:51.161320Z[0m [34mDEBUG[0m [2mhyper::proto::h1::io[0m[2m:[0m parsed 4 headers
[2m2025-12-10T10:11:51.161331Z[0m [34mDEBUG[0m [2mhyper::proto::h1::conn[0m[2m:[0m incoming body is content-length (45 bytes)
[2m2025-12-10T10:11:51.161338Z[0m [34mDEBUG[0m [2mhyper::proto::h1::conn[0m[2m:[0m incoming body completed
[2m2025-12-10T10:11:51.161346Z[0m [34mDEBUG[0m [2mhyper::client::pool[0m[2m:[0m pooling idle connection for ("http", 192.168.0.14:8545)
[2m2025-12-10T10:11:51.163088Z[0m [34mDEBUG[0m [2mhyper::proto::h1::io[0m[2m:[0m parsed 4 headers
[2m2025-12-10T10:11:51.163094Z[0m [34mDEBUG[0m [2mhyper::proto::h1::conn[0m[2m:[0m incoming body is content-length (771 bytes)
[2m2025-12-10T10:11:51.163100Z[0m [34mDEBUG[0m [2mhyper::proto::h1::conn[0m[2m:[0m incoming body completed
[2m2025-12-10T10:11:51.163106Z[0m [34mDEBUG[0m [2mhyper::client::pool[0m[2m:[0m pooling idle connection for ("http", 192.168.0.14:8545)
[2m2025-12-10T10:11:51.163112Z[0m [34mDEBUG[0m [2methereum_transaction_pool_monitor::eth_client[0m[2m:[0m 📡 Transaction fetch RPC completed in 6.101583ms
[2m2025-12-10T10:11:51.234664Z[0m [34mDEBUG[0m [2methereum_transaction_pool_monitor::eth_client[0m[2m:[0m ✅ Transaction 0x72db29ac059ac2371916ddc7769070cb9fc76bac24a9990f5427b09e948cad91 fetched and parsed in 77.650791ms
[2m2025-12-10T10:11:51.234690Z[0m [34mDEBUG[0m [2methereum_transaction_pool_monitor::mempool_monitor[0m[2m:[0m 🔍 Skipping tx 0x72db29ac059ac2371916ddc7769070cb9fc76bac24a9990f5427b09e948cad91 - not a DEX interaction (target: 0xB8f28C60dD8240141185a192fa4156A23E189305)
[2m2025-12-10T10:11:51.234735Z[0m [34mDEBUG[0m [2mhyper::client::pool[0m[2m:[0m reuse idle connection for ("http", 192.168.0.14:8545)
[2m2025-12-10T10:11:51.234779Z[0m [34mDEBUG[0m [2mhyper::proto::h1::io[0m[2m:[0m flushed 172 bytes
[2m2025-12-10T10:11:51.238798Z[0m [34mDEBUG[0m [2mhyper::proto::h1::io[0m[2m:[0m parsed 4 headers
[2m2025-12-10T10:11:51.238822Z[0m [34mDEBUG[0m [2mhyper::proto::h1::conn[0m[2m:[0m incoming body is content-length (45 bytes)
[2m2025-12-10T10:11:51.238849Z[0m [34mDEBUG[0m [2mhyper::proto::h1::conn[0m[2m:[0m incoming body completed
[2m2025-12-10T10:11:51.238860Z[0m [34mDEBUG[0m [2mhyper::client::pool[0m[2m:[0m pooling idle connection for ("http", 192.168.0.14:8545)
[2m2025-12-10T10:11:51.299876Z[0m [34mDEBUG[0m [2mhyper::client::pool[0m[2m:[0m reuse idle connection for ("http", 192.168.0.14:8545)
[2m2025-12-10T10:11:51.299923Z[0m [34mDEBUG[0m [2mhyper::proto::h1::io[0m[2m:[0m flushed 172 bytes
[2m2025-12-10T10:11:51.303727Z[0m [34mDEBUG[0m [2mhyper::proto::h1::io[0m[2m:[0m parsed 4 headers
[2m2025-12-10T10:11:51.303735Z[0m [34mDEBUG[0m [2mhyper::proto::h1::conn[0m[2m:[0m incoming body is content-length (45 bytes)
[2m2025-12-10T10:11:51.303744Z[0m [34mDEBUG[0m [2mhyper::proto::h1::conn[0m[2m:[0m incoming body completed
[2m2025-12-10T10:11:51.303754Z[0m [34mDEBUG[0m [2mhyper::client::pool[0m[2m:[0m pooling idle connection for ("http", 192.168.0.14:8545)
[2m2025-12-10T10:11:51.375427Z[0m [34mDEBUG[0m [2methereum_transaction_pool_monitor::eth_client[0m[2m:[0m 📨 Received WebSocket message: {"jsonrpc":"2.0","method":"eth_subscription","params":{"subscription":"0xbed0a0851463e895960a451075a301a9","result":"0x1c3168e4e8e4a0d63c2322533256e7661f21da7257cb17930a44395eb419fa08"}}
[2m2025-12-10T10:11:51.375473Z[0m [34mDEBUG[0m [2methereum_transaction_pool_monitor::eth_client[0m[2m:[0m 📨 Received pending transaction: 0x1c3168e4e8e4a0d63c2322533256e7661f21da7257cb17930a44395eb419fa08
[2m2025-12-10T10:11:51.375486Z[0m [34mDEBUG[0m [2methereum_transaction_pool_monitor::mempool_monitor[0m[2m:[0m 📨 Processing new pending transaction: 0x1c3168e4e8e4a0d63c2322533256e7661f21da7257cb17930a44395eb419fa08
[2m2025-12-10T10:11:51.375496Z[0m [34mDEBUG[0m [2methereum_transaction_pool_monitor::mempool_monitor[0m[2m:[0m 🔍 Fetching transaction details for: 0x1c3168e4e8e4a0d63c2322533256e7661f21da7257cb17930a44395eb419fa08
[2m2025-12-10T10:11:51.375504Z[0m [34mDEBUG[0m [2methereum_transaction_pool_monitor::eth_client[0m[2m:[0m 🔍 Fetching transaction details for hash: 0x1c3168e4e8e4a0d63c2322533256e7661f21da7257cb17930a44395eb419fa08
[2m2025-12-10T10:11:51.375531Z[0m [34mDEBUG[0m [2mhyper::client::pool[0m[2m:[0m reuse idle connection for ("http", 192.168.0.14:8545)
[2m2025-12-10T10:11:51.375565Z[0m [34mDEBUG[0m [2mhyper::proto::h1::io[0m[2m:[0m flushed 250 bytes
[2m2025-12-10T10:11:51.379732Z[0m [34mDEBUG[0m [2mhyper::proto::h1::io[0m[2m:[0m parsed 4 headers
[2m2025-12-10T10:11:51.379742Z[0m [34mDEBUG[0m [2mhyper::proto::h1::conn[0m[2m:[0m incoming body is content-length (1731 bytes)
[2m2025-12-10T10:11:51.379757Z[0m [34mDEBUG[0m [2methereum_transaction_pool_monitor::eth_client[0m[2m:[0m 📡 Transaction fetch RPC completed in 4.245458ms
[2m2025-12-10T10:11:51.380460Z[0m [34mDEBUG[0m [2mhyper::proto::h1::conn[0m[2m:[0m incoming body completed
[2m2025-12-10T10:11:51.380471Z[0m [34mDEBUG[0m [2mhyper::client::pool[0m[2m:[0m pooling idle connection for ("http", 192.168.0.14:8545)
[2m2025-12-10T10:11:51.398364Z[0m [34mDEBUG[0m [2mhyper::client::pool[0m[2m:[0m reuse idle connection for ("http", 192.168.0.14:8545)
[2m2025-12-10T10:11:51.398438Z[0m [34mDEBUG[0m [2mhyper::proto::h1::io[0m[2m:[0m flushed 172 bytes
[2m2025-12-10T10:11:51.398443Z[0m [34mDEBUG[0m [2methereum_transaction_pool_monitor::eth_client[0m[2m:[0m 📨 Received WebSocket message: {"jsonrpc":"2.0","method":"eth_subscription","params":{"subscription":"0xbed0a0851463e895960a451075a301a9","result":"0x10bb94859b1a2123578fb7d2caca1cea93ea53439e2c43e1547845e89aa45061"}}
[2m2025-12-10T10:11:51.398483Z[0m [34mDEBUG[0m [2methereum_transaction_pool_monitor::eth_client[0m[2m:[0m 📨 Received pending transaction: 0x10bb94859b1a2123578fb7d2caca1cea93ea53439e2c43e1547845e89aa45061
[2m2025-12-10T10:11:51.402069Z[0m [34mDEBUG[0m [2mhyper::proto::h1::io[0m[2m:[0m parsed 4 headers
[2m2025-12-10T10:11:51.402085Z[0m [34mDEBUG[0m [2mhyper::proto::h1::conn[0m[2m:[0m incoming body is content-length (45 bytes)
[2m2025-12-10T10:11:51.402093Z[0m [34mDEBUG[0m [2mhyper::proto::h1::conn[0m[2m:[0m incoming body completed
[2m2025-12-10T10:11:51.402103Z[0m [34mDEBUG[0m [2mhyper::client::pool[0m[2m:[0m pooling idle connection for ("http", 192.168.0.14:8545)
[2m2025-12-10T10:11:51.455399Z[0m [34mDEBUG[0m [2methereum_transaction_pool_monitor::eth_client[0m[2m:[0m ✅ Transaction 0x1c3168e4e8e4a0d63c2322533256e7661f21da7257cb17930a44395eb419fa08 fetched and parsed in 79.884417ms
[2m2025-12-10T10:11:51.455426Z[0m [34mDEBUG[0m [2methereum_transaction_pool_monitor::mempool_monitor[0m[2m:[0m 🔍 Skipping tx 0x1c3168e4e8e4a0d63c2322533256e7661f21da7257cb17930a44395eb419fa08 - not a DEX interaction (target: 0x601a2aD6CB5949f0529735254189Ba3194221EDF)
[2m2025-12-10T10:11:51.455437Z[0m [34mDEBUG[0m [2methereum_transaction_pool_monitor::mempool_monitor[0m[2m:[0m 📨 Processing new pending transaction: 0x10bb94859b1a2123578fb7d2caca1cea93ea53439e2c43e1547845e89aa45061
[2m2025-12-10T10:11:51.455442Z[0m [34mDEBUG[0m [2methereum_transaction_pool_monitor::mempool_monitor[0m[2m:[0m 🔍 Fetching transaction details for: 0x10bb94859b1a2123578fb7d2caca1cea93ea53439e2c43e1547845e89aa45061
[2m2025-12-10T10:11:51.455447Z[0m [34mDEBUG[0m [2methereum_transaction_pool_monitor::eth_client[0m[2m:[0m 🔍 Fetching transaction details for hash: 0x10bb94859b1a2123578fb7d2caca1cea93ea53439e2c43e1547845e89aa45061
[2m2025-12-10T10:11:51.455466Z[0m [34mDEBUG[0m [2mhyper::client::pool[0m[2m:[0m reuse idle connection for ("http", 192.168.0.14:8545)
[2m2025-12-10T10:11:51.455504Z[0m [34mDEBUG[0m [2mhyper::proto::h1::io[0m[2m:[0m flushed 250 bytes
[2m2025-12-10T10:11:51.466079Z[0m [34mDEBUG[0m [2mhyper::proto::h1::io[0m[2m:[0m parsed 4 headers
[2m2025-12-10T10:11:51.466092Z[0m [34mDEBUG[0m [2mhyper::proto::h1::conn[0m[2m:[0m incoming body is content-length (1319 bytes)
[2m2025-12-10T10:11:51.466101Z[0m [34mDEBUG[0m [2mhyper::proto::h1::conn[0m[2m:[0m incoming body completed
[2m2025-12-10T10:11:51.466115Z[0m [34mDEBUG[0m [2mhyper::client::pool[0m[2m:[0m pooling idle connection for ("http", 192.168.0.14:8545)
[2m2025-12-10T10:11:51.466124Z[0m [34mDEBUG[0m [2methereum_transaction_pool_monitor::eth_client[0m[2m:[0m 📡 Transaction fetch RPC completed in 10.67225ms
[2m2025-12-10T10:11:51.537473Z[0m [34mDEBUG[0m [2methereum_transaction_pool_monitor::eth_client[0m[2m:[0m ✅ Transaction 0x10bb94859b1a2123578fb7d2caca1cea93ea53439e2c43e1547845e89aa45061 fetched and parsed in 82.0195ms
[2m2025-12-10T10:11:51.537503Z[0m [34mDEBUG[0m [2methereum_transaction_pool_monitor::mempool_monitor[0m[2m:[0m 🔍 Skipping tx 0x10bb94859b1a2123578fb7d2caca1cea93ea53439e2c43e1547845e89aa45061 - not a DEX interaction (target: 0xd39F16BD03a506410d66BBbf6DCCbB08F445197E)
[2m2025-12-10T10:11:51.537543Z[0m [34mDEBUG[0m [2mhyper::client::pool[0m[2m:[0m reuse idle connection for ("http", 192.168.0.14:8545)
[2m2025-12-10T10:11:51.537590Z[0m [34mDEBUG[0m [2mhyper::proto::h1::io[0m[2m:[0m flushed 172 bytes
[2m2025-12-10T10:11:51.537596Z[0m [34mDEBUG[0m [2methereum_transaction_pool_monitor::eth_client[0m[2m:[0m 📨 Received WebSocket message: {"jsonrpc":"2.0","method":"eth_subscription","params":{"subscription":"0xbed0a0851463e895960a451075a301a9","result":"0xeb5b153a1ff8e48e45af2e5782b6a7d35643d69aafc36c757832113264a76d24"}}
[2m2025-12-10T10:11:51.537608Z[0m [34mDEBUG[0m [2methereum_transaction_pool_monitor::eth_client[0m[2m:[0m 📨 Received pending transaction: 0xeb5b153a1ff8e48e45af2e5782b6a7d35643d69aafc36c757832113264a76d24
[2m2025-12-10T10:11:51.537614Z[0m [34mDEBUG[0m [2methereum_transaction_pool_monitor::eth_client[0m[2m:[0m 📨 Received WebSocket message: {"jsonrpc":"2.0","method":"eth_subscription","params":{"subscription":"0xbed0a0851463e895960a451075a301a9","result":"0xf04972bf6fba6eb9824357e4c0010742f23a39d757d7fb7f3c74225ddbde7e90"}}
[2m2025-12-10T10:11:51.537620Z[0m [34mDEBUG[0m [2methereum_transaction_pool_monitor::eth_client[0m[2m:[0m 📨 Received pending transaction: 0xf04972bf6fba6eb9824357e4c0010742f23a39d757d7fb7f3c74225ddbde7e90
[2m2025-12-10T10:11:51.537627Z[0m [34mDEBUG[0m [2methereum_transaction_pool_monitor::mempool_monitor[0m[2m:[0m 📨 Processing new pending transaction: 0xeb5b153a1ff8e48e45af2e5782b6a7d35643d69aafc36c757832113264a76d24
[2m2025-12-10T10:11:51.537633Z[0m [34mDEBUG[0m [2methereum_transaction_pool_monitor::mempool_monitor[0m[2m:[0m 🔍 Fetching transaction details for: 0xeb5b153a1ff8e48e45af2e5782b6a7d35643d69aafc36c757832113264a76d24
[2m2025-12-10T10:11:51.537639Z[0m [34mDEBUG[0m [2methereum_transaction_pool_monitor::eth_client[0m[2m:[0m 🔍 Fetching transaction details for hash: 0xeb5b153a1ff8e48e45af2e5782b6a7d35643d69aafc36c757832113264a76d24
[2m2025-12-10T10:11:51.537651Z[0m [34mDEBUG[0m [2mhyper::client::pool[0m[2m:[0m reuse idle connection for ("http", 192.168.0.14:8545)
[2m2025-12-10T10:11:51.537669Z[0m [34mDEBUG[0m [2mhyper::proto::h1::io[0m[2m:[0m flushed 250 bytes
[2m2025-12-10T10:11:51.541375Z[0m [34mDEBUG[0m [2mhyper::proto::h1::io[0m[2m:[0m parsed 4 headers
[2m2025-12-10T10:11:51.541388Z[0m [34mDEBUG[0m [2mhyper::proto::h1::conn[0m[2m:[0m incoming body is content-length (45 bytes)
[2m2025-12-10T10:11:51.541396Z[0m [34mDEBUG[0m [2mhyper::proto::h1::conn[0m[2m:[0m incoming body completed
[2m2025-12-10T10:11:51.541404Z[0m [34mDEBUG[0m [2mhyper::client::pool[0m[2m:[0m pooling idle connection for ("http", 192.168.0.14:8545)
[2m2025-12-10T10:11:51.547422Z[0m [34mDEBUG[0m [2mhyper::proto::h1::io[0m[2m:[0m parsed 4 headers
[2m2025-12-10T10:11:51.547445Z[0m [34mDEBUG[0m [2mhyper::proto::h1::conn[0m[2m:[0m incoming body is content-length (1731 bytes)
[2m2025-12-10T10:11:51.547454Z[0m [34mDEBUG[0m [2mhyper::proto::h1::conn[0m[2m:[0m incoming body completed
[2m2025-12-10T10:11:51.547464Z[0m [34mDEBUG[0m [2mhyper::client::pool[0m[2m:[0m pooling idle connection for ("http", 192.168.0.14:8545)
[2m2025-12-10T10:11:51.547470Z[0m [34mDEBUG[0m [2methereum_transaction_pool_monitor::eth_client[0m[2m:[0m 📡 Transaction fetch RPC completed in 9.825292ms
[2m2025-12-10T10:11:51.619133Z[0m [34mDEBUG[0m [2methereum_transaction_pool_monitor::eth_client[0m[2m:[0m ✅ Transaction 0xeb5b153a1ff8e48e45af2e5782b6a7d35643d69aafc36c757832113264a76d24 fetched and parsed in 81.485958ms
[2m2025-12-10T10:11:51.619159Z[0m [34mDEBUG[0m [2methereum_transaction_pool_monitor::mempool_monitor[0m[2m:[0m 🔍 Skipping tx 0xeb5b153a1ff8e48e45af2e5782b6a7d35643d69aafc36c757832113264a76d24 - not a DEX interaction (target: 0x601a2aD6CB5949f0529735254189Ba3194221EDF)
[2m2025-12-10T10:11:51.619170Z[0m [34mDEBUG[0m [2methereum_transaction_pool_monitor::mempool_monitor[0m[2m:[0m 📨 Processing new pending transaction: 0xf04972bf6fba6eb9824357e4c0010742f23a39d757d7fb7f3c74225ddbde7e90
[2m2025-12-10T10:11:51.619177Z[0m [34mDEBUG[0m [2methereum_transaction_pool_monitor::mempool_monitor[0m[2m:[0m 🔍 Fetching transaction details for: 0xf04972bf6fba6eb9824357e4c0010742f23a39d757d7fb7f3c74225ddbde7e90
[2m2025-12-10T10:11:51.619186Z[0m [34mDEBUG[0m [2methereum_transaction_pool_monitor::eth_client[0m[2m:[0m 🔍 Fetching transaction details for hash: 0xf04972bf6fba6eb9824357e4c0010742f23a39d757d7fb7f3c74225ddbde7e90
[2m2025-12-10T10:11:51.619204Z[0m [34mDEBUG[0m [2mhyper::client::pool[0m[2m:[0m reuse idle connection for ("http", 192.168.0.14:8545)
[2m2025-12-10T10:11:51.619556Z[0m [34mDEBUG[0m [2mhyper::proto::h1::io[0m[2m:[0m flushed 250 bytes
[2m2025-12-10T10:11:51.619585Z[0m [34mDEBUG[0m [2mhyper::client::pool[0m[2m:[0m reuse idle connection for ("http", 192.168.0.14:8545)
[2m2025-12-10T10:11:51.619599Z[0m [34mDEBUG[0m [2mhyper::proto::h1::io[0m[2m:[0m flushed 172 bytes
[2m2025-12-10T10:11:51.624050Z[0m [34mDEBUG[0m [2methereum_transaction_pool_monitor::eth_client[0m[2m:[0m 📨 Received WebSocket message: {"jsonrpc":"2.0","method":"eth_subscription","params":{"subscription":"0xbed0a0851463e895960a451075a301a9","result":"0xdfca3574d0d770b8d42fe20c273d61ed03aeb0424fd826755877900a129a76c8"}}
[2m2025-12-10T10:11:51.624063Z[0m [34mDEBUG[0m [2methereum_transaction_pool_monitor::eth_client[0m[2m:[0m 📨 Received pending transaction: 0xdfca3574d0d770b8d42fe20c273d61ed03aeb0424fd826755877900a129a76c8
[2m2025-12-10T10:11:51.624694Z[0m [34mDEBUG[0m [2mhyper::proto::h1::io[0m[2m:[0m parsed 4 headers
[2m2025-12-10T10:11:51.624700Z[0m [34mDEBUG[0m [2mhyper::proto::h1::conn[0m[2m:[0m incoming body is content-length (45 bytes)
[2m2025-12-10T10:11:51.624707Z[0m [34mDEBUG[0m [2mhyper::proto::h1::conn[0m[2m:[0m incoming body completed
[2m2025-12-10T10:11:51.624715Z[0m [34mDEBUG[0m [2mhyper::client::pool[0m[2m:[0m pooling idle connection for ("http", 192.168.0.14:8545)
[2m2025-12-10T10:11:51.627833Z[0m [34mDEBUG[0m [2mhyper::proto::h1::io[0m[2m:[0m parsed 4 headers
[2m2025-12-10T10:11:51.627842Z[0m [34mDEBUG[0m [2mhyper::proto::h1::conn[0m[2m:[0m incoming body is content-length (711 bytes)
[2m2025-12-10T10:11:51.627847Z[0m [34mDEBUG[0m [2mhyper::proto::h1::conn[0m[2m:[0m incoming body completed
[2m2025-12-10T10:11:51.627854Z[0m [34mDEBUG[0m [2mhyper::client::pool[0m[2m:[0m pooling idle connection for ("http", 192.168.0.14:8545)
[2m2025-12-10T10:11:51.627859Z[0m [34mDEBUG[0m [2methereum_transaction_pool_monitor::eth_client[0m[2m:[0m 📡 Transaction fetch RPC completed in 8.6685ms
[2m2025-12-10T10:11:51.696777Z[0m [34mDEBUG[0m [2methereum_transaction_pool_monitor::eth_client[0m[2m:[0m ✅ Transaction 0xf04972bf6fba6eb9824357e4c0010742f23a39d757d7fb7f3c74225ddbde7e90 fetched and parsed in 77.583375ms
[2m2025-12-10T10:11:51.696805Z[0m [34mDEBUG[0m [2methereum_transaction_pool_monitor::mempool_monitor[0m[2m:[0m 🔍 Skipping tx 0xf04972bf6fba6eb9824357e4c0010742f23a39d757d7fb7f3c74225ddbde7e90 - not a DEX interaction (target: 0x2D01f4848a5391FD1c3cD52dd7A7476c9a8eDea1)
[2m2025-12-10T10:11:51.696814Z[0m [34mDEBUG[0m [2methereum_transaction_pool_monitor::mempool_monitor[0m[2m:[0m 📨 Processing new pending transaction: 0xdfca3574d0d770b8d42fe20c273d61ed03aeb0424fd826755877900a129a76c8
[2m2025-12-10T10:11:51.696820Z[0m [34mDEBUG[0m [2methereum_transaction_pool_monitor::mempool_monitor[0m[2m:[0m 🔍 Fetching transaction details for: 0xdfca3574d0d770b8d42fe20c273d61ed03aeb0424fd826755877900a129a76c8
[2m2025-12-10T10:11:51.696824Z[0m [34mDEBUG[0m [2methereum_transaction_pool_monitor::eth_client[0m[2m:[0m 🔍 Fetching transaction details for hash: 0xdfca3574d0d770b8d42fe20c273d61ed03aeb0424fd826755877900a129a76c8
[2m2025-12-10T10:11:51.696844Z[0m [34mDEBUG[0m [2mhyper::client::pool[0m[2m:[0m reuse idle connection for ("http", 192.168.0.14:8545)
[2m2025-12-10T10:11:51.696899Z[0m [34mDEBUG[0m [2mhyper::proto::h1::io[0m[2m:[0m flushed 250 bytes
[2m2025-12-10T10:11:51.698203Z[0m [34mDEBUG[0m [2mhyper::client::pool[0m[2m:[0m reuse idle connection for ("http", 192.168.0.14:8545)
[2m2025-12-10T10:11:51.698232Z[0m [34mDEBUG[0m [2mhyper::proto::h1::io[0m[2m:[0m flushed 172 bytes
[2m2025-12-10T10:11:51.701689Z[0m [34mDEBUG[0m [2mhyper::proto::h1::io[0m[2m:[0m parsed 4 headers
[2m2025-12-10T10:11:51.701711Z[0m [34mDEBUG[0m [2mhyper::proto::h1::conn[0m[2m:[0m incoming body is content-length (2116 bytes)
[2m2025-12-10T10:11:51.701753Z[0m [34mDEBUG[0m [2methereum_transaction_pool_monitor::eth_client[0m[2m:[0m 📡 Transaction fetch RPC completed in 4.92425ms
[2m2025-12-10T10:11:51.703752Z[0m [34mDEBUG[0m [2mhyper::proto::h1::conn[0m[2m:[0m incoming body completed
[2m2025-12-10T10:11:51.703782Z[0m [34mDEBUG[0m [2mhyper::client::pool[0m[2m:[0m pooling idle connection for ("http", 192.168.0.14:8545)
[2m2025-12-10T10:11:51.703814Z[0m [34mDEBUG[0m [2mhyper::proto::h1::io[0m[2m:[0m parsed 4 headers
[2m2025-12-10T10:11:51.703819Z[0m [34mDEBUG[0m [2mhyper::proto::h1::conn[0m[2m:[0m incoming body is content-length (45 bytes)
[2m2025-12-10T10:11:51.703824Z[0m [34mDEBUG[0m [2mhyper::proto::h1::conn[0m[2m:[0m incoming body completed
[2m2025-12-10T10:11:51.703842Z[0m [34mDEBUG[0m [2mhyper::client::pool[0m[2m:[0m pooling idle connection for ("http", 192.168.0.14:8545)
[2m2025-12-10T10:11:51.773683Z[0m [34mDEBUG[0m [2methereum_transaction_pool_monitor::eth_client[0m[2m:[0m ✅ Transaction 0xdfca3574d0d770b8d42fe20c273d61ed03aeb0424fd826755877900a129a76c8 fetched and parsed in 76.853042ms
[2m2025-12-10T10:11:51.773713Z[0m [34mDEBUG[0m [2methereum_transaction_pool_monitor::mempool_monitor[0m[2m:[0m 🔍 Skipping tx 0xdfca3574d0d770b8d42fe20c273d61ed03aeb0424fd826755877900a129a76c8 - not a DEX interaction (target: 0x589dEDbD617e0CBcB916A9223F4d1300c294236b)
[2m2025-12-10T10:11:51.798664Z[0m [34mDEBUG[0m [2mhyper::client::pool[0m[2m:[0m reuse idle connection for ("http", 192.168.0.14:8545)
[2m2025-12-10T10:11:51.798756Z[0m [34mDEBUG[0m [2mhyper::proto::h1::io[0m[2m:[0m flushed 172 bytes
[2m2025-12-10T10:11:51.803599Z[0m [34mDEBUG[0m [2mhyper::proto::h1::io[0m[2m:[0m parsed 4 headers
[2m2025-12-10T10:11:51.803625Z[0m [34mDEBUG[0m [2mhyper::proto::h1::conn[0m[2m:[0m incoming body is content-length (45 bytes)
[2m2025-12-10T10:11:51.803651Z[0m [34mDEBUG[0m [2mhyper::proto::h1::conn[0m[2m:[0m incoming body completed
[2m2025-12-10T10:11:51.803676Z[0m [34mDEBUG[0m [2mhyper::client::pool[0m[2m:[0m pooling idle connection for ("http", 192.168.0.14:8545)
[2m2025-12-10T10:11:51.898434Z[0m [34mDEBUG[0m [2mhyper::client::pool[0m[2m:[0m reuse idle connection for ("http", 192.168.0.14:8545)
[2m2025-12-10T10:11:51.898475Z[0m [34mDEBUG[0m [2mhyper::proto::h1::io[0m[2m:[0m flushed 172 bytes
[2m2025-12-10T10:11:51.901466Z[0m [34mDEBUG[0m [2mhyper::proto::h1::io[0m[2m:[0m parsed 4 headers
[2m2025-12-10T10:11:51.901475Z[0m [34mDEBUG[0m [2mhyper::proto::h1::conn[0m[2m:[0m incoming body is content-length (45 bytes)
[2m2025-12-10T10:11:51.901482Z[0m [34mDEBUG[0m [2mhyper::proto::h1::conn[0m[2m:[0m incoming body completed
[2m2025-12-10T10:11:51.901490Z[0m [34mDEBUG[0m [2mhyper::client::pool[0m[2m:[0m pooling idle connection for ("http", 192.168.0.14:8545)
[2m2025-12-10T10:11:51.922713Z[0m [34mDEBUG[0m [2methereum_transaction_pool_monitor::eth_client[0m[2m:[0m 📨 Received WebSocket message: {"jsonrpc":"2.0","method":"eth_subscription","params":{"subscription":"0xbed0a0851463e895960a451075a301a9","result":"0x1e21016da96ab490100eb787d2624080f61e004e3086bbc41daf8547709c025f"}}
[2m2025-12-10T10:11:51.922735Z[0m [34mDEBUG[0m [2methereum_transaction_pool_monitor::eth_client[0m[2m:[0m 📨 Received pending transaction: 0x1e21016da96ab490100eb787d2624080f61e004e3086bbc41daf8547709c025f
[2m2025-12-10T10:11:51.922746Z[0m [34mDEBUG[0m [2methereum_transaction_pool_monitor::mempool_monitor[0m[2m:[0m 📨 Processing new pending transaction: 0x1e21016da96ab490100eb787d2624080f61e004e3086bbc41daf8547709c025f
[2m2025-12-10T10:11:51.922753Z[0m [34mDEBUG[0m [2methereum_transaction_pool_monitor::mempool_monitor[0m[2m:[0m 🔍 Fetching transaction details for: 0x1e21016da96ab490100eb787d2624080f61e004e3086bbc41daf8547709c025f
[2m2025-12-10T10:11:51.922759Z[0m [34mDEBUG[0m [2methereum_transaction_pool_monitor::eth_client[0m[2m:[0m 🔍 Fetching transaction details for hash: 0x1e21016da96ab490100eb787d2624080f61e004e3086bbc41daf8547709c025f
[2m2025-12-10T10:11:51.922778Z[0m [34mDEBUG[0m [2mhyper::client::pool[0m[2m:[0m reuse idle connection for ("http", 192.168.0.14:8545)
[2m2025-12-10T10:11:51.922802Z[0m [34mDEBUG[0m [2mhyper::proto::h1::io[0m[2m:[0m flushed 250 bytes
[2m2025-12-10T10:11:51.932507Z[0m [34mDEBUG[0m [2mhyper::proto::h1::io[0m[2m:[0m parsed 4 headers
[2m2025-12-10T10:11:51.932518Z[0m [34mDEBUG[0m [2mhyper::proto::h1::conn[0m[2m:[0m incoming body is content-length (774 bytes)
[2m2025-12-10T10:11:51.932526Z[0m [34mDEBUG[0m [2mhyper::proto::h1::conn[0m[2m:[0m incoming body completed
[2m2025-12-10T10:11:51.932536Z[0m [34mDEBUG[0m [2mhyper::client::pool[0m[2m:[0m pooling idle connection for ("http", 192.168.0.14:8545)
[2m2025-12-10T10:11:51.932543Z[0m [34mDEBUG[0m [2methereum_transaction_pool_monitor::eth_client[0m[2m:[0m 📡 Transaction fetch RPC completed in 9.777708ms
[2m2025-12-10T10:11:52.004938Z[0m [34mDEBUG[0m [2methereum_transaction_pool_monitor::eth_client[0m[2m:[0m ✅ Transaction 0x1e21016da96ab490100eb787d2624080f61e004e3086bbc41daf8547709c025f fetched and parsed in 82.169958ms
[2m2025-12-10T10:11:52.004968Z[0m [34mDEBUG[0m [2methereum_transaction_pool_monitor::mempool_monitor[0m[2m:[0m 🔍 Skipping tx 0x1e21016da96ab490100eb787d2624080f61e004e3086bbc41daf8547709c025f - not a DEX interaction (target: 0xA0b86991c6218b36c1d19D4a2e9Eb0cE3606eB48)
[2m2025-12-10T10:11:52.005017Z[0m [34mDEBUG[0m [2mhyper::client::pool[0m[2m:[0m reuse idle connection for ("http", 192.168.0.14:8545)
[2m2025-12-10T10:11:52.005061Z[0m [34mDEBUG[0m [2mhyper::proto::h1::io[0m[2m:[0m flushed 172 bytes
[2m2025-12-10T10:11:52.009041Z[0m [34mDEBUG[0m [2mhyper::proto::h1::io[0m[2m:[0m parsed 4 headers
[2m2025-12-10T10:11:52.009049Z[0m [34mDEBUG[0m [2mhyper::proto::h1::conn[0m[2m:[0m incoming body is content-length (45 bytes)
[2m2025-12-10T10:11:52.009059Z[0m [34mDEBUG[0m [2mhyper::proto::h1::conn[0m[2m:[0m incoming body completed
[2m2025-12-10T10:11:52.009068Z[0m [34mDEBUG[0m [2mhyper::client::pool[0m[2m:[0m pooling idle connection for ("http", 192.168.0.14:8545)
[2m2025-12-10T10:11:52.035959Z[0m [34mDEBUG[0m [2methereum_transaction_pool_monitor::eth_client[0m[2m:[0m 📨 Received WebSocket message: {"jsonrpc":"2.0","method":"eth_subscription","params":{"subscription":"0xbed0a0851463e895960a451075a301a9","result":"0x45ea65383eed1a6f6c1af72bfcc81583b6f8b501ba4da61dfeed87dcfdb4ebb7"}}
[2m2025-12-10T10:11:52.035976Z[0m [34mDEBUG[0m [2methereum_transaction_pool_monitor::eth_client[0m[2m:[0m 📨 Received pending transaction: 0x45ea65383eed1a6f6c1af72bfcc81583b6f8b501ba4da61dfeed87dcfdb4ebb7
[2m2025-12-10T10:11:52.035984Z[0m [34mDEBUG[0m [2methereum_transaction_pool_monitor::mempool_monitor[0m[2m:[0m 📨 Processing new pending transaction: 0x45ea65383eed1a6f6c1af72bfcc81583b6f8b501ba4da61dfeed87dcfdb4ebb7
[2m2025-12-10T10:11:52.035989Z[0m [34mDEBUG[0m [2methereum_transaction_pool_monitor::mempool_monitor[0m[2m:[0m 🔍 Fetching transaction details for: 0x45ea65383eed1a6f6c1af72bfcc81583b6f8b501ba4da61dfeed87dcfdb4ebb7
[2m2025-12-10T10:11:52.035993Z[0m [34mDEBUG[0m [2methereum_transaction_pool_monitor::eth_client[0m[2m:[0m 🔍 Fetching transaction details for hash: 0x45ea65383eed1a6f6c1af72bfcc81583b6f8b501ba4da61dfeed87dcfdb4ebb7
[2m2025-12-10T10:11:52.036012Z[0m [34mDEBUG[0m [2mhyper::client::pool[0m[2m:[0m reuse idle connection for ("http", 192.168.0.14:8545)
[2m2025-12-10T10:11:52.036035Z[0m [34mDEBUG[0m [2mhyper::proto::h1::io[0m[2m:[0m flushed 250 bytes
[2m2025-12-10T10:11:52.041079Z[0m [34mDEBUG[0m [2mhyper::proto::h1::io[0m[2m:[0m parsed 4 headers
[2m2025-12-10T10:11:52.041091Z[0m [34mDEBUG[0m [2mhyper::proto::h1::conn[0m[2m:[0m incoming body is content-length (644 bytes)
[2m2025-12-10T10:11:52.041099Z[0m [34mDEBUG[0m [2mhyper::proto::h1::conn[0m[2m:[0m incoming body completed
[2m2025-12-10T10:11:52.041109Z[0m [34mDEBUG[0m [2mhyper::client::pool[0m[2m:[0m pooling idle connection for ("http", 192.168.0.14:8545)
[2m2025-12-10T10:11:52.041116Z[0m [34mDEBUG[0m [2methereum_transaction_pool_monitor::eth_client[0m[2m:[0m 📡 Transaction fetch RPC completed in 5.118459ms
[2m2025-12-10T10:11:52.112525Z[0m [34mDEBUG[0m [2methereum_transaction_pool_monitor::eth_client[0m[2m:[0m ✅ Transaction 0x45ea65383eed1a6f6c1af72bfcc81583b6f8b501ba4da61dfeed87dcfdb4ebb7 fetched and parsed in 76.524792ms
[2m2025-12-10T10:11:52.112557Z[0m [34mDEBUG[0m [2methereum_transaction_pool_monitor::mempool_monitor[0m[2m:[0m 🔍 Skipping tx 0x45ea65383eed1a6f6c1af72bfcc81583b6f8b501ba4da61dfeed87dcfdb4ebb7 - not a DEX interaction (target: 0x17E5545B11b468072283Cee1F066a059Fb0dbF24)
[2m2025-12-10T10:11:52.112638Z[0m [34mDEBUG[0m [2mhyper::client::pool[0m[2m:[0m reuse idle connection for ("http", 192.168.0.14:8545)
[2m2025-12-10T10:11:52.112665Z[0m [34mDEBUG[0m [2mhyper::proto::h1::io[0m[2m:[0m flushed 172 bytes
[2m2025-12-10T10:11:52.119544Z[0m [34mDEBUG[0m [2mhyper::proto::h1::io[0m[2m:[0m parsed 4 headers
[2m2025-12-10T10:11:52.119549Z[0m [34mDEBUG[0m [2mhyper::proto::h1::conn[0m[2m:[0m incoming body is content-length (45 bytes)
[2m2025-12-10T10:11:52.119558Z[0m [34mDEBUG[0m [2mhyper::proto::h1::conn[0m[2m:[0m incoming body completed
[2m2025-12-10T10:11:52.119568Z[0m [34mDEBUG[0m [2mhyper::client::pool[0m[2m:[0m pooling idle connection for ("http", 192.168.0.14:8545)
[2m2025-12-10T10:11:52.186633Z[0m [34mDEBUG[0m [2methereum_transaction_pool_monitor::eth_client[0m[2m:[0m 📨 Received WebSocket message: {"jsonrpc":"2.0","method":"eth_subscription","params":{"subscription":"0xbed0a0851463e895960a451075a301a9","result":"0xac4ecd1fa9a055b6e76d74108f71132ff85f25bf26c21e8872b85eb29d81a24f"}}
[2m2025-12-10T10:11:52.186835Z[0m [34mDEBUG[0m [2methereum_transaction_pool_monitor::eth_client[0m[2m:[0m 📨 Received pending transaction: 0xac4ecd1fa9a055b6e76d74108f71132ff85f25bf26c21e8872b85eb29d81a24f
[2m2025-12-10T10:11:52.186843Z[0m [34mDEBUG[0m [2methereum_transaction_pool_monitor::mempool_monitor[0m[2m:[0m 📨 Processing new pending transaction: 0xac4ecd1fa9a055b6e76d74108f71132ff85f25bf26c21e8872b85eb29d81a24f
[2m2025-12-10T10:11:52.186848Z[0m [34mDEBUG[0m [2methereum_transaction_pool_monitor::mempool_monitor[0m[2m:[0m 🔍 Fetching transaction details for: 0xac4ecd1fa9a055b6e76d74108f71132ff85f25bf26c21e8872b85eb29d81a24f
[2m2025-12-10T10:11:52.186851Z[0m [34mDEBUG[0m [2methereum_transaction_pool_monitor::eth_client[0m[2m:[0m 🔍 Fetching transaction details for hash: 0xac4ecd1fa9a055b6e76d74108f71132ff85f25bf26c21e8872b85eb29d81a24f
[2m2025-12-10T10:11:52.186868Z[0m [34mDEBUG[0m [2mhyper::client::pool[0m[2m:[0m reuse idle connection for ("http", 192.168.0.14:8545)
[2m2025-12-10T10:11:52.186887Z[0m [34mDEBUG[0m [2mhyper::proto::h1::io[0m[2m:[0m flushed 250 bytes
[2m2025-12-10T10:11:52.196410Z[0m [34mDEBUG[0m [2mhyper::proto::h1::io[0m[2m:[0m parsed 4 headers
[2m2025-12-10T10:11:52.196421Z[0m [34mDEBUG[0m [2mhyper::proto::h1::conn[0m[2m:[0m incoming body is content-length (772 bytes)
[2m2025-12-10T10:11:52.196429Z[0m [34mDEBUG[0m [2mhyper::proto::h1::conn[0m[2m:[0m incoming body completed
[2m2025-12-10T10:11:52.196441Z[0m [34mDEBUG[0m [2mhyper::client::pool[0m[2m:[0m pooling idle connection for ("http", 192.168.0.14:8545)
[2m2025-12-10T10:11:52.196449Z[0m [34mDEBUG[0m [2methereum_transaction_pool_monitor::eth_client[0m[2m:[0m 📡 Transaction fetch RPC completed in 9.593834ms
[2m2025-12-10T10:11:52.270381Z[0m [34mDEBUG[0m [2methereum_transaction_pool_monitor::eth_client[0m[2m:[0m ✅ Transaction 0xac4ecd1fa9a055b6e76d74108f71132ff85f25bf26c21e8872b85eb29d81a24f fetched and parsed in 83.521667ms
[2m2025-12-10T10:11:52.270413Z[0m [34mDEBUG[0m [2methereum_transaction_pool_monitor::mempool_monitor[0m[2m:[0m 🔍 Skipping tx 0xac4ecd1fa9a055b6e76d74108f71132ff85f25bf26c21e8872b85eb29d81a24f - not a DEX interaction (target: 0xA0b86991c6218b36c1d19D4a2e9Eb0cE3606eB48)
[2m2025-12-10T10:11:52.270674Z[0m [34mDEBUG[0m [2mhyper::client::pool[0m[2m:[0m reuse idle connection for ("http", 192.168.0.14:8545)
[2m2025-12-10T10:11:52.270724Z[0m [34mDEBUG[0m [2mhyper::proto::h1::io[0m[2m:[0m flushed 172 bytes
[2m2025-12-10T10:11:52.274593Z[0m [34mDEBUG[0m [2mhyper::proto::h1::io[0m[2m:[0m parsed 4 headers
[2m2025-12-10T10:11:52.274610Z[0m [34mDEBUG[0m [2mhyper::proto::h1::conn[0m[2m:[0m incoming body is content-length (45 bytes)
[2m2025-12-10T10:11:52.274619Z[0m [34mDEBUG[0m [2mhyper::proto::h1::conn[0m[2m:[0m incoming body completed
[2m2025-12-10T10:11:52.274630Z[0m [34mDEBUG[0m [2mhyper::client::pool[0m[2m:[0m pooling idle connection for ("http", 192.168.0.14:8545)
[2m2025-12-10T10:11:52.287506Z[0m [34mDEBUG[0m [2methereum_transaction_pool_monitor::eth_client[0m[2m:[0m 📨 Received WebSocket message: {"jsonrpc":"2.0","method":"eth_subscription","params":{"subscription":"0xbed0a0851463e895960a451075a301a9","result":"0xb7c2e3ba7ae0ca198015a02384bb5bf9e37c6aa52cfe0e3cbf3c51e81423a069"}}
[2m2025-12-10T10:11:52.287516Z[0m [34mDEBUG[0m [2methereum_transaction_pool_monitor::eth_client[0m[2m:[0m 📨 Received pending transaction: 0xb7c2e3ba7ae0ca198015a02384bb5bf9e37c6aa52cfe0e3cbf3c51e81423a069
[2m2025-12-10T10:11:52.287523Z[0m [34mDEBUG[0m [2methereum_transaction_pool_monitor::mempool_monitor[0m[2m:[0m 📨 Processing new pending transaction: 0xb7c2e3ba7ae0ca198015a02384bb5bf9e37c6aa52cfe0e3cbf3c51e81423a069
[2m2025-12-10T10:11:52.287528Z[0m [34mDEBUG[0m [2methereum_transaction_pool_monitor::mempool_monitor[0m[2m:[0m 🔍 Fetching transaction details for: 0xb7c2e3ba7ae0ca198015a02384bb5bf9e37c6aa52cfe0e3cbf3c51e81423a069
[2m2025-12-10T10:11:52.287532Z[0m [34mDEBUG[0m [2methereum_transaction_pool_monitor::eth_client[0m[2m:[0m 🔍 Fetching transaction details for hash: 0xb7c2e3ba7ae0ca198015a02384bb5bf9e37c6aa52cfe0e3cbf3c51e81423a069
[2m2025-12-10T10:11:52.287546Z[0m [34mDEBUG[0m [2mhyper::client::pool[0m[2m:[0m reuse idle connection for ("http", 192.168.0.14:8545)
[2m2025-12-10T10:11:52.287562Z[0m [34mDEBUG[0m [2mhyper::proto::h1::io[0m[2m:[0m flushed 250 bytes
[2m2025-12-10T10:11:52.292000Z[0m [34mDEBUG[0m [2mhyper::proto::h1::io[0m[2m:[0m parsed 4 headers
[2m2025-12-10T10:11:52.292031Z[0m [34mDEBUG[0m [2mhyper::proto::h1::conn[0m[2m:[0m incoming body is content-length (770 bytes)
[2m2025-12-10T10:11:52.292043Z[0m [34mDEBUG[0m [2mhyper::proto::h1::conn[0m[2m:[0m incoming body completed
[2m2025-12-10T10:11:52.292071Z[0m [34mDEBUG[0m [2mhyper::client::pool[0m[2m:[0m pooling idle connection for ("http", 192.168.0.14:8545)
[2m2025-12-10T10:11:52.292078Z[0m [34mDEBUG[0m [2methereum_transaction_pool_monitor::eth_client[0m[2m:[0m 📡 Transaction fetch RPC completed in 4.542125ms
[2m2025-12-10T10:11:52.292095Z[0m [34mDEBUG[0m [2methereum_transaction_pool_monitor::eth_client[0m[2m:[0m DeFi transaction detected - Address: 0xdac17f958d2ee523a2206206994597c13d831ec7, Type: Stablecoin, Value: 0 ETH, Gas: 0.20 Gwei
[2m2025-12-10T10:11:52.292110Z[0m [34mDEBUG[0m [2methereum_transaction_pool_monitor::eth_client[0m[2m:[0m ✅ Transaction 0xb7c2e3ba7ae0ca198015a02384bb5bf9e37c6aa52cfe0e3cbf3c51e81423a069 fetched and parsed in 4.574083ms
[2m2025-12-10T10:11:52.292116Z[0m [34mDEBUG[0m [2methereum_transaction_pool_monitor::mempool_monitor[0m[2m:[0m 🔍 Skipping tx 0xb7c2e3ba7ae0ca198015a02384bb5bf9e37c6aa52cfe0e3cbf3c51e81423a069 - not a DEX interaction (target: 0xdAC17F958D2ee523a2206206994597C13D831ec7)
[2m2025-12-10T10:11:52.298421Z[0m [34mDEBUG[0m [2mhyper::client::pool[0m[2m:[0m reuse idle connection for ("http", 192.168.0.14:8545)
[2m2025-12-10T10:11:52.298502Z[0m [34mDEBUG[0m [2mhyper::proto::h1::io[0m[2m:[0m flushed 172 bytes
[2m2025-12-10T10:11:52.303041Z[0m [34mDEBUG[0m [2mhyper::proto::h1::io[0m[2m:[0m parsed 4 headers
[2m2025-12-10T10:11:52.303049Z[0m [34mDEBUG[0m [2mhyper::proto::h1::conn[0m[2m:[0m incoming body is content-length (45 bytes)
[2m2025-12-10T10:11:52.303055Z[0m [34mDEBUG[0m [2mhyper::proto::h1::conn[0m[2m:[0m incoming body completed
[2m2025-12-10T10:11:52.303061Z[0m [34mDEBUG[0m [2mhyper::client::pool[0m[2m:[0m pooling idle connection for ("http", 192.168.0.14:8545)
[2m2025-12-10T10:11:52.399122Z[0m [34mDEBUG[0m [2mhyper::client::pool[0m[2m:[0m reuse idle connection for ("http", 192.168.0.14:8545)
[2m2025-12-10T10:11:52.399200Z[0m [34mDEBUG[0m [2mhyper::proto::h1::io[0m[2m:[0m flushed 172 bytes
[2m2025-12-10T10:11:52.403566Z[0m [34mDEBUG[0m [2mhyper::proto::h1::io[0m[2m:[0m parsed 4 headers
[2m2025-12-10T10:11:52.403592Z[0m [34mDEBUG[0m [2mhyper::proto::h1::conn[0m[2m:[0m incoming body is content-length (45 bytes)
[2m2025-12-10T10:11:52.403606Z[0m [34mDEBUG[0m [2mhyper::proto::h1::conn[0m[2m:[0m incoming body completed
[2m2025-12-10T10:11:52.403624Z[0m [34mDEBUG[0m [2mhyper::client::pool[0m[2m:[0m pooling idle connection for ("http", 192.168.0.14:8545)
[2m2025-12-10T10:11:52.499779Z[0m [34mDEBUG[0m [2mhyper::client::pool[0m[2m:[0m reuse idle connection for ("http", 192.168.0.14:8545)
[2m2025-12-10T10:11:52.499974Z[0m [34mDEBUG[0m [2mhyper::proto::h1::io[0m[2m:[0m flushed 172 bytes
[2m2025-12-10T10:11:52.502802Z[0m [34mDEBUG[0m [2mhyper::proto::h1::io[0m[2m:[0m parsed 4 headers
[2m2025-12-10T10:11:52.502843Z[0m [34mDEBUG[0m [2mhyper::proto::h1::conn[0m[2m:[0m incoming body is content-length (45 bytes)
[2m2025-12-10T10:11:52.502888Z[0m [34mDEBUG[0m [2mhyper::proto::h1::conn[0m[2m:[0m incoming body completed
[2m2025-12-10T10:11:52.502932Z[0m [34mDEBUG[0m [2mhyper::client::pool[0m[2m:[0m pooling idle connection for ("http", 192.168.0.14:8545)
[2m2025-12-10T10:11:52.515282Z[0m [34mDEBUG[0m [2methereum_transaction_pool_monitor::eth_client[0m[2m:[0m 📨 Received WebSocket message: {"jsonrpc":"2.0","method":"eth_subscription","params":{"subscription":"0xbed0a0851463e895960a451075a301a9","result":"0xf393261311c3ad51092a042286793f550cf42340496e0ff5a37dd26204138a8e"}}
[2m2025-12-10T10:11:52.515363Z[0m [34mDEBUG[0m [2methereum_transaction_pool_monitor::eth_client[0m[2m:[0m 📨 Received pending transaction: 0xf393261311c3ad51092a042286793f550cf42340496e0ff5a37dd26204138a8e
[2m2025-12-10T10:11:52.515400Z[0m [34mDEBUG[0m [2methereum_transaction_pool_monitor::mempool_monitor[0m[2m:[0m 📨 Processing new pending transaction: 0xf393261311c3ad51092a042286793f550cf42340496e0ff5a37dd26204138a8e
[2m2025-12-10T10:11:52.515424Z[0m [34mDEBUG[0m [2methereum_transaction_pool_monitor::mempool_monitor[0m[2m:[0m 🔍 Fetching transaction details for: 0xf393261311c3ad51092a042286793f550cf42340496e0ff5a37dd26204138a8e
[2m2025-12-10T10:11:52.515443Z[0m [34mDEBUG[0m [2methereum_transaction_pool_monitor::eth_client[0m[2m:[0m 🔍 Fetching transaction details for hash: 0xf393261311c3ad51092a042286793f550cf42340496e0ff5a37dd26204138a8e
[2m2025-12-10T10:11:52.515525Z[0m [34mDEBUG[0m [2mhyper::client::pool[0m[2m:[0m reuse idle connection for ("http", 192.168.0.14:8545)
[2m2025-12-10T10:11:52.515617Z[0m [34mDEBUG[0m [2mhyper::proto::h1::io[0m[2m:[0m flushed 250 bytes
[2m2025-12-10T10:11:52.524184Z[0m [34mDEBUG[0m [2mhyper::proto::h1::io[0m[2m:[0m parsed 4 headers
[2m2025-12-10T10:11:52.524221Z[0m [34mDEBUG[0m [2mhyper::proto::h1::conn[0m[2m:[0m incoming body is content-length (678 bytes)
[2m2025-12-10T10:11:52.524250Z[0m [34mDEBUG[0m [2mhyper::proto::h1::conn[0m[2m:[0m incoming body completed
[2m2025-12-10T10:11:52.524281Z[0m [34mDEBUG[0m [2mhyper::client::pool[0m[2m:[0m pooling idle connection for ("http", 192.168.0.14:8545)
[2m2025-12-10T10:11:52.524306Z[0m [34mDEBUG[0m [2methereum_transaction_pool_monitor::eth_client[0m[2m:[0m 📡 Transaction fetch RPC completed in 8.844459ms
[2m2025-12-10T10:11:52.524356Z[0m [34mDEBUG[0m [2methereum_transaction_pool_monitor::eth_client[0m[2m:[0m DeFi transaction detected - Address: 0xdac17f958d2ee523a2206206994597c13d831ec7, Type: Stablecoin, Value: 0 ETH, Gas: 0.18 Gwei
[2m2025-12-10T10:11:52.524395Z[0m [34mDEBUG[0m [2methereum_transaction_pool_monitor::eth_client[0m[2m:[0m ✅ Transaction 0xf393261311c3ad51092a042286793f550cf42340496e0ff5a37dd26204138a8e fetched and parsed in 8.93275ms
[2m2025-12-10T10:11:52.524414Z[0m [34mDEBUG[0m [2methereum_transaction_pool_monitor::mempool_monitor[0m[2m:[0m 🔍 Skipping tx 0xf393261311c3ad51092a042286793f550cf42340496e0ff5a37dd26204138a8e - not a DEX interaction (target: 0xdAC17F958D2ee523a2206206994597C13D831ec7)
[2m2025-12-10T10:11:52.598508Z[0m [34mDEBUG[0m [2mhyper::client::pool[0m[2m:[0m reuse idle connection for ("http", 192.168.0.14:8545)
[2m2025-12-10T10:11:52.598740Z[0m [34mDEBUG[0m [2mhyper::proto::h1::io[0m[2m:[0m flushed 172 bytes
[2m2025-12-10T10:11:52.604207Z[0m [34mDEBUG[0m [2mhyper::proto::h1::io[0m[2m:[0m parsed 4 headers
[2m2025-12-10T10:11:52.604284Z[0m [34mDEBUG[0m [2mhyper::proto::h1::conn[0m[2m:[0m incoming body is content-length (45 bytes)
[2m2025-12-10T10:11:52.604316Z[0m [34mDEBUG[0m [2mhyper::proto::h1::conn[0m[2m:[0m incoming body completed
[2m2025-12-10T10:11:52.604354Z[0m [34mDEBUG[0m [2mhyper::client::pool[0m[2m:[0m pooling idle connection for ("http", 192.168.0.14:8545)
[2m2025-12-10T10:11:52.699174Z[0m [34mDEBUG[0m [2mhyper::client::pool[0m[2m:[0m reuse idle connection for ("http", 192.168.0.14:8545)
[2m2025-12-10T10:11:52.699384Z[0m [34mDEBUG[0m [2mhyper::proto::h1::io[0m[2m:[0m flushed 172 bytes
[2m2025-12-10T10:11:52.721742Z[0m [34mDEBUG[0m [2mhyper::proto::h1::io[0m[2m:[0m parsed 4 headers
[2m2025-12-10T10:11:52.721796Z[0m [34mDEBUG[0m [2mhyper::proto::h1::conn[0m[2m:[0m incoming body is content-length (45 bytes)
[2m2025-12-10T10:11:52.721840Z[0m [34mDEBUG[0m [2mhyper::proto::h1::conn[0m[2m:[0m incoming body completed
[2m2025-12-10T10:11:52.721891Z[0m [34mDEBUG[0m [2mhyper::client::pool[0m[2m:[0m pooling idle connection for ("http", 192.168.0.14:8545)
[2m2025-12-10T10:11:52.798397Z[0m [34mDEBUG[0m [2mhyper::client::pool[0m[2m:[0m reuse idle connection for ("http", 192.168.0.14:8545)
[2m2025-12-10T10:11:52.798566Z[0m [34mDEBUG[0m [2mhyper::proto::h1::io[0m[2m:[0m flushed 172 bytes
[2m2025-12-10T10:11:52.801589Z[0m [34mDEBUG[0m [2mhyper::proto::h1::io[0m[2m:[0m parsed 4 headers
[2m2025-12-10T10:11:52.801629Z[0m [34mDEBUG[0m [2mhyper::proto::h1::conn[0m[2m:[0m incoming body is content-length (45 bytes)
[2m2025-12-10T10:11:52.801671Z[0m [34mDEBUG[0m [2mhyper::proto::h1::conn[0m[2m:[0m incoming body completed
[2m2025-12-10T10:11:52.801717Z[0m [34mDEBUG[0m [2mhyper::client::pool[0m[2m:[0m pooling idle connection for ("http", 192.168.0.14:8545)
[2m2025-12-10T10:11:52.847545Z[0m [34mDEBUG[0m [2methereum_transaction_pool_monitor::eth_client[0m[2m:[0m 📨 Received WebSocket message: {"jsonrpc":"2.0","method":"eth_subscription","params":{"subscription":"0xbed0a0851463e895960a451075a301a9","result":"0x21068959725b2594e9a7694be21ebfa094f6bb9462436070f8f38fce6f763c66"}}
[2m2025-12-10T10:11:52.847608Z[0m [34mDEBUG[0m [2methereum_transaction_pool_monitor::eth_client[0m[2m:[0m 📨 Received pending transaction: 0x21068959725b2594e9a7694be21ebfa094f6bb9462436070f8f38fce6f763c66
[2m2025-12-10T10:11:52.847632Z[0m [34mDEBUG[0m [2methereum_transaction_pool_monitor::mempool_monitor[0m[2m:[0m 📨 Processing new pending transaction: 0x21068959725b2594e9a7694be21ebfa094f6bb9462436070f8f38fce6f763c66
[2m2025-12-10T10:11:52.847644Z[0m [34mDEBUG[0m [2methereum_transaction_pool_monitor::mempool_monitor[0m[2m:[0m 🔍 Fetching transaction details for: 0x21068959725b2594e9a7694be21ebfa094f6bb9462436070f8f38fce6f763c66
[2m2025-12-10T10:11:52.847655Z[0m [34mDEBUG[0m [2methereum_transaction_pool_monitor::eth_client[0m[2m:[0m 🔍 Fetching transaction details for hash: 0x21068959725b2594e9a7694be21ebfa094f6bb9462436070f8f38fce6f763c66
[2m2025-12-10T10:11:52.847717Z[0m [34mDEBUG[0m [2mhyper::client::pool[0m[2m:[0m reuse idle connection for ("http", 192.168.0.14:8545)
[2m2025-12-10T10:11:52.847786Z[0m [34mDEBUG[0m [2mhyper::proto::h1::io[0m[2m:[0m flushed 250 bytes
[2m2025-12-10T10:11:52.857037Z[0m [34mDEBUG[0m [2mhyper::proto::h1::io[0m[2m:[0m parsed 4 headers
[2m2025-12-10T10:11:52.857064Z[0m [34mDEBUG[0m [2mhyper::proto::h1::conn[0m[2m:[0m incoming body is content-length (769 bytes)
[2m2025-12-10T10:11:52.857083Z[0m [34mDEBUG[0m [2mhyper::proto::h1::conn[0m[2m:[0m incoming body completed
[2m2025-12-10T10:11:52.857105Z[0m [34mDEBUG[0m [2mhyper::client::pool[0m[2m:[0m pooling idle connection for ("http", 192.168.0.14:8545)
[2m2025-12-10T10:11:52.857119Z[0m [34mDEBUG[0m [2methereum_transaction_pool_monitor::eth_client[0m[2m:[0m 📡 Transaction fetch RPC completed in 9.453542ms
[2m2025-12-10T10:11:52.857154Z[0m [34mDEBUG[0m [2methereum_transaction_pool_monitor::eth_client[0m[2m:[0m DeFi transaction detected - Address: 0xdac17f958d2ee523a2206206994597c13d831ec7, Type: Stablecoin, Value: 0 ETH, Gas: 0.25 Gwei
[2m2025-12-10T10:11:52.857186Z[0m [34mDEBUG[0m [2methereum_transaction_pool_monitor::eth_client[0m[2m:[0m ✅ Transaction 0x21068959725b2594e9a7694be21ebfa094f6bb9462436070f8f38fce6f763c66 fetched and parsed in 9.521083ms
[2m2025-12-10T10:11:52.857205Z[0m [34mDEBUG[0m [2methereum_transaction_pool_monitor::mempool_monitor[0m[2m:[0m 🔍 Skipping tx 0x21068959725b2594e9a7694be21ebfa094f6bb9462436070f8f38fce6f763c66 - not a DEX interaction (target: 0xdAC17F958D2ee523a2206206994597C13D831ec7)
[2m2025-12-10T10:11:52.898953Z[0m [34mDEBUG[0m [2mhyper::client::pool[0m[2m:[0m reuse idle connection for ("http", 192.168.0.14:8545)
[2m2025-12-10T10:11:52.899023Z[0m [34mDEBUG[0m [2mhyper::proto::h1::io[0m[2m:[0m flushed 172 bytes
[2m2025-12-10T10:11:52.901974Z[0m [34mDEBUG[0m [2mhyper::proto::h1::io[0m[2m:[0m parsed 4 headers
[2m2025-12-10T10:11:52.901984Z[0m [34mDEBUG[0m [2mhyper::proto::h1::conn[0m[2m:[0m incoming body is content-length (45 bytes)
[2m2025-12-10T10:11:52.901996Z[0m [34mDEBUG[0m [2mhyper::proto::h1::conn[0m[2m:[0m incoming body completed
[2m2025-12-10T10:11:52.902008Z[0m [34mDEBUG[0m [2mhyper::client::pool[0m[2m:[0m pooling idle connection for ("http", 192.168.0.14:8545)
[2m2025-12-10T10:11:52.918978Z[0m [34mDEBUG[0m [2methereum_transaction_pool_monitor::eth_client[0m[2m:[0m 📨 Received WebSocket message: {"jsonrpc":"2.0","method":"eth_subscription","params":{"subscription":"0xbed0a0851463e895960a451075a301a9","result":"0xd005827ee5a2c4f7b2580a16b66f4fa13b7ee5000efdec443f765758887e7267"}}
[2m2025-12-10T10:11:52.918989Z[0m [34mDEBUG[0m [2methereum_transaction_pool_monitor::eth_client[0m[2m:[0m 📨 Received pending transaction: 0xd005827ee5a2c4f7b2580a16b66f4fa13b7ee5000efdec443f765758887e7267
[2m2025-12-10T10:11:52.918998Z[0m [34mDEBUG[0m [2methereum_transaction_pool_monitor::mempool_monitor[0m[2m:[0m 📨 Processing new pending transaction: 0xd005827ee5a2c4f7b2580a16b66f4fa13b7ee5000efdec443f765758887e7267
[2m2025-12-10T10:11:52.919004Z[0m [34mDEBUG[0m [2methereum_transaction_pool_monitor::mempool_monitor[0m[2m:[0m 🔍 Fetching transaction details for: 0xd005827ee5a2c4f7b2580a16b66f4fa13b7ee5000efdec443f765758887e7267
[2m2025-12-10T10:11:52.919009Z[0m [34mDEBUG[0m [2methereum_transaction_pool_monitor::eth_client[0m[2m:[0m 🔍 Fetching transaction details for hash: 0xd005827ee5a2c4f7b2580a16b66f4fa13b7ee5000efdec443f765758887e7267
[2m2025-12-10T10:11:52.919025Z[0m [34mDEBUG[0m [2mhyper::client::pool[0m[2m:[0m reuse idle connection for ("http", 192.168.0.14:8545)
[2m2025-12-10T10:11:52.919040Z[0m [34mDEBUG[0m [2mhyper::proto::h1::io[0m[2m:[0m flushed 250 bytes
[2m2025-12-10T10:11:52.925055Z[0m [34mDEBUG[0m [2mhyper::proto::h1::io[0m[2m:[0m parsed 4 headers
[2m2025-12-10T10:11:52.925062Z[0m [34mDEBUG[0m [2mhyper::proto::h1::conn[0m[2m:[0m incoming body is content-length (644 bytes)
[2m2025-12-10T10:11:52.925249Z[0m [34mDEBUG[0m [2mhyper::proto::h1::conn[0m[2m:[0m incoming body completed
[2m2025-12-10T10:11:52.925259Z[0m [34mDEBUG[0m [2mhyper::client::pool[0m[2m:[0m pooling idle connection for ("http", 192.168.0.14:8545)
[2m2025-12-10T10:11:52.925266Z[0m [34mDEBUG[0m [2methereum_transaction_pool_monitor::eth_client[0m[2m:[0m 📡 Transaction fetch RPC completed in 6.250166ms
[2m2025-12-10T10:11:52.997947Z[0m [34mDEBUG[0m [2methereum_transaction_pool_monitor::eth_client[0m[2m:[0m ✅ Transaction 0xd005827ee5a2c4f7b2580a16b66f4fa13b7ee5000efdec443f765758887e7267 fetched and parsed in 78.928375ms
[2m2025-12-10T10:11:52.997975Z[0m [34mDEBUG[0m [2methereum_transaction_pool_monitor::mempool_monitor[0m[2m:[0m 🔍 Skipping tx 0xd005827ee5a2c4f7b2580a16b66f4fa13b7ee5000efdec443f765758887e7267 - not a DEX interaction (target: 0xA26148AE51fa8E787DF319C04137602Cc018b521)
[2m2025-12-10T10:11:52.998018Z[0m [34mDEBUG[0m [2mhyper::client::pool[0m[2m:[0m reuse idle connection for ("http", 192.168.0.14:8545)
[2m2025-12-10T10:11:52.998033Z[0m [34mDEBUG[0m [2methereum_transaction_pool_monitor::eth_client[0m[2m:[0m 📨 Received WebSocket message: {"jsonrpc":"2.0","method":"eth_subscription","params":{"subscription":"0xbed0a0851463e895960a451075a301a9","result":"0x7ee9f92d31fe1730366de6efe0dd7f9ebead1a6dd0f2447d8086ca1c66600718"}}
[2m2025-12-10T10:11:52.998045Z[0m [34mDEBUG[0m [2methereum_transaction_pool_monitor::eth_client[0m[2m:[0m 📨 Received pending transaction: 0x7ee9f92d31fe1730366de6efe0dd7f9ebead1a6dd0f2447d8086ca1c66600718
[2m2025-12-10T10:11:52.998048Z[0m [34mDEBUG[0m [2mhyper::proto::h1::io[0m[2m:[0m flushed 172 bytes
[2m2025-12-10T10:11:52.998054Z[0m [34mDEBUG[0m [2methereum_transaction_pool_monitor::mempool_monitor[0m[2m:[0m 📨 Processing new pending transaction: 0x7ee9f92d31fe1730366de6efe0dd7f9ebead1a6dd0f2447d8086ca1c66600718
[2m2025-12-10T10:11:52.998062Z[0m [34mDEBUG[0m [2methereum_transaction_pool_monitor::mempool_monitor[0m[2m:[0m 🔍 Fetching transaction details for: 0x7ee9f92d31fe1730366de6efe0dd7f9ebead1a6dd0f2447d8086ca1c66600718
[2m2025-12-10T10:11:52.998067Z[0m [34mDEBUG[0m [2methereum_transaction_pool_monitor::eth_client[0m[2m:[0m 🔍 Fetching transaction details for hash: 0x7ee9f92d31fe1730366de6efe0dd7f9ebead1a6dd0f2447d8086ca1c66600718
[2m2025-12-10T10:11:52.998079Z[0m [34mDEBUG[0m [2mhyper::client::pool[0m[2m:[0m reuse idle connection for ("http", 192.168.0.14:8545)
[2m2025-12-10T10:11:52.998094Z[0m [34mDEBUG[0m [2mhyper::proto::h1::io[0m[2m:[0m flushed 250 bytes
[2m2025-12-10T10:11:53.006757Z[0m [34mDEBUG[0m [2mhyper::proto::h1::io[0m[2m:[0m parsed 4 headers
[2m2025-12-10T10:11:53.006780Z[0m [34mDEBUG[0m [2mhyper::proto::h1::conn[0m[2m:[0m incoming body is content-length (45 bytes)
[2m2025-12-10T10:11:53.006805Z[0m [34mDEBUG[0m [2mhyper::proto::h1::conn[0m[2m:[0m incoming body completed
[2m2025-12-10T10:11:53.006815Z[0m [34mDEBUG[0m [2mhyper::client::pool[0m[2m:[0m pooling idle connection for ("http", 192.168.0.14:8545)
[2m2025-12-10T10:11:53.010725Z[0m [34mDEBUG[0m [2mhyper::proto::h1::io[0m[2m:[0m parsed 4 headers
[2m2025-12-10T10:11:53.010758Z[0m [34mDEBUG[0m [2mhyper::proto::h1::conn[0m[2m:[0m incoming body is content-length (1731 bytes)
[2m2025-12-10T10:11:53.010765Z[0m [34mDEBUG[0m [2mhyper::proto::h1::conn[0m[2m:[0m incoming body completed
[2m2025-12-10T10:11:53.010772Z[0m [34mDEBUG[0m [2mhyper::client::pool[0m[2m:[0m pooling idle connection for ("http", 192.168.0.14:8545)
[2m2025-12-10T10:11:53.010787Z[0m [34mDEBUG[0m [2methereum_transaction_pool_monitor::eth_client[0m[2m:[0m 📡 Transaction fetch RPC completed in 12.713083ms
[2m2025-12-10T10:11:53.082308Z[0m [34mDEBUG[0m [2methereum_transaction_pool_monitor::eth_client[0m[2m:[0m ✅ Transaction 0x7ee9f92d31fe1730366de6efe0dd7f9ebead1a6dd0f2447d8086ca1c66600718 fetched and parsed in 84.231833ms
[2m2025-12-10T10:11:53.082340Z[0m [34mDEBUG[0m [2methereum_transaction_pool_monitor::mempool_monitor[0m[2m:[0m 🔍 Skipping tx 0x7ee9f92d31fe1730366de6efe0dd7f9ebead1a6dd0f2447d8086ca1c66600718 - not a DEX interaction (target: 0x601a2aD6CB5949f0529735254189Ba3194221EDF)
[2m2025-12-10T10:11:53.099399Z[0m [34mDEBUG[0m [2mhyper::client::pool[0m[2m:[0m reuse idle connection for ("http", 192.168.0.14:8545)
[2m2025-12-10T10:11:53.099426Z[0m [34mDEBUG[0m [2mhyper::proto::h1::io[0m[2m:[0m flushed 172 bytes
[2m2025-12-10T10:11:53.103065Z[0m [34mDEBUG[0m [2mhyper::proto::h1::io[0m[2m:[0m parsed 4 headers
[2m2025-12-10T10:11:53.103087Z[0m [34mDEBUG[0m [2mhyper::proto::h1::conn[0m[2m:[0m incoming body is content-length (45 bytes)
[2m2025-12-10T10:11:53.103109Z[0m [34mDEBUG[0m [2mhyper::proto::h1::conn[0m[2m:[0m incoming body completed
[2m2025-12-10T10:11:53.103124Z[0m [34mDEBUG[0m [2mhyper::client::pool[0m[2m:[0m pooling idle connection for ("http", 192.168.0.14:8545)
[2m2025-12-10T10:11:53.199216Z[0m [34mDEBUG[0m [2mhyper::client::pool[0m[2m:[0m reuse idle connection for ("http", 192.168.0.14:8545)
[2m2025-12-10T10:11:53.199262Z[0m [34mDEBUG[0m [2mhyper::proto::h1::io[0m[2m:[0m flushed 172 bytes
[2m2025-12-10T10:11:53.205027Z[0m [34mDEBUG[0m [2mhyper::proto::h1::io[0m[2m:[0m parsed 4 headers
[2m2025-12-10T10:11:53.205042Z[0m [34mDEBUG[0m [2mhyper::proto::h1::conn[0m[2m:[0m incoming body is content-length (45 bytes)
[2m2025-12-10T10:11:53.205055Z[0m [34mDEBUG[0m [2mhyper::proto::h1::conn[0m[2m:[0m incoming body completed
[2m2025-12-10T10:11:53.205066Z[0m [34mDEBUG[0m [2mhyper::client::pool[0m[2m:[0m pooling idle connection for ("http", 192.168.0.14:8545)
[2m2025-12-10T10:11:53.212857Z[0m [34mDEBUG[0m [2methereum_transaction_pool_monitor::eth_client[0m[2m:[0m 📨 Received WebSocket message: {"jsonrpc":"2.0","method":"eth_subscription","params":{"subscription":"0xbed0a0851463e895960a451075a301a9","result":"0x971d9f8064d781188853e57b62c4819d860533e55a591f072be173f445eb1c71"}}
[2m2025-12-10T10:11:53.212872Z[0m [34mDEBUG[0m [2methereum_transaction_pool_monitor::eth_client[0m[2m:[0m 📨 Received pending transaction: 0x971d9f8064d781188853e57b62c4819d860533e55a591f072be173f445eb1c71
[2m2025-12-10T10:11:53.212884Z[0m [34mDEBUG[0m [2methereum_transaction_pool_monitor::mempool_monitor[0m[2m:[0m 📨 Processing new pending transaction: 0x971d9f8064d781188853e57b62c4819d860533e55a591f072be173f445eb1c71
[2m2025-12-10T10:11:53.212893Z[0m [34mDEBUG[0m [2methereum_transaction_pool_monitor::mempool_monitor[0m[2m:[0m 🔍 Fetching transaction details for: 0x971d9f8064d781188853e57b62c4819d860533e55a591f072be173f445eb1c71
[2m2025-12-10T10:11:53.212900Z[0m [34mDEBUG[0m [2methereum_transaction_pool_monitor::eth_client[0m[2m:[0m 🔍 Fetching transaction details for hash: 0x971d9f8064d781188853e57b62c4819d860533e55a591f072be173f445eb1c71
[2m2025-12-10T10:11:53.212921Z[0m [34mDEBUG[0m [2mhyper::client::pool[0m[2m:[0m reuse idle connection for ("http", 192.168.0.14:8545)
[2m2025-12-10T10:11:53.212944Z[0m [34mDEBUG[0m [2mhyper::proto::h1::io[0m[2m:[0m flushed 250 bytes
[2m2025-12-10T10:11:53.218610Z[0m [34mDEBUG[0m [2mhyper::proto::h1::io[0m[2m:[0m parsed 4 headers
[2m2025-12-10T10:11:53.218621Z[0m [34mDEBUG[0m [2mhyper::proto::h1::conn[0m[2m:[0m incoming body is content-length (1731 bytes)
[2m2025-12-10T10:11:53.218633Z[0m [34mDEBUG[0m [2mhyper::proto::h1::conn[0m[2m:[0m incoming body completed
[2m2025-12-10T10:11:53.218643Z[0m [34mDEBUG[0m [2mhyper::client::pool[0m[2m:[0m pooling idle connection for ("http", 192.168.0.14:8545)
[2m2025-12-10T10:11:53.218652Z[0m [34mDEBUG[0m [2methereum_transaction_pool_monitor::eth_client[0m[2m:[0m 📡 Transaction fetch RPC completed in 5.744417ms
[2m2025-12-10T10:11:53.299992Z[0m [34mDEBUG[0m [2methereum_transaction_pool_monitor::eth_client[0m[2m:[0m ✅ Transaction 0x971d9f8064d781188853e57b62c4819d860533e55a591f072be173f445eb1c71 fetched and parsed in 87.081084ms
[2m2025-12-10T10:11:53.300015Z[0m [34mDEBUG[0m [2methereum_transaction_pool_monitor::mempool_monitor[0m[2m:[0m 🔍 Skipping tx 0x971d9f8064d781188853e57b62c4819d860533e55a591f072be173f445eb1c71 - not a DEX interaction (target: 0x601a2aD6CB5949f0529735254189Ba3194221EDF)
[2m2025-12-10T10:11:53.300053Z[0m [34mDEBUG[0m [2mhyper::client::pool[0m[2m:[0m reuse idle connection for ("http", 192.168.0.14:8545)
[2m2025-12-10T10:11:53.300069Z[0m [34mDEBUG[0m [2methereum_transaction_pool_monitor::eth_client[0m[2m:[0m 📨 Received WebSocket message: {"jsonrpc":"2.0","method":"eth_subscription","params":{"subscription":"0xbed0a0851463e895960a451075a301a9","result":"0xfc3b22d373532491f1c2cd0269df779ceaef7aaa2a88c5855d8820fd11804aad"}}
[2m2025-12-10T10:11:53.300081Z[0m [34mDEBUG[0m [2methereum_transaction_pool_monitor::eth_client[0m[2m:[0m 📨 Received pending transaction: 0xfc3b22d373532491f1c2cd0269df779ceaef7aaa2a88c5855d8820fd11804aad
[2m2025-12-10T10:11:53.300081Z[0m [34mDEBUG[0m [2mhyper::proto::h1::io[0m[2m:[0m flushed 172 bytes
[2m2025-12-10T10:11:53.300090Z[0m [34mDEBUG[0m [2methereum_transaction_pool_monitor::mempool_monitor[0m[2m:[0m 📨 Processing new pending transaction: 0xfc3b22d373532491f1c2cd0269df779ceaef7aaa2a88c5855d8820fd11804aad
[2m2025-12-10T10:11:53.300098Z[0m [34mDEBUG[0m [2methereum_transaction_pool_monitor::mempool_monitor[0m[2m:[0m 🔍 Fetching transaction details for: 0xfc3b22d373532491f1c2cd0269df779ceaef7aaa2a88c5855d8820fd11804aad
[2m2025-12-10T10:11:53.300102Z[0m [34mDEBUG[0m [2methereum_transaction_pool_monitor::eth_client[0m[2m:[0m 🔍 Fetching transaction details for hash: 0xfc3b22d373532491f1c2cd0269df779ceaef7aaa2a88c5855d8820fd11804aad
[2m2025-12-10T10:11:53.300111Z[0m [34mDEBUG[0m [2mhyper::client::pool[0m[2m:[0m reuse idle connection for ("http", 192.168.0.14:8545)
[2m2025-12-10T10:11:53.300124Z[0m [34mDEBUG[0m [2mhyper::proto::h1::io[0m[2m:[0m flushed 250 bytes
[2m2025-12-10T10:11:53.303045Z[0m [34mDEBUG[0m [2mhyper::proto::h1::io[0m[2m:[0m parsed 4 headers
[2m2025-12-10T10:11:53.303051Z[0m [34mDEBUG[0m [2mhyper::proto::h1::conn[0m[2m:[0m incoming body is content-length (45 bytes)
[2m2025-12-10T10:11:53.303059Z[0m [34mDEBUG[0m [2mhyper::proto::h1::conn[0m[2m:[0m incoming body completed
[2m2025-12-10T10:11:53.303066Z[0m [34mDEBUG[0m [2mhyper::client::pool[0m[2m:[0m pooling idle connection for ("http", 192.168.0.14:8545)
[2m2025-12-10T10:11:53.304577Z[0m [34mDEBUG[0m [2mhyper::proto::h1::io[0m[2m:[0m parsed 4 headers
[2m2025-12-10T10:11:53.304582Z[0m [34mDEBUG[0m [2mhyper::proto::h1::conn[0m[2m:[0m incoming body is content-length (763 bytes)
[2m2025-12-10T10:11:53.304588Z[0m [34mDEBUG[0m [2mhyper::proto::h1::conn[0m[2m:[0m incoming body completed
[2m2025-12-10T10:11:53.304594Z[0m [34mDEBUG[0m [2mhyper::client::pool[0m[2m:[0m pooling idle connection for ("http", 192.168.0.14:8545)
[2m2025-12-10T10:11:53.304599Z[0m [34mDEBUG[0m [2methereum_transaction_pool_monitor::eth_client[0m[2m:[0m 📡 Transaction fetch RPC completed in 4.493ms
[2m2025-12-10T10:11:53.375853Z[0m [34mDEBUG[0m [2methereum_transaction_pool_monitor::eth_client[0m[2m:[0m ✅ Transaction 0xfc3b22d373532491f1c2cd0269df779ceaef7aaa2a88c5855d8820fd11804aad fetched and parsed in 75.743833ms
[2m2025-12-10T10:11:53.375882Z[0m [34mDEBUG[0m [2methereum_transaction_pool_monitor::mempool_monitor[0m[2m:[0m 🔍 Skipping tx 0xfc3b22d373532491f1c2cd0269df779ceaef7aaa2a88c5855d8820fd11804aad - not a DEX interaction (target: 0xd50370bEE8bFf23Bbb30ca558a1d0207DBc96ef2)
[2m2025-12-10T10:11:53.375926Z[0m [34mDEBUG[0m [2methereum_transaction_pool_monitor::eth_client[0m[2m:[0m 📨 Received WebSocket message: {"jsonrpc":"2.0","method":"eth_subscription","params":{"subscription":"0xbed0a0851463e895960a451075a301a9","result":"0x6414a81d8eb12c7e1c2f558552d186fb270c4a464c628d399982e9aa8cb653ab"}}
[2m2025-12-10T10:11:53.375939Z[0m [34mDEBUG[0m [2methereum_transaction_pool_monitor::eth_client[0m[2m:[0m 📨 Received pending transaction: 0x6414a81d8eb12c7e1c2f558552d186fb270c4a464c628d399982e9aa8cb653ab
[2m2025-12-10T10:11:53.375950Z[0m [34mDEBUG[0m [2methereum_transaction_pool_monitor::eth_client[0m[2m:[0m 📨 Received WebSocket message: {"jsonrpc":"2.0","method":"eth_subscription","params":{"subscription":"0xbed0a0851463e895960a451075a301a9","result":"0xf27b0829bdc663e2734632442f27a518dfc89117218a32f28f3f17d8d30b4496"}}
[2m2025-12-10T10:11:53.375959Z[0m [34mDEBUG[0m [2methereum_transaction_pool_monitor::eth_client[0m[2m:[0m 📨 Received pending transaction: 0xf27b0829bdc663e2734632442f27a518dfc89117218a32f28f3f17d8d30b4496
[2m2025-12-10T10:11:53.375968Z[0m [34mDEBUG[0m [2methereum_transaction_pool_monitor::mempool_monitor[0m[2m:[0m 📨 Processing new pending transaction: 0x6414a81d8eb12c7e1c2f558552d186fb270c4a464c628d399982e9aa8cb653ab
[2m2025-12-10T10:11:53.375975Z[0m [34mDEBUG[0m [2methereum_transaction_pool_monitor::mempool_monitor[0m[2m:[0m 🔍 Fetching transaction details for: 0x6414a81d8eb12c7e1c2f558552d186fb270c4a464c628d399982e9aa8cb653ab
[2m2025-12-10T10:11:53.375980Z[0m [34mDEBUG[0m [2methereum_transaction_pool_monitor::eth_client[0m[2m:[0m 🔍 Fetching transaction details for hash: 0x6414a81d8eb12c7e1c2f558552d186fb270c4a464c628d399982e9aa8cb653ab
[2m2025-12-10T10:11:53.375996Z[0m [34mDEBUG[0m [2mhyper::client::pool[0m[2m:[0m reuse idle connection for ("http", 192.168.0.14:8545)
[2m2025-12-10T10:11:53.376016Z[0m [34mDEBUG[0m [2mhyper::proto::h1::io[0m[2m:[0m flushed 250 bytes
[2m2025-12-10T10:11:53.385780Z[0m [34mDEBUG[0m [2mhyper::proto::h1::io[0m[2m:[0m parsed 4 headers
[2m2025-12-10T10:11:53.385804Z[0m [34mDEBUG[0m [2mhyper::proto::h1::conn[0m[2m:[0m incoming body is content-length (1731 bytes)
[2m2025-12-10T10:11:53.385841Z[0m [34mDEBUG[0m [2methereum_transaction_pool_monitor::eth_client[0m[2m:[0m 📡 Transaction fetch RPC completed in 9.857084ms
[2m2025-12-10T10:11:53.386252Z[0m [34mDEBUG[0m [2mhyper::proto::h1::conn[0m[2m:[0m incoming body completed
[2m2025-12-10T10:11:53.386269Z[0m [34mDEBUG[0m [2mhyper::client::pool[0m[2m:[0m pooling idle connection for ("http", 192.168.0.14:8545)
[2m2025-12-10T10:11:53.396817Z[0m [34mDEBUG[0m [2methereum_transaction_pool_monitor::eth_client[0m[2m:[0m 📨 Received WebSocket message: {"jsonrpc":"2.0","method":"eth_subscription","params":{"subscription":"0xbed0a0851463e895960a451075a301a9","result":"0xdc24b355e94dc26ed7c016a874c41ed82192d52ccce192a0bfb7c9913b0e9c81"}}
[2m2025-12-10T10:11:53.396832Z[0m [34mDEBUG[0m [2methereum_transaction_pool_monitor::eth_client[0m[2m:[0m 📨 Received pending transaction: 0xdc24b355e94dc26ed7c016a874c41ed82192d52ccce192a0bfb7c9913b0e9c81
[2m2025-12-10T10:11:53.397350Z[0m [34mDEBUG[0m [2mhyper::client::pool[0m[2m:[0m reuse idle connection for ("http", 192.168.0.14:8545)
[2m2025-12-10T10:11:53.397354Z[0m [34mDEBUG[0m [2methereum_transaction_pool_monitor::eth_client[0m[2m:[0m 📨 Received WebSocket message: {"jsonrpc":"2.0","method":"eth_subscription","params":{"subscription":"0xbed0a0851463e895960a451075a301a9","result":"0xec5a7a0df7f1294526afd98c318c70aedcdb183c7a281619b61ad2723c4b1f35"}}
[2m2025-12-10T10:11:53.397366Z[0m [34mDEBUG[0m [2methereum_transaction_pool_monitor::eth_client[0m[2m:[0m 📨 Received pending transaction: 0xec5a7a0df7f1294526afd98c318c70aedcdb183c7a281619b61ad2723c4b1f35
[2m2025-12-10T10:11:53.397372Z[0m [34mDEBUG[0m [2mhyper::proto::h1::io[0m[2m:[0m flushed 172 bytes
[2m2025-12-10T10:11:53.400464Z[0m [34mDEBUG[0m [2mhyper::proto::h1::io[0m[2m:[0m parsed 4 headers
[2m2025-12-10T10:11:53.400470Z[0m [34mDEBUG[0m [2mhyper::proto::h1::conn[0m[2m:[0m incoming body is content-length (45 bytes)
[2m2025-12-10T10:11:53.400476Z[0m [34mDEBUG[0m [2mhyper::proto::h1::conn[0m[2m:[0m incoming body completed
[2m2025-12-10T10:11:53.400483Z[0m [34mDEBUG[0m [2mhyper::client::pool[0m[2m:[0m pooling idle connection for ("http", 192.168.0.14:8545)
[2m2025-12-10T10:11:53.457706Z[0m [34mDEBUG[0m [2methereum_transaction_pool_monitor::eth_client[0m[2m:[0m ✅ Transaction 0x6414a81d8eb12c7e1c2f558552d186fb270c4a464c628d399982e9aa8cb653ab fetched and parsed in 81.720292ms
[2m2025-12-10T10:11:53.457734Z[0m [34mDEBUG[0m [2methereum_transaction_pool_monitor::mempool_monitor[0m[2m:[0m 🔍 Skipping tx 0x6414a81d8eb12c7e1c2f558552d186fb270c4a464c628d399982e9aa8cb653ab - not a DEX interaction (target: 0x601a2aD6CB5949f0529735254189Ba3194221EDF)
[2m2025-12-10T10:11:53.457745Z[0m [34mDEBUG[0m [2methereum_transaction_pool_monitor::mempool_monitor[0m[2m:[0m 📨 Processing new pending transaction: 0xf27b0829bdc663e2734632442f27a518dfc89117218a32f28f3f17d8d30b4496
[2m2025-12-10T10:11:53.457751Z[0m [34mDEBUG[0m [2methereum_transaction_pool_monitor::mempool_monitor[0m[2m:[0m 🔍 Fetching transaction details for: 0xf27b0829bdc663e2734632442f27a518dfc89117218a32f28f3f17d8d30b4496
[2m2025-12-10T10:11:53.457758Z[0m [34mDEBUG[0m [2methereum_transaction_pool_monitor::eth_client[0m[2m:[0m 🔍 Fetching transaction details for hash: 0xf27b0829bdc663e2734632442f27a518dfc89117218a32f28f3f17d8d30b4496
[2m2025-12-10T10:11:53.457777Z[0m [34mDEBUG[0m [2mhyper::client::pool[0m[2m:[0m reuse idle connection for ("http", 192.168.0.14:8545)
[2m2025-12-10T10:11:53.457819Z[0m [34mDEBUG[0m [2mhyper::proto::h1::io[0m[2m:[0m flushed 250 bytes
[2m2025-12-10T10:11:53.463692Z[0m [34mDEBUG[0m [2mhyper::proto::h1::io[0m[2m:[0m parsed 4 headers
[2m2025-12-10T10:11:53.463714Z[0m [34mDEBUG[0m [2mhyper::proto::h1::conn[0m[2m:[0m incoming body is content-length (1731 bytes)
[2m2025-12-10T10:11:53.463724Z[0m [34mDEBUG[0m [2mhyper::proto::h1::conn[0m[2m:[0m incoming body completed
[2m2025-12-10T10:11:53.463735Z[0m [34mDEBUG[0m [2mhyper::client::pool[0m[2m:[0m pooling idle connection for ("http", 192.168.0.14:8545)
[2m2025-12-10T10:11:53.463742Z[0m [34mDEBUG[0m [2methereum_transaction_pool_monitor::eth_client[0m[2m:[0m 📡 Transaction fetch RPC completed in 5.979833ms
[2m2025-12-10T10:11:53.535408Z[0m [34mDEBUG[0m [2methereum_transaction_pool_monitor::eth_client[0m[2m:[0m ✅ Transaction 0xf27b0829bdc663e2734632442f27a518dfc89117218a32f28f3f17d8d30b4496 fetched and parsed in 77.642875ms
[2m2025-12-10T10:11:53.535436Z[0m [34mDEBUG[0m [2methereum_transaction_pool_monitor::mempool_monitor[0m[2m:[0m 🔍 Skipping tx 0xf27b0829bdc663e2734632442f27a518dfc89117218a32f28f3f17d8d30b4496 - not a DEX interaction (target: 0x601a2aD6CB5949f0529735254189Ba3194221EDF)
[2m2025-12-10T10:11:53.535447Z[0m [34mDEBUG[0m [2methereum_transaction_pool_monitor::mempool_monitor[0m[2m:[0m 📨 Processing new pending transaction: 0xdc24b355e94dc26ed7c016a874c41ed82192d52ccce192a0bfb7c9913b0e9c81
[2m2025-12-10T10:11:53.535463Z[0m [34mDEBUG[0m [2methereum_transaction_pool_monitor::mempool_monitor[0m[2m:[0m 🔍 Fetching transaction details for: 0xdc24b355e94dc26ed7c016a874c41ed82192d52ccce192a0bfb7c9913b0e9c81
[2m2025-12-10T10:11:53.535470Z[0m [34mDEBUG[0m [2methereum_transaction_pool_monitor::eth_client[0m[2m:[0m 🔍 Fetching transaction details for hash: 0xdc24b355e94dc26ed7c016a874c41ed82192d52ccce192a0bfb7c9913b0e9c81
[2m2025-12-10T10:11:53.535490Z[0m [34mDEBUG[0m [2mhyper::client::pool[0m[2m:[0m reuse idle connection for ("http", 192.168.0.14:8545)
[2m2025-12-10T10:11:53.535533Z[0m [34mDEBUG[0m [2mhyper::proto::h1::io[0m[2m:[0m flushed 250 bytes
[2m2025-12-10T10:11:53.535566Z[0m [34mDEBUG[0m [2mhyper::client::pool[0m[2m:[0m reuse idle connection for ("http", 192.168.0.14:8545)
[2m2025-12-10T10:11:53.535586Z[0m [34mDEBUG[0m [2mhyper::proto::h1::io[0m[2m:[0m flushed 172 bytes
[2m2025-12-10T10:11:53.539543Z[0m [34mDEBUG[0m [2mhyper::proto::h1::io[0m[2m:[0m parsed 4 headers
[2m2025-12-10T10:11:53.539566Z[0m [34mDEBUG[0m [2mhyper::proto::h1::conn[0m[2m:[0m incoming body is content-length (45 bytes)
[2m2025-12-10T10:11:53.539596Z[0m [34mDEBUG[0m [2mhyper::proto::h1::conn[0m[2m:[0m incoming body completed
[2m2025-12-10T10:11:53.539621Z[0m [34mDEBUG[0m [2mhyper::client::pool[0m[2m:[0m pooling idle connection for ("http", 192.168.0.14:8545)
[2m2025-12-10T10:11:53.539641Z[0m [34mDEBUG[0m [2mhyper::proto::h1::io[0m[2m:[0m parsed 4 headers
[2m2025-12-10T10:11:53.539645Z[0m [34mDEBUG[0m [2mhyper::proto::h1::conn[0m[2m:[0m incoming body is content-length (770 bytes)
[2m2025-12-10T10:11:53.539649Z[0m [34mDEBUG[0m [2mhyper::proto::h1::conn[0m[2m:[0m incoming body completed
[2m2025-12-10T10:11:53.539654Z[0m [34mDEBUG[0m [2mhyper::client::pool[0m[2m:[0m pooling idle connection for ("http", 192.168.0.14:8545)
[2m2025-12-10T10:11:53.539658Z[0m [34mDEBUG[0m [2methereum_transaction_pool_monitor::eth_client[0m[2m:[0m 📡 Transaction fetch RPC completed in 4.182291ms
[2m2025-12-10T10:11:53.611266Z[0m [34mDEBUG[0m [2methereum_transaction_pool_monitor::eth_client[0m[2m:[0m ✅ Transaction 0xdc24b355e94dc26ed7c016a874c41ed82192d52ccce192a0bfb7c9913b0e9c81 fetched and parsed in 75.787375ms
[2m2025-12-10T10:11:53.611291Z[0m [34mDEBUG[0m [2methereum_transaction_pool_monitor::mempool_monitor[0m[2m:[0m 🔍 Skipping tx 0xdc24b355e94dc26ed7c016a874c41ed82192d52ccce192a0bfb7c9913b0e9c81 - not a DEX interaction (target: 0xB8f28C60dD8240141185a192fa4156A23E189305)
[2m2025-12-10T10:11:53.611302Z[0m [34mDEBUG[0m [2methereum_transaction_pool_monitor::mempool_monitor[0m[2m:[0m 📨 Processing new pending transaction: 0xec5a7a0df7f1294526afd98c318c70aedcdb183c7a281619b61ad2723c4b1f35
[2m2025-12-10T10:11:53.611309Z[0m [34mDEBUG[0m [2methereum_transaction_pool_monitor::mempool_monitor[0m[2m:[0m 🔍 Fetching transaction details for: 0xec5a7a0df7f1294526afd98c318c70aedcdb183c7a281619b61ad2723c4b1f35
[2m2025-12-10T10:11:53.611315Z[0m [34mDEBUG[0m [2methereum_transaction_pool_monitor::eth_client[0m[2m:[0m 🔍 Fetching transaction details for hash: 0xec5a7a0df7f1294526afd98c318c70aedcdb183c7a281619b61ad2723c4b1f35
[2m2025-12-10T10:11:53.611333Z[0m [34mDEBUG[0m [2mhyper::client::pool[0m[2m:[0m reuse idle connection for ("http", 192.168.0.14:8545)
[2m2025-12-10T10:11:53.611377Z[0m [34mDEBUG[0m [2mhyper::proto::h1::io[0m[2m:[0m flushed 250 bytes
[2m2025-12-10T10:11:53.611396Z[0m [34mDEBUG[0m [2mhyper::client::pool[0m[2m:[0m reuse idle connection for ("http", 192.168.0.14:8545)
[2m2025-12-10T10:11:53.611408Z[0m [34mDEBUG[0m [2mhyper::proto::h1::io[0m[2m:[0m flushed 172 bytes
[2m2025-12-10T10:11:53.611445Z[0m [34mDEBUG[0m [2methereum_transaction_pool_monitor::eth_client[0m[2m:[0m 📨 Received WebSocket message: {"jsonrpc":"2.0","method":"eth_subscription","params":{"subscription":"0xbed0a0851463e895960a451075a301a9","result":"0x04840159e8a29f735fe1e5685c6c2216ac2657f6164190b76f369473d38c1597"}}
[2m2025-12-10T10:11:53.611453Z[0m [34mDEBUG[0m [2methereum_transaction_pool_monitor::eth_client[0m[2m:[0m 📨 Received pending transaction: 0x04840159e8a29f735fe1e5685c6c2216ac2657f6164190b76f369473d38c1597
[2m2025-12-10T10:11:53.614893Z[0m [34mDEBUG[0m [2mhyper::proto::h1::io[0m[2m:[0m parsed 4 headers
[2m2025-12-10T10:11:53.614904Z[0m [34mDEBUG[0m [2mhyper::proto::h1::conn[0m[2m:[0m incoming body is content-length (45 bytes)
[2m2025-12-10T10:11:53.614911Z[0m [34mDEBUG[0m [2mhyper::proto::h1::conn[0m[2m:[0m incoming body completed
[2m2025-12-10T10:11:53.614920Z[0m [34mDEBUG[0m [2mhyper::client::pool[0m[2m:[0m pooling idle connection for ("http", 192.168.0.14:8545)
[2m2025-12-10T10:11:53.620805Z[0m [34mDEBUG[0m [2mhyper::proto::h1::io[0m[2m:[0m parsed 4 headers
[2m2025-12-10T10:11:53.620814Z[0m [34mDEBUG[0m [2mhyper::proto::h1::conn[0m[2m:[0m incoming body is content-length (829 bytes)
[2m2025-12-10T10:11:53.620820Z[0m [34mDEBUG[0m [2mhyper::proto::h1::conn[0m[2m:[0m incoming body completed
[2m2025-12-10T10:11:53.620829Z[0m [34mDEBUG[0m [2mhyper::client::pool[0m[2m:[0m pooling idle connection for ("http", 192.168.0.14:8545)
[2m2025-12-10T10:11:53.620835Z[0m [34mDEBUG[0m [2methereum_transaction_pool_monitor::eth_client[0m[2m:[0m 📡 Transaction fetch RPC completed in 9.514666ms
[2m2025-12-10T10:11:53.691897Z[0m [34mDEBUG[0m [2methereum_transaction_pool_monitor::eth_client[0m[2m:[0m ✅ Transaction 0xec5a7a0df7f1294526afd98c318c70aedcdb183c7a281619b61ad2723c4b1f35 fetched and parsed in 80.575375ms
[2m2025-12-10T10:11:53.691924Z[0m [34mDEBUG[0m [2methereum_transaction_pool_monitor::mempool_monitor[0m[2m:[0m 🔍 Skipping tx 0xec5a7a0df7f1294526afd98c318c70aedcdb183c7a281619b61ad2723c4b1f35 - not a DEX interaction (target: 0x3B4D794a66304F130a4Db8F2551B0070dfCf5ca7)
[2m2025-12-10T10:11:53.691934Z[0m [34mDEBUG[0m [2methereum_transaction_pool_monitor::mempool_monitor[0m[2m:[0m 📨 Processing new pending transaction: 0x04840159e8a29f735fe1e5685c6c2216ac2657f6164190b76f369473d38c1597
[2m2025-12-10T10:11:53.691941Z[0m [34mDEBUG[0m [2methereum_transaction_pool_monitor::mempool_monitor[0m[2m:[0m 🔍 Fetching transaction details for: 0x04840159e8a29f735fe1e5685c6c2216ac2657f6164190b76f369473d38c1597
[2m2025-12-10T10:11:53.691947Z[0m [34mDEBUG[0m [2methereum_transaction_pool_monitor::eth_client[0m[2m:[0m 🔍 Fetching transaction details for hash: 0x04840159e8a29f735fe1e5685c6c2216ac2657f6164190b76f369473d38c1597
[2m2025-12-10T10:11:53.691969Z[0m [34mDEBUG[0m [2mhyper::client::pool[0m[2m:[0m reuse idle connection for ("http", 192.168.0.14:8545)
[2m2025-12-10T10:11:53.692010Z[0m [34mDEBUG[0m [2mhyper::proto::h1::io[0m[2m:[0m flushed 250 bytes
[2m2025-12-10T10:11:53.692030Z[0m [34mDEBUG[0m [2methereum_transaction_pool_monitor::eth_client[0m[2m:[0m 📨 Received WebSocket message: {"jsonrpc":"2.0","method":"eth_subscription","params":{"subscription":"0xbed0a0851463e895960a451075a301a9","result":"0x54afce9c7551d34680545de276f60bbb6b3bbc91c3e61a937c04eb888d33ebb3"}}
[2m2025-12-10T10:11:53.692039Z[0m [34mDEBUG[0m [2methereum_transaction_pool_monitor::eth_client[0m[2m:[0m 📨 Received pending transaction: 0x54afce9c7551d34680545de276f60bbb6b3bbc91c3e61a937c04eb888d33ebb3
[2m2025-12-10T10:11:53.692044Z[0m [34mDEBUG[0m [2methereum_transaction_pool_monitor::eth_client[0m[2m:[0m 📨 Received WebSocket message: {"jsonrpc":"2.0","method":"eth_subscription","params":{"subscription":"0xbed0a0851463e895960a451075a301a9","result":"0xabb11e47fa7507bea18049559a71b69a7cfd7a88dd9c7ad33b44fd36966e4ef9"}}
[2m2025-12-10T10:11:53.692051Z[0m [34mDEBUG[0m [2methereum_transaction_pool_monitor::eth_client[0m[2m:[0m 📨 Received pending transaction: 0xabb11e47fa7507bea18049559a71b69a7cfd7a88dd9c7ad33b44fd36966e4ef9
[2m2025-12-10T10:11:53.696776Z[0m [34mDEBUG[0m [2mhyper::proto::h1::io[0m[2m:[0m parsed 4 headers
[2m2025-12-10T10:11:53.696785Z[0m [34mDEBUG[0m [2mhyper::proto::h1::conn[0m[2m:[0m incoming body is content-length (773 bytes)
[2m2025-12-10T10:11:53.696793Z[0m [34mDEBUG[0m [2mhyper::proto::h1::conn[0m[2m:[0m incoming body completed
[2m2025-12-10T10:11:53.696803Z[0m [34mDEBUG[0m [2mhyper::client::pool[0m[2m:[0m pooling idle connection for ("http", 192.168.0.14:8545)
[2m2025-12-10T10:11:53.696809Z[0m [34mDEBUG[0m [2methereum_transaction_pool_monitor::eth_client[0m[2m:[0m 📡 Transaction fetch RPC completed in 4.856125ms
[2m2025-12-10T10:11:53.768241Z[0m [34mDEBUG[0m [2methereum_transaction_pool_monitor::eth_client[0m[2m:[0m ✅ Transaction 0x04840159e8a29f735fe1e5685c6c2216ac2657f6164190b76f369473d38c1597 fetched and parsed in 76.285333ms
[2m2025-12-10T10:11:53.768271Z[0m [34mDEBUG[0m [2methereum_transaction_pool_monitor::mempool_monitor[0m[2m:[0m 🔍 Skipping tx 0x04840159e8a29f735fe1e5685c6c2216ac2657f6164190b76f369473d38c1597 - not a DEX interaction (target: 0xe53EC727dbDEB9E2d5456c3be40cFF031AB40A55)
[2m2025-12-10T10:11:53.768282Z[0m [34mDEBUG[0m [2methereum_transaction_pool_monitor::mempool_monitor[0m[2m:[0m 📨 Processing new pending transaction: 0x54afce9c7551d34680545de276f60bbb6b3bbc91c3e61a937c04eb888d33ebb3
[2m2025-12-10T10:11:53.768294Z[0m [34mDEBUG[0m [2methereum_transaction_pool_monitor::mempool_monitor[0m[2m:[0m 🔍 Fetching transaction details for: 0x54afce9c7551d34680545de276f60bbb6b3bbc91c3e61a937c04eb888d33ebb3
[2m2025-12-10T10:11:53.768301Z[0m [34mDEBUG[0m [2methereum_transaction_pool_monitor::eth_client[0m[2m:[0m 🔍 Fetching transaction details for hash: 0x54afce9c7551d34680545de276f60bbb6b3bbc91c3e61a937c04eb888d33ebb3
[2m2025-12-10T10:11:53.768322Z[0m [34mDEBUG[0m [2mhyper::client::pool[0m[2m:[0m reuse idle connection for ("http", 192.168.0.14:8545)
[2m2025-12-10T10:11:53.768361Z[0m [34mDEBUG[0m [2mhyper::proto::h1::io[0m[2m:[0m flushed 250 bytes
[2m2025-12-10T10:11:53.768388Z[0m [34mDEBUG[0m [2mhyper::client::pool[0m[2m:[0m reuse idle connection for ("http", 192.168.0.14:8545)
[2m2025-12-10T10:11:53.768402Z[0m [34mDEBUG[0m [2mhyper::proto::h1::io[0m[2m:[0m flushed 172 bytes
[2m2025-12-10T10:11:53.773916Z[0m [34mDEBUG[0m [2methereum_transaction_pool_monitor::eth_client[0m[2m:[0m 📨 Received WebSocket message: {"jsonrpc":"2.0","method":"eth_subscription","params":{"subscription":"0xbed0a0851463e895960a451075a301a9","result":"0xedb16614e0d584ea7a9c3b015909d6a20aa7a40545184f1db4ac6329b0027a31"}}
[2m2025-12-10T10:11:53.773930Z[0m [34mDEBUG[0m [2methereum_transaction_pool_monitor::eth_client[0m[2m:[0m 📨 Received pending transaction: 0xedb16614e0d584ea7a9c3b015909d6a20aa7a40545184f1db4ac6329b0027a31
[2m2025-12-10T10:11:53.773937Z[0m [34mDEBUG[0m [2methereum_transaction_pool_monitor::eth_client[0m[2m:[0m 📨 Received WebSocket message: {"jsonrpc":"2.0","method":"eth_subscription","params":{"subscription":"0xbed0a0851463e895960a451075a301a9","result":"0x1ac2f21e17c97a17267d0de51d7b7345db8c65daacbcf278e96b03327bbef3f8"}}
[2m2025-12-10T10:11:53.773944Z[0m [34mDEBUG[0m [2methereum_transaction_pool_monitor::eth_client[0m[2m:[0m 📨 Received pending transaction: 0x1ac2f21e17c97a17267d0de51d7b7345db8c65daacbcf278e96b03327bbef3f8
[2m2025-12-10T10:11:53.773949Z[0m [34mDEBUG[0m [2methereum_transaction_pool_monitor::eth_client[0m[2m:[0m 📨 Received WebSocket message: {"jsonrpc":"2.0","method":"eth_subscription","params":{"subscription":"0xbed0a0851463e895960a451075a301a9","result":"0xdd8c1014f21741b639e8704d4549263f73392fae1add262226d89a53628d4648"}}
[2m2025-12-10T10:11:53.773954Z[0m [34mDEBUG[0m [2methereum_transaction_pool_monitor::eth_client[0m[2m:[0m 📨 Received pending transaction: 0xdd8c1014f21741b639e8704d4549263f73392fae1add262226d89a53628d4648
[2m2025-12-10T10:11:53.777491Z[0m [34mDEBUG[0m [2mhyper::proto::h1::io[0m[2m:[0m parsed 4 headers
[2m2025-12-10T10:11:53.779680Z[0m [34mDEBUG[0m [2mhyper::proto::h1::conn[0m[2m:[0m incoming body is content-length (2885 bytes)
[2m2025-12-10T10:11:53.779690Z[0m [34mDEBUG[0m [2mhyper::proto::h1::conn[0m[2m:[0m incoming body completed
[2m2025-12-10T10:11:53.779704Z[0m [34mDEBUG[0m [2mhyper::client::pool[0m[2m:[0m pooling idle connection for ("http", 192.168.0.14:8545)
[2m2025-12-10T10:11:53.779713Z[0m [34mDEBUG[0m [2methereum_transaction_pool_monitor::eth_client[0m[2m:[0m 📡 Transaction fetch RPC completed in 11.403958ms
[2m2025-12-10T10:11:53.850628Z[0m [34mDEBUG[0m [2methereum_transaction_pool_monitor::eth_client[0m[2m:[0m ✅ Transaction 0x54afce9c7551d34680545de276f60bbb6b3bbc91c3e61a937c04eb888d33ebb3 fetched and parsed in 82.317041ms
[2m2025-12-10T10:11:53.850650Z[0m [34mDEBUG[0m [2methereum_transaction_pool_monitor::mempool_monitor[0m[2m:[0m 🔍 Skipping tx 0x54afce9c7551d34680545de276f60bbb6b3bbc91c3e61a937c04eb888d33ebb3 - not a DEX interaction (target: 0x26d3681DfC9E4c8C79cfbf461adec8A21d5d73C5)
[2m2025-12-10T10:11:53.850675Z[0m [34mDEBUG[0m [2methereum_transaction_pool_monitor::mempool_monitor[0m[2m:[0m 📨 Processing new pending transaction: 0xabb11e47fa7507bea18049559a71b69a7cfd7a88dd9c7ad33b44fd36966e4ef9
[2m2025-12-10T10:11:53.850760Z[0m [34mDEBUG[0m [2methereum_transaction_pool_monitor::mempool_monitor[0m[2m:[0m 🔍 Fetching transaction details for: 0xabb11e47fa7507bea18049559a71b69a7cfd7a88dd9c7ad33b44fd36966e4ef9
[2m2025-12-10T10:11:53.850766Z[0m [34mDEBUG[0m [2methereum_transaction_pool_monitor::eth_client[0m[2m:[0m 🔍 Fetching transaction details for hash: 0xabb11e47fa7507bea18049559a71b69a7cfd7a88dd9c7ad33b44fd36966e4ef9
[2m2025-12-10T10:11:53.850784Z[0m [34mDEBUG[0m [2mhyper::client::pool[0m[2m:[0m reuse idle connection for ("http", 192.168.0.14:8545)
[2m2025-12-10T10:11:53.850823Z[0m [34mDEBUG[0m [2mhyper::proto::h1::io[0m[2m:[0m flushed 250 bytes
[2m2025-12-10T10:11:53.850839Z[0m [34mDEBUG[0m [2mhyper::proto::h1::io[0m[2m:[0m parsed 4 headers
[2m2025-12-10T10:11:53.850843Z[0m [34mDEBUG[0m [2mhyper::proto::h1::conn[0m[2m:[0m incoming body is content-length (45 bytes)
[2m2025-12-10T10:11:53.850850Z[0m [34mDEBUG[0m [2mhyper::proto::h1::conn[0m[2m:[0m incoming body completed
[2m2025-12-10T10:11:53.850858Z[0m [34mDEBUG[0m [2mhyper::client::pool[0m[2m:[0m pooling idle connection for ("http", 192.168.0.14:8545)
[2m2025-12-10T10:11:53.850873Z[0m [34mDEBUG[0m [2mhyper::client::pool[0m[2m:[0m reuse idle connection for ("http", 192.168.0.14:8545)
[2m2025-12-10T10:11:53.850888Z[0m [34mDEBUG[0m [2mhyper::proto::h1::io[0m[2m:[0m flushed 172 bytes
[2m2025-12-10T10:11:53.856385Z[0m [34mDEBUG[0m [2mhyper::proto::h1::io[0m[2m:[0m parsed 4 headers
[2m2025-12-10T10:11:53.856401Z[0m [34mDEBUG[0m [2mhyper::proto::h1::conn[0m[2m:[0m incoming body is content-length (773 bytes)
[2m2025-12-10T10:11:53.856409Z[0m [34mDEBUG[0m [2mhyper::proto::h1::conn[0m[2m:[0m incoming body completed
[2m2025-12-10T10:11:53.856420Z[0m [34mDEBUG[0m [2mhyper::client::pool[0m[2m:[0m pooling idle connection for ("http", 192.168.0.14:8545)
[2m2025-12-10T10:11:53.856427Z[0m [34mDEBUG[0m [2methereum_transaction_pool_monitor::eth_client[0m[2m:[0m 📡 Transaction fetch RPC completed in 5.655208ms
[2m2025-12-10T10:11:53.856442Z[0m [34mDEBUG[0m [2methereum_transaction_pool_monitor::eth_client[0m[2m:[0m DeFi transaction detected - Address: 0xdac17f958d2ee523a2206206994597c13d831ec7, Type: Stablecoin, Value: 0 ETH, Gas: 2.18 Gwei
[2m2025-12-10T10:11:53.856454Z[0m [34mDEBUG[0m [2methereum_transaction_pool_monitor::eth_client[0m[2m:[0m ✅ Transaction 0xabb11e47fa7507bea18049559a71b69a7cfd7a88dd9c7ad33b44fd36966e4ef9 fetched and parsed in 5.682375ms
[2m2025-12-10T10:11:53.856460Z[0m [34mDEBUG[0m [2methereum_transaction_pool_monitor::mempool_monitor[0m[2m:[0m 🔍 Skipping tx 0xabb11e47fa7507bea18049559a71b69a7cfd7a88dd9c7ad33b44fd36966e4ef9 - not a DEX interaction (target: 0xdAC17F958D2ee523a2206206994597C13D831ec7)
[2m2025-12-10T10:11:53.856468Z[0m [34mDEBUG[0m [2methereum_transaction_pool_monitor::mempool_monitor[0m[2m:[0m 📨 Processing new pending transaction: 0xedb16614e0d584ea7a9c3b015909d6a20aa7a40545184f1db4ac6329b0027a31
[2m2025-12-10T10:11:53.856472Z[0m [34mDEBUG[0m [2methereum_transaction_pool_monitor::mempool_monitor[0m[2m:[0m 🔍 Fetching transaction details for: 0xedb16614e0d584ea7a9c3b015909d6a20aa7a40545184f1db4ac6329b0027a31
[2m2025-12-10T10:11:53.856476Z[0m [34mDEBUG[0m [2methereum_transaction_pool_monitor::eth_client[0m[2m:[0m 🔍 Fetching transaction details for hash: 0xedb16614e0d584ea7a9c3b015909d6a20aa7a40545184f1db4ac6329b0027a31
[2m2025-12-10T10:11:53.856491Z[0m [34mDEBUG[0m [2mhyper::client::pool[0m[2m:[0m reuse idle connection for ("http", 192.168.0.14:8545)
[2m2025-12-10T10:11:53.856521Z[0m [34mDEBUG[0m [2mhyper::proto::h1::io[0m[2m:[0m flushed 250 bytes
[2m2025-12-10T10:11:53.857619Z[0m [34mDEBUG[0m [2mhyper::proto::h1::io[0m[2m:[0m parsed 4 headers
[2m2025-12-10T10:11:53.857627Z[0m [34mDEBUG[0m [2mhyper::proto::h1::conn[0m[2m:[0m incoming body is content-length (45 bytes)
[2m2025-12-10T10:11:53.857633Z[0m [34mDEBUG[0m [2mhyper::proto::h1::conn[0m[2m:[0m incoming body completed
[2m2025-12-10T10:11:53.857640Z[0m [34mDEBUG[0m [2mhyper::client::pool[0m[2m:[0m pooling idle connection for ("http", 192.168.0.14:8545)
[2m2025-12-10T10:11:53.862838Z[0m [34mDEBUG[0m [2mhyper::proto::h1::io[0m[2m:[0m parsed 4 headers
[2m2025-12-10T10:11:53.862856Z[0m [34mDEBUG[0m [2mhyper::proto::h1::conn[0m[2m:[0m incoming body is content-length (905 bytes)
[2m2025-12-10T10:11:53.862863Z[0m [34mDEBUG[0m [2mhyper::proto::h1::conn[0m[2m:[0m incoming body completed
[2m2025-12-10T10:11:53.862872Z[0m [34mDEBUG[0m [2mhyper::client::pool[0m[2m:[0m pooling idle connection for ("http", 192.168.0.14:8545)
[2m2025-12-10T10:11:53.862878Z[0m [34mDEBUG[0m [2methereum_transaction_pool_monitor::eth_client[0m[2m:[0m 📡 Transaction fetch RPC completed in 6.397917ms
[2m2025-12-10T10:11:53.932416Z[0m [34mDEBUG[0m [2methereum_transaction_pool_monitor::eth_client[0m[2m:[0m ✅ Transaction 0xedb16614e0d584ea7a9c3b015909d6a20aa7a40545184f1db4ac6329b0027a31 fetched and parsed in 75.932792ms
[2m2025-12-10T10:11:53.932436Z[0m [34mDEBUG[0m [2methereum_transaction_pool_monitor::mempool_monitor[0m[2m:[0m 🔍 Skipping tx 0xedb16614e0d584ea7a9c3b015909d6a20aa7a40545184f1db4ac6329b0027a31 - not a DEX interaction (target: 0xFf00000000000000000000000000000000008453)
[2m2025-12-10T10:11:53.932444Z[0m [34mDEBUG[0m [2methereum_transaction_pool_monitor::mempool_monitor[0m[2m:[0m 📨 Processing new pending transaction: 0x1ac2f21e17c97a17267d0de51d7b7345db8c65daacbcf278e96b03327bbef3f8
[2m2025-12-10T10:11:53.932449Z[0m [34mDEBUG[0m [2methereum_transaction_pool_monitor::mempool_monitor[0m[2m:[0m 🔍 Fetching transaction details for: 0x1ac2f21e17c97a17267d0de51d7b7345db8c65daacbcf278e96b03327bbef3f8
[2m2025-12-10T10:11:53.932453Z[0m [34mDEBUG[0m [2methereum_transaction_pool_monitor::eth_client[0m[2m:[0m 🔍 Fetching transaction details for hash: 0x1ac2f21e17c97a17267d0de51d7b7345db8c65daacbcf278e96b03327bbef3f8
[2m2025-12-10T10:11:53.932473Z[0m [34mDEBUG[0m [2mhyper::client::pool[0m[2m:[0m reuse idle connection for ("http", 192.168.0.14:8545)
[2m2025-12-10T10:11:53.932502Z[0m [34mDEBUG[0m [2mhyper::proto::h1::io[0m[2m:[0m flushed 250 bytes
[2m2025-12-10T10:11:53.932532Z[0m [34mDEBUG[0m [2mhyper::client::pool[0m[2m:[0m reuse idle connection for ("http", 192.168.0.14:8545)
[2m2025-12-10T10:11:53.932547Z[0m [34mDEBUG[0m [2mhyper::proto::h1::io[0m[2m:[0m flushed 172 bytes
[2m2025-12-10T10:11:53.936799Z[0m [34mDEBUG[0m [2mhyper::proto::h1::io[0m[2m:[0m parsed 4 headers
[2m2025-12-10T10:11:53.936806Z[0m [34mDEBUG[0m [2mhyper::proto::h1::conn[0m[2m:[0m incoming body is content-length (45 bytes)
[2m2025-12-10T10:11:53.936817Z[0m [34mDEBUG[0m [2mhyper::proto::h1::conn[0m[2m:[0m incoming body completed
[2m2025-12-10T10:11:53.936826Z[0m [34mDEBUG[0m [2mhyper::client::pool[0m[2m:[0m pooling idle connection for ("http", 192.168.0.14:8545)
[2m2025-12-10T10:11:53.936846Z[0m [34mDEBUG[0m [2mhyper::proto::h1::io[0m[2m:[0m parsed 4 headers
[2m2025-12-10T10:11:53.936852Z[0m [34mDEBUG[0m [2mhyper::proto::h1::conn[0m[2m:[0m incoming body is content-length (780 bytes)
[2m2025-12-10T10:11:53.936858Z[0m [34mDEBUG[0m [2mhyper::proto::h1::conn[0m[2m:[0m incoming body completed
[2m2025-12-10T10:11:53.936864Z[0m [34mDEBUG[0m [2mhyper::client::pool[0m[2m:[0m pooling idle connection for ("http", 192.168.0.14:8545)
[2m2025-12-10T10:11:53.936869Z[0m [34mDEBUG[0m [2methereum_transaction_pool_monitor::eth_client[0m[2m:[0m 📡 Transaction fetch RPC completed in 4.411459ms
[2m2025-12-10T10:11:53.936884Z[0m [34mDEBUG[0m [2methereum_transaction_pool_monitor::eth_client[0m[2m:[0m DeFi transaction detected - Address: 0xdac17f958d2ee523a2206206994597c13d831ec7, Type: Stablecoin, Value: 0 ETH, Gas: 501.00 Gwei
[2m2025-12-10T10:11:53.936896Z[0m [34mDEBUG[0m [2methereum_transaction_pool_monitor::eth_client[0m[2m:[0m ✅ Transaction 0x1ac2f21e17c97a17267d0de51d7b7345db8c65daacbcf278e96b03327bbef3f8 fetched and parsed in 4.438417ms
[2m2025-12-10T10:11:53.936901Z[0m [34mDEBUG[0m [2methereum_transaction_pool_monitor::mempool_monitor[0m[2m:[0m 🔍 Skipping tx 0x1ac2f21e17c97a17267d0de51d7b7345db8c65daacbcf278e96b03327bbef3f8 - not a DEX interaction (target: 0xdAC17F958D2ee523a2206206994597C13D831ec7)
[2m2025-12-10T10:11:53.936906Z[0m [34mDEBUG[0m [2methereum_transaction_pool_monitor::mempool_monitor[0m[2m:[0m 📨 Processing new pending transaction: 0xdd8c1014f21741b639e8704d4549263f73392fae1add262226d89a53628d4648
[2m2025-12-10T10:11:53.936910Z[0m [34mDEBUG[0m [2methereum_transaction_pool_monitor::mempool_monitor[0m[2m:[0m 🔍 Fetching transaction details for: 0xdd8c1014f21741b639e8704d4549263f73392fae1add262226d89a53628d4648
[2m2025-12-10T10:11:53.936914Z[0m [34mDEBUG[0m [2methereum_transaction_pool_monitor::eth_client[0m[2m:[0m 🔍 Fetching transaction details for hash: 0xdd8c1014f21741b639e8704d4549263f73392fae1add262226d89a53628d4648
[2m2025-12-10T10:11:53.936922Z[0m [34mDEBUG[0m [2mhyper::client::pool[0m[2m:[0m reuse idle connection for ("http", 192.168.0.14:8545)
[2m2025-12-10T10:11:53.936935Z[0m [34mDEBUG[0m [2mhyper::proto::h1::io[0m[2m:[0m flushed 250 bytes
[2m2025-12-10T10:11:53.946820Z[0m [34mDEBUG[0m [2mhyper::proto::h1::io[0m[2m:[0m parsed 4 headers
[2m2025-12-10T10:11:53.949181Z[0m [34mDEBUG[0m [2mhyper::proto::h1::conn[0m[2m:[0m incoming body is content-length (1731 bytes)
[2m2025-12-10T10:11:53.949203Z[0m [34mDEBUG[0m [2methereum_transaction_pool_monitor::eth_client[0m[2m:[0m 📡 Transaction fetch RPC completed in 12.285292ms
[2m2025-12-10T10:11:53.949223Z[0m [34mDEBUG[0m [2mhyper::proto::h1::conn[0m[2m:[0m incoming body completed
[2m2025-12-10T10:11:53.949233Z[0m [34mDEBUG[0m [2mhyper::client::pool[0m[2m:[0m pooling idle connection for ("http", 192.168.0.14:8545)
[2m2025-12-10T10:11:53.999332Z[0m [34mDEBUG[0m [2mhyper::client::pool[0m[2m:[0m reuse idle connection for ("http", 192.168.0.14:8545)
[2m2025-12-10T10:11:54.003483Z[0m [34mDEBUG[0m [2mhyper::proto::h1::io[0m[2m:[0m flushed 172 bytes
[2m2025-12-10T10:11:54.010607Z[0m [34mDEBUG[0m [2mhyper::proto::h1::io[0m[2m:[0m parsed 4 headers
[2m2025-12-10T10:11:54.010622Z[0m [34mDEBUG[0m [2mhyper::proto::h1::conn[0m[2m:[0m incoming body is content-length (45 bytes)
[2m2025-12-10T10:11:54.010631Z[0m [34mDEBUG[0m [2mhyper::proto::h1::conn[0m[2m:[0m incoming body completed
[2m2025-12-10T10:11:54.010641Z[0m [34mDEBUG[0m [2mhyper::client::pool[0m[2m:[0m pooling idle connection for ("http", 192.168.0.14:8545)
[2m2025-12-10T10:11:54.017465Z[0m [34mDEBUG[0m [2methereum_transaction_pool_monitor::eth_client[0m[2m:[0m 📨 Received WebSocket message: {"jsonrpc":"2.0","method":"eth_subscription","params":{"subscription":"0xbed0a0851463e895960a451075a301a9","result":"0xd1b0f4f8b69c8ff788ca984d895508d8b7e8d44bfa6a65acc8c66702e2b4c2e0"}}
[2m2025-12-10T10:11:54.017486Z[0m [34mDEBUG[0m [2methereum_transaction_pool_monitor::eth_client[0m[2m:[0m 📨 Received pending transaction: 0xd1b0f4f8b69c8ff788ca984d895508d8b7e8d44bfa6a65acc8c66702e2b4c2e0
[2m2025-12-10T10:11:54.020902Z[0m [34mDEBUG[0m [2methereum_transaction_pool_monitor::eth_client[0m[2m:[0m ✅ Transaction 0xdd8c1014f21741b639e8704d4549263f73392fae1add262226d89a53628d4648 fetched and parsed in 83.982708ms
[2m2025-12-10T10:11:54.020926Z[0m [34mDEBUG[0m [2methereum_transaction_pool_monitor::mempool_monitor[0m[2m:[0m 🔍 Skipping tx 0xdd8c1014f21741b639e8704d4549263f73392fae1add262226d89a53628d4648 - not a DEX interaction (target: 0x601a2aD6CB5949f0529735254189Ba3194221EDF)
[2m2025-12-10T10:11:54.020937Z[0m [34mDEBUG[0m [2methereum_transaction_pool_monitor::mempool_monitor[0m[2m:[0m 📨 Processing new pending transaction: 0xd1b0f4f8b69c8ff788ca984d895508d8b7e8d44bfa6a65acc8c66702e2b4c2e0
[2m2025-12-10T10:11:54.020943Z[0m [34mDEBUG[0m [2methereum_transaction_pool_monitor::mempool_monitor[0m[2m:[0m 🔍 Fetching transaction details for: 0xd1b0f4f8b69c8ff788ca984d895508d8b7e8d44bfa6a65acc8c66702e2b4c2e0
[2m2025-12-10T10:11:54.020947Z[0m [34mDEBUG[0m [2methereum_transaction_pool_monitor::eth_client[0m[2m:[0m 🔍 Fetching transaction details for hash: 0xd1b0f4f8b69c8ff788ca984d895508d8b7e8d44bfa6a65acc8c66702e2b4c2e0
[2m2025-12-10T10:11:54.020967Z[0m [34mDEBUG[0m [2mhyper::client::pool[0m[2m:[0m reuse idle connection for ("http", 192.168.0.14:8545)
[2m2025-12-10T10:11:54.020995Z[0m [34mDEBUG[0m [2mhyper::proto::h1::io[0m[2m:[0m flushed 250 bytes
[2m2025-12-10T10:11:54.026620Z[0m [34mDEBUG[0m [2mhyper::proto::h1::io[0m[2m:[0m parsed 4 headers
[2m2025-12-10T10:11:54.026643Z[0m [34mDEBUG[0m [2mhyper::proto::h1::conn[0m[2m:[0m incoming body is content-length (778 bytes)
[2m2025-12-10T10:11:54.026684Z[0m [34mDEBUG[0m [2mhyper::proto::h1::conn[0m[2m:[0m incoming body completed
[2m2025-12-10T10:11:54.026692Z[0m [34mDEBUG[0m [2mhyper::client::pool[0m[2m:[0m pooling idle connection for ("http", 192.168.0.14:8545)
[2m2025-12-10T10:11:54.026698Z[0m [34mDEBUG[0m [2methereum_transaction_pool_monitor::eth_client[0m[2m:[0m 📡 Transaction fetch RPC completed in 5.74675ms
[2m2025-12-10T10:11:54.026712Z[0m [34mDEBUG[0m [2methereum_transaction_pool_monitor::eth_client[0m[2m:[0m DeFi transaction detected - Address: 0xdac17f958d2ee523a2206206994597c13d831ec7, Type: Stablecoin, Value: 0 ETH, Gas: 127.50 Gwei
[2m2025-12-10T10:11:54.026725Z[0m [34mDEBUG[0m [2methereum_transaction_pool_monitor::eth_client[0m[2m:[0m ✅ Transaction 0xd1b0f4f8b69c8ff788ca984d895508d8b7e8d44bfa6a65acc8c66702e2b4c2e0 fetched and parsed in 5.773042ms
[2m2025-12-10T10:11:54.026730Z[0m [34mDEBUG[0m [2methereum_transaction_pool_monitor::mempool_monitor[0m[2m:[0m 🔍 Skipping tx 0xd1b0f4f8b69c8ff788ca984d895508d8b7e8d44bfa6a65acc8c66702e2b4c2e0 - not a DEX interaction (target: 0xdAC17F958D2ee523a2206206994597C13D831ec7)
[2m2025-12-10T10:11:54.065883Z[0m [34mDEBUG[0m [2methereum_transaction_pool_monitor::eth_client[0m[2m:[0m 📨 Received WebSocket message: {"jsonrpc":"2.0","method":"eth_subscription","params":{"subscription":"0xbed0a0851463e895960a451075a301a9","result":"0x85f4915ce71fb5ce1e95eead6c3a98dc511db70d7d09bf6aa3ac8e1027ba65cd"}}
[2m2025-12-10T10:11:54.065900Z[0m [34mDEBUG[0m [2methereum_transaction_pool_monitor::eth_client[0m[2m:[0m 📨 Received pending transaction: 0x85f4915ce71fb5ce1e95eead6c3a98dc511db70d7d09bf6aa3ac8e1027ba65cd
[2m2025-12-10T10:11:54.065907Z[0m [34mDEBUG[0m [2methereum_transaction_pool_monitor::mempool_monitor[0m[2m:[0m 📨 Processing new pending transaction: 0x85f4915ce71fb5ce1e95eead6c3a98dc511db70d7d09bf6aa3ac8e1027ba65cd
[2m2025-12-10T10:11:54.065912Z[0m [34mDEBUG[0m [2methereum_transaction_pool_monitor::mempool_monitor[0m[2m:[0m 🔍 Fetching transaction details for: 0x85f4915ce71fb5ce1e95eead6c3a98dc511db70d7d09bf6aa3ac8e1027ba65cd
[2m2025-12-10T10:11:54.065916Z[0m [34mDEBUG[0m [2methereum_transaction_pool_monitor::eth_client[0m[2m:[0m 🔍 Fetching transaction details for hash: 0x85f4915ce71fb5ce1e95eead6c3a98dc511db70d7d09bf6aa3ac8e1027ba65cd
[2m2025-12-10T10:11:54.065933Z[0m [34mDEBUG[0m [2mhyper::client::pool[0m[2m:[0m reuse idle connection for ("http", 192.168.0.14:8545)
[2m2025-12-10T10:11:54.065954Z[0m [34mDEBUG[0m [2mhyper::proto::h1::io[0m[2m:[0m flushed 250 bytes
[2m2025-12-10T10:11:54.069707Z[0m [34mDEBUG[0m [2mhyper::proto::h1::io[0m[2m:[0m parsed 4 headers
[2m2025-12-10T10:11:54.069720Z[0m [34mDEBUG[0m [2mhyper::proto::h1::conn[0m[2m:[0m incoming body is content-length (778 bytes)
[2m2025-12-10T10:11:54.069731Z[0m [34mDEBUG[0m [2mhyper::proto::h1::conn[0m[2m:[0m incoming body completed
[2m2025-12-10T10:11:54.069744Z[0m [34mDEBUG[0m [2mhyper::client::pool[0m[2m:[0m pooling idle connection for ("http", 192.168.0.14:8545)
[2m2025-12-10T10:11:54.069751Z[0m [34mDEBUG[0m [2methereum_transaction_pool_monitor::eth_client[0m[2m:[0m 📡 Transaction fetch RPC completed in 3.831625ms
[2m2025-12-10T10:11:54.070013Z[0m [34mDEBUG[0m [2methereum_transaction_pool_monitor::eth_client[0m[2m:[0m DeFi transaction detected - Address: 0xdac17f958d2ee523a2206206994597c13d831ec7, Type: Stablecoin, Value: 0 ETH, Gas: 127.50 Gwei
[2m2025-12-10T10:11:54.070029Z[0m [34mDEBUG[0m [2methereum_transaction_pool_monitor::eth_client[0m[2m:[0m ✅ Transaction 0x85f4915ce71fb5ce1e95eead6c3a98dc511db70d7d09bf6aa3ac8e1027ba65cd fetched and parsed in 4.1095ms
[2m2025-12-10T10:11:54.070037Z[0m [34mDEBUG[0m [2methereum_transaction_pool_monitor::mempool_monitor[0m[2m:[0m 🔍 Skipping tx 0x85f4915ce71fb5ce1e95eead6c3a98dc511db70d7d09bf6aa3ac8e1027ba65cd - not a DEX interaction (target: 0xdAC17F958D2ee523a2206206994597C13D831ec7)
[2m2025-12-10T10:11:54.081992Z[0m [34mDEBUG[0m [2methereum_transaction_pool_monitor::eth_client[0m[2m:[0m 📨 Received WebSocket message: {"jsonrpc":"2.0","method":"eth_subscription","params":{"subscription":"0xbed0a0851463e895960a451075a301a9","result":"0x14f1381fc9276829a7051351c519e2fc2ecfba16b38628cb4cb666277b7ec942"}}
[2m2025-12-10T10:11:54.082006Z[0m [34mDEBUG[0m [2methereum_transaction_pool_monitor::eth_client[0m[2m:[0m 📨 Received pending transaction: 0x14f1381fc9276829a7051351c519e2fc2ecfba16b38628cb4cb666277b7ec942
[2m2025-12-10T10:11:54.082013Z[0m [34mDEBUG[0m [2methereum_transaction_pool_monitor::mempool_monitor[0m[2m:[0m 📨 Processing new pending transaction: 0x14f1381fc9276829a7051351c519e2fc2ecfba16b38628cb4cb666277b7ec942
[2m2025-12-10T10:11:54.082017Z[0m [34mDEBUG[0m [2methereum_transaction_pool_monitor::mempool_monitor[0m[2m:[0m 🔍 Fetching transaction details for: 0x14f1381fc9276829a7051351c519e2fc2ecfba16b38628cb4cb666277b7ec942
[2m2025-12-10T10:11:54.082021Z[0m [34mDEBUG[0m [2methereum_transaction_pool_monitor::eth_client[0m[2m:[0m 🔍 Fetching transaction details for hash: 0x14f1381fc9276829a7051351c519e2fc2ecfba16b38628cb4cb666277b7ec942
[2m2025-12-10T10:11:54.082035Z[0m [34mDEBUG[0m [2mhyper::client::pool[0m[2m:[0m reuse idle connection for ("http", 192.168.0.14:8545)
[2m2025-12-10T10:11:54.082053Z[0m [34mDEBUG[0m [2mhyper::proto::h1::io[0m[2m:[0m flushed 250 bytes
[2m2025-12-10T10:11:54.085717Z[0m [34mDEBUG[0m [2mhyper::proto::h1::io[0m[2m:[0m parsed 4 headers
[2m2025-12-10T10:11:54.085725Z[0m [34mDEBUG[0m [2mhyper::proto::h1::conn[0m[2m:[0m incoming body is content-length (551 bytes)
[2m2025-12-10T10:11:54.085733Z[0m [34mDEBUG[0m [2mhyper::proto::h1::conn[0m[2m:[0m incoming body completed
[2m2025-12-10T10:11:54.085741Z[0m [34mDEBUG[0m [2mhyper::client::pool[0m[2m:[0m pooling idle connection for ("http", 192.168.0.14:8545)
[2m2025-12-10T10:11:54.085748Z[0m [34mDEBUG[0m [2methereum_transaction_pool_monitor::eth_client[0m[2m:[0m 📡 Transaction fetch RPC completed in 3.722833ms
[2m2025-12-10T10:11:54.156935Z[0m [34mDEBUG[0m [2methereum_transaction_pool_monitor::eth_client[0m[2m:[0m ✅ Transaction 0x14f1381fc9276829a7051351c519e2fc2ecfba16b38628cb4cb666277b7ec942 fetched and parsed in 74.907792ms
[2m2025-12-10T10:11:54.156961Z[0m [34mDEBUG[0m [2methereum_transaction_pool_monitor::mempool_monitor[0m[2m:[0m 🔍 Skipping tx 0x14f1381fc9276829a7051351c519e2fc2ecfba16b38628cb4cb666277b7ec942 - not a DEX interaction (target: 0xC3A807FF9B83b27Df128Df5A0bcBf212Eb3FF931)
[2m2025-12-10T10:11:54.157015Z[0m [34mDEBUG[0m [2mhyper::client::pool[0m[2m:[0m reuse idle connection for ("http", 192.168.0.14:8545)
[2m2025-12-10T10:11:54.157063Z[0m [34mDEBUG[0m [2mhyper::proto::h1::io[0m[2m:[0m flushed 172 bytes
[2m2025-12-10T10:11:54.160990Z[0m [34mDEBUG[0m [2mhyper::proto::h1::io[0m[2m:[0m parsed 4 headers
[2m2025-12-10T10:11:54.164994Z[0m [34mDEBUG[0m [2mhyper::proto::h1::conn[0m[2m:[0m incoming body is content-length (45 bytes)
[2m2025-12-10T10:11:54.165027Z[0m [34mDEBUG[0m [2mhyper::proto::h1::conn[0m[2m:[0m incoming body completed
[2m2025-12-10T10:11:54.165059Z[0m [34mDEBUG[0m [2mhyper::client::pool[0m[2m:[0m pooling idle connection for ("http", 192.168.0.14:8545)
[2m2025-12-10T10:11:54.199152Z[0m [34mDEBUG[0m [2mhyper::client::pool[0m[2m:[0m reuse idle connection for ("http", 192.168.0.14:8545)
[2m2025-12-10T10:11:54.199236Z[0m [34mDEBUG[0m [2mhyper::proto::h1::io[0m[2m:[0m flushed 172 bytes
[2m2025-12-10T10:11:54.201932Z[0m [34mDEBUG[0m [2mhyper::proto::h1::io[0m[2m:[0m parsed 4 headers
[2m2025-12-10T10:11:54.201941Z[0m [34mDEBUG[0m [2mhyper::proto::h1::conn[0m[2m:[0m incoming body is content-length (45 bytes)
[2m2025-12-10T10:11:54.201948Z[0m [34mDEBUG[0m [2mhyper::proto::h1::conn[0m[2m:[0m incoming body completed
[2m2025-12-10T10:11:54.201955Z[0m [34mDEBUG[0m [2mhyper::client::pool[0m[2m:[0m pooling idle connection for ("http", 192.168.0.14:8545)
[2m2025-12-10T10:11:54.235472Z[0m [34mDEBUG[0m [2methereum_transaction_pool_monitor::eth_client[0m[2m:[0m 📨 Received WebSocket message: {"jsonrpc":"2.0","method":"eth_subscription","params":{"subscription":"0xbed0a0851463e895960a451075a301a9","result":"0x5e20ea3742f3f315162e7cf9dec2780ffe24608dc4bf3d5c81ef09e1e072dd9d"}}
[2m2025-12-10T10:11:54.235494Z[0m [34mDEBUG[0m [2methereum_transaction_pool_monitor::eth_client[0m[2m:[0m 📨 Received pending transaction: 0x5e20ea3742f3f315162e7cf9dec2780ffe24608dc4bf3d5c81ef09e1e072dd9d
[2m2025-12-10T10:11:54.235502Z[0m [34mDEBUG[0m [2methereum_transaction_pool_monitor::mempool_monitor[0m[2m:[0m 📨 Processing new pending transaction: 0x5e20ea3742f3f315162e7cf9dec2780ffe24608dc4bf3d5c81ef09e1e072dd9d
[2m2025-12-10T10:11:54.235507Z[0m [34mDEBUG[0m [2methereum_transaction_pool_monitor::mempool_monitor[0m[2m:[0m 🔍 Fetching transaction details for: 0x5e20ea3742f3f315162e7cf9dec2780ffe24608dc4bf3d5c81ef09e1e072dd9d
[2m2025-12-10T10:11:54.235512Z[0m [34mDEBUG[0m [2methereum_transaction_pool_monitor::eth_client[0m[2m:[0m 🔍 Fetching transaction details for hash: 0x5e20ea3742f3f315162e7cf9dec2780ffe24608dc4bf3d5c81ef09e1e072dd9d
[2m2025-12-10T10:11:54.235528Z[0m [34mDEBUG[0m [2mhyper::client::pool[0m[2m:[0m reuse idle connection for ("http", 192.168.0.14:8545)
[2m2025-12-10T10:11:54.235548Z[0m [34mDEBUG[0m [2mhyper::proto::h1::io[0m[2m:[0m flushed 250 bytes
[2m2025-12-10T10:11:54.240892Z[0m [34mDEBUG[0m [2mhyper::proto::h1::io[0m[2m:[0m parsed 4 headers
[2m2025-12-10T10:11:54.240901Z[0m [34mDEBUG[0m [2mhyper::proto::h1::conn[0m[2m:[0m incoming body is content-length (645 bytes)
[2m2025-12-10T10:11:54.240908Z[0m [34mDEBUG[0m [2mhyper::proto::h1::conn[0m[2m:[0m incoming body completed
[2m2025-12-10T10:11:54.240917Z[0m [34mDEBUG[0m [2mhyper::client::pool[0m[2m:[0m pooling idle connection for ("http", 192.168.0.14:8545)
[2m2025-12-10T10:11:54.240924Z[0m [34mDEBUG[0m [2methereum_transaction_pool_monitor::eth_client[0m[2m:[0m 📡 Transaction fetch RPC completed in 5.408375ms
[2m2025-12-10T10:11:54.313171Z[0m [34mDEBUG[0m [2methereum_transaction_pool_monitor::eth_client[0m[2m:[0m ✅ Transaction 0x5e20ea3742f3f315162e7cf9dec2780ffe24608dc4bf3d5c81ef09e1e072dd9d fetched and parsed in 77.652334ms
[2m2025-12-10T10:11:54.313198Z[0m [34mDEBUG[0m [2methereum_transaction_pool_monitor::mempool_monitor[0m[2m:[0m 🔍 Skipping tx 0x5e20ea3742f3f315162e7cf9dec2780ffe24608dc4bf3d5c81ef09e1e072dd9d - not a DEX interaction (target: 0x67be8cE27EF8158d51d8593bb5B26eAfacC955d9)
[2m2025-12-10T10:11:54.313235Z[0m [34mDEBUG[0m [2mhyper::client::pool[0m[2m:[0m reuse idle connection for ("http", 192.168.0.14:8545)
[2m2025-12-10T10:11:54.313269Z[0m [34mDEBUG[0m [2mhyper::proto::h1::io[0m[2m:[0m flushed 172 bytes
[2m2025-12-10T10:11:54.313297Z[0m [34mDEBUG[0m [2methereum_transaction_pool_monitor::eth_client[0m[2m:[0m 📨 Received WebSocket message: {"jsonrpc":"2.0","method":"eth_subscription","params":{"subscription":"0xbed0a0851463e895960a451075a301a9","result":"0x3bf837e68f9235448cbeca602f4a7215b8121aaa37a65c4969da345890de285e"}}
[2m2025-12-10T10:11:54.313306Z[0m [34mDEBUG[0m [2methereum_transaction_pool_monitor::eth_client[0m[2m:[0m 📨 Received pending transaction: 0x3bf837e68f9235448cbeca602f4a7215b8121aaa37a65c4969da345890de285e
[2m2025-12-10T10:11:54.313312Z[0m [34mDEBUG[0m [2methereum_transaction_pool_monitor::eth_client[0m[2m:[0m 📨 Received WebSocket message: {"jsonrpc":"2.0","method":"eth_subscription","params":{"subscription":"0xbed0a0851463e895960a451075a301a9","result":"0xc219414bed65a66a5489db40aa01f38fa514ae37548cfd94b9138821f9195d98"}}
[2m2025-12-10T10:11:54.313319Z[0m [34mDEBUG[0m [2methereum_transaction_pool_monitor::eth_client[0m[2m:[0m 📨 Received pending transaction: 0xc219414bed65a66a5489db40aa01f38fa514ae37548cfd94b9138821f9195d98
[2m2025-12-10T10:11:54.313325Z[0m [34mDEBUG[0m [2methereum_transaction_pool_monitor::mempool_monitor[0m[2m:[0m 📨 Processing new pending transaction: 0x3bf837e68f9235448cbeca602f4a7215b8121aaa37a65c4969da345890de285e
[2m2025-12-10T10:11:54.313331Z[0m [34mDEBUG[0m [2methereum_transaction_pool_monitor::mempool_monitor[0m[2m:[0m 🔍 Fetching transaction details for: 0x3bf837e68f9235448cbeca602f4a7215b8121aaa37a65c4969da345890de285e
[2m2025-12-10T10:11:54.313336Z[0m [34mDEBUG[0m [2methereum_transaction_pool_monitor::eth_client[0m[2m:[0m 🔍 Fetching transaction details for hash: 0x3bf837e68f9235448cbeca602f4a7215b8121aaa37a65c4969da345890de285e
[2m2025-12-10T10:11:54.313346Z[0m [34mDEBUG[0m [2mhyper::client::pool[0m[2m:[0m reuse idle connection for ("http", 192.168.0.14:8545)
[2m2025-12-10T10:11:54.313363Z[0m [34mDEBUG[0m [2mhyper::proto::h1::io[0m[2m:[0m flushed 250 bytes
[2m2025-12-10T10:11:54.317934Z[0m [34mDEBUG[0m [2mhyper::proto::h1::io[0m[2m:[0m parsed 4 headers
[2m2025-12-10T10:11:54.317971Z[0m [34mDEBUG[0m [2mhyper::proto::h1::conn[0m[2m:[0m incoming body is content-length (45 bytes)
[2m2025-12-10T10:11:54.317984Z[0m [34mDEBUG[0m [2mhyper::proto::h1::conn[0m[2m:[0m incoming body completed
[2m2025-12-10T10:11:54.318008Z[0m [34mDEBUG[0m [2mhyper::client::pool[0m[2m:[0m pooling idle connection for ("http", 192.168.0.14:8545)
[2m2025-12-10T10:11:54.324054Z[0m [34mDEBUG[0m [2mhyper::proto::h1::io[0m[2m:[0m parsed 4 headers
[2m2025-12-10T10:11:54.324063Z[0m [34mDEBUG[0m [2mhyper::proto::h1::conn[0m[2m:[0m incoming body is content-length (4034 bytes)
[2m2025-12-10T10:11:54.324069Z[0m [34mDEBUG[0m [2mhyper::proto::h1::conn[0m[2m:[0m incoming body completed
[2m2025-12-10T10:11:54.324077Z[0m [34mDEBUG[0m [2mhyper::client::pool[0m[2m:[0m pooling idle connection for ("http", 192.168.0.14:8545)
[2m2025-12-10T10:11:54.324083Z[0m [34mDEBUG[0m [2methereum_transaction_pool_monitor::eth_client[0m[2m:[0m 📡 Transaction fetch RPC completed in 10.741583ms
[2m2025-12-10T10:11:54.395696Z[0m [34mDEBUG[0m [2methereum_transaction_pool_monitor::eth_client[0m[2m:[0m ✅ Transaction 0x3bf837e68f9235448cbeca602f4a7215b8121aaa37a65c4969da345890de285e fetched and parsed in 82.352375ms
[2m2025-12-10T10:11:54.395715Z[0m [34mDEBUG[0m [2methereum_transaction_pool_monitor::mempool_monitor[0m[2m:[0m 🔍 Skipping tx 0x3bf837e68f9235448cbeca602f4a7215b8121aaa37a65c4969da345890de285e - not a DEX interaction (target: 0x2Cb2A5Fc26c4C6f2dBF4902c9521De50aa78a4ED)
[2m2025-12-10T10:11:54.395727Z[0m [34mDEBUG[0m [2methereum_transaction_pool_monitor::mempool_monitor[0m[2m:[0m 📨 Processing new pending transaction: 0xc219414bed65a66a5489db40aa01f38fa514ae37548cfd94b9138821f9195d98
[2m2025-12-10T10:11:54.395733Z[0m [34mDEBUG[0m [2methereum_transaction_pool_monitor::mempool_monitor[0m[2m:[0m 🔍 Fetching transaction details for: 0xc219414bed65a66a5489db40aa01f38fa514ae37548cfd94b9138821f9195d98
[2m2025-12-10T10:11:54.395738Z[0m [34mDEBUG[0m [2methereum_transaction_pool_monitor::eth_client[0m[2m:[0m 🔍 Fetching transaction details for hash: 0xc219414bed65a66a5489db40aa01f38fa514ae37548cfd94b9138821f9195d98
[2m2025-12-10T10:11:54.395756Z[0m [34mDEBUG[0m [2mhyper::client::pool[0m[2m:[0m reuse idle connection for ("http", 192.168.0.14:8545)
[2m2025-12-10T10:11:54.395779Z[0m [34mDEBUG[0m [2mhyper::proto::h1::io[0m[2m:[0m flushed 250 bytes
[2m2025-12-10T10:11:54.398326Z[0m [34mDEBUG[0m [2mhyper::client::pool[0m[2m:[0m reuse idle connection for ("http", 192.168.0.14:8545)
[2m2025-12-10T10:11:54.398360Z[0m [34mDEBUG[0m [2mhyper::proto::h1::io[0m[2m:[0m flushed 172 bytes
[2m2025-12-10T10:11:54.400111Z[0m [34mDEBUG[0m [2mhyper::proto::h1::io[0m[2m:[0m parsed 4 headers
[2m2025-12-10T10:11:54.400118Z[0m [34mDEBUG[0m [2mhyper::proto::h1::conn[0m[2m:[0m incoming body is content-length (1731 bytes)
[2m2025-12-10T10:11:54.400125Z[0m [34mDEBUG[0m [2mhyper::proto::h1::conn[0m[2m:[0m incoming body completed
[2m2025-12-10T10:11:54.400134Z[0m [34mDEBUG[0m [2mhyper::client::pool[0m[2m:[0m pooling idle connection for ("http", 192.168.0.14:8545)
[2m2025-12-10T10:11:54.400141Z[0m [34mDEBUG[0m [2methereum_transaction_pool_monitor::eth_client[0m[2m:[0m 📡 Transaction fetch RPC completed in 4.398166ms
[2m2025-12-10T10:11:54.471880Z[0m [34mDEBUG[0m [2methereum_transaction_pool_monitor::eth_client[0m[2m:[0m ✅ Transaction 0xc219414bed65a66a5489db40aa01f38fa514ae37548cfd94b9138821f9195d98 fetched and parsed in 76.134333ms
[2m2025-12-10T10:11:54.471909Z[0m [34mDEBUG[0m [2methereum_transaction_pool_monitor::mempool_monitor[0m[2m:[0m 🔍 Skipping tx 0xc219414bed65a66a5489db40aa01f38fa514ae37548cfd94b9138821f9195d98 - not a DEX interaction (target: 0x601a2aD6CB5949f0529735254189Ba3194221EDF)
[2m2025-12-10T10:11:54.471951Z[0m [34mDEBUG[0m [2mhyper::proto::h1::io[0m[2m:[0m parsed 4 headers
[2m2025-12-10T10:11:54.471961Z[0m [34mDEBUG[0m [2mhyper::proto::h1::conn[0m[2m:[0m incoming body is content-length (45 bytes)
[2m2025-12-10T10:11:54.471971Z[0m [34mDEBUG[0m [2mhyper::proto::h1::conn[0m[2m:[0m incoming body completed
[2m2025-12-10T10:11:54.471971Z[0m [34mDEBUG[0m [2methereum_transaction_pool_monitor::eth_client[0m[2m:[0m 📨 Received WebSocket message: {"jsonrpc":"2.0","method":"eth_subscription","params":{"subscription":"0xbed0a0851463e895960a451075a301a9","result":"0xb475df11729f1f9021756e94e5999b7b7bcd29423532a4b2cce802c75206a350"}}
[2m2025-12-10T10:11:54.471986Z[0m [34mDEBUG[0m [2mhyper::client::pool[0m[2m:[0m pooling idle connection for ("http", 192.168.0.14:8545)
[2m2025-12-10T10:11:54.471991Z[0m [34mDEBUG[0m [2methereum_transaction_pool_monitor::eth_client[0m[2m:[0m 📨 Received pending transaction: 0xb475df11729f1f9021756e94e5999b7b7bcd29423532a4b2cce802c75206a350
[2m2025-12-10T10:11:54.472014Z[0m [34mDEBUG[0m [2methereum_transaction_pool_monitor::mempool_monitor[0m[2m:[0m 📨 Processing new pending transaction: 0xb475df11729f1f9021756e94e5999b7b7bcd29423532a4b2cce802c75206a350
[2m2025-12-10T10:11:54.472021Z[0m [34mDEBUG[0m [2methereum_transaction_pool_monitor::mempool_monitor[0m[2m:[0m 🔍 Fetching transaction details for: 0xb475df11729f1f9021756e94e5999b7b7bcd29423532a4b2cce802c75206a350
[2m2025-12-10T10:11:54.472029Z[0m [34mDEBUG[0m [2methereum_transaction_pool_monitor::eth_client[0m[2m:[0m 🔍 Fetching transaction details for hash: 0xb475df11729f1f9021756e94e5999b7b7bcd29423532a4b2cce802c75206a350
[2m2025-12-10T10:11:54.472046Z[0m [34mDEBUG[0m [2mhyper::client::pool[0m[2m:[0m reuse idle connection for ("http", 192.168.0.14:8545)
[2m2025-12-10T10:11:54.472066Z[0m [34mDEBUG[0m [2mhyper::proto::h1::io[0m[2m:[0m flushed 250 bytes
[2m2025-12-10T10:11:54.480683Z[0m [34mDEBUG[0m [2mhyper::proto::h1::io[0m[2m:[0m parsed 4 headers
[2m2025-12-10T10:11:54.480698Z[0m [34mDEBUG[0m [2mhyper::proto::h1::conn[0m[2m:[0m incoming body is content-length (4891 bytes)
[2m2025-12-10T10:11:54.480713Z[0m [34mDEBUG[0m [2methereum_transaction_pool_monitor::eth_client[0m[2m:[0m 📡 Transaction fetch RPC completed in 8.677667ms
[2m2025-12-10T10:11:54.482457Z[0m [34mDEBUG[0m [2mhyper::proto::h1::conn[0m[2m:[0m incoming body completed
[2m2025-12-10T10:11:54.482559Z[0m [34mDEBUG[0m [2mhyper::client::pool[0m[2m:[0m pooling idle connection for ("http", 192.168.0.14:8545)
[2m2025-12-10T10:11:54.499595Z[0m [34mDEBUG[0m [2mhyper::client::pool[0m[2m:[0m reuse idle connection for ("http", 192.168.0.14:8545)
[2m2025-12-10T10:11:54.499660Z[0m [34mDEBUG[0m [2mhyper::proto::h1::io[0m[2m:[0m flushed 172 bytes
[2m2025-12-10T10:11:54.502607Z[0m [34mDEBUG[0m [2mhyper::proto::h1::io[0m[2m:[0m parsed 4 headers
[2m2025-12-10T10:11:54.502623Z[0m [34mDEBUG[0m [2mhyper::proto::h1::conn[0m[2m:[0m incoming body is content-length (45 bytes)
[2m2025-12-10T10:11:54.502631Z[0m [34mDEBUG[0m [2mhyper::proto::h1::conn[0m[2m:[0m incoming body completed
[2m2025-12-10T10:11:54.502640Z[0m [34mDEBUG[0m [2mhyper::client::pool[0m[2m:[0m pooling idle connection for ("http", 192.168.0.14:8545)
[2m2025-12-10T10:11:54.524077Z[0m [34mDEBUG[0m [2methereum_transaction_pool_monitor::eth_client[0m[2m:[0m 📨 Received WebSocket message: {"jsonrpc":"2.0","method":"eth_subscription","params":{"subscription":"0xbed0a0851463e895960a451075a301a9","result":"0x4a6859696069ffbe2f798103440461ae0e37bf4d0657e59407e36c872be53106"}}
[2m2025-12-10T10:11:54.524146Z[0m [34mDEBUG[0m [2methereum_transaction_pool_monitor::eth_client[0m[2m:[0m 📨 Received pending transaction: 0x4a6859696069ffbe2f798103440461ae0e37bf4d0657e59407e36c872be53106
[2m2025-12-10T10:11:54.554179Z[0m [34mDEBUG[0m [2methereum_transaction_pool_monitor::eth_client[0m[2m:[0m ✅ Transaction 0xb475df11729f1f9021756e94e5999b7b7bcd29423532a4b2cce802c75206a350 fetched and parsed in 82.141667ms
[2m2025-12-10T10:11:54.554208Z[0m [34mDEBUG[0m [2methereum_transaction_pool_monitor::mempool_monitor[0m[2m:[0m 🔍 Skipping tx 0xb475df11729f1f9021756e94e5999b7b7bcd29423532a4b2cce802c75206a350 - not a DEX interaction (target: 0x9008D19f58AAbD9eD0D60971565AA8510560ab41)
[2m2025-12-10T10:11:54.554218Z[0m [34mDEBUG[0m [2methereum_transaction_pool_monitor::mempool_monitor[0m[2m:[0m 📨 Processing new pending transaction: 0x4a6859696069ffbe2f798103440461ae0e37bf4d0657e59407e36c872be53106
[2m2025-12-10T10:11:54.554223Z[0m [34mDEBUG[0m [2methereum_transaction_pool_monitor::mempool_monitor[0m[2m:[0m 🔍 Fetching transaction details for: 0x4a6859696069ffbe2f798103440461ae0e37bf4d0657e59407e36c872be53106
[2m2025-12-10T10:11:54.554228Z[0m [34mDEBUG[0m [2methereum_transaction_pool_monitor::eth_client[0m[2m:[0m 🔍 Fetching transaction details for hash: 0x4a6859696069ffbe2f798103440461ae0e37bf4d0657e59407e36c872be53106
[2m2025-12-10T10:11:54.554247Z[0m [34mDEBUG[0m [2mhyper::client::pool[0m[2m:[0m reuse idle connection for ("http", 192.168.0.14:8545)
[2m2025-12-10T10:11:54.554285Z[0m [34mDEBUG[0m [2mhyper::proto::h1::io[0m[2m:[0m flushed 250 bytes
[2m2025-12-10T10:11:54.560811Z[0m [34mDEBUG[0m [2mhyper::proto::h1::io[0m[2m:[0m parsed 4 headers
[2m2025-12-10T10:11:54.560849Z[0m [34mDEBUG[0m [2mhyper::proto::h1::conn[0m[2m:[0m incoming body is content-length (1731 bytes)
[2m2025-12-10T10:11:54.560886Z[0m [34mDEBUG[0m [2methereum_transaction_pool_monitor::eth_client[0m[2m:[0m 📡 Transaction fetch RPC completed in 6.6535ms
[2m2025-12-10T10:11:54.561532Z[0m [34mDEBUG[0m [2mhyper::proto::h1::conn[0m[2m:[0m incoming body completed
[2m2025-12-10T10:11:54.561564Z[0m [34mDEBUG[0m [2mhyper::client::pool[0m[2m:[0m pooling idle connection for ("http", 192.168.0.14:8545)
[2m2025-12-10T10:11:54.599620Z[0m [34mDEBUG[0m [2mhyper::client::pool[0m[2m:[0m reuse idle connection for ("http", 192.168.0.14:8545)
[2m2025-12-10T10:11:54.603299Z[0m [34mDEBUG[0m [2mhyper::proto::h1::io[0m[2m:[0m flushed 172 bytes
[2m2025-12-10T10:11:54.606038Z[0m [34mDEBUG[0m [2mhyper::proto::h1::io[0m[2m:[0m parsed 4 headers
[2m2025-12-10T10:11:54.606053Z[0m [34mDEBUG[0m [2mhyper::proto::h1::conn[0m[2m:[0m incoming body is content-length (45 bytes)
[2m2025-12-10T10:11:54.606061Z[0m [34mDEBUG[0m [2mhyper::proto::h1::conn[0m[2m:[0m incoming body completed
[2m2025-12-10T10:11:54.606071Z[0m [34mDEBUG[0m [2mhyper::client::pool[0m[2m:[0m pooling idle connection for ("http", 192.168.0.14:8545)
[2m2025-12-10T10:11:54.632890Z[0m [34mDEBUG[0m [2methereum_transaction_pool_monitor::eth_client[0m[2m:[0m ✅ Transaction 0x4a6859696069ffbe2f798103440461ae0e37bf4d0657e59407e36c872be53106 fetched and parsed in 78.65425ms
[2m2025-12-10T10:11:54.632914Z[0m [34mDEBUG[0m [2methereum_transaction_pool_monitor::mempool_monitor[0m[2m:[0m 🔍 Skipping tx 0x4a6859696069ffbe2f798103440461ae0e37bf4d0657e59407e36c872be53106 - not a DEX interaction (target: 0x601a2aD6CB5949f0529735254189Ba3194221EDF)
[2m2025-12-10T10:11:54.646116Z[0m [34mDEBUG[0m [2methereum_transaction_pool_monitor::eth_client[0m[2m:[0m 📨 Received WebSocket message: {"jsonrpc":"2.0","method":"eth_subscription","params":{"subscription":"0xbed0a0851463e895960a451075a301a9","result":"0x978824d0cb5d8dc346923fd38a86911a79dfb6cff9164677fafd6c7d81a7e55d"}}
[2m2025-12-10T10:11:54.646130Z[0m [34mDEBUG[0m [2methereum_transaction_pool_monitor::eth_client[0m[2m:[0m 📨 Received pending transaction: 0x978824d0cb5d8dc346923fd38a86911a79dfb6cff9164677fafd6c7d81a7e55d
[2m2025-12-10T10:11:54.646137Z[0m [34mDEBUG[0m [2methereum_transaction_pool_monitor::mempool_monitor[0m[2m:[0m 📨 Processing new pending transaction: 0x978824d0cb5d8dc346923fd38a86911a79dfb6cff9164677fafd6c7d81a7e55d
[2m2025-12-10T10:11:54.646141Z[0m [34mDEBUG[0m [2methereum_transaction_pool_monitor::mempool_monitor[0m[2m:[0m 🔍 Fetching transaction details for: 0x978824d0cb5d8dc346923fd38a86911a79dfb6cff9164677fafd6c7d81a7e55d
[2m2025-12-10T10:11:54.646146Z[0m [34mDEBUG[0m [2methereum_transaction_pool_monitor::eth_client[0m[2m:[0m 🔍 Fetching transaction details for hash: 0x978824d0cb5d8dc346923fd38a86911a79dfb6cff9164677fafd6c7d81a7e55d
[2m2025-12-10T10:11:54.646161Z[0m [34mDEBUG[0m [2mhyper::client::pool[0m[2m:[0m reuse idle connection for ("http", 192.168.0.14:8545)
[2m2025-12-10T10:11:54.646181Z[0m [34mDEBUG[0m [2mhyper::proto::h1::io[0m[2m:[0m flushed 250 bytes
[2m2025-12-10T10:11:54.653597Z[0m [34mDEBUG[0m [2mhyper::proto::h1::io[0m[2m:[0m parsed 4 headers
[2m2025-12-10T10:11:54.653605Z[0m [34mDEBUG[0m [2mhyper::proto::h1::conn[0m[2m:[0m incoming body is content-length (4352 bytes)
[2m2025-12-10T10:11:54.653619Z[0m [34mDEBUG[0m [2methereum_transaction_pool_monitor::eth_client[0m[2m:[0m 📡 Transaction fetch RPC completed in 7.469208ms
[2m2025-12-10T10:11:54.655401Z[0m [34mDEBUG[0m [2mhyper::proto::h1::conn[0m[2m:[0m incoming body completed
[2m2025-12-10T10:11:54.655416Z[0m [34mDEBUG[0m [2mhyper::client::pool[0m[2m:[0m pooling idle connection for ("http", 192.168.0.14:8545)
[2m2025-12-10T10:11:54.699460Z[0m [34mDEBUG[0m [2mhyper::client::pool[0m[2m:[0m reuse idle connection for ("http", 192.168.0.14:8545)
[2m2025-12-10T10:11:54.699521Z[0m [34mDEBUG[0m [2mhyper::proto::h1::io[0m[2m:[0m flushed 172 bytes
[2m2025-12-10T10:11:54.703003Z[0m [34mDEBUG[0m [2methereum_transaction_pool_monitor::eth_client[0m[2m:[0m 📨 Received WebSocket message: {"jsonrpc":"2.0","method":"eth_subscription","params":{"subscription":"0xbed0a0851463e895960a451075a301a9","result":"0x69593bd3c22dbfa1290040ec6e99a4b670502671824434b822d5a1d6a5a2993d"}}
[2m2025-12-10T10:11:54.703014Z[0m [34mDEBUG[0m [2methereum_transaction_pool_monitor::eth_client[0m[2m:[0m 📨 Received pending transaction: 0x69593bd3c22dbfa1290040ec6e99a4b670502671824434b822d5a1d6a5a2993d
[2m2025-12-10T10:11:54.703027Z[0m [34mDEBUG[0m [2mhyper::proto::h1::io[0m[2m:[0m parsed 4 headers
[2m2025-12-10T10:11:54.703031Z[0m [34mDEBUG[0m [2mhyper::proto::h1::conn[0m[2m:[0m incoming body is content-length (45 bytes)
[2m2025-12-10T10:11:54.703038Z[0m [34mDEBUG[0m [2mhyper::proto::h1::conn[0m[2m:[0m incoming body completed
[2m2025-12-10T10:11:54.703046Z[0m [34mDEBUG[0m [2mhyper::client::pool[0m[2m:[0m pooling idle connection for ("http", 192.168.0.14:8545)
[2m2025-12-10T10:11:54.726970Z[0m [34mDEBUG[0m [2methereum_transaction_pool_monitor::eth_client[0m[2m:[0m ✅ Transaction 0x978824d0cb5d8dc346923fd38a86911a79dfb6cff9164677fafd6c7d81a7e55d fetched and parsed in 80.818125ms
[2m2025-12-10T10:11:54.726997Z[0m [34mDEBUG[0m [2methereum_transaction_pool_monitor::mempool_monitor[0m[2m:[0m 🔍 Skipping tx 0x978824d0cb5d8dc346923fd38a86911a79dfb6cff9164677fafd6c7d81a7e55d - not a DEX interaction (target: 0x1231DEB6f5749EF6cE6943a275A1D3E7486F4EaE)
[2m2025-12-10T10:11:54.727007Z[0m [34mDEBUG[0m [2methereum_transaction_pool_monitor::mempool_monitor[0m[2m:[0m 📨 Processing new pending transaction: 0x69593bd3c22dbfa1290040ec6e99a4b670502671824434b822d5a1d6a5a2993d
[2m2025-12-10T10:11:54.727013Z[0m [34mDEBUG[0m [2methereum_transaction_pool_monitor::mempool_monitor[0m[2m:[0m 🔍 Fetching transaction details for: 0x69593bd3c22dbfa1290040ec6e99a4b670502671824434b822d5a1d6a5a2993d
[2m2025-12-10T10:11:54.727017Z[0m [34mDEBUG[0m [2methereum_transaction_pool_monitor::eth_client[0m[2m:[0m 🔍 Fetching transaction details for hash: 0x69593bd3c22dbfa1290040ec6e99a4b670502671824434b822d5a1d6a5a2993d
[2m2025-12-10T10:11:54.727036Z[0m [34mDEBUG[0m [2mhyper::client::pool[0m[2m:[0m reuse idle connection for ("http", 192.168.0.14:8545)
[2m2025-12-10T10:11:54.727074Z[0m [34mDEBUG[0m [2mhyper::proto::h1::io[0m[2m:[0m flushed 250 bytes
[2m2025-12-10T10:11:54.731164Z[0m [34mDEBUG[0m [2mhyper::proto::h1::io[0m[2m:[0m parsed 4 headers
[2m2025-12-10T10:11:54.731174Z[0m [34mDEBUG[0m [2mhyper::proto::h1::conn[0m[2m:[0m incoming body is content-length (830 bytes)
[2m2025-12-10T10:11:54.731182Z[0m [34mDEBUG[0m [2mhyper::proto::h1::conn[0m[2m:[0m incoming body completed
[2m2025-12-10T10:11:54.731193Z[0m [34mDEBUG[0m [2mhyper::client::pool[0m[2m:[0m pooling idle connection for ("http", 192.168.0.14:8545)
[2m2025-12-10T10:11:54.731204Z[0m [34mDEBUG[0m [2methereum_transaction_pool_monitor::eth_client[0m[2m:[0m 📡 Transaction fetch RPC completed in 4.182292ms
[2m2025-12-10T10:11:54.804514Z[0m [34mDEBUG[0m [2methereum_transaction_pool_monitor::eth_client[0m[2m:[0m ✅ Transaction 0x69593bd3c22dbfa1290040ec6e99a4b670502671824434b822d5a1d6a5a2993d fetched and parsed in 77.489334ms
[2m2025-12-10T10:11:54.804540Z[0m [34mDEBUG[0m [2methereum_transaction_pool_monitor::mempool_monitor[0m[2m:[0m 🔍 Skipping tx 0x69593bd3c22dbfa1290040ec6e99a4b670502671824434b822d5a1d6a5a2993d - not a DEX interaction (target: 0x3B4D794a66304F130a4Db8F2551B0070dfCf5ca7)
[2m2025-12-10T10:11:54.804586Z[0m [34mDEBUG[0m [2mhyper::client::pool[0m[2m:[0m reuse idle connection for ("http", 192.168.0.14:8545)
[2m2025-12-10T10:11:54.804633Z[0m [34mDEBUG[0m [2mhyper::proto::h1::io[0m[2m:[0m flushed 172 bytes
[2m2025-12-10T10:11:54.807817Z[0m [34mDEBUG[0m [2mhyper::proto::h1::io[0m[2m:[0m parsed 4 headers
[2m2025-12-10T10:11:54.807841Z[0m [34mDEBUG[0m [2mhyper::proto::h1::conn[0m[2m:[0m incoming body is content-length (45 bytes)
[2m2025-12-10T10:11:54.807852Z[0m [34mDEBUG[0m [2mhyper::proto::h1::conn[0m[2m:[0m incoming body completed
[2m2025-12-10T10:11:54.807872Z[0m [34mDEBUG[0m [2mhyper::client::pool[0m[2m:[0m pooling idle connection for ("http", 192.168.0.14:8545)
[2m2025-12-10T10:11:54.899368Z[0m [34mDEBUG[0m [2mhyper::client::pool[0m[2m:[0m reuse idle connection for ("http", 192.168.0.14:8545)
[2m2025-12-10T10:11:54.899443Z[0m [34mDEBUG[0m [2mhyper::proto::h1::io[0m[2m:[0m flushed 172 bytes
[2m2025-12-10T10:11:54.903555Z[0m [34mDEBUG[0m [2mhyper::proto::h1::io[0m[2m:[0m parsed 4 headers
[2m2025-12-10T10:11:54.903562Z[0m [34mDEBUG[0m [2mhyper::proto::h1::conn[0m[2m:[0m incoming body is content-length (45 bytes)
[2m2025-12-10T10:11:54.903569Z[0m [34mDEBUG[0m [2mhyper::proto::h1::conn[0m[2m:[0m incoming body completed
[2m2025-12-10T10:11:54.903577Z[0m [34mDEBUG[0m [2mhyper::client::pool[0m[2m:[0m pooling idle connection for ("http", 192.168.0.14:8545)
[2m2025-12-10T10:11:54.956677Z[0m [34mDEBUG[0m [2methereum_transaction_pool_monitor::eth_client[0m[2m:[0m 📨 Received WebSocket message: {"jsonrpc":"2.0","method":"eth_subscription","params":{"subscription":"0xbed0a0851463e895960a451075a301a9","result":"0x3b8869e3030fc83880267f408f294d3e16a590321043f5b9124835429a8d2467"}}
[2m2025-12-10T10:11:54.956693Z[0m [34mDEBUG[0m [2methereum_transaction_pool_monitor::eth_client[0m[2m:[0m 📨 Received pending transaction: 0x3b8869e3030fc83880267f408f294d3e16a590321043f5b9124835429a8d2467
[2m2025-12-10T10:11:54.956706Z[0m [34mDEBUG[0m [2methereum_transaction_pool_monitor::mempool_monitor[0m[2m:[0m 📨 Processing new pending transaction: 0x3b8869e3030fc83880267f408f294d3e16a590321043f5b9124835429a8d2467
[2m2025-12-10T10:11:54.956713Z[0m [34mDEBUG[0m [2methereum_transaction_pool_monitor::mempool_monitor[0m[2m:[0m 🔍 Fetching transaction details for: 0x3b8869e3030fc83880267f408f294d3e16a590321043f5b9124835429a8d2467
[2m2025-12-10T10:11:54.956720Z[0m [34mDEBUG[0m [2methereum_transaction_pool_monitor::eth_client[0m[2m:[0m 🔍 Fetching transaction details for hash: 0x3b8869e3030fc83880267f408f294d3e16a590321043f5b9124835429a8d2467
[2m2025-12-10T10:11:54.956738Z[0m [34mDEBUG[0m [2mhyper::client::pool[0m[2m:[0m reuse idle connection for ("http", 192.168.0.14:8545)
[2m2025-12-10T10:11:54.956761Z[0m [34mDEBUG[0m [2mhyper::proto::h1::io[0m[2m:[0m flushed 250 bytes
[2m2025-12-10T10:11:54.960249Z[0m [34mDEBUG[0m [2methereum_transaction_pool_monitor::eth_client[0m[2m:[0m 📨 Received WebSocket message: {"jsonrpc":"2.0","method":"eth_subscription","params":{"subscription":"0xbed0a0851463e895960a451075a301a9","result":"0xc6e5ccd9d4e3a9c23e6f3785a664d3c878108b88d88f9e593b7b24ff0fade973"}}
[2m2025-12-10T10:11:54.960273Z[0m [34mDEBUG[0m [2methereum_transaction_pool_monitor::eth_client[0m[2m:[0m 📨 Received pending transaction: 0xc6e5ccd9d4e3a9c23e6f3785a664d3c878108b88d88f9e593b7b24ff0fade973
[2m2025-12-10T10:11:54.967502Z[0m [34mDEBUG[0m [2mhyper::proto::h1::io[0m[2m:[0m parsed 4 headers
[2m2025-12-10T10:11:54.967533Z[0m [34mDEBUG[0m [2mhyper::proto::h1::conn[0m[2m:[0m incoming body is content-length (646 bytes)
[2m2025-12-10T10:11:54.967550Z[0m [34mDEBUG[0m [2mhyper::proto::h1::conn[0m[2m:[0m incoming body completed
[2m2025-12-10T10:11:54.967566Z[0m [34mDEBUG[0m [2mhyper::client::pool[0m[2m:[0m pooling idle connection for ("http", 192.168.0.14:8545)
[2m2025-12-10T10:11:54.967580Z[0m [34mDEBUG[0m [2methereum_transaction_pool_monitor::eth_client[0m[2m:[0m 📡 Transaction fetch RPC completed in 10.852583ms
[2m2025-12-10T10:11:55.049991Z[0m [34mDEBUG[0m [2methereum_transaction_pool_monitor::eth_client[0m[2m:[0m ✅ Transaction 0x3b8869e3030fc83880267f408f294d3e16a590321043f5b9124835429a8d2467 fetched and parsed in 93.261542ms
[2m2025-12-10T10:11:55.050020Z[0m [34mDEBUG[0m [2methereum_transaction_pool_monitor::mempool_monitor[0m[2m:[0m 🔍 Skipping tx 0x3b8869e3030fc83880267f408f294d3e16a590321043f5b9124835429a8d2467 - not a DEX interaction (target: 0x9b1E5CAa81372Af008e6b7613777782d0D5612c1)
[2m2025-12-10T10:11:55.050035Z[0m [34mDEBUG[0m [2methereum_transaction_pool_monitor::mempool_monitor[0m[2m:[0m 📨 Processing new pending transaction: 0xc6e5ccd9d4e3a9c23e6f3785a664d3c878108b88d88f9e593b7b24ff0fade973
[2m2025-12-10T10:11:55.050047Z[0m [34mDEBUG[0m [2methereum_transaction_pool_monitor::mempool_monitor[0m[2m:[0m 🔍 Fetching transaction details for: 0xc6e5ccd9d4e3a9c23e6f3785a664d3c878108b88d88f9e593b7b24ff0fade973
[2m2025-12-10T10:11:55.050056Z[0m [34mDEBUG[0m [2methereum_transaction_pool_monitor::eth_client[0m[2m:[0m 🔍 Fetching transaction details for hash: 0xc6e5ccd9d4e3a9c23e6f3785a664d3c878108b88d88f9e593b7b24ff0fade973
[2m2025-12-10T10:11:55.050077Z[0m [34mDEBUG[0m [2mhyper::client::pool[0m[2m:[0m reuse idle connection for ("http", 192.168.0.14:8545)
[2m2025-12-10T10:11:55.050195Z[0m [34mDEBUG[0m [2mhyper::proto::h1::io[0m[2m:[0m flushed 250 bytes
[2m2025-12-10T10:11:55.050226Z[0m [34mDEBUG[0m [2mhyper::client::pool[0m[2m:[0m reuse idle connection for ("http", 192.168.0.14:8545)
[2m2025-12-10T10:11:55.050249Z[0m [34mDEBUG[0m [2mhyper::proto::h1::io[0m[2m:[0m flushed 172 bytes
[2m2025-12-10T10:11:55.057728Z[0m [34mDEBUG[0m [2mhyper::proto::h1::io[0m[2m:[0m parsed 4 headers
[2m2025-12-10T10:11:55.057752Z[0m [34mDEBUG[0m [2mhyper::proto::h1::conn[0m[2m:[0m incoming body is content-length (3974 bytes)
[2m2025-12-10T10:11:55.057802Z[0m [34mDEBUG[0m [2methereum_transaction_pool_monitor::eth_client[0m[2m:[0m 📡 Transaction fetch RPC completed in 7.737792ms
[2m2025-12-10T10:11:55.059144Z[0m [34mDEBUG[0m [2mhyper::proto::h1::conn[0m[2m:[0m incoming body completed
[2m2025-12-10T10:11:55.059175Z[0m [34mDEBUG[0m [2mhyper::client::pool[0m[2m:[0m pooling idle connection for ("http", 192.168.0.14:8545)
[2m2025-12-10T10:11:55.059216Z[0m [34mDEBUG[0m [2mhyper::proto::h1::io[0m[2m:[0m parsed 4 headers
[2m2025-12-10T10:11:55.059225Z[0m [34mDEBUG[0m [2mhyper::proto::h1::conn[0m[2m:[0m incoming body is content-length (45 bytes)
[2m2025-12-10T10:11:55.059232Z[0m [34mDEBUG[0m [2mhyper::proto::h1::conn[0m[2m:[0m incoming body completed
[2m2025-12-10T10:11:55.059240Z[0m [34mDEBUG[0m [2mhyper::client::pool[0m[2m:[0m pooling idle connection for ("http", 192.168.0.14:8545)
[2m2025-12-10T10:11:55.099280Z[0m [34mDEBUG[0m [2mhyper::client::pool[0m[2m:[0m reuse idle connection for ("http", 192.168.0.14:8545)
[2m2025-12-10T10:11:55.099347Z[0m [34mDEBUG[0m [2mhyper::proto::h1::io[0m[2m:[0m flushed 172 bytes
[2m2025-12-10T10:11:55.104528Z[0m [34mDEBUG[0m [2mhyper::proto::h1::io[0m[2m:[0m parsed 4 headers
[2m2025-12-10T10:11:55.104536Z[0m [34mDEBUG[0m [2mhyper::proto::h1::conn[0m[2m:[0m incoming body is content-length (45 bytes)
[2m2025-12-10T10:11:55.104544Z[0m [34mDEBUG[0m [2mhyper::proto::h1::conn[0m[2m:[0m incoming body completed
[2m2025-12-10T10:11:55.104552Z[0m [34mDEBUG[0m [2mhyper::client::pool[0m[2m:[0m pooling idle connection for ("http", 192.168.0.14:8545)
[2m2025-12-10T10:11:55.130709Z[0m [34mDEBUG[0m [2methereum_transaction_pool_monitor::eth_client[0m[2m:[0m ✅ Transaction 0xc6e5ccd9d4e3a9c23e6f3785a664d3c878108b88d88f9e593b7b24ff0fade973 fetched and parsed in 80.643709ms
[2m2025-12-10T10:11:55.130734Z[0m [34mDEBUG[0m [2methereum_transaction_pool_monitor::mempool_monitor[0m[2m:[0m 🔍 Skipping tx 0xc6e5ccd9d4e3a9c23e6f3785a664d3c878108b88d88f9e593b7b24ff0fade973 - not a DEX interaction (target: 0x9ef7D53aa6B62e272467B86ce724885D4e2853BE)
[2m2025-12-10T10:11:55.135801Z[0m [34mDEBUG[0m [2methereum_transaction_pool_monitor::eth_client[0m[2m:[0m 📨 Received WebSocket message: {"jsonrpc":"2.0","method":"eth_subscription","params":{"subscription":"0xbed0a0851463e895960a451075a301a9","result":"0x31c9b0ceee892b81bafc759ed0d8c430274e4e904372679eebe55ec54a617a62"}}
[2m2025-12-10T10:11:55.135847Z[0m [34mDEBUG[0m [2methereum_transaction_pool_monitor::eth_client[0m[2m:[0m 📨 Received pending transaction: 0x31c9b0ceee892b81bafc759ed0d8c430274e4e904372679eebe55ec54a617a62
[2m2025-12-10T10:11:55.135869Z[0m [34mDEBUG[0m [2methereum_transaction_pool_monitor::mempool_monitor[0m[2m:[0m 📨 Processing new pending transaction: 0x31c9b0ceee892b81bafc759ed0d8c430274e4e904372679eebe55ec54a617a62
[2m2025-12-10T10:11:55.135878Z[0m [34mDEBUG[0m [2methereum_transaction_pool_monitor::mempool_monitor[0m[2m:[0m 🔍 Fetching transaction details for: 0x31c9b0ceee892b81bafc759ed0d8c430274e4e904372679eebe55ec54a617a62
[2m2025-12-10T10:11:55.135882Z[0m [34mDEBUG[0m [2methereum_transaction_pool_monitor::eth_client[0m[2m:[0m 🔍 Fetching transaction details for hash: 0x31c9b0ceee892b81bafc759ed0d8c430274e4e904372679eebe55ec54a617a62
[2m2025-12-10T10:11:55.135899Z[0m [34mDEBUG[0m [2mhyper::client::pool[0m[2m:[0m reuse idle connection for ("http", 192.168.0.14:8545)
[2m2025-12-10T10:11:55.135921Z[0m [34mDEBUG[0m [2mhyper::proto::h1::io[0m[2m:[0m flushed 250 bytes
[2m2025-12-10T10:11:55.148432Z[0m [34mDEBUG[0m [2mhyper::proto::h1::io[0m[2m:[0m parsed 4 headers
[2m2025-12-10T10:11:55.148437Z[0m [34mDEBUG[0m [2mhyper::proto::h1::conn[0m[2m:[0m incoming body is content-length (836 bytes)
[2m2025-12-10T10:11:55.148443Z[0m [34mDEBUG[0m [2mhyper::proto::h1::conn[0m[2m:[0m incoming body completed
[2m2025-12-10T10:11:55.148450Z[0m [34mDEBUG[0m [2mhyper::client::pool[0m[2m:[0m pooling idle connection for ("http", 192.168.0.14:8545)
[2m2025-12-10T10:11:55.148455Z[0m [34mDEBUG[0m [2methereum_transaction_pool_monitor::eth_client[0m[2m:[0m 📡 Transaction fetch RPC completed in 12.568916ms
[2m2025-12-10T10:11:55.148468Z[0m [34mDEBUG[0m [2methereum_transaction_pool_monitor::eth_client[0m[2m:[0m DeFi transaction detected - Address: 0xdac17f958d2ee523a2206206994597c13d831ec7, Type: Stablecoin, Value: 0 ETH, Gas: 0.20 Gwei
[2m2025-12-10T10:11:55.148480Z[0m [34mDEBUG[0m [2methereum_transaction_pool_monitor::eth_client[0m[2m:[0m ✅ Transaction 0x31c9b0ceee892b81bafc759ed0d8c430274e4e904372679eebe55ec54a617a62 fetched and parsed in 12.594083ms
[2m2025-12-10T10:11:55.148486Z[0m [34mDEBUG[0m [2methereum_transaction_pool_monitor::mempool_monitor[0m[2m:[0m 🔍 Skipping tx 0x31c9b0ceee892b81bafc759ed0d8c430274e4e904372679eebe55ec54a617a62 - not a DEX interaction (target: 0xdAC17F958D2ee523a2206206994597C13D831ec7)
[2m2025-12-10T10:11:55.199735Z[0m [34mDEBUG[0m [2mhyper::client::pool[0m[2m:[0m reuse idle connection for ("http", 192.168.0.14:8545)
[2m2025-12-10T10:11:55.199765Z[0m [34mDEBUG[0m [2mhyper::proto::h1::io[0m[2m:[0m flushed 172 bytes
[2m2025-12-10T10:11:55.203169Z[0m [34mDEBUG[0m [2mhyper::proto::h1::io[0m[2m:[0m parsed 4 headers
[2m2025-12-10T10:11:55.203191Z[0m [34mDEBUG[0m [2mhyper::proto::h1::conn[0m[2m:[0m incoming body is content-length (45 bytes)
[2m2025-12-10T10:11:55.203201Z[0m [34mDEBUG[0m [2mhyper::proto::h1::conn[0m[2m:[0m incoming body completed
[2m2025-12-10T10:11:55.203223Z[0m [34mDEBUG[0m [2mhyper::client::pool[0m[2m:[0m pooling idle connection for ("http", 192.168.0.14:8545)
[2m2025-12-10T10:11:55.242451Z[0m [34mDEBUG[0m [2methereum_transaction_pool_monitor::eth_client[0m[2m:[0m 📨 Received WebSocket message: {"jsonrpc":"2.0","method":"eth_subscription","params":{"subscription":"0xbed0a0851463e895960a451075a301a9","result":"0x2cf0d65d7aa29991723fa27a3e4f1257c204de16b856f86a74eac0c6a483f5a7"}}
[2m2025-12-10T10:11:55.242476Z[0m [34mDEBUG[0m [2methereum_transaction_pool_monitor::eth_client[0m[2m:[0m 📨 Received pending transaction: 0x2cf0d65d7aa29991723fa27a3e4f1257c204de16b856f86a74eac0c6a483f5a7
[2m2025-12-10T10:11:55.242488Z[0m [34mDEBUG[0m [2methereum_transaction_pool_monitor::mempool_monitor[0m[2m:[0m 📨 Processing new pending transaction: 0x2cf0d65d7aa29991723fa27a3e4f1257c204de16b856f86a74eac0c6a483f5a7
[2m2025-12-10T10:11:55.242496Z[0m [34mDEBUG[0m [2methereum_transaction_pool_monitor::mempool_monitor[0m[2m:[0m 🔍 Fetching transaction details for: 0x2cf0d65d7aa29991723fa27a3e4f1257c204de16b856f86a74eac0c6a483f5a7
[2m2025-12-10T10:11:55.242503Z[0m [34mDEBUG[0m [2methereum_transaction_pool_monitor::eth_client[0m[2m:[0m 🔍 Fetching transaction details for hash: 0x2cf0d65d7aa29991723fa27a3e4f1257c204de16b856f86a74eac0c6a483f5a7
[2m2025-12-10T10:11:55.242527Z[0m [34mDEBUG[0m [2mhyper::client::pool[0m[2m:[0m reuse idle connection for ("http", 192.168.0.14:8545)
[2m2025-12-10T10:11:55.242548Z[0m [34mDEBUG[0m [2mhyper::proto::h1::io[0m[2m:[0m flushed 250 bytes
[2m2025-12-10T10:11:55.247954Z[0m [34mDEBUG[0m [2mhyper::proto::h1::io[0m[2m:[0m parsed 4 headers
[2m2025-12-10T10:11:55.247977Z[0m [34mDEBUG[0m [2mhyper::proto::h1::conn[0m[2m:[0m incoming body is content-length (774 bytes)
[2m2025-12-10T10:11:55.247986Z[0m [34mDEBUG[0m [2mhyper::proto::h1::conn[0m[2m:[0m incoming body completed
[2m2025-12-10T10:11:55.247996Z[0m [34mDEBUG[0m [2mhyper::client::pool[0m[2m:[0m pooling idle connection for ("http", 192.168.0.14:8545)
[2m2025-12-10T10:11:55.248004Z[0m [34mDEBUG[0m [2methereum_transaction_pool_monitor::eth_client[0m[2m:[0m 📡 Transaction fetch RPC completed in 5.486375ms
[2m2025-12-10T10:11:55.248034Z[0m [34mDEBUG[0m [2methereum_transaction_pool_monitor::eth_client[0m[2m:[0m DeFi transaction detected - Address: 0xdac17f958d2ee523a2206206994597c13d831ec7, Type: Stablecoin, Value: 0 ETH, Gas: 2.18 Gwei
[2m2025-12-10T10:11:55.248053Z[0m [34mDEBUG[0m [2methereum_transaction_pool_monitor::eth_client[0m[2m:[0m ✅ Transaction 0x2cf0d65d7aa29991723fa27a3e4f1257c204de16b856f86a74eac0c6a483f5a7 fetched and parsed in 5.534667ms
[2m2025-12-10T10:11:55.248062Z[0m [34mDEBUG[0m [2methereum_transaction_pool_monitor::mempool_monitor[0m[2m:[0m 🔍 Skipping tx 0x2cf0d65d7aa29991723fa27a3e4f1257c204de16b856f86a74eac0c6a483f5a7 - not a DEX interaction (target: 0xdAC17F958D2ee523a2206206994597C13D831ec7)
[2m2025-12-10T10:11:55.253782Z[0m [34mDEBUG[0m [2methereum_transaction_pool_monitor::eth_client[0m[2m:[0m 📨 Received WebSocket message: {"jsonrpc":"2.0","method":"eth_subscription","params":{"subscription":"0xbed0a0851463e895960a451075a301a9","result":"0x276015c6e03b63e9b5eb671bedb94a29b05184939416a5ce10094f383b354d57"}}
[2m2025-12-10T10:11:55.253801Z[0m [34mDEBUG[0m [2methereum_transaction_pool_monitor::eth_client[0m[2m:[0m 📨 Received pending transaction: 0x276015c6e03b63e9b5eb671bedb94a29b05184939416a5ce10094f383b354d57
[2m2025-12-10T10:11:55.253810Z[0m [34mDEBUG[0m [2methereum_transaction_pool_monitor::mempool_monitor[0m[2m:[0m 📨 Processing new pending transaction: 0x276015c6e03b63e9b5eb671bedb94a29b05184939416a5ce10094f383b354d57
[2m2025-12-10T10:11:55.253817Z[0m [34mDEBUG[0m [2methereum_transaction_pool_monitor::mempool_monitor[0m[2m:[0m 🔍 Fetching transaction details for: 0x276015c6e03b63e9b5eb671bedb94a29b05184939416a5ce10094f383b354d57
[2m2025-12-10T10:11:55.253823Z[0m [34mDEBUG[0m [2methereum_transaction_pool_monitor::eth_client[0m[2m:[0m 🔍 Fetching transaction details for hash: 0x276015c6e03b63e9b5eb671bedb94a29b05184939416a5ce10094f383b354d57
[2m2025-12-10T10:11:55.253836Z[0m [34mDEBUG[0m [2mhyper::client::pool[0m[2m:[0m reuse idle connection for ("http", 192.168.0.14:8545)
[2m2025-12-10T10:11:55.253854Z[0m [34mDEBUG[0m [2mhyper::proto::h1::io[0m[2m:[0m flushed 250 bytes
[2m2025-12-10T10:11:55.258461Z[0m [34mDEBUG[0m [2mhyper::proto::h1::io[0m[2m:[0m parsed 4 headers
[2m2025-12-10T10:11:55.258470Z[0m [34mDEBUG[0m [2mhyper::proto::h1::conn[0m[2m:[0m incoming body is content-length (643 bytes)
[2m2025-12-10T10:11:55.258477Z[0m [34mDEBUG[0m [2mhyper::proto::h1::conn[0m[2m:[0m incoming body completed
[2m2025-12-10T10:11:55.258485Z[0m [34mDEBUG[0m [2mhyper::client::pool[0m[2m:[0m pooling idle connection for ("http", 192.168.0.14:8545)
[2m2025-12-10T10:11:55.258493Z[0m [34mDEBUG[0m [2methereum_transaction_pool_monitor::eth_client[0m[2m:[0m 📡 Transaction fetch RPC completed in 4.663042ms
[2m2025-12-10T10:11:55.339887Z[0m [34mDEBUG[0m [2methereum_transaction_pool_monitor::eth_client[0m[2m:[0m ✅ Transaction 0x276015c6e03b63e9b5eb671bedb94a29b05184939416a5ce10094f383b354d57 fetched and parsed in 86.055209ms
[2m2025-12-10T10:11:55.339917Z[0m [34mDEBUG[0m [2methereum_transaction_pool_monitor::mempool_monitor[0m[2m:[0m 🔍 Skipping tx 0x276015c6e03b63e9b5eb671bedb94a29b05184939416a5ce10094f383b354d57 - not a DEX interaction (target: 0x17E5545B11b468072283Cee1F066a059Fb0dbF24)
[2m2025-12-10T10:11:55.339956Z[0m [34mDEBUG[0m [2mhyper::client::pool[0m[2m:[0m reuse idle connection for ("http", 192.168.0.14:8545)
[2m2025-12-10T10:11:55.339974Z[0m [34mDEBUG[0m [2methereum_transaction_pool_monitor::eth_client[0m[2m:[0m 📨 Received WebSocket message: {"jsonrpc":"2.0","method":"eth_subscription","params":{"subscription":"0xbed0a0851463e895960a451075a301a9","result":"0x031b2391d1d3b4fefe29ad1450aa1075bdf886479474aff159821e03020d8029"}}
[2m2025-12-10T10:11:55.339980Z[0m [34mDEBUG[0m [2mhyper::proto::h1::io[0m[2m:[0m flushed 172 bytes
[2m2025-12-10T10:11:55.339986Z[0m [34mDEBUG[0m [2methereum_transaction_pool_monitor::eth_client[0m[2m:[0m 📨 Received pending transaction: 0x031b2391d1d3b4fefe29ad1450aa1075bdf886479474aff159821e03020d8029
[2m2025-12-10T10:11:55.339994Z[0m [34mDEBUG[0m [2methereum_transaction_pool_monitor::mempool_monitor[0m[2m:[0m 📨 Processing new pending transaction: 0x031b2391d1d3b4fefe29ad1450aa1075bdf886479474aff159821e03020d8029
[2m2025-12-10T10:11:55.340002Z[0m [34mDEBUG[0m [2methereum_transaction_pool_monitor::mempool_monitor[0m[2m:[0m 🔍 Fetching transaction details for: 0x031b2391d1d3b4fefe29ad1450aa1075bdf886479474aff159821e03020d8029
[2m2025-12-10T10:11:55.340007Z[0m [34mDEBUG[0m [2methereum_transaction_pool_monitor::eth_client[0m[2m:[0m 🔍 Fetching transaction details for hash: 0x031b2391d1d3b4fefe29ad1450aa1075bdf886479474aff159821e03020d8029
[2m2025-12-10T10:11:55.340016Z[0m [34mDEBUG[0m [2mhyper::client::pool[0m[2m:[0m reuse idle connection for ("http", 192.168.0.14:8545)
[2m2025-12-10T10:11:55.340031Z[0m [34mDEBUG[0m [2mhyper::proto::h1::io[0m[2m:[0m flushed 250 bytes
[2m2025-12-10T10:11:55.350544Z[0m [34mDEBUG[0m [2mhyper::proto::h1::io[0m[2m:[0m parsed 4 headers
[2m2025-12-10T10:11:55.350572Z[0m [34mDEBUG[0m [2mhyper::proto::h1::conn[0m[2m:[0m incoming body is content-length (45 bytes)
[2m2025-12-10T10:11:55.350601Z[0m [34mDEBUG[0m [2mhyper::proto::h1::conn[0m[2m:[0m incoming body completed
[2m2025-12-10T10:11:55.350613Z[0m [34mDEBUG[0m [2mhyper::client::pool[0m[2m:[0m pooling idle connection for ("http", 192.168.0.14:8545)
[2m2025-12-10T10:11:55.350635Z[0m [34mDEBUG[0m [2mhyper::proto::h1::io[0m[2m:[0m parsed 4 headers
[2m2025-12-10T10:11:55.350640Z[0m [34mDEBUG[0m [2mhyper::proto::h1::conn[0m[2m:[0m incoming body is content-length (768 bytes)
[2m2025-12-10T10:11:55.350647Z[0m [34mDEBUG[0m [2mhyper::proto::h1::conn[0m[2m:[0m incoming body completed
[2m2025-12-10T10:11:55.350653Z[0m [34mDEBUG[0m [2mhyper::client::pool[0m[2m:[0m pooling idle connection for ("http", 192.168.0.14:8545)
[2m2025-12-10T10:11:55.350659Z[0m [34mDEBUG[0m [2methereum_transaction_pool_monitor::eth_client[0m[2m:[0m 📡 Transaction fetch RPC completed in 10.645708ms
[2m2025-12-10T10:11:55.350673Z[0m [34mDEBUG[0m [2methereum_transaction_pool_monitor::eth_client[0m[2m:[0m DeFi transaction detected - Address: 0xdac17f958d2ee523a2206206994597c13d831ec7, Type: Stablecoin, Value: 0 ETH, Gas: 0.25 Gwei
[2m2025-12-10T10:11:55.350688Z[0m [34mDEBUG[0m [2methereum_transaction_pool_monitor::eth_client[0m[2m:[0m ✅ Transaction 0x031b2391d1d3b4fefe29ad1450aa1075bdf886479474aff159821e03020d8029 fetched and parsed in 10.675208ms
[2m2025-12-10T10:11:55.350694Z[0m [34mDEBUG[0m [2methereum_transaction_pool_monitor::mempool_monitor[0m[2m:[0m 🔍 Skipping tx 0x031b2391d1d3b4fefe29ad1450aa1075bdf886479474aff159821e03020d8029 - not a DEX interaction (target: 0xdAC17F958D2ee523a2206206994597C13D831ec7)
[2m2025-12-10T10:11:55.350876Z[0m [34mDEBUG[0m [2methereum_transaction_pool_monitor::eth_client[0m[2m:[0m 📨 Received WebSocket message: {"jsonrpc":"2.0","method":"eth_subscription","params":{"subscription":"0xbed0a0851463e895960a451075a301a9","result":"0xeaa8c076e94f7f589122dbf6ba7b0924c42b516df548aa9d49da5ba48432e709"}}
[2m2025-12-10T10:11:55.350887Z[0m [34mDEBUG[0m [2methereum_transaction_pool_monitor::eth_client[0m[2m:[0m 📨 Received pending transaction: 0xeaa8c076e94f7f589122dbf6ba7b0924c42b516df548aa9d49da5ba48432e709
[2m2025-12-10T10:11:55.350895Z[0m [34mDEBUG[0m [2methereum_transaction_pool_monitor::mempool_monitor[0m[2m:[0m 📨 Processing new pending transaction: 0xeaa8c076e94f7f589122dbf6ba7b0924c42b516df548aa9d49da5ba48432e709
[2m2025-12-10T10:11:55.350989Z[0m [34mDEBUG[0m [2methereum_transaction_pool_monitor::mempool_monitor[0m[2m:[0m 🔍 Fetching transaction details for: 0xeaa8c076e94f7f589122dbf6ba7b0924c42b516df548aa9d49da5ba48432e709
[2m2025-12-10T10:11:55.350998Z[0m [34mDEBUG[0m [2methereum_transaction_pool_monitor::eth_client[0m[2m:[0m 🔍 Fetching transaction details for hash: 0xeaa8c076e94f7f589122dbf6ba7b0924c42b516df548aa9d49da5ba48432e709
[2m2025-12-10T10:11:55.351006Z[0m [34mDEBUG[0m [2mhyper::client::pool[0m[2m:[0m reuse idle connection for ("http", 192.168.0.14:8545)
[2m2025-12-10T10:11:55.351019Z[0m [34mDEBUG[0m [2mhyper::proto::h1::io[0m[2m:[0m flushed 250 bytes
[2m2025-12-10T10:11:55.362600Z[0m [34mDEBUG[0m [2mhyper::proto::h1::io[0m[2m:[0m parsed 4 headers
[2m2025-12-10T10:11:55.362622Z[0m [34mDEBUG[0m [2mhyper::proto::h1::conn[0m[2m:[0m incoming body is content-length (678 bytes)
[2m2025-12-10T10:11:55.362641Z[0m [34mDEBUG[0m [2mhyper::proto::h1::conn[0m[2m:[0m incoming body completed
[2m2025-12-10T10:11:55.362662Z[0m [34mDEBUG[0m [2mhyper::client::pool[0m[2m:[0m pooling idle connection for ("http", 192.168.0.14:8545)
[2m2025-12-10T10:11:55.362667Z[0m [34mDEBUG[0m [2methereum_transaction_pool_monitor::eth_client[0m[2m:[0m 📡 Transaction fetch RPC completed in 11.664375ms
[2m2025-12-10T10:11:55.362686Z[0m [34mDEBUG[0m [2methereum_transaction_pool_monitor::eth_client[0m[2m:[0m DeFi transaction detected - Address: 0xdac17f958d2ee523a2206206994597c13d831ec7, Type: Stablecoin, Value: 0 ETH, Gas: 0.19 Gwei
[2m2025-12-10T10:11:55.362695Z[0m [34mDEBUG[0m [2methereum_transaction_pool_monitor::eth_client[0m[2m:[0m ✅ Transaction 0xeaa8c076e94f7f589122dbf6ba7b0924c42b516df548aa9d49da5ba48432e709 fetched and parsed in 11.692416ms
[2m2025-12-10T10:11:55.362700Z[0m [34mDEBUG[0m [2methereum_transaction_pool_monitor::mempool_monitor[0m[2m:[0m 🔍 Skipping tx 0xeaa8c076e94f7f589122dbf6ba7b0924c42b516df548aa9d49da5ba48432e709 - not a DEX interaction (target: 0xdAC17F958D2ee523a2206206994597C13D831ec7)
[2m2025-12-10T10:11:55.399763Z[0m [34mDEBUG[0m [2mhyper::client::pool[0m[2m:[0m reuse idle connection for ("http", 192.168.0.14:8545)
[2m2025-12-10T10:11:55.399818Z[0m [34mDEBUG[0m [2mhyper::proto::h1::io[0m[2m:[0m flushed 172 bytes
[2m2025-12-10T10:11:55.403643Z[0m [34mDEBUG[0m [2mhyper::proto::h1::io[0m[2m:[0m parsed 4 headers
[2m2025-12-10T10:11:55.403649Z[0m [34mDEBUG[0m [2mhyper::proto::h1::conn[0m[2m:[0m incoming body is content-length (45 bytes)
[2m2025-12-10T10:11:55.403655Z[0m [34mDEBUG[0m [2mhyper::proto::h1::conn[0m[2m:[0m incoming body completed
[2m2025-12-10T10:11:55.403661Z[0m [34mDEBUG[0m [2mhyper::client::pool[0m[2m:[0m pooling idle connection for ("http", 192.168.0.14:8545)
[2m2025-12-10T10:11:55.497617Z[0m [34mDEBUG[0m [2mhyper::client::pool[0m[2m:[0m reuse idle connection for ("http", 192.168.0.14:8545)
[2m2025-12-10T10:11:55.497663Z[0m [34mDEBUG[0m [2mhyper::proto::h1::io[0m[2m:[0m flushed 172 bytes
[2m2025-12-10T10:11:55.504927Z[0m [34mDEBUG[0m [2mhyper::proto::h1::io[0m[2m:[0m parsed 4 headers
[2m2025-12-10T10:11:55.504942Z[0m [34mDEBUG[0m [2mhyper::proto::h1::conn[0m[2m:[0m incoming body is content-length (45 bytes)
[2m2025-12-10T10:11:55.504955Z[0m [34mDEBUG[0m [2mhyper::proto::h1::conn[0m[2m:[0m incoming body completed
[2m2025-12-10T10:11:55.504968Z[0m [34mDEBUG[0m [2mhyper::client::pool[0m[2m:[0m pooling idle connection for ("http", 192.168.0.14:8545)
[2m2025-12-10T10:11:55.600099Z[0m [34mDEBUG[0m [2mhyper::client::pool[0m[2m:[0m reuse idle connection for ("http", 192.168.0.14:8545)
[2m2025-12-10T10:11:55.600330Z[0m [34mDEBUG[0m [2mhyper::proto::h1::io[0m[2m:[0m flushed 172 bytes
[2m2025-12-10T10:11:55.603636Z[0m [34mDEBUG[0m [2mhyper::proto::h1::io[0m[2m:[0m parsed 4 headers
[2m2025-12-10T10:11:55.603692Z[0m [34mDEBUG[0m [2mhyper::proto::h1::conn[0m[2m:[0m incoming body is content-length (45 bytes)
[2m2025-12-10T10:11:55.603715Z[0m [34mDEBUG[0m [2mhyper::proto::h1::conn[0m[2m:[0m incoming body completed
[2m2025-12-10T10:11:55.603742Z[0m [34mDEBUG[0m [2mhyper::client::pool[0m[2m:[0m pooling idle connection for ("http", 192.168.0.14:8545)
[2m2025-12-10T10:11:55.699814Z[0m [34mDEBUG[0m [2mhyper::client::pool[0m[2m:[0m reuse idle connection for ("http", 192.168.0.14:8545)
[2m2025-12-10T10:11:55.702774Z[0m [34mDEBUG[0m [2mhyper::proto::h1::io[0m[2m:[0m flushed 172 bytes
[2m2025-12-10T10:11:55.706017Z[0m [34mDEBUG[0m [2mhyper::proto::h1::io[0m[2m:[0m parsed 4 headers
[2m2025-12-10T10:11:55.706074Z[0m [34mDEBUG[0m [2mhyper::proto::h1::conn[0m[2m:[0m incoming body is content-length (45 bytes)
[2m2025-12-10T10:11:55.706124Z[0m [34mDEBUG[0m [2mhyper::proto::h1::conn[0m[2m:[0m incoming body completed
[2m2025-12-10T10:11:55.706169Z[0m [34mDEBUG[0m [2mhyper::client::pool[0m[2m:[0m pooling idle connection for ("http", 192.168.0.14:8545)
[2m2025-12-10T10:11:55.799374Z[0m [34mDEBUG[0m [2mhyper::client::pool[0m[2m:[0m reuse idle connection for ("http", 192.168.0.14:8545)
[2m2025-12-10T10:11:55.799610Z[0m [34mDEBUG[0m [2mhyper::proto::h1::io[0m[2m:[0m flushed 172 bytes
[2m2025-12-10T10:11:55.807251Z[0m [34mDEBUG[0m [2mhyper::proto::h1::io[0m[2m:[0m parsed 4 headers
[2m2025-12-10T10:11:55.807312Z[0m [34mDEBUG[0m [2mhyper::proto::h1::conn[0m[2m:[0m incoming body is content-length (45 bytes)
[2m2025-12-10T10:11:55.807356Z[0m [34mDEBUG[0m [2mhyper::proto::h1::conn[0m[2m:[0m incoming body completed
[2m2025-12-10T10:11:55.807404Z[0m [34mDEBUG[0m [2mhyper::client::pool[0m[2m:[0m pooling idle connection for ("http", 192.168.0.14:8545)
[2m2025-12-10T10:11:55.892379Z[0m [34mDEBUG[0m [2methereum_transaction_pool_monitor::eth_client[0m[2m:[0m 📨 Received WebSocket message: {"jsonrpc":"2.0","method":"eth_subscription","params":{"subscription":"0xbed0a0851463e895960a451075a301a9","result":"0x05851db895688bea0c1ae749e480a89a41c6cb104b4e4a1f96a57b7495a92dfa"}}
[2m2025-12-10T10:11:55.892410Z[0m [34mDEBUG[0m [2methereum_transaction_pool_monitor::eth_client[0m[2m:[0m 📨 Received pending transaction: 0x05851db895688bea0c1ae749e480a89a41c6cb104b4e4a1f96a57b7495a92dfa
[2m2025-12-10T10:11:55.892428Z[0m [34mDEBUG[0m [2methereum_transaction_pool_monitor::mempool_monitor[0m[2m:[0m 📨 Processing new pending transaction: 0x05851db895688bea0c1ae749e480a89a41c6cb104b4e4a1f96a57b7495a92dfa
[2m2025-12-10T10:11:55.892439Z[0m [34mDEBUG[0m [2methereum_transaction_pool_monitor::mempool_monitor[0m[2m:[0m 🔍 Fetching transaction details for: 0x05851db895688bea0c1ae749e480a89a41c6cb104b4e4a1f96a57b7495a92dfa
[2m2025-12-10T10:11:55.892450Z[0m [34mDEBUG[0m [2methereum_transaction_pool_monitor::eth_client[0m[2m:[0m 🔍 Fetching transaction details for hash: 0x05851db895688bea0c1ae749e480a89a41c6cb104b4e4a1f96a57b7495a92dfa
[2m2025-12-10T10:11:55.892483Z[0m [34mDEBUG[0m [2mhyper::client::pool[0m[2m:[0m reuse idle connection for ("http", 192.168.0.14:8545)
[2m2025-12-10T10:11:55.892525Z[0m [34mDEBUG[0m [2mhyper::proto::h1::io[0m[2m:[0m flushed 250 bytes
[2m2025-12-10T10:11:55.898818Z[0m [34mDEBUG[0m [2mhyper::client::pool[0m[2m:[0m reuse idle connection for ("http", 192.168.0.14:8545)
[2m2025-12-10T10:11:55.898862Z[0m [34mDEBUG[0m [2mhyper::proto::h1::io[0m[2m:[0m flushed 172 bytes
[2m2025-12-10T10:11:55.901787Z[0m [34mDEBUG[0m [2mhyper::proto::h1::io[0m[2m:[0m parsed 4 headers
[2m2025-12-10T10:11:55.901801Z[0m [34mDEBUG[0m [2mhyper::proto::h1::conn[0m[2m:[0m incoming body is content-length (2324 bytes)
[2m2025-12-10T10:11:55.901821Z[0m [34mDEBUG[0m [2methereum_transaction_pool_monitor::eth_client[0m[2m:[0m 📡 Transaction fetch RPC completed in 9.36ms
[2m2025-12-10T10:11:55.906028Z[0m [34mDEBUG[0m [2mhyper::proto::h1::conn[0m[2m:[0m incoming body completed
[2m2025-12-10T10:11:55.906139Z[0m [34mDEBUG[0m [2mhyper::client::pool[0m[2m:[0m pooling idle connection for ("http", 192.168.0.14:8545)
[2m2025-12-10T10:11:55.906185Z[0m [34mDEBUG[0m [2mhyper::proto::h1::io[0m[2m:[0m parsed 4 headers
[2m2025-12-10T10:11:55.906210Z[0m [34mDEBUG[0m [2mhyper::proto::h1::conn[0m[2m:[0m incoming body is content-length (45 bytes)
[2m2025-12-10T10:11:55.906234Z[0m [34mDEBUG[0m [2mhyper::proto::h1::conn[0m[2m:[0m incoming body completed
[2m2025-12-10T10:11:55.906260Z[0m [34mDEBUG[0m [2mhyper::client::pool[0m[2m:[0m pooling idle connection for ("http", 192.168.0.14:8545)
[2m2025-12-10T10:11:55.997003Z[0m [34mDEBUG[0m [2methereum_transaction_pool_monitor::eth_client[0m[2m:[0m ✅ Transaction 0x05851db895688bea0c1ae749e480a89a41c6cb104b4e4a1f96a57b7495a92dfa fetched and parsed in 104.538375ms
[2m2025-12-10T10:11:55.997032Z[0m [34mDEBUG[0m [2methereum_transaction_pool_monitor::mempool_monitor[0m[2m:[0m 🔍 Skipping tx 0x05851db895688bea0c1ae749e480a89a41c6cb104b4e4a1f96a57b7495a92dfa - not a DEX interaction (target: 0x66a9893cC07D91D95644AEDD05D03f95e1dBA8Af)
[2m2025-12-10T10:11:55.999991Z[0m [34mDEBUG[0m [2mhyper::client::pool[0m[2m:[0m reuse idle connection for ("http", 192.168.0.14:8545)
[2m2025-12-10T10:11:56.000037Z[0m [34mDEBUG[0m [2mhyper::proto::h1::io[0m[2m:[0m flushed 172 bytes
[2m2025-12-10T10:11:56.005187Z[0m [34mDEBUG[0m [2mhyper::proto::h1::io[0m[2m:[0m parsed 4 headers
[2m2025-12-10T10:11:56.005198Z[0m [34mDEBUG[0m [2mhyper::proto::h1::conn[0m[2m:[0m incoming body is content-length (45 bytes)
[2m2025-12-10T10:11:56.005206Z[0m [34mDEBUG[0m [2mhyper::proto::h1::conn[0m[2m:[0m incoming body completed
[2m2025-12-10T10:11:56.005214Z[0m [34mDEBUG[0m [2mhyper::client::pool[0m[2m:[0m pooling idle connection for ("http", 192.168.0.14:8545)
[2m2025-12-10T10:11:56.041424Z[0m [34mDEBUG[0m [2methereum_transaction_pool_monitor::eth_client[0m[2m:[0m 📨 Received WebSocket message: {"jsonrpc":"2.0","method":"eth_subscription","params":{"subscription":"0xbed0a0851463e895960a451075a301a9","result":"0xf69c69439e11d1c38afcd6c9cc97cf60359011889b1aa91d9f58fe6f387398d7"}}
[2m2025-12-10T10:11:56.041458Z[0m [34mDEBUG[0m [2methereum_transaction_pool_monitor::eth_client[0m[2m:[0m 📨 Received pending transaction: 0xf69c69439e11d1c38afcd6c9cc97cf60359011889b1aa91d9f58fe6f387398d7
[2m2025-12-10T10:11:56.041466Z[0m [34mDEBUG[0m [2methereum_transaction_pool_monitor::eth_client[0m[2m:[0m 📨 Received WebSocket message: {"jsonrpc":"2.0","method":"eth_subscription","params":{"subscription":"0xbed0a0851463e895960a451075a301a9","result":"0x9f0aa14c300713b769bc1d1236b4e0aecb0a01a0b620552370c63b34786aa21e"}}
[2m2025-12-10T10:11:56.041474Z[0m [34mDEBUG[0m [2methereum_transaction_pool_monitor::eth_client[0m[2m:[0m 📨 Received pending transaction: 0x9f0aa14c300713b769bc1d1236b4e0aecb0a01a0b620552370c63b34786aa21e
[2m2025-12-10T10:11:56.041481Z[0m [34mDEBUG[0m [2methereum_transaction_pool_monitor::eth_client[0m[2m:[0m 📨 Received WebSocket message: {"jsonrpc":"2.0","method":"eth_subscription","params":{"subscription":"0xbed0a0851463e895960a451075a301a9","result":"0x839864dc04cf6aa47c7f053acd0c813ba745c1b75f6396a69c405150ae774847"}}
[2m2025-12-10T10:11:56.041489Z[0m [34mDEBUG[0m [2methereum_transaction_pool_monitor::eth_client[0m[2m:[0m 📨 Received pending transaction: 0x839864dc04cf6aa47c7f053acd0c813ba745c1b75f6396a69c405150ae774847
[2m2025-12-10T10:11:56.041497Z[0m [34mDEBUG[0m [2methereum_transaction_pool_monitor::eth_client[0m[2m:[0m 📨 Received WebSocket message: {"jsonrpc":"2.0","method":"eth_subscription","params":{"subscription":"0xbed0a0851463e895960a451075a301a9","result":"0xae29d3b9038378b1419c9ef22b61a3bc473dc72b396641a2ed30278ec0d3438b"}}
[2m2025-12-10T10:11:56.041505Z[0m [34mDEBUG[0m [2methereum_transaction_pool_monitor::eth_client[0m[2m:[0m 📨 Received pending transaction: 0xae29d3b9038378b1419c9ef22b61a3bc473dc72b396641a2ed30278ec0d3438b
[2m2025-12-10T10:11:56.041511Z[0m [34mDEBUG[0m [2methereum_transaction_pool_monitor::eth_client[0m[2m:[0m 📨 Received WebSocket message: {"jsonrpc":"2.0","method":"eth_subscription","params":{"subscription":"0xbed0a0851463e895960a451075a301a9","result":"0xa56a9c04fa3f80bd4d43f82fdae5d9d74ad3ce105b5e007982cb8e0ceba6580b"}}
[2m2025-12-10T10:11:56.041519Z[0m [34mDEBUG[0m [2methereum_transaction_pool_monitor::eth_client[0m[2m:[0m 📨 Received pending transaction: 0xa56a9c04fa3f80bd4d43f82fdae5d9d74ad3ce105b5e007982cb8e0ceba6580b
[2m2025-12-10T10:11:56.041525Z[0m [34mDEBUG[0m [2methereum_transaction_pool_monitor::eth_client[0m[2m:[0m 📨 Received WebSocket message: {"jsonrpc":"2.0","method":"eth_subscription","params":{"subscription":"0xbed0a0851463e895960a451075a301a9","result":"0x09803a806af29002899de83d8ecbdbc11ef3f3ed6472a21aee77bca4c7457ee2"}}
[2m2025-12-10T10:11:56.041532Z[0m [34mDEBUG[0m [2methereum_transaction_pool_monitor::eth_client[0m[2m:[0m 📨 Received pending transaction: 0x09803a806af29002899de83d8ecbdbc11ef3f3ed6472a21aee77bca4c7457ee2
[2m2025-12-10T10:11:56.041541Z[0m [34mDEBUG[0m [2methereum_transaction_pool_monitor::mempool_monitor[0m[2m:[0m 📨 Processing new pending transaction: 0xf69c69439e11d1c38afcd6c9cc97cf60359011889b1aa91d9f58fe6f387398d7
[2m2025-12-10T10:11:56.041549Z[0m [34mDEBUG[0m [2methereum_transaction_pool_monitor::mempool_monitor[0m[2m:[0m 🔍 Fetching transaction details for: 0xf69c69439e11d1c38afcd6c9cc97cf60359011889b1aa91d9f58fe6f387398d7
[2m2025-12-10T10:11:56.041556Z[0m [34mDEBUG[0m [2methereum_transaction_pool_monitor::eth_client[0m[2m:[0m 🔍 Fetching transaction details for hash: 0xf69c69439e11d1c38afcd6c9cc97cf60359011889b1aa91d9f58fe6f387398d7
[2m2025-12-10T10:11:56.041573Z[0m [34mDEBUG[0m [2mhyper::client::pool[0m[2m:[0m reuse idle connection for ("http", 192.168.0.14:8545)
[2m2025-12-10T10:11:56.041599Z[0m [34mDEBUG[0m [2mhyper::proto::h1::io[0m[2m:[0m flushed 250 bytes
[2m2025-12-10T10:11:56.048144Z[0m [34mDEBUG[0m [2mhyper::proto::h1::io[0m[2m:[0m parsed 4 headers
[2m2025-12-10T10:11:56.048155Z[0m [34mDEBUG[0m [2mhyper::proto::h1::conn[0m[2m:[0m incoming body is content-length (558 bytes)
[2m2025-12-10T10:11:56.048163Z[0m [34mDEBUG[0m [2mhyper::proto::h1::conn[0m[2m:[0m incoming body completed
[2m2025-12-10T10:11:56.048172Z[0m [34mDEBUG[0m [2mhyper::client::pool[0m[2m:[0m pooling idle connection for ("http", 192.168.0.14:8545)
[2m2025-12-10T10:11:56.048179Z[0m [34mDEBUG[0m [2methereum_transaction_pool_monitor::eth_client[0m[2m:[0m 📡 Transaction fetch RPC completed in 6.618625ms
[2m2025-12-10T10:11:56.121366Z[0m [34mDEBUG[0m [2methereum_transaction_pool_monitor::eth_client[0m[2m:[0m ✅ Transaction 0xf69c69439e11d1c38afcd6c9cc97cf60359011889b1aa91d9f58fe6f387398d7 fetched and parsed in 79.803417ms
[2m2025-12-10T10:11:56.121395Z[0m [34mDEBUG[0m [2methereum_transaction_pool_monitor::mempool_monitor[0m[2m:[0m 🔍 Skipping tx 0xf69c69439e11d1c38afcd6c9cc97cf60359011889b1aa91d9f58fe6f387398d7 - not a DEX interaction (target: 0x904e95700B6FA3b0eD5A0Bb20994ce0d8D418aB6)
[2m2025-12-10T10:11:56.121406Z[0m [34mDEBUG[0m [2methereum_transaction_pool_monitor::mempool_monitor[0m[2m:[0m 📨 Processing new pending transaction: 0x9f0aa14c300713b769bc1d1236b4e0aecb0a01a0b620552370c63b34786aa21e
[2m2025-12-10T10:11:56.121412Z[0m [34mDEBUG[0m [2methereum_transaction_pool_monitor::mempool_monitor[0m[2m:[0m 🔍 Fetching transaction details for: 0x9f0aa14c300713b769bc1d1236b4e0aecb0a01a0b620552370c63b34786aa21e
[2m2025-12-10T10:11:56.121418Z[0m [34mDEBUG[0m [2methereum_transaction_pool_monitor::eth_client[0m[2m:[0m 🔍 Fetching transaction details for hash: 0x9f0aa14c300713b769bc1d1236b4e0aecb0a01a0b620552370c63b34786aa21e
[2m2025-12-10T10:11:56.121438Z[0m [34mDEBUG[0m [2mhyper::client::pool[0m[2m:[0m reuse idle connection for ("http", 192.168.0.14:8545)
[2m2025-12-10T10:11:56.121480Z[0m [34mDEBUG[0m [2mhyper::proto::h1::io[0m[2m:[0m flushed 250 bytes
[2m2025-12-10T10:11:56.121757Z[0m [34mDEBUG[0m [2mhyper::client::pool[0m[2m:[0m reuse idle connection for ("http", 192.168.0.14:8545)
[2m2025-12-10T10:11:56.121774Z[0m [34mDEBUG[0m [2mhyper::proto::h1::io[0m[2m:[0m flushed 172 bytes
[2m2025-12-10T10:11:56.132711Z[0m [34mDEBUG[0m [2mhyper::proto::h1::io[0m[2m:[0m parsed 4 headers
[2m2025-12-10T10:11:56.132723Z[0m [34mDEBUG[0m [2mhyper::proto::h1::conn[0m[2m:[0m incoming body is content-length (681 bytes)
[2m2025-12-10T10:11:56.132734Z[0m [34mDEBUG[0m [2mhyper::proto::h1::conn[0m[2m:[0m incoming body completed
[2m2025-12-10T10:11:56.132748Z[0m [34mDEBUG[0m [2mhyper::client::pool[0m[2m:[0m pooling idle connection for ("http", 192.168.0.14:8545)
[2m2025-12-10T10:11:56.132759Z[0m [34mDEBUG[0m [2methereum_transaction_pool_monitor::eth_client[0m[2m:[0m 📡 Transaction fetch RPC completed in 11.334291ms
[2m2025-12-10T10:11:56.132776Z[0m [34mDEBUG[0m [2methereum_transaction_pool_monitor::eth_client[0m[2m:[0m DeFi transaction detected - Address: 0xdac17f958d2ee523a2206206994597c13d831ec7, Type: Stablecoin, Value: 0 ETH, Gas: 0.16 Gwei
[2m2025-12-10T10:11:56.132791Z[0m [34mDEBUG[0m [2methereum_transaction_pool_monitor::eth_client[0m[2m:[0m ✅ Transaction 0x9f0aa14c300713b769bc1d1236b4e0aecb0a01a0b620552370c63b34786aa21e fetched and parsed in 11.366291ms
[2m2025-12-10T10:11:56.132797Z[0m [34mDEBUG[0m [2methereum_transaction_pool_monitor::mempool_monitor[0m[2m:[0m 🔍 Skipping tx 0x9f0aa14c300713b769bc1d1236b4e0aecb0a01a0b620552370c63b34786aa21e - not a DEX interaction (target: 0xdAC17F958D2ee523a2206206994597C13D831ec7)
[2m2025-12-10T10:11:56.132805Z[0m [34mDEBUG[0m [2methereum_transaction_pool_monitor::mempool_monitor[0m[2m:[0m 📨 Processing new pending transaction: 0x839864dc04cf6aa47c7f053acd0c813ba745c1b75f6396a69c405150ae774847
[2m2025-12-10T10:11:56.132809Z[0m [34mDEBUG[0m [2methereum_transaction_pool_monitor::mempool_monitor[0m[2m:[0m 🔍 Fetching transaction details for: 0x839864dc04cf6aa47c7f053acd0c813ba745c1b75f6396a69c405150ae774847
[2m2025-12-10T10:11:56.132813Z[0m [34mDEBUG[0m [2methereum_transaction_pool_monitor::eth_client[0m[2m:[0m 🔍 Fetching transaction details for hash: 0x839864dc04cf6aa47c7f053acd0c813ba745c1b75f6396a69c405150ae774847
[2m2025-12-10T10:11:56.132825Z[0m [34mDEBUG[0m [2mhyper::client::pool[0m[2m:[0m reuse idle connection for ("http", 192.168.0.14:8545)
[2m2025-12-10T10:11:56.132842Z[0m [34mDEBUG[0m [2mhyper::proto::h1::io[0m[2m:[0m flushed 250 bytes
[2m2025-12-10T10:11:56.132850Z[0m [34mDEBUG[0m [2mhyper::proto::h1::io[0m[2m:[0m parsed 4 headers
[2m2025-12-10T10:11:56.132854Z[0m [34mDEBUG[0m [2mhyper::proto::h1::conn[0m[2m:[0m incoming body is content-length (45 bytes)
[2m2025-12-10T10:11:56.132859Z[0m [34mDEBUG[0m [2mhyper::proto::h1::conn[0m[2m:[0m incoming body completed
[2m2025-12-10T10:11:56.132864Z[0m [34mDEBUG[0m [2mhyper::client::pool[0m[2m:[0m pooling idle connection for ("http", 192.168.0.14:8545)
[2m2025-12-10T10:11:56.133541Z[0m [34mDEBUG[0m [2methereum_transaction_pool_monitor::eth_client[0m[2m:[0m 📨 Received WebSocket message: {"jsonrpc":"2.0","method":"eth_subscription","params":{"subscription":"0xbed0a0851463e895960a451075a301a9","result":"0xb9cdc605277ea1852401af2799cb45ed1269a06a9db99166d7a9c328651fef44"}}
[2m2025-12-10T10:11:56.133616Z[0m [34mDEBUG[0m [2methereum_transaction_pool_monitor::eth_client[0m[2m:[0m 📨 Received pending transaction: 0xb9cdc605277ea1852401af2799cb45ed1269a06a9db99166d7a9c328651fef44
[2m2025-12-10T10:11:56.138568Z[0m [34mDEBUG[0m [2methereum_transaction_pool_monitor::eth_client[0m[2m:[0m 📨 Received WebSocket message: {"jsonrpc":"2.0","method":"eth_subscription","params":{"subscription":"0xbed0a0851463e895960a451075a301a9","result":"0x202d204ed25422ecea0c3adbe003b4e69b1742da839dd7e3945ff150555f2897"}}
[2m2025-12-10T10:11:56.138579Z[0m [34mDEBUG[0m [2methereum_transaction_pool_monitor::eth_client[0m[2m:[0m 📨 Received pending transaction: 0x202d204ed25422ecea0c3adbe003b4e69b1742da839dd7e3945ff150555f2897
[2m2025-12-10T10:11:56.138591Z[0m [34mDEBUG[0m [2mhyper::proto::h1::io[0m[2m:[0m parsed 4 headers
[2m2025-12-10T10:11:56.138595Z[0m [34mDEBUG[0m [2mhyper::proto::h1::conn[0m[2m:[0m incoming body is content-length (1345 bytes)
[2m2025-12-10T10:11:56.138601Z[0m [34mDEBUG[0m [2mhyper::proto::h1::conn[0m[2m:[0m incoming body completed
[2m2025-12-10T10:11:56.138609Z[0m [34mDEBUG[0m [2mhyper::client::pool[0m[2m:[0m pooling idle connection for ("http", 192.168.0.14:8545)
[2m2025-12-10T10:11:56.138614Z[0m [34mDEBUG[0m [2methereum_transaction_pool_monitor::eth_client[0m[2m:[0m 📡 Transaction fetch RPC completed in 5.797625ms
[2m2025-12-10T10:11:56.209263Z[0m [34mDEBUG[0m [2methereum_transaction_pool_monitor::eth_client[0m[2m:[0m ✅ Transaction 0x839864dc04cf6aa47c7f053acd0c813ba745c1b75f6396a69c405150ae774847 fetched and parsed in 76.444083ms
[2m2025-12-10T10:11:56.209289Z[0m [34mDEBUG[0m [2methereum_transaction_pool_monitor::mempool_monitor[0m[2m:[0m 🔍 Skipping tx 0x839864dc04cf6aa47c7f053acd0c813ba745c1b75f6396a69c405150ae774847 - not a DEX interaction (target: 0xcA11bde05977b3631167028862bE2a173976CA11)
[2m2025-12-10T10:11:56.209301Z[0m [34mDEBUG[0m [2methereum_transaction_pool_monitor::mempool_monitor[0m[2m:[0m 📨 Processing new pending transaction: 0xae29d3b9038378b1419c9ef22b61a3bc473dc72b396641a2ed30278ec0d3438b
[2m2025-12-10T10:11:56.209314Z[0m [34mDEBUG[0m [2methereum_transaction_pool_monitor::mempool_monitor[0m[2m:[0m 🔍 Fetching transaction details for: 0xae29d3b9038378b1419c9ef22b61a3bc473dc72b396641a2ed30278ec0d3438b
[2m2025-12-10T10:11:56.209322Z[0m [34mDEBUG[0m [2methereum_transaction_pool_monitor::eth_client[0m[2m:[0m 🔍 Fetching transaction details for hash: 0xae29d3b9038378b1419c9ef22b61a3bc473dc72b396641a2ed30278ec0d3438b
[2m2025-12-10T10:11:56.209340Z[0m [34mDEBUG[0m [2mhyper::client::pool[0m[2m:[0m reuse idle connection for ("http", 192.168.0.14:8545)
[2m2025-12-10T10:11:56.209379Z[0m [34mDEBUG[0m [2mhyper::proto::h1::io[0m[2m:[0m flushed 250 bytes
[2m2025-12-10T10:11:56.209441Z[0m [34mDEBUG[0m [2mhyper::client::pool[0m[2m:[0m reuse idle connection for ("http", 192.168.0.14:8545)
[2m2025-12-10T10:11:56.209456Z[0m [34mDEBUG[0m [2mhyper::proto::h1::io[0m[2m:[0m flushed 172 bytes
[2m2025-12-10T10:11:56.214349Z[0m [34mDEBUG[0m [2mhyper::proto::h1::io[0m[2m:[0m parsed 4 headers
[2m2025-12-10T10:11:56.214376Z[0m [34mDEBUG[0m [2mhyper::proto::h1::conn[0m[2m:[0m incoming body is content-length (1251 bytes)
[2m2025-12-10T10:11:56.214388Z[0m [34mDEBUG[0m [2mhyper::proto::h1::conn[0m[2m:[0m incoming body completed
[2m2025-12-10T10:11:56.214404Z[0m [34mDEBUG[0m [2mhyper::client::pool[0m[2m:[0m pooling idle connection for ("http", 192.168.0.14:8545)
[2m2025-12-10T10:11:56.214413Z[0m [34mDEBUG[0m [2methereum_transaction_pool_monitor::eth_client[0m[2m:[0m 📡 Transaction fetch RPC completed in 5.084875ms
[2m2025-12-10T10:11:56.286480Z[0m [34mDEBUG[0m [2methereum_transaction_pool_monitor::eth_client[0m[2m:[0m ✅ Transaction 0xae29d3b9038378b1419c9ef22b61a3bc473dc72b396641a2ed30278ec0d3438b fetched and parsed in 77.149416ms
[2m2025-12-10T10:11:56.286504Z[0m [34mDEBUG[0m [2methereum_transaction_pool_monitor::mempool_monitor[0m[2m:[0m 🔍 Skipping tx 0xae29d3b9038378b1419c9ef22b61a3bc473dc72b396641a2ed30278ec0d3438b - not a DEX interaction (target: 0x9F954Ca511ea6C453FC743D0d9b8FbF17e7D86c0)
[2m2025-12-10T10:11:56.286516Z[0m [34mDEBUG[0m [2methereum_transaction_pool_monitor::mempool_monitor[0m[2m:[0m 📨 Processing new pending transaction: 0xa56a9c04fa3f80bd4d43f82fdae5d9d74ad3ce105b5e007982cb8e0ceba6580b
[2m2025-12-10T10:11:56.286523Z[0m [34mDEBUG[0m [2methereum_transaction_pool_monitor::mempool_monitor[0m[2m:[0m 🔍 Fetching transaction details for: 0xa56a9c04fa3f80bd4d43f82fdae5d9d74ad3ce105b5e007982cb8e0ceba6580b
[2m2025-12-10T10:11:56.286529Z[0m [34mDEBUG[0m [2methereum_transaction_pool_monitor::eth_client[0m[2m:[0m 🔍 Fetching transaction details for hash: 0xa56a9c04fa3f80bd4d43f82fdae5d9d74ad3ce105b5e007982cb8e0ceba6580b
[2m2025-12-10T10:11:56.286547Z[0m [34mDEBUG[0m [2mhyper::client::pool[0m[2m:[0m reuse idle connection for ("http", 192.168.0.14:8545)
[2m2025-12-10T10:11:56.286581Z[0m [34mDEBUG[0m [2mhyper::proto::h1::io[0m[2m:[0m flushed 250 bytes
[2m2025-12-10T10:11:56.286604Z[0m [34mDEBUG[0m [2methereum_transaction_pool_monitor::eth_client[0m[2m:[0m 📨 Received WebSocket message: {"jsonrpc":"2.0","method":"eth_subscription","params":{"subscription":"0xbed0a0851463e895960a451075a301a9","result":"0xe8ed7ed59547fd52a2e3226d02869ee5aa67d60e01f8f6f18b92874b0acc3f52"}}
[2m2025-12-10T10:11:56.286611Z[0m [34mDEBUG[0m [2mhyper::proto::h1::io[0m[2m:[0m parsed 4 headers
[2m2025-12-10T10:11:56.286612Z[0m [34mDEBUG[0m [2methereum_transaction_pool_monitor::eth_client[0m[2m:[0m 📨 Received pending transaction: 0xe8ed7ed59547fd52a2e3226d02869ee5aa67d60e01f8f6f18b92874b0acc3f52
[2m2025-12-10T10:11:56.286623Z[0m [34mDEBUG[0m [2mhyper::proto::h1::conn[0m[2m:[0m incoming body is content-length (45 bytes)
[2m2025-12-10T10:11:56.286633Z[0m [34mDEBUG[0m [2methereum_transaction_pool_monitor::eth_client[0m[2m:[0m 📨 Received WebSocket message: {"jsonrpc":"2.0","method":"eth_subscription","params":{"subscription":"0xbed0a0851463e895960a451075a301a9","result":"0x426d402334c2ee3bc529fa732d4d3170540d23e2918175de61de91758903db40"}}
[2m2025-12-10T10:11:56.286644Z[0m [34mDEBUG[0m [2mhyper::proto::h1::conn[0m[2m:[0m incoming body completed
[2m2025-12-10T10:11:56.286647Z[0m [34mDEBUG[0m [2methereum_transaction_pool_monitor::eth_client[0m[2m:[0m 📨 Received pending transaction: 0x426d402334c2ee3bc529fa732d4d3170540d23e2918175de61de91758903db40
[2m2025-12-10T10:11:56.286659Z[0m [34mDEBUG[0m [2mhyper::client::pool[0m[2m:[0m pooling idle connection for ("http", 192.168.0.14:8545)
[2m2025-12-10T10:11:56.286659Z[0m [34mDEBUG[0m [2methereum_transaction_pool_monitor::eth_client[0m[2m:[0m 📨 Received WebSocket message: {"jsonrpc":"2.0","method":"eth_subscription","params":{"subscription":"0xbed0a0851463e895960a451075a301a9","result":"0x7c2ef5d322727f203fe4968f6a6f2b7b40ed4a58aaf6b0d5b2ee01b7a3ac109e"}}
[2m2025-12-10T10:11:56.286673Z[0m [34mDEBUG[0m [2methereum_transaction_pool_monitor::eth_client[0m[2m:[0m 📨 Received pending transaction: 0x7c2ef5d322727f203fe4968f6a6f2b7b40ed4a58aaf6b0d5b2ee01b7a3ac109e
[2m2025-12-10T10:11:56.286679Z[0m [34mDEBUG[0m [2methereum_transaction_pool_monitor::eth_client[0m[2m:[0m 📨 Received WebSocket message: {"jsonrpc":"2.0","method":"eth_subscription","params":{"subscription":"0xbed0a0851463e895960a451075a301a9","result":"0x7a32d3b62d248da3fed87b287f5fca732a234da39dadeb39f7542d890c293150"}}
[2m2025-12-10T10:11:56.286684Z[0m [34mDEBUG[0m [2methereum_transaction_pool_monitor::eth_client[0m[2m:[0m 📨 Received pending transaction: 0x7a32d3b62d248da3fed87b287f5fca732a234da39dadeb39f7542d890c293150
[2m2025-12-10T10:11:56.286689Z[0m [34mDEBUG[0m [2methereum_transaction_pool_monitor::eth_client[0m[2m:[0m 📨 Received WebSocket message: {"jsonrpc":"2.0","method":"eth_subscription","params":{"subscription":"0xbed0a0851463e895960a451075a301a9","result":"0x8e10391ae4650db49c91146c018599f258532e61969fc0b97a09a801b8c86807"}}
[2m2025-12-10T10:11:56.286694Z[0m [34mDEBUG[0m [2methereum_transaction_pool_monitor::eth_client[0m[2m:[0m 📨 Received pending transaction: 0x8e10391ae4650db49c91146c018599f258532e61969fc0b97a09a801b8c86807
[2m2025-12-10T10:11:56.292634Z[0m [34mDEBUG[0m [2mhyper::proto::h1::io[0m[2m:[0m parsed 4 headers
[2m2025-12-10T10:11:56.292642Z[0m [34mDEBUG[0m [2mhyper::proto::h1::conn[0m[2m:[0m incoming body is content-length (797 bytes)
[2m2025-12-10T10:11:56.292648Z[0m [34mDEBUG[0m [2mhyper::proto::h1::conn[0m[2m:[0m incoming body completed
[2m2025-12-10T10:11:56.292655Z[0m [34mDEBUG[0m [2mhyper::client::pool[0m[2m:[0m pooling idle connection for ("http", 192.168.0.14:8545)
[2m2025-12-10T10:11:56.292661Z[0m [34mDEBUG[0m [2methereum_transaction_pool_monitor::eth_client[0m[2m:[0m 📡 Transaction fetch RPC completed in 6.128167ms
[2m2025-12-10T10:11:56.363529Z[0m [34mDEBUG[0m [2methereum_transaction_pool_monitor::eth_client[0m[2m:[0m ✅ Transaction 0xa56a9c04fa3f80bd4d43f82fdae5d9d74ad3ce105b5e007982cb8e0ceba6580b fetched and parsed in 76.994125ms
[2m2025-12-10T10:11:56.363560Z[0m [34mDEBUG[0m [2methereum_transaction_pool_monitor::mempool_monitor[0m[2m:[0m 🔍 Skipping tx 0xa56a9c04fa3f80bd4d43f82fdae5d9d74ad3ce105b5e007982cb8e0ceba6580b - not a DEX interaction (target: 0xA0b86991c6218b36c1d19D4a2e9Eb0cE3606eB48)
[2m2025-12-10T10:11:56.363570Z[0m [34mDEBUG[0m [2methereum_transaction_pool_monitor::mempool_monitor[0m[2m:[0m 📨 Processing new pending transaction: 0x09803a806af29002899de83d8ecbdbc11ef3f3ed6472a21aee77bca4c7457ee2
[2m2025-12-10T10:11:56.363577Z[0m [34mDEBUG[0m [2methereum_transaction_pool_monitor::mempool_monitor[0m[2m:[0m 🔍 Fetching transaction details for: 0x09803a806af29002899de83d8ecbdbc11ef3f3ed6472a21aee77bca4c7457ee2
[2m2025-12-10T10:11:56.363584Z[0m [34mDEBUG[0m [2methereum_transaction_pool_monitor::eth_client[0m[2m:[0m 🔍 Fetching transaction details for hash: 0x09803a806af29002899de83d8ecbdbc11ef3f3ed6472a21aee77bca4c7457ee2
[2m2025-12-10T10:11:56.363604Z[0m [34mDEBUG[0m [2mhyper::client::pool[0m[2m:[0m reuse idle connection for ("http", 192.168.0.14:8545)
[2m2025-12-10T10:11:56.363644Z[0m [34mDEBUG[0m [2mhyper::proto::h1::io[0m[2m:[0m flushed 250 bytes
[2m2025-12-10T10:11:56.363666Z[0m [34mDEBUG[0m [2mhyper::client::pool[0m[2m:[0m reuse idle connection for ("http", 192.168.0.14:8545)
[2m2025-12-10T10:11:56.363681Z[0m [34mDEBUG[0m [2mhyper::proto::h1::io[0m[2m:[0m flushed 172 bytes
[2m2025-12-10T10:11:56.363689Z[0m [34mDEBUG[0m [2methereum_transaction_pool_monitor::eth_client[0m[2m:[0m 📨 Received WebSocket message: {"jsonrpc":"2.0","method":"eth_subscription","params":{"subscription":"0xbed0a0851463e895960a451075a301a9","result":"0x079ee3084c19e566f0916561d7500d02112663b1e22df1e483c76863fc8041e2"}}
[2m2025-12-10T10:11:56.363704Z[0m [34mDEBUG[0m [2methereum_transaction_pool_monitor::eth_client[0m[2m:[0m 📨 Received pending transaction: 0x079ee3084c19e566f0916561d7500d02112663b1e22df1e483c76863fc8041e2
[2m2025-12-10T10:11:56.363711Z[0m [34mDEBUG[0m [2methereum_transaction_pool_monitor::eth_client[0m[2m:[0m 📨 Received WebSocket message: {"jsonrpc":"2.0","method":"eth_subscription","params":{"subscription":"0xbed0a0851463e895960a451075a301a9","result":"0xa802824516c698c5b4d59247753fe4408cc35af63ee673b082989eb728cd58cf"}}
[2m2025-12-10T10:11:56.363723Z[0m [34mDEBUG[0m [2methereum_transaction_pool_monitor::eth_client[0m[2m:[0m 📨 Received pending transaction: 0xa802824516c698c5b4d59247753fe4408cc35af63ee673b082989eb728cd58cf
[2m2025-12-10T10:11:56.363771Z[0m [34mDEBUG[0m [2methereum_transaction_pool_monitor::eth_client[0m[2m:[0m 📨 Received WebSocket message: {"jsonrpc":"2.0","method":"eth_subscription","params":{"subscription":"0xbed0a0851463e895960a451075a301a9","result":"0x9069d605727cb1cfa3f65f1ec8cfc06b49e7ab3c3ee02306e7ac24417b774289"}}
[2m2025-12-10T10:11:56.363777Z[0m [34mDEBUG[0m [2methereum_transaction_pool_monitor::eth_client[0m[2m:[0m 📨 Received pending transaction: 0x9069d605727cb1cfa3f65f1ec8cfc06b49e7ab3c3ee02306e7ac24417b774289
[2m2025-12-10T10:11:56.368707Z[0m [34mDEBUG[0m [2mhyper::proto::h1::io[0m[2m:[0m parsed 4 headers
[2m2025-12-10T10:11:56.368723Z[0m [34mDEBUG[0m [2mhyper::proto::h1::conn[0m[2m:[0m incoming body is content-length (840 bytes)
[2m2025-12-10T10:11:56.368731Z[0m [34mDEBUG[0m [2mhyper::proto::h1::conn[0m[2m:[0m incoming body completed
[2m2025-12-10T10:11:56.368740Z[0m [34mDEBUG[0m [2mhyper::client::pool[0m[2m:[0m pooling idle connection for ("http", 192.168.0.14:8545)
[2m2025-12-10T10:11:56.368809Z[0m [34mDEBUG[0m [2methereum_transaction_pool_monitor::eth_client[0m[2m:[0m 📡 Transaction fetch RPC completed in 5.220417ms
[2m2025-12-10T10:11:56.368826Z[0m [34mDEBUG[0m [2methereum_transaction_pool_monitor::eth_client[0m[2m:[0m DeFi transaction detected - Address: 0xdac17f958d2ee523a2206206994597c13d831ec7, Type: Stablecoin, Value: 0 ETH, Gas: 0.16 Gwei
[2m2025-12-10T10:11:56.368838Z[0m [34mDEBUG[0m [2methereum_transaction_pool_monitor::eth_client[0m[2m:[0m ✅ Transaction 0x09803a806af29002899de83d8ecbdbc11ef3f3ed6472a21aee77bca4c7457ee2 fetched and parsed in 5.249292ms
[2m2025-12-10T10:11:56.368844Z[0m [34mDEBUG[0m [2methereum_transaction_pool_monitor::mempool_monitor[0m[2m:[0m 🔍 Skipping tx 0x09803a806af29002899de83d8ecbdbc11ef3f3ed6472a21aee77bca4c7457ee2 - not a DEX interaction (target: 0xdAC17F958D2ee523a2206206994597C13D831ec7)
[2m2025-12-10T10:11:56.368850Z[0m [34mDEBUG[0m [2methereum_transaction_pool_monitor::mempool_monitor[0m[2m:[0m 📨 Processing new pending transaction: 0xb9cdc605277ea1852401af2799cb45ed1269a06a9db99166d7a9c328651fef44
[2m2025-12-10T10:11:56.368854Z[0m [34mDEBUG[0m [2methereum_transaction_pool_monitor::mempool_monitor[0m[2m:[0m 🔍 Fetching transaction details for: 0xb9cdc605277ea1852401af2799cb45ed1269a06a9db99166d7a9c328651fef44
[2m2025-12-10T10:11:56.368858Z[0m [34mDEBUG[0m [2methereum_transaction_pool_monitor::eth_client[0m[2m:[0m 🔍 Fetching transaction details for hash: 0xb9cdc605277ea1852401af2799cb45ed1269a06a9db99166d7a9c328651fef44
[2m2025-12-10T10:11:56.368868Z[0m [34mDEBUG[0m [2mhyper::client::pool[0m[2m:[0m reuse idle connection for ("http", 192.168.0.14:8545)
[2m2025-12-10T10:11:56.368892Z[0m [34mDEBUG[0m [2mhyper::proto::h1::io[0m[2m:[0m flushed 250 bytes
[2m2025-12-10T10:11:56.369591Z[0m [34mDEBUG[0m [2mhyper::proto::h1::io[0m[2m:[0m parsed 4 headers
[2m2025-12-10T10:11:56.369612Z[0m [34mDEBUG[0m [2mhyper::proto::h1::conn[0m[2m:[0m incoming body is content-length (45 bytes)
[2m2025-12-10T10:11:56.369632Z[0m [34mDEBUG[0m [2mhyper::proto::h1::conn[0m[2m:[0m incoming body completed
[2m2025-12-10T10:11:56.369659Z[0m [34mDEBUG[0m [2mhyper::client::pool[0m[2m:[0m pooling idle connection for ("http", 192.168.0.14:8545)
[2m2025-12-10T10:11:56.384413Z[0m [34mDEBUG[0m [2mhyper::proto::h1::io[0m[2m:[0m parsed 4 headers
[2m2025-12-10T10:11:56.384427Z[0m [34mDEBUG[0m [2mhyper::proto::h1::conn[0m[2m:[0m incoming body is content-length (768 bytes)
[2m2025-12-10T10:11:56.384435Z[0m [34mDEBUG[0m [2mhyper::proto::h1::conn[0m[2m:[0m incoming body completed
[2m2025-12-10T10:11:56.384443Z[0m [34mDEBUG[0m [2mhyper::client::pool[0m[2m:[0m pooling idle connection for ("http", 192.168.0.14:8545)
[2m2025-12-10T10:11:56.384450Z[0m [34mDEBUG[0m [2methereum_transaction_pool_monitor::eth_client[0m[2m:[0m 📡 Transaction fetch RPC completed in 15.588125ms
[2m2025-12-10T10:11:56.384464Z[0m [34mDEBUG[0m [2methereum_transaction_pool_monitor::eth_client[0m[2m:[0m DeFi transaction detected - Address: 0xc00e94cb662c3520282e6f5717214004a7f26888, Type: TokenContract, Value: 0 ETH, Gas: 0.24 Gwei
[2m2025-12-10T10:11:56.384474Z[0m [34mDEBUG[0m [2methereum_transaction_pool_monitor::eth_client[0m[2m:[0m ✅ Transaction 0xb9cdc605277ea1852401af2799cb45ed1269a06a9db99166d7a9c328651fef44 fetched and parsed in 15.612709ms
[2m2025-12-10T10:11:56.384480Z[0m [34mDEBUG[0m [2methereum_transaction_pool_monitor::mempool_monitor[0m[2m:[0m 🔍 Skipping tx 0xb9cdc605277ea1852401af2799cb45ed1269a06a9db99166d7a9c328651fef44 - not a DEX interaction (target: 0xc00e94Cb662C3520282E6f5717214004A7f26888)
[2m2025-12-10T10:11:56.384487Z[0m [34mDEBUG[0m [2methereum_transaction_pool_monitor::mempool_monitor[0m[2m:[0m 📨 Processing new pending transaction: 0x202d204ed25422ecea0c3adbe003b4e69b1742da839dd7e3945ff150555f2897
[2m2025-12-10T10:11:56.384491Z[0m [34mDEBUG[0m [2methereum_transaction_pool_monitor::mempool_monitor[0m[2m:[0m 🔍 Fetching transaction details for: 0x202d204ed25422ecea0c3adbe003b4e69b1742da839dd7e3945ff150555f2897
[2m2025-12-10T10:11:56.384495Z[0m [34mDEBUG[0m [2methereum_transaction_pool_monitor::eth_client[0m[2m:[0m 🔍 Fetching transaction details for hash: 0x202d204ed25422ecea0c3adbe003b4e69b1742da839dd7e3945ff150555f2897
[2m2025-12-10T10:11:56.384504Z[0m [34mDEBUG[0m [2mhyper::client::pool[0m[2m:[0m reuse idle connection for ("http", 192.168.0.14:8545)
[2m2025-12-10T10:11:56.384528Z[0m [34mDEBUG[0m [2mhyper::proto::h1::io[0m[2m:[0m flushed 250 bytes
[2m2025-12-10T10:11:56.398688Z[0m [34mDEBUG[0m [2mhyper::client::pool[0m[2m:[0m reuse idle connection for ("http", 192.168.0.14:8545)
[2m2025-12-10T10:11:56.398690Z[0m [34mDEBUG[0m [2mhyper::proto::h1::io[0m[2m:[0m parsed 4 headers
[2m2025-12-10T10:11:56.398705Z[0m [34mDEBUG[0m [2mhyper::proto::h1::conn[0m[2m:[0m incoming body is content-length (647 bytes)
[2m2025-12-10T10:11:56.398710Z[0m [34mDEBUG[0m [2mhyper::proto::h1::conn[0m[2m:[0m incoming body completed
[2m2025-12-10T10:11:56.398716Z[0m [34mDEBUG[0m [2mhyper::proto::h1::io[0m[2m:[0m flushed 172 bytes
[2m2025-12-10T10:11:56.398717Z[0m [34mDEBUG[0m [2mhyper::client::pool[0m[2m:[0m pooling idle connection for ("http", 192.168.0.14:8545)
[2m2025-12-10T10:11:56.398729Z[0m [34mDEBUG[0m [2methereum_transaction_pool_monitor::eth_client[0m[2m:[0m 📡 Transaction fetch RPC completed in 14.230417ms
[2m2025-12-10T10:11:56.402369Z[0m [34mDEBUG[0m [2mhyper::proto::h1::io[0m[2m:[0m parsed 4 headers
[2m2025-12-10T10:11:56.402381Z[0m [34mDEBUG[0m [2mhyper::proto::h1::conn[0m[2m:[0m incoming body is content-length (45 bytes)
[2m2025-12-10T10:11:56.402387Z[0m [34mDEBUG[0m [2mhyper::proto::h1::conn[0m[2m:[0m incoming body completed
[2m2025-12-10T10:11:56.402395Z[0m [34mDEBUG[0m [2mhyper::client::pool[0m[2m:[0m pooling idle connection for ("http", 192.168.0.14:8545)
[2m2025-12-10T10:11:56.470390Z[0m [34mDEBUG[0m [2methereum_transaction_pool_monitor::eth_client[0m[2m:[0m ✅ Transaction 0x202d204ed25422ecea0c3adbe003b4e69b1742da839dd7e3945ff150555f2897 fetched and parsed in 85.889083ms
[2m2025-12-10T10:11:56.470420Z[0m [34mDEBUG[0m [2methereum_transaction_pool_monitor::mempool_monitor[0m[2m:[0m 🔍 Skipping tx 0x202d204ed25422ecea0c3adbe003b4e69b1742da839dd7e3945ff150555f2897 - not a DEX interaction (target: 0x1400E90d1435322a06A0805a38E058E365f3120d)
[2m2025-12-10T10:11:56.470431Z[0m [34mDEBUG[0m [2methereum_transaction_pool_monitor::mempool_monitor[0m[2m:[0m 📨 Processing new pending transaction: 0xe8ed7ed59547fd52a2e3226d02869ee5aa67d60e01f8f6f18b92874b0acc3f52
[2m2025-12-10T10:11:56.470440Z[0m [34mDEBUG[0m [2methereum_transaction_pool_monitor::mempool_monitor[0m[2m:[0m 🔍 Fetching transaction details for: 0xe8ed7ed59547fd52a2e3226d02869ee5aa67d60e01f8f6f18b92874b0acc3f52
[2m2025-12-10T10:11:56.470450Z[0m [34mDEBUG[0m [2methereum_transaction_pool_monitor::eth_client[0m[2m:[0m 🔍 Fetching transaction details for hash: 0xe8ed7ed59547fd52a2e3226d02869ee5aa67d60e01f8f6f18b92874b0acc3f52
[2m2025-12-10T10:11:56.470471Z[0m [34mDEBUG[0m [2mhyper::client::pool[0m[2m:[0m reuse idle connection for ("http", 192.168.0.14:8545)
[2m2025-12-10T10:11:56.470523Z[0m [34mDEBUG[0m [2mhyper::proto::h1::io[0m[2m:[0m flushed 250 bytes
[2m2025-12-10T10:11:56.475987Z[0m [34mDEBUG[0m [2mhyper::proto::h1::io[0m[2m:[0m parsed 4 headers
[2m2025-12-10T10:11:56.476006Z[0m [34mDEBUG[0m [2mhyper::proto::h1::conn[0m[2m:[0m incoming body is content-length (774 bytes)
[2m2025-12-10T10:11:56.476014Z[0m [34mDEBUG[0m [2mhyper::proto::h1::conn[0m[2m:[0m incoming body completed
[2m2025-12-10T10:11:56.476025Z[0m [34mDEBUG[0m [2mhyper::client::pool[0m[2m:[0m pooling idle connection for ("http", 192.168.0.14:8545)
[2m2025-12-10T10:11:56.476034Z[0m [34mDEBUG[0m [2methereum_transaction_pool_monitor::eth_client[0m[2m:[0m 📡 Transaction fetch RPC completed in 5.574958ms
[2m2025-12-10T10:11:56.476052Z[0m [34mDEBUG[0m [2methereum_transaction_pool_monitor::eth_client[0m[2m:[0m DeFi transaction detected - Address: 0xdac17f958d2ee523a2206206994597c13d831ec7, Type: Stablecoin, Value: 0 ETH, Gas: 1.00 Gwei
[2m2025-12-10T10:11:56.476064Z[0m [34mDEBUG[0m [2methereum_transaction_pool_monitor::eth_client[0m[2m:[0m ✅ Transaction 0xe8ed7ed59547fd52a2e3226d02869ee5aa67d60e01f8f6f18b92874b0acc3f52 fetched and parsed in 5.605167ms
[2m2025-12-10T10:11:56.476069Z[0m [34mDEBUG[0m [2methereum_transaction_pool_monitor::mempool_monitor[0m[2m:[0m 🔍 Skipping tx 0xe8ed7ed59547fd52a2e3226d02869ee5aa67d60e01f8f6f18b92874b0acc3f52 - not a DEX interaction (target: 0xdAC17F958D2ee523a2206206994597C13D831ec7)
[2m2025-12-10T10:11:56.476076Z[0m [34mDEBUG[0m [2methereum_transaction_pool_monitor::mempool_monitor[0m[2m:[0m 📨 Processing new pending transaction: 0x426d402334c2ee3bc529fa732d4d3170540d23e2918175de61de91758903db40
[2m2025-12-10T10:11:56.476079Z[0m [34mDEBUG[0m [2methereum_transaction_pool_monitor::mempool_monitor[0m[2m:[0m 🔍 Fetching transaction details for: 0x426d402334c2ee3bc529fa732d4d3170540d23e2918175de61de91758903db40
[2m2025-12-10T10:11:56.476083Z[0m [34mDEBUG[0m [2methereum_transaction_pool_monitor::eth_client[0m[2m:[0m 🔍 Fetching transaction details for hash: 0x426d402334c2ee3bc529fa732d4d3170540d23e2918175de61de91758903db40
[2m2025-12-10T10:11:56.476098Z[0m [34mDEBUG[0m [2mhyper::client::pool[0m[2m:[0m reuse idle connection for ("http", 192.168.0.14:8545)
[2m2025-12-10T10:11:56.476125Z[0m [34mDEBUG[0m [2mhyper::proto::h1::io[0m[2m:[0m flushed 250 bytes
[2m2025-12-10T10:11:56.481634Z[0m [34mDEBUG[0m [2mhyper::proto::h1::io[0m[2m:[0m parsed 4 headers
[2m2025-12-10T10:11:56.481642Z[0m [34mDEBUG[0m [2mhyper::proto::h1::conn[0m[2m:[0m incoming body is content-length (555 bytes)
[2m2025-12-10T10:11:56.481647Z[0m [34mDEBUG[0m [2mhyper::proto::h1::conn[0m[2m:[0m incoming body completed
[2m2025-12-10T10:11:56.481653Z[0m [34mDEBUG[0m [2mhyper::client::pool[0m[2m:[0m pooling idle connection for ("http", 192.168.0.14:8545)
[2m2025-12-10T10:11:56.481658Z[0m [34mDEBUG[0m [2methereum_transaction_pool_monitor::eth_client[0m[2m:[0m 📡 Transaction fetch RPC completed in 5.571667ms
[2m2025-12-10T10:11:56.550832Z[0m [34mDEBUG[0m [2methereum_transaction_pool_monitor::eth_client[0m[2m:[0m ✅ Transaction 0x426d402334c2ee3bc529fa732d4d3170540d23e2918175de61de91758903db40 fetched and parsed in 74.742958ms
[2m2025-12-10T10:11:56.550861Z[0m [34mDEBUG[0m [2methereum_transaction_pool_monitor::mempool_monitor[0m[2m:[0m 🔍 Skipping tx 0x426d402334c2ee3bc529fa732d4d3170540d23e2918175de61de91758903db40 - not a DEX interaction (target: 0xE543528a8d17c7Ac0EA36742CB633E86573f1518)
[2m2025-12-10T10:11:56.550871Z[0m [34mDEBUG[0m [2methereum_transaction_pool_monitor::mempool_monitor[0m[2m:[0m 📨 Processing new pending transaction: 0x7c2ef5d322727f203fe4968f6a6f2b7b40ed4a58aaf6b0d5b2ee01b7a3ac109e
[2m2025-12-10T10:11:56.550876Z[0m [34mDEBUG[0m [2methereum_transaction_pool_monitor::mempool_monitor[0m[2m:[0m 🔍 Fetching transaction details for: 0x7c2ef5d322727f203fe4968f6a6f2b7b40ed4a58aaf6b0d5b2ee01b7a3ac109e
[2m2025-12-10T10:11:56.550881Z[0m [34mDEBUG[0m [2methereum_transaction_pool_monitor::eth_client[0m[2m:[0m 🔍 Fetching transaction details for hash: 0x7c2ef5d322727f203fe4968f6a6f2b7b40ed4a58aaf6b0d5b2ee01b7a3ac109e
[2m2025-12-10T10:11:56.550899Z[0m [34mDEBUG[0m [2mhyper::client::pool[0m[2m:[0m reuse idle connection for ("http", 192.168.0.14:8545)
[2m2025-12-10T10:11:56.550951Z[0m [34mDEBUG[0m [2mhyper::proto::h1::io[0m[2m:[0m flushed 250 bytes
[2m2025-12-10T10:11:56.550978Z[0m [34mDEBUG[0m [2mhyper::client::pool[0m[2m:[0m reuse idle connection for ("http", 192.168.0.14:8545)
[2m2025-12-10T10:11:56.550992Z[0m [34mDEBUG[0m [2mhyper::proto::h1::io[0m[2m:[0m flushed 172 bytes
[2m2025-12-10T10:11:56.554559Z[0m [34mDEBUG[0m [2mhyper::proto::h1::io[0m[2m:[0m parsed 4 headers
[2m2025-12-10T10:11:56.554570Z[0m [34mDEBUG[0m [2mhyper::proto::h1::conn[0m[2m:[0m incoming body is content-length (648 bytes)
[2m2025-12-10T10:11:56.554578Z[0m [34mDEBUG[0m [2mhyper::proto::h1::conn[0m[2m:[0m incoming body completed
[2m2025-12-10T10:11:56.554587Z[0m [34mDEBUG[0m [2mhyper::client::pool[0m[2m:[0m pooling idle connection for ("http", 192.168.0.14:8545)
[2m2025-12-10T10:11:56.554593Z[0m [34mDEBUG[0m [2methereum_transaction_pool_monitor::eth_client[0m[2m:[0m 📡 Transaction fetch RPC completed in 3.7075ms
[2m2025-12-10T10:11:56.624381Z[0m [34mDEBUG[0m [2methereum_transaction_pool_monitor::eth_client[0m[2m:[0m ✅ Transaction 0x7c2ef5d322727f203fe4968f6a6f2b7b40ed4a58aaf6b0d5b2ee01b7a3ac109e fetched and parsed in 73.4935ms
[2m2025-12-10T10:11:56.624410Z[0m [34mDEBUG[0m [2methereum_transaction_pool_monitor::mempool_monitor[0m[2m:[0m 🔍 Skipping tx 0x7c2ef5d322727f203fe4968f6a6f2b7b40ed4a58aaf6b0d5b2ee01b7a3ac109e - not a DEX interaction (target: 0xA9D1e08C7793af67e9d92fe308d5697FB81d3E43)
[2m2025-12-10T10:11:56.624421Z[0m [34mDEBUG[0m [2methereum_transaction_pool_monitor::mempool_monitor[0m[2m:[0m 📨 Processing new pending transaction: 0x7a32d3b62d248da3fed87b287f5fca732a234da39dadeb39f7542d890c293150
[2m2025-12-10T10:11:56.624437Z[0m [34mDEBUG[0m [2methereum_transaction_pool_monitor::mempool_monitor[0m[2m:[0m 🔍 Fetching transaction details for: 0x7a32d3b62d248da3fed87b287f5fca732a234da39dadeb39f7542d890c293150
[2m2025-12-10T10:11:56.624445Z[0m [34mDEBUG[0m [2methereum_transaction_pool_monitor::eth_client[0m[2m:[0m 🔍 Fetching transaction details for hash: 0x7a32d3b62d248da3fed87b287f5fca732a234da39dadeb39f7542d890c293150
[2m2025-12-10T10:11:56.624464Z[0m [34mDEBUG[0m [2mhyper::client::pool[0m[2m:[0m reuse idle connection for ("http", 192.168.0.14:8545)
[2m2025-12-10T10:11:56.624508Z[0m [34mDEBUG[0m [2mhyper::proto::h1::io[0m[2m:[0m flushed 250 bytes
[2m2025-12-10T10:11:56.624527Z[0m [34mDEBUG[0m [2mhyper::proto::h1::io[0m[2m:[0m parsed 4 headers
[2m2025-12-10T10:11:56.624534Z[0m [34mDEBUG[0m [2mhyper::proto::h1::conn[0m[2m:[0m incoming body is content-length (45 bytes)
[2m2025-12-10T10:11:56.624547Z[0m [34mDEBUG[0m [2mhyper::proto::h1::conn[0m[2m:[0m incoming body completed
[2m2025-12-10T10:11:56.624561Z[0m [34mDEBUG[0m [2mhyper::client::pool[0m[2m:[0m pooling idle connection for ("http", 192.168.0.14:8545)
[2m2025-12-10T10:11:56.624579Z[0m [34mDEBUG[0m [2mhyper::client::pool[0m[2m:[0m reuse idle connection for ("http", 192.168.0.14:8545)
[2m2025-12-10T10:11:56.624596Z[0m [34mDEBUG[0m [2mhyper::proto::h1::io[0m[2m:[0m flushed 172 bytes
[2m2025-12-10T10:11:56.628141Z[0m [34mDEBUG[0m [2mhyper::proto::h1::io[0m[2m:[0m parsed 4 headers
[2m2025-12-10T10:11:56.628160Z[0m [34mDEBUG[0m [2mhyper::proto::h1::conn[0m[2m:[0m incoming body is content-length (647 bytes)
[2m2025-12-10T10:11:56.628166Z[0m [34mDEBUG[0m [2mhyper::proto::h1::conn[0m[2m:[0m incoming body completed
[2m2025-12-10T10:11:56.628176Z[0m [34mDEBUG[0m [2mhyper::client::pool[0m[2m:[0m pooling idle connection for ("http", 192.168.0.14:8545)
[2m2025-12-10T10:11:56.628183Z[0m [34mDEBUG[0m [2methereum_transaction_pool_monitor::eth_client[0m[2m:[0m 📡 Transaction fetch RPC completed in 3.731917ms
[2m2025-12-10T10:11:56.700108Z[0m [34mDEBUG[0m [2methereum_transaction_pool_monitor::eth_client[0m[2m:[0m ✅ Transaction 0x7a32d3b62d248da3fed87b287f5fca732a234da39dadeb39f7542d890c293150 fetched and parsed in 75.654459ms
[2m2025-12-10T10:11:56.700137Z[0m [34mDEBUG[0m [2methereum_transaction_pool_monitor::mempool_monitor[0m[2m:[0m 🔍 Skipping tx 0x7a32d3b62d248da3fed87b287f5fca732a234da39dadeb39f7542d890c293150 - not a DEX interaction (target: 0xA9D1e08C7793af67e9d92fe308d5697FB81d3E43)
[2m2025-12-10T10:11:56.700153Z[0m [34mDEBUG[0m [2methereum_transaction_pool_monitor::mempool_monitor[0m[2m:[0m 📨 Processing new pending transaction: 0x8e10391ae4650db49c91146c018599f258532e61969fc0b97a09a801b8c86807
[2m2025-12-10T10:11:56.700403Z[0m [34mDEBUG[0m [2methereum_transaction_pool_monitor::mempool_monitor[0m[2m:[0m 🔍 Fetching transaction details for: 0x8e10391ae4650db49c91146c018599f258532e61969fc0b97a09a801b8c86807
[2m2025-12-10T10:11:56.700411Z[0m [34mDEBUG[0m [2methereum_transaction_pool_monitor::eth_client[0m[2m:[0m 🔍 Fetching transaction details for hash: 0x8e10391ae4650db49c91146c018599f258532e61969fc0b97a09a801b8c86807
[2m2025-12-10T10:11:56.700428Z[0m [34mDEBUG[0m [2mhyper::client::pool[0m[2m:[0m reuse idle connection for ("http", 192.168.0.14:8545)
[2m2025-12-10T10:11:56.700463Z[0m [34mDEBUG[0m [2mhyper::proto::h1::io[0m[2m:[0m flushed 250 bytes
[2m2025-12-10T10:11:56.700487Z[0m [34mDEBUG[0m [2methereum_transaction_pool_monitor::eth_client[0m[2m:[0m 📨 Received WebSocket message: {"jsonrpc":"2.0","method":"eth_subscription","params":{"subscription":"0xbed0a0851463e895960a451075a301a9","result":"0xcc2c9205a5dbf15e9ddf8c38117c965bab09ca7b68049165f70193be08fd38f2"}}
[2m2025-12-10T10:11:56.700492Z[0m [34mDEBUG[0m [2mhyper::proto::h1::io[0m[2m:[0m parsed 4 headers
[2m2025-12-10T10:11:56.700506Z[0m [34mDEBUG[0m [2mhyper::proto::h1::conn[0m[2m:[0m incoming body is content-length (45 bytes)
[2m2025-12-10T10:11:56.700496Z[0m [34mDEBUG[0m [2methereum_transaction_pool_monitor::eth_client[0m[2m:[0m 📨 Received pending transaction: 0xcc2c9205a5dbf15e9ddf8c38117c965bab09ca7b68049165f70193be08fd38f2
[2m2025-12-10T10:11:56.700516Z[0m [34mDEBUG[0m [2mhyper::proto::h1::conn[0m[2m:[0m incoming body completed
[2m2025-12-10T10:11:56.700555Z[0m [34mDEBUG[0m [2mhyper::client::pool[0m[2m:[0m pooling idle connection for ("http", 192.168.0.14:8545)
[2m2025-12-10T10:11:56.700570Z[0m [34mDEBUG[0m [2mhyper::client::pool[0m[2m:[0m reuse idle connection for ("http", 192.168.0.14:8545)
[2m2025-12-10T10:11:56.700587Z[0m [34mDEBUG[0m [2mhyper::proto::h1::io[0m[2m:[0m flushed 172 bytes
[2m2025-12-10T10:11:56.705674Z[0m [34mDEBUG[0m [2mhyper::proto::h1::io[0m[2m:[0m parsed 4 headers
[2m2025-12-10T10:11:56.705682Z[0m [34mDEBUG[0m [2mhyper::proto::h1::conn[0m[2m:[0m incoming body is content-length (651 bytes)
[2m2025-12-10T10:11:56.705688Z[0m [34mDEBUG[0m [2mhyper::proto::h1::conn[0m[2m:[0m incoming body completed
[2m2025-12-10T10:11:56.705695Z[0m [34mDEBUG[0m [2mhyper::client::pool[0m[2m:[0m pooling idle connection for ("http", 192.168.0.14:8545)
[2m2025-12-10T10:11:56.705701Z[0m [34mDEBUG[0m [2methereum_transaction_pool_monitor::eth_client[0m[2m:[0m 📡 Transaction fetch RPC completed in 5.285542ms
[2m2025-12-10T10:11:56.775922Z[0m [34mDEBUG[0m [2methereum_transaction_pool_monitor::eth_client[0m[2m:[0m ✅ Transaction 0x8e10391ae4650db49c91146c018599f258532e61969fc0b97a09a801b8c86807 fetched and parsed in 75.504625ms
[2m2025-12-10T10:11:56.775948Z[0m [34mDEBUG[0m [2methereum_transaction_pool_monitor::mempool_monitor[0m[2m:[0m 🔍 Skipping tx 0x8e10391ae4650db49c91146c018599f258532e61969fc0b97a09a801b8c86807 - not a DEX interaction (target: 0xb5d85CBf7cB3EE0D56b3bB207D5Fc4B82f43F511)
[2m2025-12-10T10:11:56.775957Z[0m [34mDEBUG[0m [2methereum_transaction_pool_monitor::mempool_monitor[0m[2m:[0m 📨 Processing new pending transaction: 0x079ee3084c19e566f0916561d7500d02112663b1e22df1e483c76863fc8041e2
[2m2025-12-10T10:11:56.775964Z[0m [34mDEBUG[0m [2methereum_transaction_pool_monitor::mempool_monitor[0m[2m:[0m 🔍 Fetching transaction details for: 0x079ee3084c19e566f0916561d7500d02112663b1e22df1e483c76863fc8041e2
[2m2025-12-10T10:11:56.775971Z[0m [34mDEBUG[0m [2methereum_transaction_pool_monitor::eth_client[0m[2m:[0m 🔍 Fetching transaction details for hash: 0x079ee3084c19e566f0916561d7500d02112663b1e22df1e483c76863fc8041e2
[2m2025-12-10T10:11:56.775987Z[0m [34mDEBUG[0m [2mhyper::client::pool[0m[2m:[0m reuse idle connection for ("http", 192.168.0.14:8545)
[2m2025-12-10T10:11:56.776029Z[0m [34mDEBUG[0m [2mhyper::proto::h1::io[0m[2m:[0m flushed 250 bytes
[2m2025-12-10T10:11:56.776044Z[0m [34mDEBUG[0m [2mhyper::proto::h1::io[0m[2m:[0m parsed 4 headers
[2m2025-12-10T10:11:56.776051Z[0m [34mDEBUG[0m [2mhyper::proto::h1::conn[0m[2m:[0m incoming body is content-length (45 bytes)
[2m2025-12-10T10:11:56.776060Z[0m [34mDEBUG[0m [2mhyper::proto::h1::conn[0m[2m:[0m incoming body completed
[2m2025-12-10T10:11:56.776068Z[0m [34mDEBUG[0m [2mhyper::client::pool[0m[2m:[0m pooling idle connection for ("http", 192.168.0.14:8545)
[2m2025-12-10T10:11:56.784313Z[0m [34mDEBUG[0m [2mhyper::proto::h1::io[0m[2m:[0m parsed 4 headers
[2m2025-12-10T10:11:56.784321Z[0m [34mDEBUG[0m [2mhyper::proto::h1::conn[0m[2m:[0m incoming body is content-length (647 bytes)
[2m2025-12-10T10:11:56.784327Z[0m [34mDEBUG[0m [2mhyper::proto::h1::conn[0m[2m:[0m incoming body completed
[2m2025-12-10T10:11:56.784335Z[0m [34mDEBUG[0m [2mhyper::client::pool[0m[2m:[0m pooling idle connection for ("http", 192.168.0.14:8545)
[2m2025-12-10T10:11:56.784341Z[0m [34mDEBUG[0m [2methereum_transaction_pool_monitor::eth_client[0m[2m:[0m 📡 Transaction fetch RPC completed in 8.36575ms
[2m2025-12-10T10:11:56.855271Z[0m [34mDEBUG[0m [2methereum_transaction_pool_monitor::eth_client[0m[2m:[0m ✅ Transaction 0x079ee3084c19e566f0916561d7500d02112663b1e22df1e483c76863fc8041e2 fetched and parsed in 79.292916ms
[2m2025-12-10T10:11:56.855299Z[0m [34mDEBUG[0m [2methereum_transaction_pool_monitor::mempool_monitor[0m[2m:[0m 🔍 Skipping tx 0x079ee3084c19e566f0916561d7500d02112663b1e22df1e483c76863fc8041e2 - not a DEX interaction (target: 0xA9D1e08C7793af67e9d92fe308d5697FB81d3E43)
[2m2025-12-10T10:11:56.855310Z[0m [34mDEBUG[0m [2methereum_transaction_pool_monitor::mempool_monitor[0m[2m:[0m 📨 Processing new pending transaction: 0xa802824516c698c5b4d59247753fe4408cc35af63ee673b082989eb728cd58cf
[2m2025-12-10T10:11:56.855317Z[0m [34mDEBUG[0m [2methereum_transaction_pool_monitor::mempool_monitor[0m[2m:[0m 🔍 Fetching transaction details for: 0xa802824516c698c5b4d59247753fe4408cc35af63ee673b082989eb728cd58cf
[2m2025-12-10T10:11:56.855324Z[0m [34mDEBUG[0m [2methereum_transaction_pool_monitor::eth_client[0m[2m:[0m 🔍 Fetching transaction details for hash: 0xa802824516c698c5b4d59247753fe4408cc35af63ee673b082989eb728cd58cf
[2m2025-12-10T10:11:56.855348Z[0m [34mDEBUG[0m [2mhyper::client::pool[0m[2m:[0m reuse idle connection for ("http", 192.168.0.14:8545)
[2m2025-12-10T10:11:56.855390Z[0m [34mDEBUG[0m [2mhyper::proto::h1::io[0m[2m:[0m flushed 250 bytes
[2m2025-12-10T10:11:56.855413Z[0m [34mDEBUG[0m [2mhyper::client::pool[0m[2m:[0m reuse idle connection for ("http", 192.168.0.14:8545)
[2m2025-12-10T10:11:56.855426Z[0m [34mDEBUG[0m [2mhyper::proto::h1::io[0m[2m:[0m flushed 172 bytes
[2m2025-12-10T10:11:56.855440Z[0m [34mDEBUG[0m [2methereum_transaction_pool_monitor::eth_client[0m[2m:[0m 📨 Received WebSocket message: {"jsonrpc":"2.0","method":"eth_subscription","params":{"subscription":"0xbed0a0851463e895960a451075a301a9","result":"0x8e58a38f1c941146eeb99ffbe14dfbe2b456fe132f7b897d864c9c9cf4e5dbce"}}
[2m2025-12-10T10:11:56.855448Z[0m [34mDEBUG[0m [2methereum_transaction_pool_monitor::eth_client[0m[2m:[0m 📨 Received pending transaction: 0x8e58a38f1c941146eeb99ffbe14dfbe2b456fe132f7b897d864c9c9cf4e5dbce
[2m2025-12-10T10:11:56.862317Z[0m [34mDEBUG[0m [2mhyper::proto::h1::io[0m[2m:[0m parsed 4 headers
[2m2025-12-10T10:11:56.862326Z[0m [34mDEBUG[0m [2mhyper::proto::h1::conn[0m[2m:[0m incoming body is content-length (648 bytes)
[2m2025-12-10T10:11:56.862333Z[0m [34mDEBUG[0m [2mhyper::proto::h1::conn[0m[2m:[0m incoming body completed
[2m2025-12-10T10:11:56.862341Z[0m [34mDEBUG[0m [2mhyper::client::pool[0m[2m:[0m pooling idle connection for ("http", 192.168.0.14:8545)
[2m2025-12-10T10:11:56.862347Z[0m [34mDEBUG[0m [2methereum_transaction_pool_monitor::eth_client[0m[2m:[0m 📡 Transaction fetch RPC completed in 7.012166ms
[2m2025-12-10T10:11:56.933725Z[0m [34mDEBUG[0m [2methereum_transaction_pool_monitor::eth_client[0m[2m:[0m ✅ Transaction 0xa802824516c698c5b4d59247753fe4408cc35af63ee673b082989eb728cd58cf fetched and parsed in 78.38775ms
[2m2025-12-10T10:11:56.933752Z[0m [34mDEBUG[0m [2methereum_transaction_pool_monitor::mempool_monitor[0m[2m:[0m 🔍 Skipping tx 0xa802824516c698c5b4d59247753fe4408cc35af63ee673b082989eb728cd58cf - not a DEX interaction (target: 0xb5d85CBf7cB3EE0D56b3bB207D5Fc4B82f43F511)
[2m2025-12-10T10:11:56.933761Z[0m [34mDEBUG[0m [2methereum_transaction_pool_monitor::mempool_monitor[0m[2m:[0m 📨 Processing new pending transaction: 0x9069d605727cb1cfa3f65f1ec8cfc06b49e7ab3c3ee02306e7ac24417b774289
[2m2025-12-10T10:11:56.933765Z[0m [34mDEBUG[0m [2methereum_transaction_pool_monitor::mempool_monitor[0m[2m:[0m 🔍 Fetching transaction details for: 0x9069d605727cb1cfa3f65f1ec8cfc06b49e7ab3c3ee02306e7ac24417b774289
[2m2025-12-10T10:11:56.933769Z[0m [34mDEBUG[0m [2methereum_transaction_pool_monitor::eth_client[0m[2m:[0m 🔍 Fetching transaction details for hash: 0x9069d605727cb1cfa3f65f1ec8cfc06b49e7ab3c3ee02306e7ac24417b774289
[2m2025-12-10T10:11:56.933788Z[0m [34mDEBUG[0m [2mhyper::client::pool[0m[2m:[0m reuse idle connection for ("http", 192.168.0.14:8545)
[2m2025-12-10T10:11:56.933842Z[0m [34mDEBUG[0m [2mhyper::proto::h1::io[0m[2m:[0m flushed 250 bytes
[2m2025-12-10T10:11:56.933858Z[0m [34mDEBUG[0m [2mhyper::proto::h1::io[0m[2m:[0m parsed 4 headers
[2m2025-12-10T10:11:56.933862Z[0m [34mDEBUG[0m [2mhyper::proto::h1::conn[0m[2m:[0m incoming body is content-length (45 bytes)
[2m2025-12-10T10:11:56.933869Z[0m [34mDEBUG[0m [2mhyper::proto::h1::conn[0m[2m:[0m incoming body completed
[2m2025-12-10T10:11:56.933876Z[0m [34mDEBUG[0m [2mhyper::client::pool[0m[2m:[0m pooling idle connection for ("http", 192.168.0.14:8545)
[2m2025-12-10T10:11:56.933891Z[0m [34mDEBUG[0m [2mhyper::client::pool[0m[2m:[0m reuse idle connection for ("http", 192.168.0.14:8545)
[2m2025-12-10T10:11:56.933906Z[0m [34mDEBUG[0m [2mhyper::proto::h1::io[0m[2m:[0m flushed 172 bytes
[2m2025-12-10T10:11:56.939319Z[0m [34mDEBUG[0m [2mhyper::proto::h1::io[0m[2m:[0m parsed 4 headers
[2m2025-12-10T10:11:56.939331Z[0m [34mDEBUG[0m [2mhyper::proto::h1::conn[0m[2m:[0m incoming body is content-length (45 bytes)
[2m2025-12-10T10:11:56.939337Z[0m [34mDEBUG[0m [2mhyper::proto::h1::conn[0m[2m:[0m incoming body completed
[2m2025-12-10T10:11:56.939345Z[0m [34mDEBUG[0m [2mhyper::client::pool[0m[2m:[0m pooling idle connection for ("http", 192.168.0.14:8545)
[2m2025-12-10T10:11:56.940877Z[0m [34mDEBUG[0m [2mhyper::proto::h1::io[0m[2m:[0m parsed 4 headers
[2m2025-12-10T10:11:56.940884Z[0m [34mDEBUG[0m [2mhyper::proto::h1::conn[0m[2m:[0m incoming body is content-length (1732 bytes)
[2m2025-12-10T10:11:56.940892Z[0m [34mDEBUG[0m [2mhyper::proto::h1::conn[0m[2m:[0m incoming body completed
[2m2025-12-10T10:11:56.940899Z[0m [34mDEBUG[0m [2mhyper::client::pool[0m[2m:[0m pooling idle connection for ("http", 192.168.0.14:8545)
[2m2025-12-10T10:11:56.940905Z[0m [34mDEBUG[0m [2methereum_transaction_pool_monitor::eth_client[0m[2m:[0m 📡 Transaction fetch RPC completed in 7.131042ms
[2m2025-12-10T10:11:57.012687Z[0m [34mDEBUG[0m [2methereum_transaction_pool_monitor::eth_client[0m[2m:[0m ✅ Transaction 0x9069d605727cb1cfa3f65f1ec8cfc06b49e7ab3c3ee02306e7ac24417b774289 fetched and parsed in 78.9105ms
[2m2025-12-10T10:11:57.012713Z[0m [34mDEBUG[0m [2methereum_transaction_pool_monitor::mempool_monitor[0m[2m:[0m 🔍 Skipping tx 0x9069d605727cb1cfa3f65f1ec8cfc06b49e7ab3c3ee02306e7ac24417b774289 - not a DEX interaction (target: 0x601a2aD6CB5949f0529735254189Ba3194221EDF)
[2m2025-12-10T10:11:57.012723Z[0m [34mDEBUG[0m [2methereum_transaction_pool_monitor::mempool_monitor[0m[2m:[0m 📨 Processing new pending transaction: 0xcc2c9205a5dbf15e9ddf8c38117c965bab09ca7b68049165f70193be08fd38f2
[2m2025-12-10T10:11:57.012730Z[0m [34mDEBUG[0m [2methereum_transaction_pool_monitor::mempool_monitor[0m[2m:[0m 🔍 Fetching transaction details for: 0xcc2c9205a5dbf15e9ddf8c38117c965bab09ca7b68049165f70193be08fd38f2
[2m2025-12-10T10:11:57.012736Z[0m [34mDEBUG[0m [2methereum_transaction_pool_monitor::eth_client[0m[2m:[0m 🔍 Fetching transaction details for hash: 0xcc2c9205a5dbf15e9ddf8c38117c965bab09ca7b68049165f70193be08fd38f2
[2m2025-12-10T10:11:57.012755Z[0m [34mDEBUG[0m [2mhyper::client::pool[0m[2m:[0m reuse idle connection for ("http", 192.168.0.14:8545)
[2m2025-12-10T10:11:57.012794Z[0m [34mDEBUG[0m [2mhyper::proto::h1::io[0m[2m:[0m flushed 250 bytes
[2m2025-12-10T10:11:57.012824Z[0m [34mDEBUG[0m [2mhyper::client::pool[0m[2m:[0m reuse idle connection for ("http", 192.168.0.14:8545)
[2m2025-12-10T10:11:57.012841Z[0m [34mDEBUG[0m [2mhyper::proto::h1::io[0m[2m:[0m flushed 172 bytes
[2m2025-12-10T10:11:57.026220Z[0m [34mDEBUG[0m [2mhyper::proto::h1::io[0m[2m:[0m parsed 4 headers
[2m2025-12-10T10:11:57.026235Z[0m [34mDEBUG[0m [2mhyper::proto::h1::conn[0m[2m:[0m incoming body is content-length (1670 bytes)
[2m2025-12-10T10:11:57.026246Z[0m [34mDEBUG[0m [2mhyper::proto::h1::conn[0m[2m:[0m incoming body completed
[2m2025-12-10T10:11:57.026256Z[0m [34mDEBUG[0m [2mhyper::client::pool[0m[2m:[0m pooling idle connection for ("http", 192.168.0.14:8545)
[2m2025-12-10T10:11:57.026265Z[0m [34mDEBUG[0m [2methereum_transaction_pool_monitor::eth_client[0m[2m:[0m 📡 Transaction fetch RPC completed in 13.52375ms
[2m2025-12-10T10:11:57.097807Z[0m [34mDEBUG[0m [2methereum_transaction_pool_monitor::eth_client[0m[2m:[0m ✅ Transaction 0xcc2c9205a5dbf15e9ddf8c38117c965bab09ca7b68049165f70193be08fd38f2 fetched and parsed in 85.064084ms
[2m2025-12-10T10:11:57.097829Z[0m [34mDEBUG[0m [2methereum_transaction_pool_monitor::mempool_monitor[0m[2m:[0m 🔍 Skipping tx 0xcc2c9205a5dbf15e9ddf8c38117c965bab09ca7b68049165f70193be08fd38f2 - not a DEX interaction (target: 0x5c7BCd6E7De5423a257D81B442095A1a6ced35C5)
[2m2025-12-10T10:11:57.097839Z[0m [34mDEBUG[0m [2methereum_transaction_pool_monitor::mempool_monitor[0m[2m:[0m 📨 Processing new pending transaction: 0x8e58a38f1c941146eeb99ffbe14dfbe2b456fe132f7b897d864c9c9cf4e5dbce
[2m2025-12-10T10:11:57.097845Z[0m [34mDEBUG[0m [2methereum_transaction_pool_monitor::mempool_monitor[0m[2m:[0m 🔍 Fetching transaction details for: 0x8e58a38f1c941146eeb99ffbe14dfbe2b456fe132f7b897d864c9c9cf4e5dbce
[2m2025-12-10T10:11:57.097850Z[0m [34mDEBUG[0m [2methereum_transaction_pool_monitor::eth_client[0m[2m:[0m 🔍 Fetching transaction details for hash: 0x8e58a38f1c941146eeb99ffbe14dfbe2b456fe132f7b897d864c9c9cf4e5dbce
[2m2025-12-10T10:11:57.097868Z[0m [34mDEBUG[0m [2mhyper::client::pool[0m[2m:[0m reuse idle connection for ("http", 192.168.0.14:8545)
[2m2025-12-10T10:11:57.097892Z[0m [34mDEBUG[0m [2mhyper::proto::h1::io[0m[2m:[0m flushed 250 bytes
[2m2025-12-10T10:11:57.097910Z[0m [34mDEBUG[0m [2mhyper::proto::h1::io[0m[2m:[0m parsed 4 headers
[2m2025-12-10T10:11:57.097915Z[0m [34mDEBUG[0m [2mhyper::proto::h1::conn[0m[2m:[0m incoming body is content-length (45 bytes)
[2m2025-12-10T10:11:57.097923Z[0m [34mDEBUG[0m [2mhyper::proto::h1::conn[0m[2m:[0m incoming body completed
[2m2025-12-10T10:11:57.097932Z[0m [34mDEBUG[0m [2mhyper::client::pool[0m[2m:[0m pooling idle connection for ("http", 192.168.0.14:8545)
[2m2025-12-10T10:11:57.097947Z[0m [34mDEBUG[0m [2mhyper::client::pool[0m[2m:[0m reuse idle connection for ("http", 192.168.0.14:8545)
[2m2025-12-10T10:11:57.097962Z[0m [34mDEBUG[0m [2mhyper::proto::h1::io[0m[2m:[0m flushed 172 bytes
[2m2025-12-10T10:11:57.103022Z[0m [34mDEBUG[0m [2mhyper::proto::h1::io[0m[2m:[0m parsed 4 headers
[2m2025-12-10T10:11:57.103049Z[0m [34mDEBUG[0m [2mhyper::proto::h1::conn[0m[2m:[0m incoming body is content-length (45 bytes)
[2m2025-12-10T10:11:57.103378Z[0m [34mDEBUG[0m [2mhyper::proto::h1::conn[0m[2m:[0m incoming body completed
[2m2025-12-10T10:11:57.103391Z[0m [34mDEBUG[0m [2mhyper::client::pool[0m[2m:[0m pooling idle connection for ("http", 192.168.0.14:8545)
[2m2025-12-10T10:11:57.105139Z[0m [34mDEBUG[0m [2mhyper::proto::h1::io[0m[2m:[0m parsed 4 headers
[2m2025-12-10T10:11:57.105146Z[0m [34mDEBUG[0m [2mhyper::proto::h1::conn[0m[2m:[0m incoming body is content-length (1731 bytes)
[2m2025-12-10T10:11:57.105151Z[0m [34mDEBUG[0m [2mhyper::proto::h1::conn[0m[2m:[0m incoming body completed
[2m2025-12-10T10:11:57.105158Z[0m [34mDEBUG[0m [2mhyper::client::pool[0m[2m:[0m pooling idle connection for ("http", 192.168.0.14:8545)
[2m2025-12-10T10:11:57.105163Z[0m [34mDEBUG[0m [2methereum_transaction_pool_monitor::eth_client[0m[2m:[0m 📡 Transaction fetch RPC completed in 7.309208ms
[2m2025-12-10T10:11:57.176571Z[0m [34mDEBUG[0m [2methereum_transaction_pool_monitor::eth_client[0m[2m:[0m ✅ Transaction 0x8e58a38f1c941146eeb99ffbe14dfbe2b456fe132f7b897d864c9c9cf4e5dbce fetched and parsed in 78.715291ms
[2m2025-12-10T10:11:57.176597Z[0m [34mDEBUG[0m [2methereum_transaction_pool_monitor::mempool_monitor[0m[2m:[0m 🔍 Skipping tx 0x8e58a38f1c941146eeb99ffbe14dfbe2b456fe132f7b897d864c9c9cf4e5dbce - not a DEX interaction (target: 0x601a2aD6CB5949f0529735254189Ba3194221EDF)
[2m2025-12-10T10:11:57.176653Z[0m [34mDEBUG[0m [2methereum_transaction_pool_monitor::eth_client[0m[2m:[0m 📨 Received WebSocket message: {"jsonrpc":"2.0","method":"eth_subscription","params":{"subscription":"0xbed0a0851463e895960a451075a301a9","result":"0x5578fbc4e8cc4dd942ece9fd2092a409ad6b16a312b8dff4d928e6fb75670968"}}
[2m2025-12-10T10:11:57.176664Z[0m [34mDEBUG[0m [2methereum_transaction_pool_monitor::eth_client[0m[2m:[0m 📨 Received pending transaction: 0x5578fbc4e8cc4dd942ece9fd2092a409ad6b16a312b8dff4d928e6fb75670968
[2m2025-12-10T10:11:57.176671Z[0m [34mDEBUG[0m [2methereum_transaction_pool_monitor::mempool_monitor[0m[2m:[0m 📨 Processing new pending transaction: 0x5578fbc4e8cc4dd942ece9fd2092a409ad6b16a312b8dff4d928e6fb75670968
[2m2025-12-10T10:11:57.176677Z[0m [34mDEBUG[0m [2methereum_transaction_pool_monitor::mempool_monitor[0m[2m:[0m 🔍 Fetching transaction details for: 0x5578fbc4e8cc4dd942ece9fd2092a409ad6b16a312b8dff4d928e6fb75670968
[2m2025-12-10T10:11:57.176681Z[0m [34mDEBUG[0m [2methereum_transaction_pool_monitor::eth_client[0m[2m:[0m 🔍 Fetching transaction details for hash: 0x5578fbc4e8cc4dd942ece9fd2092a409ad6b16a312b8dff4d928e6fb75670968
[2m2025-12-10T10:11:57.176697Z[0m [34mDEBUG[0m [2mhyper::client::pool[0m[2m:[0m reuse idle connection for ("http", 192.168.0.14:8545)
[2m2025-12-10T10:11:57.176716Z[0m [34mDEBUG[0m [2mhyper::proto::h1::io[0m[2m:[0m flushed 250 bytes
[2m2025-12-10T10:11:57.182676Z[0m [34mDEBUG[0m [2mhyper::proto::h1::io[0m[2m:[0m parsed 4 headers
[2m2025-12-10T10:11:57.182686Z[0m [34mDEBUG[0m [2mhyper::proto::h1::conn[0m[2m:[0m incoming body is content-length (551 bytes)
[2m2025-12-10T10:11:57.182694Z[0m [34mDEBUG[0m [2mhyper::proto::h1::conn[0m[2m:[0m incoming body completed
[2m2025-12-10T10:11:57.182703Z[0m [34mDEBUG[0m [2mhyper::client::pool[0m[2m:[0m pooling idle connection for ("http", 192.168.0.14:8545)
[2m2025-12-10T10:11:57.182710Z[0m [34mDEBUG[0m [2methereum_transaction_pool_monitor::eth_client[0m[2m:[0m 📡 Transaction fetch RPC completed in 6.025042ms
[2m2025-12-10T10:11:57.253373Z[0m [34mDEBUG[0m [2methereum_transaction_pool_monitor::eth_client[0m[2m:[0m ✅ Transaction 0x5578fbc4e8cc4dd942ece9fd2092a409ad6b16a312b8dff4d928e6fb75670968 fetched and parsed in 76.685542ms
[2m2025-12-10T10:11:57.253400Z[0m [34mDEBUG[0m [2methereum_transaction_pool_monitor::mempool_monitor[0m[2m:[0m 🔍 Skipping tx 0x5578fbc4e8cc4dd942ece9fd2092a409ad6b16a312b8dff4d928e6fb75670968 - not a DEX interaction (target: 0xC3A807FF9B83b27Df128Df5A0bcBf212Eb3FF931)
[2m2025-12-10T10:11:57.253436Z[0m [34mDEBUG[0m [2mhyper::client::pool[0m[2m:[0m reuse idle connection for ("http", 192.168.0.14:8545)
[2m2025-12-10T10:11:57.253482Z[0m [34mDEBUG[0m [2mhyper::proto::h1::io[0m[2m:[0m flushed 172 bytes
[2m2025-12-10T10:11:57.253483Z[0m [34mDEBUG[0m [2methereum_transaction_pool_monitor::eth_client[0m[2m:[0m 📨 Received WebSocket message: {"jsonrpc":"2.0","method":"eth_subscription","params":{"subscription":"0xbed0a0851463e895960a451075a301a9","result":"0x8704df4dfdec8be820ea8b3b04f450d9d4e4341ffc533fd355b57db6df056243"}}
[2m2025-12-10T10:11:57.253505Z[0m [34mDEBUG[0m [2methereum_transaction_pool_monitor::eth_client[0m[2m:[0m 📨 Received pending transaction: 0x8704df4dfdec8be820ea8b3b04f450d9d4e4341ffc533fd355b57db6df056243
[2m2025-12-10T10:11:57.253513Z[0m [34mDEBUG[0m [2methereum_transaction_pool_monitor::eth_client[0m[2m:[0m 📨 Received WebSocket message: {"jsonrpc":"2.0","method":"eth_subscription","params":{"subscription":"0xbed0a0851463e895960a451075a301a9","result":"0xc83ed8bec2289f2f8baa905c3b685727a7651473fd152be1170a75abea16b1fa"}}
[2m2025-12-10T10:11:57.253521Z[0m [34mDEBUG[0m [2methereum_transaction_pool_monitor::eth_client[0m[2m:[0m 📨 Received pending transaction: 0xc83ed8bec2289f2f8baa905c3b685727a7651473fd152be1170a75abea16b1fa
[2m2025-12-10T10:11:57.253530Z[0m [34mDEBUG[0m [2methereum_transaction_pool_monitor::mempool_monitor[0m[2m:[0m 📨 Processing new pending transaction: 0x8704df4dfdec8be820ea8b3b04f450d9d4e4341ffc533fd355b57db6df056243
[2m2025-12-10T10:11:57.253540Z[0m [34mDEBUG[0m [2methereum_transaction_pool_monitor::mempool_monitor[0m[2m:[0m 🔍 Fetching transaction details for: 0x8704df4dfdec8be820ea8b3b04f450d9d4e4341ffc533fd355b57db6df056243
[2m2025-12-10T10:11:57.253547Z[0m [34mDEBUG[0m [2methereum_transaction_pool_monitor::eth_client[0m[2m:[0m 🔍 Fetching transaction details for hash: 0x8704df4dfdec8be820ea8b3b04f450d9d4e4341ffc533fd355b57db6df056243
[2m2025-12-10T10:11:57.253561Z[0m [34mDEBUG[0m [2mhyper::client::pool[0m[2m:[0m reuse idle connection for ("http", 192.168.0.14:8545)
[2m2025-12-10T10:11:57.253580Z[0m [34mDEBUG[0m [2mhyper::proto::h1::io[0m[2m:[0m flushed 250 bytes
[2m2025-12-10T10:11:57.258151Z[0m [34mDEBUG[0m [2mhyper::proto::h1::io[0m[2m:[0m parsed 4 headers
[2m2025-12-10T10:11:57.258161Z[0m [34mDEBUG[0m [2mhyper::proto::h1::conn[0m[2m:[0m incoming body is content-length (45 bytes)
[2m2025-12-10T10:11:57.258169Z[0m [34mDEBUG[0m [2mhyper::proto::h1::conn[0m[2m:[0m incoming body completed
[2m2025-12-10T10:11:57.258179Z[0m [34mDEBUG[0m [2mhyper::client::pool[0m[2m:[0m pooling idle connection for ("http", 192.168.0.14:8545)
[2m2025-12-10T10:11:57.264554Z[0m [34mDEBUG[0m [2mhyper::proto::h1::io[0m[2m:[0m parsed 4 headers
[2m2025-12-10T10:11:57.264557Z[0m [34mDEBUG[0m [2methereum_transaction_pool_monitor::eth_client[0m[2m:[0m 📨 Received WebSocket message: {"jsonrpc":"2.0","method":"eth_subscription","params":{"subscription":"0xbed0a0851463e895960a451075a301a9","result":"0xae09bbe3164d8768d0f2987d833fa1c91ad41c590383db364c84f2bec363bb63"}}
[2m2025-12-10T10:11:57.264566Z[0m [34mDEBUG[0m [2mhyper::proto::h1::conn[0m[2m:[0m incoming body is content-length (830 bytes)
[2m2025-12-10T10:11:57.264574Z[0m [34mDEBUG[0m [2methereum_transaction_pool_monitor::eth_client[0m[2m:[0m 📨 Received pending transaction: 0xae09bbe3164d8768d0f2987d833fa1c91ad41c590383db364c84f2bec363bb63
[2m2025-12-10T10:11:57.264580Z[0m [34mDEBUG[0m [2mhyper::proto::h1::conn[0m[2m:[0m incoming body completed
[2m2025-12-10T10:11:57.264591Z[0m [34mDEBUG[0m [2mhyper::client::pool[0m[2m:[0m pooling idle connection for ("http", 192.168.0.14:8545)
[2m2025-12-10T10:11:57.264597Z[0m [34mDEBUG[0m [2methereum_transaction_pool_monitor::eth_client[0m[2m:[0m 📡 Transaction fetch RPC completed in 11.040292ms
[2m2025-12-10T10:11:57.298254Z[0m [34mDEBUG[0m [2mhyper::client::pool[0m[2m:[0m reuse idle connection for ("http", 192.168.0.14:8545)
[2m2025-12-10T10:11:57.298381Z[0m [34mDEBUG[0m [2mhyper::proto::h1::io[0m[2m:[0m flushed 172 bytes
[2m2025-12-10T10:11:57.301850Z[0m [34mDEBUG[0m [2mhyper::proto::h1::io[0m[2m:[0m parsed 4 headers
[2m2025-12-10T10:11:57.301897Z[0m [34mDEBUG[0m [2mhyper::proto::h1::conn[0m[2m:[0m incoming body is content-length (45 bytes)
[2m2025-12-10T10:11:57.301915Z[0m [34mDEBUG[0m [2mhyper::proto::h1::conn[0m[2m:[0m incoming body completed
[2m2025-12-10T10:11:57.301937Z[0m [34mDEBUG[0m [2mhyper::client::pool[0m[2m:[0m pooling idle connection for ("http", 192.168.0.14:8545)
[2m2025-12-10T10:11:57.308890Z[0m [34mDEBUG[0m [2methereum_transaction_pool_monitor::eth_client[0m[2m:[0m 📨 Received WebSocket message: {"jsonrpc":"2.0","method":"eth_subscription","params":{"subscription":"0xbed0a0851463e895960a451075a301a9","result":"0x6c854804caed7107fac1b7d0b59a65604b004403c99b5738d3b70f2a399f5de2"}}
[2m2025-12-10T10:11:57.308915Z[0m [34mDEBUG[0m [2methereum_transaction_pool_monitor::eth_client[0m[2m:[0m 📨 Received pending transaction: 0x6c854804caed7107fac1b7d0b59a65604b004403c99b5738d3b70f2a399f5de2
[2m2025-12-10T10:11:57.336346Z[0m [34mDEBUG[0m [2methereum_transaction_pool_monitor::eth_client[0m[2m:[0m ✅ Transaction 0x8704df4dfdec8be820ea8b3b04f450d9d4e4341ffc533fd355b57db6df056243 fetched and parsed in 82.787333ms
[2m2025-12-10T10:11:57.336370Z[0m [34mDEBUG[0m [2methereum_transaction_pool_monitor::mempool_monitor[0m[2m:[0m 🔍 Skipping tx 0x8704df4dfdec8be820ea8b3b04f450d9d4e4341ffc533fd355b57db6df056243 - not a DEX interaction (target: 0x3B4D794a66304F130a4Db8F2551B0070dfCf5ca7)
[2m2025-12-10T10:11:57.336379Z[0m [34mDEBUG[0m [2methereum_transaction_pool_monitor::mempool_monitor[0m[2m:[0m 📨 Processing new pending transaction: 0xc83ed8bec2289f2f8baa905c3b685727a7651473fd152be1170a75abea16b1fa
[2m2025-12-10T10:11:57.336385Z[0m [34mDEBUG[0m [2methereum_transaction_pool_monitor::mempool_monitor[0m[2m:[0m 🔍 Fetching transaction details for: 0xc83ed8bec2289f2f8baa905c3b685727a7651473fd152be1170a75abea16b1fa
[2m2025-12-10T10:11:57.336389Z[0m [34mDEBUG[0m [2methereum_transaction_pool_monitor::eth_client[0m[2m:[0m 🔍 Fetching transaction details for hash: 0xc83ed8bec2289f2f8baa905c3b685727a7651473fd152be1170a75abea16b1fa
[2m2025-12-10T10:11:57.336407Z[0m [34mDEBUG[0m [2mhyper::client::pool[0m[2m:[0m reuse idle connection for ("http", 192.168.0.14:8545)
[2m2025-12-10T10:11:57.336453Z[0m [34mDEBUG[0m [2mhyper::proto::h1::io[0m[2m:[0m flushed 250 bytes
[2m2025-12-10T10:11:57.342653Z[0m [34mDEBUG[0m [2mhyper::proto::h1::io[0m[2m:[0m parsed 4 headers
[2m2025-12-10T10:11:57.342691Z[0m [34mDEBUG[0m [2mhyper::proto::h1::conn[0m[2m:[0m incoming body is content-length (835 bytes)
[2m2025-12-10T10:11:57.342702Z[0m [34mDEBUG[0m [2mhyper::proto::h1::conn[0m[2m:[0m incoming body completed
[2m2025-12-10T10:11:57.342730Z[0m [34mDEBUG[0m [2mhyper::client::pool[0m[2m:[0m pooling idle connection for ("http", 192.168.0.14:8545)
[2m2025-12-10T10:11:57.342738Z[0m [34mDEBUG[0m [2methereum_transaction_pool_monitor::eth_client[0m[2m:[0m 📡 Transaction fetch RPC completed in 6.344542ms
[2m2025-12-10T10:11:57.342756Z[0m [34mDEBUG[0m [2methereum_transaction_pool_monitor::eth_client[0m[2m:[0m DeFi transaction detected - Address: 0xdac17f958d2ee523a2206206994597c13d831ec7, Type: Stablecoin, Value: 0 ETH, Gas: 0.20 Gwei
[2m2025-12-10T10:11:57.342770Z[0m [34mDEBUG[0m [2methereum_transaction_pool_monitor::eth_client[0m[2m:[0m ✅ Transaction 0xc83ed8bec2289f2f8baa905c3b685727a7651473fd152be1170a75abea16b1fa fetched and parsed in 6.376792ms
[2m2025-12-10T10:11:57.342777Z[0m [34mDEBUG[0m [2methereum_transaction_pool_monitor::mempool_monitor[0m[2m:[0m 🔍 Skipping tx 0xc83ed8bec2289f2f8baa905c3b685727a7651473fd152be1170a75abea16b1fa - not a DEX interaction (target: 0xdAC17F958D2ee523a2206206994597C13D831ec7)
[2m2025-12-10T10:11:57.342786Z[0m [34mDEBUG[0m [2methereum_transaction_pool_monitor::mempool_monitor[0m[2m:[0m 📨 Processing new pending transaction: 0xae09bbe3164d8768d0f2987d833fa1c91ad41c590383db364c84f2bec363bb63
[2m2025-12-10T10:11:57.342790Z[0m [34mDEBUG[0m [2methereum_transaction_pool_monitor::mempool_monitor[0m[2m:[0m 🔍 Fetching transaction details for: 0xae09bbe3164d8768d0f2987d833fa1c91ad41c590383db364c84f2bec363bb63
[2m2025-12-10T10:11:57.342793Z[0m [34mDEBUG[0m [2methereum_transaction_pool_monitor::eth_client[0m[2m:[0m 🔍 Fetching transaction details for hash: 0xae09bbe3164d8768d0f2987d833fa1c91ad41c590383db364c84f2bec363bb63
[2m2025-12-10T10:11:57.342812Z[0m [34mDEBUG[0m [2mhyper::client::pool[0m[2m:[0m reuse idle connection for ("http", 192.168.0.14:8545)
[2m2025-12-10T10:11:57.342846Z[0m [34mDEBUG[0m [2mhyper::proto::h1::io[0m[2m:[0m flushed 250 bytes
[2m2025-12-10T10:11:57.353766Z[0m [34mDEBUG[0m [2mhyper::proto::h1::io[0m[2m:[0m parsed 4 headers
[2m2025-12-10T10:11:57.353775Z[0m [34mDEBUG[0m [2mhyper::proto::h1::conn[0m[2m:[0m incoming body is content-length (2563 bytes)
[2m2025-12-10T10:11:57.353781Z[0m [34mDEBUG[0m [2mhyper::proto::h1::conn[0m[2m:[0m incoming body completed
[2m2025-12-10T10:11:57.353787Z[0m [34mDEBUG[0m [2mhyper::client::pool[0m[2m:[0m pooling idle connection for ("http", 192.168.0.14:8545)
[2m2025-12-10T10:11:57.353794Z[0m [34mDEBUG[0m [2methereum_transaction_pool_monitor::eth_client[0m[2m:[0m 📡 Transaction fetch RPC completed in 10.99575ms
[2m2025-12-10T10:11:57.425668Z[0m [34mDEBUG[0m [2methereum_transaction_pool_monitor::eth_client[0m[2m:[0m ✅ Transaction 0xae09bbe3164d8768d0f2987d833fa1c91ad41c590383db364c84f2bec363bb63 fetched and parsed in 82.868ms
[2m2025-12-10T10:11:57.425693Z[0m [34mDEBUG[0m [2methereum_transaction_pool_monitor::mempool_monitor[0m[2m:[0m 🔍 Skipping tx 0xae09bbe3164d8768d0f2987d833fa1c91ad41c590383db364c84f2bec363bb63 - not a DEX interaction (target: 0x3edEd184CFf95e5cd3bCCb15877D7c89053bD5B8)
[2m2025-12-10T10:11:57.425705Z[0m [34mDEBUG[0m [2methereum_transaction_pool_monitor::mempool_monitor[0m[2m:[0m 📨 Processing new pending transaction: 0x6c854804caed7107fac1b7d0b59a65604b004403c99b5738d3b70f2a399f5de2
[2m2025-12-10T10:11:57.425712Z[0m [34mDEBUG[0m [2methereum_transaction_pool_monitor::mempool_monitor[0m[2m:[0m 🔍 Fetching transaction details for: 0x6c854804caed7107fac1b7d0b59a65604b004403c99b5738d3b70f2a399f5de2
[2m2025-12-10T10:11:57.425717Z[0m [34mDEBUG[0m [2methereum_transaction_pool_monitor::eth_client[0m[2m:[0m 🔍 Fetching transaction details for hash: 0x6c854804caed7107fac1b7d0b59a65604b004403c99b5738d3b70f2a399f5de2
[2m2025-12-10T10:11:57.425737Z[0m [34mDEBUG[0m [2mhyper::client::pool[0m[2m:[0m reuse idle connection for ("http", 192.168.0.14:8545)
[2m2025-12-10T10:11:57.425768Z[0m [34mDEBUG[0m [2mhyper::proto::h1::io[0m[2m:[0m flushed 250 bytes
[2m2025-12-10T10:11:57.425788Z[0m [34mDEBUG[0m [2mhyper::client::pool[0m[2m:[0m reuse idle connection for ("http", 192.168.0.14:8545)
[2m2025-12-10T10:11:57.425801Z[0m [34mDEBUG[0m [2methereum_transaction_pool_monitor::eth_client[0m[2m:[0m 📨 Received WebSocket message: {"jsonrpc":"2.0","method":"eth_subscription","params":{"subscription":"0xbed0a0851463e895960a451075a301a9","result":"0x4841b735ce2414a0fa328df3ae8ba9d2b59e5da9105cfec13e6a74d910e962ff"}}
[2m2025-12-10T10:11:57.425803Z[0m [34mDEBUG[0m [2mhyper::proto::h1::io[0m[2m:[0m flushed 172 bytes
[2m2025-12-10T10:11:57.425814Z[0m [34mDEBUG[0m [2methereum_transaction_pool_monitor::eth_client[0m[2m:[0m 📨 Received pending transaction: 0x4841b735ce2414a0fa328df3ae8ba9d2b59e5da9105cfec13e6a74d910e962ff
[2m2025-12-10T10:11:57.433929Z[0m [34mDEBUG[0m [2mhyper::proto::h1::io[0m[2m:[0m parsed 4 headers
[2m2025-12-10T10:11:57.433969Z[0m [34mDEBUG[0m [2mhyper::proto::h1::conn[0m[2m:[0m incoming body is content-length (781 bytes)
[2m2025-12-10T10:11:57.434002Z[0m [34mDEBUG[0m [2mhyper::proto::h1::conn[0m[2m:[0m incoming body completed
[2m2025-12-10T10:11:57.434814Z[0m [34mDEBUG[0m [2mhyper::client::pool[0m[2m:[0m pooling idle connection for ("http", 192.168.0.14:8545)
[2m2025-12-10T10:11:57.434823Z[0m [34mDEBUG[0m [2methereum_transaction_pool_monitor::eth_client[0m[2m:[0m 📡 Transaction fetch RPC completed in 9.101209ms
[2m2025-12-10T10:11:57.434842Z[0m [34mDEBUG[0m [2methereum_transaction_pool_monitor::eth_client[0m[2m:[0m DeFi transaction detected - Address: 0xc02aaa39b223fe8d0a0e5c4f27ead9083c756cc2, Type: TokenContract, Value: 0 ETH, Gas: 1507.00 Gwei
[2m2025-12-10T10:11:57.434858Z[0m [34mDEBUG[0m [2methereum_transaction_pool_monitor::eth_client[0m[2m:[0m ✅ Transaction 0x6c854804caed7107fac1b7d0b59a65604b004403c99b5738d3b70f2a399f5de2 fetched and parsed in 9.136042ms
[2m2025-12-10T10:11:57.434864Z[0m [34mDEBUG[0m [2methereum_transaction_pool_monitor::mempool_monitor[0m[2m:[0m 🔍 Skipping tx 0x6c854804caed7107fac1b7d0b59a65604b004403c99b5738d3b70f2a399f5de2 - not a DEX interaction (target: 0xC02aaA39b223FE8D0A0e5C4F27eAD9083C756Cc2)
[2m2025-12-10T10:11:57.434871Z[0m [34mDEBUG[0m [2methereum_transaction_pool_monitor::mempool_monitor[0m[2m:[0m 📨 Processing new pending transaction: 0x4841b735ce2414a0fa328df3ae8ba9d2b59e5da9105cfec13e6a74d910e962ff
[2m2025-12-10T10:11:57.434875Z[0m [34mDEBUG[0m [2methereum_transaction_pool_monitor::mempool_monitor[0m[2m:[0m 🔍 Fetching transaction details for: 0x4841b735ce2414a0fa328df3ae8ba9d2b59e5da9105cfec13e6a74d910e962ff
[2m2025-12-10T10:11:57.434879Z[0m [34mDEBUG[0m [2methereum_transaction_pool_monitor::eth_client[0m[2m:[0m 🔍 Fetching transaction details for hash: 0x4841b735ce2414a0fa328df3ae8ba9d2b59e5da9105cfec13e6a74d910e962ff
[2m2025-12-10T10:11:57.434887Z[0m [34mDEBUG[0m [2mhyper::client::pool[0m[2m:[0m reuse idle connection for ("http", 192.168.0.14:8545)
[2m2025-12-10T10:11:57.434905Z[0m [34mDEBUG[0m [2mhyper::proto::h1::io[0m[2m:[0m flushed 250 bytes
[2m2025-12-10T10:11:57.434914Z[0m [34mDEBUG[0m [2mhyper::proto::h1::io[0m[2m:[0m parsed 4 headers
[2m2025-12-10T10:11:57.434918Z[0m [34mDEBUG[0m [2mhyper::proto::h1::conn[0m[2m:[0m incoming body is content-length (45 bytes)
[2m2025-12-10T10:11:57.434922Z[0m [34mDEBUG[0m [2mhyper::proto::h1::conn[0m[2m:[0m incoming body completed
[2m2025-12-10T10:11:57.434927Z[0m [34mDEBUG[0m [2mhyper::client::pool[0m[2m:[0m pooling idle connection for ("http", 192.168.0.14:8545)
[2m2025-12-10T10:11:57.438286Z[0m [34mDEBUG[0m [2mhyper::proto::h1::io[0m[2m:[0m parsed 4 headers
[2m2025-12-10T10:11:57.438292Z[0m [34mDEBUG[0m [2mhyper::proto::h1::conn[0m[2m:[0m incoming body is content-length (552 bytes)
[2m2025-12-10T10:11:57.438297Z[0m [34mDEBUG[0m [2mhyper::proto::h1::conn[0m[2m:[0m incoming body completed
[2m2025-12-10T10:11:57.438302Z[0m [34mDEBUG[0m [2mhyper::client::pool[0m[2m:[0m pooling idle connection for ("http", 192.168.0.14:8545)
[2m2025-12-10T10:11:57.438307Z[0m [34mDEBUG[0m [2methereum_transaction_pool_monitor::eth_client[0m[2m:[0m 📡 Transaction fetch RPC completed in 3.423958ms
[2m2025-12-10T10:11:57.508701Z[0m [34mDEBUG[0m [2methereum_transaction_pool_monitor::eth_client[0m[2m:[0m ✅ Transaction 0x4841b735ce2414a0fa328df3ae8ba9d2b59e5da9105cfec13e6a74d910e962ff fetched and parsed in 73.815916ms
[2m2025-12-10T10:11:57.508731Z[0m [34mDEBUG[0m [2methereum_transaction_pool_monitor::mempool_monitor[0m[2m:[0m 🔍 Skipping tx 0x4841b735ce2414a0fa328df3ae8ba9d2b59e5da9105cfec13e6a74d910e962ff - not a DEX interaction (target: 0xcc0F302A417Fdc34B816276613Da804496Bd4f43)
[2m2025-12-10T10:11:57.508775Z[0m [34mDEBUG[0m [2mhyper::client::pool[0m[2m:[0m reuse idle connection for ("http", 192.168.0.14:8545)
[2m2025-12-10T10:11:57.508814Z[0m [34mDEBUG[0m [2mhyper::proto::h1::io[0m[2m:[0m flushed 172 bytes
[2m2025-12-10T10:11:57.511668Z[0m [34mDEBUG[0m [2mhyper::proto::h1::io[0m[2m:[0m parsed 4 headers
[2m2025-12-10T10:11:57.511692Z[0m [34mDEBUG[0m [2mhyper::proto::h1::conn[0m[2m:[0m incoming body is content-length (45 bytes)
[2m2025-12-10T10:11:57.511724Z[0m [34mDEBUG[0m [2mhyper::proto::h1::conn[0m[2m:[0m incoming body completed
[2m2025-12-10T10:11:57.511733Z[0m [34mDEBUG[0m [2mhyper::client::pool[0m[2m:[0m pooling idle connection for ("http", 192.168.0.14:8545)
[2m2025-12-10T10:11:57.562242Z[0m [34mDEBUG[0m [2methereum_transaction_pool_monitor::eth_client[0m[2m:[0m 📨 Received WebSocket message: {"jsonrpc":"2.0","method":"eth_subscription","params":{"subscription":"0xbed0a0851463e895960a451075a301a9","result":"0x8687fecff3f3e3e030f66b03d687465b9fa639fb4e444ee46d6a0d4178d23e4e"}}
[2m2025-12-10T10:11:57.562290Z[0m [34mDEBUG[0m [2methereum_transaction_pool_monitor::eth_client[0m[2m:[0m 📨 Received pending transaction: 0x8687fecff3f3e3e030f66b03d687465b9fa639fb4e444ee46d6a0d4178d23e4e
[2m2025-12-10T10:11:57.562299Z[0m [34mDEBUG[0m [2methereum_transaction_pool_monitor::mempool_monitor[0m[2m:[0m 📨 Processing new pending transaction: 0x8687fecff3f3e3e030f66b03d687465b9fa639fb4e444ee46d6a0d4178d23e4e
[2m2025-12-10T10:11:57.562305Z[0m [34mDEBUG[0m [2methereum_transaction_pool_monitor::mempool_monitor[0m[2m:[0m 🔍 Fetching transaction details for: 0x8687fecff3f3e3e030f66b03d687465b9fa639fb4e444ee46d6a0d4178d23e4e
[2m2025-12-10T10:11:57.562309Z[0m [34mDEBUG[0m [2methereum_transaction_pool_monitor::eth_client[0m[2m:[0m 🔍 Fetching transaction details for hash: 0x8687fecff3f3e3e030f66b03d687465b9fa639fb4e444ee46d6a0d4178d23e4e
[2m2025-12-10T10:11:57.562331Z[0m [34mDEBUG[0m [2mhyper::client::pool[0m[2m:[0m reuse idle connection for ("http", 192.168.0.14:8545)
[2m2025-12-10T10:11:57.562353Z[0m [34mDEBUG[0m [2mhyper::proto::h1::io[0m[2m:[0m flushed 250 bytes
[2m2025-12-10T10:11:57.571496Z[0m [34mDEBUG[0m [2mhyper::proto::h1::io[0m[2m:[0m parsed 4 headers
[2m2025-12-10T10:11:57.571503Z[0m [34mDEBUG[0m [2mhyper::proto::h1::conn[0m[2m:[0m incoming body is content-length (771 bytes)
[2m2025-12-10T10:11:57.571511Z[0m [34mDEBUG[0m [2mhyper::proto::h1::conn[0m[2m:[0m incoming body completed
[2m2025-12-10T10:11:57.571519Z[0m [34mDEBUG[0m [2mhyper::client::pool[0m[2m:[0m pooling idle connection for ("http", 192.168.0.14:8545)
[2m2025-12-10T10:11:57.571526Z[0m [34mDEBUG[0m [2methereum_transaction_pool_monitor::eth_client[0m[2m:[0m 📡 Transaction fetch RPC completed in 9.212875ms
[2m2025-12-10T10:11:57.643012Z[0m [34mDEBUG[0m [2methereum_transaction_pool_monitor::eth_client[0m[2m:[0m ✅ Transaction 0x8687fecff3f3e3e030f66b03d687465b9fa639fb4e444ee46d6a0d4178d23e4e fetched and parsed in 80.69525ms
[2m2025-12-10T10:11:57.643038Z[0m [34mDEBUG[0m [2methereum_transaction_pool_monitor::mempool_monitor[0m[2m:[0m 🔍 Skipping tx 0x8687fecff3f3e3e030f66b03d687465b9fa639fb4e444ee46d6a0d4178d23e4e - not a DEX interaction (target: 0xB8f28C60dD8240141185a192fa4156A23E189305)
[2m2025-12-10T10:11:57.643072Z[0m [34mDEBUG[0m [2mhyper::client::pool[0m[2m:[0m reuse idle connection for ("http", 192.168.0.14:8545)
[2m2025-12-10T10:11:57.643096Z[0m [34mDEBUG[0m [2mhyper::proto::h1::io[0m[2m:[0m flushed 172 bytes
[2m2025-12-10T10:11:57.643154Z[0m [34mDEBUG[0m [2methereum_transaction_pool_monitor::eth_client[0m[2m:[0m 📨 Received WebSocket message: {"jsonrpc":"2.0","method":"eth_subscription","params":{"subscription":"0xbed0a0851463e895960a451075a301a9","result":"0xf6024a865738909031f249e39fc1b170bc00d88fc0285d2545c17a089d8eb331"}}
[2m2025-12-10T10:11:57.643162Z[0m [34mDEBUG[0m [2methereum_transaction_pool_monitor::eth_client[0m[2m:[0m 📨 Received pending transaction: 0xf6024a865738909031f249e39fc1b170bc00d88fc0285d2545c17a089d8eb331
[2m2025-12-10T10:11:57.643168Z[0m [34mDEBUG[0m [2methereum_transaction_pool_monitor::mempool_monitor[0m[2m:[0m 📨 Processing new pending transaction: 0xf6024a865738909031f249e39fc1b170bc00d88fc0285d2545c17a089d8eb331
[2m2025-12-10T10:11:57.643173Z[0m [34mDEBUG[0m [2methereum_transaction_pool_monitor::mempool_monitor[0m[2m:[0m 🔍 Fetching transaction details for: 0xf6024a865738909031f249e39fc1b170bc00d88fc0285d2545c17a089d8eb331
[2m2025-12-10T10:11:57.643177Z[0m [34mDEBUG[0m [2methereum_transaction_pool_monitor::eth_client[0m[2m:[0m 🔍 Fetching transaction details for hash: 0xf6024a865738909031f249e39fc1b170bc00d88fc0285d2545c17a089d8eb331
[2m2025-12-10T10:11:57.643185Z[0m [34mDEBUG[0m [2mhyper::client::pool[0m[2m:[0m reuse idle connection for ("http", 192.168.0.14:8545)
[2m2025-12-10T10:11:57.643197Z[0m [34mDEBUG[0m [2mhyper::proto::h1::io[0m[2m:[0m flushed 250 bytes
[2m2025-12-10T10:11:57.649259Z[0m [34mDEBUG[0m [2mhyper::proto::h1::io[0m[2m:[0m parsed 4 headers
[2m2025-12-10T10:11:57.649281Z[0m [34mDEBUG[0m [2mhyper::proto::h1::conn[0m[2m:[0m incoming body is content-length (45 bytes)
[2m2025-12-10T10:11:57.649305Z[0m [34mDEBUG[0m [2mhyper::proto::h1::conn[0m[2m:[0m incoming body completed
[2m2025-12-10T10:11:57.649315Z[0m [34mDEBUG[0m [2mhyper::client::pool[0m[2m:[0m pooling idle connection for ("http", 192.168.0.14:8545)
[2m2025-12-10T10:11:57.649472Z[0m [34mDEBUG[0m [2mhyper::proto::h1::io[0m[2m:[0m parsed 4 headers
[2m2025-12-10T10:11:57.649478Z[0m [34mDEBUG[0m [2mhyper::proto::h1::conn[0m[2m:[0m incoming body is content-length (643 bytes)
[2m2025-12-10T10:11:57.649483Z[0m [34mDEBUG[0m [2mhyper::proto::h1::conn[0m[2m:[0m incoming body completed
[2m2025-12-10T10:11:57.649487Z[0m [34mDEBUG[0m [2mhyper::client::pool[0m[2m:[0m pooling idle connection for ("http", 192.168.0.14:8545)
[2m2025-12-10T10:11:57.649492Z[0m [34mDEBUG[0m [2methereum_transaction_pool_monitor::eth_client[0m[2m:[0m 📡 Transaction fetch RPC completed in 6.310083ms
[2m2025-12-10T10:11:57.721288Z[0m [34mDEBUG[0m [2methereum_transaction_pool_monitor::eth_client[0m[2m:[0m ✅ Transaction 0xf6024a865738909031f249e39fc1b170bc00d88fc0285d2545c17a089d8eb331 fetched and parsed in 78.104375ms
[2m2025-12-10T10:11:57.721310Z[0m [34mDEBUG[0m [2methereum_transaction_pool_monitor::mempool_monitor[0m[2m:[0m 🔍 Skipping tx 0xf6024a865738909031f249e39fc1b170bc00d88fc0285d2545c17a089d8eb331 - not a DEX interaction (target: 0x307576Dd4F73f91BB8c4A2EdB762938E8e067d31)
[2m2025-12-10T10:11:57.721355Z[0m [34mDEBUG[0m [2mhyper::client::pool[0m[2m:[0m reuse idle connection for ("http", 192.168.0.14:8545)
[2m2025-12-10T10:11:57.721392Z[0m [34mDEBUG[0m [2mhyper::proto::h1::io[0m[2m:[0m flushed 172 bytes
[2m2025-12-10T10:11:57.725248Z[0m [34mDEBUG[0m [2mhyper::proto::h1::io[0m[2m:[0m parsed 4 headers
[2m2025-12-10T10:11:57.725269Z[0m [34mDEBUG[0m [2mhyper::proto::h1::conn[0m[2m:[0m incoming body is content-length (45 bytes)
[2m2025-12-10T10:11:57.725292Z[0m [34mDEBUG[0m [2mhyper::proto::h1::conn[0m[2m:[0m incoming body completed
[2m2025-12-10T10:11:57.725312Z[0m [34mDEBUG[0m [2mhyper::client::pool[0m[2m:[0m pooling idle connection for ("http", 192.168.0.14:8545)
[2m2025-12-10T10:11:57.790690Z[0m [34mDEBUG[0m [2methereum_transaction_pool_monitor::eth_client[0m[2m:[0m 📨 Received WebSocket message: {"jsonrpc":"2.0","method":"eth_subscription","params":{"subscription":"0xbed0a0851463e895960a451075a301a9","result":"0x7628c14617150b0653ae976584f07142b3195b0d7e314f3bade3067d1666fb88"}}
[2m2025-12-10T10:11:57.790716Z[0m [34mDEBUG[0m [2methereum_transaction_pool_monitor::eth_client[0m[2m:[0m 📨 Received pending transaction: 0x7628c14617150b0653ae976584f07142b3195b0d7e314f3bade3067d1666fb88
[2m2025-12-10T10:11:57.790726Z[0m [34mDEBUG[0m [2methereum_transaction_pool_monitor::mempool_monitor[0m[2m:[0m 📨 Processing new pending transaction: 0x7628c14617150b0653ae976584f07142b3195b0d7e314f3bade3067d1666fb88
[2m2025-12-10T10:11:57.790732Z[0m [34mDEBUG[0m [2methereum_transaction_pool_monitor::mempool_monitor[0m[2m:[0m 🔍 Fetching transaction details for: 0x7628c14617150b0653ae976584f07142b3195b0d7e314f3bade3067d1666fb88
[2m2025-12-10T10:11:57.790750Z[0m [34mDEBUG[0m [2methereum_transaction_pool_monitor::eth_client[0m[2m:[0m 🔍 Fetching transaction details for hash: 0x7628c14617150b0653ae976584f07142b3195b0d7e314f3bade3067d1666fb88
[2m2025-12-10T10:11:57.790766Z[0m [34mDEBUG[0m [2mhyper::client::pool[0m[2m:[0m reuse idle connection for ("http", 192.168.0.14:8545)
[2m2025-12-10T10:11:57.790784Z[0m [34mDEBUG[0m [2mhyper::proto::h1::io[0m[2m:[0m flushed 250 bytes
[2m2025-12-10T10:11:57.796865Z[0m [34mDEBUG[0m [2mhyper::proto::h1::io[0m[2m:[0m parsed 4 headers
[2m2025-12-10T10:11:57.796885Z[0m [34mDEBUG[0m [2mhyper::proto::h1::conn[0m[2m:[0m incoming body is content-length (2387 bytes)
[2m2025-12-10T10:11:57.796909Z[0m [34mDEBUG[0m [2methereum_transaction_pool_monitor::eth_client[0m[2m:[0m 📡 Transaction fetch RPC completed in 6.153375ms
[2m2025-12-10T10:11:57.798200Z[0m [34mDEBUG[0m [2mhyper::client::pool[0m[2m:[0m reuse idle connection for ("http", 192.168.0.14:8545)
[2m2025-12-10T10:11:57.798248Z[0m [34mDEBUG[0m [2mhyper::proto::h1::io[0m[2m:[0m flushed 172 bytes
[2m2025-12-10T10:11:57.802632Z[0m [34mDEBUG[0m [2mhyper::proto::h1::conn[0m[2m:[0m incoming body completed
[2m2025-12-10T10:11:57.802661Z[0m [34mDEBUG[0m [2mhyper::client::pool[0m[2m:[0m pooling idle connection for ("http", 192.168.0.14:8545)
[2m2025-12-10T10:11:57.804239Z[0m [34mDEBUG[0m [2mhyper::proto::h1::io[0m[2m:[0m parsed 4 headers
[2m2025-12-10T10:11:57.804246Z[0m [34mDEBUG[0m [2mhyper::proto::h1::conn[0m[2m:[0m incoming body is content-length (45 bytes)
[2m2025-12-10T10:11:57.804252Z[0m [34mDEBUG[0m [2mhyper::proto::h1::conn[0m[2m:[0m incoming body completed
[2m2025-12-10T10:11:57.804259Z[0m [34mDEBUG[0m [2mhyper::client::pool[0m[2m:[0m pooling idle connection for ("http", 192.168.0.14:8545)
[2m2025-12-10T10:11:57.823687Z[0m [34mDEBUG[0m [2methereum_transaction_pool_monitor::eth_client[0m[2m:[0m 📨 Received WebSocket message: {"jsonrpc":"2.0","method":"eth_subscription","params":{"subscription":"0xbed0a0851463e895960a451075a301a9","result":"0x7dff701c9e98ca21681de8aae4232afbf7105b32b025bfbb1c7f377149b42303"}}
[2m2025-12-10T10:11:57.823707Z[0m [34mDEBUG[0m [2methereum_transaction_pool_monitor::eth_client[0m[2m:[0m 📨 Received pending transaction: 0x7dff701c9e98ca21681de8aae4232afbf7105b32b025bfbb1c7f377149b42303
[2m2025-12-10T10:11:57.828664Z[0m [34mDEBUG[0m [2methereum_transaction_pool_monitor::eth_client[0m[2m:[0m 📨 Received WebSocket message: {"jsonrpc":"2.0","method":"eth_subscription","params":{"subscription":"0xbed0a0851463e895960a451075a301a9","result":"0x4a027c42a356ab042c4af3ab9c795a7864fe4d34d22e60db4436208cd1a2ef41"}}
[2m2025-12-10T10:11:57.828677Z[0m [34mDEBUG[0m [2methereum_transaction_pool_monitor::eth_client[0m[2m:[0m 📨 Received pending transaction: 0x4a027c42a356ab042c4af3ab9c795a7864fe4d34d22e60db4436208cd1a2ef41
[2m2025-12-10T10:11:57.835140Z[0m [34mDEBUG[0m [2methereum_transaction_pool_monitor::eth_client[0m[2m:[0m 📨 Received WebSocket message: {"jsonrpc":"2.0","method":"eth_subscription","params":{"subscription":"0xbed0a0851463e895960a451075a301a9","result":"0x3c33984024947b7b5a2e8a1574bdfef7a2c46de5d5acfc28844875266a8e495a"}}
[2m2025-12-10T10:11:57.835149Z[0m [34mDEBUG[0m [2methereum_transaction_pool_monitor::eth_client[0m[2m:[0m 📨 Received pending transaction: 0x3c33984024947b7b5a2e8a1574bdfef7a2c46de5d5acfc28844875266a8e495a
[2m2025-12-10T10:11:57.879245Z[0m [34mDEBUG[0m [2methereum_transaction_pool_monitor::eth_client[0m[2m:[0m ✅ Transaction 0x7628c14617150b0653ae976584f07142b3195b0d7e314f3bade3067d1666fb88 fetched and parsed in 88.486583ms
[2m2025-12-10T10:11:57.879271Z[0m [34mDEBUG[0m [2methereum_transaction_pool_monitor::mempool_monitor[0m[2m:[0m 🔍 Skipping tx 0x7628c14617150b0653ae976584f07142b3195b0d7e314f3bade3067d1666fb88 - not a DEX interaction (target: 0x66a9893cC07D91D95644AEDD05D03f95e1dBA8Af)
[2m2025-12-10T10:11:57.879282Z[0m [34mDEBUG[0m [2methereum_transaction_pool_monitor::mempool_monitor[0m[2m:[0m 📨 Processing new pending transaction: 0x7dff701c9e98ca21681de8aae4232afbf7105b32b025bfbb1c7f377149b42303
[2m2025-12-10T10:11:57.879375Z[0m [34mDEBUG[0m [2methereum_transaction_pool_monitor::mempool_monitor[0m[2m:[0m 🔍 Fetching transaction details for: 0x7dff701c9e98ca21681de8aae4232afbf7105b32b025bfbb1c7f377149b42303
[2m2025-12-10T10:11:57.879386Z[0m [34mDEBUG[0m [2methereum_transaction_pool_monitor::eth_client[0m[2m:[0m 🔍 Fetching transaction details for hash: 0x7dff701c9e98ca21681de8aae4232afbf7105b32b025bfbb1c7f377149b42303
[2m2025-12-10T10:11:57.879409Z[0m [34mDEBUG[0m [2mhyper::client::pool[0m[2m:[0m reuse idle connection for ("http", 192.168.0.14:8545)
[2m2025-12-10T10:11:57.879440Z[0m [34mDEBUG[0m [2mhyper::proto::h1::io[0m[2m:[0m flushed 250 bytes
[2m2025-12-10T10:11:57.885720Z[0m [34mDEBUG[0m [2mhyper::proto::h1::io[0m[2m:[0m parsed 4 headers
[2m2025-12-10T10:11:57.885728Z[0m [34mDEBUG[0m [2mhyper::proto::h1::conn[0m[2m:[0m incoming body is content-length (770 bytes)
[2m2025-12-10T10:11:57.885736Z[0m [34mDEBUG[0m [2mhyper::proto::h1::conn[0m[2m:[0m incoming body completed
[2m2025-12-10T10:11:57.885748Z[0m [34mDEBUG[0m [2mhyper::client::pool[0m[2m:[0m pooling idle connection for ("http", 192.168.0.14:8545)
[2m2025-12-10T10:11:57.885757Z[0m [34mDEBUG[0m [2methereum_transaction_pool_monitor::eth_client[0m[2m:[0m 📡 Transaction fetch RPC completed in 6.362042ms
[2m2025-12-10T10:11:57.957717Z[0m [34mDEBUG[0m [2methereum_transaction_pool_monitor::eth_client[0m[2m:[0m ✅ Transaction 0x7dff701c9e98ca21681de8aae4232afbf7105b32b025bfbb1c7f377149b42303 fetched and parsed in 78.320375ms
[2m2025-12-10T10:11:57.957747Z[0m [34mDEBUG[0m [2methereum_transaction_pool_monitor::mempool_monitor[0m[2m:[0m 🔍 Skipping tx 0x7dff701c9e98ca21681de8aae4232afbf7105b32b025bfbb1c7f377149b42303 - not a DEX interaction (target: 0xba83b5ed3f12Bfa44f066f03eE0433419B74f469)
[2m2025-12-10T10:11:57.957761Z[0m [34mDEBUG[0m [2methereum_transaction_pool_monitor::mempool_monitor[0m[2m:[0m 📨 Processing new pending transaction: 0x4a027c42a356ab042c4af3ab9c795a7864fe4d34d22e60db4436208cd1a2ef41
[2m2025-12-10T10:11:57.957769Z[0m [34mDEBUG[0m [2methereum_transaction_pool_monitor::mempool_monitor[0m[2m:[0m 🔍 Fetching transaction details for: 0x4a027c42a356ab042c4af3ab9c795a7864fe4d34d22e60db4436208cd1a2ef41
[2m2025-12-10T10:11:57.957776Z[0m [34mDEBUG[0m [2methereum_transaction_pool_monitor::eth_client[0m[2m:[0m 🔍 Fetching transaction details for hash: 0x4a027c42a356ab042c4af3ab9c795a7864fe4d34d22e60db4436208cd1a2ef41
[2m2025-12-10T10:11:57.957800Z[0m [34mDEBUG[0m [2mhyper::client::pool[0m[2m:[0m reuse idle connection for ("http", 192.168.0.14:8545)
[2m2025-12-10T10:11:57.957842Z[0m [34mDEBUG[0m [2mhyper::proto::h1::io[0m[2m:[0m flushed 250 bytes
[2m2025-12-10T10:11:57.957866Z[0m [34mDEBUG[0m [2mhyper::client::pool[0m[2m:[0m reuse idle connection for ("http", 192.168.0.14:8545)
[2m2025-12-10T10:11:57.957879Z[0m [34mDEBUG[0m [2methereum_transaction_pool_monitor::eth_client[0m[2m:[0m 📨 Received WebSocket message: {"jsonrpc":"2.0","method":"eth_subscription","params":{"subscription":"0xbed0a0851463e895960a451075a301a9","result":"0xbebcdd13913aa8332fa8eed57b2ab5caf54b05d9e8c2793bfff653591b1ff036"}}
[2m2025-12-10T10:11:57.957897Z[0m [34mDEBUG[0m [2methereum_transaction_pool_monitor::eth_client[0m[2m:[0m 📨 Received pending transaction: 0xbebcdd13913aa8332fa8eed57b2ab5caf54b05d9e8c2793bfff653591b1ff036
[2m2025-12-10T10:11:57.957884Z[0m [34mDEBUG[0m [2mhyper::proto::h1::io[0m[2m:[0m flushed 172 bytes
[2m2025-12-10T10:11:57.962537Z[0m [34mDEBUG[0m [2mhyper::proto::h1::io[0m[2m:[0m parsed 4 headers
[2m2025-12-10T10:11:57.962563Z[0m [34mDEBUG[0m [2mhyper::proto::h1::conn[0m[2m:[0m incoming body is content-length (45 bytes)
[2m2025-12-10T10:11:57.962586Z[0m [34mDEBUG[0m [2mhyper::proto::h1::conn[0m[2m:[0m incoming body completed
[2m2025-12-10T10:11:57.962594Z[0m [34mDEBUG[0m [2mhyper::client::pool[0m[2m:[0m pooling idle connection for ("http", 192.168.0.14:8545)
[2m2025-12-10T10:11:57.963277Z[0m [34mDEBUG[0m [2mhyper::proto::h1::io[0m[2m:[0m parsed 4 headers
[2m2025-12-10T10:11:57.963299Z[0m [34mDEBUG[0m [2mhyper::proto::h1::conn[0m[2m:[0m incoming body is content-length (773 bytes)
[2m2025-12-10T10:11:57.963322Z[0m [34mDEBUG[0m [2mhyper::proto::h1::conn[0m[2m:[0m incoming body completed
[2m2025-12-10T10:11:57.963340Z[0m [34mDEBUG[0m [2mhyper::client::pool[0m[2m:[0m pooling idle connection for ("http", 192.168.0.14:8545)
[2m2025-12-10T10:11:57.963348Z[0m [34mDEBUG[0m [2methereum_transaction_pool_monitor::eth_client[0m[2m:[0m 📡 Transaction fetch RPC completed in 5.56375ms
[2m2025-12-10T10:11:57.963373Z[0m [34mDEBUG[0m [2methereum_transaction_pool_monitor::eth_client[0m[2m:[0m DeFi transaction detected - Address: 0xdac17f958d2ee523a2206206994597c13d831ec7, Type: Stablecoin, Value: 0 ETH, Gas: 3.00 Gwei
[2m2025-12-10T10:11:57.963392Z[0m [34mDEBUG[0m [2methereum_transaction_pool_monitor::eth_client[0m[2m:[0m ✅ Transaction 0x4a027c42a356ab042c4af3ab9c795a7864fe4d34d22e60db4436208cd1a2ef41 fetched and parsed in 5.607208ms
[2m2025-12-10T10:11:57.963398Z[0m [34mDEBUG[0m [2methereum_transaction_pool_monitor::mempool_monitor[0m[2m:[0m 🔍 Skipping tx 0x4a027c42a356ab042c4af3ab9c795a7864fe4d34d22e60db4436208cd1a2ef41 - not a DEX interaction (target: 0xdAC17F958D2ee523a2206206994597C13D831ec7)
[2m2025-12-10T10:11:57.963406Z[0m [34mDEBUG[0m [2methereum_transaction_pool_monitor::mempool_monitor[0m[2m:[0m 📨 Processing new pending transaction: 0x3c33984024947b7b5a2e8a1574bdfef7a2c46de5d5acfc28844875266a8e495a
[2m2025-12-10T10:11:57.963410Z[0m [34mDEBUG[0m [2methereum_transaction_pool_monitor::mempool_monitor[0m[2m:[0m 🔍 Fetching transaction details for: 0x3c33984024947b7b5a2e8a1574bdfef7a2c46de5d5acfc28844875266a8e495a
[2m2025-12-10T10:11:57.963418Z[0m [34mDEBUG[0m [2methereum_transaction_pool_monitor::eth_client[0m[2m:[0m 🔍 Fetching transaction details for hash: 0x3c33984024947b7b5a2e8a1574bdfef7a2c46de5d5acfc28844875266a8e495a
[2m2025-12-10T10:11:57.963427Z[0m [34mDEBUG[0m [2mhyper::client::pool[0m[2m:[0m reuse idle connection for ("http", 192.168.0.14:8545)
[2m2025-12-10T10:11:57.963444Z[0m [34mDEBUG[0m [2mhyper::proto::h1::io[0m[2m:[0m flushed 250 bytes
[2m2025-12-10T10:11:57.970534Z[0m [34mDEBUG[0m [2mhyper::proto::h1::io[0m[2m:[0m parsed 4 headers
[2m2025-12-10T10:11:57.970540Z[0m [34mDEBUG[0m [2mhyper::proto::h1::conn[0m[2m:[0m incoming body is content-length (781 bytes)
[2m2025-12-10T10:11:57.970547Z[0m [34mDEBUG[0m [2mhyper::proto::h1::conn[0m[2m:[0m incoming body completed
[2m2025-12-10T10:11:57.970553Z[0m [34mDEBUG[0m [2mhyper::client::pool[0m[2m:[0m pooling idle connection for ("http", 192.168.0.14:8545)
[2m2025-12-10T10:11:57.970560Z[0m [34mDEBUG[0m [2methereum_transaction_pool_monitor::eth_client[0m[2m:[0m 📡 Transaction fetch RPC completed in 7.136917ms
[2m2025-12-10T10:11:57.970573Z[0m [34mDEBUG[0m [2methereum_transaction_pool_monitor::eth_client[0m[2m:[0m DeFi transaction detected - Address: 0xc02aaa39b223fe8d0a0e5c4f27ead9083c756cc2, Type: TokenContract, Value: 0 ETH, Gas: 1507.00 Gwei
[2m2025-12-10T10:11:57.970584Z[0m [34mDEBUG[0m [2methereum_transaction_pool_monitor::eth_client[0m[2m:[0m ✅ Transaction 0x3c33984024947b7b5a2e8a1574bdfef7a2c46de5d5acfc28844875266a8e495a fetched and parsed in 7.161625ms
[2m2025-12-10T10:11:57.970590Z[0m [34mDEBUG[0m [2methereum_transaction_pool_monitor::mempool_monitor[0m[2m:[0m 🔍 Skipping tx 0x3c33984024947b7b5a2e8a1574bdfef7a2c46de5d5acfc28844875266a8e495a - not a DEX interaction (target: 0xC02aaA39b223FE8D0A0e5C4F27eAD9083C756Cc2)
[2m2025-12-10T10:11:57.970596Z[0m [34mDEBUG[0m [2methereum_transaction_pool_monitor::mempool_monitor[0m[2m:[0m 📨 Processing new pending transaction: 0xbebcdd13913aa8332fa8eed57b2ab5caf54b05d9e8c2793bfff653591b1ff036
[2m2025-12-10T10:11:57.970600Z[0m [34mDEBUG[0m [2methereum_transaction_pool_monitor::mempool_monitor[0m[2m:[0m 🔍 Fetching transaction details for: 0xbebcdd13913aa8332fa8eed57b2ab5caf54b05d9e8c2793bfff653591b1ff036
[2m2025-12-10T10:11:57.970604Z[0m [34mDEBUG[0m [2methereum_transaction_pool_monitor::eth_client[0m[2m:[0m 🔍 Fetching transaction details for hash: 0xbebcdd13913aa8332fa8eed57b2ab5caf54b05d9e8c2793bfff653591b1ff036
[2m2025-12-10T10:11:57.970611Z[0m [34mDEBUG[0m [2mhyper::client::pool[0m[2m:[0m reuse idle connection for ("http", 192.168.0.14:8545)
[2m2025-12-10T10:11:57.970625Z[0m [34mDEBUG[0m [2mhyper::proto::h1::io[0m[2m:[0m flushed 250 bytes
[2m2025-12-10T10:11:57.975562Z[0m [34mDEBUG[0m [2mhyper::proto::h1::io[0m[2m:[0m parsed 4 headers
[2m2025-12-10T10:11:57.975570Z[0m [34mDEBUG[0m [2mhyper::proto::h1::conn[0m[2m:[0m incoming body is content-length (649 bytes)
[2m2025-12-10T10:11:57.975575Z[0m [34mDEBUG[0m [2mhyper::proto::h1::conn[0m[2m:[0m incoming body completed
[2m2025-12-10T10:11:57.975581Z[0m [34mDEBUG[0m [2mhyper::client::pool[0m[2m:[0m pooling idle connection for ("http", 192.168.0.14:8545)
[2m2025-12-10T10:11:57.975586Z[0m [34mDEBUG[0m [2methereum_transaction_pool_monitor::eth_client[0m[2m:[0m 📡 Transaction fetch RPC completed in 4.978792ms
[2m2025-12-10T10:11:58.045908Z[0m [34mDEBUG[0m [2methereum_transaction_pool_monitor::eth_client[0m[2m:[0m ✅ Transaction 0xbebcdd13913aa8332fa8eed57b2ab5caf54b05d9e8c2793bfff653591b1ff036 fetched and parsed in 75.298334ms
[2m2025-12-10T10:11:58.045932Z[0m [34mDEBUG[0m [2methereum_transaction_pool_monitor::mempool_monitor[0m[2m:[0m 🔍 Skipping tx 0xbebcdd13913aa8332fa8eed57b2ab5caf54b05d9e8c2793bfff653591b1ff036 - not a DEX interaction (target: 0x11276D9494f01Da058Fb00DCfA1C72B8470BC99D)
[2m2025-12-10T10:11:58.045986Z[0m [34mDEBUG[0m [2mhyper::client::pool[0m[2m:[0m reuse idle connection for ("http", 192.168.0.14:8545)
[2m2025-12-10T10:11:58.046018Z[0m [34mDEBUG[0m [2mhyper::proto::h1::io[0m[2m:[0m flushed 172 bytes
[2m2025-12-10T10:11:58.050148Z[0m [34mDEBUG[0m [2mhyper::proto::h1::io[0m[2m:[0m parsed 4 headers
[2m2025-12-10T10:11:58.050155Z[0m [34mDEBUG[0m [2mhyper::proto::h1::conn[0m[2m:[0m incoming body is content-length (45 bytes)
[2m2025-12-10T10:11:58.050164Z[0m [34mDEBUG[0m [2mhyper::proto::h1::conn[0m[2m:[0m incoming body completed
[2m2025-12-10T10:11:58.050174Z[0m [34mDEBUG[0m [2mhyper::client::pool[0m[2m:[0m pooling idle connection for ("http", 192.168.0.14:8545)
[2m2025-12-10T10:11:58.098765Z[0m [32m INFO[0m [2methereum_transaction_pool_monitor::bot_runner[0m[2m:[0m 🤖 MEV Bot Stats | Uptime: 0.1h | Opportunities: 0 | Bundles: 0/0 (0.0%) | Profit: 0.0000 ETH | Rate: 0.00/h
[2m2025-12-10T10:11:58.098771Z[0m [34mDEBUG[0m [2mhyper::client::pool[0m[2m:[0m reuse idle connection for ("http", 192.168.0.14:8545)
[2m2025-12-10T10:11:58.098828Z[0m [34mDEBUG[0m [2mhyper::proto::h1::io[0m[2m:[0m flushed 172 bytes
[2m2025-12-10T10:11:58.102822Z[0m [34mDEBUG[0m [2mhyper::proto::h1::io[0m[2m:[0m parsed 4 headers
[2m2025-12-10T10:11:58.102838Z[0m [34mDEBUG[0m [2mhyper::proto::h1::conn[0m[2m:[0m incoming body is content-length (45 bytes)
[2m2025-12-10T10:11:58.102847Z[0m [34mDEBUG[0m [2mhyper::proto::h1::conn[0m[2m:[0m incoming body completed
[2m2025-12-10T10:11:58.102857Z[0m [34mDEBUG[0m [2mhyper::client::pool[0m[2m:[0m pooling idle connection for ("http", 192.168.0.14:8545)
[2m2025-12-10T10:11:58.135681Z[0m [34mDEBUG[0m [2methereum_transaction_pool_monitor::eth_client[0m[2m:[0m 📨 Received WebSocket message: {"jsonrpc":"2.0","method":"eth_subscription","params":{"subscription":"0xbed0a0851463e895960a451075a301a9","result":"0x725bcbc663a83e7e6cd7d5a4642aade37f0e2db90b1f24fff478b4866bf12936"}}
[2m2025-12-10T10:11:58.135729Z[0m [34mDEBUG[0m [2methereum_transaction_pool_monitor::eth_client[0m[2m:[0m 📨 Received pending transaction: 0x725bcbc663a83e7e6cd7d5a4642aade37f0e2db90b1f24fff478b4866bf12936
[2m2025-12-10T10:11:58.135742Z[0m [34mDEBUG[0m [2methereum_transaction_pool_monitor::mempool_monitor[0m[2m:[0m 📨 Processing new pending transaction: 0x725bcbc663a83e7e6cd7d5a4642aade37f0e2db90b1f24fff478b4866bf12936
[2m2025-12-10T10:11:58.135749Z[0m [34mDEBUG[0m [2methereum_transaction_pool_monitor::mempool_monitor[0m[2m:[0m 🔍 Fetching transaction details for: 0x725bcbc663a83e7e6cd7d5a4642aade37f0e2db90b1f24fff478b4866bf12936
[2m2025-12-10T10:11:58.135755Z[0m [34mDEBUG[0m [2methereum_transaction_pool_monitor::eth_client[0m[2m:[0m 🔍 Fetching transaction details for hash: 0x725bcbc663a83e7e6cd7d5a4642aade37f0e2db90b1f24fff478b4866bf12936
[2m2025-12-10T10:11:58.135781Z[0m [34mDEBUG[0m [2mhyper::client::pool[0m[2m:[0m reuse idle connection for ("http", 192.168.0.14:8545)
[2m2025-12-10T10:11:58.135819Z[0m [34mDEBUG[0m [2mhyper::proto::h1::io[0m[2m:[0m flushed 250 bytes
[2m2025-12-10T10:11:58.144191Z[0m [34mDEBUG[0m [2mhyper::proto::h1::io[0m[2m:[0m parsed 4 headers
[2m2025-12-10T10:11:58.144211Z[0m [34mDEBUG[0m [2mhyper::proto::h1::conn[0m[2m:[0m incoming body is content-length (712 bytes)
[2m2025-12-10T10:11:58.144221Z[0m [34mDEBUG[0m [2mhyper::proto::h1::conn[0m[2m:[0m incoming body completed
[2m2025-12-10T10:11:58.144235Z[0m [34mDEBUG[0m [2mhyper::client::pool[0m[2m:[0m pooling idle connection for ("http", 192.168.0.14:8545)
[2m2025-12-10T10:11:58.144244Z[0m [34mDEBUG[0m [2methereum_transaction_pool_monitor::eth_client[0m[2m:[0m 📡 Transaction fetch RPC completed in 8.482875ms
[2m2025-12-10T10:11:58.224888Z[0m [34mDEBUG[0m [2methereum_transaction_pool_monitor::eth_client[0m[2m:[0m ✅ Transaction 0x725bcbc663a83e7e6cd7d5a4642aade37f0e2db90b1f24fff478b4866bf12936 fetched and parsed in 89.125667ms
[2m2025-12-10T10:11:58.224918Z[0m [34mDEBUG[0m [2methereum_transaction_pool_monitor::mempool_monitor[0m[2m:[0m 🔍 Skipping tx 0x725bcbc663a83e7e6cd7d5a4642aade37f0e2db90b1f24fff478b4866bf12936 - not a DEX interaction (target: 0x400Fc9C7F01Df3aa919659De434E0c584e68CB29)
[2m2025-12-10T10:11:58.224969Z[0m [34mDEBUG[0m [2mhyper::client::pool[0m[2m:[0m reuse idle connection for ("http", 192.168.0.14:8545)
[2m2025-12-10T10:11:58.225000Z[0m [34mDEBUG[0m [2mhyper::proto::h1::io[0m[2m:[0m flushed 172 bytes
[2m2025-12-10T10:11:58.227989Z[0m [34mDEBUG[0m [2mhyper::proto::h1::io[0m[2m:[0m parsed 4 headers
[2m2025-12-10T10:11:58.227997Z[0m [34mDEBUG[0m [2mhyper::proto::h1::conn[0m[2m:[0m incoming body is content-length (45 bytes)
[2m2025-12-10T10:11:58.228009Z[0m [34mDEBUG[0m [2mhyper::proto::h1::conn[0m[2m:[0m incoming body completed
[2m2025-12-10T10:11:58.228016Z[0m [34mDEBUG[0m [2mhyper::client::pool[0m[2m:[0m pooling idle connection for ("http", 192.168.0.14:8545)
[2m2025-12-10T10:11:58.300118Z[0m [34mDEBUG[0m [2mhyper::client::pool[0m[2m:[0m reuse idle connection for ("http", 192.168.0.14:8545)
[2m2025-12-10T10:11:58.300159Z[0m [34mDEBUG[0m [2mhyper::proto::h1::io[0m[2m:[0m flushed 172 bytes
[2m2025-12-10T10:11:58.304080Z[0m [34mDEBUG[0m [2mhyper::proto::h1::io[0m[2m:[0m parsed 4 headers
[2m2025-12-10T10:11:58.304103Z[0m [34mDEBUG[0m [2mhyper::proto::h1::conn[0m[2m:[0m incoming body is content-length (45 bytes)
[2m2025-12-10T10:11:58.304118Z[0m [34mDEBUG[0m [2mhyper::proto::h1::conn[0m[2m:[0m incoming body completed
[2m2025-12-10T10:11:58.304128Z[0m [34mDEBUG[0m [2mhyper::client::pool[0m[2m:[0m pooling idle connection for ("http", 192.168.0.14:8545)
[2m2025-12-10T10:11:58.308857Z[0m [34mDEBUG[0m [2methereum_transaction_pool_monitor::eth_client[0m[2m:[0m 📨 Received WebSocket message: {"jsonrpc":"2.0","method":"eth_subscription","params":{"subscription":"0xbed0a0851463e895960a451075a301a9","result":"0x980f455bb6b82bc181a883ef3338b65f3d21dae9d02c2127eadfb8400bdae478"}}
[2m2025-12-10T10:11:58.308867Z[0m [34mDEBUG[0m [2methereum_transaction_pool_monitor::eth_client[0m[2m:[0m 📨 Received pending transaction: 0x980f455bb6b82bc181a883ef3338b65f3d21dae9d02c2127eadfb8400bdae478
[2m2025-12-10T10:11:58.308972Z[0m [34mDEBUG[0m [2methereum_transaction_pool_monitor::mempool_monitor[0m[2m:[0m 📨 Processing new pending transaction: 0x980f455bb6b82bc181a883ef3338b65f3d21dae9d02c2127eadfb8400bdae478
[2m2025-12-10T10:11:58.308979Z[0m [34mDEBUG[0m [2methereum_transaction_pool_monitor::mempool_monitor[0m[2m:[0m 🔍 Fetching transaction details for: 0x980f455bb6b82bc181a883ef3338b65f3d21dae9d02c2127eadfb8400bdae478
[2m2025-12-10T10:11:58.308984Z[0m [34mDEBUG[0m [2methereum_transaction_pool_monitor::eth_client[0m[2m:[0m 🔍 Fetching transaction details for hash: 0x980f455bb6b82bc181a883ef3338b65f3d21dae9d02c2127eadfb8400bdae478
[2m2025-12-10T10:11:58.308995Z[0m [34mDEBUG[0m [2mhyper::client::pool[0m[2m:[0m reuse idle connection for ("http", 192.168.0.14:8545)
[2m2025-12-10T10:11:58.309015Z[0m [34mDEBUG[0m [2mhyper::proto::h1::io[0m[2m:[0m flushed 250 bytes
[2m2025-12-10T10:11:58.312811Z[0m [34mDEBUG[0m [2mhyper::proto::h1::io[0m[2m:[0m parsed 4 headers
[2m2025-12-10T10:11:58.312832Z[0m [34mDEBUG[0m [2mhyper::proto::h1::conn[0m[2m:[0m incoming body is content-length (830 bytes)
[2m2025-12-10T10:11:58.312852Z[0m [34mDEBUG[0m [2mhyper::proto::h1::conn[0m[2m:[0m incoming body completed
[2m2025-12-10T10:11:58.312862Z[0m [34mDEBUG[0m [2mhyper::client::pool[0m[2m:[0m pooling idle connection for ("http", 192.168.0.14:8545)
[2m2025-12-10T10:11:58.312868Z[0m [34mDEBUG[0m [2methereum_transaction_pool_monitor::eth_client[0m[2m:[0m 📡 Transaction fetch RPC completed in 3.878917ms
[2m2025-12-10T10:11:58.388994Z[0m [34mDEBUG[0m [2methereum_transaction_pool_monitor::eth_client[0m[2m:[0m ✅ Transaction 0x980f455bb6b82bc181a883ef3338b65f3d21dae9d02c2127eadfb8400bdae478 fetched and parsed in 80.001417ms
[2m2025-12-10T10:11:58.389027Z[0m [34mDEBUG[0m [2methereum_transaction_pool_monitor::mempool_monitor[0m[2m:[0m 🔍 Skipping tx 0x980f455bb6b82bc181a883ef3338b65f3d21dae9d02c2127eadfb8400bdae478 - not a DEX interaction (target: 0x3B4D794a66304F130a4Db8F2551B0070dfCf5ca7)
[2m2025-12-10T10:11:58.400097Z[0m [34mDEBUG[0m [2mhyper::client::pool[0m[2m:[0m reuse idle connection for ("http", 192.168.0.14:8545)
[2m2025-12-10T10:11:58.400137Z[0m [34mDEBUG[0m [2mhyper::proto::h1::io[0m[2m:[0m flushed 172 bytes
[2m2025-12-10T10:11:58.403287Z[0m [34mDEBUG[0m [2methereum_transaction_pool_monitor::eth_client[0m[2m:[0m 📨 Received WebSocket message: {"jsonrpc":"2.0","method":"eth_subscription","params":{"subscription":"0xbed0a0851463e895960a451075a301a9","result":"0x75a383277c134e749c1c0de1fcf5d7fd746ec7324179969b4e309c70b2dd6206"}}
[2m2025-12-10T10:11:58.403315Z[0m [34mDEBUG[0m [2methereum_transaction_pool_monitor::eth_client[0m[2m:[0m 📨 Received pending transaction: 0x75a383277c134e749c1c0de1fcf5d7fd746ec7324179969b4e309c70b2dd6206
[2m2025-12-10T10:11:58.403324Z[0m [34mDEBUG[0m [2methereum_transaction_pool_monitor::mempool_monitor[0m[2m:[0m 📨 Processing new pending transaction: 0x75a383277c134e749c1c0de1fcf5d7fd746ec7324179969b4e309c70b2dd6206
[2m2025-12-10T10:11:58.403342Z[0m [34mDEBUG[0m [2methereum_transaction_pool_monitor::mempool_monitor[0m[2m:[0m 🔍 Fetching transaction details for: 0x75a383277c134e749c1c0de1fcf5d7fd746ec7324179969b4e309c70b2dd6206
[2m2025-12-10T10:11:58.403346Z[0m [34mDEBUG[0m [2methereum_transaction_pool_monitor::eth_client[0m[2m:[0m 🔍 Fetching transaction details for hash: 0x75a383277c134e749c1c0de1fcf5d7fd746ec7324179969b4e309c70b2dd6206
[2m2025-12-10T10:11:58.403355Z[0m [34mDEBUG[0m [2mhyper::client::pool[0m[2m:[0m reuse idle connection for ("http", 192.168.0.14:8545)
[2m2025-12-10T10:11:58.403370Z[0m [34mDEBUG[0m [2mhyper::proto::h1::io[0m[2m:[0m flushed 250 bytes
[2m2025-12-10T10:11:58.403851Z[0m [34mDEBUG[0m [2mhyper::proto::h1::io[0m[2m:[0m parsed 4 headers
[2m2025-12-10T10:11:58.403856Z[0m [34mDEBUG[0m [2mhyper::proto::h1::conn[0m[2m:[0m incoming body is content-length (45 bytes)
[2m2025-12-10T10:11:58.403866Z[0m [34mDEBUG[0m [2mhyper::proto::h1::conn[0m[2m:[0m incoming body completed
[2m2025-12-10T10:11:58.403877Z[0m [34mDEBUG[0m [2mhyper::client::pool[0m[2m:[0m pooling idle connection for ("http", 192.168.0.14:8545)
[2m2025-12-10T10:11:58.406981Z[0m [34mDEBUG[0m [2mhyper::proto::h1::io[0m[2m:[0m parsed 4 headers
[2m2025-12-10T10:11:58.406987Z[0m [34mDEBUG[0m [2mhyper::proto::h1::conn[0m[2m:[0m incoming body is content-length (646 bytes)
[2m2025-12-10T10:11:58.406991Z[0m [34mDEBUG[0m [2mhyper::proto::h1::conn[0m[2m:[0m incoming body completed
[2m2025-12-10T10:11:58.406996Z[0m [34mDEBUG[0m [2mhyper::client::pool[0m[2m:[0m pooling idle connection for ("http", 192.168.0.14:8545)
[2m2025-12-10T10:11:58.407001Z[0m [34mDEBUG[0m [2methereum_transaction_pool_monitor::eth_client[0m[2m:[0m 📡 Transaction fetch RPC completed in 3.651334ms
[2m2025-12-10T10:11:58.477223Z[0m [34mDEBUG[0m [2methereum_transaction_pool_monitor::eth_client[0m[2m:[0m ✅ Transaction 0x75a383277c134e749c1c0de1fcf5d7fd746ec7324179969b4e309c70b2dd6206 fetched and parsed in 73.869709ms
[2m2025-12-10T10:11:58.477251Z[0m [34mDEBUG[0m [2methereum_transaction_pool_monitor::mempool_monitor[0m[2m:[0m 🔍 Skipping tx 0x75a383277c134e749c1c0de1fcf5d7fd746ec7324179969b4e309c70b2dd6206 - not a DEX interaction (target: 0x5C3363D28396B54cca27E42BF5337Fe8B3FF2E1c)
[2m2025-12-10T10:11:58.499316Z[0m [34mDEBUG[0m [2mhyper::client::pool[0m[2m:[0m reuse idle connection for ("http", 192.168.0.14:8545)
[2m2025-12-10T10:11:58.499369Z[0m [34mDEBUG[0m [2mhyper::proto::h1::io[0m[2m:[0m flushed 172 bytes
[2m2025-12-10T10:11:58.502834Z[0m [34mDEBUG[0m [2mhyper::proto::h1::io[0m[2m:[0m parsed 4 headers
[2m2025-12-10T10:11:58.502850Z[0m [34mDEBUG[0m [2mhyper::proto::h1::conn[0m[2m:[0m incoming body is content-length (45 bytes)
[2m2025-12-10T10:11:58.502859Z[0m [34mDEBUG[0m [2mhyper::proto::h1::conn[0m[2m:[0m incoming body completed
[2m2025-12-10T10:11:58.502870Z[0m [34mDEBUG[0m [2mhyper::client::pool[0m[2m:[0m pooling idle connection for ("http", 192.168.0.14:8545)
[2m2025-12-10T10:11:58.529805Z[0m [34mDEBUG[0m [2methereum_transaction_pool_monitor::eth_client[0m[2m:[0m 📨 Received WebSocket message: {"jsonrpc":"2.0","method":"eth_subscription","params":{"subscription":"0xbed0a0851463e895960a451075a301a9","result":"0xdee0b4593ebfeb141079bb388e2c1e793836a03f6e62305d0bf56f2261d5d885"}}
[2m2025-12-10T10:11:58.529821Z[0m [34mDEBUG[0m [2methereum_transaction_pool_monitor::eth_client[0m[2m:[0m 📨 Received pending transaction: 0xdee0b4593ebfeb141079bb388e2c1e793836a03f6e62305d0bf56f2261d5d885
[2m2025-12-10T10:11:58.529829Z[0m [34mDEBUG[0m [2methereum_transaction_pool_monitor::mempool_monitor[0m[2m:[0m 📨 Processing new pending transaction: 0xdee0b4593ebfeb141079bb388e2c1e793836a03f6e62305d0bf56f2261d5d885
[2m2025-12-10T10:11:58.529834Z[0m [34mDEBUG[0m [2methereum_transaction_pool_monitor::mempool_monitor[0m[2m:[0m 🔍 Fetching transaction details for: 0xdee0b4593ebfeb141079bb388e2c1e793836a03f6e62305d0bf56f2261d5d885
[2m2025-12-10T10:11:58.529838Z[0m [34mDEBUG[0m [2methereum_transaction_pool_monitor::eth_client[0m[2m:[0m 🔍 Fetching transaction details for hash: 0xdee0b4593ebfeb141079bb388e2c1e793836a03f6e62305d0bf56f2261d5d885
[2m2025-12-10T10:11:58.529854Z[0m [34mDEBUG[0m [2mhyper::client::pool[0m[2m:[0m reuse idle connection for ("http", 192.168.0.14:8545)
[2m2025-12-10T10:11:58.529873Z[0m [34mDEBUG[0m [2mhyper::proto::h1::io[0m[2m:[0m flushed 250 bytes
[2m2025-12-10T10:11:58.540089Z[0m [34mDEBUG[0m [2mhyper::proto::h1::io[0m[2m:[0m parsed 4 headers
[2m2025-12-10T10:11:58.540102Z[0m [34mDEBUG[0m [2mhyper::proto::h1::conn[0m[2m:[0m incoming body is content-length (774 bytes)
[2m2025-12-10T10:11:58.540112Z[0m [34mDEBUG[0m [2mhyper::proto::h1::conn[0m[2m:[0m incoming body completed
[2m2025-12-10T10:11:58.540124Z[0m [34mDEBUG[0m [2mhyper::client::pool[0m[2m:[0m pooling idle connection for ("http", 192.168.0.14:8545)
[2m2025-12-10T10:11:58.540132Z[0m [34mDEBUG[0m [2methereum_transaction_pool_monitor::eth_client[0m[2m:[0m 📡 Transaction fetch RPC completed in 10.29025ms
[2m2025-12-10T10:11:58.540156Z[0m [34mDEBUG[0m [2methereum_transaction_pool_monitor::eth_client[0m[2m:[0m DeFi transaction detected - Address: 0xdac17f958d2ee523a2206206994597c13d831ec7, Type: Stablecoin, Value: 0 ETH, Gas: 2.18 Gwei
[2m2025-12-10T10:11:58.540173Z[0m [34mDEBUG[0m [2methereum_transaction_pool_monitor::eth_client[0m[2m:[0m ✅ Transaction 0xdee0b4593ebfeb141079bb388e2c1e793836a03f6e62305d0bf56f2261d5d885 fetched and parsed in 10.33125ms
[2m2025-12-10T10:11:58.540181Z[0m [34mDEBUG[0m [2methereum_transaction_pool_monitor::mempool_monitor[0m[2m:[0m 🔍 Skipping tx 0xdee0b4593ebfeb141079bb388e2c1e793836a03f6e62305d0bf56f2261d5d885 - not a DEX interaction (target: 0xdAC17F958D2ee523a2206206994597C13D831ec7)
[2m2025-12-10T10:11:58.599243Z[0m [34mDEBUG[0m [2mhyper::client::pool[0m[2m:[0m reuse idle connection for ("http", 192.168.0.14:8545)
[2m2025-12-10T10:11:58.599303Z[0m [34mDEBUG[0m [2mhyper::proto::h1::io[0m[2m:[0m flushed 172 bytes
[2m2025-12-10T10:11:58.602586Z[0m [34mDEBUG[0m [2mhyper::proto::h1::io[0m[2m:[0m parsed 4 headers
[2m2025-12-10T10:11:58.602599Z[0m [34mDEBUG[0m [2mhyper::proto::h1::conn[0m[2m:[0m incoming body is content-length (45 bytes)
[2m2025-12-10T10:11:58.602608Z[0m [34mDEBUG[0m [2mhyper::proto::h1::conn[0m[2m:[0m incoming body completed
[2m2025-12-10T10:11:58.602618Z[0m [34mDEBUG[0m [2mhyper::client::pool[0m[2m:[0m pooling idle connection for ("http", 192.168.0.14:8545)
[2m2025-12-10T10:11:58.620536Z[0m [34mDEBUG[0m [2methereum_transaction_pool_monitor::eth_client[0m[2m:[0m 📨 Received WebSocket message: {"jsonrpc":"2.0","method":"eth_subscription","params":{"subscription":"0xbed0a0851463e895960a451075a301a9","result":"0x63daa3acec5b0e44458a51986ee037166a0d4f74f729a6a4b36e96f324bf76c9"}}
[2m2025-12-10T10:11:58.620557Z[0m [34mDEBUG[0m [2methereum_transaction_pool_monitor::eth_client[0m[2m:[0m 📨 Received pending transaction: 0x63daa3acec5b0e44458a51986ee037166a0d4f74f729a6a4b36e96f324bf76c9
[2m2025-12-10T10:11:58.620567Z[0m [34mDEBUG[0m [2methereum_transaction_pool_monitor::mempool_monitor[0m[2m:[0m 📨 Processing new pending transaction: 0x63daa3acec5b0e44458a51986ee037166a0d4f74f729a6a4b36e96f324bf76c9
[2m2025-12-10T10:11:58.620573Z[0m [34mDEBUG[0m [2methereum_transaction_pool_monitor::mempool_monitor[0m[2m:[0m 🔍 Fetching transaction details for: 0x63daa3acec5b0e44458a51986ee037166a0d4f74f729a6a4b36e96f324bf76c9
[2m2025-12-10T10:11:58.620578Z[0m [34mDEBUG[0m [2methereum_transaction_pool_monitor::eth_client[0m[2m:[0m 🔍 Fetching transaction details for hash: 0x63daa3acec5b0e44458a51986ee037166a0d4f74f729a6a4b36e96f324bf76c9
[2m2025-12-10T10:11:58.620597Z[0m [34mDEBUG[0m [2mhyper::client::pool[0m[2m:[0m reuse idle connection for ("http", 192.168.0.14:8545)
[2m2025-12-10T10:11:58.620621Z[0m [34mDEBUG[0m [2mhyper::proto::h1::io[0m[2m:[0m flushed 250 bytes
[2m2025-12-10T10:11:58.625405Z[0m [34mDEBUG[0m [2mhyper::proto::h1::io[0m[2m:[0m parsed 4 headers
[2m2025-12-10T10:11:58.625415Z[0m [34mDEBUG[0m [2mhyper::proto::h1::conn[0m[2m:[0m incoming body is content-length (644 bytes)
[2m2025-12-10T10:11:58.625425Z[0m [34mDEBUG[0m [2mhyper::proto::h1::conn[0m[2m:[0m incoming body completed
[2m2025-12-10T10:11:58.625436Z[0m [34mDEBUG[0m [2mhyper::client::pool[0m[2m:[0m pooling idle connection for ("http", 192.168.0.14:8545)
[2m2025-12-10T10:11:58.625446Z[0m [34mDEBUG[0m [2methereum_transaction_pool_monitor::eth_client[0m[2m:[0m 📡 Transaction fetch RPC completed in 4.862667ms
[2m2025-12-10T10:11:58.703339Z[0m [34mDEBUG[0m [2methereum_transaction_pool_monitor::eth_client[0m[2m:[0m ✅ Transaction 0x63daa3acec5b0e44458a51986ee037166a0d4f74f729a6a4b36e96f324bf76c9 fetched and parsed in 82.752708ms
[2m2025-12-10T10:11:58.703374Z[0m [34mDEBUG[0m [2methereum_transaction_pool_monitor::mempool_monitor[0m[2m:[0m 🔍 Skipping tx 0x63daa3acec5b0e44458a51986ee037166a0d4f74f729a6a4b36e96f324bf76c9 - not a DEX interaction (target: 0x17E5545B11b468072283Cee1F066a059Fb0dbF24)
[2m2025-12-10T10:11:58.703416Z[0m [34mDEBUG[0m [2mhyper::client::pool[0m[2m:[0m reuse idle connection for ("http", 192.168.0.14:8545)
[2m2025-12-10T10:11:58.703473Z[0m [34mDEBUG[0m [2mhyper::proto::h1::io[0m[2m:[0m flushed 172 bytes
[2m2025-12-10T10:11:58.703489Z[0m [34mDEBUG[0m [2methereum_transaction_pool_monitor::eth_client[0m[2m:[0m 📨 Received WebSocket message: {"jsonrpc":"2.0","method":"eth_subscription","params":{"subscription":"0xbed0a0851463e895960a451075a301a9","result":"0xdfd8cfbca48bfa30134a0fe3bdf5d2dd238f8f6688005d0c858837974dfe429b"}}
[2m2025-12-10T10:11:58.703502Z[0m [34mDEBUG[0m [2methereum_transaction_pool_monitor::eth_client[0m[2m:[0m 📨 Received pending transaction: 0xdfd8cfbca48bfa30134a0fe3bdf5d2dd238f8f6688005d0c858837974dfe429b
[2m2025-12-10T10:11:58.703514Z[0m [34mDEBUG[0m [2methereum_transaction_pool_monitor::mempool_monitor[0m[2m:[0m 📨 Processing new pending transaction: 0xdfd8cfbca48bfa30134a0fe3bdf5d2dd238f8f6688005d0c858837974dfe429b
[2m2025-12-10T10:11:58.703520Z[0m [34mDEBUG[0m [2methereum_transaction_pool_monitor::mempool_monitor[0m[2m:[0m 🔍 Fetching transaction details for: 0xdfd8cfbca48bfa30134a0fe3bdf5d2dd238f8f6688005d0c858837974dfe429b
[2m2025-12-10T10:11:58.703527Z[0m [34mDEBUG[0m [2methereum_transaction_pool_monitor::eth_client[0m[2m:[0m 🔍 Fetching transaction details for hash: 0xdfd8cfbca48bfa30134a0fe3bdf5d2dd238f8f6688005d0c858837974dfe429b
[2m2025-12-10T10:11:58.703541Z[0m [34mDEBUG[0m [2mhyper::client::pool[0m[2m:[0m reuse idle connection for ("http", 192.168.0.14:8545)
[2m2025-12-10T10:11:58.703561Z[0m [34mDEBUG[0m [2mhyper::proto::h1::io[0m[2m:[0m flushed 250 bytes
[2m2025-12-10T10:11:58.707440Z[0m [34mDEBUG[0m [2mhyper::proto::h1::io[0m[2m:[0m parsed 4 headers
[2m2025-12-10T10:11:58.707458Z[0m [34mDEBUG[0m [2mhyper::proto::h1::conn[0m[2m:[0m incoming body is content-length (45 bytes)
[2m2025-12-10T10:11:58.707468Z[0m [34mDEBUG[0m [2mhyper::proto::h1::conn[0m[2m:[0m incoming body completed
[2m2025-12-10T10:11:58.707479Z[0m [34mDEBUG[0m [2mhyper::client::pool[0m[2m:[0m pooling idle connection for ("http", 192.168.0.14:8545)
[2m2025-12-10T10:11:58.708152Z[0m [34mDEBUG[0m [2mhyper::proto::h1::io[0m[2m:[0m parsed 4 headers
[2m2025-12-10T10:11:58.708161Z[0m [34mDEBUG[0m [2mhyper::proto::h1::conn[0m[2m:[0m incoming body is content-length (965 bytes)
[2m2025-12-10T10:11:58.708172Z[0m [34mDEBUG[0m [2mhyper::proto::h1::conn[0m[2m:[0m incoming body completed
[2m2025-12-10T10:11:58.708181Z[0m [34mDEBUG[0m [2mhyper::client::pool[0m[2m:[0m pooling idle connection for ("http", 192.168.0.14:8545)
[2m2025-12-10T10:11:58.708188Z[0m [34mDEBUG[0m [2methereum_transaction_pool_monitor::eth_client[0m[2m:[0m 📡 Transaction fetch RPC completed in 4.655292ms
[2m2025-12-10T10:11:58.780809Z[0m [34mDEBUG[0m [2methereum_transaction_pool_monitor::eth_client[0m[2m:[0m ✅ Transaction 0xdfd8cfbca48bfa30134a0fe3bdf5d2dd238f8f6688005d0c858837974dfe429b fetched and parsed in 77.274792ms
[2m2025-12-10T10:11:58.780836Z[0m [34mDEBUG[0m [2methereum_transaction_pool_monitor::mempool_monitor[0m[2m:[0m 🔍 Skipping tx 0xdfd8cfbca48bfa30134a0fe3bdf5d2dd238f8f6688005d0c858837974dfe429b - not a DEX interaction (target: 0xcac2B212e9973cF84643B93510Dc89996A13d4AA)
[2m2025-12-10T10:11:58.780890Z[0m [34mDEBUG[0m [2methereum_transaction_pool_monitor::eth_client[0m[2m:[0m 📨 Received WebSocket message: {"jsonrpc":"2.0","method":"eth_subscription","params":{"subscription":"0xbed0a0851463e895960a451075a301a9","result":"0xc93502465dc0b62dfb625537e92420e9fe5eaac2f9ead37836ee73c15fc8b2d4"}}
[2m2025-12-10T10:11:58.781164Z[0m [34mDEBUG[0m [2methereum_transaction_pool_monitor::eth_client[0m[2m:[0m 📨 Received pending transaction: 0xc93502465dc0b62dfb625537e92420e9fe5eaac2f9ead37836ee73c15fc8b2d4
[2m2025-12-10T10:11:58.781173Z[0m [34mDEBUG[0m [2methereum_transaction_pool_monitor::mempool_monitor[0m[2m:[0m 📨 Processing new pending transaction: 0xc93502465dc0b62dfb625537e92420e9fe5eaac2f9ead37836ee73c15fc8b2d4
[2m2025-12-10T10:11:58.781178Z[0m [34mDEBUG[0m [2methereum_transaction_pool_monitor::mempool_monitor[0m[2m:[0m 🔍 Fetching transaction details for: 0xc93502465dc0b62dfb625537e92420e9fe5eaac2f9ead37836ee73c15fc8b2d4
[2m2025-12-10T10:11:58.781182Z[0m [34mDEBUG[0m [2methereum_transaction_pool_monitor::eth_client[0m[2m:[0m 🔍 Fetching transaction details for hash: 0xc93502465dc0b62dfb625537e92420e9fe5eaac2f9ead37836ee73c15fc8b2d4
[2m2025-12-10T10:11:58.781197Z[0m [34mDEBUG[0m [2mhyper::client::pool[0m[2m:[0m reuse idle connection for ("http", 192.168.0.14:8545)
[2m2025-12-10T10:11:58.781215Z[0m [34mDEBUG[0m [2mhyper::proto::h1::io[0m[2m:[0m flushed 250 bytes
[2m2025-12-10T10:11:58.785749Z[0m [34mDEBUG[0m [2mhyper::proto::h1::io[0m[2m:[0m parsed 4 headers
[2m2025-12-10T10:11:58.789516Z[0m [34mDEBUG[0m [2mhyper::proto::h1::conn[0m[2m:[0m incoming body is content-length (765 bytes)
[2m2025-12-10T10:11:58.789532Z[0m [34mDEBUG[0m [2mhyper::proto::h1::conn[0m[2m:[0m incoming body completed
[2m2025-12-10T10:11:58.789546Z[0m [34mDEBUG[0m [2mhyper::client::pool[0m[2m:[0m pooling idle connection for ("http", 192.168.0.14:8545)
[2m2025-12-10T10:11:58.789555Z[0m [34mDEBUG[0m [2methereum_transaction_pool_monitor::eth_client[0m[2m:[0m 📡 Transaction fetch RPC completed in 8.369458ms
[2m2025-12-10T10:11:58.857805Z[0m [34mDEBUG[0m [2methereum_transaction_pool_monitor::eth_client[0m[2m:[0m ✅ Transaction 0xc93502465dc0b62dfb625537e92420e9fe5eaac2f9ead37836ee73c15fc8b2d4 fetched and parsed in 76.615833ms
[2m2025-12-10T10:11:58.857826Z[0m [34mDEBUG[0m [2methereum_transaction_pool_monitor::mempool_monitor[0m[2m:[0m 🔍 Skipping tx 0xc93502465dc0b62dfb625537e92420e9fe5eaac2f9ead37836ee73c15fc8b2d4 - not a DEX interaction (target: 0xA0b86991c6218b36c1d19D4a2e9Eb0cE3606eB48)
[2m2025-12-10T10:11:58.857871Z[0m [34mDEBUG[0m [2mhyper::client::pool[0m[2m:[0m reuse idle connection for ("http", 192.168.0.14:8545)
[2m2025-12-10T10:11:58.857906Z[0m [34mDEBUG[0m [2mhyper::proto::h1::io[0m[2m:[0m flushed 172 bytes
[2m2025-12-10T10:11:58.861872Z[0m [34mDEBUG[0m [2mhyper::proto::h1::io[0m[2m:[0m parsed 4 headers
[2m2025-12-10T10:11:58.861902Z[0m [34mDEBUG[0m [2mhyper::proto::h1::conn[0m[2m:[0m incoming body is content-length (45 bytes)
[2m2025-12-10T10:11:58.861930Z[0m [34mDEBUG[0m [2mhyper::proto::h1::conn[0m[2m:[0m incoming body completed
[2m2025-12-10T10:11:58.861940Z[0m [34mDEBUG[0m [2mhyper::client::pool[0m[2m:[0m pooling idle connection for ("http", 192.168.0.14:8545)
[2m2025-12-10T10:11:58.898549Z[0m [34mDEBUG[0m [2mhyper::client::pool[0m[2m:[0m reuse idle connection for ("http", 192.168.0.14:8545)
[2m2025-12-10T10:11:58.898598Z[0m [34mDEBUG[0m [2mhyper::proto::h1::io[0m[2m:[0m flushed 172 bytes
[2m2025-12-10T10:11:58.902061Z[0m [34mDEBUG[0m [2mhyper::proto::h1::io[0m[2m:[0m parsed 4 headers
[2m2025-12-10T10:11:58.902068Z[0m [34mDEBUG[0m [2mhyper::proto::h1::conn[0m[2m:[0m incoming body is content-length (45 bytes)
[2m2025-12-10T10:11:58.902076Z[0m [34mDEBUG[0m [2mhyper::proto::h1::conn[0m[2m:[0m incoming body completed
[2m2025-12-10T10:11:58.902085Z[0m [34mDEBUG[0m [2mhyper::client::pool[0m[2m:[0m pooling idle connection for ("http", 192.168.0.14:8545)
[2m2025-12-10T10:11:58.966342Z[0m [34mDEBUG[0m [2methereum_transaction_pool_monitor::eth_client[0m[2m:[0m 📨 Received WebSocket message: {"jsonrpc":"2.0","method":"eth_subscription","params":{"subscription":"0xbed0a0851463e895960a451075a301a9","result":"0x90a5ca55bf5d10659ce377d122490bde69f35cc3141819656597387a82979617"}}
[2m2025-12-10T10:11:58.966379Z[0m [34mDEBUG[0m [2methereum_transaction_pool_monitor::eth_client[0m[2m:[0m 📨 Received pending transaction: 0x90a5ca55bf5d10659ce377d122490bde69f35cc3141819656597387a82979617
[2m2025-12-10T10:11:58.966398Z[0m [34mDEBUG[0m [2methereum_transaction_pool_monitor::mempool_monitor[0m[2m:[0m 📨 Processing new pending transaction: 0x90a5ca55bf5d10659ce377d122490bde69f35cc3141819656597387a82979617
[2m2025-12-10T10:11:58.966411Z[0m [34mDEBUG[0m [2methereum_transaction_pool_monitor::mempool_monitor[0m[2m:[0m 🔍 Fetching transaction details for: 0x90a5ca55bf5d10659ce377d122490bde69f35cc3141819656597387a82979617
[2m2025-12-10T10:11:58.966418Z[0m [34mDEBUG[0m [2methereum_transaction_pool_monitor::eth_client[0m[2m:[0m 🔍 Fetching transaction details for hash: 0x90a5ca55bf5d10659ce377d122490bde69f35cc3141819656597387a82979617
[2m2025-12-10T10:11:58.966444Z[0m [34mDEBUG[0m [2mhyper::client::pool[0m[2m:[0m reuse idle connection for ("http", 192.168.0.14:8545)
[2m2025-12-10T10:11:58.966480Z[0m [34mDEBUG[0m [2mhyper::proto::h1::io[0m[2m:[0m flushed 250 bytes
[2m2025-12-10T10:11:58.976094Z[0m [34mDEBUG[0m [2mhyper::proto::h1::io[0m[2m:[0m parsed 4 headers
[2m2025-12-10T10:11:58.976109Z[0m [34mDEBUG[0m [2mhyper::proto::h1::conn[0m[2m:[0m incoming body is content-length (773 bytes)
[2m2025-12-10T10:11:58.976118Z[0m [34mDEBUG[0m [2mhyper::proto::h1::conn[0m[2m:[0m incoming body completed
[2m2025-12-10T10:11:58.976131Z[0m [34mDEBUG[0m [2mhyper::client::pool[0m[2m:[0m pooling idle connection for ("http", 192.168.0.14:8545)
[2m2025-12-10T10:11:58.976140Z[0m [34mDEBUG[0m [2methereum_transaction_pool_monitor::eth_client[0m[2m:[0m 📡 Transaction fetch RPC completed in 9.716333ms
[2m2025-12-10T10:11:59.049871Z[0m [34mDEBUG[0m [2methereum_transaction_pool_monitor::eth_client[0m[2m:[0m ✅ Transaction 0x90a5ca55bf5d10659ce377d122490bde69f35cc3141819656597387a82979617 fetched and parsed in 83.444958ms
[2m2025-12-10T10:11:59.049901Z[0m [34mDEBUG[0m [2methereum_transaction_pool_monitor::mempool_monitor[0m[2m:[0m 🔍 Skipping tx 0x90a5ca55bf5d10659ce377d122490bde69f35cc3141819656597387a82979617 - not a DEX interaction (target: 0xA0b86991c6218b36c1d19D4a2e9Eb0cE3606eB48)
[2m2025-12-10T10:11:59.049945Z[0m [34mDEBUG[0m [2mhyper::client::pool[0m[2m:[0m reuse idle connection for ("http", 192.168.0.14:8545)
[2m2025-12-10T10:11:59.049993Z[0m [34mDEBUG[0m [2mhyper::proto::h1::io[0m[2m:[0m flushed 172 bytes
[2m2025-12-10T10:11:59.055286Z[0m [34mDEBUG[0m [2mhyper::proto::h1::io[0m[2m:[0m parsed 4 headers
[2m2025-12-10T10:11:59.055346Z[0m [34mDEBUG[0m [2mhyper::proto::h1::conn[0m[2m:[0m incoming body is content-length (45 bytes)
[2m2025-12-10T10:11:59.055356Z[0m [34mDEBUG[0m [2mhyper::proto::h1::conn[0m[2m:[0m incoming body completed
[2m2025-12-10T10:11:59.055368Z[0m [34mDEBUG[0m [2mhyper::client::pool[0m[2m:[0m pooling idle connection for ("http", 192.168.0.14:8545)
[2m2025-12-10T10:11:59.097849Z[0m [34mDEBUG[0m [2mhyper::client::pool[0m[2m:[0m reuse idle connection for ("http", 192.168.0.14:8545)
[2m2025-12-10T10:11:59.097893Z[0m [34mDEBUG[0m [2mhyper::proto::h1::io[0m[2m:[0m flushed 172 bytes
[2m2025-12-10T10:11:59.103493Z[0m [34mDEBUG[0m [2methereum_transaction_pool_monitor::eth_client[0m[2m:[0m 📨 Received WebSocket message: {"jsonrpc":"2.0","method":"eth_subscription","params":{"subscription":"0xbed0a0851463e895960a451075a301a9","result":"0x5a8def8f732c13592dc28ea65bea54653a62f6d10ce3f607db36b76acd0c8cd8"}}
[2m2025-12-10T10:11:59.103532Z[0m [34mDEBUG[0m [2methereum_transaction_pool_monitor::eth_client[0m[2m:[0m 📨 Received pending transaction: 0x5a8def8f732c13592dc28ea65bea54653a62f6d10ce3f607db36b76acd0c8cd8
[2m2025-12-10T10:11:59.103541Z[0m [34mDEBUG[0m [2methereum_transaction_pool_monitor::mempool_monitor[0m[2m:[0m 📨 Processing new pending transaction: 0x5a8def8f732c13592dc28ea65bea54653a62f6d10ce3f607db36b76acd0c8cd8
[2m2025-12-10T10:11:59.103547Z[0m [34mDEBUG[0m [2methereum_transaction_pool_monitor::mempool_monitor[0m[2m:[0m 🔍 Fetching transaction details for: 0x5a8def8f732c13592dc28ea65bea54653a62f6d10ce3f607db36b76acd0c8cd8
[2m2025-12-10T10:11:59.103552Z[0m [34mDEBUG[0m [2methereum_transaction_pool_monitor::eth_client[0m[2m:[0m 🔍 Fetching transaction details for hash: 0x5a8def8f732c13592dc28ea65bea54653a62f6d10ce3f607db36b76acd0c8cd8
[2m2025-12-10T10:11:59.103575Z[0m [34mDEBUG[0m [2mhyper::client::pool[0m[2m:[0m reuse idle connection for ("http", 192.168.0.14:8545)
[2m2025-12-10T10:11:59.103596Z[0m [34mDEBUG[0m [2mhyper::proto::h1::io[0m[2m:[0m flushed 250 bytes
[2m2025-12-10T10:11:59.105265Z[0m [34mDEBUG[0m [2mhyper::proto::h1::io[0m[2m:[0m parsed 4 headers
[2m2025-12-10T10:11:59.105287Z[0m [34mDEBUG[0m [2mhyper::proto::h1::conn[0m[2m:[0m incoming body is content-length (45 bytes)
[2m2025-12-10T10:11:59.105311Z[0m [34mDEBUG[0m [2mhyper::proto::h1::conn[0m[2m:[0m incoming body completed
[2m2025-12-10T10:11:59.105321Z[0m [34mDEBUG[0m [2mhyper::client::pool[0m[2m:[0m pooling idle connection for ("http", 192.168.0.14:8545)
[2m2025-12-10T10:11:59.110822Z[0m [34mDEBUG[0m [2mhyper::proto::h1::io[0m[2m:[0m parsed 4 headers
[2m2025-12-10T10:11:59.110830Z[0m [34mDEBUG[0m [2mhyper::proto::h1::conn[0m[2m:[0m incoming body is content-length (3202 bytes)
[2m2025-12-10T10:11:59.110841Z[0m [34mDEBUG[0m [2methereum_transaction_pool_monitor::eth_client[0m[2m:[0m 📡 Transaction fetch RPC completed in 7.284959ms
[2m2025-12-10T10:11:59.115450Z[0m [34mDEBUG[0m [2mhyper::proto::h1::conn[0m[2m:[0m incoming body completed
[2m2025-12-10T10:11:59.115463Z[0m [34mDEBUG[0m [2mhyper::client::pool[0m[2m:[0m pooling idle connection for ("http", 192.168.0.14:8545)
[2m2025-12-10T10:11:59.188436Z[0m [34mDEBUG[0m [2methereum_transaction_pool_monitor::eth_client[0m[2m:[0m ✅ Transaction 0x5a8def8f732c13592dc28ea65bea54653a62f6d10ce3f607db36b76acd0c8cd8 fetched and parsed in 84.876542ms
[2m2025-12-10T10:11:59.188465Z[0m [34mDEBUG[0m [2methereum_transaction_pool_monitor::mempool_monitor[0m[2m:[0m 🔍 Skipping tx 0x5a8def8f732c13592dc28ea65bea54653a62f6d10ce3f607db36b76acd0c8cd8 - not a DEX interaction (target: 0xF6801D319497789f934ec7F83E142a9536312B08)
[2m2025-12-10T10:11:59.190710Z[0m [34mDEBUG[0m [2methereum_transaction_pool_monitor::eth_client[0m[2m:[0m 📨 Received WebSocket message: {"jsonrpc":"2.0","method":"eth_subscription","params":{"subscription":"0xbed0a0851463e895960a451075a301a9","result":"0x10c8faaf7373cc29395785d5b53b2fec35f6fdb8d36a8c956d459c74320f952c"}}
[2m2025-12-10T10:11:59.190724Z[0m [34mDEBUG[0m [2methereum_transaction_pool_monitor::eth_client[0m[2m:[0m 📨 Received pending transaction: 0x10c8faaf7373cc29395785d5b53b2fec35f6fdb8d36a8c956d459c74320f952c
[2m2025-12-10T10:11:59.190734Z[0m [34mDEBUG[0m [2methereum_transaction_pool_monitor::mempool_monitor[0m[2m:[0m 📨 Processing new pending transaction: 0x10c8faaf7373cc29395785d5b53b2fec35f6fdb8d36a8c956d459c74320f952c
[2m2025-12-10T10:11:59.190741Z[0m [34mDEBUG[0m [2methereum_transaction_pool_monitor::mempool_monitor[0m[2m:[0m 🔍 Fetching transaction details for: 0x10c8faaf7373cc29395785d5b53b2fec35f6fdb8d36a8c956d459c74320f952c
[2m2025-12-10T10:11:59.190745Z[0m [34mDEBUG[0m [2methereum_transaction_pool_monitor::eth_client[0m[2m:[0m 🔍 Fetching transaction details for hash: 0x10c8faaf7373cc29395785d5b53b2fec35f6fdb8d36a8c956d459c74320f952c
[2m2025-12-10T10:11:59.190786Z[0m [34mDEBUG[0m [2mhyper::client::pool[0m[2m:[0m reuse idle connection for ("http", 192.168.0.14:8545)
[2m2025-12-10T10:11:59.190825Z[0m [34mDEBUG[0m [2mhyper::proto::h1::io[0m[2m:[0m flushed 250 bytes
[2m2025-12-10T10:11:59.196468Z[0m [34mDEBUG[0m [2mhyper::proto::h1::io[0m[2m:[0m parsed 4 headers
[2m2025-12-10T10:11:59.196476Z[0m [34mDEBUG[0m [2mhyper::proto::h1::conn[0m[2m:[0m incoming body is content-length (2304 bytes)
[2m2025-12-10T10:11:59.196486Z[0m [34mDEBUG[0m [2mhyper::proto::h1::conn[0m[2m:[0m incoming body completed
[2m2025-12-10T10:11:59.196498Z[0m [34mDEBUG[0m [2mhyper::client::pool[0m[2m:[0m pooling idle connection for ("http", 192.168.0.14:8545)
[2m2025-12-10T10:11:59.196506Z[0m [34mDEBUG[0m [2methereum_transaction_pool_monitor::eth_client[0m[2m:[0m 📡 Transaction fetch RPC completed in 5.75675ms
[2m2025-12-10T10:11:59.267868Z[0m [34mDEBUG[0m [2methereum_transaction_pool_monitor::eth_client[0m[2m:[0m ✅ Transaction 0x10c8faaf7373cc29395785d5b53b2fec35f6fdb8d36a8c956d459c74320f952c fetched and parsed in 77.116ms
[2m2025-12-10T10:11:59.267898Z[0m [34mDEBUG[0m [2methereum_transaction_pool_monitor::mempool_monitor[0m[2m:[0m 🔍 Skipping tx 0x10c8faaf7373cc29395785d5b53b2fec35f6fdb8d36a8c956d459c74320f952c - not a DEX interaction (target: 0xe8070a4FE798C0569e20729573DDec558e91a68a)
[2m2025-12-10T10:11:59.267963Z[0m [34mDEBUG[0m [2mhyper::client::pool[0m[2m:[0m reuse idle connection for ("http", 192.168.0.14:8545)
[2m2025-12-10T10:11:59.268013Z[0m [34mDEBUG[0m [2mhyper::proto::h1::io[0m[2m:[0m flushed 172 bytes
[2m2025-12-10T10:11:59.271286Z[0m [34mDEBUG[0m [2mhyper::proto::h1::io[0m[2m:[0m parsed 4 headers
[2m2025-12-10T10:11:59.271300Z[0m [34mDEBUG[0m [2mhyper::proto::h1::conn[0m[2m:[0m incoming body is content-length (45 bytes)
[2m2025-12-10T10:11:59.271307Z[0m [34mDEBUG[0m [2mhyper::proto::h1::conn[0m[2m:[0m incoming body completed
[2m2025-12-10T10:11:59.271316Z[0m [34mDEBUG[0m [2mhyper::client::pool[0m[2m:[0m pooling idle connection for ("http", 192.168.0.14:8545)
[2m2025-12-10T10:11:59.299435Z[0m [34mDEBUG[0m [2mhyper::client::pool[0m[2m:[0m reuse idle connection for ("http", 192.168.0.14:8545)
[2m2025-12-10T10:11:59.299501Z[0m [34mDEBUG[0m [2mhyper::proto::h1::io[0m[2m:[0m flushed 172 bytes
[2m2025-12-10T10:11:59.302210Z[0m [34mDEBUG[0m [2mhyper::proto::h1::io[0m[2m:[0m parsed 4 headers
[2m2025-12-10T10:11:59.302220Z[0m [34mDEBUG[0m [2mhyper::proto::h1::conn[0m[2m:[0m incoming body is content-length (45 bytes)
[2m2025-12-10T10:11:59.302227Z[0m [34mDEBUG[0m [2mhyper::proto::h1::conn[0m[2m:[0m incoming body completed
[2m2025-12-10T10:11:59.302236Z[0m [34mDEBUG[0m [2mhyper::client::pool[0m[2m:[0m pooling idle connection for ("http", 192.168.0.14:8545)
[2m2025-12-10T10:11:59.381116Z[0m [34mDEBUG[0m [2methereum_transaction_pool_monitor::eth_client[0m[2m:[0m 📨 Received WebSocket message: {"jsonrpc":"2.0","method":"eth_subscription","params":{"subscription":"0xbed0a0851463e895960a451075a301a9","result":"0x114d88012ed28140fc98575f0e6770a695381ef597916b06e2c9a12c2476952e"}}
[2m2025-12-10T10:11:59.381137Z[0m [34mDEBUG[0m [2methereum_transaction_pool_monitor::eth_client[0m[2m:[0m 📨 Received pending transaction: 0x114d88012ed28140fc98575f0e6770a695381ef597916b06e2c9a12c2476952e
[2m2025-12-10T10:11:59.381148Z[0m [34mDEBUG[0m [2methereum_transaction_pool_monitor::mempool_monitor[0m[2m:[0m 📨 Processing new pending transaction: 0x114d88012ed28140fc98575f0e6770a695381ef597916b06e2c9a12c2476952e
[2m2025-12-10T10:11:59.381156Z[0m [34mDEBUG[0m [2methereum_transaction_pool_monitor::mempool_monitor[0m[2m:[0m 🔍 Fetching transaction details for: 0x114d88012ed28140fc98575f0e6770a695381ef597916b06e2c9a12c2476952e
[2m2025-12-10T10:11:59.381162Z[0m [34mDEBUG[0m [2methereum_transaction_pool_monitor::eth_client[0m[2m:[0m 🔍 Fetching transaction details for hash: 0x114d88012ed28140fc98575f0e6770a695381ef597916b06e2c9a12c2476952e
[2m2025-12-10T10:11:59.381189Z[0m [34mDEBUG[0m [2mhyper::client::pool[0m[2m:[0m reuse idle connection for ("http", 192.168.0.14:8545)
[2m2025-12-10T10:11:59.381213Z[0m [34mDEBUG[0m [2mhyper::proto::h1::io[0m[2m:[0m flushed 250 bytes
[2m2025-12-10T10:11:59.387691Z[0m [34mDEBUG[0m [2mhyper::proto::h1::io[0m[2m:[0m parsed 4 headers
[2m2025-12-10T10:11:59.388031Z[0m [34mDEBUG[0m [2mhyper::proto::h1::conn[0m[2m:[0m incoming body is content-length (836 bytes)
[2m2025-12-10T10:11:59.388043Z[0m [34mDEBUG[0m [2mhyper::proto::h1::conn[0m[2m:[0m incoming body completed
[2m2025-12-10T10:11:59.388055Z[0m [34mDEBUG[0m [2mhyper::client::pool[0m[2m:[0m pooling idle connection for ("http", 192.168.0.14:8545)
[2m2025-12-10T10:11:59.388065Z[0m [34mDEBUG[0m [2methereum_transaction_pool_monitor::eth_client[0m[2m:[0m 📡 Transaction fetch RPC completed in 6.887875ms
[2m2025-12-10T10:11:59.388085Z[0m [34mDEBUG[0m [2methereum_transaction_pool_monitor::eth_client[0m[2m:[0m DeFi transaction detected - Address: 0xdac17f958d2ee523a2206206994597c13d831ec7, Type: Stablecoin, Value: 0 ETH, Gas: 0.20 Gwei
[2m2025-12-10T10:11:59.388107Z[0m [34mDEBUG[0m [2methereum_transaction_pool_monitor::eth_client[0m[2m:[0m ✅ Transaction 0x114d88012ed28140fc98575f0e6770a695381ef597916b06e2c9a12c2476952e fetched and parsed in 6.929792ms
[2m2025-12-10T10:11:59.388116Z[0m [34mDEBUG[0m [2methereum_transaction_pool_monitor::mempool_monitor[0m[2m:[0m 🔍 Skipping tx 0x114d88012ed28140fc98575f0e6770a695381ef597916b06e2c9a12c2476952e - not a DEX interaction (target: 0xdAC17F958D2ee523a2206206994597C13D831ec7)
[2m2025-12-10T10:11:59.398310Z[0m [34mDEBUG[0m [2mhyper::client::pool[0m[2m:[0m reuse idle connection for ("http", 192.168.0.14:8545)
[2m2025-12-10T10:11:59.398407Z[0m [34mDEBUG[0m [2mhyper::proto::h1::io[0m[2m:[0m flushed 172 bytes
[2m2025-12-10T10:11:59.401448Z[0m [34mDEBUG[0m [2mhyper::proto::h1::io[0m[2m:[0m parsed 4 headers
[2m2025-12-10T10:11:59.401471Z[0m [34mDEBUG[0m [2mhyper::proto::h1::conn[0m[2m:[0m incoming body is content-length (45 bytes)
[2m2025-12-10T10:11:59.401486Z[0m [34mDEBUG[0m [2mhyper::proto::h1::conn[0m[2m:[0m incoming body completed
[2m2025-12-10T10:11:59.401501Z[0m [34mDEBUG[0m [2mhyper::client::pool[0m[2m:[0m pooling idle connection for ("http", 192.168.0.14:8545)
[2m2025-12-10T10:11:59.477089Z[0m [34mDEBUG[0m [2methereum_transaction_pool_monitor::eth_client[0m[2m:[0m 📨 Received WebSocket message: {"jsonrpc":"2.0","method":"eth_subscription","params":{"subscription":"0xbed0a0851463e895960a451075a301a9","result":"0x7f16f9258b6915c4ce0f00188e99459097adb75757bd5eed142bcfcddca5eaf0"}}
[2m2025-12-10T10:11:59.477126Z[0m [34mDEBUG[0m [2methereum_transaction_pool_monitor::eth_client[0m[2m:[0m 📨 Received pending transaction: 0x7f16f9258b6915c4ce0f00188e99459097adb75757bd5eed142bcfcddca5eaf0
[2m2025-12-10T10:11:59.477145Z[0m [34mDEBUG[0m [2methereum_transaction_pool_monitor::mempool_monitor[0m[2m:[0m 📨 Processing new pending transaction: 0x7f16f9258b6915c4ce0f00188e99459097adb75757bd5eed142bcfcddca5eaf0
[2m2025-12-10T10:11:59.477157Z[0m [34mDEBUG[0m [2methereum_transaction_pool_monitor::mempool_monitor[0m[2m:[0m 🔍 Fetching transaction details for: 0x7f16f9258b6915c4ce0f00188e99459097adb75757bd5eed142bcfcddca5eaf0
[2m2025-12-10T10:11:59.477169Z[0m [34mDEBUG[0m [2methereum_transaction_pool_monitor::eth_client[0m[2m:[0m 🔍 Fetching transaction details for hash: 0x7f16f9258b6915c4ce0f00188e99459097adb75757bd5eed142bcfcddca5eaf0
[2m2025-12-10T10:11:59.477206Z[0m [34mDEBUG[0m [2mhyper::client::pool[0m[2m:[0m reuse idle connection for ("http", 192.168.0.14:8545)
[2m2025-12-10T10:11:59.477252Z[0m [34mDEBUG[0m [2mhyper::proto::h1::io[0m[2m:[0m flushed 250 bytes
[2m2025-12-10T10:11:59.481461Z[0m [34mDEBUG[0m [2mhyper::proto::h1::io[0m[2m:[0m parsed 4 headers
[2m2025-12-10T10:11:59.481489Z[0m [34mDEBUG[0m [2mhyper::proto::h1::conn[0m[2m:[0m incoming body is content-length (3462 bytes)
[2m2025-12-10T10:11:59.481509Z[0m [34mDEBUG[0m [2mhyper::proto::h1::conn[0m[2m:[0m incoming body completed
[2m2025-12-10T10:11:59.481532Z[0m [34mDEBUG[0m [2mhyper::client::pool[0m[2m:[0m pooling idle connection for ("http", 192.168.0.14:8545)
[2m2025-12-10T10:11:59.481549Z[0m [34mDEBUG[0m [2methereum_transaction_pool_monitor::eth_client[0m[2m:[0m 📡 Transaction fetch RPC completed in 4.368541ms
[2m2025-12-10T10:11:59.566533Z[0m [34mDEBUG[0m [2methereum_transaction_pool_monitor::eth_client[0m[2m:[0m ✅ Transaction 0x7f16f9258b6915c4ce0f00188e99459097adb75757bd5eed142bcfcddca5eaf0 fetched and parsed in 89.349916ms
[2m2025-12-10T10:11:59.566560Z[0m [34mDEBUG[0m [2methereum_transaction_pool_monitor::mempool_monitor[0m[2m:[0m 🔍 Skipping tx 0x7f16f9258b6915c4ce0f00188e99459097adb75757bd5eed142bcfcddca5eaf0 - not a DEX interaction (target: 0xd98E80C79a15E4dbaF4C40B6cCDF690fe619BFBb)
[2m2025-12-10T10:11:59.566597Z[0m [34mDEBUG[0m [2mhyper::client::pool[0m[2m:[0m reuse idle connection for ("http", 192.168.0.14:8545)
[2m2025-12-10T10:11:59.566640Z[0m [34mDEBUG[0m [2mhyper::proto::h1::io[0m[2m:[0m flushed 172 bytes
[2m2025-12-10T10:11:59.566666Z[0m [34mDEBUG[0m [2methereum_transaction_pool_monitor::eth_client[0m[2m:[0m 📨 Received WebSocket message: {"jsonrpc":"2.0","method":"eth_subscription","params":{"subscription":"0xbed0a0851463e895960a451075a301a9","result":"0x19814d07d5ade65a6da8ef62c16253b2dfcea42d72037d2048100500f746cbce"}}
[2m2025-12-10T10:11:59.566674Z[0m [34mDEBUG[0m [2methereum_transaction_pool_monitor::eth_client[0m[2m:[0m 📨 Received pending transaction: 0x19814d07d5ade65a6da8ef62c16253b2dfcea42d72037d2048100500f746cbce
[2m2025-12-10T10:11:59.566680Z[0m [34mDEBUG[0m [2methereum_transaction_pool_monitor::mempool_monitor[0m[2m:[0m 📨 Processing new pending transaction: 0x19814d07d5ade65a6da8ef62c16253b2dfcea42d72037d2048100500f746cbce
[2m2025-12-10T10:11:59.566685Z[0m [34mDEBUG[0m [2methereum_transaction_pool_monitor::mempool_monitor[0m[2m:[0m 🔍 Fetching transaction details for: 0x19814d07d5ade65a6da8ef62c16253b2dfcea42d72037d2048100500f746cbce
[2m2025-12-10T10:11:59.566689Z[0m [34mDEBUG[0m [2methereum_transaction_pool_monitor::eth_client[0m[2m:[0m 🔍 Fetching transaction details for hash: 0x19814d07d5ade65a6da8ef62c16253b2dfcea42d72037d2048100500f746cbce
[2m2025-12-10T10:11:59.566697Z[0m [34mDEBUG[0m [2mhyper::client::pool[0m[2m:[0m reuse idle connection for ("http", 192.168.0.14:8545)
[2m2025-12-10T10:11:59.566711Z[0m [34mDEBUG[0m [2mhyper::proto::h1::io[0m[2m:[0m flushed 250 bytes
[2m2025-12-10T10:11:59.570476Z[0m [34mDEBUG[0m [2mhyper::proto::h1::io[0m[2m:[0m parsed 4 headers
[2m2025-12-10T10:11:59.570488Z[0m [34mDEBUG[0m [2mhyper::proto::h1::conn[0m[2m:[0m incoming body is content-length (45 bytes)
[2m2025-12-10T10:11:59.570496Z[0m [34mDEBUG[0m [2mhyper::proto::h1::conn[0m[2m:[0m incoming body completed
[2m2025-12-10T10:11:59.570504Z[0m [34mDEBUG[0m [2mhyper::client::pool[0m[2m:[0m pooling idle connection for ("http", 192.168.0.14:8545)
[2m2025-12-10T10:11:59.574993Z[0m [34mDEBUG[0m [2mhyper::proto::h1::io[0m[2m:[0m parsed 4 headers
[2m2025-12-10T10:11:59.575022Z[0m [34mDEBUG[0m [2mhyper::proto::h1::conn[0m[2m:[0m incoming body is content-length (830 bytes)
[2m2025-12-10T10:11:59.575032Z[0m [34mDEBUG[0m [2mhyper::proto::h1::conn[0m[2m:[0m incoming body completed
[2m2025-12-10T10:11:59.575048Z[0m [34mDEBUG[0m [2mhyper::client::pool[0m[2m:[0m pooling idle connection for ("http", 192.168.0.14:8545)
[2m2025-12-10T10:11:59.575057Z[0m [34mDEBUG[0m [2methereum_transaction_pool_monitor::eth_client[0m[2m:[0m 📡 Transaction fetch RPC completed in 8.363292ms
[2m2025-12-10T10:11:59.645949Z[0m [34mDEBUG[0m [2methereum_transaction_pool_monitor::eth_client[0m[2m:[0m ✅ Transaction 0x19814d07d5ade65a6da8ef62c16253b2dfcea42d72037d2048100500f746cbce fetched and parsed in 79.253167ms
[2m2025-12-10T10:11:59.645975Z[0m [34mDEBUG[0m [2methereum_transaction_pool_monitor::mempool_monitor[0m[2m:[0m 🔍 Skipping tx 0x19814d07d5ade65a6da8ef62c16253b2dfcea42d72037d2048100500f746cbce - not a DEX interaction (target: 0x3B4D794a66304F130a4Db8F2551B0070dfCf5ca7)
[2m2025-12-10T10:11:59.646017Z[0m [34mDEBUG[0m [2mhyper::client::pool[0m[2m:[0m reuse idle connection for ("http", 192.168.0.14:8545)
[2m2025-12-10T10:11:59.646040Z[0m [34mDEBUG[0m [2mhyper::proto::h1::io[0m[2m:[0m flushed 172 bytes
[2m2025-12-10T10:11:59.646048Z[0m [34mDEBUG[0m [2methereum_transaction_pool_monitor::eth_client[0m[2m:[0m 📨 Received WebSocket message: {"jsonrpc":"2.0","method":"eth_subscription","params":{"subscription":"0xbed0a0851463e895960a451075a301a9","result":"0x7a7de47664c452f002903cfb77ec0f91662cbca0552b481071795cdb6512b483"}}
[2m2025-12-10T10:11:59.646058Z[0m [34mDEBUG[0m [2methereum_transaction_pool_monitor::eth_client[0m[2m:[0m 📨 Received pending transaction: 0x7a7de47664c452f002903cfb77ec0f91662cbca0552b481071795cdb6512b483
[2m2025-12-10T10:11:59.646065Z[0m [34mDEBUG[0m [2methereum_transaction_pool_monitor::mempool_monitor[0m[2m:[0m 📨 Processing new pending transaction: 0x7a7de47664c452f002903cfb77ec0f91662cbca0552b481071795cdb6512b483
[2m2025-12-10T10:11:59.646093Z[0m [34mDEBUG[0m [2methereum_transaction_pool_monitor::mempool_monitor[0m[2m:[0m 🔍 Fetching transaction details for: 0x7a7de47664c452f002903cfb77ec0f91662cbca0552b481071795cdb6512b483
[2m2025-12-10T10:11:59.646101Z[0m [34mDEBUG[0m [2methereum_transaction_pool_monitor::eth_client[0m[2m:[0m 🔍 Fetching transaction details for hash: 0x7a7de47664c452f002903cfb77ec0f91662cbca0552b481071795cdb6512b483
[2m2025-12-10T10:11:59.646110Z[0m [34mDEBUG[0m [2mhyper::client::pool[0m[2m:[0m reuse idle connection for ("http", 192.168.0.14:8545)
[2m2025-12-10T10:11:59.646125Z[0m [34mDEBUG[0m [2mhyper::proto::h1::io[0m[2m:[0m flushed 250 bytes
[2m2025-12-10T10:11:59.659811Z[0m [34mDEBUG[0m [2mhyper::proto::h1::io[0m[2m:[0m parsed 4 headers
[2m2025-12-10T10:11:59.659843Z[0m [34mDEBUG[0m [2mhyper::proto::h1::conn[0m[2m:[0m incoming body is content-length (45 bytes)
[2m2025-12-10T10:11:59.659856Z[0m [34mDEBUG[0m [2mhyper::proto::h1::conn[0m[2m:[0m incoming body completed
[2m2025-12-10T10:11:59.659881Z[0m [34mDEBUG[0m [2mhyper::client::pool[0m[2m:[0m pooling idle connection for ("http", 192.168.0.14:8545)
[2m2025-12-10T10:11:59.662487Z[0m [34mDEBUG[0m [2mhyper::proto::h1::io[0m[2m:[0m parsed 4 headers
[2m2025-12-10T10:11:59.662489Z[0m [34mDEBUG[0m [2methereum_transaction_pool_monitor::eth_client[0m[2m:[0m 📨 Received WebSocket message: {"jsonrpc":"2.0","method":"eth_subscription","params":{"subscription":"0xbed0a0851463e895960a451075a301a9","result":"0xa46b0b1777db0664c740c812987425328a7bb72c07c03bfc4c5bc87e954bfa97"}}
[2m2025-12-10T10:11:59.662498Z[0m [34mDEBUG[0m [2mhyper::proto::h1::conn[0m[2m:[0m incoming body is content-length (2652 bytes)
[2m2025-12-10T10:11:59.662517Z[0m [34mDEBUG[0m [2mhyper::proto::h1::conn[0m[2m:[0m incoming body completed
[2m2025-12-10T10:11:59.662508Z[0m [34mDEBUG[0m [2methereum_transaction_pool_monitor::eth_client[0m[2m:[0m 📨 Received pending transaction: 0xa46b0b1777db0664c740c812987425328a7bb72c07c03bfc4c5bc87e954bfa97
[2m2025-12-10T10:11:59.662525Z[0m [34mDEBUG[0m [2mhyper::client::pool[0m[2m:[0m pooling idle connection for ("http", 192.168.0.14:8545)
[2m2025-12-10T10:11:59.662542Z[0m [34mDEBUG[0m [2methereum_transaction_pool_monitor::eth_client[0m[2m:[0m 📡 Transaction fetch RPC completed in 16.436167ms
[2m2025-12-10T10:11:59.698056Z[0m [34mDEBUG[0m [2mhyper::client::pool[0m[2m:[0m reuse idle connection for ("http", 192.168.0.14:8545)
[2m2025-12-10T10:11:59.698121Z[0m [34mDEBUG[0m [2mhyper::proto::h1::io[0m[2m:[0m flushed 172 bytes
[2m2025-12-10T10:11:59.701817Z[0m [34mDEBUG[0m [2mhyper::proto::h1::io[0m[2m:[0m parsed 4 headers
[2m2025-12-10T10:11:59.701832Z[0m [34mDEBUG[0m [2mhyper::proto::h1::conn[0m[2m:[0m incoming body is content-length (45 bytes)
[2m2025-12-10T10:11:59.701841Z[0m [34mDEBUG[0m [2mhyper::proto::h1::conn[0m[2m:[0m incoming body completed
[2m2025-12-10T10:11:59.701850Z[0m [34mDEBUG[0m [2mhyper::client::pool[0m[2m:[0m pooling idle connection for ("http", 192.168.0.14:8545)
[2m2025-12-10T10:11:59.734157Z[0m [34mDEBUG[0m [2methereum_transaction_pool_monitor::eth_client[0m[2m:[0m ✅ Transaction 0x7a7de47664c452f002903cfb77ec0f91662cbca0552b481071795cdb6512b483 fetched and parsed in 88.048458ms
[2m2025-12-10T10:11:59.734183Z[0m [34mDEBUG[0m [2methereum_transaction_pool_monitor::mempool_monitor[0m[2m:[0m 🔍 Skipping tx 0x7a7de47664c452f002903cfb77ec0f91662cbca0552b481071795cdb6512b483 - not a DEX interaction (target: 0x47861E0419BE83d0175818a09221B6DF2EFD7793)
[2m2025-12-10T10:11:59.734198Z[0m [34mDEBUG[0m [2methereum_transaction_pool_monitor::mempool_monitor[0m[2m:[0m 📨 Processing new pending transaction: 0xa46b0b1777db0664c740c812987425328a7bb72c07c03bfc4c5bc87e954bfa97
[2m2025-12-10T10:11:59.734204Z[0m [34mDEBUG[0m [2methereum_transaction_pool_monitor::mempool_monitor[0m[2m:[0m 🔍 Fetching transaction details for: 0xa46b0b1777db0664c740c812987425328a7bb72c07c03bfc4c5bc87e954bfa97
[2m2025-12-10T10:11:59.734210Z[0m [34mDEBUG[0m [2methereum_transaction_pool_monitor::eth_client[0m[2m:[0m 🔍 Fetching transaction details for hash: 0xa46b0b1777db0664c740c812987425328a7bb72c07c03bfc4c5bc87e954bfa97
[2m2025-12-10T10:11:59.734232Z[0m [34mDEBUG[0m [2mhyper::client::pool[0m[2m:[0m reuse idle connection for ("http", 192.168.0.14:8545)
[2m2025-12-10T10:11:59.734257Z[0m [34mDEBUG[0m [2mhyper::proto::h1::io[0m[2m:[0m flushed 250 bytes
[2m2025-12-10T10:11:59.744046Z[0m [34mDEBUG[0m [2mhyper::proto::h1::io[0m[2m:[0m parsed 4 headers
[2m2025-12-10T10:11:59.744055Z[0m [34mDEBUG[0m [2mhyper::proto::h1::conn[0m[2m:[0m incoming body is content-length (769 bytes)
[2m2025-12-10T10:11:59.744061Z[0m [34mDEBUG[0m [2mhyper::proto::h1::conn[0m[2m:[0m incoming body completed
[2m2025-12-10T10:11:59.744070Z[0m [34mDEBUG[0m [2mhyper::client::pool[0m[2m:[0m pooling idle connection for ("http", 192.168.0.14:8545)
[2m2025-12-10T10:11:59.744076Z[0m [34mDEBUG[0m [2methereum_transaction_pool_monitor::eth_client[0m[2m:[0m 📡 Transaction fetch RPC completed in 9.86ms
[2m2025-12-10T10:11:59.744089Z[0m [34mDEBUG[0m [2methereum_transaction_pool_monitor::eth_client[0m[2m:[0m DeFi transaction detected - Address: 0xdac17f958d2ee523a2206206994597c13d831ec7, Type: Stablecoin, Value: 0 ETH, Gas: 0.24 Gwei
[2m2025-12-10T10:11:59.744101Z[0m [34mDEBUG[0m [2methereum_transaction_pool_monitor::eth_client[0m[2m:[0m ✅ Transaction 0xa46b0b1777db0664c740c812987425328a7bb72c07c03bfc4c5bc87e954bfa97 fetched and parsed in 9.885458ms
[2m2025-12-10T10:11:59.744107Z[0m [34mDEBUG[0m [2methereum_transaction_pool_monitor::mempool_monitor[0m[2m:[0m 🔍 Skipping tx 0xa46b0b1777db0664c740c812987425328a7bb72c07c03bfc4c5bc87e954bfa97 - not a DEX interaction (target: 0xdAC17F958D2ee523a2206206994597C13D831ec7)
[2m2025-12-10T10:11:59.797645Z[0m [34mDEBUG[0m [2mhyper::client::pool[0m[2m:[0m reuse idle connection for ("http", 192.168.0.14:8545)
[2m2025-12-10T10:11:59.797683Z[0m [34mDEBUG[0m [2mhyper::proto::h1::io[0m[2m:[0m flushed 172 bytes
[2m2025-12-10T10:11:59.800814Z[0m [34mDEBUG[0m [2mhyper::proto::h1::io[0m[2m:[0m parsed 4 headers
[2m2025-12-10T10:11:59.800826Z[0m [34mDEBUG[0m [2mhyper::proto::h1::conn[0m[2m:[0m incoming body is content-length (45 bytes)
[2m2025-12-10T10:11:59.800836Z[0m [34mDEBUG[0m [2mhyper::proto::h1::conn[0m[2m:[0m incoming body completed
[2m2025-12-10T10:11:59.800849Z[0m [34mDEBUG[0m [2mhyper::client::pool[0m[2m:[0m pooling idle connection for ("http", 192.168.0.14:8545)
[2m2025-12-10T10:11:59.900140Z[0m [34mDEBUG[0m [2mhyper::client::pool[0m[2m:[0m reuse idle connection for ("http", 192.168.0.14:8545)
[2m2025-12-10T10:11:59.900198Z[0m [34mDEBUG[0m [2mhyper::proto::h1::io[0m[2m:[0m flushed 172 bytes
[2m2025-12-10T10:11:59.903900Z[0m [34mDEBUG[0m [2mhyper::proto::h1::io[0m[2m:[0m parsed 4 headers
[2m2025-12-10T10:11:59.903944Z[0m [34mDEBUG[0m [2mhyper::proto::h1::conn[0m[2m:[0m incoming body is content-length (45 bytes)
[2m2025-12-10T10:11:59.904024Z[0m [34mDEBUG[0m [2mhyper::proto::h1::conn[0m[2m:[0m incoming body completed
[2m2025-12-10T10:11:59.904047Z[0m [34mDEBUG[0m [2mhyper::client::pool[0m[2m:[0m pooling idle connection for ("http", 192.168.0.14:8545)
[2m2025-12-10T10:11:59.999696Z[0m [34mDEBUG[0m [2mhyper::client::pool[0m[2m:[0m reuse idle connection for ("http", 192.168.0.14:8545)
[2m2025-12-10T10:11:59.999849Z[0m [34mDEBUG[0m [2mhyper::proto::h1::io[0m[2m:[0m flushed 172 bytes
[2m2025-12-10T10:12:00.002795Z[0m [34mDEBUG[0m [2mhyper::proto::h1::io[0m[2m:[0m parsed 4 headers
[2m2025-12-10T10:12:00.002835Z[0m [34mDEBUG[0m [2mhyper::proto::h1::conn[0m[2m:[0m incoming body is content-length (45 bytes)
[2m2025-12-10T10:12:00.002861Z[0m [34mDEBUG[0m [2mhyper::proto::h1::conn[0m[2m:[0m incoming body completed
[2m2025-12-10T10:12:00.002890Z[0m [34mDEBUG[0m [2mhyper::client::pool[0m[2m:[0m pooling idle connection for ("http", 192.168.0.14:8545)
[2m2025-12-10T10:12:00.098304Z[0m [34mDEBUG[0m [2mhyper::client::pool[0m[2m:[0m reuse idle connection for ("http", 192.168.0.14:8545)
[2m2025-12-10T10:12:00.098466Z[0m [34mDEBUG[0m [2mhyper::proto::h1::io[0m[2m:[0m flushed 172 bytes
[2m2025-12-10T10:12:00.102704Z[0m [34mDEBUG[0m [2mhyper::proto::h1::io[0m[2m:[0m parsed 4 headers
[2m2025-12-10T10:12:00.102736Z[0m [34mDEBUG[0m [2mhyper::proto::h1::conn[0m[2m:[0m incoming body is content-length (45 bytes)
[2m2025-12-10T10:12:00.102763Z[0m [34mDEBUG[0m [2mhyper::proto::h1::conn[0m[2m:[0m incoming body completed
[2m2025-12-10T10:12:00.102792Z[0m [34mDEBUG[0m [2mhyper::client::pool[0m[2m:[0m pooling idle connection for ("http", 192.168.0.14:8545)
[2m2025-12-10T10:12:00.116641Z[0m [34mDEBUG[0m [2methereum_transaction_pool_monitor::eth_client[0m[2m:[0m 📨 Received WebSocket message: {"jsonrpc":"2.0","method":"eth_subscription","params":{"subscription":"0xbed0a0851463e895960a451075a301a9","result":"0x3b67483a23d7eba006ad1b6e189d6bc780def525b05a5d4082c00efec39e2c9a"}}
[2m2025-12-10T10:12:00.118675Z[0m [34mDEBUG[0m [2methereum_transaction_pool_monitor::eth_client[0m[2m:[0m 📨 Received pending transaction: 0x3b67483a23d7eba006ad1b6e189d6bc780def525b05a5d4082c00efec39e2c9a
[2m2025-12-10T10:12:00.118718Z[0m [34mDEBUG[0m [2methereum_transaction_pool_monitor::mempool_monitor[0m[2m:[0m 📨 Processing new pending transaction: 0x3b67483a23d7eba006ad1b6e189d6bc780def525b05a5d4082c00efec39e2c9a
[2m2025-12-10T10:12:00.118740Z[0m [34mDEBUG[0m [2methereum_transaction_pool_monitor::mempool_monitor[0m[2m:[0m 🔍 Fetching transaction details for: 0x3b67483a23d7eba006ad1b6e189d6bc780def525b05a5d4082c00efec39e2c9a
[2m2025-12-10T10:12:00.118758Z[0m [34mDEBUG[0m [2methereum_transaction_pool_monitor::eth_client[0m[2m:[0m 🔍 Fetching transaction details for hash: 0x3b67483a23d7eba006ad1b6e189d6bc780def525b05a5d4082c00efec39e2c9a
[2m2025-12-10T10:12:00.118837Z[0m [34mDEBUG[0m [2mhyper::client::pool[0m[2m:[0m reuse idle connection for ("http", 192.168.0.14:8545)
[2m2025-12-10T10:12:00.118972Z[0m [34mDEBUG[0m [2mhyper::proto::h1::io[0m[2m:[0m flushed 250 bytes
[2m2025-12-10T10:12:00.129445Z[0m [34mDEBUG[0m [2mhyper::proto::h1::io[0m[2m:[0m parsed 4 headers
[2m2025-12-10T10:12:00.129487Z[0m [34mDEBUG[0m [2mhyper::proto::h1::conn[0m[2m:[0m incoming body is content-length (649 bytes)
[2m2025-12-10T10:12:00.129520Z[0m [34mDEBUG[0m [2mhyper::proto::h1::conn[0m[2m:[0m incoming body completed
[2m2025-12-10T10:12:00.129560Z[0m [34mDEBUG[0m [2mhyper::client::pool[0m[2m:[0m pooling idle connection for ("http", 192.168.0.14:8545)
[2m2025-12-10T10:12:00.129592Z[0m [34mDEBUG[0m [2methereum_transaction_pool_monitor::eth_client[0m[2m:[0m 📡 Transaction fetch RPC completed in 10.817167ms
[2m2025-12-10T10:12:00.228938Z[0m [34mDEBUG[0m [2methereum_transaction_pool_monitor::eth_client[0m[2m:[0m ✅ Transaction 0x3b67483a23d7eba006ad1b6e189d6bc780def525b05a5d4082c00efec39e2c9a fetched and parsed in 110.161292ms
[2m2025-12-10T10:12:00.228968Z[0m [34mDEBUG[0m [2methereum_transaction_pool_monitor::mempool_monitor[0m[2m:[0m 🔍 Skipping tx 0x3b67483a23d7eba006ad1b6e189d6bc780def525b05a5d4082c00efec39e2c9a - not a DEX interaction (target: 0xFD830BA11b316c0F637E7e93d7DED648874ab04B)
[2m2025-12-10T10:12:00.229005Z[0m [34mDEBUG[0m [2mhyper::client::pool[0m[2m:[0m reuse idle connection for ("http", 192.168.0.14:8545)
[2m2025-12-10T10:12:00.229032Z[0m [34mDEBUG[0m [2mhyper::proto::h1::io[0m[2m:[0m flushed 172 bytes
[2m2025-12-10T10:12:00.229032Z[0m [34mDEBUG[0m [2methereum_transaction_pool_monitor::eth_client[0m[2m:[0m 📨 Received WebSocket message: {"jsonrpc":"2.0","method":"eth_subscription","params":{"subscription":"0xbed0a0851463e895960a451075a301a9","result":"0x6f2dea8c44b0aacad94dd9b75ef9872702dfee675d20b22ea8e04061cbd59c37"}}
[2m2025-12-10T10:12:00.229056Z[0m [34mDEBUG[0m [2methereum_transaction_pool_monitor::eth_client[0m[2m:[0m 📨 Received pending transaction: 0x6f2dea8c44b0aacad94dd9b75ef9872702dfee675d20b22ea8e04061cbd59c37
[2m2025-12-10T10:12:00.229069Z[0m [34mDEBUG[0m [2methereum_transaction_pool_monitor::mempool_monitor[0m[2m:[0m 📨 Processing new pending transaction: 0x6f2dea8c44b0aacad94dd9b75ef9872702dfee675d20b22ea8e04061cbd59c37
[2m2025-12-10T10:12:00.229080Z[0m [34mDEBUG[0m [2methereum_transaction_pool_monitor::mempool_monitor[0m[2m:[0m 🔍 Fetching transaction details for: 0x6f2dea8c44b0aacad94dd9b75ef9872702dfee675d20b22ea8e04061cbd59c37
[2m2025-12-10T10:12:00.229089Z[0m [34mDEBUG[0m [2methereum_transaction_pool_monitor::eth_client[0m[2m:[0m 🔍 Fetching transaction details for hash: 0x6f2dea8c44b0aacad94dd9b75ef9872702dfee675d20b22ea8e04061cbd59c37
[2m2025-12-10T10:12:00.229108Z[0m [34mDEBUG[0m [2mhyper::client::pool[0m[2m:[0m reuse idle connection for ("http", 192.168.0.14:8545)
[2m2025-12-10T10:12:00.229128Z[0m [34mDEBUG[0m [2mhyper::proto::h1::io[0m[2m:[0m flushed 250 bytes
[2m2025-12-10T10:12:00.230565Z[0m [34mDEBUG[0m [2methereum_transaction_pool_monitor::eth_client[0m[2m:[0m 📨 Received WebSocket message: {"jsonrpc":"2.0","method":"eth_subscription","params":{"subscription":"0xbed0a0851463e895960a451075a301a9","result":"0xb9e43d60beb49df35f59b9025d6a1c9d4c929be6ff4facef1b67a0604595662e"}}
[2m2025-12-10T10:12:00.230594Z[0m [34mDEBUG[0m [2methereum_transaction_pool_monitor::eth_client[0m[2m:[0m 📨 Received pending transaction: 0xb9e43d60beb49df35f59b9025d6a1c9d4c929be6ff4facef1b67a0604595662e
[2m2025-12-10T10:12:00.232626Z[0m [34mDEBUG[0m [2mhyper::proto::h1::io[0m[2m:[0m parsed 4 headers
[2m2025-12-10T10:12:00.232650Z[0m [34mDEBUG[0m [2mhyper::proto::h1::conn[0m[2m:[0m incoming body is content-length (45 bytes)
[2m2025-12-10T10:12:00.232676Z[0m [34mDEBUG[0m [2mhyper::proto::h1::conn[0m[2m:[0m incoming body completed
[2m2025-12-10T10:12:00.232686Z[0m [34mDEBUG[0m [2mhyper::client::pool[0m[2m:[0m pooling idle connection for ("http", 192.168.0.14:8545)
[2m2025-12-10T10:12:00.233471Z[0m [34mDEBUG[0m [2mhyper::proto::h1::io[0m[2m:[0m parsed 4 headers
[2m2025-12-10T10:12:00.233477Z[0m [34mDEBUG[0m [2mhyper::proto::h1::conn[0m[2m:[0m incoming body is content-length (550 bytes)
[2m2025-12-10T10:12:00.233481Z[0m [34mDEBUG[0m [2mhyper::proto::h1::conn[0m[2m:[0m incoming body completed
[2m2025-12-10T10:12:00.233486Z[0m [34mDEBUG[0m [2mhyper::client::pool[0m[2m:[0m pooling idle connection for ("http", 192.168.0.14:8545)
[2m2025-12-10T10:12:00.233490Z[0m [34mDEBUG[0m [2methereum_transaction_pool_monitor::eth_client[0m[2m:[0m 📡 Transaction fetch RPC completed in 4.388375ms
[2m2025-12-10T10:12:00.304446Z[0m [34mDEBUG[0m [2methereum_transaction_pool_monitor::eth_client[0m[2m:[0m ✅ Transaction 0x6f2dea8c44b0aacad94dd9b75ef9872702dfee675d20b22ea8e04061cbd59c37 fetched and parsed in 75.342417ms
[2m2025-12-10T10:12:00.304473Z[0m [34mDEBUG[0m [2methereum_transaction_pool_monitor::mempool_monitor[0m[2m:[0m 🔍 Skipping tx 0x6f2dea8c44b0aacad94dd9b75ef9872702dfee675d20b22ea8e04061cbd59c37 - not a DEX interaction (target: 0xC3A807FF9B83b27Df128Df5A0bcBf212Eb3FF931)
[2m2025-12-10T10:12:00.304484Z[0m [34mDEBUG[0m [2methereum_transaction_pool_monitor::mempool_monitor[0m[2m:[0m 📨 Processing new pending transaction: 0xb9e43d60beb49df35f59b9025d6a1c9d4c929be6ff4facef1b67a0604595662e
[2m2025-12-10T10:12:00.304491Z[0m [34mDEBUG[0m [2methereum_transaction_pool_monitor::mempool_monitor[0m[2m:[0m 🔍 Fetching transaction details for: 0xb9e43d60beb49df35f59b9025d6a1c9d4c929be6ff4facef1b67a0604595662e
[2m2025-12-10T10:12:00.304498Z[0m [34mDEBUG[0m [2methereum_transaction_pool_monitor::eth_client[0m[2m:[0m 🔍 Fetching transaction details for hash: 0xb9e43d60beb49df35f59b9025d6a1c9d4c929be6ff4facef1b67a0604595662e
[2m2025-12-10T10:12:00.304516Z[0m [34mDEBUG[0m [2mhyper::client::pool[0m[2m:[0m reuse idle connection for ("http", 192.168.0.14:8545)
[2m2025-12-10T10:12:00.304552Z[0m [34mDEBUG[0m [2mhyper::proto::h1::io[0m[2m:[0m flushed 250 bytes
[2m2025-12-10T10:12:00.304572Z[0m [34mDEBUG[0m [2mhyper::client::pool[0m[2m:[0m reuse idle connection for ("http", 192.168.0.14:8545)
[2m2025-12-10T10:12:00.304586Z[0m [34mDEBUG[0m [2mhyper::proto::h1::io[0m[2m:[0m flushed 172 bytes
[2m2025-12-10T10:12:00.304603Z[0m [34mDEBUG[0m [2methereum_transaction_pool_monitor::eth_client[0m[2m:[0m 📨 Received WebSocket message: {"jsonrpc":"2.0","method":"eth_subscription","params":{"subscription":"0xbed0a0851463e895960a451075a301a9","result":"0x539de18118460a68e662421d7b6e57f784ee43b564870ff36320e1ab19edca6a"}}
[2m2025-12-10T10:12:00.304612Z[0m [34mDEBUG[0m [2methereum_transaction_pool_monitor::eth_client[0m[2m:[0m 📨 Received pending transaction: 0x539de18118460a68e662421d7b6e57f784ee43b564870ff36320e1ab19edca6a
[2m2025-12-10T10:12:00.304620Z[0m [34mDEBUG[0m [2methereum_transaction_pool_monitor::eth_client[0m[2m:[0m 📨 Received WebSocket message: {"jsonrpc":"2.0","method":"eth_subscription","params":{"subscription":"0xbed0a0851463e895960a451075a301a9","result":"0x26e3b2f499fa623eee9d47763c0ba2dabbb64509b5d65241fafa019519b0d42f"}}
[2m2025-12-10T10:12:00.304626Z[0m [34mDEBUG[0m [2methereum_transaction_pool_monitor::eth_client[0m[2m:[0m 📨 Received pending transaction: 0x26e3b2f499fa623eee9d47763c0ba2dabbb64509b5d65241fafa019519b0d42f
[2m2025-12-10T10:12:00.316846Z[0m [34mDEBUG[0m [2mhyper::proto::h1::io[0m[2m:[0m parsed 4 headers
[2m2025-12-10T10:12:00.316876Z[0m [34mDEBUG[0m [2mhyper::proto::h1::conn[0m[2m:[0m incoming body is content-length (640 bytes)
[2m2025-12-10T10:12:00.316896Z[0m [34mDEBUG[0m [2mhyper::proto::h1::conn[0m[2m:[0m incoming body completed
[2m2025-12-10T10:12:00.316920Z[0m [34mDEBUG[0m [2mhyper::client::pool[0m[2m:[0m pooling idle connection for ("http", 192.168.0.14:8545)
[2m2025-12-10T10:12:00.316927Z[0m [34mDEBUG[0m [2methereum_transaction_pool_monitor::eth_client[0m[2m:[0m 📡 Transaction fetch RPC completed in 12.425042ms
[2m2025-12-10T10:12:00.387936Z[0m [34mDEBUG[0m [2methereum_transaction_pool_monitor::eth_client[0m[2m:[0m ✅ Transaction 0xb9e43d60beb49df35f59b9025d6a1c9d4c929be6ff4facef1b67a0604595662e fetched and parsed in 83.432042ms
[2m2025-12-10T10:12:00.387965Z[0m [34mDEBUG[0m [2methereum_transaction_pool_monitor::mempool_monitor[0m[2m:[0m 🔍 Skipping tx 0xb9e43d60beb49df35f59b9025d6a1c9d4c929be6ff4facef1b67a0604595662e - not a DEX interaction (target: 0x66B0fA76A0F54A04Ffb7Bf1bEd1e1B009AF9C908)
[2m2025-12-10T10:12:00.387976Z[0m [34mDEBUG[0m [2methereum_transaction_pool_monitor::mempool_monitor[0m[2m:[0m 📨 Processing new pending transaction: 0x539de18118460a68e662421d7b6e57f784ee43b564870ff36320e1ab19edca6a
[2m2025-12-10T10:12:00.387990Z[0m [34mDEBUG[0m [2methereum_transaction_pool_monitor::mempool_monitor[0m[2m:[0m 🔍 Fetching transaction details for: 0x539de18118460a68e662421d7b6e57f784ee43b564870ff36320e1ab19edca6a
[2m2025-12-10T10:12:00.387997Z[0m [34mDEBUG[0m [2methereum_transaction_pool_monitor::eth_client[0m[2m:[0m 🔍 Fetching transaction details for hash: 0x539de18118460a68e662421d7b6e57f784ee43b564870ff36320e1ab19edca6a
[2m2025-12-10T10:12:00.388019Z[0m [34mDEBUG[0m [2mhyper::client::pool[0m[2m:[0m reuse idle connection for ("http", 192.168.0.14:8545)
[2m2025-12-10T10:12:00.388048Z[0m [34mDEBUG[0m [2mhyper::proto::h1::io[0m[2m:[0m flushed 250 bytes
[2m2025-12-10T10:12:00.388068Z[0m [34mDEBUG[0m [2mhyper::proto::h1::io[0m[2m:[0m parsed 4 headers
[2m2025-12-10T10:12:00.388085Z[0m [34mDEBUG[0m [2mhyper::proto::h1::conn[0m[2m:[0m incoming body is content-length (45 bytes)
[2m2025-12-10T10:12:00.388097Z[0m [34mDEBUG[0m [2mhyper::proto::h1::conn[0m[2m:[0m incoming body completed
[2m2025-12-10T10:12:00.388111Z[0m [34mDEBUG[0m [2mhyper::client::pool[0m[2m:[0m pooling idle connection for ("http", 192.168.0.14:8545)
[2m2025-12-10T10:12:00.397219Z[0m [34mDEBUG[0m [2mhyper::client::pool[0m[2m:[0m reuse idle connection for ("http", 192.168.0.14:8545)
[2m2025-12-10T10:12:00.397238Z[0m [34mDEBUG[0m [2mhyper::proto::h1::io[0m[2m:[0m parsed 4 headers
[2m2025-12-10T10:12:00.397261Z[0m [34mDEBUG[0m [2mhyper::proto::h1::conn[0m[2m:[0m incoming body is content-length (7814 bytes)
[2m2025-12-10T10:12:00.397271Z[0m [34mDEBUG[0m [2mhyper::proto::h1::io[0m[2m:[0m flushed 172 bytes
[2m2025-12-10T10:12:00.397286Z[0m [34mDEBUG[0m [2methereum_transaction_pool_monitor::eth_client[0m[2m:[0m 📡 Transaction fetch RPC completed in 9.282625ms
[2m2025-12-10T10:12:00.400967Z[0m [34mDEBUG[0m [2mhyper::proto::h1::conn[0m[2m:[0m incoming body completed
[2m2025-12-10T10:12:00.400977Z[0m [34mDEBUG[0m [2mhyper::client::pool[0m[2m:[0m pooling idle connection for ("http", 192.168.0.14:8545)
[2m2025-12-10T10:12:00.403672Z[0m [34mDEBUG[0m [2mhyper::proto::h1::io[0m[2m:[0m parsed 4 headers
[2m2025-12-10T10:12:00.403678Z[0m [34mDEBUG[0m [2mhyper::proto::h1::conn[0m[2m:[0m incoming body is content-length (45 bytes)
[2m2025-12-10T10:12:00.403683Z[0m [34mDEBUG[0m [2mhyper::proto::h1::conn[0m[2m:[0m incoming body completed
[2m2025-12-10T10:12:00.403689Z[0m [34mDEBUG[0m [2mhyper::client::pool[0m[2m:[0m pooling idle connection for ("http", 192.168.0.14:8545)
[2m2025-12-10T10:12:00.472058Z[0m [34mDEBUG[0m [2methereum_transaction_pool_monitor::eth_client[0m[2m:[0m ✅ Transaction 0x539de18118460a68e662421d7b6e57f784ee43b564870ff36320e1ab19edca6a fetched and parsed in 84.051875ms
[2m2025-12-10T10:12:00.472085Z[0m [34mDEBUG[0m [2methereum_transaction_pool_monitor::mempool_monitor[0m[2m:[0m 🔍 Skipping tx 0x539de18118460a68e662421d7b6e57f784ee43b564870ff36320e1ab19edca6a - not a DEX interaction (target: 0x5c7BCd6E7De5423a257D81B442095A1a6ced35C5)
[2m2025-12-10T10:12:00.472095Z[0m [34mDEBUG[0m [2methereum_transaction_pool_monitor::mempool_monitor[0m[2m:[0m 📨 Processing new pending transaction: 0x26e3b2f499fa623eee9d47763c0ba2dabbb64509b5d65241fafa019519b0d42f
[2m2025-12-10T10:12:00.472102Z[0m [34mDEBUG[0m [2methereum_transaction_pool_monitor::mempool_monitor[0m[2m:[0m 🔍 Fetching transaction details for: 0x26e3b2f499fa623eee9d47763c0ba2dabbb64509b5d65241fafa019519b0d42f
[2m2025-12-10T10:12:00.472108Z[0m [34mDEBUG[0m [2methereum_transaction_pool_monitor::eth_client[0m[2m:[0m 🔍 Fetching transaction details for hash: 0x26e3b2f499fa623eee9d47763c0ba2dabbb64509b5d65241fafa019519b0d42f
[2m2025-12-10T10:12:00.472126Z[0m [34mDEBUG[0m [2mhyper::client::pool[0m[2m:[0m reuse idle connection for ("http", 192.168.0.14:8545)
[2m2025-12-10T10:12:00.472171Z[0m [34mDEBUG[0m [2mhyper::proto::h1::io[0m[2m:[0m flushed 250 bytes
[2m2025-12-10T10:12:00.487154Z[0m [34mDEBUG[0m [2mhyper::proto::h1::io[0m[2m:[0m parsed 4 headers
[2m2025-12-10T10:12:00.487161Z[0m [34mDEBUG[0m [2mhyper::proto::h1::conn[0m[2m:[0m incoming body is content-length (830 bytes)
[2m2025-12-10T10:12:00.487168Z[0m [34mDEBUG[0m [2mhyper::proto::h1::conn[0m[2m:[0m incoming body completed
[2m2025-12-10T10:12:00.487423Z[0m [34mDEBUG[0m [2mhyper::client::pool[0m[2m:[0m pooling idle connection for ("http", 192.168.0.14:8545)
[2m2025-12-10T10:12:00.487431Z[0m [34mDEBUG[0m [2methereum_transaction_pool_monitor::eth_client[0m[2m:[0m 📡 Transaction fetch RPC completed in 15.31775ms
[2m2025-12-10T10:12:00.554544Z[0m [34mDEBUG[0m [2methereum_transaction_pool_monitor::eth_client[0m[2m:[0m ✅ Transaction 0x26e3b2f499fa623eee9d47763c0ba2dabbb64509b5d65241fafa019519b0d42f fetched and parsed in 82.428917ms
[2m2025-12-10T10:12:00.554562Z[0m [34mDEBUG[0m [2methereum_transaction_pool_monitor::mempool_monitor[0m[2m:[0m 🔍 Skipping tx 0x26e3b2f499fa623eee9d47763c0ba2dabbb64509b5d65241fafa019519b0d42f - not a DEX interaction (target: 0x3B4D794a66304F130a4Db8F2551B0070dfCf5ca7)
[2m2025-12-10T10:12:00.554596Z[0m [34mDEBUG[0m [2mhyper::client::pool[0m[2m:[0m reuse idle connection for ("http", 192.168.0.14:8545)
[2m2025-12-10T10:12:00.554597Z[0m [34mDEBUG[0m [2methereum_transaction_pool_monitor::eth_client[0m[2m:[0m 📨 Received WebSocket message: {"jsonrpc":"2.0","method":"eth_subscription","params":{"subscription":"0xbed0a0851463e895960a451075a301a9","result":"0x8905fc02894df9178b1670d6d2766fa87729fa24270125ea596b126a0922cd7b"}}
[2m2025-12-10T10:12:00.554611Z[0m [34mDEBUG[0m [2methereum_transaction_pool_monitor::eth_client[0m[2m:[0m 📨 Received pending transaction: 0x8905fc02894df9178b1670d6d2766fa87729fa24270125ea596b126a0922cd7b
[2m2025-12-10T10:12:00.554617Z[0m [34mDEBUG[0m [2methereum_transaction_pool_monitor::mempool_monitor[0m[2m:[0m 📨 Processing new pending transaction: 0x8905fc02894df9178b1670d6d2766fa87729fa24270125ea596b126a0922cd7b
[2m2025-12-10T10:12:00.554619Z[0m [34mDEBUG[0m [2mhyper::proto::h1::io[0m[2m:[0m flushed 172 bytes
[2m2025-12-10T10:12:00.554624Z[0m [34mDEBUG[0m [2methereum_transaction_pool_monitor::mempool_monitor[0m[2m:[0m 🔍 Fetching transaction details for: 0x8905fc02894df9178b1670d6d2766fa87729fa24270125ea596b126a0922cd7b
[2m2025-12-10T10:12:00.554639Z[0m [34mDEBUG[0m [2methereum_transaction_pool_monitor::eth_client[0m[2m:[0m 🔍 Fetching transaction details for hash: 0x8905fc02894df9178b1670d6d2766fa87729fa24270125ea596b126a0922cd7b
[2m2025-12-10T10:12:00.554647Z[0m [34mDEBUG[0m [2mhyper::client::pool[0m[2m:[0m reuse idle connection for ("http", 192.168.0.14:8545)
[2m2025-12-10T10:12:00.554659Z[0m [34mDEBUG[0m [2mhyper::proto::h1::io[0m[2m:[0m flushed 250 bytes
[2m2025-12-10T10:12:00.564152Z[0m [34mDEBUG[0m [2mhyper::proto::h1::io[0m[2m:[0m parsed 4 headers
[2m2025-12-10T10:12:00.564172Z[0m [34mDEBUG[0m [2mhyper::proto::h1::io[0m[2m:[0m parsed 4 headers
[2m2025-12-10T10:12:00.564192Z[0m [34mDEBUG[0m [2mhyper::proto::h1::conn[0m[2m:[0m incoming body is content-length (557 bytes)
[2m2025-12-10T10:12:00.564197Z[0m [34mDEBUG[0m [2mhyper::proto::h1::conn[0m[2m:[0m incoming body is content-length (45 bytes)
[2m2025-12-10T10:12:00.564204Z[0m [34mDEBUG[0m [2mhyper::proto::h1::conn[0m[2m:[0m incoming body completed
[2m2025-12-10T10:12:00.564207Z[0m [34mDEBUG[0m [2mhyper::proto::h1::conn[0m[2m:[0m incoming body completed
[2m2025-12-10T10:12:00.564217Z[0m [34mDEBUG[0m [2mhyper::client::pool[0m[2m:[0m pooling idle connection for ("http", 192.168.0.14:8545)
[2m2025-12-10T10:12:00.564220Z[0m [34mDEBUG[0m [2mhyper::client::pool[0m[2m:[0m pooling idle connection for ("http", 192.168.0.14:8545)
[2m2025-12-10T10:12:00.564226Z[0m [34mDEBUG[0m [2methereum_transaction_pool_monitor::eth_client[0m[2m:[0m 📡 Transaction fetch RPC completed in 9.583ms
[2m2025-12-10T10:12:00.582273Z[0m [34mDEBUG[0m [2methereum_transaction_pool_monitor::eth_client[0m[2m:[0m 📨 Received WebSocket message: {"jsonrpc":"2.0","method":"eth_subscription","params":{"subscription":"0xbed0a0851463e895960a451075a301a9","result":"0x4fb22d8b9168b471a688a4bb1e34a3afa1d0e48794522310856a8636c144f2d3"}}
[2m2025-12-10T10:12:00.582295Z[0m [34mDEBUG[0m [2methereum_transaction_pool_monitor::eth_client[0m[2m:[0m 📨 Received pending transaction: 0x4fb22d8b9168b471a688a4bb1e34a3afa1d0e48794522310856a8636c144f2d3
[2m2025-12-10T10:12:00.599328Z[0m [34mDEBUG[0m [2mhyper::client::pool[0m[2m:[0m reuse idle connection for ("http", 192.168.0.14:8545)
[2m2025-12-10T10:12:00.599377Z[0m [34mDEBUG[0m [2mhyper::proto::h1::io[0m[2m:[0m flushed 172 bytes
[2m2025-12-10T10:12:00.603484Z[0m [34mDEBUG[0m [2mhyper::proto::h1::io[0m[2m:[0m parsed 4 headers
[2m2025-12-10T10:12:00.603491Z[0m [34mDEBUG[0m [2mhyper::proto::h1::conn[0m[2m:[0m incoming body is content-length (45 bytes)
[2m2025-12-10T10:12:00.603498Z[0m [34mDEBUG[0m [2mhyper::proto::h1::conn[0m[2m:[0m incoming body completed
[2m2025-12-10T10:12:00.603506Z[0m [34mDEBUG[0m [2mhyper::client::pool[0m[2m:[0m pooling idle connection for ("http", 192.168.0.14:8545)
[2m2025-12-10T10:12:00.635730Z[0m [34mDEBUG[0m [2methereum_transaction_pool_monitor::eth_client[0m[2m:[0m ✅ Transaction 0x8905fc02894df9178b1670d6d2766fa87729fa24270125ea596b126a0922cd7b fetched and parsed in 81.085166ms
[2m2025-12-10T10:12:00.635753Z[0m [34mDEBUG[0m [2methereum_transaction_pool_monitor::mempool_monitor[0m[2m:[0m 🔍 Skipping tx 0x8905fc02894df9178b1670d6d2766fa87729fa24270125ea596b126a0922cd7b - not a DEX interaction (target: 0x4356FF583413836CE64FE99dd8b3eF452D9AdD96)
[2m2025-12-10T10:12:00.635764Z[0m [34mDEBUG[0m [2methereum_transaction_pool_monitor::mempool_monitor[0m[2m:[0m 📨 Processing new pending transaction: 0x4fb22d8b9168b471a688a4bb1e34a3afa1d0e48794522310856a8636c144f2d3
[2m2025-12-10T10:12:00.635769Z[0m [34mDEBUG[0m [2methereum_transaction_pool_monitor::mempool_monitor[0m[2m:[0m 🔍 Fetching transaction details for: 0x4fb22d8b9168b471a688a4bb1e34a3afa1d0e48794522310856a8636c144f2d3
[2m2025-12-10T10:12:00.635773Z[0m [34mDEBUG[0m [2methereum_transaction_pool_monitor::eth_client[0m[2m:[0m 🔍 Fetching transaction details for hash: 0x4fb22d8b9168b471a688a4bb1e34a3afa1d0e48794522310856a8636c144f2d3
[2m2025-12-10T10:12:00.635791Z[0m [34mDEBUG[0m [2mhyper::client::pool[0m[2m:[0m reuse idle connection for ("http", 192.168.0.14:8545)
[2m2025-12-10T10:12:00.635816Z[0m [34mDEBUG[0m [2mhyper::proto::h1::io[0m[2m:[0m flushed 250 bytes
[2m2025-12-10T10:12:00.645790Z[0m [34mDEBUG[0m [2mhyper::proto::h1::io[0m[2m:[0m parsed 4 headers
[2m2025-12-10T10:12:00.645814Z[0m [34mDEBUG[0m [2mhyper::proto::h1::conn[0m[2m:[0m incoming body is content-length (771 bytes)
[2m2025-12-10T10:12:00.645836Z[0m [34mDEBUG[0m [2mhyper::proto::h1::conn[0m[2m:[0m incoming body completed
[2m2025-12-10T10:12:00.645848Z[0m [34mDEBUG[0m [2mhyper::client::pool[0m[2m:[0m pooling idle connection for ("http", 192.168.0.14:8545)
[2m2025-12-10T10:12:00.645866Z[0m [34mDEBUG[0m [2methereum_transaction_pool_monitor::eth_client[0m[2m:[0m 📡 Transaction fetch RPC completed in 10.088333ms
[2m2025-12-10T10:12:00.716225Z[0m [34mDEBUG[0m [2methereum_transaction_pool_monitor::eth_client[0m[2m:[0m ✅ Transaction 0x4fb22d8b9168b471a688a4bb1e34a3afa1d0e48794522310856a8636c144f2d3 fetched and parsed in 80.444625ms
[2m2025-12-10T10:12:00.716250Z[0m [34mDEBUG[0m [2methereum_transaction_pool_monitor::mempool_monitor[0m[2m:[0m 🔍 Skipping tx 0x4fb22d8b9168b471a688a4bb1e34a3afa1d0e48794522310856a8636c144f2d3 - not a DEX interaction (target: 0xB8f28C60dD8240141185a192fa4156A23E189305)
[2m2025-12-10T10:12:00.716287Z[0m [34mDEBUG[0m [2mhyper::client::pool[0m[2m:[0m reuse idle connection for ("http", 192.168.0.14:8545)
[2m2025-12-10T10:12:00.716305Z[0m [34mDEBUG[0m [2methereum_transaction_pool_monitor::eth_client[0m[2m:[0m 📨 Received WebSocket message: {"jsonrpc":"2.0","method":"eth_subscription","params":{"subscription":"0xbed0a0851463e895960a451075a301a9","result":"0xf0ebbcbc3bbdec077a11853d7d83e7332383561ab04a510dfc6d5bf150428b38"}}
[2m2025-12-10T10:12:00.716317Z[0m [34mDEBUG[0m [2methereum_transaction_pool_monitor::eth_client[0m[2m:[0m 📨 Received pending transaction: 0xf0ebbcbc3bbdec077a11853d7d83e7332383561ab04a510dfc6d5bf150428b38
[2m2025-12-10T10:12:00.716308Z[0m [34mDEBUG[0m [2mhyper::proto::h1::io[0m[2m:[0m flushed 172 bytes
[2m2025-12-10T10:12:00.716328Z[0m [34mDEBUG[0m [2methereum_transaction_pool_monitor::eth_client[0m[2m:[0m 📨 Received WebSocket message: {"jsonrpc":"2.0","method":"eth_subscription","params":{"subscription":"0xbed0a0851463e895960a451075a301a9","result":"0x6c4d680fe4afc2163d8c0bd0394fffe6a93a1beb9e79456bf778d060d12f57cf"}}
[2m2025-12-10T10:12:00.716336Z[0m [34mDEBUG[0m [2methereum_transaction_pool_monitor::eth_client[0m[2m:[0m 📨 Received pending transaction: 0x6c4d680fe4afc2163d8c0bd0394fffe6a93a1beb9e79456bf778d060d12f57cf
[2m2025-12-10T10:12:00.716343Z[0m [34mDEBUG[0m [2methereum_transaction_pool_monitor::eth_client[0m[2m:[0m 📨 Received WebSocket message: {"jsonrpc":"2.0","method":"eth_subscription","params":{"subscription":"0xbed0a0851463e895960a451075a301a9","result":"0xda2eccf9e9dab054442397e452b557056c78339b435b705ac26f04ab9534ac5a"}}
[2m2025-12-10T10:12:00.716350Z[0m [34mDEBUG[0m [2methereum_transaction_pool_monitor::eth_client[0m[2m:[0m 📨 Received pending transaction: 0xda2eccf9e9dab054442397e452b557056c78339b435b705ac26f04ab9534ac5a
[2m2025-12-10T10:12:00.716359Z[0m [34mDEBUG[0m [2methereum_transaction_pool_monitor::mempool_monitor[0m[2m:[0m 📨 Processing new pending transaction: 0xf0ebbcbc3bbdec077a11853d7d83e7332383561ab04a510dfc6d5bf150428b38
[2m2025-12-10T10:12:00.716366Z[0m [34mDEBUG[0m [2methereum_transaction_pool_monitor::mempool_monitor[0m[2m:[0m 🔍 Fetching transaction details for: 0xf0ebbcbc3bbdec077a11853d7d83e7332383561ab04a510dfc6d5bf150428b38
[2m2025-12-10T10:12:00.716372Z[0m [34mDEBUG[0m [2methereum_transaction_pool_monitor::eth_client[0m[2m:[0m 🔍 Fetching transaction details for hash: 0xf0ebbcbc3bbdec077a11853d7d83e7332383561ab04a510dfc6d5bf150428b38
[2m2025-12-10T10:12:00.716382Z[0m [34mDEBUG[0m [2mhyper::client::pool[0m[2m:[0m reuse idle connection for ("http", 192.168.0.14:8545)
[2m2025-12-10T10:12:00.716395Z[0m [34mDEBUG[0m [2mhyper::proto::h1::io[0m[2m:[0m flushed 250 bytes
[2m2025-12-10T10:12:00.724803Z[0m [34mDEBUG[0m [2mhyper::proto::h1::io[0m[2m:[0m parsed 4 headers
[2m2025-12-10T10:12:00.724827Z[0m [34mDEBUG[0m [2mhyper::proto::h1::conn[0m[2m:[0m incoming body is content-length (45 bytes)
[2m2025-12-10T10:12:00.724860Z[0m [34mDEBUG[0m [2mhyper::proto::h1::conn[0m[2m:[0m incoming body completed
[2m2025-12-10T10:12:00.724886Z[0m [34mDEBUG[0m [2mhyper::client::pool[0m[2m:[0m pooling idle connection for ("http", 192.168.0.14:8545)
[2m2025-12-10T10:12:00.724904Z[0m [34mDEBUG[0m [2mhyper::proto::h1::io[0m[2m:[0m parsed 4 headers
[2m2025-12-10T10:12:00.724910Z[0m [34mDEBUG[0m [2mhyper::proto::h1::conn[0m[2m:[0m incoming body is content-length (772 bytes)
[2m2025-12-10T10:12:00.724916Z[0m [34mDEBUG[0m [2mhyper::proto::h1::conn[0m[2m:[0m incoming body completed
[2m2025-12-10T10:12:00.724923Z[0m [34mDEBUG[0m [2mhyper::client::pool[0m[2m:[0m pooling idle connection for ("http", 192.168.0.14:8545)
[2m2025-12-10T10:12:00.724929Z[0m [34mDEBUG[0m [2methereum_transaction_pool_monitor::eth_client[0m[2m:[0m 📡 Transaction fetch RPC completed in 8.552542ms
[2m2025-12-10T10:12:00.724941Z[0m [34mDEBUG[0m [2methereum_transaction_pool_monitor::eth_client[0m[2m:[0m DeFi transaction detected - Address: 0xdac17f958d2ee523a2206206994597c13d831ec7, Type: Stablecoin, Value: 0 ETH, Gas: 0.72 Gwei
[2m2025-12-10T10:12:00.724957Z[0m [34mDEBUG[0m [2methereum_transaction_pool_monitor::eth_client[0m[2m:[0m ✅ Transaction 0xf0ebbcbc3bbdec077a11853d7d83e7332383561ab04a510dfc6d5bf150428b38 fetched and parsed in 8.580625ms
[2m2025-12-10T10:12:00.724965Z[0m [34mDEBUG[0m [2methereum_transaction_pool_monitor::mempool_monitor[0m[2m:[0m 🔍 Skipping tx 0xf0ebbcbc3bbdec077a11853d7d83e7332383561ab04a510dfc6d5bf150428b38 - not a DEX interaction (target: 0xdAC17F958D2ee523a2206206994597C13D831ec7)
[2m2025-12-10T10:12:00.724972Z[0m [34mDEBUG[0m [2methereum_transaction_pool_monitor::mempool_monitor[0m[2m:[0m 📨 Processing new pending transaction: 0x6c4d680fe4afc2163d8c0bd0394fffe6a93a1beb9e79456bf778d060d12f57cf
[2m2025-12-10T10:12:00.724976Z[0m [34mDEBUG[0m [2methereum_transaction_pool_monitor::mempool_monitor[0m[2m:[0m 🔍 Fetching transaction details for: 0x6c4d680fe4afc2163d8c0bd0394fffe6a93a1beb9e79456bf778d060d12f57cf
[2m2025-12-10T10:12:00.724980Z[0m [34mDEBUG[0m [2methereum_transaction_pool_monitor::eth_client[0m[2m:[0m 🔍 Fetching transaction details for hash: 0x6c4d680fe4afc2163d8c0bd0394fffe6a93a1beb9e79456bf778d060d12f57cf
[2m2025-12-10T10:12:00.724988Z[0m [34mDEBUG[0m [2mhyper::client::pool[0m[2m:[0m reuse idle connection for ("http", 192.168.0.14:8545)
[2m2025-12-10T10:12:00.725002Z[0m [34mDEBUG[0m [2mhyper::proto::h1::io[0m[2m:[0m flushed 250 bytes
[2m2025-12-10T10:12:00.738407Z[0m [34mDEBUG[0m [2mhyper::proto::h1::io[0m[2m:[0m parsed 4 headers
[2m2025-12-10T10:12:00.738437Z[0m [34mDEBUG[0m [2mhyper::proto::h1::conn[0m[2m:[0m incoming body is content-length (2377 bytes)
[2m2025-12-10T10:12:00.738465Z[0m [34mDEBUG[0m [2mhyper::proto::h1::conn[0m[2m:[0m incoming body completed
[2m2025-12-10T10:12:00.738469Z[0m [34mDEBUG[0m [2mhyper::client::pool[0m[2m:[0m pooling idle connection for ("http", 192.168.0.14:8545)
[2m2025-12-10T10:12:00.738474Z[0m [34mDEBUG[0m [2methereum_transaction_pool_monitor::eth_client[0m[2m:[0m 📡 Transaction fetch RPC completed in 13.489583ms
[2m2025-12-10T10:12:00.809702Z[0m [34mDEBUG[0m [2methereum_transaction_pool_monitor::eth_client[0m[2m:[0m ✅ Transaction 0x6c4d680fe4afc2163d8c0bd0394fffe6a93a1beb9e79456bf778d060d12f57cf fetched and parsed in 84.714791ms
[2m2025-12-10T10:12:00.809723Z[0m [34mDEBUG[0m [2methereum_transaction_pool_monitor::mempool_monitor[0m[2m:[0m 🔍 Skipping tx 0x6c4d680fe4afc2163d8c0bd0394fffe6a93a1beb9e79456bf778d060d12f57cf - not a DEX interaction (target: 0xA9D1e08C7793af67e9d92fe308d5697FB81d3E43)
[2m2025-12-10T10:12:00.809740Z[0m [34mDEBUG[0m [2methereum_transaction_pool_monitor::mempool_monitor[0m[2m:[0m 📨 Processing new pending transaction: 0xda2eccf9e9dab054442397e452b557056c78339b435b705ac26f04ab9534ac5a
[2m2025-12-10T10:12:00.809746Z[0m [34mDEBUG[0m [2methereum_transaction_pool_monitor::mempool_monitor[0m[2m:[0m 🔍 Fetching transaction details for: 0xda2eccf9e9dab054442397e452b557056c78339b435b705ac26f04ab9534ac5a
[2m2025-12-10T10:12:00.809751Z[0m [34mDEBUG[0m [2methereum_transaction_pool_monitor::eth_client[0m[2m:[0m 🔍 Fetching transaction details for hash: 0xda2eccf9e9dab054442397e452b557056c78339b435b705ac26f04ab9534ac5a
[2m2025-12-10T10:12:00.809769Z[0m [34mDEBUG[0m [2mhyper::client::pool[0m[2m:[0m reuse idle connection for ("http", 192.168.0.14:8545)
[2m2025-12-10T10:12:00.809792Z[0m [34mDEBUG[0m [2mhyper::proto::h1::io[0m[2m:[0m flushed 250 bytes
[2m2025-12-10T10:12:00.809812Z[0m [34mDEBUG[0m [2mhyper::client::pool[0m[2m:[0m reuse idle connection for ("http", 192.168.0.14:8545)
[2m2025-12-10T10:12:00.809824Z[0m [34mDEBUG[0m [2methereum_transaction_pool_monitor::eth_client[0m[2m:[0m 📨 Received WebSocket message: {"jsonrpc":"2.0","method":"eth_subscription","params":{"subscription":"0xbed0a0851463e895960a451075a301a9","result":"0x444f5012b67ef45d046b41258a586b0e678972bf3123f1940b127d0f4521d6c3"}}
[2m2025-12-10T10:12:00.809825Z[0m [34mDEBUG[0m [2mhyper::proto::h1::io[0m[2m:[0m flushed 172 bytes
[2m2025-12-10T10:12:00.809836Z[0m [34mDEBUG[0m [2methereum_transaction_pool_monitor::eth_client[0m[2m:[0m 📨 Received pending transaction: 0x444f5012b67ef45d046b41258a586b0e678972bf3123f1940b127d0f4521d6c3
[2m2025-12-10T10:12:00.809854Z[0m [34mDEBUG[0m [2methereum_transaction_pool_monitor::eth_client[0m[2m:[0m 📨 Received WebSocket message: {"jsonrpc":"2.0","method":"eth_subscription","params":{"subscription":"0xbed0a0851463e895960a451075a301a9","result":"0x2736b37aa37e05934b993008564a2f3cdc28f8daf771b47718459641c5569c11"}}
[2m2025-12-10T10:12:00.809951Z[0m [34mDEBUG[0m [2methereum_transaction_pool_monitor::eth_client[0m[2m:[0m 📨 Received pending transaction: 0x2736b37aa37e05934b993008564a2f3cdc28f8daf771b47718459641c5569c11
[2m2025-12-10T10:12:00.809957Z[0m [34mDEBUG[0m [2methereum_transaction_pool_monitor::eth_client[0m[2m:[0m 📨 Received WebSocket message: {"jsonrpc":"2.0","method":"eth_subscription","params":{"subscription":"0xbed0a0851463e895960a451075a301a9","result":"0x8a0f2f6a8a62d37810fa1b6dc39a1a059d1f2dc361d7293fbf4282a1c8477319"}}
[2m2025-12-10T10:12:00.809961Z[0m [34mDEBUG[0m [2methereum_transaction_pool_monitor::eth_client[0m[2m:[0m 📨 Received pending transaction: 0x8a0f2f6a8a62d37810fa1b6dc39a1a059d1f2dc361d7293fbf4282a1c8477319
[2m2025-12-10T10:12:00.814068Z[0m [34mDEBUG[0m [2methereum_transaction_pool_monitor::eth_client[0m[2m:[0m 📨 Received WebSocket message: {"jsonrpc":"2.0","method":"eth_subscription","params":{"subscription":"0xbed0a0851463e895960a451075a301a9","result":"0x693568a40344dd3c6465f74d3f70736b423d4993bfe7b1b6a68f6178ad148049"}}
[2m2025-12-10T10:12:00.814097Z[0m [34mDEBUG[0m [2methereum_transaction_pool_monitor::eth_client[0m[2m:[0m 📨 Received pending transaction: 0x693568a40344dd3c6465f74d3f70736b423d4993bfe7b1b6a68f6178ad148049
[2m2025-12-10T10:12:00.815865Z[0m [34mDEBUG[0m [2mhyper::proto::h1::io[0m[2m:[0m parsed 4 headers
[2m2025-12-10T10:12:00.815887Z[0m [34mDEBUG[0m [2mhyper::proto::h1::conn[0m[2m:[0m incoming body is content-length (45 bytes)
[2m2025-12-10T10:12:00.815913Z[0m [34mDEBUG[0m [2mhyper::proto::h1::conn[0m[2m:[0m incoming body completed
[2m2025-12-10T10:12:00.815928Z[0m [34mDEBUG[0m [2mhyper::client::pool[0m[2m:[0m pooling idle connection for ("http", 192.168.0.14:8545)
[2m2025-12-10T10:12:00.815958Z[0m [34mDEBUG[0m [2mhyper::proto::h1::io[0m[2m:[0m parsed 4 headers
[2m2025-12-10T10:12:00.815963Z[0m [34mDEBUG[0m [2mhyper::proto::h1::conn[0m[2m:[0m incoming body is content-length (559 bytes)
[2m2025-12-10T10:12:00.815967Z[0m [34mDEBUG[0m [2mhyper::proto::h1::conn[0m[2m:[0m incoming body completed
[2m2025-12-10T10:12:00.815972Z[0m [34mDEBUG[0m [2mhyper::client::pool[0m[2m:[0m pooling idle connection for ("http", 192.168.0.14:8545)
[2m2025-12-10T10:12:00.815977Z[0m [34mDEBUG[0m [2methereum_transaction_pool_monitor::eth_client[0m[2m:[0m 📡 Transaction fetch RPC completed in 6.222084ms
[2m2025-12-10T10:12:00.887483Z[0m [34mDEBUG[0m [2methereum_transaction_pool_monitor::eth_client[0m[2m:[0m ✅ Transaction 0xda2eccf9e9dab054442397e452b557056c78339b435b705ac26f04ab9534ac5a fetched and parsed in 77.725959ms
[2m2025-12-10T10:12:00.887509Z[0m [34mDEBUG[0m [2methereum_transaction_pool_monitor::mempool_monitor[0m[2m:[0m 🔍 Skipping tx 0xda2eccf9e9dab054442397e452b557056c78339b435b705ac26f04ab9534ac5a - not a DEX interaction (target: 0x98cf0c6ab59d161208c6cC18d3DC343428c0a372)
[2m2025-12-10T10:12:00.887519Z[0m [34mDEBUG[0m [2methereum_transaction_pool_monitor::mempool_monitor[0m[2m:[0m 📨 Processing new pending transaction: 0x444f5012b67ef45d046b41258a586b0e678972bf3123f1940b127d0f4521d6c3
[2m2025-12-10T10:12:00.887526Z[0m [34mDEBUG[0m [2methereum_transaction_pool_monitor::mempool_monitor[0m[2m:[0m 🔍 Fetching transaction details for: 0x444f5012b67ef45d046b41258a586b0e678972bf3123f1940b127d0f4521d6c3
[2m2025-12-10T10:12:00.887531Z[0m [34mDEBUG[0m [2methereum_transaction_pool_monitor::eth_client[0m[2m:[0m 🔍 Fetching transaction details for hash: 0x444f5012b67ef45d046b41258a586b0e678972bf3123f1940b127d0f4521d6c3
[2m2025-12-10T10:12:00.887550Z[0m [34mDEBUG[0m [2mhyper::client::pool[0m[2m:[0m reuse idle connection for ("http", 192.168.0.14:8545)
[2m2025-12-10T10:12:00.887585Z[0m [34mDEBUG[0m [2mhyper::proto::h1::io[0m[2m:[0m flushed 250 bytes
[2m2025-12-10T10:12:00.893108Z[0m [34mDEBUG[0m [2mhyper::proto::h1::io[0m[2m:[0m parsed 4 headers
[2m2025-12-10T10:12:00.893113Z[0m [34mDEBUG[0m [2mhyper::proto::h1::conn[0m[2m:[0m incoming body is content-length (677 bytes)
[2m2025-12-10T10:12:00.893120Z[0m [34mDEBUG[0m [2mhyper::proto::h1::conn[0m[2m:[0m incoming body completed
[2m2025-12-10T10:12:00.893127Z[0m [34mDEBUG[0m [2mhyper::client::pool[0m[2m:[0m pooling idle connection for ("http", 192.168.0.14:8545)
[2m2025-12-10T10:12:00.893133Z[0m [34mDEBUG[0m [2methereum_transaction_pool_monitor::eth_client[0m[2m:[0m 📡 Transaction fetch RPC completed in 5.596375ms
[2m2025-12-10T10:12:00.893146Z[0m [34mDEBUG[0m [2methereum_transaction_pool_monitor::eth_client[0m[2m:[0m DeFi transaction detected - Address: 0xdac17f958d2ee523a2206206994597c13d831ec7, Type: Stablecoin, Value: 0 ETH, Gas: 2.00 Gwei
[2m2025-12-10T10:12:00.893158Z[0m [34mDEBUG[0m [2methereum_transaction_pool_monitor::eth_client[0m[2m:[0m ✅ Transaction 0x444f5012b67ef45d046b41258a586b0e678972bf3123f1940b127d0f4521d6c3 fetched and parsed in 5.62175ms
[2m2025-12-10T10:12:00.893163Z[0m [34mDEBUG[0m [2methereum_transaction_pool_monitor::mempool_monitor[0m[2m:[0m 🔍 Skipping tx 0x444f5012b67ef45d046b41258a586b0e678972bf3123f1940b127d0f4521d6c3 - not a DEX interaction (target: 0xdAC17F958D2ee523a2206206994597C13D831ec7)
[2m2025-12-10T10:12:00.893168Z[0m [34mDEBUG[0m [2methereum_transaction_pool_monitor::mempool_monitor[0m[2m:[0m 📨 Processing new pending transaction: 0x2736b37aa37e05934b993008564a2f3cdc28f8daf771b47718459641c5569c11
[2m2025-12-10T10:12:00.893172Z[0m [34mDEBUG[0m [2methereum_transaction_pool_monitor::mempool_monitor[0m[2m:[0m 🔍 Fetching transaction details for: 0x2736b37aa37e05934b993008564a2f3cdc28f8daf771b47718459641c5569c11
[2m2025-12-10T10:12:00.893176Z[0m [34mDEBUG[0m [2methereum_transaction_pool_monitor::eth_client[0m[2m:[0m 🔍 Fetching transaction details for hash: 0x2736b37aa37e05934b993008564a2f3cdc28f8daf771b47718459641c5569c11
[2m2025-12-10T10:12:00.893184Z[0m [34mDEBUG[0m [2mhyper::client::pool[0m[2m:[0m reuse idle connection for ("http", 192.168.0.14:8545)
[2m2025-12-10T10:12:00.893199Z[0m [34mDEBUG[0m [2mhyper::proto::h1::io[0m[2m:[0m flushed 250 bytes
[2m2025-12-10T10:12:00.897945Z[0m [34mDEBUG[0m [2mhyper::client::pool[0m[2m:[0m reuse idle connection for ("http", 192.168.0.14:8545)
[2m2025-12-10T10:12:00.898000Z[0m [34mDEBUG[0m [2mhyper::proto::h1::io[0m[2m:[0m flushed 172 bytes
[2m2025-12-10T10:12:00.909749Z[0m [34mDEBUG[0m [2mhyper::proto::h1::io[0m[2m:[0m parsed 4 headers
[2m2025-12-10T10:12:00.909784Z[0m [34mDEBUG[0m [2mhyper::proto::h1::conn[0m[2m:[0m incoming body is content-length (45 bytes)
[2m2025-12-10T10:12:00.909800Z[0m [34mDEBUG[0m [2mhyper::proto::h1::conn[0m[2m:[0m incoming body completed
[2m2025-12-10T10:12:00.909817Z[0m [34mDEBUG[0m [2mhyper::client::pool[0m[2m:[0m pooling idle connection for ("http", 192.168.0.14:8545)
[2m2025-12-10T10:12:00.910494Z[0m [34mDEBUG[0m [2mhyper::proto::h1::io[0m[2m:[0m parsed 4 headers
[2m2025-12-10T10:12:00.910517Z[0m [34mDEBUG[0m [2mhyper::proto::h1::conn[0m[2m:[0m incoming body is content-length (829 bytes)
[2m2025-12-10T10:12:00.910529Z[0m [34mDEBUG[0m [2mhyper::proto::h1::conn[0m[2m:[0m incoming body completed
[2m2025-12-10T10:12:00.910543Z[0m [34mDEBUG[0m [2mhyper::client::pool[0m[2m:[0m pooling idle connection for ("http", 192.168.0.14:8545)
[2m2025-12-10T10:12:00.910555Z[0m [34mDEBUG[0m [2methereum_transaction_pool_monitor::eth_client[0m[2m:[0m 📡 Transaction fetch RPC completed in 17.374417ms
[2m2025-12-10T10:12:00.981004Z[0m [34mDEBUG[0m [2methereum_transaction_pool_monitor::eth_client[0m[2m:[0m ✅ Transaction 0x2736b37aa37e05934b993008564a2f3cdc28f8daf771b47718459641c5569c11 fetched and parsed in 87.821167ms
[2m2025-12-10T10:12:00.981032Z[0m [34mDEBUG[0m [2methereum_transaction_pool_monitor::mempool_monitor[0m[2m:[0m 🔍 Skipping tx 0x2736b37aa37e05934b993008564a2f3cdc28f8daf771b47718459641c5569c11 - not a DEX interaction (target: 0x3B4D794a66304F130a4Db8F2551B0070dfCf5ca7)
[2m2025-12-10T10:12:00.981042Z[0m [34mDEBUG[0m [2methereum_transaction_pool_monitor::mempool_monitor[0m[2m:[0m 📨 Processing new pending transaction: 0x8a0f2f6a8a62d37810fa1b6dc39a1a059d1f2dc361d7293fbf4282a1c8477319
[2m2025-12-10T10:12:00.981047Z[0m [34mDEBUG[0m [2methereum_transaction_pool_monitor::mempool_monitor[0m[2m:[0m 🔍 Fetching transaction details for: 0x8a0f2f6a8a62d37810fa1b6dc39a1a059d1f2dc361d7293fbf4282a1c8477319
[2m2025-12-10T10:12:00.981052Z[0m [34mDEBUG[0m [2methereum_transaction_pool_monitor::eth_client[0m[2m:[0m 🔍 Fetching transaction details for hash: 0x8a0f2f6a8a62d37810fa1b6dc39a1a059d1f2dc361d7293fbf4282a1c8477319
[2m2025-12-10T10:12:00.981069Z[0m [34mDEBUG[0m [2mhyper::client::pool[0m[2m:[0m reuse idle connection for ("http", 192.168.0.14:8545)
[2m2025-12-10T10:12:00.981120Z[0m [34mDEBUG[0m [2mhyper::proto::h1::io[0m[2m:[0m flushed 250 bytes
[2m2025-12-10T10:12:00.981139Z[0m [34mDEBUG[0m [2methereum_transaction_pool_monitor::eth_client[0m[2m:[0m 📨 Received WebSocket message: {"jsonrpc":"2.0","method":"eth_subscription","params":{"subscription":"0xbed0a0851463e895960a451075a301a9","result":"0xdca10be03293554466e4ecd39492c98667f0c6ff496dde8261dc93056ddc23ee"}}
[2m2025-12-10T10:12:00.981147Z[0m [34mDEBUG[0m [2methereum_transaction_pool_monitor::eth_client[0m[2m:[0m 📨 Received pending transaction: 0xdca10be03293554466e4ecd39492c98667f0c6ff496dde8261dc93056ddc23ee
[2m2025-12-10T10:12:00.989157Z[0m [34mDEBUG[0m [2mhyper::proto::h1::io[0m[2m:[0m parsed 4 headers
[2m2025-12-10T10:12:00.989168Z[0m [34mDEBUG[0m [2mhyper::proto::h1::conn[0m[2m:[0m incoming body is content-length (774 bytes)
[2m2025-12-10T10:12:00.989175Z[0m [34mDEBUG[0m [2mhyper::proto::h1::conn[0m[2m:[0m incoming body completed
[2m2025-12-10T10:12:00.989184Z[0m [34mDEBUG[0m [2mhyper::client::pool[0m[2m:[0m pooling idle connection for ("http", 192.168.0.14:8545)
[2m2025-12-10T10:12:00.989191Z[0m [34mDEBUG[0m [2methereum_transaction_pool_monitor::eth_client[0m[2m:[0m 📡 Transaction fetch RPC completed in 8.135166ms
[2m2025-12-10T10:12:01.061982Z[0m [34mDEBUG[0m [2methereum_transaction_pool_monitor::eth_client[0m[2m:[0m ✅ Transaction 0x8a0f2f6a8a62d37810fa1b6dc39a1a059d1f2dc361d7293fbf4282a1c8477319 fetched and parsed in 80.923708ms
[2m2025-12-10T10:12:01.062002Z[0m [34mDEBUG[0m [2methereum_transaction_pool_monitor::mempool_monitor[0m[2m:[0m 🔍 Skipping tx 0x8a0f2f6a8a62d37810fa1b6dc39a1a059d1f2dc361d7293fbf4282a1c8477319 - not a DEX interaction (target: 0xA0b86991c6218b36c1d19D4a2e9Eb0cE3606eB48)
[2m2025-12-10T10:12:01.062012Z[0m [34mDEBUG[0m [2methereum_transaction_pool_monitor::mempool_monitor[0m[2m:[0m 📨 Processing new pending transaction: 0x693568a40344dd3c6465f74d3f70736b423d4993bfe7b1b6a68f6178ad148049
[2m2025-12-10T10:12:01.062017Z[0m [34mDEBUG[0m [2methereum_transaction_pool_monitor::mempool_monitor[0m[2m:[0m 🔍 Fetching transaction details for: 0x693568a40344dd3c6465f74d3f70736b423d4993bfe7b1b6a68f6178ad148049
[2m2025-12-10T10:12:01.062021Z[0m [34mDEBUG[0m [2methereum_transaction_pool_monitor::eth_client[0m[2m:[0m 🔍 Fetching transaction details for hash: 0x693568a40344dd3c6465f74d3f70736b423d4993bfe7b1b6a68f6178ad148049
[2m2025-12-10T10:12:01.062039Z[0m [34mDEBUG[0m [2mhyper::client::pool[0m[2m:[0m reuse idle connection for ("http", 192.168.0.14:8545)
[2m2025-12-10T10:12:01.062070Z[0m [34mDEBUG[0m [2mhyper::proto::h1::io[0m[2m:[0m flushed 250 bytes
[2m2025-12-10T10:12:01.062088Z[0m [34mDEBUG[0m [2mhyper::client::pool[0m[2m:[0m reuse idle connection for ("http", 192.168.0.14:8545)
[2m2025-12-10T10:12:01.062101Z[0m [34mDEBUG[0m [2mhyper::proto::h1::io[0m[2m:[0m flushed 172 bytes
[2m2025-12-10T10:12:01.062135Z[0m [34mDEBUG[0m [2methereum_transaction_pool_monitor::eth_client[0m[2m:[0m 📨 Received WebSocket message: {"jsonrpc":"2.0","method":"eth_subscription","params":{"subscription":"0xbed0a0851463e895960a451075a301a9","result":"0xa8343511888a5759cf8e4d5f2114586e625ec95019860461207f491849987d2b"}}
[2m2025-12-10T10:12:01.062142Z[0m [34mDEBUG[0m [2methereum_transaction_pool_monitor::eth_client[0m[2m:[0m 📨 Received pending transaction: 0xa8343511888a5759cf8e4d5f2114586e625ec95019860461207f491849987d2b
[2m2025-12-10T10:12:01.062148Z[0m [34mDEBUG[0m [2methereum_transaction_pool_monitor::eth_client[0m[2m:[0m 📨 Received WebSocket message: {"jsonrpc":"2.0","method":"eth_subscription","params":{"subscription":"0xbed0a0851463e895960a451075a301a9","result":"0xef61a7b087acfae106ef4166a0278b544a463e88cd4765a1fc8567b24674b40a"}}
[2m2025-12-10T10:12:01.062153Z[0m [34mDEBUG[0m [2methereum_transaction_pool_monitor::eth_client[0m[2m:[0m 📨 Received pending transaction: 0xef61a7b087acfae106ef4166a0278b544a463e88cd4765a1fc8567b24674b40a
[2m2025-12-10T10:12:01.071860Z[0m [34mDEBUG[0m [2mhyper::proto::h1::io[0m[2m:[0m parsed 4 headers
[2m2025-12-10T10:12:01.071884Z[0m [34mDEBUG[0m [2mhyper::proto::h1::conn[0m[2m:[0m incoming body is content-length (45 bytes)
[2m2025-12-10T10:12:01.071893Z[0m [34mDEBUG[0m [2mhyper::proto::h1::conn[0m[2m:[0m incoming body completed
[2m2025-12-10T10:12:01.071903Z[0m [34mDEBUG[0m [2mhyper::client::pool[0m[2m:[0m pooling idle connection for ("http", 192.168.0.14:8545)
[2m2025-12-10T10:12:01.071922Z[0m [34mDEBUG[0m [2mhyper::proto::h1::io[0m[2m:[0m parsed 4 headers
[2m2025-12-10T10:12:01.071926Z[0m [34mDEBUG[0m [2mhyper::proto::h1::conn[0m[2m:[0m incoming body is content-length (8325 bytes)
[2m2025-12-10T10:12:01.071935Z[0m [34mDEBUG[0m [2methereum_transaction_pool_monitor::eth_client[0m[2m:[0m 📡 Transaction fetch RPC completed in 9.91ms
[2m2025-12-10T10:12:01.076669Z[0m [34mDEBUG[0m [2mhyper::proto::h1::conn[0m[2m:[0m incoming body completed
[2m2025-12-10T10:12:01.076686Z[0m [34mDEBUG[0m [2mhyper::client::pool[0m[2m:[0m pooling idle connection for ("http", 192.168.0.14:8545)
[2m2025-12-10T10:12:01.099718Z[0m [34mDEBUG[0m [2mhyper::client::pool[0m[2m:[0m reuse idle connection for ("http", 192.168.0.14:8545)
[2m2025-12-10T10:12:01.099765Z[0m [34mDEBUG[0m [2mhyper::proto::h1::io[0m[2m:[0m flushed 172 bytes
[2m2025-12-10T10:12:01.112298Z[0m [34mDEBUG[0m [2mhyper::proto::h1::io[0m[2m:[0m parsed 4 headers
[2m2025-12-10T10:12:01.112320Z[0m [34mDEBUG[0m [2mhyper::proto::h1::conn[0m[2m:[0m incoming body is content-length (45 bytes)
[2m2025-12-10T10:12:01.112329Z[0m [34mDEBUG[0m [2mhyper::proto::h1::conn[0m[2m:[0m incoming body completed
[2m2025-12-10T10:12:01.112340Z[0m [34mDEBUG[0m [2mhyper::client::pool[0m[2m:[0m pooling idle connection for ("http", 192.168.0.14:8545)
[2m2025-12-10T10:12:01.121152Z[0m [34mDEBUG[0m [2methereum_transaction_pool_monitor::eth_client[0m[2m:[0m 📨 Received WebSocket message: {"jsonrpc":"2.0","method":"eth_subscription","params":{"subscription":"0xbed0a0851463e895960a451075a301a9","result":"0x8f793ec68ccb2f9fda50e106f48f0d274fecf3c71ae8cfc83d1b9bf103581ef6"}}
[2m2025-12-10T10:12:01.121197Z[0m [34mDEBUG[0m [2methereum_transaction_pool_monitor::eth_client[0m[2m:[0m 📨 Received pending transaction: 0x8f793ec68ccb2f9fda50e106f48f0d274fecf3c71ae8cfc83d1b9bf103581ef6
[2m2025-12-10T10:12:01.121218Z[0m [32m INFO[0m [2methereum_transaction_pool_monitor::eth_client[0m[2m:[0m 📊 WebSocket stats - Total: 3148 transactions, Rate: 13.0 tx/s
[2m2025-12-10T10:12:01.122052Z[0m [34mDEBUG[0m [2methereum_transaction_pool_monitor::eth_client[0m[2m:[0m 📨 Received WebSocket message: {"jsonrpc":"2.0","method":"eth_subscription","params":{"subscription":"0xbed0a0851463e895960a451075a301a9","result":"0xc40516811b3b469d1a16031fbc0614fb941fb170be38f676e357b9fc1fdb46e5"}}
[2m2025-12-10T10:12:01.122087Z[0m [34mDEBUG[0m [2methereum_transaction_pool_monitor::eth_client[0m[2m:[0m 📨 Received pending transaction: 0xc40516811b3b469d1a16031fbc0614fb941fb170be38f676e357b9fc1fdb46e5
[2m2025-12-10T10:12:01.127224Z[0m [34mDEBUG[0m [2methereum_transaction_pool_monitor::eth_client[0m[2m:[0m 📨 Received WebSocket message: {"jsonrpc":"2.0","method":"eth_subscription","params":{"subscription":"0xbed0a0851463e895960a451075a301a9","result":"0xcc08db9828676a21cf45c0baa992ff8b267c0ab9e5cbdb8968f07a79e39acaec"}}
[2m2025-12-10T10:12:01.127240Z[0m [34mDEBUG[0m [2methereum_transaction_pool_monitor::eth_client[0m[2m:[0m 📨 Received pending transaction: 0xcc08db9828676a21cf45c0baa992ff8b267c0ab9e5cbdb8968f07a79e39acaec
[2m2025-12-10T10:12:01.140509Z[0m [34mDEBUG[0m [2methereum_transaction_pool_monitor::eth_client[0m[2m:[0m 📨 Received WebSocket message: {"jsonrpc":"2.0","method":"eth_subscription","params":{"subscription":"0xbed0a0851463e895960a451075a301a9","result":"0x8dfb5d28884cecd46d9942cb6fc6797d3676d8a83e11e5498fc75f621f69efa5"}}
[2m2025-12-10T10:12:01.140524Z[0m [34mDEBUG[0m [2methereum_transaction_pool_monitor::eth_client[0m[2m:[0m 📨 Received pending transaction: 0x8dfb5d28884cecd46d9942cb6fc6797d3676d8a83e11e5498fc75f621f69efa5
[2m2025-12-10T10:12:01.149023Z[0m [34mDEBUG[0m [2methereum_transaction_pool_monitor::eth_client[0m[2m:[0m ✅ Transaction 0x693568a40344dd3c6465f74d3f70736b423d4993bfe7b1b6a68f6178ad148049 fetched and parsed in 86.995708ms
[2m2025-12-10T10:12:01.149045Z[0m [34mDEBUG[0m [2methereum_transaction_pool_monitor::mempool_monitor[0m[2m:[0m 🔍 Skipping tx 0x693568a40344dd3c6465f74d3f70736b423d4993bfe7b1b6a68f6178ad148049 - not a DEX interaction (target: 0x2393d38400CAd1D0FFae85b37d76de05Bb7EDDC6)
[2m2025-12-10T10:12:01.149056Z[0m [34mDEBUG[0m [2methereum_transaction_pool_monitor::mempool_monitor[0m[2m:[0m 📨 Processing new pending transaction: 0xdca10be03293554466e4ecd39492c98667f0c6ff496dde8261dc93056ddc23ee
[2m2025-12-10T10:12:01.149063Z[0m [34mDEBUG[0m [2methereum_transaction_pool_monitor::mempool_monitor[0m[2m:[0m 🔍 Fetching transaction details for: 0xdca10be03293554466e4ecd39492c98667f0c6ff496dde8261dc93056ddc23ee
[2m2025-12-10T10:12:01.149069Z[0m [34mDEBUG[0m [2methereum_transaction_pool_monitor::eth_client[0m[2m:[0m 🔍 Fetching transaction details for hash: 0xdca10be03293554466e4ecd39492c98667f0c6ff496dde8261dc93056ddc23ee
[2m2025-12-10T10:12:01.149089Z[0m [34mDEBUG[0m [2mhyper::client::pool[0m[2m:[0m reuse idle connection for ("http", 192.168.0.14:8545)
[2m2025-12-10T10:12:01.149125Z[0m [34mDEBUG[0m [2mhyper::proto::h1::io[0m[2m:[0m flushed 250 bytes
[2m2025-12-10T10:12:01.155548Z[0m [34mDEBUG[0m [2methereum_transaction_pool_monitor::eth_client[0m[2m:[0m 📨 Received WebSocket message: {"jsonrpc":"2.0","method":"eth_subscription","params":{"subscription":"0xbed0a0851463e895960a451075a301a9","result":"0x78e8a1cbfbdd72f5b8b3f1f7874d46addf1747cec45b9bde9f978a5c58008bca"}}
[2m2025-12-10T10:12:01.155560Z[0m [34mDEBUG[0m [2methereum_transaction_pool_monitor::eth_client[0m[2m:[0m 📨 Received pending transaction: 0x78e8a1cbfbdd72f5b8b3f1f7874d46addf1747cec45b9bde9f978a5c58008bca
[2m2025-12-10T10:12:01.160484Z[0m [34mDEBUG[0m [2mhyper::proto::h1::io[0m[2m:[0m parsed 4 headers
[2m2025-12-10T10:12:01.160492Z[0m [34mDEBUG[0m [2mhyper::proto::h1::conn[0m[2m:[0m incoming body is content-length (3145 bytes)
[2m2025-12-10T10:12:01.160499Z[0m [34mDEBUG[0m [2mhyper::proto::h1::conn[0m[2m:[0m incoming body completed
[2m2025-12-10T10:12:01.160508Z[0m [34mDEBUG[0m [2mhyper::client::pool[0m[2m:[0m pooling idle connection for ("http", 192.168.0.14:8545)
[2m2025-12-10T10:12:01.160515Z[0m [34mDEBUG[0m [2methereum_transaction_pool_monitor::eth_client[0m[2m:[0m 📡 Transaction fetch RPC completed in 11.440875ms
[2m2025-12-10T10:12:01.232864Z[0m [34mDEBUG[0m [2methereum_transaction_pool_monitor::eth_client[0m[2m:[0m ✅ Transaction 0xdca10be03293554466e4ecd39492c98667f0c6ff496dde8261dc93056ddc23ee fetched and parsed in 83.787583ms
[2m2025-12-10T10:12:01.232893Z[0m [34mDEBUG[0m [2methereum_transaction_pool_monitor::mempool_monitor[0m[2m:[0m 🔍 Skipping tx 0xdca10be03293554466e4ecd39492c98667f0c6ff496dde8261dc93056ddc23ee - not a DEX interaction (target: 0xA9D1e08C7793af67e9d92fe308d5697FB81d3E43)
[2m2025-12-10T10:12:01.232907Z[0m [34mDEBUG[0m [2methereum_transaction_pool_monitor::mempool_monitor[0m[2m:[0m 📨 Processing new pending transaction: 0xa8343511888a5759cf8e4d5f2114586e625ec95019860461207f491849987d2b
[2m2025-12-10T10:12:01.232916Z[0m [34mDEBUG[0m [2methereum_transaction_pool_monitor::mempool_monitor[0m[2m:[0m 🔍 Fetching transaction details for: 0xa8343511888a5759cf8e4d5f2114586e625ec95019860461207f491849987d2b
[2m2025-12-10T10:12:01.232927Z[0m [34mDEBUG[0m [2methereum_transaction_pool_monitor::eth_client[0m[2m:[0m 🔍 Fetching transaction details for hash: 0xa8343511888a5759cf8e4d5f2114586e625ec95019860461207f491849987d2b
[2m2025-12-10T10:12:01.232945Z[0m [34mDEBUG[0m [2mhyper::client::pool[0m[2m:[0m reuse idle connection for ("http", 192.168.0.14:8545)
[2m2025-12-10T10:12:01.232991Z[0m [34mDEBUG[0m [2mhyper::proto::h1::io[0m[2m:[0m flushed 250 bytes
[2m2025-12-10T10:12:01.233010Z[0m [34mDEBUG[0m [2mhyper::client::pool[0m[2m:[0m reuse idle connection for ("http", 192.168.0.14:8545)
[2m2025-12-10T10:12:01.233018Z[0m [34mDEBUG[0m [2methereum_transaction_pool_monitor::eth_client[0m[2m:[0m 📨 Received WebSocket message: {"jsonrpc":"2.0","method":"eth_subscription","params":{"subscription":"0xbed0a0851463e895960a451075a301a9","result":"0x608749c3ff6e76c2460afe0d4317df6acd64080c5765c4c8caa796b7d80936a6"}}
[2m2025-12-10T10:12:01.233023Z[0m [34mDEBUG[0m [2mhyper::proto::h1::io[0m[2m:[0m flushed 172 bytes
[2m2025-12-10T10:12:01.233031Z[0m [34mDEBUG[0m [2methereum_transaction_pool_monitor::eth_client[0m[2m:[0m 📨 Received pending transaction: 0x608749c3ff6e76c2460afe0d4317df6acd64080c5765c4c8caa796b7d80936a6
[2m2025-12-10T10:12:01.239292Z[0m [34mDEBUG[0m [2methereum_transaction_pool_monitor::eth_client[0m[2m:[0m 📨 Received WebSocket message: {"jsonrpc":"2.0","method":"eth_subscription","params":{"subscription":"0xbed0a0851463e895960a451075a301a9","result":"0x32bf563990ed80dea05da873a411cc46c3e58f1d5a58a00f37fe7409a4230cff"}}
[2m2025-12-10T10:12:01.239329Z[0m [34mDEBUG[0m [2methereum_transaction_pool_monitor::eth_client[0m[2m:[0m 📨 Received pending transaction: 0x32bf563990ed80dea05da873a411cc46c3e58f1d5a58a00f37fe7409a4230cff
[2m2025-12-10T10:12:01.246169Z[0m [34mDEBUG[0m [2mhyper::proto::h1::io[0m[2m:[0m parsed 4 headers
[2m2025-12-10T10:12:01.246182Z[0m [34mDEBUG[0m [2mhyper::proto::h1::conn[0m[2m:[0m incoming body is content-length (45 bytes)
[2m2025-12-10T10:12:01.246192Z[0m [34mDEBUG[0m [2mhyper::proto::h1::conn[0m[2m:[0m incoming body completed
[2m2025-12-10T10:12:01.246202Z[0m [34mDEBUG[0m [2mhyper::client::pool[0m[2m:[0m pooling idle connection for ("http", 192.168.0.14:8545)
[2m2025-12-10T10:12:01.246224Z[0m [34mDEBUG[0m [2mhyper::proto::h1::io[0m[2m:[0m parsed 4 headers
[2m2025-12-10T10:12:01.246229Z[0m [34mDEBUG[0m [2mhyper::proto::h1::conn[0m[2m:[0m incoming body is content-length (770 bytes)
[2m2025-12-10T10:12:01.246235Z[0m [34mDEBUG[0m [2mhyper::proto::h1::conn[0m[2m:[0m incoming body completed
[2m2025-12-10T10:12:01.246240Z[0m [34mDEBUG[0m [2mhyper::client::pool[0m[2m:[0m pooling idle connection for ("http", 192.168.0.14:8545)
[2m2025-12-10T10:12:01.246245Z[0m [34mDEBUG[0m [2methereum_transaction_pool_monitor::eth_client[0m[2m:[0m 📡 Transaction fetch RPC completed in 13.3135ms
[2m2025-12-10T10:12:01.246258Z[0m [34mDEBUG[0m [2methereum_transaction_pool_monitor::eth_client[0m[2m:[0m DeFi transaction detected - Address: 0xdac17f958d2ee523a2206206994597c13d831ec7, Type: Stablecoin, Value: 0 ETH, Gas: 1.75 Gwei
[2m2025-12-10T10:12:01.246272Z[0m [34mDEBUG[0m [2methereum_transaction_pool_monitor::eth_client[0m[2m:[0m ✅ Transaction 0xa8343511888a5759cf8e4d5f2114586e625ec95019860461207f491849987d2b fetched and parsed in 13.340458ms
[2m2025-12-10T10:12:01.246282Z[0m [34mDEBUG[0m [2methereum_transaction_pool_monitor::mempool_monitor[0m[2m:[0m 🔍 Skipping tx 0xa8343511888a5759cf8e4d5f2114586e625ec95019860461207f491849987d2b - not a DEX interaction (target: 0xdAC17F958D2ee523a2206206994597C13D831ec7)
[2m2025-12-10T10:12:01.246291Z[0m [34mDEBUG[0m [2methereum_transaction_pool_monitor::mempool_monitor[0m[2m:[0m 📨 Processing new pending transaction: 0xef61a7b087acfae106ef4166a0278b544a463e88cd4765a1fc8567b24674b40a
[2m2025-12-10T10:12:01.246295Z[0m [34mDEBUG[0m [2methereum_transaction_pool_monitor::mempool_monitor[0m[2m:[0m 🔍 Fetching transaction details for: 0xef61a7b087acfae106ef4166a0278b544a463e88cd4765a1fc8567b24674b40a
[2m2025-12-10T10:12:01.246299Z[0m [34mDEBUG[0m [2methereum_transaction_pool_monitor::eth_client[0m[2m:[0m 🔍 Fetching transaction details for hash: 0xef61a7b087acfae106ef4166a0278b544a463e88cd4765a1fc8567b24674b40a
[2m2025-12-10T10:12:01.246313Z[0m [34mDEBUG[0m [2mhyper::client::pool[0m[2m:[0m reuse idle connection for ("http", 192.168.0.14:8545)
[2m2025-12-10T10:12:01.246328Z[0m [34mDEBUG[0m [2mhyper::proto::h1::io[0m[2m:[0m flushed 250 bytes
[2m2025-12-10T10:12:01.253779Z[0m [34mDEBUG[0m [2mhyper::proto::h1::io[0m[2m:[0m parsed 4 headers
[2m2025-12-10T10:12:01.253786Z[0m [34mDEBUG[0m [2mhyper::proto::h1::conn[0m[2m:[0m incoming body is content-length (770 bytes)
[2m2025-12-10T10:12:01.253792Z[0m [34mDEBUG[0m [2mhyper::proto::h1::conn[0m[2m:[0m incoming body completed
[2m2025-12-10T10:12:01.253799Z[0m [34mDEBUG[0m [2mhyper::client::pool[0m[2m:[0m pooling idle connection for ("http", 192.168.0.14:8545)
[2m2025-12-10T10:12:01.253804Z[0m [34mDEBUG[0m [2methereum_transaction_pool_monitor::eth_client[0m[2m:[0m 📡 Transaction fetch RPC completed in 7.499667ms
[2m2025-12-10T10:12:01.325493Z[0m [34mDEBUG[0m [2methereum_transaction_pool_monitor::eth_client[0m[2m:[0m ✅ Transaction 0xef61a7b087acfae106ef4166a0278b544a463e88cd4765a1fc8567b24674b40a fetched and parsed in 79.186375ms
[2m2025-12-10T10:12:01.325521Z[0m [34mDEBUG[0m [2methereum_transaction_pool_monitor::mempool_monitor[0m[2m:[0m 🔍 Skipping tx 0xef61a7b087acfae106ef4166a0278b544a463e88cd4765a1fc8567b24674b40a - not a DEX interaction (target: 0xA0b86991c6218b36c1d19D4a2e9Eb0cE3606eB48)
[2m2025-12-10T10:12:01.325532Z[0m [34mDEBUG[0m [2methereum_transaction_pool_monitor::mempool_monitor[0m[2m:[0m 📨 Processing new pending transaction: 0x8f793ec68ccb2f9fda50e106f48f0d274fecf3c71ae8cfc83d1b9bf103581ef6
[2m2025-12-10T10:12:01.325539Z[0m [34mDEBUG[0m [2methereum_transaction_pool_monitor::mempool_monitor[0m[2m:[0m 🔍 Fetching transaction details for: 0x8f793ec68ccb2f9fda50e106f48f0d274fecf3c71ae8cfc83d1b9bf103581ef6
[2m2025-12-10T10:12:01.325544Z[0m [34mDEBUG[0m [2methereum_transaction_pool_monitor::eth_client[0m[2m:[0m 🔍 Fetching transaction details for hash: 0x8f793ec68ccb2f9fda50e106f48f0d274fecf3c71ae8cfc83d1b9bf103581ef6
[2m2025-12-10T10:12:01.325563Z[0m [34mDEBUG[0m [2mhyper::client::pool[0m[2m:[0m reuse idle connection for ("http", 192.168.0.14:8545)
[2m2025-12-10T10:12:01.325592Z[0m [34mDEBUG[0m [2mhyper::proto::h1::io[0m[2m:[0m flushed 250 bytes
[2m2025-12-10T10:12:01.325612Z[0m [34mDEBUG[0m [2mhyper::client::pool[0m[2m:[0m reuse idle connection for ("http", 192.168.0.14:8545)
[2m2025-12-10T10:12:01.325626Z[0m [34mDEBUG[0m [2mhyper::proto::h1::io[0m[2m:[0m flushed 172 bytes
[2m2025-12-10T10:12:01.325639Z[0m [34mDEBUG[0m [2methereum_transaction_pool_monitor::eth_client[0m[2m:[0m 📨 Received WebSocket message: {"jsonrpc":"2.0","method":"eth_subscription","params":{"subscription":"0xbed0a0851463e895960a451075a301a9","result":"0xe2afa3d6b5d96a91326391a9afb4d3bab3f7dd6b11a4d0494e6bda85f15324bc"}}
[2m2025-12-10T10:12:01.325647Z[0m [34mDEBUG[0m [2methereum_transaction_pool_monitor::eth_client[0m[2m:[0m 📨 Received pending transaction: 0xe2afa3d6b5d96a91326391a9afb4d3bab3f7dd6b11a4d0494e6bda85f15324bc
[2m2025-12-10T10:12:01.325680Z[0m [34mDEBUG[0m [2methereum_transaction_pool_monitor::eth_client[0m[2m:[0m 📨 Received WebSocket message: {"jsonrpc":"2.0","method":"eth_subscription","params":{"subscription":"0xbed0a0851463e895960a451075a301a9","result":"0x2d7d5ed8894a104f32098c03b94f7c69babfc5d3d21bf5f9c1c8c1e9bb6143d9"}}
[2m2025-12-10T10:12:01.325688Z[0m [34mDEBUG[0m [2methereum_transaction_pool_monitor::eth_client[0m[2m:[0m 📨 Received pending transaction: 0x2d7d5ed8894a104f32098c03b94f7c69babfc5d3d21bf5f9c1c8c1e9bb6143d9
[2m2025-12-10T10:12:01.325694Z[0m [34mDEBUG[0m [2methereum_transaction_pool_monitor::eth_client[0m[2m:[0m 📨 Received WebSocket message: {"jsonrpc":"2.0","method":"eth_subscription","params":{"subscription":"0xbed0a0851463e895960a451075a301a9","result":"0x8ddf018ef5d8e225b2140fe15b98c83dab8e1bda616a1e8d0d5639da38c79c7f"}}
[2m2025-12-10T10:12:01.325701Z[0m [34mDEBUG[0m [2methereum_transaction_pool_monitor::eth_client[0m[2m:[0m 📨 Received pending transaction: 0x8ddf018ef5d8e225b2140fe15b98c83dab8e1bda616a1e8d0d5639da38c79c7f
[2m2025-12-10T10:12:01.334748Z[0m [34mDEBUG[0m [2mhyper::proto::h1::io[0m[2m:[0m parsed 4 headers
[2m2025-12-10T10:12:01.334763Z[0m [34mDEBUG[0m [2mhyper::proto::h1::conn[0m[2m:[0m incoming body is content-length (45 bytes)
[2m2025-12-10T10:12:01.334771Z[0m [34mDEBUG[0m [2mhyper::proto::h1::conn[0m[2m:[0m incoming body completed
[2m2025-12-10T10:12:01.334783Z[0m [34mDEBUG[0m [2mhyper::client::pool[0m[2m:[0m pooling idle connection for ("http", 192.168.0.14:8545)
[2m2025-12-10T10:12:01.334801Z[0m [34mDEBUG[0m [2mhyper::proto::h1::io[0m[2m:[0m parsed 4 headers
[2m2025-12-10T10:12:01.334806Z[0m [34mDEBUG[0m [2mhyper::proto::h1::conn[0m[2m:[0m incoming body is content-length (1732 bytes)
[2m2025-12-10T10:12:01.334811Z[0m [34mDEBUG[0m [2mhyper::proto::h1::conn[0m[2m:[0m incoming body completed
[2m2025-12-10T10:12:01.334817Z[0m [34mDEBUG[0m [2mhyper::client::pool[0m[2m:[0m pooling idle connection for ("http", 192.168.0.14:8545)
[2m2025-12-10T10:12:01.334822Z[0m [34mDEBUG[0m [2methereum_transaction_pool_monitor::eth_client[0m[2m:[0m 📡 Transaction fetch RPC completed in 9.273ms
[2m2025-12-10T10:12:01.404703Z[0m [34mDEBUG[0m [2methereum_transaction_pool_monitor::eth_client[0m[2m:[0m ✅ Transaction 0x8f793ec68ccb2f9fda50e106f48f0d274fecf3c71ae8cfc83d1b9bf103581ef6 fetched and parsed in 79.151458ms
[2m2025-12-10T10:12:01.404727Z[0m [34mDEBUG[0m [2methereum_transaction_pool_monitor::mempool_monitor[0m[2m:[0m 🔍 Skipping tx 0x8f793ec68ccb2f9fda50e106f48f0d274fecf3c71ae8cfc83d1b9bf103581ef6 - not a DEX interaction (target: 0x601a2aD6CB5949f0529735254189Ba3194221EDF)
[2m2025-12-10T10:12:01.404736Z[0m [34mDEBUG[0m [2methereum_transaction_pool_monitor::mempool_monitor[0m[2m:[0m 📨 Processing new pending transaction: 0xc40516811b3b469d1a16031fbc0614fb941fb170be38f676e357b9fc1fdb46e5
[2m2025-12-10T10:12:01.404740Z[0m [34mDEBUG[0m [2methereum_transaction_pool_monitor::mempool_monitor[0m[2m:[0m 🔍 Fetching transaction details for: 0xc40516811b3b469d1a16031fbc0614fb941fb170be38f676e357b9fc1fdb46e5
[2m2025-12-10T10:12:01.404745Z[0m [34mDEBUG[0m [2methereum_transaction_pool_monitor::eth_client[0m[2m:[0m 🔍 Fetching transaction details for hash: 0xc40516811b3b469d1a16031fbc0614fb941fb170be38f676e357b9fc1fdb46e5
[2m2025-12-10T10:12:01.404762Z[0m [34mDEBUG[0m [2mhyper::client::pool[0m[2m:[0m reuse idle connection for ("http", 192.168.0.14:8545)
[2m2025-12-10T10:12:01.404810Z[0m [34mDEBUG[0m [2mhyper::proto::h1::io[0m[2m:[0m flushed 250 bytes
[2m2025-12-10T10:12:01.404828Z[0m [34mDEBUG[0m [2mhyper::client::pool[0m[2m:[0m reuse idle connection for ("http", 192.168.0.14:8545)
[2m2025-12-10T10:12:01.404841Z[0m [34mDEBUG[0m [2mhyper::proto::h1::io[0m[2m:[0m flushed 172 bytes
[2m2025-12-10T10:12:01.404842Z[0m [34mDEBUG[0m [2methereum_transaction_pool_monitor::eth_client[0m[2m:[0m 📨 Received WebSocket message: {"jsonrpc":"2.0","method":"eth_subscription","params":{"subscription":"0xbed0a0851463e895960a451075a301a9","result":"0xc7edad606abcb8d346de85dc475d7e6f4e84898f18153701aa25e48412a55545"}}
[2m2025-12-10T10:12:01.405077Z[0m [34mDEBUG[0m [2methereum_transaction_pool_monitor::eth_client[0m[2m:[0m 📨 Received pending transaction: 0xc7edad606abcb8d346de85dc475d7e6f4e84898f18153701aa25e48412a55545
[2m2025-12-10T10:12:01.410580Z[0m [34mDEBUG[0m [2mhyper::proto::h1::io[0m[2m:[0m parsed 4 headers
[2m2025-12-10T10:12:01.410594Z[0m [34mDEBUG[0m [2mhyper::proto::h1::conn[0m[2m:[0m incoming body is content-length (770 bytes)
[2m2025-12-10T10:12:01.410606Z[0m [34mDEBUG[0m [2mhyper::proto::h1::conn[0m[2m:[0m incoming body completed
[2m2025-12-10T10:12:01.410626Z[0m [34mDEBUG[0m [2mhyper::client::pool[0m[2m:[0m pooling idle connection for ("http", 192.168.0.14:8545)
[2m2025-12-10T10:12:01.410635Z[0m [34mDEBUG[0m [2methereum_transaction_pool_monitor::eth_client[0m[2m:[0m 📡 Transaction fetch RPC completed in 5.886333ms
[2m2025-12-10T10:12:01.410664Z[0m [34mDEBUG[0m [2methereum_transaction_pool_monitor::eth_client[0m[2m:[0m DeFi transaction detected - Address: 0xdac17f958d2ee523a2206206994597c13d831ec7, Type: Stablecoin, Value: 0 ETH, Gas: 1.75 Gwei
[2m2025-12-10T10:12:01.410681Z[0m [34mDEBUG[0m [2methereum_transaction_pool_monitor::eth_client[0m[2m:[0m ✅ Transaction 0xc40516811b3b469d1a16031fbc0614fb941fb170be38f676e357b9fc1fdb46e5 fetched and parsed in 5.932125ms
[2m2025-12-10T10:12:01.410688Z[0m [34mDEBUG[0m [2methereum_transaction_pool_monitor::mempool_monitor[0m[2m:[0m 🔍 Skipping tx 0xc40516811b3b469d1a16031fbc0614fb941fb170be38f676e357b9fc1fdb46e5 - not a DEX interaction (target: 0xdAC17F958D2ee523a2206206994597C13D831ec7)
[2m2025-12-10T10:12:01.410696Z[0m [34mDEBUG[0m [2methereum_transaction_pool_monitor::mempool_monitor[0m[2m:[0m 📨 Processing new pending transaction: 0xcc08db9828676a21cf45c0baa992ff8b267c0ab9e5cbdb8968f07a79e39acaec
[2m2025-12-10T10:12:01.410701Z[0m [34mDEBUG[0m [2methereum_transaction_pool_monitor::mempool_monitor[0m[2m:[0m 🔍 Fetching transaction details for: 0xcc08db9828676a21cf45c0baa992ff8b267c0ab9e5cbdb8968f07a79e39acaec
[2m2025-12-10T10:12:01.410705Z[0m [34mDEBUG[0m [2methereum_transaction_pool_monitor::eth_client[0m[2m:[0m 🔍 Fetching transaction details for hash: 0xcc08db9828676a21cf45c0baa992ff8b267c0ab9e5cbdb8968f07a79e39acaec
[2m2025-12-10T10:12:01.410725Z[0m [34mDEBUG[0m [2mhyper::client::pool[0m[2m:[0m reuse idle connection for ("http", 192.168.0.14:8545)
[2m2025-12-10T10:12:01.410753Z[0m [34mDEBUG[0m [2mhyper::proto::h1::io[0m[2m:[0m flushed 250 bytes
[2m2025-12-10T10:12:01.412188Z[0m [34mDEBUG[0m [2mhyper::proto::h1::io[0m[2m:[0m parsed 4 headers
[2m2025-12-10T10:12:01.412197Z[0m [34mDEBUG[0m [2mhyper::proto::h1::conn[0m[2m:[0m incoming body is content-length (45 bytes)
[2m2025-12-10T10:12:01.412205Z[0m [34mDEBUG[0m [2mhyper::proto::h1::conn[0m[2m:[0m incoming body completed
[2m2025-12-10T10:12:01.412215Z[0m [34mDEBUG[0m [2mhyper::client::pool[0m[2m:[0m pooling idle connection for ("http", 192.168.0.14:8545)
[2m2025-12-10T10:12:01.417850Z[0m [34mDEBUG[0m [2mhyper::proto::h1::io[0m[2m:[0m parsed 4 headers
[2m2025-12-10T10:12:01.417859Z[0m [34mDEBUG[0m [2mhyper::proto::h1::conn[0m[2m:[0m incoming body is content-length (770 bytes)
[2m2025-12-10T10:12:01.417864Z[0m [34mDEBUG[0m [2mhyper::proto::h1::conn[0m[2m:[0m incoming body completed
[2m2025-12-10T10:12:01.417871Z[0m [34mDEBUG[0m [2mhyper::client::pool[0m[2m:[0m pooling idle connection for ("http", 192.168.0.14:8545)
[2m2025-12-10T10:12:01.417876Z[0m [34mDEBUG[0m [2methereum_transaction_pool_monitor::eth_client[0m[2m:[0m 📡 Transaction fetch RPC completed in 7.166916ms
[2m2025-12-10T10:12:01.489903Z[0m [34mDEBUG[0m [2methereum_transaction_pool_monitor::eth_client[0m[2m:[0m ✅ Transaction 0xcc08db9828676a21cf45c0baa992ff8b267c0ab9e5cbdb8968f07a79e39acaec fetched and parsed in 79.191208ms
[2m2025-12-10T10:12:01.489932Z[0m [34mDEBUG[0m [2methereum_transaction_pool_monitor::mempool_monitor[0m[2m:[0m 🔍 Skipping tx 0xcc08db9828676a21cf45c0baa992ff8b267c0ab9e5cbdb8968f07a79e39acaec - not a DEX interaction (target: 0xdeFA4e8a7bcBA345F687a2f1456F5Edd9CE97202)
[2m2025-12-10T10:12:01.489942Z[0m [34mDEBUG[0m [2methereum_transaction_pool_monitor::mempool_monitor[0m[2m:[0m 📨 Processing new pending transaction: 0x8dfb5d28884cecd46d9942cb6fc6797d3676d8a83e11e5498fc75f621f69efa5
[2m2025-12-10T10:12:01.489959Z[0m [34mDEBUG[0m [2methereum_transaction_pool_monitor::mempool_monitor[0m[2m:[0m 🔍 Fetching transaction details for: 0x8dfb5d28884cecd46d9942cb6fc6797d3676d8a83e11e5498fc75f621f69efa5
[2m2025-12-10T10:12:01.489968Z[0m [34mDEBUG[0m [2methereum_transaction_pool_monitor::eth_client[0m[2m:[0m 🔍 Fetching transaction details for hash: 0x8dfb5d28884cecd46d9942cb6fc6797d3676d8a83e11e5498fc75f621f69efa5
[2m2025-12-10T10:12:01.489988Z[0m [34mDEBUG[0m [2mhyper::client::pool[0m[2m:[0m reuse idle connection for ("http", 192.168.0.14:8545)
[2m2025-12-10T10:12:01.490025Z[0m [34mDEBUG[0m [2mhyper::proto::h1::io[0m[2m:[0m flushed 250 bytes
[2m2025-12-10T10:12:01.490045Z[0m [34mDEBUG[0m [2methereum_transaction_pool_monitor::eth_client[0m[2m:[0m 📨 Received WebSocket message: {"jsonrpc":"2.0","method":"eth_subscription","params":{"subscription":"0xbed0a0851463e895960a451075a301a9","result":"0xa9204d1dbdb2ae21b7c9a0612758eb6418da35da292b0318ad321b5de22e52b4"}}
[2m2025-12-10T10:12:01.490055Z[0m [34mDEBUG[0m [2methereum_transaction_pool_monitor::eth_client[0m[2m:[0m 📨 Received pending transaction: 0xa9204d1dbdb2ae21b7c9a0612758eb6418da35da292b0318ad321b5de22e52b4
[2m2025-12-10T10:12:01.490063Z[0m [34mDEBUG[0m [2methereum_transaction_pool_monitor::eth_client[0m[2m:[0m 📨 Received WebSocket message: {"jsonrpc":"2.0","method":"eth_subscription","params":{"subscription":"0xbed0a0851463e895960a451075a301a9","result":"0x73aaa6da086d50307363854694bb97388d40777a23d222b90cfa57cdcb94e513"}}
[2m2025-12-10T10:12:01.490069Z[0m [34mDEBUG[0m [2methereum_transaction_pool_monitor::eth_client[0m[2m:[0m 📨 Received pending transaction: 0x73aaa6da086d50307363854694bb97388d40777a23d222b90cfa57cdcb94e513
[2m2025-12-10T10:12:01.490074Z[0m [34mDEBUG[0m [2methereum_transaction_pool_monitor::eth_client[0m[2m:[0m 📨 Received WebSocket message: {"jsonrpc":"2.0","method":"eth_subscription","params":{"subscription":"0xbed0a0851463e895960a451075a301a9","result":"0xf389e95eeb6245d86eb229448e734146e9ddeb3b0040805ad6449ef07a852052"}}
[2m2025-12-10T10:12:01.490080Z[0m [34mDEBUG[0m [2methereum_transaction_pool_monitor::eth_client[0m[2m:[0m 📨 Received pending transaction: 0xf389e95eeb6245d86eb229448e734146e9ddeb3b0040805ad6449ef07a852052
[2m2025-12-10T10:12:01.490085Z[0m [34mDEBUG[0m [2methereum_transaction_pool_monitor::eth_client[0m[2m:[0m 📨 Received WebSocket message: {"jsonrpc":"2.0","method":"eth_subscription","params":{"subscription":"0xbed0a0851463e895960a451075a301a9","result":"0xd1fd324d4ed752f5d3a1c59d1b1d0f2d53292eaa4ba240979e2a5836e091b86d"}}
[2m2025-12-10T10:12:01.490090Z[0m [34mDEBUG[0m [2methereum_transaction_pool_monitor::eth_client[0m[2m:[0m 📨 Received pending transaction: 0xd1fd324d4ed752f5d3a1c59d1b1d0f2d53292eaa4ba240979e2a5836e091b86d
[2m2025-12-10T10:12:01.490095Z[0m [34mDEBUG[0m [2methereum_transaction_pool_monitor::eth_client[0m[2m:[0m 📨 Received WebSocket message: {"jsonrpc":"2.0","method":"eth_subscription","params":{"subscription":"0xbed0a0851463e895960a451075a301a9","result":"0xf70747d95157331b3d69d2aca220db7a0429cc614c2d73b18e2204201e923cda"}}
[2m2025-12-10T10:12:01.490101Z[0m [34mDEBUG[0m [2methereum_transaction_pool_monitor::eth_client[0m[2m:[0m 📨 Received pending transaction: 0xf70747d95157331b3d69d2aca220db7a0429cc614c2d73b18e2204201e923cda
[2m2025-12-10T10:12:01.497400Z[0m [34mDEBUG[0m [2mhyper::proto::h1::io[0m[2m:[0m parsed 4 headers
[2m2025-12-10T10:12:01.497400Z[0m [34mDEBUG[0m [2mhyper::client::pool[0m[2m:[0m reuse idle connection for ("http", 192.168.0.14:8545)
[2m2025-12-10T10:12:01.497412Z[0m [34mDEBUG[0m [2mhyper::proto::h1::conn[0m[2m:[0m incoming body is content-length (2325 bytes)
[2m2025-12-10T10:12:01.497434Z[0m [34mDEBUG[0m [2mhyper::proto::h1::conn[0m[2m:[0m incoming body completed
[2m2025-12-10T10:12:01.497442Z[0m [34mDEBUG[0m [2mhyper::proto::h1::io[0m[2m:[0m flushed 172 bytes
[2m2025-12-10T10:12:01.497444Z[0m [34mDEBUG[0m [2mhyper::client::pool[0m[2m:[0m pooling idle connection for ("http", 192.168.0.14:8545)
[2m2025-12-10T10:12:01.497461Z[0m [34mDEBUG[0m [2methereum_transaction_pool_monitor::eth_client[0m[2m:[0m 📡 Transaction fetch RPC completed in 7.486542ms
[2m2025-12-10T10:12:01.504062Z[0m [34mDEBUG[0m [2mhyper::proto::h1::io[0m[2m:[0m parsed 4 headers
[2m2025-12-10T10:12:01.504071Z[0m [34mDEBUG[0m [2mhyper::proto::h1::conn[0m[2m:[0m incoming body is content-length (45 bytes)
[2m2025-12-10T10:12:01.504076Z[0m [34mDEBUG[0m [2mhyper::proto::h1::conn[0m[2m:[0m incoming body completed
[2m2025-12-10T10:12:01.504083Z[0m [34mDEBUG[0m [2mhyper::client::pool[0m[2m:[0m pooling idle connection for ("http", 192.168.0.14:8545)
[2m2025-12-10T10:12:01.569037Z[0m [34mDEBUG[0m [2methereum_transaction_pool_monitor::eth_client[0m[2m:[0m ✅ Transaction 0x8dfb5d28884cecd46d9942cb6fc6797d3676d8a83e11e5498fc75f621f69efa5 fetched and parsed in 79.060208ms
[2m2025-12-10T10:12:01.569063Z[0m [34mDEBUG[0m [2methereum_transaction_pool_monitor::mempool_monitor[0m[2m:[0m 🔍 Skipping tx 0x8dfb5d28884cecd46d9942cb6fc6797d3676d8a83e11e5498fc75f621f69efa5 - not a DEX interaction (target: 0x66a9893cC07D91D95644AEDD05D03f95e1dBA8Af)
[2m2025-12-10T10:12:01.569074Z[0m [34mDEBUG[0m [2methereum_transaction_pool_monitor::mempool_monitor[0m[2m:[0m 📨 Processing new pending transaction: 0x78e8a1cbfbdd72f5b8b3f1f7874d46addf1747cec45b9bde9f978a5c58008bca
[2m2025-12-10T10:12:01.569081Z[0m [34mDEBUG[0m [2methereum_transaction_pool_monitor::mempool_monitor[0m[2m:[0m 🔍 Fetching transaction details for: 0x78e8a1cbfbdd72f5b8b3f1f7874d46addf1747cec45b9bde9f978a5c58008bca
[2m2025-12-10T10:12:01.569086Z[0m [34mDEBUG[0m [2methereum_transaction_pool_monitor::eth_client[0m[2m:[0m 🔍 Fetching transaction details for hash: 0x78e8a1cbfbdd72f5b8b3f1f7874d46addf1747cec45b9bde9f978a5c58008bca
[2m2025-12-10T10:12:01.569104Z[0m [34mDEBUG[0m [2mhyper::client::pool[0m[2m:[0m reuse idle connection for ("http", 192.168.0.14:8545)
[2m2025-12-10T10:12:01.569144Z[0m [34mDEBUG[0m [2mhyper::proto::h1::io[0m[2m:[0m flushed 250 bytes
[2m2025-12-10T10:12:01.570795Z[0m [34mDEBUG[0m [2methereum_transaction_pool_monitor::eth_client[0m[2m:[0m 📨 Received WebSocket message: {"jsonrpc":"2.0","method":"eth_subscription","params":{"subscription":"0xbed0a0851463e895960a451075a301a9","result":"0x37a978b16026870672ec368c42ea4aed76a7b94586969b7ccf4827fec7eae2d3"}}
[2m2025-12-10T10:12:01.570820Z[0m [34mDEBUG[0m [2methereum_transaction_pool_monitor::eth_client[0m[2m:[0m 📨 Received pending transaction: 0x37a978b16026870672ec368c42ea4aed76a7b94586969b7ccf4827fec7eae2d3
[2m2025-12-10T10:12:01.574715Z[0m [34mDEBUG[0m [2methereum_transaction_pool_monitor::eth_client[0m[2m:[0m 📨 Received WebSocket message: {"jsonrpc":"2.0","method":"eth_subscription","params":{"subscription":"0xbed0a0851463e895960a451075a301a9","result":"0xf95e2a6ddc256cd4de52dc74c5d6cd8be0e20c70c43d59a6887c26223215d3b5"}}
[2m2025-12-10T10:12:01.574724Z[0m [34mDEBUG[0m [2methereum_transaction_pool_monitor::eth_client[0m[2m:[0m 📨 Received pending transaction: 0xf95e2a6ddc256cd4de52dc74c5d6cd8be0e20c70c43d59a6887c26223215d3b5
[2m2025-12-10T10:12:01.575500Z[0m [34mDEBUG[0m [2mhyper::proto::h1::io[0m[2m:[0m parsed 4 headers
[2m2025-12-10T10:12:01.575507Z[0m [34mDEBUG[0m [2mhyper::proto::h1::conn[0m[2m:[0m incoming body is content-length (770 bytes)
[2m2025-12-10T10:12:01.575515Z[0m [34mDEBUG[0m [2mhyper::proto::h1::conn[0m[2m:[0m incoming body completed
[2m2025-12-10T10:12:01.575524Z[0m [34mDEBUG[0m [2mhyper::client::pool[0m[2m:[0m pooling idle connection for ("http", 192.168.0.14:8545)
[2m2025-12-10T10:12:01.575532Z[0m [34mDEBUG[0m [2methereum_transaction_pool_monitor::eth_client[0m[2m:[0m 📡 Transaction fetch RPC completed in 6.44075ms
[2m2025-12-10T10:12:01.575545Z[0m [34mDEBUG[0m [2methereum_transaction_pool_monitor::eth_client[0m[2m:[0m DeFi transaction detected - Address: 0xdac17f958d2ee523a2206206994597c13d831ec7, Type: Stablecoin, Value: 0 ETH, Gas: 1.75 Gwei
[2m2025-12-10T10:12:01.575559Z[0m [34mDEBUG[0m [2methereum_transaction_pool_monitor::eth_client[0m[2m:[0m ✅ Transaction 0x78e8a1cbfbdd72f5b8b3f1f7874d46addf1747cec45b9bde9f978a5c58008bca fetched and parsed in 6.468083ms
[2m2025-12-10T10:12:01.575566Z[0m [34mDEBUG[0m [2methereum_transaction_pool_monitor::mempool_monitor[0m[2m:[0m 🔍 Skipping tx 0x78e8a1cbfbdd72f5b8b3f1f7874d46addf1747cec45b9bde9f978a5c58008bca - not a DEX interaction (target: 0xdAC17F958D2ee523a2206206994597C13D831ec7)
[2m2025-12-10T10:12:01.575574Z[0m [34mDEBUG[0m [2methereum_transaction_pool_monitor::mempool_monitor[0m[2m:[0m 📨 Processing new pending transaction: 0x608749c3ff6e76c2460afe0d4317df6acd64080c5765c4c8caa796b7d80936a6
[2m2025-12-10T10:12:01.575579Z[0m [34mDEBUG[0m [2methereum_transaction_pool_monitor::mempool_monitor[0m[2m:[0m 🔍 Fetching transaction details for: 0x608749c3ff6e76c2460afe0d4317df6acd64080c5765c4c8caa796b7d80936a6
[2m2025-12-10T10:12:01.575583Z[0m [34mDEBUG[0m [2methereum_transaction_pool_monitor::eth_client[0m[2m:[0m 🔍 Fetching transaction details for hash: 0x608749c3ff6e76c2460afe0d4317df6acd64080c5765c4c8caa796b7d80936a6
[2m2025-12-10T10:12:01.575597Z[0m [34mDEBUG[0m [2mhyper::client::pool[0m[2m:[0m reuse idle connection for ("http", 192.168.0.14:8545)
[2m2025-12-10T10:12:01.575611Z[0m [34mDEBUG[0m [2mhyper::proto::h1::io[0m[2m:[0m flushed 250 bytes
[2m2025-12-10T10:12:01.581994Z[0m [34mDEBUG[0m [2mhyper::proto::h1::io[0m[2m:[0m parsed 4 headers
[2m2025-12-10T10:12:01.582006Z[0m [34mDEBUG[0m [2mhyper::proto::h1::conn[0m[2m:[0m incoming body is content-length (770 bytes)
[2m2025-12-10T10:12:01.582012Z[0m [34mDEBUG[0m [2mhyper::proto::h1::conn[0m[2m:[0m incoming body completed
[2m2025-12-10T10:12:01.582019Z[0m [34mDEBUG[0m [2mhyper::client::pool[0m[2m:[0m pooling idle connection for ("http", 192.168.0.14:8545)
[2m2025-12-10T10:12:01.582025Z[0m [34mDEBUG[0m [2methereum_transaction_pool_monitor::eth_client[0m[2m:[0m 📡 Transaction fetch RPC completed in 6.436792ms
[2m2025-12-10T10:12:01.582035Z[0m [34mDEBUG[0m [2methereum_transaction_pool_monitor::eth_client[0m[2m:[0m DeFi transaction detected - Address: 0xdac17f958d2ee523a2206206994597c13d831ec7, Type: Stablecoin, Value: 0 ETH, Gas: 1.75 Gwei
[2m2025-12-10T10:12:01.582044Z[0m [34mDEBUG[0m [2methereum_transaction_pool_monitor::eth_client[0m[2m:[0m ✅ Transaction 0x608749c3ff6e76c2460afe0d4317df6acd64080c5765c4c8caa796b7d80936a6 fetched and parsed in 6.456375ms
[2m2025-12-10T10:12:01.582050Z[0m [34mDEBUG[0m [2methereum_transaction_pool_monitor::mempool_monitor[0m[2m:[0m 🔍 Skipping tx 0x608749c3ff6e76c2460afe0d4317df6acd64080c5765c4c8caa796b7d80936a6 - not a DEX interaction (target: 0xdAC17F958D2ee523a2206206994597C13D831ec7)
[2m2025-12-10T10:12:01.582061Z[0m [34mDEBUG[0m [2methereum_transaction_pool_monitor::mempool_monitor[0m[2m:[0m 📨 Processing new pending transaction: 0x32bf563990ed80dea05da873a411cc46c3e58f1d5a58a00f37fe7409a4230cff
[2m2025-12-10T10:12:01.582065Z[0m [34mDEBUG[0m [2methereum_transaction_pool_monitor::mempool_monitor[0m[2m:[0m 🔍 Fetching transaction details for: 0x32bf563990ed80dea05da873a411cc46c3e58f1d5a58a00f37fe7409a4230cff
[2m2025-12-10T10:12:01.582303Z[0m [34mDEBUG[0m [2methereum_transaction_pool_monitor::eth_client[0m[2m:[0m 🔍 Fetching transaction details for hash: 0x32bf563990ed80dea05da873a411cc46c3e58f1d5a58a00f37fe7409a4230cff
[2m2025-12-10T10:12:01.582317Z[0m [34mDEBUG[0m [2mhyper::client::pool[0m[2m:[0m reuse idle connection for ("http", 192.168.0.14:8545)
[2m2025-12-10T10:12:01.582340Z[0m [34mDEBUG[0m [2mhyper::proto::h1::io[0m[2m:[0m flushed 250 bytes
[2m2025-12-10T10:12:01.590902Z[0m [34mDEBUG[0m [2mhyper::proto::h1::io[0m[2m:[0m parsed 4 headers
[2m2025-12-10T10:12:01.590909Z[0m [34mDEBUG[0m [2mhyper::proto::h1::conn[0m[2m:[0m incoming body is content-length (770 bytes)
[2m2025-12-10T10:12:01.590915Z[0m [34mDEBUG[0m [2mhyper::proto::h1::conn[0m[2m:[0m incoming body completed
[2m2025-12-10T10:12:01.590923Z[0m [34mDEBUG[0m [2mhyper::client::pool[0m[2m:[0m pooling idle connection for ("http", 192.168.0.14:8545)
[2m2025-12-10T10:12:01.590928Z[0m [34mDEBUG[0m [2methereum_transaction_pool_monitor::eth_client[0m[2m:[0m 📡 Transaction fetch RPC completed in 8.618917ms
[2m2025-12-10T10:12:01.590940Z[0m [34mDEBUG[0m [2methereum_transaction_pool_monitor::eth_client[0m[2m:[0m DeFi transaction detected - Address: 0xdac17f958d2ee523a2206206994597c13d831ec7, Type: Stablecoin, Value: 0 ETH, Gas: 1.75 Gwei
[2m2025-12-10T10:12:01.590950Z[0m [34mDEBUG[0m [2methereum_transaction_pool_monitor::eth_client[0m[2m:[0m ✅ Transaction 0x32bf563990ed80dea05da873a411cc46c3e58f1d5a58a00f37fe7409a4230cff fetched and parsed in 8.640709ms
[2m2025-12-10T10:12:01.590958Z[0m [34mDEBUG[0m [2methereum_transaction_pool_monitor::mempool_monitor[0m[2m:[0m 🔍 Skipping tx 0x32bf563990ed80dea05da873a411cc46c3e58f1d5a58a00f37fe7409a4230cff - not a DEX interaction (target: 0xdAC17F958D2ee523a2206206994597C13D831ec7)
[2m2025-12-10T10:12:01.590965Z[0m [34mDEBUG[0m [2methereum_transaction_pool_monitor::mempool_monitor[0m[2m:[0m 📨 Processing new pending transaction: 0xe2afa3d6b5d96a91326391a9afb4d3bab3f7dd6b11a4d0494e6bda85f15324bc
[2m2025-12-10T10:12:01.590969Z[0m [34mDEBUG[0m [2methereum_transaction_pool_monitor::mempool_monitor[0m[2m:[0m 🔍 Fetching transaction details for: 0xe2afa3d6b5d96a91326391a9afb4d3bab3f7dd6b11a4d0494e6bda85f15324bc
[2m2025-12-10T10:12:01.590973Z[0m [34mDEBUG[0m [2methereum_transaction_pool_monitor::eth_client[0m[2m:[0m 🔍 Fetching transaction details for hash: 0xe2afa3d6b5d96a91326391a9afb4d3bab3f7dd6b11a4d0494e6bda85f15324bc
[2m2025-12-10T10:12:01.590982Z[0m [34mDEBUG[0m [2mhyper::client::pool[0m[2m:[0m reuse idle connection for ("http", 192.168.0.14:8545)
[2m2025-12-10T10:12:01.590996Z[0m [34mDEBUG[0m [2mhyper::proto::h1::io[0m[2m:[0m flushed 250 bytes
[2m2025-12-10T10:12:01.591793Z[0m [34mDEBUG[0m [2methereum_transaction_pool_monitor::eth_client[0m[2m:[0m 📨 Received WebSocket message: {"jsonrpc":"2.0","method":"eth_subscription","params":{"subscription":"0xbed0a0851463e895960a451075a301a9","result":"0xf15f7442ae0ce6dd8674dc48248d64d50cfb9571e9b4f9efc382fdb6297a12e4"}}
[2m2025-12-10T10:12:01.591802Z[0m [34mDEBUG[0m [2methereum_transaction_pool_monitor::eth_client[0m[2m:[0m 📨 Received pending transaction: 0xf15f7442ae0ce6dd8674dc48248d64d50cfb9571e9b4f9efc382fdb6297a12e4
[2m2025-12-10T10:12:01.599327Z[0m [34mDEBUG[0m [2mhyper::client::pool[0m[2m:[0m reuse idle connection for ("http", 192.168.0.14:8545)
[2m2025-12-10T10:12:01.599361Z[0m [34mDEBUG[0m [2mhyper::proto::h1::io[0m[2m:[0m flushed 172 bytes
[2m2025-12-10T10:12:01.604157Z[0m [34mDEBUG[0m [2mhyper::proto::h1::io[0m[2m:[0m parsed 4 headers
[2m2025-12-10T10:12:01.604179Z[0m [34mDEBUG[0m [2mhyper::proto::h1::conn[0m[2m:[0m incoming body is content-length (770 bytes)
[2m2025-12-10T10:12:01.604214Z[0m [34mDEBUG[0m [2mhyper::proto::h1::conn[0m[2m:[0m incoming body completed
[2m2025-12-10T10:12:01.604237Z[0m [34mDEBUG[0m [2mhyper::client::pool[0m[2m:[0m pooling idle connection for ("http", 192.168.0.14:8545)
[2m2025-12-10T10:12:01.604244Z[0m [34mDEBUG[0m [2methereum_transaction_pool_monitor::eth_client[0m[2m:[0m 📡 Transaction fetch RPC completed in 13.267084ms
[2m2025-12-10T10:12:01.604259Z[0m [34mDEBUG[0m [2methereum_transaction_pool_monitor::eth_client[0m[2m:[0m DeFi transaction detected - Address: 0xdac17f958d2ee523a2206206994597c13d831ec7, Type: Stablecoin, Value: 0 ETH, Gas: 1.75 Gwei
[2m2025-12-10T10:12:01.604271Z[0m [34mDEBUG[0m [2methereum_transaction_pool_monitor::eth_client[0m[2m:[0m ✅ Transaction 0xe2afa3d6b5d96a91326391a9afb4d3bab3f7dd6b11a4d0494e6bda85f15324bc fetched and parsed in 13.293709ms
[2m2025-12-10T10:12:01.604276Z[0m [34mDEBUG[0m [2methereum_transaction_pool_monitor::mempool_monitor[0m[2m:[0m 🔍 Skipping tx 0xe2afa3d6b5d96a91326391a9afb4d3bab3f7dd6b11a4d0494e6bda85f15324bc - not a DEX interaction (target: 0xdAC17F958D2ee523a2206206994597C13D831ec7)
[2m2025-12-10T10:12:01.604284Z[0m [34mDEBUG[0m [2methereum_transaction_pool_monitor::mempool_monitor[0m[2m:[0m 📨 Processing new pending transaction: 0x2d7d5ed8894a104f32098c03b94f7c69babfc5d3d21bf5f9c1c8c1e9bb6143d9
[2m2025-12-10T10:12:01.604288Z[0m [34mDEBUG[0m [2methereum_transaction_pool_monitor::mempool_monitor[0m[2m:[0m 🔍 Fetching transaction details for: 0x2d7d5ed8894a104f32098c03b94f7c69babfc5d3d21bf5f9c1c8c1e9bb6143d9
[2m2025-12-10T10:12:01.604292Z[0m [34mDEBUG[0m [2methereum_transaction_pool_monitor::eth_client[0m[2m:[0m 🔍 Fetching transaction details for hash: 0x2d7d5ed8894a104f32098c03b94f7c69babfc5d3d21bf5f9c1c8c1e9bb6143d9
[2m2025-12-10T10:12:01.604301Z[0m [34mDEBUG[0m [2mhyper::client::pool[0m[2m:[0m reuse idle connection for ("http", 192.168.0.14:8545)
[2m2025-12-10T10:12:01.604321Z[0m [34mDEBUG[0m [2mhyper::proto::h1::io[0m[2m:[0m flushed 250 bytes
[2m2025-12-10T10:12:01.609538Z[0m [34mDEBUG[0m [2mhyper::proto::h1::io[0m[2m:[0m parsed 4 headers
[2m2025-12-10T10:12:01.609548Z[0m [34mDEBUG[0m [2mhyper::proto::h1::conn[0m[2m:[0m incoming body is content-length (45 bytes)
[2m2025-12-10T10:12:01.609554Z[0m [34mDEBUG[0m [2mhyper::proto::h1::conn[0m[2m:[0m incoming body completed
[2m2025-12-10T10:12:01.609562Z[0m [34mDEBUG[0m [2mhyper::client::pool[0m[2m:[0m pooling idle connection for ("http", 192.168.0.14:8545)
[2m2025-12-10T10:12:01.613434Z[0m [34mDEBUG[0m [2mhyper::proto::h1::io[0m[2m:[0m parsed 4 headers
[2m2025-12-10T10:12:01.613445Z[0m [34mDEBUG[0m [2mhyper::proto::h1::conn[0m[2m:[0m incoming body is content-length (770 bytes)
[2m2025-12-10T10:12:01.613450Z[0m [34mDEBUG[0m [2mhyper::proto::h1::conn[0m[2m:[0m incoming body completed
[2m2025-12-10T10:12:01.613456Z[0m [34mDEBUG[0m [2mhyper::client::pool[0m[2m:[0m pooling idle connection for ("http", 192.168.0.14:8545)
[2m2025-12-10T10:12:01.613461Z[0m [34mDEBUG[0m [2methereum_transaction_pool_monitor::eth_client[0m[2m:[0m 📡 Transaction fetch RPC completed in 9.165542ms
[2m2025-12-10T10:12:01.613472Z[0m [34mDEBUG[0m [2methereum_transaction_pool_monitor::eth_client[0m[2m:[0m DeFi transaction detected - Address: 0xdac17f958d2ee523a2206206994597c13d831ec7, Type: Stablecoin, Value: 0 ETH, Gas: 1.75 Gwei
[2m2025-12-10T10:12:01.613482Z[0m [34mDEBUG[0m [2methereum_transaction_pool_monitor::eth_client[0m[2m:[0m ✅ Transaction 0x2d7d5ed8894a104f32098c03b94f7c69babfc5d3d21bf5f9c1c8c1e9bb6143d9 fetched and parsed in 9.186ms
[2m2025-12-10T10:12:01.613487Z[0m [34mDEBUG[0m [2methereum_transaction_pool_monitor::mempool_monitor[0m[2m:[0m 🔍 Skipping tx 0x2d7d5ed8894a104f32098c03b94f7c69babfc5d3d21bf5f9c1c8c1e9bb6143d9 - not a DEX interaction (target: 0xdAC17F958D2ee523a2206206994597C13D831ec7)
[2m2025-12-10T10:12:01.613494Z[0m [34mDEBUG[0m [2methereum_transaction_pool_monitor::mempool_monitor[0m[2m:[0m 📨 Processing new pending transaction: 0x8ddf018ef5d8e225b2140fe15b98c83dab8e1bda616a1e8d0d5639da38c79c7f
[2m2025-12-10T10:12:01.613498Z[0m [34mDEBUG[0m [2methereum_transaction_pool_monitor::mempool_monitor[0m[2m:[0m 🔍 Fetching transaction details for: 0x8ddf018ef5d8e225b2140fe15b98c83dab8e1bda616a1e8d0d5639da38c79c7f
[2m2025-12-10T10:12:01.613501Z[0m [34mDEBUG[0m [2methereum_transaction_pool_monitor::eth_client[0m[2m:[0m 🔍 Fetching transaction details for hash: 0x8ddf018ef5d8e225b2140fe15b98c83dab8e1bda616a1e8d0d5639da38c79c7f
[2m2025-12-10T10:12:01.613512Z[0m [34mDEBUG[0m [2mhyper::client::pool[0m[2m:[0m reuse idle connection for ("http", 192.168.0.14:8545)
[2m2025-12-10T10:12:01.613534Z[0m [34mDEBUG[0m [2mhyper::proto::h1::io[0m[2m:[0m flushed 250 bytes
[2m2025-12-10T10:12:01.622786Z[0m [34mDEBUG[0m [2methereum_transaction_pool_monitor::eth_client[0m[2m:[0m 📨 Received WebSocket message: {"jsonrpc":"2.0","method":"eth_subscription","params":{"subscription":"0xbed0a0851463e895960a451075a301a9","result":"0x2decb66cfbfaa81d287f67aebf54347d5b4113ccbdfc9433298fd9c1d638251b"}}
[2m2025-12-10T10:12:01.622819Z[0m [34mDEBUG[0m [2methereum_transaction_pool_monitor::eth_client[0m[2m:[0m 📨 Received pending transaction: 0x2decb66cfbfaa81d287f67aebf54347d5b4113ccbdfc9433298fd9c1d638251b
[2m2025-12-10T10:12:01.628263Z[0m [34mDEBUG[0m [2methereum_transaction_pool_monitor::eth_client[0m[2m:[0m 📨 Received WebSocket message: {"jsonrpc":"2.0","method":"eth_subscription","params":{"subscription":"0xbed0a0851463e895960a451075a301a9","result":"0xaf2cea55a314eb2ab9e5af7ddc84b9e678a6df9f270c6f5263a897a2b647b8eb"}}
[2m2025-12-10T10:12:01.628278Z[0m [34mDEBUG[0m [2methereum_transaction_pool_monitor::eth_client[0m[2m:[0m 📨 Received pending transaction: 0xaf2cea55a314eb2ab9e5af7ddc84b9e678a6df9f270c6f5263a897a2b647b8eb
[2m2025-12-10T10:12:01.628266Z[0m [34mDEBUG[0m [2mhyper::proto::h1::io[0m[2m:[0m parsed 4 headers
[2m2025-12-10T10:12:01.628336Z[0m [34mDEBUG[0m [2mhyper::proto::h1::conn[0m[2m:[0m incoming body is content-length (770 bytes)
[2m2025-12-10T10:12:01.628346Z[0m [34mDEBUG[0m [2mhyper::proto::h1::conn[0m[2m:[0m incoming body completed
[2m2025-12-10T10:12:01.628355Z[0m [34mDEBUG[0m [2mhyper::client::pool[0m[2m:[0m pooling idle connection for ("http", 192.168.0.14:8545)
[2m2025-12-10T10:12:01.628362Z[0m [34mDEBUG[0m [2methereum_transaction_pool_monitor::eth_client[0m[2m:[0m 📡 Transaction fetch RPC completed in 14.856417ms
[2m2025-12-10T10:12:01.628375Z[0m [34mDEBUG[0m [2methereum_transaction_pool_monitor::eth_client[0m[2m:[0m DeFi transaction detected - Address: 0xdac17f958d2ee523a2206206994597c13d831ec7, Type: Stablecoin, Value: 0 ETH, Gas: 1.75 Gwei
[2m2025-12-10T10:12:01.628385Z[0m [34mDEBUG[0m [2methereum_transaction_pool_monitor::eth_client[0m[2m:[0m ✅ Transaction 0x8ddf018ef5d8e225b2140fe15b98c83dab8e1bda616a1e8d0d5639da38c79c7f fetched and parsed in 14.88025ms
[2m2025-12-10T10:12:01.628391Z[0m [34mDEBUG[0m [2methereum_transaction_pool_monitor::mempool_monitor[0m[2m:[0m 🔍 Skipping tx 0x8ddf018ef5d8e225b2140fe15b98c83dab8e1bda616a1e8d0d5639da38c79c7f - not a DEX interaction (target: 0xdAC17F958D2ee523a2206206994597C13D831ec7)
[2m2025-12-10T10:12:01.628398Z[0m [34mDEBUG[0m [2methereum_transaction_pool_monitor::mempool_monitor[0m[2m:[0m 📨 Processing new pending transaction: 0xc7edad606abcb8d346de85dc475d7e6f4e84898f18153701aa25e48412a55545
[2m2025-12-10T10:12:01.628402Z[0m [34mDEBUG[0m [2methereum_transaction_pool_monitor::mempool_monitor[0m[2m:[0m 🔍 Fetching transaction details for: 0xc7edad606abcb8d346de85dc475d7e6f4e84898f18153701aa25e48412a55545
[2m2025-12-10T10:12:01.628406Z[0m [34mDEBUG[0m [2methereum_transaction_pool_monitor::eth_client[0m[2m:[0m 🔍 Fetching transaction details for hash: 0xc7edad606abcb8d346de85dc475d7e6f4e84898f18153701aa25e48412a55545
[2m2025-12-10T10:12:01.628418Z[0m [34mDEBUG[0m [2mhyper::client::pool[0m[2m:[0m reuse idle connection for ("http", 192.168.0.14:8545)
[2m2025-12-10T10:12:01.628432Z[0m [34mDEBUG[0m [2mhyper::proto::h1::io[0m[2m:[0m flushed 250 bytes
[2m2025-12-10T10:12:01.637837Z[0m [34mDEBUG[0m [2mhyper::proto::h1::io[0m[2m:[0m parsed 4 headers
[2m2025-12-10T10:12:01.637878Z[0m [34mDEBUG[0m [2mhyper::proto::h1::conn[0m[2m:[0m incoming body is content-length (771 bytes)
[2m2025-12-10T10:12:01.637892Z[0m [34mDEBUG[0m [2mhyper::proto::h1::conn[0m[2m:[0m incoming body completed
[2m2025-12-10T10:12:01.637922Z[0m [34mDEBUG[0m [2mhyper::client::pool[0m[2m:[0m pooling idle connection for ("http", 192.168.0.14:8545)
[2m2025-12-10T10:12:01.637930Z[0m [34mDEBUG[0m [2methereum_transaction_pool_monitor::eth_client[0m[2m:[0m 📡 Transaction fetch RPC completed in 9.520667ms
[2m2025-12-10T10:12:01.710001Z[0m [34mDEBUG[0m [2methereum_transaction_pool_monitor::eth_client[0m[2m:[0m ✅ Transaction 0xc7edad606abcb8d346de85dc475d7e6f4e84898f18153701aa25e48412a55545 fetched and parsed in 81.589334ms
[2m2025-12-10T10:12:01.710034Z[0m [34mDEBUG[0m [2methereum_transaction_pool_monitor::mempool_monitor[0m[2m:[0m 🔍 Skipping tx 0xc7edad606abcb8d346de85dc475d7e6f4e84898f18153701aa25e48412a55545 - not a DEX interaction (target: 0xA0b86991c6218b36c1d19D4a2e9Eb0cE3606eB48)
[2m2025-12-10T10:12:01.710048Z[0m [34mDEBUG[0m [2methereum_transaction_pool_monitor::mempool_monitor[0m[2m:[0m 📨 Processing new pending transaction: 0xa9204d1dbdb2ae21b7c9a0612758eb6418da35da292b0318ad321b5de22e52b4
[2m2025-12-10T10:12:01.710057Z[0m [34mDEBUG[0m [2methereum_transaction_pool_monitor::mempool_monitor[0m[2m:[0m 🔍 Fetching transaction details for: 0xa9204d1dbdb2ae21b7c9a0612758eb6418da35da292b0318ad321b5de22e52b4
[2m2025-12-10T10:12:01.710065Z[0m [34mDEBUG[0m [2methereum_transaction_pool_monitor::eth_client[0m[2m:[0m 🔍 Fetching transaction details for hash: 0xa9204d1dbdb2ae21b7c9a0612758eb6418da35da292b0318ad321b5de22e52b4
[2m2025-12-10T10:12:01.710084Z[0m [34mDEBUG[0m [2mhyper::client::pool[0m[2m:[0m reuse idle connection for ("http", 192.168.0.14:8545)
[2m2025-12-10T10:12:01.710123Z[0m [34mDEBUG[0m [2mhyper::proto::h1::io[0m[2m:[0m flushed 250 bytes
[2m2025-12-10T10:12:01.710145Z[0m [34mDEBUG[0m [2mhyper::client::pool[0m[2m:[0m reuse idle connection for ("http", 192.168.0.14:8545)
[2m2025-12-10T10:12:01.710154Z[0m [34mDEBUG[0m [2methereum_transaction_pool_monitor::eth_client[0m[2m:[0m 📨 Received WebSocket message: {"jsonrpc":"2.0","method":"eth_subscription","params":{"subscription":"0xbed0a0851463e895960a451075a301a9","result":"0x87f1b4f05ba586e7a5b1d8de7d7fa0943cec249da320b4de3bf19e0b6632a85e"}}
[2m2025-12-10T10:12:01.710160Z[0m [34mDEBUG[0m [2mhyper::proto::h1::io[0m[2m:[0m flushed 172 bytes
[2m2025-12-10T10:12:01.710169Z[0m [34mDEBUG[0m [2methereum_transaction_pool_monitor::eth_client[0m[2m:[0m 📨 Received pending transaction: 0x87f1b4f05ba586e7a5b1d8de7d7fa0943cec249da320b4de3bf19e0b6632a85e
[2m2025-12-10T10:12:01.710186Z[0m [34mDEBUG[0m [2methereum_transaction_pool_monitor::eth_client[0m[2m:[0m 📨 Received WebSocket message: {"jsonrpc":"2.0","method":"eth_subscription","params":{"subscription":"0xbed0a0851463e895960a451075a301a9","result":"0x3d9aa6cc899455a87a9de7d5d16ffbf9f845a1721c7a4c2fda898e8afab63e21"}}
[2m2025-12-10T10:12:01.710193Z[0m [34mDEBUG[0m [2methereum_transaction_pool_monitor::eth_client[0m[2m:[0m 📨 Received pending transaction: 0x3d9aa6cc899455a87a9de7d5d16ffbf9f845a1721c7a4c2fda898e8afab63e21
[2m2025-12-10T10:12:01.716943Z[0m [34mDEBUG[0m [2mhyper::proto::h1::io[0m[2m:[0m parsed 4 headers
[2m2025-12-10T10:12:01.716956Z[0m [34mDEBUG[0m [2mhyper::proto::h1::conn[0m[2m:[0m incoming body is content-length (771 bytes)
[2m2025-12-10T10:12:01.716966Z[0m [34mDEBUG[0m [2mhyper::proto::h1::conn[0m[2m:[0m incoming body completed
[2m2025-12-10T10:12:01.716976Z[0m [34mDEBUG[0m [2mhyper::client::pool[0m[2m:[0m pooling idle connection for ("http", 192.168.0.14:8545)
[2m2025-12-10T10:12:01.716983Z[0m [34mDEBUG[0m [2methereum_transaction_pool_monitor::eth_client[0m[2m:[0m 📡 Transaction fetch RPC completed in 6.912416ms
[2m2025-12-10T10:12:01.716998Z[0m [34mDEBUG[0m [2methereum_transaction_pool_monitor::eth_client[0m[2m:[0m DeFi transaction detected - Address: 0xdac17f958d2ee523a2206206994597c13d831ec7, Type: Stablecoin, Value: 0 ETH, Gas: 1.75 Gwei
[2m2025-12-10T10:12:01.717097Z[0m [34mDEBUG[0m [2methereum_transaction_pool_monitor::eth_client[0m[2m:[0m ✅ Transaction 0xa9204d1dbdb2ae21b7c9a0612758eb6418da35da292b0318ad321b5de22e52b4 fetched and parsed in 7.026333ms
[2m2025-12-10T10:12:01.717104Z[0m [34mDEBUG[0m [2methereum_transaction_pool_monitor::mempool_monitor[0m[2m:[0m 🔍 Skipping tx 0xa9204d1dbdb2ae21b7c9a0612758eb6418da35da292b0318ad321b5de22e52b4 - not a DEX interaction (target: 0xdAC17F958D2ee523a2206206994597C13D831ec7)
[2m2025-12-10T10:12:01.717110Z[0m [34mDEBUG[0m [2methereum_transaction_pool_monitor::mempool_monitor[0m[2m:[0m 📨 Processing new pending transaction: 0x73aaa6da086d50307363854694bb97388d40777a23d222b90cfa57cdcb94e513
[2m2025-12-10T10:12:01.717114Z[0m [34mDEBUG[0m [2methereum_transaction_pool_monitor::mempool_monitor[0m[2m:[0m 🔍 Fetching transaction details for: 0x73aaa6da086d50307363854694bb97388d40777a23d222b90cfa57cdcb94e513
[2m2025-12-10T10:12:01.717118Z[0m [34mDEBUG[0m [2methereum_transaction_pool_monitor::eth_client[0m[2m:[0m 🔍 Fetching transaction details for hash: 0x73aaa6da086d50307363854694bb97388d40777a23d222b90cfa57cdcb94e513
[2m2025-12-10T10:12:01.717127Z[0m [34mDEBUG[0m [2mhyper::client::pool[0m[2m:[0m reuse idle connection for ("http", 192.168.0.14:8545)
[2m2025-12-10T10:12:01.717150Z[0m [34mDEBUG[0m [2mhyper::proto::h1::io[0m[2m:[0m flushed 250 bytes
[2m2025-12-10T10:12:01.719201Z[0m [34mDEBUG[0m [2methereum_transaction_pool_monitor::eth_client[0m[2m:[0m 📨 Received WebSocket message: {"jsonrpc":"2.0","method":"eth_subscription","params":{"subscription":"0xbed0a0851463e895960a451075a301a9","result":"0x07d2b64a9c0da77e469c9b672d1c2102112ed3dac81243088f3770f70d86cad6"}}
[2m2025-12-10T10:12:01.719211Z[0m [34mDEBUG[0m [2methereum_transaction_pool_monitor::eth_client[0m[2m:[0m 📨 Received pending transaction: 0x07d2b64a9c0da77e469c9b672d1c2102112ed3dac81243088f3770f70d86cad6
[2m2025-12-10T10:12:01.719223Z[0m [34mDEBUG[0m [2mhyper::proto::h1::io[0m[2m:[0m parsed 4 headers
[2m2025-12-10T10:12:01.719228Z[0m [34mDEBUG[0m [2mhyper::proto::h1::conn[0m[2m:[0m incoming body is content-length (45 bytes)
[2m2025-12-10T10:12:01.719235Z[0m [34mDEBUG[0m [2mhyper::proto::h1::conn[0m[2m:[0m incoming body completed
[2m2025-12-10T10:12:01.719241Z[0m [34mDEBUG[0m [2mhyper::client::pool[0m[2m:[0m pooling idle connection for ("http", 192.168.0.14:8545)
[2m2025-12-10T10:12:01.726850Z[0m [34mDEBUG[0m [2mhyper::proto::h1::io[0m[2m:[0m parsed 4 headers
[2m2025-12-10T10:12:01.726863Z[0m [34mDEBUG[0m [2mhyper::proto::h1::conn[0m[2m:[0m incoming body is content-length (772 bytes)
[2m2025-12-10T10:12:01.726869Z[0m [34mDEBUG[0m [2mhyper::proto::h1::conn[0m[2m:[0m incoming body completed
[2m2025-12-10T10:12:01.726878Z[0m [34mDEBUG[0m [2mhyper::client::pool[0m[2m:[0m pooling idle connection for ("http", 192.168.0.14:8545)
[2m2025-12-10T10:12:01.726884Z[0m [34mDEBUG[0m [2methereum_transaction_pool_monitor::eth_client[0m[2m:[0m 📡 Transaction fetch RPC completed in 9.762291ms
[2m2025-12-10T10:12:01.798854Z[0m [34mDEBUG[0m [2methereum_transaction_pool_monitor::eth_client[0m[2m:[0m ✅ Transaction 0x73aaa6da086d50307363854694bb97388d40777a23d222b90cfa57cdcb94e513 fetched and parsed in 81.728958ms
[2m2025-12-10T10:12:01.798878Z[0m [34mDEBUG[0m [2methereum_transaction_pool_monitor::mempool_monitor[0m[2m:[0m 🔍 Skipping tx 0x73aaa6da086d50307363854694bb97388d40777a23d222b90cfa57cdcb94e513 - not a DEX interaction (target: 0xA0b86991c6218b36c1d19D4a2e9Eb0cE3606eB48)
[2m2025-12-10T10:12:01.798889Z[0m [34mDEBUG[0m [2methereum_transaction_pool_monitor::mempool_monitor[0m[2m:[0m 📨 Processing new pending transaction: 0xf389e95eeb6245d86eb229448e734146e9ddeb3b0040805ad6449ef07a852052
[2m2025-12-10T10:12:01.798897Z[0m [34mDEBUG[0m [2methereum_transaction_pool_monitor::mempool_monitor[0m[2m:[0m 🔍 Fetching transaction details for: 0xf389e95eeb6245d86eb229448e734146e9ddeb3b0040805ad6449ef07a852052
[2m2025-12-10T10:12:01.798902Z[0m [34mDEBUG[0m [2methereum_transaction_pool_monitor::eth_client[0m[2m:[0m 🔍 Fetching transaction details for hash: 0xf389e95eeb6245d86eb229448e734146e9ddeb3b0040805ad6449ef07a852052
[2m2025-12-10T10:12:01.798920Z[0m [34mDEBUG[0m [2mhyper::client::pool[0m[2m:[0m reuse idle connection for ("http", 192.168.0.14:8545)
[2m2025-12-10T10:12:01.798959Z[0m [34mDEBUG[0m [2mhyper::proto::h1::io[0m[2m:[0m flushed 250 bytes
[2m2025-12-10T10:12:01.798979Z[0m [34mDEBUG[0m [2mhyper::client::pool[0m[2m:[0m reuse idle connection for ("http", 192.168.0.14:8545)
[2m2025-12-10T10:12:01.798994Z[0m [34mDEBUG[0m [2mhyper::proto::h1::io[0m[2m:[0m flushed 172 bytes
[2m2025-12-10T10:12:01.799023Z[0m [34mDEBUG[0m [2methereum_transaction_pool_monitor::eth_client[0m[2m:[0m 📨 Received WebSocket message: {"jsonrpc":"2.0","method":"eth_subscription","params":{"subscription":"0xbed0a0851463e895960a451075a301a9","result":"0xc8491f517d170fcdcb86dea1577f858dc66105d744592cd8052c8897137adf50"}}
[2m2025-12-10T10:12:01.799032Z[0m [34mDEBUG[0m [2methereum_transaction_pool_monitor::eth_client[0m[2m:[0m 📨 Received pending transaction: 0xc8491f517d170fcdcb86dea1577f858dc66105d744592cd8052c8897137adf50
[2m2025-12-10T10:12:01.799037Z[0m [34mDEBUG[0m [2methereum_transaction_pool_monitor::eth_client[0m[2m:[0m 📨 Received WebSocket message: {"jsonrpc":"2.0","method":"eth_subscription","params":{"subscription":"0xbed0a0851463e895960a451075a301a9","result":"0xc279b149d0e41f445ba2e11d864439fa3426beea2726601d60aa3596e7fbc12a"}}
[2m2025-12-10T10:12:01.799042Z[0m [34mDEBUG[0m [2methereum_transaction_pool_monitor::eth_client[0m[2m:[0m 📨 Received pending transaction: 0xc279b149d0e41f445ba2e11d864439fa3426beea2726601d60aa3596e7fbc12a
[2m2025-12-10T10:12:01.837435Z[0m [34mDEBUG[0m [2mhyper::proto::h1::io[0m[2m:[0m parsed 4 headers
[2m2025-12-10T10:12:01.837446Z[0m [34mDEBUG[0m [2mhyper::proto::h1::conn[0m[2m:[0m incoming body is content-length (771 bytes)
[2m2025-12-10T10:12:01.837455Z[0m [34mDEBUG[0m [2mhyper::proto::h1::conn[0m[2m:[0m incoming body completed
[2m2025-12-10T10:12:01.837468Z[0m [34mDEBUG[0m [2mhyper::client::pool[0m[2m:[0m pooling idle connection for ("http", 192.168.0.14:8545)
[2m2025-12-10T10:12:01.837476Z[0m [34mDEBUG[0m [2methereum_transaction_pool_monitor::eth_client[0m[2m:[0m 📡 Transaction fetch RPC completed in 38.569416ms
[2m2025-12-10T10:12:01.837493Z[0m [34mDEBUG[0m [2methereum_transaction_pool_monitor::eth_client[0m[2m:[0m DeFi transaction detected - Address: 0xdac17f958d2ee523a2206206994597c13d831ec7, Type: Stablecoin, Value: 0 ETH, Gas: 0.44 Gwei
[2m2025-12-10T10:12:01.837506Z[0m [34mDEBUG[0m [2methereum_transaction_pool_monitor::eth_client[0m[2m:[0m ✅ Transaction 0xf389e95eeb6245d86eb229448e734146e9ddeb3b0040805ad6449ef07a852052 fetched and parsed in 38.598916ms
[2m2025-12-10T10:12:01.837514Z[0m [34mDEBUG[0m [2methereum_transaction_pool_monitor::mempool_monitor[0m[2m:[0m 🔍 Skipping tx 0xf389e95eeb6245d86eb229448e734146e9ddeb3b0040805ad6449ef07a852052 - not a DEX interaction (target: 0xdAC17F958D2ee523a2206206994597C13D831ec7)
[2m2025-12-10T10:12:01.837522Z[0m [34mDEBUG[0m [2methereum_transaction_pool_monitor::mempool_monitor[0m[2m:[0m 📨 Processing new pending transaction: 0xd1fd324d4ed752f5d3a1c59d1b1d0f2d53292eaa4ba240979e2a5836e091b86d
[2m2025-12-10T10:12:01.837527Z[0m [34mDEBUG[0m [2methereum_transaction_pool_monitor::mempool_monitor[0m[2m:[0m 🔍 Fetching transaction details for: 0xd1fd324d4ed752f5d3a1c59d1b1d0f2d53292eaa4ba240979e2a5836e091b86d
[2m2025-12-10T10:12:01.837531Z[0m [34mDEBUG[0m [2methereum_transaction_pool_monitor::eth_client[0m[2m:[0m 🔍 Fetching transaction details for hash: 0xd1fd324d4ed752f5d3a1c59d1b1d0f2d53292eaa4ba240979e2a5836e091b86d
[2m2025-12-10T10:12:01.837545Z[0m [34mDEBUG[0m [2mhyper::client::pool[0m[2m:[0m reuse idle connection for ("http", 192.168.0.14:8545)
[2m2025-12-10T10:12:01.837562Z[0m [34mDEBUG[0m [2mhyper::proto::h1::io[0m[2m:[0m flushed 250 bytes
[2m2025-12-10T10:12:01.837572Z[0m [34mDEBUG[0m [2mhyper::proto::h1::io[0m[2m:[0m parsed 4 headers
[2m2025-12-10T10:12:01.837576Z[0m [34mDEBUG[0m [2mhyper::proto::h1::conn[0m[2m:[0m incoming body is content-length (45 bytes)
[2m2025-12-10T10:12:01.837582Z[0m [34mDEBUG[0m [2mhyper::proto::h1::conn[0m[2m:[0m incoming body completed
[2m2025-12-10T10:12:01.837590Z[0m [34mDEBUG[0m [2mhyper::client::pool[0m[2m:[0m pooling idle connection for ("http", 192.168.0.14:8545)
[2m2025-12-10T10:12:01.838002Z[0m [34mDEBUG[0m [2methereum_transaction_pool_monitor::eth_client[0m[2m:[0m 📨 Received WebSocket message: {"jsonrpc":"2.0","method":"eth_subscription","params":{"subscription":"0xbed0a0851463e895960a451075a301a9","result":"0x1a1fc4cc5c63de168d4bd71a7fab62b1361c48ce51bbd0ace905182eeab0e633"}}
[2m2025-12-10T10:12:01.838012Z[0m [34mDEBUG[0m [2methereum_transaction_pool_monitor::eth_client[0m[2m:[0m 📨 Received pending transaction: 0x1a1fc4cc5c63de168d4bd71a7fab62b1361c48ce51bbd0ace905182eeab0e633
[2m2025-12-10T10:12:01.852633Z[0m [34mDEBUG[0m [2mhyper::proto::h1::io[0m[2m:[0m parsed 4 headers
[2m2025-12-10T10:12:01.852640Z[0m [34mDEBUG[0m [2mhyper::proto::h1::conn[0m[2m:[0m incoming body is content-length (835 bytes)
[2m2025-12-10T10:12:01.852646Z[0m [34mDEBUG[0m [2mhyper::proto::h1::conn[0m[2m:[0m incoming body completed
[2m2025-12-10T10:12:01.852654Z[0m [34mDEBUG[0m [2mhyper::client::pool[0m[2m:[0m pooling idle connection for ("http", 192.168.0.14:8545)
[2m2025-12-10T10:12:01.852660Z[0m [34mDEBUG[0m [2methereum_transaction_pool_monitor::eth_client[0m[2m:[0m 📡 Transaction fetch RPC completed in 15.123833ms
[2m2025-12-10T10:12:01.852672Z[0m [34mDEBUG[0m [2methereum_transaction_pool_monitor::eth_client[0m[2m:[0m DeFi transaction detected - Address: 0xdac17f958d2ee523a2206206994597c13d831ec7, Type: Stablecoin, Value: 0 ETH, Gas: 0.20 Gwei
[2m2025-12-10T10:12:01.852685Z[0m [34mDEBUG[0m [2methereum_transaction_pool_monitor::eth_client[0m[2m:[0m ✅ Transaction 0xd1fd324d4ed752f5d3a1c59d1b1d0f2d53292eaa4ba240979e2a5836e091b86d fetched and parsed in 15.148417ms
[2m2025-12-10T10:12:01.852690Z[0m [34mDEBUG[0m [2methereum_transaction_pool_monitor::mempool_monitor[0m[2m:[0m 🔍 Skipping tx 0xd1fd324d4ed752f5d3a1c59d1b1d0f2d53292eaa4ba240979e2a5836e091b86d - not a DEX interaction (target: 0xdAC17F958D2ee523a2206206994597C13D831ec7)
[2m2025-12-10T10:12:01.852697Z[0m [34mDEBUG[0m [2methereum_transaction_pool_monitor::mempool_monitor[0m[2m:[0m 📨 Processing new pending transaction: 0xf70747d95157331b3d69d2aca220db7a0429cc614c2d73b18e2204201e923cda
[2m2025-12-10T10:12:01.852700Z[0m [34mDEBUG[0m [2methereum_transaction_pool_monitor::mempool_monitor[0m[2m:[0m 🔍 Fetching transaction details for: 0xf70747d95157331b3d69d2aca220db7a0429cc614c2d73b18e2204201e923cda
[2m2025-12-10T10:12:01.852704Z[0m [34mDEBUG[0m [2methereum_transaction_pool_monitor::eth_client[0m[2m:[0m 🔍 Fetching transaction details for hash: 0xf70747d95157331b3d69d2aca220db7a0429cc614c2d73b18e2204201e923cda
[2m2025-12-10T10:12:01.852715Z[0m [34mDEBUG[0m [2mhyper::client::pool[0m[2m:[0m reuse idle connection for ("http", 192.168.0.14:8545)
[2m2025-12-10T10:12:01.852732Z[0m [34mDEBUG[0m [2mhyper::proto::h1::io[0m[2m:[0m flushed 250 bytes
[2m2025-12-10T10:12:01.856956Z[0m [34mDEBUG[0m [2mhyper::proto::h1::io[0m[2m:[0m parsed 4 headers
[2m2025-12-10T10:12:01.856965Z[0m [34mDEBUG[0m [2mhyper::proto::h1::conn[0m[2m:[0m incoming body is content-length (770 bytes)
[2m2025-12-10T10:12:01.856970Z[0m [34mDEBUG[0m [2mhyper::proto::h1::conn[0m[2m:[0m incoming body completed
[2m2025-12-10T10:12:01.856976Z[0m [34mDEBUG[0m [2mhyper::client::pool[0m[2m:[0m pooling idle connection for ("http", 192.168.0.14:8545)
[2m2025-12-10T10:12:01.856981Z[0m [34mDEBUG[0m [2methereum_transaction_pool_monitor::eth_client[0m[2m:[0m 📡 Transaction fetch RPC completed in 4.272667ms
[2m2025-12-10T10:12:01.856990Z[0m [34mDEBUG[0m [2methereum_transaction_pool_monitor::eth_client[0m[2m:[0m DeFi transaction detected - Address: 0xdac17f958d2ee523a2206206994597c13d831ec7, Type: Stablecoin, Value: 0 ETH, Gas: 1.75 Gwei
[2m2025-12-10T10:12:01.856998Z[0m [34mDEBUG[0m [2methereum_transaction_pool_monitor::eth_client[0m[2m:[0m ✅ Transaction 0xf70747d95157331b3d69d2aca220db7a0429cc614c2d73b18e2204201e923cda fetched and parsed in 4.290375ms
[2m2025-12-10T10:12:01.857004Z[0m [34mDEBUG[0m [2methereum_transaction_pool_monitor::mempool_monitor[0m[2m:[0m 🔍 Skipping tx 0xf70747d95157331b3d69d2aca220db7a0429cc614c2d73b18e2204201e923cda - not a DEX interaction (target: 0xdAC17F958D2ee523a2206206994597C13D831ec7)
[2m2025-12-10T10:12:01.857009Z[0m [34mDEBUG[0m [2methereum_transaction_pool_monitor::mempool_monitor[0m[2m:[0m 📨 Processing new pending transaction: 0x37a978b16026870672ec368c42ea4aed76a7b94586969b7ccf4827fec7eae2d3
[2m2025-12-10T10:12:01.857013Z[0m [34mDEBUG[0m [2methereum_transaction_pool_monitor::mempool_monitor[0m[2m:[0m 🔍 Fetching transaction details for: 0x37a978b16026870672ec368c42ea4aed76a7b94586969b7ccf4827fec7eae2d3
[2m2025-12-10T10:12:01.857017Z[0m [34mDEBUG[0m [2methereum_transaction_pool_monitor::eth_client[0m[2m:[0m 🔍 Fetching transaction details for hash: 0x37a978b16026870672ec368c42ea4aed76a7b94586969b7ccf4827fec7eae2d3
[2m2025-12-10T10:12:01.857026Z[0m [34mDEBUG[0m [2mhyper::client::pool[0m[2m:[0m reuse idle connection for ("http", 192.168.0.14:8545)
[2m2025-12-10T10:12:01.857045Z[0m [34mDEBUG[0m [2mhyper::proto::h1::io[0m[2m:[0m flushed 250 bytes
[2m2025-12-10T10:12:01.861255Z[0m [34mDEBUG[0m [2mhyper::proto::h1::io[0m[2m:[0m parsed 4 headers
[2m2025-12-10T10:12:01.861277Z[0m [34mDEBUG[0m [2mhyper::proto::h1::conn[0m[2m:[0m incoming body is content-length (770 bytes)
[2m2025-12-10T10:12:01.861297Z[0m [34mDEBUG[0m [2mhyper::proto::h1::conn[0m[2m:[0m incoming body completed
[2m2025-12-10T10:12:01.861307Z[0m [34mDEBUG[0m [2mhyper::client::pool[0m[2m:[0m pooling idle connection for ("http", 192.168.0.14:8545)
[2m2025-12-10T10:12:01.861312Z[0m [34mDEBUG[0m [2methereum_transaction_pool_monitor::eth_client[0m[2m:[0m 📡 Transaction fetch RPC completed in 4.291542ms
[2m2025-12-10T10:12:01.861324Z[0m [34mDEBUG[0m [2methereum_transaction_pool_monitor::eth_client[0m[2m:[0m DeFi transaction detected - Address: 0xdac17f958d2ee523a2206206994597c13d831ec7, Type: Stablecoin, Value: 0 ETH, Gas: 1.75 Gwei
[2m2025-12-10T10:12:01.861344Z[0m [34mDEBUG[0m [2methereum_transaction_pool_monitor::eth_client[0m[2m:[0m ✅ Transaction 0x37a978b16026870672ec368c42ea4aed76a7b94586969b7ccf4827fec7eae2d3 fetched and parsed in 4.323042ms
[2m2025-12-10T10:12:01.861350Z[0m [34mDEBUG[0m [2methereum_transaction_pool_monitor::mempool_monitor[0m[2m:[0m 🔍 Skipping tx 0x37a978b16026870672ec368c42ea4aed76a7b94586969b7ccf4827fec7eae2d3 - not a DEX interaction (target: 0xdAC17F958D2ee523a2206206994597C13D831ec7)
[2m2025-12-10T10:12:01.861357Z[0m [34mDEBUG[0m [2methereum_transaction_pool_monitor::mempool_monitor[0m[2m:[0m 📨 Processing new pending transaction: 0xf95e2a6ddc256cd4de52dc74c5d6cd8be0e20c70c43d59a6887c26223215d3b5
[2m2025-12-10T10:12:01.861362Z[0m [34mDEBUG[0m [2methereum_transaction_pool_monitor::mempool_monitor[0m[2m:[0m 🔍 Fetching transaction details for: 0xf95e2a6ddc256cd4de52dc74c5d6cd8be0e20c70c43d59a6887c26223215d3b5
[2m2025-12-10T10:12:01.861369Z[0m [34mDEBUG[0m [2methereum_transaction_pool_monitor::eth_client[0m[2m:[0m 🔍 Fetching transaction details for hash: 0xf95e2a6ddc256cd4de52dc74c5d6cd8be0e20c70c43d59a6887c26223215d3b5
[2m2025-12-10T10:12:01.861379Z[0m [34mDEBUG[0m [2mhyper::client::pool[0m[2m:[0m reuse idle connection for ("http", 192.168.0.14:8545)
[2m2025-12-10T10:12:01.861642Z[0m [34mDEBUG[0m [2mhyper::proto::h1::io[0m[2m:[0m flushed 250 bytes
[2m2025-12-10T10:12:01.863942Z[0m [34mDEBUG[0m [2methereum_transaction_pool_monitor::eth_client[0m[2m:[0m 📨 Received WebSocket message: {"jsonrpc":"2.0","method":"eth_subscription","params":{"subscription":"0xbed0a0851463e895960a451075a301a9","result":"0xa3da1a2d74dfa6c3ab529713fc5c171182e6fab590114360adf1eafe031c9859"}}
[2m2025-12-10T10:12:01.863953Z[0m [34mDEBUG[0m [2methereum_transaction_pool_monitor::eth_client[0m[2m:[0m 📨 Received pending transaction: 0xa3da1a2d74dfa6c3ab529713fc5c171182e6fab590114360adf1eafe031c9859
[2m2025-12-10T10:12:01.865838Z[0m [34mDEBUG[0m [2mhyper::proto::h1::io[0m[2m:[0m parsed 4 headers
[2m2025-12-10T10:12:01.865862Z[0m [34mDEBUG[0m [2mhyper::proto::h1::conn[0m[2m:[0m incoming body is content-length (770 bytes)
[2m2025-12-10T10:12:01.865880Z[0m [34mDEBUG[0m [2mhyper::proto::h1::conn[0m[2m:[0m incoming body completed
[2m2025-12-10T10:12:01.865889Z[0m [34mDEBUG[0m [2mhyper::client::pool[0m[2m:[0m pooling idle connection for ("http", 192.168.0.14:8545)
[2m2025-12-10T10:12:01.865896Z[0m [34mDEBUG[0m [2methereum_transaction_pool_monitor::eth_client[0m[2m:[0m 📡 Transaction fetch RPC completed in 4.522083ms
[2m2025-12-10T10:12:01.865921Z[0m [34mDEBUG[0m [2methereum_transaction_pool_monitor::eth_client[0m[2m:[0m DeFi transaction detected - Address: 0xdac17f958d2ee523a2206206994597c13d831ec7, Type: Stablecoin, Value: 0 ETH, Gas: 1.75 Gwei
[2m2025-12-10T10:12:01.865932Z[0m [34mDEBUG[0m [2methereum_transaction_pool_monitor::eth_client[0m[2m:[0m ✅ Transaction 0xf95e2a6ddc256cd4de52dc74c5d6cd8be0e20c70c43d59a6887c26223215d3b5 fetched and parsed in 4.558583ms
[2m2025-12-10T10:12:01.865939Z[0m [34mDEBUG[0m [2methereum_transaction_pool_monitor::mempool_monitor[0m[2m:[0m 🔍 Skipping tx 0xf95e2a6ddc256cd4de52dc74c5d6cd8be0e20c70c43d59a6887c26223215d3b5 - not a DEX interaction (target: 0xdAC17F958D2ee523a2206206994597C13D831ec7)
[2m2025-12-10T10:12:01.865946Z[0m [34mDEBUG[0m [2methereum_transaction_pool_monitor::mempool_monitor[0m[2m:[0m 📨 Processing new pending transaction: 0xf15f7442ae0ce6dd8674dc48248d64d50cfb9571e9b4f9efc382fdb6297a12e4
[2m2025-12-10T10:12:01.865951Z[0m [34mDEBUG[0m [2methereum_transaction_pool_monitor::mempool_monitor[0m[2m:[0m 🔍 Fetching transaction details for: 0xf15f7442ae0ce6dd8674dc48248d64d50cfb9571e9b4f9efc382fdb6297a12e4
[2m2025-12-10T10:12:01.865956Z[0m [34mDEBUG[0m [2methereum_transaction_pool_monitor::eth_client[0m[2m:[0m 🔍 Fetching transaction details for hash: 0xf15f7442ae0ce6dd8674dc48248d64d50cfb9571e9b4f9efc382fdb6297a12e4
[2m2025-12-10T10:12:01.865966Z[0m [34mDEBUG[0m [2mhyper::client::pool[0m[2m:[0m reuse idle connection for ("http", 192.168.0.14:8545)
[2m2025-12-10T10:12:01.865982Z[0m [34mDEBUG[0m [2mhyper::proto::h1::io[0m[2m:[0m flushed 250 bytes
[2m2025-12-10T10:12:01.871095Z[0m [34mDEBUG[0m [2mhyper::proto::h1::io[0m[2m:[0m parsed 4 headers
[2m2025-12-10T10:12:01.871110Z[0m [34mDEBUG[0m [2mhyper::proto::h1::conn[0m[2m:[0m incoming body is content-length (677 bytes)
[2m2025-12-10T10:12:01.871117Z[0m [34mDEBUG[0m [2mhyper::proto::h1::conn[0m[2m:[0m incoming body completed
[2m2025-12-10T10:12:01.871124Z[0m [34mDEBUG[0m [2mhyper::client::pool[0m[2m:[0m pooling idle connection for ("http", 192.168.0.14:8545)
[2m2025-12-10T10:12:01.871130Z[0m [34mDEBUG[0m [2methereum_transaction_pool_monitor::eth_client[0m[2m:[0m 📡 Transaction fetch RPC completed in 5.1685ms
[2m2025-12-10T10:12:01.871140Z[0m [34mDEBUG[0m [2methereum_transaction_pool_monitor::eth_client[0m[2m:[0m DeFi transaction detected - Address: 0xdac17f958d2ee523a2206206994597c13d831ec7, Type: Stablecoin, Value: 0 ETH, Gas: 0.28 Gwei
[2m2025-12-10T10:12:01.871149Z[0m [34mDEBUG[0m [2methereum_transaction_pool_monitor::eth_client[0m[2m:[0m ✅ Transaction 0xf15f7442ae0ce6dd8674dc48248d64d50cfb9571e9b4f9efc382fdb6297a12e4 fetched and parsed in 5.187666ms
[2m2025-12-10T10:12:01.871154Z[0m [34mDEBUG[0m [2methereum_transaction_pool_monitor::mempool_monitor[0m[2m:[0m 🔍 Skipping tx 0xf15f7442ae0ce6dd8674dc48248d64d50cfb9571e9b4f9efc382fdb6297a12e4 - not a DEX interaction (target: 0xdAC17F958D2ee523a2206206994597C13D831ec7)
[2m2025-12-10T10:12:01.871161Z[0m [34mDEBUG[0m [2methereum_transaction_pool_monitor::mempool_monitor[0m[2m:[0m 📨 Processing new pending transaction: 0x2decb66cfbfaa81d287f67aebf54347d5b4113ccbdfc9433298fd9c1d638251b
[2m2025-12-10T10:12:01.871165Z[0m [34mDEBUG[0m [2methereum_transaction_pool_monitor::mempool_monitor[0m[2m:[0m 🔍 Fetching transaction details for: 0x2decb66cfbfaa81d287f67aebf54347d5b4113ccbdfc9433298fd9c1d638251b
[2m2025-12-10T10:12:01.871169Z[0m [34mDEBUG[0m [2methereum_transaction_pool_monitor::eth_client[0m[2m:[0m 🔍 Fetching transaction details for hash: 0x2decb66cfbfaa81d287f67aebf54347d5b4113ccbdfc9433298fd9c1d638251b
[2m2025-12-10T10:12:01.871179Z[0m [34mDEBUG[0m [2mhyper::client::pool[0m[2m:[0m reuse idle connection for ("http", 192.168.0.14:8545)
[2m2025-12-10T10:12:01.871196Z[0m [34mDEBUG[0m [2mhyper::proto::h1::io[0m[2m:[0m flushed 250 bytes
[2m2025-12-10T10:12:01.876230Z[0m [34mDEBUG[0m [2mhyper::proto::h1::io[0m[2m:[0m parsed 4 headers
[2m2025-12-10T10:12:01.876243Z[0m [34mDEBUG[0m [2mhyper::proto::h1::conn[0m[2m:[0m incoming body is content-length (770 bytes)
[2m2025-12-10T10:12:01.876249Z[0m [34mDEBUG[0m [2mhyper::proto::h1::conn[0m[2m:[0m incoming body completed
[2m2025-12-10T10:12:01.876258Z[0m [34mDEBUG[0m [2mhyper::client::pool[0m[2m:[0m pooling idle connection for ("http", 192.168.0.14:8545)
[2m2025-12-10T10:12:01.876264Z[0m [34mDEBUG[0m [2methereum_transaction_pool_monitor::eth_client[0m[2m:[0m 📡 Transaction fetch RPC completed in 5.090958ms
[2m2025-12-10T10:12:01.876274Z[0m [34mDEBUG[0m [2methereum_transaction_pool_monitor::eth_client[0m[2m:[0m DeFi transaction detected - Address: 0xdac17f958d2ee523a2206206994597c13d831ec7, Type: Stablecoin, Value: 0 ETH, Gas: 1.75 Gwei
[2m2025-12-10T10:12:01.876283Z[0m [34mDEBUG[0m [2methereum_transaction_pool_monitor::eth_client[0m[2m:[0m ✅ Transaction 0x2decb66cfbfaa81d287f67aebf54347d5b4113ccbdfc9433298fd9c1d638251b fetched and parsed in 5.110333ms
[2m2025-12-10T10:12:01.876288Z[0m [34mDEBUG[0m [2methereum_transaction_pool_monitor::mempool_monitor[0m[2m:[0m 🔍 Skipping tx 0x2decb66cfbfaa81d287f67aebf54347d5b4113ccbdfc9433298fd9c1d638251b - not a DEX interaction (target: 0xdAC17F958D2ee523a2206206994597C13D831ec7)
[2m2025-12-10T10:12:01.876294Z[0m [34mDEBUG[0m [2methereum_transaction_pool_monitor::mempool_monitor[0m[2m:[0m 📨 Processing new pending transaction: 0xaf2cea55a314eb2ab9e5af7ddc84b9e678a6df9f270c6f5263a897a2b647b8eb
[2m2025-12-10T10:12:01.876302Z[0m [34mDEBUG[0m [2methereum_transaction_pool_monitor::mempool_monitor[0m[2m:[0m 🔍 Fetching transaction details for: 0xaf2cea55a314eb2ab9e5af7ddc84b9e678a6df9f270c6f5263a897a2b647b8eb
[2m2025-12-10T10:12:01.876306Z[0m [34mDEBUG[0m [2methereum_transaction_pool_monitor::eth_client[0m[2m:[0m 🔍 Fetching transaction details for hash: 0xaf2cea55a314eb2ab9e5af7ddc84b9e678a6df9f270c6f5263a897a2b647b8eb
[2m2025-12-10T10:12:01.876317Z[0m [34mDEBUG[0m [2mhyper::client::pool[0m[2m:[0m reuse idle connection for ("http", 192.168.0.14:8545)
[2m2025-12-10T10:12:01.876341Z[0m [34mDEBUG[0m [2mhyper::proto::h1::io[0m[2m:[0m flushed 250 bytes
[2m2025-12-10T10:12:01.880972Z[0m [34mDEBUG[0m [2mhyper::proto::h1::io[0m[2m:[0m parsed 4 headers
[2m2025-12-10T10:12:01.880978Z[0m [34mDEBUG[0m [2mhyper::proto::h1::conn[0m[2m:[0m incoming body is content-length (653 bytes)
[2m2025-12-10T10:12:01.880982Z[0m [34mDEBUG[0m [2mhyper::proto::h1::conn[0m[2m:[0m incoming body completed
[2m2025-12-10T10:12:01.880988Z[0m [34mDEBUG[0m [2mhyper::client::pool[0m[2m:[0m pooling idle connection for ("http", 192.168.0.14:8545)
[2m2025-12-10T10:12:01.880994Z[0m [34mDEBUG[0m [2methereum_transaction_pool_monitor::eth_client[0m[2m:[0m 📡 Transaction fetch RPC completed in 4.68325ms
[2m2025-12-10T10:12:01.953003Z[0m [34mDEBUG[0m [2methereum_transaction_pool_monitor::eth_client[0m[2m:[0m ✅ Transaction 0xaf2cea55a314eb2ab9e5af7ddc84b9e678a6df9f270c6f5263a897a2b647b8eb fetched and parsed in 76.690125ms
[2m2025-12-10T10:12:01.953030Z[0m [34mDEBUG[0m [2methereum_transaction_pool_monitor::mempool_monitor[0m[2m:[0m 🔍 Skipping tx 0xaf2cea55a314eb2ab9e5af7ddc84b9e678a6df9f270c6f5263a897a2b647b8eb - not a DEX interaction (target: 0x5a28A3085e75f1c8Ca87397b30C98c32d2E1fE36)
[2m2025-12-10T10:12:01.953039Z[0m [34mDEBUG[0m [2methereum_transaction_pool_monitor::mempool_monitor[0m[2m:[0m 📨 Processing new pending transaction: 0x87f1b4f05ba586e7a5b1d8de7d7fa0943cec249da320b4de3bf19e0b6632a85e
[2m2025-12-10T10:12:01.953044Z[0m [34mDEBUG[0m [2methereum_transaction_pool_monitor::mempool_monitor[0m[2m:[0m 🔍 Fetching transaction details for: 0x87f1b4f05ba586e7a5b1d8de7d7fa0943cec249da320b4de3bf19e0b6632a85e
[2m2025-12-10T10:12:01.953048Z[0m [34mDEBUG[0m [2methereum_transaction_pool_monitor::eth_client[0m[2m:[0m 🔍 Fetching transaction details for hash: 0x87f1b4f05ba586e7a5b1d8de7d7fa0943cec249da320b4de3bf19e0b6632a85e
[2m2025-12-10T10:12:01.953065Z[0m [34mDEBUG[0m [2mhyper::client::pool[0m[2m:[0m reuse idle connection for ("http", 192.168.0.14:8545)
[2m2025-12-10T10:12:01.953110Z[0m [34mDEBUG[0m [2mhyper::proto::h1::io[0m[2m:[0m flushed 250 bytes
[2m2025-12-10T10:12:01.953127Z[0m [34mDEBUG[0m [2mhyper::client::pool[0m[2m:[0m reuse idle connection for ("http", 192.168.0.14:8545)
[2m2025-12-10T10:12:01.953140Z[0m [34mDEBUG[0m [2mhyper::proto::h1::io[0m[2m:[0m flushed 172 bytes
[2m2025-12-10T10:12:01.953140Z[0m [34mDEBUG[0m [2methereum_transaction_pool_monitor::eth_client[0m[2m:[0m 📨 Received WebSocket message: {"jsonrpc":"2.0","method":"eth_subscription","params":{"subscription":"0xbed0a0851463e895960a451075a301a9","result":"0xfa5738682e3e90b3efe8bd71c4b39a0af164191ccdb2a763516d6841a5160265"}}
[2m2025-12-10T10:12:01.953155Z[0m [34mDEBUG[0m [2methereum_transaction_pool_monitor::eth_client[0m[2m:[0m 📨 Received pending transaction: 0xfa5738682e3e90b3efe8bd71c4b39a0af164191ccdb2a763516d6841a5160265
[2m2025-12-10T10:12:01.953160Z[0m [34mDEBUG[0m [2methereum_transaction_pool_monitor::eth_client[0m[2m:[0m 📨 Received WebSocket message: {"jsonrpc":"2.0","method":"eth_subscription","params":{"subscription":"0xbed0a0851463e895960a451075a301a9","result":"0x384bae6a12044ce4ed7dddac031f88881481eb56fdf5c8e67c1f15dab88a542e"}}
[2m2025-12-10T10:12:01.953165Z[0m [34mDEBUG[0m [2methereum_transaction_pool_monitor::eth_client[0m[2m:[0m 📨 Received pending transaction: 0x384bae6a12044ce4ed7dddac031f88881481eb56fdf5c8e67c1f15dab88a542e
[2m2025-12-10T10:12:01.953170Z[0m [34mDEBUG[0m [2methereum_transaction_pool_monitor::eth_client[0m[2m:[0m 📨 Received WebSocket message: {"jsonrpc":"2.0","method":"eth_subscription","params":{"subscription":"0xbed0a0851463e895960a451075a301a9","result":"0xef63abdc01747f382d59f11662185fc87db6a4648d4b1496501cf27b2da71e53"}}
[2m2025-12-10T10:12:01.953175Z[0m [34mDEBUG[0m [2methereum_transaction_pool_monitor::eth_client[0m[2m:[0m 📨 Received pending transaction: 0xef63abdc01747f382d59f11662185fc87db6a4648d4b1496501cf27b2da71e53
[2m2025-12-10T10:12:01.953179Z[0m [34mDEBUG[0m [2methereum_transaction_pool_monitor::eth_client[0m[2m:[0m 📨 Received WebSocket message: {"jsonrpc":"2.0","method":"eth_subscription","params":{"subscription":"0xbed0a0851463e895960a451075a301a9","result":"0x5c81aa9709b522afc51d90f5017796a8ff9176e1fdb3f6556ba76c4e0b7481cc"}}
[2m2025-12-10T10:12:01.953184Z[0m [34mDEBUG[0m [2methereum_transaction_pool_monitor::eth_client[0m[2m:[0m 📨 Received pending transaction: 0x5c81aa9709b522afc51d90f5017796a8ff9176e1fdb3f6556ba76c4e0b7481cc
[2m2025-12-10T10:12:01.958595Z[0m [34mDEBUG[0m [2mhyper::proto::h1::io[0m[2m:[0m parsed 4 headers
[2m2025-12-10T10:12:01.958607Z[0m [34mDEBUG[0m [2mhyper::proto::h1::conn[0m[2m:[0m incoming body is content-length (45 bytes)
[2m2025-12-10T10:12:01.958614Z[0m [34mDEBUG[0m [2mhyper::proto::h1::conn[0m[2m:[0m incoming body completed
[2m2025-12-10T10:12:01.958623Z[0m [34mDEBUG[0m [2mhyper::client::pool[0m[2m:[0m pooling idle connection for ("http", 192.168.0.14:8545)
[2m2025-12-10T10:12:01.959196Z[0m [34mDEBUG[0m [2mhyper::proto::h1::io[0m[2m:[0m parsed 4 headers
[2m2025-12-10T10:12:01.959202Z[0m [34mDEBUG[0m [2mhyper::proto::h1::conn[0m[2m:[0m incoming body is content-length (771 bytes)
[2m2025-12-10T10:12:01.959207Z[0m [34mDEBUG[0m [2mhyper::proto::h1::conn[0m[2m:[0m incoming body completed
[2m2025-12-10T10:12:01.959213Z[0m [34mDEBUG[0m [2mhyper::client::pool[0m[2m:[0m pooling idle connection for ("http", 192.168.0.14:8545)
[2m2025-12-10T10:12:01.959218Z[0m [34mDEBUG[0m [2methereum_transaction_pool_monitor::eth_client[0m[2m:[0m 📡 Transaction fetch RPC completed in 6.165792ms
[2m2025-12-10T10:12:01.959230Z[0m [34mDEBUG[0m [2methereum_transaction_pool_monitor::eth_client[0m[2m:[0m DeFi transaction detected - Address: 0xdac17f958d2ee523a2206206994597c13d831ec7, Type: Stablecoin, Value: 0 ETH, Gas: 1.75 Gwei
[2m2025-12-10T10:12:01.959241Z[0m [34mDEBUG[0m [2methereum_transaction_pool_monitor::eth_client[0m[2m:[0m ✅ Transaction 0x87f1b4f05ba586e7a5b1d8de7d7fa0943cec249da320b4de3bf19e0b6632a85e fetched and parsed in 6.189042ms
[2m2025-12-10T10:12:01.959247Z[0m [34mDEBUG[0m [2methereum_transaction_pool_monitor::mempool_monitor[0m[2m:[0m 🔍 Skipping tx 0x87f1b4f05ba586e7a5b1d8de7d7fa0943cec249da320b4de3bf19e0b6632a85e - not a DEX interaction (target: 0xdAC17F958D2ee523a2206206994597C13D831ec7)
[2m2025-12-10T10:12:01.959255Z[0m [34mDEBUG[0m [2methereum_transaction_pool_monitor::mempool_monitor[0m[2m:[0m 📨 Processing new pending transaction: 0x3d9aa6cc899455a87a9de7d5d16ffbf9f845a1721c7a4c2fda898e8afab63e21
[2m2025-12-10T10:12:01.959271Z[0m [34mDEBUG[0m [2methereum_transaction_pool_monitor::mempool_monitor[0m[2m:[0m 🔍 Fetching transaction details for: 0x3d9aa6cc899455a87a9de7d5d16ffbf9f845a1721c7a4c2fda898e8afab63e21
[2m2025-12-10T10:12:01.959275Z[0m [34mDEBUG[0m [2methereum_transaction_pool_monitor::eth_client[0m[2m:[0m 🔍 Fetching transaction details for hash: 0x3d9aa6cc899455a87a9de7d5d16ffbf9f845a1721c7a4c2fda898e8afab63e21
[2m2025-12-10T10:12:01.959291Z[0m [34mDEBUG[0m [2mhyper::client::pool[0m[2m:[0m reuse idle connection for ("http", 192.168.0.14:8545)
[2m2025-12-10T10:12:01.959314Z[0m [34mDEBUG[0m [2mhyper::proto::h1::io[0m[2m:[0m flushed 250 bytes
[2m2025-12-10T10:12:01.963208Z[0m [34mDEBUG[0m [2mhyper::proto::h1::io[0m[2m:[0m parsed 4 headers
[2m2025-12-10T10:12:01.963220Z[0m [34mDEBUG[0m [2mhyper::proto::h1::conn[0m[2m:[0m incoming body is content-length (644 bytes)
[2m2025-12-10T10:12:01.963227Z[0m [34mDEBUG[0m [2mhyper::proto::h1::conn[0m[2m:[0m incoming body completed
[2m2025-12-10T10:12:01.963234Z[0m [34mDEBUG[0m [2mhyper::client::pool[0m[2m:[0m pooling idle connection for ("http", 192.168.0.14:8545)
[2m2025-12-10T10:12:01.963239Z[0m [34mDEBUG[0m [2methereum_transaction_pool_monitor::eth_client[0m[2m:[0m 📡 Transaction fetch RPC completed in 3.95775ms
[2m2025-12-10T10:12:02.035204Z[0m [34mDEBUG[0m [2methereum_transaction_pool_monitor::eth_client[0m[2m:[0m ✅ Transaction 0x3d9aa6cc899455a87a9de7d5d16ffbf9f845a1721c7a4c2fda898e8afab63e21 fetched and parsed in 75.919458ms
[2m2025-12-10T10:12:02.035231Z[0m [34mDEBUG[0m [2methereum_transaction_pool_monitor::mempool_monitor[0m[2m:[0m 🔍 Skipping tx 0x3d9aa6cc899455a87a9de7d5d16ffbf9f845a1721c7a4c2fda898e8afab63e21 - not a DEX interaction (target: 0x17E5545B11b468072283Cee1F066a059Fb0dbF24)
[2m2025-12-10T10:12:02.035244Z[0m [34mDEBUG[0m [2methereum_transaction_pool_monitor::mempool_monitor[0m[2m:[0m 📨 Processing new pending transaction: 0x07d2b64a9c0da77e469c9b672d1c2102112ed3dac81243088f3770f70d86cad6
[2m2025-12-10T10:12:02.035516Z[0m [34mDEBUG[0m [2methereum_transaction_pool_monitor::mempool_monitor[0m[2m:[0m 🔍 Fetching transaction details for: 0x07d2b64a9c0da77e469c9b672d1c2102112ed3dac81243088f3770f70d86cad6
[2m2025-12-10T10:12:02.035525Z[0m [34mDEBUG[0m [2methereum_transaction_pool_monitor::eth_client[0m[2m:[0m 🔍 Fetching transaction details for hash: 0x07d2b64a9c0da77e469c9b672d1c2102112ed3dac81243088f3770f70d86cad6
[2m2025-12-10T10:12:02.035542Z[0m [34mDEBUG[0m [2mhyper::client::pool[0m[2m:[0m reuse idle connection for ("http", 192.168.0.14:8545)
[2m2025-12-10T10:12:02.035565Z[0m [34mDEBUG[0m [2mhyper::proto::h1::io[0m[2m:[0m flushed 250 bytes
[2m2025-12-10T10:12:02.035596Z[0m [34mDEBUG[0m [2mhyper::client::pool[0m[2m:[0m reuse idle connection for ("http", 192.168.0.14:8545)
[2m2025-12-10T10:12:02.035615Z[0m [34mDEBUG[0m [2mhyper::proto::h1::io[0m[2m:[0m flushed 172 bytes
[2m2025-12-10T10:12:02.040839Z[0m [34mDEBUG[0m [2mhyper::proto::h1::io[0m[2m:[0m parsed 4 headers
[2m2025-12-10T10:12:02.040848Z[0m [34mDEBUG[0m [2mhyper::proto::h1::conn[0m[2m:[0m incoming body is content-length (770 bytes)
[2m2025-12-10T10:12:02.040862Z[0m [34mDEBUG[0m [2mhyper::proto::h1::conn[0m[2m:[0m incoming body completed
[2m2025-12-10T10:12:02.040881Z[0m [34mDEBUG[0m [2mhyper::client::pool[0m[2m:[0m pooling idle connection for ("http", 192.168.0.14:8545)
[2m2025-12-10T10:12:02.040903Z[0m [34mDEBUG[0m [2methereum_transaction_pool_monitor::eth_client[0m[2m:[0m 📡 Transaction fetch RPC completed in 5.373584ms
[2m2025-12-10T10:12:02.040919Z[0m [34mDEBUG[0m [2methereum_transaction_pool_monitor::eth_client[0m[2m:[0m DeFi transaction detected - Address: 0xdac17f958d2ee523a2206206994597c13d831ec7, Type: Stablecoin, Value: 0 ETH, Gas: 1.75 Gwei
[2m2025-12-10T10:12:02.040933Z[0m [34mDEBUG[0m [2methereum_transaction_pool_monitor::eth_client[0m[2m:[0m ✅ Transaction 0x07d2b64a9c0da77e469c9b672d1c2102112ed3dac81243088f3770f70d86cad6 fetched and parsed in 5.403875ms
[2m2025-12-10T10:12:02.040939Z[0m [34mDEBUG[0m [2methereum_transaction_pool_monitor::mempool_monitor[0m[2m:[0m 🔍 Skipping tx 0x07d2b64a9c0da77e469c9b672d1c2102112ed3dac81243088f3770f70d86cad6 - not a DEX interaction (target: 0xdAC17F958D2ee523a2206206994597C13D831ec7)
[2m2025-12-10T10:12:02.040945Z[0m [34mDEBUG[0m [2methereum_transaction_pool_monitor::mempool_monitor[0m[2m:[0m 📨 Processing new pending transaction: 0xc8491f517d170fcdcb86dea1577f858dc66105d744592cd8052c8897137adf50
[2m2025-12-10T10:12:02.040950Z[0m [34mDEBUG[0m [2methereum_transaction_pool_monitor::mempool_monitor[0m[2m:[0m 🔍 Fetching transaction details for: 0xc8491f517d170fcdcb86dea1577f858dc66105d744592cd8052c8897137adf50
[2m2025-12-10T10:12:02.040954Z[0m [34mDEBUG[0m [2methereum_transaction_pool_monitor::eth_client[0m[2m:[0m 🔍 Fetching transaction details for hash: 0xc8491f517d170fcdcb86dea1577f858dc66105d744592cd8052c8897137adf50
[2m2025-12-10T10:12:02.040962Z[0m [34mDEBUG[0m [2mhyper::client::pool[0m[2m:[0m reuse idle connection for ("http", 192.168.0.14:8545)
[2m2025-12-10T10:12:02.040977Z[0m [34mDEBUG[0m [2mhyper::proto::h1::io[0m[2m:[0m flushed 250 bytes
[2m2025-12-10T10:12:02.040986Z[0m [34mDEBUG[0m [2mhyper::proto::h1::io[0m[2m:[0m parsed 4 headers
[2m2025-12-10T10:12:02.040990Z[0m [34mDEBUG[0m [2mhyper::proto::h1::conn[0m[2m:[0m incoming body is content-length (45 bytes)
[2m2025-12-10T10:12:02.040995Z[0m [34mDEBUG[0m [2mhyper::proto::h1::conn[0m[2m:[0m incoming body completed
[2m2025-12-10T10:12:02.041000Z[0m [34mDEBUG[0m [2mhyper::client::pool[0m[2m:[0m pooling idle connection for ("http", 192.168.0.14:8545)
[2m2025-12-10T10:12:02.045936Z[0m [34mDEBUG[0m [2mhyper::proto::h1::io[0m[2m:[0m parsed 4 headers
[2m2025-12-10T10:12:02.045945Z[0m [34mDEBUG[0m [2mhyper::proto::h1::conn[0m[2m:[0m incoming body is content-length (771 bytes)
[2m2025-12-10T10:12:02.045951Z[0m [34mDEBUG[0m [2mhyper::proto::h1::conn[0m[2m:[0m incoming body completed
[2m2025-12-10T10:12:02.045958Z[0m [34mDEBUG[0m [2mhyper::client::pool[0m[2m:[0m pooling idle connection for ("http", 192.168.0.14:8545)
[2m2025-12-10T10:12:02.045964Z[0m [34mDEBUG[0m [2methereum_transaction_pool_monitor::eth_client[0m[2m:[0m 📡 Transaction fetch RPC completed in 5.006083ms
[2m2025-12-10T10:12:02.045975Z[0m [34mDEBUG[0m [2methereum_transaction_pool_monitor::eth_client[0m[2m:[0m DeFi transaction detected - Address: 0xdac17f958d2ee523a2206206994597c13d831ec7, Type: Stablecoin, Value: 0 ETH, Gas: 1.75 Gwei
[2m2025-12-10T10:12:02.045984Z[0m [34mDEBUG[0m [2methereum_transaction_pool_monitor::eth_client[0m[2m:[0m ✅ Transaction 0xc8491f517d170fcdcb86dea1577f858dc66105d744592cd8052c8897137adf50 fetched and parsed in 5.025917ms
[2m2025-12-10T10:12:02.045989Z[0m [34mDEBUG[0m [2methereum_transaction_pool_monitor::mempool_monitor[0m[2m:[0m 🔍 Skipping tx 0xc8491f517d170fcdcb86dea1577f858dc66105d744592cd8052c8897137adf50 - not a DEX interaction (target: 0xdAC17F958D2ee523a2206206994597C13D831ec7)
[2m2025-12-10T10:12:02.045996Z[0m [34mDEBUG[0m [2methereum_transaction_pool_monitor::mempool_monitor[0m[2m:[0m 📨 Processing new pending transaction: 0xc279b149d0e41f445ba2e11d864439fa3426beea2726601d60aa3596e7fbc12a
[2m2025-12-10T10:12:02.046000Z[0m [34mDEBUG[0m [2methereum_transaction_pool_monitor::mempool_monitor[0m[2m:[0m 🔍 Fetching transaction details for: 0xc279b149d0e41f445ba2e11d864439fa3426beea2726601d60aa3596e7fbc12a
[2m2025-12-10T10:12:02.046004Z[0m [34mDEBUG[0m [2methereum_transaction_pool_monitor::eth_client[0m[2m:[0m 🔍 Fetching transaction details for hash: 0xc279b149d0e41f445ba2e11d864439fa3426beea2726601d60aa3596e7fbc12a
[2m2025-12-10T10:12:02.046014Z[0m [34mDEBUG[0m [2mhyper::client::pool[0m[2m:[0m reuse idle connection for ("http", 192.168.0.14:8545)
[2m2025-12-10T10:12:02.046032Z[0m [34mDEBUG[0m [2mhyper::proto::h1::io[0m[2m:[0m flushed 250 bytes
[2m2025-12-10T10:12:02.068622Z[0m [34mDEBUG[0m [2mhyper::proto::h1::io[0m[2m:[0m parsed 4 headers
[2m2025-12-10T10:12:02.068631Z[0m [34mDEBUG[0m [2mhyper::proto::h1::conn[0m[2m:[0m incoming body is content-length (770 bytes)
[2m2025-12-10T10:12:02.068638Z[0m [34mDEBUG[0m [2mhyper::proto::h1::conn[0m[2m:[0m incoming body completed
[2m2025-12-10T10:12:02.068647Z[0m [34mDEBUG[0m [2mhyper::client::pool[0m[2m:[0m pooling idle connection for ("http", 192.168.0.14:8545)
[2m2025-12-10T10:12:02.068654Z[0m [34mDEBUG[0m [2methereum_transaction_pool_monitor::eth_client[0m[2m:[0m 📡 Transaction fetch RPC completed in 22.6455ms
[2m2025-12-10T10:12:02.068669Z[0m [34mDEBUG[0m [2methereum_transaction_pool_monitor::eth_client[0m[2m:[0m DeFi transaction detected - Address: 0xdac17f958d2ee523a2206206994597c13d831ec7, Type: Stablecoin, Value: 0 ETH, Gas: 1.75 Gwei
[2m2025-12-10T10:12:02.068680Z[0m [34mDEBUG[0m [2methereum_transaction_pool_monitor::eth_client[0m[2m:[0m ✅ Transaction 0xc279b149d0e41f445ba2e11d864439fa3426beea2726601d60aa3596e7fbc12a fetched and parsed in 22.6715ms
[2m2025-12-10T10:12:02.068686Z[0m [34mDEBUG[0m [2methereum_transaction_pool_monitor::mempool_monitor[0m[2m:[0m 🔍 Skipping tx 0xc279b149d0e41f445ba2e11d864439fa3426beea2726601d60aa3596e7fbc12a - not a DEX interaction (target: 0xdAC17F958D2ee523a2206206994597C13D831ec7)
[2m2025-12-10T10:12:02.068692Z[0m [34mDEBUG[0m [2methereum_transaction_pool_monitor::mempool_monitor[0m[2m:[0m 📨 Processing new pending transaction: 0x1a1fc4cc5c63de168d4bd71a7fab62b1361c48ce51bbd0ace905182eeab0e633
[2m2025-12-10T10:12:02.068697Z[0m [34mDEBUG[0m [2methereum_transaction_pool_monitor::mempool_monitor[0m[2m:[0m 🔍 Fetching transaction details for: 0x1a1fc4cc5c63de168d4bd71a7fab62b1361c48ce51bbd0ace905182eeab0e633
[2m2025-12-10T10:12:02.068701Z[0m [34mDEBUG[0m [2methereum_transaction_pool_monitor::eth_client[0m[2m:[0m 🔍 Fetching transaction details for hash: 0x1a1fc4cc5c63de168d4bd71a7fab62b1361c48ce51bbd0ace905182eeab0e633
[2m2025-12-10T10:12:02.068711Z[0m [34mDEBUG[0m [2mhyper::client::pool[0m[2m:[0m reuse idle connection for ("http", 192.168.0.14:8545)
[2m2025-12-10T10:12:02.068736Z[0m [34mDEBUG[0m [2mhyper::proto::h1::io[0m[2m:[0m flushed 250 bytes
[2m2025-12-10T10:12:02.077987Z[0m [34mDEBUG[0m [2mhyper::proto::h1::io[0m[2m:[0m parsed 4 headers
[2m2025-12-10T10:12:02.077999Z[0m [34mDEBUG[0m [2mhyper::proto::h1::conn[0m[2m:[0m incoming body is content-length (780 bytes)
[2m2025-12-10T10:12:02.078005Z[0m [34mDEBUG[0m [2mhyper::proto::h1::conn[0m[2m:[0m incoming body completed
[2m2025-12-10T10:12:02.078012Z[0m [34mDEBUG[0m [2mhyper::client::pool[0m[2m:[0m pooling idle connection for ("http", 192.168.0.14:8545)
[2m2025-12-10T10:12:02.078018Z[0m [34mDEBUG[0m [2methereum_transaction_pool_monitor::eth_client[0m[2m:[0m 📡 Transaction fetch RPC completed in 9.313666ms
[2m2025-12-10T10:12:02.078030Z[0m [34mDEBUG[0m [2methereum_transaction_pool_monitor::eth_client[0m[2m:[0m DeFi transaction detected - Address: 0xdac17f958d2ee523a2206206994597c13d831ec7, Type: Stablecoin, Value: 0 ETH, Gas: 501.00 Gwei
[2m2025-12-10T10:12:02.078039Z[0m [34mDEBUG[0m [2methereum_transaction_pool_monitor::eth_client[0m[2m:[0m ✅ Transaction 0x1a1fc4cc5c63de168d4bd71a7fab62b1361c48ce51bbd0ace905182eeab0e633 fetched and parsed in 9.334416ms
[2m2025-12-10T10:12:02.078044Z[0m [34mDEBUG[0m [2methereum_transaction_pool_monitor::mempool_monitor[0m[2m:[0m 🔍 Skipping tx 0x1a1fc4cc5c63de168d4bd71a7fab62b1361c48ce51bbd0ace905182eeab0e633 - not a DEX interaction (target: 0xdAC17F958D2ee523a2206206994597C13D831ec7)
[2m2025-12-10T10:12:02.078051Z[0m [34mDEBUG[0m [2methereum_transaction_pool_monitor::mempool_monitor[0m[2m:[0m 📨 Processing new pending transaction: 0xa3da1a2d74dfa6c3ab529713fc5c171182e6fab590114360adf1eafe031c9859
[2m2025-12-10T10:12:02.078055Z[0m [34mDEBUG[0m [2methereum_transaction_pool_monitor::mempool_monitor[0m[2m:[0m 🔍 Fetching transaction details for: 0xa3da1a2d74dfa6c3ab529713fc5c171182e6fab590114360adf1eafe031c9859
[2m2025-12-10T10:12:02.078059Z[0m [34mDEBUG[0m [2methereum_transaction_pool_monitor::eth_client[0m[2m:[0m 🔍 Fetching transaction details for hash: 0xa3da1a2d74dfa6c3ab529713fc5c171182e6fab590114360adf1eafe031c9859
[2m2025-12-10T10:12:02.078069Z[0m [34mDEBUG[0m [2mhyper::client::pool[0m[2m:[0m reuse idle connection for ("http", 192.168.0.14:8545)
[2m2025-12-10T10:12:02.078093Z[0m [34mDEBUG[0m [2mhyper::proto::h1::io[0m[2m:[0m flushed 250 bytes
[2m2025-12-10T10:12:02.082487Z[0m [34mDEBUG[0m [2mhyper::proto::h1::io[0m[2m:[0m parsed 4 headers
[2m2025-12-10T10:12:02.082497Z[0m [34mDEBUG[0m [2mhyper::proto::h1::conn[0m[2m:[0m incoming body is content-length (772 bytes)
[2m2025-12-10T10:12:02.082503Z[0m [34mDEBUG[0m [2mhyper::proto::h1::conn[0m[2m:[0m incoming body completed
[2m2025-12-10T10:12:02.082509Z[0m [34mDEBUG[0m [2mhyper::client::pool[0m[2m:[0m pooling idle connection for ("http", 192.168.0.14:8545)
[2m2025-12-10T10:12:02.082514Z[0m [34mDEBUG[0m [2methereum_transaction_pool_monitor::eth_client[0m[2m:[0m 📡 Transaction fetch RPC completed in 4.451291ms
[2m2025-12-10T10:12:02.082525Z[0m [34mDEBUG[0m [2methereum_transaction_pool_monitor::eth_client[0m[2m:[0m DeFi transaction detected - Address: 0x6b175474e89094c44da98b954eedeac495271d0f, Type: Stablecoin, Value: 0 ETH, Gas: 1.88 Gwei
[2m2025-12-10T10:12:02.082534Z[0m [34mDEBUG[0m [2methereum_transaction_pool_monitor::eth_client[0m[2m:[0m ✅ Transaction 0xa3da1a2d74dfa6c3ab529713fc5c171182e6fab590114360adf1eafe031c9859 fetched and parsed in 4.470333ms
[2m2025-12-10T10:12:02.082539Z[0m [34mDEBUG[0m [2methereum_transaction_pool_monitor::mempool_monitor[0m[2m:[0m 🔍 Skipping tx 0xa3da1a2d74dfa6c3ab529713fc5c171182e6fab590114360adf1eafe031c9859 - not a DEX interaction (target: 0x6B175474E89094C44Da98b954EedeAC495271d0F)
[2m2025-12-10T10:12:02.082545Z[0m [34mDEBUG[0m [2methereum_transaction_pool_monitor::mempool_monitor[0m[2m:[0m 📨 Processing new pending transaction: 0xfa5738682e3e90b3efe8bd71c4b39a0af164191ccdb2a763516d6841a5160265
[2m2025-12-10T10:12:02.082549Z[0m [34mDEBUG[0m [2methereum_transaction_pool_monitor::mempool_monitor[0m[2m:[0m 🔍 Fetching transaction details for: 0xfa5738682e3e90b3efe8bd71c4b39a0af164191ccdb2a763516d6841a5160265
[2m2025-12-10T10:12:02.082553Z[0m [34mDEBUG[0m [2methereum_transaction_pool_monitor::eth_client[0m[2m:[0m 🔍 Fetching transaction details for hash: 0xfa5738682e3e90b3efe8bd71c4b39a0af164191ccdb2a763516d6841a5160265
[2m2025-12-10T10:12:02.082562Z[0m [34mDEBUG[0m [2mhyper::client::pool[0m[2m:[0m reuse idle connection for ("http", 192.168.0.14:8545)
[2m2025-12-10T10:12:02.082584Z[0m [34mDEBUG[0m [2mhyper::proto::h1::io[0m[2m:[0m flushed 250 bytes
[2m2025-12-10T10:12:02.089786Z[0m [34mDEBUG[0m [2mhyper::proto::h1::io[0m[2m:[0m parsed 4 headers
[2m2025-12-10T10:12:02.089845Z[0m [34mDEBUG[0m [2mhyper::proto::h1::conn[0m[2m:[0m incoming body is content-length (2623 bytes)
[2m2025-12-10T10:12:02.089853Z[0m [34mDEBUG[0m [2mhyper::proto::h1::conn[0m[2m:[0m incoming body completed
[2m2025-12-10T10:12:02.089864Z[0m [34mDEBUG[0m [2mhyper::client::pool[0m[2m:[0m pooling idle connection for ("http", 192.168.0.14:8545)
[2m2025-12-10T10:12:02.089870Z[0m [34mDEBUG[0m [2methereum_transaction_pool_monitor::eth_client[0m[2m:[0m 📡 Transaction fetch RPC completed in 7.313334ms
[2m2025-12-10T10:12:02.162316Z[0m [34mDEBUG[0m [2methereum_transaction_pool_monitor::eth_client[0m[2m:[0m ✅ Transaction 0xfa5738682e3e90b3efe8bd71c4b39a0af164191ccdb2a763516d6841a5160265 fetched and parsed in 79.757ms
[2m2025-12-10T10:12:02.162345Z[0m [34mDEBUG[0m [2methereum_transaction_pool_monitor::mempool_monitor[0m[2m:[0m 🔍 Skipping tx 0xfa5738682e3e90b3efe8bd71c4b39a0af164191ccdb2a763516d6841a5160265 - not a DEX interaction (target: 0x1817874feAb3ce053d0F40AbC23870DB35C2AFfc)
[2m2025-12-10T10:12:02.162355Z[0m [34mDEBUG[0m [2methereum_transaction_pool_monitor::mempool_monitor[0m[2m:[0m 📨 Processing new pending transaction: 0x384bae6a12044ce4ed7dddac031f88881481eb56fdf5c8e67c1f15dab88a542e
[2m2025-12-10T10:12:02.162370Z[0m [34mDEBUG[0m [2methereum_transaction_pool_monitor::mempool_monitor[0m[2m:[0m 🔍 Fetching transaction details for: 0x384bae6a12044ce4ed7dddac031f88881481eb56fdf5c8e67c1f15dab88a542e
[2m2025-12-10T10:12:02.162378Z[0m [34mDEBUG[0m [2methereum_transaction_pool_monitor::eth_client[0m[2m:[0m 🔍 Fetching transaction details for hash: 0x384bae6a12044ce4ed7dddac031f88881481eb56fdf5c8e67c1f15dab88a542e
[2m2025-12-10T10:12:02.162397Z[0m [34mDEBUG[0m [2mhyper::client::pool[0m[2m:[0m reuse idle connection for ("http", 192.168.0.14:8545)
[2m2025-12-10T10:12:02.162436Z[0m [34mDEBUG[0m [2mhyper::proto::h1::io[0m[2m:[0m flushed 250 bytes
[2m2025-12-10T10:12:02.162465Z[0m [34mDEBUG[0m [2mhyper::client::pool[0m[2m:[0m reuse idle connection for ("http", 192.168.0.14:8545)
[2m2025-12-10T10:12:02.162479Z[0m [34mDEBUG[0m [2mhyper::proto::h1::io[0m[2m:[0m flushed 172 bytes
[2m2025-12-10T10:12:02.166287Z[0m [34mDEBUG[0m [2mhyper::proto::h1::io[0m[2m:[0m parsed 4 headers
[2m2025-12-10T10:12:02.166302Z[0m [34mDEBUG[0m [2mhyper::proto::h1::conn[0m[2m:[0m incoming body is content-length (45 bytes)
[2m2025-12-10T10:12:02.166313Z[0m [34mDEBUG[0m [2mhyper::proto::h1::conn[0m[2m:[0m incoming body completed
[2m2025-12-10T10:12:02.166322Z[0m [34mDEBUG[0m [2mhyper::client::pool[0m[2m:[0m pooling idle connection for ("http", 192.168.0.14:8545)
[2m2025-12-10T10:12:02.169879Z[0m [34mDEBUG[0m [2mhyper::proto::h1::io[0m[2m:[0m parsed 4 headers
[2m2025-12-10T10:12:02.169886Z[0m [34mDEBUG[0m [2mhyper::proto::h1::conn[0m[2m:[0m incoming body is content-length (830 bytes)
[2m2025-12-10T10:12:02.171814Z[0m [34mDEBUG[0m [2mhyper::proto::h1::conn[0m[2m:[0m incoming body completed
[2m2025-12-10T10:12:02.171826Z[0m [34mDEBUG[0m [2mhyper::client::pool[0m[2m:[0m pooling idle connection for ("http", 192.168.0.14:8545)
[2m2025-12-10T10:12:02.171832Z[0m [34mDEBUG[0m [2methereum_transaction_pool_monitor::eth_client[0m[2m:[0m 📡 Transaction fetch RPC completed in 9.446375ms
[2m2025-12-10T10:12:02.244014Z[0m [34mDEBUG[0m [2methereum_transaction_pool_monitor::eth_client[0m[2m:[0m ✅ Transaction 0x384bae6a12044ce4ed7dddac031f88881481eb56fdf5c8e67c1f15dab88a542e fetched and parsed in 81.6255ms
[2m2025-12-10T10:12:02.244040Z[0m [34mDEBUG[0m [2methereum_transaction_pool_monitor::mempool_monitor[0m[2m:[0m 🔍 Skipping tx 0x384bae6a12044ce4ed7dddac031f88881481eb56fdf5c8e67c1f15dab88a542e - not a DEX interaction (target: 0x3B4D794a66304F130a4Db8F2551B0070dfCf5ca7)
[2m2025-12-10T10:12:02.244049Z[0m [34mDEBUG[0m [2methereum_transaction_pool_monitor::mempool_monitor[0m[2m:[0m 📨 Processing new pending transaction: 0xef63abdc01747f382d59f11662185fc87db6a4648d4b1496501cf27b2da71e53
[2m2025-12-10T10:12:02.244056Z[0m [34mDEBUG[0m [2methereum_transaction_pool_monitor::mempool_monitor[0m[2m:[0m 🔍 Fetching transaction details for: 0xef63abdc01747f382d59f11662185fc87db6a4648d4b1496501cf27b2da71e53
[2m2025-12-10T10:12:02.244061Z[0m [34mDEBUG[0m [2methereum_transaction_pool_monitor::eth_client[0m[2m:[0m 🔍 Fetching transaction details for hash: 0xef63abdc01747f382d59f11662185fc87db6a4648d4b1496501cf27b2da71e53
[2m2025-12-10T10:12:02.244082Z[0m [34mDEBUG[0m [2mhyper::client::pool[0m[2m:[0m reuse idle connection for ("http", 192.168.0.14:8545)
[2m2025-12-10T10:12:02.244132Z[0m [34mDEBUG[0m [2mhyper::proto::h1::io[0m[2m:[0m flushed 250 bytes
[2m2025-12-10T10:12:02.244154Z[0m [34mDEBUG[0m [2mhyper::client::pool[0m[2m:[0m reuse idle connection for ("http", 192.168.0.14:8545)
[2m2025-12-10T10:12:02.244161Z[0m [34mDEBUG[0m [2methereum_transaction_pool_monitor::eth_client[0m[2m:[0m 📨 Received WebSocket message: {"jsonrpc":"2.0","method":"eth_subscription","params":{"subscription":"0xbed0a0851463e895960a451075a301a9","result":"0x901383554401399ea557cb137f1b3a656920f144a802f4f185a3d4797974e9bf"}}
[2m2025-12-10T10:12:02.244167Z[0m [34mDEBUG[0m [2mhyper::proto::h1::io[0m[2m:[0m flushed 172 bytes
[2m2025-12-10T10:12:02.244173Z[0m [34mDEBUG[0m [2methereum_transaction_pool_monitor::eth_client[0m[2m:[0m 📨 Received pending transaction: 0x901383554401399ea557cb137f1b3a656920f144a802f4f185a3d4797974e9bf
[2m2025-12-10T10:12:02.251731Z[0m [34mDEBUG[0m [2mhyper::proto::h1::io[0m[2m:[0m parsed 4 headers
[2m2025-12-10T10:12:02.251739Z[0m [34mDEBUG[0m [2mhyper::proto::h1::conn[0m[2m:[0m incoming body is content-length (707 bytes)
[2m2025-12-10T10:12:02.251748Z[0m [34mDEBUG[0m [2mhyper::proto::h1::conn[0m[2m:[0m incoming body completed
[2m2025-12-10T10:12:02.251758Z[0m [34mDEBUG[0m [2mhyper::client::pool[0m[2m:[0m pooling idle connection for ("http", 192.168.0.14:8545)
[2m2025-12-10T10:12:02.251767Z[0m [34mDEBUG[0m [2methereum_transaction_pool_monitor::eth_client[0m[2m:[0m 📡 Transaction fetch RPC completed in 7.7ms
[2m2025-12-10T10:12:02.251786Z[0m [34mDEBUG[0m [2methereum_transaction_pool_monitor::eth_client[0m[2m:[0m DeFi transaction detected - Address: 0xc02aaa39b223fe8d0a0e5c4f27ead9083c756cc2, Type: TokenContract, Value: 0 ETH, Gas: 2.00 Gwei
[2m2025-12-10T10:12:02.251799Z[0m [34mDEBUG[0m [2methereum_transaction_pool_monitor::eth_client[0m[2m:[0m ✅ Transaction 0xef63abdc01747f382d59f11662185fc87db6a4648d4b1496501cf27b2da71e53 fetched and parsed in 7.731416ms
[2m2025-12-10T10:12:02.251804Z[0m [34mDEBUG[0m [2methereum_transaction_pool_monitor::mempool_monitor[0m[2m:[0m 🔍 Skipping tx 0xef63abdc01747f382d59f11662185fc87db6a4648d4b1496501cf27b2da71e53 - not a DEX interaction (target: 0xC02aaA39b223FE8D0A0e5C4F27eAD9083C756Cc2)
[2m2025-12-10T10:12:02.251813Z[0m [34mDEBUG[0m [2methereum_transaction_pool_monitor::mempool_monitor[0m[2m:[0m 📨 Processing new pending transaction: 0x5c81aa9709b522afc51d90f5017796a8ff9176e1fdb3f6556ba76c4e0b7481cc
[2m2025-12-10T10:12:02.251817Z[0m [34mDEBUG[0m [2methereum_transaction_pool_monitor::mempool_monitor[0m[2m:[0m 🔍 Fetching transaction details for: 0x5c81aa9709b522afc51d90f5017796a8ff9176e1fdb3f6556ba76c4e0b7481cc
[2m2025-12-10T10:12:02.251821Z[0m [34mDEBUG[0m [2methereum_transaction_pool_monitor::eth_client[0m[2m:[0m 🔍 Fetching transaction details for hash: 0x5c81aa9709b522afc51d90f5017796a8ff9176e1fdb3f6556ba76c4e0b7481cc
[2m2025-12-10T10:12:02.251829Z[0m [34mDEBUG[0m [2mhyper::client::pool[0m[2m:[0m reuse idle connection for ("http", 192.168.0.14:8545)
[2m2025-12-10T10:12:02.251842Z[0m [34mDEBUG[0m [2mhyper::proto::h1::io[0m[2m:[0m flushed 250 bytes
[2m2025-12-10T10:12:02.251851Z[0m [34mDEBUG[0m [2mhyper::proto::h1::io[0m[2m:[0m parsed 4 headers
[2m2025-12-10T10:12:02.251854Z[0m [34mDEBUG[0m [2mhyper::proto::h1::conn[0m[2m:[0m incoming body is content-length (45 bytes)
[2m2025-12-10T10:12:02.251859Z[0m [34mDEBUG[0m [2mhyper::proto::h1::conn[0m[2m:[0m incoming body completed
[2m2025-12-10T10:12:02.251864Z[0m [34mDEBUG[0m [2mhyper::client::pool[0m[2m:[0m pooling idle connection for ("http", 192.168.0.14:8545)
[2m2025-12-10T10:12:02.256869Z[0m [34mDEBUG[0m [2mhyper::proto::h1::io[0m[2m:[0m parsed 4 headers
[2m2025-12-10T10:12:02.256878Z[0m [34mDEBUG[0m [2mhyper::proto::h1::conn[0m[2m:[0m incoming body is content-length (645 bytes)
[2m2025-12-10T10:12:02.256884Z[0m [34mDEBUG[0m [2mhyper::proto::h1::conn[0m[2m:[0m incoming body completed
[2m2025-12-10T10:12:02.256891Z[0m [34mDEBUG[0m [2mhyper::client::pool[0m[2m:[0m pooling idle connection for ("http", 192.168.0.14:8545)
[2m2025-12-10T10:12:02.256896Z[0m [34mDEBUG[0m [2methereum_transaction_pool_monitor::eth_client[0m[2m:[0m 📡 Transaction fetch RPC completed in 5.071875ms
[2m2025-12-10T10:12:02.328438Z[0m [34mDEBUG[0m [2methereum_transaction_pool_monitor::eth_client[0m[2m:[0m ✅ Transaction 0x5c81aa9709b522afc51d90f5017796a8ff9176e1fdb3f6556ba76c4e0b7481cc fetched and parsed in 76.609958ms
[2m2025-12-10T10:12:02.330740Z[0m [34mDEBUG[0m [2methereum_transaction_pool_monitor::mempool_monitor[0m[2m:[0m 🔍 Skipping tx 0x5c81aa9709b522afc51d90f5017796a8ff9176e1fdb3f6556ba76c4e0b7481cc - not a DEX interaction (target: 0xF2626262B3137f1d0D2C73CaeA465971eE3D69E3)
[2m2025-12-10T10:12:02.330757Z[0m [34mDEBUG[0m [2methereum_transaction_pool_monitor::mempool_monitor[0m[2m:[0m 📨 Processing new pending transaction: 0x901383554401399ea557cb137f1b3a656920f144a802f4f185a3d4797974e9bf
[2m2025-12-10T10:12:02.330766Z[0m [34mDEBUG[0m [2methereum_transaction_pool_monitor::mempool_monitor[0m[2m:[0m 🔍 Fetching transaction details for: 0x901383554401399ea557cb137f1b3a656920f144a802f4f185a3d4797974e9bf
[2m2025-12-10T10:12:02.330774Z[0m [34mDEBUG[0m [2methereum_transaction_pool_monitor::eth_client[0m[2m:[0m 🔍 Fetching transaction details for hash: 0x901383554401399ea557cb137f1b3a656920f144a802f4f185a3d4797974e9bf
[2m2025-12-10T10:12:02.330812Z[0m [34mDEBUG[0m [2mhyper::client::pool[0m[2m:[0m reuse idle connection for ("http", 192.168.0.14:8545)
[2m2025-12-10T10:12:02.330884Z[0m [34mDEBUG[0m [2mhyper::proto::h1::io[0m[2m:[0m flushed 250 bytes
[2m2025-12-10T10:12:02.330918Z[0m [34mDEBUG[0m [2mhyper::client::pool[0m[2m:[0m reuse idle connection for ("http", 192.168.0.14:8545)
[2m2025-12-10T10:12:02.330936Z[0m [34mDEBUG[0m [2mhyper::proto::h1::io[0m[2m:[0m flushed 172 bytes
[2m2025-12-10T10:12:02.339867Z[0m [34mDEBUG[0m [2mhyper::proto::h1::io[0m[2m:[0m parsed 4 headers
[2m2025-12-10T10:12:02.339896Z[0m [34mDEBUG[0m [2mhyper::proto::h1::conn[0m[2m:[0m incoming body is content-length (7038 bytes)
[2m2025-12-10T10:12:02.339923Z[0m [34mDEBUG[0m [2mhyper::proto::h1::conn[0m[2m:[0m incoming body completed
[2m2025-12-10T10:12:02.339936Z[0m [34mDEBUG[0m [2mhyper::client::pool[0m[2m:[0m pooling idle connection for ("http", 192.168.0.14:8545)
[2m2025-12-10T10:12:02.339944Z[0m [34mDEBUG[0m [2methereum_transaction_pool_monitor::eth_client[0m[2m:[0m 📡 Transaction fetch RPC completed in 9.148292ms
[2m2025-12-10T10:12:02.411417Z[0m [34mDEBUG[0m [2methereum_transaction_pool_monitor::eth_client[0m[2m:[0m ✅ Transaction 0x901383554401399ea557cb137f1b3a656920f144a802f4f185a3d4797974e9bf fetched and parsed in 80.619209ms
[2m2025-12-10T10:12:02.411441Z[0m [34mDEBUG[0m [2methereum_transaction_pool_monitor::mempool_monitor[0m[2m:[0m 🔍 Skipping tx 0x901383554401399ea557cb137f1b3a656920f144a802f4f185a3d4797974e9bf - not a DEX interaction (target: 0x618892aE551eB5bB2DE8911057b3714274b5FFe1)
[2m2025-12-10T10:12:02.411487Z[0m [34mDEBUG[0m [2methereum_transaction_pool_monitor::eth_client[0m[2m:[0m 📨 Received WebSocket message: {"jsonrpc":"2.0","method":"eth_subscription","params":{"subscription":"0xbed0a0851463e895960a451075a301a9","result":"0x0b3d94f011d84c82dca8f10047ce44b37168d3edba1940bcfe81a572c833d7de"}}
[2m2025-12-10T10:12:02.411495Z[0m [34mDEBUG[0m [2methereum_transaction_pool_monitor::eth_client[0m[2m:[0m 📨 Received pending transaction: 0x0b3d94f011d84c82dca8f10047ce44b37168d3edba1940bcfe81a572c833d7de
[2m2025-12-10T10:12:02.411504Z[0m [34mDEBUG[0m [2methereum_transaction_pool_monitor::mempool_monitor[0m[2m:[0m 📨 Processing new pending transaction: 0x0b3d94f011d84c82dca8f10047ce44b37168d3edba1940bcfe81a572c833d7de
[2m2025-12-10T10:12:02.411510Z[0m [34mDEBUG[0m [2mhyper::proto::h1::io[0m[2m:[0m parsed 4 headers
[2m2025-12-10T10:12:02.411519Z[0m [34mDEBUG[0m [2mhyper::proto::h1::conn[0m[2m:[0m incoming body is content-length (45 bytes)
[2m2025-12-10T10:12:02.411512Z[0m [34mDEBUG[0m [2methereum_transaction_pool_monitor::mempool_monitor[0m[2m:[0m 🔍 Fetching transaction details for: 0x0b3d94f011d84c82dca8f10047ce44b37168d3edba1940bcfe81a572c833d7de
[2m2025-12-10T10:12:02.411528Z[0m [34mDEBUG[0m [2mhyper::proto::h1::conn[0m[2m:[0m incoming body completed
[2m2025-12-10T10:12:02.411536Z[0m [34mDEBUG[0m [2methereum_transaction_pool_monitor::eth_client[0m[2m:[0m 🔍 Fetching transaction details for hash: 0x0b3d94f011d84c82dca8f10047ce44b37168d3edba1940bcfe81a572c833d7de
[2m2025-12-10T10:12:02.411547Z[0m [34mDEBUG[0m [2mhyper::client::pool[0m[2m:[0m pooling idle connection for ("http", 192.168.0.14:8545)
[2m2025-12-10T10:12:02.411565Z[0m [34mDEBUG[0m [2mhyper::client::pool[0m[2m:[0m reuse idle connection for ("http", 192.168.0.14:8545)
[2m2025-12-10T10:12:02.411566Z[0m [34mDEBUG[0m [2mhyper::client::pool[0m[2m:[0m reuse idle connection for ("http", 192.168.0.14:8545)
[2m2025-12-10T10:12:02.411586Z[0m [34mDEBUG[0m [2mhyper::proto::h1::io[0m[2m:[0m flushed 250 bytes
[2m2025-12-10T10:12:02.411592Z[0m [34mDEBUG[0m [2mhyper::proto::h1::io[0m[2m:[0m flushed 172 bytes
[2m2025-12-10T10:12:02.417045Z[0m [34mDEBUG[0m [2mhyper::proto::h1::io[0m[2m:[0m parsed 4 headers
[2m2025-12-10T10:12:02.417052Z[0m [34mDEBUG[0m [2mhyper::proto::h1::conn[0m[2m:[0m incoming body is content-length (45 bytes)
[2m2025-12-10T10:12:02.417058Z[0m [34mDEBUG[0m [2mhyper::proto::h1::conn[0m[2m:[0m incoming body completed
[2m2025-12-10T10:12:02.417066Z[0m [34mDEBUG[0m [2mhyper::client::pool[0m[2m:[0m pooling idle connection for ("http", 192.168.0.14:8545)
[2m2025-12-10T10:12:02.417082Z[0m [34mDEBUG[0m [2mhyper::proto::h1::io[0m[2m:[0m parsed 4 headers
[2m2025-12-10T10:12:02.417089Z[0m [34mDEBUG[0m [2mhyper::proto::h1::conn[0m[2m:[0m incoming body is content-length (650 bytes)
[2m2025-12-10T10:12:02.417095Z[0m [34mDEBUG[0m [2mhyper::proto::h1::conn[0m[2m:[0m incoming body completed
[2m2025-12-10T10:12:02.417100Z[0m [34mDEBUG[0m [2mhyper::client::pool[0m[2m:[0m pooling idle connection for ("http", 192.168.0.14:8545)
[2m2025-12-10T10:12:02.417104Z[0m [34mDEBUG[0m [2methereum_transaction_pool_monitor::eth_client[0m[2m:[0m 📡 Transaction fetch RPC completed in 5.552333ms
[2m2025-12-10T10:12:02.488670Z[0m [34mDEBUG[0m [2methereum_transaction_pool_monitor::eth_client[0m[2m:[0m ✅ Transaction 0x0b3d94f011d84c82dca8f10047ce44b37168d3edba1940bcfe81a572c833d7de fetched and parsed in 77.116167ms
[2m2025-12-10T10:12:02.488695Z[0m [34mDEBUG[0m [2methereum_transaction_pool_monitor::mempool_monitor[0m[2m:[0m 🔍 Skipping tx 0x0b3d94f011d84c82dca8f10047ce44b37168d3edba1940bcfe81a572c833d7de - not a DEX interaction (target: 0xb9ED489f6935c52fb935C59eee7Ac6A434205385)
[2m2025-12-10T10:12:02.498710Z[0m [34mDEBUG[0m [2mhyper::client::pool[0m[2m:[0m reuse idle connection for ("http", 192.168.0.14:8545)
[2m2025-12-10T10:12:02.498778Z[0m [34mDEBUG[0m [2mhyper::proto::h1::io[0m[2m:[0m flushed 172 bytes
[2m2025-12-10T10:12:02.501624Z[0m [34mDEBUG[0m [2mhyper::proto::h1::io[0m[2m:[0m parsed 4 headers
[2m2025-12-10T10:12:02.501646Z[0m [34mDEBUG[0m [2mhyper::proto::h1::conn[0m[2m:[0m incoming body is content-length (45 bytes)
[2m2025-12-10T10:12:02.501671Z[0m [34mDEBUG[0m [2mhyper::proto::h1::conn[0m[2m:[0m incoming body completed
[2m2025-12-10T10:12:02.501680Z[0m [34mDEBUG[0m [2mhyper::client::pool[0m[2m:[0m pooling idle connection for ("http", 192.168.0.14:8545)
[2m2025-12-10T10:12:02.599831Z[0m [34mDEBUG[0m [2mhyper::client::pool[0m[2m:[0m reuse idle connection for ("http", 192.168.0.14:8545)
[2m2025-12-10T10:12:02.599881Z[0m [34mDEBUG[0m [2mhyper::proto::h1::io[0m[2m:[0m flushed 172 bytes
[2m2025-12-10T10:12:02.604944Z[0m [34mDEBUG[0m [2mhyper::proto::h1::io[0m[2m:[0m parsed 4 headers
[2m2025-12-10T10:12:02.604964Z[0m [34mDEBUG[0m [2mhyper::proto::h1::conn[0m[2m:[0m incoming body is content-length (45 bytes)
[2m2025-12-10T10:12:02.604976Z[0m [34mDEBUG[0m [2mhyper::proto::h1::conn[0m[2m:[0m incoming body completed
[2m2025-12-10T10:12:02.604988Z[0m [34mDEBUG[0m [2mhyper::client::pool[0m[2m:[0m pooling idle connection for ("http", 192.168.0.14:8545)
[2m2025-12-10T10:12:02.684132Z[0m [34mDEBUG[0m [2methereum_transaction_pool_monitor::eth_client[0m[2m:[0m 📨 Received WebSocket message: {"jsonrpc":"2.0","method":"eth_subscription","params":{"subscription":"0xbed0a0851463e895960a451075a301a9","result":"0xc52f41a9b316b5612423ac60d071021939929d0591d74f62e6436fc65a393607"}}
[2m2025-12-10T10:12:02.684201Z[0m [34mDEBUG[0m [2methereum_transaction_pool_monitor::eth_client[0m[2m:[0m 📨 Received pending transaction: 0xc52f41a9b316b5612423ac60d071021939929d0591d74f62e6436fc65a393607
[2m2025-12-10T10:12:02.684226Z[0m [34mDEBUG[0m [2methereum_transaction_pool_monitor::mempool_monitor[0m[2m:[0m 📨 Processing new pending transaction: 0xc52f41a9b316b5612423ac60d071021939929d0591d74f62e6436fc65a393607
[2m2025-12-10T10:12:02.684242Z[0m [34mDEBUG[0m [2methereum_transaction_pool_monitor::mempool_monitor[0m[2m:[0m 🔍 Fetching transaction details for: 0xc52f41a9b316b5612423ac60d071021939929d0591d74f62e6436fc65a393607
[2m2025-12-10T10:12:02.684254Z[0m [34mDEBUG[0m [2methereum_transaction_pool_monitor::eth_client[0m[2m:[0m 🔍 Fetching transaction details for hash: 0xc52f41a9b316b5612423ac60d071021939929d0591d74f62e6436fc65a393607
[2m2025-12-10T10:12:02.684310Z[0m [34mDEBUG[0m [2mhyper::client::pool[0m[2m:[0m reuse idle connection for ("http", 192.168.0.14:8545)
[2m2025-12-10T10:12:02.684377Z[0m [34mDEBUG[0m [2mhyper::proto::h1::io[0m[2m:[0m flushed 250 bytes
[2m2025-12-10T10:12:02.693141Z[0m [34mDEBUG[0m [2mhyper::proto::h1::io[0m[2m:[0m parsed 4 headers
[2m2025-12-10T10:12:02.693170Z[0m [34mDEBUG[0m [2mhyper::proto::h1::conn[0m[2m:[0m incoming body is content-length (764 bytes)
[2m2025-12-10T10:12:02.693198Z[0m [34mDEBUG[0m [2mhyper::proto::h1::conn[0m[2m:[0m incoming body completed
[2m2025-12-10T10:12:02.693229Z[0m [34mDEBUG[0m [2mhyper::client::pool[0m[2m:[0m pooling idle connection for ("http", 192.168.0.14:8545)
[2m2025-12-10T10:12:02.693695Z[0m [34mDEBUG[0m [2methereum_transaction_pool_monitor::eth_client[0m[2m:[0m 📡 Transaction fetch RPC completed in 9.428625ms
[2m2025-12-10T10:12:02.788431Z[0m [34mDEBUG[0m [2methereum_transaction_pool_monitor::eth_client[0m[2m:[0m ✅ Transaction 0xc52f41a9b316b5612423ac60d071021939929d0591d74f62e6436fc65a393607 fetched and parsed in 104.161833ms
[2m2025-12-10T10:12:02.788461Z[0m [34mDEBUG[0m [2methereum_transaction_pool_monitor::mempool_monitor[0m[2m:[0m 🔍 Skipping tx 0xc52f41a9b316b5612423ac60d071021939929d0591d74f62e6436fc65a393607 - not a DEX interaction (target: 0x6F54Ca6F6EdE96662024Ffd61BFd18f3f4e34DFf)
[2m2025-12-10T10:12:02.788498Z[0m [34mDEBUG[0m [2mhyper::client::pool[0m[2m:[0m reuse idle connection for ("http", 192.168.0.14:8545)
[2m2025-12-10T10:12:02.788526Z[0m [34mDEBUG[0m [2mhyper::proto::h1::io[0m[2m:[0m flushed 172 bytes
[2m2025-12-10T10:12:02.788582Z[0m [34mDEBUG[0m [2methereum_transaction_pool_monitor::eth_client[0m[2m:[0m 📨 Received WebSocket message: {"jsonrpc":"2.0","method":"eth_subscription","params":{"subscription":"0xbed0a0851463e895960a451075a301a9","result":"0xc0a877ef7931de82df87057f7bc9a0f2fd4fa72980691241b2b3818101af282e"}}
[2m2025-12-10T10:12:02.788595Z[0m [34mDEBUG[0m [2methereum_transaction_pool_monitor::eth_client[0m[2m:[0m 📨 Received pending transaction: 0xc0a877ef7931de82df87057f7bc9a0f2fd4fa72980691241b2b3818101af282e
[2m2025-12-10T10:12:02.788605Z[0m [34mDEBUG[0m [2methereum_transaction_pool_monitor::eth_client[0m[2m:[0m 📨 Received WebSocket message: {"jsonrpc":"2.0","method":"eth_subscription","params":{"subscription":"0xbed0a0851463e895960a451075a301a9","result":"0x6be8423cb0b34ad6eeb897104a0a67222d0e040fe8cc82f07af2f0bf8db4d883"}}
[2m2025-12-10T10:12:02.788614Z[0m [34mDEBUG[0m [2methereum_transaction_pool_monitor::eth_client[0m[2m:[0m 📨 Received pending transaction: 0x6be8423cb0b34ad6eeb897104a0a67222d0e040fe8cc82f07af2f0bf8db4d883
[2m2025-12-10T10:12:02.788620Z[0m [34mDEBUG[0m [2methereum_transaction_pool_monitor::mempool_monitor[0m[2m:[0m 📨 Processing new pending transaction: 0xc0a877ef7931de82df87057f7bc9a0f2fd4fa72980691241b2b3818101af282e
[2m2025-12-10T10:12:02.788624Z[0m [34mDEBUG[0m [2methereum_transaction_pool_monitor::mempool_monitor[0m[2m:[0m 🔍 Fetching transaction details for: 0xc0a877ef7931de82df87057f7bc9a0f2fd4fa72980691241b2b3818101af282e
[2m2025-12-10T10:12:02.788629Z[0m [34mDEBUG[0m [2methereum_transaction_pool_monitor::eth_client[0m[2m:[0m 🔍 Fetching transaction details for hash: 0xc0a877ef7931de82df87057f7bc9a0f2fd4fa72980691241b2b3818101af282e
[2m2025-12-10T10:12:02.788639Z[0m [34mDEBUG[0m [2mhyper::client::pool[0m[2m:[0m reuse idle connection for ("http", 192.168.0.14:8545)
[2m2025-12-10T10:12:02.788654Z[0m [34mDEBUG[0m [2mhyper::proto::h1::io[0m[2m:[0m flushed 250 bytes
[2m2025-12-10T10:12:02.791471Z[0m [34mDEBUG[0m [2mhyper::proto::h1::io[0m[2m:[0m parsed 4 headers
[2m2025-12-10T10:12:02.791495Z[0m [34mDEBUG[0m [2mhyper::proto::h1::conn[0m[2m:[0m incoming body is content-length (45 bytes)
[2m2025-12-10T10:12:02.791521Z[0m [34mDEBUG[0m [2mhyper::proto::h1::conn[0m[2m:[0m incoming body completed
[2m2025-12-10T10:12:02.791532Z[0m [34mDEBUG[0m [2mhyper::client::pool[0m[2m:[0m pooling idle connection for ("http", 192.168.0.14:8545)
[2m2025-12-10T10:12:02.794983Z[0m [34mDEBUG[0m [2mhyper::proto::h1::io[0m[2m:[0m parsed 4 headers
[2m2025-12-10T10:12:02.795021Z[0m [34mDEBUG[0m [2mhyper::proto::h1::conn[0m[2m:[0m incoming body is content-length (769 bytes)
[2m2025-12-10T10:12:02.795028Z[0m [34mDEBUG[0m [2mhyper::proto::h1::conn[0m[2m:[0m incoming body completed
[2m2025-12-10T10:12:02.795035Z[0m [34mDEBUG[0m [2mhyper::client::pool[0m[2m:[0m pooling idle connection for ("http", 192.168.0.14:8545)
[2m2025-12-10T10:12:02.795040Z[0m [34mDEBUG[0m [2methereum_transaction_pool_monitor::eth_client[0m[2m:[0m 📡 Transaction fetch RPC completed in 6.405708ms
[2m2025-12-10T10:12:02.866158Z[0m [34mDEBUG[0m [2methereum_transaction_pool_monitor::eth_client[0m[2m:[0m ✅ Transaction 0xc0a877ef7931de82df87057f7bc9a0f2fd4fa72980691241b2b3818101af282e fetched and parsed in 77.520791ms
[2m2025-12-10T10:12:02.866183Z[0m [34mDEBUG[0m [2methereum_transaction_pool_monitor::mempool_monitor[0m[2m:[0m 🔍 Skipping tx 0xc0a877ef7931de82df87057f7bc9a0f2fd4fa72980691241b2b3818101af282e - not a DEX interaction (target: 0xA0b86991c6218b36c1d19D4a2e9Eb0cE3606eB48)
[2m2025-12-10T10:12:02.866194Z[0m [34mDEBUG[0m [2methereum_transaction_pool_monitor::mempool_monitor[0m[2m:[0m 📨 Processing new pending transaction: 0x6be8423cb0b34ad6eeb897104a0a67222d0e040fe8cc82f07af2f0bf8db4d883
[2m2025-12-10T10:12:02.866202Z[0m [34mDEBUG[0m [2methereum_transaction_pool_monitor::mempool_monitor[0m[2m:[0m 🔍 Fetching transaction details for: 0x6be8423cb0b34ad6eeb897104a0a67222d0e040fe8cc82f07af2f0bf8db4d883
[2m2025-12-10T10:12:02.866207Z[0m [34mDEBUG[0m [2methereum_transaction_pool_monitor::eth_client[0m[2m:[0m 🔍 Fetching transaction details for hash: 0x6be8423cb0b34ad6eeb897104a0a67222d0e040fe8cc82f07af2f0bf8db4d883
[2m2025-12-10T10:12:02.866225Z[0m [34mDEBUG[0m [2mhyper::client::pool[0m[2m:[0m reuse idle connection for ("http", 192.168.0.14:8545)
[2m2025-12-10T10:12:02.866259Z[0m [34mDEBUG[0m [2mhyper::proto::h1::io[0m[2m:[0m flushed 250 bytes
[2m2025-12-10T10:12:02.866291Z[0m [34mDEBUG[0m [2mhyper::client::pool[0m[2m:[0m reuse idle connection for ("http", 192.168.0.14:8545)
[2m2025-12-10T10:12:02.866307Z[0m [34mDEBUG[0m [2mhyper::proto::h1::io[0m[2m:[0m flushed 172 bytes
[2m2025-12-10T10:12:02.871765Z[0m [34mDEBUG[0m [2methereum_transaction_pool_monitor::eth_client[0m[2m:[0m 📨 Received WebSocket message: {"jsonrpc":"2.0","method":"eth_subscription","params":{"subscription":"0xbed0a0851463e895960a451075a301a9","result":"0x45976699f900c04f5b6a617e39d745509834fbee529aa2e871fbbd233e53b144"}}
[2m2025-12-10T10:12:02.871793Z[0m [34mDEBUG[0m [2methereum_transaction_pool_monitor::eth_client[0m[2m:[0m 📨 Received pending transaction: 0x45976699f900c04f5b6a617e39d745509834fbee529aa2e871fbbd233e53b144
[2m2025-12-10T10:12:02.873539Z[0m [34mDEBUG[0m [2mhyper::proto::h1::io[0m[2m:[0m parsed 4 headers
[2m2025-12-10T10:12:02.873544Z[0m [34mDEBUG[0m [2mhyper::proto::h1::conn[0m[2m:[0m incoming body is content-length (45 bytes)
[2m2025-12-10T10:12:02.873551Z[0m [34mDEBUG[0m [2mhyper::proto::h1::conn[0m[2m:[0m incoming body completed
[2m2025-12-10T10:12:02.873559Z[0m [34mDEBUG[0m [2mhyper::client::pool[0m[2m:[0m pooling idle connection for ("http", 192.168.0.14:8545)
[2m2025-12-10T10:12:02.875611Z[0m [34mDEBUG[0m [2mhyper::proto::h1::io[0m[2m:[0m parsed 4 headers
[2m2025-12-10T10:12:02.875641Z[0m [34mDEBUG[0m [2mhyper::proto::h1::conn[0m[2m:[0m incoming body is content-length (1730 bytes)
[2m2025-12-10T10:12:02.875648Z[0m [34mDEBUG[0m [2mhyper::proto::h1::conn[0m[2m:[0m incoming body completed
[2m2025-12-10T10:12:02.875669Z[0m [34mDEBUG[0m [2mhyper::client::pool[0m[2m:[0m pooling idle connection for ("http", 192.168.0.14:8545)
[2m2025-12-10T10:12:02.875677Z[0m [34mDEBUG[0m [2methereum_transaction_pool_monitor::eth_client[0m[2m:[0m 📡 Transaction fetch RPC completed in 9.464875ms
[2m2025-12-10T10:12:02.947010Z[0m [34mDEBUG[0m [2methereum_transaction_pool_monitor::eth_client[0m[2m:[0m ✅ Transaction 0x6be8423cb0b34ad6eeb897104a0a67222d0e040fe8cc82f07af2f0bf8db4d883 fetched and parsed in 80.795834ms
[2m2025-12-10T10:12:02.947036Z[0m [34mDEBUG[0m [2methereum_transaction_pool_monitor::mempool_monitor[0m[2m:[0m 🔍 Skipping tx 0x6be8423cb0b34ad6eeb897104a0a67222d0e040fe8cc82f07af2f0bf8db4d883 - not a DEX interaction (target: 0x601a2aD6CB5949f0529735254189Ba3194221EDF)
[2m2025-12-10T10:12:02.947045Z[0m [34mDEBUG[0m [2methereum_transaction_pool_monitor::mempool_monitor[0m[2m:[0m 📨 Processing new pending transaction: 0x45976699f900c04f5b6a617e39d745509834fbee529aa2e871fbbd233e53b144
[2m2025-12-10T10:12:02.947054Z[0m [34mDEBUG[0m [2methereum_transaction_pool_monitor::mempool_monitor[0m[2m:[0m 🔍 Fetching transaction details for: 0x45976699f900c04f5b6a617e39d745509834fbee529aa2e871fbbd233e53b144
[2m2025-12-10T10:12:02.947060Z[0m [34mDEBUG[0m [2methereum_transaction_pool_monitor::eth_client[0m[2m:[0m 🔍 Fetching transaction details for hash: 0x45976699f900c04f5b6a617e39d745509834fbee529aa2e871fbbd233e53b144
[2m2025-12-10T10:12:02.947078Z[0m [34mDEBUG[0m [2mhyper::client::pool[0m[2m:[0m reuse idle connection for ("http", 192.168.0.14:8545)
[2m2025-12-10T10:12:02.947119Z[0m [34mDEBUG[0m [2mhyper::proto::h1::io[0m[2m:[0m flushed 250 bytes
[2m2025-12-10T10:12:02.947138Z[0m [34mDEBUG[0m [2mhyper::client::pool[0m[2m:[0m reuse idle connection for ("http", 192.168.0.14:8545)
[2m2025-12-10T10:12:02.947154Z[0m [34mDEBUG[0m [2mhyper::proto::h1::io[0m[2m:[0m flushed 172 bytes
[2m2025-12-10T10:12:02.947186Z[0m [34mDEBUG[0m [2methereum_transaction_pool_monitor::eth_client[0m[2m:[0m 📨 Received WebSocket message: {"jsonrpc":"2.0","method":"eth_subscription","params":{"subscription":"0xbed0a0851463e895960a451075a301a9","result":"0x2fac36af1fcca6059cd2fbd7aa6d9b416da7d262f483b4c9031302c82d5c205a"}}
[2m2025-12-10T10:12:02.947196Z[0m [34mDEBUG[0m [2methereum_transaction_pool_monitor::eth_client[0m[2m:[0m 📨 Received pending transaction: 0x2fac36af1fcca6059cd2fbd7aa6d9b416da7d262f483b4c9031302c82d5c205a
[2m2025-12-10T10:12:02.952503Z[0m [34mDEBUG[0m [2mhyper::proto::h1::io[0m[2m:[0m parsed 4 headers
[2m2025-12-10T10:12:02.952510Z[0m [34mDEBUG[0m [2mhyper::proto::h1::conn[0m[2m:[0m incoming body is content-length (45 bytes)
[2m2025-12-10T10:12:02.952520Z[0m [34mDEBUG[0m [2mhyper::proto::h1::conn[0m[2m:[0m incoming body completed
[2m2025-12-10T10:12:02.952531Z[0m [34mDEBUG[0m [2mhyper::client::pool[0m[2m:[0m pooling idle connection for ("http", 192.168.0.14:8545)
[2m2025-12-10T10:12:02.957730Z[0m [34mDEBUG[0m [2mhyper::proto::h1::io[0m[2m:[0m parsed 4 headers
[2m2025-12-10T10:12:02.957752Z[0m [34mDEBUG[0m [2mhyper::proto::h1::conn[0m[2m:[0m incoming body is content-length (558 bytes)
[2m2025-12-10T10:12:02.957770Z[0m [34mDEBUG[0m [2mhyper::proto::h1::conn[0m[2m:[0m incoming body completed
[2m2025-12-10T10:12:02.957791Z[0m [34mDEBUG[0m [2mhyper::client::pool[0m[2m:[0m pooling idle connection for ("http", 192.168.0.14:8545)
[2m2025-12-10T10:12:02.957796Z[0m [34mDEBUG[0m [2methereum_transaction_pool_monitor::eth_client[0m[2m:[0m 📡 Transaction fetch RPC completed in 10.731542ms
[2m2025-12-10T10:12:03.029303Z[0m [34mDEBUG[0m [2methereum_transaction_pool_monitor::eth_client[0m[2m:[0m ✅ Transaction 0x45976699f900c04f5b6a617e39d745509834fbee529aa2e871fbbd233e53b144 fetched and parsed in 82.237042ms
[2m2025-12-10T10:12:03.029331Z[0m [34mDEBUG[0m [2methereum_transaction_pool_monitor::mempool_monitor[0m[2m:[0m 🔍 Skipping tx 0x45976699f900c04f5b6a617e39d745509834fbee529aa2e871fbbd233e53b144 - not a DEX interaction (target: 0xE993F042d6137C26d69C10c0D5Cf0541848065Dd)
[2m2025-12-10T10:12:03.029342Z[0m [34mDEBUG[0m [2methereum_transaction_pool_monitor::mempool_monitor[0m[2m:[0m 📨 Processing new pending transaction: 0x2fac36af1fcca6059cd2fbd7aa6d9b416da7d262f483b4c9031302c82d5c205a
[2m2025-12-10T10:12:03.029356Z[0m [34mDEBUG[0m [2methereum_transaction_pool_monitor::mempool_monitor[0m[2m:[0m 🔍 Fetching transaction details for: 0x2fac36af1fcca6059cd2fbd7aa6d9b416da7d262f483b4c9031302c82d5c205a
[2m2025-12-10T10:12:03.029363Z[0m [34mDEBUG[0m [2methereum_transaction_pool_monitor::eth_client[0m[2m:[0m 🔍 Fetching transaction details for hash: 0x2fac36af1fcca6059cd2fbd7aa6d9b416da7d262f483b4c9031302c82d5c205a
[2m2025-12-10T10:12:03.029381Z[0m [34mDEBUG[0m [2mhyper::client::pool[0m[2m:[0m reuse idle connection for ("http", 192.168.0.14:8545)
[2m2025-12-10T10:12:03.029428Z[0m [34mDEBUG[0m [2mhyper::proto::h1::io[0m[2m:[0m flushed 250 bytes
[2m2025-12-10T10:12:03.029450Z[0m [34mDEBUG[0m [2mhyper::client::pool[0m[2m:[0m reuse idle connection for ("http", 192.168.0.14:8545)
[2m2025-12-10T10:12:03.029465Z[0m [34mDEBUG[0m [2methereum_transaction_pool_monitor::eth_client[0m[2m:[0m 📨 Received WebSocket message: {"jsonrpc":"2.0","method":"eth_subscription","params":{"subscription":"0xbed0a0851463e895960a451075a301a9","result":"0x118860be048380b7cc9b2d04c67cf4f0092bc033b565e7e2fe230621a62aeb5d"}}
[2m2025-12-10T10:12:03.029468Z[0m [34mDEBUG[0m [2mhyper::proto::h1::io[0m[2m:[0m flushed 172 bytes
[2m2025-12-10T10:12:03.029480Z[0m [34mDEBUG[0m [2methereum_transaction_pool_monitor::eth_client[0m[2m:[0m 📨 Received pending transaction: 0x118860be048380b7cc9b2d04c67cf4f0092bc033b565e7e2fe230621a62aeb5d
[2m2025-12-10T10:12:03.035337Z[0m [34mDEBUG[0m [2mhyper::proto::h1::io[0m[2m:[0m parsed 4 headers
[2m2025-12-10T10:12:03.035360Z[0m [34mDEBUG[0m [2mhyper::proto::h1::conn[0m[2m:[0m incoming body is content-length (2324 bytes)
[2m2025-12-10T10:12:03.035401Z[0m [34mDEBUG[0m [2methereum_transaction_pool_monitor::eth_client[0m[2m:[0m 📡 Transaction fetch RPC completed in 6.032292ms
[2m2025-12-10T10:12:03.036114Z[0m [34mDEBUG[0m [2mhyper::proto::h1::conn[0m[2m:[0m incoming body completed
[2m2025-12-10T10:12:03.036122Z[0m [34mDEBUG[0m [2mhyper::client::pool[0m[2m:[0m pooling idle connection for ("http", 192.168.0.14:8545)
[2m2025-12-10T10:12:03.036182Z[0m [34mDEBUG[0m [2mhyper::proto::h1::io[0m[2m:[0m parsed 4 headers
[2m2025-12-10T10:12:03.036190Z[0m [34mDEBUG[0m [2mhyper::proto::h1::conn[0m[2m:[0m incoming body is content-length (45 bytes)
[2m2025-12-10T10:12:03.036196Z[0m [34mDEBUG[0m [2mhyper::proto::h1::conn[0m[2m:[0m incoming body completed
[2m2025-12-10T10:12:03.036203Z[0m [34mDEBUG[0m [2mhyper::client::pool[0m[2m:[0m pooling idle connection for ("http", 192.168.0.14:8545)
[2m2025-12-10T10:12:03.099249Z[0m [34mDEBUG[0m [2mhyper::client::pool[0m[2m:[0m reuse idle connection for ("http", 192.168.0.14:8545)
[2m2025-12-10T10:12:03.099310Z[0m [34mDEBUG[0m [2mhyper::proto::h1::io[0m[2m:[0m flushed 172 bytes
[2m2025-12-10T10:12:03.103654Z[0m [34mDEBUG[0m [2mhyper::proto::h1::io[0m[2m:[0m parsed 4 headers
[2m2025-12-10T10:12:03.103661Z[0m [34mDEBUG[0m [2mhyper::proto::h1::conn[0m[2m:[0m incoming body is content-length (45 bytes)
[2m2025-12-10T10:12:03.103668Z[0m [34mDEBUG[0m [2mhyper::proto::h1::conn[0m[2m:[0m incoming body completed
[2m2025-12-10T10:12:03.103676Z[0m [34mDEBUG[0m [2mhyper::client::pool[0m[2m:[0m pooling idle connection for ("http", 192.168.0.14:8545)
[2m2025-12-10T10:12:03.107247Z[0m [34mDEBUG[0m [2methereum_transaction_pool_monitor::eth_client[0m[2m:[0m ✅ Transaction 0x2fac36af1fcca6059cd2fbd7aa6d9b416da7d262f483b4c9031302c82d5c205a fetched and parsed in 77.877917ms
[2m2025-12-10T10:12:03.107261Z[0m [34mDEBUG[0m [2methereum_transaction_pool_monitor::mempool_monitor[0m[2m:[0m 🔍 Skipping tx 0x2fac36af1fcca6059cd2fbd7aa6d9b416da7d262f483b4c9031302c82d5c205a - not a DEX interaction (target: 0x66a9893cC07D91D95644AEDD05D03f95e1dBA8Af)
[2m2025-12-10T10:12:03.107271Z[0m [34mDEBUG[0m [2methereum_transaction_pool_monitor::mempool_monitor[0m[2m:[0m 📨 Processing new pending transaction: 0x118860be048380b7cc9b2d04c67cf4f0092bc033b565e7e2fe230621a62aeb5d
[2m2025-12-10T10:12:03.107277Z[0m [34mDEBUG[0m [2methereum_transaction_pool_monitor::mempool_monitor[0m[2m:[0m 🔍 Fetching transaction details for: 0x118860be048380b7cc9b2d04c67cf4f0092bc033b565e7e2fe230621a62aeb5d
[2m2025-12-10T10:12:03.107285Z[0m [34mDEBUG[0m [2methereum_transaction_pool_monitor::eth_client[0m[2m:[0m 🔍 Fetching transaction details for hash: 0x118860be048380b7cc9b2d04c67cf4f0092bc033b565e7e2fe230621a62aeb5d
[2m2025-12-10T10:12:03.107299Z[0m [34mDEBUG[0m [2mhyper::client::pool[0m[2m:[0m reuse idle connection for ("http", 192.168.0.14:8545)
[2m2025-12-10T10:12:03.107426Z[0m [34mDEBUG[0m [2mhyper::proto::h1::io[0m[2m:[0m flushed 250 bytes
[2m2025-12-10T10:12:03.115974Z[0m [34mDEBUG[0m [2methereum_transaction_pool_monitor::eth_client[0m[2m:[0m 📨 Received WebSocket message: {"jsonrpc":"2.0","method":"eth_subscription","params":{"subscription":"0xbed0a0851463e895960a451075a301a9","result":"0x6790662c4664ab5989ed70d4b77e465583b211aee12a853ad531ffb6b9d7ab44"}}
[2m2025-12-10T10:12:03.116002Z[0m [34mDEBUG[0m [2methereum_transaction_pool_monitor::eth_client[0m[2m:[0m 📨 Received pending transaction: 0x6790662c4664ab5989ed70d4b77e465583b211aee12a853ad531ffb6b9d7ab44
[2m2025-12-10T10:12:03.116027Z[0m [34mDEBUG[0m [2mhyper::proto::h1::io[0m[2m:[0m parsed 4 headers
[2m2025-12-10T10:12:03.116031Z[0m [34mDEBUG[0m [2mhyper::proto::h1::conn[0m[2m:[0m incoming body is content-length (1731 bytes)
[2m2025-12-10T10:12:03.116039Z[0m [34mDEBUG[0m [2mhyper::proto::h1::conn[0m[2m:[0m incoming body completed
[2m2025-12-10T10:12:03.116048Z[0m [34mDEBUG[0m [2mhyper::client::pool[0m[2m:[0m pooling idle connection for ("http", 192.168.0.14:8545)
[2m2025-12-10T10:12:03.116056Z[0m [34mDEBUG[0m [2methereum_transaction_pool_monitor::eth_client[0m[2m:[0m 📡 Transaction fetch RPC completed in 8.765291ms
[2m2025-12-10T10:12:03.187641Z[0m [34mDEBUG[0m [2methereum_transaction_pool_monitor::eth_client[0m[2m:[0m ✅ Transaction 0x118860be048380b7cc9b2d04c67cf4f0092bc033b565e7e2fe230621a62aeb5d fetched and parsed in 80.34825ms
[2m2025-12-10T10:12:03.187667Z[0m [34mDEBUG[0m [2methereum_transaction_pool_monitor::mempool_monitor[0m[2m:[0m 🔍 Skipping tx 0x118860be048380b7cc9b2d04c67cf4f0092bc033b565e7e2fe230621a62aeb5d - not a DEX interaction (target: 0x601a2aD6CB5949f0529735254189Ba3194221EDF)
[2m2025-12-10T10:12:03.187677Z[0m [34mDEBUG[0m [2methereum_transaction_pool_monitor::mempool_monitor[0m[2m:[0m 📨 Processing new pending transaction: 0x6790662c4664ab5989ed70d4b77e465583b211aee12a853ad531ffb6b9d7ab44
[2m2025-12-10T10:12:03.187684Z[0m [34mDEBUG[0m [2methereum_transaction_pool_monitor::mempool_monitor[0m[2m:[0m 🔍 Fetching transaction details for: 0x6790662c4664ab5989ed70d4b77e465583b211aee12a853ad531ffb6b9d7ab44
[2m2025-12-10T10:12:03.187690Z[0m [34mDEBUG[0m [2methereum_transaction_pool_monitor::eth_client[0m[2m:[0m 🔍 Fetching transaction details for hash: 0x6790662c4664ab5989ed70d4b77e465583b211aee12a853ad531ffb6b9d7ab44
[2m2025-12-10T10:12:03.187707Z[0m [34mDEBUG[0m [2mhyper::client::pool[0m[2m:[0m reuse idle connection for ("http", 192.168.0.14:8545)
[2m2025-12-10T10:12:03.187741Z[0m [34mDEBUG[0m [2mhyper::proto::h1::io[0m[2m:[0m flushed 250 bytes
[2m2025-12-10T10:12:03.187762Z[0m [34mDEBUG[0m [2methereum_transaction_pool_monitor::eth_client[0m[2m:[0m 📨 Received WebSocket message: {"jsonrpc":"2.0","method":"eth_subscription","params":{"subscription":"0xbed0a0851463e895960a451075a301a9","result":"0xee0d426ea135371d128fc6a85eb24fb3d72fee50d04c841fb07750a942315346"}}
[2m2025-12-10T10:12:03.187774Z[0m [34mDEBUG[0m [2methereum_transaction_pool_monitor::eth_client[0m[2m:[0m 📨 Received pending transaction: 0xee0d426ea135371d128fc6a85eb24fb3d72fee50d04c841fb07750a942315346
[2m2025-12-10T10:12:03.187783Z[0m [34mDEBUG[0m [2methereum_transaction_pool_monitor::eth_client[0m[2m:[0m 📨 Received WebSocket message: {"jsonrpc":"2.0","method":"eth_subscription","params":{"subscription":"0xbed0a0851463e895960a451075a301a9","result":"0xc17347caa612d2b98f53a94e5ee2d3fe2d9a7d7638ca21d056c7ef7bcb0d308f"}}
[2m2025-12-10T10:12:03.187789Z[0m [34mDEBUG[0m [2methereum_transaction_pool_monitor::eth_client[0m[2m:[0m 📨 Received pending transaction: 0xc17347caa612d2b98f53a94e5ee2d3fe2d9a7d7638ca21d056c7ef7bcb0d308f
[2m2025-12-10T10:12:03.198848Z[0m [34mDEBUG[0m [2mhyper::client::pool[0m[2m:[0m reuse idle connection for ("http", 192.168.0.14:8545)
[2m2025-12-10T10:12:03.198862Z[0m [34mDEBUG[0m [2mhyper::proto::h1::io[0m[2m:[0m parsed 4 headers
[2m2025-12-10T10:12:03.198900Z[0m [34mDEBUG[0m [2mhyper::proto::h1::conn[0m[2m:[0m incoming body is content-length (778 bytes)
[2m2025-12-10T10:12:03.198908Z[0m [34mDEBUG[0m [2mhyper::proto::h1::io[0m[2m:[0m flushed 172 bytes
[2m2025-12-10T10:12:03.198910Z[0m [34mDEBUG[0m [2mhyper::proto::h1::conn[0m[2m:[0m incoming body completed
[2m2025-12-10T10:12:03.198929Z[0m [34mDEBUG[0m [2mhyper::client::pool[0m[2m:[0m pooling idle connection for ("http", 192.168.0.14:8545)
[2m2025-12-10T10:12:03.198936Z[0m [34mDEBUG[0m [2methereum_transaction_pool_monitor::eth_client[0m[2m:[0m 📡 Transaction fetch RPC completed in 11.241625ms
[2m2025-12-10T10:12:03.198952Z[0m [34mDEBUG[0m [2methereum_transaction_pool_monitor::eth_client[0m[2m:[0m DeFi transaction detected - Address: 0xdac17f958d2ee523a2206206994597c13d831ec7, Type: Stablecoin, Value: 0 ETH, Gas: 127.50 Gwei
[2m2025-12-10T10:12:03.198964Z[0m [34mDEBUG[0m [2methereum_transaction_pool_monitor::eth_client[0m[2m:[0m ✅ Transaction 0x6790662c4664ab5989ed70d4b77e465583b211aee12a853ad531ffb6b9d7ab44 fetched and parsed in 11.270458ms
[2m2025-12-10T10:12:03.198970Z[0m [34mDEBUG[0m [2methereum_transaction_pool_monitor::mempool_monitor[0m[2m:[0m 🔍 Skipping tx 0x6790662c4664ab5989ed70d4b77e465583b211aee12a853ad531ffb6b9d7ab44 - not a DEX interaction (target: 0xdAC17F958D2ee523a2206206994597C13D831ec7)
[2m2025-12-10T10:12:03.203446Z[0m [34mDEBUG[0m [2methereum_transaction_pool_monitor::mempool_monitor[0m[2m:[0m 📨 Processing new pending transaction: 0xee0d426ea135371d128fc6a85eb24fb3d72fee50d04c841fb07750a942315346
[2m2025-12-10T10:12:03.203455Z[0m [34mDEBUG[0m [2methereum_transaction_pool_monitor::mempool_monitor[0m[2m:[0m 🔍 Fetching transaction details for: 0xee0d426ea135371d128fc6a85eb24fb3d72fee50d04c841fb07750a942315346
[2m2025-12-10T10:12:03.203460Z[0m [34mDEBUG[0m [2methereum_transaction_pool_monitor::eth_client[0m[2m:[0m 🔍 Fetching transaction details for hash: 0xee0d426ea135371d128fc6a85eb24fb3d72fee50d04c841fb07750a942315346
[2m2025-12-10T10:12:03.203472Z[0m [34mDEBUG[0m [2mhyper::client::pool[0m[2m:[0m reuse idle connection for ("http", 192.168.0.14:8545)
[2m2025-12-10T10:12:03.203491Z[0m [34mDEBUG[0m [2mhyper::proto::h1::io[0m[2m:[0m flushed 250 bytes
[2m2025-12-10T10:12:03.205214Z[0m [34mDEBUG[0m [2methereum_transaction_pool_monitor::eth_client[0m[2m:[0m 📨 Received WebSocket message: {"jsonrpc":"2.0","method":"eth_subscription","params":{"subscription":"0xbed0a0851463e895960a451075a301a9","result":"0x7058b6e85a57e0731e892fdf6458d649a3d1c16f45080fb9b728c066e088d86c"}}
[2m2025-12-10T10:12:03.205227Z[0m [34mDEBUG[0m [2methereum_transaction_pool_monitor::eth_client[0m[2m:[0m 📨 Received pending transaction: 0x7058b6e85a57e0731e892fdf6458d649a3d1c16f45080fb9b728c066e088d86c
[2m2025-12-10T10:12:03.205242Z[0m [34mDEBUG[0m [2mhyper::proto::h1::io[0m[2m:[0m parsed 4 headers
[2m2025-12-10T10:12:03.205248Z[0m [34mDEBUG[0m [2mhyper::proto::h1::conn[0m[2m:[0m incoming body is content-length (45 bytes)
[2m2025-12-10T10:12:03.205255Z[0m [34mDEBUG[0m [2mhyper::proto::h1::conn[0m[2m:[0m incoming body completed
[2m2025-12-10T10:12:03.205262Z[0m [34mDEBUG[0m [2mhyper::client::pool[0m[2m:[0m pooling idle connection for ("http", 192.168.0.14:8545)
[2m2025-12-10T10:12:03.207892Z[0m [34mDEBUG[0m [2mhyper::proto::h1::io[0m[2m:[0m parsed 4 headers
[2m2025-12-10T10:12:03.207898Z[0m [34mDEBUG[0m [2mhyper::proto::h1::conn[0m[2m:[0m incoming body is content-length (655 bytes)
[2m2025-12-10T10:12:03.207903Z[0m [34mDEBUG[0m [2mhyper::proto::h1::conn[0m[2m:[0m incoming body completed
[2m2025-12-10T10:12:03.207908Z[0m [34mDEBUG[0m [2mhyper::client::pool[0m[2m:[0m pooling idle connection for ("http", 192.168.0.14:8545)
[2m2025-12-10T10:12:03.207913Z[0m [34mDEBUG[0m [2methereum_transaction_pool_monitor::eth_client[0m[2m:[0m 📡 Transaction fetch RPC completed in 4.448375ms
[2m2025-12-10T10:12:03.274972Z[0m [34mDEBUG[0m [2methereum_transaction_pool_monitor::eth_client[0m[2m:[0m ✅ Transaction 0xee0d426ea135371d128fc6a85eb24fb3d72fee50d04c841fb07750a942315346 fetched and parsed in 71.504875ms
[2m2025-12-10T10:12:03.275221Z[0m [34mDEBUG[0m [2methereum_transaction_pool_monitor::mempool_monitor[0m[2m:[0m 🔍 Skipping tx 0xee0d426ea135371d128fc6a85eb24fb3d72fee50d04c841fb07750a942315346 - not a DEX interaction (target: 0xa42F006Db01fA393fCeDaFB6C2a91cF7b2e789f0)
[2m2025-12-10T10:12:03.275230Z[0m [34mDEBUG[0m [2methereum_transaction_pool_monitor::mempool_monitor[0m[2m:[0m 📨 Processing new pending transaction: 0xc17347caa612d2b98f53a94e5ee2d3fe2d9a7d7638ca21d056c7ef7bcb0d308f
[2m2025-12-10T10:12:03.275235Z[0m [34mDEBUG[0m [2methereum_transaction_pool_monitor::mempool_monitor[0m[2m:[0m 🔍 Fetching transaction details for: 0xc17347caa612d2b98f53a94e5ee2d3fe2d9a7d7638ca21d056c7ef7bcb0d308f
[2m2025-12-10T10:12:03.275239Z[0m [34mDEBUG[0m [2methereum_transaction_pool_monitor::eth_client[0m[2m:[0m 🔍 Fetching transaction details for hash: 0xc17347caa612d2b98f53a94e5ee2d3fe2d9a7d7638ca21d056c7ef7bcb0d308f
[2m2025-12-10T10:12:03.275256Z[0m [34mDEBUG[0m [2mhyper::client::pool[0m[2m:[0m reuse idle connection for ("http", 192.168.0.14:8545)
[2m2025-12-10T10:12:03.275278Z[0m [34mDEBUG[0m [2mhyper::proto::h1::io[0m[2m:[0m flushed 250 bytes
[2m2025-12-10T10:12:03.275293Z[0m [34mDEBUG[0m [2methereum_transaction_pool_monitor::eth_client[0m[2m:[0m 📨 Received WebSocket message: {"jsonrpc":"2.0","method":"eth_subscription","params":{"subscription":"0xbed0a0851463e895960a451075a301a9","result":"0x037af57623a6b32bae41735bf28d04c5b22c27e7e1c3b3bf61bfff21a1dd8b71"}}
[2m2025-12-10T10:12:03.275300Z[0m [34mDEBUG[0m [2methereum_transaction_pool_monitor::eth_client[0m[2m:[0m 📨 Received pending transaction: 0x037af57623a6b32bae41735bf28d04c5b22c27e7e1c3b3bf61bfff21a1dd8b71
[2m2025-12-10T10:12:03.281407Z[0m [34mDEBUG[0m [2mhyper::proto::h1::io[0m[2m:[0m parsed 4 headers
[2m2025-12-10T10:12:03.281429Z[0m [34mDEBUG[0m [2mhyper::proto::h1::conn[0m[2m:[0m incoming body is content-length (777 bytes)
[2m2025-12-10T10:12:03.281452Z[0m [34mDEBUG[0m [2mhyper::proto::h1::conn[0m[2m:[0m incoming body completed
[2m2025-12-10T10:12:03.281465Z[0m [34mDEBUG[0m [2mhyper::client::pool[0m[2m:[0m pooling idle connection for ("http", 192.168.0.14:8545)
[2m2025-12-10T10:12:03.281472Z[0m [34mDEBUG[0m [2methereum_transaction_pool_monitor::eth_client[0m[2m:[0m 📡 Transaction fetch RPC completed in 6.228459ms
[2m2025-12-10T10:12:03.281500Z[0m [34mDEBUG[0m [2methereum_transaction_pool_monitor::eth_client[0m[2m:[0m DeFi transaction detected - Address: 0xdac17f958d2ee523a2206206994597c13d831ec7, Type: Stablecoin, Value: 0 ETH, Gas: 127.50 Gwei
[2m2025-12-10T10:12:03.281512Z[0m [34mDEBUG[0m [2methereum_transaction_pool_monitor::eth_client[0m[2m:[0m ✅ Transaction 0xc17347caa612d2b98f53a94e5ee2d3fe2d9a7d7638ca21d056c7ef7bcb0d308f fetched and parsed in 6.268ms
[2m2025-12-10T10:12:03.281517Z[0m [34mDEBUG[0m [2methereum_transaction_pool_monitor::mempool_monitor[0m[2m:[0m 🔍 Skipping tx 0xc17347caa612d2b98f53a94e5ee2d3fe2d9a7d7638ca21d056c7ef7bcb0d308f - not a DEX interaction (target: 0xdAC17F958D2ee523a2206206994597C13D831ec7)
[2m2025-12-10T10:12:03.281523Z[0m [34mDEBUG[0m [2methereum_transaction_pool_monitor::mempool_monitor[0m[2m:[0m 📨 Processing new pending transaction: 0x7058b6e85a57e0731e892fdf6458d649a3d1c16f45080fb9b728c066e088d86c
[2m2025-12-10T10:12:03.281527Z[0m [34mDEBUG[0m [2methereum_transaction_pool_monitor::mempool_monitor[0m[2m:[0m 🔍 Fetching transaction details for: 0x7058b6e85a57e0731e892fdf6458d649a3d1c16f45080fb9b728c066e088d86c
[2m2025-12-10T10:12:03.281530Z[0m [34mDEBUG[0m [2methereum_transaction_pool_monitor::eth_client[0m[2m:[0m 🔍 Fetching transaction details for hash: 0x7058b6e85a57e0731e892fdf6458d649a3d1c16f45080fb9b728c066e088d86c
[2m2025-12-10T10:12:03.281539Z[0m [34mDEBUG[0m [2mhyper::client::pool[0m[2m:[0m reuse idle connection for ("http", 192.168.0.14:8545)
[2m2025-12-10T10:12:03.281552Z[0m [34mDEBUG[0m [2mhyper::proto::h1::io[0m[2m:[0m flushed 250 bytes
[2m2025-12-10T10:12:03.287237Z[0m [34mDEBUG[0m [2mhyper::proto::h1::io[0m[2m:[0m parsed 4 headers
[2m2025-12-10T10:12:03.287243Z[0m [34mDEBUG[0m [2mhyper::proto::h1::conn[0m[2m:[0m incoming body is content-length (651 bytes)
[2m2025-12-10T10:12:03.287248Z[0m [34mDEBUG[0m [2mhyper::proto::h1::conn[0m[2m:[0m incoming body completed
[2m2025-12-10T10:12:03.287253Z[0m [34mDEBUG[0m [2mhyper::client::pool[0m[2m:[0m pooling idle connection for ("http", 192.168.0.14:8545)
[2m2025-12-10T10:12:03.287258Z[0m [34mDEBUG[0m [2methereum_transaction_pool_monitor::eth_client[0m[2m:[0m 📡 Transaction fetch RPC completed in 5.72375ms
[2m2025-12-10T10:12:03.357928Z[0m [34mDEBUG[0m [2methereum_transaction_pool_monitor::eth_client[0m[2m:[0m ✅ Transaction 0x7058b6e85a57e0731e892fdf6458d649a3d1c16f45080fb9b728c066e088d86c fetched and parsed in 76.391542ms
[2m2025-12-10T10:12:03.357951Z[0m [34mDEBUG[0m [2methereum_transaction_pool_monitor::mempool_monitor[0m[2m:[0m 🔍 Skipping tx 0x7058b6e85a57e0731e892fdf6458d649a3d1c16f45080fb9b728c066e088d86c - not a DEX interaction (target: 0xeF317e433B0836F294866d43f67D6871b609B351)
[2m2025-12-10T10:12:03.357962Z[0m [34mDEBUG[0m [2methereum_transaction_pool_monitor::mempool_monitor[0m[2m:[0m 📨 Processing new pending transaction: 0x037af57623a6b32bae41735bf28d04c5b22c27e7e1c3b3bf61bfff21a1dd8b71
[2m2025-12-10T10:12:03.357970Z[0m [34mDEBUG[0m [2methereum_transaction_pool_monitor::mempool_monitor[0m[2m:[0m 🔍 Fetching transaction details for: 0x037af57623a6b32bae41735bf28d04c5b22c27e7e1c3b3bf61bfff21a1dd8b71
[2m2025-12-10T10:12:03.357977Z[0m [34mDEBUG[0m [2methereum_transaction_pool_monitor::eth_client[0m[2m:[0m 🔍 Fetching transaction details for hash: 0x037af57623a6b32bae41735bf28d04c5b22c27e7e1c3b3bf61bfff21a1dd8b71
[2m2025-12-10T10:12:03.357995Z[0m [34mDEBUG[0m [2mhyper::client::pool[0m[2m:[0m reuse idle connection for ("http", 192.168.0.14:8545)
[2m2025-12-10T10:12:03.358033Z[0m [34mDEBUG[0m [2mhyper::proto::h1::io[0m[2m:[0m flushed 250 bytes
[2m2025-12-10T10:12:03.358053Z[0m [34mDEBUG[0m [2mhyper::client::pool[0m[2m:[0m reuse idle connection for ("http", 192.168.0.14:8545)
[2m2025-12-10T10:12:03.358068Z[0m [34mDEBUG[0m [2methereum_transaction_pool_monitor::eth_client[0m[2m:[0m 📨 Received WebSocket message: {"jsonrpc":"2.0","method":"eth_subscription","params":{"subscription":"0xbed0a0851463e895960a451075a301a9","result":"0x5a70db1ee217842d2d828fa3fda82820ea7a8246baed8f1d1821ff2bfaa22131"}}
[2m2025-12-10T10:12:03.358070Z[0m [34mDEBUG[0m [2mhyper::proto::h1::io[0m[2m:[0m flushed 172 bytes
[2m2025-12-10T10:12:03.358082Z[0m [34mDEBUG[0m [2methereum_transaction_pool_monitor::eth_client[0m[2m:[0m 📨 Received pending transaction: 0x5a70db1ee217842d2d828fa3fda82820ea7a8246baed8f1d1821ff2bfaa22131
[2m2025-12-10T10:12:03.358098Z[0m [34mDEBUG[0m [2methereum_transaction_pool_monitor::eth_client[0m[2m:[0m 📨 Received WebSocket message: {"jsonrpc":"2.0","method":"eth_subscription","params":{"subscription":"0xbed0a0851463e895960a451075a301a9","result":"0x94705333dcaad8a1adf019d69a3c3d601b5b116d84b8a3005ee004fb1d50866d"}}
[2m2025-12-10T10:12:03.358107Z[0m [34mDEBUG[0m [2methereum_transaction_pool_monitor::eth_client[0m[2m:[0m 📨 Received pending transaction: 0x94705333dcaad8a1adf019d69a3c3d601b5b116d84b8a3005ee004fb1d50866d
[2m2025-12-10T10:12:03.358116Z[0m [34mDEBUG[0m [2methereum_transaction_pool_monitor::eth_client[0m[2m:[0m 📨 Received WebSocket message: {"jsonrpc":"2.0","method":"eth_subscription","params":{"subscription":"0xbed0a0851463e895960a451075a301a9","result":"0x66144eafd15a7dc44e38ad2437b783350ac8d6aeab91b5a8ee67ccad9bb468f7"}}
[2m2025-12-10T10:12:03.358124Z[0m [34mDEBUG[0m [2methereum_transaction_pool_monitor::eth_client[0m[2m:[0m 📨 Received pending transaction: 0x66144eafd15a7dc44e38ad2437b783350ac8d6aeab91b5a8ee67ccad9bb468f7
[2m2025-12-10T10:12:03.358218Z[0m [34mDEBUG[0m [2methereum_transaction_pool_monitor::eth_client[0m[2m:[0m 📨 Received WebSocket message: {"jsonrpc":"2.0","method":"eth_subscription","params":{"subscription":"0xbed0a0851463e895960a451075a301a9","result":"0xf4429f1855b88aa0ff7ff7e528048e4c343269a2d59d17a592d4c0840cdfb933"}}
[2m2025-12-10T10:12:03.358230Z[0m [34mDEBUG[0m [2methereum_transaction_pool_monitor::eth_client[0m[2m:[0m 📨 Received pending transaction: 0xf4429f1855b88aa0ff7ff7e528048e4c343269a2d59d17a592d4c0840cdfb933
[2m2025-12-10T10:12:03.358239Z[0m [34mDEBUG[0m [2methereum_transaction_pool_monitor::eth_client[0m[2m:[0m 📨 Received WebSocket message: {"jsonrpc":"2.0","method":"eth_subscription","params":{"subscription":"0xbed0a0851463e895960a451075a301a9","result":"0xdd5cc4475a846e0ac6d24c4d8d16a3bffcd1fd12f49dd6e2c3b6e244d4071706"}}
[2m2025-12-10T10:12:03.358246Z[0m [34mDEBUG[0m [2methereum_transaction_pool_monitor::eth_client[0m[2m:[0m 📨 Received pending transaction: 0xdd5cc4475a846e0ac6d24c4d8d16a3bffcd1fd12f49dd6e2c3b6e244d4071706
[2m2025-12-10T10:12:03.358253Z[0m [34mDEBUG[0m [2methereum_transaction_pool_monitor::eth_client[0m[2m:[0m 📨 Received WebSocket message: {"jsonrpc":"2.0","method":"eth_subscription","params":{"subscription":"0xbed0a0851463e895960a451075a301a9","result":"0x58b9b5f14f0c105a42e6d222d15543e89c195837ea8e6b96d6d1c7a3375ebe3d"}}
[2m2025-12-10T10:12:03.358263Z[0m [34mDEBUG[0m [2methereum_transaction_pool_monitor::eth_client[0m[2m:[0m 📨 Received pending transaction: 0x58b9b5f14f0c105a42e6d222d15543e89c195837ea8e6b96d6d1c7a3375ebe3d
[2m2025-12-10T10:12:03.358271Z[0m [34mDEBUG[0m [2methereum_transaction_pool_monitor::eth_client[0m[2m:[0m 📨 Received WebSocket message: {"jsonrpc":"2.0","method":"eth_subscription","params":{"subscription":"0xbed0a0851463e895960a451075a301a9","result":"0x5bc67e8e5d8cfc7499f7cbb1f96cfbbb8e0c7dcf26500a3808f2de66e45f219e"}}
[2m2025-12-10T10:12:03.358278Z[0m [34mDEBUG[0m [2methereum_transaction_pool_monitor::eth_client[0m[2m:[0m 📨 Received pending transaction: 0x5bc67e8e5d8cfc7499f7cbb1f96cfbbb8e0c7dcf26500a3808f2de66e45f219e
[2m2025-12-10T10:12:03.358284Z[0m [34mDEBUG[0m [2methereum_transaction_pool_monitor::eth_client[0m[2m:[0m 📨 Received WebSocket message: {"jsonrpc":"2.0","method":"eth_subscription","params":{"subscription":"0xbed0a0851463e895960a451075a301a9","result":"0x37e73648264219ce7f3a34ec21447a7dfa232947b452d2f72f1b538270d7c299"}}
[2m2025-12-10T10:12:03.358291Z[0m [34mDEBUG[0m [2methereum_transaction_pool_monitor::eth_client[0m[2m:[0m 📨 Received pending transaction: 0x37e73648264219ce7f3a34ec21447a7dfa232947b452d2f72f1b538270d7c299
[2m2025-12-10T10:12:03.358298Z[0m [34mDEBUG[0m [2methereum_transaction_pool_monitor::eth_client[0m[2m:[0m 📨 Received WebSocket message: {"jsonrpc":"2.0","method":"eth_subscription","params":{"subscription":"0xbed0a0851463e895960a451075a301a9","result":"0x739a50a02b054cf38fce1e7a409ffcd47ff72d8bc6659132b501b49664a56276"}}
[2m2025-12-10T10:12:03.358308Z[0m [34mDEBUG[0m [2methereum_transaction_pool_monitor::eth_client[0m[2m:[0m 📨 Received pending transaction: 0x739a50a02b054cf38fce1e7a409ffcd47ff72d8bc6659132b501b49664a56276
[2m2025-12-10T10:12:03.358316Z[0m [34mDEBUG[0m [2methereum_transaction_pool_monitor::eth_client[0m[2m:[0m 📨 Received WebSocket message: {"jsonrpc":"2.0","method":"eth_subscription","params":{"subscription":"0xbed0a0851463e895960a451075a301a9","result":"0xcc98f8c3d4287ed42ded4fa4c624052c3bf9431ef14107d3996fc570f21d3f21"}}
[2m2025-12-10T10:12:03.358328Z[0m [34mDEBUG[0m [2methereum_transaction_pool_monitor::eth_client[0m[2m:[0m 📨 Received pending transaction: 0xcc98f8c3d4287ed42ded4fa4c624052c3bf9431ef14107d3996fc570f21d3f21
[2m2025-12-10T10:12:03.359053Z[0m [34mDEBUG[0m [2methereum_transaction_pool_monitor::eth_client[0m[2m:[0m 📨 Received WebSocket message: {"jsonrpc":"2.0","method":"eth_subscription","params":{"subscription":"0xbed0a0851463e895960a451075a301a9","result":"0x0c7c6be8368445f54ee567cc2428825e98dcdd29e9bd2c12831995fcd4893cb0"}}
[2m2025-12-10T10:12:03.359066Z[0m [34mDEBUG[0m [2methereum_transaction_pool_monitor::eth_client[0m[2m:[0m 📨 Received pending transaction: 0x0c7c6be8368445f54ee567cc2428825e98dcdd29e9bd2c12831995fcd4893cb0
[2m2025-12-10T10:12:03.367052Z[0m [34mDEBUG[0m [2mhyper::proto::h1::io[0m[2m:[0m parsed 4 headers
[2m2025-12-10T10:12:03.367060Z[0m [34mDEBUG[0m [2mhyper::proto::h1::conn[0m[2m:[0m incoming body is content-length (45 bytes)
[2m2025-12-10T10:12:03.367070Z[0m [34mDEBUG[0m [2mhyper::proto::h1::conn[0m[2m:[0m incoming body completed
[2m2025-12-10T10:12:03.367083Z[0m [34mDEBUG[0m [2mhyper::client::pool[0m[2m:[0m pooling idle connection for ("http", 192.168.0.14:8545)
[2m2025-12-10T10:12:03.370758Z[0m [34mDEBUG[0m [2mhyper::proto::h1::io[0m[2m:[0m parsed 4 headers
[2m2025-12-10T10:12:03.370764Z[0m [34mDEBUG[0m [2mhyper::proto::h1::conn[0m[2m:[0m incoming body is content-length (771 bytes)
[2m2025-12-10T10:12:03.370770Z[0m [34mDEBUG[0m [2mhyper::proto::h1::conn[0m[2m:[0m incoming body completed
[2m2025-12-10T10:12:03.370776Z[0m [34mDEBUG[0m [2mhyper::client::pool[0m[2m:[0m pooling idle connection for ("http", 192.168.0.14:8545)
[2m2025-12-10T10:12:03.370781Z[0m [34mDEBUG[0m [2methereum_transaction_pool_monitor::eth_client[0m[2m:[0m 📡 Transaction fetch RPC completed in 12.798834ms
[2m2025-12-10T10:12:03.441912Z[0m [34mDEBUG[0m [2methereum_transaction_pool_monitor::eth_client[0m[2m:[0m ✅ Transaction 0x037af57623a6b32bae41735bf28d04c5b22c27e7e1c3b3bf61bfff21a1dd8b71 fetched and parsed in 83.926834ms
[2m2025-12-10T10:12:03.441939Z[0m [34mDEBUG[0m [2methereum_transaction_pool_monitor::mempool_monitor[0m[2m:[0m 🔍 Skipping tx 0x037af57623a6b32bae41735bf28d04c5b22c27e7e1c3b3bf61bfff21a1dd8b71 - not a DEX interaction (target: 0xB8f28C60dD8240141185a192fa4156A23E189305)
[2m2025-12-10T10:12:03.441951Z[0m [34mDEBUG[0m [2methereum_transaction_pool_monitor::mempool_monitor[0m[2m:[0m 📨 Processing new pending transaction: 0x5a70db1ee217842d2d828fa3fda82820ea7a8246baed8f1d1821ff2bfaa22131
[2m2025-12-10T10:12:03.441961Z[0m [34mDEBUG[0m [2methereum_transaction_pool_monitor::mempool_monitor[0m[2m:[0m 🔍 Fetching transaction details for: 0x5a70db1ee217842d2d828fa3fda82820ea7a8246baed8f1d1821ff2bfaa22131
[2m2025-12-10T10:12:03.441969Z[0m [34mDEBUG[0m [2methereum_transaction_pool_monitor::eth_client[0m[2m:[0m 🔍 Fetching transaction details for hash: 0x5a70db1ee217842d2d828fa3fda82820ea7a8246baed8f1d1821ff2bfaa22131
[2m2025-12-10T10:12:03.441988Z[0m [34mDEBUG[0m [2mhyper::client::pool[0m[2m:[0m reuse idle connection for ("http", 192.168.0.14:8545)
[2m2025-12-10T10:12:03.442025Z[0m [34mDEBUG[0m [2mhyper::proto::h1::io[0m[2m:[0m flushed 250 bytes
[2m2025-12-10T10:12:03.442044Z[0m [34mDEBUG[0m [2mhyper::client::pool[0m[2m:[0m reuse idle connection for ("http", 192.168.0.14:8545)
[2m2025-12-10T10:12:03.442059Z[0m [34mDEBUG[0m [2mhyper::proto::h1::io[0m[2m:[0m flushed 172 bytes
[2m2025-12-10T10:12:03.442060Z[0m [34mDEBUG[0m [2methereum_transaction_pool_monitor::eth_client[0m[2m:[0m 📨 Received WebSocket message: {"jsonrpc":"2.0","method":"eth_subscription","params":{"subscription":"0xbed0a0851463e895960a451075a301a9","result":"0x138ad6592473711c9176e4b5e18ea1cf50d3d01064c16855eb6cedde62ddd770"}}
[2m2025-12-10T10:12:03.442073Z[0m [34mDEBUG[0m [2methereum_transaction_pool_monitor::eth_client[0m[2m:[0m 📨 Received pending transaction: 0x138ad6592473711c9176e4b5e18ea1cf50d3d01064c16855eb6cedde62ddd770
[2m2025-12-10T10:12:03.442079Z[0m [34mDEBUG[0m [2methereum_transaction_pool_monitor::eth_client[0m[2m:[0m 📨 Received WebSocket message: {"jsonrpc":"2.0","method":"eth_subscription","params":{"subscription":"0xbed0a0851463e895960a451075a301a9","result":"0xccac5ecfe5f9f2bfb1bd85a00bc5e1903b05cce235fbba674a4107bc5d2d4469"}}
[2m2025-12-10T10:12:03.442086Z[0m [34mDEBUG[0m [2methereum_transaction_pool_monitor::eth_client[0m[2m:[0m 📨 Received pending transaction: 0xccac5ecfe5f9f2bfb1bd85a00bc5e1903b05cce235fbba674a4107bc5d2d4469
[2m2025-12-10T10:12:03.447209Z[0m [34mDEBUG[0m [2mhyper::proto::h1::io[0m[2m:[0m parsed 4 headers
[2m2025-12-10T10:12:03.447224Z[0m [34mDEBUG[0m [2mhyper::proto::h1::conn[0m[2m:[0m incoming body is content-length (45 bytes)
[2m2025-12-10T10:12:03.447238Z[0m [34mDEBUG[0m [2mhyper::proto::h1::conn[0m[2m:[0m incoming body completed
[2m2025-12-10T10:12:03.447255Z[0m [34mDEBUG[0m [2mhyper::client::pool[0m[2m:[0m pooling idle connection for ("http", 192.168.0.14:8545)
[2m2025-12-10T10:12:03.447277Z[0m [34mDEBUG[0m [2mhyper::proto::h1::io[0m[2m:[0m parsed 4 headers
[2m2025-12-10T10:12:03.447282Z[0m [34mDEBUG[0m [2mhyper::proto::h1::conn[0m[2m:[0m incoming body is content-length (771 bytes)
[2m2025-12-10T10:12:03.447287Z[0m [34mDEBUG[0m [2mhyper::proto::h1::conn[0m[2m:[0m incoming body completed
[2m2025-12-10T10:12:03.447294Z[0m [34mDEBUG[0m [2mhyper::client::pool[0m[2m:[0m pooling idle connection for ("http", 192.168.0.14:8545)
[2m2025-12-10T10:12:03.447299Z[0m [34mDEBUG[0m [2methereum_transaction_pool_monitor::eth_client[0m[2m:[0m 📡 Transaction fetch RPC completed in 5.324167ms
[2m2025-12-10T10:12:03.447314Z[0m [34mDEBUG[0m [2methereum_transaction_pool_monitor::eth_client[0m[2m:[0m DeFi transaction detected - Address: 0xdac17f958d2ee523a2206206994597c13d831ec7, Type: Stablecoin, Value: 0 ETH, Gas: 1.75 Gwei
[2m2025-12-10T10:12:03.447328Z[0m [34mDEBUG[0m [2methereum_transaction_pool_monitor::eth_client[0m[2m:[0m ✅ Transaction 0x5a70db1ee217842d2d828fa3fda82820ea7a8246baed8f1d1821ff2bfaa22131 fetched and parsed in 5.35325ms
[2m2025-12-10T10:12:03.447336Z[0m [34mDEBUG[0m [2methereum_transaction_pool_monitor::mempool_monitor[0m[2m:[0m 🔍 Skipping tx 0x5a70db1ee217842d2d828fa3fda82820ea7a8246baed8f1d1821ff2bfaa22131 - not a DEX interaction (target: 0xdAC17F958D2ee523a2206206994597C13D831ec7)
[2m2025-12-10T10:12:03.447343Z[0m [34mDEBUG[0m [2methereum_transaction_pool_monitor::mempool_monitor[0m[2m:[0m 📨 Processing new pending transaction: 0x94705333dcaad8a1adf019d69a3c3d601b5b116d84b8a3005ee004fb1d50866d
[2m2025-12-10T10:12:03.447349Z[0m [34mDEBUG[0m [2methereum_transaction_pool_monitor::mempool_monitor[0m[2m:[0m 🔍 Fetching transaction details for: 0x94705333dcaad8a1adf019d69a3c3d601b5b116d84b8a3005ee004fb1d50866d
[2m2025-12-10T10:12:03.447353Z[0m [34mDEBUG[0m [2methereum_transaction_pool_monitor::eth_client[0m[2m:[0m 🔍 Fetching transaction details for hash: 0x94705333dcaad8a1adf019d69a3c3d601b5b116d84b8a3005ee004fb1d50866d
[2m2025-12-10T10:12:03.447362Z[0m [34mDEBUG[0m [2mhyper::client::pool[0m[2m:[0m reuse idle connection for ("http", 192.168.0.14:8545)
[2m2025-12-10T10:12:03.447374Z[0m [34mDEBUG[0m [2mhyper::proto::h1::io[0m[2m:[0m flushed 250 bytes
[2m2025-12-10T10:12:03.453766Z[0m [34mDEBUG[0m [2mhyper::proto::h1::io[0m[2m:[0m parsed 4 headers
[2m2025-12-10T10:12:03.453791Z[0m [34mDEBUG[0m [2mhyper::proto::h1::conn[0m[2m:[0m incoming body is content-length (771 bytes)
[2m2025-12-10T10:12:03.453803Z[0m [34mDEBUG[0m [2mhyper::proto::h1::conn[0m[2m:[0m incoming body completed
[2m2025-12-10T10:12:03.453815Z[0m [34mDEBUG[0m [2mhyper::client::pool[0m[2m:[0m pooling idle connection for ("http", 192.168.0.14:8545)
[2m2025-12-10T10:12:03.453822Z[0m [34mDEBUG[0m [2methereum_transaction_pool_monitor::eth_client[0m[2m:[0m 📡 Transaction fetch RPC completed in 6.464083ms
[2m2025-12-10T10:12:03.525490Z[0m [34mDEBUG[0m [2methereum_transaction_pool_monitor::eth_client[0m[2m:[0m ✅ Transaction 0x94705333dcaad8a1adf019d69a3c3d601b5b116d84b8a3005ee004fb1d50866d fetched and parsed in 78.129083ms
[2m2025-12-10T10:12:03.525516Z[0m [34mDEBUG[0m [2methereum_transaction_pool_monitor::mempool_monitor[0m[2m:[0m 🔍 Skipping tx 0x94705333dcaad8a1adf019d69a3c3d601b5b116d84b8a3005ee004fb1d50866d - not a DEX interaction (target: 0xA0b86991c6218b36c1d19D4a2e9Eb0cE3606eB48)
[2m2025-12-10T10:12:03.525525Z[0m [34mDEBUG[0m [2methereum_transaction_pool_monitor::mempool_monitor[0m[2m:[0m 📨 Processing new pending transaction: 0x66144eafd15a7dc44e38ad2437b783350ac8d6aeab91b5a8ee67ccad9bb468f7
[2m2025-12-10T10:12:03.525534Z[0m [34mDEBUG[0m [2methereum_transaction_pool_monitor::mempool_monitor[0m[2m:[0m 🔍 Fetching transaction details for: 0x66144eafd15a7dc44e38ad2437b783350ac8d6aeab91b5a8ee67ccad9bb468f7
[2m2025-12-10T10:12:03.525541Z[0m [34mDEBUG[0m [2methereum_transaction_pool_monitor::eth_client[0m[2m:[0m 🔍 Fetching transaction details for hash: 0x66144eafd15a7dc44e38ad2437b783350ac8d6aeab91b5a8ee67ccad9bb468f7
[2m2025-12-10T10:12:03.525689Z[0m [34mDEBUG[0m [2mhyper::client::pool[0m[2m:[0m reuse idle connection for ("http", 192.168.0.14:8545)
[2m2025-12-10T10:12:03.525735Z[0m [34mDEBUG[0m [2mhyper::proto::h1::io[0m[2m:[0m flushed 250 bytes
[2m2025-12-10T10:12:03.525755Z[0m [34mDEBUG[0m [2mhyper::client::pool[0m[2m:[0m reuse idle connection for ("http", 192.168.0.14:8545)
[2m2025-12-10T10:12:03.525767Z[0m [34mDEBUG[0m [2mhyper::proto::h1::io[0m[2m:[0m flushed 172 bytes
[2m2025-12-10T10:12:03.525767Z[0m [34mDEBUG[0m [2methereum_transaction_pool_monitor::eth_client[0m[2m:[0m 📨 Received WebSocket message: {"jsonrpc":"2.0","method":"eth_subscription","params":{"subscription":"0xbed0a0851463e895960a451075a301a9","result":"0xc792e6e85a36c4b0ce8eeb24a680e6158ff4b6bc8ef707f95dd8840326d8fc1c"}}
[2m2025-12-10T10:12:03.525785Z[0m [34mDEBUG[0m [2methereum_transaction_pool_monitor::eth_client[0m[2m:[0m 📨 Received pending transaction: 0xc792e6e85a36c4b0ce8eeb24a680e6158ff4b6bc8ef707f95dd8840326d8fc1c
[2m2025-12-10T10:12:03.532230Z[0m [34mDEBUG[0m [2mhyper::proto::h1::io[0m[2m:[0m parsed 4 headers
[2m2025-12-10T10:12:03.532240Z[0m [34mDEBUG[0m [2mhyper::proto::h1::conn[0m[2m:[0m incoming body is content-length (771 bytes)
[2m2025-12-10T10:12:03.532249Z[0m [34mDEBUG[0m [2mhyper::proto::h1::conn[0m[2m:[0m incoming body completed
[2m2025-12-10T10:12:03.532259Z[0m [34mDEBUG[0m [2mhyper::client::pool[0m[2m:[0m pooling idle connection for ("http", 192.168.0.14:8545)
[2m2025-12-10T10:12:03.532264Z[0m [34mDEBUG[0m [2methereum_transaction_pool_monitor::eth_client[0m[2m:[0m 📡 Transaction fetch RPC completed in 6.590542ms
[2m2025-12-10T10:12:03.532279Z[0m [34mDEBUG[0m [2methereum_transaction_pool_monitor::eth_client[0m[2m:[0m DeFi transaction detected - Address: 0xdac17f958d2ee523a2206206994597c13d831ec7, Type: Stablecoin, Value: 0 ETH, Gas: 1.75 Gwei
[2m2025-12-10T10:12:03.532290Z[0m [34mDEBUG[0m [2methereum_transaction_pool_monitor::eth_client[0m[2m:[0m ✅ Transaction 0x66144eafd15a7dc44e38ad2437b783350ac8d6aeab91b5a8ee67ccad9bb468f7 fetched and parsed in 6.616ms
[2m2025-12-10T10:12:03.532295Z[0m [34mDEBUG[0m [2methereum_transaction_pool_monitor::mempool_monitor[0m[2m:[0m 🔍 Skipping tx 0x66144eafd15a7dc44e38ad2437b783350ac8d6aeab91b5a8ee67ccad9bb468f7 - not a DEX interaction (target: 0xdAC17F958D2ee523a2206206994597C13D831ec7)
[2m2025-12-10T10:12:03.532301Z[0m [34mDEBUG[0m [2methereum_transaction_pool_monitor::mempool_monitor[0m[2m:[0m 📨 Processing new pending transaction: 0xf4429f1855b88aa0ff7ff7e528048e4c343269a2d59d17a592d4c0840cdfb933
[2m2025-12-10T10:12:03.532307Z[0m [34mDEBUG[0m [2methereum_transaction_pool_monitor::mempool_monitor[0m[2m:[0m 🔍 Fetching transaction details for: 0xf4429f1855b88aa0ff7ff7e528048e4c343269a2d59d17a592d4c0840cdfb933
[2m2025-12-10T10:12:03.532310Z[0m [34mDEBUG[0m [2methereum_transaction_pool_monitor::eth_client[0m[2m:[0m 🔍 Fetching transaction details for hash: 0xf4429f1855b88aa0ff7ff7e528048e4c343269a2d59d17a592d4c0840cdfb933
[2m2025-12-10T10:12:03.532318Z[0m [34mDEBUG[0m [2mhyper::client::pool[0m[2m:[0m reuse idle connection for ("http", 192.168.0.14:8545)
[2m2025-12-10T10:12:03.532574Z[0m [34mDEBUG[0m [2mhyper::proto::h1::io[0m[2m:[0m flushed 250 bytes
[2m2025-12-10T10:12:03.532966Z[0m [34mDEBUG[0m [2mhyper::proto::h1::io[0m[2m:[0m parsed 4 headers
[2m2025-12-10T10:12:03.532972Z[0m [34mDEBUG[0m [2mhyper::proto::h1::conn[0m[2m:[0m incoming body is content-length (45 bytes)
[2m2025-12-10T10:12:03.532977Z[0m [34mDEBUG[0m [2mhyper::proto::h1::conn[0m[2m:[0m incoming body completed
[2m2025-12-10T10:12:03.532983Z[0m [34mDEBUG[0m [2mhyper::client::pool[0m[2m:[0m pooling idle connection for ("http", 192.168.0.14:8545)
[2m2025-12-10T10:12:03.537097Z[0m [34mDEBUG[0m [2mhyper::proto::h1::io[0m[2m:[0m parsed 4 headers
[2m2025-12-10T10:12:03.537107Z[0m [34mDEBUG[0m [2mhyper::proto::h1::conn[0m[2m:[0m incoming body is content-length (771 bytes)
[2m2025-12-10T10:12:03.537112Z[0m [34mDEBUG[0m [2mhyper::proto::h1::conn[0m[2m:[0m incoming body completed
[2m2025-12-10T10:12:03.537120Z[0m [34mDEBUG[0m [2mhyper::client::pool[0m[2m:[0m pooling idle connection for ("http", 192.168.0.14:8545)
[2m2025-12-10T10:12:03.537125Z[0m [34mDEBUG[0m [2methereum_transaction_pool_monitor::eth_client[0m[2m:[0m 📡 Transaction fetch RPC completed in 4.812ms
[2m2025-12-10T10:12:03.606239Z[0m [34mDEBUG[0m [2methereum_transaction_pool_monitor::eth_client[0m[2m:[0m ✅ Transaction 0xf4429f1855b88aa0ff7ff7e528048e4c343269a2d59d17a592d4c0840cdfb933 fetched and parsed in 73.92375ms
[2m2025-12-10T10:12:03.606271Z[0m [34mDEBUG[0m [2methereum_transaction_pool_monitor::mempool_monitor[0m[2m:[0m 🔍 Skipping tx 0xf4429f1855b88aa0ff7ff7e528048e4c343269a2d59d17a592d4c0840cdfb933 - not a DEX interaction (target: 0xB8f28C60dD8240141185a192fa4156A23E189305)
[2m2025-12-10T10:12:03.606280Z[0m [34mDEBUG[0m [2methereum_transaction_pool_monitor::mempool_monitor[0m[2m:[0m 📨 Processing new pending transaction: 0xdd5cc4475a846e0ac6d24c4d8d16a3bffcd1fd12f49dd6e2c3b6e244d4071706
[2m2025-12-10T10:12:03.606284Z[0m [34mDEBUG[0m [2methereum_transaction_pool_monitor::mempool_monitor[0m[2m:[0m 🔍 Fetching transaction details for: 0xdd5cc4475a846e0ac6d24c4d8d16a3bffcd1fd12f49dd6e2c3b6e244d4071706
[2m2025-12-10T10:12:03.606288Z[0m [34mDEBUG[0m [2methereum_transaction_pool_monitor::eth_client[0m[2m:[0m 🔍 Fetching transaction details for hash: 0xdd5cc4475a846e0ac6d24c4d8d16a3bffcd1fd12f49dd6e2c3b6e244d4071706
[2m2025-12-10T10:12:03.606304Z[0m [34mDEBUG[0m [2mhyper::client::pool[0m[2m:[0m reuse idle connection for ("http", 192.168.0.14:8545)
[2m2025-12-10T10:12:03.606347Z[0m [34mDEBUG[0m [2mhyper::proto::h1::io[0m[2m:[0m flushed 250 bytes
[2m2025-12-10T10:12:03.606363Z[0m [34mDEBUG[0m [2mhyper::client::pool[0m[2m:[0m reuse idle connection for ("http", 192.168.0.14:8545)
[2m2025-12-10T10:12:03.606376Z[0m [34mDEBUG[0m [2mhyper::proto::h1::io[0m[2m:[0m flushed 172 bytes
[2m2025-12-10T10:12:03.606377Z[0m [34mDEBUG[0m [2methereum_transaction_pool_monitor::eth_client[0m[2m:[0m 📨 Received WebSocket message: {"jsonrpc":"2.0","method":"eth_subscription","params":{"subscription":"0xbed0a0851463e895960a451075a301a9","result":"0xd41076de745d86a63d839435a79075ada48a6fa12f168927f62a9f2d82502d63"}}
[2m2025-12-10T10:12:03.606387Z[0m [34mDEBUG[0m [2methereum_transaction_pool_monitor::eth_client[0m[2m:[0m 📨 Received pending transaction: 0xd41076de745d86a63d839435a79075ada48a6fa12f168927f62a9f2d82502d63
[2m2025-12-10T10:12:03.606392Z[0m [34mDEBUG[0m [2methereum_transaction_pool_monitor::eth_client[0m[2m:[0m 📨 Received WebSocket message: {"jsonrpc":"2.0","method":"eth_subscription","params":{"subscription":"0xbed0a0851463e895960a451075a301a9","result":"0x9520417645dd72cb2d8f2266823becaa70aa15985dde5c1068901b396a8ad2f4"}}
[2m2025-12-10T10:12:03.606397Z[0m [34mDEBUG[0m [2methereum_transaction_pool_monitor::eth_client[0m[2m:[0m 📨 Received pending transaction: 0x9520417645dd72cb2d8f2266823becaa70aa15985dde5c1068901b396a8ad2f4
[2m2025-12-10T10:12:03.612850Z[0m [34mDEBUG[0m [2mhyper::proto::h1::io[0m[2m:[0m parsed 4 headers
[2m2025-12-10T10:12:03.612870Z[0m [34mDEBUG[0m [2mhyper::proto::h1::conn[0m[2m:[0m incoming body is content-length (45 bytes)
[2m2025-12-10T10:12:03.612893Z[0m [34mDEBUG[0m [2mhyper::proto::h1::conn[0m[2m:[0m incoming body completed
[2m2025-12-10T10:12:03.612909Z[0m [34mDEBUG[0m [2mhyper::client::pool[0m[2m:[0m pooling idle connection for ("http", 192.168.0.14:8545)
[2m2025-12-10T10:12:03.615888Z[0m [34mDEBUG[0m [2mhyper::proto::h1::io[0m[2m:[0m parsed 4 headers
[2m2025-12-10T10:12:03.615896Z[0m [34mDEBUG[0m [2mhyper::proto::h1::conn[0m[2m:[0m incoming body is content-length (770 bytes)
[2m2025-12-10T10:12:03.615904Z[0m [34mDEBUG[0m [2mhyper::proto::h1::conn[0m[2m:[0m incoming body completed
[2m2025-12-10T10:12:03.615911Z[0m [34mDEBUG[0m [2mhyper::client::pool[0m[2m:[0m pooling idle connection for ("http", 192.168.0.14:8545)
[2m2025-12-10T10:12:03.615917Z[0m [34mDEBUG[0m [2methereum_transaction_pool_monitor::eth_client[0m[2m:[0m 📡 Transaction fetch RPC completed in 9.624709ms
[2m2025-12-10T10:12:03.615930Z[0m [34mDEBUG[0m [2methereum_transaction_pool_monitor::eth_client[0m[2m:[0m DeFi transaction detected - Address: 0xdac17f958d2ee523a2206206994597c13d831ec7, Type: Stablecoin, Value: 0 ETH, Gas: 1.75 Gwei
[2m2025-12-10T10:12:03.615942Z[0m [34mDEBUG[0m [2methereum_transaction_pool_monitor::eth_client[0m[2m:[0m ✅ Transaction 0xdd5cc4475a846e0ac6d24c4d8d16a3bffcd1fd12f49dd6e2c3b6e244d4071706 fetched and parsed in 9.649875ms
[2m2025-12-10T10:12:03.615949Z[0m [34mDEBUG[0m [2methereum_transaction_pool_monitor::mempool_monitor[0m[2m:[0m 🔍 Skipping tx 0xdd5cc4475a846e0ac6d24c4d8d16a3bffcd1fd12f49dd6e2c3b6e244d4071706 - not a DEX interaction (target: 0xdAC17F958D2ee523a2206206994597C13D831ec7)
[2m2025-12-10T10:12:03.615956Z[0m [34mDEBUG[0m [2methereum_transaction_pool_monitor::mempool_monitor[0m[2m:[0m 📨 Processing new pending transaction: 0x58b9b5f14f0c105a42e6d222d15543e89c195837ea8e6b96d6d1c7a3375ebe3d
[2m2025-12-10T10:12:03.615961Z[0m [34mDEBUG[0m [2methereum_transaction_pool_monitor::mempool_monitor[0m[2m:[0m 🔍 Fetching transaction details for: 0x58b9b5f14f0c105a42e6d222d15543e89c195837ea8e6b96d6d1c7a3375ebe3d
[2m2025-12-10T10:12:03.615964Z[0m [34mDEBUG[0m [2methereum_transaction_pool_monitor::eth_client[0m[2m:[0m 🔍 Fetching transaction details for hash: 0x58b9b5f14f0c105a42e6d222d15543e89c195837ea8e6b96d6d1c7a3375ebe3d
[2m2025-12-10T10:12:03.615974Z[0m [34mDEBUG[0m [2mhyper::client::pool[0m[2m:[0m reuse idle connection for ("http", 192.168.0.14:8545)
[2m2025-12-10T10:12:03.615988Z[0m [34mDEBUG[0m [2mhyper::proto::h1::io[0m[2m:[0m flushed 250 bytes
[2m2025-12-10T10:12:03.616000Z[0m [34mDEBUG[0m [2methereum_transaction_pool_monitor::eth_client[0m[2m:[0m 📨 Received WebSocket message: {"jsonrpc":"2.0","method":"eth_subscription","params":{"subscription":"0xbed0a0851463e895960a451075a301a9","result":"0xe60ef75156c10c57bbf844b75031dd5a912763ade91585f510bfa32a7a7b082a"}}
[2m2025-12-10T10:12:03.616007Z[0m [34mDEBUG[0m [2methereum_transaction_pool_monitor::eth_client[0m[2m:[0m 📨 Received pending transaction: 0xe60ef75156c10c57bbf844b75031dd5a912763ade91585f510bfa32a7a7b082a
[2m2025-12-10T10:12:03.621321Z[0m [34mDEBUG[0m [2mhyper::proto::h1::io[0m[2m:[0m parsed 4 headers
[2m2025-12-10T10:12:03.621331Z[0m [34mDEBUG[0m [2mhyper::proto::h1::conn[0m[2m:[0m incoming body is content-length (770 bytes)
[2m2025-12-10T10:12:03.621336Z[0m [34mDEBUG[0m [2mhyper::proto::h1::conn[0m[2m:[0m incoming body completed
[2m2025-12-10T10:12:03.621342Z[0m [34mDEBUG[0m [2mhyper::client::pool[0m[2m:[0m pooling idle connection for ("http", 192.168.0.14:8545)
[2m2025-12-10T10:12:03.621347Z[0m [34mDEBUG[0m [2methereum_transaction_pool_monitor::eth_client[0m[2m:[0m 📡 Transaction fetch RPC completed in 5.379041ms
[2m2025-12-10T10:12:03.692607Z[0m [34mDEBUG[0m [2methereum_transaction_pool_monitor::eth_client[0m[2m:[0m ✅ Transaction 0x58b9b5f14f0c105a42e6d222d15543e89c195837ea8e6b96d6d1c7a3375ebe3d fetched and parsed in 76.637375ms
[2m2025-12-10T10:12:03.692636Z[0m [34mDEBUG[0m [2methereum_transaction_pool_monitor::mempool_monitor[0m[2m:[0m 🔍 Skipping tx 0x58b9b5f14f0c105a42e6d222d15543e89c195837ea8e6b96d6d1c7a3375ebe3d - not a DEX interaction (target: 0xA0b86991c6218b36c1d19D4a2e9Eb0cE3606eB48)
[2m2025-12-10T10:12:03.692647Z[0m [34mDEBUG[0m [2methereum_transaction_pool_monitor::mempool_monitor[0m[2m:[0m 📨 Processing new pending transaction: 0x5bc67e8e5d8cfc7499f7cbb1f96cfbbb8e0c7dcf26500a3808f2de66e45f219e
[2m2025-12-10T10:12:03.692657Z[0m [34mDEBUG[0m [2methereum_transaction_pool_monitor::mempool_monitor[0m[2m:[0m 🔍 Fetching transaction details for: 0x5bc67e8e5d8cfc7499f7cbb1f96cfbbb8e0c7dcf26500a3808f2de66e45f219e
[2m2025-12-10T10:12:03.692663Z[0m [34mDEBUG[0m [2methereum_transaction_pool_monitor::eth_client[0m[2m:[0m 🔍 Fetching transaction details for hash: 0x5bc67e8e5d8cfc7499f7cbb1f96cfbbb8e0c7dcf26500a3808f2de66e45f219e
[2m2025-12-10T10:12:03.692682Z[0m [34mDEBUG[0m [2mhyper::client::pool[0m[2m:[0m reuse idle connection for ("http", 192.168.0.14:8545)
[2m2025-12-10T10:12:03.692711Z[0m [34mDEBUG[0m [2mhyper::proto::h1::io[0m[2m:[0m flushed 250 bytes
[2m2025-12-10T10:12:03.692732Z[0m [34mDEBUG[0m [2methereum_transaction_pool_monitor::eth_client[0m[2m:[0m 📨 Received WebSocket message: {"jsonrpc":"2.0","method":"eth_subscription","params":{"subscription":"0xbed0a0851463e895960a451075a301a9","result":"0xaba8e609995ab5b55488b61f691c21e17d04a867d1c69898337bf4ba2f992b69"}}
[2m2025-12-10T10:12:03.692741Z[0m [34mDEBUG[0m [2methereum_transaction_pool_monitor::eth_client[0m[2m:[0m 📨 Received pending transaction: 0xaba8e609995ab5b55488b61f691c21e17d04a867d1c69898337bf4ba2f992b69
[2m2025-12-10T10:12:03.699049Z[0m [34mDEBUG[0m [2mhyper::client::pool[0m[2m:[0m reuse idle connection for ("http", 192.168.0.14:8545)
[2m2025-12-10T10:12:03.699122Z[0m [34mDEBUG[0m [2mhyper::proto::h1::io[0m[2m:[0m flushed 172 bytes
[2m2025-12-10T10:12:03.701609Z[0m [34mDEBUG[0m [2methereum_transaction_pool_monitor::eth_client[0m[2m:[0m 📨 Received WebSocket message: {"jsonrpc":"2.0","method":"eth_subscription","params":{"subscription":"0xbed0a0851463e895960a451075a301a9","result":"0x0ed04bf9719090c73dc46c8d59e76f911324439861e522e74fab64e16ff93f0a"}}
[2m2025-12-10T10:12:03.701617Z[0m [34mDEBUG[0m [2methereum_transaction_pool_monitor::eth_client[0m[2m:[0m 📨 Received pending transaction: 0x0ed04bf9719090c73dc46c8d59e76f911324439861e522e74fab64e16ff93f0a
[2m2025-12-10T10:12:03.701661Z[0m [34mDEBUG[0m [2mhyper::proto::h1::io[0m[2m:[0m parsed 4 headers
[2m2025-12-10T10:12:03.701668Z[0m [34mDEBUG[0m [2mhyper::proto::h1::conn[0m[2m:[0m incoming body is content-length (763 bytes)
[2m2025-12-10T10:12:03.701675Z[0m [34mDEBUG[0m [2mhyper::proto::h1::conn[0m[2m:[0m incoming body completed
[2m2025-12-10T10:12:03.701682Z[0m [34mDEBUG[0m [2mhyper::client::pool[0m[2m:[0m pooling idle connection for ("http", 192.168.0.14:8545)
[2m2025-12-10T10:12:03.701689Z[0m [34mDEBUG[0m [2methereum_transaction_pool_monitor::eth_client[0m[2m:[0m 📡 Transaction fetch RPC completed in 9.019041ms
[2m2025-12-10T10:12:03.701701Z[0m [34mDEBUG[0m [2methereum_transaction_pool_monitor::eth_client[0m[2m:[0m DeFi transaction detected - Address: 0xdac17f958d2ee523a2206206994597c13d831ec7, Type: Stablecoin, Value: 0 ETH, Gas: 0.36 Gwei
[2m2025-12-10T10:12:03.701714Z[0m [34mDEBUG[0m [2methereum_transaction_pool_monitor::eth_client[0m[2m:[0m ✅ Transaction 0x5bc67e8e5d8cfc7499f7cbb1f96cfbbb8e0c7dcf26500a3808f2de66e45f219e fetched and parsed in 9.044333ms
[2m2025-12-10T10:12:03.701719Z[0m [34mDEBUG[0m [2methereum_transaction_pool_monitor::mempool_monitor[0m[2m:[0m 🔍 Skipping tx 0x5bc67e8e5d8cfc7499f7cbb1f96cfbbb8e0c7dcf26500a3808f2de66e45f219e - not a DEX interaction (target: 0xdAC17F958D2ee523a2206206994597C13D831ec7)
[2m2025-12-10T10:12:03.701726Z[0m [34mDEBUG[0m [2methereum_transaction_pool_monitor::mempool_monitor[0m[2m:[0m 📨 Processing new pending transaction: 0x37e73648264219ce7f3a34ec21447a7dfa232947b452d2f72f1b538270d7c299
[2m2025-12-10T10:12:03.701730Z[0m [34mDEBUG[0m [2methereum_transaction_pool_monitor::mempool_monitor[0m[2m:[0m 🔍 Fetching transaction details for: 0x37e73648264219ce7f3a34ec21447a7dfa232947b452d2f72f1b538270d7c299
[2m2025-12-10T10:12:03.701733Z[0m [34mDEBUG[0m [2methereum_transaction_pool_monitor::eth_client[0m[2m:[0m 🔍 Fetching transaction details for hash: 0x37e73648264219ce7f3a34ec21447a7dfa232947b452d2f72f1b538270d7c299
[2m2025-12-10T10:12:03.701744Z[0m [34mDEBUG[0m [2mhyper::client::pool[0m[2m:[0m reuse idle connection for ("http", 192.168.0.14:8545)
[2m2025-12-10T10:12:03.701759Z[0m [34mDEBUG[0m [2mhyper::proto::h1::io[0m[2m:[0m flushed 250 bytes
[2m2025-12-10T10:12:03.704747Z[0m [34mDEBUG[0m [2mhyper::proto::h1::io[0m[2m:[0m parsed 4 headers
[2m2025-12-10T10:12:03.704755Z[0m [34mDEBUG[0m [2mhyper::proto::h1::conn[0m[2m:[0m incoming body is content-length (45 bytes)
[2m2025-12-10T10:12:03.704760Z[0m [34mDEBUG[0m [2mhyper::proto::h1::conn[0m[2m:[0m incoming body completed
[2m2025-12-10T10:12:03.704766Z[0m [34mDEBUG[0m [2mhyper::client::pool[0m[2m:[0m pooling idle connection for ("http", 192.168.0.14:8545)
[2m2025-12-10T10:12:03.707900Z[0m [34mDEBUG[0m [2mhyper::proto::h1::io[0m[2m:[0m parsed 4 headers
[2m2025-12-10T10:12:03.707907Z[0m [34mDEBUG[0m [2mhyper::proto::h1::conn[0m[2m:[0m incoming body is content-length (769 bytes)
[2m2025-12-10T10:12:03.707912Z[0m [34mDEBUG[0m [2mhyper::proto::h1::conn[0m[2m:[0m incoming body completed
[2m2025-12-10T10:12:03.707918Z[0m [34mDEBUG[0m [2mhyper::client::pool[0m[2m:[0m pooling idle connection for ("http", 192.168.0.14:8545)
[2m2025-12-10T10:12:03.707923Z[0m [34mDEBUG[0m [2methereum_transaction_pool_monitor::eth_client[0m[2m:[0m 📡 Transaction fetch RPC completed in 6.185792ms
[2m2025-12-10T10:12:03.707933Z[0m [34mDEBUG[0m [2methereum_transaction_pool_monitor::eth_client[0m[2m:[0m DeFi transaction detected - Address: 0xdac17f958d2ee523a2206206994597c13d831ec7, Type: Stablecoin, Value: 0 ETH, Gas: 1.75 Gwei
[2m2025-12-10T10:12:03.707942Z[0m [34mDEBUG[0m [2methereum_transaction_pool_monitor::eth_client[0m[2m:[0m ✅ Transaction 0x37e73648264219ce7f3a34ec21447a7dfa232947b452d2f72f1b538270d7c299 fetched and parsed in 6.204375ms
[2m2025-12-10T10:12:03.707946Z[0m [34mDEBUG[0m [2methereum_transaction_pool_monitor::mempool_monitor[0m[2m:[0m 🔍 Skipping tx 0x37e73648264219ce7f3a34ec21447a7dfa232947b452d2f72f1b538270d7c299 - not a DEX interaction (target: 0xdAC17F958D2ee523a2206206994597C13D831ec7)
[2m2025-12-10T10:12:03.707952Z[0m [34mDEBUG[0m [2methereum_transaction_pool_monitor::mempool_monitor[0m[2m:[0m 📨 Processing new pending transaction: 0x739a50a02b054cf38fce1e7a409ffcd47ff72d8bc6659132b501b49664a56276
[2m2025-12-10T10:12:03.707956Z[0m [34mDEBUG[0m [2methereum_transaction_pool_monitor::mempool_monitor[0m[2m:[0m 🔍 Fetching transaction details for: 0x739a50a02b054cf38fce1e7a409ffcd47ff72d8bc6659132b501b49664a56276
[2m2025-12-10T10:12:03.707959Z[0m [34mDEBUG[0m [2methereum_transaction_pool_monitor::eth_client[0m[2m:[0m 🔍 Fetching transaction details for hash: 0x739a50a02b054cf38fce1e7a409ffcd47ff72d8bc6659132b501b49664a56276
[2m2025-12-10T10:12:03.707971Z[0m [34mDEBUG[0m [2mhyper::client::pool[0m[2m:[0m reuse idle connection for ("http", 192.168.0.14:8545)
[2m2025-12-10T10:12:03.707986Z[0m [34mDEBUG[0m [2mhyper::proto::h1::io[0m[2m:[0m flushed 250 bytes
[2m2025-12-10T10:12:03.713561Z[0m [34mDEBUG[0m [2mhyper::proto::h1::io[0m[2m:[0m parsed 4 headers
[2m2025-12-10T10:12:03.713567Z[0m [34mDEBUG[0m [2mhyper::proto::h1::conn[0m[2m:[0m incoming body is content-length (1035 bytes)
[2m2025-12-10T10:12:03.714314Z[0m [34mDEBUG[0m [2mhyper::proto::h1::conn[0m[2m:[0m incoming body completed
[2m2025-12-10T10:12:03.714321Z[0m [34mDEBUG[0m [2mhyper::client::pool[0m[2m:[0m pooling idle connection for ("http", 192.168.0.14:8545)
[2m2025-12-10T10:12:03.714326Z[0m [34mDEBUG[0m [2methereum_transaction_pool_monitor::eth_client[0m[2m:[0m 📡 Transaction fetch RPC completed in 6.361417ms
[2m2025-12-10T10:12:03.783221Z[0m [34mDEBUG[0m [2methereum_transaction_pool_monitor::eth_client[0m[2m:[0m ✅ Transaction 0x739a50a02b054cf38fce1e7a409ffcd47ff72d8bc6659132b501b49664a56276 fetched and parsed in 75.254667ms
[2m2025-12-10T10:12:03.783245Z[0m [34mDEBUG[0m [2methereum_transaction_pool_monitor::mempool_monitor[0m[2m:[0m 🔍 Skipping tx 0x739a50a02b054cf38fce1e7a409ffcd47ff72d8bc6659132b501b49664a56276 - not a DEX interaction (target: 0xfd84874bBA3a970B53C7Df895455Bf23dD1Fe2De)
[2m2025-12-10T10:12:03.783256Z[0m [34mDEBUG[0m [2methereum_transaction_pool_monitor::mempool_monitor[0m[2m:[0m 📨 Processing new pending transaction: 0xcc98f8c3d4287ed42ded4fa4c624052c3bf9431ef14107d3996fc570f21d3f21
[2m2025-12-10T10:12:03.783262Z[0m [34mDEBUG[0m [2methereum_transaction_pool_monitor::mempool_monitor[0m[2m:[0m 🔍 Fetching transaction details for: 0xcc98f8c3d4287ed42ded4fa4c624052c3bf9431ef14107d3996fc570f21d3f21
[2m2025-12-10T10:12:03.783266Z[0m [34mDEBUG[0m [2methereum_transaction_pool_monitor::eth_client[0m[2m:[0m 🔍 Fetching transaction details for hash: 0xcc98f8c3d4287ed42ded4fa4c624052c3bf9431ef14107d3996fc570f21d3f21
[2m2025-12-10T10:12:03.783281Z[0m [34mDEBUG[0m [2mhyper::client::pool[0m[2m:[0m reuse idle connection for ("http", 192.168.0.14:8545)
[2m2025-12-10T10:12:03.783317Z[0m [34mDEBUG[0m [2mhyper::proto::h1::io[0m[2m:[0m flushed 250 bytes
[2m2025-12-10T10:12:03.783336Z[0m [34mDEBUG[0m [2methereum_transaction_pool_monitor::eth_client[0m[2m:[0m 📨 Received WebSocket message: {"jsonrpc":"2.0","method":"eth_subscription","params":{"subscription":"0xbed0a0851463e895960a451075a301a9","result":"0xa0748d6720f29ee7c9a07a7ac9556aa7f8d8ca296d8828d180fe8d6527dcc421"}}
[2m2025-12-10T10:12:03.783344Z[0m [34mDEBUG[0m [2methereum_transaction_pool_monitor::eth_client[0m[2m:[0m 📨 Received pending transaction: 0xa0748d6720f29ee7c9a07a7ac9556aa7f8d8ca296d8828d180fe8d6527dcc421
[2m2025-12-10T10:12:03.796668Z[0m [34mDEBUG[0m [2mhyper::proto::h1::io[0m[2m:[0m parsed 4 headers
[2m2025-12-10T10:12:03.796678Z[0m [34mDEBUG[0m [2mhyper::proto::h1::conn[0m[2m:[0m incoming body is content-length (769 bytes)
[2m2025-12-10T10:12:03.796685Z[0m [34mDEBUG[0m [2mhyper::proto::h1::conn[0m[2m:[0m incoming body completed
[2m2025-12-10T10:12:03.796693Z[0m [34mDEBUG[0m [2mhyper::client::pool[0m[2m:[0m pooling idle connection for ("http", 192.168.0.14:8545)
[2m2025-12-10T10:12:03.796699Z[0m [34mDEBUG[0m [2methereum_transaction_pool_monitor::eth_client[0m[2m:[0m 📡 Transaction fetch RPC completed in 13.42975ms
[2m2025-12-10T10:12:03.796711Z[0m [34mDEBUG[0m [2methereum_transaction_pool_monitor::eth_client[0m[2m:[0m DeFi transaction detected - Address: 0xdac17f958d2ee523a2206206994597c13d831ec7, Type: Stablecoin, Value: 0 ETH, Gas: 1.75 Gwei
[2m2025-12-10T10:12:03.796722Z[0m [34mDEBUG[0m [2methereum_transaction_pool_monitor::eth_client[0m[2m:[0m ✅ Transaction 0xcc98f8c3d4287ed42ded4fa4c624052c3bf9431ef14107d3996fc570f21d3f21 fetched and parsed in 13.452292ms
[2m2025-12-10T10:12:03.796727Z[0m [34mDEBUG[0m [2methereum_transaction_pool_monitor::mempool_monitor[0m[2m:[0m 🔍 Skipping tx 0xcc98f8c3d4287ed42ded4fa4c624052c3bf9431ef14107d3996fc570f21d3f21 - not a DEX interaction (target: 0xdAC17F958D2ee523a2206206994597C13D831ec7)
[2m2025-12-10T10:12:03.796733Z[0m [34mDEBUG[0m [2methereum_transaction_pool_monitor::mempool_monitor[0m[2m:[0m 📨 Processing new pending transaction: 0x0c7c6be8368445f54ee567cc2428825e98dcdd29e9bd2c12831995fcd4893cb0
[2m2025-12-10T10:12:03.796736Z[0m [34mDEBUG[0m [2methereum_transaction_pool_monitor::mempool_monitor[0m[2m:[0m 🔍 Fetching transaction details for: 0x0c7c6be8368445f54ee567cc2428825e98dcdd29e9bd2c12831995fcd4893cb0
[2m2025-12-10T10:12:03.796739Z[0m [34mDEBUG[0m [2methereum_transaction_pool_monitor::eth_client[0m[2m:[0m 🔍 Fetching transaction details for hash: 0x0c7c6be8368445f54ee567cc2428825e98dcdd29e9bd2c12831995fcd4893cb0
[2m2025-12-10T10:12:03.796749Z[0m [34mDEBUG[0m [2mhyper::client::pool[0m[2m:[0m reuse idle connection for ("http", 192.168.0.14:8545)
[2m2025-12-10T10:12:03.796769Z[0m [34mDEBUG[0m [2mhyper::proto::h1::io[0m[2m:[0m flushed 250 bytes
[2m2025-12-10T10:12:03.798033Z[0m [34mDEBUG[0m [2mhyper::client::pool[0m[2m:[0m reuse idle connection for ("http", 192.168.0.14:8545)
[2m2025-12-10T10:12:03.798048Z[0m [34mDEBUG[0m [2mhyper::proto::h1::io[0m[2m:[0m flushed 172 bytes
[2m2025-12-10T10:12:03.805007Z[0m [34mDEBUG[0m [2mhyper::proto::h1::io[0m[2m:[0m parsed 4 headers
[2m2025-12-10T10:12:03.805025Z[0m [34mDEBUG[0m [2mhyper::proto::h1::conn[0m[2m:[0m incoming body is content-length (1731 bytes)
[2m2025-12-10T10:12:03.805052Z[0m [34mDEBUG[0m [2methereum_transaction_pool_monitor::eth_client[0m[2m:[0m 📡 Transaction fetch RPC completed in 8.309583ms
[2m2025-12-10T10:12:03.807573Z[0m [34mDEBUG[0m [2mhyper::proto::h1::conn[0m[2m:[0m incoming body completed
[2m2025-12-10T10:12:03.807589Z[0m [34mDEBUG[0m [2mhyper::client::pool[0m[2m:[0m pooling idle connection for ("http", 192.168.0.14:8545)
[2m2025-12-10T10:12:03.807601Z[0m [34mDEBUG[0m [2mhyper::proto::h1::io[0m[2m:[0m parsed 4 headers
[2m2025-12-10T10:12:03.807606Z[0m [34mDEBUG[0m [2mhyper::proto::h1::conn[0m[2m:[0m incoming body is content-length (45 bytes)
[2m2025-12-10T10:12:03.807611Z[0m [34mDEBUG[0m [2mhyper::proto::h1::conn[0m[2m:[0m incoming body completed
[2m2025-12-10T10:12:03.807618Z[0m [34mDEBUG[0m [2mhyper::client::pool[0m[2m:[0m pooling idle connection for ("http", 192.168.0.14:8545)
[2m2025-12-10T10:12:03.807665Z[0m [34mDEBUG[0m [2methereum_transaction_pool_monitor::eth_client[0m[2m:[0m 📨 Received WebSocket message: {"jsonrpc":"2.0","method":"eth_subscription","params":{"subscription":"0xbed0a0851463e895960a451075a301a9","result":"0xc5b9227cab5c3cdced2b0761f3ee994213e30eb75a8869b962952081cf4cd18a"}}
[2m2025-12-10T10:12:03.807701Z[0m [34mDEBUG[0m [2methereum_transaction_pool_monitor::eth_client[0m[2m:[0m 📨 Received pending transaction: 0xc5b9227cab5c3cdced2b0761f3ee994213e30eb75a8869b962952081cf4cd18a
[2m2025-12-10T10:12:03.858176Z[0m [34mDEBUG[0m [2methereum_transaction_pool_monitor::eth_client[0m[2m:[0m 📨 Received WebSocket message: {"jsonrpc":"2.0","method":"eth_subscription","params":{"subscription":"0xbed0a0851463e895960a451075a301a9","result":"0x4c25f85816788f039688af7ae71b6903dda5b7489c15c7c5a49cb218dbcb92c8"}}
[2m2025-12-10T10:12:03.861688Z[0m [34mDEBUG[0m [2methereum_transaction_pool_monitor::eth_client[0m[2m:[0m 📨 Received pending transaction: 0x4c25f85816788f039688af7ae71b6903dda5b7489c15c7c5a49cb218dbcb92c8
[2m2025-12-10T10:12:03.871550Z[0m [34mDEBUG[0m [2methereum_transaction_pool_monitor::eth_client[0m[2m:[0m 📨 Received WebSocket message: {"jsonrpc":"2.0","method":"eth_subscription","params":{"subscription":"0xbed0a0851463e895960a451075a301a9","result":"0x052376715c003c3bf75459a7cc1462a4dcf70daa8d70aeed50b49a893b923fcb"}}
[2m2025-12-10T10:12:03.871577Z[0m [34mDEBUG[0m [2methereum_transaction_pool_monitor::eth_client[0m[2m:[0m 📨 Received pending transaction: 0x052376715c003c3bf75459a7cc1462a4dcf70daa8d70aeed50b49a893b923fcb
[2m2025-12-10T10:12:03.879227Z[0m [34mDEBUG[0m [2methereum_transaction_pool_monitor::eth_client[0m[2m:[0m ✅ Transaction 0x0c7c6be8368445f54ee567cc2428825e98dcdd29e9bd2c12831995fcd4893cb0 fetched and parsed in 82.481791ms
[2m2025-12-10T10:12:03.879249Z[0m [34mDEBUG[0m [2methereum_transaction_pool_monitor::mempool_monitor[0m[2m:[0m 🔍 Skipping tx 0x0c7c6be8368445f54ee567cc2428825e98dcdd29e9bd2c12831995fcd4893cb0 - not a DEX interaction (target: 0x601a2aD6CB5949f0529735254189Ba3194221EDF)
[2m2025-12-10T10:12:03.879258Z[0m [34mDEBUG[0m [2methereum_transaction_pool_monitor::mempool_monitor[0m[2m:[0m 📨 Processing new pending transaction: 0x138ad6592473711c9176e4b5e18ea1cf50d3d01064c16855eb6cedde62ddd770
[2m2025-12-10T10:12:03.879263Z[0m [34mDEBUG[0m [2methereum_transaction_pool_monitor::mempool_monitor[0m[2m:[0m 🔍 Fetching transaction details for: 0x138ad6592473711c9176e4b5e18ea1cf50d3d01064c16855eb6cedde62ddd770
[2m2025-12-10T10:12:03.879267Z[0m [34mDEBUG[0m [2methereum_transaction_pool_monitor::eth_client[0m[2m:[0m 🔍 Fetching transaction details for hash: 0x138ad6592473711c9176e4b5e18ea1cf50d3d01064c16855eb6cedde62ddd770
[2m2025-12-10T10:12:03.879284Z[0m [34mDEBUG[0m [2mhyper::client::pool[0m[2m:[0m reuse idle connection for ("http", 192.168.0.14:8545)
[2m2025-12-10T10:12:03.879324Z[0m [34mDEBUG[0m [2mhyper::proto::h1::io[0m[2m:[0m flushed 250 bytes
[2m2025-12-10T10:12:03.883424Z[0m [34mDEBUG[0m [2mhyper::proto::h1::io[0m[2m:[0m parsed 4 headers
[2m2025-12-10T10:12:03.883433Z[0m [34mDEBUG[0m [2mhyper::proto::h1::conn[0m[2m:[0m incoming body is content-length (763 bytes)
[2m2025-12-10T10:12:03.883440Z[0m [34mDEBUG[0m [2mhyper::proto::h1::conn[0m[2m:[0m incoming body completed
[2m2025-12-10T10:12:03.883448Z[0m [34mDEBUG[0m [2mhyper::client::pool[0m[2m:[0m pooling idle connection for ("http", 192.168.0.14:8545)
[2m2025-12-10T10:12:03.883454Z[0m [34mDEBUG[0m [2methereum_transaction_pool_monitor::eth_client[0m[2m:[0m 📡 Transaction fetch RPC completed in 4.182375ms
[2m2025-12-10T10:12:03.954920Z[0m [34mDEBUG[0m [2methereum_transaction_pool_monitor::eth_client[0m[2m:[0m ✅ Transaction 0x138ad6592473711c9176e4b5e18ea1cf50d3d01064c16855eb6cedde62ddd770 fetched and parsed in 75.646417ms
[2m2025-12-10T10:12:03.954948Z[0m [34mDEBUG[0m [2methereum_transaction_pool_monitor::mempool_monitor[0m[2m:[0m 🔍 Skipping tx 0x138ad6592473711c9176e4b5e18ea1cf50d3d01064c16855eb6cedde62ddd770 - not a DEX interaction (target: 0xd50370bEE8bFf23Bbb30ca558a1d0207DBc96ef2)
[2m2025-12-10T10:12:03.954956Z[0m [34mDEBUG[0m [2methereum_transaction_pool_monitor::mempool_monitor[0m[2m:[0m 📨 Processing new pending transaction: 0xccac5ecfe5f9f2bfb1bd85a00bc5e1903b05cce235fbba674a4107bc5d2d4469
[2m2025-12-10T10:12:03.954961Z[0m [34mDEBUG[0m [2methereum_transaction_pool_monitor::mempool_monitor[0m[2m:[0m 🔍 Fetching transaction details for: 0xccac5ecfe5f9f2bfb1bd85a00bc5e1903b05cce235fbba674a4107bc5d2d4469
[2m2025-12-10T10:12:03.954965Z[0m [34mDEBUG[0m [2methereum_transaction_pool_monitor::eth_client[0m[2m:[0m 🔍 Fetching transaction details for hash: 0xccac5ecfe5f9f2bfb1bd85a00bc5e1903b05cce235fbba674a4107bc5d2d4469
[2m2025-12-10T10:12:03.954980Z[0m [34mDEBUG[0m [2mhyper::client::pool[0m[2m:[0m reuse idle connection for ("http", 192.168.0.14:8545)
[2m2025-12-10T10:12:03.955028Z[0m [34mDEBUG[0m [2mhyper::proto::h1::io[0m[2m:[0m flushed 250 bytes
[2m2025-12-10T10:12:03.955054Z[0m [34mDEBUG[0m [2mhyper::client::pool[0m[2m:[0m reuse idle connection for ("http", 192.168.0.14:8545)
[2m2025-12-10T10:12:03.955067Z[0m [34mDEBUG[0m [2mhyper::proto::h1::io[0m[2m:[0m flushed 172 bytes
[2m2025-12-10T10:12:03.961083Z[0m [34mDEBUG[0m [2mhyper::proto::h1::io[0m[2m:[0m parsed 4 headers
[2m2025-12-10T10:12:03.961110Z[0m [34mDEBUG[0m [2mhyper::proto::h1::conn[0m[2m:[0m incoming body is content-length (1187 bytes)
[2m2025-12-10T10:12:03.961138Z[0m [34mDEBUG[0m [2mhyper::proto::h1::conn[0m[2m:[0m incoming body completed
[2m2025-12-10T10:12:03.961147Z[0m [34mDEBUG[0m [2mhyper::client::pool[0m[2m:[0m pooling idle connection for ("http", 192.168.0.14:8545)
[2m2025-12-10T10:12:03.961154Z[0m [34mDEBUG[0m [2methereum_transaction_pool_monitor::eth_client[0m[2m:[0m 📡 Transaction fetch RPC completed in 6.185417ms
[2m2025-12-10T10:12:04.031090Z[0m [34mDEBUG[0m [2methereum_transaction_pool_monitor::eth_client[0m[2m:[0m ✅ Transaction 0xccac5ecfe5f9f2bfb1bd85a00bc5e1903b05cce235fbba674a4107bc5d2d4469 fetched and parsed in 76.119333ms
[2m2025-12-10T10:12:04.031116Z[0m [34mDEBUG[0m [2methereum_transaction_pool_monitor::mempool_monitor[0m[2m:[0m 🔍 Skipping tx 0xccac5ecfe5f9f2bfb1bd85a00bc5e1903b05cce235fbba674a4107bc5d2d4469 - not a DEX interaction (target: 0xB685760EBD368a891F27ae547391F4E2A289895b)
[2m2025-12-10T10:12:04.031126Z[0m [34mDEBUG[0m [2methereum_transaction_pool_monitor::mempool_monitor[0m[2m:[0m 📨 Processing new pending transaction: 0xc792e6e85a36c4b0ce8eeb24a680e6158ff4b6bc8ef707f95dd8840326d8fc1c
[2m2025-12-10T10:12:04.031133Z[0m [34mDEBUG[0m [2methereum_transaction_pool_monitor::mempool_monitor[0m[2m:[0m 🔍 Fetching transaction details for: 0xc792e6e85a36c4b0ce8eeb24a680e6158ff4b6bc8ef707f95dd8840326d8fc1c
[2m2025-12-10T10:12:04.031137Z[0m [34mDEBUG[0m [2methereum_transaction_pool_monitor::eth_client[0m[2m:[0m 🔍 Fetching transaction details for hash: 0xc792e6e85a36c4b0ce8eeb24a680e6158ff4b6bc8ef707f95dd8840326d8fc1c
[2m2025-12-10T10:12:04.031153Z[0m [34mDEBUG[0m [2mhyper::client::pool[0m[2m:[0m reuse idle connection for ("http", 192.168.0.14:8545)
[2m2025-12-10T10:12:04.031197Z[0m [34mDEBUG[0m [2mhyper::proto::h1::io[0m[2m:[0m flushed 250 bytes
[2m2025-12-10T10:12:04.031220Z[0m [34mDEBUG[0m [2methereum_transaction_pool_monitor::eth_client[0m[2m:[0m 📨 Received WebSocket message: {"jsonrpc":"2.0","method":"eth_subscription","params":{"subscription":"0xbed0a0851463e895960a451075a301a9","result":"0x70e91673ed88b5fc5b3aac0eeb5cb0ea17f39f0e5058fcad9fdf2402fdcf0a80"}}
[2m2025-12-10T10:12:04.031227Z[0m [34mDEBUG[0m [2methereum_transaction_pool_monitor::eth_client[0m[2m:[0m 📨 Received pending transaction: 0x70e91673ed88b5fc5b3aac0eeb5cb0ea17f39f0e5058fcad9fdf2402fdcf0a80
[2m2025-12-10T10:12:04.031232Z[0m [34mDEBUG[0m [2methereum_transaction_pool_monitor::eth_client[0m[2m:[0m 📨 Received WebSocket message: {"jsonrpc":"2.0","method":"eth_subscription","params":{"subscription":"0xbed0a0851463e895960a451075a301a9","result":"0xd519eba8669032745d5ad3eb2bea318918f3ba85ecd104b4c3c2cd6156d26226"}}
[2m2025-12-10T10:12:04.031239Z[0m [34mDEBUG[0m [2methereum_transaction_pool_monitor::eth_client[0m[2m:[0m 📨 Received pending transaction: 0xd519eba8669032745d5ad3eb2bea318918f3ba85ecd104b4c3c2cd6156d26226
[2m2025-12-10T10:12:04.031242Z[0m [34mDEBUG[0m [2mhyper::proto::h1::io[0m[2m:[0m parsed 4 headers
[2m2025-12-10T10:12:04.031262Z[0m [34mDEBUG[0m [2mhyper::proto::h1::conn[0m[2m:[0m incoming body is content-length (45 bytes)
[2m2025-12-10T10:12:04.031270Z[0m [34mDEBUG[0m [2mhyper::proto::h1::conn[0m[2m:[0m incoming body completed
[2m2025-12-10T10:12:04.031287Z[0m [34mDEBUG[0m [2mhyper::client::pool[0m[2m:[0m pooling idle connection for ("http", 192.168.0.14:8545)
[2m2025-12-10T10:12:04.031305Z[0m [34mDEBUG[0m [2mhyper::client::pool[0m[2m:[0m reuse idle connection for ("http", 192.168.0.14:8545)
[2m2025-12-10T10:12:04.031321Z[0m [34mDEBUG[0m [2mhyper::proto::h1::io[0m[2m:[0m flushed 172 bytes
[2m2025-12-10T10:12:04.037584Z[0m [34mDEBUG[0m [2mhyper::proto::h1::io[0m[2m:[0m parsed 4 headers
[2m2025-12-10T10:12:04.037633Z[0m [34mDEBUG[0m [2mhyper::proto::h1::conn[0m[2m:[0m incoming body is content-length (45 bytes)
[2m2025-12-10T10:12:04.037651Z[0m [34mDEBUG[0m [2mhyper::proto::h1::conn[0m[2m:[0m incoming body completed
[2m2025-12-10T10:12:04.037676Z[0m [34mDEBUG[0m [2mhyper::client::pool[0m[2m:[0m pooling idle connection for ("http", 192.168.0.14:8545)
[2m2025-12-10T10:12:04.038471Z[0m [34mDEBUG[0m [2mhyper::proto::h1::io[0m[2m:[0m parsed 4 headers
[2m2025-12-10T10:12:04.038503Z[0m [34mDEBUG[0m [2mhyper::proto::h1::conn[0m[2m:[0m incoming body is content-length (828 bytes)
[2m2025-12-10T10:12:04.038519Z[0m [34mDEBUG[0m [2mhyper::proto::h1::conn[0m[2m:[0m incoming body completed
[2m2025-12-10T10:12:04.038795Z[0m [34mDEBUG[0m [2mhyper::client::pool[0m[2m:[0m pooling idle connection for ("http", 192.168.0.14:8545)
[2m2025-12-10T10:12:04.038816Z[0m [34mDEBUG[0m [2methereum_transaction_pool_monitor::eth_client[0m[2m:[0m 📡 Transaction fetch RPC completed in 7.675083ms
[2m2025-12-10T10:12:04.111379Z[0m [34mDEBUG[0m [2methereum_transaction_pool_monitor::eth_client[0m[2m:[0m ✅ Transaction 0xc792e6e85a36c4b0ce8eeb24a680e6158ff4b6bc8ef707f95dd8840326d8fc1c fetched and parsed in 80.2355ms
[2m2025-12-10T10:12:04.111403Z[0m [34mDEBUG[0m [2methereum_transaction_pool_monitor::mempool_monitor[0m[2m:[0m 🔍 Skipping tx 0xc792e6e85a36c4b0ce8eeb24a680e6158ff4b6bc8ef707f95dd8840326d8fc1c - not a DEX interaction (target: 0x51C03A791e0F22D66F17edA5a897c108d5CF7ce7)
[2m2025-12-10T10:12:04.111413Z[0m [34mDEBUG[0m [2methereum_transaction_pool_monitor::mempool_monitor[0m[2m:[0m 📨 Processing new pending transaction: 0xd41076de745d86a63d839435a79075ada48a6fa12f168927f62a9f2d82502d63
[2m2025-12-10T10:12:04.111417Z[0m [34mDEBUG[0m [2methereum_transaction_pool_monitor::mempool_monitor[0m[2m:[0m 🔍 Fetching transaction details for: 0xd41076de745d86a63d839435a79075ada48a6fa12f168927f62a9f2d82502d63
[2m2025-12-10T10:12:04.111421Z[0m [34mDEBUG[0m [2methereum_transaction_pool_monitor::eth_client[0m[2m:[0m 🔍 Fetching transaction details for hash: 0xd41076de745d86a63d839435a79075ada48a6fa12f168927f62a9f2d82502d63
[2m2025-12-10T10:12:04.111441Z[0m [34mDEBUG[0m [2mhyper::client::pool[0m[2m:[0m reuse idle connection for ("http", 192.168.0.14:8545)
[2m2025-12-10T10:12:04.111479Z[0m [34mDEBUG[0m [2mhyper::proto::h1::io[0m[2m:[0m flushed 250 bytes
[2m2025-12-10T10:12:04.111500Z[0m [34mDEBUG[0m [2mhyper::client::pool[0m[2m:[0m reuse idle connection for ("http", 192.168.0.14:8545)
[2m2025-12-10T10:12:04.111516Z[0m [34mDEBUG[0m [2mhyper::proto::h1::io[0m[2m:[0m flushed 172 bytes
[2m2025-12-10T10:12:04.111548Z[0m [34mDEBUG[0m [2methereum_transaction_pool_monitor::eth_client[0m[2m:[0m 📨 Received WebSocket message: {"jsonrpc":"2.0","method":"eth_subscription","params":{"subscription":"0xbed0a0851463e895960a451075a301a9","result":"0xc134a93567b81acfb3942482d1fbe55f70a8b033a21278c19a9ea55d6e594066"}}
[2m2025-12-10T10:12:04.111607Z[0m [34mDEBUG[0m [2methereum_transaction_pool_monitor::eth_client[0m[2m:[0m 📨 Received pending transaction: 0xc134a93567b81acfb3942482d1fbe55f70a8b033a21278c19a9ea55d6e594066
[2m2025-12-10T10:12:04.111620Z[0m [34mDEBUG[0m [2methereum_transaction_pool_monitor::eth_client[0m[2m:[0m 📨 Received WebSocket message: {"jsonrpc":"2.0","method":"eth_subscription","params":{"subscription":"0xbed0a0851463e895960a451075a301a9","result":"0xf74f1e18a8c57f1b3e0f4fc235490e24904288f07e747be100002db2303ac74e"}}
[2m2025-12-10T10:12:04.111625Z[0m [34mDEBUG[0m [2methereum_transaction_pool_monitor::eth_client[0m[2m:[0m 📨 Received pending transaction: 0xf74f1e18a8c57f1b3e0f4fc235490e24904288f07e747be100002db2303ac74e
[2m2025-12-10T10:12:04.116775Z[0m [34mDEBUG[0m [2mhyper::proto::h1::io[0m[2m:[0m parsed 4 headers
[2m2025-12-10T10:12:04.116788Z[0m [34mDEBUG[0m [2mhyper::proto::h1::conn[0m[2m:[0m incoming body is content-length (45 bytes)
[2m2025-12-10T10:12:04.116796Z[0m [34mDEBUG[0m [2mhyper::proto::h1::conn[0m[2m:[0m incoming body completed
[2m2025-12-10T10:12:04.116805Z[0m [34mDEBUG[0m [2mhyper::client::pool[0m[2m:[0m pooling idle connection for ("http", 192.168.0.14:8545)
[2m2025-12-10T10:12:04.120683Z[0m [34mDEBUG[0m [2mhyper::proto::h1::io[0m[2m:[0m parsed 4 headers
[2m2025-12-10T10:12:04.120693Z[0m [34mDEBUG[0m [2mhyper::proto::h1::conn[0m[2m:[0m incoming body is content-length (1731 bytes)
[2m2025-12-10T10:12:04.120700Z[0m [34mDEBUG[0m [2mhyper::proto::h1::conn[0m[2m:[0m incoming body completed
[2m2025-12-10T10:12:04.120710Z[0m [34mDEBUG[0m [2mhyper::client::pool[0m[2m:[0m pooling idle connection for ("http", 192.168.0.14:8545)
[2m2025-12-10T10:12:04.120716Z[0m [34mDEBUG[0m [2methereum_transaction_pool_monitor::eth_client[0m[2m:[0m 📡 Transaction fetch RPC completed in 9.290667ms
[2m2025-12-10T10:12:04.192637Z[0m [34mDEBUG[0m [2methereum_transaction_pool_monitor::eth_client[0m[2m:[0m ✅ Transaction 0xd41076de745d86a63d839435a79075ada48a6fa12f168927f62a9f2d82502d63 fetched and parsed in 81.208959ms
[2m2025-12-10T10:12:04.192661Z[0m [34mDEBUG[0m [2methereum_transaction_pool_monitor::mempool_monitor[0m[2m:[0m 🔍 Skipping tx 0xd41076de745d86a63d839435a79075ada48a6fa12f168927f62a9f2d82502d63 - not a DEX interaction (target: 0x601a2aD6CB5949f0529735254189Ba3194221EDF)
[2m2025-12-10T10:12:04.192672Z[0m [34mDEBUG[0m [2methereum_transaction_pool_monitor::mempool_monitor[0m[2m:[0m 📨 Processing new pending transaction: 0x9520417645dd72cb2d8f2266823becaa70aa15985dde5c1068901b396a8ad2f4
[2m2025-12-10T10:12:04.192677Z[0m [34mDEBUG[0m [2methereum_transaction_pool_monitor::mempool_monitor[0m[2m:[0m 🔍 Fetching transaction details for: 0x9520417645dd72cb2d8f2266823becaa70aa15985dde5c1068901b396a8ad2f4
[2m2025-12-10T10:12:04.192681Z[0m [34mDEBUG[0m [2methereum_transaction_pool_monitor::eth_client[0m[2m:[0m 🔍 Fetching transaction details for hash: 0x9520417645dd72cb2d8f2266823becaa70aa15985dde5c1068901b396a8ad2f4
[2m2025-12-10T10:12:04.192699Z[0m [34mDEBUG[0m [2mhyper::client::pool[0m[2m:[0m reuse idle connection for ("http", 192.168.0.14:8545)
[2m2025-12-10T10:12:04.192730Z[0m [34mDEBUG[0m [2mhyper::proto::h1::io[0m[2m:[0m flushed 250 bytes
[2m2025-12-10T10:12:04.192749Z[0m [34mDEBUG[0m [2methereum_transaction_pool_monitor::eth_client[0m[2m:[0m 📨 Received WebSocket message: {"jsonrpc":"2.0","method":"eth_subscription","params":{"subscription":"0xbed0a0851463e895960a451075a301a9","result":"0x7026b8b3883288d59cb924408e838aa0ca9ee7ae891072a41579030eeedb435d"}}
[2m2025-12-10T10:12:04.192756Z[0m [34mDEBUG[0m [2methereum_transaction_pool_monitor::eth_client[0m[2m:[0m 📨 Received pending transaction: 0x7026b8b3883288d59cb924408e838aa0ca9ee7ae891072a41579030eeedb435d
[2m2025-12-10T10:12:04.199081Z[0m [34mDEBUG[0m [2mhyper::client::pool[0m[2m:[0m reuse idle connection for ("http", 192.168.0.14:8545)
[2m2025-12-10T10:12:04.199150Z[0m [34mDEBUG[0m [2mhyper::proto::h1::io[0m[2m:[0m flushed 172 bytes
[2m2025-12-10T10:12:04.200101Z[0m [34mDEBUG[0m [2mhyper::proto::h1::io[0m[2m:[0m parsed 4 headers
[2m2025-12-10T10:12:04.200120Z[0m [34mDEBUG[0m [2mhyper::proto::h1::conn[0m[2m:[0m incoming body is content-length (778 bytes)
[2m2025-12-10T10:12:04.200144Z[0m [34mDEBUG[0m [2mhyper::proto::h1::conn[0m[2m:[0m incoming body completed
[2m2025-12-10T10:12:04.200159Z[0m [34mDEBUG[0m [2mhyper::client::pool[0m[2m:[0m pooling idle connection for ("http", 192.168.0.14:8545)
[2m2025-12-10T10:12:04.200178Z[0m [34mDEBUG[0m [2methereum_transaction_pool_monitor::eth_client[0m[2m:[0m 📡 Transaction fetch RPC completed in 7.492584ms
[2m2025-12-10T10:12:04.200194Z[0m [34mDEBUG[0m [2methereum_transaction_pool_monitor::eth_client[0m[2m:[0m DeFi transaction detected - Address: 0xdac17f958d2ee523a2206206994597c13d831ec7, Type: Stablecoin, Value: 0 ETH, Gas: 125.00 Gwei
[2m2025-12-10T10:12:04.200207Z[0m [34mDEBUG[0m [2methereum_transaction_pool_monitor::eth_client[0m[2m:[0m ✅ Transaction 0x9520417645dd72cb2d8f2266823becaa70aa15985dde5c1068901b396a8ad2f4 fetched and parsed in 7.521292ms
[2m2025-12-10T10:12:04.200213Z[0m [34mDEBUG[0m [2methereum_transaction_pool_monitor::mempool_monitor[0m[2m:[0m 🔍 Skipping tx 0x9520417645dd72cb2d8f2266823becaa70aa15985dde5c1068901b396a8ad2f4 - not a DEX interaction (target: 0xdAC17F958D2ee523a2206206994597C13D831ec7)
[2m2025-12-10T10:12:04.200221Z[0m [34mDEBUG[0m [2methereum_transaction_pool_monitor::mempool_monitor[0m[2m:[0m 📨 Processing new pending transaction: 0xe60ef75156c10c57bbf844b75031dd5a912763ade91585f510bfa32a7a7b082a
[2m2025-12-10T10:12:04.200224Z[0m [34mDEBUG[0m [2methereum_transaction_pool_monitor::mempool_monitor[0m[2m:[0m 🔍 Fetching transaction details for: 0xe60ef75156c10c57bbf844b75031dd5a912763ade91585f510bfa32a7a7b082a
[2m2025-12-10T10:12:04.200227Z[0m [34mDEBUG[0m [2methereum_transaction_pool_monitor::eth_client[0m[2m:[0m 🔍 Fetching transaction details for hash: 0xe60ef75156c10c57bbf844b75031dd5a912763ade91585f510bfa32a7a7b082a
[2m2025-12-10T10:12:04.200234Z[0m [34mDEBUG[0m [2mhyper::client::pool[0m[2m:[0m reuse idle connection for ("http", 192.168.0.14:8545)
[2m2025-12-10T10:12:04.200247Z[0m [34mDEBUG[0m [2mhyper::proto::h1::io[0m[2m:[0m flushed 250 bytes
[2m2025-12-10T10:12:04.201879Z[0m [34mDEBUG[0m [2mhyper::proto::h1::io[0m[2m:[0m parsed 4 headers
[2m2025-12-10T10:12:04.201898Z[0m [34mDEBUG[0m [2mhyper::proto::h1::conn[0m[2m:[0m incoming body is content-length (45 bytes)
[2m2025-12-10T10:12:04.201914Z[0m [34mDEBUG[0m [2mhyper::proto::h1::conn[0m[2m:[0m incoming body completed
[2m2025-12-10T10:12:04.201932Z[0m [34mDEBUG[0m [2mhyper::client::pool[0m[2m:[0m pooling idle connection for ("http", 192.168.0.14:8545)
[2m2025-12-10T10:12:04.204688Z[0m [34mDEBUG[0m [2mhyper::proto::h1::io[0m[2m:[0m parsed 4 headers
[2m2025-12-10T10:12:04.204695Z[0m [34mDEBUG[0m [2mhyper::proto::h1::conn[0m[2m:[0m incoming body is content-length (835 bytes)
[2m2025-12-10T10:12:04.204700Z[0m [34mDEBUG[0m [2mhyper::proto::h1::conn[0m[2m:[0m incoming body completed
[2m2025-12-10T10:12:04.204705Z[0m [34mDEBUG[0m [2mhyper::client::pool[0m[2m:[0m pooling idle connection for ("http", 192.168.0.14:8545)
[2m2025-12-10T10:12:04.204710Z[0m [34mDEBUG[0m [2methereum_transaction_pool_monitor::eth_client[0m[2m:[0m 📡 Transaction fetch RPC completed in 4.479042ms
[2m2025-12-10T10:12:04.204720Z[0m [34mDEBUG[0m [2methereum_transaction_pool_monitor::eth_client[0m[2m:[0m DeFi transaction detected - Address: 0xdac17f958d2ee523a2206206994597c13d831ec7, Type: Stablecoin, Value: 0 ETH, Gas: 0.22 Gwei
[2m2025-12-10T10:12:04.204730Z[0m [34mDEBUG[0m [2methereum_transaction_pool_monitor::eth_client[0m[2m:[0m ✅ Transaction 0xe60ef75156c10c57bbf844b75031dd5a912763ade91585f510bfa32a7a7b082a fetched and parsed in 4.499042ms
[2m2025-12-10T10:12:04.204735Z[0m [34mDEBUG[0m [2methereum_transaction_pool_monitor::mempool_monitor[0m[2m:[0m 🔍 Skipping tx 0xe60ef75156c10c57bbf844b75031dd5a912763ade91585f510bfa32a7a7b082a - not a DEX interaction (target: 0xdAC17F958D2ee523a2206206994597C13D831ec7)
[2m2025-12-10T10:12:04.204741Z[0m [34mDEBUG[0m [2methereum_transaction_pool_monitor::mempool_monitor[0m[2m:[0m 📨 Processing new pending transaction: 0xaba8e609995ab5b55488b61f691c21e17d04a867d1c69898337bf4ba2f992b69
[2m2025-12-10T10:12:04.204744Z[0m [34mDEBUG[0m [2methereum_transaction_pool_monitor::mempool_monitor[0m[2m:[0m 🔍 Fetching transaction details for: 0xaba8e609995ab5b55488b61f691c21e17d04a867d1c69898337bf4ba2f992b69
[2m2025-12-10T10:12:04.204748Z[0m [34mDEBUG[0m [2methereum_transaction_pool_monitor::eth_client[0m[2m:[0m 🔍 Fetching transaction details for hash: 0xaba8e609995ab5b55488b61f691c21e17d04a867d1c69898337bf4ba2f992b69
[2m2025-12-10T10:12:04.204755Z[0m [34mDEBUG[0m [2mhyper::client::pool[0m[2m:[0m reuse idle connection for ("http", 192.168.0.14:8545)
[2m2025-12-10T10:12:04.204774Z[0m [34mDEBUG[0m [2mhyper::proto::h1::io[0m[2m:[0m flushed 250 bytes
[2m2025-12-10T10:12:04.210629Z[0m [34mDEBUG[0m [2mhyper::proto::h1::io[0m[2m:[0m parsed 4 headers
[2m2025-12-10T10:12:04.210638Z[0m [34mDEBUG[0m [2mhyper::proto::h1::conn[0m[2m:[0m incoming body is content-length (646 bytes)
[2m2025-12-10T10:12:04.210644Z[0m [34mDEBUG[0m [2mhyper::proto::h1::conn[0m[2m:[0m incoming body completed
[2m2025-12-10T10:12:04.210651Z[0m [34mDEBUG[0m [2mhyper::client::pool[0m[2m:[0m pooling idle connection for ("http", 192.168.0.14:8545)
[2m2025-12-10T10:12:04.210657Z[0m [34mDEBUG[0m [2methereum_transaction_pool_monitor::eth_client[0m[2m:[0m 📡 Transaction fetch RPC completed in 5.905666ms
[2m2025-12-10T10:12:04.281024Z[0m [34mDEBUG[0m [2methereum_transaction_pool_monitor::eth_client[0m[2m:[0m ✅ Transaction 0xaba8e609995ab5b55488b61f691c21e17d04a867d1c69898337bf4ba2f992b69 fetched and parsed in 76.27175ms
[2m2025-12-10T10:12:04.281050Z[0m [34mDEBUG[0m [2methereum_transaction_pool_monitor::mempool_monitor[0m[2m:[0m 🔍 Skipping tx 0xaba8e609995ab5b55488b61f691c21e17d04a867d1c69898337bf4ba2f992b69 - not a DEX interaction (target: 0xd2674dA94285660c9b2353131bef2d8211369A4B)
[2m2025-12-10T10:12:04.281059Z[0m [34mDEBUG[0m [2methereum_transaction_pool_monitor::mempool_monitor[0m[2m:[0m 📨 Processing new pending transaction: 0x0ed04bf9719090c73dc46c8d59e76f911324439861e522e74fab64e16ff93f0a
[2m2025-12-10T10:12:04.281065Z[0m [34mDEBUG[0m [2methereum_transaction_pool_monitor::mempool_monitor[0m[2m:[0m 🔍 Fetching transaction details for: 0x0ed04bf9719090c73dc46c8d59e76f911324439861e522e74fab64e16ff93f0a
[2m2025-12-10T10:12:04.281069Z[0m [34mDEBUG[0m [2methereum_transaction_pool_monitor::eth_client[0m[2m:[0m 🔍 Fetching transaction details for hash: 0x0ed04bf9719090c73dc46c8d59e76f911324439861e522e74fab64e16ff93f0a
[2m2025-12-10T10:12:04.281087Z[0m [34mDEBUG[0m [2mhyper::client::pool[0m[2m:[0m reuse idle connection for ("http", 192.168.0.14:8545)
[2m2025-12-10T10:12:04.281128Z[0m [34mDEBUG[0m [2mhyper::proto::h1::io[0m[2m:[0m flushed 250 bytes
[2m2025-12-10T10:12:04.281149Z[0m [34mDEBUG[0m [2methereum_transaction_pool_monitor::eth_client[0m[2m:[0m 📨 Received WebSocket message: {"jsonrpc":"2.0","method":"eth_subscription","params":{"subscription":"0xbed0a0851463e895960a451075a301a9","result":"0x80a71eb38ccbb226c316f0c705f1a8b1bfb7d1b4d2b9ccc3481adfe8a579afd1"}}
[2m2025-12-10T10:12:04.281156Z[0m [34mDEBUG[0m [2methereum_transaction_pool_monitor::eth_client[0m[2m:[0m 📨 Received pending transaction: 0x80a71eb38ccbb226c316f0c705f1a8b1bfb7d1b4d2b9ccc3481adfe8a579afd1
[2m2025-12-10T10:12:04.281162Z[0m [34mDEBUG[0m [2methereum_transaction_pool_monitor::eth_client[0m[2m:[0m 📨 Received WebSocket message: {"jsonrpc":"2.0","method":"eth_subscription","params":{"subscription":"0xbed0a0851463e895960a451075a301a9","result":"0x1e7ec24174946be36e5cc6907c56c1f19253213e952863230458b6ced580f2b0"}}
[2m2025-12-10T10:12:04.281167Z[0m [34mDEBUG[0m [2methereum_transaction_pool_monitor::eth_client[0m[2m:[0m 📨 Received pending transaction: 0x1e7ec24174946be36e5cc6907c56c1f19253213e952863230458b6ced580f2b0
[2m2025-12-10T10:12:04.287571Z[0m [34mDEBUG[0m [2mhyper::proto::h1::io[0m[2m:[0m parsed 4 headers
[2m2025-12-10T10:12:04.287597Z[0m [34mDEBUG[0m [2mhyper::proto::h1::conn[0m[2m:[0m incoming body is content-length (680 bytes)
[2m2025-12-10T10:12:04.287617Z[0m [34mDEBUG[0m [2mhyper::proto::h1::conn[0m[2m:[0m incoming body completed
[2m2025-12-10T10:12:04.287628Z[0m [34mDEBUG[0m [2mhyper::client::pool[0m[2m:[0m pooling idle connection for ("http", 192.168.0.14:8545)
[2m2025-12-10T10:12:04.287638Z[0m [34mDEBUG[0m [2methereum_transaction_pool_monitor::eth_client[0m[2m:[0m 📡 Transaction fetch RPC completed in 6.565375ms
[2m2025-12-10T10:12:04.359528Z[0m [34mDEBUG[0m [2methereum_transaction_pool_monitor::eth_client[0m[2m:[0m ✅ Transaction 0x0ed04bf9719090c73dc46c8d59e76f911324439861e522e74fab64e16ff93f0a fetched and parsed in 78.453292ms
[2m2025-12-10T10:12:04.359555Z[0m [34mDEBUG[0m [2methereum_transaction_pool_monitor::mempool_monitor[0m[2m:[0m 🔍 Skipping tx 0x0ed04bf9719090c73dc46c8d59e76f911324439861e522e74fab64e16ff93f0a - not a DEX interaction (target: 0x0D8775F648430679A709E98d2b0Cb6250d2887EF)
[2m2025-12-10T10:12:04.359572Z[0m [34mDEBUG[0m [2methereum_transaction_pool_monitor::mempool_monitor[0m[2m:[0m 📨 Processing new pending transaction: 0xa0748d6720f29ee7c9a07a7ac9556aa7f8d8ca296d8828d180fe8d6527dcc421
[2m2025-12-10T10:12:04.359667Z[0m [34mDEBUG[0m [2methereum_transaction_pool_monitor::mempool_monitor[0m[2m:[0m 🔍 Fetching transaction details for: 0xa0748d6720f29ee7c9a07a7ac9556aa7f8d8ca296d8828d180fe8d6527dcc421
[2m2025-12-10T10:12:04.359677Z[0m [34mDEBUG[0m [2methereum_transaction_pool_monitor::eth_client[0m[2m:[0m 🔍 Fetching transaction details for hash: 0xa0748d6720f29ee7c9a07a7ac9556aa7f8d8ca296d8828d180fe8d6527dcc421
[2m2025-12-10T10:12:04.359697Z[0m [34mDEBUG[0m [2mhyper::client::pool[0m[2m:[0m reuse idle connection for ("http", 192.168.0.14:8545)
[2m2025-12-10T10:12:04.359722Z[0m [34mDEBUG[0m [2mhyper::proto::h1::io[0m[2m:[0m flushed 250 bytes
[2m2025-12-10T10:12:04.359750Z[0m [34mDEBUG[0m [2mhyper::client::pool[0m[2m:[0m reuse idle connection for ("http", 192.168.0.14:8545)
[2m2025-12-10T10:12:04.359765Z[0m [34mDEBUG[0m [2mhyper::proto::h1::io[0m[2m:[0m flushed 172 bytes
[2m2025-12-10T10:12:04.365382Z[0m [34mDEBUG[0m [2mhyper::proto::h1::io[0m[2m:[0m parsed 4 headers
[2m2025-12-10T10:12:04.365394Z[0m [34mDEBUG[0m [2mhyper::proto::h1::conn[0m[2m:[0m incoming body is content-length (45 bytes)
[2m2025-12-10T10:12:04.365402Z[0m [34mDEBUG[0m [2mhyper::proto::h1::conn[0m[2m:[0m incoming body completed
[2m2025-12-10T10:12:04.365411Z[0m [34mDEBUG[0m [2mhyper::client::pool[0m[2m:[0m pooling idle connection for ("http", 192.168.0.14:8545)
[2m2025-12-10T10:12:04.365432Z[0m [34mDEBUG[0m [2mhyper::proto::h1::io[0m[2m:[0m parsed 4 headers
[2m2025-12-10T10:12:04.365436Z[0m [34mDEBUG[0m [2mhyper::proto::h1::conn[0m[2m:[0m incoming body is content-length (1731 bytes)
[2m2025-12-10T10:12:04.365440Z[0m [34mDEBUG[0m [2mhyper::proto::h1::conn[0m[2m:[0m incoming body completed
[2m2025-12-10T10:12:04.365445Z[0m [34mDEBUG[0m [2mhyper::client::pool[0m[2m:[0m pooling idle connection for ("http", 192.168.0.14:8545)
[2m2025-12-10T10:12:04.365451Z[0m [34mDEBUG[0m [2methereum_transaction_pool_monitor::eth_client[0m[2m:[0m 📡 Transaction fetch RPC completed in 5.768916ms
[2m2025-12-10T10:12:04.437581Z[0m [34mDEBUG[0m [2methereum_transaction_pool_monitor::eth_client[0m[2m:[0m ✅ Transaction 0xa0748d6720f29ee7c9a07a7ac9556aa7f8d8ca296d8828d180fe8d6527dcc421 fetched and parsed in 77.896583ms
[2m2025-12-10T10:12:04.437606Z[0m [34mDEBUG[0m [2methereum_transaction_pool_monitor::mempool_monitor[0m[2m:[0m 🔍 Skipping tx 0xa0748d6720f29ee7c9a07a7ac9556aa7f8d8ca296d8828d180fe8d6527dcc421 - not a DEX interaction (target: 0x601a2aD6CB5949f0529735254189Ba3194221EDF)
[2m2025-12-10T10:12:04.437616Z[0m [34mDEBUG[0m [2methereum_transaction_pool_monitor::mempool_monitor[0m[2m:[0m 📨 Processing new pending transaction: 0xc5b9227cab5c3cdced2b0761f3ee994213e30eb75a8869b962952081cf4cd18a
[2m2025-12-10T10:12:04.437622Z[0m [34mDEBUG[0m [2methereum_transaction_pool_monitor::mempool_monitor[0m[2m:[0m 🔍 Fetching transaction details for: 0xc5b9227cab5c3cdced2b0761f3ee994213e30eb75a8869b962952081cf4cd18a
[2m2025-12-10T10:12:04.437627Z[0m [34mDEBUG[0m [2methereum_transaction_pool_monitor::eth_client[0m[2m:[0m 🔍 Fetching transaction details for hash: 0xc5b9227cab5c3cdced2b0761f3ee994213e30eb75a8869b962952081cf4cd18a
[2m2025-12-10T10:12:04.437644Z[0m [34mDEBUG[0m [2mhyper::client::pool[0m[2m:[0m reuse idle connection for ("http", 192.168.0.14:8545)
[2m2025-12-10T10:12:04.437673Z[0m [34mDEBUG[0m [2mhyper::proto::h1::io[0m[2m:[0m flushed 250 bytes
[2m2025-12-10T10:12:04.437700Z[0m [34mDEBUG[0m [2mhyper::client::pool[0m[2m:[0m reuse idle connection for ("http", 192.168.0.14:8545)
[2m2025-12-10T10:12:04.437714Z[0m [34mDEBUG[0m [2mhyper::proto::h1::io[0m[2m:[0m flushed 172 bytes
[2m2025-12-10T10:12:04.442143Z[0m [34mDEBUG[0m [2mhyper::proto::h1::io[0m[2m:[0m parsed 4 headers
[2m2025-12-10T10:12:04.442149Z[0m [34mDEBUG[0m [2mhyper::proto::h1::conn[0m[2m:[0m incoming body is content-length (679 bytes)
[2m2025-12-10T10:12:04.442155Z[0m [34mDEBUG[0m [2mhyper::proto::h1::conn[0m[2m:[0m incoming body completed
[2m2025-12-10T10:12:04.442162Z[0m [34mDEBUG[0m [2mhyper::client::pool[0m[2m:[0m pooling idle connection for ("http", 192.168.0.14:8545)
[2m2025-12-10T10:12:04.442167Z[0m [34mDEBUG[0m [2methereum_transaction_pool_monitor::eth_client[0m[2m:[0m 📡 Transaction fetch RPC completed in 4.5365ms
[2m2025-12-10T10:12:04.513658Z[0m [34mDEBUG[0m [2methereum_transaction_pool_monitor::eth_client[0m[2m:[0m ✅ Transaction 0xc5b9227cab5c3cdced2b0761f3ee994213e30eb75a8869b962952081cf4cd18a fetched and parsed in 76.024708ms
[2m2025-12-10T10:12:04.513681Z[0m [34mDEBUG[0m [2methereum_transaction_pool_monitor::mempool_monitor[0m[2m:[0m 🔍 Skipping tx 0xc5b9227cab5c3cdced2b0761f3ee994213e30eb75a8869b962952081cf4cd18a - not a DEX interaction (target: 0xB685760EBD368a891F27ae547391F4E2A289895b)
[2m2025-12-10T10:12:04.513690Z[0m [34mDEBUG[0m [2methereum_transaction_pool_monitor::mempool_monitor[0m[2m:[0m 📨 Processing new pending transaction: 0x4c25f85816788f039688af7ae71b6903dda5b7489c15c7c5a49cb218dbcb92c8
[2m2025-12-10T10:12:04.513696Z[0m [34mDEBUG[0m [2methereum_transaction_pool_monitor::mempool_monitor[0m[2m:[0m 🔍 Fetching transaction details for: 0x4c25f85816788f039688af7ae71b6903dda5b7489c15c7c5a49cb218dbcb92c8
[2m2025-12-10T10:12:04.513700Z[0m [34mDEBUG[0m [2methereum_transaction_pool_monitor::eth_client[0m[2m:[0m 🔍 Fetching transaction details for hash: 0x4c25f85816788f039688af7ae71b6903dda5b7489c15c7c5a49cb218dbcb92c8
[2m2025-12-10T10:12:04.513717Z[0m [34mDEBUG[0m [2mhyper::client::pool[0m[2m:[0m reuse idle connection for ("http", 192.168.0.14:8545)
[2m2025-12-10T10:12:04.513752Z[0m [34mDEBUG[0m [2mhyper::proto::h1::io[0m[2m:[0m flushed 250 bytes
[2m2025-12-10T10:12:04.513767Z[0m [34mDEBUG[0m [2mhyper::proto::h1::io[0m[2m:[0m parsed 4 headers
[2m2025-12-10T10:12:04.513772Z[0m [34mDEBUG[0m [2mhyper::proto::h1::conn[0m[2m:[0m incoming body is content-length (45 bytes)
[2m2025-12-10T10:12:04.513781Z[0m [34mDEBUG[0m [2mhyper::proto::h1::conn[0m[2m:[0m incoming body completed
[2m2025-12-10T10:12:04.513790Z[0m [34mDEBUG[0m [2mhyper::client::pool[0m[2m:[0m pooling idle connection for ("http", 192.168.0.14:8545)
[2m2025-12-10T10:12:04.513807Z[0m [34mDEBUG[0m [2mhyper::client::pool[0m[2m:[0m reuse idle connection for ("http", 192.168.0.14:8545)
[2m2025-12-10T10:12:04.513821Z[0m [34mDEBUG[0m [2mhyper::proto::h1::io[0m[2m:[0m flushed 172 bytes
[2m2025-12-10T10:12:04.518387Z[0m [34mDEBUG[0m [2mhyper::proto::h1::io[0m[2m:[0m parsed 4 headers
[2m2025-12-10T10:12:04.518397Z[0m [34mDEBUG[0m [2mhyper::proto::h1::conn[0m[2m:[0m incoming body is content-length (1029 bytes)
[2m2025-12-10T10:12:04.518403Z[0m [34mDEBUG[0m [2mhyper::proto::h1::conn[0m[2m:[0m incoming body completed
[2m2025-12-10T10:12:04.518411Z[0m [34mDEBUG[0m [2mhyper::client::pool[0m[2m:[0m pooling idle connection for ("http", 192.168.0.14:8545)
[2m2025-12-10T10:12:04.518416Z[0m [34mDEBUG[0m [2methereum_transaction_pool_monitor::eth_client[0m[2m:[0m 📡 Transaction fetch RPC completed in 4.71225ms
[2m2025-12-10T10:12:04.589511Z[0m [34mDEBUG[0m [2methereum_transaction_pool_monitor::eth_client[0m[2m:[0m ✅ Transaction 0x4c25f85816788f039688af7ae71b6903dda5b7489c15c7c5a49cb218dbcb92c8 fetched and parsed in 75.804875ms
[2m2025-12-10T10:12:04.589541Z[0m [34mDEBUG[0m [2methereum_transaction_pool_monitor::mempool_monitor[0m[2m:[0m 🔍 Skipping tx 0x4c25f85816788f039688af7ae71b6903dda5b7489c15c7c5a49cb218dbcb92c8 - not a DEX interaction (target: 0xc02Ab410f0734EFa3F14628780e6e695156024C2)
[2m2025-12-10T10:12:04.589554Z[0m [34mDEBUG[0m [2methereum_transaction_pool_monitor::mempool_monitor[0m[2m:[0m 📨 Processing new pending transaction: 0x052376715c003c3bf75459a7cc1462a4dcf70daa8d70aeed50b49a893b923fcb
[2m2025-12-10T10:12:04.589562Z[0m [34mDEBUG[0m [2methereum_transaction_pool_monitor::mempool_monitor[0m[2m:[0m 🔍 Fetching transaction details for: 0x052376715c003c3bf75459a7cc1462a4dcf70daa8d70aeed50b49a893b923fcb
[2m2025-12-10T10:12:04.589568Z[0m [34mDEBUG[0m [2methereum_transaction_pool_monitor::eth_client[0m[2m:[0m 🔍 Fetching transaction details for hash: 0x052376715c003c3bf75459a7cc1462a4dcf70daa8d70aeed50b49a893b923fcb
[2m2025-12-10T10:12:04.589588Z[0m [34mDEBUG[0m [2mhyper::client::pool[0m[2m:[0m reuse idle connection for ("http", 192.168.0.14:8545)
[2m2025-12-10T10:12:04.589624Z[0m [34mDEBUG[0m [2mhyper::proto::h1::io[0m[2m:[0m flushed 250 bytes
[2m2025-12-10T10:12:04.589650Z[0m [34mDEBUG[0m [2methereum_transaction_pool_monitor::eth_client[0m[2m:[0m 📨 Received WebSocket message: {"jsonrpc":"2.0","method":"eth_subscription","params":{"subscription":"0xbed0a0851463e895960a451075a301a9","result":"0xbe274279327bb870d7df4db7565301892025434c4b48dbf9537f711f689dcf5a"}}
[2m2025-12-10T10:12:04.589660Z[0m [34mDEBUG[0m [2methereum_transaction_pool_monitor::eth_client[0m[2m:[0m 📨 Received pending transaction: 0xbe274279327bb870d7df4db7565301892025434c4b48dbf9537f711f689dcf5a
[2m2025-12-10T10:12:04.589670Z[0m [34mDEBUG[0m [2methereum_transaction_pool_monitor::eth_client[0m[2m:[0m 📨 Received WebSocket message: {"jsonrpc":"2.0","method":"eth_subscription","params":{"subscription":"0xbed0a0851463e895960a451075a301a9","result":"0x5be761975c7e42e68907c8736e6261bd441404e722dfe6708c934f99768b5b70"}}
[2m2025-12-10T10:12:04.589677Z[0m [34mDEBUG[0m [2methereum_transaction_pool_monitor::eth_client[0m[2m:[0m 📨 Received pending transaction: 0x5be761975c7e42e68907c8736e6261bd441404e722dfe6708c934f99768b5b70
[2m2025-12-10T10:12:04.589715Z[0m [34mDEBUG[0m [2mhyper::proto::h1::io[0m[2m:[0m parsed 4 headers
[2m2025-12-10T10:12:04.589723Z[0m [34mDEBUG[0m [2mhyper::proto::h1::conn[0m[2m:[0m incoming body is content-length (45 bytes)
[2m2025-12-10T10:12:04.589733Z[0m [34mDEBUG[0m [2mhyper::proto::h1::conn[0m[2m:[0m incoming body completed
[2m2025-12-10T10:12:04.589743Z[0m [34mDEBUG[0m [2mhyper::client::pool[0m[2m:[0m pooling idle connection for ("http", 192.168.0.14:8545)
[2m2025-12-10T10:12:04.594148Z[0m [34mDEBUG[0m [2mhyper::proto::h1::io[0m[2m:[0m parsed 4 headers
[2m2025-12-10T10:12:04.594161Z[0m [34mDEBUG[0m [2mhyper::proto::h1::conn[0m[2m:[0m incoming body is content-length (1732 bytes)
[2m2025-12-10T10:12:04.594172Z[0m [34mDEBUG[0m [2methereum_transaction_pool_monitor::eth_client[0m[2m:[0m 📡 Transaction fetch RPC completed in 4.59775ms
[2m2025-12-10T10:12:04.595868Z[0m [34mDEBUG[0m [2mhyper::proto::h1::conn[0m[2m:[0m incoming body completed
[2m2025-12-10T10:12:04.595878Z[0m [34mDEBUG[0m [2mhyper::client::pool[0m[2m:[0m pooling idle connection for ("http", 192.168.0.14:8545)
[2m2025-12-10T10:12:04.597946Z[0m [34mDEBUG[0m [2mhyper::client::pool[0m[2m:[0m reuse idle connection for ("http", 192.168.0.14:8545)
[2m2025-12-10T10:12:04.597976Z[0m [34mDEBUG[0m [2mhyper::proto::h1::io[0m[2m:[0m flushed 172 bytes
[2m2025-12-10T10:12:04.601269Z[0m [34mDEBUG[0m [2mhyper::proto::h1::io[0m[2m:[0m parsed 4 headers
[2m2025-12-10T10:12:04.601273Z[0m [34mDEBUG[0m [2mhyper::proto::h1::conn[0m[2m:[0m incoming body is content-length (45 bytes)
[2m2025-12-10T10:12:04.601278Z[0m [34mDEBUG[0m [2mhyper::proto::h1::conn[0m[2m:[0m incoming body completed
[2m2025-12-10T10:12:04.601283Z[0m [34mDEBUG[0m [2mhyper::client::pool[0m[2m:[0m pooling idle connection for ("http", 192.168.0.14:8545)
[2m2025-12-10T10:12:04.602875Z[0m [34mDEBUG[0m [2methereum_transaction_pool_monitor::eth_client[0m[2m:[0m 📨 Received WebSocket message: {"jsonrpc":"2.0","method":"eth_subscription","params":{"subscription":"0xbed0a0851463e895960a451075a301a9","result":"0xbf9d1441a890bdeb05de5f01dc052a6b8e615b7bef6b28516f1b1ce56a4f6732"}}
[2m2025-12-10T10:12:04.602883Z[0m [34mDEBUG[0m [2methereum_transaction_pool_monitor::eth_client[0m[2m:[0m 📨 Received pending transaction: 0xbf9d1441a890bdeb05de5f01dc052a6b8e615b7bef6b28516f1b1ce56a4f6732
[2m2025-12-10T10:12:04.646117Z[0m [34mDEBUG[0m [2methereum_transaction_pool_monitor::eth_client[0m[2m:[0m 📨 Received WebSocket message: {"jsonrpc":"2.0","method":"eth_subscription","params":{"subscription":"0xbed0a0851463e895960a451075a301a9","result":"0xbeace1ed348b60995017234a8fb6747a5788d224812cbdc285334a6f92813769"}}
[2m2025-12-10T10:12:04.646142Z[0m [34mDEBUG[0m [2methereum_transaction_pool_monitor::eth_client[0m[2m:[0m 📨 Received pending transaction: 0xbeace1ed348b60995017234a8fb6747a5788d224812cbdc285334a6f92813769
[2m2025-12-10T10:12:04.668269Z[0m [34mDEBUG[0m [2methereum_transaction_pool_monitor::eth_client[0m[2m:[0m ✅ Transaction 0x052376715c003c3bf75459a7cc1462a4dcf70daa8d70aeed50b49a893b923fcb fetched and parsed in 78.692916ms
[2m2025-12-10T10:12:04.668293Z[0m [34mDEBUG[0m [2methereum_transaction_pool_monitor::mempool_monitor[0m[2m:[0m 🔍 Skipping tx 0x052376715c003c3bf75459a7cc1462a4dcf70daa8d70aeed50b49a893b923fcb - not a DEX interaction (target: 0x601a2aD6CB5949f0529735254189Ba3194221EDF)
[2m2025-12-10T10:12:04.668303Z[0m [34mDEBUG[0m [2methereum_transaction_pool_monitor::mempool_monitor[0m[2m:[0m 📨 Processing new pending transaction: 0x70e91673ed88b5fc5b3aac0eeb5cb0ea17f39f0e5058fcad9fdf2402fdcf0a80
[2m2025-12-10T10:12:04.668309Z[0m [34mDEBUG[0m [2methereum_transaction_pool_monitor::mempool_monitor[0m[2m:[0m 🔍 Fetching transaction details for: 0x70e91673ed88b5fc5b3aac0eeb5cb0ea17f39f0e5058fcad9fdf2402fdcf0a80
[2m2025-12-10T10:12:04.668313Z[0m [34mDEBUG[0m [2methereum_transaction_pool_monitor::eth_client[0m[2m:[0m 🔍 Fetching transaction details for hash: 0x70e91673ed88b5fc5b3aac0eeb5cb0ea17f39f0e5058fcad9fdf2402fdcf0a80
[2m2025-12-10T10:12:04.668329Z[0m [34mDEBUG[0m [2mhyper::client::pool[0m[2m:[0m reuse idle connection for ("http", 192.168.0.14:8545)
[2m2025-12-10T10:12:04.668365Z[0m [34mDEBUG[0m [2mhyper::proto::h1::io[0m[2m:[0m flushed 250 bytes
[2m2025-12-10T10:12:04.673640Z[0m [34mDEBUG[0m [2mhyper::proto::h1::io[0m[2m:[0m parsed 4 headers
[2m2025-12-10T10:12:04.673649Z[0m [34mDEBUG[0m [2mhyper::proto::h1::conn[0m[2m:[0m incoming body is content-length (768 bytes)
[2m2025-12-10T10:12:04.673657Z[0m [34mDEBUG[0m [2mhyper::proto::h1::conn[0m[2m:[0m incoming body completed
[2m2025-12-10T10:12:04.673666Z[0m [34mDEBUG[0m [2mhyper::client::pool[0m[2m:[0m pooling idle connection for ("http", 192.168.0.14:8545)
[2m2025-12-10T10:12:04.673673Z[0m [34mDEBUG[0m [2methereum_transaction_pool_monitor::eth_client[0m[2m:[0m 📡 Transaction fetch RPC completed in 5.356125ms
[2m2025-12-10T10:12:04.673686Z[0m [34mDEBUG[0m [2methereum_transaction_pool_monitor::eth_client[0m[2m:[0m DeFi transaction detected - Address: 0xdac17f958d2ee523a2206206994597c13d831ec7, Type: Stablecoin, Value: 0 ETH, Gas: 0.18 Gwei
[2m2025-12-10T10:12:04.673698Z[0m [34mDEBUG[0m [2methereum_transaction_pool_monitor::eth_client[0m[2m:[0m ✅ Transaction 0x70e91673ed88b5fc5b3aac0eeb5cb0ea17f39f0e5058fcad9fdf2402fdcf0a80 fetched and parsed in 5.381875ms
[2m2025-12-10T10:12:04.673704Z[0m [34mDEBUG[0m [2methereum_transaction_pool_monitor::mempool_monitor[0m[2m:[0m 🔍 Skipping tx 0x70e91673ed88b5fc5b3aac0eeb5cb0ea17f39f0e5058fcad9fdf2402fdcf0a80 - not a DEX interaction (target: 0xdAC17F958D2ee523a2206206994597C13D831ec7)
[2m2025-12-10T10:12:04.673710Z[0m [34mDEBUG[0m [2methereum_transaction_pool_monitor::mempool_monitor[0m[2m:[0m 📨 Processing new pending transaction: 0xd519eba8669032745d5ad3eb2bea318918f3ba85ecd104b4c3c2cd6156d26226
[2m2025-12-10T10:12:04.673718Z[0m [34mDEBUG[0m [2methereum_transaction_pool_monitor::mempool_monitor[0m[2m:[0m 🔍 Fetching transaction details for: 0xd519eba8669032745d5ad3eb2bea318918f3ba85ecd104b4c3c2cd6156d26226
[2m2025-12-10T10:12:04.673723Z[0m [34mDEBUG[0m [2methereum_transaction_pool_monitor::eth_client[0m[2m:[0m 🔍 Fetching transaction details for hash: 0xd519eba8669032745d5ad3eb2bea318918f3ba85ecd104b4c3c2cd6156d26226
[2m2025-12-10T10:12:04.673985Z[0m [34mDEBUG[0m [2mhyper::client::pool[0m[2m:[0m reuse idle connection for ("http", 192.168.0.14:8545)
[2m2025-12-10T10:12:04.674005Z[0m [34mDEBUG[0m [2mhyper::proto::h1::io[0m[2m:[0m flushed 250 bytes
[2m2025-12-10T10:12:04.678565Z[0m [34mDEBUG[0m [2mhyper::proto::h1::io[0m[2m:[0m parsed 4 headers
[2m2025-12-10T10:12:04.678575Z[0m [34mDEBUG[0m [2mhyper::proto::h1::conn[0m[2m:[0m incoming body is content-length (771 bytes)
[2m2025-12-10T10:12:04.678581Z[0m [34mDEBUG[0m [2mhyper::proto::h1::conn[0m[2m:[0m incoming body completed
[2m2025-12-10T10:12:04.678588Z[0m [34mDEBUG[0m [2mhyper::client::pool[0m[2m:[0m pooling idle connection for ("http", 192.168.0.14:8545)
[2m2025-12-10T10:12:04.678594Z[0m [34mDEBUG[0m [2methereum_transaction_pool_monitor::eth_client[0m[2m:[0m 📡 Transaction fetch RPC completed in 4.617875ms
[2m2025-12-10T10:12:04.678607Z[0m [34mDEBUG[0m [2methereum_transaction_pool_monitor::eth_client[0m[2m:[0m DeFi transaction detected - Address: 0xdac17f958d2ee523a2206206994597c13d831ec7, Type: Stablecoin, Value: 0 ETH, Gas: 1.93 Gwei
[2m2025-12-10T10:12:04.678617Z[0m [34mDEBUG[0m [2methereum_transaction_pool_monitor::eth_client[0m[2m:[0m ✅ Transaction 0xd519eba8669032745d5ad3eb2bea318918f3ba85ecd104b4c3c2cd6156d26226 fetched and parsed in 4.640959ms
[2m2025-12-10T10:12:04.678622Z[0m [34mDEBUG[0m [2methereum_transaction_pool_monitor::mempool_monitor[0m[2m:[0m 🔍 Skipping tx 0xd519eba8669032745d5ad3eb2bea318918f3ba85ecd104b4c3c2cd6156d26226 - not a DEX interaction (target: 0xdAC17F958D2ee523a2206206994597C13D831ec7)
[2m2025-12-10T10:12:04.678628Z[0m [34mDEBUG[0m [2methereum_transaction_pool_monitor::mempool_monitor[0m[2m:[0m 📨 Processing new pending transaction: 0xc134a93567b81acfb3942482d1fbe55f70a8b033a21278c19a9ea55d6e594066
[2m2025-12-10T10:12:04.678631Z[0m [34mDEBUG[0m [2methereum_transaction_pool_monitor::mempool_monitor[0m[2m:[0m 🔍 Fetching transaction details for: 0xc134a93567b81acfb3942482d1fbe55f70a8b033a21278c19a9ea55d6e594066
[2m2025-12-10T10:12:04.678635Z[0m [34mDEBUG[0m [2methereum_transaction_pool_monitor::eth_client[0m[2m:[0m 🔍 Fetching transaction details for hash: 0xc134a93567b81acfb3942482d1fbe55f70a8b033a21278c19a9ea55d6e594066
[2m2025-12-10T10:12:04.678644Z[0m [34mDEBUG[0m [2mhyper::client::pool[0m[2m:[0m reuse idle connection for ("http", 192.168.0.14:8545)
[2m2025-12-10T10:12:04.678664Z[0m [34mDEBUG[0m [2mhyper::proto::h1::io[0m[2m:[0m flushed 250 bytes
[2m2025-12-10T10:12:04.683627Z[0m [34mDEBUG[0m [2mhyper::proto::h1::io[0m[2m:[0m parsed 4 headers
[2m2025-12-10T10:12:04.683636Z[0m [34mDEBUG[0m [2mhyper::proto::h1::conn[0m[2m:[0m incoming body is content-length (2196 bytes)
[2m2025-12-10T10:12:04.683646Z[0m [34mDEBUG[0m [2methereum_transaction_pool_monitor::eth_client[0m[2m:[0m 📡 Transaction fetch RPC completed in 5.007333ms
[2m2025-12-10T10:12:04.684255Z[0m [34mDEBUG[0m [2mhyper::proto::h1::conn[0m[2m:[0m incoming body completed
[2m2025-12-10T10:12:04.684262Z[0m [34mDEBUG[0m [2mhyper::client::pool[0m[2m:[0m pooling idle connection for ("http", 192.168.0.14:8545)
[2m2025-12-10T10:12:04.699182Z[0m [34mDEBUG[0m [2mhyper::client::pool[0m[2m:[0m reuse idle connection for ("http", 192.168.0.14:8545)
[2m2025-12-10T10:12:04.699237Z[0m [34mDEBUG[0m [2mhyper::proto::h1::io[0m[2m:[0m flushed 172 bytes
[2m2025-12-10T10:12:04.702775Z[0m [34mDEBUG[0m [2mhyper::proto::h1::io[0m[2m:[0m parsed 4 headers
[2m2025-12-10T10:12:04.702783Z[0m [34mDEBUG[0m [2mhyper::proto::h1::conn[0m[2m:[0m incoming body is content-length (45 bytes)
[2m2025-12-10T10:12:04.702790Z[0m [34mDEBUG[0m [2mhyper::proto::h1::conn[0m[2m:[0m incoming body completed
[2m2025-12-10T10:12:04.702798Z[0m [34mDEBUG[0m [2mhyper::client::pool[0m[2m:[0m pooling idle connection for ("http", 192.168.0.14:8545)
[2m2025-12-10T10:12:04.756298Z[0m [34mDEBUG[0m [2methereum_transaction_pool_monitor::eth_client[0m[2m:[0m ✅ Transaction 0xc134a93567b81acfb3942482d1fbe55f70a8b033a21278c19a9ea55d6e594066 fetched and parsed in 77.657041ms
[2m2025-12-10T10:12:04.756324Z[0m [34mDEBUG[0m [2methereum_transaction_pool_monitor::mempool_monitor[0m[2m:[0m 🔍 Skipping tx 0xc134a93567b81acfb3942482d1fbe55f70a8b033a21278c19a9ea55d6e594066 - not a DEX interaction (target: 0x09c30cdCDd971423Cb3BA757a47d56C35D06D818)
[2m2025-12-10T10:12:04.756340Z[0m [34mDEBUG[0m [2methereum_transaction_pool_monitor::mempool_monitor[0m[2m:[0m 📨 Processing new pending transaction: 0xf74f1e18a8c57f1b3e0f4fc235490e24904288f07e747be100002db2303ac74e
[2m2025-12-10T10:12:04.756347Z[0m [34mDEBUG[0m [2methereum_transaction_pool_monitor::mempool_monitor[0m[2m:[0m 🔍 Fetching transaction details for: 0xf74f1e18a8c57f1b3e0f4fc235490e24904288f07e747be100002db2303ac74e
[2m2025-12-10T10:12:04.756352Z[0m [34mDEBUG[0m [2methereum_transaction_pool_monitor::eth_client[0m[2m:[0m 🔍 Fetching transaction details for hash: 0xf74f1e18a8c57f1b3e0f4fc235490e24904288f07e747be100002db2303ac74e
[2m2025-12-10T10:12:04.756374Z[0m [34mDEBUG[0m [2mhyper::client::pool[0m[2m:[0m reuse idle connection for ("http", 192.168.0.14:8545)
[2m2025-12-10T10:12:04.756401Z[0m [34mDEBUG[0m [2mhyper::proto::h1::io[0m[2m:[0m flushed 250 bytes
[2m2025-12-10T10:12:04.760006Z[0m [34mDEBUG[0m [2mhyper::proto::h1::io[0m[2m:[0m parsed 4 headers
[2m2025-12-10T10:12:04.760013Z[0m [34mDEBUG[0m [2mhyper::proto::h1::conn[0m[2m:[0m incoming body is content-length (768 bytes)
[2m2025-12-10T10:12:04.760020Z[0m [34mDEBUG[0m [2mhyper::proto::h1::conn[0m[2m:[0m incoming body completed
[2m2025-12-10T10:12:04.760027Z[0m [34mDEBUG[0m [2mhyper::client::pool[0m[2m:[0m pooling idle connection for ("http", 192.168.0.14:8545)
[2m2025-12-10T10:12:04.760032Z[0m [34mDEBUG[0m [2methereum_transaction_pool_monitor::eth_client[0m[2m:[0m 📡 Transaction fetch RPC completed in 3.671333ms
[2m2025-12-10T10:12:04.831655Z[0m [34mDEBUG[0m [2methereum_transaction_pool_monitor::eth_client[0m[2m:[0m ✅ Transaction 0xf74f1e18a8c57f1b3e0f4fc235490e24904288f07e747be100002db2303ac74e fetched and parsed in 75.29225ms
[2m2025-12-10T10:12:04.831680Z[0m [34mDEBUG[0m [2methereum_transaction_pool_monitor::mempool_monitor[0m[2m:[0m 🔍 Skipping tx 0xf74f1e18a8c57f1b3e0f4fc235490e24904288f07e747be100002db2303ac74e - not a DEX interaction (target: 0xA0b86991c6218b36c1d19D4a2e9Eb0cE3606eB48)
[2m2025-12-10T10:12:04.831690Z[0m [34mDEBUG[0m [2methereum_transaction_pool_monitor::mempool_monitor[0m[2m:[0m 📨 Processing new pending transaction: 0x7026b8b3883288d59cb924408e838aa0ca9ee7ae891072a41579030eeedb435d
[2m2025-12-10T10:12:04.831695Z[0m [34mDEBUG[0m [2methereum_transaction_pool_monitor::mempool_monitor[0m[2m:[0m 🔍 Fetching transaction details for: 0x7026b8b3883288d59cb924408e838aa0ca9ee7ae891072a41579030eeedb435d
[2m2025-12-10T10:12:04.831699Z[0m [34mDEBUG[0m [2methereum_transaction_pool_monitor::eth_client[0m[2m:[0m 🔍 Fetching transaction details for hash: 0x7026b8b3883288d59cb924408e838aa0ca9ee7ae891072a41579030eeedb435d
[2m2025-12-10T10:12:04.831716Z[0m [34mDEBUG[0m [2mhyper::client::pool[0m[2m:[0m reuse idle connection for ("http", 192.168.0.14:8545)
[2m2025-12-10T10:12:04.831753Z[0m [34mDEBUG[0m [2mhyper::proto::h1::io[0m[2m:[0m flushed 250 bytes
[2m2025-12-10T10:12:04.831780Z[0m [34mDEBUG[0m [2mhyper::client::pool[0m[2m:[0m reuse idle connection for ("http", 192.168.0.14:8545)
[2m2025-12-10T10:12:04.831792Z[0m [34mDEBUG[0m [2mhyper::proto::h1::io[0m[2m:[0m flushed 172 bytes
[2m2025-12-10T10:12:04.836489Z[0m [34mDEBUG[0m [2mhyper::proto::h1::io[0m[2m:[0m parsed 4 headers
[2m2025-12-10T10:12:04.836501Z[0m [34mDEBUG[0m [2mhyper::proto::h1::conn[0m[2m:[0m incoming body is content-length (45 bytes)
[2m2025-12-10T10:12:04.836507Z[0m [34mDEBUG[0m [2mhyper::proto::h1::conn[0m[2m:[0m incoming body completed
[2m2025-12-10T10:12:04.836515Z[0m [34mDEBUG[0m [2mhyper::client::pool[0m[2m:[0m pooling idle connection for ("http", 192.168.0.14:8545)
[2m2025-12-10T10:12:04.837081Z[0m [34mDEBUG[0m [2mhyper::proto::h1::io[0m[2m:[0m parsed 4 headers
[2m2025-12-10T10:12:04.837087Z[0m [34mDEBUG[0m [2mhyper::proto::h1::conn[0m[2m:[0m incoming body is content-length (3792 bytes)
[2m2025-12-10T10:12:04.837092Z[0m [34mDEBUG[0m [2mhyper::proto::h1::conn[0m[2m:[0m incoming body completed
[2m2025-12-10T10:12:04.837098Z[0m [34mDEBUG[0m [2mhyper::client::pool[0m[2m:[0m pooling idle connection for ("http", 192.168.0.14:8545)
[2m2025-12-10T10:12:04.837103Z[0m [34mDEBUG[0m [2methereum_transaction_pool_monitor::eth_client[0m[2m:[0m 📡 Transaction fetch RPC completed in 5.39975ms
[2m2025-12-10T10:12:04.908700Z[0m [34mDEBUG[0m [2methereum_transaction_pool_monitor::eth_client[0m[2m:[0m ✅ Transaction 0x7026b8b3883288d59cb924408e838aa0ca9ee7ae891072a41579030eeedb435d fetched and parsed in 76.993916ms
[2m2025-12-10T10:12:04.908722Z[0m [34mDEBUG[0m [2methereum_transaction_pool_monitor::mempool_monitor[0m[2m:[0m 🔍 Skipping tx 0x7026b8b3883288d59cb924408e838aa0ca9ee7ae891072a41579030eeedb435d - not a DEX interaction (target: 0x1231DEB6f5749EF6cE6943a275A1D3E7486F4EaE)
[2m2025-12-10T10:12:04.908732Z[0m [34mDEBUG[0m [2methereum_transaction_pool_monitor::mempool_monitor[0m[2m:[0m 📨 Processing new pending transaction: 0x80a71eb38ccbb226c316f0c705f1a8b1bfb7d1b4d2b9ccc3481adfe8a579afd1
[2m2025-12-10T10:12:04.908738Z[0m [34mDEBUG[0m [2methereum_transaction_pool_monitor::mempool_monitor[0m[2m:[0m 🔍 Fetching transaction details for: 0x80a71eb38ccbb226c316f0c705f1a8b1bfb7d1b4d2b9ccc3481adfe8a579afd1
[2m2025-12-10T10:12:04.908742Z[0m [34mDEBUG[0m [2methereum_transaction_pool_monitor::eth_client[0m[2m:[0m 🔍 Fetching transaction details for hash: 0x80a71eb38ccbb226c316f0c705f1a8b1bfb7d1b4d2b9ccc3481adfe8a579afd1
[2m2025-12-10T10:12:04.908758Z[0m [34mDEBUG[0m [2mhyper::client::pool[0m[2m:[0m reuse idle connection for ("http", 192.168.0.14:8545)
[2m2025-12-10T10:12:04.908787Z[0m [34mDEBUG[0m [2mhyper::proto::h1::io[0m[2m:[0m flushed 250 bytes
[2m2025-12-10T10:12:04.908805Z[0m [34mDEBUG[0m [2mhyper::client::pool[0m[2m:[0m reuse idle connection for ("http", 192.168.0.14:8545)
[2m2025-12-10T10:12:04.908817Z[0m [34mDEBUG[0m [2methereum_transaction_pool_monitor::eth_client[0m[2m:[0m 📨 Received WebSocket message: {"jsonrpc":"2.0","method":"eth_subscription","params":{"subscription":"0xbed0a0851463e895960a451075a301a9","result":"0x770ad5ab4227de77e0146ae95c507b632d426ff406b9a202ff7fdeb77a8afb63"}}
[2m2025-12-10T10:12:04.908818Z[0m [34mDEBUG[0m [2mhyper::proto::h1::io[0m[2m:[0m flushed 172 bytes
[2m2025-12-10T10:12:04.908830Z[0m [34mDEBUG[0m [2methereum_transaction_pool_monitor::eth_client[0m[2m:[0m 📨 Received pending transaction: 0x770ad5ab4227de77e0146ae95c507b632d426ff406b9a202ff7fdeb77a8afb63
[2m2025-12-10T10:12:04.908836Z[0m [34mDEBUG[0m [2methereum_transaction_pool_monitor::eth_client[0m[2m:[0m 📨 Received WebSocket message: {"jsonrpc":"2.0","method":"eth_subscription","params":{"subscription":"0xbed0a0851463e895960a451075a301a9","result":"0x01907ed612abe08af99751aee578c35817075fb603212babf2d778e95317983e"}}
[2m2025-12-10T10:12:04.908841Z[0m [34mDEBUG[0m [2methereum_transaction_pool_monitor::eth_client[0m[2m:[0m 📨 Received pending transaction: 0x01907ed612abe08af99751aee578c35817075fb603212babf2d778e95317983e
[2m2025-12-10T10:12:04.908845Z[0m [34mDEBUG[0m [2methereum_transaction_pool_monitor::eth_client[0m[2m:[0m 📨 Received WebSocket message: {"jsonrpc":"2.0","method":"eth_subscription","params":{"subscription":"0xbed0a0851463e895960a451075a301a9","result":"0xa1e35caee66fc588df142e2939d606cb8106d5e1957a19ed7f9cdefd5744923a"}}
[2m2025-12-10T10:12:04.908849Z[0m [34mDEBUG[0m [2methereum_transaction_pool_monitor::eth_client[0m[2m:[0m 📨 Received pending transaction: 0xa1e35caee66fc588df142e2939d606cb8106d5e1957a19ed7f9cdefd5744923a
[2m2025-12-10T10:12:04.908853Z[0m [34mDEBUG[0m [2methereum_transaction_pool_monitor::eth_client[0m[2m:[0m 📨 Received WebSocket message: {"jsonrpc":"2.0","method":"eth_subscription","params":{"subscription":"0xbed0a0851463e895960a451075a301a9","result":"0x24cf121f1435f684cb21d0c65d36341273addbf56821ec3913032a2d65d6cc62"}}
[2m2025-12-10T10:12:04.908857Z[0m [34mDEBUG[0m [2methereum_transaction_pool_monitor::eth_client[0m[2m:[0m 📨 Received pending transaction: 0x24cf121f1435f684cb21d0c65d36341273addbf56821ec3913032a2d65d6cc62
[2m2025-12-10T10:12:04.912141Z[0m [34mDEBUG[0m [2mhyper::proto::h1::io[0m[2m:[0m parsed 4 headers
[2m2025-12-10T10:12:04.912149Z[0m [34mDEBUG[0m [2mhyper::proto::h1::conn[0m[2m:[0m incoming body is content-length (45 bytes)
[2m2025-12-10T10:12:04.912159Z[0m [34mDEBUG[0m [2mhyper::proto::h1::conn[0m[2m:[0m incoming body completed
[2m2025-12-10T10:12:04.912171Z[0m [34mDEBUG[0m [2mhyper::client::pool[0m[2m:[0m pooling idle connection for ("http", 192.168.0.14:8545)
[2m2025-12-10T10:12:04.915647Z[0m [34mDEBUG[0m [2methereum_transaction_pool_monitor::eth_client[0m[2m:[0m 📨 Received WebSocket message: {"jsonrpc":"2.0","method":"eth_subscription","params":{"subscription":"0xbed0a0851463e895960a451075a301a9","result":"0x79fed8fcc97aedd247bc6ccc40454eb4ca51ac38e936fb5ddba4a9b354acb53b"}}
[2m2025-12-10T10:12:04.915676Z[0m [34mDEBUG[0m [2methereum_transaction_pool_monitor::eth_client[0m[2m:[0m 📨 Received pending transaction: 0x79fed8fcc97aedd247bc6ccc40454eb4ca51ac38e936fb5ddba4a9b354acb53b
[2m2025-12-10T10:12:04.917376Z[0m [34mDEBUG[0m [2mhyper::proto::h1::io[0m[2m:[0m parsed 4 headers
[2m2025-12-10T10:12:04.917396Z[0m [34mDEBUG[0m [2mhyper::proto::h1::conn[0m[2m:[0m incoming body is content-length (771 bytes)
[2m2025-12-10T10:12:04.917413Z[0m [34mDEBUG[0m [2mhyper::proto::h1::conn[0m[2m:[0m incoming body completed
[2m2025-12-10T10:12:04.917432Z[0m [34mDEBUG[0m [2mhyper::client::pool[0m[2m:[0m pooling idle connection for ("http", 192.168.0.14:8545)
[2m2025-12-10T10:12:04.917437Z[0m [34mDEBUG[0m [2methereum_transaction_pool_monitor::eth_client[0m[2m:[0m 📡 Transaction fetch RPC completed in 8.691042ms
[2m2025-12-10T10:12:04.917462Z[0m [34mDEBUG[0m [2methereum_transaction_pool_monitor::eth_client[0m[2m:[0m DeFi transaction detected - Address: 0xdac17f958d2ee523a2206206994597c13d831ec7, Type: Stablecoin, Value: 0 ETH, Gas: 0.66 Gwei
[2m2025-12-10T10:12:04.917474Z[0m [34mDEBUG[0m [2methereum_transaction_pool_monitor::eth_client[0m[2m:[0m ✅ Transaction 0x80a71eb38ccbb226c316f0c705f1a8b1bfb7d1b4d2b9ccc3481adfe8a579afd1 fetched and parsed in 8.728ms
[2m2025-12-10T10:12:04.917479Z[0m [34mDEBUG[0m [2methereum_transaction_pool_monitor::mempool_monitor[0m[2m:[0m 🔍 Skipping tx 0x80a71eb38ccbb226c316f0c705f1a8b1bfb7d1b4d2b9ccc3481adfe8a579afd1 - not a DEX interaction (target: 0xdAC17F958D2ee523a2206206994597C13D831ec7)
[2m2025-12-10T10:12:04.917490Z[0m [34mDEBUG[0m [2methereum_transaction_pool_monitor::mempool_monitor[0m[2m:[0m 📨 Processing new pending transaction: 0x1e7ec24174946be36e5cc6907c56c1f19253213e952863230458b6ced580f2b0
[2m2025-12-10T10:12:04.917493Z[0m [34mDEBUG[0m [2methereum_transaction_pool_monitor::mempool_monitor[0m[2m:[0m 🔍 Fetching transaction details for: 0x1e7ec24174946be36e5cc6907c56c1f19253213e952863230458b6ced580f2b0
[2m2025-12-10T10:12:04.917496Z[0m [34mDEBUG[0m [2methereum_transaction_pool_monitor::eth_client[0m[2m:[0m 🔍 Fetching transaction details for hash: 0x1e7ec24174946be36e5cc6907c56c1f19253213e952863230458b6ced580f2b0
[2m2025-12-10T10:12:04.917506Z[0m [34mDEBUG[0m [2mhyper::client::pool[0m[2m:[0m reuse idle connection for ("http", 192.168.0.14:8545)
[2m2025-12-10T10:12:04.917519Z[0m [34mDEBUG[0m [2mhyper::proto::h1::io[0m[2m:[0m flushed 250 bytes
[2m2025-12-10T10:12:04.923055Z[0m [34mDEBUG[0m [2mhyper::proto::h1::io[0m[2m:[0m parsed 4 headers
[2m2025-12-10T10:12:04.923074Z[0m [34mDEBUG[0m [2mhyper::proto::h1::conn[0m[2m:[0m incoming body is content-length (830 bytes)
[2m2025-12-10T10:12:04.923398Z[0m [34mDEBUG[0m [2mhyper::proto::h1::conn[0m[2m:[0m incoming body completed
[2m2025-12-10T10:12:04.923404Z[0m [34mDEBUG[0m [2mhyper::client::pool[0m[2m:[0m pooling idle connection for ("http", 192.168.0.14:8545)
[2m2025-12-10T10:12:04.923408Z[0m [34mDEBUG[0m [2methereum_transaction_pool_monitor::eth_client[0m[2m:[0m 📡 Transaction fetch RPC completed in 5.905083ms
[2m2025-12-10T10:12:04.995718Z[0m [34mDEBUG[0m [2methereum_transaction_pool_monitor::eth_client[0m[2m:[0m ✅ Transaction 0x1e7ec24174946be36e5cc6907c56c1f19253213e952863230458b6ced580f2b0 fetched and parsed in 78.212792ms
[2m2025-12-10T10:12:04.995744Z[0m [34mDEBUG[0m [2methereum_transaction_pool_monitor::mempool_monitor[0m[2m:[0m 🔍 Skipping tx 0x1e7ec24174946be36e5cc6907c56c1f19253213e952863230458b6ced580f2b0 - not a DEX interaction (target: 0x3B4D794a66304F130a4Db8F2551B0070dfCf5ca7)
[2m2025-12-10T10:12:04.995754Z[0m [34mDEBUG[0m [2methereum_transaction_pool_monitor::mempool_monitor[0m[2m:[0m 📨 Processing new pending transaction: 0xbe274279327bb870d7df4db7565301892025434c4b48dbf9537f711f689dcf5a
[2m2025-12-10T10:12:04.995759Z[0m [34mDEBUG[0m [2methereum_transaction_pool_monitor::mempool_monitor[0m[2m:[0m 🔍 Fetching transaction details for: 0xbe274279327bb870d7df4db7565301892025434c4b48dbf9537f711f689dcf5a
[2m2025-12-10T10:12:04.995764Z[0m [34mDEBUG[0m [2methereum_transaction_pool_monitor::eth_client[0m[2m:[0m 🔍 Fetching transaction details for hash: 0xbe274279327bb870d7df4db7565301892025434c4b48dbf9537f711f689dcf5a
[2m2025-12-10T10:12:04.995782Z[0m [34mDEBUG[0m [2mhyper::client::pool[0m[2m:[0m reuse idle connection for ("http", 192.168.0.14:8545)
[2m2025-12-10T10:12:04.995819Z[0m [34mDEBUG[0m [2mhyper::proto::h1::io[0m[2m:[0m flushed 250 bytes
[2m2025-12-10T10:12:04.998383Z[0m [34mDEBUG[0m [2mhyper::client::pool[0m[2m:[0m reuse idle connection for ("http", 192.168.0.14:8545)
[2m2025-12-10T10:12:04.998432Z[0m [34mDEBUG[0m [2mhyper::proto::h1::io[0m[2m:[0m flushed 172 bytes
[2m2025-12-10T10:12:05.003951Z[0m [34mDEBUG[0m [2methereum_transaction_pool_monitor::eth_client[0m[2m:[0m 📨 Received WebSocket message: {"jsonrpc":"2.0","method":"eth_subscription","params":{"subscription":"0xbed0a0851463e895960a451075a301a9","result":"0xfe7c735faaa372c0b2ed690e446ab52c7050544041f34c6291ad19ee9fb0cca3"}}
[2m2025-12-10T10:12:05.003957Z[0m [34mDEBUG[0m [2mhyper::proto::h1::io[0m[2m:[0m parsed 4 headers
[2m2025-12-10T10:12:05.003981Z[0m [34mDEBUG[0m [2methereum_transaction_pool_monitor::eth_client[0m[2m:[0m 📨 Received pending transaction: 0xfe7c735faaa372c0b2ed690e446ab52c7050544041f34c6291ad19ee9fb0cca3
[2m2025-12-10T10:12:05.003982Z[0m [34mDEBUG[0m [2mhyper::proto::h1::io[0m[2m:[0m parsed 4 headers
[2m2025-12-10T10:12:05.003984Z[0m [34mDEBUG[0m [2mhyper::proto::h1::conn[0m[2m:[0m incoming body is content-length (830 bytes)
[2m2025-12-10T10:12:05.003993Z[0m [34mDEBUG[0m [2mhyper::proto::h1::conn[0m[2m:[0m incoming body is content-length (45 bytes)
[2m2025-12-10T10:12:05.004031Z[0m [34mDEBUG[0m [2mhyper::proto::h1::conn[0m[2m:[0m incoming body completed
[2m2025-12-10T10:12:05.004033Z[0m [34mDEBUG[0m [2mhyper::proto::h1::conn[0m[2m:[0m incoming body completed
[2m2025-12-10T10:12:05.004044Z[0m [34mDEBUG[0m [2mhyper::client::pool[0m[2m:[0m pooling idle connection for ("http", 192.168.0.14:8545)
[2m2025-12-10T10:12:05.004045Z[0m [34mDEBUG[0m [2mhyper::client::pool[0m[2m:[0m pooling idle connection for ("http", 192.168.0.14:8545)
[2m2025-12-10T10:12:05.004052Z[0m [34mDEBUG[0m [2methereum_transaction_pool_monitor::eth_client[0m[2m:[0m 📡 Transaction fetch RPC completed in 8.2845ms
[2m2025-12-10T10:12:05.075593Z[0m [34mDEBUG[0m [2methereum_transaction_pool_monitor::eth_client[0m[2m:[0m ✅ Transaction 0xbe274279327bb870d7df4db7565301892025434c4b48dbf9537f711f689dcf5a fetched and parsed in 79.822667ms
[2m2025-12-10T10:12:05.075624Z[0m [34mDEBUG[0m [2methereum_transaction_pool_monitor::mempool_monitor[0m[2m:[0m 🔍 Skipping tx 0xbe274279327bb870d7df4db7565301892025434c4b48dbf9537f711f689dcf5a - not a DEX interaction (target: 0x3B4D794a66304F130a4Db8F2551B0070dfCf5ca7)
[2m2025-12-10T10:12:05.075634Z[0m [34mDEBUG[0m [2methereum_transaction_pool_monitor::mempool_monitor[0m[2m:[0m 📨 Processing new pending transaction: 0x5be761975c7e42e68907c8736e6261bd441404e722dfe6708c934f99768b5b70
[2m2025-12-10T10:12:05.075640Z[0m [34mDEBUG[0m [2methereum_transaction_pool_monitor::mempool_monitor[0m[2m:[0m 🔍 Fetching transaction details for: 0x5be761975c7e42e68907c8736e6261bd441404e722dfe6708c934f99768b5b70
[2m2025-12-10T10:12:05.075644Z[0m [34mDEBUG[0m [2methereum_transaction_pool_monitor::eth_client[0m[2m:[0m 🔍 Fetching transaction details for hash: 0x5be761975c7e42e68907c8736e6261bd441404e722dfe6708c934f99768b5b70
[2m2025-12-10T10:12:05.075665Z[0m [34mDEBUG[0m [2mhyper::client::pool[0m[2m:[0m reuse idle connection for ("http", 192.168.0.14:8545)
[2m2025-12-10T10:12:05.075708Z[0m [34mDEBUG[0m [2mhyper::proto::h1::io[0m[2m:[0m flushed 250 bytes
[2m2025-12-10T10:12:05.085552Z[0m [34mDEBUG[0m [2mhyper::proto::h1::io[0m[2m:[0m parsed 4 headers
[2m2025-12-10T10:12:05.085559Z[0m [34mDEBUG[0m [2mhyper::proto::h1::conn[0m[2m:[0m incoming body is content-length (770 bytes)
[2m2025-12-10T10:12:05.085567Z[0m [34mDEBUG[0m [2mhyper::proto::h1::conn[0m[2m:[0m incoming body completed
[2m2025-12-10T10:12:05.085575Z[0m [34mDEBUG[0m [2mhyper::client::pool[0m[2m:[0m pooling idle connection for ("http", 192.168.0.14:8545)
[2m2025-12-10T10:12:05.085581Z[0m [34mDEBUG[0m [2methereum_transaction_pool_monitor::eth_client[0m[2m:[0m 📡 Transaction fetch RPC completed in 9.932791ms
[2m2025-12-10T10:12:05.085596Z[0m [34mDEBUG[0m [2methereum_transaction_pool_monitor::eth_client[0m[2m:[0m DeFi transaction detected - Address: 0xdac17f958d2ee523a2206206994597c13d831ec7, Type: Stablecoin, Value: 0 ETH, Gas: 1.93 Gwei
[2m2025-12-10T10:12:05.085607Z[0m [34mDEBUG[0m [2methereum_transaction_pool_monitor::eth_client[0m[2m:[0m ✅ Transaction 0x5be761975c7e42e68907c8736e6261bd441404e722dfe6708c934f99768b5b70 fetched and parsed in 9.959416ms
[2m2025-12-10T10:12:05.085613Z[0m [34mDEBUG[0m [2methereum_transaction_pool_monitor::mempool_monitor[0m[2m:[0m 🔍 Skipping tx 0x5be761975c7e42e68907c8736e6261bd441404e722dfe6708c934f99768b5b70 - not a DEX interaction (target: 0xdAC17F958D2ee523a2206206994597C13D831ec7)
[2m2025-12-10T10:12:05.085618Z[0m [34mDEBUG[0m [2methereum_transaction_pool_monitor::mempool_monitor[0m[2m:[0m 📨 Processing new pending transaction: 0xbf9d1441a890bdeb05de5f01dc052a6b8e615b7bef6b28516f1b1ce56a4f6732
[2m2025-12-10T10:12:05.085622Z[0m [34mDEBUG[0m [2methereum_transaction_pool_monitor::mempool_monitor[0m[2m:[0m 🔍 Fetching transaction details for: 0xbf9d1441a890bdeb05de5f01dc052a6b8e615b7bef6b28516f1b1ce56a4f6732
[2m2025-12-10T10:12:05.085625Z[0m [34mDEBUG[0m [2methereum_transaction_pool_monitor::eth_client[0m[2m:[0m 🔍 Fetching transaction details for hash: 0xbf9d1441a890bdeb05de5f01dc052a6b8e615b7bef6b28516f1b1ce56a4f6732
[2m2025-12-10T10:12:05.085635Z[0m [34mDEBUG[0m [2mhyper::client::pool[0m[2m:[0m reuse idle connection for ("http", 192.168.0.14:8545)
[2m2025-12-10T10:12:05.085651Z[0m [34mDEBUG[0m [2mhyper::proto::h1::io[0m[2m:[0m flushed 250 bytes
[2m2025-12-10T10:12:05.091568Z[0m [34mDEBUG[0m [2mhyper::proto::h1::io[0m[2m:[0m parsed 4 headers
[2m2025-12-10T10:12:05.091575Z[0m [34mDEBUG[0m [2mhyper::proto::h1::conn[0m[2m:[0m incoming body is content-length (650 bytes)
[2m2025-12-10T10:12:05.091581Z[0m [34mDEBUG[0m [2mhyper::proto::h1::conn[0m[2m:[0m incoming body completed
[2m2025-12-10T10:12:05.091587Z[0m [34mDEBUG[0m [2mhyper::client::pool[0m[2m:[0m pooling idle connection for ("http", 192.168.0.14:8545)
[2m2025-12-10T10:12:05.091592Z[0m [34mDEBUG[0m [2methereum_transaction_pool_monitor::eth_client[0m[2m:[0m 📡 Transaction fetch RPC completed in 5.963625ms
[2m2025-12-10T10:12:05.162194Z[0m [34mDEBUG[0m [2methereum_transaction_pool_monitor::eth_client[0m[2m:[0m ✅ Transaction 0xbf9d1441a890bdeb05de5f01dc052a6b8e615b7bef6b28516f1b1ce56a4f6732 fetched and parsed in 76.562375ms
[2m2025-12-10T10:12:05.162224Z[0m [34mDEBUG[0m [2methereum_transaction_pool_monitor::mempool_monitor[0m[2m:[0m 🔍 Skipping tx 0xbf9d1441a890bdeb05de5f01dc052a6b8e615b7bef6b28516f1b1ce56a4f6732 - not a DEX interaction (target: 0x996Ab77e754c375631227318695D6Ec0284999e1)
[2m2025-12-10T10:12:05.162234Z[0m [34mDEBUG[0m [2methereum_transaction_pool_monitor::mempool_monitor[0m[2m:[0m 📨 Processing new pending transaction: 0xbeace1ed348b60995017234a8fb6747a5788d224812cbdc285334a6f92813769
[2m2025-12-10T10:12:05.162240Z[0m [34mDEBUG[0m [2methereum_transaction_pool_monitor::mempool_monitor[0m[2m:[0m 🔍 Fetching transaction details for: 0xbeace1ed348b60995017234a8fb6747a5788d224812cbdc285334a6f92813769
[2m2025-12-10T10:12:05.162244Z[0m [34mDEBUG[0m [2methereum_transaction_pool_monitor::eth_client[0m[2m:[0m 🔍 Fetching transaction details for hash: 0xbeace1ed348b60995017234a8fb6747a5788d224812cbdc285334a6f92813769
[2m2025-12-10T10:12:05.162265Z[0m [34mDEBUG[0m [2mhyper::client::pool[0m[2m:[0m reuse idle connection for ("http", 192.168.0.14:8545)
[2m2025-12-10T10:12:05.162306Z[0m [34mDEBUG[0m [2mhyper::proto::h1::io[0m[2m:[0m flushed 250 bytes
[2m2025-12-10T10:12:05.162327Z[0m [34mDEBUG[0m [2mhyper::client::pool[0m[2m:[0m reuse idle connection for ("http", 192.168.0.14:8545)
[2m2025-12-10T10:12:05.162338Z[0m [34mDEBUG[0m [2methereum_transaction_pool_monitor::eth_client[0m[2m:[0m 📨 Received WebSocket message: {"jsonrpc":"2.0","method":"eth_subscription","params":{"subscription":"0xbed0a0851463e895960a451075a301a9","result":"0x05936345bf3132a5e64b8b7889b535f80d5146f57af059cb68c0f743c5af47e7"}}
[2m2025-12-10T10:12:05.162343Z[0m [34mDEBUG[0m [2mhyper::proto::h1::io[0m[2m:[0m flushed 172 bytes
[2m2025-12-10T10:12:05.162349Z[0m [34mDEBUG[0m [2methereum_transaction_pool_monitor::eth_client[0m[2m:[0m 📨 Received pending transaction: 0x05936345bf3132a5e64b8b7889b535f80d5146f57af059cb68c0f743c5af47e7
[2m2025-12-10T10:12:05.167944Z[0m [34mDEBUG[0m [2mhyper::proto::h1::io[0m[2m:[0m parsed 4 headers
[2m2025-12-10T10:12:05.167976Z[0m [34mDEBUG[0m [2mhyper::proto::h1::conn[0m[2m:[0m incoming body is content-length (45 bytes)
[2m2025-12-10T10:12:05.167991Z[0m [34mDEBUG[0m [2mhyper::proto::h1::conn[0m[2m:[0m incoming body completed
[2m2025-12-10T10:12:05.168014Z[0m [34mDEBUG[0m [2mhyper::client::pool[0m[2m:[0m pooling idle connection for ("http", 192.168.0.14:8545)
[2m2025-12-10T10:12:05.169104Z[0m [34mDEBUG[0m [2mhyper::proto::h1::io[0m[2m:[0m parsed 4 headers
[2m2025-12-10T10:12:05.169125Z[0m [34mDEBUG[0m [2mhyper::proto::h1::conn[0m[2m:[0m incoming body is content-length (712 bytes)
[2m2025-12-10T10:12:05.169146Z[0m [34mDEBUG[0m [2mhyper::proto::h1::conn[0m[2m:[0m incoming body completed
[2m2025-12-10T10:12:05.169159Z[0m [34mDEBUG[0m [2mhyper::client::pool[0m[2m:[0m pooling idle connection for ("http", 192.168.0.14:8545)
[2m2025-12-10T10:12:05.169166Z[0m [34mDEBUG[0m [2methereum_transaction_pool_monitor::eth_client[0m[2m:[0m 📡 Transaction fetch RPC completed in 6.917958ms
[2m2025-12-10T10:12:05.240525Z[0m [34mDEBUG[0m [2methereum_transaction_pool_monitor::eth_client[0m[2m:[0m ✅ Transaction 0xbeace1ed348b60995017234a8fb6747a5788d224812cbdc285334a6f92813769 fetched and parsed in 78.273792ms
[2m2025-12-10T10:12:05.240556Z[0m [34mDEBUG[0m [2methereum_transaction_pool_monitor::mempool_monitor[0m[2m:[0m 🔍 Skipping tx 0xbeace1ed348b60995017234a8fb6747a5788d224812cbdc285334a6f92813769 - not a DEX interaction (target: 0x8541850a7F5407F2613a87035f6826486513D664)
[2m2025-12-10T10:12:05.240567Z[0m [34mDEBUG[0m [2methereum_transaction_pool_monitor::mempool_monitor[0m[2m:[0m 📨 Processing new pending transaction: 0x770ad5ab4227de77e0146ae95c507b632d426ff406b9a202ff7fdeb77a8afb63
[2m2025-12-10T10:12:05.240573Z[0m [34mDEBUG[0m [2methereum_transaction_pool_monitor::mempool_monitor[0m[2m:[0m 🔍 Fetching transaction details for: 0x770ad5ab4227de77e0146ae95c507b632d426ff406b9a202ff7fdeb77a8afb63
[2m2025-12-10T10:12:05.240577Z[0m [34mDEBUG[0m [2methereum_transaction_pool_monitor::eth_client[0m[2m:[0m 🔍 Fetching transaction details for hash: 0x770ad5ab4227de77e0146ae95c507b632d426ff406b9a202ff7fdeb77a8afb63
[2m2025-12-10T10:12:05.240597Z[0m [34mDEBUG[0m [2mhyper::client::pool[0m[2m:[0m reuse idle connection for ("http", 192.168.0.14:8545)
[2m2025-12-10T10:12:05.240639Z[0m [34mDEBUG[0m [2mhyper::proto::h1::io[0m[2m:[0m flushed 250 bytes
[2m2025-12-10T10:12:05.240675Z[0m [34mDEBUG[0m [2mhyper::client::pool[0m[2m:[0m reuse idle connection for ("http", 192.168.0.14:8545)
[2m2025-12-10T10:12:05.240697Z[0m [34mDEBUG[0m [2mhyper::proto::h1::io[0m[2m:[0m flushed 172 bytes
[2m2025-12-10T10:12:05.244734Z[0m [34mDEBUG[0m [2mhyper::proto::h1::io[0m[2m:[0m parsed 4 headers
[2m2025-12-10T10:12:05.244763Z[0m [34mDEBUG[0m [2mhyper::proto::h1::conn[0m[2m:[0m incoming body is content-length (45 bytes)
[2m2025-12-10T10:12:05.244778Z[0m [34mDEBUG[0m [2mhyper::proto::h1::conn[0m[2m:[0m incoming body completed
[2m2025-12-10T10:12:05.244800Z[0m [34mDEBUG[0m [2mhyper::client::pool[0m[2m:[0m pooling idle connection for ("http", 192.168.0.14:8545)
[2m2025-12-10T10:12:05.249824Z[0m [34mDEBUG[0m [2mhyper::proto::h1::io[0m[2m:[0m parsed 4 headers
[2m2025-12-10T10:12:05.249831Z[0m [34mDEBUG[0m [2mhyper::proto::h1::conn[0m[2m:[0m incoming body is content-length (830 bytes)
[2m2025-12-10T10:12:05.249836Z[0m [34mDEBUG[0m [2mhyper::proto::h1::conn[0m[2m:[0m incoming body completed
[2m2025-12-10T10:12:05.249842Z[0m [34mDEBUG[0m [2mhyper::client::pool[0m[2m:[0m pooling idle connection for ("http", 192.168.0.14:8545)
[2m2025-12-10T10:12:05.249846Z[0m [34mDEBUG[0m [2methereum_transaction_pool_monitor::eth_client[0m[2m:[0m 📡 Transaction fetch RPC completed in 9.266208ms
[2m2025-12-10T10:12:05.320187Z[0m [34mDEBUG[0m [2methereum_transaction_pool_monitor::eth_client[0m[2m:[0m ✅ Transaction 0x770ad5ab4227de77e0146ae95c507b632d426ff406b9a202ff7fdeb77a8afb63 fetched and parsed in 79.604583ms
[2m2025-12-10T10:12:05.320214Z[0m [34mDEBUG[0m [2methereum_transaction_pool_monitor::mempool_monitor[0m[2m:[0m 🔍 Skipping tx 0x770ad5ab4227de77e0146ae95c507b632d426ff406b9a202ff7fdeb77a8afb63 - not a DEX interaction (target: 0x3B4D794a66304F130a4Db8F2551B0070dfCf5ca7)
[2m2025-12-10T10:12:05.320225Z[0m [34mDEBUG[0m [2methereum_transaction_pool_monitor::mempool_monitor[0m[2m:[0m 📨 Processing new pending transaction: 0x01907ed612abe08af99751aee578c35817075fb603212babf2d778e95317983e
[2m2025-12-10T10:12:05.320231Z[0m [34mDEBUG[0m [2methereum_transaction_pool_monitor::mempool_monitor[0m[2m:[0m 🔍 Fetching transaction details for: 0x01907ed612abe08af99751aee578c35817075fb603212babf2d778e95317983e
[2m2025-12-10T10:12:05.320235Z[0m [34mDEBUG[0m [2methereum_transaction_pool_monitor::eth_client[0m[2m:[0m 🔍 Fetching transaction details for hash: 0x01907ed612abe08af99751aee578c35817075fb603212babf2d778e95317983e
[2m2025-12-10T10:12:05.320256Z[0m [34mDEBUG[0m [2mhyper::client::pool[0m[2m:[0m reuse idle connection for ("http", 192.168.0.14:8545)
[2m2025-12-10T10:12:05.320290Z[0m [34mDEBUG[0m [2mhyper::proto::h1::io[0m[2m:[0m flushed 250 bytes
[2m2025-12-10T10:12:05.320309Z[0m [34mDEBUG[0m [2mhyper::client::pool[0m[2m:[0m reuse idle connection for ("http", 192.168.0.14:8545)
[2m2025-12-10T10:12:05.320322Z[0m [34mDEBUG[0m [2methereum_transaction_pool_monitor::eth_client[0m[2m:[0m 📨 Received WebSocket message: {"jsonrpc":"2.0","method":"eth_subscription","params":{"subscription":"0xbed0a0851463e895960a451075a301a9","result":"0xc9385bd7842e9f5e68688b1abfd29dc39f4f119a893ce5935f74198e516269a4"}}
[2m2025-12-10T10:12:05.320323Z[0m [34mDEBUG[0m [2mhyper::proto::h1::io[0m[2m:[0m flushed 172 bytes
[2m2025-12-10T10:12:05.320617Z[0m [34mDEBUG[0m [2methereum_transaction_pool_monitor::eth_client[0m[2m:[0m 📨 Received pending transaction: 0xc9385bd7842e9f5e68688b1abfd29dc39f4f119a893ce5935f74198e516269a4
[2m2025-12-10T10:12:05.326173Z[0m [34mDEBUG[0m [2mhyper::proto::h1::io[0m[2m:[0m parsed 4 headers
[2m2025-12-10T10:12:05.326178Z[0m [34mDEBUG[0m [2mhyper::proto::h1::conn[0m[2m:[0m incoming body is content-length (778 bytes)
[2m2025-12-10T10:12:05.326185Z[0m [34mDEBUG[0m [2mhyper::proto::h1::conn[0m[2m:[0m incoming body completed
[2m2025-12-10T10:12:05.326193Z[0m [34mDEBUG[0m [2mhyper::client::pool[0m[2m:[0m pooling idle connection for ("http", 192.168.0.14:8545)
[2m2025-12-10T10:12:05.326200Z[0m [34mDEBUG[0m [2methereum_transaction_pool_monitor::eth_client[0m[2m:[0m 📡 Transaction fetch RPC completed in 5.960167ms
[2m2025-12-10T10:12:05.326217Z[0m [34mDEBUG[0m [2methereum_transaction_pool_monitor::eth_client[0m[2m:[0m DeFi transaction detected - Address: 0xdac17f958d2ee523a2206206994597c13d831ec7, Type: Stablecoin, Value: 0 ETH, Gas: 127.50 Gwei
[2m2025-12-10T10:12:05.326228Z[0m [34mDEBUG[0m [2methereum_transaction_pool_monitor::eth_client[0m[2m:[0m ✅ Transaction 0x01907ed612abe08af99751aee578c35817075fb603212babf2d778e95317983e fetched and parsed in 5.988542ms
[2m2025-12-10T10:12:05.326234Z[0m [34mDEBUG[0m [2methereum_transaction_pool_monitor::mempool_monitor[0m[2m:[0m 🔍 Skipping tx 0x01907ed612abe08af99751aee578c35817075fb603212babf2d778e95317983e - not a DEX interaction (target: 0xdAC17F958D2ee523a2206206994597C13D831ec7)
[2m2025-12-10T10:12:05.326241Z[0m [34mDEBUG[0m [2methereum_transaction_pool_monitor::mempool_monitor[0m[2m:[0m 📨 Processing new pending transaction: 0xa1e35caee66fc588df142e2939d606cb8106d5e1957a19ed7f9cdefd5744923a
[2m2025-12-10T10:12:05.326246Z[0m [34mDEBUG[0m [2methereum_transaction_pool_monitor::mempool_monitor[0m[2m:[0m 🔍 Fetching transaction details for: 0xa1e35caee66fc588df142e2939d606cb8106d5e1957a19ed7f9cdefd5744923a
[2m2025-12-10T10:12:05.326251Z[0m [34mDEBUG[0m [2methereum_transaction_pool_monitor::eth_client[0m[2m:[0m 🔍 Fetching transaction details for hash: 0xa1e35caee66fc588df142e2939d606cb8106d5e1957a19ed7f9cdefd5744923a
[2m2025-12-10T10:12:05.326259Z[0m [34mDEBUG[0m [2mhyper::client::pool[0m[2m:[0m reuse idle connection for ("http", 192.168.0.14:8545)
[2m2025-12-10T10:12:05.326273Z[0m [34mDEBUG[0m [2mhyper::proto::h1::io[0m[2m:[0m flushed 250 bytes
[2m2025-12-10T10:12:05.326280Z[0m [34mDEBUG[0m [2mhyper::proto::h1::io[0m[2m:[0m parsed 4 headers
[2m2025-12-10T10:12:05.326283Z[0m [34mDEBUG[0m [2mhyper::proto::h1::conn[0m[2m:[0m incoming body is content-length (45 bytes)
[2m2025-12-10T10:12:05.326287Z[0m [34mDEBUG[0m [2mhyper::proto::h1::conn[0m[2m:[0m incoming body completed
[2m2025-12-10T10:12:05.326292Z[0m [34mDEBUG[0m [2mhyper::client::pool[0m[2m:[0m pooling idle connection for ("http", 192.168.0.14:8545)
[2m2025-12-10T10:12:05.331989Z[0m [34mDEBUG[0m [2mhyper::proto::h1::io[0m[2m:[0m parsed 4 headers
[2m2025-12-10T10:12:05.332009Z[0m [34mDEBUG[0m [2mhyper::proto::h1::conn[0m[2m:[0m incoming body is content-length (773 bytes)
[2m2025-12-10T10:12:05.332035Z[0m [34mDEBUG[0m [2mhyper::proto::h1::conn[0m[2m:[0m incoming body completed
[2m2025-12-10T10:12:05.332039Z[0m [34mDEBUG[0m [2mhyper::client::pool[0m[2m:[0m pooling idle connection for ("http", 192.168.0.14:8545)
[2m2025-12-10T10:12:05.332043Z[0m [34mDEBUG[0m [2methereum_transaction_pool_monitor::eth_client[0m[2m:[0m 📡 Transaction fetch RPC completed in 5.788209ms
[2m2025-12-10T10:12:05.400599Z[0m [34mDEBUG[0m [2methereum_transaction_pool_monitor::eth_client[0m[2m:[0m ✅ Transaction 0xa1e35caee66fc588df142e2939d606cb8106d5e1957a19ed7f9cdefd5744923a fetched and parsed in 74.341ms
[2m2025-12-10T10:12:05.403679Z[0m [34mDEBUG[0m [2methereum_transaction_pool_monitor::mempool_monitor[0m[2m:[0m 🔍 Skipping tx 0xa1e35caee66fc588df142e2939d606cb8106d5e1957a19ed7f9cdefd5744923a - not a DEX interaction (target: 0xec53bF9167f50cDEB3Ae105f56099aaaB9061F83)
[2m2025-12-10T10:12:05.403694Z[0m [34mDEBUG[0m [2methereum_transaction_pool_monitor::mempool_monitor[0m[2m:[0m 📨 Processing new pending transaction: 0x24cf121f1435f684cb21d0c65d36341273addbf56821ec3913032a2d65d6cc62
[2m2025-12-10T10:12:05.403702Z[0m [34mDEBUG[0m [2methereum_transaction_pool_monitor::mempool_monitor[0m[2m:[0m 🔍 Fetching transaction details for: 0x24cf121f1435f684cb21d0c65d36341273addbf56821ec3913032a2d65d6cc62
[2m2025-12-10T10:12:05.403708Z[0m [34mDEBUG[0m [2methereum_transaction_pool_monitor::eth_client[0m[2m:[0m 🔍 Fetching transaction details for hash: 0x24cf121f1435f684cb21d0c65d36341273addbf56821ec3913032a2d65d6cc62
[2m2025-12-10T10:12:05.403733Z[0m [34mDEBUG[0m [2mhyper::client::pool[0m[2m:[0m reuse idle connection for ("http", 192.168.0.14:8545)
[2m2025-12-10T10:12:05.403777Z[0m [34mDEBUG[0m [2mhyper::proto::h1::io[0m[2m:[0m flushed 250 bytes
[2m2025-12-10T10:12:05.403800Z[0m [34mDEBUG[0m [2mhyper::client::pool[0m[2m:[0m reuse idle connection for ("http", 192.168.0.14:8545)
[2m2025-12-10T10:12:05.403815Z[0m [34mDEBUG[0m [2mhyper::proto::h1::io[0m[2m:[0m flushed 172 bytes
[2m2025-12-10T10:12:05.403829Z[0m [34mDEBUG[0m [2methereum_transaction_pool_monitor::eth_client[0m[2m:[0m 📨 Received WebSocket message: {"jsonrpc":"2.0","method":"eth_subscription","params":{"subscription":"0xbed0a0851463e895960a451075a301a9","result":"0x8ca4c97f51683c360bf30f34e10829bc2b9c050dac35c0a0259f5f29b59ba32e"}}
[2m2025-12-10T10:12:05.403837Z[0m [34mDEBUG[0m [2methereum_transaction_pool_monitor::eth_client[0m[2m:[0m 📨 Received pending transaction: 0x8ca4c97f51683c360bf30f34e10829bc2b9c050dac35c0a0259f5f29b59ba32e
[2m2025-12-10T10:12:05.403843Z[0m [34mDEBUG[0m [2methereum_transaction_pool_monitor::eth_client[0m[2m:[0m 📨 Received WebSocket message: {"jsonrpc":"2.0","method":"eth_subscription","params":{"subscription":"0xbed0a0851463e895960a451075a301a9","result":"0xf56204576410d57fe10c21c3f5428a54479a98f52ab7d20bb2233b3aeaac504f"}}
[2m2025-12-10T10:12:05.403852Z[0m [34mDEBUG[0m [2methereum_transaction_pool_monitor::eth_client[0m[2m:[0m 📨 Received pending transaction: 0xf56204576410d57fe10c21c3f5428a54479a98f52ab7d20bb2233b3aeaac504f
[2m2025-12-10T10:12:05.403859Z[0m [34mDEBUG[0m [2methereum_transaction_pool_monitor::eth_client[0m[2m:[0m 📨 Received WebSocket message: {"jsonrpc":"2.0","method":"eth_subscription","params":{"subscription":"0xbed0a0851463e895960a451075a301a9","result":"0xd64833cbb05d46580dfc36afd4489daadd5dd5a1b45a095f64fcc303e34bc15f"}}
[2m2025-12-10T10:12:05.403866Z[0m [34mDEBUG[0m [2methereum_transaction_pool_monitor::eth_client[0m[2m:[0m 📨 Received pending transaction: 0xd64833cbb05d46580dfc36afd4489daadd5dd5a1b45a095f64fcc303e34bc15f
[2m2025-12-10T10:12:05.409515Z[0m [34mDEBUG[0m [2mhyper::proto::h1::io[0m[2m:[0m parsed 4 headers
[2m2025-12-10T10:12:05.409540Z[0m [34mDEBUG[0m [2mhyper::proto::h1::conn[0m[2m:[0m incoming body is content-length (45 bytes)
[2m2025-12-10T10:12:05.409565Z[0m [34mDEBUG[0m [2mhyper::proto::h1::conn[0m[2m:[0m incoming body completed
[2m2025-12-10T10:12:05.409578Z[0m [34mDEBUG[0m [2mhyper::client::pool[0m[2m:[0m pooling idle connection for ("http", 192.168.0.14:8545)
[2m2025-12-10T10:12:05.409611Z[0m [34mDEBUG[0m [2mhyper::proto::h1::io[0m[2m:[0m parsed 4 headers
[2m2025-12-10T10:12:05.409616Z[0m [34mDEBUG[0m [2mhyper::proto::h1::conn[0m[2m:[0m incoming body is content-length (778 bytes)
[2m2025-12-10T10:12:05.409620Z[0m [34mDEBUG[0m [2mhyper::proto::h1::conn[0m[2m:[0m incoming body completed
[2m2025-12-10T10:12:05.409626Z[0m [34mDEBUG[0m [2mhyper::client::pool[0m[2m:[0m pooling idle connection for ("http", 192.168.0.14:8545)
[2m2025-12-10T10:12:05.409631Z[0m [34mDEBUG[0m [2methereum_transaction_pool_monitor::eth_client[0m[2m:[0m 📡 Transaction fetch RPC completed in 5.918084ms
[2m2025-12-10T10:12:05.409648Z[0m [34mDEBUG[0m [2methereum_transaction_pool_monitor::eth_client[0m[2m:[0m DeFi transaction detected - Address: 0xdac17f958d2ee523a2206206994597c13d831ec7, Type: Stablecoin, Value: 0 ETH, Gas: 127.50 Gwei
[2m2025-12-10T10:12:05.409663Z[0m [34mDEBUG[0m [2methereum_transaction_pool_monitor::eth_client[0m[2m:[0m ✅ Transaction 0x24cf121f1435f684cb21d0c65d36341273addbf56821ec3913032a2d65d6cc62 fetched and parsed in 5.949459ms
[2m2025-12-10T10:12:05.409668Z[0m [34mDEBUG[0m [2methereum_transaction_pool_monitor::mempool_monitor[0m[2m:[0m 🔍 Skipping tx 0x24cf121f1435f684cb21d0c65d36341273addbf56821ec3913032a2d65d6cc62 - not a DEX interaction (target: 0xdAC17F958D2ee523a2206206994597C13D831ec7)
[2m2025-12-10T10:12:05.409676Z[0m [34mDEBUG[0m [2methereum_transaction_pool_monitor::mempool_monitor[0m[2m:[0m 📨 Processing new pending transaction: 0x79fed8fcc97aedd247bc6ccc40454eb4ca51ac38e936fb5ddba4a9b354acb53b
[2m2025-12-10T10:12:05.409681Z[0m [34mDEBUG[0m [2methereum_transaction_pool_monitor::mempool_monitor[0m[2m:[0m 🔍 Fetching transaction details for: 0x79fed8fcc97aedd247bc6ccc40454eb4ca51ac38e936fb5ddba4a9b354acb53b
[2m2025-12-10T10:12:05.409684Z[0m [34mDEBUG[0m [2methereum_transaction_pool_monitor::eth_client[0m[2m:[0m 🔍 Fetching transaction details for hash: 0x79fed8fcc97aedd247bc6ccc40454eb4ca51ac38e936fb5ddba4a9b354acb53b
[2m2025-12-10T10:12:05.409691Z[0m [34mDEBUG[0m [2mhyper::client::pool[0m[2m:[0m reuse idle connection for ("http", 192.168.0.14:8545)
[2m2025-12-10T10:12:05.409703Z[0m [34mDEBUG[0m [2mhyper::proto::h1::io[0m[2m:[0m flushed 250 bytes
[2m2025-12-10T10:12:05.415777Z[0m [34mDEBUG[0m [2mhyper::proto::h1::io[0m[2m:[0m parsed 4 headers
[2m2025-12-10T10:12:05.415785Z[0m [34mDEBUG[0m [2mhyper::proto::h1::conn[0m[2m:[0m incoming body is content-length (555 bytes)
[2m2025-12-10T10:12:05.415791Z[0m [34mDEBUG[0m [2mhyper::proto::h1::conn[0m[2m:[0m incoming body completed
[2m2025-12-10T10:12:05.415796Z[0m [34mDEBUG[0m [2mhyper::client::pool[0m[2m:[0m pooling idle connection for ("http", 192.168.0.14:8545)
[2m2025-12-10T10:12:05.415800Z[0m [34mDEBUG[0m [2methereum_transaction_pool_monitor::eth_client[0m[2m:[0m 📡 Transaction fetch RPC completed in 6.112334ms
[2m2025-12-10T10:12:05.487007Z[0m [34mDEBUG[0m [2methereum_transaction_pool_monitor::eth_client[0m[2m:[0m ✅ Transaction 0x79fed8fcc97aedd247bc6ccc40454eb4ca51ac38e936fb5ddba4a9b354acb53b fetched and parsed in 77.3175ms
[2m2025-12-10T10:12:05.487030Z[0m [34mDEBUG[0m [2methereum_transaction_pool_monitor::mempool_monitor[0m[2m:[0m 🔍 Skipping tx 0x79fed8fcc97aedd247bc6ccc40454eb4ca51ac38e936fb5ddba4a9b354acb53b - not a DEX interaction (target: 0x9F6e59c80b636BFa186E94e77b661230d524492E)
[2m2025-12-10T10:12:05.487040Z[0m [34mDEBUG[0m [2methereum_transaction_pool_monitor::mempool_monitor[0m[2m:[0m 📨 Processing new pending transaction: 0xfe7c735faaa372c0b2ed690e446ab52c7050544041f34c6291ad19ee9fb0cca3
[2m2025-12-10T10:12:05.487046Z[0m [34mDEBUG[0m [2methereum_transaction_pool_monitor::mempool_monitor[0m[2m:[0m 🔍 Fetching transaction details for: 0xfe7c735faaa372c0b2ed690e446ab52c7050544041f34c6291ad19ee9fb0cca3
[2m2025-12-10T10:12:05.487050Z[0m [34mDEBUG[0m [2methereum_transaction_pool_monitor::eth_client[0m[2m:[0m 🔍 Fetching transaction details for hash: 0xfe7c735faaa372c0b2ed690e446ab52c7050544041f34c6291ad19ee9fb0cca3
[2m2025-12-10T10:12:05.487068Z[0m [34mDEBUG[0m [2mhyper::client::pool[0m[2m:[0m reuse idle connection for ("http", 192.168.0.14:8545)
[2m2025-12-10T10:12:05.487103Z[0m [34mDEBUG[0m [2mhyper::proto::h1::io[0m[2m:[0m flushed 250 bytes
[2m2025-12-10T10:12:05.487123Z[0m [34mDEBUG[0m [2methereum_transaction_pool_monitor::eth_client[0m[2m:[0m 📨 Received WebSocket message: {"jsonrpc":"2.0","method":"eth_subscription","params":{"subscription":"0xbed0a0851463e895960a451075a301a9","result":"0x79aa9f877fe096b2f986183eb56413eb0c7b51f23cc46ff97be54941e8029e50"}}
[2m2025-12-10T10:12:05.487132Z[0m [34mDEBUG[0m [2methereum_transaction_pool_monitor::eth_client[0m[2m:[0m 📨 Received pending transaction: 0x79aa9f877fe096b2f986183eb56413eb0c7b51f23cc46ff97be54941e8029e50
[2m2025-12-10T10:12:05.493869Z[0m [34mDEBUG[0m [2mhyper::proto::h1::io[0m[2m:[0m parsed 4 headers
[2m2025-12-10T10:12:05.493874Z[0m [34mDEBUG[0m [2mhyper::proto::h1::conn[0m[2m:[0m incoming body is content-length (771 bytes)
[2m2025-12-10T10:12:05.493881Z[0m [34mDEBUG[0m [2mhyper::proto::h1::conn[0m[2m:[0m incoming body completed
[2m2025-12-10T10:12:05.493889Z[0m [34mDEBUG[0m [2mhyper::client::pool[0m[2m:[0m pooling idle connection for ("http", 192.168.0.14:8545)
[2m2025-12-10T10:12:05.493894Z[0m [34mDEBUG[0m [2methereum_transaction_pool_monitor::eth_client[0m[2m:[0m 📡 Transaction fetch RPC completed in 6.840125ms
[2m2025-12-10T10:12:05.564192Z[0m [34mDEBUG[0m [2methereum_transaction_pool_monitor::eth_client[0m[2m:[0m ✅ Transaction 0xfe7c735faaa372c0b2ed690e446ab52c7050544041f34c6291ad19ee9fb0cca3 fetched and parsed in 77.135542ms
[2m2025-12-10T10:12:05.564220Z[0m [34mDEBUG[0m [2methereum_transaction_pool_monitor::mempool_monitor[0m[2m:[0m 🔍 Skipping tx 0xfe7c735faaa372c0b2ed690e446ab52c7050544041f34c6291ad19ee9fb0cca3 - not a DEX interaction (target: 0xA0b86991c6218b36c1d19D4a2e9Eb0cE3606eB48)
[2m2025-12-10T10:12:05.564232Z[0m [34mDEBUG[0m [2methereum_transaction_pool_monitor::mempool_monitor[0m[2m:[0m 📨 Processing new pending transaction: 0x05936345bf3132a5e64b8b7889b535f80d5146f57af059cb68c0f743c5af47e7
[2m2025-12-10T10:12:05.564237Z[0m [34mDEBUG[0m [2methereum_transaction_pool_monitor::mempool_monitor[0m[2m:[0m 🔍 Fetching transaction details for: 0x05936345bf3132a5e64b8b7889b535f80d5146f57af059cb68c0f743c5af47e7
[2m2025-12-10T10:12:05.564241Z[0m [34mDEBUG[0m [2methereum_transaction_pool_monitor::eth_client[0m[2m:[0m 🔍 Fetching transaction details for hash: 0x05936345bf3132a5e64b8b7889b535f80d5146f57af059cb68c0f743c5af47e7
[2m2025-12-10T10:12:05.564259Z[0m [34mDEBUG[0m [2mhyper::client::pool[0m[2m:[0m reuse idle connection for ("http", 192.168.0.14:8545)
[2m2025-12-10T10:12:05.564295Z[0m [34mDEBUG[0m [2mhyper::proto::h1::io[0m[2m:[0m flushed 250 bytes
[2m2025-12-10T10:12:05.564315Z[0m [34mDEBUG[0m [2mhyper::client::pool[0m[2m:[0m reuse idle connection for ("http", 192.168.0.14:8545)
[2m2025-12-10T10:12:05.564327Z[0m [34mDEBUG[0m [2mhyper::proto::h1::io[0m[2m:[0m flushed 172 bytes
[2m2025-12-10T10:12:05.564330Z[0m [34mDEBUG[0m [2methereum_transaction_pool_monitor::eth_client[0m[2m:[0m 📨 Received WebSocket message: {"jsonrpc":"2.0","method":"eth_subscription","params":{"subscription":"0xbed0a0851463e895960a451075a301a9","result":"0x9ffca8e8a641bdc5fd6e3c119e839dd18c3a30fd50bee137865eed2ccacff433"}}
[2m2025-12-10T10:12:05.564341Z[0m [34mDEBUG[0m [2methereum_transaction_pool_monitor::eth_client[0m[2m:[0m 📨 Received pending transaction: 0x9ffca8e8a641bdc5fd6e3c119e839dd18c3a30fd50bee137865eed2ccacff433
[2m2025-12-10T10:12:05.568117Z[0m [34mDEBUG[0m [2mhyper::proto::h1::io[0m[2m:[0m parsed 4 headers
[2m2025-12-10T10:12:05.568141Z[0m [34mDEBUG[0m [2mhyper::proto::h1::conn[0m[2m:[0m incoming body is content-length (45 bytes)
[2m2025-12-10T10:12:05.568172Z[0m [34mDEBUG[0m [2mhyper::proto::h1::conn[0m[2m:[0m incoming body completed
[2m2025-12-10T10:12:05.568196Z[0m [34mDEBUG[0m [2mhyper::client::pool[0m[2m:[0m pooling idle connection for ("http", 192.168.0.14:8545)
[2m2025-12-10T10:12:05.568816Z[0m [34mDEBUG[0m [2mhyper::proto::h1::io[0m[2m:[0m parsed 4 headers
[2m2025-12-10T10:12:05.568836Z[0m [34mDEBUG[0m [2mhyper::proto::h1::conn[0m[2m:[0m incoming body is content-length (778 bytes)
[2m2025-12-10T10:12:05.569169Z[0m [34mDEBUG[0m [2mhyper::proto::h1::conn[0m[2m:[0m incoming body completed
[2m2025-12-10T10:12:05.569183Z[0m [34mDEBUG[0m [2mhyper::client::pool[0m[2m:[0m pooling idle connection for ("http", 192.168.0.14:8545)
[2m2025-12-10T10:12:05.569190Z[0m [34mDEBUG[0m [2methereum_transaction_pool_monitor::eth_client[0m[2m:[0m 📡 Transaction fetch RPC completed in 4.944459ms
[2m2025-12-10T10:12:05.569202Z[0m [34mDEBUG[0m [2methereum_transaction_pool_monitor::eth_client[0m[2m:[0m DeFi transaction detected - Address: 0xdac17f958d2ee523a2206206994597c13d831ec7, Type: Stablecoin, Value: 0 ETH, Gas: 127.50 Gwei
[2m2025-12-10T10:12:05.569216Z[0m [34mDEBUG[0m [2methereum_transaction_pool_monitor::eth_client[0m[2m:[0m ✅ Transaction 0x05936345bf3132a5e64b8b7889b535f80d5146f57af059cb68c0f743c5af47e7 fetched and parsed in 4.971084ms
[2m2025-12-10T10:12:05.569225Z[0m [34mDEBUG[0m [2methereum_transaction_pool_monitor::mempool_monitor[0m[2m:[0m 🔍 Skipping tx 0x05936345bf3132a5e64b8b7889b535f80d5146f57af059cb68c0f743c5af47e7 - not a DEX interaction (target: 0xdAC17F958D2ee523a2206206994597C13D831ec7)
[2m2025-12-10T10:12:05.569233Z[0m [34mDEBUG[0m [2methereum_transaction_pool_monitor::mempool_monitor[0m[2m:[0m 📨 Processing new pending transaction: 0xc9385bd7842e9f5e68688b1abfd29dc39f4f119a893ce5935f74198e516269a4
[2m2025-12-10T10:12:05.569238Z[0m [34mDEBUG[0m [2methereum_transaction_pool_monitor::mempool_monitor[0m[2m:[0m 🔍 Fetching transaction details for: 0xc9385bd7842e9f5e68688b1abfd29dc39f4f119a893ce5935f74198e516269a4
[2m2025-12-10T10:12:05.569242Z[0m [34mDEBUG[0m [2methereum_transaction_pool_monitor::eth_client[0m[2m:[0m 🔍 Fetching transaction details for hash: 0xc9385bd7842e9f5e68688b1abfd29dc39f4f119a893ce5935f74198e516269a4
[2m2025-12-10T10:12:05.569249Z[0m [34mDEBUG[0m [2mhyper::client::pool[0m[2m:[0m reuse idle connection for ("http", 192.168.0.14:8545)
[2m2025-12-10T10:12:05.569263Z[0m [34mDEBUG[0m [2mhyper::proto::h1::io[0m[2m:[0m flushed 250 bytes
[2m2025-12-10T10:12:05.574749Z[0m [34mDEBUG[0m [2mhyper::proto::h1::io[0m[2m:[0m parsed 4 headers
[2m2025-12-10T10:12:05.574753Z[0m [34mDEBUG[0m [2mhyper::proto::h1::conn[0m[2m:[0m incoming body is content-length (644 bytes)
[2m2025-12-10T10:12:05.574757Z[0m [34mDEBUG[0m [2mhyper::proto::h1::conn[0m[2m:[0m incoming body completed
[2m2025-12-10T10:12:05.574761Z[0m [34mDEBUG[0m [2mhyper::client::pool[0m[2m:[0m pooling idle connection for ("http", 192.168.0.14:8545)
[2m2025-12-10T10:12:05.574765Z[0m [34mDEBUG[0m [2methereum_transaction_pool_monitor::eth_client[0m[2m:[0m 📡 Transaction fetch RPC completed in 5.519209ms
[2m2025-12-10T10:12:05.645613Z[0m [34mDEBUG[0m [2methereum_transaction_pool_monitor::eth_client[0m[2m:[0m ✅ Transaction 0xc9385bd7842e9f5e68688b1abfd29dc39f4f119a893ce5935f74198e516269a4 fetched and parsed in 76.365ms
[2m2025-12-10T10:12:05.645643Z[0m [34mDEBUG[0m [2methereum_transaction_pool_monitor::mempool_monitor[0m[2m:[0m 🔍 Skipping tx 0xc9385bd7842e9f5e68688b1abfd29dc39f4f119a893ce5935f74198e516269a4 - not a DEX interaction (target: 0x17E5545B11b468072283Cee1F066a059Fb0dbF24)
[2m2025-12-10T10:12:05.645654Z[0m [34mDEBUG[0m [2methereum_transaction_pool_monitor::mempool_monitor[0m[2m:[0m 📨 Processing new pending transaction: 0x8ca4c97f51683c360bf30f34e10829bc2b9c050dac35c0a0259f5f29b59ba32e
[2m2025-12-10T10:12:05.645662Z[0m [34mDEBUG[0m [2methereum_transaction_pool_monitor::mempool_monitor[0m[2m:[0m 🔍 Fetching transaction details for: 0x8ca4c97f51683c360bf30f34e10829bc2b9c050dac35c0a0259f5f29b59ba32e
[2m2025-12-10T10:12:05.645668Z[0m [34mDEBUG[0m [2methereum_transaction_pool_monitor::eth_client[0m[2m:[0m 🔍 Fetching transaction details for hash: 0x8ca4c97f51683c360bf30f34e10829bc2b9c050dac35c0a0259f5f29b59ba32e
[2m2025-12-10T10:12:05.645687Z[0m [34mDEBUG[0m [2mhyper::client::pool[0m[2m:[0m reuse idle connection for ("http", 192.168.0.14:8545)
[2m2025-12-10T10:12:05.645727Z[0m [34mDEBUG[0m [2mhyper::proto::h1::io[0m[2m:[0m flushed 250 bytes
[2m2025-12-10T10:12:05.645758Z[0m [34mDEBUG[0m [2mhyper::client::pool[0m[2m:[0m reuse idle connection for ("http", 192.168.0.14:8545)
[2m2025-12-10T10:12:05.645775Z[0m [34mDEBUG[0m [2mhyper::proto::h1::io[0m[2m:[0m flushed 172 bytes
[2m2025-12-10T10:12:05.650797Z[0m [34mDEBUG[0m [2mhyper::proto::h1::io[0m[2m:[0m parsed 4 headers
[2m2025-12-10T10:12:05.650817Z[0m [34mDEBUG[0m [2mhyper::proto::h1::conn[0m[2m:[0m incoming body is content-length (830 bytes)
[2m2025-12-10T10:12:05.650839Z[0m [34mDEBUG[0m [2mhyper::proto::h1::conn[0m[2m:[0m incoming body completed
[2m2025-12-10T10:12:05.650855Z[0m [34mDEBUG[0m [2mhyper::client::pool[0m[2m:[0m pooling idle connection for ("http", 192.168.0.14:8545)
[2m2025-12-10T10:12:05.650861Z[0m [34mDEBUG[0m [2methereum_transaction_pool_monitor::eth_client[0m[2m:[0m 📡 Transaction fetch RPC completed in 5.187625ms
[2m2025-12-10T10:12:05.721859Z[0m [34mDEBUG[0m [2methereum_transaction_pool_monitor::eth_client[0m[2m:[0m ✅ Transaction 0x8ca4c97f51683c360bf30f34e10829bc2b9c050dac35c0a0259f5f29b59ba32e fetched and parsed in 76.183334ms
[2m2025-12-10T10:12:05.721884Z[0m [34mDEBUG[0m [2methereum_transaction_pool_monitor::mempool_monitor[0m[2m:[0m 🔍 Skipping tx 0x8ca4c97f51683c360bf30f34e10829bc2b9c050dac35c0a0259f5f29b59ba32e - not a DEX interaction (target: 0x3B4D794a66304F130a4Db8F2551B0070dfCf5ca7)
[2m2025-12-10T10:12:05.721894Z[0m [34mDEBUG[0m [2methereum_transaction_pool_monitor::mempool_monitor[0m[2m:[0m 📨 Processing new pending transaction: 0xf56204576410d57fe10c21c3f5428a54479a98f52ab7d20bb2233b3aeaac504f
[2m2025-12-10T10:12:05.721900Z[0m [34mDEBUG[0m [2methereum_transaction_pool_monitor::mempool_monitor[0m[2m:[0m 🔍 Fetching transaction details for: 0xf56204576410d57fe10c21c3f5428a54479a98f52ab7d20bb2233b3aeaac504f
[2m2025-12-10T10:12:05.721904Z[0m [34mDEBUG[0m [2methereum_transaction_pool_monitor::eth_client[0m[2m:[0m 🔍 Fetching transaction details for hash: 0xf56204576410d57fe10c21c3f5428a54479a98f52ab7d20bb2233b3aeaac504f
[2m2025-12-10T10:12:05.721921Z[0m [34mDEBUG[0m [2mhyper::client::pool[0m[2m:[0m reuse idle connection for ("http", 192.168.0.14:8545)
[2m2025-12-10T10:12:05.721954Z[0m [34mDEBUG[0m [2mhyper::proto::h1::io[0m[2m:[0m flushed 250 bytes
[2m2025-12-10T10:12:05.721972Z[0m [34mDEBUG[0m [2mhyper::proto::h1::io[0m[2m:[0m parsed 4 headers
[2m2025-12-10T10:12:05.721978Z[0m [34mDEBUG[0m [2mhyper::proto::h1::conn[0m[2m:[0m incoming body is content-length (45 bytes)
[2m2025-12-10T10:12:05.721986Z[0m [34mDEBUG[0m [2mhyper::proto::h1::conn[0m[2m:[0m incoming body completed
[2m2025-12-10T10:12:05.721996Z[0m [34mDEBUG[0m [2mhyper::client::pool[0m[2m:[0m pooling idle connection for ("http", 192.168.0.14:8545)
[2m2025-12-10T10:12:05.722013Z[0m [34mDEBUG[0m [2mhyper::client::pool[0m[2m:[0m reuse idle connection for ("http", 192.168.0.14:8545)
[2m2025-12-10T10:12:05.722027Z[0m [34mDEBUG[0m [2mhyper::proto::h1::io[0m[2m:[0m flushed 172 bytes
[2m2025-12-10T10:12:05.726715Z[0m [34mDEBUG[0m [2mhyper::proto::h1::io[0m[2m:[0m parsed 4 headers
[2m2025-12-10T10:12:05.726722Z[0m [34mDEBUG[0m [2mhyper::proto::h1::conn[0m[2m:[0m incoming body is content-length (678 bytes)
[2m2025-12-10T10:12:05.726727Z[0m [34mDEBUG[0m [2mhyper::proto::h1::conn[0m[2m:[0m incoming body completed
[2m2025-12-10T10:12:05.726732Z[0m [34mDEBUG[0m [2mhyper::client::pool[0m[2m:[0m pooling idle connection for ("http", 192.168.0.14:8545)
[2m2025-12-10T10:12:05.726737Z[0m [34mDEBUG[0m [2methereum_transaction_pool_monitor::eth_client[0m[2m:[0m 📡 Transaction fetch RPC completed in 4.828875ms
[2m2025-12-10T10:12:05.726751Z[0m [34mDEBUG[0m [2methereum_transaction_pool_monitor::eth_client[0m[2m:[0m DeFi transaction detected - Address: 0xdac17f958d2ee523a2206206994597c13d831ec7, Type: Stablecoin, Value: 0 ETH, Gas: 1.18 Gwei
[2m2025-12-10T10:12:05.726768Z[0m [34mDEBUG[0m [2methereum_transaction_pool_monitor::eth_client[0m[2m:[0m ✅ Transaction 0xf56204576410d57fe10c21c3f5428a54479a98f52ab7d20bb2233b3aeaac504f fetched and parsed in 4.859916ms
[2m2025-12-10T10:12:05.726773Z[0m [34mDEBUG[0m [2methereum_transaction_pool_monitor::mempool_monitor[0m[2m:[0m 🔍 Skipping tx 0xf56204576410d57fe10c21c3f5428a54479a98f52ab7d20bb2233b3aeaac504f - not a DEX interaction (target: 0xdAC17F958D2ee523a2206206994597C13D831ec7)
[2m2025-12-10T10:12:05.726779Z[0m [34mDEBUG[0m [2methereum_transaction_pool_monitor::mempool_monitor[0m[2m:[0m 📨 Processing new pending transaction: 0xd64833cbb05d46580dfc36afd4489daadd5dd5a1b45a095f64fcc303e34bc15f
[2m2025-12-10T10:12:05.726783Z[0m [34mDEBUG[0m [2methereum_transaction_pool_monitor::mempool_monitor[0m[2m:[0m 🔍 Fetching transaction details for: 0xd64833cbb05d46580dfc36afd4489daadd5dd5a1b45a095f64fcc303e34bc15f
[2m2025-12-10T10:12:05.726786Z[0m [34mDEBUG[0m [2methereum_transaction_pool_monitor::eth_client[0m[2m:[0m 🔍 Fetching transaction details for hash: 0xd64833cbb05d46580dfc36afd4489daadd5dd5a1b45a095f64fcc303e34bc15f
[2m2025-12-10T10:12:05.726793Z[0m [34mDEBUG[0m [2mhyper::client::pool[0m[2m:[0m reuse idle connection for ("http", 192.168.0.14:8545)
[2m2025-12-10T10:12:05.726806Z[0m [34mDEBUG[0m [2mhyper::proto::h1::io[0m[2m:[0m flushed 250 bytes
[2m2025-12-10T10:12:05.726813Z[0m [34mDEBUG[0m [2mhyper::proto::h1::io[0m[2m:[0m parsed 4 headers
[2m2025-12-10T10:12:05.726816Z[0m [34mDEBUG[0m [2mhyper::proto::h1::conn[0m[2m:[0m incoming body is content-length (45 bytes)
[2m2025-12-10T10:12:05.726819Z[0m [34mDEBUG[0m [2mhyper::proto::h1::conn[0m[2m:[0m incoming body completed
[2m2025-12-10T10:12:05.726825Z[0m [34mDEBUG[0m [2mhyper::client::pool[0m[2m:[0m pooling idle connection for ("http", 192.168.0.14:8545)
[2m2025-12-10T10:12:05.731605Z[0m [34mDEBUG[0m [2mhyper::proto::h1::io[0m[2m:[0m parsed 4 headers
[2m2025-12-10T10:12:05.731623Z[0m [34mDEBUG[0m [2mhyper::proto::h1::conn[0m[2m:[0m incoming body is content-length (778 bytes)
[2m2025-12-10T10:12:05.731638Z[0m [34mDEBUG[0m [2mhyper::proto::h1::conn[0m[2m:[0m incoming body completed
[2m2025-12-10T10:12:05.731655Z[0m [34mDEBUG[0m [2mhyper::client::pool[0m[2m:[0m pooling idle connection for ("http", 192.168.0.14:8545)
[2m2025-12-10T10:12:05.731666Z[0m [34mDEBUG[0m [2methereum_transaction_pool_monitor::eth_client[0m[2m:[0m 📡 Transaction fetch RPC completed in 4.876792ms
[2m2025-12-10T10:12:05.731674Z[0m [34mDEBUG[0m [2methereum_transaction_pool_monitor::eth_client[0m[2m:[0m DeFi transaction detected - Address: 0xdac17f958d2ee523a2206206994597c13d831ec7, Type: Stablecoin, Value: 0 ETH, Gas: 127.50 Gwei
[2m2025-12-10T10:12:05.731694Z[0m [34mDEBUG[0m [2methereum_transaction_pool_monitor::eth_client[0m[2m:[0m ✅ Transaction 0xd64833cbb05d46580dfc36afd4489daadd5dd5a1b45a095f64fcc303e34bc15f fetched and parsed in 4.904667ms
[2m2025-12-10T10:12:05.731698Z[0m [34mDEBUG[0m [2methereum_transaction_pool_monitor::mempool_monitor[0m[2m:[0m 🔍 Skipping tx 0xd64833cbb05d46580dfc36afd4489daadd5dd5a1b45a095f64fcc303e34bc15f - not a DEX interaction (target: 0xdAC17F958D2ee523a2206206994597C13D831ec7)
[2m2025-12-10T10:12:05.731703Z[0m [34mDEBUG[0m [2methereum_transaction_pool_monitor::mempool_monitor[0m[2m:[0m 📨 Processing new pending transaction: 0x79aa9f877fe096b2f986183eb56413eb0c7b51f23cc46ff97be54941e8029e50
[2m2025-12-10T10:12:05.731706Z[0m [34mDEBUG[0m [2methereum_transaction_pool_monitor::mempool_monitor[0m[2m:[0m 🔍 Fetching transaction details for: 0x79aa9f877fe096b2f986183eb56413eb0c7b51f23cc46ff97be54941e8029e50
[2m2025-12-10T10:12:05.731709Z[0m [34mDEBUG[0m [2methereum_transaction_pool_monitor::eth_client[0m[2m:[0m 🔍 Fetching transaction details for hash: 0x79aa9f877fe096b2f986183eb56413eb0c7b51f23cc46ff97be54941e8029e50
[2m2025-12-10T10:12:05.731715Z[0m [34mDEBUG[0m [2mhyper::client::pool[0m[2m:[0m reuse idle connection for ("http", 192.168.0.14:8545)
[2m2025-12-10T10:12:05.731728Z[0m [34mDEBUG[0m [2mhyper::proto::h1::io[0m[2m:[0m flushed 250 bytes
[2m2025-12-10T10:12:05.739045Z[0m [34mDEBUG[0m [2mhyper::proto::h1::io[0m[2m:[0m parsed 4 headers
[2m2025-12-10T10:12:05.739050Z[0m [34mDEBUG[0m [2mhyper::proto::h1::conn[0m[2m:[0m incoming body is content-length (830 bytes)
[2m2025-12-10T10:12:05.739054Z[0m [34mDEBUG[0m [2mhyper::proto::h1::conn[0m[2m:[0m incoming body completed
[2m2025-12-10T10:12:05.739057Z[0m [34mDEBUG[0m [2mhyper::client::pool[0m[2m:[0m pooling idle connection for ("http", 192.168.0.14:8545)
[2m2025-12-10T10:12:05.739061Z[0m [34mDEBUG[0m [2methereum_transaction_pool_monitor::eth_client[0m[2m:[0m 📡 Transaction fetch RPC completed in 7.348666ms
[2m2025-12-10T10:12:05.807307Z[0m [34mDEBUG[0m [2methereum_transaction_pool_monitor::eth_client[0m[2m:[0m ✅ Transaction 0x79aa9f877fe096b2f986183eb56413eb0c7b51f23cc46ff97be54941e8029e50 fetched and parsed in 75.592166ms
[2m2025-12-10T10:12:05.807332Z[0m [34mDEBUG[0m [2methereum_transaction_pool_monitor::mempool_monitor[0m[2m:[0m 🔍 Skipping tx 0x79aa9f877fe096b2f986183eb56413eb0c7b51f23cc46ff97be54941e8029e50 - not a DEX interaction (target: 0x3B4D794a66304F130a4Db8F2551B0070dfCf5ca7)
[2m2025-12-10T10:12:05.807341Z[0m [34mDEBUG[0m [2methereum_transaction_pool_monitor::mempool_monitor[0m[2m:[0m 📨 Processing new pending transaction: 0x9ffca8e8a641bdc5fd6e3c119e839dd18c3a30fd50bee137865eed2ccacff433
[2m2025-12-10T10:12:05.807347Z[0m [34mDEBUG[0m [2methereum_transaction_pool_monitor::mempool_monitor[0m[2m:[0m 🔍 Fetching transaction details for: 0x9ffca8e8a641bdc5fd6e3c119e839dd18c3a30fd50bee137865eed2ccacff433
[2m2025-12-10T10:12:05.807351Z[0m [34mDEBUG[0m [2methereum_transaction_pool_monitor::eth_client[0m[2m:[0m 🔍 Fetching transaction details for hash: 0x9ffca8e8a641bdc5fd6e3c119e839dd18c3a30fd50bee137865eed2ccacff433
[2m2025-12-10T10:12:05.807368Z[0m [34mDEBUG[0m [2mhyper::client::pool[0m[2m:[0m reuse idle connection for ("http", 192.168.0.14:8545)
[2m2025-12-10T10:12:05.807401Z[0m [34mDEBUG[0m [2mhyper::proto::h1::io[0m[2m:[0m flushed 250 bytes
[2m2025-12-10T10:12:05.807419Z[0m [34mDEBUG[0m [2mhyper::client::pool[0m[2m:[0m reuse idle connection for ("http", 192.168.0.14:8545)
[2m2025-12-10T10:12:05.807430Z[0m [34mDEBUG[0m [2mhyper::proto::h1::io[0m[2m:[0m flushed 172 bytes
[2m2025-12-10T10:12:05.807433Z[0m [34mDEBUG[0m [2methereum_transaction_pool_monitor::eth_client[0m[2m:[0m 📨 Received WebSocket message: {"jsonrpc":"2.0","method":"eth_subscription","params":{"subscription":"0xbed0a0851463e895960a451075a301a9","result":"0x2d23d05d3c4e6fe9fe29fb04199fd37bbb87056fbb08c8c5d6bfc67090061b7f"}}
[2m2025-12-10T10:12:05.807444Z[0m [34mDEBUG[0m [2methereum_transaction_pool_monitor::eth_client[0m[2m:[0m 📨 Received pending transaction: 0x2d23d05d3c4e6fe9fe29fb04199fd37bbb87056fbb08c8c5d6bfc67090061b7f
[2m2025-12-10T10:12:05.807450Z[0m [34mDEBUG[0m [2methereum_transaction_pool_monitor::eth_client[0m[2m:[0m 📨 Received WebSocket message: {"jsonrpc":"2.0","method":"eth_subscription","params":{"subscription":"0xbed0a0851463e895960a451075a301a9","result":"0x19eadf453283358972730ba4fba5c10e530bb1f4ae4debac925a15e5307c14b6"}}
[2m2025-12-10T10:12:05.807456Z[0m [34mDEBUG[0m [2methereum_transaction_pool_monitor::eth_client[0m[2m:[0m 📨 Received pending transaction: 0x19eadf453283358972730ba4fba5c10e530bb1f4ae4debac925a15e5307c14b6
[2m2025-12-10T10:12:05.811839Z[0m [34mDEBUG[0m [2mhyper::proto::h1::io[0m[2m:[0m parsed 4 headers
[2m2025-12-10T10:12:05.811858Z[0m [34mDEBUG[0m [2mhyper::proto::h1::conn[0m[2m:[0m incoming body is content-length (45 bytes)
[2m2025-12-10T10:12:05.811880Z[0m [34mDEBUG[0m [2mhyper::proto::h1::conn[0m[2m:[0m incoming body completed
[2m2025-12-10T10:12:05.811895Z[0m [34mDEBUG[0m [2mhyper::client::pool[0m[2m:[0m pooling idle connection for ("http", 192.168.0.14:8545)
[2m2025-12-10T10:12:05.813683Z[0m [34mDEBUG[0m [2mhyper::proto::h1::io[0m[2m:[0m parsed 4 headers
[2m2025-12-10T10:12:05.813715Z[0m [34mDEBUG[0m [2mhyper::proto::h1::conn[0m[2m:[0m incoming body is content-length (1730 bytes)
[2m2025-12-10T10:12:05.813721Z[0m [34mDEBUG[0m [2mhyper::proto::h1::conn[0m[2m:[0m incoming body completed
[2m2025-12-10T10:12:05.813727Z[0m [34mDEBUG[0m [2mhyper::client::pool[0m[2m:[0m pooling idle connection for ("http", 192.168.0.14:8545)
[2m2025-12-10T10:12:05.813745Z[0m [34mDEBUG[0m [2methereum_transaction_pool_monitor::eth_client[0m[2m:[0m 📡 Transaction fetch RPC completed in 6.389917ms
[2m2025-12-10T10:12:05.884483Z[0m [34mDEBUG[0m [2methereum_transaction_pool_monitor::eth_client[0m[2m:[0m ✅ Transaction 0x9ffca8e8a641bdc5fd6e3c119e839dd18c3a30fd50bee137865eed2ccacff433 fetched and parsed in 77.1255ms
[2m2025-12-10T10:12:05.884513Z[0m [34mDEBUG[0m [2methereum_transaction_pool_monitor::mempool_monitor[0m[2m:[0m 🔍 Skipping tx 0x9ffca8e8a641bdc5fd6e3c119e839dd18c3a30fd50bee137865eed2ccacff433 - not a DEX interaction (target: 0x601a2aD6CB5949f0529735254189Ba3194221EDF)
[2m2025-12-10T10:12:05.884527Z[0m [34mDEBUG[0m [2methereum_transaction_pool_monitor::mempool_monitor[0m[2m:[0m 📨 Processing new pending transaction: 0x2d23d05d3c4e6fe9fe29fb04199fd37bbb87056fbb08c8c5d6bfc67090061b7f
[2m2025-12-10T10:12:05.884536Z[0m [34mDEBUG[0m [2methereum_transaction_pool_monitor::mempool_monitor[0m[2m:[0m 🔍 Fetching transaction details for: 0x2d23d05d3c4e6fe9fe29fb04199fd37bbb87056fbb08c8c5d6bfc67090061b7f
[2m2025-12-10T10:12:05.884543Z[0m [34mDEBUG[0m [2methereum_transaction_pool_monitor::eth_client[0m[2m:[0m 🔍 Fetching transaction details for hash: 0x2d23d05d3c4e6fe9fe29fb04199fd37bbb87056fbb08c8c5d6bfc67090061b7f
[2m2025-12-10T10:12:05.884562Z[0m [34mDEBUG[0m [2mhyper::client::pool[0m[2m:[0m reuse idle connection for ("http", 192.168.0.14:8545)
[2m2025-12-10T10:12:05.884606Z[0m [34mDEBUG[0m [2mhyper::proto::h1::io[0m[2m:[0m flushed 250 bytes
[2m2025-12-10T10:12:05.884626Z[0m [34mDEBUG[0m [2methereum_transaction_pool_monitor::eth_client[0m[2m:[0m 📨 Received WebSocket message: {"jsonrpc":"2.0","method":"eth_subscription","params":{"subscription":"0xbed0a0851463e895960a451075a301a9","result":"0xc2b42e4d24be83cfc3b95ab3e1a995bac9f21387241c4444001ac0bdac420511"}}
[2m2025-12-10T10:12:05.884634Z[0m [34mDEBUG[0m [2methereum_transaction_pool_monitor::eth_client[0m[2m:[0m 📨 Received pending transaction: 0xc2b42e4d24be83cfc3b95ab3e1a995bac9f21387241c4444001ac0bdac420511
[2m2025-12-10T10:12:05.888174Z[0m [34mDEBUG[0m [2mhyper::proto::h1::io[0m[2m:[0m parsed 4 headers
[2m2025-12-10T10:12:05.888194Z[0m [34mDEBUG[0m [2mhyper::proto::h1::conn[0m[2m:[0m incoming body is content-length (905 bytes)
[2m2025-12-10T10:12:05.888215Z[0m [34mDEBUG[0m [2mhyper::proto::h1::conn[0m[2m:[0m incoming body completed
[2m2025-12-10T10:12:05.888224Z[0m [34mDEBUG[0m [2mhyper::client::pool[0m[2m:[0m pooling idle connection for ("http", 192.168.0.14:8545)
[2m2025-12-10T10:12:05.888231Z[0m [34mDEBUG[0m [2methereum_transaction_pool_monitor::eth_client[0m[2m:[0m 📡 Transaction fetch RPC completed in 3.68125ms
[2m2025-12-10T10:12:05.958936Z[0m [34mDEBUG[0m [2methereum_transaction_pool_monitor::eth_client[0m[2m:[0m ✅ Transaction 0x2d23d05d3c4e6fe9fe29fb04199fd37bbb87056fbb08c8c5d6bfc67090061b7f fetched and parsed in 74.384209ms
[2m2025-12-10T10:12:05.958961Z[0m [34mDEBUG[0m [2methereum_transaction_pool_monitor::mempool_monitor[0m[2m:[0m 🔍 Skipping tx 0x2d23d05d3c4e6fe9fe29fb04199fd37bbb87056fbb08c8c5d6bfc67090061b7f - not a DEX interaction (target: 0xFf00000000000000000000000000000000008453)
[2m2025-12-10T10:12:05.958971Z[0m [34mDEBUG[0m [2methereum_transaction_pool_monitor::mempool_monitor[0m[2m:[0m 📨 Processing new pending transaction: 0x19eadf453283358972730ba4fba5c10e530bb1f4ae4debac925a15e5307c14b6
[2m2025-12-10T10:12:05.958977Z[0m [34mDEBUG[0m [2methereum_transaction_pool_monitor::mempool_monitor[0m[2m:[0m 🔍 Fetching transaction details for: 0x19eadf453283358972730ba4fba5c10e530bb1f4ae4debac925a15e5307c14b6
[2m2025-12-10T10:12:05.958981Z[0m [34mDEBUG[0m [2methereum_transaction_pool_monitor::eth_client[0m[2m:[0m 🔍 Fetching transaction details for hash: 0x19eadf453283358972730ba4fba5c10e530bb1f4ae4debac925a15e5307c14b6
[2m2025-12-10T10:12:05.958997Z[0m [34mDEBUG[0m [2mhyper::client::pool[0m[2m:[0m reuse idle connection for ("http", 192.168.0.14:8545)
[2m2025-12-10T10:12:05.959036Z[0m [34mDEBUG[0m [2mhyper::proto::h1::io[0m[2m:[0m flushed 250 bytes
[2m2025-12-10T10:12:05.959054Z[0m [34mDEBUG[0m [2mhyper::client::pool[0m[2m:[0m reuse idle connection for ("http", 192.168.0.14:8545)
[2m2025-12-10T10:12:05.959069Z[0m [34mDEBUG[0m [2mhyper::proto::h1::io[0m[2m:[0m flushed 172 bytes
[2m2025-12-10T10:12:05.959071Z[0m [34mDEBUG[0m [2methereum_transaction_pool_monitor::eth_client[0m[2m:[0m 📨 Received WebSocket message: {"jsonrpc":"2.0","method":"eth_subscription","params":{"subscription":"0xbed0a0851463e895960a451075a301a9","result":"0xe33c7c84819e03c6b4a5f5fd64b589e8e045842de2e8c42d160b7d0e8e391da6"}}
[2m2025-12-10T10:12:05.959083Z[0m [34mDEBUG[0m [2methereum_transaction_pool_monitor::eth_client[0m[2m:[0m 📨 Received pending transaction: 0xe33c7c84819e03c6b4a5f5fd64b589e8e045842de2e8c42d160b7d0e8e391da6
[2m2025-12-10T10:12:05.965952Z[0m [34mDEBUG[0m [2mhyper::proto::h1::io[0m[2m:[0m parsed 4 headers
[2m2025-12-10T10:12:05.965965Z[0m [34mDEBUG[0m [2mhyper::proto::h1::conn[0m[2m:[0m incoming body is content-length (836 bytes)
[2m2025-12-10T10:12:05.965975Z[0m [34mDEBUG[0m [2mhyper::proto::h1::conn[0m[2m:[0m incoming body completed
[2m2025-12-10T10:12:05.965988Z[0m [34mDEBUG[0m [2mhyper::client::pool[0m[2m:[0m pooling idle connection for ("http", 192.168.0.14:8545)
[2m2025-12-10T10:12:05.965996Z[0m [34mDEBUG[0m [2methereum_transaction_pool_monitor::eth_client[0m[2m:[0m 📡 Transaction fetch RPC completed in 7.011333ms
[2m2025-12-10T10:12:05.966011Z[0m [34mDEBUG[0m [2methereum_transaction_pool_monitor::eth_client[0m[2m:[0m DeFi transaction detected - Address: 0xdac17f958d2ee523a2206206994597c13d831ec7, Type: Stablecoin, Value: 0 ETH, Gas: 0.22 Gwei
[2m2025-12-10T10:12:05.966024Z[0m [34mDEBUG[0m [2methereum_transaction_pool_monitor::eth_client[0m[2m:[0m ✅ Transaction 0x19eadf453283358972730ba4fba5c10e530bb1f4ae4debac925a15e5307c14b6 fetched and parsed in 7.039208ms
[2m2025-12-10T10:12:05.966032Z[0m [34mDEBUG[0m [2methereum_transaction_pool_monitor::mempool_monitor[0m[2m:[0m 🔍 Skipping tx 0x19eadf453283358972730ba4fba5c10e530bb1f4ae4debac925a15e5307c14b6 - not a DEX interaction (target: 0xdAC17F958D2ee523a2206206994597C13D831ec7)
[2m2025-12-10T10:12:05.966039Z[0m [34mDEBUG[0m [2methereum_transaction_pool_monitor::mempool_monitor[0m[2m:[0m 📨 Processing new pending transaction: 0xc2b42e4d24be83cfc3b95ab3e1a995bac9f21387241c4444001ac0bdac420511
[2m2025-12-10T10:12:05.966043Z[0m [34mDEBUG[0m [2methereum_transaction_pool_monitor::mempool_monitor[0m[2m:[0m 🔍 Fetching transaction details for: 0xc2b42e4d24be83cfc3b95ab3e1a995bac9f21387241c4444001ac0bdac420511
[2m2025-12-10T10:12:05.966046Z[0m [34mDEBUG[0m [2methereum_transaction_pool_monitor::eth_client[0m[2m:[0m 🔍 Fetching transaction details for hash: 0xc2b42e4d24be83cfc3b95ab3e1a995bac9f21387241c4444001ac0bdac420511
[2m2025-12-10T10:12:05.966061Z[0m [34mDEBUG[0m [2mhyper::client::pool[0m[2m:[0m reuse idle connection for ("http", 192.168.0.14:8545)
[2m2025-12-10T10:12:05.966076Z[0m [34mDEBUG[0m [2mhyper::proto::h1::io[0m[2m:[0m flushed 250 bytes
[2m2025-12-10T10:12:05.966085Z[0m [34mDEBUG[0m [2mhyper::proto::h1::io[0m[2m:[0m parsed 4 headers
[2m2025-12-10T10:12:05.966088Z[0m [34mDEBUG[0m [2mhyper::proto::h1::conn[0m[2m:[0m incoming body is content-length (45 bytes)
[2m2025-12-10T10:12:05.966092Z[0m [34mDEBUG[0m [2mhyper::proto::h1::conn[0m[2m:[0m incoming body completed
[2m2025-12-10T10:12:05.966097Z[0m [34mDEBUG[0m [2mhyper::client::pool[0m[2m:[0m pooling idle connection for ("http", 192.168.0.14:8545)
[2m2025-12-10T10:12:05.971761Z[0m [34mDEBUG[0m [2mhyper::proto::h1::io[0m[2m:[0m parsed 4 headers
[2m2025-12-10T10:12:05.971772Z[0m [34mDEBUG[0m [2mhyper::proto::h1::conn[0m[2m:[0m incoming body is content-length (1731 bytes)
[2m2025-12-10T10:12:05.971783Z[0m [34mDEBUG[0m [2methereum_transaction_pool_monitor::eth_client[0m[2m:[0m 📡 Transaction fetch RPC completed in 5.732166ms
[2m2025-12-10T10:12:05.972296Z[0m [34mDEBUG[0m [2mhyper::proto::h1::conn[0m[2m:[0m incoming body completed
[2m2025-12-10T10:12:05.972304Z[0m [34mDEBUG[0m [2mhyper::client::pool[0m[2m:[0m pooling idle connection for ("http", 192.168.0.14:8545)
[2m2025-12-10T10:12:05.999367Z[0m [34mDEBUG[0m [2mhyper::client::pool[0m[2m:[0m reuse idle connection for ("http", 192.168.0.14:8545)
[2m2025-12-10T10:12:05.999436Z[0m [34mDEBUG[0m [2mhyper::proto::h1::io[0m[2m:[0m flushed 172 bytes
[2m2025-12-10T10:12:06.002957Z[0m [34mDEBUG[0m [2mhyper::proto::h1::io[0m[2m:[0m parsed 4 headers
[2m2025-12-10T10:12:06.003001Z[0m [34mDEBUG[0m [2mhyper::proto::h1::conn[0m[2m:[0m incoming body is content-length (45 bytes)
[2m2025-12-10T10:12:06.003019Z[0m [34mDEBUG[0m [2mhyper::proto::h1::conn[0m[2m:[0m incoming body completed
[2m2025-12-10T10:12:06.003060Z[0m [34mDEBUG[0m [2mhyper::client::pool[0m[2m:[0m pooling idle connection for ("http", 192.168.0.14:8545)
[2m2025-12-10T10:12:06.044440Z[0m [34mDEBUG[0m [2methereum_transaction_pool_monitor::eth_client[0m[2m:[0m ✅ Transaction 0xc2b42e4d24be83cfc3b95ab3e1a995bac9f21387241c4444001ac0bdac420511 fetched and parsed in 78.385875ms
[2m2025-12-10T10:12:06.044467Z[0m [34mDEBUG[0m [2methereum_transaction_pool_monitor::mempool_monitor[0m[2m:[0m 🔍 Skipping tx 0xc2b42e4d24be83cfc3b95ab3e1a995bac9f21387241c4444001ac0bdac420511 - not a DEX interaction (target: 0x601a2aD6CB5949f0529735254189Ba3194221EDF)
[2m2025-12-10T10:12:06.044478Z[0m [34mDEBUG[0m [2methereum_transaction_pool_monitor::mempool_monitor[0m[2m:[0m 📨 Processing new pending transaction: 0xe33c7c84819e03c6b4a5f5fd64b589e8e045842de2e8c42d160b7d0e8e391da6
[2m2025-12-10T10:12:06.044484Z[0m [34mDEBUG[0m [2methereum_transaction_pool_monitor::mempool_monitor[0m[2m:[0m 🔍 Fetching transaction details for: 0xe33c7c84819e03c6b4a5f5fd64b589e8e045842de2e8c42d160b7d0e8e391da6
[2m2025-12-10T10:12:06.044488Z[0m [34mDEBUG[0m [2methereum_transaction_pool_monitor::eth_client[0m[2m:[0m 🔍 Fetching transaction details for hash: 0xe33c7c84819e03c6b4a5f5fd64b589e8e045842de2e8c42d160b7d0e8e391da6
[2m2025-12-10T10:12:06.044506Z[0m [34mDEBUG[0m [2mhyper::client::pool[0m[2m:[0m reuse idle connection for ("http", 192.168.0.14:8545)
[2m2025-12-10T10:12:06.044548Z[0m [34mDEBUG[0m [2mhyper::proto::h1::io[0m[2m:[0m flushed 250 bytes
[2m2025-12-10T10:12:06.049193Z[0m [34mDEBUG[0m [2mhyper::proto::h1::io[0m[2m:[0m parsed 4 headers
[2m2025-12-10T10:12:06.049203Z[0m [34mDEBUG[0m [2mhyper::proto::h1::conn[0m[2m:[0m incoming body is content-length (676 bytes)
[2m2025-12-10T10:12:06.049212Z[0m [34mDEBUG[0m [2mhyper::proto::h1::conn[0m[2m:[0m incoming body completed
[2m2025-12-10T10:12:06.049223Z[0m [34mDEBUG[0m [2mhyper::client::pool[0m[2m:[0m pooling idle connection for ("http", 192.168.0.14:8545)
[2m2025-12-10T10:12:06.049231Z[0m [34mDEBUG[0m [2methereum_transaction_pool_monitor::eth_client[0m[2m:[0m 📡 Transaction fetch RPC completed in 4.738959ms
[2m2025-12-10T10:12:06.049247Z[0m [34mDEBUG[0m [2methereum_transaction_pool_monitor::eth_client[0m[2m:[0m DeFi transaction detected - Address: 0xdac17f958d2ee523a2206206994597c13d831ec7, Type: Stablecoin, Value: 0 ETH, Gas: 0.35 Gwei
[2m2025-12-10T10:12:06.049259Z[0m [34mDEBUG[0m [2methereum_transaction_pool_monitor::eth_client[0m[2m:[0m ✅ Transaction 0xe33c7c84819e03c6b4a5f5fd64b589e8e045842de2e8c42d160b7d0e8e391da6 fetched and parsed in 4.767417ms
[2m2025-12-10T10:12:06.049265Z[0m [34mDEBUG[0m [2methereum_transaction_pool_monitor::mempool_monitor[0m[2m:[0m 🔍 Skipping tx 0xe33c7c84819e03c6b4a5f5fd64b589e8e045842de2e8c42d160b7d0e8e391da6 - not a DEX interaction (target: 0xdAC17F958D2ee523a2206206994597C13D831ec7)
[2m2025-12-10T10:12:06.098097Z[0m [34mDEBUG[0m [2mhyper::client::pool[0m[2m:[0m reuse idle connection for ("http", 192.168.0.14:8545)
[2m2025-12-10T10:12:06.098136Z[0m [34mDEBUG[0m [2mhyper::proto::h1::io[0m[2m:[0m flushed 172 bytes
[2m2025-12-10T10:12:06.103076Z[0m [34mDEBUG[0m [2mhyper::proto::h1::io[0m[2m:[0m parsed 4 headers
[2m2025-12-10T10:12:06.103092Z[0m [34mDEBUG[0m [2mhyper::proto::h1::conn[0m[2m:[0m incoming body is content-length (45 bytes)
[2m2025-12-10T10:12:06.103099Z[0m [34mDEBUG[0m [2mhyper::proto::h1::conn[0m[2m:[0m incoming body completed
[2m2025-12-10T10:12:06.103110Z[0m [34mDEBUG[0m [2mhyper::client::pool[0m[2m:[0m pooling idle connection for ("http", 192.168.0.14:8545)
[2m2025-12-10T10:12:06.198717Z[0m [34mDEBUG[0m [2mhyper::client::pool[0m[2m:[0m reuse idle connection for ("http", 192.168.0.14:8545)
[2m2025-12-10T10:12:06.198796Z[0m [34mDEBUG[0m [2mhyper::proto::h1::io[0m[2m:[0m flushed 172 bytes
[2m2025-12-10T10:12:06.202829Z[0m [34mDEBUG[0m [2mhyper::proto::h1::io[0m[2m:[0m parsed 4 headers
[2m2025-12-10T10:12:06.202848Z[0m [34mDEBUG[0m [2mhyper::proto::h1::conn[0m[2m:[0m incoming body is content-length (45 bytes)
[2m2025-12-10T10:12:06.202855Z[0m [34mDEBUG[0m [2mhyper::proto::h1::conn[0m[2m:[0m incoming body completed
[2m2025-12-10T10:12:06.202862Z[0m [34mDEBUG[0m [2mhyper::client::pool[0m[2m:[0m pooling idle connection for ("http", 192.168.0.14:8545)
[2m2025-12-10T10:12:06.221858Z[0m [34mDEBUG[0m [2methereum_transaction_pool_monitor::eth_client[0m[2m:[0m 📨 Received WebSocket message: {"jsonrpc":"2.0","method":"eth_subscription","params":{"subscription":"0xbed0a0851463e895960a451075a301a9","result":"0xe8f951ca7e5f84556acf3bfcf981a3511c7697ec1cb62a869dcd6f1f432a8759"}}
[2m2025-12-10T10:12:06.221901Z[0m [34mDEBUG[0m [2methereum_transaction_pool_monitor::eth_client[0m[2m:[0m 📨 Received pending transaction: 0xe8f951ca7e5f84556acf3bfcf981a3511c7697ec1cb62a869dcd6f1f432a8759
[2m2025-12-10T10:12:06.221918Z[0m [34mDEBUG[0m [2methereum_transaction_pool_monitor::mempool_monitor[0m[2m:[0m 📨 Processing new pending transaction: 0xe8f951ca7e5f84556acf3bfcf981a3511c7697ec1cb62a869dcd6f1f432a8759
[2m2025-12-10T10:12:06.221931Z[0m [34mDEBUG[0m [2methereum_transaction_pool_monitor::mempool_monitor[0m[2m:[0m 🔍 Fetching transaction details for: 0xe8f951ca7e5f84556acf3bfcf981a3511c7697ec1cb62a869dcd6f1f432a8759
[2m2025-12-10T10:12:06.221941Z[0m [34mDEBUG[0m [2methereum_transaction_pool_monitor::eth_client[0m[2m:[0m 🔍 Fetching transaction details for hash: 0xe8f951ca7e5f84556acf3bfcf981a3511c7697ec1cb62a869dcd6f1f432a8759
[2m2025-12-10T10:12:06.221979Z[0m [34mDEBUG[0m [2mhyper::client::pool[0m[2m:[0m reuse idle connection for ("http", 192.168.0.14:8545)
[2m2025-12-10T10:12:06.222028Z[0m [34mDEBUG[0m [2mhyper::proto::h1::io[0m[2m:[0m flushed 250 bytes
[2m2025-12-10T10:12:06.227095Z[0m [34mDEBUG[0m [2mhyper::proto::h1::io[0m[2m:[0m parsed 4 headers
[2m2025-12-10T10:12:06.227125Z[0m [34mDEBUG[0m [2mhyper::proto::h1::conn[0m[2m:[0m incoming body is content-length (830 bytes)
[2m2025-12-10T10:12:06.227144Z[0m [34mDEBUG[0m [2mhyper::proto::h1::conn[0m[2m:[0m incoming body completed
[2m2025-12-10T10:12:06.227161Z[0m [34mDEBUG[0m [2mhyper::client::pool[0m[2m:[0m pooling idle connection for ("http", 192.168.0.14:8545)
[2m2025-12-10T10:12:06.227174Z[0m [34mDEBUG[0m [2methereum_transaction_pool_monitor::eth_client[0m[2m:[0m 📡 Transaction fetch RPC completed in 5.225167ms
[2m2025-12-10T10:12:06.310255Z[0m [34mDEBUG[0m [2methereum_transaction_pool_monitor::eth_client[0m[2m:[0m ✅ Transaction 0xe8f951ca7e5f84556acf3bfcf981a3511c7697ec1cb62a869dcd6f1f432a8759 fetched and parsed in 88.303375ms
[2m2025-12-10T10:12:06.310284Z[0m [34mDEBUG[0m [2methereum_transaction_pool_monitor::mempool_monitor[0m[2m:[0m 🔍 Skipping tx 0xe8f951ca7e5f84556acf3bfcf981a3511c7697ec1cb62a869dcd6f1f432a8759 - not a DEX interaction (target: 0x3B4D794a66304F130a4Db8F2551B0070dfCf5ca7)
[2m2025-12-10T10:12:06.310335Z[0m [34mDEBUG[0m [2mhyper::client::pool[0m[2m:[0m reuse idle connection for ("http", 192.168.0.14:8545)
[2m2025-12-10T10:12:06.310381Z[0m [34mDEBUG[0m [2mhyper::proto::h1::io[0m[2m:[0m flushed 172 bytes
[2m2025-12-10T10:12:06.313684Z[0m [34mDEBUG[0m [2mhyper::proto::h1::io[0m[2m:[0m parsed 4 headers
[2m2025-12-10T10:12:06.313692Z[0m [34mDEBUG[0m [2mhyper::proto::h1::conn[0m[2m:[0m incoming body is content-length (45 bytes)
[2m2025-12-10T10:12:06.313698Z[0m [34mDEBUG[0m [2mhyper::proto::h1::conn[0m[2m:[0m incoming body completed
[2m2025-12-10T10:12:06.313706Z[0m [34mDEBUG[0m [2mhyper::client::pool[0m[2m:[0m pooling idle connection for ("http", 192.168.0.14:8545)
[2m2025-12-10T10:12:06.389557Z[0m [34mDEBUG[0m [2methereum_transaction_pool_monitor::eth_client[0m[2m:[0m 📨 Received WebSocket message: {"jsonrpc":"2.0","method":"eth_subscription","params":{"subscription":"0xbed0a0851463e895960a451075a301a9","result":"0xa2166eefe5813f09d58d27c8ec2ff19372c1917d8d3a10fb6263210e79531533"}}
[2m2025-12-10T10:12:06.389593Z[0m [34mDEBUG[0m [2methereum_transaction_pool_monitor::eth_client[0m[2m:[0m 📨 Received pending transaction: 0xa2166eefe5813f09d58d27c8ec2ff19372c1917d8d3a10fb6263210e79531533
[2m2025-12-10T10:12:06.389608Z[0m [34mDEBUG[0m [2methereum_transaction_pool_monitor::mempool_monitor[0m[2m:[0m 📨 Processing new pending transaction: 0xa2166eefe5813f09d58d27c8ec2ff19372c1917d8d3a10fb6263210e79531533
[2m2025-12-10T10:12:06.389615Z[0m [34mDEBUG[0m [2methereum_transaction_pool_monitor::mempool_monitor[0m[2m:[0m 🔍 Fetching transaction details for: 0xa2166eefe5813f09d58d27c8ec2ff19372c1917d8d3a10fb6263210e79531533
[2m2025-12-10T10:12:06.389620Z[0m [34mDEBUG[0m [2methereum_transaction_pool_monitor::eth_client[0m[2m:[0m 🔍 Fetching transaction details for hash: 0xa2166eefe5813f09d58d27c8ec2ff19372c1917d8d3a10fb6263210e79531533
[2m2025-12-10T10:12:06.389656Z[0m [34mDEBUG[0m [2mhyper::client::pool[0m[2m:[0m reuse idle connection for ("http", 192.168.0.14:8545)
[2m2025-12-10T10:12:06.389692Z[0m [34mDEBUG[0m [2mhyper::proto::h1::io[0m[2m:[0m flushed 250 bytes
[2m2025-12-10T10:12:06.394688Z[0m [34mDEBUG[0m [2mhyper::proto::h1::io[0m[2m:[0m parsed 4 headers
[2m2025-12-10T10:12:06.394694Z[0m [34mDEBUG[0m [2mhyper::proto::h1::conn[0m[2m:[0m incoming body is content-length (646 bytes)
[2m2025-12-10T10:12:06.394700Z[0m [34mDEBUG[0m [2mhyper::proto::h1::conn[0m[2m:[0m incoming body completed
[2m2025-12-10T10:12:06.394707Z[0m [34mDEBUG[0m [2mhyper::client::pool[0m[2m:[0m pooling idle connection for ("http", 192.168.0.14:8545)
[2m2025-12-10T10:12:06.394712Z[0m [34mDEBUG[0m [2methereum_transaction_pool_monitor::eth_client[0m[2m:[0m 📡 Transaction fetch RPC completed in 5.087ms
[2m2025-12-10T10:12:06.467598Z[0m [34mDEBUG[0m [2methereum_transaction_pool_monitor::eth_client[0m[2m:[0m ✅ Transaction 0xa2166eefe5813f09d58d27c8ec2ff19372c1917d8d3a10fb6263210e79531533 fetched and parsed in 77.970209ms
[2m2025-12-10T10:12:06.467626Z[0m [34mDEBUG[0m [2methereum_transaction_pool_monitor::mempool_monitor[0m[2m:[0m 🔍 Skipping tx 0xa2166eefe5813f09d58d27c8ec2ff19372c1917d8d3a10fb6263210e79531533 - not a DEX interaction (target: 0x7772FE062C2B6aC0c0F83cA4948177bE4889B1B3)
[2m2025-12-10T10:12:06.467665Z[0m [34mDEBUG[0m [2mhyper::client::pool[0m[2m:[0m reuse idle connection for ("http", 192.168.0.14:8545)
[2m2025-12-10T10:12:06.467692Z[0m [34mDEBUG[0m [2mhyper::proto::h1::io[0m[2m:[0m flushed 172 bytes
[2m2025-12-10T10:12:06.467707Z[0m [34mDEBUG[0m [2methereum_transaction_pool_monitor::eth_client[0m[2m:[0m 📨 Received WebSocket message: {"jsonrpc":"2.0","method":"eth_subscription","params":{"subscription":"0xbed0a0851463e895960a451075a301a9","result":"0xdf59e8f3322ff6b5d5022ca142bf269f6216ed2a3141a37c1ed7a38ffd129140"}}
[2m2025-12-10T10:12:06.467716Z[0m [34mDEBUG[0m [2methereum_transaction_pool_monitor::eth_client[0m[2m:[0m 📨 Received pending transaction: 0xdf59e8f3322ff6b5d5022ca142bf269f6216ed2a3141a37c1ed7a38ffd129140
[2m2025-12-10T10:12:06.467722Z[0m [34mDEBUG[0m [2methereum_transaction_pool_monitor::eth_client[0m[2m:[0m 📨 Received WebSocket message: {"jsonrpc":"2.0","method":"eth_subscription","params":{"subscription":"0xbed0a0851463e895960a451075a301a9","result":"0xd82852c8edc504ef31f041b3551c9e8cbfcb2a01c6d425074235cf9856bf45ef"}}
[2m2025-12-10T10:12:06.467726Z[0m [34mDEBUG[0m [2methereum_transaction_pool_monitor::eth_client[0m[2m:[0m 📨 Received pending transaction: 0xd82852c8edc504ef31f041b3551c9e8cbfcb2a01c6d425074235cf9856bf45ef
[2m2025-12-10T10:12:06.467733Z[0m [34mDEBUG[0m [2methereum_transaction_pool_monitor::mempool_monitor[0m[2m:[0m 📨 Processing new pending transaction: 0xdf59e8f3322ff6b5d5022ca142bf269f6216ed2a3141a37c1ed7a38ffd129140
[2m2025-12-10T10:12:06.467737Z[0m [34mDEBUG[0m [2methereum_transaction_pool_monitor::mempool_monitor[0m[2m:[0m 🔍 Fetching transaction details for: 0xdf59e8f3322ff6b5d5022ca142bf269f6216ed2a3141a37c1ed7a38ffd129140
[2m2025-12-10T10:12:06.467741Z[0m [34mDEBUG[0m [2methereum_transaction_pool_monitor::eth_client[0m[2m:[0m 🔍 Fetching transaction details for hash: 0xdf59e8f3322ff6b5d5022ca142bf269f6216ed2a3141a37c1ed7a38ffd129140
[2m2025-12-10T10:12:06.467749Z[0m [34mDEBUG[0m [2mhyper::client::pool[0m[2m:[0m reuse idle connection for ("http", 192.168.0.14:8545)
[2m2025-12-10T10:12:06.467761Z[0m [34mDEBUG[0m [2mhyper::proto::h1::io[0m[2m:[0m flushed 250 bytes
[2m2025-12-10T10:12:06.472148Z[0m [34mDEBUG[0m [2mhyper::proto::h1::io[0m[2m:[0m parsed 4 headers
[2m2025-12-10T10:12:06.472163Z[0m [34mDEBUG[0m [2mhyper::proto::h1::conn[0m[2m:[0m incoming body is content-length (45 bytes)
[2m2025-12-10T10:12:06.472171Z[0m [34mDEBUG[0m [2mhyper::proto::h1::conn[0m[2m:[0m incoming body completed
[2m2025-12-10T10:12:06.472181Z[0m [34mDEBUG[0m [2mhyper::client::pool[0m[2m:[0m pooling idle connection for ("http", 192.168.0.14:8545)
[2m2025-12-10T10:12:06.478000Z[0m [34mDEBUG[0m [2mhyper::proto::h1::io[0m[2m:[0m parsed 4 headers
[2m2025-12-10T10:12:06.478011Z[0m [34mDEBUG[0m [2mhyper::proto::h1::conn[0m[2m:[0m incoming body is content-length (829 bytes)
[2m2025-12-10T10:12:06.478018Z[0m [34mDEBUG[0m [2mhyper::proto::h1::conn[0m[2m:[0m incoming body completed
[2m2025-12-10T10:12:06.478026Z[0m [34mDEBUG[0m [2mhyper::client::pool[0m[2m:[0m pooling idle connection for ("http", 192.168.0.14:8545)
[2m2025-12-10T10:12:06.478033Z[0m [34mDEBUG[0m [2methereum_transaction_pool_monitor::eth_client[0m[2m:[0m 📡 Transaction fetch RPC completed in 10.28825ms
[2m2025-12-10T10:12:06.549186Z[0m [34mDEBUG[0m [2methereum_transaction_pool_monitor::eth_client[0m[2m:[0m ✅ Transaction 0xdf59e8f3322ff6b5d5022ca142bf269f6216ed2a3141a37c1ed7a38ffd129140 fetched and parsed in 81.439916ms
[2m2025-12-10T10:12:06.549218Z[0m [34mDEBUG[0m [2methereum_transaction_pool_monitor::mempool_monitor[0m[2m:[0m 🔍 Skipping tx 0xdf59e8f3322ff6b5d5022ca142bf269f6216ed2a3141a37c1ed7a38ffd129140 - not a DEX interaction (target: 0x3B4D794a66304F130a4Db8F2551B0070dfCf5ca7)
[2m2025-12-10T10:12:06.549231Z[0m [34mDEBUG[0m [2methereum_transaction_pool_monitor::mempool_monitor[0m[2m:[0m 📨 Processing new pending transaction: 0xd82852c8edc504ef31f041b3551c9e8cbfcb2a01c6d425074235cf9856bf45ef
[2m2025-12-10T10:12:06.549237Z[0m [34mDEBUG[0m [2methereum_transaction_pool_monitor::mempool_monitor[0m[2m:[0m 🔍 Fetching transaction details for: 0xd82852c8edc504ef31f041b3551c9e8cbfcb2a01c6d425074235cf9856bf45ef
[2m2025-12-10T10:12:06.549243Z[0m [34mDEBUG[0m [2methereum_transaction_pool_monitor::eth_client[0m[2m:[0m 🔍 Fetching transaction details for hash: 0xd82852c8edc504ef31f041b3551c9e8cbfcb2a01c6d425074235cf9856bf45ef
[2m2025-12-10T10:12:06.549263Z[0m [34mDEBUG[0m [2mhyper::client::pool[0m[2m:[0m reuse idle connection for ("http", 192.168.0.14:8545)
[2m2025-12-10T10:12:06.549295Z[0m [34mDEBUG[0m [2mhyper::proto::h1::io[0m[2m:[0m flushed 250 bytes
[2m2025-12-10T10:12:06.549315Z[0m [34mDEBUG[0m [2mhyper::client::pool[0m[2m:[0m reuse idle connection for ("http", 192.168.0.14:8545)
[2m2025-12-10T10:12:06.549328Z[0m [34mDEBUG[0m [2methereum_transaction_pool_monitor::eth_client[0m[2m:[0m 📨 Received WebSocket message: {"jsonrpc":"2.0","method":"eth_subscription","params":{"subscription":"0xbed0a0851463e895960a451075a301a9","result":"0xcc5f24da5037226c5233f97f3bcfe85b6fc81472017ad1362d463b0364ac7016"}}
[2m2025-12-10T10:12:06.549330Z[0m [34mDEBUG[0m [2mhyper::proto::h1::io[0m[2m:[0m flushed 172 bytes
[2m2025-12-10T10:12:06.549345Z[0m [34mDEBUG[0m [2methereum_transaction_pool_monitor::eth_client[0m[2m:[0m 📨 Received pending transaction: 0xcc5f24da5037226c5233f97f3bcfe85b6fc81472017ad1362d463b0364ac7016
[2m2025-12-10T10:12:06.549353Z[0m [34mDEBUG[0m [2methereum_transaction_pool_monitor::eth_client[0m[2m:[0m 📨 Received WebSocket message: {"jsonrpc":"2.0","method":"eth_subscription","params":{"subscription":"0xbed0a0851463e895960a451075a301a9","result":"0x55517e3bd787b80d5d11c4988ae8e3b1406c78b648657ab1152fe495ec511d17"}}
[2m2025-12-10T10:12:06.549359Z[0m [34mDEBUG[0m [2methereum_transaction_pool_monitor::eth_client[0m[2m:[0m 📨 Received pending transaction: 0x55517e3bd787b80d5d11c4988ae8e3b1406c78b648657ab1152fe495ec511d17
[2m2025-12-10T10:12:06.559566Z[0m [34mDEBUG[0m [2methereum_transaction_pool_monitor::eth_client[0m[2m:[0m 📨 Received WebSocket message: {"jsonrpc":"2.0","method":"eth_subscription","params":{"subscription":"0xbed0a0851463e895960a451075a301a9","result":"0x63bc5207c12b394a9117609462439545686d4cdb92e275900b85fa08e433b39a"}}
[2m2025-12-10T10:12:06.559582Z[0m [34mDEBUG[0m [2methereum_transaction_pool_monitor::eth_client[0m[2m:[0m 📨 Received pending transaction: 0x63bc5207c12b394a9117609462439545686d4cdb92e275900b85fa08e433b39a
[2m2025-12-10T10:12:06.559595Z[0m [34mDEBUG[0m [2mhyper::proto::h1::io[0m[2m:[0m parsed 4 headers
[2m2025-12-10T10:12:06.559600Z[0m [34mDEBUG[0m [2mhyper::proto::h1::conn[0m[2m:[0m incoming body is content-length (772 bytes)
[2m2025-12-10T10:12:06.559608Z[0m [34mDEBUG[0m [2mhyper::proto::h1::conn[0m[2m:[0m incoming body completed
[2m2025-12-10T10:12:06.559616Z[0m [34mDEBUG[0m [2mhyper::client::pool[0m[2m:[0m pooling idle connection for ("http", 192.168.0.14:8545)
[2m2025-12-10T10:12:06.559623Z[0m [34mDEBUG[0m [2methereum_transaction_pool_monitor::eth_client[0m[2m:[0m 📡 Transaction fetch RPC completed in 10.374542ms
[2m2025-12-10T10:12:06.630865Z[0m [34mDEBUG[0m [2methereum_transaction_pool_monitor::eth_client[0m[2m:[0m ✅ Transaction 0xd82852c8edc504ef31f041b3551c9e8cbfcb2a01c6d425074235cf9856bf45ef fetched and parsed in 81.614125ms
[2m2025-12-10T10:12:06.630892Z[0m [34mDEBUG[0m [2methereum_transaction_pool_monitor::mempool_monitor[0m[2m:[0m 🔍 Skipping tx 0xd82852c8edc504ef31f041b3551c9e8cbfcb2a01c6d425074235cf9856bf45ef - not a DEX interaction (target: 0xB8f28C60dD8240141185a192fa4156A23E189305)
[2m2025-12-10T10:12:06.630903Z[0m [34mDEBUG[0m [2methereum_transaction_pool_monitor::mempool_monitor[0m[2m:[0m 📨 Processing new pending transaction: 0xcc5f24da5037226c5233f97f3bcfe85b6fc81472017ad1362d463b0364ac7016
[2m2025-12-10T10:12:06.630909Z[0m [34mDEBUG[0m [2methereum_transaction_pool_monitor::mempool_monitor[0m[2m:[0m 🔍 Fetching transaction details for: 0xcc5f24da5037226c5233f97f3bcfe85b6fc81472017ad1362d463b0364ac7016
[2m2025-12-10T10:12:06.630913Z[0m [34mDEBUG[0m [2methereum_transaction_pool_monitor::eth_client[0m[2m:[0m 🔍 Fetching transaction details for hash: 0xcc5f24da5037226c5233f97f3bcfe85b6fc81472017ad1362d463b0364ac7016
[2m2025-12-10T10:12:06.630932Z[0m [34mDEBUG[0m [2mhyper::client::pool[0m[2m:[0m reuse idle connection for ("http", 192.168.0.14:8545)
[2m2025-12-10T10:12:06.630965Z[0m [34mDEBUG[0m [2mhyper::proto::h1::io[0m[2m:[0m flushed 250 bytes
[2m2025-12-10T10:12:06.630980Z[0m [34mDEBUG[0m [2mhyper::proto::h1::io[0m[2m:[0m parsed 4 headers
[2m2025-12-10T10:12:06.630984Z[0m [34mDEBUG[0m [2mhyper::proto::h1::conn[0m[2m:[0m incoming body is content-length (45 bytes)
[2m2025-12-10T10:12:06.630992Z[0m [34mDEBUG[0m [2mhyper::proto::h1::conn[0m[2m:[0m incoming body completed
[2m2025-12-10T10:12:06.631000Z[0m [34mDEBUG[0m [2mhyper::client::pool[0m[2m:[0m pooling idle connection for ("http", 192.168.0.14:8545)
[2m2025-12-10T10:12:06.631015Z[0m [34mDEBUG[0m [2mhyper::client::pool[0m[2m:[0m reuse idle connection for ("http", 192.168.0.14:8545)
[2m2025-12-10T10:12:06.631030Z[0m [34mDEBUG[0m [2mhyper::proto::h1::io[0m[2m:[0m flushed 172 bytes
[2m2025-12-10T10:12:06.634835Z[0m [34mDEBUG[0m [2mhyper::proto::h1::io[0m[2m:[0m parsed 4 headers
[2m2025-12-10T10:12:06.634847Z[0m [34mDEBUG[0m [2mhyper::proto::h1::conn[0m[2m:[0m incoming body is content-length (45 bytes)
[2m2025-12-10T10:12:06.634856Z[0m [34mDEBUG[0m [2mhyper::proto::h1::conn[0m[2m:[0m incoming body completed
[2m2025-12-10T10:12:06.634867Z[0m [34mDEBUG[0m [2mhyper::client::pool[0m[2m:[0m pooling idle connection for ("http", 192.168.0.14:8545)
[2m2025-12-10T10:12:06.634892Z[0m [34mDEBUG[0m [2mhyper::proto::h1::io[0m[2m:[0m parsed 4 headers
[2m2025-12-10T10:12:06.634896Z[0m [34mDEBUG[0m [2mhyper::proto::h1::conn[0m[2m:[0m incoming body is content-length (774 bytes)
[2m2025-12-10T10:12:06.634909Z[0m [34mDEBUG[0m [2mhyper::proto::h1::conn[0m[2m:[0m incoming body completed
[2m2025-12-10T10:12:06.634915Z[0m [34mDEBUG[0m [2mhyper::client::pool[0m[2m:[0m pooling idle connection for ("http", 192.168.0.14:8545)
[2m2025-12-10T10:12:06.634919Z[0m [34mDEBUG[0m [2methereum_transaction_pool_monitor::eth_client[0m[2m:[0m 📡 Transaction fetch RPC completed in 4.00275ms
[2m2025-12-10T10:12:06.634933Z[0m [34mDEBUG[0m [2methereum_transaction_pool_monitor::eth_client[0m[2m:[0m DeFi transaction detected - Address: 0xdac17f958d2ee523a2206206994597c13d831ec7, Type: Stablecoin, Value: 0 ETH, Gas: 0.71 Gwei
[2m2025-12-10T10:12:06.634949Z[0m [34mDEBUG[0m [2methereum_transaction_pool_monitor::eth_client[0m[2m:[0m ✅ Transaction 0xcc5f24da5037226c5233f97f3bcfe85b6fc81472017ad1362d463b0364ac7016 fetched and parsed in 4.032375ms
[2m2025-12-10T10:12:06.634956Z[0m [34mDEBUG[0m [2methereum_transaction_pool_monitor::mempool_monitor[0m[2m:[0m 🔍 Skipping tx 0xcc5f24da5037226c5233f97f3bcfe85b6fc81472017ad1362d463b0364ac7016 - not a DEX interaction (target: 0xdAC17F958D2ee523a2206206994597C13D831ec7)
[2m2025-12-10T10:12:06.634964Z[0m [34mDEBUG[0m [2methereum_transaction_pool_monitor::mempool_monitor[0m[2m:[0m 📨 Processing new pending transaction: 0x55517e3bd787b80d5d11c4988ae8e3b1406c78b648657ab1152fe495ec511d17
[2m2025-12-10T10:12:06.634968Z[0m [34mDEBUG[0m [2methereum_transaction_pool_monitor::mempool_monitor[0m[2m:[0m 🔍 Fetching transaction details for: 0x55517e3bd787b80d5d11c4988ae8e3b1406c78b648657ab1152fe495ec511d17
[2m2025-12-10T10:12:06.634977Z[0m [34mDEBUG[0m [2methereum_transaction_pool_monitor::eth_client[0m[2m:[0m 🔍 Fetching transaction details for hash: 0x55517e3bd787b80d5d11c4988ae8e3b1406c78b648657ab1152fe495ec511d17
[2m2025-12-10T10:12:06.634992Z[0m [34mDEBUG[0m [2mhyper::client::pool[0m[2m:[0m reuse idle connection for ("http", 192.168.0.14:8545)
[2m2025-12-10T10:12:06.635014Z[0m [34mDEBUG[0m [2mhyper::proto::h1::io[0m[2m:[0m flushed 250 bytes
[2m2025-12-10T10:12:06.640500Z[0m [34mDEBUG[0m [2mhyper::proto::h1::io[0m[2m:[0m parsed 4 headers
[2m2025-12-10T10:12:06.640507Z[0m [34mDEBUG[0m [2mhyper::proto::h1::conn[0m[2m:[0m incoming body is content-length (830 bytes)
[2m2025-12-10T10:12:06.640512Z[0m [34mDEBUG[0m [2mhyper::proto::h1::conn[0m[2m:[0m incoming body completed
[2m2025-12-10T10:12:06.640518Z[0m [34mDEBUG[0m [2mhyper::client::pool[0m[2m:[0m pooling idle connection for ("http", 192.168.0.14:8545)
[2m2025-12-10T10:12:06.640522Z[0m [34mDEBUG[0m [2methereum_transaction_pool_monitor::eth_client[0m[2m:[0m 📡 Transaction fetch RPC completed in 5.540833ms
[2m2025-12-10T10:12:06.710115Z[0m [34mDEBUG[0m [2methereum_transaction_pool_monitor::eth_client[0m[2m:[0m ✅ Transaction 0x55517e3bd787b80d5d11c4988ae8e3b1406c78b648657ab1152fe495ec511d17 fetched and parsed in 75.130417ms
[2m2025-12-10T10:12:06.710140Z[0m [34mDEBUG[0m [2methereum_transaction_pool_monitor::mempool_monitor[0m[2m:[0m 🔍 Skipping tx 0x55517e3bd787b80d5d11c4988ae8e3b1406c78b648657ab1152fe495ec511d17 - not a DEX interaction (target: 0x3B4D794a66304F130a4Db8F2551B0070dfCf5ca7)
[2m2025-12-10T10:12:06.710149Z[0m [34mDEBUG[0m [2methereum_transaction_pool_monitor::mempool_monitor[0m[2m:[0m 📨 Processing new pending transaction: 0x63bc5207c12b394a9117609462439545686d4cdb92e275900b85fa08e433b39a
[2m2025-12-10T10:12:06.710155Z[0m [34mDEBUG[0m [2methereum_transaction_pool_monitor::mempool_monitor[0m[2m:[0m 🔍 Fetching transaction details for: 0x63bc5207c12b394a9117609462439545686d4cdb92e275900b85fa08e433b39a
[2m2025-12-10T10:12:06.710159Z[0m [34mDEBUG[0m [2methereum_transaction_pool_monitor::eth_client[0m[2m:[0m 🔍 Fetching transaction details for hash: 0x63bc5207c12b394a9117609462439545686d4cdb92e275900b85fa08e433b39a
[2m2025-12-10T10:12:06.710177Z[0m [34mDEBUG[0m [2mhyper::client::pool[0m[2m:[0m reuse idle connection for ("http", 192.168.0.14:8545)
[2m2025-12-10T10:12:06.710206Z[0m [34mDEBUG[0m [2mhyper::proto::h1::io[0m[2m:[0m flushed 250 bytes
[2m2025-12-10T10:12:06.710223Z[0m [34mDEBUG[0m [2mhyper::client::pool[0m[2m:[0m reuse idle connection for ("http", 192.168.0.14:8545)
[2m2025-12-10T10:12:06.710238Z[0m [34mDEBUG[0m [2mhyper::proto::h1::io[0m[2m:[0m flushed 172 bytes
[2m2025-12-10T10:12:06.710265Z[0m [34mDEBUG[0m [2methereum_transaction_pool_monitor::eth_client[0m[2m:[0m 📨 Received WebSocket message: {"jsonrpc":"2.0","method":"eth_subscription","params":{"subscription":"0xbed0a0851463e895960a451075a301a9","result":"0x8288c1d19cc4f49ccaf13742e1124da0b1a7d835711210bc074bfeb24b60a6aa"}}
[2m2025-12-10T10:12:06.710273Z[0m [34mDEBUG[0m [2methereum_transaction_pool_monitor::eth_client[0m[2m:[0m 📨 Received pending transaction: 0x8288c1d19cc4f49ccaf13742e1124da0b1a7d835711210bc074bfeb24b60a6aa
[2m2025-12-10T10:12:06.716841Z[0m [34mDEBUG[0m [2mhyper::proto::h1::io[0m[2m:[0m parsed 4 headers
[2m2025-12-10T10:12:06.716856Z[0m [34mDEBUG[0m [2mhyper::proto::h1::conn[0m[2m:[0m incoming body is content-length (45 bytes)
[2m2025-12-10T10:12:06.716864Z[0m [34mDEBUG[0m [2mhyper::proto::h1::conn[0m[2m:[0m incoming body completed
[2m2025-12-10T10:12:06.716875Z[0m [34mDEBUG[0m [2mhyper::client::pool[0m[2m:[0m pooling idle connection for ("http", 192.168.0.14:8545)
[2m2025-12-10T10:12:06.716893Z[0m [34mDEBUG[0m [2mhyper::proto::h1::io[0m[2m:[0m parsed 4 headers
[2m2025-12-10T10:12:06.716897Z[0m [34mDEBUG[0m [2mhyper::proto::h1::conn[0m[2m:[0m incoming body is content-length (763 bytes)
[2m2025-12-10T10:12:06.716902Z[0m [34mDEBUG[0m [2mhyper::proto::h1::conn[0m[2m:[0m incoming body completed
[2m2025-12-10T10:12:06.716907Z[0m [34mDEBUG[0m [2mhyper::client::pool[0m[2m:[0m pooling idle connection for ("http", 192.168.0.14:8545)
[2m2025-12-10T10:12:06.716911Z[0m [34mDEBUG[0m [2methereum_transaction_pool_monitor::eth_client[0m[2m:[0m 📡 Transaction fetch RPC completed in 6.747417ms
[2m2025-12-10T10:12:06.788677Z[0m [34mDEBUG[0m [2methereum_transaction_pool_monitor::eth_client[0m[2m:[0m ✅ Transaction 0x63bc5207c12b394a9117609462439545686d4cdb92e275900b85fa08e433b39a fetched and parsed in 78.510584ms
[2m2025-12-10T10:12:06.788708Z[0m [34mDEBUG[0m [2methereum_transaction_pool_monitor::mempool_monitor[0m[2m:[0m 🔍 Skipping tx 0x63bc5207c12b394a9117609462439545686d4cdb92e275900b85fa08e433b39a - not a DEX interaction (target: 0xbf2179859fc6D5BEE9Bf9158632Dc51678a4100e)
[2m2025-12-10T10:12:06.788720Z[0m [34mDEBUG[0m [2methereum_transaction_pool_monitor::mempool_monitor[0m[2m:[0m 📨 Processing new pending transaction: 0x8288c1d19cc4f49ccaf13742e1124da0b1a7d835711210bc074bfeb24b60a6aa
[2m2025-12-10T10:12:06.788729Z[0m [34mDEBUG[0m [2methereum_transaction_pool_monitor::mempool_monitor[0m[2m:[0m 🔍 Fetching transaction details for: 0x8288c1d19cc4f49ccaf13742e1124da0b1a7d835711210bc074bfeb24b60a6aa
[2m2025-12-10T10:12:06.788734Z[0m [34mDEBUG[0m [2methereum_transaction_pool_monitor::eth_client[0m[2m:[0m 🔍 Fetching transaction details for hash: 0x8288c1d19cc4f49ccaf13742e1124da0b1a7d835711210bc074bfeb24b60a6aa
[2m2025-12-10T10:12:06.788755Z[0m [34mDEBUG[0m [2mhyper::client::pool[0m[2m:[0m reuse idle connection for ("http", 192.168.0.14:8545)
[2m2025-12-10T10:12:06.788783Z[0m [34mDEBUG[0m [2mhyper::proto::h1::io[0m[2m:[0m flushed 250 bytes
[2m2025-12-10T10:12:06.788804Z[0m [34mDEBUG[0m [2methereum_transaction_pool_monitor::eth_client[0m[2m:[0m 📨 Received WebSocket message: {"jsonrpc":"2.0","method":"eth_subscription","params":{"subscription":"0xbed0a0851463e895960a451075a301a9","result":"0x5b036eb2e8211da70f9ac88367bb50a22b81237a1ca38b9a8073d308d22b620b"}}
[2m2025-12-10T10:12:06.788815Z[0m [34mDEBUG[0m [2methereum_transaction_pool_monitor::eth_client[0m[2m:[0m 📨 Received pending transaction: 0x5b036eb2e8211da70f9ac88367bb50a22b81237a1ca38b9a8073d308d22b620b
[2m2025-12-10T10:12:06.788822Z[0m [34mDEBUG[0m [2methereum_transaction_pool_monitor::eth_client[0m[2m:[0m 📨 Received WebSocket message: {"jsonrpc":"2.0","method":"eth_subscription","params":{"subscription":"0xbed0a0851463e895960a451075a301a9","result":"0x87972818f1565c06c07ff673d0f5e7e2c40019f90d15e9d56f12173025fe6356"}}
[2m2025-12-10T10:12:06.788828Z[0m [34mDEBUG[0m [2methereum_transaction_pool_monitor::eth_client[0m[2m:[0m 📨 Received pending transaction: 0x87972818f1565c06c07ff673d0f5e7e2c40019f90d15e9d56f12173025fe6356
[2m2025-12-10T10:12:06.794705Z[0m [34mDEBUG[0m [2mhyper::proto::h1::io[0m[2m:[0m parsed 4 headers
[2m2025-12-10T10:12:06.794713Z[0m [34mDEBUG[0m [2mhyper::proto::h1::conn[0m[2m:[0m incoming body is content-length (548 bytes)
[2m2025-12-10T10:12:06.794720Z[0m [34mDEBUG[0m [2mhyper::proto::h1::conn[0m[2m:[0m incoming body completed
[2m2025-12-10T10:12:06.794728Z[0m [34mDEBUG[0m [2mhyper::client::pool[0m[2m:[0m pooling idle connection for ("http", 192.168.0.14:8545)
[2m2025-12-10T10:12:06.794734Z[0m [34mDEBUG[0m [2methereum_transaction_pool_monitor::eth_client[0m[2m:[0m 📡 Transaction fetch RPC completed in 5.994666ms
[2m2025-12-10T10:12:06.865893Z[0m [34mDEBUG[0m [2methereum_transaction_pool_monitor::eth_client[0m[2m:[0m ✅ Transaction 0x8288c1d19cc4f49ccaf13742e1124da0b1a7d835711210bc074bfeb24b60a6aa fetched and parsed in 77.150416ms
[2m2025-12-10T10:12:06.865921Z[0m [34mDEBUG[0m [2methereum_transaction_pool_monitor::mempool_monitor[0m[2m:[0m 🔍 Skipping tx 0x8288c1d19cc4f49ccaf13742e1124da0b1a7d835711210bc074bfeb24b60a6aa - not a DEX interaction (target: 0x66B0fA76A0F54A04Ffb7Bf1bEd1e1B009AF9C908)
[2m2025-12-10T10:12:06.865932Z[0m [34mDEBUG[0m [2methereum_transaction_pool_monitor::mempool_monitor[0m[2m:[0m 📨 Processing new pending transaction: 0x5b036eb2e8211da70f9ac88367bb50a22b81237a1ca38b9a8073d308d22b620b
[2m2025-12-10T10:12:06.865939Z[0m [34mDEBUG[0m [2methereum_transaction_pool_monitor::mempool_monitor[0m[2m:[0m 🔍 Fetching transaction details for: 0x5b036eb2e8211da70f9ac88367bb50a22b81237a1ca38b9a8073d308d22b620b
[2m2025-12-10T10:12:06.865944Z[0m [34mDEBUG[0m [2methereum_transaction_pool_monitor::eth_client[0m[2m:[0m 🔍 Fetching transaction details for hash: 0x5b036eb2e8211da70f9ac88367bb50a22b81237a1ca38b9a8073d308d22b620b
[2m2025-12-10T10:12:06.865963Z[0m [34mDEBUG[0m [2mhyper::client::pool[0m[2m:[0m reuse idle connection for ("http", 192.168.0.14:8545)
[2m2025-12-10T10:12:06.866004Z[0m [34mDEBUG[0m [2mhyper::proto::h1::io[0m[2m:[0m flushed 250 bytes
[2m2025-12-10T10:12:06.866032Z[0m [34mDEBUG[0m [2mhyper::client::pool[0m[2m:[0m reuse idle connection for ("http", 192.168.0.14:8545)
[2m2025-12-10T10:12:06.866045Z[0m [34mDEBUG[0m [2mhyper::proto::h1::io[0m[2m:[0m flushed 172 bytes
[2m2025-12-10T10:12:06.869985Z[0m [34mDEBUG[0m [2mhyper::proto::h1::io[0m[2m:[0m parsed 4 headers
[2m2025-12-10T10:12:06.869998Z[0m [34mDEBUG[0m [2mhyper::proto::h1::conn[0m[2m:[0m incoming body is content-length (45 bytes)
[2m2025-12-10T10:12:06.870006Z[0m [34mDEBUG[0m [2mhyper::proto::h1::conn[0m[2m:[0m incoming body completed
[2m2025-12-10T10:12:06.870015Z[0m [34mDEBUG[0m [2mhyper::client::pool[0m[2m:[0m pooling idle connection for ("http", 192.168.0.14:8545)
[2m2025-12-10T10:12:06.870688Z[0m [34mDEBUG[0m [2mhyper::proto::h1::io[0m[2m:[0m parsed 4 headers
[2m2025-12-10T10:12:06.870695Z[0m [34mDEBUG[0m [2mhyper::proto::h1::conn[0m[2m:[0m incoming body is content-length (830 bytes)
[2m2025-12-10T10:12:06.870700Z[0m [34mDEBUG[0m [2mhyper::proto::h1::conn[0m[2m:[0m incoming body completed
[2m2025-12-10T10:12:06.870706Z[0m [34mDEBUG[0m [2mhyper::client::pool[0m[2m:[0m pooling idle connection for ("http", 192.168.0.14:8545)
[2m2025-12-10T10:12:06.870711Z[0m [34mDEBUG[0m [2methereum_transaction_pool_monitor::eth_client[0m[2m:[0m 📡 Transaction fetch RPC completed in 4.762875ms
[2m2025-12-10T10:12:06.942222Z[0m [34mDEBUG[0m [2methereum_transaction_pool_monitor::eth_client[0m[2m:[0m ✅ Transaction 0x5b036eb2e8211da70f9ac88367bb50a22b81237a1ca38b9a8073d308d22b620b fetched and parsed in 76.271792ms
[2m2025-12-10T10:12:06.942245Z[0m [34mDEBUG[0m [2methereum_transaction_pool_monitor::mempool_monitor[0m[2m:[0m 🔍 Skipping tx 0x5b036eb2e8211da70f9ac88367bb50a22b81237a1ca38b9a8073d308d22b620b - not a DEX interaction (target: 0x3B4D794a66304F130a4Db8F2551B0070dfCf5ca7)
[2m2025-12-10T10:12:06.942256Z[0m [34mDEBUG[0m [2methereum_transaction_pool_monitor::mempool_monitor[0m[2m:[0m 📨 Processing new pending transaction: 0x87972818f1565c06c07ff673d0f5e7e2c40019f90d15e9d56f12173025fe6356
[2m2025-12-10T10:12:06.942262Z[0m [34mDEBUG[0m [2methereum_transaction_pool_monitor::mempool_monitor[0m[2m:[0m 🔍 Fetching transaction details for: 0x87972818f1565c06c07ff673d0f5e7e2c40019f90d15e9d56f12173025fe6356
[2m2025-12-10T10:12:06.942267Z[0m [34mDEBUG[0m [2methereum_transaction_pool_monitor::eth_client[0m[2m:[0m 🔍 Fetching transaction details for hash: 0x87972818f1565c06c07ff673d0f5e7e2c40019f90d15e9d56f12173025fe6356
[2m2025-12-10T10:12:06.942284Z[0m [34mDEBUG[0m [2mhyper::client::pool[0m[2m:[0m reuse idle connection for ("http", 192.168.0.14:8545)
[2m2025-12-10T10:12:06.942318Z[0m [34mDEBUG[0m [2mhyper::proto::h1::io[0m[2m:[0m flushed 250 bytes
[2m2025-12-10T10:12:06.942337Z[0m [34mDEBUG[0m [2mhyper::client::pool[0m[2m:[0m reuse idle connection for ("http", 192.168.0.14:8545)
[2m2025-12-10T10:12:06.942351Z[0m [34mDEBUG[0m [2mhyper::proto::h1::io[0m[2m:[0m flushed 172 bytes
[2m2025-12-10T10:12:06.942413Z[0m [34mDEBUG[0m [2methereum_transaction_pool_monitor::eth_client[0m[2m:[0m 📨 Received WebSocket message: {"jsonrpc":"2.0","method":"eth_subscription","params":{"subscription":"0xbed0a0851463e895960a451075a301a9","result":"0xaec298da8d7af2c12ec0dd850476bc0c0838ed50cadde56239b0f41b2ee2ee49"}}
[2m2025-12-10T10:12:06.942423Z[0m [34mDEBUG[0m [2methereum_transaction_pool_monitor::eth_client[0m[2m:[0m 📨 Received pending transaction: 0xaec298da8d7af2c12ec0dd850476bc0c0838ed50cadde56239b0f41b2ee2ee49
[2m2025-12-10T10:12:06.946953Z[0m [34mDEBUG[0m [2mhyper::proto::h1::io[0m[2m:[0m parsed 4 headers
[2m2025-12-10T10:12:06.950340Z[0m [34mDEBUG[0m [2mhyper::proto::h1::conn[0m[2m:[0m incoming body is content-length (45 bytes)
[2m2025-12-10T10:12:06.950353Z[0m [34mDEBUG[0m [2mhyper::proto::h1::conn[0m[2m:[0m incoming body completed
[2m2025-12-10T10:12:06.950364Z[0m [34mDEBUG[0m [2mhyper::client::pool[0m[2m:[0m pooling idle connection for ("http", 192.168.0.14:8545)
[2m2025-12-10T10:12:06.952949Z[0m [34mDEBUG[0m [2mhyper::proto::h1::io[0m[2m:[0m parsed 4 headers
[2m2025-12-10T10:12:06.952977Z[0m [34mDEBUG[0m [2mhyper::proto::h1::conn[0m[2m:[0m incoming body is content-length (772 bytes)
[2m2025-12-10T10:12:06.952991Z[0m [34mDEBUG[0m [2mhyper::proto::h1::conn[0m[2m:[0m incoming body completed
[2m2025-12-10T10:12:06.953008Z[0m [34mDEBUG[0m [2mhyper::client::pool[0m[2m:[0m pooling idle connection for ("http", 192.168.0.14:8545)
[2m2025-12-10T10:12:06.953021Z[0m [34mDEBUG[0m [2methereum_transaction_pool_monitor::eth_client[0m[2m:[0m 📡 Transaction fetch RPC completed in 10.750625ms
[2m2025-12-10T10:12:06.953048Z[0m [34mDEBUG[0m [2methereum_transaction_pool_monitor::eth_client[0m[2m:[0m DeFi transaction detected - Address: 0xdac17f958d2ee523a2206206994597c13d831ec7, Type: Stablecoin, Value: 0 ETH, Gas: 0.25 Gwei
[2m2025-12-10T10:12:06.953069Z[0m [34mDEBUG[0m [2methereum_transaction_pool_monitor::eth_client[0m[2m:[0m ✅ Transaction 0x87972818f1565c06c07ff673d0f5e7e2c40019f90d15e9d56f12173025fe6356 fetched and parsed in 10.798584ms
[2m2025-12-10T10:12:06.953082Z[0m [34mDEBUG[0m [2methereum_transaction_pool_monitor::mempool_monitor[0m[2m:[0m 🔍 Skipping tx 0x87972818f1565c06c07ff673d0f5e7e2c40019f90d15e9d56f12173025fe6356 - not a DEX interaction (target: 0xdAC17F958D2ee523a2206206994597C13D831ec7)
[2m2025-12-10T10:12:06.953095Z[0m [34mDEBUG[0m [2methereum_transaction_pool_monitor::mempool_monitor[0m[2m:[0m 📨 Processing new pending transaction: 0xaec298da8d7af2c12ec0dd850476bc0c0838ed50cadde56239b0f41b2ee2ee49
[2m2025-12-10T10:12:06.953103Z[0m [34mDEBUG[0m [2methereum_transaction_pool_monitor::mempool_monitor[0m[2m:[0m 🔍 Fetching transaction details for: 0xaec298da8d7af2c12ec0dd850476bc0c0838ed50cadde56239b0f41b2ee2ee49
[2m2025-12-10T10:12:06.953111Z[0m [34mDEBUG[0m [2methereum_transaction_pool_monitor::eth_client[0m[2m:[0m 🔍 Fetching transaction details for hash: 0xaec298da8d7af2c12ec0dd850476bc0c0838ed50cadde56239b0f41b2ee2ee49
[2m2025-12-10T10:12:06.953134Z[0m [34mDEBUG[0m [2mhyper::client::pool[0m[2m:[0m reuse idle connection for ("http", 192.168.0.14:8545)
[2m2025-12-10T10:12:06.953168Z[0m [34mDEBUG[0m [2mhyper::proto::h1::io[0m[2m:[0m flushed 250 bytes
[2m2025-12-10T10:12:06.957627Z[0m [34mDEBUG[0m [2mhyper::proto::h1::io[0m[2m:[0m parsed 4 headers
[2m2025-12-10T10:12:06.957641Z[0m [34mDEBUG[0m [2mhyper::proto::h1::conn[0m[2m:[0m incoming body is content-length (830 bytes)
[2m2025-12-10T10:12:06.957648Z[0m [34mDEBUG[0m [2mhyper::proto::h1::conn[0m[2m:[0m incoming body completed
[2m2025-12-10T10:12:06.957656Z[0m [34mDEBUG[0m [2mhyper::client::pool[0m[2m:[0m pooling idle connection for ("http", 192.168.0.14:8545)
[2m2025-12-10T10:12:06.957662Z[0m [34mDEBUG[0m [2methereum_transaction_pool_monitor::eth_client[0m[2m:[0m 📡 Transaction fetch RPC completed in 4.544ms
[2m2025-12-10T10:12:07.026679Z[0m [34mDEBUG[0m [2methereum_transaction_pool_monitor::eth_client[0m[2m:[0m ✅ Transaction 0xaec298da8d7af2c12ec0dd850476bc0c0838ed50cadde56239b0f41b2ee2ee49 fetched and parsed in 73.558083ms
[2m2025-12-10T10:12:07.026706Z[0m [34mDEBUG[0m [2methereum_transaction_pool_monitor::mempool_monitor[0m[2m:[0m 🔍 Skipping tx 0xaec298da8d7af2c12ec0dd850476bc0c0838ed50cadde56239b0f41b2ee2ee49 - not a DEX interaction (target: 0x3B4D794a66304F130a4Db8F2551B0070dfCf5ca7)
[2m2025-12-10T10:12:07.026818Z[0m [34mDEBUG[0m [2mhyper::client::pool[0m[2m:[0m reuse idle connection for ("http", 192.168.0.14:8545)
[2m2025-12-10T10:12:07.026843Z[0m [34mDEBUG[0m [2mhyper::proto::h1::io[0m[2m:[0m flushed 172 bytes
[2m2025-12-10T10:12:07.031984Z[0m [34mDEBUG[0m [2mhyper::proto::h1::io[0m[2m:[0m parsed 4 headers
[2m2025-12-10T10:12:07.031990Z[0m [34mDEBUG[0m [2mhyper::proto::h1::conn[0m[2m:[0m incoming body is content-length (45 bytes)
[2m2025-12-10T10:12:07.032001Z[0m [34mDEBUG[0m [2mhyper::proto::h1::conn[0m[2m:[0m incoming body completed
[2m2025-12-10T10:12:07.032010Z[0m [34mDEBUG[0m [2mhyper::client::pool[0m[2m:[0m pooling idle connection for ("http", 192.168.0.14:8545)
[2m2025-12-10T10:12:07.099618Z[0m [34mDEBUG[0m [2mhyper::client::pool[0m[2m:[0m reuse idle connection for ("http", 192.168.0.14:8545)
[2m2025-12-10T10:12:07.099709Z[0m [34mDEBUG[0m [2mhyper::proto::h1::io[0m[2m:[0m flushed 172 bytes
[2m2025-12-10T10:12:07.104136Z[0m [34mDEBUG[0m [2mhyper::proto::h1::io[0m[2m:[0m parsed 4 headers
[2m2025-12-10T10:12:07.104142Z[0m [34mDEBUG[0m [2mhyper::proto::h1::conn[0m[2m:[0m incoming body is content-length (45 bytes)
[2m2025-12-10T10:12:07.104149Z[0m [34mDEBUG[0m [2mhyper::proto::h1::conn[0m[2m:[0m incoming body completed
[2m2025-12-10T10:12:07.104156Z[0m [34mDEBUG[0m [2mhyper::client::pool[0m[2m:[0m pooling idle connection for ("http", 192.168.0.14:8545)
[2m2025-12-10T10:12:07.199552Z[0m [34mDEBUG[0m [2mhyper::client::pool[0m[2m:[0m reuse idle connection for ("http", 192.168.0.14:8545)
[2m2025-12-10T10:12:07.199656Z[0m [34mDEBUG[0m [2mhyper::proto::h1::io[0m[2m:[0m flushed 172 bytes
[2m2025-12-10T10:12:07.209961Z[0m [34mDEBUG[0m [2methereum_transaction_pool_monitor::eth_client[0m[2m:[0m 📨 Received WebSocket message: {"jsonrpc":"2.0","method":"eth_subscription","params":{"subscription":"0xbed0a0851463e895960a451075a301a9","result":"0xca045c0a6ab5b892917ad01e544c55c9ff9699be7a0ccfaad6fa885adcc9bcb7"}}
[2m2025-12-10T10:12:07.210005Z[0m [34mDEBUG[0m [2methereum_transaction_pool_monitor::eth_client[0m[2m:[0m 📨 Received pending transaction: 0xca045c0a6ab5b892917ad01e544c55c9ff9699be7a0ccfaad6fa885adcc9bcb7
[2m2025-12-10T10:12:07.210023Z[0m [34mDEBUG[0m [2methereum_transaction_pool_monitor::mempool_monitor[0m[2m:[0m 📨 Processing new pending transaction: 0xca045c0a6ab5b892917ad01e544c55c9ff9699be7a0ccfaad6fa885adcc9bcb7
[2m2025-12-10T10:12:07.210034Z[0m [34mDEBUG[0m [2methereum_transaction_pool_monitor::mempool_monitor[0m[2m:[0m 🔍 Fetching transaction details for: 0xca045c0a6ab5b892917ad01e544c55c9ff9699be7a0ccfaad6fa885adcc9bcb7
[2m2025-12-10T10:12:07.210043Z[0m [34mDEBUG[0m [2methereum_transaction_pool_monitor::eth_client[0m[2m:[0m 🔍 Fetching transaction details for hash: 0xca045c0a6ab5b892917ad01e544c55c9ff9699be7a0ccfaad6fa885adcc9bcb7
[2m2025-12-10T10:12:07.210073Z[0m [34mDEBUG[0m [2mhyper::client::pool[0m[2m:[0m reuse idle connection for ("http", 192.168.0.14:8545)
[2m2025-12-10T10:12:07.210113Z[0m [34mDEBUG[0m [2mhyper::proto::h1::io[0m[2m:[0m flushed 250 bytes
[2m2025-12-10T10:12:07.215743Z[0m [34mDEBUG[0m [2methereum_transaction_pool_monitor::eth_client[0m[2m:[0m 📨 Received WebSocket message: {"jsonrpc":"2.0","method":"eth_subscription","params":{"subscription":"0xbed0a0851463e895960a451075a301a9","result":"0x41f9ca5b8421a43b28c965165b07f1a177e8f04ae87980096259b9eb30d025c3"}}
[2m2025-12-10T10:12:07.215750Z[0m [34mDEBUG[0m [2mhyper::proto::h1::io[0m[2m:[0m parsed 4 headers
[2m2025-12-10T10:12:07.215799Z[0m [34mDEBUG[0m [2methereum_transaction_pool_monitor::eth_client[0m[2m:[0m 📨 Received pending transaction: 0x41f9ca5b8421a43b28c965165b07f1a177e8f04ae87980096259b9eb30d025c3
[2m2025-12-10T10:12:07.215806Z[0m [34mDEBUG[0m [2mhyper::proto::h1::conn[0m[2m:[0m incoming body is content-length (45 bytes)
[2m2025-12-10T10:12:07.215833Z[0m [34mDEBUG[0m [2mhyper::proto::h1::conn[0m[2m:[0m incoming body completed
[2m2025-12-10T10:12:07.215863Z[0m [34mDEBUG[0m [2mhyper::client::pool[0m[2m:[0m pooling idle connection for ("http", 192.168.0.14:8545)
[2m2025-12-10T10:12:07.218813Z[0m [34mDEBUG[0m [2mhyper::proto::h1::io[0m[2m:[0m parsed 4 headers
[2m2025-12-10T10:12:07.218830Z[0m [34mDEBUG[0m [2mhyper::proto::h1::conn[0m[2m:[0m incoming body is content-length (830 bytes)
[2m2025-12-10T10:12:07.218845Z[0m [34mDEBUG[0m [2mhyper::proto::h1::conn[0m[2m:[0m incoming body completed
[2m2025-12-10T10:12:07.218867Z[0m [34mDEBUG[0m [2mhyper::client::pool[0m[2m:[0m pooling idle connection for ("http", 192.168.0.14:8545)
[2m2025-12-10T10:12:07.218883Z[0m [34mDEBUG[0m [2methereum_transaction_pool_monitor::eth_client[0m[2m:[0m 📡 Transaction fetch RPC completed in 8.830834ms
[2m2025-12-10T10:12:07.298876Z[0m [34mDEBUG[0m [2methereum_transaction_pool_monitor::eth_client[0m[2m:[0m ✅ Transaction 0xca045c0a6ab5b892917ad01e544c55c9ff9699be7a0ccfaad6fa885adcc9bcb7 fetched and parsed in 88.821209ms
[2m2025-12-10T10:12:07.298907Z[0m [34mDEBUG[0m [2methereum_transaction_pool_monitor::mempool_monitor[0m[2m:[0m 🔍 Skipping tx 0xca045c0a6ab5b892917ad01e544c55c9ff9699be7a0ccfaad6fa885adcc9bcb7 - not a DEX interaction (target: 0x3B4D794a66304F130a4Db8F2551B0070dfCf5ca7)
[2m2025-12-10T10:12:07.298918Z[0m [34mDEBUG[0m [2methereum_transaction_pool_monitor::mempool_monitor[0m[2m:[0m 📨 Processing new pending transaction: 0x41f9ca5b8421a43b28c965165b07f1a177e8f04ae87980096259b9eb30d025c3
[2m2025-12-10T10:12:07.298924Z[0m [34mDEBUG[0m [2methereum_transaction_pool_monitor::mempool_monitor[0m[2m:[0m 🔍 Fetching transaction details for: 0x41f9ca5b8421a43b28c965165b07f1a177e8f04ae87980096259b9eb30d025c3
[2m2025-12-10T10:12:07.298928Z[0m [34mDEBUG[0m [2methereum_transaction_pool_monitor::eth_client[0m[2m:[0m 🔍 Fetching transaction details for hash: 0x41f9ca5b8421a43b28c965165b07f1a177e8f04ae87980096259b9eb30d025c3
[2m2025-12-10T10:12:07.298949Z[0m [34mDEBUG[0m [2mhyper::client::pool[0m[2m:[0m reuse idle connection for ("http", 192.168.0.14:8545)
[2m2025-12-10T10:12:07.298996Z[0m [34mDEBUG[0m [2mhyper::proto::h1::io[0m[2m:[0m flushed 250 bytes
[2m2025-12-10T10:12:07.299016Z[0m [34mDEBUG[0m [2mhyper::client::pool[0m[2m:[0m reuse idle connection for ("http", 192.168.0.14:8545)
[2m2025-12-10T10:12:07.299020Z[0m [34mDEBUG[0m [2methereum_transaction_pool_monitor::eth_client[0m[2m:[0m 📨 Received WebSocket message: {"jsonrpc":"2.0","method":"eth_subscription","params":{"subscription":"0xbed0a0851463e895960a451075a301a9","result":"0xcb477f50ac4ce65c5d3742d38a9c394c2bd70574e4012f9c1e78bfa5050d403d"}}
[2m2025-12-10T10:12:07.299030Z[0m [34mDEBUG[0m [2methereum_transaction_pool_monitor::eth_client[0m[2m:[0m 📨 Received pending transaction: 0xcb477f50ac4ce65c5d3742d38a9c394c2bd70574e4012f9c1e78bfa5050d403d
[2m2025-12-10T10:12:07.299031Z[0m [34mDEBUG[0m [2mhyper::proto::h1::io[0m[2m:[0m flushed 172 bytes
[2m2025-12-10T10:12:07.299035Z[0m [34mDEBUG[0m [2methereum_transaction_pool_monitor::eth_client[0m[2m:[0m 📨 Received WebSocket message: {"jsonrpc":"2.0","method":"eth_subscription","params":{"subscription":"0xbed0a0851463e895960a451075a301a9","result":"0xff3224893b84f64bd31622c84fe4f9f27abc91a9b6814b0cbdc516d9a55845b6"}}
[2m2025-12-10T10:12:07.299042Z[0m [34mDEBUG[0m [2methereum_transaction_pool_monitor::eth_client[0m[2m:[0m 📨 Received pending transaction: 0xff3224893b84f64bd31622c84fe4f9f27abc91a9b6814b0cbdc516d9a55845b6
[2m2025-12-10T10:12:07.307903Z[0m [34mDEBUG[0m [2mhyper::proto::h1::io[0m[2m:[0m parsed 4 headers
[2m2025-12-10T10:12:07.307910Z[0m [34mDEBUG[0m [2mhyper::proto::h1::conn[0m[2m:[0m incoming body is content-length (1092 bytes)
[2m2025-12-10T10:12:07.307919Z[0m [34mDEBUG[0m [2mhyper::proto::h1::conn[0m[2m:[0m incoming body completed
[2m2025-12-10T10:12:07.307927Z[0m [34mDEBUG[0m [2mhyper::client::pool[0m[2m:[0m pooling idle connection for ("http", 192.168.0.14:8545)
[2m2025-12-10T10:12:07.307933Z[0m [34mDEBUG[0m [2methereum_transaction_pool_monitor::eth_client[0m[2m:[0m 📡 Transaction fetch RPC completed in 9.000708ms
[2m2025-12-10T10:12:07.379401Z[0m [34mDEBUG[0m [2methereum_transaction_pool_monitor::eth_client[0m[2m:[0m ✅ Transaction 0x41f9ca5b8421a43b28c965165b07f1a177e8f04ae87980096259b9eb30d025c3 fetched and parsed in 80.4665ms
[2m2025-12-10T10:12:07.383447Z[0m [34mDEBUG[0m [2methereum_transaction_pool_monitor::mempool_monitor[0m[2m:[0m 🔍 Skipping tx 0x41f9ca5b8421a43b28c965165b07f1a177e8f04ae87980096259b9eb30d025c3 - not a DEX interaction (target: 0x52B35406CB2FB5e0038EdEcFc129A152a1f74087)
[2m2025-12-10T10:12:07.383460Z[0m [34mDEBUG[0m [2methereum_transaction_pool_monitor::mempool_monitor[0m[2m:[0m 📨 Processing new pending transaction: 0xcb477f50ac4ce65c5d3742d38a9c394c2bd70574e4012f9c1e78bfa5050d403d
[2m2025-12-10T10:12:07.383465Z[0m [34mDEBUG[0m [2methereum_transaction_pool_monitor::mempool_monitor[0m[2m:[0m 🔍 Fetching transaction details for: 0xcb477f50ac4ce65c5d3742d38a9c394c2bd70574e4012f9c1e78bfa5050d403d
[2m2025-12-10T10:12:07.383471Z[0m [34mDEBUG[0m [2methereum_transaction_pool_monitor::eth_client[0m[2m:[0m 🔍 Fetching transaction details for hash: 0xcb477f50ac4ce65c5d3742d38a9c394c2bd70574e4012f9c1e78bfa5050d403d
[2m2025-12-10T10:12:07.383490Z[0m [34mDEBUG[0m [2mhyper::client::pool[0m[2m:[0m reuse idle connection for ("http", 192.168.0.14:8545)
[2m2025-12-10T10:12:07.383538Z[0m [34mDEBUG[0m [2mhyper::proto::h1::io[0m[2m:[0m flushed 250 bytes
[2m2025-12-10T10:12:07.383555Z[0m [34mDEBUG[0m [2mhyper::proto::h1::io[0m[2m:[0m parsed 4 headers
[2m2025-12-10T10:12:07.383561Z[0m [34mDEBUG[0m [2mhyper::proto::h1::conn[0m[2m:[0m incoming body is content-length (45 bytes)
[2m2025-12-10T10:12:07.383570Z[0m [34mDEBUG[0m [2mhyper::proto::h1::conn[0m[2m:[0m incoming body completed
[2m2025-12-10T10:12:07.383580Z[0m [34mDEBUG[0m [2mhyper::client::pool[0m[2m:[0m pooling idle connection for ("http", 192.168.0.14:8545)
[2m2025-12-10T10:12:07.387048Z[0m [34mDEBUG[0m [2mhyper::proto::h1::io[0m[2m:[0m parsed 4 headers
[2m2025-12-10T10:12:07.388145Z[0m [34mDEBUG[0m [2mhyper::proto::h1::conn[0m[2m:[0m incoming body is content-length (830 bytes)
[2m2025-12-10T10:12:07.388152Z[0m [34mDEBUG[0m [2mhyper::proto::h1::conn[0m[2m:[0m incoming body completed
[2m2025-12-10T10:12:07.388159Z[0m [34mDEBUG[0m [2mhyper::client::pool[0m[2m:[0m pooling idle connection for ("http", 192.168.0.14:8545)
[2m2025-12-10T10:12:07.388165Z[0m [34mDEBUG[0m [2methereum_transaction_pool_monitor::eth_client[0m[2m:[0m 📡 Transaction fetch RPC completed in 4.68925ms
[2m2025-12-10T10:12:07.459717Z[0m [34mDEBUG[0m [2methereum_transaction_pool_monitor::eth_client[0m[2m:[0m ✅ Transaction 0xcb477f50ac4ce65c5d3742d38a9c394c2bd70574e4012f9c1e78bfa5050d403d fetched and parsed in 76.238542ms
[2m2025-12-10T10:12:07.459739Z[0m [34mDEBUG[0m [2methereum_transaction_pool_monitor::mempool_monitor[0m[2m:[0m 🔍 Skipping tx 0xcb477f50ac4ce65c5d3742d38a9c394c2bd70574e4012f9c1e78bfa5050d403d - not a DEX interaction (target: 0x3B4D794a66304F130a4Db8F2551B0070dfCf5ca7)
[2m2025-12-10T10:12:07.459749Z[0m [34mDEBUG[0m [2methereum_transaction_pool_monitor::mempool_monitor[0m[2m:[0m 📨 Processing new pending transaction: 0xff3224893b84f64bd31622c84fe4f9f27abc91a9b6814b0cbdc516d9a55845b6
[2m2025-12-10T10:12:07.459755Z[0m [34mDEBUG[0m [2methereum_transaction_pool_monitor::mempool_monitor[0m[2m:[0m 🔍 Fetching transaction details for: 0xff3224893b84f64bd31622c84fe4f9f27abc91a9b6814b0cbdc516d9a55845b6
[2m2025-12-10T10:12:07.459760Z[0m [34mDEBUG[0m [2methereum_transaction_pool_monitor::eth_client[0m[2m:[0m 🔍 Fetching transaction details for hash: 0xff3224893b84f64bd31622c84fe4f9f27abc91a9b6814b0cbdc516d9a55845b6
[2m2025-12-10T10:12:07.459778Z[0m [34mDEBUG[0m [2mhyper::client::pool[0m[2m:[0m reuse idle connection for ("http", 192.168.0.14:8545)
[2m2025-12-10T10:12:07.459820Z[0m [34mDEBUG[0m [2mhyper::proto::h1::io[0m[2m:[0m flushed 250 bytes
[2m2025-12-10T10:12:07.459847Z[0m [34mDEBUG[0m [2mhyper::client::pool[0m[2m:[0m reuse idle connection for ("http", 192.168.0.14:8545)
[2m2025-12-10T10:12:07.459861Z[0m [34mDEBUG[0m [2mhyper::proto::h1::io[0m[2m:[0m flushed 172 bytes
[2m2025-12-10T10:12:07.466044Z[0m [34mDEBUG[0m [2mhyper::proto::h1::io[0m[2m:[0m parsed 4 headers
[2m2025-12-10T10:12:07.466069Z[0m [34mDEBUG[0m [2mhyper::proto::h1::conn[0m[2m:[0m incoming body is content-length (45 bytes)
[2m2025-12-10T10:12:07.466093Z[0m [34mDEBUG[0m [2mhyper::proto::h1::conn[0m[2m:[0m incoming body completed
[2m2025-12-10T10:12:07.466118Z[0m [34mDEBUG[0m [2mhyper::client::pool[0m[2m:[0m pooling idle connection for ("http", 192.168.0.14:8545)
[2m2025-12-10T10:12:07.466136Z[0m [34mDEBUG[0m [2mhyper::proto::h1::io[0m[2m:[0m parsed 4 headers
[2m2025-12-10T10:12:07.466140Z[0m [34mDEBUG[0m [2mhyper::proto::h1::conn[0m[2m:[0m incoming body is content-length (650 bytes)
[2m2025-12-10T10:12:07.466144Z[0m [34mDEBUG[0m [2mhyper::proto::h1::conn[0m[2m:[0m incoming body completed
[2m2025-12-10T10:12:07.466148Z[0m [34mDEBUG[0m [2mhyper::client::pool[0m[2m:[0m pooling idle connection for ("http", 192.168.0.14:8545)
[2m2025-12-10T10:12:07.466152Z[0m [34mDEBUG[0m [2methereum_transaction_pool_monitor::eth_client[0m[2m:[0m 📡 Transaction fetch RPC completed in 6.3885ms
[2m2025-12-10T10:12:07.537723Z[0m [34mDEBUG[0m [2methereum_transaction_pool_monitor::eth_client[0m[2m:[0m ✅ Transaction 0xff3224893b84f64bd31622c84fe4f9f27abc91a9b6814b0cbdc516d9a55845b6 fetched and parsed in 77.956ms
[2m2025-12-10T10:12:07.537751Z[0m [34mDEBUG[0m [2methereum_transaction_pool_monitor::mempool_monitor[0m[2m:[0m 🔍 Skipping tx 0xff3224893b84f64bd31622c84fe4f9f27abc91a9b6814b0cbdc516d9a55845b6 - not a DEX interaction (target: 0x8AAe4709B0C72705657A198975BE99cA6d3e040C)
[2m2025-12-10T10:12:07.537792Z[0m [34mDEBUG[0m [2mhyper::client::pool[0m[2m:[0m reuse idle connection for ("http", 192.168.0.14:8545)
[2m2025-12-10T10:12:07.537811Z[0m [34mDEBUG[0m [2methereum_transaction_pool_monitor::eth_client[0m[2m:[0m 📨 Received WebSocket message: {"jsonrpc":"2.0","method":"eth_subscription","params":{"subscription":"0xbed0a0851463e895960a451075a301a9","result":"0xf43ba8f5b861076fc0f48b4f0249479f1021c351d030dd9e200efd363c95c38e"}}
[2m2025-12-10T10:12:07.537817Z[0m [34mDEBUG[0m [2mhyper::proto::h1::io[0m[2m:[0m flushed 172 bytes
[2m2025-12-10T10:12:07.537822Z[0m [34mDEBUG[0m [2methereum_transaction_pool_monitor::eth_client[0m[2m:[0m 📨 Received pending transaction: 0xf43ba8f5b861076fc0f48b4f0249479f1021c351d030dd9e200efd363c95c38e
[2m2025-12-10T10:12:07.537830Z[0m [34mDEBUG[0m [2methereum_transaction_pool_monitor::eth_client[0m[2m:[0m 📨 Received WebSocket message: {"jsonrpc":"2.0","method":"eth_subscription","params":{"subscription":"0xbed0a0851463e895960a451075a301a9","result":"0x4278ba4e874c0afb622904dff92e7fbfdd3564af995969782032702fe9d72ab4"}}
[2m2025-12-10T10:12:07.537836Z[0m [34mDEBUG[0m [2methereum_transaction_pool_monitor::eth_client[0m[2m:[0m 📨 Received pending transaction: 0x4278ba4e874c0afb622904dff92e7fbfdd3564af995969782032702fe9d72ab4
[2m2025-12-10T10:12:07.537841Z[0m [34mDEBUG[0m [2methereum_transaction_pool_monitor::mempool_monitor[0m[2m:[0m 📨 Processing new pending transaction: 0xf43ba8f5b861076fc0f48b4f0249479f1021c351d030dd9e200efd363c95c38e
[2m2025-12-10T10:12:07.537849Z[0m [34mDEBUG[0m [2methereum_transaction_pool_monitor::mempool_monitor[0m[2m:[0m 🔍 Fetching transaction details for: 0xf43ba8f5b861076fc0f48b4f0249479f1021c351d030dd9e200efd363c95c38e
[2m2025-12-10T10:12:07.537854Z[0m [34mDEBUG[0m [2methereum_transaction_pool_monitor::eth_client[0m[2m:[0m 🔍 Fetching transaction details for hash: 0xf43ba8f5b861076fc0f48b4f0249479f1021c351d030dd9e200efd363c95c38e
[2m2025-12-10T10:12:07.537862Z[0m [34mDEBUG[0m [2mhyper::client::pool[0m[2m:[0m reuse idle connection for ("http", 192.168.0.14:8545)
[2m2025-12-10T10:12:07.538138Z[0m [34mDEBUG[0m [2mhyper::proto::h1::io[0m[2m:[0m flushed 250 bytes
[2m2025-12-10T10:12:07.542646Z[0m [34mDEBUG[0m [2mhyper::proto::h1::io[0m[2m:[0m parsed 4 headers
[2m2025-12-10T10:12:07.542652Z[0m [34mDEBUG[0m [2mhyper::proto::h1::conn[0m[2m:[0m incoming body is content-length (45 bytes)
[2m2025-12-10T10:12:07.542661Z[0m [34mDEBUG[0m [2mhyper::proto::h1::conn[0m[2m:[0m incoming body completed
[2m2025-12-10T10:12:07.542670Z[0m [34mDEBUG[0m [2mhyper::client::pool[0m[2m:[0m pooling idle connection for ("http", 192.168.0.14:8545)
[2m2025-12-10T10:12:07.544048Z[0m [34mDEBUG[0m [2mhyper::proto::h1::io[0m[2m:[0m parsed 4 headers
[2m2025-12-10T10:12:07.544066Z[0m [34mDEBUG[0m [2mhyper::proto::h1::conn[0m[2m:[0m incoming body is content-length (770 bytes)
[2m2025-12-10T10:12:07.544083Z[0m [34mDEBUG[0m [2mhyper::proto::h1::conn[0m[2m:[0m incoming body completed
[2m2025-12-10T10:12:07.544090Z[0m [34mDEBUG[0m [2mhyper::client::pool[0m[2m:[0m pooling idle connection for ("http", 192.168.0.14:8545)
[2m2025-12-10T10:12:07.544094Z[0m [34mDEBUG[0m [2methereum_transaction_pool_monitor::eth_client[0m[2m:[0m 📡 Transaction fetch RPC completed in 6.237042ms
[2m2025-12-10T10:12:07.544118Z[0m [34mDEBUG[0m [2methereum_transaction_pool_monitor::eth_client[0m[2m:[0m DeFi transaction detected - Address: 0xdac17f958d2ee523a2206206994597c13d831ec7, Type: Stablecoin, Value: 0 ETH, Gas: 0.21 Gwei
[2m2025-12-10T10:12:07.544131Z[0m [34mDEBUG[0m [2methereum_transaction_pool_monitor::eth_client[0m[2m:[0m ✅ Transaction 0xf43ba8f5b861076fc0f48b4f0249479f1021c351d030dd9e200efd363c95c38e fetched and parsed in 6.273333ms
[2m2025-12-10T10:12:07.544136Z[0m [34mDEBUG[0m [2methereum_transaction_pool_monitor::mempool_monitor[0m[2m:[0m 🔍 Skipping tx 0xf43ba8f5b861076fc0f48b4f0249479f1021c351d030dd9e200efd363c95c38e - not a DEX interaction (target: 0xdAC17F958D2ee523a2206206994597C13D831ec7)
[2m2025-12-10T10:12:07.544141Z[0m [34mDEBUG[0m [2methereum_transaction_pool_monitor::mempool_monitor[0m[2m:[0m 📨 Processing new pending transaction: 0x4278ba4e874c0afb622904dff92e7fbfdd3564af995969782032702fe9d72ab4
[2m2025-12-10T10:12:07.544144Z[0m [34mDEBUG[0m [2methereum_transaction_pool_monitor::mempool_monitor[0m[2m:[0m 🔍 Fetching transaction details for: 0x4278ba4e874c0afb622904dff92e7fbfdd3564af995969782032702fe9d72ab4
[2m2025-12-10T10:12:07.544148Z[0m [34mDEBUG[0m [2methereum_transaction_pool_monitor::eth_client[0m[2m:[0m 🔍 Fetching transaction details for hash: 0x4278ba4e874c0afb622904dff92e7fbfdd3564af995969782032702fe9d72ab4
[2m2025-12-10T10:12:07.544154Z[0m [34mDEBUG[0m [2mhyper::client::pool[0m[2m:[0m reuse idle connection for ("http", 192.168.0.14:8545)
[2m2025-12-10T10:12:07.544168Z[0m [34mDEBUG[0m [2mhyper::proto::h1::io[0m[2m:[0m flushed 250 bytes
[2m2025-12-10T10:12:07.552967Z[0m [34mDEBUG[0m [2mhyper::proto::h1::io[0m[2m:[0m parsed 4 headers
[2m2025-12-10T10:12:07.552985Z[0m [34mDEBUG[0m [2mhyper::proto::h1::conn[0m[2m:[0m incoming body is content-length (830 bytes)
[2m2025-12-10T10:12:07.553001Z[0m [34mDEBUG[0m [2mhyper::proto::h1::conn[0m[2m:[0m incoming body completed
[2m2025-12-10T10:12:07.553017Z[0m [34mDEBUG[0m [2mhyper::client::pool[0m[2m:[0m pooling idle connection for ("http", 192.168.0.14:8545)
[2m2025-12-10T10:12:07.553021Z[0m [34mDEBUG[0m [2methereum_transaction_pool_monitor::eth_client[0m[2m:[0m 📡 Transaction fetch RPC completed in 8.870166ms
[2m2025-12-10T10:12:07.624670Z[0m [34mDEBUG[0m [2methereum_transaction_pool_monitor::eth_client[0m[2m:[0m ✅ Transaction 0x4278ba4e874c0afb622904dff92e7fbfdd3564af995969782032702fe9d72ab4 fetched and parsed in 80.516541ms
[2m2025-12-10T10:12:07.624699Z[0m [34mDEBUG[0m [2methereum_transaction_pool_monitor::mempool_monitor[0m[2m:[0m 🔍 Skipping tx 0x4278ba4e874c0afb622904dff92e7fbfdd3564af995969782032702fe9d72ab4 - not a DEX interaction (target: 0x3B4D794a66304F130a4Db8F2551B0070dfCf5ca7)
[2m2025-12-10T10:12:07.624738Z[0m [34mDEBUG[0m [2mhyper::client::pool[0m[2m:[0m reuse idle connection for ("http", 192.168.0.14:8545)
[2m2025-12-10T10:12:07.624755Z[0m [34mDEBUG[0m [2methereum_transaction_pool_monitor::eth_client[0m[2m:[0m 📨 Received WebSocket message: {"jsonrpc":"2.0","method":"eth_subscription","params":{"subscription":"0xbed0a0851463e895960a451075a301a9","result":"0xbdb31d20490f9366fe5f08f4c4cffb840c0169f6b28eb135f9f78632fdc6f32f"}}
[2m2025-12-10T10:12:07.624762Z[0m [34mDEBUG[0m [2mhyper::proto::h1::io[0m[2m:[0m flushed 172 bytes
[2m2025-12-10T10:12:07.624769Z[0m [34mDEBUG[0m [2methereum_transaction_pool_monitor::eth_client[0m[2m:[0m 📨 Received pending transaction: 0xbdb31d20490f9366fe5f08f4c4cffb840c0169f6b28eb135f9f78632fdc6f32f
[2m2025-12-10T10:12:07.624777Z[0m [34mDEBUG[0m [2methereum_transaction_pool_monitor::mempool_monitor[0m[2m:[0m 📨 Processing new pending transaction: 0xbdb31d20490f9366fe5f08f4c4cffb840c0169f6b28eb135f9f78632fdc6f32f
[2m2025-12-10T10:12:07.624782Z[0m [34mDEBUG[0m [2methereum_transaction_pool_monitor::mempool_monitor[0m[2m:[0m 🔍 Fetching transaction details for: 0xbdb31d20490f9366fe5f08f4c4cffb840c0169f6b28eb135f9f78632fdc6f32f
[2m2025-12-10T10:12:07.624788Z[0m [34mDEBUG[0m [2methereum_transaction_pool_monitor::eth_client[0m[2m:[0m 🔍 Fetching transaction details for hash: 0xbdb31d20490f9366fe5f08f4c4cffb840c0169f6b28eb135f9f78632fdc6f32f
[2m2025-12-10T10:12:07.624796Z[0m [34mDEBUG[0m [2mhyper::client::pool[0m[2m:[0m reuse idle connection for ("http", 192.168.0.14:8545)
[2m2025-12-10T10:12:07.624809Z[0m [34mDEBUG[0m [2mhyper::proto::h1::io[0m[2m:[0m flushed 250 bytes
[2m2025-12-10T10:12:07.632082Z[0m [34mDEBUG[0m [2mhyper::proto::h1::io[0m[2m:[0m parsed 4 headers
[2m2025-12-10T10:12:07.632090Z[0m [34mDEBUG[0m [2mhyper::proto::h1::conn[0m[2m:[0m incoming body is content-length (45 bytes)
[2m2025-12-10T10:12:07.632096Z[0m [34mDEBUG[0m [2mhyper::proto::h1::conn[0m[2m:[0m incoming body completed
[2m2025-12-10T10:12:07.632102Z[0m [34mDEBUG[0m [2mhyper::client::pool[0m[2m:[0m pooling idle connection for ("http", 192.168.0.14:8545)
[2m2025-12-10T10:12:07.632979Z[0m [34mDEBUG[0m [2mhyper::proto::h1::io[0m[2m:[0m parsed 4 headers
[2m2025-12-10T10:12:07.632991Z[0m [34mDEBUG[0m [2mhyper::proto::h1::conn[0m[2m:[0m incoming body is content-length (830 bytes)
[2m2025-12-10T10:12:07.632995Z[0m [34mDEBUG[0m [2mhyper::proto::h1::conn[0m[2m:[0m incoming body completed
[2m2025-12-10T10:12:07.633001Z[0m [34mDEBUG[0m [2mhyper::client::pool[0m[2m:[0m pooling idle connection for ("http", 192.168.0.14:8545)
[2m2025-12-10T10:12:07.633005Z[0m [34mDEBUG[0m [2methereum_transaction_pool_monitor::eth_client[0m[2m:[0m 📡 Transaction fetch RPC completed in 8.213ms
[2m2025-12-10T10:12:07.703290Z[0m [34mDEBUG[0m [2methereum_transaction_pool_monitor::eth_client[0m[2m:[0m ✅ Transaction 0xbdb31d20490f9366fe5f08f4c4cffb840c0169f6b28eb135f9f78632fdc6f32f fetched and parsed in 78.4965ms
[2m2025-12-10T10:12:07.703318Z[0m [34mDEBUG[0m [2methereum_transaction_pool_monitor::mempool_monitor[0m[2m:[0m 🔍 Skipping tx 0xbdb31d20490f9366fe5f08f4c4cffb840c0169f6b28eb135f9f78632fdc6f32f - not a DEX interaction (target: 0x3B4D794a66304F130a4Db8F2551B0070dfCf5ca7)
[2m2025-12-10T10:12:07.703364Z[0m [34mDEBUG[0m [2mhyper::client::pool[0m[2m:[0m reuse idle connection for ("http", 192.168.0.14:8545)
[2m2025-12-10T10:12:07.703368Z[0m [34mDEBUG[0m [2methereum_transaction_pool_monitor::eth_client[0m[2m:[0m 📨 Received WebSocket message: {"jsonrpc":"2.0","method":"eth_subscription","params":{"subscription":"0xbed0a0851463e895960a451075a301a9","result":"0x2a925abe2edbbb8a6f0cd12f3ae21065013b2b6832a7ce9128ec1cba2e1da110"}}
[2m2025-12-10T10:12:07.703380Z[0m [34mDEBUG[0m [2methereum_transaction_pool_monitor::eth_client[0m[2m:[0m 📨 Received pending transaction: 0x2a925abe2edbbb8a6f0cd12f3ae21065013b2b6832a7ce9128ec1cba2e1da110
[2m2025-12-10T10:12:07.703387Z[0m [34mDEBUG[0m [2mhyper::proto::h1::io[0m[2m:[0m flushed 172 bytes
[2m2025-12-10T10:12:07.703387Z[0m [34mDEBUG[0m [2methereum_transaction_pool_monitor::mempool_monitor[0m[2m:[0m 📨 Processing new pending transaction: 0x2a925abe2edbbb8a6f0cd12f3ae21065013b2b6832a7ce9128ec1cba2e1da110
[2m2025-12-10T10:12:07.703402Z[0m [34mDEBUG[0m [2methereum_transaction_pool_monitor::mempool_monitor[0m[2m:[0m 🔍 Fetching transaction details for: 0x2a925abe2edbbb8a6f0cd12f3ae21065013b2b6832a7ce9128ec1cba2e1da110
[2m2025-12-10T10:12:07.703409Z[0m [34mDEBUG[0m [2methereum_transaction_pool_monitor::eth_client[0m[2m:[0m 🔍 Fetching transaction details for hash: 0x2a925abe2edbbb8a6f0cd12f3ae21065013b2b6832a7ce9128ec1cba2e1da110
[2m2025-12-10T10:12:07.703418Z[0m [34mDEBUG[0m [2mhyper::client::pool[0m[2m:[0m reuse idle connection for ("http", 192.168.0.14:8545)
[2m2025-12-10T10:12:07.703432Z[0m [34mDEBUG[0m [2mhyper::proto::h1::io[0m[2m:[0m flushed 250 bytes
[2m2025-12-10T10:12:07.710913Z[0m [34mDEBUG[0m [2mhyper::proto::h1::io[0m[2m:[0m parsed 4 headers
[2m2025-12-10T10:12:07.710932Z[0m [34mDEBUG[0m [2mhyper::proto::h1::conn[0m[2m:[0m incoming body is content-length (45 bytes)
[2m2025-12-10T10:12:07.710954Z[0m [34mDEBUG[0m [2mhyper::proto::h1::conn[0m[2m:[0m incoming body completed
[2m2025-12-10T10:12:07.710971Z[0m [34mDEBUG[0m [2mhyper::client::pool[0m[2m:[0m pooling idle connection for ("http", 192.168.0.14:8545)
[2m2025-12-10T10:12:07.715578Z[0m [34mDEBUG[0m [2mhyper::proto::h1::io[0m[2m:[0m parsed 4 headers
[2m2025-12-10T10:12:07.715584Z[0m [34mDEBUG[0m [2mhyper::proto::h1::conn[0m[2m:[0m incoming body is content-length (681 bytes)
[2m2025-12-10T10:12:07.715589Z[0m [34mDEBUG[0m [2mhyper::proto::h1::conn[0m[2m:[0m incoming body completed
[2m2025-12-10T10:12:07.715595Z[0m [34mDEBUG[0m [2mhyper::client::pool[0m[2m:[0m pooling idle connection for ("http", 192.168.0.14:8545)
[2m2025-12-10T10:12:07.715608Z[0m [34mDEBUG[0m [2methereum_transaction_pool_monitor::eth_client[0m[2m:[0m 📡 Transaction fetch RPC completed in 12.194917ms
[2m2025-12-10T10:12:07.787053Z[0m [34mDEBUG[0m [2methereum_transaction_pool_monitor::eth_client[0m[2m:[0m ✅ Transaction 0x2a925abe2edbbb8a6f0cd12f3ae21065013b2b6832a7ce9128ec1cba2e1da110 fetched and parsed in 83.637167ms
[2m2025-12-10T10:12:07.787078Z[0m [34mDEBUG[0m [2methereum_transaction_pool_monitor::mempool_monitor[0m[2m:[0m 🔍 Skipping tx 0x2a925abe2edbbb8a6f0cd12f3ae21065013b2b6832a7ce9128ec1cba2e1da110 - not a DEX interaction (target: 0x4824A7b64E3966B0133f4f4FFB1b9D6bEb75FFF7)
[2m2025-12-10T10:12:07.798424Z[0m [34mDEBUG[0m [2mhyper::client::pool[0m[2m:[0m reuse idle connection for ("http", 192.168.0.14:8545)
[2m2025-12-10T10:12:07.798489Z[0m [34mDEBUG[0m [2mhyper::proto::h1::io[0m[2m:[0m flushed 172 bytes
[2m2025-12-10T10:12:07.802028Z[0m [34mDEBUG[0m [2mhyper::proto::h1::io[0m[2m:[0m parsed 4 headers
[2m2025-12-10T10:12:07.802033Z[0m [34mDEBUG[0m [2mhyper::proto::h1::conn[0m[2m:[0m incoming body is content-length (45 bytes)
[2m2025-12-10T10:12:07.802040Z[0m [34mDEBUG[0m [2mhyper::proto::h1::conn[0m[2m:[0m incoming body completed
[2m2025-12-10T10:12:07.802047Z[0m [34mDEBUG[0m [2mhyper::client::pool[0m[2m:[0m pooling idle connection for ("http", 192.168.0.14:8545)
[2m2025-12-10T10:12:07.830421Z[0m [34mDEBUG[0m [2methereum_transaction_pool_monitor::eth_client[0m[2m:[0m 📨 Received WebSocket message: {"jsonrpc":"2.0","method":"eth_subscription","params":{"subscription":"0xbed0a0851463e895960a451075a301a9","result":"0x3fd77afff5f3f471c76bcab6492ab7899d83ff737ed463d25c3a548a83b6c218"}}
[2m2025-12-10T10:12:07.830431Z[0m [34mDEBUG[0m [2methereum_transaction_pool_monitor::eth_client[0m[2m:[0m 📨 Received pending transaction: 0x3fd77afff5f3f471c76bcab6492ab7899d83ff737ed463d25c3a548a83b6c218
[2m2025-12-10T10:12:07.830438Z[0m [34mDEBUG[0m [2methereum_transaction_pool_monitor::mempool_monitor[0m[2m:[0m 📨 Processing new pending transaction: 0x3fd77afff5f3f471c76bcab6492ab7899d83ff737ed463d25c3a548a83b6c218
[2m2025-12-10T10:12:07.830442Z[0m [34mDEBUG[0m [2methereum_transaction_pool_monitor::mempool_monitor[0m[2m:[0m 🔍 Fetching transaction details for: 0x3fd77afff5f3f471c76bcab6492ab7899d83ff737ed463d25c3a548a83b6c218
[2m2025-12-10T10:12:07.830446Z[0m [34mDEBUG[0m [2methereum_transaction_pool_monitor::eth_client[0m[2m:[0m 🔍 Fetching transaction details for hash: 0x3fd77afff5f3f471c76bcab6492ab7899d83ff737ed463d25c3a548a83b6c218
[2m2025-12-10T10:12:07.830459Z[0m [34mDEBUG[0m [2mhyper::client::pool[0m[2m:[0m reuse idle connection for ("http", 192.168.0.14:8545)
[2m2025-12-10T10:12:07.830472Z[0m [34mDEBUG[0m [2mhyper::proto::h1::io[0m[2m:[0m flushed 250 bytes
[2m2025-12-10T10:12:07.840747Z[0m [34mDEBUG[0m [2mhyper::proto::h1::io[0m[2m:[0m parsed 4 headers
[2m2025-12-10T10:12:07.840755Z[0m [34mDEBUG[0m [2mhyper::proto::h1::conn[0m[2m:[0m incoming body is content-length (1553 bytes)
[2m2025-12-10T10:12:07.840763Z[0m [34mDEBUG[0m [2mhyper::proto::h1::conn[0m[2m:[0m incoming body completed
[2m2025-12-10T10:12:07.840772Z[0m [34mDEBUG[0m [2mhyper::client::pool[0m[2m:[0m pooling idle connection for ("http", 192.168.0.14:8545)
[2m2025-12-10T10:12:07.840779Z[0m [34mDEBUG[0m [2methereum_transaction_pool_monitor::eth_client[0m[2m:[0m 📡 Transaction fetch RPC completed in 10.329334ms
[2m2025-12-10T10:12:07.913610Z[0m [34mDEBUG[0m [2methereum_transaction_pool_monitor::eth_client[0m[2m:[0m ✅ Transaction 0x3fd77afff5f3f471c76bcab6492ab7899d83ff737ed463d25c3a548a83b6c218 fetched and parsed in 83.157875ms
[2m2025-12-10T10:12:07.913631Z[0m [34mDEBUG[0m [2methereum_transaction_pool_monitor::mempool_monitor[0m[2m:[0m 🔍 Skipping tx 0x3fd77afff5f3f471c76bcab6492ab7899d83ff737ed463d25c3a548a83b6c218 - not a DEX interaction (target: 0x77b2043768d28E9C9aB44E1aBfC95944bcE57931)
[2m2025-12-10T10:12:07.913666Z[0m [34mDEBUG[0m [2mhyper::client::pool[0m[2m:[0m reuse idle connection for ("http", 192.168.0.14:8545)
[2m2025-12-10T10:12:07.913688Z[0m [34mDEBUG[0m [2mhyper::proto::h1::io[0m[2m:[0m flushed 172 bytes
[2m2025-12-10T10:12:07.913688Z[0m [34mDEBUG[0m [2methereum_transaction_pool_monitor::eth_client[0m[2m:[0m 📨 Received WebSocket message: {"jsonrpc":"2.0","method":"eth_subscription","params":{"subscription":"0xbed0a0851463e895960a451075a301a9","result":"0x5439372356ba87e1f44d2b421ce525ae957bf350928f66354662a12b45df0cbc"}}
[2m2025-12-10T10:12:07.913702Z[0m [34mDEBUG[0m [2methereum_transaction_pool_monitor::eth_client[0m[2m:[0m 📨 Received pending transaction: 0x5439372356ba87e1f44d2b421ce525ae957bf350928f66354662a12b45df0cbc
[2m2025-12-10T10:12:07.913707Z[0m [34mDEBUG[0m [2methereum_transaction_pool_monitor::eth_client[0m[2m:[0m 📨 Received WebSocket message: {"jsonrpc":"2.0","method":"eth_subscription","params":{"subscription":"0xbed0a0851463e895960a451075a301a9","result":"0x636b36e4db193642c07c2a55ab187f006cbc2995b68c5a3be1032f0f27b945b6"}}
[2m2025-12-10T10:12:07.913712Z[0m [34mDEBUG[0m [2methereum_transaction_pool_monitor::eth_client[0m[2m:[0m 📨 Received pending transaction: 0x636b36e4db193642c07c2a55ab187f006cbc2995b68c5a3be1032f0f27b945b6
[2m2025-12-10T10:12:07.913717Z[0m [34mDEBUG[0m [2methereum_transaction_pool_monitor::mempool_monitor[0m[2m:[0m 📨 Processing new pending transaction: 0x5439372356ba87e1f44d2b421ce525ae957bf350928f66354662a12b45df0cbc
[2m2025-12-10T10:12:07.913724Z[0m [34mDEBUG[0m [2methereum_transaction_pool_monitor::mempool_monitor[0m[2m:[0m 🔍 Fetching transaction details for: 0x5439372356ba87e1f44d2b421ce525ae957bf350928f66354662a12b45df0cbc
[2m2025-12-10T10:12:07.913727Z[0m [34mDEBUG[0m [2methereum_transaction_pool_monitor::eth_client[0m[2m:[0m 🔍 Fetching transaction details for hash: 0x5439372356ba87e1f44d2b421ce525ae957bf350928f66354662a12b45df0cbc
[2m2025-12-10T10:12:07.913975Z[0m [34mDEBUG[0m [2mhyper::client::pool[0m[2m:[0m reuse idle connection for ("http", 192.168.0.14:8545)
[2m2025-12-10T10:12:07.913989Z[0m [34mDEBUG[0m [2mhyper::proto::h1::io[0m[2m:[0m flushed 250 bytes
[2m2025-12-10T10:12:07.919644Z[0m [34mDEBUG[0m [2mhyper::proto::h1::io[0m[2m:[0m parsed 4 headers
[2m2025-12-10T10:12:07.919667Z[0m [34mDEBUG[0m [2mhyper::proto::h1::conn[0m[2m:[0m incoming body is content-length (45 bytes)
[2m2025-12-10T10:12:07.919690Z[0m [34mDEBUG[0m [2mhyper::proto::h1::conn[0m[2m:[0m incoming body completed
[2m2025-12-10T10:12:07.919702Z[0m [34mDEBUG[0m [2mhyper::client::pool[0m[2m:[0m pooling idle connection for ("http", 192.168.0.14:8545)
[2m2025-12-10T10:12:07.922383Z[0m [34mDEBUG[0m [2mhyper::proto::h1::io[0m[2m:[0m parsed 4 headers
[2m2025-12-10T10:12:07.922389Z[0m [34mDEBUG[0m [2mhyper::proto::h1::conn[0m[2m:[0m incoming body is content-length (1731 bytes)
[2m2025-12-10T10:12:07.922395Z[0m [34mDEBUG[0m [2mhyper::proto::h1::conn[0m[2m:[0m incoming body completed
[2m2025-12-10T10:12:07.922403Z[0m [34mDEBUG[0m [2mhyper::client::pool[0m[2m:[0m pooling idle connection for ("http", 192.168.0.14:8545)
[2m2025-12-10T10:12:07.922409Z[0m [34mDEBUG[0m [2methereum_transaction_pool_monitor::eth_client[0m[2m:[0m 📡 Transaction fetch RPC completed in 8.43775ms
[2m2025-12-10T10:12:07.993837Z[0m [34mDEBUG[0m [2methereum_transaction_pool_monitor::eth_client[0m[2m:[0m ✅ Transaction 0x5439372356ba87e1f44d2b421ce525ae957bf350928f66354662a12b45df0cbc fetched and parsed in 79.863208ms
[2m2025-12-10T10:12:07.993861Z[0m [34mDEBUG[0m [2methereum_transaction_pool_monitor::mempool_monitor[0m[2m:[0m 🔍 Skipping tx 0x5439372356ba87e1f44d2b421ce525ae957bf350928f66354662a12b45df0cbc - not a DEX interaction (target: 0x601a2aD6CB5949f0529735254189Ba3194221EDF)
[2m2025-12-10T10:12:07.993871Z[0m [34mDEBUG[0m [2methereum_transaction_pool_monitor::mempool_monitor[0m[2m:[0m 📨 Processing new pending transaction: 0x636b36e4db193642c07c2a55ab187f006cbc2995b68c5a3be1032f0f27b945b6
[2m2025-12-10T10:12:07.993877Z[0m [34mDEBUG[0m [2methereum_transaction_pool_monitor::mempool_monitor[0m[2m:[0m 🔍 Fetching transaction details for: 0x636b36e4db193642c07c2a55ab187f006cbc2995b68c5a3be1032f0f27b945b6
[2m2025-12-10T10:12:07.993881Z[0m [34mDEBUG[0m [2methereum_transaction_pool_monitor::eth_client[0m[2m:[0m 🔍 Fetching transaction details for hash: 0x636b36e4db193642c07c2a55ab187f006cbc2995b68c5a3be1032f0f27b945b6
[2m2025-12-10T10:12:07.993898Z[0m [34mDEBUG[0m [2mhyper::client::pool[0m[2m:[0m reuse idle connection for ("http", 192.168.0.14:8545)
[2m2025-12-10T10:12:07.993940Z[0m [34mDEBUG[0m [2mhyper::proto::h1::io[0m[2m:[0m flushed 250 bytes
[2m2025-12-10T10:12:07.993961Z[0m [34mDEBUG[0m [2methereum_transaction_pool_monitor::eth_client[0m[2m:[0m 📨 Received WebSocket message: {"jsonrpc":"2.0","method":"eth_subscription","params":{"subscription":"0xbed0a0851463e895960a451075a301a9","result":"0x5685d464dfc18c66f6cafe1f3387fdf389e848db9d7182421e2381dabc7b7ae9"}}
[2m2025-12-10T10:12:07.993969Z[0m [34mDEBUG[0m [2methereum_transaction_pool_monitor::eth_client[0m[2m:[0m 📨 Received pending transaction: 0x5685d464dfc18c66f6cafe1f3387fdf389e848db9d7182421e2381dabc7b7ae9
[2m2025-12-10T10:12:07.998269Z[0m [34mDEBUG[0m [2mhyper::client::pool[0m[2m:[0m reuse idle connection for ("http", 192.168.0.14:8545)
[2m2025-12-10T10:12:07.998288Z[0m [34mDEBUG[0m [2mhyper::proto::h1::io[0m[2m:[0m flushed 172 bytes
[2m2025-12-10T10:12:08.001279Z[0m [34mDEBUG[0m [2mhyper::proto::h1::io[0m[2m:[0m parsed 4 headers
[2m2025-12-10T10:12:08.001285Z[0m [34mDEBUG[0m [2mhyper::proto::h1::conn[0m[2m:[0m incoming body is content-length (835 bytes)
[2m2025-12-10T10:12:08.001292Z[0m [34mDEBUG[0m [2mhyper::proto::h1::conn[0m[2m:[0m incoming body completed
[2m2025-12-10T10:12:08.001299Z[0m [34mDEBUG[0m [2mhyper::client::pool[0m[2m:[0m pooling idle connection for ("http", 192.168.0.14:8545)
[2m2025-12-10T10:12:08.001304Z[0m [34mDEBUG[0m [2methereum_transaction_pool_monitor::eth_client[0m[2m:[0m 📡 Transaction fetch RPC completed in 7.419958ms
[2m2025-12-10T10:12:08.001318Z[0m [34mDEBUG[0m [2methereum_transaction_pool_monitor::eth_client[0m[2m:[0m DeFi transaction detected - Address: 0xdac17f958d2ee523a2206206994597c13d831ec7, Type: Stablecoin, Value: 0 ETH, Gas: 0.22 Gwei
[2m2025-12-10T10:12:08.001330Z[0m [34mDEBUG[0m [2methereum_transaction_pool_monitor::eth_client[0m[2m:[0m ✅ Transaction 0x636b36e4db193642c07c2a55ab187f006cbc2995b68c5a3be1032f0f27b945b6 fetched and parsed in 7.445833ms
[2m2025-12-10T10:12:08.001335Z[0m [34mDEBUG[0m [2methereum_transaction_pool_monitor::mempool_monitor[0m[2m:[0m 🔍 Skipping tx 0x636b36e4db193642c07c2a55ab187f006cbc2995b68c5a3be1032f0f27b945b6 - not a DEX interaction (target: 0xdAC17F958D2ee523a2206206994597C13D831ec7)
[2m2025-12-10T10:12:08.001341Z[0m [34mDEBUG[0m [2methereum_transaction_pool_monitor::mempool_monitor[0m[2m:[0m 📨 Processing new pending transaction: 0x5685d464dfc18c66f6cafe1f3387fdf389e848db9d7182421e2381dabc7b7ae9
[2m2025-12-10T10:12:08.001345Z[0m [34mDEBUG[0m [2methereum_transaction_pool_monitor::mempool_monitor[0m[2m:[0m 🔍 Fetching transaction details for: 0x5685d464dfc18c66f6cafe1f3387fdf389e848db9d7182421e2381dabc7b7ae9
[2m2025-12-10T10:12:08.001348Z[0m [34mDEBUG[0m [2methereum_transaction_pool_monitor::eth_client[0m[2m:[0m 🔍 Fetching transaction details for hash: 0x5685d464dfc18c66f6cafe1f3387fdf389e848db9d7182421e2381dabc7b7ae9
[2m2025-12-10T10:12:08.001356Z[0m [34mDEBUG[0m [2mhyper::client::pool[0m[2m:[0m reuse idle connection for ("http", 192.168.0.14:8545)
[2m2025-12-10T10:12:08.001373Z[0m [34mDEBUG[0m [2mhyper::proto::h1::io[0m[2m:[0m flushed 250 bytes
[2m2025-12-10T10:12:08.002691Z[0m [34mDEBUG[0m [2mhyper::proto::h1::io[0m[2m:[0m parsed 4 headers
[2m2025-12-10T10:12:08.002698Z[0m [34mDEBUG[0m [2mhyper::proto::h1::conn[0m[2m:[0m incoming body is content-length (45 bytes)
[2m2025-12-10T10:12:08.002704Z[0m [34mDEBUG[0m [2mhyper::proto::h1::conn[0m[2m:[0m incoming body completed
[2m2025-12-10T10:12:08.002710Z[0m [34mDEBUG[0m [2mhyper::client::pool[0m[2m:[0m pooling idle connection for ("http", 192.168.0.14:8545)
[2m2025-12-10T10:12:08.006239Z[0m [34mDEBUG[0m [2mhyper::proto::h1::io[0m[2m:[0m parsed 4 headers
[2m2025-12-10T10:12:08.006259Z[0m [34mDEBUG[0m [2mhyper::proto::h1::conn[0m[2m:[0m incoming body is content-length (830 bytes)
[2m2025-12-10T10:12:08.006276Z[0m [34mDEBUG[0m [2mhyper::proto::h1::conn[0m[2m:[0m incoming body completed
[2m2025-12-10T10:12:08.006289Z[0m [34mDEBUG[0m [2mhyper::client::pool[0m[2m:[0m pooling idle connection for ("http", 192.168.0.14:8545)
[2m2025-12-10T10:12:08.006293Z[0m [34mDEBUG[0m [2methereum_transaction_pool_monitor::eth_client[0m[2m:[0m 📡 Transaction fetch RPC completed in 4.941625ms
[2m2025-12-10T10:12:08.075988Z[0m [34mDEBUG[0m [2methereum_transaction_pool_monitor::eth_client[0m[2m:[0m ✅ Transaction 0x5685d464dfc18c66f6cafe1f3387fdf389e848db9d7182421e2381dabc7b7ae9 fetched and parsed in 74.634ms
[2m2025-12-10T10:12:08.076015Z[0m [34mDEBUG[0m [2methereum_transaction_pool_monitor::mempool_monitor[0m[2m:[0m 🔍 Skipping tx 0x5685d464dfc18c66f6cafe1f3387fdf389e848db9d7182421e2381dabc7b7ae9 - not a DEX interaction (target: 0x3B4D794a66304F130a4Db8F2551B0070dfCf5ca7)
[2m2025-12-10T10:12:08.076068Z[0m [34mDEBUG[0m [2methereum_transaction_pool_monitor::eth_client[0m[2m:[0m 📨 Received WebSocket message: {"jsonrpc":"2.0","method":"eth_subscription","params":{"subscription":"0xbed0a0851463e895960a451075a301a9","result":"0xb4e84b05c76b32590e78f0d22566bfb158285e5adb30fdcf35fb7a45cd2633d5"}}
[2m2025-12-10T10:12:08.076080Z[0m [34mDEBUG[0m [2methereum_transaction_pool_monitor::eth_client[0m[2m:[0m 📨 Received pending transaction: 0xb4e84b05c76b32590e78f0d22566bfb158285e5adb30fdcf35fb7a45cd2633d5
[2m2025-12-10T10:12:08.076089Z[0m [34mDEBUG[0m [2methereum_transaction_pool_monitor::mempool_monitor[0m[2m:[0m 📨 Processing new pending transaction: 0xb4e84b05c76b32590e78f0d22566bfb158285e5adb30fdcf35fb7a45cd2633d5
[2m2025-12-10T10:12:08.076097Z[0m [34mDEBUG[0m [2methereum_transaction_pool_monitor::mempool_monitor[0m[2m:[0m 🔍 Fetching transaction details for: 0xb4e84b05c76b32590e78f0d22566bfb158285e5adb30fdcf35fb7a45cd2633d5
[2m2025-12-10T10:12:08.076102Z[0m [34mDEBUG[0m [2methereum_transaction_pool_monitor::eth_client[0m[2m:[0m 🔍 Fetching transaction details for hash: 0xb4e84b05c76b32590e78f0d22566bfb158285e5adb30fdcf35fb7a45cd2633d5
[2m2025-12-10T10:12:08.076120Z[0m [34mDEBUG[0m [2mhyper::client::pool[0m[2m:[0m reuse idle connection for ("http", 192.168.0.14:8545)
[2m2025-12-10T10:12:08.076140Z[0m [34mDEBUG[0m [2mhyper::proto::h1::io[0m[2m:[0m flushed 250 bytes
[2m2025-12-10T10:12:08.080126Z[0m [34mDEBUG[0m [2mhyper::proto::h1::io[0m[2m:[0m parsed 4 headers
[2m2025-12-10T10:12:08.080146Z[0m [34mDEBUG[0m [2mhyper::proto::h1::conn[0m[2m:[0m incoming body is content-length (769 bytes)
[2m2025-12-10T10:12:08.080167Z[0m [34mDEBUG[0m [2mhyper::proto::h1::conn[0m[2m:[0m incoming body completed
[2m2025-12-10T10:12:08.080183Z[0m [34mDEBUG[0m [2mhyper::client::pool[0m[2m:[0m pooling idle connection for ("http", 192.168.0.14:8545)
[2m2025-12-10T10:12:08.080189Z[0m [34mDEBUG[0m [2methereum_transaction_pool_monitor::eth_client[0m[2m:[0m 📡 Transaction fetch RPC completed in 4.080791ms
[2m2025-12-10T10:12:08.080215Z[0m [34mDEBUG[0m [2methereum_transaction_pool_monitor::eth_client[0m[2m:[0m DeFi transaction detected - Address: 0xdac17f958d2ee523a2206206994597c13d831ec7, Type: Stablecoin, Value: 0 ETH, Gas: 0.20 Gwei
[2m2025-12-10T10:12:08.080228Z[0m [34mDEBUG[0m [2methereum_transaction_pool_monitor::eth_client[0m[2m:[0m ✅ Transaction 0xb4e84b05c76b32590e78f0d22566bfb158285e5adb30fdcf35fb7a45cd2633d5 fetched and parsed in 4.120291ms
[2m2025-12-10T10:12:08.080232Z[0m [34mDEBUG[0m [2methereum_transaction_pool_monitor::mempool_monitor[0m[2m:[0m 🔍 Skipping tx 0xb4e84b05c76b32590e78f0d22566bfb158285e5adb30fdcf35fb7a45cd2633d5 - not a DEX interaction (target: 0xdAC17F958D2ee523a2206206994597C13D831ec7)
[2m2025-12-10T10:12:08.099288Z[0m [34mDEBUG[0m [2mhyper::client::pool[0m[2m:[0m reuse idle connection for ("http", 192.168.0.14:8545)
[2m2025-12-10T10:12:08.099356Z[0m [34mDEBUG[0m [2mhyper::proto::h1::io[0m[2m:[0m flushed 172 bytes
[2m2025-12-10T10:12:08.103625Z[0m [34mDEBUG[0m [2mhyper::proto::h1::io[0m[2m:[0m parsed 4 headers
[2m2025-12-10T10:12:08.103663Z[0m [34mDEBUG[0m [2mhyper::proto::h1::conn[0m[2m:[0m incoming body is content-length (45 bytes)
[2m2025-12-10T10:12:08.103677Z[0m [34mDEBUG[0m [2mhyper::proto::h1::conn[0m[2m:[0m incoming body completed
[2m2025-12-10T10:12:08.103685Z[0m [34mDEBUG[0m [2mhyper::client::pool[0m[2m:[0m pooling idle connection for ("http", 192.168.0.14:8545)
[2m2025-12-10T10:12:08.199768Z[0m [34mDEBUG[0m [2mhyper::client::pool[0m[2m:[0m reuse idle connection for ("http", 192.168.0.14:8545)
[2m2025-12-10T10:12:08.199833Z[0m [34mDEBUG[0m [2mhyper::proto::h1::io[0m[2m:[0m flushed 172 bytes
[2m2025-12-10T10:12:08.203107Z[0m [34mDEBUG[0m [2mhyper::proto::h1::io[0m[2m:[0m parsed 4 headers
[2m2025-12-10T10:12:08.203127Z[0m [34mDEBUG[0m [2mhyper::proto::h1::conn[0m[2m:[0m incoming body is content-length (45 bytes)
[2m2025-12-10T10:12:08.203141Z[0m [34mDEBUG[0m [2mhyper::proto::h1::conn[0m[2m:[0m incoming body completed
[2m2025-12-10T10:12:08.203151Z[0m [34mDEBUG[0m [2mhyper::client::pool[0m[2m:[0m pooling idle connection for ("http", 192.168.0.14:8545)
[2m2025-12-10T10:12:08.278243Z[0m [34mDEBUG[0m [2methereum_transaction_pool_monitor::eth_client[0m[2m:[0m 📨 Received WebSocket message: {"jsonrpc":"2.0","method":"eth_subscription","params":{"subscription":"0xbed0a0851463e895960a451075a301a9","result":"0xa546e71b4f0c25e2d037700791b7078f739a70c1df4566a5af31ace672441289"}}
[2m2025-12-10T10:12:08.278299Z[0m [34mDEBUG[0m [2methereum_transaction_pool_monitor::eth_client[0m[2m:[0m 📨 Received pending transaction: 0xa546e71b4f0c25e2d037700791b7078f739a70c1df4566a5af31ace672441289
[2m2025-12-10T10:12:08.278319Z[0m [34mDEBUG[0m [2methereum_transaction_pool_monitor::mempool_monitor[0m[2m:[0m 📨 Processing new pending transaction: 0xa546e71b4f0c25e2d037700791b7078f739a70c1df4566a5af31ace672441289
[2m2025-12-10T10:12:08.278332Z[0m [34mDEBUG[0m [2methereum_transaction_pool_monitor::mempool_monitor[0m[2m:[0m 🔍 Fetching transaction details for: 0xa546e71b4f0c25e2d037700791b7078f739a70c1df4566a5af31ace672441289
[2m2025-12-10T10:12:08.278343Z[0m [34mDEBUG[0m [2methereum_transaction_pool_monitor::eth_client[0m[2m:[0m 🔍 Fetching transaction details for hash: 0xa546e71b4f0c25e2d037700791b7078f739a70c1df4566a5af31ace672441289
[2m2025-12-10T10:12:08.278398Z[0m [34mDEBUG[0m [2mhyper::client::pool[0m[2m:[0m reuse idle connection for ("http", 192.168.0.14:8545)
[2m2025-12-10T10:12:08.278461Z[0m [34mDEBUG[0m [2mhyper::proto::h1::io[0m[2m:[0m flushed 250 bytes
[2m2025-12-10T10:12:08.289540Z[0m [34mDEBUG[0m [2mhyper::proto::h1::io[0m[2m:[0m parsed 4 headers
[2m2025-12-10T10:12:08.289578Z[0m [34mDEBUG[0m [2mhyper::proto::h1::conn[0m[2m:[0m incoming body is content-length (558 bytes)
[2m2025-12-10T10:12:08.289605Z[0m [34mDEBUG[0m [2mhyper::proto::h1::conn[0m[2m:[0m incoming body completed
[2m2025-12-10T10:12:08.289635Z[0m [34mDEBUG[0m [2mhyper::client::pool[0m[2m:[0m pooling idle connection for ("http", 192.168.0.14:8545)
[2m2025-12-10T10:12:08.289660Z[0m [34mDEBUG[0m [2methereum_transaction_pool_monitor::eth_client[0m[2m:[0m 📡 Transaction fetch RPC completed in 11.306125ms
[2m2025-12-10T10:12:08.387825Z[0m [34mDEBUG[0m [2methereum_transaction_pool_monitor::eth_client[0m[2m:[0m ✅ Transaction 0xa546e71b4f0c25e2d037700791b7078f739a70c1df4566a5af31ace672441289 fetched and parsed in 109.46975ms
[2m2025-12-10T10:12:08.387853Z[0m [34mDEBUG[0m [2methereum_transaction_pool_monitor::mempool_monitor[0m[2m:[0m 🔍 Skipping tx 0xa546e71b4f0c25e2d037700791b7078f739a70c1df4566a5af31ace672441289 - not a DEX interaction (target: 0x3Cf1720667E1EEBa447cA544d90574A3b29Fb021)
[2m2025-12-10T10:12:08.387888Z[0m [34mDEBUG[0m [2mhyper::client::pool[0m[2m:[0m reuse idle connection for ("http", 192.168.0.14:8545)
[2m2025-12-10T10:12:08.387910Z[0m [34mDEBUG[0m [2mhyper::proto::h1::io[0m[2m:[0m flushed 172 bytes
[2m2025-12-10T10:12:08.387921Z[0m [34mDEBUG[0m [2methereum_transaction_pool_monitor::eth_client[0m[2m:[0m 📨 Received WebSocket message: {"jsonrpc":"2.0","method":"eth_subscription","params":{"subscription":"0xbed0a0851463e895960a451075a301a9","result":"0x60c63d22f371817f39f45f58aac73d3fa46b09fcea0beae2f358807d4512c88b"}}
[2m2025-12-10T10:12:08.387931Z[0m [34mDEBUG[0m [2methereum_transaction_pool_monitor::eth_client[0m[2m:[0m 📨 Received pending transaction: 0x60c63d22f371817f39f45f58aac73d3fa46b09fcea0beae2f358807d4512c88b
[2m2025-12-10T10:12:08.387938Z[0m [34mDEBUG[0m [2methereum_transaction_pool_monitor::eth_client[0m[2m:[0m 📨 Received WebSocket message: {"jsonrpc":"2.0","method":"eth_subscription","params":{"subscription":"0xbed0a0851463e895960a451075a301a9","result":"0x9e8ab0adb3801ff84989f091abab138749661b4b8d713b4f179b20f98c430824"}}
[2m2025-12-10T10:12:08.387946Z[0m [34mDEBUG[0m [2methereum_transaction_pool_monitor::eth_client[0m[2m:[0m 📨 Received pending transaction: 0x9e8ab0adb3801ff84989f091abab138749661b4b8d713b4f179b20f98c430824
[2m2025-12-10T10:12:08.387952Z[0m [34mDEBUG[0m [2methereum_transaction_pool_monitor::mempool_monitor[0m[2m:[0m 📨 Processing new pending transaction: 0x60c63d22f371817f39f45f58aac73d3fa46b09fcea0beae2f358807d4512c88b
[2m2025-12-10T10:12:08.387958Z[0m [34mDEBUG[0m [2methereum_transaction_pool_monitor::mempool_monitor[0m[2m:[0m 🔍 Fetching transaction details for: 0x60c63d22f371817f39f45f58aac73d3fa46b09fcea0beae2f358807d4512c88b
[2m2025-12-10T10:12:08.388744Z[0m [34mDEBUG[0m [2methereum_transaction_pool_monitor::eth_client[0m[2m:[0m 🔍 Fetching transaction details for hash: 0x60c63d22f371817f39f45f58aac73d3fa46b09fcea0beae2f358807d4512c88b
[2m2025-12-10T10:12:08.388797Z[0m [34mDEBUG[0m [2mhyper::client::pool[0m[2m:[0m reuse idle connection for ("http", 192.168.0.14:8545)
[2m2025-12-10T10:12:08.388810Z[0m [34mDEBUG[0m [2mhyper::proto::h1::io[0m[2m:[0m flushed 250 bytes
[2m2025-12-10T10:12:08.392430Z[0m [34mDEBUG[0m [2mhyper::proto::h1::io[0m[2m:[0m parsed 4 headers
[2m2025-12-10T10:12:08.392435Z[0m [34mDEBUG[0m [2mhyper::proto::h1::conn[0m[2m:[0m incoming body is content-length (45 bytes)
[2m2025-12-10T10:12:08.392442Z[0m [34mDEBUG[0m [2mhyper::proto::h1::conn[0m[2m:[0m incoming body completed
[2m2025-12-10T10:12:08.392450Z[0m [34mDEBUG[0m [2mhyper::client::pool[0m[2m:[0m pooling idle connection for ("http", 192.168.0.14:8545)
[2m2025-12-10T10:12:08.393103Z[0m [34mDEBUG[0m [2mhyper::proto::h1::io[0m[2m:[0m parsed 4 headers
[2m2025-12-10T10:12:08.393130Z[0m [34mDEBUG[0m [2mhyper::proto::h1::conn[0m[2m:[0m incoming body is content-length (830 bytes)
[2m2025-12-10T10:12:08.393141Z[0m [34mDEBUG[0m [2mhyper::proto::h1::conn[0m[2m:[0m incoming body completed
[2m2025-12-10T10:12:08.393149Z[0m [34mDEBUG[0m [2mhyper::client::pool[0m[2m:[0m pooling idle connection for ("http", 192.168.0.14:8545)
[2m2025-12-10T10:12:08.393153Z[0m [34mDEBUG[0m [2methereum_transaction_pool_monitor::eth_client[0m[2m:[0m 📡 Transaction fetch RPC completed in 4.376541ms
[2m2025-12-10T10:12:08.463945Z[0m [34mDEBUG[0m [2methereum_transaction_pool_monitor::eth_client[0m[2m:[0m ✅ Transaction 0x60c63d22f371817f39f45f58aac73d3fa46b09fcea0beae2f358807d4512c88b fetched and parsed in 75.165791ms
[2m2025-12-10T10:12:08.463972Z[0m [34mDEBUG[0m [2methereum_transaction_pool_monitor::mempool_monitor[0m[2m:[0m 🔍 Skipping tx 0x60c63d22f371817f39f45f58aac73d3fa46b09fcea0beae2f358807d4512c88b - not a DEX interaction (target: 0x3B4D794a66304F130a4Db8F2551B0070dfCf5ca7)
[2m2025-12-10T10:12:08.463982Z[0m [34mDEBUG[0m [2methereum_transaction_pool_monitor::mempool_monitor[0m[2m:[0m 📨 Processing new pending transaction: 0x9e8ab0adb3801ff84989f091abab138749661b4b8d713b4f179b20f98c430824
[2m2025-12-10T10:12:08.463988Z[0m [34mDEBUG[0m [2methereum_transaction_pool_monitor::mempool_monitor[0m[2m:[0m 🔍 Fetching transaction details for: 0x9e8ab0adb3801ff84989f091abab138749661b4b8d713b4f179b20f98c430824
[2m2025-12-10T10:12:08.463992Z[0m [34mDEBUG[0m [2methereum_transaction_pool_monitor::eth_client[0m[2m:[0m 🔍 Fetching transaction details for hash: 0x9e8ab0adb3801ff84989f091abab138749661b4b8d713b4f179b20f98c430824
[2m2025-12-10T10:12:08.464009Z[0m [34mDEBUG[0m [2mhyper::client::pool[0m[2m:[0m reuse idle connection for ("http", 192.168.0.14:8545)
[2m2025-12-10T10:12:08.464045Z[0m [34mDEBUG[0m [2mhyper::proto::h1::io[0m[2m:[0m flushed 250 bytes
[2m2025-12-10T10:12:08.464063Z[0m [34mDEBUG[0m [2mhyper::client::pool[0m[2m:[0m reuse idle connection for ("http", 192.168.0.14:8545)
[2m2025-12-10T10:12:08.464075Z[0m [34mDEBUG[0m [2mhyper::proto::h1::io[0m[2m:[0m flushed 172 bytes
[2m2025-12-10T10:12:08.464092Z[0m [34mDEBUG[0m [2methereum_transaction_pool_monitor::eth_client[0m[2m:[0m 📨 Received WebSocket message: {"jsonrpc":"2.0","method":"eth_subscription","params":{"subscription":"0xbed0a0851463e895960a451075a301a9","result":"0x763c252fa7cd787e7d95ec85271ebadac69016ab878a816a2de06343ccdae43c"}}
[2m2025-12-10T10:12:08.464101Z[0m [34mDEBUG[0m [2methereum_transaction_pool_monitor::eth_client[0m[2m:[0m 📨 Received pending transaction: 0x763c252fa7cd787e7d95ec85271ebadac69016ab878a816a2de06343ccdae43c
[2m2025-12-10T10:12:08.468575Z[0m [34mDEBUG[0m [2mhyper::proto::h1::io[0m[2m:[0m parsed 4 headers
[2m2025-12-10T10:12:08.468585Z[0m [34mDEBUG[0m [2mhyper::proto::h1::conn[0m[2m:[0m incoming body is content-length (769 bytes)
[2m2025-12-10T10:12:08.468591Z[0m [34mDEBUG[0m [2mhyper::proto::h1::conn[0m[2m:[0m incoming body completed
[2m2025-12-10T10:12:08.468600Z[0m [34mDEBUG[0m [2mhyper::client::pool[0m[2m:[0m pooling idle connection for ("http", 192.168.0.14:8545)
[2m2025-12-10T10:12:08.468606Z[0m [34mDEBUG[0m [2methereum_transaction_pool_monitor::eth_client[0m[2m:[0m 📡 Transaction fetch RPC completed in 4.61025ms
[2m2025-12-10T10:12:08.539145Z[0m [34mDEBUG[0m [2methereum_transaction_pool_monitor::eth_client[0m[2m:[0m ✅ Transaction 0x9e8ab0adb3801ff84989f091abab138749661b4b8d713b4f179b20f98c430824 fetched and parsed in 75.146459ms
[2m2025-12-10T10:12:08.539177Z[0m [34mDEBUG[0m [2methereum_transaction_pool_monitor::mempool_monitor[0m[2m:[0m 🔍 Skipping tx 0x9e8ab0adb3801ff84989f091abab138749661b4b8d713b4f179b20f98c430824 - not a DEX interaction (target: 0xA0b86991c6218b36c1d19D4a2e9Eb0cE3606eB48)
[2m2025-12-10T10:12:08.539190Z[0m [34mDEBUG[0m [2methereum_transaction_pool_monitor::mempool_monitor[0m[2m:[0m 📨 Processing new pending transaction: 0x763c252fa7cd787e7d95ec85271ebadac69016ab878a816a2de06343ccdae43c
[2m2025-12-10T10:12:08.539198Z[0m [34mDEBUG[0m [2methereum_transaction_pool_monitor::mempool_monitor[0m[2m:[0m 🔍 Fetching transaction details for: 0x763c252fa7cd787e7d95ec85271ebadac69016ab878a816a2de06343ccdae43c
[2m2025-12-10T10:12:08.539204Z[0m [34mDEBUG[0m [2methereum_transaction_pool_monitor::eth_client[0m[2m:[0m 🔍 Fetching transaction details for hash: 0x763c252fa7cd787e7d95ec85271ebadac69016ab878a816a2de06343ccdae43c
[2m2025-12-10T10:12:08.539223Z[0m [34mDEBUG[0m [2mhyper::client::pool[0m[2m:[0m reuse idle connection for ("http", 192.168.0.14:8545)
[2m2025-12-10T10:12:08.539254Z[0m [34mDEBUG[0m [2mhyper::proto::h1::io[0m[2m:[0m flushed 250 bytes
[2m2025-12-10T10:12:08.539277Z[0m [34mDEBUG[0m [2methereum_transaction_pool_monitor::eth_client[0m[2m:[0m 📨 Received WebSocket message: {"jsonrpc":"2.0","method":"eth_subscription","params":{"subscription":"0xbed0a0851463e895960a451075a301a9","result":"0x2366b74bbf8ee64ab7ec1a7c86784e663b99e3879b7ba9c2a5f40a61227402f0"}}
[2m2025-12-10T10:12:08.539281Z[0m [34mDEBUG[0m [2mhyper::proto::h1::io[0m[2m:[0m parsed 4 headers
[2m2025-12-10T10:12:08.539286Z[0m [34mDEBUG[0m [2methereum_transaction_pool_monitor::eth_client[0m[2m:[0m 📨 Received pending transaction: 0x2366b74bbf8ee64ab7ec1a7c86784e663b99e3879b7ba9c2a5f40a61227402f0
[2m2025-12-10T10:12:08.539290Z[0m [34mDEBUG[0m [2mhyper::proto::h1::conn[0m[2m:[0m incoming body is content-length (45 bytes)
[2m2025-12-10T10:12:08.539293Z[0m [34mDEBUG[0m [2methereum_transaction_pool_monitor::eth_client[0m[2m:[0m 📨 Received WebSocket message: {"jsonrpc":"2.0","method":"eth_subscription","params":{"subscription":"0xbed0a0851463e895960a451075a301a9","result":"0x2e0b0170e228653e3cae8d18beb22a6f0fb15910fd9c906923d718b2084834c1"}}
[2m2025-12-10T10:12:08.539298Z[0m [34mDEBUG[0m [2mhyper::proto::h1::conn[0m[2m:[0m incoming body completed
[2m2025-12-10T10:12:08.539301Z[0m [34mDEBUG[0m [2methereum_transaction_pool_monitor::eth_client[0m[2m:[0m 📨 Received pending transaction: 0x2e0b0170e228653e3cae8d18beb22a6f0fb15910fd9c906923d718b2084834c1
[2m2025-12-10T10:12:08.539308Z[0m [34mDEBUG[0m [2mhyper::client::pool[0m[2m:[0m pooling idle connection for ("http", 192.168.0.14:8545)
[2m2025-12-10T10:12:08.539322Z[0m [34mDEBUG[0m [2mhyper::client::pool[0m[2m:[0m reuse idle connection for ("http", 192.168.0.14:8545)
[2m2025-12-10T10:12:08.539335Z[0m [34mDEBUG[0m [2mhyper::proto::h1::io[0m[2m:[0m flushed 172 bytes
[2m2025-12-10T10:12:08.548448Z[0m [34mDEBUG[0m [2mhyper::proto::h1::io[0m[2m:[0m parsed 4 headers
[2m2025-12-10T10:12:08.548456Z[0m [34mDEBUG[0m [2mhyper::proto::h1::conn[0m[2m:[0m incoming body is content-length (1732 bytes)
[2m2025-12-10T10:12:08.548463Z[0m [34mDEBUG[0m [2mhyper::proto::h1::conn[0m[2m:[0m incoming body completed
[2m2025-12-10T10:12:08.548469Z[0m [34mDEBUG[0m [2mhyper::client::pool[0m[2m:[0m pooling idle connection for ("http", 192.168.0.14:8545)
[2m2025-12-10T10:12:08.548475Z[0m [34mDEBUG[0m [2methereum_transaction_pool_monitor::eth_client[0m[2m:[0m 📡 Transaction fetch RPC completed in 9.264583ms
[2m2025-12-10T10:12:08.620189Z[0m [34mDEBUG[0m [2methereum_transaction_pool_monitor::eth_client[0m[2m:[0m ✅ Transaction 0x763c252fa7cd787e7d95ec85271ebadac69016ab878a816a2de06343ccdae43c fetched and parsed in 80.977333ms
[2m2025-12-10T10:12:08.620214Z[0m [34mDEBUG[0m [2methereum_transaction_pool_monitor::mempool_monitor[0m[2m:[0m 🔍 Skipping tx 0x763c252fa7cd787e7d95ec85271ebadac69016ab878a816a2de06343ccdae43c - not a DEX interaction (target: 0x601a2aD6CB5949f0529735254189Ba3194221EDF)
[2m2025-12-10T10:12:08.620225Z[0m [34mDEBUG[0m [2methereum_transaction_pool_monitor::mempool_monitor[0m[2m:[0m 📨 Processing new pending transaction: 0x2366b74bbf8ee64ab7ec1a7c86784e663b99e3879b7ba9c2a5f40a61227402f0
[2m2025-12-10T10:12:08.620230Z[0m [34mDEBUG[0m [2methereum_transaction_pool_monitor::mempool_monitor[0m[2m:[0m 🔍 Fetching transaction details for: 0x2366b74bbf8ee64ab7ec1a7c86784e663b99e3879b7ba9c2a5f40a61227402f0
[2m2025-12-10T10:12:08.620234Z[0m [34mDEBUG[0m [2methereum_transaction_pool_monitor::eth_client[0m[2m:[0m 🔍 Fetching transaction details for hash: 0x2366b74bbf8ee64ab7ec1a7c86784e663b99e3879b7ba9c2a5f40a61227402f0
[2m2025-12-10T10:12:08.620250Z[0m [34mDEBUG[0m [2mhyper::client::pool[0m[2m:[0m reuse idle connection for ("http", 192.168.0.14:8545)
[2m2025-12-10T10:12:08.620285Z[0m [34mDEBUG[0m [2mhyper::proto::h1::io[0m[2m:[0m flushed 250 bytes
[2m2025-12-10T10:12:08.620301Z[0m [34mDEBUG[0m [2mhyper::proto::h1::io[0m[2m:[0m parsed 4 headers
[2m2025-12-10T10:12:08.620306Z[0m [34mDEBUG[0m [2mhyper::proto::h1::conn[0m[2m:[0m incoming body is content-length (45 bytes)
[2m2025-12-10T10:12:08.620313Z[0m [34mDEBUG[0m [2mhyper::proto::h1::conn[0m[2m:[0m incoming body completed
[2m2025-12-10T10:12:08.620321Z[0m [34mDEBUG[0m [2mhyper::client::pool[0m[2m:[0m pooling idle connection for ("http", 192.168.0.14:8545)
[2m2025-12-10T10:12:08.620337Z[0m [34mDEBUG[0m [2mhyper::client::pool[0m[2m:[0m reuse idle connection for ("http", 192.168.0.14:8545)
[2m2025-12-10T10:12:08.620351Z[0m [34mDEBUG[0m [2mhyper::proto::h1::io[0m[2m:[0m flushed 172 bytes
[2m2025-12-10T10:12:08.623423Z[0m [34mDEBUG[0m [2mhyper::proto::h1::io[0m[2m:[0m parsed 4 headers
[2m2025-12-10T10:12:08.623443Z[0m [34mDEBUG[0m [2mhyper::proto::h1::conn[0m[2m:[0m incoming body is content-length (45 bytes)
[2m2025-12-10T10:12:08.623451Z[0m [34mDEBUG[0m [2mhyper::proto::h1::conn[0m[2m:[0m incoming body completed
[2m2025-12-10T10:12:08.623460Z[0m [34mDEBUG[0m [2mhyper::client::pool[0m[2m:[0m pooling idle connection for ("http", 192.168.0.14:8545)
[2m2025-12-10T10:12:08.624726Z[0m [34mDEBUG[0m [2mhyper::proto::h1::io[0m[2m:[0m parsed 4 headers
[2m2025-12-10T10:12:08.624732Z[0m [34mDEBUG[0m [2mhyper::proto::h1::conn[0m[2m:[0m incoming body is content-length (643 bytes)
[2m2025-12-10T10:12:08.624736Z[0m [34mDEBUG[0m [2mhyper::proto::h1::conn[0m[2m:[0m incoming body completed
[2m2025-12-10T10:12:08.624741Z[0m [34mDEBUG[0m [2mhyper::client::pool[0m[2m:[0m pooling idle connection for ("http", 192.168.0.14:8545)
[2m2025-12-10T10:12:08.624745Z[0m [34mDEBUG[0m [2methereum_transaction_pool_monitor::eth_client[0m[2m:[0m 📡 Transaction fetch RPC completed in 4.507625ms
[2m2025-12-10T10:12:08.695931Z[0m [34mDEBUG[0m [2methereum_transaction_pool_monitor::eth_client[0m[2m:[0m ✅ Transaction 0x2366b74bbf8ee64ab7ec1a7c86784e663b99e3879b7ba9c2a5f40a61227402f0 fetched and parsed in 75.691833ms
[2m2025-12-10T10:12:08.695955Z[0m [34mDEBUG[0m [2methereum_transaction_pool_monitor::mempool_monitor[0m[2m:[0m 🔍 Skipping tx 0x2366b74bbf8ee64ab7ec1a7c86784e663b99e3879b7ba9c2a5f40a61227402f0 - not a DEX interaction (target: 0x17E5545B11b468072283Cee1F066a059Fb0dbF24)
[2m2025-12-10T10:12:08.695965Z[0m [34mDEBUG[0m [2methereum_transaction_pool_monitor::mempool_monitor[0m[2m:[0m 📨 Processing new pending transaction: 0x2e0b0170e228653e3cae8d18beb22a6f0fb15910fd9c906923d718b2084834c1
[2m2025-12-10T10:12:08.695971Z[0m [34mDEBUG[0m [2methereum_transaction_pool_monitor::mempool_monitor[0m[2m:[0m 🔍 Fetching transaction details for: 0x2e0b0170e228653e3cae8d18beb22a6f0fb15910fd9c906923d718b2084834c1
[2m2025-12-10T10:12:08.695975Z[0m [34mDEBUG[0m [2methereum_transaction_pool_monitor::eth_client[0m[2m:[0m 🔍 Fetching transaction details for hash: 0x2e0b0170e228653e3cae8d18beb22a6f0fb15910fd9c906923d718b2084834c1
[2m2025-12-10T10:12:08.695991Z[0m [34mDEBUG[0m [2mhyper::client::pool[0m[2m:[0m reuse idle connection for ("http", 192.168.0.14:8545)
[2m2025-12-10T10:12:08.696025Z[0m [34mDEBUG[0m [2mhyper::proto::h1::io[0m[2m:[0m flushed 250 bytes
[2m2025-12-10T10:12:08.696046Z[0m [34mDEBUG[0m [2methereum_transaction_pool_monitor::eth_client[0m[2m:[0m 📨 Received WebSocket message: {"jsonrpc":"2.0","method":"eth_subscription","params":{"subscription":"0xbed0a0851463e895960a451075a301a9","result":"0xe336033784f4aa560c4898b24f7415babccea8a0de13c4003fd3f7185961df01"}}
[2m2025-12-10T10:12:08.696053Z[0m [34mDEBUG[0m [2methereum_transaction_pool_monitor::eth_client[0m[2m:[0m 📨 Received pending transaction: 0xe336033784f4aa560c4898b24f7415babccea8a0de13c4003fd3f7185961df01
[2m2025-12-10T10:12:08.696058Z[0m [34mDEBUG[0m [2methereum_transaction_pool_monitor::eth_client[0m[2m:[0m 📨 Received WebSocket message: {"jsonrpc":"2.0","method":"eth_subscription","params":{"subscription":"0xbed0a0851463e895960a451075a301a9","result":"0xde6358e3b17d765c3623390d4e338533c77e596180b96398e35d6ba37e0c55bc"}}
[2m2025-12-10T10:12:08.696063Z[0m [34mDEBUG[0m [2methereum_transaction_pool_monitor::eth_client[0m[2m:[0m 📨 Received pending transaction: 0xde6358e3b17d765c3623390d4e338533c77e596180b96398e35d6ba37e0c55bc
[2m2025-12-10T10:12:08.696068Z[0m [34mDEBUG[0m [2methereum_transaction_pool_monitor::eth_client[0m[2m:[0m 📨 Received WebSocket message: {"jsonrpc":"2.0","method":"eth_subscription","params":{"subscription":"0xbed0a0851463e895960a451075a301a9","result":"0x0f01fd512d3b53cbdd3a14f6dc68617a7d780932610a016bf3e312a135b3cddb"}}
[2m2025-12-10T10:12:08.696074Z[0m [34mDEBUG[0m [2methereum_transaction_pool_monitor::eth_client[0m[2m:[0m 📨 Received pending transaction: 0x0f01fd512d3b53cbdd3a14f6dc68617a7d780932610a016bf3e312a135b3cddb
[2m2025-12-10T10:12:08.696078Z[0m [34mDEBUG[0m [2methereum_transaction_pool_monitor::eth_client[0m[2m:[0m 📨 Received WebSocket message: {"jsonrpc":"2.0","method":"eth_subscription","params":{"subscription":"0xbed0a0851463e895960a451075a301a9","result":"0x0f121b413678624e46578dd2dc731feea8747c03b2248a6fc758d6a5d3c21add"}}
[2m2025-12-10T10:12:08.696083Z[0m [34mDEBUG[0m [2methereum_transaction_pool_monitor::eth_client[0m[2m:[0m 📨 Received pending transaction: 0x0f121b413678624e46578dd2dc731feea8747c03b2248a6fc758d6a5d3c21add
[2m2025-12-10T10:12:08.698598Z[0m [34mDEBUG[0m [2mhyper::client::pool[0m[2m:[0m reuse idle connection for ("http", 192.168.0.14:8545)
[2m2025-12-10T10:12:08.698619Z[0m [34mDEBUG[0m [2mhyper::proto::h1::io[0m[2m:[0m flushed 172 bytes
[2m2025-12-10T10:12:08.703620Z[0m [34mDEBUG[0m [2mhyper::proto::h1::io[0m[2m:[0m parsed 4 headers
[2m2025-12-10T10:12:08.703629Z[0m [34mDEBUG[0m [2mhyper::proto::h1::conn[0m[2m:[0m incoming body is content-length (771 bytes)
[2m2025-12-10T10:12:08.703636Z[0m [34mDEBUG[0m [2mhyper::proto::h1::conn[0m[2m:[0m incoming body completed
[2m2025-12-10T10:12:08.703645Z[0m [34mDEBUG[0m [2mhyper::client::pool[0m[2m:[0m pooling idle connection for ("http", 192.168.0.14:8545)
[2m2025-12-10T10:12:08.703724Z[0m [34mDEBUG[0m [2methereum_transaction_pool_monitor::eth_client[0m[2m:[0m 📡 Transaction fetch RPC completed in 7.745708ms
[2m2025-12-10T10:12:08.774080Z[0m [34mDEBUG[0m [2methereum_transaction_pool_monitor::eth_client[0m[2m:[0m ✅ Transaction 0x2e0b0170e228653e3cae8d18beb22a6f0fb15910fd9c906923d718b2084834c1 fetched and parsed in 78.098875ms
[2m2025-12-10T10:12:08.774103Z[0m [34mDEBUG[0m [2methereum_transaction_pool_monitor::mempool_monitor[0m[2m:[0m 🔍 Skipping tx 0x2e0b0170e228653e3cae8d18beb22a6f0fb15910fd9c906923d718b2084834c1 - not a DEX interaction (target: 0xB8f28C60dD8240141185a192fa4156A23E189305)
[2m2025-12-10T10:12:08.774115Z[0m [34mDEBUG[0m [2methereum_transaction_pool_monitor::mempool_monitor[0m[2m:[0m 📨 Processing new pending transaction: 0xe336033784f4aa560c4898b24f7415babccea8a0de13c4003fd3f7185961df01
[2m2025-12-10T10:12:08.774120Z[0m [34mDEBUG[0m [2methereum_transaction_pool_monitor::mempool_monitor[0m[2m:[0m 🔍 Fetching transaction details for: 0xe336033784f4aa560c4898b24f7415babccea8a0de13c4003fd3f7185961df01
[2m2025-12-10T10:12:08.774124Z[0m [34mDEBUG[0m [2methereum_transaction_pool_monitor::eth_client[0m[2m:[0m 🔍 Fetching transaction details for hash: 0xe336033784f4aa560c4898b24f7415babccea8a0de13c4003fd3f7185961df01
[2m2025-12-10T10:12:08.774142Z[0m [34mDEBUG[0m [2mhyper::client::pool[0m[2m:[0m reuse idle connection for ("http", 192.168.0.14:8545)
[2m2025-12-10T10:12:08.774178Z[0m [34mDEBUG[0m [2mhyper::proto::h1::io[0m[2m:[0m flushed 250 bytes
[2m2025-12-10T10:12:08.774192Z[0m [34mDEBUG[0m [2mhyper::proto::h1::io[0m[2m:[0m parsed 4 headers
[2m2025-12-10T10:12:08.774198Z[0m [34mDEBUG[0m [2mhyper::proto::h1::conn[0m[2m:[0m incoming body is content-length (45 bytes)
[2m2025-12-10T10:12:08.774204Z[0m [34mDEBUG[0m [2mhyper::proto::h1::conn[0m[2m:[0m incoming body completed
[2m2025-12-10T10:12:08.774212Z[0m [34mDEBUG[0m [2mhyper::client::pool[0m[2m:[0m pooling idle connection for ("http", 192.168.0.14:8545)
[2m2025-12-10T10:12:08.778226Z[0m [34mDEBUG[0m [2mhyper::proto::h1::io[0m[2m:[0m parsed 4 headers
[2m2025-12-10T10:12:08.778235Z[0m [34mDEBUG[0m [2mhyper::proto::h1::conn[0m[2m:[0m incoming body is content-length (779 bytes)
[2m2025-12-10T10:12:08.778240Z[0m [34mDEBUG[0m [2mhyper::proto::h1::conn[0m[2m:[0m incoming body completed
[2m2025-12-10T10:12:08.778246Z[0m [34mDEBUG[0m [2mhyper::client::pool[0m[2m:[0m pooling idle connection for ("http", 192.168.0.14:8545)
[2m2025-12-10T10:12:08.778251Z[0m [34mDEBUG[0m [2methereum_transaction_pool_monitor::eth_client[0m[2m:[0m 📡 Transaction fetch RPC completed in 4.122042ms
[2m2025-12-10T10:12:08.778262Z[0m [34mDEBUG[0m [2methereum_transaction_pool_monitor::eth_client[0m[2m:[0m DeFi transaction detected - Address: 0xdac17f958d2ee523a2206206994597c13d831ec7, Type: Stablecoin, Value: 0 ETH, Gas: 200.00 Gwei
[2m2025-12-10T10:12:08.778273Z[0m [34mDEBUG[0m [2methereum_transaction_pool_monitor::eth_client[0m[2m:[0m ✅ Transaction 0xe336033784f4aa560c4898b24f7415babccea8a0de13c4003fd3f7185961df01 fetched and parsed in 4.144417ms
[2m2025-12-10T10:12:08.778278Z[0m [34mDEBUG[0m [2methereum_transaction_pool_monitor::mempool_monitor[0m[2m:[0m 🔍 Skipping tx 0xe336033784f4aa560c4898b24f7415babccea8a0de13c4003fd3f7185961df01 - not a DEX interaction (target: 0xdAC17F958D2ee523a2206206994597C13D831ec7)
[2m2025-12-10T10:12:08.778284Z[0m [34mDEBUG[0m [2methereum_transaction_pool_monitor::mempool_monitor[0m[2m:[0m 📨 Processing new pending transaction: 0xde6358e3b17d765c3623390d4e338533c77e596180b96398e35d6ba37e0c55bc
[2m2025-12-10T10:12:08.778287Z[0m [34mDEBUG[0m [2methereum_transaction_pool_monitor::mempool_monitor[0m[2m:[0m 🔍 Fetching transaction details for: 0xde6358e3b17d765c3623390d4e338533c77e596180b96398e35d6ba37e0c55bc
[2m2025-12-10T10:12:08.778290Z[0m [34mDEBUG[0m [2methereum_transaction_pool_monitor::eth_client[0m[2m:[0m 🔍 Fetching transaction details for hash: 0xde6358e3b17d765c3623390d4e338533c77e596180b96398e35d6ba37e0c55bc
[2m2025-12-10T10:12:08.778300Z[0m [34mDEBUG[0m [2mhyper::client::pool[0m[2m:[0m reuse idle connection for ("http", 192.168.0.14:8545)
[2m2025-12-10T10:12:08.778321Z[0m [34mDEBUG[0m [2mhyper::proto::h1::io[0m[2m:[0m flushed 250 bytes
[2m2025-12-10T10:12:08.783169Z[0m [34mDEBUG[0m [2mhyper::proto::h1::io[0m[2m:[0m parsed 4 headers
[2m2025-12-10T10:12:08.783175Z[0m [34mDEBUG[0m [2mhyper::proto::h1::conn[0m[2m:[0m incoming body is content-length (830 bytes)
[2m2025-12-10T10:12:08.783179Z[0m [34mDEBUG[0m [2mhyper::proto::h1::conn[0m[2m:[0m incoming body completed
[2m2025-12-10T10:12:08.783184Z[0m [34mDEBUG[0m [2mhyper::client::pool[0m[2m:[0m pooling idle connection for ("http", 192.168.0.14:8545)
[2m2025-12-10T10:12:08.783188Z[0m [34mDEBUG[0m [2methereum_transaction_pool_monitor::eth_client[0m[2m:[0m 📡 Transaction fetch RPC completed in 4.894834ms
[2m2025-12-10T10:12:08.854605Z[0m [34mDEBUG[0m [2methereum_transaction_pool_monitor::eth_client[0m[2m:[0m ✅ Transaction 0xde6358e3b17d765c3623390d4e338533c77e596180b96398e35d6ba37e0c55bc fetched and parsed in 76.309ms
[2m2025-12-10T10:12:08.854630Z[0m [34mDEBUG[0m [2methereum_transaction_pool_monitor::mempool_monitor[0m[2m:[0m 🔍 Skipping tx 0xde6358e3b17d765c3623390d4e338533c77e596180b96398e35d6ba37e0c55bc - not a DEX interaction (target: 0x3B4D794a66304F130a4Db8F2551B0070dfCf5ca7)
[2m2025-12-10T10:12:08.854640Z[0m [34mDEBUG[0m [2methereum_transaction_pool_monitor::mempool_monitor[0m[2m:[0m 📨 Processing new pending transaction: 0x0f01fd512d3b53cbdd3a14f6dc68617a7d780932610a016bf3e312a135b3cddb
[2m2025-12-10T10:12:08.854646Z[0m [34mDEBUG[0m [2methereum_transaction_pool_monitor::mempool_monitor[0m[2m:[0m 🔍 Fetching transaction details for: 0x0f01fd512d3b53cbdd3a14f6dc68617a7d780932610a016bf3e312a135b3cddb
[2m2025-12-10T10:12:08.854649Z[0m [34mDEBUG[0m [2methereum_transaction_pool_monitor::eth_client[0m[2m:[0m 🔍 Fetching transaction details for hash: 0x0f01fd512d3b53cbdd3a14f6dc68617a7d780932610a016bf3e312a135b3cddb
[2m2025-12-10T10:12:08.854666Z[0m [34mDEBUG[0m [2mhyper::client::pool[0m[2m:[0m reuse idle connection for ("http", 192.168.0.14:8545)
[2m2025-12-10T10:12:08.854700Z[0m [34mDEBUG[0m [2mhyper::proto::h1::io[0m[2m:[0m flushed 250 bytes
[2m2025-12-10T10:12:08.854728Z[0m [34mDEBUG[0m [2mhyper::client::pool[0m[2m:[0m reuse idle connection for ("http", 192.168.0.14:8545)
[2m2025-12-10T10:12:08.854743Z[0m [34mDEBUG[0m [2mhyper::proto::h1::io[0m[2m:[0m flushed 172 bytes
[2m2025-12-10T10:12:08.861210Z[0m [34mDEBUG[0m [2mhyper::proto::h1::io[0m[2m:[0m parsed 4 headers
[2m2025-12-10T10:12:08.861220Z[0m [34mDEBUG[0m [2mhyper::proto::h1::conn[0m[2m:[0m incoming body is content-length (45 bytes)
[2m2025-12-10T10:12:08.861227Z[0m [34mDEBUG[0m [2mhyper::proto::h1::conn[0m[2m:[0m incoming body completed
[2m2025-12-10T10:12:08.861236Z[0m [34mDEBUG[0m [2mhyper::client::pool[0m[2m:[0m pooling idle connection for ("http", 192.168.0.14:8545)
[2m2025-12-10T10:12:08.861253Z[0m [34mDEBUG[0m [2mhyper::proto::h1::io[0m[2m:[0m parsed 4 headers
[2m2025-12-10T10:12:08.861257Z[0m [34mDEBUG[0m [2mhyper::proto::h1::conn[0m[2m:[0m incoming body is content-length (830 bytes)
[2m2025-12-10T10:12:08.861261Z[0m [34mDEBUG[0m [2mhyper::proto::h1::conn[0m[2m:[0m incoming body completed
[2m2025-12-10T10:12:08.861265Z[0m [34mDEBUG[0m [2mhyper::client::pool[0m[2m:[0m pooling idle connection for ("http", 192.168.0.14:8545)
[2m2025-12-10T10:12:08.861269Z[0m [34mDEBUG[0m [2methereum_transaction_pool_monitor::eth_client[0m[2m:[0m 📡 Transaction fetch RPC completed in 6.61625ms
[2m2025-12-10T10:12:08.932983Z[0m [34mDEBUG[0m [2methereum_transaction_pool_monitor::eth_client[0m[2m:[0m ✅ Transaction 0x0f01fd512d3b53cbdd3a14f6dc68617a7d780932610a016bf3e312a135b3cddb fetched and parsed in 78.327958ms
[2m2025-12-10T10:12:08.933010Z[0m [34mDEBUG[0m [2methereum_transaction_pool_monitor::mempool_monitor[0m[2m:[0m 🔍 Skipping tx 0x0f01fd512d3b53cbdd3a14f6dc68617a7d780932610a016bf3e312a135b3cddb - not a DEX interaction (target: 0x3B4D794a66304F130a4Db8F2551B0070dfCf5ca7)
[2m2025-12-10T10:12:08.933020Z[0m [34mDEBUG[0m [2methereum_transaction_pool_monitor::mempool_monitor[0m[2m:[0m 📨 Processing new pending transaction: 0x0f121b413678624e46578dd2dc731feea8747c03b2248a6fc758d6a5d3c21add
[2m2025-12-10T10:12:08.933026Z[0m [34mDEBUG[0m [2methereum_transaction_pool_monitor::mempool_monitor[0m[2m:[0m 🔍 Fetching transaction details for: 0x0f121b413678624e46578dd2dc731feea8747c03b2248a6fc758d6a5d3c21add
[2m2025-12-10T10:12:08.933030Z[0m [34mDEBUG[0m [2methereum_transaction_pool_monitor::eth_client[0m[2m:[0m 🔍 Fetching transaction details for hash: 0x0f121b413678624e46578dd2dc731feea8747c03b2248a6fc758d6a5d3c21add
[2m2025-12-10T10:12:08.933048Z[0m [34mDEBUG[0m [2mhyper::client::pool[0m[2m:[0m reuse idle connection for ("http", 192.168.0.14:8545)
[2m2025-12-10T10:12:08.933081Z[0m [34mDEBUG[0m [2mhyper::proto::h1::io[0m[2m:[0m flushed 250 bytes
[2m2025-12-10T10:12:08.933101Z[0m [34mDEBUG[0m [2mhyper::client::pool[0m[2m:[0m reuse idle connection for ("http", 192.168.0.14:8545)
[2m2025-12-10T10:12:08.933115Z[0m [34mDEBUG[0m [2mhyper::proto::h1::io[0m[2m:[0m flushed 172 bytes
[2m2025-12-10T10:12:08.933156Z[0m [34mDEBUG[0m [2methereum_transaction_pool_monitor::eth_client[0m[2m:[0m 📨 Received WebSocket message: {"jsonrpc":"2.0","method":"eth_subscription","params":{"subscription":"0xbed0a0851463e895960a451075a301a9","result":"0xd7cd4c715708b1b6ac0e9f9e7c41513b57bfca0b2ddcbf804a14d3f78f86efbb"}}
[2m2025-12-10T10:12:08.933167Z[0m [34mDEBUG[0m [2methereum_transaction_pool_monitor::eth_client[0m[2m:[0m 📨 Received pending transaction: 0xd7cd4c715708b1b6ac0e9f9e7c41513b57bfca0b2ddcbf804a14d3f78f86efbb
[2m2025-12-10T10:12:08.938818Z[0m [34mDEBUG[0m [2mhyper::proto::h1::io[0m[2m:[0m parsed 4 headers
[2m2025-12-10T10:12:08.938827Z[0m [34mDEBUG[0m [2mhyper::proto::h1::conn[0m[2m:[0m incoming body is content-length (45 bytes)
[2m2025-12-10T10:12:08.938834Z[0m [34mDEBUG[0m [2mhyper::proto::h1::conn[0m[2m:[0m incoming body completed
[2m2025-12-10T10:12:08.938848Z[0m [34mDEBUG[0m [2mhyper::client::pool[0m[2m:[0m pooling idle connection for ("http", 192.168.0.14:8545)
[2m2025-12-10T10:12:08.942311Z[0m [34mDEBUG[0m [2mhyper::proto::h1::io[0m[2m:[0m parsed 4 headers
[2m2025-12-10T10:12:08.942329Z[0m [34mDEBUG[0m [2mhyper::proto::h1::conn[0m[2m:[0m incoming body is content-length (643 bytes)
[2m2025-12-10T10:12:08.942345Z[0m [34mDEBUG[0m [2mhyper::proto::h1::conn[0m[2m:[0m incoming body completed
[2m2025-12-10T10:12:08.942365Z[0m [34mDEBUG[0m [2mhyper::client::pool[0m[2m:[0m pooling idle connection for ("http", 192.168.0.14:8545)
[2m2025-12-10T10:12:08.942373Z[0m [34mDEBUG[0m [2methereum_transaction_pool_monitor::eth_client[0m[2m:[0m 📡 Transaction fetch RPC completed in 9.338625ms
[2m2025-12-10T10:12:09.014122Z[0m [34mDEBUG[0m [2methereum_transaction_pool_monitor::eth_client[0m[2m:[0m ✅ Transaction 0x0f121b413678624e46578dd2dc731feea8747c03b2248a6fc758d6a5d3c21add fetched and parsed in 81.085291ms
[2m2025-12-10T10:12:09.014148Z[0m [34mDEBUG[0m [2methereum_transaction_pool_monitor::mempool_monitor[0m[2m:[0m 🔍 Skipping tx 0x0f121b413678624e46578dd2dc731feea8747c03b2248a6fc758d6a5d3c21add - not a DEX interaction (target: 0x6D10C9fb2E3c7195CFc199aE0C7e124d16090F72)
[2m2025-12-10T10:12:09.014158Z[0m [34mDEBUG[0m [2methereum_transaction_pool_monitor::mempool_monitor[0m[2m:[0m 📨 Processing new pending transaction: 0xd7cd4c715708b1b6ac0e9f9e7c41513b57bfca0b2ddcbf804a14d3f78f86efbb
[2m2025-12-10T10:12:09.014164Z[0m [34mDEBUG[0m [2methereum_transaction_pool_monitor::mempool_monitor[0m[2m:[0m 🔍 Fetching transaction details for: 0xd7cd4c715708b1b6ac0e9f9e7c41513b57bfca0b2ddcbf804a14d3f78f86efbb
[2m2025-12-10T10:12:09.014168Z[0m [34mDEBUG[0m [2methereum_transaction_pool_monitor::eth_client[0m[2m:[0m 🔍 Fetching transaction details for hash: 0xd7cd4c715708b1b6ac0e9f9e7c41513b57bfca0b2ddcbf804a14d3f78f86efbb
[2m2025-12-10T10:12:09.014190Z[0m [34mDEBUG[0m [2mhyper::client::pool[0m[2m:[0m reuse idle connection for ("http", 192.168.0.14:8545)
[2m2025-12-10T10:12:09.014228Z[0m [34mDEBUG[0m [2mhyper::proto::h1::io[0m[2m:[0m flushed 250 bytes
[2m2025-12-10T10:12:09.014255Z[0m [34mDEBUG[0m [2mhyper::client::pool[0m[2m:[0m reuse idle connection for ("http", 192.168.0.14:8545)
[2m2025-12-10T10:12:09.014269Z[0m [34mDEBUG[0m [2mhyper::proto::h1::io[0m[2m:[0m flushed 172 bytes
[2m2025-12-10T10:12:09.021390Z[0m [34mDEBUG[0m [2mhyper::proto::h1::io[0m[2m:[0m parsed 4 headers
[2m2025-12-10T10:12:09.021400Z[0m [34mDEBUG[0m [2mhyper::proto::h1::conn[0m[2m:[0m incoming body is content-length (830 bytes)
[2m2025-12-10T10:12:09.021407Z[0m [34mDEBUG[0m [2mhyper::proto::h1::conn[0m[2m:[0m incoming body completed
[2m2025-12-10T10:12:09.021416Z[0m [34mDEBUG[0m [2mhyper::client::pool[0m[2m:[0m pooling idle connection for ("http", 192.168.0.14:8545)
[2m2025-12-10T10:12:09.021422Z[0m [34mDEBUG[0m [2methereum_transaction_pool_monitor::eth_client[0m[2m:[0m 📡 Transaction fetch RPC completed in 7.250333ms
[2m2025-12-10T10:12:09.093169Z[0m [34mDEBUG[0m [2methereum_transaction_pool_monitor::eth_client[0m[2m:[0m ✅ Transaction 0xd7cd4c715708b1b6ac0e9f9e7c41513b57bfca0b2ddcbf804a14d3f78f86efbb fetched and parsed in 78.994833ms
[2m2025-12-10T10:12:09.093197Z[0m [34mDEBUG[0m [2methereum_transaction_pool_monitor::mempool_monitor[0m[2m:[0m 🔍 Skipping tx 0xd7cd4c715708b1b6ac0e9f9e7c41513b57bfca0b2ddcbf804a14d3f78f86efbb - not a DEX interaction (target: 0x3B4D794a66304F130a4Db8F2551B0070dfCf5ca7)
[2m2025-12-10T10:12:09.093224Z[0m [34mDEBUG[0m [2mhyper::proto::h1::io[0m[2m:[0m parsed 4 headers
[2m2025-12-10T10:12:09.093229Z[0m [34mDEBUG[0m [2mhyper::proto::h1::conn[0m[2m:[0m incoming body is content-length (45 bytes)
[2m2025-12-10T10:12:09.093237Z[0m [34mDEBUG[0m [2mhyper::proto::h1::conn[0m[2m:[0m incoming body completed
[2m2025-12-10T10:12:09.093247Z[0m [34mDEBUG[0m [2mhyper::client::pool[0m[2m:[0m pooling idle connection for ("http", 192.168.0.14:8545)
[2m2025-12-10T10:12:09.098279Z[0m [34mDEBUG[0m [2mhyper::client::pool[0m[2m:[0m reuse idle connection for ("http", 192.168.0.14:8545)
[2m2025-12-10T10:12:09.098318Z[0m [34mDEBUG[0m [2mhyper::proto::h1::io[0m[2m:[0m flushed 172 bytes
[2m2025-12-10T10:12:09.101316Z[0m [34mDEBUG[0m [2mhyper::proto::h1::io[0m[2m:[0m parsed 4 headers
[2m2025-12-10T10:12:09.101325Z[0m [34mDEBUG[0m [2mhyper::proto::h1::conn[0m[2m:[0m incoming body is content-length (45 bytes)
[2m2025-12-10T10:12:09.101331Z[0m [34mDEBUG[0m [2mhyper::proto::h1::conn[0m[2m:[0m incoming body completed
[2m2025-12-10T10:12:09.101337Z[0m [34mDEBUG[0m [2mhyper::client::pool[0m[2m:[0m pooling idle connection for ("http", 192.168.0.14:8545)
[2m2025-12-10T10:12:09.199651Z[0m [34mDEBUG[0m [2mhyper::client::pool[0m[2m:[0m reuse idle connection for ("http", 192.168.0.14:8545)
[2m2025-12-10T10:12:09.199700Z[0m [34mDEBUG[0m [2mhyper::proto::h1::io[0m[2m:[0m flushed 172 bytes
[2m2025-12-10T10:12:09.206675Z[0m [34mDEBUG[0m [2mhyper::proto::h1::io[0m[2m:[0m parsed 4 headers
[2m2025-12-10T10:12:09.206690Z[0m [34mDEBUG[0m [2mhyper::proto::h1::conn[0m[2m:[0m incoming body is content-length (45 bytes)
[2m2025-12-10T10:12:09.206699Z[0m [34mDEBUG[0m [2mhyper::proto::h1::conn[0m[2m:[0m incoming body completed
[2m2025-12-10T10:12:09.206707Z[0m [34mDEBUG[0m [2mhyper::client::pool[0m[2m:[0m pooling idle connection for ("http", 192.168.0.14:8545)
[2m2025-12-10T10:12:09.299397Z[0m [34mDEBUG[0m [2mhyper::client::pool[0m[2m:[0m reuse idle connection for ("http", 192.168.0.14:8545)
[2m2025-12-10T10:12:09.300068Z[0m [34mDEBUG[0m [2mhyper::proto::h1::io[0m[2m:[0m flushed 172 bytes
[2m2025-12-10T10:12:09.303691Z[0m [34mDEBUG[0m [2mhyper::proto::h1::io[0m[2m:[0m parsed 4 headers
[2m2025-12-10T10:12:09.303715Z[0m [34mDEBUG[0m [2mhyper::proto::h1::conn[0m[2m:[0m incoming body is content-length (45 bytes)
[2m2025-12-10T10:12:09.303734Z[0m [34mDEBUG[0m [2mhyper::proto::h1::conn[0m[2m:[0m incoming body completed
[2m2025-12-10T10:12:09.303756Z[0m [34mDEBUG[0m [2mhyper::client::pool[0m[2m:[0m pooling idle connection for ("http", 192.168.0.14:8545)
[2m2025-12-10T10:12:09.331537Z[0m [34mDEBUG[0m [2methereum_transaction_pool_monitor::eth_client[0m[2m:[0m 📨 Received WebSocket message: {"jsonrpc":"2.0","method":"eth_subscription","params":{"subscription":"0xbed0a0851463e895960a451075a301a9","result":"0x69d358eb23ec5ded2bd761622058cf9befcbbbffac55c50e322989eb5897b59b"}}
[2m2025-12-10T10:12:09.331626Z[0m [34mDEBUG[0m [2methereum_transaction_pool_monitor::eth_client[0m[2m:[0m 📨 Received pending transaction: 0x69d358eb23ec5ded2bd761622058cf9befcbbbffac55c50e322989eb5897b59b
[2m2025-12-10T10:12:09.331667Z[0m [34mDEBUG[0m [2methereum_transaction_pool_monitor::mempool_monitor[0m[2m:[0m 📨 Processing new pending transaction: 0x69d358eb23ec5ded2bd761622058cf9befcbbbffac55c50e322989eb5897b59b
[2m2025-12-10T10:12:09.331693Z[0m [34mDEBUG[0m [2methereum_transaction_pool_monitor::mempool_monitor[0m[2m:[0m 🔍 Fetching transaction details for: 0x69d358eb23ec5ded2bd761622058cf9befcbbbffac55c50e322989eb5897b59b
[2m2025-12-10T10:12:09.331716Z[0m [34mDEBUG[0m [2methereum_transaction_pool_monitor::eth_client[0m[2m:[0m 🔍 Fetching transaction details for hash: 0x69d358eb23ec5ded2bd761622058cf9befcbbbffac55c50e322989eb5897b59b
[2m2025-12-10T10:12:09.331805Z[0m [34mDEBUG[0m [2mhyper::client::pool[0m[2m:[0m reuse idle connection for ("http", 192.168.0.14:8545)
[2m2025-12-10T10:12:09.331921Z[0m [34mDEBUG[0m [2mhyper::proto::h1::io[0m[2m:[0m flushed 250 bytes
[2m2025-12-10T10:12:09.337441Z[0m [34mDEBUG[0m [2mhyper::proto::h1::io[0m[2m:[0m parsed 4 headers
[2m2025-12-10T10:12:09.337490Z[0m [34mDEBUG[0m [2mhyper::proto::h1::conn[0m[2m:[0m incoming body is content-length (830 bytes)
[2m2025-12-10T10:12:09.337522Z[0m [34mDEBUG[0m [2mhyper::proto::h1::conn[0m[2m:[0m incoming body completed
[2m2025-12-10T10:12:09.337557Z[0m [34mDEBUG[0m [2mhyper::client::pool[0m[2m:[0m pooling idle connection for ("http", 192.168.0.14:8545)
[2m2025-12-10T10:12:09.337586Z[0m [34mDEBUG[0m [2methereum_transaction_pool_monitor::eth_client[0m[2m:[0m 📡 Transaction fetch RPC completed in 5.847167ms
[2m2025-12-10T10:12:09.426950Z[0m [34mDEBUG[0m [2methereum_transaction_pool_monitor::eth_client[0m[2m:[0m ✅ Transaction 0x69d358eb23ec5ded2bd761622058cf9befcbbbffac55c50e322989eb5897b59b fetched and parsed in 95.208667ms
[2m2025-12-10T10:12:09.426984Z[0m [34mDEBUG[0m [2methereum_transaction_pool_monitor::mempool_monitor[0m[2m:[0m 🔍 Skipping tx 0x69d358eb23ec5ded2bd761622058cf9befcbbbffac55c50e322989eb5897b59b - not a DEX interaction (target: 0x3B4D794a66304F130a4Db8F2551B0070dfCf5ca7)
[2m2025-12-10T10:12:09.427032Z[0m [34mDEBUG[0m [2mhyper::client::pool[0m[2m:[0m reuse idle connection for ("http", 192.168.0.14:8545)
[2m2025-12-10T10:12:09.427083Z[0m [34mDEBUG[0m [2mhyper::proto::h1::io[0m[2m:[0m flushed 172 bytes
[2m2025-12-10T10:12:09.432819Z[0m [34mDEBUG[0m [2mhyper::proto::h1::io[0m[2m:[0m parsed 4 headers
[2m2025-12-10T10:12:09.432831Z[0m [34mDEBUG[0m [2mhyper::proto::h1::conn[0m[2m:[0m incoming body is content-length (45 bytes)
[2m2025-12-10T10:12:09.432842Z[0m [34mDEBUG[0m [2mhyper::proto::h1::conn[0m[2m:[0m incoming body completed
[2m2025-12-10T10:12:09.432852Z[0m [34mDEBUG[0m [2mhyper::client::pool[0m[2m:[0m pooling idle connection for ("http", 192.168.0.14:8545)
[2m2025-12-10T10:12:09.468049Z[0m [34mDEBUG[0m [2methereum_transaction_pool_monitor::eth_client[0m[2m:[0m 📨 Received WebSocket message: {"jsonrpc":"2.0","method":"eth_subscription","params":{"subscription":"0xbed0a0851463e895960a451075a301a9","result":"0xdb9266df43d2b54d060ea3beb0d758976e7512a86174e08a8c766e94267336ea"}}
[2m2025-12-10T10:12:09.468071Z[0m [34mDEBUG[0m [2methereum_transaction_pool_monitor::eth_client[0m[2m:[0m 📨 Received pending transaction: 0xdb9266df43d2b54d060ea3beb0d758976e7512a86174e08a8c766e94267336ea
[2m2025-12-10T10:12:09.468080Z[0m [34mDEBUG[0m [2methereum_transaction_pool_monitor::mempool_monitor[0m[2m:[0m 📨 Processing new pending transaction: 0xdb9266df43d2b54d060ea3beb0d758976e7512a86174e08a8c766e94267336ea
[2m2025-12-10T10:12:09.468085Z[0m [34mDEBUG[0m [2methereum_transaction_pool_monitor::mempool_monitor[0m[2m:[0m 🔍 Fetching transaction details for: 0xdb9266df43d2b54d060ea3beb0d758976e7512a86174e08a8c766e94267336ea
[2m2025-12-10T10:12:09.468089Z[0m [34mDEBUG[0m [2methereum_transaction_pool_monitor::eth_client[0m[2m:[0m 🔍 Fetching transaction details for hash: 0xdb9266df43d2b54d060ea3beb0d758976e7512a86174e08a8c766e94267336ea
[2m2025-12-10T10:12:09.468108Z[0m [34mDEBUG[0m [2mhyper::client::pool[0m[2m:[0m reuse idle connection for ("http", 192.168.0.14:8545)
[2m2025-12-10T10:12:09.468132Z[0m [34mDEBUG[0m [2mhyper::proto::h1::io[0m[2m:[0m flushed 250 bytes
[2m2025-12-10T10:12:09.482260Z[0m [34mDEBUG[0m [2mhyper::proto::h1::io[0m[2m:[0m parsed 4 headers
[2m2025-12-10T10:12:09.482270Z[0m [34mDEBUG[0m [2mhyper::proto::h1::conn[0m[2m:[0m incoming body is content-length (3170 bytes)
[2m2025-12-10T10:12:09.482278Z[0m [34mDEBUG[0m [2mhyper::proto::h1::conn[0m[2m:[0m incoming body completed
[2m2025-12-10T10:12:09.482288Z[0m [34mDEBUG[0m [2mhyper::client::pool[0m[2m:[0m pooling idle connection for ("http", 192.168.0.14:8545)
[2m2025-12-10T10:12:09.482295Z[0m [34mDEBUG[0m [2methereum_transaction_pool_monitor::eth_client[0m[2m:[0m 📡 Transaction fetch RPC completed in 14.201458ms
[2m2025-12-10T10:12:09.555348Z[0m [34mDEBUG[0m [2methereum_transaction_pool_monitor::eth_client[0m[2m:[0m ✅ Transaction 0xdb9266df43d2b54d060ea3beb0d758976e7512a86174e08a8c766e94267336ea fetched and parsed in 87.251416ms
[2m2025-12-10T10:12:09.555377Z[0m [34mDEBUG[0m [2methereum_transaction_pool_monitor::mempool_monitor[0m[2m:[0m 🔍 Skipping tx 0xdb9266df43d2b54d060ea3beb0d758976e7512a86174e08a8c766e94267336ea - not a DEX interaction (target: 0x211E1c4c7f1bF5351Ac850Ed10FD68CFfCF6c21b)
[2m2025-12-10T10:12:09.555414Z[0m [34mDEBUG[0m [2mhyper::client::pool[0m[2m:[0m reuse idle connection for ("http", 192.168.0.14:8545)
[2m2025-12-10T10:12:09.555454Z[0m [34mDEBUG[0m [2mhyper::proto::h1::io[0m[2m:[0m flushed 172 bytes
[2m2025-12-10T10:12:09.555457Z[0m [34mDEBUG[0m [2methereum_transaction_pool_monitor::eth_client[0m[2m:[0m 📨 Received WebSocket message: {"jsonrpc":"2.0","method":"eth_subscription","params":{"subscription":"0xbed0a0851463e895960a451075a301a9","result":"0x4ac5ed91731946b2d1267fd4174767701c087fe51fc11286497d0f0bf2ccfbba"}}
[2m2025-12-10T10:12:09.555468Z[0m [34mDEBUG[0m [2methereum_transaction_pool_monitor::eth_client[0m[2m:[0m 📨 Received pending transaction: 0x4ac5ed91731946b2d1267fd4174767701c087fe51fc11286497d0f0bf2ccfbba
[2m2025-12-10T10:12:09.555475Z[0m [34mDEBUG[0m [2methereum_transaction_pool_monitor::mempool_monitor[0m[2m:[0m 📨 Processing new pending transaction: 0x4ac5ed91731946b2d1267fd4174767701c087fe51fc11286497d0f0bf2ccfbba
[2m2025-12-10T10:12:09.555480Z[0m [34mDEBUG[0m [2methereum_transaction_pool_monitor::mempool_monitor[0m[2m:[0m 🔍 Fetching transaction details for: 0x4ac5ed91731946b2d1267fd4174767701c087fe51fc11286497d0f0bf2ccfbba
[2m2025-12-10T10:12:09.555484Z[0m [34mDEBUG[0m [2methereum_transaction_pool_monitor::eth_client[0m[2m:[0m 🔍 Fetching transaction details for hash: 0x4ac5ed91731946b2d1267fd4174767701c087fe51fc11286497d0f0bf2ccfbba
[2m2025-12-10T10:12:09.555492Z[0m [34mDEBUG[0m [2mhyper::client::pool[0m[2m:[0m reuse idle connection for ("http", 192.168.0.14:8545)
[2m2025-12-10T10:12:09.555507Z[0m [34mDEBUG[0m [2mhyper::proto::h1::io[0m[2m:[0m flushed 250 bytes
[2m2025-12-10T10:12:09.558437Z[0m [34mDEBUG[0m [2mhyper::proto::h1::io[0m[2m:[0m parsed 4 headers
[2m2025-12-10T10:12:09.558448Z[0m [34mDEBUG[0m [2mhyper::proto::h1::conn[0m[2m:[0m incoming body is content-length (45 bytes)
[2m2025-12-10T10:12:09.558455Z[0m [34mDEBUG[0m [2mhyper::proto::h1::conn[0m[2m:[0m incoming body completed
[2m2025-12-10T10:12:09.558463Z[0m [34mDEBUG[0m [2mhyper::client::pool[0m[2m:[0m pooling idle connection for ("http", 192.168.0.14:8545)
[2m2025-12-10T10:12:09.558995Z[0m [34mDEBUG[0m [2mhyper::proto::h1::io[0m[2m:[0m parsed 4 headers
[2m2025-12-10T10:12:09.559000Z[0m [34mDEBUG[0m [2mhyper::proto::h1::conn[0m[2m:[0m incoming body is content-length (645 bytes)
[2m2025-12-10T10:12:09.559005Z[0m [34mDEBUG[0m [2mhyper::proto::h1::conn[0m[2m:[0m incoming body completed
[2m2025-12-10T10:12:09.559010Z[0m [34mDEBUG[0m [2mhyper::client::pool[0m[2m:[0m pooling idle connection for ("http", 192.168.0.14:8545)
[2m2025-12-10T10:12:09.559016Z[0m [34mDEBUG[0m [2methereum_transaction_pool_monitor::eth_client[0m[2m:[0m 📡 Transaction fetch RPC completed in 3.528417ms
[2m2025-12-10T10:12:09.631101Z[0m [34mDEBUG[0m [2methereum_transaction_pool_monitor::eth_client[0m[2m:[0m ✅ Transaction 0x4ac5ed91731946b2d1267fd4174767701c087fe51fc11286497d0f0bf2ccfbba fetched and parsed in 75.611ms
[2m2025-12-10T10:12:09.631132Z[0m [34mDEBUG[0m [2methereum_transaction_pool_monitor::mempool_monitor[0m[2m:[0m 🔍 Skipping tx 0x4ac5ed91731946b2d1267fd4174767701c087fe51fc11286497d0f0bf2ccfbba - not a DEX interaction (target: 0x0fBFdb66E324ed199B4d606F03C648c5101e1408)
[2m2025-12-10T10:12:09.631169Z[0m [34mDEBUG[0m [2mhyper::client::pool[0m[2m:[0m reuse idle connection for ("http", 192.168.0.14:8545)
[2m2025-12-10T10:12:09.631197Z[0m [34mDEBUG[0m [2mhyper::proto::h1::io[0m[2m:[0m flushed 172 bytes
[2m2025-12-10T10:12:09.631207Z[0m [34mDEBUG[0m [2methereum_transaction_pool_monitor::eth_client[0m[2m:[0m 📨 Received WebSocket message: {"jsonrpc":"2.0","method":"eth_subscription","params":{"subscription":"0xbed0a0851463e895960a451075a301a9","result":"0x4985ea20cbc0297d844f9f25f32dc83d62d65fc4532f69493619d24195904636"}}
[2m2025-12-10T10:12:09.631221Z[0m [34mDEBUG[0m [2methereum_transaction_pool_monitor::eth_client[0m[2m:[0m 📨 Received pending transaction: 0x4985ea20cbc0297d844f9f25f32dc83d62d65fc4532f69493619d24195904636
[2m2025-12-10T10:12:09.631231Z[0m [34mDEBUG[0m [2methereum_transaction_pool_monitor::eth_client[0m[2m:[0m 📨 Received WebSocket message: {"jsonrpc":"2.0","method":"eth_subscription","params":{"subscription":"0xbed0a0851463e895960a451075a301a9","result":"0x74f56060da51f1970438e7faa51cc3c5d0d4eeaa487dbd32f328b7f121a87ca2"}}
[2m2025-12-10T10:12:09.631237Z[0m [34mDEBUG[0m [2methereum_transaction_pool_monitor::eth_client[0m[2m:[0m 📨 Received pending transaction: 0x74f56060da51f1970438e7faa51cc3c5d0d4eeaa487dbd32f328b7f121a87ca2
[2m2025-12-10T10:12:09.631246Z[0m [34mDEBUG[0m [2methereum_transaction_pool_monitor::mempool_monitor[0m[2m:[0m 📨 Processing new pending transaction: 0x4985ea20cbc0297d844f9f25f32dc83d62d65fc4532f69493619d24195904636
[2m2025-12-10T10:12:09.631251Z[0m [34mDEBUG[0m [2methereum_transaction_pool_monitor::mempool_monitor[0m[2m:[0m 🔍 Fetching transaction details for: 0x4985ea20cbc0297d844f9f25f32dc83d62d65fc4532f69493619d24195904636
[2m2025-12-10T10:12:09.631256Z[0m [34mDEBUG[0m [2methereum_transaction_pool_monitor::eth_client[0m[2m:[0m 🔍 Fetching transaction details for hash: 0x4985ea20cbc0297d844f9f25f32dc83d62d65fc4532f69493619d24195904636
[2m2025-12-10T10:12:09.631267Z[0m [34mDEBUG[0m [2mhyper::client::pool[0m[2m:[0m reuse idle connection for ("http", 192.168.0.14:8545)
[2m2025-12-10T10:12:09.631278Z[0m [34mDEBUG[0m [2mhyper::proto::h1::io[0m[2m:[0m flushed 250 bytes
[2m2025-12-10T10:12:09.635488Z[0m [34mDEBUG[0m [2mhyper::proto::h1::io[0m[2m:[0m parsed 4 headers
[2m2025-12-10T10:12:09.635494Z[0m [34mDEBUG[0m [2mhyper::proto::h1::conn[0m[2m:[0m incoming body is content-length (45 bytes)
[2m2025-12-10T10:12:09.635502Z[0m [34mDEBUG[0m [2mhyper::proto::h1::conn[0m[2m:[0m incoming body completed
[2m2025-12-10T10:12:09.635510Z[0m [34mDEBUG[0m [2mhyper::client::pool[0m[2m:[0m pooling idle connection for ("http", 192.168.0.14:8545)
[2m2025-12-10T10:12:09.639142Z[0m [34mDEBUG[0m [2mhyper::proto::h1::io[0m[2m:[0m parsed 4 headers
[2m2025-12-10T10:12:09.639151Z[0m [34mDEBUG[0m [2mhyper::proto::h1::conn[0m[2m:[0m incoming body is content-length (681 bytes)
[2m2025-12-10T10:12:09.639158Z[0m [34mDEBUG[0m [2mhyper::proto::h1::conn[0m[2m:[0m incoming body completed
[2m2025-12-10T10:12:09.639164Z[0m [34mDEBUG[0m [2mhyper::client::pool[0m[2m:[0m pooling idle connection for ("http", 192.168.0.14:8545)
[2m2025-12-10T10:12:09.639170Z[0m [34mDEBUG[0m [2methereum_transaction_pool_monitor::eth_client[0m[2m:[0m 📡 Transaction fetch RPC completed in 7.90775ms
[2m2025-12-10T10:12:09.711053Z[0m [34mDEBUG[0m [2methereum_transaction_pool_monitor::eth_client[0m[2m:[0m ✅ Transaction 0x4985ea20cbc0297d844f9f25f32dc83d62d65fc4532f69493619d24195904636 fetched and parsed in 79.788792ms
[2m2025-12-10T10:12:09.711078Z[0m [34mDEBUG[0m [2methereum_transaction_pool_monitor::mempool_monitor[0m[2m:[0m 🔍 Skipping tx 0x4985ea20cbc0297d844f9f25f32dc83d62d65fc4532f69493619d24195904636 - not a DEX interaction (target: 0x009ba50496d2B0936c5Bdf299db2F7e0d6E10469)
[2m2025-12-10T10:12:09.711088Z[0m [34mDEBUG[0m [2methereum_transaction_pool_monitor::mempool_monitor[0m[2m:[0m 📨 Processing new pending transaction: 0x74f56060da51f1970438e7faa51cc3c5d0d4eeaa487dbd32f328b7f121a87ca2
[2m2025-12-10T10:12:09.711094Z[0m [34mDEBUG[0m [2methereum_transaction_pool_monitor::mempool_monitor[0m[2m:[0m 🔍 Fetching transaction details for: 0x74f56060da51f1970438e7faa51cc3c5d0d4eeaa487dbd32f328b7f121a87ca2
[2m2025-12-10T10:12:09.711098Z[0m [34mDEBUG[0m [2methereum_transaction_pool_monitor::eth_client[0m[2m:[0m 🔍 Fetching transaction details for hash: 0x74f56060da51f1970438e7faa51cc3c5d0d4eeaa487dbd32f328b7f121a87ca2
[2m2025-12-10T10:12:09.711116Z[0m [34mDEBUG[0m [2mhyper::client::pool[0m[2m:[0m reuse idle connection for ("http", 192.168.0.14:8545)
[2m2025-12-10T10:12:09.711155Z[0m [34mDEBUG[0m [2mhyper::proto::h1::io[0m[2m:[0m flushed 250 bytes
[2m2025-12-10T10:12:09.711173Z[0m [34mDEBUG[0m [2mhyper::client::pool[0m[2m:[0m reuse idle connection for ("http", 192.168.0.14:8545)
[2m2025-12-10T10:12:09.711185Z[0m [34mDEBUG[0m [2mhyper::proto::h1::io[0m[2m:[0m flushed 172 bytes
[2m2025-12-10T10:12:09.711220Z[0m [34mDEBUG[0m [2methereum_transaction_pool_monitor::eth_client[0m[2m:[0m 📨 Received WebSocket message: {"jsonrpc":"2.0","method":"eth_subscription","params":{"subscription":"0xbed0a0851463e895960a451075a301a9","result":"0x74e327ac8634a5c22f938fba387718a5e9aa976f5daeceaa7efc88fc97d7d8d1"}}
[2m2025-12-10T10:12:09.711228Z[0m [34mDEBUG[0m [2methereum_transaction_pool_monitor::eth_client[0m[2m:[0m 📨 Received pending transaction: 0x74e327ac8634a5c22f938fba387718a5e9aa976f5daeceaa7efc88fc97d7d8d1
[2m2025-12-10T10:12:09.717296Z[0m [34mDEBUG[0m [2mhyper::proto::h1::io[0m[2m:[0m parsed 4 headers
[2m2025-12-10T10:12:09.717306Z[0m [34mDEBUG[0m [2mhyper::proto::h1::io[0m[2m:[0m parsed 4 headers
[2m2025-12-10T10:12:09.717343Z[0m [34mDEBUG[0m [2mhyper::proto::h1::conn[0m[2m:[0m incoming body is content-length (45 bytes)
[2m2025-12-10T10:12:09.717354Z[0m [34mDEBUG[0m [2mhyper::proto::h1::conn[0m[2m:[0m incoming body is content-length (771 bytes)
[2m2025-12-10T10:12:09.717363Z[0m [34mDEBUG[0m [2mhyper::proto::h1::conn[0m[2m:[0m incoming body completed
[2m2025-12-10T10:12:09.717366Z[0m [34mDEBUG[0m [2mhyper::proto::h1::conn[0m[2m:[0m incoming body completed
[2m2025-12-10T10:12:09.717378Z[0m [34mDEBUG[0m [2mhyper::client::pool[0m[2m:[0m pooling idle connection for ("http", 192.168.0.14:8545)
[2m2025-12-10T10:12:09.717648Z[0m [34mDEBUG[0m [2mhyper::client::pool[0m[2m:[0m pooling idle connection for ("http", 192.168.0.14:8545)
[2m2025-12-10T10:12:09.717655Z[0m [34mDEBUG[0m [2methereum_transaction_pool_monitor::eth_client[0m[2m:[0m 📡 Transaction fetch RPC completed in 6.552666ms
[2m2025-12-10T10:12:09.717669Z[0m [34mDEBUG[0m [2methereum_transaction_pool_monitor::eth_client[0m[2m:[0m DeFi transaction detected - Address: 0xdac17f958d2ee523a2206206994597c13d831ec7, Type: Stablecoin, Value: 0 ETH, Gas: 0.42 Gwei
[2m2025-12-10T10:12:09.717682Z[0m [34mDEBUG[0m [2methereum_transaction_pool_monitor::eth_client[0m[2m:[0m ✅ Transaction 0x74f56060da51f1970438e7faa51cc3c5d0d4eeaa487dbd32f328b7f121a87ca2 fetched and parsed in 6.579666ms
[2m2025-12-10T10:12:09.717687Z[0m [34mDEBUG[0m [2methereum_transaction_pool_monitor::mempool_monitor[0m[2m:[0m 🔍 Skipping tx 0x74f56060da51f1970438e7faa51cc3c5d0d4eeaa487dbd32f328b7f121a87ca2 - not a DEX interaction (target: 0xdAC17F958D2ee523a2206206994597C13D831ec7)
[2m2025-12-10T10:12:09.717693Z[0m [34mDEBUG[0m [2methereum_transaction_pool_monitor::mempool_monitor[0m[2m:[0m 📨 Processing new pending transaction: 0x74e327ac8634a5c22f938fba387718a5e9aa976f5daeceaa7efc88fc97d7d8d1
[2m2025-12-10T10:12:09.717696Z[0m [34mDEBUG[0m [2methereum_transaction_pool_monitor::mempool_monitor[0m[2m:[0m 🔍 Fetching transaction details for: 0x74e327ac8634a5c22f938fba387718a5e9aa976f5daeceaa7efc88fc97d7d8d1
[2m2025-12-10T10:12:09.717700Z[0m [34mDEBUG[0m [2methereum_transaction_pool_monitor::eth_client[0m[2m:[0m 🔍 Fetching transaction details for hash: 0x74e327ac8634a5c22f938fba387718a5e9aa976f5daeceaa7efc88fc97d7d8d1
[2m2025-12-10T10:12:09.717711Z[0m [34mDEBUG[0m [2mhyper::client::pool[0m[2m:[0m reuse idle connection for ("http", 192.168.0.14:8545)
[2m2025-12-10T10:12:09.717730Z[0m [34mDEBUG[0m [2mhyper::proto::h1::io[0m[2m:[0m flushed 250 bytes
[2m2025-12-10T10:12:09.722679Z[0m [34mDEBUG[0m [2mhyper::proto::h1::io[0m[2m:[0m parsed 4 headers
[2m2025-12-10T10:12:09.722684Z[0m [34mDEBUG[0m [2mhyper::proto::h1::conn[0m[2m:[0m incoming body is content-length (764 bytes)
[2m2025-12-10T10:12:09.722688Z[0m [34mDEBUG[0m [2mhyper::proto::h1::conn[0m[2m:[0m incoming body completed
[2m2025-12-10T10:12:09.722693Z[0m [34mDEBUG[0m [2mhyper::client::pool[0m[2m:[0m pooling idle connection for ("http", 192.168.0.14:8545)
[2m2025-12-10T10:12:09.722697Z[0m [34mDEBUG[0m [2methereum_transaction_pool_monitor::eth_client[0m[2m:[0m 📡 Transaction fetch RPC completed in 4.993917ms
[2m2025-12-10T10:12:09.722705Z[0m [34mDEBUG[0m [2methereum_transaction_pool_monitor::eth_client[0m[2m:[0m DeFi transaction detected - Address: 0xdac17f958d2ee523a2206206994597c13d831ec7, Type: Stablecoin, Value: 0 ETH, Gas: 0.21 Gwei
[2m2025-12-10T10:12:09.722714Z[0m [34mDEBUG[0m [2methereum_transaction_pool_monitor::eth_client[0m[2m:[0m ✅ Transaction 0x74e327ac8634a5c22f938fba387718a5e9aa976f5daeceaa7efc88fc97d7d8d1 fetched and parsed in 5.011667ms
[2m2025-12-10T10:12:09.722719Z[0m [34mDEBUG[0m [2methereum_transaction_pool_monitor::mempool_monitor[0m[2m:[0m 🔍 Skipping tx 0x74e327ac8634a5c22f938fba387718a5e9aa976f5daeceaa7efc88fc97d7d8d1 - not a DEX interaction (target: 0xdAC17F958D2ee523a2206206994597C13D831ec7)
[2m2025-12-10T10:12:09.798364Z[0m [34mDEBUG[0m [2mhyper::client::pool[0m[2m:[0m reuse idle connection for ("http", 192.168.0.14:8545)
[2m2025-12-10T10:12:09.798423Z[0m [34mDEBUG[0m [2mhyper::proto::h1::io[0m[2m:[0m flushed 172 bytes
[2m2025-12-10T10:12:09.805904Z[0m [34mDEBUG[0m [2mhyper::proto::h1::io[0m[2m:[0m parsed 4 headers
[2m2025-12-10T10:12:09.805922Z[0m [34mDEBUG[0m [2mhyper::proto::h1::conn[0m[2m:[0m incoming body is content-length (45 bytes)
[2m2025-12-10T10:12:09.805931Z[0m [34mDEBUG[0m [2mhyper::proto::h1::conn[0m[2m:[0m incoming body completed
[2m2025-12-10T10:12:09.805941Z[0m [34mDEBUG[0m [2mhyper::client::pool[0m[2m:[0m pooling idle connection for ("http", 192.168.0.14:8545)
[2m2025-12-10T10:12:09.900065Z[0m [34mDEBUG[0m [2mhyper::client::pool[0m[2m:[0m reuse idle connection for ("http", 192.168.0.14:8545)
[2m2025-12-10T10:12:09.900179Z[0m [34mDEBUG[0m [2mhyper::proto::h1::io[0m[2m:[0m flushed 172 bytes
[2m2025-12-10T10:12:09.903017Z[0m [34mDEBUG[0m [2mhyper::proto::h1::io[0m[2m:[0m parsed 4 headers
[2m2025-12-10T10:12:09.903052Z[0m [34mDEBUG[0m [2mhyper::proto::h1::conn[0m[2m:[0m incoming body is content-length (45 bytes)
[2m2025-12-10T10:12:09.903080Z[0m [34mDEBUG[0m [2mhyper::proto::h1::conn[0m[2m:[0m incoming body completed
[2m2025-12-10T10:12:09.903108Z[0m [34mDEBUG[0m [2mhyper::client::pool[0m[2m:[0m pooling idle connection for ("http", 192.168.0.14:8545)
[2m2025-12-10T10:12:09.950385Z[0m [34mDEBUG[0m [2methereum_transaction_pool_monitor::eth_client[0m[2m:[0m 📨 Received WebSocket message: {"jsonrpc":"2.0","method":"eth_subscription","params":{"subscription":"0xbed0a0851463e895960a451075a301a9","result":"0x16263e315565e5ce03cbbdc9b4a61055c74d79e12714948d21ced683edbe53cd"}}
[2m2025-12-10T10:12:09.950434Z[0m [34mDEBUG[0m [2methereum_transaction_pool_monitor::eth_client[0m[2m:[0m 📨 Received pending transaction: 0x16263e315565e5ce03cbbdc9b4a61055c74d79e12714948d21ced683edbe53cd
[2m2025-12-10T10:12:09.950451Z[0m [34mDEBUG[0m [2methereum_transaction_pool_monitor::mempool_monitor[0m[2m:[0m 📨 Processing new pending transaction: 0x16263e315565e5ce03cbbdc9b4a61055c74d79e12714948d21ced683edbe53cd
[2m2025-12-10T10:12:09.950460Z[0m [34mDEBUG[0m [2methereum_transaction_pool_monitor::mempool_monitor[0m[2m:[0m 🔍 Fetching transaction details for: 0x16263e315565e5ce03cbbdc9b4a61055c74d79e12714948d21ced683edbe53cd
[2m2025-12-10T10:12:09.950468Z[0m [34mDEBUG[0m [2methereum_transaction_pool_monitor::eth_client[0m[2m:[0m 🔍 Fetching transaction details for hash: 0x16263e315565e5ce03cbbdc9b4a61055c74d79e12714948d21ced683edbe53cd
[2m2025-12-10T10:12:09.950511Z[0m [34mDEBUG[0m [2mhyper::client::pool[0m[2m:[0m reuse idle connection for ("http", 192.168.0.14:8545)
[2m2025-12-10T10:12:09.950559Z[0m [34mDEBUG[0m [2mhyper::proto::h1::io[0m[2m:[0m flushed 250 bytes
[2m2025-12-10T10:12:09.956651Z[0m [34mDEBUG[0m [2mhyper::proto::h1::io[0m[2m:[0m parsed 4 headers
[2m2025-12-10T10:12:09.956718Z[0m [34mDEBUG[0m [2mhyper::proto::h1::conn[0m[2m:[0m incoming body is content-length (675 bytes)
[2m2025-12-10T10:12:09.956759Z[0m [34mDEBUG[0m [2mhyper::proto::h1::conn[0m[2m:[0m incoming body completed
[2m2025-12-10T10:12:09.956800Z[0m [34mDEBUG[0m [2mhyper::client::pool[0m[2m:[0m pooling idle connection for ("http", 192.168.0.14:8545)
[2m2025-12-10T10:12:09.956844Z[0m [34mDEBUG[0m [2methereum_transaction_pool_monitor::eth_client[0m[2m:[0m 📡 Transaction fetch RPC completed in 6.368334ms
[2m2025-12-10T10:12:10.058358Z[0m [34mDEBUG[0m [2methereum_transaction_pool_monitor::eth_client[0m[2m:[0m ✅ Transaction 0x16263e315565e5ce03cbbdc9b4a61055c74d79e12714948d21ced683edbe53cd fetched and parsed in 107.88ms
[2m2025-12-10T10:12:10.058391Z[0m [34mDEBUG[0m [2methereum_transaction_pool_monitor::mempool_monitor[0m[2m:[0m 🔍 Skipping tx 0x16263e315565e5ce03cbbdc9b4a61055c74d79e12714948d21ced683edbe53cd - not a DEX interaction (target: 0xA0b86991c6218b36c1d19D4a2e9Eb0cE3606eB48)
[2m2025-12-10T10:12:10.058429Z[0m [34mDEBUG[0m [2mhyper::client::pool[0m[2m:[0m reuse idle connection for ("http", 192.168.0.14:8545)
[2m2025-12-10T10:12:10.058455Z[0m [34mDEBUG[0m [2methereum_transaction_pool_monitor::eth_client[0m[2m:[0m 📨 Received WebSocket message: {"jsonrpc":"2.0","method":"eth_subscription","params":{"subscription":"0xbed0a0851463e895960a451075a301a9","result":"0x350288db05164750fe39b4258e07404df2d9107cf5b0442dd69bf87fc52e106c"}}
[2m2025-12-10T10:12:10.058457Z[0m [34mDEBUG[0m [2mhyper::proto::h1::io[0m[2m:[0m flushed 172 bytes
[2m2025-12-10T10:12:10.058469Z[0m [34mDEBUG[0m [2methereum_transaction_pool_monitor::eth_client[0m[2m:[0m 📨 Received pending transaction: 0x350288db05164750fe39b4258e07404df2d9107cf5b0442dd69bf87fc52e106c
[2m2025-12-10T10:12:10.058479Z[0m [34mDEBUG[0m [2methereum_transaction_pool_monitor::mempool_monitor[0m[2m:[0m 📨 Processing new pending transaction: 0x350288db05164750fe39b4258e07404df2d9107cf5b0442dd69bf87fc52e106c
[2m2025-12-10T10:12:10.058485Z[0m [34mDEBUG[0m [2methereum_transaction_pool_monitor::mempool_monitor[0m[2m:[0m 🔍 Fetching transaction details for: 0x350288db05164750fe39b4258e07404df2d9107cf5b0442dd69bf87fc52e106c
[2m2025-12-10T10:12:10.058491Z[0m [34mDEBUG[0m [2methereum_transaction_pool_monitor::eth_client[0m[2m:[0m 🔍 Fetching transaction details for hash: 0x350288db05164750fe39b4258e07404df2d9107cf5b0442dd69bf87fc52e106c
[2m2025-12-10T10:12:10.058508Z[0m [34mDEBUG[0m [2mhyper::client::pool[0m[2m:[0m reuse idle connection for ("http", 192.168.0.14:8545)
[2m2025-12-10T10:12:10.058526Z[0m [34mDEBUG[0m [2mhyper::proto::h1::io[0m[2m:[0m flushed 250 bytes
[2m2025-12-10T10:12:10.061562Z[0m [34mDEBUG[0m [2mhyper::proto::h1::io[0m[2m:[0m parsed 4 headers
[2m2025-12-10T10:12:10.061568Z[0m [34mDEBUG[0m [2mhyper::proto::h1::conn[0m[2m:[0m incoming body is content-length (45 bytes)
[2m2025-12-10T10:12:10.061575Z[0m [34mDEBUG[0m [2mhyper::proto::h1::conn[0m[2m:[0m incoming body completed
[2m2025-12-10T10:12:10.061582Z[0m [34mDEBUG[0m [2mhyper::client::pool[0m[2m:[0m pooling idle connection for ("http", 192.168.0.14:8545)
[2m2025-12-10T10:12:10.069768Z[0m [34mDEBUG[0m [2mhyper::proto::h1::io[0m[2m:[0m parsed 4 headers
[2m2025-12-10T10:12:10.069788Z[0m [34mDEBUG[0m [2mhyper::proto::h1::conn[0m[2m:[0m incoming body is content-length (836 bytes)
[2m2025-12-10T10:12:10.069808Z[0m [34mDEBUG[0m [2mhyper::proto::h1::conn[0m[2m:[0m incoming body completed
[2m2025-12-10T10:12:10.069827Z[0m [34mDEBUG[0m [2mhyper::client::pool[0m[2m:[0m pooling idle connection for ("http", 192.168.0.14:8545)
[2m2025-12-10T10:12:10.069833Z[0m [34mDEBUG[0m [2methereum_transaction_pool_monitor::eth_client[0m[2m:[0m 📡 Transaction fetch RPC completed in 11.336416ms
[2m2025-12-10T10:12:10.069857Z[0m [34mDEBUG[0m [2methereum_transaction_pool_monitor::eth_client[0m[2m:[0m DeFi transaction detected - Address: 0xdac17f958d2ee523a2206206994597c13d831ec7, Type: Stablecoin, Value: 0 ETH, Gas: 0.22 Gwei
[2m2025-12-10T10:12:10.069871Z[0m [34mDEBUG[0m [2methereum_transaction_pool_monitor::eth_client[0m[2m:[0m ✅ Transaction 0x350288db05164750fe39b4258e07404df2d9107cf5b0442dd69bf87fc52e106c fetched and parsed in 11.3745ms
[2m2025-12-10T10:12:10.069876Z[0m [34mDEBUG[0m [2methereum_transaction_pool_monitor::mempool_monitor[0m[2m:[0m 🔍 Skipping tx 0x350288db05164750fe39b4258e07404df2d9107cf5b0442dd69bf87fc52e106c - not a DEX interaction (target: 0xdAC17F958D2ee523a2206206994597C13D831ec7)
[2m2025-12-10T10:12:10.094317Z[0m [34mDEBUG[0m [2methereum_transaction_pool_monitor::eth_client[0m[2m:[0m 📨 Received WebSocket message: {"jsonrpc":"2.0","method":"eth_subscription","params":{"subscription":"0xbed0a0851463e895960a451075a301a9","result":"0x5cface5f9d61adbe03f43fe6ccf4032ad1428635903e490ec0c197f250a2248d"}}
[2m2025-12-10T10:12:10.094332Z[0m [34mDEBUG[0m [2methereum_transaction_pool_monitor::eth_client[0m[2m:[0m 📨 Received pending transaction: 0x5cface5f9d61adbe03f43fe6ccf4032ad1428635903e490ec0c197f250a2248d
[2m2025-12-10T10:12:10.094339Z[0m [34mDEBUG[0m [2methereum_transaction_pool_monitor::mempool_monitor[0m[2m:[0m 📨 Processing new pending transaction: 0x5cface5f9d61adbe03f43fe6ccf4032ad1428635903e490ec0c197f250a2248d
[2m2025-12-10T10:12:10.094343Z[0m [34mDEBUG[0m [2methereum_transaction_pool_monitor::mempool_monitor[0m[2m:[0m 🔍 Fetching transaction details for: 0x5cface5f9d61adbe03f43fe6ccf4032ad1428635903e490ec0c197f250a2248d
[2m2025-12-10T10:12:10.094346Z[0m [34mDEBUG[0m [2methereum_transaction_pool_monitor::eth_client[0m[2m:[0m 🔍 Fetching transaction details for hash: 0x5cface5f9d61adbe03f43fe6ccf4032ad1428635903e490ec0c197f250a2248d
[2m2025-12-10T10:12:10.094365Z[0m [34mDEBUG[0m [2mhyper::client::pool[0m[2m:[0m reuse idle connection for ("http", 192.168.0.14:8545)
[2m2025-12-10T10:12:10.094379Z[0m [34mDEBUG[0m [2mhyper::proto::h1::io[0m[2m:[0m flushed 250 bytes
[2m2025-12-10T10:12:10.098146Z[0m [34mDEBUG[0m [2mhyper::client::pool[0m[2m:[0m reuse idle connection for ("http", 192.168.0.14:8545)
[2m2025-12-10T10:12:10.098161Z[0m [34mDEBUG[0m [2mhyper::proto::h1::io[0m[2m:[0m flushed 172 bytes
[2m2025-12-10T10:12:10.099575Z[0m [34mDEBUG[0m [2mhyper::proto::h1::io[0m[2m:[0m parsed 4 headers
[2m2025-12-10T10:12:10.099579Z[0m [34mDEBUG[0m [2mhyper::proto::h1::conn[0m[2m:[0m incoming body is content-length (771 bytes)
[2m2025-12-10T10:12:10.099584Z[0m [34mDEBUG[0m [2mhyper::proto::h1::conn[0m[2m:[0m incoming body completed
[2m2025-12-10T10:12:10.099589Z[0m [34mDEBUG[0m [2mhyper::client::pool[0m[2m:[0m pooling idle connection for ("http", 192.168.0.14:8545)
[2m2025-12-10T10:12:10.099594Z[0m [34mDEBUG[0m [2methereum_transaction_pool_monitor::eth_client[0m[2m:[0m 📡 Transaction fetch RPC completed in 5.2435ms
[2m2025-12-10T10:12:10.169100Z[0m [34mDEBUG[0m [2methereum_transaction_pool_monitor::eth_client[0m[2m:[0m ✅ Transaction 0x5cface5f9d61adbe03f43fe6ccf4032ad1428635903e490ec0c197f250a2248d fetched and parsed in 74.747375ms
[2m2025-12-10T10:12:10.169123Z[0m [34mDEBUG[0m [2methereum_transaction_pool_monitor::mempool_monitor[0m[2m:[0m 🔍 Skipping tx 0x5cface5f9d61adbe03f43fe6ccf4032ad1428635903e490ec0c197f250a2248d - not a DEX interaction (target: 0xB8f28C60dD8240141185a192fa4156A23E189305)
[2m2025-12-10T10:12:10.169148Z[0m [34mDEBUG[0m [2mhyper::proto::h1::io[0m[2m:[0m parsed 4 headers
[2m2025-12-10T10:12:10.169152Z[0m [34mDEBUG[0m [2mhyper::proto::h1::conn[0m[2m:[0m incoming body is content-length (45 bytes)
[2m2025-12-10T10:12:10.169159Z[0m [34mDEBUG[0m [2mhyper::proto::h1::conn[0m[2m:[0m incoming body completed
[2m2025-12-10T10:12:10.169168Z[0m [34mDEBUG[0m [2mhyper::client::pool[0m[2m:[0m pooling idle connection for ("http", 192.168.0.14:8545)
[2m2025-12-10T10:12:10.200200Z[0m [34mDEBUG[0m [2mhyper::client::pool[0m[2m:[0m reuse idle connection for ("http", 192.168.0.14:8545)
[2m2025-12-10T10:12:10.200230Z[0m [34mDEBUG[0m [2mhyper::proto::h1::io[0m[2m:[0m flushed 172 bytes
[2m2025-12-10T10:12:10.203079Z[0m [34mDEBUG[0m [2mhyper::proto::h1::io[0m[2m:[0m parsed 4 headers
[2m2025-12-10T10:12:10.203097Z[0m [34mDEBUG[0m [2mhyper::proto::h1::conn[0m[2m:[0m incoming body is content-length (45 bytes)
[2m2025-12-10T10:12:10.203116Z[0m [34mDEBUG[0m [2mhyper::proto::h1::conn[0m[2m:[0m incoming body completed
[2m2025-12-10T10:12:10.203135Z[0m [34mDEBUG[0m [2mhyper::client::pool[0m[2m:[0m pooling idle connection for ("http", 192.168.0.14:8545)
[2m2025-12-10T10:12:10.253272Z[0m [34mDEBUG[0m [2methereum_transaction_pool_monitor::eth_client[0m[2m:[0m 📨 Received WebSocket message: {"jsonrpc":"2.0","method":"eth_subscription","params":{"subscription":"0xbed0a0851463e895960a451075a301a9","result":"0xb52a55f0857c6d041d210d4582d8306a350b395faf30d04f4a78fb8673acb123"}}
[2m2025-12-10T10:12:10.253526Z[0m [34mDEBUG[0m [2methereum_transaction_pool_monitor::eth_client[0m[2m:[0m 📨 Received pending transaction: 0xb52a55f0857c6d041d210d4582d8306a350b395faf30d04f4a78fb8673acb123
[2m2025-12-10T10:12:10.253537Z[0m [34mDEBUG[0m [2methereum_transaction_pool_monitor::mempool_monitor[0m[2m:[0m 📨 Processing new pending transaction: 0xb52a55f0857c6d041d210d4582d8306a350b395faf30d04f4a78fb8673acb123
[2m2025-12-10T10:12:10.253543Z[0m [34mDEBUG[0m [2methereum_transaction_pool_monitor::mempool_monitor[0m[2m:[0m 🔍 Fetching transaction details for: 0xb52a55f0857c6d041d210d4582d8306a350b395faf30d04f4a78fb8673acb123
[2m2025-12-10T10:12:10.253654Z[0m [34mDEBUG[0m [2methereum_transaction_pool_monitor::eth_client[0m[2m:[0m 🔍 Fetching transaction details for hash: 0xb52a55f0857c6d041d210d4582d8306a350b395faf30d04f4a78fb8673acb123
[2m2025-12-10T10:12:10.253669Z[0m [34mDEBUG[0m [2mhyper::client::pool[0m[2m:[0m reuse idle connection for ("http", 192.168.0.14:8545)
[2m2025-12-10T10:12:10.253688Z[0m [34mDEBUG[0m [2mhyper::proto::h1::io[0m[2m:[0m flushed 250 bytes
[2m2025-12-10T10:12:10.257473Z[0m [34mDEBUG[0m [2mhyper::proto::h1::io[0m[2m:[0m parsed 4 headers
[2m2025-12-10T10:12:10.257505Z[0m [34mDEBUG[0m [2mhyper::proto::h1::conn[0m[2m:[0m incoming body is content-length (648 bytes)
[2m2025-12-10T10:12:10.257514Z[0m [34mDEBUG[0m [2mhyper::proto::h1::conn[0m[2m:[0m incoming body completed
[2m2025-12-10T10:12:10.257522Z[0m [34mDEBUG[0m [2mhyper::client::pool[0m[2m:[0m pooling idle connection for ("http", 192.168.0.14:8545)
[2m2025-12-10T10:12:10.257537Z[0m [34mDEBUG[0m [2methereum_transaction_pool_monitor::eth_client[0m[2m:[0m 📡 Transaction fetch RPC completed in 3.877417ms
[2m2025-12-10T10:12:10.334579Z[0m [34mDEBUG[0m [2methereum_transaction_pool_monitor::eth_client[0m[2m:[0m ✅ Transaction 0xb52a55f0857c6d041d210d4582d8306a350b395faf30d04f4a78fb8673acb123 fetched and parsed in 80.916458ms
[2m2025-12-10T10:12:10.334607Z[0m [34mDEBUG[0m [2methereum_transaction_pool_monitor::mempool_monitor[0m[2m:[0m 🔍 Skipping tx 0xb52a55f0857c6d041d210d4582d8306a350b395faf30d04f4a78fb8673acb123 - not a DEX interaction (target: 0x59b539154AD2Da0014680575030acE53be59058B)
[2m2025-12-10T10:12:10.334653Z[0m [34mDEBUG[0m [2mhyper::client::pool[0m[2m:[0m reuse idle connection for ("http", 192.168.0.14:8545)
[2m2025-12-10T10:12:10.334683Z[0m [34mDEBUG[0m [2mhyper::proto::h1::io[0m[2m:[0m flushed 172 bytes
[2m2025-12-10T10:12:10.340062Z[0m [34mDEBUG[0m [2mhyper::proto::h1::io[0m[2m:[0m parsed 4 headers
[2m2025-12-10T10:12:10.340083Z[0m [34mDEBUG[0m [2mhyper::proto::h1::conn[0m[2m:[0m incoming body is content-length (45 bytes)
[2m2025-12-10T10:12:10.340116Z[0m [34mDEBUG[0m [2mhyper::proto::h1::conn[0m[2m:[0m incoming body completed
[2m2025-12-10T10:12:10.340135Z[0m [34mDEBUG[0m [2mhyper::client::pool[0m[2m:[0m pooling idle connection for ("http", 192.168.0.14:8545)
[2m2025-12-10T10:12:10.397918Z[0m [34mDEBUG[0m [2mhyper::client::pool[0m[2m:[0m reuse idle connection for ("http", 192.168.0.14:8545)
[2m2025-12-10T10:12:10.397972Z[0m [34mDEBUG[0m [2mhyper::proto::h1::io[0m[2m:[0m flushed 172 bytes
[2m2025-12-10T10:12:10.403016Z[0m [34mDEBUG[0m [2methereum_transaction_pool_monitor::eth_client[0m[2m:[0m 📨 Received WebSocket message: {"jsonrpc":"2.0","method":"eth_subscription","params":{"subscription":"0xbed0a0851463e895960a451075a301a9","result":"0xe1dd0b6288c0257b784acd76c1451ed15ad81651f40f7a335a6bb8e4d10444d7"}}
[2m2025-12-10T10:12:10.403027Z[0m [34mDEBUG[0m [2methereum_transaction_pool_monitor::eth_client[0m[2m:[0m 📨 Received pending transaction: 0xe1dd0b6288c0257b784acd76c1451ed15ad81651f40f7a335a6bb8e4d10444d7
[2m2025-12-10T10:12:10.403035Z[0m [34mDEBUG[0m [2methereum_transaction_pool_monitor::mempool_monitor[0m[2m:[0m 📨 Processing new pending transaction: 0xe1dd0b6288c0257b784acd76c1451ed15ad81651f40f7a335a6bb8e4d10444d7
[2m2025-12-10T10:12:10.403040Z[0m [34mDEBUG[0m [2methereum_transaction_pool_monitor::mempool_monitor[0m[2m:[0m 🔍 Fetching transaction details for: 0xe1dd0b6288c0257b784acd76c1451ed15ad81651f40f7a335a6bb8e4d10444d7
[2m2025-12-10T10:12:10.403044Z[0m [34mDEBUG[0m [2methereum_transaction_pool_monitor::eth_client[0m[2m:[0m 🔍 Fetching transaction details for hash: 0xe1dd0b6288c0257b784acd76c1451ed15ad81651f40f7a335a6bb8e4d10444d7
[2m2025-12-10T10:12:10.403054Z[0m [34mDEBUG[0m [2mhyper::client::pool[0m[2m:[0m reuse idle connection for ("http", 192.168.0.14:8545)
[2m2025-12-10T10:12:10.403076Z[0m [34mDEBUG[0m [2mhyper::proto::h1::io[0m[2m:[0m flushed 250 bytes
[2m2025-12-10T10:12:10.403095Z[0m [34mDEBUG[0m [2mhyper::proto::h1::io[0m[2m:[0m parsed 4 headers
[2m2025-12-10T10:12:10.403099Z[0m [34mDEBUG[0m [2mhyper::proto::h1::conn[0m[2m:[0m incoming body is content-length (45 bytes)
[2m2025-12-10T10:12:10.403105Z[0m [34mDEBUG[0m [2mhyper::proto::h1::conn[0m[2m:[0m incoming body completed
[2m2025-12-10T10:12:10.403110Z[0m [34mDEBUG[0m [2mhyper::client::pool[0m[2m:[0m pooling idle connection for ("http", 192.168.0.14:8545)
[2m2025-12-10T10:12:10.413937Z[0m [34mDEBUG[0m [2mhyper::proto::h1::io[0m[2m:[0m parsed 4 headers
[2m2025-12-10T10:12:10.413945Z[0m [34mDEBUG[0m [2mhyper::proto::h1::conn[0m[2m:[0m incoming body is content-length (1731 bytes)
[2m2025-12-10T10:12:10.413952Z[0m [34mDEBUG[0m [2mhyper::proto::h1::conn[0m[2m:[0m incoming body completed
[2m2025-12-10T10:12:10.413962Z[0m [34mDEBUG[0m [2mhyper::client::pool[0m[2m:[0m pooling idle connection for ("http", 192.168.0.14:8545)
[2m2025-12-10T10:12:10.413968Z[0m [34mDEBUG[0m [2methereum_transaction_pool_monitor::eth_client[0m[2m:[0m 📡 Transaction fetch RPC completed in 10.919792ms
[2m2025-12-10T10:12:10.489956Z[0m [34mDEBUG[0m [2methereum_transaction_pool_monitor::eth_client[0m[2m:[0m ✅ Transaction 0xe1dd0b6288c0257b784acd76c1451ed15ad81651f40f7a335a6bb8e4d10444d7 fetched and parsed in 86.905208ms
[2m2025-12-10T10:12:10.489980Z[0m [34mDEBUG[0m [2methereum_transaction_pool_monitor::mempool_monitor[0m[2m:[0m 🔍 Skipping tx 0xe1dd0b6288c0257b784acd76c1451ed15ad81651f40f7a335a6bb8e4d10444d7 - not a DEX interaction (target: 0x601a2aD6CB5949f0529735254189Ba3194221EDF)
[2m2025-12-10T10:12:10.490026Z[0m [34mDEBUG[0m [2methereum_transaction_pool_monitor::eth_client[0m[2m:[0m 📨 Received WebSocket message: {"jsonrpc":"2.0","method":"eth_subscription","params":{"subscription":"0xbed0a0851463e895960a451075a301a9","result":"0x992c9e21fca6b710e5b7d4f8f0c3aaa7ebde30c443078cca3433b7651496399a"}}
[2m2025-12-10T10:12:10.490035Z[0m [34mDEBUG[0m [2methereum_transaction_pool_monitor::eth_client[0m[2m:[0m 📨 Received pending transaction: 0x992c9e21fca6b710e5b7d4f8f0c3aaa7ebde30c443078cca3433b7651496399a
[2m2025-12-10T10:12:10.490040Z[0m [34mDEBUG[0m [2methereum_transaction_pool_monitor::mempool_monitor[0m[2m:[0m 📨 Processing new pending transaction: 0x992c9e21fca6b710e5b7d4f8f0c3aaa7ebde30c443078cca3433b7651496399a
[2m2025-12-10T10:12:10.490046Z[0m [34mDEBUG[0m [2methereum_transaction_pool_monitor::mempool_monitor[0m[2m:[0m 🔍 Fetching transaction details for: 0x992c9e21fca6b710e5b7d4f8f0c3aaa7ebde30c443078cca3433b7651496399a
[2m2025-12-10T10:12:10.490051Z[0m [34mDEBUG[0m [2methereum_transaction_pool_monitor::eth_client[0m[2m:[0m 🔍 Fetching transaction details for hash: 0x992c9e21fca6b710e5b7d4f8f0c3aaa7ebde30c443078cca3433b7651496399a
[2m2025-12-10T10:12:10.490070Z[0m [34mDEBUG[0m [2mhyper::client::pool[0m[2m:[0m reuse idle connection for ("http", 192.168.0.14:8545)
[2m2025-12-10T10:12:10.490091Z[0m [34mDEBUG[0m [2mhyper::proto::h1::io[0m[2m:[0m flushed 250 bytes
[2m2025-12-10T10:12:10.494435Z[0m [34mDEBUG[0m [2mhyper::proto::h1::io[0m[2m:[0m parsed 4 headers
[2m2025-12-10T10:12:10.494440Z[0m [34mDEBUG[0m [2mhyper::proto::h1::conn[0m[2m:[0m incoming body is content-length (763 bytes)
[2m2025-12-10T10:12:10.494445Z[0m [34mDEBUG[0m [2mhyper::proto::h1::conn[0m[2m:[0m incoming body completed
[2m2025-12-10T10:12:10.494452Z[0m [34mDEBUG[0m [2mhyper::client::pool[0m[2m:[0m pooling idle connection for ("http", 192.168.0.14:8545)
[2m2025-12-10T10:12:10.494457Z[0m [34mDEBUG[0m [2methereum_transaction_pool_monitor::eth_client[0m[2m:[0m 📡 Transaction fetch RPC completed in 4.401791ms
[2m2025-12-10T10:12:10.565442Z[0m [34mDEBUG[0m [2methereum_transaction_pool_monitor::eth_client[0m[2m:[0m ✅ Transaction 0x992c9e21fca6b710e5b7d4f8f0c3aaa7ebde30c443078cca3433b7651496399a fetched and parsed in 75.384708ms
[2m2025-12-10T10:12:10.565465Z[0m [34mDEBUG[0m [2methereum_transaction_pool_monitor::mempool_monitor[0m[2m:[0m 🔍 Skipping tx 0x992c9e21fca6b710e5b7d4f8f0c3aaa7ebde30c443078cca3433b7651496399a - not a DEX interaction (target: 0x699F088b5DddcAFB7c4824db5B10B57B37cB0C66)
[2m2025-12-10T10:12:10.565498Z[0m [34mDEBUG[0m [2mhyper::client::pool[0m[2m:[0m reuse idle connection for ("http", 192.168.0.14:8545)
[2m2025-12-10T10:12:10.565517Z[0m [34mDEBUG[0m [2mhyper::proto::h1::io[0m[2m:[0m flushed 172 bytes
[2m2025-12-10T10:12:10.565528Z[0m [34mDEBUG[0m [2methereum_transaction_pool_monitor::eth_client[0m[2m:[0m 📨 Received WebSocket message: {"jsonrpc":"2.0","method":"eth_subscription","params":{"subscription":"0xbed0a0851463e895960a451075a301a9","result":"0x47a39a5b94ae2a76e0ebe0027e78b2e8c16e0181027330b202b04f7e89ff3997"}}
[2m2025-12-10T10:12:10.565537Z[0m [34mDEBUG[0m [2methereum_transaction_pool_monitor::eth_client[0m[2m:[0m 📨 Received pending transaction: 0x47a39a5b94ae2a76e0ebe0027e78b2e8c16e0181027330b202b04f7e89ff3997
[2m2025-12-10T10:12:10.565544Z[0m [34mDEBUG[0m [2methereum_transaction_pool_monitor::mempool_monitor[0m[2m:[0m 📨 Processing new pending transaction: 0x47a39a5b94ae2a76e0ebe0027e78b2e8c16e0181027330b202b04f7e89ff3997
[2m2025-12-10T10:12:10.565548Z[0m [34mDEBUG[0m [2methereum_transaction_pool_monitor::mempool_monitor[0m[2m:[0m 🔍 Fetching transaction details for: 0x47a39a5b94ae2a76e0ebe0027e78b2e8c16e0181027330b202b04f7e89ff3997
[2m2025-12-10T10:12:10.565552Z[0m [34mDEBUG[0m [2methereum_transaction_pool_monitor::eth_client[0m[2m:[0m 🔍 Fetching transaction details for hash: 0x47a39a5b94ae2a76e0ebe0027e78b2e8c16e0181027330b202b04f7e89ff3997
[2m2025-12-10T10:12:10.565559Z[0m [34mDEBUG[0m [2mhyper::client::pool[0m[2m:[0m reuse idle connection for ("http", 192.168.0.14:8545)
[2m2025-12-10T10:12:10.565571Z[0m [34mDEBUG[0m [2mhyper::proto::h1::io[0m[2m:[0m flushed 250 bytes
[2m2025-12-10T10:12:10.568636Z[0m [34mDEBUG[0m [2mhyper::proto::h1::io[0m[2m:[0m parsed 4 headers
[2m2025-12-10T10:12:10.568661Z[0m [34mDEBUG[0m [2mhyper::proto::h1::conn[0m[2m:[0m incoming body is content-length (45 bytes)
[2m2025-12-10T10:12:10.568682Z[0m [34mDEBUG[0m [2mhyper::proto::h1::conn[0m[2m:[0m incoming body completed
[2m2025-12-10T10:12:10.568706Z[0m [34mDEBUG[0m [2mhyper::client::pool[0m[2m:[0m pooling idle connection for ("http", 192.168.0.14:8545)
[2m2025-12-10T10:12:10.569347Z[0m [34mDEBUG[0m [2mhyper::proto::h1::io[0m[2m:[0m parsed 4 headers
[2m2025-12-10T10:12:10.569366Z[0m [34mDEBUG[0m [2mhyper::proto::h1::conn[0m[2m:[0m incoming body is content-length (1219 bytes)
[2m2025-12-10T10:12:10.569383Z[0m [34mDEBUG[0m [2mhyper::proto::h1::conn[0m[2m:[0m incoming body completed
[2m2025-12-10T10:12:10.569401Z[0m [34mDEBUG[0m [2mhyper::client::pool[0m[2m:[0m pooling idle connection for ("http", 192.168.0.14:8545)
[2m2025-12-10T10:12:10.569406Z[0m [34mDEBUG[0m [2methereum_transaction_pool_monitor::eth_client[0m[2m:[0m 📡 Transaction fetch RPC completed in 3.849708ms
[2m2025-12-10T10:12:10.640891Z[0m [34mDEBUG[0m [2methereum_transaction_pool_monitor::eth_client[0m[2m:[0m ✅ Transaction 0x47a39a5b94ae2a76e0ebe0027e78b2e8c16e0181027330b202b04f7e89ff3997 fetched and parsed in 75.332625ms
[2m2025-12-10T10:12:10.640918Z[0m [34mDEBUG[0m [2methereum_transaction_pool_monitor::mempool_monitor[0m[2m:[0m 🔍 Skipping tx 0x47a39a5b94ae2a76e0ebe0027e78b2e8c16e0181027330b202b04f7e89ff3997 - not a DEX interaction (target: 0xF6801D319497789f934ec7F83E142a9536312B08)
[2m2025-12-10T10:12:10.640955Z[0m [34mDEBUG[0m [2mhyper::client::pool[0m[2m:[0m reuse idle connection for ("http", 192.168.0.14:8545)
[2m2025-12-10T10:12:10.640965Z[0m [34mDEBUG[0m [2methereum_transaction_pool_monitor::eth_client[0m[2m:[0m 📨 Received WebSocket message: {"jsonrpc":"2.0","method":"eth_subscription","params":{"subscription":"0xbed0a0851463e895960a451075a301a9","result":"0x7d8b4f7a8e9fc38a18ed1d0b9ea2a115c94db6279125e32ba4b5f8ccf72ba473"}}
[2m2025-12-10T10:12:10.640975Z[0m [34mDEBUG[0m [2methereum_transaction_pool_monitor::eth_client[0m[2m:[0m 📨 Received pending transaction: 0x7d8b4f7a8e9fc38a18ed1d0b9ea2a115c94db6279125e32ba4b5f8ccf72ba473
[2m2025-12-10T10:12:10.640977Z[0m [34mDEBUG[0m [2mhyper::proto::h1::io[0m[2m:[0m flushed 172 bytes
[2m2025-12-10T10:12:10.640981Z[0m [34mDEBUG[0m [2methereum_transaction_pool_monitor::mempool_monitor[0m[2m:[0m 📨 Processing new pending transaction: 0x7d8b4f7a8e9fc38a18ed1d0b9ea2a115c94db6279125e32ba4b5f8ccf72ba473
[2m2025-12-10T10:12:10.640988Z[0m [34mDEBUG[0m [2methereum_transaction_pool_monitor::mempool_monitor[0m[2m:[0m 🔍 Fetching transaction details for: 0x7d8b4f7a8e9fc38a18ed1d0b9ea2a115c94db6279125e32ba4b5f8ccf72ba473
[2m2025-12-10T10:12:10.640993Z[0m [34mDEBUG[0m [2methereum_transaction_pool_monitor::eth_client[0m[2m:[0m 🔍 Fetching transaction details for hash: 0x7d8b4f7a8e9fc38a18ed1d0b9ea2a115c94db6279125e32ba4b5f8ccf72ba473
[2m2025-12-10T10:12:10.641003Z[0m [34mDEBUG[0m [2mhyper::client::pool[0m[2m:[0m reuse idle connection for ("http", 192.168.0.14:8545)
[2m2025-12-10T10:12:10.641016Z[0m [34mDEBUG[0m [2mhyper::proto::h1::io[0m[2m:[0m flushed 250 bytes
[2m2025-12-10T10:12:10.647402Z[0m [34mDEBUG[0m [2mhyper::proto::h1::io[0m[2m:[0m parsed 4 headers
[2m2025-12-10T10:12:10.647409Z[0m [34mDEBUG[0m [2mhyper::proto::h1::conn[0m[2m:[0m incoming body is content-length (45 bytes)
[2m2025-12-10T10:12:10.647418Z[0m [34mDEBUG[0m [2mhyper::proto::h1::conn[0m[2m:[0m incoming body completed
[2m2025-12-10T10:12:10.647427Z[0m [34mDEBUG[0m [2mhyper::client::pool[0m[2m:[0m pooling idle connection for ("http", 192.168.0.14:8545)
[2m2025-12-10T10:12:10.647446Z[0m [34mDEBUG[0m [2mhyper::proto::h1::io[0m[2m:[0m parsed 4 headers
[2m2025-12-10T10:12:10.647450Z[0m [34mDEBUG[0m [2mhyper::proto::h1::conn[0m[2m:[0m incoming body is content-length (675 bytes)
[2m2025-12-10T10:12:10.647453Z[0m [34mDEBUG[0m [2mhyper::proto::h1::conn[0m[2m:[0m incoming body completed
[2m2025-12-10T10:12:10.647458Z[0m [34mDEBUG[0m [2mhyper::client::pool[0m[2m:[0m pooling idle connection for ("http", 192.168.0.14:8545)
[2m2025-12-10T10:12:10.647463Z[0m [34mDEBUG[0m [2methereum_transaction_pool_monitor::eth_client[0m[2m:[0m 📡 Transaction fetch RPC completed in 6.463041ms
[2m2025-12-10T10:12:10.647474Z[0m [34mDEBUG[0m [2methereum_transaction_pool_monitor::eth_client[0m[2m:[0m DeFi transaction detected - Address: 0xdac17f958d2ee523a2206206994597c13d831ec7, Type: Stablecoin, Value: 0 ETH, Gas: 1.00 Gwei
[2m2025-12-10T10:12:10.647493Z[0m [34mDEBUG[0m [2methereum_transaction_pool_monitor::eth_client[0m[2m:[0m ✅ Transaction 0x7d8b4f7a8e9fc38a18ed1d0b9ea2a115c94db6279125e32ba4b5f8ccf72ba473 fetched and parsed in 6.493708ms
[2m2025-12-10T10:12:10.647499Z[0m [34mDEBUG[0m [2methereum_transaction_pool_monitor::mempool_monitor[0m[2m:[0m 🔍 Skipping tx 0x7d8b4f7a8e9fc38a18ed1d0b9ea2a115c94db6279125e32ba4b5f8ccf72ba473 - not a DEX interaction (target: 0xdAC17F958D2ee523a2206206994597C13D831ec7)
[2m2025-12-10T10:12:10.699558Z[0m [34mDEBUG[0m [2mhyper::client::pool[0m[2m:[0m reuse idle connection for ("http", 192.168.0.14:8545)
[2m2025-12-10T10:12:10.699626Z[0m [34mDEBUG[0m [2mhyper::proto::h1::io[0m[2m:[0m flushed 172 bytes
[2m2025-12-10T10:12:10.703184Z[0m [34mDEBUG[0m [2mhyper::proto::h1::io[0m[2m:[0m parsed 4 headers
[2m2025-12-10T10:12:10.703202Z[0m [34mDEBUG[0m [2mhyper::proto::h1::conn[0m[2m:[0m incoming body is content-length (45 bytes)
[2m2025-12-10T10:12:10.703220Z[0m [34mDEBUG[0m [2mhyper::proto::h1::conn[0m[2m:[0m incoming body completed
[2m2025-12-10T10:12:10.703237Z[0m [34mDEBUG[0m [2mhyper::client::pool[0m[2m:[0m pooling idle connection for ("http", 192.168.0.14:8545)
[2m2025-12-10T10:12:10.726663Z[0m [34mDEBUG[0m [2methereum_transaction_pool_monitor::eth_client[0m[2m:[0m 📨 Received WebSocket message: {"jsonrpc":"2.0","method":"eth_subscription","params":{"subscription":"0xbed0a0851463e895960a451075a301a9","result":"0x4b34d6f49946bcbee2b82459ddb384745014e67b1ceff241d5d539ec5e1b1d8c"}}
[2m2025-12-10T10:12:10.726673Z[0m [34mDEBUG[0m [2methereum_transaction_pool_monitor::eth_client[0m[2m:[0m 📨 Received pending transaction: 0x4b34d6f49946bcbee2b82459ddb384745014e67b1ceff241d5d539ec5e1b1d8c
[2m2025-12-10T10:12:10.726680Z[0m [34mDEBUG[0m [2methereum_transaction_pool_monitor::mempool_monitor[0m[2m:[0m 📨 Processing new pending transaction: 0x4b34d6f49946bcbee2b82459ddb384745014e67b1ceff241d5d539ec5e1b1d8c
[2m2025-12-10T10:12:10.726685Z[0m [34mDEBUG[0m [2methereum_transaction_pool_monitor::mempool_monitor[0m[2m:[0m 🔍 Fetching transaction details for: 0x4b34d6f49946bcbee2b82459ddb384745014e67b1ceff241d5d539ec5e1b1d8c
[2m2025-12-10T10:12:10.726690Z[0m [34mDEBUG[0m [2methereum_transaction_pool_monitor::eth_client[0m[2m:[0m 🔍 Fetching transaction details for hash: 0x4b34d6f49946bcbee2b82459ddb384745014e67b1ceff241d5d539ec5e1b1d8c
[2m2025-12-10T10:12:10.726701Z[0m [34mDEBUG[0m [2mhyper::client::pool[0m[2m:[0m reuse idle connection for ("http", 192.168.0.14:8545)
[2m2025-12-10T10:12:10.726715Z[0m [34mDEBUG[0m [2mhyper::proto::h1::io[0m[2m:[0m flushed 250 bytes
[2m2025-12-10T10:12:10.731538Z[0m [34mDEBUG[0m [2mhyper::proto::h1::io[0m[2m:[0m parsed 4 headers
[2m2025-12-10T10:12:10.731544Z[0m [34mDEBUG[0m [2mhyper::proto::h1::conn[0m[2m:[0m incoming body is content-length (828 bytes)
[2m2025-12-10T10:12:10.731550Z[0m [34mDEBUG[0m [2mhyper::proto::h1::conn[0m[2m:[0m incoming body completed
[2m2025-12-10T10:12:10.731557Z[0m [34mDEBUG[0m [2mhyper::client::pool[0m[2m:[0m pooling idle connection for ("http", 192.168.0.14:8545)
[2m2025-12-10T10:12:10.731562Z[0m [34mDEBUG[0m [2methereum_transaction_pool_monitor::eth_client[0m[2m:[0m 📡 Transaction fetch RPC completed in 4.867292ms
[2m2025-12-10T10:12:10.807640Z[0m [34mDEBUG[0m [2methereum_transaction_pool_monitor::eth_client[0m[2m:[0m ✅ Transaction 0x4b34d6f49946bcbee2b82459ddb384745014e67b1ceff241d5d539ec5e1b1d8c fetched and parsed in 80.941959ms
[2m2025-12-10T10:12:10.807665Z[0m [34mDEBUG[0m [2methereum_transaction_pool_monitor::mempool_monitor[0m[2m:[0m 🔍 Skipping tx 0x4b34d6f49946bcbee2b82459ddb384745014e67b1ceff241d5d539ec5e1b1d8c - not a DEX interaction (target: 0x51C03A791e0F22D66F17edA5a897c108d5CF7ce7)
[2m2025-12-10T10:12:10.807706Z[0m [34mDEBUG[0m [2mhyper::client::pool[0m[2m:[0m reuse idle connection for ("http", 192.168.0.14:8545)
[2m2025-12-10T10:12:10.807735Z[0m [34mDEBUG[0m [2mhyper::proto::h1::io[0m[2m:[0m flushed 172 bytes
[2m2025-12-10T10:12:10.812741Z[0m [34mDEBUG[0m [2mhyper::proto::h1::io[0m[2m:[0m parsed 4 headers
[2m2025-12-10T10:12:10.812761Z[0m [34mDEBUG[0m [2mhyper::proto::h1::conn[0m[2m:[0m incoming body is content-length (45 bytes)
[2m2025-12-10T10:12:10.812785Z[0m [34mDEBUG[0m [2mhyper::proto::h1::conn[0m[2m:[0m incoming body completed
[2m2025-12-10T10:12:10.812798Z[0m [34mDEBUG[0m [2mhyper::client::pool[0m[2m:[0m pooling idle connection for ("http", 192.168.0.14:8545)
[2m2025-12-10T10:12:10.899889Z[0m [34mDEBUG[0m [2mhyper::client::pool[0m[2m:[0m reuse idle connection for ("http", 192.168.0.14:8545)
[2m2025-12-10T10:12:10.902258Z[0m [34mDEBUG[0m [2mhyper::proto::h1::io[0m[2m:[0m flushed 172 bytes
[2m2025-12-10T10:12:10.906113Z[0m [34mDEBUG[0m [2mhyper::proto::h1::io[0m[2m:[0m parsed 4 headers
[2m2025-12-10T10:12:10.906136Z[0m [34mDEBUG[0m [2mhyper::proto::h1::conn[0m[2m:[0m incoming body is content-length (45 bytes)
[2m2025-12-10T10:12:10.906150Z[0m [34mDEBUG[0m [2mhyper::proto::h1::conn[0m[2m:[0m incoming body completed
[2m2025-12-10T10:12:10.906159Z[0m [34mDEBUG[0m [2mhyper::client::pool[0m[2m:[0m pooling idle connection for ("http", 192.168.0.14:8545)
[2m2025-12-10T10:12:10.977597Z[0m [34mDEBUG[0m [2methereum_transaction_pool_monitor::eth_client[0m[2m:[0m 📨 Received WebSocket message: {"jsonrpc":"2.0","method":"eth_subscription","params":{"subscription":"0xbed0a0851463e895960a451075a301a9","result":"0x23636f3202d42c6dfc8d32548e6c327b290a912d27ce4d7615fa951ceead0150"}}
[2m2025-12-10T10:12:10.977637Z[0m [34mDEBUG[0m [2methereum_transaction_pool_monitor::eth_client[0m[2m:[0m 📨 Received pending transaction: 0x23636f3202d42c6dfc8d32548e6c327b290a912d27ce4d7615fa951ceead0150
[2m2025-12-10T10:12:10.977657Z[0m [34mDEBUG[0m [2methereum_transaction_pool_monitor::mempool_monitor[0m[2m:[0m 📨 Processing new pending transaction: 0x23636f3202d42c6dfc8d32548e6c327b290a912d27ce4d7615fa951ceead0150
[2m2025-12-10T10:12:10.977667Z[0m [34mDEBUG[0m [2methereum_transaction_pool_monitor::mempool_monitor[0m[2m:[0m 🔍 Fetching transaction details for: 0x23636f3202d42c6dfc8d32548e6c327b290a912d27ce4d7615fa951ceead0150
[2m2025-12-10T10:12:10.977677Z[0m [34mDEBUG[0m [2methereum_transaction_pool_monitor::eth_client[0m[2m:[0m 🔍 Fetching transaction details for hash: 0x23636f3202d42c6dfc8d32548e6c327b290a912d27ce4d7615fa951ceead0150
[2m2025-12-10T10:12:10.977714Z[0m [34mDEBUG[0m [2mhyper::client::pool[0m[2m:[0m reuse idle connection for ("http", 192.168.0.14:8545)
[2m2025-12-10T10:12:10.977766Z[0m [34mDEBUG[0m [2mhyper::proto::h1::io[0m[2m:[0m flushed 250 bytes
[2m2025-12-10T10:12:10.986851Z[0m [34mDEBUG[0m [2mhyper::proto::h1::io[0m[2m:[0m parsed 4 headers
[2m2025-12-10T10:12:10.986887Z[0m [34mDEBUG[0m [2mhyper::proto::h1::conn[0m[2m:[0m incoming body is content-length (1218 bytes)
[2m2025-12-10T10:12:10.986908Z[0m [34mDEBUG[0m [2mhyper::proto::h1::conn[0m[2m:[0m incoming body completed
[2m2025-12-10T10:12:10.986936Z[0m [34mDEBUG[0m [2mhyper::client::pool[0m[2m:[0m pooling idle connection for ("http", 192.168.0.14:8545)
[2m2025-12-10T10:12:10.986956Z[0m [34mDEBUG[0m [2methereum_transaction_pool_monitor::eth_client[0m[2m:[0m 📡 Transaction fetch RPC completed in 9.268667ms
[2m2025-12-10T10:12:11.073032Z[0m [34mDEBUG[0m [2methereum_transaction_pool_monitor::eth_client[0m[2m:[0m ✅ Transaction 0x23636f3202d42c6dfc8d32548e6c327b290a912d27ce4d7615fa951ceead0150 fetched and parsed in 95.342125ms
[2m2025-12-10T10:12:11.073060Z[0m [34mDEBUG[0m [2methereum_transaction_pool_monitor::mempool_monitor[0m[2m:[0m 🔍 Skipping tx 0x23636f3202d42c6dfc8d32548e6c327b290a912d27ce4d7615fa951ceead0150 - not a DEX interaction (target: 0xF6801D319497789f934ec7F83E142a9536312B08)
[2m2025-12-10T10:12:11.073096Z[0m [34mDEBUG[0m [2mhyper::client::pool[0m[2m:[0m reuse idle connection for ("http", 192.168.0.14:8545)
[2m2025-12-10T10:12:11.073140Z[0m [34mDEBUG[0m [2mhyper::proto::h1::io[0m[2m:[0m flushed 172 bytes
[2m2025-12-10T10:12:11.073182Z[0m [34mDEBUG[0m [2methereum_transaction_pool_monitor::eth_client[0m[2m:[0m 📨 Received WebSocket message: {"jsonrpc":"2.0","method":"eth_subscription","params":{"subscription":"0xbed0a0851463e895960a451075a301a9","result":"0xac00cf1f79ccd2ef7d68ca7ce44acb7415144a5cc19b3577784ecb01f47d6c89"}}
[2m2025-12-10T10:12:11.073193Z[0m [34mDEBUG[0m [2methereum_transaction_pool_monitor::eth_client[0m[2m:[0m 📨 Received pending transaction: 0xac00cf1f79ccd2ef7d68ca7ce44acb7415144a5cc19b3577784ecb01f47d6c89
[2m2025-12-10T10:12:11.073201Z[0m [34mDEBUG[0m [2methereum_transaction_pool_monitor::mempool_monitor[0m[2m:[0m 📨 Processing new pending transaction: 0xac00cf1f79ccd2ef7d68ca7ce44acb7415144a5cc19b3577784ecb01f47d6c89
[2m2025-12-10T10:12:11.073205Z[0m [34mDEBUG[0m [2methereum_transaction_pool_monitor::mempool_monitor[0m[2m:[0m 🔍 Fetching transaction details for: 0xac00cf1f79ccd2ef7d68ca7ce44acb7415144a5cc19b3577784ecb01f47d6c89
[2m2025-12-10T10:12:11.073209Z[0m [34mDEBUG[0m [2methereum_transaction_pool_monitor::eth_client[0m[2m:[0m 🔍 Fetching transaction details for hash: 0xac00cf1f79ccd2ef7d68ca7ce44acb7415144a5cc19b3577784ecb01f47d6c89
[2m2025-12-10T10:12:11.073218Z[0m [34mDEBUG[0m [2mhyper::client::pool[0m[2m:[0m reuse idle connection for ("http", 192.168.0.14:8545)
[2m2025-12-10T10:12:11.073231Z[0m [34mDEBUG[0m [2mhyper::proto::h1::io[0m[2m:[0m flushed 250 bytes
[2m2025-12-10T10:12:11.077344Z[0m [34mDEBUG[0m [2mhyper::proto::h1::io[0m[2m:[0m parsed 4 headers
[2m2025-12-10T10:12:11.077365Z[0m [34mDEBUG[0m [2mhyper::proto::h1::conn[0m[2m:[0m incoming body is content-length (45 bytes)
[2m2025-12-10T10:12:11.077376Z[0m [34mDEBUG[0m [2mhyper::proto::h1::conn[0m[2m:[0m incoming body completed
[2m2025-12-10T10:12:11.077394Z[0m [34mDEBUG[0m [2mhyper::client::pool[0m[2m:[0m pooling idle connection for ("http", 192.168.0.14:8545)
[2m2025-12-10T10:12:11.078023Z[0m [34mDEBUG[0m [2mhyper::proto::h1::io[0m[2m:[0m parsed 4 headers
[2m2025-12-10T10:12:11.078046Z[0m [34mDEBUG[0m [2mhyper::proto::h1::conn[0m[2m:[0m incoming body is content-length (643 bytes)
[2m2025-12-10T10:12:11.078065Z[0m [34mDEBUG[0m [2mhyper::proto::h1::conn[0m[2m:[0m incoming body completed
[2m2025-12-10T10:12:11.078078Z[0m [34mDEBUG[0m [2mhyper::client::pool[0m[2m:[0m pooling idle connection for ("http", 192.168.0.14:8545)
[2m2025-12-10T10:12:11.078083Z[0m [34mDEBUG[0m [2methereum_transaction_pool_monitor::eth_client[0m[2m:[0m 📡 Transaction fetch RPC completed in 4.870959ms
[2m2025-12-10T10:12:11.149828Z[0m [34mDEBUG[0m [2methereum_transaction_pool_monitor::eth_client[0m[2m:[0m ✅ Transaction 0xac00cf1f79ccd2ef7d68ca7ce44acb7415144a5cc19b3577784ecb01f47d6c89 fetched and parsed in 76.613209ms
[2m2025-12-10T10:12:11.149856Z[0m [34mDEBUG[0m [2methereum_transaction_pool_monitor::mempool_monitor[0m[2m:[0m 🔍 Skipping tx 0xac00cf1f79ccd2ef7d68ca7ce44acb7415144a5cc19b3577784ecb01f47d6c89 - not a DEX interaction (target: 0x0e369114aaFF1A44782F376bEB680336E326bE02)
[2m2025-12-10T10:12:11.149901Z[0m [34mDEBUG[0m [2mhyper::client::pool[0m[2m:[0m reuse idle connection for ("http", 192.168.0.14:8545)
[2m2025-12-10T10:12:11.149928Z[0m [34mDEBUG[0m [2methereum_transaction_pool_monitor::eth_client[0m[2m:[0m 📨 Received WebSocket message: {"jsonrpc":"2.0","method":"eth_subscription","params":{"subscription":"0xbed0a0851463e895960a451075a301a9","result":"0x039ef7ef22d516ba17ae35692f4c355bd9f8f6c33fa3944a3260d2600f211750"}}
[2m2025-12-10T10:12:11.149930Z[0m [34mDEBUG[0m [2mhyper::proto::h1::io[0m[2m:[0m flushed 172 bytes
[2m2025-12-10T10:12:11.149944Z[0m [34mDEBUG[0m [2methereum_transaction_pool_monitor::eth_client[0m[2m:[0m 📨 Received pending transaction: 0x039ef7ef22d516ba17ae35692f4c355bd9f8f6c33fa3944a3260d2600f211750
[2m2025-12-10T10:12:11.149953Z[0m [32m INFO[0m [2methereum_transaction_pool_monitor::eth_client[0m[2m:[0m 📊 WebSocket stats - Total: 3296 transactions, Rate: 13.0 tx/s
[2m2025-12-10T10:12:11.149961Z[0m [34mDEBUG[0m [2methereum_transaction_pool_monitor::mempool_monitor[0m[2m:[0m 📨 Processing new pending transaction: 0x039ef7ef22d516ba17ae35692f4c355bd9f8f6c33fa3944a3260d2600f211750
[2m2025-12-10T10:12:11.149967Z[0m [34mDEBUG[0m [2methereum_transaction_pool_monitor::mempool_monitor[0m[2m:[0m 🔍 Fetching transaction details for: 0x039ef7ef22d516ba17ae35692f4c355bd9f8f6c33fa3944a3260d2600f211750
[2m2025-12-10T10:12:11.149972Z[0m [34mDEBUG[0m [2methereum_transaction_pool_monitor::eth_client[0m[2m:[0m 🔍 Fetching transaction details for hash: 0x039ef7ef22d516ba17ae35692f4c355bd9f8f6c33fa3944a3260d2600f211750
[2m2025-12-10T10:12:11.149983Z[0m [34mDEBUG[0m [2mhyper::client::pool[0m[2m:[0m reuse idle connection for ("http", 192.168.0.14:8545)
[2m2025-12-10T10:12:11.149996Z[0m [34mDEBUG[0m [2mhyper::proto::h1::io[0m[2m:[0m flushed 250 bytes
[2m2025-12-10T10:12:11.155067Z[0m [34mDEBUG[0m [2mhyper::proto::h1::io[0m[2m:[0m parsed 4 headers
[2m2025-12-10T10:12:11.155074Z[0m [34mDEBUG[0m [2mhyper::proto::h1::conn[0m[2m:[0m incoming body is content-length (45 bytes)
[2m2025-12-10T10:12:11.155080Z[0m [34mDEBUG[0m [2mhyper::proto::h1::conn[0m[2m:[0m incoming body completed
[2m2025-12-10T10:12:11.155087Z[0m [34mDEBUG[0m [2mhyper::client::pool[0m[2m:[0m pooling idle connection for ("http", 192.168.0.14:8545)
[2m2025-12-10T10:12:11.157682Z[0m [34mDEBUG[0m [2mhyper::proto::h1::io[0m[2m:[0m parsed 4 headers
[2m2025-12-10T10:12:11.157691Z[0m [34mDEBUG[0m [2mhyper::proto::h1::conn[0m[2m:[0m incoming body is content-length (2885 bytes)
[2m2025-12-10T10:12:11.157698Z[0m [34mDEBUG[0m [2mhyper::proto::h1::conn[0m[2m:[0m incoming body completed
[2m2025-12-10T10:12:11.157707Z[0m [34mDEBUG[0m [2mhyper::client::pool[0m[2m:[0m pooling idle connection for ("http", 192.168.0.14:8545)
[2m2025-12-10T10:12:11.157712Z[0m [34mDEBUG[0m [2methereum_transaction_pool_monitor::eth_client[0m[2m:[0m 📡 Transaction fetch RPC completed in 7.734667ms
[2m2025-12-10T10:12:11.229644Z[0m [34mDEBUG[0m [2methereum_transaction_pool_monitor::eth_client[0m[2m:[0m ✅ Transaction 0x039ef7ef22d516ba17ae35692f4c355bd9f8f6c33fa3944a3260d2600f211750 fetched and parsed in 79.664667ms
[2m2025-12-10T10:12:11.229670Z[0m [34mDEBUG[0m [2methereum_transaction_pool_monitor::mempool_monitor[0m[2m:[0m 🔍 Skipping tx 0x039ef7ef22d516ba17ae35692f4c355bd9f8f6c33fa3944a3260d2600f211750 - not a DEX interaction (target: 0x26d3681DfC9E4c8C79cfbf461adec8A21d5d73C5)
[2m2025-12-10T10:12:11.229705Z[0m [34mDEBUG[0m [2mhyper::client::pool[0m[2m:[0m reuse idle connection for ("http", 192.168.0.14:8545)
[2m2025-12-10T10:12:11.229745Z[0m [34mDEBUG[0m [2mhyper::proto::h1::io[0m[2m:[0m flushed 172 bytes
[2m2025-12-10T10:12:11.229776Z[0m [34mDEBUG[0m [2methereum_transaction_pool_monitor::eth_client[0m[2m:[0m 📨 Received WebSocket message: {"jsonrpc":"2.0","method":"eth_subscription","params":{"subscription":"0xbed0a0851463e895960a451075a301a9","result":"0x3c850bc15e1b98d4a4098cecd62e5170001c4f9efbaf8102ea1d075729723a5a"}}
[2m2025-12-10T10:12:11.229787Z[0m [34mDEBUG[0m [2methereum_transaction_pool_monitor::eth_client[0m[2m:[0m 📨 Received pending transaction: 0x3c850bc15e1b98d4a4098cecd62e5170001c4f9efbaf8102ea1d075729723a5a
[2m2025-12-10T10:12:11.229793Z[0m [34mDEBUG[0m [2methereum_transaction_pool_monitor::eth_client[0m[2m:[0m 📨 Received WebSocket message: {"jsonrpc":"2.0","method":"eth_subscription","params":{"subscription":"0xbed0a0851463e895960a451075a301a9","result":"0xca85a2f5be9e31ab0c76d94b5f8501031e64a08c1d4149ae80ac9b953847784d"}}
[2m2025-12-10T10:12:11.229800Z[0m [34mDEBUG[0m [2methereum_transaction_pool_monitor::eth_client[0m[2m:[0m 📨 Received pending transaction: 0xca85a2f5be9e31ab0c76d94b5f8501031e64a08c1d4149ae80ac9b953847784d
[2m2025-12-10T10:12:11.229807Z[0m [34mDEBUG[0m [2methereum_transaction_pool_monitor::mempool_monitor[0m[2m:[0m 📨 Processing new pending transaction: 0x3c850bc15e1b98d4a4098cecd62e5170001c4f9efbaf8102ea1d075729723a5a
[2m2025-12-10T10:12:11.229812Z[0m [34mDEBUG[0m [2methereum_transaction_pool_monitor::mempool_monitor[0m[2m:[0m 🔍 Fetching transaction details for: 0x3c850bc15e1b98d4a4098cecd62e5170001c4f9efbaf8102ea1d075729723a5a
[2m2025-12-10T10:12:11.229816Z[0m [34mDEBUG[0m [2methereum_transaction_pool_monitor::eth_client[0m[2m:[0m 🔍 Fetching transaction details for hash: 0x3c850bc15e1b98d4a4098cecd62e5170001c4f9efbaf8102ea1d075729723a5a
[2m2025-12-10T10:12:11.229824Z[0m [34mDEBUG[0m [2mhyper::client::pool[0m[2m:[0m reuse idle connection for ("http", 192.168.0.14:8545)
[2m2025-12-10T10:12:11.229841Z[0m [34mDEBUG[0m [2mhyper::proto::h1::io[0m[2m:[0m flushed 250 bytes
[2m2025-12-10T10:12:11.232711Z[0m [34mDEBUG[0m [2mhyper::proto::h1::io[0m[2m:[0m parsed 4 headers
[2m2025-12-10T10:12:11.232721Z[0m [34mDEBUG[0m [2mhyper::proto::h1::conn[0m[2m:[0m incoming body is content-length (45 bytes)
[2m2025-12-10T10:12:11.232728Z[0m [34mDEBUG[0m [2mhyper::proto::h1::conn[0m[2m:[0m incoming body completed
[2m2025-12-10T10:12:11.232946Z[0m [34mDEBUG[0m [2mhyper::client::pool[0m[2m:[0m pooling idle connection for ("http", 192.168.0.14:8545)
[2m2025-12-10T10:12:11.235118Z[0m [34mDEBUG[0m [2mhyper::proto::h1::io[0m[2m:[0m parsed 4 headers
[2m2025-12-10T10:12:11.235125Z[0m [34mDEBUG[0m [2mhyper::proto::h1::conn[0m[2m:[0m incoming body is content-length (771 bytes)
[2m2025-12-10T10:12:11.235132Z[0m [34mDEBUG[0m [2mhyper::proto::h1::conn[0m[2m:[0m incoming body completed
[2m2025-12-10T10:12:11.235139Z[0m [34mDEBUG[0m [2mhyper::client::pool[0m[2m:[0m pooling idle connection for ("http", 192.168.0.14:8545)
[2m2025-12-10T10:12:11.235146Z[0m [34mDEBUG[0m [2methereum_transaction_pool_monitor::eth_client[0m[2m:[0m 📡 Transaction fetch RPC completed in 5.325583ms
[2m2025-12-10T10:12:11.306344Z[0m [34mDEBUG[0m [2methereum_transaction_pool_monitor::eth_client[0m[2m:[0m ✅ Transaction 0x3c850bc15e1b98d4a4098cecd62e5170001c4f9efbaf8102ea1d075729723a5a fetched and parsed in 76.521666ms
[2m2025-12-10T10:12:11.306370Z[0m [34mDEBUG[0m [2methereum_transaction_pool_monitor::mempool_monitor[0m[2m:[0m 🔍 Skipping tx 0x3c850bc15e1b98d4a4098cecd62e5170001c4f9efbaf8102ea1d075729723a5a - not a DEX interaction (target: 0xB8f28C60dD8240141185a192fa4156A23E189305)
[2m2025-12-10T10:12:11.306381Z[0m [34mDEBUG[0m [2methereum_transaction_pool_monitor::mempool_monitor[0m[2m:[0m 📨 Processing new pending transaction: 0xca85a2f5be9e31ab0c76d94b5f8501031e64a08c1d4149ae80ac9b953847784d
[2m2025-12-10T10:12:11.306386Z[0m [34mDEBUG[0m [2methereum_transaction_pool_monitor::mempool_monitor[0m[2m:[0m 🔍 Fetching transaction details for: 0xca85a2f5be9e31ab0c76d94b5f8501031e64a08c1d4149ae80ac9b953847784d
[2m2025-12-10T10:12:11.306390Z[0m [34mDEBUG[0m [2methereum_transaction_pool_monitor::eth_client[0m[2m:[0m 🔍 Fetching transaction details for hash: 0xca85a2f5be9e31ab0c76d94b5f8501031e64a08c1d4149ae80ac9b953847784d
[2m2025-12-10T10:12:11.306408Z[0m [34mDEBUG[0m [2mhyper::client::pool[0m[2m:[0m reuse idle connection for ("http", 192.168.0.14:8545)
[2m2025-12-10T10:12:11.306446Z[0m [34mDEBUG[0m [2mhyper::proto::h1::io[0m[2m:[0m flushed 250 bytes
[2m2025-12-10T10:12:11.306479Z[0m [34mDEBUG[0m [2mhyper::client::pool[0m[2m:[0m reuse idle connection for ("http", 192.168.0.14:8545)
[2m2025-12-10T10:12:11.306496Z[0m [34mDEBUG[0m [2mhyper::proto::h1::io[0m[2m:[0m flushed 172 bytes
[2m2025-12-10T10:12:11.306513Z[0m [34mDEBUG[0m [2methereum_transaction_pool_monitor::eth_client[0m[2m:[0m 📨 Received WebSocket message: {"jsonrpc":"2.0","method":"eth_subscription","params":{"subscription":"0xbed0a0851463e895960a451075a301a9","result":"0x5c681a9acd472c3e86d31e22ac0d11f8442ee72a960e3cf93e8fd97a41ccf319"}}
[2m2025-12-10T10:12:11.306523Z[0m [34mDEBUG[0m [2methereum_transaction_pool_monitor::eth_client[0m[2m:[0m 📨 Received pending transaction: 0x5c681a9acd472c3e86d31e22ac0d11f8442ee72a960e3cf93e8fd97a41ccf319
[2m2025-12-10T10:12:11.306528Z[0m [34mDEBUG[0m [2methereum_transaction_pool_monitor::eth_client[0m[2m:[0m 📨 Received WebSocket message: {"jsonrpc":"2.0","method":"eth_subscription","params":{"subscription":"0xbed0a0851463e895960a451075a301a9","result":"0x87c973df0b0da023cc693dd910fefc15323f25043f1cc23851f7cd65bf0d5c49"}}
[2m2025-12-10T10:12:11.306532Z[0m [34mDEBUG[0m [2methereum_transaction_pool_monitor::eth_client[0m[2m:[0m 📨 Received pending transaction: 0x87c973df0b0da023cc693dd910fefc15323f25043f1cc23851f7cd65bf0d5c49
[2m2025-12-10T10:12:11.313497Z[0m [34mDEBUG[0m [2mhyper::proto::h1::io[0m[2m:[0m parsed 4 headers
[2m2025-12-10T10:12:11.313506Z[0m [34mDEBUG[0m [2mhyper::proto::h1::conn[0m[2m:[0m incoming body is content-length (45 bytes)
[2m2025-12-10T10:12:11.313514Z[0m [34mDEBUG[0m [2mhyper::proto::h1::conn[0m[2m:[0m incoming body completed
[2m2025-12-10T10:12:11.313522Z[0m [34mDEBUG[0m [2mhyper::client::pool[0m[2m:[0m pooling idle connection for ("http", 192.168.0.14:8545)
[2m2025-12-10T10:12:11.313540Z[0m [34mDEBUG[0m [2mhyper::proto::h1::io[0m[2m:[0m parsed 4 headers
[2m2025-12-10T10:12:11.313544Z[0m [34mDEBUG[0m [2mhyper::proto::h1::conn[0m[2m:[0m incoming body is content-length (647 bytes)
[2m2025-12-10T10:12:11.313548Z[0m [34mDEBUG[0m [2mhyper::proto::h1::conn[0m[2m:[0m incoming body completed
[2m2025-12-10T10:12:11.313553Z[0m [34mDEBUG[0m [2mhyper::client::pool[0m[2m:[0m pooling idle connection for ("http", 192.168.0.14:8545)
[2m2025-12-10T10:12:11.313557Z[0m [34mDEBUG[0m [2methereum_transaction_pool_monitor::eth_client[0m[2m:[0m 📡 Transaction fetch RPC completed in 7.162708ms
[2m2025-12-10T10:12:11.385399Z[0m [34mDEBUG[0m [2methereum_transaction_pool_monitor::eth_client[0m[2m:[0m ✅ Transaction 0xca85a2f5be9e31ab0c76d94b5f8501031e64a08c1d4149ae80ac9b953847784d fetched and parsed in 79.001833ms
[2m2025-12-10T10:12:11.385427Z[0m [34mDEBUG[0m [2methereum_transaction_pool_monitor::mempool_monitor[0m[2m:[0m 🔍 Skipping tx 0xca85a2f5be9e31ab0c76d94b5f8501031e64a08c1d4149ae80ac9b953847784d - not a DEX interaction (target: 0x1cCCf8d22D20980DB365dB026D29701907e88C8B)
[2m2025-12-10T10:12:11.385442Z[0m [34mDEBUG[0m [2methereum_transaction_pool_monitor::mempool_monitor[0m[2m:[0m 📨 Processing new pending transaction: 0x5c681a9acd472c3e86d31e22ac0d11f8442ee72a960e3cf93e8fd97a41ccf319
[2m2025-12-10T10:12:11.385452Z[0m [34mDEBUG[0m [2methereum_transaction_pool_monitor::mempool_monitor[0m[2m:[0m 🔍 Fetching transaction details for: 0x5c681a9acd472c3e86d31e22ac0d11f8442ee72a960e3cf93e8fd97a41ccf319
[2m2025-12-10T10:12:11.385459Z[0m [34mDEBUG[0m [2methereum_transaction_pool_monitor::eth_client[0m[2m:[0m 🔍 Fetching transaction details for hash: 0x5c681a9acd472c3e86d31e22ac0d11f8442ee72a960e3cf93e8fd97a41ccf319
[2m2025-12-10T10:12:11.385477Z[0m [34mDEBUG[0m [2mhyper::client::pool[0m[2m:[0m reuse idle connection for ("http", 192.168.0.14:8545)
[2m2025-12-10T10:12:11.385516Z[0m [34mDEBUG[0m [2mhyper::proto::h1::io[0m[2m:[0m flushed 250 bytes
[2m2025-12-10T10:12:11.394734Z[0m [34mDEBUG[0m [2mhyper::proto::h1::io[0m[2m:[0m parsed 4 headers
[2m2025-12-10T10:12:11.394782Z[0m [34mDEBUG[0m [2mhyper::proto::h1::conn[0m[2m:[0m incoming body is content-length (681 bytes)
[2m2025-12-10T10:12:11.394793Z[0m [34mDEBUG[0m [2mhyper::proto::h1::conn[0m[2m:[0m incoming body completed
[2m2025-12-10T10:12:11.394806Z[0m [34mDEBUG[0m [2mhyper::client::pool[0m[2m:[0m pooling idle connection for ("http", 192.168.0.14:8545)
[2m2025-12-10T10:12:11.394815Z[0m [34mDEBUG[0m [2methereum_transaction_pool_monitor::eth_client[0m[2m:[0m 📡 Transaction fetch RPC completed in 9.351333ms
[2m2025-12-10T10:12:11.466324Z[0m [34mDEBUG[0m [2methereum_transaction_pool_monitor::eth_client[0m[2m:[0m ✅ Transaction 0x5c681a9acd472c3e86d31e22ac0d11f8442ee72a960e3cf93e8fd97a41ccf319 fetched and parsed in 80.857916ms
[2m2025-12-10T10:12:11.466348Z[0m [34mDEBUG[0m [2methereum_transaction_pool_monitor::mempool_monitor[0m[2m:[0m 🔍 Skipping tx 0x5c681a9acd472c3e86d31e22ac0d11f8442ee72a960e3cf93e8fd97a41ccf319 - not a DEX interaction (target: 0x009ba50496d2B0936c5Bdf299db2F7e0d6E10469)
[2m2025-12-10T10:12:11.466360Z[0m [34mDEBUG[0m [2methereum_transaction_pool_monitor::mempool_monitor[0m[2m:[0m 📨 Processing new pending transaction: 0x87c973df0b0da023cc693dd910fefc15323f25043f1cc23851f7cd65bf0d5c49
[2m2025-12-10T10:12:11.466366Z[0m [34mDEBUG[0m [2methereum_transaction_pool_monitor::mempool_monitor[0m[2m:[0m 🔍 Fetching transaction details for: 0x87c973df0b0da023cc693dd910fefc15323f25043f1cc23851f7cd65bf0d5c49
[2m2025-12-10T10:12:11.466370Z[0m [34mDEBUG[0m [2methereum_transaction_pool_monitor::eth_client[0m[2m:[0m 🔍 Fetching transaction details for hash: 0x87c973df0b0da023cc693dd910fefc15323f25043f1cc23851f7cd65bf0d5c49
[2m2025-12-10T10:12:11.466387Z[0m [34mDEBUG[0m [2mhyper::client::pool[0m[2m:[0m reuse idle connection for ("http", 192.168.0.14:8545)
[2m2025-12-10T10:12:11.466422Z[0m [34mDEBUG[0m [2mhyper::proto::h1::io[0m[2m:[0m flushed 250 bytes
[2m2025-12-10T10:12:11.466456Z[0m [34mDEBUG[0m [2mhyper::client::pool[0m[2m:[0m reuse idle connection for ("http", 192.168.0.14:8545)
[2m2025-12-10T10:12:11.466472Z[0m [34mDEBUG[0m [2mhyper::proto::h1::io[0m[2m:[0m flushed 172 bytes
[2m2025-12-10T10:12:11.470124Z[0m [34mDEBUG[0m [2mhyper::proto::h1::io[0m[2m:[0m parsed 4 headers
[2m2025-12-10T10:12:11.470138Z[0m [34mDEBUG[0m [2mhyper::proto::h1::conn[0m[2m:[0m incoming body is content-length (45 bytes)
[2m2025-12-10T10:12:11.470145Z[0m [34mDEBUG[0m [2mhyper::proto::h1::conn[0m[2m:[0m incoming body completed
[2m2025-12-10T10:12:11.470154Z[0m [34mDEBUG[0m [2mhyper::client::pool[0m[2m:[0m pooling idle connection for ("http", 192.168.0.14:8545)
[2m2025-12-10T10:12:11.470698Z[0m [34mDEBUG[0m [2mhyper::proto::h1::io[0m[2m:[0m parsed 4 headers
[2m2025-12-10T10:12:11.470704Z[0m [34mDEBUG[0m [2mhyper::proto::h1::conn[0m[2m:[0m incoming body is content-length (552 bytes)
[2m2025-12-10T10:12:11.470709Z[0m [34mDEBUG[0m [2mhyper::proto::h1::conn[0m[2m:[0m incoming body completed
[2m2025-12-10T10:12:11.470715Z[0m [34mDEBUG[0m [2mhyper::client::pool[0m[2m:[0m pooling idle connection for ("http", 192.168.0.14:8545)
[2m2025-12-10T10:12:11.470720Z[0m [34mDEBUG[0m [2methereum_transaction_pool_monitor::eth_client[0m[2m:[0m 📡 Transaction fetch RPC completed in 4.346125ms
[2m2025-12-10T10:12:11.542361Z[0m [34mDEBUG[0m [2methereum_transaction_pool_monitor::eth_client[0m[2m:[0m ✅ Transaction 0x87c973df0b0da023cc693dd910fefc15323f25043f1cc23851f7cd65bf0d5c49 fetched and parsed in 75.984833ms
[2m2025-12-10T10:12:11.543668Z[0m [34mDEBUG[0m [2methereum_transaction_pool_monitor::mempool_monitor[0m[2m:[0m 🔍 Skipping tx 0x87c973df0b0da023cc693dd910fefc15323f25043f1cc23851f7cd65bf0d5c49 - not a DEX interaction (target: 0x608cFb36f616F5a163F5E9e6ba39403aC63e997c)
[2m2025-12-10T10:12:11.543711Z[0m [34mDEBUG[0m [2mhyper::client::pool[0m[2m:[0m reuse idle connection for ("http", 192.168.0.14:8545)
[2m2025-12-10T10:12:11.543754Z[0m [34mDEBUG[0m [2mhyper::proto::h1::io[0m[2m:[0m flushed 172 bytes
[2m2025-12-10T10:12:11.548964Z[0m [34mDEBUG[0m [2mhyper::proto::h1::io[0m[2m:[0m parsed 4 headers
[2m2025-12-10T10:12:11.549020Z[0m [34mDEBUG[0m [2mhyper::proto::h1::conn[0m[2m:[0m incoming body is content-length (45 bytes)
[2m2025-12-10T10:12:11.549029Z[0m [34mDEBUG[0m [2mhyper::proto::h1::conn[0m[2m:[0m incoming body completed
[2m2025-12-10T10:12:11.549040Z[0m [34mDEBUG[0m [2mhyper::client::pool[0m[2m:[0m pooling idle connection for ("http", 192.168.0.14:8545)
[2m2025-12-10T10:12:11.598678Z[0m [34mDEBUG[0m [2mhyper::client::pool[0m[2m:[0m reuse idle connection for ("http", 192.168.0.14:8545)
[2m2025-12-10T10:12:11.598765Z[0m [34mDEBUG[0m [2mhyper::proto::h1::io[0m[2m:[0m flushed 172 bytes
[2m2025-12-10T10:12:11.601869Z[0m [34mDEBUG[0m [2mhyper::proto::h1::io[0m[2m:[0m parsed 4 headers
[2m2025-12-10T10:12:11.601889Z[0m [34mDEBUG[0m [2mhyper::proto::h1::conn[0m[2m:[0m incoming body is content-length (45 bytes)
[2m2025-12-10T10:12:11.601912Z[0m [34mDEBUG[0m [2mhyper::proto::h1::conn[0m[2m:[0m incoming body completed
[2m2025-12-10T10:12:11.601925Z[0m [34mDEBUG[0m [2mhyper::client::pool[0m[2m:[0m pooling idle connection for ("http", 192.168.0.14:8545)
[2m2025-12-10T10:12:11.698151Z[0m [34mDEBUG[0m [2mhyper::client::pool[0m[2m:[0m reuse idle connection for ("http", 192.168.0.14:8545)
[2m2025-12-10T10:12:11.698205Z[0m [34mDEBUG[0m [2mhyper::proto::h1::io[0m[2m:[0m flushed 172 bytes
[2m2025-12-10T10:12:11.701049Z[0m [34mDEBUG[0m [2mhyper::proto::h1::io[0m[2m:[0m parsed 4 headers
[2m2025-12-10T10:12:11.701058Z[0m [34mDEBUG[0m [2mhyper::proto::h1::conn[0m[2m:[0m incoming body is content-length (45 bytes)
[2m2025-12-10T10:12:11.701065Z[0m [34mDEBUG[0m [2mhyper::proto::h1::conn[0m[2m:[0m incoming body completed
[2m2025-12-10T10:12:11.701073Z[0m [34mDEBUG[0m [2mhyper::client::pool[0m[2m:[0m pooling idle connection for ("http", 192.168.0.14:8545)
[2m2025-12-10T10:12:11.709499Z[0m [34mDEBUG[0m [2methereum_transaction_pool_monitor::eth_client[0m[2m:[0m 📨 Received WebSocket message: {"jsonrpc":"2.0","method":"eth_subscription","params":{"subscription":"0xbed0a0851463e895960a451075a301a9","result":"0xafd7242298b10f15781f134564376f7181dc3649bd8b732c1219a5d76a21ffb7"}}
[2m2025-12-10T10:12:11.709550Z[0m [34mDEBUG[0m [2methereum_transaction_pool_monitor::eth_client[0m[2m:[0m 📨 Received pending transaction: 0xafd7242298b10f15781f134564376f7181dc3649bd8b732c1219a5d76a21ffb7
[2m2025-12-10T10:12:11.709565Z[0m [34mDEBUG[0m [2methereum_transaction_pool_monitor::mempool_monitor[0m[2m:[0m 📨 Processing new pending transaction: 0xafd7242298b10f15781f134564376f7181dc3649bd8b732c1219a5d76a21ffb7
[2m2025-12-10T10:12:11.709575Z[0m [34mDEBUG[0m [2methereum_transaction_pool_monitor::mempool_monitor[0m[2m:[0m 🔍 Fetching transaction details for: 0xafd7242298b10f15781f134564376f7181dc3649bd8b732c1219a5d76a21ffb7
[2m2025-12-10T10:12:11.709587Z[0m [34mDEBUG[0m [2methereum_transaction_pool_monitor::eth_client[0m[2m:[0m 🔍 Fetching transaction details for hash: 0xafd7242298b10f15781f134564376f7181dc3649bd8b732c1219a5d76a21ffb7
[2m2025-12-10T10:12:11.709608Z[0m [34mDEBUG[0m [2mhyper::client::pool[0m[2m:[0m reuse idle connection for ("http", 192.168.0.14:8545)
[2m2025-12-10T10:12:11.709641Z[0m [34mDEBUG[0m [2mhyper::proto::h1::io[0m[2m:[0m flushed 250 bytes
[2m2025-12-10T10:12:11.714496Z[0m [34mDEBUG[0m [2mhyper::proto::h1::io[0m[2m:[0m parsed 4 headers
[2m2025-12-10T10:12:11.714510Z[0m [34mDEBUG[0m [2mhyper::proto::h1::conn[0m[2m:[0m incoming body is content-length (645 bytes)
[2m2025-12-10T10:12:11.714517Z[0m [34mDEBUG[0m [2mhyper::proto::h1::conn[0m[2m:[0m incoming body completed
[2m2025-12-10T10:12:11.714525Z[0m [34mDEBUG[0m [2mhyper::client::pool[0m[2m:[0m pooling idle connection for ("http", 192.168.0.14:8545)
[2m2025-12-10T10:12:11.714530Z[0m [34mDEBUG[0m [2methereum_transaction_pool_monitor::eth_client[0m[2m:[0m 📡 Transaction fetch RPC completed in 4.936625ms
[2m2025-12-10T10:12:11.790105Z[0m [34mDEBUG[0m [2methereum_transaction_pool_monitor::eth_client[0m[2m:[0m ✅ Transaction 0xafd7242298b10f15781f134564376f7181dc3649bd8b732c1219a5d76a21ffb7 fetched and parsed in 80.508459ms
[2m2025-12-10T10:12:11.790137Z[0m [34mDEBUG[0m [2methereum_transaction_pool_monitor::mempool_monitor[0m[2m:[0m 🔍 Skipping tx 0xafd7242298b10f15781f134564376f7181dc3649bd8b732c1219a5d76a21ffb7 - not a DEX interaction (target: 0x62C013DAE66cc02bc7E4a4Bd2531c0898B0afd5f)
[2m2025-12-10T10:12:11.790192Z[0m [34mDEBUG[0m [2methereum_transaction_pool_monitor::eth_client[0m[2m:[0m 📨 Received WebSocket message: {"jsonrpc":"2.0","method":"eth_subscription","params":{"subscription":"0xbed0a0851463e895960a451075a301a9","result":"0xaccab48fb3984486821761b43f2d6874216f6b01ad08150ee438265f909309e7"}}
[2m2025-12-10T10:12:11.790204Z[0m [34mDEBUG[0m [2methereum_transaction_pool_monitor::eth_client[0m[2m:[0m 📨 Received pending transaction: 0xaccab48fb3984486821761b43f2d6874216f6b01ad08150ee438265f909309e7
[2m2025-12-10T10:12:11.790215Z[0m [34mDEBUG[0m [2methereum_transaction_pool_monitor::mempool_monitor[0m[2m:[0m 📨 Processing new pending transaction: 0xaccab48fb3984486821761b43f2d6874216f6b01ad08150ee438265f909309e7
[2m2025-12-10T10:12:11.790225Z[0m [34mDEBUG[0m [2methereum_transaction_pool_monitor::mempool_monitor[0m[2m:[0m 🔍 Fetching transaction details for: 0xaccab48fb3984486821761b43f2d6874216f6b01ad08150ee438265f909309e7
[2m2025-12-10T10:12:11.790231Z[0m [34mDEBUG[0m [2methereum_transaction_pool_monitor::eth_client[0m[2m:[0m 🔍 Fetching transaction details for hash: 0xaccab48fb3984486821761b43f2d6874216f6b01ad08150ee438265f909309e7
[2m2025-12-10T10:12:11.790320Z[0m [34mDEBUG[0m [2mhyper::client::pool[0m[2m:[0m reuse idle connection for ("http", 192.168.0.14:8545)
[2m2025-12-10T10:12:11.790344Z[0m [34mDEBUG[0m [2mhyper::proto::h1::io[0m[2m:[0m flushed 250 bytes
[2m2025-12-10T10:12:11.791917Z[0m [34mDEBUG[0m [2methereum_transaction_pool_monitor::eth_client[0m[2m:[0m 📨 Received WebSocket message: {"jsonrpc":"2.0","method":"eth_subscription","params":{"subscription":"0xbed0a0851463e895960a451075a301a9","result":"0x0d537911756d373f2f8b62c779d647f8f4bcbe561f38b3adb39574c6c58aae1f"}}
[2m2025-12-10T10:12:11.791926Z[0m [34mDEBUG[0m [2methereum_transaction_pool_monitor::eth_client[0m[2m:[0m 📨 Received pending transaction: 0x0d537911756d373f2f8b62c779d647f8f4bcbe561f38b3adb39574c6c58aae1f
[2m2025-12-10T10:12:11.796116Z[0m [34mDEBUG[0m [2methereum_transaction_pool_monitor::eth_client[0m[2m:[0m 📨 Received WebSocket message: {"jsonrpc":"2.0","method":"eth_subscription","params":{"subscription":"0xbed0a0851463e895960a451075a301a9","result":"0x8794f73292a3d73c53954d23dbd34e06dc19a1d22d423cecac442d31d759e560"}}
[2m2025-12-10T10:12:11.796128Z[0m [34mDEBUG[0m [2methereum_transaction_pool_monitor::eth_client[0m[2m:[0m 📨 Received pending transaction: 0x8794f73292a3d73c53954d23dbd34e06dc19a1d22d423cecac442d31d759e560
[2m2025-12-10T10:12:11.798420Z[0m [34mDEBUG[0m [2mhyper::proto::h1::io[0m[2m:[0m parsed 4 headers
[2m2025-12-10T10:12:11.798426Z[0m [34mDEBUG[0m [2mhyper::client::pool[0m[2m:[0m reuse idle connection for ("http", 192.168.0.14:8545)
[2m2025-12-10T10:12:11.798432Z[0m [34mDEBUG[0m [2mhyper::proto::h1::conn[0m[2m:[0m incoming body is content-length (778 bytes)
[2m2025-12-10T10:12:11.798445Z[0m [34mDEBUG[0m [2mhyper::proto::h1::conn[0m[2m:[0m incoming body completed
[2m2025-12-10T10:12:11.798459Z[0m [34mDEBUG[0m [2mhyper::client::pool[0m[2m:[0m pooling idle connection for ("http", 192.168.0.14:8545)
[2m2025-12-10T10:12:11.798465Z[0m [34mDEBUG[0m [2mhyper::proto::h1::io[0m[2m:[0m flushed 172 bytes
[2m2025-12-10T10:12:11.798467Z[0m [34mDEBUG[0m [2methereum_transaction_pool_monitor::eth_client[0m[2m:[0m 📡 Transaction fetch RPC completed in 8.167208ms
[2m2025-12-10T10:12:11.802034Z[0m [34mDEBUG[0m [2mhyper::proto::h1::io[0m[2m:[0m parsed 4 headers
[2m2025-12-10T10:12:11.802046Z[0m [34mDEBUG[0m [2mhyper::proto::h1::conn[0m[2m:[0m incoming body is content-length (45 bytes)
[2m2025-12-10T10:12:11.802053Z[0m [34mDEBUG[0m [2mhyper::proto::h1::conn[0m[2m:[0m incoming body completed
[2m2025-12-10T10:12:11.802061Z[0m [34mDEBUG[0m [2mhyper::client::pool[0m[2m:[0m pooling idle connection for ("http", 192.168.0.14:8545)
[2m2025-12-10T10:12:11.870047Z[0m [34mDEBUG[0m [2methereum_transaction_pool_monitor::eth_client[0m[2m:[0m ✅ Transaction 0xaccab48fb3984486821761b43f2d6874216f6b01ad08150ee438265f909309e7 fetched and parsed in 79.744667ms
[2m2025-12-10T10:12:11.870074Z[0m [34mDEBUG[0m [2methereum_transaction_pool_monitor::mempool_monitor[0m[2m:[0m 🔍 Skipping tx 0xaccab48fb3984486821761b43f2d6874216f6b01ad08150ee438265f909309e7 - not a DEX interaction (target: 0xA0b86991c6218b36c1d19D4a2e9Eb0cE3606eB48)
[2m2025-12-10T10:12:11.870084Z[0m [34mDEBUG[0m [2methereum_transaction_pool_monitor::mempool_monitor[0m[2m:[0m 📨 Processing new pending transaction: 0x0d537911756d373f2f8b62c779d647f8f4bcbe561f38b3adb39574c6c58aae1f
[2m2025-12-10T10:12:11.870090Z[0m [34mDEBUG[0m [2methereum_transaction_pool_monitor::mempool_monitor[0m[2m:[0m 🔍 Fetching transaction details for: 0x0d537911756d373f2f8b62c779d647f8f4bcbe561f38b3adb39574c6c58aae1f
[2m2025-12-10T10:12:11.870095Z[0m [34mDEBUG[0m [2methereum_transaction_pool_monitor::eth_client[0m[2m:[0m 🔍 Fetching transaction details for hash: 0x0d537911756d373f2f8b62c779d647f8f4bcbe561f38b3adb39574c6c58aae1f
[2m2025-12-10T10:12:11.870115Z[0m [34mDEBUG[0m [2mhyper::client::pool[0m[2m:[0m reuse idle connection for ("http", 192.168.0.14:8545)
[2m2025-12-10T10:12:11.870148Z[0m [34mDEBUG[0m [2mhyper::proto::h1::io[0m[2m:[0m flushed 250 bytes
[2m2025-12-10T10:12:11.879070Z[0m [34mDEBUG[0m [2mhyper::proto::h1::io[0m[2m:[0m parsed 4 headers
[2m2025-12-10T10:12:11.879070Z[0m [34mDEBUG[0m [2methereum_transaction_pool_monitor::eth_client[0m[2m:[0m 📨 Received WebSocket message: {"jsonrpc":"2.0","method":"eth_subscription","params":{"subscription":"0xbed0a0851463e895960a451075a301a9","result":"0x5c09b9963d02ed775a98c178421423ad4c2e18c8940f062a50d44c1078f66011"}}
[2m2025-12-10T10:12:11.879082Z[0m [34mDEBUG[0m [2mhyper::proto::h1::conn[0m[2m:[0m incoming body is content-length (1219 bytes)
[2m2025-12-10T10:12:11.879090Z[0m [34mDEBUG[0m [2methereum_transaction_pool_monitor::eth_client[0m[2m:[0m 📨 Received pending transaction: 0x5c09b9963d02ed775a98c178421423ad4c2e18c8940f062a50d44c1078f66011
[2m2025-12-10T10:12:11.879095Z[0m [34mDEBUG[0m [2mhyper::proto::h1::conn[0m[2m:[0m incoming body completed
[2m2025-12-10T10:12:11.879106Z[0m [34mDEBUG[0m [2mhyper::client::pool[0m[2m:[0m pooling idle connection for ("http", 192.168.0.14:8545)
[2m2025-12-10T10:12:11.879113Z[0m [34mDEBUG[0m [2methereum_transaction_pool_monitor::eth_client[0m[2m:[0m 📡 Transaction fetch RPC completed in 9.0135ms
[2m2025-12-10T10:12:11.898179Z[0m [34mDEBUG[0m [2mhyper::client::pool[0m[2m:[0m reuse idle connection for ("http", 192.168.0.14:8545)
[2m2025-12-10T10:12:11.898241Z[0m [34mDEBUG[0m [2mhyper::proto::h1::io[0m[2m:[0m flushed 172 bytes
[2m2025-12-10T10:12:11.901034Z[0m [34mDEBUG[0m [2mhyper::proto::h1::io[0m[2m:[0m parsed 4 headers
[2m2025-12-10T10:12:11.901041Z[0m [34mDEBUG[0m [2mhyper::proto::h1::conn[0m[2m:[0m incoming body is content-length (45 bytes)
[2m2025-12-10T10:12:11.901047Z[0m [34mDEBUG[0m [2mhyper::proto::h1::conn[0m[2m:[0m incoming body completed
[2m2025-12-10T10:12:11.901054Z[0m [34mDEBUG[0m [2mhyper::client::pool[0m[2m:[0m pooling idle connection for ("http", 192.168.0.14:8545)
[2m2025-12-10T10:12:11.950842Z[0m [34mDEBUG[0m [2methereum_transaction_pool_monitor::eth_client[0m[2m:[0m ✅ Transaction 0x0d537911756d373f2f8b62c779d647f8f4bcbe561f38b3adb39574c6c58aae1f fetched and parsed in 80.740167ms
[2m2025-12-10T10:12:11.950868Z[0m [34mDEBUG[0m [2methereum_transaction_pool_monitor::mempool_monitor[0m[2m:[0m 🔍 Skipping tx 0x0d537911756d373f2f8b62c779d647f8f4bcbe561f38b3adb39574c6c58aae1f - not a DEX interaction (target: 0xF6801D319497789f934ec7F83E142a9536312B08)
[2m2025-12-10T10:12:11.950879Z[0m [34mDEBUG[0m [2methereum_transaction_pool_monitor::mempool_monitor[0m[2m:[0m 📨 Processing new pending transaction: 0x8794f73292a3d73c53954d23dbd34e06dc19a1d22d423cecac442d31d759e560
[2m2025-12-10T10:12:11.950885Z[0m [34mDEBUG[0m [2methereum_transaction_pool_monitor::mempool_monitor[0m[2m:[0m 🔍 Fetching transaction details for: 0x8794f73292a3d73c53954d23dbd34e06dc19a1d22d423cecac442d31d759e560
[2m2025-12-10T10:12:11.950889Z[0m [34mDEBUG[0m [2methereum_transaction_pool_monitor::eth_client[0m[2m:[0m 🔍 Fetching transaction details for hash: 0x8794f73292a3d73c53954d23dbd34e06dc19a1d22d423cecac442d31d759e560
[2m2025-12-10T10:12:11.950909Z[0m [34mDEBUG[0m [2mhyper::client::pool[0m[2m:[0m reuse idle connection for ("http", 192.168.0.14:8545)
[2m2025-12-10T10:12:11.950950Z[0m [34mDEBUG[0m [2mhyper::proto::h1::io[0m[2m:[0m flushed 250 bytes
[2m2025-12-10T10:12:11.956544Z[0m [34mDEBUG[0m [2mhyper::proto::h1::io[0m[2m:[0m parsed 4 headers
[2m2025-12-10T10:12:11.956551Z[0m [34mDEBUG[0m [2mhyper::proto::h1::conn[0m[2m:[0m incoming body is content-length (552 bytes)
[2m2025-12-10T10:12:11.956559Z[0m [34mDEBUG[0m [2mhyper::proto::h1::conn[0m[2m:[0m incoming body completed
[2m2025-12-10T10:12:11.956567Z[0m [34mDEBUG[0m [2mhyper::client::pool[0m[2m:[0m pooling idle connection for ("http", 192.168.0.14:8545)
[2m2025-12-10T10:12:11.956573Z[0m [34mDEBUG[0m [2methereum_transaction_pool_monitor::eth_client[0m[2m:[0m 📡 Transaction fetch RPC completed in 5.679292ms
[2m2025-12-10T10:12:12.028162Z[0m [34mDEBUG[0m [2methereum_transaction_pool_monitor::eth_client[0m[2m:[0m ✅ Transaction 0x8794f73292a3d73c53954d23dbd34e06dc19a1d22d423cecac442d31d759e560 fetched and parsed in 77.266458ms
[2m2025-12-10T10:12:12.028192Z[0m [34mDEBUG[0m [2methereum_transaction_pool_monitor::mempool_monitor[0m[2m:[0m 🔍 Skipping tx 0x8794f73292a3d73c53954d23dbd34e06dc19a1d22d423cecac442d31d759e560 - not a DEX interaction (target: 0x8F6bC622331f1586cf3ac042efa78B33F72A672d)
[2m2025-12-10T10:12:12.028205Z[0m [34mDEBUG[0m [2methereum_transaction_pool_monitor::mempool_monitor[0m[2m:[0m 📨 Processing new pending transaction: 0x5c09b9963d02ed775a98c178421423ad4c2e18c8940f062a50d44c1078f66011
[2m2025-12-10T10:12:12.028211Z[0m [34mDEBUG[0m [2methereum_transaction_pool_monitor::mempool_monitor[0m[2m:[0m 🔍 Fetching transaction details for: 0x5c09b9963d02ed775a98c178421423ad4c2e18c8940f062a50d44c1078f66011
[2m2025-12-10T10:12:12.028217Z[0m [34mDEBUG[0m [2methereum_transaction_pool_monitor::eth_client[0m[2m:[0m 🔍 Fetching transaction details for hash: 0x5c09b9963d02ed775a98c178421423ad4c2e18c8940f062a50d44c1078f66011
[2m2025-12-10T10:12:12.028238Z[0m [34mDEBUG[0m [2mhyper::client::pool[0m[2m:[0m reuse idle connection for ("http", 192.168.0.14:8545)
[2m2025-12-10T10:12:12.028273Z[0m [34mDEBUG[0m [2mhyper::proto::h1::io[0m[2m:[0m flushed 250 bytes
[2m2025-12-10T10:12:12.028302Z[0m [34mDEBUG[0m [2mhyper::client::pool[0m[2m:[0m reuse idle connection for ("http", 192.168.0.14:8545)
[2m2025-12-10T10:12:12.028320Z[0m [34mDEBUG[0m [2mhyper::proto::h1::io[0m[2m:[0m flushed 172 bytes
[2m2025-12-10T10:12:12.031644Z[0m [34mDEBUG[0m [2mhyper::proto::h1::io[0m[2m:[0m parsed 4 headers
[2m2025-12-10T10:12:12.031656Z[0m [34mDEBUG[0m [2mhyper::proto::h1::conn[0m[2m:[0m incoming body is content-length (45 bytes)
[2m2025-12-10T10:12:12.031662Z[0m [34mDEBUG[0m [2mhyper::proto::h1::conn[0m[2m:[0m incoming body completed
[2m2025-12-10T10:12:12.031670Z[0m [34mDEBUG[0m [2mhyper::client::pool[0m[2m:[0m pooling idle connection for ("http", 192.168.0.14:8545)
[2m2025-12-10T10:12:12.037685Z[0m [34mDEBUG[0m [2mhyper::proto::h1::io[0m[2m:[0m parsed 4 headers
[2m2025-12-10T10:12:12.037696Z[0m [34mDEBUG[0m [2mhyper::proto::h1::conn[0m[2m:[0m incoming body is content-length (644 bytes)
[2m2025-12-10T10:12:12.037702Z[0m [34mDEBUG[0m [2mhyper::proto::h1::conn[0m[2m:[0m incoming body completed
[2m2025-12-10T10:12:12.037711Z[0m [34mDEBUG[0m [2mhyper::client::pool[0m[2m:[0m pooling idle connection for ("http", 192.168.0.14:8545)
[2m2025-12-10T10:12:12.037716Z[0m [34mDEBUG[0m [2methereum_transaction_pool_monitor::eth_client[0m[2m:[0m 📡 Transaction fetch RPC completed in 9.493208ms
[2m2025-12-10T10:12:12.109358Z[0m [34mDEBUG[0m [2methereum_transaction_pool_monitor::eth_client[0m[2m:[0m ✅ Transaction 0x5c09b9963d02ed775a98c178421423ad4c2e18c8940f062a50d44c1078f66011 fetched and parsed in 81.132583ms
[2m2025-12-10T10:12:12.109386Z[0m [34mDEBUG[0m [2methereum_transaction_pool_monitor::mempool_monitor[0m[2m:[0m 🔍 Skipping tx 0x5c09b9963d02ed775a98c178421423ad4c2e18c8940f062a50d44c1078f66011 - not a DEX interaction (target: 0x17E5545B11b468072283Cee1F066a059Fb0dbF24)
[2m2025-12-10T10:12:12.109429Z[0m [34mDEBUG[0m [2mhyper::client::pool[0m[2m:[0m reuse idle connection for ("http", 192.168.0.14:8545)
[2m2025-12-10T10:12:12.109466Z[0m [34mDEBUG[0m [2mhyper::proto::h1::io[0m[2m:[0m flushed 172 bytes
[2m2025-12-10T10:12:12.112643Z[0m [34mDEBUG[0m [2mhyper::proto::h1::io[0m[2m:[0m parsed 4 headers
[2m2025-12-10T10:12:12.112649Z[0m [34mDEBUG[0m [2mhyper::proto::h1::conn[0m[2m:[0m incoming body is content-length (45 bytes)
[2m2025-12-10T10:12:12.112656Z[0m [34mDEBUG[0m [2mhyper::proto::h1::conn[0m[2m:[0m incoming body completed
[2m2025-12-10T10:12:12.112665Z[0m [34mDEBUG[0m [2mhyper::client::pool[0m[2m:[0m pooling idle connection for ("http", 192.168.0.14:8545)
[2m2025-12-10T10:12:12.123775Z[0m [34mDEBUG[0m [2methereum_transaction_pool_monitor::eth_client[0m[2m:[0m 📨 Received WebSocket message: {"jsonrpc":"2.0","method":"eth_subscription","params":{"subscription":"0xbed0a0851463e895960a451075a301a9","result":"0x9add49702d2791f10de0590b4123ecca49c703db6045a9306f12976ba376a5bd"}}
[2m2025-12-10T10:12:12.123798Z[0m [34mDEBUG[0m [2methereum_transaction_pool_monitor::eth_client[0m[2m:[0m 📨 Received pending transaction: 0x9add49702d2791f10de0590b4123ecca49c703db6045a9306f12976ba376a5bd
[2m2025-12-10T10:12:12.123806Z[0m [34mDEBUG[0m [2methereum_transaction_pool_monitor::mempool_monitor[0m[2m:[0m 📨 Processing new pending transaction: 0x9add49702d2791f10de0590b4123ecca49c703db6045a9306f12976ba376a5bd
[2m2025-12-10T10:12:12.123811Z[0m [34mDEBUG[0m [2methereum_transaction_pool_monitor::mempool_monitor[0m[2m:[0m 🔍 Fetching transaction details for: 0x9add49702d2791f10de0590b4123ecca49c703db6045a9306f12976ba376a5bd
[2m2025-12-10T10:12:12.123814Z[0m [34mDEBUG[0m [2methereum_transaction_pool_monitor::eth_client[0m[2m:[0m 🔍 Fetching transaction details for hash: 0x9add49702d2791f10de0590b4123ecca49c703db6045a9306f12976ba376a5bd
[2m2025-12-10T10:12:12.123833Z[0m [34mDEBUG[0m [2mhyper::client::pool[0m[2m:[0m reuse idle connection for ("http", 192.168.0.14:8545)
[2m2025-12-10T10:12:12.123852Z[0m [34mDEBUG[0m [2mhyper::proto::h1::io[0m[2m:[0m flushed 250 bytes
[2m2025-12-10T10:12:12.125556Z[0m [34mDEBUG[0m [2methereum_transaction_pool_monitor::eth_client[0m[2m:[0m 📨 Received WebSocket message: {"jsonrpc":"2.0","method":"eth_subscription","params":{"subscription":"0xbed0a0851463e895960a451075a301a9","result":"0x63c3070e67725189c0a4fbfdcb1f647b4a8f0dd7f3768b336718aeed66012aed"}}
[2m2025-12-10T10:12:12.125581Z[0m [34mDEBUG[0m [2methereum_transaction_pool_monitor::eth_client[0m[2m:[0m 📨 Received pending transaction: 0x63c3070e67725189c0a4fbfdcb1f647b4a8f0dd7f3768b336718aeed66012aed
[2m2025-12-10T10:12:12.128587Z[0m [34mDEBUG[0m [2mhyper::proto::h1::io[0m[2m:[0m parsed 4 headers
[2m2025-12-10T10:12:12.128607Z[0m [34mDEBUG[0m [2mhyper::proto::h1::conn[0m[2m:[0m incoming body is content-length (774 bytes)
[2m2025-12-10T10:12:12.128627Z[0m [34mDEBUG[0m [2mhyper::proto::h1::conn[0m[2m:[0m incoming body completed
[2m2025-12-10T10:12:12.128652Z[0m [34mDEBUG[0m [2mhyper::client::pool[0m[2m:[0m pooling idle connection for ("http", 192.168.0.14:8545)
[2m2025-12-10T10:12:12.128671Z[0m [34mDEBUG[0m [2methereum_transaction_pool_monitor::eth_client[0m[2m:[0m 📡 Transaction fetch RPC completed in 4.8525ms
[2m2025-12-10T10:12:12.200080Z[0m [34mDEBUG[0m [2methereum_transaction_pool_monitor::eth_client[0m[2m:[0m ✅ Transaction 0x9add49702d2791f10de0590b4123ecca49c703db6045a9306f12976ba376a5bd fetched and parsed in 76.259084ms
[2m2025-12-10T10:12:12.200106Z[0m [34mDEBUG[0m [2methereum_transaction_pool_monitor::mempool_monitor[0m[2m:[0m 🔍 Skipping tx 0x9add49702d2791f10de0590b4123ecca49c703db6045a9306f12976ba376a5bd - not a DEX interaction (target: 0xA0b86991c6218b36c1d19D4a2e9Eb0cE3606eB48)
[2m2025-12-10T10:12:12.200116Z[0m [34mDEBUG[0m [2methereum_transaction_pool_monitor::mempool_monitor[0m[2m:[0m 📨 Processing new pending transaction: 0x63c3070e67725189c0a4fbfdcb1f647b4a8f0dd7f3768b336718aeed66012aed
[2m2025-12-10T10:12:12.200122Z[0m [34mDEBUG[0m [2methereum_transaction_pool_monitor::mempool_monitor[0m[2m:[0m 🔍 Fetching transaction details for: 0x63c3070e67725189c0a4fbfdcb1f647b4a8f0dd7f3768b336718aeed66012aed
[2m2025-12-10T10:12:12.200128Z[0m [34mDEBUG[0m [2methereum_transaction_pool_monitor::eth_client[0m[2m:[0m 🔍 Fetching transaction details for hash: 0x63c3070e67725189c0a4fbfdcb1f647b4a8f0dd7f3768b336718aeed66012aed
[2m2025-12-10T10:12:12.200148Z[0m [34mDEBUG[0m [2mhyper::client::pool[0m[2m:[0m reuse idle connection for ("http", 192.168.0.14:8545)
[2m2025-12-10T10:12:12.200240Z[0m [34mDEBUG[0m [2mhyper::proto::h1::io[0m[2m:[0m flushed 250 bytes
[2m2025-12-10T10:12:12.200272Z[0m [34mDEBUG[0m [2mhyper::client::pool[0m[2m:[0m reuse idle connection for ("http", 192.168.0.14:8545)
[2m2025-12-10T10:12:12.200280Z[0m [34mDEBUG[0m [2methereum_transaction_pool_monitor::eth_client[0m[2m:[0m 📨 Received WebSocket message: {"jsonrpc":"2.0","method":"eth_subscription","params":{"subscription":"0xbed0a0851463e895960a451075a301a9","result":"0xc4220861799cbc58c9406b29392fa0ec8139ea6eddfe668bafe36ce688e56ac6"}}
[2m2025-12-10T10:12:12.200285Z[0m [34mDEBUG[0m [2mhyper::proto::h1::io[0m[2m:[0m flushed 172 bytes
[2m2025-12-10T10:12:12.200291Z[0m [34mDEBUG[0m [2methereum_transaction_pool_monitor::eth_client[0m[2m:[0m 📨 Received pending transaction: 0xc4220861799cbc58c9406b29392fa0ec8139ea6eddfe668bafe36ce688e56ac6
[2m2025-12-10T10:12:12.206567Z[0m [34mDEBUG[0m [2mhyper::proto::h1::io[0m[2m:[0m parsed 4 headers
[2m2025-12-10T10:12:12.206859Z[0m [34mDEBUG[0m [2mhyper::proto::h1::conn[0m[2m:[0m incoming body is content-length (1731 bytes)
[2m2025-12-10T10:12:12.206873Z[0m [34mDEBUG[0m [2mhyper::proto::h1::conn[0m[2m:[0m incoming body completed
[2m2025-12-10T10:12:12.206885Z[0m [34mDEBUG[0m [2mhyper::client::pool[0m[2m:[0m pooling idle connection for ("http", 192.168.0.14:8545)
[2m2025-12-10T10:12:12.206895Z[0m [34mDEBUG[0m [2methereum_transaction_pool_monitor::eth_client[0m[2m:[0m 📡 Transaction fetch RPC completed in 6.762542ms
[2m2025-12-10T10:12:12.278712Z[0m [34mDEBUG[0m [2methereum_transaction_pool_monitor::eth_client[0m[2m:[0m ✅ Transaction 0x63c3070e67725189c0a4fbfdcb1f647b4a8f0dd7f3768b336718aeed66012aed fetched and parsed in 78.578042ms
[2m2025-12-10T10:12:12.278740Z[0m [34mDEBUG[0m [2methereum_transaction_pool_monitor::mempool_monitor[0m[2m:[0m 🔍 Skipping tx 0x63c3070e67725189c0a4fbfdcb1f647b4a8f0dd7f3768b336718aeed66012aed - not a DEX interaction (target: 0x601a2aD6CB5949f0529735254189Ba3194221EDF)
[2m2025-12-10T10:12:12.278753Z[0m [34mDEBUG[0m [2methereum_transaction_pool_monitor::mempool_monitor[0m[2m:[0m 📨 Processing new pending transaction: 0xc4220861799cbc58c9406b29392fa0ec8139ea6eddfe668bafe36ce688e56ac6
[2m2025-12-10T10:12:12.278761Z[0m [34mDEBUG[0m [2methereum_transaction_pool_monitor::mempool_monitor[0m[2m:[0m 🔍 Fetching transaction details for: 0xc4220861799cbc58c9406b29392fa0ec8139ea6eddfe668bafe36ce688e56ac6
[2m2025-12-10T10:12:12.278767Z[0m [34mDEBUG[0m [2methereum_transaction_pool_monitor::eth_client[0m[2m:[0m 🔍 Fetching transaction details for hash: 0xc4220861799cbc58c9406b29392fa0ec8139ea6eddfe668bafe36ce688e56ac6
[2m2025-12-10T10:12:12.278786Z[0m [34mDEBUG[0m [2mhyper::client::pool[0m[2m:[0m reuse idle connection for ("http", 192.168.0.14:8545)
[2m2025-12-10T10:12:12.278818Z[0m [34mDEBUG[0m [2mhyper::proto::h1::io[0m[2m:[0m flushed 250 bytes
[2m2025-12-10T10:12:12.278840Z[0m [34mDEBUG[0m [2methereum_transaction_pool_monitor::eth_client[0m[2m:[0m 📨 Received WebSocket message: {"jsonrpc":"2.0","method":"eth_subscription","params":{"subscription":"0xbed0a0851463e895960a451075a301a9","result":"0x72b1c88d012222acb98053ce8941f00a7857e6d80491bb5ba4cf5a731ebfcac6"}}
[2m2025-12-10T10:12:12.278849Z[0m [34mDEBUG[0m [2methereum_transaction_pool_monitor::eth_client[0m[2m:[0m 📨 Received pending transaction: 0x72b1c88d012222acb98053ce8941f00a7857e6d80491bb5ba4cf5a731ebfcac6
[2m2025-12-10T10:12:12.278860Z[0m [34mDEBUG[0m [2mhyper::proto::h1::io[0m[2m:[0m parsed 4 headers
[2m2025-12-10T10:12:12.278865Z[0m [34mDEBUG[0m [2mhyper::proto::h1::conn[0m[2m:[0m incoming body is content-length (45 bytes)
[2m2025-12-10T10:12:12.278872Z[0m [34mDEBUG[0m [2mhyper::proto::h1::conn[0m[2m:[0m incoming body completed
[2m2025-12-10T10:12:12.278878Z[0m [34mDEBUG[0m [2mhyper::client::pool[0m[2m:[0m pooling idle connection for ("http", 192.168.0.14:8545)
[2m2025-12-10T10:12:12.288115Z[0m [34mDEBUG[0m [2mhyper::proto::h1::io[0m[2m:[0m parsed 4 headers
[2m2025-12-10T10:12:12.288128Z[0m [34mDEBUG[0m [2mhyper::proto::h1::conn[0m[2m:[0m incoming body is content-length (835 bytes)
[2m2025-12-10T10:12:12.288134Z[0m [34mDEBUG[0m [2mhyper::proto::h1::conn[0m[2m:[0m incoming body completed
[2m2025-12-10T10:12:12.288142Z[0m [34mDEBUG[0m [2mhyper::client::pool[0m[2m:[0m pooling idle connection for ("http", 192.168.0.14:8545)
[2m2025-12-10T10:12:12.288147Z[0m [34mDEBUG[0m [2methereum_transaction_pool_monitor::eth_client[0m[2m:[0m 📡 Transaction fetch RPC completed in 9.375083ms
[2m2025-12-10T10:12:12.288160Z[0m [34mDEBUG[0m [2methereum_transaction_pool_monitor::eth_client[0m[2m:[0m DeFi transaction detected - Address: 0xdac17f958d2ee523a2206206994597c13d831ec7, Type: Stablecoin, Value: 0 ETH, Gas: 0.22 Gwei
[2m2025-12-10T10:12:12.288172Z[0m [34mDEBUG[0m [2methereum_transaction_pool_monitor::eth_client[0m[2m:[0m ✅ Transaction 0xc4220861799cbc58c9406b29392fa0ec8139ea6eddfe668bafe36ce688e56ac6 fetched and parsed in 9.400542ms
[2m2025-12-10T10:12:12.288177Z[0m [34mDEBUG[0m [2methereum_transaction_pool_monitor::mempool_monitor[0m[2m:[0m 🔍 Skipping tx 0xc4220861799cbc58c9406b29392fa0ec8139ea6eddfe668bafe36ce688e56ac6 - not a DEX interaction (target: 0xdAC17F958D2ee523a2206206994597C13D831ec7)
[2m2025-12-10T10:12:12.288184Z[0m [34mDEBUG[0m [2methereum_transaction_pool_monitor::mempool_monitor[0m[2m:[0m 📨 Processing new pending transaction: 0x72b1c88d012222acb98053ce8941f00a7857e6d80491bb5ba4cf5a731ebfcac6
[2m2025-12-10T10:12:12.288187Z[0m [34mDEBUG[0m [2methereum_transaction_pool_monitor::mempool_monitor[0m[2m:[0m 🔍 Fetching transaction details for: 0x72b1c88d012222acb98053ce8941f00a7857e6d80491bb5ba4cf5a731ebfcac6
[2m2025-12-10T10:12:12.288191Z[0m [34mDEBUG[0m [2methereum_transaction_pool_monitor::eth_client[0m[2m:[0m 🔍 Fetching transaction details for hash: 0x72b1c88d012222acb98053ce8941f00a7857e6d80491bb5ba4cf5a731ebfcac6
[2m2025-12-10T10:12:12.288202Z[0m [34mDEBUG[0m [2mhyper::client::pool[0m[2m:[0m reuse idle connection for ("http", 192.168.0.14:8545)
[2m2025-12-10T10:12:12.288230Z[0m [34mDEBUG[0m [2mhyper::proto::h1::io[0m[2m:[0m flushed 250 bytes
[2m2025-12-10T10:12:12.292656Z[0m [34mDEBUG[0m [2mhyper::proto::h1::io[0m[2m:[0m parsed 4 headers
[2m2025-12-10T10:12:12.292666Z[0m [34mDEBUG[0m [2mhyper::proto::h1::conn[0m[2m:[0m incoming body is content-length (1219 bytes)
[2m2025-12-10T10:12:12.292671Z[0m [34mDEBUG[0m [2mhyper::proto::h1::conn[0m[2m:[0m incoming body completed
[2m2025-12-10T10:12:12.292678Z[0m [34mDEBUG[0m [2mhyper::client::pool[0m[2m:[0m pooling idle connection for ("http", 192.168.0.14:8545)
[2m2025-12-10T10:12:12.292683Z[0m [34mDEBUG[0m [2methereum_transaction_pool_monitor::eth_client[0m[2m:[0m 📡 Transaction fetch RPC completed in 4.489083ms
[2m2025-12-10T10:12:12.364511Z[0m [34mDEBUG[0m [2methereum_transaction_pool_monitor::eth_client[0m[2m:[0m ✅ Transaction 0x72b1c88d012222acb98053ce8941f00a7857e6d80491bb5ba4cf5a731ebfcac6 fetched and parsed in 76.315ms
[2m2025-12-10T10:12:12.364537Z[0m [34mDEBUG[0m [2methereum_transaction_pool_monitor::mempool_monitor[0m[2m:[0m 🔍 Skipping tx 0x72b1c88d012222acb98053ce8941f00a7857e6d80491bb5ba4cf5a731ebfcac6 - not a DEX interaction (target: 0xF6801D319497789f934ec7F83E142a9536312B08)
[2m2025-12-10T10:12:12.364574Z[0m [34mDEBUG[0m [2mhyper::client::pool[0m[2m:[0m reuse idle connection for ("http", 192.168.0.14:8545)
[2m2025-12-10T10:12:12.364592Z[0m [34mDEBUG[0m [2methereum_transaction_pool_monitor::eth_client[0m[2m:[0m 📨 Received WebSocket message: {"jsonrpc":"2.0","method":"eth_subscription","params":{"subscription":"0xbed0a0851463e895960a451075a301a9","result":"0x460af96ed21e9e38f6f68918bd2cc951e376af8d8d02c6748d5038bcdfed6fb4"}}
[2m2025-12-10T10:12:12.364601Z[0m [34mDEBUG[0m [2methereum_transaction_pool_monitor::eth_client[0m[2m:[0m 📨 Received pending transaction: 0x460af96ed21e9e38f6f68918bd2cc951e376af8d8d02c6748d5038bcdfed6fb4
[2m2025-12-10T10:12:12.364608Z[0m [34mDEBUG[0m [2methereum_transaction_pool_monitor::eth_client[0m[2m:[0m 📨 Received WebSocket message: {"jsonrpc":"2.0","method":"eth_subscription","params":{"subscription":"0xbed0a0851463e895960a451075a301a9","result":"0x0ad05b6f393d4f24cbe7fa2d7276c7dae2b9a8d1f38b7433c8d0833106c85137"}}
[2m2025-12-10T10:12:12.364613Z[0m [34mDEBUG[0m [2methereum_transaction_pool_monitor::eth_client[0m[2m:[0m 📨 Received pending transaction: 0x0ad05b6f393d4f24cbe7fa2d7276c7dae2b9a8d1f38b7433c8d0833106c85137
[2m2025-12-10T10:12:12.364616Z[0m [34mDEBUG[0m [2mhyper::proto::h1::io[0m[2m:[0m flushed 172 bytes
[2m2025-12-10T10:12:12.364619Z[0m [34mDEBUG[0m [2methereum_transaction_pool_monitor::mempool_monitor[0m[2m:[0m 📨 Processing new pending transaction: 0x460af96ed21e9e38f6f68918bd2cc951e376af8d8d02c6748d5038bcdfed6fb4
[2m2025-12-10T10:12:12.364624Z[0m [34mDEBUG[0m [2methereum_transaction_pool_monitor::mempool_monitor[0m[2m:[0m 🔍 Fetching transaction details for: 0x460af96ed21e9e38f6f68918bd2cc951e376af8d8d02c6748d5038bcdfed6fb4
[2m2025-12-10T10:12:12.364628Z[0m [34mDEBUG[0m [2methereum_transaction_pool_monitor::eth_client[0m[2m:[0m 🔍 Fetching transaction details for hash: 0x460af96ed21e9e38f6f68918bd2cc951e376af8d8d02c6748d5038bcdfed6fb4
[2m2025-12-10T10:12:12.364637Z[0m [34mDEBUG[0m [2mhyper::client::pool[0m[2m:[0m reuse idle connection for ("http", 192.168.0.14:8545)
[2m2025-12-10T10:12:12.364652Z[0m [34mDEBUG[0m [2mhyper::proto::h1::io[0m[2m:[0m flushed 250 bytes
[2m2025-12-10T10:12:12.367754Z[0m [34mDEBUG[0m [2mhyper::proto::h1::io[0m[2m:[0m parsed 4 headers
[2m2025-12-10T10:12:12.367780Z[0m [34mDEBUG[0m [2mhyper::proto::h1::conn[0m[2m:[0m incoming body is content-length (45 bytes)
[2m2025-12-10T10:12:12.367804Z[0m [34mDEBUG[0m [2mhyper::proto::h1::conn[0m[2m:[0m incoming body completed
[2m2025-12-10T10:12:12.367815Z[0m [34mDEBUG[0m [2mhyper::client::pool[0m[2m:[0m pooling idle connection for ("http", 192.168.0.14:8545)
[2m2025-12-10T10:12:12.368273Z[0m [34mDEBUG[0m [2mhyper::proto::h1::io[0m[2m:[0m parsed 4 headers
[2m2025-12-10T10:12:12.368278Z[0m [34mDEBUG[0m [2mhyper::proto::h1::conn[0m[2m:[0m incoming body is content-length (773 bytes)
[2m2025-12-10T10:12:12.368282Z[0m [34mDEBUG[0m [2mhyper::proto::h1::conn[0m[2m:[0m incoming body completed
[2m2025-12-10T10:12:12.368287Z[0m [34mDEBUG[0m [2mhyper::client::pool[0m[2m:[0m pooling idle connection for ("http", 192.168.0.14:8545)
[2m2025-12-10T10:12:12.368292Z[0m [34mDEBUG[0m [2methereum_transaction_pool_monitor::eth_client[0m[2m:[0m 📡 Transaction fetch RPC completed in 3.659709ms
[2m2025-12-10T10:12:12.440121Z[0m [34mDEBUG[0m [2methereum_transaction_pool_monitor::eth_client[0m[2m:[0m ✅ Transaction 0x460af96ed21e9e38f6f68918bd2cc951e376af8d8d02c6748d5038bcdfed6fb4 fetched and parsed in 75.486875ms
[2m2025-12-10T10:12:12.440147Z[0m [34mDEBUG[0m [2methereum_transaction_pool_monitor::mempool_monitor[0m[2m:[0m 🔍 Skipping tx 0x460af96ed21e9e38f6f68918bd2cc951e376af8d8d02c6748d5038bcdfed6fb4 - not a DEX interaction (target: 0xA0b86991c6218b36c1d19D4a2e9Eb0cE3606eB48)
[2m2025-12-10T10:12:12.440158Z[0m [34mDEBUG[0m [2methereum_transaction_pool_monitor::mempool_monitor[0m[2m:[0m 📨 Processing new pending transaction: 0x0ad05b6f393d4f24cbe7fa2d7276c7dae2b9a8d1f38b7433c8d0833106c85137
[2m2025-12-10T10:12:12.440167Z[0m [34mDEBUG[0m [2methereum_transaction_pool_monitor::mempool_monitor[0m[2m:[0m 🔍 Fetching transaction details for: 0x0ad05b6f393d4f24cbe7fa2d7276c7dae2b9a8d1f38b7433c8d0833106c85137
[2m2025-12-10T10:12:12.440172Z[0m [34mDEBUG[0m [2methereum_transaction_pool_monitor::eth_client[0m[2m:[0m 🔍 Fetching transaction details for hash: 0x0ad05b6f393d4f24cbe7fa2d7276c7dae2b9a8d1f38b7433c8d0833106c85137
[2m2025-12-10T10:12:12.440191Z[0m [34mDEBUG[0m [2mhyper::client::pool[0m[2m:[0m reuse idle connection for ("http", 192.168.0.14:8545)
[2m2025-12-10T10:12:12.440224Z[0m [34mDEBUG[0m [2mhyper::proto::h1::io[0m[2m:[0m flushed 250 bytes
[2m2025-12-10T10:12:12.440244Z[0m [34mDEBUG[0m [2mhyper::client::pool[0m[2m:[0m reuse idle connection for ("http", 192.168.0.14:8545)
[2m2025-12-10T10:12:12.440251Z[0m [34mDEBUG[0m [2methereum_transaction_pool_monitor::eth_client[0m[2m:[0m 📨 Received WebSocket message: {"jsonrpc":"2.0","method":"eth_subscription","params":{"subscription":"0xbed0a0851463e895960a451075a301a9","result":"0x5d4ffc0629ab5f93b148cac929887e510507c00917dd5028e2d7d3fbf2b94415"}}
[2m2025-12-10T10:12:12.440258Z[0m [34mDEBUG[0m [2mhyper::proto::h1::io[0m[2m:[0m flushed 172 bytes
[2m2025-12-10T10:12:12.440263Z[0m [34mDEBUG[0m [2methereum_transaction_pool_monitor::eth_client[0m[2m:[0m 📨 Received pending transaction: 0x5d4ffc0629ab5f93b148cac929887e510507c00917dd5028e2d7d3fbf2b94415
[2m2025-12-10T10:12:12.442653Z[0m [34mDEBUG[0m [2methereum_transaction_pool_monitor::eth_client[0m[2m:[0m 📨 Received WebSocket message: {"jsonrpc":"2.0","method":"eth_subscription","params":{"subscription":"0xbed0a0851463e895960a451075a301a9","result":"0x30013600a96a5101c29c4e0db5ed9a8d2e5533ca53f5201dcb34c1191b381762"}}
[2m2025-12-10T10:12:12.442665Z[0m [34mDEBUG[0m [2methereum_transaction_pool_monitor::eth_client[0m[2m:[0m 📨 Received pending transaction: 0x30013600a96a5101c29c4e0db5ed9a8d2e5533ca53f5201dcb34c1191b381762
[2m2025-12-10T10:12:12.444528Z[0m [34mDEBUG[0m [2mhyper::proto::h1::io[0m[2m:[0m parsed 4 headers
[2m2025-12-10T10:12:12.444533Z[0m [34mDEBUG[0m [2mhyper::proto::h1::conn[0m[2m:[0m incoming body is content-length (45 bytes)
[2m2025-12-10T10:12:12.444540Z[0m [34mDEBUG[0m [2mhyper::proto::h1::conn[0m[2m:[0m incoming body completed
[2m2025-12-10T10:12:12.444549Z[0m [34mDEBUG[0m [2mhyper::client::pool[0m[2m:[0m pooling idle connection for ("http", 192.168.0.14:8545)
[2m2025-12-10T10:12:12.444566Z[0m [34mDEBUG[0m [2mhyper::proto::h1::io[0m[2m:[0m parsed 4 headers
[2m2025-12-10T10:12:12.444571Z[0m [34mDEBUG[0m [2mhyper::proto::h1::conn[0m[2m:[0m incoming body is content-length (778 bytes)
[2m2025-12-10T10:12:12.444576Z[0m [34mDEBUG[0m [2mhyper::proto::h1::conn[0m[2m:[0m incoming body completed
[2m2025-12-10T10:12:12.444582Z[0m [34mDEBUG[0m [2mhyper::client::pool[0m[2m:[0m pooling idle connection for ("http", 192.168.0.14:8545)
[2m2025-12-10T10:12:12.444587Z[0m [34mDEBUG[0m [2methereum_transaction_pool_monitor::eth_client[0m[2m:[0m 📡 Transaction fetch RPC completed in 4.409166ms
[2m2025-12-10T10:12:12.515640Z[0m [34mDEBUG[0m [2methereum_transaction_pool_monitor::eth_client[0m[2m:[0m ✅ Transaction 0x0ad05b6f393d4f24cbe7fa2d7276c7dae2b9a8d1f38b7433c8d0833106c85137 fetched and parsed in 75.459833ms
[2m2025-12-10T10:12:12.515666Z[0m [34mDEBUG[0m [2methereum_transaction_pool_monitor::mempool_monitor[0m[2m:[0m 🔍 Skipping tx 0x0ad05b6f393d4f24cbe7fa2d7276c7dae2b9a8d1f38b7433c8d0833106c85137 - not a DEX interaction (target: 0xA0b86991c6218b36c1d19D4a2e9Eb0cE3606eB48)
[2m2025-12-10T10:12:12.515676Z[0m [34mDEBUG[0m [2methereum_transaction_pool_monitor::mempool_monitor[0m[2m:[0m 📨 Processing new pending transaction: 0x5d4ffc0629ab5f93b148cac929887e510507c00917dd5028e2d7d3fbf2b94415
[2m2025-12-10T10:12:12.515682Z[0m [34mDEBUG[0m [2methereum_transaction_pool_monitor::mempool_monitor[0m[2m:[0m 🔍 Fetching transaction details for: 0x5d4ffc0629ab5f93b148cac929887e510507c00917dd5028e2d7d3fbf2b94415
[2m2025-12-10T10:12:12.515688Z[0m [34mDEBUG[0m [2methereum_transaction_pool_monitor::eth_client[0m[2m:[0m 🔍 Fetching transaction details for hash: 0x5d4ffc0629ab5f93b148cac929887e510507c00917dd5028e2d7d3fbf2b94415
[2m2025-12-10T10:12:12.515705Z[0m [34mDEBUG[0m [2mhyper::client::pool[0m[2m:[0m reuse idle connection for ("http", 192.168.0.14:8545)
[2m2025-12-10T10:12:12.515737Z[0m [34mDEBUG[0m [2mhyper::proto::h1::io[0m[2m:[0m flushed 250 bytes
[2m2025-12-10T10:12:12.516013Z[0m [34mDEBUG[0m [2mhyper::client::pool[0m[2m:[0m reuse idle connection for ("http", 192.168.0.14:8545)
[2m2025-12-10T10:12:12.516021Z[0m [34mDEBUG[0m [2methereum_transaction_pool_monitor::eth_client[0m[2m:[0m 📨 Received WebSocket message: {"jsonrpc":"2.0","method":"eth_subscription","params":{"subscription":"0xbed0a0851463e895960a451075a301a9","result":"0xe113ccbcc458a450205366a639e50b409e243efdd02de99072915c7ca505c4f1"}}
[2m2025-12-10T10:12:12.516030Z[0m [34mDEBUG[0m [2mhyper::proto::h1::io[0m[2m:[0m flushed 172 bytes
[2m2025-12-10T10:12:12.516031Z[0m [34mDEBUG[0m [2methereum_transaction_pool_monitor::eth_client[0m[2m:[0m 📨 Received pending transaction: 0xe113ccbcc458a450205366a639e50b409e243efdd02de99072915c7ca505c4f1
[2m2025-12-10T10:12:12.516041Z[0m [34mDEBUG[0m [2methereum_transaction_pool_monitor::eth_client[0m[2m:[0m 📨 Received WebSocket message: {"jsonrpc":"2.0","method":"eth_subscription","params":{"subscription":"0xbed0a0851463e895960a451075a301a9","result":"0x3eb6f7e6152e068eef762339bea1927a30d80aeb026fe0a9ac43fe5aeabdafa8"}}
[2m2025-12-10T10:12:12.516045Z[0m [34mDEBUG[0m [2methereum_transaction_pool_monitor::eth_client[0m[2m:[0m 📨 Received pending transaction: 0x3eb6f7e6152e068eef762339bea1927a30d80aeb026fe0a9ac43fe5aeabdafa8
[2m2025-12-10T10:12:12.523388Z[0m [34mDEBUG[0m [2mhyper::proto::h1::io[0m[2m:[0m parsed 4 headers
[2m2025-12-10T10:12:12.523406Z[0m [34mDEBUG[0m [2mhyper::proto::h1::conn[0m[2m:[0m incoming body is content-length (1731 bytes)
[2m2025-12-10T10:12:12.523432Z[0m [34mDEBUG[0m [2mhyper::proto::h1::conn[0m[2m:[0m incoming body completed
[2m2025-12-10T10:12:12.523443Z[0m [34mDEBUG[0m [2mhyper::client::pool[0m[2m:[0m pooling idle connection for ("http", 192.168.0.14:8545)
[2m2025-12-10T10:12:12.523450Z[0m [34mDEBUG[0m [2methereum_transaction_pool_monitor::eth_client[0m[2m:[0m 📡 Transaction fetch RPC completed in 7.757541ms
[2m2025-12-10T10:12:12.595451Z[0m [34mDEBUG[0m [2methereum_transaction_pool_monitor::eth_client[0m[2m:[0m ✅ Transaction 0x5d4ffc0629ab5f93b148cac929887e510507c00917dd5028e2d7d3fbf2b94415 fetched and parsed in 79.756916ms
[2m2025-12-10T10:12:12.595472Z[0m [34mDEBUG[0m [2methereum_transaction_pool_monitor::mempool_monitor[0m[2m:[0m 🔍 Skipping tx 0x5d4ffc0629ab5f93b148cac929887e510507c00917dd5028e2d7d3fbf2b94415 - not a DEX interaction (target: 0x601a2aD6CB5949f0529735254189Ba3194221EDF)
[2m2025-12-10T10:12:12.595481Z[0m [34mDEBUG[0m [2methereum_transaction_pool_monitor::mempool_monitor[0m[2m:[0m 📨 Processing new pending transaction: 0x30013600a96a5101c29c4e0db5ed9a8d2e5533ca53f5201dcb34c1191b381762
[2m2025-12-10T10:12:12.595486Z[0m [34mDEBUG[0m [2methereum_transaction_pool_monitor::mempool_monitor[0m[2m:[0m 🔍 Fetching transaction details for: 0x30013600a96a5101c29c4e0db5ed9a8d2e5533ca53f5201dcb34c1191b381762
[2m2025-12-10T10:12:12.595490Z[0m [34mDEBUG[0m [2methereum_transaction_pool_monitor::eth_client[0m[2m:[0m 🔍 Fetching transaction details for hash: 0x30013600a96a5101c29c4e0db5ed9a8d2e5533ca53f5201dcb34c1191b381762
[2m2025-12-10T10:12:12.595507Z[0m [34mDEBUG[0m [2mhyper::client::pool[0m[2m:[0m reuse idle connection for ("http", 192.168.0.14:8545)
[2m2025-12-10T10:12:12.595530Z[0m [34mDEBUG[0m [2mhyper::proto::h1::io[0m[2m:[0m flushed 250 bytes
[2m2025-12-10T10:12:12.595545Z[0m [34mDEBUG[0m [2mhyper::proto::h1::io[0m[2m:[0m parsed 4 headers
[2m2025-12-10T10:12:12.595549Z[0m [34mDEBUG[0m [2mhyper::proto::h1::conn[0m[2m:[0m incoming body is content-length (45 bytes)
[2m2025-12-10T10:12:12.595555Z[0m [34mDEBUG[0m [2mhyper::proto::h1::conn[0m[2m:[0m incoming body completed
[2m2025-12-10T10:12:12.595563Z[0m [34mDEBUG[0m [2mhyper::client::pool[0m[2m:[0m pooling idle connection for ("http", 192.168.0.14:8545)
[2m2025-12-10T10:12:12.598092Z[0m [34mDEBUG[0m [2mhyper::client::pool[0m[2m:[0m reuse idle connection for ("http", 192.168.0.14:8545)
[2m2025-12-10T10:12:12.598121Z[0m [34mDEBUG[0m [2mhyper::proto::h1::io[0m[2m:[0m flushed 172 bytes
[2m2025-12-10T10:12:12.600606Z[0m [34mDEBUG[0m [2mhyper::proto::h1::io[0m[2m:[0m parsed 4 headers
[2m2025-12-10T10:12:12.600614Z[0m [34mDEBUG[0m [2mhyper::proto::h1::conn[0m[2m:[0m incoming body is content-length (45 bytes)
[2m2025-12-10T10:12:12.600621Z[0m [34mDEBUG[0m [2mhyper::proto::h1::conn[0m[2m:[0m incoming body completed
[2m2025-12-10T10:12:12.600629Z[0m [34mDEBUG[0m [2mhyper::client::pool[0m[2m:[0m pooling idle connection for ("http", 192.168.0.14:8545)
[2m2025-12-10T10:12:12.604140Z[0m [34mDEBUG[0m [2mhyper::proto::h1::io[0m[2m:[0m parsed 4 headers
[2m2025-12-10T10:12:12.604148Z[0m [34mDEBUG[0m [2mhyper::proto::h1::conn[0m[2m:[0m incoming body is content-length (1731 bytes)
[2m2025-12-10T10:12:12.604160Z[0m [34mDEBUG[0m [2methereum_transaction_pool_monitor::eth_client[0m[2m:[0m 📡 Transaction fetch RPC completed in 8.664958ms
[2m2025-12-10T10:12:12.604850Z[0m [34mDEBUG[0m [2mhyper::proto::h1::conn[0m[2m:[0m incoming body completed
[2m2025-12-10T10:12:12.604863Z[0m [34mDEBUG[0m [2mhyper::client::pool[0m[2m:[0m pooling idle connection for ("http", 192.168.0.14:8545)
[2m2025-12-10T10:12:12.610568Z[0m [34mDEBUG[0m [2methereum_transaction_pool_monitor::eth_client[0m[2m:[0m 📨 Received WebSocket message: {"jsonrpc":"2.0","method":"eth_subscription","params":{"subscription":"0xbed0a0851463e895960a451075a301a9","result":"0x02006a76aca4048c1bbb4f4d400cb676ea43aec3e62a7939a0a7a9a7fd54b613"}}
[2m2025-12-10T10:12:12.610581Z[0m [34mDEBUG[0m [2methereum_transaction_pool_monitor::eth_client[0m[2m:[0m 📨 Received pending transaction: 0x02006a76aca4048c1bbb4f4d400cb676ea43aec3e62a7939a0a7a9a7fd54b613
[2m2025-12-10T10:12:12.676486Z[0m [34mDEBUG[0m [2methereum_transaction_pool_monitor::eth_client[0m[2m:[0m ✅ Transaction 0x30013600a96a5101c29c4e0db5ed9a8d2e5533ca53f5201dcb34c1191b381762 fetched and parsed in 80.989167ms
[2m2025-12-10T10:12:12.676516Z[0m [34mDEBUG[0m [2methereum_transaction_pool_monitor::mempool_monitor[0m[2m:[0m 🔍 Skipping tx 0x30013600a96a5101c29c4e0db5ed9a8d2e5533ca53f5201dcb34c1191b381762 - not a DEX interaction (target: 0x601a2aD6CB5949f0529735254189Ba3194221EDF)
[2m2025-12-10T10:12:12.676528Z[0m [34mDEBUG[0m [2methereum_transaction_pool_monitor::mempool_monitor[0m[2m:[0m 📨 Processing new pending transaction: 0xe113ccbcc458a450205366a639e50b409e243efdd02de99072915c7ca505c4f1
[2m2025-12-10T10:12:12.676537Z[0m [34mDEBUG[0m [2methereum_transaction_pool_monitor::mempool_monitor[0m[2m:[0m 🔍 Fetching transaction details for: 0xe113ccbcc458a450205366a639e50b409e243efdd02de99072915c7ca505c4f1
[2m2025-12-10T10:12:12.676543Z[0m [34mDEBUG[0m [2methereum_transaction_pool_monitor::eth_client[0m[2m:[0m 🔍 Fetching transaction details for hash: 0xe113ccbcc458a450205366a639e50b409e243efdd02de99072915c7ca505c4f1
[2m2025-12-10T10:12:12.676564Z[0m [34mDEBUG[0m [2mhyper::client::pool[0m[2m:[0m reuse idle connection for ("http", 192.168.0.14:8545)
[2m2025-12-10T10:12:12.676599Z[0m [34mDEBUG[0m [2mhyper::proto::h1::io[0m[2m:[0m flushed 250 bytes
[2m2025-12-10T10:12:12.681186Z[0m [34mDEBUG[0m [2mhyper::proto::h1::io[0m[2m:[0m parsed 4 headers
[2m2025-12-10T10:12:12.681210Z[0m [34mDEBUG[0m [2mhyper::proto::h1::conn[0m[2m:[0m incoming body is content-length (1731 bytes)
[2m2025-12-10T10:12:12.681248Z[0m [34mDEBUG[0m [2methereum_transaction_pool_monitor::eth_client[0m[2m:[0m 📡 Transaction fetch RPC completed in 4.698833ms
[2m2025-12-10T10:12:12.681996Z[0m [34mDEBUG[0m [2mhyper::proto::h1::conn[0m[2m:[0m incoming body completed
[2m2025-12-10T10:12:12.682028Z[0m [34mDEBUG[0m [2mhyper::client::pool[0m[2m:[0m pooling idle connection for ("http", 192.168.0.14:8545)
[2m2025-12-10T10:12:12.699861Z[0m [34mDEBUG[0m [2mhyper::client::pool[0m[2m:[0m reuse idle connection for ("http", 192.168.0.14:8545)
[2m2025-12-10T10:12:12.699915Z[0m [34mDEBUG[0m [2mhyper::proto::h1::io[0m[2m:[0m flushed 172 bytes
[2m2025-12-10T10:12:12.703551Z[0m [34mDEBUG[0m [2mhyper::proto::h1::io[0m[2m:[0m parsed 4 headers
[2m2025-12-10T10:12:12.703557Z[0m [34mDEBUG[0m [2mhyper::proto::h1::conn[0m[2m:[0m incoming body is content-length (45 bytes)
[2m2025-12-10T10:12:12.703563Z[0m [34mDEBUG[0m [2mhyper::proto::h1::conn[0m[2m:[0m incoming body completed
[2m2025-12-10T10:12:12.703571Z[0m [34mDEBUG[0m [2mhyper::client::pool[0m[2m:[0m pooling idle connection for ("http", 192.168.0.14:8545)
[2m2025-12-10T10:12:12.754053Z[0m [34mDEBUG[0m [2methereum_transaction_pool_monitor::eth_client[0m[2m:[0m ✅ Transaction 0xe113ccbcc458a450205366a639e50b409e243efdd02de99072915c7ca505c4f1 fetched and parsed in 77.501208ms
[2m2025-12-10T10:12:12.754078Z[0m [34mDEBUG[0m [2methereum_transaction_pool_monitor::mempool_monitor[0m[2m:[0m 🔍 Skipping tx 0xe113ccbcc458a450205366a639e50b409e243efdd02de99072915c7ca505c4f1 - not a DEX interaction (target: 0x601a2aD6CB5949f0529735254189Ba3194221EDF)
[2m2025-12-10T10:12:12.754089Z[0m [34mDEBUG[0m [2methereum_transaction_pool_monitor::mempool_monitor[0m[2m:[0m 📨 Processing new pending transaction: 0x3eb6f7e6152e068eef762339bea1927a30d80aeb026fe0a9ac43fe5aeabdafa8
[2m2025-12-10T10:12:12.754094Z[0m [34mDEBUG[0m [2methereum_transaction_pool_monitor::mempool_monitor[0m[2m:[0m 🔍 Fetching transaction details for: 0x3eb6f7e6152e068eef762339bea1927a30d80aeb026fe0a9ac43fe5aeabdafa8
[2m2025-12-10T10:12:12.754098Z[0m [34mDEBUG[0m [2methereum_transaction_pool_monitor::eth_client[0m[2m:[0m 🔍 Fetching transaction details for hash: 0x3eb6f7e6152e068eef762339bea1927a30d80aeb026fe0a9ac43fe5aeabdafa8
[2m2025-12-10T10:12:12.754118Z[0m [34mDEBUG[0m [2mhyper::client::pool[0m[2m:[0m reuse idle connection for ("http", 192.168.0.14:8545)
[2m2025-12-10T10:12:12.754151Z[0m [34mDEBUG[0m [2mhyper::proto::h1::io[0m[2m:[0m flushed 250 bytes
[2m2025-12-10T10:12:12.785023Z[0m [34mDEBUG[0m [2mhyper::proto::h1::io[0m[2m:[0m parsed 4 headers
[2m2025-12-10T10:12:12.785048Z[0m [34mDEBUG[0m [2mhyper::proto::h1::conn[0m[2m:[0m incoming body is content-length (1731 bytes)
[2m2025-12-10T10:12:12.785076Z[0m [34mDEBUG[0m [2mhyper::proto::h1::conn[0m[2m:[0m incoming body completed
[2m2025-12-10T10:12:12.785100Z[0m [34mDEBUG[0m [2mhyper::client::pool[0m[2m:[0m pooling idle connection for ("http", 192.168.0.14:8545)
[2m2025-12-10T10:12:12.785107Z[0m [34mDEBUG[0m [2methereum_transaction_pool_monitor::eth_client[0m[2m:[0m 📡 Transaction fetch RPC completed in 31.004959ms
[2m2025-12-10T10:12:12.856734Z[0m [34mDEBUG[0m [2methereum_transaction_pool_monitor::eth_client[0m[2m:[0m ✅ Transaction 0x3eb6f7e6152e068eef762339bea1927a30d80aeb026fe0a9ac43fe5aeabdafa8 fetched and parsed in 102.628917ms
[2m2025-12-10T10:12:12.856761Z[0m [34mDEBUG[0m [2methereum_transaction_pool_monitor::mempool_monitor[0m[2m:[0m 🔍 Skipping tx 0x3eb6f7e6152e068eef762339bea1927a30d80aeb026fe0a9ac43fe5aeabdafa8 - not a DEX interaction (target: 0x601a2aD6CB5949f0529735254189Ba3194221EDF)
[2m2025-12-10T10:12:12.856777Z[0m [34mDEBUG[0m [2methereum_transaction_pool_monitor::mempool_monitor[0m[2m:[0m 📨 Processing new pending transaction: 0x02006a76aca4048c1bbb4f4d400cb676ea43aec3e62a7939a0a7a9a7fd54b613
[2m2025-12-10T10:12:12.856783Z[0m [34mDEBUG[0m [2methereum_transaction_pool_monitor::mempool_monitor[0m[2m:[0m 🔍 Fetching transaction details for: 0x02006a76aca4048c1bbb4f4d400cb676ea43aec3e62a7939a0a7a9a7fd54b613
[2m2025-12-10T10:12:12.856789Z[0m [34mDEBUG[0m [2methereum_transaction_pool_monitor::eth_client[0m[2m:[0m 🔍 Fetching transaction details for hash: 0x02006a76aca4048c1bbb4f4d400cb676ea43aec3e62a7939a0a7a9a7fd54b613
[2m2025-12-10T10:12:12.856807Z[0m [34mDEBUG[0m [2mhyper::client::pool[0m[2m:[0m reuse idle connection for ("http", 192.168.0.14:8545)
[2m2025-12-10T10:12:12.856836Z[0m [34mDEBUG[0m [2mhyper::proto::h1::io[0m[2m:[0m flushed 250 bytes
[2m2025-12-10T10:12:12.856856Z[0m [34mDEBUG[0m [2mhyper::client::pool[0m[2m:[0m reuse idle connection for ("http", 192.168.0.14:8545)
[2m2025-12-10T10:12:12.856868Z[0m [34mDEBUG[0m [2mhyper::proto::h1::io[0m[2m:[0m flushed 172 bytes
[2m2025-12-10T10:12:12.856877Z[0m [34mDEBUG[0m [2methereum_transaction_pool_monitor::eth_client[0m[2m:[0m 📨 Received WebSocket message: {"jsonrpc":"2.0","method":"eth_subscription","params":{"subscription":"0xbed0a0851463e895960a451075a301a9","result":"0x7591db5ae358c07b65979626d742f734326d62e7b76b12d310a031d41366ee35"}}
[2m2025-12-10T10:12:12.856885Z[0m [34mDEBUG[0m [2methereum_transaction_pool_monitor::eth_client[0m[2m:[0m 📨 Received pending transaction: 0x7591db5ae358c07b65979626d742f734326d62e7b76b12d310a031d41366ee35
[2m2025-12-10T10:12:12.856891Z[0m [34mDEBUG[0m [2methereum_transaction_pool_monitor::eth_client[0m[2m:[0m 📨 Received WebSocket message: {"jsonrpc":"2.0","method":"eth_subscription","params":{"subscription":"0xbed0a0851463e895960a451075a301a9","result":"0x6a6a246a558609c70b3226657a335efc0ff542b7444a02ab426f8c8fb44e8a86"}}
[2m2025-12-10T10:12:12.856896Z[0m [34mDEBUG[0m [2methereum_transaction_pool_monitor::eth_client[0m[2m:[0m 📨 Received pending transaction: 0x6a6a246a558609c70b3226657a335efc0ff542b7444a02ab426f8c8fb44e8a86
[2m2025-12-10T10:12:12.860624Z[0m [34mDEBUG[0m [2mhyper::proto::h1::io[0m[2m:[0m parsed 4 headers
[2m2025-12-10T10:12:12.860653Z[0m [34mDEBUG[0m [2mhyper::proto::h1::conn[0m[2m:[0m incoming body is content-length (45 bytes)
[2m2025-12-10T10:12:12.860679Z[0m [34mDEBUG[0m [2mhyper::proto::h1::conn[0m[2m:[0m incoming body completed
[2m2025-12-10T10:12:12.860688Z[0m [34mDEBUG[0m [2mhyper::client::pool[0m[2m:[0m pooling idle connection for ("http", 192.168.0.14:8545)
[2m2025-12-10T10:12:12.861316Z[0m [34mDEBUG[0m [2mhyper::proto::h1::io[0m[2m:[0m parsed 4 headers
[2m2025-12-10T10:12:12.861334Z[0m [34mDEBUG[0m [2mhyper::proto::h1::conn[0m[2m:[0m incoming body is content-length (767 bytes)
[2m2025-12-10T10:12:12.861363Z[0m [34mDEBUG[0m [2mhyper::proto::h1::conn[0m[2m:[0m incoming body completed
[2m2025-12-10T10:12:12.861378Z[0m [34mDEBUG[0m [2mhyper::client::pool[0m[2m:[0m pooling idle connection for ("http", 192.168.0.14:8545)
[2m2025-12-10T10:12:12.861384Z[0m [34mDEBUG[0m [2methereum_transaction_pool_monitor::eth_client[0m[2m:[0m 📡 Transaction fetch RPC completed in 4.589541ms
[2m2025-12-10T10:12:12.932892Z[0m [34mDEBUG[0m [2methereum_transaction_pool_monitor::eth_client[0m[2m:[0m ✅ Transaction 0x02006a76aca4048c1bbb4f4d400cb676ea43aec3e62a7939a0a7a9a7fd54b613 fetched and parsed in 76.09475ms
[2m2025-12-10T10:12:12.932917Z[0m [34mDEBUG[0m [2methereum_transaction_pool_monitor::mempool_monitor[0m[2m:[0m 🔍 Skipping tx 0x02006a76aca4048c1bbb4f4d400cb676ea43aec3e62a7939a0a7a9a7fd54b613 - not a DEX interaction (target: 0xA0b86991c6218b36c1d19D4a2e9Eb0cE3606eB48)
[2m2025-12-10T10:12:12.932926Z[0m [34mDEBUG[0m [2methereum_transaction_pool_monitor::mempool_monitor[0m[2m:[0m 📨 Processing new pending transaction: 0x7591db5ae358c07b65979626d742f734326d62e7b76b12d310a031d41366ee35
[2m2025-12-10T10:12:12.932932Z[0m [34mDEBUG[0m [2methereum_transaction_pool_monitor::mempool_monitor[0m[2m:[0m 🔍 Fetching transaction details for: 0x7591db5ae358c07b65979626d742f734326d62e7b76b12d310a031d41366ee35
[2m2025-12-10T10:12:12.932937Z[0m [34mDEBUG[0m [2methereum_transaction_pool_monitor::eth_client[0m[2m:[0m 🔍 Fetching transaction details for hash: 0x7591db5ae358c07b65979626d742f734326d62e7b76b12d310a031d41366ee35
[2m2025-12-10T10:12:12.932956Z[0m [34mDEBUG[0m [2mhyper::client::pool[0m[2m:[0m reuse idle connection for ("http", 192.168.0.14:8545)
[2m2025-12-10T10:12:12.932995Z[0m [34mDEBUG[0m [2mhyper::proto::h1::io[0m[2m:[0m flushed 250 bytes
[2m2025-12-10T10:12:12.933013Z[0m [34mDEBUG[0m [2mhyper::client::pool[0m[2m:[0m reuse idle connection for ("http", 192.168.0.14:8545)
[2m2025-12-10T10:12:12.933020Z[0m [34mDEBUG[0m [2methereum_transaction_pool_monitor::eth_client[0m[2m:[0m 📨 Received WebSocket message: {"jsonrpc":"2.0","method":"eth_subscription","params":{"subscription":"0xbed0a0851463e895960a451075a301a9","result":"0xdbd1898ad67bef5bc484ede0d7521c858dd96fc7402d8e1693c8d6d4b8132e87"}}
[2m2025-12-10T10:12:12.933971Z[0m [34mDEBUG[0m [2methereum_transaction_pool_monitor::eth_client[0m[2m:[0m 📨 Received pending transaction: 0xdbd1898ad67bef5bc484ede0d7521c858dd96fc7402d8e1693c8d6d4b8132e87
[2m2025-12-10T10:12:12.934000Z[0m [34mDEBUG[0m [2mhyper::proto::h1::io[0m[2m:[0m flushed 172 bytes
[2m2025-12-10T10:12:12.937481Z[0m [34mDEBUG[0m [2mhyper::proto::h1::io[0m[2m:[0m parsed 4 headers
[2m2025-12-10T10:12:12.937493Z[0m [34mDEBUG[0m [2mhyper::proto::h1::io[0m[2m:[0m parsed 4 headers
[2m2025-12-10T10:12:12.937494Z[0m [34mDEBUG[0m [2mhyper::proto::h1::conn[0m[2m:[0m incoming body is content-length (45 bytes)
[2m2025-12-10T10:12:12.937502Z[0m [34mDEBUG[0m [2mhyper::proto::h1::conn[0m[2m:[0m incoming body is content-length (830 bytes)
[2m2025-12-10T10:12:12.937510Z[0m [34mDEBUG[0m [2mhyper::proto::h1::conn[0m[2m:[0m incoming body completed
[2m2025-12-10T10:12:12.937510Z[0m [34mDEBUG[0m [2mhyper::proto::h1::conn[0m[2m:[0m incoming body completed
[2m2025-12-10T10:12:12.937524Z[0m [34mDEBUG[0m [2mhyper::client::pool[0m[2m:[0m pooling idle connection for ("http", 192.168.0.14:8545)
[2m2025-12-10T10:12:12.937525Z[0m [34mDEBUG[0m [2mhyper::client::pool[0m[2m:[0m pooling idle connection for ("http", 192.168.0.14:8545)
[2m2025-12-10T10:12:12.937534Z[0m [34mDEBUG[0m [2methereum_transaction_pool_monitor::eth_client[0m[2m:[0m 📡 Transaction fetch RPC completed in 4.590583ms
[2m2025-12-10T10:12:12.999597Z[0m [34mDEBUG[0m [2mhyper::client::pool[0m[2m:[0m reuse idle connection for ("http", 192.168.0.14:8545)
[2m2025-12-10T10:12:12.999656Z[0m [34mDEBUG[0m [2mhyper::proto::h1::io[0m[2m:[0m flushed 172 bytes
[2m2025-12-10T10:12:13.002984Z[0m [34mDEBUG[0m [2mhyper::proto::h1::io[0m[2m:[0m parsed 4 headers
[2m2025-12-10T10:12:13.002991Z[0m [34mDEBUG[0m [2mhyper::proto::h1::conn[0m[2m:[0m incoming body is content-length (45 bytes)
[2m2025-12-10T10:12:13.002997Z[0m [34mDEBUG[0m [2mhyper::proto::h1::conn[0m[2m:[0m incoming body completed
[2m2025-12-10T10:12:13.003005Z[0m [34mDEBUG[0m [2mhyper::client::pool[0m[2m:[0m pooling idle connection for ("http", 192.168.0.14:8545)
[2m2025-12-10T10:12:13.009843Z[0m [34mDEBUG[0m [2methereum_transaction_pool_monitor::eth_client[0m[2m:[0m ✅ Transaction 0x7591db5ae358c07b65979626d742f734326d62e7b76b12d310a031d41366ee35 fetched and parsed in 76.897625ms
[2m2025-12-10T10:12:13.009855Z[0m [34mDEBUG[0m [2methereum_transaction_pool_monitor::mempool_monitor[0m[2m:[0m 🔍 Skipping tx 0x7591db5ae358c07b65979626d742f734326d62e7b76b12d310a031d41366ee35 - not a DEX interaction (target: 0x3B4D794a66304F130a4Db8F2551B0070dfCf5ca7)
[2m2025-12-10T10:12:13.009864Z[0m [34mDEBUG[0m [2methereum_transaction_pool_monitor::mempool_monitor[0m[2m:[0m 📨 Processing new pending transaction: 0x6a6a246a558609c70b3226657a335efc0ff542b7444a02ab426f8c8fb44e8a86
[2m2025-12-10T10:12:13.009868Z[0m [34mDEBUG[0m [2methereum_transaction_pool_monitor::mempool_monitor[0m[2m:[0m 🔍 Fetching transaction details for: 0x6a6a246a558609c70b3226657a335efc0ff542b7444a02ab426f8c8fb44e8a86
[2m2025-12-10T10:12:13.009872Z[0m [34mDEBUG[0m [2methereum_transaction_pool_monitor::eth_client[0m[2m:[0m 🔍 Fetching transaction details for hash: 0x6a6a246a558609c70b3226657a335efc0ff542b7444a02ab426f8c8fb44e8a86
[2m2025-12-10T10:12:13.009888Z[0m [34mDEBUG[0m [2mhyper::client::pool[0m[2m:[0m reuse idle connection for ("http", 192.168.0.14:8545)
[2m2025-12-10T10:12:13.009923Z[0m [34mDEBUG[0m [2mhyper::proto::h1::io[0m[2m:[0m flushed 250 bytes
[2m2025-12-10T10:12:13.013851Z[0m [34mDEBUG[0m [2mhyper::proto::h1::io[0m[2m:[0m parsed 4 headers
[2m2025-12-10T10:12:13.013860Z[0m [34mDEBUG[0m [2mhyper::proto::h1::conn[0m[2m:[0m incoming body is content-length (765 bytes)
[2m2025-12-10T10:12:13.013872Z[0m [34mDEBUG[0m [2mhyper::proto::h1::conn[0m[2m:[0m incoming body completed
[2m2025-12-10T10:12:13.013885Z[0m [34mDEBUG[0m [2mhyper::client::pool[0m[2m:[0m pooling idle connection for ("http", 192.168.0.14:8545)
[2m2025-12-10T10:12:13.013893Z[0m [34mDEBUG[0m [2methereum_transaction_pool_monitor::eth_client[0m[2m:[0m 📡 Transaction fetch RPC completed in 4.017167ms
[2m2025-12-10T10:12:13.085448Z[0m [34mDEBUG[0m [2methereum_transaction_pool_monitor::eth_client[0m[2m:[0m ✅ Transaction 0x6a6a246a558609c70b3226657a335efc0ff542b7444a02ab426f8c8fb44e8a86 fetched and parsed in 75.569542ms
[2m2025-12-10T10:12:13.085473Z[0m [34mDEBUG[0m [2methereum_transaction_pool_monitor::mempool_monitor[0m[2m:[0m 🔍 Skipping tx 0x6a6a246a558609c70b3226657a335efc0ff542b7444a02ab426f8c8fb44e8a86 - not a DEX interaction (target: 0xA0b86991c6218b36c1d19D4a2e9Eb0cE3606eB48)
[2m2025-12-10T10:12:13.085486Z[0m [34mDEBUG[0m [2methereum_transaction_pool_monitor::mempool_monitor[0m[2m:[0m 📨 Processing new pending transaction: 0xdbd1898ad67bef5bc484ede0d7521c858dd96fc7402d8e1693c8d6d4b8132e87
[2m2025-12-10T10:12:13.085494Z[0m [34mDEBUG[0m [2methereum_transaction_pool_monitor::mempool_monitor[0m[2m:[0m 🔍 Fetching transaction details for: 0xdbd1898ad67bef5bc484ede0d7521c858dd96fc7402d8e1693c8d6d4b8132e87
[2m2025-12-10T10:12:13.085501Z[0m [34mDEBUG[0m [2methereum_transaction_pool_monitor::eth_client[0m[2m:[0m 🔍 Fetching transaction details for hash: 0xdbd1898ad67bef5bc484ede0d7521c858dd96fc7402d8e1693c8d6d4b8132e87
[2m2025-12-10T10:12:13.085518Z[0m [34mDEBUG[0m [2mhyper::client::pool[0m[2m:[0m reuse idle connection for ("http", 192.168.0.14:8545)
[2m2025-12-10T10:12:13.085552Z[0m [34mDEBUG[0m [2mhyper::proto::h1::io[0m[2m:[0m flushed 250 bytes
[2m2025-12-10T10:12:13.095969Z[0m [34mDEBUG[0m [2mhyper::proto::h1::io[0m[2m:[0m parsed 4 headers
[2m2025-12-10T10:12:13.095989Z[0m [34mDEBUG[0m [2mhyper::proto::h1::conn[0m[2m:[0m incoming body is content-length (551 bytes)
[2m2025-12-10T10:12:13.095996Z[0m [34mDEBUG[0m [2mhyper::proto::h1::conn[0m[2m:[0m incoming body completed
[2m2025-12-10T10:12:13.096006Z[0m [34mDEBUG[0m [2mhyper::client::pool[0m[2m:[0m pooling idle connection for ("http", 192.168.0.14:8545)
[2m2025-12-10T10:12:13.096015Z[0m [34mDEBUG[0m [2methereum_transaction_pool_monitor::eth_client[0m[2m:[0m 📡 Transaction fetch RPC completed in 10.509334ms
[2m2025-12-10T10:12:13.167366Z[0m [34mDEBUG[0m [2methereum_transaction_pool_monitor::eth_client[0m[2m:[0m ✅ Transaction 0xdbd1898ad67bef5bc484ede0d7521c858dd96fc7402d8e1693c8d6d4b8132e87 fetched and parsed in 81.858792ms
[2m2025-12-10T10:12:13.167387Z[0m [34mDEBUG[0m [2methereum_transaction_pool_monitor::mempool_monitor[0m[2m:[0m 🔍 Skipping tx 0xdbd1898ad67bef5bc484ede0d7521c858dd96fc7402d8e1693c8d6d4b8132e87 - not a DEX interaction (target: 0x433b07b3B09ba2AB66EDDAc6Ed247fEd2B474B6d)
[2m2025-12-10T10:12:13.167427Z[0m [34mDEBUG[0m [2mhyper::client::pool[0m[2m:[0m reuse idle connection for ("http", 192.168.0.14:8545)
[2m2025-12-10T10:12:13.167471Z[0m [34mDEBUG[0m [2mhyper::proto::h1::io[0m[2m:[0m flushed 172 bytes
[2m2025-12-10T10:12:13.171490Z[0m [34mDEBUG[0m [2mhyper::proto::h1::io[0m[2m:[0m parsed 4 headers
[2m2025-12-10T10:12:13.171510Z[0m [34mDEBUG[0m [2mhyper::proto::h1::conn[0m[2m:[0m incoming body is content-length (45 bytes)
[2m2025-12-10T10:12:13.171531Z[0m [34mDEBUG[0m [2mhyper::proto::h1::conn[0m[2m:[0m incoming body completed
[2m2025-12-10T10:12:13.171547Z[0m [34mDEBUG[0m [2mhyper::client::pool[0m[2m:[0m pooling idle connection for ("http", 192.168.0.14:8545)
[2m2025-12-10T10:12:13.199613Z[0m [34mDEBUG[0m [2mhyper::client::pool[0m[2m:[0m reuse idle connection for ("http", 192.168.0.14:8545)
[2m2025-12-10T10:12:13.199672Z[0m [34mDEBUG[0m [2mhyper::proto::h1::io[0m[2m:[0m flushed 172 bytes
[2m2025-12-10T10:12:13.203068Z[0m [34mDEBUG[0m [2mhyper::proto::h1::io[0m[2m:[0m parsed 4 headers
[2m2025-12-10T10:12:13.203087Z[0m [34mDEBUG[0m [2mhyper::proto::h1::conn[0m[2m:[0m incoming body is content-length (45 bytes)
[2m2025-12-10T10:12:13.203105Z[0m [34mDEBUG[0m [2mhyper::proto::h1::conn[0m[2m:[0m incoming body completed
[2m2025-12-10T10:12:13.203135Z[0m [34mDEBUG[0m [2mhyper::client::pool[0m[2m:[0m pooling idle connection for ("http", 192.168.0.14:8545)
[2m2025-12-10T10:12:13.266781Z[0m [34mDEBUG[0m [2methereum_transaction_pool_monitor::eth_client[0m[2m:[0m 📨 Received WebSocket message: {"jsonrpc":"2.0","method":"eth_subscription","params":{"subscription":"0xbed0a0851463e895960a451075a301a9","result":"0x6c29983794a50e9f0c4b524730b932c41579184744f9a4963121db1144ea0431"}}
[2m2025-12-10T10:12:13.266801Z[0m [34mDEBUG[0m [2methereum_transaction_pool_monitor::eth_client[0m[2m:[0m 📨 Received pending transaction: 0x6c29983794a50e9f0c4b524730b932c41579184744f9a4963121db1144ea0431
[2m2025-12-10T10:12:13.266813Z[0m [34mDEBUG[0m [2methereum_transaction_pool_monitor::mempool_monitor[0m[2m:[0m 📨 Processing new pending transaction: 0x6c29983794a50e9f0c4b524730b932c41579184744f9a4963121db1144ea0431
[2m2025-12-10T10:12:13.266821Z[0m [34mDEBUG[0m [2methereum_transaction_pool_monitor::mempool_monitor[0m[2m:[0m 🔍 Fetching transaction details for: 0x6c29983794a50e9f0c4b524730b932c41579184744f9a4963121db1144ea0431
[2m2025-12-10T10:12:13.266828Z[0m [34mDEBUG[0m [2methereum_transaction_pool_monitor::eth_client[0m[2m:[0m 🔍 Fetching transaction details for hash: 0x6c29983794a50e9f0c4b524730b932c41579184744f9a4963121db1144ea0431
[2m2025-12-10T10:12:13.266850Z[0m [34mDEBUG[0m [2mhyper::client::pool[0m[2m:[0m reuse idle connection for ("http", 192.168.0.14:8545)
[2m2025-12-10T10:12:13.266876Z[0m [34mDEBUG[0m [2mhyper::proto::h1::io[0m[2m:[0m flushed 250 bytes
[2m2025-12-10T10:12:13.272155Z[0m [34mDEBUG[0m [2mhyper::proto::h1::io[0m[2m:[0m parsed 4 headers
[2m2025-12-10T10:12:13.272162Z[0m [34mDEBUG[0m [2mhyper::proto::h1::conn[0m[2m:[0m incoming body is content-length (780 bytes)
[2m2025-12-10T10:12:13.272169Z[0m [34mDEBUG[0m [2mhyper::proto::h1::conn[0m[2m:[0m incoming body completed
[2m2025-12-10T10:12:13.272175Z[0m [34mDEBUG[0m [2mhyper::client::pool[0m[2m:[0m pooling idle connection for ("http", 192.168.0.14:8545)
[2m2025-12-10T10:12:13.272181Z[0m [34mDEBUG[0m [2methereum_transaction_pool_monitor::eth_client[0m[2m:[0m 📡 Transaction fetch RPC completed in 5.346834ms
[2m2025-12-10T10:12:13.272198Z[0m [34mDEBUG[0m [2methereum_transaction_pool_monitor::eth_client[0m[2m:[0m DeFi transaction detected - Address: 0xdac17f958d2ee523a2206206994597c13d831ec7, Type: Stablecoin, Value: 0 ETH, Gas: 501.00 Gwei
[2m2025-12-10T10:12:13.272215Z[0m [34mDEBUG[0m [2methereum_transaction_pool_monitor::eth_client[0m[2m:[0m ✅ Transaction 0x6c29983794a50e9f0c4b524730b932c41579184744f9a4963121db1144ea0431 fetched and parsed in 5.380584ms
[2m2025-12-10T10:12:13.272222Z[0m [34mDEBUG[0m [2methereum_transaction_pool_monitor::mempool_monitor[0m[2m:[0m 🔍 Skipping tx 0x6c29983794a50e9f0c4b524730b932c41579184744f9a4963121db1144ea0431 - not a DEX interaction (target: 0xdAC17F958D2ee523a2206206994597C13D831ec7)
[2m2025-12-10T10:12:13.297063Z[0m [34mDEBUG[0m [2methereum_transaction_pool_monitor::eth_client[0m[2m:[0m 📨 Received WebSocket message: {"jsonrpc":"2.0","method":"eth_subscription","params":{"subscription":"0xbed0a0851463e895960a451075a301a9","result":"0xaba86a15619f02d9dcd2bb3468036f4137032b4ebc5c4b9479a154bd9e6c683a"}}
[2m2025-12-10T10:12:13.297092Z[0m [34mDEBUG[0m [2methereum_transaction_pool_monitor::eth_client[0m[2m:[0m 📨 Received pending transaction: 0xaba86a15619f02d9dcd2bb3468036f4137032b4ebc5c4b9479a154bd9e6c683a
[2m2025-12-10T10:12:13.297474Z[0m [34mDEBUG[0m [2methereum_transaction_pool_monitor::mempool_monitor[0m[2m:[0m 📨 Processing new pending transaction: 0xaba86a15619f02d9dcd2bb3468036f4137032b4ebc5c4b9479a154bd9e6c683a
[2m2025-12-10T10:12:13.297485Z[0m [34mDEBUG[0m [2methereum_transaction_pool_monitor::mempool_monitor[0m[2m:[0m 🔍 Fetching transaction details for: 0xaba86a15619f02d9dcd2bb3468036f4137032b4ebc5c4b9479a154bd9e6c683a
[2m2025-12-10T10:12:13.297495Z[0m [34mDEBUG[0m [2methereum_transaction_pool_monitor::eth_client[0m[2m:[0m 🔍 Fetching transaction details for hash: 0xaba86a15619f02d9dcd2bb3468036f4137032b4ebc5c4b9479a154bd9e6c683a
[2m2025-12-10T10:12:13.297513Z[0m [34mDEBUG[0m [2mhyper::client::pool[0m[2m:[0m reuse idle connection for ("http", 192.168.0.14:8545)
[2m2025-12-10T10:12:13.297540Z[0m [34mDEBUG[0m [2mhyper::proto::h1::io[0m[2m:[0m flushed 250 bytes
[2m2025-12-10T10:12:13.297582Z[0m [34mDEBUG[0m [2mhyper::client::pool[0m[2m:[0m reuse idle connection for ("http", 192.168.0.14:8545)
[2m2025-12-10T10:12:13.297609Z[0m [34mDEBUG[0m [2mhyper::proto::h1::io[0m[2m:[0m flushed 172 bytes
[2m2025-12-10T10:12:13.301263Z[0m [34mDEBUG[0m [2mhyper::proto::h1::io[0m[2m:[0m parsed 4 headers
[2m2025-12-10T10:12:13.302244Z[0m [34mDEBUG[0m [2mhyper::proto::h1::conn[0m[2m:[0m incoming body is content-length (45 bytes)
[2m2025-12-10T10:12:13.302255Z[0m [34mDEBUG[0m [2mhyper::proto::h1::conn[0m[2m:[0m incoming body completed
[2m2025-12-10T10:12:13.302266Z[0m [34mDEBUG[0m [2mhyper::client::pool[0m[2m:[0m pooling idle connection for ("http", 192.168.0.14:8545)
[2m2025-12-10T10:12:13.302289Z[0m [34mDEBUG[0m [2mhyper::proto::h1::io[0m[2m:[0m parsed 4 headers
[2m2025-12-10T10:12:13.302299Z[0m [34mDEBUG[0m [2mhyper::proto::h1::conn[0m[2m:[0m incoming body is content-length (829 bytes)
[2m2025-12-10T10:12:13.302308Z[0m [34mDEBUG[0m [2mhyper::proto::h1::conn[0m[2m:[0m incoming body completed
[2m2025-12-10T10:12:13.302317Z[0m [34mDEBUG[0m [2mhyper::client::pool[0m[2m:[0m pooling idle connection for ("http", 192.168.0.14:8545)
[2m2025-12-10T10:12:13.302327Z[0m [34mDEBUG[0m [2methereum_transaction_pool_monitor::eth_client[0m[2m:[0m 📡 Transaction fetch RPC completed in 4.825125ms
[2m2025-12-10T10:12:13.385923Z[0m [34mDEBUG[0m [2methereum_transaction_pool_monitor::eth_client[0m[2m:[0m ✅ Transaction 0xaba86a15619f02d9dcd2bb3468036f4137032b4ebc5c4b9479a154bd9e6c683a fetched and parsed in 88.417708ms
[2m2025-12-10T10:12:13.385950Z[0m [34mDEBUG[0m [2methereum_transaction_pool_monitor::mempool_monitor[0m[2m:[0m 🔍 Skipping tx 0xaba86a15619f02d9dcd2bb3468036f4137032b4ebc5c4b9479a154bd9e6c683a - not a DEX interaction (target: 0x3B4D794a66304F130a4Db8F2551B0070dfCf5ca7)
[2m2025-12-10T10:12:13.385989Z[0m [34mDEBUG[0m [2methereum_transaction_pool_monitor::eth_client[0m[2m:[0m 📨 Received WebSocket message: {"jsonrpc":"2.0","method":"eth_subscription","params":{"subscription":"0xbed0a0851463e895960a451075a301a9","result":"0xe91337a486220c77b8e4710b00d742ec1fb74ea80a88db534e32b854030d7eb4"}}
[2m2025-12-10T10:12:13.386000Z[0m [34mDEBUG[0m [2methereum_transaction_pool_monitor::eth_client[0m[2m:[0m 📨 Received pending transaction: 0xe91337a486220c77b8e4710b00d742ec1fb74ea80a88db534e32b854030d7eb4
[2m2025-12-10T10:12:13.386006Z[0m [34mDEBUG[0m [2methereum_transaction_pool_monitor::eth_client[0m[2m:[0m 📨 Received WebSocket message: {"jsonrpc":"2.0","method":"eth_subscription","params":{"subscription":"0xbed0a0851463e895960a451075a301a9","result":"0xf29e5ffcca592eef27c1d09cc92d0bd098e4b562c359826636d0c85138e8e099"}}
[2m2025-12-10T10:12:13.386014Z[0m [34mDEBUG[0m [2methereum_transaction_pool_monitor::eth_client[0m[2m:[0m 📨 Received pending transaction: 0xf29e5ffcca592eef27c1d09cc92d0bd098e4b562c359826636d0c85138e8e099
[2m2025-12-10T10:12:13.386021Z[0m [34mDEBUG[0m [2methereum_transaction_pool_monitor::mempool_monitor[0m[2m:[0m 📨 Processing new pending transaction: 0xe91337a486220c77b8e4710b00d742ec1fb74ea80a88db534e32b854030d7eb4
[2m2025-12-10T10:12:13.386307Z[0m [34mDEBUG[0m [2methereum_transaction_pool_monitor::mempool_monitor[0m[2m:[0m 🔍 Fetching transaction details for: 0xe91337a486220c77b8e4710b00d742ec1fb74ea80a88db534e32b854030d7eb4
[2m2025-12-10T10:12:13.386315Z[0m [34mDEBUG[0m [2methereum_transaction_pool_monitor::eth_client[0m[2m:[0m 🔍 Fetching transaction details for hash: 0xe91337a486220c77b8e4710b00d742ec1fb74ea80a88db534e32b854030d7eb4
[2m2025-12-10T10:12:13.386331Z[0m [34mDEBUG[0m [2mhyper::client::pool[0m[2m:[0m reuse idle connection for ("http", 192.168.0.14:8545)
[2m2025-12-10T10:12:13.386348Z[0m [34mDEBUG[0m [2mhyper::proto::h1::io[0m[2m:[0m flushed 250 bytes
[2m2025-12-10T10:12:13.398484Z[0m [34mDEBUG[0m [2mhyper::client::pool[0m[2m:[0m reuse idle connection for ("http", 192.168.0.14:8545)
[2m2025-12-10T10:12:13.398511Z[0m [34mDEBUG[0m [2mhyper::proto::h1::io[0m[2m:[0m parsed 4 headers
[2m2025-12-10T10:12:13.398525Z[0m [34mDEBUG[0m [2mhyper::proto::h1::conn[0m[2m:[0m incoming body is content-length (645 bytes)
[2m2025-12-10T10:12:13.398534Z[0m [34mDEBUG[0m [2mhyper::proto::h1::io[0m[2m:[0m flushed 172 bytes
[2m2025-12-10T10:12:13.398546Z[0m [34mDEBUG[0m [2mhyper::proto::h1::conn[0m[2m:[0m incoming body completed
[2m2025-12-10T10:12:13.398556Z[0m [34mDEBUG[0m [2mhyper::client::pool[0m[2m:[0m pooling idle connection for ("http", 192.168.0.14:8545)
[2m2025-12-10T10:12:13.398562Z[0m [34mDEBUG[0m [2methereum_transaction_pool_monitor::eth_client[0m[2m:[0m 📡 Transaction fetch RPC completed in 12.24275ms
[2m2025-12-10T10:12:13.402206Z[0m [34mDEBUG[0m [2mhyper::proto::h1::io[0m[2m:[0m parsed 4 headers
[2m2025-12-10T10:12:13.402213Z[0m [34mDEBUG[0m [2mhyper::proto::h1::conn[0m[2m:[0m incoming body is content-length (45 bytes)
[2m2025-12-10T10:12:13.402218Z[0m [34mDEBUG[0m [2mhyper::proto::h1::conn[0m[2m:[0m incoming body completed
[2m2025-12-10T10:12:13.402225Z[0m [34mDEBUG[0m [2mhyper::client::pool[0m[2m:[0m pooling idle connection for ("http", 192.168.0.14:8545)
[2m2025-12-10T10:12:13.469376Z[0m [34mDEBUG[0m [2methereum_transaction_pool_monitor::eth_client[0m[2m:[0m ✅ Transaction 0xe91337a486220c77b8e4710b00d742ec1fb74ea80a88db534e32b854030d7eb4 fetched and parsed in 83.055042ms
[2m2025-12-10T10:12:13.469400Z[0m [34mDEBUG[0m [2methereum_transaction_pool_monitor::mempool_monitor[0m[2m:[0m 🔍 Skipping tx 0xe91337a486220c77b8e4710b00d742ec1fb74ea80a88db534e32b854030d7eb4 - not a DEX interaction (target: 0xB70F98e53BEE56A2E18A15bcd826579f495076F0)
[2m2025-12-10T10:12:13.469410Z[0m [34mDEBUG[0m [2methereum_transaction_pool_monitor::mempool_monitor[0m[2m:[0m 📨 Processing new pending transaction: 0xf29e5ffcca592eef27c1d09cc92d0bd098e4b562c359826636d0c85138e8e099
[2m2025-12-10T10:12:13.469415Z[0m [34mDEBUG[0m [2methereum_transaction_pool_monitor::mempool_monitor[0m[2m:[0m 🔍 Fetching transaction details for: 0xf29e5ffcca592eef27c1d09cc92d0bd098e4b562c359826636d0c85138e8e099
[2m2025-12-10T10:12:13.469419Z[0m [34mDEBUG[0m [2methereum_transaction_pool_monitor::eth_client[0m[2m:[0m 🔍 Fetching transaction details for hash: 0xf29e5ffcca592eef27c1d09cc92d0bd098e4b562c359826636d0c85138e8e099
[2m2025-12-10T10:12:13.469437Z[0m [34mDEBUG[0m [2mhyper::client::pool[0m[2m:[0m reuse idle connection for ("http", 192.168.0.14:8545)
[2m2025-12-10T10:12:13.469470Z[0m [34mDEBUG[0m [2mhyper::proto::h1::io[0m[2m:[0m flushed 250 bytes
[2m2025-12-10T10:12:13.473275Z[0m [34mDEBUG[0m [2mhyper::proto::h1::io[0m[2m:[0m parsed 4 headers
[2m2025-12-10T10:12:13.473283Z[0m [34mDEBUG[0m [2mhyper::proto::h1::conn[0m[2m:[0m incoming body is content-length (829 bytes)
[2m2025-12-10T10:12:13.473291Z[0m [34mDEBUG[0m [2mhyper::proto::h1::conn[0m[2m:[0m incoming body completed
[2m2025-12-10T10:12:13.473299Z[0m [34mDEBUG[0m [2mhyper::client::pool[0m[2m:[0m pooling idle connection for ("http", 192.168.0.14:8545)
[2m2025-12-10T10:12:13.473305Z[0m [34mDEBUG[0m [2methereum_transaction_pool_monitor::eth_client[0m[2m:[0m 📡 Transaction fetch RPC completed in 3.881458ms
[2m2025-12-10T10:12:13.544936Z[0m [34mDEBUG[0m [2methereum_transaction_pool_monitor::eth_client[0m[2m:[0m ✅ Transaction 0xf29e5ffcca592eef27c1d09cc92d0bd098e4b562c359826636d0c85138e8e099 fetched and parsed in 75.510208ms
[2m2025-12-10T10:12:13.544965Z[0m [34mDEBUG[0m [2methereum_transaction_pool_monitor::mempool_monitor[0m[2m:[0m 🔍 Skipping tx 0xf29e5ffcca592eef27c1d09cc92d0bd098e4b562c359826636d0c85138e8e099 - not a DEX interaction (target: 0x3B4D794a66304F130a4Db8F2551B0070dfCf5ca7)
[2m2025-12-10T10:12:13.545007Z[0m [34mDEBUG[0m [2mhyper::client::pool[0m[2m:[0m reuse idle connection for ("http", 192.168.0.14:8545)
[2m2025-12-10T10:12:13.545041Z[0m [34mDEBUG[0m [2mhyper::proto::h1::io[0m[2m:[0m flushed 172 bytes
[2m2025-12-10T10:12:13.545058Z[0m [34mDEBUG[0m [2methereum_transaction_pool_monitor::eth_client[0m[2m:[0m 📨 Received WebSocket message: {"jsonrpc":"2.0","method":"eth_subscription","params":{"subscription":"0xbed0a0851463e895960a451075a301a9","result":"0xd1fa6c9bf0e8d474a090f1d6f489ffdcf0b8dea0bb48c4b49ae1473e6e37d5bb"}}
[2m2025-12-10T10:12:13.545068Z[0m [34mDEBUG[0m [2methereum_transaction_pool_monitor::eth_client[0m[2m:[0m 📨 Received pending transaction: 0xd1fa6c9bf0e8d474a090f1d6f489ffdcf0b8dea0bb48c4b49ae1473e6e37d5bb
[2m2025-12-10T10:12:13.545075Z[0m [34mDEBUG[0m [2methereum_transaction_pool_monitor::mempool_monitor[0m[2m:[0m 📨 Processing new pending transaction: 0xd1fa6c9bf0e8d474a090f1d6f489ffdcf0b8dea0bb48c4b49ae1473e6e37d5bb
[2m2025-12-10T10:12:13.545079Z[0m [34mDEBUG[0m [2methereum_transaction_pool_monitor::mempool_monitor[0m[2m:[0m 🔍 Fetching transaction details for: 0xd1fa6c9bf0e8d474a090f1d6f489ffdcf0b8dea0bb48c4b49ae1473e6e37d5bb
[2m2025-12-10T10:12:13.545085Z[0m [34mDEBUG[0m [2methereum_transaction_pool_monitor::eth_client[0m[2m:[0m 🔍 Fetching transaction details for hash: 0xd1fa6c9bf0e8d474a090f1d6f489ffdcf0b8dea0bb48c4b49ae1473e6e37d5bb
[2m2025-12-10T10:12:13.545096Z[0m [34mDEBUG[0m [2mhyper::client::pool[0m[2m:[0m reuse idle connection for ("http", 192.168.0.14:8545)
[2m2025-12-10T10:12:13.545109Z[0m [34mDEBUG[0m [2mhyper::proto::h1::io[0m[2m:[0m flushed 250 bytes
[2m2025-12-10T10:12:13.551567Z[0m [34mDEBUG[0m [2methereum_transaction_pool_monitor::eth_client[0m[2m:[0m 📨 Received WebSocket message: {"jsonrpc":"2.0","method":"eth_subscription","params":{"subscription":"0xbed0a0851463e895960a451075a301a9","result":"0xf68697441a807c0d3ab572a242dfec017492df1b5b2f9073ecd9b30327dcd853"}}
[2m2025-12-10T10:12:13.551575Z[0m [34mDEBUG[0m [2methereum_transaction_pool_monitor::eth_client[0m[2m:[0m 📨 Received pending transaction: 0xf68697441a807c0d3ab572a242dfec017492df1b5b2f9073ecd9b30327dcd853
[2m2025-12-10T10:12:13.551590Z[0m [34mDEBUG[0m [2mhyper::proto::h1::io[0m[2m:[0m parsed 4 headers
[2m2025-12-10T10:12:13.551595Z[0m [34mDEBUG[0m [2mhyper::proto::h1::conn[0m[2m:[0m incoming body is content-length (763 bytes)
[2m2025-12-10T10:12:13.551597Z[0m [34mDEBUG[0m [2mhyper::proto::h1::io[0m[2m:[0m parsed 4 headers
[2m2025-12-10T10:12:13.551605Z[0m [34mDEBUG[0m [2mhyper::proto::h1::conn[0m[2m:[0m incoming body completed
[2m2025-12-10T10:12:13.551607Z[0m [34mDEBUG[0m [2mhyper::proto::h1::conn[0m[2m:[0m incoming body is content-length (45 bytes)
[2m2025-12-10T10:12:13.551616Z[0m [34mDEBUG[0m [2mhyper::client::pool[0m[2m:[0m pooling idle connection for ("http", 192.168.0.14:8545)
[2m2025-12-10T10:12:13.551619Z[0m [34mDEBUG[0m [2mhyper::proto::h1::conn[0m[2m:[0m incoming body completed
[2m2025-12-10T10:12:13.551624Z[0m [34mDEBUG[0m [2methereum_transaction_pool_monitor::eth_client[0m[2m:[0m 📡 Transaction fetch RPC completed in 6.533708ms
[2m2025-12-10T10:12:13.551627Z[0m [34mDEBUG[0m [2mhyper::client::pool[0m[2m:[0m pooling idle connection for ("http", 192.168.0.14:8545)
[2m2025-12-10T10:12:13.599692Z[0m [34mDEBUG[0m [2mhyper::client::pool[0m[2m:[0m reuse idle connection for ("http", 192.168.0.14:8545)
[2m2025-12-10T10:12:13.599752Z[0m [34mDEBUG[0m [2mhyper::proto::h1::io[0m[2m:[0m flushed 172 bytes
[2m2025-12-10T10:12:13.603171Z[0m [34mDEBUG[0m [2mhyper::proto::h1::io[0m[2m:[0m parsed 4 headers
[2m2025-12-10T10:12:13.603177Z[0m [34mDEBUG[0m [2mhyper::proto::h1::conn[0m[2m:[0m incoming body is content-length (45 bytes)
[2m2025-12-10T10:12:13.603184Z[0m [34mDEBUG[0m [2mhyper::proto::h1::conn[0m[2m:[0m incoming body completed
[2m2025-12-10T10:12:13.603191Z[0m [34mDEBUG[0m [2mhyper::client::pool[0m[2m:[0m pooling idle connection for ("http", 192.168.0.14:8545)
[2m2025-12-10T10:12:13.615060Z[0m [34mDEBUG[0m [2methereum_transaction_pool_monitor::eth_client[0m[2m:[0m 📨 Received WebSocket message: {"jsonrpc":"2.0","method":"eth_subscription","params":{"subscription":"0xbed0a0851463e895960a451075a301a9","result":"0xf77f67cbc0651c00555cdae26b86fc3c34fc42323d0df387826571aad174a74a"}}
[2m2025-12-10T10:12:13.615086Z[0m [34mDEBUG[0m [2methereum_transaction_pool_monitor::eth_client[0m[2m:[0m 📨 Received pending transaction: 0xf77f67cbc0651c00555cdae26b86fc3c34fc42323d0df387826571aad174a74a
[2m2025-12-10T10:12:13.623317Z[0m [34mDEBUG[0m [2methereum_transaction_pool_monitor::eth_client[0m[2m:[0m ✅ Transaction 0xd1fa6c9bf0e8d474a090f1d6f489ffdcf0b8dea0bb48c4b49ae1473e6e37d5bb fetched and parsed in 78.225ms
[2m2025-12-10T10:12:13.623339Z[0m [34mDEBUG[0m [2methereum_transaction_pool_monitor::mempool_monitor[0m[2m:[0m 🔍 Skipping tx 0xd1fa6c9bf0e8d474a090f1d6f489ffdcf0b8dea0bb48c4b49ae1473e6e37d5bb - not a DEX interaction (target: 0xd50370bEE8bFf23Bbb30ca558a1d0207DBc96ef2)
[2m2025-12-10T10:12:13.623349Z[0m [34mDEBUG[0m [2methereum_transaction_pool_monitor::mempool_monitor[0m[2m:[0m 📨 Processing new pending transaction: 0xf68697441a807c0d3ab572a242dfec017492df1b5b2f9073ecd9b30327dcd853
[2m2025-12-10T10:12:13.623355Z[0m [34mDEBUG[0m [2methereum_transaction_pool_monitor::mempool_monitor[0m[2m:[0m 🔍 Fetching transaction details for: 0xf68697441a807c0d3ab572a242dfec017492df1b5b2f9073ecd9b30327dcd853
[2m2025-12-10T10:12:13.623359Z[0m [34mDEBUG[0m [2methereum_transaction_pool_monitor::eth_client[0m[2m:[0m 🔍 Fetching transaction details for hash: 0xf68697441a807c0d3ab572a242dfec017492df1b5b2f9073ecd9b30327dcd853
[2m2025-12-10T10:12:13.623378Z[0m [34mDEBUG[0m [2mhyper::client::pool[0m[2m:[0m reuse idle connection for ("http", 192.168.0.14:8545)
[2m2025-12-10T10:12:13.623411Z[0m [34mDEBUG[0m [2mhyper::proto::h1::io[0m[2m:[0m flushed 250 bytes
[2m2025-12-10T10:12:13.624753Z[0m [34mDEBUG[0m [2methereum_transaction_pool_monitor::eth_client[0m[2m:[0m 📨 Received WebSocket message: {"jsonrpc":"2.0","method":"eth_subscription","params":{"subscription":"0xbed0a0851463e895960a451075a301a9","result":"0xa0a118e5f4482d3d8656997a93b4b3b042d0e9333cb933d1a723b1c300749236"}}
[2m2025-12-10T10:12:13.624762Z[0m [34mDEBUG[0m [2methereum_transaction_pool_monitor::eth_client[0m[2m:[0m 📨 Received pending transaction: 0xa0a118e5f4482d3d8656997a93b4b3b042d0e9333cb933d1a723b1c300749236
[2m2025-12-10T10:12:13.627893Z[0m [34mDEBUG[0m [2mhyper::proto::h1::io[0m[2m:[0m parsed 4 headers
[2m2025-12-10T10:12:13.627901Z[0m [34mDEBUG[0m [2mhyper::proto::h1::conn[0m[2m:[0m incoming body is content-length (771 bytes)
[2m2025-12-10T10:12:13.627907Z[0m [34mDEBUG[0m [2mhyper::proto::h1::conn[0m[2m:[0m incoming body completed
[2m2025-12-10T10:12:13.627916Z[0m [34mDEBUG[0m [2mhyper::client::pool[0m[2m:[0m pooling idle connection for ("http", 192.168.0.14:8545)
[2m2025-12-10T10:12:13.627922Z[0m [34mDEBUG[0m [2methereum_transaction_pool_monitor::eth_client[0m[2m:[0m 📡 Transaction fetch RPC completed in 4.558333ms
[2m2025-12-10T10:12:13.698172Z[0m [34mDEBUG[0m [2methereum_transaction_pool_monitor::eth_client[0m[2m:[0m ✅ Transaction 0xf68697441a807c0d3ab572a242dfec017492df1b5b2f9073ecd9b30327dcd853 fetched and parsed in 74.805583ms
[2m2025-12-10T10:12:13.698197Z[0m [34mDEBUG[0m [2methereum_transaction_pool_monitor::mempool_monitor[0m[2m:[0m 🔍 Skipping tx 0xf68697441a807c0d3ab572a242dfec017492df1b5b2f9073ecd9b30327dcd853 - not a DEX interaction (target: 0xB8f28C60dD8240141185a192fa4156A23E189305)
[2m2025-12-10T10:12:13.698207Z[0m [34mDEBUG[0m [2methereum_transaction_pool_monitor::mempool_monitor[0m[2m:[0m 📨 Processing new pending transaction: 0xf77f67cbc0651c00555cdae26b86fc3c34fc42323d0df387826571aad174a74a
[2m2025-12-10T10:12:13.698212Z[0m [34mDEBUG[0m [2methereum_transaction_pool_monitor::mempool_monitor[0m[2m:[0m 🔍 Fetching transaction details for: 0xf77f67cbc0651c00555cdae26b86fc3c34fc42323d0df387826571aad174a74a
[2m2025-12-10T10:12:13.698216Z[0m [34mDEBUG[0m [2methereum_transaction_pool_monitor::eth_client[0m[2m:[0m 🔍 Fetching transaction details for hash: 0xf77f67cbc0651c00555cdae26b86fc3c34fc42323d0df387826571aad174a74a
[2m2025-12-10T10:12:13.698234Z[0m [34mDEBUG[0m [2mhyper::client::pool[0m[2m:[0m reuse idle connection for ("http", 192.168.0.14:8545)
[2m2025-12-10T10:12:13.698258Z[0m [34mDEBUG[0m [2mhyper::proto::h1::io[0m[2m:[0m flushed 250 bytes
[2m2025-12-10T10:12:13.698276Z[0m [34mDEBUG[0m [2mhyper::client::pool[0m[2m:[0m reuse idle connection for ("http", 192.168.0.14:8545)
[2m2025-12-10T10:12:13.698288Z[0m [34mDEBUG[0m [2mhyper::proto::h1::io[0m[2m:[0m flushed 172 bytes
[2m2025-12-10T10:12:13.698318Z[0m [34mDEBUG[0m [2methereum_transaction_pool_monitor::eth_client[0m[2m:[0m 📨 Received WebSocket message: {"jsonrpc":"2.0","method":"eth_subscription","params":{"subscription":"0xbed0a0851463e895960a451075a301a9","result":"0x92f8f6781aadb18b4dec0df330693b31584d42e723449adafc7f564de234073f"}}
[2m2025-12-10T10:12:13.698325Z[0m [34mDEBUG[0m [2methereum_transaction_pool_monitor::eth_client[0m[2m:[0m 📨 Received pending transaction: 0x92f8f6781aadb18b4dec0df330693b31584d42e723449adafc7f564de234073f
[2m2025-12-10T10:12:13.698330Z[0m [34mDEBUG[0m [2methereum_transaction_pool_monitor::eth_client[0m[2m:[0m 📨 Received WebSocket message: {"jsonrpc":"2.0","method":"eth_subscription","params":{"subscription":"0xbed0a0851463e895960a451075a301a9","result":"0x6cdd64a77a03b072f2a0498b78ae9252a71112f7d6f5457109463c5ebd67c5dd"}}
[2m2025-12-10T10:12:13.698334Z[0m [34mDEBUG[0m [2methereum_transaction_pool_monitor::eth_client[0m[2m:[0m 📨 Received pending transaction: 0x6cdd64a77a03b072f2a0498b78ae9252a71112f7d6f5457109463c5ebd67c5dd
[2m2025-12-10T10:12:13.702639Z[0m [34mDEBUG[0m [2mhyper::proto::h1::io[0m[2m:[0m parsed 4 headers
[2m2025-12-10T10:12:13.702647Z[0m [34mDEBUG[0m [2mhyper::proto::h1::conn[0m[2m:[0m incoming body is content-length (45 bytes)
[2m2025-12-10T10:12:13.702654Z[0m [34mDEBUG[0m [2mhyper::proto::h1::conn[0m[2m:[0m incoming body completed
[2m2025-12-10T10:12:13.702662Z[0m [34mDEBUG[0m [2mhyper::client::pool[0m[2m:[0m pooling idle connection for ("http", 192.168.0.14:8545)
[2m2025-12-10T10:12:13.702679Z[0m [34mDEBUG[0m [2mhyper::proto::h1::io[0m[2m:[0m parsed 4 headers
[2m2025-12-10T10:12:13.702683Z[0m [34mDEBUG[0m [2mhyper::proto::h1::conn[0m[2m:[0m incoming body is content-length (827 bytes)
[2m2025-12-10T10:12:13.702688Z[0m [34mDEBUG[0m [2mhyper::proto::h1::conn[0m[2m:[0m incoming body completed
[2m2025-12-10T10:12:13.702692Z[0m [34mDEBUG[0m [2mhyper::client::pool[0m[2m:[0m pooling idle connection for ("http", 192.168.0.14:8545)
[2m2025-12-10T10:12:13.702698Z[0m [34mDEBUG[0m [2methereum_transaction_pool_monitor::eth_client[0m[2m:[0m 📡 Transaction fetch RPC completed in 4.478041ms
[2m2025-12-10T10:12:13.774353Z[0m [34mDEBUG[0m [2methereum_transaction_pool_monitor::eth_client[0m[2m:[0m ✅ Transaction 0xf77f67cbc0651c00555cdae26b86fc3c34fc42323d0df387826571aad174a74a fetched and parsed in 76.130541ms
[2m2025-12-10T10:12:13.774474Z[0m [34mDEBUG[0m [2methereum_transaction_pool_monitor::mempool_monitor[0m[2m:[0m 🔍 Skipping tx 0xf77f67cbc0651c00555cdae26b86fc3c34fc42323d0df387826571aad174a74a - not a DEX interaction (target: 0xDDaef92FA7888eb8A8a684F72F5e8e9Ee6045490)
[2m2025-12-10T10:12:13.774486Z[0m [34mDEBUG[0m [2methereum_transaction_pool_monitor::mempool_monitor[0m[2m:[0m 📨 Processing new pending transaction: 0xa0a118e5f4482d3d8656997a93b4b3b042d0e9333cb933d1a723b1c300749236
[2m2025-12-10T10:12:13.774493Z[0m [34mDEBUG[0m [2methereum_transaction_pool_monitor::mempool_monitor[0m[2m:[0m 🔍 Fetching transaction details for: 0xa0a118e5f4482d3d8656997a93b4b3b042d0e9333cb933d1a723b1c300749236
[2m2025-12-10T10:12:13.774498Z[0m [34mDEBUG[0m [2methereum_transaction_pool_monitor::eth_client[0m[2m:[0m 🔍 Fetching transaction details for hash: 0xa0a118e5f4482d3d8656997a93b4b3b042d0e9333cb933d1a723b1c300749236
[2m2025-12-10T10:12:13.774516Z[0m [34mDEBUG[0m [2mhyper::client::pool[0m[2m:[0m reuse idle connection for ("http", 192.168.0.14:8545)
[2m2025-12-10T10:12:13.774543Z[0m [34mDEBUG[0m [2mhyper::proto::h1::io[0m[2m:[0m flushed 250 bytes
[2m2025-12-10T10:12:13.774561Z[0m [34mDEBUG[0m [2methereum_transaction_pool_monitor::eth_client[0m[2m:[0m 📨 Received WebSocket message: {"jsonrpc":"2.0","method":"eth_subscription","params":{"subscription":"0xbed0a0851463e895960a451075a301a9","result":"0xfce9c253ffa01661589652bf53d4ef84d50bde69be5223e26935d17785c60554"}}
[2m2025-12-10T10:12:13.774569Z[0m [34mDEBUG[0m [2methereum_transaction_pool_monitor::eth_client[0m[2m:[0m 📨 Received pending transaction: 0xfce9c253ffa01661589652bf53d4ef84d50bde69be5223e26935d17785c60554
[2m2025-12-10T10:12:13.779387Z[0m [34mDEBUG[0m [2mhyper::proto::h1::io[0m[2m:[0m parsed 4 headers
[2m2025-12-10T10:12:13.779393Z[0m [34mDEBUG[0m [2mhyper::proto::h1::conn[0m[2m:[0m incoming body is content-length (646 bytes)
[2m2025-12-10T10:12:13.779399Z[0m [34mDEBUG[0m [2mhyper::proto::h1::conn[0m[2m:[0m incoming body completed
[2m2025-12-10T10:12:13.779406Z[0m [34mDEBUG[0m [2mhyper::client::pool[0m[2m:[0m pooling idle connection for ("http", 192.168.0.14:8545)
[2m2025-12-10T10:12:13.779411Z[0m [34mDEBUG[0m [2methereum_transaction_pool_monitor::eth_client[0m[2m:[0m 📡 Transaction fetch RPC completed in 4.908083ms
[2m2025-12-10T10:12:13.850409Z[0m [34mDEBUG[0m [2methereum_transaction_pool_monitor::eth_client[0m[2m:[0m ✅ Transaction 0xa0a118e5f4482d3d8656997a93b4b3b042d0e9333cb933d1a723b1c300749236 fetched and parsed in 75.903833ms
[2m2025-12-10T10:12:13.850434Z[0m [34mDEBUG[0m [2methereum_transaction_pool_monitor::mempool_monitor[0m[2m:[0m 🔍 Skipping tx 0xa0a118e5f4482d3d8656997a93b4b3b042d0e9333cb933d1a723b1c300749236 - not a DEX interaction (target: 0xe38784b8aa72A993d5838031ae34F54220C7efCc)
[2m2025-12-10T10:12:13.850443Z[0m [34mDEBUG[0m [2methereum_transaction_pool_monitor::mempool_monitor[0m[2m:[0m 📨 Processing new pending transaction: 0x92f8f6781aadb18b4dec0df330693b31584d42e723449adafc7f564de234073f
[2m2025-12-10T10:12:13.850449Z[0m [34mDEBUG[0m [2methereum_transaction_pool_monitor::mempool_monitor[0m[2m:[0m 🔍 Fetching transaction details for: 0x92f8f6781aadb18b4dec0df330693b31584d42e723449adafc7f564de234073f
[2m2025-12-10T10:12:13.850454Z[0m [34mDEBUG[0m [2methereum_transaction_pool_monitor::eth_client[0m[2m:[0m 🔍 Fetching transaction details for hash: 0x92f8f6781aadb18b4dec0df330693b31584d42e723449adafc7f564de234073f
[2m2025-12-10T10:12:13.850470Z[0m [34mDEBUG[0m [2mhyper::client::pool[0m[2m:[0m reuse idle connection for ("http", 192.168.0.14:8545)
[2m2025-12-10T10:12:13.850511Z[0m [34mDEBUG[0m [2mhyper::proto::h1::io[0m[2m:[0m flushed 250 bytes
[2m2025-12-10T10:12:13.850538Z[0m [34mDEBUG[0m [2mhyper::client::pool[0m[2m:[0m reuse idle connection for ("http", 192.168.0.14:8545)
[2m2025-12-10T10:12:13.850554Z[0m [34mDEBUG[0m [2mhyper::proto::h1::io[0m[2m:[0m flushed 172 bytes
[2m2025-12-10T10:12:13.856389Z[0m [34mDEBUG[0m [2methereum_transaction_pool_monitor::eth_client[0m[2m:[0m 📨 Received WebSocket message: {"jsonrpc":"2.0","method":"eth_subscription","params":{"subscription":"0xbed0a0851463e895960a451075a301a9","result":"0x8b99b95d9257d1d83a67fa914faca1110fba2ee98074b4acbc8fa23cdb3552ec"}}
[2m2025-12-10T10:12:13.856401Z[0m [34mDEBUG[0m [2methereum_transaction_pool_monitor::eth_client[0m[2m:[0m 📨 Received pending transaction: 0x8b99b95d9257d1d83a67fa914faca1110fba2ee98074b4acbc8fa23cdb3552ec
[2m2025-12-10T10:12:13.856407Z[0m [34mDEBUG[0m [2methereum_transaction_pool_monitor::eth_client[0m[2m:[0m 📨 Received WebSocket message: {"jsonrpc":"2.0","method":"eth_subscription","params":{"subscription":"0xbed0a0851463e895960a451075a301a9","result":"0xd35983bb28d371680fce346af3a44b0adb362c2b1204b6326b28df0b2b423295"}}
[2m2025-12-10T10:12:13.856411Z[0m [34mDEBUG[0m [2methereum_transaction_pool_monitor::eth_client[0m[2m:[0m 📨 Received pending transaction: 0xd35983bb28d371680fce346af3a44b0adb362c2b1204b6326b28df0b2b423295
[2m2025-12-10T10:12:13.858640Z[0m [34mDEBUG[0m [2mhyper::proto::h1::io[0m[2m:[0m parsed 4 headers
[2m2025-12-10T10:12:13.858646Z[0m [34mDEBUG[0m [2mhyper::proto::h1::conn[0m[2m:[0m incoming body is content-length (1174 bytes)
[2m2025-12-10T10:12:13.858653Z[0m [34mDEBUG[0m [2mhyper::proto::h1::conn[0m[2m:[0m incoming body completed
[2m2025-12-10T10:12:13.858662Z[0m [34mDEBUG[0m [2mhyper::client::pool[0m[2m:[0m pooling idle connection for ("http", 192.168.0.14:8545)
[2m2025-12-10T10:12:13.858668Z[0m [34mDEBUG[0m [2methereum_transaction_pool_monitor::eth_client[0m[2m:[0m 📡 Transaction fetch RPC completed in 8.210458ms
[2m2025-12-10T10:12:13.929961Z[0m [34mDEBUG[0m [2methereum_transaction_pool_monitor::eth_client[0m[2m:[0m ✅ Transaction 0x92f8f6781aadb18b4dec0df330693b31584d42e723449adafc7f564de234073f fetched and parsed in 79.501333ms
[2m2025-12-10T10:12:13.929986Z[0m [34mDEBUG[0m [2methereum_transaction_pool_monitor::mempool_monitor[0m[2m:[0m 🔍 Skipping tx 0x92f8f6781aadb18b4dec0df330693b31584d42e723449adafc7f564de234073f - not a DEX interaction (target: 0xD37BbE5744D730a1d98d8DC97c42F0Ca46aD7146)
[2m2025-12-10T10:12:13.929996Z[0m [34mDEBUG[0m [2methereum_transaction_pool_monitor::mempool_monitor[0m[2m:[0m 📨 Processing new pending transaction: 0x6cdd64a77a03b072f2a0498b78ae9252a71112f7d6f5457109463c5ebd67c5dd
[2m2025-12-10T10:12:13.930001Z[0m [34mDEBUG[0m [2methereum_transaction_pool_monitor::mempool_monitor[0m[2m:[0m 🔍 Fetching transaction details for: 0x6cdd64a77a03b072f2a0498b78ae9252a71112f7d6f5457109463c5ebd67c5dd
[2m2025-12-10T10:12:13.930006Z[0m [34mDEBUG[0m [2methereum_transaction_pool_monitor::eth_client[0m[2m:[0m 🔍 Fetching transaction details for hash: 0x6cdd64a77a03b072f2a0498b78ae9252a71112f7d6f5457109463c5ebd67c5dd
[2m2025-12-10T10:12:13.930022Z[0m [34mDEBUG[0m [2mhyper::client::pool[0m[2m:[0m reuse idle connection for ("http", 192.168.0.14:8545)
[2m2025-12-10T10:12:13.930062Z[0m [34mDEBUG[0m [2mhyper::proto::h1::io[0m[2m:[0m flushed 250 bytes
[2m2025-12-10T10:12:13.930077Z[0m [34mDEBUG[0m [2mhyper::proto::h1::io[0m[2m:[0m parsed 4 headers
[2m2025-12-10T10:12:13.930081Z[0m [34mDEBUG[0m [2mhyper::proto::h1::conn[0m[2m:[0m incoming body is content-length (45 bytes)
[2m2025-12-10T10:12:13.930087Z[0m [34mDEBUG[0m [2mhyper::proto::h1::conn[0m[2m:[0m incoming body completed
[2m2025-12-10T10:12:13.930094Z[0m [34mDEBUG[0m [2mhyper::client::pool[0m[2m:[0m pooling idle connection for ("http", 192.168.0.14:8545)
[2m2025-12-10T10:12:13.930107Z[0m [34mDEBUG[0m [2mhyper::client::pool[0m[2m:[0m reuse idle connection for ("http", 192.168.0.14:8545)
[2m2025-12-10T10:12:13.930121Z[0m [34mDEBUG[0m [2mhyper::proto::h1::io[0m[2m:[0m flushed 172 bytes
[2m2025-12-10T10:12:13.933700Z[0m [34mDEBUG[0m [2mhyper::proto::h1::io[0m[2m:[0m parsed 4 headers
[2m2025-12-10T10:12:13.933711Z[0m [34mDEBUG[0m [2mhyper::proto::h1::conn[0m[2m:[0m incoming body is content-length (45 bytes)
[2m2025-12-10T10:12:13.933718Z[0m [34mDEBUG[0m [2mhyper::proto::h1::conn[0m[2m:[0m incoming body completed
[2m2025-12-10T10:12:13.933728Z[0m [34mDEBUG[0m [2mhyper::client::pool[0m[2m:[0m pooling idle connection for ("http", 192.168.0.14:8545)
[2m2025-12-10T10:12:13.935022Z[0m [34mDEBUG[0m [2mhyper::proto::h1::io[0m[2m:[0m parsed 4 headers
[2m2025-12-10T10:12:13.935038Z[0m [34mDEBUG[0m [2mhyper::proto::h1::conn[0m[2m:[0m incoming body is content-length (680 bytes)
[2m2025-12-10T10:12:13.935044Z[0m [34mDEBUG[0m [2mhyper::proto::h1::conn[0m[2m:[0m incoming body completed
[2m2025-12-10T10:12:13.935065Z[0m [34mDEBUG[0m [2mhyper::client::pool[0m[2m:[0m pooling idle connection for ("http", 192.168.0.14:8545)
[2m2025-12-10T10:12:13.935070Z[0m [34mDEBUG[0m [2methereum_transaction_pool_monitor::eth_client[0m[2m:[0m 📡 Transaction fetch RPC completed in 5.060333ms
[2m2025-12-10T10:12:13.935086Z[0m [34mDEBUG[0m [2methereum_transaction_pool_monitor::eth_client[0m[2m:[0m DeFi transaction detected - Address: 0xdac17f958d2ee523a2206206994597c13d831ec7, Type: Stablecoin, Value: 0 ETH, Gas: 1.00 Gwei
[2m2025-12-10T10:12:13.935103Z[0m [34mDEBUG[0m [2methereum_transaction_pool_monitor::eth_client[0m[2m:[0m ✅ Transaction 0x6cdd64a77a03b072f2a0498b78ae9252a71112f7d6f5457109463c5ebd67c5dd fetched and parsed in 5.093458ms
[2m2025-12-10T10:12:13.935110Z[0m [34mDEBUG[0m [2methereum_transaction_pool_monitor::mempool_monitor[0m[2m:[0m 🔍 Skipping tx 0x6cdd64a77a03b072f2a0498b78ae9252a71112f7d6f5457109463c5ebd67c5dd - not a DEX interaction (target: 0xdAC17F958D2ee523a2206206994597C13D831ec7)
[2m2025-12-10T10:12:13.935118Z[0m [34mDEBUG[0m [2methereum_transaction_pool_monitor::mempool_monitor[0m[2m:[0m 📨 Processing new pending transaction: 0xfce9c253ffa01661589652bf53d4ef84d50bde69be5223e26935d17785c60554
[2m2025-12-10T10:12:13.935121Z[0m [34mDEBUG[0m [2methereum_transaction_pool_monitor::mempool_monitor[0m[2m:[0m 🔍 Fetching transaction details for: 0xfce9c253ffa01661589652bf53d4ef84d50bde69be5223e26935d17785c60554
[2m2025-12-10T10:12:13.935127Z[0m [34mDEBUG[0m [2methereum_transaction_pool_monitor::eth_client[0m[2m:[0m 🔍 Fetching transaction details for hash: 0xfce9c253ffa01661589652bf53d4ef84d50bde69be5223e26935d17785c60554
[2m2025-12-10T10:12:13.935144Z[0m [34mDEBUG[0m [2mhyper::client::pool[0m[2m:[0m reuse idle connection for ("http", 192.168.0.14:8545)
[2m2025-12-10T10:12:13.935162Z[0m [34mDEBUG[0m [2mhyper::proto::h1::io[0m[2m:[0m flushed 250 bytes
[2m2025-12-10T10:12:13.943072Z[0m [34mDEBUG[0m [2mhyper::proto::h1::io[0m[2m:[0m parsed 4 headers
[2m2025-12-10T10:12:13.943080Z[0m [34mDEBUG[0m [2mhyper::proto::h1::conn[0m[2m:[0m incoming body is content-length (775 bytes)
[2m2025-12-10T10:12:13.943085Z[0m [34mDEBUG[0m [2mhyper::proto::h1::conn[0m[2m:[0m incoming body completed
[2m2025-12-10T10:12:13.943091Z[0m [34mDEBUG[0m [2mhyper::client::pool[0m[2m:[0m pooling idle connection for ("http", 192.168.0.14:8545)
[2m2025-12-10T10:12:13.943096Z[0m [34mDEBUG[0m [2methereum_transaction_pool_monitor::eth_client[0m[2m:[0m 📡 Transaction fetch RPC completed in 7.964417ms
[2m2025-12-10T10:12:13.943113Z[0m [34mDEBUG[0m [2methereum_transaction_pool_monitor::eth_client[0m[2m:[0m DeFi transaction detected - Address: 0x6b175474e89094c44da98b954eedeac495271d0f, Type: Stablecoin, Value: 0 ETH, Gas: 200.00 Gwei
[2m2025-12-10T10:12:13.943122Z[0m [34mDEBUG[0m [2methereum_transaction_pool_monitor::eth_client[0m[2m:[0m ✅ Transaction 0xfce9c253ffa01661589652bf53d4ef84d50bde69be5223e26935d17785c60554 fetched and parsed in 7.990459ms
[2m2025-12-10T10:12:13.943127Z[0m [34mDEBUG[0m [2methereum_transaction_pool_monitor::mempool_monitor[0m[2m:[0m 🔍 Skipping tx 0xfce9c253ffa01661589652bf53d4ef84d50bde69be5223e26935d17785c60554 - not a DEX interaction (target: 0x6B175474E89094C44Da98b954EedeAC495271d0F)
[2m2025-12-10T10:12:13.943132Z[0m [34mDEBUG[0m [2methereum_transaction_pool_monitor::mempool_monitor[0m[2m:[0m 📨 Processing new pending transaction: 0x8b99b95d9257d1d83a67fa914faca1110fba2ee98074b4acbc8fa23cdb3552ec
[2m2025-12-10T10:12:13.943136Z[0m [34mDEBUG[0m [2methereum_transaction_pool_monitor::mempool_monitor[0m[2m:[0m 🔍 Fetching transaction details for: 0x8b99b95d9257d1d83a67fa914faca1110fba2ee98074b4acbc8fa23cdb3552ec
[2m2025-12-10T10:12:13.943139Z[0m [34mDEBUG[0m [2methereum_transaction_pool_monitor::eth_client[0m[2m:[0m 🔍 Fetching transaction details for hash: 0x8b99b95d9257d1d83a67fa914faca1110fba2ee98074b4acbc8fa23cdb3552ec
[2m2025-12-10T10:12:13.943149Z[0m [34mDEBUG[0m [2mhyper::client::pool[0m[2m:[0m reuse idle connection for ("http", 192.168.0.14:8545)
[2m2025-12-10T10:12:13.943167Z[0m [34mDEBUG[0m [2mhyper::proto::h1::io[0m[2m:[0m flushed 250 bytes
[2m2025-12-10T10:12:13.948423Z[0m [34mDEBUG[0m [2mhyper::proto::h1::io[0m[2m:[0m parsed 4 headers
[2m2025-12-10T10:12:13.950476Z[0m [34mDEBUG[0m [2mhyper::proto::h1::conn[0m[2m:[0m incoming body is content-length (774 bytes)
[2m2025-12-10T10:12:13.950485Z[0m [34mDEBUG[0m [2mhyper::proto::h1::conn[0m[2m:[0m incoming body completed
[2m2025-12-10T10:12:13.950495Z[0m [34mDEBUG[0m [2mhyper::client::pool[0m[2m:[0m pooling idle connection for ("http", 192.168.0.14:8545)
[2m2025-12-10T10:12:13.950503Z[0m [34mDEBUG[0m [2methereum_transaction_pool_monitor::eth_client[0m[2m:[0m 📡 Transaction fetch RPC completed in 7.360542ms
[2m2025-12-10T10:12:14.018002Z[0m [34mDEBUG[0m [2methereum_transaction_pool_monitor::eth_client[0m[2m:[0m ✅ Transaction 0x8b99b95d9257d1d83a67fa914faca1110fba2ee98074b4acbc8fa23cdb3552ec fetched and parsed in 74.857875ms
[2m2025-12-10T10:12:14.018024Z[0m [34mDEBUG[0m [2methereum_transaction_pool_monitor::mempool_monitor[0m[2m:[0m 🔍 Skipping tx 0x8b99b95d9257d1d83a67fa914faca1110fba2ee98074b4acbc8fa23cdb3552ec - not a DEX interaction (target: 0xA0b86991c6218b36c1d19D4a2e9Eb0cE3606eB48)
[2m2025-12-10T10:12:14.018032Z[0m [34mDEBUG[0m [2methereum_transaction_pool_monitor::mempool_monitor[0m[2m:[0m 📨 Processing new pending transaction: 0xd35983bb28d371680fce346af3a44b0adb362c2b1204b6326b28df0b2b423295
[2m2025-12-10T10:12:14.018037Z[0m [34mDEBUG[0m [2methereum_transaction_pool_monitor::mempool_monitor[0m[2m:[0m 🔍 Fetching transaction details for: 0xd35983bb28d371680fce346af3a44b0adb362c2b1204b6326b28df0b2b423295
[2m2025-12-10T10:12:14.018040Z[0m [34mDEBUG[0m [2methereum_transaction_pool_monitor::eth_client[0m[2m:[0m 🔍 Fetching transaction details for hash: 0xd35983bb28d371680fce346af3a44b0adb362c2b1204b6326b28df0b2b423295
[2m2025-12-10T10:12:14.018057Z[0m [34mDEBUG[0m [2mhyper::client::pool[0m[2m:[0m reuse idle connection for ("http", 192.168.0.14:8545)
[2m2025-12-10T10:12:14.018100Z[0m [34mDEBUG[0m [2mhyper::proto::h1::io[0m[2m:[0m flushed 250 bytes
[2m2025-12-10T10:12:14.018125Z[0m [34mDEBUG[0m [2mhyper::client::pool[0m[2m:[0m reuse idle connection for ("http", 192.168.0.14:8545)
[2m2025-12-10T10:12:14.018137Z[0m [34mDEBUG[0m [2mhyper::proto::h1::io[0m[2m:[0m flushed 172 bytes
[2m2025-12-10T10:12:14.020712Z[0m [34mDEBUG[0m [2mhyper::proto::h1::io[0m[2m:[0m parsed 4 headers
[2m2025-12-10T10:12:14.020725Z[0m [34mDEBUG[0m [2mhyper::proto::h1::conn[0m[2m:[0m incoming body is content-length (776 bytes)
[2m2025-12-10T10:12:14.020732Z[0m [34mDEBUG[0m [2mhyper::proto::h1::conn[0m[2m:[0m incoming body completed
[2m2025-12-10T10:12:14.020742Z[0m [34mDEBUG[0m [2mhyper::client::pool[0m[2m:[0m pooling idle connection for ("http", 192.168.0.14:8545)
[2m2025-12-10T10:12:14.020749Z[0m [34mDEBUG[0m [2methereum_transaction_pool_monitor::eth_client[0m[2m:[0m 📡 Transaction fetch RPC completed in 2.70475ms
[2m2025-12-10T10:12:14.093282Z[0m [34mDEBUG[0m [2methereum_transaction_pool_monitor::eth_client[0m[2m:[0m ✅ Transaction 0xd35983bb28d371680fce346af3a44b0adb362c2b1204b6326b28df0b2b423295 fetched and parsed in 75.235709ms
[2m2025-12-10T10:12:14.093363Z[0m [34mDEBUG[0m [2methereum_transaction_pool_monitor::mempool_monitor[0m[2m:[0m 🔍 Skipping tx 0xd35983bb28d371680fce346af3a44b0adb362c2b1204b6326b28df0b2b423295 - not a DEX interaction (target: 0xA0b86991c6218b36c1d19D4a2e9Eb0cE3606eB48)
[2m2025-12-10T10:12:14.093386Z[0m [34mDEBUG[0m [2mhyper::proto::h1::io[0m[2m:[0m parsed 4 headers
[2m2025-12-10T10:12:14.093391Z[0m [34mDEBUG[0m [2mhyper::proto::h1::conn[0m[2m:[0m incoming body is content-length (45 bytes)
[2m2025-12-10T10:12:14.093397Z[0m [34mDEBUG[0m [2mhyper::proto::h1::conn[0m[2m:[0m incoming body completed
[2m2025-12-10T10:12:14.093405Z[0m [34mDEBUG[0m [2mhyper::client::pool[0m[2m:[0m pooling idle connection for ("http", 192.168.0.14:8545)
[2m2025-12-10T10:12:14.098438Z[0m [34mDEBUG[0m [2mhyper::client::pool[0m[2m:[0m reuse idle connection for ("http", 192.168.0.14:8545)
[2m2025-12-10T10:12:14.098477Z[0m [34mDEBUG[0m [2mhyper::proto::h1::io[0m[2m:[0m flushed 172 bytes
[2m2025-12-10T10:12:14.102364Z[0m [34mDEBUG[0m [2mhyper::proto::h1::io[0m[2m:[0m parsed 4 headers
[2m2025-12-10T10:12:14.102371Z[0m [34mDEBUG[0m [2mhyper::proto::h1::conn[0m[2m:[0m incoming body is content-length (45 bytes)
[2m2025-12-10T10:12:14.102377Z[0m [34mDEBUG[0m [2mhyper::proto::h1::conn[0m[2m:[0m incoming body completed
[2m2025-12-10T10:12:14.102383Z[0m [34mDEBUG[0m [2mhyper::client::pool[0m[2m:[0m pooling idle connection for ("http", 192.168.0.14:8545)
[2m2025-12-10T10:12:14.197978Z[0m [34mDEBUG[0m [2mhyper::client::pool[0m[2m:[0m reuse idle connection for ("http", 192.168.0.14:8545)
[2m2025-12-10T10:12:14.198050Z[0m [34mDEBUG[0m [2mhyper::proto::h1::io[0m[2m:[0m flushed 172 bytes
[2m2025-12-10T10:12:14.202066Z[0m [34mDEBUG[0m [2mhyper::proto::h1::io[0m[2m:[0m parsed 4 headers
[2m2025-12-10T10:12:14.202077Z[0m [34mDEBUG[0m [2mhyper::proto::h1::conn[0m[2m:[0m incoming body is content-length (45 bytes)
[2m2025-12-10T10:12:14.202083Z[0m [34mDEBUG[0m [2mhyper::proto::h1::conn[0m[2m:[0m incoming body completed
[2m2025-12-10T10:12:14.202090Z[0m [34mDEBUG[0m [2mhyper::client::pool[0m[2m:[0m pooling idle connection for ("http", 192.168.0.14:8545)
[2m2025-12-10T10:12:14.247754Z[0m [34mDEBUG[0m [2methereum_transaction_pool_monitor::eth_client[0m[2m:[0m 📨 Received WebSocket message: {"jsonrpc":"2.0","method":"eth_subscription","params":{"subscription":"0xbed0a0851463e895960a451075a301a9","result":"0x150e1bd809866e3fa79062d23fa59c751e15ab85cdab48145cfe72d94e9365ad"}}
[2m2025-12-10T10:12:14.247796Z[0m [34mDEBUG[0m [2methereum_transaction_pool_monitor::eth_client[0m[2m:[0m 📨 Received pending transaction: 0x150e1bd809866e3fa79062d23fa59c751e15ab85cdab48145cfe72d94e9365ad
[2m2025-12-10T10:12:14.247813Z[0m [34mDEBUG[0m [2methereum_transaction_pool_monitor::mempool_monitor[0m[2m:[0m 📨 Processing new pending transaction: 0x150e1bd809866e3fa79062d23fa59c751e15ab85cdab48145cfe72d94e9365ad
[2m2025-12-10T10:12:14.247823Z[0m [34mDEBUG[0m [2methereum_transaction_pool_monitor::mempool_monitor[0m[2m:[0m 🔍 Fetching transaction details for: 0x150e1bd809866e3fa79062d23fa59c751e15ab85cdab48145cfe72d94e9365ad
[2m2025-12-10T10:12:14.247831Z[0m [34mDEBUG[0m [2methereum_transaction_pool_monitor::eth_client[0m[2m:[0m 🔍 Fetching transaction details for hash: 0x150e1bd809866e3fa79062d23fa59c751e15ab85cdab48145cfe72d94e9365ad
[2m2025-12-10T10:12:14.247876Z[0m [34mDEBUG[0m [2mhyper::client::pool[0m[2m:[0m reuse idle connection for ("http", 192.168.0.14:8545)
[2m2025-12-10T10:12:14.247928Z[0m [34mDEBUG[0m [2mhyper::proto::h1::io[0m[2m:[0m flushed 250 bytes
[2m2025-12-10T10:12:14.257342Z[0m [34mDEBUG[0m [2mhyper::proto::h1::io[0m[2m:[0m parsed 4 headers
[2m2025-12-10T10:12:14.257357Z[0m [34mDEBUG[0m [2mhyper::proto::h1::conn[0m[2m:[0m incoming body is content-length (835 bytes)
[2m2025-12-10T10:12:14.257365Z[0m [34mDEBUG[0m [2mhyper::proto::h1::conn[0m[2m:[0m incoming body completed
[2m2025-12-10T10:12:14.257375Z[0m [34mDEBUG[0m [2mhyper::client::pool[0m[2m:[0m pooling idle connection for ("http", 192.168.0.14:8545)
[2m2025-12-10T10:12:14.257382Z[0m [34mDEBUG[0m [2methereum_transaction_pool_monitor::eth_client[0m[2m:[0m 📡 Transaction fetch RPC completed in 9.543834ms
[2m2025-12-10T10:12:14.257398Z[0m [34mDEBUG[0m [2methereum_transaction_pool_monitor::eth_client[0m[2m:[0m DeFi transaction detected - Address: 0xdac17f958d2ee523a2206206994597c13d831ec7, Type: Stablecoin, Value: 0 ETH, Gas: 0.22 Gwei
[2m2025-12-10T10:12:14.257411Z[0m [34mDEBUG[0m [2methereum_transaction_pool_monitor::eth_client[0m[2m:[0m ✅ Transaction 0x150e1bd809866e3fa79062d23fa59c751e15ab85cdab48145cfe72d94e9365ad fetched and parsed in 9.573ms
[2m2025-12-10T10:12:14.257417Z[0m [34mDEBUG[0m [2methereum_transaction_pool_monitor::mempool_monitor[0m[2m:[0m 🔍 Skipping tx 0x150e1bd809866e3fa79062d23fa59c751e15ab85cdab48145cfe72d94e9365ad - not a DEX interaction (target: 0xdAC17F958D2ee523a2206206994597C13D831ec7)
[2m2025-12-10T10:12:14.299539Z[0m [34mDEBUG[0m [2mhyper::client::pool[0m[2m:[0m reuse idle connection for ("http", 192.168.0.14:8545)
[2m2025-12-10T10:12:14.299605Z[0m [34mDEBUG[0m [2mhyper::proto::h1::io[0m[2m:[0m flushed 172 bytes
[2m2025-12-10T10:12:14.305255Z[0m [34mDEBUG[0m [2mhyper::proto::h1::io[0m[2m:[0m parsed 4 headers
[2m2025-12-10T10:12:14.305267Z[0m [34mDEBUG[0m [2mhyper::proto::h1::conn[0m[2m:[0m incoming body is content-length (45 bytes)
[2m2025-12-10T10:12:14.305274Z[0m [34mDEBUG[0m [2mhyper::proto::h1::conn[0m[2m:[0m incoming body completed
[2m2025-12-10T10:12:14.305282Z[0m [34mDEBUG[0m [2mhyper::client::pool[0m[2m:[0m pooling idle connection for ("http", 192.168.0.14:8545)
[2m2025-12-10T10:12:14.368276Z[0m [34mDEBUG[0m [2methereum_transaction_pool_monitor::eth_client[0m[2m:[0m 📨 Received WebSocket message: {"jsonrpc":"2.0","method":"eth_subscription","params":{"subscription":"0xbed0a0851463e895960a451075a301a9","result":"0x2f0fac26f7aab1b3d9e1826ac22027fea0a203b7897d55534bc1f5b600c233fe"}}
[2m2025-12-10T10:12:14.368377Z[0m [34mDEBUG[0m [2methereum_transaction_pool_monitor::eth_client[0m[2m:[0m 📨 Received pending transaction: 0x2f0fac26f7aab1b3d9e1826ac22027fea0a203b7897d55534bc1f5b600c233fe
[2m2025-12-10T10:12:14.368425Z[0m [34mDEBUG[0m [2methereum_transaction_pool_monitor::mempool_monitor[0m[2m:[0m 📨 Processing new pending transaction: 0x2f0fac26f7aab1b3d9e1826ac22027fea0a203b7897d55534bc1f5b600c233fe
[2m2025-12-10T10:12:14.368452Z[0m [34mDEBUG[0m [2methereum_transaction_pool_monitor::mempool_monitor[0m[2m:[0m 🔍 Fetching transaction details for: 0x2f0fac26f7aab1b3d9e1826ac22027fea0a203b7897d55534bc1f5b600c233fe
[2m2025-12-10T10:12:14.368473Z[0m [34mDEBUG[0m [2methereum_transaction_pool_monitor::eth_client[0m[2m:[0m 🔍 Fetching transaction details for hash: 0x2f0fac26f7aab1b3d9e1826ac22027fea0a203b7897d55534bc1f5b600c233fe
[2m2025-12-10T10:12:14.368561Z[0m [34mDEBUG[0m [2mhyper::client::pool[0m[2m:[0m reuse idle connection for ("http", 192.168.0.14:8545)
[2m2025-12-10T10:12:14.368698Z[0m [34mDEBUG[0m [2mhyper::proto::h1::io[0m[2m:[0m flushed 250 bytes
[2m2025-12-10T10:12:14.378710Z[0m [34mDEBUG[0m [2mhyper::proto::h1::io[0m[2m:[0m parsed 4 headers
[2m2025-12-10T10:12:14.378757Z[0m [34mDEBUG[0m [2mhyper::proto::h1::conn[0m[2m:[0m incoming body is content-length (649 bytes)
[2m2025-12-10T10:12:14.378791Z[0m [34mDEBUG[0m [2mhyper::proto::h1::conn[0m[2m:[0m incoming body completed
[2m2025-12-10T10:12:14.378829Z[0m [34mDEBUG[0m [2mhyper::client::pool[0m[2m:[0m pooling idle connection for ("http", 192.168.0.14:8545)
[2m2025-12-10T10:12:14.378863Z[0m [34mDEBUG[0m [2methereum_transaction_pool_monitor::eth_client[0m[2m:[0m 📡 Transaction fetch RPC completed in 10.366791ms
[2m2025-12-10T10:12:14.468543Z[0m [34mDEBUG[0m [2methereum_transaction_pool_monitor::eth_client[0m[2m:[0m ✅ Transaction 0x2f0fac26f7aab1b3d9e1826ac22027fea0a203b7897d55534bc1f5b600c233fe fetched and parsed in 100.044291ms
[2m2025-12-10T10:12:14.468570Z[0m [34mDEBUG[0m [2methereum_transaction_pool_monitor::mempool_monitor[0m[2m:[0m 🔍 Skipping tx 0x2f0fac26f7aab1b3d9e1826ac22027fea0a203b7897d55534bc1f5b600c233fe - not a DEX interaction (target: 0x859A5DC34F38f68626213add8f5ed673d4034Aff)
[2m2025-12-10T10:12:14.468615Z[0m [34mDEBUG[0m [2mhyper::client::pool[0m[2m:[0m reuse idle connection for ("http", 192.168.0.14:8545)
[2m2025-12-10T10:12:14.468654Z[0m [34mDEBUG[0m [2mhyper::proto::h1::io[0m[2m:[0m flushed 172 bytes
[2m2025-12-10T10:12:14.470513Z[0m [34mDEBUG[0m [2methereum_transaction_pool_monitor::eth_client[0m[2m:[0m 📨 Received WebSocket message: {"jsonrpc":"2.0","method":"eth_subscription","params":{"subscription":"0xbed0a0851463e895960a451075a301a9","result":"0xce97a66c75d80fcd7249d60c34cbbf1af1498d18d6411f922d371277df6f0cd9"}}
[2m2025-12-10T10:12:14.470540Z[0m [34mDEBUG[0m [2methereum_transaction_pool_monitor::eth_client[0m[2m:[0m 📨 Received pending transaction: 0xce97a66c75d80fcd7249d60c34cbbf1af1498d18d6411f922d371277df6f0cd9
[2m2025-12-10T10:12:14.470547Z[0m [34mDEBUG[0m [2methereum_transaction_pool_monitor::mempool_monitor[0m[2m:[0m 📨 Processing new pending transaction: 0xce97a66c75d80fcd7249d60c34cbbf1af1498d18d6411f922d371277df6f0cd9
[2m2025-12-10T10:12:14.470552Z[0m [34mDEBUG[0m [2methereum_transaction_pool_monitor::mempool_monitor[0m[2m:[0m 🔍 Fetching transaction details for: 0xce97a66c75d80fcd7249d60c34cbbf1af1498d18d6411f922d371277df6f0cd9
[2m2025-12-10T10:12:14.470555Z[0m [34mDEBUG[0m [2methereum_transaction_pool_monitor::eth_client[0m[2m:[0m 🔍 Fetching transaction details for hash: 0xce97a66c75d80fcd7249d60c34cbbf1af1498d18d6411f922d371277df6f0cd9
[2m2025-12-10T10:12:14.470570Z[0m [34mDEBUG[0m [2mhyper::client::pool[0m[2m:[0m reuse idle connection for ("http", 192.168.0.14:8545)
[2m2025-12-10T10:12:14.470590Z[0m [34mDEBUG[0m [2mhyper::proto::h1::io[0m[2m:[0m flushed 250 bytes
[2m2025-12-10T10:12:14.472185Z[0m [34mDEBUG[0m [2mhyper::proto::h1::io[0m[2m:[0m parsed 4 headers
[2m2025-12-10T10:12:14.472191Z[0m [34mDEBUG[0m [2mhyper::proto::h1::conn[0m[2m:[0m incoming body is content-length (45 bytes)
[2m2025-12-10T10:12:14.472197Z[0m [34mDEBUG[0m [2mhyper::proto::h1::conn[0m[2m:[0m incoming body completed
[2m2025-12-10T10:12:14.472204Z[0m [34mDEBUG[0m [2mhyper::client::pool[0m[2m:[0m pooling idle connection for ("http", 192.168.0.14:8545)
[2m2025-12-10T10:12:14.478969Z[0m [34mDEBUG[0m [2mhyper::proto::h1::io[0m[2m:[0m parsed 4 headers
[2m2025-12-10T10:12:14.478978Z[0m [34mDEBUG[0m [2mhyper::proto::h1::conn[0m[2m:[0m incoming body is content-length (771 bytes)
[2m2025-12-10T10:12:14.478984Z[0m [34mDEBUG[0m [2mhyper::proto::h1::conn[0m[2m:[0m incoming body completed
[2m2025-12-10T10:12:14.478991Z[0m [34mDEBUG[0m [2mhyper::client::pool[0m[2m:[0m pooling idle connection for ("http", 192.168.0.14:8545)
[2m2025-12-10T10:12:14.478996Z[0m [34mDEBUG[0m [2methereum_transaction_pool_monitor::eth_client[0m[2m:[0m 📡 Transaction fetch RPC completed in 8.436458ms
[2m2025-12-10T10:12:14.479009Z[0m [34mDEBUG[0m [2methereum_transaction_pool_monitor::eth_client[0m[2m:[0m DeFi transaction detected - Address: 0xdac17f958d2ee523a2206206994597c13d831ec7, Type: Stablecoin, Value: 0 ETH, Gas: 0.74 Gwei
[2m2025-12-10T10:12:14.479021Z[0m [34mDEBUG[0m [2methereum_transaction_pool_monitor::eth_client[0m[2m:[0m ✅ Transaction 0xce97a66c75d80fcd7249d60c34cbbf1af1498d18d6411f922d371277df6f0cd9 fetched and parsed in 8.461541ms
[2m2025-12-10T10:12:14.479026Z[0m [34mDEBUG[0m [2methereum_transaction_pool_monitor::mempool_monitor[0m[2m:[0m 🔍 Skipping tx 0xce97a66c75d80fcd7249d60c34cbbf1af1498d18d6411f922d371277df6f0cd9 - not a DEX interaction (target: 0xdAC17F958D2ee523a2206206994597C13D831ec7)
[2m2025-12-10T10:12:14.498103Z[0m [34mDEBUG[0m [2mhyper::client::pool[0m[2m:[0m reuse idle connection for ("http", 192.168.0.14:8545)
[2m2025-12-10T10:12:14.498114Z[0m [34mDEBUG[0m [2methereum_transaction_pool_monitor::eth_client[0m[2m:[0m 📨 Received WebSocket message: {"jsonrpc":"2.0","method":"eth_subscription","params":{"subscription":"0xbed0a0851463e895960a451075a301a9","result":"0x083939b36e33f6c1b51c0c9717db46128d71700af8dd1cf2c8323ea627371b55"}}
[2m2025-12-10T10:12:14.498124Z[0m [34mDEBUG[0m [2methereum_transaction_pool_monitor::eth_client[0m[2m:[0m 📨 Received pending transaction: 0x083939b36e33f6c1b51c0c9717db46128d71700af8dd1cf2c8323ea627371b55
[2m2025-12-10T10:12:14.498127Z[0m [34mDEBUG[0m [2mhyper::proto::h1::io[0m[2m:[0m flushed 172 bytes
[2m2025-12-10T10:12:14.498131Z[0m [34mDEBUG[0m [2methereum_transaction_pool_monitor::mempool_monitor[0m[2m:[0m 📨 Processing new pending transaction: 0x083939b36e33f6c1b51c0c9717db46128d71700af8dd1cf2c8323ea627371b55
[2m2025-12-10T10:12:14.498137Z[0m [34mDEBUG[0m [2methereum_transaction_pool_monitor::mempool_monitor[0m[2m:[0m 🔍 Fetching transaction details for: 0x083939b36e33f6c1b51c0c9717db46128d71700af8dd1cf2c8323ea627371b55
[2m2025-12-10T10:12:14.498140Z[0m [34mDEBUG[0m [2methereum_transaction_pool_monitor::eth_client[0m[2m:[0m 🔍 Fetching transaction details for hash: 0x083939b36e33f6c1b51c0c9717db46128d71700af8dd1cf2c8323ea627371b55
[2m2025-12-10T10:12:14.498148Z[0m [34mDEBUG[0m [2mhyper::client::pool[0m[2m:[0m reuse idle connection for ("http", 192.168.0.14:8545)
[2m2025-12-10T10:12:14.498160Z[0m [34mDEBUG[0m [2mhyper::proto::h1::io[0m[2m:[0m flushed 250 bytes
[2m2025-12-10T10:12:14.504248Z[0m [34mDEBUG[0m [2mhyper::proto::h1::io[0m[2m:[0m parsed 4 headers
[2m2025-12-10T10:12:14.504257Z[0m [34mDEBUG[0m [2mhyper::proto::h1::conn[0m[2m:[0m incoming body is content-length (45 bytes)
[2m2025-12-10T10:12:14.504263Z[0m [34mDEBUG[0m [2mhyper::proto::h1::conn[0m[2m:[0m incoming body completed
[2m2025-12-10T10:12:14.504271Z[0m [34mDEBUG[0m [2mhyper::client::pool[0m[2m:[0m pooling idle connection for ("http", 192.168.0.14:8545)
[2m2025-12-10T10:12:14.505072Z[0m [34mDEBUG[0m [2mhyper::proto::h1::io[0m[2m:[0m parsed 4 headers
[2m2025-12-10T10:12:14.505078Z[0m [34mDEBUG[0m [2mhyper::proto::h1::conn[0m[2m:[0m incoming body is content-length (646 bytes)
[2m2025-12-10T10:12:14.505082Z[0m [34mDEBUG[0m [2mhyper::proto::h1::conn[0m[2m:[0m incoming body completed
[2m2025-12-10T10:12:14.505088Z[0m [34mDEBUG[0m [2mhyper::client::pool[0m[2m:[0m pooling idle connection for ("http", 192.168.0.14:8545)
[2m2025-12-10T10:12:14.505092Z[0m [34mDEBUG[0m [2methereum_transaction_pool_monitor::eth_client[0m[2m:[0m 📡 Transaction fetch RPC completed in 6.948375ms
[2m2025-12-10T10:12:14.574083Z[0m [34mDEBUG[0m [2methereum_transaction_pool_monitor::eth_client[0m[2m:[0m ✅ Transaction 0x083939b36e33f6c1b51c0c9717db46128d71700af8dd1cf2c8323ea627371b55 fetched and parsed in 75.936542ms
[2m2025-12-10T10:12:14.574104Z[0m [34mDEBUG[0m [2methereum_transaction_pool_monitor::mempool_monitor[0m[2m:[0m 🔍 Skipping tx 0x083939b36e33f6c1b51c0c9717db46128d71700af8dd1cf2c8323ea627371b55 - not a DEX interaction (target: 0xe5B41e0E14d5Db4ffF9D647eADE5731A96AFdd5b)
[2m2025-12-10T10:12:14.582622Z[0m [34mDEBUG[0m [2methereum_transaction_pool_monitor::eth_client[0m[2m:[0m 📨 Received WebSocket message: {"jsonrpc":"2.0","method":"eth_subscription","params":{"subscription":"0xbed0a0851463e895960a451075a301a9","result":"0x1c067364ec134866d9cad69d87bac416d4d26dc7e78011ff0db4f336cc45de1f"}}
[2m2025-12-10T10:12:14.582637Z[0m [34mDEBUG[0m [2methereum_transaction_pool_monitor::eth_client[0m[2m:[0m 📨 Received pending transaction: 0x1c067364ec134866d9cad69d87bac416d4d26dc7e78011ff0db4f336cc45de1f
[2m2025-12-10T10:12:14.582644Z[0m [34mDEBUG[0m [2methereum_transaction_pool_monitor::mempool_monitor[0m[2m:[0m 📨 Processing new pending transaction: 0x1c067364ec134866d9cad69d87bac416d4d26dc7e78011ff0db4f336cc45de1f
[2m2025-12-10T10:12:14.582730Z[0m [34mDEBUG[0m [2methereum_transaction_pool_monitor::mempool_monitor[0m[2m:[0m 🔍 Fetching transaction details for: 0x1c067364ec134866d9cad69d87bac416d4d26dc7e78011ff0db4f336cc45de1f
[2m2025-12-10T10:12:14.582736Z[0m [34mDEBUG[0m [2methereum_transaction_pool_monitor::eth_client[0m[2m:[0m 🔍 Fetching transaction details for hash: 0x1c067364ec134866d9cad69d87bac416d4d26dc7e78011ff0db4f336cc45de1f
[2m2025-12-10T10:12:14.582751Z[0m [34mDEBUG[0m [2mhyper::client::pool[0m[2m:[0m reuse idle connection for ("http", 192.168.0.14:8545)
[2m2025-12-10T10:12:14.582772Z[0m [34mDEBUG[0m [2mhyper::proto::h1::io[0m[2m:[0m flushed 250 bytes
[2m2025-12-10T10:12:14.587806Z[0m [34mDEBUG[0m [2mhyper::proto::h1::io[0m[2m:[0m parsed 4 headers
[2m2025-12-10T10:12:14.587816Z[0m [34mDEBUG[0m [2mhyper::proto::h1::conn[0m[2m:[0m incoming body is content-length (2324 bytes)
[2m2025-12-10T10:12:14.587824Z[0m [34mDEBUG[0m [2mhyper::proto::h1::conn[0m[2m:[0m incoming body completed
[2m2025-12-10T10:12:14.587833Z[0m [34mDEBUG[0m [2mhyper::client::pool[0m[2m:[0m pooling idle connection for ("http", 192.168.0.14:8545)
[2m2025-12-10T10:12:14.587839Z[0m [34mDEBUG[0m [2methereum_transaction_pool_monitor::eth_client[0m[2m:[0m 📡 Transaction fetch RPC completed in 5.098958ms
[2m2025-12-10T10:12:14.660213Z[0m [34mDEBUG[0m [2methereum_transaction_pool_monitor::eth_client[0m[2m:[0m ✅ Transaction 0x1c067364ec134866d9cad69d87bac416d4d26dc7e78011ff0db4f336cc45de1f fetched and parsed in 77.472ms
[2m2025-12-10T10:12:14.660242Z[0m [34mDEBUG[0m [2methereum_transaction_pool_monitor::mempool_monitor[0m[2m:[0m 🔍 Skipping tx 0x1c067364ec134866d9cad69d87bac416d4d26dc7e78011ff0db4f336cc45de1f - not a DEX interaction (target: 0x66a9893cC07D91D95644AEDD05D03f95e1dBA8Af)
[2m2025-12-10T10:12:14.660282Z[0m [34mDEBUG[0m [2mhyper::client::pool[0m[2m:[0m reuse idle connection for ("http", 192.168.0.14:8545)
[2m2025-12-10T10:12:14.660318Z[0m [34mDEBUG[0m [2mhyper::proto::h1::io[0m[2m:[0m flushed 172 bytes
[2m2025-12-10T10:12:14.660320Z[0m [34mDEBUG[0m [2methereum_transaction_pool_monitor::eth_client[0m[2m:[0m 📨 Received WebSocket message: {"jsonrpc":"2.0","method":"eth_subscription","params":{"subscription":"0xbed0a0851463e895960a451075a301a9","result":"0xa0cc28c2fa18c5df7b1671cf257e2267f8e866deee25afc330502e77db851e9f"}}
[2m2025-12-10T10:12:14.660331Z[0m [34mDEBUG[0m [2methereum_transaction_pool_monitor::eth_client[0m[2m:[0m 📨 Received pending transaction: 0xa0cc28c2fa18c5df7b1671cf257e2267f8e866deee25afc330502e77db851e9f
[2m2025-12-10T10:12:14.660338Z[0m [34mDEBUG[0m [2methereum_transaction_pool_monitor::mempool_monitor[0m[2m:[0m 📨 Processing new pending transaction: 0xa0cc28c2fa18c5df7b1671cf257e2267f8e866deee25afc330502e77db851e9f
[2m2025-12-10T10:12:14.660342Z[0m [34mDEBUG[0m [2methereum_transaction_pool_monitor::mempool_monitor[0m[2m:[0m 🔍 Fetching transaction details for: 0xa0cc28c2fa18c5df7b1671cf257e2267f8e866deee25afc330502e77db851e9f
[2m2025-12-10T10:12:14.660346Z[0m [34mDEBUG[0m [2methereum_transaction_pool_monitor::eth_client[0m[2m:[0m 🔍 Fetching transaction details for hash: 0xa0cc28c2fa18c5df7b1671cf257e2267f8e866deee25afc330502e77db851e9f
[2m2025-12-10T10:12:14.660355Z[0m [34mDEBUG[0m [2mhyper::client::pool[0m[2m:[0m reuse idle connection for ("http", 192.168.0.14:8545)
[2m2025-12-10T10:12:14.660368Z[0m [34mDEBUG[0m [2mhyper::proto::h1::io[0m[2m:[0m flushed 250 bytes
[2m2025-12-10T10:12:14.678714Z[0m [34mDEBUG[0m [2methereum_transaction_pool_monitor::eth_client[0m[2m:[0m 📨 Received WebSocket message: {"jsonrpc":"2.0","method":"eth_subscription","params":{"subscription":"0xbed0a0851463e895960a451075a301a9","result":"0xbe699a463d1b1337922b20269f8243df91b61dcc41e4fabdae1f5b0d54771780"}}
[2m2025-12-10T10:12:14.678729Z[0m [34mDEBUG[0m [2methereum_transaction_pool_monitor::eth_client[0m[2m:[0m 📨 Received pending transaction: 0xbe699a463d1b1337922b20269f8243df91b61dcc41e4fabdae1f5b0d54771780
[2m2025-12-10T10:12:14.678783Z[0m [34mDEBUG[0m [2mhyper::proto::h1::io[0m[2m:[0m parsed 4 headers
[2m2025-12-10T10:12:14.678788Z[0m [34mDEBUG[0m [2mhyper::proto::h1::conn[0m[2m:[0m incoming body is content-length (45 bytes)
[2m2025-12-10T10:12:14.678796Z[0m [34mDEBUG[0m [2mhyper::proto::h1::conn[0m[2m:[0m incoming body completed
[2m2025-12-10T10:12:14.678805Z[0m [34mDEBUG[0m [2mhyper::client::pool[0m[2m:[0m pooling idle connection for ("http", 192.168.0.14:8545)
[2m2025-12-10T10:12:14.678825Z[0m [34mDEBUG[0m [2mhyper::proto::h1::io[0m[2m:[0m parsed 4 headers
[2m2025-12-10T10:12:14.678831Z[0m [34mDEBUG[0m [2mhyper::proto::h1::conn[0m[2m:[0m incoming body is content-length (650 bytes)
[2m2025-12-10T10:12:14.678835Z[0m [34mDEBUG[0m [2mhyper::proto::h1::conn[0m[2m:[0m incoming body completed
[2m2025-12-10T10:12:14.678842Z[0m [34mDEBUG[0m [2mhyper::client::pool[0m[2m:[0m pooling idle connection for ("http", 192.168.0.14:8545)
[2m2025-12-10T10:12:14.678847Z[0m [34mDEBUG[0m [2methereum_transaction_pool_monitor::eth_client[0m[2m:[0m 📡 Transaction fetch RPC completed in 18.496625ms
[2m2025-12-10T10:12:14.750098Z[0m [34mDEBUG[0m [2methereum_transaction_pool_monitor::eth_client[0m[2m:[0m ✅ Transaction 0xa0cc28c2fa18c5df7b1671cf257e2267f8e866deee25afc330502e77db851e9f fetched and parsed in 89.746125ms
[2m2025-12-10T10:12:14.750124Z[0m [34mDEBUG[0m [2methereum_transaction_pool_monitor::mempool_monitor[0m[2m:[0m 🔍 Skipping tx 0xa0cc28c2fa18c5df7b1671cf257e2267f8e866deee25afc330502e77db851e9f - not a DEX interaction (target: 0x85C63f5419188E0F041Ac917ad5Cb740D1AFB70F)
[2m2025-12-10T10:12:14.750136Z[0m [34mDEBUG[0m [2methereum_transaction_pool_monitor::mempool_monitor[0m[2m:[0m 📨 Processing new pending transaction: 0xbe699a463d1b1337922b20269f8243df91b61dcc41e4fabdae1f5b0d54771780
[2m2025-12-10T10:12:14.750141Z[0m [34mDEBUG[0m [2methereum_transaction_pool_monitor::mempool_monitor[0m[2m:[0m 🔍 Fetching transaction details for: 0xbe699a463d1b1337922b20269f8243df91b61dcc41e4fabdae1f5b0d54771780
[2m2025-12-10T10:12:14.750145Z[0m [34mDEBUG[0m [2methereum_transaction_pool_monitor::eth_client[0m[2m:[0m 🔍 Fetching transaction details for hash: 0xbe699a463d1b1337922b20269f8243df91b61dcc41e4fabdae1f5b0d54771780
[2m2025-12-10T10:12:14.750163Z[0m [34mDEBUG[0m [2mhyper::client::pool[0m[2m:[0m reuse idle connection for ("http", 192.168.0.14:8545)
[2m2025-12-10T10:12:14.750195Z[0m [34mDEBUG[0m [2mhyper::proto::h1::io[0m[2m:[0m flushed 250 bytes
[2m2025-12-10T10:12:14.750215Z[0m [34mDEBUG[0m [2mhyper::client::pool[0m[2m:[0m reuse idle connection for ("http", 192.168.0.14:8545)
[2m2025-12-10T10:12:14.750226Z[0m [34mDEBUG[0m [2mhyper::proto::h1::io[0m[2m:[0m flushed 172 bytes
[2m2025-12-10T10:12:14.750238Z[0m [34mDEBUG[0m [2methereum_transaction_pool_monitor::eth_client[0m[2m:[0m 📨 Received WebSocket message: {"jsonrpc":"2.0","method":"eth_subscription","params":{"subscription":"0xbed0a0851463e895960a451075a301a9","result":"0x37afa5b3ef67ad30f322be46fcd0f843400eeb652baea0c56df9beccfd07245e"}}
[2m2025-12-10T10:12:14.750246Z[0m [34mDEBUG[0m [2methereum_transaction_pool_monitor::eth_client[0m[2m:[0m 📨 Received pending transaction: 0x37afa5b3ef67ad30f322be46fcd0f843400eeb652baea0c56df9beccfd07245e
[2m2025-12-10T10:12:14.754370Z[0m [34mDEBUG[0m [2mhyper::proto::h1::io[0m[2m:[0m parsed 4 headers
[2m2025-12-10T10:12:14.754376Z[0m [34mDEBUG[0m [2mhyper::proto::h1::conn[0m[2m:[0m incoming body is content-length (45 bytes)
[2m2025-12-10T10:12:14.754382Z[0m [34mDEBUG[0m [2mhyper::proto::h1::conn[0m[2m:[0m incoming body completed
[2m2025-12-10T10:12:14.754390Z[0m [34mDEBUG[0m [2mhyper::client::pool[0m[2m:[0m pooling idle connection for ("http", 192.168.0.14:8545)
[2m2025-12-10T10:12:14.754408Z[0m [34mDEBUG[0m [2mhyper::proto::h1::io[0m[2m:[0m parsed 4 headers
[2m2025-12-10T10:12:14.754412Z[0m [34mDEBUG[0m [2mhyper::proto::h1::conn[0m[2m:[0m incoming body is content-length (646 bytes)
[2m2025-12-10T10:12:14.754416Z[0m [34mDEBUG[0m [2mhyper::proto::h1::conn[0m[2m:[0m incoming body completed
[2m2025-12-10T10:12:14.754422Z[0m [34mDEBUG[0m [2mhyper::client::pool[0m[2m:[0m pooling idle connection for ("http", 192.168.0.14:8545)
[2m2025-12-10T10:12:14.754425Z[0m [34mDEBUG[0m [2methereum_transaction_pool_monitor::eth_client[0m[2m:[0m 📡 Transaction fetch RPC completed in 4.276416ms
[2m2025-12-10T10:12:14.826198Z[0m [34mDEBUG[0m [2methereum_transaction_pool_monitor::eth_client[0m[2m:[0m ✅ Transaction 0xbe699a463d1b1337922b20269f8243df91b61dcc41e4fabdae1f5b0d54771780 fetched and parsed in 76.046833ms
[2m2025-12-10T10:12:14.826222Z[0m [34mDEBUG[0m [2methereum_transaction_pool_monitor::mempool_monitor[0m[2m:[0m 🔍 Skipping tx 0xbe699a463d1b1337922b20269f8243df91b61dcc41e4fabdae1f5b0d54771780 - not a DEX interaction (target: 0xf07E7d3f6ddbC74596D45deB4f81b425f73Fce1c)
[2m2025-12-10T10:12:14.826231Z[0m [34mDEBUG[0m [2methereum_transaction_pool_monitor::mempool_monitor[0m[2m:[0m 📨 Processing new pending transaction: 0x37afa5b3ef67ad30f322be46fcd0f843400eeb652baea0c56df9beccfd07245e
[2m2025-12-10T10:12:14.826237Z[0m [34mDEBUG[0m [2methereum_transaction_pool_monitor::mempool_monitor[0m[2m:[0m 🔍 Fetching transaction details for: 0x37afa5b3ef67ad30f322be46fcd0f843400eeb652baea0c56df9beccfd07245e
[2m2025-12-10T10:12:14.826242Z[0m [34mDEBUG[0m [2methereum_transaction_pool_monitor::eth_client[0m[2m:[0m 🔍 Fetching transaction details for hash: 0x37afa5b3ef67ad30f322be46fcd0f843400eeb652baea0c56df9beccfd07245e
[2m2025-12-10T10:12:14.826258Z[0m [34mDEBUG[0m [2mhyper::client::pool[0m[2m:[0m reuse idle connection for ("http", 192.168.0.14:8545)
[2m2025-12-10T10:12:14.826297Z[0m [34mDEBUG[0m [2mhyper::proto::h1::io[0m[2m:[0m flushed 250 bytes
[2m2025-12-10T10:12:14.826332Z[0m [34mDEBUG[0m [2mhyper::client::pool[0m[2m:[0m reuse idle connection for ("http", 192.168.0.14:8545)
[2m2025-12-10T10:12:14.826349Z[0m [34mDEBUG[0m [2mhyper::proto::h1::io[0m[2m:[0m flushed 172 bytes
[2m2025-12-10T10:12:14.830827Z[0m [34mDEBUG[0m [2mhyper::proto::h1::io[0m[2m:[0m parsed 4 headers
[2m2025-12-10T10:12:14.834635Z[0m [34mDEBUG[0m [2mhyper::proto::h1::conn[0m[2m:[0m incoming body is content-length (45 bytes)
[2m2025-12-10T10:12:14.834651Z[0m [34mDEBUG[0m [2mhyper::proto::h1::conn[0m[2m:[0m incoming body completed
[2m2025-12-10T10:12:14.834665Z[0m [34mDEBUG[0m [2mhyper::client::pool[0m[2m:[0m pooling idle connection for ("http", 192.168.0.14:8545)
[2m2025-12-10T10:12:14.836145Z[0m [34mDEBUG[0m [2mhyper::proto::h1::io[0m[2m:[0m parsed 4 headers
[2m2025-12-10T10:12:14.838599Z[0m [34mDEBUG[0m [2mhyper::proto::h1::conn[0m[2m:[0m incoming body is content-length (1730 bytes)
[2m2025-12-10T10:12:14.838610Z[0m [34mDEBUG[0m [2mhyper::proto::h1::conn[0m[2m:[0m incoming body completed
[2m2025-12-10T10:12:14.838621Z[0m [34mDEBUG[0m [2mhyper::client::pool[0m[2m:[0m pooling idle connection for ("http", 192.168.0.14:8545)
[2m2025-12-10T10:12:14.838638Z[0m [34mDEBUG[0m [2methereum_transaction_pool_monitor::eth_client[0m[2m:[0m 📡 Transaction fetch RPC completed in 12.392583ms
[2m2025-12-10T10:12:14.909855Z[0m [34mDEBUG[0m [2methereum_transaction_pool_monitor::eth_client[0m[2m:[0m ✅ Transaction 0x37afa5b3ef67ad30f322be46fcd0f843400eeb652baea0c56df9beccfd07245e fetched and parsed in 83.606791ms
[2m2025-12-10T10:12:14.909876Z[0m [34mDEBUG[0m [2methereum_transaction_pool_monitor::mempool_monitor[0m[2m:[0m 🔍 Skipping tx 0x37afa5b3ef67ad30f322be46fcd0f843400eeb652baea0c56df9beccfd07245e - not a DEX interaction (target: 0x601a2aD6CB5949f0529735254189Ba3194221EDF)
[2m2025-12-10T10:12:14.909918Z[0m [34mDEBUG[0m [2mhyper::client::pool[0m[2m:[0m reuse idle connection for ("http", 192.168.0.14:8545)
[2m2025-12-10T10:12:14.909951Z[0m [34mDEBUG[0m [2mhyper::proto::h1::io[0m[2m:[0m flushed 172 bytes
[2m2025-12-10T10:12:14.913097Z[0m [34mDEBUG[0m [2mhyper::proto::h1::io[0m[2m:[0m parsed 4 headers
[2m2025-12-10T10:12:14.913118Z[0m [34mDEBUG[0m [2mhyper::proto::h1::conn[0m[2m:[0m incoming body is content-length (45 bytes)
[2m2025-12-10T10:12:14.913143Z[0m [34mDEBUG[0m [2mhyper::proto::h1::conn[0m[2m:[0m incoming body completed
[2m2025-12-10T10:12:14.913155Z[0m [34mDEBUG[0m [2mhyper::client::pool[0m[2m:[0m pooling idle connection for ("http", 192.168.0.14:8545)
[2m2025-12-10T10:12:15.000024Z[0m [34mDEBUG[0m [2mhyper::client::pool[0m[2m:[0m reuse idle connection for ("http", 192.168.0.14:8545)
[2m2025-12-10T10:12:15.000056Z[0m [34mDEBUG[0m [2mhyper::proto::h1::io[0m[2m:[0m flushed 172 bytes
[2m2025-12-10T10:12:15.006988Z[0m [34mDEBUG[0m [2mhyper::proto::h1::io[0m[2m:[0m parsed 4 headers
[2m2025-12-10T10:12:15.006994Z[0m [34mDEBUG[0m [2mhyper::proto::h1::conn[0m[2m:[0m incoming body is content-length (45 bytes)
[2m2025-12-10T10:12:15.007002Z[0m [34mDEBUG[0m [2mhyper::proto::h1::conn[0m[2m:[0m incoming body completed
[2m2025-12-10T10:12:15.007009Z[0m [34mDEBUG[0m [2mhyper::client::pool[0m[2m:[0m pooling idle connection for ("http", 192.168.0.14:8545)
[2m2025-12-10T10:12:15.099089Z[0m [34mDEBUG[0m [2mhyper::client::pool[0m[2m:[0m reuse idle connection for ("http", 192.168.0.14:8545)
[2m2025-12-10T10:12:15.099160Z[0m [34mDEBUG[0m [2mhyper::proto::h1::io[0m[2m:[0m flushed 172 bytes
[2m2025-12-10T10:12:15.103385Z[0m [34mDEBUG[0m [2mhyper::proto::h1::io[0m[2m:[0m parsed 4 headers
[2m2025-12-10T10:12:15.103409Z[0m [34mDEBUG[0m [2mhyper::proto::h1::conn[0m[2m:[0m incoming body is content-length (45 bytes)
[2m2025-12-10T10:12:15.103426Z[0m [34mDEBUG[0m [2mhyper::proto::h1::conn[0m[2m:[0m incoming body completed
[2m2025-12-10T10:12:15.103442Z[0m [34mDEBUG[0m [2mhyper::client::pool[0m[2m:[0m pooling idle connection for ("http", 192.168.0.14:8545)
[2m2025-12-10T10:12:15.199594Z[0m [34mDEBUG[0m [2mhyper::client::pool[0m[2m:[0m reuse idle connection for ("http", 192.168.0.14:8545)
[2m2025-12-10T10:12:15.199722Z[0m [34mDEBUG[0m [2mhyper::proto::h1::io[0m[2m:[0m flushed 172 bytes
[2m2025-12-10T10:12:15.202880Z[0m [34mDEBUG[0m [2mhyper::proto::h1::io[0m[2m:[0m parsed 4 headers
[2m2025-12-10T10:12:15.202905Z[0m [34mDEBUG[0m [2mhyper::proto::h1::conn[0m[2m:[0m incoming body is content-length (45 bytes)
[2m2025-12-10T10:12:15.202936Z[0m [34mDEBUG[0m [2mhyper::proto::h1::conn[0m[2m:[0m incoming body completed
[2m2025-12-10T10:12:15.202962Z[0m [34mDEBUG[0m [2mhyper::client::pool[0m[2m:[0m pooling idle connection for ("http", 192.168.0.14:8545)
[2m2025-12-10T10:12:15.299526Z[0m [34mDEBUG[0m [2mhyper::client::pool[0m[2m:[0m reuse idle connection for ("http", 192.168.0.14:8545)
[2m2025-12-10T10:12:15.299746Z[0m [34mDEBUG[0m [2mhyper::proto::h1::io[0m[2m:[0m flushed 172 bytes
[2m2025-12-10T10:12:15.303643Z[0m [34mDEBUG[0m [2mhyper::proto::h1::io[0m[2m:[0m parsed 4 headers
[2m2025-12-10T10:12:15.303673Z[0m [34mDEBUG[0m [2mhyper::proto::h1::conn[0m[2m:[0m incoming body is content-length (45 bytes)
[2m2025-12-10T10:12:15.303711Z[0m [34mDEBUG[0m [2mhyper::proto::h1::conn[0m[2m:[0m incoming body completed
[2m2025-12-10T10:12:15.303747Z[0m [34mDEBUG[0m [2mhyper::client::pool[0m[2m:[0m pooling idle connection for ("http", 192.168.0.14:8545)
[2m2025-12-10T10:12:15.319946Z[0m [34mDEBUG[0m [2methereum_transaction_pool_monitor::eth_client[0m[2m:[0m 📨 Received WebSocket message: {"jsonrpc":"2.0","method":"eth_subscription","params":{"subscription":"0xbed0a0851463e895960a451075a301a9","result":"0x2b9c6d2fadeee54d80c80f6e3a261fb37dd23c3e0d04c95269b705c5bcba00f9"}}
[2m2025-12-10T10:12:15.320007Z[0m [34mDEBUG[0m [2methereum_transaction_pool_monitor::eth_client[0m[2m:[0m 📨 Received pending transaction: 0x2b9c6d2fadeee54d80c80f6e3a261fb37dd23c3e0d04c95269b705c5bcba00f9
[2m2025-12-10T10:12:15.320215Z[0m [34mDEBUG[0m [2methereum_transaction_pool_monitor::mempool_monitor[0m[2m:[0m 📨 Processing new pending transaction: 0x2b9c6d2fadeee54d80c80f6e3a261fb37dd23c3e0d04c95269b705c5bcba00f9
[2m2025-12-10T10:12:15.320250Z[0m [34mDEBUG[0m [2methereum_transaction_pool_monitor::mempool_monitor[0m[2m:[0m 🔍 Fetching transaction details for: 0x2b9c6d2fadeee54d80c80f6e3a261fb37dd23c3e0d04c95269b705c5bcba00f9
[2m2025-12-10T10:12:15.320270Z[0m [34mDEBUG[0m [2methereum_transaction_pool_monitor::eth_client[0m[2m:[0m 🔍 Fetching transaction details for hash: 0x2b9c6d2fadeee54d80c80f6e3a261fb37dd23c3e0d04c95269b705c5bcba00f9
[2m2025-12-10T10:12:15.320345Z[0m [34mDEBUG[0m [2mhyper::client::pool[0m[2m:[0m reuse idle connection for ("http", 192.168.0.14:8545)
[2m2025-12-10T10:12:15.320441Z[0m [34mDEBUG[0m [2mhyper::proto::h1::io[0m[2m:[0m flushed 250 bytes
[2m2025-12-10T10:12:15.324055Z[0m [34mDEBUG[0m [2methereum_transaction_pool_monitor::eth_client[0m[2m:[0m 📨 Received WebSocket message: {"jsonrpc":"2.0","method":"eth_subscription","params":{"subscription":"0xbed0a0851463e895960a451075a301a9","result":"0x49573eeda87bffb805ae8905cfc41dfd88b7099120c1e638f43764a25f92c3b0"}}
[2m2025-12-10T10:12:15.324111Z[0m [34mDEBUG[0m [2methereum_transaction_pool_monitor::eth_client[0m[2m:[0m 📨 Received pending transaction: 0x49573eeda87bffb805ae8905cfc41dfd88b7099120c1e638f43764a25f92c3b0
[2m2025-12-10T10:12:15.326409Z[0m [34mDEBUG[0m [2mhyper::proto::h1::io[0m[2m:[0m parsed 4 headers
[2m2025-12-10T10:12:15.326453Z[0m [34mDEBUG[0m [2mhyper::proto::h1::conn[0m[2m:[0m incoming body is content-length (5988 bytes)
[2m2025-12-10T10:12:15.326525Z[0m [34mDEBUG[0m [2methereum_transaction_pool_monitor::eth_client[0m[2m:[0m 📡 Transaction fetch RPC completed in 6.234542ms
[2m2025-12-10T10:12:15.326617Z[0m [34mDEBUG[0m [2mhyper::proto::h1::conn[0m[2m:[0m incoming body completed
[2m2025-12-10T10:12:15.326659Z[0m [34mDEBUG[0m [2mhyper::client::pool[0m[2m:[0m pooling idle connection for ("http", 192.168.0.14:8545)
[2m2025-12-10T10:12:15.332068Z[0m [34mDEBUG[0m [2methereum_transaction_pool_monitor::eth_client[0m[2m:[0m 📨 Received WebSocket message: {"jsonrpc":"2.0","method":"eth_subscription","params":{"subscription":"0xbed0a0851463e895960a451075a301a9","result":"0x9171fe8ed63724308d6bfb35b2ddfc4b2b6d14c6d6e2cd029d8ac953815c6721"}}
[2m2025-12-10T10:12:15.332146Z[0m [34mDEBUG[0m [2methereum_transaction_pool_monitor::eth_client[0m[2m:[0m 📨 Received pending transaction: 0x9171fe8ed63724308d6bfb35b2ddfc4b2b6d14c6d6e2cd029d8ac953815c6721
[2m2025-12-10T10:12:15.400219Z[0m [34mDEBUG[0m [2mhyper::client::pool[0m[2m:[0m reuse idle connection for ("http", 192.168.0.14:8545)
[2m2025-12-10T10:12:15.400260Z[0m [34mDEBUG[0m [2mhyper::proto::h1::io[0m[2m:[0m flushed 172 bytes
[2m2025-12-10T10:12:15.403113Z[0m [34mDEBUG[0m [2mhyper::proto::h1::io[0m[2m:[0m parsed 4 headers
[2m2025-12-10T10:12:15.403118Z[0m [34mDEBUG[0m [2mhyper::proto::h1::conn[0m[2m:[0m incoming body is content-length (45 bytes)
[2m2025-12-10T10:12:15.403126Z[0m [34mDEBUG[0m [2mhyper::proto::h1::conn[0m[2m:[0m incoming body completed
[2m2025-12-10T10:12:15.403134Z[0m [34mDEBUG[0m [2mhyper::client::pool[0m[2m:[0m pooling idle connection for ("http", 192.168.0.14:8545)
[2m2025-12-10T10:12:15.428725Z[0m [34mDEBUG[0m [2methereum_transaction_pool_monitor::eth_client[0m[2m:[0m ✅ Transaction 0x2b9c6d2fadeee54d80c80f6e3a261fb37dd23c3e0d04c95269b705c5bcba00f9 fetched and parsed in 108.433292ms
[2m2025-12-10T10:12:15.428751Z[0m [34mDEBUG[0m [2methereum_transaction_pool_monitor::mempool_monitor[0m[2m:[0m 🔍 Skipping tx 0x2b9c6d2fadeee54d80c80f6e3a261fb37dd23c3e0d04c95269b705c5bcba00f9 - not a DEX interaction (target: 0xc662c410C0ECf747543f5bA90660f6ABeBD9C8c4)
[2m2025-12-10T10:12:15.428762Z[0m [34mDEBUG[0m [2methereum_transaction_pool_monitor::mempool_monitor[0m[2m:[0m 📨 Processing new pending transaction: 0x49573eeda87bffb805ae8905cfc41dfd88b7099120c1e638f43764a25f92c3b0
[2m2025-12-10T10:12:15.428767Z[0m [34mDEBUG[0m [2methereum_transaction_pool_monitor::mempool_monitor[0m[2m:[0m 🔍 Fetching transaction details for: 0x49573eeda87bffb805ae8905cfc41dfd88b7099120c1e638f43764a25f92c3b0
[2m2025-12-10T10:12:15.428772Z[0m [34mDEBUG[0m [2methereum_transaction_pool_monitor::eth_client[0m[2m:[0m 🔍 Fetching transaction details for hash: 0x49573eeda87bffb805ae8905cfc41dfd88b7099120c1e638f43764a25f92c3b0
[2m2025-12-10T10:12:15.428789Z[0m [34mDEBUG[0m [2mhyper::client::pool[0m[2m:[0m reuse idle connection for ("http", 192.168.0.14:8545)
[2m2025-12-10T10:12:15.428836Z[0m [34mDEBUG[0m [2mhyper::proto::h1::io[0m[2m:[0m flushed 250 bytes
[2m2025-12-10T10:12:15.444699Z[0m [34mDEBUG[0m [2mhyper::proto::h1::io[0m[2m:[0m parsed 4 headers
[2m2025-12-10T10:12:15.444706Z[0m [34mDEBUG[0m [2mhyper::proto::h1::conn[0m[2m:[0m incoming body is content-length (774 bytes)
[2m2025-12-10T10:12:15.444712Z[0m [34mDEBUG[0m [2mhyper::proto::h1::conn[0m[2m:[0m incoming body completed
[2m2025-12-10T10:12:15.444720Z[0m [34mDEBUG[0m [2mhyper::client::pool[0m[2m:[0m pooling idle connection for ("http", 192.168.0.14:8545)
[2m2025-12-10T10:12:15.444726Z[0m [34mDEBUG[0m [2methereum_transaction_pool_monitor::eth_client[0m[2m:[0m 📡 Transaction fetch RPC completed in 15.950375ms
[2m2025-12-10T10:12:15.444740Z[0m [34mDEBUG[0m [2methereum_transaction_pool_monitor::eth_client[0m[2m:[0m DeFi transaction detected - Address: 0xdac17f958d2ee523a2206206994597c13d831ec7, Type: Stablecoin, Value: 0 ETH, Gas: 12.00 Gwei
[2m2025-12-10T10:12:15.444752Z[0m [34mDEBUG[0m [2methereum_transaction_pool_monitor::eth_client[0m[2m:[0m ✅ Transaction 0x49573eeda87bffb805ae8905cfc41dfd88b7099120c1e638f43764a25f92c3b0 fetched and parsed in 15.976042ms
[2m2025-12-10T10:12:15.444757Z[0m [34mDEBUG[0m [2methereum_transaction_pool_monitor::mempool_monitor[0m[2m:[0m 🔍 Skipping tx 0x49573eeda87bffb805ae8905cfc41dfd88b7099120c1e638f43764a25f92c3b0 - not a DEX interaction (target: 0xdAC17F958D2ee523a2206206994597C13D831ec7)
[2m2025-12-10T10:12:15.444763Z[0m [34mDEBUG[0m [2methereum_transaction_pool_monitor::mempool_monitor[0m[2m:[0m 📨 Processing new pending transaction: 0x9171fe8ed63724308d6bfb35b2ddfc4b2b6d14c6d6e2cd029d8ac953815c6721
[2m2025-12-10T10:12:15.444766Z[0m [34mDEBUG[0m [2methereum_transaction_pool_monitor::mempool_monitor[0m[2m:[0m 🔍 Fetching transaction details for: 0x9171fe8ed63724308d6bfb35b2ddfc4b2b6d14c6d6e2cd029d8ac953815c6721
[2m2025-12-10T10:12:15.444770Z[0m [34mDEBUG[0m [2methereum_transaction_pool_monitor::eth_client[0m[2m:[0m 🔍 Fetching transaction details for hash: 0x9171fe8ed63724308d6bfb35b2ddfc4b2b6d14c6d6e2cd029d8ac953815c6721
[2m2025-12-10T10:12:15.444780Z[0m [34mDEBUG[0m [2mhyper::client::pool[0m[2m:[0m reuse idle connection for ("http", 192.168.0.14:8545)
[2m2025-12-10T10:12:15.444795Z[0m [34mDEBUG[0m [2mhyper::proto::h1::io[0m[2m:[0m flushed 250 bytes
[2m2025-12-10T10:12:15.459321Z[0m [34mDEBUG[0m [2mhyper::proto::h1::io[0m[2m:[0m parsed 4 headers
[2m2025-12-10T10:12:15.459337Z[0m [34mDEBUG[0m [2mhyper::proto::h1::conn[0m[2m:[0m incoming body is content-length (676 bytes)
[2m2025-12-10T10:12:15.459350Z[0m [34mDEBUG[0m [2mhyper::proto::h1::conn[0m[2m:[0m incoming body completed
[2m2025-12-10T10:12:15.459363Z[0m [34mDEBUG[0m [2mhyper::client::pool[0m[2m:[0m pooling idle connection for ("http", 192.168.0.14:8545)
[2m2025-12-10T10:12:15.459372Z[0m [34mDEBUG[0m [2methereum_transaction_pool_monitor::eth_client[0m[2m:[0m 📡 Transaction fetch RPC completed in 14.599ms
[2m2025-12-10T10:12:15.529685Z[0m [34mDEBUG[0m [2methereum_transaction_pool_monitor::eth_client[0m[2m:[0m ✅ Transaction 0x9171fe8ed63724308d6bfb35b2ddfc4b2b6d14c6d6e2cd029d8ac953815c6721 fetched and parsed in 84.9095ms
[2m2025-12-10T10:12:15.529713Z[0m [34mDEBUG[0m [2methereum_transaction_pool_monitor::mempool_monitor[0m[2m:[0m 🔍 Skipping tx 0x9171fe8ed63724308d6bfb35b2ddfc4b2b6d14c6d6e2cd029d8ac953815c6721 - not a DEX interaction (target: 0xFDFfB411C4A70AA7C95D5C981a6Fb4Da867e1111)
[2m2025-12-10T10:12:15.529760Z[0m [34mDEBUG[0m [2mhyper::client::pool[0m[2m:[0m reuse idle connection for ("http", 192.168.0.14:8545)
[2m2025-12-10T10:12:15.529797Z[0m [34mDEBUG[0m [2mhyper::proto::h1::io[0m[2m:[0m flushed 172 bytes
[2m2025-12-10T10:12:15.538885Z[0m [34mDEBUG[0m [2methereum_transaction_pool_monitor::eth_client[0m[2m:[0m 📨 Received WebSocket message: {"jsonrpc":"2.0","method":"eth_subscription","params":{"subscription":"0xbed0a0851463e895960a451075a301a9","result":"0x156eebf6611e2aa5a65d9b35ac10fc4efdfc88c0d5c511c9a8c9930a879721c1"}}
[2m2025-12-10T10:12:15.538915Z[0m [34mDEBUG[0m [2methereum_transaction_pool_monitor::eth_client[0m[2m:[0m 📨 Received pending transaction: 0x156eebf6611e2aa5a65d9b35ac10fc4efdfc88c0d5c511c9a8c9930a879721c1
[2m2025-12-10T10:12:15.538924Z[0m [34mDEBUG[0m [2methereum_transaction_pool_monitor::mempool_monitor[0m[2m:[0m 📨 Processing new pending transaction: 0x156eebf6611e2aa5a65d9b35ac10fc4efdfc88c0d5c511c9a8c9930a879721c1
[2m2025-12-10T10:12:15.538938Z[0m [34mDEBUG[0m [2methereum_transaction_pool_monitor::mempool_monitor[0m[2m:[0m 🔍 Fetching transaction details for: 0x156eebf6611e2aa5a65d9b35ac10fc4efdfc88c0d5c511c9a8c9930a879721c1
[2m2025-12-10T10:12:15.538941Z[0m [34mDEBUG[0m [2methereum_transaction_pool_monitor::eth_client[0m[2m:[0m 🔍 Fetching transaction details for hash: 0x156eebf6611e2aa5a65d9b35ac10fc4efdfc88c0d5c511c9a8c9930a879721c1
[2m2025-12-10T10:12:15.538952Z[0m [34mDEBUG[0m [2mhyper::client::pool[0m[2m:[0m reuse idle connection for ("http", 192.168.0.14:8545)
[2m2025-12-10T10:12:15.538965Z[0m [34mDEBUG[0m [2mhyper::proto::h1::io[0m[2m:[0m flushed 250 bytes
[2m2025-12-10T10:12:15.542772Z[0m [34mDEBUG[0m [2methereum_transaction_pool_monitor::eth_client[0m[2m:[0m 📨 Received WebSocket message: {"jsonrpc":"2.0","method":"eth_subscription","params":{"subscription":"0xbed0a0851463e895960a451075a301a9","result":"0x805b4de0363d65cbcac730250fddf9a1c30090d344280776856350609ef30701"}}
[2m2025-12-10T10:12:15.542780Z[0m [34mDEBUG[0m [2methereum_transaction_pool_monitor::eth_client[0m[2m:[0m 📨 Received pending transaction: 0x805b4de0363d65cbcac730250fddf9a1c30090d344280776856350609ef30701
[2m2025-12-10T10:12:15.542786Z[0m [34mDEBUG[0m [2methereum_transaction_pool_monitor::eth_client[0m[2m:[0m 📨 Received WebSocket message: {"jsonrpc":"2.0","method":"eth_subscription","params":{"subscription":"0xbed0a0851463e895960a451075a301a9","result":"0x18a55fb8da582aef818705e6311d2a62fe0c6db0f5cc6f0c0529059bc9eb13c1"}}
[2m2025-12-10T10:12:15.542793Z[0m [34mDEBUG[0m [2methereum_transaction_pool_monitor::eth_client[0m[2m:[0m 📨 Received pending transaction: 0x18a55fb8da582aef818705e6311d2a62fe0c6db0f5cc6f0c0529059bc9eb13c1
[2m2025-12-10T10:12:15.542800Z[0m [34mDEBUG[0m [2methereum_transaction_pool_monitor::eth_client[0m[2m:[0m 📨 Received WebSocket message: {"jsonrpc":"2.0","method":"eth_subscription","params":{"subscription":"0xbed0a0851463e895960a451075a301a9","result":"0x76714a8dcc7e286bffa412d94582d16e23fdfa1275e75d67a24c83faa2c01106"}}
[2m2025-12-10T10:12:15.542806Z[0m [34mDEBUG[0m [2methereum_transaction_pool_monitor::eth_client[0m[2m:[0m 📨 Received pending transaction: 0x76714a8dcc7e286bffa412d94582d16e23fdfa1275e75d67a24c83faa2c01106
[2m2025-12-10T10:12:15.542831Z[0m [34mDEBUG[0m [2mhyper::proto::h1::io[0m[2m:[0m parsed 4 headers
[2m2025-12-10T10:12:15.542840Z[0m [34mDEBUG[0m [2mhyper::proto::h1::conn[0m[2m:[0m incoming body is content-length (45 bytes)
[2m2025-12-10T10:12:15.542847Z[0m [34mDEBUG[0m [2mhyper::proto::h1::conn[0m[2m:[0m incoming body completed
[2m2025-12-10T10:12:15.542854Z[0m [34mDEBUG[0m [2mhyper::client::pool[0m[2m:[0m pooling idle connection for ("http", 192.168.0.14:8545)
[2m2025-12-10T10:12:15.556333Z[0m [34mDEBUG[0m [2mhyper::proto::h1::io[0m[2m:[0m parsed 4 headers
[2m2025-12-10T10:12:15.556352Z[0m [34mDEBUG[0m [2mhyper::proto::h1::conn[0m[2m:[0m incoming body is content-length (1173 bytes)
[2m2025-12-10T10:12:15.556369Z[0m [34mDEBUG[0m [2mhyper::proto::h1::conn[0m[2m:[0m incoming body completed
[2m2025-12-10T10:12:15.556391Z[0m [34mDEBUG[0m [2mhyper::client::pool[0m[2m:[0m pooling idle connection for ("http", 192.168.0.14:8545)
[2m2025-12-10T10:12:15.556398Z[0m [34mDEBUG[0m [2methereum_transaction_pool_monitor::eth_client[0m[2m:[0m 📡 Transaction fetch RPC completed in 17.452417ms
[2m2025-12-10T10:12:15.625995Z[0m [34mDEBUG[0m [2methereum_transaction_pool_monitor::eth_client[0m[2m:[0m ✅ Transaction 0x156eebf6611e2aa5a65d9b35ac10fc4efdfc88c0d5c511c9a8c9930a879721c1 fetched and parsed in 87.047542ms
[2m2025-12-10T10:12:15.626018Z[0m [34mDEBUG[0m [2methereum_transaction_pool_monitor::mempool_monitor[0m[2m:[0m 🔍 Skipping tx 0x156eebf6611e2aa5a65d9b35ac10fc4efdfc88c0d5c511c9a8c9930a879721c1 - not a DEX interaction (target: 0xa13BAF47339d63B743e7Da8741db5456DAc1E556)
[2m2025-12-10T10:12:15.626029Z[0m [34mDEBUG[0m [2methereum_transaction_pool_monitor::mempool_monitor[0m[2m:[0m 📨 Processing new pending transaction: 0x805b4de0363d65cbcac730250fddf9a1c30090d344280776856350609ef30701
[2m2025-12-10T10:12:15.626037Z[0m [34mDEBUG[0m [2methereum_transaction_pool_monitor::mempool_monitor[0m[2m:[0m 🔍 Fetching transaction details for: 0x805b4de0363d65cbcac730250fddf9a1c30090d344280776856350609ef30701
[2m2025-12-10T10:12:15.626042Z[0m [34mDEBUG[0m [2methereum_transaction_pool_monitor::eth_client[0m[2m:[0m 🔍 Fetching transaction details for hash: 0x805b4de0363d65cbcac730250fddf9a1c30090d344280776856350609ef30701
[2m2025-12-10T10:12:15.626059Z[0m [34mDEBUG[0m [2mhyper::client::pool[0m[2m:[0m reuse idle connection for ("http", 192.168.0.14:8545)
[2m2025-12-10T10:12:15.626106Z[0m [34mDEBUG[0m [2mhyper::proto::h1::io[0m[2m:[0m flushed 250 bytes
[2m2025-12-10T10:12:15.626124Z[0m [34mDEBUG[0m [2mhyper::client::pool[0m[2m:[0m reuse idle connection for ("http", 192.168.0.14:8545)
[2m2025-12-10T10:12:15.626134Z[0m [34mDEBUG[0m [2methereum_transaction_pool_monitor::eth_client[0m[2m:[0m 📨 Received WebSocket message: {"jsonrpc":"2.0","method":"eth_subscription","params":{"subscription":"0xbed0a0851463e895960a451075a301a9","result":"0xa1c82dbb8d8e743e2d872e582f03416d5c701ce0f4a5e1785e5208e46097384e"}}
[2m2025-12-10T10:12:15.626138Z[0m [34mDEBUG[0m [2mhyper::proto::h1::io[0m[2m:[0m flushed 172 bytes
[2m2025-12-10T10:12:15.626148Z[0m [34mDEBUG[0m [2methereum_transaction_pool_monitor::eth_client[0m[2m:[0m 📨 Received pending transaction: 0xa1c82dbb8d8e743e2d872e582f03416d5c701ce0f4a5e1785e5208e46097384e
[2m2025-12-10T10:12:15.626156Z[0m [34mDEBUG[0m [2methereum_transaction_pool_monitor::eth_client[0m[2m:[0m 📨 Received WebSocket message: {"jsonrpc":"2.0","method":"eth_subscription","params":{"subscription":"0xbed0a0851463e895960a451075a301a9","result":"0x65fcdbcff0a3267e56f76708dfa6d926fc5d351690363dd899de030d2907e28c"}}
[2m2025-12-10T10:12:15.626164Z[0m [34mDEBUG[0m [2methereum_transaction_pool_monitor::eth_client[0m[2m:[0m 📨 Received pending transaction: 0x65fcdbcff0a3267e56f76708dfa6d926fc5d351690363dd899de030d2907e28c
[2m2025-12-10T10:12:15.626170Z[0m [34mDEBUG[0m [2methereum_transaction_pool_monitor::eth_client[0m[2m:[0m 📨 Received WebSocket message: {"jsonrpc":"2.0","method":"eth_subscription","params":{"subscription":"0xbed0a0851463e895960a451075a301a9","result":"0x702b77189c67875364e780ff739363192258544cc3a4a422895390ade79ad25e"}}
[2m2025-12-10T10:12:15.626178Z[0m [34mDEBUG[0m [2methereum_transaction_pool_monitor::eth_client[0m[2m:[0m 📨 Received pending transaction: 0x702b77189c67875364e780ff739363192258544cc3a4a422895390ade79ad25e
[2m2025-12-10T10:12:15.630324Z[0m [34mDEBUG[0m [2mhyper::proto::h1::io[0m[2m:[0m parsed 4 headers
[2m2025-12-10T10:12:15.630471Z[0m [34mDEBUG[0m [2mhyper::proto::h1::conn[0m[2m:[0m incoming body is content-length (45 bytes)
[2m2025-12-10T10:12:15.630481Z[0m [34mDEBUG[0m [2mhyper::proto::h1::conn[0m[2m:[0m incoming body completed
[2m2025-12-10T10:12:15.630490Z[0m [34mDEBUG[0m [2mhyper::client::pool[0m[2m:[0m pooling idle connection for ("http", 192.168.0.14:8545)
[2m2025-12-10T10:12:15.639452Z[0m [34mDEBUG[0m [2mhyper::proto::h1::io[0m[2m:[0m parsed 4 headers
[2m2025-12-10T10:12:15.639472Z[0m [34mDEBUG[0m [2mhyper::proto::h1::conn[0m[2m:[0m incoming body is content-length (830 bytes)
[2m2025-12-10T10:12:15.639489Z[0m [34mDEBUG[0m [2mhyper::proto::h1::conn[0m[2m:[0m incoming body completed
[2m2025-12-10T10:12:15.639516Z[0m [34mDEBUG[0m [2mhyper::client::pool[0m[2m:[0m pooling idle connection for ("http", 192.168.0.14:8545)
[2m2025-12-10T10:12:15.639521Z[0m [34mDEBUG[0m [2methereum_transaction_pool_monitor::eth_client[0m[2m:[0m 📡 Transaction fetch RPC completed in 13.473125ms
[2m2025-12-10T10:12:15.709843Z[0m [34mDEBUG[0m [2methereum_transaction_pool_monitor::eth_client[0m[2m:[0m ✅ Transaction 0x805b4de0363d65cbcac730250fddf9a1c30090d344280776856350609ef30701 fetched and parsed in 83.792375ms
[2m2025-12-10T10:12:15.709880Z[0m [34mDEBUG[0m [2methereum_transaction_pool_monitor::mempool_monitor[0m[2m:[0m 🔍 Skipping tx 0x805b4de0363d65cbcac730250fddf9a1c30090d344280776856350609ef30701 - not a DEX interaction (target: 0x3B4D794a66304F130a4Db8F2551B0070dfCf5ca7)
[2m2025-12-10T10:12:15.709891Z[0m [34mDEBUG[0m [2methereum_transaction_pool_monitor::mempool_monitor[0m[2m:[0m 📨 Processing new pending transaction: 0x18a55fb8da582aef818705e6311d2a62fe0c6db0f5cc6f0c0529059bc9eb13c1
[2m2025-12-10T10:12:15.709896Z[0m [34mDEBUG[0m [2methereum_transaction_pool_monitor::mempool_monitor[0m[2m:[0m 🔍 Fetching transaction details for: 0x18a55fb8da582aef818705e6311d2a62fe0c6db0f5cc6f0c0529059bc9eb13c1
[2m2025-12-10T10:12:15.709900Z[0m [34mDEBUG[0m [2methereum_transaction_pool_monitor::eth_client[0m[2m:[0m 🔍 Fetching transaction details for hash: 0x18a55fb8da582aef818705e6311d2a62fe0c6db0f5cc6f0c0529059bc9eb13c1
[2m2025-12-10T10:12:15.709921Z[0m [34mDEBUG[0m [2mhyper::client::pool[0m[2m:[0m reuse idle connection for ("http", 192.168.0.14:8545)
[2m2025-12-10T10:12:15.709986Z[0m [34mDEBUG[0m [2mhyper::proto::h1::io[0m[2m:[0m flushed 250 bytes
[2m2025-12-10T10:12:15.710008Z[0m [34mDEBUG[0m [2mhyper::client::pool[0m[2m:[0m reuse idle connection for ("http", 192.168.0.14:8545)
[2m2025-12-10T10:12:15.710016Z[0m [34mDEBUG[0m [2methereum_transaction_pool_monitor::eth_client[0m[2m:[0m 📨 Received WebSocket message: {"jsonrpc":"2.0","method":"eth_subscription","params":{"subscription":"0xbed0a0851463e895960a451075a301a9","result":"0x6ff3cece8609db339f6a4387fecf6118d090c8d964c1894463dbdd59e929050d"}}
[2m2025-12-10T10:12:15.710025Z[0m [34mDEBUG[0m [2mhyper::proto::h1::io[0m[2m:[0m flushed 172 bytes
[2m2025-12-10T10:12:15.710026Z[0m [34mDEBUG[0m [2methereum_transaction_pool_monitor::eth_client[0m[2m:[0m 📨 Received pending transaction: 0x6ff3cece8609db339f6a4387fecf6118d090c8d964c1894463dbdd59e929050d
[2m2025-12-10T10:12:15.715061Z[0m [34mDEBUG[0m [2mhyper::proto::h1::io[0m[2m:[0m parsed 4 headers
[2m2025-12-10T10:12:15.718108Z[0m [34mDEBUG[0m [2mhyper::proto::h1::conn[0m[2m:[0m incoming body is content-length (45 bytes)
[2m2025-12-10T10:12:15.718125Z[0m [34mDEBUG[0m [2mhyper::proto::h1::conn[0m[2m:[0m incoming body completed
[2m2025-12-10T10:12:15.718146Z[0m [34mDEBUG[0m [2mhyper::client::pool[0m[2m:[0m pooling idle connection for ("http", 192.168.0.14:8545)
[2m2025-12-10T10:12:15.718177Z[0m [34mDEBUG[0m [2mhyper::proto::h1::io[0m[2m:[0m parsed 4 headers
[2m2025-12-10T10:12:15.718182Z[0m [34mDEBUG[0m [2mhyper::proto::h1::conn[0m[2m:[0m incoming body is content-length (654 bytes)
[2m2025-12-10T10:12:15.718187Z[0m [34mDEBUG[0m [2mhyper::proto::h1::conn[0m[2m:[0m incoming body completed
[2m2025-12-10T10:12:15.718207Z[0m [34mDEBUG[0m [2mhyper::client::pool[0m[2m:[0m pooling idle connection for ("http", 192.168.0.14:8545)
[2m2025-12-10T10:12:15.718213Z[0m [34mDEBUG[0m [2methereum_transaction_pool_monitor::eth_client[0m[2m:[0m 📡 Transaction fetch RPC completed in 8.308417ms
[2m2025-12-10T10:12:15.786849Z[0m [34mDEBUG[0m [2methereum_transaction_pool_monitor::eth_client[0m[2m:[0m ✅ Transaction 0x18a55fb8da582aef818705e6311d2a62fe0c6db0f5cc6f0c0529059bc9eb13c1 fetched and parsed in 76.941917ms
[2m2025-12-10T10:12:15.786878Z[0m [34mDEBUG[0m [2methereum_transaction_pool_monitor::mempool_monitor[0m[2m:[0m 🔍 Skipping tx 0x18a55fb8da582aef818705e6311d2a62fe0c6db0f5cc6f0c0529059bc9eb13c1 - not a DEX interaction (target: 0xF434e98B1244aDA5a09f3Cf4fcd7C03A80F57482)
[2m2025-12-10T10:12:15.786888Z[0m [34mDEBUG[0m [2methereum_transaction_pool_monitor::mempool_monitor[0m[2m:[0m 📨 Processing new pending transaction: 0x76714a8dcc7e286bffa412d94582d16e23fdfa1275e75d67a24c83faa2c01106
[2m2025-12-10T10:12:15.786892Z[0m [34mDEBUG[0m [2methereum_transaction_pool_monitor::mempool_monitor[0m[2m:[0m 🔍 Fetching transaction details for: 0x76714a8dcc7e286bffa412d94582d16e23fdfa1275e75d67a24c83faa2c01106
[2m2025-12-10T10:12:15.786895Z[0m [34mDEBUG[0m [2methereum_transaction_pool_monitor::eth_client[0m[2m:[0m 🔍 Fetching transaction details for hash: 0x76714a8dcc7e286bffa412d94582d16e23fdfa1275e75d67a24c83faa2c01106
[2m2025-12-10T10:12:15.786914Z[0m [34mDEBUG[0m [2mhyper::client::pool[0m[2m:[0m reuse idle connection for ("http", 192.168.0.14:8545)
[2m2025-12-10T10:12:15.786969Z[0m [34mDEBUG[0m [2mhyper::proto::h1::io[0m[2m:[0m flushed 250 bytes
[2m2025-12-10T10:12:15.786987Z[0m [34mDEBUG[0m [2methereum_transaction_pool_monitor::eth_client[0m[2m:[0m 📨 Received WebSocket message: {"jsonrpc":"2.0","method":"eth_subscription","params":{"subscription":"0xbed0a0851463e895960a451075a301a9","result":"0x66c38eb52f8db161fddca329bb522d5526d9a1f1e7a826daecbdd17759ade443"}}
[2m2025-12-10T10:12:15.786994Z[0m [34mDEBUG[0m [2methereum_transaction_pool_monitor::eth_client[0m[2m:[0m 📨 Received pending transaction: 0x66c38eb52f8db161fddca329bb522d5526d9a1f1e7a826daecbdd17759ade443
[2m2025-12-10T10:12:15.786999Z[0m [34mDEBUG[0m [2methereum_transaction_pool_monitor::eth_client[0m[2m:[0m 📨 Received WebSocket message: {"jsonrpc":"2.0","method":"eth_subscription","params":{"subscription":"0xbed0a0851463e895960a451075a301a9","result":"0xd9ea5e9c00b4ac868d6f773d0db3d0008b4f0e25aae0bf74bd1903a104c9668f"}}
[2m2025-12-10T10:12:15.787003Z[0m [34mDEBUG[0m [2methereum_transaction_pool_monitor::eth_client[0m[2m:[0m 📨 Received pending transaction: 0xd9ea5e9c00b4ac868d6f773d0db3d0008b4f0e25aae0bf74bd1903a104c9668f
[2m2025-12-10T10:12:15.798044Z[0m [34mDEBUG[0m [2mhyper::client::pool[0m[2m:[0m reuse idle connection for ("http", 192.168.0.14:8545)
[2m2025-12-10T10:12:15.798104Z[0m [34mDEBUG[0m [2mhyper::proto::h1::io[0m[2m:[0m flushed 172 bytes
[2m2025-12-10T10:12:15.814993Z[0m [34mDEBUG[0m [2methereum_transaction_pool_monitor::eth_client[0m[2m:[0m 📨 Received WebSocket message: {"jsonrpc":"2.0","method":"eth_subscription","params":{"subscription":"0xbed0a0851463e895960a451075a301a9","result":"0x2ceb9f3d3f93ee7f67c55d484f3fbbbcf78df377539679c588a3fa9780119499"}}
[2m2025-12-10T10:12:15.815027Z[0m [34mDEBUG[0m [2methereum_transaction_pool_monitor::eth_client[0m[2m:[0m 📨 Received pending transaction: 0x2ceb9f3d3f93ee7f67c55d484f3fbbbcf78df377539679c588a3fa9780119499
[2m2025-12-10T10:12:15.815057Z[0m [34mDEBUG[0m [2mhyper::proto::h1::io[0m[2m:[0m parsed 4 headers
[2m2025-12-10T10:12:15.815060Z[0m [34mDEBUG[0m [2mhyper::proto::h1::conn[0m[2m:[0m incoming body is content-length (10566 bytes)
[2m2025-12-10T10:12:15.815078Z[0m [34mDEBUG[0m [2methereum_transaction_pool_monitor::eth_client[0m[2m:[0m 📡 Transaction fetch RPC completed in 28.17875ms
[2m2025-12-10T10:12:15.815097Z[0m [34mDEBUG[0m [2mhyper::proto::h1::conn[0m[2m:[0m incoming body completed
[2m2025-12-10T10:12:15.815106Z[0m [34mDEBUG[0m [2mhyper::client::pool[0m[2m:[0m pooling idle connection for ("http", 192.168.0.14:8545)
[2m2025-12-10T10:12:15.816727Z[0m [34mDEBUG[0m [2mhyper::proto::h1::io[0m[2m:[0m parsed 4 headers
[2m2025-12-10T10:12:15.816733Z[0m [34mDEBUG[0m [2mhyper::proto::h1::conn[0m[2m:[0m incoming body is content-length (45 bytes)
[2m2025-12-10T10:12:15.816738Z[0m [34mDEBUG[0m [2mhyper::proto::h1::conn[0m[2m:[0m incoming body completed
[2m2025-12-10T10:12:15.816746Z[0m [34mDEBUG[0m [2mhyper::client::pool[0m[2m:[0m pooling idle connection for ("http", 192.168.0.14:8545)
[2m2025-12-10T10:12:15.832888Z[0m [34mDEBUG[0m [2methereum_transaction_pool_monitor::eth_client[0m[2m:[0m 📨 Received WebSocket message: {"jsonrpc":"2.0","method":"eth_subscription","params":{"subscription":"0xbed0a0851463e895960a451075a301a9","result":"0xa1f197036bad8a4c6ff1b2cb83088af29a7c98a54b4b079c9b66ad39b06836d3"}}
[2m2025-12-10T10:12:15.832912Z[0m [34mDEBUG[0m [2methereum_transaction_pool_monitor::eth_client[0m[2m:[0m 📨 Received pending transaction: 0xa1f197036bad8a4c6ff1b2cb83088af29a7c98a54b4b079c9b66ad39b06836d3
[2m2025-12-10T10:12:15.859429Z[0m [34mDEBUG[0m [2methereum_transaction_pool_monitor::eth_client[0m[2m:[0m 📨 Received WebSocket message: {"jsonrpc":"2.0","method":"eth_subscription","params":{"subscription":"0xbed0a0851463e895960a451075a301a9","result":"0xc041e5801f5cb472618a17b6cb80785489f548b95b1e21aa720c761d19ce2768"}}
[2m2025-12-10T10:12:15.859454Z[0m [34mDEBUG[0m [2methereum_transaction_pool_monitor::eth_client[0m[2m:[0m 📨 Received pending transaction: 0xc041e5801f5cb472618a17b6cb80785489f548b95b1e21aa720c761d19ce2768
[2m2025-12-10T10:12:15.880621Z[0m [34mDEBUG[0m [2methereum_transaction_pool_monitor::eth_client[0m[2m:[0m 📨 Received WebSocket message: {"jsonrpc":"2.0","method":"eth_subscription","params":{"subscription":"0xbed0a0851463e895960a451075a301a9","result":"0xb17bd7cc696f72b1f8c9f3fdd12369c40c8a3e9e806bdf5bb95c2d48c6161c5d"}}
[2m2025-12-10T10:12:15.880646Z[0m [34mDEBUG[0m [2methereum_transaction_pool_monitor::eth_client[0m[2m:[0m 📨 Received pending transaction: 0xb17bd7cc696f72b1f8c9f3fdd12369c40c8a3e9e806bdf5bb95c2d48c6161c5d
[2m2025-12-10T10:12:15.883909Z[0m [34mDEBUG[0m [2methereum_transaction_pool_monitor::eth_client[0m[2m:[0m ✅ Transaction 0x76714a8dcc7e286bffa412d94582d16e23fdfa1275e75d67a24c83faa2c01106 fetched and parsed in 97.008375ms
[2m2025-12-10T10:12:15.883925Z[0m [34mDEBUG[0m [2methereum_transaction_pool_monitor::mempool_monitor[0m[2m:[0m 🔍 Skipping tx 0x76714a8dcc7e286bffa412d94582d16e23fdfa1275e75d67a24c83faa2c01106 - not a DEX interaction (target: 0xA9f9bF2b643348c0884f2eBA4F712E833DA9a2b8)
[2m2025-12-10T10:12:15.883934Z[0m [34mDEBUG[0m [2methereum_transaction_pool_monitor::mempool_monitor[0m[2m:[0m 📨 Processing new pending transaction: 0xa1c82dbb8d8e743e2d872e582f03416d5c701ce0f4a5e1785e5208e46097384e
[2m2025-12-10T10:12:15.883938Z[0m [34mDEBUG[0m [2methereum_transaction_pool_monitor::mempool_monitor[0m[2m:[0m 🔍 Fetching transaction details for: 0xa1c82dbb8d8e743e2d872e582f03416d5c701ce0f4a5e1785e5208e46097384e
[2m2025-12-10T10:12:15.883941Z[0m [34mDEBUG[0m [2methereum_transaction_pool_monitor::eth_client[0m[2m:[0m 📨 Received WebSocket message: {"jsonrpc":"2.0","method":"eth_subscription","params":{"subscription":"0xbed0a0851463e895960a451075a301a9","result":"0xfca6dcbc08976552fef4327b461ecaf61662fb91ac003645498ade77d36664e6"}}
[2m2025-12-10T10:12:15.883942Z[0m [34mDEBUG[0m [2methereum_transaction_pool_monitor::eth_client[0m[2m:[0m 🔍 Fetching transaction details for hash: 0xa1c82dbb8d8e743e2d872e582f03416d5c701ce0f4a5e1785e5208e46097384e
[2m2025-12-10T10:12:15.883952Z[0m [34mDEBUG[0m [2methereum_transaction_pool_monitor::eth_client[0m[2m:[0m 📨 Received pending transaction: 0xfca6dcbc08976552fef4327b461ecaf61662fb91ac003645498ade77d36664e6
[2m2025-12-10T10:12:15.883968Z[0m [34mDEBUG[0m [2mhyper::client::pool[0m[2m:[0m reuse idle connection for ("http", 192.168.0.14:8545)
[2m2025-12-10T10:12:15.883992Z[0m [34mDEBUG[0m [2mhyper::proto::h1::io[0m[2m:[0m flushed 250 bytes
[2m2025-12-10T10:12:15.890754Z[0m [34mDEBUG[0m [2mhyper::proto::h1::io[0m[2m:[0m parsed 4 headers
[2m2025-12-10T10:12:15.890760Z[0m [34mDEBUG[0m [2mhyper::proto::h1::conn[0m[2m:[0m incoming body is content-length (772 bytes)
[2m2025-12-10T10:12:15.890769Z[0m [34mDEBUG[0m [2mhyper::proto::h1::conn[0m[2m:[0m incoming body completed
[2m2025-12-10T10:12:15.890779Z[0m [34mDEBUG[0m [2mhyper::client::pool[0m[2m:[0m pooling idle connection for ("http", 192.168.0.14:8545)
[2m2025-12-10T10:12:15.890786Z[0m [34mDEBUG[0m [2methereum_transaction_pool_monitor::eth_client[0m[2m:[0m 📡 Transaction fetch RPC completed in 6.833458ms
[2m2025-12-10T10:12:15.960770Z[0m [34mDEBUG[0m [2methereum_transaction_pool_monitor::eth_client[0m[2m:[0m ✅ Transaction 0xa1c82dbb8d8e743e2d872e582f03416d5c701ce0f4a5e1785e5208e46097384e fetched and parsed in 76.815ms
[2m2025-12-10T10:12:15.960799Z[0m [34mDEBUG[0m [2methereum_transaction_pool_monitor::mempool_monitor[0m[2m:[0m 🔍 Skipping tx 0xa1c82dbb8d8e743e2d872e582f03416d5c701ce0f4a5e1785e5208e46097384e - not a DEX interaction (target: 0x000006c2A22ff4A44ff1f5d0F2ed65F781F55555)
[2m2025-12-10T10:12:15.960813Z[0m [34mDEBUG[0m [2methereum_transaction_pool_monitor::mempool_monitor[0m[2m:[0m 📨 Processing new pending transaction: 0x65fcdbcff0a3267e56f76708dfa6d926fc5d351690363dd899de030d2907e28c
[2m2025-12-10T10:12:15.960821Z[0m [34mDEBUG[0m [2methereum_transaction_pool_monitor::mempool_monitor[0m[2m:[0m 🔍 Fetching transaction details for: 0x65fcdbcff0a3267e56f76708dfa6d926fc5d351690363dd899de030d2907e28c
[2m2025-12-10T10:12:15.960827Z[0m [34mDEBUG[0m [2methereum_transaction_pool_monitor::eth_client[0m[2m:[0m 🔍 Fetching transaction details for hash: 0x65fcdbcff0a3267e56f76708dfa6d926fc5d351690363dd899de030d2907e28c
[2m2025-12-10T10:12:15.960850Z[0m [34mDEBUG[0m [2mhyper::client::pool[0m[2m:[0m reuse idle connection for ("http", 192.168.0.14:8545)
[2m2025-12-10T10:12:15.960883Z[0m [34mDEBUG[0m [2mhyper::proto::h1::io[0m[2m:[0m flushed 250 bytes
[2m2025-12-10T10:12:15.960912Z[0m [34mDEBUG[0m [2mhyper::client::pool[0m[2m:[0m reuse idle connection for ("http", 192.168.0.14:8545)
[2m2025-12-10T10:12:15.960926Z[0m [34mDEBUG[0m [2mhyper::proto::h1::io[0m[2m:[0m flushed 172 bytes
[2m2025-12-10T10:12:15.966927Z[0m [34mDEBUG[0m [2mhyper::proto::h1::io[0m[2m:[0m parsed 4 headers
[2m2025-12-10T10:12:15.966936Z[0m [34mDEBUG[0m [2mhyper::proto::h1::conn[0m[2m:[0m incoming body is content-length (655 bytes)
[2m2025-12-10T10:12:15.966943Z[0m [34mDEBUG[0m [2mhyper::proto::h1::conn[0m[2m:[0m incoming body completed
[2m2025-12-10T10:12:15.966950Z[0m [34mDEBUG[0m [2mhyper::client::pool[0m[2m:[0m pooling idle connection for ("http", 192.168.0.14:8545)
[2m2025-12-10T10:12:15.966956Z[0m [34mDEBUG[0m [2methereum_transaction_pool_monitor::eth_client[0m[2m:[0m 📡 Transaction fetch RPC completed in 6.123625ms
[2m2025-12-10T10:12:16.037196Z[0m [34mDEBUG[0m [2methereum_transaction_pool_monitor::eth_client[0m[2m:[0m ✅ Transaction 0x65fcdbcff0a3267e56f76708dfa6d926fc5d351690363dd899de030d2907e28c fetched and parsed in 76.359875ms
[2m2025-12-10T10:12:16.037219Z[0m [34mDEBUG[0m [2methereum_transaction_pool_monitor::mempool_monitor[0m[2m:[0m 🔍 Skipping tx 0x65fcdbcff0a3267e56f76708dfa6d926fc5d351690363dd899de030d2907e28c - not a DEX interaction (target: 0xbff246DD519bcD430997D51a10017Af2ACf07aFE)
[2m2025-12-10T10:12:16.037230Z[0m [34mDEBUG[0m [2methereum_transaction_pool_monitor::mempool_monitor[0m[2m:[0m 📨 Processing new pending transaction: 0x702b77189c67875364e780ff739363192258544cc3a4a422895390ade79ad25e
[2m2025-12-10T10:12:16.037449Z[0m [34mDEBUG[0m [2methereum_transaction_pool_monitor::mempool_monitor[0m[2m:[0m 🔍 Fetching transaction details for: 0x702b77189c67875364e780ff739363192258544cc3a4a422895390ade79ad25e
[2m2025-12-10T10:12:16.037456Z[0m [34mDEBUG[0m [2methereum_transaction_pool_monitor::eth_client[0m[2m:[0m 🔍 Fetching transaction details for hash: 0x702b77189c67875364e780ff739363192258544cc3a4a422895390ade79ad25e
[2m2025-12-10T10:12:16.037476Z[0m [34mDEBUG[0m [2mhyper::client::pool[0m[2m:[0m reuse idle connection for ("http", 192.168.0.14:8545)
[2m2025-12-10T10:12:16.037502Z[0m [34mDEBUG[0m [2mhyper::proto::h1::io[0m[2m:[0m flushed 250 bytes
[2m2025-12-10T10:12:16.037523Z[0m [34mDEBUG[0m [2mhyper::proto::h1::io[0m[2m:[0m parsed 4 headers
[2m2025-12-10T10:12:16.037523Z[0m [34mDEBUG[0m [2methereum_transaction_pool_monitor::eth_client[0m[2m:[0m 📨 Received WebSocket message: {"jsonrpc":"2.0","method":"eth_subscription","params":{"subscription":"0xbed0a0851463e895960a451075a301a9","result":"0x61749a198853cbeec80515f05b297da4ba4f15ec50650c59f392ee4cf9ae8c44"}}
[2m2025-12-10T10:12:16.037530Z[0m [34mDEBUG[0m [2mhyper::proto::h1::conn[0m[2m:[0m incoming body is content-length (45 bytes)
[2m2025-12-10T10:12:16.037538Z[0m [34mDEBUG[0m [2methereum_transaction_pool_monitor::eth_client[0m[2m:[0m 📨 Received pending transaction: 0x61749a198853cbeec80515f05b297da4ba4f15ec50650c59f392ee4cf9ae8c44
[2m2025-12-10T10:12:16.037541Z[0m [34mDEBUG[0m [2mhyper::proto::h1::conn[0m[2m:[0m incoming body completed
[2m2025-12-10T10:12:16.037550Z[0m [34mDEBUG[0m [2mhyper::client::pool[0m[2m:[0m pooling idle connection for ("http", 192.168.0.14:8545)
[2m2025-12-10T10:12:16.037563Z[0m [34mDEBUG[0m [2mhyper::client::pool[0m[2m:[0m reuse idle connection for ("http", 192.168.0.14:8545)
[2m2025-12-10T10:12:16.037574Z[0m [34mDEBUG[0m [2mhyper::proto::h1::io[0m[2m:[0m flushed 172 bytes
[2m2025-12-10T10:12:16.041790Z[0m [34mDEBUG[0m [2mhyper::proto::h1::io[0m[2m:[0m parsed 4 headers
[2m2025-12-10T10:12:16.041802Z[0m [34mDEBUG[0m [2mhyper::proto::h1::conn[0m[2m:[0m incoming body is content-length (771 bytes)
[2m2025-12-10T10:12:16.041809Z[0m [34mDEBUG[0m [2mhyper::proto::h1::conn[0m[2m:[0m incoming body completed
[2m2025-12-10T10:12:16.041817Z[0m [34mDEBUG[0m [2mhyper::client::pool[0m[2m:[0m pooling idle connection for ("http", 192.168.0.14:8545)
[2m2025-12-10T10:12:16.041823Z[0m [34mDEBUG[0m [2methereum_transaction_pool_monitor::eth_client[0m[2m:[0m 📡 Transaction fetch RPC completed in 4.362666ms
[2m2025-12-10T10:12:16.112562Z[0m [34mDEBUG[0m [2methereum_transaction_pool_monitor::eth_client[0m[2m:[0m ✅ Transaction 0x702b77189c67875364e780ff739363192258544cc3a4a422895390ade79ad25e fetched and parsed in 75.099583ms
[2m2025-12-10T10:12:16.112590Z[0m [34mDEBUG[0m [2methereum_transaction_pool_monitor::mempool_monitor[0m[2m:[0m 🔍 Skipping tx 0x702b77189c67875364e780ff739363192258544cc3a4a422895390ade79ad25e - not a DEX interaction (target: 0x18F52B3fb465118731d9e0d276d4Eb3599D57596)
[2m2025-12-10T10:12:16.112600Z[0m [34mDEBUG[0m [2methereum_transaction_pool_monitor::mempool_monitor[0m[2m:[0m 📨 Processing new pending transaction: 0x6ff3cece8609db339f6a4387fecf6118d090c8d964c1894463dbdd59e929050d
[2m2025-12-10T10:12:16.112606Z[0m [34mDEBUG[0m [2methereum_transaction_pool_monitor::mempool_monitor[0m[2m:[0m 🔍 Fetching transaction details for: 0x6ff3cece8609db339f6a4387fecf6118d090c8d964c1894463dbdd59e929050d
[2m2025-12-10T10:12:16.112611Z[0m [34mDEBUG[0m [2methereum_transaction_pool_monitor::eth_client[0m[2m:[0m 🔍 Fetching transaction details for hash: 0x6ff3cece8609db339f6a4387fecf6118d090c8d964c1894463dbdd59e929050d
[2m2025-12-10T10:12:16.112630Z[0m [34mDEBUG[0m [2mhyper::client::pool[0m[2m:[0m reuse idle connection for ("http", 192.168.0.14:8545)
[2m2025-12-10T10:12:16.112676Z[0m [34mDEBUG[0m [2mhyper::proto::h1::io[0m[2m:[0m flushed 250 bytes
[2m2025-12-10T10:12:16.112693Z[0m [34mDEBUG[0m [2mhyper::proto::h1::io[0m[2m:[0m parsed 4 headers
[2m2025-12-10T10:12:16.112698Z[0m [34mDEBUG[0m [2mhyper::proto::h1::conn[0m[2m:[0m incoming body is content-length (45 bytes)
[2m2025-12-10T10:12:16.112707Z[0m [34mDEBUG[0m [2mhyper::proto::h1::conn[0m[2m:[0m incoming body completed
[2m2025-12-10T10:12:16.112716Z[0m [34mDEBUG[0m [2mhyper::client::pool[0m[2m:[0m pooling idle connection for ("http", 192.168.0.14:8545)
[2m2025-12-10T10:12:16.112733Z[0m [34mDEBUG[0m [2mhyper::client::pool[0m[2m:[0m reuse idle connection for ("http", 192.168.0.14:8545)
[2m2025-12-10T10:12:16.112748Z[0m [34mDEBUG[0m [2mhyper::proto::h1::io[0m[2m:[0m flushed 172 bytes
[2m2025-12-10T10:12:16.117932Z[0m [34mDEBUG[0m [2mhyper::proto::h1::io[0m[2m:[0m parsed 4 headers
[2m2025-12-10T10:12:16.117945Z[0m [34mDEBUG[0m [2mhyper::proto::h1::conn[0m[2m:[0m incoming body is content-length (772 bytes)
[2m2025-12-10T10:12:16.117951Z[0m [34mDEBUG[0m [2mhyper::proto::h1::conn[0m[2m:[0m incoming body completed
[2m2025-12-10T10:12:16.117959Z[0m [34mDEBUG[0m [2mhyper::client::pool[0m[2m:[0m pooling idle connection for ("http", 192.168.0.14:8545)
[2m2025-12-10T10:12:16.117965Z[0m [34mDEBUG[0m [2methereum_transaction_pool_monitor::eth_client[0m[2m:[0m 📡 Transaction fetch RPC completed in 5.350167ms
[2m2025-12-10T10:12:16.186895Z[0m [34mDEBUG[0m [2methereum_transaction_pool_monitor::eth_client[0m[2m:[0m ✅ Transaction 0x6ff3cece8609db339f6a4387fecf6118d090c8d964c1894463dbdd59e929050d fetched and parsed in 74.277125ms
[2m2025-12-10T10:12:16.186930Z[0m [34mDEBUG[0m [2methereum_transaction_pool_monitor::mempool_monitor[0m[2m:[0m 🔍 Skipping tx 0x6ff3cece8609db339f6a4387fecf6118d090c8d964c1894463dbdd59e929050d - not a DEX interaction (target: 0x3d7d6fdf07EE548B939A80edbc9B2256d0cdc003)
[2m2025-12-10T10:12:16.186943Z[0m [34mDEBUG[0m [2methereum_transaction_pool_monitor::mempool_monitor[0m[2m:[0m 📨 Processing new pending transaction: 0x66c38eb52f8db161fddca329bb522d5526d9a1f1e7a826daecbdd17759ade443
[2m2025-12-10T10:12:16.186949Z[0m [34mDEBUG[0m [2methereum_transaction_pool_monitor::mempool_monitor[0m[2m:[0m 🔍 Fetching transaction details for: 0x66c38eb52f8db161fddca329bb522d5526d9a1f1e7a826daecbdd17759ade443
[2m2025-12-10T10:12:16.186953Z[0m [34mDEBUG[0m [2methereum_transaction_pool_monitor::eth_client[0m[2m:[0m 🔍 Fetching transaction details for hash: 0x66c38eb52f8db161fddca329bb522d5526d9a1f1e7a826daecbdd17759ade443
[2m2025-12-10T10:12:16.186974Z[0m [34mDEBUG[0m [2mhyper::client::pool[0m[2m:[0m reuse idle connection for ("http", 192.168.0.14:8545)
[2m2025-12-10T10:12:16.187017Z[0m [34mDEBUG[0m [2mhyper::proto::h1::io[0m[2m:[0m flushed 250 bytes
[2m2025-12-10T10:12:16.187036Z[0m [34mDEBUG[0m [2mhyper::proto::h1::io[0m[2m:[0m parsed 4 headers
[2m2025-12-10T10:12:16.187044Z[0m [34mDEBUG[0m [2mhyper::proto::h1::conn[0m[2m:[0m incoming body is content-length (45 bytes)
[2m2025-12-10T10:12:16.187058Z[0m [34mDEBUG[0m [2mhyper::proto::h1::conn[0m[2m:[0m incoming body completed
[2m2025-12-10T10:12:16.187069Z[0m [34mDEBUG[0m [2mhyper::client::pool[0m[2m:[0m pooling idle connection for ("http", 192.168.0.14:8545)
[2m2025-12-10T10:12:16.191924Z[0m [34mDEBUG[0m [2mhyper::proto::h1::io[0m[2m:[0m parsed 4 headers
[2m2025-12-10T10:12:16.191933Z[0m [34mDEBUG[0m [2mhyper::proto::h1::conn[0m[2m:[0m incoming body is content-length (780 bytes)
[2m2025-12-10T10:12:16.191940Z[0m [34mDEBUG[0m [2mhyper::proto::h1::conn[0m[2m:[0m incoming body completed
[2m2025-12-10T10:12:16.191947Z[0m [34mDEBUG[0m [2mhyper::client::pool[0m[2m:[0m pooling idle connection for ("http", 192.168.0.14:8545)
[2m2025-12-10T10:12:16.191954Z[0m [34mDEBUG[0m [2methereum_transaction_pool_monitor::eth_client[0m[2m:[0m 📡 Transaction fetch RPC completed in 4.996583ms
[2m2025-12-10T10:12:16.191973Z[0m [34mDEBUG[0m [2methereum_transaction_pool_monitor::eth_client[0m[2m:[0m DeFi transaction detected - Address: 0xdac17f958d2ee523a2206206994597c13d831ec7, Type: Stablecoin, Value: 0 ETH, Gas: 501.00 Gwei
[2m2025-12-10T10:12:16.191992Z[0m [34mDEBUG[0m [2methereum_transaction_pool_monitor::eth_client[0m[2m:[0m ✅ Transaction 0x66c38eb52f8db161fddca329bb522d5526d9a1f1e7a826daecbdd17759ade443 fetched and parsed in 5.033958ms
[2m2025-12-10T10:12:16.191998Z[0m [34mDEBUG[0m [2methereum_transaction_pool_monitor::mempool_monitor[0m[2m:[0m 🔍 Skipping tx 0x66c38eb52f8db161fddca329bb522d5526d9a1f1e7a826daecbdd17759ade443 - not a DEX interaction (target: 0xdAC17F958D2ee523a2206206994597C13D831ec7)
[2m2025-12-10T10:12:16.192017Z[0m [34mDEBUG[0m [2methereum_transaction_pool_monitor::mempool_monitor[0m[2m:[0m 📨 Processing new pending transaction: 0xd9ea5e9c00b4ac868d6f773d0db3d0008b4f0e25aae0bf74bd1903a104c9668f
[2m2025-12-10T10:12:16.192021Z[0m [34mDEBUG[0m [2methereum_transaction_pool_monitor::mempool_monitor[0m[2m:[0m 🔍 Fetching transaction details for: 0xd9ea5e9c00b4ac868d6f773d0db3d0008b4f0e25aae0bf74bd1903a104c9668f
[2m2025-12-10T10:12:16.192024Z[0m [34mDEBUG[0m [2methereum_transaction_pool_monitor::eth_client[0m[2m:[0m 🔍 Fetching transaction details for hash: 0xd9ea5e9c00b4ac868d6f773d0db3d0008b4f0e25aae0bf74bd1903a104c9668f
[2m2025-12-10T10:12:16.192035Z[0m [34mDEBUG[0m [2mhyper::client::pool[0m[2m:[0m reuse idle connection for ("http", 192.168.0.14:8545)
[2m2025-12-10T10:12:16.192054Z[0m [34mDEBUG[0m [2mhyper::proto::h1::io[0m[2m:[0m flushed 250 bytes
[2m2025-12-10T10:12:16.199435Z[0m [34mDEBUG[0m [2mhyper::client::pool[0m[2m:[0m reuse idle connection for ("http", 192.168.0.14:8545)
[2m2025-12-10T10:12:16.199436Z[0m [34mDEBUG[0m [2mhyper::proto::h1::io[0m[2m:[0m parsed 4 headers
[2m2025-12-10T10:12:16.199456Z[0m [34mDEBUG[0m [2mhyper::proto::h1::conn[0m[2m:[0m incoming body is content-length (780 bytes)
[2m2025-12-10T10:12:16.199463Z[0m [34mDEBUG[0m [2mhyper::proto::h1::conn[0m[2m:[0m incoming body completed
[2m2025-12-10T10:12:16.199465Z[0m [34mDEBUG[0m [2mhyper::proto::h1::io[0m[2m:[0m flushed 172 bytes
[2m2025-12-10T10:12:16.199469Z[0m [34mDEBUG[0m [2mhyper::client::pool[0m[2m:[0m pooling idle connection for ("http", 192.168.0.14:8545)
[2m2025-12-10T10:12:16.199475Z[0m [34mDEBUG[0m [2methereum_transaction_pool_monitor::eth_client[0m[2m:[0m 📡 Transaction fetch RPC completed in 7.448208ms
[2m2025-12-10T10:12:16.199487Z[0m [34mDEBUG[0m [2methereum_transaction_pool_monitor::eth_client[0m[2m:[0m DeFi transaction detected - Address: 0xdac17f958d2ee523a2206206994597c13d831ec7, Type: Stablecoin, Value: 0 ETH, Gas: 501.00 Gwei
[2m2025-12-10T10:12:16.199497Z[0m [34mDEBUG[0m [2methereum_transaction_pool_monitor::eth_client[0m[2m:[0m ✅ Transaction 0xd9ea5e9c00b4ac868d6f773d0db3d0008b4f0e25aae0bf74bd1903a104c9668f fetched and parsed in 7.470167ms
[2m2025-12-10T10:12:16.199503Z[0m [34mDEBUG[0m [2methereum_transaction_pool_monitor::mempool_monitor[0m[2m:[0m 🔍 Skipping tx 0xd9ea5e9c00b4ac868d6f773d0db3d0008b4f0e25aae0bf74bd1903a104c9668f - not a DEX interaction (target: 0xdAC17F958D2ee523a2206206994597C13D831ec7)
[2m2025-12-10T10:12:16.199508Z[0m [34mDEBUG[0m [2methereum_transaction_pool_monitor::mempool_monitor[0m[2m:[0m 📨 Processing new pending transaction: 0x2ceb9f3d3f93ee7f67c55d484f3fbbbcf78df377539679c588a3fa9780119499
[2m2025-12-10T10:12:16.199512Z[0m [34mDEBUG[0m [2methereum_transaction_pool_monitor::mempool_monitor[0m[2m:[0m 🔍 Fetching transaction details for: 0x2ceb9f3d3f93ee7f67c55d484f3fbbbcf78df377539679c588a3fa9780119499
[2m2025-12-10T10:12:16.199515Z[0m [34mDEBUG[0m [2methereum_transaction_pool_monitor::eth_client[0m[2m:[0m 🔍 Fetching transaction details for hash: 0x2ceb9f3d3f93ee7f67c55d484f3fbbbcf78df377539679c588a3fa9780119499
[2m2025-12-10T10:12:16.199522Z[0m [34mDEBUG[0m [2mhyper::client::pool[0m[2m:[0m reuse idle connection for ("http", 192.168.0.14:8545)
[2m2025-12-10T10:12:16.199534Z[0m [34mDEBUG[0m [2mhyper::proto::h1::io[0m[2m:[0m flushed 250 bytes
[2m2025-12-10T10:12:16.203892Z[0m [34mDEBUG[0m [2methereum_transaction_pool_monitor::eth_client[0m[2m:[0m 📨 Received WebSocket message: {"jsonrpc":"2.0","method":"eth_subscription","params":{"subscription":"0xbed0a0851463e895960a451075a301a9","result":"0xbefdb10b97c431268de62a0235b6704dc8b34950d5a9f91db769160bd2004647"}}
[2m2025-12-10T10:12:16.203908Z[0m [34mDEBUG[0m [2methereum_transaction_pool_monitor::eth_client[0m[2m:[0m 📨 Received pending transaction: 0xbefdb10b97c431268de62a0235b6704dc8b34950d5a9f91db769160bd2004647
[2m2025-12-10T10:12:16.207101Z[0m [34mDEBUG[0m [2mhyper::proto::h1::io[0m[2m:[0m parsed 4 headers
[2m2025-12-10T10:12:16.207118Z[0m [34mDEBUG[0m [2mhyper::proto::h1::conn[0m[2m:[0m incoming body is content-length (45 bytes)
[2m2025-12-10T10:12:16.207125Z[0m [34mDEBUG[0m [2mhyper::proto::h1::conn[0m[2m:[0m incoming body completed
[2m2025-12-10T10:12:16.207147Z[0m [34mDEBUG[0m [2mhyper::client::pool[0m[2m:[0m pooling idle connection for ("http", 192.168.0.14:8545)
[2m2025-12-10T10:12:16.207161Z[0m [34mDEBUG[0m [2mhyper::proto::h1::io[0m[2m:[0m parsed 4 headers
[2m2025-12-10T10:12:16.207165Z[0m [34mDEBUG[0m [2mhyper::proto::h1::conn[0m[2m:[0m incoming body is content-length (643 bytes)
[2m2025-12-10T10:12:16.207168Z[0m [34mDEBUG[0m [2mhyper::proto::h1::conn[0m[2m:[0m incoming body completed
[2m2025-12-10T10:12:16.207173Z[0m [34mDEBUG[0m [2mhyper::client::pool[0m[2m:[0m pooling idle connection for ("http", 192.168.0.14:8545)
[2m2025-12-10T10:12:16.207177Z[0m [34mDEBUG[0m [2methereum_transaction_pool_monitor::eth_client[0m[2m:[0m 📡 Transaction fetch RPC completed in 7.658125ms
[2m2025-12-10T10:12:16.279140Z[0m [34mDEBUG[0m [2methereum_transaction_pool_monitor::eth_client[0m[2m:[0m ✅ Transaction 0x2ceb9f3d3f93ee7f67c55d484f3fbbbcf78df377539679c588a3fa9780119499 fetched and parsed in 79.619167ms
[2m2025-12-10T10:12:16.279165Z[0m [34mDEBUG[0m [2methereum_transaction_pool_monitor::mempool_monitor[0m[2m:[0m 🔍 Skipping tx 0x2ceb9f3d3f93ee7f67c55d484f3fbbbcf78df377539679c588a3fa9780119499 - not a DEX interaction (target: 0x6F66ab78DA00B2dBC32C3BEeBE29c3d088cd2940)
[2m2025-12-10T10:12:16.279176Z[0m [34mDEBUG[0m [2methereum_transaction_pool_monitor::mempool_monitor[0m[2m:[0m 📨 Processing new pending transaction: 0xa1f197036bad8a4c6ff1b2cb83088af29a7c98a54b4b079c9b66ad39b06836d3
[2m2025-12-10T10:12:16.279181Z[0m [34mDEBUG[0m [2methereum_transaction_pool_monitor::mempool_monitor[0m[2m:[0m 🔍 Fetching transaction details for: 0xa1f197036bad8a4c6ff1b2cb83088af29a7c98a54b4b079c9b66ad39b06836d3
[2m2025-12-10T10:12:16.279186Z[0m [34mDEBUG[0m [2methereum_transaction_pool_monitor::eth_client[0m[2m:[0m 🔍 Fetching transaction details for hash: 0xa1f197036bad8a4c6ff1b2cb83088af29a7c98a54b4b079c9b66ad39b06836d3
[2m2025-12-10T10:12:16.279205Z[0m [34mDEBUG[0m [2mhyper::client::pool[0m[2m:[0m reuse idle connection for ("http", 192.168.0.14:8545)
[2m2025-12-10T10:12:16.279237Z[0m [34mDEBUG[0m [2mhyper::proto::h1::io[0m[2m:[0m flushed 250 bytes
[2m2025-12-10T10:12:16.286763Z[0m [34mDEBUG[0m [2mhyper::proto::h1::io[0m[2m:[0m parsed 4 headers
[2m2025-12-10T10:12:16.286775Z[0m [34mDEBUG[0m [2mhyper::proto::h1::conn[0m[2m:[0m incoming body is content-length (765 bytes)
[2m2025-12-10T10:12:16.286782Z[0m [34mDEBUG[0m [2mhyper::proto::h1::conn[0m[2m:[0m incoming body completed
[2m2025-12-10T10:12:16.286793Z[0m [34mDEBUG[0m [2mhyper::client::pool[0m[2m:[0m pooling idle connection for ("http", 192.168.0.14:8545)
[2m2025-12-10T10:12:16.286798Z[0m [34mDEBUG[0m [2methereum_transaction_pool_monitor::eth_client[0m[2m:[0m 📡 Transaction fetch RPC completed in 7.608292ms
[2m2025-12-10T10:12:16.286814Z[0m [34mDEBUG[0m [2methereum_transaction_pool_monitor::eth_client[0m[2m:[0m DeFi transaction detected - Address: 0xdac17f958d2ee523a2206206994597c13d831ec7, Type: Stablecoin, Value: 0 ETH, Gas: 0.21 Gwei
[2m2025-12-10T10:12:16.287511Z[0m [34mDEBUG[0m [2methereum_transaction_pool_monitor::eth_client[0m[2m:[0m ✅ Transaction 0xa1f197036bad8a4c6ff1b2cb83088af29a7c98a54b4b079c9b66ad39b06836d3 fetched and parsed in 8.320042ms
[2m2025-12-10T10:12:16.287521Z[0m [34mDEBUG[0m [2methereum_transaction_pool_monitor::mempool_monitor[0m[2m:[0m 🔍 Skipping tx 0xa1f197036bad8a4c6ff1b2cb83088af29a7c98a54b4b079c9b66ad39b06836d3 - not a DEX interaction (target: 0xdAC17F958D2ee523a2206206994597C13D831ec7)
[2m2025-12-10T10:12:16.287529Z[0m [34mDEBUG[0m [2methereum_transaction_pool_monitor::mempool_monitor[0m[2m:[0m 📨 Processing new pending transaction: 0xc041e5801f5cb472618a17b6cb80785489f548b95b1e21aa720c761d19ce2768
[2m2025-12-10T10:12:16.287534Z[0m [34mDEBUG[0m [2methereum_transaction_pool_monitor::mempool_monitor[0m[2m:[0m 🔍 Fetching transaction details for: 0xc041e5801f5cb472618a17b6cb80785489f548b95b1e21aa720c761d19ce2768
[2m2025-12-10T10:12:16.287537Z[0m [34mDEBUG[0m [2methereum_transaction_pool_monitor::eth_client[0m[2m:[0m 🔍 Fetching transaction details for hash: 0xc041e5801f5cb472618a17b6cb80785489f548b95b1e21aa720c761d19ce2768
[2m2025-12-10T10:12:16.287550Z[0m [34mDEBUG[0m [2mhyper::client::pool[0m[2m:[0m reuse idle connection for ("http", 192.168.0.14:8545)
[2m2025-12-10T10:12:16.287575Z[0m [34mDEBUG[0m [2mhyper::proto::h1::io[0m[2m:[0m flushed 250 bytes
[2m2025-12-10T10:12:16.298474Z[0m [34mDEBUG[0m [2mhyper::client::pool[0m[2m:[0m reuse idle connection for ("http", 192.168.0.14:8545)
[2m2025-12-10T10:12:16.298483Z[0m [34mDEBUG[0m [2mhyper::proto::h1::io[0m[2m:[0m parsed 4 headers
[2m2025-12-10T10:12:16.298520Z[0m [34mDEBUG[0m [2mhyper::proto::h1::conn[0m[2m:[0m incoming body is content-length (765 bytes)
[2m2025-12-10T10:12:16.298528Z[0m [34mDEBUG[0m [2mhyper::proto::h1::conn[0m[2m:[0m incoming body completed
[2m2025-12-10T10:12:16.298536Z[0m [34mDEBUG[0m [2mhyper::client::pool[0m[2m:[0m pooling idle connection for ("http", 192.168.0.14:8545)
[2m2025-12-10T10:12:16.298542Z[0m [34mDEBUG[0m [2methereum_transaction_pool_monitor::eth_client[0m[2m:[0m 📡 Transaction fetch RPC completed in 11.001542ms
[2m2025-12-10T10:12:16.298544Z[0m [34mDEBUG[0m [2mhyper::proto::h1::io[0m[2m:[0m flushed 172 bytes
[2m2025-12-10T10:12:16.298558Z[0m [34mDEBUG[0m [2methereum_transaction_pool_monitor::eth_client[0m[2m:[0m DeFi transaction detected - Address: 0xdac17f958d2ee523a2206206994597c13d831ec7, Type: Stablecoin, Value: 0 ETH, Gas: 0.21 Gwei
[2m2025-12-10T10:12:16.298571Z[0m [34mDEBUG[0m [2methereum_transaction_pool_monitor::eth_client[0m[2m:[0m ✅ Transaction 0xc041e5801f5cb472618a17b6cb80785489f548b95b1e21aa720c761d19ce2768 fetched and parsed in 11.030375ms
[2m2025-12-10T10:12:16.298578Z[0m [34mDEBUG[0m [2methereum_transaction_pool_monitor::mempool_monitor[0m[2m:[0m 🔍 Skipping tx 0xc041e5801f5cb472618a17b6cb80785489f548b95b1e21aa720c761d19ce2768 - not a DEX interaction (target: 0xdAC17F958D2ee523a2206206994597C13D831ec7)
[2m2025-12-10T10:12:16.298586Z[0m [34mDEBUG[0m [2methereum_transaction_pool_monitor::mempool_monitor[0m[2m:[0m 📨 Processing new pending transaction: 0xb17bd7cc696f72b1f8c9f3fdd12369c40c8a3e9e806bdf5bb95c2d48c6161c5d
[2m2025-12-10T10:12:16.298589Z[0m [34mDEBUG[0m [2methereum_transaction_pool_monitor::mempool_monitor[0m[2m:[0m 🔍 Fetching transaction details for: 0xb17bd7cc696f72b1f8c9f3fdd12369c40c8a3e9e806bdf5bb95c2d48c6161c5d
[2m2025-12-10T10:12:16.298593Z[0m [34mDEBUG[0m [2methereum_transaction_pool_monitor::eth_client[0m[2m:[0m 🔍 Fetching transaction details for hash: 0xb17bd7cc696f72b1f8c9f3fdd12369c40c8a3e9e806bdf5bb95c2d48c6161c5d
[2m2025-12-10T10:12:16.298603Z[0m [34mDEBUG[0m [2mhyper::client::pool[0m[2m:[0m reuse idle connection for ("http", 192.168.0.14:8545)
[2m2025-12-10T10:12:16.298617Z[0m [34mDEBUG[0m [2mhyper::proto::h1::io[0m[2m:[0m flushed 250 bytes
[2m2025-12-10T10:12:16.308220Z[0m [34mDEBUG[0m [2mhyper::proto::h1::io[0m[2m:[0m parsed 4 headers
[2m2025-12-10T10:12:16.308236Z[0m [34mDEBUG[0m [2mhyper::proto::h1::conn[0m[2m:[0m incoming body is content-length (45 bytes)
[2m2025-12-10T10:12:16.308244Z[0m [34mDEBUG[0m [2mhyper::proto::h1::conn[0m[2m:[0m incoming body completed
[2m2025-12-10T10:12:16.308253Z[0m [34mDEBUG[0m [2mhyper::client::pool[0m[2m:[0m pooling idle connection for ("http", 192.168.0.14:8545)
[2m2025-12-10T10:12:16.308271Z[0m [34mDEBUG[0m [2mhyper::proto::h1::io[0m[2m:[0m parsed 4 headers
[2m2025-12-10T10:12:16.308275Z[0m [34mDEBUG[0m [2mhyper::proto::h1::conn[0m[2m:[0m incoming body is content-length (764 bytes)
[2m2025-12-10T10:12:16.308279Z[0m [34mDEBUG[0m [2mhyper::proto::h1::conn[0m[2m:[0m incoming body completed
[2m2025-12-10T10:12:16.308284Z[0m [34mDEBUG[0m [2mhyper::client::pool[0m[2m:[0m pooling idle connection for ("http", 192.168.0.14:8545)
[2m2025-12-10T10:12:16.308288Z[0m [34mDEBUG[0m [2methereum_transaction_pool_monitor::eth_client[0m[2m:[0m 📡 Transaction fetch RPC completed in 9.68925ms
[2m2025-12-10T10:12:16.380182Z[0m [34mDEBUG[0m [2methereum_transaction_pool_monitor::eth_client[0m[2m:[0m ✅ Transaction 0xb17bd7cc696f72b1f8c9f3fdd12369c40c8a3e9e806bdf5bb95c2d48c6161c5d fetched and parsed in 81.580542ms
[2m2025-12-10T10:12:16.380210Z[0m [34mDEBUG[0m [2methereum_transaction_pool_monitor::mempool_monitor[0m[2m:[0m 🔍 Skipping tx 0xb17bd7cc696f72b1f8c9f3fdd12369c40c8a3e9e806bdf5bb95c2d48c6161c5d - not a DEX interaction (target: 0x1CDD2EaB61112697626F7b4bB0e23Da4FeBF7B7C)
[2m2025-12-10T10:12:16.380222Z[0m [34mDEBUG[0m [2methereum_transaction_pool_monitor::mempool_monitor[0m[2m:[0m 📨 Processing new pending transaction: 0xfca6dcbc08976552fef4327b461ecaf61662fb91ac003645498ade77d36664e6
[2m2025-12-10T10:12:16.380230Z[0m [34mDEBUG[0m [2methereum_transaction_pool_monitor::mempool_monitor[0m[2m:[0m 🔍 Fetching transaction details for: 0xfca6dcbc08976552fef4327b461ecaf61662fb91ac003645498ade77d36664e6
[2m2025-12-10T10:12:16.380235Z[0m [34mDEBUG[0m [2methereum_transaction_pool_monitor::eth_client[0m[2m:[0m 🔍 Fetching transaction details for hash: 0xfca6dcbc08976552fef4327b461ecaf61662fb91ac003645498ade77d36664e6
[2m2025-12-10T10:12:16.380253Z[0m [34mDEBUG[0m [2mhyper::client::pool[0m[2m:[0m reuse idle connection for ("http", 192.168.0.14:8545)
[2m2025-12-10T10:12:16.380289Z[0m [34mDEBUG[0m [2mhyper::proto::h1::io[0m[2m:[0m flushed 250 bytes
[2m2025-12-10T10:12:16.380309Z[0m [34mDEBUG[0m [2methereum_transaction_pool_monitor::eth_client[0m[2m:[0m 📨 Received WebSocket message: {"jsonrpc":"2.0","method":"eth_subscription","params":{"subscription":"0xbed0a0851463e895960a451075a301a9","result":"0xa5ef28f72d5364692ce8f1afc6632928ecbd1b3bb9d08281ae3751fec72837ea"}}
[2m2025-12-10T10:12:16.380319Z[0m [34mDEBUG[0m [2methereum_transaction_pool_monitor::eth_client[0m[2m:[0m 📨 Received pending transaction: 0xa5ef28f72d5364692ce8f1afc6632928ecbd1b3bb9d08281ae3751fec72837ea
[2m2025-12-10T10:12:16.380325Z[0m [34mDEBUG[0m [2methereum_transaction_pool_monitor::eth_client[0m[2m:[0m 📨 Received WebSocket message: {"jsonrpc":"2.0","method":"eth_subscription","params":{"subscription":"0xbed0a0851463e895960a451075a301a9","result":"0xc7e7a8121c4cadb9422e468893525fcf2acc302c98341a7bc4e0a09dc8927c0e"}}
[2m2025-12-10T10:12:16.380334Z[0m [34mDEBUG[0m [2methereum_transaction_pool_monitor::eth_client[0m[2m:[0m 📨 Received pending transaction: 0xc7e7a8121c4cadb9422e468893525fcf2acc302c98341a7bc4e0a09dc8927c0e
[2m2025-12-10T10:12:16.380955Z[0m [34mDEBUG[0m [2methereum_transaction_pool_monitor::eth_client[0m[2m:[0m 📨 Received WebSocket message: {"jsonrpc":"2.0","method":"eth_subscription","params":{"subscription":"0xbed0a0851463e895960a451075a301a9","result":"0x0d3e2171c1d0332e55b4ef17476bcdb26ef9b40c469faba2cc292285cd2f4392"}}
[2m2025-12-10T10:12:16.380964Z[0m [34mDEBUG[0m [2methereum_transaction_pool_monitor::eth_client[0m[2m:[0m 📨 Received pending transaction: 0x0d3e2171c1d0332e55b4ef17476bcdb26ef9b40c469faba2cc292285cd2f4392
[2m2025-12-10T10:12:16.384086Z[0m [34mDEBUG[0m [2mhyper::proto::h1::io[0m[2m:[0m parsed 4 headers
[2m2025-12-10T10:12:16.384091Z[0m [34mDEBUG[0m [2mhyper::proto::h1::conn[0m[2m:[0m incoming body is content-length (2943 bytes)
[2m2025-12-10T10:12:16.384107Z[0m [34mDEBUG[0m [2methereum_transaction_pool_monitor::eth_client[0m[2m:[0m 📡 Transaction fetch RPC completed in 3.86775ms
[2m2025-12-10T10:12:16.385965Z[0m [34mDEBUG[0m [2mhyper::proto::h1::conn[0m[2m:[0m incoming body completed
[2m2025-12-10T10:12:16.385993Z[0m [34mDEBUG[0m [2mhyper::client::pool[0m[2m:[0m pooling idle connection for ("http", 192.168.0.14:8545)
[2m2025-12-10T10:12:16.400046Z[0m [34mDEBUG[0m [2mhyper::client::pool[0m[2m:[0m reuse idle connection for ("http", 192.168.0.14:8545)
[2m2025-12-10T10:12:16.400109Z[0m [34mDEBUG[0m [2mhyper::proto::h1::io[0m[2m:[0m flushed 172 bytes
[2m2025-12-10T10:12:16.404370Z[0m [34mDEBUG[0m [2mhyper::proto::h1::io[0m[2m:[0m parsed 4 headers
[2m2025-12-10T10:12:16.404377Z[0m [34mDEBUG[0m [2mhyper::proto::h1::conn[0m[2m:[0m incoming body is content-length (45 bytes)
[2m2025-12-10T10:12:16.404383Z[0m [34mDEBUG[0m [2mhyper::proto::h1::conn[0m[2m:[0m incoming body completed
[2m2025-12-10T10:12:16.404391Z[0m [34mDEBUG[0m [2mhyper::client::pool[0m[2m:[0m pooling idle connection for ("http", 192.168.0.14:8545)
[2m2025-12-10T10:12:16.443756Z[0m [34mDEBUG[0m [2methereum_transaction_pool_monitor::eth_client[0m[2m:[0m 📨 Received WebSocket message: {"jsonrpc":"2.0","method":"eth_subscription","params":{"subscription":"0xbed0a0851463e895960a451075a301a9","result":"0x06c19078cb96671eb8e0f51e93c359a4304cad3254813bbd5960336053ed125a"}}
[2m2025-12-10T10:12:16.443782Z[0m [34mDEBUG[0m [2methereum_transaction_pool_monitor::eth_client[0m[2m:[0m 📨 Received pending transaction: 0x06c19078cb96671eb8e0f51e93c359a4304cad3254813bbd5960336053ed125a
[2m2025-12-10T10:12:16.458235Z[0m [34mDEBUG[0m [2methereum_transaction_pool_monitor::eth_client[0m[2m:[0m ✅ Transaction 0xfca6dcbc08976552fef4327b461ecaf61662fb91ac003645498ade77d36664e6 fetched and parsed in 77.993833ms
[2m2025-12-10T10:12:16.458259Z[0m [34mDEBUG[0m [2methereum_transaction_pool_monitor::mempool_monitor[0m[2m:[0m 🔍 Skipping tx 0xfca6dcbc08976552fef4327b461ecaf61662fb91ac003645498ade77d36664e6 - not a DEX interaction (target: 0x618892aE551eB5bB2DE8911057b3714274b5FFe1)
[2m2025-12-10T10:12:16.458270Z[0m [34mDEBUG[0m [2methereum_transaction_pool_monitor::mempool_monitor[0m[2m:[0m 📨 Processing new pending transaction: 0x61749a198853cbeec80515f05b297da4ba4f15ec50650c59f392ee4cf9ae8c44
[2m2025-12-10T10:12:16.458276Z[0m [34mDEBUG[0m [2methereum_transaction_pool_monitor::mempool_monitor[0m[2m:[0m 🔍 Fetching transaction details for: 0x61749a198853cbeec80515f05b297da4ba4f15ec50650c59f392ee4cf9ae8c44
[2m2025-12-10T10:12:16.458280Z[0m [34mDEBUG[0m [2methereum_transaction_pool_monitor::eth_client[0m[2m:[0m 🔍 Fetching transaction details for hash: 0x61749a198853cbeec80515f05b297da4ba4f15ec50650c59f392ee4cf9ae8c44
[2m2025-12-10T10:12:16.458298Z[0m [34mDEBUG[0m [2mhyper::client::pool[0m[2m:[0m reuse idle connection for ("http", 192.168.0.14:8545)
[2m2025-12-10T10:12:16.458338Z[0m [34mDEBUG[0m [2mhyper::proto::h1::io[0m[2m:[0m flushed 250 bytes
[2m2025-12-10T10:12:16.464518Z[0m [34mDEBUG[0m [2mhyper::proto::h1::io[0m[2m:[0m parsed 4 headers
[2m2025-12-10T10:12:16.464528Z[0m [34mDEBUG[0m [2mhyper::proto::h1::conn[0m[2m:[0m incoming body is content-length (583 bytes)
[2m2025-12-10T10:12:16.464536Z[0m [34mDEBUG[0m [2mhyper::proto::h1::conn[0m[2m:[0m incoming body completed
[2m2025-12-10T10:12:16.464546Z[0m [34mDEBUG[0m [2mhyper::client::pool[0m[2m:[0m pooling idle connection for ("http", 192.168.0.14:8545)
[2m2025-12-10T10:12:16.464553Z[0m [34mDEBUG[0m [2methereum_transaction_pool_monitor::eth_client[0m[2m:[0m 📡 Transaction fetch RPC completed in 6.26875ms
[2m2025-12-10T10:12:16.535225Z[0m [34mDEBUG[0m [2methereum_transaction_pool_monitor::eth_client[0m[2m:[0m ✅ Transaction 0x61749a198853cbeec80515f05b297da4ba4f15ec50650c59f392ee4cf9ae8c44 fetched and parsed in 76.938416ms
[2m2025-12-10T10:12:16.535250Z[0m [34mDEBUG[0m [2methereum_transaction_pool_monitor::mempool_monitor[0m[2m:[0m 🔍 Skipping tx 0x61749a198853cbeec80515f05b297da4ba4f15ec50650c59f392ee4cf9ae8c44 - not a DEX interaction (target: 0x516755968509E11e91dBE62F365600A17e27050C)
[2m2025-12-10T10:12:16.535260Z[0m [34mDEBUG[0m [2methereum_transaction_pool_monitor::mempool_monitor[0m[2m:[0m 📨 Processing new pending transaction: 0xbefdb10b97c431268de62a0235b6704dc8b34950d5a9f91db769160bd2004647
[2m2025-12-10T10:12:16.535266Z[0m [34mDEBUG[0m [2methereum_transaction_pool_monitor::mempool_monitor[0m[2m:[0m 🔍 Fetching transaction details for: 0xbefdb10b97c431268de62a0235b6704dc8b34950d5a9f91db769160bd2004647
[2m2025-12-10T10:12:16.535270Z[0m [34mDEBUG[0m [2methereum_transaction_pool_monitor::eth_client[0m[2m:[0m 🔍 Fetching transaction details for hash: 0xbefdb10b97c431268de62a0235b6704dc8b34950d5a9f91db769160bd2004647
[2m2025-12-10T10:12:16.535288Z[0m [34mDEBUG[0m [2mhyper::client::pool[0m[2m:[0m reuse idle connection for ("http", 192.168.0.14:8545)
[2m2025-12-10T10:12:16.535325Z[0m [34mDEBUG[0m [2mhyper::proto::h1::io[0m[2m:[0m flushed 250 bytes
[2m2025-12-10T10:12:16.535344Z[0m [34mDEBUG[0m [2mhyper::client::pool[0m[2m:[0m reuse idle connection for ("http", 192.168.0.14:8545)
[2m2025-12-10T10:12:16.535356Z[0m [34mDEBUG[0m [2mhyper::proto::h1::io[0m[2m:[0m flushed 172 bytes
[2m2025-12-10T10:12:16.535390Z[0m [34mDEBUG[0m [2methereum_transaction_pool_monitor::eth_client[0m[2m:[0m 📨 Received WebSocket message: {"jsonrpc":"2.0","method":"eth_subscription","params":{"subscription":"0xbed0a0851463e895960a451075a301a9","result":"0x7ea095e9e49014c2c8ad87e750f7536e03073c835778ec41428cc18d68b9fe1c"}}
[2m2025-12-10T10:12:16.535398Z[0m [34mDEBUG[0m [2methereum_transaction_pool_monitor::eth_client[0m[2m:[0m 📨 Received pending transaction: 0x7ea095e9e49014c2c8ad87e750f7536e03073c835778ec41428cc18d68b9fe1c
[2m2025-12-10T10:12:16.535403Z[0m [34mDEBUG[0m [2methereum_transaction_pool_monitor::eth_client[0m[2m:[0m 📨 Received WebSocket message: {"jsonrpc":"2.0","method":"eth_subscription","params":{"subscription":"0xbed0a0851463e895960a451075a301a9","result":"0xfe29a18e7eb8ecf41e9af48b29ef729cb8f885feb9dc175bf02ebe6f42fbc434"}}
[2m2025-12-10T10:12:16.535408Z[0m [34mDEBUG[0m [2methereum_transaction_pool_monitor::eth_client[0m[2m:[0m 📨 Received pending transaction: 0xfe29a18e7eb8ecf41e9af48b29ef729cb8f885feb9dc175bf02ebe6f42fbc434
[2m2025-12-10T10:12:16.540943Z[0m [34mDEBUG[0m [2mhyper::proto::h1::io[0m[2m:[0m parsed 4 headers
[2m2025-12-10T10:12:16.540972Z[0m [34mDEBUG[0m [2mhyper::proto::h1::conn[0m[2m:[0m incoming body is content-length (45 bytes)
[2m2025-12-10T10:12:16.540993Z[0m [34mDEBUG[0m [2mhyper::proto::h1::conn[0m[2m:[0m incoming body completed
[2m2025-12-10T10:12:16.541017Z[0m [34mDEBUG[0m [2mhyper::client::pool[0m[2m:[0m pooling idle connection for ("http", 192.168.0.14:8545)
[2m2025-12-10T10:12:16.543483Z[0m [34mDEBUG[0m [2mhyper::proto::h1::io[0m[2m:[0m parsed 4 headers
[2m2025-12-10T10:12:16.543502Z[0m [34mDEBUG[0m [2mhyper::proto::h1::conn[0m[2m:[0m incoming body is content-length (780 bytes)
[2m2025-12-10T10:12:16.543535Z[0m [34mDEBUG[0m [2mhyper::proto::h1::conn[0m[2m:[0m incoming body completed
[2m2025-12-10T10:12:16.543547Z[0m [34mDEBUG[0m [2mhyper::client::pool[0m[2m:[0m pooling idle connection for ("http", 192.168.0.14:8545)
[2m2025-12-10T10:12:16.543553Z[0m [34mDEBUG[0m [2methereum_transaction_pool_monitor::eth_client[0m[2m:[0m 📡 Transaction fetch RPC completed in 8.279083ms
[2m2025-12-10T10:12:16.543847Z[0m [34mDEBUG[0m [2methereum_transaction_pool_monitor::eth_client[0m[2m:[0m DeFi transaction detected - Address: 0xdac17f958d2ee523a2206206994597c13d831ec7, Type: Stablecoin, Value: 0 ETH, Gas: 501.00 Gwei
[2m2025-12-10T10:12:16.543863Z[0m [34mDEBUG[0m [2methereum_transaction_pool_monitor::eth_client[0m[2m:[0m ✅ Transaction 0xbefdb10b97c431268de62a0235b6704dc8b34950d5a9f91db769160bd2004647 fetched and parsed in 8.588625ms
[2m2025-12-10T10:12:16.543870Z[0m [34mDEBUG[0m [2methereum_transaction_pool_monitor::mempool_monitor[0m[2m:[0m 🔍 Skipping tx 0xbefdb10b97c431268de62a0235b6704dc8b34950d5a9f91db769160bd2004647 - not a DEX interaction (target: 0xdAC17F958D2ee523a2206206994597C13D831ec7)
[2m2025-12-10T10:12:16.543877Z[0m [34mDEBUG[0m [2methereum_transaction_pool_monitor::mempool_monitor[0m[2m:[0m 📨 Processing new pending transaction: 0xa5ef28f72d5364692ce8f1afc6632928ecbd1b3bb9d08281ae3751fec72837ea
[2m2025-12-10T10:12:16.543883Z[0m [34mDEBUG[0m [2methereum_transaction_pool_monitor::mempool_monitor[0m[2m:[0m 🔍 Fetching transaction details for: 0xa5ef28f72d5364692ce8f1afc6632928ecbd1b3bb9d08281ae3751fec72837ea
[2m2025-12-10T10:12:16.543888Z[0m [34mDEBUG[0m [2methereum_transaction_pool_monitor::eth_client[0m[2m:[0m 🔍 Fetching transaction details for hash: 0xa5ef28f72d5364692ce8f1afc6632928ecbd1b3bb9d08281ae3751fec72837ea
[2m2025-12-10T10:12:16.543897Z[0m [34mDEBUG[0m [2mhyper::client::pool[0m[2m:[0m reuse idle connection for ("http", 192.168.0.14:8545)
[2m2025-12-10T10:12:16.543914Z[0m [34mDEBUG[0m [2mhyper::proto::h1::io[0m[2m:[0m flushed 250 bytes
[2m2025-12-10T10:12:16.550770Z[0m [34mDEBUG[0m [2mhyper::proto::h1::io[0m[2m:[0m parsed 4 headers
[2m2025-12-10T10:12:16.550780Z[0m [34mDEBUG[0m [2mhyper::proto::h1::conn[0m[2m:[0m incoming body is content-length (552 bytes)
[2m2025-12-10T10:12:16.550786Z[0m [34mDEBUG[0m [2mhyper::proto::h1::conn[0m[2m:[0m incoming body completed
[2m2025-12-10T10:12:16.550793Z[0m [34mDEBUG[0m [2mhyper::client::pool[0m[2m:[0m pooling idle connection for ("http", 192.168.0.14:8545)
[2m2025-12-10T10:12:16.550798Z[0m [34mDEBUG[0m [2methereum_transaction_pool_monitor::eth_client[0m[2m:[0m 📡 Transaction fetch RPC completed in 6.907ms
[2m2025-12-10T10:12:16.621282Z[0m [34mDEBUG[0m [2methereum_transaction_pool_monitor::eth_client[0m[2m:[0m ✅ Transaction 0xa5ef28f72d5364692ce8f1afc6632928ecbd1b3bb9d08281ae3751fec72837ea fetched and parsed in 77.38775ms
[2m2025-12-10T10:12:16.621308Z[0m [34mDEBUG[0m [2methereum_transaction_pool_monitor::mempool_monitor[0m[2m:[0m 🔍 Skipping tx 0xa5ef28f72d5364692ce8f1afc6632928ecbd1b3bb9d08281ae3751fec72837ea - not a DEX interaction (target: 0x4E5B2e1dc63F6b91cb6Cd759936495434C7e972F)
[2m2025-12-10T10:12:16.621322Z[0m [34mDEBUG[0m [2methereum_transaction_pool_monitor::mempool_monitor[0m[2m:[0m 📨 Processing new pending transaction: 0xc7e7a8121c4cadb9422e468893525fcf2acc302c98341a7bc4e0a09dc8927c0e
[2m2025-12-10T10:12:16.621330Z[0m [34mDEBUG[0m [2methereum_transaction_pool_monitor::mempool_monitor[0m[2m:[0m 🔍 Fetching transaction details for: 0xc7e7a8121c4cadb9422e468893525fcf2acc302c98341a7bc4e0a09dc8927c0e
[2m2025-12-10T10:12:16.621337Z[0m [34mDEBUG[0m [2methereum_transaction_pool_monitor::eth_client[0m[2m:[0m 🔍 Fetching transaction details for hash: 0xc7e7a8121c4cadb9422e468893525fcf2acc302c98341a7bc4e0a09dc8927c0e
[2m2025-12-10T10:12:16.621354Z[0m [34mDEBUG[0m [2mhyper::client::pool[0m[2m:[0m reuse idle connection for ("http", 192.168.0.14:8545)
[2m2025-12-10T10:12:16.621388Z[0m [34mDEBUG[0m [2mhyper::proto::h1::io[0m[2m:[0m flushed 250 bytes
[2m2025-12-10T10:12:16.621408Z[0m [34mDEBUG[0m [2mhyper::client::pool[0m[2m:[0m reuse idle connection for ("http", 192.168.0.14:8545)
[2m2025-12-10T10:12:16.621422Z[0m [34mDEBUG[0m [2mhyper::proto::h1::io[0m[2m:[0m flushed 172 bytes
[2m2025-12-10T10:12:16.621456Z[0m [34mDEBUG[0m [2methereum_transaction_pool_monitor::eth_client[0m[2m:[0m 📨 Received WebSocket message: {"jsonrpc":"2.0","method":"eth_subscription","params":{"subscription":"0xbed0a0851463e895960a451075a301a9","result":"0x421f2263df7cb942d6d058c48f24b46638a1c74ad237b34399edd59d884d0305"}}
[2m2025-12-10T10:12:16.621465Z[0m [34mDEBUG[0m [2methereum_transaction_pool_monitor::eth_client[0m[2m:[0m 📨 Received pending transaction: 0x421f2263df7cb942d6d058c48f24b46638a1c74ad237b34399edd59d884d0305
[2m2025-12-10T10:12:16.626998Z[0m [34mDEBUG[0m [2mhyper::proto::h1::io[0m[2m:[0m parsed 4 headers
[2m2025-12-10T10:12:16.627016Z[0m [34mDEBUG[0m [2mhyper::proto::h1::conn[0m[2m:[0m incoming body is content-length (644 bytes)
[2m2025-12-10T10:12:16.627024Z[0m [34mDEBUG[0m [2mhyper::proto::h1::conn[0m[2m:[0m incoming body completed
[2m2025-12-10T10:12:16.627033Z[0m [34mDEBUG[0m [2mhyper::client::pool[0m[2m:[0m pooling idle connection for ("http", 192.168.0.14:8545)
[2m2025-12-10T10:12:16.627039Z[0m [34mDEBUG[0m [2methereum_transaction_pool_monitor::eth_client[0m[2m:[0m 📡 Transaction fetch RPC completed in 5.69675ms
[2m2025-12-10T10:12:16.698351Z[0m [34mDEBUG[0m [2methereum_transaction_pool_monitor::eth_client[0m[2m:[0m ✅ Transaction 0xc7e7a8121c4cadb9422e468893525fcf2acc302c98341a7bc4e0a09dc8927c0e fetched and parsed in 77.00625ms
[2m2025-12-10T10:12:16.698376Z[0m [34mDEBUG[0m [2methereum_transaction_pool_monitor::mempool_monitor[0m[2m:[0m 🔍 Skipping tx 0xc7e7a8121c4cadb9422e468893525fcf2acc302c98341a7bc4e0a09dc8927c0e - not a DEX interaction (target: 0x17E5545B11b468072283Cee1F066a059Fb0dbF24)
[2m2025-12-10T10:12:16.698386Z[0m [34mDEBUG[0m [2methereum_transaction_pool_monitor::mempool_monitor[0m[2m:[0m 📨 Processing new pending transaction: 0x0d3e2171c1d0332e55b4ef17476bcdb26ef9b40c469faba2cc292285cd2f4392
[2m2025-12-10T10:12:16.698391Z[0m [34mDEBUG[0m [2methereum_transaction_pool_monitor::mempool_monitor[0m[2m:[0m 🔍 Fetching transaction details for: 0x0d3e2171c1d0332e55b4ef17476bcdb26ef9b40c469faba2cc292285cd2f4392
[2m2025-12-10T10:12:16.698395Z[0m [34mDEBUG[0m [2methereum_transaction_pool_monitor::eth_client[0m[2m:[0m 🔍 Fetching transaction details for hash: 0x0d3e2171c1d0332e55b4ef17476bcdb26ef9b40c469faba2cc292285cd2f4392
[2m2025-12-10T10:12:16.698412Z[0m [34mDEBUG[0m [2mhyper::client::pool[0m[2m:[0m reuse idle connection for ("http", 192.168.0.14:8545)
[2m2025-12-10T10:12:16.698447Z[0m [34mDEBUG[0m [2mhyper::proto::h1::io[0m[2m:[0m flushed 250 bytes
[2m2025-12-10T10:12:16.698469Z[0m [34mDEBUG[0m [2methereum_transaction_pool_monitor::eth_client[0m[2m:[0m 📨 Received WebSocket message: {"jsonrpc":"2.0","method":"eth_subscription","params":{"subscription":"0xbed0a0851463e895960a451075a301a9","result":"0xe023ef6f39b38ca775a9575b4ef90ab44b8346101969f9ea09270bc7a01d272e"}}
[2m2025-12-10T10:12:16.698472Z[0m [34mDEBUG[0m [2mhyper::proto::h1::io[0m[2m:[0m parsed 4 headers
[2m2025-12-10T10:12:16.698476Z[0m [34mDEBUG[0m [2methereum_transaction_pool_monitor::eth_client[0m[2m:[0m 📨 Received pending transaction: 0xe023ef6f39b38ca775a9575b4ef90ab44b8346101969f9ea09270bc7a01d272e
[2m2025-12-10T10:12:16.698488Z[0m [34mDEBUG[0m [2mhyper::proto::h1::conn[0m[2m:[0m incoming body is content-length (45 bytes)
[2m2025-12-10T10:12:16.698496Z[0m [34mDEBUG[0m [2mhyper::proto::h1::conn[0m[2m:[0m incoming body completed
[2m2025-12-10T10:12:16.698504Z[0m [34mDEBUG[0m [2mhyper::client::pool[0m[2m:[0m pooling idle connection for ("http", 192.168.0.14:8545)
[2m2025-12-10T10:12:16.698518Z[0m [34mDEBUG[0m [2mhyper::client::pool[0m[2m:[0m reuse idle connection for ("http", 192.168.0.14:8545)
[2m2025-12-10T10:12:16.698534Z[0m [34mDEBUG[0m [2mhyper::proto::h1::io[0m[2m:[0m flushed 172 bytes
[2m2025-12-10T10:12:16.704438Z[0m [34mDEBUG[0m [2mhyper::proto::h1::io[0m[2m:[0m parsed 4 headers
[2m2025-12-10T10:12:16.704445Z[0m [34mDEBUG[0m [2mhyper::proto::h1::conn[0m[2m:[0m incoming body is content-length (45 bytes)
[2m2025-12-10T10:12:16.704450Z[0m [34mDEBUG[0m [2mhyper::proto::h1::conn[0m[2m:[0m incoming body completed
[2m2025-12-10T10:12:16.704455Z[0m [34mDEBUG[0m [2mhyper::client::pool[0m[2m:[0m pooling idle connection for ("http", 192.168.0.14:8545)
[2m2025-12-10T10:12:16.705172Z[0m [34mDEBUG[0m [2mhyper::proto::h1::io[0m[2m:[0m parsed 4 headers
[2m2025-12-10T10:12:16.705178Z[0m [34mDEBUG[0m [2mhyper::proto::h1::conn[0m[2m:[0m incoming body is content-length (836 bytes)
[2m2025-12-10T10:12:16.705182Z[0m [34mDEBUG[0m [2mhyper::proto::h1::conn[0m[2m:[0m incoming body completed
[2m2025-12-10T10:12:16.705189Z[0m [34mDEBUG[0m [2mhyper::client::pool[0m[2m:[0m pooling idle connection for ("http", 192.168.0.14:8545)
[2m2025-12-10T10:12:16.705194Z[0m [34mDEBUG[0m [2methereum_transaction_pool_monitor::eth_client[0m[2m:[0m 📡 Transaction fetch RPC completed in 6.794833ms
[2m2025-12-10T10:12:16.705205Z[0m [34mDEBUG[0m [2methereum_transaction_pool_monitor::eth_client[0m[2m:[0m DeFi transaction detected - Address: 0xdac17f958d2ee523a2206206994597c13d831ec7, Type: Stablecoin, Value: 0 ETH, Gas: 0.22 Gwei
[2m2025-12-10T10:12:16.705219Z[0m [34mDEBUG[0m [2methereum_transaction_pool_monitor::eth_client[0m[2m:[0m ✅ Transaction 0x0d3e2171c1d0332e55b4ef17476bcdb26ef9b40c469faba2cc292285cd2f4392 fetched and parsed in 6.819792ms
[2m2025-12-10T10:12:16.705225Z[0m [34mDEBUG[0m [2methereum_transaction_pool_monitor::mempool_monitor[0m[2m:[0m 🔍 Skipping tx 0x0d3e2171c1d0332e55b4ef17476bcdb26ef9b40c469faba2cc292285cd2f4392 - not a DEX interaction (target: 0xdAC17F958D2ee523a2206206994597C13D831ec7)
[2m2025-12-10T10:12:16.705231Z[0m [34mDEBUG[0m [2methereum_transaction_pool_monitor::mempool_monitor[0m[2m:[0m 📨 Processing new pending transaction: 0x06c19078cb96671eb8e0f51e93c359a4304cad3254813bbd5960336053ed125a
[2m2025-12-10T10:12:16.705236Z[0m [34mDEBUG[0m [2methereum_transaction_pool_monitor::mempool_monitor[0m[2m:[0m 🔍 Fetching transaction details for: 0x06c19078cb96671eb8e0f51e93c359a4304cad3254813bbd5960336053ed125a
[2m2025-12-10T10:12:16.705240Z[0m [34mDEBUG[0m [2methereum_transaction_pool_monitor::eth_client[0m[2m:[0m 🔍 Fetching transaction details for hash: 0x06c19078cb96671eb8e0f51e93c359a4304cad3254813bbd5960336053ed125a
[2m2025-12-10T10:12:16.705249Z[0m [34mDEBUG[0m [2mhyper::client::pool[0m[2m:[0m reuse idle connection for ("http", 192.168.0.14:8545)
[2m2025-12-10T10:12:16.705265Z[0m [34mDEBUG[0m [2mhyper::proto::h1::io[0m[2m:[0m flushed 250 bytes
[2m2025-12-10T10:12:16.710095Z[0m [34mDEBUG[0m [2mhyper::proto::h1::io[0m[2m:[0m parsed 4 headers
[2m2025-12-10T10:12:16.710104Z[0m [34mDEBUG[0m [2mhyper::proto::h1::conn[0m[2m:[0m incoming body is content-length (1730 bytes)
[2m2025-12-10T10:12:16.710115Z[0m [34mDEBUG[0m [2methereum_transaction_pool_monitor::eth_client[0m[2m:[0m 📡 Transaction fetch RPC completed in 4.871125ms
[2m2025-12-10T10:12:16.710750Z[0m [34mDEBUG[0m [2mhyper::proto::h1::conn[0m[2m:[0m incoming body completed
[2m2025-12-10T10:12:16.710758Z[0m [34mDEBUG[0m [2mhyper::client::pool[0m[2m:[0m pooling idle connection for ("http", 192.168.0.14:8545)
[2m2025-12-10T10:12:16.781921Z[0m [34mDEBUG[0m [2methereum_transaction_pool_monitor::eth_client[0m[2m:[0m ✅ Transaction 0x06c19078cb96671eb8e0f51e93c359a4304cad3254813bbd5960336053ed125a fetched and parsed in 76.675083ms
[2m2025-12-10T10:12:16.781944Z[0m [34mDEBUG[0m [2methereum_transaction_pool_monitor::mempool_monitor[0m[2m:[0m 🔍 Skipping tx 0x06c19078cb96671eb8e0f51e93c359a4304cad3254813bbd5960336053ed125a - not a DEX interaction (target: 0x601a2aD6CB5949f0529735254189Ba3194221EDF)
[2m2025-12-10T10:12:16.781954Z[0m [34mDEBUG[0m [2methereum_transaction_pool_monitor::mempool_monitor[0m[2m:[0m 📨 Processing new pending transaction: 0x7ea095e9e49014c2c8ad87e750f7536e03073c835778ec41428cc18d68b9fe1c
[2m2025-12-10T10:12:16.781959Z[0m [34mDEBUG[0m [2methereum_transaction_pool_monitor::mempool_monitor[0m[2m:[0m 🔍 Fetching transaction details for: 0x7ea095e9e49014c2c8ad87e750f7536e03073c835778ec41428cc18d68b9fe1c
[2m2025-12-10T10:12:16.781964Z[0m [34mDEBUG[0m [2methereum_transaction_pool_monitor::eth_client[0m[2m:[0m 🔍 Fetching transaction details for hash: 0x7ea095e9e49014c2c8ad87e750f7536e03073c835778ec41428cc18d68b9fe1c
[2m2025-12-10T10:12:16.781979Z[0m [34mDEBUG[0m [2mhyper::client::pool[0m[2m:[0m reuse idle connection for ("http", 192.168.0.14:8545)
[2m2025-12-10T10:12:16.782015Z[0m [34mDEBUG[0m [2mhyper::proto::h1::io[0m[2m:[0m flushed 250 bytes
[2m2025-12-10T10:12:16.786999Z[0m [34mDEBUG[0m [2mhyper::proto::h1::io[0m[2m:[0m parsed 4 headers
[2m2025-12-10T10:12:16.787008Z[0m [34mDEBUG[0m [2mhyper::proto::h1::conn[0m[2m:[0m incoming body is content-length (768 bytes)
[2m2025-12-10T10:12:16.787015Z[0m [34mDEBUG[0m [2mhyper::proto::h1::conn[0m[2m:[0m incoming body completed
[2m2025-12-10T10:12:16.787024Z[0m [34mDEBUG[0m [2mhyper::client::pool[0m[2m:[0m pooling idle connection for ("http", 192.168.0.14:8545)
[2m2025-12-10T10:12:16.787029Z[0m [34mDEBUG[0m [2methereum_transaction_pool_monitor::eth_client[0m[2m:[0m 📡 Transaction fetch RPC completed in 5.06125ms
[2m2025-12-10T10:12:16.858327Z[0m [34mDEBUG[0m [2methereum_transaction_pool_monitor::eth_client[0m[2m:[0m ✅ Transaction 0x7ea095e9e49014c2c8ad87e750f7536e03073c835778ec41428cc18d68b9fe1c fetched and parsed in 76.357666ms
[2m2025-12-10T10:12:16.858355Z[0m [34mDEBUG[0m [2methereum_transaction_pool_monitor::mempool_monitor[0m[2m:[0m 🔍 Skipping tx 0x7ea095e9e49014c2c8ad87e750f7536e03073c835778ec41428cc18d68b9fe1c - not a DEX interaction (target: 0xA0b86991c6218b36c1d19D4a2e9Eb0cE3606eB48)
[2m2025-12-10T10:12:16.858373Z[0m [34mDEBUG[0m [2methereum_transaction_pool_monitor::mempool_monitor[0m[2m:[0m 📨 Processing new pending transaction: 0xfe29a18e7eb8ecf41e9af48b29ef729cb8f885feb9dc175bf02ebe6f42fbc434
[2m2025-12-10T10:12:16.858381Z[0m [34mDEBUG[0m [2methereum_transaction_pool_monitor::mempool_monitor[0m[2m:[0m 🔍 Fetching transaction details for: 0xfe29a18e7eb8ecf41e9af48b29ef729cb8f885feb9dc175bf02ebe6f42fbc434
[2m2025-12-10T10:12:16.858386Z[0m [34mDEBUG[0m [2methereum_transaction_pool_monitor::eth_client[0m[2m:[0m 🔍 Fetching transaction details for hash: 0xfe29a18e7eb8ecf41e9af48b29ef729cb8f885feb9dc175bf02ebe6f42fbc434
[2m2025-12-10T10:12:16.858405Z[0m [34mDEBUG[0m [2mhyper::client::pool[0m[2m:[0m reuse idle connection for ("http", 192.168.0.14:8545)
[2m2025-12-10T10:12:16.858438Z[0m [34mDEBUG[0m [2mhyper::proto::h1::io[0m[2m:[0m flushed 250 bytes
[2m2025-12-10T10:12:16.858469Z[0m [34mDEBUG[0m [2mhyper::client::pool[0m[2m:[0m reuse idle connection for ("http", 192.168.0.14:8545)
[2m2025-12-10T10:12:16.858485Z[0m [34mDEBUG[0m [2mhyper::proto::h1::io[0m[2m:[0m flushed 172 bytes
[2m2025-12-10T10:12:16.862574Z[0m [34mDEBUG[0m [2mhyper::proto::h1::io[0m[2m:[0m parsed 4 headers
[2m2025-12-10T10:12:16.862581Z[0m [34mDEBUG[0m [2mhyper::proto::h1::conn[0m[2m:[0m incoming body is content-length (45 bytes)
[2m2025-12-10T10:12:16.862587Z[0m [34mDEBUG[0m [2mhyper::proto::h1::conn[0m[2m:[0m incoming body completed
[2m2025-12-10T10:12:16.862594Z[0m [34mDEBUG[0m [2mhyper::client::pool[0m[2m:[0m pooling idle connection for ("http", 192.168.0.14:8545)
[2m2025-12-10T10:12:16.865049Z[0m [34mDEBUG[0m [2mhyper::proto::h1::io[0m[2m:[0m parsed 4 headers
[2m2025-12-10T10:12:16.865060Z[0m [34mDEBUG[0m [2mhyper::proto::h1::conn[0m[2m:[0m incoming body is content-length (771 bytes)
[2m2025-12-10T10:12:16.865067Z[0m [34mDEBUG[0m [2mhyper::proto::h1::conn[0m[2m:[0m incoming body completed
[2m2025-12-10T10:12:16.865075Z[0m [34mDEBUG[0m [2mhyper::client::pool[0m[2m:[0m pooling idle connection for ("http", 192.168.0.14:8545)
[2m2025-12-10T10:12:16.865081Z[0m [34mDEBUG[0m [2methereum_transaction_pool_monitor::eth_client[0m[2m:[0m 📡 Transaction fetch RPC completed in 6.689542ms
[2m2025-12-10T10:12:16.934463Z[0m [34mDEBUG[0m [2methereum_transaction_pool_monitor::eth_client[0m[2m:[0m ✅ Transaction 0xfe29a18e7eb8ecf41e9af48b29ef729cb8f885feb9dc175bf02ebe6f42fbc434 fetched and parsed in 76.069292ms
[2m2025-12-10T10:12:16.934489Z[0m [34mDEBUG[0m [2methereum_transaction_pool_monitor::mempool_monitor[0m[2m:[0m 🔍 Skipping tx 0xfe29a18e7eb8ecf41e9af48b29ef729cb8f885feb9dc175bf02ebe6f42fbc434 - not a DEX interaction (target: 0xB8f28C60dD8240141185a192fa4156A23E189305)
[2m2025-12-10T10:12:16.934499Z[0m [34mDEBUG[0m [2methereum_transaction_pool_monitor::mempool_monitor[0m[2m:[0m 📨 Processing new pending transaction: 0x421f2263df7cb942d6d058c48f24b46638a1c74ad237b34399edd59d884d0305
[2m2025-12-10T10:12:16.934504Z[0m [34mDEBUG[0m [2methereum_transaction_pool_monitor::mempool_monitor[0m[2m:[0m 🔍 Fetching transaction details for: 0x421f2263df7cb942d6d058c48f24b46638a1c74ad237b34399edd59d884d0305
[2m2025-12-10T10:12:16.934509Z[0m [34mDEBUG[0m [2methereum_transaction_pool_monitor::eth_client[0m[2m:[0m 🔍 Fetching transaction details for hash: 0x421f2263df7cb942d6d058c48f24b46638a1c74ad237b34399edd59d884d0305
[2m2025-12-10T10:12:16.934526Z[0m [34mDEBUG[0m [2mhyper::client::pool[0m[2m:[0m reuse idle connection for ("http", 192.168.0.14:8545)
[2m2025-12-10T10:12:16.934563Z[0m [34mDEBUG[0m [2mhyper::proto::h1::io[0m[2m:[0m flushed 250 bytes
[2m2025-12-10T10:12:16.934595Z[0m [34mDEBUG[0m [2mhyper::client::pool[0m[2m:[0m reuse idle connection for ("http", 192.168.0.14:8545)
[2m2025-12-10T10:12:16.934612Z[0m [34mDEBUG[0m [2mhyper::proto::h1::io[0m[2m:[0m flushed 172 bytes
[2m2025-12-10T10:12:16.938209Z[0m [34mDEBUG[0m [2mhyper::proto::h1::io[0m[2m:[0m parsed 4 headers
[2m2025-12-10T10:12:16.938217Z[0m [34mDEBUG[0m [2mhyper::proto::h1::conn[0m[2m:[0m incoming body is content-length (45 bytes)
[2m2025-12-10T10:12:16.938224Z[0m [34mDEBUG[0m [2mhyper::proto::h1::conn[0m[2m:[0m incoming body completed
[2m2025-12-10T10:12:16.938232Z[0m [34mDEBUG[0m [2mhyper::client::pool[0m[2m:[0m pooling idle connection for ("http", 192.168.0.14:8545)
[2m2025-12-10T10:12:16.940980Z[0m [34mDEBUG[0m [2mhyper::proto::h1::io[0m[2m:[0m parsed 4 headers
[2m2025-12-10T10:12:16.941010Z[0m [34mDEBUG[0m [2mhyper::proto::h1::conn[0m[2m:[0m incoming body is content-length (767 bytes)
[2m2025-12-10T10:12:16.941029Z[0m [34mDEBUG[0m [2mhyper::proto::h1::conn[0m[2m:[0m incoming body completed
[2m2025-12-10T10:12:16.941065Z[0m [34mDEBUG[0m [2mhyper::client::pool[0m[2m:[0m pooling idle connection for ("http", 192.168.0.14:8545)
[2m2025-12-10T10:12:16.941079Z[0m [34mDEBUG[0m [2methereum_transaction_pool_monitor::eth_client[0m[2m:[0m 📡 Transaction fetch RPC completed in 6.566417ms
[2m2025-12-10T10:12:17.012768Z[0m [34mDEBUG[0m [2methereum_transaction_pool_monitor::eth_client[0m[2m:[0m ✅ Transaction 0x421f2263df7cb942d6d058c48f24b46638a1c74ad237b34399edd59d884d0305 fetched and parsed in 78.25275ms
[2m2025-12-10T10:12:17.012792Z[0m [34mDEBUG[0m [2methereum_transaction_pool_monitor::mempool_monitor[0m[2m:[0m 🔍 Skipping tx 0x421f2263df7cb942d6d058c48f24b46638a1c74ad237b34399edd59d884d0305 - not a DEX interaction (target: 0xA0b86991c6218b36c1d19D4a2e9Eb0cE3606eB48)
[2m2025-12-10T10:12:17.012801Z[0m [34mDEBUG[0m [2methereum_transaction_pool_monitor::mempool_monitor[0m[2m:[0m 📨 Processing new pending transaction: 0xe023ef6f39b38ca775a9575b4ef90ab44b8346101969f9ea09270bc7a01d272e
[2m2025-12-10T10:12:17.012807Z[0m [34mDEBUG[0m [2methereum_transaction_pool_monitor::mempool_monitor[0m[2m:[0m 🔍 Fetching transaction details for: 0xe023ef6f39b38ca775a9575b4ef90ab44b8346101969f9ea09270bc7a01d272e
[2m2025-12-10T10:12:17.012811Z[0m [34mDEBUG[0m [2methereum_transaction_pool_monitor::eth_client[0m[2m:[0m 🔍 Fetching transaction details for hash: 0xe023ef6f39b38ca775a9575b4ef90ab44b8346101969f9ea09270bc7a01d272e
[2m2025-12-10T10:12:17.012828Z[0m [34mDEBUG[0m [2mhyper::client::pool[0m[2m:[0m reuse idle connection for ("http", 192.168.0.14:8545)
[2m2025-12-10T10:12:17.012865Z[0m [34mDEBUG[0m [2mhyper::proto::h1::io[0m[2m:[0m flushed 250 bytes
[2m2025-12-10T10:12:17.012891Z[0m [34mDEBUG[0m [2mhyper::client::pool[0m[2m:[0m reuse idle connection for ("http", 192.168.0.14:8545)
[2m2025-12-10T10:12:17.012906Z[0m [34mDEBUG[0m [2mhyper::proto::h1::io[0m[2m:[0m flushed 172 bytes
[2m2025-12-10T10:12:17.020620Z[0m [34mDEBUG[0m [2mhyper::proto::h1::io[0m[2m:[0m parsed 4 headers
[2m2025-12-10T10:12:17.020635Z[0m [34mDEBUG[0m [2mhyper::proto::h1::conn[0m[2m:[0m incoming body is content-length (767 bytes)
[2m2025-12-10T10:12:17.020644Z[0m [34mDEBUG[0m [2mhyper::proto::h1::conn[0m[2m:[0m incoming body completed
[2m2025-12-10T10:12:17.020653Z[0m [34mDEBUG[0m [2mhyper::client::pool[0m[2m:[0m pooling idle connection for ("http", 192.168.0.14:8545)
[2m2025-12-10T10:12:17.020660Z[0m [34mDEBUG[0m [2methereum_transaction_pool_monitor::eth_client[0m[2m:[0m 📡 Transaction fetch RPC completed in 7.844875ms
[2m2025-12-10T10:12:17.094855Z[0m [34mDEBUG[0m [2methereum_transaction_pool_monitor::eth_client[0m[2m:[0m ✅ Transaction 0xe023ef6f39b38ca775a9575b4ef90ab44b8346101969f9ea09270bc7a01d272e fetched and parsed in 82.036583ms
[2m2025-12-10T10:12:17.094883Z[0m [34mDEBUG[0m [2methereum_transaction_pool_monitor::mempool_monitor[0m[2m:[0m 🔍 Skipping tx 0xe023ef6f39b38ca775a9575b4ef90ab44b8346101969f9ea09270bc7a01d272e - not a DEX interaction (target: 0xA0b86991c6218b36c1d19D4a2e9Eb0cE3606eB48)
[2m2025-12-10T10:12:17.094930Z[0m [34mDEBUG[0m [2methereum_transaction_pool_monitor::eth_client[0m[2m:[0m 📨 Received WebSocket message: {"jsonrpc":"2.0","method":"eth_subscription","params":{"subscription":"0xbed0a0851463e895960a451075a301a9","result":"0xd9e43c0a80080f382a76184ced3db2649feeb159cae02ab56da942592130126d"}}
[2m2025-12-10T10:12:17.094940Z[0m [34mDEBUG[0m [2methereum_transaction_pool_monitor::eth_client[0m[2m:[0m 📨 Received pending transaction: 0xd9e43c0a80080f382a76184ced3db2649feeb159cae02ab56da942592130126d
[2m2025-12-10T10:12:17.094946Z[0m [34mDEBUG[0m [2methereum_transaction_pool_monitor::mempool_monitor[0m[2m:[0m 📨 Processing new pending transaction: 0xd9e43c0a80080f382a76184ced3db2649feeb159cae02ab56da942592130126d
[2m2025-12-10T10:12:17.094952Z[0m [34mDEBUG[0m [2methereum_transaction_pool_monitor::mempool_monitor[0m[2m:[0m 🔍 Fetching transaction details for: 0xd9e43c0a80080f382a76184ced3db2649feeb159cae02ab56da942592130126d
[2m2025-12-10T10:12:17.094956Z[0m [34mDEBUG[0m [2methereum_transaction_pool_monitor::eth_client[0m[2m:[0m 🔍 Fetching transaction details for hash: 0xd9e43c0a80080f382a76184ced3db2649feeb159cae02ab56da942592130126d
[2m2025-12-10T10:12:17.094974Z[0m [34mDEBUG[0m [2mhyper::client::pool[0m[2m:[0m reuse idle connection for ("http", 192.168.0.14:8545)
[2m2025-12-10T10:12:17.094976Z[0m [34mDEBUG[0m [2mhyper::proto::h1::io[0m[2m:[0m parsed 4 headers
[2m2025-12-10T10:12:17.094984Z[0m [34mDEBUG[0m [2mhyper::proto::h1::conn[0m[2m:[0m incoming body is content-length (45 bytes)
[2m2025-12-10T10:12:17.094992Z[0m [34mDEBUG[0m [2mhyper::proto::h1::conn[0m[2m:[0m incoming body completed
[2m2025-12-10T10:12:17.094994Z[0m [34mDEBUG[0m [2mhyper::proto::h1::io[0m[2m:[0m flushed 250 bytes
[2m2025-12-10T10:12:17.095012Z[0m [34mDEBUG[0m [2mhyper::client::pool[0m[2m:[0m pooling idle connection for ("http", 192.168.0.14:8545)
[2m2025-12-10T10:12:17.098839Z[0m [34mDEBUG[0m [2mhyper::client::pool[0m[2m:[0m reuse idle connection for ("http", 192.168.0.14:8545)
[2m2025-12-10T10:12:17.098894Z[0m [34mDEBUG[0m [2mhyper::proto::h1::io[0m[2m:[0m flushed 172 bytes
[2m2025-12-10T10:12:17.101195Z[0m [34mDEBUG[0m [2methereum_transaction_pool_monitor::eth_client[0m[2m:[0m 📨 Received WebSocket message: {"jsonrpc":"2.0","method":"eth_subscription","params":{"subscription":"0xbed0a0851463e895960a451075a301a9","result":"0x1ae6cdab1af4acb6352bc1761637f10174151de918fcb40a503c960b7d585c10"}}
[2m2025-12-10T10:12:17.101222Z[0m [34mDEBUG[0m [2methereum_transaction_pool_monitor::eth_client[0m[2m:[0m 📨 Received pending transaction: 0x1ae6cdab1af4acb6352bc1761637f10174151de918fcb40a503c960b7d585c10
[2m2025-12-10T10:12:17.102084Z[0m [34mDEBUG[0m [2mhyper::proto::h1::io[0m[2m:[0m parsed 4 headers
[2m2025-12-10T10:12:17.102088Z[0m [34mDEBUG[0m [2mhyper::proto::h1::conn[0m[2m:[0m incoming body is content-length (776 bytes)
[2m2025-12-10T10:12:17.102095Z[0m [34mDEBUG[0m [2mhyper::proto::h1::conn[0m[2m:[0m incoming body completed
[2m2025-12-10T10:12:17.102103Z[0m [34mDEBUG[0m [2mhyper::client::pool[0m[2m:[0m pooling idle connection for ("http", 192.168.0.14:8545)
[2m2025-12-10T10:12:17.102108Z[0m [34mDEBUG[0m [2methereum_transaction_pool_monitor::eth_client[0m[2m:[0m 📡 Transaction fetch RPC completed in 7.146542ms
[2m2025-12-10T10:12:17.102127Z[0m [34mDEBUG[0m [2methereum_transaction_pool_monitor::eth_client[0m[2m:[0m DeFi transaction detected - Address: 0xdac17f958d2ee523a2206206994597c13d831ec7, Type: Stablecoin, Value: 0 ETH, Gas: 5.00 Gwei
[2m2025-12-10T10:12:17.102145Z[0m [34mDEBUG[0m [2methereum_transaction_pool_monitor::eth_client[0m[2m:[0m ✅ Transaction 0xd9e43c0a80080f382a76184ced3db2649feeb159cae02ab56da942592130126d fetched and parsed in 7.183875ms
[2m2025-12-10T10:12:17.102150Z[0m [34mDEBUG[0m [2methereum_transaction_pool_monitor::mempool_monitor[0m[2m:[0m 🔍 Skipping tx 0xd9e43c0a80080f382a76184ced3db2649feeb159cae02ab56da942592130126d - not a DEX interaction (target: 0xdAC17F958D2ee523a2206206994597C13D831ec7)
[2m2025-12-10T10:12:17.102157Z[0m [34mDEBUG[0m [2methereum_transaction_pool_monitor::mempool_monitor[0m[2m:[0m 📨 Processing new pending transaction: 0x1ae6cdab1af4acb6352bc1761637f10174151de918fcb40a503c960b7d585c10
[2m2025-12-10T10:12:17.102161Z[0m [34mDEBUG[0m [2methereum_transaction_pool_monitor::mempool_monitor[0m[2m:[0m 🔍 Fetching transaction details for: 0x1ae6cdab1af4acb6352bc1761637f10174151de918fcb40a503c960b7d585c10
[2m2025-12-10T10:12:17.102164Z[0m [34mDEBUG[0m [2methereum_transaction_pool_monitor::eth_client[0m[2m:[0m 🔍 Fetching transaction details for hash: 0x1ae6cdab1af4acb6352bc1761637f10174151de918fcb40a503c960b7d585c10
[2m2025-12-10T10:12:17.102185Z[0m [34mDEBUG[0m [2mhyper::client::pool[0m[2m:[0m reuse idle connection for ("http", 192.168.0.14:8545)
[2m2025-12-10T10:12:17.102198Z[0m [34mDEBUG[0m [2mhyper::proto::h1::io[0m[2m:[0m flushed 250 bytes
[2m2025-12-10T10:12:17.107250Z[0m [34mDEBUG[0m [2mhyper::proto::h1::io[0m[2m:[0m parsed 4 headers
[2m2025-12-10T10:12:17.107259Z[0m [34mDEBUG[0m [2mhyper::proto::h1::conn[0m[2m:[0m incoming body is content-length (45 bytes)
[2m2025-12-10T10:12:17.107264Z[0m [34mDEBUG[0m [2mhyper::proto::h1::conn[0m[2m:[0m incoming body completed
[2m2025-12-10T10:12:17.107270Z[0m [34mDEBUG[0m [2mhyper::client::pool[0m[2m:[0m pooling idle connection for ("http", 192.168.0.14:8545)
[2m2025-12-10T10:12:17.111306Z[0m [34mDEBUG[0m [2mhyper::proto::h1::io[0m[2m:[0m parsed 4 headers
[2m2025-12-10T10:12:17.111314Z[0m [34mDEBUG[0m [2mhyper::proto::h1::conn[0m[2m:[0m incoming body is content-length (769 bytes)
[2m2025-12-10T10:12:17.111318Z[0m [34mDEBUG[0m [2mhyper::proto::h1::conn[0m[2m:[0m incoming body completed
[2m2025-12-10T10:12:17.111324Z[0m [34mDEBUG[0m [2mhyper::client::pool[0m[2m:[0m pooling idle connection for ("http", 192.168.0.14:8545)
[2m2025-12-10T10:12:17.111328Z[0m [34mDEBUG[0m [2methereum_transaction_pool_monitor::eth_client[0m[2m:[0m 📡 Transaction fetch RPC completed in 9.159ms
[2m2025-12-10T10:12:17.183060Z[0m [34mDEBUG[0m [2methereum_transaction_pool_monitor::eth_client[0m[2m:[0m ✅ Transaction 0x1ae6cdab1af4acb6352bc1761637f10174151de918fcb40a503c960b7d585c10 fetched and parsed in 80.888ms
[2m2025-12-10T10:12:17.183087Z[0m [34mDEBUG[0m [2methereum_transaction_pool_monitor::mempool_monitor[0m[2m:[0m 🔍 Skipping tx 0x1ae6cdab1af4acb6352bc1761637f10174151de918fcb40a503c960b7d585c10 - not a DEX interaction (target: 0xA0b86991c6218b36c1d19D4a2e9Eb0cE3606eB48)
[2m2025-12-10T10:12:17.200143Z[0m [34mDEBUG[0m [2mhyper::client::pool[0m[2m:[0m reuse idle connection for ("http", 192.168.0.14:8545)
[2m2025-12-10T10:12:17.200184Z[0m [34mDEBUG[0m [2mhyper::proto::h1::io[0m[2m:[0m flushed 172 bytes
[2m2025-12-10T10:12:17.204080Z[0m [34mDEBUG[0m [2mhyper::proto::h1::io[0m[2m:[0m parsed 4 headers
[2m2025-12-10T10:12:17.204103Z[0m [34mDEBUG[0m [2mhyper::proto::h1::conn[0m[2m:[0m incoming body is content-length (45 bytes)
[2m2025-12-10T10:12:17.204127Z[0m [34mDEBUG[0m [2mhyper::proto::h1::conn[0m[2m:[0m incoming body completed
[2m2025-12-10T10:12:17.204139Z[0m [34mDEBUG[0m [2mhyper::client::pool[0m[2m:[0m pooling idle connection for ("http", 192.168.0.14:8545)
[2m2025-12-10T10:12:17.220952Z[0m [34mDEBUG[0m [2methereum_transaction_pool_monitor::eth_client[0m[2m:[0m 📨 Received WebSocket message: {"jsonrpc":"2.0","method":"eth_subscription","params":{"subscription":"0xbed0a0851463e895960a451075a301a9","result":"0x90a83d2d5a7b3b6bb16fcf7072bb471e68add9e79f430fa747be6449984f47b0"}}
[2m2025-12-10T10:12:17.220990Z[0m [34mDEBUG[0m [2methereum_transaction_pool_monitor::eth_client[0m[2m:[0m 📨 Received pending transaction: 0x90a83d2d5a7b3b6bb16fcf7072bb471e68add9e79f430fa747be6449984f47b0
[2m2025-12-10T10:12:17.221001Z[0m [34mDEBUG[0m [2methereum_transaction_pool_monitor::mempool_monitor[0m[2m:[0m 📨 Processing new pending transaction: 0x90a83d2d5a7b3b6bb16fcf7072bb471e68add9e79f430fa747be6449984f47b0
[2m2025-12-10T10:12:17.221007Z[0m [34mDEBUG[0m [2methereum_transaction_pool_monitor::mempool_monitor[0m[2m:[0m 🔍 Fetching transaction details for: 0x90a83d2d5a7b3b6bb16fcf7072bb471e68add9e79f430fa747be6449984f47b0
[2m2025-12-10T10:12:17.221013Z[0m [34mDEBUG[0m [2methereum_transaction_pool_monitor::eth_client[0m[2m:[0m 🔍 Fetching transaction details for hash: 0x90a83d2d5a7b3b6bb16fcf7072bb471e68add9e79f430fa747be6449984f47b0
[2m2025-12-10T10:12:17.221035Z[0m [34mDEBUG[0m [2mhyper::client::pool[0m[2m:[0m reuse idle connection for ("http", 192.168.0.14:8545)
[2m2025-12-10T10:12:17.221060Z[0m [34mDEBUG[0m [2mhyper::proto::h1::io[0m[2m:[0m flushed 250 bytes
[2m2025-12-10T10:12:17.227334Z[0m [34mDEBUG[0m [2mhyper::proto::h1::io[0m[2m:[0m parsed 4 headers
[2m2025-12-10T10:12:17.227344Z[0m [34mDEBUG[0m [2mhyper::proto::h1::conn[0m[2m:[0m incoming body is content-length (647 bytes)
[2m2025-12-10T10:12:17.227351Z[0m [34mDEBUG[0m [2mhyper::proto::h1::conn[0m[2m:[0m incoming body completed
[2m2025-12-10T10:12:17.227359Z[0m [34mDEBUG[0m [2mhyper::client::pool[0m[2m:[0m pooling idle connection for ("http", 192.168.0.14:8545)
[2m2025-12-10T10:12:17.227365Z[0m [34mDEBUG[0m [2methereum_transaction_pool_monitor::eth_client[0m[2m:[0m 📡 Transaction fetch RPC completed in 6.347833ms
[2m2025-12-10T10:12:17.297373Z[0m [34mDEBUG[0m [2methereum_transaction_pool_monitor::eth_client[0m[2m:[0m ✅ Transaction 0x90a83d2d5a7b3b6bb16fcf7072bb471e68add9e79f430fa747be6449984f47b0 fetched and parsed in 76.35325ms
[2m2025-12-10T10:12:17.297410Z[0m [34mDEBUG[0m [2methereum_transaction_pool_monitor::mempool_monitor[0m[2m:[0m 🔍 Skipping tx 0x90a83d2d5a7b3b6bb16fcf7072bb471e68add9e79f430fa747be6449984f47b0 - not a DEX interaction (target: 0xaf166E3e4B1169790ac9dCae34c99aE064C22657)
[2m2025-12-10T10:12:17.297455Z[0m [34mDEBUG[0m [2mhyper::client::pool[0m[2m:[0m reuse idle connection for ("http", 192.168.0.14:8545)
[2m2025-12-10T10:12:17.297478Z[0m [34mDEBUG[0m [2methereum_transaction_pool_monitor::eth_client[0m[2m:[0m 📨 Received WebSocket message: {"jsonrpc":"2.0","method":"eth_subscription","params":{"subscription":"0xbed0a0851463e895960a451075a301a9","result":"0xf8a286d76e1e543b1441d9d6ef993d984cb53a6252a3a3986b37bb5ba23d600d"}}
[2m2025-12-10T10:12:17.297488Z[0m [34mDEBUG[0m [2mhyper::proto::h1::io[0m[2m:[0m flushed 172 bytes
[2m2025-12-10T10:12:17.297739Z[0m [34mDEBUG[0m [2methereum_transaction_pool_monitor::eth_client[0m[2m:[0m 📨 Received pending transaction: 0xf8a286d76e1e543b1441d9d6ef993d984cb53a6252a3a3986b37bb5ba23d600d
[2m2025-12-10T10:12:17.297750Z[0m [34mDEBUG[0m [2methereum_transaction_pool_monitor::mempool_monitor[0m[2m:[0m 📨 Processing new pending transaction: 0xf8a286d76e1e543b1441d9d6ef993d984cb53a6252a3a3986b37bb5ba23d600d
[2m2025-12-10T10:12:17.297756Z[0m [34mDEBUG[0m [2methereum_transaction_pool_monitor::mempool_monitor[0m[2m:[0m 🔍 Fetching transaction details for: 0xf8a286d76e1e543b1441d9d6ef993d984cb53a6252a3a3986b37bb5ba23d600d
[2m2025-12-10T10:12:17.297760Z[0m [34mDEBUG[0m [2methereum_transaction_pool_monitor::eth_client[0m[2m:[0m 🔍 Fetching transaction details for hash: 0xf8a286d76e1e543b1441d9d6ef993d984cb53a6252a3a3986b37bb5ba23d600d
[2m2025-12-10T10:12:17.297772Z[0m [34mDEBUG[0m [2mhyper::client::pool[0m[2m:[0m reuse idle connection for ("http", 192.168.0.14:8545)
[2m2025-12-10T10:12:17.297787Z[0m [34mDEBUG[0m [2mhyper::proto::h1::io[0m[2m:[0m flushed 250 bytes
[2m2025-12-10T10:12:17.301632Z[0m [34mDEBUG[0m [2mhyper::proto::h1::io[0m[2m:[0m parsed 4 headers
[2m2025-12-10T10:12:17.301641Z[0m [34mDEBUG[0m [2mhyper::proto::h1::conn[0m[2m:[0m incoming body is content-length (45 bytes)
[2m2025-12-10T10:12:17.301647Z[0m [34mDEBUG[0m [2mhyper::proto::h1::conn[0m[2m:[0m incoming body completed
[2m2025-12-10T10:12:17.301655Z[0m [34mDEBUG[0m [2mhyper::client::pool[0m[2m:[0m pooling idle connection for ("http", 192.168.0.14:8545)
[2m2025-12-10T10:12:17.303275Z[0m [34mDEBUG[0m [2mhyper::proto::h1::io[0m[2m:[0m parsed 4 headers
[2m2025-12-10T10:12:17.303283Z[0m [34mDEBUG[0m [2mhyper::proto::h1::conn[0m[2m:[0m incoming body is content-length (1731 bytes)
[2m2025-12-10T10:12:17.303290Z[0m [34mDEBUG[0m [2mhyper::proto::h1::conn[0m[2m:[0m incoming body completed
[2m2025-12-10T10:12:17.303296Z[0m [34mDEBUG[0m [2mhyper::client::pool[0m[2m:[0m pooling idle connection for ("http", 192.168.0.14:8545)
[2m2025-12-10T10:12:17.303301Z[0m [34mDEBUG[0m [2methereum_transaction_pool_monitor::eth_client[0m[2m:[0m 📡 Transaction fetch RPC completed in 5.536375ms
[2m2025-12-10T10:12:17.375704Z[0m [34mDEBUG[0m [2methereum_transaction_pool_monitor::eth_client[0m[2m:[0m ✅ Transaction 0xf8a286d76e1e543b1441d9d6ef993d984cb53a6252a3a3986b37bb5ba23d600d fetched and parsed in 77.936583ms
[2m2025-12-10T10:12:17.375729Z[0m [34mDEBUG[0m [2methereum_transaction_pool_monitor::mempool_monitor[0m[2m:[0m 🔍 Skipping tx 0xf8a286d76e1e543b1441d9d6ef993d984cb53a6252a3a3986b37bb5ba23d600d - not a DEX interaction (target: 0x601a2aD6CB5949f0529735254189Ba3194221EDF)
[2m2025-12-10T10:12:17.398168Z[0m [34mDEBUG[0m [2mhyper::client::pool[0m[2m:[0m reuse idle connection for ("http", 192.168.0.14:8545)
[2m2025-12-10T10:12:17.398233Z[0m [34mDEBUG[0m [2mhyper::proto::h1::io[0m[2m:[0m flushed 172 bytes
[2m2025-12-10T10:12:17.401097Z[0m [34mDEBUG[0m [2mhyper::proto::h1::io[0m[2m:[0m parsed 4 headers
[2m2025-12-10T10:12:17.401103Z[0m [34mDEBUG[0m [2mhyper::proto::h1::conn[0m[2m:[0m incoming body is content-length (45 bytes)
[2m2025-12-10T10:12:17.401110Z[0m [34mDEBUG[0m [2mhyper::proto::h1::conn[0m[2m:[0m incoming body completed
[2m2025-12-10T10:12:17.401117Z[0m [34mDEBUG[0m [2mhyper::client::pool[0m[2m:[0m pooling idle connection for ("http", 192.168.0.14:8545)
[2m2025-12-10T10:12:17.500178Z[0m [34mDEBUG[0m [2mhyper::client::pool[0m[2m:[0m reuse idle connection for ("http", 192.168.0.14:8545)
[2m2025-12-10T10:12:17.500215Z[0m [34mDEBUG[0m [2mhyper::proto::h1::io[0m[2m:[0m flushed 172 bytes
[2m2025-12-10T10:12:17.503604Z[0m [34mDEBUG[0m [2mhyper::proto::h1::io[0m[2m:[0m parsed 4 headers
[2m2025-12-10T10:12:17.503613Z[0m [34mDEBUG[0m [2mhyper::proto::h1::conn[0m[2m:[0m incoming body is content-length (45 bytes)
[2m2025-12-10T10:12:17.503622Z[0m [34mDEBUG[0m [2mhyper::proto::h1::conn[0m[2m:[0m incoming body completed
[2m2025-12-10T10:12:17.503632Z[0m [34mDEBUG[0m [2mhyper::client::pool[0m[2m:[0m pooling idle connection for ("http", 192.168.0.14:8545)
[2m2025-12-10T10:12:17.598203Z[0m [34mDEBUG[0m [2mhyper::client::pool[0m[2m:[0m reuse idle connection for ("http", 192.168.0.14:8545)
[2m2025-12-10T10:12:17.598202Z[0m [34mDEBUG[0m [2methereum_transaction_pool_monitor::eth_client[0m[2m:[0m 📨 Received WebSocket message: {"jsonrpc":"2.0","method":"eth_subscription","params":{"subscription":"0xbed0a0851463e895960a451075a301a9","result":"0x10f7fe849e22b9a1f72cf3b4e3b46e34b590aec511ac4c1de0f2fac32638def8"}}
[2m2025-12-10T10:12:17.598283Z[0m [34mDEBUG[0m [2methereum_transaction_pool_monitor::eth_client[0m[2m:[0m 📨 Received pending transaction: 0x10f7fe849e22b9a1f72cf3b4e3b46e34b590aec511ac4c1de0f2fac32638def8
[2m2025-12-10T10:12:17.598307Z[0m [34mDEBUG[0m [2methereum_transaction_pool_monitor::mempool_monitor[0m[2m:[0m 📨 Processing new pending transaction: 0x10f7fe849e22b9a1f72cf3b4e3b46e34b590aec511ac4c1de0f2fac32638def8
[2m2025-12-10T10:12:17.598310Z[0m [34mDEBUG[0m [2mhyper::proto::h1::io[0m[2m:[0m flushed 172 bytes
[2m2025-12-10T10:12:17.598324Z[0m [34mDEBUG[0m [2methereum_transaction_pool_monitor::mempool_monitor[0m[2m:[0m 🔍 Fetching transaction details for: 0x10f7fe849e22b9a1f72cf3b4e3b46e34b590aec511ac4c1de0f2fac32638def8
[2m2025-12-10T10:12:17.598353Z[0m [34mDEBUG[0m [2methereum_transaction_pool_monitor::eth_client[0m[2m:[0m 🔍 Fetching transaction details for hash: 0x10f7fe849e22b9a1f72cf3b4e3b46e34b590aec511ac4c1de0f2fac32638def8
[2m2025-12-10T10:12:17.598387Z[0m [34mDEBUG[0m [2mhyper::client::pool[0m[2m:[0m reuse idle connection for ("http", 192.168.0.14:8545)
[2m2025-12-10T10:12:17.598428Z[0m [34mDEBUG[0m [2mhyper::proto::h1::io[0m[2m:[0m flushed 250 bytes
[2m2025-12-10T10:12:17.603116Z[0m [34mDEBUG[0m [2mhyper::proto::h1::io[0m[2m:[0m parsed 4 headers
[2m2025-12-10T10:12:17.603147Z[0m [34mDEBUG[0m [2mhyper::proto::h1::conn[0m[2m:[0m incoming body is content-length (45 bytes)
[2m2025-12-10T10:12:17.603171Z[0m [34mDEBUG[0m [2mhyper::proto::h1::conn[0m[2m:[0m incoming body completed
[2m2025-12-10T10:12:17.603200Z[0m [34mDEBUG[0m [2mhyper::client::pool[0m[2m:[0m pooling idle connection for ("http", 192.168.0.14:8545)
[2m2025-12-10T10:12:17.603368Z[0m [34mDEBUG[0m [2mhyper::proto::h1::io[0m[2m:[0m parsed 4 headers
[2m2025-12-10T10:12:17.603383Z[0m [34mDEBUG[0m [2mhyper::proto::h1::conn[0m[2m:[0m incoming body is content-length (771 bytes)
[2m2025-12-10T10:12:17.603397Z[0m [34mDEBUG[0m [2mhyper::proto::h1::conn[0m[2m:[0m incoming body completed
[2m2025-12-10T10:12:17.603415Z[0m [34mDEBUG[0m [2mhyper::client::pool[0m[2m:[0m pooling idle connection for ("http", 192.168.0.14:8545)
[2m2025-12-10T10:12:17.603429Z[0m [34mDEBUG[0m [2methereum_transaction_pool_monitor::eth_client[0m[2m:[0m 📡 Transaction fetch RPC completed in 5.064ms
[2m2025-12-10T10:12:17.700998Z[0m [34mDEBUG[0m [2methereum_transaction_pool_monitor::eth_client[0m[2m:[0m ✅ Transaction 0x10f7fe849e22b9a1f72cf3b4e3b46e34b590aec511ac4c1de0f2fac32638def8 fetched and parsed in 102.630667ms
[2m2025-12-10T10:12:17.701027Z[0m [34mDEBUG[0m [2methereum_transaction_pool_monitor::mempool_monitor[0m[2m:[0m 🔍 Skipping tx 0x10f7fe849e22b9a1f72cf3b4e3b46e34b590aec511ac4c1de0f2fac32638def8 - not a DEX interaction (target: 0xA0b86991c6218b36c1d19D4a2e9Eb0cE3606eB48)
[2m2025-12-10T10:12:17.701069Z[0m [34mDEBUG[0m [2mhyper::client::pool[0m[2m:[0m reuse idle connection for ("http", 192.168.0.14:8545)
[2m2025-12-10T10:12:17.701110Z[0m [34mDEBUG[0m [2mhyper::proto::h1::io[0m[2m:[0m flushed 172 bytes
[2m2025-12-10T10:12:17.704703Z[0m [34mDEBUG[0m [2mhyper::proto::h1::io[0m[2m:[0m parsed 4 headers
[2m2025-12-10T10:12:17.704708Z[0m [34mDEBUG[0m [2mhyper::proto::h1::conn[0m[2m:[0m incoming body is content-length (45 bytes)
[2m2025-12-10T10:12:17.704715Z[0m [34mDEBUG[0m [2mhyper::proto::h1::conn[0m[2m:[0m incoming body completed
[2m2025-12-10T10:12:17.704722Z[0m [34mDEBUG[0m [2mhyper::client::pool[0m[2m:[0m pooling idle connection for ("http", 192.168.0.14:8545)
[2m2025-12-10T10:12:17.799798Z[0m [34mDEBUG[0m [2mhyper::client::pool[0m[2m:[0m reuse idle connection for ("http", 192.168.0.14:8545)
[2m2025-12-10T10:12:17.799850Z[0m [34mDEBUG[0m [2mhyper::proto::h1::io[0m[2m:[0m flushed 172 bytes
[2m2025-12-10T10:12:17.837504Z[0m [34mDEBUG[0m [2methereum_transaction_pool_monitor::eth_client[0m[2m:[0m 📨 Received WebSocket message: {"jsonrpc":"2.0","method":"eth_subscription","params":{"subscription":"0xbed0a0851463e895960a451075a301a9","result":"0x01d6db5dc2c078db9ade302aba626e327dff43065132c3fb4262c675a4a4bec6"}}
[2m2025-12-10T10:12:17.837525Z[0m [34mDEBUG[0m [2methereum_transaction_pool_monitor::eth_client[0m[2m:[0m 📨 Received pending transaction: 0x01d6db5dc2c078db9ade302aba626e327dff43065132c3fb4262c675a4a4bec6
[2m2025-12-10T10:12:17.837544Z[0m [34mDEBUG[0m [2methereum_transaction_pool_monitor::mempool_monitor[0m[2m:[0m 📨 Processing new pending transaction: 0x01d6db5dc2c078db9ade302aba626e327dff43065132c3fb4262c675a4a4bec6
[2m2025-12-10T10:12:17.837555Z[0m [34mDEBUG[0m [2methereum_transaction_pool_monitor::mempool_monitor[0m[2m:[0m 🔍 Fetching transaction details for: 0x01d6db5dc2c078db9ade302aba626e327dff43065132c3fb4262c675a4a4bec6
[2m2025-12-10T10:12:17.837565Z[0m [34mDEBUG[0m [2methereum_transaction_pool_monitor::eth_client[0m[2m:[0m 🔍 Fetching transaction details for hash: 0x01d6db5dc2c078db9ade302aba626e327dff43065132c3fb4262c675a4a4bec6
[2m2025-12-10T10:12:17.837590Z[0m [34mDEBUG[0m [2mhyper::client::pool[0m[2m:[0m reuse idle connection for ("http", 192.168.0.14:8545)
[2m2025-12-10T10:12:17.837618Z[0m [34mDEBUG[0m [2mhyper::proto::h1::io[0m[2m:[0m flushed 250 bytes
[2m2025-12-10T10:12:17.838252Z[0m [34mDEBUG[0m [2mhyper::proto::h1::io[0m[2m:[0m parsed 4 headers
[2m2025-12-10T10:12:17.838262Z[0m [34mDEBUG[0m [2mhyper::proto::h1::conn[0m[2m:[0m incoming body is content-length (45 bytes)
[2m2025-12-10T10:12:17.838274Z[0m [34mDEBUG[0m [2mhyper::proto::h1::conn[0m[2m:[0m incoming body completed
[2m2025-12-10T10:12:17.838290Z[0m [34mDEBUG[0m [2mhyper::client::pool[0m[2m:[0m pooling idle connection for ("http", 192.168.0.14:8545)
[2m2025-12-10T10:12:17.843111Z[0m [34mDEBUG[0m [2mhyper::proto::h1::io[0m[2m:[0m parsed 4 headers
[2m2025-12-10T10:12:17.843123Z[0m [34mDEBUG[0m [2mhyper::proto::h1::conn[0m[2m:[0m incoming body is content-length (766 bytes)
[2m2025-12-10T10:12:17.843134Z[0m [34mDEBUG[0m [2mhyper::proto::h1::conn[0m[2m:[0m incoming body completed
[2m2025-12-10T10:12:17.843147Z[0m [34mDEBUG[0m [2mhyper::client::pool[0m[2m:[0m pooling idle connection for ("http", 192.168.0.14:8545)
[2m2025-12-10T10:12:17.843157Z[0m [34mDEBUG[0m [2methereum_transaction_pool_monitor::eth_client[0m[2m:[0m 📡 Transaction fetch RPC completed in 5.579791ms
[2m2025-12-10T10:12:17.920257Z[0m [34mDEBUG[0m [2methereum_transaction_pool_monitor::eth_client[0m[2m:[0m ✅ Transaction 0x01d6db5dc2c078db9ade302aba626e327dff43065132c3fb4262c675a4a4bec6 fetched and parsed in 82.6775ms
[2m2025-12-10T10:12:17.920288Z[0m [34mDEBUG[0m [2methereum_transaction_pool_monitor::mempool_monitor[0m[2m:[0m 🔍 Skipping tx 0x01d6db5dc2c078db9ade302aba626e327dff43065132c3fb4262c675a4a4bec6 - not a DEX interaction (target: 0xA0b86991c6218b36c1d19D4a2e9Eb0cE3606eB48)
[2m2025-12-10T10:12:17.920327Z[0m [34mDEBUG[0m [2mhyper::client::pool[0m[2m:[0m reuse idle connection for ("http", 192.168.0.14:8545)
[2m2025-12-10T10:12:17.920352Z[0m [34mDEBUG[0m [2mhyper::proto::h1::io[0m[2m:[0m flushed 172 bytes
[2m2025-12-10T10:12:17.920391Z[0m [34mDEBUG[0m [2methereum_transaction_pool_monitor::eth_client[0m[2m:[0m 📨 Received WebSocket message: {"jsonrpc":"2.0","method":"eth_subscription","params":{"subscription":"0xbed0a0851463e895960a451075a301a9","result":"0x5b1f9685e15176a285bdac8f6693bfdf97015bfe3e345fa203557bcc05dc332e"}}
[2m2025-12-10T10:12:17.920402Z[0m [34mDEBUG[0m [2methereum_transaction_pool_monitor::eth_client[0m[2m:[0m 📨 Received pending transaction: 0x5b1f9685e15176a285bdac8f6693bfdf97015bfe3e345fa203557bcc05dc332e
[2m2025-12-10T10:12:17.920409Z[0m [34mDEBUG[0m [2methereum_transaction_pool_monitor::mempool_monitor[0m[2m:[0m 📨 Processing new pending transaction: 0x5b1f9685e15176a285bdac8f6693bfdf97015bfe3e345fa203557bcc05dc332e
[2m2025-12-10T10:12:17.920415Z[0m [34mDEBUG[0m [2methereum_transaction_pool_monitor::mempool_monitor[0m[2m:[0m 🔍 Fetching transaction details for: 0x5b1f9685e15176a285bdac8f6693bfdf97015bfe3e345fa203557bcc05dc332e
[2m2025-12-10T10:12:17.920419Z[0m [34mDEBUG[0m [2methereum_transaction_pool_monitor::eth_client[0m[2m:[0m 🔍 Fetching transaction details for hash: 0x5b1f9685e15176a285bdac8f6693bfdf97015bfe3e345fa203557bcc05dc332e
[2m2025-12-10T10:12:17.920426Z[0m [34mDEBUG[0m [2mhyper::client::pool[0m[2m:[0m reuse idle connection for ("http", 192.168.0.14:8545)
[2m2025-12-10T10:12:17.920438Z[0m [34mDEBUG[0m [2mhyper::proto::h1::io[0m[2m:[0m flushed 250 bytes
[2m2025-12-10T10:12:17.924188Z[0m [34mDEBUG[0m [2mhyper::proto::h1::io[0m[2m:[0m parsed 4 headers
[2m2025-12-10T10:12:17.924193Z[0m [34mDEBUG[0m [2mhyper::proto::h1::conn[0m[2m:[0m incoming body is content-length (45 bytes)
[2m2025-12-10T10:12:17.924198Z[0m [34mDEBUG[0m [2mhyper::proto::h1::conn[0m[2m:[0m incoming body completed
[2m2025-12-10T10:12:17.924203Z[0m [34mDEBUG[0m [2mhyper::client::pool[0m[2m:[0m pooling idle connection for ("http", 192.168.0.14:8545)
[2m2025-12-10T10:12:17.925747Z[0m [34mDEBUG[0m [2mhyper::proto::h1::io[0m[2m:[0m parsed 4 headers
[2m2025-12-10T10:12:17.925767Z[0m [34mDEBUG[0m [2mhyper::proto::h1::conn[0m[2m:[0m incoming body is content-length (644 bytes)
[2m2025-12-10T10:12:17.925784Z[0m [34mDEBUG[0m [2mhyper::proto::h1::conn[0m[2m:[0m incoming body completed
[2m2025-12-10T10:12:17.925802Z[0m [34mDEBUG[0m [2mhyper::client::pool[0m[2m:[0m pooling idle connection for ("http", 192.168.0.14:8545)
[2m2025-12-10T10:12:17.925809Z[0m [34mDEBUG[0m [2methereum_transaction_pool_monitor::eth_client[0m[2m:[0m 📡 Transaction fetch RPC completed in 5.386834ms
[2m2025-12-10T10:12:17.997011Z[0m [34mDEBUG[0m [2methereum_transaction_pool_monitor::eth_client[0m[2m:[0m ✅ Transaction 0x5b1f9685e15176a285bdac8f6693bfdf97015bfe3e345fa203557bcc05dc332e fetched and parsed in 76.586209ms
[2m2025-12-10T10:12:17.997034Z[0m [34mDEBUG[0m [2methereum_transaction_pool_monitor::mempool_monitor[0m[2m:[0m 🔍 Skipping tx 0x5b1f9685e15176a285bdac8f6693bfdf97015bfe3e345fa203557bcc05dc332e - not a DEX interaction (target: 0xd636A7E363DA3323cdf516145ce0D73FD6186D0c)
[2m2025-12-10T10:12:17.998359Z[0m [34mDEBUG[0m [2mhyper::client::pool[0m[2m:[0m reuse idle connection for ("http", 192.168.0.14:8545)
[2m2025-12-10T10:12:17.998416Z[0m [34mDEBUG[0m [2mhyper::proto::h1::io[0m[2m:[0m flushed 172 bytes
[2m2025-12-10T10:12:18.001947Z[0m [34mDEBUG[0m [2mhyper::proto::h1::io[0m[2m:[0m parsed 4 headers
[2m2025-12-10T10:12:18.001967Z[0m [34mDEBUG[0m [2mhyper::proto::h1::conn[0m[2m:[0m incoming body is content-length (45 bytes)
[2m2025-12-10T10:12:18.001985Z[0m [34mDEBUG[0m [2mhyper::proto::h1::conn[0m[2m:[0m incoming body completed
[2m2025-12-10T10:12:18.002012Z[0m [34mDEBUG[0m [2mhyper::client::pool[0m[2m:[0m pooling idle connection for ("http", 192.168.0.14:8545)
[2m2025-12-10T10:12:18.098439Z[0m [34mDEBUG[0m [2mhyper::client::pool[0m[2m:[0m reuse idle connection for ("http", 192.168.0.14:8545)
[2m2025-12-10T10:12:18.098500Z[0m [34mDEBUG[0m [2mhyper::proto::h1::io[0m[2m:[0m flushed 172 bytes
[2m2025-12-10T10:12:18.102191Z[0m [34mDEBUG[0m [2mhyper::proto::h1::io[0m[2m:[0m parsed 4 headers
[2m2025-12-10T10:12:18.102217Z[0m [34mDEBUG[0m [2mhyper::proto::h1::conn[0m[2m:[0m incoming body is content-length (45 bytes)
[2m2025-12-10T10:12:18.102239Z[0m [34mDEBUG[0m [2mhyper::proto::h1::conn[0m[2m:[0m incoming body completed
[2m2025-12-10T10:12:18.102250Z[0m [34mDEBUG[0m [2mhyper::client::pool[0m[2m:[0m pooling idle connection for ("http", 192.168.0.14:8545)
[2m2025-12-10T10:12:18.199336Z[0m [34mDEBUG[0m [2mhyper::client::pool[0m[2m:[0m reuse idle connection for ("http", 192.168.0.14:8545)
[2m2025-12-10T10:12:18.199389Z[0m [34mDEBUG[0m [2mhyper::proto::h1::io[0m[2m:[0m flushed 172 bytes
[2m2025-12-10T10:12:18.207847Z[0m [34mDEBUG[0m [2mhyper::proto::h1::io[0m[2m:[0m parsed 4 headers
[2m2025-12-10T10:12:18.207866Z[0m [34mDEBUG[0m [2mhyper::proto::h1::conn[0m[2m:[0m incoming body is content-length (45 bytes)
[2m2025-12-10T10:12:18.207877Z[0m [34mDEBUG[0m [2mhyper::proto::h1::conn[0m[2m:[0m incoming body completed
[2m2025-12-10T10:12:18.207889Z[0m [34mDEBUG[0m [2mhyper::client::pool[0m[2m:[0m pooling idle connection for ("http", 192.168.0.14:8545)
[2m2025-12-10T10:12:18.298948Z[0m [34mDEBUG[0m [2mhyper::client::pool[0m[2m:[0m reuse idle connection for ("http", 192.168.0.14:8545)
[2m2025-12-10T10:12:18.299065Z[0m [34mDEBUG[0m [2mhyper::proto::h1::io[0m[2m:[0m flushed 172 bytes
[2m2025-12-10T10:12:18.302346Z[0m [34mDEBUG[0m [2mhyper::proto::h1::io[0m[2m:[0m parsed 4 headers
[2m2025-12-10T10:12:18.302389Z[0m [34mDEBUG[0m [2mhyper::proto::h1::conn[0m[2m:[0m incoming body is content-length (45 bytes)
[2m2025-12-10T10:12:18.302427Z[0m [34mDEBUG[0m [2mhyper::proto::h1::conn[0m[2m:[0m incoming body completed
[2m2025-12-10T10:12:18.302464Z[0m [34mDEBUG[0m [2mhyper::client::pool[0m[2m:[0m pooling idle connection for ("http", 192.168.0.14:8545)
[2m2025-12-10T10:12:18.336402Z[0m [34mDEBUG[0m [2methereum_transaction_pool_monitor::eth_client[0m[2m:[0m 📨 Received WebSocket message: {"jsonrpc":"2.0","method":"eth_subscription","params":{"subscription":"0xbed0a0851463e895960a451075a301a9","result":"0xbdfbcb915bfaeab56e13acb5736e77c9afa8edd922fcbc188380766e4cb2af9b"}}
[2m2025-12-10T10:12:18.338114Z[0m [34mDEBUG[0m [2methereum_transaction_pool_monitor::eth_client[0m[2m:[0m 📨 Received pending transaction: 0xbdfbcb915bfaeab56e13acb5736e77c9afa8edd922fcbc188380766e4cb2af9b
[2m2025-12-10T10:12:18.338151Z[0m [34mDEBUG[0m [2methereum_transaction_pool_monitor::mempool_monitor[0m[2m:[0m 📨 Processing new pending transaction: 0xbdfbcb915bfaeab56e13acb5736e77c9afa8edd922fcbc188380766e4cb2af9b
[2m2025-12-10T10:12:18.338170Z[0m [34mDEBUG[0m [2methereum_transaction_pool_monitor::mempool_monitor[0m[2m:[0m 🔍 Fetching transaction details for: 0xbdfbcb915bfaeab56e13acb5736e77c9afa8edd922fcbc188380766e4cb2af9b
[2m2025-12-10T10:12:18.338188Z[0m [34mDEBUG[0m [2methereum_transaction_pool_monitor::eth_client[0m[2m:[0m 🔍 Fetching transaction details for hash: 0xbdfbcb915bfaeab56e13acb5736e77c9afa8edd922fcbc188380766e4cb2af9b
[2m2025-12-10T10:12:18.338257Z[0m [34mDEBUG[0m [2mhyper::client::pool[0m[2m:[0m reuse idle connection for ("http", 192.168.0.14:8545)
[2m2025-12-10T10:12:18.338356Z[0m [34mDEBUG[0m [2mhyper::proto::h1::io[0m[2m:[0m flushed 250 bytes
[2m2025-12-10T10:12:18.349815Z[0m [34mDEBUG[0m [2mhyper::proto::h1::io[0m[2m:[0m parsed 4 headers
[2m2025-12-10T10:12:18.349870Z[0m [34mDEBUG[0m [2mhyper::proto::h1::conn[0m[2m:[0m incoming body is content-length (555 bytes)
[2m2025-12-10T10:12:18.349910Z[0m [34mDEBUG[0m [2mhyper::proto::h1::conn[0m[2m:[0m incoming body completed
[2m2025-12-10T10:12:18.349956Z[0m [34mDEBUG[0m [2mhyper::client::pool[0m[2m:[0m pooling idle connection for ("http", 192.168.0.14:8545)
[2m2025-12-10T10:12:18.349992Z[0m [34mDEBUG[0m [2methereum_transaction_pool_monitor::eth_client[0m[2m:[0m 📡 Transaction fetch RPC completed in 11.791083ms
[2m2025-12-10T10:12:18.452323Z[0m [34mDEBUG[0m [2methereum_transaction_pool_monitor::eth_client[0m[2m:[0m ✅ Transaction 0xbdfbcb915bfaeab56e13acb5736e77c9afa8edd922fcbc188380766e4cb2af9b fetched and parsed in 114.120541ms
[2m2025-12-10T10:12:18.452348Z[0m [34mDEBUG[0m [2methereum_transaction_pool_monitor::mempool_monitor[0m[2m:[0m 🔍 Skipping tx 0xbdfbcb915bfaeab56e13acb5736e77c9afa8edd922fcbc188380766e4cb2af9b - not a DEX interaction (target: 0xA728AE9F59dBaCf0191776300E24B11a4462f03C)
[2m2025-12-10T10:12:18.452383Z[0m [34mDEBUG[0m [2mhyper::client::pool[0m[2m:[0m reuse idle connection for ("http", 192.168.0.14:8545)
[2m2025-12-10T10:12:18.452407Z[0m [34mDEBUG[0m [2mhyper::proto::h1::io[0m[2m:[0m flushed 172 bytes
[2m2025-12-10T10:12:18.452442Z[0m [34mDEBUG[0m [2methereum_transaction_pool_monitor::eth_client[0m[2m:[0m 📨 Received WebSocket message: {"jsonrpc":"2.0","method":"eth_subscription","params":{"subscription":"0xbed0a0851463e895960a451075a301a9","result":"0x57680f2280af08d08ef2a43b2d5183bcd9e1846e79229c2e4b93f101e0d3b3fc"}}
[2m2025-12-10T10:12:18.452450Z[0m [34mDEBUG[0m [2methereum_transaction_pool_monitor::eth_client[0m[2m:[0m 📨 Received pending transaction: 0x57680f2280af08d08ef2a43b2d5183bcd9e1846e79229c2e4b93f101e0d3b3fc
[2m2025-12-10T10:12:18.452456Z[0m [34mDEBUG[0m [2methereum_transaction_pool_monitor::mempool_monitor[0m[2m:[0m 📨 Processing new pending transaction: 0x57680f2280af08d08ef2a43b2d5183bcd9e1846e79229c2e4b93f101e0d3b3fc
[2m2025-12-10T10:12:18.452461Z[0m [34mDEBUG[0m [2methereum_transaction_pool_monitor::mempool_monitor[0m[2m:[0m 🔍 Fetching transaction details for: 0x57680f2280af08d08ef2a43b2d5183bcd9e1846e79229c2e4b93f101e0d3b3fc
[2m2025-12-10T10:12:18.452465Z[0m [34mDEBUG[0m [2methereum_transaction_pool_monitor::eth_client[0m[2m:[0m 🔍 Fetching transaction details for hash: 0x57680f2280af08d08ef2a43b2d5183bcd9e1846e79229c2e4b93f101e0d3b3fc
[2m2025-12-10T10:12:18.452473Z[0m [34mDEBUG[0m [2mhyper::client::pool[0m[2m:[0m reuse idle connection for ("http", 192.168.0.14:8545)
[2m2025-12-10T10:12:18.452486Z[0m [34mDEBUG[0m [2mhyper::proto::h1::io[0m[2m:[0m flushed 250 bytes
[2m2025-12-10T10:12:18.458210Z[0m [34mDEBUG[0m [2mhyper::proto::h1::io[0m[2m:[0m parsed 4 headers
[2m2025-12-10T10:12:18.458246Z[0m [34mDEBUG[0m [2mhyper::proto::h1::conn[0m[2m:[0m incoming body is content-length (45 bytes)
[2m2025-12-10T10:12:18.458258Z[0m [34mDEBUG[0m [2mhyper::proto::h1::conn[0m[2m:[0m incoming body completed
[2m2025-12-10T10:12:18.458281Z[0m [34mDEBUG[0m [2mhyper::client::pool[0m[2m:[0m pooling idle connection for ("http", 192.168.0.14:8545)
[2m2025-12-10T10:12:18.461251Z[0m [34mDEBUG[0m [2mhyper::proto::h1::io[0m[2m:[0m parsed 4 headers
[2m2025-12-10T10:12:18.461257Z[0m [34mDEBUG[0m [2mhyper::proto::h1::conn[0m[2m:[0m incoming body is content-length (1483 bytes)
[2m2025-12-10T10:12:18.461267Z[0m [34mDEBUG[0m [2methereum_transaction_pool_monitor::eth_client[0m[2m:[0m 📡 Transaction fetch RPC completed in 8.797875ms
[2m2025-12-10T10:12:18.462108Z[0m [34mDEBUG[0m [2mhyper::proto::h1::conn[0m[2m:[0m incoming body completed
[2m2025-12-10T10:12:18.462125Z[0m [34mDEBUG[0m [2mhyper::client::pool[0m[2m:[0m pooling idle connection for ("http", 192.168.0.14:8545)
[2m2025-12-10T10:12:18.480842Z[0m [34mDEBUG[0m [2methereum_transaction_pool_monitor::eth_client[0m[2m:[0m 📨 Received WebSocket message: {"jsonrpc":"2.0","method":"eth_subscription","params":{"subscription":"0xbed0a0851463e895960a451075a301a9","result":"0x404e904301dfb9447c8be67a5646d97e3251950e7a8f10721da02e9393fb911c"}}
[2m2025-12-10T10:12:18.480870Z[0m [34mDEBUG[0m [2methereum_transaction_pool_monitor::eth_client[0m[2m:[0m 📨 Received pending transaction: 0x404e904301dfb9447c8be67a5646d97e3251950e7a8f10721da02e9393fb911c
[2m2025-12-10T10:12:18.492655Z[0m [34mDEBUG[0m [2methereum_transaction_pool_monitor::eth_client[0m[2m:[0m 📨 Received WebSocket message: {"jsonrpc":"2.0","method":"eth_subscription","params":{"subscription":"0xbed0a0851463e895960a451075a301a9","result":"0xd7d74c64aaea24641834e26c47f7d8b2c7a0af27297078c49aa6b0430f115245"}}
[2m2025-12-10T10:12:18.492677Z[0m [34mDEBUG[0m [2methereum_transaction_pool_monitor::eth_client[0m[2m:[0m 📨 Received pending transaction: 0xd7d74c64aaea24641834e26c47f7d8b2c7a0af27297078c49aa6b0430f115245
[2m2025-12-10T10:12:18.498967Z[0m [34mDEBUG[0m [2mhyper::client::pool[0m[2m:[0m reuse idle connection for ("http", 192.168.0.14:8545)
[2m2025-12-10T10:12:18.499017Z[0m [34mDEBUG[0m [2mhyper::proto::h1::io[0m[2m:[0m flushed 172 bytes
[2m2025-12-10T10:12:18.502876Z[0m [34mDEBUG[0m [2mhyper::proto::h1::io[0m[2m:[0m parsed 4 headers
[2m2025-12-10T10:12:18.502885Z[0m [34mDEBUG[0m [2mhyper::proto::h1::conn[0m[2m:[0m incoming body is content-length (45 bytes)
[2m2025-12-10T10:12:18.502893Z[0m [34mDEBUG[0m [2mhyper::proto::h1::conn[0m[2m:[0m incoming body completed
[2m2025-12-10T10:12:18.502901Z[0m [34mDEBUG[0m [2mhyper::client::pool[0m[2m:[0m pooling idle connection for ("http", 192.168.0.14:8545)
[2m2025-12-10T10:12:18.533658Z[0m [34mDEBUG[0m [2methereum_transaction_pool_monitor::eth_client[0m[2m:[0m ✅ Transaction 0x57680f2280af08d08ef2a43b2d5183bcd9e1846e79229c2e4b93f101e0d3b3fc fetched and parsed in 81.187ms
[2m2025-12-10T10:12:18.533682Z[0m [34mDEBUG[0m [2methereum_transaction_pool_monitor::mempool_monitor[0m[2m:[0m 🔍 Skipping tx 0x57680f2280af08d08ef2a43b2d5183bcd9e1846e79229c2e4b93f101e0d3b3fc - not a DEX interaction (target: 0x173272739Bd7Aa6e4e214714048a9fE699453059)
[2m2025-12-10T10:12:18.533692Z[0m [34mDEBUG[0m [2methereum_transaction_pool_monitor::mempool_monitor[0m[2m:[0m 📨 Processing new pending transaction: 0x404e904301dfb9447c8be67a5646d97e3251950e7a8f10721da02e9393fb911c
[2m2025-12-10T10:12:18.533697Z[0m [34mDEBUG[0m [2methereum_transaction_pool_monitor::mempool_monitor[0m[2m:[0m 🔍 Fetching transaction details for: 0x404e904301dfb9447c8be67a5646d97e3251950e7a8f10721da02e9393fb911c
[2m2025-12-10T10:12:18.533701Z[0m [34mDEBUG[0m [2methereum_transaction_pool_monitor::eth_client[0m[2m:[0m 🔍 Fetching transaction details for hash: 0x404e904301dfb9447c8be67a5646d97e3251950e7a8f10721da02e9393fb911c
[2m2025-12-10T10:12:18.533722Z[0m [34mDEBUG[0m [2mhyper::client::pool[0m[2m:[0m reuse idle connection for ("http", 192.168.0.14:8545)
[2m2025-12-10T10:12:18.533751Z[0m [34mDEBUG[0m [2mhyper::proto::h1::io[0m[2m:[0m flushed 250 bytes
[2m2025-12-10T10:12:18.538200Z[0m [34mDEBUG[0m [2mhyper::proto::h1::io[0m[2m:[0m parsed 4 headers
[2m2025-12-10T10:12:18.538207Z[0m [34mDEBUG[0m [2mhyper::proto::h1::conn[0m[2m:[0m incoming body is content-length (836 bytes)
[2m2025-12-10T10:12:18.538217Z[0m [34mDEBUG[0m [2mhyper::proto::h1::conn[0m[2m:[0m incoming body completed
[2m2025-12-10T10:12:18.538228Z[0m [34mDEBUG[0m [2mhyper::client::pool[0m[2m:[0m pooling idle connection for ("http", 192.168.0.14:8545)
[2m2025-12-10T10:12:18.538249Z[0m [34mDEBUG[0m [2methereum_transaction_pool_monitor::eth_client[0m[2m:[0m 📡 Transaction fetch RPC completed in 4.543667ms
[2m2025-12-10T10:12:18.538266Z[0m [34mDEBUG[0m [2methereum_transaction_pool_monitor::eth_client[0m[2m:[0m DeFi transaction detected - Address: 0xdac17f958d2ee523a2206206994597c13d831ec7, Type: Stablecoin, Value: 0 ETH, Gas: 0.21 Gwei
[2m2025-12-10T10:12:18.538281Z[0m [34mDEBUG[0m [2methereum_transaction_pool_monitor::eth_client[0m[2m:[0m ✅ Transaction 0x404e904301dfb9447c8be67a5646d97e3251950e7a8f10721da02e9393fb911c fetched and parsed in 4.576542ms
[2m2025-12-10T10:12:18.538288Z[0m [34mDEBUG[0m [2methereum_transaction_pool_monitor::mempool_monitor[0m[2m:[0m 🔍 Skipping tx 0x404e904301dfb9447c8be67a5646d97e3251950e7a8f10721da02e9393fb911c - not a DEX interaction (target: 0xdAC17F958D2ee523a2206206994597C13D831ec7)
[2m2025-12-10T10:12:18.538297Z[0m [34mDEBUG[0m [2methereum_transaction_pool_monitor::mempool_monitor[0m[2m:[0m 📨 Processing new pending transaction: 0xd7d74c64aaea24641834e26c47f7d8b2c7a0af27297078c49aa6b0430f115245
[2m2025-12-10T10:12:18.538301Z[0m [34mDEBUG[0m [2methereum_transaction_pool_monitor::mempool_monitor[0m[2m:[0m 🔍 Fetching transaction details for: 0xd7d74c64aaea24641834e26c47f7d8b2c7a0af27297078c49aa6b0430f115245
[2m2025-12-10T10:12:18.538304Z[0m [34mDEBUG[0m [2methereum_transaction_pool_monitor::eth_client[0m[2m:[0m 🔍 Fetching transaction details for hash: 0xd7d74c64aaea24641834e26c47f7d8b2c7a0af27297078c49aa6b0430f115245
[2m2025-12-10T10:12:18.538316Z[0m [34mDEBUG[0m [2mhyper::client::pool[0m[2m:[0m reuse idle connection for ("http", 192.168.0.14:8545)
[2m2025-12-10T10:12:18.538330Z[0m [34mDEBUG[0m [2mhyper::proto::h1::io[0m[2m:[0m flushed 250 bytes
[2m2025-12-10T10:12:18.542934Z[0m [34mDEBUG[0m [2mhyper::proto::h1::io[0m[2m:[0m parsed 4 headers
[2m2025-12-10T10:12:18.542946Z[0m [34mDEBUG[0m [2mhyper::proto::h1::conn[0m[2m:[0m incoming body is content-length (775 bytes)
[2m2025-12-10T10:12:18.542955Z[0m [34mDEBUG[0m [2mhyper::proto::h1::conn[0m[2m:[0m incoming body completed
[2m2025-12-10T10:12:18.542963Z[0m [34mDEBUG[0m [2mhyper::client::pool[0m[2m:[0m pooling idle connection for ("http", 192.168.0.14:8545)
[2m2025-12-10T10:12:18.542969Z[0m [34mDEBUG[0m [2methereum_transaction_pool_monitor::eth_client[0m[2m:[0m 📡 Transaction fetch RPC completed in 4.661417ms
[2m2025-12-10T10:12:18.542981Z[0m [34mDEBUG[0m [2methereum_transaction_pool_monitor::eth_client[0m[2m:[0m DeFi transaction detected - Address: 0xdac17f958d2ee523a2206206994597c13d831ec7, Type: Stablecoin, Value: 0 ETH, Gas: 0.87 Gwei
[2m2025-12-10T10:12:18.542991Z[0m [34mDEBUG[0m [2methereum_transaction_pool_monitor::eth_client[0m[2m:[0m ✅ Transaction 0xd7d74c64aaea24641834e26c47f7d8b2c7a0af27297078c49aa6b0430f115245 fetched and parsed in 4.683792ms
[2m2025-12-10T10:12:18.542996Z[0m [34mDEBUG[0m [2methereum_transaction_pool_monitor::mempool_monitor[0m[2m:[0m 🔍 Skipping tx 0xd7d74c64aaea24641834e26c47f7d8b2c7a0af27297078c49aa6b0430f115245 - not a DEX interaction (target: 0xdAC17F958D2ee523a2206206994597C13D831ec7)
[2m2025-12-10T10:12:18.569464Z[0m [34mDEBUG[0m [2methereum_transaction_pool_monitor::eth_client[0m[2m:[0m 📨 Received WebSocket message: {"jsonrpc":"2.0","method":"eth_subscription","params":{"subscription":"0xbed0a0851463e895960a451075a301a9","result":"0x420a0cce3414d79d063579dfda54245bf566c0b166572e2fd3b938c02dea48da"}}
[2m2025-12-10T10:12:18.569768Z[0m [34mDEBUG[0m [2methereum_transaction_pool_monitor::eth_client[0m[2m:[0m 📨 Received pending transaction: 0x420a0cce3414d79d063579dfda54245bf566c0b166572e2fd3b938c02dea48da
[2m2025-12-10T10:12:18.569776Z[0m [34mDEBUG[0m [2methereum_transaction_pool_monitor::mempool_monitor[0m[2m:[0m 📨 Processing new pending transaction: 0x420a0cce3414d79d063579dfda54245bf566c0b166572e2fd3b938c02dea48da
[2m2025-12-10T10:12:18.569781Z[0m [34mDEBUG[0m [2methereum_transaction_pool_monitor::mempool_monitor[0m[2m:[0m 🔍 Fetching transaction details for: 0x420a0cce3414d79d063579dfda54245bf566c0b166572e2fd3b938c02dea48da
[2m2025-12-10T10:12:18.569784Z[0m [34mDEBUG[0m [2methereum_transaction_pool_monitor::eth_client[0m[2m:[0m 🔍 Fetching transaction details for hash: 0x420a0cce3414d79d063579dfda54245bf566c0b166572e2fd3b938c02dea48da
[2m2025-12-10T10:12:18.569805Z[0m [34mDEBUG[0m [2mhyper::client::pool[0m[2m:[0m reuse idle connection for ("http", 192.168.0.14:8545)
[2m2025-12-10T10:12:18.569829Z[0m [34mDEBUG[0m [2mhyper::proto::h1::io[0m[2m:[0m flushed 250 bytes
[2m2025-12-10T10:12:18.576925Z[0m [34mDEBUG[0m [2mhyper::proto::h1::io[0m[2m:[0m parsed 4 headers
[2m2025-12-10T10:12:18.576936Z[0m [34mDEBUG[0m [2mhyper::proto::h1::conn[0m[2m:[0m incoming body is content-length (649 bytes)
[2m2025-12-10T10:12:18.576943Z[0m [34mDEBUG[0m [2mhyper::proto::h1::conn[0m[2m:[0m incoming body completed
[2m2025-12-10T10:12:18.577025Z[0m [34mDEBUG[0m [2mhyper::client::pool[0m[2m:[0m pooling idle connection for ("http", 192.168.0.14:8545)
[2m2025-12-10T10:12:18.577032Z[0m [34mDEBUG[0m [2methereum_transaction_pool_monitor::eth_client[0m[2m:[0m 📡 Transaction fetch RPC completed in 7.244041ms
[2m2025-12-10T10:12:18.647098Z[0m [34mDEBUG[0m [2methereum_transaction_pool_monitor::eth_client[0m[2m:[0m ✅ Transaction 0x420a0cce3414d79d063579dfda54245bf566c0b166572e2fd3b938c02dea48da fetched and parsed in 77.307291ms
[2m2025-12-10T10:12:18.647128Z[0m [34mDEBUG[0m [2methereum_transaction_pool_monitor::mempool_monitor[0m[2m:[0m 🔍 Skipping tx 0x420a0cce3414d79d063579dfda54245bf566c0b166572e2fd3b938c02dea48da - not a DEX interaction (target: 0x0aBbc482FBD91DBF413E3D6Cc5622e03552AC13a)
[2m2025-12-10T10:12:18.647173Z[0m [34mDEBUG[0m [2mhyper::client::pool[0m[2m:[0m reuse idle connection for ("http", 192.168.0.14:8545)
[2m2025-12-10T10:12:18.647213Z[0m [34mDEBUG[0m [2mhyper::proto::h1::io[0m[2m:[0m flushed 172 bytes
[2m2025-12-10T10:12:18.651976Z[0m [34mDEBUG[0m [2mhyper::proto::h1::io[0m[2m:[0m parsed 4 headers
[2m2025-12-10T10:12:18.651984Z[0m [34mDEBUG[0m [2mhyper::proto::h1::conn[0m[2m:[0m incoming body is content-length (45 bytes)
[2m2025-12-10T10:12:18.651993Z[0m [34mDEBUG[0m [2mhyper::proto::h1::conn[0m[2m:[0m incoming body completed
[2m2025-12-10T10:12:18.652001Z[0m [34mDEBUG[0m [2mhyper::client::pool[0m[2m:[0m pooling idle connection for ("http", 192.168.0.14:8545)
[2m2025-12-10T10:12:18.698958Z[0m [34mDEBUG[0m [2mhyper::client::pool[0m[2m:[0m reuse idle connection for ("http", 192.168.0.14:8545)
[2m2025-12-10T10:12:18.699001Z[0m [34mDEBUG[0m [2mhyper::proto::h1::io[0m[2m:[0m flushed 172 bytes
[2m2025-12-10T10:12:18.702720Z[0m [34mDEBUG[0m [2mhyper::proto::h1::io[0m[2m:[0m parsed 4 headers
[2m2025-12-10T10:12:18.702730Z[0m [34mDEBUG[0m [2mhyper::proto::h1::conn[0m[2m:[0m incoming body is content-length (45 bytes)
[2m2025-12-10T10:12:18.702737Z[0m [34mDEBUG[0m [2mhyper::proto::h1::conn[0m[2m:[0m incoming body completed
[2m2025-12-10T10:12:18.702744Z[0m [34mDEBUG[0m [2mhyper::client::pool[0m[2m:[0m pooling idle connection for ("http", 192.168.0.14:8545)
[2m2025-12-10T10:12:18.709340Z[0m [34mDEBUG[0m [2methereum_transaction_pool_monitor::eth_client[0m[2m:[0m 📨 Received WebSocket message: {"jsonrpc":"2.0","method":"eth_subscription","params":{"subscription":"0xbed0a0851463e895960a451075a301a9","result":"0x314a9a1dcc3914dc959b618bb34ca66dff9de10f8546e744c1b716bb64907940"}}
[2m2025-12-10T10:12:18.709362Z[0m [34mDEBUG[0m [2methereum_transaction_pool_monitor::eth_client[0m[2m:[0m 📨 Received pending transaction: 0x314a9a1dcc3914dc959b618bb34ca66dff9de10f8546e744c1b716bb64907940
[2m2025-12-10T10:12:18.709373Z[0m [34mDEBUG[0m [2methereum_transaction_pool_monitor::mempool_monitor[0m[2m:[0m 📨 Processing new pending transaction: 0x314a9a1dcc3914dc959b618bb34ca66dff9de10f8546e744c1b716bb64907940
[2m2025-12-10T10:12:18.709377Z[0m [34mDEBUG[0m [2methereum_transaction_pool_monitor::mempool_monitor[0m[2m:[0m 🔍 Fetching transaction details for: 0x314a9a1dcc3914dc959b618bb34ca66dff9de10f8546e744c1b716bb64907940
[2m2025-12-10T10:12:18.709381Z[0m [34mDEBUG[0m [2methereum_transaction_pool_monitor::eth_client[0m[2m:[0m 🔍 Fetching transaction details for hash: 0x314a9a1dcc3914dc959b618bb34ca66dff9de10f8546e744c1b716bb64907940
[2m2025-12-10T10:12:18.709408Z[0m [34mDEBUG[0m [2mhyper::client::pool[0m[2m:[0m reuse idle connection for ("http", 192.168.0.14:8545)
[2m2025-12-10T10:12:18.709436Z[0m [34mDEBUG[0m [2mhyper::proto::h1::io[0m[2m:[0m flushed 250 bytes
[2m2025-12-10T10:12:18.718440Z[0m [34mDEBUG[0m [2mhyper::proto::h1::io[0m[2m:[0m parsed 4 headers
[2m2025-12-10T10:12:18.718449Z[0m [34mDEBUG[0m [2mhyper::proto::h1::conn[0m[2m:[0m incoming body is content-length (1731 bytes)
[2m2025-12-10T10:12:18.718462Z[0m [34mDEBUG[0m [2methereum_transaction_pool_monitor::eth_client[0m[2m:[0m 📡 Transaction fetch RPC completed in 9.077125ms
[2m2025-12-10T10:12:18.720285Z[0m [34mDEBUG[0m [2mhyper::proto::h1::conn[0m[2m:[0m incoming body completed
[2m2025-12-10T10:12:18.720296Z[0m [34mDEBUG[0m [2mhyper::client::pool[0m[2m:[0m pooling idle connection for ("http", 192.168.0.14:8545)
[2m2025-12-10T10:12:18.757938Z[0m [34mDEBUG[0m [2methereum_transaction_pool_monitor::eth_client[0m[2m:[0m 📨 Received WebSocket message: {"jsonrpc":"2.0","method":"eth_subscription","params":{"subscription":"0xbed0a0851463e895960a451075a301a9","result":"0xd29556eed3dc1291de4cf9d194f194f52eaf8ea240f1a6eceae77a81ac02233b"}}
[2m2025-12-10T10:12:18.757961Z[0m [34mDEBUG[0m [2methereum_transaction_pool_monitor::eth_client[0m[2m:[0m 📨 Received pending transaction: 0xd29556eed3dc1291de4cf9d194f194f52eaf8ea240f1a6eceae77a81ac02233b
[2m2025-12-10T10:12:18.793882Z[0m [34mDEBUG[0m [2methereum_transaction_pool_monitor::eth_client[0m[2m:[0m ✅ Transaction 0x314a9a1dcc3914dc959b618bb34ca66dff9de10f8546e744c1b716bb64907940 fetched and parsed in 84.494417ms
[2m2025-12-10T10:12:18.793910Z[0m [34mDEBUG[0m [2methereum_transaction_pool_monitor::mempool_monitor[0m[2m:[0m 🔍 Skipping tx 0x314a9a1dcc3914dc959b618bb34ca66dff9de10f8546e744c1b716bb64907940 - not a DEX interaction (target: 0x601a2aD6CB5949f0529735254189Ba3194221EDF)
[2m2025-12-10T10:12:18.793920Z[0m [34mDEBUG[0m [2methereum_transaction_pool_monitor::mempool_monitor[0m[2m:[0m 📨 Processing new pending transaction: 0xd29556eed3dc1291de4cf9d194f194f52eaf8ea240f1a6eceae77a81ac02233b
[2m2025-12-10T10:12:18.793927Z[0m [34mDEBUG[0m [2methereum_transaction_pool_monitor::mempool_monitor[0m[2m:[0m 🔍 Fetching transaction details for: 0xd29556eed3dc1291de4cf9d194f194f52eaf8ea240f1a6eceae77a81ac02233b
[2m2025-12-10T10:12:18.793933Z[0m [34mDEBUG[0m [2methereum_transaction_pool_monitor::eth_client[0m[2m:[0m 🔍 Fetching transaction details for hash: 0xd29556eed3dc1291de4cf9d194f194f52eaf8ea240f1a6eceae77a81ac02233b
[2m2025-12-10T10:12:18.793955Z[0m [34mDEBUG[0m [2mhyper::client::pool[0m[2m:[0m reuse idle connection for ("http", 192.168.0.14:8545)
[2m2025-12-10T10:12:18.793979Z[0m [34mDEBUG[0m [2mhyper::proto::h1::io[0m[2m:[0m flushed 250 bytes
[2m2025-12-10T10:12:18.798720Z[0m [34mDEBUG[0m [2mhyper::client::pool[0m[2m:[0m reuse idle connection for ("http", 192.168.0.14:8545)
[2m2025-12-10T10:12:18.798743Z[0m [34mDEBUG[0m [2mhyper::proto::h1::io[0m[2m:[0m flushed 172 bytes
[2m2025-12-10T10:12:18.807858Z[0m [34mDEBUG[0m [2mhyper::proto::h1::io[0m[2m:[0m parsed 4 headers
[2m2025-12-10T10:12:18.807871Z[0m [34mDEBUG[0m [2mhyper::proto::h1::conn[0m[2m:[0m incoming body is content-length (45 bytes)
[2m2025-12-10T10:12:18.807880Z[0m [34mDEBUG[0m [2mhyper::proto::h1::conn[0m[2m:[0m incoming body completed
[2m2025-12-10T10:12:18.807889Z[0m [34mDEBUG[0m [2mhyper::client::pool[0m[2m:[0m pooling idle connection for ("http", 192.168.0.14:8545)
[2m2025-12-10T10:12:18.807907Z[0m [34mDEBUG[0m [2mhyper::proto::h1::io[0m[2m:[0m parsed 4 headers
[2m2025-12-10T10:12:18.807911Z[0m [34mDEBUG[0m [2mhyper::proto::h1::conn[0m[2m:[0m incoming body is content-length (779 bytes)
[2m2025-12-10T10:12:18.807915Z[0m [34mDEBUG[0m [2mhyper::proto::h1::conn[0m[2m:[0m incoming body completed
[2m2025-12-10T10:12:18.807920Z[0m [34mDEBUG[0m [2mhyper::client::pool[0m[2m:[0m pooling idle connection for ("http", 192.168.0.14:8545)
[2m2025-12-10T10:12:18.807924Z[0m [34mDEBUG[0m [2methereum_transaction_pool_monitor::eth_client[0m[2m:[0m 📡 Transaction fetch RPC completed in 13.983875ms
[2m2025-12-10T10:12:18.879032Z[0m [34mDEBUG[0m [2methereum_transaction_pool_monitor::eth_client[0m[2m:[0m ✅ Transaction 0xd29556eed3dc1291de4cf9d194f194f52eaf8ea240f1a6eceae77a81ac02233b fetched and parsed in 85.089333ms
[2m2025-12-10T10:12:18.879059Z[0m [34mDEBUG[0m [2methereum_transaction_pool_monitor::mempool_monitor[0m[2m:[0m 🔍 Skipping tx 0xd29556eed3dc1291de4cf9d194f194f52eaf8ea240f1a6eceae77a81ac02233b - not a DEX interaction (target: 0xA0b86991c6218b36c1d19D4a2e9Eb0cE3606eB48)
[2m2025-12-10T10:12:18.900145Z[0m [34mDEBUG[0m [2mhyper::client::pool[0m[2m:[0m reuse idle connection for ("http", 192.168.0.14:8545)
[2m2025-12-10T10:12:18.900233Z[0m [34mDEBUG[0m [2mhyper::proto::h1::io[0m[2m:[0m flushed 172 bytes
[2m2025-12-10T10:12:18.903399Z[0m [34mDEBUG[0m [2mhyper::proto::h1::io[0m[2m:[0m parsed 4 headers
[2m2025-12-10T10:12:18.903406Z[0m [34mDEBUG[0m [2mhyper::proto::h1::conn[0m[2m:[0m incoming body is content-length (45 bytes)
[2m2025-12-10T10:12:18.903412Z[0m [34mDEBUG[0m [2mhyper::proto::h1::conn[0m[2m:[0m incoming body completed
[2m2025-12-10T10:12:18.903419Z[0m [34mDEBUG[0m [2mhyper::client::pool[0m[2m:[0m pooling idle connection for ("http", 192.168.0.14:8545)
[2m2025-12-10T10:12:18.937212Z[0m [34mDEBUG[0m [2methereum_transaction_pool_monitor::eth_client[0m[2m:[0m 📨 Received WebSocket message: {"jsonrpc":"2.0","method":"eth_subscription","params":{"subscription":"0xbed0a0851463e895960a451075a301a9","result":"0x87881caa3d57674c20f0824d0a44beec0c42443dba19206e80f351002e22bf6b"}}
[2m2025-12-10T10:12:18.937241Z[0m [34mDEBUG[0m [2methereum_transaction_pool_monitor::eth_client[0m[2m:[0m 📨 Received pending transaction: 0x87881caa3d57674c20f0824d0a44beec0c42443dba19206e80f351002e22bf6b
[2m2025-12-10T10:12:18.937252Z[0m [34mDEBUG[0m [2methereum_transaction_pool_monitor::mempool_monitor[0m[2m:[0m 📨 Processing new pending transaction: 0x87881caa3d57674c20f0824d0a44beec0c42443dba19206e80f351002e22bf6b
[2m2025-12-10T10:12:18.937259Z[0m [34mDEBUG[0m [2methereum_transaction_pool_monitor::mempool_monitor[0m[2m:[0m 🔍 Fetching transaction details for: 0x87881caa3d57674c20f0824d0a44beec0c42443dba19206e80f351002e22bf6b
[2m2025-12-10T10:12:18.937265Z[0m [34mDEBUG[0m [2methereum_transaction_pool_monitor::eth_client[0m[2m:[0m 🔍 Fetching transaction details for hash: 0x87881caa3d57674c20f0824d0a44beec0c42443dba19206e80f351002e22bf6b
[2m2025-12-10T10:12:18.937286Z[0m [34mDEBUG[0m [2mhyper::client::pool[0m[2m:[0m reuse idle connection for ("http", 192.168.0.14:8545)
[2m2025-12-10T10:12:18.937313Z[0m [34mDEBUG[0m [2mhyper::proto::h1::io[0m[2m:[0m flushed 250 bytes
[2m2025-12-10T10:12:18.948256Z[0m [34mDEBUG[0m [2mhyper::proto::h1::io[0m[2m:[0m parsed 4 headers
[2m2025-12-10T10:12:18.948266Z[0m [34mDEBUG[0m [2mhyper::proto::h1::conn[0m[2m:[0m incoming body is content-length (778 bytes)
[2m2025-12-10T10:12:18.948273Z[0m [34mDEBUG[0m [2mhyper::proto::h1::conn[0m[2m:[0m incoming body completed
[2m2025-12-10T10:12:18.948281Z[0m [34mDEBUG[0m [2mhyper::client::pool[0m[2m:[0m pooling idle connection for ("http", 192.168.0.14:8545)
[2m2025-12-10T10:12:18.948288Z[0m [34mDEBUG[0m [2methereum_transaction_pool_monitor::eth_client[0m[2m:[0m 📡 Transaction fetch RPC completed in 11.018375ms
[2m2025-12-10T10:12:19.021239Z[0m [34mDEBUG[0m [2methereum_transaction_pool_monitor::eth_client[0m[2m:[0m ✅ Transaction 0x87881caa3d57674c20f0824d0a44beec0c42443dba19206e80f351002e22bf6b fetched and parsed in 83.966875ms
[2m2025-12-10T10:12:19.021270Z[0m [34mDEBUG[0m [2methereum_transaction_pool_monitor::mempool_monitor[0m[2m:[0m 🔍 Skipping tx 0x87881caa3d57674c20f0824d0a44beec0c42443dba19206e80f351002e22bf6b - not a DEX interaction (target: 0xb131f4A55907B10d1F0A50d8ab8FA09EC342cd74)
[2m2025-12-10T10:12:19.021312Z[0m [34mDEBUG[0m [2mhyper::client::pool[0m[2m:[0m reuse idle connection for ("http", 192.168.0.14:8545)
[2m2025-12-10T10:12:19.021361Z[0m [34mDEBUG[0m [2methereum_transaction_pool_monitor::eth_client[0m[2m:[0m 📨 Received WebSocket message: {"jsonrpc":"2.0","method":"eth_subscription","params":{"subscription":"0xbed0a0851463e895960a451075a301a9","result":"0xe06529f95e23f2773b939cd0d2734af6ef35238f0f678d1cfcfeed336c786e2b"}}
[2m2025-12-10T10:12:19.021363Z[0m [34mDEBUG[0m [2mhyper::proto::h1::io[0m[2m:[0m flushed 172 bytes
[2m2025-12-10T10:12:19.021375Z[0m [34mDEBUG[0m [2methereum_transaction_pool_monitor::eth_client[0m[2m:[0m 📨 Received pending transaction: 0xe06529f95e23f2773b939cd0d2734af6ef35238f0f678d1cfcfeed336c786e2b
[2m2025-12-10T10:12:19.021384Z[0m [34mDEBUG[0m [2methereum_transaction_pool_monitor::mempool_monitor[0m[2m:[0m 📨 Processing new pending transaction: 0xe06529f95e23f2773b939cd0d2734af6ef35238f0f678d1cfcfeed336c786e2b
[2m2025-12-10T10:12:19.021390Z[0m [34mDEBUG[0m [2methereum_transaction_pool_monitor::mempool_monitor[0m[2m:[0m 🔍 Fetching transaction details for: 0xe06529f95e23f2773b939cd0d2734af6ef35238f0f678d1cfcfeed336c786e2b
[2m2025-12-10T10:12:19.021396Z[0m [34mDEBUG[0m [2methereum_transaction_pool_monitor::eth_client[0m[2m:[0m 🔍 Fetching transaction details for hash: 0xe06529f95e23f2773b939cd0d2734af6ef35238f0f678d1cfcfeed336c786e2b
[2m2025-12-10T10:12:19.021408Z[0m [34mDEBUG[0m [2mhyper::client::pool[0m[2m:[0m reuse idle connection for ("http", 192.168.0.14:8545)
[2m2025-12-10T10:12:19.021425Z[0m [34mDEBUG[0m [2mhyper::proto::h1::io[0m[2m:[0m flushed 250 bytes
[2m2025-12-10T10:12:19.024403Z[0m [34mDEBUG[0m [2mhyper::proto::h1::io[0m[2m:[0m parsed 4 headers
[2m2025-12-10T10:12:19.024410Z[0m [34mDEBUG[0m [2mhyper::proto::h1::conn[0m[2m:[0m incoming body is content-length (45 bytes)
[2m2025-12-10T10:12:19.024417Z[0m [34mDEBUG[0m [2mhyper::proto::h1::conn[0m[2m:[0m incoming body completed
[2m2025-12-10T10:12:19.024424Z[0m [34mDEBUG[0m [2mhyper::client::pool[0m[2m:[0m pooling idle connection for ("http", 192.168.0.14:8545)
[2m2025-12-10T10:12:19.028396Z[0m [34mDEBUG[0m [2mhyper::proto::h1::io[0m[2m:[0m parsed 4 headers
[2m2025-12-10T10:12:19.028404Z[0m [34mDEBUG[0m [2mhyper::proto::h1::conn[0m[2m:[0m incoming body is content-length (829 bytes)
[2m2025-12-10T10:12:19.028410Z[0m [34mDEBUG[0m [2mhyper::proto::h1::conn[0m[2m:[0m incoming body completed
[2m2025-12-10T10:12:19.028417Z[0m [34mDEBUG[0m [2mhyper::client::pool[0m[2m:[0m pooling idle connection for ("http", 192.168.0.14:8545)
[2m2025-12-10T10:12:19.028423Z[0m [34mDEBUG[0m [2methereum_transaction_pool_monitor::eth_client[0m[2m:[0m 📡 Transaction fetch RPC completed in 7.021083ms
[2m2025-12-10T10:12:19.100803Z[0m [34mDEBUG[0m [2methereum_transaction_pool_monitor::eth_client[0m[2m:[0m ✅ Transaction 0xe06529f95e23f2773b939cd0d2734af6ef35238f0f678d1cfcfeed336c786e2b fetched and parsed in 79.398666ms
[2m2025-12-10T10:12:19.100824Z[0m [34mDEBUG[0m [2methereum_transaction_pool_monitor::mempool_monitor[0m[2m:[0m 🔍 Skipping tx 0xe06529f95e23f2773b939cd0d2734af6ef35238f0f678d1cfcfeed336c786e2b - not a DEX interaction (target: 0x3B4D794a66304F130a4Db8F2551B0070dfCf5ca7)
[2m2025-12-10T10:12:19.100863Z[0m [34mDEBUG[0m [2mhyper::client::pool[0m[2m:[0m reuse idle connection for ("http", 192.168.0.14:8545)
[2m2025-12-10T10:12:19.100901Z[0m [34mDEBUG[0m [2mhyper::proto::h1::io[0m[2m:[0m flushed 172 bytes
[2m2025-12-10T10:12:19.103659Z[0m [34mDEBUG[0m [2mhyper::proto::h1::io[0m[2m:[0m parsed 4 headers
[2m2025-12-10T10:12:19.103667Z[0m [34mDEBUG[0m [2mhyper::proto::h1::conn[0m[2m:[0m incoming body is content-length (45 bytes)
[2m2025-12-10T10:12:19.103673Z[0m [34mDEBUG[0m [2mhyper::proto::h1::conn[0m[2m:[0m incoming body completed
[2m2025-12-10T10:12:19.103681Z[0m [34mDEBUG[0m [2mhyper::client::pool[0m[2m:[0m pooling idle connection for ("http", 192.168.0.14:8545)
[2m2025-12-10T10:12:19.200141Z[0m [34mDEBUG[0m [2mhyper::client::pool[0m[2m:[0m reuse idle connection for ("http", 192.168.0.14:8545)
[2m2025-12-10T10:12:19.200180Z[0m [34mDEBUG[0m [2mhyper::proto::h1::io[0m[2m:[0m flushed 172 bytes
[2m2025-12-10T10:12:19.204005Z[0m [34mDEBUG[0m [2mhyper::proto::h1::io[0m[2m:[0m parsed 4 headers
[2m2025-12-10T10:12:19.204015Z[0m [34mDEBUG[0m [2mhyper::proto::h1::conn[0m[2m:[0m incoming body is content-length (45 bytes)
[2m2025-12-10T10:12:19.204259Z[0m [34mDEBUG[0m [2mhyper::proto::h1::conn[0m[2m:[0m incoming body completed
[2m2025-12-10T10:12:19.204269Z[0m [34mDEBUG[0m [2mhyper::client::pool[0m[2m:[0m pooling idle connection for ("http", 192.168.0.14:8545)
[2m2025-12-10T10:12:19.299405Z[0m [34mDEBUG[0m [2mhyper::client::pool[0m[2m:[0m reuse idle connection for ("http", 192.168.0.14:8545)
[2m2025-12-10T10:12:19.299608Z[0m [34mDEBUG[0m [2mhyper::proto::h1::io[0m[2m:[0m flushed 172 bytes
[2m2025-12-10T10:12:19.305669Z[0m [34mDEBUG[0m [2mhyper::proto::h1::io[0m[2m:[0m parsed 4 headers
[2m2025-12-10T10:12:19.305703Z[0m [34mDEBUG[0m [2mhyper::proto::h1::conn[0m[2m:[0m incoming body is content-length (45 bytes)
[2m2025-12-10T10:12:19.305722Z[0m [34mDEBUG[0m [2mhyper::proto::h1::conn[0m[2m:[0m incoming body completed
[2m2025-12-10T10:12:19.305746Z[0m [34mDEBUG[0m [2mhyper::client::pool[0m[2m:[0m pooling idle connection for ("http", 192.168.0.14:8545)
[2m2025-12-10T10:12:19.382871Z[0m [34mDEBUG[0m [2methereum_transaction_pool_monitor::eth_client[0m[2m:[0m 📨 Received WebSocket message: {"jsonrpc":"2.0","method":"eth_subscription","params":{"subscription":"0xbed0a0851463e895960a451075a301a9","result":"0xde1df1dc6bc343d429453c03a0e6cb10a01aee5d9c8b1d75708d81dbb6331ad1"}}
[2m2025-12-10T10:12:19.382967Z[0m [34mDEBUG[0m [2methereum_transaction_pool_monitor::eth_client[0m[2m:[0m 📨 Received pending transaction: 0xde1df1dc6bc343d429453c03a0e6cb10a01aee5d9c8b1d75708d81dbb6331ad1
[2m2025-12-10T10:12:19.383005Z[0m [34mDEBUG[0m [2methereum_transaction_pool_monitor::mempool_monitor[0m[2m:[0m 📨 Processing new pending transaction: 0xde1df1dc6bc343d429453c03a0e6cb10a01aee5d9c8b1d75708d81dbb6331ad1
[2m2025-12-10T10:12:19.383031Z[0m [34mDEBUG[0m [2methereum_transaction_pool_monitor::mempool_monitor[0m[2m:[0m 🔍 Fetching transaction details for: 0xde1df1dc6bc343d429453c03a0e6cb10a01aee5d9c8b1d75708d81dbb6331ad1
[2m2025-12-10T10:12:19.383054Z[0m [34mDEBUG[0m [2methereum_transaction_pool_monitor::eth_client[0m[2m:[0m 🔍 Fetching transaction details for hash: 0xde1df1dc6bc343d429453c03a0e6cb10a01aee5d9c8b1d75708d81dbb6331ad1
[2m2025-12-10T10:12:19.383140Z[0m [34mDEBUG[0m [2mhyper::client::pool[0m[2m:[0m reuse idle connection for ("http", 192.168.0.14:8545)
[2m2025-12-10T10:12:19.383246Z[0m [34mDEBUG[0m [2mhyper::proto::h1::io[0m[2m:[0m flushed 250 bytes
[2m2025-12-10T10:12:19.390764Z[0m [34mDEBUG[0m [2mhyper::proto::h1::io[0m[2m:[0m parsed 4 headers
[2m2025-12-10T10:12:19.390798Z[0m [34mDEBUG[0m [2mhyper::proto::h1::conn[0m[2m:[0m incoming body is content-length (2193 bytes)
[2m2025-12-10T10:12:19.390843Z[0m [34mDEBUG[0m [2methereum_transaction_pool_monitor::eth_client[0m[2m:[0m 📡 Transaction fetch RPC completed in 7.768042ms
[2m2025-12-10T10:12:19.391367Z[0m [34mDEBUG[0m [2mhyper::proto::h1::conn[0m[2m:[0m incoming body completed
[2m2025-12-10T10:12:19.391426Z[0m [34mDEBUG[0m [2mhyper::client::pool[0m[2m:[0m pooling idle connection for ("http", 192.168.0.14:8545)
[2m2025-12-10T10:12:19.399026Z[0m [34mDEBUG[0m [2mhyper::client::pool[0m[2m:[0m reuse idle connection for ("http", 192.168.0.14:8545)
[2m2025-12-10T10:12:19.399189Z[0m [34mDEBUG[0m [2mhyper::proto::h1::io[0m[2m:[0m flushed 172 bytes
[2m2025-12-10T10:12:19.402266Z[0m [34mDEBUG[0m [2mhyper::proto::h1::io[0m[2m:[0m parsed 4 headers
[2m2025-12-10T10:12:19.402297Z[0m [34mDEBUG[0m [2mhyper::proto::h1::conn[0m[2m:[0m incoming body is content-length (45 bytes)
[2m2025-12-10T10:12:19.402321Z[0m [34mDEBUG[0m [2mhyper::proto::h1::conn[0m[2m:[0m incoming body completed
[2m2025-12-10T10:12:19.402345Z[0m [34mDEBUG[0m [2mhyper::client::pool[0m[2m:[0m pooling idle connection for ("http", 192.168.0.14:8545)
[2m2025-12-10T10:12:19.408657Z[0m [34mDEBUG[0m [2methereum_transaction_pool_monitor::eth_client[0m[2m:[0m 📨 Received WebSocket message: {"jsonrpc":"2.0","method":"eth_subscription","params":{"subscription":"0xbed0a0851463e895960a451075a301a9","result":"0x3e797e044bd7de934373e61775bd867bc3874a34e1ec0e6bb5b712621b19b240"}}
[2m2025-12-10T10:12:19.408711Z[0m [34mDEBUG[0m [2methereum_transaction_pool_monitor::eth_client[0m[2m:[0m 📨 Received pending transaction: 0x3e797e044bd7de934373e61775bd867bc3874a34e1ec0e6bb5b712621b19b240
[2m2025-12-10T10:12:19.439780Z[0m [34mDEBUG[0m [2methereum_transaction_pool_monitor::eth_client[0m[2m:[0m 📨 Received WebSocket message: {"jsonrpc":"2.0","method":"eth_subscription","params":{"subscription":"0xbed0a0851463e895960a451075a301a9","result":"0x942761f8788c337fa88bc13a1722d80a6f8ce37ad3a5df39c89a875fc4995c6a"}}
[2m2025-12-10T10:12:19.439808Z[0m [34mDEBUG[0m [2methereum_transaction_pool_monitor::eth_client[0m[2m:[0m 📨 Received pending transaction: 0x942761f8788c337fa88bc13a1722d80a6f8ce37ad3a5df39c89a875fc4995c6a
[2m2025-12-10T10:12:19.481118Z[0m [34mDEBUG[0m [2methereum_transaction_pool_monitor::eth_client[0m[2m:[0m ✅ Transaction 0xde1df1dc6bc343d429453c03a0e6cb10a01aee5d9c8b1d75708d81dbb6331ad1 fetched and parsed in 98.041667ms
[2m2025-12-10T10:12:19.481144Z[0m [34mDEBUG[0m [2methereum_transaction_pool_monitor::mempool_monitor[0m[2m:[0m 🔍 Skipping tx 0xde1df1dc6bc343d429453c03a0e6cb10a01aee5d9c8b1d75708d81dbb6331ad1 - not a DEX interaction (target: 0x680e5F4E33BB0D38fbf90C42f3Ce21996D06a32B)
[2m2025-12-10T10:12:19.481153Z[0m [34mDEBUG[0m [2methereum_transaction_pool_monitor::mempool_monitor[0m[2m:[0m 📨 Processing new pending transaction: 0x3e797e044bd7de934373e61775bd867bc3874a34e1ec0e6bb5b712621b19b240
[2m2025-12-10T10:12:19.481161Z[0m [34mDEBUG[0m [2methereum_transaction_pool_monitor::mempool_monitor[0m[2m:[0m 🔍 Fetching transaction details for: 0x3e797e044bd7de934373e61775bd867bc3874a34e1ec0e6bb5b712621b19b240
[2m2025-12-10T10:12:19.481168Z[0m [34mDEBUG[0m [2methereum_transaction_pool_monitor::eth_client[0m[2m:[0m 🔍 Fetching transaction details for hash: 0x3e797e044bd7de934373e61775bd867bc3874a34e1ec0e6bb5b712621b19b240
[2m2025-12-10T10:12:19.481190Z[0m [34mDEBUG[0m [2mhyper::client::pool[0m[2m:[0m reuse idle connection for ("http", 192.168.0.14:8545)
[2m2025-12-10T10:12:19.481219Z[0m [34mDEBUG[0m [2mhyper::proto::h1::io[0m[2m:[0m flushed 250 bytes
[2m2025-12-10T10:12:19.486258Z[0m [34mDEBUG[0m [2mhyper::proto::h1::io[0m[2m:[0m parsed 4 headers
[2m2025-12-10T10:12:19.486273Z[0m [34mDEBUG[0m [2mhyper::proto::h1::conn[0m[2m:[0m incoming body is content-length (4033 bytes)
[2m2025-12-10T10:12:19.486287Z[0m [34mDEBUG[0m [2methereum_transaction_pool_monitor::eth_client[0m[2m:[0m 📡 Transaction fetch RPC completed in 5.111083ms
[2m2025-12-10T10:12:19.487205Z[0m [34mDEBUG[0m [2mhyper::proto::h1::conn[0m[2m:[0m incoming body completed
[2m2025-12-10T10:12:19.487215Z[0m [34mDEBUG[0m [2mhyper::client::pool[0m[2m:[0m pooling idle connection for ("http", 192.168.0.14:8545)
[2m2025-12-10T10:12:19.499414Z[0m [34mDEBUG[0m [2mhyper::client::pool[0m[2m:[0m reuse idle connection for ("http", 192.168.0.14:8545)
[2m2025-12-10T10:12:19.499483Z[0m [34mDEBUG[0m [2mhyper::proto::h1::io[0m[2m:[0m flushed 172 bytes
[2m2025-12-10T10:12:19.509593Z[0m [34mDEBUG[0m [2mhyper::proto::h1::io[0m[2m:[0m parsed 4 headers
[2m2025-12-10T10:12:19.509613Z[0m [34mDEBUG[0m [2mhyper::proto::h1::conn[0m[2m:[0m incoming body is content-length (45 bytes)
[2m2025-12-10T10:12:19.509620Z[0m [34mDEBUG[0m [2mhyper::proto::h1::conn[0m[2m:[0m incoming body completed
[2m2025-12-10T10:12:19.509630Z[0m [34mDEBUG[0m [2mhyper::client::pool[0m[2m:[0m pooling idle connection for ("http", 192.168.0.14:8545)
[2m2025-12-10T10:12:19.558576Z[0m [34mDEBUG[0m [2methereum_transaction_pool_monitor::eth_client[0m[2m:[0m ✅ Transaction 0x3e797e044bd7de934373e61775bd867bc3874a34e1ec0e6bb5b712621b19b240 fetched and parsed in 77.397042ms
[2m2025-12-10T10:12:19.558601Z[0m [34mDEBUG[0m [2methereum_transaction_pool_monitor::mempool_monitor[0m[2m:[0m 🔍 Skipping tx 0x3e797e044bd7de934373e61775bd867bc3874a34e1ec0e6bb5b712621b19b240 - not a DEX interaction (target: 0x0000000000001fF3684f28c67538d4D072C22734)
[2m2025-12-10T10:12:19.558611Z[0m [34mDEBUG[0m [2methereum_transaction_pool_monitor::mempool_monitor[0m[2m:[0m 📨 Processing new pending transaction: 0x942761f8788c337fa88bc13a1722d80a6f8ce37ad3a5df39c89a875fc4995c6a
[2m2025-12-10T10:12:19.558617Z[0m [34mDEBUG[0m [2methereum_transaction_pool_monitor::mempool_monitor[0m[2m:[0m 🔍 Fetching transaction details for: 0x942761f8788c337fa88bc13a1722d80a6f8ce37ad3a5df39c89a875fc4995c6a
[2m2025-12-10T10:12:19.558621Z[0m [34mDEBUG[0m [2methereum_transaction_pool_monitor::eth_client[0m[2m:[0m 🔍 Fetching transaction details for hash: 0x942761f8788c337fa88bc13a1722d80a6f8ce37ad3a5df39c89a875fc4995c6a
[2m2025-12-10T10:12:19.558638Z[0m [34mDEBUG[0m [2mhyper::client::pool[0m[2m:[0m reuse idle connection for ("http", 192.168.0.14:8545)
[2m2025-12-10T10:12:19.558672Z[0m [34mDEBUG[0m [2mhyper::proto::h1::io[0m[2m:[0m flushed 250 bytes
[2m2025-12-10T10:12:19.562915Z[0m [34mDEBUG[0m [2mhyper::proto::h1::io[0m[2m:[0m parsed 4 headers
[2m2025-12-10T10:12:19.562939Z[0m [34mDEBUG[0m [2mhyper::proto::h1::conn[0m[2m:[0m incoming body is content-length (830 bytes)
[2m2025-12-10T10:12:19.562959Z[0m [34mDEBUG[0m [2mhyper::proto::h1::conn[0m[2m:[0m incoming body completed
[2m2025-12-10T10:12:19.562971Z[0m [34mDEBUG[0m [2mhyper::client::pool[0m[2m:[0m pooling idle connection for ("http", 192.168.0.14:8545)
[2m2025-12-10T10:12:19.562990Z[0m [34mDEBUG[0m [2methereum_transaction_pool_monitor::eth_client[0m[2m:[0m 📡 Transaction fetch RPC completed in 4.364375ms
[2m2025-12-10T10:12:19.563004Z[0m [34mDEBUG[0m [2methereum_transaction_pool_monitor::eth_client[0m[2m:[0m DeFi transaction detected - Address: 0xdac17f958d2ee523a2206206994597c13d831ec7, Type: Stablecoin, Value: 0 ETH, Gas: 0.35 Gwei
[2m2025-12-10T10:12:19.563018Z[0m [34mDEBUG[0m [2methereum_transaction_pool_monitor::eth_client[0m[2m:[0m ✅ Transaction 0x942761f8788c337fa88bc13a1722d80a6f8ce37ad3a5df39c89a875fc4995c6a fetched and parsed in 4.392541ms
[2m2025-12-10T10:12:19.563024Z[0m [34mDEBUG[0m [2methereum_transaction_pool_monitor::mempool_monitor[0m[2m:[0m 🔍 Skipping tx 0x942761f8788c337fa88bc13a1722d80a6f8ce37ad3a5df39c89a875fc4995c6a - not a DEX interaction (target: 0xdAC17F958D2ee523a2206206994597C13D831ec7)
[2m2025-12-10T10:12:19.599844Z[0m [34mDEBUG[0m [2mhyper::client::pool[0m[2m:[0m reuse idle connection for ("http", 192.168.0.14:8545)
[2m2025-12-10T10:12:19.599886Z[0m [34mDEBUG[0m [2mhyper::proto::h1::io[0m[2m:[0m flushed 172 bytes
[2m2025-12-10T10:12:19.603334Z[0m [34mDEBUG[0m [2mhyper::proto::h1::io[0m[2m:[0m parsed 4 headers
[2m2025-12-10T10:12:19.603346Z[0m [34mDEBUG[0m [2mhyper::proto::h1::conn[0m[2m:[0m incoming body is content-length (45 bytes)
[2m2025-12-10T10:12:19.603352Z[0m [34mDEBUG[0m [2mhyper::proto::h1::conn[0m[2m:[0m incoming body completed
[2m2025-12-10T10:12:19.603360Z[0m [34mDEBUG[0m [2mhyper::client::pool[0m[2m:[0m pooling idle connection for ("http", 192.168.0.14:8545)
[2m2025-12-10T10:12:19.660196Z[0m [34mDEBUG[0m [2methereum_transaction_pool_monitor::eth_client[0m[2m:[0m 📨 Received WebSocket message: {"jsonrpc":"2.0","method":"eth_subscription","params":{"subscription":"0xbed0a0851463e895960a451075a301a9","result":"0x041b208f6ce06f7ea6d277cc86d61a294fbe8dc18da1711a4489aab254fc81ac"}}
[2m2025-12-10T10:12:19.660228Z[0m [34mDEBUG[0m [2methereum_transaction_pool_monitor::eth_client[0m[2m:[0m 📨 Received pending transaction: 0x041b208f6ce06f7ea6d277cc86d61a294fbe8dc18da1711a4489aab254fc81ac
[2m2025-12-10T10:12:19.660238Z[0m [34mDEBUG[0m [2methereum_transaction_pool_monitor::mempool_monitor[0m[2m:[0m 📨 Processing new pending transaction: 0x041b208f6ce06f7ea6d277cc86d61a294fbe8dc18da1711a4489aab254fc81ac
[2m2025-12-10T10:12:19.660245Z[0m [34mDEBUG[0m [2methereum_transaction_pool_monitor::mempool_monitor[0m[2m:[0m 🔍 Fetching transaction details for: 0x041b208f6ce06f7ea6d277cc86d61a294fbe8dc18da1711a4489aab254fc81ac
[2m2025-12-10T10:12:19.660250Z[0m [34mDEBUG[0m [2methereum_transaction_pool_monitor::eth_client[0m[2m:[0m 🔍 Fetching transaction details for hash: 0x041b208f6ce06f7ea6d277cc86d61a294fbe8dc18da1711a4489aab254fc81ac
[2m2025-12-10T10:12:19.660271Z[0m [34mDEBUG[0m [2mhyper::client::pool[0m[2m:[0m reuse idle connection for ("http", 192.168.0.14:8545)
[2m2025-12-10T10:12:19.660295Z[0m [34mDEBUG[0m [2mhyper::proto::h1::io[0m[2m:[0m flushed 250 bytes
[2m2025-12-10T10:12:19.666852Z[0m [34mDEBUG[0m [2mhyper::proto::h1::io[0m[2m:[0m parsed 4 headers
[2m2025-12-10T10:12:19.666907Z[0m [34mDEBUG[0m [2mhyper::proto::h1::conn[0m[2m:[0m incoming body is content-length (644 bytes)
[2m2025-12-10T10:12:19.666918Z[0m [34mDEBUG[0m [2mhyper::proto::h1::conn[0m[2m:[0m incoming body completed
[2m2025-12-10T10:12:19.666934Z[0m [34mDEBUG[0m [2mhyper::client::pool[0m[2m:[0m pooling idle connection for ("http", 192.168.0.14:8545)
[2m2025-12-10T10:12:19.666945Z[0m [34mDEBUG[0m [2methereum_transaction_pool_monitor::eth_client[0m[2m:[0m 📡 Transaction fetch RPC completed in 6.691209ms
[2m2025-12-10T10:12:19.740705Z[0m [34mDEBUG[0m [2methereum_transaction_pool_monitor::eth_client[0m[2m:[0m ✅ Transaction 0x041b208f6ce06f7ea6d277cc86d61a294fbe8dc18da1711a4489aab254fc81ac fetched and parsed in 80.4495ms
[2m2025-12-10T10:12:19.740731Z[0m [34mDEBUG[0m [2methereum_transaction_pool_monitor::mempool_monitor[0m[2m:[0m 🔍 Skipping tx 0x041b208f6ce06f7ea6d277cc86d61a294fbe8dc18da1711a4489aab254fc81ac - not a DEX interaction (target: 0x17E5545B11b468072283Cee1F066a059Fb0dbF24)
[2m2025-12-10T10:12:19.740773Z[0m [34mDEBUG[0m [2mhyper::client::pool[0m[2m:[0m reuse idle connection for ("http", 192.168.0.14:8545)
[2m2025-12-10T10:12:19.740816Z[0m [34mDEBUG[0m [2mhyper::proto::h1::io[0m[2m:[0m flushed 172 bytes
[2m2025-12-10T10:12:19.744304Z[0m [34mDEBUG[0m [2mhyper::proto::h1::io[0m[2m:[0m parsed 4 headers
[2m2025-12-10T10:12:19.744313Z[0m [34mDEBUG[0m [2mhyper::proto::h1::conn[0m[2m:[0m incoming body is content-length (45 bytes)
[2m2025-12-10T10:12:19.744320Z[0m [34mDEBUG[0m [2mhyper::proto::h1::conn[0m[2m:[0m incoming body completed
[2m2025-12-10T10:12:19.744327Z[0m [34mDEBUG[0m [2mhyper::client::pool[0m[2m:[0m pooling idle connection for ("http", 192.168.0.14:8545)
[2m2025-12-10T10:12:19.799545Z[0m [34mDEBUG[0m [2mhyper::client::pool[0m[2m:[0m reuse idle connection for ("http", 192.168.0.14:8545)
[2m2025-12-10T10:12:19.799597Z[0m [34mDEBUG[0m [2mhyper::proto::h1::io[0m[2m:[0m flushed 172 bytes
[2m2025-12-10T10:12:19.807425Z[0m [34mDEBUG[0m [2mhyper::proto::h1::io[0m[2m:[0m parsed 4 headers
[2m2025-12-10T10:12:19.807449Z[0m [34mDEBUG[0m [2mhyper::proto::h1::conn[0m[2m:[0m incoming body is content-length (45 bytes)
[2m2025-12-10T10:12:19.807471Z[0m [34mDEBUG[0m [2mhyper::proto::h1::conn[0m[2m:[0m incoming body completed
[2m2025-12-10T10:12:19.807498Z[0m [34mDEBUG[0m [2mhyper::client::pool[0m[2m:[0m pooling idle connection for ("http", 192.168.0.14:8545)
[2m2025-12-10T10:12:19.828249Z[0m [34mDEBUG[0m [2methereum_transaction_pool_monitor::eth_client[0m[2m:[0m 📨 Received WebSocket message: {"jsonrpc":"2.0","method":"eth_subscription","params":{"subscription":"0xbed0a0851463e895960a451075a301a9","result":"0xd4d6c469993e6237382adee8b4e88d5505cc4e679bdc284e15c27d958f982d5e"}}
[2m2025-12-10T10:12:19.828263Z[0m [34mDEBUG[0m [2methereum_transaction_pool_monitor::eth_client[0m[2m:[0m 📨 Received pending transaction: 0xd4d6c469993e6237382adee8b4e88d5505cc4e679bdc284e15c27d958f982d5e
[2m2025-12-10T10:12:19.828271Z[0m [34mDEBUG[0m [2methereum_transaction_pool_monitor::mempool_monitor[0m[2m:[0m 📨 Processing new pending transaction: 0xd4d6c469993e6237382adee8b4e88d5505cc4e679bdc284e15c27d958f982d5e
[2m2025-12-10T10:12:19.828518Z[0m [34mDEBUG[0m [2methereum_transaction_pool_monitor::mempool_monitor[0m[2m:[0m 🔍 Fetching transaction details for: 0xd4d6c469993e6237382adee8b4e88d5505cc4e679bdc284e15c27d958f982d5e
[2m2025-12-10T10:12:19.828524Z[0m [34mDEBUG[0m [2methereum_transaction_pool_monitor::eth_client[0m[2m:[0m 🔍 Fetching transaction details for hash: 0xd4d6c469993e6237382adee8b4e88d5505cc4e679bdc284e15c27d958f982d5e
[2m2025-12-10T10:12:19.828538Z[0m [34mDEBUG[0m [2mhyper::client::pool[0m[2m:[0m reuse idle connection for ("http", 192.168.0.14:8545)
[2m2025-12-10T10:12:19.828560Z[0m [34mDEBUG[0m [2mhyper::proto::h1::io[0m[2m:[0m flushed 250 bytes
[2m2025-12-10T10:12:19.834849Z[0m [34mDEBUG[0m [2mhyper::proto::h1::io[0m[2m:[0m parsed 4 headers
[2m2025-12-10T10:12:19.834858Z[0m [34mDEBUG[0m [2mhyper::proto::h1::conn[0m[2m:[0m incoming body is content-length (552 bytes)
[2m2025-12-10T10:12:19.834865Z[0m [34mDEBUG[0m [2mhyper::proto::h1::conn[0m[2m:[0m incoming body completed
[2m2025-12-10T10:12:19.834874Z[0m [34mDEBUG[0m [2mhyper::client::pool[0m[2m:[0m pooling idle connection for ("http", 192.168.0.14:8545)
[2m2025-12-10T10:12:19.834880Z[0m [34mDEBUG[0m [2methereum_transaction_pool_monitor::eth_client[0m[2m:[0m 📡 Transaction fetch RPC completed in 6.352875ms
[2m2025-12-10T10:12:19.909808Z[0m [34mDEBUG[0m [2methereum_transaction_pool_monitor::eth_client[0m[2m:[0m ✅ Transaction 0xd4d6c469993e6237382adee8b4e88d5505cc4e679bdc284e15c27d958f982d5e fetched and parsed in 81.278875ms
[2m2025-12-10T10:12:19.909836Z[0m [34mDEBUG[0m [2methereum_transaction_pool_monitor::mempool_monitor[0m[2m:[0m 🔍 Skipping tx 0xd4d6c469993e6237382adee8b4e88d5505cc4e679bdc284e15c27d958f982d5e - not a DEX interaction (target: 0xEbA88149813BEc1cCcccFDb0daCEFaaa5DE94cB1)
[2m2025-12-10T10:12:19.909873Z[0m [34mDEBUG[0m [2mhyper::client::pool[0m[2m:[0m reuse idle connection for ("http", 192.168.0.14:8545)
[2m2025-12-10T10:12:19.909893Z[0m [34mDEBUG[0m [2mhyper::proto::h1::io[0m[2m:[0m flushed 172 bytes
[2m2025-12-10T10:12:19.909907Z[0m [34mDEBUG[0m [2methereum_transaction_pool_monitor::eth_client[0m[2m:[0m 📨 Received WebSocket message: {"jsonrpc":"2.0","method":"eth_subscription","params":{"subscription":"0xbed0a0851463e895960a451075a301a9","result":"0xfac39caadf872c41318a4fdd79a27ca855e22fc71474f2139c09a43706e5b53d"}}
[2m2025-12-10T10:12:19.909917Z[0m [34mDEBUG[0m [2methereum_transaction_pool_monitor::eth_client[0m[2m:[0m 📨 Received pending transaction: 0xfac39caadf872c41318a4fdd79a27ca855e22fc71474f2139c09a43706e5b53d
[2m2025-12-10T10:12:19.909923Z[0m [34mDEBUG[0m [2methereum_transaction_pool_monitor::eth_client[0m[2m:[0m 📨 Received WebSocket message: {"jsonrpc":"2.0","method":"eth_subscription","params":{"subscription":"0xbed0a0851463e895960a451075a301a9","result":"0xf278983c125ee8fd87741275efaadbbb0f8a2bc417e5aebeea5216e07e026afa"}}
[2m2025-12-10T10:12:19.909929Z[0m [34mDEBUG[0m [2methereum_transaction_pool_monitor::eth_client[0m[2m:[0m 📨 Received pending transaction: 0xf278983c125ee8fd87741275efaadbbb0f8a2bc417e5aebeea5216e07e026afa
[2m2025-12-10T10:12:19.909936Z[0m [34mDEBUG[0m [2methereum_transaction_pool_monitor::mempool_monitor[0m[2m:[0m 📨 Processing new pending transaction: 0xfac39caadf872c41318a4fdd79a27ca855e22fc71474f2139c09a43706e5b53d
[2m2025-12-10T10:12:19.909940Z[0m [34mDEBUG[0m [2methereum_transaction_pool_monitor::mempool_monitor[0m[2m:[0m 🔍 Fetching transaction details for: 0xfac39caadf872c41318a4fdd79a27ca855e22fc71474f2139c09a43706e5b53d
[2m2025-12-10T10:12:19.909944Z[0m [34mDEBUG[0m [2methereum_transaction_pool_monitor::eth_client[0m[2m:[0m 🔍 Fetching transaction details for hash: 0xfac39caadf872c41318a4fdd79a27ca855e22fc71474f2139c09a43706e5b53d
[2m2025-12-10T10:12:19.909952Z[0m [34mDEBUG[0m [2mhyper::client::pool[0m[2m:[0m reuse idle connection for ("http", 192.168.0.14:8545)
[2m2025-12-10T10:12:19.909968Z[0m [34mDEBUG[0m [2mhyper::proto::h1::io[0m[2m:[0m flushed 250 bytes
[2m2025-12-10T10:12:19.914480Z[0m [34mDEBUG[0m [2mhyper::proto::h1::io[0m[2m:[0m parsed 4 headers
[2m2025-12-10T10:12:19.914487Z[0m [34mDEBUG[0m [2mhyper::proto::h1::conn[0m[2m:[0m incoming body is content-length (45 bytes)
[2m2025-12-10T10:12:19.914495Z[0m [34mDEBUG[0m [2mhyper::proto::h1::conn[0m[2m:[0m incoming body completed
[2m2025-12-10T10:12:19.914503Z[0m [34mDEBUG[0m [2mhyper::client::pool[0m[2m:[0m pooling idle connection for ("http", 192.168.0.14:8545)
[2m2025-12-10T10:12:19.920263Z[0m [34mDEBUG[0m [2mhyper::proto::h1::io[0m[2m:[0m parsed 4 headers
[2m2025-12-10T10:12:19.920282Z[0m [34mDEBUG[0m [2mhyper::proto::h1::conn[0m[2m:[0m incoming body is content-length (675 bytes)
[2m2025-12-10T10:12:19.920298Z[0m [34mDEBUG[0m [2mhyper::proto::h1::conn[0m[2m:[0m incoming body completed
[2m2025-12-10T10:12:19.920317Z[0m [34mDEBUG[0m [2mhyper::client::pool[0m[2m:[0m pooling idle connection for ("http", 192.168.0.14:8545)
[2m2025-12-10T10:12:19.920325Z[0m [34mDEBUG[0m [2methereum_transaction_pool_monitor::eth_client[0m[2m:[0m 📡 Transaction fetch RPC completed in 10.3775ms
[2m2025-12-10T10:12:19.920351Z[0m [34mDEBUG[0m [2methereum_transaction_pool_monitor::eth_client[0m[2m:[0m DeFi transaction detected - Address: 0xdac17f958d2ee523a2206206994597c13d831ec7, Type: Stablecoin, Value: 0 ETH, Gas: 1.00 Gwei
[2m2025-12-10T10:12:19.920364Z[0m [34mDEBUG[0m [2methereum_transaction_pool_monitor::eth_client[0m[2m:[0m ✅ Transaction 0xfac39caadf872c41318a4fdd79a27ca855e22fc71474f2139c09a43706e5b53d fetched and parsed in 10.417084ms
[2m2025-12-10T10:12:19.920369Z[0m [34mDEBUG[0m [2methereum_transaction_pool_monitor::mempool_monitor[0m[2m:[0m 🔍 Skipping tx 0xfac39caadf872c41318a4fdd79a27ca855e22fc71474f2139c09a43706e5b53d - not a DEX interaction (target: 0xdAC17F958D2ee523a2206206994597C13D831ec7)
[2m2025-12-10T10:12:19.920374Z[0m [34mDEBUG[0m [2methereum_transaction_pool_monitor::mempool_monitor[0m[2m:[0m 📨 Processing new pending transaction: 0xf278983c125ee8fd87741275efaadbbb0f8a2bc417e5aebeea5216e07e026afa
[2m2025-12-10T10:12:19.920377Z[0m [34mDEBUG[0m [2methereum_transaction_pool_monitor::mempool_monitor[0m[2m:[0m 🔍 Fetching transaction details for: 0xf278983c125ee8fd87741275efaadbbb0f8a2bc417e5aebeea5216e07e026afa
[2m2025-12-10T10:12:19.920380Z[0m [34mDEBUG[0m [2methereum_transaction_pool_monitor::eth_client[0m[2m:[0m 🔍 Fetching transaction details for hash: 0xf278983c125ee8fd87741275efaadbbb0f8a2bc417e5aebeea5216e07e026afa
[2m2025-12-10T10:12:19.920388Z[0m [34mDEBUG[0m [2mhyper::client::pool[0m[2m:[0m reuse idle connection for ("http", 192.168.0.14:8545)
[2m2025-12-10T10:12:19.920401Z[0m [34mDEBUG[0m [2mhyper::proto::h1::io[0m[2m:[0m flushed 250 bytes
[2m2025-12-10T10:12:19.925125Z[0m [34mDEBUG[0m [2mhyper::proto::h1::io[0m[2m:[0m parsed 4 headers
[2m2025-12-10T10:12:19.925130Z[0m [34mDEBUG[0m [2mhyper::proto::h1::conn[0m[2m:[0m incoming body is content-length (828 bytes)
[2m2025-12-10T10:12:19.925133Z[0m [34mDEBUG[0m [2mhyper::proto::h1::conn[0m[2m:[0m incoming body completed
[2m2025-12-10T10:12:19.925138Z[0m [34mDEBUG[0m [2mhyper::client::pool[0m[2m:[0m pooling idle connection for ("http", 192.168.0.14:8545)
[2m2025-12-10T10:12:19.925142Z[0m [34mDEBUG[0m [2methereum_transaction_pool_monitor::eth_client[0m[2m:[0m 📡 Transaction fetch RPC completed in 4.758292ms
[2m2025-12-10T10:12:19.995611Z[0m [34mDEBUG[0m [2methereum_transaction_pool_monitor::eth_client[0m[2m:[0m ✅ Transaction 0xf278983c125ee8fd87741275efaadbbb0f8a2bc417e5aebeea5216e07e026afa fetched and parsed in 75.225167ms
[2m2025-12-10T10:12:19.995636Z[0m [34mDEBUG[0m [2methereum_transaction_pool_monitor::mempool_monitor[0m[2m:[0m 🔍 Skipping tx 0xf278983c125ee8fd87741275efaadbbb0f8a2bc417e5aebeea5216e07e026afa - not a DEX interaction (target: 0xDDaef92FA7888eb8A8a684F72F5e8e9Ee6045490)
[2m2025-12-10T10:12:19.998227Z[0m [34mDEBUG[0m [2mhyper::client::pool[0m[2m:[0m reuse idle connection for ("http", 192.168.0.14:8545)
[2m2025-12-10T10:12:19.998291Z[0m [34mDEBUG[0m [2mhyper::proto::h1::io[0m[2m:[0m flushed 172 bytes
[2m2025-12-10T10:12:20.003048Z[0m [34mDEBUG[0m [2mhyper::proto::h1::io[0m[2m:[0m parsed 4 headers
[2m2025-12-10T10:12:20.003068Z[0m [34mDEBUG[0m [2mhyper::proto::h1::conn[0m[2m:[0m incoming body is content-length (45 bytes)
[2m2025-12-10T10:12:20.003082Z[0m [34mDEBUG[0m [2mhyper::proto::h1::conn[0m[2m:[0m incoming body completed
[2m2025-12-10T10:12:20.003098Z[0m [34mDEBUG[0m [2mhyper::client::pool[0m[2m:[0m pooling idle connection for ("http", 192.168.0.14:8545)
[2m2025-12-10T10:12:20.090205Z[0m [34mDEBUG[0m [2methereum_transaction_pool_monitor::eth_client[0m[2m:[0m 📨 Received WebSocket message: {"jsonrpc":"2.0","method":"eth_subscription","params":{"subscription":"0xbed0a0851463e895960a451075a301a9","result":"0x48b46bbd90d939ecf4e08dda28e2c496ed28f8d7b41d35e88079347a331f8b31"}}
[2m2025-12-10T10:12:20.090222Z[0m [34mDEBUG[0m [2methereum_transaction_pool_monitor::eth_client[0m[2m:[0m 📨 Received pending transaction: 0x48b46bbd90d939ecf4e08dda28e2c496ed28f8d7b41d35e88079347a331f8b31
[2m2025-12-10T10:12:20.090231Z[0m [34mDEBUG[0m [2methereum_transaction_pool_monitor::mempool_monitor[0m[2m:[0m 📨 Processing new pending transaction: 0x48b46bbd90d939ecf4e08dda28e2c496ed28f8d7b41d35e88079347a331f8b31
[2m2025-12-10T10:12:20.090236Z[0m [34mDEBUG[0m [2methereum_transaction_pool_monitor::mempool_monitor[0m[2m:[0m 🔍 Fetching transaction details for: 0x48b46bbd90d939ecf4e08dda28e2c496ed28f8d7b41d35e88079347a331f8b31
[2m2025-12-10T10:12:20.090239Z[0m [34mDEBUG[0m [2methereum_transaction_pool_monitor::eth_client[0m[2m:[0m 🔍 Fetching transaction details for hash: 0x48b46bbd90d939ecf4e08dda28e2c496ed28f8d7b41d35e88079347a331f8b31
[2m2025-12-10T10:12:20.090259Z[0m [34mDEBUG[0m [2mhyper::client::pool[0m[2m:[0m reuse idle connection for ("http", 192.168.0.14:8545)
[2m2025-12-10T10:12:20.090281Z[0m [34mDEBUG[0m [2mhyper::proto::h1::io[0m[2m:[0m flushed 250 bytes
[2m2025-12-10T10:12:20.097948Z[0m [34mDEBUG[0m [2mhyper::client::pool[0m[2m:[0m reuse idle connection for ("http", 192.168.0.14:8545)
[2m2025-12-10T10:12:20.101633Z[0m [34mDEBUG[0m [2mhyper::proto::h1::io[0m[2m:[0m flushed 172 bytes
[2m2025-12-10T10:12:20.109403Z[0m [34mDEBUG[0m [2mhyper::proto::h1::io[0m[2m:[0m parsed 4 headers
[2m2025-12-10T10:12:20.109426Z[0m [34mDEBUG[0m [2mhyper::proto::h1::conn[0m[2m:[0m incoming body is content-length (1034 bytes)
[2m2025-12-10T10:12:20.109438Z[0m [34mDEBUG[0m [2mhyper::proto::h1::conn[0m[2m:[0m incoming body completed
[2m2025-12-10T10:12:20.109459Z[0m [34mDEBUG[0m [2mhyper::client::pool[0m[2m:[0m pooling idle connection for ("http", 192.168.0.14:8545)
[2m2025-12-10T10:12:20.109467Z[0m [34mDEBUG[0m [2methereum_transaction_pool_monitor::eth_client[0m[2m:[0m 📡 Transaction fetch RPC completed in 19.224083ms
[2m2025-12-10T10:12:20.183835Z[0m [34mDEBUG[0m [2methereum_transaction_pool_monitor::eth_client[0m[2m:[0m ✅ Transaction 0x48b46bbd90d939ecf4e08dda28e2c496ed28f8d7b41d35e88079347a331f8b31 fetched and parsed in 93.588583ms
[2m2025-12-10T10:12:20.183865Z[0m [34mDEBUG[0m [2methereum_transaction_pool_monitor::mempool_monitor[0m[2m:[0m 🔍 Skipping tx 0x48b46bbd90d939ecf4e08dda28e2c496ed28f8d7b41d35e88079347a331f8b31 - not a DEX interaction (target: 0x5f65f7b609678448494De4C87521CdF6cEf1e932)
[2m2025-12-10T10:12:20.183908Z[0m [34mDEBUG[0m [2mhyper::proto::h1::io[0m[2m:[0m parsed 4 headers
[2m2025-12-10T10:12:20.183912Z[0m [34mDEBUG[0m [2methereum_transaction_pool_monitor::eth_client[0m[2m:[0m 📨 Received WebSocket message: {"jsonrpc":"2.0","method":"eth_subscription","params":{"subscription":"0xbed0a0851463e895960a451075a301a9","result":"0xe5ff2b0a2d4361358186de0d7dc83920e8531338d20a327678d14815792485f8"}}
[2m2025-12-10T10:12:20.183921Z[0m [34mDEBUG[0m [2mhyper::proto::h1::conn[0m[2m:[0m incoming body is content-length (45 bytes)
[2m2025-12-10T10:12:20.183928Z[0m [34mDEBUG[0m [2methereum_transaction_pool_monitor::eth_client[0m[2m:[0m 📨 Received pending transaction: 0xe5ff2b0a2d4361358186de0d7dc83920e8531338d20a327678d14815792485f8
[2m2025-12-10T10:12:20.183934Z[0m [34mDEBUG[0m [2mhyper::proto::h1::conn[0m[2m:[0m incoming body completed
[2m2025-12-10T10:12:20.183939Z[0m [34mDEBUG[0m [2methereum_transaction_pool_monitor::mempool_monitor[0m[2m:[0m 📨 Processing new pending transaction: 0xe5ff2b0a2d4361358186de0d7dc83920e8531338d20a327678d14815792485f8
[2m2025-12-10T10:12:20.183945Z[0m [34mDEBUG[0m [2mhyper::client::pool[0m[2m:[0m pooling idle connection for ("http", 192.168.0.14:8545)
[2m2025-12-10T10:12:20.183948Z[0m [34mDEBUG[0m [2methereum_transaction_pool_monitor::mempool_monitor[0m[2m:[0m 🔍 Fetching transaction details for: 0xe5ff2b0a2d4361358186de0d7dc83920e8531338d20a327678d14815792485f8
[2m2025-12-10T10:12:20.183961Z[0m [34mDEBUG[0m [2methereum_transaction_pool_monitor::eth_client[0m[2m:[0m 🔍 Fetching transaction details for hash: 0xe5ff2b0a2d4361358186de0d7dc83920e8531338d20a327678d14815792485f8
[2m2025-12-10T10:12:20.183978Z[0m [34mDEBUG[0m [2mhyper::client::pool[0m[2m:[0m reuse idle connection for ("http", 192.168.0.14:8545)
[2m2025-12-10T10:12:20.184002Z[0m [34mDEBUG[0m [2mhyper::proto::h1::io[0m[2m:[0m flushed 250 bytes
[2m2025-12-10T10:12:20.189201Z[0m [34mDEBUG[0m [2mhyper::proto::h1::io[0m[2m:[0m parsed 4 headers
[2m2025-12-10T10:12:20.189224Z[0m [34mDEBUG[0m [2mhyper::proto::h1::conn[0m[2m:[0m incoming body is content-length (703 bytes)
[2m2025-12-10T10:12:20.189245Z[0m [34mDEBUG[0m [2mhyper::proto::h1::conn[0m[2m:[0m incoming body completed
[2m2025-12-10T10:12:20.189263Z[0m [34mDEBUG[0m [2mhyper::client::pool[0m[2m:[0m pooling idle connection for ("http", 192.168.0.14:8545)
[2m2025-12-10T10:12:20.189271Z[0m [34mDEBUG[0m [2methereum_transaction_pool_monitor::eth_client[0m[2m:[0m 📡 Transaction fetch RPC completed in 5.303209ms
[2m2025-12-10T10:12:20.260793Z[0m [34mDEBUG[0m [2methereum_transaction_pool_monitor::eth_client[0m[2m:[0m ✅ Transaction 0xe5ff2b0a2d4361358186de0d7dc83920e8531338d20a327678d14815792485f8 fetched and parsed in 76.823334ms
[2m2025-12-10T10:12:20.260818Z[0m [34mDEBUG[0m [2methereum_transaction_pool_monitor::mempool_monitor[0m[2m:[0m 🔍 Skipping tx 0xe5ff2b0a2d4361358186de0d7dc83920e8531338d20a327678d14815792485f8 - not a DEX interaction (target: 0xfFFF000000000000000000000000000000012553)
[2m2025-12-10T10:12:20.260861Z[0m [34mDEBUG[0m [2mhyper::client::pool[0m[2m:[0m reuse idle connection for ("http", 192.168.0.14:8545)
[2m2025-12-10T10:12:20.260907Z[0m [34mDEBUG[0m [2mhyper::proto::h1::io[0m[2m:[0m flushed 172 bytes
[2m2025-12-10T10:12:20.260933Z[0m [34mDEBUG[0m [2methereum_transaction_pool_monitor::eth_client[0m[2m:[0m 📨 Received WebSocket message: {"jsonrpc":"2.0","method":"eth_subscription","params":{"subscription":"0xbed0a0851463e895960a451075a301a9","result":"0x1a2c801b369a87af82bf8a3893b4158ae098d54138173cf2ce0bf90b4ffd923e"}}
[2m2025-12-10T10:12:20.260943Z[0m [34mDEBUG[0m [2methereum_transaction_pool_monitor::eth_client[0m[2m:[0m 📨 Received pending transaction: 0x1a2c801b369a87af82bf8a3893b4158ae098d54138173cf2ce0bf90b4ffd923e
[2m2025-12-10T10:12:20.260951Z[0m [34mDEBUG[0m [2methereum_transaction_pool_monitor::mempool_monitor[0m[2m:[0m 📨 Processing new pending transaction: 0x1a2c801b369a87af82bf8a3893b4158ae098d54138173cf2ce0bf90b4ffd923e
[2m2025-12-10T10:12:20.260956Z[0m [34mDEBUG[0m [2methereum_transaction_pool_monitor::mempool_monitor[0m[2m:[0m 🔍 Fetching transaction details for: 0x1a2c801b369a87af82bf8a3893b4158ae098d54138173cf2ce0bf90b4ffd923e
[2m2025-12-10T10:12:20.260960Z[0m [34mDEBUG[0m [2methereum_transaction_pool_monitor::eth_client[0m[2m:[0m 🔍 Fetching transaction details for hash: 0x1a2c801b369a87af82bf8a3893b4158ae098d54138173cf2ce0bf90b4ffd923e
[2m2025-12-10T10:12:20.261191Z[0m [34mDEBUG[0m [2mhyper::client::pool[0m[2m:[0m reuse idle connection for ("http", 192.168.0.14:8545)
[2m2025-12-10T10:12:20.261207Z[0m [34mDEBUG[0m [2mhyper::proto::h1::io[0m[2m:[0m flushed 250 bytes
[2m2025-12-10T10:12:20.269128Z[0m [34mDEBUG[0m [2mhyper::proto::h1::io[0m[2m:[0m parsed 4 headers
[2m2025-12-10T10:12:20.269140Z[0m [34mDEBUG[0m [2mhyper::proto::h1::conn[0m[2m:[0m incoming body is content-length (45 bytes)
[2m2025-12-10T10:12:20.269149Z[0m [34mDEBUG[0m [2mhyper::proto::h1::conn[0m[2m:[0m incoming body completed
[2m2025-12-10T10:12:20.269158Z[0m [34mDEBUG[0m [2mhyper::client::pool[0m[2m:[0m pooling idle connection for ("http", 192.168.0.14:8545)
[2m2025-12-10T10:12:20.272145Z[0m [34mDEBUG[0m [2mhyper::proto::h1::io[0m[2m:[0m parsed 4 headers
[2m2025-12-10T10:12:20.272152Z[0m [34mDEBUG[0m [2mhyper::proto::h1::conn[0m[2m:[0m incoming body is content-length (771 bytes)
[2m2025-12-10T10:12:20.272157Z[0m [34mDEBUG[0m [2mhyper::proto::h1::conn[0m[2m:[0m incoming body completed
[2m2025-12-10T10:12:20.272163Z[0m [34mDEBUG[0m [2mhyper::client::pool[0m[2m:[0m pooling idle connection for ("http", 192.168.0.14:8545)
[2m2025-12-10T10:12:20.272169Z[0m [34mDEBUG[0m [2methereum_transaction_pool_monitor::eth_client[0m[2m:[0m 📡 Transaction fetch RPC completed in 10.983875ms
[2m2025-12-10T10:12:20.341865Z[0m [34mDEBUG[0m [2methereum_transaction_pool_monitor::eth_client[0m[2m:[0m ✅ Transaction 0x1a2c801b369a87af82bf8a3893b4158ae098d54138173cf2ce0bf90b4ffd923e fetched and parsed in 80.677084ms
[2m2025-12-10T10:12:20.341891Z[0m [34mDEBUG[0m [2methereum_transaction_pool_monitor::mempool_monitor[0m[2m:[0m 🔍 Skipping tx 0x1a2c801b369a87af82bf8a3893b4158ae098d54138173cf2ce0bf90b4ffd923e - not a DEX interaction (target: 0xB8f28C60dD8240141185a192fa4156A23E189305)
[2m2025-12-10T10:12:20.341937Z[0m [34mDEBUG[0m [2mhyper::client::pool[0m[2m:[0m reuse idle connection for ("http", 192.168.0.14:8545)
[2m2025-12-10T10:12:20.341982Z[0m [34mDEBUG[0m [2mhyper::proto::h1::io[0m[2m:[0m flushed 172 bytes
[2m2025-12-10T10:12:20.346439Z[0m [34mDEBUG[0m [2mhyper::proto::h1::io[0m[2m:[0m parsed 4 headers
[2m2025-12-10T10:12:20.348442Z[0m [34mDEBUG[0m [2mhyper::proto::h1::conn[0m[2m:[0m incoming body is content-length (45 bytes)
[2m2025-12-10T10:12:20.348452Z[0m [34mDEBUG[0m [2mhyper::proto::h1::conn[0m[2m:[0m incoming body completed
[2m2025-12-10T10:12:20.348464Z[0m [34mDEBUG[0m [2mhyper::client::pool[0m[2m:[0m pooling idle connection for ("http", 192.168.0.14:8545)
[2m2025-12-10T10:12:20.399133Z[0m [34mDEBUG[0m [2mhyper::client::pool[0m[2m:[0m reuse idle connection for ("http", 192.168.0.14:8545)
[2m2025-12-10T10:12:20.399167Z[0m [34mDEBUG[0m [2mhyper::proto::h1::io[0m[2m:[0m flushed 172 bytes
[2m2025-12-10T10:12:20.408340Z[0m [34mDEBUG[0m [2mhyper::proto::h1::io[0m[2m:[0m parsed 4 headers
[2m2025-12-10T10:12:20.408345Z[0m [34mDEBUG[0m [2mhyper::proto::h1::conn[0m[2m:[0m incoming body is content-length (45 bytes)
[2m2025-12-10T10:12:20.408352Z[0m [34mDEBUG[0m [2mhyper::proto::h1::conn[0m[2m:[0m incoming body completed
[2m2025-12-10T10:12:20.408359Z[0m [34mDEBUG[0m [2mhyper::client::pool[0m[2m:[0m pooling idle connection for ("http", 192.168.0.14:8545)
[2m2025-12-10T10:12:20.431961Z[0m [34mDEBUG[0m [2methereum_transaction_pool_monitor::eth_client[0m[2m:[0m 📨 Received WebSocket message: {"jsonrpc":"2.0","method":"eth_subscription","params":{"subscription":"0xbed0a0851463e895960a451075a301a9","result":"0xe7fadb30b750a7fe12da3b06c4aae65b941129f536912f2fc2aae91cd0338c82"}}
[2m2025-12-10T10:12:20.431973Z[0m [34mDEBUG[0m [2methereum_transaction_pool_monitor::eth_client[0m[2m:[0m 📨 Received pending transaction: 0xe7fadb30b750a7fe12da3b06c4aae65b941129f536912f2fc2aae91cd0338c82
[2m2025-12-10T10:12:20.431982Z[0m [34mDEBUG[0m [2methereum_transaction_pool_monitor::mempool_monitor[0m[2m:[0m 📨 Processing new pending transaction: 0xe7fadb30b750a7fe12da3b06c4aae65b941129f536912f2fc2aae91cd0338c82
[2m2025-12-10T10:12:20.431988Z[0m [34mDEBUG[0m [2methereum_transaction_pool_monitor::mempool_monitor[0m[2m:[0m 🔍 Fetching transaction details for: 0xe7fadb30b750a7fe12da3b06c4aae65b941129f536912f2fc2aae91cd0338c82
[2m2025-12-10T10:12:20.431993Z[0m [34mDEBUG[0m [2methereum_transaction_pool_monitor::eth_client[0m[2m:[0m 🔍 Fetching transaction details for hash: 0xe7fadb30b750a7fe12da3b06c4aae65b941129f536912f2fc2aae91cd0338c82
[2m2025-12-10T10:12:20.432008Z[0m [34mDEBUG[0m [2mhyper::client::pool[0m[2m:[0m reuse idle connection for ("http", 192.168.0.14:8545)
[2m2025-12-10T10:12:20.432027Z[0m [34mDEBUG[0m [2mhyper::proto::h1::io[0m[2m:[0m flushed 250 bytes
[2m2025-12-10T10:12:20.439251Z[0m [34mDEBUG[0m [2methereum_transaction_pool_monitor::eth_client[0m[2m:[0m 📨 Received WebSocket message: {"jsonrpc":"2.0","method":"eth_subscription","params":{"subscription":"0xbed0a0851463e895960a451075a301a9","result":"0x3a6d748bf239869f0a50a0b3e14b27f4fd384c2d425c0154b40975800d3e5e65"}}
[2m2025-12-10T10:12:20.439274Z[0m [34mDEBUG[0m [2methereum_transaction_pool_monitor::eth_client[0m[2m:[0m 📨 Received pending transaction: 0x3a6d748bf239869f0a50a0b3e14b27f4fd384c2d425c0154b40975800d3e5e65
[2m2025-12-10T10:12:20.445529Z[0m [34mDEBUG[0m [2mhyper::proto::h1::io[0m[2m:[0m parsed 4 headers
[2m2025-12-10T10:12:20.445536Z[0m [34mDEBUG[0m [2mhyper::proto::h1::conn[0m[2m:[0m incoming body is content-length (770 bytes)
[2m2025-12-10T10:12:20.445544Z[0m [34mDEBUG[0m [2mhyper::proto::h1::conn[0m[2m:[0m incoming body completed
[2m2025-12-10T10:12:20.445552Z[0m [34mDEBUG[0m [2mhyper::client::pool[0m[2m:[0m pooling idle connection for ("http", 192.168.0.14:8545)
[2m2025-12-10T10:12:20.445559Z[0m [34mDEBUG[0m [2methereum_transaction_pool_monitor::eth_client[0m[2m:[0m 📡 Transaction fetch RPC completed in 13.561292ms
[2m2025-12-10T10:12:20.445579Z[0m [34mDEBUG[0m [2methereum_transaction_pool_monitor::eth_client[0m[2m:[0m DeFi transaction detected - Address: 0xdac17f958d2ee523a2206206994597c13d831ec7, Type: Stablecoin, Value: 0 ETH, Gas: 0.21 Gwei
[2m2025-12-10T10:12:20.445609Z[0m [34mDEBUG[0m [2methereum_transaction_pool_monitor::eth_client[0m[2m:[0m ✅ Transaction 0xe7fadb30b750a7fe12da3b06c4aae65b941129f536912f2fc2aae91cd0338c82 fetched and parsed in 13.611208ms
[2m2025-12-10T10:12:20.445617Z[0m [34mDEBUG[0m [2methereum_transaction_pool_monitor::mempool_monitor[0m[2m:[0m 🔍 Skipping tx 0xe7fadb30b750a7fe12da3b06c4aae65b941129f536912f2fc2aae91cd0338c82 - not a DEX interaction (target: 0xdAC17F958D2ee523a2206206994597C13D831ec7)
[2m2025-12-10T10:12:20.445625Z[0m [34mDEBUG[0m [2methereum_transaction_pool_monitor::mempool_monitor[0m[2m:[0m 📨 Processing new pending transaction: 0x3a6d748bf239869f0a50a0b3e14b27f4fd384c2d425c0154b40975800d3e5e65
[2m2025-12-10T10:12:20.445630Z[0m [34mDEBUG[0m [2methereum_transaction_pool_monitor::mempool_monitor[0m[2m:[0m 🔍 Fetching transaction details for: 0x3a6d748bf239869f0a50a0b3e14b27f4fd384c2d425c0154b40975800d3e5e65
[2m2025-12-10T10:12:20.445635Z[0m [34mDEBUG[0m [2methereum_transaction_pool_monitor::eth_client[0m[2m:[0m 🔍 Fetching transaction details for hash: 0x3a6d748bf239869f0a50a0b3e14b27f4fd384c2d425c0154b40975800d3e5e65
[2m2025-12-10T10:12:20.445645Z[0m [34mDEBUG[0m [2mhyper::client::pool[0m[2m:[0m reuse idle connection for ("http", 192.168.0.14:8545)
[2m2025-12-10T10:12:20.445672Z[0m [34mDEBUG[0m [2mhyper::proto::h1::io[0m[2m:[0m flushed 250 bytes
[2m2025-12-10T10:12:20.450316Z[0m [34mDEBUG[0m [2mhyper::proto::h1::io[0m[2m:[0m parsed 4 headers
[2m2025-12-10T10:12:20.450323Z[0m [34mDEBUG[0m [2mhyper::proto::h1::conn[0m[2m:[0m incoming body is content-length (828 bytes)
[2m2025-12-10T10:12:20.450329Z[0m [34mDEBUG[0m [2mhyper::proto::h1::conn[0m[2m:[0m incoming body completed
[2m2025-12-10T10:12:20.450335Z[0m [34mDEBUG[0m [2mhyper::client::pool[0m[2m:[0m pooling idle connection for ("http", 192.168.0.14:8545)
[2m2025-12-10T10:12:20.450341Z[0m [34mDEBUG[0m [2methereum_transaction_pool_monitor::eth_client[0m[2m:[0m 📡 Transaction fetch RPC completed in 4.701375ms
[2m2025-12-10T10:12:20.530347Z[0m [34mDEBUG[0m [2methereum_transaction_pool_monitor::eth_client[0m[2m:[0m ✅ Transaction 0x3a6d748bf239869f0a50a0b3e14b27f4fd384c2d425c0154b40975800d3e5e65 fetched and parsed in 84.702875ms
[2m2025-12-10T10:12:20.530378Z[0m [34mDEBUG[0m [2methereum_transaction_pool_monitor::mempool_monitor[0m[2m:[0m 🔍 Skipping tx 0x3a6d748bf239869f0a50a0b3e14b27f4fd384c2d425c0154b40975800d3e5e65 - not a DEX interaction (target: 0xDDaef92FA7888eb8A8a684F72F5e8e9Ee6045490)
[2m2025-12-10T10:12:20.530425Z[0m [34mDEBUG[0m [2mhyper::client::pool[0m[2m:[0m reuse idle connection for ("http", 192.168.0.14:8545)
[2m2025-12-10T10:12:20.530449Z[0m [34mDEBUG[0m [2methereum_transaction_pool_monitor::eth_client[0m[2m:[0m 📨 Received WebSocket message: {"jsonrpc":"2.0","method":"eth_subscription","params":{"subscription":"0xbed0a0851463e895960a451075a301a9","result":"0xc7fa4dc932aacfda2623ecf33c84bbab5de5d740486fb29a668b353113d7737e"}}
[2m2025-12-10T10:12:20.530455Z[0m [34mDEBUG[0m [2mhyper::proto::h1::io[0m[2m:[0m flushed 172 bytes
[2m2025-12-10T10:12:20.530469Z[0m [34mDEBUG[0m [2methereum_transaction_pool_monitor::eth_client[0m[2m:[0m 📨 Received pending transaction: 0xc7fa4dc932aacfda2623ecf33c84bbab5de5d740486fb29a668b353113d7737e
[2m2025-12-10T10:12:20.530479Z[0m [34mDEBUG[0m [2methereum_transaction_pool_monitor::mempool_monitor[0m[2m:[0m 📨 Processing new pending transaction: 0xc7fa4dc932aacfda2623ecf33c84bbab5de5d740486fb29a668b353113d7737e
[2m2025-12-10T10:12:20.530488Z[0m [34mDEBUG[0m [2methereum_transaction_pool_monitor::mempool_monitor[0m[2m:[0m 🔍 Fetching transaction details for: 0xc7fa4dc932aacfda2623ecf33c84bbab5de5d740486fb29a668b353113d7737e
[2m2025-12-10T10:12:20.530494Z[0m [34mDEBUG[0m [2methereum_transaction_pool_monitor::eth_client[0m[2m:[0m 🔍 Fetching transaction details for hash: 0xc7fa4dc932aacfda2623ecf33c84bbab5de5d740486fb29a668b353113d7737e
[2m2025-12-10T10:12:20.530511Z[0m [34mDEBUG[0m [2mhyper::client::pool[0m[2m:[0m reuse idle connection for ("http", 192.168.0.14:8545)
[2m2025-12-10T10:12:20.530528Z[0m [34mDEBUG[0m [2mhyper::proto::h1::io[0m[2m:[0m flushed 250 bytes
[2m2025-12-10T10:12:20.536305Z[0m [34mDEBUG[0m [2methereum_transaction_pool_monitor::eth_client[0m[2m:[0m 📨 Received WebSocket message: {"jsonrpc":"2.0","method":"eth_subscription","params":{"subscription":"0xbed0a0851463e895960a451075a301a9","result":"0xe69990e2bf80aac4fce5f3549116274756809832c8e2d0a05f0ca9bad1fa84a8"}}
[2m2025-12-10T10:12:20.536314Z[0m [34mDEBUG[0m [2methereum_transaction_pool_monitor::eth_client[0m[2m:[0m 📨 Received pending transaction: 0xe69990e2bf80aac4fce5f3549116274756809832c8e2d0a05f0ca9bad1fa84a8
[2m2025-12-10T10:12:20.536361Z[0m [34mDEBUG[0m [2mhyper::proto::h1::io[0m[2m:[0m parsed 4 headers
[2m2025-12-10T10:12:20.536368Z[0m [34mDEBUG[0m [2mhyper::proto::h1::conn[0m[2m:[0m incoming body is content-length (45 bytes)
[2m2025-12-10T10:12:20.536376Z[0m [34mDEBUG[0m [2mhyper::proto::h1::conn[0m[2m:[0m incoming body completed
[2m2025-12-10T10:12:20.536382Z[0m [34mDEBUG[0m [2mhyper::client::pool[0m[2m:[0m pooling idle connection for ("http", 192.168.0.14:8545)
[2m2025-12-10T10:12:20.539844Z[0m [34mDEBUG[0m [2mhyper::proto::h1::io[0m[2m:[0m parsed 4 headers
[2m2025-12-10T10:12:20.539874Z[0m [34mDEBUG[0m [2mhyper::proto::h1::conn[0m[2m:[0m incoming body is content-length (1552 bytes)
[2m2025-12-10T10:12:20.539880Z[0m [34mDEBUG[0m [2mhyper::proto::h1::conn[0m[2m:[0m incoming body completed
[2m2025-12-10T10:12:20.539904Z[0m [34mDEBUG[0m [2mhyper::client::pool[0m[2m:[0m pooling idle connection for ("http", 192.168.0.14:8545)
[2m2025-12-10T10:12:20.539909Z[0m [34mDEBUG[0m [2methereum_transaction_pool_monitor::eth_client[0m[2m:[0m 📡 Transaction fetch RPC completed in 9.404625ms
[2m2025-12-10T10:12:20.611404Z[0m [34mDEBUG[0m [2methereum_transaction_pool_monitor::eth_client[0m[2m:[0m ✅ Transaction 0xc7fa4dc932aacfda2623ecf33c84bbab5de5d740486fb29a668b353113d7737e fetched and parsed in 80.896875ms
[2m2025-12-10T10:12:20.611434Z[0m [34mDEBUG[0m [2methereum_transaction_pool_monitor::mempool_monitor[0m[2m:[0m 🔍 Skipping tx 0xc7fa4dc932aacfda2623ecf33c84bbab5de5d740486fb29a668b353113d7737e - not a DEX interaction (target: 0x77b2043768d28E9C9aB44E1aBfC95944bcE57931)
[2m2025-12-10T10:12:20.611448Z[0m [34mDEBUG[0m [2methereum_transaction_pool_monitor::mempool_monitor[0m[2m:[0m 📨 Processing new pending transaction: 0xe69990e2bf80aac4fce5f3549116274756809832c8e2d0a05f0ca9bad1fa84a8
[2m2025-12-10T10:12:20.611456Z[0m [34mDEBUG[0m [2methereum_transaction_pool_monitor::mempool_monitor[0m[2m:[0m 🔍 Fetching transaction details for: 0xe69990e2bf80aac4fce5f3549116274756809832c8e2d0a05f0ca9bad1fa84a8
[2m2025-12-10T10:12:20.611463Z[0m [34mDEBUG[0m [2methereum_transaction_pool_monitor::eth_client[0m[2m:[0m 🔍 Fetching transaction details for hash: 0xe69990e2bf80aac4fce5f3549116274756809832c8e2d0a05f0ca9bad1fa84a8
[2m2025-12-10T10:12:20.611485Z[0m [34mDEBUG[0m [2mhyper::client::pool[0m[2m:[0m reuse idle connection for ("http", 192.168.0.14:8545)
[2m2025-12-10T10:12:20.611536Z[0m [34mDEBUG[0m [2mhyper::proto::h1::io[0m[2m:[0m flushed 250 bytes
[2m2025-12-10T10:12:20.611564Z[0m [34mDEBUG[0m [2mhyper::client::pool[0m[2m:[0m reuse idle connection for ("http", 192.168.0.14:8545)
[2m2025-12-10T10:12:20.611583Z[0m [34mDEBUG[0m [2mhyper::proto::h1::io[0m[2m:[0m flushed 172 bytes
[2m2025-12-10T10:12:20.617059Z[0m [34mDEBUG[0m [2mhyper::proto::h1::io[0m[2m:[0m parsed 4 headers
[2m2025-12-10T10:12:20.617067Z[0m [34mDEBUG[0m [2mhyper::proto::h1::conn[0m[2m:[0m incoming body is content-length (769 bytes)
[2m2025-12-10T10:12:20.617082Z[0m [34mDEBUG[0m [2mhyper::proto::h1::conn[0m[2m:[0m incoming body completed
[2m2025-12-10T10:12:20.617098Z[0m [34mDEBUG[0m [2mhyper::client::pool[0m[2m:[0m pooling idle connection for ("http", 192.168.0.14:8545)
[2m2025-12-10T10:12:20.617107Z[0m [34mDEBUG[0m [2methereum_transaction_pool_monitor::eth_client[0m[2m:[0m 📡 Transaction fetch RPC completed in 5.637584ms
[2m2025-12-10T10:12:20.617133Z[0m [34mDEBUG[0m [2methereum_transaction_pool_monitor::eth_client[0m[2m:[0m DeFi transaction detected - Address: 0xdac17f958d2ee523a2206206994597c13d831ec7, Type: Stablecoin, Value: 0 ETH, Gas: 0.21 Gwei
[2m2025-12-10T10:12:20.617150Z[0m [34mDEBUG[0m [2methereum_transaction_pool_monitor::eth_client[0m[2m:[0m ✅ Transaction 0xe69990e2bf80aac4fce5f3549116274756809832c8e2d0a05f0ca9bad1fa84a8 fetched and parsed in 5.680917ms
[2m2025-12-10T10:12:20.617155Z[0m [34mDEBUG[0m [2methereum_transaction_pool_monitor::mempool_monitor[0m[2m:[0m 🔍 Skipping tx 0xe69990e2bf80aac4fce5f3549116274756809832c8e2d0a05f0ca9bad1fa84a8 - not a DEX interaction (target: 0xdAC17F958D2ee523a2206206994597C13D831ec7)
[2m2025-12-10T10:12:20.617166Z[0m [34mDEBUG[0m [2mhyper::proto::h1::io[0m[2m:[0m parsed 4 headers
[2m2025-12-10T10:12:20.617172Z[0m [34mDEBUG[0m [2mhyper::proto::h1::conn[0m[2m:[0m incoming body is content-length (45 bytes)
[2m2025-12-10T10:12:20.617178Z[0m [34mDEBUG[0m [2mhyper::proto::h1::conn[0m[2m:[0m incoming body completed
[2m2025-12-10T10:12:20.617185Z[0m [34mDEBUG[0m [2mhyper::client::pool[0m[2m:[0m pooling idle connection for ("http", 192.168.0.14:8545)
[2m2025-12-10T10:12:20.648747Z[0m [34mDEBUG[0m [2methereum_transaction_pool_monitor::eth_client[0m[2m:[0m 📨 Received WebSocket message: {"jsonrpc":"2.0","method":"eth_subscription","params":{"subscription":"0xbed0a0851463e895960a451075a301a9","result":"0x013ecc0a15c26f474424cc6d9a5fb13801c5b8749361ab91a64f3848a1765e73"}}
[2m2025-12-10T10:12:20.649019Z[0m [34mDEBUG[0m [2methereum_transaction_pool_monitor::eth_client[0m[2m:[0m 📨 Received pending transaction: 0x013ecc0a15c26f474424cc6d9a5fb13801c5b8749361ab91a64f3848a1765e73
[2m2025-12-10T10:12:20.649026Z[0m [34mDEBUG[0m [2methereum_transaction_pool_monitor::mempool_monitor[0m[2m:[0m 📨 Processing new pending transaction: 0x013ecc0a15c26f474424cc6d9a5fb13801c5b8749361ab91a64f3848a1765e73
[2m2025-12-10T10:12:20.649030Z[0m [34mDEBUG[0m [2methereum_transaction_pool_monitor::mempool_monitor[0m[2m:[0m 🔍 Fetching transaction details for: 0x013ecc0a15c26f474424cc6d9a5fb13801c5b8749361ab91a64f3848a1765e73
[2m2025-12-10T10:12:20.649034Z[0m [34mDEBUG[0m [2methereum_transaction_pool_monitor::eth_client[0m[2m:[0m 🔍 Fetching transaction details for hash: 0x013ecc0a15c26f474424cc6d9a5fb13801c5b8749361ab91a64f3848a1765e73
[2m2025-12-10T10:12:20.649042Z[0m [34mDEBUG[0m [2mhyper::client::pool[0m[2m:[0m reuse idle connection for ("http", 192.168.0.14:8545)
[2m2025-12-10T10:12:20.649054Z[0m [34mDEBUG[0m [2mhyper::proto::h1::io[0m[2m:[0m flushed 250 bytes
[2m2025-12-10T10:12:20.658299Z[0m [34mDEBUG[0m [2mhyper::proto::h1::io[0m[2m:[0m parsed 4 headers
[2m2025-12-10T10:12:20.658304Z[0m [34mDEBUG[0m [2mhyper::proto::h1::conn[0m[2m:[0m incoming body is content-length (647 bytes)
[2m2025-12-10T10:12:20.658309Z[0m [34mDEBUG[0m [2mhyper::proto::h1::conn[0m[2m:[0m incoming body completed
[2m2025-12-10T10:12:20.658314Z[0m [34mDEBUG[0m [2mhyper::client::pool[0m[2m:[0m pooling idle connection for ("http", 192.168.0.14:8545)
[2m2025-12-10T10:12:20.658319Z[0m [34mDEBUG[0m [2methereum_transaction_pool_monitor::eth_client[0m[2m:[0m 📡 Transaction fetch RPC completed in 9.281542ms
[2m2025-12-10T10:12:20.730394Z[0m [34mDEBUG[0m [2methereum_transaction_pool_monitor::eth_client[0m[2m:[0m ✅ Transaction 0x013ecc0a15c26f474424cc6d9a5fb13801c5b8749361ab91a64f3848a1765e73 fetched and parsed in 81.354209ms
[2m2025-12-10T10:12:20.730419Z[0m [34mDEBUG[0m [2methereum_transaction_pool_monitor::mempool_monitor[0m[2m:[0m 🔍 Skipping tx 0x013ecc0a15c26f474424cc6d9a5fb13801c5b8749361ab91a64f3848a1765e73 - not a DEX interaction (target: 0x58A982447c623c9c3d64bC55a44A5002f36478dB)
[2m2025-12-10T10:12:20.730455Z[0m [34mDEBUG[0m [2mhyper::client::pool[0m[2m:[0m reuse idle connection for ("http", 192.168.0.14:8545)
[2m2025-12-10T10:12:20.730500Z[0m [34mDEBUG[0m [2mhyper::proto::h1::io[0m[2m:[0m flushed 172 bytes
[2m2025-12-10T10:12:20.730521Z[0m [34mDEBUG[0m [2methereum_transaction_pool_monitor::eth_client[0m[2m:[0m 📨 Received WebSocket message: {"jsonrpc":"2.0","method":"eth_subscription","params":{"subscription":"0xbed0a0851463e895960a451075a301a9","result":"0x410bbbcd90ddf171a54f6add1a70d1d475d6dc4ffdea01b3c6caaf373daf623f"}}
[2m2025-12-10T10:12:20.730531Z[0m [34mDEBUG[0m [2methereum_transaction_pool_monitor::eth_client[0m[2m:[0m 📨 Received pending transaction: 0x410bbbcd90ddf171a54f6add1a70d1d475d6dc4ffdea01b3c6caaf373daf623f
[2m2025-12-10T10:12:20.730538Z[0m [34mDEBUG[0m [2methereum_transaction_pool_monitor::mempool_monitor[0m[2m:[0m 📨 Processing new pending transaction: 0x410bbbcd90ddf171a54f6add1a70d1d475d6dc4ffdea01b3c6caaf373daf623f
[2m2025-12-10T10:12:20.730543Z[0m [34mDEBUG[0m [2methereum_transaction_pool_monitor::mempool_monitor[0m[2m:[0m 🔍 Fetching transaction details for: 0x410bbbcd90ddf171a54f6add1a70d1d475d6dc4ffdea01b3c6caaf373daf623f
[2m2025-12-10T10:12:20.730546Z[0m [34mDEBUG[0m [2methereum_transaction_pool_monitor::eth_client[0m[2m:[0m 🔍 Fetching transaction details for hash: 0x410bbbcd90ddf171a54f6add1a70d1d475d6dc4ffdea01b3c6caaf373daf623f
[2m2025-12-10T10:12:20.730557Z[0m [34mDEBUG[0m [2mhyper::client::pool[0m[2m:[0m reuse idle connection for ("http", 192.168.0.14:8545)
[2m2025-12-10T10:12:20.730571Z[0m [34mDEBUG[0m [2mhyper::proto::h1::io[0m[2m:[0m flushed 250 bytes
[2m2025-12-10T10:12:20.734172Z[0m [34mDEBUG[0m [2mhyper::proto::h1::io[0m[2m:[0m parsed 4 headers
[2m2025-12-10T10:12:20.734190Z[0m [34mDEBUG[0m [2mhyper::proto::h1::conn[0m[2m:[0m incoming body is content-length (45 bytes)
[2m2025-12-10T10:12:20.734198Z[0m [34mDEBUG[0m [2mhyper::proto::h1::conn[0m[2m:[0m incoming body completed
[2m2025-12-10T10:12:20.734208Z[0m [34mDEBUG[0m [2mhyper::client::pool[0m[2m:[0m pooling idle connection for ("http", 192.168.0.14:8545)
[2m2025-12-10T10:12:20.734703Z[0m [34mDEBUG[0m [2mhyper::proto::h1::io[0m[2m:[0m parsed 4 headers
[2m2025-12-10T10:12:20.734708Z[0m [34mDEBUG[0m [2mhyper::proto::h1::conn[0m[2m:[0m incoming body is content-length (650 bytes)
[2m2025-12-10T10:12:20.734712Z[0m [34mDEBUG[0m [2mhyper::proto::h1::conn[0m[2m:[0m incoming body completed
[2m2025-12-10T10:12:20.734716Z[0m [34mDEBUG[0m [2mhyper::client::pool[0m[2m:[0m pooling idle connection for ("http", 192.168.0.14:8545)
[2m2025-12-10T10:12:20.734720Z[0m [34mDEBUG[0m [2methereum_transaction_pool_monitor::eth_client[0m[2m:[0m 📡 Transaction fetch RPC completed in 4.170084ms
[2m2025-12-10T10:12:20.804951Z[0m [34mDEBUG[0m [2methereum_transaction_pool_monitor::eth_client[0m[2m:[0m ✅ Transaction 0x410bbbcd90ddf171a54f6add1a70d1d475d6dc4ffdea01b3c6caaf373daf623f fetched and parsed in 74.399292ms
[2m2025-12-10T10:12:20.804979Z[0m [34mDEBUG[0m [2methereum_transaction_pool_monitor::mempool_monitor[0m[2m:[0m 🔍 Skipping tx 0x410bbbcd90ddf171a54f6add1a70d1d475d6dc4ffdea01b3c6caaf373daf623f - not a DEX interaction (target: 0x9930Aa3fF31Bdd2f550005832d2944825dbac7F9)
[2m2025-12-10T10:12:20.805015Z[0m [34mDEBUG[0m [2mhyper::client::pool[0m[2m:[0m reuse idle connection for ("http", 192.168.0.14:8545)
[2m2025-12-10T10:12:20.805042Z[0m [34mDEBUG[0m [2mhyper::proto::h1::io[0m[2m:[0m flushed 172 bytes
[2m2025-12-10T10:12:20.805044Z[0m [34mDEBUG[0m [2methereum_transaction_pool_monitor::eth_client[0m[2m:[0m 📨 Received WebSocket message: {"jsonrpc":"2.0","method":"eth_subscription","params":{"subscription":"0xbed0a0851463e895960a451075a301a9","result":"0x2426df8fdedd76c96cba86ebcbe8f238bd37196b9bb1bf9a9022d1c0bb51d8be"}}
[2m2025-12-10T10:12:20.805085Z[0m [34mDEBUG[0m [2methereum_transaction_pool_monitor::eth_client[0m[2m:[0m 📨 Received pending transaction: 0x2426df8fdedd76c96cba86ebcbe8f238bd37196b9bb1bf9a9022d1c0bb51d8be
[2m2025-12-10T10:12:20.805093Z[0m [34mDEBUG[0m [2methereum_transaction_pool_monitor::mempool_monitor[0m[2m:[0m 📨 Processing new pending transaction: 0x2426df8fdedd76c96cba86ebcbe8f238bd37196b9bb1bf9a9022d1c0bb51d8be
[2m2025-12-10T10:12:20.805099Z[0m [34mDEBUG[0m [2methereum_transaction_pool_monitor::mempool_monitor[0m[2m:[0m 🔍 Fetching transaction details for: 0x2426df8fdedd76c96cba86ebcbe8f238bd37196b9bb1bf9a9022d1c0bb51d8be
[2m2025-12-10T10:12:20.805104Z[0m [34mDEBUG[0m [2methereum_transaction_pool_monitor::eth_client[0m[2m:[0m 🔍 Fetching transaction details for hash: 0x2426df8fdedd76c96cba86ebcbe8f238bd37196b9bb1bf9a9022d1c0bb51d8be
[2m2025-12-10T10:12:20.805113Z[0m [34mDEBUG[0m [2mhyper::client::pool[0m[2m:[0m reuse idle connection for ("http", 192.168.0.14:8545)
[2m2025-12-10T10:12:20.805125Z[0m [34mDEBUG[0m [2mhyper::proto::h1::io[0m[2m:[0m flushed 250 bytes
[2m2025-12-10T10:12:20.810169Z[0m [34mDEBUG[0m [2mhyper::proto::h1::io[0m[2m:[0m parsed 4 headers
[2m2025-12-10T10:12:20.810189Z[0m [34mDEBUG[0m [2mhyper::proto::h1::conn[0m[2m:[0m incoming body is content-length (45 bytes)
[2m2025-12-10T10:12:20.810210Z[0m [34mDEBUG[0m [2mhyper::proto::h1::conn[0m[2m:[0m incoming body completed
[2m2025-12-10T10:12:20.810231Z[0m [34mDEBUG[0m [2mhyper::client::pool[0m[2m:[0m pooling idle connection for ("http", 192.168.0.14:8545)
[2m2025-12-10T10:12:20.810913Z[0m [34mDEBUG[0m [2mhyper::proto::h1::io[0m[2m:[0m parsed 4 headers
[2m2025-12-10T10:12:20.810941Z[0m [34mDEBUG[0m [2mhyper::proto::h1::conn[0m[2m:[0m incoming body is content-length (1093 bytes)
[2m2025-12-10T10:12:20.810953Z[0m [34mDEBUG[0m [2mhyper::proto::h1::conn[0m[2m:[0m incoming body completed
[2m2025-12-10T10:12:20.810961Z[0m [34mDEBUG[0m [2mhyper::client::pool[0m[2m:[0m pooling idle connection for ("http", 192.168.0.14:8545)
[2m2025-12-10T10:12:20.810979Z[0m [34mDEBUG[0m [2methereum_transaction_pool_monitor::eth_client[0m[2m:[0m 📡 Transaction fetch RPC completed in 5.870875ms
[2m2025-12-10T10:12:20.882024Z[0m [34mDEBUG[0m [2methereum_transaction_pool_monitor::eth_client[0m[2m:[0m ✅ Transaction 0x2426df8fdedd76c96cba86ebcbe8f238bd37196b9bb1bf9a9022d1c0bb51d8be fetched and parsed in 76.912583ms
[2m2025-12-10T10:12:20.882052Z[0m [34mDEBUG[0m [2methereum_transaction_pool_monitor::mempool_monitor[0m[2m:[0m 🔍 Skipping tx 0x2426df8fdedd76c96cba86ebcbe8f238bd37196b9bb1bf9a9022d1c0bb51d8be - not a DEX interaction (target: 0xe171AFcd1E0394b3312e68ca823D5BC87F3Db311)
[2m2025-12-10T10:12:20.900131Z[0m [34mDEBUG[0m [2mhyper::client::pool[0m[2m:[0m reuse idle connection for ("http", 192.168.0.14:8545)
[2m2025-12-10T10:12:20.900169Z[0m [34mDEBUG[0m [2mhyper::proto::h1::io[0m[2m:[0m flushed 172 bytes
[2m2025-12-10T10:12:20.905520Z[0m [34mDEBUG[0m [2mhyper::proto::h1::io[0m[2m:[0m parsed 4 headers
[2m2025-12-10T10:12:20.905542Z[0m [34mDEBUG[0m [2mhyper::proto::h1::conn[0m[2m:[0m incoming body is content-length (45 bytes)
[2m2025-12-10T10:12:20.905564Z[0m [34mDEBUG[0m [2mhyper::proto::h1::conn[0m[2m:[0m incoming body completed
[2m2025-12-10T10:12:20.905589Z[0m [34mDEBUG[0m [2mhyper::client::pool[0m[2m:[0m pooling idle connection for ("http", 192.168.0.14:8545)
[2m2025-12-10T10:12:20.928261Z[0m [34mDEBUG[0m [2methereum_transaction_pool_monitor::eth_client[0m[2m:[0m 📨 Received WebSocket message: {"jsonrpc":"2.0","method":"eth_subscription","params":{"subscription":"0xbed0a0851463e895960a451075a301a9","result":"0xad4d0e0c03ffe2dc8aa89559ed713679e736ef25a9c3532021db29e5b1337261"}}
[2m2025-12-10T10:12:20.928273Z[0m [34mDEBUG[0m [2methereum_transaction_pool_monitor::eth_client[0m[2m:[0m 📨 Received pending transaction: 0xad4d0e0c03ffe2dc8aa89559ed713679e736ef25a9c3532021db29e5b1337261
[2m2025-12-10T10:12:20.928282Z[0m [34mDEBUG[0m [2methereum_transaction_pool_monitor::mempool_monitor[0m[2m:[0m 📨 Processing new pending transaction: 0xad4d0e0c03ffe2dc8aa89559ed713679e736ef25a9c3532021db29e5b1337261
[2m2025-12-10T10:12:20.928287Z[0m [34mDEBUG[0m [2methereum_transaction_pool_monitor::mempool_monitor[0m[2m:[0m 🔍 Fetching transaction details for: 0xad4d0e0c03ffe2dc8aa89559ed713679e736ef25a9c3532021db29e5b1337261
[2m2025-12-10T10:12:20.928292Z[0m [34mDEBUG[0m [2methereum_transaction_pool_monitor::eth_client[0m[2m:[0m 🔍 Fetching transaction details for hash: 0xad4d0e0c03ffe2dc8aa89559ed713679e736ef25a9c3532021db29e5b1337261
[2m2025-12-10T10:12:20.928314Z[0m [34mDEBUG[0m [2mhyper::client::pool[0m[2m:[0m reuse idle connection for ("http", 192.168.0.14:8545)
[2m2025-12-10T10:12:20.928352Z[0m [34mDEBUG[0m [2mhyper::proto::h1::io[0m[2m:[0m flushed 250 bytes
[2m2025-12-10T10:12:20.936665Z[0m [34mDEBUG[0m [2mhyper::proto::h1::io[0m[2m:[0m parsed 4 headers
[2m2025-12-10T10:12:20.936683Z[0m [34mDEBUG[0m [2mhyper::proto::h1::conn[0m[2m:[0m incoming body is content-length (680 bytes)
[2m2025-12-10T10:12:20.936702Z[0m [34mDEBUG[0m [2mhyper::proto::h1::conn[0m[2m:[0m incoming body completed
[2m2025-12-10T10:12:20.936728Z[0m [34mDEBUG[0m [2mhyper::client::pool[0m[2m:[0m pooling idle connection for ("http", 192.168.0.14:8545)
[2m2025-12-10T10:12:20.936733Z[0m [34mDEBUG[0m [2methereum_transaction_pool_monitor::eth_client[0m[2m:[0m 📡 Transaction fetch RPC completed in 8.437792ms
[2m2025-12-10T10:12:20.936748Z[0m [34mDEBUG[0m [2methereum_transaction_pool_monitor::eth_client[0m[2m:[0m DeFi transaction detected - Address: 0xdac17f958d2ee523a2206206994597c13d831ec7, Type: Stablecoin, Value: 0 ETH, Gas: 1.00 Gwei
[2m2025-12-10T10:12:20.936762Z[0m [34mDEBUG[0m [2methereum_transaction_pool_monitor::eth_client[0m[2m:[0m ✅ Transaction 0xad4d0e0c03ffe2dc8aa89559ed713679e736ef25a9c3532021db29e5b1337261 fetched and parsed in 8.466667ms
[2m2025-12-10T10:12:20.936768Z[0m [34mDEBUG[0m [2methereum_transaction_pool_monitor::mempool_monitor[0m[2m:[0m 🔍 Skipping tx 0xad4d0e0c03ffe2dc8aa89559ed713679e736ef25a9c3532021db29e5b1337261 - not a DEX interaction (target: 0xdAC17F958D2ee523a2206206994597C13D831ec7)
[2m2025-12-10T10:12:20.999961Z[0m [34mDEBUG[0m [2mhyper::client::pool[0m[2m:[0m reuse idle connection for ("http", 192.168.0.14:8545)
[2m2025-12-10T10:12:21.000030Z[0m [34mDEBUG[0m [2mhyper::proto::h1::io[0m[2m:[0m flushed 172 bytes
[2m2025-12-10T10:12:21.004200Z[0m [34mDEBUG[0m [2mhyper::proto::h1::io[0m[2m:[0m parsed 4 headers
[2m2025-12-10T10:12:21.004219Z[0m [34mDEBUG[0m [2mhyper::proto::h1::conn[0m[2m:[0m incoming body is content-length (45 bytes)
[2m2025-12-10T10:12:21.004232Z[0m [34mDEBUG[0m [2mhyper::proto::h1::conn[0m[2m:[0m incoming body completed
[2m2025-12-10T10:12:21.004249Z[0m [34mDEBUG[0m [2mhyper::client::pool[0m[2m:[0m pooling idle connection for ("http", 192.168.0.14:8545)
[2m2025-12-10T10:12:21.030372Z[0m [34mDEBUG[0m [2methereum_transaction_pool_monitor::eth_client[0m[2m:[0m 📨 Received WebSocket message: {"jsonrpc":"2.0","method":"eth_subscription","params":{"subscription":"0xbed0a0851463e895960a451075a301a9","result":"0x600f529e95606e187f88ee128c5de8cc02b77a2322890ce0485b50da4a097a34"}}
[2m2025-12-10T10:12:21.030455Z[0m [34mDEBUG[0m [2methereum_transaction_pool_monitor::eth_client[0m[2m:[0m 📨 Received pending transaction: 0x600f529e95606e187f88ee128c5de8cc02b77a2322890ce0485b50da4a097a34
[2m2025-12-10T10:12:21.030467Z[0m [34mDEBUG[0m [2methereum_transaction_pool_monitor::mempool_monitor[0m[2m:[0m 📨 Processing new pending transaction: 0x600f529e95606e187f88ee128c5de8cc02b77a2322890ce0485b50da4a097a34
[2m2025-12-10T10:12:21.030473Z[0m [34mDEBUG[0m [2methereum_transaction_pool_monitor::mempool_monitor[0m[2m:[0m 🔍 Fetching transaction details for: 0x600f529e95606e187f88ee128c5de8cc02b77a2322890ce0485b50da4a097a34
[2m2025-12-10T10:12:21.030478Z[0m [34mDEBUG[0m [2methereum_transaction_pool_monitor::eth_client[0m[2m:[0m 🔍 Fetching transaction details for hash: 0x600f529e95606e187f88ee128c5de8cc02b77a2322890ce0485b50da4a097a34
[2m2025-12-10T10:12:21.030496Z[0m [34mDEBUG[0m [2mhyper::client::pool[0m[2m:[0m reuse idle connection for ("http", 192.168.0.14:8545)
[2m2025-12-10T10:12:21.030526Z[0m [34mDEBUG[0m [2mhyper::proto::h1::io[0m[2m:[0m flushed 250 bytes
[2m2025-12-10T10:12:21.037536Z[0m [34mDEBUG[0m [2mhyper::proto::h1::io[0m[2m:[0m parsed 4 headers
[2m2025-12-10T10:12:21.037552Z[0m [34mDEBUG[0m [2mhyper::proto::h1::conn[0m[2m:[0m incoming body is content-length (830 bytes)
[2m2025-12-10T10:12:21.037563Z[0m [34mDEBUG[0m [2mhyper::proto::h1::conn[0m[2m:[0m incoming body completed
[2m2025-12-10T10:12:21.037579Z[0m [34mDEBUG[0m [2mhyper::client::pool[0m[2m:[0m pooling idle connection for ("http", 192.168.0.14:8545)
[2m2025-12-10T10:12:21.037590Z[0m [34mDEBUG[0m [2methereum_transaction_pool_monitor::eth_client[0m[2m:[0m 📡 Transaction fetch RPC completed in 7.108209ms
[2m2025-12-10T10:12:21.114546Z[0m [34mDEBUG[0m [2methereum_transaction_pool_monitor::eth_client[0m[2m:[0m ✅ Transaction 0x600f529e95606e187f88ee128c5de8cc02b77a2322890ce0485b50da4a097a34 fetched and parsed in 84.061709ms
[2m2025-12-10T10:12:21.114572Z[0m [34mDEBUG[0m [2methereum_transaction_pool_monitor::mempool_monitor[0m[2m:[0m 🔍 Skipping tx 0x600f529e95606e187f88ee128c5de8cc02b77a2322890ce0485b50da4a097a34 - not a DEX interaction (target: 0x3B4D794a66304F130a4Db8F2551B0070dfCf5ca7)
[2m2025-12-10T10:12:21.114619Z[0m [34mDEBUG[0m [2mhyper::client::pool[0m[2m:[0m reuse idle connection for ("http", 192.168.0.14:8545)
[2m2025-12-10T10:12:21.114866Z[0m [34mDEBUG[0m [2mhyper::proto::h1::io[0m[2m:[0m flushed 172 bytes
[2m2025-12-10T10:12:21.120280Z[0m [34mDEBUG[0m [2mhyper::proto::h1::io[0m[2m:[0m parsed 4 headers
[2m2025-12-10T10:12:21.120292Z[0m [34mDEBUG[0m [2mhyper::proto::h1::conn[0m[2m:[0m incoming body is content-length (45 bytes)
[2m2025-12-10T10:12:21.120302Z[0m [34mDEBUG[0m [2mhyper::proto::h1::conn[0m[2m:[0m incoming body completed
[2m2025-12-10T10:12:21.120315Z[0m [34mDEBUG[0m [2mhyper::client::pool[0m[2m:[0m pooling idle connection for ("http", 192.168.0.14:8545)
[2m2025-12-10T10:12:21.145739Z[0m [34mDEBUG[0m [2methereum_transaction_pool_monitor::eth_client[0m[2m:[0m 📨 Received WebSocket message: {"jsonrpc":"2.0","method":"eth_subscription","params":{"subscription":"0xbed0a0851463e895960a451075a301a9","result":"0x9e0ed57555a8693ae3e7206c07ebb72967ae065da3b4adba3832ca4bdff5cf50"}}
[2m2025-12-10T10:12:21.145750Z[0m [34mDEBUG[0m [2methereum_transaction_pool_monitor::eth_client[0m[2m:[0m 📨 Received pending transaction: 0x9e0ed57555a8693ae3e7206c07ebb72967ae065da3b4adba3832ca4bdff5cf50
[2m2025-12-10T10:12:21.145757Z[0m [34mDEBUG[0m [2methereum_transaction_pool_monitor::mempool_monitor[0m[2m:[0m 📨 Processing new pending transaction: 0x9e0ed57555a8693ae3e7206c07ebb72967ae065da3b4adba3832ca4bdff5cf50
[2m2025-12-10T10:12:21.145761Z[0m [34mDEBUG[0m [2methereum_transaction_pool_monitor::mempool_monitor[0m[2m:[0m 🔍 Fetching transaction details for: 0x9e0ed57555a8693ae3e7206c07ebb72967ae065da3b4adba3832ca4bdff5cf50
[2m2025-12-10T10:12:21.145765Z[0m [34mDEBUG[0m [2methereum_transaction_pool_monitor::eth_client[0m[2m:[0m 🔍 Fetching transaction details for hash: 0x9e0ed57555a8693ae3e7206c07ebb72967ae065da3b4adba3832ca4bdff5cf50
[2m2025-12-10T10:12:21.145782Z[0m [34mDEBUG[0m [2mhyper::client::pool[0m[2m:[0m reuse idle connection for ("http", 192.168.0.14:8545)
[2m2025-12-10T10:12:21.145801Z[0m [34mDEBUG[0m [2mhyper::proto::h1::io[0m[2m:[0m flushed 250 bytes
[2m2025-12-10T10:12:21.157099Z[0m [34mDEBUG[0m [2mhyper::proto::h1::io[0m[2m:[0m parsed 4 headers
[2m2025-12-10T10:12:21.157137Z[0m [34mDEBUG[0m [2mhyper::proto::h1::conn[0m[2m:[0m incoming body is content-length (765 bytes)
[2m2025-12-10T10:12:21.157149Z[0m [34mDEBUG[0m [2mhyper::proto::h1::conn[0m[2m:[0m incoming body completed
[2m2025-12-10T10:12:21.157170Z[0m [34mDEBUG[0m [2mhyper::client::pool[0m[2m:[0m pooling idle connection for ("http", 192.168.0.14:8545)
[2m2025-12-10T10:12:21.157177Z[0m [34mDEBUG[0m [2methereum_transaction_pool_monitor::eth_client[0m[2m:[0m 📡 Transaction fetch RPC completed in 11.408542ms
[2m2025-12-10T10:12:21.229178Z[0m [34mDEBUG[0m [2methereum_transaction_pool_monitor::eth_client[0m[2m:[0m ✅ Transaction 0x9e0ed57555a8693ae3e7206c07ebb72967ae065da3b4adba3832ca4bdff5cf50 fetched and parsed in 83.407167ms
[2m2025-12-10T10:12:21.229205Z[0m [34mDEBUG[0m [2methereum_transaction_pool_monitor::mempool_monitor[0m[2m:[0m 🔍 Skipping tx 0x9e0ed57555a8693ae3e7206c07ebb72967ae065da3b4adba3832ca4bdff5cf50 - not a DEX interaction (target: 0xA0b86991c6218b36c1d19D4a2e9Eb0cE3606eB48)
[2m2025-12-10T10:12:21.229253Z[0m [34mDEBUG[0m [2mhyper::client::pool[0m[2m:[0m reuse idle connection for ("http", 192.168.0.14:8545)
[2m2025-12-10T10:12:21.229287Z[0m [34mDEBUG[0m [2mhyper::proto::h1::io[0m[2m:[0m flushed 172 bytes
[2m2025-12-10T10:12:21.233490Z[0m [34mDEBUG[0m [2mhyper::proto::h1::io[0m[2m:[0m parsed 4 headers
[2m2025-12-10T10:12:21.233497Z[0m [34mDEBUG[0m [2mhyper::proto::h1::conn[0m[2m:[0m incoming body is content-length (45 bytes)
[2m2025-12-10T10:12:21.233504Z[0m [34mDEBUG[0m [2mhyper::proto::h1::conn[0m[2m:[0m incoming body completed
[2m2025-12-10T10:12:21.233511Z[0m [34mDEBUG[0m [2mhyper::client::pool[0m[2m:[0m pooling idle connection for ("http", 192.168.0.14:8545)
[2m2025-12-10T10:12:21.282784Z[0m [34mDEBUG[0m [2methereum_transaction_pool_monitor::eth_client[0m[2m:[0m 📨 Received WebSocket message: {"jsonrpc":"2.0","method":"eth_subscription","params":{"subscription":"0xbed0a0851463e895960a451075a301a9","result":"0x4bd70b92dbaf587f1cb998ecce483d8c16ea7d37877a255b3c239fb61a0d81c2"}}
[2m2025-12-10T10:12:21.282801Z[0m [34mDEBUG[0m [2methereum_transaction_pool_monitor::eth_client[0m[2m:[0m 📨 Received pending transaction: 0x4bd70b92dbaf587f1cb998ecce483d8c16ea7d37877a255b3c239fb61a0d81c2
[2m2025-12-10T10:12:21.282806Z[0m [32m INFO[0m [2methereum_transaction_pool_monitor::eth_client[0m[2m:[0m 📊 WebSocket stats - Total: 3405 transactions, Rate: 12.9 tx/s
[2m2025-12-10T10:12:21.282813Z[0m [34mDEBUG[0m [2methereum_transaction_pool_monitor::mempool_monitor[0m[2m:[0m 📨 Processing new pending transaction: 0x4bd70b92dbaf587f1cb998ecce483d8c16ea7d37877a255b3c239fb61a0d81c2
[2m2025-12-10T10:12:21.282817Z[0m [34mDEBUG[0m [2methereum_transaction_pool_monitor::mempool_monitor[0m[2m:[0m 🔍 Fetching transaction details for: 0x4bd70b92dbaf587f1cb998ecce483d8c16ea7d37877a255b3c239fb61a0d81c2
[2m2025-12-10T10:12:21.282821Z[0m [34mDEBUG[0m [2methereum_transaction_pool_monitor::eth_client[0m[2m:[0m 🔍 Fetching transaction details for hash: 0x4bd70b92dbaf587f1cb998ecce483d8c16ea7d37877a255b3c239fb61a0d81c2
[2m2025-12-10T10:12:21.282840Z[0m [34mDEBUG[0m [2mhyper::client::pool[0m[2m:[0m reuse idle connection for ("http", 192.168.0.14:8545)
[2m2025-12-10T10:12:21.282859Z[0m [34mDEBUG[0m [2mhyper::proto::h1::io[0m[2m:[0m flushed 250 bytes
[2m2025-12-10T10:12:21.288091Z[0m [34mDEBUG[0m [2mhyper::proto::h1::io[0m[2m:[0m parsed 4 headers
[2m2025-12-10T10:12:21.288102Z[0m [34mDEBUG[0m [2mhyper::proto::h1::conn[0m[2m:[0m incoming body is content-length (1094 bytes)
[2m2025-12-10T10:12:21.288109Z[0m [34mDEBUG[0m [2mhyper::proto::h1::conn[0m[2m:[0m incoming body completed
[2m2025-12-10T10:12:21.288118Z[0m [34mDEBUG[0m [2mhyper::client::pool[0m[2m:[0m pooling idle connection for ("http", 192.168.0.14:8545)
[2m2025-12-10T10:12:21.288125Z[0m [34mDEBUG[0m [2methereum_transaction_pool_monitor::eth_client[0m[2m:[0m 📡 Transaction fetch RPC completed in 5.300417ms
[2m2025-12-10T10:12:21.357056Z[0m [34mDEBUG[0m [2methereum_transaction_pool_monitor::eth_client[0m[2m:[0m ✅ Transaction 0x4bd70b92dbaf587f1cb998ecce483d8c16ea7d37877a255b3c239fb61a0d81c2 fetched and parsed in 74.229708ms
[2m2025-12-10T10:12:21.357083Z[0m [34mDEBUG[0m [2methereum_transaction_pool_monitor::mempool_monitor[0m[2m:[0m 🔍 Skipping tx 0x4bd70b92dbaf587f1cb998ecce483d8c16ea7d37877a255b3c239fb61a0d81c2 - not a DEX interaction (target: 0xe171AFcd1E0394b3312e68ca823D5BC87F3Db311)
[2m2025-12-10T10:12:21.357132Z[0m [34mDEBUG[0m [2mhyper::client::pool[0m[2m:[0m reuse idle connection for ("http", 192.168.0.14:8545)
[2m2025-12-10T10:12:21.357158Z[0m [34mDEBUG[0m [2mhyper::proto::h1::io[0m[2m:[0m flushed 172 bytes
[2m2025-12-10T10:12:21.361288Z[0m [34mDEBUG[0m [2mhyper::proto::h1::io[0m[2m:[0m parsed 4 headers
[2m2025-12-10T10:12:21.361296Z[0m [34mDEBUG[0m [2mhyper::proto::h1::conn[0m[2m:[0m incoming body is content-length (45 bytes)
[2m2025-12-10T10:12:21.361304Z[0m [34mDEBUG[0m [2mhyper::proto::h1::conn[0m[2m:[0m incoming body completed
[2m2025-12-10T10:12:21.361314Z[0m [34mDEBUG[0m [2mhyper::client::pool[0m[2m:[0m pooling idle connection for ("http", 192.168.0.14:8545)
[2m2025-12-10T10:12:21.398835Z[0m [34mDEBUG[0m [2mhyper::client::pool[0m[2m:[0m reuse idle connection for ("http", 192.168.0.14:8545)
[2m2025-12-10T10:12:21.401940Z[0m [34mDEBUG[0m [2mhyper::proto::h1::io[0m[2m:[0m flushed 172 bytes
[2m2025-12-10T10:12:21.406968Z[0m [34mDEBUG[0m [2mhyper::proto::h1::io[0m[2m:[0m parsed 4 headers
[2m2025-12-10T10:12:21.406977Z[0m [34mDEBUG[0m [2mhyper::proto::h1::conn[0m[2m:[0m incoming body is content-length (45 bytes)
[2m2025-12-10T10:12:21.406984Z[0m [34mDEBUG[0m [2mhyper::proto::h1::conn[0m[2m:[0m incoming body completed
[2m2025-12-10T10:12:21.406991Z[0m [34mDEBUG[0m [2mhyper::client::pool[0m[2m:[0m pooling idle connection for ("http", 192.168.0.14:8545)
[2m2025-12-10T10:12:21.499113Z[0m [34mDEBUG[0m [2mhyper::client::pool[0m[2m:[0m reuse idle connection for ("http", 192.168.0.14:8545)
[2m2025-12-10T10:12:21.499221Z[0m [34mDEBUG[0m [2mhyper::proto::h1::io[0m[2m:[0m flushed 172 bytes
[2m2025-12-10T10:12:21.502571Z[0m [34mDEBUG[0m [2mhyper::proto::h1::io[0m[2m:[0m parsed 4 headers
[2m2025-12-10T10:12:21.502578Z[0m [34mDEBUG[0m [2mhyper::proto::h1::conn[0m[2m:[0m incoming body is content-length (45 bytes)
[2m2025-12-10T10:12:21.502586Z[0m [34mDEBUG[0m [2mhyper::proto::h1::conn[0m[2m:[0m incoming body completed
[2m2025-12-10T10:12:21.502594Z[0m [34mDEBUG[0m [2mhyper::client::pool[0m[2m:[0m pooling idle connection for ("http", 192.168.0.14:8545)
[2m2025-12-10T10:12:21.598415Z[0m [34mDEBUG[0m [2methereum_transaction_pool_monitor::eth_client[0m[2m:[0m 📨 Received WebSocket message: {"jsonrpc":"2.0","method":"eth_subscription","params":{"subscription":"0xbed0a0851463e895960a451075a301a9","result":"0xd409373de90f6a2c4fa474f7740d844b77f473222c1ac6677552e924156a59bd"}}
[2m2025-12-10T10:12:21.598415Z[0m [34mDEBUG[0m [2mhyper::client::pool[0m[2m:[0m reuse idle connection for ("http", 192.168.0.14:8545)
[2m2025-12-10T10:12:21.598473Z[0m [34mDEBUG[0m [2methereum_transaction_pool_monitor::eth_client[0m[2m:[0m 📨 Received pending transaction: 0xd409373de90f6a2c4fa474f7740d844b77f473222c1ac6677552e924156a59bd
[2m2025-12-10T10:12:21.598498Z[0m [34mDEBUG[0m [2methereum_transaction_pool_monitor::mempool_monitor[0m[2m:[0m 📨 Processing new pending transaction: 0xd409373de90f6a2c4fa474f7740d844b77f473222c1ac6677552e924156a59bd
[2m2025-12-10T10:12:21.598511Z[0m [34mDEBUG[0m [2methereum_transaction_pool_monitor::mempool_monitor[0m[2m:[0m 🔍 Fetching transaction details for: 0xd409373de90f6a2c4fa474f7740d844b77f473222c1ac6677552e924156a59bd
[2m2025-12-10T10:12:21.598525Z[0m [34mDEBUG[0m [2methereum_transaction_pool_monitor::eth_client[0m[2m:[0m 🔍 Fetching transaction details for hash: 0xd409373de90f6a2c4fa474f7740d844b77f473222c1ac6677552e924156a59bd
[2m2025-12-10T10:12:21.598531Z[0m [34mDEBUG[0m [2mhyper::proto::h1::io[0m[2m:[0m flushed 172 bytes
[2m2025-12-10T10:12:21.598555Z[0m [34mDEBUG[0m [2mhyper::client::pool[0m[2m:[0m reuse idle connection for ("http", 192.168.0.14:8545)
[2m2025-12-10T10:12:21.598596Z[0m [34mDEBUG[0m [2mhyper::proto::h1::io[0m[2m:[0m flushed 250 bytes
[2m2025-12-10T10:12:21.603094Z[0m [34mDEBUG[0m [2mhyper::proto::h1::io[0m[2m:[0m parsed 4 headers
[2m2025-12-10T10:12:21.603121Z[0m [34mDEBUG[0m [2mhyper::proto::h1::conn[0m[2m:[0m incoming body is content-length (45 bytes)
[2m2025-12-10T10:12:21.603150Z[0m [34mDEBUG[0m [2mhyper::proto::h1::conn[0m[2m:[0m incoming body completed
[2m2025-12-10T10:12:21.603178Z[0m [34mDEBUG[0m [2mhyper::client::pool[0m[2m:[0m pooling idle connection for ("http", 192.168.0.14:8545)
[2m2025-12-10T10:12:21.603806Z[0m [34mDEBUG[0m [2mhyper::proto::h1::io[0m[2m:[0m parsed 4 headers
[2m2025-12-10T10:12:21.603835Z[0m [34mDEBUG[0m [2mhyper::proto::h1::conn[0m[2m:[0m incoming body is content-length (649 bytes)
[2m2025-12-10T10:12:21.603856Z[0m [34mDEBUG[0m [2mhyper::proto::h1::conn[0m[2m:[0m incoming body completed
[2m2025-12-10T10:12:21.603880Z[0m [34mDEBUG[0m [2mhyper::client::pool[0m[2m:[0m pooling idle connection for ("http", 192.168.0.14:8545)
[2m2025-12-10T10:12:21.603899Z[0m [34mDEBUG[0m [2methereum_transaction_pool_monitor::eth_client[0m[2m:[0m 📡 Transaction fetch RPC completed in 5.362958ms
[2m2025-12-10T10:12:21.691650Z[0m [34mDEBUG[0m [2methereum_transaction_pool_monitor::eth_client[0m[2m:[0m ✅ Transaction 0xd409373de90f6a2c4fa474f7740d844b77f473222c1ac6677552e924156a59bd fetched and parsed in 93.111917ms
[2m2025-12-10T10:12:21.691681Z[0m [34mDEBUG[0m [2methereum_transaction_pool_monitor::mempool_monitor[0m[2m:[0m 🔍 Skipping tx 0xd409373de90f6a2c4fa474f7740d844b77f473222c1ac6677552e924156a59bd - not a DEX interaction (target: 0x210591595d0213a648aa7e1275B99D64e7061da2)
[2m2025-12-10T10:12:21.699242Z[0m [34mDEBUG[0m [2mhyper::client::pool[0m[2m:[0m reuse idle connection for ("http", 192.168.0.14:8545)
[2m2025-12-10T10:12:21.699287Z[0m [34mDEBUG[0m [2mhyper::proto::h1::io[0m[2m:[0m flushed 172 bytes
[2m2025-12-10T10:12:21.702132Z[0m [34mDEBUG[0m [2mhyper::proto::h1::io[0m[2m:[0m parsed 4 headers
[2m2025-12-10T10:12:21.702140Z[0m [34mDEBUG[0m [2mhyper::proto::h1::conn[0m[2m:[0m incoming body is content-length (45 bytes)
[2m2025-12-10T10:12:21.702148Z[0m [34mDEBUG[0m [2mhyper::proto::h1::conn[0m[2m:[0m incoming body completed
[2m2025-12-10T10:12:21.702155Z[0m [34mDEBUG[0m [2mhyper::client::pool[0m[2m:[0m pooling idle connection for ("http", 192.168.0.14:8545)
[2m2025-12-10T10:12:21.727271Z[0m [34mDEBUG[0m [2methereum_transaction_pool_monitor::eth_client[0m[2m:[0m 📨 Received WebSocket message: {"jsonrpc":"2.0","method":"eth_subscription","params":{"subscription":"0xbed0a0851463e895960a451075a301a9","result":"0x91efcc8c1fd3adecedca7a785718becf536789b8924763a6e378cdf269a3e436"}}
[2m2025-12-10T10:12:21.727291Z[0m [34mDEBUG[0m [2methereum_transaction_pool_monitor::eth_client[0m[2m:[0m 📨 Received pending transaction: 0x91efcc8c1fd3adecedca7a785718becf536789b8924763a6e378cdf269a3e436
[2m2025-12-10T10:12:21.727301Z[0m [34mDEBUG[0m [2methereum_transaction_pool_monitor::mempool_monitor[0m[2m:[0m 📨 Processing new pending transaction: 0x91efcc8c1fd3adecedca7a785718becf536789b8924763a6e378cdf269a3e436
[2m2025-12-10T10:12:21.727306Z[0m [34mDEBUG[0m [2methereum_transaction_pool_monitor::mempool_monitor[0m[2m:[0m 🔍 Fetching transaction details for: 0x91efcc8c1fd3adecedca7a785718becf536789b8924763a6e378cdf269a3e436
[2m2025-12-10T10:12:21.727311Z[0m [34mDEBUG[0m [2methereum_transaction_pool_monitor::eth_client[0m[2m:[0m 🔍 Fetching transaction details for hash: 0x91efcc8c1fd3adecedca7a785718becf536789b8924763a6e378cdf269a3e436
[2m2025-12-10T10:12:21.727334Z[0m [34mDEBUG[0m [2mhyper::client::pool[0m[2m:[0m reuse idle connection for ("http", 192.168.0.14:8545)
[2m2025-12-10T10:12:21.727356Z[0m [34mDEBUG[0m [2mhyper::proto::h1::io[0m[2m:[0m flushed 250 bytes
[2m2025-12-10T10:12:21.733970Z[0m [34mDEBUG[0m [2mhyper::proto::h1::io[0m[2m:[0m parsed 4 headers
[2m2025-12-10T10:12:21.733981Z[0m [34mDEBUG[0m [2mhyper::proto::h1::conn[0m[2m:[0m incoming body is content-length (4735 bytes)
[2m2025-12-10T10:12:21.733988Z[0m [34mDEBUG[0m [2mhyper::proto::h1::conn[0m[2m:[0m incoming body completed
[2m2025-12-10T10:12:21.733997Z[0m [34mDEBUG[0m [2mhyper::client::pool[0m[2m:[0m pooling idle connection for ("http", 192.168.0.14:8545)
[2m2025-12-10T10:12:21.734003Z[0m [34mDEBUG[0m [2methereum_transaction_pool_monitor::eth_client[0m[2m:[0m 📡 Transaction fetch RPC completed in 6.688042ms
[2m2025-12-10T10:12:21.806264Z[0m [34mDEBUG[0m [2methereum_transaction_pool_monitor::eth_client[0m[2m:[0m ✅ Transaction 0x91efcc8c1fd3adecedca7a785718becf536789b8924763a6e378cdf269a3e436 fetched and parsed in 78.947167ms
[2m2025-12-10T10:12:21.806291Z[0m [34mDEBUG[0m [2methereum_transaction_pool_monitor::mempool_monitor[0m[2m:[0m 🔍 Skipping tx 0x91efcc8c1fd3adecedca7a785718becf536789b8924763a6e378cdf269a3e436 - not a DEX interaction (target: 0xb300000b72DEAEb607a12d5f54773D1C19c7028d)
[2m2025-12-10T10:12:21.806327Z[0m [34mDEBUG[0m [2mhyper::client::pool[0m[2m:[0m reuse idle connection for ("http", 192.168.0.14:8545)
[2m2025-12-10T10:12:21.806350Z[0m [34mDEBUG[0m [2methereum_transaction_pool_monitor::eth_client[0m[2m:[0m 📨 Received WebSocket message: {"jsonrpc":"2.0","method":"eth_subscription","params":{"subscription":"0xbed0a0851463e895960a451075a301a9","result":"0x56b98cca12f4eed432fe8ab3789846bbab6b7f8a5de64885c12c742584cacf7b"}}
[2m2025-12-10T10:12:21.806358Z[0m [34mDEBUG[0m [2mhyper::proto::h1::io[0m[2m:[0m flushed 172 bytes
[2m2025-12-10T10:12:21.806360Z[0m [34mDEBUG[0m [2methereum_transaction_pool_monitor::eth_client[0m[2m:[0m 📨 Received pending transaction: 0x56b98cca12f4eed432fe8ab3789846bbab6b7f8a5de64885c12c742584cacf7b
[2m2025-12-10T10:12:21.807063Z[0m [34mDEBUG[0m [2methereum_transaction_pool_monitor::eth_client[0m[2m:[0m 📨 Received WebSocket message: {"jsonrpc":"2.0","method":"eth_subscription","params":{"subscription":"0xbed0a0851463e895960a451075a301a9","result":"0x12612f1a2d2f4aee194324fbb76a133150a7f926ff7a07de13787db6b2abc468"}}
[2m2025-12-10T10:12:21.807071Z[0m [34mDEBUG[0m [2methereum_transaction_pool_monitor::eth_client[0m[2m:[0m 📨 Received pending transaction: 0x12612f1a2d2f4aee194324fbb76a133150a7f926ff7a07de13787db6b2abc468
[2m2025-12-10T10:12:21.807077Z[0m [34mDEBUG[0m [2methereum_transaction_pool_monitor::eth_client[0m[2m:[0m 📨 Received WebSocket message: {"jsonrpc":"2.0","method":"eth_subscription","params":{"subscription":"0xbed0a0851463e895960a451075a301a9","result":"0x2a0a443af450ee5c159280cdd6eca42d6df8a8612ca21a0bbbb05b86b6bc0ea1"}}
[2m2025-12-10T10:12:21.807081Z[0m [34mDEBUG[0m [2methereum_transaction_pool_monitor::eth_client[0m[2m:[0m 📨 Received pending transaction: 0x2a0a443af450ee5c159280cdd6eca42d6df8a8612ca21a0bbbb05b86b6bc0ea1
[2m2025-12-10T10:12:21.807087Z[0m [34mDEBUG[0m [2methereum_transaction_pool_monitor::mempool_monitor[0m[2m:[0m 📨 Processing new pending transaction: 0x56b98cca12f4eed432fe8ab3789846bbab6b7f8a5de64885c12c742584cacf7b
[2m2025-12-10T10:12:21.807091Z[0m [34mDEBUG[0m [2methereum_transaction_pool_monitor::mempool_monitor[0m[2m:[0m 🔍 Fetching transaction details for: 0x56b98cca12f4eed432fe8ab3789846bbab6b7f8a5de64885c12c742584cacf7b
[2m2025-12-10T10:12:21.807094Z[0m [34mDEBUG[0m [2methereum_transaction_pool_monitor::eth_client[0m[2m:[0m 🔍 Fetching transaction details for hash: 0x56b98cca12f4eed432fe8ab3789846bbab6b7f8a5de64885c12c742584cacf7b
[2m2025-12-10T10:12:21.807104Z[0m [34mDEBUG[0m [2mhyper::client::pool[0m[2m:[0m reuse idle connection for ("http", 192.168.0.14:8545)
[2m2025-12-10T10:12:21.807124Z[0m [34mDEBUG[0m [2mhyper::proto::h1::io[0m[2m:[0m flushed 250 bytes
[2m2025-12-10T10:12:21.813273Z[0m [34mDEBUG[0m [2mhyper::proto::h1::io[0m[2m:[0m parsed 4 headers
[2m2025-12-10T10:12:21.813315Z[0m [34mDEBUG[0m [2mhyper::proto::h1::conn[0m[2m:[0m incoming body is content-length (45 bytes)
[2m2025-12-10T10:12:21.813340Z[0m [34mDEBUG[0m [2mhyper::proto::h1::conn[0m[2m:[0m incoming body completed
[2m2025-12-10T10:12:21.813353Z[0m [34mDEBUG[0m [2mhyper::client::pool[0m[2m:[0m pooling idle connection for ("http", 192.168.0.14:8545)
[2m2025-12-10T10:12:21.813376Z[0m [34mDEBUG[0m [2mhyper::proto::h1::io[0m[2m:[0m parsed 4 headers
[2m2025-12-10T10:12:21.813381Z[0m [34mDEBUG[0m [2mhyper::proto::h1::conn[0m[2m:[0m incoming body is content-length (645 bytes)
[2m2025-12-10T10:12:21.813385Z[0m [34mDEBUG[0m [2mhyper::proto::h1::conn[0m[2m:[0m incoming body completed
[2m2025-12-10T10:12:21.813390Z[0m [34mDEBUG[0m [2mhyper::client::pool[0m[2m:[0m pooling idle connection for ("http", 192.168.0.14:8545)
[2m2025-12-10T10:12:21.813395Z[0m [34mDEBUG[0m [2methereum_transaction_pool_monitor::eth_client[0m[2m:[0m 📡 Transaction fetch RPC completed in 6.297792ms
[2m2025-12-10T10:12:21.884994Z[0m [34mDEBUG[0m [2methereum_transaction_pool_monitor::eth_client[0m[2m:[0m ✅ Transaction 0x56b98cca12f4eed432fe8ab3789846bbab6b7f8a5de64885c12c742584cacf7b fetched and parsed in 77.894708ms
[2m2025-12-10T10:12:21.885023Z[0m [34mDEBUG[0m [2methereum_transaction_pool_monitor::mempool_monitor[0m[2m:[0m 🔍 Skipping tx 0x56b98cca12f4eed432fe8ab3789846bbab6b7f8a5de64885c12c742584cacf7b - not a DEX interaction (target: 0x97fcDd342c9271e51797A82E5d1d0EA6657bC47E)
[2m2025-12-10T10:12:21.885036Z[0m [34mDEBUG[0m [2methereum_transaction_pool_monitor::mempool_monitor[0m[2m:[0m 📨 Processing new pending transaction: 0x12612f1a2d2f4aee194324fbb76a133150a7f926ff7a07de13787db6b2abc468
[2m2025-12-10T10:12:21.885043Z[0m [34mDEBUG[0m [2methereum_transaction_pool_monitor::mempool_monitor[0m[2m:[0m 🔍 Fetching transaction details for: 0x12612f1a2d2f4aee194324fbb76a133150a7f926ff7a07de13787db6b2abc468
[2m2025-12-10T10:12:21.885048Z[0m [34mDEBUG[0m [2methereum_transaction_pool_monitor::eth_client[0m[2m:[0m 🔍 Fetching transaction details for hash: 0x12612f1a2d2f4aee194324fbb76a133150a7f926ff7a07de13787db6b2abc468
[2m2025-12-10T10:12:21.885069Z[0m [34mDEBUG[0m [2mhyper::client::pool[0m[2m:[0m reuse idle connection for ("http", 192.168.0.14:8545)
[2m2025-12-10T10:12:21.885102Z[0m [34mDEBUG[0m [2mhyper::proto::h1::io[0m[2m:[0m flushed 250 bytes
[2m2025-12-10T10:12:21.885117Z[0m [34mDEBUG[0m [2methereum_transaction_pool_monitor::eth_client[0m[2m:[0m 📨 Received WebSocket message: {"jsonrpc":"2.0","method":"eth_subscription","params":{"subscription":"0xbed0a0851463e895960a451075a301a9","result":"0x2c404ac09c0269b07692a20fe324cd87bb3f2f082705323e939008d8a5f0b858"}}
[2m2025-12-10T10:12:21.885123Z[0m [34mDEBUG[0m [2methereum_transaction_pool_monitor::eth_client[0m[2m:[0m 📨 Received pending transaction: 0x2c404ac09c0269b07692a20fe324cd87bb3f2f082705323e939008d8a5f0b858
[2m2025-12-10T10:12:21.894050Z[0m [34mDEBUG[0m [2mhyper::proto::h1::io[0m[2m:[0m parsed 4 headers
[2m2025-12-10T10:12:21.894066Z[0m [34mDEBUG[0m [2mhyper::proto::h1::conn[0m[2m:[0m incoming body is content-length (770 bytes)
[2m2025-12-10T10:12:21.894075Z[0m [34mDEBUG[0m [2mhyper::proto::h1::conn[0m[2m:[0m incoming body completed
[2m2025-12-10T10:12:21.894086Z[0m [34mDEBUG[0m [2mhyper::client::pool[0m[2m:[0m pooling idle connection for ("http", 192.168.0.14:8545)
[2m2025-12-10T10:12:21.894093Z[0m [34mDEBUG[0m [2methereum_transaction_pool_monitor::eth_client[0m[2m:[0m 📡 Transaction fetch RPC completed in 9.041125ms
[2m2025-12-10T10:12:21.967639Z[0m [34mDEBUG[0m [2methereum_transaction_pool_monitor::eth_client[0m[2m:[0m ✅ Transaction 0x12612f1a2d2f4aee194324fbb76a133150a7f926ff7a07de13787db6b2abc468 fetched and parsed in 82.584583ms
[2m2025-12-10T10:12:21.967673Z[0m [34mDEBUG[0m [2methereum_transaction_pool_monitor::mempool_monitor[0m[2m:[0m 🔍 Skipping tx 0x12612f1a2d2f4aee194324fbb76a133150a7f926ff7a07de13787db6b2abc468 - not a DEX interaction (target: 0xB8f28C60dD8240141185a192fa4156A23E189305)
[2m2025-12-10T10:12:21.967684Z[0m [34mDEBUG[0m [2methereum_transaction_pool_monitor::mempool_monitor[0m[2m:[0m 📨 Processing new pending transaction: 0x2a0a443af450ee5c159280cdd6eca42d6df8a8612ca21a0bbbb05b86b6bc0ea1
[2m2025-12-10T10:12:21.967689Z[0m [34mDEBUG[0m [2methereum_transaction_pool_monitor::mempool_monitor[0m[2m:[0m 🔍 Fetching transaction details for: 0x2a0a443af450ee5c159280cdd6eca42d6df8a8612ca21a0bbbb05b86b6bc0ea1
[2m2025-12-10T10:12:21.967693Z[0m [34mDEBUG[0m [2methereum_transaction_pool_monitor::eth_client[0m[2m:[0m 🔍 Fetching transaction details for hash: 0x2a0a443af450ee5c159280cdd6eca42d6df8a8612ca21a0bbbb05b86b6bc0ea1
[2m2025-12-10T10:12:21.967713Z[0m [34mDEBUG[0m [2mhyper::client::pool[0m[2m:[0m reuse idle connection for ("http", 192.168.0.14:8545)
[2m2025-12-10T10:12:21.967760Z[0m [34mDEBUG[0m [2mhyper::proto::h1::io[0m[2m:[0m flushed 250 bytes
[2m2025-12-10T10:12:21.967791Z[0m [34mDEBUG[0m [2mhyper::client::pool[0m[2m:[0m reuse idle connection for ("http", 192.168.0.14:8545)
[2m2025-12-10T10:12:21.967806Z[0m [34mDEBUG[0m [2mhyper::proto::h1::io[0m[2m:[0m flushed 172 bytes
[2m2025-12-10T10:12:21.972128Z[0m [34mDEBUG[0m [2mhyper::proto::h1::io[0m[2m:[0m parsed 4 headers
[2m2025-12-10T10:12:21.972133Z[0m [34mDEBUG[0m [2mhyper::proto::h1::conn[0m[2m:[0m incoming body is content-length (769 bytes)
[2m2025-12-10T10:12:21.972139Z[0m [34mDEBUG[0m [2mhyper::proto::h1::conn[0m[2m:[0m incoming body completed
[2m2025-12-10T10:12:21.972145Z[0m [34mDEBUG[0m [2mhyper::client::pool[0m[2m:[0m pooling idle connection for ("http", 192.168.0.14:8545)
[2m2025-12-10T10:12:21.972150Z[0m [34mDEBUG[0m [2methereum_transaction_pool_monitor::eth_client[0m[2m:[0m 📡 Transaction fetch RPC completed in 4.453084ms
[2m2025-12-10T10:12:21.972162Z[0m [34mDEBUG[0m [2methereum_transaction_pool_monitor::eth_client[0m[2m:[0m DeFi transaction detected - Address: 0xdac17f958d2ee523a2206206994597c13d831ec7, Type: Stablecoin, Value: 0 ETH, Gas: 0.24 Gwei
[2m2025-12-10T10:12:21.972174Z[0m [34mDEBUG[0m [2methereum_transaction_pool_monitor::eth_client[0m[2m:[0m ✅ Transaction 0x2a0a443af450ee5c159280cdd6eca42d6df8a8612ca21a0bbbb05b86b6bc0ea1 fetched and parsed in 4.47675ms
[2m2025-12-10T10:12:21.972178Z[0m [34mDEBUG[0m [2methereum_transaction_pool_monitor::mempool_monitor[0m[2m:[0m 🔍 Skipping tx 0x2a0a443af450ee5c159280cdd6eca42d6df8a8612ca21a0bbbb05b86b6bc0ea1 - not a DEX interaction (target: 0xdAC17F958D2ee523a2206206994597C13D831ec7)
[2m2025-12-10T10:12:21.972183Z[0m [34mDEBUG[0m [2methereum_transaction_pool_monitor::mempool_monitor[0m[2m:[0m 📨 Processing new pending transaction: 0x2c404ac09c0269b07692a20fe324cd87bb3f2f082705323e939008d8a5f0b858
[2m2025-12-10T10:12:21.972187Z[0m [34mDEBUG[0m [2methereum_transaction_pool_monitor::mempool_monitor[0m[2m:[0m 🔍 Fetching transaction details for: 0x2c404ac09c0269b07692a20fe324cd87bb3f2f082705323e939008d8a5f0b858
[2m2025-12-10T10:12:21.972190Z[0m [34mDEBUG[0m [2methereum_transaction_pool_monitor::eth_client[0m[2m:[0m 🔍 Fetching transaction details for hash: 0x2c404ac09c0269b07692a20fe324cd87bb3f2f082705323e939008d8a5f0b858
[2m2025-12-10T10:12:21.972196Z[0m [34mDEBUG[0m [2mhyper::client::pool[0m[2m:[0m reuse idle connection for ("http", 192.168.0.14:8545)
[2m2025-12-10T10:12:21.972212Z[0m [34mDEBUG[0m [2mhyper::proto::h1::io[0m[2m:[0m flushed 250 bytes
[2m2025-12-10T10:12:21.972822Z[0m [34mDEBUG[0m [2mhyper::proto::h1::io[0m[2m:[0m parsed 4 headers
[2m2025-12-10T10:12:21.972827Z[0m [34mDEBUG[0m [2mhyper::proto::h1::conn[0m[2m:[0m incoming body is content-length (45 bytes)
[2m2025-12-10T10:12:21.972833Z[0m [34mDEBUG[0m [2mhyper::proto::h1::conn[0m[2m:[0m incoming body completed
[2m2025-12-10T10:12:21.972838Z[0m [34mDEBUG[0m [2mhyper::client::pool[0m[2m:[0m pooling idle connection for ("http", 192.168.0.14:8545)
[2m2025-12-10T10:12:21.978408Z[0m [34mDEBUG[0m [2mhyper::proto::h1::io[0m[2m:[0m parsed 4 headers
[2m2025-12-10T10:12:21.978420Z[0m [34mDEBUG[0m [2mhyper::proto::h1::conn[0m[2m:[0m incoming body is content-length (778 bytes)
[2m2025-12-10T10:12:21.978426Z[0m [34mDEBUG[0m [2mhyper::proto::h1::conn[0m[2m:[0m incoming body completed
[2m2025-12-10T10:12:21.978433Z[0m [34mDEBUG[0m [2mhyper::client::pool[0m[2m:[0m pooling idle connection for ("http", 192.168.0.14:8545)
[2m2025-12-10T10:12:21.978437Z[0m [34mDEBUG[0m [2methereum_transaction_pool_monitor::eth_client[0m[2m:[0m 📡 Transaction fetch RPC completed in 6.244459ms
[2m2025-12-10T10:12:21.978450Z[0m [34mDEBUG[0m [2methereum_transaction_pool_monitor::eth_client[0m[2m:[0m DeFi transaction detected - Address: 0xdac17f958d2ee523a2206206994597c13d831ec7, Type: Stablecoin, Value: 0 ETH, Gas: 999.00 Gwei
[2m2025-12-10T10:12:21.978459Z[0m [34mDEBUG[0m [2methereum_transaction_pool_monitor::eth_client[0m[2m:[0m ✅ Transaction 0x2c404ac09c0269b07692a20fe324cd87bb3f2f082705323e939008d8a5f0b858 fetched and parsed in 6.266417ms
[2m2025-12-10T10:12:21.978464Z[0m [34mDEBUG[0m [2methereum_transaction_pool_monitor::mempool_monitor[0m[2m:[0m 🔍 Skipping tx 0x2c404ac09c0269b07692a20fe324cd87bb3f2f082705323e939008d8a5f0b858 - not a DEX interaction (target: 0xdAC17F958D2ee523a2206206994597C13D831ec7)
[2m2025-12-10T10:12:21.997667Z[0m [34mDEBUG[0m [2mhyper::client::pool[0m[2m:[0m reuse idle connection for ("http", 192.168.0.14:8545)
[2m2025-12-10T10:12:21.997720Z[0m [34mDEBUG[0m [2mhyper::proto::h1::io[0m[2m:[0m flushed 172 bytes
[2m2025-12-10T10:12:22.000950Z[0m [34mDEBUG[0m [2mhyper::proto::h1::io[0m[2m:[0m parsed 4 headers
[2m2025-12-10T10:12:22.000972Z[0m [34mDEBUG[0m [2mhyper::proto::h1::conn[0m[2m:[0m incoming body is content-length (45 bytes)
[2m2025-12-10T10:12:22.000995Z[0m [34mDEBUG[0m [2mhyper::proto::h1::conn[0m[2m:[0m incoming body completed
[2m2025-12-10T10:12:22.001008Z[0m [34mDEBUG[0m [2mhyper::client::pool[0m[2m:[0m pooling idle connection for ("http", 192.168.0.14:8545)
[2m2025-12-10T10:12:22.054836Z[0m [34mDEBUG[0m [2methereum_transaction_pool_monitor::eth_client[0m[2m:[0m 📨 Received WebSocket message: {"jsonrpc":"2.0","method":"eth_subscription","params":{"subscription":"0xbed0a0851463e895960a451075a301a9","result":"0x76e418fe306a08b078720abc605f1d1d5e01db7e465b3a13b2d158bb2a0b411b"}}
[2m2025-12-10T10:12:22.054859Z[0m [34mDEBUG[0m [2methereum_transaction_pool_monitor::eth_client[0m[2m:[0m 📨 Received pending transaction: 0x76e418fe306a08b078720abc605f1d1d5e01db7e465b3a13b2d158bb2a0b411b
[2m2025-12-10T10:12:22.054869Z[0m [34mDEBUG[0m [2methereum_transaction_pool_monitor::mempool_monitor[0m[2m:[0m 📨 Processing new pending transaction: 0x76e418fe306a08b078720abc605f1d1d5e01db7e465b3a13b2d158bb2a0b411b
[2m2025-12-10T10:12:22.054875Z[0m [34mDEBUG[0m [2methereum_transaction_pool_monitor::mempool_monitor[0m[2m:[0m 🔍 Fetching transaction details for: 0x76e418fe306a08b078720abc605f1d1d5e01db7e465b3a13b2d158bb2a0b411b
[2m2025-12-10T10:12:22.054879Z[0m [34mDEBUG[0m [2methereum_transaction_pool_monitor::eth_client[0m[2m:[0m 🔍 Fetching transaction details for hash: 0x76e418fe306a08b078720abc605f1d1d5e01db7e465b3a13b2d158bb2a0b411b
[2m2025-12-10T10:12:22.054898Z[0m [34mDEBUG[0m [2mhyper::client::pool[0m[2m:[0m reuse idle connection for ("http", 192.168.0.14:8545)
[2m2025-12-10T10:12:22.054926Z[0m [34mDEBUG[0m [2mhyper::proto::h1::io[0m[2m:[0m flushed 250 bytes
[2m2025-12-10T10:12:22.063246Z[0m [34mDEBUG[0m [2mhyper::proto::h1::io[0m[2m:[0m parsed 4 headers
[2m2025-12-10T10:12:22.063257Z[0m [34mDEBUG[0m [2mhyper::proto::h1::conn[0m[2m:[0m incoming body is content-length (772 bytes)
[2m2025-12-10T10:12:22.063265Z[0m [34mDEBUG[0m [2mhyper::proto::h1::conn[0m[2m:[0m incoming body completed
[2m2025-12-10T10:12:22.063274Z[0m [34mDEBUG[0m [2mhyper::client::pool[0m[2m:[0m pooling idle connection for ("http", 192.168.0.14:8545)
[2m2025-12-10T10:12:22.063281Z[0m [34mDEBUG[0m [2methereum_transaction_pool_monitor::eth_client[0m[2m:[0m 📡 Transaction fetch RPC completed in 8.39675ms
[2m2025-12-10T10:12:22.135004Z[0m [34mDEBUG[0m [2methereum_transaction_pool_monitor::eth_client[0m[2m:[0m ✅ Transaction 0x76e418fe306a08b078720abc605f1d1d5e01db7e465b3a13b2d158bb2a0b411b fetched and parsed in 80.1165ms
[2m2025-12-10T10:12:22.135036Z[0m [34mDEBUG[0m [2methereum_transaction_pool_monitor::mempool_monitor[0m[2m:[0m 🔍 Skipping tx 0x76e418fe306a08b078720abc605f1d1d5e01db7e465b3a13b2d158bb2a0b411b - not a DEX interaction (target: 0xDCD0f5ab30856F28385F641580Bbd85f88349124)
[2m2025-12-10T10:12:22.135119Z[0m [34mDEBUG[0m [2mhyper::client::pool[0m[2m:[0m reuse idle connection for ("http", 192.168.0.14:8545)
[2m2025-12-10T10:12:22.135156Z[0m [34mDEBUG[0m [2mhyper::proto::h1::io[0m[2m:[0m flushed 172 bytes
[2m2025-12-10T10:12:22.135162Z[0m [34mDEBUG[0m [2methereum_transaction_pool_monitor::eth_client[0m[2m:[0m 📨 Received WebSocket message: {"jsonrpc":"2.0","method":"eth_subscription","params":{"subscription":"0xbed0a0851463e895960a451075a301a9","result":"0x4aa232ef770680f771efa6494ddc9a3ad1740a99f73bb7c5dea9682cf8b9c250"}}
[2m2025-12-10T10:12:22.135181Z[0m [34mDEBUG[0m [2methereum_transaction_pool_monitor::eth_client[0m[2m:[0m 📨 Received pending transaction: 0x4aa232ef770680f771efa6494ddc9a3ad1740a99f73bb7c5dea9682cf8b9c250
[2m2025-12-10T10:12:22.135188Z[0m [34mDEBUG[0m [2methereum_transaction_pool_monitor::mempool_monitor[0m[2m:[0m 📨 Processing new pending transaction: 0x4aa232ef770680f771efa6494ddc9a3ad1740a99f73bb7c5dea9682cf8b9c250
[2m2025-12-10T10:12:22.135260Z[0m [34mDEBUG[0m [2methereum_transaction_pool_monitor::mempool_monitor[0m[2m:[0m 🔍 Fetching transaction details for: 0x4aa232ef770680f771efa6494ddc9a3ad1740a99f73bb7c5dea9682cf8b9c250
[2m2025-12-10T10:12:22.135266Z[0m [34mDEBUG[0m [2methereum_transaction_pool_monitor::eth_client[0m[2m:[0m 🔍 Fetching transaction details for hash: 0x4aa232ef770680f771efa6494ddc9a3ad1740a99f73bb7c5dea9682cf8b9c250
[2m2025-12-10T10:12:22.135275Z[0m [34mDEBUG[0m [2mhyper::client::pool[0m[2m:[0m reuse idle connection for ("http", 192.168.0.14:8545)
[2m2025-12-10T10:12:22.135288Z[0m [34mDEBUG[0m [2mhyper::proto::h1::io[0m[2m:[0m flushed 250 bytes
[2m2025-12-10T10:12:22.139945Z[0m [34mDEBUG[0m [2mhyper::proto::h1::io[0m[2m:[0m parsed 4 headers
[2m2025-12-10T10:12:22.139974Z[0m [34mDEBUG[0m [2mhyper::proto::h1::conn[0m[2m:[0m incoming body is content-length (45 bytes)
[2m2025-12-10T10:12:22.140003Z[0m [34mDEBUG[0m [2mhyper::proto::h1::conn[0m[2m:[0m incoming body completed
[2m2025-12-10T10:12:22.140013Z[0m [34mDEBUG[0m [2mhyper::client::pool[0m[2m:[0m pooling idle connection for ("http", 192.168.0.14:8545)
[2m2025-12-10T10:12:22.140758Z[0m [34mDEBUG[0m [2mhyper::proto::h1::io[0m[2m:[0m parsed 4 headers
[2m2025-12-10T10:12:22.140788Z[0m [34mDEBUG[0m [2mhyper::proto::h1::conn[0m[2m:[0m incoming body is content-length (830 bytes)
[2m2025-12-10T10:12:22.140804Z[0m [34mDEBUG[0m [2mhyper::proto::h1::conn[0m[2m:[0m incoming body completed
[2m2025-12-10T10:12:22.140810Z[0m [34mDEBUG[0m [2mhyper::client::pool[0m[2m:[0m pooling idle connection for ("http", 192.168.0.14:8545)
[2m2025-12-10T10:12:22.140816Z[0m [34mDEBUG[0m [2methereum_transaction_pool_monitor::eth_client[0m[2m:[0m 📡 Transaction fetch RPC completed in 5.546166ms
[2m2025-12-10T10:12:22.212424Z[0m [34mDEBUG[0m [2methereum_transaction_pool_monitor::eth_client[0m[2m:[0m ✅ Transaction 0x4aa232ef770680f771efa6494ddc9a3ad1740a99f73bb7c5dea9682cf8b9c250 fetched and parsed in 77.15225ms
[2m2025-12-10T10:12:22.212449Z[0m [34mDEBUG[0m [2methereum_transaction_pool_monitor::mempool_monitor[0m[2m:[0m 🔍 Skipping tx 0x4aa232ef770680f771efa6494ddc9a3ad1740a99f73bb7c5dea9682cf8b9c250 - not a DEX interaction (target: 0x3B4D794a66304F130a4Db8F2551B0070dfCf5ca7)
[2m2025-12-10T10:12:22.212492Z[0m [34mDEBUG[0m [2mhyper::client::pool[0m[2m:[0m reuse idle connection for ("http", 192.168.0.14:8545)
[2m2025-12-10T10:12:22.212533Z[0m [34mDEBUG[0m [2mhyper::proto::h1::io[0m[2m:[0m flushed 172 bytes
[2m2025-12-10T10:12:22.216279Z[0m [34mDEBUG[0m [2mhyper::proto::h1::io[0m[2m:[0m parsed 4 headers
[2m2025-12-10T10:12:22.216284Z[0m [34mDEBUG[0m [2mhyper::proto::h1::conn[0m[2m:[0m incoming body is content-length (45 bytes)
[2m2025-12-10T10:12:22.216290Z[0m [34mDEBUG[0m [2mhyper::proto::h1::conn[0m[2m:[0m incoming body completed
[2m2025-12-10T10:12:22.216298Z[0m [34mDEBUG[0m [2mhyper::client::pool[0m[2m:[0m pooling idle connection for ("http", 192.168.0.14:8545)
[2m2025-12-10T10:12:22.298601Z[0m [34mDEBUG[0m [2mhyper::client::pool[0m[2m:[0m reuse idle connection for ("http", 192.168.0.14:8545)
[2m2025-12-10T10:12:22.298663Z[0m [34mDEBUG[0m [2mhyper::proto::h1::io[0m[2m:[0m flushed 172 bytes
[2m2025-12-10T10:12:22.302346Z[0m [34mDEBUG[0m [2mhyper::proto::h1::io[0m[2m:[0m parsed 4 headers
[2m2025-12-10T10:12:22.302366Z[0m [34mDEBUG[0m [2mhyper::proto::h1::conn[0m[2m:[0m incoming body is content-length (45 bytes)
[2m2025-12-10T10:12:22.302384Z[0m [34mDEBUG[0m [2mhyper::proto::h1::conn[0m[2m:[0m incoming body completed
[2m2025-12-10T10:12:22.302397Z[0m [34mDEBUG[0m [2mhyper::client::pool[0m[2m:[0m pooling idle connection for ("http", 192.168.0.14:8545)
[2m2025-12-10T10:12:22.326617Z[0m [34mDEBUG[0m [2methereum_transaction_pool_monitor::eth_client[0m[2m:[0m 📨 Received WebSocket message: {"jsonrpc":"2.0","method":"eth_subscription","params":{"subscription":"0xbed0a0851463e895960a451075a301a9","result":"0x6b231e710f51990217463c1758b83a1a6d3edf334e70349ffc8966b1819d19e8"}}
[2m2025-12-10T10:12:22.326637Z[0m [34mDEBUG[0m [2methereum_transaction_pool_monitor::eth_client[0m[2m:[0m 📨 Received pending transaction: 0x6b231e710f51990217463c1758b83a1a6d3edf334e70349ffc8966b1819d19e8
[2m2025-12-10T10:12:22.326643Z[0m [34mDEBUG[0m [2methereum_transaction_pool_monitor::eth_client[0m[2m:[0m 📨 Received WebSocket message: {"jsonrpc":"2.0","method":"eth_subscription","params":{"subscription":"0xbed0a0851463e895960a451075a301a9","result":"0x5b282f7c5f90e3bad51d4ca6844948fa31162d3739936b79f4243a164020a647"}}
[2m2025-12-10T10:12:22.326648Z[0m [34mDEBUG[0m [2methereum_transaction_pool_monitor::eth_client[0m[2m:[0m 📨 Received pending transaction: 0x5b282f7c5f90e3bad51d4ca6844948fa31162d3739936b79f4243a164020a647
[2m2025-12-10T10:12:22.326655Z[0m [34mDEBUG[0m [2methereum_transaction_pool_monitor::mempool_monitor[0m[2m:[0m 📨 Processing new pending transaction: 0x6b231e710f51990217463c1758b83a1a6d3edf334e70349ffc8966b1819d19e8
[2m2025-12-10T10:12:22.326664Z[0m [34mDEBUG[0m [2methereum_transaction_pool_monitor::mempool_monitor[0m[2m:[0m 🔍 Fetching transaction details for: 0x6b231e710f51990217463c1758b83a1a6d3edf334e70349ffc8966b1819d19e8
[2m2025-12-10T10:12:22.326668Z[0m [34mDEBUG[0m [2methereum_transaction_pool_monitor::eth_client[0m[2m:[0m 🔍 Fetching transaction details for hash: 0x6b231e710f51990217463c1758b83a1a6d3edf334e70349ffc8966b1819d19e8
[2m2025-12-10T10:12:22.326683Z[0m [34mDEBUG[0m [2mhyper::client::pool[0m[2m:[0m reuse idle connection for ("http", 192.168.0.14:8545)
[2m2025-12-10T10:12:22.326704Z[0m [34mDEBUG[0m [2mhyper::proto::h1::io[0m[2m:[0m flushed 250 bytes
[2m2025-12-10T10:12:22.327740Z[0m [34mDEBUG[0m [2methereum_transaction_pool_monitor::eth_client[0m[2m:[0m 📨 Received WebSocket message: {"jsonrpc":"2.0","method":"eth_subscription","params":{"subscription":"0xbed0a0851463e895960a451075a301a9","result":"0x6e0930c805ad1281572e212bd5006f230a1245940cdee175a59109b93b63eb8e"}}
[2m2025-12-10T10:12:22.327748Z[0m [34mDEBUG[0m [2methereum_transaction_pool_monitor::eth_client[0m[2m:[0m 📨 Received pending transaction: 0x6e0930c805ad1281572e212bd5006f230a1245940cdee175a59109b93b63eb8e
[2m2025-12-10T10:12:22.338924Z[0m [34mDEBUG[0m [2mhyper::proto::h1::io[0m[2m:[0m parsed 4 headers
[2m2025-12-10T10:12:22.338933Z[0m [34mDEBUG[0m [2mhyper::proto::h1::conn[0m[2m:[0m incoming body is content-length (3025 bytes)
[2m2025-12-10T10:12:22.338943Z[0m [34mDEBUG[0m [2mhyper::proto::h1::conn[0m[2m:[0m incoming body completed
[2m2025-12-10T10:12:22.338960Z[0m [34mDEBUG[0m [2mhyper::client::pool[0m[2m:[0m pooling idle connection for ("http", 192.168.0.14:8545)
[2m2025-12-10T10:12:22.338969Z[0m [34mDEBUG[0m [2methereum_transaction_pool_monitor::eth_client[0m[2m:[0m 📡 Transaction fetch RPC completed in 12.298084ms
[2m2025-12-10T10:12:22.419088Z[0m [34mDEBUG[0m [2methereum_transaction_pool_monitor::eth_client[0m[2m:[0m ✅ Transaction 0x6b231e710f51990217463c1758b83a1a6d3edf334e70349ffc8966b1819d19e8 fetched and parsed in 92.4145ms
[2m2025-12-10T10:12:22.419110Z[0m [34mDEBUG[0m [2methereum_transaction_pool_monitor::mempool_monitor[0m[2m:[0m 🔍 Skipping tx 0x6b231e710f51990217463c1758b83a1a6d3edf334e70349ffc8966b1819d19e8 - not a DEX interaction (target: 0xF338cad020D506e8e3d9B4854986E0EcE6C23640)
[2m2025-12-10T10:12:22.419121Z[0m [34mDEBUG[0m [2methereum_transaction_pool_monitor::mempool_monitor[0m[2m:[0m 📨 Processing new pending transaction: 0x5b282f7c5f90e3bad51d4ca6844948fa31162d3739936b79f4243a164020a647
[2m2025-12-10T10:12:22.419126Z[0m [34mDEBUG[0m [2methereum_transaction_pool_monitor::mempool_monitor[0m[2m:[0m 🔍 Fetching transaction details for: 0x5b282f7c5f90e3bad51d4ca6844948fa31162d3739936b79f4243a164020a647
[2m2025-12-10T10:12:22.419130Z[0m [34mDEBUG[0m [2methereum_transaction_pool_monitor::eth_client[0m[2m:[0m 🔍 Fetching transaction details for hash: 0x5b282f7c5f90e3bad51d4ca6844948fa31162d3739936b79f4243a164020a647
[2m2025-12-10T10:12:22.419152Z[0m [34mDEBUG[0m [2mhyper::client::pool[0m[2m:[0m reuse idle connection for ("http", 192.168.0.14:8545)
[2m2025-12-10T10:12:22.419181Z[0m [34mDEBUG[0m [2mhyper::proto::h1::io[0m[2m:[0m flushed 250 bytes
[2m2025-12-10T10:12:22.419200Z[0m [34mDEBUG[0m [2mhyper::client::pool[0m[2m:[0m reuse idle connection for ("http", 192.168.0.14:8545)
[2m2025-12-10T10:12:22.419207Z[0m [34mDEBUG[0m [2methereum_transaction_pool_monitor::eth_client[0m[2m:[0m 📨 Received WebSocket message: {"jsonrpc":"2.0","method":"eth_subscription","params":{"subscription":"0xbed0a0851463e895960a451075a301a9","result":"0x3383cbd54e100c8cd08a2a5ca7dd301e92a04cb8eb62294d2918a0a57a9ca686"}}
[2m2025-12-10T10:12:22.419215Z[0m [34mDEBUG[0m [2mhyper::proto::h1::io[0m[2m:[0m flushed 172 bytes
[2m2025-12-10T10:12:22.419218Z[0m [34mDEBUG[0m [2methereum_transaction_pool_monitor::eth_client[0m[2m:[0m 📨 Received pending transaction: 0x3383cbd54e100c8cd08a2a5ca7dd301e92a04cb8eb62294d2918a0a57a9ca686
[2m2025-12-10T10:12:22.419225Z[0m [34mDEBUG[0m [2methereum_transaction_pool_monitor::eth_client[0m[2m:[0m 📨 Received WebSocket message: {"jsonrpc":"2.0","method":"eth_subscription","params":{"subscription":"0xbed0a0851463e895960a451075a301a9","result":"0x959d18d65c0b96aca2df5d52c77f2243e45ccf2e151292db553746c5fbced4ef"}}
[2m2025-12-10T10:12:22.419231Z[0m [34mDEBUG[0m [2methereum_transaction_pool_monitor::eth_client[0m[2m:[0m 📨 Received pending transaction: 0x959d18d65c0b96aca2df5d52c77f2243e45ccf2e151292db553746c5fbced4ef
[2m2025-12-10T10:12:22.419236Z[0m [34mDEBUG[0m [2methereum_transaction_pool_monitor::eth_client[0m[2m:[0m 📨 Received WebSocket message: {"jsonrpc":"2.0","method":"eth_subscription","params":{"subscription":"0xbed0a0851463e895960a451075a301a9","result":"0xdc2aa9fc71eae235d0f7d36365e36f3f4dd801decd5dd34ba62b13d66fd0e8df"}}
[2m2025-12-10T10:12:22.419242Z[0m [34mDEBUG[0m [2methereum_transaction_pool_monitor::eth_client[0m[2m:[0m 📨 Received pending transaction: 0xdc2aa9fc71eae235d0f7d36365e36f3f4dd801decd5dd34ba62b13d66fd0e8df
[2m2025-12-10T10:12:22.423218Z[0m [34mDEBUG[0m [2mhyper::proto::h1::io[0m[2m:[0m parsed 4 headers
[2m2025-12-10T10:12:22.423241Z[0m [34mDEBUG[0m [2mhyper::proto::h1::conn[0m[2m:[0m incoming body is content-length (766 bytes)
[2m2025-12-10T10:12:22.423251Z[0m [34mDEBUG[0m [2mhyper::proto::h1::conn[0m[2m:[0m incoming body completed
[2m2025-12-10T10:12:22.423263Z[0m [34mDEBUG[0m [2mhyper::client::pool[0m[2m:[0m pooling idle connection for ("http", 192.168.0.14:8545)
[2m2025-12-10T10:12:22.423284Z[0m [34mDEBUG[0m [2methereum_transaction_pool_monitor::eth_client[0m[2m:[0m 📡 Transaction fetch RPC completed in 4.150125ms
[2m2025-12-10T10:12:22.423298Z[0m [34mDEBUG[0m [2methereum_transaction_pool_monitor::eth_client[0m[2m:[0m DeFi transaction detected - Address: 0xdac17f958d2ee523a2206206994597c13d831ec7, Type: Stablecoin, Value: 0 ETH, Gas: 0.34 Gwei
[2m2025-12-10T10:12:22.423309Z[0m [34mDEBUG[0m [2methereum_transaction_pool_monitor::eth_client[0m[2m:[0m ✅ Transaction 0x5b282f7c5f90e3bad51d4ca6844948fa31162d3739936b79f4243a164020a647 fetched and parsed in 4.175667ms
[2m2025-12-10T10:12:22.423314Z[0m [34mDEBUG[0m [2methereum_transaction_pool_monitor::mempool_monitor[0m[2m:[0m 🔍 Skipping tx 0x5b282f7c5f90e3bad51d4ca6844948fa31162d3739936b79f4243a164020a647 - not a DEX interaction (target: 0xdAC17F958D2ee523a2206206994597C13D831ec7)
[2m2025-12-10T10:12:22.423319Z[0m [34mDEBUG[0m [2methereum_transaction_pool_monitor::mempool_monitor[0m[2m:[0m 📨 Processing new pending transaction: 0x6e0930c805ad1281572e212bd5006f230a1245940cdee175a59109b93b63eb8e
[2m2025-12-10T10:12:22.423322Z[0m [34mDEBUG[0m [2methereum_transaction_pool_monitor::mempool_monitor[0m[2m:[0m 🔍 Fetching transaction details for: 0x6e0930c805ad1281572e212bd5006f230a1245940cdee175a59109b93b63eb8e
[2m2025-12-10T10:12:22.423326Z[0m [34mDEBUG[0m [2methereum_transaction_pool_monitor::eth_client[0m[2m:[0m 🔍 Fetching transaction details for hash: 0x6e0930c805ad1281572e212bd5006f230a1245940cdee175a59109b93b63eb8e
[2m2025-12-10T10:12:22.423332Z[0m [34mDEBUG[0m [2mhyper::client::pool[0m[2m:[0m reuse idle connection for ("http", 192.168.0.14:8545)
[2m2025-12-10T10:12:22.423344Z[0m [34mDEBUG[0m [2mhyper::proto::h1::io[0m[2m:[0m flushed 250 bytes
[2m2025-12-10T10:12:22.423849Z[0m [34mDEBUG[0m [2mhyper::proto::h1::io[0m[2m:[0m parsed 4 headers
[2m2025-12-10T10:12:22.423854Z[0m [34mDEBUG[0m [2mhyper::proto::h1::conn[0m[2m:[0m incoming body is content-length (45 bytes)
[2m2025-12-10T10:12:22.423858Z[0m [34mDEBUG[0m [2mhyper::proto::h1::conn[0m[2m:[0m incoming body completed
[2m2025-12-10T10:12:22.423862Z[0m [34mDEBUG[0m [2mhyper::client::pool[0m[2m:[0m pooling idle connection for ("http", 192.168.0.14:8545)
[2m2025-12-10T10:12:22.427702Z[0m [34mDEBUG[0m [2mhyper::proto::h1::io[0m[2m:[0m parsed 4 headers
[2m2025-12-10T10:12:22.427708Z[0m [34mDEBUG[0m [2mhyper::proto::h1::conn[0m[2m:[0m incoming body is content-length (1218 bytes)
[2m2025-12-10T10:12:22.427712Z[0m [34mDEBUG[0m [2mhyper::proto::h1::conn[0m[2m:[0m incoming body completed
[2m2025-12-10T10:12:22.427717Z[0m [34mDEBUG[0m [2mhyper::client::pool[0m[2m:[0m pooling idle connection for ("http", 192.168.0.14:8545)
[2m2025-12-10T10:12:22.427721Z[0m [34mDEBUG[0m [2methereum_transaction_pool_monitor::eth_client[0m[2m:[0m 📡 Transaction fetch RPC completed in 4.392083ms
[2m2025-12-10T10:12:22.498888Z[0m [34mDEBUG[0m [2methereum_transaction_pool_monitor::eth_client[0m[2m:[0m ✅ Transaction 0x6e0930c805ad1281572e212bd5006f230a1245940cdee175a59109b93b63eb8e fetched and parsed in 75.557417ms
[2m2025-12-10T10:12:22.498916Z[0m [34mDEBUG[0m [2methereum_transaction_pool_monitor::mempool_monitor[0m[2m:[0m 🔍 Skipping tx 0x6e0930c805ad1281572e212bd5006f230a1245940cdee175a59109b93b63eb8e - not a DEX interaction (target: 0xF6801D319497789f934ec7F83E142a9536312B08)
[2m2025-12-10T10:12:22.498925Z[0m [34mDEBUG[0m [2methereum_transaction_pool_monitor::mempool_monitor[0m[2m:[0m 📨 Processing new pending transaction: 0x3383cbd54e100c8cd08a2a5ca7dd301e92a04cb8eb62294d2918a0a57a9ca686
[2m2025-12-10T10:12:22.498931Z[0m [34mDEBUG[0m [2methereum_transaction_pool_monitor::mempool_monitor[0m[2m:[0m 🔍 Fetching transaction details for: 0x3383cbd54e100c8cd08a2a5ca7dd301e92a04cb8eb62294d2918a0a57a9ca686
[2m2025-12-10T10:12:22.498936Z[0m [34mDEBUG[0m [2methereum_transaction_pool_monitor::eth_client[0m[2m:[0m 🔍 Fetching transaction details for hash: 0x3383cbd54e100c8cd08a2a5ca7dd301e92a04cb8eb62294d2918a0a57a9ca686
[2m2025-12-10T10:12:22.498955Z[0m [34mDEBUG[0m [2mhyper::client::pool[0m[2m:[0m reuse idle connection for ("http", 192.168.0.14:8545)
[2m2025-12-10T10:12:22.498992Z[0m [34mDEBUG[0m [2mhyper::proto::h1::io[0m[2m:[0m flushed 250 bytes
[2m2025-12-10T10:12:22.503311Z[0m [34mDEBUG[0m [2mhyper::client::pool[0m[2m:[0m reuse idle connection for ("http", 192.168.0.14:8545)
[2m2025-12-10T10:12:22.503325Z[0m [34mDEBUG[0m [2methereum_transaction_pool_monitor::eth_client[0m[2m:[0m 📨 Received WebSocket message: {"jsonrpc":"2.0","method":"eth_subscription","params":{"subscription":"0xbed0a0851463e895960a451075a301a9","result":"0xb7604d9bf68a60d704831e59e79b6bb4318155b51a105cf2c089057645f602c9"}}
[2m2025-12-10T10:12:22.503330Z[0m [34mDEBUG[0m [2mhyper::proto::h1::io[0m[2m:[0m flushed 172 bytes
[2m2025-12-10T10:12:22.503341Z[0m [34mDEBUG[0m [2methereum_transaction_pool_monitor::eth_client[0m[2m:[0m 📨 Received pending transaction: 0xb7604d9bf68a60d704831e59e79b6bb4318155b51a105cf2c089057645f602c9
[2m2025-12-10T10:12:22.503349Z[0m [34mDEBUG[0m [2methereum_transaction_pool_monitor::eth_client[0m[2m:[0m 📨 Received WebSocket message: {"jsonrpc":"2.0","method":"eth_subscription","params":{"subscription":"0xbed0a0851463e895960a451075a301a9","result":"0xead9b1084ed38167831f58856bcaed9b10cc7765168824c3c632c25c174ff9ae"}}
[2m2025-12-10T10:12:22.503435Z[0m [34mDEBUG[0m [2methereum_transaction_pool_monitor::eth_client[0m[2m:[0m 📨 Received pending transaction: 0xead9b1084ed38167831f58856bcaed9b10cc7765168824c3c632c25c174ff9ae
[2m2025-12-10T10:12:22.503495Z[0m [34mDEBUG[0m [2mhyper::proto::h1::io[0m[2m:[0m parsed 4 headers
[2m2025-12-10T10:12:22.503502Z[0m [34mDEBUG[0m [2mhyper::proto::h1::conn[0m[2m:[0m incoming body is content-length (770 bytes)
[2m2025-12-10T10:12:22.503508Z[0m [34mDEBUG[0m [2mhyper::proto::h1::conn[0m[2m:[0m incoming body completed
[2m2025-12-10T10:12:22.503515Z[0m [34mDEBUG[0m [2mhyper::client::pool[0m[2m:[0m pooling idle connection for ("http", 192.168.0.14:8545)
[2m2025-12-10T10:12:22.503520Z[0m [34mDEBUG[0m [2methereum_transaction_pool_monitor::eth_client[0m[2m:[0m 📡 Transaction fetch RPC completed in 4.579541ms
[2m2025-12-10T10:12:22.574761Z[0m [34mDEBUG[0m [2methereum_transaction_pool_monitor::eth_client[0m[2m:[0m ✅ Transaction 0x3383cbd54e100c8cd08a2a5ca7dd301e92a04cb8eb62294d2918a0a57a9ca686 fetched and parsed in 75.817458ms
[2m2025-12-10T10:12:22.574791Z[0m [34mDEBUG[0m [2methereum_transaction_pool_monitor::mempool_monitor[0m[2m:[0m 🔍 Skipping tx 0x3383cbd54e100c8cd08a2a5ca7dd301e92a04cb8eb62294d2918a0a57a9ca686 - not a DEX interaction (target: 0xA0b86991c6218b36c1d19D4a2e9Eb0cE3606eB48)
[2m2025-12-10T10:12:22.574801Z[0m [34mDEBUG[0m [2methereum_transaction_pool_monitor::mempool_monitor[0m[2m:[0m 📨 Processing new pending transaction: 0x959d18d65c0b96aca2df5d52c77f2243e45ccf2e151292db553746c5fbced4ef
[2m2025-12-10T10:12:22.574807Z[0m [34mDEBUG[0m [2methereum_transaction_pool_monitor::mempool_monitor[0m[2m:[0m 🔍 Fetching transaction details for: 0x959d18d65c0b96aca2df5d52c77f2243e45ccf2e151292db553746c5fbced4ef
[2m2025-12-10T10:12:22.574811Z[0m [34mDEBUG[0m [2methereum_transaction_pool_monitor::eth_client[0m[2m:[0m 🔍 Fetching transaction details for hash: 0x959d18d65c0b96aca2df5d52c77f2243e45ccf2e151292db553746c5fbced4ef
[2m2025-12-10T10:12:22.574828Z[0m [34mDEBUG[0m [2mhyper::client::pool[0m[2m:[0m reuse idle connection for ("http", 192.168.0.14:8545)
[2m2025-12-10T10:12:22.574866Z[0m [34mDEBUG[0m [2mhyper::proto::h1::io[0m[2m:[0m flushed 250 bytes
[2m2025-12-10T10:12:22.574884Z[0m [34mDEBUG[0m [2mhyper::proto::h1::io[0m[2m:[0m parsed 4 headers
[2m2025-12-10T10:12:22.574890Z[0m [34mDEBUG[0m [2mhyper::proto::h1::conn[0m[2m:[0m incoming body is content-length (45 bytes)
[2m2025-12-10T10:12:22.574897Z[0m [34mDEBUG[0m [2mhyper::proto::h1::conn[0m[2m:[0m incoming body completed
[2m2025-12-10T10:12:22.574906Z[0m [34mDEBUG[0m [2mhyper::client::pool[0m[2m:[0m pooling idle connection for ("http", 192.168.0.14:8545)
[2m2025-12-10T10:12:22.582106Z[0m [34mDEBUG[0m [2mhyper::proto::h1::io[0m[2m:[0m parsed 4 headers
[2m2025-12-10T10:12:22.582126Z[0m [34mDEBUG[0m [2mhyper::proto::h1::conn[0m[2m:[0m incoming body is content-length (1218 bytes)
[2m2025-12-10T10:12:22.582142Z[0m [34mDEBUG[0m [2mhyper::proto::h1::conn[0m[2m:[0m incoming body completed
[2m2025-12-10T10:12:22.582162Z[0m [34mDEBUG[0m [2mhyper::client::pool[0m[2m:[0m pooling idle connection for ("http", 192.168.0.14:8545)
[2m2025-12-10T10:12:22.582166Z[0m [34mDEBUG[0m [2methereum_transaction_pool_monitor::eth_client[0m[2m:[0m 📡 Transaction fetch RPC completed in 7.351792ms
[2m2025-12-10T10:12:22.652385Z[0m [34mDEBUG[0m [2methereum_transaction_pool_monitor::eth_client[0m[2m:[0m ✅ Transaction 0x959d18d65c0b96aca2df5d52c77f2243e45ccf2e151292db553746c5fbced4ef fetched and parsed in 77.56875ms
[2m2025-12-10T10:12:22.652409Z[0m [34mDEBUG[0m [2methereum_transaction_pool_monitor::mempool_monitor[0m[2m:[0m 🔍 Skipping tx 0x959d18d65c0b96aca2df5d52c77f2243e45ccf2e151292db553746c5fbced4ef - not a DEX interaction (target: 0xF6801D319497789f934ec7F83E142a9536312B08)
[2m2025-12-10T10:12:22.652419Z[0m [34mDEBUG[0m [2methereum_transaction_pool_monitor::mempool_monitor[0m[2m:[0m 📨 Processing new pending transaction: 0xdc2aa9fc71eae235d0f7d36365e36f3f4dd801decd5dd34ba62b13d66fd0e8df
[2m2025-12-10T10:12:22.652425Z[0m [34mDEBUG[0m [2methereum_transaction_pool_monitor::mempool_monitor[0m[2m:[0m 🔍 Fetching transaction details for: 0xdc2aa9fc71eae235d0f7d36365e36f3f4dd801decd5dd34ba62b13d66fd0e8df
[2m2025-12-10T10:12:22.652429Z[0m [34mDEBUG[0m [2methereum_transaction_pool_monitor::eth_client[0m[2m:[0m 🔍 Fetching transaction details for hash: 0xdc2aa9fc71eae235d0f7d36365e36f3f4dd801decd5dd34ba62b13d66fd0e8df
[2m2025-12-10T10:12:22.652446Z[0m [34mDEBUG[0m [2mhyper::client::pool[0m[2m:[0m reuse idle connection for ("http", 192.168.0.14:8545)
[2m2025-12-10T10:12:22.652483Z[0m [34mDEBUG[0m [2mhyper::proto::h1::io[0m[2m:[0m flushed 250 bytes
[2m2025-12-10T10:12:22.652502Z[0m [34mDEBUG[0m [2mhyper::client::pool[0m[2m:[0m reuse idle connection for ("http", 192.168.0.14:8545)
[2m2025-12-10T10:12:22.652513Z[0m [34mDEBUG[0m [2methereum_transaction_pool_monitor::eth_client[0m[2m:[0m 📨 Received WebSocket message: {"jsonrpc":"2.0","method":"eth_subscription","params":{"subscription":"0xbed0a0851463e895960a451075a301a9","result":"0x5a1dfde18633ac0b204c5d5acabd9d38bef261de5c4c0b8cf3c89dd267d37bc6"}}
[2m2025-12-10T10:12:22.652515Z[0m [34mDEBUG[0m [2mhyper::proto::h1::io[0m[2m:[0m flushed 172 bytes
[2m2025-12-10T10:12:22.652525Z[0m [34mDEBUG[0m [2methereum_transaction_pool_monitor::eth_client[0m[2m:[0m 📨 Received pending transaction: 0x5a1dfde18633ac0b204c5d5acabd9d38bef261de5c4c0b8cf3c89dd267d37bc6
[2m2025-12-10T10:12:22.656703Z[0m [34mDEBUG[0m [2mhyper::proto::h1::io[0m[2m:[0m parsed 4 headers
[2m2025-12-10T10:12:22.656713Z[0m [34mDEBUG[0m [2mhyper::proto::h1::conn[0m[2m:[0m incoming body is content-length (45 bytes)
[2m2025-12-10T10:12:22.656723Z[0m [34mDEBUG[0m [2mhyper::proto::h1::conn[0m[2m:[0m incoming body completed
[2m2025-12-10T10:12:22.656734Z[0m [34mDEBUG[0m [2mhyper::client::pool[0m[2m:[0m pooling idle connection for ("http", 192.168.0.14:8545)
[2m2025-12-10T10:12:22.662178Z[0m [34mDEBUG[0m [2mhyper::proto::h1::io[0m[2m:[0m parsed 4 headers
[2m2025-12-10T10:12:22.662183Z[0m [34mDEBUG[0m [2mhyper::proto::h1::conn[0m[2m:[0m incoming body is content-length (675 bytes)
[2m2025-12-10T10:12:22.662188Z[0m [34mDEBUG[0m [2mhyper::proto::h1::conn[0m[2m:[0m incoming body completed
[2m2025-12-10T10:12:22.662193Z[0m [34mDEBUG[0m [2mhyper::client::pool[0m[2m:[0m pooling idle connection for ("http", 192.168.0.14:8545)
[2m2025-12-10T10:12:22.662198Z[0m [34mDEBUG[0m [2methereum_transaction_pool_monitor::eth_client[0m[2m:[0m 📡 Transaction fetch RPC completed in 9.765167ms
[2m2025-12-10T10:12:22.731990Z[0m [34mDEBUG[0m [2methereum_transaction_pool_monitor::eth_client[0m[2m:[0m ✅ Transaction 0xdc2aa9fc71eae235d0f7d36365e36f3f4dd801decd5dd34ba62b13d66fd0e8df fetched and parsed in 79.55575ms
[2m2025-12-10T10:12:22.732018Z[0m [34mDEBUG[0m [2methereum_transaction_pool_monitor::mempool_monitor[0m[2m:[0m 🔍 Skipping tx 0xdc2aa9fc71eae235d0f7d36365e36f3f4dd801decd5dd34ba62b13d66fd0e8df - not a DEX interaction (target: 0xA0b86991c6218b36c1d19D4a2e9Eb0cE3606eB48)
[2m2025-12-10T10:12:22.732030Z[0m [34mDEBUG[0m [2methereum_transaction_pool_monitor::mempool_monitor[0m[2m:[0m 📨 Processing new pending transaction: 0xb7604d9bf68a60d704831e59e79b6bb4318155b51a105cf2c089057645f602c9
[2m2025-12-10T10:12:22.732038Z[0m [34mDEBUG[0m [2methereum_transaction_pool_monitor::mempool_monitor[0m[2m:[0m 🔍 Fetching transaction details for: 0xb7604d9bf68a60d704831e59e79b6bb4318155b51a105cf2c089057645f602c9
[2m2025-12-10T10:12:22.732044Z[0m [34mDEBUG[0m [2methereum_transaction_pool_monitor::eth_client[0m[2m:[0m 🔍 Fetching transaction details for hash: 0xb7604d9bf68a60d704831e59e79b6bb4318155b51a105cf2c089057645f602c9
[2m2025-12-10T10:12:22.732062Z[0m [34mDEBUG[0m [2mhyper::client::pool[0m[2m:[0m reuse idle connection for ("http", 192.168.0.14:8545)
[2m2025-12-10T10:12:22.732101Z[0m [34mDEBUG[0m [2mhyper::proto::h1::io[0m[2m:[0m flushed 250 bytes
[2m2025-12-10T10:12:22.732129Z[0m [34mDEBUG[0m [2mhyper::client::pool[0m[2m:[0m reuse idle connection for ("http", 192.168.0.14:8545)
[2m2025-12-10T10:12:22.732146Z[0m [34mDEBUG[0m [2mhyper::proto::h1::io[0m[2m:[0m flushed 172 bytes
[2m2025-12-10T10:12:22.735781Z[0m [34mDEBUG[0m [2mhyper::proto::h1::io[0m[2m:[0m parsed 4 headers
[2m2025-12-10T10:12:22.735786Z[0m [34mDEBUG[0m [2mhyper::proto::h1::conn[0m[2m:[0m incoming body is content-length (45 bytes)
[2m2025-12-10T10:12:22.735791Z[0m [34mDEBUG[0m [2mhyper::proto::h1::conn[0m[2m:[0m incoming body completed
[2m2025-12-10T10:12:22.735797Z[0m [34mDEBUG[0m [2mhyper::client::pool[0m[2m:[0m pooling idle connection for ("http", 192.168.0.14:8545)
[2m2025-12-10T10:12:22.735812Z[0m [34mDEBUG[0m [2mhyper::proto::h1::io[0m[2m:[0m parsed 4 headers
[2m2025-12-10T10:12:22.735817Z[0m [34mDEBUG[0m [2mhyper::proto::h1::conn[0m[2m:[0m incoming body is content-length (763 bytes)
[2m2025-12-10T10:12:22.735822Z[0m [34mDEBUG[0m [2mhyper::proto::h1::conn[0m[2m:[0m incoming body completed
[2m2025-12-10T10:12:22.735827Z[0m [34mDEBUG[0m [2mhyper::client::pool[0m[2m:[0m pooling idle connection for ("http", 192.168.0.14:8545)
[2m2025-12-10T10:12:22.735832Z[0m [34mDEBUG[0m [2methereum_transaction_pool_monitor::eth_client[0m[2m:[0m 📡 Transaction fetch RPC completed in 3.781875ms
[2m2025-12-10T10:12:22.806940Z[0m [34mDEBUG[0m [2methereum_transaction_pool_monitor::eth_client[0m[2m:[0m ✅ Transaction 0xb7604d9bf68a60d704831e59e79b6bb4318155b51a105cf2c089057645f602c9 fetched and parsed in 74.887042ms
[2m2025-12-10T10:12:22.806968Z[0m [34mDEBUG[0m [2methereum_transaction_pool_monitor::mempool_monitor[0m[2m:[0m 🔍 Skipping tx 0xb7604d9bf68a60d704831e59e79b6bb4318155b51a105cf2c089057645f602c9 - not a DEX interaction (target: 0xDCD0f5ab30856F28385F641580Bbd85f88349124)
[2m2025-12-10T10:12:22.806982Z[0m [34mDEBUG[0m [2methereum_transaction_pool_monitor::mempool_monitor[0m[2m:[0m 📨 Processing new pending transaction: 0xead9b1084ed38167831f58856bcaed9b10cc7765168824c3c632c25c174ff9ae
[2m2025-12-10T10:12:22.806990Z[0m [34mDEBUG[0m [2methereum_transaction_pool_monitor::mempool_monitor[0m[2m:[0m 🔍 Fetching transaction details for: 0xead9b1084ed38167831f58856bcaed9b10cc7765168824c3c632c25c174ff9ae
[2m2025-12-10T10:12:22.806996Z[0m [34mDEBUG[0m [2methereum_transaction_pool_monitor::eth_client[0m[2m:[0m 🔍 Fetching transaction details for hash: 0xead9b1084ed38167831f58856bcaed9b10cc7765168824c3c632c25c174ff9ae
[2m2025-12-10T10:12:22.807017Z[0m [34mDEBUG[0m [2mhyper::client::pool[0m[2m:[0m reuse idle connection for ("http", 192.168.0.14:8545)
[2m2025-12-10T10:12:22.807045Z[0m [34mDEBUG[0m [2mhyper::proto::h1::io[0m[2m:[0m flushed 250 bytes
[2m2025-12-10T10:12:22.807064Z[0m [34mDEBUG[0m [2mhyper::client::pool[0m[2m:[0m reuse idle connection for ("http", 192.168.0.14:8545)
[2m2025-12-10T10:12:22.807078Z[0m [34mDEBUG[0m [2mhyper::proto::h1::io[0m[2m:[0m flushed 172 bytes
[2m2025-12-10T10:12:22.807078Z[0m [34mDEBUG[0m [2methereum_transaction_pool_monitor::eth_client[0m[2m:[0m 📨 Received WebSocket message: {"jsonrpc":"2.0","method":"eth_subscription","params":{"subscription":"0xbed0a0851463e895960a451075a301a9","result":"0x7e669b0163f4b90d857595d236c74979e3e545d7c9b2727eec367bff60d8c120"}}
[2m2025-12-10T10:12:22.807095Z[0m [34mDEBUG[0m [2methereum_transaction_pool_monitor::eth_client[0m[2m:[0m 📨 Received pending transaction: 0x7e669b0163f4b90d857595d236c74979e3e545d7c9b2727eec367bff60d8c120
[2m2025-12-10T10:12:22.807101Z[0m [34mDEBUG[0m [2methereum_transaction_pool_monitor::eth_client[0m[2m:[0m 📨 Received WebSocket message: {"jsonrpc":"2.0","method":"eth_subscription","params":{"subscription":"0xbed0a0851463e895960a451075a301a9","result":"0x9849b3a14b825b68bbcb0b8d2b88a2706009281d3c2ad961979a28647d174b73"}}
[2m2025-12-10T10:12:22.807107Z[0m [34mDEBUG[0m [2methereum_transaction_pool_monitor::eth_client[0m[2m:[0m 📨 Received pending transaction: 0x9849b3a14b825b68bbcb0b8d2b88a2706009281d3c2ad961979a28647d174b73
[2m2025-12-10T10:12:22.807113Z[0m [34mDEBUG[0m [2methereum_transaction_pool_monitor::eth_client[0m[2m:[0m 📨 Received WebSocket message: {"jsonrpc":"2.0","method":"eth_subscription","params":{"subscription":"0xbed0a0851463e895960a451075a301a9","result":"0xa074fb82da6a6261f81a51f1a88b9d44049e70797d30cef28e28238273bab579"}}
[2m2025-12-10T10:12:22.807118Z[0m [34mDEBUG[0m [2methereum_transaction_pool_monitor::eth_client[0m[2m:[0m 📨 Received pending transaction: 0xa074fb82da6a6261f81a51f1a88b9d44049e70797d30cef28e28238273bab579
[2m2025-12-10T10:12:22.807123Z[0m [34mDEBUG[0m [2methereum_transaction_pool_monitor::eth_client[0m[2m:[0m 📨 Received WebSocket message: {"jsonrpc":"2.0","method":"eth_subscription","params":{"subscription":"0xbed0a0851463e895960a451075a301a9","result":"0x93bb23b82cd1807483466eefd61a66d4ab861faab70d022358e0b38aa7a8b8b3"}}
[2m2025-12-10T10:12:22.807128Z[0m [34mDEBUG[0m [2methereum_transaction_pool_monitor::eth_client[0m[2m:[0m 📨 Received pending transaction: 0x93bb23b82cd1807483466eefd61a66d4ab861faab70d022358e0b38aa7a8b8b3
[2m2025-12-10T10:12:22.812067Z[0m [34mDEBUG[0m [2mhyper::proto::h1::io[0m[2m:[0m parsed 4 headers
[2m2025-12-10T10:12:22.812087Z[0m [34mDEBUG[0m [2mhyper::proto::h1::conn[0m[2m:[0m incoming body is content-length (643 bytes)
[2m2025-12-10T10:12:22.812113Z[0m [34mDEBUG[0m [2mhyper::proto::h1::conn[0m[2m:[0m incoming body completed
[2m2025-12-10T10:12:22.812126Z[0m [34mDEBUG[0m [2mhyper::client::pool[0m[2m:[0m pooling idle connection for ("http", 192.168.0.14:8545)
[2m2025-12-10T10:12:22.812153Z[0m [34mDEBUG[0m [2methereum_transaction_pool_monitor::eth_client[0m[2m:[0m 📡 Transaction fetch RPC completed in 5.150458ms
[2m2025-12-10T10:12:22.883045Z[0m [34mDEBUG[0m [2methereum_transaction_pool_monitor::eth_client[0m[2m:[0m ✅ Transaction 0xead9b1084ed38167831f58856bcaed9b10cc7765168824c3c632c25c174ff9ae fetched and parsed in 76.039875ms
[2m2025-12-10T10:12:22.883070Z[0m [34mDEBUG[0m [2methereum_transaction_pool_monitor::mempool_monitor[0m[2m:[0m 🔍 Skipping tx 0xead9b1084ed38167831f58856bcaed9b10cc7765168824c3c632c25c174ff9ae - not a DEX interaction (target: 0x7c24521A915a855f037E996880e13A47F686a3b7)
[2m2025-12-10T10:12:22.883081Z[0m [34mDEBUG[0m [2methereum_transaction_pool_monitor::mempool_monitor[0m[2m:[0m 📨 Processing new pending transaction: 0x5a1dfde18633ac0b204c5d5acabd9d38bef261de5c4c0b8cf3c89dd267d37bc6
[2m2025-12-10T10:12:22.883087Z[0m [34mDEBUG[0m [2methereum_transaction_pool_monitor::mempool_monitor[0m[2m:[0m 🔍 Fetching transaction details for: 0x5a1dfde18633ac0b204c5d5acabd9d38bef261de5c4c0b8cf3c89dd267d37bc6
[2m2025-12-10T10:12:22.883091Z[0m [34mDEBUG[0m [2methereum_transaction_pool_monitor::eth_client[0m[2m:[0m 🔍 Fetching transaction details for hash: 0x5a1dfde18633ac0b204c5d5acabd9d38bef261de5c4c0b8cf3c89dd267d37bc6
[2m2025-12-10T10:12:22.883109Z[0m [34mDEBUG[0m [2mhyper::client::pool[0m[2m:[0m reuse idle connection for ("http", 192.168.0.14:8545)
[2m2025-12-10T10:12:22.883138Z[0m [34mDEBUG[0m [2mhyper::proto::h1::io[0m[2m:[0m flushed 250 bytes
[2m2025-12-10T10:12:22.883156Z[0m [34mDEBUG[0m [2mhyper::proto::h1::io[0m[2m:[0m parsed 4 headers
[2m2025-12-10T10:12:22.883161Z[0m [34mDEBUG[0m [2mhyper::proto::h1::conn[0m[2m:[0m incoming body is content-length (45 bytes)
[2m2025-12-10T10:12:22.883169Z[0m [34mDEBUG[0m [2mhyper::proto::h1::conn[0m[2m:[0m incoming body completed
[2m2025-12-10T10:12:22.883178Z[0m [34mDEBUG[0m [2mhyper::client::pool[0m[2m:[0m pooling idle connection for ("http", 192.168.0.14:8545)
[2m2025-12-10T10:12:22.889236Z[0m [34mDEBUG[0m [2mhyper::proto::h1::io[0m[2m:[0m parsed 4 headers
[2m2025-12-10T10:12:22.889257Z[0m [34mDEBUG[0m [2mhyper::proto::h1::conn[0m[2m:[0m incoming body is content-length (1155 bytes)
[2m2025-12-10T10:12:22.889275Z[0m [34mDEBUG[0m [2mhyper::proto::h1::conn[0m[2m:[0m incoming body completed
[2m2025-12-10T10:12:22.889297Z[0m [34mDEBUG[0m [2mhyper::client::pool[0m[2m:[0m pooling idle connection for ("http", 192.168.0.14:8545)
[2m2025-12-10T10:12:22.889301Z[0m [34mDEBUG[0m [2methereum_transaction_pool_monitor::eth_client[0m[2m:[0m 📡 Transaction fetch RPC completed in 6.206709ms
[2m2025-12-10T10:12:22.960030Z[0m [34mDEBUG[0m [2methereum_transaction_pool_monitor::eth_client[0m[2m:[0m ✅ Transaction 0x5a1dfde18633ac0b204c5d5acabd9d38bef261de5c4c0b8cf3c89dd267d37bc6 fetched and parsed in 76.93225ms
[2m2025-12-10T10:12:22.960057Z[0m [34mDEBUG[0m [2methereum_transaction_pool_monitor::mempool_monitor[0m[2m:[0m 🔍 Skipping tx 0x5a1dfde18633ac0b204c5d5acabd9d38bef261de5c4c0b8cf3c89dd267d37bc6 - not a DEX interaction (target: 0xF6801D319497789f934ec7F83E142a9536312B08)
[2m2025-12-10T10:12:22.960070Z[0m [34mDEBUG[0m [2methereum_transaction_pool_monitor::mempool_monitor[0m[2m:[0m 📨 Processing new pending transaction: 0x7e669b0163f4b90d857595d236c74979e3e545d7c9b2727eec367bff60d8c120
[2m2025-12-10T10:12:22.960078Z[0m [34mDEBUG[0m [2methereum_transaction_pool_monitor::mempool_monitor[0m[2m:[0m 🔍 Fetching transaction details for: 0x7e669b0163f4b90d857595d236c74979e3e545d7c9b2727eec367bff60d8c120
[2m2025-12-10T10:12:22.960084Z[0m [34mDEBUG[0m [2methereum_transaction_pool_monitor::eth_client[0m[2m:[0m 🔍 Fetching transaction details for hash: 0x7e669b0163f4b90d857595d236c74979e3e545d7c9b2727eec367bff60d8c120
[2m2025-12-10T10:12:22.960101Z[0m [34mDEBUG[0m [2mhyper::client::pool[0m[2m:[0m reuse idle connection for ("http", 192.168.0.14:8545)
[2m2025-12-10T10:12:22.960130Z[0m [34mDEBUG[0m [2mhyper::proto::h1::io[0m[2m:[0m flushed 250 bytes
[2m2025-12-10T10:12:22.960157Z[0m [34mDEBUG[0m [2mhyper::client::pool[0m[2m:[0m reuse idle connection for ("http", 192.168.0.14:8545)
[2m2025-12-10T10:12:22.960170Z[0m [34mDEBUG[0m [2mhyper::proto::h1::io[0m[2m:[0m flushed 172 bytes
[2m2025-12-10T10:12:22.965965Z[0m [34mDEBUG[0m [2mhyper::proto::h1::io[0m[2m:[0m parsed 4 headers
[2m2025-12-10T10:12:22.965983Z[0m [34mDEBUG[0m [2mhyper::proto::h1::conn[0m[2m:[0m incoming body is content-length (45 bytes)
[2m2025-12-10T10:12:22.966002Z[0m [34mDEBUG[0m [2mhyper::proto::h1::conn[0m[2m:[0m incoming body completed
[2m2025-12-10T10:12:22.966033Z[0m [34mDEBUG[0m [2mhyper::client::pool[0m[2m:[0m pooling idle connection for ("http", 192.168.0.14:8545)
[2m2025-12-10T10:12:22.966051Z[0m [34mDEBUG[0m [2mhyper::proto::h1::io[0m[2m:[0m parsed 4 headers
[2m2025-12-10T10:12:22.966057Z[0m [34mDEBUG[0m [2mhyper::proto::h1::conn[0m[2m:[0m incoming body is content-length (1731 bytes)
[2m2025-12-10T10:12:22.966061Z[0m [34mDEBUG[0m [2mhyper::proto::h1::conn[0m[2m:[0m incoming body completed
[2m2025-12-10T10:12:22.966066Z[0m [34mDEBUG[0m [2mhyper::client::pool[0m[2m:[0m pooling idle connection for ("http", 192.168.0.14:8545)
[2m2025-12-10T10:12:22.966071Z[0m [34mDEBUG[0m [2methereum_transaction_pool_monitor::eth_client[0m[2m:[0m 📡 Transaction fetch RPC completed in 5.982375ms
[2m2025-12-10T10:12:23.036959Z[0m [34mDEBUG[0m [2methereum_transaction_pool_monitor::eth_client[0m[2m:[0m ✅ Transaction 0x7e669b0163f4b90d857595d236c74979e3e545d7c9b2727eec367bff60d8c120 fetched and parsed in 76.868458ms
[2m2025-12-10T10:12:23.036986Z[0m [34mDEBUG[0m [2methereum_transaction_pool_monitor::mempool_monitor[0m[2m:[0m 🔍 Skipping tx 0x7e669b0163f4b90d857595d236c74979e3e545d7c9b2727eec367bff60d8c120 - not a DEX interaction (target: 0x601a2aD6CB5949f0529735254189Ba3194221EDF)
[2m2025-12-10T10:12:23.036999Z[0m [34mDEBUG[0m [2methereum_transaction_pool_monitor::mempool_monitor[0m[2m:[0m 📨 Processing new pending transaction: 0x9849b3a14b825b68bbcb0b8d2b88a2706009281d3c2ad961979a28647d174b73
[2m2025-12-10T10:12:23.037006Z[0m [34mDEBUG[0m [2methereum_transaction_pool_monitor::mempool_monitor[0m[2m:[0m 🔍 Fetching transaction details for: 0x9849b3a14b825b68bbcb0b8d2b88a2706009281d3c2ad961979a28647d174b73
[2m2025-12-10T10:12:23.037012Z[0m [34mDEBUG[0m [2methereum_transaction_pool_monitor::eth_client[0m[2m:[0m 🔍 Fetching transaction details for hash: 0x9849b3a14b825b68bbcb0b8d2b88a2706009281d3c2ad961979a28647d174b73
[2m2025-12-10T10:12:23.037031Z[0m [34mDEBUG[0m [2mhyper::client::pool[0m[2m:[0m reuse idle connection for ("http", 192.168.0.14:8545)
[2m2025-12-10T10:12:23.037067Z[0m [34mDEBUG[0m [2mhyper::proto::h1::io[0m[2m:[0m flushed 250 bytes
[2m2025-12-10T10:12:23.037103Z[0m [34mDEBUG[0m [2mhyper::client::pool[0m[2m:[0m reuse idle connection for ("http", 192.168.0.14:8545)
[2m2025-12-10T10:12:23.037124Z[0m [34mDEBUG[0m [2mhyper::proto::h1::io[0m[2m:[0m flushed 172 bytes
[2m2025-12-10T10:12:23.040836Z[0m [34mDEBUG[0m [2mhyper::proto::h1::io[0m[2m:[0m parsed 4 headers
[2m2025-12-10T10:12:23.040842Z[0m [34mDEBUG[0m [2mhyper::proto::h1::conn[0m[2m:[0m incoming body is content-length (45 bytes)
[2m2025-12-10T10:12:23.040849Z[0m [34mDEBUG[0m [2mhyper::proto::h1::conn[0m[2m:[0m incoming body completed
[2m2025-12-10T10:12:23.040856Z[0m [34mDEBUG[0m [2mhyper::client::pool[0m[2m:[0m pooling idle connection for ("http", 192.168.0.14:8545)
[2m2025-12-10T10:12:23.045273Z[0m [34mDEBUG[0m [2mhyper::proto::h1::io[0m[2m:[0m parsed 4 headers
[2m2025-12-10T10:12:23.045294Z[0m [34mDEBUG[0m [2mhyper::proto::h1::conn[0m[2m:[0m incoming body is content-length (835 bytes)
[2m2025-12-10T10:12:23.045312Z[0m [34mDEBUG[0m [2mhyper::proto::h1::conn[0m[2m:[0m incoming body completed
[2m2025-12-10T10:12:23.045336Z[0m [34mDEBUG[0m [2mhyper::client::pool[0m[2m:[0m pooling idle connection for ("http", 192.168.0.14:8545)
[2m2025-12-10T10:12:23.045341Z[0m [34mDEBUG[0m [2methereum_transaction_pool_monitor::eth_client[0m[2m:[0m 📡 Transaction fetch RPC completed in 8.322625ms
[2m2025-12-10T10:12:23.116484Z[0m [34mDEBUG[0m [2methereum_transaction_pool_monitor::eth_client[0m[2m:[0m ✅ Transaction 0x9849b3a14b825b68bbcb0b8d2b88a2706009281d3c2ad961979a28647d174b73 fetched and parsed in 79.463667ms
[2m2025-12-10T10:12:23.116505Z[0m [34mDEBUG[0m [2methereum_transaction_pool_monitor::mempool_monitor[0m[2m:[0m 🔍 Skipping tx 0x9849b3a14b825b68bbcb0b8d2b88a2706009281d3c2ad961979a28647d174b73 - not a DEX interaction (target: 0xA0b86991c6218b36c1d19D4a2e9Eb0cE3606eB48)
[2m2025-12-10T10:12:23.116515Z[0m [34mDEBUG[0m [2methereum_transaction_pool_monitor::mempool_monitor[0m[2m:[0m 📨 Processing new pending transaction: 0xa074fb82da6a6261f81a51f1a88b9d44049e70797d30cef28e28238273bab579
[2m2025-12-10T10:12:23.116521Z[0m [34mDEBUG[0m [2methereum_transaction_pool_monitor::mempool_monitor[0m[2m:[0m 🔍 Fetching transaction details for: 0xa074fb82da6a6261f81a51f1a88b9d44049e70797d30cef28e28238273bab579
[2m2025-12-10T10:12:23.116525Z[0m [34mDEBUG[0m [2methereum_transaction_pool_monitor::eth_client[0m[2m:[0m 🔍 Fetching transaction details for hash: 0xa074fb82da6a6261f81a51f1a88b9d44049e70797d30cef28e28238273bab579
[2m2025-12-10T10:12:23.116544Z[0m [34mDEBUG[0m [2mhyper::client::pool[0m[2m:[0m reuse idle connection for ("http", 192.168.0.14:8545)
[2m2025-12-10T10:12:23.116579Z[0m [34mDEBUG[0m [2mhyper::proto::h1::io[0m[2m:[0m flushed 250 bytes
[2m2025-12-10T10:12:23.116597Z[0m [34mDEBUG[0m [2mhyper::client::pool[0m[2m:[0m reuse idle connection for ("http", 192.168.0.14:8545)
[2m2025-12-10T10:12:23.116605Z[0m [34mDEBUG[0m [2methereum_transaction_pool_monitor::eth_client[0m[2m:[0m 📨 Received WebSocket message: {"jsonrpc":"2.0","method":"eth_subscription","params":{"subscription":"0xbed0a0851463e895960a451075a301a9","result":"0xa9ec8eac8844611c12a157d7579454fb6d6df6cd26cef77fc1169c8e40a1dd26"}}
[2m2025-12-10T10:12:23.116611Z[0m [34mDEBUG[0m [2mhyper::proto::h1::io[0m[2m:[0m flushed 172 bytes
[2m2025-12-10T10:12:23.116619Z[0m [34mDEBUG[0m [2methereum_transaction_pool_monitor::eth_client[0m[2m:[0m 📨 Received pending transaction: 0xa9ec8eac8844611c12a157d7579454fb6d6df6cd26cef77fc1169c8e40a1dd26
[2m2025-12-10T10:12:23.116625Z[0m [34mDEBUG[0m [2methereum_transaction_pool_monitor::eth_client[0m[2m:[0m 📨 Received WebSocket message: {"jsonrpc":"2.0","method":"eth_subscription","params":{"subscription":"0xbed0a0851463e895960a451075a301a9","result":"0xe976c6ce40e524b6d37d49e9e8d8ccf4ebdcc782c7d4fd572eeb9d591bb13ff7"}}
[2m2025-12-10T10:12:23.116631Z[0m [34mDEBUG[0m [2methereum_transaction_pool_monitor::eth_client[0m[2m:[0m 📨 Received pending transaction: 0xe976c6ce40e524b6d37d49e9e8d8ccf4ebdcc782c7d4fd572eeb9d591bb13ff7
[2m2025-12-10T10:12:23.122355Z[0m [34mDEBUG[0m [2mhyper::proto::h1::io[0m[2m:[0m parsed 4 headers
[2m2025-12-10T10:12:23.122375Z[0m [34mDEBUG[0m [2mhyper::proto::h1::conn[0m[2m:[0m incoming body is content-length (650 bytes)
[2m2025-12-10T10:12:23.122405Z[0m [34mDEBUG[0m [2mhyper::proto::h1::conn[0m[2m:[0m incoming body completed
[2m2025-12-10T10:12:23.122419Z[0m [34mDEBUG[0m [2mhyper::client::pool[0m[2m:[0m pooling idle connection for ("http", 192.168.0.14:8545)
[2m2025-12-10T10:12:23.122437Z[0m [34mDEBUG[0m [2methereum_transaction_pool_monitor::eth_client[0m[2m:[0m 📡 Transaction fetch RPC completed in 5.908417ms
[2m2025-12-10T10:12:23.194263Z[0m [34mDEBUG[0m [2methereum_transaction_pool_monitor::eth_client[0m[2m:[0m ✅ Transaction 0xa074fb82da6a6261f81a51f1a88b9d44049e70797d30cef28e28238273bab579 fetched and parsed in 77.732084ms
[2m2025-12-10T10:12:23.194288Z[0m [34mDEBUG[0m [2methereum_transaction_pool_monitor::mempool_monitor[0m[2m:[0m 🔍 Skipping tx 0xa074fb82da6a6261f81a51f1a88b9d44049e70797d30cef28e28238273bab579 - not a DEX interaction (target: 0xAb09ba287A7217577f54873403F4044480F2C11E)
[2m2025-12-10T10:12:23.194298Z[0m [34mDEBUG[0m [2methereum_transaction_pool_monitor::mempool_monitor[0m[2m:[0m 📨 Processing new pending transaction: 0x93bb23b82cd1807483466eefd61a66d4ab861faab70d022358e0b38aa7a8b8b3
[2m2025-12-10T10:12:23.194304Z[0m [34mDEBUG[0m [2methereum_transaction_pool_monitor::mempool_monitor[0m[2m:[0m 🔍 Fetching transaction details for: 0x93bb23b82cd1807483466eefd61a66d4ab861faab70d022358e0b38aa7a8b8b3
[2m2025-12-10T10:12:23.194308Z[0m [34mDEBUG[0m [2methereum_transaction_pool_monitor::eth_client[0m[2m:[0m 🔍 Fetching transaction details for hash: 0x93bb23b82cd1807483466eefd61a66d4ab861faab70d022358e0b38aa7a8b8b3
[2m2025-12-10T10:12:23.194326Z[0m [34mDEBUG[0m [2mhyper::client::pool[0m[2m:[0m reuse idle connection for ("http", 192.168.0.14:8545)
[2m2025-12-10T10:12:23.194359Z[0m [34mDEBUG[0m [2mhyper::proto::h1::io[0m[2m:[0m flushed 250 bytes
[2m2025-12-10T10:12:23.194375Z[0m [34mDEBUG[0m [2mhyper::proto::h1::io[0m[2m:[0m parsed 4 headers
[2m2025-12-10T10:12:23.194379Z[0m [34mDEBUG[0m [2mhyper::proto::h1::conn[0m[2m:[0m incoming body is content-length (45 bytes)
[2m2025-12-10T10:12:23.194385Z[0m [34mDEBUG[0m [2mhyper::proto::h1::conn[0m[2m:[0m incoming body completed
[2m2025-12-10T10:12:23.194394Z[0m [34mDEBUG[0m [2mhyper::client::pool[0m[2m:[0m pooling idle connection for ("http", 192.168.0.14:8545)
[2m2025-12-10T10:12:23.198194Z[0m [34mDEBUG[0m [2mhyper::client::pool[0m[2m:[0m reuse idle connection for ("http", 192.168.0.14:8545)
[2m2025-12-10T10:12:23.198243Z[0m [34mDEBUG[0m [2mhyper::proto::h1::io[0m[2m:[0m flushed 172 bytes
[2m2025-12-10T10:12:23.198830Z[0m [34mDEBUG[0m [2mhyper::proto::h1::io[0m[2m:[0m parsed 4 headers
[2m2025-12-10T10:12:23.198835Z[0m [34mDEBUG[0m [2mhyper::proto::h1::conn[0m[2m:[0m incoming body is content-length (771 bytes)
[2m2025-12-10T10:12:23.198839Z[0m [34mDEBUG[0m [2mhyper::proto::h1::conn[0m[2m:[0m incoming body completed
[2m2025-12-10T10:12:23.198845Z[0m [34mDEBUG[0m [2mhyper::client::pool[0m[2m:[0m pooling idle connection for ("http", 192.168.0.14:8545)
[2m2025-12-10T10:12:23.198852Z[0m [34mDEBUG[0m [2methereum_transaction_pool_monitor::eth_client[0m[2m:[0m 📡 Transaction fetch RPC completed in 4.540125ms
[2m2025-12-10T10:12:23.270044Z[0m [34mDEBUG[0m [2methereum_transaction_pool_monitor::eth_client[0m[2m:[0m ✅ Transaction 0x93bb23b82cd1807483466eefd61a66d4ab861faab70d022358e0b38aa7a8b8b3 fetched and parsed in 75.729709ms
[2m2025-12-10T10:12:23.270072Z[0m [34mDEBUG[0m [2methereum_transaction_pool_monitor::mempool_monitor[0m[2m:[0m 🔍 Skipping tx 0x93bb23b82cd1807483466eefd61a66d4ab861faab70d022358e0b38aa7a8b8b3 - not a DEX interaction (target: 0xB8f28C60dD8240141185a192fa4156A23E189305)
[2m2025-12-10T10:12:23.270086Z[0m [34mDEBUG[0m [2methereum_transaction_pool_monitor::mempool_monitor[0m[2m:[0m 📨 Processing new pending transaction: 0xa9ec8eac8844611c12a157d7579454fb6d6df6cd26cef77fc1169c8e40a1dd26
[2m2025-12-10T10:12:23.270094Z[0m [34mDEBUG[0m [2methereum_transaction_pool_monitor::mempool_monitor[0m[2m:[0m 🔍 Fetching transaction details for: 0xa9ec8eac8844611c12a157d7579454fb6d6df6cd26cef77fc1169c8e40a1dd26
[2m2025-12-10T10:12:23.270101Z[0m [34mDEBUG[0m [2methereum_transaction_pool_monitor::eth_client[0m[2m:[0m 🔍 Fetching transaction details for hash: 0xa9ec8eac8844611c12a157d7579454fb6d6df6cd26cef77fc1169c8e40a1dd26
[2m2025-12-10T10:12:23.270122Z[0m [34mDEBUG[0m [2mhyper::client::pool[0m[2m:[0m reuse idle connection for ("http", 192.168.0.14:8545)
[2m2025-12-10T10:12:23.270154Z[0m [34mDEBUG[0m [2mhyper::proto::h1::io[0m[2m:[0m flushed 250 bytes
[2m2025-12-10T10:12:23.270173Z[0m [34mDEBUG[0m [2mhyper::proto::h1::io[0m[2m:[0m parsed 4 headers
[2m2025-12-10T10:12:23.270177Z[0m [34mDEBUG[0m [2mhyper::proto::h1::conn[0m[2m:[0m incoming body is content-length (45 bytes)
[2m2025-12-10T10:12:23.270183Z[0m [34mDEBUG[0m [2mhyper::proto::h1::conn[0m[2m:[0m incoming body completed
[2m2025-12-10T10:12:23.270190Z[0m [34mDEBUG[0m [2mhyper::client::pool[0m[2m:[0m pooling idle connection for ("http", 192.168.0.14:8545)
[2m2025-12-10T10:12:23.273275Z[0m [34mDEBUG[0m [2methereum_transaction_pool_monitor::eth_client[0m[2m:[0m 📨 Received WebSocket message: {"jsonrpc":"2.0","method":"eth_subscription","params":{"subscription":"0xbed0a0851463e895960a451075a301a9","result":"0x15d2ef0613571fb6d48d8a472d54b9194dd1a49aeedb7dc3cfa425068fe91764"}}
[2m2025-12-10T10:12:23.273282Z[0m [34mDEBUG[0m [2methereum_transaction_pool_monitor::eth_client[0m[2m:[0m 📨 Received pending transaction: 0x15d2ef0613571fb6d48d8a472d54b9194dd1a49aeedb7dc3cfa425068fe91764
[2m2025-12-10T10:12:23.274273Z[0m [34mDEBUG[0m [2mhyper::proto::h1::io[0m[2m:[0m parsed 4 headers
[2m2025-12-10T10:12:23.274291Z[0m [34mDEBUG[0m [2mhyper::proto::h1::conn[0m[2m:[0m incoming body is content-length (646 bytes)
[2m2025-12-10T10:12:23.274307Z[0m [34mDEBUG[0m [2mhyper::proto::h1::conn[0m[2m:[0m incoming body completed
[2m2025-12-10T10:12:23.274337Z[0m [34mDEBUG[0m [2mhyper::client::pool[0m[2m:[0m pooling idle connection for ("http", 192.168.0.14:8545)
[2m2025-12-10T10:12:23.274340Z[0m [34mDEBUG[0m [2methereum_transaction_pool_monitor::eth_client[0m[2m:[0m 📡 Transaction fetch RPC completed in 4.232166ms
[2m2025-12-10T10:12:23.344629Z[0m [34mDEBUG[0m [2methereum_transaction_pool_monitor::eth_client[0m[2m:[0m ✅ Transaction 0xa9ec8eac8844611c12a157d7579454fb6d6df6cd26cef77fc1169c8e40a1dd26 fetched and parsed in 74.518041ms
[2m2025-12-10T10:12:23.344654Z[0m [34mDEBUG[0m [2methereum_transaction_pool_monitor::mempool_monitor[0m[2m:[0m 🔍 Skipping tx 0xa9ec8eac8844611c12a157d7579454fb6d6df6cd26cef77fc1169c8e40a1dd26 - not a DEX interaction (target: 0xB0B6b3D7304D997899FB3FAebE028Faf3fdfE830)
[2m2025-12-10T10:12:23.344752Z[0m [34mDEBUG[0m [2methereum_transaction_pool_monitor::mempool_monitor[0m[2m:[0m 📨 Processing new pending transaction: 0xe976c6ce40e524b6d37d49e9e8d8ccf4ebdcc782c7d4fd572eeb9d591bb13ff7
[2m2025-12-10T10:12:23.344760Z[0m [34mDEBUG[0m [2methereum_transaction_pool_monitor::mempool_monitor[0m[2m:[0m 🔍 Fetching transaction details for: 0xe976c6ce40e524b6d37d49e9e8d8ccf4ebdcc782c7d4fd572eeb9d591bb13ff7
[2m2025-12-10T10:12:23.344765Z[0m [34mDEBUG[0m [2methereum_transaction_pool_monitor::eth_client[0m[2m:[0m 🔍 Fetching transaction details for hash: 0xe976c6ce40e524b6d37d49e9e8d8ccf4ebdcc782c7d4fd572eeb9d591bb13ff7
[2m2025-12-10T10:12:23.344783Z[0m [34mDEBUG[0m [2mhyper::client::pool[0m[2m:[0m reuse idle connection for ("http", 192.168.0.14:8545)
[2m2025-12-10T10:12:23.344812Z[0m [34mDEBUG[0m [2mhyper::proto::h1::io[0m[2m:[0m flushed 250 bytes
[2m2025-12-10T10:12:23.344831Z[0m [34mDEBUG[0m [2mhyper::client::pool[0m[2m:[0m reuse idle connection for ("http", 192.168.0.14:8545)
[2m2025-12-10T10:12:23.344847Z[0m [34mDEBUG[0m [2mhyper::proto::h1::io[0m[2m:[0m flushed 172 bytes
[2m2025-12-10T10:12:23.344848Z[0m [34mDEBUG[0m [2methereum_transaction_pool_monitor::eth_client[0m[2m:[0m 📨 Received WebSocket message: {"jsonrpc":"2.0","method":"eth_subscription","params":{"subscription":"0xbed0a0851463e895960a451075a301a9","result":"0xaf78b264f970dd41872af83418459fedf3981daf34629832ea64c831c0c14072"}}
[2m2025-12-10T10:12:23.344858Z[0m [34mDEBUG[0m [2methereum_transaction_pool_monitor::eth_client[0m[2m:[0m 📨 Received pending transaction: 0xaf78b264f970dd41872af83418459fedf3981daf34629832ea64c831c0c14072
[2m2025-12-10T10:12:23.350323Z[0m [34mDEBUG[0m [2mhyper::proto::h1::io[0m[2m:[0m parsed 4 headers
[2m2025-12-10T10:12:23.350330Z[0m [34mDEBUG[0m [2mhyper::proto::h1::conn[0m[2m:[0m incoming body is content-length (644 bytes)
[2m2025-12-10T10:12:23.350336Z[0m [34mDEBUG[0m [2mhyper::proto::h1::conn[0m[2m:[0m incoming body completed
[2m2025-12-10T10:12:23.350343Z[0m [34mDEBUG[0m [2mhyper::client::pool[0m[2m:[0m pooling idle connection for ("http", 192.168.0.14:8545)
[2m2025-12-10T10:12:23.350349Z[0m [34mDEBUG[0m [2methereum_transaction_pool_monitor::eth_client[0m[2m:[0m 📡 Transaction fetch RPC completed in 5.579334ms
[2m2025-12-10T10:12:23.420744Z[0m [34mDEBUG[0m [2methereum_transaction_pool_monitor::eth_client[0m[2m:[0m ✅ Transaction 0xe976c6ce40e524b6d37d49e9e8d8ccf4ebdcc782c7d4fd572eeb9d591bb13ff7 fetched and parsed in 75.9725ms
[2m2025-12-10T10:12:23.420771Z[0m [34mDEBUG[0m [2methereum_transaction_pool_monitor::mempool_monitor[0m[2m:[0m 🔍 Skipping tx 0xe976c6ce40e524b6d37d49e9e8d8ccf4ebdcc782c7d4fd572eeb9d591bb13ff7 - not a DEX interaction (target: 0x17E5545B11b468072283Cee1F066a059Fb0dbF24)
[2m2025-12-10T10:12:23.420782Z[0m [34mDEBUG[0m [2methereum_transaction_pool_monitor::mempool_monitor[0m[2m:[0m 📨 Processing new pending transaction: 0x15d2ef0613571fb6d48d8a472d54b9194dd1a49aeedb7dc3cfa425068fe91764
[2m2025-12-10T10:12:23.420792Z[0m [34mDEBUG[0m [2methereum_transaction_pool_monitor::mempool_monitor[0m[2m:[0m 🔍 Fetching transaction details for: 0x15d2ef0613571fb6d48d8a472d54b9194dd1a49aeedb7dc3cfa425068fe91764
[2m2025-12-10T10:12:23.420798Z[0m [34mDEBUG[0m [2methereum_transaction_pool_monitor::eth_client[0m[2m:[0m 🔍 Fetching transaction details for hash: 0x15d2ef0613571fb6d48d8a472d54b9194dd1a49aeedb7dc3cfa425068fe91764
[2m2025-12-10T10:12:23.420816Z[0m [34mDEBUG[0m [2mhyper::client::pool[0m[2m:[0m reuse idle connection for ("http", 192.168.0.14:8545)
[2m2025-12-10T10:12:23.420852Z[0m [34mDEBUG[0m [2mhyper::proto::h1::io[0m[2m:[0m flushed 250 bytes
[2m2025-12-10T10:12:23.420876Z[0m [34mDEBUG[0m [2methereum_transaction_pool_monitor::eth_client[0m[2m:[0m 📨 Received WebSocket message: {"jsonrpc":"2.0","method":"eth_subscription","params":{"subscription":"0xbed0a0851463e895960a451075a301a9","result":"0x8aa431190f035c52aa3e92bd061165c580b60e2ae21a14108d907631651e6cb5"}}
[2m2025-12-10T10:12:23.420881Z[0m [34mDEBUG[0m [2mhyper::proto::h1::io[0m[2m:[0m parsed 4 headers
[2m2025-12-10T10:12:23.420885Z[0m [34mDEBUG[0m [2methereum_transaction_pool_monitor::eth_client[0m[2m:[0m 📨 Received pending transaction: 0x8aa431190f035c52aa3e92bd061165c580b60e2ae21a14108d907631651e6cb5
[2m2025-12-10T10:12:23.420890Z[0m [34mDEBUG[0m [2mhyper::proto::h1::conn[0m[2m:[0m incoming body is content-length (45 bytes)
[2m2025-12-10T10:12:23.420901Z[0m [34mDEBUG[0m [2mhyper::proto::h1::conn[0m[2m:[0m incoming body completed
[2m2025-12-10T10:12:23.420914Z[0m [34mDEBUG[0m [2mhyper::client::pool[0m[2m:[0m pooling idle connection for ("http", 192.168.0.14:8545)
[2m2025-12-10T10:12:23.420933Z[0m [34mDEBUG[0m [2mhyper::client::pool[0m[2m:[0m reuse idle connection for ("http", 192.168.0.14:8545)
[2m2025-12-10T10:12:23.420949Z[0m [34mDEBUG[0m [2mhyper::proto::h1::io[0m[2m:[0m flushed 172 bytes
[2m2025-12-10T10:12:23.426034Z[0m [34mDEBUG[0m [2mhyper::proto::h1::io[0m[2m:[0m parsed 4 headers
[2m2025-12-10T10:12:23.426039Z[0m [34mDEBUG[0m [2mhyper::proto::h1::conn[0m[2m:[0m incoming body is content-length (771 bytes)
[2m2025-12-10T10:12:23.426044Z[0m [34mDEBUG[0m [2mhyper::proto::h1::conn[0m[2m:[0m incoming body completed
[2m2025-12-10T10:12:23.426049Z[0m [34mDEBUG[0m [2mhyper::client::pool[0m[2m:[0m pooling idle connection for ("http", 192.168.0.14:8545)
[2m2025-12-10T10:12:23.426053Z[0m [34mDEBUG[0m [2methereum_transaction_pool_monitor::eth_client[0m[2m:[0m 📡 Transaction fetch RPC completed in 5.248792ms
[2m2025-12-10T10:12:23.496233Z[0m [34mDEBUG[0m [2methereum_transaction_pool_monitor::eth_client[0m[2m:[0m ✅ Transaction 0x15d2ef0613571fb6d48d8a472d54b9194dd1a49aeedb7dc3cfa425068fe91764 fetched and parsed in 75.4275ms
[2m2025-12-10T10:12:23.496261Z[0m [34mDEBUG[0m [2methereum_transaction_pool_monitor::mempool_monitor[0m[2m:[0m 🔍 Skipping tx 0x15d2ef0613571fb6d48d8a472d54b9194dd1a49aeedb7dc3cfa425068fe91764 - not a DEX interaction (target: 0xB8f28C60dD8240141185a192fa4156A23E189305)
[2m2025-12-10T10:12:23.496274Z[0m [34mDEBUG[0m [2methereum_transaction_pool_monitor::mempool_monitor[0m[2m:[0m 📨 Processing new pending transaction: 0xaf78b264f970dd41872af83418459fedf3981daf34629832ea64c831c0c14072
[2m2025-12-10T10:12:23.496281Z[0m [34mDEBUG[0m [2methereum_transaction_pool_monitor::mempool_monitor[0m[2m:[0m 🔍 Fetching transaction details for: 0xaf78b264f970dd41872af83418459fedf3981daf34629832ea64c831c0c14072
[2m2025-12-10T10:12:23.496286Z[0m [34mDEBUG[0m [2methereum_transaction_pool_monitor::eth_client[0m[2m:[0m 🔍 Fetching transaction details for hash: 0xaf78b264f970dd41872af83418459fedf3981daf34629832ea64c831c0c14072
[2m2025-12-10T10:12:23.496306Z[0m [34mDEBUG[0m [2mhyper::client::pool[0m[2m:[0m reuse idle connection for ("http", 192.168.0.14:8545)
[2m2025-12-10T10:12:23.496338Z[0m [34mDEBUG[0m [2mhyper::proto::h1::io[0m[2m:[0m flushed 250 bytes
[2m2025-12-10T10:12:23.496353Z[0m [34mDEBUG[0m [2mhyper::proto::h1::io[0m[2m:[0m parsed 4 headers
[2m2025-12-10T10:12:23.496359Z[0m [34mDEBUG[0m [2mhyper::proto::h1::conn[0m[2m:[0m incoming body is content-length (45 bytes)
[2m2025-12-10T10:12:23.496367Z[0m [34mDEBUG[0m [2mhyper::proto::h1::conn[0m[2m:[0m incoming body completed
[2m2025-12-10T10:12:23.496375Z[0m [34mDEBUG[0m [2mhyper::client::pool[0m[2m:[0m pooling idle connection for ("http", 192.168.0.14:8545)
[2m2025-12-10T10:12:23.497659Z[0m [34mDEBUG[0m [2mhyper::client::pool[0m[2m:[0m reuse idle connection for ("http", 192.168.0.14:8545)
[2m2025-12-10T10:12:23.497688Z[0m [34mDEBUG[0m [2mhyper::proto::h1::io[0m[2m:[0m flushed 172 bytes
[2m2025-12-10T10:12:23.501555Z[0m [34mDEBUG[0m [2mhyper::proto::h1::io[0m[2m:[0m parsed 4 headers
[2m2025-12-10T10:12:23.501564Z[0m [34mDEBUG[0m [2mhyper::proto::h1::conn[0m[2m:[0m incoming body is content-length (829 bytes)
[2m2025-12-10T10:12:23.501572Z[0m [34mDEBUG[0m [2mhyper::proto::h1::conn[0m[2m:[0m incoming body completed
[2m2025-12-10T10:12:23.501581Z[0m [34mDEBUG[0m [2mhyper::client::pool[0m[2m:[0m pooling idle connection for ("http", 192.168.0.14:8545)
[2m2025-12-10T10:12:23.501588Z[0m [34mDEBUG[0m [2methereum_transaction_pool_monitor::eth_client[0m[2m:[0m 📡 Transaction fetch RPC completed in 5.294375ms
[2m2025-12-10T10:12:23.572875Z[0m [34mDEBUG[0m [2methereum_transaction_pool_monitor::eth_client[0m[2m:[0m ✅ Transaction 0xaf78b264f970dd41872af83418459fedf3981daf34629832ea64c831c0c14072 fetched and parsed in 76.580292ms
[2m2025-12-10T10:12:23.572900Z[0m [34mDEBUG[0m [2methereum_transaction_pool_monitor::mempool_monitor[0m[2m:[0m 🔍 Skipping tx 0xaf78b264f970dd41872af83418459fedf3981daf34629832ea64c831c0c14072 - not a DEX interaction (target: 0x3B4D794a66304F130a4Db8F2551B0070dfCf5ca7)
[2m2025-12-10T10:12:23.572909Z[0m [34mDEBUG[0m [2methereum_transaction_pool_monitor::mempool_monitor[0m[2m:[0m 📨 Processing new pending transaction: 0x8aa431190f035c52aa3e92bd061165c580b60e2ae21a14108d907631651e6cb5
[2m2025-12-10T10:12:23.572915Z[0m [34mDEBUG[0m [2methereum_transaction_pool_monitor::mempool_monitor[0m[2m:[0m 🔍 Fetching transaction details for: 0x8aa431190f035c52aa3e92bd061165c580b60e2ae21a14108d907631651e6cb5
[2m2025-12-10T10:12:23.572920Z[0m [34mDEBUG[0m [2methereum_transaction_pool_monitor::eth_client[0m[2m:[0m 🔍 Fetching transaction details for hash: 0x8aa431190f035c52aa3e92bd061165c580b60e2ae21a14108d907631651e6cb5
[2m2025-12-10T10:12:23.572938Z[0m [34mDEBUG[0m [2mhyper::client::pool[0m[2m:[0m reuse idle connection for ("http", 192.168.0.14:8545)
[2m2025-12-10T10:12:23.572977Z[0m [34mDEBUG[0m [2mhyper::proto::h1::io[0m[2m:[0m flushed 250 bytes
[2m2025-12-10T10:12:23.572993Z[0m [34mDEBUG[0m [2mhyper::proto::h1::io[0m[2m:[0m parsed 4 headers
[2m2025-12-10T10:12:23.572997Z[0m [34mDEBUG[0m [2mhyper::proto::h1::conn[0m[2m:[0m incoming body is content-length (45 bytes)
[2m2025-12-10T10:12:23.573004Z[0m [34mDEBUG[0m [2mhyper::proto::h1::conn[0m[2m:[0m incoming body completed
[2m2025-12-10T10:12:23.573011Z[0m [34mDEBUG[0m [2mhyper::client::pool[0m[2m:[0m pooling idle connection for ("http", 192.168.0.14:8545)
[2m2025-12-10T10:12:23.581314Z[0m [34mDEBUG[0m [2mhyper::proto::h1::io[0m[2m:[0m parsed 4 headers
[2m2025-12-10T10:12:23.581325Z[0m [34mDEBUG[0m [2mhyper::proto::h1::conn[0m[2m:[0m incoming body is content-length (768 bytes)
[2m2025-12-10T10:12:23.581331Z[0m [34mDEBUG[0m [2mhyper::proto::h1::conn[0m[2m:[0m incoming body completed
[2m2025-12-10T10:12:23.581338Z[0m [34mDEBUG[0m [2mhyper::client::pool[0m[2m:[0m pooling idle connection for ("http", 192.168.0.14:8545)
[2m2025-12-10T10:12:23.581344Z[0m [34mDEBUG[0m [2methereum_transaction_pool_monitor::eth_client[0m[2m:[0m 📡 Transaction fetch RPC completed in 8.419875ms
[2m2025-12-10T10:12:23.581356Z[0m [34mDEBUG[0m [2methereum_transaction_pool_monitor::eth_client[0m[2m:[0m DeFi transaction detected - Address: 0xdac17f958d2ee523a2206206994597c13d831ec7, Type: Stablecoin, Value: 0 ETH, Gas: 0.27 Gwei
[2m2025-12-10T10:12:23.581367Z[0m [34mDEBUG[0m [2methereum_transaction_pool_monitor::eth_client[0m[2m:[0m ✅ Transaction 0x8aa431190f035c52aa3e92bd061165c580b60e2ae21a14108d907631651e6cb5 fetched and parsed in 8.442709ms
[2m2025-12-10T10:12:23.581372Z[0m [34mDEBUG[0m [2methereum_transaction_pool_monitor::mempool_monitor[0m[2m:[0m 🔍 Skipping tx 0x8aa431190f035c52aa3e92bd061165c580b60e2ae21a14108d907631651e6cb5 - not a DEX interaction (target: 0xdAC17F958D2ee523a2206206994597C13D831ec7)
[2m2025-12-10T10:12:23.597721Z[0m [34mDEBUG[0m [2mhyper::client::pool[0m[2m:[0m reuse idle connection for ("http", 192.168.0.14:8545)
[2m2025-12-10T10:12:23.597761Z[0m [34mDEBUG[0m [2mhyper::proto::h1::io[0m[2m:[0m flushed 172 bytes
[2m2025-12-10T10:12:23.601831Z[0m [34mDEBUG[0m [2mhyper::proto::h1::io[0m[2m:[0m parsed 4 headers
[2m2025-12-10T10:12:23.601840Z[0m [34mDEBUG[0m [2mhyper::proto::h1::conn[0m[2m:[0m incoming body is content-length (45 bytes)
[2m2025-12-10T10:12:23.601847Z[0m [34mDEBUG[0m [2mhyper::proto::h1::conn[0m[2m:[0m incoming body completed
[2m2025-12-10T10:12:23.601854Z[0m [34mDEBUG[0m [2mhyper::client::pool[0m[2m:[0m pooling idle connection for ("http", 192.168.0.14:8545)
[2m2025-12-10T10:12:23.605360Z[0m [34mDEBUG[0m [2methereum_transaction_pool_monitor::eth_client[0m[2m:[0m 📨 Received WebSocket message: {"jsonrpc":"2.0","method":"eth_subscription","params":{"subscription":"0xbed0a0851463e895960a451075a301a9","result":"0x3e829a629a56a7f3031b8f1bc4525f372fa9913317a2c5e80077286f5137ab77"}}
[2m2025-12-10T10:12:23.605370Z[0m [34mDEBUG[0m [2methereum_transaction_pool_monitor::eth_client[0m[2m:[0m 📨 Received pending transaction: 0x3e829a629a56a7f3031b8f1bc4525f372fa9913317a2c5e80077286f5137ab77
[2m2025-12-10T10:12:23.605378Z[0m [34mDEBUG[0m [2methereum_transaction_pool_monitor::mempool_monitor[0m[2m:[0m 📨 Processing new pending transaction: 0x3e829a629a56a7f3031b8f1bc4525f372fa9913317a2c5e80077286f5137ab77
[2m2025-12-10T10:12:23.605383Z[0m [34mDEBUG[0m [2methereum_transaction_pool_monitor::mempool_monitor[0m[2m:[0m 🔍 Fetching transaction details for: 0x3e829a629a56a7f3031b8f1bc4525f372fa9913317a2c5e80077286f5137ab77
[2m2025-12-10T10:12:23.605387Z[0m [34mDEBUG[0m [2methereum_transaction_pool_monitor::eth_client[0m[2m:[0m 🔍 Fetching transaction details for hash: 0x3e829a629a56a7f3031b8f1bc4525f372fa9913317a2c5e80077286f5137ab77
[2m2025-12-10T10:12:23.605400Z[0m [34mDEBUG[0m [2mhyper::client::pool[0m[2m:[0m reuse idle connection for ("http", 192.168.0.14:8545)
[2m2025-12-10T10:12:23.605418Z[0m [34mDEBUG[0m [2mhyper::proto::h1::io[0m[2m:[0m flushed 250 bytes
[2m2025-12-10T10:12:23.610795Z[0m [34mDEBUG[0m [2mhyper::proto::h1::io[0m[2m:[0m parsed 4 headers
[2m2025-12-10T10:12:23.610801Z[0m [34mDEBUG[0m [2mhyper::proto::h1::conn[0m[2m:[0m incoming body is content-length (763 bytes)
[2m2025-12-10T10:12:23.610806Z[0m [34mDEBUG[0m [2mhyper::proto::h1::conn[0m[2m:[0m incoming body completed
[2m2025-12-10T10:12:23.610812Z[0m [34mDEBUG[0m [2mhyper::client::pool[0m[2m:[0m pooling idle connection for ("http", 192.168.0.14:8545)
[2m2025-12-10T10:12:23.610816Z[0m [34mDEBUG[0m [2methereum_transaction_pool_monitor::eth_client[0m[2m:[0m 📡 Transaction fetch RPC completed in 5.424834ms
[2m2025-12-10T10:12:23.681340Z[0m [34mDEBUG[0m [2methereum_transaction_pool_monitor::eth_client[0m[2m:[0m ✅ Transaction 0x3e829a629a56a7f3031b8f1bc4525f372fa9913317a2c5e80077286f5137ab77 fetched and parsed in 75.94575ms
[2m2025-12-10T10:12:23.681367Z[0m [34mDEBUG[0m [2methereum_transaction_pool_monitor::mempool_monitor[0m[2m:[0m 🔍 Skipping tx 0x3e829a629a56a7f3031b8f1bc4525f372fa9913317a2c5e80077286f5137ab77 - not a DEX interaction (target: 0xd50370bEE8bFf23Bbb30ca558a1d0207DBc96ef2)
[2m2025-12-10T10:12:23.681408Z[0m [34mDEBUG[0m [2methereum_transaction_pool_monitor::eth_client[0m[2m:[0m 📨 Received WebSocket message: {"jsonrpc":"2.0","method":"eth_subscription","params":{"subscription":"0xbed0a0851463e895960a451075a301a9","result":"0x7ca30fee47caf456484031cfd29f8ed38ed3d0fbbd813a063ff3a0036a07810c"}}
[2m2025-12-10T10:12:23.681419Z[0m [34mDEBUG[0m [2methereum_transaction_pool_monitor::eth_client[0m[2m:[0m 📨 Received pending transaction: 0x7ca30fee47caf456484031cfd29f8ed38ed3d0fbbd813a063ff3a0036a07810c
[2m2025-12-10T10:12:23.681428Z[0m [34mDEBUG[0m [2methereum_transaction_pool_monitor::mempool_monitor[0m[2m:[0m 📨 Processing new pending transaction: 0x7ca30fee47caf456484031cfd29f8ed38ed3d0fbbd813a063ff3a0036a07810c
[2m2025-12-10T10:12:23.681435Z[0m [34mDEBUG[0m [2methereum_transaction_pool_monitor::mempool_monitor[0m[2m:[0m 🔍 Fetching transaction details for: 0x7ca30fee47caf456484031cfd29f8ed38ed3d0fbbd813a063ff3a0036a07810c
[2m2025-12-10T10:12:23.681533Z[0m [34mDEBUG[0m [2methereum_transaction_pool_monitor::eth_client[0m[2m:[0m 🔍 Fetching transaction details for hash: 0x7ca30fee47caf456484031cfd29f8ed38ed3d0fbbd813a063ff3a0036a07810c
[2m2025-12-10T10:12:23.681554Z[0m [34mDEBUG[0m [2mhyper::client::pool[0m[2m:[0m reuse idle connection for ("http", 192.168.0.14:8545)
[2m2025-12-10T10:12:23.681572Z[0m [34mDEBUG[0m [2mhyper::proto::h1::io[0m[2m:[0m flushed 250 bytes
[2m2025-12-10T10:12:23.686478Z[0m [34mDEBUG[0m [2mhyper::proto::h1::io[0m[2m:[0m parsed 4 headers
[2m2025-12-10T10:12:23.686488Z[0m [34mDEBUG[0m [2mhyper::proto::h1::conn[0m[2m:[0m incoming body is content-length (639 bytes)
[2m2025-12-10T10:12:23.686494Z[0m [34mDEBUG[0m [2mhyper::proto::h1::conn[0m[2m:[0m incoming body completed
[2m2025-12-10T10:12:23.686502Z[0m [34mDEBUG[0m [2mhyper::client::pool[0m[2m:[0m pooling idle connection for ("http", 192.168.0.14:8545)
[2m2025-12-10T10:12:23.686508Z[0m [34mDEBUG[0m [2methereum_transaction_pool_monitor::eth_client[0m[2m:[0m 📡 Transaction fetch RPC completed in 4.967459ms
[2m2025-12-10T10:12:23.757136Z[0m [34mDEBUG[0m [2methereum_transaction_pool_monitor::eth_client[0m[2m:[0m ✅ Transaction 0x7ca30fee47caf456484031cfd29f8ed38ed3d0fbbd813a063ff3a0036a07810c fetched and parsed in 75.593459ms
[2m2025-12-10T10:12:23.757161Z[0m [34mDEBUG[0m [2methereum_transaction_pool_monitor::mempool_monitor[0m[2m:[0m 🔍 Skipping tx 0x7ca30fee47caf456484031cfd29f8ed38ed3d0fbbd813a063ff3a0036a07810c - not a DEX interaction (target: 0xF317cADF148242C5023036721de712E0bD962578)
[2m2025-12-10T10:12:23.757205Z[0m [34mDEBUG[0m [2mhyper::client::pool[0m[2m:[0m reuse idle connection for ("http", 192.168.0.14:8545)
[2m2025-12-10T10:12:23.757247Z[0m [34mDEBUG[0m [2mhyper::proto::h1::io[0m[2m:[0m flushed 172 bytes
[2m2025-12-10T10:12:23.760444Z[0m [34mDEBUG[0m [2mhyper::proto::h1::io[0m[2m:[0m parsed 4 headers
[2m2025-12-10T10:12:23.760455Z[0m [34mDEBUG[0m [2mhyper::proto::h1::conn[0m[2m:[0m incoming body is content-length (45 bytes)
[2m2025-12-10T10:12:23.760461Z[0m [34mDEBUG[0m [2mhyper::proto::h1::conn[0m[2m:[0m incoming body completed
[2m2025-12-10T10:12:23.760469Z[0m [34mDEBUG[0m [2mhyper::client::pool[0m[2m:[0m pooling idle connection for ("http", 192.168.0.14:8545)
[2m2025-12-10T10:12:23.769580Z[0m [34mDEBUG[0m [2methereum_transaction_pool_monitor::eth_client[0m[2m:[0m 📨 Received WebSocket message: {"jsonrpc":"2.0","method":"eth_subscription","params":{"subscription":"0xbed0a0851463e895960a451075a301a9","result":"0x71a6d984948fbb507f4da98d76b80a36ee4fc44c6f64a914c7a1ce6ff6a62a8e"}}
[2m2025-12-10T10:12:23.769591Z[0m [34mDEBUG[0m [2methereum_transaction_pool_monitor::eth_client[0m[2m:[0m 📨 Received pending transaction: 0x71a6d984948fbb507f4da98d76b80a36ee4fc44c6f64a914c7a1ce6ff6a62a8e
[2m2025-12-10T10:12:23.769598Z[0m [34mDEBUG[0m [2methereum_transaction_pool_monitor::mempool_monitor[0m[2m:[0m 📨 Processing new pending transaction: 0x71a6d984948fbb507f4da98d76b80a36ee4fc44c6f64a914c7a1ce6ff6a62a8e
[2m2025-12-10T10:12:23.769602Z[0m [34mDEBUG[0m [2methereum_transaction_pool_monitor::mempool_monitor[0m[2m:[0m 🔍 Fetching transaction details for: 0x71a6d984948fbb507f4da98d76b80a36ee4fc44c6f64a914c7a1ce6ff6a62a8e
[2m2025-12-10T10:12:23.769605Z[0m [34mDEBUG[0m [2methereum_transaction_pool_monitor::eth_client[0m[2m:[0m 🔍 Fetching transaction details for hash: 0x71a6d984948fbb507f4da98d76b80a36ee4fc44c6f64a914c7a1ce6ff6a62a8e
[2m2025-12-10T10:12:23.769617Z[0m [34mDEBUG[0m [2mhyper::client::pool[0m[2m:[0m reuse idle connection for ("http", 192.168.0.14:8545)
[2m2025-12-10T10:12:23.769633Z[0m [34mDEBUG[0m [2mhyper::proto::h1::io[0m[2m:[0m flushed 250 bytes
[2m2025-12-10T10:12:23.774663Z[0m [34mDEBUG[0m [2mhyper::proto::h1::io[0m[2m:[0m parsed 4 headers
[2m2025-12-10T10:12:23.774675Z[0m [34mDEBUG[0m [2mhyper::proto::h1::conn[0m[2m:[0m incoming body is content-length (905 bytes)
[2m2025-12-10T10:12:23.774681Z[0m [34mDEBUG[0m [2mhyper::proto::h1::conn[0m[2m:[0m incoming body completed
[2m2025-12-10T10:12:23.774688Z[0m [34mDEBUG[0m [2mhyper::client::pool[0m[2m:[0m pooling idle connection for ("http", 192.168.0.14:8545)
[2m2025-12-10T10:12:23.774694Z[0m [34mDEBUG[0m [2methereum_transaction_pool_monitor::eth_client[0m[2m:[0m 📡 Transaction fetch RPC completed in 5.085625ms
[2m2025-12-10T10:12:23.846020Z[0m [34mDEBUG[0m [2methereum_transaction_pool_monitor::eth_client[0m[2m:[0m ✅ Transaction 0x71a6d984948fbb507f4da98d76b80a36ee4fc44c6f64a914c7a1ce6ff6a62a8e fetched and parsed in 76.40975ms
[2m2025-12-10T10:12:23.846052Z[0m [34mDEBUG[0m [2methereum_transaction_pool_monitor::mempool_monitor[0m[2m:[0m 🔍 Skipping tx 0x71a6d984948fbb507f4da98d76b80a36ee4fc44c6f64a914c7a1ce6ff6a62a8e - not a DEX interaction (target: 0xFf00000000000000000000000000000000008453)
[2m2025-12-10T10:12:23.846099Z[0m [34mDEBUG[0m [2mhyper::client::pool[0m[2m:[0m reuse idle connection for ("http", 192.168.0.14:8545)
[2m2025-12-10T10:12:23.846130Z[0m [34mDEBUG[0m [2mhyper::proto::h1::io[0m[2m:[0m flushed 172 bytes
[2m2025-12-10T10:12:23.849984Z[0m [34mDEBUG[0m [2mhyper::proto::h1::io[0m[2m:[0m parsed 4 headers
[2m2025-12-10T10:12:23.850013Z[0m [34mDEBUG[0m [2mhyper::proto::h1::conn[0m[2m:[0m incoming body is content-length (45 bytes)
[2m2025-12-10T10:12:23.850023Z[0m [34mDEBUG[0m [2mhyper::proto::h1::conn[0m[2m:[0m incoming body completed
[2m2025-12-10T10:12:23.850047Z[0m [34mDEBUG[0m [2mhyper::client::pool[0m[2m:[0m pooling idle connection for ("http", 192.168.0.14:8545)
[2m2025-12-10T10:12:23.900032Z[0m [34mDEBUG[0m [2mhyper::client::pool[0m[2m:[0m reuse idle connection for ("http", 192.168.0.14:8545)
[2m2025-12-10T10:12:23.900120Z[0m [34mDEBUG[0m [2mhyper::proto::h1::io[0m[2m:[0m flushed 172 bytes
[2m2025-12-10T10:12:23.906617Z[0m [34mDEBUG[0m [2mhyper::proto::h1::io[0m[2m:[0m parsed 4 headers
[2m2025-12-10T10:12:23.906627Z[0m [34mDEBUG[0m [2mhyper::proto::h1::conn[0m[2m:[0m incoming body is content-length (45 bytes)
[2m2025-12-10T10:12:23.906642Z[0m [34mDEBUG[0m [2mhyper::proto::h1::conn[0m[2m:[0m incoming body completed
[2m2025-12-10T10:12:23.906658Z[0m [34mDEBUG[0m [2mhyper::client::pool[0m[2m:[0m pooling idle connection for ("http", 192.168.0.14:8545)
[2m2025-12-10T10:12:23.929462Z[0m [34mDEBUG[0m [2methereum_transaction_pool_monitor::eth_client[0m[2m:[0m 📨 Received WebSocket message: {"jsonrpc":"2.0","method":"eth_subscription","params":{"subscription":"0xbed0a0851463e895960a451075a301a9","result":"0x9788627b692a9253387f3e337dd0a4ac108bb0d00b3d0db8b5a6a2fd26bcf3e8"}}
[2m2025-12-10T10:12:23.929480Z[0m [34mDEBUG[0m [2methereum_transaction_pool_monitor::eth_client[0m[2m:[0m 📨 Received pending transaction: 0x9788627b692a9253387f3e337dd0a4ac108bb0d00b3d0db8b5a6a2fd26bcf3e8
[2m2025-12-10T10:12:23.929487Z[0m [34mDEBUG[0m [2methereum_transaction_pool_monitor::mempool_monitor[0m[2m:[0m 📨 Processing new pending transaction: 0x9788627b692a9253387f3e337dd0a4ac108bb0d00b3d0db8b5a6a2fd26bcf3e8
[2m2025-12-10T10:12:23.929491Z[0m [34mDEBUG[0m [2methereum_transaction_pool_monitor::mempool_monitor[0m[2m:[0m 🔍 Fetching transaction details for: 0x9788627b692a9253387f3e337dd0a4ac108bb0d00b3d0db8b5a6a2fd26bcf3e8
[2m2025-12-10T10:12:23.929495Z[0m [34mDEBUG[0m [2methereum_transaction_pool_monitor::eth_client[0m[2m:[0m 🔍 Fetching transaction details for hash: 0x9788627b692a9253387f3e337dd0a4ac108bb0d00b3d0db8b5a6a2fd26bcf3e8
[2m2025-12-10T10:12:23.929511Z[0m [34mDEBUG[0m [2mhyper::client::pool[0m[2m:[0m reuse idle connection for ("http", 192.168.0.14:8545)
[2m2025-12-10T10:12:23.929531Z[0m [34mDEBUG[0m [2mhyper::proto::h1::io[0m[2m:[0m flushed 250 bytes
[2m2025-12-10T10:12:23.937095Z[0m [34mDEBUG[0m [2mhyper::proto::h1::io[0m[2m:[0m parsed 4 headers
[2m2025-12-10T10:12:23.937127Z[0m [34mDEBUG[0m [2mhyper::proto::h1::conn[0m[2m:[0m incoming body is content-length (778 bytes)
[2m2025-12-10T10:12:23.937137Z[0m [34mDEBUG[0m [2mhyper::proto::h1::conn[0m[2m:[0m incoming body completed
[2m2025-12-10T10:12:23.937151Z[0m [34mDEBUG[0m [2mhyper::client::pool[0m[2m:[0m pooling idle connection for ("http", 192.168.0.14:8545)
[2m2025-12-10T10:12:23.937161Z[0m [34mDEBUG[0m [2methereum_transaction_pool_monitor::eth_client[0m[2m:[0m 📡 Transaction fetch RPC completed in 7.662375ms
[2m2025-12-10T10:12:24.011047Z[0m [34mDEBUG[0m [2methereum_transaction_pool_monitor::eth_client[0m[2m:[0m ✅ Transaction 0x9788627b692a9253387f3e337dd0a4ac108bb0d00b3d0db8b5a6a2fd26bcf3e8 fetched and parsed in 81.546167ms
[2m2025-12-10T10:12:24.011070Z[0m [34mDEBUG[0m [2methereum_transaction_pool_monitor::mempool_monitor[0m[2m:[0m 🔍 Skipping tx 0x9788627b692a9253387f3e337dd0a4ac108bb0d00b3d0db8b5a6a2fd26bcf3e8 - not a DEX interaction (target: 0xCa14007Eff0dB1f8135f4C25B34De49AB0d42766)
[2m2025-12-10T10:12:24.011106Z[0m [34mDEBUG[0m [2mhyper::client::pool[0m[2m:[0m reuse idle connection for ("http", 192.168.0.14:8545)
[2m2025-12-10T10:12:24.011134Z[0m [34mDEBUG[0m [2mhyper::proto::h1::io[0m[2m:[0m flushed 172 bytes
[2m2025-12-10T10:12:24.011138Z[0m [34mDEBUG[0m [2methereum_transaction_pool_monitor::eth_client[0m[2m:[0m 📨 Received WebSocket message: {"jsonrpc":"2.0","method":"eth_subscription","params":{"subscription":"0xbed0a0851463e895960a451075a301a9","result":"0xe3dec6bc9e1918c6935d00703253938a0e2b5fc554d5c0ec04ffff1c8aff5f36"}}
[2m2025-12-10T10:12:24.011159Z[0m [34mDEBUG[0m [2methereum_transaction_pool_monitor::eth_client[0m[2m:[0m 📨 Received pending transaction: 0xe3dec6bc9e1918c6935d00703253938a0e2b5fc554d5c0ec04ffff1c8aff5f36
[2m2025-12-10T10:12:24.011167Z[0m [34mDEBUG[0m [2methereum_transaction_pool_monitor::mempool_monitor[0m[2m:[0m 📨 Processing new pending transaction: 0xe3dec6bc9e1918c6935d00703253938a0e2b5fc554d5c0ec04ffff1c8aff5f36
[2m2025-12-10T10:12:24.011173Z[0m [34mDEBUG[0m [2methereum_transaction_pool_monitor::mempool_monitor[0m[2m:[0m 🔍 Fetching transaction details for: 0xe3dec6bc9e1918c6935d00703253938a0e2b5fc554d5c0ec04ffff1c8aff5f36
[2m2025-12-10T10:12:24.011177Z[0m [34mDEBUG[0m [2methereum_transaction_pool_monitor::eth_client[0m[2m:[0m 🔍 Fetching transaction details for hash: 0xe3dec6bc9e1918c6935d00703253938a0e2b5fc554d5c0ec04ffff1c8aff5f36
[2m2025-12-10T10:12:24.011185Z[0m [34mDEBUG[0m [2mhyper::client::pool[0m[2m:[0m reuse idle connection for ("http", 192.168.0.14:8545)
[2m2025-12-10T10:12:24.011196Z[0m [34mDEBUG[0m [2mhyper::proto::h1::io[0m[2m:[0m flushed 250 bytes
[2m2025-12-10T10:12:24.016117Z[0m [34mDEBUG[0m [2mhyper::proto::h1::io[0m[2m:[0m parsed 4 headers
[2m2025-12-10T10:12:24.016130Z[0m [34mDEBUG[0m [2mhyper::proto::h1::conn[0m[2m:[0m incoming body is content-length (45 bytes)
[2m2025-12-10T10:12:24.016137Z[0m [34mDEBUG[0m [2mhyper::proto::h1::conn[0m[2m:[0m incoming body completed
[2m2025-12-10T10:12:24.016146Z[0m [34mDEBUG[0m [2mhyper::client::pool[0m[2m:[0m pooling idle connection for ("http", 192.168.0.14:8545)
[2m2025-12-10T10:12:24.019613Z[0m [34mDEBUG[0m [2mhyper::proto::h1::io[0m[2m:[0m parsed 4 headers
[2m2025-12-10T10:12:24.019624Z[0m [34mDEBUG[0m [2mhyper::proto::h1::conn[0m[2m:[0m incoming body is content-length (644 bytes)
[2m2025-12-10T10:12:24.019630Z[0m [34mDEBUG[0m [2mhyper::proto::h1::conn[0m[2m:[0m incoming body completed
[2m2025-12-10T10:12:24.019637Z[0m [34mDEBUG[0m [2mhyper::client::pool[0m[2m:[0m pooling idle connection for ("http", 192.168.0.14:8545)
[2m2025-12-10T10:12:24.019642Z[0m [34mDEBUG[0m [2methereum_transaction_pool_monitor::eth_client[0m[2m:[0m 📡 Transaction fetch RPC completed in 8.461083ms
[2m2025-12-10T10:12:24.090260Z[0m [34mDEBUG[0m [2methereum_transaction_pool_monitor::eth_client[0m[2m:[0m ✅ Transaction 0xe3dec6bc9e1918c6935d00703253938a0e2b5fc554d5c0ec04ffff1c8aff5f36 fetched and parsed in 79.076791ms
[2m2025-12-10T10:12:24.090286Z[0m [34mDEBUG[0m [2methereum_transaction_pool_monitor::mempool_monitor[0m[2m:[0m 🔍 Skipping tx 0xe3dec6bc9e1918c6935d00703253938a0e2b5fc554d5c0ec04ffff1c8aff5f36 - not a DEX interaction (target: 0xDFaa75323fB721e5f29D43859390f62Cc4B600b8)
[2m2025-12-10T10:12:24.090342Z[0m [34mDEBUG[0m [2methereum_transaction_pool_monitor::eth_client[0m[2m:[0m 📨 Received WebSocket message: {"jsonrpc":"2.0","method":"eth_subscription","params":{"subscription":"0xbed0a0851463e895960a451075a301a9","result":"0x5d3993f70bf98c85a5776a64e50c2ffd17d7d5a1d7d072df730955e8ed2dbaa4"}}
[2m2025-12-10T10:12:24.090351Z[0m [34mDEBUG[0m [2methereum_transaction_pool_monitor::eth_client[0m[2m:[0m 📨 Received pending transaction: 0x5d3993f70bf98c85a5776a64e50c2ffd17d7d5a1d7d072df730955e8ed2dbaa4
[2m2025-12-10T10:12:24.090358Z[0m [34mDEBUG[0m [2methereum_transaction_pool_monitor::mempool_monitor[0m[2m:[0m 📨 Processing new pending transaction: 0x5d3993f70bf98c85a5776a64e50c2ffd17d7d5a1d7d072df730955e8ed2dbaa4
[2m2025-12-10T10:12:24.090362Z[0m [34mDEBUG[0m [2methereum_transaction_pool_monitor::mempool_monitor[0m[2m:[0m 🔍 Fetching transaction details for: 0x5d3993f70bf98c85a5776a64e50c2ffd17d7d5a1d7d072df730955e8ed2dbaa4
[2m2025-12-10T10:12:24.090366Z[0m [34mDEBUG[0m [2methereum_transaction_pool_monitor::eth_client[0m[2m:[0m 🔍 Fetching transaction details for hash: 0x5d3993f70bf98c85a5776a64e50c2ffd17d7d5a1d7d072df730955e8ed2dbaa4
[2m2025-12-10T10:12:24.090382Z[0m [34mDEBUG[0m [2mhyper::client::pool[0m[2m:[0m reuse idle connection for ("http", 192.168.0.14:8545)
[2m2025-12-10T10:12:24.090407Z[0m [34mDEBUG[0m [2mhyper::proto::h1::io[0m[2m:[0m flushed 250 bytes
[2m2025-12-10T10:12:24.095024Z[0m [34mDEBUG[0m [2mhyper::proto::h1::io[0m[2m:[0m parsed 4 headers
[2m2025-12-10T10:12:24.095706Z[0m [34mDEBUG[0m [2mhyper::proto::h1::conn[0m[2m:[0m incoming body is content-length (830 bytes)
[2m2025-12-10T10:12:24.095715Z[0m [34mDEBUG[0m [2mhyper::proto::h1::conn[0m[2m:[0m incoming body completed
[2m2025-12-10T10:12:24.095726Z[0m [34mDEBUG[0m [2mhyper::client::pool[0m[2m:[0m pooling idle connection for ("http", 192.168.0.14:8545)
[2m2025-12-10T10:12:24.095733Z[0m [34mDEBUG[0m [2methereum_transaction_pool_monitor::eth_client[0m[2m:[0m 📡 Transaction fetch RPC completed in 5.364125ms
[2m2025-12-10T10:12:24.165370Z[0m [34mDEBUG[0m [2methereum_transaction_pool_monitor::eth_client[0m[2m:[0m ✅ Transaction 0x5d3993f70bf98c85a5776a64e50c2ffd17d7d5a1d7d072df730955e8ed2dbaa4 fetched and parsed in 74.997625ms
[2m2025-12-10T10:12:24.165396Z[0m [34mDEBUG[0m [2methereum_transaction_pool_monitor::mempool_monitor[0m[2m:[0m 🔍 Skipping tx 0x5d3993f70bf98c85a5776a64e50c2ffd17d7d5a1d7d072df730955e8ed2dbaa4 - not a DEX interaction (target: 0x3B4D794a66304F130a4Db8F2551B0070dfCf5ca7)
[2m2025-12-10T10:12:24.165440Z[0m [34mDEBUG[0m [2mhyper::client::pool[0m[2m:[0m reuse idle connection for ("http", 192.168.0.14:8545)
[2m2025-12-10T10:12:24.165476Z[0m [34mDEBUG[0m [2mhyper::proto::h1::io[0m[2m:[0m flushed 172 bytes
[2m2025-12-10T10:12:24.169809Z[0m [34mDEBUG[0m [2mhyper::proto::h1::io[0m[2m:[0m parsed 4 headers
[2m2025-12-10T10:12:24.169821Z[0m [34mDEBUG[0m [2mhyper::proto::h1::conn[0m[2m:[0m incoming body is content-length (45 bytes)
[2m2025-12-10T10:12:24.169828Z[0m [34mDEBUG[0m [2mhyper::proto::h1::conn[0m[2m:[0m incoming body completed
[2m2025-12-10T10:12:24.169839Z[0m [34mDEBUG[0m [2mhyper::client::pool[0m[2m:[0m pooling idle connection for ("http", 192.168.0.14:8545)
[2m2025-12-10T10:12:24.179071Z[0m [34mDEBUG[0m [2methereum_transaction_pool_monitor::eth_client[0m[2m:[0m 📨 Received WebSocket message: {"jsonrpc":"2.0","method":"eth_subscription","params":{"subscription":"0xbed0a0851463e895960a451075a301a9","result":"0xe326f5a2e75f25977789e8a1db0ee33ddc62c56143d63eaed55e793c730bb22d"}}
[2m2025-12-10T10:12:24.179350Z[0m [34mDEBUG[0m [2methereum_transaction_pool_monitor::eth_client[0m[2m:[0m 📨 Received pending transaction: 0xe326f5a2e75f25977789e8a1db0ee33ddc62c56143d63eaed55e793c730bb22d
[2m2025-12-10T10:12:24.179358Z[0m [34mDEBUG[0m [2methereum_transaction_pool_monitor::mempool_monitor[0m[2m:[0m 📨 Processing new pending transaction: 0xe326f5a2e75f25977789e8a1db0ee33ddc62c56143d63eaed55e793c730bb22d
[2m2025-12-10T10:12:24.179361Z[0m [34mDEBUG[0m [2methereum_transaction_pool_monitor::mempool_monitor[0m[2m:[0m 🔍 Fetching transaction details for: 0xe326f5a2e75f25977789e8a1db0ee33ddc62c56143d63eaed55e793c730bb22d
[2m2025-12-10T10:12:24.179365Z[0m [34mDEBUG[0m [2methereum_transaction_pool_monitor::eth_client[0m[2m:[0m 🔍 Fetching transaction details for hash: 0xe326f5a2e75f25977789e8a1db0ee33ddc62c56143d63eaed55e793c730bb22d
[2m2025-12-10T10:12:24.179379Z[0m [34mDEBUG[0m [2mhyper::client::pool[0m[2m:[0m reuse idle connection for ("http", 192.168.0.14:8545)
[2m2025-12-10T10:12:24.179395Z[0m [34mDEBUG[0m [2mhyper::proto::h1::io[0m[2m:[0m flushed 250 bytes
[2m2025-12-10T10:12:24.183305Z[0m [34mDEBUG[0m [2mhyper::proto::h1::io[0m[2m:[0m parsed 4 headers
[2m2025-12-10T10:12:24.183311Z[0m [34mDEBUG[0m [2mhyper::proto::h1::conn[0m[2m:[0m incoming body is content-length (770 bytes)
[2m2025-12-10T10:12:24.183316Z[0m [34mDEBUG[0m [2mhyper::proto::h1::conn[0m[2m:[0m incoming body completed
[2m2025-12-10T10:12:24.183323Z[0m [34mDEBUG[0m [2mhyper::client::pool[0m[2m:[0m pooling idle connection for ("http", 192.168.0.14:8545)
[2m2025-12-10T10:12:24.183328Z[0m [34mDEBUG[0m [2methereum_transaction_pool_monitor::eth_client[0m[2m:[0m 📡 Transaction fetch RPC completed in 3.959583ms
[2m2025-12-10T10:12:24.253848Z[0m [34mDEBUG[0m [2methereum_transaction_pool_monitor::eth_client[0m[2m:[0m ✅ Transaction 0xe326f5a2e75f25977789e8a1db0ee33ddc62c56143d63eaed55e793c730bb22d fetched and parsed in 74.477333ms
[2m2025-12-10T10:12:24.253873Z[0m [34mDEBUG[0m [2methereum_transaction_pool_monitor::mempool_monitor[0m[2m:[0m 🔍 Skipping tx 0xe326f5a2e75f25977789e8a1db0ee33ddc62c56143d63eaed55e793c730bb22d - not a DEX interaction (target: 0xA0b86991c6218b36c1d19D4a2e9Eb0cE3606eB48)
[2m2025-12-10T10:12:24.253907Z[0m [34mDEBUG[0m [2mhyper::client::pool[0m[2m:[0m reuse idle connection for ("http", 192.168.0.14:8545)
[2m2025-12-10T10:12:24.253932Z[0m [34mDEBUG[0m [2mhyper::proto::h1::io[0m[2m:[0m flushed 172 bytes
[2m2025-12-10T10:12:24.253948Z[0m [34mDEBUG[0m [2methereum_transaction_pool_monitor::eth_client[0m[2m:[0m 📨 Received WebSocket message: {"jsonrpc":"2.0","method":"eth_subscription","params":{"subscription":"0xbed0a0851463e895960a451075a301a9","result":"0x04a67d135fa2f7eebce284a2abc84e8c7b37e3bdd0f611cf91d737e8e34ea293"}}
[2m2025-12-10T10:12:24.253959Z[0m [34mDEBUG[0m [2methereum_transaction_pool_monitor::eth_client[0m[2m:[0m 📨 Received pending transaction: 0x04a67d135fa2f7eebce284a2abc84e8c7b37e3bdd0f611cf91d737e8e34ea293
[2m2025-12-10T10:12:24.253967Z[0m [34mDEBUG[0m [2methereum_transaction_pool_monitor::mempool_monitor[0m[2m:[0m 📨 Processing new pending transaction: 0x04a67d135fa2f7eebce284a2abc84e8c7b37e3bdd0f611cf91d737e8e34ea293
[2m2025-12-10T10:12:24.254288Z[0m [34mDEBUG[0m [2methereum_transaction_pool_monitor::mempool_monitor[0m[2m:[0m 🔍 Fetching transaction details for: 0x04a67d135fa2f7eebce284a2abc84e8c7b37e3bdd0f611cf91d737e8e34ea293
[2m2025-12-10T10:12:24.254295Z[0m [34mDEBUG[0m [2methereum_transaction_pool_monitor::eth_client[0m[2m:[0m 🔍 Fetching transaction details for hash: 0x04a67d135fa2f7eebce284a2abc84e8c7b37e3bdd0f611cf91d737e8e34ea293
[2m2025-12-10T10:12:24.254308Z[0m [34mDEBUG[0m [2mhyper::client::pool[0m[2m:[0m reuse idle connection for ("http", 192.168.0.14:8545)
[2m2025-12-10T10:12:24.254324Z[0m [34mDEBUG[0m [2mhyper::proto::h1::io[0m[2m:[0m flushed 250 bytes
[2m2025-12-10T10:12:24.258608Z[0m [34mDEBUG[0m [2mhyper::proto::h1::io[0m[2m:[0m parsed 4 headers
[2m2025-12-10T10:12:24.258776Z[0m [34mDEBUG[0m [2mhyper::proto::h1::conn[0m[2m:[0m incoming body is content-length (45 bytes)
[2m2025-12-10T10:12:24.258787Z[0m [34mDEBUG[0m [2mhyper::proto::h1::conn[0m[2m:[0m incoming body completed
[2m2025-12-10T10:12:24.258800Z[0m [34mDEBUG[0m [2mhyper::client::pool[0m[2m:[0m pooling idle connection for ("http", 192.168.0.14:8545)
[2m2025-12-10T10:12:24.259777Z[0m [34mDEBUG[0m [2mhyper::proto::h1::io[0m[2m:[0m parsed 4 headers
[2m2025-12-10T10:12:24.259782Z[0m [34mDEBUG[0m [2mhyper::proto::h1::conn[0m[2m:[0m incoming body is content-length (828 bytes)
[2m2025-12-10T10:12:24.259787Z[0m [34mDEBUG[0m [2mhyper::proto::h1::conn[0m[2m:[0m incoming body completed
[2m2025-12-10T10:12:24.259792Z[0m [34mDEBUG[0m [2mhyper::client::pool[0m[2m:[0m pooling idle connection for ("http", 192.168.0.14:8545)
[2m2025-12-10T10:12:24.259796Z[0m [34mDEBUG[0m [2methereum_transaction_pool_monitor::eth_client[0m[2m:[0m 📡 Transaction fetch RPC completed in 5.496458ms
[2m2025-12-10T10:12:24.330759Z[0m [34mDEBUG[0m [2methereum_transaction_pool_monitor::eth_client[0m[2m:[0m ✅ Transaction 0x04a67d135fa2f7eebce284a2abc84e8c7b37e3bdd0f611cf91d737e8e34ea293 fetched and parsed in 76.456958ms
[2m2025-12-10T10:12:24.330789Z[0m [34mDEBUG[0m [2methereum_transaction_pool_monitor::mempool_monitor[0m[2m:[0m 🔍 Skipping tx 0x04a67d135fa2f7eebce284a2abc84e8c7b37e3bdd0f611cf91d737e8e34ea293 - not a DEX interaction (target: 0x51C03A791e0F22D66F17edA5a897c108d5CF7ce7)
[2m2025-12-10T10:12:24.330834Z[0m [34mDEBUG[0m [2mhyper::client::pool[0m[2m:[0m reuse idle connection for ("http", 192.168.0.14:8545)
[2m2025-12-10T10:12:24.330887Z[0m [34mDEBUG[0m [2mhyper::proto::h1::io[0m[2m:[0m flushed 172 bytes
[2m2025-12-10T10:12:24.334026Z[0m [34mDEBUG[0m [2mhyper::proto::h1::io[0m[2m:[0m parsed 4 headers
[2m2025-12-10T10:12:24.334048Z[0m [34mDEBUG[0m [2mhyper::proto::h1::conn[0m[2m:[0m incoming body is content-length (45 bytes)
[2m2025-12-10T10:12:24.334079Z[0m [34mDEBUG[0m [2mhyper::proto::h1::conn[0m[2m:[0m incoming body completed
[2m2025-12-10T10:12:24.334104Z[0m [34mDEBUG[0m [2mhyper::client::pool[0m[2m:[0m pooling idle connection for ("http", 192.168.0.14:8545)
[2m2025-12-10T10:12:24.399821Z[0m [34mDEBUG[0m [2mhyper::client::pool[0m[2m:[0m reuse idle connection for ("http", 192.168.0.14:8545)
[2m2025-12-10T10:12:24.399900Z[0m [34mDEBUG[0m [2mhyper::proto::h1::io[0m[2m:[0m flushed 172 bytes
[2m2025-12-10T10:12:24.402928Z[0m [34mDEBUG[0m [2mhyper::proto::h1::io[0m[2m:[0m parsed 4 headers
[2m2025-12-10T10:12:24.402949Z[0m [34mDEBUG[0m [2mhyper::proto::h1::conn[0m[2m:[0m incoming body is content-length (45 bytes)
[2m2025-12-10T10:12:24.402972Z[0m [34mDEBUG[0m [2mhyper::proto::h1::conn[0m[2m:[0m incoming body completed
[2m2025-12-10T10:12:24.402982Z[0m [34mDEBUG[0m [2mhyper::client::pool[0m[2m:[0m pooling idle connection for ("http", 192.168.0.14:8545)
[2m2025-12-10T10:12:24.442875Z[0m [34mDEBUG[0m [2methereum_transaction_pool_monitor::eth_client[0m[2m:[0m 📨 Received WebSocket message: {"jsonrpc":"2.0","method":"eth_subscription","params":{"subscription":"0xbed0a0851463e895960a451075a301a9","result":"0x597102d510db2f9fc83ee9150dd5f7aabdcd8de731800952c8f8ed4e6887758b"}}
[2m2025-12-10T10:12:24.442908Z[0m [34mDEBUG[0m [2methereum_transaction_pool_monitor::eth_client[0m[2m:[0m 📨 Received pending transaction: 0x597102d510db2f9fc83ee9150dd5f7aabdcd8de731800952c8f8ed4e6887758b
[2m2025-12-10T10:12:24.442922Z[0m [34mDEBUG[0m [2methereum_transaction_pool_monitor::mempool_monitor[0m[2m:[0m 📨 Processing new pending transaction: 0x597102d510db2f9fc83ee9150dd5f7aabdcd8de731800952c8f8ed4e6887758b
[2m2025-12-10T10:12:24.442930Z[0m [34mDEBUG[0m [2methereum_transaction_pool_monitor::mempool_monitor[0m[2m:[0m 🔍 Fetching transaction details for: 0x597102d510db2f9fc83ee9150dd5f7aabdcd8de731800952c8f8ed4e6887758b
[2m2025-12-10T10:12:24.442936Z[0m [34mDEBUG[0m [2methereum_transaction_pool_monitor::eth_client[0m[2m:[0m 🔍 Fetching transaction details for hash: 0x597102d510db2f9fc83ee9150dd5f7aabdcd8de731800952c8f8ed4e6887758b
[2m2025-12-10T10:12:24.442969Z[0m [34mDEBUG[0m [2mhyper::client::pool[0m[2m:[0m reuse idle connection for ("http", 192.168.0.14:8545)
[2m2025-12-10T10:12:24.443001Z[0m [34mDEBUG[0m [2mhyper::proto::h1::io[0m[2m:[0m flushed 250 bytes
[2m2025-12-10T10:12:24.451859Z[0m [34mDEBUG[0m [2mhyper::proto::h1::io[0m[2m:[0m parsed 4 headers
[2m2025-12-10T10:12:24.451875Z[0m [34mDEBUG[0m [2mhyper::proto::h1::conn[0m[2m:[0m incoming body is content-length (1731 bytes)
[2m2025-12-10T10:12:24.451891Z[0m [34mDEBUG[0m [2methereum_transaction_pool_monitor::eth_client[0m[2m:[0m 📡 Transaction fetch RPC completed in 8.947583ms
[2m2025-12-10T10:12:24.452484Z[0m [34mDEBUG[0m [2mhyper::proto::h1::conn[0m[2m:[0m incoming body completed
[2m2025-12-10T10:12:24.452495Z[0m [34mDEBUG[0m [2mhyper::client::pool[0m[2m:[0m pooling idle connection for ("http", 192.168.0.14:8545)
[2m2025-12-10T10:12:24.497839Z[0m [34mDEBUG[0m [2mhyper::client::pool[0m[2m:[0m reuse idle connection for ("http", 192.168.0.14:8545)
[2m2025-12-10T10:12:24.497903Z[0m [34mDEBUG[0m [2mhyper::proto::h1::io[0m[2m:[0m flushed 172 bytes
[2m2025-12-10T10:12:24.502855Z[0m [34mDEBUG[0m [2mhyper::proto::h1::io[0m[2m:[0m parsed 4 headers
[2m2025-12-10T10:12:24.502870Z[0m [34mDEBUG[0m [2mhyper::proto::h1::conn[0m[2m:[0m incoming body is content-length (45 bytes)
[2m2025-12-10T10:12:24.502878Z[0m [34mDEBUG[0m [2mhyper::proto::h1::conn[0m[2m:[0m incoming body completed
[2m2025-12-10T10:12:24.502887Z[0m [34mDEBUG[0m [2mhyper::client::pool[0m[2m:[0m pooling idle connection for ("http", 192.168.0.14:8545)
[2m2025-12-10T10:12:24.527201Z[0m [34mDEBUG[0m [2methereum_transaction_pool_monitor::eth_client[0m[2m:[0m ✅ Transaction 0x597102d510db2f9fc83ee9150dd5f7aabdcd8de731800952c8f8ed4e6887758b fetched and parsed in 84.255542ms
[2m2025-12-10T10:12:24.527224Z[0m [34mDEBUG[0m [2methereum_transaction_pool_monitor::mempool_monitor[0m[2m:[0m 🔍 Skipping tx 0x597102d510db2f9fc83ee9150dd5f7aabdcd8de731800952c8f8ed4e6887758b - not a DEX interaction (target: 0x601a2aD6CB5949f0529735254189Ba3194221EDF)
[2m2025-12-10T10:12:24.540268Z[0m [34mDEBUG[0m [2methereum_transaction_pool_monitor::eth_client[0m[2m:[0m 📨 Received WebSocket message: {"jsonrpc":"2.0","method":"eth_subscription","params":{"subscription":"0xbed0a0851463e895960a451075a301a9","result":"0xdd5ab53bd80ddf46933cf76586f4eef603465ac7ade3f51594dc36d505a87ed4"}}
[2m2025-12-10T10:12:24.540284Z[0m [34mDEBUG[0m [2methereum_transaction_pool_monitor::eth_client[0m[2m:[0m 📨 Received pending transaction: 0xdd5ab53bd80ddf46933cf76586f4eef603465ac7ade3f51594dc36d505a87ed4
[2m2025-12-10T10:12:24.540291Z[0m [34mDEBUG[0m [2methereum_transaction_pool_monitor::mempool_monitor[0m[2m:[0m 📨 Processing new pending transaction: 0xdd5ab53bd80ddf46933cf76586f4eef603465ac7ade3f51594dc36d505a87ed4
[2m2025-12-10T10:12:24.540295Z[0m [34mDEBUG[0m [2methereum_transaction_pool_monitor::mempool_monitor[0m[2m:[0m 🔍 Fetching transaction details for: 0xdd5ab53bd80ddf46933cf76586f4eef603465ac7ade3f51594dc36d505a87ed4
[2m2025-12-10T10:12:24.540299Z[0m [34mDEBUG[0m [2methereum_transaction_pool_monitor::eth_client[0m[2m:[0m 🔍 Fetching transaction details for hash: 0xdd5ab53bd80ddf46933cf76586f4eef603465ac7ade3f51594dc36d505a87ed4
[2m2025-12-10T10:12:24.540315Z[0m [34mDEBUG[0m [2mhyper::client::pool[0m[2m:[0m reuse idle connection for ("http", 192.168.0.14:8545)
[2m2025-12-10T10:12:24.540334Z[0m [34mDEBUG[0m [2mhyper::proto::h1::io[0m[2m:[0m flushed 250 bytes
[2m2025-12-10T10:12:24.544319Z[0m [34mDEBUG[0m [2mhyper::proto::h1::io[0m[2m:[0m parsed 4 headers
[2m2025-12-10T10:12:24.544342Z[0m [34mDEBUG[0m [2mhyper::proto::h1::conn[0m[2m:[0m incoming body is content-length (676 bytes)
[2m2025-12-10T10:12:24.544365Z[0m [34mDEBUG[0m [2mhyper::proto::h1::conn[0m[2m:[0m incoming body completed
[2m2025-12-10T10:12:24.544391Z[0m [34mDEBUG[0m [2mhyper::client::pool[0m[2m:[0m pooling idle connection for ("http", 192.168.0.14:8545)
[2m2025-12-10T10:12:24.544397Z[0m [34mDEBUG[0m [2methereum_transaction_pool_monitor::eth_client[0m[2m:[0m 📡 Transaction fetch RPC completed in 4.094708ms
[2m2025-12-10T10:12:24.544413Z[0m [34mDEBUG[0m [2methereum_transaction_pool_monitor::eth_client[0m[2m:[0m DeFi transaction detected - Address: 0xdac17f958d2ee523a2206206994597c13d831ec7, Type: Stablecoin, Value: 0 ETH, Gas: 0.35 Gwei
[2m2025-12-10T10:12:24.544427Z[0m [34mDEBUG[0m [2methereum_transaction_pool_monitor::eth_client[0m[2m:[0m ✅ Transaction 0xdd5ab53bd80ddf46933cf76586f4eef603465ac7ade3f51594dc36d505a87ed4 fetched and parsed in 4.124583ms
[2m2025-12-10T10:12:24.544432Z[0m [34mDEBUG[0m [2methereum_transaction_pool_monitor::mempool_monitor[0m[2m:[0m 🔍 Skipping tx 0xdd5ab53bd80ddf46933cf76586f4eef603465ac7ade3f51594dc36d505a87ed4 - not a DEX interaction (target: 0xdAC17F958D2ee523a2206206994597C13D831ec7)
[2m2025-12-10T10:12:24.596204Z[0m [34mDEBUG[0m [2methereum_transaction_pool_monitor::eth_client[0m[2m:[0m 📨 Received WebSocket message: {"jsonrpc":"2.0","method":"eth_subscription","params":{"subscription":"0xbed0a0851463e895960a451075a301a9","result":"0x47035272e3c0ef4110ab86eb9b85b6d33dde101a44003a39df7de1c2e33555eb"}}
[2m2025-12-10T10:12:24.596238Z[0m [34mDEBUG[0m [2methereum_transaction_pool_monitor::eth_client[0m[2m:[0m 📨 Received pending transaction: 0x47035272e3c0ef4110ab86eb9b85b6d33dde101a44003a39df7de1c2e33555eb
[2m2025-12-10T10:12:24.596248Z[0m [34mDEBUG[0m [2methereum_transaction_pool_monitor::mempool_monitor[0m[2m:[0m 📨 Processing new pending transaction: 0x47035272e3c0ef4110ab86eb9b85b6d33dde101a44003a39df7de1c2e33555eb
[2m2025-12-10T10:12:24.596255Z[0m [34mDEBUG[0m [2methereum_transaction_pool_monitor::mempool_monitor[0m[2m:[0m 🔍 Fetching transaction details for: 0x47035272e3c0ef4110ab86eb9b85b6d33dde101a44003a39df7de1c2e33555eb
[2m2025-12-10T10:12:24.596262Z[0m [34mDEBUG[0m [2methereum_transaction_pool_monitor::eth_client[0m[2m:[0m 🔍 Fetching transaction details for hash: 0x47035272e3c0ef4110ab86eb9b85b6d33dde101a44003a39df7de1c2e33555eb
[2m2025-12-10T10:12:24.596282Z[0m [34mDEBUG[0m [2mhyper::client::pool[0m[2m:[0m reuse idle connection for ("http", 192.168.0.14:8545)
[2m2025-12-10T10:12:24.596309Z[0m [34mDEBUG[0m [2mhyper::proto::h1::io[0m[2m:[0m flushed 250 bytes
[2m2025-12-10T10:12:24.598344Z[0m [34mDEBUG[0m [2mhyper::client::pool[0m[2m:[0m reuse idle connection for ("http", 192.168.0.14:8545)
[2m2025-12-10T10:12:24.598374Z[0m [34mDEBUG[0m [2mhyper::proto::h1::io[0m[2m:[0m flushed 172 bytes
[2m2025-12-10T10:12:24.601754Z[0m [34mDEBUG[0m [2mhyper::proto::h1::io[0m[2m:[0m parsed 4 headers
[2m2025-12-10T10:12:24.601764Z[0m [34mDEBUG[0m [2mhyper::proto::h1::conn[0m[2m:[0m incoming body is content-length (45 bytes)
[2m2025-12-10T10:12:24.601771Z[0m [34mDEBUG[0m [2mhyper::proto::h1::conn[0m[2m:[0m incoming body completed
[2m2025-12-10T10:12:24.601778Z[0m [34mDEBUG[0m [2mhyper::client::pool[0m[2m:[0m pooling idle connection for ("http", 192.168.0.14:8545)
[2m2025-12-10T10:12:24.605181Z[0m [34mDEBUG[0m [2methereum_transaction_pool_monitor::eth_client[0m[2m:[0m 📨 Received WebSocket message: {"jsonrpc":"2.0","method":"eth_subscription","params":{"subscription":"0xbed0a0851463e895960a451075a301a9","result":"0x9fcb4f6b943efb37ef6762835f19276059adfaf90f1b1a8c164ff13ddb2dc649"}}
[2m2025-12-10T10:12:24.605192Z[0m [34mDEBUG[0m [2methereum_transaction_pool_monitor::eth_client[0m[2m:[0m 📨 Received pending transaction: 0x9fcb4f6b943efb37ef6762835f19276059adfaf90f1b1a8c164ff13ddb2dc649
[2m2025-12-10T10:12:24.606943Z[0m [34mDEBUG[0m [2mhyper::proto::h1::io[0m[2m:[0m parsed 4 headers
[2m2025-12-10T10:12:24.607304Z[0m [34mDEBUG[0m [2mhyper::proto::h1::conn[0m[2m:[0m incoming body is content-length (644 bytes)
[2m2025-12-10T10:12:24.607315Z[0m [34mDEBUG[0m [2mhyper::proto::h1::conn[0m[2m:[0m incoming body completed
[2m2025-12-10T10:12:24.607328Z[0m [34mDEBUG[0m [2mhyper::client::pool[0m[2m:[0m pooling idle connection for ("http", 192.168.0.14:8545)
[2m2025-12-10T10:12:24.607336Z[0m [34mDEBUG[0m [2methereum_transaction_pool_monitor::eth_client[0m[2m:[0m 📡 Transaction fetch RPC completed in 11.069458ms
[2m2025-12-10T10:12:24.681474Z[0m [34mDEBUG[0m [2methereum_transaction_pool_monitor::eth_client[0m[2m:[0m ✅ Transaction 0x47035272e3c0ef4110ab86eb9b85b6d33dde101a44003a39df7de1c2e33555eb fetched and parsed in 85.2055ms
[2m2025-12-10T10:12:24.681499Z[0m [34mDEBUG[0m [2methereum_transaction_pool_monitor::mempool_monitor[0m[2m:[0m 🔍 Skipping tx 0x47035272e3c0ef4110ab86eb9b85b6d33dde101a44003a39df7de1c2e33555eb - not a DEX interaction (target: 0x5D318eD7119e27c3cB386476c9D93520D528115F)
[2m2025-12-10T10:12:24.681511Z[0m [34mDEBUG[0m [2methereum_transaction_pool_monitor::mempool_monitor[0m[2m:[0m 📨 Processing new pending transaction: 0x9fcb4f6b943efb37ef6762835f19276059adfaf90f1b1a8c164ff13ddb2dc649
[2m2025-12-10T10:12:24.681517Z[0m [34mDEBUG[0m [2methereum_transaction_pool_monitor::mempool_monitor[0m[2m:[0m 🔍 Fetching transaction details for: 0x9fcb4f6b943efb37ef6762835f19276059adfaf90f1b1a8c164ff13ddb2dc649
[2m2025-12-10T10:12:24.681521Z[0m [34mDEBUG[0m [2methereum_transaction_pool_monitor::eth_client[0m[2m:[0m 🔍 Fetching transaction details for hash: 0x9fcb4f6b943efb37ef6762835f19276059adfaf90f1b1a8c164ff13ddb2dc649
[2m2025-12-10T10:12:24.681538Z[0m [34mDEBUG[0m [2mhyper::client::pool[0m[2m:[0m reuse idle connection for ("http", 192.168.0.14:8545)
[2m2025-12-10T10:12:24.681577Z[0m [34mDEBUG[0m [2mhyper::proto::h1::io[0m[2m:[0m flushed 250 bytes
[2m2025-12-10T10:12:24.686171Z[0m [34mDEBUG[0m [2mhyper::proto::h1::io[0m[2m:[0m parsed 4 headers
[2m2025-12-10T10:12:24.686176Z[0m [34mDEBUG[0m [2mhyper::proto::h1::conn[0m[2m:[0m incoming body is content-length (648 bytes)
[2m2025-12-10T10:12:24.686182Z[0m [34mDEBUG[0m [2mhyper::proto::h1::conn[0m[2m:[0m incoming body completed
[2m2025-12-10T10:12:24.686190Z[0m [34mDEBUG[0m [2mhyper::client::pool[0m[2m:[0m pooling idle connection for ("http", 192.168.0.14:8545)
[2m2025-12-10T10:12:24.686195Z[0m [34mDEBUG[0m [2methereum_transaction_pool_monitor::eth_client[0m[2m:[0m 📡 Transaction fetch RPC completed in 4.670875ms
[2m2025-12-10T10:12:24.756675Z[0m [34mDEBUG[0m [2methereum_transaction_pool_monitor::eth_client[0m[2m:[0m ✅ Transaction 0x9fcb4f6b943efb37ef6762835f19276059adfaf90f1b1a8c164ff13ddb2dc649 fetched and parsed in 75.147333ms
[2m2025-12-10T10:12:24.756703Z[0m [34mDEBUG[0m [2methereum_transaction_pool_monitor::mempool_monitor[0m[2m:[0m 🔍 Skipping tx 0x9fcb4f6b943efb37ef6762835f19276059adfaf90f1b1a8c164ff13ddb2dc649 - not a DEX interaction (target: 0x9b748C21Ec7846Ac70207656382D504D1a8060C9)
[2m2025-12-10T10:12:24.756744Z[0m [34mDEBUG[0m [2mhyper::client::pool[0m[2m:[0m reuse idle connection for ("http", 192.168.0.14:8545)
[2m2025-12-10T10:12:24.756776Z[0m [34mDEBUG[0m [2mhyper::proto::h1::io[0m[2m:[0m flushed 172 bytes
[2m2025-12-10T10:12:24.756803Z[0m [34mDEBUG[0m [2methereum_transaction_pool_monitor::eth_client[0m[2m:[0m 📨 Received WebSocket message: {"jsonrpc":"2.0","method":"eth_subscription","params":{"subscription":"0xbed0a0851463e895960a451075a301a9","result":"0xe65354f312d4db1d65a9c3d9a69eae13b37069a41f0bd5a8070e527bff843126"}}
[2m2025-12-10T10:12:24.756814Z[0m [34mDEBUG[0m [2methereum_transaction_pool_monitor::eth_client[0m[2m:[0m 📨 Received pending transaction: 0xe65354f312d4db1d65a9c3d9a69eae13b37069a41f0bd5a8070e527bff843126
[2m2025-12-10T10:12:24.756822Z[0m [34mDEBUG[0m [2methereum_transaction_pool_monitor::mempool_monitor[0m[2m:[0m 📨 Processing new pending transaction: 0xe65354f312d4db1d65a9c3d9a69eae13b37069a41f0bd5a8070e527bff843126
[2m2025-12-10T10:12:24.756829Z[0m [34mDEBUG[0m [2methereum_transaction_pool_monitor::mempool_monitor[0m[2m:[0m 🔍 Fetching transaction details for: 0xe65354f312d4db1d65a9c3d9a69eae13b37069a41f0bd5a8070e527bff843126
[2m2025-12-10T10:12:24.756833Z[0m [34mDEBUG[0m [2methereum_transaction_pool_monitor::eth_client[0m[2m:[0m 🔍 Fetching transaction details for hash: 0xe65354f312d4db1d65a9c3d9a69eae13b37069a41f0bd5a8070e527bff843126
[2m2025-12-10T10:12:24.756844Z[0m [34mDEBUG[0m [2mhyper::client::pool[0m[2m:[0m reuse idle connection for ("http", 192.168.0.14:8545)
[2m2025-12-10T10:12:24.756857Z[0m [34mDEBUG[0m [2mhyper::proto::h1::io[0m[2m:[0m flushed 250 bytes
[2m2025-12-10T10:12:24.761768Z[0m [34mDEBUG[0m [2mhyper::proto::h1::io[0m[2m:[0m parsed 4 headers
[2m2025-12-10T10:12:24.761776Z[0m [34mDEBUG[0m [2mhyper::proto::h1::conn[0m[2m:[0m incoming body is content-length (45 bytes)
[2m2025-12-10T10:12:24.761782Z[0m [34mDEBUG[0m [2mhyper::proto::h1::conn[0m[2m:[0m incoming body completed
[2m2025-12-10T10:12:24.761791Z[0m [34mDEBUG[0m [2mhyper::client::pool[0m[2m:[0m pooling idle connection for ("http", 192.168.0.14:8545)
[2m2025-12-10T10:12:24.767591Z[0m [34mDEBUG[0m [2mhyper::proto::h1::io[0m[2m:[0m parsed 4 headers
[2m2025-12-10T10:12:24.767623Z[0m [34mDEBUG[0m [2mhyper::proto::h1::conn[0m[2m:[0m incoming body is content-length (769 bytes)
[2m2025-12-10T10:12:24.767633Z[0m [34mDEBUG[0m [2mhyper::proto::h1::conn[0m[2m:[0m incoming body completed
[2m2025-12-10T10:12:24.767649Z[0m [34mDEBUG[0m [2mhyper::client::pool[0m[2m:[0m pooling idle connection for ("http", 192.168.0.14:8545)
[2m2025-12-10T10:12:24.767670Z[0m [34mDEBUG[0m [2methereum_transaction_pool_monitor::eth_client[0m[2m:[0m 📡 Transaction fetch RPC completed in 10.831667ms
[2m2025-12-10T10:12:24.767689Z[0m [34mDEBUG[0m [2methereum_transaction_pool_monitor::eth_client[0m[2m:[0m DeFi transaction detected - Address: 0xdac17f958d2ee523a2206206994597c13d831ec7, Type: Stablecoin, Value: 0 ETH, Gas: 0.22 Gwei
[2m2025-12-10T10:12:24.767704Z[0m [34mDEBUG[0m [2methereum_transaction_pool_monitor::eth_client[0m[2m:[0m ✅ Transaction 0xe65354f312d4db1d65a9c3d9a69eae13b37069a41f0bd5a8070e527bff843126 fetched and parsed in 10.865542ms
[2m2025-12-10T10:12:24.767710Z[0m [34mDEBUG[0m [2methereum_transaction_pool_monitor::mempool_monitor[0m[2m:[0m 🔍 Skipping tx 0xe65354f312d4db1d65a9c3d9a69eae13b37069a41f0bd5a8070e527bff843126 - not a DEX interaction (target: 0xdAC17F958D2ee523a2206206994597C13D831ec7)
[2m2025-12-10T10:12:24.799798Z[0m [34mDEBUG[0m [2mhyper::client::pool[0m[2m:[0m reuse idle connection for ("http", 192.168.0.14:8545)
[2m2025-12-10T10:12:24.799877Z[0m [34mDEBUG[0m [2mhyper::proto::h1::io[0m[2m:[0m flushed 172 bytes
[2m2025-12-10T10:12:24.802934Z[0m [34mDEBUG[0m [2mhyper::proto::h1::io[0m[2m:[0m parsed 4 headers
[2m2025-12-10T10:12:24.802947Z[0m [34mDEBUG[0m [2mhyper::proto::h1::conn[0m[2m:[0m incoming body is content-length (45 bytes)
[2m2025-12-10T10:12:24.802957Z[0m [34mDEBUG[0m [2mhyper::proto::h1::conn[0m[2m:[0m incoming body completed
[2m2025-12-10T10:12:24.802970Z[0m [34mDEBUG[0m [2mhyper::client::pool[0m[2m:[0m pooling idle connection for ("http", 192.168.0.14:8545)
[2m2025-12-10T10:12:24.854303Z[0m [34mDEBUG[0m [2methereum_transaction_pool_monitor::eth_client[0m[2m:[0m 📨 Received WebSocket message: {"jsonrpc":"2.0","method":"eth_subscription","params":{"subscription":"0xbed0a0851463e895960a451075a301a9","result":"0x8d1d8af95f485e3257f5d51bd07969a4dc64332636ada704877ec79ccf5b435e"}}
[2m2025-12-10T10:12:24.854339Z[0m [34mDEBUG[0m [2methereum_transaction_pool_monitor::eth_client[0m[2m:[0m 📨 Received pending transaction: 0x8d1d8af95f485e3257f5d51bd07969a4dc64332636ada704877ec79ccf5b435e
[2m2025-12-10T10:12:24.854354Z[0m [34mDEBUG[0m [2methereum_transaction_pool_monitor::mempool_monitor[0m[2m:[0m 📨 Processing new pending transaction: 0x8d1d8af95f485e3257f5d51bd07969a4dc64332636ada704877ec79ccf5b435e
[2m2025-12-10T10:12:24.854361Z[0m [34mDEBUG[0m [2methereum_transaction_pool_monitor::mempool_monitor[0m[2m:[0m 🔍 Fetching transaction details for: 0x8d1d8af95f485e3257f5d51bd07969a4dc64332636ada704877ec79ccf5b435e
[2m2025-12-10T10:12:24.854376Z[0m [34mDEBUG[0m [2methereum_transaction_pool_monitor::eth_client[0m[2m:[0m 🔍 Fetching transaction details for hash: 0x8d1d8af95f485e3257f5d51bd07969a4dc64332636ada704877ec79ccf5b435e
[2m2025-12-10T10:12:24.854400Z[0m [34mDEBUG[0m [2mhyper::client::pool[0m[2m:[0m reuse idle connection for ("http", 192.168.0.14:8545)
[2m2025-12-10T10:12:24.854425Z[0m [34mDEBUG[0m [2mhyper::proto::h1::io[0m[2m:[0m flushed 250 bytes
[2m2025-12-10T10:12:24.858752Z[0m [34mDEBUG[0m [2mhyper::proto::h1::io[0m[2m:[0m parsed 4 headers
[2m2025-12-10T10:12:24.858757Z[0m [34mDEBUG[0m [2mhyper::proto::h1::conn[0m[2m:[0m incoming body is content-length (768 bytes)
[2m2025-12-10T10:12:24.858762Z[0m [34mDEBUG[0m [2mhyper::proto::h1::conn[0m[2m:[0m incoming body completed
[2m2025-12-10T10:12:24.858768Z[0m [34mDEBUG[0m [2mhyper::client::pool[0m[2m:[0m pooling idle connection for ("http", 192.168.0.14:8545)
[2m2025-12-10T10:12:24.858773Z[0m [34mDEBUG[0m [2methereum_transaction_pool_monitor::eth_client[0m[2m:[0m 📡 Transaction fetch RPC completed in 4.391208ms
[2m2025-12-10T10:12:24.858786Z[0m [34mDEBUG[0m [2methereum_transaction_pool_monitor::eth_client[0m[2m:[0m DeFi transaction detected - Address: 0xdac17f958d2ee523a2206206994597c13d831ec7, Type: Stablecoin, Value: 0 ETH, Gas: 0.27 Gwei
[2m2025-12-10T10:12:24.858797Z[0m [34mDEBUG[0m [2methereum_transaction_pool_monitor::eth_client[0m[2m:[0m ✅ Transaction 0x8d1d8af95f485e3257f5d51bd07969a4dc64332636ada704877ec79ccf5b435e fetched and parsed in 4.415916ms
[2m2025-12-10T10:12:24.858802Z[0m [34mDEBUG[0m [2methereum_transaction_pool_monitor::mempool_monitor[0m[2m:[0m 🔍 Skipping tx 0x8d1d8af95f485e3257f5d51bd07969a4dc64332636ada704877ec79ccf5b435e - not a DEX interaction (target: 0xdAC17F958D2ee523a2206206994597C13D831ec7)
[2m2025-12-10T10:12:24.899873Z[0m [34mDEBUG[0m [2mhyper::client::pool[0m[2m:[0m reuse idle connection for ("http", 192.168.0.14:8545)
[2m2025-12-10T10:12:24.899947Z[0m [34mDEBUG[0m [2mhyper::proto::h1::io[0m[2m:[0m flushed 172 bytes
[2m2025-12-10T10:12:24.902634Z[0m [34mDEBUG[0m [2mhyper::proto::h1::io[0m[2m:[0m parsed 4 headers
[2m2025-12-10T10:12:24.902640Z[0m [34mDEBUG[0m [2mhyper::proto::h1::conn[0m[2m:[0m incoming body is content-length (45 bytes)
[2m2025-12-10T10:12:24.902646Z[0m [34mDEBUG[0m [2mhyper::proto::h1::conn[0m[2m:[0m incoming body completed
[2m2025-12-10T10:12:24.902652Z[0m [34mDEBUG[0m [2mhyper::client::pool[0m[2m:[0m pooling idle connection for ("http", 192.168.0.14:8545)
[2m2025-12-10T10:12:24.926315Z[0m [34mDEBUG[0m [2methereum_transaction_pool_monitor::eth_client[0m[2m:[0m 📨 Received WebSocket message: {"jsonrpc":"2.0","method":"eth_subscription","params":{"subscription":"0xbed0a0851463e895960a451075a301a9","result":"0xbd20a0cd96e0403d1de9f4de56e572c3c8f8c018ab97614ec8b10fd372c1521b"}}
[2m2025-12-10T10:12:24.926338Z[0m [34mDEBUG[0m [2methereum_transaction_pool_monitor::eth_client[0m[2m:[0m 📨 Received pending transaction: 0xbd20a0cd96e0403d1de9f4de56e572c3c8f8c018ab97614ec8b10fd372c1521b
[2m2025-12-10T10:12:24.926353Z[0m [34mDEBUG[0m [2methereum_transaction_pool_monitor::mempool_monitor[0m[2m:[0m 📨 Processing new pending transaction: 0xbd20a0cd96e0403d1de9f4de56e572c3c8f8c018ab97614ec8b10fd372c1521b
[2m2025-12-10T10:12:24.926362Z[0m [34mDEBUG[0m [2methereum_transaction_pool_monitor::mempool_monitor[0m[2m:[0m 🔍 Fetching transaction details for: 0xbd20a0cd96e0403d1de9f4de56e572c3c8f8c018ab97614ec8b10fd372c1521b
[2m2025-12-10T10:12:24.926371Z[0m [34mDEBUG[0m [2methereum_transaction_pool_monitor::eth_client[0m[2m:[0m 🔍 Fetching transaction details for hash: 0xbd20a0cd96e0403d1de9f4de56e572c3c8f8c018ab97614ec8b10fd372c1521b
[2m2025-12-10T10:12:24.926403Z[0m [34mDEBUG[0m [2mhyper::client::pool[0m[2m:[0m reuse idle connection for ("http", 192.168.0.14:8545)
[2m2025-12-10T10:12:24.926430Z[0m [34mDEBUG[0m [2mhyper::proto::h1::io[0m[2m:[0m flushed 250 bytes
[2m2025-12-10T10:12:24.931020Z[0m [34mDEBUG[0m [2mhyper::proto::h1::io[0m[2m:[0m parsed 4 headers
[2m2025-12-10T10:12:24.931027Z[0m [34mDEBUG[0m [2mhyper::proto::h1::conn[0m[2m:[0m incoming body is content-length (836 bytes)
[2m2025-12-10T10:12:24.931034Z[0m [34mDEBUG[0m [2mhyper::proto::h1::conn[0m[2m:[0m incoming body completed
[2m2025-12-10T10:12:24.931041Z[0m [34mDEBUG[0m [2mhyper::client::pool[0m[2m:[0m pooling idle connection for ("http", 192.168.0.14:8545)
[2m2025-12-10T10:12:24.931048Z[0m [34mDEBUG[0m [2methereum_transaction_pool_monitor::eth_client[0m[2m:[0m 📡 Transaction fetch RPC completed in 4.6675ms
[2m2025-12-10T10:12:25.017871Z[0m [34mDEBUG[0m [2methereum_transaction_pool_monitor::eth_client[0m[2m:[0m ✅ Transaction 0xbd20a0cd96e0403d1de9f4de56e572c3c8f8c018ab97614ec8b10fd372c1521b fetched and parsed in 91.488542ms
[2m2025-12-10T10:12:25.017898Z[0m [34mDEBUG[0m [2methereum_transaction_pool_monitor::mempool_monitor[0m[2m:[0m 🔍 Skipping tx 0xbd20a0cd96e0403d1de9f4de56e572c3c8f8c018ab97614ec8b10fd372c1521b - not a DEX interaction (target: 0xA0b86991c6218b36c1d19D4a2e9Eb0cE3606eB48)
[2m2025-12-10T10:12:25.017946Z[0m [34mDEBUG[0m [2mhyper::client::pool[0m[2m:[0m reuse idle connection for ("http", 192.168.0.14:8545)
[2m2025-12-10T10:12:25.017978Z[0m [34mDEBUG[0m [2mhyper::proto::h1::io[0m[2m:[0m flushed 172 bytes
[2m2025-12-10T10:12:25.023389Z[0m [34mDEBUG[0m [2mhyper::proto::h1::io[0m[2m:[0m parsed 4 headers
[2m2025-12-10T10:12:25.023394Z[0m [34mDEBUG[0m [2mhyper::proto::h1::conn[0m[2m:[0m incoming body is content-length (45 bytes)
[2m2025-12-10T10:12:25.023402Z[0m [34mDEBUG[0m [2mhyper::proto::h1::conn[0m[2m:[0m incoming body completed
[2m2025-12-10T10:12:25.023409Z[0m [34mDEBUG[0m [2mhyper::client::pool[0m[2m:[0m pooling idle connection for ("http", 192.168.0.14:8545)
[2m2025-12-10T10:12:25.050967Z[0m [34mDEBUG[0m [2methereum_transaction_pool_monitor::eth_client[0m[2m:[0m 📨 Received WebSocket message: {"jsonrpc":"2.0","method":"eth_subscription","params":{"subscription":"0xbed0a0851463e895960a451075a301a9","result":"0x0c6aa6e133bbc6b2a54df1b9a3646788e0badbc0cf812a428268c9fb6b39e60a"}}
[2m2025-12-10T10:12:25.050998Z[0m [34mDEBUG[0m [2methereum_transaction_pool_monitor::eth_client[0m[2m:[0m 📨 Received pending transaction: 0x0c6aa6e133bbc6b2a54df1b9a3646788e0badbc0cf812a428268c9fb6b39e60a
[2m2025-12-10T10:12:25.051006Z[0m [34mDEBUG[0m [2methereum_transaction_pool_monitor::mempool_monitor[0m[2m:[0m 📨 Processing new pending transaction: 0x0c6aa6e133bbc6b2a54df1b9a3646788e0badbc0cf812a428268c9fb6b39e60a
[2m2025-12-10T10:12:25.051011Z[0m [34mDEBUG[0m [2methereum_transaction_pool_monitor::mempool_monitor[0m[2m:[0m 🔍 Fetching transaction details for: 0x0c6aa6e133bbc6b2a54df1b9a3646788e0badbc0cf812a428268c9fb6b39e60a
[2m2025-12-10T10:12:25.051028Z[0m [34mDEBUG[0m [2methereum_transaction_pool_monitor::eth_client[0m[2m:[0m 🔍 Fetching transaction details for hash: 0x0c6aa6e133bbc6b2a54df1b9a3646788e0badbc0cf812a428268c9fb6b39e60a
[2m2025-12-10T10:12:25.051042Z[0m [34mDEBUG[0m [2mhyper::client::pool[0m[2m:[0m reuse idle connection for ("http", 192.168.0.14:8545)
[2m2025-12-10T10:12:25.051059Z[0m [34mDEBUG[0m [2mhyper::proto::h1::io[0m[2m:[0m flushed 250 bytes
[2m2025-12-10T10:12:25.060155Z[0m [34mDEBUG[0m [2mhyper::proto::h1::io[0m[2m:[0m parsed 4 headers
[2m2025-12-10T10:12:25.060161Z[0m [34mDEBUG[0m [2mhyper::proto::h1::conn[0m[2m:[0m incoming body is content-length (774 bytes)
[2m2025-12-10T10:12:25.060166Z[0m [34mDEBUG[0m [2mhyper::proto::h1::conn[0m[2m:[0m incoming body completed
[2m2025-12-10T10:12:25.060250Z[0m [34mDEBUG[0m [2mhyper::client::pool[0m[2m:[0m pooling idle connection for ("http", 192.168.0.14:8545)
[2m2025-12-10T10:12:25.060255Z[0m [34mDEBUG[0m [2methereum_transaction_pool_monitor::eth_client[0m[2m:[0m 📡 Transaction fetch RPC completed in 9.223042ms
[2m2025-12-10T10:12:25.060267Z[0m [34mDEBUG[0m [2methereum_transaction_pool_monitor::eth_client[0m[2m:[0m DeFi transaction detected - Address: 0xdac17f958d2ee523a2206206994597c13d831ec7, Type: Stablecoin, Value: 0 ETH, Gas: 0.73 Gwei
[2m2025-12-10T10:12:25.060282Z[0m [34mDEBUG[0m [2methereum_transaction_pool_monitor::eth_client[0m[2m:[0m ✅ Transaction 0x0c6aa6e133bbc6b2a54df1b9a3646788e0badbc0cf812a428268c9fb6b39e60a fetched and parsed in 9.250167ms
[2m2025-12-10T10:12:25.060287Z[0m [34mDEBUG[0m [2methereum_transaction_pool_monitor::mempool_monitor[0m[2m:[0m 🔍 Skipping tx 0x0c6aa6e133bbc6b2a54df1b9a3646788e0badbc0cf812a428268c9fb6b39e60a - not a DEX interaction (target: 0xdAC17F958D2ee523a2206206994597C13D831ec7)
[2m2025-12-10T10:12:25.069178Z[0m [34mDEBUG[0m [2methereum_transaction_pool_monitor::eth_client[0m[2m:[0m 📨 Received WebSocket message: {"jsonrpc":"2.0","method":"eth_subscription","params":{"subscription":"0xbed0a0851463e895960a451075a301a9","result":"0x5dd567adcdbb0a69e5d3542790521c4f8c2dfa7fad8a106cd898165533031cf1"}}
[2m2025-12-10T10:12:25.069205Z[0m [34mDEBUG[0m [2methereum_transaction_pool_monitor::eth_client[0m[2m:[0m 📨 Received pending transaction: 0x5dd567adcdbb0a69e5d3542790521c4f8c2dfa7fad8a106cd898165533031cf1
[2m2025-12-10T10:12:25.069211Z[0m [34mDEBUG[0m [2methereum_transaction_pool_monitor::mempool_monitor[0m[2m:[0m 📨 Processing new pending transaction: 0x5dd567adcdbb0a69e5d3542790521c4f8c2dfa7fad8a106cd898165533031cf1
[2m2025-12-10T10:12:25.069228Z[0m [34mDEBUG[0m [2methereum_transaction_pool_monitor::mempool_monitor[0m[2m:[0m 🔍 Fetching transaction details for: 0x5dd567adcdbb0a69e5d3542790521c4f8c2dfa7fad8a106cd898165533031cf1
[2m2025-12-10T10:12:25.069231Z[0m [34mDEBUG[0m [2methereum_transaction_pool_monitor::eth_client[0m[2m:[0m 🔍 Fetching transaction details for hash: 0x5dd567adcdbb0a69e5d3542790521c4f8c2dfa7fad8a106cd898165533031cf1
[2m2025-12-10T10:12:25.069243Z[0m [34mDEBUG[0m [2mhyper::client::pool[0m[2m:[0m reuse idle connection for ("http", 192.168.0.14:8545)
[2m2025-12-10T10:12:25.069257Z[0m [34mDEBUG[0m [2mhyper::proto::h1::io[0m[2m:[0m flushed 250 bytes
[2m2025-12-10T10:12:25.074160Z[0m [34mDEBUG[0m [2mhyper::proto::h1::io[0m[2m:[0m parsed 4 headers
[2m2025-12-10T10:12:25.074166Z[0m [34mDEBUG[0m [2mhyper::proto::h1::conn[0m[2m:[0m incoming body is content-length (647 bytes)
[2m2025-12-10T10:12:25.074171Z[0m [34mDEBUG[0m [2mhyper::proto::h1::conn[0m[2m:[0m incoming body completed
[2m2025-12-10T10:12:25.074177Z[0m [34mDEBUG[0m [2mhyper::client::pool[0m[2m:[0m pooling idle connection for ("http", 192.168.0.14:8545)
[2m2025-12-10T10:12:25.074183Z[0m [34mDEBUG[0m [2methereum_transaction_pool_monitor::eth_client[0m[2m:[0m 📡 Transaction fetch RPC completed in 4.947625ms
[2m2025-12-10T10:12:25.147289Z[0m [34mDEBUG[0m [2methereum_transaction_pool_monitor::eth_client[0m[2m:[0m ✅ Transaction 0x5dd567adcdbb0a69e5d3542790521c4f8c2dfa7fad8a106cd898165533031cf1 fetched and parsed in 78.050917ms
[2m2025-12-10T10:12:25.147317Z[0m [34mDEBUG[0m [2methereum_transaction_pool_monitor::mempool_monitor[0m[2m:[0m 🔍 Skipping tx 0x5dd567adcdbb0a69e5d3542790521c4f8c2dfa7fad8a106cd898165533031cf1 - not a DEX interaction (target: 0x43B603D4cdaed3DfA30855c9e354E300094A0A2D)
[2m2025-12-10T10:12:25.147366Z[0m [34mDEBUG[0m [2mhyper::client::pool[0m[2m:[0m reuse idle connection for ("http", 192.168.0.14:8545)
[2m2025-12-10T10:12:25.147398Z[0m [34mDEBUG[0m [2mhyper::proto::h1::io[0m[2m:[0m flushed 172 bytes
[2m2025-12-10T10:12:25.150879Z[0m [34mDEBUG[0m [2mhyper::proto::h1::io[0m[2m:[0m parsed 4 headers
[2m2025-12-10T10:12:25.150885Z[0m [34mDEBUG[0m [2mhyper::proto::h1::conn[0m[2m:[0m incoming body is content-length (45 bytes)
[2m2025-12-10T10:12:25.150893Z[0m [34mDEBUG[0m [2mhyper::proto::h1::conn[0m[2m:[0m incoming body completed
[2m2025-12-10T10:12:25.150902Z[0m [34mDEBUG[0m [2mhyper::client::pool[0m[2m:[0m pooling idle connection for ("http", 192.168.0.14:8545)
[2m2025-12-10T10:12:25.155588Z[0m [34mDEBUG[0m [2methereum_transaction_pool_monitor::eth_client[0m[2m:[0m 📨 Received WebSocket message: {"jsonrpc":"2.0","method":"eth_subscription","params":{"subscription":"0xbed0a0851463e895960a451075a301a9","result":"0xb6fdd56feeaa8b6160c398611d429158d5fbf1beebb278ba13321c6ef10d9318"}}
[2m2025-12-10T10:12:25.155617Z[0m [34mDEBUG[0m [2methereum_transaction_pool_monitor::eth_client[0m[2m:[0m 📨 Received pending transaction: 0xb6fdd56feeaa8b6160c398611d429158d5fbf1beebb278ba13321c6ef10d9318
[2m2025-12-10T10:12:25.155630Z[0m [34mDEBUG[0m [2methereum_transaction_pool_monitor::mempool_monitor[0m[2m:[0m 📨 Processing new pending transaction: 0xb6fdd56feeaa8b6160c398611d429158d5fbf1beebb278ba13321c6ef10d9318
[2m2025-12-10T10:12:25.155634Z[0m [34mDEBUG[0m [2methereum_transaction_pool_monitor::mempool_monitor[0m[2m:[0m 🔍 Fetching transaction details for: 0xb6fdd56feeaa8b6160c398611d429158d5fbf1beebb278ba13321c6ef10d9318
[2m2025-12-10T10:12:25.155638Z[0m [34mDEBUG[0m [2methereum_transaction_pool_monitor::eth_client[0m[2m:[0m 🔍 Fetching transaction details for hash: 0xb6fdd56feeaa8b6160c398611d429158d5fbf1beebb278ba13321c6ef10d9318
[2m2025-12-10T10:12:25.155658Z[0m [34mDEBUG[0m [2mhyper::client::pool[0m[2m:[0m reuse idle connection for ("http", 192.168.0.14:8545)
[2m2025-12-10T10:12:25.155670Z[0m [34mDEBUG[0m [2mhyper::proto::h1::io[0m[2m:[0m flushed 250 bytes
[2m2025-12-10T10:12:25.158939Z[0m [34mDEBUG[0m [2mhyper::proto::h1::io[0m[2m:[0m parsed 4 headers
[2m2025-12-10T10:12:25.158956Z[0m [34mDEBUG[0m [2mhyper::proto::h1::conn[0m[2m:[0m incoming body is content-length (773 bytes)
[2m2025-12-10T10:12:25.158973Z[0m [34mDEBUG[0m [2mhyper::proto::h1::conn[0m[2m:[0m incoming body completed
[2m2025-12-10T10:12:25.158991Z[0m [34mDEBUG[0m [2mhyper::client::pool[0m[2m:[0m pooling idle connection for ("http", 192.168.0.14:8545)
[2m2025-12-10T10:12:25.158999Z[0m [34mDEBUG[0m [2methereum_transaction_pool_monitor::eth_client[0m[2m:[0m 📡 Transaction fetch RPC completed in 3.35775ms
[2m2025-12-10T10:12:25.230475Z[0m [34mDEBUG[0m [2methereum_transaction_pool_monitor::eth_client[0m[2m:[0m ✅ Transaction 0xb6fdd56feeaa8b6160c398611d429158d5fbf1beebb278ba13321c6ef10d9318 fetched and parsed in 74.831083ms
[2m2025-12-10T10:12:25.230503Z[0m [34mDEBUG[0m [2methereum_transaction_pool_monitor::mempool_monitor[0m[2m:[0m 🔍 Skipping tx 0xb6fdd56feeaa8b6160c398611d429158d5fbf1beebb278ba13321c6ef10d9318 - not a DEX interaction (target: 0xA0b86991c6218b36c1d19D4a2e9Eb0cE3606eB48)
[2m2025-12-10T10:12:25.230541Z[0m [34mDEBUG[0m [2mhyper::client::pool[0m[2m:[0m reuse idle connection for ("http", 192.168.0.14:8545)
[2m2025-12-10T10:12:25.230565Z[0m [34mDEBUG[0m [2mhyper::proto::h1::io[0m[2m:[0m flushed 172 bytes
[2m2025-12-10T10:12:25.230568Z[0m [34mDEBUG[0m [2methereum_transaction_pool_monitor::eth_client[0m[2m:[0m 📨 Received WebSocket message: {"jsonrpc":"2.0","method":"eth_subscription","params":{"subscription":"0xbed0a0851463e895960a451075a301a9","result":"0xf7703362bd50dc24152df9efb2fce97c370d8b34ea341f921370f645501a2df6"}}
[2m2025-12-10T10:12:25.230579Z[0m [34mDEBUG[0m [2methereum_transaction_pool_monitor::eth_client[0m[2m:[0m 📨 Received pending transaction: 0xf7703362bd50dc24152df9efb2fce97c370d8b34ea341f921370f645501a2df6
[2m2025-12-10T10:12:25.230586Z[0m [34mDEBUG[0m [2methereum_transaction_pool_monitor::mempool_monitor[0m[2m:[0m 📨 Processing new pending transaction: 0xf7703362bd50dc24152df9efb2fce97c370d8b34ea341f921370f645501a2df6
[2m2025-12-10T10:12:25.230591Z[0m [34mDEBUG[0m [2methereum_transaction_pool_monitor::mempool_monitor[0m[2m:[0m 🔍 Fetching transaction details for: 0xf7703362bd50dc24152df9efb2fce97c370d8b34ea341f921370f645501a2df6
[2m2025-12-10T10:12:25.230596Z[0m [34mDEBUG[0m [2methereum_transaction_pool_monitor::eth_client[0m[2m:[0m 🔍 Fetching transaction details for hash: 0xf7703362bd50dc24152df9efb2fce97c370d8b34ea341f921370f645501a2df6
[2m2025-12-10T10:12:25.230605Z[0m [34mDEBUG[0m [2mhyper::client::pool[0m[2m:[0m reuse idle connection for ("http", 192.168.0.14:8545)
[2m2025-12-10T10:12:25.230621Z[0m [34mDEBUG[0m [2mhyper::proto::h1::io[0m[2m:[0m flushed 250 bytes
[2m2025-12-10T10:12:25.234716Z[0m [34mDEBUG[0m [2mhyper::proto::h1::io[0m[2m:[0m parsed 4 headers
[2m2025-12-10T10:12:25.234740Z[0m [34mDEBUG[0m [2mhyper::proto::h1::conn[0m[2m:[0m incoming body is content-length (773 bytes)
[2m2025-12-10T10:12:25.234742Z[0m [34mDEBUG[0m [2mhyper::proto::h1::io[0m[2m:[0m parsed 4 headers
[2m2025-12-10T10:12:25.234761Z[0m [34mDEBUG[0m [2mhyper::proto::h1::conn[0m[2m:[0m incoming body completed
[2m2025-12-10T10:12:25.234762Z[0m [34mDEBUG[0m [2mhyper::proto::h1::conn[0m[2m:[0m incoming body is content-length (45 bytes)
[2m2025-12-10T10:12:25.234785Z[0m [34mDEBUG[0m [2mhyper::proto::h1::conn[0m[2m:[0m incoming body completed
[2m2025-12-10T10:12:25.234786Z[0m [34mDEBUG[0m [2mhyper::client::pool[0m[2m:[0m pooling idle connection for ("http", 192.168.0.14:8545)
[2m2025-12-10T10:12:25.234793Z[0m [34mDEBUG[0m [2mhyper::client::pool[0m[2m:[0m pooling idle connection for ("http", 192.168.0.14:8545)
[2m2025-12-10T10:12:25.234797Z[0m [34mDEBUG[0m [2methereum_transaction_pool_monitor::eth_client[0m[2m:[0m 📡 Transaction fetch RPC completed in 4.196375ms
[2m2025-12-10T10:12:25.234809Z[0m [34mDEBUG[0m [2methereum_transaction_pool_monitor::eth_client[0m[2m:[0m DeFi transaction detected - Address: 0xdac17f958d2ee523a2206206994597c13d831ec7, Type: Stablecoin, Value: 0 ETH, Gas: 0.38 Gwei
[2m2025-12-10T10:12:25.234827Z[0m [34mDEBUG[0m [2methereum_transaction_pool_monitor::eth_client[0m[2m:[0m ✅ Transaction 0xf7703362bd50dc24152df9efb2fce97c370d8b34ea341f921370f645501a2df6 fetched and parsed in 4.225875ms
[2m2025-12-10T10:12:25.234833Z[0m [34mDEBUG[0m [2methereum_transaction_pool_monitor::mempool_monitor[0m[2m:[0m 🔍 Skipping tx 0xf7703362bd50dc24152df9efb2fce97c370d8b34ea341f921370f645501a2df6 - not a DEX interaction (target: 0xdAC17F958D2ee523a2206206994597C13D831ec7)
[2m2025-12-10T10:12:25.299908Z[0m [34mDEBUG[0m [2mhyper::client::pool[0m[2m:[0m reuse idle connection for ("http", 192.168.0.14:8545)
[2m2025-12-10T10:12:25.299963Z[0m [34mDEBUG[0m [2mhyper::proto::h1::io[0m[2m:[0m flushed 172 bytes
[2m2025-12-10T10:12:25.302872Z[0m [34mDEBUG[0m [2mhyper::proto::h1::io[0m[2m:[0m parsed 4 headers
[2m2025-12-10T10:12:25.302878Z[0m [34mDEBUG[0m [2mhyper::proto::h1::conn[0m[2m:[0m incoming body is content-length (45 bytes)
[2m2025-12-10T10:12:25.302884Z[0m [34mDEBUG[0m [2mhyper::proto::h1::conn[0m[2m:[0m incoming body completed
[2m2025-12-10T10:12:25.302890Z[0m [34mDEBUG[0m [2mhyper::client::pool[0m[2m:[0m pooling idle connection for ("http", 192.168.0.14:8545)
[2m2025-12-10T10:12:25.372661Z[0m [34mDEBUG[0m [2methereum_transaction_pool_monitor::eth_client[0m[2m:[0m 📨 Received WebSocket message: {"jsonrpc":"2.0","method":"eth_subscription","params":{"subscription":"0xbed0a0851463e895960a451075a301a9","result":"0xe0a802ee125dcefa545a804566b9812f92b26a35268326345b29f9980610fb9d"}}
[2m2025-12-10T10:12:25.372685Z[0m [34mDEBUG[0m [2methereum_transaction_pool_monitor::eth_client[0m[2m:[0m 📨 Received pending transaction: 0xe0a802ee125dcefa545a804566b9812f92b26a35268326345b29f9980610fb9d
[2m2025-12-10T10:12:25.372695Z[0m [34mDEBUG[0m [2methereum_transaction_pool_monitor::mempool_monitor[0m[2m:[0m 📨 Processing new pending transaction: 0xe0a802ee125dcefa545a804566b9812f92b26a35268326345b29f9980610fb9d
[2m2025-12-10T10:12:25.372702Z[0m [34mDEBUG[0m [2methereum_transaction_pool_monitor::mempool_monitor[0m[2m:[0m 🔍 Fetching transaction details for: 0xe0a802ee125dcefa545a804566b9812f92b26a35268326345b29f9980610fb9d
[2m2025-12-10T10:12:25.372708Z[0m [34mDEBUG[0m [2methereum_transaction_pool_monitor::eth_client[0m[2m:[0m 🔍 Fetching transaction details for hash: 0xe0a802ee125dcefa545a804566b9812f92b26a35268326345b29f9980610fb9d
[2m2025-12-10T10:12:25.372720Z[0m [34mDEBUG[0m [2mhyper::client::pool[0m[2m:[0m reuse idle connection for ("http", 192.168.0.14:8545)
[2m2025-12-10T10:12:25.372737Z[0m [34mDEBUG[0m [2mhyper::proto::h1::io[0m[2m:[0m flushed 250 bytes
[2m2025-12-10T10:12:25.381640Z[0m [34mDEBUG[0m [2mhyper::proto::h1::io[0m[2m:[0m parsed 4 headers
[2m2025-12-10T10:12:25.381659Z[0m [34mDEBUG[0m [2mhyper::proto::h1::conn[0m[2m:[0m incoming body is content-length (656 bytes)
[2m2025-12-10T10:12:25.381671Z[0m [34mDEBUG[0m [2mhyper::proto::h1::conn[0m[2m:[0m incoming body completed
[2m2025-12-10T10:12:25.381682Z[0m [34mDEBUG[0m [2mhyper::client::pool[0m[2m:[0m pooling idle connection for ("http", 192.168.0.14:8545)
[2m2025-12-10T10:12:25.381691Z[0m [34mDEBUG[0m [2methereum_transaction_pool_monitor::eth_client[0m[2m:[0m 📡 Transaction fetch RPC completed in 8.976375ms
[2m2025-12-10T10:12:25.467649Z[0m [34mDEBUG[0m [2methereum_transaction_pool_monitor::eth_client[0m[2m:[0m ✅ Transaction 0xe0a802ee125dcefa545a804566b9812f92b26a35268326345b29f9980610fb9d fetched and parsed in 94.932459ms
[2m2025-12-10T10:12:25.467678Z[0m [34mDEBUG[0m [2methereum_transaction_pool_monitor::mempool_monitor[0m[2m:[0m 🔍 Skipping tx 0xe0a802ee125dcefa545a804566b9812f92b26a35268326345b29f9980610fb9d - not a DEX interaction (target: 0xe6e9B895de38f64172Aa8D5aB6D4DE30f1060464)
[2m2025-12-10T10:12:25.467731Z[0m [34mDEBUG[0m [2mhyper::client::pool[0m[2m:[0m reuse idle connection for ("http", 192.168.0.14:8545)
[2m2025-12-10T10:12:25.467758Z[0m [34mDEBUG[0m [2mhyper::proto::h1::io[0m[2m:[0m flushed 172 bytes
[2m2025-12-10T10:12:25.471055Z[0m [34mDEBUG[0m [2mhyper::proto::h1::io[0m[2m:[0m parsed 4 headers
[2m2025-12-10T10:12:25.471074Z[0m [34mDEBUG[0m [2mhyper::proto::h1::conn[0m[2m:[0m incoming body is content-length (45 bytes)
[2m2025-12-10T10:12:25.471087Z[0m [34mDEBUG[0m [2mhyper::proto::h1::conn[0m[2m:[0m incoming body completed
[2m2025-12-10T10:12:25.471105Z[0m [34mDEBUG[0m [2mhyper::client::pool[0m[2m:[0m pooling idle connection for ("http", 192.168.0.14:8545)
[2m2025-12-10T10:12:25.497298Z[0m [34mDEBUG[0m [2methereum_transaction_pool_monitor::eth_client[0m[2m:[0m 📨 Received WebSocket message: {"jsonrpc":"2.0","method":"eth_subscription","params":{"subscription":"0xbed0a0851463e895960a451075a301a9","result":"0x05f079e6668b55e1bb5a78c03c7462c92a805e2d9af3db3abf8fc8a2c0d64970"}}
[2m2025-12-10T10:12:25.497327Z[0m [34mDEBUG[0m [2methereum_transaction_pool_monitor::eth_client[0m[2m:[0m 📨 Received pending transaction: 0x05f079e6668b55e1bb5a78c03c7462c92a805e2d9af3db3abf8fc8a2c0d64970
[2m2025-12-10T10:12:25.497336Z[0m [34mDEBUG[0m [2methereum_transaction_pool_monitor::mempool_monitor[0m[2m:[0m 📨 Processing new pending transaction: 0x05f079e6668b55e1bb5a78c03c7462c92a805e2d9af3db3abf8fc8a2c0d64970
[2m2025-12-10T10:12:25.497351Z[0m [34mDEBUG[0m [2methereum_transaction_pool_monitor::mempool_monitor[0m[2m:[0m 🔍 Fetching transaction details for: 0x05f079e6668b55e1bb5a78c03c7462c92a805e2d9af3db3abf8fc8a2c0d64970
[2m2025-12-10T10:12:25.497359Z[0m [34mDEBUG[0m [2methereum_transaction_pool_monitor::eth_client[0m[2m:[0m 🔍 Fetching transaction details for hash: 0x05f079e6668b55e1bb5a78c03c7462c92a805e2d9af3db3abf8fc8a2c0d64970
[2m2025-12-10T10:12:25.497373Z[0m [34mDEBUG[0m [2mhyper::client::pool[0m[2m:[0m reuse idle connection for ("http", 192.168.0.14:8545)
[2m2025-12-10T10:12:25.497390Z[0m [34mDEBUG[0m [2mhyper::proto::h1::io[0m[2m:[0m flushed 250 bytes
[2m2025-12-10T10:12:25.497689Z[0m [34mDEBUG[0m [2mhyper::client::pool[0m[2m:[0m reuse idle connection for ("http", 192.168.0.14:8545)
[2m2025-12-10T10:12:25.497703Z[0m [34mDEBUG[0m [2mhyper::proto::h1::io[0m[2m:[0m flushed 172 bytes
[2m2025-12-10T10:12:25.504880Z[0m [34mDEBUG[0m [2mhyper::proto::h1::io[0m[2m:[0m parsed 4 headers
[2m2025-12-10T10:12:25.504893Z[0m [34mDEBUG[0m [2mhyper::proto::h1::conn[0m[2m:[0m incoming body is content-length (1219 bytes)
[2m2025-12-10T10:12:25.504905Z[0m [34mDEBUG[0m [2mhyper::proto::h1::conn[0m[2m:[0m incoming body completed
[2m2025-12-10T10:12:25.504912Z[0m [34mDEBUG[0m [2mhyper::client::pool[0m[2m:[0m pooling idle connection for ("http", 192.168.0.14:8545)
[2m2025-12-10T10:12:25.504917Z[0m [34mDEBUG[0m [2methereum_transaction_pool_monitor::eth_client[0m[2m:[0m 📡 Transaction fetch RPC completed in 7.554042ms
[2m2025-12-10T10:12:25.577019Z[0m [34mDEBUG[0m [2methereum_transaction_pool_monitor::eth_client[0m[2m:[0m ✅ Transaction 0x05f079e6668b55e1bb5a78c03c7462c92a805e2d9af3db3abf8fc8a2c0d64970 fetched and parsed in 79.654625ms
[2m2025-12-10T10:12:25.577046Z[0m [34mDEBUG[0m [2methereum_transaction_pool_monitor::mempool_monitor[0m[2m:[0m 🔍 Skipping tx 0x05f079e6668b55e1bb5a78c03c7462c92a805e2d9af3db3abf8fc8a2c0d64970 - not a DEX interaction (target: 0xF6801D319497789f934ec7F83E142a9536312B08)
[2m2025-12-10T10:12:25.577084Z[0m [34mDEBUG[0m [2mhyper::proto::h1::io[0m[2m:[0m parsed 4 headers
[2m2025-12-10T10:12:25.577086Z[0m [34mDEBUG[0m [2methereum_transaction_pool_monitor::eth_client[0m[2m:[0m 📨 Received WebSocket message: {"jsonrpc":"2.0","method":"eth_subscription","params":{"subscription":"0xbed0a0851463e895960a451075a301a9","result":"0x4cdebe216c80a469c0d45159162dc6780b1e541a827da6d50af19b406d421732"}}
[2m2025-12-10T10:12:25.577097Z[0m [34mDEBUG[0m [2mhyper::proto::h1::conn[0m[2m:[0m incoming body is content-length (45 bytes)
[2m2025-12-10T10:12:25.577106Z[0m [34mDEBUG[0m [2methereum_transaction_pool_monitor::eth_client[0m[2m:[0m 📨 Received pending transaction: 0x4cdebe216c80a469c0d45159162dc6780b1e541a827da6d50af19b406d421732
[2m2025-12-10T10:12:25.577112Z[0m [34mDEBUG[0m [2mhyper::proto::h1::conn[0m[2m:[0m incoming body completed
[2m2025-12-10T10:12:25.577117Z[0m [34mDEBUG[0m [2methereum_transaction_pool_monitor::mempool_monitor[0m[2m:[0m 📨 Processing new pending transaction: 0x4cdebe216c80a469c0d45159162dc6780b1e541a827da6d50af19b406d421732
[2m2025-12-10T10:12:25.577124Z[0m [34mDEBUG[0m [2methereum_transaction_pool_monitor::mempool_monitor[0m[2m:[0m 🔍 Fetching transaction details for: 0x4cdebe216c80a469c0d45159162dc6780b1e541a827da6d50af19b406d421732
[2m2025-12-10T10:12:25.577125Z[0m [34mDEBUG[0m [2mhyper::client::pool[0m[2m:[0m pooling idle connection for ("http", 192.168.0.14:8545)
[2m2025-12-10T10:12:25.577132Z[0m [34mDEBUG[0m [2methereum_transaction_pool_monitor::eth_client[0m[2m:[0m 🔍 Fetching transaction details for hash: 0x4cdebe216c80a469c0d45159162dc6780b1e541a827da6d50af19b406d421732
[2m2025-12-10T10:12:25.577152Z[0m [34mDEBUG[0m [2mhyper::client::pool[0m[2m:[0m reuse idle connection for ("http", 192.168.0.14:8545)
[2m2025-12-10T10:12:25.577170Z[0m [34mDEBUG[0m [2mhyper::proto::h1::io[0m[2m:[0m flushed 250 bytes
[2m2025-12-10T10:12:25.586090Z[0m [34mDEBUG[0m [2mhyper::proto::h1::io[0m[2m:[0m parsed 4 headers
[2m2025-12-10T10:12:25.586120Z[0m [34mDEBUG[0m [2mhyper::proto::h1::conn[0m[2m:[0m incoming body is content-length (651 bytes)
[2m2025-12-10T10:12:25.586131Z[0m [34mDEBUG[0m [2mhyper::proto::h1::conn[0m[2m:[0m incoming body completed
[2m2025-12-10T10:12:25.586149Z[0m [34mDEBUG[0m [2mhyper::client::pool[0m[2m:[0m pooling idle connection for ("http", 192.168.0.14:8545)
[2m2025-12-10T10:12:25.586157Z[0m [34mDEBUG[0m [2methereum_transaction_pool_monitor::eth_client[0m[2m:[0m 📡 Transaction fetch RPC completed in 9.015ms
[2m2025-12-10T10:12:25.658164Z[0m [34mDEBUG[0m [2methereum_transaction_pool_monitor::eth_client[0m[2m:[0m ✅ Transaction 0x4cdebe216c80a469c0d45159162dc6780b1e541a827da6d50af19b406d421732 fetched and parsed in 81.020125ms
[2m2025-12-10T10:12:25.658190Z[0m [34mDEBUG[0m [2methereum_transaction_pool_monitor::mempool_monitor[0m[2m:[0m 🔍 Skipping tx 0x4cdebe216c80a469c0d45159162dc6780b1e541a827da6d50af19b406d421732 - not a DEX interaction (target: 0x1b27CEcFb52C11b04464c6469a3B6fa90aea7304)
[2m2025-12-10T10:12:25.658235Z[0m [34mDEBUG[0m [2mhyper::client::pool[0m[2m:[0m reuse idle connection for ("http", 192.168.0.14:8545)
[2m2025-12-10T10:12:25.658271Z[0m [34mDEBUG[0m [2mhyper::proto::h1::io[0m[2m:[0m flushed 172 bytes
[2m2025-12-10T10:12:25.658284Z[0m [34mDEBUG[0m [2methereum_transaction_pool_monitor::eth_client[0m[2m:[0m 📨 Received WebSocket message: {"jsonrpc":"2.0","method":"eth_subscription","params":{"subscription":"0xbed0a0851463e895960a451075a301a9","result":"0x46dbe5b294415779e27002eace169ea05dad039b7ade6d067b16add162e1222b"}}
[2m2025-12-10T10:12:25.658299Z[0m [34mDEBUG[0m [2methereum_transaction_pool_monitor::eth_client[0m[2m:[0m 📨 Received pending transaction: 0x46dbe5b294415779e27002eace169ea05dad039b7ade6d067b16add162e1222b
[2m2025-12-10T10:12:25.658308Z[0m [34mDEBUG[0m [2methereum_transaction_pool_monitor::eth_client[0m[2m:[0m 📨 Received WebSocket message: {"jsonrpc":"2.0","method":"eth_subscription","params":{"subscription":"0xbed0a0851463e895960a451075a301a9","result":"0xc7996e60ca85b0fb3dd8ec7c70b644acbe75b64a361d177792a6053db1ac7850"}}
[2m2025-12-10T10:12:25.658315Z[0m [34mDEBUG[0m [2methereum_transaction_pool_monitor::eth_client[0m[2m:[0m 📨 Received pending transaction: 0xc7996e60ca85b0fb3dd8ec7c70b644acbe75b64a361d177792a6053db1ac7850
[2m2025-12-10T10:12:25.658323Z[0m [34mDEBUG[0m [2methereum_transaction_pool_monitor::mempool_monitor[0m[2m:[0m 📨 Processing new pending transaction: 0x46dbe5b294415779e27002eace169ea05dad039b7ade6d067b16add162e1222b
[2m2025-12-10T10:12:25.658328Z[0m [34mDEBUG[0m [2methereum_transaction_pool_monitor::mempool_monitor[0m[2m:[0m 🔍 Fetching transaction details for: 0x46dbe5b294415779e27002eace169ea05dad039b7ade6d067b16add162e1222b
[2m2025-12-10T10:12:25.658333Z[0m [34mDEBUG[0m [2methereum_transaction_pool_monitor::eth_client[0m[2m:[0m 🔍 Fetching transaction details for hash: 0x46dbe5b294415779e27002eace169ea05dad039b7ade6d067b16add162e1222b
[2m2025-12-10T10:12:25.658345Z[0m [34mDEBUG[0m [2mhyper::client::pool[0m[2m:[0m reuse idle connection for ("http", 192.168.0.14:8545)
[2m2025-12-10T10:12:25.658361Z[0m [34mDEBUG[0m [2mhyper::proto::h1::io[0m[2m:[0m flushed 250 bytes
[2m2025-12-10T10:12:25.662200Z[0m [34mDEBUG[0m [2mhyper::proto::h1::io[0m[2m:[0m parsed 4 headers
[2m2025-12-10T10:12:25.662205Z[0m [34mDEBUG[0m [2mhyper::proto::h1::conn[0m[2m:[0m incoming body is content-length (45 bytes)
[2m2025-12-10T10:12:25.662211Z[0m [34mDEBUG[0m [2mhyper::proto::h1::conn[0m[2m:[0m incoming body completed
[2m2025-12-10T10:12:25.662218Z[0m [34mDEBUG[0m [2mhyper::client::pool[0m[2m:[0m pooling idle connection for ("http", 192.168.0.14:8545)
[2m2025-12-10T10:12:25.663885Z[0m [34mDEBUG[0m [2mhyper::proto::h1::io[0m[2m:[0m parsed 4 headers
[2m2025-12-10T10:12:25.663912Z[0m [34mDEBUG[0m [2mhyper::proto::h1::conn[0m[2m:[0m incoming body is content-length (1731 bytes)
[2m2025-12-10T10:12:25.663940Z[0m [34mDEBUG[0m [2mhyper::proto::h1::conn[0m[2m:[0m incoming body completed
[2m2025-12-10T10:12:25.663947Z[0m [34mDEBUG[0m [2mhyper::client::pool[0m[2m:[0m pooling idle connection for ("http", 192.168.0.14:8545)
[2m2025-12-10T10:12:25.663952Z[0m [34mDEBUG[0m [2methereum_transaction_pool_monitor::eth_client[0m[2m:[0m 📡 Transaction fetch RPC completed in 5.613833ms
[2m2025-12-10T10:12:25.734748Z[0m [34mDEBUG[0m [2methereum_transaction_pool_monitor::eth_client[0m[2m:[0m ✅ Transaction 0x46dbe5b294415779e27002eace169ea05dad039b7ade6d067b16add162e1222b fetched and parsed in 76.407458ms
[2m2025-12-10T10:12:25.734774Z[0m [34mDEBUG[0m [2methereum_transaction_pool_monitor::mempool_monitor[0m[2m:[0m 🔍 Skipping tx 0x46dbe5b294415779e27002eace169ea05dad039b7ade6d067b16add162e1222b - not a DEX interaction (target: 0x601a2aD6CB5949f0529735254189Ba3194221EDF)
[2m2025-12-10T10:12:25.734784Z[0m [34mDEBUG[0m [2methereum_transaction_pool_monitor::mempool_monitor[0m[2m:[0m 📨 Processing new pending transaction: 0xc7996e60ca85b0fb3dd8ec7c70b644acbe75b64a361d177792a6053db1ac7850
[2m2025-12-10T10:12:25.734790Z[0m [34mDEBUG[0m [2methereum_transaction_pool_monitor::mempool_monitor[0m[2m:[0m 🔍 Fetching transaction details for: 0xc7996e60ca85b0fb3dd8ec7c70b644acbe75b64a361d177792a6053db1ac7850
[2m2025-12-10T10:12:25.734794Z[0m [34mDEBUG[0m [2methereum_transaction_pool_monitor::eth_client[0m[2m:[0m 🔍 Fetching transaction details for hash: 0xc7996e60ca85b0fb3dd8ec7c70b644acbe75b64a361d177792a6053db1ac7850
[2m2025-12-10T10:12:25.734812Z[0m [34mDEBUG[0m [2mhyper::client::pool[0m[2m:[0m reuse idle connection for ("http", 192.168.0.14:8545)
[2m2025-12-10T10:12:25.734841Z[0m [34mDEBUG[0m [2mhyper::proto::h1::io[0m[2m:[0m flushed 250 bytes
[2m2025-12-10T10:12:25.734861Z[0m [34mDEBUG[0m [2mhyper::client::pool[0m[2m:[0m reuse idle connection for ("http", 192.168.0.14:8545)
[2m2025-12-10T10:12:25.734873Z[0m [34mDEBUG[0m [2methereum_transaction_pool_monitor::eth_client[0m[2m:[0m 📨 Received WebSocket message: {"jsonrpc":"2.0","method":"eth_subscription","params":{"subscription":"0xbed0a0851463e895960a451075a301a9","result":"0xdf109d7ee8dbb7e525bd258e644009d9f0a673811ff72f183bfe0dfc508254a4"}}
[2m2025-12-10T10:12:25.734875Z[0m [34mDEBUG[0m [2mhyper::proto::h1::io[0m[2m:[0m flushed 172 bytes
[2m2025-12-10T10:12:25.734886Z[0m [34mDEBUG[0m [2methereum_transaction_pool_monitor::eth_client[0m[2m:[0m 📨 Received pending transaction: 0xdf109d7ee8dbb7e525bd258e644009d9f0a673811ff72f183bfe0dfc508254a4
[2m2025-12-10T10:12:25.738130Z[0m [34mDEBUG[0m [2mhyper::proto::h1::io[0m[2m:[0m parsed 4 headers
[2m2025-12-10T10:12:25.738152Z[0m [34mDEBUG[0m [2mhyper::proto::h1::conn[0m[2m:[0m incoming body is content-length (45 bytes)
[2m2025-12-10T10:12:25.738174Z[0m [34mDEBUG[0m [2mhyper::proto::h1::conn[0m[2m:[0m incoming body completed
[2m2025-12-10T10:12:25.738194Z[0m [34mDEBUG[0m [2mhyper::client::pool[0m[2m:[0m pooling idle connection for ("http", 192.168.0.14:8545)
[2m2025-12-10T10:12:25.739231Z[0m [34mDEBUG[0m [2mhyper::proto::h1::io[0m[2m:[0m parsed 4 headers
[2m2025-12-10T10:12:25.739236Z[0m [34mDEBUG[0m [2mhyper::proto::h1::conn[0m[2m:[0m incoming body is content-length (644 bytes)
[2m2025-12-10T10:12:25.739240Z[0m [34mDEBUG[0m [2mhyper::proto::h1::conn[0m[2m:[0m incoming body completed
[2m2025-12-10T10:12:25.739245Z[0m [34mDEBUG[0m [2mhyper::client::pool[0m[2m:[0m pooling idle connection for ("http", 192.168.0.14:8545)
[2m2025-12-10T10:12:25.739249Z[0m [34mDEBUG[0m [2methereum_transaction_pool_monitor::eth_client[0m[2m:[0m 📡 Transaction fetch RPC completed in 4.45125ms
[2m2025-12-10T10:12:25.810792Z[0m [34mDEBUG[0m [2methereum_transaction_pool_monitor::eth_client[0m[2m:[0m ✅ Transaction 0xc7996e60ca85b0fb3dd8ec7c70b644acbe75b64a361d177792a6053db1ac7850 fetched and parsed in 75.990917ms
[2m2025-12-10T10:12:25.810816Z[0m [34mDEBUG[0m [2methereum_transaction_pool_monitor::mempool_monitor[0m[2m:[0m 🔍 Skipping tx 0xc7996e60ca85b0fb3dd8ec7c70b644acbe75b64a361d177792a6053db1ac7850 - not a DEX interaction (target: 0x98Dd554FBC6833183f9A5313e5DD5bB6B8e06373)
[2m2025-12-10T10:12:25.810828Z[0m [34mDEBUG[0m [2methereum_transaction_pool_monitor::mempool_monitor[0m[2m:[0m 📨 Processing new pending transaction: 0xdf109d7ee8dbb7e525bd258e644009d9f0a673811ff72f183bfe0dfc508254a4
[2m2025-12-10T10:12:25.810837Z[0m [34mDEBUG[0m [2methereum_transaction_pool_monitor::mempool_monitor[0m[2m:[0m 🔍 Fetching transaction details for: 0xdf109d7ee8dbb7e525bd258e644009d9f0a673811ff72f183bfe0dfc508254a4
[2m2025-12-10T10:12:25.810844Z[0m [34mDEBUG[0m [2methereum_transaction_pool_monitor::eth_client[0m[2m:[0m 🔍 Fetching transaction details for hash: 0xdf109d7ee8dbb7e525bd258e644009d9f0a673811ff72f183bfe0dfc508254a4
[2m2025-12-10T10:12:25.810864Z[0m [34mDEBUG[0m [2mhyper::client::pool[0m[2m:[0m reuse idle connection for ("http", 192.168.0.14:8545)
[2m2025-12-10T10:12:25.810903Z[0m [34mDEBUG[0m [2mhyper::proto::h1::io[0m[2m:[0m flushed 250 bytes
[2m2025-12-10T10:12:25.810931Z[0m [34mDEBUG[0m [2mhyper::client::pool[0m[2m:[0m reuse idle connection for ("http", 192.168.0.14:8545)
[2m2025-12-10T10:12:25.810948Z[0m [34mDEBUG[0m [2mhyper::proto::h1::io[0m[2m:[0m flushed 172 bytes
[2m2025-12-10T10:12:25.817154Z[0m [34mDEBUG[0m [2mhyper::proto::h1::io[0m[2m:[0m parsed 4 headers
[2m2025-12-10T10:12:25.817161Z[0m [34mDEBUG[0m [2mhyper::proto::h1::conn[0m[2m:[0m incoming body is content-length (45 bytes)
[2m2025-12-10T10:12:25.817170Z[0m [34mDEBUG[0m [2mhyper::proto::h1::conn[0m[2m:[0m incoming body completed
[2m2025-12-10T10:12:25.817178Z[0m [34mDEBUG[0m [2mhyper::client::pool[0m[2m:[0m pooling idle connection for ("http", 192.168.0.14:8545)
[2m2025-12-10T10:12:25.817199Z[0m [34mDEBUG[0m [2mhyper::proto::h1::io[0m[2m:[0m parsed 4 headers
[2m2025-12-10T10:12:25.817205Z[0m [34mDEBUG[0m [2mhyper::proto::h1::conn[0m[2m:[0m incoming body is content-length (1219 bytes)
[2m2025-12-10T10:12:25.817211Z[0m [34mDEBUG[0m [2mhyper::proto::h1::conn[0m[2m:[0m incoming body completed
[2m2025-12-10T10:12:25.817216Z[0m [34mDEBUG[0m [2mhyper::client::pool[0m[2m:[0m pooling idle connection for ("http", 192.168.0.14:8545)
[2m2025-12-10T10:12:25.817221Z[0m [34mDEBUG[0m [2methereum_transaction_pool_monitor::eth_client[0m[2m:[0m 📡 Transaction fetch RPC completed in 6.368917ms
[2m2025-12-10T10:12:25.888142Z[0m [34mDEBUG[0m [2methereum_transaction_pool_monitor::eth_client[0m[2m:[0m ✅ Transaction 0xdf109d7ee8dbb7e525bd258e644009d9f0a673811ff72f183bfe0dfc508254a4 fetched and parsed in 77.287917ms
[2m2025-12-10T10:12:25.888172Z[0m [34mDEBUG[0m [2methereum_transaction_pool_monitor::mempool_monitor[0m[2m:[0m 🔍 Skipping tx 0xdf109d7ee8dbb7e525bd258e644009d9f0a673811ff72f183bfe0dfc508254a4 - not a DEX interaction (target: 0xF6801D319497789f934ec7F83E142a9536312B08)
[2m2025-12-10T10:12:25.900220Z[0m [34mDEBUG[0m [2mhyper::client::pool[0m[2m:[0m reuse idle connection for ("http", 192.168.0.14:8545)
[2m2025-12-10T10:12:25.900244Z[0m [34mDEBUG[0m [2mhyper::proto::h1::io[0m[2m:[0m flushed 172 bytes
[2m2025-12-10T10:12:25.904161Z[0m [34mDEBUG[0m [2mhyper::proto::h1::io[0m[2m:[0m parsed 4 headers
[2m2025-12-10T10:12:25.904167Z[0m [34mDEBUG[0m [2mhyper::proto::h1::conn[0m[2m:[0m incoming body is content-length (45 bytes)
[2m2025-12-10T10:12:25.904176Z[0m [34mDEBUG[0m [2mhyper::proto::h1::conn[0m[2m:[0m incoming body completed
[2m2025-12-10T10:12:25.904185Z[0m [34mDEBUG[0m [2mhyper::client::pool[0m[2m:[0m pooling idle connection for ("http", 192.168.0.14:8545)
[2m2025-12-10T10:12:25.957898Z[0m [34mDEBUG[0m [2methereum_transaction_pool_monitor::eth_client[0m[2m:[0m 📨 Received WebSocket message: {"jsonrpc":"2.0","method":"eth_subscription","params":{"subscription":"0xbed0a0851463e895960a451075a301a9","result":"0xcf3f63821a4f31a9ff46d10b74b3309384b6a55d3ca89cece31ad619658a2ca3"}}
[2m2025-12-10T10:12:25.957911Z[0m [34mDEBUG[0m [2methereum_transaction_pool_monitor::eth_client[0m[2m:[0m 📨 Received pending transaction: 0xcf3f63821a4f31a9ff46d10b74b3309384b6a55d3ca89cece31ad619658a2ca3
[2m2025-12-10T10:12:25.957934Z[0m [34mDEBUG[0m [2methereum_transaction_pool_monitor::mempool_monitor[0m[2m:[0m 📨 Processing new pending transaction: 0xcf3f63821a4f31a9ff46d10b74b3309384b6a55d3ca89cece31ad619658a2ca3
[2m2025-12-10T10:12:25.957940Z[0m [34mDEBUG[0m [2methereum_transaction_pool_monitor::mempool_monitor[0m[2m:[0m 🔍 Fetching transaction details for: 0xcf3f63821a4f31a9ff46d10b74b3309384b6a55d3ca89cece31ad619658a2ca3
[2m2025-12-10T10:12:25.958207Z[0m [34mDEBUG[0m [2methereum_transaction_pool_monitor::eth_client[0m[2m:[0m 🔍 Fetching transaction details for hash: 0xcf3f63821a4f31a9ff46d10b74b3309384b6a55d3ca89cece31ad619658a2ca3
[2m2025-12-10T10:12:25.958223Z[0m [34mDEBUG[0m [2mhyper::client::pool[0m[2m:[0m reuse idle connection for ("http", 192.168.0.14:8545)
[2m2025-12-10T10:12:25.958238Z[0m [34mDEBUG[0m [2mhyper::proto::h1::io[0m[2m:[0m flushed 250 bytes
[2m2025-12-10T10:12:25.965622Z[0m [34mDEBUG[0m [2mhyper::proto::h1::io[0m[2m:[0m parsed 4 headers
[2m2025-12-10T10:12:25.965637Z[0m [34mDEBUG[0m [2mhyper::proto::h1::conn[0m[2m:[0m incoming body is content-length (655 bytes)
[2m2025-12-10T10:12:25.965647Z[0m [34mDEBUG[0m [2mhyper::proto::h1::conn[0m[2m:[0m incoming body completed
[2m2025-12-10T10:12:25.965659Z[0m [34mDEBUG[0m [2mhyper::client::pool[0m[2m:[0m pooling idle connection for ("http", 192.168.0.14:8545)
[2m2025-12-10T10:12:25.965667Z[0m [34mDEBUG[0m [2methereum_transaction_pool_monitor::eth_client[0m[2m:[0m 📡 Transaction fetch RPC completed in 7.453458ms
[2m2025-12-10T10:12:26.040926Z[0m [34mDEBUG[0m [2methereum_transaction_pool_monitor::eth_client[0m[2m:[0m ✅ Transaction 0xcf3f63821a4f31a9ff46d10b74b3309384b6a55d3ca89cece31ad619658a2ca3 fetched and parsed in 82.710708ms
[2m2025-12-10T10:12:26.040955Z[0m [34mDEBUG[0m [2methereum_transaction_pool_monitor::mempool_monitor[0m[2m:[0m 🔍 Skipping tx 0xcf3f63821a4f31a9ff46d10b74b3309384b6a55d3ca89cece31ad619658a2ca3 - not a DEX interaction (target: 0x69d67442f35a84b486C01E5Baf44F0D303bFd1ae)
[2m2025-12-10T10:12:26.041006Z[0m [34mDEBUG[0m [2mhyper::client::pool[0m[2m:[0m reuse idle connection for ("http", 192.168.0.14:8545)
[2m2025-12-10T10:12:26.041046Z[0m [34mDEBUG[0m [2mhyper::proto::h1::io[0m[2m:[0m flushed 172 bytes
[2m2025-12-10T10:12:26.046355Z[0m [34mDEBUG[0m [2mhyper::proto::h1::io[0m[2m:[0m parsed 4 headers
[2m2025-12-10T10:12:26.046361Z[0m [34mDEBUG[0m [2mhyper::proto::h1::conn[0m[2m:[0m incoming body is content-length (45 bytes)
[2m2025-12-10T10:12:26.046367Z[0m [34mDEBUG[0m [2mhyper::proto::h1::conn[0m[2m:[0m incoming body completed
[2m2025-12-10T10:12:26.046374Z[0m [34mDEBUG[0m [2mhyper::client::pool[0m[2m:[0m pooling idle connection for ("http", 192.168.0.14:8545)
[2m2025-12-10T10:12:26.099122Z[0m [34mDEBUG[0m [2mhyper::client::pool[0m[2m:[0m reuse idle connection for ("http", 192.168.0.14:8545)
[2m2025-12-10T10:12:26.102022Z[0m [34mDEBUG[0m [2mhyper::proto::h1::io[0m[2m:[0m flushed 172 bytes
[2m2025-12-10T10:12:26.108629Z[0m [34mDEBUG[0m [2mhyper::proto::h1::io[0m[2m:[0m parsed 4 headers
[2m2025-12-10T10:12:26.108647Z[0m [34mDEBUG[0m [2mhyper::proto::h1::conn[0m[2m:[0m incoming body is content-length (45 bytes)
[2m2025-12-10T10:12:26.108655Z[0m [34mDEBUG[0m [2mhyper::proto::h1::conn[0m[2m:[0m incoming body completed
[2m2025-12-10T10:12:26.108664Z[0m [34mDEBUG[0m [2mhyper::client::pool[0m[2m:[0m pooling idle connection for ("http", 192.168.0.14:8545)
[2m2025-12-10T10:12:26.198679Z[0m [34mDEBUG[0m [2mhyper::client::pool[0m[2m:[0m reuse idle connection for ("http", 192.168.0.14:8545)
[2m2025-12-10T10:12:26.198739Z[0m [34mDEBUG[0m [2mhyper::proto::h1::io[0m[2m:[0m flushed 172 bytes
[2m2025-12-10T10:12:26.202815Z[0m [34mDEBUG[0m [2mhyper::proto::h1::io[0m[2m:[0m parsed 4 headers
[2m2025-12-10T10:12:26.202826Z[0m [34mDEBUG[0m [2mhyper::proto::h1::conn[0m[2m:[0m incoming body is content-length (45 bytes)
[2m2025-12-10T10:12:26.202833Z[0m [34mDEBUG[0m [2mhyper::proto::h1::conn[0m[2m:[0m incoming body completed
[2m2025-12-10T10:12:26.202841Z[0m [34mDEBUG[0m [2mhyper::client::pool[0m[2m:[0m pooling idle connection for ("http", 192.168.0.14:8545)
[2m2025-12-10T10:12:26.257044Z[0m [34mDEBUG[0m [2methereum_transaction_pool_monitor::eth_client[0m[2m:[0m 📨 Received WebSocket message: {"jsonrpc":"2.0","method":"eth_subscription","params":{"subscription":"0xbed0a0851463e895960a451075a301a9","result":"0xeb05b0ddfd5028a4e5b6c9bb14c47f7c30ab821f35495efc81e676332f3d9d4f"}}
[2m2025-12-10T10:12:26.257063Z[0m [34mDEBUG[0m [2methereum_transaction_pool_monitor::eth_client[0m[2m:[0m 📨 Received pending transaction: 0xeb05b0ddfd5028a4e5b6c9bb14c47f7c30ab821f35495efc81e676332f3d9d4f
[2m2025-12-10T10:12:26.257070Z[0m [34mDEBUG[0m [2methereum_transaction_pool_monitor::mempool_monitor[0m[2m:[0m 📨 Processing new pending transaction: 0xeb05b0ddfd5028a4e5b6c9bb14c47f7c30ab821f35495efc81e676332f3d9d4f
[2m2025-12-10T10:12:26.257075Z[0m [34mDEBUG[0m [2methereum_transaction_pool_monitor::mempool_monitor[0m[2m:[0m 🔍 Fetching transaction details for: 0xeb05b0ddfd5028a4e5b6c9bb14c47f7c30ab821f35495efc81e676332f3d9d4f
[2m2025-12-10T10:12:26.257078Z[0m [34mDEBUG[0m [2methereum_transaction_pool_monitor::eth_client[0m[2m:[0m 🔍 Fetching transaction details for hash: 0xeb05b0ddfd5028a4e5b6c9bb14c47f7c30ab821f35495efc81e676332f3d9d4f
[2m2025-12-10T10:12:26.257095Z[0m [34mDEBUG[0m [2mhyper::client::pool[0m[2m:[0m reuse idle connection for ("http", 192.168.0.14:8545)
[2m2025-12-10T10:12:26.257115Z[0m [34mDEBUG[0m [2mhyper::proto::h1::io[0m[2m:[0m flushed 250 bytes
[2m2025-12-10T10:12:26.264566Z[0m [34mDEBUG[0m [2mhyper::proto::h1::io[0m[2m:[0m parsed 4 headers
[2m2025-12-10T10:12:26.264579Z[0m [34mDEBUG[0m [2mhyper::proto::h1::conn[0m[2m:[0m incoming body is content-length (830 bytes)
[2m2025-12-10T10:12:26.264586Z[0m [34mDEBUG[0m [2mhyper::proto::h1::conn[0m[2m:[0m incoming body completed
[2m2025-12-10T10:12:26.264595Z[0m [34mDEBUG[0m [2mhyper::client::pool[0m[2m:[0m pooling idle connection for ("http", 192.168.0.14:8545)
[2m2025-12-10T10:12:26.264602Z[0m [34mDEBUG[0m [2methereum_transaction_pool_monitor::eth_client[0m[2m:[0m 📡 Transaction fetch RPC completed in 7.520334ms
[2m2025-12-10T10:12:26.334492Z[0m [34mDEBUG[0m [2methereum_transaction_pool_monitor::eth_client[0m[2m:[0m ✅ Transaction 0xeb05b0ddfd5028a4e5b6c9bb14c47f7c30ab821f35495efc81e676332f3d9d4f fetched and parsed in 77.406625ms
[2m2025-12-10T10:12:26.334522Z[0m [34mDEBUG[0m [2methereum_transaction_pool_monitor::mempool_monitor[0m[2m:[0m 🔍 Skipping tx 0xeb05b0ddfd5028a4e5b6c9bb14c47f7c30ab821f35495efc81e676332f3d9d4f - not a DEX interaction (target: 0x3B4D794a66304F130a4Db8F2551B0070dfCf5ca7)
[2m2025-12-10T10:12:26.334566Z[0m [34mDEBUG[0m [2mhyper::client::pool[0m[2m:[0m reuse idle connection for ("http", 192.168.0.14:8545)
[2m2025-12-10T10:12:26.334595Z[0m [34mDEBUG[0m [2mhyper::proto::h1::io[0m[2m:[0m flushed 172 bytes
[2m2025-12-10T10:12:26.334599Z[0m [34mDEBUG[0m [2methereum_transaction_pool_monitor::eth_client[0m[2m:[0m 📨 Received WebSocket message: {"jsonrpc":"2.0","method":"eth_subscription","params":{"subscription":"0xbed0a0851463e895960a451075a301a9","result":"0x5278b54b7eaaba5b9011416eec41b31df6ecb6d020d5083b43a46bf73ab79847"}}
[2m2025-12-10T10:12:26.334613Z[0m [34mDEBUG[0m [2methereum_transaction_pool_monitor::eth_client[0m[2m:[0m 📨 Received pending transaction: 0x5278b54b7eaaba5b9011416eec41b31df6ecb6d020d5083b43a46bf73ab79847
[2m2025-12-10T10:12:26.334620Z[0m [34mDEBUG[0m [2methereum_transaction_pool_monitor::eth_client[0m[2m:[0m 📨 Received WebSocket message: {"jsonrpc":"2.0","method":"eth_subscription","params":{"subscription":"0xbed0a0851463e895960a451075a301a9","result":"0xa3634008d3ab2b237fe64defe381030bcf20d5bb11e1644e5ffd6111e09bb835"}}
[2m2025-12-10T10:12:26.334627Z[0m [34mDEBUG[0m [2methereum_transaction_pool_monitor::eth_client[0m[2m:[0m 📨 Received pending transaction: 0xa3634008d3ab2b237fe64defe381030bcf20d5bb11e1644e5ffd6111e09bb835
[2m2025-12-10T10:12:26.334633Z[0m [34mDEBUG[0m [2methereum_transaction_pool_monitor::mempool_monitor[0m[2m:[0m 📨 Processing new pending transaction: 0x5278b54b7eaaba5b9011416eec41b31df6ecb6d020d5083b43a46bf73ab79847
[2m2025-12-10T10:12:26.334638Z[0m [34mDEBUG[0m [2methereum_transaction_pool_monitor::mempool_monitor[0m[2m:[0m 🔍 Fetching transaction details for: 0x5278b54b7eaaba5b9011416eec41b31df6ecb6d020d5083b43a46bf73ab79847
[2m2025-12-10T10:12:26.334645Z[0m [34mDEBUG[0m [2methereum_transaction_pool_monitor::eth_client[0m[2m:[0m 🔍 Fetching transaction details for hash: 0x5278b54b7eaaba5b9011416eec41b31df6ecb6d020d5083b43a46bf73ab79847
[2m2025-12-10T10:12:26.334654Z[0m [34mDEBUG[0m [2mhyper::client::pool[0m[2m:[0m reuse idle connection for ("http", 192.168.0.14:8545)
[2m2025-12-10T10:12:26.334668Z[0m [34mDEBUG[0m [2mhyper::proto::h1::io[0m[2m:[0m flushed 250 bytes
[2m2025-12-10T10:12:26.340355Z[0m [34mDEBUG[0m [2mhyper::proto::h1::io[0m[2m:[0m parsed 4 headers
[2m2025-12-10T10:12:26.340360Z[0m [34mDEBUG[0m [2mhyper::proto::h1::conn[0m[2m:[0m incoming body is content-length (45 bytes)
[2m2025-12-10T10:12:26.340366Z[0m [34mDEBUG[0m [2mhyper::proto::h1::conn[0m[2m:[0m incoming body completed
[2m2025-12-10T10:12:26.340373Z[0m [34mDEBUG[0m [2mhyper::client::pool[0m[2m:[0m pooling idle connection for ("http", 192.168.0.14:8545)
[2m2025-12-10T10:12:26.343525Z[0m [34mDEBUG[0m [2mhyper::proto::h1::io[0m[2m:[0m parsed 4 headers
[2m2025-12-10T10:12:26.343534Z[0m [34mDEBUG[0m [2mhyper::proto::h1::conn[0m[2m:[0m incoming body is content-length (3664 bytes)
[2m2025-12-10T10:12:26.343541Z[0m [34mDEBUG[0m [2mhyper::proto::h1::conn[0m[2m:[0m incoming body completed
[2m2025-12-10T10:12:26.343550Z[0m [34mDEBUG[0m [2mhyper::client::pool[0m[2m:[0m pooling idle connection for ("http", 192.168.0.14:8545)
[2m2025-12-10T10:12:26.343557Z[0m [34mDEBUG[0m [2methereum_transaction_pool_monitor::eth_client[0m[2m:[0m 📡 Transaction fetch RPC completed in 8.908042ms
[2m2025-12-10T10:12:26.414950Z[0m [34mDEBUG[0m [2methereum_transaction_pool_monitor::eth_client[0m[2m:[0m ✅ Transaction 0x5278b54b7eaaba5b9011416eec41b31df6ecb6d020d5083b43a46bf73ab79847 fetched and parsed in 80.298959ms
[2m2025-12-10T10:12:26.414976Z[0m [34mDEBUG[0m [2methereum_transaction_pool_monitor::mempool_monitor[0m[2m:[0m 🔍 Skipping tx 0x5278b54b7eaaba5b9011416eec41b31df6ecb6d020d5083b43a46bf73ab79847 - not a DEX interaction (target: 0x0000000000001fF3684f28c67538d4D072C22734)
[2m2025-12-10T10:12:26.414985Z[0m [34mDEBUG[0m [2methereum_transaction_pool_monitor::mempool_monitor[0m[2m:[0m 📨 Processing new pending transaction: 0xa3634008d3ab2b237fe64defe381030bcf20d5bb11e1644e5ffd6111e09bb835
[2m2025-12-10T10:12:26.414992Z[0m [34mDEBUG[0m [2methereum_transaction_pool_monitor::mempool_monitor[0m[2m:[0m 🔍 Fetching transaction details for: 0xa3634008d3ab2b237fe64defe381030bcf20d5bb11e1644e5ffd6111e09bb835
[2m2025-12-10T10:12:26.414996Z[0m [34mDEBUG[0m [2methereum_transaction_pool_monitor::eth_client[0m[2m:[0m 🔍 Fetching transaction details for hash: 0xa3634008d3ab2b237fe64defe381030bcf20d5bb11e1644e5ffd6111e09bb835
[2m2025-12-10T10:12:26.415015Z[0m [34mDEBUG[0m [2mhyper::client::pool[0m[2m:[0m reuse idle connection for ("http", 192.168.0.14:8545)
[2m2025-12-10T10:12:26.415046Z[0m [34mDEBUG[0m [2mhyper::proto::h1::io[0m[2m:[0m flushed 250 bytes
[2m2025-12-10T10:12:26.415072Z[0m [34mDEBUG[0m [2mhyper::client::pool[0m[2m:[0m reuse idle connection for ("http", 192.168.0.14:8545)
[2m2025-12-10T10:12:26.415084Z[0m [34mDEBUG[0m [2mhyper::proto::h1::io[0m[2m:[0m flushed 172 bytes
[2m2025-12-10T10:12:26.423758Z[0m [34mDEBUG[0m [2mhyper::proto::h1::io[0m[2m:[0m parsed 4 headers
[2m2025-12-10T10:12:26.423777Z[0m [34mDEBUG[0m [2mhyper::proto::h1::conn[0m[2m:[0m incoming body is content-length (1731 bytes)
[2m2025-12-10T10:12:26.423789Z[0m [34mDEBUG[0m [2mhyper::proto::h1::conn[0m[2m:[0m incoming body completed
[2m2025-12-10T10:12:26.423807Z[0m [34mDEBUG[0m [2mhyper::client::pool[0m[2m:[0m pooling idle connection for ("http", 192.168.0.14:8545)
[2m2025-12-10T10:12:26.423818Z[0m [34mDEBUG[0m [2methereum_transaction_pool_monitor::eth_client[0m[2m:[0m 📡 Transaction fetch RPC completed in 8.817708ms
[2m2025-12-10T10:12:26.495931Z[0m [34mDEBUG[0m [2methereum_transaction_pool_monitor::eth_client[0m[2m:[0m ✅ Transaction 0xa3634008d3ab2b237fe64defe381030bcf20d5bb11e1644e5ffd6111e09bb835 fetched and parsed in 80.928125ms
[2m2025-12-10T10:12:26.495951Z[0m [34mDEBUG[0m [2methereum_transaction_pool_monitor::mempool_monitor[0m[2m:[0m 🔍 Skipping tx 0xa3634008d3ab2b237fe64defe381030bcf20d5bb11e1644e5ffd6111e09bb835 - not a DEX interaction (target: 0x601a2aD6CB5949f0529735254189Ba3194221EDF)
[2m2025-12-10T10:12:26.495987Z[0m [34mDEBUG[0m [2methereum_transaction_pool_monitor::eth_client[0m[2m:[0m 📨 Received WebSocket message: {"jsonrpc":"2.0","method":"eth_subscription","params":{"subscription":"0xbed0a0851463e895960a451075a301a9","result":"0x9f28eaf858ad43bf879fc538e83cd3f15fe896082e55d23edb96c348f31624c0"}}
[2m2025-12-10T10:12:26.495987Z[0m [34mDEBUG[0m [2mhyper::proto::h1::io[0m[2m:[0m parsed 4 headers
[2m2025-12-10T10:12:26.495997Z[0m [34mDEBUG[0m [2methereum_transaction_pool_monitor::eth_client[0m[2m:[0m 📨 Received pending transaction: 0x9f28eaf858ad43bf879fc538e83cd3f15fe896082e55d23edb96c348f31624c0
[2m2025-12-10T10:12:26.496000Z[0m [34mDEBUG[0m [2mhyper::proto::h1::conn[0m[2m:[0m incoming body is content-length (45 bytes)
[2m2025-12-10T10:12:26.496005Z[0m [34mDEBUG[0m [2methereum_transaction_pool_monitor::mempool_monitor[0m[2m:[0m 📨 Processing new pending transaction: 0x9f28eaf858ad43bf879fc538e83cd3f15fe896082e55d23edb96c348f31624c0
[2m2025-12-10T10:12:26.496008Z[0m [34mDEBUG[0m [2mhyper::proto::h1::conn[0m[2m:[0m incoming body completed
[2m2025-12-10T10:12:26.496011Z[0m [34mDEBUG[0m [2methereum_transaction_pool_monitor::mempool_monitor[0m[2m:[0m 🔍 Fetching transaction details for: 0x9f28eaf858ad43bf879fc538e83cd3f15fe896082e55d23edb96c348f31624c0
[2m2025-12-10T10:12:26.496017Z[0m [34mDEBUG[0m [2methereum_transaction_pool_monitor::eth_client[0m[2m:[0m 🔍 Fetching transaction details for hash: 0x9f28eaf858ad43bf879fc538e83cd3f15fe896082e55d23edb96c348f31624c0
[2m2025-12-10T10:12:26.496019Z[0m [34mDEBUG[0m [2mhyper::client::pool[0m[2m:[0m pooling idle connection for ("http", 192.168.0.14:8545)
[2m2025-12-10T10:12:26.496030Z[0m [34mDEBUG[0m [2mhyper::client::pool[0m[2m:[0m reuse idle connection for ("http", 192.168.0.14:8545)
[2m2025-12-10T10:12:26.496049Z[0m [34mDEBUG[0m [2mhyper::proto::h1::io[0m[2m:[0m flushed 250 bytes
[2m2025-12-10T10:12:26.498556Z[0m [34mDEBUG[0m [2mhyper::client::pool[0m[2m:[0m reuse idle connection for ("http", 192.168.0.14:8545)
[2m2025-12-10T10:12:26.498581Z[0m [34mDEBUG[0m [2mhyper::proto::h1::io[0m[2m:[0m flushed 172 bytes
[2m2025-12-10T10:12:26.504477Z[0m [34mDEBUG[0m [2mhyper::proto::h1::io[0m[2m:[0m parsed 4 headers
[2m2025-12-10T10:12:26.504489Z[0m [34mDEBUG[0m [2mhyper::proto::h1::conn[0m[2m:[0m incoming body is content-length (644 bytes)
[2m2025-12-10T10:12:26.504496Z[0m [34mDEBUG[0m [2mhyper::proto::h1::conn[0m[2m:[0m incoming body completed
[2m2025-12-10T10:12:26.504504Z[0m [34mDEBUG[0m [2mhyper::client::pool[0m[2m:[0m pooling idle connection for ("http", 192.168.0.14:8545)
[2m2025-12-10T10:12:26.504510Z[0m [34mDEBUG[0m [2methereum_transaction_pool_monitor::eth_client[0m[2m:[0m 📡 Transaction fetch RPC completed in 8.490167ms
[2m2025-12-10T10:12:26.572713Z[0m [34mDEBUG[0m [2methereum_transaction_pool_monitor::eth_client[0m[2m:[0m ✅ Transaction 0x9f28eaf858ad43bf879fc538e83cd3f15fe896082e55d23edb96c348f31624c0 fetched and parsed in 76.690709ms
[2m2025-12-10T10:12:26.572740Z[0m [34mDEBUG[0m [2methereum_transaction_pool_monitor::mempool_monitor[0m[2m:[0m 🔍 Skipping tx 0x9f28eaf858ad43bf879fc538e83cd3f15fe896082e55d23edb96c348f31624c0 - not a DEX interaction (target: 0x17E5545B11b468072283Cee1F066a059Fb0dbF24)
[2m2025-12-10T10:12:26.572861Z[0m [34mDEBUG[0m [2methereum_transaction_pool_monitor::eth_client[0m[2m:[0m 📨 Received WebSocket message: {"jsonrpc":"2.0","method":"eth_subscription","params":{"subscription":"0xbed0a0851463e895960a451075a301a9","result":"0xc44e132664cb58de3e94ea640885edc16070395cbb1090f05cdfc23f0b7fdc98"}}
[2m2025-12-10T10:12:26.572871Z[0m [34mDEBUG[0m [2methereum_transaction_pool_monitor::eth_client[0m[2m:[0m 📨 Received pending transaction: 0xc44e132664cb58de3e94ea640885edc16070395cbb1090f05cdfc23f0b7fdc98
[2m2025-12-10T10:12:26.572877Z[0m [34mDEBUG[0m [2methereum_transaction_pool_monitor::eth_client[0m[2m:[0m 📨 Received WebSocket message: {"jsonrpc":"2.0","method":"eth_subscription","params":{"subscription":"0xbed0a0851463e895960a451075a301a9","result":"0xd6f053657439d8de43276a7f92cfebf14c4de22ac612a0346562d40feb926d95"}}
[2m2025-12-10T10:12:26.572882Z[0m [34mDEBUG[0m [2methereum_transaction_pool_monitor::eth_client[0m[2m:[0m 📨 Received pending transaction: 0xd6f053657439d8de43276a7f92cfebf14c4de22ac612a0346562d40feb926d95
[2m2025-12-10T10:12:26.572888Z[0m [34mDEBUG[0m [2methereum_transaction_pool_monitor::mempool_monitor[0m[2m:[0m 📨 Processing new pending transaction: 0xc44e132664cb58de3e94ea640885edc16070395cbb1090f05cdfc23f0b7fdc98
[2m2025-12-10T10:12:26.572893Z[0m [34mDEBUG[0m [2methereum_transaction_pool_monitor::mempool_monitor[0m[2m:[0m 🔍 Fetching transaction details for: 0xc44e132664cb58de3e94ea640885edc16070395cbb1090f05cdfc23f0b7fdc98
[2m2025-12-10T10:12:26.572896Z[0m [34mDEBUG[0m [2methereum_transaction_pool_monitor::eth_client[0m[2m:[0m 🔍 Fetching transaction details for hash: 0xc44e132664cb58de3e94ea640885edc16070395cbb1090f05cdfc23f0b7fdc98
[2m2025-12-10T10:12:26.572896Z[0m [34mDEBUG[0m [2mhyper::proto::h1::io[0m[2m:[0m parsed 4 headers
[2m2025-12-10T10:12:26.572908Z[0m [34mDEBUG[0m [2mhyper::proto::h1::conn[0m[2m:[0m incoming body is content-length (45 bytes)
[2m2025-12-10T10:12:26.572915Z[0m [34mDEBUG[0m [2mhyper::proto::h1::conn[0m[2m:[0m incoming body completed
[2m2025-12-10T10:12:26.572915Z[0m [34mDEBUG[0m [2mhyper::client::pool[0m[2m:[0m reuse idle connection for ("http", 192.168.0.14:8545)
[2m2025-12-10T10:12:26.572924Z[0m [34mDEBUG[0m [2mhyper::client::pool[0m[2m:[0m pooling idle connection for ("http", 192.168.0.14:8545)
[2m2025-12-10T10:12:26.572935Z[0m [34mDEBUG[0m [2mhyper::proto::h1::io[0m[2m:[0m flushed 250 bytes
[2m2025-12-10T10:12:26.578107Z[0m [34mDEBUG[0m [2mhyper::proto::h1::io[0m[2m:[0m parsed 4 headers
[2m2025-12-10T10:12:26.578115Z[0m [34mDEBUG[0m [2mhyper::proto::h1::conn[0m[2m:[0m incoming body is content-length (555 bytes)
[2m2025-12-10T10:12:26.578121Z[0m [34mDEBUG[0m [2mhyper::proto::h1::conn[0m[2m:[0m incoming body completed
[2m2025-12-10T10:12:26.578128Z[0m [34mDEBUG[0m [2mhyper::client::pool[0m[2m:[0m pooling idle connection for ("http", 192.168.0.14:8545)
[2m2025-12-10T10:12:26.578134Z[0m [34mDEBUG[0m [2methereum_transaction_pool_monitor::eth_client[0m[2m:[0m 📡 Transaction fetch RPC completed in 5.231458ms
[2m2025-12-10T10:12:26.649313Z[0m [34mDEBUG[0m [2methereum_transaction_pool_monitor::eth_client[0m[2m:[0m ✅ Transaction 0xc44e132664cb58de3e94ea640885edc16070395cbb1090f05cdfc23f0b7fdc98 fetched and parsed in 76.408333ms
[2m2025-12-10T10:12:26.652488Z[0m [34mDEBUG[0m [2methereum_transaction_pool_monitor::mempool_monitor[0m[2m:[0m 🔍 Skipping tx 0xc44e132664cb58de3e94ea640885edc16070395cbb1090f05cdfc23f0b7fdc98 - not a DEX interaction (target: 0x46665D0eF282E3942e388823cbFC5A199ebC77C9)
[2m2025-12-10T10:12:26.652503Z[0m [34mDEBUG[0m [2methereum_transaction_pool_monitor::mempool_monitor[0m[2m:[0m 📨 Processing new pending transaction: 0xd6f053657439d8de43276a7f92cfebf14c4de22ac612a0346562d40feb926d95
[2m2025-12-10T10:12:26.652512Z[0m [34mDEBUG[0m [2methereum_transaction_pool_monitor::mempool_monitor[0m[2m:[0m 🔍 Fetching transaction details for: 0xd6f053657439d8de43276a7f92cfebf14c4de22ac612a0346562d40feb926d95
[2m2025-12-10T10:12:26.652518Z[0m [34mDEBUG[0m [2methereum_transaction_pool_monitor::eth_client[0m[2m:[0m 🔍 Fetching transaction details for hash: 0xd6f053657439d8de43276a7f92cfebf14c4de22ac612a0346562d40feb926d95
[2m2025-12-10T10:12:26.652542Z[0m [34mDEBUG[0m [2mhyper::client::pool[0m[2m:[0m reuse idle connection for ("http", 192.168.0.14:8545)
[2m2025-12-10T10:12:26.652595Z[0m [34mDEBUG[0m [2mhyper::proto::h1::io[0m[2m:[0m flushed 250 bytes
[2m2025-12-10T10:12:26.652620Z[0m [34mDEBUG[0m [2mhyper::client::pool[0m[2m:[0m reuse idle connection for ("http", 192.168.0.14:8545)
[2m2025-12-10T10:12:26.652633Z[0m [34mDEBUG[0m [2mhyper::proto::h1::io[0m[2m:[0m flushed 172 bytes
[2m2025-12-10T10:12:26.652635Z[0m [34mDEBUG[0m [2methereum_transaction_pool_monitor::eth_client[0m[2m:[0m 📨 Received WebSocket message: {"jsonrpc":"2.0","method":"eth_subscription","params":{"subscription":"0xbed0a0851463e895960a451075a301a9","result":"0xab41c7a9bd79fa804d20b13fbcdbdd052d8396e814fecf7718508e53f6aecad7"}}
[2m2025-12-10T10:12:26.652647Z[0m [34mDEBUG[0m [2methereum_transaction_pool_monitor::eth_client[0m[2m:[0m 📨 Received pending transaction: 0xab41c7a9bd79fa804d20b13fbcdbdd052d8396e814fecf7718508e53f6aecad7
[2m2025-12-10T10:12:26.657912Z[0m [34mDEBUG[0m [2mhyper::proto::h1::io[0m[2m:[0m parsed 4 headers
[2m2025-12-10T10:12:26.657921Z[0m [34mDEBUG[0m [2mhyper::proto::h1::conn[0m[2m:[0m incoming body is content-length (1919 bytes)
[2m2025-12-10T10:12:26.657927Z[0m [34mDEBUG[0m [2mhyper::proto::h1::conn[0m[2m:[0m incoming body completed
[2m2025-12-10T10:12:26.657935Z[0m [34mDEBUG[0m [2mhyper::client::pool[0m[2m:[0m pooling idle connection for ("http", 192.168.0.14:8545)
[2m2025-12-10T10:12:26.657942Z[0m [34mDEBUG[0m [2methereum_transaction_pool_monitor::eth_client[0m[2m:[0m 📡 Transaction fetch RPC completed in 5.416041ms
[2m2025-12-10T10:12:26.729693Z[0m [34mDEBUG[0m [2methereum_transaction_pool_monitor::eth_client[0m[2m:[0m ✅ Transaction 0xd6f053657439d8de43276a7f92cfebf14c4de22ac612a0346562d40feb926d95 fetched and parsed in 77.165041ms
[2m2025-12-10T10:12:26.729721Z[0m [34mDEBUG[0m [2methereum_transaction_pool_monitor::mempool_monitor[0m[2m:[0m 🔍 Skipping tx 0xd6f053657439d8de43276a7f92cfebf14c4de22ac612a0346562d40feb926d95 - not a DEX interaction (target: 0x7D09d6491df52f1511eC29ff2f0571854a440Cb1)
[2m2025-12-10T10:12:26.729732Z[0m [34mDEBUG[0m [2methereum_transaction_pool_monitor::mempool_monitor[0m[2m:[0m 📨 Processing new pending transaction: 0xab41c7a9bd79fa804d20b13fbcdbdd052d8396e814fecf7718508e53f6aecad7
[2m2025-12-10T10:12:26.729737Z[0m [34mDEBUG[0m [2methereum_transaction_pool_monitor::mempool_monitor[0m[2m:[0m 🔍 Fetching transaction details for: 0xab41c7a9bd79fa804d20b13fbcdbdd052d8396e814fecf7718508e53f6aecad7
[2m2025-12-10T10:12:26.729741Z[0m [34mDEBUG[0m [2methereum_transaction_pool_monitor::eth_client[0m[2m:[0m 🔍 Fetching transaction details for hash: 0xab41c7a9bd79fa804d20b13fbcdbdd052d8396e814fecf7718508e53f6aecad7
[2m2025-12-10T10:12:26.729760Z[0m [34mDEBUG[0m [2mhyper::client::pool[0m[2m:[0m reuse idle connection for ("http", 192.168.0.14:8545)
[2m2025-12-10T10:12:26.729795Z[0m [34mDEBUG[0m [2mhyper::proto::h1::io[0m[2m:[0m flushed 250 bytes
[2m2025-12-10T10:12:26.729818Z[0m [34mDEBUG[0m [2methereum_transaction_pool_monitor::eth_client[0m[2m:[0m 📨 Received WebSocket message: {"jsonrpc":"2.0","method":"eth_subscription","params":{"subscription":"0xbed0a0851463e895960a451075a301a9","result":"0xe03e3bc7c2fdcd4084c06eb12556e6218db3717a00b8ca6094d58e925afb20d7"}}
[2m2025-12-10T10:12:26.729821Z[0m [34mDEBUG[0m [2mhyper::proto::h1::io[0m[2m:[0m parsed 4 headers
[2m2025-12-10T10:12:26.729825Z[0m [34mDEBUG[0m [2methereum_transaction_pool_monitor::eth_client[0m[2m:[0m 📨 Received pending transaction: 0xe03e3bc7c2fdcd4084c06eb12556e6218db3717a00b8ca6094d58e925afb20d7
[2m2025-12-10T10:12:26.729827Z[0m [34mDEBUG[0m [2mhyper::proto::h1::conn[0m[2m:[0m incoming body is content-length (45 bytes)
[2m2025-12-10T10:12:26.729835Z[0m [34mDEBUG[0m [2mhyper::proto::h1::conn[0m[2m:[0m incoming body completed
[2m2025-12-10T10:12:26.729841Z[0m [34mDEBUG[0m [2mhyper::client::pool[0m[2m:[0m pooling idle connection for ("http", 192.168.0.14:8545)
[2m2025-12-10T10:12:26.729855Z[0m [34mDEBUG[0m [2mhyper::client::pool[0m[2m:[0m reuse idle connection for ("http", 192.168.0.14:8545)
[2m2025-12-10T10:12:26.729870Z[0m [34mDEBUG[0m [2mhyper::proto::h1::io[0m[2m:[0m flushed 172 bytes
[2m2025-12-10T10:12:26.732850Z[0m [34mDEBUG[0m [2mhyper::proto::h1::io[0m[2m:[0m parsed 4 headers
[2m2025-12-10T10:12:26.732861Z[0m [34mDEBUG[0m [2mhyper::proto::h1::conn[0m[2m:[0m incoming body is content-length (45 bytes)
[2m2025-12-10T10:12:26.732868Z[0m [34mDEBUG[0m [2mhyper::proto::h1::conn[0m[2m:[0m incoming body completed
[2m2025-12-10T10:12:26.732875Z[0m [34mDEBUG[0m [2mhyper::client::pool[0m[2m:[0m pooling idle connection for ("http", 192.168.0.14:8545)
[2m2025-12-10T10:12:26.733369Z[0m [34mDEBUG[0m [2mhyper::proto::h1::io[0m[2m:[0m parsed 4 headers
[2m2025-12-10T10:12:26.733375Z[0m [34mDEBUG[0m [2mhyper::proto::h1::conn[0m[2m:[0m incoming body is content-length (1219 bytes)
[2m2025-12-10T10:12:26.733380Z[0m [34mDEBUG[0m [2mhyper::proto::h1::conn[0m[2m:[0m incoming body completed
[2m2025-12-10T10:12:26.733387Z[0m [34mDEBUG[0m [2mhyper::client::pool[0m[2m:[0m pooling idle connection for ("http", 192.168.0.14:8545)
[2m2025-12-10T10:12:26.733392Z[0m [34mDEBUG[0m [2methereum_transaction_pool_monitor::eth_client[0m[2m:[0m 📡 Transaction fetch RPC completed in 3.646458ms
[2m2025-12-10T10:12:26.804966Z[0m [34mDEBUG[0m [2methereum_transaction_pool_monitor::eth_client[0m[2m:[0m ✅ Transaction 0xab41c7a9bd79fa804d20b13fbcdbdd052d8396e814fecf7718508e53f6aecad7 fetched and parsed in 75.218416ms
[2m2025-12-10T10:12:26.804994Z[0m [34mDEBUG[0m [2methereum_transaction_pool_monitor::mempool_monitor[0m[2m:[0m 🔍 Skipping tx 0xab41c7a9bd79fa804d20b13fbcdbdd052d8396e814fecf7718508e53f6aecad7 - not a DEX interaction (target: 0xF6801D319497789f934ec7F83E142a9536312B08)
[2m2025-12-10T10:12:26.805011Z[0m [34mDEBUG[0m [2methereum_transaction_pool_monitor::mempool_monitor[0m[2m:[0m 📨 Processing new pending transaction: 0xe03e3bc7c2fdcd4084c06eb12556e6218db3717a00b8ca6094d58e925afb20d7
[2m2025-12-10T10:12:26.805019Z[0m [34mDEBUG[0m [2methereum_transaction_pool_monitor::mempool_monitor[0m[2m:[0m 🔍 Fetching transaction details for: 0xe03e3bc7c2fdcd4084c06eb12556e6218db3717a00b8ca6094d58e925afb20d7
[2m2025-12-10T10:12:26.805025Z[0m [34mDEBUG[0m [2methereum_transaction_pool_monitor::eth_client[0m[2m:[0m 🔍 Fetching transaction details for hash: 0xe03e3bc7c2fdcd4084c06eb12556e6218db3717a00b8ca6094d58e925afb20d7
[2m2025-12-10T10:12:26.805046Z[0m [34mDEBUG[0m [2mhyper::client::pool[0m[2m:[0m reuse idle connection for ("http", 192.168.0.14:8545)
[2m2025-12-10T10:12:26.805085Z[0m [34mDEBUG[0m [2mhyper::proto::h1::io[0m[2m:[0m flushed 250 bytes
[2m2025-12-10T10:12:26.805112Z[0m [34mDEBUG[0m [2mhyper::client::pool[0m[2m:[0m reuse idle connection for ("http", 192.168.0.14:8545)
[2m2025-12-10T10:12:26.805128Z[0m [34mDEBUG[0m [2mhyper::proto::h1::io[0m[2m:[0m flushed 172 bytes
[2m2025-12-10T10:12:26.816254Z[0m [34mDEBUG[0m [2mhyper::proto::h1::io[0m[2m:[0m parsed 4 headers
[2m2025-12-10T10:12:26.816264Z[0m [34mDEBUG[0m [2mhyper::proto::h1::conn[0m[2m:[0m incoming body is content-length (45 bytes)
[2m2025-12-10T10:12:26.816272Z[0m [34mDEBUG[0m [2mhyper::proto::h1::conn[0m[2m:[0m incoming body completed
[2m2025-12-10T10:12:26.816281Z[0m [34mDEBUG[0m [2mhyper::client::pool[0m[2m:[0m pooling idle connection for ("http", 192.168.0.14:8545)
[2m2025-12-10T10:12:26.816299Z[0m [34mDEBUG[0m [2mhyper::proto::h1::io[0m[2m:[0m parsed 4 headers
[2m2025-12-10T10:12:26.816303Z[0m [34mDEBUG[0m [2mhyper::proto::h1::conn[0m[2m:[0m incoming body is content-length (1731 bytes)
[2m2025-12-10T10:12:26.816308Z[0m [34mDEBUG[0m [2mhyper::proto::h1::conn[0m[2m:[0m incoming body completed
[2m2025-12-10T10:12:26.816314Z[0m [34mDEBUG[0m [2mhyper::client::pool[0m[2m:[0m pooling idle connection for ("http", 192.168.0.14:8545)
[2m2025-12-10T10:12:26.816318Z[0m [34mDEBUG[0m [2methereum_transaction_pool_monitor::eth_client[0m[2m:[0m 📡 Transaction fetch RPC completed in 11.28525ms
[2m2025-12-10T10:12:26.888339Z[0m [34mDEBUG[0m [2methereum_transaction_pool_monitor::eth_client[0m[2m:[0m ✅ Transaction 0xe03e3bc7c2fdcd4084c06eb12556e6218db3717a00b8ca6094d58e925afb20d7 fetched and parsed in 83.303833ms
[2m2025-12-10T10:12:26.888361Z[0m [34mDEBUG[0m [2methereum_transaction_pool_monitor::mempool_monitor[0m[2m:[0m 🔍 Skipping tx 0xe03e3bc7c2fdcd4084c06eb12556e6218db3717a00b8ca6094d58e925afb20d7 - not a DEX interaction (target: 0x601a2aD6CB5949f0529735254189Ba3194221EDF)
[2m2025-12-10T10:12:26.898640Z[0m [34mDEBUG[0m [2mhyper::client::pool[0m[2m:[0m reuse idle connection for ("http", 192.168.0.14:8545)
[2m2025-12-10T10:12:26.898685Z[0m [34mDEBUG[0m [2mhyper::proto::h1::io[0m[2m:[0m flushed 172 bytes
[2m2025-12-10T10:12:26.902332Z[0m [34mDEBUG[0m [2mhyper::proto::h1::io[0m[2m:[0m parsed 4 headers
[2m2025-12-10T10:12:26.902341Z[0m [34mDEBUG[0m [2mhyper::proto::h1::conn[0m[2m:[0m incoming body is content-length (45 bytes)
[2m2025-12-10T10:12:26.902347Z[0m [34mDEBUG[0m [2mhyper::proto::h1::conn[0m[2m:[0m incoming body completed
[2m2025-12-10T10:12:26.902354Z[0m [34mDEBUG[0m [2mhyper::client::pool[0m[2m:[0m pooling idle connection for ("http", 192.168.0.14:8545)
[2m2025-12-10T10:12:26.972345Z[0m [34mDEBUG[0m [2methereum_transaction_pool_monitor::eth_client[0m[2m:[0m 📨 Received WebSocket message: {"jsonrpc":"2.0","method":"eth_subscription","params":{"subscription":"0xbed0a0851463e895960a451075a301a9","result":"0xa5c3dc92de9315b8885229fd61933a56d05daa7de9bd556837aaa79110a1e57d"}}
[2m2025-12-10T10:12:26.972369Z[0m [34mDEBUG[0m [2methereum_transaction_pool_monitor::eth_client[0m[2m:[0m 📨 Received pending transaction: 0xa5c3dc92de9315b8885229fd61933a56d05daa7de9bd556837aaa79110a1e57d
[2m2025-12-10T10:12:26.972378Z[0m [34mDEBUG[0m [2methereum_transaction_pool_monitor::mempool_monitor[0m[2m:[0m 📨 Processing new pending transaction: 0xa5c3dc92de9315b8885229fd61933a56d05daa7de9bd556837aaa79110a1e57d
[2m2025-12-10T10:12:26.972383Z[0m [34mDEBUG[0m [2methereum_transaction_pool_monitor::mempool_monitor[0m[2m:[0m 🔍 Fetching transaction details for: 0xa5c3dc92de9315b8885229fd61933a56d05daa7de9bd556837aaa79110a1e57d
[2m2025-12-10T10:12:26.972387Z[0m [34mDEBUG[0m [2methereum_transaction_pool_monitor::eth_client[0m[2m:[0m 🔍 Fetching transaction details for hash: 0xa5c3dc92de9315b8885229fd61933a56d05daa7de9bd556837aaa79110a1e57d
[2m2025-12-10T10:12:26.972408Z[0m [34mDEBUG[0m [2mhyper::client::pool[0m[2m:[0m reuse idle connection for ("http", 192.168.0.14:8545)
[2m2025-12-10T10:12:26.972621Z[0m [34mDEBUG[0m [2mhyper::proto::h1::io[0m[2m:[0m flushed 250 bytes
[2m2025-12-10T10:12:26.977084Z[0m [34mDEBUG[0m [2mhyper::proto::h1::io[0m[2m:[0m parsed 4 headers
[2m2025-12-10T10:12:26.977300Z[0m [34mDEBUG[0m [2mhyper::proto::h1::conn[0m[2m:[0m incoming body is content-length (641 bytes)
[2m2025-12-10T10:12:26.977311Z[0m [34mDEBUG[0m [2mhyper::proto::h1::conn[0m[2m:[0m incoming body completed
[2m2025-12-10T10:12:26.977323Z[0m [34mDEBUG[0m [2mhyper::client::pool[0m[2m:[0m pooling idle connection for ("http", 192.168.0.14:8545)
[2m2025-12-10T10:12:26.977331Z[0m [34mDEBUG[0m [2methereum_transaction_pool_monitor::eth_client[0m[2m:[0m 📡 Transaction fetch RPC completed in 4.940833ms
[2m2025-12-10T10:12:27.050733Z[0m [34mDEBUG[0m [2methereum_transaction_pool_monitor::eth_client[0m[2m:[0m ✅ Transaction 0xa5c3dc92de9315b8885229fd61933a56d05daa7de9bd556837aaa79110a1e57d fetched and parsed in 78.339ms
[2m2025-12-10T10:12:27.051034Z[0m [34mDEBUG[0m [2methereum_transaction_pool_monitor::mempool_monitor[0m[2m:[0m 🔍 Skipping tx 0xa5c3dc92de9315b8885229fd61933a56d05daa7de9bd556837aaa79110a1e57d - not a DEX interaction (target: 0x026c5dB9822C56377afe69A7d8b2707C75bfEd9b)
[2m2025-12-10T10:12:27.051080Z[0m [34mDEBUG[0m [2mhyper::client::pool[0m[2m:[0m reuse idle connection for ("http", 192.168.0.14:8545)
[2m2025-12-10T10:12:27.051115Z[0m [34mDEBUG[0m [2mhyper::proto::h1::io[0m[2m:[0m flushed 172 bytes
[2m2025-12-10T10:12:27.054455Z[0m [34mDEBUG[0m [2mhyper::proto::h1::io[0m[2m:[0m parsed 4 headers
[2m2025-12-10T10:12:27.054465Z[0m [34mDEBUG[0m [2mhyper::proto::h1::conn[0m[2m:[0m incoming body is content-length (45 bytes)
[2m2025-12-10T10:12:27.054473Z[0m [34mDEBUG[0m [2mhyper::proto::h1::conn[0m[2m:[0m incoming body completed
[2m2025-12-10T10:12:27.054481Z[0m [34mDEBUG[0m [2mhyper::client::pool[0m[2m:[0m pooling idle connection for ("http", 192.168.0.14:8545)
[2m2025-12-10T10:12:27.084682Z[0m [34mDEBUG[0m [2methereum_transaction_pool_monitor::eth_client[0m[2m:[0m 📨 Received WebSocket message: {"jsonrpc":"2.0","method":"eth_subscription","params":{"subscription":"0xbed0a0851463e895960a451075a301a9","result":"0x932f690e7eccb0ef07091da41c7f8511c8bed8a1c2e6c5d042acc402493dc395"}}
[2m2025-12-10T10:12:27.087601Z[0m [34mDEBUG[0m [2methereum_transaction_pool_monitor::eth_client[0m[2m:[0m 📨 Received pending transaction: 0x932f690e7eccb0ef07091da41c7f8511c8bed8a1c2e6c5d042acc402493dc395
[2m2025-12-10T10:12:27.087613Z[0m [34mDEBUG[0m [2methereum_transaction_pool_monitor::mempool_monitor[0m[2m:[0m 📨 Processing new pending transaction: 0x932f690e7eccb0ef07091da41c7f8511c8bed8a1c2e6c5d042acc402493dc395
[2m2025-12-10T10:12:27.087621Z[0m [34mDEBUG[0m [2methereum_transaction_pool_monitor::mempool_monitor[0m[2m:[0m 🔍 Fetching transaction details for: 0x932f690e7eccb0ef07091da41c7f8511c8bed8a1c2e6c5d042acc402493dc395
[2m2025-12-10T10:12:27.087628Z[0m [34mDEBUG[0m [2methereum_transaction_pool_monitor::eth_client[0m[2m:[0m 🔍 Fetching transaction details for hash: 0x932f690e7eccb0ef07091da41c7f8511c8bed8a1c2e6c5d042acc402493dc395
[2m2025-12-10T10:12:27.087645Z[0m [34mDEBUG[0m [2mhyper::client::pool[0m[2m:[0m reuse idle connection for ("http", 192.168.0.14:8545)
[2m2025-12-10T10:12:27.087675Z[0m [34mDEBUG[0m [2mhyper::proto::h1::io[0m[2m:[0m flushed 250 bytes
[2m2025-12-10T10:12:27.098595Z[0m [34mDEBUG[0m [2mhyper::client::pool[0m[2m:[0m reuse idle connection for ("http", 192.168.0.14:8545)
[2m2025-12-10T10:12:27.098662Z[0m [34mDEBUG[0m [2mhyper::proto::h1::io[0m[2m:[0m flushed 172 bytes
[2m2025-12-10T10:12:27.105353Z[0m [34mDEBUG[0m [2mhyper::proto::h1::io[0m[2m:[0m parsed 4 headers
[2m2025-12-10T10:12:27.105366Z[0m [34mDEBUG[0m [2mhyper::proto::h1::conn[0m[2m:[0m incoming body is content-length (45 bytes)
[2m2025-12-10T10:12:27.105374Z[0m [34mDEBUG[0m [2mhyper::proto::h1::conn[0m[2m:[0m incoming body completed
[2m2025-12-10T10:12:27.105383Z[0m [34mDEBUG[0m [2mhyper::client::pool[0m[2m:[0m pooling idle connection for ("http", 192.168.0.14:8545)
[2m2025-12-10T10:12:27.108090Z[0m [34mDEBUG[0m [2mhyper::proto::h1::io[0m[2m:[0m parsed 4 headers
[2m2025-12-10T10:12:27.108103Z[0m [34mDEBUG[0m [2mhyper::proto::h1::conn[0m[2m:[0m incoming body is content-length (33790 bytes)
[2m2025-12-10T10:12:27.108115Z[0m [34mDEBUG[0m [2methereum_transaction_pool_monitor::eth_client[0m[2m:[0m 📡 Transaction fetch RPC completed in 20.48275ms
[2m2025-12-10T10:12:27.118072Z[0m [34mDEBUG[0m [2mhyper::proto::h1::conn[0m[2m:[0m incoming body completed
[2m2025-12-10T10:12:27.118111Z[0m [34mDEBUG[0m [2mhyper::client::pool[0m[2m:[0m pooling idle connection for ("http", 192.168.0.14:8545)
[2m2025-12-10T10:12:27.189962Z[0m [34mDEBUG[0m [2methereum_transaction_pool_monitor::eth_client[0m[2m:[0m ✅ Transaction 0x932f690e7eccb0ef07091da41c7f8511c8bed8a1c2e6c5d042acc402493dc395 fetched and parsed in 102.327125ms
[2m2025-12-10T10:12:27.189991Z[0m [34mDEBUG[0m [2methereum_transaction_pool_monitor::mempool_monitor[0m[2m:[0m 🔍 Skipping tx 0x932f690e7eccb0ef07091da41c7f8511c8bed8a1c2e6c5d042acc402493dc395 - not a DEX interaction (target: 0x603bb2c05D474794ea97805e8De69bCcFb3bCA12)
[2m2025-12-10T10:12:27.195549Z[0m [34mDEBUG[0m [2methereum_transaction_pool_monitor::eth_client[0m[2m:[0m 📨 Received WebSocket message: {"jsonrpc":"2.0","method":"eth_subscription","params":{"subscription":"0xbed0a0851463e895960a451075a301a9","result":"0xe6563c27b329a4e96f40b5bdcb091c9245877b0b86ee31b6a6eafc71961e8a65"}}
[2m2025-12-10T10:12:27.195565Z[0m [34mDEBUG[0m [2methereum_transaction_pool_monitor::eth_client[0m[2m:[0m 📨 Received pending transaction: 0xe6563c27b329a4e96f40b5bdcb091c9245877b0b86ee31b6a6eafc71961e8a65
[2m2025-12-10T10:12:27.195576Z[0m [34mDEBUG[0m [2methereum_transaction_pool_monitor::mempool_monitor[0m[2m:[0m 📨 Processing new pending transaction: 0xe6563c27b329a4e96f40b5bdcb091c9245877b0b86ee31b6a6eafc71961e8a65
[2m2025-12-10T10:12:27.195581Z[0m [34mDEBUG[0m [2methereum_transaction_pool_monitor::mempool_monitor[0m[2m:[0m 🔍 Fetching transaction details for: 0xe6563c27b329a4e96f40b5bdcb091c9245877b0b86ee31b6a6eafc71961e8a65
[2m2025-12-10T10:12:27.195585Z[0m [34mDEBUG[0m [2methereum_transaction_pool_monitor::eth_client[0m[2m:[0m 🔍 Fetching transaction details for hash: 0xe6563c27b329a4e96f40b5bdcb091c9245877b0b86ee31b6a6eafc71961e8a65
[2m2025-12-10T10:12:27.195604Z[0m [34mDEBUG[0m [2mhyper::client::pool[0m[2m:[0m reuse idle connection for ("http", 192.168.0.14:8545)
[2m2025-12-10T10:12:27.195624Z[0m [34mDEBUG[0m [2mhyper::proto::h1::io[0m[2m:[0m flushed 250 bytes
[2m2025-12-10T10:12:27.198184Z[0m [34mDEBUG[0m [2mhyper::client::pool[0m[2m:[0m reuse idle connection for ("http", 192.168.0.14:8545)
[2m2025-12-10T10:12:27.198258Z[0m [34mDEBUG[0m [2mhyper::proto::h1::io[0m[2m:[0m flushed 172 bytes
[2m2025-12-10T10:12:27.203241Z[0m [34mDEBUG[0m [2mhyper::proto::h1::io[0m[2m:[0m parsed 4 headers
[2m2025-12-10T10:12:27.204056Z[0m [34mDEBUG[0m [2mhyper::proto::h1::conn[0m[2m:[0m incoming body is content-length (45 bytes)
[2m2025-12-10T10:12:27.204069Z[0m [34mDEBUG[0m [2mhyper::proto::h1::conn[0m[2m:[0m incoming body completed
[2m2025-12-10T10:12:27.204078Z[0m [34mDEBUG[0m [2mhyper::client::pool[0m[2m:[0m pooling idle connection for ("http", 192.168.0.14:8545)
[2m2025-12-10T10:12:27.204096Z[0m [34mDEBUG[0m [2mhyper::proto::h1::io[0m[2m:[0m parsed 4 headers
[2m2025-12-10T10:12:27.204103Z[0m [34mDEBUG[0m [2mhyper::proto::h1::conn[0m[2m:[0m incoming body is content-length (836 bytes)
[2m2025-12-10T10:12:27.204107Z[0m [34mDEBUG[0m [2mhyper::proto::h1::conn[0m[2m:[0m incoming body completed
[2m2025-12-10T10:12:27.204112Z[0m [34mDEBUG[0m [2mhyper::client::pool[0m[2m:[0m pooling idle connection for ("http", 192.168.0.14:8545)
[2m2025-12-10T10:12:27.204116Z[0m [34mDEBUG[0m [2methereum_transaction_pool_monitor::eth_client[0m[2m:[0m 📡 Transaction fetch RPC completed in 8.526917ms
[2m2025-12-10T10:12:27.276401Z[0m [34mDEBUG[0m [2methereum_transaction_pool_monitor::eth_client[0m[2m:[0m ✅ Transaction 0xe6563c27b329a4e96f40b5bdcb091c9245877b0b86ee31b6a6eafc71961e8a65 fetched and parsed in 80.808458ms
[2m2025-12-10T10:12:27.276426Z[0m [34mDEBUG[0m [2methereum_transaction_pool_monitor::mempool_monitor[0m[2m:[0m 🔍 Skipping tx 0xe6563c27b329a4e96f40b5bdcb091c9245877b0b86ee31b6a6eafc71961e8a65 - not a DEX interaction (target: 0xA0b86991c6218b36c1d19D4a2e9Eb0cE3606eB48)
[2m2025-12-10T10:12:27.276468Z[0m [34mDEBUG[0m [2methereum_transaction_pool_monitor::eth_client[0m[2m:[0m 📨 Received WebSocket message: {"jsonrpc":"2.0","method":"eth_subscription","params":{"subscription":"0xbed0a0851463e895960a451075a301a9","result":"0x56da7c585ce1918d5c8d4deaf38979a3371a48d9a28d2b4229172853131c3951"}}
[2m2025-12-10T10:12:27.276478Z[0m [34mDEBUG[0m [2methereum_transaction_pool_monitor::eth_client[0m[2m:[0m 📨 Received pending transaction: 0x56da7c585ce1918d5c8d4deaf38979a3371a48d9a28d2b4229172853131c3951
[2m2025-12-10T10:12:27.276484Z[0m [34mDEBUG[0m [2methereum_transaction_pool_monitor::eth_client[0m[2m:[0m 📨 Received WebSocket message: {"jsonrpc":"2.0","method":"eth_subscription","params":{"subscription":"0xbed0a0851463e895960a451075a301a9","result":"0x6405300b03c7ffdd34196c57d50cf9f3da22e5fb9c3ce75ca2705501ae436823"}}
[2m2025-12-10T10:12:27.276490Z[0m [34mDEBUG[0m [2methereum_transaction_pool_monitor::eth_client[0m[2m:[0m 📨 Received pending transaction: 0x6405300b03c7ffdd34196c57d50cf9f3da22e5fb9c3ce75ca2705501ae436823
[2m2025-12-10T10:12:27.276495Z[0m [34mDEBUG[0m [2methereum_transaction_pool_monitor::eth_client[0m[2m:[0m 📨 Received WebSocket message: {"jsonrpc":"2.0","method":"eth_subscription","params":{"subscription":"0xbed0a0851463e895960a451075a301a9","result":"0x4e77292c0a3002aadb4f400f5c5972236f0130c366fc2766ef0ce706c25c23e5"}}
[2m2025-12-10T10:12:27.276500Z[0m [34mDEBUG[0m [2methereum_transaction_pool_monitor::eth_client[0m[2m:[0m 📨 Received pending transaction: 0x4e77292c0a3002aadb4f400f5c5972236f0130c366fc2766ef0ce706c25c23e5
[2m2025-12-10T10:12:27.276506Z[0m [34mDEBUG[0m [2methereum_transaction_pool_monitor::mempool_monitor[0m[2m:[0m 📨 Processing new pending transaction: 0x56da7c585ce1918d5c8d4deaf38979a3371a48d9a28d2b4229172853131c3951
[2m2025-12-10T10:12:27.276512Z[0m [34mDEBUG[0m [2methereum_transaction_pool_monitor::mempool_monitor[0m[2m:[0m 🔍 Fetching transaction details for: 0x56da7c585ce1918d5c8d4deaf38979a3371a48d9a28d2b4229172853131c3951
[2m2025-12-10T10:12:27.276516Z[0m [34mDEBUG[0m [2methereum_transaction_pool_monitor::eth_client[0m[2m:[0m 🔍 Fetching transaction details for hash: 0x56da7c585ce1918d5c8d4deaf38979a3371a48d9a28d2b4229172853131c3951
[2m2025-12-10T10:12:27.276533Z[0m [34mDEBUG[0m [2mhyper::client::pool[0m[2m:[0m reuse idle connection for ("http", 192.168.0.14:8545)
[2m2025-12-10T10:12:27.276554Z[0m [34mDEBUG[0m [2mhyper::proto::h1::io[0m[2m:[0m flushed 250 bytes
[2m2025-12-10T10:12:27.282002Z[0m [34mDEBUG[0m [2mhyper::proto::h1::io[0m[2m:[0m parsed 4 headers
[2m2025-12-10T10:12:27.282010Z[0m [34mDEBUG[0m [2mhyper::proto::h1::conn[0m[2m:[0m incoming body is content-length (1038 bytes)
[2m2025-12-10T10:12:27.282017Z[0m [34mDEBUG[0m [2mhyper::proto::h1::conn[0m[2m:[0m incoming body completed
[2m2025-12-10T10:12:27.282025Z[0m [34mDEBUG[0m [2mhyper::client::pool[0m[2m:[0m pooling idle connection for ("http", 192.168.0.14:8545)
[2m2025-12-10T10:12:27.282031Z[0m [34mDEBUG[0m [2methereum_transaction_pool_monitor::eth_client[0m[2m:[0m 📡 Transaction fetch RPC completed in 5.510958ms
[2m2025-12-10T10:12:27.353315Z[0m [34mDEBUG[0m [2methereum_transaction_pool_monitor::eth_client[0m[2m:[0m ✅ Transaction 0x56da7c585ce1918d5c8d4deaf38979a3371a48d9a28d2b4229172853131c3951 fetched and parsed in 76.792792ms
[2m2025-12-10T10:12:27.353339Z[0m [34mDEBUG[0m [2methereum_transaction_pool_monitor::mempool_monitor[0m[2m:[0m 🔍 Skipping tx 0x56da7c585ce1918d5c8d4deaf38979a3371a48d9a28d2b4229172853131c3951 - not a DEX interaction (target: 0xC3898EA7E322B3CDC92D65CFe5a34808b7338236)
[2m2025-12-10T10:12:27.353348Z[0m [34mDEBUG[0m [2methereum_transaction_pool_monitor::mempool_monitor[0m[2m:[0m 📨 Processing new pending transaction: 0x6405300b03c7ffdd34196c57d50cf9f3da22e5fb9c3ce75ca2705501ae436823
[2m2025-12-10T10:12:27.353354Z[0m [34mDEBUG[0m [2methereum_transaction_pool_monitor::mempool_monitor[0m[2m:[0m 🔍 Fetching transaction details for: 0x6405300b03c7ffdd34196c57d50cf9f3da22e5fb9c3ce75ca2705501ae436823
[2m2025-12-10T10:12:27.353359Z[0m [34mDEBUG[0m [2methereum_transaction_pool_monitor::eth_client[0m[2m:[0m 🔍 Fetching transaction details for hash: 0x6405300b03c7ffdd34196c57d50cf9f3da22e5fb9c3ce75ca2705501ae436823
[2m2025-12-10T10:12:27.353377Z[0m [34mDEBUG[0m [2mhyper::client::pool[0m[2m:[0m reuse idle connection for ("http", 192.168.0.14:8545)
[2m2025-12-10T10:12:27.353409Z[0m [34mDEBUG[0m [2mhyper::proto::h1::io[0m[2m:[0m flushed 250 bytes
[2m2025-12-10T10:12:27.353428Z[0m [34mDEBUG[0m [2mhyper::client::pool[0m[2m:[0m reuse idle connection for ("http", 192.168.0.14:8545)
[2m2025-12-10T10:12:27.353440Z[0m [34mDEBUG[0m [2mhyper::proto::h1::io[0m[2m:[0m flushed 172 bytes
[2m2025-12-10T10:12:27.353441Z[0m [34mDEBUG[0m [2methereum_transaction_pool_monitor::eth_client[0m[2m:[0m 📨 Received WebSocket message: {"jsonrpc":"2.0","method":"eth_subscription","params":{"subscription":"0xbed0a0851463e895960a451075a301a9","result":"0x5e99641a32bc5a4fb83b6cf7452e6705e943d2e2af5c2125f01caa131432b4a1"}}
[2m2025-12-10T10:12:27.353451Z[0m [34mDEBUG[0m [2methereum_transaction_pool_monitor::eth_client[0m[2m:[0m 📨 Received pending transaction: 0x5e99641a32bc5a4fb83b6cf7452e6705e943d2e2af5c2125f01caa131432b4a1
[2m2025-12-10T10:12:27.361407Z[0m [34mDEBUG[0m [2mhyper::proto::h1::io[0m[2m:[0m parsed 4 headers
[2m2025-12-10T10:12:27.361426Z[0m [34mDEBUG[0m [2mhyper::proto::h1::conn[0m[2m:[0m incoming body is content-length (2431 bytes)
[2m2025-12-10T10:12:27.361459Z[0m [34mDEBUG[0m [2mhyper::proto::h1::conn[0m[2m:[0m incoming body completed
[2m2025-12-10T10:12:27.361471Z[0m [34mDEBUG[0m [2mhyper::client::pool[0m[2m:[0m pooling idle connection for ("http", 192.168.0.14:8545)
[2m2025-12-10T10:12:27.361491Z[0m [34mDEBUG[0m [2methereum_transaction_pool_monitor::eth_client[0m[2m:[0m 📡 Transaction fetch RPC completed in 8.128ms
[2m2025-12-10T10:12:27.433329Z[0m [34mDEBUG[0m [2methereum_transaction_pool_monitor::eth_client[0m[2m:[0m ✅ Transaction 0x6405300b03c7ffdd34196c57d50cf9f3da22e5fb9c3ce75ca2705501ae436823 fetched and parsed in 79.96425ms
[2m2025-12-10T10:12:27.433357Z[0m [34mDEBUG[0m [2methereum_transaction_pool_monitor::mempool_monitor[0m[2m:[0m 🔍 Skipping tx 0x6405300b03c7ffdd34196c57d50cf9f3da22e5fb9c3ce75ca2705501ae436823 - not a DEX interaction (target: 0x618892aE551eB5bB2DE8911057b3714274b5FFe1)
[2m2025-12-10T10:12:27.433367Z[0m [34mDEBUG[0m [2methereum_transaction_pool_monitor::mempool_monitor[0m[2m:[0m 📨 Processing new pending transaction: 0x4e77292c0a3002aadb4f400f5c5972236f0130c366fc2766ef0ce706c25c23e5
[2m2025-12-10T10:12:27.433377Z[0m [34mDEBUG[0m [2methereum_transaction_pool_monitor::mempool_monitor[0m[2m:[0m 🔍 Fetching transaction details for: 0x4e77292c0a3002aadb4f400f5c5972236f0130c366fc2766ef0ce706c25c23e5
[2m2025-12-10T10:12:27.433383Z[0m [34mDEBUG[0m [2methereum_transaction_pool_monitor::eth_client[0m[2m:[0m 🔍 Fetching transaction details for hash: 0x4e77292c0a3002aadb4f400f5c5972236f0130c366fc2766ef0ce706c25c23e5
[2m2025-12-10T10:12:27.433402Z[0m [34mDEBUG[0m [2mhyper::client::pool[0m[2m:[0m reuse idle connection for ("http", 192.168.0.14:8545)
[2m2025-12-10T10:12:27.433429Z[0m [34mDEBUG[0m [2mhyper::proto::h1::io[0m[2m:[0m flushed 250 bytes
[2m2025-12-10T10:12:27.433447Z[0m [34mDEBUG[0m [2mhyper::proto::h1::io[0m[2m:[0m parsed 4 headers
[2m2025-12-10T10:12:27.433453Z[0m [34mDEBUG[0m [2mhyper::proto::h1::conn[0m[2m:[0m incoming body is content-length (45 bytes)
[2m2025-12-10T10:12:27.433464Z[0m [34mDEBUG[0m [2mhyper::proto::h1::conn[0m[2m:[0m incoming body completed
[2m2025-12-10T10:12:27.433473Z[0m [34mDEBUG[0m [2mhyper::client::pool[0m[2m:[0m pooling idle connection for ("http", 192.168.0.14:8545)
[2m2025-12-10T10:12:27.433490Z[0m [34mDEBUG[0m [2mhyper::client::pool[0m[2m:[0m reuse idle connection for ("http", 192.168.0.14:8545)
[2m2025-12-10T10:12:27.433506Z[0m [34mDEBUG[0m [2mhyper::proto::h1::io[0m[2m:[0m flushed 172 bytes
[2m2025-12-10T10:12:27.438884Z[0m [34mDEBUG[0m [2mhyper::proto::h1::io[0m[2m:[0m parsed 4 headers
[2m2025-12-10T10:12:27.438982Z[0m [34mDEBUG[0m [2mhyper::proto::h1::conn[0m[2m:[0m incoming body is content-length (45 bytes)
[2m2025-12-10T10:12:27.438988Z[0m [34mDEBUG[0m [2mhyper::proto::h1::conn[0m[2m:[0m incoming body completed
[2m2025-12-10T10:12:27.438993Z[0m [34mDEBUG[0m [2mhyper::client::pool[0m[2m:[0m pooling idle connection for ("http", 192.168.0.14:8545)
[2m2025-12-10T10:12:27.443970Z[0m [34mDEBUG[0m [2mhyper::proto::h1::io[0m[2m:[0m parsed 4 headers
[2m2025-12-10T10:12:27.443975Z[0m [34mDEBUG[0m [2mhyper::proto::h1::conn[0m[2m:[0m incoming body is content-length (830 bytes)
[2m2025-12-10T10:12:27.443980Z[0m [34mDEBUG[0m [2mhyper::proto::h1::conn[0m[2m:[0m incoming body completed
[2m2025-12-10T10:12:27.443985Z[0m [34mDEBUG[0m [2mhyper::client::pool[0m[2m:[0m pooling idle connection for ("http", 192.168.0.14:8545)
[2m2025-12-10T10:12:27.443989Z[0m [34mDEBUG[0m [2methereum_transaction_pool_monitor::eth_client[0m[2m:[0m 📡 Transaction fetch RPC completed in 10.600833ms
[2m2025-12-10T10:12:27.514010Z[0m [34mDEBUG[0m [2methereum_transaction_pool_monitor::eth_client[0m[2m:[0m ✅ Transaction 0x4e77292c0a3002aadb4f400f5c5972236f0130c366fc2766ef0ce706c25c23e5 fetched and parsed in 80.618833ms
[2m2025-12-10T10:12:27.514035Z[0m [34mDEBUG[0m [2methereum_transaction_pool_monitor::mempool_monitor[0m[2m:[0m 🔍 Skipping tx 0x4e77292c0a3002aadb4f400f5c5972236f0130c366fc2766ef0ce706c25c23e5 - not a DEX interaction (target: 0x3B4D794a66304F130a4Db8F2551B0070dfCf5ca7)
[2m2025-12-10T10:12:27.514044Z[0m [34mDEBUG[0m [2methereum_transaction_pool_monitor::mempool_monitor[0m[2m:[0m 📨 Processing new pending transaction: 0x5e99641a32bc5a4fb83b6cf7452e6705e943d2e2af5c2125f01caa131432b4a1
[2m2025-12-10T10:12:27.514050Z[0m [34mDEBUG[0m [2methereum_transaction_pool_monitor::mempool_monitor[0m[2m:[0m 🔍 Fetching transaction details for: 0x5e99641a32bc5a4fb83b6cf7452e6705e943d2e2af5c2125f01caa131432b4a1
[2m2025-12-10T10:12:27.514054Z[0m [34mDEBUG[0m [2methereum_transaction_pool_monitor::eth_client[0m[2m:[0m 🔍 Fetching transaction details for hash: 0x5e99641a32bc5a4fb83b6cf7452e6705e943d2e2af5c2125f01caa131432b4a1
[2m2025-12-10T10:12:27.514071Z[0m [34mDEBUG[0m [2mhyper::client::pool[0m[2m:[0m reuse idle connection for ("http", 192.168.0.14:8545)
[2m2025-12-10T10:12:27.514111Z[0m [34mDEBUG[0m [2mhyper::proto::h1::io[0m[2m:[0m flushed 250 bytes
[2m2025-12-10T10:12:27.514138Z[0m [34mDEBUG[0m [2mhyper::client::pool[0m[2m:[0m reuse idle connection for ("http", 192.168.0.14:8545)
[2m2025-12-10T10:12:27.514150Z[0m [34mDEBUG[0m [2mhyper::proto::h1::io[0m[2m:[0m flushed 172 bytes
[2m2025-12-10T10:12:27.524454Z[0m [34mDEBUG[0m [2mhyper::proto::h1::io[0m[2m:[0m parsed 4 headers
[2m2025-12-10T10:12:27.525765Z[0m [34mDEBUG[0m [2mhyper::proto::h1::conn[0m[2m:[0m incoming body is content-length (649 bytes)
[2m2025-12-10T10:12:27.525776Z[0m [34mDEBUG[0m [2mhyper::proto::h1::conn[0m[2m:[0m incoming body completed
[2m2025-12-10T10:12:27.525785Z[0m [34mDEBUG[0m [2mhyper::client::pool[0m[2m:[0m pooling idle connection for ("http", 192.168.0.14:8545)
[2m2025-12-10T10:12:27.525792Z[0m [34mDEBUG[0m [2methereum_transaction_pool_monitor::eth_client[0m[2m:[0m 📡 Transaction fetch RPC completed in 11.734167ms
[2m2025-12-10T10:12:27.597191Z[0m [34mDEBUG[0m [2methereum_transaction_pool_monitor::eth_client[0m[2m:[0m ✅ Transaction 0x5e99641a32bc5a4fb83b6cf7452e6705e943d2e2af5c2125f01caa131432b4a1 fetched and parsed in 83.130667ms
[2m2025-12-10T10:12:27.597217Z[0m [34mDEBUG[0m [2methereum_transaction_pool_monitor::mempool_monitor[0m[2m:[0m 🔍 Skipping tx 0x5e99641a32bc5a4fb83b6cf7452e6705e943d2e2af5c2125f01caa131432b4a1 - not a DEX interaction (target: 0x52ba9cb6F5FAc25DBfd29Ed6550a22116a57cBe1)
[2m2025-12-10T10:12:27.597241Z[0m [34mDEBUG[0m [2mhyper::proto::h1::io[0m[2m:[0m parsed 4 headers
[2m2025-12-10T10:12:27.597245Z[0m [34mDEBUG[0m [2mhyper::proto::h1::conn[0m[2m:[0m incoming body is content-length (45 bytes)
[2m2025-12-10T10:12:27.597252Z[0m [34mDEBUG[0m [2mhyper::proto::h1::conn[0m[2m:[0m incoming body completed
[2m2025-12-10T10:12:27.597262Z[0m [34mDEBUG[0m [2mhyper::client::pool[0m[2m:[0m pooling idle connection for ("http", 192.168.0.14:8545)
[2m2025-12-10T10:12:27.598570Z[0m [34mDEBUG[0m [2mhyper::client::pool[0m[2m:[0m reuse idle connection for ("http", 192.168.0.14:8545)
[2m2025-12-10T10:12:27.598626Z[0m [34mDEBUG[0m [2mhyper::proto::h1::io[0m[2m:[0m flushed 172 bytes
[2m2025-12-10T10:12:27.605852Z[0m [34mDEBUG[0m [2mhyper::proto::h1::io[0m[2m:[0m parsed 4 headers
[2m2025-12-10T10:12:27.605857Z[0m [34mDEBUG[0m [2mhyper::proto::h1::conn[0m[2m:[0m incoming body is content-length (45 bytes)
[2m2025-12-10T10:12:27.605861Z[0m [34mDEBUG[0m [2mhyper::proto::h1::conn[0m[2m:[0m incoming body completed
[2m2025-12-10T10:12:27.605866Z[0m [34mDEBUG[0m [2mhyper::client::pool[0m[2m:[0m pooling idle connection for ("http", 192.168.0.14:8545)
[2m2025-12-10T10:12:27.699917Z[0m [34mDEBUG[0m [2mhyper::client::pool[0m[2m:[0m reuse idle connection for ("http", 192.168.0.14:8545)
[2m2025-12-10T10:12:27.699967Z[0m [34mDEBUG[0m [2mhyper::proto::h1::io[0m[2m:[0m flushed 172 bytes
[2m2025-12-10T10:12:27.703118Z[0m [34mDEBUG[0m [2mhyper::proto::h1::io[0m[2m:[0m parsed 4 headers
[2m2025-12-10T10:12:27.703136Z[0m [34mDEBUG[0m [2mhyper::proto::h1::conn[0m[2m:[0m incoming body is content-length (45 bytes)
[2m2025-12-10T10:12:27.703154Z[0m [34mDEBUG[0m [2mhyper::proto::h1::conn[0m[2m:[0m incoming body completed
[2m2025-12-10T10:12:27.703166Z[0m [34mDEBUG[0m [2mhyper::client::pool[0m[2m:[0m pooling idle connection for ("http", 192.168.0.14:8545)
[2m2025-12-10T10:12:27.764755Z[0m [34mDEBUG[0m [2methereum_transaction_pool_monitor::eth_client[0m[2m:[0m 📨 Received WebSocket message: {"jsonrpc":"2.0","method":"eth_subscription","params":{"subscription":"0xbed0a0851463e895960a451075a301a9","result":"0x3cdaddd13b6871cf07233e47e57de1ccf571740c7a2ccf242fa87e7c59e28bdd"}}
[2m2025-12-10T10:12:27.764780Z[0m [34mDEBUG[0m [2methereum_transaction_pool_monitor::eth_client[0m[2m:[0m 📨 Received pending transaction: 0x3cdaddd13b6871cf07233e47e57de1ccf571740c7a2ccf242fa87e7c59e28bdd
[2m2025-12-10T10:12:27.764795Z[0m [34mDEBUG[0m [2methereum_transaction_pool_monitor::mempool_monitor[0m[2m:[0m 📨 Processing new pending transaction: 0x3cdaddd13b6871cf07233e47e57de1ccf571740c7a2ccf242fa87e7c59e28bdd
[2m2025-12-10T10:12:27.764805Z[0m [34mDEBUG[0m [2methereum_transaction_pool_monitor::mempool_monitor[0m[2m:[0m 🔍 Fetching transaction details for: 0x3cdaddd13b6871cf07233e47e57de1ccf571740c7a2ccf242fa87e7c59e28bdd
[2m2025-12-10T10:12:27.764814Z[0m [34mDEBUG[0m [2methereum_transaction_pool_monitor::eth_client[0m[2m:[0m 🔍 Fetching transaction details for hash: 0x3cdaddd13b6871cf07233e47e57de1ccf571740c7a2ccf242fa87e7c59e28bdd
[2m2025-12-10T10:12:27.764837Z[0m [34mDEBUG[0m [2mhyper::client::pool[0m[2m:[0m reuse idle connection for ("http", 192.168.0.14:8545)
[2m2025-12-10T10:12:27.764865Z[0m [34mDEBUG[0m [2mhyper::proto::h1::io[0m[2m:[0m flushed 250 bytes
[2m2025-12-10T10:12:27.776304Z[0m [34mDEBUG[0m [2mhyper::proto::h1::io[0m[2m:[0m parsed 4 headers
[2m2025-12-10T10:12:27.776373Z[0m [34mDEBUG[0m [2mhyper::proto::h1::conn[0m[2m:[0m incoming body is content-length (5251 bytes)
[2m2025-12-10T10:12:27.776409Z[0m [34mDEBUG[0m [2methereum_transaction_pool_monitor::eth_client[0m[2m:[0m 📡 Transaction fetch RPC completed in 11.586166ms
[2m2025-12-10T10:12:27.778531Z[0m [34mDEBUG[0m [2mhyper::proto::h1::conn[0m[2m:[0m incoming body completed
[2m2025-12-10T10:12:27.778565Z[0m [34mDEBUG[0m [2mhyper::client::pool[0m[2m:[0m pooling idle connection for ("http", 192.168.0.14:8545)
[2m2025-12-10T10:12:27.799488Z[0m [34mDEBUG[0m [2mhyper::client::pool[0m[2m:[0m reuse idle connection for ("http", 192.168.0.14:8545)
[2m2025-12-10T10:12:27.799528Z[0m [34mDEBUG[0m [2mhyper::proto::h1::io[0m[2m:[0m flushed 172 bytes
[2m2025-12-10T10:12:27.802522Z[0m [34mDEBUG[0m [2mhyper::proto::h1::io[0m[2m:[0m parsed 4 headers
[2m2025-12-10T10:12:27.802530Z[0m [34mDEBUG[0m [2mhyper::proto::h1::conn[0m[2m:[0m incoming body is content-length (45 bytes)
[2m2025-12-10T10:12:27.802538Z[0m [34mDEBUG[0m [2mhyper::proto::h1::conn[0m[2m:[0m incoming body completed
[2m2025-12-10T10:12:27.802546Z[0m [34mDEBUG[0m [2mhyper::client::pool[0m[2m:[0m pooling idle connection for ("http", 192.168.0.14:8545)
[2m2025-12-10T10:12:27.809489Z[0m [34mDEBUG[0m [2methereum_transaction_pool_monitor::eth_client[0m[2m:[0m 📨 Received WebSocket message: {"jsonrpc":"2.0","method":"eth_subscription","params":{"subscription":"0xbed0a0851463e895960a451075a301a9","result":"0xd71e51ad6ff2dd9b429152ae24ed3e52061b88f25faa7df612714aa205bbf847"}}
[2m2025-12-10T10:12:27.809499Z[0m [34mDEBUG[0m [2methereum_transaction_pool_monitor::eth_client[0m[2m:[0m 📨 Received pending transaction: 0xd71e51ad6ff2dd9b429152ae24ed3e52061b88f25faa7df612714aa205bbf847
[2m2025-12-10T10:12:27.810893Z[0m [34mDEBUG[0m [2methereum_transaction_pool_monitor::eth_client[0m[2m:[0m 📨 Received WebSocket message: {"jsonrpc":"2.0","method":"eth_subscription","params":{"subscription":"0xbed0a0851463e895960a451075a301a9","result":"0x24e4cc1d5bb0cacd9551063d0d69ba743c83077602d50a2caa27102d188e4d3e"}}
[2m2025-12-10T10:12:27.810901Z[0m [34mDEBUG[0m [2methereum_transaction_pool_monitor::eth_client[0m[2m:[0m 📨 Received pending transaction: 0x24e4cc1d5bb0cacd9551063d0d69ba743c83077602d50a2caa27102d188e4d3e
[2m2025-12-10T10:12:27.853384Z[0m [34mDEBUG[0m [2methereum_transaction_pool_monitor::eth_client[0m[2m:[0m 📨 Received WebSocket message: {"jsonrpc":"2.0","method":"eth_subscription","params":{"subscription":"0xbed0a0851463e895960a451075a301a9","result":"0x1fbcb95df9045cb2501407f3de04ccc0526a06f2704e3f3dbd41c1b9e388fbaf"}}
[2m2025-12-10T10:12:27.853403Z[0m [34mDEBUG[0m [2methereum_transaction_pool_monitor::eth_client[0m[2m:[0m 📨 Received pending transaction: 0x1fbcb95df9045cb2501407f3de04ccc0526a06f2704e3f3dbd41c1b9e388fbaf
[2m2025-12-10T10:12:27.864013Z[0m [34mDEBUG[0m [2methereum_transaction_pool_monitor::eth_client[0m[2m:[0m 📨 Received WebSocket message: {"jsonrpc":"2.0","method":"eth_subscription","params":{"subscription":"0xbed0a0851463e895960a451075a301a9","result":"0x6a39c61bb3ba11bf95048a78462d2f9fcbce71676b03b553fd989756cf13080e"}}
[2m2025-12-10T10:12:27.864028Z[0m [34mDEBUG[0m [2methereum_transaction_pool_monitor::eth_client[0m[2m:[0m 📨 Received pending transaction: 0x6a39c61bb3ba11bf95048a78462d2f9fcbce71676b03b553fd989756cf13080e
[2m2025-12-10T10:12:27.868832Z[0m [34mDEBUG[0m [2methereum_transaction_pool_monitor::eth_client[0m[2m:[0m ✅ Transaction 0x3cdaddd13b6871cf07233e47e57de1ccf571740c7a2ccf242fa87e7c59e28bdd fetched and parsed in 104.007791ms
[2m2025-12-10T10:12:27.868845Z[0m [34mDEBUG[0m [2methereum_transaction_pool_monitor::mempool_monitor[0m[2m:[0m 🔍 Skipping tx 0x3cdaddd13b6871cf07233e47e57de1ccf571740c7a2ccf242fa87e7c59e28bdd - not a DEX interaction (target: 0xF6801D319497789f934ec7F83E142a9536312B08)
[2m2025-12-10T10:12:27.868856Z[0m [34mDEBUG[0m [2methereum_transaction_pool_monitor::mempool_monitor[0m[2m:[0m 📨 Processing new pending transaction: 0xd71e51ad6ff2dd9b429152ae24ed3e52061b88f25faa7df612714aa205bbf847
[2m2025-12-10T10:12:27.868862Z[0m [34mDEBUG[0m [2methereum_transaction_pool_monitor::mempool_monitor[0m[2m:[0m 🔍 Fetching transaction details for: 0xd71e51ad6ff2dd9b429152ae24ed3e52061b88f25faa7df612714aa205bbf847
[2m2025-12-10T10:12:27.868866Z[0m [34mDEBUG[0m [2methereum_transaction_pool_monitor::eth_client[0m[2m:[0m 🔍 Fetching transaction details for hash: 0xd71e51ad6ff2dd9b429152ae24ed3e52061b88f25faa7df612714aa205bbf847
[2m2025-12-10T10:12:27.868883Z[0m [34mDEBUG[0m [2mhyper::client::pool[0m[2m:[0m reuse idle connection for ("http", 192.168.0.14:8545)
[2m2025-12-10T10:12:27.868906Z[0m [34mDEBUG[0m [2mhyper::proto::h1::io[0m[2m:[0m flushed 250 bytes
[2m2025-12-10T10:12:27.877361Z[0m [34mDEBUG[0m [2mhyper::proto::h1::io[0m[2m:[0m parsed 4 headers
[2m2025-12-10T10:12:27.877385Z[0m [34mDEBUG[0m [2mhyper::proto::h1::conn[0m[2m:[0m incoming body is content-length (1732 bytes)
[2m2025-12-10T10:12:27.877414Z[0m [34mDEBUG[0m [2mhyper::proto::h1::conn[0m[2m:[0m incoming body completed
[2m2025-12-10T10:12:27.877436Z[0m [34mDEBUG[0m [2mhyper::client::pool[0m[2m:[0m pooling idle connection for ("http", 192.168.0.14:8545)
[2m2025-12-10T10:12:27.877443Z[0m [34mDEBUG[0m [2methereum_transaction_pool_monitor::eth_client[0m[2m:[0m 📡 Transaction fetch RPC completed in 8.572875ms
[2m2025-12-10T10:12:27.949473Z[0m [34mDEBUG[0m [2methereum_transaction_pool_monitor::eth_client[0m[2m:[0m ✅ Transaction 0xd71e51ad6ff2dd9b429152ae24ed3e52061b88f25faa7df612714aa205bbf847 fetched and parsed in 80.600666ms
[2m2025-12-10T10:12:27.949499Z[0m [34mDEBUG[0m [2methereum_transaction_pool_monitor::mempool_monitor[0m[2m:[0m 🔍 Skipping tx 0xd71e51ad6ff2dd9b429152ae24ed3e52061b88f25faa7df612714aa205bbf847 - not a DEX interaction (target: 0x601a2aD6CB5949f0529735254189Ba3194221EDF)
[2m2025-12-10T10:12:27.949509Z[0m [34mDEBUG[0m [2methereum_transaction_pool_monitor::mempool_monitor[0m[2m:[0m 📨 Processing new pending transaction: 0x24e4cc1d5bb0cacd9551063d0d69ba743c83077602d50a2caa27102d188e4d3e
[2m2025-12-10T10:12:27.949515Z[0m [34mDEBUG[0m [2methereum_transaction_pool_monitor::mempool_monitor[0m[2m:[0m 🔍 Fetching transaction details for: 0x24e4cc1d5bb0cacd9551063d0d69ba743c83077602d50a2caa27102d188e4d3e
[2m2025-12-10T10:12:27.949519Z[0m [34mDEBUG[0m [2methereum_transaction_pool_monitor::eth_client[0m[2m:[0m 🔍 Fetching transaction details for hash: 0x24e4cc1d5bb0cacd9551063d0d69ba743c83077602d50a2caa27102d188e4d3e
[2m2025-12-10T10:12:27.949540Z[0m [34mDEBUG[0m [2mhyper::client::pool[0m[2m:[0m reuse idle connection for ("http", 192.168.0.14:8545)
[2m2025-12-10T10:12:27.949566Z[0m [34mDEBUG[0m [2mhyper::proto::h1::io[0m[2m:[0m flushed 250 bytes
[2m2025-12-10T10:12:27.949584Z[0m [34mDEBUG[0m [2mhyper::client::pool[0m[2m:[0m reuse idle connection for ("http", 192.168.0.14:8545)
[2m2025-12-10T10:12:27.949594Z[0m [34mDEBUG[0m [2methereum_transaction_pool_monitor::eth_client[0m[2m:[0m 📨 Received WebSocket message: {"jsonrpc":"2.0","method":"eth_subscription","params":{"subscription":"0xbed0a0851463e895960a451075a301a9","result":"0x25ff4c92851287e035c3ce6010b4da31b2f20e210ee753c96e56423bef544329"}}
[2m2025-12-10T10:12:27.949596Z[0m [34mDEBUG[0m [2mhyper::proto::h1::io[0m[2m:[0m flushed 172 bytes
[2m2025-12-10T10:12:27.949607Z[0m [34mDEBUG[0m [2methereum_transaction_pool_monitor::eth_client[0m[2m:[0m 📨 Received pending transaction: 0x25ff4c92851287e035c3ce6010b4da31b2f20e210ee753c96e56423bef544329
[2m2025-12-10T10:12:27.949613Z[0m [34mDEBUG[0m [2methereum_transaction_pool_monitor::eth_client[0m[2m:[0m 📨 Received WebSocket message: {"jsonrpc":"2.0","method":"eth_subscription","params":{"subscription":"0xbed0a0851463e895960a451075a301a9","result":"0xaeb2a4db1b8eee871effea35bedf5db6d19b91c88f7809a3707fd3da98befd74"}}
[2m2025-12-10T10:12:27.949619Z[0m [34mDEBUG[0m [2methereum_transaction_pool_monitor::eth_client[0m[2m:[0m 📨 Received pending transaction: 0xaeb2a4db1b8eee871effea35bedf5db6d19b91c88f7809a3707fd3da98befd74
[2m2025-12-10T10:12:27.949626Z[0m [34mDEBUG[0m [2methereum_transaction_pool_monitor::eth_client[0m[2m:[0m 📨 Received WebSocket message: {"jsonrpc":"2.0","method":"eth_subscription","params":{"subscription":"0xbed0a0851463e895960a451075a301a9","result":"0x057c66ba72f8bf5e51d448cdb585f07a924cb7963090f0b27b64ff95c20f4836"}}
[2m2025-12-10T10:12:27.949631Z[0m [34mDEBUG[0m [2methereum_transaction_pool_monitor::eth_client[0m[2m:[0m 📨 Received pending transaction: 0x057c66ba72f8bf5e51d448cdb585f07a924cb7963090f0b27b64ff95c20f4836
[2m2025-12-10T10:12:27.954328Z[0m [34mDEBUG[0m [2mhyper::proto::h1::io[0m[2m:[0m parsed 4 headers
[2m2025-12-10T10:12:27.954347Z[0m [34mDEBUG[0m [2mhyper::proto::h1::conn[0m[2m:[0m incoming body is content-length (644 bytes)
[2m2025-12-10T10:12:27.954371Z[0m [34mDEBUG[0m [2mhyper::proto::h1::conn[0m[2m:[0m incoming body completed
[2m2025-12-10T10:12:27.954387Z[0m [34mDEBUG[0m [2mhyper::client::pool[0m[2m:[0m pooling idle connection for ("http", 192.168.0.14:8545)
[2m2025-12-10T10:12:27.954406Z[0m [34mDEBUG[0m [2methereum_transaction_pool_monitor::eth_client[0m[2m:[0m 📡 Transaction fetch RPC completed in 4.8825ms
[2m2025-12-10T10:12:28.026139Z[0m [34mDEBUG[0m [2methereum_transaction_pool_monitor::eth_client[0m[2m:[0m ✅ Transaction 0x24e4cc1d5bb0cacd9551063d0d69ba743c83077602d50a2caa27102d188e4d3e fetched and parsed in 76.613875ms
[2m2025-12-10T10:12:28.026168Z[0m [34mDEBUG[0m [2methereum_transaction_pool_monitor::mempool_monitor[0m[2m:[0m 🔍 Skipping tx 0x24e4cc1d5bb0cacd9551063d0d69ba743c83077602d50a2caa27102d188e4d3e - not a DEX interaction (target: 0xB70F98e53BEE56A2E18A15bcd826579f495076F0)
[2m2025-12-10T10:12:28.026181Z[0m [34mDEBUG[0m [2methereum_transaction_pool_monitor::mempool_monitor[0m[2m:[0m 📨 Processing new pending transaction: 0x1fbcb95df9045cb2501407f3de04ccc0526a06f2704e3f3dbd41c1b9e388fbaf
[2m2025-12-10T10:12:28.026188Z[0m [34mDEBUG[0m [2methereum_transaction_pool_monitor::mempool_monitor[0m[2m:[0m 🔍 Fetching transaction details for: 0x1fbcb95df9045cb2501407f3de04ccc0526a06f2704e3f3dbd41c1b9e388fbaf
[2m2025-12-10T10:12:28.026194Z[0m [34mDEBUG[0m [2methereum_transaction_pool_monitor::eth_client[0m[2m:[0m 🔍 Fetching transaction details for hash: 0x1fbcb95df9045cb2501407f3de04ccc0526a06f2704e3f3dbd41c1b9e388fbaf
[2m2025-12-10T10:12:28.026213Z[0m [34mDEBUG[0m [2mhyper::client::pool[0m[2m:[0m reuse idle connection for ("http", 192.168.0.14:8545)
[2m2025-12-10T10:12:28.026239Z[0m [34mDEBUG[0m [2mhyper::proto::h1::io[0m[2m:[0m flushed 250 bytes
[2m2025-12-10T10:12:28.026263Z[0m [34mDEBUG[0m [2methereum_transaction_pool_monitor::eth_client[0m[2m:[0m 📨 Received WebSocket message: {"jsonrpc":"2.0","method":"eth_subscription","params":{"subscription":"0xbed0a0851463e895960a451075a301a9","result":"0x2379669004ff692194e5230ea3fd6a1e5394b20318af73e36f4735fe49224a85"}}
[2m2025-12-10T10:12:28.026266Z[0m [34mDEBUG[0m [2mhyper::proto::h1::io[0m[2m:[0m parsed 4 headers
[2m2025-12-10T10:12:28.026271Z[0m [34mDEBUG[0m [2methereum_transaction_pool_monitor::eth_client[0m[2m:[0m 📨 Received pending transaction: 0x2379669004ff692194e5230ea3fd6a1e5394b20318af73e36f4735fe49224a85
[2m2025-12-10T10:12:28.026274Z[0m [34mDEBUG[0m [2mhyper::proto::h1::conn[0m[2m:[0m incoming body is content-length (45 bytes)
[2m2025-12-10T10:12:28.026279Z[0m [34mDEBUG[0m [2methereum_transaction_pool_monitor::eth_client[0m[2m:[0m 📨 Received WebSocket message: {"jsonrpc":"2.0","method":"eth_subscription","params":{"subscription":"0xbed0a0851463e895960a451075a301a9","result":"0xcd6575e1d5870798bef3c886f574e1d81e8f78a83483a65fafb2d41b6faf10b4"}}
[2m2025-12-10T10:12:28.026283Z[0m [34mDEBUG[0m [2mhyper::proto::h1::conn[0m[2m:[0m incoming body completed
[2m2025-12-10T10:12:28.026286Z[0m [34mDEBUG[0m [2methereum_transaction_pool_monitor::eth_client[0m[2m:[0m 📨 Received pending transaction: 0xcd6575e1d5870798bef3c886f574e1d81e8f78a83483a65fafb2d41b6faf10b4
[2m2025-12-10T10:12:28.026292Z[0m [34mDEBUG[0m [2mhyper::client::pool[0m[2m:[0m pooling idle connection for ("http", 192.168.0.14:8545)
[2m2025-12-10T10:12:28.026293Z[0m [34mDEBUG[0m [2methereum_transaction_pool_monitor::eth_client[0m[2m:[0m 📨 Received WebSocket message: {"jsonrpc":"2.0","method":"eth_subscription","params":{"subscription":"0xbed0a0851463e895960a451075a301a9","result":"0xe512444a160a76a13dec24a5c2f2197ce7fc82e98b6daf1183b7e5fe29c915a2"}}
[2m2025-12-10T10:12:28.026335Z[0m [34mDEBUG[0m [2methereum_transaction_pool_monitor::eth_client[0m[2m:[0m 📨 Received pending transaction: 0xe512444a160a76a13dec24a5c2f2197ce7fc82e98b6daf1183b7e5fe29c915a2
[2m2025-12-10T10:12:28.026340Z[0m [34mDEBUG[0m [2mhyper::client::pool[0m[2m:[0m reuse idle connection for ("http", 192.168.0.14:8545)
[2m2025-12-10T10:12:28.026356Z[0m [34mDEBUG[0m [2mhyper::proto::h1::io[0m[2m:[0m flushed 172 bytes
[2m2025-12-10T10:12:28.033376Z[0m [34mDEBUG[0m [2mhyper::proto::h1::io[0m[2m:[0m parsed 4 headers
[2m2025-12-10T10:12:28.033381Z[0m [34mDEBUG[0m [2mhyper::proto::h1::conn[0m[2m:[0m incoming body is content-length (771 bytes)
[2m2025-12-10T10:12:28.033385Z[0m [34mDEBUG[0m [2mhyper::proto::h1::conn[0m[2m:[0m incoming body completed
[2m2025-12-10T10:12:28.033390Z[0m [34mDEBUG[0m [2mhyper::client::pool[0m[2m:[0m pooling idle connection for ("http", 192.168.0.14:8545)
[2m2025-12-10T10:12:28.033394Z[0m [34mDEBUG[0m [2methereum_transaction_pool_monitor::eth_client[0m[2m:[0m 📡 Transaction fetch RPC completed in 7.19325ms
[2m2025-12-10T10:12:28.103208Z[0m [34mDEBUG[0m [2methereum_transaction_pool_monitor::eth_client[0m[2m:[0m ✅ Transaction 0x1fbcb95df9045cb2501407f3de04ccc0526a06f2704e3f3dbd41c1b9e388fbaf fetched and parsed in 77.003875ms
[2m2025-12-10T10:12:28.103236Z[0m [34mDEBUG[0m [2methereum_transaction_pool_monitor::mempool_monitor[0m[2m:[0m 🔍 Skipping tx 0x1fbcb95df9045cb2501407f3de04ccc0526a06f2704e3f3dbd41c1b9e388fbaf - not a DEX interaction (target: 0xB8f28C60dD8240141185a192fa4156A23E189305)
[2m2025-12-10T10:12:28.103251Z[0m [34mDEBUG[0m [2methereum_transaction_pool_monitor::mempool_monitor[0m[2m:[0m 📨 Processing new pending transaction: 0x6a39c61bb3ba11bf95048a78462d2f9fcbce71676b03b553fd989756cf13080e
[2m2025-12-10T10:12:28.103259Z[0m [34mDEBUG[0m [2methereum_transaction_pool_monitor::mempool_monitor[0m[2m:[0m 🔍 Fetching transaction details for: 0x6a39c61bb3ba11bf95048a78462d2f9fcbce71676b03b553fd989756cf13080e
[2m2025-12-10T10:12:28.103264Z[0m [34mDEBUG[0m [2methereum_transaction_pool_monitor::eth_client[0m[2m:[0m 🔍 Fetching transaction details for hash: 0x6a39c61bb3ba11bf95048a78462d2f9fcbce71676b03b553fd989756cf13080e
[2m2025-12-10T10:12:28.103281Z[0m [34mDEBUG[0m [2mhyper::client::pool[0m[2m:[0m reuse idle connection for ("http", 192.168.0.14:8545)
[2m2025-12-10T10:12:28.103317Z[0m [34mDEBUG[0m [2mhyper::proto::h1::io[0m[2m:[0m flushed 250 bytes
[2m2025-12-10T10:12:28.103341Z[0m [32m INFO[0m [2methereum_transaction_pool_monitor::bot_runner[0m[2m:[0m 🤖 MEV Bot Stats | Uptime: 0.1h | Opportunities: 0 | Bundles: 0/0 (0.0%) | Profit: 0.0000 ETH | Rate: 0.00/h
[2m2025-12-10T10:12:28.103347Z[0m [34mDEBUG[0m [2mhyper::proto::h1::io[0m[2m:[0m parsed 4 headers
[2m2025-12-10T10:12:28.103355Z[0m [34mDEBUG[0m [2mhyper::proto::h1::conn[0m[2m:[0m incoming body is content-length (45 bytes)
[2m2025-12-10T10:12:28.103359Z[0m [34mDEBUG[0m [2methereum_transaction_pool_monitor::eth_client[0m[2m:[0m 📨 Received WebSocket message: {"jsonrpc":"2.0","method":"eth_subscription","params":{"subscription":"0xbed0a0851463e895960a451075a301a9","result":"0x8dd8d4de489f5816bbdc4ad6bd39f497f350e39a2b180e25f5ebf4ebd8a76599"}}
[2m2025-12-10T10:12:28.103364Z[0m [34mDEBUG[0m [2mhyper::proto::h1::conn[0m[2m:[0m incoming body completed
[2m2025-12-10T10:12:28.103372Z[0m [34mDEBUG[0m [2methereum_transaction_pool_monitor::eth_client[0m[2m:[0m 📨 Received pending transaction: 0x8dd8d4de489f5816bbdc4ad6bd39f497f350e39a2b180e25f5ebf4ebd8a76599
[2m2025-12-10T10:12:28.103380Z[0m [34mDEBUG[0m [2mhyper::client::pool[0m[2m:[0m pooling idle connection for ("http", 192.168.0.14:8545)
[2m2025-12-10T10:12:28.103396Z[0m [34mDEBUG[0m [2mhyper::client::pool[0m[2m:[0m reuse idle connection for ("http", 192.168.0.14:8545)
[2m2025-12-10T10:12:28.103414Z[0m [34mDEBUG[0m [2mhyper::proto::h1::io[0m[2m:[0m flushed 172 bytes
[2m2025-12-10T10:12:28.111958Z[0m [34mDEBUG[0m [2mhyper::proto::h1::io[0m[2m:[0m parsed 4 headers
[2m2025-12-10T10:12:28.111964Z[0m [34mDEBUG[0m [2mhyper::proto::h1::conn[0m[2m:[0m incoming body is content-length (770 bytes)
[2m2025-12-10T10:12:28.111970Z[0m [34mDEBUG[0m [2mhyper::proto::h1::conn[0m[2m:[0m incoming body completed
[2m2025-12-10T10:12:28.111976Z[0m [34mDEBUG[0m [2mhyper::client::pool[0m[2m:[0m pooling idle connection for ("http", 192.168.0.14:8545)
[2m2025-12-10T10:12:28.111982Z[0m [34mDEBUG[0m [2methereum_transaction_pool_monitor::eth_client[0m[2m:[0m 📡 Transaction fetch RPC completed in 8.712333ms
[2m2025-12-10T10:12:28.183607Z[0m [34mDEBUG[0m [2methereum_transaction_pool_monitor::eth_client[0m[2m:[0m ✅ Transaction 0x6a39c61bb3ba11bf95048a78462d2f9fcbce71676b03b553fd989756cf13080e fetched and parsed in 80.334958ms
[2m2025-12-10T10:12:28.183631Z[0m [34mDEBUG[0m [2methereum_transaction_pool_monitor::mempool_monitor[0m[2m:[0m 🔍 Skipping tx 0x6a39c61bb3ba11bf95048a78462d2f9fcbce71676b03b553fd989756cf13080e - not a DEX interaction (target: 0xB8f28C60dD8240141185a192fa4156A23E189305)
[2m2025-12-10T10:12:28.183645Z[0m [34mDEBUG[0m [2methereum_transaction_pool_monitor::mempool_monitor[0m[2m:[0m 📨 Processing new pending transaction: 0x25ff4c92851287e035c3ce6010b4da31b2f20e210ee753c96e56423bef544329
[2m2025-12-10T10:12:28.183654Z[0m [34mDEBUG[0m [2methereum_transaction_pool_monitor::mempool_monitor[0m[2m:[0m 🔍 Fetching transaction details for: 0x25ff4c92851287e035c3ce6010b4da31b2f20e210ee753c96e56423bef544329
[2m2025-12-10T10:12:28.183660Z[0m [34mDEBUG[0m [2methereum_transaction_pool_monitor::eth_client[0m[2m:[0m 🔍 Fetching transaction details for hash: 0x25ff4c92851287e035c3ce6010b4da31b2f20e210ee753c96e56423bef544329
[2m2025-12-10T10:12:28.183678Z[0m [34mDEBUG[0m [2mhyper::client::pool[0m[2m:[0m reuse idle connection for ("http", 192.168.0.14:8545)
[2m2025-12-10T10:12:28.183715Z[0m [34mDEBUG[0m [2mhyper::proto::h1::io[0m[2m:[0m flushed 250 bytes
[2m2025-12-10T10:12:28.183753Z[0m [34mDEBUG[0m [2methereum_transaction_pool_monitor::eth_client[0m[2m:[0m 📨 Received WebSocket message: {"jsonrpc":"2.0","method":"eth_subscription","params":{"subscription":"0xbed0a0851463e895960a451075a301a9","result":"0x3f96d9a64a6021296a1d5f98ab45ddde9d5b95076bddff3f0ec1a0879dbc8245"}}
[2m2025-12-10T10:12:28.183758Z[0m [34mDEBUG[0m [2mhyper::proto::h1::io[0m[2m:[0m parsed 4 headers
[2m2025-12-10T10:12:28.183762Z[0m [34mDEBUG[0m [2methereum_transaction_pool_monitor::eth_client[0m[2m:[0m 📨 Received pending transaction: 0x3f96d9a64a6021296a1d5f98ab45ddde9d5b95076bddff3f0ec1a0879dbc8245
[2m2025-12-10T10:12:28.183766Z[0m [34mDEBUG[0m [2mhyper::proto::h1::conn[0m[2m:[0m incoming body is content-length (45 bytes)
[2m2025-12-10T10:12:28.183778Z[0m [34mDEBUG[0m [2mhyper::proto::h1::conn[0m[2m:[0m incoming body completed
[2m2025-12-10T10:12:28.183788Z[0m [34mDEBUG[0m [2mhyper::client::pool[0m[2m:[0m pooling idle connection for ("http", 192.168.0.14:8545)
[2m2025-12-10T10:12:28.188833Z[0m [34mDEBUG[0m [2mhyper::proto::h1::io[0m[2m:[0m parsed 4 headers
[2m2025-12-10T10:12:28.188838Z[0m [34mDEBUG[0m [2mhyper::proto::h1::conn[0m[2m:[0m incoming body is content-length (771 bytes)
[2m2025-12-10T10:12:28.188842Z[0m [34mDEBUG[0m [2mhyper::proto::h1::conn[0m[2m:[0m incoming body completed
[2m2025-12-10T10:12:28.188847Z[0m [34mDEBUG[0m [2mhyper::client::pool[0m[2m:[0m pooling idle connection for ("http", 192.168.0.14:8545)
[2m2025-12-10T10:12:28.188852Z[0m [34mDEBUG[0m [2methereum_transaction_pool_monitor::eth_client[0m[2m:[0m 📡 Transaction fetch RPC completed in 5.185959ms
[2m2025-12-10T10:12:28.259918Z[0m [34mDEBUG[0m [2methereum_transaction_pool_monitor::eth_client[0m[2m:[0m ✅ Transaction 0x25ff4c92851287e035c3ce6010b4da31b2f20e210ee753c96e56423bef544329 fetched and parsed in 76.250417ms
[2m2025-12-10T10:12:28.259942Z[0m [34mDEBUG[0m [2methereum_transaction_pool_monitor::mempool_monitor[0m[2m:[0m 🔍 Skipping tx 0x25ff4c92851287e035c3ce6010b4da31b2f20e210ee753c96e56423bef544329 - not a DEX interaction (target: 0xB8f28C60dD8240141185a192fa4156A23E189305)
[2m2025-12-10T10:12:28.259952Z[0m [34mDEBUG[0m [2methereum_transaction_pool_monitor::mempool_monitor[0m[2m:[0m 📨 Processing new pending transaction: 0xaeb2a4db1b8eee871effea35bedf5db6d19b91c88f7809a3707fd3da98befd74
[2m2025-12-10T10:12:28.259958Z[0m [34mDEBUG[0m [2methereum_transaction_pool_monitor::mempool_monitor[0m[2m:[0m 🔍 Fetching transaction details for: 0xaeb2a4db1b8eee871effea35bedf5db6d19b91c88f7809a3707fd3da98befd74
[2m2025-12-10T10:12:28.259962Z[0m [34mDEBUG[0m [2methereum_transaction_pool_monitor::eth_client[0m[2m:[0m 🔍 Fetching transaction details for hash: 0xaeb2a4db1b8eee871effea35bedf5db6d19b91c88f7809a3707fd3da98befd74
[2m2025-12-10T10:12:28.259979Z[0m [34mDEBUG[0m [2mhyper::client::pool[0m[2m:[0m reuse idle connection for ("http", 192.168.0.14:8545)
[2m2025-12-10T10:12:28.260018Z[0m [34mDEBUG[0m [2mhyper::proto::h1::io[0m[2m:[0m flushed 250 bytes
[2m2025-12-10T10:12:28.260037Z[0m [34mDEBUG[0m [2mhyper::client::pool[0m[2m:[0m reuse idle connection for ("http", 192.168.0.14:8545)
[2m2025-12-10T10:12:28.260048Z[0m [34mDEBUG[0m [2methereum_transaction_pool_monitor::eth_client[0m[2m:[0m 📨 Received WebSocket message: {"jsonrpc":"2.0","method":"eth_subscription","params":{"subscription":"0xbed0a0851463e895960a451075a301a9","result":"0xae02604b6e02b445cfcacfadef50115ceeb1830be20e213cfe57fd18b80bac5e"}}
[2m2025-12-10T10:12:28.260058Z[0m [34mDEBUG[0m [2methereum_transaction_pool_monitor::eth_client[0m[2m:[0m 📨 Received pending transaction: 0xae02604b6e02b445cfcacfadef50115ceeb1830be20e213cfe57fd18b80bac5e
[2m2025-12-10T10:12:28.260051Z[0m [34mDEBUG[0m [2mhyper::proto::h1::io[0m[2m:[0m flushed 172 bytes
[2m2025-12-10T10:12:28.270578Z[0m [34mDEBUG[0m [2mhyper::proto::h1::io[0m[2m:[0m parsed 4 headers
[2m2025-12-10T10:12:28.270595Z[0m [34mDEBUG[0m [2mhyper::proto::h1::conn[0m[2m:[0m incoming body is content-length (771 bytes)
[2m2025-12-10T10:12:28.270608Z[0m [34mDEBUG[0m [2mhyper::proto::h1::conn[0m[2m:[0m incoming body completed
[2m2025-12-10T10:12:28.270630Z[0m [34mDEBUG[0m [2mhyper::client::pool[0m[2m:[0m pooling idle connection for ("http", 192.168.0.14:8545)
[2m2025-12-10T10:12:28.270636Z[0m [34mDEBUG[0m [2methereum_transaction_pool_monitor::eth_client[0m[2m:[0m 📡 Transaction fetch RPC completed in 10.669834ms
[2m2025-12-10T10:12:28.342013Z[0m [34mDEBUG[0m [2methereum_transaction_pool_monitor::eth_client[0m[2m:[0m ✅ Transaction 0xaeb2a4db1b8eee871effea35bedf5db6d19b91c88f7809a3707fd3da98befd74 fetched and parsed in 82.045042ms
[2m2025-12-10T10:12:28.342040Z[0m [34mDEBUG[0m [2methereum_transaction_pool_monitor::mempool_monitor[0m[2m:[0m 🔍 Skipping tx 0xaeb2a4db1b8eee871effea35bedf5db6d19b91c88f7809a3707fd3da98befd74 - not a DEX interaction (target: 0xB8f28C60dD8240141185a192fa4156A23E189305)
[2m2025-12-10T10:12:28.342054Z[0m [34mDEBUG[0m [2methereum_transaction_pool_monitor::mempool_monitor[0m[2m:[0m 📨 Processing new pending transaction: 0x057c66ba72f8bf5e51d448cdb585f07a924cb7963090f0b27b64ff95c20f4836
[2m2025-12-10T10:12:28.342062Z[0m [34mDEBUG[0m [2methereum_transaction_pool_monitor::mempool_monitor[0m[2m:[0m 🔍 Fetching transaction details for: 0x057c66ba72f8bf5e51d448cdb585f07a924cb7963090f0b27b64ff95c20f4836
[2m2025-12-10T10:12:28.342070Z[0m [34mDEBUG[0m [2methereum_transaction_pool_monitor::eth_client[0m[2m:[0m 🔍 Fetching transaction details for hash: 0x057c66ba72f8bf5e51d448cdb585f07a924cb7963090f0b27b64ff95c20f4836
[2m2025-12-10T10:12:28.342093Z[0m [34mDEBUG[0m [2mhyper::client::pool[0m[2m:[0m reuse idle connection for ("http", 192.168.0.14:8545)
[2m2025-12-10T10:12:28.342120Z[0m [34mDEBUG[0m [2mhyper::proto::h1::io[0m[2m:[0m flushed 250 bytes
[2m2025-12-10T10:12:28.342138Z[0m [34mDEBUG[0m [2mhyper::proto::h1::io[0m[2m:[0m parsed 4 headers
[2m2025-12-10T10:12:28.342244Z[0m [34mDEBUG[0m [2mhyper::proto::h1::conn[0m[2m:[0m incoming body is content-length (45 bytes)
[2m2025-12-10T10:12:28.342253Z[0m [34mDEBUG[0m [2mhyper::proto::h1::conn[0m[2m:[0m incoming body completed
[2m2025-12-10T10:12:28.342262Z[0m [34mDEBUG[0m [2mhyper::client::pool[0m[2m:[0m pooling idle connection for ("http", 192.168.0.14:8545)
[2m2025-12-10T10:12:28.342275Z[0m [34mDEBUG[0m [2mhyper::client::pool[0m[2m:[0m reuse idle connection for ("http", 192.168.0.14:8545)
[2m2025-12-10T10:12:28.342290Z[0m [34mDEBUG[0m [2mhyper::proto::h1::io[0m[2m:[0m flushed 172 bytes
[2m2025-12-10T10:12:28.350530Z[0m [34mDEBUG[0m [2mhyper::proto::h1::io[0m[2m:[0m parsed 4 headers
[2m2025-12-10T10:12:28.350541Z[0m [34mDEBUG[0m [2mhyper::proto::h1::conn[0m[2m:[0m incoming body is content-length (45 bytes)
[2m2025-12-10T10:12:28.350547Z[0m [34mDEBUG[0m [2mhyper::proto::h1::conn[0m[2m:[0m incoming body completed
[2m2025-12-10T10:12:28.350554Z[0m [34mDEBUG[0m [2mhyper::client::pool[0m[2m:[0m pooling idle connection for ("http", 192.168.0.14:8545)
[2m2025-12-10T10:12:28.351289Z[0m [34mDEBUG[0m [2mhyper::proto::h1::io[0m[2m:[0m parsed 4 headers
[2m2025-12-10T10:12:28.351307Z[0m [34mDEBUG[0m [2mhyper::proto::h1::conn[0m[2m:[0m incoming body is content-length (768 bytes)
[2m2025-12-10T10:12:28.351326Z[0m [34mDEBUG[0m [2mhyper::proto::h1::conn[0m[2m:[0m incoming body completed
[2m2025-12-10T10:12:28.351348Z[0m [34mDEBUG[0m [2mhyper::client::pool[0m[2m:[0m pooling idle connection for ("http", 192.168.0.14:8545)
[2m2025-12-10T10:12:28.351354Z[0m [34mDEBUG[0m [2methereum_transaction_pool_monitor::eth_client[0m[2m:[0m 📡 Transaction fetch RPC completed in 9.273ms
[2m2025-12-10T10:12:28.351380Z[0m [34mDEBUG[0m [2methereum_transaction_pool_monitor::eth_client[0m[2m:[0m DeFi transaction detected - Address: 0xdac17f958d2ee523a2206206994597c13d831ec7, Type: Stablecoin, Value: 0 ETH, Gas: 0.25 Gwei
[2m2025-12-10T10:12:28.351396Z[0m [34mDEBUG[0m [2methereum_transaction_pool_monitor::eth_client[0m[2m:[0m ✅ Transaction 0x057c66ba72f8bf5e51d448cdb585f07a924cb7963090f0b27b64ff95c20f4836 fetched and parsed in 9.315ms
[2m2025-12-10T10:12:28.351403Z[0m [34mDEBUG[0m [2methereum_transaction_pool_monitor::mempool_monitor[0m[2m:[0m 🔍 Skipping tx 0x057c66ba72f8bf5e51d448cdb585f07a924cb7963090f0b27b64ff95c20f4836 - not a DEX interaction (target: 0xdAC17F958D2ee523a2206206994597C13D831ec7)
[2m2025-12-10T10:12:28.351410Z[0m [34mDEBUG[0m [2methereum_transaction_pool_monitor::mempool_monitor[0m[2m:[0m 📨 Processing new pending transaction: 0x2379669004ff692194e5230ea3fd6a1e5394b20318af73e36f4735fe49224a85
[2m2025-12-10T10:12:28.351415Z[0m [34mDEBUG[0m [2methereum_transaction_pool_monitor::mempool_monitor[0m[2m:[0m 🔍 Fetching transaction details for: 0x2379669004ff692194e5230ea3fd6a1e5394b20318af73e36f4735fe49224a85
[2m2025-12-10T10:12:28.351419Z[0m [34mDEBUG[0m [2methereum_transaction_pool_monitor::eth_client[0m[2m:[0m 🔍 Fetching transaction details for hash: 0x2379669004ff692194e5230ea3fd6a1e5394b20318af73e36f4735fe49224a85
[2m2025-12-10T10:12:28.351427Z[0m [34mDEBUG[0m [2mhyper::client::pool[0m[2m:[0m reuse idle connection for ("http", 192.168.0.14:8545)
[2m2025-12-10T10:12:28.351445Z[0m [34mDEBUG[0m [2mhyper::proto::h1::io[0m[2m:[0m flushed 250 bytes
[2m2025-12-10T10:12:28.357617Z[0m [34mDEBUG[0m [2mhyper::proto::h1::io[0m[2m:[0m parsed 4 headers
[2m2025-12-10T10:12:28.357635Z[0m [34mDEBUG[0m [2mhyper::proto::h1::conn[0m[2m:[0m incoming body is content-length (771 bytes)
[2m2025-12-10T10:12:28.357651Z[0m [34mDEBUG[0m [2mhyper::proto::h1::conn[0m[2m:[0m incoming body completed
[2m2025-12-10T10:12:28.357669Z[0m [34mDEBUG[0m [2mhyper::client::pool[0m[2m:[0m pooling idle connection for ("http", 192.168.0.14:8545)
[2m2025-12-10T10:12:28.357673Z[0m [34mDEBUG[0m [2methereum_transaction_pool_monitor::eth_client[0m[2m:[0m 📡 Transaction fetch RPC completed in 6.250416ms
[2m2025-12-10T10:12:28.429536Z[0m [34mDEBUG[0m [2methereum_transaction_pool_monitor::eth_client[0m[2m:[0m ✅ Transaction 0x2379669004ff692194e5230ea3fd6a1e5394b20318af73e36f4735fe49224a85 fetched and parsed in 78.110416ms
[2m2025-12-10T10:12:28.429565Z[0m [34mDEBUG[0m [2methereum_transaction_pool_monitor::mempool_monitor[0m[2m:[0m 🔍 Skipping tx 0x2379669004ff692194e5230ea3fd6a1e5394b20318af73e36f4735fe49224a85 - not a DEX interaction (target: 0xB8f28C60dD8240141185a192fa4156A23E189305)
[2m2025-12-10T10:12:28.429578Z[0m [34mDEBUG[0m [2methereum_transaction_pool_monitor::mempool_monitor[0m[2m:[0m 📨 Processing new pending transaction: 0xcd6575e1d5870798bef3c886f574e1d81e8f78a83483a65fafb2d41b6faf10b4
[2m2025-12-10T10:12:28.429585Z[0m [34mDEBUG[0m [2methereum_transaction_pool_monitor::mempool_monitor[0m[2m:[0m 🔍 Fetching transaction details for: 0xcd6575e1d5870798bef3c886f574e1d81e8f78a83483a65fafb2d41b6faf10b4
[2m2025-12-10T10:12:28.429590Z[0m [34mDEBUG[0m [2methereum_transaction_pool_monitor::eth_client[0m[2m:[0m 🔍 Fetching transaction details for hash: 0xcd6575e1d5870798bef3c886f574e1d81e8f78a83483a65fafb2d41b6faf10b4
[2m2025-12-10T10:12:28.429608Z[0m [34mDEBUG[0m [2mhyper::client::pool[0m[2m:[0m reuse idle connection for ("http", 192.168.0.14:8545)
[2m2025-12-10T10:12:28.429645Z[0m [34mDEBUG[0m [2mhyper::proto::h1::io[0m[2m:[0m flushed 250 bytes
[2m2025-12-10T10:12:28.429665Z[0m [34mDEBUG[0m [2mhyper::client::pool[0m[2m:[0m reuse idle connection for ("http", 192.168.0.14:8545)
[2m2025-12-10T10:12:28.429679Z[0m [34mDEBUG[0m [2mhyper::proto::h1::io[0m[2m:[0m flushed 172 bytes
[2m2025-12-10T10:12:28.429700Z[0m [34mDEBUG[0m [2methereum_transaction_pool_monitor::eth_client[0m[2m:[0m 📨 Received WebSocket message: {"jsonrpc":"2.0","method":"eth_subscription","params":{"subscription":"0xbed0a0851463e895960a451075a301a9","result":"0xf45443b4894285b699a7d9ca7ac957f80b05dc6ddc3092e54be4c110cb4fc7a8"}}
[2m2025-12-10T10:12:28.429708Z[0m [34mDEBUG[0m [2methereum_transaction_pool_monitor::eth_client[0m[2m:[0m 📨 Received pending transaction: 0xf45443b4894285b699a7d9ca7ac957f80b05dc6ddc3092e54be4c110cb4fc7a8
[2m2025-12-10T10:12:28.437608Z[0m [34mDEBUG[0m [2mhyper::proto::h1::io[0m[2m:[0m parsed 4 headers
[2m2025-12-10T10:12:28.437619Z[0m [34mDEBUG[0m [2mhyper::proto::h1::conn[0m[2m:[0m incoming body is content-length (771 bytes)
[2m2025-12-10T10:12:28.437625Z[0m [34mDEBUG[0m [2mhyper::proto::h1::conn[0m[2m:[0m incoming body completed
[2m2025-12-10T10:12:28.437633Z[0m [34mDEBUG[0m [2mhyper::client::pool[0m[2m:[0m pooling idle connection for ("http", 192.168.0.14:8545)
[2m2025-12-10T10:12:28.437639Z[0m [34mDEBUG[0m [2methereum_transaction_pool_monitor::eth_client[0m[2m:[0m 📡 Transaction fetch RPC completed in 8.044125ms
[2m2025-12-10T10:12:28.509461Z[0m [34mDEBUG[0m [2methereum_transaction_pool_monitor::eth_client[0m[2m:[0m ✅ Transaction 0xcd6575e1d5870798bef3c886f574e1d81e8f78a83483a65fafb2d41b6faf10b4 fetched and parsed in 79.863375ms
[2m2025-12-10T10:12:28.509483Z[0m [34mDEBUG[0m [2methereum_transaction_pool_monitor::mempool_monitor[0m[2m:[0m 🔍 Skipping tx 0xcd6575e1d5870798bef3c886f574e1d81e8f78a83483a65fafb2d41b6faf10b4 - not a DEX interaction (target: 0xB8f28C60dD8240141185a192fa4156A23E189305)
[2m2025-12-10T10:12:28.509493Z[0m [34mDEBUG[0m [2methereum_transaction_pool_monitor::mempool_monitor[0m[2m:[0m 📨 Processing new pending transaction: 0xe512444a160a76a13dec24a5c2f2197ce7fc82e98b6daf1183b7e5fe29c915a2
[2m2025-12-10T10:12:28.509499Z[0m [34mDEBUG[0m [2methereum_transaction_pool_monitor::mempool_monitor[0m[2m:[0m 🔍 Fetching transaction details for: 0xe512444a160a76a13dec24a5c2f2197ce7fc82e98b6daf1183b7e5fe29c915a2
[2m2025-12-10T10:12:28.509504Z[0m [34mDEBUG[0m [2methereum_transaction_pool_monitor::eth_client[0m[2m:[0m 🔍 Fetching transaction details for hash: 0xe512444a160a76a13dec24a5c2f2197ce7fc82e98b6daf1183b7e5fe29c915a2
[2m2025-12-10T10:12:28.509521Z[0m [34mDEBUG[0m [2mhyper::client::pool[0m[2m:[0m reuse idle connection for ("http", 192.168.0.14:8545)
[2m2025-12-10T10:12:28.509560Z[0m [34mDEBUG[0m [2mhyper::proto::h1::io[0m[2m:[0m flushed 250 bytes
[2m2025-12-10T10:12:28.509584Z[0m [34mDEBUG[0m [2methereum_transaction_pool_monitor::eth_client[0m[2m:[0m 📨 Received WebSocket message: {"jsonrpc":"2.0","method":"eth_subscription","params":{"subscription":"0xbed0a0851463e895960a451075a301a9","result":"0xff0ba0ad23318d2f1232eb1b69087f55cc6a8be47b02eacab1e83740ab8c4b46"}}
[2m2025-12-10T10:12:28.509586Z[0m [34mDEBUG[0m [2mhyper::proto::h1::io[0m[2m:[0m parsed 4 headers
[2m2025-12-10T10:12:28.509591Z[0m [34mDEBUG[0m [2methereum_transaction_pool_monitor::eth_client[0m[2m:[0m 📨 Received pending transaction: 0xff0ba0ad23318d2f1232eb1b69087f55cc6a8be47b02eacab1e83740ab8c4b46
[2m2025-12-10T10:12:28.509593Z[0m [34mDEBUG[0m [2mhyper::proto::h1::conn[0m[2m:[0m incoming body is content-length (45 bytes)
[2m2025-12-10T10:12:28.509602Z[0m [34mDEBUG[0m [2mhyper::proto::h1::conn[0m[2m:[0m incoming body completed
[2m2025-12-10T10:12:28.509611Z[0m [34mDEBUG[0m [2mhyper::client::pool[0m[2m:[0m pooling idle connection for ("http", 192.168.0.14:8545)
[2m2025-12-10T10:12:28.509627Z[0m [34mDEBUG[0m [2mhyper::client::pool[0m[2m:[0m reuse idle connection for ("http", 192.168.0.14:8545)
[2m2025-12-10T10:12:28.509643Z[0m [34mDEBUG[0m [2mhyper::proto::h1::io[0m[2m:[0m flushed 172 bytes
[2m2025-12-10T10:12:28.516599Z[0m [34mDEBUG[0m [2mhyper::proto::h1::io[0m[2m:[0m parsed 4 headers
[2m2025-12-10T10:12:28.516610Z[0m [34mDEBUG[0m [2mhyper::proto::h1::conn[0m[2m:[0m incoming body is content-length (774 bytes)
[2m2025-12-10T10:12:28.516615Z[0m [34mDEBUG[0m [2mhyper::proto::h1::conn[0m[2m:[0m incoming body completed
[2m2025-12-10T10:12:28.516623Z[0m [34mDEBUG[0m [2mhyper::client::pool[0m[2m:[0m pooling idle connection for ("http", 192.168.0.14:8545)
[2m2025-12-10T10:12:28.516630Z[0m [34mDEBUG[0m [2methereum_transaction_pool_monitor::eth_client[0m[2m:[0m 📡 Transaction fetch RPC completed in 7.121834ms
[2m2025-12-10T10:12:28.516644Z[0m [34mDEBUG[0m [2methereum_transaction_pool_monitor::eth_client[0m[2m:[0m DeFi transaction detected - Address: 0xdac17f958d2ee523a2206206994597c13d831ec7, Type: Stablecoin, Value: 0 ETH, Gas: 5.00 Gwei
[2m2025-12-10T10:12:28.516655Z[0m [34mDEBUG[0m [2methereum_transaction_pool_monitor::eth_client[0m[2m:[0m ✅ Transaction 0xe512444a160a76a13dec24a5c2f2197ce7fc82e98b6daf1183b7e5fe29c915a2 fetched and parsed in 7.147584ms
[2m2025-12-10T10:12:28.516660Z[0m [34mDEBUG[0m [2methereum_transaction_pool_monitor::mempool_monitor[0m[2m:[0m 🔍 Skipping tx 0xe512444a160a76a13dec24a5c2f2197ce7fc82e98b6daf1183b7e5fe29c915a2 - not a DEX interaction (target: 0xdAC17F958D2ee523a2206206994597C13D831ec7)
[2m2025-12-10T10:12:28.516667Z[0m [34mDEBUG[0m [2methereum_transaction_pool_monitor::mempool_monitor[0m[2m:[0m 📨 Processing new pending transaction: 0x8dd8d4de489f5816bbdc4ad6bd39f497f350e39a2b180e25f5ebf4ebd8a76599
[2m2025-12-10T10:12:28.516671Z[0m [34mDEBUG[0m [2methereum_transaction_pool_monitor::mempool_monitor[0m[2m:[0m 🔍 Fetching transaction details for: 0x8dd8d4de489f5816bbdc4ad6bd39f497f350e39a2b180e25f5ebf4ebd8a76599
[2m2025-12-10T10:12:28.516674Z[0m [34mDEBUG[0m [2methereum_transaction_pool_monitor::eth_client[0m[2m:[0m 🔍 Fetching transaction details for hash: 0x8dd8d4de489f5816bbdc4ad6bd39f497f350e39a2b180e25f5ebf4ebd8a76599
[2m2025-12-10T10:12:28.516684Z[0m [34mDEBUG[0m [2mhyper::client::pool[0m[2m:[0m reuse idle connection for ("http", 192.168.0.14:8545)
[2m2025-12-10T10:12:28.516702Z[0m [34mDEBUG[0m [2mhyper::proto::h1::io[0m[2m:[0m flushed 250 bytes
[2m2025-12-10T10:12:28.516710Z[0m [34mDEBUG[0m [2mhyper::proto::h1::io[0m[2m:[0m parsed 4 headers
[2m2025-12-10T10:12:28.516713Z[0m [34mDEBUG[0m [2mhyper::proto::h1::conn[0m[2m:[0m incoming body is content-length (45 bytes)
[2m2025-12-10T10:12:28.516717Z[0m [34mDEBUG[0m [2mhyper::proto::h1::conn[0m[2m:[0m incoming body completed
[2m2025-12-10T10:12:28.516721Z[0m [34mDEBUG[0m [2mhyper::client::pool[0m[2m:[0m pooling idle connection for ("http", 192.168.0.14:8545)
[2m2025-12-10T10:12:28.523255Z[0m [34mDEBUG[0m [2mhyper::proto::h1::io[0m[2m:[0m parsed 4 headers
[2m2025-12-10T10:12:28.523266Z[0m [34mDEBUG[0m [2mhyper::proto::h1::conn[0m[2m:[0m incoming body is content-length (771 bytes)
[2m2025-12-10T10:12:28.523272Z[0m [34mDEBUG[0m [2mhyper::proto::h1::conn[0m[2m:[0m incoming body completed
[2m2025-12-10T10:12:28.523280Z[0m [34mDEBUG[0m [2mhyper::client::pool[0m[2m:[0m pooling idle connection for ("http", 192.168.0.14:8545)
[2m2025-12-10T10:12:28.523286Z[0m [34mDEBUG[0m [2methereum_transaction_pool_monitor::eth_client[0m[2m:[0m 📡 Transaction fetch RPC completed in 6.607834ms
[2m2025-12-10T10:12:28.599566Z[0m [34mDEBUG[0m [2methereum_transaction_pool_monitor::eth_client[0m[2m:[0m ✅ Transaction 0x8dd8d4de489f5816bbdc4ad6bd39f497f350e39a2b180e25f5ebf4ebd8a76599 fetched and parsed in 82.885209ms
[2m2025-12-10T10:12:28.599584Z[0m [34mDEBUG[0m [2methereum_transaction_pool_monitor::mempool_monitor[0m[2m:[0m 🔍 Skipping tx 0x8dd8d4de489f5816bbdc4ad6bd39f497f350e39a2b180e25f5ebf4ebd8a76599 - not a DEX interaction (target: 0xB8f28C60dD8240141185a192fa4156A23E189305)
[2m2025-12-10T10:12:28.599592Z[0m [34mDEBUG[0m [2methereum_transaction_pool_monitor::mempool_monitor[0m[2m:[0m 📨 Processing new pending transaction: 0x3f96d9a64a6021296a1d5f98ab45ddde9d5b95076bddff3f0ec1a0879dbc8245
[2m2025-12-10T10:12:28.599597Z[0m [34mDEBUG[0m [2methereum_transaction_pool_monitor::mempool_monitor[0m[2m:[0m 🔍 Fetching transaction details for: 0x3f96d9a64a6021296a1d5f98ab45ddde9d5b95076bddff3f0ec1a0879dbc8245
[2m2025-12-10T10:12:28.599600Z[0m [34mDEBUG[0m [2methereum_transaction_pool_monitor::eth_client[0m[2m:[0m 🔍 Fetching transaction details for hash: 0x3f96d9a64a6021296a1d5f98ab45ddde9d5b95076bddff3f0ec1a0879dbc8245
[2m2025-12-10T10:12:28.599617Z[0m [34mDEBUG[0m [2mhyper::client::pool[0m[2m:[0m reuse idle connection for ("http", 192.168.0.14:8545)
[2m2025-12-10T10:12:28.599651Z[0m [34mDEBUG[0m [2mhyper::proto::h1::io[0m[2m:[0m flushed 250 bytes
[2m2025-12-10T10:12:28.599668Z[0m [34mDEBUG[0m [2mhyper::client::pool[0m[2m:[0m reuse idle connection for ("http", 192.168.0.14:8545)
[2m2025-12-10T10:12:28.599680Z[0m [34mDEBUG[0m [2mhyper::proto::h1::io[0m[2m:[0m flushed 172 bytes
[2m2025-12-10T10:12:28.599681Z[0m [34mDEBUG[0m [2methereum_transaction_pool_monitor::eth_client[0m[2m:[0m 📨 Received WebSocket message: {"jsonrpc":"2.0","method":"eth_subscription","params":{"subscription":"0xbed0a0851463e895960a451075a301a9","result":"0x8f52c97616846b70c900c4a778b19371c2962c4c8a882c095e5e1a60dcdef0ef"}}
[2m2025-12-10T10:12:28.599691Z[0m [34mDEBUG[0m [2methereum_transaction_pool_monitor::eth_client[0m[2m:[0m 📨 Received pending transaction: 0x8f52c97616846b70c900c4a778b19371c2962c4c8a882c095e5e1a60dcdef0ef
[2m2025-12-10T10:12:28.605561Z[0m [34mDEBUG[0m [2mhyper::proto::h1::io[0m[2m:[0m parsed 4 headers
[2m2025-12-10T10:12:28.605577Z[0m [34mDEBUG[0m [2mhyper::proto::h1::conn[0m[2m:[0m incoming body is content-length (703 bytes)
[2m2025-12-10T10:12:28.605585Z[0m [34mDEBUG[0m [2mhyper::proto::h1::conn[0m[2m:[0m incoming body completed
[2m2025-12-10T10:12:28.605596Z[0m [34mDEBUG[0m [2mhyper::client::pool[0m[2m:[0m pooling idle connection for ("http", 192.168.0.14:8545)
[2m2025-12-10T10:12:28.605603Z[0m [34mDEBUG[0m [2methereum_transaction_pool_monitor::eth_client[0m[2m:[0m 📡 Transaction fetch RPC completed in 5.998917ms
[2m2025-12-10T10:12:28.819000Z[0m [34mDEBUG[0m [2methereum_transaction_pool_monitor::eth_client[0m[2m:[0m ✅ Transaction 0x3f96d9a64a6021296a1d5f98ab45ddde9d5b95076bddff3f0ec1a0879dbc8245 fetched and parsed in 219.390584ms
[2m2025-12-10T10:12:28.819169Z[0m [34mDEBUG[0m [2methereum_transaction_pool_monitor::mempool_monitor[0m[2m:[0m 🔍 Skipping tx 0x3f96d9a64a6021296a1d5f98ab45ddde9d5b95076bddff3f0ec1a0879dbc8245 - not a DEX interaction (target: 0x3Ad80458D58fb3a779Ba0779F83203a4Cf4a49d8)
[2m2025-12-10T10:12:28.819182Z[0m [34mDEBUG[0m [2methereum_transaction_pool_monitor::mempool_monitor[0m[2m:[0m 📨 Processing new pending transaction: 0xae02604b6e02b445cfcacfadef50115ceeb1830be20e213cfe57fd18b80bac5e
[2m2025-12-10T10:12:28.819190Z[0m [34mDEBUG[0m [2methereum_transaction_pool_monitor::mempool_monitor[0m[2m:[0m 🔍 Fetching transaction details for: 0xae02604b6e02b445cfcacfadef50115ceeb1830be20e213cfe57fd18b80bac5e
[2m2025-12-10T10:12:28.819195Z[0m [34mDEBUG[0m [2methereum_transaction_pool_monitor::eth_client[0m[2m:[0m 🔍 Fetching transaction details for hash: 0xae02604b6e02b445cfcacfadef50115ceeb1830be20e213cfe57fd18b80bac5e
[2m2025-12-10T10:12:28.819211Z[0m [34mDEBUG[0m [2mhyper::client::pool[0m[2m:[0m reuse idle connection for ("http", 192.168.0.14:8545)
[2m2025-12-10T10:12:28.819259Z[0m [34mDEBUG[0m [2mhyper::proto::h1::io[0m[2m:[0m flushed 250 bytes
[2m2025-12-10T10:12:28.819284Z[0m [34mDEBUG[0m [2methereum_transaction_pool_monitor::eth_client[0m[2m:[0m 📨 Received WebSocket message: {"jsonrpc":"2.0","method":"eth_subscription","params":{"subscription":"0xbed0a0851463e895960a451075a301a9","result":"0x18294a0fe3d5fc4f0c907b6b7a515e8684960cc4ab1745cb27d73ceb2d73679f"}}
[2m2025-12-10T10:12:28.819289Z[0m [34mDEBUG[0m [2mhyper::proto::h1::io[0m[2m:[0m parsed 4 headers
[2m2025-12-10T10:12:28.819291Z[0m [34mDEBUG[0m [2methereum_transaction_pool_monitor::eth_client[0m[2m:[0m 📨 Received pending transaction: 0x18294a0fe3d5fc4f0c907b6b7a515e8684960cc4ab1745cb27d73ceb2d73679f
[2m2025-12-10T10:12:28.819301Z[0m [34mDEBUG[0m [2mhyper::proto::h1::conn[0m[2m:[0m incoming body is content-length (45 bytes)
[2m2025-12-10T10:12:28.819323Z[0m [34mDEBUG[0m [2mhyper::proto::h1::conn[0m[2m:[0m incoming body completed
[2m2025-12-10T10:12:28.819335Z[0m [34mDEBUG[0m [2mhyper::client::pool[0m[2m:[0m pooling idle connection for ("http", 192.168.0.14:8545)
[2m2025-12-10T10:12:28.819352Z[0m [34mDEBUG[0m [2mhyper::client::pool[0m[2m:[0m reuse idle connection for ("http", 192.168.0.14:8545)
[2m2025-12-10T10:12:28.819368Z[0m [34mDEBUG[0m [2mhyper::proto::h1::io[0m[2m:[0m flushed 172 bytes
[2m2025-12-10T10:12:28.824224Z[0m [34mDEBUG[0m [2mhyper::proto::h1::io[0m[2m:[0m parsed 4 headers
[2m2025-12-10T10:12:28.824230Z[0m [34mDEBUG[0m [2mhyper::proto::h1::conn[0m[2m:[0m incoming body is content-length (771 bytes)
[2m2025-12-10T10:12:28.824236Z[0m [34mDEBUG[0m [2mhyper::proto::h1::conn[0m[2m:[0m incoming body completed
[2m2025-12-10T10:12:28.824243Z[0m [34mDEBUG[0m [2mhyper::client::pool[0m[2m:[0m pooling idle connection for ("http", 192.168.0.14:8545)
[2m2025-12-10T10:12:28.824248Z[0m [34mDEBUG[0m [2methereum_transaction_pool_monitor::eth_client[0m[2m:[0m 📡 Transaction fetch RPC completed in 5.050083ms
[2m2025-12-10T10:12:28.912047Z[0m [34mDEBUG[0m [2methereum_transaction_pool_monitor::eth_client[0m[2m:[0m ✅ Transaction 0xae02604b6e02b445cfcacfadef50115ceeb1830be20e213cfe57fd18b80bac5e fetched and parsed in 92.846375ms
[2m2025-12-10T10:12:28.912151Z[0m [34mDEBUG[0m [2methereum_transaction_pool_monitor::mempool_monitor[0m[2m:[0m 🔍 Skipping tx 0xae02604b6e02b445cfcacfadef50115ceeb1830be20e213cfe57fd18b80bac5e - not a DEX interaction (target: 0xB8f28C60dD8240141185a192fa4156A23E189305)
[2m2025-12-10T10:12:28.912164Z[0m [34mDEBUG[0m [2methereum_transaction_pool_monitor::mempool_monitor[0m[2m:[0m 📨 Processing new pending transaction: 0xf45443b4894285b699a7d9ca7ac957f80b05dc6ddc3092e54be4c110cb4fc7a8
[2m2025-12-10T10:12:28.912171Z[0m [34mDEBUG[0m [2methereum_transaction_pool_monitor::mempool_monitor[0m[2m:[0m 🔍 Fetching transaction details for: 0xf45443b4894285b699a7d9ca7ac957f80b05dc6ddc3092e54be4c110cb4fc7a8
[2m2025-12-10T10:12:28.912176Z[0m [34mDEBUG[0m [2methereum_transaction_pool_monitor::eth_client[0m[2m:[0m 🔍 Fetching transaction details for hash: 0xf45443b4894285b699a7d9ca7ac957f80b05dc6ddc3092e54be4c110cb4fc7a8
[2m2025-12-10T10:12:28.912194Z[0m [34mDEBUG[0m [2mhyper::client::pool[0m[2m:[0m reuse idle connection for ("http", 192.168.0.14:8545)
[2m2025-12-10T10:12:28.912238Z[0m [34mDEBUG[0m [2mhyper::proto::h1::io[0m[2m:[0m flushed 250 bytes
[2m2025-12-10T10:12:28.912263Z[0m [34mDEBUG[0m [2methereum_transaction_pool_monitor::eth_client[0m[2m:[0m 📨 Received WebSocket message: {"jsonrpc":"2.0","method":"eth_subscription","params":{"subscription":"0xbed0a0851463e895960a451075a301a9","result":"0xf51543f9fad04cba882e82d02e8f204fde59af811e516f5d25b28c0d0c5eea0f"}}
[2m2025-12-10T10:12:28.912271Z[0m [34mDEBUG[0m [2methereum_transaction_pool_monitor::eth_client[0m[2m:[0m 📨 Received pending transaction: 0xf51543f9fad04cba882e82d02e8f204fde59af811e516f5d25b28c0d0c5eea0f
[2m2025-12-10T10:12:28.912282Z[0m [34mDEBUG[0m [2mhyper::proto::h1::io[0m[2m:[0m parsed 4 headers
[2m2025-12-10T10:12:28.912287Z[0m [34mDEBUG[0m [2mhyper::proto::h1::conn[0m[2m:[0m incoming body is content-length (45 bytes)
[2m2025-12-10T10:12:28.912326Z[0m [34mDEBUG[0m [2mhyper::proto::h1::conn[0m[2m:[0m incoming body completed
[2m2025-12-10T10:12:28.912336Z[0m [34mDEBUG[0m [2mhyper::client::pool[0m[2m:[0m pooling idle connection for ("http", 192.168.0.14:8545)
[2m2025-12-10T10:12:28.912353Z[0m [34mDEBUG[0m [2mhyper::client::pool[0m[2m:[0m reuse idle connection for ("http", 192.168.0.14:8545)
[2m2025-12-10T10:12:28.912366Z[0m [34mDEBUG[0m [2mhyper::proto::h1::io[0m[2m:[0m flushed 172 bytes
[2m2025-12-10T10:12:28.917201Z[0m [34mDEBUG[0m [2mhyper::proto::h1::io[0m[2m:[0m parsed 4 headers
[2m2025-12-10T10:12:28.917222Z[0m [34mDEBUG[0m [2mhyper::proto::h1::conn[0m[2m:[0m incoming body is content-length (45 bytes)
[2m2025-12-10T10:12:28.917230Z[0m [34mDEBUG[0m [2mhyper::proto::h1::conn[0m[2m:[0m incoming body completed
[2m2025-12-10T10:12:28.917240Z[0m [34mDEBUG[0m [2mhyper::client::pool[0m[2m:[0m pooling idle connection for ("http", 192.168.0.14:8545)
[2m2025-12-10T10:12:28.917262Z[0m [34mDEBUG[0m [2mhyper::client::pool[0m[2m:[0m reuse idle connection for ("http", 192.168.0.14:8545)
[2m2025-12-10T10:12:28.917294Z[0m [34mDEBUG[0m [2mhyper::proto::h1::io[0m[2m:[0m flushed 172 bytes
[2m2025-12-10T10:12:28.924847Z[0m [34mDEBUG[0m [2mhyper::proto::h1::io[0m[2m:[0m parsed 4 headers
[2m2025-12-10T10:12:28.924924Z[0m [34mDEBUG[0m [2mhyper::proto::h1::conn[0m[2m:[0m incoming body is content-length (1164 bytes)
[2m2025-12-10T10:12:28.924937Z[0m [34mDEBUG[0m [2mhyper::proto::h1::conn[0m[2m:[0m incoming body completed
[2m2025-12-10T10:12:28.924950Z[0m [34mDEBUG[0m [2mhyper::client::pool[0m[2m:[0m pooling idle connection for ("http", 192.168.0.14:8545)
[2m2025-12-10T10:12:28.924960Z[0m [34mDEBUG[0m [2methereum_transaction_pool_monitor::eth_client[0m[2m:[0m 📡 Transaction fetch RPC completed in 12.779458ms
[2m2025-12-10T10:12:29.001457Z[0m [34mDEBUG[0m [2methereum_transaction_pool_monitor::eth_client[0m[2m:[0m ✅ Transaction 0xf45443b4894285b699a7d9ca7ac957f80b05dc6ddc3092e54be4c110cb4fc7a8 fetched and parsed in 89.274292ms
[2m2025-12-10T10:12:29.001481Z[0m [34mDEBUG[0m [2methereum_transaction_pool_monitor::mempool_monitor[0m[2m:[0m 🔍 Skipping tx 0xf45443b4894285b699a7d9ca7ac957f80b05dc6ddc3092e54be4c110cb4fc7a8 - not a DEX interaction (target: 0x0000000067A38aB30Ba8Db9EebF5722C50d8EFC0)
[2m2025-12-10T10:12:29.001491Z[0m [34mDEBUG[0m [2methereum_transaction_pool_monitor::mempool_monitor[0m[2m:[0m 📨 Processing new pending transaction: 0xff0ba0ad23318d2f1232eb1b69087f55cc6a8be47b02eacab1e83740ab8c4b46
[2m2025-12-10T10:12:29.001499Z[0m [34mDEBUG[0m [2methereum_transaction_pool_monitor::mempool_monitor[0m[2m:[0m 🔍 Fetching transaction details for: 0xff0ba0ad23318d2f1232eb1b69087f55cc6a8be47b02eacab1e83740ab8c4b46
[2m2025-12-10T10:12:29.001505Z[0m [34mDEBUG[0m [2methereum_transaction_pool_monitor::eth_client[0m[2m:[0m 🔍 Fetching transaction details for hash: 0xff0ba0ad23318d2f1232eb1b69087f55cc6a8be47b02eacab1e83740ab8c4b46
[2m2025-12-10T10:12:29.001522Z[0m [34mDEBUG[0m [2mhyper::client::pool[0m[2m:[0m reuse idle connection for ("http", 192.168.0.14:8545)
[2m2025-12-10T10:12:29.001568Z[0m [34mDEBUG[0m [2mhyper::proto::h1::io[0m[2m:[0m flushed 250 bytes
[2m2025-12-10T10:12:29.001592Z[0m [34mDEBUG[0m [2methereum_transaction_pool_monitor::eth_client[0m[2m:[0m 📨 Received WebSocket message: {"jsonrpc":"2.0","method":"eth_subscription","params":{"subscription":"0xbed0a0851463e895960a451075a301a9","result":"0xb78fb006e78f4bfa6b80b407057d405d3a2688f14584c868dc653dd41792cfdb"}}
[2m2025-12-10T10:12:29.001600Z[0m [34mDEBUG[0m [2methereum_transaction_pool_monitor::eth_client[0m[2m:[0m 📨 Received pending transaction: 0xb78fb006e78f4bfa6b80b407057d405d3a2688f14584c868dc653dd41792cfdb
[2m2025-12-10T10:12:29.001634Z[0m [34mDEBUG[0m [2mhyper::proto::h1::io[0m[2m:[0m parsed 4 headers
[2m2025-12-10T10:12:29.001641Z[0m [34mDEBUG[0m [2mhyper::proto::h1::conn[0m[2m:[0m incoming body is content-length (45 bytes)
[2m2025-12-10T10:12:29.001648Z[0m [34mDEBUG[0m [2mhyper::proto::h1::conn[0m[2m:[0m incoming body completed
[2m2025-12-10T10:12:29.001656Z[0m [34mDEBUG[0m [2mhyper::client::pool[0m[2m:[0m pooling idle connection for ("http", 192.168.0.14:8545)
[2m2025-12-10T10:12:29.001671Z[0m [34mDEBUG[0m [2mhyper::client::pool[0m[2m:[0m reuse idle connection for ("http", 192.168.0.14:8545)
[2m2025-12-10T10:12:29.001686Z[0m [34mDEBUG[0m [2mhyper::proto::h1::io[0m[2m:[0m flushed 172 bytes
[2m2025-12-10T10:12:29.008702Z[0m [34mDEBUG[0m [2methereum_transaction_pool_monitor::eth_client[0m[2m:[0m 📨 Received WebSocket message: {"jsonrpc":"2.0","method":"eth_subscription","params":{"subscription":"0xbed0a0851463e895960a451075a301a9","result":"0x9e6c94c7760b9f0055710f81adfe1837237218d39e166587a271ca0c6919b8b0"}}
[2m2025-12-10T10:12:29.008730Z[0m [34mDEBUG[0m [2methereum_transaction_pool_monitor::eth_client[0m[2m:[0m 📨 Received pending transaction: 0x9e6c94c7760b9f0055710f81adfe1837237218d39e166587a271ca0c6919b8b0
[2m2025-12-10T10:12:29.010726Z[0m [34mDEBUG[0m [2mhyper::proto::h1::io[0m[2m:[0m parsed 4 headers
[2m2025-12-10T10:12:29.010739Z[0m [34mDEBUG[0m [2mhyper::proto::h1::conn[0m[2m:[0m incoming body is content-length (771 bytes)
[2m2025-12-10T10:12:29.010750Z[0m [34mDEBUG[0m [2mhyper::proto::h1::conn[0m[2m:[0m incoming body completed
[2m2025-12-10T10:12:29.010765Z[0m [34mDEBUG[0m [2mhyper::client::pool[0m[2m:[0m pooling idle connection for ("http", 192.168.0.14:8545)
[2m2025-12-10T10:12:29.010775Z[0m [34mDEBUG[0m [2methereum_transaction_pool_monitor::eth_client[0m[2m:[0m 📡 Transaction fetch RPC completed in 9.26525ms
[2m2025-12-10T10:12:29.082971Z[0m [34mDEBUG[0m [2methereum_transaction_pool_monitor::eth_client[0m[2m:[0m ✅ Transaction 0xff0ba0ad23318d2f1232eb1b69087f55cc6a8be47b02eacab1e83740ab8c4b46 fetched and parsed in 81.457916ms
[2m2025-12-10T10:12:29.082999Z[0m [34mDEBUG[0m [2methereum_transaction_pool_monitor::mempool_monitor[0m[2m:[0m 🔍 Skipping tx 0xff0ba0ad23318d2f1232eb1b69087f55cc6a8be47b02eacab1e83740ab8c4b46 - not a DEX interaction (target: 0xB8f28C60dD8240141185a192fa4156A23E189305)
[2m2025-12-10T10:12:29.083012Z[0m [34mDEBUG[0m [2methereum_transaction_pool_monitor::mempool_monitor[0m[2m:[0m 📨 Processing new pending transaction: 0x8f52c97616846b70c900c4a778b19371c2962c4c8a882c095e5e1a60dcdef0ef
[2m2025-12-10T10:12:29.083019Z[0m [34mDEBUG[0m [2methereum_transaction_pool_monitor::mempool_monitor[0m[2m:[0m 🔍 Fetching transaction details for: 0x8f52c97616846b70c900c4a778b19371c2962c4c8a882c095e5e1a60dcdef0ef
[2m2025-12-10T10:12:29.083025Z[0m [34mDEBUG[0m [2methereum_transaction_pool_monitor::eth_client[0m[2m:[0m 🔍 Fetching transaction details for hash: 0x8f52c97616846b70c900c4a778b19371c2962c4c8a882c095e5e1a60dcdef0ef
[2m2025-12-10T10:12:29.083047Z[0m [34mDEBUG[0m [2mhyper::client::pool[0m[2m:[0m reuse idle connection for ("http", 192.168.0.14:8545)
[2m2025-12-10T10:12:29.083089Z[0m [34mDEBUG[0m [2mhyper::proto::h1::io[0m[2m:[0m flushed 250 bytes
[2m2025-12-10T10:12:29.083113Z[0m [34mDEBUG[0m [2methereum_transaction_pool_monitor::eth_client[0m[2m:[0m 📨 Received WebSocket message: {"jsonrpc":"2.0","method":"eth_subscription","params":{"subscription":"0xbed0a0851463e895960a451075a301a9","result":"0x5aeff421d2ec847592103a82244b929d85cf2bdd3c28efb35a64dd6d9ff1217b"}}
[2m2025-12-10T10:12:29.083115Z[0m [34mDEBUG[0m [2mhyper::proto::h1::io[0m[2m:[0m parsed 4 headers
[2m2025-12-10T10:12:29.083123Z[0m [34mDEBUG[0m [2methereum_transaction_pool_monitor::eth_client[0m[2m:[0m 📨 Received pending transaction: 0x5aeff421d2ec847592103a82244b929d85cf2bdd3c28efb35a64dd6d9ff1217b
[2m2025-12-10T10:12:29.083130Z[0m [34mDEBUG[0m [2mhyper::proto::h1::conn[0m[2m:[0m incoming body is content-length (45 bytes)
[2m2025-12-10T10:12:29.083144Z[0m [34mDEBUG[0m [2mhyper::proto::h1::conn[0m[2m:[0m incoming body completed
[2m2025-12-10T10:12:29.083152Z[0m [34mDEBUG[0m [2mhyper::client::pool[0m[2m:[0m pooling idle connection for ("http", 192.168.0.14:8545)
[2m2025-12-10T10:12:29.091344Z[0m [34mDEBUG[0m [2mhyper::proto::h1::io[0m[2m:[0m parsed 4 headers
[2m2025-12-10T10:12:29.091364Z[0m [34mDEBUG[0m [2mhyper::proto::h1::conn[0m[2m:[0m incoming body is content-length (771 bytes)
[2m2025-12-10T10:12:29.091371Z[0m [34mDEBUG[0m [2mhyper::proto::h1::conn[0m[2m:[0m incoming body completed
[2m2025-12-10T10:12:29.091379Z[0m [34mDEBUG[0m [2mhyper::client::pool[0m[2m:[0m pooling idle connection for ("http", 192.168.0.14:8545)
[2m2025-12-10T10:12:29.091385Z[0m [34mDEBUG[0m [2methereum_transaction_pool_monitor::eth_client[0m[2m:[0m 📡 Transaction fetch RPC completed in 8.355834ms
[2m2025-12-10T10:12:29.163932Z[0m [34mDEBUG[0m [2methereum_transaction_pool_monitor::eth_client[0m[2m:[0m ✅ Transaction 0x8f52c97616846b70c900c4a778b19371c2962c4c8a882c095e5e1a60dcdef0ef fetched and parsed in 80.900042ms
[2m2025-12-10T10:12:29.163958Z[0m [34mDEBUG[0m [2methereum_transaction_pool_monitor::mempool_monitor[0m[2m:[0m 🔍 Skipping tx 0x8f52c97616846b70c900c4a778b19371c2962c4c8a882c095e5e1a60dcdef0ef - not a DEX interaction (target: 0xB8f28C60dD8240141185a192fa4156A23E189305)
[2m2025-12-10T10:12:29.163972Z[0m [34mDEBUG[0m [2methereum_transaction_pool_monitor::mempool_monitor[0m[2m:[0m 📨 Processing new pending transaction: 0x18294a0fe3d5fc4f0c907b6b7a515e8684960cc4ab1745cb27d73ceb2d73679f
[2m2025-12-10T10:12:29.163979Z[0m [34mDEBUG[0m [2methereum_transaction_pool_monitor::mempool_monitor[0m[2m:[0m 🔍 Fetching transaction details for: 0x18294a0fe3d5fc4f0c907b6b7a515e8684960cc4ab1745cb27d73ceb2d73679f
[2m2025-12-10T10:12:29.163984Z[0m [34mDEBUG[0m [2methereum_transaction_pool_monitor::eth_client[0m[2m:[0m 🔍 Fetching transaction details for hash: 0x18294a0fe3d5fc4f0c907b6b7a515e8684960cc4ab1745cb27d73ceb2d73679f
[2m2025-12-10T10:12:29.164004Z[0m [34mDEBUG[0m [2mhyper::client::pool[0m[2m:[0m reuse idle connection for ("http", 192.168.0.14:8545)
[2m2025-12-10T10:12:29.164034Z[0m [34mDEBUG[0m [2mhyper::proto::h1::io[0m[2m:[0m flushed 250 bytes
[2m2025-12-10T10:12:29.164055Z[0m [34mDEBUG[0m [2mhyper::client::pool[0m[2m:[0m reuse idle connection for ("http", 192.168.0.14:8545)
[2m2025-12-10T10:12:29.164069Z[0m [34mDEBUG[0m [2mhyper::proto::h1::io[0m[2m:[0m flushed 172 bytes
[2m2025-12-10T10:12:29.164068Z[0m [34mDEBUG[0m [2methereum_transaction_pool_monitor::eth_client[0m[2m:[0m 📨 Received WebSocket message: {"jsonrpc":"2.0","method":"eth_subscription","params":{"subscription":"0xbed0a0851463e895960a451075a301a9","result":"0x77a05ae85fa26a9bd416a17086ecaaf6a768de45d30a249b7a73e14cceeb8d2c"}}
[2m2025-12-10T10:12:29.164309Z[0m [34mDEBUG[0m [2methereum_transaction_pool_monitor::eth_client[0m[2m:[0m 📨 Received pending transaction: 0x77a05ae85fa26a9bd416a17086ecaaf6a768de45d30a249b7a73e14cceeb8d2c
[2m2025-12-10T10:12:29.164316Z[0m [34mDEBUG[0m [2methereum_transaction_pool_monitor::eth_client[0m[2m:[0m 📨 Received WebSocket message: {"jsonrpc":"2.0","method":"eth_subscription","params":{"subscription":"0xbed0a0851463e895960a451075a301a9","result":"0x28fd998f0b0ff75baabbb59bb807d53e1eb44f0b33a7ee1f678944e7c6551625"}}
[2m2025-12-10T10:12:29.164324Z[0m [34mDEBUG[0m [2methereum_transaction_pool_monitor::eth_client[0m[2m:[0m 📨 Received pending transaction: 0x28fd998f0b0ff75baabbb59bb807d53e1eb44f0b33a7ee1f678944e7c6551625
[2m2025-12-10T10:12:29.170923Z[0m [34mDEBUG[0m [2mhyper::proto::h1::io[0m[2m:[0m parsed 4 headers
[2m2025-12-10T10:12:29.170930Z[0m [34mDEBUG[0m [2mhyper::proto::h1::conn[0m[2m:[0m incoming body is content-length (648 bytes)
[2m2025-12-10T10:12:29.170939Z[0m [34mDEBUG[0m [2mhyper::proto::h1::conn[0m[2m:[0m incoming body completed
[2m2025-12-10T10:12:29.170948Z[0m [34mDEBUG[0m [2mhyper::client::pool[0m[2m:[0m pooling idle connection for ("http", 192.168.0.14:8545)
[2m2025-12-10T10:12:29.170955Z[0m [34mDEBUG[0m [2methereum_transaction_pool_monitor::eth_client[0m[2m:[0m 📡 Transaction fetch RPC completed in 6.966084ms
[2m2025-12-10T10:12:29.242413Z[0m [34mDEBUG[0m [2methereum_transaction_pool_monitor::eth_client[0m[2m:[0m ✅ Transaction 0x18294a0fe3d5fc4f0c907b6b7a515e8684960cc4ab1745cb27d73ceb2d73679f fetched and parsed in 78.421667ms
[2m2025-12-10T10:12:29.242444Z[0m [34mDEBUG[0m [2methereum_transaction_pool_monitor::mempool_monitor[0m[2m:[0m 🔍 Skipping tx 0x18294a0fe3d5fc4f0c907b6b7a515e8684960cc4ab1745cb27d73ceb2d73679f - not a DEX interaction (target: 0xD73113B56C0F2de7681bA0Cb09D5Cd1A14376b3e)
[2m2025-12-10T10:12:29.242456Z[0m [34mDEBUG[0m [2methereum_transaction_pool_monitor::mempool_monitor[0m[2m:[0m 📨 Processing new pending transaction: 0xf51543f9fad04cba882e82d02e8f204fde59af811e516f5d25b28c0d0c5eea0f
[2m2025-12-10T10:12:29.242466Z[0m [34mDEBUG[0m [2methereum_transaction_pool_monitor::mempool_monitor[0m[2m:[0m 🔍 Fetching transaction details for: 0xf51543f9fad04cba882e82d02e8f204fde59af811e516f5d25b28c0d0c5eea0f
[2m2025-12-10T10:12:29.242478Z[0m [34mDEBUG[0m [2methereum_transaction_pool_monitor::eth_client[0m[2m:[0m 🔍 Fetching transaction details for hash: 0xf51543f9fad04cba882e82d02e8f204fde59af811e516f5d25b28c0d0c5eea0f
[2m2025-12-10T10:12:29.242498Z[0m [34mDEBUG[0m [2mhyper::client::pool[0m[2m:[0m reuse idle connection for ("http", 192.168.0.14:8545)
[2m2025-12-10T10:12:29.242546Z[0m [34mDEBUG[0m [2mhyper::proto::h1::io[0m[2m:[0m flushed 250 bytes
[2m2025-12-10T10:12:29.242563Z[0m [34mDEBUG[0m [2mhyper::proto::h1::io[0m[2m:[0m parsed 4 headers
[2m2025-12-10T10:12:29.242568Z[0m [34mDEBUG[0m [2mhyper::proto::h1::conn[0m[2m:[0m incoming body is content-length (45 bytes)
[2m2025-12-10T10:12:29.242577Z[0m [34mDEBUG[0m [2mhyper::proto::h1::conn[0m[2m:[0m incoming body completed
[2m2025-12-10T10:12:29.242586Z[0m [34mDEBUG[0m [2mhyper::client::pool[0m[2m:[0m pooling idle connection for ("http", 192.168.0.14:8545)
[2m2025-12-10T10:12:29.242601Z[0m [34mDEBUG[0m [2mhyper::client::pool[0m[2m:[0m reuse idle connection for ("http", 192.168.0.14:8545)
[2m2025-12-10T10:12:29.242617Z[0m [34mDEBUG[0m [2mhyper::proto::h1::io[0m[2m:[0m flushed 172 bytes
[2m2025-12-10T10:12:29.247999Z[0m [34mDEBUG[0m [2mhyper::proto::h1::io[0m[2m:[0m parsed 4 headers
[2m2025-12-10T10:12:29.248011Z[0m [34mDEBUG[0m [2mhyper::proto::h1::conn[0m[2m:[0m incoming body is content-length (771 bytes)
[2m2025-12-10T10:12:29.248019Z[0m [34mDEBUG[0m [2mhyper::proto::h1::conn[0m[2m:[0m incoming body completed
[2m2025-12-10T10:12:29.248030Z[0m [34mDEBUG[0m [2mhyper::client::pool[0m[2m:[0m pooling idle connection for ("http", 192.168.0.14:8545)
[2m2025-12-10T10:12:29.248037Z[0m [34mDEBUG[0m [2methereum_transaction_pool_monitor::eth_client[0m[2m:[0m 📡 Transaction fetch RPC completed in 5.552167ms
[2m2025-12-10T10:12:29.318659Z[0m [34mDEBUG[0m [2methereum_transaction_pool_monitor::eth_client[0m[2m:[0m ✅ Transaction 0xf51543f9fad04cba882e82d02e8f204fde59af811e516f5d25b28c0d0c5eea0f fetched and parsed in 76.17125ms
[2m2025-12-10T10:12:29.318686Z[0m [34mDEBUG[0m [2methereum_transaction_pool_monitor::mempool_monitor[0m[2m:[0m 🔍 Skipping tx 0xf51543f9fad04cba882e82d02e8f204fde59af811e516f5d25b28c0d0c5eea0f - not a DEX interaction (target: 0xB8f28C60dD8240141185a192fa4156A23E189305)
[2m2025-12-10T10:12:29.318697Z[0m [34mDEBUG[0m [2methereum_transaction_pool_monitor::mempool_monitor[0m[2m:[0m 📨 Processing new pending transaction: 0xb78fb006e78f4bfa6b80b407057d405d3a2688f14584c868dc653dd41792cfdb
[2m2025-12-10T10:12:29.318704Z[0m [34mDEBUG[0m [2methereum_transaction_pool_monitor::mempool_monitor[0m[2m:[0m 🔍 Fetching transaction details for: 0xb78fb006e78f4bfa6b80b407057d405d3a2688f14584c868dc653dd41792cfdb
[2m2025-12-10T10:12:29.318710Z[0m [34mDEBUG[0m [2methereum_transaction_pool_monitor::eth_client[0m[2m:[0m 🔍 Fetching transaction details for hash: 0xb78fb006e78f4bfa6b80b407057d405d3a2688f14584c868dc653dd41792cfdb
[2m2025-12-10T10:12:29.318728Z[0m [34mDEBUG[0m [2mhyper::client::pool[0m[2m:[0m reuse idle connection for ("http", 192.168.0.14:8545)
[2m2025-12-10T10:12:29.318771Z[0m [34mDEBUG[0m [2mhyper::proto::h1::io[0m[2m:[0m flushed 250 bytes
[2m2025-12-10T10:12:29.318788Z[0m [34mDEBUG[0m [2mhyper::proto::h1::io[0m[2m:[0m parsed 4 headers
[2m2025-12-10T10:12:29.318793Z[0m [34mDEBUG[0m [2mhyper::proto::h1::conn[0m[2m:[0m incoming body is content-length (45 bytes)
[2m2025-12-10T10:12:29.318800Z[0m [34mDEBUG[0m [2mhyper::proto::h1::conn[0m[2m:[0m incoming body completed
[2m2025-12-10T10:12:29.318811Z[0m [34mDEBUG[0m [2mhyper::client::pool[0m[2m:[0m pooling idle connection for ("http", 192.168.0.14:8545)
[2m2025-12-10T10:12:29.318827Z[0m [34mDEBUG[0m [2mhyper::client::pool[0m[2m:[0m reuse idle connection for ("http", 192.168.0.14:8545)
[2m2025-12-10T10:12:29.318842Z[0m [34mDEBUG[0m [2mhyper::proto::h1::io[0m[2m:[0m flushed 172 bytes
[2m2025-12-10T10:12:29.327660Z[0m [34mDEBUG[0m [2mhyper::proto::h1::io[0m[2m:[0m parsed 4 headers
[2m2025-12-10T10:12:29.327694Z[0m [34mDEBUG[0m [2mhyper::proto::h1::conn[0m[2m:[0m incoming body is content-length (3844 bytes)
[2m2025-12-10T10:12:29.327703Z[0m [34mDEBUG[0m [2mhyper::proto::h1::conn[0m[2m:[0m incoming body completed
[2m2025-12-10T10:12:29.327714Z[0m [34mDEBUG[0m [2mhyper::client::pool[0m[2m:[0m pooling idle connection for ("http", 192.168.0.14:8545)
[2m2025-12-10T10:12:29.327721Z[0m [34mDEBUG[0m [2methereum_transaction_pool_monitor::eth_client[0m[2m:[0m 📡 Transaction fetch RPC completed in 9.007334ms
[2m2025-12-10T10:12:29.395865Z[0m [34mDEBUG[0m [2methereum_transaction_pool_monitor::eth_client[0m[2m:[0m ✅ Transaction 0xb78fb006e78f4bfa6b80b407057d405d3a2688f14584c868dc653dd41792cfdb fetched and parsed in 77.149ms
[2m2025-12-10T10:12:29.395885Z[0m [34mDEBUG[0m [2methereum_transaction_pool_monitor::mempool_monitor[0m[2m:[0m 🔍 Skipping tx 0xb78fb006e78f4bfa6b80b407057d405d3a2688f14584c868dc653dd41792cfdb - not a DEX interaction (target: 0x5E1f62Dac767b0491e3CE72469C217365D5B48cC)
[2m2025-12-10T10:12:29.395894Z[0m [34mDEBUG[0m [2methereum_transaction_pool_monitor::mempool_monitor[0m[2m:[0m 📨 Processing new pending transaction: 0x9e6c94c7760b9f0055710f81adfe1837237218d39e166587a271ca0c6919b8b0
[2m2025-12-10T10:12:29.395899Z[0m [34mDEBUG[0m [2methereum_transaction_pool_monitor::mempool_monitor[0m[2m:[0m 🔍 Fetching transaction details for: 0x9e6c94c7760b9f0055710f81adfe1837237218d39e166587a271ca0c6919b8b0
[2m2025-12-10T10:12:29.395903Z[0m [34mDEBUG[0m [2methereum_transaction_pool_monitor::eth_client[0m[2m:[0m 🔍 Fetching transaction details for hash: 0x9e6c94c7760b9f0055710f81adfe1837237218d39e166587a271ca0c6919b8b0
[2m2025-12-10T10:12:29.395922Z[0m [34mDEBUG[0m [2mhyper::client::pool[0m[2m:[0m reuse idle connection for ("http", 192.168.0.14:8545)
[2m2025-12-10T10:12:29.395967Z[0m [34mDEBUG[0m [2mhyper::proto::h1::io[0m[2m:[0m flushed 250 bytes
[2m2025-12-10T10:12:29.396917Z[0m [34mDEBUG[0m [2mhyper::proto::h1::io[0m[2m:[0m parsed 4 headers
[2m2025-12-10T10:12:29.396918Z[0m [34mDEBUG[0m [2methereum_transaction_pool_monitor::eth_client[0m[2m:[0m 📨 Received WebSocket message: {"jsonrpc":"2.0","method":"eth_subscription","params":{"subscription":"0xbed0a0851463e895960a451075a301a9","result":"0xad5bfc77fa14401ad9ae9b42d3a43c789adc80b86e244ca91ea2ea26e81e0aeb"}}
[2m2025-12-10T10:12:29.396925Z[0m [34mDEBUG[0m [2mhyper::proto::h1::conn[0m[2m:[0m incoming body is content-length (45 bytes)
[2m2025-12-10T10:12:29.396935Z[0m [34mDEBUG[0m [2methereum_transaction_pool_monitor::eth_client[0m[2m:[0m 📨 Received pending transaction: 0xad5bfc77fa14401ad9ae9b42d3a43c789adc80b86e244ca91ea2ea26e81e0aeb
[2m2025-12-10T10:12:29.396942Z[0m [34mDEBUG[0m [2mhyper::proto::h1::conn[0m[2m:[0m incoming body completed
[2m2025-12-10T10:12:29.396953Z[0m [34mDEBUG[0m [2mhyper::client::pool[0m[2m:[0m pooling idle connection for ("http", 192.168.0.14:8545)
[2m2025-12-10T10:12:29.398232Z[0m [34mDEBUG[0m [2mhyper::client::pool[0m[2m:[0m reuse idle connection for ("http", 192.168.0.14:8545)
[2m2025-12-10T10:12:29.401913Z[0m [34mDEBUG[0m [2mhyper::proto::h1::io[0m[2m:[0m flushed 172 bytes
[2m2025-12-10T10:12:29.405291Z[0m [34mDEBUG[0m [2mhyper::proto::h1::io[0m[2m:[0m parsed 4 headers
[2m2025-12-10T10:12:29.405304Z[0m [34mDEBUG[0m [2mhyper::proto::h1::conn[0m[2m:[0m incoming body is content-length (710 bytes)
[2m2025-12-10T10:12:29.405313Z[0m [34mDEBUG[0m [2mhyper::proto::h1::conn[0m[2m:[0m incoming body completed
[2m2025-12-10T10:12:29.405323Z[0m [34mDEBUG[0m [2mhyper::client::pool[0m[2m:[0m pooling idle connection for ("http", 192.168.0.14:8545)
[2m2025-12-10T10:12:29.405329Z[0m [34mDEBUG[0m [2methereum_transaction_pool_monitor::eth_client[0m[2m:[0m 📡 Transaction fetch RPC completed in 9.42125ms
[2m2025-12-10T10:12:29.475414Z[0m [34mDEBUG[0m [2methereum_transaction_pool_monitor::eth_client[0m[2m:[0m ✅ Transaction 0x9e6c94c7760b9f0055710f81adfe1837237218d39e166587a271ca0c6919b8b0 fetched and parsed in 79.505166ms
[2m2025-12-10T10:12:29.475441Z[0m [34mDEBUG[0m [2methereum_transaction_pool_monitor::mempool_monitor[0m[2m:[0m 🔍 Skipping tx 0x9e6c94c7760b9f0055710f81adfe1837237218d39e166587a271ca0c6919b8b0 - not a DEX interaction (target: 0x966e280B422D46D93A5D7Db5b88b5Cca82ff6aAc)
[2m2025-12-10T10:12:29.475456Z[0m [34mDEBUG[0m [2methereum_transaction_pool_monitor::mempool_monitor[0m[2m:[0m 📨 Processing new pending transaction: 0x5aeff421d2ec847592103a82244b929d85cf2bdd3c28efb35a64dd6d9ff1217b
[2m2025-12-10T10:12:29.475463Z[0m [34mDEBUG[0m [2methereum_transaction_pool_monitor::mempool_monitor[0m[2m:[0m 🔍 Fetching transaction details for: 0x5aeff421d2ec847592103a82244b929d85cf2bdd3c28efb35a64dd6d9ff1217b
[2m2025-12-10T10:12:29.475471Z[0m [34mDEBUG[0m [2methereum_transaction_pool_monitor::eth_client[0m[2m:[0m 🔍 Fetching transaction details for hash: 0x5aeff421d2ec847592103a82244b929d85cf2bdd3c28efb35a64dd6d9ff1217b
[2m2025-12-10T10:12:29.475490Z[0m [34mDEBUG[0m [2mhyper::client::pool[0m[2m:[0m reuse idle connection for ("http", 192.168.0.14:8545)
[2m2025-12-10T10:12:29.475531Z[0m [34mDEBUG[0m [2mhyper::proto::h1::io[0m[2m:[0m flushed 250 bytes
[2m2025-12-10T10:12:29.475553Z[0m [34mDEBUG[0m [2methereum_transaction_pool_monitor::eth_client[0m[2m:[0m 📨 Received WebSocket message: {"jsonrpc":"2.0","method":"eth_subscription","params":{"subscription":"0xbed0a0851463e895960a451075a301a9","result":"0x74538bd63d16bb42f6060e95c5f4a2b30f068acee6fa0a4d8a25476fb12262ef"}}
[2m2025-12-10T10:12:29.475558Z[0m [34mDEBUG[0m [2mhyper::proto::h1::io[0m[2m:[0m parsed 4 headers
[2m2025-12-10T10:12:29.475563Z[0m [34mDEBUG[0m [2methereum_transaction_pool_monitor::eth_client[0m[2m:[0m 📨 Received pending transaction: 0x74538bd63d16bb42f6060e95c5f4a2b30f068acee6fa0a4d8a25476fb12262ef
[2m2025-12-10T10:12:29.475569Z[0m [34mDEBUG[0m [2mhyper::proto::h1::conn[0m[2m:[0m incoming body is content-length (45 bytes)
[2m2025-12-10T10:12:29.475580Z[0m [34mDEBUG[0m [2mhyper::proto::h1::conn[0m[2m:[0m incoming body completed
[2m2025-12-10T10:12:29.475588Z[0m [34mDEBUG[0m [2mhyper::client::pool[0m[2m:[0m pooling idle connection for ("http", 192.168.0.14:8545)
[2m2025-12-10T10:12:29.475944Z[0m [34mDEBUG[0m [2methereum_transaction_pool_monitor::eth_client[0m[2m:[0m 📨 Received WebSocket message: {"jsonrpc":"2.0","method":"eth_subscription","params":{"subscription":"0xbed0a0851463e895960a451075a301a9","result":"0x721994faae24167d24ad17337d1f8c2d66ac67655fda081fb7ea0ac770da0670"}}
[2m2025-12-10T10:12:29.475952Z[0m [34mDEBUG[0m [2methereum_transaction_pool_monitor::eth_client[0m[2m:[0m 📨 Received pending transaction: 0x721994faae24167d24ad17337d1f8c2d66ac67655fda081fb7ea0ac770da0670
[2m2025-12-10T10:12:29.479865Z[0m [34mDEBUG[0m [2mhyper::proto::h1::io[0m[2m:[0m parsed 4 headers
[2m2025-12-10T10:12:29.479872Z[0m [34mDEBUG[0m [2mhyper::proto::h1::conn[0m[2m:[0m incoming body is content-length (778 bytes)
[2m2025-12-10T10:12:29.479878Z[0m [34mDEBUG[0m [2mhyper::proto::h1::conn[0m[2m:[0m incoming body completed
[2m2025-12-10T10:12:29.479886Z[0m [34mDEBUG[0m [2mhyper::client::pool[0m[2m:[0m pooling idle connection for ("http", 192.168.0.14:8545)
[2m2025-12-10T10:12:29.479891Z[0m [34mDEBUG[0m [2methereum_transaction_pool_monitor::eth_client[0m[2m:[0m 📡 Transaction fetch RPC completed in 4.414458ms
[2m2025-12-10T10:12:29.548440Z[0m [34mDEBUG[0m [2methereum_transaction_pool_monitor::eth_client[0m[2m:[0m ✅ Transaction 0x5aeff421d2ec847592103a82244b929d85cf2bdd3c28efb35a64dd6d9ff1217b fetched and parsed in 72.961292ms
[2m2025-12-10T10:12:29.548469Z[0m [34mDEBUG[0m [2methereum_transaction_pool_monitor::mempool_monitor[0m[2m:[0m 🔍 Skipping tx 0x5aeff421d2ec847592103a82244b929d85cf2bdd3c28efb35a64dd6d9ff1217b - not a DEX interaction (target: 0x675B68AA4d9c2d3BB3F0397048e62E6B7192079c)
[2m2025-12-10T10:12:29.548479Z[0m [34mDEBUG[0m [2methereum_transaction_pool_monitor::mempool_monitor[0m[2m:[0m 📨 Processing new pending transaction: 0x77a05ae85fa26a9bd416a17086ecaaf6a768de45d30a249b7a73e14cceeb8d2c
[2m2025-12-10T10:12:29.548484Z[0m [34mDEBUG[0m [2methereum_transaction_pool_monitor::mempool_monitor[0m[2m:[0m 🔍 Fetching transaction details for: 0x77a05ae85fa26a9bd416a17086ecaaf6a768de45d30a249b7a73e14cceeb8d2c
[2m2025-12-10T10:12:29.548489Z[0m [34mDEBUG[0m [2methereum_transaction_pool_monitor::eth_client[0m[2m:[0m 🔍 Fetching transaction details for hash: 0x77a05ae85fa26a9bd416a17086ecaaf6a768de45d30a249b7a73e14cceeb8d2c
[2m2025-12-10T10:12:29.548509Z[0m [34mDEBUG[0m [2mhyper::client::pool[0m[2m:[0m reuse idle connection for ("http", 192.168.0.14:8545)
[2m2025-12-10T10:12:29.548561Z[0m [34mDEBUG[0m [2mhyper::proto::h1::io[0m[2m:[0m flushed 250 bytes
[2m2025-12-10T10:12:29.548591Z[0m [34mDEBUG[0m [2mhyper::client::pool[0m[2m:[0m reuse idle connection for ("http", 192.168.0.14:8545)
[2m2025-12-10T10:12:29.548608Z[0m [34mDEBUG[0m [2mhyper::proto::h1::io[0m[2m:[0m flushed 172 bytes
[2m2025-12-10T10:12:29.554093Z[0m [34mDEBUG[0m [2mhyper::proto::h1::io[0m[2m:[0m parsed 4 headers
[2m2025-12-10T10:12:29.554113Z[0m [34mDEBUG[0m [2mhyper::proto::h1::conn[0m[2m:[0m incoming body is content-length (771 bytes)
[2m2025-12-10T10:12:29.554122Z[0m [34mDEBUG[0m [2mhyper::proto::h1::conn[0m[2m:[0m incoming body completed
[2m2025-12-10T10:12:29.554830Z[0m [34mDEBUG[0m [2mhyper::client::pool[0m[2m:[0m pooling idle connection for ("http", 192.168.0.14:8545)
[2m2025-12-10T10:12:29.554842Z[0m [34mDEBUG[0m [2methereum_transaction_pool_monitor::eth_client[0m[2m:[0m 📡 Transaction fetch RPC completed in 6.348542ms
[2m2025-12-10T10:12:29.624060Z[0m [34mDEBUG[0m [2methereum_transaction_pool_monitor::eth_client[0m[2m:[0m ✅ Transaction 0x77a05ae85fa26a9bd416a17086ecaaf6a768de45d30a249b7a73e14cceeb8d2c fetched and parsed in 75.563542ms
[2m2025-12-10T10:12:29.624096Z[0m [34mDEBUG[0m [2methereum_transaction_pool_monitor::mempool_monitor[0m[2m:[0m 🔍 Skipping tx 0x77a05ae85fa26a9bd416a17086ecaaf6a768de45d30a249b7a73e14cceeb8d2c - not a DEX interaction (target: 0xA0b86991c6218b36c1d19D4a2e9Eb0cE3606eB48)
[2m2025-12-10T10:12:29.624111Z[0m [34mDEBUG[0m [2methereum_transaction_pool_monitor::mempool_monitor[0m[2m:[0m 📨 Processing new pending transaction: 0x28fd998f0b0ff75baabbb59bb807d53e1eb44f0b33a7ee1f678944e7c6551625
[2m2025-12-10T10:12:29.624118Z[0m [34mDEBUG[0m [2methereum_transaction_pool_monitor::mempool_monitor[0m[2m:[0m 🔍 Fetching transaction details for: 0x28fd998f0b0ff75baabbb59bb807d53e1eb44f0b33a7ee1f678944e7c6551625
[2m2025-12-10T10:12:29.624123Z[0m [34mDEBUG[0m [2methereum_transaction_pool_monitor::eth_client[0m[2m:[0m 🔍 Fetching transaction details for hash: 0x28fd998f0b0ff75baabbb59bb807d53e1eb44f0b33a7ee1f678944e7c6551625
[2m2025-12-10T10:12:29.624145Z[0m [34mDEBUG[0m [2mhyper::client::pool[0m[2m:[0m reuse idle connection for ("http", 192.168.0.14:8545)
[2m2025-12-10T10:12:29.624199Z[0m [34mDEBUG[0m [2mhyper::proto::h1::io[0m[2m:[0m flushed 250 bytes
[2m2025-12-10T10:12:29.624224Z[0m [34mDEBUG[0m [2methereum_transaction_pool_monitor::eth_client[0m[2m:[0m 📨 Received WebSocket message: {"jsonrpc":"2.0","method":"eth_subscription","params":{"subscription":"0xbed0a0851463e895960a451075a301a9","result":"0x6c1a47e66bfcb94ae99625aad0c0706cb6815d279026a4c2558079839f06c91b"}}
[2m2025-12-10T10:12:29.624228Z[0m [34mDEBUG[0m [2mhyper::proto::h1::io[0m[2m:[0m parsed 4 headers
[2m2025-12-10T10:12:29.624234Z[0m [34mDEBUG[0m [2methereum_transaction_pool_monitor::eth_client[0m[2m:[0m 📨 Received pending transaction: 0x6c1a47e66bfcb94ae99625aad0c0706cb6815d279026a4c2558079839f06c91b
[2m2025-12-10T10:12:29.624241Z[0m [34mDEBUG[0m [2mhyper::proto::h1::conn[0m[2m:[0m incoming body is content-length (45 bytes)
[2m2025-12-10T10:12:29.624249Z[0m [34mDEBUG[0m [2methereum_transaction_pool_monitor::eth_client[0m[2m:[0m 📨 Received WebSocket message: {"jsonrpc":"2.0","method":"eth_subscription","params":{"subscription":"0xbed0a0851463e895960a451075a301a9","result":"0xdf359ff3cbe65f0c3ae693d46b2b585fad01572a761ffa234d91024a678cc06d"}}
[2m2025-12-10T10:12:29.624258Z[0m [34mDEBUG[0m [2mhyper::proto::h1::conn[0m[2m:[0m incoming body completed
[2m2025-12-10T10:12:29.624266Z[0m [34mDEBUG[0m [2methereum_transaction_pool_monitor::eth_client[0m[2m:[0m 📨 Received pending transaction: 0xdf359ff3cbe65f0c3ae693d46b2b585fad01572a761ffa234d91024a678cc06d
[2m2025-12-10T10:12:29.624276Z[0m [34mDEBUG[0m [2mhyper::client::pool[0m[2m:[0m pooling idle connection for ("http", 192.168.0.14:8545)
[2m2025-12-10T10:12:29.624295Z[0m [34mDEBUG[0m [2mhyper::client::pool[0m[2m:[0m reuse idle connection for ("http", 192.168.0.14:8545)
[2m2025-12-10T10:12:29.624314Z[0m [34mDEBUG[0m [2mhyper::proto::h1::io[0m[2m:[0m flushed 172 bytes
[2m2025-12-10T10:12:29.628360Z[0m [34mDEBUG[0m [2mhyper::proto::h1::io[0m[2m:[0m parsed 4 headers
[2m2025-12-10T10:12:29.628367Z[0m [34mDEBUG[0m [2mhyper::proto::h1::conn[0m[2m:[0m incoming body is content-length (1100 bytes)
[2m2025-12-10T10:12:29.628373Z[0m [34mDEBUG[0m [2mhyper::proto::h1::conn[0m[2m:[0m incoming body completed
[2m2025-12-10T10:12:29.628380Z[0m [34mDEBUG[0m [2mhyper::client::pool[0m[2m:[0m pooling idle connection for ("http", 192.168.0.14:8545)
[2m2025-12-10T10:12:29.628385Z[0m [34mDEBUG[0m [2methereum_transaction_pool_monitor::eth_client[0m[2m:[0m 📡 Transaction fetch RPC completed in 4.255125ms
[2m2025-12-10T10:12:29.628400Z[0m [34mDEBUG[0m [2methereum_transaction_pool_monitor::eth_client[0m[2m:[0m DeFi transaction detected - Address: 0x7a250d5630b4cf539739df2c5dacb4c659f2488d, Type: DexRouter, Value: 0.0740 ETH, Gas: 0.35 Gwei
[2m2025-12-10T10:12:29.628412Z[0m [34mDEBUG[0m [2methereum_transaction_pool_monitor::eth_client[0m[2m:[0m ✅ Transaction 0x28fd998f0b0ff75baabbb59bb807d53e1eb44f0b33a7ee1f678944e7c6551625 fetched and parsed in 4.281417ms
[2m2025-12-10T10:12:29.628417Z[0m [34mDEBUG[0m [2methereum_transaction_pool_monitor::mempool_monitor[0m[2m:[0m 🔍 Skipping tx 0x28fd998f0b0ff75baabbb59bb807d53e1eb44f0b33a7ee1f678944e7c6551625 - not a DEX interaction (target: 0x7a250d5630B4cF539739dF2C5dAcb4c659F2488D)
[2m2025-12-10T10:12:29.628423Z[0m [34mDEBUG[0m [2methereum_transaction_pool_monitor::mempool_monitor[0m[2m:[0m 📨 Processing new pending transaction: 0xad5bfc77fa14401ad9ae9b42d3a43c789adc80b86e244ca91ea2ea26e81e0aeb
[2m2025-12-10T10:12:29.628427Z[0m [34mDEBUG[0m [2methereum_transaction_pool_monitor::mempool_monitor[0m[2m:[0m 🔍 Fetching transaction details for: 0xad5bfc77fa14401ad9ae9b42d3a43c789adc80b86e244ca91ea2ea26e81e0aeb
[2m2025-12-10T10:12:29.628430Z[0m [34mDEBUG[0m [2methereum_transaction_pool_monitor::eth_client[0m[2m:[0m 🔍 Fetching transaction details for hash: 0xad5bfc77fa14401ad9ae9b42d3a43c789adc80b86e244ca91ea2ea26e81e0aeb
[2m2025-12-10T10:12:29.628439Z[0m [34mDEBUG[0m [2mhyper::client::pool[0m[2m:[0m reuse idle connection for ("http", 192.168.0.14:8545)
[2m2025-12-10T10:12:29.628455Z[0m [34mDEBUG[0m [2mhyper::proto::h1::io[0m[2m:[0m flushed 250 bytes
[2m2025-12-10T10:12:29.630131Z[0m [34mDEBUG[0m [2mhyper::proto::h1::io[0m[2m:[0m parsed 4 headers
[2m2025-12-10T10:12:29.630136Z[0m [34mDEBUG[0m [2mhyper::proto::h1::conn[0m[2m:[0m incoming body is content-length (45 bytes)
[2m2025-12-10T10:12:29.630141Z[0m [34mDEBUG[0m [2mhyper::proto::h1::conn[0m[2m:[0m incoming body completed
[2m2025-12-10T10:12:29.630146Z[0m [34mDEBUG[0m [2mhyper::client::pool[0m[2m:[0m pooling idle connection for ("http", 192.168.0.14:8545)
[2m2025-12-10T10:12:29.633191Z[0m [34mDEBUG[0m [2mhyper::proto::h1::io[0m[2m:[0m parsed 4 headers
[2m2025-12-10T10:12:29.633202Z[0m [34mDEBUG[0m [2mhyper::proto::h1::conn[0m[2m:[0m incoming body is content-length (771 bytes)
[2m2025-12-10T10:12:29.633208Z[0m [34mDEBUG[0m [2mhyper::proto::h1::conn[0m[2m:[0m incoming body completed
[2m2025-12-10T10:12:29.633215Z[0m [34mDEBUG[0m [2mhyper::client::pool[0m[2m:[0m pooling idle connection for ("http", 192.168.0.14:8545)
[2m2025-12-10T10:12:29.633220Z[0m [34mDEBUG[0m [2methereum_transaction_pool_monitor::eth_client[0m[2m:[0m 📡 Transaction fetch RPC completed in 4.785708ms
[2m2025-12-10T10:12:29.701711Z[0m [34mDEBUG[0m [2methereum_transaction_pool_monitor::eth_client[0m[2m:[0m ✅ Transaction 0xad5bfc77fa14401ad9ae9b42d3a43c789adc80b86e244ca91ea2ea26e81e0aeb fetched and parsed in 73.275042ms
[2m2025-12-10T10:12:29.701742Z[0m [34mDEBUG[0m [2methereum_transaction_pool_monitor::mempool_monitor[0m[2m:[0m 🔍 Skipping tx 0xad5bfc77fa14401ad9ae9b42d3a43c789adc80b86e244ca91ea2ea26e81e0aeb - not a DEX interaction (target: 0xB8f28C60dD8240141185a192fa4156A23E189305)
[2m2025-12-10T10:12:29.701754Z[0m [34mDEBUG[0m [2methereum_transaction_pool_monitor::mempool_monitor[0m[2m:[0m 📨 Processing new pending transaction: 0x74538bd63d16bb42f6060e95c5f4a2b30f068acee6fa0a4d8a25476fb12262ef
[2m2025-12-10T10:12:29.701762Z[0m [34mDEBUG[0m [2methereum_transaction_pool_monitor::mempool_monitor[0m[2m:[0m 🔍 Fetching transaction details for: 0x74538bd63d16bb42f6060e95c5f4a2b30f068acee6fa0a4d8a25476fb12262ef
[2m2025-12-10T10:12:29.701769Z[0m [34mDEBUG[0m [2methereum_transaction_pool_monitor::eth_client[0m[2m:[0m 🔍 Fetching transaction details for hash: 0x74538bd63d16bb42f6060e95c5f4a2b30f068acee6fa0a4d8a25476fb12262ef
[2m2025-12-10T10:12:29.701788Z[0m [34mDEBUG[0m [2mhyper::client::pool[0m[2m:[0m reuse idle connection for ("http", 192.168.0.14:8545)
[2m2025-12-10T10:12:29.701840Z[0m [34mDEBUG[0m [2mhyper::proto::h1::io[0m[2m:[0m flushed 250 bytes
[2m2025-12-10T10:12:29.701867Z[0m [34mDEBUG[0m [2mhyper::client::pool[0m[2m:[0m reuse idle connection for ("http", 192.168.0.14:8545)
[2m2025-12-10T10:12:29.701882Z[0m [34mDEBUG[0m [2mhyper::proto::h1::io[0m[2m:[0m flushed 172 bytes
[2m2025-12-10T10:12:29.706645Z[0m [34mDEBUG[0m [2mhyper::proto::h1::io[0m[2m:[0m parsed 4 headers
[2m2025-12-10T10:12:29.706660Z[0m [34mDEBUG[0m [2mhyper::proto::h1::conn[0m[2m:[0m incoming body is content-length (45 bytes)
[2m2025-12-10T10:12:29.706668Z[0m [34mDEBUG[0m [2mhyper::proto::h1::conn[0m[2m:[0m incoming body completed
[2m2025-12-10T10:12:29.706677Z[0m [34mDEBUG[0m [2mhyper::client::pool[0m[2m:[0m pooling idle connection for ("http", 192.168.0.14:8545)
[2m2025-12-10T10:12:29.707022Z[0m [34mDEBUG[0m [2mhyper::proto::h1::io[0m[2m:[0m parsed 4 headers
[2m2025-12-10T10:12:29.707029Z[0m [34mDEBUG[0m [2mhyper::proto::h1::conn[0m[2m:[0m incoming body is content-length (836 bytes)
[2m2025-12-10T10:12:29.707034Z[0m [34mDEBUG[0m [2mhyper::proto::h1::conn[0m[2m:[0m incoming body completed
[2m2025-12-10T10:12:29.707041Z[0m [34mDEBUG[0m [2mhyper::client::pool[0m[2m:[0m pooling idle connection for ("http", 192.168.0.14:8545)
[2m2025-12-10T10:12:29.707046Z[0m [34mDEBUG[0m [2methereum_transaction_pool_monitor::eth_client[0m[2m:[0m 📡 Transaction fetch RPC completed in 5.272958ms
[2m2025-12-10T10:12:29.777739Z[0m [34mDEBUG[0m [2methereum_transaction_pool_monitor::eth_client[0m[2m:[0m ✅ Transaction 0x74538bd63d16bb42f6060e95c5f4a2b30f068acee6fa0a4d8a25476fb12262ef fetched and parsed in 75.963958ms
[2m2025-12-10T10:12:29.777767Z[0m [34mDEBUG[0m [2methereum_transaction_pool_monitor::mempool_monitor[0m[2m:[0m 🔍 Skipping tx 0x74538bd63d16bb42f6060e95c5f4a2b30f068acee6fa0a4d8a25476fb12262ef - not a DEX interaction (target: 0xA0b86991c6218b36c1d19D4a2e9Eb0cE3606eB48)
[2m2025-12-10T10:12:29.777776Z[0m [34mDEBUG[0m [2methereum_transaction_pool_monitor::mempool_monitor[0m[2m:[0m 📨 Processing new pending transaction: 0x721994faae24167d24ad17337d1f8c2d66ac67655fda081fb7ea0ac770da0670
[2m2025-12-10T10:12:29.777782Z[0m [34mDEBUG[0m [2methereum_transaction_pool_monitor::mempool_monitor[0m[2m:[0m 🔍 Fetching transaction details for: 0x721994faae24167d24ad17337d1f8c2d66ac67655fda081fb7ea0ac770da0670
[2m2025-12-10T10:12:29.777786Z[0m [34mDEBUG[0m [2methereum_transaction_pool_monitor::eth_client[0m[2m:[0m 🔍 Fetching transaction details for hash: 0x721994faae24167d24ad17337d1f8c2d66ac67655fda081fb7ea0ac770da0670
[2m2025-12-10T10:12:29.777804Z[0m [34mDEBUG[0m [2mhyper::client::pool[0m[2m:[0m reuse idle connection for ("http", 192.168.0.14:8545)
[2m2025-12-10T10:12:29.777855Z[0m [34mDEBUG[0m [2mhyper::proto::h1::io[0m[2m:[0m flushed 250 bytes
[2m2025-12-10T10:12:29.777889Z[0m [34mDEBUG[0m [2methereum_transaction_pool_monitor::eth_client[0m[2m:[0m 📨 Received WebSocket message: {"jsonrpc":"2.0","method":"eth_subscription","params":{"subscription":"0xbed0a0851463e895960a451075a301a9","result":"0xe49dcdf1865ecfbf2afa14eb92a320ee0ebad3f12ca76817e1549449e61aae3f"}}
[2m2025-12-10T10:12:29.777897Z[0m [34mDEBUG[0m [2methereum_transaction_pool_monitor::eth_client[0m[2m:[0m 📨 Received pending transaction: 0xe49dcdf1865ecfbf2afa14eb92a320ee0ebad3f12ca76817e1549449e61aae3f
[2m2025-12-10T10:12:29.787529Z[0m [34mDEBUG[0m [2mhyper::proto::h1::io[0m[2m:[0m parsed 4 headers
[2m2025-12-10T10:12:29.787539Z[0m [34mDEBUG[0m [2mhyper::proto::h1::conn[0m[2m:[0m incoming body is content-length (639 bytes)
[2m2025-12-10T10:12:29.787547Z[0m [34mDEBUG[0m [2mhyper::proto::h1::conn[0m[2m:[0m incoming body completed
[2m2025-12-10T10:12:29.787557Z[0m [34mDEBUG[0m [2mhyper::client::pool[0m[2m:[0m pooling idle connection for ("http", 192.168.0.14:8545)
[2m2025-12-10T10:12:29.787563Z[0m [34mDEBUG[0m [2methereum_transaction_pool_monitor::eth_client[0m[2m:[0m 📡 Transaction fetch RPC completed in 9.77325ms
[2m2025-12-10T10:12:29.858036Z[0m [34mDEBUG[0m [2methereum_transaction_pool_monitor::eth_client[0m[2m:[0m ✅ Transaction 0x721994faae24167d24ad17337d1f8c2d66ac67655fda081fb7ea0ac770da0670 fetched and parsed in 80.243ms
[2m2025-12-10T10:12:29.858065Z[0m [34mDEBUG[0m [2methereum_transaction_pool_monitor::mempool_monitor[0m[2m:[0m 🔍 Skipping tx 0x721994faae24167d24ad17337d1f8c2d66ac67655fda081fb7ea0ac770da0670 - not a DEX interaction (target: 0x87BE6Fa33DC5676755e3F9AF9ab1Fe832Ad1991C)
[2m2025-12-10T10:12:29.858077Z[0m [34mDEBUG[0m [2methereum_transaction_pool_monitor::mempool_monitor[0m[2m:[0m 📨 Processing new pending transaction: 0x6c1a47e66bfcb94ae99625aad0c0706cb6815d279026a4c2558079839f06c91b
[2m2025-12-10T10:12:29.858083Z[0m [34mDEBUG[0m [2methereum_transaction_pool_monitor::mempool_monitor[0m[2m:[0m 🔍 Fetching transaction details for: 0x6c1a47e66bfcb94ae99625aad0c0706cb6815d279026a4c2558079839f06c91b
[2m2025-12-10T10:12:29.858089Z[0m [34mDEBUG[0m [2methereum_transaction_pool_monitor::eth_client[0m[2m:[0m 🔍 Fetching transaction details for hash: 0x6c1a47e66bfcb94ae99625aad0c0706cb6815d279026a4c2558079839f06c91b
[2m2025-12-10T10:12:29.858110Z[0m [34mDEBUG[0m [2mhyper::client::pool[0m[2m:[0m reuse idle connection for ("http", 192.168.0.14:8545)
[2m2025-12-10T10:12:29.858160Z[0m [34mDEBUG[0m [2mhyper::proto::h1::io[0m[2m:[0m flushed 250 bytes
[2m2025-12-10T10:12:29.858188Z[0m [34mDEBUG[0m [2mhyper::client::pool[0m[2m:[0m reuse idle connection for ("http", 192.168.0.14:8545)
[2m2025-12-10T10:12:29.858202Z[0m [34mDEBUG[0m [2mhyper::proto::h1::io[0m[2m:[0m flushed 172 bytes
[2m2025-12-10T10:12:29.862765Z[0m [34mDEBUG[0m [2mhyper::proto::h1::io[0m[2m:[0m parsed 4 headers
[2m2025-12-10T10:12:29.862787Z[0m [34mDEBUG[0m [2mhyper::proto::h1::conn[0m[2m:[0m incoming body is content-length (45 bytes)
[2m2025-12-10T10:12:29.862810Z[0m [34mDEBUG[0m [2mhyper::proto::h1::conn[0m[2m:[0m incoming body completed
[2m2025-12-10T10:12:29.862821Z[0m [34mDEBUG[0m [2mhyper::client::pool[0m[2m:[0m pooling idle connection for ("http", 192.168.0.14:8545)
[2m2025-12-10T10:12:29.863309Z[0m [34mDEBUG[0m [2mhyper::proto::h1::io[0m[2m:[0m parsed 4 headers
[2m2025-12-10T10:12:29.863314Z[0m [34mDEBUG[0m [2mhyper::proto::h1::conn[0m[2m:[0m incoming body is content-length (773 bytes)
[2m2025-12-10T10:12:29.863319Z[0m [34mDEBUG[0m [2mhyper::proto::h1::conn[0m[2m:[0m incoming body completed
[2m2025-12-10T10:12:29.863326Z[0m [34mDEBUG[0m [2mhyper::client::pool[0m[2m:[0m pooling idle connection for ("http", 192.168.0.14:8545)
[2m2025-12-10T10:12:29.863331Z[0m [34mDEBUG[0m [2methereum_transaction_pool_monitor::eth_client[0m[2m:[0m 📡 Transaction fetch RPC completed in 5.235458ms
[2m2025-12-10T10:12:29.934301Z[0m [34mDEBUG[0m [2methereum_transaction_pool_monitor::eth_client[0m[2m:[0m ✅ Transaction 0x6c1a47e66bfcb94ae99625aad0c0706cb6815d279026a4c2558079839f06c91b fetched and parsed in 76.202541ms
[2m2025-12-10T10:12:29.934327Z[0m [34mDEBUG[0m [2methereum_transaction_pool_monitor::mempool_monitor[0m[2m:[0m 🔍 Skipping tx 0x6c1a47e66bfcb94ae99625aad0c0706cb6815d279026a4c2558079839f06c91b - not a DEX interaction (target: 0x3c23Cfdc3D4DDdb04FD8989D4f12cf288EFF87a5)
[2m2025-12-10T10:12:29.934344Z[0m [34mDEBUG[0m [2methereum_transaction_pool_monitor::mempool_monitor[0m[2m:[0m 📨 Processing new pending transaction: 0xdf359ff3cbe65f0c3ae693d46b2b585fad01572a761ffa234d91024a678cc06d
[2m2025-12-10T10:12:29.934352Z[0m [34mDEBUG[0m [2methereum_transaction_pool_monitor::mempool_monitor[0m[2m:[0m 🔍 Fetching transaction details for: 0xdf359ff3cbe65f0c3ae693d46b2b585fad01572a761ffa234d91024a678cc06d
[2m2025-12-10T10:12:29.934597Z[0m [34mDEBUG[0m [2methereum_transaction_pool_monitor::eth_client[0m[2m:[0m 🔍 Fetching transaction details for hash: 0xdf359ff3cbe65f0c3ae693d46b2b585fad01572a761ffa234d91024a678cc06d
[2m2025-12-10T10:12:29.934618Z[0m [34mDEBUG[0m [2mhyper::client::pool[0m[2m:[0m reuse idle connection for ("http", 192.168.0.14:8545)
[2m2025-12-10T10:12:29.934662Z[0m [34mDEBUG[0m [2mhyper::proto::h1::io[0m[2m:[0m flushed 250 bytes
[2m2025-12-10T10:12:29.934681Z[0m [34mDEBUG[0m [2mhyper::client::pool[0m[2m:[0m reuse idle connection for ("http", 192.168.0.14:8545)
[2m2025-12-10T10:12:29.934692Z[0m [34mDEBUG[0m [2methereum_transaction_pool_monitor::eth_client[0m[2m:[0m 📨 Received WebSocket message: {"jsonrpc":"2.0","method":"eth_subscription","params":{"subscription":"0xbed0a0851463e895960a451075a301a9","result":"0x7b9078e4b931179640c1c38063312da9e7cb03e94dbaf723c075c5e33bfd291a"}}
[2m2025-12-10T10:12:29.934694Z[0m [34mDEBUG[0m [2mhyper::proto::h1::io[0m[2m:[0m flushed 172 bytes
[2m2025-12-10T10:12:29.934705Z[0m [34mDEBUG[0m [2methereum_transaction_pool_monitor::eth_client[0m[2m:[0m 📨 Received pending transaction: 0x7b9078e4b931179640c1c38063312da9e7cb03e94dbaf723c075c5e33bfd291a
[2m2025-12-10T10:12:29.938730Z[0m [34mDEBUG[0m [2mhyper::proto::h1::io[0m[2m:[0m parsed 4 headers
[2m2025-12-10T10:12:29.938738Z[0m [34mDEBUG[0m [2mhyper::proto::h1::conn[0m[2m:[0m incoming body is content-length (45 bytes)
[2m2025-12-10T10:12:29.938748Z[0m [34mDEBUG[0m [2mhyper::proto::h1::conn[0m[2m:[0m incoming body completed
[2m2025-12-10T10:12:29.938760Z[0m [34mDEBUG[0m [2mhyper::client::pool[0m[2m:[0m pooling idle connection for ("http", 192.168.0.14:8545)
[2m2025-12-10T10:12:29.938782Z[0m [34mDEBUG[0m [2mhyper::proto::h1::io[0m[2m:[0m parsed 4 headers
[2m2025-12-10T10:12:29.938787Z[0m [34mDEBUG[0m [2mhyper::proto::h1::conn[0m[2m:[0m incoming body is content-length (637 bytes)
[2m2025-12-10T10:12:29.938792Z[0m [34mDEBUG[0m [2mhyper::proto::h1::conn[0m[2m:[0m incoming body completed
[2m2025-12-10T10:12:29.938797Z[0m [34mDEBUG[0m [2mhyper::client::pool[0m[2m:[0m pooling idle connection for ("http", 192.168.0.14:8545)
[2m2025-12-10T10:12:29.938801Z[0m [34mDEBUG[0m [2methereum_transaction_pool_monitor::eth_client[0m[2m:[0m 📡 Transaction fetch RPC completed in 4.195333ms
[2m2025-12-10T10:12:30.010623Z[0m [34mDEBUG[0m [2methereum_transaction_pool_monitor::eth_client[0m[2m:[0m ✅ Transaction 0xdf359ff3cbe65f0c3ae693d46b2b585fad01572a761ffa234d91024a678cc06d fetched and parsed in 76.015208ms
[2m2025-12-10T10:12:30.010650Z[0m [34mDEBUG[0m [2methereum_transaction_pool_monitor::mempool_monitor[0m[2m:[0m 🔍 Skipping tx 0xdf359ff3cbe65f0c3ae693d46b2b585fad01572a761ffa234d91024a678cc06d - not a DEX interaction (target: 0x78D21Aada674651324FE2660cC0E661CC4C89E3b)
[2m2025-12-10T10:12:30.010661Z[0m [34mDEBUG[0m [2methereum_transaction_pool_monitor::mempool_monitor[0m[2m:[0m 📨 Processing new pending transaction: 0xe49dcdf1865ecfbf2afa14eb92a320ee0ebad3f12ca76817e1549449e61aae3f
[2m2025-12-10T10:12:30.010667Z[0m [34mDEBUG[0m [2methereum_transaction_pool_monitor::mempool_monitor[0m[2m:[0m 🔍 Fetching transaction details for: 0xe49dcdf1865ecfbf2afa14eb92a320ee0ebad3f12ca76817e1549449e61aae3f
[2m2025-12-10T10:12:30.010674Z[0m [34mDEBUG[0m [2methereum_transaction_pool_monitor::eth_client[0m[2m:[0m 🔍 Fetching transaction details for hash: 0xe49dcdf1865ecfbf2afa14eb92a320ee0ebad3f12ca76817e1549449e61aae3f
[2m2025-12-10T10:12:30.010692Z[0m [34mDEBUG[0m [2mhyper::client::pool[0m[2m:[0m reuse idle connection for ("http", 192.168.0.14:8545)
[2m2025-12-10T10:12:30.010730Z[0m [34mDEBUG[0m [2mhyper::proto::h1::io[0m[2m:[0m flushed 250 bytes
[2m2025-12-10T10:12:30.010750Z[0m [34mDEBUG[0m [2mhyper::client::pool[0m[2m:[0m reuse idle connection for ("http", 192.168.0.14:8545)
[2m2025-12-10T10:12:30.010762Z[0m [34mDEBUG[0m [2methereum_transaction_pool_monitor::eth_client[0m[2m:[0m 📨 Received WebSocket message: {"jsonrpc":"2.0","method":"eth_subscription","params":{"subscription":"0xbed0a0851463e895960a451075a301a9","result":"0xcf22231e7a80cfb0a81ead98751a954ed0e3aa15cc9c2fa1045e5ad540184f56"}}
[2m2025-12-10T10:12:30.010764Z[0m [34mDEBUG[0m [2mhyper::proto::h1::io[0m[2m:[0m flushed 172 bytes
[2m2025-12-10T10:12:30.010775Z[0m [34mDEBUG[0m [2methereum_transaction_pool_monitor::eth_client[0m[2m:[0m 📨 Received pending transaction: 0xcf22231e7a80cfb0a81ead98751a954ed0e3aa15cc9c2fa1045e5ad540184f56
[2m2025-12-10T10:12:30.010785Z[0m [34mDEBUG[0m [2methereum_transaction_pool_monitor::eth_client[0m[2m:[0m 📨 Received WebSocket message: {"jsonrpc":"2.0","method":"eth_subscription","params":{"subscription":"0xbed0a0851463e895960a451075a301a9","result":"0x8732d0704057870969c22102f0ea312b4ee6e39ac5016282cff17778ca1ed0c5"}}
[2m2025-12-10T10:12:30.010792Z[0m [34mDEBUG[0m [2methereum_transaction_pool_monitor::eth_client[0m[2m:[0m 📨 Received pending transaction: 0x8732d0704057870969c22102f0ea312b4ee6e39ac5016282cff17778ca1ed0c5
[2m2025-12-10T10:12:30.016991Z[0m [34mDEBUG[0m [2mhyper::proto::h1::io[0m[2m:[0m parsed 4 headers
[2m2025-12-10T10:12:30.016996Z[0m [34mDEBUG[0m [2mhyper::proto::h1::conn[0m[2m:[0m incoming body is content-length (45 bytes)
[2m2025-12-10T10:12:30.017004Z[0m [34mDEBUG[0m [2mhyper::proto::h1::conn[0m[2m:[0m incoming body completed
[2m2025-12-10T10:12:30.017013Z[0m [34mDEBUG[0m [2mhyper::client::pool[0m[2m:[0m pooling idle connection for ("http", 192.168.0.14:8545)
[2m2025-12-10T10:12:30.017037Z[0m [34mDEBUG[0m [2mhyper::proto::h1::io[0m[2m:[0m parsed 4 headers
[2m2025-12-10T10:12:30.017044Z[0m [34mDEBUG[0m [2mhyper::proto::h1::conn[0m[2m:[0m incoming body is content-length (4868 bytes)
[2m2025-12-10T10:12:30.017049Z[0m [34mDEBUG[0m [2mhyper::proto::h1::conn[0m[2m:[0m incoming body completed
[2m2025-12-10T10:12:30.017054Z[0m [34mDEBUG[0m [2mhyper::client::pool[0m[2m:[0m pooling idle connection for ("http", 192.168.0.14:8545)
[2m2025-12-10T10:12:30.017058Z[0m [34mDEBUG[0m [2methereum_transaction_pool_monitor::eth_client[0m[2m:[0m 📡 Transaction fetch RPC completed in 6.380125ms
[2m2025-12-10T10:12:30.088828Z[0m [34mDEBUG[0m [2methereum_transaction_pool_monitor::eth_client[0m[2m:[0m ✅ Transaction 0xe49dcdf1865ecfbf2afa14eb92a320ee0ebad3f12ca76817e1549449e61aae3f fetched and parsed in 78.147417ms
[2m2025-12-10T10:12:30.088859Z[0m [34mDEBUG[0m [2methereum_transaction_pool_monitor::mempool_monitor[0m[2m:[0m 🔍 Skipping tx 0xe49dcdf1865ecfbf2afa14eb92a320ee0ebad3f12ca76817e1549449e61aae3f - not a DEX interaction (target: 0x5E1f62Dac767b0491e3CE72469C217365D5B48cC)
[2m2025-12-10T10:12:30.088870Z[0m [34mDEBUG[0m [2methereum_transaction_pool_monitor::mempool_monitor[0m[2m:[0m 📨 Processing new pending transaction: 0x7b9078e4b931179640c1c38063312da9e7cb03e94dbaf723c075c5e33bfd291a
[2m2025-12-10T10:12:30.088884Z[0m [34mDEBUG[0m [2methereum_transaction_pool_monitor::mempool_monitor[0m[2m:[0m 🔍 Fetching transaction details for: 0x7b9078e4b931179640c1c38063312da9e7cb03e94dbaf723c075c5e33bfd291a
[2m2025-12-10T10:12:30.088894Z[0m [34mDEBUG[0m [2methereum_transaction_pool_monitor::eth_client[0m[2m:[0m 🔍 Fetching transaction details for hash: 0x7b9078e4b931179640c1c38063312da9e7cb03e94dbaf723c075c5e33bfd291a
[2m2025-12-10T10:12:30.088914Z[0m [34mDEBUG[0m [2mhyper::client::pool[0m[2m:[0m reuse idle connection for ("http", 192.168.0.14:8545)
[2m2025-12-10T10:12:30.088952Z[0m [34mDEBUG[0m [2mhyper::proto::h1::io[0m[2m:[0m flushed 250 bytes
[2m2025-12-10T10:12:30.088976Z[0m [34mDEBUG[0m [2methereum_transaction_pool_monitor::eth_client[0m[2m:[0m 📨 Received WebSocket message: {"jsonrpc":"2.0","method":"eth_subscription","params":{"subscription":"0xbed0a0851463e895960a451075a301a9","result":"0xb50c2392b4072349185467fb2a6ca6ad040275fff47e97821d844a1f05e9627d"}}
[2m2025-12-10T10:12:30.088990Z[0m [34mDEBUG[0m [2methereum_transaction_pool_monitor::eth_client[0m[2m:[0m 📨 Received pending transaction: 0xb50c2392b4072349185467fb2a6ca6ad040275fff47e97821d844a1f05e9627d
[2m2025-12-10T10:12:30.100045Z[0m [34mDEBUG[0m [2mhyper::client::pool[0m[2m:[0m reuse idle connection for ("http", 192.168.0.14:8545)
[2m2025-12-10T10:12:30.100098Z[0m [34mDEBUG[0m [2mhyper::proto::h1::io[0m[2m:[0m flushed 172 bytes
[2m2025-12-10T10:12:30.100297Z[0m [34mDEBUG[0m [2mhyper::proto::h1::io[0m[2m:[0m parsed 4 headers
[2m2025-12-10T10:12:30.100302Z[0m [34mDEBUG[0m [2mhyper::proto::h1::conn[0m[2m:[0m incoming body is content-length (644 bytes)
[2m2025-12-10T10:12:30.100307Z[0m [34mDEBUG[0m [2mhyper::proto::h1::conn[0m[2m:[0m incoming body completed
[2m2025-12-10T10:12:30.100313Z[0m [34mDEBUG[0m [2mhyper::client::pool[0m[2m:[0m pooling idle connection for ("http", 192.168.0.14:8545)
[2m2025-12-10T10:12:30.100319Z[0m [34mDEBUG[0m [2methereum_transaction_pool_monitor::eth_client[0m[2m:[0m 📡 Transaction fetch RPC completed in 11.417ms
[2m2025-12-10T10:12:30.171543Z[0m [34mDEBUG[0m [2methereum_transaction_pool_monitor::eth_client[0m[2m:[0m ✅ Transaction 0x7b9078e4b931179640c1c38063312da9e7cb03e94dbaf723c075c5e33bfd291a fetched and parsed in 82.638625ms
[2m2025-12-10T10:12:30.171566Z[0m [34mDEBUG[0m [2methereum_transaction_pool_monitor::mempool_monitor[0m[2m:[0m 🔍 Skipping tx 0x7b9078e4b931179640c1c38063312da9e7cb03e94dbaf723c075c5e33bfd291a - not a DEX interaction (target: 0x17E5545B11b468072283Cee1F066a059Fb0dbF24)
[2m2025-12-10T10:12:30.171577Z[0m [34mDEBUG[0m [2methereum_transaction_pool_monitor::mempool_monitor[0m[2m:[0m 📨 Processing new pending transaction: 0xcf22231e7a80cfb0a81ead98751a954ed0e3aa15cc9c2fa1045e5ad540184f56
[2m2025-12-10T10:12:30.171584Z[0m [34mDEBUG[0m [2methereum_transaction_pool_monitor::mempool_monitor[0m[2m:[0m 🔍 Fetching transaction details for: 0xcf22231e7a80cfb0a81ead98751a954ed0e3aa15cc9c2fa1045e5ad540184f56
[2m2025-12-10T10:12:30.171590Z[0m [34mDEBUG[0m [2methereum_transaction_pool_monitor::eth_client[0m[2m:[0m 🔍 Fetching transaction details for hash: 0xcf22231e7a80cfb0a81ead98751a954ed0e3aa15cc9c2fa1045e5ad540184f56
[2m2025-12-10T10:12:30.171609Z[0m [34mDEBUG[0m [2mhyper::client::pool[0m[2m:[0m reuse idle connection for ("http", 192.168.0.14:8545)
[2m2025-12-10T10:12:30.171651Z[0m [34mDEBUG[0m [2mhyper::proto::h1::io[0m[2m:[0m flushed 250 bytes
[2m2025-12-10T10:12:30.171675Z[0m [34mDEBUG[0m [2methereum_transaction_pool_monitor::eth_client[0m[2m:[0m 📨 Received WebSocket message: {"jsonrpc":"2.0","method":"eth_subscription","params":{"subscription":"0xbed0a0851463e895960a451075a301a9","result":"0xb313c134e130ebbf375b5fe42f672cb8381fd31f3624175df4dd217c377ff5fb"}}
[2m2025-12-10T10:12:30.171676Z[0m [34mDEBUG[0m [2mhyper::proto::h1::io[0m[2m:[0m parsed 4 headers
[2m2025-12-10T10:12:30.171688Z[0m [34mDEBUG[0m [2methereum_transaction_pool_monitor::eth_client[0m[2m:[0m 📨 Received pending transaction: 0xb313c134e130ebbf375b5fe42f672cb8381fd31f3624175df4dd217c377ff5fb
[2m2025-12-10T10:12:30.171691Z[0m [34mDEBUG[0m [2mhyper::proto::h1::conn[0m[2m:[0m incoming body is content-length (45 bytes)
[2m2025-12-10T10:12:30.171701Z[0m [34mDEBUG[0m [2mhyper::proto::h1::conn[0m[2m:[0m incoming body completed
[2m2025-12-10T10:12:30.171709Z[0m [34mDEBUG[0m [2mhyper::client::pool[0m[2m:[0m pooling idle connection for ("http", 192.168.0.14:8545)
[2m2025-12-10T10:12:30.180046Z[0m [34mDEBUG[0m [2mhyper::proto::h1::io[0m[2m:[0m parsed 4 headers
[2m2025-12-10T10:12:30.180062Z[0m [34mDEBUG[0m [2mhyper::proto::h1::conn[0m[2m:[0m incoming body is content-length (4868 bytes)
[2m2025-12-10T10:12:30.180087Z[0m [34mDEBUG[0m [2mhyper::proto::h1::conn[0m[2m:[0m incoming body completed
[2m2025-12-10T10:12:30.180094Z[0m [34mDEBUG[0m [2mhyper::client::pool[0m[2m:[0m pooling idle connection for ("http", 192.168.0.14:8545)
[2m2025-12-10T10:12:30.180101Z[0m [34mDEBUG[0m [2methereum_transaction_pool_monitor::eth_client[0m[2m:[0m 📡 Transaction fetch RPC completed in 8.50575ms
[2m2025-12-10T10:12:30.250964Z[0m [34mDEBUG[0m [2methereum_transaction_pool_monitor::eth_client[0m[2m:[0m ✅ Transaction 0xcf22231e7a80cfb0a81ead98751a954ed0e3aa15cc9c2fa1045e5ad540184f56 fetched and parsed in 79.367083ms
[2m2025-12-10T10:12:30.250985Z[0m [34mDEBUG[0m [2methereum_transaction_pool_monitor::mempool_monitor[0m[2m:[0m 🔍 Skipping tx 0xcf22231e7a80cfb0a81ead98751a954ed0e3aa15cc9c2fa1045e5ad540184f56 - not a DEX interaction (target: 0x5E1f62Dac767b0491e3CE72469C217365D5B48cC)
[2m2025-12-10T10:12:30.250996Z[0m [34mDEBUG[0m [2methereum_transaction_pool_monitor::mempool_monitor[0m[2m:[0m 📨 Processing new pending transaction: 0x8732d0704057870969c22102f0ea312b4ee6e39ac5016282cff17778ca1ed0c5
[2m2025-12-10T10:12:30.251002Z[0m [34mDEBUG[0m [2methereum_transaction_pool_monitor::mempool_monitor[0m[2m:[0m 🔍 Fetching transaction details for: 0x8732d0704057870969c22102f0ea312b4ee6e39ac5016282cff17778ca1ed0c5
[2m2025-12-10T10:12:30.251008Z[0m [34mDEBUG[0m [2methereum_transaction_pool_monitor::eth_client[0m[2m:[0m 🔍 Fetching transaction details for hash: 0x8732d0704057870969c22102f0ea312b4ee6e39ac5016282cff17778ca1ed0c5
[2m2025-12-10T10:12:30.251026Z[0m [34mDEBUG[0m [2mhyper::client::pool[0m[2m:[0m reuse idle connection for ("http", 192.168.0.14:8545)
[2m2025-12-10T10:12:30.251059Z[0m [34mDEBUG[0m [2mhyper::proto::h1::io[0m[2m:[0m flushed 250 bytes
[2m2025-12-10T10:12:30.251077Z[0m [34mDEBUG[0m [2mhyper::client::pool[0m[2m:[0m reuse idle connection for ("http", 192.168.0.14:8545)
[2m2025-12-10T10:12:30.251088Z[0m [34mDEBUG[0m [2methereum_transaction_pool_monitor::eth_client[0m[2m:[0m 📨 Received WebSocket message: {"jsonrpc":"2.0","method":"eth_subscription","params":{"subscription":"0xbed0a0851463e895960a451075a301a9","result":"0x9def5c25af32eec8c082656ee833017a362f3ba853e7639e0afe47941c957aad"}}
[2m2025-12-10T10:12:30.251091Z[0m [34mDEBUG[0m [2mhyper::proto::h1::io[0m[2m:[0m flushed 172 bytes
[2m2025-12-10T10:12:30.251100Z[0m [34mDEBUG[0m [2methereum_transaction_pool_monitor::eth_client[0m[2m:[0m 📨 Received pending transaction: 0x9def5c25af32eec8c082656ee833017a362f3ba853e7639e0afe47941c957aad
[2m2025-12-10T10:12:30.256914Z[0m [34mDEBUG[0m [2mhyper::proto::h1::io[0m[2m:[0m parsed 4 headers
[2m2025-12-10T10:12:30.256920Z[0m [34mDEBUG[0m [2mhyper::proto::h1::conn[0m[2m:[0m incoming body is content-length (828 bytes)
[2m2025-12-10T10:12:30.256927Z[0m [34mDEBUG[0m [2mhyper::proto::h1::conn[0m[2m:[0m incoming body completed
[2m2025-12-10T10:12:30.256934Z[0m [34mDEBUG[0m [2mhyper::client::pool[0m[2m:[0m pooling idle connection for ("http", 192.168.0.14:8545)
[2m2025-12-10T10:12:30.256940Z[0m [34mDEBUG[0m [2methereum_transaction_pool_monitor::eth_client[0m[2m:[0m 📡 Transaction fetch RPC completed in 5.926917ms
[2m2025-12-10T10:12:30.327913Z[0m [34mDEBUG[0m [2methereum_transaction_pool_monitor::eth_client[0m[2m:[0m ✅ Transaction 0x8732d0704057870969c22102f0ea312b4ee6e39ac5016282cff17778ca1ed0c5 fetched and parsed in 76.898333ms
[2m2025-12-10T10:12:30.327941Z[0m [34mDEBUG[0m [2methereum_transaction_pool_monitor::mempool_monitor[0m[2m:[0m 🔍 Skipping tx 0x8732d0704057870969c22102f0ea312b4ee6e39ac5016282cff17778ca1ed0c5 - not a DEX interaction (target: 0xd01607c3C5eCABa394D8be377a08590149325722)
[2m2025-12-10T10:12:30.327957Z[0m [34mDEBUG[0m [2methereum_transaction_pool_monitor::mempool_monitor[0m[2m:[0m 📨 Processing new pending transaction: 0xb50c2392b4072349185467fb2a6ca6ad040275fff47e97821d844a1f05e9627d
[2m2025-12-10T10:12:30.327967Z[0m [34mDEBUG[0m [2methereum_transaction_pool_monitor::mempool_monitor[0m[2m:[0m 🔍 Fetching transaction details for: 0xb50c2392b4072349185467fb2a6ca6ad040275fff47e97821d844a1f05e9627d
[2m2025-12-10T10:12:30.328298Z[0m [34mDEBUG[0m [2methereum_transaction_pool_monitor::eth_client[0m[2m:[0m 🔍 Fetching transaction details for hash: 0xb50c2392b4072349185467fb2a6ca6ad040275fff47e97821d844a1f05e9627d
[2m2025-12-10T10:12:30.328335Z[0m [34mDEBUG[0m [2mhyper::client::pool[0m[2m:[0m reuse idle connection for ("http", 192.168.0.14:8545)
[2m2025-12-10T10:12:30.328368Z[0m [34mDEBUG[0m [2mhyper::proto::h1::io[0m[2m:[0m flushed 250 bytes
[2m2025-12-10T10:12:30.328388Z[0m [34mDEBUG[0m [2mhyper::proto::h1::io[0m[2m:[0m parsed 4 headers
[2m2025-12-10T10:12:30.328393Z[0m [34mDEBUG[0m [2mhyper::proto::h1::conn[0m[2m:[0m incoming body is content-length (45 bytes)
[2m2025-12-10T10:12:30.328403Z[0m [34mDEBUG[0m [2mhyper::proto::h1::conn[0m[2m:[0m incoming body completed
[2m2025-12-10T10:12:30.328412Z[0m [34mDEBUG[0m [2mhyper::client::pool[0m[2m:[0m pooling idle connection for ("http", 192.168.0.14:8545)
[2m2025-12-10T10:12:30.328432Z[0m [34mDEBUG[0m [2mhyper::client::pool[0m[2m:[0m reuse idle connection for ("http", 192.168.0.14:8545)
[2m2025-12-10T10:12:30.328449Z[0m [34mDEBUG[0m [2mhyper::proto::h1::io[0m[2m:[0m flushed 172 bytes
[2m2025-12-10T10:12:30.335968Z[0m [34mDEBUG[0m [2mhyper::proto::h1::io[0m[2m:[0m parsed 4 headers
[2m2025-12-10T10:12:30.335975Z[0m [34mDEBUG[0m [2mhyper::proto::h1::conn[0m[2m:[0m incoming body is content-length (4868 bytes)
[2m2025-12-10T10:12:30.335980Z[0m [34mDEBUG[0m [2mhyper::proto::h1::conn[0m[2m:[0m incoming body completed
[2m2025-12-10T10:12:30.335987Z[0m [34mDEBUG[0m [2mhyper::client::pool[0m[2m:[0m pooling idle connection for ("http", 192.168.0.14:8545)
[2m2025-12-10T10:12:30.335992Z[0m [34mDEBUG[0m [2methereum_transaction_pool_monitor::eth_client[0m[2m:[0m 📡 Transaction fetch RPC completed in 7.683ms
[2m2025-12-10T10:12:30.407531Z[0m [34mDEBUG[0m [2methereum_transaction_pool_monitor::eth_client[0m[2m:[0m ✅ Transaction 0xb50c2392b4072349185467fb2a6ca6ad040275fff47e97821d844a1f05e9627d fetched and parsed in 79.220583ms
[2m2025-12-10T10:12:30.407557Z[0m [34mDEBUG[0m [2methereum_transaction_pool_monitor::mempool_monitor[0m[2m:[0m 🔍 Skipping tx 0xb50c2392b4072349185467fb2a6ca6ad040275fff47e97821d844a1f05e9627d - not a DEX interaction (target: 0x5E1f62Dac767b0491e3CE72469C217365D5B48cC)
[2m2025-12-10T10:12:30.407567Z[0m [34mDEBUG[0m [2methereum_transaction_pool_monitor::mempool_monitor[0m[2m:[0m 📨 Processing new pending transaction: 0xb313c134e130ebbf375b5fe42f672cb8381fd31f3624175df4dd217c377ff5fb
[2m2025-12-10T10:12:30.407575Z[0m [34mDEBUG[0m [2methereum_transaction_pool_monitor::mempool_monitor[0m[2m:[0m 🔍 Fetching transaction details for: 0xb313c134e130ebbf375b5fe42f672cb8381fd31f3624175df4dd217c377ff5fb
[2m2025-12-10T10:12:30.407581Z[0m [34mDEBUG[0m [2methereum_transaction_pool_monitor::eth_client[0m[2m:[0m 🔍 Fetching transaction details for hash: 0xb313c134e130ebbf375b5fe42f672cb8381fd31f3624175df4dd217c377ff5fb
[2m2025-12-10T10:12:30.407598Z[0m [34mDEBUG[0m [2mhyper::client::pool[0m[2m:[0m reuse idle connection for ("http", 192.168.0.14:8545)
[2m2025-12-10T10:12:30.407641Z[0m [34mDEBUG[0m [2mhyper::proto::h1::io[0m[2m:[0m flushed 250 bytes
[2m2025-12-10T10:12:30.407658Z[0m [34mDEBUG[0m [2mhyper::proto::h1::io[0m[2m:[0m parsed 4 headers
[2m2025-12-10T10:12:30.407663Z[0m [34mDEBUG[0m [2mhyper::proto::h1::conn[0m[2m:[0m incoming body is content-length (45 bytes)
[2m2025-12-10T10:12:30.407669Z[0m [34mDEBUG[0m [2mhyper::proto::h1::conn[0m[2m:[0m incoming body completed
[2m2025-12-10T10:12:30.407685Z[0m [34mDEBUG[0m [2mhyper::client::pool[0m[2m:[0m pooling idle connection for ("http", 192.168.0.14:8545)
[2m2025-12-10T10:12:30.407700Z[0m [34mDEBUG[0m [2mhyper::client::pool[0m[2m:[0m reuse idle connection for ("http", 192.168.0.14:8545)
[2m2025-12-10T10:12:30.407714Z[0m [34mDEBUG[0m [2mhyper::proto::h1::io[0m[2m:[0m flushed 172 bytes
[2m2025-12-10T10:12:30.411525Z[0m [34mDEBUG[0m [2mhyper::proto::h1::io[0m[2m:[0m parsed 4 headers
[2m2025-12-10T10:12:30.411531Z[0m [34mDEBUG[0m [2mhyper::proto::h1::conn[0m[2m:[0m incoming body is content-length (45 bytes)
[2m2025-12-10T10:12:30.411536Z[0m [34mDEBUG[0m [2mhyper::proto::h1::conn[0m[2m:[0m incoming body completed
[2m2025-12-10T10:12:30.411541Z[0m [34mDEBUG[0m [2mhyper::client::pool[0m[2m:[0m pooling idle connection for ("http", 192.168.0.14:8545)
[2m2025-12-10T10:12:30.413883Z[0m [34mDEBUG[0m [2mhyper::proto::h1::io[0m[2m:[0m parsed 4 headers
[2m2025-12-10T10:12:30.413888Z[0m [34mDEBUG[0m [2mhyper::proto::h1::conn[0m[2m:[0m incoming body is content-length (774 bytes)
[2m2025-12-10T10:12:30.413891Z[0m [34mDEBUG[0m [2mhyper::proto::h1::conn[0m[2m:[0m incoming body completed
[2m2025-12-10T10:12:30.413896Z[0m [34mDEBUG[0m [2mhyper::client::pool[0m[2m:[0m pooling idle connection for ("http", 192.168.0.14:8545)
[2m2025-12-10T10:12:30.413900Z[0m [34mDEBUG[0m [2methereum_transaction_pool_monitor::eth_client[0m[2m:[0m 📡 Transaction fetch RPC completed in 6.314291ms
[2m2025-12-10T10:12:30.413914Z[0m [34mDEBUG[0m [2methereum_transaction_pool_monitor::eth_client[0m[2m:[0m DeFi transaction detected - Address: 0xdac17f958d2ee523a2206206994597c13d831ec7, Type: Stablecoin, Value: 0 ETH, Gas: 12.00 Gwei
[2m2025-12-10T10:12:30.413927Z[0m [34mDEBUG[0m [2methereum_transaction_pool_monitor::eth_client[0m[2m:[0m ✅ Transaction 0xb313c134e130ebbf375b5fe42f672cb8381fd31f3624175df4dd217c377ff5fb fetched and parsed in 6.340666ms
[2m2025-12-10T10:12:30.413932Z[0m [34mDEBUG[0m [2methereum_transaction_pool_monitor::mempool_monitor[0m[2m:[0m 🔍 Skipping tx 0xb313c134e130ebbf375b5fe42f672cb8381fd31f3624175df4dd217c377ff5fb - not a DEX interaction (target: 0xdAC17F958D2ee523a2206206994597C13D831ec7)
[2m2025-12-10T10:12:30.413937Z[0m [34mDEBUG[0m [2methereum_transaction_pool_monitor::mempool_monitor[0m[2m:[0m 📨 Processing new pending transaction: 0x9def5c25af32eec8c082656ee833017a362f3ba853e7639e0afe47941c957aad
[2m2025-12-10T10:12:30.413941Z[0m [34mDEBUG[0m [2methereum_transaction_pool_monitor::mempool_monitor[0m[2m:[0m 🔍 Fetching transaction details for: 0x9def5c25af32eec8c082656ee833017a362f3ba853e7639e0afe47941c957aad
[2m2025-12-10T10:12:30.413944Z[0m [34mDEBUG[0m [2methereum_transaction_pool_monitor::eth_client[0m[2m:[0m 🔍 Fetching transaction details for hash: 0x9def5c25af32eec8c082656ee833017a362f3ba853e7639e0afe47941c957aad
[2m2025-12-10T10:12:30.413950Z[0m [34mDEBUG[0m [2mhyper::client::pool[0m[2m:[0m reuse idle connection for ("http", 192.168.0.14:8545)
[2m2025-12-10T10:12:30.413962Z[0m [34mDEBUG[0m [2mhyper::proto::h1::io[0m[2m:[0m flushed 250 bytes
[2m2025-12-10T10:12:30.420260Z[0m [34mDEBUG[0m [2mhyper::proto::h1::io[0m[2m:[0m parsed 4 headers
[2m2025-12-10T10:12:30.420287Z[0m [34mDEBUG[0m [2mhyper::proto::h1::conn[0m[2m:[0m incoming body is content-length (1731 bytes)
[2m2025-12-10T10:12:30.420292Z[0m [34mDEBUG[0m [2mhyper::proto::h1::conn[0m[2m:[0m incoming body completed
[2m2025-12-10T10:12:30.420297Z[0m [34mDEBUG[0m [2mhyper::client::pool[0m[2m:[0m pooling idle connection for ("http", 192.168.0.14:8545)
[2m2025-12-10T10:12:30.420302Z[0m [34mDEBUG[0m [2methereum_transaction_pool_monitor::eth_client[0m[2m:[0m 📡 Transaction fetch RPC completed in 6.355084ms
[2m2025-12-10T10:12:30.490814Z[0m [34mDEBUG[0m [2methereum_transaction_pool_monitor::eth_client[0m[2m:[0m ✅ Transaction 0x9def5c25af32eec8c082656ee833017a362f3ba853e7639e0afe47941c957aad fetched and parsed in 76.864584ms
[2m2025-12-10T10:12:30.490831Z[0m [34mDEBUG[0m [2methereum_transaction_pool_monitor::mempool_monitor[0m[2m:[0m 🔍 Skipping tx 0x9def5c25af32eec8c082656ee833017a362f3ba853e7639e0afe47941c957aad - not a DEX interaction (target: 0x601a2aD6CB5949f0529735254189Ba3194221EDF)
[2m2025-12-10T10:12:30.490867Z[0m [34mDEBUG[0m [2methereum_transaction_pool_monitor::eth_client[0m[2m:[0m 📨 Received WebSocket message: {"jsonrpc":"2.0","method":"eth_subscription","params":{"subscription":"0xbed0a0851463e895960a451075a301a9","result":"0x253657073f3df5b9fa52884c2fd00d44642739ee6a49ecbf0c234e2185d73d83"}}
[2m2025-12-10T10:12:30.490877Z[0m [34mDEBUG[0m [2methereum_transaction_pool_monitor::eth_client[0m[2m:[0m 📨 Received pending transaction: 0x253657073f3df5b9fa52884c2fd00d44642739ee6a49ecbf0c234e2185d73d83
[2m2025-12-10T10:12:30.490882Z[0m [34mDEBUG[0m [2methereum_transaction_pool_monitor::eth_client[0m[2m:[0m 📨 Received WebSocket message: {"jsonrpc":"2.0","method":"eth_subscription","params":{"subscription":"0xbed0a0851463e895960a451075a301a9","result":"0x63bc854d3202b4b6f563faeba0ececa44ce9cd9843352a53b21e0de391f9796e"}}
[2m2025-12-10T10:12:30.490890Z[0m [34mDEBUG[0m [2methereum_transaction_pool_monitor::eth_client[0m[2m:[0m 📨 Received pending transaction: 0x63bc854d3202b4b6f563faeba0ececa44ce9cd9843352a53b21e0de391f9796e
[2m2025-12-10T10:12:30.490894Z[0m [34mDEBUG[0m [2methereum_transaction_pool_monitor::eth_client[0m[2m:[0m 📨 Received WebSocket message: {"jsonrpc":"2.0","method":"eth_subscription","params":{"subscription":"0xbed0a0851463e895960a451075a301a9","result":"0x5dd130237a74e439c3f05dc27cc5cf31ada89a6296e2c3dadb42a72f07222165"}}
[2m2025-12-10T10:12:30.490900Z[0m [34mDEBUG[0m [2methereum_transaction_pool_monitor::eth_client[0m[2m:[0m 📨 Received pending transaction: 0x5dd130237a74e439c3f05dc27cc5cf31ada89a6296e2c3dadb42a72f07222165
[2m2025-12-10T10:12:30.490904Z[0m [34mDEBUG[0m [2methereum_transaction_pool_monitor::mempool_monitor[0m[2m:[0m 📨 Processing new pending transaction: 0x253657073f3df5b9fa52884c2fd00d44642739ee6a49ecbf0c234e2185d73d83
[2m2025-12-10T10:12:30.490908Z[0m [34mDEBUG[0m [2methereum_transaction_pool_monitor::mempool_monitor[0m[2m:[0m 🔍 Fetching transaction details for: 0x253657073f3df5b9fa52884c2fd00d44642739ee6a49ecbf0c234e2185d73d83
[2m2025-12-10T10:12:30.490911Z[0m [34mDEBUG[0m [2methereum_transaction_pool_monitor::eth_client[0m[2m:[0m 🔍 Fetching transaction details for hash: 0x253657073f3df5b9fa52884c2fd00d44642739ee6a49ecbf0c234e2185d73d83
[2m2025-12-10T10:12:30.490926Z[0m [34mDEBUG[0m [2mhyper::client::pool[0m[2m:[0m reuse idle connection for ("http", 192.168.0.14:8545)
[2m2025-12-10T10:12:30.490943Z[0m [34mDEBUG[0m [2mhyper::proto::h1::io[0m[2m:[0m flushed 250 bytes
[2m2025-12-10T10:12:30.495906Z[0m [34mDEBUG[0m [2mhyper::proto::h1::io[0m[2m:[0m parsed 4 headers
[2m2025-12-10T10:12:30.495911Z[0m [34mDEBUG[0m [2mhyper::proto::h1::conn[0m[2m:[0m incoming body is content-length (538 bytes)
[2m2025-12-10T10:12:30.495916Z[0m [34mDEBUG[0m [2mhyper::proto::h1::conn[0m[2m:[0m incoming body completed
[2m2025-12-10T10:12:30.495923Z[0m [34mDEBUG[0m [2mhyper::client::pool[0m[2m:[0m pooling idle connection for ("http", 192.168.0.14:8545)
[2m2025-12-10T10:12:30.495927Z[0m [34mDEBUG[0m [2methereum_transaction_pool_monitor::eth_client[0m[2m:[0m 📡 Transaction fetch RPC completed in 5.012792ms
[2m2025-12-10T10:12:30.567124Z[0m [34mDEBUG[0m [2methereum_transaction_pool_monitor::eth_client[0m[2m:[0m ✅ Transaction 0x253657073f3df5b9fa52884c2fd00d44642739ee6a49ecbf0c234e2185d73d83 fetched and parsed in 76.207125ms
[2m2025-12-10T10:12:30.567149Z[0m [34mDEBUG[0m [2methereum_transaction_pool_monitor::mempool_monitor[0m[2m:[0m 🔍 Skipping tx 0x253657073f3df5b9fa52884c2fd00d44642739ee6a49ecbf0c234e2185d73d83 - not a DEX interaction (target: 0x4c54e557C6eeee456537946629015c6abDED3661)
[2m2025-12-10T10:12:30.567161Z[0m [34mDEBUG[0m [2methereum_transaction_pool_monitor::mempool_monitor[0m[2m:[0m 📨 Processing new pending transaction: 0x63bc854d3202b4b6f563faeba0ececa44ce9cd9843352a53b21e0de391f9796e
[2m2025-12-10T10:12:30.567178Z[0m [34mDEBUG[0m [2methereum_transaction_pool_monitor::mempool_monitor[0m[2m:[0m 🔍 Fetching transaction details for: 0x63bc854d3202b4b6f563faeba0ececa44ce9cd9843352a53b21e0de391f9796e
[2m2025-12-10T10:12:30.567200Z[0m [34mDEBUG[0m [2methereum_transaction_pool_monitor::eth_client[0m[2m:[0m 🔍 Fetching transaction details for hash: 0x63bc854d3202b4b6f563faeba0ececa44ce9cd9843352a53b21e0de391f9796e
[2m2025-12-10T10:12:30.567219Z[0m [34mDEBUG[0m [2mhyper::client::pool[0m[2m:[0m reuse idle connection for ("http", 192.168.0.14:8545)
[2m2025-12-10T10:12:30.567259Z[0m [34mDEBUG[0m [2mhyper::proto::h1::io[0m[2m:[0m flushed 250 bytes
[2m2025-12-10T10:12:30.567279Z[0m [34mDEBUG[0m [2mhyper::client::pool[0m[2m:[0m reuse idle connection for ("http", 192.168.0.14:8545)
[2m2025-12-10T10:12:30.567288Z[0m [34mDEBUG[0m [2methereum_transaction_pool_monitor::eth_client[0m[2m:[0m 📨 Received WebSocket message: {"jsonrpc":"2.0","method":"eth_subscription","params":{"subscription":"0xbed0a0851463e895960a451075a301a9","result":"0x4f0330b35ad199ab50f42a435c2ea6fe04a9fbbecd756bbed7d25aaad547e140"}}
[2m2025-12-10T10:12:30.567294Z[0m [34mDEBUG[0m [2mhyper::proto::h1::io[0m[2m:[0m flushed 172 bytes
[2m2025-12-10T10:12:30.567300Z[0m [34mDEBUG[0m [2methereum_transaction_pool_monitor::eth_client[0m[2m:[0m 📨 Received pending transaction: 0x4f0330b35ad199ab50f42a435c2ea6fe04a9fbbecd756bbed7d25aaad547e140
[2m2025-12-10T10:12:30.567309Z[0m [34mDEBUG[0m [2methereum_transaction_pool_monitor::eth_client[0m[2m:[0m 📨 Received WebSocket message: {"jsonrpc":"2.0","method":"eth_subscription","params":{"subscription":"0xbed0a0851463e895960a451075a301a9","result":"0xc80243a58c66396f1e06c2d78c6f60b213e3681de373f2954ad1c3e4ce152f85"}}
[2m2025-12-10T10:12:30.567317Z[0m [34mDEBUG[0m [2methereum_transaction_pool_monitor::eth_client[0m[2m:[0m 📨 Received pending transaction: 0xc80243a58c66396f1e06c2d78c6f60b213e3681de373f2954ad1c3e4ce152f85
[2m2025-12-10T10:12:30.567325Z[0m [34mDEBUG[0m [2methereum_transaction_pool_monitor::eth_client[0m[2m:[0m 📨 Received WebSocket message: {"jsonrpc":"2.0","method":"eth_subscription","params":{"subscription":"0xbed0a0851463e895960a451075a301a9","result":"0x891bc367188837c4e58707de48447332903f3ec59a0c9695effd84f60f8cf3ac"}}
[2m2025-12-10T10:12:30.567332Z[0m [34mDEBUG[0m [2methereum_transaction_pool_monitor::eth_client[0m[2m:[0m 📨 Received pending transaction: 0x891bc367188837c4e58707de48447332903f3ec59a0c9695effd84f60f8cf3ac
[2m2025-12-10T10:12:30.567342Z[0m [34mDEBUG[0m [2methereum_transaction_pool_monitor::eth_client[0m[2m:[0m 📨 Received WebSocket message: {"jsonrpc":"2.0","method":"eth_subscription","params":{"subscription":"0xbed0a0851463e895960a451075a301a9","result":"0x32218cd3a4565d6a17175545866701ae696a4f63f16e0734a409a9cf6791aee8"}}
[2m2025-12-10T10:12:30.567347Z[0m [34mDEBUG[0m [2methereum_transaction_pool_monitor::eth_client[0m[2m:[0m 📨 Received pending transaction: 0x32218cd3a4565d6a17175545866701ae696a4f63f16e0734a409a9cf6791aee8
[2m2025-12-10T10:12:30.567352Z[0m [34mDEBUG[0m [2methereum_transaction_pool_monitor::eth_client[0m[2m:[0m 📨 Received WebSocket message: {"jsonrpc":"2.0","method":"eth_subscription","params":{"subscription":"0xbed0a0851463e895960a451075a301a9","result":"0x2c8c628e45d168e37029ac7031a50e374d0ed59413e47baf80a8b57a62ba45e0"}}
[2m2025-12-10T10:12:30.567356Z[0m [34mDEBUG[0m [2methereum_transaction_pool_monitor::eth_client[0m[2m:[0m 📨 Received pending transaction: 0x2c8c628e45d168e37029ac7031a50e374d0ed59413e47baf80a8b57a62ba45e0
[2m2025-12-10T10:12:30.578614Z[0m [34mDEBUG[0m [2mhyper::proto::h1::io[0m[2m:[0m parsed 4 headers
[2m2025-12-10T10:12:30.578656Z[0m [34mDEBUG[0m [2mhyper::proto::h1::conn[0m[2m:[0m incoming body is content-length (45 bytes)
[2m2025-12-10T10:12:30.578685Z[0m [34mDEBUG[0m [2mhyper::proto::h1::conn[0m[2m:[0m incoming body completed
[2m2025-12-10T10:12:30.578696Z[0m [34mDEBUG[0m [2mhyper::client::pool[0m[2m:[0m pooling idle connection for ("http", 192.168.0.14:8545)
[2m2025-12-10T10:12:30.583045Z[0m [34mDEBUG[0m [2mhyper::proto::h1::io[0m[2m:[0m parsed 4 headers
[2m2025-12-10T10:12:30.583150Z[0m [34mDEBUG[0m [2mhyper::proto::h1::conn[0m[2m:[0m incoming body is content-length (780 bytes)
[2m2025-12-10T10:12:30.583157Z[0m [34mDEBUG[0m [2mhyper::proto::h1::conn[0m[2m:[0m incoming body completed
[2m2025-12-10T10:12:30.583162Z[0m [34mDEBUG[0m [2mhyper::client::pool[0m[2m:[0m pooling idle connection for ("http", 192.168.0.14:8545)
[2m2025-12-10T10:12:30.583166Z[0m [34mDEBUG[0m [2methereum_transaction_pool_monitor::eth_client[0m[2m:[0m 📡 Transaction fetch RPC completed in 15.959791ms
[2m2025-12-10T10:12:30.583179Z[0m [34mDEBUG[0m [2methereum_transaction_pool_monitor::eth_client[0m[2m:[0m DeFi transaction detected - Address: 0xdac17f958d2ee523a2206206994597c13d831ec7, Type: Stablecoin, Value: 0 ETH, Gas: 501.00 Gwei
[2m2025-12-10T10:12:30.583190Z[0m [34mDEBUG[0m [2methereum_transaction_pool_monitor::eth_client[0m[2m:[0m ✅ Transaction 0x63bc854d3202b4b6f563faeba0ececa44ce9cd9843352a53b21e0de391f9796e fetched and parsed in 15.983625ms
[2m2025-12-10T10:12:30.583195Z[0m [34mDEBUG[0m [2methereum_transaction_pool_monitor::mempool_monitor[0m[2m:[0m 🔍 Skipping tx 0x63bc854d3202b4b6f563faeba0ececa44ce9cd9843352a53b21e0de391f9796e - not a DEX interaction (target: 0xdAC17F958D2ee523a2206206994597C13D831ec7)
[2m2025-12-10T10:12:30.583201Z[0m [34mDEBUG[0m [2methereum_transaction_pool_monitor::mempool_monitor[0m[2m:[0m 📨 Processing new pending transaction: 0x5dd130237a74e439c3f05dc27cc5cf31ada89a6296e2c3dadb42a72f07222165
[2m2025-12-10T10:12:30.583204Z[0m [34mDEBUG[0m [2methereum_transaction_pool_monitor::mempool_monitor[0m[2m:[0m 🔍 Fetching transaction details for: 0x5dd130237a74e439c3f05dc27cc5cf31ada89a6296e2c3dadb42a72f07222165
[2m2025-12-10T10:12:30.583207Z[0m [34mDEBUG[0m [2methereum_transaction_pool_monitor::eth_client[0m[2m:[0m 🔍 Fetching transaction details for hash: 0x5dd130237a74e439c3f05dc27cc5cf31ada89a6296e2c3dadb42a72f07222165
[2m2025-12-10T10:12:30.583216Z[0m [34mDEBUG[0m [2mhyper::client::pool[0m[2m:[0m reuse idle connection for ("http", 192.168.0.14:8545)
[2m2025-12-10T10:12:30.583236Z[0m [34mDEBUG[0m [2mhyper::proto::h1::io[0m[2m:[0m flushed 250 bytes
[2m2025-12-10T10:12:30.589093Z[0m [34mDEBUG[0m [2mhyper::proto::h1::io[0m[2m:[0m parsed 4 headers
[2m2025-12-10T10:12:30.589099Z[0m [34mDEBUG[0m [2mhyper::proto::h1::conn[0m[2m:[0m incoming body is content-length (674 bytes)
[2m2025-12-10T10:12:30.589103Z[0m [34mDEBUG[0m [2mhyper::proto::h1::conn[0m[2m:[0m incoming body completed
[2m2025-12-10T10:12:30.589107Z[0m [34mDEBUG[0m [2mhyper::client::pool[0m[2m:[0m pooling idle connection for ("http", 192.168.0.14:8545)
[2m2025-12-10T10:12:30.589112Z[0m [34mDEBUG[0m [2methereum_transaction_pool_monitor::eth_client[0m[2m:[0m 📡 Transaction fetch RPC completed in 5.901459ms
[2m2025-12-10T10:12:30.589120Z[0m [34mDEBUG[0m [2methereum_transaction_pool_monitor::eth_client[0m[2m:[0m DeFi transaction detected - Address: 0xdac17f958d2ee523a2206206994597c13d831ec7, Type: Stablecoin, Value: 0 ETH, Gas: 0.19 Gwei
[2m2025-12-10T10:12:30.589128Z[0m [34mDEBUG[0m [2methereum_transaction_pool_monitor::eth_client[0m[2m:[0m ✅ Transaction 0x5dd130237a74e439c3f05dc27cc5cf31ada89a6296e2c3dadb42a72f07222165 fetched and parsed in 5.917209ms
[2m2025-12-10T10:12:30.589132Z[0m [34mDEBUG[0m [2methereum_transaction_pool_monitor::mempool_monitor[0m[2m:[0m 🔍 Skipping tx 0x5dd130237a74e439c3f05dc27cc5cf31ada89a6296e2c3dadb42a72f07222165 - not a DEX interaction (target: 0xdAC17F958D2ee523a2206206994597C13D831ec7)
[2m2025-12-10T10:12:30.589137Z[0m [34mDEBUG[0m [2methereum_transaction_pool_monitor::mempool_monitor[0m[2m:[0m 📨 Processing new pending transaction: 0x4f0330b35ad199ab50f42a435c2ea6fe04a9fbbecd756bbed7d25aaad547e140
[2m2025-12-10T10:12:30.589141Z[0m [34mDEBUG[0m [2methereum_transaction_pool_monitor::mempool_monitor[0m[2m:[0m 🔍 Fetching transaction details for: 0x4f0330b35ad199ab50f42a435c2ea6fe04a9fbbecd756bbed7d25aaad547e140
[2m2025-12-10T10:12:30.589145Z[0m [34mDEBUG[0m [2methereum_transaction_pool_monitor::eth_client[0m[2m:[0m 🔍 Fetching transaction details for hash: 0x4f0330b35ad199ab50f42a435c2ea6fe04a9fbbecd756bbed7d25aaad547e140
[2m2025-12-10T10:12:30.589151Z[0m [34mDEBUG[0m [2mhyper::client::pool[0m[2m:[0m reuse idle connection for ("http", 192.168.0.14:8545)
[2m2025-12-10T10:12:30.589164Z[0m [34mDEBUG[0m [2mhyper::proto::h1::io[0m[2m:[0m flushed 250 bytes
[2m2025-12-10T10:12:30.595155Z[0m [34mDEBUG[0m [2mhyper::proto::h1::io[0m[2m:[0m parsed 4 headers
[2m2025-12-10T10:12:30.595186Z[0m [34mDEBUG[0m [2mhyper::proto::h1::conn[0m[2m:[0m incoming body is content-length (674 bytes)
[2m2025-12-10T10:12:30.595207Z[0m [34mDEBUG[0m [2mhyper::proto::h1::conn[0m[2m:[0m incoming body completed
[2m2025-12-10T10:12:30.595214Z[0m [34mDEBUG[0m [2mhyper::client::pool[0m[2m:[0m pooling idle connection for ("http", 192.168.0.14:8545)
[2m2025-12-10T10:12:30.595220Z[0m [34mDEBUG[0m [2methereum_transaction_pool_monitor::eth_client[0m[2m:[0m 📡 Transaction fetch RPC completed in 6.071708ms
[2m2025-12-10T10:12:30.595230Z[0m [34mDEBUG[0m [2methereum_transaction_pool_monitor::eth_client[0m[2m:[0m DeFi transaction detected - Address: 0xdac17f958d2ee523a2206206994597c13d831ec7, Type: Stablecoin, Value: 0 ETH, Gas: 0.19 Gwei
[2m2025-12-10T10:12:30.595239Z[0m [34mDEBUG[0m [2methereum_transaction_pool_monitor::eth_client[0m[2m:[0m ✅ Transaction 0x4f0330b35ad199ab50f42a435c2ea6fe04a9fbbecd756bbed7d25aaad547e140 fetched and parsed in 6.090958ms
[2m2025-12-10T10:12:30.595245Z[0m [34mDEBUG[0m [2methereum_transaction_pool_monitor::mempool_monitor[0m[2m:[0m 🔍 Skipping tx 0x4f0330b35ad199ab50f42a435c2ea6fe04a9fbbecd756bbed7d25aaad547e140 - not a DEX interaction (target: 0xdAC17F958D2ee523a2206206994597C13D831ec7)
[2m2025-12-10T10:12:30.595250Z[0m [34mDEBUG[0m [2methereum_transaction_pool_monitor::mempool_monitor[0m[2m:[0m 📨 Processing new pending transaction: 0xc80243a58c66396f1e06c2d78c6f60b213e3681de373f2954ad1c3e4ce152f85
[2m2025-12-10T10:12:30.595253Z[0m [34mDEBUG[0m [2methereum_transaction_pool_monitor::mempool_monitor[0m[2m:[0m 🔍 Fetching transaction details for: 0xc80243a58c66396f1e06c2d78c6f60b213e3681de373f2954ad1c3e4ce152f85
[2m2025-12-10T10:12:30.595257Z[0m [34mDEBUG[0m [2methereum_transaction_pool_monitor::eth_client[0m[2m:[0m 🔍 Fetching transaction details for hash: 0xc80243a58c66396f1e06c2d78c6f60b213e3681de373f2954ad1c3e4ce152f85
[2m2025-12-10T10:12:30.595263Z[0m [34mDEBUG[0m [2mhyper::client::pool[0m[2m:[0m reuse idle connection for ("http", 192.168.0.14:8545)
[2m2025-12-10T10:12:30.595279Z[0m [34mDEBUG[0m [2mhyper::proto::h1::io[0m[2m:[0m flushed 250 bytes
[2m2025-12-10T10:12:30.599076Z[0m [34mDEBUG[0m [2mhyper::client::pool[0m[2m:[0m reuse idle connection for ("http", 192.168.0.14:8545)
[2m2025-12-10T10:12:30.599140Z[0m [34mDEBUG[0m [2mhyper::proto::h1::io[0m[2m:[0m flushed 172 bytes
[2m2025-12-10T10:12:30.601002Z[0m [34mDEBUG[0m [2mhyper::proto::h1::io[0m[2m:[0m parsed 4 headers
[2m2025-12-10T10:12:30.601007Z[0m [34mDEBUG[0m [2mhyper::proto::h1::conn[0m[2m:[0m incoming body is content-length (537 bytes)
[2m2025-12-10T10:12:30.601011Z[0m [34mDEBUG[0m [2mhyper::proto::h1::conn[0m[2m:[0m incoming body completed
[2m2025-12-10T10:12:30.601015Z[0m [34mDEBUG[0m [2mhyper::client::pool[0m[2m:[0m pooling idle connection for ("http", 192.168.0.14:8545)
[2m2025-12-10T10:12:30.601019Z[0m [34mDEBUG[0m [2methereum_transaction_pool_monitor::eth_client[0m[2m:[0m 📡 Transaction fetch RPC completed in 5.7585ms
[2m2025-12-10T10:12:30.670998Z[0m [34mDEBUG[0m [2methereum_transaction_pool_monitor::eth_client[0m[2m:[0m ✅ Transaction 0xc80243a58c66396f1e06c2d78c6f60b213e3681de373f2954ad1c3e4ce152f85 fetched and parsed in 75.735667ms
[2m2025-12-10T10:12:30.671023Z[0m [34mDEBUG[0m [2methereum_transaction_pool_monitor::mempool_monitor[0m[2m:[0m 🔍 Skipping tx 0xc80243a58c66396f1e06c2d78c6f60b213e3681de373f2954ad1c3e4ce152f85 - not a DEX interaction (target: 0x83664B8a83b9845Ac7b177DF86d0F5BF3b7739AD)
[2m2025-12-10T10:12:30.671032Z[0m [34mDEBUG[0m [2methereum_transaction_pool_monitor::mempool_monitor[0m[2m:[0m 📨 Processing new pending transaction: 0x891bc367188837c4e58707de48447332903f3ec59a0c9695effd84f60f8cf3ac
[2m2025-12-10T10:12:30.671038Z[0m [34mDEBUG[0m [2methereum_transaction_pool_monitor::mempool_monitor[0m[2m:[0m 🔍 Fetching transaction details for: 0x891bc367188837c4e58707de48447332903f3ec59a0c9695effd84f60f8cf3ac
[2m2025-12-10T10:12:30.671043Z[0m [34mDEBUG[0m [2methereum_transaction_pool_monitor::eth_client[0m[2m:[0m 🔍 Fetching transaction details for hash: 0x891bc367188837c4e58707de48447332903f3ec59a0c9695effd84f60f8cf3ac
[2m2025-12-10T10:12:30.671059Z[0m [34mDEBUG[0m [2mhyper::client::pool[0m[2m:[0m reuse idle connection for ("http", 192.168.0.14:8545)
[2m2025-12-10T10:12:30.671095Z[0m [34mDEBUG[0m [2mhyper::proto::h1::io[0m[2m:[0m flushed 250 bytes
[2m2025-12-10T10:12:30.671118Z[0m [34mDEBUG[0m [2methereum_transaction_pool_monitor::eth_client[0m[2m:[0m 📨 Received WebSocket message: {"jsonrpc":"2.0","method":"eth_subscription","params":{"subscription":"0xbed0a0851463e895960a451075a301a9","result":"0xff118d14c7ab0dc870ec54d00ff46b7e1534aef0eb998c8e36768a41560f32ba"}}
[2m2025-12-10T10:12:30.671120Z[0m [34mDEBUG[0m [2mhyper::proto::h1::io[0m[2m:[0m parsed 4 headers
[2m2025-12-10T10:12:30.671126Z[0m [34mDEBUG[0m [2methereum_transaction_pool_monitor::eth_client[0m[2m:[0m 📨 Received pending transaction: 0xff118d14c7ab0dc870ec54d00ff46b7e1534aef0eb998c8e36768a41560f32ba
[2m2025-12-10T10:12:30.671127Z[0m [34mDEBUG[0m [2mhyper::proto::h1::conn[0m[2m:[0m incoming body is content-length (45 bytes)
[2m2025-12-10T10:12:30.671133Z[0m [34mDEBUG[0m [2methereum_transaction_pool_monitor::eth_client[0m[2m:[0m 📨 Received WebSocket message: {"jsonrpc":"2.0","method":"eth_subscription","params":{"subscription":"0xbed0a0851463e895960a451075a301a9","result":"0x547c3dee8ad0206d42a9465e4917e89521fd43379a0e4947c31b95e9abaf1ea5"}}
[2m2025-12-10T10:12:30.671138Z[0m [34mDEBUG[0m [2mhyper::proto::h1::conn[0m[2m:[0m incoming body completed
[2m2025-12-10T10:12:30.671140Z[0m [34mDEBUG[0m [2methereum_transaction_pool_monitor::eth_client[0m[2m:[0m 📨 Received pending transaction: 0x547c3dee8ad0206d42a9465e4917e89521fd43379a0e4947c31b95e9abaf1ea5
[2m2025-12-10T10:12:30.671147Z[0m [34mDEBUG[0m [2methereum_transaction_pool_monitor::eth_client[0m[2m:[0m 📨 Received WebSocket message: {"jsonrpc":"2.0","method":"eth_subscription","params":{"subscription":"0xbed0a0851463e895960a451075a301a9","result":"0x6a19775f121d36a25760eaff4521ee5bf93338b3e154eab66fd8309463a73d16"}}
[2m2025-12-10T10:12:30.671148Z[0m [34mDEBUG[0m [2mhyper::client::pool[0m[2m:[0m pooling idle connection for ("http", 192.168.0.14:8545)
[2m2025-12-10T10:12:30.671157Z[0m [34mDEBUG[0m [2methereum_transaction_pool_monitor::eth_client[0m[2m:[0m 📨 Received pending transaction: 0x6a19775f121d36a25760eaff4521ee5bf93338b3e154eab66fd8309463a73d16
[2m2025-12-10T10:12:30.671168Z[0m [34mDEBUG[0m [2methereum_transaction_pool_monitor::eth_client[0m[2m:[0m 📨 Received WebSocket message: {"jsonrpc":"2.0","method":"eth_subscription","params":{"subscription":"0xbed0a0851463e895960a451075a301a9","result":"0x6475c3d1b29b62581b56498622f5939c6c7d7285adcb3a683b65857c0edc218d"}}
[2m2025-12-10T10:12:30.671173Z[0m [34mDEBUG[0m [2methereum_transaction_pool_monitor::eth_client[0m[2m:[0m 📨 Received pending transaction: 0x6475c3d1b29b62581b56498622f5939c6c7d7285adcb3a683b65857c0edc218d
[2m2025-12-10T10:12:30.671177Z[0m [34mDEBUG[0m [2methereum_transaction_pool_monitor::eth_client[0m[2m:[0m 📨 Received WebSocket message: {"jsonrpc":"2.0","method":"eth_subscription","params":{"subscription":"0xbed0a0851463e895960a451075a301a9","result":"0xd00e6815641893d514e0be3929594c67535d1b918dae4145e4c2ff4fe09bd9bc"}}
[2m2025-12-10T10:12:30.671181Z[0m [34mDEBUG[0m [2methereum_transaction_pool_monitor::eth_client[0m[2m:[0m 📨 Received pending transaction: 0xd00e6815641893d514e0be3929594c67535d1b918dae4145e4c2ff4fe09bd9bc
[2m2025-12-10T10:12:30.674778Z[0m [34mDEBUG[0m [2mhyper::proto::h1::io[0m[2m:[0m parsed 4 headers
[2m2025-12-10T10:12:30.674797Z[0m [34mDEBUG[0m [2mhyper::proto::h1::conn[0m[2m:[0m incoming body is content-length (674 bytes)
[2m2025-12-10T10:12:30.674814Z[0m [34mDEBUG[0m [2mhyper::proto::h1::conn[0m[2m:[0m incoming body completed
[2m2025-12-10T10:12:30.674832Z[0m [34mDEBUG[0m [2mhyper::client::pool[0m[2m:[0m pooling idle connection for ("http", 192.168.0.14:8545)
[2m2025-12-10T10:12:30.674839Z[0m [34mDEBUG[0m [2methereum_transaction_pool_monitor::eth_client[0m[2m:[0m 📡 Transaction fetch RPC completed in 3.79225ms
[2m2025-12-10T10:12:30.745298Z[0m [34mDEBUG[0m [2methereum_transaction_pool_monitor::eth_client[0m[2m:[0m ✅ Transaction 0x891bc367188837c4e58707de48447332903f3ec59a0c9695effd84f60f8cf3ac fetched and parsed in 74.248375ms
[2m2025-12-10T10:12:30.745326Z[0m [34mDEBUG[0m [2methereum_transaction_pool_monitor::mempool_monitor[0m[2m:[0m 🔍 Skipping tx 0x891bc367188837c4e58707de48447332903f3ec59a0c9695effd84f60f8cf3ac - not a DEX interaction (target: 0xA0b86991c6218b36c1d19D4a2e9Eb0cE3606eB48)
[2m2025-12-10T10:12:30.745339Z[0m [34mDEBUG[0m [2methereum_transaction_pool_monitor::mempool_monitor[0m[2m:[0m 📨 Processing new pending transaction: 0x32218cd3a4565d6a17175545866701ae696a4f63f16e0734a409a9cf6791aee8
[2m2025-12-10T10:12:30.745345Z[0m [34mDEBUG[0m [2methereum_transaction_pool_monitor::mempool_monitor[0m[2m:[0m 🔍 Fetching transaction details for: 0x32218cd3a4565d6a17175545866701ae696a4f63f16e0734a409a9cf6791aee8
[2m2025-12-10T10:12:30.745351Z[0m [34mDEBUG[0m [2methereum_transaction_pool_monitor::eth_client[0m[2m:[0m 🔍 Fetching transaction details for hash: 0x32218cd3a4565d6a17175545866701ae696a4f63f16e0734a409a9cf6791aee8
[2m2025-12-10T10:12:30.745371Z[0m [34mDEBUG[0m [2mhyper::client::pool[0m[2m:[0m reuse idle connection for ("http", 192.168.0.14:8545)
[2m2025-12-10T10:12:30.745400Z[0m [34mDEBUG[0m [2mhyper::proto::h1::io[0m[2m:[0m flushed 250 bytes
[2m2025-12-10T10:12:30.745421Z[0m [34mDEBUG[0m [2mhyper::client::pool[0m[2m:[0m reuse idle connection for ("http", 192.168.0.14:8545)
[2m2025-12-10T10:12:30.745433Z[0m [34mDEBUG[0m [2methereum_transaction_pool_monitor::eth_client[0m[2m:[0m 📨 Received WebSocket message: {"jsonrpc":"2.0","method":"eth_subscription","params":{"subscription":"0xbed0a0851463e895960a451075a301a9","result":"0xefc3cb8f1321b2d9b245f1d86ed7746e2e7857bc9cf777b2d33de9f690e17ab2"}}
[2m2025-12-10T10:12:30.745445Z[0m [34mDEBUG[0m [2methereum_transaction_pool_monitor::eth_client[0m[2m:[0m 📨 Received pending transaction: 0xefc3cb8f1321b2d9b245f1d86ed7746e2e7857bc9cf777b2d33de9f690e17ab2
[2m2025-12-10T10:12:30.745452Z[0m [34mDEBUG[0m [2methereum_transaction_pool_monitor::eth_client[0m[2m:[0m 📨 Received WebSocket message: {"jsonrpc":"2.0","method":"eth_subscription","params":{"subscription":"0xbed0a0851463e895960a451075a301a9","result":"0x797eb52798bd97784db77695813d016540f5e3b4845e19b8baf3ebeddf5a557b"}}
[2m2025-12-10T10:12:30.745458Z[0m [34mDEBUG[0m [2methereum_transaction_pool_monitor::eth_client[0m[2m:[0m 📨 Received pending transaction: 0x797eb52798bd97784db77695813d016540f5e3b4845e19b8baf3ebeddf5a557b
[2m2025-12-10T10:12:30.745435Z[0m [34mDEBUG[0m [2mhyper::proto::h1::io[0m[2m:[0m flushed 172 bytes
[2m2025-12-10T10:12:30.749652Z[0m [34mDEBUG[0m [2mhyper::proto::h1::io[0m[2m:[0m parsed 4 headers
[2m2025-12-10T10:12:30.749659Z[0m [34mDEBUG[0m [2mhyper::proto::h1::conn[0m[2m:[0m incoming body is content-length (709 bytes)
[2m2025-12-10T10:12:30.749672Z[0m [34mDEBUG[0m [2mhyper::proto::h1::conn[0m[2m:[0m incoming body completed
[2m2025-12-10T10:12:30.749687Z[0m [34mDEBUG[0m [2mhyper::client::pool[0m[2m:[0m pooling idle connection for ("http", 192.168.0.14:8545)
[2m2025-12-10T10:12:30.749838Z[0m [34mDEBUG[0m [2methereum_transaction_pool_monitor::eth_client[0m[2m:[0m 📡 Transaction fetch RPC completed in 4.481292ms
[2m2025-12-10T10:12:30.821301Z[0m [34mDEBUG[0m [2methereum_transaction_pool_monitor::eth_client[0m[2m:[0m ✅ Transaction 0x32218cd3a4565d6a17175545866701ae696a4f63f16e0734a409a9cf6791aee8 fetched and parsed in 75.941334ms
[2m2025-12-10T10:12:30.821328Z[0m [34mDEBUG[0m [2methereum_transaction_pool_monitor::mempool_monitor[0m[2m:[0m 🔍 Skipping tx 0x32218cd3a4565d6a17175545866701ae696a4f63f16e0734a409a9cf6791aee8 - not a DEX interaction (target: 0x1e6e6856A6Ac7237f839c055E78Fc647ef6Fb458)
[2m2025-12-10T10:12:30.821339Z[0m [34mDEBUG[0m [2methereum_transaction_pool_monitor::mempool_monitor[0m[2m:[0m 📨 Processing new pending transaction: 0x2c8c628e45d168e37029ac7031a50e374d0ed59413e47baf80a8b57a62ba45e0
[2m2025-12-10T10:12:30.821348Z[0m [34mDEBUG[0m [2methereum_transaction_pool_monitor::mempool_monitor[0m[2m:[0m 🔍 Fetching transaction details for: 0x2c8c628e45d168e37029ac7031a50e374d0ed59413e47baf80a8b57a62ba45e0
[2m2025-12-10T10:12:30.821355Z[0m [34mDEBUG[0m [2methereum_transaction_pool_monitor::eth_client[0m[2m:[0m 🔍 Fetching transaction details for hash: 0x2c8c628e45d168e37029ac7031a50e374d0ed59413e47baf80a8b57a62ba45e0
[2m2025-12-10T10:12:30.821373Z[0m [34mDEBUG[0m [2mhyper::client::pool[0m[2m:[0m reuse idle connection for ("http", 192.168.0.14:8545)
[2m2025-12-10T10:12:30.821410Z[0m [34mDEBUG[0m [2mhyper::proto::h1::io[0m[2m:[0m flushed 250 bytes
[2m2025-12-10T10:12:30.821432Z[0m [34mDEBUG[0m [2methereum_transaction_pool_monitor::eth_client[0m[2m:[0m 📨 Received WebSocket message: {"jsonrpc":"2.0","method":"eth_subscription","params":{"subscription":"0xbed0a0851463e895960a451075a301a9","result":"0xf364852256a7c49ba6855cf168703833da5387be321591df9199f33d47fd0291"}}
[2m2025-12-10T10:12:30.821436Z[0m [34mDEBUG[0m [2mhyper::proto::h1::io[0m[2m:[0m parsed 4 headers
[2m2025-12-10T10:12:30.821439Z[0m [34mDEBUG[0m [2methereum_transaction_pool_monitor::eth_client[0m[2m:[0m 📨 Received pending transaction: 0xf364852256a7c49ba6855cf168703833da5387be321591df9199f33d47fd0291
[2m2025-12-10T10:12:30.821446Z[0m [34mDEBUG[0m [2mhyper::proto::h1::conn[0m[2m:[0m incoming body is content-length (45 bytes)
[2m2025-12-10T10:12:30.821453Z[0m [34mDEBUG[0m [2methereum_transaction_pool_monitor::eth_client[0m[2m:[0m 📨 Received WebSocket message: {"jsonrpc":"2.0","method":"eth_subscription","params":{"subscription":"0xbed0a0851463e895960a451075a301a9","result":"0x35207529d5ef9254b3e5aba151b16dc2830d50aae84dd1b2d552ed7dc8b98f3d"}}
[2m2025-12-10T10:12:30.821459Z[0m [34mDEBUG[0m [2mhyper::proto::h1::conn[0m[2m:[0m incoming body completed
[2m2025-12-10T10:12:30.821461Z[0m [34mDEBUG[0m [2methereum_transaction_pool_monitor::eth_client[0m[2m:[0m 📨 Received pending transaction: 0x35207529d5ef9254b3e5aba151b16dc2830d50aae84dd1b2d552ed7dc8b98f3d
[2m2025-12-10T10:12:30.821469Z[0m [34mDEBUG[0m [2mhyper::client::pool[0m[2m:[0m pooling idle connection for ("http", 192.168.0.14:8545)
[2m2025-12-10T10:12:30.821470Z[0m [34mDEBUG[0m [2methereum_transaction_pool_monitor::eth_client[0m[2m:[0m 📨 Received WebSocket message: {"jsonrpc":"2.0","method":"eth_subscription","params":{"subscription":"0xbed0a0851463e895960a451075a301a9","result":"0xfa1e7589d659043b610714280a4d24aae9a2c88da4b54ea6081887391d93fb28"}}
[2m2025-12-10T10:12:30.821485Z[0m [34mDEBUG[0m [2methereum_transaction_pool_monitor::eth_client[0m[2m:[0m 📨 Received pending transaction: 0xfa1e7589d659043b610714280a4d24aae9a2c88da4b54ea6081887391d93fb28
[2m2025-12-10T10:12:30.821488Z[0m [34mDEBUG[0m [2mhyper::client::pool[0m[2m:[0m reuse idle connection for ("http", 192.168.0.14:8545)
[2m2025-12-10T10:12:30.821491Z[0m [34mDEBUG[0m [2methereum_transaction_pool_monitor::eth_client[0m[2m:[0m 📨 Received WebSocket message: {"jsonrpc":"2.0","method":"eth_subscription","params":{"subscription":"0xbed0a0851463e895960a451075a301a9","result":"0x6b67e47dde3d379d4b7a33808bd7439aa1a225694f52c2c00113b10c92f959a7"}}
[2m2025-12-10T10:12:30.821499Z[0m [34mDEBUG[0m [2methereum_transaction_pool_monitor::eth_client[0m[2m:[0m 📨 Received pending transaction: 0x6b67e47dde3d379d4b7a33808bd7439aa1a225694f52c2c00113b10c92f959a7
[2m2025-12-10T10:12:30.821503Z[0m [34mDEBUG[0m [2mhyper::proto::h1::io[0m[2m:[0m flushed 172 bytes
[2m2025-12-10T10:12:30.821503Z[0m [34mDEBUG[0m [2methereum_transaction_pool_monitor::eth_client[0m[2m:[0m 📨 Received WebSocket message: {"jsonrpc":"2.0","method":"eth_subscription","params":{"subscription":"0xbed0a0851463e895960a451075a301a9","result":"0x6dacd254757d04037afbfbaa45308341b192e2ff88fd2104b7091a9fc3366377"}}
[2m2025-12-10T10:12:30.821520Z[0m [34mDEBUG[0m [2methereum_transaction_pool_monitor::eth_client[0m[2m:[0m 📨 Received pending transaction: 0x6dacd254757d04037afbfbaa45308341b192e2ff88fd2104b7091a9fc3366377
[2m2025-12-10T10:12:30.826876Z[0m [34mDEBUG[0m [2mhyper::proto::h1::io[0m[2m:[0m parsed 4 headers
[2m2025-12-10T10:12:30.826882Z[0m [34mDEBUG[0m [2mhyper::proto::h1::conn[0m[2m:[0m incoming body is content-length (647 bytes)
[2m2025-12-10T10:12:30.826887Z[0m [34mDEBUG[0m [2mhyper::proto::h1::conn[0m[2m:[0m incoming body completed
[2m2025-12-10T10:12:30.826892Z[0m [34mDEBUG[0m [2mhyper::client::pool[0m[2m:[0m pooling idle connection for ("http", 192.168.0.14:8545)
[2m2025-12-10T10:12:30.826896Z[0m [34mDEBUG[0m [2methereum_transaction_pool_monitor::eth_client[0m[2m:[0m 📡 Transaction fetch RPC completed in 5.5345ms
[2m2025-12-10T10:12:30.898479Z[0m [34mDEBUG[0m [2methereum_transaction_pool_monitor::eth_client[0m[2m:[0m ✅ Transaction 0x2c8c628e45d168e37029ac7031a50e374d0ed59413e47baf80a8b57a62ba45e0 fetched and parsed in 77.115ms
[2m2025-12-10T10:12:30.898504Z[0m [34mDEBUG[0m [2methereum_transaction_pool_monitor::mempool_monitor[0m[2m:[0m 🔍 Skipping tx 0x2c8c628e45d168e37029ac7031a50e374d0ed59413e47baf80a8b57a62ba45e0 - not a DEX interaction (target: 0xa35612DDCee18981969003c40ddB1E68B745E572)
[2m2025-12-10T10:12:30.898513Z[0m [34mDEBUG[0m [2methereum_transaction_pool_monitor::mempool_monitor[0m[2m:[0m 📨 Processing new pending transaction: 0xff118d14c7ab0dc870ec54d00ff46b7e1534aef0eb998c8e36768a41560f32ba
[2m2025-12-10T10:12:30.898520Z[0m [34mDEBUG[0m [2methereum_transaction_pool_monitor::mempool_monitor[0m[2m:[0m 🔍 Fetching transaction details for: 0xff118d14c7ab0dc870ec54d00ff46b7e1534aef0eb998c8e36768a41560f32ba
[2m2025-12-10T10:12:30.898524Z[0m [34mDEBUG[0m [2methereum_transaction_pool_monitor::eth_client[0m[2m:[0m 🔍 Fetching transaction details for hash: 0xff118d14c7ab0dc870ec54d00ff46b7e1534aef0eb998c8e36768a41560f32ba
[2m2025-12-10T10:12:30.898541Z[0m [34mDEBUG[0m [2mhyper::client::pool[0m[2m:[0m reuse idle connection for ("http", 192.168.0.14:8545)
[2m2025-12-10T10:12:30.898573Z[0m [34mDEBUG[0m [2mhyper::proto::h1::io[0m[2m:[0m flushed 250 bytes
[2m2025-12-10T10:12:30.898596Z[0m [34mDEBUG[0m [2methereum_transaction_pool_monitor::eth_client[0m[2m:[0m 📨 Received WebSocket message: {"jsonrpc":"2.0","method":"eth_subscription","params":{"subscription":"0xbed0a0851463e895960a451075a301a9","result":"0x32f0c242d9bfbc05a4a2eed8dc5f2cfae71fa10ed577be45dc07d888cc5820e1"}}
[2m2025-12-10T10:12:30.898598Z[0m [34mDEBUG[0m [2mhyper::proto::h1::io[0m[2m:[0m parsed 4 headers
[2m2025-12-10T10:12:30.898605Z[0m [34mDEBUG[0m [2methereum_transaction_pool_monitor::eth_client[0m[2m:[0m 📨 Received pending transaction: 0x32f0c242d9bfbc05a4a2eed8dc5f2cfae71fa10ed577be45dc07d888cc5820e1
[2m2025-12-10T10:12:30.898607Z[0m [34mDEBUG[0m [2mhyper::proto::h1::conn[0m[2m:[0m incoming body is content-length (45 bytes)
[2m2025-12-10T10:12:30.898612Z[0m [34mDEBUG[0m [2methereum_transaction_pool_monitor::eth_client[0m[2m:[0m 📨 Received WebSocket message: {"jsonrpc":"2.0","method":"eth_subscription","params":{"subscription":"0xbed0a0851463e895960a451075a301a9","result":"0xfc1b3c1a46226384ea2def472cb0a58832a139e0aaa5f8d7f5a5418338e98440"}}
[2m2025-12-10T10:12:30.898616Z[0m [34mDEBUG[0m [2mhyper::proto::h1::conn[0m[2m:[0m incoming body completed
[2m2025-12-10T10:12:30.898618Z[0m [34mDEBUG[0m [2methereum_transaction_pool_monitor::eth_client[0m[2m:[0m 📨 Received pending transaction: 0xfc1b3c1a46226384ea2def472cb0a58832a139e0aaa5f8d7f5a5418338e98440
[2m2025-12-10T10:12:30.898624Z[0m [34mDEBUG[0m [2methereum_transaction_pool_monitor::eth_client[0m[2m:[0m 📨 Received WebSocket message: {"jsonrpc":"2.0","method":"eth_subscription","params":{"subscription":"0xbed0a0851463e895960a451075a301a9","result":"0x26c11b8594aa7aa572c6fb73f00e7f2497dd0b515e29096755ef17cace814148"}}
[2m2025-12-10T10:12:30.898631Z[0m [34mDEBUG[0m [2methereum_transaction_pool_monitor::eth_client[0m[2m:[0m 📨 Received pending transaction: 0x26c11b8594aa7aa572c6fb73f00e7f2497dd0b515e29096755ef17cace814148
[2m2025-12-10T10:12:30.898625Z[0m [34mDEBUG[0m [2mhyper::client::pool[0m[2m:[0m pooling idle connection for ("http", 192.168.0.14:8545)
[2m2025-12-10T10:12:30.898654Z[0m [34mDEBUG[0m [2mhyper::client::pool[0m[2m:[0m reuse idle connection for ("http", 192.168.0.14:8545)
[2m2025-12-10T10:12:30.898667Z[0m [34mDEBUG[0m [2mhyper::proto::h1::io[0m[2m:[0m flushed 172 bytes
[2m2025-12-10T10:12:30.904052Z[0m [34mDEBUG[0m [2mhyper::proto::h1::io[0m[2m:[0m parsed 4 headers
[2m2025-12-10T10:12:30.904067Z[0m [34mDEBUG[0m [2mhyper::proto::h1::conn[0m[2m:[0m incoming body is content-length (674 bytes)
[2m2025-12-10T10:12:30.904072Z[0m [34mDEBUG[0m [2mhyper::proto::h1::conn[0m[2m:[0m incoming body completed
[2m2025-12-10T10:12:30.904078Z[0m [34mDEBUG[0m [2mhyper::client::pool[0m[2m:[0m pooling idle connection for ("http", 192.168.0.14:8545)
[2m2025-12-10T10:12:30.904083Z[0m [34mDEBUG[0m [2methereum_transaction_pool_monitor::eth_client[0m[2m:[0m 📡 Transaction fetch RPC completed in 5.554625ms
[2m2025-12-10T10:12:30.904099Z[0m [34mDEBUG[0m [2methereum_transaction_pool_monitor::eth_client[0m[2m:[0m DeFi transaction detected - Address: 0xdac17f958d2ee523a2206206994597c13d831ec7, Type: Stablecoin, Value: 0 ETH, Gas: 0.19 Gwei
[2m2025-12-10T10:12:30.904118Z[0m [34mDEBUG[0m [2methereum_transaction_pool_monitor::eth_client[0m[2m:[0m ✅ Transaction 0xff118d14c7ab0dc870ec54d00ff46b7e1534aef0eb998c8e36768a41560f32ba fetched and parsed in 5.5905ms
[2m2025-12-10T10:12:30.904124Z[0m [34mDEBUG[0m [2methereum_transaction_pool_monitor::mempool_monitor[0m[2m:[0m 🔍 Skipping tx 0xff118d14c7ab0dc870ec54d00ff46b7e1534aef0eb998c8e36768a41560f32ba - not a DEX interaction (target: 0xdAC17F958D2ee523a2206206994597C13D831ec7)
[2m2025-12-10T10:12:30.904131Z[0m [34mDEBUG[0m [2methereum_transaction_pool_monitor::mempool_monitor[0m[2m:[0m 📨 Processing new pending transaction: 0x547c3dee8ad0206d42a9465e4917e89521fd43379a0e4947c31b95e9abaf1ea5
[2m2025-12-10T10:12:30.904135Z[0m [34mDEBUG[0m [2methereum_transaction_pool_monitor::mempool_monitor[0m[2m:[0m 🔍 Fetching transaction details for: 0x547c3dee8ad0206d42a9465e4917e89521fd43379a0e4947c31b95e9abaf1ea5
[2m2025-12-10T10:12:30.904139Z[0m [34mDEBUG[0m [2methereum_transaction_pool_monitor::eth_client[0m[2m:[0m 🔍 Fetching transaction details for hash: 0x547c3dee8ad0206d42a9465e4917e89521fd43379a0e4947c31b95e9abaf1ea5
[2m2025-12-10T10:12:30.904145Z[0m [34mDEBUG[0m [2mhyper::client::pool[0m[2m:[0m reuse idle connection for ("http", 192.168.0.14:8545)
[2m2025-12-10T10:12:30.904161Z[0m [34mDEBUG[0m [2mhyper::proto::h1::io[0m[2m:[0m flushed 250 bytes
[2m2025-12-10T10:12:30.904168Z[0m [34mDEBUG[0m [2mhyper::proto::h1::io[0m[2m:[0m parsed 4 headers
[2m2025-12-10T10:12:30.904172Z[0m [34mDEBUG[0m [2mhyper::proto::h1::conn[0m[2m:[0m incoming body is content-length (45 bytes)
[2m2025-12-10T10:12:30.904176Z[0m [34mDEBUG[0m [2mhyper::proto::h1::conn[0m[2m:[0m incoming body completed
[2m2025-12-10T10:12:30.904180Z[0m [34mDEBUG[0m [2mhyper::client::pool[0m[2m:[0m pooling idle connection for ("http", 192.168.0.14:8545)
[2m2025-12-10T10:12:30.910163Z[0m [34mDEBUG[0m [2mhyper::proto::h1::io[0m[2m:[0m parsed 4 headers
[2m2025-12-10T10:12:30.910167Z[0m [34mDEBUG[0m [2mhyper::proto::h1::conn[0m[2m:[0m incoming body is content-length (672 bytes)
[2m2025-12-10T10:12:30.910171Z[0m [34mDEBUG[0m [2mhyper::proto::h1::conn[0m[2m:[0m incoming body completed
[2m2025-12-10T10:12:30.910175Z[0m [34mDEBUG[0m [2mhyper::client::pool[0m[2m:[0m pooling idle connection for ("http", 192.168.0.14:8545)
[2m2025-12-10T10:12:30.910180Z[0m [34mDEBUG[0m [2methereum_transaction_pool_monitor::eth_client[0m[2m:[0m 📡 Transaction fetch RPC completed in 6.036458ms
[2m2025-12-10T10:12:30.910188Z[0m [34mDEBUG[0m [2methereum_transaction_pool_monitor::eth_client[0m[2m:[0m DeFi transaction detected - Address: 0xdac17f958d2ee523a2206206994597c13d831ec7, Type: Stablecoin, Value: 0 ETH, Gas: 0.19 Gwei
[2m2025-12-10T10:12:30.910199Z[0m [34mDEBUG[0m [2methereum_transaction_pool_monitor::eth_client[0m[2m:[0m ✅ Transaction 0x547c3dee8ad0206d42a9465e4917e89521fd43379a0e4947c31b95e9abaf1ea5 fetched and parsed in 6.055541ms
[2m2025-12-10T10:12:30.910211Z[0m [34mDEBUG[0m [2methereum_transaction_pool_monitor::mempool_monitor[0m[2m:[0m 🔍 Skipping tx 0x547c3dee8ad0206d42a9465e4917e89521fd43379a0e4947c31b95e9abaf1ea5 - not a DEX interaction (target: 0xdAC17F958D2ee523a2206206994597C13D831ec7)
[2m2025-12-10T10:12:30.910216Z[0m [34mDEBUG[0m [2methereum_transaction_pool_monitor::mempool_monitor[0m[2m:[0m 📨 Processing new pending transaction: 0x6a19775f121d36a25760eaff4521ee5bf93338b3e154eab66fd8309463a73d16
[2m2025-12-10T10:12:30.910220Z[0m [34mDEBUG[0m [2methereum_transaction_pool_monitor::mempool_monitor[0m[2m:[0m 🔍 Fetching transaction details for: 0x6a19775f121d36a25760eaff4521ee5bf93338b3e154eab66fd8309463a73d16
[2m2025-12-10T10:12:30.910223Z[0m [34mDEBUG[0m [2methereum_transaction_pool_monitor::eth_client[0m[2m:[0m 🔍 Fetching transaction details for hash: 0x6a19775f121d36a25760eaff4521ee5bf93338b3e154eab66fd8309463a73d16
[2m2025-12-10T10:12:30.910230Z[0m [34mDEBUG[0m [2mhyper::client::pool[0m[2m:[0m reuse idle connection for ("http", 192.168.0.14:8545)
[2m2025-12-10T10:12:30.910247Z[0m [34mDEBUG[0m [2mhyper::proto::h1::io[0m[2m:[0m flushed 250 bytes
[2m2025-12-10T10:12:30.915040Z[0m [34mDEBUG[0m [2mhyper::proto::h1::io[0m[2m:[0m parsed 4 headers
[2m2025-12-10T10:12:30.915063Z[0m [34mDEBUG[0m [2mhyper::proto::h1::conn[0m[2m:[0m incoming body is content-length (675 bytes)
[2m2025-12-10T10:12:30.915079Z[0m [34mDEBUG[0m [2mhyper::proto::h1::conn[0m[2m:[0m incoming body completed
[2m2025-12-10T10:12:30.915096Z[0m [34mDEBUG[0m [2mhyper::client::pool[0m[2m:[0m pooling idle connection for ("http", 192.168.0.14:8545)
[2m2025-12-10T10:12:30.915103Z[0m [34mDEBUG[0m [2methereum_transaction_pool_monitor::eth_client[0m[2m:[0m 📡 Transaction fetch RPC completed in 4.8755ms
[2m2025-12-10T10:12:30.915109Z[0m [34mDEBUG[0m [2methereum_transaction_pool_monitor::eth_client[0m[2m:[0m DeFi transaction detected - Address: 0xdac17f958d2ee523a2206206994597c13d831ec7, Type: Stablecoin, Value: 0 ETH, Gas: 0.19 Gwei
[2m2025-12-10T10:12:30.915116Z[0m [34mDEBUG[0m [2methereum_transaction_pool_monitor::eth_client[0m[2m:[0m ✅ Transaction 0x6a19775f121d36a25760eaff4521ee5bf93338b3e154eab66fd8309463a73d16 fetched and parsed in 4.88875ms
[2m2025-12-10T10:12:30.915134Z[0m [34mDEBUG[0m [2methereum_transaction_pool_monitor::mempool_monitor[0m[2m:[0m 🔍 Skipping tx 0x6a19775f121d36a25760eaff4521ee5bf93338b3e154eab66fd8309463a73d16 - not a DEX interaction (target: 0xdAC17F958D2ee523a2206206994597C13D831ec7)
[2m2025-12-10T10:12:30.915140Z[0m [34mDEBUG[0m [2methereum_transaction_pool_monitor::mempool_monitor[0m[2m:[0m 📨 Processing new pending transaction: 0x6475c3d1b29b62581b56498622f5939c6c7d7285adcb3a683b65857c0edc218d
[2m2025-12-10T10:12:30.915220Z[0m [34mDEBUG[0m [2methereum_transaction_pool_monitor::mempool_monitor[0m[2m:[0m 🔍 Fetching transaction details for: 0x6475c3d1b29b62581b56498622f5939c6c7d7285adcb3a683b65857c0edc218d
[2m2025-12-10T10:12:30.915227Z[0m [34mDEBUG[0m [2methereum_transaction_pool_monitor::eth_client[0m[2m:[0m 🔍 Fetching transaction details for hash: 0x6475c3d1b29b62581b56498622f5939c6c7d7285adcb3a683b65857c0edc218d
[2m2025-12-10T10:12:30.915235Z[0m [34mDEBUG[0m [2mhyper::client::pool[0m[2m:[0m reuse idle connection for ("http", 192.168.0.14:8545)
[2m2025-12-10T10:12:30.915247Z[0m [34mDEBUG[0m [2mhyper::proto::h1::io[0m[2m:[0m flushed 250 bytes
[2m2025-12-10T10:12:30.918909Z[0m [34mDEBUG[0m [2methereum_transaction_pool_monitor::eth_client[0m[2m:[0m 📨 Received WebSocket message: {"jsonrpc":"2.0","method":"eth_subscription","params":{"subscription":"0xbed0a0851463e895960a451075a301a9","result":"0x8946831065b5c197d6f0192bb5e6260419f5b3ff5f31fca993355b2b73c8ed0f"}}
[2m2025-12-10T10:12:30.918938Z[0m [34mDEBUG[0m [2methereum_transaction_pool_monitor::eth_client[0m[2m:[0m 📨 Received pending transaction: 0x8946831065b5c197d6f0192bb5e6260419f5b3ff5f31fca993355b2b73c8ed0f
[2m2025-12-10T10:12:30.920543Z[0m [34mDEBUG[0m [2methereum_transaction_pool_monitor::eth_client[0m[2m:[0m 📨 Received WebSocket message: {"jsonrpc":"2.0","method":"eth_subscription","params":{"subscription":"0xbed0a0851463e895960a451075a301a9","result":"0xdc3ad736e429930e0a2409f525307406f981d9c97bd359f9e309406c833d8cd0"}}
[2m2025-12-10T10:12:30.920568Z[0m [34mDEBUG[0m [2methereum_transaction_pool_monitor::eth_client[0m[2m:[0m 📨 Received pending transaction: 0xdc3ad736e429930e0a2409f525307406f981d9c97bd359f9e309406c833d8cd0
[2m2025-12-10T10:12:30.921261Z[0m [34mDEBUG[0m [2mhyper::proto::h1::io[0m[2m:[0m parsed 4 headers
[2m2025-12-10T10:12:30.921280Z[0m [34mDEBUG[0m [2mhyper::proto::h1::conn[0m[2m:[0m incoming body is content-length (674 bytes)
[2m2025-12-10T10:12:30.921298Z[0m [34mDEBUG[0m [2mhyper::proto::h1::conn[0m[2m:[0m incoming body completed
[2m2025-12-10T10:12:30.921319Z[0m [34mDEBUG[0m [2mhyper::client::pool[0m[2m:[0m pooling idle connection for ("http", 192.168.0.14:8545)
[2m2025-12-10T10:12:30.921326Z[0m [34mDEBUG[0m [2methereum_transaction_pool_monitor::eth_client[0m[2m:[0m 📡 Transaction fetch RPC completed in 6.093458ms
[2m2025-12-10T10:12:30.921348Z[0m [34mDEBUG[0m [2methereum_transaction_pool_monitor::eth_client[0m[2m:[0m DeFi transaction detected - Address: 0xdac17f958d2ee523a2206206994597c13d831ec7, Type: Stablecoin, Value: 0 ETH, Gas: 0.19 Gwei
[2m2025-12-10T10:12:30.921356Z[0m [34mDEBUG[0m [2methereum_transaction_pool_monitor::eth_client[0m[2m:[0m ✅ Transaction 0x6475c3d1b29b62581b56498622f5939c6c7d7285adcb3a683b65857c0edc218d fetched and parsed in 6.12375ms
[2m2025-12-10T10:12:30.921362Z[0m [34mDEBUG[0m [2methereum_transaction_pool_monitor::mempool_monitor[0m[2m:[0m 🔍 Skipping tx 0x6475c3d1b29b62581b56498622f5939c6c7d7285adcb3a683b65857c0edc218d - not a DEX interaction (target: 0xdAC17F958D2ee523a2206206994597C13D831ec7)
[2m2025-12-10T10:12:30.921367Z[0m [34mDEBUG[0m [2methereum_transaction_pool_monitor::mempool_monitor[0m[2m:[0m 📨 Processing new pending transaction: 0xd00e6815641893d514e0be3929594c67535d1b918dae4145e4c2ff4fe09bd9bc
[2m2025-12-10T10:12:30.921371Z[0m [34mDEBUG[0m [2methereum_transaction_pool_monitor::mempool_monitor[0m[2m:[0m 🔍 Fetching transaction details for: 0xd00e6815641893d514e0be3929594c67535d1b918dae4145e4c2ff4fe09bd9bc
[2m2025-12-10T10:12:30.921375Z[0m [34mDEBUG[0m [2methereum_transaction_pool_monitor::eth_client[0m[2m:[0m 🔍 Fetching transaction details for hash: 0xd00e6815641893d514e0be3929594c67535d1b918dae4145e4c2ff4fe09bd9bc
[2m2025-12-10T10:12:30.921382Z[0m [34mDEBUG[0m [2mhyper::client::pool[0m[2m:[0m reuse idle connection for ("http", 192.168.0.14:8545)
[2m2025-12-10T10:12:30.921394Z[0m [34mDEBUG[0m [2mhyper::proto::h1::io[0m[2m:[0m flushed 250 bytes
[2m2025-12-10T10:12:30.925912Z[0m [34mDEBUG[0m [2mhyper::proto::h1::io[0m[2m:[0m parsed 4 headers
[2m2025-12-10T10:12:30.925930Z[0m [34mDEBUG[0m [2mhyper::proto::h1::conn[0m[2m:[0m incoming body is content-length (767 bytes)
[2m2025-12-10T10:12:30.925946Z[0m [34mDEBUG[0m [2mhyper::proto::h1::conn[0m[2m:[0m incoming body completed
[2m2025-12-10T10:12:30.925955Z[0m [34mDEBUG[0m [2mhyper::client::pool[0m[2m:[0m pooling idle connection for ("http", 192.168.0.14:8545)
[2m2025-12-10T10:12:30.925959Z[0m [34mDEBUG[0m [2methereum_transaction_pool_monitor::eth_client[0m[2m:[0m 📡 Transaction fetch RPC completed in 4.579833ms
[2m2025-12-10T10:12:30.925967Z[0m [34mDEBUG[0m [2methereum_transaction_pool_monitor::eth_client[0m[2m:[0m DeFi transaction detected - Address: 0xdac17f958d2ee523a2206206994597c13d831ec7, Type: Stablecoin, Value: 0 ETH, Gas: 0.20 Gwei
[2m2025-12-10T10:12:30.925984Z[0m [34mDEBUG[0m [2methereum_transaction_pool_monitor::eth_client[0m[2m:[0m ✅ Transaction 0xd00e6815641893d514e0be3929594c67535d1b918dae4145e4c2ff4fe09bd9bc fetched and parsed in 4.604333ms
[2m2025-12-10T10:12:30.925988Z[0m [34mDEBUG[0m [2methereum_transaction_pool_monitor::mempool_monitor[0m[2m:[0m 🔍 Skipping tx 0xd00e6815641893d514e0be3929594c67535d1b918dae4145e4c2ff4fe09bd9bc - not a DEX interaction (target: 0xdAC17F958D2ee523a2206206994597C13D831ec7)
[2m2025-12-10T10:12:30.925993Z[0m [34mDEBUG[0m [2methereum_transaction_pool_monitor::mempool_monitor[0m[2m:[0m 📨 Processing new pending transaction: 0xefc3cb8f1321b2d9b245f1d86ed7746e2e7857bc9cf777b2d33de9f690e17ab2
[2m2025-12-10T10:12:30.925997Z[0m [34mDEBUG[0m [2methereum_transaction_pool_monitor::mempool_monitor[0m[2m:[0m 🔍 Fetching transaction details for: 0xefc3cb8f1321b2d9b245f1d86ed7746e2e7857bc9cf777b2d33de9f690e17ab2
[2m2025-12-10T10:12:30.926000Z[0m [34mDEBUG[0m [2methereum_transaction_pool_monitor::eth_client[0m[2m:[0m 🔍 Fetching transaction details for hash: 0xefc3cb8f1321b2d9b245f1d86ed7746e2e7857bc9cf777b2d33de9f690e17ab2
[2m2025-12-10T10:12:30.926005Z[0m [34mDEBUG[0m [2mhyper::client::pool[0m[2m:[0m reuse idle connection for ("http", 192.168.0.14:8545)
[2m2025-12-10T10:12:30.926016Z[0m [34mDEBUG[0m [2mhyper::proto::h1::io[0m[2m:[0m flushed 250 bytes
[2m2025-12-10T10:12:30.931452Z[0m [34mDEBUG[0m [2mhyper::proto::h1::io[0m[2m:[0m parsed 4 headers
[2m2025-12-10T10:12:30.931470Z[0m [34mDEBUG[0m [2mhyper::proto::h1::conn[0m[2m:[0m incoming body is content-length (674 bytes)
[2m2025-12-10T10:12:30.931485Z[0m [34mDEBUG[0m [2mhyper::proto::h1::conn[0m[2m:[0m incoming body completed
[2m2025-12-10T10:12:30.931501Z[0m [34mDEBUG[0m [2mhyper::client::pool[0m[2m:[0m pooling idle connection for ("http", 192.168.0.14:8545)
[2m2025-12-10T10:12:30.931509Z[0m [34mDEBUG[0m [2methereum_transaction_pool_monitor::eth_client[0m[2m:[0m 📡 Transaction fetch RPC completed in 5.505708ms
[2m2025-12-10T10:12:30.931515Z[0m [34mDEBUG[0m [2methereum_transaction_pool_monitor::eth_client[0m[2m:[0m DeFi transaction detected - Address: 0xdac17f958d2ee523a2206206994597c13d831ec7, Type: Stablecoin, Value: 0 ETH, Gas: 0.19 Gwei
[2m2025-12-10T10:12:30.931522Z[0m [34mDEBUG[0m [2methereum_transaction_pool_monitor::eth_client[0m[2m:[0m ✅ Transaction 0xefc3cb8f1321b2d9b245f1d86ed7746e2e7857bc9cf777b2d33de9f690e17ab2 fetched and parsed in 5.519333ms
[2m2025-12-10T10:12:30.931527Z[0m [34mDEBUG[0m [2methereum_transaction_pool_monitor::mempool_monitor[0m[2m:[0m 🔍 Skipping tx 0xefc3cb8f1321b2d9b245f1d86ed7746e2e7857bc9cf777b2d33de9f690e17ab2 - not a DEX interaction (target: 0xdAC17F958D2ee523a2206206994597C13D831ec7)
[2m2025-12-10T10:12:30.931531Z[0m [34mDEBUG[0m [2methereum_transaction_pool_monitor::mempool_monitor[0m[2m:[0m 📨 Processing new pending transaction: 0x797eb52798bd97784db77695813d016540f5e3b4845e19b8baf3ebeddf5a557b
[2m2025-12-10T10:12:30.931537Z[0m [34mDEBUG[0m [2methereum_transaction_pool_monitor::mempool_monitor[0m[2m:[0m 🔍 Fetching transaction details for: 0x797eb52798bd97784db77695813d016540f5e3b4845e19b8baf3ebeddf5a557b
[2m2025-12-10T10:12:30.931541Z[0m [34mDEBUG[0m [2methereum_transaction_pool_monitor::eth_client[0m[2m:[0m 🔍 Fetching transaction details for hash: 0x797eb52798bd97784db77695813d016540f5e3b4845e19b8baf3ebeddf5a557b
[2m2025-12-10T10:12:30.931546Z[0m [34mDEBUG[0m [2mhyper::client::pool[0m[2m:[0m reuse idle connection for ("http", 192.168.0.14:8545)
[2m2025-12-10T10:12:30.931557Z[0m [34mDEBUG[0m [2mhyper::proto::h1::io[0m[2m:[0m flushed 250 bytes
[2m2025-12-10T10:12:30.936071Z[0m [34mDEBUG[0m [2mhyper::proto::h1::io[0m[2m:[0m parsed 4 headers
[2m2025-12-10T10:12:30.936077Z[0m [34mDEBUG[0m [2mhyper::proto::h1::conn[0m[2m:[0m incoming body is content-length (828 bytes)
[2m2025-12-10T10:12:30.936081Z[0m [34mDEBUG[0m [2mhyper::proto::h1::conn[0m[2m:[0m incoming body completed
[2m2025-12-10T10:12:30.936085Z[0m [34mDEBUG[0m [2mhyper::client::pool[0m[2m:[0m pooling idle connection for ("http", 192.168.0.14:8545)
[2m2025-12-10T10:12:30.936089Z[0m [34mDEBUG[0m [2methereum_transaction_pool_monitor::eth_client[0m[2m:[0m 📡 Transaction fetch RPC completed in 4.545208ms
[2m2025-12-10T10:12:31.007562Z[0m [34mDEBUG[0m [2methereum_transaction_pool_monitor::eth_client[0m[2m:[0m ✅ Transaction 0x797eb52798bd97784db77695813d016540f5e3b4845e19b8baf3ebeddf5a557b fetched and parsed in 76.015708ms
[2m2025-12-10T10:12:31.007590Z[0m [34mDEBUG[0m [2methereum_transaction_pool_monitor::mempool_monitor[0m[2m:[0m 🔍 Skipping tx 0x797eb52798bd97784db77695813d016540f5e3b4845e19b8baf3ebeddf5a557b - not a DEX interaction (target: 0xDDaef92FA7888eb8A8a684F72F5e8e9Ee6045490)
[2m2025-12-10T10:12:31.007604Z[0m [34mDEBUG[0m [2methereum_transaction_pool_monitor::mempool_monitor[0m[2m:[0m 📨 Processing new pending transaction: 0xf364852256a7c49ba6855cf168703833da5387be321591df9199f33d47fd0291
[2m2025-12-10T10:12:31.007612Z[0m [34mDEBUG[0m [2methereum_transaction_pool_monitor::mempool_monitor[0m[2m:[0m 🔍 Fetching transaction details for: 0xf364852256a7c49ba6855cf168703833da5387be321591df9199f33d47fd0291
[2m2025-12-10T10:12:31.007618Z[0m [34mDEBUG[0m [2methereum_transaction_pool_monitor::eth_client[0m[2m:[0m 🔍 Fetching transaction details for hash: 0xf364852256a7c49ba6855cf168703833da5387be321591df9199f33d47fd0291
[2m2025-12-10T10:12:31.007637Z[0m [34mDEBUG[0m [2mhyper::client::pool[0m[2m:[0m reuse idle connection for ("http", 192.168.0.14:8545)
[2m2025-12-10T10:12:31.007665Z[0m [34mDEBUG[0m [2mhyper::proto::h1::io[0m[2m:[0m flushed 250 bytes
[2m2025-12-10T10:12:31.007752Z[0m [34mDEBUG[0m [2mhyper::client::pool[0m[2m:[0m reuse idle connection for ("http", 192.168.0.14:8545)
[2m2025-12-10T10:12:31.007769Z[0m [34mDEBUG[0m [2mhyper::proto::h1::io[0m[2m:[0m flushed 172 bytes
[2m2025-12-10T10:12:31.012802Z[0m [34mDEBUG[0m [2methereum_transaction_pool_monitor::eth_client[0m[2m:[0m 📨 Received WebSocket message: {"jsonrpc":"2.0","method":"eth_subscription","params":{"subscription":"0xbed0a0851463e895960a451075a301a9","result":"0xe51797367c1f18692bec12114b1bcb3b38a828dddde2d84700fc88e9b4e170cf"}}
[2m2025-12-10T10:12:31.014097Z[0m [34mDEBUG[0m [2methereum_transaction_pool_monitor::eth_client[0m[2m:[0m 📨 Received pending transaction: 0xe51797367c1f18692bec12114b1bcb3b38a828dddde2d84700fc88e9b4e170cf
[2m2025-12-10T10:12:31.020025Z[0m [34mDEBUG[0m [2methereum_transaction_pool_monitor::eth_client[0m[2m:[0m 📨 Received WebSocket message: {"jsonrpc":"2.0","method":"eth_subscription","params":{"subscription":"0xbed0a0851463e895960a451075a301a9","result":"0xd0e694990c9b17154ad1c9463e23f239ddb2dac50aeb0ecd4af06c8dd8d9b7ab"}}
[2m2025-12-10T10:12:31.020065Z[0m [34mDEBUG[0m [2methereum_transaction_pool_monitor::eth_client[0m[2m:[0m 📨 Received pending transaction: 0xd0e694990c9b17154ad1c9463e23f239ddb2dac50aeb0ecd4af06c8dd8d9b7ab
[2m2025-12-10T10:12:31.020072Z[0m [34mDEBUG[0m [2methereum_transaction_pool_monitor::eth_client[0m[2m:[0m 📨 Received WebSocket message: {"jsonrpc":"2.0","method":"eth_subscription","params":{"subscription":"0xbed0a0851463e895960a451075a301a9","result":"0xd91eea655929cb0815b28b9bb68acf663fdee975b1603a04b8522c5dd5f26559"}}
[2m2025-12-10T10:12:31.020078Z[0m [34mDEBUG[0m [2methereum_transaction_pool_monitor::eth_client[0m[2m:[0m 📨 Received pending transaction: 0xd91eea655929cb0815b28b9bb68acf663fdee975b1603a04b8522c5dd5f26559
[2m2025-12-10T10:12:31.020083Z[0m [34mDEBUG[0m [2methereum_transaction_pool_monitor::eth_client[0m[2m:[0m 📨 Received WebSocket message: {"jsonrpc":"2.0","method":"eth_subscription","params":{"subscription":"0xbed0a0851463e895960a451075a301a9","result":"0x5ae7daa3acbeaff410e418714663bf6c173442cf37c45a2696ce4aa24773fd3b"}}
[2m2025-12-10T10:12:31.020089Z[0m [34mDEBUG[0m [2methereum_transaction_pool_monitor::eth_client[0m[2m:[0m 📨 Received pending transaction: 0x5ae7daa3acbeaff410e418714663bf6c173442cf37c45a2696ce4aa24773fd3b
[2m2025-12-10T10:12:31.020105Z[0m [34mDEBUG[0m [2mhyper::proto::h1::io[0m[2m:[0m parsed 4 headers
[2m2025-12-10T10:12:31.020109Z[0m [34mDEBUG[0m [2mhyper::proto::h1::conn[0m[2m:[0m incoming body is content-length (673 bytes)
[2m2025-12-10T10:12:31.020117Z[0m [34mDEBUG[0m [2mhyper::proto::h1::conn[0m[2m:[0m incoming body completed
[2m2025-12-10T10:12:31.020128Z[0m [34mDEBUG[0m [2mhyper::client::pool[0m[2m:[0m pooling idle connection for ("http", 192.168.0.14:8545)
[2m2025-12-10T10:12:31.020138Z[0m [34mDEBUG[0m [2methereum_transaction_pool_monitor::eth_client[0m[2m:[0m 📡 Transaction fetch RPC completed in 12.5125ms
[2m2025-12-10T10:12:31.020155Z[0m [34mDEBUG[0m [2methereum_transaction_pool_monitor::eth_client[0m[2m:[0m DeFi transaction detected - Address: 0xdac17f958d2ee523a2206206994597c13d831ec7, Type: Stablecoin, Value: 0 ETH, Gas: 0.19 Gwei
[2m2025-12-10T10:12:31.020170Z[0m [34mDEBUG[0m [2methereum_transaction_pool_monitor::eth_client[0m[2m:[0m ✅ Transaction 0xf364852256a7c49ba6855cf168703833da5387be321591df9199f33d47fd0291 fetched and parsed in 12.544083ms
[2m2025-12-10T10:12:31.020179Z[0m [34mDEBUG[0m [2methereum_transaction_pool_monitor::mempool_monitor[0m[2m:[0m 🔍 Skipping tx 0xf364852256a7c49ba6855cf168703833da5387be321591df9199f33d47fd0291 - not a DEX interaction (target: 0xdAC17F958D2ee523a2206206994597C13D831ec7)
[2m2025-12-10T10:12:31.020188Z[0m [34mDEBUG[0m [2methereum_transaction_pool_monitor::mempool_monitor[0m[2m:[0m 📨 Processing new pending transaction: 0x35207529d5ef9254b3e5aba151b16dc2830d50aae84dd1b2d552ed7dc8b98f3d
[2m2025-12-10T10:12:31.020194Z[0m [34mDEBUG[0m [2methereum_transaction_pool_monitor::mempool_monitor[0m[2m:[0m 🔍 Fetching transaction details for: 0x35207529d5ef9254b3e5aba151b16dc2830d50aae84dd1b2d552ed7dc8b98f3d
[2m2025-12-10T10:12:31.020200Z[0m [34mDEBUG[0m [2methereum_transaction_pool_monitor::eth_client[0m[2m:[0m 🔍 Fetching transaction details for hash: 0x35207529d5ef9254b3e5aba151b16dc2830d50aae84dd1b2d552ed7dc8b98f3d
[2m2025-12-10T10:12:31.020214Z[0m [34mDEBUG[0m [2mhyper::client::pool[0m[2m:[0m reuse idle connection for ("http", 192.168.0.14:8545)
[2m2025-12-10T10:12:31.020233Z[0m [34mDEBUG[0m [2mhyper::proto::h1::io[0m[2m:[0m flushed 250 bytes
[2m2025-12-10T10:12:31.020241Z[0m [34mDEBUG[0m [2mhyper::proto::h1::io[0m[2m:[0m parsed 4 headers
[2m2025-12-10T10:12:31.020248Z[0m [34mDEBUG[0m [2mhyper::proto::h1::conn[0m[2m:[0m incoming body is content-length (45 bytes)
[2m2025-12-10T10:12:31.020252Z[0m [34mDEBUG[0m [2mhyper::proto::h1::conn[0m[2m:[0m incoming body completed
[2m2025-12-10T10:12:31.020256Z[0m [34mDEBUG[0m [2mhyper::client::pool[0m[2m:[0m pooling idle connection for ("http", 192.168.0.14:8545)
[2m2025-12-10T10:12:31.025944Z[0m [34mDEBUG[0m [2mhyper::proto::h1::io[0m[2m:[0m parsed 4 headers
[2m2025-12-10T10:12:31.026025Z[0m [34mDEBUG[0m [2mhyper::proto::h1::conn[0m[2m:[0m incoming body is content-length (674 bytes)
[2m2025-12-10T10:12:31.026031Z[0m [34mDEBUG[0m [2mhyper::proto::h1::conn[0m[2m:[0m incoming body completed
[2m2025-12-10T10:12:31.026037Z[0m [34mDEBUG[0m [2mhyper::client::pool[0m[2m:[0m pooling idle connection for ("http", 192.168.0.14:8545)
[2m2025-12-10T10:12:31.026042Z[0m [34mDEBUG[0m [2methereum_transaction_pool_monitor::eth_client[0m[2m:[0m 📡 Transaction fetch RPC completed in 5.836833ms
[2m2025-12-10T10:12:31.026051Z[0m [34mDEBUG[0m [2methereum_transaction_pool_monitor::eth_client[0m[2m:[0m DeFi transaction detected - Address: 0xdac17f958d2ee523a2206206994597c13d831ec7, Type: Stablecoin, Value: 0 ETH, Gas: 0.19 Gwei
[2m2025-12-10T10:12:31.026060Z[0m [34mDEBUG[0m [2methereum_transaction_pool_monitor::eth_client[0m[2m:[0m ✅ Transaction 0x35207529d5ef9254b3e5aba151b16dc2830d50aae84dd1b2d552ed7dc8b98f3d fetched and parsed in 5.8545ms
[2m2025-12-10T10:12:31.026065Z[0m [34mDEBUG[0m [2methereum_transaction_pool_monitor::mempool_monitor[0m[2m:[0m 🔍 Skipping tx 0x35207529d5ef9254b3e5aba151b16dc2830d50aae84dd1b2d552ed7dc8b98f3d - not a DEX interaction (target: 0xdAC17F958D2ee523a2206206994597C13D831ec7)
[2m2025-12-10T10:12:31.026071Z[0m [34mDEBUG[0m [2methereum_transaction_pool_monitor::mempool_monitor[0m[2m:[0m 📨 Processing new pending transaction: 0xfa1e7589d659043b610714280a4d24aae9a2c88da4b54ea6081887391d93fb28
[2m2025-12-10T10:12:31.026074Z[0m [34mDEBUG[0m [2methereum_transaction_pool_monitor::mempool_monitor[0m[2m:[0m 🔍 Fetching transaction details for: 0xfa1e7589d659043b610714280a4d24aae9a2c88da4b54ea6081887391d93fb28
[2m2025-12-10T10:12:31.026077Z[0m [34mDEBUG[0m [2methereum_transaction_pool_monitor::eth_client[0m[2m:[0m 🔍 Fetching transaction details for hash: 0xfa1e7589d659043b610714280a4d24aae9a2c88da4b54ea6081887391d93fb28
[2m2025-12-10T10:12:31.026087Z[0m [34mDEBUG[0m [2mhyper::client::pool[0m[2m:[0m reuse idle connection for ("http", 192.168.0.14:8545)
[2m2025-12-10T10:12:31.026105Z[0m [34mDEBUG[0m [2mhyper::proto::h1::io[0m[2m:[0m flushed 250 bytes
[2m2025-12-10T10:12:31.030271Z[0m [34mDEBUG[0m [2mhyper::proto::h1::io[0m[2m:[0m parsed 4 headers
[2m2025-12-10T10:12:31.030282Z[0m [34mDEBUG[0m [2mhyper::proto::h1::conn[0m[2m:[0m incoming body is content-length (780 bytes)
[2m2025-12-10T10:12:31.030290Z[0m [34mDEBUG[0m [2mhyper::proto::h1::conn[0m[2m:[0m incoming body completed
[2m2025-12-10T10:12:31.030300Z[0m [34mDEBUG[0m [2mhyper::client::pool[0m[2m:[0m pooling idle connection for ("http", 192.168.0.14:8545)
[2m2025-12-10T10:12:31.030309Z[0m [34mDEBUG[0m [2methereum_transaction_pool_monitor::eth_client[0m[2m:[0m 📡 Transaction fetch RPC completed in 4.228417ms
[2m2025-12-10T10:12:31.030323Z[0m [34mDEBUG[0m [2methereum_transaction_pool_monitor::eth_client[0m[2m:[0m DeFi transaction detected - Address: 0xdac17f958d2ee523a2206206994597c13d831ec7, Type: Stablecoin, Value: 0 ETH, Gas: 501.00 Gwei
[2m2025-12-10T10:12:31.030332Z[0m [34mDEBUG[0m [2methereum_transaction_pool_monitor::eth_client[0m[2m:[0m ✅ Transaction 0xfa1e7589d659043b610714280a4d24aae9a2c88da4b54ea6081887391d93fb28 fetched and parsed in 4.250875ms
[2m2025-12-10T10:12:31.030336Z[0m [34mDEBUG[0m [2methereum_transaction_pool_monitor::mempool_monitor[0m[2m:[0m 🔍 Skipping tx 0xfa1e7589d659043b610714280a4d24aae9a2c88da4b54ea6081887391d93fb28 - not a DEX interaction (target: 0xdAC17F958D2ee523a2206206994597C13D831ec7)
[2m2025-12-10T10:12:31.030342Z[0m [34mDEBUG[0m [2methereum_transaction_pool_monitor::mempool_monitor[0m[2m:[0m 📨 Processing new pending transaction: 0x6b67e47dde3d379d4b7a33808bd7439aa1a225694f52c2c00113b10c92f959a7
[2m2025-12-10T10:12:31.030346Z[0m [34mDEBUG[0m [2methereum_transaction_pool_monitor::mempool_monitor[0m[2m:[0m 🔍 Fetching transaction details for: 0x6b67e47dde3d379d4b7a33808bd7439aa1a225694f52c2c00113b10c92f959a7
[2m2025-12-10T10:12:31.030349Z[0m [34mDEBUG[0m [2methereum_transaction_pool_monitor::eth_client[0m[2m:[0m 🔍 Fetching transaction details for hash: 0x6b67e47dde3d379d4b7a33808bd7439aa1a225694f52c2c00113b10c92f959a7
[2m2025-12-10T10:12:31.030358Z[0m [34mDEBUG[0m [2mhyper::client::pool[0m[2m:[0m reuse idle connection for ("http", 192.168.0.14:8545)
[2m2025-12-10T10:12:31.030375Z[0m [34mDEBUG[0m [2mhyper::proto::h1::io[0m[2m:[0m flushed 250 bytes
[2m2025-12-10T10:12:31.035442Z[0m [34mDEBUG[0m [2mhyper::proto::h1::io[0m[2m:[0m parsed 4 headers
[2m2025-12-10T10:12:31.035457Z[0m [34mDEBUG[0m [2mhyper::proto::h1::conn[0m[2m:[0m incoming body is content-length (780 bytes)
[2m2025-12-10T10:12:31.035464Z[0m [34mDEBUG[0m [2mhyper::proto::h1::conn[0m[2m:[0m incoming body completed
[2m2025-12-10T10:12:31.035473Z[0m [34mDEBUG[0m [2mhyper::client::pool[0m[2m:[0m pooling idle connection for ("http", 192.168.0.14:8545)
[2m2025-12-10T10:12:31.035479Z[0m [34mDEBUG[0m [2methereum_transaction_pool_monitor::eth_client[0m[2m:[0m 📡 Transaction fetch RPC completed in 5.126708ms
[2m2025-12-10T10:12:31.035492Z[0m [34mDEBUG[0m [2methereum_transaction_pool_monitor::eth_client[0m[2m:[0m DeFi transaction detected - Address: 0xdac17f958d2ee523a2206206994597c13d831ec7, Type: Stablecoin, Value: 0 ETH, Gas: 501.00 Gwei
[2m2025-12-10T10:12:31.035501Z[0m [34mDEBUG[0m [2methereum_transaction_pool_monitor::eth_client[0m[2m:[0m ✅ Transaction 0x6b67e47dde3d379d4b7a33808bd7439aa1a225694f52c2c00113b10c92f959a7 fetched and parsed in 5.148833ms
[2m2025-12-10T10:12:31.035506Z[0m [34mDEBUG[0m [2methereum_transaction_pool_monitor::mempool_monitor[0m[2m:[0m 🔍 Skipping tx 0x6b67e47dde3d379d4b7a33808bd7439aa1a225694f52c2c00113b10c92f959a7 - not a DEX interaction (target: 0xdAC17F958D2ee523a2206206994597C13D831ec7)
[2m2025-12-10T10:12:31.035513Z[0m [34mDEBUG[0m [2methereum_transaction_pool_monitor::mempool_monitor[0m[2m:[0m 📨 Processing new pending transaction: 0x6dacd254757d04037afbfbaa45308341b192e2ff88fd2104b7091a9fc3366377
[2m2025-12-10T10:12:31.035516Z[0m [34mDEBUG[0m [2methereum_transaction_pool_monitor::mempool_monitor[0m[2m:[0m 🔍 Fetching transaction details for: 0x6dacd254757d04037afbfbaa45308341b192e2ff88fd2104b7091a9fc3366377
[2m2025-12-10T10:12:31.035520Z[0m [34mDEBUG[0m [2methereum_transaction_pool_monitor::eth_client[0m[2m:[0m 🔍 Fetching transaction details for hash: 0x6dacd254757d04037afbfbaa45308341b192e2ff88fd2104b7091a9fc3366377
[2m2025-12-10T10:12:31.035530Z[0m [34mDEBUG[0m [2mhyper::client::pool[0m[2m:[0m reuse idle connection for ("http", 192.168.0.14:8545)
[2m2025-12-10T10:12:31.035551Z[0m [34mDEBUG[0m [2mhyper::proto::h1::io[0m[2m:[0m flushed 250 bytes
[2m2025-12-10T10:12:31.040088Z[0m [34mDEBUG[0m [2mhyper::proto::h1::io[0m[2m:[0m parsed 4 headers
[2m2025-12-10T10:12:31.040093Z[0m [34mDEBUG[0m [2mhyper::proto::h1::conn[0m[2m:[0m incoming body is content-length (762 bytes)
[2m2025-12-10T10:12:31.040097Z[0m [34mDEBUG[0m [2mhyper::proto::h1::conn[0m[2m:[0m incoming body completed
[2m2025-12-10T10:12:31.040102Z[0m [34mDEBUG[0m [2mhyper::client::pool[0m[2m:[0m pooling idle connection for ("http", 192.168.0.14:8545)
[2m2025-12-10T10:12:31.040106Z[0m [34mDEBUG[0m [2methereum_transaction_pool_monitor::eth_client[0m[2m:[0m 📡 Transaction fetch RPC completed in 4.583459ms
[2m2025-12-10T10:12:31.111786Z[0m [34mDEBUG[0m [2methereum_transaction_pool_monitor::eth_client[0m[2m:[0m ✅ Transaction 0x6dacd254757d04037afbfbaa45308341b192e2ff88fd2104b7091a9fc3366377 fetched and parsed in 76.260792ms
[2m2025-12-10T10:12:31.111812Z[0m [34mDEBUG[0m [2methereum_transaction_pool_monitor::mempool_monitor[0m[2m:[0m 🔍 Skipping tx 0x6dacd254757d04037afbfbaa45308341b192e2ff88fd2104b7091a9fc3366377 - not a DEX interaction (target: 0xA0b86991c6218b36c1d19D4a2e9Eb0cE3606eB48)
[2m2025-12-10T10:12:31.111824Z[0m [34mDEBUG[0m [2methereum_transaction_pool_monitor::mempool_monitor[0m[2m:[0m 📨 Processing new pending transaction: 0x32f0c242d9bfbc05a4a2eed8dc5f2cfae71fa10ed577be45dc07d888cc5820e1
[2m2025-12-10T10:12:31.111829Z[0m [34mDEBUG[0m [2methereum_transaction_pool_monitor::mempool_monitor[0m[2m:[0m 🔍 Fetching transaction details for: 0x32f0c242d9bfbc05a4a2eed8dc5f2cfae71fa10ed577be45dc07d888cc5820e1
[2m2025-12-10T10:12:31.111833Z[0m [34mDEBUG[0m [2methereum_transaction_pool_monitor::eth_client[0m[2m:[0m 🔍 Fetching transaction details for hash: 0x32f0c242d9bfbc05a4a2eed8dc5f2cfae71fa10ed577be45dc07d888cc5820e1
[2m2025-12-10T10:12:31.111851Z[0m [34mDEBUG[0m [2mhyper::client::pool[0m[2m:[0m reuse idle connection for ("http", 192.168.0.14:8545)
[2m2025-12-10T10:12:31.111884Z[0m [34mDEBUG[0m [2mhyper::proto::h1::io[0m[2m:[0m flushed 250 bytes
[2m2025-12-10T10:12:31.111903Z[0m [34mDEBUG[0m [2mhyper::client::pool[0m[2m:[0m reuse idle connection for ("http", 192.168.0.14:8545)
[2m2025-12-10T10:12:31.111915Z[0m [34mDEBUG[0m [2mhyper::proto::h1::io[0m[2m:[0m flushed 172 bytes
[2m2025-12-10T10:12:31.111957Z[0m [34mDEBUG[0m [2methereum_transaction_pool_monitor::eth_client[0m[2m:[0m 📨 Received WebSocket message: {"jsonrpc":"2.0","method":"eth_subscription","params":{"subscription":"0xbed0a0851463e895960a451075a301a9","result":"0x3c5970b4ba82ca2fe1373a1d6483984b42cdfe089feab4fe25ad9fcc9e5b601e"}}
[2m2025-12-10T10:12:31.111966Z[0m [34mDEBUG[0m [2methereum_transaction_pool_monitor::eth_client[0m[2m:[0m 📨 Received pending transaction: 0x3c5970b4ba82ca2fe1373a1d6483984b42cdfe089feab4fe25ad9fcc9e5b601e
[2m2025-12-10T10:12:31.111972Z[0m [34mDEBUG[0m [2methereum_transaction_pool_monitor::eth_client[0m[2m:[0m 📨 Received WebSocket message: {"jsonrpc":"2.0","method":"eth_subscription","params":{"subscription":"0xbed0a0851463e895960a451075a301a9","result":"0x12b81a1633bde88e43953f8bc63e502ac2375d7d7e101faefd71485bd0b807aa"}}
[2m2025-12-10T10:12:31.111978Z[0m [34mDEBUG[0m [2methereum_transaction_pool_monitor::eth_client[0m[2m:[0m 📨 Received pending transaction: 0x12b81a1633bde88e43953f8bc63e502ac2375d7d7e101faefd71485bd0b807aa
[2m2025-12-10T10:12:31.111983Z[0m [34mDEBUG[0m [2methereum_transaction_pool_monitor::eth_client[0m[2m:[0m 📨 Received WebSocket message: {"jsonrpc":"2.0","method":"eth_subscription","params":{"subscription":"0xbed0a0851463e895960a451075a301a9","result":"0xe6aef35e373b7e36d50f0716801a3672cc2ca1fe30180489c91ba7bbe0f76d31"}}
[2m2025-12-10T10:12:31.111989Z[0m [34mDEBUG[0m [2methereum_transaction_pool_monitor::eth_client[0m[2m:[0m 📨 Received pending transaction: 0xe6aef35e373b7e36d50f0716801a3672cc2ca1fe30180489c91ba7bbe0f76d31
[2m2025-12-10T10:12:31.111994Z[0m [34mDEBUG[0m [2methereum_transaction_pool_monitor::eth_client[0m[2m:[0m 📨 Received WebSocket message: {"jsonrpc":"2.0","method":"eth_subscription","params":{"subscription":"0xbed0a0851463e895960a451075a301a9","result":"0xed24e4fd8042c0530f88b592f08f6b20178bb8c50470e61a75a8b788d4b85250"}}
[2m2025-12-10T10:12:31.111999Z[0m [34mDEBUG[0m [2methereum_transaction_pool_monitor::eth_client[0m[2m:[0m 📨 Received pending transaction: 0xed24e4fd8042c0530f88b592f08f6b20178bb8c50470e61a75a8b788d4b85250
[2m2025-12-10T10:12:31.115568Z[0m [34mDEBUG[0m [2mhyper::proto::h1::io[0m[2m:[0m parsed 4 headers
[2m2025-12-10T10:12:31.115586Z[0m [34mDEBUG[0m [2mhyper::proto::h1::conn[0m[2m:[0m incoming body is content-length (45 bytes)
[2m2025-12-10T10:12:31.115594Z[0m [34mDEBUG[0m [2mhyper::proto::h1::conn[0m[2m:[0m incoming body completed
[2m2025-12-10T10:12:31.115603Z[0m [34mDEBUG[0m [2mhyper::client::pool[0m[2m:[0m pooling idle connection for ("http", 192.168.0.14:8545)
[2m2025-12-10T10:12:31.117416Z[0m [34mDEBUG[0m [2mhyper::proto::h1::io[0m[2m:[0m parsed 4 headers
[2m2025-12-10T10:12:31.117427Z[0m [34mDEBUG[0m [2mhyper::proto::h1::conn[0m[2m:[0m incoming body is content-length (674 bytes)
[2m2025-12-10T10:12:31.117433Z[0m [34mDEBUG[0m [2mhyper::proto::h1::conn[0m[2m:[0m incoming body completed
[2m2025-12-10T10:12:31.117441Z[0m [34mDEBUG[0m [2mhyper::client::pool[0m[2m:[0m pooling idle connection for ("http", 192.168.0.14:8545)
[2m2025-12-10T10:12:31.117450Z[0m [34mDEBUG[0m [2methereum_transaction_pool_monitor::eth_client[0m[2m:[0m 📡 Transaction fetch RPC completed in 5.612ms
[2m2025-12-10T10:12:31.117463Z[0m [34mDEBUG[0m [2methereum_transaction_pool_monitor::eth_client[0m[2m:[0m DeFi transaction detected - Address: 0xdac17f958d2ee523a2206206994597c13d831ec7, Type: Stablecoin, Value: 0 ETH, Gas: 0.19 Gwei
[2m2025-12-10T10:12:31.117476Z[0m [34mDEBUG[0m [2methereum_transaction_pool_monitor::eth_client[0m[2m:[0m ✅ Transaction 0x32f0c242d9bfbc05a4a2eed8dc5f2cfae71fa10ed577be45dc07d888cc5820e1 fetched and parsed in 5.638708ms
[2m2025-12-10T10:12:31.117483Z[0m [34mDEBUG[0m [2methereum_transaction_pool_monitor::mempool_monitor[0m[2m:[0m 🔍 Skipping tx 0x32f0c242d9bfbc05a4a2eed8dc5f2cfae71fa10ed577be45dc07d888cc5820e1 - not a DEX interaction (target: 0xdAC17F958D2ee523a2206206994597C13D831ec7)
[2m2025-12-10T10:12:31.117490Z[0m [34mDEBUG[0m [2methereum_transaction_pool_monitor::mempool_monitor[0m[2m:[0m 📨 Processing new pending transaction: 0xfc1b3c1a46226384ea2def472cb0a58832a139e0aaa5f8d7f5a5418338e98440
[2m2025-12-10T10:12:31.117495Z[0m [34mDEBUG[0m [2methereum_transaction_pool_monitor::mempool_monitor[0m[2m:[0m 🔍 Fetching transaction details for: 0xfc1b3c1a46226384ea2def472cb0a58832a139e0aaa5f8d7f5a5418338e98440
[2m2025-12-10T10:12:31.117498Z[0m [34mDEBUG[0m [2methereum_transaction_pool_monitor::eth_client[0m[2m:[0m 🔍 Fetching transaction details for hash: 0xfc1b3c1a46226384ea2def472cb0a58832a139e0aaa5f8d7f5a5418338e98440
[2m2025-12-10T10:12:31.117511Z[0m [34mDEBUG[0m [2mhyper::client::pool[0m[2m:[0m reuse idle connection for ("http", 192.168.0.14:8545)
[2m2025-12-10T10:12:31.117536Z[0m [34mDEBUG[0m [2mhyper::proto::h1::io[0m[2m:[0m flushed 250 bytes
[2m2025-12-10T10:12:31.124388Z[0m [34mDEBUG[0m [2methereum_transaction_pool_monitor::eth_client[0m[2m:[0m 📨 Received WebSocket message: {"jsonrpc":"2.0","method":"eth_subscription","params":{"subscription":"0xbed0a0851463e895960a451075a301a9","result":"0xdb0803d0cedf84daaf24516a86794665d0b88c03a6b8437bd11d15d71d651570"}}
[2m2025-12-10T10:12:31.124417Z[0m [34mDEBUG[0m [2methereum_transaction_pool_monitor::eth_client[0m[2m:[0m 📨 Received pending transaction: 0xdb0803d0cedf84daaf24516a86794665d0b88c03a6b8437bd11d15d71d651570
[2m2025-12-10T10:12:31.124429Z[0m [34mDEBUG[0m [2mhyper::proto::h1::io[0m[2m:[0m parsed 4 headers
[2m2025-12-10T10:12:31.124435Z[0m [34mDEBUG[0m [2mhyper::proto::h1::conn[0m[2m:[0m incoming body is content-length (674 bytes)
[2m2025-12-10T10:12:31.124451Z[0m [34mDEBUG[0m [2mhyper::proto::h1::conn[0m[2m:[0m incoming body completed
[2m2025-12-10T10:12:31.124457Z[0m [34mDEBUG[0m [2mhyper::client::pool[0m[2m:[0m pooling idle connection for ("http", 192.168.0.14:8545)
[2m2025-12-10T10:12:31.124461Z[0m [34mDEBUG[0m [2methereum_transaction_pool_monitor::eth_client[0m[2m:[0m 📡 Transaction fetch RPC completed in 6.959875ms
[2m2025-12-10T10:12:31.124470Z[0m [34mDEBUG[0m [2methereum_transaction_pool_monitor::eth_client[0m[2m:[0m DeFi transaction detected - Address: 0xdac17f958d2ee523a2206206994597c13d831ec7, Type: Stablecoin, Value: 0 ETH, Gas: 0.19 Gwei
[2m2025-12-10T10:12:31.124480Z[0m [34mDEBUG[0m [2methereum_transaction_pool_monitor::eth_client[0m[2m:[0m ✅ Transaction 0xfc1b3c1a46226384ea2def472cb0a58832a139e0aaa5f8d7f5a5418338e98440 fetched and parsed in 6.977917ms
[2m2025-12-10T10:12:31.124489Z[0m [34mDEBUG[0m [2methereum_transaction_pool_monitor::mempool_monitor[0m[2m:[0m 🔍 Skipping tx 0xfc1b3c1a46226384ea2def472cb0a58832a139e0aaa5f8d7f5a5418338e98440 - not a DEX interaction (target: 0xdAC17F958D2ee523a2206206994597C13D831ec7)
[2m2025-12-10T10:12:31.124495Z[0m [34mDEBUG[0m [2methereum_transaction_pool_monitor::mempool_monitor[0m[2m:[0m 📨 Processing new pending transaction: 0x26c11b8594aa7aa572c6fb73f00e7f2497dd0b515e29096755ef17cace814148
[2m2025-12-10T10:12:31.124751Z[0m [34mDEBUG[0m [2methereum_transaction_pool_monitor::mempool_monitor[0m[2m:[0m 🔍 Fetching transaction details for: 0x26c11b8594aa7aa572c6fb73f00e7f2497dd0b515e29096755ef17cace814148
[2m2025-12-10T10:12:31.124758Z[0m [34mDEBUG[0m [2methereum_transaction_pool_monitor::eth_client[0m[2m:[0m 🔍 Fetching transaction details for hash: 0x26c11b8594aa7aa572c6fb73f00e7f2497dd0b515e29096755ef17cace814148
[2m2025-12-10T10:12:31.124767Z[0m [34mDEBUG[0m [2mhyper::client::pool[0m[2m:[0m reuse idle connection for ("http", 192.168.0.14:8545)
[2m2025-12-10T10:12:31.124778Z[0m [34mDEBUG[0m [2mhyper::proto::h1::io[0m[2m:[0m flushed 250 bytes
[2m2025-12-10T10:12:31.129634Z[0m [34mDEBUG[0m [2mhyper::proto::h1::io[0m[2m:[0m parsed 4 headers
[2m2025-12-10T10:12:31.129645Z[0m [34mDEBUG[0m [2mhyper::proto::h1::conn[0m[2m:[0m incoming body is content-length (674 bytes)
[2m2025-12-10T10:12:31.129652Z[0m [34mDEBUG[0m [2mhyper::proto::h1::conn[0m[2m:[0m incoming body completed
[2m2025-12-10T10:12:31.129660Z[0m [34mDEBUG[0m [2mhyper::client::pool[0m[2m:[0m pooling idle connection for ("http", 192.168.0.14:8545)
[2m2025-12-10T10:12:31.129665Z[0m [34mDEBUG[0m [2methereum_transaction_pool_monitor::eth_client[0m[2m:[0m 📡 Transaction fetch RPC completed in 4.903125ms
[2m2025-12-10T10:12:31.129676Z[0m [34mDEBUG[0m [2methereum_transaction_pool_monitor::eth_client[0m[2m:[0m DeFi transaction detected - Address: 0xdac17f958d2ee523a2206206994597c13d831ec7, Type: Stablecoin, Value: 0 ETH, Gas: 0.19 Gwei
[2m2025-12-10T10:12:31.129685Z[0m [34mDEBUG[0m [2methereum_transaction_pool_monitor::eth_client[0m[2m:[0m ✅ Transaction 0x26c11b8594aa7aa572c6fb73f00e7f2497dd0b515e29096755ef17cace814148 fetched and parsed in 4.922958ms
[2m2025-12-10T10:12:31.129691Z[0m [34mDEBUG[0m [2methereum_transaction_pool_monitor::mempool_monitor[0m[2m:[0m 🔍 Skipping tx 0x26c11b8594aa7aa572c6fb73f00e7f2497dd0b515e29096755ef17cace814148 - not a DEX interaction (target: 0xdAC17F958D2ee523a2206206994597C13D831ec7)
[2m2025-12-10T10:12:31.129698Z[0m [34mDEBUG[0m [2methereum_transaction_pool_monitor::mempool_monitor[0m[2m:[0m 📨 Processing new pending transaction: 0x8946831065b5c197d6f0192bb5e6260419f5b3ff5f31fca993355b2b73c8ed0f
[2m2025-12-10T10:12:31.129702Z[0m [34mDEBUG[0m [2methereum_transaction_pool_monitor::mempool_monitor[0m[2m:[0m 🔍 Fetching transaction details for: 0x8946831065b5c197d6f0192bb5e6260419f5b3ff5f31fca993355b2b73c8ed0f
[2m2025-12-10T10:12:31.129706Z[0m [34mDEBUG[0m [2methereum_transaction_pool_monitor::eth_client[0m[2m:[0m 🔍 Fetching transaction details for hash: 0x8946831065b5c197d6f0192bb5e6260419f5b3ff5f31fca993355b2b73c8ed0f
[2m2025-12-10T10:12:31.129718Z[0m [34mDEBUG[0m [2mhyper::client::pool[0m[2m:[0m reuse idle connection for ("http", 192.168.0.14:8545)
[2m2025-12-10T10:12:31.129740Z[0m [34mDEBUG[0m [2mhyper::proto::h1::io[0m[2m:[0m flushed 250 bytes
[2m2025-12-10T10:12:31.136597Z[0m [34mDEBUG[0m [2mhyper::proto::h1::io[0m[2m:[0m parsed 4 headers
[2m2025-12-10T10:12:31.136605Z[0m [34mDEBUG[0m [2mhyper::proto::h1::conn[0m[2m:[0m incoming body is content-length (674 bytes)
[2m2025-12-10T10:12:31.136611Z[0m [34mDEBUG[0m [2mhyper::proto::h1::conn[0m[2m:[0m incoming body completed
[2m2025-12-10T10:12:31.136618Z[0m [34mDEBUG[0m [2mhyper::client::pool[0m[2m:[0m pooling idle connection for ("http", 192.168.0.14:8545)
[2m2025-12-10T10:12:31.136624Z[0m [34mDEBUG[0m [2methereum_transaction_pool_monitor::eth_client[0m[2m:[0m 📡 Transaction fetch RPC completed in 6.914292ms
[2m2025-12-10T10:12:31.136637Z[0m [34mDEBUG[0m [2methereum_transaction_pool_monitor::eth_client[0m[2m:[0m DeFi transaction detected - Address: 0xdac17f958d2ee523a2206206994597c13d831ec7, Type: Stablecoin, Value: 0 ETH, Gas: 0.19 Gwei
[2m2025-12-10T10:12:31.136646Z[0m [34mDEBUG[0m [2methereum_transaction_pool_monitor::eth_client[0m[2m:[0m ✅ Transaction 0x8946831065b5c197d6f0192bb5e6260419f5b3ff5f31fca993355b2b73c8ed0f fetched and parsed in 6.936209ms
[2m2025-12-10T10:12:31.136650Z[0m [34mDEBUG[0m [2methereum_transaction_pool_monitor::mempool_monitor[0m[2m:[0m 🔍 Skipping tx 0x8946831065b5c197d6f0192bb5e6260419f5b3ff5f31fca993355b2b73c8ed0f - not a DEX interaction (target: 0xdAC17F958D2ee523a2206206994597C13D831ec7)
[2m2025-12-10T10:12:31.136656Z[0m [34mDEBUG[0m [2methereum_transaction_pool_monitor::mempool_monitor[0m[2m:[0m 📨 Processing new pending transaction: 0xdc3ad736e429930e0a2409f525307406f981d9c97bd359f9e309406c833d8cd0
[2m2025-12-10T10:12:31.136659Z[0m [34mDEBUG[0m [2methereum_transaction_pool_monitor::mempool_monitor[0m[2m:[0m 🔍 Fetching transaction details for: 0xdc3ad736e429930e0a2409f525307406f981d9c97bd359f9e309406c833d8cd0
[2m2025-12-10T10:12:31.136663Z[0m [34mDEBUG[0m [2methereum_transaction_pool_monitor::eth_client[0m[2m:[0m 🔍 Fetching transaction details for hash: 0xdc3ad736e429930e0a2409f525307406f981d9c97bd359f9e309406c833d8cd0
[2m2025-12-10T10:12:31.136674Z[0m [34mDEBUG[0m [2mhyper::client::pool[0m[2m:[0m reuse idle connection for ("http", 192.168.0.14:8545)
[2m2025-12-10T10:12:31.136689Z[0m [34mDEBUG[0m [2mhyper::proto::h1::io[0m[2m:[0m flushed 250 bytes
[2m2025-12-10T10:12:31.144305Z[0m [34mDEBUG[0m [2methereum_transaction_pool_monitor::eth_client[0m[2m:[0m 📨 Received WebSocket message: {"jsonrpc":"2.0","method":"eth_subscription","params":{"subscription":"0xbed0a0851463e895960a451075a301a9","result":"0x69e3114d34bc673517c4ee99fb4f7bc2ee5463e1ec842ec4ccc9d7e52d33af5c"}}
[2m2025-12-10T10:12:31.144316Z[0m [34mDEBUG[0m [2methereum_transaction_pool_monitor::eth_client[0m[2m:[0m 📨 Received pending transaction: 0x69e3114d34bc673517c4ee99fb4f7bc2ee5463e1ec842ec4ccc9d7e52d33af5c
[2m2025-12-10T10:12:31.144327Z[0m [34mDEBUG[0m [2mhyper::proto::h1::io[0m[2m:[0m parsed 4 headers
[2m2025-12-10T10:12:31.144331Z[0m [34mDEBUG[0m [2mhyper::proto::h1::conn[0m[2m:[0m incoming body is content-length (652 bytes)
[2m2025-12-10T10:12:31.144336Z[0m [34mDEBUG[0m [2mhyper::proto::h1::conn[0m[2m:[0m incoming body completed
[2m2025-12-10T10:12:31.144342Z[0m [34mDEBUG[0m [2mhyper::client::pool[0m[2m:[0m pooling idle connection for ("http", 192.168.0.14:8545)
[2m2025-12-10T10:12:31.144346Z[0m [34mDEBUG[0m [2methereum_transaction_pool_monitor::eth_client[0m[2m:[0m 📡 Transaction fetch RPC completed in 7.680167ms
[2m2025-12-10T10:12:31.216124Z[0m [34mDEBUG[0m [2methereum_transaction_pool_monitor::eth_client[0m[2m:[0m ✅ Transaction 0xdc3ad736e429930e0a2409f525307406f981d9c97bd359f9e309406c833d8cd0 fetched and parsed in 79.455292ms
[2m2025-12-10T10:12:31.216155Z[0m [34mDEBUG[0m [2methereum_transaction_pool_monitor::mempool_monitor[0m[2m:[0m 🔍 Skipping tx 0xdc3ad736e429930e0a2409f525307406f981d9c97bd359f9e309406c833d8cd0 - not a DEX interaction (target: 0x320Ed70209D546AE4a341C43487fEf464DEC4B61)
[2m2025-12-10T10:12:31.216169Z[0m [34mDEBUG[0m [2methereum_transaction_pool_monitor::mempool_monitor[0m[2m:[0m 📨 Processing new pending transaction: 0xe51797367c1f18692bec12114b1bcb3b38a828dddde2d84700fc88e9b4e170cf
[2m2025-12-10T10:12:31.216176Z[0m [34mDEBUG[0m [2methereum_transaction_pool_monitor::mempool_monitor[0m[2m:[0m 🔍 Fetching transaction details for: 0xe51797367c1f18692bec12114b1bcb3b38a828dddde2d84700fc88e9b4e170cf
[2m2025-12-10T10:12:31.216181Z[0m [34mDEBUG[0m [2methereum_transaction_pool_monitor::eth_client[0m[2m:[0m 🔍 Fetching transaction details for hash: 0xe51797367c1f18692bec12114b1bcb3b38a828dddde2d84700fc88e9b4e170cf
[2m2025-12-10T10:12:31.216201Z[0m [34mDEBUG[0m [2mhyper::client::pool[0m[2m:[0m reuse idle connection for ("http", 192.168.0.14:8545)
[2m2025-12-10T10:12:31.216232Z[0m [34mDEBUG[0m [2mhyper::proto::h1::io[0m[2m:[0m flushed 250 bytes
[2m2025-12-10T10:12:31.216254Z[0m [34mDEBUG[0m [2mhyper::client::pool[0m[2m:[0m reuse idle connection for ("http", 192.168.0.14:8545)
[2m2025-12-10T10:12:31.216270Z[0m [34mDEBUG[0m [2mhyper::proto::h1::io[0m[2m:[0m flushed 172 bytes
[2m2025-12-10T10:12:31.216301Z[0m [34mDEBUG[0m [2methereum_transaction_pool_monitor::eth_client[0m[2m:[0m 📨 Received WebSocket message: {"jsonrpc":"2.0","method":"eth_subscription","params":{"subscription":"0xbed0a0851463e895960a451075a301a9","result":"0x3df67b98c8c58f731a9cbc9f6ccd28804dc8686018c5d256ffac39962ced75bb"}}
[2m2025-12-10T10:12:31.216311Z[0m [34mDEBUG[0m [2methereum_transaction_pool_monitor::eth_client[0m[2m:[0m 📨 Received pending transaction: 0x3df67b98c8c58f731a9cbc9f6ccd28804dc8686018c5d256ffac39962ced75bb
[2m2025-12-10T10:12:31.216317Z[0m [34mDEBUG[0m [2methereum_transaction_pool_monitor::eth_client[0m[2m:[0m 📨 Received WebSocket message: {"jsonrpc":"2.0","method":"eth_subscription","params":{"subscription":"0xbed0a0851463e895960a451075a301a9","result":"0x64761cd500e2e0c80454c7fcb357941cf4a1e90eac51bbef1b2445325c5470c5"}}
[2m2025-12-10T10:12:31.216324Z[0m [34mDEBUG[0m [2methereum_transaction_pool_monitor::eth_client[0m[2m:[0m 📨 Received pending transaction: 0x64761cd500e2e0c80454c7fcb357941cf4a1e90eac51bbef1b2445325c5470c5
[2m2025-12-10T10:12:31.224299Z[0m [34mDEBUG[0m [2methereum_transaction_pool_monitor::eth_client[0m[2m:[0m 📨 Received WebSocket message: {"jsonrpc":"2.0","method":"eth_subscription","params":{"subscription":"0xbed0a0851463e895960a451075a301a9","result":"0x754b4050a47f99972f3787b531fb4d13002d32191452a64696424ec632a27f40"}}
[2m2025-12-10T10:12:31.224337Z[0m [34mDEBUG[0m [2methereum_transaction_pool_monitor::eth_client[0m[2m:[0m 📨 Received pending transaction: 0x754b4050a47f99972f3787b531fb4d13002d32191452a64696424ec632a27f40
[2m2025-12-10T10:12:31.226699Z[0m [34mDEBUG[0m [2methereum_transaction_pool_monitor::eth_client[0m[2m:[0m 📨 Received WebSocket message: {"jsonrpc":"2.0","method":"eth_subscription","params":{"subscription":"0xbed0a0851463e895960a451075a301a9","result":"0x39d42ff8768be8abf6f671e6864a70e9d9bbc9831c9bd6c33b3386687da0e3e1"}}
[2m2025-12-10T10:12:31.226705Z[0m [34mDEBUG[0m [2methereum_transaction_pool_monitor::eth_client[0m[2m:[0m 📨 Received pending transaction: 0x39d42ff8768be8abf6f671e6864a70e9d9bbc9831c9bd6c33b3386687da0e3e1
[2m2025-12-10T10:12:31.226734Z[0m [34mDEBUG[0m [2mhyper::proto::h1::io[0m[2m:[0m parsed 4 headers
[2m2025-12-10T10:12:31.226740Z[0m [34mDEBUG[0m [2mhyper::proto::h1::conn[0m[2m:[0m incoming body is content-length (674 bytes)
[2m2025-12-10T10:12:31.226747Z[0m [34mDEBUG[0m [2mhyper::proto::h1::conn[0m[2m:[0m incoming body completed
[2m2025-12-10T10:12:31.226757Z[0m [34mDEBUG[0m [2mhyper::client::pool[0m[2m:[0m pooling idle connection for ("http", 192.168.0.14:8545)
[2m2025-12-10T10:12:31.226765Z[0m [34mDEBUG[0m [2methereum_transaction_pool_monitor::eth_client[0m[2m:[0m 📡 Transaction fetch RPC completed in 10.578042ms
[2m2025-12-10T10:12:31.226782Z[0m [34mDEBUG[0m [2methereum_transaction_pool_monitor::eth_client[0m[2m:[0m DeFi transaction detected - Address: 0xdac17f958d2ee523a2206206994597c13d831ec7, Type: Stablecoin, Value: 0 ETH, Gas: 0.19 Gwei
[2m2025-12-10T10:12:31.226794Z[0m [34mDEBUG[0m [2methereum_transaction_pool_monitor::eth_client[0m[2m:[0m ✅ Transaction 0xe51797367c1f18692bec12114b1bcb3b38a828dddde2d84700fc88e9b4e170cf fetched and parsed in 10.606875ms
[2m2025-12-10T10:12:31.226801Z[0m [34mDEBUG[0m [2methereum_transaction_pool_monitor::mempool_monitor[0m[2m:[0m 🔍 Skipping tx 0xe51797367c1f18692bec12114b1bcb3b38a828dddde2d84700fc88e9b4e170cf - not a DEX interaction (target: 0xdAC17F958D2ee523a2206206994597C13D831ec7)
[2m2025-12-10T10:12:31.226811Z[0m [34mDEBUG[0m [2methereum_transaction_pool_monitor::mempool_monitor[0m[2m:[0m 📨 Processing new pending transaction: 0xd0e694990c9b17154ad1c9463e23f239ddb2dac50aeb0ecd4af06c8dd8d9b7ab
[2m2025-12-10T10:12:31.226816Z[0m [34mDEBUG[0m [2methereum_transaction_pool_monitor::mempool_monitor[0m[2m:[0m 🔍 Fetching transaction details for: 0xd0e694990c9b17154ad1c9463e23f239ddb2dac50aeb0ecd4af06c8dd8d9b7ab
[2m2025-12-10T10:12:31.226819Z[0m [34mDEBUG[0m [2methereum_transaction_pool_monitor::eth_client[0m[2m:[0m 🔍 Fetching transaction details for hash: 0xd0e694990c9b17154ad1c9463e23f239ddb2dac50aeb0ecd4af06c8dd8d9b7ab
[2m2025-12-10T10:12:31.226831Z[0m [34mDEBUG[0m [2mhyper::client::pool[0m[2m:[0m reuse idle connection for ("http", 192.168.0.14:8545)
[2m2025-12-10T10:12:31.226849Z[0m [34mDEBUG[0m [2mhyper::proto::h1::io[0m[2m:[0m flushed 250 bytes
[2m2025-12-10T10:12:31.226859Z[0m [34mDEBUG[0m [2mhyper::proto::h1::io[0m[2m:[0m parsed 4 headers
[2m2025-12-10T10:12:31.226863Z[0m [34mDEBUG[0m [2mhyper::proto::h1::conn[0m[2m:[0m incoming body is content-length (45 bytes)
[2m2025-12-10T10:12:31.226868Z[0m [34mDEBUG[0m [2mhyper::proto::h1::conn[0m[2m:[0m incoming body completed
[2m2025-12-10T10:12:31.226874Z[0m [34mDEBUG[0m [2mhyper::client::pool[0m[2m:[0m pooling idle connection for ("http", 192.168.0.14:8545)
[2m2025-12-10T10:12:31.232384Z[0m [34mDEBUG[0m [2mhyper::proto::h1::io[0m[2m:[0m parsed 4 headers
[2m2025-12-10T10:12:31.236304Z[0m [34mDEBUG[0m [2mhyper::proto::h1::conn[0m[2m:[0m incoming body is content-length (771 bytes)
[2m2025-12-10T10:12:31.236314Z[0m [34mDEBUG[0m [2mhyper::proto::h1::conn[0m[2m:[0m incoming body completed
[2m2025-12-10T10:12:31.236327Z[0m [34mDEBUG[0m [2mhyper::client::pool[0m[2m:[0m pooling idle connection for ("http", 192.168.0.14:8545)
[2m2025-12-10T10:12:31.236336Z[0m [34mDEBUG[0m [2methereum_transaction_pool_monitor::eth_client[0m[2m:[0m 📡 Transaction fetch RPC completed in 9.513708ms
[2m2025-12-10T10:12:31.236352Z[0m [34mDEBUG[0m [2methereum_transaction_pool_monitor::eth_client[0m[2m:[0m DeFi transaction detected - Address: 0xdac17f958d2ee523a2206206994597c13d831ec7, Type: Stablecoin, Value: 0 ETH, Gas: 3.11 Gwei
[2m2025-12-10T10:12:31.236364Z[0m [34mDEBUG[0m [2methereum_transaction_pool_monitor::eth_client[0m[2m:[0m ✅ Transaction 0xd0e694990c9b17154ad1c9463e23f239ddb2dac50aeb0ecd4af06c8dd8d9b7ab fetched and parsed in 9.541666ms
[2m2025-12-10T10:12:31.236371Z[0m [34mDEBUG[0m [2methereum_transaction_pool_monitor::mempool_monitor[0m[2m:[0m 🔍 Skipping tx 0xd0e694990c9b17154ad1c9463e23f239ddb2dac50aeb0ecd4af06c8dd8d9b7ab - not a DEX interaction (target: 0xdAC17F958D2ee523a2206206994597C13D831ec7)
[2m2025-12-10T10:12:31.236378Z[0m [34mDEBUG[0m [2methereum_transaction_pool_monitor::mempool_monitor[0m[2m:[0m 📨 Processing new pending transaction: 0xd91eea655929cb0815b28b9bb68acf663fdee975b1603a04b8522c5dd5f26559
[2m2025-12-10T10:12:31.236383Z[0m [34mDEBUG[0m [2methereum_transaction_pool_monitor::mempool_monitor[0m[2m:[0m 🔍 Fetching transaction details for: 0xd91eea655929cb0815b28b9bb68acf663fdee975b1603a04b8522c5dd5f26559
[2m2025-12-10T10:12:31.236387Z[0m [34mDEBUG[0m [2methereum_transaction_pool_monitor::eth_client[0m[2m:[0m 🔍 Fetching transaction details for hash: 0xd91eea655929cb0815b28b9bb68acf663fdee975b1603a04b8522c5dd5f26559
[2m2025-12-10T10:12:31.236399Z[0m [34mDEBUG[0m [2mhyper::client::pool[0m[2m:[0m reuse idle connection for ("http", 192.168.0.14:8545)
[2m2025-12-10T10:12:31.236424Z[0m [34mDEBUG[0m [2mhyper::proto::h1::io[0m[2m:[0m flushed 250 bytes
[2m2025-12-10T10:12:31.240425Z[0m [34mDEBUG[0m [2methereum_transaction_pool_monitor::eth_client[0m[2m:[0m 📨 Received WebSocket message: {"jsonrpc":"2.0","method":"eth_subscription","params":{"subscription":"0xbed0a0851463e895960a451075a301a9","result":"0x380514a3bc9cab5a7cea9d4a310c9a58ca0f36daa17634bc4d1ee424970ec320"}}
[2m2025-12-10T10:12:31.240439Z[0m [34mDEBUG[0m [2methereum_transaction_pool_monitor::eth_client[0m[2m:[0m 📨 Received pending transaction: 0x380514a3bc9cab5a7cea9d4a310c9a58ca0f36daa17634bc4d1ee424970ec320
[2m2025-12-10T10:12:31.243457Z[0m [34mDEBUG[0m [2mhyper::proto::h1::io[0m[2m:[0m parsed 4 headers
[2m2025-12-10T10:12:31.243477Z[0m [34mDEBUG[0m [2mhyper::proto::h1::conn[0m[2m:[0m incoming body is content-length (674 bytes)
[2m2025-12-10T10:12:31.243495Z[0m [34mDEBUG[0m [2mhyper::proto::h1::conn[0m[2m:[0m incoming body completed
[2m2025-12-10T10:12:31.243520Z[0m [34mDEBUG[0m [2mhyper::client::pool[0m[2m:[0m pooling idle connection for ("http", 192.168.0.14:8545)
[2m2025-12-10T10:12:31.243525Z[0m [34mDEBUG[0m [2methereum_transaction_pool_monitor::eth_client[0m[2m:[0m 📡 Transaction fetch RPC completed in 7.135ms
[2m2025-12-10T10:12:31.243534Z[0m [34mDEBUG[0m [2methereum_transaction_pool_monitor::eth_client[0m[2m:[0m DeFi transaction detected - Address: 0xdac17f958d2ee523a2206206994597c13d831ec7, Type: Stablecoin, Value: 0 ETH, Gas: 0.19 Gwei
[2m2025-12-10T10:12:31.243542Z[0m [34mDEBUG[0m [2methereum_transaction_pool_monitor::eth_client[0m[2m:[0m ✅ Transaction 0xd91eea655929cb0815b28b9bb68acf663fdee975b1603a04b8522c5dd5f26559 fetched and parsed in 7.152459ms
[2m2025-12-10T10:12:31.243547Z[0m [34mDEBUG[0m [2methereum_transaction_pool_monitor::mempool_monitor[0m[2m:[0m 🔍 Skipping tx 0xd91eea655929cb0815b28b9bb68acf663fdee975b1603a04b8522c5dd5f26559 - not a DEX interaction (target: 0xdAC17F958D2ee523a2206206994597C13D831ec7)
[2m2025-12-10T10:12:31.243554Z[0m [34mDEBUG[0m [2methereum_transaction_pool_monitor::mempool_monitor[0m[2m:[0m 📨 Processing new pending transaction: 0x5ae7daa3acbeaff410e418714663bf6c173442cf37c45a2696ce4aa24773fd3b
[2m2025-12-10T10:12:31.243557Z[0m [34mDEBUG[0m [2methereum_transaction_pool_monitor::mempool_monitor[0m[2m:[0m 🔍 Fetching transaction details for: 0x5ae7daa3acbeaff410e418714663bf6c173442cf37c45a2696ce4aa24773fd3b
[2m2025-12-10T10:12:31.243560Z[0m [34mDEBUG[0m [2methereum_transaction_pool_monitor::eth_client[0m[2m:[0m 🔍 Fetching transaction details for hash: 0x5ae7daa3acbeaff410e418714663bf6c173442cf37c45a2696ce4aa24773fd3b
[2m2025-12-10T10:12:31.243570Z[0m [34mDEBUG[0m [2mhyper::client::pool[0m[2m:[0m reuse idle connection for ("http", 192.168.0.14:8545)
[2m2025-12-10T10:12:31.243586Z[0m [34mDEBUG[0m [2mhyper::proto::h1::io[0m[2m:[0m flushed 250 bytes
[2m2025-12-10T10:12:31.248536Z[0m [34mDEBUG[0m [2mhyper::proto::h1::io[0m[2m:[0m parsed 4 headers
[2m2025-12-10T10:12:31.248542Z[0m [34mDEBUG[0m [2mhyper::proto::h1::conn[0m[2m:[0m incoming body is content-length (674 bytes)
[2m2025-12-10T10:12:31.248546Z[0m [34mDEBUG[0m [2mhyper::proto::h1::conn[0m[2m:[0m incoming body completed
[2m2025-12-10T10:12:31.248550Z[0m [34mDEBUG[0m [2mhyper::client::pool[0m[2m:[0m pooling idle connection for ("http", 192.168.0.14:8545)
[2m2025-12-10T10:12:31.248554Z[0m [34mDEBUG[0m [2methereum_transaction_pool_monitor::eth_client[0m[2m:[0m 📡 Transaction fetch RPC completed in 4.991042ms
[2m2025-12-10T10:12:31.248562Z[0m [34mDEBUG[0m [2methereum_transaction_pool_monitor::eth_client[0m[2m:[0m DeFi transaction detected - Address: 0xdac17f958d2ee523a2206206994597c13d831ec7, Type: Stablecoin, Value: 0 ETH, Gas: 0.19 Gwei
[2m2025-12-10T10:12:31.248568Z[0m [34mDEBUG[0m [2methereum_transaction_pool_monitor::eth_client[0m[2m:[0m ✅ Transaction 0x5ae7daa3acbeaff410e418714663bf6c173442cf37c45a2696ce4aa24773fd3b fetched and parsed in 5.005125ms
[2m2025-12-10T10:12:31.248573Z[0m [34mDEBUG[0m [2methereum_transaction_pool_monitor::mempool_monitor[0m[2m:[0m 🔍 Skipping tx 0x5ae7daa3acbeaff410e418714663bf6c173442cf37c45a2696ce4aa24773fd3b - not a DEX interaction (target: 0xdAC17F958D2ee523a2206206994597C13D831ec7)
[2m2025-12-10T10:12:31.248577Z[0m [34mDEBUG[0m [2methereum_transaction_pool_monitor::mempool_monitor[0m[2m:[0m 📨 Processing new pending transaction: 0x3c5970b4ba82ca2fe1373a1d6483984b42cdfe089feab4fe25ad9fcc9e5b601e
[2m2025-12-10T10:12:31.248581Z[0m [34mDEBUG[0m [2methereum_transaction_pool_monitor::mempool_monitor[0m[2m:[0m 🔍 Fetching transaction details for: 0x3c5970b4ba82ca2fe1373a1d6483984b42cdfe089feab4fe25ad9fcc9e5b601e
[2m2025-12-10T10:12:31.248584Z[0m [34mDEBUG[0m [2methereum_transaction_pool_monitor::eth_client[0m[2m:[0m 🔍 Fetching transaction details for hash: 0x3c5970b4ba82ca2fe1373a1d6483984b42cdfe089feab4fe25ad9fcc9e5b601e
[2m2025-12-10T10:12:31.248591Z[0m [34mDEBUG[0m [2mhyper::client::pool[0m[2m:[0m reuse idle connection for ("http", 192.168.0.14:8545)
[2m2025-12-10T10:12:31.248604Z[0m [34mDEBUG[0m [2mhyper::proto::h1::io[0m[2m:[0m flushed 250 bytes
[2m2025-12-10T10:12:31.254525Z[0m [34mDEBUG[0m [2mhyper::proto::h1::io[0m[2m:[0m parsed 4 headers
[2m2025-12-10T10:12:31.254534Z[0m [34mDEBUG[0m [2mhyper::proto::h1::conn[0m[2m:[0m incoming body is content-length (775 bytes)
[2m2025-12-10T10:12:31.254539Z[0m [34mDEBUG[0m [2mhyper::proto::h1::conn[0m[2m:[0m incoming body completed
[2m2025-12-10T10:12:31.254545Z[0m [34mDEBUG[0m [2mhyper::client::pool[0m[2m:[0m pooling idle connection for ("http", 192.168.0.14:8545)
[2m2025-12-10T10:12:31.254549Z[0m [34mDEBUG[0m [2methereum_transaction_pool_monitor::eth_client[0m[2m:[0m 📡 Transaction fetch RPC completed in 5.961542ms
[2m2025-12-10T10:12:31.254558Z[0m [34mDEBUG[0m [2methereum_transaction_pool_monitor::eth_client[0m[2m:[0m DeFi transaction detected - Address: 0xdac17f958d2ee523a2206206994597c13d831ec7, Type: Stablecoin, Value: 0 ETH, Gas: 2.34 Gwei
[2m2025-12-10T10:12:31.254566Z[0m [34mDEBUG[0m [2methereum_transaction_pool_monitor::eth_client[0m[2m:[0m ✅ Transaction 0x3c5970b4ba82ca2fe1373a1d6483984b42cdfe089feab4fe25ad9fcc9e5b601e fetched and parsed in 5.978667ms
[2m2025-12-10T10:12:31.254570Z[0m [34mDEBUG[0m [2methereum_transaction_pool_monitor::mempool_monitor[0m[2m:[0m 🔍 Skipping tx 0x3c5970b4ba82ca2fe1373a1d6483984b42cdfe089feab4fe25ad9fcc9e5b601e - not a DEX interaction (target: 0xdAC17F958D2ee523a2206206994597C13D831ec7)
[2m2025-12-10T10:12:31.254575Z[0m [34mDEBUG[0m [2methereum_transaction_pool_monitor::mempool_monitor[0m[2m:[0m 📨 Processing new pending transaction: 0x12b81a1633bde88e43953f8bc63e502ac2375d7d7e101faefd71485bd0b807aa
[2m2025-12-10T10:12:31.254578Z[0m [34mDEBUG[0m [2methereum_transaction_pool_monitor::mempool_monitor[0m[2m:[0m 🔍 Fetching transaction details for: 0x12b81a1633bde88e43953f8bc63e502ac2375d7d7e101faefd71485bd0b807aa
[2m2025-12-10T10:12:31.254581Z[0m [34mDEBUG[0m [2methereum_transaction_pool_monitor::eth_client[0m[2m:[0m 🔍 Fetching transaction details for hash: 0x12b81a1633bde88e43953f8bc63e502ac2375d7d7e101faefd71485bd0b807aa
[2m2025-12-10T10:12:31.254589Z[0m [34mDEBUG[0m [2mhyper::client::pool[0m[2m:[0m reuse idle connection for ("http", 192.168.0.14:8545)
[2m2025-12-10T10:12:31.254608Z[0m [34mDEBUG[0m [2mhyper::proto::h1::io[0m[2m:[0m flushed 250 bytes
[2m2025-12-10T10:12:31.261436Z[0m [34mDEBUG[0m [2mhyper::proto::h1::io[0m[2m:[0m parsed 4 headers
[2m2025-12-10T10:12:31.261462Z[0m [34mDEBUG[0m [2mhyper::proto::h1::conn[0m[2m:[0m incoming body is content-length (673 bytes)
[2m2025-12-10T10:12:31.261480Z[0m [34mDEBUG[0m [2mhyper::proto::h1::conn[0m[2m:[0m incoming body completed
[2m2025-12-10T10:12:31.261491Z[0m [34mDEBUG[0m [2mhyper::client::pool[0m[2m:[0m pooling idle connection for ("http", 192.168.0.14:8545)
[2m2025-12-10T10:12:31.261497Z[0m [34mDEBUG[0m [2methereum_transaction_pool_monitor::eth_client[0m[2m:[0m 📡 Transaction fetch RPC completed in 6.911792ms
[2m2025-12-10T10:12:31.261521Z[0m [34mDEBUG[0m [2methereum_transaction_pool_monitor::eth_client[0m[2m:[0m DeFi transaction detected - Address: 0xdac17f958d2ee523a2206206994597c13d831ec7, Type: Stablecoin, Value: 0 ETH, Gas: 0.19 Gwei
[2m2025-12-10T10:12:31.261529Z[0m [34mDEBUG[0m [2methereum_transaction_pool_monitor::eth_client[0m[2m:[0m ✅ Transaction 0x12b81a1633bde88e43953f8bc63e502ac2375d7d7e101faefd71485bd0b807aa fetched and parsed in 6.944542ms
[2m2025-12-10T10:12:31.261535Z[0m [34mDEBUG[0m [2methereum_transaction_pool_monitor::mempool_monitor[0m[2m:[0m 🔍 Skipping tx 0x12b81a1633bde88e43953f8bc63e502ac2375d7d7e101faefd71485bd0b807aa - not a DEX interaction (target: 0xdAC17F958D2ee523a2206206994597C13D831ec7)
[2m2025-12-10T10:12:31.261541Z[0m [34mDEBUG[0m [2methereum_transaction_pool_monitor::mempool_monitor[0m[2m:[0m 📨 Processing new pending transaction: 0xe6aef35e373b7e36d50f0716801a3672cc2ca1fe30180489c91ba7bbe0f76d31
[2m2025-12-10T10:12:31.261545Z[0m [34mDEBUG[0m [2methereum_transaction_pool_monitor::mempool_monitor[0m[2m:[0m 🔍 Fetching transaction details for: 0xe6aef35e373b7e36d50f0716801a3672cc2ca1fe30180489c91ba7bbe0f76d31
[2m2025-12-10T10:12:31.261548Z[0m [34mDEBUG[0m [2methereum_transaction_pool_monitor::eth_client[0m[2m:[0m 🔍 Fetching transaction details for hash: 0xe6aef35e373b7e36d50f0716801a3672cc2ca1fe30180489c91ba7bbe0f76d31
[2m2025-12-10T10:12:31.261558Z[0m [34mDEBUG[0m [2mhyper::client::pool[0m[2m:[0m reuse idle connection for ("http", 192.168.0.14:8545)
[2m2025-12-10T10:12:31.261574Z[0m [34mDEBUG[0m [2mhyper::proto::h1::io[0m[2m:[0m flushed 250 bytes
[2m2025-12-10T10:12:31.268903Z[0m [34mDEBUG[0m [2mhyper::proto::h1::io[0m[2m:[0m parsed 4 headers
[2m2025-12-10T10:12:31.268909Z[0m [34mDEBUG[0m [2mhyper::proto::h1::conn[0m[2m:[0m incoming body is content-length (780 bytes)
[2m2025-12-10T10:12:31.268913Z[0m [34mDEBUG[0m [2mhyper::proto::h1::conn[0m[2m:[0m incoming body completed
[2m2025-12-10T10:12:31.268918Z[0m [34mDEBUG[0m [2mhyper::client::pool[0m[2m:[0m pooling idle connection for ("http", 192.168.0.14:8545)
[2m2025-12-10T10:12:31.268922Z[0m [34mDEBUG[0m [2methereum_transaction_pool_monitor::eth_client[0m[2m:[0m 📡 Transaction fetch RPC completed in 7.369958ms
[2m2025-12-10T10:12:31.268931Z[0m [34mDEBUG[0m [2methereum_transaction_pool_monitor::eth_client[0m[2m:[0m DeFi transaction detected - Address: 0xdac17f958d2ee523a2206206994597c13d831ec7, Type: Stablecoin, Value: 0 ETH, Gas: 501.00 Gwei
[2m2025-12-10T10:12:31.268938Z[0m [34mDEBUG[0m [2methereum_transaction_pool_monitor::eth_client[0m[2m:[0m ✅ Transaction 0xe6aef35e373b7e36d50f0716801a3672cc2ca1fe30180489c91ba7bbe0f76d31 fetched and parsed in 7.385708ms
[2m2025-12-10T10:12:31.268942Z[0m [34mDEBUG[0m [2methereum_transaction_pool_monitor::mempool_monitor[0m[2m:[0m 🔍 Skipping tx 0xe6aef35e373b7e36d50f0716801a3672cc2ca1fe30180489c91ba7bbe0f76d31 - not a DEX interaction (target: 0xdAC17F958D2ee523a2206206994597C13D831ec7)
[2m2025-12-10T10:12:31.268947Z[0m [34mDEBUG[0m [2methereum_transaction_pool_monitor::mempool_monitor[0m[2m:[0m 📨 Processing new pending transaction: 0xed24e4fd8042c0530f88b592f08f6b20178bb8c50470e61a75a8b788d4b85250
[2m2025-12-10T10:12:31.268950Z[0m [34mDEBUG[0m [2methereum_transaction_pool_monitor::mempool_monitor[0m[2m:[0m 🔍 Fetching transaction details for: 0xed24e4fd8042c0530f88b592f08f6b20178bb8c50470e61a75a8b788d4b85250
[2m2025-12-10T10:12:31.268953Z[0m [34mDEBUG[0m [2methereum_transaction_pool_monitor::eth_client[0m[2m:[0m 🔍 Fetching transaction details for hash: 0xed24e4fd8042c0530f88b592f08f6b20178bb8c50470e61a75a8b788d4b85250
[2m2025-12-10T10:12:31.268960Z[0m [34mDEBUG[0m [2mhyper::client::pool[0m[2m:[0m reuse idle connection for ("http", 192.168.0.14:8545)
[2m2025-12-10T10:12:31.268973Z[0m [34mDEBUG[0m [2mhyper::proto::h1::io[0m[2m:[0m flushed 250 bytes
[2m2025-12-10T10:12:31.275100Z[0m [34mDEBUG[0m [2mhyper::proto::h1::io[0m[2m:[0m parsed 4 headers
[2m2025-12-10T10:12:31.275107Z[0m [34mDEBUG[0m [2mhyper::proto::h1::conn[0m[2m:[0m incoming body is content-length (672 bytes)
[2m2025-12-10T10:12:31.275111Z[0m [34mDEBUG[0m [2mhyper::proto::h1::conn[0m[2m:[0m incoming body completed
[2m2025-12-10T10:12:31.275116Z[0m [34mDEBUG[0m [2mhyper::client::pool[0m[2m:[0m pooling idle connection for ("http", 192.168.0.14:8545)
[2m2025-12-10T10:12:31.275121Z[0m [34mDEBUG[0m [2methereum_transaction_pool_monitor::eth_client[0m[2m:[0m 📡 Transaction fetch RPC completed in 6.164333ms
[2m2025-12-10T10:12:31.275129Z[0m [34mDEBUG[0m [2methereum_transaction_pool_monitor::eth_client[0m[2m:[0m DeFi transaction detected - Address: 0xdac17f958d2ee523a2206206994597c13d831ec7, Type: Stablecoin, Value: 0 ETH, Gas: 0.19 Gwei
[2m2025-12-10T10:12:31.275137Z[0m [34mDEBUG[0m [2methereum_transaction_pool_monitor::eth_client[0m[2m:[0m ✅ Transaction 0xed24e4fd8042c0530f88b592f08f6b20178bb8c50470e61a75a8b788d4b85250 fetched and parsed in 6.1805ms
[2m2025-12-10T10:12:31.275142Z[0m [34mDEBUG[0m [2methereum_transaction_pool_monitor::mempool_monitor[0m[2m:[0m 🔍 Skipping tx 0xed24e4fd8042c0530f88b592f08f6b20178bb8c50470e61a75a8b788d4b85250 - not a DEX interaction (target: 0xdAC17F958D2ee523a2206206994597C13D831ec7)
[2m2025-12-10T10:12:31.275147Z[0m [34mDEBUG[0m [2methereum_transaction_pool_monitor::mempool_monitor[0m[2m:[0m 📨 Processing new pending transaction: 0xdb0803d0cedf84daaf24516a86794665d0b88c03a6b8437bd11d15d71d651570
[2m2025-12-10T10:12:31.275151Z[0m [34mDEBUG[0m [2methereum_transaction_pool_monitor::mempool_monitor[0m[2m:[0m 🔍 Fetching transaction details for: 0xdb0803d0cedf84daaf24516a86794665d0b88c03a6b8437bd11d15d71d651570
[2m2025-12-10T10:12:31.275155Z[0m [34mDEBUG[0m [2methereum_transaction_pool_monitor::eth_client[0m[2m:[0m 🔍 Fetching transaction details for hash: 0xdb0803d0cedf84daaf24516a86794665d0b88c03a6b8437bd11d15d71d651570
[2m2025-12-10T10:12:31.275162Z[0m [34mDEBUG[0m [2mhyper::client::pool[0m[2m:[0m reuse idle connection for ("http", 192.168.0.14:8545)
[2m2025-12-10T10:12:31.275177Z[0m [34mDEBUG[0m [2mhyper::proto::h1::io[0m[2m:[0m flushed 250 bytes
[2m2025-12-10T10:12:31.285149Z[0m [34mDEBUG[0m [2mhyper::proto::h1::io[0m[2m:[0m parsed 4 headers
[2m2025-12-10T10:12:31.285158Z[0m [34mDEBUG[0m [2mhyper::proto::h1::conn[0m[2m:[0m incoming body is content-length (4868 bytes)
[2m2025-12-10T10:12:31.285168Z[0m [34mDEBUG[0m [2methereum_transaction_pool_monitor::eth_client[0m[2m:[0m 📡 Transaction fetch RPC completed in 10.009959ms
[2m2025-12-10T10:12:31.285188Z[0m [34mDEBUG[0m [2methereum_transaction_pool_monitor::eth_client[0m[2m:[0m 📨 Received WebSocket message: {"jsonrpc":"2.0","method":"eth_subscription","params":{"subscription":"0xbed0a0851463e895960a451075a301a9","result":"0x760ceebc47935d4c3fc0e976e3b5fbce584ed36f1571475c21e2a115f52ed3f1"}}
[2m2025-12-10T10:12:31.285190Z[0m [34mDEBUG[0m [2mhyper::proto::h1::conn[0m[2m:[0m incoming body completed
[2m2025-12-10T10:12:31.285195Z[0m [34mDEBUG[0m [2methereum_transaction_pool_monitor::eth_client[0m[2m:[0m 📨 Received pending transaction: 0x760ceebc47935d4c3fc0e976e3b5fbce584ed36f1571475c21e2a115f52ed3f1
[2m2025-12-10T10:12:31.285197Z[0m [34mDEBUG[0m [2mhyper::client::pool[0m[2m:[0m pooling idle connection for ("http", 192.168.0.14:8545)
[2m2025-12-10T10:12:31.285201Z[0m [32m INFO[0m [2methereum_transaction_pool_monitor::eth_client[0m[2m:[0m 📊 WebSocket stats - Total: 3549 transactions, Rate: 13.0 tx/s
[2m2025-12-10T10:12:31.300049Z[0m [34mDEBUG[0m [2mhyper::client::pool[0m[2m:[0m reuse idle connection for ("http", 192.168.0.14:8545)
[2m2025-12-10T10:12:31.300104Z[0m [34mDEBUG[0m [2mhyper::proto::h1::io[0m[2m:[0m flushed 172 bytes
[2m2025-12-10T10:12:31.311626Z[0m [34mDEBUG[0m [2mhyper::proto::h1::io[0m[2m:[0m parsed 4 headers
[2m2025-12-10T10:12:31.311654Z[0m [34mDEBUG[0m [2mhyper::proto::h1::conn[0m[2m:[0m incoming body is content-length (45 bytes)
[2m2025-12-10T10:12:31.311665Z[0m [34mDEBUG[0m [2mhyper::proto::h1::conn[0m[2m:[0m incoming body completed
[2m2025-12-10T10:12:31.311676Z[0m [34mDEBUG[0m [2mhyper::client::pool[0m[2m:[0m pooling idle connection for ("http", 192.168.0.14:8545)
[2m2025-12-10T10:12:31.329435Z[0m [34mDEBUG[0m [2methereum_transaction_pool_monitor::eth_client[0m[2m:[0m 📨 Received WebSocket message: {"jsonrpc":"2.0","method":"eth_subscription","params":{"subscription":"0xbed0a0851463e895960a451075a301a9","result":"0x25bd42d5513ba601a0969e8ecd726eccbc1dda8fd019b1ebf84e4be6fd0c19fe"}}
[2m2025-12-10T10:12:31.329675Z[0m [34mDEBUG[0m [2methereum_transaction_pool_monitor::eth_client[0m[2m:[0m 📨 Received pending transaction: 0x25bd42d5513ba601a0969e8ecd726eccbc1dda8fd019b1ebf84e4be6fd0c19fe
[2m2025-12-10T10:12:31.348284Z[0m [34mDEBUG[0m [2methereum_transaction_pool_monitor::eth_client[0m[2m:[0m 📨 Received WebSocket message: {"jsonrpc":"2.0","method":"eth_subscription","params":{"subscription":"0xbed0a0851463e895960a451075a301a9","result":"0x16478238526d448619159395eeaf3ff68299c0cfdb4ba4e7b50ea632f7b66d20"}}
[2m2025-12-10T10:12:31.348300Z[0m [34mDEBUG[0m [2methereum_transaction_pool_monitor::eth_client[0m[2m:[0m 📨 Received pending transaction: 0x16478238526d448619159395eeaf3ff68299c0cfdb4ba4e7b50ea632f7b66d20
[2m2025-12-10T10:12:31.353051Z[0m [34mDEBUG[0m [2methereum_transaction_pool_monitor::eth_client[0m[2m:[0m 📨 Received WebSocket message: {"jsonrpc":"2.0","method":"eth_subscription","params":{"subscription":"0xbed0a0851463e895960a451075a301a9","result":"0x9bd3d11f5f4d5023f60e9fa5ead7010d365f1437cb093d7fec0ba6d023e4f0e6"}}
[2m2025-12-10T10:12:31.353061Z[0m [34mDEBUG[0m [2methereum_transaction_pool_monitor::eth_client[0m[2m:[0m 📨 Received pending transaction: 0x9bd3d11f5f4d5023f60e9fa5ead7010d365f1437cb093d7fec0ba6d023e4f0e6
[2m2025-12-10T10:12:31.354647Z[0m [34mDEBUG[0m [2methereum_transaction_pool_monitor::eth_client[0m[2m:[0m ✅ Transaction 0xdb0803d0cedf84daaf24516a86794665d0b88c03a6b8437bd11d15d71d651570 fetched and parsed in 79.487542ms
[2m2025-12-10T10:12:31.354660Z[0m [34mDEBUG[0m [2methereum_transaction_pool_monitor::mempool_monitor[0m[2m:[0m 🔍 Skipping tx 0xdb0803d0cedf84daaf24516a86794665d0b88c03a6b8437bd11d15d71d651570 - not a DEX interaction (target: 0x5E1f62Dac767b0491e3CE72469C217365D5B48cC)
[2m2025-12-10T10:12:31.354669Z[0m [34mDEBUG[0m [2methereum_transaction_pool_monitor::mempool_monitor[0m[2m:[0m 📨 Processing new pending transaction: 0x69e3114d34bc673517c4ee99fb4f7bc2ee5463e1ec842ec4ccc9d7e52d33af5c
[2m2025-12-10T10:12:31.354675Z[0m [34mDEBUG[0m [2methereum_transaction_pool_monitor::mempool_monitor[0m[2m:[0m 🔍 Fetching transaction details for: 0x69e3114d34bc673517c4ee99fb4f7bc2ee5463e1ec842ec4ccc9d7e52d33af5c
[2m2025-12-10T10:12:31.354679Z[0m [34mDEBUG[0m [2methereum_transaction_pool_monitor::eth_client[0m[2m:[0m 🔍 Fetching transaction details for hash: 0x69e3114d34bc673517c4ee99fb4f7bc2ee5463e1ec842ec4ccc9d7e52d33af5c
[2m2025-12-10T10:12:31.354694Z[0m [34mDEBUG[0m [2mhyper::client::pool[0m[2m:[0m reuse idle connection for ("http", 192.168.0.14:8545)
[2m2025-12-10T10:12:31.354722Z[0m [34mDEBUG[0m [2mhyper::proto::h1::io[0m[2m:[0m flushed 250 bytes
[2m2025-12-10T10:12:31.362306Z[0m [34mDEBUG[0m [2methereum_transaction_pool_monitor::eth_client[0m[2m:[0m 📨 Received WebSocket message: {"jsonrpc":"2.0","method":"eth_subscription","params":{"subscription":"0xbed0a0851463e895960a451075a301a9","result":"0x2b273d94160d8a677652c9d432523abe0cfefc8d24ffdef3f0e925afe528a343"}}
[2m2025-12-10T10:12:31.362320Z[0m [34mDEBUG[0m [2methereum_transaction_pool_monitor::eth_client[0m[2m:[0m 📨 Received pending transaction: 0x2b273d94160d8a677652c9d432523abe0cfefc8d24ffdef3f0e925afe528a343
[2m2025-12-10T10:12:31.362779Z[0m [34mDEBUG[0m [2mhyper::proto::h1::io[0m[2m:[0m parsed 4 headers
[2m2025-12-10T10:12:31.362787Z[0m [34mDEBUG[0m [2mhyper::proto::h1::conn[0m[2m:[0m incoming body is content-length (773 bytes)
[2m2025-12-10T10:12:31.362795Z[0m [34mDEBUG[0m [2mhyper::proto::h1::conn[0m[2m:[0m incoming body completed
[2m2025-12-10T10:12:31.362804Z[0m [34mDEBUG[0m [2mhyper::client::pool[0m[2m:[0m pooling idle connection for ("http", 192.168.0.14:8545)
[2m2025-12-10T10:12:31.362810Z[0m [34mDEBUG[0m [2methereum_transaction_pool_monitor::eth_client[0m[2m:[0m 📡 Transaction fetch RPC completed in 8.126375ms
[2m2025-12-10T10:12:31.434337Z[0m [34mDEBUG[0m [2methereum_transaction_pool_monitor::eth_client[0m[2m:[0m ✅ Transaction 0x69e3114d34bc673517c4ee99fb4f7bc2ee5463e1ec842ec4ccc9d7e52d33af5c fetched and parsed in 79.651167ms
[2m2025-12-10T10:12:31.434361Z[0m [34mDEBUG[0m [2methereum_transaction_pool_monitor::mempool_monitor[0m[2m:[0m 🔍 Skipping tx 0x69e3114d34bc673517c4ee99fb4f7bc2ee5463e1ec842ec4ccc9d7e52d33af5c - not a DEX interaction (target: 0xA0b86991c6218b36c1d19D4a2e9Eb0cE3606eB48)
[2m2025-12-10T10:12:31.434372Z[0m [34mDEBUG[0m [2methereum_transaction_pool_monitor::mempool_monitor[0m[2m:[0m 📨 Processing new pending transaction: 0x3df67b98c8c58f731a9cbc9f6ccd28804dc8686018c5d256ffac39962ced75bb
[2m2025-12-10T10:12:31.434378Z[0m [34mDEBUG[0m [2methereum_transaction_pool_monitor::mempool_monitor[0m[2m:[0m 🔍 Fetching transaction details for: 0x3df67b98c8c58f731a9cbc9f6ccd28804dc8686018c5d256ffac39962ced75bb
[2m2025-12-10T10:12:31.434382Z[0m [34mDEBUG[0m [2methereum_transaction_pool_monitor::eth_client[0m[2m:[0m 🔍 Fetching transaction details for hash: 0x3df67b98c8c58f731a9cbc9f6ccd28804dc8686018c5d256ffac39962ced75bb
[2m2025-12-10T10:12:31.434400Z[0m [34mDEBUG[0m [2mhyper::client::pool[0m[2m:[0m reuse idle connection for ("http", 192.168.0.14:8545)
[2m2025-12-10T10:12:31.434436Z[0m [34mDEBUG[0m [2mhyper::proto::h1::io[0m[2m:[0m flushed 250 bytes
[2m2025-12-10T10:12:31.434465Z[0m [34mDEBUG[0m [2mhyper::client::pool[0m[2m:[0m reuse idle connection for ("http", 192.168.0.14:8545)
[2m2025-12-10T10:12:31.434481Z[0m [34mDEBUG[0m [2mhyper::proto::h1::io[0m[2m:[0m flushed 172 bytes
[2m2025-12-10T10:12:31.440417Z[0m [34mDEBUG[0m [2mhyper::proto::h1::io[0m[2m:[0m parsed 4 headers
[2m2025-12-10T10:12:31.440436Z[0m [34mDEBUG[0m [2mhyper::proto::h1::conn[0m[2m:[0m incoming body is content-length (674 bytes)
[2m2025-12-10T10:12:31.440458Z[0m [34mDEBUG[0m [2mhyper::proto::h1::conn[0m[2m:[0m incoming body completed
[2m2025-12-10T10:12:31.440476Z[0m [34mDEBUG[0m [2mhyper::client::pool[0m[2m:[0m pooling idle connection for ("http", 192.168.0.14:8545)
[2m2025-12-10T10:12:31.440482Z[0m [34mDEBUG[0m [2methereum_transaction_pool_monitor::eth_client[0m[2m:[0m 📡 Transaction fetch RPC completed in 6.096084ms
[2m2025-12-10T10:12:31.440506Z[0m [34mDEBUG[0m [2methereum_transaction_pool_monitor::eth_client[0m[2m:[0m DeFi transaction detected - Address: 0xdac17f958d2ee523a2206206994597c13d831ec7, Type: Stablecoin, Value: 0 ETH, Gas: 0.19 Gwei
[2m2025-12-10T10:12:31.440518Z[0m [34mDEBUG[0m [2methereum_transaction_pool_monitor::eth_client[0m[2m:[0m ✅ Transaction 0x3df67b98c8c58f731a9cbc9f6ccd28804dc8686018c5d256ffac39962ced75bb fetched and parsed in 6.13175ms
[2m2025-12-10T10:12:31.440523Z[0m [34mDEBUG[0m [2methereum_transaction_pool_monitor::mempool_monitor[0m[2m:[0m 🔍 Skipping tx 0x3df67b98c8c58f731a9cbc9f6ccd28804dc8686018c5d256ffac39962ced75bb - not a DEX interaction (target: 0xdAC17F958D2ee523a2206206994597C13D831ec7)
[2m2025-12-10T10:12:31.440529Z[0m [34mDEBUG[0m [2methereum_transaction_pool_monitor::mempool_monitor[0m[2m:[0m 📨 Processing new pending transaction: 0x64761cd500e2e0c80454c7fcb357941cf4a1e90eac51bbef1b2445325c5470c5
[2m2025-12-10T10:12:31.440532Z[0m [34mDEBUG[0m [2methereum_transaction_pool_monitor::mempool_monitor[0m[2m:[0m 🔍 Fetching transaction details for: 0x64761cd500e2e0c80454c7fcb357941cf4a1e90eac51bbef1b2445325c5470c5
[2m2025-12-10T10:12:31.440535Z[0m [34mDEBUG[0m [2methereum_transaction_pool_monitor::eth_client[0m[2m:[0m 🔍 Fetching transaction details for hash: 0x64761cd500e2e0c80454c7fcb357941cf4a1e90eac51bbef1b2445325c5470c5
[2m2025-12-10T10:12:31.440540Z[0m [34mDEBUG[0m [2mhyper::client::pool[0m[2m:[0m reuse idle connection for ("http", 192.168.0.14:8545)
[2m2025-12-10T10:12:31.440553Z[0m [34mDEBUG[0m [2mhyper::proto::h1::io[0m[2m:[0m flushed 250 bytes
[2m2025-12-10T10:12:31.441176Z[0m [34mDEBUG[0m [2mhyper::proto::h1::io[0m[2m:[0m parsed 4 headers
[2m2025-12-10T10:12:31.441182Z[0m [34mDEBUG[0m [2mhyper::proto::h1::conn[0m[2m:[0m incoming body is content-length (45 bytes)
[2m2025-12-10T10:12:31.441187Z[0m [34mDEBUG[0m [2mhyper::proto::h1::conn[0m[2m:[0m incoming body completed
[2m2025-12-10T10:12:31.441191Z[0m [34mDEBUG[0m [2mhyper::client::pool[0m[2m:[0m pooling idle connection for ("http", 192.168.0.14:8545)
[2m2025-12-10T10:12:31.454295Z[0m [34mDEBUG[0m [2mhyper::proto::h1::io[0m[2m:[0m parsed 4 headers
[2m2025-12-10T10:12:31.454343Z[0m [34mDEBUG[0m [2mhyper::proto::h1::conn[0m[2m:[0m incoming body is content-length (680 bytes)
[2m2025-12-10T10:12:31.454366Z[0m [34mDEBUG[0m [2mhyper::proto::h1::conn[0m[2m:[0m incoming body completed
[2m2025-12-10T10:12:31.454379Z[0m [34mDEBUG[0m [2mhyper::client::pool[0m[2m:[0m pooling idle connection for ("http", 192.168.0.14:8545)
[2m2025-12-10T10:12:31.454390Z[0m [34mDEBUG[0m [2methereum_transaction_pool_monitor::eth_client[0m[2m:[0m 📡 Transaction fetch RPC completed in 13.851375ms
[2m2025-12-10T10:12:31.454408Z[0m [34mDEBUG[0m [2methereum_transaction_pool_monitor::eth_client[0m[2m:[0m DeFi transaction detected - Address: 0xc00e94cb662c3520282e6f5717214004a7f26888, Type: TokenContract, Value: 0 ETH, Gas: 1.00 Gwei
[2m2025-12-10T10:12:31.454421Z[0m [34mDEBUG[0m [2methereum_transaction_pool_monitor::eth_client[0m[2m:[0m ✅ Transaction 0x64761cd500e2e0c80454c7fcb357941cf4a1e90eac51bbef1b2445325c5470c5 fetched and parsed in 13.882333ms
[2m2025-12-10T10:12:31.454427Z[0m [34mDEBUG[0m [2methereum_transaction_pool_monitor::mempool_monitor[0m[2m:[0m 🔍 Skipping tx 0x64761cd500e2e0c80454c7fcb357941cf4a1e90eac51bbef1b2445325c5470c5 - not a DEX interaction (target: 0xc00e94Cb662C3520282E6f5717214004A7f26888)
[2m2025-12-10T10:12:31.454436Z[0m [34mDEBUG[0m [2methereum_transaction_pool_monitor::mempool_monitor[0m[2m:[0m 📨 Processing new pending transaction: 0x754b4050a47f99972f3787b531fb4d13002d32191452a64696424ec632a27f40
[2m2025-12-10T10:12:31.454440Z[0m [34mDEBUG[0m [2methereum_transaction_pool_monitor::mempool_monitor[0m[2m:[0m 🔍 Fetching transaction details for: 0x754b4050a47f99972f3787b531fb4d13002d32191452a64696424ec632a27f40
[2m2025-12-10T10:12:31.454443Z[0m [34mDEBUG[0m [2methereum_transaction_pool_monitor::eth_client[0m[2m:[0m 🔍 Fetching transaction details for hash: 0x754b4050a47f99972f3787b531fb4d13002d32191452a64696424ec632a27f40
[2m2025-12-10T10:12:31.454458Z[0m [34mDEBUG[0m [2mhyper::client::pool[0m[2m:[0m reuse idle connection for ("http", 192.168.0.14:8545)
[2m2025-12-10T10:12:31.454485Z[0m [34mDEBUG[0m [2mhyper::proto::h1::io[0m[2m:[0m flushed 250 bytes
[2m2025-12-10T10:12:31.459329Z[0m [34mDEBUG[0m [2mhyper::proto::h1::io[0m[2m:[0m parsed 4 headers
[2m2025-12-10T10:12:31.459338Z[0m [34mDEBUG[0m [2mhyper::proto::h1::conn[0m[2m:[0m incoming body is content-length (673 bytes)
[2m2025-12-10T10:12:31.459343Z[0m [34mDEBUG[0m [2mhyper::proto::h1::conn[0m[2m:[0m incoming body completed
[2m2025-12-10T10:12:31.459349Z[0m [34mDEBUG[0m [2mhyper::client::pool[0m[2m:[0m pooling idle connection for ("http", 192.168.0.14:8545)
[2m2025-12-10T10:12:31.459354Z[0m [34mDEBUG[0m [2methereum_transaction_pool_monitor::eth_client[0m[2m:[0m 📡 Transaction fetch RPC completed in 4.90725ms
[2m2025-12-10T10:12:31.459363Z[0m [34mDEBUG[0m [2methereum_transaction_pool_monitor::eth_client[0m[2m:[0m DeFi transaction detected - Address: 0xdac17f958d2ee523a2206206994597c13d831ec7, Type: Stablecoin, Value: 0 ETH, Gas: 0.19 Gwei
[2m2025-12-10T10:12:31.459371Z[0m [34mDEBUG[0m [2methereum_transaction_pool_monitor::eth_client[0m[2m:[0m ✅ Transaction 0x754b4050a47f99972f3787b531fb4d13002d32191452a64696424ec632a27f40 fetched and parsed in 4.925334ms
[2m2025-12-10T10:12:31.459376Z[0m [34mDEBUG[0m [2methereum_transaction_pool_monitor::mempool_monitor[0m[2m:[0m 🔍 Skipping tx 0x754b4050a47f99972f3787b531fb4d13002d32191452a64696424ec632a27f40 - not a DEX interaction (target: 0xdAC17F958D2ee523a2206206994597C13D831ec7)
[2m2025-12-10T10:12:31.459382Z[0m [34mDEBUG[0m [2methereum_transaction_pool_monitor::mempool_monitor[0m[2m:[0m 📨 Processing new pending transaction: 0x39d42ff8768be8abf6f671e6864a70e9d9bbc9831c9bd6c33b3386687da0e3e1
[2m2025-12-10T10:12:31.459386Z[0m [34mDEBUG[0m [2methereum_transaction_pool_monitor::mempool_monitor[0m[2m:[0m 🔍 Fetching transaction details for: 0x39d42ff8768be8abf6f671e6864a70e9d9bbc9831c9bd6c33b3386687da0e3e1
[2m2025-12-10T10:12:31.459389Z[0m [34mDEBUG[0m [2methereum_transaction_pool_monitor::eth_client[0m[2m:[0m 🔍 Fetching transaction details for hash: 0x39d42ff8768be8abf6f671e6864a70e9d9bbc9831c9bd6c33b3386687da0e3e1
[2m2025-12-10T10:12:31.459399Z[0m [34mDEBUG[0m [2mhyper::client::pool[0m[2m:[0m reuse idle connection for ("http", 192.168.0.14:8545)
[2m2025-12-10T10:12:31.459419Z[0m [34mDEBUG[0m [2mhyper::proto::h1::io[0m[2m:[0m flushed 250 bytes
[2m2025-12-10T10:12:31.463859Z[0m [34mDEBUG[0m [2mhyper::proto::h1::io[0m[2m:[0m parsed 4 headers
[2m2025-12-10T10:12:31.463867Z[0m [34mDEBUG[0m [2mhyper::proto::h1::conn[0m[2m:[0m incoming body is content-length (673 bytes)
[2m2025-12-10T10:12:31.463872Z[0m [34mDEBUG[0m [2mhyper::proto::h1::conn[0m[2m:[0m incoming body completed
[2m2025-12-10T10:12:31.463877Z[0m [34mDEBUG[0m [2mhyper::client::pool[0m[2m:[0m pooling idle connection for ("http", 192.168.0.14:8545)
[2m2025-12-10T10:12:31.463882Z[0m [34mDEBUG[0m [2methereum_transaction_pool_monitor::eth_client[0m[2m:[0m 📡 Transaction fetch RPC completed in 4.489459ms
[2m2025-12-10T10:12:31.463890Z[0m [34mDEBUG[0m [2methereum_transaction_pool_monitor::eth_client[0m[2m:[0m DeFi transaction detected - Address: 0xdac17f958d2ee523a2206206994597c13d831ec7, Type: Stablecoin, Value: 0 ETH, Gas: 0.19 Gwei
[2m2025-12-10T10:12:31.463897Z[0m [34mDEBUG[0m [2methereum_transaction_pool_monitor::eth_client[0m[2m:[0m ✅ Transaction 0x39d42ff8768be8abf6f671e6864a70e9d9bbc9831c9bd6c33b3386687da0e3e1 fetched and parsed in 4.504875ms
[2m2025-12-10T10:12:31.463902Z[0m [34mDEBUG[0m [2methereum_transaction_pool_monitor::mempool_monitor[0m[2m:[0m 🔍 Skipping tx 0x39d42ff8768be8abf6f671e6864a70e9d9bbc9831c9bd6c33b3386687da0e3e1 - not a DEX interaction (target: 0xdAC17F958D2ee523a2206206994597C13D831ec7)
[2m2025-12-10T10:12:31.463907Z[0m [34mDEBUG[0m [2methereum_transaction_pool_monitor::mempool_monitor[0m[2m:[0m 📨 Processing new pending transaction: 0x380514a3bc9cab5a7cea9d4a310c9a58ca0f36daa17634bc4d1ee424970ec320
[2m2025-12-10T10:12:31.463911Z[0m [34mDEBUG[0m [2methereum_transaction_pool_monitor::mempool_monitor[0m[2m:[0m 🔍 Fetching transaction details for: 0x380514a3bc9cab5a7cea9d4a310c9a58ca0f36daa17634bc4d1ee424970ec320
[2m2025-12-10T10:12:31.463914Z[0m [34mDEBUG[0m [2methereum_transaction_pool_monitor::eth_client[0m[2m:[0m 🔍 Fetching transaction details for hash: 0x380514a3bc9cab5a7cea9d4a310c9a58ca0f36daa17634bc4d1ee424970ec320
[2m2025-12-10T10:12:31.463922Z[0m [34mDEBUG[0m [2mhyper::client::pool[0m[2m:[0m reuse idle connection for ("http", 192.168.0.14:8545)
[2m2025-12-10T10:12:31.463939Z[0m [34mDEBUG[0m [2mhyper::proto::h1::io[0m[2m:[0m flushed 250 bytes
[2m2025-12-10T10:12:31.469246Z[0m [34mDEBUG[0m [2mhyper::proto::h1::io[0m[2m:[0m parsed 4 headers
[2m2025-12-10T10:12:31.469254Z[0m [34mDEBUG[0m [2mhyper::proto::h1::conn[0m[2m:[0m incoming body is content-length (674 bytes)
[2m2025-12-10T10:12:31.469260Z[0m [34mDEBUG[0m [2mhyper::proto::h1::conn[0m[2m:[0m incoming body completed
[2m2025-12-10T10:12:31.469266Z[0m [34mDEBUG[0m [2mhyper::client::pool[0m[2m:[0m pooling idle connection for ("http", 192.168.0.14:8545)
[2m2025-12-10T10:12:31.469270Z[0m [34mDEBUG[0m [2methereum_transaction_pool_monitor::eth_client[0m[2m:[0m 📡 Transaction fetch RPC completed in 5.352833ms
[2m2025-12-10T10:12:31.469372Z[0m [34mDEBUG[0m [2methereum_transaction_pool_monitor::eth_client[0m[2m:[0m DeFi transaction detected - Address: 0xdac17f958d2ee523a2206206994597c13d831ec7, Type: Stablecoin, Value: 0 ETH, Gas: 0.19 Gwei
[2m2025-12-10T10:12:31.469380Z[0m [34mDEBUG[0m [2methereum_transaction_pool_monitor::eth_client[0m[2m:[0m ✅ Transaction 0x380514a3bc9cab5a7cea9d4a310c9a58ca0f36daa17634bc4d1ee424970ec320 fetched and parsed in 5.463125ms
[2m2025-12-10T10:12:31.469385Z[0m [34mDEBUG[0m [2methereum_transaction_pool_monitor::mempool_monitor[0m[2m:[0m 🔍 Skipping tx 0x380514a3bc9cab5a7cea9d4a310c9a58ca0f36daa17634bc4d1ee424970ec320 - not a DEX interaction (target: 0xdAC17F958D2ee523a2206206994597C13D831ec7)
[2m2025-12-10T10:12:31.469390Z[0m [34mDEBUG[0m [2methereum_transaction_pool_monitor::mempool_monitor[0m[2m:[0m 📨 Processing new pending transaction: 0x760ceebc47935d4c3fc0e976e3b5fbce584ed36f1571475c21e2a115f52ed3f1
[2m2025-12-10T10:12:31.469394Z[0m [34mDEBUG[0m [2methereum_transaction_pool_monitor::mempool_monitor[0m[2m:[0m 🔍 Fetching transaction details for: 0x760ceebc47935d4c3fc0e976e3b5fbce584ed36f1571475c21e2a115f52ed3f1
[2m2025-12-10T10:12:31.469397Z[0m [34mDEBUG[0m [2methereum_transaction_pool_monitor::eth_client[0m[2m:[0m 🔍 Fetching transaction details for hash: 0x760ceebc47935d4c3fc0e976e3b5fbce584ed36f1571475c21e2a115f52ed3f1
[2m2025-12-10T10:12:31.469405Z[0m [34mDEBUG[0m [2mhyper::client::pool[0m[2m:[0m reuse idle connection for ("http", 192.168.0.14:8545)
[2m2025-12-10T10:12:31.469422Z[0m [34mDEBUG[0m [2mhyper::proto::h1::io[0m[2m:[0m flushed 250 bytes
[2m2025-12-10T10:12:31.474276Z[0m [34mDEBUG[0m [2mhyper::proto::h1::io[0m[2m:[0m parsed 4 headers
[2m2025-12-10T10:12:31.474294Z[0m [34mDEBUG[0m [2mhyper::proto::h1::conn[0m[2m:[0m incoming body is content-length (674 bytes)
[2m2025-12-10T10:12:31.474313Z[0m [34mDEBUG[0m [2mhyper::proto::h1::conn[0m[2m:[0m incoming body completed
[2m2025-12-10T10:12:31.474331Z[0m [34mDEBUG[0m [2mhyper::client::pool[0m[2m:[0m pooling idle connection for ("http", 192.168.0.14:8545)
[2m2025-12-10T10:12:31.474335Z[0m [34mDEBUG[0m [2methereum_transaction_pool_monitor::eth_client[0m[2m:[0m 📡 Transaction fetch RPC completed in 4.935125ms
[2m2025-12-10T10:12:31.474345Z[0m [34mDEBUG[0m [2methereum_transaction_pool_monitor::eth_client[0m[2m:[0m DeFi transaction detected - Address: 0xdac17f958d2ee523a2206206994597c13d831ec7, Type: Stablecoin, Value: 0 ETH, Gas: 0.19 Gwei
[2m2025-12-10T10:12:31.474364Z[0m [34mDEBUG[0m [2methereum_transaction_pool_monitor::eth_client[0m[2m:[0m ✅ Transaction 0x760ceebc47935d4c3fc0e976e3b5fbce584ed36f1571475c21e2a115f52ed3f1 fetched and parsed in 4.963458ms
[2m2025-12-10T10:12:31.474368Z[0m [34mDEBUG[0m [2methereum_transaction_pool_monitor::mempool_monitor[0m[2m:[0m 🔍 Skipping tx 0x760ceebc47935d4c3fc0e976e3b5fbce584ed36f1571475c21e2a115f52ed3f1 - not a DEX interaction (target: 0xdAC17F958D2ee523a2206206994597C13D831ec7)
[2m2025-12-10T10:12:31.474374Z[0m [34mDEBUG[0m [2methereum_transaction_pool_monitor::mempool_monitor[0m[2m:[0m 📨 Processing new pending transaction: 0x25bd42d5513ba601a0969e8ecd726eccbc1dda8fd019b1ebf84e4be6fd0c19fe
[2m2025-12-10T10:12:31.474378Z[0m [34mDEBUG[0m [2methereum_transaction_pool_monitor::mempool_monitor[0m[2m:[0m 🔍 Fetching transaction details for: 0x25bd42d5513ba601a0969e8ecd726eccbc1dda8fd019b1ebf84e4be6fd0c19fe
[2m2025-12-10T10:12:31.474381Z[0m [34mDEBUG[0m [2methereum_transaction_pool_monitor::eth_client[0m[2m:[0m 🔍 Fetching transaction details for hash: 0x25bd42d5513ba601a0969e8ecd726eccbc1dda8fd019b1ebf84e4be6fd0c19fe
[2m2025-12-10T10:12:31.474388Z[0m [34mDEBUG[0m [2mhyper::client::pool[0m[2m:[0m reuse idle connection for ("http", 192.168.0.14:8545)
[2m2025-12-10T10:12:31.474406Z[0m [34mDEBUG[0m [2mhyper::proto::h1::io[0m[2m:[0m flushed 250 bytes
[2m2025-12-10T10:12:31.479614Z[0m [34mDEBUG[0m [2mhyper::proto::h1::io[0m[2m:[0m parsed 4 headers
[2m2025-12-10T10:12:31.479626Z[0m [34mDEBUG[0m [2mhyper::proto::h1::conn[0m[2m:[0m incoming body is content-length (674 bytes)
[2m2025-12-10T10:12:31.479631Z[0m [34mDEBUG[0m [2mhyper::proto::h1::conn[0m[2m:[0m incoming body completed
[2m2025-12-10T10:12:31.479637Z[0m [34mDEBUG[0m [2mhyper::client::pool[0m[2m:[0m pooling idle connection for ("http", 192.168.0.14:8545)
[2m2025-12-10T10:12:31.479642Z[0m [34mDEBUG[0m [2methereum_transaction_pool_monitor::eth_client[0m[2m:[0m 📡 Transaction fetch RPC completed in 5.25775ms
[2m2025-12-10T10:12:31.479652Z[0m [34mDEBUG[0m [2methereum_transaction_pool_monitor::eth_client[0m[2m:[0m DeFi transaction detected - Address: 0xdac17f958d2ee523a2206206994597c13d831ec7, Type: Stablecoin, Value: 0 ETH, Gas: 0.19 Gwei
[2m2025-12-10T10:12:31.479662Z[0m [34mDEBUG[0m [2methereum_transaction_pool_monitor::eth_client[0m[2m:[0m ✅ Transaction 0x25bd42d5513ba601a0969e8ecd726eccbc1dda8fd019b1ebf84e4be6fd0c19fe fetched and parsed in 5.277375ms
[2m2025-12-10T10:12:31.479668Z[0m [34mDEBUG[0m [2methereum_transaction_pool_monitor::mempool_monitor[0m[2m:[0m 🔍 Skipping tx 0x25bd42d5513ba601a0969e8ecd726eccbc1dda8fd019b1ebf84e4be6fd0c19fe - not a DEX interaction (target: 0xdAC17F958D2ee523a2206206994597C13D831ec7)
[2m2025-12-10T10:12:31.479673Z[0m [34mDEBUG[0m [2methereum_transaction_pool_monitor::mempool_monitor[0m[2m:[0m 📨 Processing new pending transaction: 0x16478238526d448619159395eeaf3ff68299c0cfdb4ba4e7b50ea632f7b66d20
[2m2025-12-10T10:12:31.479677Z[0m [34mDEBUG[0m [2methereum_transaction_pool_monitor::mempool_monitor[0m[2m:[0m 🔍 Fetching transaction details for: 0x16478238526d448619159395eeaf3ff68299c0cfdb4ba4e7b50ea632f7b66d20
[2m2025-12-10T10:12:31.479680Z[0m [34mDEBUG[0m [2methereum_transaction_pool_monitor::eth_client[0m[2m:[0m 🔍 Fetching transaction details for hash: 0x16478238526d448619159395eeaf3ff68299c0cfdb4ba4e7b50ea632f7b66d20
[2m2025-12-10T10:12:31.479689Z[0m [34mDEBUG[0m [2mhyper::client::pool[0m[2m:[0m reuse idle connection for ("http", 192.168.0.14:8545)
[2m2025-12-10T10:12:31.479709Z[0m [34mDEBUG[0m [2mhyper::proto::h1::io[0m[2m:[0m flushed 250 bytes
[2m2025-12-10T10:12:31.485351Z[0m [34mDEBUG[0m [2mhyper::proto::h1::io[0m[2m:[0m parsed 4 headers
[2m2025-12-10T10:12:31.485382Z[0m [34mDEBUG[0m [2mhyper::proto::h1::conn[0m[2m:[0m incoming body is content-length (675 bytes)
[2m2025-12-10T10:12:31.485401Z[0m [34mDEBUG[0m [2mhyper::proto::h1::conn[0m[2m:[0m incoming body completed
[2m2025-12-10T10:12:31.485412Z[0m [34mDEBUG[0m [2mhyper::client::pool[0m[2m:[0m pooling idle connection for ("http", 192.168.0.14:8545)
[2m2025-12-10T10:12:31.485430Z[0m [34mDEBUG[0m [2methereum_transaction_pool_monitor::eth_client[0m[2m:[0m 📡 Transaction fetch RPC completed in 5.746458ms
[2m2025-12-10T10:12:31.485440Z[0m [34mDEBUG[0m [2methereum_transaction_pool_monitor::eth_client[0m[2m:[0m DeFi transaction detected - Address: 0xdac17f958d2ee523a2206206994597c13d831ec7, Type: Stablecoin, Value: 0 ETH, Gas: 0.19 Gwei
[2m2025-12-10T10:12:31.485449Z[0m [34mDEBUG[0m [2methereum_transaction_pool_monitor::eth_client[0m[2m:[0m ✅ Transaction 0x16478238526d448619159395eeaf3ff68299c0cfdb4ba4e7b50ea632f7b66d20 fetched and parsed in 5.765458ms
[2m2025-12-10T10:12:31.485454Z[0m [34mDEBUG[0m [2methereum_transaction_pool_monitor::mempool_monitor[0m[2m:[0m 🔍 Skipping tx 0x16478238526d448619159395eeaf3ff68299c0cfdb4ba4e7b50ea632f7b66d20 - not a DEX interaction (target: 0xdAC17F958D2ee523a2206206994597C13D831ec7)
[2m2025-12-10T10:12:31.485461Z[0m [34mDEBUG[0m [2methereum_transaction_pool_monitor::mempool_monitor[0m[2m:[0m 📨 Processing new pending transaction: 0x9bd3d11f5f4d5023f60e9fa5ead7010d365f1437cb093d7fec0ba6d023e4f0e6
[2m2025-12-10T10:12:31.485465Z[0m [34mDEBUG[0m [2methereum_transaction_pool_monitor::mempool_monitor[0m[2m:[0m 🔍 Fetching transaction details for: 0x9bd3d11f5f4d5023f60e9fa5ead7010d365f1437cb093d7fec0ba6d023e4f0e6
[2m2025-12-10T10:12:31.485468Z[0m [34mDEBUG[0m [2methereum_transaction_pool_monitor::eth_client[0m[2m:[0m 🔍 Fetching transaction details for hash: 0x9bd3d11f5f4d5023f60e9fa5ead7010d365f1437cb093d7fec0ba6d023e4f0e6
[2m2025-12-10T10:12:31.485479Z[0m [34mDEBUG[0m [2mhyper::client::pool[0m[2m:[0m reuse idle connection for ("http", 192.168.0.14:8545)
[2m2025-12-10T10:12:31.485504Z[0m [34mDEBUG[0m [2mhyper::proto::h1::io[0m[2m:[0m flushed 250 bytes
[2m2025-12-10T10:12:31.491983Z[0m [34mDEBUG[0m [2mhyper::proto::h1::io[0m[2m:[0m parsed 4 headers
[2m2025-12-10T10:12:31.491988Z[0m [34mDEBUG[0m [2mhyper::proto::h1::conn[0m[2m:[0m incoming body is content-length (5124 bytes)
[2m2025-12-10T10:12:31.491997Z[0m [34mDEBUG[0m [2methereum_transaction_pool_monitor::eth_client[0m[2m:[0m 📡 Transaction fetch RPC completed in 6.524958ms
[2m2025-12-10T10:12:31.492443Z[0m [34mDEBUG[0m [2mhyper::proto::h1::conn[0m[2m:[0m incoming body completed
[2m2025-12-10T10:12:31.492451Z[0m [34mDEBUG[0m [2mhyper::client::pool[0m[2m:[0m pooling idle connection for ("http", 192.168.0.14:8545)
[2m2025-12-10T10:12:31.498739Z[0m [34mDEBUG[0m [2mhyper::client::pool[0m[2m:[0m reuse idle connection for ("http", 192.168.0.14:8545)
[2m2025-12-10T10:12:31.498785Z[0m [34mDEBUG[0m [2mhyper::proto::h1::io[0m[2m:[0m flushed 172 bytes
[2m2025-12-10T10:12:31.503332Z[0m [34mDEBUG[0m [2mhyper::proto::h1::io[0m[2m:[0m parsed 4 headers
[2m2025-12-10T10:12:31.503344Z[0m [34mDEBUG[0m [2mhyper::proto::h1::conn[0m[2m:[0m incoming body is content-length (45 bytes)
[2m2025-12-10T10:12:31.503351Z[0m [34mDEBUG[0m [2mhyper::proto::h1::conn[0m[2m:[0m incoming body completed
[2m2025-12-10T10:12:31.503359Z[0m [34mDEBUG[0m [2mhyper::client::pool[0m[2m:[0m pooling idle connection for ("http", 192.168.0.14:8545)
[2m2025-12-10T10:12:31.564729Z[0m [34mDEBUG[0m [2methereum_transaction_pool_monitor::eth_client[0m[2m:[0m ✅ Transaction 0x9bd3d11f5f4d5023f60e9fa5ead7010d365f1437cb093d7fec0ba6d023e4f0e6 fetched and parsed in 79.254708ms
[2m2025-12-10T10:12:31.564754Z[0m [34mDEBUG[0m [2methereum_transaction_pool_monitor::mempool_monitor[0m[2m:[0m 🔍 Skipping tx 0x9bd3d11f5f4d5023f60e9fa5ead7010d365f1437cb093d7fec0ba6d023e4f0e6 - not a DEX interaction (target: 0xF6801D319497789f934ec7F83E142a9536312B08)
[2m2025-12-10T10:12:31.564764Z[0m [34mDEBUG[0m [2methereum_transaction_pool_monitor::mempool_monitor[0m[2m:[0m 📨 Processing new pending transaction: 0x2b273d94160d8a677652c9d432523abe0cfefc8d24ffdef3f0e925afe528a343
[2m2025-12-10T10:12:31.564770Z[0m [34mDEBUG[0m [2methereum_transaction_pool_monitor::mempool_monitor[0m[2m:[0m 🔍 Fetching transaction details for: 0x2b273d94160d8a677652c9d432523abe0cfefc8d24ffdef3f0e925afe528a343
[2m2025-12-10T10:12:31.564775Z[0m [34mDEBUG[0m [2methereum_transaction_pool_monitor::eth_client[0m[2m:[0m 🔍 Fetching transaction details for hash: 0x2b273d94160d8a677652c9d432523abe0cfefc8d24ffdef3f0e925afe528a343
[2m2025-12-10T10:12:31.564790Z[0m [34mDEBUG[0m [2mhyper::client::pool[0m[2m:[0m reuse idle connection for ("http", 192.168.0.14:8545)
[2m2025-12-10T10:12:31.564829Z[0m [34mDEBUG[0m [2mhyper::proto::h1::io[0m[2m:[0m flushed 250 bytes
[2m2025-12-10T10:12:31.576402Z[0m [34mDEBUG[0m [2mhyper::proto::h1::io[0m[2m:[0m parsed 4 headers
[2m2025-12-10T10:12:31.576436Z[0m [34mDEBUG[0m [2mhyper::proto::h1::conn[0m[2m:[0m incoming body is content-length (9922 bytes)
[2m2025-12-10T10:12:31.576455Z[0m [34mDEBUG[0m [2methereum_transaction_pool_monitor::eth_client[0m[2m:[0m 📡 Transaction fetch RPC completed in 11.676083ms
[2m2025-12-10T10:12:31.576473Z[0m [34mDEBUG[0m [2mhyper::proto::h1::conn[0m[2m:[0m incoming body completed
[2m2025-12-10T10:12:31.576482Z[0m [34mDEBUG[0m [2mhyper::client::pool[0m[2m:[0m pooling idle connection for ("http", 192.168.0.14:8545)
[2m2025-12-10T10:12:31.599421Z[0m [34mDEBUG[0m [2mhyper::client::pool[0m[2m:[0m reuse idle connection for ("http", 192.168.0.14:8545)
[2m2025-12-10T10:12:31.599490Z[0m [34mDEBUG[0m [2mhyper::proto::h1::io[0m[2m:[0m flushed 172 bytes
[2m2025-12-10T10:12:31.603872Z[0m [34mDEBUG[0m [2mhyper::proto::h1::io[0m[2m:[0m parsed 4 headers
[2m2025-12-10T10:12:31.603885Z[0m [34mDEBUG[0m [2mhyper::proto::h1::conn[0m[2m:[0m incoming body is content-length (45 bytes)
[2m2025-12-10T10:12:31.603893Z[0m [34mDEBUG[0m [2mhyper::proto::h1::conn[0m[2m:[0m incoming body completed
[2m2025-12-10T10:12:31.603902Z[0m [34mDEBUG[0m [2mhyper::client::pool[0m[2m:[0m pooling idle connection for ("http", 192.168.0.14:8545)
[2m2025-12-10T10:12:31.608432Z[0m [34mDEBUG[0m [2methereum_transaction_pool_monitor::eth_client[0m[2m:[0m 📨 Received WebSocket message: {"jsonrpc":"2.0","method":"eth_subscription","params":{"subscription":"0xbed0a0851463e895960a451075a301a9","result":"0xb7c8102176068fc93f7f39624e7d32e55c4fdbbec23823ba592eac28b9048f06"}}
[2m2025-12-10T10:12:31.609659Z[0m [34mDEBUG[0m [2methereum_transaction_pool_monitor::eth_client[0m[2m:[0m 📨 Received pending transaction: 0xb7c8102176068fc93f7f39624e7d32e55c4fdbbec23823ba592eac28b9048f06
[2m2025-12-10T10:12:31.648254Z[0m [34mDEBUG[0m [2methereum_transaction_pool_monitor::eth_client[0m[2m:[0m ✅ Transaction 0x2b273d94160d8a677652c9d432523abe0cfefc8d24ffdef3f0e925afe528a343 fetched and parsed in 83.473375ms
[2m2025-12-10T10:12:31.648279Z[0m [34mDEBUG[0m [2methereum_transaction_pool_monitor::mempool_monitor[0m[2m:[0m 🔍 Skipping tx 0x2b273d94160d8a677652c9d432523abe0cfefc8d24ffdef3f0e925afe528a343 - not a DEX interaction (target: 0xb300000b72DEAEb607a12d5f54773D1C19c7028d)
[2m2025-12-10T10:12:31.648290Z[0m [34mDEBUG[0m [2methereum_transaction_pool_monitor::mempool_monitor[0m[2m:[0m 📨 Processing new pending transaction: 0xb7c8102176068fc93f7f39624e7d32e55c4fdbbec23823ba592eac28b9048f06
[2m2025-12-10T10:12:31.648295Z[0m [34mDEBUG[0m [2methereum_transaction_pool_monitor::mempool_monitor[0m[2m:[0m 🔍 Fetching transaction details for: 0xb7c8102176068fc93f7f39624e7d32e55c4fdbbec23823ba592eac28b9048f06
[2m2025-12-10T10:12:31.648299Z[0m [34mDEBUG[0m [2methereum_transaction_pool_monitor::eth_client[0m[2m:[0m 🔍 Fetching transaction details for hash: 0xb7c8102176068fc93f7f39624e7d32e55c4fdbbec23823ba592eac28b9048f06
[2m2025-12-10T10:12:31.648317Z[0m [34mDEBUG[0m [2mhyper::client::pool[0m[2m:[0m reuse idle connection for ("http", 192.168.0.14:8545)
[2m2025-12-10T10:12:31.648356Z[0m [34mDEBUG[0m [2mhyper::proto::h1::io[0m[2m:[0m flushed 250 bytes
[2m2025-12-10T10:12:31.651019Z[0m [34mDEBUG[0m [2methereum_transaction_pool_monitor::eth_client[0m[2m:[0m 📨 Received WebSocket message: {"jsonrpc":"2.0","method":"eth_subscription","params":{"subscription":"0xbed0a0851463e895960a451075a301a9","result":"0xd172c491577c22acec3ca1653cde720018f8f7acc575a4276fb823054becf206"}}
[2m2025-12-10T10:12:31.651037Z[0m [34mDEBUG[0m [2methereum_transaction_pool_monitor::eth_client[0m[2m:[0m 📨 Received pending transaction: 0xd172c491577c22acec3ca1653cde720018f8f7acc575a4276fb823054becf206
[2m2025-12-10T10:12:31.652677Z[0m [34mDEBUG[0m [2mhyper::proto::h1::io[0m[2m:[0m parsed 4 headers
[2m2025-12-10T10:12:31.652687Z[0m [34mDEBUG[0m [2mhyper::proto::h1::conn[0m[2m:[0m incoming body is content-length (770 bytes)
[2m2025-12-10T10:12:31.652694Z[0m [34mDEBUG[0m [2mhyper::proto::h1::conn[0m[2m:[0m incoming body completed
[2m2025-12-10T10:12:31.652703Z[0m [34mDEBUG[0m [2mhyper::client::pool[0m[2m:[0m pooling idle connection for ("http", 192.168.0.14:8545)
[2m2025-12-10T10:12:31.652711Z[0m [34mDEBUG[0m [2methereum_transaction_pool_monitor::eth_client[0m[2m:[0m 📡 Transaction fetch RPC completed in 4.408208ms
[2m2025-12-10T10:12:31.724061Z[0m [34mDEBUG[0m [2methereum_transaction_pool_monitor::eth_client[0m[2m:[0m ✅ Transaction 0xb7c8102176068fc93f7f39624e7d32e55c4fdbbec23823ba592eac28b9048f06 fetched and parsed in 75.75475ms
[2m2025-12-10T10:12:31.724176Z[0m [34mDEBUG[0m [2methereum_transaction_pool_monitor::mempool_monitor[0m[2m:[0m 🔍 Skipping tx 0xb7c8102176068fc93f7f39624e7d32e55c4fdbbec23823ba592eac28b9048f06 - not a DEX interaction (target: 0xA0b86991c6218b36c1d19D4a2e9Eb0cE3606eB48)
[2m2025-12-10T10:12:31.724190Z[0m [34mDEBUG[0m [2methereum_transaction_pool_monitor::mempool_monitor[0m[2m:[0m 📨 Processing new pending transaction: 0xd172c491577c22acec3ca1653cde720018f8f7acc575a4276fb823054becf206
[2m2025-12-10T10:12:31.724197Z[0m [34mDEBUG[0m [2methereum_transaction_pool_monitor::mempool_monitor[0m[2m:[0m 🔍 Fetching transaction details for: 0xd172c491577c22acec3ca1653cde720018f8f7acc575a4276fb823054becf206
[2m2025-12-10T10:12:31.724202Z[0m [34mDEBUG[0m [2methereum_transaction_pool_monitor::eth_client[0m[2m:[0m 🔍 Fetching transaction details for hash: 0xd172c491577c22acec3ca1653cde720018f8f7acc575a4276fb823054becf206
[2m2025-12-10T10:12:31.724219Z[0m [34mDEBUG[0m [2mhyper::client::pool[0m[2m:[0m reuse idle connection for ("http", 192.168.0.14:8545)
[2m2025-12-10T10:12:31.724243Z[0m [34mDEBUG[0m [2mhyper::proto::h1::io[0m[2m:[0m flushed 250 bytes
[2m2025-12-10T10:12:31.724262Z[0m [34mDEBUG[0m [2mhyper::client::pool[0m[2m:[0m reuse idle connection for ("http", 192.168.0.14:8545)
[2m2025-12-10T10:12:31.724272Z[0m [34mDEBUG[0m [2methereum_transaction_pool_monitor::eth_client[0m[2m:[0m 📨 Received WebSocket message: {"jsonrpc":"2.0","method":"eth_subscription","params":{"subscription":"0xbed0a0851463e895960a451075a301a9","result":"0xdb5f7d7ae2a1c59441cad083532338ae712ae7b5c11d77e9540fe425164e5608"}}
[2m2025-12-10T10:12:31.724275Z[0m [34mDEBUG[0m [2mhyper::proto::h1::io[0m[2m:[0m flushed 172 bytes
[2m2025-12-10T10:12:31.724283Z[0m [34mDEBUG[0m [2methereum_transaction_pool_monitor::eth_client[0m[2m:[0m 📨 Received pending transaction: 0xdb5f7d7ae2a1c59441cad083532338ae712ae7b5c11d77e9540fe425164e5608
[2m2025-12-10T10:12:31.724289Z[0m [34mDEBUG[0m [2methereum_transaction_pool_monitor::eth_client[0m[2m:[0m 📨 Received WebSocket message: {"jsonrpc":"2.0","method":"eth_subscription","params":{"subscription":"0xbed0a0851463e895960a451075a301a9","result":"0x6dae599f6c079eb478b8928c7b295bd44be594e1a740e391817de82f86ce8698"}}
[2m2025-12-10T10:12:31.724295Z[0m [34mDEBUG[0m [2methereum_transaction_pool_monitor::eth_client[0m[2m:[0m 📨 Received pending transaction: 0x6dae599f6c079eb478b8928c7b295bd44be594e1a740e391817de82f86ce8698
[2m2025-12-10T10:12:31.724299Z[0m [34mDEBUG[0m [2methereum_transaction_pool_monitor::eth_client[0m[2m:[0m 📨 Received WebSocket message: {"jsonrpc":"2.0","method":"eth_subscription","params":{"subscription":"0xbed0a0851463e895960a451075a301a9","result":"0xa93fbdd68ef818e097c25b82332afc3f22d780c31678040ca629a34b1e780cae"}}
[2m2025-12-10T10:12:31.724303Z[0m [34mDEBUG[0m [2methereum_transaction_pool_monitor::eth_client[0m[2m:[0m 📨 Received pending transaction: 0xa93fbdd68ef818e097c25b82332afc3f22d780c31678040ca629a34b1e780cae
[2m2025-12-10T10:12:31.724307Z[0m [34mDEBUG[0m [2methereum_transaction_pool_monitor::eth_client[0m[2m:[0m 📨 Received WebSocket message: {"jsonrpc":"2.0","method":"eth_subscription","params":{"subscription":"0xbed0a0851463e895960a451075a301a9","result":"0xc5a9b6509138b228ebd85e30a4a2aa5186f5a36f09723b8900f0f788e4e8760a"}}
[2m2025-12-10T10:12:31.724313Z[0m [34mDEBUG[0m [2methereum_transaction_pool_monitor::eth_client[0m[2m:[0m 📨 Received pending transaction: 0xc5a9b6509138b228ebd85e30a4a2aa5186f5a36f09723b8900f0f788e4e8760a
[2m2025-12-10T10:12:31.724319Z[0m [34mDEBUG[0m [2methereum_transaction_pool_monitor::eth_client[0m[2m:[0m 📨 Received WebSocket message: {"jsonrpc":"2.0","method":"eth_subscription","params":{"subscription":"0xbed0a0851463e895960a451075a301a9","result":"0xb59dabe1aa912968fe565dc213eb80268306b978d58e23afea948b78e5520a05"}}
[2m2025-12-10T10:12:31.724324Z[0m [34mDEBUG[0m [2methereum_transaction_pool_monitor::eth_client[0m[2m:[0m 📨 Received pending transaction: 0xb59dabe1aa912968fe565dc213eb80268306b978d58e23afea948b78e5520a05
[2m2025-12-10T10:12:31.724329Z[0m [34mDEBUG[0m [2methereum_transaction_pool_monitor::eth_client[0m[2m:[0m 📨 Received WebSocket message: {"jsonrpc":"2.0","method":"eth_subscription","params":{"subscription":"0xbed0a0851463e895960a451075a301a9","result":"0x1dc5641492eff6a0b2ce0ad1ca24d7ac838dc318c0d1675626f3bbba9f877fd8"}}
[2m2025-12-10T10:12:31.724333Z[0m [34mDEBUG[0m [2methereum_transaction_pool_monitor::eth_client[0m[2m:[0m 📨 Received pending transaction: 0x1dc5641492eff6a0b2ce0ad1ca24d7ac838dc318c0d1675626f3bbba9f877fd8
[2m2025-12-10T10:12:31.724339Z[0m [34mDEBUG[0m [2methereum_transaction_pool_monitor::eth_client[0m[2m:[0m 📨 Received WebSocket message: {"jsonrpc":"2.0","method":"eth_subscription","params":{"subscription":"0xbed0a0851463e895960a451075a301a9","result":"0x938cce0aeed193658e7a75e7648e03d8cf070dc3a307bcf06bb4b85065065e21"}}
[2m2025-12-10T10:12:31.724344Z[0m [34mDEBUG[0m [2methereum_transaction_pool_monitor::eth_client[0m[2m:[0m 📨 Received pending transaction: 0x938cce0aeed193658e7a75e7648e03d8cf070dc3a307bcf06bb4b85065065e21
[2m2025-12-10T10:12:31.724349Z[0m [34mDEBUG[0m [2methereum_transaction_pool_monitor::eth_client[0m[2m:[0m 📨 Received WebSocket message: {"jsonrpc":"2.0","method":"eth_subscription","params":{"subscription":"0xbed0a0851463e895960a451075a301a9","result":"0xb10ce5caaf74f756901902b48f531fe497cb3ea9337f8e42576236aa8f62b23c"}}
[2m2025-12-10T10:12:31.724354Z[0m [34mDEBUG[0m [2methereum_transaction_pool_monitor::eth_client[0m[2m:[0m 📨 Received pending transaction: 0xb10ce5caaf74f756901902b48f531fe497cb3ea9337f8e42576236aa8f62b23c
[2m2025-12-10T10:12:31.724358Z[0m [34mDEBUG[0m [2methereum_transaction_pool_monitor::eth_client[0m[2m:[0m 📨 Received WebSocket message: {"jsonrpc":"2.0","method":"eth_subscription","params":{"subscription":"0xbed0a0851463e895960a451075a301a9","result":"0x2212309cdb1f6b5e6ea61ce0faf3104df2ba6009b726cf9c95198a0e4f8d8c0d"}}
[2m2025-12-10T10:12:31.724364Z[0m [34mDEBUG[0m [2methereum_transaction_pool_monitor::eth_client[0m[2m:[0m 📨 Received pending transaction: 0x2212309cdb1f6b5e6ea61ce0faf3104df2ba6009b726cf9c95198a0e4f8d8c0d
[2m2025-12-10T10:12:31.724368Z[0m [34mDEBUG[0m [2methereum_transaction_pool_monitor::eth_client[0m[2m:[0m 📨 Received WebSocket message: {"jsonrpc":"2.0","method":"eth_subscription","params":{"subscription":"0xbed0a0851463e895960a451075a301a9","result":"0x6c3d73b180c30273b91fb4cee169ae821bd85296cbe6a542e93fe915038d0fa0"}}
[2m2025-12-10T10:12:31.724373Z[0m [34mDEBUG[0m [2methereum_transaction_pool_monitor::eth_client[0m[2m:[0m 📨 Received pending transaction: 0x6c3d73b180c30273b91fb4cee169ae821bd85296cbe6a542e93fe915038d0fa0
[2m2025-12-10T10:12:31.724378Z[0m [34mDEBUG[0m [2methereum_transaction_pool_monitor::eth_client[0m[2m:[0m 📨 Received WebSocket message: {"jsonrpc":"2.0","method":"eth_subscription","params":{"subscription":"0xbed0a0851463e895960a451075a301a9","result":"0xd86b5857a2ee9d757f8cea17b6e9df0f67a153cab55efd9f8a793c00d91e9bc7"}}
[2m2025-12-10T10:12:31.724383Z[0m [34mDEBUG[0m [2methereum_transaction_pool_monitor::eth_client[0m[2m:[0m 📨 Received pending transaction: 0xd86b5857a2ee9d757f8cea17b6e9df0f67a153cab55efd9f8a793c00d91e9bc7
[2m2025-12-10T10:12:31.724387Z[0m [34mDEBUG[0m [2methereum_transaction_pool_monitor::eth_client[0m[2m:[0m 📨 Received WebSocket message: {"jsonrpc":"2.0","method":"eth_subscription","params":{"subscription":"0xbed0a0851463e895960a451075a301a9","result":"0xf110d3aa3c1af985e2cfa9c4576bda41b8ab2ffc0a7b662309fe9b43bba99777"}}
[2m2025-12-10T10:12:31.724392Z[0m [34mDEBUG[0m [2methereum_transaction_pool_monitor::eth_client[0m[2m:[0m 📨 Received pending transaction: 0xf110d3aa3c1af985e2cfa9c4576bda41b8ab2ffc0a7b662309fe9b43bba99777
[2m2025-12-10T10:12:31.724397Z[0m [34mDEBUG[0m [2methereum_transaction_pool_monitor::eth_client[0m[2m:[0m 📨 Received WebSocket message: {"jsonrpc":"2.0","method":"eth_subscription","params":{"subscription":"0xbed0a0851463e895960a451075a301a9","result":"0x0545e671b4640b3d8434ea8c9f2a97b10e367ff905d767e4f7098336266ff794"}}
[2m2025-12-10T10:12:31.724402Z[0m [34mDEBUG[0m [2methereum_transaction_pool_monitor::eth_client[0m[2m:[0m 📨 Received pending transaction: 0x0545e671b4640b3d8434ea8c9f2a97b10e367ff905d767e4f7098336266ff794
[2m2025-12-10T10:12:31.724406Z[0m [34mDEBUG[0m [2methereum_transaction_pool_monitor::eth_client[0m[2m:[0m 📨 Received WebSocket message: {"jsonrpc":"2.0","method":"eth_subscription","params":{"subscription":"0xbed0a0851463e895960a451075a301a9","result":"0x56b39b96e8deaecb35b75272272c00b6d66e3d3c469676e02aabfd3c03152bbb"}}
[2m2025-12-10T10:12:31.724411Z[0m [34mDEBUG[0m [2methereum_transaction_pool_monitor::eth_client[0m[2m:[0m 📨 Received pending transaction: 0x56b39b96e8deaecb35b75272272c00b6d66e3d3c469676e02aabfd3c03152bbb
[2m2025-12-10T10:12:31.724415Z[0m [34mDEBUG[0m [2methereum_transaction_pool_monitor::eth_client[0m[2m:[0m 📨 Received WebSocket message: {"jsonrpc":"2.0","method":"eth_subscription","params":{"subscription":"0xbed0a0851463e895960a451075a301a9","result":"0xb2ccf73dda7f8a6d5154573a8b4709e1ba57356abf469622b9b88e033b5b544d"}}
[2m2025-12-10T10:12:31.724420Z[0m [34mDEBUG[0m [2methereum_transaction_pool_monitor::eth_client[0m[2m:[0m 📨 Received pending transaction: 0xb2ccf73dda7f8a6d5154573a8b4709e1ba57356abf469622b9b88e033b5b544d
[2m2025-12-10T10:12:31.724424Z[0m [34mDEBUG[0m [2methereum_transaction_pool_monitor::eth_client[0m[2m:[0m 📨 Received WebSocket message: {"jsonrpc":"2.0","method":"eth_subscription","params":{"subscription":"0xbed0a0851463e895960a451075a301a9","result":"0x11ca4316b3dce3e5356cde66f19932ec94d030b279dc70b320cbef4b18e8db97"}}
[2m2025-12-10T10:12:31.724429Z[0m [34mDEBUG[0m [2methereum_transaction_pool_monitor::eth_client[0m[2m:[0m 📨 Received pending transaction: 0x11ca4316b3dce3e5356cde66f19932ec94d030b279dc70b320cbef4b18e8db97
[2m2025-12-10T10:12:31.724433Z[0m [34mDEBUG[0m [2methereum_transaction_pool_monitor::eth_client[0m[2m:[0m 📨 Received WebSocket message: {"jsonrpc":"2.0","method":"eth_subscription","params":{"subscription":"0xbed0a0851463e895960a451075a301a9","result":"0xbbb90581fdc2096052d3cb38ee7f71adc6f820d5994bc57fee0ffeaf07f3447b"}}
[2m2025-12-10T10:12:31.724438Z[0m [34mDEBUG[0m [2methereum_transaction_pool_monitor::eth_client[0m[2m:[0m 📨 Received pending transaction: 0xbbb90581fdc2096052d3cb38ee7f71adc6f820d5994bc57fee0ffeaf07f3447b
[2m2025-12-10T10:12:31.743047Z[0m [34mDEBUG[0m [2mhyper::proto::h1::io[0m[2m:[0m parsed 4 headers
[2m2025-12-10T10:12:31.743064Z[0m [34mDEBUG[0m [2mhyper::proto::h1::conn[0m[2m:[0m incoming body is content-length (770 bytes)
[2m2025-12-10T10:12:31.743073Z[0m [34mDEBUG[0m [2mhyper::proto::h1::conn[0m[2m:[0m incoming body completed
[2m2025-12-10T10:12:31.743103Z[0m [34mDEBUG[0m [2mhyper::client::pool[0m[2m:[0m pooling idle connection for ("http", 192.168.0.14:8545)
[2m2025-12-10T10:12:31.743113Z[0m [34mDEBUG[0m [2methereum_transaction_pool_monitor::eth_client[0m[2m:[0m 📡 Transaction fetch RPC completed in 18.906125ms
[2m2025-12-10T10:12:31.743128Z[0m [34mDEBUG[0m [2methereum_transaction_pool_monitor::eth_client[0m[2m:[0m DeFi transaction detected - Address: 0xdac17f958d2ee523a2206206994597c13d831ec7, Type: Stablecoin, Value: 0 ETH, Gas: 0.27 Gwei
[2m2025-12-10T10:12:31.743141Z[0m [34mDEBUG[0m [2methereum_transaction_pool_monitor::eth_client[0m[2m:[0m ✅ Transaction 0xd172c491577c22acec3ca1653cde720018f8f7acc575a4276fb823054becf206 fetched and parsed in 18.933833ms
[2m2025-12-10T10:12:31.743147Z[0m [34mDEBUG[0m [2methereum_transaction_pool_monitor::mempool_monitor[0m[2m:[0m 🔍 Skipping tx 0xd172c491577c22acec3ca1653cde720018f8f7acc575a4276fb823054becf206 - not a DEX interaction (target: 0xdAC17F958D2ee523a2206206994597C13D831ec7)
[2m2025-12-10T10:12:31.743155Z[0m [34mDEBUG[0m [2methereum_transaction_pool_monitor::mempool_monitor[0m[2m:[0m 📨 Processing new pending transaction: 0xdb5f7d7ae2a1c59441cad083532338ae712ae7b5c11d77e9540fe425164e5608
[2m2025-12-10T10:12:31.743160Z[0m [34mDEBUG[0m [2methereum_transaction_pool_monitor::mempool_monitor[0m[2m:[0m 🔍 Fetching transaction details for: 0xdb5f7d7ae2a1c59441cad083532338ae712ae7b5c11d77e9540fe425164e5608
[2m2025-12-10T10:12:31.743163Z[0m [34mDEBUG[0m [2methereum_transaction_pool_monitor::eth_client[0m[2m:[0m 🔍 Fetching transaction details for hash: 0xdb5f7d7ae2a1c59441cad083532338ae712ae7b5c11d77e9540fe425164e5608
[2m2025-12-10T10:12:31.743176Z[0m [34mDEBUG[0m [2mhyper::client::pool[0m[2m:[0m reuse idle connection for ("http", 192.168.0.14:8545)
[2m2025-12-10T10:12:31.743202Z[0m [34mDEBUG[0m [2mhyper::proto::h1::io[0m[2m:[0m flushed 250 bytes
[2m2025-12-10T10:12:31.743212Z[0m [34mDEBUG[0m [2mhyper::proto::h1::io[0m[2m:[0m parsed 4 headers
[2m2025-12-10T10:12:31.743215Z[0m [34mDEBUG[0m [2mhyper::proto::h1::conn[0m[2m:[0m incoming body is content-length (45 bytes)
[2m2025-12-10T10:12:31.743219Z[0m [34mDEBUG[0m [2mhyper::proto::h1::conn[0m[2m:[0m incoming body completed
[2m2025-12-10T10:12:31.743225Z[0m [34mDEBUG[0m [2mhyper::client::pool[0m[2m:[0m pooling idle connection for ("http", 192.168.0.14:8545)
[2m2025-12-10T10:12:31.764162Z[0m [34mDEBUG[0m [2mhyper::proto::h1::io[0m[2m:[0m parsed 4 headers
[2m2025-12-10T10:12:31.764203Z[0m [34mDEBUG[0m [2mhyper::proto::h1::conn[0m[2m:[0m incoming body is content-length (772 bytes)
[2m2025-12-10T10:12:31.764223Z[0m [34mDEBUG[0m [2mhyper::proto::h1::conn[0m[2m:[0m incoming body completed
[2m2025-12-10T10:12:31.764243Z[0m [34mDEBUG[0m [2mhyper::client::pool[0m[2m:[0m pooling idle connection for ("http", 192.168.0.14:8545)
[2m2025-12-10T10:12:31.764260Z[0m [34mDEBUG[0m [2methereum_transaction_pool_monitor::eth_client[0m[2m:[0m 📡 Transaction fetch RPC completed in 21.092166ms
[2m2025-12-10T10:12:31.836325Z[0m [34mDEBUG[0m [2methereum_transaction_pool_monitor::eth_client[0m[2m:[0m ✅ Transaction 0xdb5f7d7ae2a1c59441cad083532338ae712ae7b5c11d77e9540fe425164e5608 fetched and parsed in 93.154166ms
[2m2025-12-10T10:12:31.836357Z[0m [34mDEBUG[0m [2methereum_transaction_pool_monitor::mempool_monitor[0m[2m:[0m 🔍 Skipping tx 0xdb5f7d7ae2a1c59441cad083532338ae712ae7b5c11d77e9540fe425164e5608 - not a DEX interaction (target: 0xFA1C09fC8B491B6A4d3Ff53A10CAd29381b3F949)
[2m2025-12-10T10:12:31.836373Z[0m [34mDEBUG[0m [2methereum_transaction_pool_monitor::mempool_monitor[0m[2m:[0m 📨 Processing new pending transaction: 0x6dae599f6c079eb478b8928c7b295bd44be594e1a740e391817de82f86ce8698
[2m2025-12-10T10:12:31.836381Z[0m [34mDEBUG[0m [2methereum_transaction_pool_monitor::mempool_monitor[0m[2m:[0m 🔍 Fetching transaction details for: 0x6dae599f6c079eb478b8928c7b295bd44be594e1a740e391817de82f86ce8698
[2m2025-12-10T10:12:31.836385Z[0m [34mDEBUG[0m [2methereum_transaction_pool_monitor::eth_client[0m[2m:[0m 🔍 Fetching transaction details for hash: 0x6dae599f6c079eb478b8928c7b295bd44be594e1a740e391817de82f86ce8698
[2m2025-12-10T10:12:31.836409Z[0m [34mDEBUG[0m [2mhyper::client::pool[0m[2m:[0m reuse idle connection for ("http", 192.168.0.14:8545)
[2m2025-12-10T10:12:31.836446Z[0m [34mDEBUG[0m [2mhyper::proto::h1::io[0m[2m:[0m flushed 250 bytes
[2m2025-12-10T10:12:31.836465Z[0m [34mDEBUG[0m [2mhyper::client::pool[0m[2m:[0m reuse idle connection for ("http", 192.168.0.14:8545)
[2m2025-12-10T10:12:31.836469Z[0m [34mDEBUG[0m [2methereum_transaction_pool_monitor::eth_client[0m[2m:[0m 📨 Received WebSocket message: {"jsonrpc":"2.0","method":"eth_subscription","params":{"subscription":"0xbed0a0851463e895960a451075a301a9","result":"0x367afe96b7874ce9c3347c27de92bdfc9a019328e60c8051a533e5f267505359"}}
[2m2025-12-10T10:12:31.836480Z[0m [34mDEBUG[0m [2mhyper::proto::h1::io[0m[2m:[0m flushed 172 bytes
[2m2025-12-10T10:12:31.836480Z[0m [34mDEBUG[0m [2methereum_transaction_pool_monitor::eth_client[0m[2m:[0m 📨 Received pending transaction: 0x367afe96b7874ce9c3347c27de92bdfc9a019328e60c8051a533e5f267505359
[2m2025-12-10T10:12:31.836557Z[0m [34mDEBUG[0m [2methereum_transaction_pool_monitor::eth_client[0m[2m:[0m 📨 Received WebSocket message: {"jsonrpc":"2.0","method":"eth_subscription","params":{"subscription":"0xbed0a0851463e895960a451075a301a9","result":"0xadc62a78d3c3d9e248acde76279aef81cbc6619d91a3a42a01a0db9c7a0d909f"}}
[2m2025-12-10T10:12:31.836563Z[0m [34mDEBUG[0m [2methereum_transaction_pool_monitor::eth_client[0m[2m:[0m 📨 Received pending transaction: 0xadc62a78d3c3d9e248acde76279aef81cbc6619d91a3a42a01a0db9c7a0d909f
[2m2025-12-10T10:12:31.841263Z[0m [34mDEBUG[0m [2mhyper::proto::h1::io[0m[2m:[0m parsed 4 headers
[2m2025-12-10T10:12:31.841271Z[0m [34mDEBUG[0m [2mhyper::proto::h1::conn[0m[2m:[0m incoming body is content-length (768 bytes)
[2m2025-12-10T10:12:31.841278Z[0m [34mDEBUG[0m [2mhyper::proto::h1::conn[0m[2m:[0m incoming body completed
[2m2025-12-10T10:12:31.841288Z[0m [34mDEBUG[0m [2mhyper::client::pool[0m[2m:[0m pooling idle connection for ("http", 192.168.0.14:8545)
[2m2025-12-10T10:12:31.841295Z[0m [34mDEBUG[0m [2methereum_transaction_pool_monitor::eth_client[0m[2m:[0m 📡 Transaction fetch RPC completed in 4.901375ms
[2m2025-12-10T10:12:31.841310Z[0m [34mDEBUG[0m [2methereum_transaction_pool_monitor::eth_client[0m[2m:[0m DeFi transaction detected - Address: 0xdac17f958d2ee523a2206206994597c13d831ec7, Type: Stablecoin, Value: 0 ETH, Gas: 0.27 Gwei
[2m2025-12-10T10:12:31.841322Z[0m [34mDEBUG[0m [2methereum_transaction_pool_monitor::eth_client[0m[2m:[0m ✅ Transaction 0x6dae599f6c079eb478b8928c7b295bd44be594e1a740e391817de82f86ce8698 fetched and parsed in 4.927959ms
[2m2025-12-10T10:12:31.841327Z[0m [34mDEBUG[0m [2methereum_transaction_pool_monitor::mempool_monitor[0m[2m:[0m 🔍 Skipping tx 0x6dae599f6c079eb478b8928c7b295bd44be594e1a740e391817de82f86ce8698 - not a DEX interaction (target: 0xdAC17F958D2ee523a2206206994597C13D831ec7)
[2m2025-12-10T10:12:31.841333Z[0m [34mDEBUG[0m [2methereum_transaction_pool_monitor::mempool_monitor[0m[2m:[0m 📨 Processing new pending transaction: 0xa93fbdd68ef818e097c25b82332afc3f22d780c31678040ca629a34b1e780cae
[2m2025-12-10T10:12:31.841336Z[0m [34mDEBUG[0m [2methereum_transaction_pool_monitor::mempool_monitor[0m[2m:[0m 🔍 Fetching transaction details for: 0xa93fbdd68ef818e097c25b82332afc3f22d780c31678040ca629a34b1e780cae
[2m2025-12-10T10:12:31.841339Z[0m [34mDEBUG[0m [2methereum_transaction_pool_monitor::eth_client[0m[2m:[0m 🔍 Fetching transaction details for hash: 0xa93fbdd68ef818e097c25b82332afc3f22d780c31678040ca629a34b1e780cae
[2m2025-12-10T10:12:31.841349Z[0m [34mDEBUG[0m [2mhyper::client::pool[0m[2m:[0m reuse idle connection for ("http", 192.168.0.14:8545)
[2m2025-12-10T10:12:31.841366Z[0m [34mDEBUG[0m [2mhyper::proto::h1::io[0m[2m:[0m flushed 250 bytes
[2m2025-12-10T10:12:31.841374Z[0m [34mDEBUG[0m [2mhyper::proto::h1::io[0m[2m:[0m parsed 4 headers
[2m2025-12-10T10:12:31.841377Z[0m [34mDEBUG[0m [2mhyper::proto::h1::conn[0m[2m:[0m incoming body is content-length (45 bytes)
[2m2025-12-10T10:12:31.841381Z[0m [34mDEBUG[0m [2mhyper::proto::h1::conn[0m[2m:[0m incoming body completed
[2m2025-12-10T10:12:31.841386Z[0m [34mDEBUG[0m [2mhyper::client::pool[0m[2m:[0m pooling idle connection for ("http", 192.168.0.14:8545)
[2m2025-12-10T10:12:31.848828Z[0m [34mDEBUG[0m [2mhyper::proto::h1::io[0m[2m:[0m parsed 4 headers
[2m2025-12-10T10:12:31.848836Z[0m [34mDEBUG[0m [2mhyper::proto::h1::conn[0m[2m:[0m incoming body is content-length (557 bytes)
[2m2025-12-10T10:12:31.848841Z[0m [34mDEBUG[0m [2mhyper::proto::h1::conn[0m[2m:[0m incoming body completed
[2m2025-12-10T10:12:31.848847Z[0m [34mDEBUG[0m [2mhyper::client::pool[0m[2m:[0m pooling idle connection for ("http", 192.168.0.14:8545)
[2m2025-12-10T10:12:31.848851Z[0m [34mDEBUG[0m [2methereum_transaction_pool_monitor::eth_client[0m[2m:[0m 📡 Transaction fetch RPC completed in 7.509ms
[2m2025-12-10T10:12:31.920164Z[0m [34mDEBUG[0m [2methereum_transaction_pool_monitor::eth_client[0m[2m:[0m ✅ Transaction 0xa93fbdd68ef818e097c25b82332afc3f22d780c31678040ca629a34b1e780cae fetched and parsed in 78.818458ms
[2m2025-12-10T10:12:31.920192Z[0m [34mDEBUG[0m [2methereum_transaction_pool_monitor::mempool_monitor[0m[2m:[0m 🔍 Skipping tx 0xa93fbdd68ef818e097c25b82332afc3f22d780c31678040ca629a34b1e780cae - not a DEX interaction (target: 0xf630B71B35A0C53671C5410b54eC6E25f3641F86)
[2m2025-12-10T10:12:31.920205Z[0m [34mDEBUG[0m [2methereum_transaction_pool_monitor::mempool_monitor[0m[2m:[0m 📨 Processing new pending transaction: 0xc5a9b6509138b228ebd85e30a4a2aa5186f5a36f09723b8900f0f788e4e8760a
[2m2025-12-10T10:12:31.920213Z[0m [34mDEBUG[0m [2methereum_transaction_pool_monitor::mempool_monitor[0m[2m:[0m 🔍 Fetching transaction details for: 0xc5a9b6509138b228ebd85e30a4a2aa5186f5a36f09723b8900f0f788e4e8760a
[2m2025-12-10T10:12:31.920220Z[0m [34mDEBUG[0m [2methereum_transaction_pool_monitor::eth_client[0m[2m:[0m 🔍 Fetching transaction details for hash: 0xc5a9b6509138b228ebd85e30a4a2aa5186f5a36f09723b8900f0f788e4e8760a
[2m2025-12-10T10:12:31.920238Z[0m [34mDEBUG[0m [2mhyper::client::pool[0m[2m:[0m reuse idle connection for ("http", 192.168.0.14:8545)
[2m2025-12-10T10:12:31.920271Z[0m [34mDEBUG[0m [2mhyper::proto::h1::io[0m[2m:[0m flushed 250 bytes
[2m2025-12-10T10:12:31.920304Z[0m [34mDEBUG[0m [2mhyper::client::pool[0m[2m:[0m reuse idle connection for ("http", 192.168.0.14:8545)
[2m2025-12-10T10:12:31.920326Z[0m [34mDEBUG[0m [2mhyper::proto::h1::io[0m[2m:[0m flushed 172 bytes
[2m2025-12-10T10:12:31.928939Z[0m [34mDEBUG[0m [2mhyper::proto::h1::io[0m[2m:[0m parsed 4 headers
[2m2025-12-10T10:12:31.928949Z[0m [34mDEBUG[0m [2mhyper::proto::h1::conn[0m[2m:[0m incoming body is content-length (768 bytes)
[2m2025-12-10T10:12:31.928956Z[0m [34mDEBUG[0m [2mhyper::proto::h1::conn[0m[2m:[0m incoming body completed
[2m2025-12-10T10:12:31.928964Z[0m [34mDEBUG[0m [2mhyper::client::pool[0m[2m:[0m pooling idle connection for ("http", 192.168.0.14:8545)
[2m2025-12-10T10:12:31.928970Z[0m [34mDEBUG[0m [2methereum_transaction_pool_monitor::eth_client[0m[2m:[0m 📡 Transaction fetch RPC completed in 8.744541ms
[2m2025-12-10T10:12:31.998932Z[0m [34mDEBUG[0m [2methereum_transaction_pool_monitor::eth_client[0m[2m:[0m ✅ Transaction 0xc5a9b6509138b228ebd85e30a4a2aa5186f5a36f09723b8900f0f788e4e8760a fetched and parsed in 78.703041ms
[2m2025-12-10T10:12:31.998957Z[0m [34mDEBUG[0m [2methereum_transaction_pool_monitor::mempool_monitor[0m[2m:[0m 🔍 Skipping tx 0xc5a9b6509138b228ebd85e30a4a2aa5186f5a36f09723b8900f0f788e4e8760a - not a DEX interaction (target: 0x6982508145454Ce325dDbE47a25d4ec3d2311933)
[2m2025-12-10T10:12:31.998967Z[0m [34mDEBUG[0m [2methereum_transaction_pool_monitor::mempool_monitor[0m[2m:[0m 📨 Processing new pending transaction: 0xb59dabe1aa912968fe565dc213eb80268306b978d58e23afea948b78e5520a05
[2m2025-12-10T10:12:31.998973Z[0m [34mDEBUG[0m [2methereum_transaction_pool_monitor::mempool_monitor[0m[2m:[0m 🔍 Fetching transaction details for: 0xb59dabe1aa912968fe565dc213eb80268306b978d58e23afea948b78e5520a05
[2m2025-12-10T10:12:31.998977Z[0m [34mDEBUG[0m [2methereum_transaction_pool_monitor::eth_client[0m[2m:[0m 🔍 Fetching transaction details for hash: 0xb59dabe1aa912968fe565dc213eb80268306b978d58e23afea948b78e5520a05
[2m2025-12-10T10:12:31.998996Z[0m [34mDEBUG[0m [2mhyper::client::pool[0m[2m:[0m reuse idle connection for ("http", 192.168.0.14:8545)
[2m2025-12-10T10:12:31.999020Z[0m [34mDEBUG[0m [2mhyper::proto::h1::io[0m[2m:[0m flushed 250 bytes
[2m2025-12-10T10:12:31.999039Z[0m [34mDEBUG[0m [2methereum_transaction_pool_monitor::eth_client[0m[2m:[0m 📨 Received WebSocket message: {"jsonrpc":"2.0","method":"eth_subscription","params":{"subscription":"0xbed0a0851463e895960a451075a301a9","result":"0x8c1a058056963df946b1a347016283352c43e6306be8c6e13a5ff53a97c45079"}}
[2m2025-12-10T10:12:31.999046Z[0m [34mDEBUG[0m [2methereum_transaction_pool_monitor::eth_client[0m[2m:[0m 📨 Received pending transaction: 0x8c1a058056963df946b1a347016283352c43e6306be8c6e13a5ff53a97c45079
[2m2025-12-10T10:12:31.999057Z[0m [34mDEBUG[0m [2mhyper::proto::h1::io[0m[2m:[0m parsed 4 headers
[2m2025-12-10T10:12:31.999062Z[0m [34mDEBUG[0m [2mhyper::proto::h1::conn[0m[2m:[0m incoming body is content-length (45 bytes)
[2m2025-12-10T10:12:31.999069Z[0m [34mDEBUG[0m [2mhyper::proto::h1::conn[0m[2m:[0m incoming body completed
[2m2025-12-10T10:12:31.999077Z[0m [34mDEBUG[0m [2mhyper::client::pool[0m[2m:[0m pooling idle connection for ("http", 192.168.0.14:8545)
[2m2025-12-10T10:12:31.999092Z[0m [34mDEBUG[0m [2mhyper::client::pool[0m[2m:[0m reuse idle connection for ("http", 192.168.0.14:8545)
[2m2025-12-10T10:12:31.999109Z[0m [34mDEBUG[0m [2mhyper::proto::h1::io[0m[2m:[0m flushed 172 bytes
[2m2025-12-10T10:12:32.008437Z[0m [34mDEBUG[0m [2mhyper::proto::h1::io[0m[2m:[0m parsed 4 headers
[2m2025-12-10T10:12:32.008484Z[0m [34mDEBUG[0m [2mhyper::proto::h1::conn[0m[2m:[0m incoming body is content-length (770 bytes)
[2m2025-12-10T10:12:32.008519Z[0m [34mDEBUG[0m [2mhyper::proto::h1::conn[0m[2m:[0m incoming body completed
[2m2025-12-10T10:12:32.008529Z[0m [34mDEBUG[0m [2mhyper::client::pool[0m[2m:[0m pooling idle connection for ("http", 192.168.0.14:8545)
[2m2025-12-10T10:12:32.008537Z[0m [34mDEBUG[0m [2methereum_transaction_pool_monitor::eth_client[0m[2m:[0m 📡 Transaction fetch RPC completed in 9.556208ms
[2m2025-12-10T10:12:32.008556Z[0m [34mDEBUG[0m [2methereum_transaction_pool_monitor::eth_client[0m[2m:[0m DeFi transaction detected - Address: 0xdac17f958d2ee523a2206206994597c13d831ec7, Type: Stablecoin, Value: 0 ETH, Gas: 0.27 Gwei
[2m2025-12-10T10:12:32.008572Z[0m [34mDEBUG[0m [2methereum_transaction_pool_monitor::eth_client[0m[2m:[0m ✅ Transaction 0xb59dabe1aa912968fe565dc213eb80268306b978d58e23afea948b78e5520a05 fetched and parsed in 9.590958ms
[2m2025-12-10T10:12:32.008579Z[0m [34mDEBUG[0m [2methereum_transaction_pool_monitor::mempool_monitor[0m[2m:[0m 🔍 Skipping tx 0xb59dabe1aa912968fe565dc213eb80268306b978d58e23afea948b78e5520a05 - not a DEX interaction (target: 0xdAC17F958D2ee523a2206206994597C13D831ec7)
[2m2025-12-10T10:12:32.008588Z[0m [34mDEBUG[0m [2methereum_transaction_pool_monitor::mempool_monitor[0m[2m:[0m 📨 Processing new pending transaction: 0x1dc5641492eff6a0b2ce0ad1ca24d7ac838dc318c0d1675626f3bbba9f877fd8
[2m2025-12-10T10:12:32.008592Z[0m [34mDEBUG[0m [2methereum_transaction_pool_monitor::mempool_monitor[0m[2m:[0m 🔍 Fetching transaction details for: 0x1dc5641492eff6a0b2ce0ad1ca24d7ac838dc318c0d1675626f3bbba9f877fd8
[2m2025-12-10T10:12:32.008597Z[0m [34mDEBUG[0m [2methereum_transaction_pool_monitor::eth_client[0m[2m:[0m 🔍 Fetching transaction details for hash: 0x1dc5641492eff6a0b2ce0ad1ca24d7ac838dc318c0d1675626f3bbba9f877fd8
[2m2025-12-10T10:12:32.008612Z[0m [34mDEBUG[0m [2mhyper::client::pool[0m[2m:[0m reuse idle connection for ("http", 192.168.0.14:8545)
[2m2025-12-10T10:12:32.008633Z[0m [34mDEBUG[0m [2mhyper::proto::h1::io[0m[2m:[0m flushed 250 bytes
[2m2025-12-10T10:12:32.008640Z[0m [34mDEBUG[0m [2mhyper::proto::h1::io[0m[2m:[0m parsed 4 headers
[2m2025-12-10T10:12:32.008643Z[0m [34mDEBUG[0m [2mhyper::proto::h1::conn[0m[2m:[0m incoming body is content-length (45 bytes)
[2m2025-12-10T10:12:32.008647Z[0m [34mDEBUG[0m [2mhyper::proto::h1::conn[0m[2m:[0m incoming body completed
[2m2025-12-10T10:12:32.008651Z[0m [34mDEBUG[0m [2mhyper::client::pool[0m[2m:[0m pooling idle connection for ("http", 192.168.0.14:8545)
[2m2025-12-10T10:12:32.021197Z[0m [34mDEBUG[0m [2mhyper::proto::h1::io[0m[2m:[0m parsed 4 headers
[2m2025-12-10T10:12:32.021214Z[0m [34mDEBUG[0m [2mhyper::proto::h1::conn[0m[2m:[0m incoming body is content-length (770 bytes)
[2m2025-12-10T10:12:32.021221Z[0m [34mDEBUG[0m [2mhyper::proto::h1::conn[0m[2m:[0m incoming body completed
[2m2025-12-10T10:12:32.021229Z[0m [34mDEBUG[0m [2mhyper::client::pool[0m[2m:[0m pooling idle connection for ("http", 192.168.0.14:8545)
[2m2025-12-10T10:12:32.021234Z[0m [34mDEBUG[0m [2methereum_transaction_pool_monitor::eth_client[0m[2m:[0m 📡 Transaction fetch RPC completed in 12.63325ms
[2m2025-12-10T10:12:32.021247Z[0m [34mDEBUG[0m [2methereum_transaction_pool_monitor::eth_client[0m[2m:[0m DeFi transaction detected - Address: 0xdac17f958d2ee523a2206206994597c13d831ec7, Type: Stablecoin, Value: 0 ETH, Gas: 0.27 Gwei
[2m2025-12-10T10:12:32.021266Z[0m [34mDEBUG[0m [2methereum_transaction_pool_monitor::eth_client[0m[2m:[0m ✅ Transaction 0x1dc5641492eff6a0b2ce0ad1ca24d7ac838dc318c0d1675626f3bbba9f877fd8 fetched and parsed in 12.665334ms
[2m2025-12-10T10:12:32.021272Z[0m [34mDEBUG[0m [2methereum_transaction_pool_monitor::mempool_monitor[0m[2m:[0m 🔍 Skipping tx 0x1dc5641492eff6a0b2ce0ad1ca24d7ac838dc318c0d1675626f3bbba9f877fd8 - not a DEX interaction (target: 0xdAC17F958D2ee523a2206206994597C13D831ec7)
[2m2025-12-10T10:12:32.021279Z[0m [34mDEBUG[0m [2methereum_transaction_pool_monitor::mempool_monitor[0m[2m:[0m 📨 Processing new pending transaction: 0x938cce0aeed193658e7a75e7648e03d8cf070dc3a307bcf06bb4b85065065e21
[2m2025-12-10T10:12:32.021283Z[0m [34mDEBUG[0m [2methereum_transaction_pool_monitor::mempool_monitor[0m[2m:[0m 🔍 Fetching transaction details for: 0x938cce0aeed193658e7a75e7648e03d8cf070dc3a307bcf06bb4b85065065e21
[2m2025-12-10T10:12:32.021286Z[0m [34mDEBUG[0m [2methereum_transaction_pool_monitor::eth_client[0m[2m:[0m 🔍 Fetching transaction details for hash: 0x938cce0aeed193658e7a75e7648e03d8cf070dc3a307bcf06bb4b85065065e21
[2m2025-12-10T10:12:32.021296Z[0m [34mDEBUG[0m [2mhyper::client::pool[0m[2m:[0m reuse idle connection for ("http", 192.168.0.14:8545)
[2m2025-12-10T10:12:32.021321Z[0m [34mDEBUG[0m [2mhyper::proto::h1::io[0m[2m:[0m flushed 250 bytes
[2m2025-12-10T10:12:32.028010Z[0m [34mDEBUG[0m [2mhyper::proto::h1::io[0m[2m:[0m parsed 4 headers
[2m2025-12-10T10:12:32.028046Z[0m [34mDEBUG[0m [2mhyper::proto::h1::conn[0m[2m:[0m incoming body is content-length (769 bytes)
[2m2025-12-10T10:12:32.028060Z[0m [34mDEBUG[0m [2mhyper::proto::h1::conn[0m[2m:[0m incoming body completed
[2m2025-12-10T10:12:32.028069Z[0m [34mDEBUG[0m [2mhyper::client::pool[0m[2m:[0m pooling idle connection for ("http", 192.168.0.14:8545)
[2m2025-12-10T10:12:32.028089Z[0m [34mDEBUG[0m [2methereum_transaction_pool_monitor::eth_client[0m[2m:[0m 📡 Transaction fetch RPC completed in 6.800125ms
[2m2025-12-10T10:12:32.028101Z[0m [34mDEBUG[0m [2methereum_transaction_pool_monitor::eth_client[0m[2m:[0m DeFi transaction detected - Address: 0xdac17f958d2ee523a2206206994597c13d831ec7, Type: Stablecoin, Value: 0 ETH, Gas: 0.27 Gwei
[2m2025-12-10T10:12:32.028109Z[0m [34mDEBUG[0m [2methereum_transaction_pool_monitor::eth_client[0m[2m:[0m ✅ Transaction 0x938cce0aeed193658e7a75e7648e03d8cf070dc3a307bcf06bb4b85065065e21 fetched and parsed in 6.82ms
[2m2025-12-10T10:12:32.028114Z[0m [34mDEBUG[0m [2methereum_transaction_pool_monitor::mempool_monitor[0m[2m:[0m 🔍 Skipping tx 0x938cce0aeed193658e7a75e7648e03d8cf070dc3a307bcf06bb4b85065065e21 - not a DEX interaction (target: 0xdAC17F958D2ee523a2206206994597C13D831ec7)
[2m2025-12-10T10:12:32.028124Z[0m [34mDEBUG[0m [2methereum_transaction_pool_monitor::mempool_monitor[0m[2m:[0m 📨 Processing new pending transaction: 0xb10ce5caaf74f756901902b48f531fe497cb3ea9337f8e42576236aa8f62b23c
[2m2025-12-10T10:12:32.028128Z[0m [34mDEBUG[0m [2methereum_transaction_pool_monitor::mempool_monitor[0m[2m:[0m 🔍 Fetching transaction details for: 0xb10ce5caaf74f756901902b48f531fe497cb3ea9337f8e42576236aa8f62b23c
[2m2025-12-10T10:12:32.028890Z[0m [34mDEBUG[0m [2methereum_transaction_pool_monitor::eth_client[0m[2m:[0m 🔍 Fetching transaction details for hash: 0xb10ce5caaf74f756901902b48f531fe497cb3ea9337f8e42576236aa8f62b23c
[2m2025-12-10T10:12:32.028932Z[0m [34mDEBUG[0m [2mhyper::client::pool[0m[2m:[0m reuse idle connection for ("http", 192.168.0.14:8545)
[2m2025-12-10T10:12:32.028988Z[0m [34mDEBUG[0m [2mhyper::proto::h1::io[0m[2m:[0m flushed 250 bytes
[2m2025-12-10T10:12:32.035893Z[0m [34mDEBUG[0m [2mhyper::proto::h1::io[0m[2m:[0m parsed 4 headers
[2m2025-12-10T10:12:32.035905Z[0m [34mDEBUG[0m [2mhyper::proto::h1::conn[0m[2m:[0m incoming body is content-length (769 bytes)
[2m2025-12-10T10:12:32.035910Z[0m [34mDEBUG[0m [2mhyper::proto::h1::conn[0m[2m:[0m incoming body completed
[2m2025-12-10T10:12:32.035917Z[0m [34mDEBUG[0m [2mhyper::client::pool[0m[2m:[0m pooling idle connection for ("http", 192.168.0.14:8545)
[2m2025-12-10T10:12:32.035922Z[0m [34mDEBUG[0m [2methereum_transaction_pool_monitor::eth_client[0m[2m:[0m 📡 Transaction fetch RPC completed in 7.012583ms
[2m2025-12-10T10:12:32.035932Z[0m [34mDEBUG[0m [2methereum_transaction_pool_monitor::eth_client[0m[2m:[0m DeFi transaction detected - Address: 0xdac17f958d2ee523a2206206994597c13d831ec7, Type: Stablecoin, Value: 0 ETH, Gas: 0.27 Gwei
[2m2025-12-10T10:12:32.035941Z[0m [34mDEBUG[0m [2methereum_transaction_pool_monitor::eth_client[0m[2m:[0m ✅ Transaction 0xb10ce5caaf74f756901902b48f531fe497cb3ea9337f8e42576236aa8f62b23c fetched and parsed in 7.031291ms
[2m2025-12-10T10:12:32.035945Z[0m [34mDEBUG[0m [2methereum_transaction_pool_monitor::mempool_monitor[0m[2m:[0m 🔍 Skipping tx 0xb10ce5caaf74f756901902b48f531fe497cb3ea9337f8e42576236aa8f62b23c - not a DEX interaction (target: 0xdAC17F958D2ee523a2206206994597C13D831ec7)
[2m2025-12-10T10:12:32.035951Z[0m [34mDEBUG[0m [2methereum_transaction_pool_monitor::mempool_monitor[0m[2m:[0m 📨 Processing new pending transaction: 0x2212309cdb1f6b5e6ea61ce0faf3104df2ba6009b726cf9c95198a0e4f8d8c0d
[2m2025-12-10T10:12:32.035955Z[0m [34mDEBUG[0m [2methereum_transaction_pool_monitor::mempool_monitor[0m[2m:[0m 🔍 Fetching transaction details for: 0x2212309cdb1f6b5e6ea61ce0faf3104df2ba6009b726cf9c95198a0e4f8d8c0d
[2m2025-12-10T10:12:32.035958Z[0m [34mDEBUG[0m [2methereum_transaction_pool_monitor::eth_client[0m[2m:[0m 🔍 Fetching transaction details for hash: 0x2212309cdb1f6b5e6ea61ce0faf3104df2ba6009b726cf9c95198a0e4f8d8c0d
[2m2025-12-10T10:12:32.035968Z[0m [34mDEBUG[0m [2mhyper::client::pool[0m[2m:[0m reuse idle connection for ("http", 192.168.0.14:8545)
[2m2025-12-10T10:12:32.035989Z[0m [34mDEBUG[0m [2mhyper::proto::h1::io[0m[2m:[0m flushed 250 bytes
[2m2025-12-10T10:12:32.043804Z[0m [34mDEBUG[0m [2mhyper::proto::h1::io[0m[2m:[0m parsed 4 headers
[2m2025-12-10T10:12:32.046647Z[0m [34mDEBUG[0m [2mhyper::proto::h1::conn[0m[2m:[0m incoming body is content-length (772 bytes)
[2m2025-12-10T10:12:32.046662Z[0m [34mDEBUG[0m [2mhyper::proto::h1::conn[0m[2m:[0m incoming body completed
[2m2025-12-10T10:12:32.046675Z[0m [34mDEBUG[0m [2mhyper::client::pool[0m[2m:[0m pooling idle connection for ("http", 192.168.0.14:8545)
[2m2025-12-10T10:12:32.046683Z[0m [34mDEBUG[0m [2methereum_transaction_pool_monitor::eth_client[0m[2m:[0m 📡 Transaction fetch RPC completed in 10.721291ms
[2m2025-12-10T10:12:32.046701Z[0m [34mDEBUG[0m [2methereum_transaction_pool_monitor::eth_client[0m[2m:[0m DeFi transaction detected - Address: 0x7fc66500c84a76ad7e9c93437bfc5ac33e2ddae9, Type: TokenContract, Value: 0 ETH, Gas: 0.27 Gwei
[2m2025-12-10T10:12:32.046714Z[0m [34mDEBUG[0m [2methereum_transaction_pool_monitor::eth_client[0m[2m:[0m ✅ Transaction 0x2212309cdb1f6b5e6ea61ce0faf3104df2ba6009b726cf9c95198a0e4f8d8c0d fetched and parsed in 10.752333ms
[2m2025-12-10T10:12:32.046722Z[0m [34mDEBUG[0m [2methereum_transaction_pool_monitor::mempool_monitor[0m[2m:[0m 🔍 Skipping tx 0x2212309cdb1f6b5e6ea61ce0faf3104df2ba6009b726cf9c95198a0e4f8d8c0d - not a DEX interaction (target: 0x7Fc66500c84A76Ad7e9c93437bFc5Ac33E2DDaE9)
[2m2025-12-10T10:12:32.046731Z[0m [34mDEBUG[0m [2methereum_transaction_pool_monitor::mempool_monitor[0m[2m:[0m 📨 Processing new pending transaction: 0x6c3d73b180c30273b91fb4cee169ae821bd85296cbe6a542e93fe915038d0fa0
[2m2025-12-10T10:12:32.046736Z[0m [34mDEBUG[0m [2methereum_transaction_pool_monitor::mempool_monitor[0m[2m:[0m 🔍 Fetching transaction details for: 0x6c3d73b180c30273b91fb4cee169ae821bd85296cbe6a542e93fe915038d0fa0
[2m2025-12-10T10:12:32.046740Z[0m [34mDEBUG[0m [2methereum_transaction_pool_monitor::eth_client[0m[2m:[0m 🔍 Fetching transaction details for hash: 0x6c3d73b180c30273b91fb4cee169ae821bd85296cbe6a542e93fe915038d0fa0
[2m2025-12-10T10:12:32.046756Z[0m [34mDEBUG[0m [2mhyper::client::pool[0m[2m:[0m reuse idle connection for ("http", 192.168.0.14:8545)
[2m2025-12-10T10:12:32.046786Z[0m [34mDEBUG[0m [2mhyper::proto::h1::io[0m[2m:[0m flushed 250 bytes
[2m2025-12-10T10:12:32.065463Z[0m [34mDEBUG[0m [2mhyper::proto::h1::io[0m[2m:[0m parsed 4 headers
[2m2025-12-10T10:12:32.065478Z[0m [34mDEBUG[0m [2mhyper::proto::h1::conn[0m[2m:[0m incoming body is content-length (769 bytes)
[2m2025-12-10T10:12:32.065486Z[0m [34mDEBUG[0m [2mhyper::proto::h1::conn[0m[2m:[0m incoming body completed
[2m2025-12-10T10:12:32.065496Z[0m [34mDEBUG[0m [2mhyper::client::pool[0m[2m:[0m pooling idle connection for ("http", 192.168.0.14:8545)
[2m2025-12-10T10:12:32.065503Z[0m [34mDEBUG[0m [2methereum_transaction_pool_monitor::eth_client[0m[2m:[0m 📡 Transaction fetch RPC completed in 18.758417ms
[2m2025-12-10T10:12:32.065518Z[0m [34mDEBUG[0m [2methereum_transaction_pool_monitor::eth_client[0m[2m:[0m DeFi transaction detected - Address: 0xdac17f958d2ee523a2206206994597c13d831ec7, Type: Stablecoin, Value: 0 ETH, Gas: 0.27 Gwei
[2m2025-12-10T10:12:32.065529Z[0m [34mDEBUG[0m [2methereum_transaction_pool_monitor::eth_client[0m[2m:[0m ✅ Transaction 0x6c3d73b180c30273b91fb4cee169ae821bd85296cbe6a542e93fe915038d0fa0 fetched and parsed in 18.784083ms
[2m2025-12-10T10:12:32.065535Z[0m [34mDEBUG[0m [2methereum_transaction_pool_monitor::mempool_monitor[0m[2m:[0m 🔍 Skipping tx 0x6c3d73b180c30273b91fb4cee169ae821bd85296cbe6a542e93fe915038d0fa0 - not a DEX interaction (target: 0xdAC17F958D2ee523a2206206994597C13D831ec7)
[2m2025-12-10T10:12:32.065542Z[0m [34mDEBUG[0m [2methereum_transaction_pool_monitor::mempool_monitor[0m[2m:[0m 📨 Processing new pending transaction: 0xd86b5857a2ee9d757f8cea17b6e9df0f67a153cab55efd9f8a793c00d91e9bc7
[2m2025-12-10T10:12:32.065546Z[0m [34mDEBUG[0m [2methereum_transaction_pool_monitor::mempool_monitor[0m[2m:[0m 🔍 Fetching transaction details for: 0xd86b5857a2ee9d757f8cea17b6e9df0f67a153cab55efd9f8a793c00d91e9bc7
[2m2025-12-10T10:12:32.065550Z[0m [34mDEBUG[0m [2methereum_transaction_pool_monitor::eth_client[0m[2m:[0m 🔍 Fetching transaction details for hash: 0xd86b5857a2ee9d757f8cea17b6e9df0f67a153cab55efd9f8a793c00d91e9bc7
[2m2025-12-10T10:12:32.065562Z[0m [34mDEBUG[0m [2mhyper::client::pool[0m[2m:[0m reuse idle connection for ("http", 192.168.0.14:8545)
[2m2025-12-10T10:12:32.065583Z[0m [34mDEBUG[0m [2mhyper::proto::h1::io[0m[2m:[0m flushed 250 bytes
[2m2025-12-10T10:12:32.072999Z[0m [34mDEBUG[0m [2mhyper::proto::h1::io[0m[2m:[0m parsed 4 headers
[2m2025-12-10T10:12:32.073009Z[0m [34mDEBUG[0m [2mhyper::proto::h1::conn[0m[2m:[0m incoming body is content-length (771 bytes)
[2m2025-12-10T10:12:32.073015Z[0m [34mDEBUG[0m [2mhyper::proto::h1::conn[0m[2m:[0m incoming body completed
[2m2025-12-10T10:12:32.073022Z[0m [34mDEBUG[0m [2mhyper::client::pool[0m[2m:[0m pooling idle connection for ("http", 192.168.0.14:8545)
[2m2025-12-10T10:12:32.073028Z[0m [34mDEBUG[0m [2methereum_transaction_pool_monitor::eth_client[0m[2m:[0m 📡 Transaction fetch RPC completed in 7.474292ms
[2m2025-12-10T10:12:32.073038Z[0m [34mDEBUG[0m [2methereum_transaction_pool_monitor::eth_client[0m[2m:[0m DeFi transaction detected - Address: 0xdac17f958d2ee523a2206206994597c13d831ec7, Type: Stablecoin, Value: 0 ETH, Gas: 0.27 Gwei
[2m2025-12-10T10:12:32.073047Z[0m [34mDEBUG[0m [2methereum_transaction_pool_monitor::eth_client[0m[2m:[0m ✅ Transaction 0xd86b5857a2ee9d757f8cea17b6e9df0f67a153cab55efd9f8a793c00d91e9bc7 fetched and parsed in 7.493417ms
[2m2025-12-10T10:12:32.073052Z[0m [34mDEBUG[0m [2methereum_transaction_pool_monitor::mempool_monitor[0m[2m:[0m 🔍 Skipping tx 0xd86b5857a2ee9d757f8cea17b6e9df0f67a153cab55efd9f8a793c00d91e9bc7 - not a DEX interaction (target: 0xdAC17F958D2ee523a2206206994597C13D831ec7)
[2m2025-12-10T10:12:32.073058Z[0m [34mDEBUG[0m [2methereum_transaction_pool_monitor::mempool_monitor[0m[2m:[0m 📨 Processing new pending transaction: 0xf110d3aa3c1af985e2cfa9c4576bda41b8ab2ffc0a7b662309fe9b43bba99777
[2m2025-12-10T10:12:32.073061Z[0m [34mDEBUG[0m [2methereum_transaction_pool_monitor::mempool_monitor[0m[2m:[0m 🔍 Fetching transaction details for: 0xf110d3aa3c1af985e2cfa9c4576bda41b8ab2ffc0a7b662309fe9b43bba99777
[2m2025-12-10T10:12:32.073064Z[0m [34mDEBUG[0m [2methereum_transaction_pool_monitor::eth_client[0m[2m:[0m 🔍 Fetching transaction details for hash: 0xf110d3aa3c1af985e2cfa9c4576bda41b8ab2ffc0a7b662309fe9b43bba99777
[2m2025-12-10T10:12:32.073075Z[0m [34mDEBUG[0m [2mhyper::client::pool[0m[2m:[0m reuse idle connection for ("http", 192.168.0.14:8545)
[2m2025-12-10T10:12:32.073092Z[0m [34mDEBUG[0m [2mhyper::proto::h1::io[0m[2m:[0m flushed 250 bytes
[2m2025-12-10T10:12:32.080888Z[0m [34mDEBUG[0m [2mhyper::proto::h1::io[0m[2m:[0m parsed 4 headers
[2m2025-12-10T10:12:32.080897Z[0m [34mDEBUG[0m [2mhyper::proto::h1::conn[0m[2m:[0m incoming body is content-length (830 bytes)
[2m2025-12-10T10:12:32.080903Z[0m [34mDEBUG[0m [2mhyper::proto::h1::conn[0m[2m:[0m incoming body completed
[2m2025-12-10T10:12:32.080911Z[0m [34mDEBUG[0m [2mhyper::client::pool[0m[2m:[0m pooling idle connection for ("http", 192.168.0.14:8545)
[2m2025-12-10T10:12:32.080917Z[0m [34mDEBUG[0m [2methereum_transaction_pool_monitor::eth_client[0m[2m:[0m 📡 Transaction fetch RPC completed in 7.849ms
[2m2025-12-10T10:12:32.153859Z[0m [34mDEBUG[0m [2methereum_transaction_pool_monitor::eth_client[0m[2m:[0m ✅ Transaction 0xf110d3aa3c1af985e2cfa9c4576bda41b8ab2ffc0a7b662309fe9b43bba99777 fetched and parsed in 80.788916ms
[2m2025-12-10T10:12:32.153884Z[0m [34mDEBUG[0m [2methereum_transaction_pool_monitor::mempool_monitor[0m[2m:[0m 🔍 Skipping tx 0xf110d3aa3c1af985e2cfa9c4576bda41b8ab2ffc0a7b662309fe9b43bba99777 - not a DEX interaction (target: 0x3B4D794a66304F130a4Db8F2551B0070dfCf5ca7)
[2m2025-12-10T10:12:32.153894Z[0m [34mDEBUG[0m [2methereum_transaction_pool_monitor::mempool_monitor[0m[2m:[0m 📨 Processing new pending transaction: 0x0545e671b4640b3d8434ea8c9f2a97b10e367ff905d767e4f7098336266ff794
[2m2025-12-10T10:12:32.153899Z[0m [34mDEBUG[0m [2methereum_transaction_pool_monitor::mempool_monitor[0m[2m:[0m 🔍 Fetching transaction details for: 0x0545e671b4640b3d8434ea8c9f2a97b10e367ff905d767e4f7098336266ff794
[2m2025-12-10T10:12:32.153904Z[0m [34mDEBUG[0m [2methereum_transaction_pool_monitor::eth_client[0m[2m:[0m 🔍 Fetching transaction details for hash: 0x0545e671b4640b3d8434ea8c9f2a97b10e367ff905d767e4f7098336266ff794
[2m2025-12-10T10:12:32.153921Z[0m [34mDEBUG[0m [2mhyper::client::pool[0m[2m:[0m reuse idle connection for ("http", 192.168.0.14:8545)
[2m2025-12-10T10:12:32.153974Z[0m [34mDEBUG[0m [2mhyper::proto::h1::io[0m[2m:[0m flushed 250 bytes
[2m2025-12-10T10:12:32.154000Z[0m [34mDEBUG[0m [2mhyper::client::pool[0m[2m:[0m reuse idle connection for ("http", 192.168.0.14:8545)
[2m2025-12-10T10:12:32.154014Z[0m [34mDEBUG[0m [2mhyper::proto::h1::io[0m[2m:[0m flushed 172 bytes
[2m2025-12-10T10:12:32.160383Z[0m [34mDEBUG[0m [2mhyper::proto::h1::io[0m[2m:[0m parsed 4 headers
[2m2025-12-10T10:12:32.160394Z[0m [34mDEBUG[0m [2mhyper::proto::h1::conn[0m[2m:[0m incoming body is content-length (771 bytes)
[2m2025-12-10T10:12:32.160402Z[0m [34mDEBUG[0m [2mhyper::proto::h1::conn[0m[2m:[0m incoming body completed
[2m2025-12-10T10:12:32.160411Z[0m [34mDEBUG[0m [2mhyper::client::pool[0m[2m:[0m pooling idle connection for ("http", 192.168.0.14:8545)
[2m2025-12-10T10:12:32.160418Z[0m [34mDEBUG[0m [2methereum_transaction_pool_monitor::eth_client[0m[2m:[0m 📡 Transaction fetch RPC completed in 6.509875ms
[2m2025-12-10T10:12:32.231557Z[0m [34mDEBUG[0m [2methereum_transaction_pool_monitor::eth_client[0m[2m:[0m ✅ Transaction 0x0545e671b4640b3d8434ea8c9f2a97b10e367ff905d767e4f7098336266ff794 fetched and parsed in 77.646125ms
[2m2025-12-10T10:12:32.231584Z[0m [34mDEBUG[0m [2methereum_transaction_pool_monitor::mempool_monitor[0m[2m:[0m 🔍 Skipping tx 0x0545e671b4640b3d8434ea8c9f2a97b10e367ff905d767e4f7098336266ff794 - not a DEX interaction (target: 0xf94e7d0710709388bCe3161C32B4eEA56d3f91CC)
[2m2025-12-10T10:12:32.231595Z[0m [34mDEBUG[0m [2methereum_transaction_pool_monitor::mempool_monitor[0m[2m:[0m 📨 Processing new pending transaction: 0x56b39b96e8deaecb35b75272272c00b6d66e3d3c469676e02aabfd3c03152bbb
[2m2025-12-10T10:12:32.231601Z[0m [34mDEBUG[0m [2methereum_transaction_pool_monitor::mempool_monitor[0m[2m:[0m 🔍 Fetching transaction details for: 0x56b39b96e8deaecb35b75272272c00b6d66e3d3c469676e02aabfd3c03152bbb
[2m2025-12-10T10:12:32.231606Z[0m [34mDEBUG[0m [2methereum_transaction_pool_monitor::eth_client[0m[2m:[0m 🔍 Fetching transaction details for hash: 0x56b39b96e8deaecb35b75272272c00b6d66e3d3c469676e02aabfd3c03152bbb
[2m2025-12-10T10:12:32.231625Z[0m [34mDEBUG[0m [2mhyper::client::pool[0m[2m:[0m reuse idle connection for ("http", 192.168.0.14:8545)
[2m2025-12-10T10:12:32.231663Z[0m [34mDEBUG[0m [2mhyper::proto::h1::io[0m[2m:[0m flushed 250 bytes
[2m2025-12-10T10:12:32.231686Z[0m [34mDEBUG[0m [2methereum_transaction_pool_monitor::eth_client[0m[2m:[0m 📨 Received WebSocket message: {"jsonrpc":"2.0","method":"eth_subscription","params":{"subscription":"0xbed0a0851463e895960a451075a301a9","result":"0x92db001bab58f10551d11cea2c9774cd90b119cea5040ea63b1d20adcddac62e"}}
[2m2025-12-10T10:12:32.231695Z[0m [34mDEBUG[0m [2methereum_transaction_pool_monitor::eth_client[0m[2m:[0m 📨 Received pending transaction: 0x92db001bab58f10551d11cea2c9774cd90b119cea5040ea63b1d20adcddac62e
[2m2025-12-10T10:12:32.231700Z[0m [34mDEBUG[0m [2methereum_transaction_pool_monitor::eth_client[0m[2m:[0m 📨 Received WebSocket message: {"jsonrpc":"2.0","method":"eth_subscription","params":{"subscription":"0xbed0a0851463e895960a451075a301a9","result":"0xd15d3dd6ee742de849e8009169f79045ecb1cafa7e043a6877b9a2966c2d1c96"}}
[2m2025-12-10T10:12:32.231706Z[0m [34mDEBUG[0m [2methereum_transaction_pool_monitor::eth_client[0m[2m:[0m 📨 Received pending transaction: 0xd15d3dd6ee742de849e8009169f79045ecb1cafa7e043a6877b9a2966c2d1c96
[2m2025-12-10T10:12:32.231717Z[0m [34mDEBUG[0m [2mhyper::proto::h1::io[0m[2m:[0m parsed 4 headers
[2m2025-12-10T10:12:32.231727Z[0m [34mDEBUG[0m [2mhyper::proto::h1::conn[0m[2m:[0m incoming body is content-length (45 bytes)
[2m2025-12-10T10:12:32.231735Z[0m [34mDEBUG[0m [2mhyper::proto::h1::conn[0m[2m:[0m incoming body completed
[2m2025-12-10T10:12:32.231742Z[0m [34mDEBUG[0m [2mhyper::client::pool[0m[2m:[0m pooling idle connection for ("http", 192.168.0.14:8545)
[2m2025-12-10T10:12:32.231757Z[0m [34mDEBUG[0m [2mhyper::client::pool[0m[2m:[0m reuse idle connection for ("http", 192.168.0.14:8545)
[2m2025-12-10T10:12:32.231775Z[0m [34mDEBUG[0m [2mhyper::proto::h1::io[0m[2m:[0m flushed 172 bytes
[2m2025-12-10T10:12:32.236340Z[0m [34mDEBUG[0m [2mhyper::proto::h1::io[0m[2m:[0m parsed 4 headers
[2m2025-12-10T10:12:32.236347Z[0m [34mDEBUG[0m [2mhyper::proto::h1::conn[0m[2m:[0m incoming body is content-length (769 bytes)
[2m2025-12-10T10:12:32.237146Z[0m [34mDEBUG[0m [2mhyper::proto::h1::conn[0m[2m:[0m incoming body completed
[2m2025-12-10T10:12:32.237187Z[0m [34mDEBUG[0m [2mhyper::client::pool[0m[2m:[0m pooling idle connection for ("http", 192.168.0.14:8545)
[2m2025-12-10T10:12:32.237208Z[0m [34mDEBUG[0m [2methereum_transaction_pool_monitor::eth_client[0m[2m:[0m 📡 Transaction fetch RPC completed in 5.598334ms
[2m2025-12-10T10:12:32.237223Z[0m [34mDEBUG[0m [2methereum_transaction_pool_monitor::eth_client[0m[2m:[0m DeFi transaction detected - Address: 0xdac17f958d2ee523a2206206994597c13d831ec7, Type: Stablecoin, Value: 0 ETH, Gas: 0.27 Gwei
[2m2025-12-10T10:12:32.237236Z[0m [34mDEBUG[0m [2methereum_transaction_pool_monitor::eth_client[0m[2m:[0m ✅ Transaction 0x56b39b96e8deaecb35b75272272c00b6d66e3d3c469676e02aabfd3c03152bbb fetched and parsed in 5.625959ms
[2m2025-12-10T10:12:32.237242Z[0m [34mDEBUG[0m [2methereum_transaction_pool_monitor::mempool_monitor[0m[2m:[0m 🔍 Skipping tx 0x56b39b96e8deaecb35b75272272c00b6d66e3d3c469676e02aabfd3c03152bbb - not a DEX interaction (target: 0xdAC17F958D2ee523a2206206994597C13D831ec7)
[2m2025-12-10T10:12:32.237247Z[0m [34mDEBUG[0m [2methereum_transaction_pool_monitor::mempool_monitor[0m[2m:[0m 📨 Processing new pending transaction: 0xb2ccf73dda7f8a6d5154573a8b4709e1ba57356abf469622b9b88e033b5b544d
[2m2025-12-10T10:12:32.237250Z[0m [34mDEBUG[0m [2methereum_transaction_pool_monitor::mempool_monitor[0m[2m:[0m 🔍 Fetching transaction details for: 0xb2ccf73dda7f8a6d5154573a8b4709e1ba57356abf469622b9b88e033b5b544d
[2m2025-12-10T10:12:32.237254Z[0m [34mDEBUG[0m [2methereum_transaction_pool_monitor::eth_client[0m[2m:[0m 🔍 Fetching transaction details for hash: 0xb2ccf73dda7f8a6d5154573a8b4709e1ba57356abf469622b9b88e033b5b544d
[2m2025-12-10T10:12:32.237262Z[0m [34mDEBUG[0m [2mhyper::client::pool[0m[2m:[0m reuse idle connection for ("http", 192.168.0.14:8545)
[2m2025-12-10T10:12:32.237279Z[0m [34mDEBUG[0m [2mhyper::proto::h1::io[0m[2m:[0m flushed 250 bytes
[2m2025-12-10T10:12:32.237286Z[0m [34mDEBUG[0m [2mhyper::proto::h1::io[0m[2m:[0m parsed 4 headers
[2m2025-12-10T10:12:32.237289Z[0m [34mDEBUG[0m [2mhyper::proto::h1::conn[0m[2m:[0m incoming body is content-length (45 bytes)
[2m2025-12-10T10:12:32.237293Z[0m [34mDEBUG[0m [2mhyper::proto::h1::conn[0m[2m:[0m incoming body completed
[2m2025-12-10T10:12:32.237297Z[0m [34mDEBUG[0m [2mhyper::client::pool[0m[2m:[0m pooling idle connection for ("http", 192.168.0.14:8545)
[2m2025-12-10T10:12:32.241165Z[0m [34mDEBUG[0m [2mhyper::proto::h1::io[0m[2m:[0m parsed 4 headers
[2m2025-12-10T10:12:32.241171Z[0m [34mDEBUG[0m [2mhyper::proto::h1::conn[0m[2m:[0m incoming body is content-length (771 bytes)
[2m2025-12-10T10:12:32.241175Z[0m [34mDEBUG[0m [2mhyper::proto::h1::conn[0m[2m:[0m incoming body completed
[2m2025-12-10T10:12:32.241180Z[0m [34mDEBUG[0m [2mhyper::client::pool[0m[2m:[0m pooling idle connection for ("http", 192.168.0.14:8545)
[2m2025-12-10T10:12:32.241184Z[0m [34mDEBUG[0m [2methereum_transaction_pool_monitor::eth_client[0m[2m:[0m 📡 Transaction fetch RPC completed in 3.92675ms
[2m2025-12-10T10:12:32.312112Z[0m [34mDEBUG[0m [2methereum_transaction_pool_monitor::eth_client[0m[2m:[0m ✅ Transaction 0xb2ccf73dda7f8a6d5154573a8b4709e1ba57356abf469622b9b88e033b5b544d fetched and parsed in 74.852ms
[2m2025-12-10T10:12:32.312141Z[0m [34mDEBUG[0m [2methereum_transaction_pool_monitor::mempool_monitor[0m[2m:[0m 🔍 Skipping tx 0xb2ccf73dda7f8a6d5154573a8b4709e1ba57356abf469622b9b88e033b5b544d - not a DEX interaction (target: 0x5aFE3855358E112B5647B952709E6165e1c1eEEe)
[2m2025-12-10T10:12:32.312155Z[0m [34mDEBUG[0m [2methereum_transaction_pool_monitor::mempool_monitor[0m[2m:[0m 📨 Processing new pending transaction: 0x11ca4316b3dce3e5356cde66f19932ec94d030b279dc70b320cbef4b18e8db97
[2m2025-12-10T10:12:32.312164Z[0m [34mDEBUG[0m [2methereum_transaction_pool_monitor::mempool_monitor[0m[2m:[0m 🔍 Fetching transaction details for: 0x11ca4316b3dce3e5356cde66f19932ec94d030b279dc70b320cbef4b18e8db97
[2m2025-12-10T10:12:32.312169Z[0m [34mDEBUG[0m [2methereum_transaction_pool_monitor::eth_client[0m[2m:[0m 🔍 Fetching transaction details for hash: 0x11ca4316b3dce3e5356cde66f19932ec94d030b279dc70b320cbef4b18e8db97
[2m2025-12-10T10:12:32.312190Z[0m [34mDEBUG[0m [2mhyper::client::pool[0m[2m:[0m reuse idle connection for ("http", 192.168.0.14:8545)
[2m2025-12-10T10:12:32.312222Z[0m [34mDEBUG[0m [2mhyper::proto::h1::io[0m[2m:[0m flushed 250 bytes
[2m2025-12-10T10:12:32.312243Z[0m [34mDEBUG[0m [2mhyper::client::pool[0m[2m:[0m reuse idle connection for ("http", 192.168.0.14:8545)
[2m2025-12-10T10:12:32.312257Z[0m [34mDEBUG[0m [2mhyper::proto::h1::io[0m[2m:[0m flushed 172 bytes
[2m2025-12-10T10:12:32.312322Z[0m [34mDEBUG[0m [2methereum_transaction_pool_monitor::eth_client[0m[2m:[0m 📨 Received WebSocket message: {"jsonrpc":"2.0","method":"eth_subscription","params":{"subscription":"0xbed0a0851463e895960a451075a301a9","result":"0xccf1b8f1e3bbdcdd159ac8bf9a8c4972bedaef7608bea048bdcd497343adc8b7"}}
[2m2025-12-10T10:12:32.312333Z[0m [34mDEBUG[0m [2methereum_transaction_pool_monitor::eth_client[0m[2m:[0m 📨 Received pending transaction: 0xccf1b8f1e3bbdcdd159ac8bf9a8c4972bedaef7608bea048bdcd497343adc8b7
[2m2025-12-10T10:12:32.312338Z[0m [34mDEBUG[0m [2methereum_transaction_pool_monitor::eth_client[0m[2m:[0m 📨 Received WebSocket message: {"jsonrpc":"2.0","method":"eth_subscription","params":{"subscription":"0xbed0a0851463e895960a451075a301a9","result":"0x3cc441ab472b587a20264262e63ffea2a220e1b6aa6d6339e8ce7d24f1dd9806"}}
[2m2025-12-10T10:12:32.312343Z[0m [34mDEBUG[0m [2methereum_transaction_pool_monitor::eth_client[0m[2m:[0m 📨 Received pending transaction: 0x3cc441ab472b587a20264262e63ffea2a220e1b6aa6d6339e8ce7d24f1dd9806
[2m2025-12-10T10:12:32.312347Z[0m [34mDEBUG[0m [2methereum_transaction_pool_monitor::eth_client[0m[2m:[0m 📨 Received WebSocket message: {"jsonrpc":"2.0","method":"eth_subscription","params":{"subscription":"0xbed0a0851463e895960a451075a301a9","result":"0x3e1bd0c25b014f30b5643665c134e3b625e0b40ba9ab684188fe5adcc5c9ed8d"}}
[2m2025-12-10T10:12:32.312352Z[0m [34mDEBUG[0m [2methereum_transaction_pool_monitor::eth_client[0m[2m:[0m 📨 Received pending transaction: 0x3e1bd0c25b014f30b5643665c134e3b625e0b40ba9ab684188fe5adcc5c9ed8d
[2m2025-12-10T10:12:32.319117Z[0m [34mDEBUG[0m [2methereum_transaction_pool_monitor::eth_client[0m[2m:[0m 📨 Received WebSocket message: {"jsonrpc":"2.0","method":"eth_subscription","params":{"subscription":"0xbed0a0851463e895960a451075a301a9","result":"0xb97dbd5b2d62c4333f295017bc875b77f1c174f7b1650e73d35badbb10e9f113"}}
[2m2025-12-10T10:12:32.319128Z[0m [34mDEBUG[0m [2methereum_transaction_pool_monitor::eth_client[0m[2m:[0m 📨 Received pending transaction: 0xb97dbd5b2d62c4333f295017bc875b77f1c174f7b1650e73d35badbb10e9f113
[2m2025-12-10T10:12:32.319169Z[0m [34mDEBUG[0m [2mhyper::proto::h1::io[0m[2m:[0m parsed 4 headers
[2m2025-12-10T10:12:32.319178Z[0m [34mDEBUG[0m [2mhyper::proto::h1::conn[0m[2m:[0m incoming body is content-length (45 bytes)
[2m2025-12-10T10:12:32.319186Z[0m [34mDEBUG[0m [2mhyper::proto::h1::conn[0m[2m:[0m incoming body completed
[2m2025-12-10T10:12:32.319196Z[0m [34mDEBUG[0m [2mhyper::client::pool[0m[2m:[0m pooling idle connection for ("http", 192.168.0.14:8545)
[2m2025-12-10T10:12:32.324368Z[0m [34mDEBUG[0m [2mhyper::proto::h1::io[0m[2m:[0m parsed 4 headers
[2m2025-12-10T10:12:32.324386Z[0m [34mDEBUG[0m [2mhyper::proto::h1::conn[0m[2m:[0m incoming body is content-length (769 bytes)
[2m2025-12-10T10:12:32.324404Z[0m [34mDEBUG[0m [2mhyper::proto::h1::conn[0m[2m:[0m incoming body completed
[2m2025-12-10T10:12:32.324425Z[0m [34mDEBUG[0m [2mhyper::client::pool[0m[2m:[0m pooling idle connection for ("http", 192.168.0.14:8545)
[2m2025-12-10T10:12:32.324431Z[0m [34mDEBUG[0m [2methereum_transaction_pool_monitor::eth_client[0m[2m:[0m 📡 Transaction fetch RPC completed in 12.256084ms
[2m2025-12-10T10:12:32.324456Z[0m [34mDEBUG[0m [2methereum_transaction_pool_monitor::eth_client[0m[2m:[0m DeFi transaction detected - Address: 0xdac17f958d2ee523a2206206994597c13d831ec7, Type: Stablecoin, Value: 0 ETH, Gas: 0.27 Gwei
[2m2025-12-10T10:12:32.324468Z[0m [34mDEBUG[0m [2methereum_transaction_pool_monitor::eth_client[0m[2m:[0m ✅ Transaction 0x11ca4316b3dce3e5356cde66f19932ec94d030b279dc70b320cbef4b18e8db97 fetched and parsed in 12.293084ms
[2m2025-12-10T10:12:32.324472Z[0m [34mDEBUG[0m [2methereum_transaction_pool_monitor::mempool_monitor[0m[2m:[0m 🔍 Skipping tx 0x11ca4316b3dce3e5356cde66f19932ec94d030b279dc70b320cbef4b18e8db97 - not a DEX interaction (target: 0xdAC17F958D2ee523a2206206994597C13D831ec7)
[2m2025-12-10T10:12:32.324479Z[0m [34mDEBUG[0m [2methereum_transaction_pool_monitor::mempool_monitor[0m[2m:[0m 📨 Processing new pending transaction: 0xbbb90581fdc2096052d3cb38ee7f71adc6f820d5994bc57fee0ffeaf07f3447b
[2m2025-12-10T10:12:32.324482Z[0m [34mDEBUG[0m [2methereum_transaction_pool_monitor::mempool_monitor[0m[2m:[0m 🔍 Fetching transaction details for: 0xbbb90581fdc2096052d3cb38ee7f71adc6f820d5994bc57fee0ffeaf07f3447b
[2m2025-12-10T10:12:32.324485Z[0m [34mDEBUG[0m [2methereum_transaction_pool_monitor::eth_client[0m[2m:[0m 🔍 Fetching transaction details for hash: 0xbbb90581fdc2096052d3cb38ee7f71adc6f820d5994bc57fee0ffeaf07f3447b
[2m2025-12-10T10:12:32.324499Z[0m [34mDEBUG[0m [2mhyper::client::pool[0m[2m:[0m reuse idle connection for ("http", 192.168.0.14:8545)
[2m2025-12-10T10:12:32.324514Z[0m [34mDEBUG[0m [2mhyper::proto::h1::io[0m[2m:[0m flushed 250 bytes
[2m2025-12-10T10:12:32.330134Z[0m [34mDEBUG[0m [2mhyper::proto::h1::io[0m[2m:[0m parsed 4 headers
[2m2025-12-10T10:12:32.330142Z[0m [34mDEBUG[0m [2mhyper::proto::h1::conn[0m[2m:[0m incoming body is content-length (768 bytes)
[2m2025-12-10T10:12:32.330147Z[0m [34mDEBUG[0m [2mhyper::proto::h1::conn[0m[2m:[0m incoming body completed
[2m2025-12-10T10:12:32.330152Z[0m [34mDEBUG[0m [2mhyper::client::pool[0m[2m:[0m pooling idle connection for ("http", 192.168.0.14:8545)
[2m2025-12-10T10:12:32.330157Z[0m [34mDEBUG[0m [2methereum_transaction_pool_monitor::eth_client[0m[2m:[0m 📡 Transaction fetch RPC completed in 5.668416ms
[2m2025-12-10T10:12:32.330167Z[0m [34mDEBUG[0m [2methereum_transaction_pool_monitor::eth_client[0m[2m:[0m DeFi transaction detected - Address: 0xdac17f958d2ee523a2206206994597c13d831ec7, Type: Stablecoin, Value: 0 ETH, Gas: 0.27 Gwei
[2m2025-12-10T10:12:32.330175Z[0m [34mDEBUG[0m [2methereum_transaction_pool_monitor::eth_client[0m[2m:[0m ✅ Transaction 0xbbb90581fdc2096052d3cb38ee7f71adc6f820d5994bc57fee0ffeaf07f3447b fetched and parsed in 5.686125ms
[2m2025-12-10T10:12:32.330179Z[0m [34mDEBUG[0m [2methereum_transaction_pool_monitor::mempool_monitor[0m[2m:[0m 🔍 Skipping tx 0xbbb90581fdc2096052d3cb38ee7f71adc6f820d5994bc57fee0ffeaf07f3447b - not a DEX interaction (target: 0xdAC17F958D2ee523a2206206994597C13D831ec7)
[2m2025-12-10T10:12:32.330185Z[0m [34mDEBUG[0m [2methereum_transaction_pool_monitor::mempool_monitor[0m[2m:[0m 📨 Processing new pending transaction: 0x367afe96b7874ce9c3347c27de92bdfc9a019328e60c8051a533e5f267505359
[2m2025-12-10T10:12:32.330189Z[0m [34mDEBUG[0m [2methereum_transaction_pool_monitor::mempool_monitor[0m[2m:[0m 🔍 Fetching transaction details for: 0x367afe96b7874ce9c3347c27de92bdfc9a019328e60c8051a533e5f267505359
[2m2025-12-10T10:12:32.330192Z[0m [34mDEBUG[0m [2methereum_transaction_pool_monitor::eth_client[0m[2m:[0m 🔍 Fetching transaction details for hash: 0x367afe96b7874ce9c3347c27de92bdfc9a019328e60c8051a533e5f267505359
[2m2025-12-10T10:12:32.330202Z[0m [34mDEBUG[0m [2mhyper::client::pool[0m[2m:[0m reuse idle connection for ("http", 192.168.0.14:8545)
[2m2025-12-10T10:12:32.330218Z[0m [34mDEBUG[0m [2mhyper::proto::h1::io[0m[2m:[0m flushed 250 bytes
[2m2025-12-10T10:12:32.333791Z[0m [34mDEBUG[0m [2mhyper::proto::h1::io[0m[2m:[0m parsed 4 headers
[2m2025-12-10T10:12:32.333800Z[0m [34mDEBUG[0m [2mhyper::proto::h1::conn[0m[2m:[0m incoming body is content-length (722 bytes)
[2m2025-12-10T10:12:32.333806Z[0m [34mDEBUG[0m [2mhyper::proto::h1::conn[0m[2m:[0m incoming body completed
[2m2025-12-10T10:12:32.333812Z[0m [34mDEBUG[0m [2mhyper::client::pool[0m[2m:[0m pooling idle connection for ("http", 192.168.0.14:8545)
[2m2025-12-10T10:12:32.333817Z[0m [34mDEBUG[0m [2methereum_transaction_pool_monitor::eth_client[0m[2m:[0m 📡 Transaction fetch RPC completed in 3.621375ms
[2m2025-12-10T10:12:32.404192Z[0m [34mDEBUG[0m [2methereum_transaction_pool_monitor::eth_client[0m[2m:[0m ✅ Transaction 0x367afe96b7874ce9c3347c27de92bdfc9a019328e60c8051a533e5f267505359 fetched and parsed in 73.994209ms
[2m2025-12-10T10:12:32.404210Z[0m [34mDEBUG[0m [2methereum_transaction_pool_monitor::mempool_monitor[0m[2m:[0m 🔍 Skipping tx 0x367afe96b7874ce9c3347c27de92bdfc9a019328e60c8051a533e5f267505359 - not a DEX interaction (target: 0xa184C1aDf4c8c832AC01A5cf9Ca7e68C7F3B204c)
[2m2025-12-10T10:12:32.404220Z[0m [34mDEBUG[0m [2methereum_transaction_pool_monitor::mempool_monitor[0m[2m:[0m 📨 Processing new pending transaction: 0xadc62a78d3c3d9e248acde76279aef81cbc6619d91a3a42a01a0db9c7a0d909f
[2m2025-12-10T10:12:32.404226Z[0m [34mDEBUG[0m [2methereum_transaction_pool_monitor::mempool_monitor[0m[2m:[0m 🔍 Fetching transaction details for: 0xadc62a78d3c3d9e248acde76279aef81cbc6619d91a3a42a01a0db9c7a0d909f
[2m2025-12-10T10:12:32.404230Z[0m [34mDEBUG[0m [2methereum_transaction_pool_monitor::eth_client[0m[2m:[0m 🔍 Fetching transaction details for hash: 0xadc62a78d3c3d9e248acde76279aef81cbc6619d91a3a42a01a0db9c7a0d909f
[2m2025-12-10T10:12:32.404248Z[0m [34mDEBUG[0m [2mhyper::client::pool[0m[2m:[0m reuse idle connection for ("http", 192.168.0.14:8545)
[2m2025-12-10T10:12:32.404276Z[0m [34mDEBUG[0m [2mhyper::proto::h1::io[0m[2m:[0m flushed 250 bytes
[2m2025-12-10T10:12:32.404302Z[0m [34mDEBUG[0m [2mhyper::client::pool[0m[2m:[0m reuse idle connection for ("http", 192.168.0.14:8545)
[2m2025-12-10T10:12:32.404316Z[0m [34mDEBUG[0m [2mhyper::proto::h1::io[0m[2m:[0m flushed 172 bytes
[2m2025-12-10T10:12:32.408429Z[0m [34mDEBUG[0m [2mhyper::proto::h1::io[0m[2m:[0m parsed 4 headers
[2m2025-12-10T10:12:32.408434Z[0m [34mDEBUG[0m [2mhyper::proto::h1::conn[0m[2m:[0m incoming body is content-length (769 bytes)
[2m2025-12-10T10:12:32.408441Z[0m [34mDEBUG[0m [2mhyper::proto::h1::conn[0m[2m:[0m incoming body completed
[2m2025-12-10T10:12:32.408447Z[0m [34mDEBUG[0m [2mhyper::client::pool[0m[2m:[0m pooling idle connection for ("http", 192.168.0.14:8545)
[2m2025-12-10T10:12:32.408453Z[0m [34mDEBUG[0m [2methereum_transaction_pool_monitor::eth_client[0m[2m:[0m 📡 Transaction fetch RPC completed in 4.218625ms
[2m2025-12-10T10:12:32.479739Z[0m [34mDEBUG[0m [2methereum_transaction_pool_monitor::eth_client[0m[2m:[0m ✅ Transaction 0xadc62a78d3c3d9e248acde76279aef81cbc6619d91a3a42a01a0db9c7a0d909f fetched and parsed in 75.501959ms
[2m2025-12-10T10:12:32.479764Z[0m [34mDEBUG[0m [2methereum_transaction_pool_monitor::mempool_monitor[0m[2m:[0m 🔍 Skipping tx 0xadc62a78d3c3d9e248acde76279aef81cbc6619d91a3a42a01a0db9c7a0d909f - not a DEX interaction (target: 0x7420B4b9a0110cdC71fB720908340C03F9Bc03EC)
[2m2025-12-10T10:12:32.479775Z[0m [34mDEBUG[0m [2methereum_transaction_pool_monitor::mempool_monitor[0m[2m:[0m 📨 Processing new pending transaction: 0x8c1a058056963df946b1a347016283352c43e6306be8c6e13a5ff53a97c45079
[2m2025-12-10T10:12:32.479783Z[0m [34mDEBUG[0m [2methereum_transaction_pool_monitor::mempool_monitor[0m[2m:[0m 🔍 Fetching transaction details for: 0x8c1a058056963df946b1a347016283352c43e6306be8c6e13a5ff53a97c45079
[2m2025-12-10T10:12:32.479787Z[0m [34mDEBUG[0m [2methereum_transaction_pool_monitor::eth_client[0m[2m:[0m 🔍 Fetching transaction details for hash: 0x8c1a058056963df946b1a347016283352c43e6306be8c6e13a5ff53a97c45079
[2m2025-12-10T10:12:32.480632Z[0m [34mDEBUG[0m [2mhyper::client::pool[0m[2m:[0m reuse idle connection for ("http", 192.168.0.14:8545)
[2m2025-12-10T10:12:32.480692Z[0m [34mDEBUG[0m [2mhyper::proto::h1::io[0m[2m:[0m flushed 250 bytes
[2m2025-12-10T10:12:32.480719Z[0m [34mDEBUG[0m [2methereum_transaction_pool_monitor::eth_client[0m[2m:[0m 📨 Received WebSocket message: {"jsonrpc":"2.0","method":"eth_subscription","params":{"subscription":"0xbed0a0851463e895960a451075a301a9","result":"0x46a602be0f6c8e47f0dd084e3f4525b6dde7339d16f74bfb51c1b1979d0ab2ef"}}
[2m2025-12-10T10:12:32.480722Z[0m [34mDEBUG[0m [2mhyper::proto::h1::io[0m[2m:[0m parsed 4 headers
[2m2025-12-10T10:12:32.480727Z[0m [34mDEBUG[0m [2methereum_transaction_pool_monitor::eth_client[0m[2m:[0m 📨 Received pending transaction: 0x46a602be0f6c8e47f0dd084e3f4525b6dde7339d16f74bfb51c1b1979d0ab2ef
[2m2025-12-10T10:12:32.480731Z[0m [34mDEBUG[0m [2mhyper::proto::h1::conn[0m[2m:[0m incoming body is content-length (45 bytes)
[2m2025-12-10T10:12:32.480734Z[0m [34mDEBUG[0m [2methereum_transaction_pool_monitor::eth_client[0m[2m:[0m 📨 Received WebSocket message: {"jsonrpc":"2.0","method":"eth_subscription","params":{"subscription":"0xbed0a0851463e895960a451075a301a9","result":"0x68947796e6553134b9ef07a701f88ce55181a4f5893aa6adea7454d9338dd5bc"}}
[2m2025-12-10T10:12:32.480740Z[0m [34mDEBUG[0m [2mhyper::proto::h1::conn[0m[2m:[0m incoming body completed
[2m2025-12-10T10:12:32.480741Z[0m [34mDEBUG[0m [2methereum_transaction_pool_monitor::eth_client[0m[2m:[0m 📨 Received pending transaction: 0x68947796e6553134b9ef07a701f88ce55181a4f5893aa6adea7454d9338dd5bc
[2m2025-12-10T10:12:32.480753Z[0m [34mDEBUG[0m [2mhyper::client::pool[0m[2m:[0m pooling idle connection for ("http", 192.168.0.14:8545)
[2m2025-12-10T10:12:32.480754Z[0m [34mDEBUG[0m [2methereum_transaction_pool_monitor::eth_client[0m[2m:[0m 📨 Received WebSocket message: {"jsonrpc":"2.0","method":"eth_subscription","params":{"subscription":"0xbed0a0851463e895960a451075a301a9","result":"0x25d6f04b8f788425a55fcc832df6fa666197762a83c8fde8447547563560ef15"}}
[2m2025-12-10T10:12:32.480769Z[0m [34mDEBUG[0m [2methereum_transaction_pool_monitor::eth_client[0m[2m:[0m 📨 Received pending transaction: 0x25d6f04b8f788425a55fcc832df6fa666197762a83c8fde8447547563560ef15
[2m2025-12-10T10:12:32.487731Z[0m [34mDEBUG[0m [2mhyper::proto::h1::io[0m[2m:[0m parsed 4 headers
[2m2025-12-10T10:12:32.488169Z[0m [34mDEBUG[0m [2mhyper::proto::h1::conn[0m[2m:[0m incoming body is content-length (830 bytes)
[2m2025-12-10T10:12:32.488174Z[0m [34mDEBUG[0m [2mhyper::proto::h1::conn[0m[2m:[0m incoming body completed
[2m2025-12-10T10:12:32.488180Z[0m [34mDEBUG[0m [2mhyper::client::pool[0m[2m:[0m pooling idle connection for ("http", 192.168.0.14:8545)
[2m2025-12-10T10:12:32.488185Z[0m [34mDEBUG[0m [2methereum_transaction_pool_monitor::eth_client[0m[2m:[0m 📡 Transaction fetch RPC completed in 7.594625ms
[2m2025-12-10T10:12:32.558219Z[0m [34mDEBUG[0m [2methereum_transaction_pool_monitor::eth_client[0m[2m:[0m ✅ Transaction 0x8c1a058056963df946b1a347016283352c43e6306be8c6e13a5ff53a97c45079 fetched and parsed in 77.6255ms
[2m2025-12-10T10:12:32.558246Z[0m [34mDEBUG[0m [2methereum_transaction_pool_monitor::mempool_monitor[0m[2m:[0m 🔍 Skipping tx 0x8c1a058056963df946b1a347016283352c43e6306be8c6e13a5ff53a97c45079 - not a DEX interaction (target: 0x3B4D794a66304F130a4Db8F2551B0070dfCf5ca7)
[2m2025-12-10T10:12:32.558260Z[0m [34mDEBUG[0m [2methereum_transaction_pool_monitor::mempool_monitor[0m[2m:[0m 📨 Processing new pending transaction: 0x92db001bab58f10551d11cea2c9774cd90b119cea5040ea63b1d20adcddac62e
[2m2025-12-10T10:12:32.558267Z[0m [34mDEBUG[0m [2methereum_transaction_pool_monitor::mempool_monitor[0m[2m:[0m 🔍 Fetching transaction details for: 0x92db001bab58f10551d11cea2c9774cd90b119cea5040ea63b1d20adcddac62e
[2m2025-12-10T10:12:32.558277Z[0m [34mDEBUG[0m [2methereum_transaction_pool_monitor::eth_client[0m[2m:[0m 🔍 Fetching transaction details for hash: 0x92db001bab58f10551d11cea2c9774cd90b119cea5040ea63b1d20adcddac62e
[2m2025-12-10T10:12:32.558298Z[0m [34mDEBUG[0m [2mhyper::client::pool[0m[2m:[0m reuse idle connection for ("http", 192.168.0.14:8545)
[2m2025-12-10T10:12:32.558333Z[0m [34mDEBUG[0m [2mhyper::proto::h1::io[0m[2m:[0m flushed 250 bytes
[2m2025-12-10T10:12:32.558354Z[0m [34mDEBUG[0m [2mhyper::client::pool[0m[2m:[0m reuse idle connection for ("http", 192.168.0.14:8545)
[2m2025-12-10T10:12:32.558367Z[0m [34mDEBUG[0m [2mhyper::proto::h1::io[0m[2m:[0m flushed 172 bytes
[2m2025-12-10T10:12:32.558404Z[0m [34mDEBUG[0m [2methereum_transaction_pool_monitor::eth_client[0m[2m:[0m 📨 Received WebSocket message: {"jsonrpc":"2.0","method":"eth_subscription","params":{"subscription":"0xbed0a0851463e895960a451075a301a9","result":"0xb6281159552ecc0acc88eddb993838218d73378d1678f877b80eb3ced66b3bca"}}
[2m2025-12-10T10:12:32.558413Z[0m [34mDEBUG[0m [2methereum_transaction_pool_monitor::eth_client[0m[2m:[0m 📨 Received pending transaction: 0xb6281159552ecc0acc88eddb993838218d73378d1678f877b80eb3ced66b3bca
[2m2025-12-10T10:12:32.558418Z[0m [34mDEBUG[0m [2methereum_transaction_pool_monitor::eth_client[0m[2m:[0m 📨 Received WebSocket message: {"jsonrpc":"2.0","method":"eth_subscription","params":{"subscription":"0xbed0a0851463e895960a451075a301a9","result":"0xdfbca6465e4a00874b90dddcb94de57f7cbed13d2af8a005241f2074856748be"}}
[2m2025-12-10T10:12:32.558423Z[0m [34mDEBUG[0m [2methereum_transaction_pool_monitor::eth_client[0m[2m:[0m 📨 Received pending transaction: 0xdfbca6465e4a00874b90dddcb94de57f7cbed13d2af8a005241f2074856748be
[2m2025-12-10T10:12:32.563054Z[0m [34mDEBUG[0m [2mhyper::proto::h1::io[0m[2m:[0m parsed 4 headers
[2m2025-12-10T10:12:32.563088Z[0m [34mDEBUG[0m [2mhyper::proto::h1::conn[0m[2m:[0m incoming body is content-length (45 bytes)
[2m2025-12-10T10:12:32.563104Z[0m [34mDEBUG[0m [2mhyper::proto::h1::conn[0m[2m:[0m incoming body completed
[2m2025-12-10T10:12:32.563129Z[0m [34mDEBUG[0m [2mhyper::client::pool[0m[2m:[0m pooling idle connection for ("http", 192.168.0.14:8545)
[2m2025-12-10T10:12:32.567011Z[0m [34mDEBUG[0m [2mhyper::proto::h1::io[0m[2m:[0m parsed 4 headers
[2m2025-12-10T10:12:32.567016Z[0m [34mDEBUG[0m [2mhyper::proto::h1::conn[0m[2m:[0m incoming body is content-length (655 bytes)
[2m2025-12-10T10:12:32.567022Z[0m [34mDEBUG[0m [2mhyper::proto::h1::conn[0m[2m:[0m incoming body completed
[2m2025-12-10T10:12:32.567029Z[0m [34mDEBUG[0m [2mhyper::client::pool[0m[2m:[0m pooling idle connection for ("http", 192.168.0.14:8545)
[2m2025-12-10T10:12:32.567036Z[0m [34mDEBUG[0m [2methereum_transaction_pool_monitor::eth_client[0m[2m:[0m 📡 Transaction fetch RPC completed in 8.751917ms
[2m2025-12-10T10:12:32.638620Z[0m [34mDEBUG[0m [2methereum_transaction_pool_monitor::eth_client[0m[2m:[0m ✅ Transaction 0x92db001bab58f10551d11cea2c9774cd90b119cea5040ea63b1d20adcddac62e fetched and parsed in 80.333417ms
[2m2025-12-10T10:12:32.638645Z[0m [34mDEBUG[0m [2methereum_transaction_pool_monitor::mempool_monitor[0m[2m:[0m 🔍 Skipping tx 0x92db001bab58f10551d11cea2c9774cd90b119cea5040ea63b1d20adcddac62e - not a DEX interaction (target: 0x7C28975Eca6c4F43E0f1d36B1A5208dDF13B2eB3)
[2m2025-12-10T10:12:32.638657Z[0m [34mDEBUG[0m [2methereum_transaction_pool_monitor::mempool_monitor[0m[2m:[0m 📨 Processing new pending transaction: 0xd15d3dd6ee742de849e8009169f79045ecb1cafa7e043a6877b9a2966c2d1c96
[2m2025-12-10T10:12:32.638662Z[0m [34mDEBUG[0m [2methereum_transaction_pool_monitor::mempool_monitor[0m[2m:[0m 🔍 Fetching transaction details for: 0xd15d3dd6ee742de849e8009169f79045ecb1cafa7e043a6877b9a2966c2d1c96
[2m2025-12-10T10:12:32.638666Z[0m [34mDEBUG[0m [2methereum_transaction_pool_monitor::eth_client[0m[2m:[0m 🔍 Fetching transaction details for hash: 0xd15d3dd6ee742de849e8009169f79045ecb1cafa7e043a6877b9a2966c2d1c96
[2m2025-12-10T10:12:32.638683Z[0m [34mDEBUG[0m [2mhyper::client::pool[0m[2m:[0m reuse idle connection for ("http", 192.168.0.14:8545)
[2m2025-12-10T10:12:32.638720Z[0m [34mDEBUG[0m [2mhyper::proto::h1::io[0m[2m:[0m flushed 250 bytes
[2m2025-12-10T10:12:32.638738Z[0m [34mDEBUG[0m [2mhyper::client::pool[0m[2m:[0m reuse idle connection for ("http", 192.168.0.14:8545)
[2m2025-12-10T10:12:32.638752Z[0m [34mDEBUG[0m [2methereum_transaction_pool_monitor::eth_client[0m[2m:[0m 📨 Received WebSocket message: {"jsonrpc":"2.0","method":"eth_subscription","params":{"subscription":"0xbed0a0851463e895960a451075a301a9","result":"0x81f4a89dab40e2aa93855eea9bd618f4ce7f16a3af7a40f16852615f31d3e1ca"}}
[2m2025-12-10T10:12:32.638754Z[0m [34mDEBUG[0m [2mhyper::proto::h1::io[0m[2m:[0m flushed 172 bytes
[2m2025-12-10T10:12:32.638765Z[0m [34mDEBUG[0m [2methereum_transaction_pool_monitor::eth_client[0m[2m:[0m 📨 Received pending transaction: 0x81f4a89dab40e2aa93855eea9bd618f4ce7f16a3af7a40f16852615f31d3e1ca
[2m2025-12-10T10:12:32.638776Z[0m [34mDEBUG[0m [2methereum_transaction_pool_monitor::eth_client[0m[2m:[0m 📨 Received WebSocket message: {"jsonrpc":"2.0","method":"eth_subscription","params":{"subscription":"0xbed0a0851463e895960a451075a301a9","result":"0x2b9c5d5113f9f9be6bc889de5b7290d4f732969f5b475bac352ea91e74d13390"}}
[2m2025-12-10T10:12:32.638781Z[0m [34mDEBUG[0m [2methereum_transaction_pool_monitor::eth_client[0m[2m:[0m 📨 Received pending transaction: 0x2b9c5d5113f9f9be6bc889de5b7290d4f732969f5b475bac352ea91e74d13390
[2m2025-12-10T10:12:32.644333Z[0m [34mDEBUG[0m [2mhyper::proto::h1::io[0m[2m:[0m parsed 4 headers
[2m2025-12-10T10:12:32.644338Z[0m [34mDEBUG[0m [2mhyper::proto::h1::conn[0m[2m:[0m incoming body is content-length (830 bytes)
[2m2025-12-10T10:12:32.644343Z[0m [34mDEBUG[0m [2mhyper::proto::h1::conn[0m[2m:[0m incoming body completed
[2m2025-12-10T10:12:32.644349Z[0m [34mDEBUG[0m [2mhyper::client::pool[0m[2m:[0m pooling idle connection for ("http", 192.168.0.14:8545)
[2m2025-12-10T10:12:32.644354Z[0m [34mDEBUG[0m [2methereum_transaction_pool_monitor::eth_client[0m[2m:[0m 📡 Transaction fetch RPC completed in 5.683125ms
[2m2025-12-10T10:12:32.714493Z[0m [34mDEBUG[0m [2methereum_transaction_pool_monitor::eth_client[0m[2m:[0m ✅ Transaction 0xd15d3dd6ee742de849e8009169f79045ecb1cafa7e043a6877b9a2966c2d1c96 fetched and parsed in 75.819792ms
[2m2025-12-10T10:12:32.714515Z[0m [34mDEBUG[0m [2methereum_transaction_pool_monitor::mempool_monitor[0m[2m:[0m 🔍 Skipping tx 0xd15d3dd6ee742de849e8009169f79045ecb1cafa7e043a6877b9a2966c2d1c96 - not a DEX interaction (target: 0x3B4D794a66304F130a4Db8F2551B0070dfCf5ca7)
[2m2025-12-10T10:12:32.714526Z[0m [34mDEBUG[0m [2methereum_transaction_pool_monitor::mempool_monitor[0m[2m:[0m 📨 Processing new pending transaction: 0xccf1b8f1e3bbdcdd159ac8bf9a8c4972bedaef7608bea048bdcd497343adc8b7
[2m2025-12-10T10:12:32.714533Z[0m [34mDEBUG[0m [2methereum_transaction_pool_monitor::mempool_monitor[0m[2m:[0m 🔍 Fetching transaction details for: 0xccf1b8f1e3bbdcdd159ac8bf9a8c4972bedaef7608bea048bdcd497343adc8b7
[2m2025-12-10T10:12:32.714538Z[0m [34mDEBUG[0m [2methereum_transaction_pool_monitor::eth_client[0m[2m:[0m 🔍 Fetching transaction details for hash: 0xccf1b8f1e3bbdcdd159ac8bf9a8c4972bedaef7608bea048bdcd497343adc8b7
[2m2025-12-10T10:12:32.714555Z[0m [34mDEBUG[0m [2mhyper::client::pool[0m[2m:[0m reuse idle connection for ("http", 192.168.0.14:8545)
[2m2025-12-10T10:12:32.714596Z[0m [34mDEBUG[0m [2mhyper::proto::h1::io[0m[2m:[0m flushed 250 bytes
[2m2025-12-10T10:12:32.714620Z[0m [34mDEBUG[0m [2methereum_transaction_pool_monitor::eth_client[0m[2m:[0m 📨 Received WebSocket message: {"jsonrpc":"2.0","method":"eth_subscription","params":{"subscription":"0xbed0a0851463e895960a451075a301a9","result":"0x2bf257c3b5d8519bbf42eaeb9e2386950bf314939ca24c8ba21362ab376bc2fc"}}
[2m2025-12-10T10:12:32.714624Z[0m [34mDEBUG[0m [2mhyper::proto::h1::io[0m[2m:[0m parsed 4 headers
[2m2025-12-10T10:12:32.714627Z[0m [34mDEBUG[0m [2methereum_transaction_pool_monitor::eth_client[0m[2m:[0m 📨 Received pending transaction: 0x2bf257c3b5d8519bbf42eaeb9e2386950bf314939ca24c8ba21362ab376bc2fc
[2m2025-12-10T10:12:32.714633Z[0m [34mDEBUG[0m [2mhyper::proto::h1::conn[0m[2m:[0m incoming body is content-length (45 bytes)
[2m2025-12-10T10:12:32.714648Z[0m [34mDEBUG[0m [2mhyper::proto::h1::conn[0m[2m:[0m incoming body completed
[2m2025-12-10T10:12:32.714658Z[0m [34mDEBUG[0m [2mhyper::client::pool[0m[2m:[0m pooling idle connection for ("http", 192.168.0.14:8545)
[2m2025-12-10T10:12:32.714676Z[0m [34mDEBUG[0m [2mhyper::client::pool[0m[2m:[0m reuse idle connection for ("http", 192.168.0.14:8545)
[2m2025-12-10T10:12:32.714696Z[0m [34mDEBUG[0m [2mhyper::proto::h1::io[0m[2m:[0m flushed 172 bytes
[2m2025-12-10T10:12:32.722168Z[0m [34mDEBUG[0m [2mhyper::proto::h1::io[0m[2m:[0m parsed 4 headers
[2m2025-12-10T10:12:32.722175Z[0m [34mDEBUG[0m [2mhyper::proto::h1::conn[0m[2m:[0m incoming body is content-length (45 bytes)
[2m2025-12-10T10:12:32.722180Z[0m [34mDEBUG[0m [2mhyper::proto::h1::conn[0m[2m:[0m incoming body completed
[2m2025-12-10T10:12:32.722186Z[0m [34mDEBUG[0m [2mhyper::client::pool[0m[2m:[0m pooling idle connection for ("http", 192.168.0.14:8545)
[2m2025-12-10T10:12:32.722926Z[0m [34mDEBUG[0m [2mhyper::proto::h1::io[0m[2m:[0m parsed 4 headers
[2m2025-12-10T10:12:32.722944Z[0m [34mDEBUG[0m [2mhyper::proto::h1::conn[0m[2m:[0m incoming body is content-length (778 bytes)
[2m2025-12-10T10:12:32.722948Z[0m [34mDEBUG[0m [2mhyper::proto::h1::conn[0m[2m:[0m incoming body completed
[2m2025-12-10T10:12:32.722965Z[0m [34mDEBUG[0m [2mhyper::client::pool[0m[2m:[0m pooling idle connection for ("http", 192.168.0.14:8545)
[2m2025-12-10T10:12:32.722969Z[0m [34mDEBUG[0m [2methereum_transaction_pool_monitor::eth_client[0m[2m:[0m 📡 Transaction fetch RPC completed in 8.427292ms
[2m2025-12-10T10:12:32.722982Z[0m [34mDEBUG[0m [2methereum_transaction_pool_monitor::eth_client[0m[2m:[0m DeFi transaction detected - Address: 0xdac17f958d2ee523a2206206994597c13d831ec7, Type: Stablecoin, Value: 0 ETH, Gas: 127.50 Gwei
[2m2025-12-10T10:12:32.722998Z[0m [34mDEBUG[0m [2methereum_transaction_pool_monitor::eth_client[0m[2m:[0m ✅ Transaction 0xccf1b8f1e3bbdcdd159ac8bf9a8c4972bedaef7608bea048bdcd497343adc8b7 fetched and parsed in 8.455959ms
[2m2025-12-10T10:12:32.723003Z[0m [34mDEBUG[0m [2methereum_transaction_pool_monitor::mempool_monitor[0m[2m:[0m 🔍 Skipping tx 0xccf1b8f1e3bbdcdd159ac8bf9a8c4972bedaef7608bea048bdcd497343adc8b7 - not a DEX interaction (target: 0xdAC17F958D2ee523a2206206994597C13D831ec7)
[2m2025-12-10T10:12:32.723009Z[0m [34mDEBUG[0m [2methereum_transaction_pool_monitor::mempool_monitor[0m[2m:[0m 📨 Processing new pending transaction: 0x3cc441ab472b587a20264262e63ffea2a220e1b6aa6d6339e8ce7d24f1dd9806
[2m2025-12-10T10:12:32.723013Z[0m [34mDEBUG[0m [2methereum_transaction_pool_monitor::mempool_monitor[0m[2m:[0m 🔍 Fetching transaction details for: 0x3cc441ab472b587a20264262e63ffea2a220e1b6aa6d6339e8ce7d24f1dd9806
[2m2025-12-10T10:12:32.723018Z[0m [34mDEBUG[0m [2methereum_transaction_pool_monitor::eth_client[0m[2m:[0m 🔍 Fetching transaction details for hash: 0x3cc441ab472b587a20264262e63ffea2a220e1b6aa6d6339e8ce7d24f1dd9806
[2m2025-12-10T10:12:32.723031Z[0m [34mDEBUG[0m [2mhyper::client::pool[0m[2m:[0m reuse idle connection for ("http", 192.168.0.14:8545)
[2m2025-12-10T10:12:32.723046Z[0m [34mDEBUG[0m [2mhyper::proto::h1::io[0m[2m:[0m flushed 250 bytes
[2m2025-12-10T10:12:32.763889Z[0m [34mDEBUG[0m [2mhyper::proto::h1::io[0m[2m:[0m parsed 4 headers
[2m2025-12-10T10:12:32.766501Z[0m [34mDEBUG[0m [2mhyper::proto::h1::conn[0m[2m:[0m incoming body is content-length (778 bytes)
[2m2025-12-10T10:12:32.766567Z[0m [34mDEBUG[0m [2mhyper::proto::h1::conn[0m[2m:[0m incoming body completed
[2m2025-12-10T10:12:32.766584Z[0m [34mDEBUG[0m [2mhyper::client::pool[0m[2m:[0m pooling idle connection for ("http", 192.168.0.14:8545)
[2m2025-12-10T10:12:32.766593Z[0m [34mDEBUG[0m [2methereum_transaction_pool_monitor::eth_client[0m[2m:[0m 📡 Transaction fetch RPC completed in 43.567458ms
[2m2025-12-10T10:12:32.832770Z[0m [34mDEBUG[0m [2methereum_transaction_pool_monitor::eth_client[0m[2m:[0m ✅ Transaction 0x3cc441ab472b587a20264262e63ffea2a220e1b6aa6d6339e8ce7d24f1dd9806 fetched and parsed in 109.741708ms
[2m2025-12-10T10:12:32.832790Z[0m [34mDEBUG[0m [2methereum_transaction_pool_monitor::mempool_monitor[0m[2m:[0m 🔍 Skipping tx 0x3cc441ab472b587a20264262e63ffea2a220e1b6aa6d6339e8ce7d24f1dd9806 - not a DEX interaction (target: 0x812Ba41e071C7b7fA4EBcFB62dF5F45f6fA853Ee)
[2m2025-12-10T10:12:32.832798Z[0m [34mDEBUG[0m [2methereum_transaction_pool_monitor::mempool_monitor[0m[2m:[0m 📨 Processing new pending transaction: 0x3e1bd0c25b014f30b5643665c134e3b625e0b40ba9ab684188fe5adcc5c9ed8d
[2m2025-12-10T10:12:32.832802Z[0m [34mDEBUG[0m [2methereum_transaction_pool_monitor::mempool_monitor[0m[2m:[0m 🔍 Fetching transaction details for: 0x3e1bd0c25b014f30b5643665c134e3b625e0b40ba9ab684188fe5adcc5c9ed8d
[2m2025-12-10T10:12:32.832806Z[0m [34mDEBUG[0m [2methereum_transaction_pool_monitor::eth_client[0m[2m:[0m 🔍 Fetching transaction details for hash: 0x3e1bd0c25b014f30b5643665c134e3b625e0b40ba9ab684188fe5adcc5c9ed8d
[2m2025-12-10T10:12:32.832825Z[0m [34mDEBUG[0m [2mhyper::client::pool[0m[2m:[0m reuse idle connection for ("http", 192.168.0.14:8545)
[2m2025-12-10T10:12:32.832863Z[0m [34mDEBUG[0m [2mhyper::proto::h1::io[0m[2m:[0m flushed 250 bytes
[2m2025-12-10T10:12:32.832881Z[0m [34mDEBUG[0m [2mhyper::client::pool[0m[2m:[0m reuse idle connection for ("http", 192.168.0.14:8545)
[2m2025-12-10T10:12:32.832895Z[0m [34mDEBUG[0m [2mhyper::proto::h1::io[0m[2m:[0m flushed 172 bytes
[2m2025-12-10T10:12:32.832897Z[0m [34mDEBUG[0m [2methereum_transaction_pool_monitor::eth_client[0m[2m:[0m 📨 Received WebSocket message: {"jsonrpc":"2.0","method":"eth_subscription","params":{"subscription":"0xbed0a0851463e895960a451075a301a9","result":"0xab368d066f50f4e613679295e7a52e8a2a55b8b04a0773b672bee795238c372a"}}
[2m2025-12-10T10:12:32.832908Z[0m [34mDEBUG[0m [2methereum_transaction_pool_monitor::eth_client[0m[2m:[0m 📨 Received pending transaction: 0xab368d066f50f4e613679295e7a52e8a2a55b8b04a0773b672bee795238c372a
[2m2025-12-10T10:12:32.832913Z[0m [34mDEBUG[0m [2methereum_transaction_pool_monitor::eth_client[0m[2m:[0m 📨 Received WebSocket message: {"jsonrpc":"2.0","method":"eth_subscription","params":{"subscription":"0xbed0a0851463e895960a451075a301a9","result":"0xf1424bceca8d4531318b032e717bd91374ec395eeb02c8a274d37b15c3994fdc"}}
[2m2025-12-10T10:12:32.832918Z[0m [34mDEBUG[0m [2methereum_transaction_pool_monitor::eth_client[0m[2m:[0m 📨 Received pending transaction: 0xf1424bceca8d4531318b032e717bd91374ec395eeb02c8a274d37b15c3994fdc
[2m2025-12-10T10:12:32.839430Z[0m [34mDEBUG[0m [2mhyper::proto::h1::io[0m[2m:[0m parsed 4 headers
[2m2025-12-10T10:12:32.839438Z[0m [34mDEBUG[0m [2mhyper::proto::h1::conn[0m[2m:[0m incoming body is content-length (778 bytes)
[2m2025-12-10T10:12:32.839447Z[0m [34mDEBUG[0m [2mhyper::proto::h1::conn[0m[2m:[0m incoming body completed
[2m2025-12-10T10:12:32.839455Z[0m [34mDEBUG[0m [2mhyper::client::pool[0m[2m:[0m pooling idle connection for ("http", 192.168.0.14:8545)
[2m2025-12-10T10:12:32.839461Z[0m [34mDEBUG[0m [2methereum_transaction_pool_monitor::eth_client[0m[2m:[0m 📡 Transaction fetch RPC completed in 6.651667ms
[2m2025-12-10T10:12:32.839473Z[0m [34mDEBUG[0m [2methereum_transaction_pool_monitor::eth_client[0m[2m:[0m DeFi transaction detected - Address: 0xdac17f958d2ee523a2206206994597c13d831ec7, Type: Stablecoin, Value: 0 ETH, Gas: 127.50 Gwei
[2m2025-12-10T10:12:32.839486Z[0m [34mDEBUG[0m [2methereum_transaction_pool_monitor::eth_client[0m[2m:[0m ✅ Transaction 0x3e1bd0c25b014f30b5643665c134e3b625e0b40ba9ab684188fe5adcc5c9ed8d fetched and parsed in 6.676084ms
[2m2025-12-10T10:12:32.839491Z[0m [34mDEBUG[0m [2methereum_transaction_pool_monitor::mempool_monitor[0m[2m:[0m 🔍 Skipping tx 0x3e1bd0c25b014f30b5643665c134e3b625e0b40ba9ab684188fe5adcc5c9ed8d - not a DEX interaction (target: 0xdAC17F958D2ee523a2206206994597C13D831ec7)
[2m2025-12-10T10:12:32.839497Z[0m [34mDEBUG[0m [2methereum_transaction_pool_monitor::mempool_monitor[0m[2m:[0m 📨 Processing new pending transaction: 0xb97dbd5b2d62c4333f295017bc875b77f1c174f7b1650e73d35badbb10e9f113
[2m2025-12-10T10:12:32.839501Z[0m [34mDEBUG[0m [2methereum_transaction_pool_monitor::mempool_monitor[0m[2m:[0m 🔍 Fetching transaction details for: 0xb97dbd5b2d62c4333f295017bc875b77f1c174f7b1650e73d35badbb10e9f113
[2m2025-12-10T10:12:32.839505Z[0m [34mDEBUG[0m [2methereum_transaction_pool_monitor::eth_client[0m[2m:[0m 🔍 Fetching transaction details for hash: 0xb97dbd5b2d62c4333f295017bc875b77f1c174f7b1650e73d35badbb10e9f113
[2m2025-12-10T10:12:32.839514Z[0m [34mDEBUG[0m [2mhyper::client::pool[0m[2m:[0m reuse idle connection for ("http", 192.168.0.14:8545)
[2m2025-12-10T10:12:32.839533Z[0m [34mDEBUG[0m [2mhyper::proto::h1::io[0m[2m:[0m flushed 250 bytes
[2m2025-12-10T10:12:32.839990Z[0m [34mDEBUG[0m [2mhyper::proto::h1::io[0m[2m:[0m parsed 4 headers
[2m2025-12-10T10:12:32.839996Z[0m [34mDEBUG[0m [2mhyper::proto::h1::conn[0m[2m:[0m incoming body is content-length (45 bytes)
[2m2025-12-10T10:12:32.840001Z[0m [34mDEBUG[0m [2mhyper::proto::h1::conn[0m[2m:[0m incoming body completed
[2m2025-12-10T10:12:32.840007Z[0m [34mDEBUG[0m [2mhyper::client::pool[0m[2m:[0m pooling idle connection for ("http", 192.168.0.14:8545)
[2m2025-12-10T10:12:32.844423Z[0m [34mDEBUG[0m [2mhyper::proto::h1::io[0m[2m:[0m parsed 4 headers
[2m2025-12-10T10:12:32.844429Z[0m [34mDEBUG[0m [2mhyper::proto::h1::conn[0m[2m:[0m incoming body is content-length (656 bytes)
[2m2025-12-10T10:12:32.844434Z[0m [34mDEBUG[0m [2mhyper::proto::h1::conn[0m[2m:[0m incoming body completed
[2m2025-12-10T10:12:32.844439Z[0m [34mDEBUG[0m [2mhyper::client::pool[0m[2m:[0m pooling idle connection for ("http", 192.168.0.14:8545)
[2m2025-12-10T10:12:32.844444Z[0m [34mDEBUG[0m [2methereum_transaction_pool_monitor::eth_client[0m[2m:[0m 📡 Transaction fetch RPC completed in 4.935917ms
[2m2025-12-10T10:12:32.912906Z[0m [34mDEBUG[0m [2methereum_transaction_pool_monitor::eth_client[0m[2m:[0m ✅ Transaction 0xb97dbd5b2d62c4333f295017bc875b77f1c174f7b1650e73d35badbb10e9f113 fetched and parsed in 73.395417ms
[2m2025-12-10T10:12:32.912931Z[0m [34mDEBUG[0m [2methereum_transaction_pool_monitor::mempool_monitor[0m[2m:[0m 🔍 Skipping tx 0xb97dbd5b2d62c4333f295017bc875b77f1c174f7b1650e73d35badbb10e9f113 - not a DEX interaction (target: 0xc310a55bdD85F29e1c5f8C550977777f8F8BB027)
[2m2025-12-10T10:12:32.912941Z[0m [34mDEBUG[0m [2methereum_transaction_pool_monitor::mempool_monitor[0m[2m:[0m 📨 Processing new pending transaction: 0x46a602be0f6c8e47f0dd084e3f4525b6dde7339d16f74bfb51c1b1979d0ab2ef
[2m2025-12-10T10:12:32.912945Z[0m [34mDEBUG[0m [2methereum_transaction_pool_monitor::mempool_monitor[0m[2m:[0m 🔍 Fetching transaction details for: 0x46a602be0f6c8e47f0dd084e3f4525b6dde7339d16f74bfb51c1b1979d0ab2ef
[2m2025-12-10T10:12:32.912949Z[0m [34mDEBUG[0m [2methereum_transaction_pool_monitor::eth_client[0m[2m:[0m 🔍 Fetching transaction details for hash: 0x46a602be0f6c8e47f0dd084e3f4525b6dde7339d16f74bfb51c1b1979d0ab2ef
[2m2025-12-10T10:12:32.912969Z[0m [34mDEBUG[0m [2mhyper::client::pool[0m[2m:[0m reuse idle connection for ("http", 192.168.0.14:8545)
[2m2025-12-10T10:12:32.913014Z[0m [34mDEBUG[0m [2mhyper::proto::h1::io[0m[2m:[0m flushed 250 bytes
[2m2025-12-10T10:12:32.913035Z[0m [34mDEBUG[0m [2mhyper::client::pool[0m[2m:[0m reuse idle connection for ("http", 192.168.0.14:8545)
[2m2025-12-10T10:12:32.913048Z[0m [34mDEBUG[0m [2mhyper::proto::h1::io[0m[2m:[0m flushed 172 bytes
[2m2025-12-10T10:12:32.913048Z[0m [34mDEBUG[0m [2methereum_transaction_pool_monitor::eth_client[0m[2m:[0m 📨 Received WebSocket message: {"jsonrpc":"2.0","method":"eth_subscription","params":{"subscription":"0xbed0a0851463e895960a451075a301a9","result":"0xfd75762f9216f8df5a00542e17a295eb7aec1bb9f56dc9ec6ae44be92a0de14d"}}
[2m2025-12-10T10:12:32.913060Z[0m [34mDEBUG[0m [2methereum_transaction_pool_monitor::eth_client[0m[2m:[0m 📨 Received pending transaction: 0xfd75762f9216f8df5a00542e17a295eb7aec1bb9f56dc9ec6ae44be92a0de14d
[2m2025-12-10T10:12:32.919291Z[0m [34mDEBUG[0m [2mhyper::proto::h1::io[0m[2m:[0m parsed 4 headers
[2m2025-12-10T10:12:32.919298Z[0m [34mDEBUG[0m [2mhyper::proto::h1::conn[0m[2m:[0m incoming body is content-length (1731 bytes)
[2m2025-12-10T10:12:32.919306Z[0m [34mDEBUG[0m [2mhyper::proto::h1::conn[0m[2m:[0m incoming body completed
[2m2025-12-10T10:12:32.919314Z[0m [34mDEBUG[0m [2mhyper::client::pool[0m[2m:[0m pooling idle connection for ("http", 192.168.0.14:8545)
[2m2025-12-10T10:12:32.919321Z[0m [34mDEBUG[0m [2methereum_transaction_pool_monitor::eth_client[0m[2m:[0m 📡 Transaction fetch RPC completed in 6.367917ms
[2m2025-12-10T10:12:32.988342Z[0m [34mDEBUG[0m [2methereum_transaction_pool_monitor::eth_client[0m[2m:[0m ✅ Transaction 0x46a602be0f6c8e47f0dd084e3f4525b6dde7339d16f74bfb51c1b1979d0ab2ef fetched and parsed in 75.387084ms
[2m2025-12-10T10:12:32.988365Z[0m [34mDEBUG[0m [2methereum_transaction_pool_monitor::mempool_monitor[0m[2m:[0m 🔍 Skipping tx 0x46a602be0f6c8e47f0dd084e3f4525b6dde7339d16f74bfb51c1b1979d0ab2ef - not a DEX interaction (target: 0x601a2aD6CB5949f0529735254189Ba3194221EDF)
[2m2025-12-10T10:12:32.988374Z[0m [34mDEBUG[0m [2methereum_transaction_pool_monitor::mempool_monitor[0m[2m:[0m 📨 Processing new pending transaction: 0x68947796e6553134b9ef07a701f88ce55181a4f5893aa6adea7454d9338dd5bc
[2m2025-12-10T10:12:32.988378Z[0m [34mDEBUG[0m [2methereum_transaction_pool_monitor::mempool_monitor[0m[2m:[0m 🔍 Fetching transaction details for: 0x68947796e6553134b9ef07a701f88ce55181a4f5893aa6adea7454d9338dd5bc
[2m2025-12-10T10:12:32.988382Z[0m [34mDEBUG[0m [2methereum_transaction_pool_monitor::eth_client[0m[2m:[0m 🔍 Fetching transaction details for hash: 0x68947796e6553134b9ef07a701f88ce55181a4f5893aa6adea7454d9338dd5bc
[2m2025-12-10T10:12:32.988399Z[0m [34mDEBUG[0m [2mhyper::client::pool[0m[2m:[0m reuse idle connection for ("http", 192.168.0.14:8545)
[2m2025-12-10T10:12:32.988441Z[0m [34mDEBUG[0m [2mhyper::proto::h1::io[0m[2m:[0m flushed 250 bytes
[2m2025-12-10T10:12:32.988456Z[0m [34mDEBUG[0m [2mhyper::proto::h1::io[0m[2m:[0m parsed 4 headers
[2m2025-12-10T10:12:32.988459Z[0m [34mDEBUG[0m [2mhyper::proto::h1::conn[0m[2m:[0m incoming body is content-length (45 bytes)
[2m2025-12-10T10:12:32.988466Z[0m [34mDEBUG[0m [2mhyper::proto::h1::conn[0m[2m:[0m incoming body completed
[2m2025-12-10T10:12:32.988473Z[0m [34mDEBUG[0m [2mhyper::client::pool[0m[2m:[0m pooling idle connection for ("http", 192.168.0.14:8545)
[2m2025-12-10T10:12:32.991326Z[0m [34mDEBUG[0m [2mhyper::proto::h1::io[0m[2m:[0m parsed 4 headers
[2m2025-12-10T10:12:32.993479Z[0m [34mDEBUG[0m [2mhyper::proto::h1::conn[0m[2m:[0m incoming body is content-length (830 bytes)
[2m2025-12-10T10:12:32.993485Z[0m [34mDEBUG[0m [2mhyper::proto::h1::conn[0m[2m:[0m incoming body completed
[2m2025-12-10T10:12:32.993493Z[0m [34mDEBUG[0m [2mhyper::client::pool[0m[2m:[0m pooling idle connection for ("http", 192.168.0.14:8545)
[2m2025-12-10T10:12:32.993500Z[0m [34mDEBUG[0m [2methereum_transaction_pool_monitor::eth_client[0m[2m:[0m 📡 Transaction fetch RPC completed in 5.114167ms
[2m2025-12-10T10:12:33.062525Z[0m [34mDEBUG[0m [2methereum_transaction_pool_monitor::eth_client[0m[2m:[0m ✅ Transaction 0x68947796e6553134b9ef07a701f88ce55181a4f5893aa6adea7454d9338dd5bc fetched and parsed in 74.137125ms
[2m2025-12-10T10:12:33.062545Z[0m [34mDEBUG[0m [2methereum_transaction_pool_monitor::mempool_monitor[0m[2m:[0m 🔍 Skipping tx 0x68947796e6553134b9ef07a701f88ce55181a4f5893aa6adea7454d9338dd5bc - not a DEX interaction (target: 0x3B4D794a66304F130a4Db8F2551B0070dfCf5ca7)
[2m2025-12-10T10:12:33.062553Z[0m [34mDEBUG[0m [2methereum_transaction_pool_monitor::mempool_monitor[0m[2m:[0m 📨 Processing new pending transaction: 0x25d6f04b8f788425a55fcc832df6fa666197762a83c8fde8447547563560ef15
[2m2025-12-10T10:12:33.062558Z[0m [34mDEBUG[0m [2methereum_transaction_pool_monitor::mempool_monitor[0m[2m:[0m 🔍 Fetching transaction details for: 0x25d6f04b8f788425a55fcc832df6fa666197762a83c8fde8447547563560ef15
[2m2025-12-10T10:12:33.062562Z[0m [34mDEBUG[0m [2methereum_transaction_pool_monitor::eth_client[0m[2m:[0m 🔍 Fetching transaction details for hash: 0x25d6f04b8f788425a55fcc832df6fa666197762a83c8fde8447547563560ef15
[2m2025-12-10T10:12:33.062578Z[0m [34mDEBUG[0m [2mhyper::client::pool[0m[2m:[0m reuse idle connection for ("http", 192.168.0.14:8545)
[2m2025-12-10T10:12:33.062625Z[0m [34mDEBUG[0m [2mhyper::proto::h1::io[0m[2m:[0m flushed 250 bytes
[2m2025-12-10T10:12:33.062652Z[0m [34mDEBUG[0m [2mhyper::client::pool[0m[2m:[0m reuse idle connection for ("http", 192.168.0.14:8545)
[2m2025-12-10T10:12:33.062666Z[0m [34mDEBUG[0m [2mhyper::proto::h1::io[0m[2m:[0m flushed 172 bytes
[2m2025-12-10T10:12:33.066279Z[0m [34mDEBUG[0m [2mhyper::proto::h1::io[0m[2m:[0m parsed 4 headers
[2m2025-12-10T10:12:33.066286Z[0m [34mDEBUG[0m [2mhyper::proto::h1::conn[0m[2m:[0m incoming body is content-length (551 bytes)
[2m2025-12-10T10:12:33.066292Z[0m [34mDEBUG[0m [2mhyper::proto::h1::conn[0m[2m:[0m incoming body completed
[2m2025-12-10T10:12:33.066300Z[0m [34mDEBUG[0m [2mhyper::client::pool[0m[2m:[0m pooling idle connection for ("http", 192.168.0.14:8545)
[2m2025-12-10T10:12:33.066306Z[0m [34mDEBUG[0m [2methereum_transaction_pool_monitor::eth_client[0m[2m:[0m 📡 Transaction fetch RPC completed in 3.740375ms
[2m2025-12-10T10:12:33.134184Z[0m [34mDEBUG[0m [2methereum_transaction_pool_monitor::eth_client[0m[2m:[0m ✅ Transaction 0x25d6f04b8f788425a55fcc832df6fa666197762a83c8fde8447547563560ef15 fetched and parsed in 71.615791ms
[2m2025-12-10T10:12:33.134205Z[0m [34mDEBUG[0m [2methereum_transaction_pool_monitor::mempool_monitor[0m[2m:[0m 🔍 Skipping tx 0x25d6f04b8f788425a55fcc832df6fa666197762a83c8fde8447547563560ef15 - not a DEX interaction (target: 0x4E5B2e1dc63F6b91cb6Cd759936495434C7e972F)
[2m2025-12-10T10:12:33.134214Z[0m [34mDEBUG[0m [2methereum_transaction_pool_monitor::mempool_monitor[0m[2m:[0m 📨 Processing new pending transaction: 0xb6281159552ecc0acc88eddb993838218d73378d1678f877b80eb3ced66b3bca
[2m2025-12-10T10:12:33.134218Z[0m [34mDEBUG[0m [2methereum_transaction_pool_monitor::mempool_monitor[0m[2m:[0m 🔍 Fetching transaction details for: 0xb6281159552ecc0acc88eddb993838218d73378d1678f877b80eb3ced66b3bca
[2m2025-12-10T10:12:33.134222Z[0m [34mDEBUG[0m [2methereum_transaction_pool_monitor::eth_client[0m[2m:[0m 🔍 Fetching transaction details for hash: 0xb6281159552ecc0acc88eddb993838218d73378d1678f877b80eb3ced66b3bca
[2m2025-12-10T10:12:33.134241Z[0m [34mDEBUG[0m [2mhyper::client::pool[0m[2m:[0m reuse idle connection for ("http", 192.168.0.14:8545)
[2m2025-12-10T10:12:33.134286Z[0m [34mDEBUG[0m [2mhyper::proto::h1::io[0m[2m:[0m flushed 250 bytes
[2m2025-12-10T10:12:33.134308Z[0m [34mDEBUG[0m [2methereum_transaction_pool_monitor::eth_client[0m[2m:[0m 📨 Received WebSocket message: {"jsonrpc":"2.0","method":"eth_subscription","params":{"subscription":"0xbed0a0851463e895960a451075a301a9","result":"0x18d78cb49589571243842c206165321004fab5d75c033026e89645d7143947ce"}}
[2m2025-12-10T10:12:33.134313Z[0m [34mDEBUG[0m [2mhyper::proto::h1::io[0m[2m:[0m parsed 4 headers
[2m2025-12-10T10:12:33.134547Z[0m [34mDEBUG[0m [2methereum_transaction_pool_monitor::eth_client[0m[2m:[0m 📨 Received pending transaction: 0x18d78cb49589571243842c206165321004fab5d75c033026e89645d7143947ce
[2m2025-12-10T10:12:33.134552Z[0m [34mDEBUG[0m [2mhyper::proto::h1::conn[0m[2m:[0m incoming body is content-length (45 bytes)
[2m2025-12-10T10:12:33.134561Z[0m [34mDEBUG[0m [2mhyper::proto::h1::conn[0m[2m:[0m incoming body completed
[2m2025-12-10T10:12:33.134569Z[0m [34mDEBUG[0m [2mhyper::client::pool[0m[2m:[0m pooling idle connection for ("http", 192.168.0.14:8545)
[2m2025-12-10T10:12:33.134588Z[0m [34mDEBUG[0m [2mhyper::client::pool[0m[2m:[0m reuse idle connection for ("http", 192.168.0.14:8545)
[2m2025-12-10T10:12:33.134603Z[0m [34mDEBUG[0m [2mhyper::proto::h1::io[0m[2m:[0m flushed 172 bytes
[2m2025-12-10T10:12:33.139493Z[0m [34mDEBUG[0m [2mhyper::proto::h1::io[0m[2m:[0m parsed 4 headers
[2m2025-12-10T10:12:33.139535Z[0m [34mDEBUG[0m [2mhyper::proto::h1::conn[0m[2m:[0m incoming body is content-length (655 bytes)
[2m2025-12-10T10:12:33.139550Z[0m [34mDEBUG[0m [2mhyper::proto::h1::conn[0m[2m:[0m incoming body completed
[2m2025-12-10T10:12:33.139567Z[0m [34mDEBUG[0m [2mhyper::client::pool[0m[2m:[0m pooling idle connection for ("http", 192.168.0.14:8545)
[2m2025-12-10T10:12:33.139581Z[0m [34mDEBUG[0m [2methereum_transaction_pool_monitor::eth_client[0m[2m:[0m 📡 Transaction fetch RPC completed in 5.354292ms
[2m2025-12-10T10:12:33.211166Z[0m [34mDEBUG[0m [2methereum_transaction_pool_monitor::eth_client[0m[2m:[0m ✅ Transaction 0xb6281159552ecc0acc88eddb993838218d73378d1678f877b80eb3ced66b3bca fetched and parsed in 76.936583ms
[2m2025-12-10T10:12:33.211185Z[0m [34mDEBUG[0m [2methereum_transaction_pool_monitor::mempool_monitor[0m[2m:[0m 🔍 Skipping tx 0xb6281159552ecc0acc88eddb993838218d73378d1678f877b80eb3ced66b3bca - not a DEX interaction (target: 0x139dBfaa225789Adf6Ed2E381Bb5F355eDc4e1Cf)
[2m2025-12-10T10:12:33.211194Z[0m [34mDEBUG[0m [2methereum_transaction_pool_monitor::mempool_monitor[0m[2m:[0m 📨 Processing new pending transaction: 0xdfbca6465e4a00874b90dddcb94de57f7cbed13d2af8a005241f2074856748be
[2m2025-12-10T10:12:33.211199Z[0m [34mDEBUG[0m [2methereum_transaction_pool_monitor::mempool_monitor[0m[2m:[0m 🔍 Fetching transaction details for: 0xdfbca6465e4a00874b90dddcb94de57f7cbed13d2af8a005241f2074856748be
[2m2025-12-10T10:12:33.211202Z[0m [34mDEBUG[0m [2methereum_transaction_pool_monitor::eth_client[0m[2m:[0m 🔍 Fetching transaction details for hash: 0xdfbca6465e4a00874b90dddcb94de57f7cbed13d2af8a005241f2074856748be
[2m2025-12-10T10:12:33.211220Z[0m [34mDEBUG[0m [2mhyper::client::pool[0m[2m:[0m reuse idle connection for ("http", 192.168.0.14:8545)
[2m2025-12-10T10:12:33.211248Z[0m [34mDEBUG[0m [2mhyper::proto::h1::io[0m[2m:[0m flushed 250 bytes
[2m2025-12-10T10:12:33.211269Z[0m [34mDEBUG[0m [2methereum_transaction_pool_monitor::eth_client[0m[2m:[0m 📨 Received WebSocket message: {"jsonrpc":"2.0","method":"eth_subscription","params":{"subscription":"0xbed0a0851463e895960a451075a301a9","result":"0x17d1a68adce02e2eadaf8b724702f2add5d968c4dfaa6afa9c2a0e84c89d6293"}}
[2m2025-12-10T10:12:33.211274Z[0m [34mDEBUG[0m [2mhyper::proto::h1::io[0m[2m:[0m parsed 4 headers
[2m2025-12-10T10:12:33.211277Z[0m [34mDEBUG[0m [2methereum_transaction_pool_monitor::eth_client[0m[2m:[0m 📨 Received pending transaction: 0x17d1a68adce02e2eadaf8b724702f2add5d968c4dfaa6afa9c2a0e84c89d6293
[2m2025-12-10T10:12:33.211283Z[0m [34mDEBUG[0m [2mhyper::proto::h1::conn[0m[2m:[0m incoming body is content-length (45 bytes)
[2m2025-12-10T10:12:33.211293Z[0m [34mDEBUG[0m [2mhyper::proto::h1::conn[0m[2m:[0m incoming body completed
[2m2025-12-10T10:12:33.211300Z[0m [34mDEBUG[0m [2mhyper::client::pool[0m[2m:[0m pooling idle connection for ("http", 192.168.0.14:8545)
[2m2025-12-10T10:12:33.211313Z[0m [34mDEBUG[0m [2mhyper::client::pool[0m[2m:[0m reuse idle connection for ("http", 192.168.0.14:8545)
[2m2025-12-10T10:12:33.211329Z[0m [34mDEBUG[0m [2mhyper::proto::h1::io[0m[2m:[0m flushed 172 bytes
[2m2025-12-10T10:12:33.213634Z[0m [34mDEBUG[0m [2methereum_transaction_pool_monitor::eth_client[0m[2m:[0m 📨 Received WebSocket message: {"jsonrpc":"2.0","method":"eth_subscription","params":{"subscription":"0xbed0a0851463e895960a451075a301a9","result":"0x7e7e991e1bd57f5eb050bae634515a22698bf7d880c1e2615fe8ad8d8db55bc7"}}
[2m2025-12-10T10:12:33.213765Z[0m [34mDEBUG[0m [2methereum_transaction_pool_monitor::eth_client[0m[2m:[0m 📨 Received pending transaction: 0x7e7e991e1bd57f5eb050bae634515a22698bf7d880c1e2615fe8ad8d8db55bc7
[2m2025-12-10T10:12:33.215546Z[0m [34mDEBUG[0m [2mhyper::proto::h1::io[0m[2m:[0m parsed 4 headers
[2m2025-12-10T10:12:33.218536Z[0m [34mDEBUG[0m [2mhyper::proto::h1::conn[0m[2m:[0m incoming body is content-length (776 bytes)
[2m2025-12-10T10:12:33.218547Z[0m [34mDEBUG[0m [2mhyper::proto::h1::conn[0m[2m:[0m incoming body completed
[2m2025-12-10T10:12:33.218557Z[0m [34mDEBUG[0m [2mhyper::client::pool[0m[2m:[0m pooling idle connection for ("http", 192.168.0.14:8545)
[2m2025-12-10T10:12:33.218563Z[0m [34mDEBUG[0m [2methereum_transaction_pool_monitor::eth_client[0m[2m:[0m 📡 Transaction fetch RPC completed in 7.357417ms
[2m2025-12-10T10:12:33.218578Z[0m [34mDEBUG[0m [2methereum_transaction_pool_monitor::eth_client[0m[2m:[0m DeFi transaction detected - Address: 0xdac17f958d2ee523a2206206994597c13d831ec7, Type: Stablecoin, Value: 0 ETH, Gas: 127.50 Gwei
[2m2025-12-10T10:12:33.218590Z[0m [34mDEBUG[0m [2methereum_transaction_pool_monitor::eth_client[0m[2m:[0m ✅ Transaction 0xdfbca6465e4a00874b90dddcb94de57f7cbed13d2af8a005241f2074856748be fetched and parsed in 7.383917ms
[2m2025-12-10T10:12:33.218598Z[0m [34mDEBUG[0m [2methereum_transaction_pool_monitor::mempool_monitor[0m[2m:[0m 🔍 Skipping tx 0xdfbca6465e4a00874b90dddcb94de57f7cbed13d2af8a005241f2074856748be - not a DEX interaction (target: 0xdAC17F958D2ee523a2206206994597C13D831ec7)
[2m2025-12-10T10:12:33.218604Z[0m [34mDEBUG[0m [2methereum_transaction_pool_monitor::mempool_monitor[0m[2m:[0m 📨 Processing new pending transaction: 0x81f4a89dab40e2aa93855eea9bd618f4ce7f16a3af7a40f16852615f31d3e1ca
[2m2025-12-10T10:12:33.218610Z[0m [34mDEBUG[0m [2methereum_transaction_pool_monitor::mempool_monitor[0m[2m:[0m 🔍 Fetching transaction details for: 0x81f4a89dab40e2aa93855eea9bd618f4ce7f16a3af7a40f16852615f31d3e1ca
[2m2025-12-10T10:12:33.218617Z[0m [34mDEBUG[0m [2methereum_transaction_pool_monitor::eth_client[0m[2m:[0m 🔍 Fetching transaction details for hash: 0x81f4a89dab40e2aa93855eea9bd618f4ce7f16a3af7a40f16852615f31d3e1ca
[2m2025-12-10T10:12:33.218624Z[0m [34mDEBUG[0m [2mhyper::client::pool[0m[2m:[0m reuse idle connection for ("http", 192.168.0.14:8545)
[2m2025-12-10T10:12:33.218642Z[0m [34mDEBUG[0m [2mhyper::proto::h1::io[0m[2m:[0m flushed 250 bytes
[2m2025-12-10T10:12:33.218651Z[0m [34mDEBUG[0m [2mhyper::proto::h1::io[0m[2m:[0m parsed 4 headers
[2m2025-12-10T10:12:33.218655Z[0m [34mDEBUG[0m [2mhyper::proto::h1::conn[0m[2m:[0m incoming body is content-length (45 bytes)
[2m2025-12-10T10:12:33.218661Z[0m [34mDEBUG[0m [2mhyper::proto::h1::conn[0m[2m:[0m incoming body completed
[2m2025-12-10T10:12:33.218667Z[0m [34mDEBUG[0m [2mhyper::client::pool[0m[2m:[0m pooling idle connection for ("http", 192.168.0.14:8545)
[2m2025-12-10T10:12:33.222642Z[0m [34mDEBUG[0m [2mhyper::proto::h1::io[0m[2m:[0m parsed 4 headers
[2m2025-12-10T10:12:33.222650Z[0m [34mDEBUG[0m [2mhyper::proto::h1::conn[0m[2m:[0m incoming body is content-length (828 bytes)
[2m2025-12-10T10:12:33.222654Z[0m [34mDEBUG[0m [2mhyper::proto::h1::conn[0m[2m:[0m incoming body completed
[2m2025-12-10T10:12:33.222659Z[0m [34mDEBUG[0m [2mhyper::client::pool[0m[2m:[0m pooling idle connection for ("http", 192.168.0.14:8545)
[2m2025-12-10T10:12:33.222664Z[0m [34mDEBUG[0m [2methereum_transaction_pool_monitor::eth_client[0m[2m:[0m 📡 Transaction fetch RPC completed in 4.043375ms
[2m2025-12-10T10:12:33.289290Z[0m [34mDEBUG[0m [2methereum_transaction_pool_monitor::eth_client[0m[2m:[0m ✅ Transaction 0x81f4a89dab40e2aa93855eea9bd618f4ce7f16a3af7a40f16852615f31d3e1ca fetched and parsed in 70.667458ms
[2m2025-12-10T10:12:33.289307Z[0m [34mDEBUG[0m [2methereum_transaction_pool_monitor::mempool_monitor[0m[2m:[0m 🔍 Skipping tx 0x81f4a89dab40e2aa93855eea9bd618f4ce7f16a3af7a40f16852615f31d3e1ca - not a DEX interaction (target: 0x7a01AB844767469e321109D0b465ABaF1E774d26)
[2m2025-12-10T10:12:33.289316Z[0m [34mDEBUG[0m [2methereum_transaction_pool_monitor::mempool_monitor[0m[2m:[0m 📨 Processing new pending transaction: 0x2b9c5d5113f9f9be6bc889de5b7290d4f732969f5b475bac352ea91e74d13390
[2m2025-12-10T10:12:33.289320Z[0m [34mDEBUG[0m [2methereum_transaction_pool_monitor::mempool_monitor[0m[2m:[0m 🔍 Fetching transaction details for: 0x2b9c5d5113f9f9be6bc889de5b7290d4f732969f5b475bac352ea91e74d13390
[2m2025-12-10T10:12:33.289323Z[0m [34mDEBUG[0m [2methereum_transaction_pool_monitor::eth_client[0m[2m:[0m 🔍 Fetching transaction details for hash: 0x2b9c5d5113f9f9be6bc889de5b7290d4f732969f5b475bac352ea91e74d13390
[2m2025-12-10T10:12:33.289339Z[0m [34mDEBUG[0m [2mhyper::client::pool[0m[2m:[0m reuse idle connection for ("http", 192.168.0.14:8545)
[2m2025-12-10T10:12:33.289368Z[0m [34mDEBUG[0m [2mhyper::proto::h1::io[0m[2m:[0m flushed 250 bytes
[2m2025-12-10T10:12:33.292832Z[0m [34mDEBUG[0m [2methereum_transaction_pool_monitor::eth_client[0m[2m:[0m 📨 Received WebSocket message: {"jsonrpc":"2.0","method":"eth_subscription","params":{"subscription":"0xbed0a0851463e895960a451075a301a9","result":"0xea38252afca1c7ba8f6dd1c8b2ec3d8189861b0d468e6174505d00693dfbc35f"}}
[2m2025-12-10T10:12:33.292843Z[0m [34mDEBUG[0m [2methereum_transaction_pool_monitor::eth_client[0m[2m:[0m 📨 Received pending transaction: 0xea38252afca1c7ba8f6dd1c8b2ec3d8189861b0d468e6174505d00693dfbc35f
[2m2025-12-10T10:12:33.294109Z[0m [34mDEBUG[0m [2mhyper::proto::h1::io[0m[2m:[0m parsed 4 headers
[2m2025-12-10T10:12:33.294114Z[0m [34mDEBUG[0m [2mhyper::proto::h1::conn[0m[2m:[0m incoming body is content-length (830 bytes)
[2m2025-12-10T10:12:33.294120Z[0m [34mDEBUG[0m [2mhyper::proto::h1::conn[0m[2m:[0m incoming body completed
[2m2025-12-10T10:12:33.294127Z[0m [34mDEBUG[0m [2mhyper::client::pool[0m[2m:[0m pooling idle connection for ("http", 192.168.0.14:8545)
[2m2025-12-10T10:12:33.294133Z[0m [34mDEBUG[0m [2methereum_transaction_pool_monitor::eth_client[0m[2m:[0m 📡 Transaction fetch RPC completed in 4.806291ms
[2m2025-12-10T10:12:33.361207Z[0m [34mDEBUG[0m [2methereum_transaction_pool_monitor::eth_client[0m[2m:[0m ✅ Transaction 0x2b9c5d5113f9f9be6bc889de5b7290d4f732969f5b475bac352ea91e74d13390 fetched and parsed in 71.878125ms
[2m2025-12-10T10:12:33.361519Z[0m [34mDEBUG[0m [2methereum_transaction_pool_monitor::mempool_monitor[0m[2m:[0m 🔍 Skipping tx 0x2b9c5d5113f9f9be6bc889de5b7290d4f732969f5b475bac352ea91e74d13390 - not a DEX interaction (target: 0x3B4D794a66304F130a4Db8F2551B0070dfCf5ca7)
[2m2025-12-10T10:12:33.361529Z[0m [34mDEBUG[0m [2methereum_transaction_pool_monitor::mempool_monitor[0m[2m:[0m 📨 Processing new pending transaction: 0x2bf257c3b5d8519bbf42eaeb9e2386950bf314939ca24c8ba21362ab376bc2fc
[2m2025-12-10T10:12:33.361534Z[0m [34mDEBUG[0m [2methereum_transaction_pool_monitor::mempool_monitor[0m[2m:[0m 🔍 Fetching transaction details for: 0x2bf257c3b5d8519bbf42eaeb9e2386950bf314939ca24c8ba21362ab376bc2fc
[2m2025-12-10T10:12:33.361538Z[0m [34mDEBUG[0m [2methereum_transaction_pool_monitor::eth_client[0m[2m:[0m 🔍 Fetching transaction details for hash: 0x2bf257c3b5d8519bbf42eaeb9e2386950bf314939ca24c8ba21362ab376bc2fc
[2m2025-12-10T10:12:33.361559Z[0m [34mDEBUG[0m [2mhyper::client::pool[0m[2m:[0m reuse idle connection for ("http", 192.168.0.14:8545)
[2m2025-12-10T10:12:33.361595Z[0m [34mDEBUG[0m [2mhyper::proto::h1::io[0m[2m:[0m flushed 250 bytes
[2m2025-12-10T10:12:33.361617Z[0m [34mDEBUG[0m [2mhyper::client::pool[0m[2m:[0m reuse idle connection for ("http", 192.168.0.14:8545)
[2m2025-12-10T10:12:33.361632Z[0m [34mDEBUG[0m [2mhyper::proto::h1::io[0m[2m:[0m flushed 172 bytes
[2m2025-12-10T10:12:33.361632Z[0m [34mDEBUG[0m [2methereum_transaction_pool_monitor::eth_client[0m[2m:[0m 📨 Received WebSocket message: {"jsonrpc":"2.0","method":"eth_subscription","params":{"subscription":"0xbed0a0851463e895960a451075a301a9","result":"0x06fcb3f32b9417511ad18294836d1ad2817baf0f5bf30271223c0774006370d1"}}
[2m2025-12-10T10:12:33.361647Z[0m [34mDEBUG[0m [2methereum_transaction_pool_monitor::eth_client[0m[2m:[0m 📨 Received pending transaction: 0x06fcb3f32b9417511ad18294836d1ad2817baf0f5bf30271223c0774006370d1
[2m2025-12-10T10:12:33.365392Z[0m [34mDEBUG[0m [2mhyper::proto::h1::io[0m[2m:[0m parsed 4 headers
[2m2025-12-10T10:12:33.367206Z[0m [34mDEBUG[0m [2mhyper::proto::h1::conn[0m[2m:[0m incoming body is content-length (770 bytes)
[2m2025-12-10T10:12:33.367224Z[0m [34mDEBUG[0m [2mhyper::proto::h1::conn[0m[2m:[0m incoming body completed
[2m2025-12-10T10:12:33.367251Z[0m [34mDEBUG[0m [2mhyper::client::pool[0m[2m:[0m pooling idle connection for ("http", 192.168.0.14:8545)
[2m2025-12-10T10:12:33.367260Z[0m [34mDEBUG[0m [2methereum_transaction_pool_monitor::eth_client[0m[2m:[0m 📡 Transaction fetch RPC completed in 5.717958ms
[2m2025-12-10T10:12:33.438122Z[0m [34mDEBUG[0m [2methereum_transaction_pool_monitor::eth_client[0m[2m:[0m ✅ Transaction 0x2bf257c3b5d8519bbf42eaeb9e2386950bf314939ca24c8ba21362ab376bc2fc fetched and parsed in 76.578125ms
[2m2025-12-10T10:12:33.438151Z[0m [34mDEBUG[0m [2methereum_transaction_pool_monitor::mempool_monitor[0m[2m:[0m 🔍 Skipping tx 0x2bf257c3b5d8519bbf42eaeb9e2386950bf314939ca24c8ba21362ab376bc2fc - not a DEX interaction (target: 0xA0b86991c6218b36c1d19D4a2e9Eb0cE3606eB48)
[2m2025-12-10T10:12:33.438162Z[0m [34mDEBUG[0m [2methereum_transaction_pool_monitor::mempool_monitor[0m[2m:[0m 📨 Processing new pending transaction: 0xab368d066f50f4e613679295e7a52e8a2a55b8b04a0773b672bee795238c372a
[2m2025-12-10T10:12:33.438169Z[0m [34mDEBUG[0m [2methereum_transaction_pool_monitor::mempool_monitor[0m[2m:[0m 🔍 Fetching transaction details for: 0xab368d066f50f4e613679295e7a52e8a2a55b8b04a0773b672bee795238c372a
[2m2025-12-10T10:12:33.438176Z[0m [34mDEBUG[0m [2methereum_transaction_pool_monitor::eth_client[0m[2m:[0m 🔍 Fetching transaction details for hash: 0xab368d066f50f4e613679295e7a52e8a2a55b8b04a0773b672bee795238c372a
[2m2025-12-10T10:12:33.438194Z[0m [34mDEBUG[0m [2mhyper::client::pool[0m[2m:[0m reuse idle connection for ("http", 192.168.0.14:8545)
[2m2025-12-10T10:12:33.438234Z[0m [34mDEBUG[0m [2mhyper::proto::h1::io[0m[2m:[0m flushed 250 bytes
[2m2025-12-10T10:12:33.438251Z[0m [34mDEBUG[0m [2mhyper::proto::h1::io[0m[2m:[0m parsed 4 headers
[2m2025-12-10T10:12:33.438256Z[0m [34mDEBUG[0m [2mhyper::proto::h1::conn[0m[2m:[0m incoming body is content-length (45 bytes)
[2m2025-12-10T10:12:33.438263Z[0m [34mDEBUG[0m [2mhyper::proto::h1::conn[0m[2m:[0m incoming body completed
[2m2025-12-10T10:12:33.438275Z[0m [34mDEBUG[0m [2mhyper::client::pool[0m[2m:[0m pooling idle connection for ("http", 192.168.0.14:8545)
[2m2025-12-10T10:12:33.438295Z[0m [34mDEBUG[0m [2mhyper::client::pool[0m[2m:[0m reuse idle connection for ("http", 192.168.0.14:8545)
[2m2025-12-10T10:12:33.438310Z[0m [34mDEBUG[0m [2mhyper::proto::h1::io[0m[2m:[0m flushed 172 bytes
[2m2025-12-10T10:12:33.441475Z[0m [34mDEBUG[0m [2mhyper::proto::h1::io[0m[2m:[0m parsed 4 headers
[2m2025-12-10T10:12:33.441503Z[0m [34mDEBUG[0m [2mhyper::proto::h1::conn[0m[2m:[0m incoming body is content-length (830 bytes)
[2m2025-12-10T10:12:33.441776Z[0m [34mDEBUG[0m [2mhyper::proto::h1::conn[0m[2m:[0m incoming body completed
[2m2025-12-10T10:12:33.441785Z[0m [34mDEBUG[0m [2mhyper::client::pool[0m[2m:[0m pooling idle connection for ("http", 192.168.0.14:8545)
[2m2025-12-10T10:12:33.441791Z[0m [34mDEBUG[0m [2methereum_transaction_pool_monitor::eth_client[0m[2m:[0m 📡 Transaction fetch RPC completed in 3.608583ms
[2m2025-12-10T10:12:33.513353Z[0m [34mDEBUG[0m [2methereum_transaction_pool_monitor::eth_client[0m[2m:[0m ✅ Transaction 0xab368d066f50f4e613679295e7a52e8a2a55b8b04a0773b672bee795238c372a fetched and parsed in 75.16825ms
[2m2025-12-10T10:12:33.513383Z[0m [34mDEBUG[0m [2methereum_transaction_pool_monitor::mempool_monitor[0m[2m:[0m 🔍 Skipping tx 0xab368d066f50f4e613679295e7a52e8a2a55b8b04a0773b672bee795238c372a - not a DEX interaction (target: 0x3B4D794a66304F130a4Db8F2551B0070dfCf5ca7)
[2m2025-12-10T10:12:33.513398Z[0m [34mDEBUG[0m [2methereum_transaction_pool_monitor::mempool_monitor[0m[2m:[0m 📨 Processing new pending transaction: 0xf1424bceca8d4531318b032e717bd91374ec395eeb02c8a274d37b15c3994fdc
[2m2025-12-10T10:12:33.513410Z[0m [34mDEBUG[0m [2methereum_transaction_pool_monitor::mempool_monitor[0m[2m:[0m 🔍 Fetching transaction details for: 0xf1424bceca8d4531318b032e717bd91374ec395eeb02c8a274d37b15c3994fdc
[2m2025-12-10T10:12:33.513417Z[0m [34mDEBUG[0m [2methereum_transaction_pool_monitor::eth_client[0m[2m:[0m 🔍 Fetching transaction details for hash: 0xf1424bceca8d4531318b032e717bd91374ec395eeb02c8a274d37b15c3994fdc
[2m2025-12-10T10:12:33.513440Z[0m [34mDEBUG[0m [2mhyper::client::pool[0m[2m:[0m reuse idle connection for ("http", 192.168.0.14:8545)
[2m2025-12-10T10:12:33.513476Z[0m [34mDEBUG[0m [2mhyper::proto::h1::io[0m[2m:[0m flushed 250 bytes
[2m2025-12-10T10:12:33.513497Z[0m [34mDEBUG[0m [2mhyper::proto::h1::io[0m[2m:[0m parsed 4 headers
[2m2025-12-10T10:12:33.513504Z[0m [34mDEBUG[0m [2mhyper::proto::h1::conn[0m[2m:[0m incoming body is content-length (45 bytes)
[2m2025-12-10T10:12:33.513515Z[0m [34mDEBUG[0m [2mhyper::proto::h1::conn[0m[2m:[0m incoming body completed
[2m2025-12-10T10:12:33.513524Z[0m [34mDEBUG[0m [2mhyper::client::pool[0m[2m:[0m pooling idle connection for ("http", 192.168.0.14:8545)
[2m2025-12-10T10:12:33.513540Z[0m [34mDEBUG[0m [2mhyper::client::pool[0m[2m:[0m reuse idle connection for ("http", 192.168.0.14:8545)
[2m2025-12-10T10:12:33.513557Z[0m [34mDEBUG[0m [2mhyper::proto::h1::io[0m[2m:[0m flushed 172 bytes
[2m2025-12-10T10:12:33.523498Z[0m [34mDEBUG[0m [2mhyper::proto::h1::io[0m[2m:[0m parsed 4 headers
[2m2025-12-10T10:12:33.523512Z[0m [34mDEBUG[0m [2mhyper::proto::h1::conn[0m[2m:[0m incoming body is content-length (45 bytes)
[2m2025-12-10T10:12:33.523521Z[0m [34mDEBUG[0m [2mhyper::proto::h1::conn[0m[2m:[0m incoming body completed
[2m2025-12-10T10:12:33.523535Z[0m [34mDEBUG[0m [2mhyper::client::pool[0m[2m:[0m pooling idle connection for ("http", 192.168.0.14:8545)
[2m2025-12-10T10:12:33.523555Z[0m [34mDEBUG[0m [2mhyper::proto::h1::io[0m[2m:[0m parsed 4 headers
[2m2025-12-10T10:12:33.523560Z[0m [34mDEBUG[0m [2mhyper::proto::h1::conn[0m[2m:[0m incoming body is content-length (769 bytes)
[2m2025-12-10T10:12:33.523565Z[0m [34mDEBUG[0m [2mhyper::proto::h1::conn[0m[2m:[0m incoming body completed
[2m2025-12-10T10:12:33.523572Z[0m [34mDEBUG[0m [2mhyper::client::pool[0m[2m:[0m pooling idle connection for ("http", 192.168.0.14:8545)
[2m2025-12-10T10:12:33.523576Z[0m [34mDEBUG[0m [2methereum_transaction_pool_monitor::eth_client[0m[2m:[0m 📡 Transaction fetch RPC completed in 10.153333ms
[2m2025-12-10T10:12:33.523590Z[0m [34mDEBUG[0m [2methereum_transaction_pool_monitor::eth_client[0m[2m:[0m DeFi transaction detected - Address: 0xdac17f958d2ee523a2206206994597c13d831ec7, Type: Stablecoin, Value: 0 ETH, Gas: 0.27 Gwei
[2m2025-12-10T10:12:33.523606Z[0m [34mDEBUG[0m [2methereum_transaction_pool_monitor::eth_client[0m[2m:[0m ✅ Transaction 0xf1424bceca8d4531318b032e717bd91374ec395eeb02c8a274d37b15c3994fdc fetched and parsed in 10.182542ms
[2m2025-12-10T10:12:33.523613Z[0m [34mDEBUG[0m [2methereum_transaction_pool_monitor::mempool_monitor[0m[2m:[0m 🔍 Skipping tx 0xf1424bceca8d4531318b032e717bd91374ec395eeb02c8a274d37b15c3994fdc - not a DEX interaction (target: 0xdAC17F958D2ee523a2206206994597C13D831ec7)
[2m2025-12-10T10:12:33.523621Z[0m [34mDEBUG[0m [2methereum_transaction_pool_monitor::mempool_monitor[0m[2m:[0m 📨 Processing new pending transaction: 0xfd75762f9216f8df5a00542e17a295eb7aec1bb9f56dc9ec6ae44be92a0de14d
[2m2025-12-10T10:12:33.523625Z[0m [34mDEBUG[0m [2methereum_transaction_pool_monitor::mempool_monitor[0m[2m:[0m 🔍 Fetching transaction details for: 0xfd75762f9216f8df5a00542e17a295eb7aec1bb9f56dc9ec6ae44be92a0de14d
[2m2025-12-10T10:12:33.523629Z[0m [34mDEBUG[0m [2methereum_transaction_pool_monitor::eth_client[0m[2m:[0m 🔍 Fetching transaction details for hash: 0xfd75762f9216f8df5a00542e17a295eb7aec1bb9f56dc9ec6ae44be92a0de14d
[2m2025-12-10T10:12:33.523640Z[0m [34mDEBUG[0m [2mhyper::client::pool[0m[2m:[0m reuse idle connection for ("http", 192.168.0.14:8545)
[2m2025-12-10T10:12:33.523656Z[0m [34mDEBUG[0m [2mhyper::proto::h1::io[0m[2m:[0m flushed 250 bytes
[2m2025-12-10T10:12:33.531126Z[0m [34mDEBUG[0m [2mhyper::proto::h1::io[0m[2m:[0m parsed 4 headers
[2m2025-12-10T10:12:33.531164Z[0m [34mDEBUG[0m [2mhyper::proto::h1::conn[0m[2m:[0m incoming body is content-length (645 bytes)
[2m2025-12-10T10:12:33.531178Z[0m [34mDEBUG[0m [2mhyper::proto::h1::conn[0m[2m:[0m incoming body completed
[2m2025-12-10T10:12:33.531204Z[0m [34mDEBUG[0m [2mhyper::client::pool[0m[2m:[0m pooling idle connection for ("http", 192.168.0.14:8545)
[2m2025-12-10T10:12:33.531210Z[0m [34mDEBUG[0m [2methereum_transaction_pool_monitor::eth_client[0m[2m:[0m 📡 Transaction fetch RPC completed in 7.576875ms
[2m2025-12-10T10:12:33.603232Z[0m [34mDEBUG[0m [2methereum_transaction_pool_monitor::eth_client[0m[2m:[0m ✅ Transaction 0xfd75762f9216f8df5a00542e17a295eb7aec1bb9f56dc9ec6ae44be92a0de14d fetched and parsed in 79.59725ms
[2m2025-12-10T10:12:33.603262Z[0m [34mDEBUG[0m [2methereum_transaction_pool_monitor::mempool_monitor[0m[2m:[0m 🔍 Skipping tx 0xfd75762f9216f8df5a00542e17a295eb7aec1bb9f56dc9ec6ae44be92a0de14d - not a DEX interaction (target: 0x0390D5B3Be7354B8625D75D5a7a01297D109Bac5)
[2m2025-12-10T10:12:33.603273Z[0m [34mDEBUG[0m [2methereum_transaction_pool_monitor::mempool_monitor[0m[2m:[0m 📨 Processing new pending transaction: 0x18d78cb49589571243842c206165321004fab5d75c033026e89645d7143947ce
[2m2025-12-10T10:12:33.603291Z[0m [34mDEBUG[0m [2methereum_transaction_pool_monitor::mempool_monitor[0m[2m:[0m 🔍 Fetching transaction details for: 0x18d78cb49589571243842c206165321004fab5d75c033026e89645d7143947ce
[2m2025-12-10T10:12:33.603298Z[0m [34mDEBUG[0m [2methereum_transaction_pool_monitor::eth_client[0m[2m:[0m 🔍 Fetching transaction details for hash: 0x18d78cb49589571243842c206165321004fab5d75c033026e89645d7143947ce
[2m2025-12-10T10:12:33.603317Z[0m [34mDEBUG[0m [2mhyper::client::pool[0m[2m:[0m reuse idle connection for ("http", 192.168.0.14:8545)
[2m2025-12-10T10:12:33.603359Z[0m [34mDEBUG[0m [2mhyper::proto::h1::io[0m[2m:[0m flushed 250 bytes
[2m2025-12-10T10:12:33.603390Z[0m [34mDEBUG[0m [2mhyper::client::pool[0m[2m:[0m reuse idle connection for ("http", 192.168.0.14:8545)
[2m2025-12-10T10:12:33.603411Z[0m [34mDEBUG[0m [2mhyper::proto::h1::io[0m[2m:[0m flushed 172 bytes
[2m2025-12-10T10:12:33.609550Z[0m [34mDEBUG[0m [2mhyper::proto::h1::io[0m[2m:[0m parsed 4 headers
[2m2025-12-10T10:12:33.609562Z[0m [34mDEBUG[0m [2mhyper::proto::h1::conn[0m[2m:[0m incoming body is content-length (644 bytes)
[2m2025-12-10T10:12:33.609570Z[0m [34mDEBUG[0m [2mhyper::proto::h1::conn[0m[2m:[0m incoming body completed
[2m2025-12-10T10:12:33.609578Z[0m [34mDEBUG[0m [2mhyper::client::pool[0m[2m:[0m pooling idle connection for ("http", 192.168.0.14:8545)
[2m2025-12-10T10:12:33.609584Z[0m [34mDEBUG[0m [2methereum_transaction_pool_monitor::eth_client[0m[2m:[0m 📡 Transaction fetch RPC completed in 6.280166ms
[2m2025-12-10T10:12:33.681313Z[0m [34mDEBUG[0m [2methereum_transaction_pool_monitor::eth_client[0m[2m:[0m ✅ Transaction 0x18d78cb49589571243842c206165321004fab5d75c033026e89645d7143947ce fetched and parsed in 78.005583ms
[2m2025-12-10T10:12:33.681343Z[0m [34mDEBUG[0m [2methereum_transaction_pool_monitor::mempool_monitor[0m[2m:[0m 🔍 Skipping tx 0x18d78cb49589571243842c206165321004fab5d75c033026e89645d7143947ce - not a DEX interaction (target: 0x17E5545B11b468072283Cee1F066a059Fb0dbF24)
[2m2025-12-10T10:12:33.681355Z[0m [34mDEBUG[0m [2methereum_transaction_pool_monitor::mempool_monitor[0m[2m:[0m 📨 Processing new pending transaction: 0x17d1a68adce02e2eadaf8b724702f2add5d968c4dfaa6afa9c2a0e84c89d6293
[2m2025-12-10T10:12:33.681367Z[0m [34mDEBUG[0m [2methereum_transaction_pool_monitor::mempool_monitor[0m[2m:[0m 🔍 Fetching transaction details for: 0x17d1a68adce02e2eadaf8b724702f2add5d968c4dfaa6afa9c2a0e84c89d6293
[2m2025-12-10T10:12:33.681375Z[0m [34mDEBUG[0m [2methereum_transaction_pool_monitor::eth_client[0m[2m:[0m 🔍 Fetching transaction details for hash: 0x17d1a68adce02e2eadaf8b724702f2add5d968c4dfaa6afa9c2a0e84c89d6293
[2m2025-12-10T10:12:33.681396Z[0m [34mDEBUG[0m [2mhyper::client::pool[0m[2m:[0m reuse idle connection for ("http", 192.168.0.14:8545)
[2m2025-12-10T10:12:33.681435Z[0m [34mDEBUG[0m [2mhyper::proto::h1::io[0m[2m:[0m flushed 250 bytes
[2m2025-12-10T10:12:33.681453Z[0m [34mDEBUG[0m [2mhyper::proto::h1::io[0m[2m:[0m parsed 4 headers
[2m2025-12-10T10:12:33.681463Z[0m [34mDEBUG[0m [2mhyper::proto::h1::conn[0m[2m:[0m incoming body is content-length (45 bytes)
[2m2025-12-10T10:12:33.681475Z[0m [34mDEBUG[0m [2mhyper::proto::h1::conn[0m[2m:[0m incoming body completed
[2m2025-12-10T10:12:33.681487Z[0m [34mDEBUG[0m [2mhyper::client::pool[0m[2m:[0m pooling idle connection for ("http", 192.168.0.14:8545)
[2m2025-12-10T10:12:33.685721Z[0m [34mDEBUG[0m [2mhyper::proto::h1::io[0m[2m:[0m parsed 4 headers
[2m2025-12-10T10:12:33.685731Z[0m [34mDEBUG[0m [2mhyper::proto::h1::conn[0m[2m:[0m incoming body is content-length (645 bytes)
[2m2025-12-10T10:12:33.685737Z[0m [34mDEBUG[0m [2mhyper::proto::h1::conn[0m[2m:[0m incoming body completed
[2m2025-12-10T10:12:33.685745Z[0m [34mDEBUG[0m [2mhyper::client::pool[0m[2m:[0m pooling idle connection for ("http", 192.168.0.14:8545)
[2m2025-12-10T10:12:33.685751Z[0m [34mDEBUG[0m [2methereum_transaction_pool_monitor::eth_client[0m[2m:[0m 📡 Transaction fetch RPC completed in 4.369458ms
[2m2025-12-10T10:12:33.756607Z[0m [34mDEBUG[0m [2methereum_transaction_pool_monitor::eth_client[0m[2m:[0m ✅ Transaction 0x17d1a68adce02e2eadaf8b724702f2add5d968c4dfaa6afa9c2a0e84c89d6293 fetched and parsed in 75.223ms
[2m2025-12-10T10:12:33.756634Z[0m [34mDEBUG[0m [2methereum_transaction_pool_monitor::mempool_monitor[0m[2m:[0m 🔍 Skipping tx 0x17d1a68adce02e2eadaf8b724702f2add5d968c4dfaa6afa9c2a0e84c89d6293 - not a DEX interaction (target: 0x5Fbad1591BC28f01151617Fb7c58740F56972537)
[2m2025-12-10T10:12:33.756644Z[0m [34mDEBUG[0m [2methereum_transaction_pool_monitor::mempool_monitor[0m[2m:[0m 📨 Processing new pending transaction: 0x7e7e991e1bd57f5eb050bae634515a22698bf7d880c1e2615fe8ad8d8db55bc7
[2m2025-12-10T10:12:33.756652Z[0m [34mDEBUG[0m [2methereum_transaction_pool_monitor::mempool_monitor[0m[2m:[0m 🔍 Fetching transaction details for: 0x7e7e991e1bd57f5eb050bae634515a22698bf7d880c1e2615fe8ad8d8db55bc7
[2m2025-12-10T10:12:33.756659Z[0m [34mDEBUG[0m [2methereum_transaction_pool_monitor::eth_client[0m[2m:[0m 🔍 Fetching transaction details for hash: 0x7e7e991e1bd57f5eb050bae634515a22698bf7d880c1e2615fe8ad8d8db55bc7
[2m2025-12-10T10:12:33.756678Z[0m [34mDEBUG[0m [2mhyper::client::pool[0m[2m:[0m reuse idle connection for ("http", 192.168.0.14:8545)
[2m2025-12-10T10:12:33.756718Z[0m [34mDEBUG[0m [2mhyper::proto::h1::io[0m[2m:[0m flushed 250 bytes
[2m2025-12-10T10:12:33.756739Z[0m [34mDEBUG[0m [2mhyper::client::pool[0m[2m:[0m reuse idle connection for ("http", 192.168.0.14:8545)
[2m2025-12-10T10:12:33.756756Z[0m [34mDEBUG[0m [2mhyper::proto::h1::io[0m[2m:[0m flushed 172 bytes
[2m2025-12-10T10:12:33.756758Z[0m [34mDEBUG[0m [2methereum_transaction_pool_monitor::eth_client[0m[2m:[0m 📨 Received WebSocket message: {"jsonrpc":"2.0","method":"eth_subscription","params":{"subscription":"0xbed0a0851463e895960a451075a301a9","result":"0xd483328d61291308176831de295ef1c477696161c62d9ffd2c7e31d3cdaa3505"}}
[2m2025-12-10T10:12:33.756769Z[0m [34mDEBUG[0m [2methereum_transaction_pool_monitor::eth_client[0m[2m:[0m 📨 Received pending transaction: 0xd483328d61291308176831de295ef1c477696161c62d9ffd2c7e31d3cdaa3505
[2m2025-12-10T10:12:33.756775Z[0m [34mDEBUG[0m [2methereum_transaction_pool_monitor::eth_client[0m[2m:[0m 📨 Received WebSocket message: {"jsonrpc":"2.0","method":"eth_subscription","params":{"subscription":"0xbed0a0851463e895960a451075a301a9","result":"0x204e8e0c0f6613e360de16e601b40f1feeec151c1b2a88e800a4e90d9124cbb8"}}
[2m2025-12-10T10:12:33.756780Z[0m [34mDEBUG[0m [2methereum_transaction_pool_monitor::eth_client[0m[2m:[0m 📨 Received pending transaction: 0x204e8e0c0f6613e360de16e601b40f1feeec151c1b2a88e800a4e90d9124cbb8
[2m2025-12-10T10:12:33.756785Z[0m [34mDEBUG[0m [2methereum_transaction_pool_monitor::eth_client[0m[2m:[0m 📨 Received WebSocket message: {"jsonrpc":"2.0","method":"eth_subscription","params":{"subscription":"0xbed0a0851463e895960a451075a301a9","result":"0xb3636434961046cc3edd093e635e60f573c09505be6c4ddb69d7677d727f65bc"}}
[2m2025-12-10T10:12:33.756791Z[0m [34mDEBUG[0m [2methereum_transaction_pool_monitor::eth_client[0m[2m:[0m 📨 Received pending transaction: 0xb3636434961046cc3edd093e635e60f573c09505be6c4ddb69d7677d727f65bc
[2m2025-12-10T10:12:33.756795Z[0m [34mDEBUG[0m [2methereum_transaction_pool_monitor::eth_client[0m[2m:[0m 📨 Received WebSocket message: {"jsonrpc":"2.0","method":"eth_subscription","params":{"subscription":"0xbed0a0851463e895960a451075a301a9","result":"0xd6c8ca353f288b3d9a53ebf9a5aefab367ab9a4829cd1eeb2e2b3557191beb04"}}
[2m2025-12-10T10:12:33.756802Z[0m [34mDEBUG[0m [2methereum_transaction_pool_monitor::eth_client[0m[2m:[0m 📨 Received pending transaction: 0xd6c8ca353f288b3d9a53ebf9a5aefab367ab9a4829cd1eeb2e2b3557191beb04
[2m2025-12-10T10:12:33.762317Z[0m [34mDEBUG[0m [2mhyper::proto::h1::io[0m[2m:[0m parsed 4 headers
[2m2025-12-10T10:12:33.762345Z[0m [34mDEBUG[0m [2mhyper::proto::h1::conn[0m[2m:[0m incoming body is content-length (45 bytes)
[2m2025-12-10T10:12:33.762373Z[0m [34mDEBUG[0m [2mhyper::proto::h1::conn[0m[2m:[0m incoming body completed
[2m2025-12-10T10:12:33.762396Z[0m [34mDEBUG[0m [2mhyper::client::pool[0m[2m:[0m pooling idle connection for ("http", 192.168.0.14:8545)
[2m2025-12-10T10:12:33.766466Z[0m [34mDEBUG[0m [2mhyper::proto::h1::io[0m[2m:[0m parsed 4 headers
[2m2025-12-10T10:12:33.766475Z[0m [34mDEBUG[0m [2mhyper::proto::h1::conn[0m[2m:[0m incoming body is content-length (655 bytes)
[2m2025-12-10T10:12:33.766481Z[0m [34mDEBUG[0m [2mhyper::proto::h1::conn[0m[2m:[0m incoming body completed
[2m2025-12-10T10:12:33.766487Z[0m [34mDEBUG[0m [2mhyper::client::pool[0m[2m:[0m pooling idle connection for ("http", 192.168.0.14:8545)
[2m2025-12-10T10:12:33.766495Z[0m [34mDEBUG[0m [2methereum_transaction_pool_monitor::eth_client[0m[2m:[0m 📡 Transaction fetch RPC completed in 9.830709ms
[2m2025-12-10T10:12:33.837690Z[0m [34mDEBUG[0m [2methereum_transaction_pool_monitor::eth_client[0m[2m:[0m ✅ Transaction 0x7e7e991e1bd57f5eb050bae634515a22698bf7d880c1e2615fe8ad8d8db55bc7 fetched and parsed in 81.022834ms
[2m2025-12-10T10:12:33.837956Z[0m [34mDEBUG[0m [2methereum_transaction_pool_monitor::mempool_monitor[0m[2m:[0m 🔍 Skipping tx 0x7e7e991e1bd57f5eb050bae634515a22698bf7d880c1e2615fe8ad8d8db55bc7 - not a DEX interaction (target: 0x3De95c4524B6f9EBFEF8b8f02EA03fD3ddCbD8ff)
[2m2025-12-10T10:12:33.837970Z[0m [34mDEBUG[0m [2methereum_transaction_pool_monitor::mempool_monitor[0m[2m:[0m 📨 Processing new pending transaction: 0xea38252afca1c7ba8f6dd1c8b2ec3d8189861b0d468e6174505d00693dfbc35f
[2m2025-12-10T10:12:33.837978Z[0m [34mDEBUG[0m [2methereum_transaction_pool_monitor::mempool_monitor[0m[2m:[0m 🔍 Fetching transaction details for: 0xea38252afca1c7ba8f6dd1c8b2ec3d8189861b0d468e6174505d00693dfbc35f
[2m2025-12-10T10:12:33.837983Z[0m [34mDEBUG[0m [2methereum_transaction_pool_monitor::eth_client[0m[2m:[0m 🔍 Fetching transaction details for hash: 0xea38252afca1c7ba8f6dd1c8b2ec3d8189861b0d468e6174505d00693dfbc35f
[2m2025-12-10T10:12:33.838000Z[0m [34mDEBUG[0m [2mhyper::client::pool[0m[2m:[0m reuse idle connection for ("http", 192.168.0.14:8545)
[2m2025-12-10T10:12:33.838037Z[0m [34mDEBUG[0m [2mhyper::proto::h1::io[0m[2m:[0m flushed 250 bytes
[2m2025-12-10T10:12:33.838055Z[0m [34mDEBUG[0m [2mhyper::client::pool[0m[2m:[0m reuse idle connection for ("http", 192.168.0.14:8545)
[2m2025-12-10T10:12:33.838073Z[0m [34mDEBUG[0m [2mhyper::proto::h1::io[0m[2m:[0m flushed 172 bytes
[2m2025-12-10T10:12:33.838108Z[0m [34mDEBUG[0m [2methereum_transaction_pool_monitor::eth_client[0m[2m:[0m 📨 Received WebSocket message: {"jsonrpc":"2.0","method":"eth_subscription","params":{"subscription":"0xbed0a0851463e895960a451075a301a9","result":"0xe371195e3278cc63780f454fb65facbee535a6395a8076e686d7d61cea88958f"}}
[2m2025-12-10T10:12:33.838118Z[0m [34mDEBUG[0m [2methereum_transaction_pool_monitor::eth_client[0m[2m:[0m 📨 Received pending transaction: 0xe371195e3278cc63780f454fb65facbee535a6395a8076e686d7d61cea88958f
[2m2025-12-10T10:12:33.844812Z[0m [34mDEBUG[0m [2mhyper::proto::h1::io[0m[2m:[0m parsed 4 headers
[2m2025-12-10T10:12:33.844857Z[0m [34mDEBUG[0m [2mhyper::proto::h1::conn[0m[2m:[0m incoming body is content-length (45 bytes)
[2m2025-12-10T10:12:33.844886Z[0m [34mDEBUG[0m [2mhyper::proto::h1::conn[0m[2m:[0m incoming body completed
[2m2025-12-10T10:12:33.844898Z[0m [34mDEBUG[0m [2mhyper::client::pool[0m[2m:[0m pooling idle connection for ("http", 192.168.0.14:8545)
[2m2025-12-10T10:12:33.844921Z[0m [34mDEBUG[0m [2mhyper::proto::h1::io[0m[2m:[0m parsed 4 headers
[2m2025-12-10T10:12:33.844925Z[0m [34mDEBUG[0m [2mhyper::proto::h1::conn[0m[2m:[0m incoming body is content-length (1802 bytes)
[2m2025-12-10T10:12:33.844930Z[0m [34mDEBUG[0m [2mhyper::proto::h1::conn[0m[2m:[0m incoming body completed
[2m2025-12-10T10:12:33.844936Z[0m [34mDEBUG[0m [2mhyper::client::pool[0m[2m:[0m pooling idle connection for ("http", 192.168.0.14:8545)
[2m2025-12-10T10:12:33.844941Z[0m [34mDEBUG[0m [2methereum_transaction_pool_monitor::eth_client[0m[2m:[0m 📡 Transaction fetch RPC completed in 6.954ms
[2m2025-12-10T10:12:33.916641Z[0m [34mDEBUG[0m [2methereum_transaction_pool_monitor::eth_client[0m[2m:[0m ✅ Transaction 0xea38252afca1c7ba8f6dd1c8b2ec3d8189861b0d468e6174505d00693dfbc35f fetched and parsed in 78.651458ms
[2m2025-12-10T10:12:33.916658Z[0m [34mDEBUG[0m [2methereum_transaction_pool_monitor::mempool_monitor[0m[2m:[0m 🔍 Skipping tx 0xea38252afca1c7ba8f6dd1c8b2ec3d8189861b0d468e6174505d00693dfbc35f - not a DEX interaction (target: 0xEe7aE85f2Fe2239E27D9c1E23fFFe168D63b4055)
[2m2025-12-10T10:12:33.916666Z[0m [34mDEBUG[0m [2methereum_transaction_pool_monitor::mempool_monitor[0m[2m:[0m 📨 Processing new pending transaction: 0x06fcb3f32b9417511ad18294836d1ad2817baf0f5bf30271223c0774006370d1
[2m2025-12-10T10:12:33.916671Z[0m [34mDEBUG[0m [2methereum_transaction_pool_monitor::mempool_monitor[0m[2m:[0m 🔍 Fetching transaction details for: 0x06fcb3f32b9417511ad18294836d1ad2817baf0f5bf30271223c0774006370d1
[2m2025-12-10T10:12:33.916676Z[0m [34mDEBUG[0m [2methereum_transaction_pool_monitor::eth_client[0m[2m:[0m 🔍 Fetching transaction details for hash: 0x06fcb3f32b9417511ad18294836d1ad2817baf0f5bf30271223c0774006370d1
[2m2025-12-10T10:12:33.916693Z[0m [34mDEBUG[0m [2mhyper::client::pool[0m[2m:[0m reuse idle connection for ("http", 192.168.0.14:8545)
[2m2025-12-10T10:12:33.916712Z[0m [34mDEBUG[0m [2mhyper::proto::h1::io[0m[2m:[0m flushed 250 bytes
[2m2025-12-10T10:12:33.916737Z[0m [34mDEBUG[0m [2mhyper::client::pool[0m[2m:[0m reuse idle connection for ("http", 192.168.0.14:8545)
[2m2025-12-10T10:12:33.916748Z[0m [34mDEBUG[0m [2mhyper::proto::h1::io[0m[2m:[0m flushed 172 bytes
[2m2025-12-10T10:12:33.925481Z[0m [34mDEBUG[0m [2mhyper::proto::h1::io[0m[2m:[0m parsed 4 headers
[2m2025-12-10T10:12:33.925489Z[0m [34mDEBUG[0m [2mhyper::proto::h1::conn[0m[2m:[0m incoming body is content-length (777 bytes)
[2m2025-12-10T10:12:33.925497Z[0m [34mDEBUG[0m [2mhyper::proto::h1::conn[0m[2m:[0m incoming body completed
[2m2025-12-10T10:12:33.925505Z[0m [34mDEBUG[0m [2mhyper::client::pool[0m[2m:[0m pooling idle connection for ("http", 192.168.0.14:8545)
[2m2025-12-10T10:12:33.925511Z[0m [34mDEBUG[0m [2methereum_transaction_pool_monitor::eth_client[0m[2m:[0m 📡 Transaction fetch RPC completed in 8.829791ms
[2m2025-12-10T10:12:33.925525Z[0m [34mDEBUG[0m [2methereum_transaction_pool_monitor::eth_client[0m[2m:[0m DeFi transaction detected - Address: 0x2260fac5e5542a773aa44fbcfedf7c193bc2c599, Type: TokenContract, Value: 0 ETH, Gas: 125.00 Gwei
[2m2025-12-10T10:12:33.925535Z[0m [34mDEBUG[0m [2methereum_transaction_pool_monitor::eth_client[0m[2m:[0m ✅ Transaction 0x06fcb3f32b9417511ad18294836d1ad2817baf0f5bf30271223c0774006370d1 fetched and parsed in 8.854416ms
[2m2025-12-10T10:12:33.925541Z[0m [34mDEBUG[0m [2methereum_transaction_pool_monitor::mempool_monitor[0m[2m:[0m 🔍 Skipping tx 0x06fcb3f32b9417511ad18294836d1ad2817baf0f5bf30271223c0774006370d1 - not a DEX interaction (target: 0x2260FAC5E5542a773Aa44fBCfeDf7C193bc2C599)
[2m2025-12-10T10:12:33.925547Z[0m [34mDEBUG[0m [2methereum_transaction_pool_monitor::mempool_monitor[0m[2m:[0m 📨 Processing new pending transaction: 0xd483328d61291308176831de295ef1c477696161c62d9ffd2c7e31d3cdaa3505
[2m2025-12-10T10:12:33.925551Z[0m [34mDEBUG[0m [2methereum_transaction_pool_monitor::mempool_monitor[0m[2m:[0m 🔍 Fetching transaction details for: 0xd483328d61291308176831de295ef1c477696161c62d9ffd2c7e31d3cdaa3505
[2m2025-12-10T10:12:33.925555Z[0m [34mDEBUG[0m [2methereum_transaction_pool_monitor::eth_client[0m[2m:[0m 🔍 Fetching transaction details for hash: 0xd483328d61291308176831de295ef1c477696161c62d9ffd2c7e31d3cdaa3505
[2m2025-12-10T10:12:33.925564Z[0m [34mDEBUG[0m [2mhyper::client::pool[0m[2m:[0m reuse idle connection for ("http", 192.168.0.14:8545)
[2m2025-12-10T10:12:33.925580Z[0m [34mDEBUG[0m [2mhyper::proto::h1::io[0m[2m:[0m flushed 250 bytes
[2m2025-12-10T10:12:33.925587Z[0m [34mDEBUG[0m [2mhyper::proto::h1::io[0m[2m:[0m parsed 4 headers
[2m2025-12-10T10:12:33.925591Z[0m [34mDEBUG[0m [2mhyper::proto::h1::conn[0m[2m:[0m incoming body is content-length (45 bytes)
[2m2025-12-10T10:12:33.925595Z[0m [34mDEBUG[0m [2mhyper::proto::h1::conn[0m[2m:[0m incoming body completed
[2m2025-12-10T10:12:33.925600Z[0m [34mDEBUG[0m [2mhyper::client::pool[0m[2m:[0m pooling idle connection for ("http", 192.168.0.14:8545)
[2m2025-12-10T10:12:33.932141Z[0m [34mDEBUG[0m [2mhyper::proto::h1::io[0m[2m:[0m parsed 4 headers
[2m2025-12-10T10:12:33.932149Z[0m [34mDEBUG[0m [2mhyper::proto::h1::conn[0m[2m:[0m incoming body is content-length (763 bytes)
[2m2025-12-10T10:12:33.932154Z[0m [34mDEBUG[0m [2mhyper::proto::h1::conn[0m[2m:[0m incoming body completed
[2m2025-12-10T10:12:33.932160Z[0m [34mDEBUG[0m [2mhyper::client::pool[0m[2m:[0m pooling idle connection for ("http", 192.168.0.14:8545)
[2m2025-12-10T10:12:33.932165Z[0m [34mDEBUG[0m [2methereum_transaction_pool_monitor::eth_client[0m[2m:[0m 📡 Transaction fetch RPC completed in 6.606209ms
[2m2025-12-10T10:12:34.003029Z[0m [34mDEBUG[0m [2methereum_transaction_pool_monitor::eth_client[0m[2m:[0m ✅ Transaction 0xd483328d61291308176831de295ef1c477696161c62d9ffd2c7e31d3cdaa3505 fetched and parsed in 77.467459ms
[2m2025-12-10T10:12:34.003054Z[0m [34mDEBUG[0m [2methereum_transaction_pool_monitor::mempool_monitor[0m[2m:[0m 🔍 Skipping tx 0xd483328d61291308176831de295ef1c477696161c62d9ffd2c7e31d3cdaa3505 - not a DEX interaction (target: 0xd50370bEE8bFf23Bbb30ca558a1d0207DBc96ef2)
[2m2025-12-10T10:12:34.003065Z[0m [34mDEBUG[0m [2methereum_transaction_pool_monitor::mempool_monitor[0m[2m:[0m 📨 Processing new pending transaction: 0x204e8e0c0f6613e360de16e601b40f1feeec151c1b2a88e800a4e90d9124cbb8
[2m2025-12-10T10:12:34.003073Z[0m [34mDEBUG[0m [2methereum_transaction_pool_monitor::mempool_monitor[0m[2m:[0m 🔍 Fetching transaction details for: 0x204e8e0c0f6613e360de16e601b40f1feeec151c1b2a88e800a4e90d9124cbb8
[2m2025-12-10T10:12:34.003080Z[0m [34mDEBUG[0m [2methereum_transaction_pool_monitor::eth_client[0m[2m:[0m 🔍 Fetching transaction details for hash: 0x204e8e0c0f6613e360de16e601b40f1feeec151c1b2a88e800a4e90d9124cbb8
[2m2025-12-10T10:12:34.003099Z[0m [34mDEBUG[0m [2mhyper::client::pool[0m[2m:[0m reuse idle connection for ("http", 192.168.0.14:8545)
[2m2025-12-10T10:12:34.003134Z[0m [34mDEBUG[0m [2mhyper::proto::h1::io[0m[2m:[0m flushed 250 bytes
[2m2025-12-10T10:12:34.003154Z[0m [34mDEBUG[0m [2mhyper::client::pool[0m[2m:[0m reuse idle connection for ("http", 192.168.0.14:8545)
[2m2025-12-10T10:12:34.003165Z[0m [34mDEBUG[0m [2methereum_transaction_pool_monitor::eth_client[0m[2m:[0m 📨 Received WebSocket message: {"jsonrpc":"2.0","method":"eth_subscription","params":{"subscription":"0xbed0a0851463e895960a451075a301a9","result":"0x124aa7d2453536248432e673a1710d5f60aec1e677c650361c3a5351d909f1e6"}}
[2m2025-12-10T10:12:34.003168Z[0m [34mDEBUG[0m [2mhyper::proto::h1::io[0m[2m:[0m flushed 172 bytes
[2m2025-12-10T10:12:34.003181Z[0m [34mDEBUG[0m [2methereum_transaction_pool_monitor::eth_client[0m[2m:[0m 📨 Received pending transaction: 0x124aa7d2453536248432e673a1710d5f60aec1e677c650361c3a5351d909f1e6
[2m2025-12-10T10:12:34.003190Z[0m [34mDEBUG[0m [2methereum_transaction_pool_monitor::eth_client[0m[2m:[0m 📨 Received WebSocket message: {"jsonrpc":"2.0","method":"eth_subscription","params":{"subscription":"0xbed0a0851463e895960a451075a301a9","result":"0xa4d37d69679aa80f7b5419804315bcbfbb6c5554c7bfdc529bd980d9b2d2592f"}}
[2m2025-12-10T10:12:34.003196Z[0m [34mDEBUG[0m [2methereum_transaction_pool_monitor::eth_client[0m[2m:[0m 📨 Received pending transaction: 0xa4d37d69679aa80f7b5419804315bcbfbb6c5554c7bfdc529bd980d9b2d2592f
[2m2025-12-10T10:12:34.006701Z[0m [34mDEBUG[0m [2mhyper::proto::h1::io[0m[2m:[0m parsed 4 headers
[2m2025-12-10T10:12:34.006707Z[0m [34mDEBUG[0m [2mhyper::proto::h1::conn[0m[2m:[0m incoming body is content-length (681 bytes)
[2m2025-12-10T10:12:34.006714Z[0m [34mDEBUG[0m [2mhyper::proto::h1::conn[0m[2m:[0m incoming body completed
[2m2025-12-10T10:12:34.006725Z[0m [34mDEBUG[0m [2mhyper::client::pool[0m[2m:[0m pooling idle connection for ("http", 192.168.0.14:8545)
[2m2025-12-10T10:12:34.006730Z[0m [34mDEBUG[0m [2methereum_transaction_pool_monitor::eth_client[0m[2m:[0m 📡 Transaction fetch RPC completed in 3.6455ms
[2m2025-12-10T10:12:34.006740Z[0m [34mDEBUG[0m [2methereum_transaction_pool_monitor::eth_client[0m[2m:[0m DeFi transaction detected - Address: 0xdac17f958d2ee523a2206206994597c13d831ec7, Type: Stablecoin, Value: 0 ETH, Gas: 2.00 Gwei
[2m2025-12-10T10:12:34.006752Z[0m [34mDEBUG[0m [2methereum_transaction_pool_monitor::eth_client[0m[2m:[0m ✅ Transaction 0x204e8e0c0f6613e360de16e601b40f1feeec151c1b2a88e800a4e90d9124cbb8 fetched and parsed in 3.667125ms
[2m2025-12-10T10:12:34.006757Z[0m [34mDEBUG[0m [2methereum_transaction_pool_monitor::mempool_monitor[0m[2m:[0m 🔍 Skipping tx 0x204e8e0c0f6613e360de16e601b40f1feeec151c1b2a88e800a4e90d9124cbb8 - not a DEX interaction (target: 0xdAC17F958D2ee523a2206206994597C13D831ec7)
[2m2025-12-10T10:12:34.006762Z[0m [34mDEBUG[0m [2methereum_transaction_pool_monitor::mempool_monitor[0m[2m:[0m 📨 Processing new pending transaction: 0xb3636434961046cc3edd093e635e60f573c09505be6c4ddb69d7677d727f65bc
[2m2025-12-10T10:12:34.006766Z[0m [34mDEBUG[0m [2methereum_transaction_pool_monitor::mempool_monitor[0m[2m:[0m 🔍 Fetching transaction details for: 0xb3636434961046cc3edd093e635e60f573c09505be6c4ddb69d7677d727f65bc
[2m2025-12-10T10:12:34.006770Z[0m [34mDEBUG[0m [2methereum_transaction_pool_monitor::eth_client[0m[2m:[0m 🔍 Fetching transaction details for hash: 0xb3636434961046cc3edd093e635e60f573c09505be6c4ddb69d7677d727f65bc
[2m2025-12-10T10:12:34.006776Z[0m [34mDEBUG[0m [2mhyper::client::pool[0m[2m:[0m reuse idle connection for ("http", 192.168.0.14:8545)
[2m2025-12-10T10:12:34.006789Z[0m [34mDEBUG[0m [2mhyper::proto::h1::io[0m[2m:[0m flushed 250 bytes
[2m2025-12-10T10:12:34.007206Z[0m [34mDEBUG[0m [2mhyper::proto::h1::io[0m[2m:[0m parsed 4 headers
[2m2025-12-10T10:12:34.007214Z[0m [34mDEBUG[0m [2mhyper::proto::h1::conn[0m[2m:[0m incoming body is content-length (45 bytes)
[2m2025-12-10T10:12:34.007222Z[0m [34mDEBUG[0m [2mhyper::proto::h1::conn[0m[2m:[0m incoming body completed
[2m2025-12-10T10:12:34.007227Z[0m [34mDEBUG[0m [2mhyper::client::pool[0m[2m:[0m pooling idle connection for ("http", 192.168.0.14:8545)
[2m2025-12-10T10:12:34.013319Z[0m [34mDEBUG[0m [2mhyper::proto::h1::io[0m[2m:[0m parsed 4 headers
[2m2025-12-10T10:12:34.013334Z[0m [34mDEBUG[0m [2mhyper::proto::h1::conn[0m[2m:[0m incoming body is content-length (770 bytes)
[2m2025-12-10T10:12:34.013340Z[0m [34mDEBUG[0m [2mhyper::proto::h1::conn[0m[2m:[0m incoming body completed
[2m2025-12-10T10:12:34.013348Z[0m [34mDEBUG[0m [2mhyper::client::pool[0m[2m:[0m pooling idle connection for ("http", 192.168.0.14:8545)
[2m2025-12-10T10:12:34.013354Z[0m [34mDEBUG[0m [2methereum_transaction_pool_monitor::eth_client[0m[2m:[0m 📡 Transaction fetch RPC completed in 6.580458ms
[2m2025-12-10T10:12:34.085164Z[0m [34mDEBUG[0m [2methereum_transaction_pool_monitor::eth_client[0m[2m:[0m ✅ Transaction 0xb3636434961046cc3edd093e635e60f573c09505be6c4ddb69d7677d727f65bc fetched and parsed in 78.387625ms
[2m2025-12-10T10:12:34.085195Z[0m [34mDEBUG[0m [2methereum_transaction_pool_monitor::mempool_monitor[0m[2m:[0m 🔍 Skipping tx 0xb3636434961046cc3edd093e635e60f573c09505be6c4ddb69d7677d727f65bc - not a DEX interaction (target: 0xA0b86991c6218b36c1d19D4a2e9Eb0cE3606eB48)
[2m2025-12-10T10:12:34.085206Z[0m [34mDEBUG[0m [2methereum_transaction_pool_monitor::mempool_monitor[0m[2m:[0m 📨 Processing new pending transaction: 0xd6c8ca353f288b3d9a53ebf9a5aefab367ab9a4829cd1eeb2e2b3557191beb04
[2m2025-12-10T10:12:34.085219Z[0m [34mDEBUG[0m [2methereum_transaction_pool_monitor::mempool_monitor[0m[2m:[0m 🔍 Fetching transaction details for: 0xd6c8ca353f288b3d9a53ebf9a5aefab367ab9a4829cd1eeb2e2b3557191beb04
[2m2025-12-10T10:12:34.085230Z[0m [34mDEBUG[0m [2methereum_transaction_pool_monitor::eth_client[0m[2m:[0m 🔍 Fetching transaction details for hash: 0xd6c8ca353f288b3d9a53ebf9a5aefab367ab9a4829cd1eeb2e2b3557191beb04
[2m2025-12-10T10:12:34.085252Z[0m [34mDEBUG[0m [2mhyper::client::pool[0m[2m:[0m reuse idle connection for ("http", 192.168.0.14:8545)
[2m2025-12-10T10:12:34.085299Z[0m [34mDEBUG[0m [2mhyper::proto::h1::io[0m[2m:[0m flushed 250 bytes
[2m2025-12-10T10:12:34.085321Z[0m [34mDEBUG[0m [2methereum_transaction_pool_monitor::eth_client[0m[2m:[0m 📨 Received WebSocket message: {"jsonrpc":"2.0","method":"eth_subscription","params":{"subscription":"0xbed0a0851463e895960a451075a301a9","result":"0x3c585fb39b385477c646d0334a7f65274b266ea3940183a1a1f14cce1cc9fdff"}}
[2m2025-12-10T10:12:34.086063Z[0m [34mDEBUG[0m [2methereum_transaction_pool_monitor::eth_client[0m[2m:[0m 📨 Received pending transaction: 0x3c585fb39b385477c646d0334a7f65274b266ea3940183a1a1f14cce1cc9fdff
[2m2025-12-10T10:12:34.086075Z[0m [34mDEBUG[0m [2methereum_transaction_pool_monitor::eth_client[0m[2m:[0m 📨 Received WebSocket message: {"jsonrpc":"2.0","method":"eth_subscription","params":{"subscription":"0xbed0a0851463e895960a451075a301a9","result":"0x602022609653ac96af628592b7d13d091c577e7c58a78ed334c1fc618ca242b5"}}
[2m2025-12-10T10:12:34.086085Z[0m [34mDEBUG[0m [2methereum_transaction_pool_monitor::eth_client[0m[2m:[0m 📨 Received pending transaction: 0x602022609653ac96af628592b7d13d091c577e7c58a78ed334c1fc618ca242b5
[2m2025-12-10T10:12:34.086091Z[0m [34mDEBUG[0m [2methereum_transaction_pool_monitor::eth_client[0m[2m:[0m 📨 Received WebSocket message: {"jsonrpc":"2.0","method":"eth_subscription","params":{"subscription":"0xbed0a0851463e895960a451075a301a9","result":"0xb780c7ed1f68e0273e933bce9f9b95803f2da019c73be41261db647754182d57"}}
[2m2025-12-10T10:12:34.086096Z[0m [34mDEBUG[0m [2methereum_transaction_pool_monitor::eth_client[0m[2m:[0m 📨 Received pending transaction: 0xb780c7ed1f68e0273e933bce9f9b95803f2da019c73be41261db647754182d57
[2m2025-12-10T10:12:34.090548Z[0m [34mDEBUG[0m [2mhyper::proto::h1::io[0m[2m:[0m parsed 4 headers
[2m2025-12-10T10:12:34.090691Z[0m [34mDEBUG[0m [2mhyper::proto::h1::conn[0m[2m:[0m incoming body is content-length (769 bytes)
[2m2025-12-10T10:12:34.090709Z[0m [34mDEBUG[0m [2mhyper::proto::h1::conn[0m[2m:[0m incoming body completed
[2m2025-12-10T10:12:34.090727Z[0m [34mDEBUG[0m [2mhyper::client::pool[0m[2m:[0m pooling idle connection for ("http", 192.168.0.14:8545)
[2m2025-12-10T10:12:34.090740Z[0m [34mDEBUG[0m [2methereum_transaction_pool_monitor::eth_client[0m[2m:[0m 📡 Transaction fetch RPC completed in 5.5015ms
[2m2025-12-10T10:12:34.090763Z[0m [34mDEBUG[0m [2methereum_transaction_pool_monitor::eth_client[0m[2m:[0m DeFi transaction detected - Address: 0xdac17f958d2ee523a2206206994597c13d831ec7, Type: Stablecoin, Value: 0 ETH, Gas: 0.29 Gwei
[2m2025-12-10T10:12:34.090781Z[0m [34mDEBUG[0m [2methereum_transaction_pool_monitor::eth_client[0m[2m:[0m ✅ Transaction 0xd6c8ca353f288b3d9a53ebf9a5aefab367ab9a4829cd1eeb2e2b3557191beb04 fetched and parsed in 5.541833ms
[2m2025-12-10T10:12:34.090791Z[0m [34mDEBUG[0m [2methereum_transaction_pool_monitor::mempool_monitor[0m[2m:[0m 🔍 Skipping tx 0xd6c8ca353f288b3d9a53ebf9a5aefab367ab9a4829cd1eeb2e2b3557191beb04 - not a DEX interaction (target: 0xdAC17F958D2ee523a2206206994597C13D831ec7)
[2m2025-12-10T10:12:34.090801Z[0m [34mDEBUG[0m [2methereum_transaction_pool_monitor::mempool_monitor[0m[2m:[0m 📨 Processing new pending transaction: 0xe371195e3278cc63780f454fb65facbee535a6395a8076e686d7d61cea88958f
[2m2025-12-10T10:12:34.090807Z[0m [34mDEBUG[0m [2methereum_transaction_pool_monitor::mempool_monitor[0m[2m:[0m 🔍 Fetching transaction details for: 0xe371195e3278cc63780f454fb65facbee535a6395a8076e686d7d61cea88958f
[2m2025-12-10T10:12:34.090813Z[0m [34mDEBUG[0m [2methereum_transaction_pool_monitor::eth_client[0m[2m:[0m 🔍 Fetching transaction details for hash: 0xe371195e3278cc63780f454fb65facbee535a6395a8076e686d7d61cea88958f
[2m2025-12-10T10:12:34.090827Z[0m [34mDEBUG[0m [2mhyper::client::pool[0m[2m:[0m reuse idle connection for ("http", 192.168.0.14:8545)
[2m2025-12-10T10:12:34.090846Z[0m [34mDEBUG[0m [2mhyper::proto::h1::io[0m[2m:[0m flushed 250 bytes
[2m2025-12-10T10:12:34.098237Z[0m [34mDEBUG[0m [2mhyper::client::pool[0m[2m:[0m reuse idle connection for ("http", 192.168.0.14:8545)
[2m2025-12-10T10:12:34.098268Z[0m [34mDEBUG[0m [2mhyper::proto::h1::io[0m[2m:[0m flushed 172 bytes
[2m2025-12-10T10:12:34.098288Z[0m [34mDEBUG[0m [2mhyper::proto::h1::io[0m[2m:[0m parsed 4 headers
[2m2025-12-10T10:12:34.098304Z[0m [34mDEBUG[0m [2mhyper::proto::h1::conn[0m[2m:[0m incoming body is content-length (775 bytes)
[2m2025-12-10T10:12:34.098311Z[0m [34mDEBUG[0m [2mhyper::proto::h1::conn[0m[2m:[0m incoming body completed
[2m2025-12-10T10:12:34.098317Z[0m [34mDEBUG[0m [2mhyper::client::pool[0m[2m:[0m pooling idle connection for ("http", 192.168.0.14:8545)
[2m2025-12-10T10:12:34.098323Z[0m [34mDEBUG[0m [2methereum_transaction_pool_monitor::eth_client[0m[2m:[0m 📡 Transaction fetch RPC completed in 7.505375ms
[2m2025-12-10T10:12:34.098334Z[0m [34mDEBUG[0m [2methereum_transaction_pool_monitor::eth_client[0m[2m:[0m DeFi transaction detected - Address: 0xdac17f958d2ee523a2206206994597c13d831ec7, Type: Stablecoin, Value: 0 ETH, Gas: 0.87 Gwei
[2m2025-12-10T10:12:34.098344Z[0m [34mDEBUG[0m [2methereum_transaction_pool_monitor::eth_client[0m[2m:[0m ✅ Transaction 0xe371195e3278cc63780f454fb65facbee535a6395a8076e686d7d61cea88958f fetched and parsed in 7.526541ms
[2m2025-12-10T10:12:34.098350Z[0m [34mDEBUG[0m [2methereum_transaction_pool_monitor::mempool_monitor[0m[2m:[0m 🔍 Skipping tx 0xe371195e3278cc63780f454fb65facbee535a6395a8076e686d7d61cea88958f - not a DEX interaction (target: 0xdAC17F958D2ee523a2206206994597C13D831ec7)
[2m2025-12-10T10:12:34.098356Z[0m [34mDEBUG[0m [2methereum_transaction_pool_monitor::mempool_monitor[0m[2m:[0m 📨 Processing new pending transaction: 0x124aa7d2453536248432e673a1710d5f60aec1e677c650361c3a5351d909f1e6
[2m2025-12-10T10:12:34.098360Z[0m [34mDEBUG[0m [2methereum_transaction_pool_monitor::mempool_monitor[0m[2m:[0m 🔍 Fetching transaction details for: 0x124aa7d2453536248432e673a1710d5f60aec1e677c650361c3a5351d909f1e6
[2m2025-12-10T10:12:34.098364Z[0m [34mDEBUG[0m [2methereum_transaction_pool_monitor::eth_client[0m[2m:[0m 🔍 Fetching transaction details for hash: 0x124aa7d2453536248432e673a1710d5f60aec1e677c650361c3a5351d909f1e6
[2m2025-12-10T10:12:34.098372Z[0m [34mDEBUG[0m [2mhyper::client::pool[0m[2m:[0m reuse idle connection for ("http", 192.168.0.14:8545)
[2m2025-12-10T10:12:34.098384Z[0m [34mDEBUG[0m [2mhyper::proto::h1::io[0m[2m:[0m flushed 250 bytes
[2m2025-12-10T10:12:34.105404Z[0m [34mDEBUG[0m [2mhyper::proto::h1::io[0m[2m:[0m parsed 4 headers
[2m2025-12-10T10:12:34.105462Z[0m [34mDEBUG[0m [2mhyper::proto::h1::conn[0m[2m:[0m incoming body is content-length (45 bytes)
[2m2025-12-10T10:12:34.105470Z[0m [34mDEBUG[0m [2mhyper::proto::h1::conn[0m[2m:[0m incoming body completed
[2m2025-12-10T10:12:34.105479Z[0m [34mDEBUG[0m [2mhyper::client::pool[0m[2m:[0m pooling idle connection for ("http", 192.168.0.14:8545)
[2m2025-12-10T10:12:34.105501Z[0m [34mDEBUG[0m [2mhyper::proto::h1::io[0m[2m:[0m parsed 4 headers
[2m2025-12-10T10:12:34.105506Z[0m [34mDEBUG[0m [2mhyper::proto::h1::conn[0m[2m:[0m incoming body is content-length (830 bytes)
[2m2025-12-10T10:12:34.105510Z[0m [34mDEBUG[0m [2mhyper::proto::h1::conn[0m[2m:[0m incoming body completed
[2m2025-12-10T10:12:34.105516Z[0m [34mDEBUG[0m [2mhyper::client::pool[0m[2m:[0m pooling idle connection for ("http", 192.168.0.14:8545)
[2m2025-12-10T10:12:34.105520Z[0m [34mDEBUG[0m [2methereum_transaction_pool_monitor::eth_client[0m[2m:[0m 📡 Transaction fetch RPC completed in 7.152125ms
[2m2025-12-10T10:12:34.177091Z[0m [34mDEBUG[0m [2methereum_transaction_pool_monitor::eth_client[0m[2m:[0m ✅ Transaction 0x124aa7d2453536248432e673a1710d5f60aec1e677c650361c3a5351d909f1e6 fetched and parsed in 78.721083ms
[2m2025-12-10T10:12:34.177113Z[0m [34mDEBUG[0m [2methereum_transaction_pool_monitor::mempool_monitor[0m[2m:[0m 🔍 Skipping tx 0x124aa7d2453536248432e673a1710d5f60aec1e677c650361c3a5351d909f1e6 - not a DEX interaction (target: 0x3B4D794a66304F130a4Db8F2551B0070dfCf5ca7)
[2m2025-12-10T10:12:34.177123Z[0m [34mDEBUG[0m [2methereum_transaction_pool_monitor::mempool_monitor[0m[2m:[0m 📨 Processing new pending transaction: 0xa4d37d69679aa80f7b5419804315bcbfbb6c5554c7bfdc529bd980d9b2d2592f
[2m2025-12-10T10:12:34.177131Z[0m [34mDEBUG[0m [2methereum_transaction_pool_monitor::mempool_monitor[0m[2m:[0m 🔍 Fetching transaction details for: 0xa4d37d69679aa80f7b5419804315bcbfbb6c5554c7bfdc529bd980d9b2d2592f
[2m2025-12-10T10:12:34.177137Z[0m [34mDEBUG[0m [2methereum_transaction_pool_monitor::eth_client[0m[2m:[0m 🔍 Fetching transaction details for hash: 0xa4d37d69679aa80f7b5419804315bcbfbb6c5554c7bfdc529bd980d9b2d2592f
[2m2025-12-10T10:12:34.177154Z[0m [34mDEBUG[0m [2mhyper::client::pool[0m[2m:[0m reuse idle connection for ("http", 192.168.0.14:8545)
[2m2025-12-10T10:12:34.177191Z[0m [34mDEBUG[0m [2mhyper::proto::h1::io[0m[2m:[0m flushed 250 bytes
[2m2025-12-10T10:12:34.177211Z[0m [34mDEBUG[0m [2methereum_transaction_pool_monitor::eth_client[0m[2m:[0m 📨 Received WebSocket message: {"jsonrpc":"2.0","method":"eth_subscription","params":{"subscription":"0xbed0a0851463e895960a451075a301a9","result":"0xa78a6346f300f9f5cb84f43e7f439e69da2156505253385e5463d1c8e3b5953e"}}
[2m2025-12-10T10:12:34.177219Z[0m [34mDEBUG[0m [2methereum_transaction_pool_monitor::eth_client[0m[2m:[0m 📨 Received pending transaction: 0xa78a6346f300f9f5cb84f43e7f439e69da2156505253385e5463d1c8e3b5953e
[2m2025-12-10T10:12:34.177227Z[0m [34mDEBUG[0m [2methereum_transaction_pool_monitor::eth_client[0m[2m:[0m 📨 Received WebSocket message: {"jsonrpc":"2.0","method":"eth_subscription","params":{"subscription":"0xbed0a0851463e895960a451075a301a9","result":"0x12cf6c67c1fa476efa3f9bdf5610a9660933a35ffda96d8dd4aa9fd95f269adf"}}
[2m2025-12-10T10:12:34.177233Z[0m [34mDEBUG[0m [2methereum_transaction_pool_monitor::eth_client[0m[2m:[0m 📨 Received pending transaction: 0x12cf6c67c1fa476efa3f9bdf5610a9660933a35ffda96d8dd4aa9fd95f269adf
[2m2025-12-10T10:12:34.187759Z[0m [34mDEBUG[0m [2mhyper::proto::h1::io[0m[2m:[0m parsed 4 headers
[2m2025-12-10T10:12:34.187771Z[0m [34mDEBUG[0m [2mhyper::proto::h1::conn[0m[2m:[0m incoming body is content-length (4291 bytes)
[2m2025-12-10T10:12:34.187779Z[0m [34mDEBUG[0m [2mhyper::proto::h1::conn[0m[2m:[0m incoming body completed
[2m2025-12-10T10:12:34.187788Z[0m [34mDEBUG[0m [2mhyper::client::pool[0m[2m:[0m pooling idle connection for ("http", 192.168.0.14:8545)
[2m2025-12-10T10:12:34.187795Z[0m [34mDEBUG[0m [2methereum_transaction_pool_monitor::eth_client[0m[2m:[0m 📡 Transaction fetch RPC completed in 10.652959ms
[2m2025-12-10T10:12:34.258795Z[0m [34mDEBUG[0m [2methereum_transaction_pool_monitor::eth_client[0m[2m:[0m ✅ Transaction 0xa4d37d69679aa80f7b5419804315bcbfbb6c5554c7bfdc529bd980d9b2d2592f fetched and parsed in 81.650875ms
[2m2025-12-10T10:12:34.258814Z[0m [34mDEBUG[0m [2methereum_transaction_pool_monitor::mempool_monitor[0m[2m:[0m 🔍 Skipping tx 0xa4d37d69679aa80f7b5419804315bcbfbb6c5554c7bfdc529bd980d9b2d2592f - not a DEX interaction (target: 0xF6801D319497789f934ec7F83E142a9536312B08)
[2m2025-12-10T10:12:34.258825Z[0m [34mDEBUG[0m [2methereum_transaction_pool_monitor::mempool_monitor[0m[2m:[0m 📨 Processing new pending transaction: 0x3c585fb39b385477c646d0334a7f65274b266ea3940183a1a1f14cce1cc9fdff
[2m2025-12-10T10:12:34.258832Z[0m [34mDEBUG[0m [2methereum_transaction_pool_monitor::mempool_monitor[0m[2m:[0m 🔍 Fetching transaction details for: 0x3c585fb39b385477c646d0334a7f65274b266ea3940183a1a1f14cce1cc9fdff
[2m2025-12-10T10:12:34.258836Z[0m [34mDEBUG[0m [2methereum_transaction_pool_monitor::eth_client[0m[2m:[0m 🔍 Fetching transaction details for hash: 0x3c585fb39b385477c646d0334a7f65274b266ea3940183a1a1f14cce1cc9fdff
[2m2025-12-10T10:12:34.258854Z[0m [34mDEBUG[0m [2mhyper::client::pool[0m[2m:[0m reuse idle connection for ("http", 192.168.0.14:8545)
[2m2025-12-10T10:12:34.258881Z[0m [34mDEBUG[0m [2mhyper::proto::h1::io[0m[2m:[0m flushed 250 bytes
[2m2025-12-10T10:12:34.258910Z[0m [34mDEBUG[0m [2mhyper::client::pool[0m[2m:[0m reuse idle connection for ("http", 192.168.0.14:8545)
[2m2025-12-10T10:12:34.258921Z[0m [34mDEBUG[0m [2methereum_transaction_pool_monitor::eth_client[0m[2m:[0m 📨 Received WebSocket message: {"jsonrpc":"2.0","method":"eth_subscription","params":{"subscription":"0xbed0a0851463e895960a451075a301a9","result":"0xa4d657a99f8eb08ea6682a3931c89c7dc2cedb5ea277bd1c7685df3ec039a9e3"}}
[2m2025-12-10T10:12:34.258923Z[0m [34mDEBUG[0m [2mhyper::proto::h1::io[0m[2m:[0m flushed 172 bytes
[2m2025-12-10T10:12:34.258934Z[0m [34mDEBUG[0m [2methereum_transaction_pool_monitor::eth_client[0m[2m:[0m 📨 Received pending transaction: 0xa4d657a99f8eb08ea6682a3931c89c7dc2cedb5ea277bd1c7685df3ec039a9e3
[2m2025-12-10T10:12:34.258941Z[0m [34mDEBUG[0m [2methereum_transaction_pool_monitor::eth_client[0m[2m:[0m 📨 Received WebSocket message: {"jsonrpc":"2.0","method":"eth_subscription","params":{"subscription":"0xbed0a0851463e895960a451075a301a9","result":"0x3223f78ad13781b93b2e2b1b7166d378e1bf1d557528a249a4896223b46cc18d"}}
[2m2025-12-10T10:12:34.258946Z[0m [34mDEBUG[0m [2methereum_transaction_pool_monitor::eth_client[0m[2m:[0m 📨 Received pending transaction: 0x3223f78ad13781b93b2e2b1b7166d378e1bf1d557528a249a4896223b46cc18d
[2m2025-12-10T10:12:34.258951Z[0m [34mDEBUG[0m [2methereum_transaction_pool_monitor::eth_client[0m[2m:[0m 📨 Received WebSocket message: {"jsonrpc":"2.0","method":"eth_subscription","params":{"subscription":"0xbed0a0851463e895960a451075a301a9","result":"0xd77f859b26da6a7f64031eed1447cbb6855e653c27e8da18a0011b1139d6d895"}}
[2m2025-12-10T10:12:34.258956Z[0m [34mDEBUG[0m [2methereum_transaction_pool_monitor::eth_client[0m[2m:[0m 📨 Received pending transaction: 0xd77f859b26da6a7f64031eed1447cbb6855e653c27e8da18a0011b1139d6d895
[2m2025-12-10T10:12:34.258960Z[0m [34mDEBUG[0m [2methereum_transaction_pool_monitor::eth_client[0m[2m:[0m 📨 Received WebSocket message: {"jsonrpc":"2.0","method":"eth_subscription","params":{"subscription":"0xbed0a0851463e895960a451075a301a9","result":"0x86a481e2ba3a351ebb0a7aea7297379ecfe544ff777b78c5fb213feb7ef7e737"}}
[2m2025-12-10T10:12:34.258965Z[0m [34mDEBUG[0m [2methereum_transaction_pool_monitor::eth_client[0m[2m:[0m 📨 Received pending transaction: 0x86a481e2ba3a351ebb0a7aea7297379ecfe544ff777b78c5fb213feb7ef7e737
[2m2025-12-10T10:12:34.263322Z[0m [34mDEBUG[0m [2mhyper::proto::h1::io[0m[2m:[0m parsed 4 headers
[2m2025-12-10T10:12:34.263337Z[0m [34mDEBUG[0m [2mhyper::proto::h1::conn[0m[2m:[0m incoming body is content-length (45 bytes)
[2m2025-12-10T10:12:34.263345Z[0m [34mDEBUG[0m [2mhyper::proto::h1::conn[0m[2m:[0m incoming body completed
[2m2025-12-10T10:12:34.263353Z[0m [34mDEBUG[0m [2mhyper::client::pool[0m[2m:[0m pooling idle connection for ("http", 192.168.0.14:8545)
[2m2025-12-10T10:12:34.265556Z[0m [34mDEBUG[0m [2mhyper::proto::h1::io[0m[2m:[0m parsed 4 headers
[2m2025-12-10T10:12:34.265572Z[0m [34mDEBUG[0m [2mhyper::proto::h1::conn[0m[2m:[0m incoming body is content-length (4355 bytes)
[2m2025-12-10T10:12:34.265584Z[0m [34mDEBUG[0m [2mhyper::proto::h1::conn[0m[2m:[0m incoming body completed
[2m2025-12-10T10:12:34.265609Z[0m [34mDEBUG[0m [2mhyper::client::pool[0m[2m:[0m pooling idle connection for ("http", 192.168.0.14:8545)
[2m2025-12-10T10:12:34.265616Z[0m [34mDEBUG[0m [2methereum_transaction_pool_monitor::eth_client[0m[2m:[0m 📡 Transaction fetch RPC completed in 6.77525ms
[2m2025-12-10T10:12:34.336978Z[0m [34mDEBUG[0m [2methereum_transaction_pool_monitor::eth_client[0m[2m:[0m ✅ Transaction 0x3c585fb39b385477c646d0334a7f65274b266ea3940183a1a1f14cce1cc9fdff fetched and parsed in 78.135084ms
[2m2025-12-10T10:12:34.337010Z[0m [34mDEBUG[0m [2methereum_transaction_pool_monitor::mempool_monitor[0m[2m:[0m 🔍 Skipping tx 0x3c585fb39b385477c646d0334a7f65274b266ea3940183a1a1f14cce1cc9fdff - not a DEX interaction (target: 0xF6801D319497789f934ec7F83E142a9536312B08)
[2m2025-12-10T10:12:34.337026Z[0m [34mDEBUG[0m [2methereum_transaction_pool_monitor::mempool_monitor[0m[2m:[0m 📨 Processing new pending transaction: 0x602022609653ac96af628592b7d13d091c577e7c58a78ed334c1fc618ca242b5
[2m2025-12-10T10:12:34.337138Z[0m [34mDEBUG[0m [2methereum_transaction_pool_monitor::mempool_monitor[0m[2m:[0m 🔍 Fetching transaction details for: 0x602022609653ac96af628592b7d13d091c577e7c58a78ed334c1fc618ca242b5
[2m2025-12-10T10:12:34.337148Z[0m [34mDEBUG[0m [2methereum_transaction_pool_monitor::eth_client[0m[2m:[0m 🔍 Fetching transaction details for hash: 0x602022609653ac96af628592b7d13d091c577e7c58a78ed334c1fc618ca242b5
[2m2025-12-10T10:12:34.337165Z[0m [34mDEBUG[0m [2mhyper::client::pool[0m[2m:[0m reuse idle connection for ("http", 192.168.0.14:8545)
[2m2025-12-10T10:12:34.337187Z[0m [34mDEBUG[0m [2mhyper::proto::h1::io[0m[2m:[0m flushed 250 bytes
[2m2025-12-10T10:12:34.337204Z[0m [34mDEBUG[0m [2mhyper::client::pool[0m[2m:[0m reuse idle connection for ("http", 192.168.0.14:8545)
[2m2025-12-10T10:12:34.337220Z[0m [34mDEBUG[0m [2mhyper::proto::h1::io[0m[2m:[0m flushed 172 bytes
[2m2025-12-10T10:12:34.337221Z[0m [34mDEBUG[0m [2methereum_transaction_pool_monitor::eth_client[0m[2m:[0m 📨 Received WebSocket message: {"jsonrpc":"2.0","method":"eth_subscription","params":{"subscription":"0xbed0a0851463e895960a451075a301a9","result":"0xbb7aa9881568b6deefd35bb3ffb7c095686a4b6140496c879f1153e4dc245f79"}}
[2m2025-12-10T10:12:34.337234Z[0m [34mDEBUG[0m [2methereum_transaction_pool_monitor::eth_client[0m[2m:[0m 📨 Received pending transaction: 0xbb7aa9881568b6deefd35bb3ffb7c095686a4b6140496c879f1153e4dc245f79
[2m2025-12-10T10:12:34.337240Z[0m [34mDEBUG[0m [2methereum_transaction_pool_monitor::eth_client[0m[2m:[0m 📨 Received WebSocket message: {"jsonrpc":"2.0","method":"eth_subscription","params":{"subscription":"0xbed0a0851463e895960a451075a301a9","result":"0xfa2595107402db8c81b4c6d6fbe9d0b6000907e571e00fbef3b9eb6715c7d3e4"}}
[2m2025-12-10T10:12:34.337246Z[0m [34mDEBUG[0m [2methereum_transaction_pool_monitor::eth_client[0m[2m:[0m 📨 Received pending transaction: 0xfa2595107402db8c81b4c6d6fbe9d0b6000907e571e00fbef3b9eb6715c7d3e4
[2m2025-12-10T10:12:34.340509Z[0m [34mDEBUG[0m [2mhyper::proto::h1::io[0m[2m:[0m parsed 4 headers
[2m2025-12-10T10:12:34.340516Z[0m [34mDEBUG[0m [2mhyper::proto::h1::conn[0m[2m:[0m incoming body is content-length (45 bytes)
[2m2025-12-10T10:12:34.340523Z[0m [34mDEBUG[0m [2mhyper::proto::h1::conn[0m[2m:[0m incoming body completed
[2m2025-12-10T10:12:34.340530Z[0m [34mDEBUG[0m [2mhyper::client::pool[0m[2m:[0m pooling idle connection for ("http", 192.168.0.14:8545)
[2m2025-12-10T10:12:34.341076Z[0m [34mDEBUG[0m [2mhyper::proto::h1::io[0m[2m:[0m parsed 4 headers
[2m2025-12-10T10:12:34.341082Z[0m [34mDEBUG[0m [2mhyper::proto::h1::conn[0m[2m:[0m incoming body is content-length (776 bytes)
[2m2025-12-10T10:12:34.341087Z[0m [34mDEBUG[0m [2mhyper::proto::h1::conn[0m[2m:[0m incoming body completed
[2m2025-12-10T10:12:34.341095Z[0m [34mDEBUG[0m [2mhyper::client::pool[0m[2m:[0m pooling idle connection for ("http", 192.168.0.14:8545)
[2m2025-12-10T10:12:34.341103Z[0m [34mDEBUG[0m [2methereum_transaction_pool_monitor::eth_client[0m[2m:[0m 📡 Transaction fetch RPC completed in 3.94975ms
[2m2025-12-10T10:12:34.412809Z[0m [34mDEBUG[0m [2methereum_transaction_pool_monitor::eth_client[0m[2m:[0m ✅ Transaction 0x602022609653ac96af628592b7d13d091c577e7c58a78ed334c1fc618ca242b5 fetched and parsed in 75.653458ms
[2m2025-12-10T10:12:34.412836Z[0m [34mDEBUG[0m [2methereum_transaction_pool_monitor::mempool_monitor[0m[2m:[0m 🔍 Skipping tx 0x602022609653ac96af628592b7d13d091c577e7c58a78ed334c1fc618ca242b5 - not a DEX interaction (target: 0x6c3ea9036406852006290770BEdFcAbA0e23A0e8)
[2m2025-12-10T10:12:34.412847Z[0m [34mDEBUG[0m [2methereum_transaction_pool_monitor::mempool_monitor[0m[2m:[0m 📨 Processing new pending transaction: 0xb780c7ed1f68e0273e933bce9f9b95803f2da019c73be41261db647754182d57
[2m2025-12-10T10:12:34.412856Z[0m [34mDEBUG[0m [2methereum_transaction_pool_monitor::mempool_monitor[0m[2m:[0m 🔍 Fetching transaction details for: 0xb780c7ed1f68e0273e933bce9f9b95803f2da019c73be41261db647754182d57
[2m2025-12-10T10:12:34.412861Z[0m [34mDEBUG[0m [2methereum_transaction_pool_monitor::eth_client[0m[2m:[0m 🔍 Fetching transaction details for hash: 0xb780c7ed1f68e0273e933bce9f9b95803f2da019c73be41261db647754182d57
[2m2025-12-10T10:12:34.412881Z[0m [34mDEBUG[0m [2mhyper::client::pool[0m[2m:[0m reuse idle connection for ("http", 192.168.0.14:8545)
[2m2025-12-10T10:12:34.412919Z[0m [34mDEBUG[0m [2mhyper::proto::h1::io[0m[2m:[0m flushed 250 bytes
[2m2025-12-10T10:12:34.412938Z[0m [34mDEBUG[0m [2mhyper::client::pool[0m[2m:[0m reuse idle connection for ("http", 192.168.0.14:8545)
[2m2025-12-10T10:12:34.412952Z[0m [34mDEBUG[0m [2mhyper::proto::h1::io[0m[2m:[0m flushed 172 bytes
[2m2025-12-10T10:12:34.412991Z[0m [34mDEBUG[0m [2methereum_transaction_pool_monitor::eth_client[0m[2m:[0m 📨 Received WebSocket message: {"jsonrpc":"2.0","method":"eth_subscription","params":{"subscription":"0xbed0a0851463e895960a451075a301a9","result":"0x0f0e7ee0c8effe1768068ca1177eb8fb6cd1a15ad66a073f11a139e82e9adb6e"}}
[2m2025-12-10T10:12:34.412999Z[0m [34mDEBUG[0m [2methereum_transaction_pool_monitor::eth_client[0m[2m:[0m 📨 Received pending transaction: 0x0f0e7ee0c8effe1768068ca1177eb8fb6cd1a15ad66a073f11a139e82e9adb6e
[2m2025-12-10T10:12:34.416287Z[0m [34mDEBUG[0m [2mhyper::proto::h1::io[0m[2m:[0m parsed 4 headers
[2m2025-12-10T10:12:34.416300Z[0m [34mDEBUG[0m [2mhyper::proto::h1::conn[0m[2m:[0m incoming body is content-length (45 bytes)
[2m2025-12-10T10:12:34.416307Z[0m [34mDEBUG[0m [2mhyper::proto::h1::conn[0m[2m:[0m incoming body completed
[2m2025-12-10T10:12:34.416315Z[0m [34mDEBUG[0m [2mhyper::client::pool[0m[2m:[0m pooling idle connection for ("http", 192.168.0.14:8545)
[2m2025-12-10T10:12:34.417368Z[0m [34mDEBUG[0m [2mhyper::proto::h1::io[0m[2m:[0m parsed 4 headers
[2m2025-12-10T10:12:34.417384Z[0m [34mDEBUG[0m [2mhyper::proto::h1::conn[0m[2m:[0m incoming body is content-length (553 bytes)
[2m2025-12-10T10:12:34.417396Z[0m [34mDEBUG[0m [2mhyper::proto::h1::conn[0m[2m:[0m incoming body completed
[2m2025-12-10T10:12:34.417412Z[0m [34mDEBUG[0m [2mhyper::client::pool[0m[2m:[0m pooling idle connection for ("http", 192.168.0.14:8545)
[2m2025-12-10T10:12:34.417420Z[0m [34mDEBUG[0m [2methereum_transaction_pool_monitor::eth_client[0m[2m:[0m 📡 Transaction fetch RPC completed in 4.553917ms
[2m2025-12-10T10:12:34.489410Z[0m [34mDEBUG[0m [2methereum_transaction_pool_monitor::eth_client[0m[2m:[0m ✅ Transaction 0xb780c7ed1f68e0273e933bce9f9b95803f2da019c73be41261db647754182d57 fetched and parsed in 76.541917ms
[2m2025-12-10T10:12:34.489437Z[0m [34mDEBUG[0m [2methereum_transaction_pool_monitor::mempool_monitor[0m[2m:[0m 🔍 Skipping tx 0xb780c7ed1f68e0273e933bce9f9b95803f2da019c73be41261db647754182d57 - not a DEX interaction (target: 0xF801497771c7727cDFF6473b14fd8472AD69D05c)
[2m2025-12-10T10:12:34.489453Z[0m [34mDEBUG[0m [2methereum_transaction_pool_monitor::mempool_monitor[0m[2m:[0m 📨 Processing new pending transaction: 0xa78a6346f300f9f5cb84f43e7f439e69da2156505253385e5463d1c8e3b5953e
[2m2025-12-10T10:12:34.489462Z[0m [34mDEBUG[0m [2methereum_transaction_pool_monitor::mempool_monitor[0m[2m:[0m 🔍 Fetching transaction details for: 0xa78a6346f300f9f5cb84f43e7f439e69da2156505253385e5463d1c8e3b5953e
[2m2025-12-10T10:12:34.489467Z[0m [34mDEBUG[0m [2methereum_transaction_pool_monitor::eth_client[0m[2m:[0m 🔍 Fetching transaction details for hash: 0xa78a6346f300f9f5cb84f43e7f439e69da2156505253385e5463d1c8e3b5953e
[2m2025-12-10T10:12:34.489487Z[0m [34mDEBUG[0m [2mhyper::client::pool[0m[2m:[0m reuse idle connection for ("http", 192.168.0.14:8545)
[2m2025-12-10T10:12:34.489517Z[0m [34mDEBUG[0m [2mhyper::proto::h1::io[0m[2m:[0m flushed 250 bytes
[2m2025-12-10T10:12:34.498142Z[0m [34mDEBUG[0m [2mhyper::client::pool[0m[2m:[0m reuse idle connection for ("http", 192.168.0.14:8545)
[2m2025-12-10T10:12:34.498170Z[0m [34mDEBUG[0m [2mhyper::proto::h1::io[0m[2m:[0m flushed 172 bytes
[2m2025-12-10T10:12:34.498170Z[0m [34mDEBUG[0m [2mhyper::proto::h1::io[0m[2m:[0m parsed 4 headers
[2m2025-12-10T10:12:34.498184Z[0m [34mDEBUG[0m [2mhyper::proto::h1::conn[0m[2m:[0m incoming body is content-length (829 bytes)
[2m2025-12-10T10:12:34.498192Z[0m [34mDEBUG[0m [2mhyper::proto::h1::conn[0m[2m:[0m incoming body completed
[2m2025-12-10T10:12:34.498200Z[0m [34mDEBUG[0m [2mhyper::client::pool[0m[2m:[0m pooling idle connection for ("http", 192.168.0.14:8545)
[2m2025-12-10T10:12:34.498207Z[0m [34mDEBUG[0m [2methereum_transaction_pool_monitor::eth_client[0m[2m:[0m 📡 Transaction fetch RPC completed in 8.733167ms
[2m2025-12-10T10:12:34.502300Z[0m [34mDEBUG[0m [2mhyper::proto::h1::io[0m[2m:[0m parsed 4 headers
[2m2025-12-10T10:12:34.502359Z[0m [34mDEBUG[0m [2mhyper::proto::h1::conn[0m[2m:[0m incoming body is content-length (45 bytes)
[2m2025-12-10T10:12:34.502378Z[0m [34mDEBUG[0m [2mhyper::proto::h1::conn[0m[2m:[0m incoming body completed
[2m2025-12-10T10:12:34.502416Z[0m [34mDEBUG[0m [2mhyper::client::pool[0m[2m:[0m pooling idle connection for ("http", 192.168.0.14:8545)
[2m2025-12-10T10:12:34.549688Z[0m [34mDEBUG[0m [2methereum_transaction_pool_monitor::eth_client[0m[2m:[0m 📨 Received WebSocket message: {"jsonrpc":"2.0","method":"eth_subscription","params":{"subscription":"0xbed0a0851463e895960a451075a301a9","result":"0xcf106a47e0bfadc4e81ac6c786e5b06bae69fa1794a68dbe0548d0177b0b0d0b"}}
[2m2025-12-10T10:12:34.549730Z[0m [34mDEBUG[0m [2methereum_transaction_pool_monitor::eth_client[0m[2m:[0m 📨 Received pending transaction: 0xcf106a47e0bfadc4e81ac6c786e5b06bae69fa1794a68dbe0548d0177b0b0d0b
[2m2025-12-10T10:12:34.551210Z[0m [34mDEBUG[0m [2methereum_transaction_pool_monitor::eth_client[0m[2m:[0m 📨 Received WebSocket message: {"jsonrpc":"2.0","method":"eth_subscription","params":{"subscription":"0xbed0a0851463e895960a451075a301a9","result":"0xeb480ecdfd01679673df5786d81f80411ace52bf01381a086b916d4c5ba2ea31"}}
[2m2025-12-10T10:12:34.551260Z[0m [34mDEBUG[0m [2methereum_transaction_pool_monitor::eth_client[0m[2m:[0m 📨 Received pending transaction: 0xeb480ecdfd01679673df5786d81f80411ace52bf01381a086b916d4c5ba2ea31
[2m2025-12-10T10:12:34.569562Z[0m [34mDEBUG[0m [2methereum_transaction_pool_monitor::eth_client[0m[2m:[0m ✅ Transaction 0xa78a6346f300f9f5cb84f43e7f439e69da2156505253385e5463d1c8e3b5953e fetched and parsed in 80.086709ms
[2m2025-12-10T10:12:34.569586Z[0m [34mDEBUG[0m [2methereum_transaction_pool_monitor::mempool_monitor[0m[2m:[0m 🔍 Skipping tx 0xa78a6346f300f9f5cb84f43e7f439e69da2156505253385e5463d1c8e3b5953e - not a DEX interaction (target: 0x3B4D794a66304F130a4Db8F2551B0070dfCf5ca7)
[2m2025-12-10T10:12:34.569597Z[0m [34mDEBUG[0m [2methereum_transaction_pool_monitor::mempool_monitor[0m[2m:[0m 📨 Processing new pending transaction: 0x12cf6c67c1fa476efa3f9bdf5610a9660933a35ffda96d8dd4aa9fd95f269adf
[2m2025-12-10T10:12:34.569604Z[0m [34mDEBUG[0m [2methereum_transaction_pool_monitor::mempool_monitor[0m[2m:[0m 🔍 Fetching transaction details for: 0x12cf6c67c1fa476efa3f9bdf5610a9660933a35ffda96d8dd4aa9fd95f269adf
[2m2025-12-10T10:12:34.569610Z[0m [34mDEBUG[0m [2methereum_transaction_pool_monitor::eth_client[0m[2m:[0m 🔍 Fetching transaction details for hash: 0x12cf6c67c1fa476efa3f9bdf5610a9660933a35ffda96d8dd4aa9fd95f269adf
[2m2025-12-10T10:12:34.569631Z[0m [34mDEBUG[0m [2mhyper::client::pool[0m[2m:[0m reuse idle connection for ("http", 192.168.0.14:8545)
[2m2025-12-10T10:12:34.569667Z[0m [34mDEBUG[0m [2mhyper::proto::h1::io[0m[2m:[0m flushed 250 bytes
[2m2025-12-10T10:12:34.570492Z[0m [34mDEBUG[0m [2methereum_transaction_pool_monitor::eth_client[0m[2m:[0m 📨 Received WebSocket message: {"jsonrpc":"2.0","method":"eth_subscription","params":{"subscription":"0xbed0a0851463e895960a451075a301a9","result":"0x466c20c9d1e22e57f7c2dbee38a4927b019842472c633dc39395a870f4e46720"}}
[2m2025-12-10T10:12:34.570503Z[0m [34mDEBUG[0m [2methereum_transaction_pool_monitor::eth_client[0m[2m:[0m 📨 Received pending transaction: 0x466c20c9d1e22e57f7c2dbee38a4927b019842472c633dc39395a870f4e46720
[2m2025-12-10T10:12:34.574229Z[0m [34mDEBUG[0m [2mhyper::proto::h1::io[0m[2m:[0m parsed 4 headers
[2m2025-12-10T10:12:34.574236Z[0m [34mDEBUG[0m [2mhyper::proto::h1::conn[0m[2m:[0m incoming body is content-length (830 bytes)
[2m2025-12-10T10:12:34.574244Z[0m [34mDEBUG[0m [2mhyper::proto::h1::conn[0m[2m:[0m incoming body completed
[2m2025-12-10T10:12:34.574254Z[0m [34mDEBUG[0m [2mhyper::client::pool[0m[2m:[0m pooling idle connection for ("http", 192.168.0.14:8545)
[2m2025-12-10T10:12:34.574260Z[0m [34mDEBUG[0m [2methereum_transaction_pool_monitor::eth_client[0m[2m:[0m 📡 Transaction fetch RPC completed in 4.64525ms
[2m2025-12-10T10:12:34.645229Z[0m [34mDEBUG[0m [2methereum_transaction_pool_monitor::eth_client[0m[2m:[0m ✅ Transaction 0x12cf6c67c1fa476efa3f9bdf5610a9660933a35ffda96d8dd4aa9fd95f269adf fetched and parsed in 75.6115ms
[2m2025-12-10T10:12:34.645254Z[0m [34mDEBUG[0m [2methereum_transaction_pool_monitor::mempool_monitor[0m[2m:[0m 🔍 Skipping tx 0x12cf6c67c1fa476efa3f9bdf5610a9660933a35ffda96d8dd4aa9fd95f269adf - not a DEX interaction (target: 0x3B4D794a66304F130a4Db8F2551B0070dfCf5ca7)
[2m2025-12-10T10:12:34.645265Z[0m [34mDEBUG[0m [2methereum_transaction_pool_monitor::mempool_monitor[0m[2m:[0m 📨 Processing new pending transaction: 0xa4d657a99f8eb08ea6682a3931c89c7dc2cedb5ea277bd1c7685df3ec039a9e3
[2m2025-12-10T10:12:34.645272Z[0m [34mDEBUG[0m [2methereum_transaction_pool_monitor::mempool_monitor[0m[2m:[0m 🔍 Fetching transaction details for: 0xa4d657a99f8eb08ea6682a3931c89c7dc2cedb5ea277bd1c7685df3ec039a9e3
[2m2025-12-10T10:12:34.645277Z[0m [34mDEBUG[0m [2methereum_transaction_pool_monitor::eth_client[0m[2m:[0m 🔍 Fetching transaction details for hash: 0xa4d657a99f8eb08ea6682a3931c89c7dc2cedb5ea277bd1c7685df3ec039a9e3
[2m2025-12-10T10:12:34.645294Z[0m [34mDEBUG[0m [2mhyper::client::pool[0m[2m:[0m reuse idle connection for ("http", 192.168.0.14:8545)
[2m2025-12-10T10:12:34.645335Z[0m [34mDEBUG[0m [2mhyper::proto::h1::io[0m[2m:[0m flushed 250 bytes
[2m2025-12-10T10:12:34.645354Z[0m [34mDEBUG[0m [2mhyper::client::pool[0m[2m:[0m reuse idle connection for ("http", 192.168.0.14:8545)
[2m2025-12-10T10:12:34.645369Z[0m [34mDEBUG[0m [2mhyper::proto::h1::io[0m[2m:[0m flushed 172 bytes
[2m2025-12-10T10:12:34.645371Z[0m [34mDEBUG[0m [2methereum_transaction_pool_monitor::eth_client[0m[2m:[0m 📨 Received WebSocket message: {"jsonrpc":"2.0","method":"eth_subscription","params":{"subscription":"0xbed0a0851463e895960a451075a301a9","result":"0x4d455079e8793e543e0ed15814ec5cf41cf10e1b7415342f0a1921bd83ed302d"}}
[2m2025-12-10T10:12:34.645387Z[0m [34mDEBUG[0m [2methereum_transaction_pool_monitor::eth_client[0m[2m:[0m 📨 Received pending transaction: 0x4d455079e8793e543e0ed15814ec5cf41cf10e1b7415342f0a1921bd83ed302d
[2m2025-12-10T10:12:34.649609Z[0m [34mDEBUG[0m [2mhyper::proto::h1::io[0m[2m:[0m parsed 4 headers
[2m2025-12-10T10:12:34.649615Z[0m [34mDEBUG[0m [2mhyper::proto::h1::conn[0m[2m:[0m incoming body is content-length (45 bytes)
[2m2025-12-10T10:12:34.649625Z[0m [34mDEBUG[0m [2mhyper::proto::h1::conn[0m[2m:[0m incoming body completed
[2m2025-12-10T10:12:34.649623Z[0m [34mDEBUG[0m [2mhyper::proto::h1::io[0m[2m:[0m parsed 4 headers
[2m2025-12-10T10:12:34.649670Z[0m [34mDEBUG[0m [2mhyper::proto::h1::conn[0m[2m:[0m incoming body is content-length (644 bytes)
[2m2025-12-10T10:12:34.649684Z[0m [34mDEBUG[0m [2mhyper::proto::h1::conn[0m[2m:[0m incoming body completed
[2m2025-12-10T10:12:34.649639Z[0m [34mDEBUG[0m [2mhyper::client::pool[0m[2m:[0m pooling idle connection for ("http", 192.168.0.14:8545)
[2m2025-12-10T10:12:34.649690Z[0m [34mDEBUG[0m [2mhyper::client::pool[0m[2m:[0m pooling idle connection for ("http", 192.168.0.14:8545)
[2m2025-12-10T10:12:34.649961Z[0m [34mDEBUG[0m [2methereum_transaction_pool_monitor::eth_client[0m[2m:[0m 📡 Transaction fetch RPC completed in 4.679125ms
[2m2025-12-10T10:12:34.656005Z[0m [34mDEBUG[0m [2methereum_transaction_pool_monitor::eth_client[0m[2m:[0m 📨 Received WebSocket message: {"jsonrpc":"2.0","method":"eth_subscription","params":{"subscription":"0xbed0a0851463e895960a451075a301a9","result":"0xf796d4e9890305a5d12386b478bd63289f39811826a7604eb211b47d15318f20"}}
[2m2025-12-10T10:12:34.656029Z[0m [34mDEBUG[0m [2methereum_transaction_pool_monitor::eth_client[0m[2m:[0m 📨 Received pending transaction: 0xf796d4e9890305a5d12386b478bd63289f39811826a7604eb211b47d15318f20
[2m2025-12-10T10:12:34.700071Z[0m [34mDEBUG[0m [2mhyper::client::pool[0m[2m:[0m reuse idle connection for ("http", 192.168.0.14:8545)
[2m2025-12-10T10:12:34.700131Z[0m [34mDEBUG[0m [2mhyper::proto::h1::io[0m[2m:[0m flushed 172 bytes
[2m2025-12-10T10:12:34.703681Z[0m [34mDEBUG[0m [2mhyper::proto::h1::io[0m[2m:[0m parsed 4 headers
[2m2025-12-10T10:12:34.703700Z[0m [34mDEBUG[0m [2mhyper::proto::h1::conn[0m[2m:[0m incoming body is content-length (45 bytes)
[2m2025-12-10T10:12:34.703709Z[0m [34mDEBUG[0m [2mhyper::proto::h1::conn[0m[2m:[0m incoming body completed
[2m2025-12-10T10:12:34.703719Z[0m [34mDEBUG[0m [2mhyper::client::pool[0m[2m:[0m pooling idle connection for ("http", 192.168.0.14:8545)
[2m2025-12-10T10:12:34.721358Z[0m [34mDEBUG[0m [2methereum_transaction_pool_monitor::eth_client[0m[2m:[0m ✅ Transaction 0xa4d657a99f8eb08ea6682a3931c89c7dc2cedb5ea277bd1c7685df3ec039a9e3 fetched and parsed in 76.073042ms
[2m2025-12-10T10:12:34.721383Z[0m [34mDEBUG[0m [2methereum_transaction_pool_monitor::mempool_monitor[0m[2m:[0m 🔍 Skipping tx 0xa4d657a99f8eb08ea6682a3931c89c7dc2cedb5ea277bd1c7685df3ec039a9e3 - not a DEX interaction (target: 0x8195D3496305D2DbE43B21d51e6cC77B6C9C8364)
[2m2025-12-10T10:12:34.721395Z[0m [34mDEBUG[0m [2methereum_transaction_pool_monitor::mempool_monitor[0m[2m:[0m 📨 Processing new pending transaction: 0x3223f78ad13781b93b2e2b1b7166d378e1bf1d557528a249a4896223b46cc18d
[2m2025-12-10T10:12:34.721403Z[0m [34mDEBUG[0m [2methereum_transaction_pool_monitor::mempool_monitor[0m[2m:[0m 🔍 Fetching transaction details for: 0x3223f78ad13781b93b2e2b1b7166d378e1bf1d557528a249a4896223b46cc18d
[2m2025-12-10T10:12:34.721409Z[0m [34mDEBUG[0m [2methereum_transaction_pool_monitor::eth_client[0m[2m:[0m 🔍 Fetching transaction details for hash: 0x3223f78ad13781b93b2e2b1b7166d378e1bf1d557528a249a4896223b46cc18d
[2m2025-12-10T10:12:34.721428Z[0m [34mDEBUG[0m [2mhyper::client::pool[0m[2m:[0m reuse idle connection for ("http", 192.168.0.14:8545)
[2m2025-12-10T10:12:34.721458Z[0m [34mDEBUG[0m [2mhyper::proto::h1::io[0m[2m:[0m flushed 250 bytes
[2m2025-12-10T10:12:34.726084Z[0m [34mDEBUG[0m [2mhyper::proto::h1::io[0m[2m:[0m parsed 4 headers
[2m2025-12-10T10:12:34.726094Z[0m [34mDEBUG[0m [2mhyper::proto::h1::conn[0m[2m:[0m incoming body is content-length (777 bytes)
[2m2025-12-10T10:12:34.726101Z[0m [34mDEBUG[0m [2mhyper::proto::h1::conn[0m[2m:[0m incoming body completed
[2m2025-12-10T10:12:34.726111Z[0m [34mDEBUG[0m [2mhyper::client::pool[0m[2m:[0m pooling idle connection for ("http", 192.168.0.14:8545)
[2m2025-12-10T10:12:34.726118Z[0m [34mDEBUG[0m [2methereum_transaction_pool_monitor::eth_client[0m[2m:[0m 📡 Transaction fetch RPC completed in 4.705084ms
[2m2025-12-10T10:12:34.726135Z[0m [34mDEBUG[0m [2methereum_transaction_pool_monitor::eth_client[0m[2m:[0m DeFi transaction detected - Address: 0xdac17f958d2ee523a2206206994597c13d831ec7, Type: Stablecoin, Value: 0 ETH, Gas: 127.50 Gwei
[2m2025-12-10T10:12:34.726149Z[0m [34mDEBUG[0m [2methereum_transaction_pool_monitor::eth_client[0m[2m:[0m ✅ Transaction 0x3223f78ad13781b93b2e2b1b7166d378e1bf1d557528a249a4896223b46cc18d fetched and parsed in 4.735667ms
[2m2025-12-10T10:12:34.726156Z[0m [34mDEBUG[0m [2methereum_transaction_pool_monitor::mempool_monitor[0m[2m:[0m 🔍 Skipping tx 0x3223f78ad13781b93b2e2b1b7166d378e1bf1d557528a249a4896223b46cc18d - not a DEX interaction (target: 0xdAC17F958D2ee523a2206206994597C13D831ec7)
[2m2025-12-10T10:12:34.726163Z[0m [34mDEBUG[0m [2methereum_transaction_pool_monitor::mempool_monitor[0m[2m:[0m 📨 Processing new pending transaction: 0xd77f859b26da6a7f64031eed1447cbb6855e653c27e8da18a0011b1139d6d895
[2m2025-12-10T10:12:34.726168Z[0m [34mDEBUG[0m [2methereum_transaction_pool_monitor::mempool_monitor[0m[2m:[0m 🔍 Fetching transaction details for: 0xd77f859b26da6a7f64031eed1447cbb6855e653c27e8da18a0011b1139d6d895
[2m2025-12-10T10:12:34.726174Z[0m [34mDEBUG[0m [2methereum_transaction_pool_monitor::eth_client[0m[2m:[0m 🔍 Fetching transaction details for hash: 0xd77f859b26da6a7f64031eed1447cbb6855e653c27e8da18a0011b1139d6d895
[2m2025-12-10T10:12:34.726188Z[0m [34mDEBUG[0m [2mhyper::client::pool[0m[2m:[0m reuse idle connection for ("http", 192.168.0.14:8545)
[2m2025-12-10T10:12:34.726215Z[0m [34mDEBUG[0m [2mhyper::proto::h1::io[0m[2m:[0m flushed 250 bytes
[2m2025-12-10T10:12:34.732894Z[0m [34mDEBUG[0m [2mhyper::proto::h1::io[0m[2m:[0m parsed 4 headers
[2m2025-12-10T10:12:34.734635Z[0m [34mDEBUG[0m [2mhyper::proto::h1::conn[0m[2m:[0m incoming body is content-length (656 bytes)
[2m2025-12-10T10:12:34.734656Z[0m [34mDEBUG[0m [2mhyper::proto::h1::conn[0m[2m:[0m incoming body completed
[2m2025-12-10T10:12:34.734665Z[0m [34mDEBUG[0m [2mhyper::client::pool[0m[2m:[0m pooling idle connection for ("http", 192.168.0.14:8545)
[2m2025-12-10T10:12:34.734672Z[0m [34mDEBUG[0m [2methereum_transaction_pool_monitor::eth_client[0m[2m:[0m 📡 Transaction fetch RPC completed in 8.492375ms
[2m2025-12-10T10:12:34.806377Z[0m [34mDEBUG[0m [2methereum_transaction_pool_monitor::eth_client[0m[2m:[0m ✅ Transaction 0xd77f859b26da6a7f64031eed1447cbb6855e653c27e8da18a0011b1139d6d895 fetched and parsed in 80.194208ms
[2m2025-12-10T10:12:34.806403Z[0m [34mDEBUG[0m [2methereum_transaction_pool_monitor::mempool_monitor[0m[2m:[0m 🔍 Skipping tx 0xd77f859b26da6a7f64031eed1447cbb6855e653c27e8da18a0011b1139d6d895 - not a DEX interaction (target: 0x791E58EDEEBB7621720E89bb395Dbe92d6354a36)
[2m2025-12-10T10:12:34.806413Z[0m [34mDEBUG[0m [2methereum_transaction_pool_monitor::mempool_monitor[0m[2m:[0m 📨 Processing new pending transaction: 0x86a481e2ba3a351ebb0a7aea7297379ecfe544ff777b78c5fb213feb7ef7e737
[2m2025-12-10T10:12:34.806422Z[0m [34mDEBUG[0m [2methereum_transaction_pool_monitor::mempool_monitor[0m[2m:[0m 🔍 Fetching transaction details for: 0x86a481e2ba3a351ebb0a7aea7297379ecfe544ff777b78c5fb213feb7ef7e737
[2m2025-12-10T10:12:34.806429Z[0m [34mDEBUG[0m [2methereum_transaction_pool_monitor::eth_client[0m[2m:[0m 🔍 Fetching transaction details for hash: 0x86a481e2ba3a351ebb0a7aea7297379ecfe544ff777b78c5fb213feb7ef7e737
[2m2025-12-10T10:12:34.806446Z[0m [34mDEBUG[0m [2mhyper::client::pool[0m[2m:[0m reuse idle connection for ("http", 192.168.0.14:8545)
[2m2025-12-10T10:12:34.806493Z[0m [34mDEBUG[0m [2mhyper::proto::h1::io[0m[2m:[0m flushed 250 bytes
[2m2025-12-10T10:12:34.806521Z[0m [34mDEBUG[0m [2mhyper::client::pool[0m[2m:[0m reuse idle connection for ("http", 192.168.0.14:8545)
[2m2025-12-10T10:12:34.806533Z[0m [34mDEBUG[0m [2mhyper::proto::h1::io[0m[2m:[0m flushed 172 bytes
[2m2025-12-10T10:12:34.818749Z[0m [34mDEBUG[0m [2mhyper::proto::h1::io[0m[2m:[0m parsed 4 headers
[2m2025-12-10T10:12:34.818758Z[0m [34mDEBUG[0m [2mhyper::proto::h1::conn[0m[2m:[0m incoming body is content-length (777 bytes)
[2m2025-12-10T10:12:34.818765Z[0m [34mDEBUG[0m [2mhyper::proto::h1::conn[0m[2m:[0m incoming body completed
[2m2025-12-10T10:12:34.818773Z[0m [34mDEBUG[0m [2mhyper::client::pool[0m[2m:[0m pooling idle connection for ("http", 192.168.0.14:8545)
[2m2025-12-10T10:12:34.818780Z[0m [34mDEBUG[0m [2methereum_transaction_pool_monitor::eth_client[0m[2m:[0m 📡 Transaction fetch RPC completed in 12.347083ms
[2m2025-12-10T10:12:34.887032Z[0m [34mDEBUG[0m [2methereum_transaction_pool_monitor::eth_client[0m[2m:[0m ✅ Transaction 0x86a481e2ba3a351ebb0a7aea7297379ecfe544ff777b78c5fb213feb7ef7e737 fetched and parsed in 80.595541ms
[2m2025-12-10T10:12:34.887059Z[0m [34mDEBUG[0m [2methereum_transaction_pool_monitor::mempool_monitor[0m[2m:[0m 🔍 Skipping tx 0x86a481e2ba3a351ebb0a7aea7297379ecfe544ff777b78c5fb213feb7ef7e737 - not a DEX interaction (target: 0xc43C6bfeDA065fE2c4c11765Bf838789bd0BB5dE)
[2m2025-12-10T10:12:34.887070Z[0m [34mDEBUG[0m [2methereum_transaction_pool_monitor::mempool_monitor[0m[2m:[0m 📨 Processing new pending transaction: 0xbb7aa9881568b6deefd35bb3ffb7c095686a4b6140496c879f1153e4dc245f79
[2m2025-12-10T10:12:34.887078Z[0m [34mDEBUG[0m [2methereum_transaction_pool_monitor::mempool_monitor[0m[2m:[0m 🔍 Fetching transaction details for: 0xbb7aa9881568b6deefd35bb3ffb7c095686a4b6140496c879f1153e4dc245f79
[2m2025-12-10T10:12:34.887083Z[0m [34mDEBUG[0m [2methereum_transaction_pool_monitor::eth_client[0m[2m:[0m 🔍 Fetching transaction details for hash: 0xbb7aa9881568b6deefd35bb3ffb7c095686a4b6140496c879f1153e4dc245f79
[2m2025-12-10T10:12:34.887102Z[0m [34mDEBUG[0m [2mhyper::client::pool[0m[2m:[0m reuse idle connection for ("http", 192.168.0.14:8545)
[2m2025-12-10T10:12:34.887139Z[0m [34mDEBUG[0m [2mhyper::proto::h1::io[0m[2m:[0m flushed 250 bytes
[2m2025-12-10T10:12:34.887162Z[0m [34mDEBUG[0m [2methereum_transaction_pool_monitor::eth_client[0m[2m:[0m 📨 Received WebSocket message: {"jsonrpc":"2.0","method":"eth_subscription","params":{"subscription":"0xbed0a0851463e895960a451075a301a9","result":"0xbdb48f69ef657e47d72aca890d927c1785e2a4d6881553bc51d31cd6bfaab293"}}
[2m2025-12-10T10:12:34.887166Z[0m [34mDEBUG[0m [2mhyper::proto::h1::io[0m[2m:[0m parsed 4 headers
[2m2025-12-10T10:12:34.887173Z[0m [34mDEBUG[0m [2methereum_transaction_pool_monitor::eth_client[0m[2m:[0m 📨 Received pending transaction: 0xbdb48f69ef657e47d72aca890d927c1785e2a4d6881553bc51d31cd6bfaab293
[2m2025-12-10T10:12:34.887177Z[0m [34mDEBUG[0m [2mhyper::proto::h1::conn[0m[2m:[0m incoming body is content-length (45 bytes)
[2m2025-12-10T10:12:34.887194Z[0m [34mDEBUG[0m [2mhyper::proto::h1::conn[0m[2m:[0m incoming body completed
[2m2025-12-10T10:12:34.887203Z[0m [34mDEBUG[0m [2mhyper::client::pool[0m[2m:[0m pooling idle connection for ("http", 192.168.0.14:8545)
[2m2025-12-10T10:12:34.891308Z[0m [34mDEBUG[0m [2mhyper::proto::h1::io[0m[2m:[0m parsed 4 headers
[2m2025-12-10T10:12:34.891314Z[0m [34mDEBUG[0m [2mhyper::proto::h1::conn[0m[2m:[0m incoming body is content-length (646 bytes)
[2m2025-12-10T10:12:34.891319Z[0m [34mDEBUG[0m [2mhyper::proto::h1::conn[0m[2m:[0m incoming body completed
[2m2025-12-10T10:12:34.891325Z[0m [34mDEBUG[0m [2mhyper::client::pool[0m[2m:[0m pooling idle connection for ("http", 192.168.0.14:8545)
[2m2025-12-10T10:12:34.891330Z[0m [34mDEBUG[0m [2methereum_transaction_pool_monitor::eth_client[0m[2m:[0m 📡 Transaction fetch RPC completed in 4.242625ms
[2m2025-12-10T10:12:34.962838Z[0m [34mDEBUG[0m [2methereum_transaction_pool_monitor::eth_client[0m[2m:[0m ✅ Transaction 0xbb7aa9881568b6deefd35bb3ffb7c095686a4b6140496c879f1153e4dc245f79 fetched and parsed in 75.747709ms
[2m2025-12-10T10:12:34.962862Z[0m [34mDEBUG[0m [2methereum_transaction_pool_monitor::mempool_monitor[0m[2m:[0m 🔍 Skipping tx 0xbb7aa9881568b6deefd35bb3ffb7c095686a4b6140496c879f1153e4dc245f79 - not a DEX interaction (target: 0x3c9A1fe25751A87e4B0c85F7f795097Ef9441B84)
[2m2025-12-10T10:12:34.962872Z[0m [34mDEBUG[0m [2methereum_transaction_pool_monitor::mempool_monitor[0m[2m:[0m 📨 Processing new pending transaction: 0xfa2595107402db8c81b4c6d6fbe9d0b6000907e571e00fbef3b9eb6715c7d3e4
[2m2025-12-10T10:12:34.962879Z[0m [34mDEBUG[0m [2methereum_transaction_pool_monitor::mempool_monitor[0m[2m:[0m 🔍 Fetching transaction details for: 0xfa2595107402db8c81b4c6d6fbe9d0b6000907e571e00fbef3b9eb6715c7d3e4
[2m2025-12-10T10:12:34.962885Z[0m [34mDEBUG[0m [2methereum_transaction_pool_monitor::eth_client[0m[2m:[0m 🔍 Fetching transaction details for hash: 0xfa2595107402db8c81b4c6d6fbe9d0b6000907e571e00fbef3b9eb6715c7d3e4
[2m2025-12-10T10:12:34.962907Z[0m [34mDEBUG[0m [2mhyper::client::pool[0m[2m:[0m reuse idle connection for ("http", 192.168.0.14:8545)
[2m2025-12-10T10:12:34.962948Z[0m [34mDEBUG[0m [2mhyper::proto::h1::io[0m[2m:[0m flushed 250 bytes
[2m2025-12-10T10:12:34.962978Z[0m [34mDEBUG[0m [2mhyper::client::pool[0m[2m:[0m reuse idle connection for ("http", 192.168.0.14:8545)
[2m2025-12-10T10:12:34.962993Z[0m [34mDEBUG[0m [2mhyper::proto::h1::io[0m[2m:[0m flushed 172 bytes
[2m2025-12-10T10:12:34.966759Z[0m [34mDEBUG[0m [2mhyper::proto::h1::io[0m[2m:[0m parsed 4 headers
[2m2025-12-10T10:12:34.966781Z[0m [34mDEBUG[0m [2mhyper::proto::h1::conn[0m[2m:[0m incoming body is content-length (45 bytes)
[2m2025-12-10T10:12:34.966809Z[0m [34mDEBUG[0m [2mhyper::proto::h1::conn[0m[2m:[0m incoming body completed
[2m2025-12-10T10:12:34.966819Z[0m [34mDEBUG[0m [2mhyper::client::pool[0m[2m:[0m pooling idle connection for ("http", 192.168.0.14:8545)
[2m2025-12-10T10:12:34.968087Z[0m [34mDEBUG[0m [2mhyper::proto::h1::io[0m[2m:[0m parsed 4 headers
[2m2025-12-10T10:12:34.968107Z[0m [34mDEBUG[0m [2mhyper::proto::h1::conn[0m[2m:[0m incoming body is content-length (777 bytes)
[2m2025-12-10T10:12:34.968125Z[0m [34mDEBUG[0m [2mhyper::proto::h1::conn[0m[2m:[0m incoming body completed
[2m2025-12-10T10:12:34.968142Z[0m [34mDEBUG[0m [2mhyper::client::pool[0m[2m:[0m pooling idle connection for ("http", 192.168.0.14:8545)
[2m2025-12-10T10:12:34.968147Z[0m [34mDEBUG[0m [2methereum_transaction_pool_monitor::eth_client[0m[2m:[0m 📡 Transaction fetch RPC completed in 5.256709ms
[2m2025-12-10T10:12:34.968162Z[0m [34mDEBUG[0m [2methereum_transaction_pool_monitor::eth_client[0m[2m:[0m DeFi transaction detected - Address: 0xdac17f958d2ee523a2206206994597c13d831ec7, Type: Stablecoin, Value: 0 ETH, Gas: 127.50 Gwei
[2m2025-12-10T10:12:34.968181Z[0m [34mDEBUG[0m [2methereum_transaction_pool_monitor::eth_client[0m[2m:[0m ✅ Transaction 0xfa2595107402db8c81b4c6d6fbe9d0b6000907e571e00fbef3b9eb6715c7d3e4 fetched and parsed in 5.290834ms
[2m2025-12-10T10:12:34.968185Z[0m [34mDEBUG[0m [2methereum_transaction_pool_monitor::mempool_monitor[0m[2m:[0m 🔍 Skipping tx 0xfa2595107402db8c81b4c6d6fbe9d0b6000907e571e00fbef3b9eb6715c7d3e4 - not a DEX interaction (target: 0xdAC17F958D2ee523a2206206994597C13D831ec7)
[2m2025-12-10T10:12:34.968193Z[0m [34mDEBUG[0m [2methereum_transaction_pool_monitor::mempool_monitor[0m[2m:[0m 📨 Processing new pending transaction: 0x0f0e7ee0c8effe1768068ca1177eb8fb6cd1a15ad66a073f11a139e82e9adb6e
[2m2025-12-10T10:12:34.968197Z[0m [34mDEBUG[0m [2methereum_transaction_pool_monitor::mempool_monitor[0m[2m:[0m 🔍 Fetching transaction details for: 0x0f0e7ee0c8effe1768068ca1177eb8fb6cd1a15ad66a073f11a139e82e9adb6e
[2m2025-12-10T10:12:34.968201Z[0m [34mDEBUG[0m [2methereum_transaction_pool_monitor::eth_client[0m[2m:[0m 🔍 Fetching transaction details for hash: 0x0f0e7ee0c8effe1768068ca1177eb8fb6cd1a15ad66a073f11a139e82e9adb6e
[2m2025-12-10T10:12:34.968207Z[0m [34mDEBUG[0m [2mhyper::client::pool[0m[2m:[0m reuse idle connection for ("http", 192.168.0.14:8545)
[2m2025-12-10T10:12:34.968235Z[0m [34mDEBUG[0m [2mhyper::proto::h1::io[0m[2m:[0m flushed 250 bytes
[2m2025-12-10T10:12:34.973914Z[0m [34mDEBUG[0m [2mhyper::proto::h1::io[0m[2m:[0m parsed 4 headers
[2m2025-12-10T10:12:34.973921Z[0m [34mDEBUG[0m [2mhyper::proto::h1::conn[0m[2m:[0m incoming body is content-length (649 bytes)
[2m2025-12-10T10:12:34.973926Z[0m [34mDEBUG[0m [2mhyper::proto::h1::conn[0m[2m:[0m incoming body completed
[2m2025-12-10T10:12:34.974000Z[0m [34mDEBUG[0m [2mhyper::client::pool[0m[2m:[0m pooling idle connection for ("http", 192.168.0.14:8545)
[2m2025-12-10T10:12:34.974008Z[0m [34mDEBUG[0m [2methereum_transaction_pool_monitor::eth_client[0m[2m:[0m 📡 Transaction fetch RPC completed in 5.803541ms
[2m2025-12-10T10:12:35.045473Z[0m [34mDEBUG[0m [2methereum_transaction_pool_monitor::eth_client[0m[2m:[0m ✅ Transaction 0x0f0e7ee0c8effe1768068ca1177eb8fb6cd1a15ad66a073f11a139e82e9adb6e fetched and parsed in 77.265708ms
[2m2025-12-10T10:12:35.045498Z[0m [34mDEBUG[0m [2methereum_transaction_pool_monitor::mempool_monitor[0m[2m:[0m 🔍 Skipping tx 0x0f0e7ee0c8effe1768068ca1177eb8fb6cd1a15ad66a073f11a139e82e9adb6e - not a DEX interaction (target: 0x368D4CcDBb709eAc32eBA60D3057704Bd3E90a7f)
[2m2025-12-10T10:12:35.045509Z[0m [34mDEBUG[0m [2methereum_transaction_pool_monitor::mempool_monitor[0m[2m:[0m 📨 Processing new pending transaction: 0xcf106a47e0bfadc4e81ac6c786e5b06bae69fa1794a68dbe0548d0177b0b0d0b
[2m2025-12-10T10:12:35.045518Z[0m [34mDEBUG[0m [2methereum_transaction_pool_monitor::mempool_monitor[0m[2m:[0m 🔍 Fetching transaction details for: 0xcf106a47e0bfadc4e81ac6c786e5b06bae69fa1794a68dbe0548d0177b0b0d0b
[2m2025-12-10T10:12:35.045524Z[0m [34mDEBUG[0m [2methereum_transaction_pool_monitor::eth_client[0m[2m:[0m 🔍 Fetching transaction details for hash: 0xcf106a47e0bfadc4e81ac6c786e5b06bae69fa1794a68dbe0548d0177b0b0d0b
[2m2025-12-10T10:12:35.045542Z[0m [34mDEBUG[0m [2mhyper::client::pool[0m[2m:[0m reuse idle connection for ("http", 192.168.0.14:8545)
[2m2025-12-10T10:12:35.045582Z[0m [34mDEBUG[0m [2mhyper::proto::h1::io[0m[2m:[0m flushed 250 bytes
[2m2025-12-10T10:12:35.045603Z[0m [34mDEBUG[0m [2mhyper::client::pool[0m[2m:[0m reuse idle connection for ("http", 192.168.0.14:8545)
[2m2025-12-10T10:12:35.045616Z[0m [34mDEBUG[0m [2methereum_transaction_pool_monitor::eth_client[0m[2m:[0m 📨 Received WebSocket message: {"jsonrpc":"2.0","method":"eth_subscription","params":{"subscription":"0xbed0a0851463e895960a451075a301a9","result":"0xf814a397a52eee02004394ab91d477b466f1ab36d33a1680a2bef628e023c4ff"}}
[2m2025-12-10T10:12:35.045617Z[0m [34mDEBUG[0m [2mhyper::proto::h1::io[0m[2m:[0m flushed 172 bytes
[2m2025-12-10T10:12:35.045628Z[0m [34mDEBUG[0m [2methereum_transaction_pool_monitor::eth_client[0m[2m:[0m 📨 Received pending transaction: 0xf814a397a52eee02004394ab91d477b466f1ab36d33a1680a2bef628e023c4ff
[2m2025-12-10T10:12:35.049535Z[0m [34mDEBUG[0m [2mhyper::proto::h1::io[0m[2m:[0m parsed 4 headers
[2m2025-12-10T10:12:35.049540Z[0m [34mDEBUG[0m [2mhyper::proto::h1::conn[0m[2m:[0m incoming body is content-length (45 bytes)
[2m2025-12-10T10:12:35.049546Z[0m [34mDEBUG[0m [2mhyper::proto::h1::conn[0m[2m:[0m incoming body completed
[2m2025-12-10T10:12:35.049553Z[0m [34mDEBUG[0m [2mhyper::client::pool[0m[2m:[0m pooling idle connection for ("http", 192.168.0.14:8545)
[2m2025-12-10T10:12:35.049567Z[0m [34mDEBUG[0m [2mhyper::proto::h1::io[0m[2m:[0m parsed 4 headers
[2m2025-12-10T10:12:35.049571Z[0m [34mDEBUG[0m [2mhyper::proto::h1::conn[0m[2m:[0m incoming body is content-length (778 bytes)
[2m2025-12-10T10:12:35.049575Z[0m [34mDEBUG[0m [2mhyper::proto::h1::conn[0m[2m:[0m incoming body completed
[2m2025-12-10T10:12:35.049582Z[0m [34mDEBUG[0m [2mhyper::client::pool[0m[2m:[0m pooling idle connection for ("http", 192.168.0.14:8545)
[2m2025-12-10T10:12:35.049590Z[0m [34mDEBUG[0m [2methereum_transaction_pool_monitor::eth_client[0m[2m:[0m 📡 Transaction fetch RPC completed in 4.061542ms
[2m2025-12-10T10:12:35.049602Z[0m [34mDEBUG[0m [2methereum_transaction_pool_monitor::eth_client[0m[2m:[0m DeFi transaction detected - Address: 0xdac17f958d2ee523a2206206994597c13d831ec7, Type: Stablecoin, Value: 0 ETH, Gas: 127.50 Gwei
[2m2025-12-10T10:12:35.049615Z[0m [34mDEBUG[0m [2methereum_transaction_pool_monitor::eth_client[0m[2m:[0m ✅ Transaction 0xcf106a47e0bfadc4e81ac6c786e5b06bae69fa1794a68dbe0548d0177b0b0d0b fetched and parsed in 4.086667ms
[2m2025-12-10T10:12:35.049623Z[0m [34mDEBUG[0m [2methereum_transaction_pool_monitor::mempool_monitor[0m[2m:[0m 🔍 Skipping tx 0xcf106a47e0bfadc4e81ac6c786e5b06bae69fa1794a68dbe0548d0177b0b0d0b - not a DEX interaction (target: 0xdAC17F958D2ee523a2206206994597C13D831ec7)
[2m2025-12-10T10:12:35.049632Z[0m [34mDEBUG[0m [2methereum_transaction_pool_monitor::mempool_monitor[0m[2m:[0m 📨 Processing new pending transaction: 0xeb480ecdfd01679673df5786d81f80411ace52bf01381a086b916d4c5ba2ea31
[2m2025-12-10T10:12:35.049638Z[0m [34mDEBUG[0m [2methereum_transaction_pool_monitor::mempool_monitor[0m[2m:[0m 🔍 Fetching transaction details for: 0xeb480ecdfd01679673df5786d81f80411ace52bf01381a086b916d4c5ba2ea31
[2m2025-12-10T10:12:35.049642Z[0m [34mDEBUG[0m [2methereum_transaction_pool_monitor::eth_client[0m[2m:[0m 🔍 Fetching transaction details for hash: 0xeb480ecdfd01679673df5786d81f80411ace52bf01381a086b916d4c5ba2ea31
[2m2025-12-10T10:12:35.049650Z[0m [34mDEBUG[0m [2mhyper::client::pool[0m[2m:[0m reuse idle connection for ("http", 192.168.0.14:8545)
[2m2025-12-10T10:12:35.049664Z[0m [34mDEBUG[0m [2mhyper::proto::h1::io[0m[2m:[0m flushed 250 bytes
[2m2025-12-10T10:12:35.054531Z[0m [34mDEBUG[0m [2mhyper::proto::h1::io[0m[2m:[0m parsed 4 headers
[2m2025-12-10T10:12:35.054538Z[0m [34mDEBUG[0m [2mhyper::proto::h1::conn[0m[2m:[0m incoming body is content-length (778 bytes)
[2m2025-12-10T10:12:35.054543Z[0m [34mDEBUG[0m [2mhyper::proto::h1::conn[0m[2m:[0m incoming body completed
[2m2025-12-10T10:12:35.054548Z[0m [34mDEBUG[0m [2mhyper::client::pool[0m[2m:[0m pooling idle connection for ("http", 192.168.0.14:8545)
[2m2025-12-10T10:12:35.054553Z[0m [34mDEBUG[0m [2methereum_transaction_pool_monitor::eth_client[0m[2m:[0m 📡 Transaction fetch RPC completed in 4.905542ms
[2m2025-12-10T10:12:35.125737Z[0m [34mDEBUG[0m [2methereum_transaction_pool_monitor::eth_client[0m[2m:[0m ✅ Transaction 0xeb480ecdfd01679673df5786d81f80411ace52bf01381a086b916d4c5ba2ea31 fetched and parsed in 76.087292ms
[2m2025-12-10T10:12:35.127418Z[0m [34mDEBUG[0m [2methereum_transaction_pool_monitor::mempool_monitor[0m[2m:[0m 🔍 Skipping tx 0xeb480ecdfd01679673df5786d81f80411ace52bf01381a086b916d4c5ba2ea31 - not a DEX interaction (target: 0x4a220E6096B25EADb88358cb44068A3248254675)
[2m2025-12-10T10:12:35.127440Z[0m [34mDEBUG[0m [2methereum_transaction_pool_monitor::mempool_monitor[0m[2m:[0m 📨 Processing new pending transaction: 0x466c20c9d1e22e57f7c2dbee38a4927b019842472c633dc39395a870f4e46720
[2m2025-12-10T10:12:35.127453Z[0m [34mDEBUG[0m [2methereum_transaction_pool_monitor::mempool_monitor[0m[2m:[0m 🔍 Fetching transaction details for: 0x466c20c9d1e22e57f7c2dbee38a4927b019842472c633dc39395a870f4e46720
[2m2025-12-10T10:12:35.127466Z[0m [34mDEBUG[0m [2methereum_transaction_pool_monitor::eth_client[0m[2m:[0m 🔍 Fetching transaction details for hash: 0x466c20c9d1e22e57f7c2dbee38a4927b019842472c633dc39395a870f4e46720
[2m2025-12-10T10:12:35.127511Z[0m [34mDEBUG[0m [2mhyper::client::pool[0m[2m:[0m reuse idle connection for ("http", 192.168.0.14:8545)
[2m2025-12-10T10:12:35.127558Z[0m [34mDEBUG[0m [2mhyper::proto::h1::io[0m[2m:[0m flushed 250 bytes
[2m2025-12-10T10:12:35.127583Z[0m [34mDEBUG[0m [2mhyper::client::pool[0m[2m:[0m reuse idle connection for ("http", 192.168.0.14:8545)
[2m2025-12-10T10:12:35.127599Z[0m [34mDEBUG[0m [2mhyper::proto::h1::io[0m[2m:[0m flushed 172 bytes
[2m2025-12-10T10:12:35.127603Z[0m [34mDEBUG[0m [2methereum_transaction_pool_monitor::eth_client[0m[2m:[0m 📨 Received WebSocket message: {"jsonrpc":"2.0","method":"eth_subscription","params":{"subscription":"0xbed0a0851463e895960a451075a301a9","result":"0xcdd215b5400ac8362509fb64e5f499955b76a96606d698c3668959f1258d6aee"}}
[2m2025-12-10T10:12:35.127618Z[0m [34mDEBUG[0m [2methereum_transaction_pool_monitor::eth_client[0m[2m:[0m 📨 Received pending transaction: 0xcdd215b5400ac8362509fb64e5f499955b76a96606d698c3668959f1258d6aee
[2m2025-12-10T10:12:35.134465Z[0m [34mDEBUG[0m [2mhyper::proto::h1::io[0m[2m:[0m parsed 4 headers
[2m2025-12-10T10:12:35.134489Z[0m [34mDEBUG[0m [2mhyper::proto::h1::conn[0m[2m:[0m incoming body is content-length (1098 bytes)
[2m2025-12-10T10:12:35.134515Z[0m [34mDEBUG[0m [2mhyper::proto::h1::conn[0m[2m:[0m incoming body completed
[2m2025-12-10T10:12:35.134539Z[0m [34mDEBUG[0m [2mhyper::client::pool[0m[2m:[0m pooling idle connection for ("http", 192.168.0.14:8545)
[2m2025-12-10T10:12:35.134546Z[0m [34mDEBUG[0m [2methereum_transaction_pool_monitor::eth_client[0m[2m:[0m 📡 Transaction fetch RPC completed in 7.071042ms
[2m2025-12-10T10:12:35.206368Z[0m [34mDEBUG[0m [2methereum_transaction_pool_monitor::eth_client[0m[2m:[0m ✅ Transaction 0x466c20c9d1e22e57f7c2dbee38a4927b019842472c633dc39395a870f4e46720 fetched and parsed in 78.889834ms
[2m2025-12-10T10:12:35.206392Z[0m [34mDEBUG[0m [2methereum_transaction_pool_monitor::mempool_monitor[0m[2m:[0m 🔍 Skipping tx 0x466c20c9d1e22e57f7c2dbee38a4927b019842472c633dc39395a870f4e46720 - not a DEX interaction (target: 0xEe7aE85f2Fe2239E27D9c1E23fFFe168D63b4055)
[2m2025-12-10T10:12:35.206403Z[0m [34mDEBUG[0m [2methereum_transaction_pool_monitor::mempool_monitor[0m[2m:[0m 📨 Processing new pending transaction: 0x4d455079e8793e543e0ed15814ec5cf41cf10e1b7415342f0a1921bd83ed302d
[2m2025-12-10T10:12:35.206412Z[0m [34mDEBUG[0m [2methereum_transaction_pool_monitor::mempool_monitor[0m[2m:[0m 🔍 Fetching transaction details for: 0x4d455079e8793e543e0ed15814ec5cf41cf10e1b7415342f0a1921bd83ed302d
[2m2025-12-10T10:12:35.206418Z[0m [34mDEBUG[0m [2methereum_transaction_pool_monitor::eth_client[0m[2m:[0m 🔍 Fetching transaction details for hash: 0x4d455079e8793e543e0ed15814ec5cf41cf10e1b7415342f0a1921bd83ed302d
[2m2025-12-10T10:12:35.206436Z[0m [34mDEBUG[0m [2mhyper::client::pool[0m[2m:[0m reuse idle connection for ("http", 192.168.0.14:8545)
[2m2025-12-10T10:12:35.206476Z[0m [34mDEBUG[0m [2mhyper::proto::h1::io[0m[2m:[0m flushed 250 bytes
[2m2025-12-10T10:12:35.206500Z[0m [34mDEBUG[0m [2methereum_transaction_pool_monitor::eth_client[0m[2m:[0m 📨 Received WebSocket message: {"jsonrpc":"2.0","method":"eth_subscription","params":{"subscription":"0xbed0a0851463e895960a451075a301a9","result":"0x61c0882bf898be88cb1cd7d29037574f19c96a41fe533153bcc979cac88e7b38"}}
[2m2025-12-10T10:12:35.206504Z[0m [34mDEBUG[0m [2mhyper::proto::h1::io[0m[2m:[0m parsed 4 headers
[2m2025-12-10T10:12:35.206508Z[0m [34mDEBUG[0m [2methereum_transaction_pool_monitor::eth_client[0m[2m:[0m 📨 Received pending transaction: 0x61c0882bf898be88cb1cd7d29037574f19c96a41fe533153bcc979cac88e7b38
[2m2025-12-10T10:12:35.206515Z[0m [34mDEBUG[0m [2mhyper::proto::h1::conn[0m[2m:[0m incoming body is content-length (45 bytes)
[2m2025-12-10T10:12:35.206525Z[0m [34mDEBUG[0m [2mhyper::proto::h1::conn[0m[2m:[0m incoming body completed
[2m2025-12-10T10:12:35.206535Z[0m [34mDEBUG[0m [2mhyper::client::pool[0m[2m:[0m pooling idle connection for ("http", 192.168.0.14:8545)
[2m2025-12-10T10:12:35.206543Z[0m [34mDEBUG[0m [2methereum_transaction_pool_monitor::eth_client[0m[2m:[0m 📨 Received WebSocket message: {"jsonrpc":"2.0","method":"eth_subscription","params":{"subscription":"0xbed0a0851463e895960a451075a301a9","result":"0x571a9defb930bc5e7342a3a016a1327540e4edea2511ae9b58695699b7eb60ef"}}
[2m2025-12-10T10:12:35.206552Z[0m [34mDEBUG[0m [2methereum_transaction_pool_monitor::eth_client[0m[2m:[0m 📨 Received pending transaction: 0x571a9defb930bc5e7342a3a016a1327540e4edea2511ae9b58695699b7eb60ef
[2m2025-12-10T10:12:35.206554Z[0m [34mDEBUG[0m [2mhyper::client::pool[0m[2m:[0m reuse idle connection for ("http", 192.168.0.14:8545)
[2m2025-12-10T10:12:35.206573Z[0m [34mDEBUG[0m [2mhyper::proto::h1::io[0m[2m:[0m flushed 172 bytes
[2m2025-12-10T10:12:35.212240Z[0m [34mDEBUG[0m [2mhyper::proto::h1::io[0m[2m:[0m parsed 4 headers
[2m2025-12-10T10:12:35.212246Z[0m [34mDEBUG[0m [2mhyper::proto::h1::conn[0m[2m:[0m incoming body is content-length (830 bytes)
[2m2025-12-10T10:12:35.212251Z[0m [34mDEBUG[0m [2mhyper::proto::h1::conn[0m[2m:[0m incoming body completed
[2m2025-12-10T10:12:35.212256Z[0m [34mDEBUG[0m [2mhyper::client::pool[0m[2m:[0m pooling idle connection for ("http", 192.168.0.14:8545)
[2m2025-12-10T10:12:35.212261Z[0m [34mDEBUG[0m [2methereum_transaction_pool_monitor::eth_client[0m[2m:[0m 📡 Transaction fetch RPC completed in 5.838083ms
[2m2025-12-10T10:12:35.282665Z[0m [34mDEBUG[0m [2methereum_transaction_pool_monitor::eth_client[0m[2m:[0m ✅ Transaction 0x4d455079e8793e543e0ed15814ec5cf41cf10e1b7415342f0a1921bd83ed302d fetched and parsed in 76.239291ms
[2m2025-12-10T10:12:35.282692Z[0m [34mDEBUG[0m [2methereum_transaction_pool_monitor::mempool_monitor[0m[2m:[0m 🔍 Skipping tx 0x4d455079e8793e543e0ed15814ec5cf41cf10e1b7415342f0a1921bd83ed302d - not a DEX interaction (target: 0x3B4D794a66304F130a4Db8F2551B0070dfCf5ca7)
[2m2025-12-10T10:12:35.282702Z[0m [34mDEBUG[0m [2methereum_transaction_pool_monitor::mempool_monitor[0m[2m:[0m 📨 Processing new pending transaction: 0xf796d4e9890305a5d12386b478bd63289f39811826a7604eb211b47d15318f20
[2m2025-12-10T10:12:35.282709Z[0m [34mDEBUG[0m [2methereum_transaction_pool_monitor::mempool_monitor[0m[2m:[0m 🔍 Fetching transaction details for: 0xf796d4e9890305a5d12386b478bd63289f39811826a7604eb211b47d15318f20
[2m2025-12-10T10:12:35.282716Z[0m [34mDEBUG[0m [2methereum_transaction_pool_monitor::eth_client[0m[2m:[0m 🔍 Fetching transaction details for hash: 0xf796d4e9890305a5d12386b478bd63289f39811826a7604eb211b47d15318f20
[2m2025-12-10T10:12:35.282735Z[0m [34mDEBUG[0m [2mhyper::client::pool[0m[2m:[0m reuse idle connection for ("http", 192.168.0.14:8545)
[2m2025-12-10T10:12:35.282776Z[0m [34mDEBUG[0m [2mhyper::proto::h1::io[0m[2m:[0m flushed 250 bytes
[2m2025-12-10T10:12:35.282793Z[0m [34mDEBUG[0m [2mhyper::proto::h1::io[0m[2m:[0m parsed 4 headers
[2m2025-12-10T10:12:35.282800Z[0m [34mDEBUG[0m [2mhyper::proto::h1::conn[0m[2m:[0m incoming body is content-length (45 bytes)
[2m2025-12-10T10:12:35.282810Z[0m [34mDEBUG[0m [2mhyper::proto::h1::conn[0m[2m:[0m incoming body completed
[2m2025-12-10T10:12:35.282820Z[0m [34mDEBUG[0m [2mhyper::client::pool[0m[2m:[0m pooling idle connection for ("http", 192.168.0.14:8545)
[2m2025-12-10T10:12:35.288269Z[0m [34mDEBUG[0m [2methereum_transaction_pool_monitor::eth_client[0m[2m:[0m 📨 Received WebSocket message: {"jsonrpc":"2.0","method":"eth_subscription","params":{"subscription":"0xbed0a0851463e895960a451075a301a9","result":"0x71ce98210c317c186015d8291cecb892ddb03308dea761666a17e6cb40cd0510"}}
[2m2025-12-10T10:12:35.288280Z[0m [34mDEBUG[0m [2methereum_transaction_pool_monitor::eth_client[0m[2m:[0m 📨 Received pending transaction: 0x71ce98210c317c186015d8291cecb892ddb03308dea761666a17e6cb40cd0510
[2m2025-12-10T10:12:35.288303Z[0m [34mDEBUG[0m [2mhyper::proto::h1::io[0m[2m:[0m parsed 4 headers
[2m2025-12-10T10:12:35.288308Z[0m [34mDEBUG[0m [2mhyper::proto::h1::conn[0m[2m:[0m incoming body is content-length (770 bytes)
[2m2025-12-10T10:12:35.288314Z[0m [34mDEBUG[0m [2mhyper::proto::h1::conn[0m[2m:[0m incoming body completed
[2m2025-12-10T10:12:35.288320Z[0m [34mDEBUG[0m [2mhyper::client::pool[0m[2m:[0m pooling idle connection for ("http", 192.168.0.14:8545)
[2m2025-12-10T10:12:35.288328Z[0m [34mDEBUG[0m [2methereum_transaction_pool_monitor::eth_client[0m[2m:[0m 📡 Transaction fetch RPC completed in 5.608167ms
[2m2025-12-10T10:12:35.359724Z[0m [34mDEBUG[0m [2methereum_transaction_pool_monitor::eth_client[0m[2m:[0m ✅ Transaction 0xf796d4e9890305a5d12386b478bd63289f39811826a7604eb211b47d15318f20 fetched and parsed in 77.0015ms
[2m2025-12-10T10:12:35.359747Z[0m [34mDEBUG[0m [2methereum_transaction_pool_monitor::mempool_monitor[0m[2m:[0m 🔍 Skipping tx 0xf796d4e9890305a5d12386b478bd63289f39811826a7604eb211b47d15318f20 - not a DEX interaction (target: 0xA0b86991c6218b36c1d19D4a2e9Eb0cE3606eB48)
[2m2025-12-10T10:12:35.359827Z[0m [34mDEBUG[0m [2methereum_transaction_pool_monitor::mempool_monitor[0m[2m:[0m 📨 Processing new pending transaction: 0xbdb48f69ef657e47d72aca890d927c1785e2a4d6881553bc51d31cd6bfaab293
[2m2025-12-10T10:12:35.359839Z[0m [34mDEBUG[0m [2methereum_transaction_pool_monitor::mempool_monitor[0m[2m:[0m 🔍 Fetching transaction details for: 0xbdb48f69ef657e47d72aca890d927c1785e2a4d6881553bc51d31cd6bfaab293
[2m2025-12-10T10:12:35.359845Z[0m [34mDEBUG[0m [2methereum_transaction_pool_monitor::eth_client[0m[2m:[0m 🔍 Fetching transaction details for hash: 0xbdb48f69ef657e47d72aca890d927c1785e2a4d6881553bc51d31cd6bfaab293
[2m2025-12-10T10:12:35.359864Z[0m [34mDEBUG[0m [2mhyper::client::pool[0m[2m:[0m reuse idle connection for ("http", 192.168.0.14:8545)
[2m2025-12-10T10:12:35.359898Z[0m [34mDEBUG[0m [2mhyper::proto::h1::io[0m[2m:[0m flushed 250 bytes
[2m2025-12-10T10:12:35.359919Z[0m [34mDEBUG[0m [2mhyper::client::pool[0m[2m:[0m reuse idle connection for ("http", 192.168.0.14:8545)
[2m2025-12-10T10:12:35.359932Z[0m [34mDEBUG[0m [2mhyper::proto::h1::io[0m[2m:[0m flushed 172 bytes
[2m2025-12-10T10:12:35.359932Z[0m [34mDEBUG[0m [2methereum_transaction_pool_monitor::eth_client[0m[2m:[0m 📨 Received WebSocket message: {"jsonrpc":"2.0","method":"eth_subscription","params":{"subscription":"0xbed0a0851463e895960a451075a301a9","result":"0x951197ebc94d768f1741f69ede6c89c73c07d1e1fbc03fd64e64ba4fdcecdba8"}}
[2m2025-12-10T10:12:35.359950Z[0m [34mDEBUG[0m [2methereum_transaction_pool_monitor::eth_client[0m[2m:[0m 📨 Received pending transaction: 0x951197ebc94d768f1741f69ede6c89c73c07d1e1fbc03fd64e64ba4fdcecdba8
[2m2025-12-10T10:12:35.368684Z[0m [34mDEBUG[0m [2mhyper::proto::h1::io[0m[2m:[0m parsed 4 headers
[2m2025-12-10T10:12:35.368707Z[0m [34mDEBUG[0m [2mhyper::proto::h1::conn[0m[2m:[0m incoming body is content-length (830 bytes)
[2m2025-12-10T10:12:35.368729Z[0m [34mDEBUG[0m [2mhyper::proto::h1::conn[0m[2m:[0m incoming body completed
[2m2025-12-10T10:12:35.368748Z[0m [34mDEBUG[0m [2mhyper::client::pool[0m[2m:[0m pooling idle connection for ("http", 192.168.0.14:8545)
[2m2025-12-10T10:12:35.368754Z[0m [34mDEBUG[0m [2methereum_transaction_pool_monitor::eth_client[0m[2m:[0m 📡 Transaction fetch RPC completed in 8.903875ms
[2m2025-12-10T10:12:35.439593Z[0m [34mDEBUG[0m [2methereum_transaction_pool_monitor::eth_client[0m[2m:[0m ✅ Transaction 0xbdb48f69ef657e47d72aca890d927c1785e2a4d6881553bc51d31cd6bfaab293 fetched and parsed in 79.74075ms
[2m2025-12-10T10:12:35.439615Z[0m [34mDEBUG[0m [2methereum_transaction_pool_monitor::mempool_monitor[0m[2m:[0m 🔍 Skipping tx 0xbdb48f69ef657e47d72aca890d927c1785e2a4d6881553bc51d31cd6bfaab293 - not a DEX interaction (target: 0x3B4D794a66304F130a4Db8F2551B0070dfCf5ca7)
[2m2025-12-10T10:12:35.439625Z[0m [34mDEBUG[0m [2methereum_transaction_pool_monitor::mempool_monitor[0m[2m:[0m 📨 Processing new pending transaction: 0xf814a397a52eee02004394ab91d477b466f1ab36d33a1680a2bef628e023c4ff
[2m2025-12-10T10:12:35.439632Z[0m [34mDEBUG[0m [2methereum_transaction_pool_monitor::mempool_monitor[0m[2m:[0m 🔍 Fetching transaction details for: 0xf814a397a52eee02004394ab91d477b466f1ab36d33a1680a2bef628e023c4ff
[2m2025-12-10T10:12:35.439638Z[0m [34mDEBUG[0m [2methereum_transaction_pool_monitor::eth_client[0m[2m:[0m 🔍 Fetching transaction details for hash: 0xf814a397a52eee02004394ab91d477b466f1ab36d33a1680a2bef628e023c4ff
[2m2025-12-10T10:12:35.439656Z[0m [34mDEBUG[0m [2mhyper::client::pool[0m[2m:[0m reuse idle connection for ("http", 192.168.0.14:8545)
[2m2025-12-10T10:12:35.439699Z[0m [34mDEBUG[0m [2mhyper::proto::h1::io[0m[2m:[0m flushed 250 bytes
[2m2025-12-10T10:12:35.439715Z[0m [34mDEBUG[0m [2mhyper::proto::h1::io[0m[2m:[0m parsed 4 headers
[2m2025-12-10T10:12:35.439721Z[0m [34mDEBUG[0m [2mhyper::proto::h1::conn[0m[2m:[0m incoming body is content-length (45 bytes)
[2m2025-12-10T10:12:35.439729Z[0m [34mDEBUG[0m [2mhyper::proto::h1::conn[0m[2m:[0m incoming body completed
[2m2025-12-10T10:12:35.439739Z[0m [34mDEBUG[0m [2mhyper::client::pool[0m[2m:[0m pooling idle connection for ("http", 192.168.0.14:8545)
[2m2025-12-10T10:12:35.439753Z[0m [34mDEBUG[0m [2mhyper::client::pool[0m[2m:[0m reuse idle connection for ("http", 192.168.0.14:8545)
[2m2025-12-10T10:12:35.439768Z[0m [34mDEBUG[0m [2mhyper::proto::h1::io[0m[2m:[0m flushed 172 bytes
[2m2025-12-10T10:12:35.443321Z[0m [34mDEBUG[0m [2mhyper::proto::h1::io[0m[2m:[0m parsed 4 headers
[2m2025-12-10T10:12:35.443329Z[0m [34mDEBUG[0m [2mhyper::proto::h1::conn[0m[2m:[0m incoming body is content-length (45 bytes)
[2m2025-12-10T10:12:35.443336Z[0m [34mDEBUG[0m [2mhyper::proto::h1::conn[0m[2m:[0m incoming body completed
[2m2025-12-10T10:12:35.443342Z[0m [34mDEBUG[0m [2mhyper::client::pool[0m[2m:[0m pooling idle connection for ("http", 192.168.0.14:8545)
[2m2025-12-10T10:12:35.443789Z[0m [34mDEBUG[0m [2mhyper::proto::h1::io[0m[2m:[0m parsed 4 headers
[2m2025-12-10T10:12:35.443795Z[0m [34mDEBUG[0m [2mhyper::proto::h1::conn[0m[2m:[0m incoming body is content-length (830 bytes)
[2m2025-12-10T10:12:35.443801Z[0m [34mDEBUG[0m [2mhyper::proto::h1::conn[0m[2m:[0m incoming body completed
[2m2025-12-10T10:12:35.443807Z[0m [34mDEBUG[0m [2mhyper::client::pool[0m[2m:[0m pooling idle connection for ("http", 192.168.0.14:8545)
[2m2025-12-10T10:12:35.443812Z[0m [34mDEBUG[0m [2methereum_transaction_pool_monitor::eth_client[0m[2m:[0m 📡 Transaction fetch RPC completed in 4.168792ms
[2m2025-12-10T10:12:35.515583Z[0m [34mDEBUG[0m [2methereum_transaction_pool_monitor::eth_client[0m[2m:[0m ✅ Transaction 0xf814a397a52eee02004394ab91d477b466f1ab36d33a1680a2bef628e023c4ff fetched and parsed in 75.937ms
[2m2025-12-10T10:12:35.515608Z[0m [34mDEBUG[0m [2methereum_transaction_pool_monitor::mempool_monitor[0m[2m:[0m 🔍 Skipping tx 0xf814a397a52eee02004394ab91d477b466f1ab36d33a1680a2bef628e023c4ff - not a DEX interaction (target: 0x3B4D794a66304F130a4Db8F2551B0070dfCf5ca7)
[2m2025-12-10T10:12:35.515618Z[0m [34mDEBUG[0m [2methereum_transaction_pool_monitor::mempool_monitor[0m[2m:[0m 📨 Processing new pending transaction: 0xcdd215b5400ac8362509fb64e5f499955b76a96606d698c3668959f1258d6aee
[2m2025-12-10T10:12:35.515625Z[0m [34mDEBUG[0m [2methereum_transaction_pool_monitor::mempool_monitor[0m[2m:[0m 🔍 Fetching transaction details for: 0xcdd215b5400ac8362509fb64e5f499955b76a96606d698c3668959f1258d6aee
[2m2025-12-10T10:12:35.515631Z[0m [34mDEBUG[0m [2methereum_transaction_pool_monitor::eth_client[0m[2m:[0m 🔍 Fetching transaction details for hash: 0xcdd215b5400ac8362509fb64e5f499955b76a96606d698c3668959f1258d6aee
[2m2025-12-10T10:12:35.515651Z[0m [34mDEBUG[0m [2mhyper::client::pool[0m[2m:[0m reuse idle connection for ("http", 192.168.0.14:8545)
[2m2025-12-10T10:12:35.515695Z[0m [34mDEBUG[0m [2mhyper::proto::h1::io[0m[2m:[0m flushed 250 bytes
[2m2025-12-10T10:12:35.515724Z[0m [34mDEBUG[0m [2mhyper::client::pool[0m[2m:[0m reuse idle connection for ("http", 192.168.0.14:8545)
[2m2025-12-10T10:12:35.515740Z[0m [34mDEBUG[0m [2mhyper::proto::h1::io[0m[2m:[0m flushed 172 bytes
[2m2025-12-10T10:12:35.519424Z[0m [34mDEBUG[0m [2mhyper::proto::h1::io[0m[2m:[0m parsed 4 headers
[2m2025-12-10T10:12:35.519431Z[0m [34mDEBUG[0m [2mhyper::proto::h1::conn[0m[2m:[0m incoming body is content-length (45 bytes)
[2m2025-12-10T10:12:35.519439Z[0m [34mDEBUG[0m [2mhyper::proto::h1::conn[0m[2m:[0m incoming body completed
[2m2025-12-10T10:12:35.519447Z[0m [34mDEBUG[0m [2mhyper::client::pool[0m[2m:[0m pooling idle connection for ("http", 192.168.0.14:8545)
[2m2025-12-10T10:12:35.519464Z[0m [34mDEBUG[0m [2mhyper::proto::h1::io[0m[2m:[0m parsed 4 headers
[2m2025-12-10T10:12:35.519469Z[0m [34mDEBUG[0m [2mhyper::proto::h1::conn[0m[2m:[0m incoming body is content-length (645 bytes)
[2m2025-12-10T10:12:35.519474Z[0m [34mDEBUG[0m [2mhyper::proto::h1::conn[0m[2m:[0m incoming body completed
[2m2025-12-10T10:12:35.519481Z[0m [34mDEBUG[0m [2mhyper::client::pool[0m[2m:[0m pooling idle connection for ("http", 192.168.0.14:8545)
[2m2025-12-10T10:12:35.519486Z[0m [34mDEBUG[0m [2methereum_transaction_pool_monitor::eth_client[0m[2m:[0m 📡 Transaction fetch RPC completed in 3.850334ms
[2m2025-12-10T10:12:35.654724Z[0m [34mDEBUG[0m [2methereum_transaction_pool_monitor::eth_client[0m[2m:[0m ✅ Transaction 0xcdd215b5400ac8362509fb64e5f499955b76a96606d698c3668959f1258d6aee fetched and parsed in 139.084667ms
[2m2025-12-10T10:12:35.654753Z[0m [34mDEBUG[0m [2methereum_transaction_pool_monitor::mempool_monitor[0m[2m:[0m 🔍 Skipping tx 0xcdd215b5400ac8362509fb64e5f499955b76a96606d698c3668959f1258d6aee - not a DEX interaction (target: 0x1AB4973a48dc892Cd9971ECE8e01DcC7688f8F23)
[2m2025-12-10T10:12:35.654765Z[0m [34mDEBUG[0m [2methereum_transaction_pool_monitor::mempool_monitor[0m[2m:[0m 📨 Processing new pending transaction: 0x61c0882bf898be88cb1cd7d29037574f19c96a41fe533153bcc979cac88e7b38
[2m2025-12-10T10:12:35.654774Z[0m [34mDEBUG[0m [2methereum_transaction_pool_monitor::mempool_monitor[0m[2m:[0m 🔍 Fetching transaction details for: 0x61c0882bf898be88cb1cd7d29037574f19c96a41fe533153bcc979cac88e7b38
[2m2025-12-10T10:12:35.654780Z[0m [34mDEBUG[0m [2methereum_transaction_pool_monitor::eth_client[0m[2m:[0m 🔍 Fetching transaction details for hash: 0x61c0882bf898be88cb1cd7d29037574f19c96a41fe533153bcc979cac88e7b38
[2m2025-12-10T10:12:35.654803Z[0m [34mDEBUG[0m [2mhyper::client::pool[0m[2m:[0m reuse idle connection for ("http", 192.168.0.14:8545)
[2m2025-12-10T10:12:35.654850Z[0m [34mDEBUG[0m [2mhyper::proto::h1::io[0m[2m:[0m flushed 250 bytes
[2m2025-12-10T10:12:35.654872Z[0m [34mDEBUG[0m [2mhyper::client::pool[0m[2m:[0m reuse idle connection for ("http", 192.168.0.14:8545)
[2m2025-12-10T10:12:35.654880Z[0m [34mDEBUG[0m [2methereum_transaction_pool_monitor::eth_client[0m[2m:[0m 📨 Received WebSocket message: {"jsonrpc":"2.0","method":"eth_subscription","params":{"subscription":"0xbed0a0851463e895960a451075a301a9","result":"0x9bc73c273f6c84cd5a1ebbaeb707076204b8281da519742b091cf8cc652d37dc"}}
[2m2025-12-10T10:12:35.654891Z[0m [34mDEBUG[0m [2mhyper::proto::h1::io[0m[2m:[0m flushed 172 bytes
[2m2025-12-10T10:12:35.654892Z[0m [34mDEBUG[0m [2methereum_transaction_pool_monitor::eth_client[0m[2m:[0m 📨 Received pending transaction: 0x9bc73c273f6c84cd5a1ebbaeb707076204b8281da519742b091cf8cc652d37dc
[2m2025-12-10T10:12:35.654904Z[0m [34mDEBUG[0m [2methereum_transaction_pool_monitor::eth_client[0m[2m:[0m 📨 Received WebSocket message: {"jsonrpc":"2.0","method":"eth_subscription","params":{"subscription":"0xbed0a0851463e895960a451075a301a9","result":"0xade2651ef438d21688fc3e25b9483a3b2245d76565cd6558c7d0dd079cddfe86"}}
[2m2025-12-10T10:12:35.654912Z[0m [34mDEBUG[0m [2methereum_transaction_pool_monitor::eth_client[0m[2m:[0m 📨 Received pending transaction: 0xade2651ef438d21688fc3e25b9483a3b2245d76565cd6558c7d0dd079cddfe86
[2m2025-12-10T10:12:35.654919Z[0m [34mDEBUG[0m [2methereum_transaction_pool_monitor::eth_client[0m[2m:[0m 📨 Received WebSocket message: {"jsonrpc":"2.0","method":"eth_subscription","params":{"subscription":"0xbed0a0851463e895960a451075a301a9","result":"0x2ecece0cba453c41f41f6b98f8ce0748454e3b63f92bca99d1a203fa922f7dd1"}}
[2m2025-12-10T10:12:35.654925Z[0m [34mDEBUG[0m [2methereum_transaction_pool_monitor::eth_client[0m[2m:[0m 📨 Received pending transaction: 0x2ecece0cba453c41f41f6b98f8ce0748454e3b63f92bca99d1a203fa922f7dd1
[2m2025-12-10T10:12:35.654931Z[0m [34mDEBUG[0m [2methereum_transaction_pool_monitor::eth_client[0m[2m:[0m 📨 Received WebSocket message: {"jsonrpc":"2.0","method":"eth_subscription","params":{"subscription":"0xbed0a0851463e895960a451075a301a9","result":"0x3d86c203476572d0e1b6b7daa4f5fe458efcc824d4ac90b0ee57eb0a2d3365bf"}}
[2m2025-12-10T10:12:35.654937Z[0m [34mDEBUG[0m [2methereum_transaction_pool_monitor::eth_client[0m[2m:[0m 📨 Received pending transaction: 0x3d86c203476572d0e1b6b7daa4f5fe458efcc824d4ac90b0ee57eb0a2d3365bf
[2m2025-12-10T10:12:35.658629Z[0m [34mDEBUG[0m [2mhyper::proto::h1::io[0m[2m:[0m parsed 4 headers
[2m2025-12-10T10:12:35.658637Z[0m [34mDEBUG[0m [2mhyper::proto::h1::conn[0m[2m:[0m incoming body is content-length (45 bytes)
[2m2025-12-10T10:12:35.658659Z[0m [34mDEBUG[0m [2mhyper::proto::h1::conn[0m[2m:[0m incoming body completed
[2m2025-12-10T10:12:35.658670Z[0m [34mDEBUG[0m [2mhyper::client::pool[0m[2m:[0m pooling idle connection for ("http", 192.168.0.14:8545)
[2m2025-12-10T10:12:35.663863Z[0m [34mDEBUG[0m [2mhyper::proto::h1::io[0m[2m:[0m parsed 4 headers
[2m2025-12-10T10:12:35.663869Z[0m [34mDEBUG[0m [2mhyper::proto::h1::conn[0m[2m:[0m incoming body is content-length (647 bytes)
[2m2025-12-10T10:12:35.663875Z[0m [34mDEBUG[0m [2mhyper::proto::h1::conn[0m[2m:[0m incoming body completed
[2m2025-12-10T10:12:35.663880Z[0m [34mDEBUG[0m [2mhyper::client::pool[0m[2m:[0m pooling idle connection for ("http", 192.168.0.14:8545)
[2m2025-12-10T10:12:35.663886Z[0m [34mDEBUG[0m [2methereum_transaction_pool_monitor::eth_client[0m[2m:[0m 📡 Transaction fetch RPC completed in 9.100666ms
[2m2025-12-10T10:12:35.746134Z[0m [34mDEBUG[0m [2methereum_transaction_pool_monitor::eth_client[0m[2m:[0m ✅ Transaction 0x61c0882bf898be88cb1cd7d29037574f19c96a41fe533153bcc979cac88e7b38 fetched and parsed in 91.346375ms
[2m2025-12-10T10:12:35.746162Z[0m [34mDEBUG[0m [2methereum_transaction_pool_monitor::mempool_monitor[0m[2m:[0m 🔍 Skipping tx 0x61c0882bf898be88cb1cd7d29037574f19c96a41fe533153bcc979cac88e7b38 - not a DEX interaction (target: 0x7cb060F5BC33547910dAD18218d298cb3ce38aC8)
[2m2025-12-10T10:12:35.746172Z[0m [34mDEBUG[0m [2methereum_transaction_pool_monitor::mempool_monitor[0m[2m:[0m 📨 Processing new pending transaction: 0x571a9defb930bc5e7342a3a016a1327540e4edea2511ae9b58695699b7eb60ef
[2m2025-12-10T10:12:35.746179Z[0m [34mDEBUG[0m [2methereum_transaction_pool_monitor::mempool_monitor[0m[2m:[0m 🔍 Fetching transaction details for: 0x571a9defb930bc5e7342a3a016a1327540e4edea2511ae9b58695699b7eb60ef
[2m2025-12-10T10:12:35.746185Z[0m [34mDEBUG[0m [2methereum_transaction_pool_monitor::eth_client[0m[2m:[0m 🔍 Fetching transaction details for hash: 0x571a9defb930bc5e7342a3a016a1327540e4edea2511ae9b58695699b7eb60ef
[2m2025-12-10T10:12:35.746205Z[0m [34mDEBUG[0m [2mhyper::client::pool[0m[2m:[0m reuse idle connection for ("http", 192.168.0.14:8545)
[2m2025-12-10T10:12:35.746254Z[0m [34mDEBUG[0m [2mhyper::proto::h1::io[0m[2m:[0m flushed 250 bytes
[2m2025-12-10T10:12:35.746277Z[0m [34mDEBUG[0m [2mhyper::client::pool[0m[2m:[0m reuse idle connection for ("http", 192.168.0.14:8545)
[2m2025-12-10T10:12:35.746282Z[0m [34mDEBUG[0m [2methereum_transaction_pool_monitor::eth_client[0m[2m:[0m 📨 Received WebSocket message: {"jsonrpc":"2.0","method":"eth_subscription","params":{"subscription":"0xbed0a0851463e895960a451075a301a9","result":"0xcc38c887d425e7fe5e5731859a16fe1f513649c4045bb9b7c812d5992192b041"}}
[2m2025-12-10T10:12:35.746290Z[0m [34mDEBUG[0m [2mhyper::proto::h1::io[0m[2m:[0m flushed 172 bytes
[2m2025-12-10T10:12:35.746296Z[0m [34mDEBUG[0m [2methereum_transaction_pool_monitor::eth_client[0m[2m:[0m 📨 Received pending transaction: 0xcc38c887d425e7fe5e5731859a16fe1f513649c4045bb9b7c812d5992192b041
[2m2025-12-10T10:12:35.750244Z[0m [34mDEBUG[0m [2mhyper::proto::h1::io[0m[2m:[0m parsed 4 headers
[2m2025-12-10T10:12:35.750270Z[0m [34mDEBUG[0m [2mhyper::proto::h1::conn[0m[2m:[0m incoming body is content-length (45 bytes)
[2m2025-12-10T10:12:35.750298Z[0m [34mDEBUG[0m [2mhyper::proto::h1::conn[0m[2m:[0m incoming body completed
[2m2025-12-10T10:12:35.751018Z[0m [34mDEBUG[0m [2mhyper::client::pool[0m[2m:[0m pooling idle connection for ("http", 192.168.0.14:8545)
[2m2025-12-10T10:12:35.751051Z[0m [34mDEBUG[0m [2mhyper::proto::h1::io[0m[2m:[0m parsed 4 headers
[2m2025-12-10T10:12:35.751057Z[0m [34mDEBUG[0m [2mhyper::proto::h1::conn[0m[2m:[0m incoming body is content-length (829 bytes)
[2m2025-12-10T10:12:35.751062Z[0m [34mDEBUG[0m [2mhyper::proto::h1::conn[0m[2m:[0m incoming body completed
[2m2025-12-10T10:12:35.751069Z[0m [34mDEBUG[0m [2mhyper::client::pool[0m[2m:[0m pooling idle connection for ("http", 192.168.0.14:8545)
[2m2025-12-10T10:12:35.751074Z[0m [34mDEBUG[0m [2methereum_transaction_pool_monitor::eth_client[0m[2m:[0m 📡 Transaction fetch RPC completed in 4.884667ms
[2m2025-12-10T10:12:35.822573Z[0m [34mDEBUG[0m [2methereum_transaction_pool_monitor::eth_client[0m[2m:[0m ✅ Transaction 0x571a9defb930bc5e7342a3a016a1327540e4edea2511ae9b58695699b7eb60ef fetched and parsed in 76.3825ms
[2m2025-12-10T10:12:35.822603Z[0m [34mDEBUG[0m [2methereum_transaction_pool_monitor::mempool_monitor[0m[2m:[0m 🔍 Skipping tx 0x571a9defb930bc5e7342a3a016a1327540e4edea2511ae9b58695699b7eb60ef - not a DEX interaction (target: 0x3B4D794a66304F130a4Db8F2551B0070dfCf5ca7)
[2m2025-12-10T10:12:35.822614Z[0m [34mDEBUG[0m [2methereum_transaction_pool_monitor::mempool_monitor[0m[2m:[0m 📨 Processing new pending transaction: 0x71ce98210c317c186015d8291cecb892ddb03308dea761666a17e6cb40cd0510
[2m2025-12-10T10:12:35.822627Z[0m [34mDEBUG[0m [2methereum_transaction_pool_monitor::mempool_monitor[0m[2m:[0m 🔍 Fetching transaction details for: 0x71ce98210c317c186015d8291cecb892ddb03308dea761666a17e6cb40cd0510
[2m2025-12-10T10:12:35.822635Z[0m [34mDEBUG[0m [2methereum_transaction_pool_monitor::eth_client[0m[2m:[0m 🔍 Fetching transaction details for hash: 0x71ce98210c317c186015d8291cecb892ddb03308dea761666a17e6cb40cd0510
[2m2025-12-10T10:12:35.822659Z[0m [34mDEBUG[0m [2mhyper::client::pool[0m[2m:[0m reuse idle connection for ("http", 192.168.0.14:8545)
[2m2025-12-10T10:12:35.822714Z[0m [34mDEBUG[0m [2mhyper::proto::h1::io[0m[2m:[0m flushed 250 bytes
[2m2025-12-10T10:12:35.822749Z[0m [34mDEBUG[0m [2mhyper::client::pool[0m[2m:[0m reuse idle connection for ("http", 192.168.0.14:8545)
[2m2025-12-10T10:12:35.822773Z[0m [34mDEBUG[0m [2mhyper::proto::h1::io[0m[2m:[0m flushed 172 bytes
[2m2025-12-10T10:12:35.826181Z[0m [34mDEBUG[0m [2mhyper::proto::h1::io[0m[2m:[0m parsed 4 headers
[2m2025-12-10T10:12:35.826205Z[0m [34mDEBUG[0m [2mhyper::proto::h1::conn[0m[2m:[0m incoming body is content-length (45 bytes)
[2m2025-12-10T10:12:35.826231Z[0m [34mDEBUG[0m [2mhyper::proto::h1::conn[0m[2m:[0m incoming body completed
[2m2025-12-10T10:12:35.826240Z[0m [34mDEBUG[0m [2mhyper::client::pool[0m[2m:[0m pooling idle connection for ("http", 192.168.0.14:8545)
[2m2025-12-10T10:12:35.826572Z[0m [34mDEBUG[0m [2mhyper::proto::h1::io[0m[2m:[0m parsed 4 headers
[2m2025-12-10T10:12:35.826577Z[0m [34mDEBUG[0m [2mhyper::proto::h1::conn[0m[2m:[0m incoming body is content-length (612 bytes)
[2m2025-12-10T10:12:35.826581Z[0m [34mDEBUG[0m [2mhyper::proto::h1::conn[0m[2m:[0m incoming body completed
[2m2025-12-10T10:12:35.826587Z[0m [34mDEBUG[0m [2mhyper::client::pool[0m[2m:[0m pooling idle connection for ("http", 192.168.0.14:8545)
[2m2025-12-10T10:12:35.826593Z[0m [34mDEBUG[0m [2methereum_transaction_pool_monitor::eth_client[0m[2m:[0m 📡 Transaction fetch RPC completed in 3.949333ms
[2m2025-12-10T10:12:35.897411Z[0m [34mDEBUG[0m [2methereum_transaction_pool_monitor::eth_client[0m[2m:[0m ✅ Transaction 0x71ce98210c317c186015d8291cecb892ddb03308dea761666a17e6cb40cd0510 fetched and parsed in 74.76475ms
[2m2025-12-10T10:12:35.897439Z[0m [34mDEBUG[0m [2methereum_transaction_pool_monitor::mempool_monitor[0m[2m:[0m 🔍 Skipping tx 0x71ce98210c317c186015d8291cecb892ddb03308dea761666a17e6cb40cd0510 - not a DEX interaction (target: 0x66B0fA76A0F54A04Ffb7Bf1bEd1e1B009AF9C908)
[2m2025-12-10T10:12:35.897450Z[0m [34mDEBUG[0m [2methereum_transaction_pool_monitor::mempool_monitor[0m[2m:[0m 📨 Processing new pending transaction: 0x951197ebc94d768f1741f69ede6c89c73c07d1e1fbc03fd64e64ba4fdcecdba8
[2m2025-12-10T10:12:35.897458Z[0m [34mDEBUG[0m [2methereum_transaction_pool_monitor::mempool_monitor[0m[2m:[0m 🔍 Fetching transaction details for: 0x951197ebc94d768f1741f69ede6c89c73c07d1e1fbc03fd64e64ba4fdcecdba8
[2m2025-12-10T10:12:35.897464Z[0m [34mDEBUG[0m [2methereum_transaction_pool_monitor::eth_client[0m[2m:[0m 🔍 Fetching transaction details for hash: 0x951197ebc94d768f1741f69ede6c89c73c07d1e1fbc03fd64e64ba4fdcecdba8
[2m2025-12-10T10:12:35.897484Z[0m [34mDEBUG[0m [2mhyper::client::pool[0m[2m:[0m reuse idle connection for ("http", 192.168.0.14:8545)
[2m2025-12-10T10:12:35.897524Z[0m [34mDEBUG[0m [2mhyper::proto::h1::io[0m[2m:[0m flushed 250 bytes
[2m2025-12-10T10:12:35.897545Z[0m [34mDEBUG[0m [2mhyper::client::pool[0m[2m:[0m reuse idle connection for ("http", 192.168.0.14:8545)
[2m2025-12-10T10:12:35.897549Z[0m [34mDEBUG[0m [2methereum_transaction_pool_monitor::eth_client[0m[2m:[0m 📨 Received WebSocket message: {"jsonrpc":"2.0","method":"eth_subscription","params":{"subscription":"0xbed0a0851463e895960a451075a301a9","result":"0xc7ffb5a1777c5fd0a6905fac87c2d5a3f3ba98d90430b0e67cf9ad3962032507"}}
[2m2025-12-10T10:12:35.897557Z[0m [34mDEBUG[0m [2mhyper::proto::h1::io[0m[2m:[0m flushed 172 bytes
[2m2025-12-10T10:12:35.897560Z[0m [34mDEBUG[0m [2methereum_transaction_pool_monitor::eth_client[0m[2m:[0m 📨 Received pending transaction: 0xc7ffb5a1777c5fd0a6905fac87c2d5a3f3ba98d90430b0e67cf9ad3962032507
[2m2025-12-10T10:12:35.901508Z[0m [34mDEBUG[0m [2mhyper::proto::h1::io[0m[2m:[0m parsed 4 headers
[2m2025-12-10T10:12:35.901530Z[0m [34mDEBUG[0m [2mhyper::proto::h1::conn[0m[2m:[0m incoming body is content-length (45 bytes)
[2m2025-12-10T10:12:35.901553Z[0m [34mDEBUG[0m [2mhyper::proto::h1::conn[0m[2m:[0m incoming body completed
[2m2025-12-10T10:12:35.901589Z[0m [34mDEBUG[0m [2mhyper::client::pool[0m[2m:[0m pooling idle connection for ("http", 192.168.0.14:8545)
[2m2025-12-10T10:12:35.902550Z[0m [34mDEBUG[0m [2mhyper::proto::h1::io[0m[2m:[0m parsed 4 headers
[2m2025-12-10T10:12:35.902567Z[0m [34mDEBUG[0m [2mhyper::proto::h1::conn[0m[2m:[0m incoming body is content-length (654 bytes)
[2m2025-12-10T10:12:35.902574Z[0m [34mDEBUG[0m [2mhyper::proto::h1::conn[0m[2m:[0m incoming body completed
[2m2025-12-10T10:12:35.902581Z[0m [34mDEBUG[0m [2mhyper::client::pool[0m[2m:[0m pooling idle connection for ("http", 192.168.0.14:8545)
[2m2025-12-10T10:12:35.902590Z[0m [34mDEBUG[0m [2methereum_transaction_pool_monitor::eth_client[0m[2m:[0m 📡 Transaction fetch RPC completed in 5.1215ms
[2m2025-12-10T10:12:35.973243Z[0m [34mDEBUG[0m [2methereum_transaction_pool_monitor::eth_client[0m[2m:[0m ✅ Transaction 0x951197ebc94d768f1741f69ede6c89c73c07d1e1fbc03fd64e64ba4fdcecdba8 fetched and parsed in 75.7725ms
[2m2025-12-10T10:12:35.973271Z[0m [34mDEBUG[0m [2methereum_transaction_pool_monitor::mempool_monitor[0m[2m:[0m 🔍 Skipping tx 0x951197ebc94d768f1741f69ede6c89c73c07d1e1fbc03fd64e64ba4fdcecdba8 - not a DEX interaction (target: 0x6b5FBe38418272c3394C026354630017578AD9A9)
[2m2025-12-10T10:12:35.973282Z[0m [34mDEBUG[0m [2methereum_transaction_pool_monitor::mempool_monitor[0m[2m:[0m 📨 Processing new pending transaction: 0x9bc73c273f6c84cd5a1ebbaeb707076204b8281da519742b091cf8cc652d37dc
[2m2025-12-10T10:12:35.973291Z[0m [34mDEBUG[0m [2methereum_transaction_pool_monitor::mempool_monitor[0m[2m:[0m 🔍 Fetching transaction details for: 0x9bc73c273f6c84cd5a1ebbaeb707076204b8281da519742b091cf8cc652d37dc
[2m2025-12-10T10:12:35.973296Z[0m [34mDEBUG[0m [2methereum_transaction_pool_monitor::eth_client[0m[2m:[0m 🔍 Fetching transaction details for hash: 0x9bc73c273f6c84cd5a1ebbaeb707076204b8281da519742b091cf8cc652d37dc
[2m2025-12-10T10:12:35.973319Z[0m [34mDEBUG[0m [2mhyper::client::pool[0m[2m:[0m reuse idle connection for ("http", 192.168.0.14:8545)
[2m2025-12-10T10:12:35.973368Z[0m [34mDEBUG[0m [2mhyper::proto::h1::io[0m[2m:[0m flushed 250 bytes
[2m2025-12-10T10:12:35.973387Z[0m [34mDEBUG[0m [2methereum_transaction_pool_monitor::eth_client[0m[2m:[0m 📨 Received WebSocket message: {"jsonrpc":"2.0","method":"eth_subscription","params":{"subscription":"0xbed0a0851463e895960a451075a301a9","result":"0x517d08770f58156bd83a6dfc862506a73616839574fcb7907f74d92f21426556"}}
[2m2025-12-10T10:12:35.973397Z[0m [34mDEBUG[0m [2methereum_transaction_pool_monitor::eth_client[0m[2m:[0m 📨 Received pending transaction: 0x517d08770f58156bd83a6dfc862506a73616839574fcb7907f74d92f21426556
[2m2025-12-10T10:12:35.973404Z[0m [34mDEBUG[0m [2methereum_transaction_pool_monitor::eth_client[0m[2m:[0m 📨 Received WebSocket message: {"jsonrpc":"2.0","method":"eth_subscription","params":{"subscription":"0xbed0a0851463e895960a451075a301a9","result":"0x722ff8c250947b8707a91a66bbae8b629c74e395a1b120d6d72449136e265a62"}}
[2m2025-12-10T10:12:35.973410Z[0m [34mDEBUG[0m [2methereum_transaction_pool_monitor::eth_client[0m[2m:[0m 📨 Received pending transaction: 0x722ff8c250947b8707a91a66bbae8b629c74e395a1b120d6d72449136e265a62
[2m2025-12-10T10:12:35.973416Z[0m [34mDEBUG[0m [2methereum_transaction_pool_monitor::eth_client[0m[2m:[0m 📨 Received WebSocket message: {"jsonrpc":"2.0","method":"eth_subscription","params":{"subscription":"0xbed0a0851463e895960a451075a301a9","result":"0x7cd5c0cfe6ce355fc00cbbcde96507297b0f2a7631ccf544fef35211a114bb86"}}
[2m2025-12-10T10:12:35.973422Z[0m [34mDEBUG[0m [2methereum_transaction_pool_monitor::eth_client[0m[2m:[0m 📨 Received pending transaction: 0x7cd5c0cfe6ce355fc00cbbcde96507297b0f2a7631ccf544fef35211a114bb86
[2m2025-12-10T10:12:35.977485Z[0m [34mDEBUG[0m [2mhyper::proto::h1::io[0m[2m:[0m parsed 4 headers
[2m2025-12-10T10:12:35.977503Z[0m [34mDEBUG[0m [2mhyper::proto::h1::conn[0m[2m:[0m incoming body is content-length (680 bytes)
[2m2025-12-10T10:12:35.977516Z[0m [34mDEBUG[0m [2mhyper::proto::h1::conn[0m[2m:[0m incoming body completed
[2m2025-12-10T10:12:35.977530Z[0m [34mDEBUG[0m [2mhyper::client::pool[0m[2m:[0m pooling idle connection for ("http", 192.168.0.14:8545)
[2m2025-12-10T10:12:35.977537Z[0m [34mDEBUG[0m [2methereum_transaction_pool_monitor::eth_client[0m[2m:[0m 📡 Transaction fetch RPC completed in 4.236041ms
[2m2025-12-10T10:12:35.977551Z[0m [34mDEBUG[0m [2methereum_transaction_pool_monitor::eth_client[0m[2m:[0m DeFi transaction detected - Address: 0xdac17f958d2ee523a2206206994597c13d831ec7, Type: Stablecoin, Value: 0 ETH, Gas: 1.00 Gwei
[2m2025-12-10T10:12:35.977564Z[0m [34mDEBUG[0m [2methereum_transaction_pool_monitor::eth_client[0m[2m:[0m ✅ Transaction 0x9bc73c273f6c84cd5a1ebbaeb707076204b8281da519742b091cf8cc652d37dc fetched and parsed in 4.262583ms
[2m2025-12-10T10:12:35.977569Z[0m [34mDEBUG[0m [2methereum_transaction_pool_monitor::mempool_monitor[0m[2m:[0m 🔍 Skipping tx 0x9bc73c273f6c84cd5a1ebbaeb707076204b8281da519742b091cf8cc652d37dc - not a DEX interaction (target: 0xdAC17F958D2ee523a2206206994597C13D831ec7)
[2m2025-12-10T10:12:35.977576Z[0m [34mDEBUG[0m [2methereum_transaction_pool_monitor::mempool_monitor[0m[2m:[0m 📨 Processing new pending transaction: 0xade2651ef438d21688fc3e25b9483a3b2245d76565cd6558c7d0dd079cddfe86
[2m2025-12-10T10:12:35.977580Z[0m [34mDEBUG[0m [2methereum_transaction_pool_monitor::mempool_monitor[0m[2m:[0m 🔍 Fetching transaction details for: 0xade2651ef438d21688fc3e25b9483a3b2245d76565cd6558c7d0dd079cddfe86
[2m2025-12-10T10:12:35.977584Z[0m [34mDEBUG[0m [2methereum_transaction_pool_monitor::eth_client[0m[2m:[0m 🔍 Fetching transaction details for hash: 0xade2651ef438d21688fc3e25b9483a3b2245d76565cd6558c7d0dd079cddfe86
[2m2025-12-10T10:12:35.977596Z[0m [34mDEBUG[0m [2mhyper::client::pool[0m[2m:[0m reuse idle connection for ("http", 192.168.0.14:8545)
[2m2025-12-10T10:12:35.977624Z[0m [34mDEBUG[0m [2mhyper::proto::h1::io[0m[2m:[0m flushed 250 bytes
[2m2025-12-10T10:12:35.982443Z[0m [34mDEBUG[0m [2mhyper::proto::h1::io[0m[2m:[0m parsed 4 headers
[2m2025-12-10T10:12:35.982451Z[0m [34mDEBUG[0m [2mhyper::proto::h1::conn[0m[2m:[0m incoming body is content-length (778 bytes)
[2m2025-12-10T10:12:35.982457Z[0m [34mDEBUG[0m [2mhyper::proto::h1::conn[0m[2m:[0m incoming body completed
[2m2025-12-10T10:12:35.982465Z[0m [34mDEBUG[0m [2mhyper::client::pool[0m[2m:[0m pooling idle connection for ("http", 192.168.0.14:8545)
[2m2025-12-10T10:12:35.982470Z[0m [34mDEBUG[0m [2methereum_transaction_pool_monitor::eth_client[0m[2m:[0m 📡 Transaction fetch RPC completed in 4.882292ms
[2m2025-12-10T10:12:36.053460Z[0m [34mDEBUG[0m [2methereum_transaction_pool_monitor::eth_client[0m[2m:[0m ✅ Transaction 0xade2651ef438d21688fc3e25b9483a3b2245d76565cd6558c7d0dd079cddfe86 fetched and parsed in 75.869125ms
[2m2025-12-10T10:12:36.053491Z[0m [34mDEBUG[0m [2methereum_transaction_pool_monitor::mempool_monitor[0m[2m:[0m 🔍 Skipping tx 0xade2651ef438d21688fc3e25b9483a3b2245d76565cd6558c7d0dd079cddfe86 - not a DEX interaction (target: 0x57e114B691Db790C35207b2e685D4A43181e6061)
[2m2025-12-10T10:12:36.053505Z[0m [34mDEBUG[0m [2methereum_transaction_pool_monitor::mempool_monitor[0m[2m:[0m 📨 Processing new pending transaction: 0x2ecece0cba453c41f41f6b98f8ce0748454e3b63f92bca99d1a203fa922f7dd1
[2m2025-12-10T10:12:36.053514Z[0m [34mDEBUG[0m [2methereum_transaction_pool_monitor::mempool_monitor[0m[2m:[0m 🔍 Fetching transaction details for: 0x2ecece0cba453c41f41f6b98f8ce0748454e3b63f92bca99d1a203fa922f7dd1
[2m2025-12-10T10:12:36.053524Z[0m [34mDEBUG[0m [2methereum_transaction_pool_monitor::eth_client[0m[2m:[0m 🔍 Fetching transaction details for hash: 0x2ecece0cba453c41f41f6b98f8ce0748454e3b63f92bca99d1a203fa922f7dd1
[2m2025-12-10T10:12:36.053544Z[0m [34mDEBUG[0m [2mhyper::client::pool[0m[2m:[0m reuse idle connection for ("http", 192.168.0.14:8545)
[2m2025-12-10T10:12:36.053591Z[0m [34mDEBUG[0m [2mhyper::proto::h1::io[0m[2m:[0m flushed 250 bytes
[2m2025-12-10T10:12:36.053625Z[0m [34mDEBUG[0m [2mhyper::client::pool[0m[2m:[0m reuse idle connection for ("http", 192.168.0.14:8545)
[2m2025-12-10T10:12:36.053647Z[0m [34mDEBUG[0m [2mhyper::proto::h1::io[0m[2m:[0m flushed 172 bytes
[2m2025-12-10T10:12:36.057635Z[0m [34mDEBUG[0m [2mhyper::proto::h1::io[0m[2m:[0m parsed 4 headers
[2m2025-12-10T10:12:36.057641Z[0m [34mDEBUG[0m [2mhyper::proto::h1::conn[0m[2m:[0m incoming body is content-length (45 bytes)
[2m2025-12-10T10:12:36.057649Z[0m [34mDEBUG[0m [2mhyper::proto::h1::conn[0m[2m:[0m incoming body completed
[2m2025-12-10T10:12:36.057657Z[0m [34mDEBUG[0m [2mhyper::client::pool[0m[2m:[0m pooling idle connection for ("http", 192.168.0.14:8545)
[2m2025-12-10T10:12:36.057674Z[0m [34mDEBUG[0m [2mhyper::proto::h1::io[0m[2m:[0m parsed 4 headers
[2m2025-12-10T10:12:36.057679Z[0m [34mDEBUG[0m [2mhyper::proto::h1::conn[0m[2m:[0m incoming body is content-length (710 bytes)
[2m2025-12-10T10:12:36.057684Z[0m [34mDEBUG[0m [2mhyper::proto::h1::conn[0m[2m:[0m incoming body completed
[2m2025-12-10T10:12:36.057689Z[0m [34mDEBUG[0m [2mhyper::client::pool[0m[2m:[0m pooling idle connection for ("http", 192.168.0.14:8545)
[2m2025-12-10T10:12:36.057694Z[0m [34mDEBUG[0m [2methereum_transaction_pool_monitor::eth_client[0m[2m:[0m 📡 Transaction fetch RPC completed in 4.164833ms
[2m2025-12-10T10:12:36.128770Z[0m [34mDEBUG[0m [2methereum_transaction_pool_monitor::eth_client[0m[2m:[0m ✅ Transaction 0x2ecece0cba453c41f41f6b98f8ce0748454e3b63f92bca99d1a203fa922f7dd1 fetched and parsed in 75.23875ms
[2m2025-12-10T10:12:36.128797Z[0m [34mDEBUG[0m [2methereum_transaction_pool_monitor::mempool_monitor[0m[2m:[0m 🔍 Skipping tx 0x2ecece0cba453c41f41f6b98f8ce0748454e3b63f92bca99d1a203fa922f7dd1 - not a DEX interaction (target: 0x4FB243C154e381218FDEd5149D2Aed1eE20a69FD)
[2m2025-12-10T10:12:36.129548Z[0m [34mDEBUG[0m [2methereum_transaction_pool_monitor::mempool_monitor[0m[2m:[0m 📨 Processing new pending transaction: 0x3d86c203476572d0e1b6b7daa4f5fe458efcc824d4ac90b0ee57eb0a2d3365bf
[2m2025-12-10T10:12:36.129557Z[0m [34mDEBUG[0m [2methereum_transaction_pool_monitor::mempool_monitor[0m[2m:[0m 🔍 Fetching transaction details for: 0x3d86c203476572d0e1b6b7daa4f5fe458efcc824d4ac90b0ee57eb0a2d3365bf
[2m2025-12-10T10:12:36.129565Z[0m [34mDEBUG[0m [2methereum_transaction_pool_monitor::eth_client[0m[2m:[0m 🔍 Fetching transaction details for hash: 0x3d86c203476572d0e1b6b7daa4f5fe458efcc824d4ac90b0ee57eb0a2d3365bf
[2m2025-12-10T10:12:36.129583Z[0m [34mDEBUG[0m [2mhyper::client::pool[0m[2m:[0m reuse idle connection for ("http", 192.168.0.14:8545)
[2m2025-12-10T10:12:36.129627Z[0m [34mDEBUG[0m [2mhyper::proto::h1::io[0m[2m:[0m flushed 250 bytes
[2m2025-12-10T10:12:36.129648Z[0m [34mDEBUG[0m [2mhyper::client::pool[0m[2m:[0m reuse idle connection for ("http", 192.168.0.14:8545)
[2m2025-12-10T10:12:36.129662Z[0m [34mDEBUG[0m [2mhyper::proto::h1::io[0m[2m:[0m flushed 172 bytes
[2m2025-12-10T10:12:36.129697Z[0m [34mDEBUG[0m [2methereum_transaction_pool_monitor::eth_client[0m[2m:[0m 📨 Received WebSocket message: {"jsonrpc":"2.0","method":"eth_subscription","params":{"subscription":"0xbed0a0851463e895960a451075a301a9","result":"0xae0ce0879416d3e7b91c274dccfd4bc22bf3b16ac3c96c6e3fb04b39a8a3b386"}}
[2m2025-12-10T10:12:36.129721Z[0m [34mDEBUG[0m [2methereum_transaction_pool_monitor::eth_client[0m[2m:[0m 📨 Received pending transaction: 0xae0ce0879416d3e7b91c274dccfd4bc22bf3b16ac3c96c6e3fb04b39a8a3b386
[2m2025-12-10T10:12:36.134270Z[0m [34mDEBUG[0m [2mhyper::proto::h1::io[0m[2m:[0m parsed 4 headers
[2m2025-12-10T10:12:36.134279Z[0m [34mDEBUG[0m [2mhyper::proto::h1::conn[0m[2m:[0m incoming body is content-length (645 bytes)
[2m2025-12-10T10:12:36.134287Z[0m [34mDEBUG[0m [2mhyper::proto::h1::conn[0m[2m:[0m incoming body completed
[2m2025-12-10T10:12:36.134296Z[0m [34mDEBUG[0m [2mhyper::client::pool[0m[2m:[0m pooling idle connection for ("http", 192.168.0.14:8545)
[2m2025-12-10T10:12:36.134303Z[0m [34mDEBUG[0m [2methereum_transaction_pool_monitor::eth_client[0m[2m:[0m 📡 Transaction fetch RPC completed in 4.733792ms
[2m2025-12-10T10:12:36.204578Z[0m [34mDEBUG[0m [2methereum_transaction_pool_monitor::eth_client[0m[2m:[0m ✅ Transaction 0x3d86c203476572d0e1b6b7daa4f5fe458efcc824d4ac90b0ee57eb0a2d3365bf fetched and parsed in 75.006125ms
[2m2025-12-10T10:12:36.204604Z[0m [34mDEBUG[0m [2methereum_transaction_pool_monitor::mempool_monitor[0m[2m:[0m 🔍 Skipping tx 0x3d86c203476572d0e1b6b7daa4f5fe458efcc824d4ac90b0ee57eb0a2d3365bf - not a DEX interaction (target: 0x1AB4973a48dc892Cd9971ECE8e01DcC7688f8F23)
[2m2025-12-10T10:12:36.204615Z[0m [34mDEBUG[0m [2methereum_transaction_pool_monitor::mempool_monitor[0m[2m:[0m 📨 Processing new pending transaction: 0xcc38c887d425e7fe5e5731859a16fe1f513649c4045bb9b7c812d5992192b041
[2m2025-12-10T10:12:36.204622Z[0m [34mDEBUG[0m [2methereum_transaction_pool_monitor::mempool_monitor[0m[2m:[0m 🔍 Fetching transaction details for: 0xcc38c887d425e7fe5e5731859a16fe1f513649c4045bb9b7c812d5992192b041
[2m2025-12-10T10:12:36.204629Z[0m [34mDEBUG[0m [2methereum_transaction_pool_monitor::eth_client[0m[2m:[0m 🔍 Fetching transaction details for hash: 0xcc38c887d425e7fe5e5731859a16fe1f513649c4045bb9b7c812d5992192b041
[2m2025-12-10T10:12:36.204648Z[0m [34mDEBUG[0m [2mhyper::client::pool[0m[2m:[0m reuse idle connection for ("http", 192.168.0.14:8545)
[2m2025-12-10T10:12:36.204697Z[0m [34mDEBUG[0m [2mhyper::proto::h1::io[0m[2m:[0m flushed 250 bytes
[2m2025-12-10T10:12:36.204715Z[0m [34mDEBUG[0m [2mhyper::proto::h1::io[0m[2m:[0m parsed 4 headers
[2m2025-12-10T10:12:36.204721Z[0m [34mDEBUG[0m [2mhyper::proto::h1::conn[0m[2m:[0m incoming body is content-length (45 bytes)
[2m2025-12-10T10:12:36.204730Z[0m [34mDEBUG[0m [2mhyper::proto::h1::conn[0m[2m:[0m incoming body completed
[2m2025-12-10T10:12:36.204740Z[0m [34mDEBUG[0m [2mhyper::client::pool[0m[2m:[0m pooling idle connection for ("http", 192.168.0.14:8545)
[2m2025-12-10T10:12:36.204758Z[0m [34mDEBUG[0m [2mhyper::client::pool[0m[2m:[0m reuse idle connection for ("http", 192.168.0.14:8545)
[2m2025-12-10T10:12:36.204775Z[0m [34mDEBUG[0m [2mhyper::proto::h1::io[0m[2m:[0m flushed 172 bytes
[2m2025-12-10T10:12:36.209637Z[0m [34mDEBUG[0m [2mhyper::proto::h1::io[0m[2m:[0m parsed 4 headers
[2m2025-12-10T10:12:36.209650Z[0m [34mDEBUG[0m [2mhyper::proto::h1::conn[0m[2m:[0m incoming body is content-length (45 bytes)
[2m2025-12-10T10:12:36.209661Z[0m [34mDEBUG[0m [2mhyper::proto::h1::conn[0m[2m:[0m incoming body completed
[2m2025-12-10T10:12:36.209673Z[0m [34mDEBUG[0m [2mhyper::client::pool[0m[2m:[0m pooling idle connection for ("http", 192.168.0.14:8545)
[2m2025-12-10T10:12:36.209699Z[0m [34mDEBUG[0m [2mhyper::proto::h1::io[0m[2m:[0m parsed 4 headers
[2m2025-12-10T10:12:36.209704Z[0m [34mDEBUG[0m [2mhyper::proto::h1::conn[0m[2m:[0m incoming body is content-length (644 bytes)
[2m2025-12-10T10:12:36.209709Z[0m [34mDEBUG[0m [2mhyper::proto::h1::conn[0m[2m:[0m incoming body completed
[2m2025-12-10T10:12:36.209728Z[0m [34mDEBUG[0m [2mhyper::client::pool[0m[2m:[0m pooling idle connection for ("http", 192.168.0.14:8545)
[2m2025-12-10T10:12:36.209733Z[0m [34mDEBUG[0m [2methereum_transaction_pool_monitor::eth_client[0m[2m:[0m 📡 Transaction fetch RPC completed in 5.099667ms
[2m2025-12-10T10:12:36.330245Z[0m [34mDEBUG[0m [2methereum_transaction_pool_monitor::eth_client[0m[2m:[0m ✅ Transaction 0xcc38c887d425e7fe5e5731859a16fe1f513649c4045bb9b7c812d5992192b041 fetched and parsed in 125.607917ms
[2m2025-12-10T10:12:36.330275Z[0m [34mDEBUG[0m [2methereum_transaction_pool_monitor::mempool_monitor[0m[2m:[0m 🔍 Skipping tx 0xcc38c887d425e7fe5e5731859a16fe1f513649c4045bb9b7c812d5992192b041 - not a DEX interaction (target: 0x1AB4973a48dc892Cd9971ECE8e01DcC7688f8F23)
[2m2025-12-10T10:12:36.330291Z[0m [34mDEBUG[0m [2methereum_transaction_pool_monitor::mempool_monitor[0m[2m:[0m 📨 Processing new pending transaction: 0xc7ffb5a1777c5fd0a6905fac87c2d5a3f3ba98d90430b0e67cf9ad3962032507
[2m2025-12-10T10:12:36.330302Z[0m [34mDEBUG[0m [2methereum_transaction_pool_monitor::mempool_monitor[0m[2m:[0m 🔍 Fetching transaction details for: 0xc7ffb5a1777c5fd0a6905fac87c2d5a3f3ba98d90430b0e67cf9ad3962032507
[2m2025-12-10T10:12:36.330308Z[0m [34mDEBUG[0m [2methereum_transaction_pool_monitor::eth_client[0m[2m:[0m 🔍 Fetching transaction details for hash: 0xc7ffb5a1777c5fd0a6905fac87c2d5a3f3ba98d90430b0e67cf9ad3962032507
[2m2025-12-10T10:12:36.330328Z[0m [34mDEBUG[0m [2mhyper::client::pool[0m[2m:[0m reuse idle connection for ("http", 192.168.0.14:8545)
[2m2025-12-10T10:12:36.330357Z[0m [34mDEBUG[0m [2mhyper::proto::h1::io[0m[2m:[0m flushed 250 bytes
[2m2025-12-10T10:12:36.330376Z[0m [34mDEBUG[0m [2mhyper::client::pool[0m[2m:[0m reuse idle connection for ("http", 192.168.0.14:8545)
[2m2025-12-10T10:12:36.330385Z[0m [34mDEBUG[0m [2methereum_transaction_pool_monitor::eth_client[0m[2m:[0m 📨 Received WebSocket message: {"jsonrpc":"2.0","method":"eth_subscription","params":{"subscription":"0xbed0a0851463e895960a451075a301a9","result":"0x3aa75a4b3e5035b494971541d95cef83b9864370693805bcf695e97897364ac4"}}
[2m2025-12-10T10:12:36.330390Z[0m [34mDEBUG[0m [2mhyper::proto::h1::io[0m[2m:[0m flushed 172 bytes
[2m2025-12-10T10:12:36.330404Z[0m [34mDEBUG[0m [2methereum_transaction_pool_monitor::eth_client[0m[2m:[0m 📨 Received pending transaction: 0x3aa75a4b3e5035b494971541d95cef83b9864370693805bcf695e97897364ac4
[2m2025-12-10T10:12:36.330413Z[0m [34mDEBUG[0m [2methereum_transaction_pool_monitor::eth_client[0m[2m:[0m 📨 Received WebSocket message: {"jsonrpc":"2.0","method":"eth_subscription","params":{"subscription":"0xbed0a0851463e895960a451075a301a9","result":"0xc8cebe38576eb61861f15f9a0eda8eda58b67c6b4775181baac2fe6650a5a108"}}
[2m2025-12-10T10:12:36.330419Z[0m [34mDEBUG[0m [2methereum_transaction_pool_monitor::eth_client[0m[2m:[0m 📨 Received pending transaction: 0xc8cebe38576eb61861f15f9a0eda8eda58b67c6b4775181baac2fe6650a5a108
[2m2025-12-10T10:12:36.333987Z[0m [34mDEBUG[0m [2mhyper::proto::h1::io[0m[2m:[0m parsed 4 headers
[2m2025-12-10T10:12:36.333992Z[0m [34mDEBUG[0m [2mhyper::proto::h1::conn[0m[2m:[0m incoming body is content-length (45 bytes)
[2m2025-12-10T10:12:36.333999Z[0m [34mDEBUG[0m [2mhyper::proto::h1::conn[0m[2m:[0m incoming body completed
[2m2025-12-10T10:12:36.334006Z[0m [34mDEBUG[0m [2mhyper::client::pool[0m[2m:[0m pooling idle connection for ("http", 192.168.0.14:8545)
[2m2025-12-10T10:12:36.340549Z[0m [34mDEBUG[0m [2mhyper::proto::h1::io[0m[2m:[0m parsed 4 headers
[2m2025-12-10T10:12:36.340565Z[0m [34mDEBUG[0m [2mhyper::proto::h1::conn[0m[2m:[0m incoming body is content-length (645 bytes)
[2m2025-12-10T10:12:36.340573Z[0m [34mDEBUG[0m [2mhyper::proto::h1::conn[0m[2m:[0m incoming body completed
[2m2025-12-10T10:12:36.340583Z[0m [34mDEBUG[0m [2mhyper::client::pool[0m[2m:[0m pooling idle connection for ("http", 192.168.0.14:8545)
[2m2025-12-10T10:12:36.340591Z[0m [34mDEBUG[0m [2methereum_transaction_pool_monitor::eth_client[0m[2m:[0m 📡 Transaction fetch RPC completed in 10.277542ms
[2m2025-12-10T10:12:36.433469Z[0m [34mDEBUG[0m [2methereum_transaction_pool_monitor::eth_client[0m[2m:[0m ✅ Transaction 0xc7ffb5a1777c5fd0a6905fac87c2d5a3f3ba98d90430b0e67cf9ad3962032507 fetched and parsed in 103.153042ms
[2m2025-12-10T10:12:36.433489Z[0m [34mDEBUG[0m [2methereum_transaction_pool_monitor::mempool_monitor[0m[2m:[0m 🔍 Skipping tx 0xc7ffb5a1777c5fd0a6905fac87c2d5a3f3ba98d90430b0e67cf9ad3962032507 - not a DEX interaction (target: 0x1AB4973a48dc892Cd9971ECE8e01DcC7688f8F23)
[2m2025-12-10T10:12:36.433499Z[0m [34mDEBUG[0m [2methereum_transaction_pool_monitor::mempool_monitor[0m[2m:[0m 📨 Processing new pending transaction: 0x517d08770f58156bd83a6dfc862506a73616839574fcb7907f74d92f21426556
[2m2025-12-10T10:12:36.433507Z[0m [34mDEBUG[0m [2methereum_transaction_pool_monitor::mempool_monitor[0m[2m:[0m 🔍 Fetching transaction details for: 0x517d08770f58156bd83a6dfc862506a73616839574fcb7907f74d92f21426556
[2m2025-12-10T10:12:36.433514Z[0m [34mDEBUG[0m [2methereum_transaction_pool_monitor::eth_client[0m[2m:[0m 🔍 Fetching transaction details for hash: 0x517d08770f58156bd83a6dfc862506a73616839574fcb7907f74d92f21426556
[2m2025-12-10T10:12:36.433532Z[0m [34mDEBUG[0m [2mhyper::client::pool[0m[2m:[0m reuse idle connection for ("http", 192.168.0.14:8545)
[2m2025-12-10T10:12:36.433574Z[0m [34mDEBUG[0m [2mhyper::proto::h1::io[0m[2m:[0m flushed 250 bytes
[2m2025-12-10T10:12:36.433594Z[0m [34mDEBUG[0m [2mhyper::client::pool[0m[2m:[0m reuse idle connection for ("http", 192.168.0.14:8545)
[2m2025-12-10T10:12:36.433600Z[0m [34mDEBUG[0m [2methereum_transaction_pool_monitor::eth_client[0m[2m:[0m 📨 Received WebSocket message: {"jsonrpc":"2.0","method":"eth_subscription","params":{"subscription":"0xbed0a0851463e895960a451075a301a9","result":"0x23e0481ed297f01cf0ccf64ebb0a85c56ea61070fb162442695fead8b77cd433"}}
[2m2025-12-10T10:12:36.433611Z[0m [34mDEBUG[0m [2mhyper::proto::h1::io[0m[2m:[0m flushed 172 bytes
[2m2025-12-10T10:12:36.433612Z[0m [34mDEBUG[0m [2methereum_transaction_pool_monitor::eth_client[0m[2m:[0m 📨 Received pending transaction: 0x23e0481ed297f01cf0ccf64ebb0a85c56ea61070fb162442695fead8b77cd433
[2m2025-12-10T10:12:36.433637Z[0m [34mDEBUG[0m [2methereum_transaction_pool_monitor::eth_client[0m[2m:[0m 📨 Received WebSocket message: {"jsonrpc":"2.0","method":"eth_subscription","params":{"subscription":"0xbed0a0851463e895960a451075a301a9","result":"0x4b6b8c29fdb87d4e80e46a4b25bab5e3d261970b10198ca961de3e97dc830550"}}
[2m2025-12-10T10:12:36.433644Z[0m [34mDEBUG[0m [2methereum_transaction_pool_monitor::eth_client[0m[2m:[0m 📨 Received pending transaction: 0x4b6b8c29fdb87d4e80e46a4b25bab5e3d261970b10198ca961de3e97dc830550
[2m2025-12-10T10:12:36.433649Z[0m [34mDEBUG[0m [2methereum_transaction_pool_monitor::eth_client[0m[2m:[0m 📨 Received WebSocket message: {"jsonrpc":"2.0","method":"eth_subscription","params":{"subscription":"0xbed0a0851463e895960a451075a301a9","result":"0xab39383374a0405bde4d185eb18e87386f99c4c91f3deaa2270e6cc4659a2dab"}}
[2m2025-12-10T10:12:36.433654Z[0m [34mDEBUG[0m [2methereum_transaction_pool_monitor::eth_client[0m[2m:[0m 📨 Received pending transaction: 0xab39383374a0405bde4d185eb18e87386f99c4c91f3deaa2270e6cc4659a2dab
[2m2025-12-10T10:12:36.439237Z[0m [34mDEBUG[0m [2mhyper::proto::h1::io[0m[2m:[0m parsed 4 headers
[2m2025-12-10T10:12:36.439245Z[0m [34mDEBUG[0m [2mhyper::proto::h1::conn[0m[2m:[0m incoming body is content-length (778 bytes)
[2m2025-12-10T10:12:36.439257Z[0m [34mDEBUG[0m [2mhyper::proto::h1::conn[0m[2m:[0m incoming body completed
[2m2025-12-10T10:12:36.439274Z[0m [34mDEBUG[0m [2mhyper::client::pool[0m[2m:[0m pooling idle connection for ("http", 192.168.0.14:8545)
[2m2025-12-10T10:12:36.439284Z[0m [34mDEBUG[0m [2methereum_transaction_pool_monitor::eth_client[0m[2m:[0m 📡 Transaction fetch RPC completed in 5.764417ms
[2m2025-12-10T10:12:36.439308Z[0m [34mDEBUG[0m [2methereum_transaction_pool_monitor::eth_client[0m[2m:[0m DeFi transaction detected - Address: 0xdac17f958d2ee523a2206206994597c13d831ec7, Type: Stablecoin, Value: 0 ETH, Gas: 127.50 Gwei
[2m2025-12-10T10:12:36.439339Z[0m [34mDEBUG[0m [2methereum_transaction_pool_monitor::eth_client[0m[2m:[0m ✅ Transaction 0x517d08770f58156bd83a6dfc862506a73616839574fcb7907f74d92f21426556 fetched and parsed in 5.820459ms
[2m2025-12-10T10:12:36.439347Z[0m [34mDEBUG[0m [2methereum_transaction_pool_monitor::mempool_monitor[0m[2m:[0m 🔍 Skipping tx 0x517d08770f58156bd83a6dfc862506a73616839574fcb7907f74d92f21426556 - not a DEX interaction (target: 0xdAC17F958D2ee523a2206206994597C13D831ec7)
[2m2025-12-10T10:12:36.439356Z[0m [34mDEBUG[0m [2methereum_transaction_pool_monitor::mempool_monitor[0m[2m:[0m 📨 Processing new pending transaction: 0x722ff8c250947b8707a91a66bbae8b629c74e395a1b120d6d72449136e265a62
[2m2025-12-10T10:12:36.439360Z[0m [34mDEBUG[0m [2methereum_transaction_pool_monitor::mempool_monitor[0m[2m:[0m 🔍 Fetching transaction details for: 0x722ff8c250947b8707a91a66bbae8b629c74e395a1b120d6d72449136e265a62
[2m2025-12-10T10:12:36.439365Z[0m [34mDEBUG[0m [2methereum_transaction_pool_monitor::eth_client[0m[2m:[0m 🔍 Fetching transaction details for hash: 0x722ff8c250947b8707a91a66bbae8b629c74e395a1b120d6d72449136e265a62
[2m2025-12-10T10:12:36.439375Z[0m [34mDEBUG[0m [2mhyper::client::pool[0m[2m:[0m reuse idle connection for ("http", 192.168.0.14:8545)
[2m2025-12-10T10:12:36.439390Z[0m [34mDEBUG[0m [2mhyper::proto::h1::io[0m[2m:[0m flushed 250 bytes
[2m2025-12-10T10:12:36.439415Z[0m [34mDEBUG[0m [2mhyper::proto::h1::io[0m[2m:[0m parsed 4 headers
[2m2025-12-10T10:12:36.439419Z[0m [34mDEBUG[0m [2mhyper::proto::h1::conn[0m[2m:[0m incoming body is content-length (45 bytes)
[2m2025-12-10T10:12:36.439423Z[0m [34mDEBUG[0m [2mhyper::proto::h1::conn[0m[2m:[0m incoming body completed
[2m2025-12-10T10:12:36.439428Z[0m [34mDEBUG[0m [2mhyper::client::pool[0m[2m:[0m pooling idle connection for ("http", 192.168.0.14:8545)
[2m2025-12-10T10:12:36.452589Z[0m [34mDEBUG[0m [2methereum_transaction_pool_monitor::eth_client[0m[2m:[0m 📨 Received WebSocket message: {"jsonrpc":"2.0","method":"eth_subscription","params":{"subscription":"0xbed0a0851463e895960a451075a301a9","result":"0xc94c6289d80e4dd3f13fc06ccc2dcee2fea88633a52a817065d109f1c8506548"}}
[2m2025-12-10T10:12:36.452786Z[0m [34mDEBUG[0m [2methereum_transaction_pool_monitor::eth_client[0m[2m:[0m 📨 Received pending transaction: 0xc94c6289d80e4dd3f13fc06ccc2dcee2fea88633a52a817065d109f1c8506548
[2m2025-12-10T10:12:36.452803Z[0m [34mDEBUG[0m [2mhyper::proto::h1::io[0m[2m:[0m parsed 4 headers
[2m2025-12-10T10:12:36.452809Z[0m [34mDEBUG[0m [2mhyper::proto::h1::conn[0m[2m:[0m incoming body is content-length (766 bytes)
[2m2025-12-10T10:12:36.452819Z[0m [34mDEBUG[0m [2mhyper::proto::h1::conn[0m[2m:[0m incoming body completed
[2m2025-12-10T10:12:36.452830Z[0m [34mDEBUG[0m [2mhyper::client::pool[0m[2m:[0m pooling idle connection for ("http", 192.168.0.14:8545)
[2m2025-12-10T10:12:36.452837Z[0m [34mDEBUG[0m [2methereum_transaction_pool_monitor::eth_client[0m[2m:[0m 📡 Transaction fetch RPC completed in 13.467875ms
[2m2025-12-10T10:12:36.452853Z[0m [34mDEBUG[0m [2methereum_transaction_pool_monitor::eth_client[0m[2m:[0m DeFi transaction detected - Address: 0xdac17f958d2ee523a2206206994597c13d831ec7, Type: Stablecoin, Value: 0 ETH, Gas: 0.18 Gwei
[2m2025-12-10T10:12:36.452866Z[0m [34mDEBUG[0m [2methereum_transaction_pool_monitor::eth_client[0m[2m:[0m ✅ Transaction 0x722ff8c250947b8707a91a66bbae8b629c74e395a1b120d6d72449136e265a62 fetched and parsed in 13.496542ms
[2m2025-12-10T10:12:36.452875Z[0m [34mDEBUG[0m [2methereum_transaction_pool_monitor::mempool_monitor[0m[2m:[0m 🔍 Skipping tx 0x722ff8c250947b8707a91a66bbae8b629c74e395a1b120d6d72449136e265a62 - not a DEX interaction (target: 0xdAC17F958D2ee523a2206206994597C13D831ec7)
[2m2025-12-10T10:12:36.452884Z[0m [34mDEBUG[0m [2methereum_transaction_pool_monitor::mempool_monitor[0m[2m:[0m 📨 Processing new pending transaction: 0x7cd5c0cfe6ce355fc00cbbcde96507297b0f2a7631ccf544fef35211a114bb86
[2m2025-12-10T10:12:36.452888Z[0m [34mDEBUG[0m [2methereum_transaction_pool_monitor::mempool_monitor[0m[2m:[0m 🔍 Fetching transaction details for: 0x7cd5c0cfe6ce355fc00cbbcde96507297b0f2a7631ccf544fef35211a114bb86
[2m2025-12-10T10:12:36.452894Z[0m [34mDEBUG[0m [2methereum_transaction_pool_monitor::eth_client[0m[2m:[0m 🔍 Fetching transaction details for hash: 0x7cd5c0cfe6ce355fc00cbbcde96507297b0f2a7631ccf544fef35211a114bb86
[2m2025-12-10T10:12:36.452909Z[0m [34mDEBUG[0m [2mhyper::client::pool[0m[2m:[0m reuse idle connection for ("http", 192.168.0.14:8545)
[2m2025-12-10T10:12:36.452928Z[0m [34mDEBUG[0m [2mhyper::proto::h1::io[0m[2m:[0m flushed 250 bytes
[2m2025-12-10T10:12:36.457918Z[0m [34mDEBUG[0m [2mhyper::proto::h1::io[0m[2m:[0m parsed 4 headers
[2m2025-12-10T10:12:36.458565Z[0m [34mDEBUG[0m [2mhyper::proto::h1::conn[0m[2m:[0m incoming body is content-length (766 bytes)
[2m2025-12-10T10:12:36.458573Z[0m [34mDEBUG[0m [2mhyper::proto::h1::conn[0m[2m:[0m incoming body completed
[2m2025-12-10T10:12:36.458585Z[0m [34mDEBUG[0m [2mhyper::client::pool[0m[2m:[0m pooling idle connection for ("http", 192.168.0.14:8545)
[2m2025-12-10T10:12:36.458594Z[0m [34mDEBUG[0m [2methereum_transaction_pool_monitor::eth_client[0m[2m:[0m 📡 Transaction fetch RPC completed in 5.696375ms
[2m2025-12-10T10:12:36.529225Z[0m [34mDEBUG[0m [2methereum_transaction_pool_monitor::eth_client[0m[2m:[0m ✅ Transaction 0x7cd5c0cfe6ce355fc00cbbcde96507297b0f2a7631ccf544fef35211a114bb86 fetched and parsed in 76.324917ms
[2m2025-12-10T10:12:36.529254Z[0m [34mDEBUG[0m [2methereum_transaction_pool_monitor::mempool_monitor[0m[2m:[0m 🔍 Skipping tx 0x7cd5c0cfe6ce355fc00cbbcde96507297b0f2a7631ccf544fef35211a114bb86 - not a DEX interaction (target: 0xA0b86991c6218b36c1d19D4a2e9Eb0cE3606eB48)
[2m2025-12-10T10:12:36.529264Z[0m [34mDEBUG[0m [2methereum_transaction_pool_monitor::mempool_monitor[0m[2m:[0m 📨 Processing new pending transaction: 0xae0ce0879416d3e7b91c274dccfd4bc22bf3b16ac3c96c6e3fb04b39a8a3b386
[2m2025-12-10T10:12:36.529271Z[0m [34mDEBUG[0m [2methereum_transaction_pool_monitor::mempool_monitor[0m[2m:[0m 🔍 Fetching transaction details for: 0xae0ce0879416d3e7b91c274dccfd4bc22bf3b16ac3c96c6e3fb04b39a8a3b386
[2m2025-12-10T10:12:36.529277Z[0m [34mDEBUG[0m [2methereum_transaction_pool_monitor::eth_client[0m[2m:[0m 🔍 Fetching transaction details for hash: 0xae0ce0879416d3e7b91c274dccfd4bc22bf3b16ac3c96c6e3fb04b39a8a3b386
[2m2025-12-10T10:12:36.529296Z[0m [34mDEBUG[0m [2mhyper::client::pool[0m[2m:[0m reuse idle connection for ("http", 192.168.0.14:8545)
[2m2025-12-10T10:12:36.529345Z[0m [34mDEBUG[0m [2mhyper::proto::h1::io[0m[2m:[0m flushed 250 bytes
[2m2025-12-10T10:12:36.529367Z[0m [34mDEBUG[0m [2mhyper::client::pool[0m[2m:[0m reuse idle connection for ("http", 192.168.0.14:8545)
[2m2025-12-10T10:12:36.529380Z[0m [34mDEBUG[0m [2mhyper::proto::h1::io[0m[2m:[0m flushed 172 bytes
[2m2025-12-10T10:12:36.529409Z[0m [34mDEBUG[0m [2methereum_transaction_pool_monitor::eth_client[0m[2m:[0m 📨 Received WebSocket message: {"jsonrpc":"2.0","method":"eth_subscription","params":{"subscription":"0xbed0a0851463e895960a451075a301a9","result":"0x19a2fcc8b12803fe0f4b8ee6cf9637ef8608cd46a4ac1d537a73e5ff8f9b346a"}}
[2m2025-12-10T10:12:36.529418Z[0m [34mDEBUG[0m [2methereum_transaction_pool_monitor::eth_client[0m[2m:[0m 📨 Received pending transaction: 0x19a2fcc8b12803fe0f4b8ee6cf9637ef8608cd46a4ac1d537a73e5ff8f9b346a
[2m2025-12-10T10:12:36.529423Z[0m [34mDEBUG[0m [2methereum_transaction_pool_monitor::eth_client[0m[2m:[0m 📨 Received WebSocket message: {"jsonrpc":"2.0","method":"eth_subscription","params":{"subscription":"0xbed0a0851463e895960a451075a301a9","result":"0x1bb5e734caf975ef232afd6c601f5a5cf28e572b4f9cadb324a43a59a35d7f4c"}}
[2m2025-12-10T10:12:36.529428Z[0m [34mDEBUG[0m [2methereum_transaction_pool_monitor::eth_client[0m[2m:[0m 📨 Received pending transaction: 0x1bb5e734caf975ef232afd6c601f5a5cf28e572b4f9cadb324a43a59a35d7f4c
[2m2025-12-10T10:12:36.538865Z[0m [34mDEBUG[0m [2mhyper::proto::h1::io[0m[2m:[0m parsed 4 headers
[2m2025-12-10T10:12:36.538902Z[0m [34mDEBUG[0m [2mhyper::proto::h1::conn[0m[2m:[0m incoming body is content-length (830 bytes)
[2m2025-12-10T10:12:36.538927Z[0m [34mDEBUG[0m [2mhyper::proto::h1::conn[0m[2m:[0m incoming body completed
[2m2025-12-10T10:12:36.538938Z[0m [34mDEBUG[0m [2mhyper::client::pool[0m[2m:[0m pooling idle connection for ("http", 192.168.0.14:8545)
[2m2025-12-10T10:12:36.538946Z[0m [34mDEBUG[0m [2methereum_transaction_pool_monitor::eth_client[0m[2m:[0m 📡 Transaction fetch RPC completed in 9.664667ms
[2m2025-12-10T10:12:36.607640Z[0m [34mDEBUG[0m [2methereum_transaction_pool_monitor::eth_client[0m[2m:[0m ✅ Transaction 0xae0ce0879416d3e7b91c274dccfd4bc22bf3b16ac3c96c6e3fb04b39a8a3b386 fetched and parsed in 78.356167ms
[2m2025-12-10T10:12:36.607669Z[0m [34mDEBUG[0m [2methereum_transaction_pool_monitor::mempool_monitor[0m[2m:[0m 🔍 Skipping tx 0xae0ce0879416d3e7b91c274dccfd4bc22bf3b16ac3c96c6e3fb04b39a8a3b386 - not a DEX interaction (target: 0x3B4D794a66304F130a4Db8F2551B0070dfCf5ca7)
[2m2025-12-10T10:12:36.607678Z[0m [34mDEBUG[0m [2methereum_transaction_pool_monitor::mempool_monitor[0m[2m:[0m 📨 Processing new pending transaction: 0x3aa75a4b3e5035b494971541d95cef83b9864370693805bcf695e97897364ac4
[2m2025-12-10T10:12:36.607682Z[0m [34mDEBUG[0m [2methereum_transaction_pool_monitor::mempool_monitor[0m[2m:[0m 🔍 Fetching transaction details for: 0x3aa75a4b3e5035b494971541d95cef83b9864370693805bcf695e97897364ac4
[2m2025-12-10T10:12:36.607687Z[0m [34mDEBUG[0m [2methereum_transaction_pool_monitor::eth_client[0m[2m:[0m 🔍 Fetching transaction details for hash: 0x3aa75a4b3e5035b494971541d95cef83b9864370693805bcf695e97897364ac4
[2m2025-12-10T10:12:36.607705Z[0m [34mDEBUG[0m [2mhyper::client::pool[0m[2m:[0m reuse idle connection for ("http", 192.168.0.14:8545)
[2m2025-12-10T10:12:36.607760Z[0m [34mDEBUG[0m [2mhyper::proto::h1::io[0m[2m:[0m flushed 250 bytes
[2m2025-12-10T10:12:36.607783Z[0m [34mDEBUG[0m [2methereum_transaction_pool_monitor::eth_client[0m[2m:[0m 📨 Received WebSocket message: {"jsonrpc":"2.0","method":"eth_subscription","params":{"subscription":"0xbed0a0851463e895960a451075a301a9","result":"0x5bc0c1780fc42ac4446b416832b3f7994f26bc72e4c512657d8c4e7eb0b891d3"}}
[2m2025-12-10T10:12:36.607788Z[0m [34mDEBUG[0m [2mhyper::proto::h1::io[0m[2m:[0m parsed 4 headers
[2m2025-12-10T10:12:36.607790Z[0m [34mDEBUG[0m [2methereum_transaction_pool_monitor::eth_client[0m[2m:[0m 📨 Received pending transaction: 0x5bc0c1780fc42ac4446b416832b3f7994f26bc72e4c512657d8c4e7eb0b891d3
[2m2025-12-10T10:12:36.607797Z[0m [34mDEBUG[0m [2mhyper::proto::h1::conn[0m[2m:[0m incoming body is content-length (45 bytes)
[2m2025-12-10T10:12:36.607804Z[0m [34mDEBUG[0m [2methereum_transaction_pool_monitor::eth_client[0m[2m:[0m 📨 Received WebSocket message: {"jsonrpc":"2.0","method":"eth_subscription","params":{"subscription":"0xbed0a0851463e895960a451075a301a9","result":"0xdd385953959cb990a175c1261309e2acfb8bfcfe783225dafbdd7c0e2abcf41d"}}
[2m2025-12-10T10:12:36.607812Z[0m [34mDEBUG[0m [2mhyper::proto::h1::conn[0m[2m:[0m incoming body completed
[2m2025-12-10T10:12:36.607819Z[0m [34mDEBUG[0m [2methereum_transaction_pool_monitor::eth_client[0m[2m:[0m 📨 Received pending transaction: 0xdd385953959cb990a175c1261309e2acfb8bfcfe783225dafbdd7c0e2abcf41d
[2m2025-12-10T10:12:36.607828Z[0m [34mDEBUG[0m [2mhyper::client::pool[0m[2m:[0m pooling idle connection for ("http", 192.168.0.14:8545)
[2m2025-12-10T10:12:36.607829Z[0m [34mDEBUG[0m [2methereum_transaction_pool_monitor::eth_client[0m[2m:[0m 📨 Received WebSocket message: {"jsonrpc":"2.0","method":"eth_subscription","params":{"subscription":"0xbed0a0851463e895960a451075a301a9","result":"0xdb43bd656b1b341d19b1f1778da60e15ba4efdb25f7244255e671b8c32aeaa75"}}
[2m2025-12-10T10:12:36.607844Z[0m [34mDEBUG[0m [2methereum_transaction_pool_monitor::eth_client[0m[2m:[0m 📨 Received pending transaction: 0xdb43bd656b1b341d19b1f1778da60e15ba4efdb25f7244255e671b8c32aeaa75
[2m2025-12-10T10:12:36.607845Z[0m [34mDEBUG[0m [2mhyper::client::pool[0m[2m:[0m reuse idle connection for ("http", 192.168.0.14:8545)
[2m2025-12-10T10:12:36.607849Z[0m [34mDEBUG[0m [2methereum_transaction_pool_monitor::eth_client[0m[2m:[0m 📨 Received WebSocket message: {"jsonrpc":"2.0","method":"eth_subscription","params":{"subscription":"0xbed0a0851463e895960a451075a301a9","result":"0x8b956459e870287ddbd9371f6b5dbd3e267ce05d733f5a84f0d1ac2d463d49f1"}}
[2m2025-12-10T10:12:36.607860Z[0m [34mDEBUG[0m [2methereum_transaction_pool_monitor::eth_client[0m[2m:[0m 📨 Received pending transaction: 0x8b956459e870287ddbd9371f6b5dbd3e267ce05d733f5a84f0d1ac2d463d49f1
[2m2025-12-10T10:12:36.607868Z[0m [34mDEBUG[0m [2mhyper::proto::h1::io[0m[2m:[0m flushed 172 bytes
[2m2025-12-10T10:12:36.614225Z[0m [34mDEBUG[0m [2mhyper::proto::h1::io[0m[2m:[0m parsed 4 headers
[2m2025-12-10T10:12:36.614236Z[0m [34mDEBUG[0m [2mhyper::proto::h1::conn[0m[2m:[0m incoming body is content-length (45 bytes)
[2m2025-12-10T10:12:36.614243Z[0m [34mDEBUG[0m [2mhyper::proto::h1::conn[0m[2m:[0m incoming body completed
[2m2025-12-10T10:12:36.614252Z[0m [34mDEBUG[0m [2mhyper::client::pool[0m[2m:[0m pooling idle connection for ("http", 192.168.0.14:8545)
[2m2025-12-10T10:12:36.614276Z[0m [34mDEBUG[0m [2mhyper::proto::h1::io[0m[2m:[0m parsed 4 headers
[2m2025-12-10T10:12:36.614287Z[0m [34mDEBUG[0m [2mhyper::proto::h1::conn[0m[2m:[0m incoming body is content-length (555 bytes)
[2m2025-12-10T10:12:36.614291Z[0m [34mDEBUG[0m [2mhyper::proto::h1::conn[0m[2m:[0m incoming body completed
[2m2025-12-10T10:12:36.614299Z[0m [34mDEBUG[0m [2mhyper::client::pool[0m[2m:[0m pooling idle connection for ("http", 192.168.0.14:8545)
[2m2025-12-10T10:12:36.614304Z[0m [34mDEBUG[0m [2methereum_transaction_pool_monitor::eth_client[0m[2m:[0m 📡 Transaction fetch RPC completed in 6.613084ms
[2m2025-12-10T10:12:36.683161Z[0m [34mDEBUG[0m [2methereum_transaction_pool_monitor::eth_client[0m[2m:[0m ✅ Transaction 0x3aa75a4b3e5035b494971541d95cef83b9864370693805bcf695e97897364ac4 fetched and parsed in 75.467667ms
[2m2025-12-10T10:12:36.683192Z[0m [34mDEBUG[0m [2methereum_transaction_pool_monitor::mempool_monitor[0m[2m:[0m 🔍 Skipping tx 0x3aa75a4b3e5035b494971541d95cef83b9864370693805bcf695e97897364ac4 - not a DEX interaction (target: 0x771AC324Bd6427bD6dD838e273686e3eD1dEb71c)
[2m2025-12-10T10:12:36.683204Z[0m [34mDEBUG[0m [2methereum_transaction_pool_monitor::mempool_monitor[0m[2m:[0m 📨 Processing new pending transaction: 0xc8cebe38576eb61861f15f9a0eda8eda58b67c6b4775181baac2fe6650a5a108
[2m2025-12-10T10:12:36.683210Z[0m [34mDEBUG[0m [2methereum_transaction_pool_monitor::mempool_monitor[0m[2m:[0m 🔍 Fetching transaction details for: 0xc8cebe38576eb61861f15f9a0eda8eda58b67c6b4775181baac2fe6650a5a108
[2m2025-12-10T10:12:36.683217Z[0m [34mDEBUG[0m [2methereum_transaction_pool_monitor::eth_client[0m[2m:[0m 🔍 Fetching transaction details for hash: 0xc8cebe38576eb61861f15f9a0eda8eda58b67c6b4775181baac2fe6650a5a108
[2m2025-12-10T10:12:36.683239Z[0m [34mDEBUG[0m [2mhyper::client::pool[0m[2m:[0m reuse idle connection for ("http", 192.168.0.14:8545)
[2m2025-12-10T10:12:36.683292Z[0m [34mDEBUG[0m [2mhyper::proto::h1::io[0m[2m:[0m flushed 250 bytes
[2m2025-12-10T10:12:36.683313Z[0m [34mDEBUG[0m [2methereum_transaction_pool_monitor::eth_client[0m[2m:[0m 📨 Received WebSocket message: {"jsonrpc":"2.0","method":"eth_subscription","params":{"subscription":"0xbed0a0851463e895960a451075a301a9","result":"0x02aacaba13eb0f016c36ec57b278418ef018f9e1a4b86be7778ba060e4dd0472"}}
[2m2025-12-10T10:12:36.683321Z[0m [34mDEBUG[0m [2methereum_transaction_pool_monitor::eth_client[0m[2m:[0m 📨 Received pending transaction: 0x02aacaba13eb0f016c36ec57b278418ef018f9e1a4b86be7778ba060e4dd0472
[2m2025-12-10T10:12:36.687112Z[0m [34mDEBUG[0m [2mhyper::proto::h1::io[0m[2m:[0m parsed 4 headers
[2m2025-12-10T10:12:36.687123Z[0m [34mDEBUG[0m [2mhyper::proto::h1::conn[0m[2m:[0m incoming body is content-length (3159 bytes)
[2m2025-12-10T10:12:36.687138Z[0m [34mDEBUG[0m [2methereum_transaction_pool_monitor::eth_client[0m[2m:[0m 📡 Transaction fetch RPC completed in 3.9135ms
[2m2025-12-10T10:12:36.687381Z[0m [34mDEBUG[0m [2mhyper::proto::h1::conn[0m[2m:[0m incoming body completed
[2m2025-12-10T10:12:36.687391Z[0m [34mDEBUG[0m [2mhyper::client::pool[0m[2m:[0m pooling idle connection for ("http", 192.168.0.14:8545)
[2m2025-12-10T10:12:36.700062Z[0m [34mDEBUG[0m [2mhyper::client::pool[0m[2m:[0m reuse idle connection for ("http", 192.168.0.14:8545)
[2m2025-12-10T10:12:36.700124Z[0m [34mDEBUG[0m [2mhyper::proto::h1::io[0m[2m:[0m flushed 172 bytes
[2m2025-12-10T10:12:36.704181Z[0m [34mDEBUG[0m [2mhyper::proto::h1::io[0m[2m:[0m parsed 4 headers
[2m2025-12-10T10:12:36.704199Z[0m [34mDEBUG[0m [2mhyper::proto::h1::conn[0m[2m:[0m incoming body is content-length (45 bytes)
[2m2025-12-10T10:12:36.704207Z[0m [34mDEBUG[0m [2mhyper::proto::h1::conn[0m[2m:[0m incoming body completed
[2m2025-12-10T10:12:36.704217Z[0m [34mDEBUG[0m [2mhyper::client::pool[0m[2m:[0m pooling idle connection for ("http", 192.168.0.14:8545)
[2m2025-12-10T10:12:36.729530Z[0m [34mDEBUG[0m [2methereum_transaction_pool_monitor::eth_client[0m[2m:[0m 📨 Received WebSocket message: {"jsonrpc":"2.0","method":"eth_subscription","params":{"subscription":"0xbed0a0851463e895960a451075a301a9","result":"0x42b1dd11a555f067f8526cbfc3ce33b6c526e14bde35fc8c6b40679b82f345fe"}}
[2m2025-12-10T10:12:36.729547Z[0m [34mDEBUG[0m [2methereum_transaction_pool_monitor::eth_client[0m[2m:[0m 📨 Received pending transaction: 0x42b1dd11a555f067f8526cbfc3ce33b6c526e14bde35fc8c6b40679b82f345fe
[2m2025-12-10T10:12:36.744857Z[0m [34mDEBUG[0m [2methereum_transaction_pool_monitor::eth_client[0m[2m:[0m 📨 Received WebSocket message: {"jsonrpc":"2.0","method":"eth_subscription","params":{"subscription":"0xbed0a0851463e895960a451075a301a9","result":"0x65278399ad2b60beeb18f861af09173f9816d410213f910d9eec4f0750180881"}}
[2m2025-12-10T10:12:36.745562Z[0m [34mDEBUG[0m [2methereum_transaction_pool_monitor::eth_client[0m[2m:[0m 📨 Received pending transaction: 0x65278399ad2b60beeb18f861af09173f9816d410213f910d9eec4f0750180881
[2m2025-12-10T10:12:36.757112Z[0m [34mDEBUG[0m [2methereum_transaction_pool_monitor::eth_client[0m[2m:[0m ✅ Transaction 0xc8cebe38576eb61861f15f9a0eda8eda58b67c6b4775181baac2fe6650a5a108 fetched and parsed in 73.886334ms
[2m2025-12-10T10:12:36.757134Z[0m [34mDEBUG[0m [2methereum_transaction_pool_monitor::mempool_monitor[0m[2m:[0m 🔍 Skipping tx 0xc8cebe38576eb61861f15f9a0eda8eda58b67c6b4775181baac2fe6650a5a108 - not a DEX interaction (target: 0x009E55879A79a5e2AFA7Bc2AFe923D8e5E43fE3e)
[2m2025-12-10T10:12:36.757144Z[0m [34mDEBUG[0m [2methereum_transaction_pool_monitor::mempool_monitor[0m[2m:[0m 📨 Processing new pending transaction: 0x23e0481ed297f01cf0ccf64ebb0a85c56ea61070fb162442695fead8b77cd433
[2m2025-12-10T10:12:36.757150Z[0m [34mDEBUG[0m [2methereum_transaction_pool_monitor::mempool_monitor[0m[2m:[0m 🔍 Fetching transaction details for: 0x23e0481ed297f01cf0ccf64ebb0a85c56ea61070fb162442695fead8b77cd433
[2m2025-12-10T10:12:36.757156Z[0m [34mDEBUG[0m [2methereum_transaction_pool_monitor::eth_client[0m[2m:[0m 🔍 Fetching transaction details for hash: 0x23e0481ed297f01cf0ccf64ebb0a85c56ea61070fb162442695fead8b77cd433
[2m2025-12-10T10:12:36.757174Z[0m [34mDEBUG[0m [2mhyper::client::pool[0m[2m:[0m reuse idle connection for ("http", 192.168.0.14:8545)
[2m2025-12-10T10:12:36.757215Z[0m [34mDEBUG[0m [2mhyper::proto::h1::io[0m[2m:[0m flushed 250 bytes
[2m2025-12-10T10:12:36.762092Z[0m [34mDEBUG[0m [2mhyper::proto::h1::io[0m[2m:[0m parsed 4 headers
[2m2025-12-10T10:12:36.762103Z[0m [34mDEBUG[0m [2mhyper::proto::h1::conn[0m[2m:[0m incoming body is content-length (830 bytes)
[2m2025-12-10T10:12:36.762111Z[0m [34mDEBUG[0m [2mhyper::proto::h1::conn[0m[2m:[0m incoming body completed
[2m2025-12-10T10:12:36.762121Z[0m [34mDEBUG[0m [2mhyper::client::pool[0m[2m:[0m pooling idle connection for ("http", 192.168.0.14:8545)
[2m2025-12-10T10:12:36.762127Z[0m [34mDEBUG[0m [2methereum_transaction_pool_monitor::eth_client[0m[2m:[0m 📡 Transaction fetch RPC completed in 4.9665ms
[2m2025-12-10T10:12:36.833211Z[0m [34mDEBUG[0m [2methereum_transaction_pool_monitor::eth_client[0m[2m:[0m ✅ Transaction 0x23e0481ed297f01cf0ccf64ebb0a85c56ea61070fb162442695fead8b77cd433 fetched and parsed in 76.048083ms
[2m2025-12-10T10:12:36.833236Z[0m [34mDEBUG[0m [2methereum_transaction_pool_monitor::mempool_monitor[0m[2m:[0m 🔍 Skipping tx 0x23e0481ed297f01cf0ccf64ebb0a85c56ea61070fb162442695fead8b77cd433 - not a DEX interaction (target: 0x3B4D794a66304F130a4Db8F2551B0070dfCf5ca7)
[2m2025-12-10T10:12:36.833247Z[0m [34mDEBUG[0m [2methereum_transaction_pool_monitor::mempool_monitor[0m[2m:[0m 📨 Processing new pending transaction: 0x4b6b8c29fdb87d4e80e46a4b25bab5e3d261970b10198ca961de3e97dc830550
[2m2025-12-10T10:12:36.833255Z[0m [34mDEBUG[0m [2methereum_transaction_pool_monitor::mempool_monitor[0m[2m:[0m 🔍 Fetching transaction details for: 0x4b6b8c29fdb87d4e80e46a4b25bab5e3d261970b10198ca961de3e97dc830550
[2m2025-12-10T10:12:36.833261Z[0m [34mDEBUG[0m [2methereum_transaction_pool_monitor::eth_client[0m[2m:[0m 🔍 Fetching transaction details for hash: 0x4b6b8c29fdb87d4e80e46a4b25bab5e3d261970b10198ca961de3e97dc830550
[2m2025-12-10T10:12:36.833279Z[0m [34mDEBUG[0m [2mhyper::client::pool[0m[2m:[0m reuse idle connection for ("http", 192.168.0.14:8545)
[2m2025-12-10T10:12:36.833321Z[0m [34mDEBUG[0m [2mhyper::proto::h1::io[0m[2m:[0m flushed 250 bytes
[2m2025-12-10T10:12:36.833341Z[0m [34mDEBUG[0m [2mhyper::client::pool[0m[2m:[0m reuse idle connection for ("http", 192.168.0.14:8545)
[2m2025-12-10T10:12:36.833352Z[0m [34mDEBUG[0m [2methereum_transaction_pool_monitor::eth_client[0m[2m:[0m 📨 Received WebSocket message: {"jsonrpc":"2.0","method":"eth_subscription","params":{"subscription":"0xbed0a0851463e895960a451075a301a9","result":"0x80c75d6ded54995f3f799d7d0ac95c8681684cb86ec0ca062aa2ed8e70f3efe7"}}
[2m2025-12-10T10:12:36.833355Z[0m [34mDEBUG[0m [2mhyper::proto::h1::io[0m[2m:[0m flushed 172 bytes
[2m2025-12-10T10:12:36.833365Z[0m [34mDEBUG[0m [2methereum_transaction_pool_monitor::eth_client[0m[2m:[0m 📨 Received pending transaction: 0x80c75d6ded54995f3f799d7d0ac95c8681684cb86ec0ca062aa2ed8e70f3efe7
[2m2025-12-10T10:12:36.837631Z[0m [34mDEBUG[0m [2mhyper::proto::h1::io[0m[2m:[0m parsed 4 headers
[2m2025-12-10T10:12:36.837636Z[0m [34mDEBUG[0m [2mhyper::proto::h1::conn[0m[2m:[0m incoming body is content-length (45 bytes)
[2m2025-12-10T10:12:36.837643Z[0m [34mDEBUG[0m [2mhyper::proto::h1::conn[0m[2m:[0m incoming body completed
[2m2025-12-10T10:12:36.837651Z[0m [34mDEBUG[0m [2mhyper::client::pool[0m[2m:[0m pooling idle connection for ("http", 192.168.0.14:8545)
[2m2025-12-10T10:12:36.837668Z[0m [34mDEBUG[0m [2mhyper::proto::h1::io[0m[2m:[0m parsed 4 headers
[2m2025-12-10T10:12:36.837673Z[0m [34mDEBUG[0m [2mhyper::proto::h1::conn[0m[2m:[0m incoming body is content-length (766 bytes)
[2m2025-12-10T10:12:36.837677Z[0m [34mDEBUG[0m [2mhyper::proto::h1::conn[0m[2m:[0m incoming body completed
[2m2025-12-10T10:12:36.837682Z[0m [34mDEBUG[0m [2mhyper::client::pool[0m[2m:[0m pooling idle connection for ("http", 192.168.0.14:8545)
[2m2025-12-10T10:12:36.837687Z[0m [34mDEBUG[0m [2methereum_transaction_pool_monitor::eth_client[0m[2m:[0m 📡 Transaction fetch RPC completed in 4.421292ms
[2m2025-12-10T10:12:36.837698Z[0m [34mDEBUG[0m [2methereum_transaction_pool_monitor::eth_client[0m[2m:[0m DeFi transaction detected - Address: 0xdac17f958d2ee523a2206206994597c13d831ec7, Type: Stablecoin, Value: 0 ETH, Gas: 0.18 Gwei
[2m2025-12-10T10:12:36.837713Z[0m [34mDEBUG[0m [2methereum_transaction_pool_monitor::eth_client[0m[2m:[0m ✅ Transaction 0x4b6b8c29fdb87d4e80e46a4b25bab5e3d261970b10198ca961de3e97dc830550 fetched and parsed in 4.44675ms
[2m2025-12-10T10:12:36.837719Z[0m [34mDEBUG[0m [2methereum_transaction_pool_monitor::mempool_monitor[0m[2m:[0m 🔍 Skipping tx 0x4b6b8c29fdb87d4e80e46a4b25bab5e3d261970b10198ca961de3e97dc830550 - not a DEX interaction (target: 0xdAC17F958D2ee523a2206206994597C13D831ec7)
[2m2025-12-10T10:12:36.837726Z[0m [34mDEBUG[0m [2methereum_transaction_pool_monitor::mempool_monitor[0m[2m:[0m 📨 Processing new pending transaction: 0xab39383374a0405bde4d185eb18e87386f99c4c91f3deaa2270e6cc4659a2dab
[2m2025-12-10T10:12:36.837730Z[0m [34mDEBUG[0m [2methereum_transaction_pool_monitor::mempool_monitor[0m[2m:[0m 🔍 Fetching transaction details for: 0xab39383374a0405bde4d185eb18e87386f99c4c91f3deaa2270e6cc4659a2dab
[2m2025-12-10T10:12:36.837733Z[0m [34mDEBUG[0m [2methereum_transaction_pool_monitor::eth_client[0m[2m:[0m 🔍 Fetching transaction details for hash: 0xab39383374a0405bde4d185eb18e87386f99c4c91f3deaa2270e6cc4659a2dab
[2m2025-12-10T10:12:36.837743Z[0m [34mDEBUG[0m [2mhyper::client::pool[0m[2m:[0m reuse idle connection for ("http", 192.168.0.14:8545)
[2m2025-12-10T10:12:36.837753Z[0m [34mDEBUG[0m [2mhyper::proto::h1::io[0m[2m:[0m flushed 250 bytes
[2m2025-12-10T10:12:36.844965Z[0m [34mDEBUG[0m [2mhyper::proto::h1::io[0m[2m:[0m parsed 4 headers
[2m2025-12-10T10:12:36.844975Z[0m [34mDEBUG[0m [2mhyper::proto::h1::conn[0m[2m:[0m incoming body is content-length (2627 bytes)
[2m2025-12-10T10:12:36.844982Z[0m [34mDEBUG[0m [2mhyper::proto::h1::conn[0m[2m:[0m incoming body completed
[2m2025-12-10T10:12:36.844990Z[0m [34mDEBUG[0m [2mhyper::client::pool[0m[2m:[0m pooling idle connection for ("http", 192.168.0.14:8545)
[2m2025-12-10T10:12:36.844996Z[0m [34mDEBUG[0m [2methereum_transaction_pool_monitor::eth_client[0m[2m:[0m 📡 Transaction fetch RPC completed in 7.255375ms
[2m2025-12-10T10:12:36.916632Z[0m [34mDEBUG[0m [2methereum_transaction_pool_monitor::eth_client[0m[2m:[0m ✅ Transaction 0xab39383374a0405bde4d185eb18e87386f99c4c91f3deaa2270e6cc4659a2dab fetched and parsed in 78.889083ms
[2m2025-12-10T10:12:36.916657Z[0m [34mDEBUG[0m [2methereum_transaction_pool_monitor::mempool_monitor[0m[2m:[0m 🔍 Skipping tx 0xab39383374a0405bde4d185eb18e87386f99c4c91f3deaa2270e6cc4659a2dab - not a DEX interaction (target: 0x3B4D794a66304F130a4Db8F2551B0070dfCf5ca7)
[2m2025-12-10T10:12:36.916669Z[0m [34mDEBUG[0m [2methereum_transaction_pool_monitor::mempool_monitor[0m[2m:[0m 📨 Processing new pending transaction: 0xc94c6289d80e4dd3f13fc06ccc2dcee2fea88633a52a817065d109f1c8506548
[2m2025-12-10T10:12:36.916676Z[0m [34mDEBUG[0m [2methereum_transaction_pool_monitor::mempool_monitor[0m[2m:[0m 🔍 Fetching transaction details for: 0xc94c6289d80e4dd3f13fc06ccc2dcee2fea88633a52a817065d109f1c8506548
[2m2025-12-10T10:12:36.916681Z[0m [34mDEBUG[0m [2methereum_transaction_pool_monitor::eth_client[0m[2m:[0m 🔍 Fetching transaction details for hash: 0xc94c6289d80e4dd3f13fc06ccc2dcee2fea88633a52a817065d109f1c8506548
[2m2025-12-10T10:12:36.916701Z[0m [34mDEBUG[0m [2mhyper::client::pool[0m[2m:[0m reuse idle connection for ("http", 192.168.0.14:8545)
[2m2025-12-10T10:12:36.916733Z[0m [34mDEBUG[0m [2mhyper::proto::h1::io[0m[2m:[0m flushed 250 bytes
[2m2025-12-10T10:12:36.916760Z[0m [34mDEBUG[0m [2mhyper::client::pool[0m[2m:[0m reuse idle connection for ("http", 192.168.0.14:8545)
[2m2025-12-10T10:12:36.916773Z[0m [34mDEBUG[0m [2mhyper::proto::h1::io[0m[2m:[0m flushed 172 bytes
[2m2025-12-10T10:12:36.921464Z[0m [34mDEBUG[0m [2mhyper::proto::h1::io[0m[2m:[0m parsed 4 headers
[2m2025-12-10T10:12:36.921493Z[0m [34mDEBUG[0m [2mhyper::proto::h1::conn[0m[2m:[0m incoming body is content-length (45 bytes)
[2m2025-12-10T10:12:36.921517Z[0m [34mDEBUG[0m [2mhyper::proto::h1::conn[0m[2m:[0m incoming body completed
[2m2025-12-10T10:12:36.921542Z[0m [34mDEBUG[0m [2mhyper::client::pool[0m[2m:[0m pooling idle connection for ("http", 192.168.0.14:8545)
[2m2025-12-10T10:12:36.926079Z[0m [34mDEBUG[0m [2mhyper::proto::h1::io[0m[2m:[0m parsed 4 headers
[2m2025-12-10T10:12:36.926085Z[0m [34mDEBUG[0m [2mhyper::proto::h1::conn[0m[2m:[0m incoming body is content-length (766 bytes)
[2m2025-12-10T10:12:36.926091Z[0m [34mDEBUG[0m [2mhyper::proto::h1::conn[0m[2m:[0m incoming body completed
[2m2025-12-10T10:12:36.926098Z[0m [34mDEBUG[0m [2mhyper::client::pool[0m[2m:[0m pooling idle connection for ("http", 192.168.0.14:8545)
[2m2025-12-10T10:12:36.926104Z[0m [34mDEBUG[0m [2methereum_transaction_pool_monitor::eth_client[0m[2m:[0m 📡 Transaction fetch RPC completed in 9.417583ms
[2m2025-12-10T10:12:36.926116Z[0m [34mDEBUG[0m [2methereum_transaction_pool_monitor::eth_client[0m[2m:[0m DeFi transaction detected - Address: 0xdac17f958d2ee523a2206206994597c13d831ec7, Type: Stablecoin, Value: 0 ETH, Gas: 0.18 Gwei
[2m2025-12-10T10:12:36.926129Z[0m [34mDEBUG[0m [2methereum_transaction_pool_monitor::eth_client[0m[2m:[0m ✅ Transaction 0xc94c6289d80e4dd3f13fc06ccc2dcee2fea88633a52a817065d109f1c8506548 fetched and parsed in 9.443416ms
[2m2025-12-10T10:12:36.926135Z[0m [34mDEBUG[0m [2methereum_transaction_pool_monitor::mempool_monitor[0m[2m:[0m 🔍 Skipping tx 0xc94c6289d80e4dd3f13fc06ccc2dcee2fea88633a52a817065d109f1c8506548 - not a DEX interaction (target: 0xdAC17F958D2ee523a2206206994597C13D831ec7)
[2m2025-12-10T10:12:36.926141Z[0m [34mDEBUG[0m [2methereum_transaction_pool_monitor::mempool_monitor[0m[2m:[0m 📨 Processing new pending transaction: 0x19a2fcc8b12803fe0f4b8ee6cf9637ef8608cd46a4ac1d537a73e5ff8f9b346a
[2m2025-12-10T10:12:36.926145Z[0m [34mDEBUG[0m [2methereum_transaction_pool_monitor::mempool_monitor[0m[2m:[0m 🔍 Fetching transaction details for: 0x19a2fcc8b12803fe0f4b8ee6cf9637ef8608cd46a4ac1d537a73e5ff8f9b346a
[2m2025-12-10T10:12:36.926149Z[0m [34mDEBUG[0m [2methereum_transaction_pool_monitor::eth_client[0m[2m:[0m 🔍 Fetching transaction details for hash: 0x19a2fcc8b12803fe0f4b8ee6cf9637ef8608cd46a4ac1d537a73e5ff8f9b346a
[2m2025-12-10T10:12:36.926158Z[0m [34mDEBUG[0m [2mhyper::client::pool[0m[2m:[0m reuse idle connection for ("http", 192.168.0.14:8545)
[2m2025-12-10T10:12:36.926171Z[0m [34mDEBUG[0m [2mhyper::proto::h1::io[0m[2m:[0m flushed 250 bytes
[2m2025-12-10T10:12:36.931122Z[0m [34mDEBUG[0m [2mhyper::proto::h1::io[0m[2m:[0m parsed 4 headers
[2m2025-12-10T10:12:36.931129Z[0m [34mDEBUG[0m [2mhyper::proto::h1::conn[0m[2m:[0m incoming body is content-length (770 bytes)
[2m2025-12-10T10:12:36.931135Z[0m [34mDEBUG[0m [2mhyper::proto::h1::conn[0m[2m:[0m incoming body completed
[2m2025-12-10T10:12:36.931141Z[0m [34mDEBUG[0m [2mhyper::client::pool[0m[2m:[0m pooling idle connection for ("http", 192.168.0.14:8545)
[2m2025-12-10T10:12:36.931147Z[0m [34mDEBUG[0m [2methereum_transaction_pool_monitor::eth_client[0m[2m:[0m 📡 Transaction fetch RPC completed in 4.993292ms
[2m2025-12-10T10:12:36.931158Z[0m [34mDEBUG[0m [2methereum_transaction_pool_monitor::eth_client[0m[2m:[0m DeFi transaction detected - Address: 0xdac17f958d2ee523a2206206994597c13d831ec7, Type: Stablecoin, Value: 0 ETH, Gas: 0.20 Gwei
[2m2025-12-10T10:12:36.931167Z[0m [34mDEBUG[0m [2methereum_transaction_pool_monitor::eth_client[0m[2m:[0m ✅ Transaction 0x19a2fcc8b12803fe0f4b8ee6cf9637ef8608cd46a4ac1d537a73e5ff8f9b346a fetched and parsed in 5.014ms
[2m2025-12-10T10:12:36.931173Z[0m [34mDEBUG[0m [2methereum_transaction_pool_monitor::mempool_monitor[0m[2m:[0m 🔍 Skipping tx 0x19a2fcc8b12803fe0f4b8ee6cf9637ef8608cd46a4ac1d537a73e5ff8f9b346a - not a DEX interaction (target: 0xdAC17F958D2ee523a2206206994597C13D831ec7)
[2m2025-12-10T10:12:36.931179Z[0m [34mDEBUG[0m [2methereum_transaction_pool_monitor::mempool_monitor[0m[2m:[0m 📨 Processing new pending transaction: 0x1bb5e734caf975ef232afd6c601f5a5cf28e572b4f9cadb324a43a59a35d7f4c
[2m2025-12-10T10:12:36.931183Z[0m [34mDEBUG[0m [2methereum_transaction_pool_monitor::mempool_monitor[0m[2m:[0m 🔍 Fetching transaction details for: 0x1bb5e734caf975ef232afd6c601f5a5cf28e572b4f9cadb324a43a59a35d7f4c
[2m2025-12-10T10:12:36.931187Z[0m [34mDEBUG[0m [2methereum_transaction_pool_monitor::eth_client[0m[2m:[0m 🔍 Fetching transaction details for hash: 0x1bb5e734caf975ef232afd6c601f5a5cf28e572b4f9cadb324a43a59a35d7f4c
[2m2025-12-10T10:12:36.931197Z[0m [34mDEBUG[0m [2mhyper::client::pool[0m[2m:[0m reuse idle connection for ("http", 192.168.0.14:8545)
[2m2025-12-10T10:12:36.931215Z[0m [34mDEBUG[0m [2mhyper::proto::h1::io[0m[2m:[0m flushed 250 bytes
[2m2025-12-10T10:12:36.937005Z[0m [34mDEBUG[0m [2mhyper::proto::h1::io[0m[2m:[0m parsed 4 headers
[2m2025-12-10T10:12:36.937012Z[0m [34mDEBUG[0m [2mhyper::proto::h1::conn[0m[2m:[0m incoming body is content-length (648 bytes)
[2m2025-12-10T10:12:36.937017Z[0m [34mDEBUG[0m [2mhyper::proto::h1::conn[0m[2m:[0m incoming body completed
[2m2025-12-10T10:12:36.937024Z[0m [34mDEBUG[0m [2mhyper::client::pool[0m[2m:[0m pooling idle connection for ("http", 192.168.0.14:8545)
[2m2025-12-10T10:12:36.937029Z[0m [34mDEBUG[0m [2methereum_transaction_pool_monitor::eth_client[0m[2m:[0m 📡 Transaction fetch RPC completed in 5.838583ms
[2m2025-12-10T10:12:37.007778Z[0m [34mDEBUG[0m [2methereum_transaction_pool_monitor::eth_client[0m[2m:[0m ✅ Transaction 0x1bb5e734caf975ef232afd6c601f5a5cf28e572b4f9cadb324a43a59a35d7f4c fetched and parsed in 76.584833ms
[2m2025-12-10T10:12:37.007803Z[0m [34mDEBUG[0m [2methereum_transaction_pool_monitor::mempool_monitor[0m[2m:[0m 🔍 Skipping tx 0x1bb5e734caf975ef232afd6c601f5a5cf28e572b4f9cadb324a43a59a35d7f4c - not a DEX interaction (target: 0x841c38e22Fe0F40b97E931600515892aFb59e350)
[2m2025-12-10T10:12:37.007813Z[0m [34mDEBUG[0m [2methereum_transaction_pool_monitor::mempool_monitor[0m[2m:[0m 📨 Processing new pending transaction: 0x5bc0c1780fc42ac4446b416832b3f7994f26bc72e4c512657d8c4e7eb0b891d3
[2m2025-12-10T10:12:37.008691Z[0m [34mDEBUG[0m [2methereum_transaction_pool_monitor::mempool_monitor[0m[2m:[0m 🔍 Fetching transaction details for: 0x5bc0c1780fc42ac4446b416832b3f7994f26bc72e4c512657d8c4e7eb0b891d3
[2m2025-12-10T10:12:37.008713Z[0m [34mDEBUG[0m [2methereum_transaction_pool_monitor::eth_client[0m[2m:[0m 🔍 Fetching transaction details for hash: 0x5bc0c1780fc42ac4446b416832b3f7994f26bc72e4c512657d8c4e7eb0b891d3
[2m2025-12-10T10:12:37.008753Z[0m [34mDEBUG[0m [2mhyper::client::pool[0m[2m:[0m reuse idle connection for ("http", 192.168.0.14:8545)
[2m2025-12-10T10:12:37.008800Z[0m [34mDEBUG[0m [2mhyper::proto::h1::io[0m[2m:[0m flushed 250 bytes
[2m2025-12-10T10:12:37.008825Z[0m [34mDEBUG[0m [2mhyper::client::pool[0m[2m:[0m reuse idle connection for ("http", 192.168.0.14:8545)
[2m2025-12-10T10:12:37.008841Z[0m [34mDEBUG[0m [2mhyper::proto::h1::io[0m[2m:[0m flushed 172 bytes
[2m2025-12-10T10:12:37.008859Z[0m [34mDEBUG[0m [2methereum_transaction_pool_monitor::eth_client[0m[2m:[0m 📨 Received WebSocket message: {"jsonrpc":"2.0","method":"eth_subscription","params":{"subscription":"0xbed0a0851463e895960a451075a301a9","result":"0x368b65ef4b3ca2df8ed72f3ebd4024fb856385c77594cfb718a0238f4d61424b"}}
[2m2025-12-10T10:12:37.008869Z[0m [34mDEBUG[0m [2methereum_transaction_pool_monitor::eth_client[0m[2m:[0m 📨 Received pending transaction: 0x368b65ef4b3ca2df8ed72f3ebd4024fb856385c77594cfb718a0238f4d61424b
[2m2025-12-10T10:12:37.017936Z[0m [34mDEBUG[0m [2mhyper::proto::h1::io[0m[2m:[0m parsed 4 headers
[2m2025-12-10T10:12:37.017948Z[0m [34mDEBUG[0m [2mhyper::proto::h1::conn[0m[2m:[0m incoming body is content-length (771 bytes)
[2m2025-12-10T10:12:37.017956Z[0m [34mDEBUG[0m [2mhyper::proto::h1::conn[0m[2m:[0m incoming body completed
[2m2025-12-10T10:12:37.017966Z[0m [34mDEBUG[0m [2mhyper::client::pool[0m[2m:[0m pooling idle connection for ("http", 192.168.0.14:8545)
[2m2025-12-10T10:12:37.017973Z[0m [34mDEBUG[0m [2methereum_transaction_pool_monitor::eth_client[0m[2m:[0m 📡 Transaction fetch RPC completed in 9.254833ms
[2m2025-12-10T10:12:37.017993Z[0m [34mDEBUG[0m [2methereum_transaction_pool_monitor::eth_client[0m[2m:[0m DeFi transaction detected - Address: 0xdac17f958d2ee523a2206206994597c13d831ec7, Type: Stablecoin, Value: 0 ETH, Gas: 0.20 Gwei
[2m2025-12-10T10:12:37.018009Z[0m [34mDEBUG[0m [2methereum_transaction_pool_monitor::eth_client[0m[2m:[0m ✅ Transaction 0x5bc0c1780fc42ac4446b416832b3f7994f26bc72e4c512657d8c4e7eb0b891d3 fetched and parsed in 9.290083ms
[2m2025-12-10T10:12:37.018018Z[0m [34mDEBUG[0m [2methereum_transaction_pool_monitor::mempool_monitor[0m[2m:[0m 🔍 Skipping tx 0x5bc0c1780fc42ac4446b416832b3f7994f26bc72e4c512657d8c4e7eb0b891d3 - not a DEX interaction (target: 0xdAC17F958D2ee523a2206206994597C13D831ec7)
[2m2025-12-10T10:12:37.018027Z[0m [34mDEBUG[0m [2methereum_transaction_pool_monitor::mempool_monitor[0m[2m:[0m 📨 Processing new pending transaction: 0xdd385953959cb990a175c1261309e2acfb8bfcfe783225dafbdd7c0e2abcf41d
[2m2025-12-10T10:12:37.018032Z[0m [34mDEBUG[0m [2methereum_transaction_pool_monitor::mempool_monitor[0m[2m:[0m 🔍 Fetching transaction details for: 0xdd385953959cb990a175c1261309e2acfb8bfcfe783225dafbdd7c0e2abcf41d
[2m2025-12-10T10:12:37.018038Z[0m [34mDEBUG[0m [2methereum_transaction_pool_monitor::eth_client[0m[2m:[0m 🔍 Fetching transaction details for hash: 0xdd385953959cb990a175c1261309e2acfb8bfcfe783225dafbdd7c0e2abcf41d
[2m2025-12-10T10:12:37.018052Z[0m [34mDEBUG[0m [2mhyper::client::pool[0m[2m:[0m reuse idle connection for ("http", 192.168.0.14:8545)
[2m2025-12-10T10:12:37.018074Z[0m [34mDEBUG[0m [2mhyper::proto::h1::io[0m[2m:[0m flushed 250 bytes
[2m2025-12-10T10:12:37.018084Z[0m [34mDEBUG[0m [2mhyper::proto::h1::io[0m[2m:[0m parsed 4 headers
[2m2025-12-10T10:12:37.018089Z[0m [34mDEBUG[0m [2mhyper::proto::h1::conn[0m[2m:[0m incoming body is content-length (45 bytes)
[2m2025-12-10T10:12:37.018094Z[0m [34mDEBUG[0m [2mhyper::proto::h1::conn[0m[2m:[0m incoming body completed
[2m2025-12-10T10:12:37.018099Z[0m [34mDEBUG[0m [2mhyper::client::pool[0m[2m:[0m pooling idle connection for ("http", 192.168.0.14:8545)
[2m2025-12-10T10:12:37.029589Z[0m [34mDEBUG[0m [2mhyper::proto::h1::io[0m[2m:[0m parsed 4 headers
[2m2025-12-10T10:12:37.029602Z[0m [34mDEBUG[0m [2mhyper::proto::h1::conn[0m[2m:[0m incoming body is content-length (644 bytes)
[2m2025-12-10T10:12:37.029609Z[0m [34mDEBUG[0m [2mhyper::proto::h1::conn[0m[2m:[0m incoming body completed
[2m2025-12-10T10:12:37.029617Z[0m [34mDEBUG[0m [2mhyper::client::pool[0m[2m:[0m pooling idle connection for ("http", 192.168.0.14:8545)
[2m2025-12-10T10:12:37.029623Z[0m [34mDEBUG[0m [2methereum_transaction_pool_monitor::eth_client[0m[2m:[0m 📡 Transaction fetch RPC completed in 11.58025ms
[2m2025-12-10T10:12:37.097412Z[0m [34mDEBUG[0m [2methereum_transaction_pool_monitor::eth_client[0m[2m:[0m ✅ Transaction 0xdd385953959cb990a175c1261309e2acfb8bfcfe783225dafbdd7c0e2abcf41d fetched and parsed in 79.366417ms
[2m2025-12-10T10:12:37.097430Z[0m [34mDEBUG[0m [2methereum_transaction_pool_monitor::mempool_monitor[0m[2m:[0m 🔍 Skipping tx 0xdd385953959cb990a175c1261309e2acfb8bfcfe783225dafbdd7c0e2abcf41d - not a DEX interaction (target: 0x17E5545B11b468072283Cee1F066a059Fb0dbF24)
[2m2025-12-10T10:12:37.097439Z[0m [34mDEBUG[0m [2methereum_transaction_pool_monitor::mempool_monitor[0m[2m:[0m 📨 Processing new pending transaction: 0xdb43bd656b1b341d19b1f1778da60e15ba4efdb25f7244255e671b8c32aeaa75
[2m2025-12-10T10:12:37.097444Z[0m [34mDEBUG[0m [2methereum_transaction_pool_monitor::mempool_monitor[0m[2m:[0m 🔍 Fetching transaction details for: 0xdb43bd656b1b341d19b1f1778da60e15ba4efdb25f7244255e671b8c32aeaa75
[2m2025-12-10T10:12:37.097448Z[0m [34mDEBUG[0m [2methereum_transaction_pool_monitor::eth_client[0m[2m:[0m 🔍 Fetching transaction details for hash: 0xdb43bd656b1b341d19b1f1778da60e15ba4efdb25f7244255e671b8c32aeaa75
[2m2025-12-10T10:12:37.097467Z[0m [34mDEBUG[0m [2mhyper::client::pool[0m[2m:[0m reuse idle connection for ("http", 192.168.0.14:8545)
[2m2025-12-10T10:12:37.097497Z[0m [34mDEBUG[0m [2mhyper::proto::h1::io[0m[2m:[0m flushed 250 bytes
[2m2025-12-10T10:12:37.097523Z[0m [34mDEBUG[0m [2mhyper::client::pool[0m[2m:[0m reuse idle connection for ("http", 192.168.0.14:8545)
[2m2025-12-10T10:12:37.097535Z[0m [34mDEBUG[0m [2mhyper::proto::h1::io[0m[2m:[0m flushed 172 bytes
[2m2025-12-10T10:12:37.102553Z[0m [34mDEBUG[0m [2mhyper::proto::h1::io[0m[2m:[0m parsed 4 headers
[2m2025-12-10T10:12:37.102783Z[0m [34mDEBUG[0m [2mhyper::proto::h1::conn[0m[2m:[0m incoming body is content-length (1219 bytes)
[2m2025-12-10T10:12:37.102792Z[0m [34mDEBUG[0m [2mhyper::proto::h1::conn[0m[2m:[0m incoming body completed
[2m2025-12-10T10:12:37.102802Z[0m [34mDEBUG[0m [2mhyper::client::pool[0m[2m:[0m pooling idle connection for ("http", 192.168.0.14:8545)
[2m2025-12-10T10:12:37.102809Z[0m [34mDEBUG[0m [2methereum_transaction_pool_monitor::eth_client[0m[2m:[0m 📡 Transaction fetch RPC completed in 5.35675ms
[2m2025-12-10T10:12:37.170118Z[0m [34mDEBUG[0m [2methereum_transaction_pool_monitor::eth_client[0m[2m:[0m ✅ Transaction 0xdb43bd656b1b341d19b1f1778da60e15ba4efdb25f7244255e671b8c32aeaa75 fetched and parsed in 72.664209ms
[2m2025-12-10T10:12:37.170139Z[0m [34mDEBUG[0m [2methereum_transaction_pool_monitor::mempool_monitor[0m[2m:[0m 🔍 Skipping tx 0xdb43bd656b1b341d19b1f1778da60e15ba4efdb25f7244255e671b8c32aeaa75 - not a DEX interaction (target: 0xF6801D319497789f934ec7F83E142a9536312B08)
[2m2025-12-10T10:12:37.170148Z[0m [34mDEBUG[0m [2methereum_transaction_pool_monitor::mempool_monitor[0m[2m:[0m 📨 Processing new pending transaction: 0x8b956459e870287ddbd9371f6b5dbd3e267ce05d733f5a84f0d1ac2d463d49f1
[2m2025-12-10T10:12:37.170153Z[0m [34mDEBUG[0m [2methereum_transaction_pool_monitor::mempool_monitor[0m[2m:[0m 🔍 Fetching transaction details for: 0x8b956459e870287ddbd9371f6b5dbd3e267ce05d733f5a84f0d1ac2d463d49f1
[2m2025-12-10T10:12:37.170158Z[0m [34mDEBUG[0m [2methereum_transaction_pool_monitor::eth_client[0m[2m:[0m 🔍 Fetching transaction details for hash: 0x8b956459e870287ddbd9371f6b5dbd3e267ce05d733f5a84f0d1ac2d463d49f1
[2m2025-12-10T10:12:37.170174Z[0m [34mDEBUG[0m [2mhyper::client::pool[0m[2m:[0m reuse idle connection for ("http", 192.168.0.14:8545)
[2m2025-12-10T10:12:37.170214Z[0m [34mDEBUG[0m [2mhyper::proto::h1::io[0m[2m:[0m flushed 250 bytes
[2m2025-12-10T10:12:37.170236Z[0m [34mDEBUG[0m [2mhyper::proto::h1::io[0m[2m:[0m parsed 4 headers
[2m2025-12-10T10:12:37.170246Z[0m [34mDEBUG[0m [2mhyper::proto::h1::conn[0m[2m:[0m incoming body is content-length (45 bytes)
[2m2025-12-10T10:12:37.170249Z[0m [34mDEBUG[0m [2methereum_transaction_pool_monitor::eth_client[0m[2m:[0m 📨 Received WebSocket message: {"jsonrpc":"2.0","method":"eth_subscription","params":{"subscription":"0xbed0a0851463e895960a451075a301a9","result":"0x0ef2e03b668b53bb2ad94a1dc08fbe4ee9ed2eede71e10cf3afe81f7c0df60ff"}}
[2m2025-12-10T10:12:37.170255Z[0m [34mDEBUG[0m [2mhyper::proto::h1::conn[0m[2m:[0m incoming body completed
[2m2025-12-10T10:12:37.170258Z[0m [34mDEBUG[0m [2methereum_transaction_pool_monitor::eth_client[0m[2m:[0m 📨 Received pending transaction: 0x0ef2e03b668b53bb2ad94a1dc08fbe4ee9ed2eede71e10cf3afe81f7c0df60ff
[2m2025-12-10T10:12:37.170266Z[0m [34mDEBUG[0m [2methereum_transaction_pool_monitor::eth_client[0m[2m:[0m 📨 Received WebSocket message: {"jsonrpc":"2.0","method":"eth_subscription","params":{"subscription":"0xbed0a0851463e895960a451075a301a9","result":"0x549f7fcc46c7ad3c0b2d6921184ec78ddbf888a71fc5e233d174e7455cd3f443"}}
[2m2025-12-10T10:12:37.170267Z[0m [34mDEBUG[0m [2mhyper::client::pool[0m[2m:[0m pooling idle connection for ("http", 192.168.0.14:8545)
[2m2025-12-10T10:12:37.170273Z[0m [34mDEBUG[0m [2methereum_transaction_pool_monitor::eth_client[0m[2m:[0m 📨 Received pending transaction: 0x549f7fcc46c7ad3c0b2d6921184ec78ddbf888a71fc5e233d174e7455cd3f443
[2m2025-12-10T10:12:37.173616Z[0m [34mDEBUG[0m [2mhyper::proto::h1::io[0m[2m:[0m parsed 4 headers
[2m2025-12-10T10:12:37.173625Z[0m [34mDEBUG[0m [2mhyper::proto::h1::conn[0m[2m:[0m incoming body is content-length (680 bytes)
[2m2025-12-10T10:12:37.173631Z[0m [34mDEBUG[0m [2mhyper::proto::h1::conn[0m[2m:[0m incoming body completed
[2m2025-12-10T10:12:37.173639Z[0m [34mDEBUG[0m [2mhyper::client::pool[0m[2m:[0m pooling idle connection for ("http", 192.168.0.14:8545)
[2m2025-12-10T10:12:37.173645Z[0m [34mDEBUG[0m [2methereum_transaction_pool_monitor::eth_client[0m[2m:[0m 📡 Transaction fetch RPC completed in 3.482542ms
[2m2025-12-10T10:12:37.173657Z[0m [34mDEBUG[0m [2methereum_transaction_pool_monitor::eth_client[0m[2m:[0m DeFi transaction detected - Address: 0xdac17f958d2ee523a2206206994597c13d831ec7, Type: Stablecoin, Value: 0 ETH, Gas: 0.27 Gwei
[2m2025-12-10T10:12:37.173670Z[0m [34mDEBUG[0m [2methereum_transaction_pool_monitor::eth_client[0m[2m:[0m ✅ Transaction 0x8b956459e870287ddbd9371f6b5dbd3e267ce05d733f5a84f0d1ac2d463d49f1 fetched and parsed in 3.507292ms
[2m2025-12-10T10:12:37.173676Z[0m [34mDEBUG[0m [2methereum_transaction_pool_monitor::mempool_monitor[0m[2m:[0m 🔍 Skipping tx 0x8b956459e870287ddbd9371f6b5dbd3e267ce05d733f5a84f0d1ac2d463d49f1 - not a DEX interaction (target: 0xdAC17F958D2ee523a2206206994597C13D831ec7)
[2m2025-12-10T10:12:37.173682Z[0m [34mDEBUG[0m [2methereum_transaction_pool_monitor::mempool_monitor[0m[2m:[0m 📨 Processing new pending transaction: 0x02aacaba13eb0f016c36ec57b278418ef018f9e1a4b86be7778ba060e4dd0472
[2m2025-12-10T10:12:37.173687Z[0m [34mDEBUG[0m [2methereum_transaction_pool_monitor::mempool_monitor[0m[2m:[0m 🔍 Fetching transaction details for: 0x02aacaba13eb0f016c36ec57b278418ef018f9e1a4b86be7778ba060e4dd0472
[2m2025-12-10T10:12:37.173690Z[0m [34mDEBUG[0m [2methereum_transaction_pool_monitor::eth_client[0m[2m:[0m 🔍 Fetching transaction details for hash: 0x02aacaba13eb0f016c36ec57b278418ef018f9e1a4b86be7778ba060e4dd0472
[2m2025-12-10T10:12:37.173701Z[0m [34mDEBUG[0m [2mhyper::client::pool[0m[2m:[0m reuse idle connection for ("http", 192.168.0.14:8545)
[2m2025-12-10T10:12:37.173722Z[0m [34mDEBUG[0m [2mhyper::proto::h1::io[0m[2m:[0m flushed 250 bytes
[2m2025-12-10T10:12:37.181069Z[0m [34mDEBUG[0m [2mhyper::proto::h1::io[0m[2m:[0m parsed 4 headers
[2m2025-12-10T10:12:37.181082Z[0m [34mDEBUG[0m [2mhyper::proto::h1::conn[0m[2m:[0m incoming body is content-length (776 bytes)
[2m2025-12-10T10:12:37.181090Z[0m [34mDEBUG[0m [2mhyper::proto::h1::conn[0m[2m:[0m incoming body completed
[2m2025-12-10T10:12:37.181099Z[0m [34mDEBUG[0m [2mhyper::client::pool[0m[2m:[0m pooling idle connection for ("http", 192.168.0.14:8545)
[2m2025-12-10T10:12:37.181106Z[0m [34mDEBUG[0m [2methereum_transaction_pool_monitor::eth_client[0m[2m:[0m 📡 Transaction fetch RPC completed in 7.4115ms
[2m2025-12-10T10:12:37.248557Z[0m [34mDEBUG[0m [2methereum_transaction_pool_monitor::eth_client[0m[2m:[0m ✅ Transaction 0x02aacaba13eb0f016c36ec57b278418ef018f9e1a4b86be7778ba060e4dd0472 fetched and parsed in 74.860084ms
[2m2025-12-10T10:12:37.248576Z[0m [34mDEBUG[0m [2methereum_transaction_pool_monitor::mempool_monitor[0m[2m:[0m 🔍 Skipping tx 0x02aacaba13eb0f016c36ec57b278418ef018f9e1a4b86be7778ba060e4dd0472 - not a DEX interaction (target: 0x61DBbBb552dc893ab3aAd09F289f811E67cEf285)
[2m2025-12-10T10:12:37.248585Z[0m [34mDEBUG[0m [2methereum_transaction_pool_monitor::mempool_monitor[0m[2m:[0m 📨 Processing new pending transaction: 0x42b1dd11a555f067f8526cbfc3ce33b6c526e14bde35fc8c6b40679b82f345fe
[2m2025-12-10T10:12:37.248590Z[0m [34mDEBUG[0m [2methereum_transaction_pool_monitor::mempool_monitor[0m[2m:[0m 🔍 Fetching transaction details for: 0x42b1dd11a555f067f8526cbfc3ce33b6c526e14bde35fc8c6b40679b82f345fe
[2m2025-12-10T10:12:37.248594Z[0m [34mDEBUG[0m [2methereum_transaction_pool_monitor::eth_client[0m[2m:[0m 🔍 Fetching transaction details for hash: 0x42b1dd11a555f067f8526cbfc3ce33b6c526e14bde35fc8c6b40679b82f345fe
[2m2025-12-10T10:12:37.248610Z[0m [34mDEBUG[0m [2mhyper::client::pool[0m[2m:[0m reuse idle connection for ("http", 192.168.0.14:8545)
[2m2025-12-10T10:12:37.248633Z[0m [34mDEBUG[0m [2mhyper::proto::h1::io[0m[2m:[0m flushed 250 bytes
[2m2025-12-10T10:12:37.248659Z[0m [34mDEBUG[0m [2mhyper::client::pool[0m[2m:[0m reuse idle connection for ("http", 192.168.0.14:8545)
[2m2025-12-10T10:12:37.248671Z[0m [34mDEBUG[0m [2mhyper::proto::h1::io[0m[2m:[0m flushed 172 bytes
[2m2025-12-10T10:12:37.253696Z[0m [34mDEBUG[0m [2mhyper::proto::h1::io[0m[2m:[0m parsed 4 headers
[2m2025-12-10T10:12:37.253707Z[0m [34mDEBUG[0m [2mhyper::proto::h1::conn[0m[2m:[0m incoming body is content-length (642 bytes)
[2m2025-12-10T10:12:37.253715Z[0m [34mDEBUG[0m [2mhyper::proto::h1::conn[0m[2m:[0m incoming body completed
[2m2025-12-10T10:12:37.253724Z[0m [34mDEBUG[0m [2mhyper::client::pool[0m[2m:[0m pooling idle connection for ("http", 192.168.0.14:8545)
[2m2025-12-10T10:12:37.253732Z[0m [34mDEBUG[0m [2methereum_transaction_pool_monitor::eth_client[0m[2m:[0m 📡 Transaction fetch RPC completed in 5.133625ms
[2m2025-12-10T10:12:37.323863Z[0m [34mDEBUG[0m [2methereum_transaction_pool_monitor::eth_client[0m[2m:[0m ✅ Transaction 0x42b1dd11a555f067f8526cbfc3ce33b6c526e14bde35fc8c6b40679b82f345fe fetched and parsed in 75.262708ms
[2m2025-12-10T10:12:37.326897Z[0m [34mDEBUG[0m [2methereum_transaction_pool_monitor::mempool_monitor[0m[2m:[0m 🔍 Skipping tx 0x42b1dd11a555f067f8526cbfc3ce33b6c526e14bde35fc8c6b40679b82f345fe - not a DEX interaction (target: 0x1AB4973a48dc892Cd9971ECE8e01DcC7688f8F23)
[2m2025-12-10T10:12:37.326911Z[0m [34mDEBUG[0m [2methereum_transaction_pool_monitor::mempool_monitor[0m[2m:[0m 📨 Processing new pending transaction: 0x65278399ad2b60beeb18f861af09173f9816d410213f910d9eec4f0750180881
[2m2025-12-10T10:12:37.326994Z[0m [34mDEBUG[0m [2methereum_transaction_pool_monitor::mempool_monitor[0m[2m:[0m 🔍 Fetching transaction details for: 0x65278399ad2b60beeb18f861af09173f9816d410213f910d9eec4f0750180881
[2m2025-12-10T10:12:37.327004Z[0m [34mDEBUG[0m [2methereum_transaction_pool_monitor::eth_client[0m[2m:[0m 🔍 Fetching transaction details for hash: 0x65278399ad2b60beeb18f861af09173f9816d410213f910d9eec4f0750180881
[2m2025-12-10T10:12:37.327025Z[0m [34mDEBUG[0m [2mhyper::client::pool[0m[2m:[0m reuse idle connection for ("http", 192.168.0.14:8545)
[2m2025-12-10T10:12:37.327069Z[0m [34mDEBUG[0m [2mhyper::proto::h1::io[0m[2m:[0m flushed 250 bytes
[2m2025-12-10T10:12:37.327092Z[0m [34mDEBUG[0m [2methereum_transaction_pool_monitor::eth_client[0m[2m:[0m 📨 Received WebSocket message: {"jsonrpc":"2.0","method":"eth_subscription","params":{"subscription":"0xbed0a0851463e895960a451075a301a9","result":"0x79913ceed0b117e38fa9ee502cc7dc9d3ed01e30ad8001994f96b3db74062c90"}}
[2m2025-12-10T10:12:37.327101Z[0m [34mDEBUG[0m [2methereum_transaction_pool_monitor::eth_client[0m[2m:[0m 📨 Received pending transaction: 0x79913ceed0b117e38fa9ee502cc7dc9d3ed01e30ad8001994f96b3db74062c90
[2m2025-12-10T10:12:37.327115Z[0m [34mDEBUG[0m [2mhyper::proto::h1::io[0m[2m:[0m parsed 4 headers
[2m2025-12-10T10:12:37.327119Z[0m [34mDEBUG[0m [2mhyper::proto::h1::conn[0m[2m:[0m incoming body is content-length (45 bytes)
[2m2025-12-10T10:12:37.327129Z[0m [34mDEBUG[0m [2mhyper::proto::h1::conn[0m[2m:[0m incoming body completed
[2m2025-12-10T10:12:37.327137Z[0m [34mDEBUG[0m [2mhyper::client::pool[0m[2m:[0m pooling idle connection for ("http", 192.168.0.14:8545)
[2m2025-12-10T10:12:37.327150Z[0m [34mDEBUG[0m [2mhyper::client::pool[0m[2m:[0m reuse idle connection for ("http", 192.168.0.14:8545)
[2m2025-12-10T10:12:37.327165Z[0m [34mDEBUG[0m [2mhyper::proto::h1::io[0m[2m:[0m flushed 172 bytes
[2m2025-12-10T10:12:37.336306Z[0m [34mDEBUG[0m [2mhyper::proto::h1::io[0m[2m:[0m parsed 4 headers
[2m2025-12-10T10:12:37.336316Z[0m [34mDEBUG[0m [2mhyper::proto::h1::conn[0m[2m:[0m incoming body is content-length (647 bytes)
[2m2025-12-10T10:12:37.336322Z[0m [34mDEBUG[0m [2mhyper::proto::h1::conn[0m[2m:[0m incoming body completed
[2m2025-12-10T10:12:37.336331Z[0m [34mDEBUG[0m [2mhyper::client::pool[0m[2m:[0m pooling idle connection for ("http", 192.168.0.14:8545)
[2m2025-12-10T10:12:37.336338Z[0m [34mDEBUG[0m [2methereum_transaction_pool_monitor::eth_client[0m[2m:[0m 📡 Transaction fetch RPC completed in 9.325208ms
[2m2025-12-10T10:12:37.407620Z[0m [34mDEBUG[0m [2methereum_transaction_pool_monitor::eth_client[0m[2m:[0m ✅ Transaction 0x65278399ad2b60beeb18f861af09173f9816d410213f910d9eec4f0750180881 fetched and parsed in 80.605625ms
[2m2025-12-10T10:12:37.407645Z[0m [34mDEBUG[0m [2methereum_transaction_pool_monitor::mempool_monitor[0m[2m:[0m 🔍 Skipping tx 0x65278399ad2b60beeb18f861af09173f9816d410213f910d9eec4f0750180881 - not a DEX interaction (target: 0x1AB4973a48dc892Cd9971ECE8e01DcC7688f8F23)
[2m2025-12-10T10:12:37.407654Z[0m [34mDEBUG[0m [2methereum_transaction_pool_monitor::mempool_monitor[0m[2m:[0m 📨 Processing new pending transaction: 0x80c75d6ded54995f3f799d7d0ac95c8681684cb86ec0ca062aa2ed8e70f3efe7
[2m2025-12-10T10:12:37.407660Z[0m [34mDEBUG[0m [2methereum_transaction_pool_monitor::mempool_monitor[0m[2m:[0m 🔍 Fetching transaction details for: 0x80c75d6ded54995f3f799d7d0ac95c8681684cb86ec0ca062aa2ed8e70f3efe7
[2m2025-12-10T10:12:37.407666Z[0m [34mDEBUG[0m [2methereum_transaction_pool_monitor::eth_client[0m[2m:[0m 🔍 Fetching transaction details for hash: 0x80c75d6ded54995f3f799d7d0ac95c8681684cb86ec0ca062aa2ed8e70f3efe7
[2m2025-12-10T10:12:37.407683Z[0m [34mDEBUG[0m [2mhyper::client::pool[0m[2m:[0m reuse idle connection for ("http", 192.168.0.14:8545)
[2m2025-12-10T10:12:37.407738Z[0m [34mDEBUG[0m [2mhyper::proto::h1::io[0m[2m:[0m flushed 250 bytes
[2m2025-12-10T10:12:37.407759Z[0m [34mDEBUG[0m [2methereum_transaction_pool_monitor::eth_client[0m[2m:[0m 📨 Received WebSocket message: {"jsonrpc":"2.0","method":"eth_subscription","params":{"subscription":"0xbed0a0851463e895960a451075a301a9","result":"0x4d7eb71e876900dc6690159e9bba19f69fb60c470fb63564c22149f19db98b76"}}
[2m2025-12-10T10:12:37.407767Z[0m [34mDEBUG[0m [2methereum_transaction_pool_monitor::eth_client[0m[2m:[0m 📨 Received pending transaction: 0x4d7eb71e876900dc6690159e9bba19f69fb60c470fb63564c22149f19db98b76
[2m2025-12-10T10:12:37.407778Z[0m [34mDEBUG[0m [2mhyper::proto::h1::io[0m[2m:[0m parsed 4 headers
[2m2025-12-10T10:12:37.407783Z[0m [34mDEBUG[0m [2mhyper::proto::h1::conn[0m[2m:[0m incoming body is content-length (45 bytes)
[2m2025-12-10T10:12:37.407792Z[0m [34mDEBUG[0m [2mhyper::proto::h1::conn[0m[2m:[0m incoming body completed
[2m2025-12-10T10:12:37.407800Z[0m [34mDEBUG[0m [2mhyper::client::pool[0m[2m:[0m pooling idle connection for ("http", 192.168.0.14:8545)
[2m2025-12-10T10:12:37.407816Z[0m [34mDEBUG[0m [2mhyper::client::pool[0m[2m:[0m reuse idle connection for ("http", 192.168.0.14:8545)
[2m2025-12-10T10:12:37.407836Z[0m [34mDEBUG[0m [2mhyper::proto::h1::io[0m[2m:[0m flushed 172 bytes
[2m2025-12-10T10:12:37.413389Z[0m [34mDEBUG[0m [2methereum_transaction_pool_monitor::eth_client[0m[2m:[0m 📨 Received WebSocket message: {"jsonrpc":"2.0","method":"eth_subscription","params":{"subscription":"0xbed0a0851463e895960a451075a301a9","result":"0x03b0395018f91bfda4f188b1cd302f0eb4e0967f80da13594b85059080fc8508"}}
[2m2025-12-10T10:12:37.413397Z[0m [34mDEBUG[0m [2methereum_transaction_pool_monitor::eth_client[0m[2m:[0m 📨 Received pending transaction: 0x03b0395018f91bfda4f188b1cd302f0eb4e0967f80da13594b85059080fc8508
[2m2025-12-10T10:12:37.414362Z[0m [34mDEBUG[0m [2mhyper::proto::h1::io[0m[2m:[0m parsed 4 headers
[2m2025-12-10T10:12:37.414384Z[0m [34mDEBUG[0m [2mhyper::proto::h1::conn[0m[2m:[0m incoming body is content-length (45 bytes)
[2m2025-12-10T10:12:37.414426Z[0m [34mDEBUG[0m [2mhyper::proto::h1::conn[0m[2m:[0m incoming body completed
[2m2025-12-10T10:12:37.414434Z[0m [34mDEBUG[0m [2mhyper::client::pool[0m[2m:[0m pooling idle connection for ("http", 192.168.0.14:8545)
[2m2025-12-10T10:12:37.414446Z[0m [34mDEBUG[0m [2mhyper::proto::h1::io[0m[2m:[0m parsed 4 headers
[2m2025-12-10T10:12:37.414451Z[0m [34mDEBUG[0m [2mhyper::proto::h1::conn[0m[2m:[0m incoming body is content-length (830 bytes)
[2m2025-12-10T10:12:37.414456Z[0m [34mDEBUG[0m [2mhyper::proto::h1::conn[0m[2m:[0m incoming body completed
[2m2025-12-10T10:12:37.414460Z[0m [34mDEBUG[0m [2mhyper::client::pool[0m[2m:[0m pooling idle connection for ("http", 192.168.0.14:8545)
[2m2025-12-10T10:12:37.414465Z[0m [34mDEBUG[0m [2methereum_transaction_pool_monitor::eth_client[0m[2m:[0m 📡 Transaction fetch RPC completed in 6.793791ms
[2m2025-12-10T10:12:37.486839Z[0m [34mDEBUG[0m [2methereum_transaction_pool_monitor::eth_client[0m[2m:[0m ✅ Transaction 0x80c75d6ded54995f3f799d7d0ac95c8681684cb86ec0ca062aa2ed8e70f3efe7 fetched and parsed in 79.16475ms
[2m2025-12-10T10:12:37.486866Z[0m [34mDEBUG[0m [2methereum_transaction_pool_monitor::mempool_monitor[0m[2m:[0m 🔍 Skipping tx 0x80c75d6ded54995f3f799d7d0ac95c8681684cb86ec0ca062aa2ed8e70f3efe7 - not a DEX interaction (target: 0x3B4D794a66304F130a4Db8F2551B0070dfCf5ca7)
[2m2025-12-10T10:12:37.486878Z[0m [34mDEBUG[0m [2methereum_transaction_pool_monitor::mempool_monitor[0m[2m:[0m 📨 Processing new pending transaction: 0x368b65ef4b3ca2df8ed72f3ebd4024fb856385c77594cfb718a0238f4d61424b
[2m2025-12-10T10:12:37.486885Z[0m [34mDEBUG[0m [2methereum_transaction_pool_monitor::mempool_monitor[0m[2m:[0m 🔍 Fetching transaction details for: 0x368b65ef4b3ca2df8ed72f3ebd4024fb856385c77594cfb718a0238f4d61424b
[2m2025-12-10T10:12:37.486891Z[0m [34mDEBUG[0m [2methereum_transaction_pool_monitor::eth_client[0m[2m:[0m 🔍 Fetching transaction details for hash: 0x368b65ef4b3ca2df8ed72f3ebd4024fb856385c77594cfb718a0238f4d61424b
[2m2025-12-10T10:12:37.486912Z[0m [34mDEBUG[0m [2mhyper::client::pool[0m[2m:[0m reuse idle connection for ("http", 192.168.0.14:8545)
[2m2025-12-10T10:12:37.486945Z[0m [34mDEBUG[0m [2mhyper::proto::h1::io[0m[2m:[0m flushed 250 bytes
[2m2025-12-10T10:12:37.490960Z[0m [34mDEBUG[0m [2mhyper::proto::h1::io[0m[2m:[0m parsed 4 headers
[2m2025-12-10T10:12:37.490966Z[0m [34mDEBUG[0m [2mhyper::proto::h1::conn[0m[2m:[0m incoming body is content-length (904 bytes)
[2m2025-12-10T10:12:37.490974Z[0m [34mDEBUG[0m [2mhyper::proto::h1::conn[0m[2m:[0m incoming body completed
[2m2025-12-10T10:12:37.490981Z[0m [34mDEBUG[0m [2mhyper::client::pool[0m[2m:[0m pooling idle connection for ("http", 192.168.0.14:8545)
[2m2025-12-10T10:12:37.490986Z[0m [34mDEBUG[0m [2methereum_transaction_pool_monitor::eth_client[0m[2m:[0m 📡 Transaction fetch RPC completed in 4.090917ms
[2m2025-12-10T10:12:37.562036Z[0m [34mDEBUG[0m [2methereum_transaction_pool_monitor::eth_client[0m[2m:[0m ✅ Transaction 0x368b65ef4b3ca2df8ed72f3ebd4024fb856385c77594cfb718a0238f4d61424b fetched and parsed in 75.137958ms
[2m2025-12-10T10:12:37.562067Z[0m [34mDEBUG[0m [2methereum_transaction_pool_monitor::mempool_monitor[0m[2m:[0m 🔍 Skipping tx 0x368b65ef4b3ca2df8ed72f3ebd4024fb856385c77594cfb718a0238f4d61424b - not a DEX interaction (target: 0xff00000000000000000000000000000000000480)
[2m2025-12-10T10:12:37.562077Z[0m [34mDEBUG[0m [2methereum_transaction_pool_monitor::mempool_monitor[0m[2m:[0m 📨 Processing new pending transaction: 0x0ef2e03b668b53bb2ad94a1dc08fbe4ee9ed2eede71e10cf3afe81f7c0df60ff
[2m2025-12-10T10:12:37.562093Z[0m [34mDEBUG[0m [2methereum_transaction_pool_monitor::mempool_monitor[0m[2m:[0m 🔍 Fetching transaction details for: 0x0ef2e03b668b53bb2ad94a1dc08fbe4ee9ed2eede71e10cf3afe81f7c0df60ff
[2m2025-12-10T10:12:37.562100Z[0m [34mDEBUG[0m [2methereum_transaction_pool_monitor::eth_client[0m[2m:[0m 🔍 Fetching transaction details for hash: 0x0ef2e03b668b53bb2ad94a1dc08fbe4ee9ed2eede71e10cf3afe81f7c0df60ff
[2m2025-12-10T10:12:37.562119Z[0m [34mDEBUG[0m [2mhyper::client::pool[0m[2m:[0m reuse idle connection for ("http", 192.168.0.14:8545)
[2m2025-12-10T10:12:37.562158Z[0m [34mDEBUG[0m [2mhyper::proto::h1::io[0m[2m:[0m flushed 250 bytes
[2m2025-12-10T10:12:37.562190Z[0m [34mDEBUG[0m [2mhyper::client::pool[0m[2m:[0m reuse idle connection for ("http", 192.168.0.14:8545)
[2m2025-12-10T10:12:37.562208Z[0m [34mDEBUG[0m [2mhyper::proto::h1::io[0m[2m:[0m flushed 172 bytes
[2m2025-12-10T10:12:37.569365Z[0m [34mDEBUG[0m [2mhyper::proto::h1::io[0m[2m:[0m parsed 4 headers
[2m2025-12-10T10:12:37.569388Z[0m [34mDEBUG[0m [2mhyper::proto::h1::conn[0m[2m:[0m incoming body is content-length (45 bytes)
[2m2025-12-10T10:12:37.569411Z[0m [34mDEBUG[0m [2mhyper::proto::h1::conn[0m[2m:[0m incoming body completed
[2m2025-12-10T10:12:37.569435Z[0m [34mDEBUG[0m [2mhyper::client::pool[0m[2m:[0m pooling idle connection for ("http", 192.168.0.14:8545)
[2m2025-12-10T10:12:37.570276Z[0m [34mDEBUG[0m [2mhyper::proto::h1::io[0m[2m:[0m parsed 4 headers
[2m2025-12-10T10:12:37.570297Z[0m [34mDEBUG[0m [2mhyper::proto::h1::conn[0m[2m:[0m incoming body is content-length (765 bytes)
[2m2025-12-10T10:12:37.570332Z[0m [34mDEBUG[0m [2mhyper::proto::h1::conn[0m[2m:[0m incoming body completed
[2m2025-12-10T10:12:37.570341Z[0m [34mDEBUG[0m [2mhyper::client::pool[0m[2m:[0m pooling idle connection for ("http", 192.168.0.14:8545)
[2m2025-12-10T10:12:37.570347Z[0m [34mDEBUG[0m [2methereum_transaction_pool_monitor::eth_client[0m[2m:[0m 📡 Transaction fetch RPC completed in 8.241333ms
[2m2025-12-10T10:12:37.641868Z[0m [34mDEBUG[0m [2methereum_transaction_pool_monitor::eth_client[0m[2m:[0m ✅ Transaction 0x0ef2e03b668b53bb2ad94a1dc08fbe4ee9ed2eede71e10cf3afe81f7c0df60ff fetched and parsed in 79.759625ms
[2m2025-12-10T10:12:37.641895Z[0m [34mDEBUG[0m [2methereum_transaction_pool_monitor::mempool_monitor[0m[2m:[0m 🔍 Skipping tx 0x0ef2e03b668b53bb2ad94a1dc08fbe4ee9ed2eede71e10cf3afe81f7c0df60ff - not a DEX interaction (target: 0xA0b86991c6218b36c1d19D4a2e9Eb0cE3606eB48)
[2m2025-12-10T10:12:37.641905Z[0m [34mDEBUG[0m [2methereum_transaction_pool_monitor::mempool_monitor[0m[2m:[0m 📨 Processing new pending transaction: 0x549f7fcc46c7ad3c0b2d6921184ec78ddbf888a71fc5e233d174e7455cd3f443
[2m2025-12-10T10:12:37.641912Z[0m [34mDEBUG[0m [2methereum_transaction_pool_monitor::mempool_monitor[0m[2m:[0m 🔍 Fetching transaction details for: 0x549f7fcc46c7ad3c0b2d6921184ec78ddbf888a71fc5e233d174e7455cd3f443
[2m2025-12-10T10:12:37.641918Z[0m [34mDEBUG[0m [2methereum_transaction_pool_monitor::eth_client[0m[2m:[0m 🔍 Fetching transaction details for hash: 0x549f7fcc46c7ad3c0b2d6921184ec78ddbf888a71fc5e233d174e7455cd3f443
[2m2025-12-10T10:12:37.641937Z[0m [34mDEBUG[0m [2mhyper::client::pool[0m[2m:[0m reuse idle connection for ("http", 192.168.0.14:8545)
[2m2025-12-10T10:12:37.641975Z[0m [34mDEBUG[0m [2mhyper::proto::h1::io[0m[2m:[0m flushed 250 bytes
[2m2025-12-10T10:12:37.641995Z[0m [34mDEBUG[0m [2mhyper::client::pool[0m[2m:[0m reuse idle connection for ("http", 192.168.0.14:8545)
[2m2025-12-10T10:12:37.642008Z[0m [34mDEBUG[0m [2methereum_transaction_pool_monitor::eth_client[0m[2m:[0m 📨 Received WebSocket message: {"jsonrpc":"2.0","method":"eth_subscription","params":{"subscription":"0xbed0a0851463e895960a451075a301a9","result":"0xb253b0f8111cff346514181232404cceb9127adf0b12b1f586ecdb979e063df8"}}
[2m2025-12-10T10:12:37.642009Z[0m [34mDEBUG[0m [2mhyper::proto::h1::io[0m[2m:[0m flushed 172 bytes
[2m2025-12-10T10:12:37.642021Z[0m [34mDEBUG[0m [2methereum_transaction_pool_monitor::eth_client[0m[2m:[0m 📨 Received pending transaction: 0xb253b0f8111cff346514181232404cceb9127adf0b12b1f586ecdb979e063df8
[2m2025-12-10T10:12:37.642029Z[0m [34mDEBUG[0m [2methereum_transaction_pool_monitor::eth_client[0m[2m:[0m 📨 Received WebSocket message: {"jsonrpc":"2.0","method":"eth_subscription","params":{"subscription":"0xbed0a0851463e895960a451075a301a9","result":"0xed308ae3572b77f728ba4b5586524f1ac8116e6dd379fef835721116eb042a3b"}}
[2m2025-12-10T10:12:37.642036Z[0m [34mDEBUG[0m [2methereum_transaction_pool_monitor::eth_client[0m[2m:[0m 📨 Received pending transaction: 0xed308ae3572b77f728ba4b5586524f1ac8116e6dd379fef835721116eb042a3b
[2m2025-12-10T10:12:37.650632Z[0m [34mDEBUG[0m [2mhyper::proto::h1::io[0m[2m:[0m parsed 4 headers
[2m2025-12-10T10:12:37.650638Z[0m [34mDEBUG[0m [2mhyper::proto::h1::conn[0m[2m:[0m incoming body is content-length (1792 bytes)
[2m2025-12-10T10:12:37.650645Z[0m [34mDEBUG[0m [2mhyper::proto::h1::conn[0m[2m:[0m incoming body completed
[2m2025-12-10T10:12:37.650652Z[0m [34mDEBUG[0m [2mhyper::client::pool[0m[2m:[0m pooling idle connection for ("http", 192.168.0.14:8545)
[2m2025-12-10T10:12:37.650661Z[0m [34mDEBUG[0m [2methereum_transaction_pool_monitor::eth_client[0m[2m:[0m 📡 Transaction fetch RPC completed in 8.738209ms
[2m2025-12-10T10:12:37.720991Z[0m [34mDEBUG[0m [2methereum_transaction_pool_monitor::eth_client[0m[2m:[0m ✅ Transaction 0x549f7fcc46c7ad3c0b2d6921184ec78ddbf888a71fc5e233d174e7455cd3f443 fetched and parsed in 79.065875ms
[2m2025-12-10T10:12:37.721016Z[0m [34mDEBUG[0m [2methereum_transaction_pool_monitor::mempool_monitor[0m[2m:[0m 🔍 Skipping tx 0x549f7fcc46c7ad3c0b2d6921184ec78ddbf888a71fc5e233d174e7455cd3f443 - not a DEX interaction (target: 0xe8070a4FE798C0569e20729573DDec558e91a68a)
[2m2025-12-10T10:12:37.721027Z[0m [34mDEBUG[0m [2methereum_transaction_pool_monitor::mempool_monitor[0m[2m:[0m 📨 Processing new pending transaction: 0x79913ceed0b117e38fa9ee502cc7dc9d3ed01e30ad8001994f96b3db74062c90
[2m2025-12-10T10:12:37.721104Z[0m [34mDEBUG[0m [2methereum_transaction_pool_monitor::mempool_monitor[0m[2m:[0m 🔍 Fetching transaction details for: 0x79913ceed0b117e38fa9ee502cc7dc9d3ed01e30ad8001994f96b3db74062c90
[2m2025-12-10T10:12:37.721113Z[0m [34mDEBUG[0m [2methereum_transaction_pool_monitor::eth_client[0m[2m:[0m 🔍 Fetching transaction details for hash: 0x79913ceed0b117e38fa9ee502cc7dc9d3ed01e30ad8001994f96b3db74062c90
[2m2025-12-10T10:12:37.721130Z[0m [34mDEBUG[0m [2mhyper::client::pool[0m[2m:[0m reuse idle connection for ("http", 192.168.0.14:8545)
[2m2025-12-10T10:12:37.721165Z[0m [34mDEBUG[0m [2mhyper::proto::h1::io[0m[2m:[0m flushed 250 bytes
[2m2025-12-10T10:12:37.721184Z[0m [34mDEBUG[0m [2mhyper::proto::h1::io[0m[2m:[0m parsed 4 headers
[2m2025-12-10T10:12:37.721189Z[0m [34mDEBUG[0m [2mhyper::proto::h1::conn[0m[2m:[0m incoming body is content-length (45 bytes)
[2m2025-12-10T10:12:37.721197Z[0m [34mDEBUG[0m [2mhyper::proto::h1::conn[0m[2m:[0m incoming body completed
[2m2025-12-10T10:12:37.721206Z[0m [34mDEBUG[0m [2mhyper::client::pool[0m[2m:[0m pooling idle connection for ("http", 192.168.0.14:8545)
[2m2025-12-10T10:12:37.721220Z[0m [34mDEBUG[0m [2mhyper::client::pool[0m[2m:[0m reuse idle connection for ("http", 192.168.0.14:8545)
[2m2025-12-10T10:12:37.721235Z[0m [34mDEBUG[0m [2mhyper::proto::h1::io[0m[2m:[0m flushed 172 bytes
[2m2025-12-10T10:12:37.729385Z[0m [34mDEBUG[0m [2mhyper::proto::h1::io[0m[2m:[0m parsed 4 headers
[2m2025-12-10T10:12:37.729409Z[0m [34mDEBUG[0m [2mhyper::proto::h1::conn[0m[2m:[0m incoming body is content-length (768 bytes)
[2m2025-12-10T10:12:37.729433Z[0m [34mDEBUG[0m [2mhyper::proto::h1::conn[0m[2m:[0m incoming body completed
[2m2025-12-10T10:12:37.729444Z[0m [34mDEBUG[0m [2mhyper::client::pool[0m[2m:[0m pooling idle connection for ("http", 192.168.0.14:8545)
[2m2025-12-10T10:12:37.729450Z[0m [34mDEBUG[0m [2methereum_transaction_pool_monitor::eth_client[0m[2m:[0m 📡 Transaction fetch RPC completed in 8.3325ms
[2m2025-12-10T10:12:37.729476Z[0m [34mDEBUG[0m [2methereum_transaction_pool_monitor::eth_client[0m[2m:[0m DeFi transaction detected - Address: 0x514910771af9ca656af840dff83e8264ecf986ca, Type: TokenContract, Value: 0 ETH, Gas: 0.18 Gwei
[2m2025-12-10T10:12:37.729489Z[0m [34mDEBUG[0m [2methereum_transaction_pool_monitor::eth_client[0m[2m:[0m ✅ Transaction 0x79913ceed0b117e38fa9ee502cc7dc9d3ed01e30ad8001994f96b3db74062c90 fetched and parsed in 8.371666ms
[2m2025-12-10T10:12:37.729495Z[0m [34mDEBUG[0m [2methereum_transaction_pool_monitor::mempool_monitor[0m[2m:[0m 🔍 Skipping tx 0x79913ceed0b117e38fa9ee502cc7dc9d3ed01e30ad8001994f96b3db74062c90 - not a DEX interaction (target: 0x514910771AF9Ca656af840dff83E8264EcF986CA)
[2m2025-12-10T10:12:37.729501Z[0m [34mDEBUG[0m [2methereum_transaction_pool_monitor::mempool_monitor[0m[2m:[0m 📨 Processing new pending transaction: 0x4d7eb71e876900dc6690159e9bba19f69fb60c470fb63564c22149f19db98b76
[2m2025-12-10T10:12:37.729505Z[0m [34mDEBUG[0m [2methereum_transaction_pool_monitor::mempool_monitor[0m[2m:[0m 🔍 Fetching transaction details for: 0x4d7eb71e876900dc6690159e9bba19f69fb60c470fb63564c22149f19db98b76
[2m2025-12-10T10:12:37.729508Z[0m [34mDEBUG[0m [2methereum_transaction_pool_monitor::eth_client[0m[2m:[0m 🔍 Fetching transaction details for hash: 0x4d7eb71e876900dc6690159e9bba19f69fb60c470fb63564c22149f19db98b76
[2m2025-12-10T10:12:37.729518Z[0m [34mDEBUG[0m [2mhyper::client::pool[0m[2m:[0m reuse idle connection for ("http", 192.168.0.14:8545)
[2m2025-12-10T10:12:37.729534Z[0m [34mDEBUG[0m [2mhyper::proto::h1::io[0m[2m:[0m flushed 250 bytes
[2m2025-12-10T10:12:37.729542Z[0m [34mDEBUG[0m [2mhyper::proto::h1::io[0m[2m:[0m parsed 4 headers
[2m2025-12-10T10:12:37.729545Z[0m [34mDEBUG[0m [2mhyper::proto::h1::conn[0m[2m:[0m incoming body is content-length (45 bytes)
[2m2025-12-10T10:12:37.729549Z[0m [34mDEBUG[0m [2mhyper::proto::h1::conn[0m[2m:[0m incoming body completed
[2m2025-12-10T10:12:37.729554Z[0m [34mDEBUG[0m [2mhyper::client::pool[0m[2m:[0m pooling idle connection for ("http", 192.168.0.14:8545)
[2m2025-12-10T10:12:37.740539Z[0m [34mDEBUG[0m [2mhyper::proto::h1::io[0m[2m:[0m parsed 4 headers
[2m2025-12-10T10:12:37.740548Z[0m [34mDEBUG[0m [2mhyper::proto::h1::conn[0m[2m:[0m incoming body is content-length (763 bytes)
[2m2025-12-10T10:12:37.740552Z[0m [34mDEBUG[0m [2mhyper::proto::h1::conn[0m[2m:[0m incoming body completed
[2m2025-12-10T10:12:37.740557Z[0m [34mDEBUG[0m [2mhyper::client::pool[0m[2m:[0m pooling idle connection for ("http", 192.168.0.14:8545)
[2m2025-12-10T10:12:37.740561Z[0m [34mDEBUG[0m [2methereum_transaction_pool_monitor::eth_client[0m[2m:[0m 📡 Transaction fetch RPC completed in 11.049ms
[2m2025-12-10T10:12:37.740570Z[0m [34mDEBUG[0m [2methereum_transaction_pool_monitor::eth_client[0m[2m:[0m DeFi transaction detected - Address: 0xdac17f958d2ee523a2206206994597c13d831ec7, Type: Stablecoin, Value: 0 ETH, Gas: 0.34 Gwei
[2m2025-12-10T10:12:37.740579Z[0m [34mDEBUG[0m [2methereum_transaction_pool_monitor::eth_client[0m[2m:[0m ✅ Transaction 0x4d7eb71e876900dc6690159e9bba19f69fb60c470fb63564c22149f19db98b76 fetched and parsed in 11.066375ms
[2m2025-12-10T10:12:37.740584Z[0m [34mDEBUG[0m [2methereum_transaction_pool_monitor::mempool_monitor[0m[2m:[0m 🔍 Skipping tx 0x4d7eb71e876900dc6690159e9bba19f69fb60c470fb63564c22149f19db98b76 - not a DEX interaction (target: 0xdAC17F958D2ee523a2206206994597C13D831ec7)
[2m2025-12-10T10:12:37.740590Z[0m [34mDEBUG[0m [2methereum_transaction_pool_monitor::mempool_monitor[0m[2m:[0m 📨 Processing new pending transaction: 0x03b0395018f91bfda4f188b1cd302f0eb4e0967f80da13594b85059080fc8508
[2m2025-12-10T10:12:37.740594Z[0m [34mDEBUG[0m [2methereum_transaction_pool_monitor::mempool_monitor[0m[2m:[0m 🔍 Fetching transaction details for: 0x03b0395018f91bfda4f188b1cd302f0eb4e0967f80da13594b85059080fc8508
[2m2025-12-10T10:12:37.740598Z[0m [34mDEBUG[0m [2methereum_transaction_pool_monitor::eth_client[0m[2m:[0m 🔍 Fetching transaction details for hash: 0x03b0395018f91bfda4f188b1cd302f0eb4e0967f80da13594b85059080fc8508
[2m2025-12-10T10:12:37.740605Z[0m [34mDEBUG[0m [2mhyper::client::pool[0m[2m:[0m reuse idle connection for ("http", 192.168.0.14:8545)
[2m2025-12-10T10:12:37.740622Z[0m [34mDEBUG[0m [2mhyper::proto::h1::io[0m[2m:[0m flushed 250 bytes
[2m2025-12-10T10:12:37.746087Z[0m [34mDEBUG[0m [2mhyper::proto::h1::io[0m[2m:[0m parsed 4 headers
[2m2025-12-10T10:12:37.746110Z[0m [34mDEBUG[0m [2mhyper::proto::h1::conn[0m[2m:[0m incoming body is content-length (770 bytes)
[2m2025-12-10T10:12:37.746128Z[0m [34mDEBUG[0m [2mhyper::proto::h1::conn[0m[2m:[0m incoming body completed
[2m2025-12-10T10:12:37.746152Z[0m [34mDEBUG[0m [2mhyper::client::pool[0m[2m:[0m pooling idle connection for ("http", 192.168.0.14:8545)
[2m2025-12-10T10:12:37.746156Z[0m [34mDEBUG[0m [2methereum_transaction_pool_monitor::eth_client[0m[2m:[0m 📡 Transaction fetch RPC completed in 5.554541ms
[2m2025-12-10T10:12:37.814906Z[0m [34mDEBUG[0m [2methereum_transaction_pool_monitor::eth_client[0m[2m:[0m ✅ Transaction 0x03b0395018f91bfda4f188b1cd302f0eb4e0967f80da13594b85059080fc8508 fetched and parsed in 74.301625ms
[2m2025-12-10T10:12:37.814937Z[0m [34mDEBUG[0m [2methereum_transaction_pool_monitor::mempool_monitor[0m[2m:[0m 🔍 Skipping tx 0x03b0395018f91bfda4f188b1cd302f0eb4e0967f80da13594b85059080fc8508 - not a DEX interaction (target: 0xae41b275aaAF484b541A5881a2dDED9515184CCA)
[2m2025-12-10T10:12:37.814948Z[0m [34mDEBUG[0m [2methereum_transaction_pool_monitor::mempool_monitor[0m[2m:[0m 📨 Processing new pending transaction: 0xb253b0f8111cff346514181232404cceb9127adf0b12b1f586ecdb979e063df8
[2m2025-12-10T10:12:37.814960Z[0m [34mDEBUG[0m [2methereum_transaction_pool_monitor::mempool_monitor[0m[2m:[0m 🔍 Fetching transaction details for: 0xb253b0f8111cff346514181232404cceb9127adf0b12b1f586ecdb979e063df8
[2m2025-12-10T10:12:37.814965Z[0m [34mDEBUG[0m [2methereum_transaction_pool_monitor::eth_client[0m[2m:[0m 🔍 Fetching transaction details for hash: 0xb253b0f8111cff346514181232404cceb9127adf0b12b1f586ecdb979e063df8
[2m2025-12-10T10:12:37.814986Z[0m [34mDEBUG[0m [2mhyper::client::pool[0m[2m:[0m reuse idle connection for ("http", 192.168.0.14:8545)
[2m2025-12-10T10:12:37.815037Z[0m [34mDEBUG[0m [2mhyper::proto::h1::io[0m[2m:[0m flushed 250 bytes
[2m2025-12-10T10:12:37.815056Z[0m [34mDEBUG[0m [2mhyper::client::pool[0m[2m:[0m reuse idle connection for ("http", 192.168.0.14:8545)
[2m2025-12-10T10:12:37.815070Z[0m [34mDEBUG[0m [2methereum_transaction_pool_monitor::eth_client[0m[2m:[0m 📨 Received WebSocket message: {"jsonrpc":"2.0","method":"eth_subscription","params":{"subscription":"0xbed0a0851463e895960a451075a301a9","result":"0xd852a092b27930a5b21fa1a6b38001b46be9de8404833e94a56618d735384826"}}
[2m2025-12-10T10:12:37.815071Z[0m [34mDEBUG[0m [2mhyper::proto::h1::io[0m[2m:[0m flushed 172 bytes
[2m2025-12-10T10:12:37.815084Z[0m [34mDEBUG[0m [2methereum_transaction_pool_monitor::eth_client[0m[2m:[0m 📨 Received pending transaction: 0xd852a092b27930a5b21fa1a6b38001b46be9de8404833e94a56618d735384826
[2m2025-12-10T10:12:37.825549Z[0m [34mDEBUG[0m [2mhyper::proto::h1::io[0m[2m:[0m parsed 4 headers
[2m2025-12-10T10:12:37.825555Z[0m [34mDEBUG[0m [2mhyper::proto::h1::conn[0m[2m:[0m incoming body is content-length (775 bytes)
[2m2025-12-10T10:12:37.825562Z[0m [34mDEBUG[0m [2mhyper::proto::h1::conn[0m[2m:[0m incoming body completed
[2m2025-12-10T10:12:37.825570Z[0m [34mDEBUG[0m [2mhyper::client::pool[0m[2m:[0m pooling idle connection for ("http", 192.168.0.14:8545)
[2m2025-12-10T10:12:37.825576Z[0m [34mDEBUG[0m [2methereum_transaction_pool_monitor::eth_client[0m[2m:[0m 📡 Transaction fetch RPC completed in 10.60375ms
[2m2025-12-10T10:12:37.825591Z[0m [34mDEBUG[0m [2methereum_transaction_pool_monitor::eth_client[0m[2m:[0m DeFi transaction detected - Address: 0xdac17f958d2ee523a2206206994597c13d831ec7, Type: Stablecoin, Value: 0 ETH, Gas: 1.44 Gwei
[2m2025-12-10T10:12:37.825602Z[0m [34mDEBUG[0m [2methereum_transaction_pool_monitor::eth_client[0m[2m:[0m ✅ Transaction 0xb253b0f8111cff346514181232404cceb9127adf0b12b1f586ecdb979e063df8 fetched and parsed in 10.629709ms
[2m2025-12-10T10:12:37.825608Z[0m [34mDEBUG[0m [2methereum_transaction_pool_monitor::mempool_monitor[0m[2m:[0m 🔍 Skipping tx 0xb253b0f8111cff346514181232404cceb9127adf0b12b1f586ecdb979e063df8 - not a DEX interaction (target: 0xdAC17F958D2ee523a2206206994597C13D831ec7)
[2m2025-12-10T10:12:37.825614Z[0m [34mDEBUG[0m [2methereum_transaction_pool_monitor::mempool_monitor[0m[2m:[0m 📨 Processing new pending transaction: 0xed308ae3572b77f728ba4b5586524f1ac8116e6dd379fef835721116eb042a3b
[2m2025-12-10T10:12:37.825618Z[0m [34mDEBUG[0m [2methereum_transaction_pool_monitor::mempool_monitor[0m[2m:[0m 🔍 Fetching transaction details for: 0xed308ae3572b77f728ba4b5586524f1ac8116e6dd379fef835721116eb042a3b
[2m2025-12-10T10:12:37.825622Z[0m [34mDEBUG[0m [2methereum_transaction_pool_monitor::eth_client[0m[2m:[0m 🔍 Fetching transaction details for hash: 0xed308ae3572b77f728ba4b5586524f1ac8116e6dd379fef835721116eb042a3b
[2m2025-12-10T10:12:37.825629Z[0m [34mDEBUG[0m [2mhyper::client::pool[0m[2m:[0m reuse idle connection for ("http", 192.168.0.14:8545)
[2m2025-12-10T10:12:37.825641Z[0m [34mDEBUG[0m [2mhyper::proto::h1::io[0m[2m:[0m flushed 250 bytes
[2m2025-12-10T10:12:37.826488Z[0m [34mDEBUG[0m [2mhyper::proto::h1::io[0m[2m:[0m parsed 4 headers
[2m2025-12-10T10:12:37.826508Z[0m [34mDEBUG[0m [2mhyper::proto::h1::conn[0m[2m:[0m incoming body is content-length (45 bytes)
[2m2025-12-10T10:12:37.826529Z[0m [34mDEBUG[0m [2mhyper::proto::h1::conn[0m[2m:[0m incoming body completed
[2m2025-12-10T10:12:37.826546Z[0m [34mDEBUG[0m [2mhyper::client::pool[0m[2m:[0m pooling idle connection for ("http", 192.168.0.14:8545)
[2m2025-12-10T10:12:37.834787Z[0m [34mDEBUG[0m [2mhyper::proto::h1::io[0m[2m:[0m parsed 4 headers
[2m2025-12-10T10:12:37.834807Z[0m [34mDEBUG[0m [2mhyper::proto::h1::conn[0m[2m:[0m incoming body is content-length (650 bytes)
[2m2025-12-10T10:12:37.834825Z[0m [34mDEBUG[0m [2mhyper::proto::h1::conn[0m[2m:[0m incoming body completed
[2m2025-12-10T10:12:37.834844Z[0m [34mDEBUG[0m [2mhyper::client::pool[0m[2m:[0m pooling idle connection for ("http", 192.168.0.14:8545)
[2m2025-12-10T10:12:37.834850Z[0m [34mDEBUG[0m [2methereum_transaction_pool_monitor::eth_client[0m[2m:[0m 📡 Transaction fetch RPC completed in 9.224583ms
[2m2025-12-10T10:12:37.906500Z[0m [34mDEBUG[0m [2methereum_transaction_pool_monitor::eth_client[0m[2m:[0m ✅ Transaction 0xed308ae3572b77f728ba4b5586524f1ac8116e6dd379fef835721116eb042a3b fetched and parsed in 80.872208ms
[2m2025-12-10T10:12:37.906525Z[0m [34mDEBUG[0m [2methereum_transaction_pool_monitor::mempool_monitor[0m[2m:[0m 🔍 Skipping tx 0xed308ae3572b77f728ba4b5586524f1ac8116e6dd379fef835721116eb042a3b - not a DEX interaction (target: 0xeAC43B210d13497304b869cfc6FdB5645D3d100a)
[2m2025-12-10T10:12:37.906536Z[0m [34mDEBUG[0m [2methereum_transaction_pool_monitor::mempool_monitor[0m[2m:[0m 📨 Processing new pending transaction: 0xd852a092b27930a5b21fa1a6b38001b46be9de8404833e94a56618d735384826
[2m2025-12-10T10:12:37.906543Z[0m [34mDEBUG[0m [2methereum_transaction_pool_monitor::mempool_monitor[0m[2m:[0m 🔍 Fetching transaction details for: 0xd852a092b27930a5b21fa1a6b38001b46be9de8404833e94a56618d735384826
[2m2025-12-10T10:12:37.906549Z[0m [34mDEBUG[0m [2methereum_transaction_pool_monitor::eth_client[0m[2m:[0m 🔍 Fetching transaction details for hash: 0xd852a092b27930a5b21fa1a6b38001b46be9de8404833e94a56618d735384826
[2m2025-12-10T10:12:37.906565Z[0m [34mDEBUG[0m [2mhyper::client::pool[0m[2m:[0m reuse idle connection for ("http", 192.168.0.14:8545)
[2m2025-12-10T10:12:37.906608Z[0m [34mDEBUG[0m [2mhyper::proto::h1::io[0m[2m:[0m flushed 250 bytes
[2m2025-12-10T10:12:37.906635Z[0m [34mDEBUG[0m [2mhyper::client::pool[0m[2m:[0m reuse idle connection for ("http", 192.168.0.14:8545)
[2m2025-12-10T10:12:37.906650Z[0m [34mDEBUG[0m [2mhyper::proto::h1::io[0m[2m:[0m flushed 172 bytes
[2m2025-12-10T10:12:37.911473Z[0m [34mDEBUG[0m [2mhyper::proto::h1::io[0m[2m:[0m parsed 4 headers
[2m2025-12-10T10:12:37.911479Z[0m [34mDEBUG[0m [2mhyper::proto::h1::conn[0m[2m:[0m incoming body is content-length (45 bytes)
[2m2025-12-10T10:12:37.911487Z[0m [34mDEBUG[0m [2mhyper::proto::h1::conn[0m[2m:[0m incoming body completed
[2m2025-12-10T10:12:37.911494Z[0m [34mDEBUG[0m [2mhyper::client::pool[0m[2m:[0m pooling idle connection for ("http", 192.168.0.14:8545)
[2m2025-12-10T10:12:37.912431Z[0m [34mDEBUG[0m [2mhyper::proto::h1::io[0m[2m:[0m parsed 4 headers
[2m2025-12-10T10:12:37.912440Z[0m [34mDEBUG[0m [2mhyper::proto::h1::conn[0m[2m:[0m incoming body is content-length (768 bytes)
[2m2025-12-10T10:12:37.912445Z[0m [34mDEBUG[0m [2mhyper::proto::h1::conn[0m[2m:[0m incoming body completed
[2m2025-12-10T10:12:37.912454Z[0m [34mDEBUG[0m [2mhyper::client::pool[0m[2m:[0m pooling idle connection for ("http", 192.168.0.14:8545)
[2m2025-12-10T10:12:37.912459Z[0m [34mDEBUG[0m [2methereum_transaction_pool_monitor::eth_client[0m[2m:[0m 📡 Transaction fetch RPC completed in 5.906167ms
[2m2025-12-10T10:12:37.983825Z[0m [34mDEBUG[0m [2methereum_transaction_pool_monitor::eth_client[0m[2m:[0m ✅ Transaction 0xd852a092b27930a5b21fa1a6b38001b46be9de8404833e94a56618d735384826 fetched and parsed in 77.269542ms
[2m2025-12-10T10:12:37.983854Z[0m [34mDEBUG[0m [2methereum_transaction_pool_monitor::mempool_monitor[0m[2m:[0m 🔍 Skipping tx 0xd852a092b27930a5b21fa1a6b38001b46be9de8404833e94a56618d735384826 - not a DEX interaction (target: 0x9C7BEBa8F6eF6643aBd725e45a4E8387eF260649)
[2m2025-12-10T10:12:37.999251Z[0m [34mDEBUG[0m [2mhyper::client::pool[0m[2m:[0m reuse idle connection for ("http", 192.168.0.14:8545)
[2m2025-12-10T10:12:37.999320Z[0m [34mDEBUG[0m [2mhyper::proto::h1::io[0m[2m:[0m flushed 172 bytes
[2m2025-12-10T10:12:38.005579Z[0m [34mDEBUG[0m [2mhyper::proto::h1::io[0m[2m:[0m parsed 4 headers
[2m2025-12-10T10:12:38.005603Z[0m [34mDEBUG[0m [2mhyper::proto::h1::conn[0m[2m:[0m incoming body is content-length (45 bytes)
[2m2025-12-10T10:12:38.005628Z[0m [34mDEBUG[0m [2mhyper::proto::h1::conn[0m[2m:[0m incoming body completed
[2m2025-12-10T10:12:38.005655Z[0m [34mDEBUG[0m [2mhyper::client::pool[0m[2m:[0m pooling idle connection for ("http", 192.168.0.14:8545)
[2m2025-12-10T10:12:38.099548Z[0m [34mDEBUG[0m [2mhyper::client::pool[0m[2m:[0m reuse idle connection for ("http", 192.168.0.14:8545)
[2m2025-12-10T10:12:38.099603Z[0m [34mDEBUG[0m [2mhyper::proto::h1::io[0m[2m:[0m flushed 172 bytes
[2m2025-12-10T10:12:38.104055Z[0m [34mDEBUG[0m [2mhyper::proto::h1::io[0m[2m:[0m parsed 4 headers
[2m2025-12-10T10:12:38.104064Z[0m [34mDEBUG[0m [2mhyper::proto::h1::conn[0m[2m:[0m incoming body is content-length (45 bytes)
[2m2025-12-10T10:12:38.104073Z[0m [34mDEBUG[0m [2mhyper::proto::h1::conn[0m[2m:[0m incoming body completed
[2m2025-12-10T10:12:38.104083Z[0m [34mDEBUG[0m [2mhyper::client::pool[0m[2m:[0m pooling idle connection for ("http", 192.168.0.14:8545)
[2m2025-12-10T10:12:38.198565Z[0m [34mDEBUG[0m [2mhyper::client::pool[0m[2m:[0m reuse idle connection for ("http", 192.168.0.14:8545)
[2m2025-12-10T10:12:38.198601Z[0m [34mDEBUG[0m [2mhyper::proto::h1::io[0m[2m:[0m flushed 172 bytes
[2m2025-12-10T10:12:38.204211Z[0m [34mDEBUG[0m [2mhyper::proto::h1::io[0m[2m:[0m parsed 4 headers
[2m2025-12-10T10:12:38.204219Z[0m [34mDEBUG[0m [2mhyper::proto::h1::conn[0m[2m:[0m incoming body is content-length (45 bytes)
[2m2025-12-10T10:12:38.204228Z[0m [34mDEBUG[0m [2mhyper::proto::h1::conn[0m[2m:[0m incoming body completed
[2m2025-12-10T10:12:38.204237Z[0m [34mDEBUG[0m [2mhyper::client::pool[0m[2m:[0m pooling idle connection for ("http", 192.168.0.14:8545)
[2m2025-12-10T10:12:38.253573Z[0m [34mDEBUG[0m [2methereum_transaction_pool_monitor::eth_client[0m[2m:[0m 📨 Received WebSocket message: {"jsonrpc":"2.0","method":"eth_subscription","params":{"subscription":"0xbed0a0851463e895960a451075a301a9","result":"0x59af4791380d41fc9f1511c6ba2b44396dd28fe9bcd28d4bcfd51cc2fec3c200"}}
[2m2025-12-10T10:12:38.253593Z[0m [34mDEBUG[0m [2methereum_transaction_pool_monitor::eth_client[0m[2m:[0m 📨 Received pending transaction: 0x59af4791380d41fc9f1511c6ba2b44396dd28fe9bcd28d4bcfd51cc2fec3c200
[2m2025-12-10T10:12:38.253606Z[0m [34mDEBUG[0m [2methereum_transaction_pool_monitor::mempool_monitor[0m[2m:[0m 📨 Processing new pending transaction: 0x59af4791380d41fc9f1511c6ba2b44396dd28fe9bcd28d4bcfd51cc2fec3c200
[2m2025-12-10T10:12:38.253614Z[0m [34mDEBUG[0m [2methereum_transaction_pool_monitor::mempool_monitor[0m[2m:[0m 🔍 Fetching transaction details for: 0x59af4791380d41fc9f1511c6ba2b44396dd28fe9bcd28d4bcfd51cc2fec3c200
[2m2025-12-10T10:12:38.253622Z[0m [34mDEBUG[0m [2methereum_transaction_pool_monitor::eth_client[0m[2m:[0m 🔍 Fetching transaction details for hash: 0x59af4791380d41fc9f1511c6ba2b44396dd28fe9bcd28d4bcfd51cc2fec3c200
[2m2025-12-10T10:12:38.253639Z[0m [34mDEBUG[0m [2mhyper::client::pool[0m[2m:[0m reuse idle connection for ("http", 192.168.0.14:8545)
[2m2025-12-10T10:12:38.253664Z[0m [34mDEBUG[0m [2mhyper::proto::h1::io[0m[2m:[0m flushed 250 bytes
[2m2025-12-10T10:12:38.257943Z[0m [34mDEBUG[0m [2mhyper::proto::h1::io[0m[2m:[0m parsed 4 headers
[2m2025-12-10T10:12:38.257965Z[0m [34mDEBUG[0m [2mhyper::proto::h1::conn[0m[2m:[0m incoming body is content-length (780 bytes)
[2m2025-12-10T10:12:38.257986Z[0m [34mDEBUG[0m [2mhyper::proto::h1::conn[0m[2m:[0m incoming body completed
[2m2025-12-10T10:12:38.258005Z[0m [34mDEBUG[0m [2mhyper::client::pool[0m[2m:[0m pooling idle connection for ("http", 192.168.0.14:8545)
[2m2025-12-10T10:12:38.258011Z[0m [34mDEBUG[0m [2methereum_transaction_pool_monitor::eth_client[0m[2m:[0m 📡 Transaction fetch RPC completed in 4.381458ms
[2m2025-12-10T10:12:38.258034Z[0m [34mDEBUG[0m [2methereum_transaction_pool_monitor::eth_client[0m[2m:[0m DeFi transaction detected - Address: 0xdac17f958d2ee523a2206206994597c13d831ec7, Type: Stablecoin, Value: 0 ETH, Gas: 500.98 Gwei
[2m2025-12-10T10:12:38.258047Z[0m [34mDEBUG[0m [2methereum_transaction_pool_monitor::eth_client[0m[2m:[0m ✅ Transaction 0x59af4791380d41fc9f1511c6ba2b44396dd28fe9bcd28d4bcfd51cc2fec3c200 fetched and parsed in 4.417375ms
[2m2025-12-10T10:12:38.258053Z[0m [34mDEBUG[0m [2methereum_transaction_pool_monitor::mempool_monitor[0m[2m:[0m 🔍 Skipping tx 0x59af4791380d41fc9f1511c6ba2b44396dd28fe9bcd28d4bcfd51cc2fec3c200 - not a DEX interaction (target: 0xdAC17F958D2ee523a2206206994597C13D831ec7)
[2m2025-12-10T10:12:38.291133Z[0m [34mDEBUG[0m [2methereum_transaction_pool_monitor::eth_client[0m[2m:[0m 📨 Received WebSocket message: {"jsonrpc":"2.0","method":"eth_subscription","params":{"subscription":"0xbed0a0851463e895960a451075a301a9","result":"0xf55e68cfb653a368083a57ed74e8e3c4abf08ab8d9c3032b11f4514e9c7c705d"}}
[2m2025-12-10T10:12:38.291143Z[0m [34mDEBUG[0m [2methereum_transaction_pool_monitor::eth_client[0m[2m:[0m 📨 Received pending transaction: 0xf55e68cfb653a368083a57ed74e8e3c4abf08ab8d9c3032b11f4514e9c7c705d
[2m2025-12-10T10:12:38.291149Z[0m [34mDEBUG[0m [2methereum_transaction_pool_monitor::mempool_monitor[0m[2m:[0m 📨 Processing new pending transaction: 0xf55e68cfb653a368083a57ed74e8e3c4abf08ab8d9c3032b11f4514e9c7c705d
[2m2025-12-10T10:12:38.291154Z[0m [34mDEBUG[0m [2methereum_transaction_pool_monitor::mempool_monitor[0m[2m:[0m 🔍 Fetching transaction details for: 0xf55e68cfb653a368083a57ed74e8e3c4abf08ab8d9c3032b11f4514e9c7c705d
[2m2025-12-10T10:12:38.291158Z[0m [34mDEBUG[0m [2methereum_transaction_pool_monitor::eth_client[0m[2m:[0m 🔍 Fetching transaction details for hash: 0xf55e68cfb653a368083a57ed74e8e3c4abf08ab8d9c3032b11f4514e9c7c705d
[2m2025-12-10T10:12:38.291170Z[0m [34mDEBUG[0m [2mhyper::client::pool[0m[2m:[0m reuse idle connection for ("http", 192.168.0.14:8545)
[2m2025-12-10T10:12:38.291182Z[0m [34mDEBUG[0m [2mhyper::proto::h1::io[0m[2m:[0m flushed 250 bytes
[2m2025-12-10T10:12:38.298656Z[0m [34mDEBUG[0m [2mhyper::client::pool[0m[2m:[0m reuse idle connection for ("http", 192.168.0.14:8545)
[2m2025-12-10T10:12:38.298661Z[0m [34mDEBUG[0m [2mhyper::proto::h1::io[0m[2m:[0m parsed 4 headers
[2m2025-12-10T10:12:38.298670Z[0m [34mDEBUG[0m [2mhyper::proto::h1::conn[0m[2m:[0m incoming body is content-length (780 bytes)
[2m2025-12-10T10:12:38.298675Z[0m [34mDEBUG[0m [2mhyper::proto::h1::io[0m[2m:[0m flushed 172 bytes
[2m2025-12-10T10:12:38.298678Z[0m [34mDEBUG[0m [2mhyper::proto::h1::conn[0m[2m:[0m incoming body completed
[2m2025-12-10T10:12:38.298690Z[0m [34mDEBUG[0m [2mhyper::client::pool[0m[2m:[0m pooling idle connection for ("http", 192.168.0.14:8545)
[2m2025-12-10T10:12:38.298697Z[0m [34mDEBUG[0m [2methereum_transaction_pool_monitor::eth_client[0m[2m:[0m 📡 Transaction fetch RPC completed in 7.534417ms
[2m2025-12-10T10:12:38.298711Z[0m [34mDEBUG[0m [2methereum_transaction_pool_monitor::eth_client[0m[2m:[0m DeFi transaction detected - Address: 0xdac17f958d2ee523a2206206994597c13d831ec7, Type: Stablecoin, Value: 0 ETH, Gas: 500.98 Gwei
[2m2025-12-10T10:12:38.298725Z[0m [34mDEBUG[0m [2methereum_transaction_pool_monitor::eth_client[0m[2m:[0m ✅ Transaction 0xf55e68cfb653a368083a57ed74e8e3c4abf08ab8d9c3032b11f4514e9c7c705d fetched and parsed in 7.563209ms
[2m2025-12-10T10:12:38.298732Z[0m [34mDEBUG[0m [2methereum_transaction_pool_monitor::mempool_monitor[0m[2m:[0m 🔍 Skipping tx 0xf55e68cfb653a368083a57ed74e8e3c4abf08ab8d9c3032b11f4514e9c7c705d - not a DEX interaction (target: 0xdAC17F958D2ee523a2206206994597C13D831ec7)
[2m2025-12-10T10:12:38.303105Z[0m [34mDEBUG[0m [2mhyper::proto::h1::io[0m[2m:[0m parsed 4 headers
[2m2025-12-10T10:12:38.303128Z[0m [34mDEBUG[0m [2mhyper::proto::h1::conn[0m[2m:[0m incoming body is content-length (45 bytes)
[2m2025-12-10T10:12:38.303148Z[0m [34mDEBUG[0m [2mhyper::proto::h1::conn[0m[2m:[0m incoming body completed
[2m2025-12-10T10:12:38.303171Z[0m [34mDEBUG[0m [2mhyper::client::pool[0m[2m:[0m pooling idle connection for ("http", 192.168.0.14:8545)
[2m2025-12-10T10:12:38.351815Z[0m [34mDEBUG[0m [2methereum_transaction_pool_monitor::eth_client[0m[2m:[0m 📨 Received WebSocket message: {"jsonrpc":"2.0","method":"eth_subscription","params":{"subscription":"0xbed0a0851463e895960a451075a301a9","result":"0x7a00e6739a3ae6784e91cc1691c6ba31d4686f87836983f5f2829f37ab915040"}}
[2m2025-12-10T10:12:38.351831Z[0m [34mDEBUG[0m [2methereum_transaction_pool_monitor::eth_client[0m[2m:[0m 📨 Received pending transaction: 0x7a00e6739a3ae6784e91cc1691c6ba31d4686f87836983f5f2829f37ab915040
[2m2025-12-10T10:12:38.351843Z[0m [34mDEBUG[0m [2methereum_transaction_pool_monitor::mempool_monitor[0m[2m:[0m 📨 Processing new pending transaction: 0x7a00e6739a3ae6784e91cc1691c6ba31d4686f87836983f5f2829f37ab915040
[2m2025-12-10T10:12:38.351852Z[0m [34mDEBUG[0m [2methereum_transaction_pool_monitor::mempool_monitor[0m[2m:[0m 🔍 Fetching transaction details for: 0x7a00e6739a3ae6784e91cc1691c6ba31d4686f87836983f5f2829f37ab915040
[2m2025-12-10T10:12:38.351861Z[0m [34mDEBUG[0m [2methereum_transaction_pool_monitor::eth_client[0m[2m:[0m 🔍 Fetching transaction details for hash: 0x7a00e6739a3ae6784e91cc1691c6ba31d4686f87836983f5f2829f37ab915040
[2m2025-12-10T10:12:38.351877Z[0m [34mDEBUG[0m [2mhyper::client::pool[0m[2m:[0m reuse idle connection for ("http", 192.168.0.14:8545)
[2m2025-12-10T10:12:38.351899Z[0m [34mDEBUG[0m [2mhyper::proto::h1::io[0m[2m:[0m flushed 250 bytes
[2m2025-12-10T10:12:38.358068Z[0m [34mDEBUG[0m [2mhyper::proto::h1::io[0m[2m:[0m parsed 4 headers
[2m2025-12-10T10:12:38.358143Z[0m [34mDEBUG[0m [2mhyper::proto::h1::conn[0m[2m:[0m incoming body is content-length (1731 bytes)
[2m2025-12-10T10:12:38.358182Z[0m [34mDEBUG[0m [2mhyper::proto::h1::conn[0m[2m:[0m incoming body completed
[2m2025-12-10T10:12:38.358228Z[0m [34mDEBUG[0m [2mhyper::client::pool[0m[2m:[0m pooling idle connection for ("http", 192.168.0.14:8545)
[2m2025-12-10T10:12:38.358267Z[0m [34mDEBUG[0m [2methereum_transaction_pool_monitor::eth_client[0m[2m:[0m 📡 Transaction fetch RPC completed in 6.3975ms
[2m2025-12-10T10:12:38.459739Z[0m [34mDEBUG[0m [2methereum_transaction_pool_monitor::eth_client[0m[2m:[0m ✅ Transaction 0x7a00e6739a3ae6784e91cc1691c6ba31d4686f87836983f5f2829f37ab915040 fetched and parsed in 107.866958ms
[2m2025-12-10T10:12:38.459840Z[0m [34mDEBUG[0m [2methereum_transaction_pool_monitor::mempool_monitor[0m[2m:[0m 🔍 Skipping tx 0x7a00e6739a3ae6784e91cc1691c6ba31d4686f87836983f5f2829f37ab915040 - not a DEX interaction (target: 0x601a2aD6CB5949f0529735254189Ba3194221EDF)
[2m2025-12-10T10:12:38.459889Z[0m [34mDEBUG[0m [2mhyper::client::pool[0m[2m:[0m reuse idle connection for ("http", 192.168.0.14:8545)
[2m2025-12-10T10:12:38.459932Z[0m [34mDEBUG[0m [2mhyper::proto::h1::io[0m[2m:[0m flushed 172 bytes
[2m2025-12-10T10:12:38.465535Z[0m [34mDEBUG[0m [2mhyper::proto::h1::io[0m[2m:[0m parsed 4 headers
[2m2025-12-10T10:12:38.465551Z[0m [34mDEBUG[0m [2mhyper::proto::h1::conn[0m[2m:[0m incoming body is content-length (45 bytes)
[2m2025-12-10T10:12:38.465565Z[0m [34mDEBUG[0m [2mhyper::proto::h1::conn[0m[2m:[0m incoming body completed
[2m2025-12-10T10:12:38.465580Z[0m [34mDEBUG[0m [2mhyper::client::pool[0m[2m:[0m pooling idle connection for ("http", 192.168.0.14:8545)
[2m2025-12-10T10:12:38.478825Z[0m [34mDEBUG[0m [2methereum_transaction_pool_monitor::eth_client[0m[2m:[0m 📨 Received WebSocket message: {"jsonrpc":"2.0","method":"eth_subscription","params":{"subscription":"0xbed0a0851463e895960a451075a301a9","result":"0xe50e22ae81c8f42d5daade04e67aa6cff9b5938aae27f55ebd9348801c28cccc"}}
[2m2025-12-10T10:12:38.478851Z[0m [34mDEBUG[0m [2methereum_transaction_pool_monitor::eth_client[0m[2m:[0m 📨 Received pending transaction: 0xe50e22ae81c8f42d5daade04e67aa6cff9b5938aae27f55ebd9348801c28cccc
[2m2025-12-10T10:12:38.478861Z[0m [34mDEBUG[0m [2methereum_transaction_pool_monitor::mempool_monitor[0m[2m:[0m 📨 Processing new pending transaction: 0xe50e22ae81c8f42d5daade04e67aa6cff9b5938aae27f55ebd9348801c28cccc
[2m2025-12-10T10:12:38.478866Z[0m [34mDEBUG[0m [2methereum_transaction_pool_monitor::mempool_monitor[0m[2m:[0m 🔍 Fetching transaction details for: 0xe50e22ae81c8f42d5daade04e67aa6cff9b5938aae27f55ebd9348801c28cccc
[2m2025-12-10T10:12:38.478871Z[0m [34mDEBUG[0m [2methereum_transaction_pool_monitor::eth_client[0m[2m:[0m 🔍 Fetching transaction details for hash: 0xe50e22ae81c8f42d5daade04e67aa6cff9b5938aae27f55ebd9348801c28cccc
[2m2025-12-10T10:12:38.478890Z[0m [34mDEBUG[0m [2mhyper::client::pool[0m[2m:[0m reuse idle connection for ("http", 192.168.0.14:8545)
[2m2025-12-10T10:12:38.478911Z[0m [34mDEBUG[0m [2mhyper::proto::h1::io[0m[2m:[0m flushed 250 bytes
[2m2025-12-10T10:12:38.489855Z[0m [34mDEBUG[0m [2mhyper::proto::h1::io[0m[2m:[0m parsed 4 headers
[2m2025-12-10T10:12:38.489878Z[0m [34mDEBUG[0m [2mhyper::proto::h1::conn[0m[2m:[0m incoming body is content-length (772 bytes)
[2m2025-12-10T10:12:38.489889Z[0m [34mDEBUG[0m [2mhyper::proto::h1::conn[0m[2m:[0m incoming body completed
[2m2025-12-10T10:12:38.489898Z[0m [34mDEBUG[0m [2mhyper::client::pool[0m[2m:[0m pooling idle connection for ("http", 192.168.0.14:8545)
[2m2025-12-10T10:12:38.489906Z[0m [34mDEBUG[0m [2methereum_transaction_pool_monitor::eth_client[0m[2m:[0m 📡 Transaction fetch RPC completed in 11.03025ms
[2m2025-12-10T10:12:38.489922Z[0m [34mDEBUG[0m [2methereum_transaction_pool_monitor::eth_client[0m[2m:[0m DeFi transaction detected - Address: 0xdac17f958d2ee523a2206206994597c13d831ec7, Type: Stablecoin, Value: 0 ETH, Gas: 2.25 Gwei
[2m2025-12-10T10:12:38.489934Z[0m [34mDEBUG[0m [2methereum_transaction_pool_monitor::eth_client[0m[2m:[0m ✅ Transaction 0xe50e22ae81c8f42d5daade04e67aa6cff9b5938aae27f55ebd9348801c28cccc fetched and parsed in 11.058917ms
[2m2025-12-10T10:12:38.489941Z[0m [34mDEBUG[0m [2methereum_transaction_pool_monitor::mempool_monitor[0m[2m:[0m 🔍 Skipping tx 0xe50e22ae81c8f42d5daade04e67aa6cff9b5938aae27f55ebd9348801c28cccc - not a DEX interaction (target: 0xdAC17F958D2ee523a2206206994597C13D831ec7)
[2m2025-12-10T10:12:38.500027Z[0m [34mDEBUG[0m [2mhyper::client::pool[0m[2m:[0m reuse idle connection for ("http", 192.168.0.14:8545)
[2m2025-12-10T10:12:38.500103Z[0m [34mDEBUG[0m [2mhyper::proto::h1::io[0m[2m:[0m flushed 172 bytes
[2m2025-12-10T10:12:38.504456Z[0m [34mDEBUG[0m [2mhyper::proto::h1::io[0m[2m:[0m parsed 4 headers
[2m2025-12-10T10:12:38.504468Z[0m [34mDEBUG[0m [2mhyper::proto::h1::conn[0m[2m:[0m incoming body is content-length (45 bytes)
[2m2025-12-10T10:12:38.504477Z[0m [34mDEBUG[0m [2mhyper::proto::h1::conn[0m[2m:[0m incoming body completed
[2m2025-12-10T10:12:38.504488Z[0m [34mDEBUG[0m [2mhyper::client::pool[0m[2m:[0m pooling idle connection for ("http", 192.168.0.14:8545)
[2m2025-12-10T10:12:38.526198Z[0m [34mDEBUG[0m [2methereum_transaction_pool_monitor::eth_client[0m[2m:[0m 📨 Received WebSocket message: {"jsonrpc":"2.0","method":"eth_subscription","params":{"subscription":"0xbed0a0851463e895960a451075a301a9","result":"0x61494076e17f3b144cdaa65662fc54ddcb9b0f93b74d09f0087d53113af09a40"}}
[2m2025-12-10T10:12:38.526212Z[0m [34mDEBUG[0m [2methereum_transaction_pool_monitor::eth_client[0m[2m:[0m 📨 Received pending transaction: 0x61494076e17f3b144cdaa65662fc54ddcb9b0f93b74d09f0087d53113af09a40
[2m2025-12-10T10:12:38.526446Z[0m [34mDEBUG[0m [2methereum_transaction_pool_monitor::mempool_monitor[0m[2m:[0m 📨 Processing new pending transaction: 0x61494076e17f3b144cdaa65662fc54ddcb9b0f93b74d09f0087d53113af09a40
[2m2025-12-10T10:12:38.526453Z[0m [34mDEBUG[0m [2methereum_transaction_pool_monitor::mempool_monitor[0m[2m:[0m 🔍 Fetching transaction details for: 0x61494076e17f3b144cdaa65662fc54ddcb9b0f93b74d09f0087d53113af09a40
[2m2025-12-10T10:12:38.526458Z[0m [34mDEBUG[0m [2methereum_transaction_pool_monitor::eth_client[0m[2m:[0m 🔍 Fetching transaction details for hash: 0x61494076e17f3b144cdaa65662fc54ddcb9b0f93b74d09f0087d53113af09a40
[2m2025-12-10T10:12:38.526475Z[0m [34mDEBUG[0m [2mhyper::client::pool[0m[2m:[0m reuse idle connection for ("http", 192.168.0.14:8545)
[2m2025-12-10T10:12:38.526495Z[0m [34mDEBUG[0m [2mhyper::proto::h1::io[0m[2m:[0m flushed 250 bytes
[2m2025-12-10T10:12:38.535063Z[0m [34mDEBUG[0m [2mhyper::proto::h1::io[0m[2m:[0m parsed 4 headers
[2m2025-12-10T10:12:38.535081Z[0m [34mDEBUG[0m [2mhyper::proto::h1::conn[0m[2m:[0m incoming body is content-length (10623 bytes)
[2m2025-12-10T10:12:38.535102Z[0m [34mDEBUG[0m [2methereum_transaction_pool_monitor::eth_client[0m[2m:[0m 📡 Transaction fetch RPC completed in 8.638375ms
[2m2025-12-10T10:12:38.535124Z[0m [34mDEBUG[0m [2mhyper::proto::h1::conn[0m[2m:[0m incoming body completed
[2m2025-12-10T10:12:38.535134Z[0m [34mDEBUG[0m [2mhyper::client::pool[0m[2m:[0m pooling idle connection for ("http", 192.168.0.14:8545)
[2m2025-12-10T10:12:38.560229Z[0m [34mDEBUG[0m [2methereum_transaction_pool_monitor::eth_client[0m[2m:[0m 📨 Received WebSocket message: {"jsonrpc":"2.0","method":"eth_subscription","params":{"subscription":"0xbed0a0851463e895960a451075a301a9","result":"0xc838066ac313a132533b5d44f4cb21c603ef8034e9b490d491bdf5239d6a8dec"}}
[2m2025-12-10T10:12:38.560302Z[0m [34mDEBUG[0m [2methereum_transaction_pool_monitor::eth_client[0m[2m:[0m 📨 Received pending transaction: 0xc838066ac313a132533b5d44f4cb21c603ef8034e9b490d491bdf5239d6a8dec
[2m2025-12-10T10:12:38.588037Z[0m [34mDEBUG[0m [2methereum_transaction_pool_monitor::eth_client[0m[2m:[0m 📨 Received WebSocket message: {"jsonrpc":"2.0","method":"eth_subscription","params":{"subscription":"0xbed0a0851463e895960a451075a301a9","result":"0x1c98782ba22ffcb65cbdecf79b865e3b9ddded2382e375054ef4d09c6cad3669"}}
[2m2025-12-10T10:12:38.588065Z[0m [34mDEBUG[0m [2methereum_transaction_pool_monitor::eth_client[0m[2m:[0m 📨 Received pending transaction: 0x1c98782ba22ffcb65cbdecf79b865e3b9ddded2382e375054ef4d09c6cad3669
[2m2025-12-10T10:12:38.588072Z[0m [34mDEBUG[0m [2methereum_transaction_pool_monitor::eth_client[0m[2m:[0m 📨 Received WebSocket message: {"jsonrpc":"2.0","method":"eth_subscription","params":{"subscription":"0xbed0a0851463e895960a451075a301a9","result":"0x831d732a95d50de03fe293486a76697a354780a99b977dbedec223f8f550ed96"}}
[2m2025-12-10T10:12:38.588077Z[0m [34mDEBUG[0m [2methereum_transaction_pool_monitor::eth_client[0m[2m:[0m 📨 Received pending transaction: 0x831d732a95d50de03fe293486a76697a354780a99b977dbedec223f8f550ed96
[2m2025-12-10T10:12:38.598875Z[0m [34mDEBUG[0m [2mhyper::client::pool[0m[2m:[0m reuse idle connection for ("http", 192.168.0.14:8545)
[2m2025-12-10T10:12:38.598946Z[0m [34mDEBUG[0m [2mhyper::proto::h1::io[0m[2m:[0m flushed 172 bytes
[2m2025-12-10T10:12:38.602379Z[0m [34mDEBUG[0m [2mhyper::proto::h1::io[0m[2m:[0m parsed 4 headers
[2m2025-12-10T10:12:38.602385Z[0m [34mDEBUG[0m [2mhyper::proto::h1::conn[0m[2m:[0m incoming body is content-length (45 bytes)
[2m2025-12-10T10:12:38.602393Z[0m [34mDEBUG[0m [2mhyper::proto::h1::conn[0m[2m:[0m incoming body completed
[2m2025-12-10T10:12:38.602401Z[0m [34mDEBUG[0m [2mhyper::client::pool[0m[2m:[0m pooling idle connection for ("http", 192.168.0.14:8545)
[2m2025-12-10T10:12:38.613561Z[0m [34mDEBUG[0m [2methereum_transaction_pool_monitor::eth_client[0m[2m:[0m ✅ Transaction 0x61494076e17f3b144cdaa65662fc54ddcb9b0f93b74d09f0087d53113af09a40 fetched and parsed in 87.095541ms
[2m2025-12-10T10:12:38.613584Z[0m [34mDEBUG[0m [2methereum_transaction_pool_monitor::mempool_monitor[0m[2m:[0m 🔍 Skipping tx 0x61494076e17f3b144cdaa65662fc54ddcb9b0f93b74d09f0087d53113af09a40 - not a DEX interaction (target: 0x618892aE551eB5bB2DE8911057b3714274b5FFe1)
[2m2025-12-10T10:12:38.613594Z[0m [34mDEBUG[0m [2methereum_transaction_pool_monitor::mempool_monitor[0m[2m:[0m 📨 Processing new pending transaction: 0xc838066ac313a132533b5d44f4cb21c603ef8034e9b490d491bdf5239d6a8dec
[2m2025-12-10T10:12:38.613601Z[0m [34mDEBUG[0m [2methereum_transaction_pool_monitor::mempool_monitor[0m[2m:[0m 🔍 Fetching transaction details for: 0xc838066ac313a132533b5d44f4cb21c603ef8034e9b490d491bdf5239d6a8dec
[2m2025-12-10T10:12:38.613606Z[0m [34mDEBUG[0m [2methereum_transaction_pool_monitor::eth_client[0m[2m:[0m 🔍 Fetching transaction details for hash: 0xc838066ac313a132533b5d44f4cb21c603ef8034e9b490d491bdf5239d6a8dec
[2m2025-12-10T10:12:38.613624Z[0m [34mDEBUG[0m [2mhyper::client::pool[0m[2m:[0m reuse idle connection for ("http", 192.168.0.14:8545)
[2m2025-12-10T10:12:38.613668Z[0m [34mDEBUG[0m [2mhyper::proto::h1::io[0m[2m:[0m flushed 250 bytes
[2m2025-12-10T10:12:38.618605Z[0m [34mDEBUG[0m [2mhyper::proto::h1::io[0m[2m:[0m parsed 4 headers
[2m2025-12-10T10:12:38.618617Z[0m [34mDEBUG[0m [2mhyper::proto::h1::conn[0m[2m:[0m incoming body is content-length (648 bytes)
[2m2025-12-10T10:12:38.618624Z[0m [34mDEBUG[0m [2mhyper::proto::h1::conn[0m[2m:[0m incoming body completed
[2m2025-12-10T10:12:38.618634Z[0m [34mDEBUG[0m [2mhyper::client::pool[0m[2m:[0m pooling idle connection for ("http", 192.168.0.14:8545)
[2m2025-12-10T10:12:38.618641Z[0m [34mDEBUG[0m [2methereum_transaction_pool_monitor::eth_client[0m[2m:[0m 📡 Transaction fetch RPC completed in 5.02925ms
[2m2025-12-10T10:12:38.689861Z[0m [34mDEBUG[0m [2methereum_transaction_pool_monitor::eth_client[0m[2m:[0m ✅ Transaction 0xc838066ac313a132533b5d44f4cb21c603ef8034e9b490d491bdf5239d6a8dec fetched and parsed in 76.24725ms
[2m2025-12-10T10:12:38.689889Z[0m [34mDEBUG[0m [2methereum_transaction_pool_monitor::mempool_monitor[0m[2m:[0m 🔍 Skipping tx 0xc838066ac313a132533b5d44f4cb21c603ef8034e9b490d491bdf5239d6a8dec - not a DEX interaction (target: 0x3b0Ce9930181A69C20617E2dA6f7777Daeba23F2)
[2m2025-12-10T10:12:38.689909Z[0m [34mDEBUG[0m [2methereum_transaction_pool_monitor::mempool_monitor[0m[2m:[0m 📨 Processing new pending transaction: 0x1c98782ba22ffcb65cbdecf79b865e3b9ddded2382e375054ef4d09c6cad3669
[2m2025-12-10T10:12:38.689918Z[0m [34mDEBUG[0m [2methereum_transaction_pool_monitor::mempool_monitor[0m[2m:[0m 🔍 Fetching transaction details for: 0x1c98782ba22ffcb65cbdecf79b865e3b9ddded2382e375054ef4d09c6cad3669
[2m2025-12-10T10:12:38.689924Z[0m [34mDEBUG[0m [2methereum_transaction_pool_monitor::eth_client[0m[2m:[0m 🔍 Fetching transaction details for hash: 0x1c98782ba22ffcb65cbdecf79b865e3b9ddded2382e375054ef4d09c6cad3669
[2m2025-12-10T10:12:38.689942Z[0m [34mDEBUG[0m [2mhyper::client::pool[0m[2m:[0m reuse idle connection for ("http", 192.168.0.14:8545)
[2m2025-12-10T10:12:38.689975Z[0m [34mDEBUG[0m [2mhyper::proto::h1::io[0m[2m:[0m flushed 250 bytes
[2m2025-12-10T10:12:38.696495Z[0m [34mDEBUG[0m [2mhyper::proto::h1::io[0m[2m:[0m parsed 4 headers
[2m2025-12-10T10:12:38.696507Z[0m [34mDEBUG[0m [2mhyper::proto::h1::conn[0m[2m:[0m incoming body is content-length (780 bytes)
[2m2025-12-10T10:12:38.696516Z[0m [34mDEBUG[0m [2mhyper::proto::h1::conn[0m[2m:[0m incoming body completed
[2m2025-12-10T10:12:38.696527Z[0m [34mDEBUG[0m [2mhyper::client::pool[0m[2m:[0m pooling idle connection for ("http", 192.168.0.14:8545)
[2m2025-12-10T10:12:38.696535Z[0m [34mDEBUG[0m [2methereum_transaction_pool_monitor::eth_client[0m[2m:[0m 📡 Transaction fetch RPC completed in 6.605ms
[2m2025-12-10T10:12:38.696552Z[0m [34mDEBUG[0m [2methereum_transaction_pool_monitor::eth_client[0m[2m:[0m DeFi transaction detected - Address: 0xdac17f958d2ee523a2206206994597c13d831ec7, Type: Stablecoin, Value: 0 ETH, Gas: 500.98 Gwei
[2m2025-12-10T10:12:38.696567Z[0m [34mDEBUG[0m [2methereum_transaction_pool_monitor::eth_client[0m[2m:[0m ✅ Transaction 0x1c98782ba22ffcb65cbdecf79b865e3b9ddded2382e375054ef4d09c6cad3669 fetched and parsed in 6.637166ms
[2m2025-12-10T10:12:38.696574Z[0m [34mDEBUG[0m [2methereum_transaction_pool_monitor::mempool_monitor[0m[2m:[0m 🔍 Skipping tx 0x1c98782ba22ffcb65cbdecf79b865e3b9ddded2382e375054ef4d09c6cad3669 - not a DEX interaction (target: 0xdAC17F958D2ee523a2206206994597C13D831ec7)
[2m2025-12-10T10:12:38.696583Z[0m [34mDEBUG[0m [2methereum_transaction_pool_monitor::mempool_monitor[0m[2m:[0m 📨 Processing new pending transaction: 0x831d732a95d50de03fe293486a76697a354780a99b977dbedec223f8f550ed96
[2m2025-12-10T10:12:38.696590Z[0m [34mDEBUG[0m [2methereum_transaction_pool_monitor::mempool_monitor[0m[2m:[0m 🔍 Fetching transaction details for: 0x831d732a95d50de03fe293486a76697a354780a99b977dbedec223f8f550ed96
[2m2025-12-10T10:12:38.696594Z[0m [34mDEBUG[0m [2methereum_transaction_pool_monitor::eth_client[0m[2m:[0m 🔍 Fetching transaction details for hash: 0x831d732a95d50de03fe293486a76697a354780a99b977dbedec223f8f550ed96
[2m2025-12-10T10:12:38.696606Z[0m [34mDEBUG[0m [2mhyper::client::pool[0m[2m:[0m reuse idle connection for ("http", 192.168.0.14:8545)
[2m2025-12-10T10:12:38.696622Z[0m [34mDEBUG[0m [2mhyper::proto::h1::io[0m[2m:[0m flushed 250 bytes
[2m2025-12-10T10:12:38.697897Z[0m [34mDEBUG[0m [2mhyper::client::pool[0m[2m:[0m reuse idle connection for ("http", 192.168.0.14:8545)
[2m2025-12-10T10:12:38.697924Z[0m [34mDEBUG[0m [2mhyper::proto::h1::io[0m[2m:[0m flushed 172 bytes
[2m2025-12-10T10:12:38.702327Z[0m [34mDEBUG[0m [2mhyper::proto::h1::io[0m[2m:[0m parsed 4 headers
[2m2025-12-10T10:12:38.702335Z[0m [34mDEBUG[0m [2mhyper::proto::h1::conn[0m[2m:[0m incoming body is content-length (780 bytes)
[2m2025-12-10T10:12:38.702341Z[0m [34mDEBUG[0m [2mhyper::proto::h1::conn[0m[2m:[0m incoming body completed
[2m2025-12-10T10:12:38.702347Z[0m [34mDEBUG[0m [2mhyper::client::pool[0m[2m:[0m pooling idle connection for ("http", 192.168.0.14:8545)
[2m2025-12-10T10:12:38.702353Z[0m [34mDEBUG[0m [2methereum_transaction_pool_monitor::eth_client[0m[2m:[0m 📡 Transaction fetch RPC completed in 5.754875ms
[2m2025-12-10T10:12:38.702365Z[0m [34mDEBUG[0m [2methereum_transaction_pool_monitor::eth_client[0m[2m:[0m DeFi transaction detected - Address: 0xdac17f958d2ee523a2206206994597c13d831ec7, Type: Stablecoin, Value: 0 ETH, Gas: 500.98 Gwei
[2m2025-12-10T10:12:38.702375Z[0m [34mDEBUG[0m [2methereum_transaction_pool_monitor::eth_client[0m[2m:[0m ✅ Transaction 0x831d732a95d50de03fe293486a76697a354780a99b977dbedec223f8f550ed96 fetched and parsed in 5.777458ms
[2m2025-12-10T10:12:38.702381Z[0m [34mDEBUG[0m [2methereum_transaction_pool_monitor::mempool_monitor[0m[2m:[0m 🔍 Skipping tx 0x831d732a95d50de03fe293486a76697a354780a99b977dbedec223f8f550ed96 - not a DEX interaction (target: 0xdAC17F958D2ee523a2206206994597C13D831ec7)
[2m2025-12-10T10:12:38.702396Z[0m [34mDEBUG[0m [2mhyper::proto::h1::io[0m[2m:[0m parsed 4 headers
[2m2025-12-10T10:12:38.702400Z[0m [34mDEBUG[0m [2mhyper::proto::h1::conn[0m[2m:[0m incoming body is content-length (45 bytes)
[2m2025-12-10T10:12:38.702404Z[0m [34mDEBUG[0m [2mhyper::proto::h1::conn[0m[2m:[0m incoming body completed
[2m2025-12-10T10:12:38.702410Z[0m [34mDEBUG[0m [2mhyper::client::pool[0m[2m:[0m pooling idle connection for ("http", 192.168.0.14:8545)
[2m2025-12-10T10:12:38.800468Z[0m [34mDEBUG[0m [2mhyper::client::pool[0m[2m:[0m reuse idle connection for ("http", 192.168.0.14:8545)
[2m2025-12-10T10:12:38.800512Z[0m [34mDEBUG[0m [2mhyper::proto::h1::io[0m[2m:[0m flushed 172 bytes
[2m2025-12-10T10:12:38.803616Z[0m [34mDEBUG[0m [2mhyper::proto::h1::io[0m[2m:[0m parsed 4 headers
[2m2025-12-10T10:12:38.803626Z[0m [34mDEBUG[0m [2mhyper::proto::h1::conn[0m[2m:[0m incoming body is content-length (45 bytes)
[2m2025-12-10T10:12:38.803633Z[0m [34mDEBUG[0m [2mhyper::proto::h1::conn[0m[2m:[0m incoming body completed
[2m2025-12-10T10:12:38.803640Z[0m [34mDEBUG[0m [2mhyper::client::pool[0m[2m:[0m pooling idle connection for ("http", 192.168.0.14:8545)
[2m2025-12-10T10:12:38.854758Z[0m [34mDEBUG[0m [2methereum_transaction_pool_monitor::eth_client[0m[2m:[0m 📨 Received WebSocket message: {"jsonrpc":"2.0","method":"eth_subscription","params":{"subscription":"0xbed0a0851463e895960a451075a301a9","result":"0x8456935c1757e345969273fc3589a61d0f9d119fa7f92b699da38feead61a5c0"}}
[2m2025-12-10T10:12:38.854834Z[0m [34mDEBUG[0m [2methereum_transaction_pool_monitor::eth_client[0m[2m:[0m 📨 Received pending transaction: 0x8456935c1757e345969273fc3589a61d0f9d119fa7f92b699da38feead61a5c0
[2m2025-12-10T10:12:38.854843Z[0m [34mDEBUG[0m [2methereum_transaction_pool_monitor::mempool_monitor[0m[2m:[0m 📨 Processing new pending transaction: 0x8456935c1757e345969273fc3589a61d0f9d119fa7f92b699da38feead61a5c0
[2m2025-12-10T10:12:38.854847Z[0m [34mDEBUG[0m [2methereum_transaction_pool_monitor::mempool_monitor[0m[2m:[0m 🔍 Fetching transaction details for: 0x8456935c1757e345969273fc3589a61d0f9d119fa7f92b699da38feead61a5c0
[2m2025-12-10T10:12:38.854852Z[0m [34mDEBUG[0m [2methereum_transaction_pool_monitor::eth_client[0m[2m:[0m 🔍 Fetching transaction details for hash: 0x8456935c1757e345969273fc3589a61d0f9d119fa7f92b699da38feead61a5c0
[2m2025-12-10T10:12:38.854867Z[0m [34mDEBUG[0m [2mhyper::client::pool[0m[2m:[0m reuse idle connection for ("http", 192.168.0.14:8545)
[2m2025-12-10T10:12:38.854887Z[0m [34mDEBUG[0m [2mhyper::proto::h1::io[0m[2m:[0m flushed 250 bytes
[2m2025-12-10T10:12:38.865160Z[0m [34mDEBUG[0m [2mhyper::proto::h1::io[0m[2m:[0m parsed 4 headers
[2m2025-12-10T10:12:38.865272Z[0m [34mDEBUG[0m [2mhyper::proto::h1::conn[0m[2m:[0m incoming body is content-length (905 bytes)
[2m2025-12-10T10:12:38.865312Z[0m [34mDEBUG[0m [2mhyper::proto::h1::conn[0m[2m:[0m incoming body completed
[2m2025-12-10T10:12:38.865360Z[0m [34mDEBUG[0m [2mhyper::client::pool[0m[2m:[0m pooling idle connection for ("http", 192.168.0.14:8545)
[2m2025-12-10T10:12:38.865390Z[0m [34mDEBUG[0m [2methereum_transaction_pool_monitor::eth_client[0m[2m:[0m 📡 Transaction fetch RPC completed in 10.533959ms
[2m2025-12-10T10:12:38.941795Z[0m [34mDEBUG[0m [2methereum_transaction_pool_monitor::eth_client[0m[2m:[0m ✅ Transaction 0x8456935c1757e345969273fc3589a61d0f9d119fa7f92b699da38feead61a5c0 fetched and parsed in 86.936209ms
[2m2025-12-10T10:12:38.941825Z[0m [34mDEBUG[0m [2methereum_transaction_pool_monitor::mempool_monitor[0m[2m:[0m 🔍 Skipping tx 0x8456935c1757e345969273fc3589a61d0f9d119fa7f92b699da38feead61a5c0 - not a DEX interaction (target: 0xFf00000000000000000000000000000000008453)
[2m2025-12-10T10:12:38.941895Z[0m [34mDEBUG[0m [2mhyper::client::pool[0m[2m:[0m reuse idle connection for ("http", 192.168.0.14:8545)
[2m2025-12-10T10:12:38.941918Z[0m [34mDEBUG[0m [2mhyper::proto::h1::io[0m[2m:[0m flushed 172 bytes
[2m2025-12-10T10:12:38.945696Z[0m [34mDEBUG[0m [2mhyper::proto::h1::io[0m[2m:[0m parsed 4 headers
[2m2025-12-10T10:12:38.945704Z[0m [34mDEBUG[0m [2mhyper::proto::h1::conn[0m[2m:[0m incoming body is content-length (45 bytes)
[2m2025-12-10T10:12:38.945713Z[0m [34mDEBUG[0m [2mhyper::proto::h1::conn[0m[2m:[0m incoming body completed
[2m2025-12-10T10:12:38.945721Z[0m [34mDEBUG[0m [2mhyper::client::pool[0m[2m:[0m pooling idle connection for ("http", 192.168.0.14:8545)
[2m2025-12-10T10:12:38.982482Z[0m [34mDEBUG[0m [2methereum_transaction_pool_monitor::eth_client[0m[2m:[0m 📨 Received WebSocket message: {"jsonrpc":"2.0","method":"eth_subscription","params":{"subscription":"0xbed0a0851463e895960a451075a301a9","result":"0x334c9547a5bf8f31f79e2f1e60ab5963e48b91aa36477818f8acdcb2d41f0ce6"}}
[2m2025-12-10T10:12:38.982592Z[0m [34mDEBUG[0m [2methereum_transaction_pool_monitor::eth_client[0m[2m:[0m 📨 Received pending transaction: 0x334c9547a5bf8f31f79e2f1e60ab5963e48b91aa36477818f8acdcb2d41f0ce6
[2m2025-12-10T10:12:38.982605Z[0m [34mDEBUG[0m [2methereum_transaction_pool_monitor::mempool_monitor[0m[2m:[0m 📨 Processing new pending transaction: 0x334c9547a5bf8f31f79e2f1e60ab5963e48b91aa36477818f8acdcb2d41f0ce6
[2m2025-12-10T10:12:38.982611Z[0m [34mDEBUG[0m [2methereum_transaction_pool_monitor::mempool_monitor[0m[2m:[0m 🔍 Fetching transaction details for: 0x334c9547a5bf8f31f79e2f1e60ab5963e48b91aa36477818f8acdcb2d41f0ce6
[2m2025-12-10T10:12:38.982616Z[0m [34mDEBUG[0m [2methereum_transaction_pool_monitor::eth_client[0m[2m:[0m 🔍 Fetching transaction details for hash: 0x334c9547a5bf8f31f79e2f1e60ab5963e48b91aa36477818f8acdcb2d41f0ce6
[2m2025-12-10T10:12:38.982631Z[0m [34mDEBUG[0m [2mhyper::client::pool[0m[2m:[0m reuse idle connection for ("http", 192.168.0.14:8545)
[2m2025-12-10T10:12:38.982650Z[0m [34mDEBUG[0m [2mhyper::proto::h1::io[0m[2m:[0m flushed 250 bytes
[2m2025-12-10T10:12:38.992489Z[0m [34mDEBUG[0m [2mhyper::proto::h1::io[0m[2m:[0m parsed 4 headers
[2m2025-12-10T10:12:38.992495Z[0m [34mDEBUG[0m [2mhyper::proto::h1::conn[0m[2m:[0m incoming body is content-length (1731 bytes)
[2m2025-12-10T10:12:38.992507Z[0m [34mDEBUG[0m [2methereum_transaction_pool_monitor::eth_client[0m[2m:[0m 📡 Transaction fetch RPC completed in 9.887625ms
[2m2025-12-10T10:12:38.993172Z[0m [34mDEBUG[0m [2mhyper::proto::h1::conn[0m[2m:[0m incoming body completed
[2m2025-12-10T10:12:38.993181Z[0m [34mDEBUG[0m [2mhyper::client::pool[0m[2m:[0m pooling idle connection for ("http", 192.168.0.14:8545)
[2m2025-12-10T10:12:38.999490Z[0m [34mDEBUG[0m [2mhyper::client::pool[0m[2m:[0m reuse idle connection for ("http", 192.168.0.14:8545)
[2m2025-12-10T10:12:38.999534Z[0m [34mDEBUG[0m [2mhyper::proto::h1::io[0m[2m:[0m flushed 172 bytes
[2m2025-12-10T10:12:39.002620Z[0m [34mDEBUG[0m [2mhyper::proto::h1::io[0m[2m:[0m parsed 4 headers
[2m2025-12-10T10:12:39.002633Z[0m [34mDEBUG[0m [2mhyper::proto::h1::conn[0m[2m:[0m incoming body is content-length (45 bytes)
[2m2025-12-10T10:12:39.002642Z[0m [34mDEBUG[0m [2mhyper::proto::h1::conn[0m[2m:[0m incoming body completed
[2m2025-12-10T10:12:39.002652Z[0m [34mDEBUG[0m [2mhyper::client::pool[0m[2m:[0m pooling idle connection for ("http", 192.168.0.14:8545)
[2m2025-12-10T10:12:39.053999Z[0m [34mDEBUG[0m [2methereum_transaction_pool_monitor::eth_client[0m[2m:[0m 📨 Received WebSocket message: {"jsonrpc":"2.0","method":"eth_subscription","params":{"subscription":"0xbed0a0851463e895960a451075a301a9","result":"0xf0251daea9bc2147f1c81df605b2cd6bb146d878bbccea3187f8ac05b44fd408"}}
[2m2025-12-10T10:12:39.054026Z[0m [34mDEBUG[0m [2methereum_transaction_pool_monitor::eth_client[0m[2m:[0m 📨 Received pending transaction: 0xf0251daea9bc2147f1c81df605b2cd6bb146d878bbccea3187f8ac05b44fd408
[2m2025-12-10T10:12:39.066428Z[0m [34mDEBUG[0m [2methereum_transaction_pool_monitor::eth_client[0m[2m:[0m ✅ Transaction 0x334c9547a5bf8f31f79e2f1e60ab5963e48b91aa36477818f8acdcb2d41f0ce6 fetched and parsed in 83.807209ms
[2m2025-12-10T10:12:39.066452Z[0m [34mDEBUG[0m [2methereum_transaction_pool_monitor::mempool_monitor[0m[2m:[0m 🔍 Skipping tx 0x334c9547a5bf8f31f79e2f1e60ab5963e48b91aa36477818f8acdcb2d41f0ce6 - not a DEX interaction (target: 0x601a2aD6CB5949f0529735254189Ba3194221EDF)
[2m2025-12-10T10:12:39.066463Z[0m [34mDEBUG[0m [2methereum_transaction_pool_monitor::mempool_monitor[0m[2m:[0m 📨 Processing new pending transaction: 0xf0251daea9bc2147f1c81df605b2cd6bb146d878bbccea3187f8ac05b44fd408
[2m2025-12-10T10:12:39.066468Z[0m [34mDEBUG[0m [2methereum_transaction_pool_monitor::mempool_monitor[0m[2m:[0m 🔍 Fetching transaction details for: 0xf0251daea9bc2147f1c81df605b2cd6bb146d878bbccea3187f8ac05b44fd408
[2m2025-12-10T10:12:39.066472Z[0m [34mDEBUG[0m [2methereum_transaction_pool_monitor::eth_client[0m[2m:[0m 🔍 Fetching transaction details for hash: 0xf0251daea9bc2147f1c81df605b2cd6bb146d878bbccea3187f8ac05b44fd408
[2m2025-12-10T10:12:39.066490Z[0m [34mDEBUG[0m [2mhyper::client::pool[0m[2m:[0m reuse idle connection for ("http", 192.168.0.14:8545)
[2m2025-12-10T10:12:39.066513Z[0m [34mDEBUG[0m [2mhyper::proto::h1::io[0m[2m:[0m flushed 250 bytes
[2m2025-12-10T10:12:39.073854Z[0m [34mDEBUG[0m [2mhyper::proto::h1::io[0m[2m:[0m parsed 4 headers
[2m2025-12-10T10:12:39.075201Z[0m [34mDEBUG[0m [2mhyper::proto::h1::conn[0m[2m:[0m incoming body is content-length (780 bytes)
[2m2025-12-10T10:12:39.075218Z[0m [34mDEBUG[0m [2mhyper::proto::h1::conn[0m[2m:[0m incoming body completed
[2m2025-12-10T10:12:39.075233Z[0m [34mDEBUG[0m [2mhyper::client::pool[0m[2m:[0m pooling idle connection for ("http", 192.168.0.14:8545)
[2m2025-12-10T10:12:39.075243Z[0m [34mDEBUG[0m [2methereum_transaction_pool_monitor::eth_client[0m[2m:[0m 📡 Transaction fetch RPC completed in 8.766166ms
[2m2025-12-10T10:12:39.147213Z[0m [34mDEBUG[0m [2methereum_transaction_pool_monitor::eth_client[0m[2m:[0m ✅ Transaction 0xf0251daea9bc2147f1c81df605b2cd6bb146d878bbccea3187f8ac05b44fd408 fetched and parsed in 80.734166ms
[2m2025-12-10T10:12:39.147249Z[0m [34mDEBUG[0m [2methereum_transaction_pool_monitor::mempool_monitor[0m[2m:[0m 🔍 Skipping tx 0xf0251daea9bc2147f1c81df605b2cd6bb146d878bbccea3187f8ac05b44fd408 - not a DEX interaction (target: 0x699Ccf919C1dfdFa4C374292f42CAdC9899BF753)
[2m2025-12-10T10:12:39.147294Z[0m [34mDEBUG[0m [2mhyper::client::pool[0m[2m:[0m reuse idle connection for ("http", 192.168.0.14:8545)
[2m2025-12-10T10:12:39.147323Z[0m [34mDEBUG[0m [2mhyper::proto::h1::io[0m[2m:[0m flushed 172 bytes
[2m2025-12-10T10:12:39.147339Z[0m [34mDEBUG[0m [2methereum_transaction_pool_monitor::eth_client[0m[2m:[0m 📨 Received WebSocket message: {"jsonrpc":"2.0","method":"eth_subscription","params":{"subscription":"0xbed0a0851463e895960a451075a301a9","result":"0x0959c6da60e51684e9355c917653c4a3058866c347469044820e88e39498fa8f"}}
[2m2025-12-10T10:12:39.147349Z[0m [34mDEBUG[0m [2methereum_transaction_pool_monitor::eth_client[0m[2m:[0m 📨 Received pending transaction: 0x0959c6da60e51684e9355c917653c4a3058866c347469044820e88e39498fa8f
[2m2025-12-10T10:12:39.147358Z[0m [34mDEBUG[0m [2methereum_transaction_pool_monitor::mempool_monitor[0m[2m:[0m 📨 Processing new pending transaction: 0x0959c6da60e51684e9355c917653c4a3058866c347469044820e88e39498fa8f
[2m2025-12-10T10:12:39.147363Z[0m [34mDEBUG[0m [2methereum_transaction_pool_monitor::mempool_monitor[0m[2m:[0m 🔍 Fetching transaction details for: 0x0959c6da60e51684e9355c917653c4a3058866c347469044820e88e39498fa8f
[2m2025-12-10T10:12:39.147369Z[0m [34mDEBUG[0m [2methereum_transaction_pool_monitor::eth_client[0m[2m:[0m 🔍 Fetching transaction details for hash: 0x0959c6da60e51684e9355c917653c4a3058866c347469044820e88e39498fa8f
[2m2025-12-10T10:12:39.147378Z[0m [34mDEBUG[0m [2mhyper::client::pool[0m[2m:[0m reuse idle connection for ("http", 192.168.0.14:8545)
[2m2025-12-10T10:12:39.147391Z[0m [34mDEBUG[0m [2mhyper::proto::h1::io[0m[2m:[0m flushed 250 bytes
[2m2025-12-10T10:12:39.152282Z[0m [34mDEBUG[0m [2mhyper::proto::h1::io[0m[2m:[0m parsed 4 headers
[2m2025-12-10T10:12:39.152293Z[0m [34mDEBUG[0m [2mhyper::proto::h1::conn[0m[2m:[0m incoming body is content-length (45 bytes)
[2m2025-12-10T10:12:39.152301Z[0m [34mDEBUG[0m [2mhyper::proto::h1::conn[0m[2m:[0m incoming body completed
[2m2025-12-10T10:12:39.152313Z[0m [34mDEBUG[0m [2mhyper::client::pool[0m[2m:[0m pooling idle connection for ("http", 192.168.0.14:8545)
[2m2025-12-10T10:12:39.152333Z[0m [34mDEBUG[0m [2mhyper::proto::h1::io[0m[2m:[0m parsed 4 headers
[2m2025-12-10T10:12:39.152339Z[0m [34mDEBUG[0m [2mhyper::proto::h1::conn[0m[2m:[0m incoming body is content-length (771 bytes)
[2m2025-12-10T10:12:39.152343Z[0m [34mDEBUG[0m [2mhyper::proto::h1::conn[0m[2m:[0m incoming body completed
[2m2025-12-10T10:12:39.152349Z[0m [34mDEBUG[0m [2mhyper::client::pool[0m[2m:[0m pooling idle connection for ("http", 192.168.0.14:8545)
[2m2025-12-10T10:12:39.152354Z[0m [34mDEBUG[0m [2methereum_transaction_pool_monitor::eth_client[0m[2m:[0m 📡 Transaction fetch RPC completed in 4.9805ms
[2m2025-12-10T10:12:39.152367Z[0m [34mDEBUG[0m [2methereum_transaction_pool_monitor::eth_client[0m[2m:[0m DeFi transaction detected - Address: 0xdac17f958d2ee523a2206206994597c13d831ec7, Type: Stablecoin, Value: 0 ETH, Gas: 0.43 Gwei
[2m2025-12-10T10:12:39.152379Z[0m [34mDEBUG[0m [2methereum_transaction_pool_monitor::eth_client[0m[2m:[0m ✅ Transaction 0x0959c6da60e51684e9355c917653c4a3058866c347469044820e88e39498fa8f fetched and parsed in 5.005583ms
[2m2025-12-10T10:12:39.152385Z[0m [34mDEBUG[0m [2methereum_transaction_pool_monitor::mempool_monitor[0m[2m:[0m 🔍 Skipping tx 0x0959c6da60e51684e9355c917653c4a3058866c347469044820e88e39498fa8f - not a DEX interaction (target: 0xdAC17F958D2ee523a2206206994597C13D831ec7)
[2m2025-12-10T10:12:39.199577Z[0m [34mDEBUG[0m [2mhyper::client::pool[0m[2m:[0m reuse idle connection for ("http", 192.168.0.14:8545)
[2m2025-12-10T10:12:39.199623Z[0m [34mDEBUG[0m [2mhyper::proto::h1::io[0m[2m:[0m flushed 172 bytes
[2m2025-12-10T10:12:39.204028Z[0m [34mDEBUG[0m [2mhyper::proto::h1::io[0m[2m:[0m parsed 4 headers
[2m2025-12-10T10:12:39.204041Z[0m [34mDEBUG[0m [2mhyper::proto::h1::conn[0m[2m:[0m incoming body is content-length (45 bytes)
[2m2025-12-10T10:12:39.204049Z[0m [34mDEBUG[0m [2mhyper::proto::h1::conn[0m[2m:[0m incoming body completed
[2m2025-12-10T10:12:39.204057Z[0m [34mDEBUG[0m [2mhyper::client::pool[0m[2m:[0m pooling idle connection for ("http", 192.168.0.14:8545)
[2m2025-12-10T10:12:39.300169Z[0m [34mDEBUG[0m [2mhyper::client::pool[0m[2m:[0m reuse idle connection for ("http", 192.168.0.14:8545)
[2m2025-12-10T10:12:39.303438Z[0m [34mDEBUG[0m [2mhyper::proto::h1::io[0m[2m:[0m flushed 172 bytes
[2m2025-12-10T10:12:39.305561Z[0m [34mDEBUG[0m [2methereum_transaction_pool_monitor::eth_client[0m[2m:[0m 📨 Received WebSocket message: {"jsonrpc":"2.0","method":"eth_subscription","params":{"subscription":"0xbed0a0851463e895960a451075a301a9","result":"0xce31f01db5c25b19edbfd75a62e2a66a3adede378bca05c1f9c0cd0341232a59"}}
[2m2025-12-10T10:12:39.307644Z[0m [34mDEBUG[0m [2methereum_transaction_pool_monitor::eth_client[0m[2m:[0m 📨 Received pending transaction: 0xce31f01db5c25b19edbfd75a62e2a66a3adede378bca05c1f9c0cd0341232a59
[2m2025-12-10T10:12:39.307656Z[0m [34mDEBUG[0m [2methereum_transaction_pool_monitor::mempool_monitor[0m[2m:[0m 📨 Processing new pending transaction: 0xce31f01db5c25b19edbfd75a62e2a66a3adede378bca05c1f9c0cd0341232a59
[2m2025-12-10T10:12:39.307663Z[0m [34mDEBUG[0m [2methereum_transaction_pool_monitor::mempool_monitor[0m[2m:[0m 🔍 Fetching transaction details for: 0xce31f01db5c25b19edbfd75a62e2a66a3adede378bca05c1f9c0cd0341232a59
[2m2025-12-10T10:12:39.307672Z[0m [34mDEBUG[0m [2methereum_transaction_pool_monitor::eth_client[0m[2m:[0m 🔍 Fetching transaction details for hash: 0xce31f01db5c25b19edbfd75a62e2a66a3adede378bca05c1f9c0cd0341232a59
[2m2025-12-10T10:12:39.307687Z[0m [34mDEBUG[0m [2mhyper::client::pool[0m[2m:[0m reuse idle connection for ("http", 192.168.0.14:8545)
[2m2025-12-10T10:12:39.307712Z[0m [34mDEBUG[0m [2mhyper::proto::h1::io[0m[2m:[0m flushed 250 bytes
[2m2025-12-10T10:12:39.308308Z[0m [34mDEBUG[0m [2mhyper::proto::h1::io[0m[2m:[0m parsed 4 headers
[2m2025-12-10T10:12:39.308315Z[0m [34mDEBUG[0m [2mhyper::proto::h1::conn[0m[2m:[0m incoming body is content-length (45 bytes)
[2m2025-12-10T10:12:39.308322Z[0m [34mDEBUG[0m [2mhyper::proto::h1::conn[0m[2m:[0m incoming body completed
[2m2025-12-10T10:12:39.308330Z[0m [34mDEBUG[0m [2mhyper::client::pool[0m[2m:[0m pooling idle connection for ("http", 192.168.0.14:8545)
[2m2025-12-10T10:12:39.316642Z[0m [34mDEBUG[0m [2mhyper::proto::h1::io[0m[2m:[0m parsed 4 headers
[2m2025-12-10T10:12:39.316680Z[0m [34mDEBUG[0m [2mhyper::proto::h1::conn[0m[2m:[0m incoming body is content-length (836 bytes)
[2m2025-12-10T10:12:39.316695Z[0m [34mDEBUG[0m [2mhyper::proto::h1::conn[0m[2m:[0m incoming body completed
[2m2025-12-10T10:12:39.316724Z[0m [34mDEBUG[0m [2mhyper::client::pool[0m[2m:[0m pooling idle connection for ("http", 192.168.0.14:8545)
[2m2025-12-10T10:12:39.316736Z[0m [34mDEBUG[0m [2methereum_transaction_pool_monitor::eth_client[0m[2m:[0m 📡 Transaction fetch RPC completed in 9.059ms
[2m2025-12-10T10:12:39.392263Z[0m [34mDEBUG[0m [2methereum_transaction_pool_monitor::eth_client[0m[2m:[0m ✅ Transaction 0xce31f01db5c25b19edbfd75a62e2a66a3adede378bca05c1f9c0cd0341232a59 fetched and parsed in 84.58375ms
[2m2025-12-10T10:12:39.392290Z[0m [34mDEBUG[0m [2methereum_transaction_pool_monitor::mempool_monitor[0m[2m:[0m 🔍 Skipping tx 0xce31f01db5c25b19edbfd75a62e2a66a3adede378bca05c1f9c0cd0341232a59 - not a DEX interaction (target: 0x0D8775F648430679A709E98d2b0Cb6250d2887EF)
[2m2025-12-10T10:12:39.399871Z[0m [34mDEBUG[0m [2mhyper::client::pool[0m[2m:[0m reuse idle connection for ("http", 192.168.0.14:8545)
[2m2025-12-10T10:12:39.399915Z[0m [34mDEBUG[0m [2mhyper::proto::h1::io[0m[2m:[0m flushed 172 bytes
[2m2025-12-10T10:12:39.405543Z[0m [34mDEBUG[0m [2mhyper::proto::h1::io[0m[2m:[0m parsed 4 headers
[2m2025-12-10T10:12:39.405566Z[0m [34mDEBUG[0m [2mhyper::proto::h1::conn[0m[2m:[0m incoming body is content-length (45 bytes)
[2m2025-12-10T10:12:39.405588Z[0m [34mDEBUG[0m [2mhyper::proto::h1::conn[0m[2m:[0m incoming body completed
[2m2025-12-10T10:12:39.405598Z[0m [34mDEBUG[0m [2mhyper::client::pool[0m[2m:[0m pooling idle connection for ("http", 192.168.0.14:8545)
[2m2025-12-10T10:12:39.478494Z[0m [34mDEBUG[0m [2methereum_transaction_pool_monitor::eth_client[0m[2m:[0m 📨 Received WebSocket message: {"jsonrpc":"2.0","method":"eth_subscription","params":{"subscription":"0xbed0a0851463e895960a451075a301a9","result":"0x5d11039d52dc832812ea37aae68cbf094a9d0f54bc43eca4f483ba014ae11aa9"}}
[2m2025-12-10T10:12:39.478514Z[0m [34mDEBUG[0m [2methereum_transaction_pool_monitor::eth_client[0m[2m:[0m 📨 Received pending transaction: 0x5d11039d52dc832812ea37aae68cbf094a9d0f54bc43eca4f483ba014ae11aa9
[2m2025-12-10T10:12:39.478523Z[0m [34mDEBUG[0m [2methereum_transaction_pool_monitor::mempool_monitor[0m[2m:[0m 📨 Processing new pending transaction: 0x5d11039d52dc832812ea37aae68cbf094a9d0f54bc43eca4f483ba014ae11aa9
[2m2025-12-10T10:12:39.478529Z[0m [34mDEBUG[0m [2methereum_transaction_pool_monitor::mempool_monitor[0m[2m:[0m 🔍 Fetching transaction details for: 0x5d11039d52dc832812ea37aae68cbf094a9d0f54bc43eca4f483ba014ae11aa9
[2m2025-12-10T10:12:39.478533Z[0m [34mDEBUG[0m [2methereum_transaction_pool_monitor::eth_client[0m[2m:[0m 🔍 Fetching transaction details for hash: 0x5d11039d52dc832812ea37aae68cbf094a9d0f54bc43eca4f483ba014ae11aa9
[2m2025-12-10T10:12:39.478552Z[0m [34mDEBUG[0m [2mhyper::client::pool[0m[2m:[0m reuse idle connection for ("http", 192.168.0.14:8545)
[2m2025-12-10T10:12:39.478576Z[0m [34mDEBUG[0m [2mhyper::proto::h1::io[0m[2m:[0m flushed 250 bytes
[2m2025-12-10T10:12:39.488471Z[0m [34mDEBUG[0m [2mhyper::proto::h1::io[0m[2m:[0m parsed 4 headers
[2m2025-12-10T10:12:39.488505Z[0m [34mDEBUG[0m [2mhyper::proto::h1::conn[0m[2m:[0m incoming body is content-length (830 bytes)
[2m2025-12-10T10:12:39.488527Z[0m [34mDEBUG[0m [2mhyper::proto::h1::conn[0m[2m:[0m incoming body completed
[2m2025-12-10T10:12:39.488541Z[0m [34mDEBUG[0m [2mhyper::client::pool[0m[2m:[0m pooling idle connection for ("http", 192.168.0.14:8545)
[2m2025-12-10T10:12:39.488619Z[0m [34mDEBUG[0m [2methereum_transaction_pool_monitor::eth_client[0m[2m:[0m 📡 Transaction fetch RPC completed in 10.082ms
[2m2025-12-10T10:12:39.562896Z[0m [34mDEBUG[0m [2methereum_transaction_pool_monitor::eth_client[0m[2m:[0m ✅ Transaction 0x5d11039d52dc832812ea37aae68cbf094a9d0f54bc43eca4f483ba014ae11aa9 fetched and parsed in 84.355958ms
[2m2025-12-10T10:12:39.562923Z[0m [34mDEBUG[0m [2methereum_transaction_pool_monitor::mempool_monitor[0m[2m:[0m 🔍 Skipping tx 0x5d11039d52dc832812ea37aae68cbf094a9d0f54bc43eca4f483ba014ae11aa9 - not a DEX interaction (target: 0xF411903cbC70a74d22900a5DE66A2dda66507255)
[2m2025-12-10T10:12:39.562960Z[0m [34mDEBUG[0m [2mhyper::client::pool[0m[2m:[0m reuse idle connection for ("http", 192.168.0.14:8545)
[2m2025-12-10T10:12:39.562992Z[0m [34mDEBUG[0m [2mhyper::proto::h1::io[0m[2m:[0m flushed 172 bytes
[2m2025-12-10T10:12:39.562993Z[0m [34mDEBUG[0m [2methereum_transaction_pool_monitor::eth_client[0m[2m:[0m 📨 Received WebSocket message: {"jsonrpc":"2.0","method":"eth_subscription","params":{"subscription":"0xbed0a0851463e895960a451075a301a9","result":"0x3f8b56a9b0e32c7abe27a27606819fb98708ed3fc408ece4b7ab380cbc65db30"}}
[2m2025-12-10T10:12:39.563010Z[0m [34mDEBUG[0m [2methereum_transaction_pool_monitor::eth_client[0m[2m:[0m 📨 Received pending transaction: 0x3f8b56a9b0e32c7abe27a27606819fb98708ed3fc408ece4b7ab380cbc65db30
[2m2025-12-10T10:12:39.563016Z[0m [34mDEBUG[0m [2methereum_transaction_pool_monitor::eth_client[0m[2m:[0m 📨 Received WebSocket message: {"jsonrpc":"2.0","method":"eth_subscription","params":{"subscription":"0xbed0a0851463e895960a451075a301a9","result":"0xceb7a5ddbaa0d9d66703e0fefa37f075163f0091abebb28a4b1811d039f0973e"}}
[2m2025-12-10T10:12:39.563022Z[0m [34mDEBUG[0m [2methereum_transaction_pool_monitor::eth_client[0m[2m:[0m 📨 Received pending transaction: 0xceb7a5ddbaa0d9d66703e0fefa37f075163f0091abebb28a4b1811d039f0973e
[2m2025-12-10T10:12:39.563028Z[0m [34mDEBUG[0m [2methereum_transaction_pool_monitor::mempool_monitor[0m[2m:[0m 📨 Processing new pending transaction: 0x3f8b56a9b0e32c7abe27a27606819fb98708ed3fc408ece4b7ab380cbc65db30
[2m2025-12-10T10:12:39.563032Z[0m [34mDEBUG[0m [2methereum_transaction_pool_monitor::mempool_monitor[0m[2m:[0m 🔍 Fetching transaction details for: 0x3f8b56a9b0e32c7abe27a27606819fb98708ed3fc408ece4b7ab380cbc65db30
[2m2025-12-10T10:12:39.563037Z[0m [34mDEBUG[0m [2methereum_transaction_pool_monitor::eth_client[0m[2m:[0m 🔍 Fetching transaction details for hash: 0x3f8b56a9b0e32c7abe27a27606819fb98708ed3fc408ece4b7ab380cbc65db30
[2m2025-12-10T10:12:39.563045Z[0m [34mDEBUG[0m [2mhyper::client::pool[0m[2m:[0m reuse idle connection for ("http", 192.168.0.14:8545)
[2m2025-12-10T10:12:39.563059Z[0m [34mDEBUG[0m [2mhyper::proto::h1::io[0m[2m:[0m flushed 250 bytes
[2m2025-12-10T10:12:39.569625Z[0m [34mDEBUG[0m [2mhyper::proto::h1::io[0m[2m:[0m parsed 4 headers
[2m2025-12-10T10:12:39.569639Z[0m [34mDEBUG[0m [2mhyper::proto::h1::conn[0m[2m:[0m incoming body is content-length (45 bytes)
[2m2025-12-10T10:12:39.569647Z[0m [34mDEBUG[0m [2mhyper::proto::h1::conn[0m[2m:[0m incoming body completed
[2m2025-12-10T10:12:39.569657Z[0m [34mDEBUG[0m [2mhyper::client::pool[0m[2m:[0m pooling idle connection for ("http", 192.168.0.14:8545)
[2m2025-12-10T10:12:39.570304Z[0m [34mDEBUG[0m [2mhyper::proto::h1::io[0m[2m:[0m parsed 4 headers
[2m2025-12-10T10:12:39.570311Z[0m [34mDEBUG[0m [2mhyper::proto::h1::conn[0m[2m:[0m incoming body is content-length (641 bytes)
[2m2025-12-10T10:12:39.570317Z[0m [34mDEBUG[0m [2mhyper::proto::h1::conn[0m[2m:[0m incoming body completed
[2m2025-12-10T10:12:39.570324Z[0m [34mDEBUG[0m [2mhyper::client::pool[0m[2m:[0m pooling idle connection for ("http", 192.168.0.14:8545)
[2m2025-12-10T10:12:39.570330Z[0m [34mDEBUG[0m [2methereum_transaction_pool_monitor::eth_client[0m[2m:[0m 📡 Transaction fetch RPC completed in 7.289667ms
[2m2025-12-10T10:12:39.642360Z[0m [34mDEBUG[0m [2methereum_transaction_pool_monitor::eth_client[0m[2m:[0m ✅ Transaction 0x3f8b56a9b0e32c7abe27a27606819fb98708ed3fc408ece4b7ab380cbc65db30 fetched and parsed in 79.317417ms
[2m2025-12-10T10:12:39.642388Z[0m [34mDEBUG[0m [2methereum_transaction_pool_monitor::mempool_monitor[0m[2m:[0m 🔍 Skipping tx 0x3f8b56a9b0e32c7abe27a27606819fb98708ed3fc408ece4b7ab380cbc65db30 - not a DEX interaction (target: 0x1F2f05aCfd7DDb89AdD2E24C35eC772De68443a8)
[2m2025-12-10T10:12:39.642399Z[0m [34mDEBUG[0m [2methereum_transaction_pool_monitor::mempool_monitor[0m[2m:[0m 📨 Processing new pending transaction: 0xceb7a5ddbaa0d9d66703e0fefa37f075163f0091abebb28a4b1811d039f0973e
[2m2025-12-10T10:12:39.642407Z[0m [34mDEBUG[0m [2methereum_transaction_pool_monitor::mempool_monitor[0m[2m:[0m 🔍 Fetching transaction details for: 0xceb7a5ddbaa0d9d66703e0fefa37f075163f0091abebb28a4b1811d039f0973e
[2m2025-12-10T10:12:39.642412Z[0m [34mDEBUG[0m [2methereum_transaction_pool_monitor::eth_client[0m[2m:[0m 🔍 Fetching transaction details for hash: 0xceb7a5ddbaa0d9d66703e0fefa37f075163f0091abebb28a4b1811d039f0973e
[2m2025-12-10T10:12:39.642431Z[0m [34mDEBUG[0m [2mhyper::client::pool[0m[2m:[0m reuse idle connection for ("http", 192.168.0.14:8545)
[2m2025-12-10T10:12:39.642469Z[0m [34mDEBUG[0m [2mhyper::proto::h1::io[0m[2m:[0m flushed 250 bytes
[2m2025-12-10T10:12:39.642497Z[0m [34mDEBUG[0m [2mhyper::client::pool[0m[2m:[0m reuse idle connection for ("http", 192.168.0.14:8545)
[2m2025-12-10T10:12:39.642514Z[0m [34mDEBUG[0m [2mhyper::proto::h1::io[0m[2m:[0m flushed 172 bytes
[2m2025-12-10T10:12:39.648281Z[0m [34mDEBUG[0m [2mhyper::proto::h1::io[0m[2m:[0m parsed 4 headers
[2m2025-12-10T10:12:39.648290Z[0m [34mDEBUG[0m [2mhyper::proto::h1::conn[0m[2m:[0m incoming body is content-length (45 bytes)
[2m2025-12-10T10:12:39.648298Z[0m [34mDEBUG[0m [2mhyper::proto::h1::conn[0m[2m:[0m incoming body completed
[2m2025-12-10T10:12:39.648307Z[0m [34mDEBUG[0m [2mhyper::client::pool[0m[2m:[0m pooling idle connection for ("http", 192.168.0.14:8545)
[2m2025-12-10T10:12:39.648330Z[0m [34mDEBUG[0m [2mhyper::proto::h1::io[0m[2m:[0m parsed 4 headers
[2m2025-12-10T10:12:39.648334Z[0m [34mDEBUG[0m [2mhyper::proto::h1::conn[0m[2m:[0m incoming body is content-length (14077 bytes)
[2m2025-12-10T10:12:39.648342Z[0m [34mDEBUG[0m [2methereum_transaction_pool_monitor::eth_client[0m[2m:[0m 📡 Transaction fetch RPC completed in 5.924875ms
[2m2025-12-10T10:12:39.650612Z[0m [34mDEBUG[0m [2mhyper::proto::h1::conn[0m[2m:[0m incoming body completed
[2m2025-12-10T10:12:39.650629Z[0m [34mDEBUG[0m [2mhyper::client::pool[0m[2m:[0m pooling idle connection for ("http", 192.168.0.14:8545)
[2m2025-12-10T10:12:39.698102Z[0m [34mDEBUG[0m [2mhyper::client::pool[0m[2m:[0m reuse idle connection for ("http", 192.168.0.14:8545)
[2m2025-12-10T10:12:39.698116Z[0m [34mDEBUG[0m [2methereum_transaction_pool_monitor::eth_client[0m[2m:[0m 📨 Received WebSocket message: {"jsonrpc":"2.0","method":"eth_subscription","params":{"subscription":"0xbed0a0851463e895960a451075a301a9","result":"0xdf7a0911f7943e32ca906466f2991cf952e56e5477eb2ffca8dcf65953ea5899"}}
[2m2025-12-10T10:12:39.698177Z[0m [34mDEBUG[0m [2methereum_transaction_pool_monitor::eth_client[0m[2m:[0m 📨 Received pending transaction: 0xdf7a0911f7943e32ca906466f2991cf952e56e5477eb2ffca8dcf65953ea5899
[2m2025-12-10T10:12:39.698211Z[0m [34mDEBUG[0m [2mhyper::proto::h1::io[0m[2m:[0m flushed 172 bytes
[2m2025-12-10T10:12:39.703499Z[0m [34mDEBUG[0m [2mhyper::proto::h1::io[0m[2m:[0m parsed 4 headers
[2m2025-12-10T10:12:39.703514Z[0m [34mDEBUG[0m [2mhyper::proto::h1::conn[0m[2m:[0m incoming body is content-length (45 bytes)
[2m2025-12-10T10:12:39.703521Z[0m [34mDEBUG[0m [2mhyper::proto::h1::conn[0m[2m:[0m incoming body completed
[2m2025-12-10T10:12:39.703531Z[0m [34mDEBUG[0m [2mhyper::client::pool[0m[2m:[0m pooling idle connection for ("http", 192.168.0.14:8545)
[2m2025-12-10T10:12:39.722741Z[0m [34mDEBUG[0m [2methereum_transaction_pool_monitor::eth_client[0m[2m:[0m ✅ Transaction 0xceb7a5ddbaa0d9d66703e0fefa37f075163f0091abebb28a4b1811d039f0973e fetched and parsed in 80.321625ms
[2m2025-12-10T10:12:39.722766Z[0m [34mDEBUG[0m [2methereum_transaction_pool_monitor::mempool_monitor[0m[2m:[0m 🔍 Skipping tx 0xceb7a5ddbaa0d9d66703e0fefa37f075163f0091abebb28a4b1811d039f0973e - not a DEX interaction (target: 0x132Da30948437dc5B42c67Be38D45dbc68FC9334)
[2m2025-12-10T10:12:39.722778Z[0m [34mDEBUG[0m [2methereum_transaction_pool_monitor::mempool_monitor[0m[2m:[0m 📨 Processing new pending transaction: 0xdf7a0911f7943e32ca906466f2991cf952e56e5477eb2ffca8dcf65953ea5899
[2m2025-12-10T10:12:39.722785Z[0m [34mDEBUG[0m [2methereum_transaction_pool_monitor::mempool_monitor[0m[2m:[0m 🔍 Fetching transaction details for: 0xdf7a0911f7943e32ca906466f2991cf952e56e5477eb2ffca8dcf65953ea5899
[2m2025-12-10T10:12:39.722791Z[0m [34mDEBUG[0m [2methereum_transaction_pool_monitor::eth_client[0m[2m:[0m 🔍 Fetching transaction details for hash: 0xdf7a0911f7943e32ca906466f2991cf952e56e5477eb2ffca8dcf65953ea5899
[2m2025-12-10T10:12:39.722810Z[0m [34mDEBUG[0m [2mhyper::client::pool[0m[2m:[0m reuse idle connection for ("http", 192.168.0.14:8545)
[2m2025-12-10T10:12:39.722848Z[0m [34mDEBUG[0m [2mhyper::proto::h1::io[0m[2m:[0m flushed 250 bytes
[2m2025-12-10T10:12:39.731688Z[0m [34mDEBUG[0m [2mhyper::proto::h1::io[0m[2m:[0m parsed 4 headers
[2m2025-12-10T10:12:39.731702Z[0m [34mDEBUG[0m [2mhyper::proto::h1::conn[0m[2m:[0m incoming body is content-length (771 bytes)
[2m2025-12-10T10:12:39.731709Z[0m [34mDEBUG[0m [2mhyper::proto::h1::conn[0m[2m:[0m incoming body completed
[2m2025-12-10T10:12:39.731717Z[0m [34mDEBUG[0m [2mhyper::client::pool[0m[2m:[0m pooling idle connection for ("http", 192.168.0.14:8545)
[2m2025-12-10T10:12:39.731724Z[0m [34mDEBUG[0m [2methereum_transaction_pool_monitor::eth_client[0m[2m:[0m 📡 Transaction fetch RPC completed in 8.928667ms
[2m2025-12-10T10:12:39.802896Z[0m [34mDEBUG[0m [2methereum_transaction_pool_monitor::eth_client[0m[2m:[0m ✅ Transaction 0xdf7a0911f7943e32ca906466f2991cf952e56e5477eb2ffca8dcf65953ea5899 fetched and parsed in 80.098458ms
[2m2025-12-10T10:12:39.802924Z[0m [34mDEBUG[0m [2methereum_transaction_pool_monitor::mempool_monitor[0m[2m:[0m 🔍 Skipping tx 0xdf7a0911f7943e32ca906466f2991cf952e56e5477eb2ffca8dcf65953ea5899 - not a DEX interaction (target: 0xA0b86991c6218b36c1d19D4a2e9Eb0cE3606eB48)
[2m2025-12-10T10:12:39.802969Z[0m [34mDEBUG[0m [2mhyper::client::pool[0m[2m:[0m reuse idle connection for ("http", 192.168.0.14:8545)
[2m2025-12-10T10:12:39.803012Z[0m [34mDEBUG[0m [2mhyper::proto::h1::io[0m[2m:[0m flushed 172 bytes
[2m2025-12-10T10:12:39.806856Z[0m [34mDEBUG[0m [2mhyper::proto::h1::io[0m[2m:[0m parsed 4 headers
[2m2025-12-10T10:12:39.806868Z[0m [34mDEBUG[0m [2mhyper::proto::h1::conn[0m[2m:[0m incoming body is content-length (45 bytes)
[2m2025-12-10T10:12:39.806874Z[0m [34mDEBUG[0m [2mhyper::proto::h1::conn[0m[2m:[0m incoming body completed
[2m2025-12-10T10:12:39.806882Z[0m [34mDEBUG[0m [2mhyper::client::pool[0m[2m:[0m pooling idle connection for ("http", 192.168.0.14:8545)
[2m2025-12-10T10:12:39.896717Z[0m [34mDEBUG[0m [2methereum_transaction_pool_monitor::eth_client[0m[2m:[0m 📨 Received WebSocket message: {"jsonrpc":"2.0","method":"eth_subscription","params":{"subscription":"0xbed0a0851463e895960a451075a301a9","result":"0x2be0e1d3ecbb91561e4e6b5277fb1b1e20a480aec3776ae1b0a2377da6078398"}}
[2m2025-12-10T10:12:39.896763Z[0m [34mDEBUG[0m [2methereum_transaction_pool_monitor::eth_client[0m[2m:[0m 📨 Received pending transaction: 0x2be0e1d3ecbb91561e4e6b5277fb1b1e20a480aec3776ae1b0a2377da6078398
[2m2025-12-10T10:12:39.896776Z[0m [34mDEBUG[0m [2methereum_transaction_pool_monitor::mempool_monitor[0m[2m:[0m 📨 Processing new pending transaction: 0x2be0e1d3ecbb91561e4e6b5277fb1b1e20a480aec3776ae1b0a2377da6078398
[2m2025-12-10T10:12:39.896783Z[0m [34mDEBUG[0m [2methereum_transaction_pool_monitor::mempool_monitor[0m[2m:[0m 🔍 Fetching transaction details for: 0x2be0e1d3ecbb91561e4e6b5277fb1b1e20a480aec3776ae1b0a2377da6078398
[2m2025-12-10T10:12:39.896789Z[0m [34mDEBUG[0m [2methereum_transaction_pool_monitor::eth_client[0m[2m:[0m 🔍 Fetching transaction details for hash: 0x2be0e1d3ecbb91561e4e6b5277fb1b1e20a480aec3776ae1b0a2377da6078398
[2m2025-12-10T10:12:39.896812Z[0m [34mDEBUG[0m [2mhyper::client::pool[0m[2m:[0m reuse idle connection for ("http", 192.168.0.14:8545)
[2m2025-12-10T10:12:39.896839Z[0m [34mDEBUG[0m [2mhyper::proto::h1::io[0m[2m:[0m flushed 250 bytes
[2m2025-12-10T10:12:39.898110Z[0m [34mDEBUG[0m [2mhyper::client::pool[0m[2m:[0m reuse idle connection for ("http", 192.168.0.14:8545)
[2m2025-12-10T10:12:39.898129Z[0m [34mDEBUG[0m [2mhyper::proto::h1::io[0m[2m:[0m flushed 172 bytes
[2m2025-12-10T10:12:39.903278Z[0m [34mDEBUG[0m [2mhyper::proto::h1::io[0m[2m:[0m parsed 4 headers
[2m2025-12-10T10:12:39.903285Z[0m [34mDEBUG[0m [2mhyper::proto::h1::conn[0m[2m:[0m incoming body is content-length (45 bytes)
[2m2025-12-10T10:12:39.903293Z[0m [34mDEBUG[0m [2mhyper::proto::h1::conn[0m[2m:[0m incoming body completed
[2m2025-12-10T10:12:39.903300Z[0m [34mDEBUG[0m [2mhyper::client::pool[0m[2m:[0m pooling idle connection for ("http", 192.168.0.14:8545)
[2m2025-12-10T10:12:39.905193Z[0m [34mDEBUG[0m [2mhyper::proto::h1::io[0m[2m:[0m parsed 4 headers
[2m2025-12-10T10:12:39.905201Z[0m [34mDEBUG[0m [2mhyper::proto::h1::conn[0m[2m:[0m incoming body is content-length (644 bytes)
[2m2025-12-10T10:12:39.905208Z[0m [34mDEBUG[0m [2mhyper::proto::h1::conn[0m[2m:[0m incoming body completed
[2m2025-12-10T10:12:39.905215Z[0m [34mDEBUG[0m [2mhyper::client::pool[0m[2m:[0m pooling idle connection for ("http", 192.168.0.14:8545)
[2m2025-12-10T10:12:39.905222Z[0m [34mDEBUG[0m [2methereum_transaction_pool_monitor::eth_client[0m[2m:[0m 📡 Transaction fetch RPC completed in 8.427042ms
[2m2025-12-10T10:12:39.982837Z[0m [34mDEBUG[0m [2methereum_transaction_pool_monitor::eth_client[0m[2m:[0m ✅ Transaction 0x2be0e1d3ecbb91561e4e6b5277fb1b1e20a480aec3776ae1b0a2377da6078398 fetched and parsed in 86.03975ms
[2m2025-12-10T10:12:39.982864Z[0m [34mDEBUG[0m [2methereum_transaction_pool_monitor::mempool_monitor[0m[2m:[0m 🔍 Skipping tx 0x2be0e1d3ecbb91561e4e6b5277fb1b1e20a480aec3776ae1b0a2377da6078398 - not a DEX interaction (target: 0x17E5545B11b468072283Cee1F066a059Fb0dbF24)
[2m2025-12-10T10:12:39.982908Z[0m [34mDEBUG[0m [2methereum_transaction_pool_monitor::eth_client[0m[2m:[0m 📨 Received WebSocket message: {"jsonrpc":"2.0","method":"eth_subscription","params":{"subscription":"0xbed0a0851463e895960a451075a301a9","result":"0xaf7ff2382af167880bd572772db16de9a09566a26b7f6c77e0dde98d8540838c"}}
[2m2025-12-10T10:12:39.982921Z[0m [34mDEBUG[0m [2methereum_transaction_pool_monitor::eth_client[0m[2m:[0m 📨 Received pending transaction: 0xaf7ff2382af167880bd572772db16de9a09566a26b7f6c77e0dde98d8540838c
[2m2025-12-10T10:12:39.982929Z[0m [34mDEBUG[0m [2methereum_transaction_pool_monitor::mempool_monitor[0m[2m:[0m 📨 Processing new pending transaction: 0xaf7ff2382af167880bd572772db16de9a09566a26b7f6c77e0dde98d8540838c
[2m2025-12-10T10:12:39.982935Z[0m [34mDEBUG[0m [2methereum_transaction_pool_monitor::mempool_monitor[0m[2m:[0m 🔍 Fetching transaction details for: 0xaf7ff2382af167880bd572772db16de9a09566a26b7f6c77e0dde98d8540838c
[2m2025-12-10T10:12:39.982943Z[0m [34mDEBUG[0m [2methereum_transaction_pool_monitor::eth_client[0m[2m:[0m 🔍 Fetching transaction details for hash: 0xaf7ff2382af167880bd572772db16de9a09566a26b7f6c77e0dde98d8540838c
[2m2025-12-10T10:12:39.982961Z[0m [34mDEBUG[0m [2mhyper::client::pool[0m[2m:[0m reuse idle connection for ("http", 192.168.0.14:8545)
[2m2025-12-10T10:12:39.983065Z[0m [34mDEBUG[0m [2mhyper::proto::h1::io[0m[2m:[0m flushed 250 bytes
[2m2025-12-10T10:12:39.988954Z[0m [34mDEBUG[0m [2mhyper::proto::h1::io[0m[2m:[0m parsed 4 headers
[2m2025-12-10T10:12:39.988960Z[0m [34mDEBUG[0m [2mhyper::proto::h1::conn[0m[2m:[0m incoming body is content-length (659 bytes)
[2m2025-12-10T10:12:39.988966Z[0m [34mDEBUG[0m [2mhyper::proto::h1::conn[0m[2m:[0m incoming body completed
[2m2025-12-10T10:12:39.988973Z[0m [34mDEBUG[0m [2mhyper::client::pool[0m[2m:[0m pooling idle connection for ("http", 192.168.0.14:8545)
[2m2025-12-10T10:12:39.988978Z[0m [34mDEBUG[0m [2methereum_transaction_pool_monitor::eth_client[0m[2m:[0m 📡 Transaction fetch RPC completed in 6.031042ms
[2m2025-12-10T10:12:40.060501Z[0m [34mDEBUG[0m [2methereum_transaction_pool_monitor::eth_client[0m[2m:[0m ✅ Transaction 0xaf7ff2382af167880bd572772db16de9a09566a26b7f6c77e0dde98d8540838c fetched and parsed in 77.551667ms
[2m2025-12-10T10:12:40.060528Z[0m [34mDEBUG[0m [2methereum_transaction_pool_monitor::mempool_monitor[0m[2m:[0m 🔍 Skipping tx 0xaf7ff2382af167880bd572772db16de9a09566a26b7f6c77e0dde98d8540838c - not a DEX interaction (target: 0x8BB39c5642c6960d1b6CA299013c5f1D75e1b4A7)
[2m2025-12-10T10:12:40.060573Z[0m [34mDEBUG[0m [2mhyper::client::pool[0m[2m:[0m reuse idle connection for ("http", 192.168.0.14:8545)
[2m2025-12-10T10:12:40.060617Z[0m [34mDEBUG[0m [2mhyper::proto::h1::io[0m[2m:[0m flushed 172 bytes
[2m2025-12-10T10:12:40.065730Z[0m [34mDEBUG[0m [2mhyper::proto::h1::io[0m[2m:[0m parsed 4 headers
[2m2025-12-10T10:12:40.065736Z[0m [34mDEBUG[0m [2mhyper::proto::h1::conn[0m[2m:[0m incoming body is content-length (45 bytes)
[2m2025-12-10T10:12:40.065744Z[0m [34mDEBUG[0m [2mhyper::proto::h1::conn[0m[2m:[0m incoming body completed
[2m2025-12-10T10:12:40.065754Z[0m [34mDEBUG[0m [2mhyper::client::pool[0m[2m:[0m pooling idle connection for ("http", 192.168.0.14:8545)
[2m2025-12-10T10:12:40.099823Z[0m [34mDEBUG[0m [2mhyper::client::pool[0m[2m:[0m reuse idle connection for ("http", 192.168.0.14:8545)
[2m2025-12-10T10:12:40.099886Z[0m [34mDEBUG[0m [2mhyper::proto::h1::io[0m[2m:[0m flushed 172 bytes
[2m2025-12-10T10:12:40.103114Z[0m [34mDEBUG[0m [2mhyper::proto::h1::io[0m[2m:[0m parsed 4 headers
[2m2025-12-10T10:12:40.103121Z[0m [34mDEBUG[0m [2mhyper::proto::h1::conn[0m[2m:[0m incoming body is content-length (45 bytes)
[2m2025-12-10T10:12:40.103127Z[0m [34mDEBUG[0m [2mhyper::proto::h1::conn[0m[2m:[0m incoming body completed
[2m2025-12-10T10:12:40.103134Z[0m [34mDEBUG[0m [2mhyper::client::pool[0m[2m:[0m pooling idle connection for ("http", 192.168.0.14:8545)
[2m2025-12-10T10:12:40.111942Z[0m [34mDEBUG[0m [2methereum_transaction_pool_monitor::eth_client[0m[2m:[0m 📨 Received WebSocket message: {"jsonrpc":"2.0","method":"eth_subscription","params":{"subscription":"0xbed0a0851463e895960a451075a301a9","result":"0xe42802c76eb0c2882fcc8dde73e40dee93eb682d1aadcfd60ed396a0efcf5190"}}
[2m2025-12-10T10:12:40.111979Z[0m [34mDEBUG[0m [2methereum_transaction_pool_monitor::eth_client[0m[2m:[0m 📨 Received pending transaction: 0xe42802c76eb0c2882fcc8dde73e40dee93eb682d1aadcfd60ed396a0efcf5190
[2m2025-12-10T10:12:40.111987Z[0m [34mDEBUG[0m [2methereum_transaction_pool_monitor::mempool_monitor[0m[2m:[0m 📨 Processing new pending transaction: 0xe42802c76eb0c2882fcc8dde73e40dee93eb682d1aadcfd60ed396a0efcf5190
[2m2025-12-10T10:12:40.111992Z[0m [34mDEBUG[0m [2methereum_transaction_pool_monitor::mempool_monitor[0m[2m:[0m 🔍 Fetching transaction details for: 0xe42802c76eb0c2882fcc8dde73e40dee93eb682d1aadcfd60ed396a0efcf5190
[2m2025-12-10T10:12:40.111997Z[0m [34mDEBUG[0m [2methereum_transaction_pool_monitor::eth_client[0m[2m:[0m 🔍 Fetching transaction details for hash: 0xe42802c76eb0c2882fcc8dde73e40dee93eb682d1aadcfd60ed396a0efcf5190
[2m2025-12-10T10:12:40.112010Z[0m [34mDEBUG[0m [2mhyper::client::pool[0m[2m:[0m reuse idle connection for ("http", 192.168.0.14:8545)
[2m2025-12-10T10:12:40.112025Z[0m [34mDEBUG[0m [2mhyper::proto::h1::io[0m[2m:[0m flushed 250 bytes
[2m2025-12-10T10:12:40.121180Z[0m [34mDEBUG[0m [2mhyper::proto::h1::io[0m[2m:[0m parsed 4 headers
[2m2025-12-10T10:12:40.121186Z[0m [34mDEBUG[0m [2mhyper::proto::h1::conn[0m[2m:[0m incoming body is content-length (655 bytes)
[2m2025-12-10T10:12:40.121192Z[0m [34mDEBUG[0m [2mhyper::proto::h1::conn[0m[2m:[0m incoming body completed
[2m2025-12-10T10:12:40.121197Z[0m [34mDEBUG[0m [2mhyper::client::pool[0m[2m:[0m pooling idle connection for ("http", 192.168.0.14:8545)
[2m2025-12-10T10:12:40.121203Z[0m [34mDEBUG[0m [2methereum_transaction_pool_monitor::eth_client[0m[2m:[0m 📡 Transaction fetch RPC completed in 9.20175ms
[2m2025-12-10T10:12:40.193948Z[0m [34mDEBUG[0m [2methereum_transaction_pool_monitor::eth_client[0m[2m:[0m ✅ Transaction 0xe42802c76eb0c2882fcc8dde73e40dee93eb682d1aadcfd60ed396a0efcf5190 fetched and parsed in 81.944083ms
[2m2025-12-10T10:12:40.193970Z[0m [34mDEBUG[0m [2methereum_transaction_pool_monitor::mempool_monitor[0m[2m:[0m 🔍 Skipping tx 0xe42802c76eb0c2882fcc8dde73e40dee93eb682d1aadcfd60ed396a0efcf5190 - not a DEX interaction (target: 0xe0875AC8a7d22e291C0AB68597c41e8aE09CCc69)
[2m2025-12-10T10:12:40.198149Z[0m [34mDEBUG[0m [2mhyper::client::pool[0m[2m:[0m reuse idle connection for ("http", 192.168.0.14:8545)
[2m2025-12-10T10:12:40.198187Z[0m [34mDEBUG[0m [2mhyper::proto::h1::io[0m[2m:[0m flushed 172 bytes
[2m2025-12-10T10:12:40.201635Z[0m [34mDEBUG[0m [2mhyper::proto::h1::io[0m[2m:[0m parsed 4 headers
[2m2025-12-10T10:12:40.201641Z[0m [34mDEBUG[0m [2mhyper::proto::h1::conn[0m[2m:[0m incoming body is content-length (45 bytes)
[2m2025-12-10T10:12:40.201647Z[0m [34mDEBUG[0m [2mhyper::proto::h1::conn[0m[2m:[0m incoming body completed
[2m2025-12-10T10:12:40.201654Z[0m [34mDEBUG[0m [2mhyper::client::pool[0m[2m:[0m pooling idle connection for ("http", 192.168.0.14:8545)
[2m2025-12-10T10:12:40.207420Z[0m [34mDEBUG[0m [2methereum_transaction_pool_monitor::eth_client[0m[2m:[0m 📨 Received WebSocket message: {"jsonrpc":"2.0","method":"eth_subscription","params":{"subscription":"0xbed0a0851463e895960a451075a301a9","result":"0xcc2daf20ca3bb0df81843a2748a91ce075054b091cba2cb9183375e18e7aeb4b"}}
[2m2025-12-10T10:12:40.207430Z[0m [34mDEBUG[0m [2methereum_transaction_pool_monitor::eth_client[0m[2m:[0m 📨 Received pending transaction: 0xcc2daf20ca3bb0df81843a2748a91ce075054b091cba2cb9183375e18e7aeb4b
[2m2025-12-10T10:12:40.207437Z[0m [34mDEBUG[0m [2methereum_transaction_pool_monitor::mempool_monitor[0m[2m:[0m 📨 Processing new pending transaction: 0xcc2daf20ca3bb0df81843a2748a91ce075054b091cba2cb9183375e18e7aeb4b
[2m2025-12-10T10:12:40.207442Z[0m [34mDEBUG[0m [2methereum_transaction_pool_monitor::mempool_monitor[0m[2m:[0m 🔍 Fetching transaction details for: 0xcc2daf20ca3bb0df81843a2748a91ce075054b091cba2cb9183375e18e7aeb4b
[2m2025-12-10T10:12:40.207446Z[0m [34mDEBUG[0m [2methereum_transaction_pool_monitor::eth_client[0m[2m:[0m 🔍 Fetching transaction details for hash: 0xcc2daf20ca3bb0df81843a2748a91ce075054b091cba2cb9183375e18e7aeb4b
[2m2025-12-10T10:12:40.207461Z[0m [34mDEBUG[0m [2mhyper::client::pool[0m[2m:[0m reuse idle connection for ("http", 192.168.0.14:8545)
[2m2025-12-10T10:12:40.207478Z[0m [34mDEBUG[0m [2mhyper::proto::h1::io[0m[2m:[0m flushed 250 bytes
[2m2025-12-10T10:12:40.212067Z[0m [34mDEBUG[0m [2mhyper::proto::h1::io[0m[2m:[0m parsed 4 headers
[2m2025-12-10T10:12:40.212074Z[0m [34mDEBUG[0m [2mhyper::proto::h1::conn[0m[2m:[0m incoming body is content-length (771 bytes)
[2m2025-12-10T10:12:40.212080Z[0m [34mDEBUG[0m [2mhyper::proto::h1::conn[0m[2m:[0m incoming body completed
[2m2025-12-10T10:12:40.212086Z[0m [34mDEBUG[0m [2mhyper::client::pool[0m[2m:[0m pooling idle connection for ("http", 192.168.0.14:8545)
[2m2025-12-10T10:12:40.212092Z[0m [34mDEBUG[0m [2methereum_transaction_pool_monitor::eth_client[0m[2m:[0m 📡 Transaction fetch RPC completed in 4.641875ms
[2m2025-12-10T10:12:40.281815Z[0m [34mDEBUG[0m [2methereum_transaction_pool_monitor::eth_client[0m[2m:[0m ✅ Transaction 0xcc2daf20ca3bb0df81843a2748a91ce075054b091cba2cb9183375e18e7aeb4b fetched and parsed in 74.362584ms
[2m2025-12-10T10:12:40.281842Z[0m [34mDEBUG[0m [2methereum_transaction_pool_monitor::mempool_monitor[0m[2m:[0m 🔍 Skipping tx 0xcc2daf20ca3bb0df81843a2748a91ce075054b091cba2cb9183375e18e7aeb4b - not a DEX interaction (target: 0xB8f28C60dD8240141185a192fa4156A23E189305)
[2m2025-12-10T10:12:40.281888Z[0m [34mDEBUG[0m [2methereum_transaction_pool_monitor::eth_client[0m[2m:[0m 📨 Received WebSocket message: {"jsonrpc":"2.0","method":"eth_subscription","params":{"subscription":"0xbed0a0851463e895960a451075a301a9","result":"0x35c2c59fd5753f0ee6ed73520790a809da22281e0553de0be311ba37e4d8255f"}}
[2m2025-12-10T10:12:40.281897Z[0m [34mDEBUG[0m [2methereum_transaction_pool_monitor::eth_client[0m[2m:[0m 📨 Received pending transaction: 0x35c2c59fd5753f0ee6ed73520790a809da22281e0553de0be311ba37e4d8255f
[2m2025-12-10T10:12:40.281905Z[0m [34mDEBUG[0m [2methereum_transaction_pool_monitor::eth_client[0m[2m:[0m 📨 Received WebSocket message: {"jsonrpc":"2.0","method":"eth_subscription","params":{"subscription":"0xbed0a0851463e895960a451075a301a9","result":"0x8ded82651e4f486f2f6544268f73db540ecd025b9b55b20d5307eba9dda10d59"}}
[2m2025-12-10T10:12:40.281912Z[0m [34mDEBUG[0m [2methereum_transaction_pool_monitor::eth_client[0m[2m:[0m 📨 Received pending transaction: 0x8ded82651e4f486f2f6544268f73db540ecd025b9b55b20d5307eba9dda10d59
[2m2025-12-10T10:12:40.281919Z[0m [34mDEBUG[0m [2methereum_transaction_pool_monitor::eth_client[0m[2m:[0m 📨 Received WebSocket message: {"jsonrpc":"2.0","method":"eth_subscription","params":{"subscription":"0xbed0a0851463e895960a451075a301a9","result":"0x58f74e97768fb865660d0e77e736afca1859c8fbf8832c9930340664297d868e"}}
[2m2025-12-10T10:12:40.281927Z[0m [34mDEBUG[0m [2methereum_transaction_pool_monitor::eth_client[0m[2m:[0m 📨 Received pending transaction: 0x58f74e97768fb865660d0e77e736afca1859c8fbf8832c9930340664297d868e
[2m2025-12-10T10:12:40.281934Z[0m [34mDEBUG[0m [2methereum_transaction_pool_monitor::mempool_monitor[0m[2m:[0m 📨 Processing new pending transaction: 0x35c2c59fd5753f0ee6ed73520790a809da22281e0553de0be311ba37e4d8255f
[2m2025-12-10T10:12:40.281941Z[0m [34mDEBUG[0m [2methereum_transaction_pool_monitor::mempool_monitor[0m[2m:[0m 🔍 Fetching transaction details for: 0x35c2c59fd5753f0ee6ed73520790a809da22281e0553de0be311ba37e4d8255f
[2m2025-12-10T10:12:40.281947Z[0m [34mDEBUG[0m [2methereum_transaction_pool_monitor::eth_client[0m[2m:[0m 🔍 Fetching transaction details for hash: 0x35c2c59fd5753f0ee6ed73520790a809da22281e0553de0be311ba37e4d8255f
[2m2025-12-10T10:12:40.281965Z[0m [34mDEBUG[0m [2mhyper::client::pool[0m[2m:[0m reuse idle connection for ("http", 192.168.0.14:8545)
[2m2025-12-10T10:12:40.281987Z[0m [34mDEBUG[0m [2mhyper::proto::h1::io[0m[2m:[0m flushed 250 bytes
[2m2025-12-10T10:12:40.288127Z[0m [34mDEBUG[0m [2mhyper::proto::h1::io[0m[2m:[0m parsed 4 headers
[2m2025-12-10T10:12:40.288149Z[0m [34mDEBUG[0m [2mhyper::proto::h1::conn[0m[2m:[0m incoming body is content-length (770 bytes)
[2m2025-12-10T10:12:40.288173Z[0m [34mDEBUG[0m [2mhyper::proto::h1::conn[0m[2m:[0m incoming body completed
[2m2025-12-10T10:12:40.288186Z[0m [34mDEBUG[0m [2mhyper::client::pool[0m[2m:[0m pooling idle connection for ("http", 192.168.0.14:8545)
[2m2025-12-10T10:12:40.288193Z[0m [34mDEBUG[0m [2methereum_transaction_pool_monitor::eth_client[0m[2m:[0m 📡 Transaction fetch RPC completed in 6.239625ms
[2m2025-12-10T10:12:40.288219Z[0m [34mDEBUG[0m [2methereum_transaction_pool_monitor::eth_client[0m[2m:[0m DeFi transaction detected - Address: 0xdac17f958d2ee523a2206206994597c13d831ec7, Type: Stablecoin, Value: 0 ETH, Gas: 2.35 Gwei
[2m2025-12-10T10:12:40.288233Z[0m [34mDEBUG[0m [2methereum_transaction_pool_monitor::eth_client[0m[2m:[0m ✅ Transaction 0x35c2c59fd5753f0ee6ed73520790a809da22281e0553de0be311ba37e4d8255f fetched and parsed in 6.279625ms
[2m2025-12-10T10:12:40.288238Z[0m [34mDEBUG[0m [2methereum_transaction_pool_monitor::mempool_monitor[0m[2m:[0m 🔍 Skipping tx 0x35c2c59fd5753f0ee6ed73520790a809da22281e0553de0be311ba37e4d8255f - not a DEX interaction (target: 0xdAC17F958D2ee523a2206206994597C13D831ec7)
[2m2025-12-10T10:12:40.288243Z[0m [34mDEBUG[0m [2methereum_transaction_pool_monitor::mempool_monitor[0m[2m:[0m 📨 Processing new pending transaction: 0x8ded82651e4f486f2f6544268f73db540ecd025b9b55b20d5307eba9dda10d59
[2m2025-12-10T10:12:40.288247Z[0m [34mDEBUG[0m [2methereum_transaction_pool_monitor::mempool_monitor[0m[2m:[0m 🔍 Fetching transaction details for: 0x8ded82651e4f486f2f6544268f73db540ecd025b9b55b20d5307eba9dda10d59
[2m2025-12-10T10:12:40.288251Z[0m [34mDEBUG[0m [2methereum_transaction_pool_monitor::eth_client[0m[2m:[0m 🔍 Fetching transaction details for hash: 0x8ded82651e4f486f2f6544268f73db540ecd025b9b55b20d5307eba9dda10d59
[2m2025-12-10T10:12:40.288259Z[0m [34mDEBUG[0m [2mhyper::client::pool[0m[2m:[0m reuse idle connection for ("http", 192.168.0.14:8545)
[2m2025-12-10T10:12:40.288275Z[0m [34mDEBUG[0m [2mhyper::proto::h1::io[0m[2m:[0m flushed 250 bytes
[2m2025-12-10T10:12:40.295648Z[0m [34mDEBUG[0m [2methereum_transaction_pool_monitor::eth_client[0m[2m:[0m 📨 Received WebSocket message: {"jsonrpc":"2.0","method":"eth_subscription","params":{"subscription":"0xbed0a0851463e895960a451075a301a9","result":"0xc8f284d3a8893eb429e8b27f36252aede0d855c45df057d2f9e91d6af50d44dc"}}
[2m2025-12-10T10:12:40.295677Z[0m [34mDEBUG[0m [2methereum_transaction_pool_monitor::eth_client[0m[2m:[0m 📨 Received pending transaction: 0xc8f284d3a8893eb429e8b27f36252aede0d855c45df057d2f9e91d6af50d44dc
[2m2025-12-10T10:12:40.295706Z[0m [34mDEBUG[0m [2mhyper::proto::h1::io[0m[2m:[0m parsed 4 headers
[2m2025-12-10T10:12:40.295710Z[0m [34mDEBUG[0m [2mhyper::proto::h1::conn[0m[2m:[0m incoming body is content-length (4291 bytes)
[2m2025-12-10T10:12:40.295715Z[0m [34mDEBUG[0m [2mhyper::proto::h1::conn[0m[2m:[0m incoming body completed
[2m2025-12-10T10:12:40.295720Z[0m [34mDEBUG[0m [2mhyper::client::pool[0m[2m:[0m pooling idle connection for ("http", 192.168.0.14:8545)
[2m2025-12-10T10:12:40.295725Z[0m [34mDEBUG[0m [2methereum_transaction_pool_monitor::eth_client[0m[2m:[0m 📡 Transaction fetch RPC completed in 7.470375ms
[2m2025-12-10T10:12:40.366066Z[0m [34mDEBUG[0m [2methereum_transaction_pool_monitor::eth_client[0m[2m:[0m ✅ Transaction 0x8ded82651e4f486f2f6544268f73db540ecd025b9b55b20d5307eba9dda10d59 fetched and parsed in 77.808458ms
[2m2025-12-10T10:12:40.366092Z[0m [34mDEBUG[0m [2methereum_transaction_pool_monitor::mempool_monitor[0m[2m:[0m 🔍 Skipping tx 0x8ded82651e4f486f2f6544268f73db540ecd025b9b55b20d5307eba9dda10d59 - not a DEX interaction (target: 0xF6801D319497789f934ec7F83E142a9536312B08)
[2m2025-12-10T10:12:40.366103Z[0m [34mDEBUG[0m [2methereum_transaction_pool_monitor::mempool_monitor[0m[2m:[0m 📨 Processing new pending transaction: 0x58f74e97768fb865660d0e77e736afca1859c8fbf8832c9930340664297d868e
[2m2025-12-10T10:12:40.366109Z[0m [34mDEBUG[0m [2methereum_transaction_pool_monitor::mempool_monitor[0m[2m:[0m 🔍 Fetching transaction details for: 0x58f74e97768fb865660d0e77e736afca1859c8fbf8832c9930340664297d868e
[2m2025-12-10T10:12:40.366118Z[0m [34mDEBUG[0m [2methereum_transaction_pool_monitor::eth_client[0m[2m:[0m 🔍 Fetching transaction details for hash: 0x58f74e97768fb865660d0e77e736afca1859c8fbf8832c9930340664297d868e
[2m2025-12-10T10:12:40.366137Z[0m [34mDEBUG[0m [2mhyper::client::pool[0m[2m:[0m reuse idle connection for ("http", 192.168.0.14:8545)
[2m2025-12-10T10:12:40.366177Z[0m [34mDEBUG[0m [2mhyper::proto::h1::io[0m[2m:[0m flushed 250 bytes
[2m2025-12-10T10:12:40.366848Z[0m [34mDEBUG[0m [2mhyper::client::pool[0m[2m:[0m reuse idle connection for ("http", 192.168.0.14:8545)
[2m2025-12-10T10:12:40.366869Z[0m [34mDEBUG[0m [2mhyper::proto::h1::io[0m[2m:[0m flushed 172 bytes
[2m2025-12-10T10:12:40.366881Z[0m [34mDEBUG[0m [2methereum_transaction_pool_monitor::eth_client[0m[2m:[0m 📨 Received WebSocket message: {"jsonrpc":"2.0","method":"eth_subscription","params":{"subscription":"0xbed0a0851463e895960a451075a301a9","result":"0x69e219dd645f42b0069b05e87e97d6c83b152f2328db56e3da9cc8fbbe7b3d10"}}
[2m2025-12-10T10:12:40.366892Z[0m [34mDEBUG[0m [2methereum_transaction_pool_monitor::eth_client[0m[2m:[0m 📨 Received pending transaction: 0x69e219dd645f42b0069b05e87e97d6c83b152f2328db56e3da9cc8fbbe7b3d10
[2m2025-12-10T10:12:40.372018Z[0m [34mDEBUG[0m [2mhyper::proto::h1::io[0m[2m:[0m parsed 4 headers
[2m2025-12-10T10:12:40.372025Z[0m [34mDEBUG[0m [2mhyper::proto::h1::conn[0m[2m:[0m incoming body is content-length (830 bytes)
[2m2025-12-10T10:12:40.372033Z[0m [34mDEBUG[0m [2mhyper::proto::h1::conn[0m[2m:[0m incoming body completed
[2m2025-12-10T10:12:40.372042Z[0m [34mDEBUG[0m [2mhyper::client::pool[0m[2m:[0m pooling idle connection for ("http", 192.168.0.14:8545)
[2m2025-12-10T10:12:40.372048Z[0m [34mDEBUG[0m [2methereum_transaction_pool_monitor::eth_client[0m[2m:[0m 📡 Transaction fetch RPC completed in 5.92525ms
[2m2025-12-10T10:12:40.443259Z[0m [34mDEBUG[0m [2methereum_transaction_pool_monitor::eth_client[0m[2m:[0m ✅ Transaction 0x58f74e97768fb865660d0e77e736afca1859c8fbf8832c9930340664297d868e fetched and parsed in 77.134041ms
[2m2025-12-10T10:12:40.443289Z[0m [34mDEBUG[0m [2methereum_transaction_pool_monitor::mempool_monitor[0m[2m:[0m 🔍 Skipping tx 0x58f74e97768fb865660d0e77e736afca1859c8fbf8832c9930340664297d868e - not a DEX interaction (target: 0x3B4D794a66304F130a4Db8F2551B0070dfCf5ca7)
[2m2025-12-10T10:12:40.443301Z[0m [34mDEBUG[0m [2methereum_transaction_pool_monitor::mempool_monitor[0m[2m:[0m 📨 Processing new pending transaction: 0xc8f284d3a8893eb429e8b27f36252aede0d855c45df057d2f9e91d6af50d44dc
[2m2025-12-10T10:12:40.443314Z[0m [34mDEBUG[0m [2methereum_transaction_pool_monitor::mempool_monitor[0m[2m:[0m 🔍 Fetching transaction details for: 0xc8f284d3a8893eb429e8b27f36252aede0d855c45df057d2f9e91d6af50d44dc
[2m2025-12-10T10:12:40.443323Z[0m [34mDEBUG[0m [2methereum_transaction_pool_monitor::eth_client[0m[2m:[0m 🔍 Fetching transaction details for hash: 0xc8f284d3a8893eb429e8b27f36252aede0d855c45df057d2f9e91d6af50d44dc
[2m2025-12-10T10:12:40.443343Z[0m [34mDEBUG[0m [2mhyper::client::pool[0m[2m:[0m reuse idle connection for ("http", 192.168.0.14:8545)
[2m2025-12-10T10:12:40.443381Z[0m [34mDEBUG[0m [2mhyper::proto::h1::io[0m[2m:[0m flushed 250 bytes
[2m2025-12-10T10:12:40.443408Z[0m [34mDEBUG[0m [2methereum_transaction_pool_monitor::eth_client[0m[2m:[0m 📨 Received WebSocket message: {"jsonrpc":"2.0","method":"eth_subscription","params":{"subscription":"0xbed0a0851463e895960a451075a301a9","result":"0x6c888abd2f2e49e144e3dc4ab213b139dfe78baab46a68297b17cdd4a5ae646d"}}
[2m2025-12-10T10:12:40.443421Z[0m [34mDEBUG[0m [2methereum_transaction_pool_monitor::eth_client[0m[2m:[0m 📨 Received pending transaction: 0x6c888abd2f2e49e144e3dc4ab213b139dfe78baab46a68297b17cdd4a5ae646d
[2m2025-12-10T10:12:40.443426Z[0m [34mDEBUG[0m [2mhyper::proto::h1::io[0m[2m:[0m parsed 4 headers
[2m2025-12-10T10:12:40.443438Z[0m [34mDEBUG[0m [2mhyper::proto::h1::conn[0m[2m:[0m incoming body is content-length (45 bytes)
[2m2025-12-10T10:12:40.443447Z[0m [34mDEBUG[0m [2mhyper::proto::h1::conn[0m[2m:[0m incoming body completed
[2m2025-12-10T10:12:40.443455Z[0m [34mDEBUG[0m [2mhyper::client::pool[0m[2m:[0m pooling idle connection for ("http", 192.168.0.14:8545)
[2m2025-12-10T10:12:40.443471Z[0m [34mDEBUG[0m [2mhyper::client::pool[0m[2m:[0m reuse idle connection for ("http", 192.168.0.14:8545)
[2m2025-12-10T10:12:40.443487Z[0m [34mDEBUG[0m [2mhyper::proto::h1::io[0m[2m:[0m flushed 172 bytes
[2m2025-12-10T10:12:40.451834Z[0m [34mDEBUG[0m [2mhyper::proto::h1::io[0m[2m:[0m parsed 4 headers
[2m2025-12-10T10:12:40.451870Z[0m [34mDEBUG[0m [2mhyper::proto::h1::conn[0m[2m:[0m incoming body is content-length (2048 bytes)
[2m2025-12-10T10:12:40.451904Z[0m [34mDEBUG[0m [2methereum_transaction_pool_monitor::eth_client[0m[2m:[0m 📡 Transaction fetch RPC completed in 8.573625ms
[2m2025-12-10T10:12:40.453665Z[0m [34mDEBUG[0m [2mhyper::proto::h1::conn[0m[2m:[0m incoming body completed
[2m2025-12-10T10:12:40.453699Z[0m [34mDEBUG[0m [2mhyper::client::pool[0m[2m:[0m pooling idle connection for ("http", 192.168.0.14:8545)
[2m2025-12-10T10:12:40.453731Z[0m [34mDEBUG[0m [2mhyper::proto::h1::io[0m[2m:[0m parsed 4 headers
[2m2025-12-10T10:12:40.453737Z[0m [34mDEBUG[0m [2mhyper::proto::h1::conn[0m[2m:[0m incoming body is content-length (45 bytes)
[2m2025-12-10T10:12:40.453764Z[0m [34mDEBUG[0m [2mhyper::proto::h1::conn[0m[2m:[0m incoming body completed
[2m2025-12-10T10:12:40.453771Z[0m [34mDEBUG[0m [2mhyper::client::pool[0m[2m:[0m pooling idle connection for ("http", 192.168.0.14:8545)
[2m2025-12-10T10:12:40.499816Z[0m [34mDEBUG[0m [2mhyper::client::pool[0m[2m:[0m reuse idle connection for ("http", 192.168.0.14:8545)
[2m2025-12-10T10:12:40.499895Z[0m [34mDEBUG[0m [2mhyper::proto::h1::io[0m[2m:[0m flushed 172 bytes
[2m2025-12-10T10:12:40.504119Z[0m [34mDEBUG[0m [2mhyper::proto::h1::io[0m[2m:[0m parsed 4 headers
[2m2025-12-10T10:12:40.504127Z[0m [34mDEBUG[0m [2mhyper::proto::h1::conn[0m[2m:[0m incoming body is content-length (45 bytes)
[2m2025-12-10T10:12:40.504135Z[0m [34mDEBUG[0m [2mhyper::proto::h1::conn[0m[2m:[0m incoming body completed
[2m2025-12-10T10:12:40.504144Z[0m [34mDEBUG[0m [2mhyper::client::pool[0m[2m:[0m pooling idle connection for ("http", 192.168.0.14:8545)
[2m2025-12-10T10:12:40.510286Z[0m [34mDEBUG[0m [2methereum_transaction_pool_monitor::eth_client[0m[2m:[0m 📨 Received WebSocket message: {"jsonrpc":"2.0","method":"eth_subscription","params":{"subscription":"0xbed0a0851463e895960a451075a301a9","result":"0xff5f83d7eec459c217b3ba2e33d38596d4f746b2e9f38f0f9eb05fffb8959832"}}
[2m2025-12-10T10:12:40.510297Z[0m [34mDEBUG[0m [2methereum_transaction_pool_monitor::eth_client[0m[2m:[0m 📨 Received pending transaction: 0xff5f83d7eec459c217b3ba2e33d38596d4f746b2e9f38f0f9eb05fffb8959832
[2m2025-12-10T10:12:40.525501Z[0m [34mDEBUG[0m [2methereum_transaction_pool_monitor::eth_client[0m[2m:[0m ✅ Transaction 0xc8f284d3a8893eb429e8b27f36252aede0d855c45df057d2f9e91d6af50d44dc fetched and parsed in 82.168875ms
[2m2025-12-10T10:12:40.525521Z[0m [34mDEBUG[0m [2methereum_transaction_pool_monitor::mempool_monitor[0m[2m:[0m 🔍 Skipping tx 0xc8f284d3a8893eb429e8b27f36252aede0d855c45df057d2f9e91d6af50d44dc - not a DEX interaction (target: 0x00000047bB99ea4D791bb749D970DE71EE0b1A34)
[2m2025-12-10T10:12:40.525532Z[0m [34mDEBUG[0m [2methereum_transaction_pool_monitor::mempool_monitor[0m[2m:[0m 📨 Processing new pending transaction: 0x69e219dd645f42b0069b05e87e97d6c83b152f2328db56e3da9cc8fbbe7b3d10
[2m2025-12-10T10:12:40.525538Z[0m [34mDEBUG[0m [2methereum_transaction_pool_monitor::mempool_monitor[0m[2m:[0m 🔍 Fetching transaction details for: 0x69e219dd645f42b0069b05e87e97d6c83b152f2328db56e3da9cc8fbbe7b3d10
[2m2025-12-10T10:12:40.525543Z[0m [34mDEBUG[0m [2methereum_transaction_pool_monitor::eth_client[0m[2m:[0m 🔍 Fetching transaction details for hash: 0x69e219dd645f42b0069b05e87e97d6c83b152f2328db56e3da9cc8fbbe7b3d10
[2m2025-12-10T10:12:40.525561Z[0m [34mDEBUG[0m [2mhyper::client::pool[0m[2m:[0m reuse idle connection for ("http", 192.168.0.14:8545)
[2m2025-12-10T10:12:40.525599Z[0m [34mDEBUG[0m [2mhyper::proto::h1::io[0m[2m:[0m flushed 250 bytes
[2m2025-12-10T10:12:40.534195Z[0m [34mDEBUG[0m [2mhyper::proto::h1::io[0m[2m:[0m parsed 4 headers
[2m2025-12-10T10:12:40.534221Z[0m [34mDEBUG[0m [2mhyper::proto::h1::conn[0m[2m:[0m incoming body is content-length (769 bytes)
[2m2025-12-10T10:12:40.534241Z[0m [34mDEBUG[0m [2mhyper::proto::h1::conn[0m[2m:[0m incoming body completed
[2m2025-12-10T10:12:40.534252Z[0m [34mDEBUG[0m [2mhyper::client::pool[0m[2m:[0m pooling idle connection for ("http", 192.168.0.14:8545)
[2m2025-12-10T10:12:40.534272Z[0m [34mDEBUG[0m [2methereum_transaction_pool_monitor::eth_client[0m[2m:[0m 📡 Transaction fetch RPC completed in 8.723375ms
[2m2025-12-10T10:12:40.605607Z[0m [34mDEBUG[0m [2methereum_transaction_pool_monitor::eth_client[0m[2m:[0m ✅ Transaction 0x69e219dd645f42b0069b05e87e97d6c83b152f2328db56e3da9cc8fbbe7b3d10 fetched and parsed in 80.056125ms
[2m2025-12-10T10:12:40.607676Z[0m [34mDEBUG[0m [2methereum_transaction_pool_monitor::mempool_monitor[0m[2m:[0m 🔍 Skipping tx 0x69e219dd645f42b0069b05e87e97d6c83b152f2328db56e3da9cc8fbbe7b3d10 - not a DEX interaction (target: 0x6c3ea9036406852006290770BEdFcAbA0e23A0e8)
[2m2025-12-10T10:12:40.607713Z[0m [34mDEBUG[0m [2methereum_transaction_pool_monitor::mempool_monitor[0m[2m:[0m 📨 Processing new pending transaction: 0x6c888abd2f2e49e144e3dc4ab213b139dfe78baab46a68297b17cdd4a5ae646d
[2m2025-12-10T10:12:40.607722Z[0m [34mDEBUG[0m [2methereum_transaction_pool_monitor::mempool_monitor[0m[2m:[0m 🔍 Fetching transaction details for: 0x6c888abd2f2e49e144e3dc4ab213b139dfe78baab46a68297b17cdd4a5ae646d
[2m2025-12-10T10:12:40.607730Z[0m [34mDEBUG[0m [2methereum_transaction_pool_monitor::eth_client[0m[2m:[0m 🔍 Fetching transaction details for hash: 0x6c888abd2f2e49e144e3dc4ab213b139dfe78baab46a68297b17cdd4a5ae646d
[2m2025-12-10T10:12:40.607760Z[0m [34mDEBUG[0m [2mhyper::client::pool[0m[2m:[0m reuse idle connection for ("http", 192.168.0.14:8545)
[2m2025-12-10T10:12:40.607808Z[0m [34mDEBUG[0m [2mhyper::proto::h1::io[0m[2m:[0m flushed 250 bytes
[2m2025-12-10T10:12:40.607844Z[0m [34mDEBUG[0m [2mhyper::client::pool[0m[2m:[0m reuse idle connection for ("http", 192.168.0.14:8545)
[2m2025-12-10T10:12:40.607859Z[0m [34mDEBUG[0m [2mhyper::proto::h1::io[0m[2m:[0m flushed 172 bytes
[2m2025-12-10T10:12:40.607875Z[0m [34mDEBUG[0m [2methereum_transaction_pool_monitor::eth_client[0m[2m:[0m 📨 Received WebSocket message: {"jsonrpc":"2.0","method":"eth_subscription","params":{"subscription":"0xbed0a0851463e895960a451075a301a9","result":"0xe197db78a8b8397b4cc6309103f8411a3f2cea6ce180fa8f6f9f691278d1f803"}}
[2m2025-12-10T10:12:40.607884Z[0m [34mDEBUG[0m [2methereum_transaction_pool_monitor::eth_client[0m[2m:[0m 📨 Received pending transaction: 0xe197db78a8b8397b4cc6309103f8411a3f2cea6ce180fa8f6f9f691278d1f803
[2m2025-12-10T10:12:40.614195Z[0m [34mDEBUG[0m [2mhyper::proto::h1::io[0m[2m:[0m parsed 4 headers
[2m2025-12-10T10:12:40.614202Z[0m [34mDEBUG[0m [2mhyper::proto::h1::conn[0m[2m:[0m incoming body is content-length (678 bytes)
[2m2025-12-10T10:12:40.614211Z[0m [34mDEBUG[0m [2mhyper::proto::h1::conn[0m[2m:[0m incoming body completed
[2m2025-12-10T10:12:40.614223Z[0m [34mDEBUG[0m [2mhyper::client::pool[0m[2m:[0m pooling idle connection for ("http", 192.168.0.14:8545)
[2m2025-12-10T10:12:40.614233Z[0m [34mDEBUG[0m [2methereum_transaction_pool_monitor::eth_client[0m[2m:[0m 📡 Transaction fetch RPC completed in 6.495708ms
[2m2025-12-10T10:12:40.685700Z[0m [34mDEBUG[0m [2methereum_transaction_pool_monitor::eth_client[0m[2m:[0m ✅ Transaction 0x6c888abd2f2e49e144e3dc4ab213b139dfe78baab46a68297b17cdd4a5ae646d fetched and parsed in 77.9605ms
[2m2025-12-10T10:12:40.685727Z[0m [34mDEBUG[0m [2methereum_transaction_pool_monitor::mempool_monitor[0m[2m:[0m 🔍 Skipping tx 0x6c888abd2f2e49e144e3dc4ab213b139dfe78baab46a68297b17cdd4a5ae646d - not a DEX interaction (target: 0xA0b86991c6218b36c1d19D4a2e9Eb0cE3606eB48)
[2m2025-12-10T10:12:40.685739Z[0m [34mDEBUG[0m [2methereum_transaction_pool_monitor::mempool_monitor[0m[2m:[0m 📨 Processing new pending transaction: 0xff5f83d7eec459c217b3ba2e33d38596d4f746b2e9f38f0f9eb05fffb8959832
[2m2025-12-10T10:12:40.685754Z[0m [34mDEBUG[0m [2methereum_transaction_pool_monitor::mempool_monitor[0m[2m:[0m 🔍 Fetching transaction details for: 0xff5f83d7eec459c217b3ba2e33d38596d4f746b2e9f38f0f9eb05fffb8959832
[2m2025-12-10T10:12:40.685762Z[0m [34mDEBUG[0m [2methereum_transaction_pool_monitor::eth_client[0m[2m:[0m 🔍 Fetching transaction details for hash: 0xff5f83d7eec459c217b3ba2e33d38596d4f746b2e9f38f0f9eb05fffb8959832
[2m2025-12-10T10:12:40.685781Z[0m [34mDEBUG[0m [2mhyper::client::pool[0m[2m:[0m reuse idle connection for ("http", 192.168.0.14:8545)
[2m2025-12-10T10:12:40.685825Z[0m [34mDEBUG[0m [2mhyper::proto::h1::io[0m[2m:[0m flushed 250 bytes
[2m2025-12-10T10:12:40.685848Z[0m [34mDEBUG[0m [2mhyper::proto::h1::io[0m[2m:[0m parsed 4 headers
[2m2025-12-10T10:12:40.685855Z[0m [34mDEBUG[0m [2mhyper::proto::h1::conn[0m[2m:[0m incoming body is content-length (45 bytes)
[2m2025-12-10T10:12:40.685863Z[0m [34mDEBUG[0m [2mhyper::proto::h1::conn[0m[2m:[0m incoming body completed
[2m2025-12-10T10:12:40.685875Z[0m [34mDEBUG[0m [2mhyper::client::pool[0m[2m:[0m pooling idle connection for ("http", 192.168.0.14:8545)
[2m2025-12-10T10:12:40.690865Z[0m [34mDEBUG[0m [2mhyper::proto::h1::io[0m[2m:[0m parsed 4 headers
[2m2025-12-10T10:12:40.690887Z[0m [34mDEBUG[0m [2mhyper::proto::h1::conn[0m[2m:[0m incoming body is content-length (830 bytes)
[2m2025-12-10T10:12:40.690920Z[0m [34mDEBUG[0m [2mhyper::proto::h1::conn[0m[2m:[0m incoming body completed
[2m2025-12-10T10:12:40.690932Z[0m [34mDEBUG[0m [2mhyper::client::pool[0m[2m:[0m pooling idle connection for ("http", 192.168.0.14:8545)
[2m2025-12-10T10:12:40.690937Z[0m [34mDEBUG[0m [2methereum_transaction_pool_monitor::eth_client[0m[2m:[0m 📡 Transaction fetch RPC completed in 5.169334ms
[2m2025-12-10T10:12:40.761752Z[0m [34mDEBUG[0m [2methereum_transaction_pool_monitor::eth_client[0m[2m:[0m ✅ Transaction 0xff5f83d7eec459c217b3ba2e33d38596d4f746b2e9f38f0f9eb05fffb8959832 fetched and parsed in 75.98175ms
[2m2025-12-10T10:12:40.761784Z[0m [34mDEBUG[0m [2methereum_transaction_pool_monitor::mempool_monitor[0m[2m:[0m 🔍 Skipping tx 0xff5f83d7eec459c217b3ba2e33d38596d4f746b2e9f38f0f9eb05fffb8959832 - not a DEX interaction (target: 0x3B4D794a66304F130a4Db8F2551B0070dfCf5ca7)
[2m2025-12-10T10:12:40.761802Z[0m [34mDEBUG[0m [2methereum_transaction_pool_monitor::mempool_monitor[0m[2m:[0m 📨 Processing new pending transaction: 0xe197db78a8b8397b4cc6309103f8411a3f2cea6ce180fa8f6f9f691278d1f803
[2m2025-12-10T10:12:40.761815Z[0m [34mDEBUG[0m [2methereum_transaction_pool_monitor::mempool_monitor[0m[2m:[0m 🔍 Fetching transaction details for: 0xe197db78a8b8397b4cc6309103f8411a3f2cea6ce180fa8f6f9f691278d1f803
[2m2025-12-10T10:12:40.761820Z[0m [34mDEBUG[0m [2methereum_transaction_pool_monitor::eth_client[0m[2m:[0m 🔍 Fetching transaction details for hash: 0xe197db78a8b8397b4cc6309103f8411a3f2cea6ce180fa8f6f9f691278d1f803
[2m2025-12-10T10:12:40.761846Z[0m [34mDEBUG[0m [2mhyper::client::pool[0m[2m:[0m reuse idle connection for ("http", 192.168.0.14:8545)
[2m2025-12-10T10:12:40.761876Z[0m [34mDEBUG[0m [2mhyper::proto::h1::io[0m[2m:[0m flushed 250 bytes
[2m2025-12-10T10:12:40.761904Z[0m [34mDEBUG[0m [2mhyper::client::pool[0m[2m:[0m reuse idle connection for ("http", 192.168.0.14:8545)
[2m2025-12-10T10:12:40.761920Z[0m [34mDEBUG[0m [2mhyper::proto::h1::io[0m[2m:[0m flushed 172 bytes
[2m2025-12-10T10:12:40.767582Z[0m [34mDEBUG[0m [2mhyper::proto::h1::io[0m[2m:[0m parsed 4 headers
[2m2025-12-10T10:12:40.767588Z[0m [34mDEBUG[0m [2mhyper::proto::h1::conn[0m[2m:[0m incoming body is content-length (555 bytes)
[2m2025-12-10T10:12:40.767595Z[0m [34mDEBUG[0m [2mhyper::proto::h1::conn[0m[2m:[0m incoming body completed
[2m2025-12-10T10:12:40.767601Z[0m [34mDEBUG[0m [2mhyper::client::pool[0m[2m:[0m pooling idle connection for ("http", 192.168.0.14:8545)
[2m2025-12-10T10:12:40.767818Z[0m [34mDEBUG[0m [2methereum_transaction_pool_monitor::eth_client[0m[2m:[0m 📡 Transaction fetch RPC completed in 5.98625ms
[2m2025-12-10T10:12:40.838536Z[0m [34mDEBUG[0m [2methereum_transaction_pool_monitor::eth_client[0m[2m:[0m ✅ Transaction 0xe197db78a8b8397b4cc6309103f8411a3f2cea6ce180fa8f6f9f691278d1f803 fetched and parsed in 76.702292ms
[2m2025-12-10T10:12:40.838564Z[0m [34mDEBUG[0m [2methereum_transaction_pool_monitor::mempool_monitor[0m[2m:[0m 🔍 Skipping tx 0xe197db78a8b8397b4cc6309103f8411a3f2cea6ce180fa8f6f9f691278d1f803 - not a DEX interaction (target: 0x9642b23Ed1E01Df1092B92641051881a322F5D4E)
[2m2025-12-10T10:12:40.838606Z[0m [34mDEBUG[0m [2mhyper::proto::h1::io[0m[2m:[0m parsed 4 headers
[2m2025-12-10T10:12:40.838617Z[0m [34mDEBUG[0m [2methereum_transaction_pool_monitor::eth_client[0m[2m:[0m 📨 Received WebSocket message: {"jsonrpc":"2.0","method":"eth_subscription","params":{"subscription":"0xbed0a0851463e895960a451075a301a9","result":"0x473f9df17a051f462dbcc8ba8900e09a41ef5eef367ec62b2be33d93345a1eb3"}}
[2m2025-12-10T10:12:40.838617Z[0m [34mDEBUG[0m [2mhyper::proto::h1::conn[0m[2m:[0m incoming body is content-length (45 bytes)
[2m2025-12-10T10:12:40.838632Z[0m [34mDEBUG[0m [2methereum_transaction_pool_monitor::eth_client[0m[2m:[0m 📨 Received pending transaction: 0x473f9df17a051f462dbcc8ba8900e09a41ef5eef367ec62b2be33d93345a1eb3
[2m2025-12-10T10:12:40.838641Z[0m [34mDEBUG[0m [2mhyper::proto::h1::conn[0m[2m:[0m incoming body completed
[2m2025-12-10T10:12:40.838648Z[0m [34mDEBUG[0m [2methereum_transaction_pool_monitor::mempool_monitor[0m[2m:[0m 📨 Processing new pending transaction: 0x473f9df17a051f462dbcc8ba8900e09a41ef5eef367ec62b2be33d93345a1eb3
[2m2025-12-10T10:12:40.838653Z[0m [34mDEBUG[0m [2mhyper::client::pool[0m[2m:[0m pooling idle connection for ("http", 192.168.0.14:8545)
[2m2025-12-10T10:12:40.838657Z[0m [34mDEBUG[0m [2methereum_transaction_pool_monitor::mempool_monitor[0m[2m:[0m 🔍 Fetching transaction details for: 0x473f9df17a051f462dbcc8ba8900e09a41ef5eef367ec62b2be33d93345a1eb3
[2m2025-12-10T10:12:40.838664Z[0m [34mDEBUG[0m [2methereum_transaction_pool_monitor::eth_client[0m[2m:[0m 🔍 Fetching transaction details for hash: 0x473f9df17a051f462dbcc8ba8900e09a41ef5eef367ec62b2be33d93345a1eb3
[2m2025-12-10T10:12:40.838678Z[0m [34mDEBUG[0m [2mhyper::client::pool[0m[2m:[0m reuse idle connection for ("http", 192.168.0.14:8545)
[2m2025-12-10T10:12:40.838678Z[0m [34mDEBUG[0m [2mhyper::client::pool[0m[2m:[0m reuse idle connection for ("http", 192.168.0.14:8545)
[2m2025-12-10T10:12:40.838699Z[0m [34mDEBUG[0m [2mhyper::proto::h1::io[0m[2m:[0m flushed 172 bytes
[2m2025-12-10T10:12:40.838706Z[0m [34mDEBUG[0m [2mhyper::proto::h1::io[0m[2m:[0m flushed 250 bytes
[2m2025-12-10T10:12:40.849868Z[0m [34mDEBUG[0m [2mhyper::proto::h1::io[0m[2m:[0m parsed 4 headers
[2m2025-12-10T10:12:40.849890Z[0m [34mDEBUG[0m [2mhyper::proto::h1::conn[0m[2m:[0m incoming body is content-length (45 bytes)
[2m2025-12-10T10:12:40.849913Z[0m [34mDEBUG[0m [2mhyper::proto::h1::conn[0m[2m:[0m incoming body completed
[2m2025-12-10T10:12:40.849929Z[0m [34mDEBUG[0m [2mhyper::client::pool[0m[2m:[0m pooling idle connection for ("http", 192.168.0.14:8545)
[2m2025-12-10T10:12:40.849959Z[0m [34mDEBUG[0m [2mhyper::proto::h1::io[0m[2m:[0m parsed 4 headers
[2m2025-12-10T10:12:40.849964Z[0m [34mDEBUG[0m [2mhyper::proto::h1::conn[0m[2m:[0m incoming body is content-length (1732 bytes)
[2m2025-12-10T10:12:40.849968Z[0m [34mDEBUG[0m [2mhyper::proto::h1::conn[0m[2m:[0m incoming body completed
[2m2025-12-10T10:12:40.849973Z[0m [34mDEBUG[0m [2mhyper::client::pool[0m[2m:[0m pooling idle connection for ("http", 192.168.0.14:8545)
[2m2025-12-10T10:12:40.849977Z[0m [34mDEBUG[0m [2methereum_transaction_pool_monitor::eth_client[0m[2m:[0m 📡 Transaction fetch RPC completed in 11.307708ms
[2m2025-12-10T10:12:40.921268Z[0m [34mDEBUG[0m [2methereum_transaction_pool_monitor::eth_client[0m[2m:[0m ✅ Transaction 0x473f9df17a051f462dbcc8ba8900e09a41ef5eef367ec62b2be33d93345a1eb3 fetched and parsed in 82.5955ms
[2m2025-12-10T10:12:40.921294Z[0m [34mDEBUG[0m [2methereum_transaction_pool_monitor::mempool_monitor[0m[2m:[0m 🔍 Skipping tx 0x473f9df17a051f462dbcc8ba8900e09a41ef5eef367ec62b2be33d93345a1eb3 - not a DEX interaction (target: 0x601a2aD6CB5949f0529735254189Ba3194221EDF)
[2m2025-12-10T10:12:40.921329Z[0m [34mDEBUG[0m [2mhyper::client::pool[0m[2m:[0m reuse idle connection for ("http", 192.168.0.14:8545)
[2m2025-12-10T10:12:40.921353Z[0m [34mDEBUG[0m [2mhyper::proto::h1::io[0m[2m:[0m flushed 172 bytes
[2m2025-12-10T10:12:40.921353Z[0m [34mDEBUG[0m [2methereum_transaction_pool_monitor::eth_client[0m[2m:[0m 📨 Received WebSocket message: {"jsonrpc":"2.0","method":"eth_subscription","params":{"subscription":"0xbed0a0851463e895960a451075a301a9","result":"0xadc3ebd3dcc23c416c5ff99c77c9a0e1464f6ad078b299b8740d8b8a965e1564"}}
[2m2025-12-10T10:12:40.921374Z[0m [34mDEBUG[0m [2methereum_transaction_pool_monitor::eth_client[0m[2m:[0m 📨 Received pending transaction: 0xadc3ebd3dcc23c416c5ff99c77c9a0e1464f6ad078b299b8740d8b8a965e1564
[2m2025-12-10T10:12:40.921382Z[0m [34mDEBUG[0m [2methereum_transaction_pool_monitor::eth_client[0m[2m:[0m 📨 Received WebSocket message: {"jsonrpc":"2.0","method":"eth_subscription","params":{"subscription":"0xbed0a0851463e895960a451075a301a9","result":"0x9e32c1a13563825dacc0c93e7dd9f8e7b0a9834a1bc54a60318ca9e41b9bf5f3"}}
[2m2025-12-10T10:12:40.921392Z[0m [34mDEBUG[0m [2methereum_transaction_pool_monitor::eth_client[0m[2m:[0m 📨 Received pending transaction: 0x9e32c1a13563825dacc0c93e7dd9f8e7b0a9834a1bc54a60318ca9e41b9bf5f3
[2m2025-12-10T10:12:40.921398Z[0m [34mDEBUG[0m [2methereum_transaction_pool_monitor::eth_client[0m[2m:[0m 📨 Received WebSocket message: {"jsonrpc":"2.0","method":"eth_subscription","params":{"subscription":"0xbed0a0851463e895960a451075a301a9","result":"0xee031cc148b88c5d1ff446cfd5b4010d786c09196219d37d6b5daa713c871d50"}}
[2m2025-12-10T10:12:40.921405Z[0m [34mDEBUG[0m [2methereum_transaction_pool_monitor::eth_client[0m[2m:[0m 📨 Received pending transaction: 0xee031cc148b88c5d1ff446cfd5b4010d786c09196219d37d6b5daa713c871d50
[2m2025-12-10T10:12:40.921411Z[0m [34mDEBUG[0m [2methereum_transaction_pool_monitor::eth_client[0m[2m:[0m 📨 Received WebSocket message: {"jsonrpc":"2.0","method":"eth_subscription","params":{"subscription":"0xbed0a0851463e895960a451075a301a9","result":"0x9be6845aebff3feb609b9ec2e5baa9f97e65d52ce5c2e598bdefd7bd37731785"}}
[2m2025-12-10T10:12:40.921417Z[0m [34mDEBUG[0m [2methereum_transaction_pool_monitor::eth_client[0m[2m:[0m 📨 Received pending transaction: 0x9be6845aebff3feb609b9ec2e5baa9f97e65d52ce5c2e598bdefd7bd37731785
[2m2025-12-10T10:12:40.921425Z[0m [34mDEBUG[0m [2methereum_transaction_pool_monitor::mempool_monitor[0m[2m:[0m 📨 Processing new pending transaction: 0xadc3ebd3dcc23c416c5ff99c77c9a0e1464f6ad078b299b8740d8b8a965e1564
[2m2025-12-10T10:12:40.921433Z[0m [34mDEBUG[0m [2methereum_transaction_pool_monitor::mempool_monitor[0m[2m:[0m 🔍 Fetching transaction details for: 0xadc3ebd3dcc23c416c5ff99c77c9a0e1464f6ad078b299b8740d8b8a965e1564
[2m2025-12-10T10:12:40.921438Z[0m [34mDEBUG[0m [2methereum_transaction_pool_monitor::eth_client[0m[2m:[0m 🔍 Fetching transaction details for hash: 0xadc3ebd3dcc23c416c5ff99c77c9a0e1464f6ad078b299b8740d8b8a965e1564
[2m2025-12-10T10:12:40.921450Z[0m [34mDEBUG[0m [2mhyper::client::pool[0m[2m:[0m reuse idle connection for ("http", 192.168.0.14:8545)
[2m2025-12-10T10:12:40.921463Z[0m [34mDEBUG[0m [2mhyper::proto::h1::io[0m[2m:[0m flushed 250 bytes
[2m2025-12-10T10:12:40.928591Z[0m [34mDEBUG[0m [2mhyper::proto::h1::io[0m[2m:[0m parsed 4 headers
[2m2025-12-10T10:12:40.928596Z[0m [34mDEBUG[0m [2mhyper::proto::h1::conn[0m[2m:[0m incoming body is content-length (45 bytes)
[2m2025-12-10T10:12:40.928604Z[0m [34mDEBUG[0m [2mhyper::proto::h1::conn[0m[2m:[0m incoming body completed
[2m2025-12-10T10:12:40.928612Z[0m [34mDEBUG[0m [2mhyper::client::pool[0m[2m:[0m pooling idle connection for ("http", 192.168.0.14:8545)
[2m2025-12-10T10:12:40.928631Z[0m [34mDEBUG[0m [2mhyper::proto::h1::io[0m[2m:[0m parsed 4 headers
[2m2025-12-10T10:12:40.928638Z[0m [34mDEBUG[0m [2mhyper::proto::h1::conn[0m[2m:[0m incoming body is content-length (769 bytes)
[2m2025-12-10T10:12:40.928644Z[0m [34mDEBUG[0m [2mhyper::proto::h1::conn[0m[2m:[0m incoming body completed
[2m2025-12-10T10:12:40.928649Z[0m [34mDEBUG[0m [2mhyper::client::pool[0m[2m:[0m pooling idle connection for ("http", 192.168.0.14:8545)
[2m2025-12-10T10:12:40.928657Z[0m [34mDEBUG[0m [2methereum_transaction_pool_monitor::eth_client[0m[2m:[0m 📡 Transaction fetch RPC completed in 7.212709ms
[2m2025-12-10T10:12:40.928671Z[0m [34mDEBUG[0m [2methereum_transaction_pool_monitor::eth_client[0m[2m:[0m DeFi transaction detected - Address: 0x6b175474e89094c44da98b954eedeac495271d0f, Type: Stablecoin, Value: 0 ETH, Gas: 0.42 Gwei
[2m2025-12-10T10:12:40.928684Z[0m [34mDEBUG[0m [2methereum_transaction_pool_monitor::eth_client[0m[2m:[0m ✅ Transaction 0xadc3ebd3dcc23c416c5ff99c77c9a0e1464f6ad078b299b8740d8b8a965e1564 fetched and parsed in 7.23975ms
[2m2025-12-10T10:12:40.928692Z[0m [34mDEBUG[0m [2methereum_transaction_pool_monitor::mempool_monitor[0m[2m:[0m 🔍 Skipping tx 0xadc3ebd3dcc23c416c5ff99c77c9a0e1464f6ad078b299b8740d8b8a965e1564 - not a DEX interaction (target: 0x6B175474E89094C44Da98b954EedeAC495271d0F)
[2m2025-12-10T10:12:40.928700Z[0m [34mDEBUG[0m [2methereum_transaction_pool_monitor::mempool_monitor[0m[2m:[0m 📨 Processing new pending transaction: 0x9e32c1a13563825dacc0c93e7dd9f8e7b0a9834a1bc54a60318ca9e41b9bf5f3
[2m2025-12-10T10:12:40.928704Z[0m [34mDEBUG[0m [2methereum_transaction_pool_monitor::mempool_monitor[0m[2m:[0m 🔍 Fetching transaction details for: 0x9e32c1a13563825dacc0c93e7dd9f8e7b0a9834a1bc54a60318ca9e41b9bf5f3
[2m2025-12-10T10:12:40.928707Z[0m [34mDEBUG[0m [2methereum_transaction_pool_monitor::eth_client[0m[2m:[0m 🔍 Fetching transaction details for hash: 0x9e32c1a13563825dacc0c93e7dd9f8e7b0a9834a1bc54a60318ca9e41b9bf5f3
[2m2025-12-10T10:12:40.928716Z[0m [34mDEBUG[0m [2mhyper::client::pool[0m[2m:[0m reuse idle connection for ("http", 192.168.0.14:8545)
[2m2025-12-10T10:12:40.928727Z[0m [34mDEBUG[0m [2mhyper::proto::h1::io[0m[2m:[0m flushed 250 bytes
[2m2025-12-10T10:12:40.935571Z[0m [34mDEBUG[0m [2mhyper::proto::h1::io[0m[2m:[0m parsed 4 headers
[2m2025-12-10T10:12:40.935593Z[0m [34mDEBUG[0m [2mhyper::proto::h1::conn[0m[2m:[0m incoming body is content-length (1098 bytes)
[2m2025-12-10T10:12:40.935611Z[0m [34mDEBUG[0m [2mhyper::proto::h1::conn[0m[2m:[0m incoming body completed
[2m2025-12-10T10:12:40.935627Z[0m [34mDEBUG[0m [2mhyper::client::pool[0m[2m:[0m pooling idle connection for ("http", 192.168.0.14:8545)
[2m2025-12-10T10:12:40.935633Z[0m [34mDEBUG[0m [2methereum_transaction_pool_monitor::eth_client[0m[2m:[0m 📡 Transaction fetch RPC completed in 6.918875ms
[2m2025-12-10T10:12:41.006415Z[0m [34mDEBUG[0m [2methereum_transaction_pool_monitor::eth_client[0m[2m:[0m ✅ Transaction 0x9e32c1a13563825dacc0c93e7dd9f8e7b0a9834a1bc54a60318ca9e41b9bf5f3 fetched and parsed in 77.698916ms
[2m2025-12-10T10:12:41.006443Z[0m [34mDEBUG[0m [2methereum_transaction_pool_monitor::mempool_monitor[0m[2m:[0m 🔍 Skipping tx 0x9e32c1a13563825dacc0c93e7dd9f8e7b0a9834a1bc54a60318ca9e41b9bf5f3 - not a DEX interaction (target: 0xEe7aE85f2Fe2239E27D9c1E23fFFe168D63b4055)
[2m2025-12-10T10:12:41.006453Z[0m [34mDEBUG[0m [2methereum_transaction_pool_monitor::mempool_monitor[0m[2m:[0m 📨 Processing new pending transaction: 0xee031cc148b88c5d1ff446cfd5b4010d786c09196219d37d6b5daa713c871d50
[2m2025-12-10T10:12:41.006460Z[0m [34mDEBUG[0m [2methereum_transaction_pool_monitor::mempool_monitor[0m[2m:[0m 🔍 Fetching transaction details for: 0xee031cc148b88c5d1ff446cfd5b4010d786c09196219d37d6b5daa713c871d50
[2m2025-12-10T10:12:41.006467Z[0m [34mDEBUG[0m [2methereum_transaction_pool_monitor::eth_client[0m[2m:[0m 🔍 Fetching transaction details for hash: 0xee031cc148b88c5d1ff446cfd5b4010d786c09196219d37d6b5daa713c871d50
[2m2025-12-10T10:12:41.006483Z[0m [34mDEBUG[0m [2mhyper::client::pool[0m[2m:[0m reuse idle connection for ("http", 192.168.0.14:8545)
[2m2025-12-10T10:12:41.006520Z[0m [34mDEBUG[0m [2mhyper::proto::h1::io[0m[2m:[0m flushed 250 bytes
[2m2025-12-10T10:12:41.006546Z[0m [34mDEBUG[0m [2mhyper::client::pool[0m[2m:[0m reuse idle connection for ("http", 192.168.0.14:8545)
[2m2025-12-10T10:12:41.006562Z[0m [34mDEBUG[0m [2mhyper::proto::h1::io[0m[2m:[0m flushed 172 bytes
[2m2025-12-10T10:12:41.012785Z[0m [34mDEBUG[0m [2mhyper::proto::h1::io[0m[2m:[0m parsed 4 headers
[2m2025-12-10T10:12:41.012803Z[0m [34mDEBUG[0m [2mhyper::proto::h1::conn[0m[2m:[0m incoming body is content-length (778 bytes)
[2m2025-12-10T10:12:41.012815Z[0m [34mDEBUG[0m [2mhyper::proto::h1::conn[0m[2m:[0m incoming body completed
[2m2025-12-10T10:12:41.012824Z[0m [34mDEBUG[0m [2mhyper::client::pool[0m[2m:[0m pooling idle connection for ("http", 192.168.0.14:8545)
[2m2025-12-10T10:12:41.012832Z[0m [34mDEBUG[0m [2methereum_transaction_pool_monitor::eth_client[0m[2m:[0m 📡 Transaction fetch RPC completed in 6.3605ms
[2m2025-12-10T10:12:41.012849Z[0m [34mDEBUG[0m [2methereum_transaction_pool_monitor::eth_client[0m[2m:[0m DeFi transaction detected - Address: 0xdac17f958d2ee523a2206206994597c13d831ec7, Type: Stablecoin, Value: 0 ETH, Gas: 127.50 Gwei
[2m2025-12-10T10:12:41.012863Z[0m [34mDEBUG[0m [2methereum_transaction_pool_monitor::eth_client[0m[2m:[0m ✅ Transaction 0xee031cc148b88c5d1ff446cfd5b4010d786c09196219d37d6b5daa713c871d50 fetched and parsed in 6.391416ms
[2m2025-12-10T10:12:41.012870Z[0m [34mDEBUG[0m [2methereum_transaction_pool_monitor::mempool_monitor[0m[2m:[0m 🔍 Skipping tx 0xee031cc148b88c5d1ff446cfd5b4010d786c09196219d37d6b5daa713c871d50 - not a DEX interaction (target: 0xdAC17F958D2ee523a2206206994597C13D831ec7)
[2m2025-12-10T10:12:41.012877Z[0m [34mDEBUG[0m [2methereum_transaction_pool_monitor::mempool_monitor[0m[2m:[0m 📨 Processing new pending transaction: 0x9be6845aebff3feb609b9ec2e5baa9f97e65d52ce5c2e598bdefd7bd37731785
[2m2025-12-10T10:12:41.012885Z[0m [34mDEBUG[0m [2methereum_transaction_pool_monitor::mempool_monitor[0m[2m:[0m 🔍 Fetching transaction details for: 0x9be6845aebff3feb609b9ec2e5baa9f97e65d52ce5c2e598bdefd7bd37731785
[2m2025-12-10T10:12:41.012889Z[0m [34mDEBUG[0m [2methereum_transaction_pool_monitor::eth_client[0m[2m:[0m 🔍 Fetching transaction details for hash: 0x9be6845aebff3feb609b9ec2e5baa9f97e65d52ce5c2e598bdefd7bd37731785
[2m2025-12-10T10:12:41.012900Z[0m [34mDEBUG[0m [2mhyper::client::pool[0m[2m:[0m reuse idle connection for ("http", 192.168.0.14:8545)
[2m2025-12-10T10:12:41.012914Z[0m [34mDEBUG[0m [2mhyper::proto::h1::io[0m[2m:[0m flushed 250 bytes
[2m2025-12-10T10:12:41.012923Z[0m [34mDEBUG[0m [2mhyper::proto::h1::io[0m[2m:[0m parsed 4 headers
[2m2025-12-10T10:12:41.012927Z[0m [34mDEBUG[0m [2mhyper::proto::h1::conn[0m[2m:[0m incoming body is content-length (45 bytes)
[2m2025-12-10T10:12:41.012931Z[0m [34mDEBUG[0m [2mhyper::proto::h1::conn[0m[2m:[0m incoming body completed
[2m2025-12-10T10:12:41.012938Z[0m [34mDEBUG[0m [2mhyper::client::pool[0m[2m:[0m pooling idle connection for ("http", 192.168.0.14:8545)
[2m2025-12-10T10:12:41.019811Z[0m [34mDEBUG[0m [2mhyper::proto::h1::io[0m[2m:[0m parsed 4 headers
[2m2025-12-10T10:12:41.019825Z[0m [34mDEBUG[0m [2mhyper::proto::h1::conn[0m[2m:[0m incoming body is content-length (778 bytes)
[2m2025-12-10T10:12:41.019833Z[0m [34mDEBUG[0m [2mhyper::proto::h1::conn[0m[2m:[0m incoming body completed
[2m2025-12-10T10:12:41.020754Z[0m [34mDEBUG[0m [2mhyper::client::pool[0m[2m:[0m pooling idle connection for ("http", 192.168.0.14:8545)
[2m2025-12-10T10:12:41.020787Z[0m [34mDEBUG[0m [2methereum_transaction_pool_monitor::eth_client[0m[2m:[0m 📡 Transaction fetch RPC completed in 7.893458ms
[2m2025-12-10T10:12:41.020817Z[0m [34mDEBUG[0m [2methereum_transaction_pool_monitor::eth_client[0m[2m:[0m DeFi transaction detected - Address: 0xdac17f958d2ee523a2206206994597c13d831ec7, Type: Stablecoin, Value: 0 ETH, Gas: 127.50 Gwei
[2m2025-12-10T10:12:41.020838Z[0m [34mDEBUG[0m [2methereum_transaction_pool_monitor::eth_client[0m[2m:[0m ✅ Transaction 0x9be6845aebff3feb609b9ec2e5baa9f97e65d52ce5c2e598bdefd7bd37731785 fetched and parsed in 7.945ms
[2m2025-12-10T10:12:41.020844Z[0m [34mDEBUG[0m [2methereum_transaction_pool_monitor::mempool_monitor[0m[2m:[0m 🔍 Skipping tx 0x9be6845aebff3feb609b9ec2e5baa9f97e65d52ce5c2e598bdefd7bd37731785 - not a DEX interaction (target: 0xdAC17F958D2ee523a2206206994597C13D831ec7)
[2m2025-12-10T10:12:41.081362Z[0m [34mDEBUG[0m [2methereum_transaction_pool_monitor::eth_client[0m[2m:[0m 📨 Received WebSocket message: {"jsonrpc":"2.0","method":"eth_subscription","params":{"subscription":"0xbed0a0851463e895960a451075a301a9","result":"0x341dea91b59d2460c79c88a5806d0ec547d28c55ccb4dca99ad6d6a97d21e37b"}}
[2m2025-12-10T10:12:41.081633Z[0m [34mDEBUG[0m [2methereum_transaction_pool_monitor::eth_client[0m[2m:[0m 📨 Received pending transaction: 0x341dea91b59d2460c79c88a5806d0ec547d28c55ccb4dca99ad6d6a97d21e37b
[2m2025-12-10T10:12:41.081642Z[0m [34mDEBUG[0m [2methereum_transaction_pool_monitor::mempool_monitor[0m[2m:[0m 📨 Processing new pending transaction: 0x341dea91b59d2460c79c88a5806d0ec547d28c55ccb4dca99ad6d6a97d21e37b
[2m2025-12-10T10:12:41.081648Z[0m [34mDEBUG[0m [2methereum_transaction_pool_monitor::mempool_monitor[0m[2m:[0m 🔍 Fetching transaction details for: 0x341dea91b59d2460c79c88a5806d0ec547d28c55ccb4dca99ad6d6a97d21e37b
[2m2025-12-10T10:12:41.081653Z[0m [34mDEBUG[0m [2methereum_transaction_pool_monitor::eth_client[0m[2m:[0m 🔍 Fetching transaction details for hash: 0x341dea91b59d2460c79c88a5806d0ec547d28c55ccb4dca99ad6d6a97d21e37b
[2m2025-12-10T10:12:41.081671Z[0m [34mDEBUG[0m [2mhyper::client::pool[0m[2m:[0m reuse idle connection for ("http", 192.168.0.14:8545)
[2m2025-12-10T10:12:41.081697Z[0m [34mDEBUG[0m [2mhyper::proto::h1::io[0m[2m:[0m flushed 250 bytes
[2m2025-12-10T10:12:41.086626Z[0m [34mDEBUG[0m [2mhyper::proto::h1::io[0m[2m:[0m parsed 4 headers
[2m2025-12-10T10:12:41.086665Z[0m [34mDEBUG[0m [2mhyper::proto::h1::conn[0m[2m:[0m incoming body is content-length (771 bytes)
[2m2025-12-10T10:12:41.086677Z[0m [34mDEBUG[0m [2mhyper::proto::h1::conn[0m[2m:[0m incoming body completed
[2m2025-12-10T10:12:41.086703Z[0m [34mDEBUG[0m [2mhyper::client::pool[0m[2m:[0m pooling idle connection for ("http", 192.168.0.14:8545)
[2m2025-12-10T10:12:41.086711Z[0m [34mDEBUG[0m [2methereum_transaction_pool_monitor::eth_client[0m[2m:[0m 📡 Transaction fetch RPC completed in 5.054083ms
[2m2025-12-10T10:12:41.163985Z[0m [34mDEBUG[0m [2methereum_transaction_pool_monitor::eth_client[0m[2m:[0m ✅ Transaction 0x341dea91b59d2460c79c88a5806d0ec547d28c55ccb4dca99ad6d6a97d21e37b fetched and parsed in 82.324833ms
[2m2025-12-10T10:12:41.164015Z[0m [34mDEBUG[0m [2methereum_transaction_pool_monitor::mempool_monitor[0m[2m:[0m 🔍 Skipping tx 0x341dea91b59d2460c79c88a5806d0ec547d28c55ccb4dca99ad6d6a97d21e37b - not a DEX interaction (target: 0xB8f28C60dD8240141185a192fa4156A23E189305)
[2m2025-12-10T10:12:41.164066Z[0m [34mDEBUG[0m [2mhyper::client::pool[0m[2m:[0m reuse idle connection for ("http", 192.168.0.14:8545)
[2m2025-12-10T10:12:41.164101Z[0m [34mDEBUG[0m [2mhyper::proto::h1::io[0m[2m:[0m flushed 172 bytes
[2m2025-12-10T10:12:41.168274Z[0m [34mDEBUG[0m [2mhyper::proto::h1::io[0m[2m:[0m parsed 4 headers
[2m2025-12-10T10:12:41.168284Z[0m [34mDEBUG[0m [2mhyper::proto::h1::conn[0m[2m:[0m incoming body is content-length (45 bytes)
[2m2025-12-10T10:12:41.168292Z[0m [34mDEBUG[0m [2mhyper::proto::h1::conn[0m[2m:[0m incoming body completed
[2m2025-12-10T10:12:41.168301Z[0m [34mDEBUG[0m [2mhyper::client::pool[0m[2m:[0m pooling idle connection for ("http", 192.168.0.14:8545)
[2m2025-12-10T10:12:41.200155Z[0m [34mDEBUG[0m [2mhyper::client::pool[0m[2m:[0m reuse idle connection for ("http", 192.168.0.14:8545)
[2m2025-12-10T10:12:41.200207Z[0m [34mDEBUG[0m [2mhyper::proto::h1::io[0m[2m:[0m flushed 172 bytes
[2m2025-12-10T10:12:41.203283Z[0m [34mDEBUG[0m [2mhyper::proto::h1::io[0m[2m:[0m parsed 4 headers
[2m2025-12-10T10:12:41.203294Z[0m [34mDEBUG[0m [2mhyper::proto::h1::conn[0m[2m:[0m incoming body is content-length (45 bytes)
[2m2025-12-10T10:12:41.203302Z[0m [34mDEBUG[0m [2mhyper::proto::h1::conn[0m[2m:[0m incoming body completed
[2m2025-12-10T10:12:41.203310Z[0m [34mDEBUG[0m [2mhyper::client::pool[0m[2m:[0m pooling idle connection for ("http", 192.168.0.14:8545)
[2m2025-12-10T10:12:41.298725Z[0m [34mDEBUG[0m [2mhyper::client::pool[0m[2m:[0m reuse idle connection for ("http", 192.168.0.14:8545)
[2m2025-12-10T10:12:41.298804Z[0m [34mDEBUG[0m [2mhyper::proto::h1::io[0m[2m:[0m flushed 172 bytes
[2m2025-12-10T10:12:41.302355Z[0m [34mDEBUG[0m [2mhyper::proto::h1::io[0m[2m:[0m parsed 4 headers
[2m2025-12-10T10:12:41.302364Z[0m [34mDEBUG[0m [2mhyper::proto::h1::conn[0m[2m:[0m incoming body is content-length (45 bytes)
[2m2025-12-10T10:12:41.302371Z[0m [34mDEBUG[0m [2mhyper::proto::h1::conn[0m[2m:[0m incoming body completed
[2m2025-12-10T10:12:41.302379Z[0m [34mDEBUG[0m [2mhyper::client::pool[0m[2m:[0m pooling idle connection for ("http", 192.168.0.14:8545)
[2m2025-12-10T10:12:41.310589Z[0m [34mDEBUG[0m [2methereum_transaction_pool_monitor::eth_client[0m[2m:[0m 📨 Received WebSocket message: {"jsonrpc":"2.0","method":"eth_subscription","params":{"subscription":"0xbed0a0851463e895960a451075a301a9","result":"0xda3e94ce4beb755ea5ddf9c543313818372420efa163a2b133c9d0ee35d972d8"}}
[2m2025-12-10T10:12:41.310607Z[0m [34mDEBUG[0m [2methereum_transaction_pool_monitor::eth_client[0m[2m:[0m 📨 Received pending transaction: 0xda3e94ce4beb755ea5ddf9c543313818372420efa163a2b133c9d0ee35d972d8
[2m2025-12-10T10:12:41.310614Z[0m [32m INFO[0m [2methereum_transaction_pool_monitor::eth_client[0m[2m:[0m 📊 WebSocket stats - Total: 3699 transactions, Rate: 13.1 tx/s
[2m2025-12-10T10:12:41.310623Z[0m [34mDEBUG[0m [2methereum_transaction_pool_monitor::mempool_monitor[0m[2m:[0m 📨 Processing new pending transaction: 0xda3e94ce4beb755ea5ddf9c543313818372420efa163a2b133c9d0ee35d972d8
[2m2025-12-10T10:12:41.310630Z[0m [34mDEBUG[0m [2methereum_transaction_pool_monitor::mempool_monitor[0m[2m:[0m 🔍 Fetching transaction details for: 0xda3e94ce4beb755ea5ddf9c543313818372420efa163a2b133c9d0ee35d972d8
[2m2025-12-10T10:12:41.310634Z[0m [34mDEBUG[0m [2methereum_transaction_pool_monitor::eth_client[0m[2m:[0m 🔍 Fetching transaction details for hash: 0xda3e94ce4beb755ea5ddf9c543313818372420efa163a2b133c9d0ee35d972d8
[2m2025-12-10T10:12:41.310650Z[0m [34mDEBUG[0m [2mhyper::client::pool[0m[2m:[0m reuse idle connection for ("http", 192.168.0.14:8545)
[2m2025-12-10T10:12:41.310668Z[0m [34mDEBUG[0m [2mhyper::proto::h1::io[0m[2m:[0m flushed 250 bytes
[2m2025-12-10T10:12:41.316067Z[0m [34mDEBUG[0m [2mhyper::proto::h1::io[0m[2m:[0m parsed 4 headers
[2m2025-12-10T10:12:41.316090Z[0m [34mDEBUG[0m [2mhyper::proto::h1::conn[0m[2m:[0m incoming body is content-length (770 bytes)
[2m2025-12-10T10:12:41.316111Z[0m [34mDEBUG[0m [2mhyper::proto::h1::conn[0m[2m:[0m incoming body completed
[2m2025-12-10T10:12:41.316123Z[0m [34mDEBUG[0m [2mhyper::client::pool[0m[2m:[0m pooling idle connection for ("http", 192.168.0.14:8545)
[2m2025-12-10T10:12:41.316146Z[0m [34mDEBUG[0m [2methereum_transaction_pool_monitor::eth_client[0m[2m:[0m 📡 Transaction fetch RPC completed in 5.50725ms
[2m2025-12-10T10:12:41.389181Z[0m [34mDEBUG[0m [2methereum_transaction_pool_monitor::eth_client[0m[2m:[0m ✅ Transaction 0xda3e94ce4beb755ea5ddf9c543313818372420efa163a2b133c9d0ee35d972d8 fetched and parsed in 78.540042ms
[2m2025-12-10T10:12:41.389207Z[0m [34mDEBUG[0m [2methereum_transaction_pool_monitor::mempool_monitor[0m[2m:[0m 🔍 Skipping tx 0xda3e94ce4beb755ea5ddf9c543313818372420efa163a2b133c9d0ee35d972d8 - not a DEX interaction (target: 0xB8f28C60dD8240141185a192fa4156A23E189305)
[2m2025-12-10T10:12:41.397998Z[0m [34mDEBUG[0m [2mhyper::client::pool[0m[2m:[0m reuse idle connection for ("http", 192.168.0.14:8545)
[2m2025-12-10T10:12:41.398047Z[0m [34mDEBUG[0m [2mhyper::proto::h1::io[0m[2m:[0m flushed 172 bytes
[2m2025-12-10T10:12:41.402434Z[0m [34mDEBUG[0m [2mhyper::proto::h1::io[0m[2m:[0m parsed 4 headers
[2m2025-12-10T10:12:41.402456Z[0m [34mDEBUG[0m [2mhyper::proto::h1::conn[0m[2m:[0m incoming body is content-length (45 bytes)
[2m2025-12-10T10:12:41.402477Z[0m [34mDEBUG[0m [2mhyper::proto::h1::conn[0m[2m:[0m incoming body completed
[2m2025-12-10T10:12:41.402507Z[0m [34mDEBUG[0m [2mhyper::client::pool[0m[2m:[0m pooling idle connection for ("http", 192.168.0.14:8545)
[2m2025-12-10T10:12:41.474715Z[0m [34mDEBUG[0m [2methereum_transaction_pool_monitor::eth_client[0m[2m:[0m 📨 Received WebSocket message: {"jsonrpc":"2.0","method":"eth_subscription","params":{"subscription":"0xbed0a0851463e895960a451075a301a9","result":"0x5f726aae91c1d012987e136933c8476053f89c5d8983a204e09a324faf3da5d4"}}
[2m2025-12-10T10:12:41.474731Z[0m [34mDEBUG[0m [2methereum_transaction_pool_monitor::eth_client[0m[2m:[0m 📨 Received pending transaction: 0x5f726aae91c1d012987e136933c8476053f89c5d8983a204e09a324faf3da5d4
[2m2025-12-10T10:12:41.474739Z[0m [34mDEBUG[0m [2methereum_transaction_pool_monitor::mempool_monitor[0m[2m:[0m 📨 Processing new pending transaction: 0x5f726aae91c1d012987e136933c8476053f89c5d8983a204e09a324faf3da5d4
[2m2025-12-10T10:12:41.474743Z[0m [34mDEBUG[0m [2methereum_transaction_pool_monitor::mempool_monitor[0m[2m:[0m 🔍 Fetching transaction details for: 0x5f726aae91c1d012987e136933c8476053f89c5d8983a204e09a324faf3da5d4
[2m2025-12-10T10:12:41.474747Z[0m [34mDEBUG[0m [2methereum_transaction_pool_monitor::eth_client[0m[2m:[0m 🔍 Fetching transaction details for hash: 0x5f726aae91c1d012987e136933c8476053f89c5d8983a204e09a324faf3da5d4
[2m2025-12-10T10:12:41.474763Z[0m [34mDEBUG[0m [2mhyper::client::pool[0m[2m:[0m reuse idle connection for ("http", 192.168.0.14:8545)
[2m2025-12-10T10:12:41.474782Z[0m [34mDEBUG[0m [2mhyper::proto::h1::io[0m[2m:[0m flushed 250 bytes
[2m2025-12-10T10:12:41.485723Z[0m [34mDEBUG[0m [2mhyper::proto::h1::io[0m[2m:[0m parsed 4 headers
[2m2025-12-10T10:12:41.485763Z[0m [34mDEBUG[0m [2mhyper::proto::h1::conn[0m[2m:[0m incoming body is content-length (772 bytes)
[2m2025-12-10T10:12:41.485779Z[0m [34mDEBUG[0m [2mhyper::proto::h1::conn[0m[2m:[0m incoming body completed
[2m2025-12-10T10:12:41.485803Z[0m [34mDEBUG[0m [2mhyper::client::pool[0m[2m:[0m pooling idle connection for ("http", 192.168.0.14:8545)
[2m2025-12-10T10:12:41.485819Z[0m [34mDEBUG[0m [2methereum_transaction_pool_monitor::eth_client[0m[2m:[0m 📡 Transaction fetch RPC completed in 11.067542ms
[2m2025-12-10T10:12:41.561374Z[0m [34mDEBUG[0m [2methereum_transaction_pool_monitor::eth_client[0m[2m:[0m ✅ Transaction 0x5f726aae91c1d012987e136933c8476053f89c5d8983a204e09a324faf3da5d4 fetched and parsed in 86.62025ms
[2m2025-12-10T10:12:41.561398Z[0m [34mDEBUG[0m [2methereum_transaction_pool_monitor::mempool_monitor[0m[2m:[0m 🔍 Skipping tx 0x5f726aae91c1d012987e136933c8476053f89c5d8983a204e09a324faf3da5d4 - not a DEX interaction (target: 0xA0b86991c6218b36c1d19D4a2e9Eb0cE3606eB48)
[2m2025-12-10T10:12:41.561439Z[0m [34mDEBUG[0m [2mhyper::client::pool[0m[2m:[0m reuse idle connection for ("http", 192.168.0.14:8545)
[2m2025-12-10T10:12:41.561477Z[0m [34mDEBUG[0m [2mhyper::proto::h1::io[0m[2m:[0m flushed 172 bytes
[2m2025-12-10T10:12:41.564454Z[0m [34mDEBUG[0m [2mhyper::proto::h1::io[0m[2m:[0m parsed 4 headers
[2m2025-12-10T10:12:41.564463Z[0m [34mDEBUG[0m [2mhyper::proto::h1::conn[0m[2m:[0m incoming body is content-length (45 bytes)
[2m2025-12-10T10:12:41.564471Z[0m [34mDEBUG[0m [2mhyper::proto::h1::conn[0m[2m:[0m incoming body completed
[2m2025-12-10T10:12:41.564480Z[0m [34mDEBUG[0m [2mhyper::client::pool[0m[2m:[0m pooling idle connection for ("http", 192.168.0.14:8545)
[2m2025-12-10T10:12:41.599588Z[0m [34mDEBUG[0m [2mhyper::client::pool[0m[2m:[0m reuse idle connection for ("http", 192.168.0.14:8545)
[2m2025-12-10T10:12:41.599638Z[0m [34mDEBUG[0m [2mhyper::proto::h1::io[0m[2m:[0m flushed 172 bytes
[2m2025-12-10T10:12:41.602586Z[0m [34mDEBUG[0m [2mhyper::proto::h1::io[0m[2m:[0m parsed 4 headers
[2m2025-12-10T10:12:41.602597Z[0m [34mDEBUG[0m [2mhyper::proto::h1::conn[0m[2m:[0m incoming body is content-length (45 bytes)
[2m2025-12-10T10:12:41.602603Z[0m [34mDEBUG[0m [2mhyper::proto::h1::conn[0m[2m:[0m incoming body completed
[2m2025-12-10T10:12:41.602611Z[0m [34mDEBUG[0m [2mhyper::client::pool[0m[2m:[0m pooling idle connection for ("http", 192.168.0.14:8545)
[2m2025-12-10T10:12:41.699361Z[0m [34mDEBUG[0m [2mhyper::client::pool[0m[2m:[0m reuse idle connection for ("http", 192.168.0.14:8545)
[2m2025-12-10T10:12:41.699414Z[0m [34mDEBUG[0m [2mhyper::proto::h1::io[0m[2m:[0m flushed 172 bytes
[2m2025-12-10T10:12:41.702571Z[0m [34mDEBUG[0m [2mhyper::proto::h1::io[0m[2m:[0m parsed 4 headers
[2m2025-12-10T10:12:41.704327Z[0m [34mDEBUG[0m [2mhyper::proto::h1::conn[0m[2m:[0m incoming body is content-length (45 bytes)
[2m2025-12-10T10:12:41.704335Z[0m [34mDEBUG[0m [2mhyper::proto::h1::conn[0m[2m:[0m incoming body completed
[2m2025-12-10T10:12:41.704347Z[0m [34mDEBUG[0m [2mhyper::client::pool[0m[2m:[0m pooling idle connection for ("http", 192.168.0.14:8545)
[2m2025-12-10T10:12:41.770912Z[0m [34mDEBUG[0m [2methereum_transaction_pool_monitor::eth_client[0m[2m:[0m 📨 Received WebSocket message: {"jsonrpc":"2.0","method":"eth_subscription","params":{"subscription":"0xbed0a0851463e895960a451075a301a9","result":"0xfd6dfa5a44247bd9be502430ebe1829236f9053480d3774f0f97ccc5b1383fe0"}}
[2m2025-12-10T10:12:41.770948Z[0m [34mDEBUG[0m [2methereum_transaction_pool_monitor::eth_client[0m[2m:[0m 📨 Received pending transaction: 0xfd6dfa5a44247bd9be502430ebe1829236f9053480d3774f0f97ccc5b1383fe0
[2m2025-12-10T10:12:41.770966Z[0m [34mDEBUG[0m [2methereum_transaction_pool_monitor::mempool_monitor[0m[2m:[0m 📨 Processing new pending transaction: 0xfd6dfa5a44247bd9be502430ebe1829236f9053480d3774f0f97ccc5b1383fe0
[2m2025-12-10T10:12:41.770980Z[0m [34mDEBUG[0m [2methereum_transaction_pool_monitor::mempool_monitor[0m[2m:[0m 🔍 Fetching transaction details for: 0xfd6dfa5a44247bd9be502430ebe1829236f9053480d3774f0f97ccc5b1383fe0
[2m2025-12-10T10:12:41.770991Z[0m [34mDEBUG[0m [2methereum_transaction_pool_monitor::eth_client[0m[2m:[0m 🔍 Fetching transaction details for hash: 0xfd6dfa5a44247bd9be502430ebe1829236f9053480d3774f0f97ccc5b1383fe0
[2m2025-12-10T10:12:41.771029Z[0m [34mDEBUG[0m [2mhyper::client::pool[0m[2m:[0m reuse idle connection for ("http", 192.168.0.14:8545)
[2m2025-12-10T10:12:41.771075Z[0m [34mDEBUG[0m [2mhyper::proto::h1::io[0m[2m:[0m flushed 250 bytes
[2m2025-12-10T10:12:41.775098Z[0m [34mDEBUG[0m [2mhyper::proto::h1::io[0m[2m:[0m parsed 4 headers
[2m2025-12-10T10:12:41.775121Z[0m [34mDEBUG[0m [2mhyper::proto::h1::conn[0m[2m:[0m incoming body is content-length (1731 bytes)
[2m2025-12-10T10:12:41.775149Z[0m [34mDEBUG[0m [2methereum_transaction_pool_monitor::eth_client[0m[2m:[0m 📡 Transaction fetch RPC completed in 4.145542ms
[2m2025-12-10T10:12:41.775905Z[0m [34mDEBUG[0m [2mhyper::proto::h1::conn[0m[2m:[0m incoming body completed
[2m2025-12-10T10:12:41.775939Z[0m [34mDEBUG[0m [2mhyper::client::pool[0m[2m:[0m pooling idle connection for ("http", 192.168.0.14:8545)
[2m2025-12-10T10:12:41.800287Z[0m [34mDEBUG[0m [2mhyper::client::pool[0m[2m:[0m reuse idle connection for ("http", 192.168.0.14:8545)
[2m2025-12-10T10:12:41.800360Z[0m [34mDEBUG[0m [2mhyper::proto::h1::io[0m[2m:[0m flushed 172 bytes
[2m2025-12-10T10:12:41.803782Z[0m [34mDEBUG[0m [2mhyper::proto::h1::io[0m[2m:[0m parsed 4 headers
[2m2025-12-10T10:12:41.803792Z[0m [34mDEBUG[0m [2mhyper::proto::h1::conn[0m[2m:[0m incoming body is content-length (45 bytes)
[2m2025-12-10T10:12:41.803800Z[0m [34mDEBUG[0m [2mhyper::proto::h1::conn[0m[2m:[0m incoming body completed
[2m2025-12-10T10:12:41.803808Z[0m [34mDEBUG[0m [2mhyper::client::pool[0m[2m:[0m pooling idle connection for ("http", 192.168.0.14:8545)
[2m2025-12-10T10:12:41.861121Z[0m [34mDEBUG[0m [2methereum_transaction_pool_monitor::eth_client[0m[2m:[0m ✅ Transaction 0xfd6dfa5a44247bd9be502430ebe1829236f9053480d3774f0f97ccc5b1383fe0 fetched and parsed in 90.115458ms
[2m2025-12-10T10:12:41.861148Z[0m [34mDEBUG[0m [2methereum_transaction_pool_monitor::mempool_monitor[0m[2m:[0m 🔍 Skipping tx 0xfd6dfa5a44247bd9be502430ebe1829236f9053480d3774f0f97ccc5b1383fe0 - not a DEX interaction (target: 0x601a2aD6CB5949f0529735254189Ba3194221EDF)
[2m2025-12-10T10:12:41.899922Z[0m [34mDEBUG[0m [2mhyper::client::pool[0m[2m:[0m reuse idle connection for ("http", 192.168.0.14:8545)
[2m2025-12-10T10:12:41.900012Z[0m [34mDEBUG[0m [2mhyper::proto::h1::io[0m[2m:[0m flushed 172 bytes
[2m2025-12-10T10:12:41.903334Z[0m [34mDEBUG[0m [2mhyper::proto::h1::io[0m[2m:[0m parsed 4 headers
[2m2025-12-10T10:12:41.903344Z[0m [34mDEBUG[0m [2mhyper::proto::h1::conn[0m[2m:[0m incoming body is content-length (45 bytes)
[2m2025-12-10T10:12:41.903354Z[0m [34mDEBUG[0m [2mhyper::proto::h1::conn[0m[2m:[0m incoming body completed
[2m2025-12-10T10:12:41.903364Z[0m [34mDEBUG[0m [2mhyper::client::pool[0m[2m:[0m pooling idle connection for ("http", 192.168.0.14:8545)
[2m2025-12-10T10:12:41.990535Z[0m [34mDEBUG[0m [2methereum_transaction_pool_monitor::eth_client[0m[2m:[0m 📨 Received WebSocket message: {"jsonrpc":"2.0","method":"eth_subscription","params":{"subscription":"0xbed0a0851463e895960a451075a301a9","result":"0xfec21a61f1d68242baf6af9cfdd5d87a6b5602556db21391eaf67c54be1a7520"}}
[2m2025-12-10T10:12:41.990573Z[0m [34mDEBUG[0m [2methereum_transaction_pool_monitor::eth_client[0m[2m:[0m 📨 Received pending transaction: 0xfec21a61f1d68242baf6af9cfdd5d87a6b5602556db21391eaf67c54be1a7520
[2m2025-12-10T10:12:41.990589Z[0m [34mDEBUG[0m [2methereum_transaction_pool_monitor::mempool_monitor[0m[2m:[0m 📨 Processing new pending transaction: 0xfec21a61f1d68242baf6af9cfdd5d87a6b5602556db21391eaf67c54be1a7520
[2m2025-12-10T10:12:41.990600Z[0m [34mDEBUG[0m [2methereum_transaction_pool_monitor::mempool_monitor[0m[2m:[0m 🔍 Fetching transaction details for: 0xfec21a61f1d68242baf6af9cfdd5d87a6b5602556db21391eaf67c54be1a7520
[2m2025-12-10T10:12:41.990608Z[0m [34mDEBUG[0m [2methereum_transaction_pool_monitor::eth_client[0m[2m:[0m 🔍 Fetching transaction details for hash: 0xfec21a61f1d68242baf6af9cfdd5d87a6b5602556db21391eaf67c54be1a7520
[2m2025-12-10T10:12:41.990637Z[0m [34mDEBUG[0m [2mhyper::client::pool[0m[2m:[0m reuse idle connection for ("http", 192.168.0.14:8545)
[2m2025-12-10T10:12:41.990675Z[0m [34mDEBUG[0m [2mhyper::proto::h1::io[0m[2m:[0m flushed 250 bytes
[2m2025-12-10T10:12:41.999476Z[0m [34mDEBUG[0m [2mhyper::client::pool[0m[2m:[0m reuse idle connection for ("http", 192.168.0.14:8545)
[2m2025-12-10T10:12:41.999548Z[0m [34mDEBUG[0m [2mhyper::proto::h1::io[0m[2m:[0m flushed 172 bytes
[2m2025-12-10T10:12:42.000310Z[0m [34mDEBUG[0m [2mhyper::proto::h1::io[0m[2m:[0m parsed 4 headers
[2m2025-12-10T10:12:42.000325Z[0m [34mDEBUG[0m [2mhyper::proto::h1::conn[0m[2m:[0m incoming body is content-length (769 bytes)
[2m2025-12-10T10:12:42.000342Z[0m [34mDEBUG[0m [2mhyper::proto::h1::conn[0m[2m:[0m incoming body completed
[2m2025-12-10T10:12:42.000375Z[0m [34mDEBUG[0m [2mhyper::client::pool[0m[2m:[0m pooling idle connection for ("http", 192.168.0.14:8545)
[2m2025-12-10T10:12:42.000389Z[0m [34mDEBUG[0m [2methereum_transaction_pool_monitor::eth_client[0m[2m:[0m 📡 Transaction fetch RPC completed in 9.771583ms
[2m2025-12-10T10:12:42.091745Z[0m [34mDEBUG[0m [2methereum_transaction_pool_monitor::eth_client[0m[2m:[0m ✅ Transaction 0xfec21a61f1d68242baf6af9cfdd5d87a6b5602556db21391eaf67c54be1a7520 fetched and parsed in 101.125292ms
[2m2025-12-10T10:12:42.091768Z[0m [34mDEBUG[0m [2methereum_transaction_pool_monitor::mempool_monitor[0m[2m:[0m 🔍 Skipping tx 0xfec21a61f1d68242baf6af9cfdd5d87a6b5602556db21391eaf67c54be1a7520 - not a DEX interaction (target: 0xB8f28C60dD8240141185a192fa4156A23E189305)
[2m2025-12-10T10:12:42.091797Z[0m [34mDEBUG[0m [2methereum_transaction_pool_monitor::eth_client[0m[2m:[0m 📨 Received WebSocket message: {"jsonrpc":"2.0","method":"eth_subscription","params":{"subscription":"0xbed0a0851463e895960a451075a301a9","result":"0x56105e10db80a66e3510a734016ec4ce3203eedc7e8ce6b23ad5a2d06c8e1586"}}
[2m2025-12-10T10:12:42.091805Z[0m [34mDEBUG[0m [2methereum_transaction_pool_monitor::eth_client[0m[2m:[0m 📨 Received pending transaction: 0x56105e10db80a66e3510a734016ec4ce3203eedc7e8ce6b23ad5a2d06c8e1586
[2m2025-12-10T10:12:42.091811Z[0m [34mDEBUG[0m [2methereum_transaction_pool_monitor::eth_client[0m[2m:[0m 📨 Received WebSocket message: {"jsonrpc":"2.0","method":"eth_subscription","params":{"subscription":"0xbed0a0851463e895960a451075a301a9","result":"0xc3ac201bfd4611d263ba58f4a4b1d031c8bb7fb8f39858edc683043f07a4a50b"}}
[2m2025-12-10T10:12:42.091817Z[0m [34mDEBUG[0m [2methereum_transaction_pool_monitor::eth_client[0m[2m:[0m 📨 Received pending transaction: 0xc3ac201bfd4611d263ba58f4a4b1d031c8bb7fb8f39858edc683043f07a4a50b
[2m2025-12-10T10:12:42.091824Z[0m [34mDEBUG[0m [2methereum_transaction_pool_monitor::mempool_monitor[0m[2m:[0m 📨 Processing new pending transaction: 0x56105e10db80a66e3510a734016ec4ce3203eedc7e8ce6b23ad5a2d06c8e1586
[2m2025-12-10T10:12:42.091831Z[0m [34mDEBUG[0m [2methereum_transaction_pool_monitor::mempool_monitor[0m[2m:[0m 🔍 Fetching transaction details for: 0x56105e10db80a66e3510a734016ec4ce3203eedc7e8ce6b23ad5a2d06c8e1586
[2m2025-12-10T10:12:42.091836Z[0m [34mDEBUG[0m [2methereum_transaction_pool_monitor::eth_client[0m[2m:[0m 🔍 Fetching transaction details for hash: 0x56105e10db80a66e3510a734016ec4ce3203eedc7e8ce6b23ad5a2d06c8e1586
[2m2025-12-10T10:12:42.091856Z[0m [34mDEBUG[0m [2mhyper::client::pool[0m[2m:[0m reuse idle connection for ("http", 192.168.0.14:8545)
[2m2025-12-10T10:12:42.091857Z[0m [34mDEBUG[0m [2mhyper::proto::h1::io[0m[2m:[0m parsed 4 headers
[2m2025-12-10T10:12:42.091873Z[0m [34mDEBUG[0m [2mhyper::proto::h1::conn[0m[2m:[0m incoming body is content-length (45 bytes)
[2m2025-12-10T10:12:42.091877Z[0m [34mDEBUG[0m [2mhyper::proto::h1::io[0m[2m:[0m flushed 250 bytes
[2m2025-12-10T10:12:42.091881Z[0m [34mDEBUG[0m [2mhyper::proto::h1::conn[0m[2m:[0m incoming body completed
[2m2025-12-10T10:12:42.091891Z[0m [34mDEBUG[0m [2mhyper::client::pool[0m[2m:[0m pooling idle connection for ("http", 192.168.0.14:8545)
[2m2025-12-10T10:12:42.096606Z[0m [34mDEBUG[0m [2mhyper::proto::h1::io[0m[2m:[0m parsed 4 headers
[2m2025-12-10T10:12:42.096614Z[0m [34mDEBUG[0m [2mhyper::proto::h1::conn[0m[2m:[0m incoming body is content-length (5246 bytes)
[2m2025-12-10T10:12:42.096627Z[0m [34mDEBUG[0m [2methereum_transaction_pool_monitor::eth_client[0m[2m:[0m 📡 Transaction fetch RPC completed in 4.784125ms
[2m2025-12-10T10:12:42.097900Z[0m [34mDEBUG[0m [2mhyper::client::pool[0m[2m:[0m reuse idle connection for ("http", 192.168.0.14:8545)
[2m2025-12-10T10:12:42.097931Z[0m [34mDEBUG[0m [2mhyper::proto::h1::io[0m[2m:[0m flushed 172 bytes
[2m2025-12-10T10:12:42.099081Z[0m [34mDEBUG[0m [2mhyper::proto::h1::conn[0m[2m:[0m incoming body completed
[2m2025-12-10T10:12:42.099091Z[0m [34mDEBUG[0m [2mhyper::client::pool[0m[2m:[0m pooling idle connection for ("http", 192.168.0.14:8545)
[2m2025-12-10T10:12:42.102166Z[0m [34mDEBUG[0m [2mhyper::proto::h1::io[0m[2m:[0m parsed 4 headers
[2m2025-12-10T10:12:42.102179Z[0m [34mDEBUG[0m [2mhyper::proto::h1::conn[0m[2m:[0m incoming body is content-length (45 bytes)
[2m2025-12-10T10:12:42.102186Z[0m [34mDEBUG[0m [2mhyper::proto::h1::conn[0m[2m:[0m incoming body completed
[2m2025-12-10T10:12:42.102196Z[0m [34mDEBUG[0m [2mhyper::client::pool[0m[2m:[0m pooling idle connection for ("http", 192.168.0.14:8545)
[2m2025-12-10T10:12:42.170357Z[0m [34mDEBUG[0m [2methereum_transaction_pool_monitor::eth_client[0m[2m:[0m ✅ Transaction 0x56105e10db80a66e3510a734016ec4ce3203eedc7e8ce6b23ad5a2d06c8e1586 fetched and parsed in 78.511958ms
[2m2025-12-10T10:12:42.170385Z[0m [34mDEBUG[0m [2methereum_transaction_pool_monitor::mempool_monitor[0m[2m:[0m 🔍 Skipping tx 0x56105e10db80a66e3510a734016ec4ce3203eedc7e8ce6b23ad5a2d06c8e1586 - not a DEX interaction (target: 0x8ddF05F9A5c488b4973897E278B58895bF87Cb24)
[2m2025-12-10T10:12:42.170397Z[0m [34mDEBUG[0m [2methereum_transaction_pool_monitor::mempool_monitor[0m[2m:[0m 📨 Processing new pending transaction: 0xc3ac201bfd4611d263ba58f4a4b1d031c8bb7fb8f39858edc683043f07a4a50b
[2m2025-12-10T10:12:42.170404Z[0m [34mDEBUG[0m [2methereum_transaction_pool_monitor::mempool_monitor[0m[2m:[0m 🔍 Fetching transaction details for: 0xc3ac201bfd4611d263ba58f4a4b1d031c8bb7fb8f39858edc683043f07a4a50b
[2m2025-12-10T10:12:42.170410Z[0m [34mDEBUG[0m [2methereum_transaction_pool_monitor::eth_client[0m[2m:[0m 🔍 Fetching transaction details for hash: 0xc3ac201bfd4611d263ba58f4a4b1d031c8bb7fb8f39858edc683043f07a4a50b
[2m2025-12-10T10:12:42.170430Z[0m [34mDEBUG[0m [2mhyper::client::pool[0m[2m:[0m reuse idle connection for ("http", 192.168.0.14:8545)
[2m2025-12-10T10:12:42.170469Z[0m [34mDEBUG[0m [2mhyper::proto::h1::io[0m[2m:[0m flushed 250 bytes
[2m2025-12-10T10:12:42.179664Z[0m [34mDEBUG[0m [2mhyper::proto::h1::io[0m[2m:[0m parsed 4 headers
[2m2025-12-10T10:12:42.179716Z[0m [34mDEBUG[0m [2mhyper::proto::h1::conn[0m[2m:[0m incoming body is content-length (655 bytes)
[2m2025-12-10T10:12:42.179726Z[0m [34mDEBUG[0m [2mhyper::proto::h1::conn[0m[2m:[0m incoming body completed
[2m2025-12-10T10:12:42.179738Z[0m [34mDEBUG[0m [2mhyper::client::pool[0m[2m:[0m pooling idle connection for ("http", 192.168.0.14:8545)
[2m2025-12-10T10:12:42.179747Z[0m [34mDEBUG[0m [2methereum_transaction_pool_monitor::eth_client[0m[2m:[0m 📡 Transaction fetch RPC completed in 9.331542ms
[2m2025-12-10T10:12:42.251642Z[0m [34mDEBUG[0m [2methereum_transaction_pool_monitor::eth_client[0m[2m:[0m ✅ Transaction 0xc3ac201bfd4611d263ba58f4a4b1d031c8bb7fb8f39858edc683043f07a4a50b fetched and parsed in 81.224125ms
[2m2025-12-10T10:12:42.251667Z[0m [34mDEBUG[0m [2methereum_transaction_pool_monitor::mempool_monitor[0m[2m:[0m 🔍 Skipping tx 0xc3ac201bfd4611d263ba58f4a4b1d031c8bb7fb8f39858edc683043f07a4a50b - not a DEX interaction (target: 0x42A178633240601d3485E1F51D8B62EA58C9B5AE)
[2m2025-12-10T10:12:42.251707Z[0m [34mDEBUG[0m [2mhyper::client::pool[0m[2m:[0m reuse idle connection for ("http", 192.168.0.14:8545)
[2m2025-12-10T10:12:42.251746Z[0m [34mDEBUG[0m [2mhyper::proto::h1::io[0m[2m:[0m flushed 172 bytes
[2m2025-12-10T10:12:42.251749Z[0m [34mDEBUG[0m [2methereum_transaction_pool_monitor::eth_client[0m[2m:[0m 📨 Received WebSocket message: {"jsonrpc":"2.0","method":"eth_subscription","params":{"subscription":"0xbed0a0851463e895960a451075a301a9","result":"0x2c97065158b1b9dbee762fb93e26d5cf1fbaff76ed47b836fb118d45334a39df"}}
[2m2025-12-10T10:12:42.251762Z[0m [34mDEBUG[0m [2methereum_transaction_pool_monitor::eth_client[0m[2m:[0m 📨 Received pending transaction: 0x2c97065158b1b9dbee762fb93e26d5cf1fbaff76ed47b836fb118d45334a39df
[2m2025-12-10T10:12:42.251770Z[0m [34mDEBUG[0m [2methereum_transaction_pool_monitor::mempool_monitor[0m[2m:[0m 📨 Processing new pending transaction: 0x2c97065158b1b9dbee762fb93e26d5cf1fbaff76ed47b836fb118d45334a39df
[2m2025-12-10T10:12:42.251776Z[0m [34mDEBUG[0m [2methereum_transaction_pool_monitor::mempool_monitor[0m[2m:[0m 🔍 Fetching transaction details for: 0x2c97065158b1b9dbee762fb93e26d5cf1fbaff76ed47b836fb118d45334a39df
[2m2025-12-10T10:12:42.251781Z[0m [34mDEBUG[0m [2methereum_transaction_pool_monitor::eth_client[0m[2m:[0m 🔍 Fetching transaction details for hash: 0x2c97065158b1b9dbee762fb93e26d5cf1fbaff76ed47b836fb118d45334a39df
[2m2025-12-10T10:12:42.251793Z[0m [34mDEBUG[0m [2mhyper::client::pool[0m[2m:[0m reuse idle connection for ("http", 192.168.0.14:8545)
[2m2025-12-10T10:12:42.251812Z[0m [34mDEBUG[0m [2mhyper::proto::h1::io[0m[2m:[0m flushed 250 bytes
[2m2025-12-10T10:12:42.256264Z[0m [34mDEBUG[0m [2mhyper::proto::h1::io[0m[2m:[0m parsed 4 headers
[2m2025-12-10T10:12:42.256273Z[0m [34mDEBUG[0m [2mhyper::proto::h1::conn[0m[2m:[0m incoming body is content-length (45 bytes)
[2m2025-12-10T10:12:42.256281Z[0m [34mDEBUG[0m [2mhyper::proto::h1::conn[0m[2m:[0m incoming body completed
[2m2025-12-10T10:12:42.256291Z[0m [34mDEBUG[0m [2mhyper::client::pool[0m[2m:[0m pooling idle connection for ("http", 192.168.0.14:8545)
[2m2025-12-10T10:12:42.257052Z[0m [34mDEBUG[0m [2mhyper::proto::h1::io[0m[2m:[0m parsed 4 headers
[2m2025-12-10T10:12:42.257058Z[0m [34mDEBUG[0m [2mhyper::proto::h1::conn[0m[2m:[0m incoming body is content-length (649 bytes)
[2m2025-12-10T10:12:42.257063Z[0m [34mDEBUG[0m [2mhyper::proto::h1::conn[0m[2m:[0m incoming body completed
[2m2025-12-10T10:12:42.257068Z[0m [34mDEBUG[0m [2mhyper::client::pool[0m[2m:[0m pooling idle connection for ("http", 192.168.0.14:8545)
[2m2025-12-10T10:12:42.257073Z[0m [34mDEBUG[0m [2methereum_transaction_pool_monitor::eth_client[0m[2m:[0m 📡 Transaction fetch RPC completed in 5.286166ms
[2m2025-12-10T10:12:42.328807Z[0m [34mDEBUG[0m [2methereum_transaction_pool_monitor::eth_client[0m[2m:[0m ✅ Transaction 0x2c97065158b1b9dbee762fb93e26d5cf1fbaff76ed47b836fb118d45334a39df fetched and parsed in 77.01725ms
[2m2025-12-10T10:12:42.328828Z[0m [34mDEBUG[0m [2methereum_transaction_pool_monitor::mempool_monitor[0m[2m:[0m 🔍 Skipping tx 0x2c97065158b1b9dbee762fb93e26d5cf1fbaff76ed47b836fb118d45334a39df - not a DEX interaction (target: 0x16a94abb1bFCf941A7D368f2E37456BAdD00bE13)
[2m2025-12-10T10:12:42.328863Z[0m [34mDEBUG[0m [2mhyper::client::pool[0m[2m:[0m reuse idle connection for ("http", 192.168.0.14:8545)
[2m2025-12-10T10:12:42.328900Z[0m [34mDEBUG[0m [2mhyper::proto::h1::io[0m[2m:[0m flushed 172 bytes
[2m2025-12-10T10:12:42.328924Z[0m [34mDEBUG[0m [2methereum_transaction_pool_monitor::eth_client[0m[2m:[0m 📨 Received WebSocket message: {"jsonrpc":"2.0","method":"eth_subscription","params":{"subscription":"0xbed0a0851463e895960a451075a301a9","result":"0x872599a5a5bb520f90716f237851507bd95d5538a0e45367e46aa2fd64fcf98f"}}
[2m2025-12-10T10:12:42.328934Z[0m [34mDEBUG[0m [2methereum_transaction_pool_monitor::eth_client[0m[2m:[0m 📨 Received pending transaction: 0x872599a5a5bb520f90716f237851507bd95d5538a0e45367e46aa2fd64fcf98f
[2m2025-12-10T10:12:42.328941Z[0m [34mDEBUG[0m [2methereum_transaction_pool_monitor::eth_client[0m[2m:[0m 📨 Received WebSocket message: {"jsonrpc":"2.0","method":"eth_subscription","params":{"subscription":"0xbed0a0851463e895960a451075a301a9","result":"0x5ecac5cec4839fe388c96da05cccd0c8676afdc7c15bc2de23cb62e3d3d21670"}}
[2m2025-12-10T10:12:42.328948Z[0m [34mDEBUG[0m [2methereum_transaction_pool_monitor::eth_client[0m[2m:[0m 📨 Received pending transaction: 0x5ecac5cec4839fe388c96da05cccd0c8676afdc7c15bc2de23cb62e3d3d21670
[2m2025-12-10T10:12:42.329716Z[0m [34mDEBUG[0m [2methereum_transaction_pool_monitor::mempool_monitor[0m[2m:[0m 📨 Processing new pending transaction: 0x872599a5a5bb520f90716f237851507bd95d5538a0e45367e46aa2fd64fcf98f
[2m2025-12-10T10:12:42.329740Z[0m [34mDEBUG[0m [2methereum_transaction_pool_monitor::mempool_monitor[0m[2m:[0m 🔍 Fetching transaction details for: 0x872599a5a5bb520f90716f237851507bd95d5538a0e45367e46aa2fd64fcf98f
[2m2025-12-10T10:12:42.329760Z[0m [34mDEBUG[0m [2methereum_transaction_pool_monitor::eth_client[0m[2m:[0m 🔍 Fetching transaction details for hash: 0x872599a5a5bb520f90716f237851507bd95d5538a0e45367e46aa2fd64fcf98f
[2m2025-12-10T10:12:42.329778Z[0m [34mDEBUG[0m [2mhyper::client::pool[0m[2m:[0m reuse idle connection for ("http", 192.168.0.14:8545)
[2m2025-12-10T10:12:42.329809Z[0m [34mDEBUG[0m [2mhyper::proto::h1::io[0m[2m:[0m flushed 250 bytes
[2m2025-12-10T10:12:42.331886Z[0m [34mDEBUG[0m [2mhyper::proto::h1::io[0m[2m:[0m parsed 4 headers
[2m2025-12-10T10:12:42.331909Z[0m [34mDEBUG[0m [2mhyper::proto::h1::conn[0m[2m:[0m incoming body is content-length (45 bytes)
[2m2025-12-10T10:12:42.331933Z[0m [34mDEBUG[0m [2mhyper::proto::h1::conn[0m[2m:[0m incoming body completed
[2m2025-12-10T10:12:42.331943Z[0m [34mDEBUG[0m [2mhyper::client::pool[0m[2m:[0m pooling idle connection for ("http", 192.168.0.14:8545)
[2m2025-12-10T10:12:42.333460Z[0m [34mDEBUG[0m [2mhyper::proto::h1::io[0m[2m:[0m parsed 4 headers
[2m2025-12-10T10:12:42.333466Z[0m [34mDEBUG[0m [2mhyper::proto::h1::conn[0m[2m:[0m incoming body is content-length (4291 bytes)
[2m2025-12-10T10:12:42.333474Z[0m [34mDEBUG[0m [2methereum_transaction_pool_monitor::eth_client[0m[2m:[0m 📡 Transaction fetch RPC completed in 3.703958ms
[2m2025-12-10T10:12:42.336082Z[0m [34mDEBUG[0m [2mhyper::proto::h1::conn[0m[2m:[0m incoming body completed
[2m2025-12-10T10:12:42.336090Z[0m [34mDEBUG[0m [2mhyper::client::pool[0m[2m:[0m pooling idle connection for ("http", 192.168.0.14:8545)
[2m2025-12-10T10:12:42.371155Z[0m [34mDEBUG[0m [2methereum_transaction_pool_monitor::eth_client[0m[2m:[0m 📨 Received WebSocket message: {"jsonrpc":"2.0","method":"eth_subscription","params":{"subscription":"0xbed0a0851463e895960a451075a301a9","result":"0x804c5037336cb30c6c3f53994a065f56beb4843e54bb9413ef460d4854f9c9b6"}}
[2m2025-12-10T10:12:42.371184Z[0m [34mDEBUG[0m [2methereum_transaction_pool_monitor::eth_client[0m[2m:[0m 📨 Received pending transaction: 0x804c5037336cb30c6c3f53994a065f56beb4843e54bb9413ef460d4854f9c9b6
[2m2025-12-10T10:12:42.382748Z[0m [34mDEBUG[0m [2methereum_transaction_pool_monitor::eth_client[0m[2m:[0m 📨 Received WebSocket message: {"jsonrpc":"2.0","method":"eth_subscription","params":{"subscription":"0xbed0a0851463e895960a451075a301a9","result":"0x06e1608cbb8a48aa3597e6ffb0db4b36e5c552c14ceec0cd6966afac4156f701"}}
[2m2025-12-10T10:12:42.382765Z[0m [34mDEBUG[0m [2methereum_transaction_pool_monitor::eth_client[0m[2m:[0m 📨 Received pending transaction: 0x06e1608cbb8a48aa3597e6ffb0db4b36e5c552c14ceec0cd6966afac4156f701
[2m2025-12-10T10:12:42.399070Z[0m [34mDEBUG[0m [2mhyper::client::pool[0m[2m:[0m reuse idle connection for ("http", 192.168.0.14:8545)
[2m2025-12-10T10:12:42.399118Z[0m [34mDEBUG[0m [2mhyper::proto::h1::io[0m[2m:[0m flushed 172 bytes
[2m2025-12-10T10:12:42.402706Z[0m [34mDEBUG[0m [2mhyper::proto::h1::io[0m[2m:[0m parsed 4 headers
[2m2025-12-10T10:12:42.402712Z[0m [34mDEBUG[0m [2mhyper::proto::h1::conn[0m[2m:[0m incoming body is content-length (45 bytes)
[2m2025-12-10T10:12:42.402719Z[0m [34mDEBUG[0m [2mhyper::proto::h1::conn[0m[2m:[0m incoming body completed
[2m2025-12-10T10:12:42.402727Z[0m [34mDEBUG[0m [2mhyper::client::pool[0m[2m:[0m pooling idle connection for ("http", 192.168.0.14:8545)
[2m2025-12-10T10:12:42.408316Z[0m [34mDEBUG[0m [2methereum_transaction_pool_monitor::eth_client[0m[2m:[0m ✅ Transaction 0x872599a5a5bb520f90716f237851507bd95d5538a0e45367e46aa2fd64fcf98f fetched and parsed in 78.545167ms
[2m2025-12-10T10:12:42.408329Z[0m [34mDEBUG[0m [2methereum_transaction_pool_monitor::mempool_monitor[0m[2m:[0m 🔍 Skipping tx 0x872599a5a5bb520f90716f237851507bd95d5538a0e45367e46aa2fd64fcf98f - not a DEX interaction (target: 0xF6801D319497789f934ec7F83E142a9536312B08)
[2m2025-12-10T10:12:42.408340Z[0m [34mDEBUG[0m [2methereum_transaction_pool_monitor::mempool_monitor[0m[2m:[0m 📨 Processing new pending transaction: 0x5ecac5cec4839fe388c96da05cccd0c8676afdc7c15bc2de23cb62e3d3d21670
[2m2025-12-10T10:12:42.408346Z[0m [34mDEBUG[0m [2methereum_transaction_pool_monitor::mempool_monitor[0m[2m:[0m 🔍 Fetching transaction details for: 0x5ecac5cec4839fe388c96da05cccd0c8676afdc7c15bc2de23cb62e3d3d21670
[2m2025-12-10T10:12:42.408352Z[0m [34mDEBUG[0m [2methereum_transaction_pool_monitor::eth_client[0m[2m:[0m 🔍 Fetching transaction details for hash: 0x5ecac5cec4839fe388c96da05cccd0c8676afdc7c15bc2de23cb62e3d3d21670
[2m2025-12-10T10:12:42.408368Z[0m [34mDEBUG[0m [2mhyper::client::pool[0m[2m:[0m reuse idle connection for ("http", 192.168.0.14:8545)
[2m2025-12-10T10:12:42.408400Z[0m [34mDEBUG[0m [2mhyper::proto::h1::io[0m[2m:[0m flushed 250 bytes
[2m2025-12-10T10:12:42.413039Z[0m [34mDEBUG[0m [2mhyper::proto::h1::io[0m[2m:[0m parsed 4 headers
[2m2025-12-10T10:12:42.413061Z[0m [34mDEBUG[0m [2mhyper::proto::h1::conn[0m[2m:[0m incoming body is content-length (647 bytes)
[2m2025-12-10T10:12:42.413082Z[0m [34mDEBUG[0m [2mhyper::proto::h1::conn[0m[2m:[0m incoming body completed
[2m2025-12-10T10:12:42.413100Z[0m [34mDEBUG[0m [2mhyper::client::pool[0m[2m:[0m pooling idle connection for ("http", 192.168.0.14:8545)
[2m2025-12-10T10:12:42.413107Z[0m [34mDEBUG[0m [2methereum_transaction_pool_monitor::eth_client[0m[2m:[0m 📡 Transaction fetch RPC completed in 4.747708ms
[2m2025-12-10T10:12:42.484010Z[0m [34mDEBUG[0m [2methereum_transaction_pool_monitor::eth_client[0m[2m:[0m ✅ Transaction 0x5ecac5cec4839fe388c96da05cccd0c8676afdc7c15bc2de23cb62e3d3d21670 fetched and parsed in 75.648292ms
[2m2025-12-10T10:12:42.484037Z[0m [34mDEBUG[0m [2methereum_transaction_pool_monitor::mempool_monitor[0m[2m:[0m 🔍 Skipping tx 0x5ecac5cec4839fe388c96da05cccd0c8676afdc7c15bc2de23cb62e3d3d21670 - not a DEX interaction (target: 0x7acc5Fc06C9B615c247922080E9E852485286A55)
[2m2025-12-10T10:12:42.484051Z[0m [34mDEBUG[0m [2methereum_transaction_pool_monitor::mempool_monitor[0m[2m:[0m 📨 Processing new pending transaction: 0x804c5037336cb30c6c3f53994a065f56beb4843e54bb9413ef460d4854f9c9b6
[2m2025-12-10T10:12:42.484057Z[0m [34mDEBUG[0m [2methereum_transaction_pool_monitor::mempool_monitor[0m[2m:[0m 🔍 Fetching transaction details for: 0x804c5037336cb30c6c3f53994a065f56beb4843e54bb9413ef460d4854f9c9b6
[2m2025-12-10T10:12:42.484062Z[0m [34mDEBUG[0m [2methereum_transaction_pool_monitor::eth_client[0m[2m:[0m 🔍 Fetching transaction details for hash: 0x804c5037336cb30c6c3f53994a065f56beb4843e54bb9413ef460d4854f9c9b6
[2m2025-12-10T10:12:42.484081Z[0m [34mDEBUG[0m [2mhyper::client::pool[0m[2m:[0m reuse idle connection for ("http", 192.168.0.14:8545)
[2m2025-12-10T10:12:42.484111Z[0m [34mDEBUG[0m [2mhyper::proto::h1::io[0m[2m:[0m flushed 250 bytes
[2m2025-12-10T10:12:42.488146Z[0m [34mDEBUG[0m [2mhyper::proto::h1::io[0m[2m:[0m parsed 4 headers
[2m2025-12-10T10:12:42.488152Z[0m [34mDEBUG[0m [2mhyper::proto::h1::conn[0m[2m:[0m incoming body is content-length (775 bytes)
[2m2025-12-10T10:12:42.488158Z[0m [34mDEBUG[0m [2mhyper::proto::h1::conn[0m[2m:[0m incoming body completed
[2m2025-12-10T10:12:42.488167Z[0m [34mDEBUG[0m [2mhyper::client::pool[0m[2m:[0m pooling idle connection for ("http", 192.168.0.14:8545)
[2m2025-12-10T10:12:42.488173Z[0m [34mDEBUG[0m [2methereum_transaction_pool_monitor::eth_client[0m[2m:[0m 📡 Transaction fetch RPC completed in 4.106583ms
[2m2025-12-10T10:12:42.558741Z[0m [34mDEBUG[0m [2methereum_transaction_pool_monitor::eth_client[0m[2m:[0m ✅ Transaction 0x804c5037336cb30c6c3f53994a065f56beb4843e54bb9413ef460d4854f9c9b6 fetched and parsed in 74.672625ms
[2m2025-12-10T10:12:42.558768Z[0m [34mDEBUG[0m [2methereum_transaction_pool_monitor::mempool_monitor[0m[2m:[0m 🔍 Skipping tx 0x804c5037336cb30c6c3f53994a065f56beb4843e54bb9413ef460d4854f9c9b6 - not a DEX interaction (target: 0xDBB5Cf12408a3Ac17d668037Ce289f9eA75439D7)
[2m2025-12-10T10:12:42.558779Z[0m [34mDEBUG[0m [2methereum_transaction_pool_monitor::mempool_monitor[0m[2m:[0m 📨 Processing new pending transaction: 0x06e1608cbb8a48aa3597e6ffb0db4b36e5c552c14ceec0cd6966afac4156f701
[2m2025-12-10T10:12:42.558786Z[0m [34mDEBUG[0m [2methereum_transaction_pool_monitor::mempool_monitor[0m[2m:[0m 🔍 Fetching transaction details for: 0x06e1608cbb8a48aa3597e6ffb0db4b36e5c552c14ceec0cd6966afac4156f701
[2m2025-12-10T10:12:42.558792Z[0m [34mDEBUG[0m [2methereum_transaction_pool_monitor::eth_client[0m[2m:[0m 🔍 Fetching transaction details for hash: 0x06e1608cbb8a48aa3597e6ffb0db4b36e5c552c14ceec0cd6966afac4156f701
[2m2025-12-10T10:12:42.558810Z[0m [34mDEBUG[0m [2mhyper::client::pool[0m[2m:[0m reuse idle connection for ("http", 192.168.0.14:8545)
[2m2025-12-10T10:12:42.558848Z[0m [34mDEBUG[0m [2mhyper::proto::h1::io[0m[2m:[0m flushed 250 bytes
[2m2025-12-10T10:12:42.558867Z[0m [34mDEBUG[0m [2mhyper::client::pool[0m[2m:[0m reuse idle connection for ("http", 192.168.0.14:8545)
[2m2025-12-10T10:12:42.558880Z[0m [34mDEBUG[0m [2mhyper::proto::h1::io[0m[2m:[0m flushed 172 bytes
[2m2025-12-10T10:12:42.558880Z[0m [34mDEBUG[0m [2methereum_transaction_pool_monitor::eth_client[0m[2m:[0m 📨 Received WebSocket message: {"jsonrpc":"2.0","method":"eth_subscription","params":{"subscription":"0xbed0a0851463e895960a451075a301a9","result":"0x3a012c5a8b4c6eb7559b7226bf7d16645f15b4f83d1abe23be0f1f9c0ca28b86"}}
[2m2025-12-10T10:12:42.558900Z[0m [34mDEBUG[0m [2methereum_transaction_pool_monitor::eth_client[0m[2m:[0m 📨 Received pending transaction: 0x3a012c5a8b4c6eb7559b7226bf7d16645f15b4f83d1abe23be0f1f9c0ca28b86
[2m2025-12-10T10:12:42.558907Z[0m [34mDEBUG[0m [2methereum_transaction_pool_monitor::eth_client[0m[2m:[0m 📨 Received WebSocket message: {"jsonrpc":"2.0","method":"eth_subscription","params":{"subscription":"0xbed0a0851463e895960a451075a301a9","result":"0xe782fd7e2dda30b11fb980d5b74609f85290a49bb7facfc01ceb89ca23f0bcd8"}}
[2m2025-12-10T10:12:42.558913Z[0m [34mDEBUG[0m [2methereum_transaction_pool_monitor::eth_client[0m[2m:[0m 📨 Received pending transaction: 0xe782fd7e2dda30b11fb980d5b74609f85290a49bb7facfc01ceb89ca23f0bcd8
[2m2025-12-10T10:12:42.562092Z[0m [34mDEBUG[0m [2mhyper::proto::h1::io[0m[2m:[0m parsed 4 headers
[2m2025-12-10T10:12:42.562097Z[0m [34mDEBUG[0m [2mhyper::proto::h1::conn[0m[2m:[0m incoming body is content-length (45 bytes)
[2m2025-12-10T10:12:42.562103Z[0m [34mDEBUG[0m [2mhyper::proto::h1::conn[0m[2m:[0m incoming body completed
[2m2025-12-10T10:12:42.562109Z[0m [34mDEBUG[0m [2mhyper::client::pool[0m[2m:[0m pooling idle connection for ("http", 192.168.0.14:8545)
[2m2025-12-10T10:12:42.563980Z[0m [34mDEBUG[0m [2mhyper::proto::h1::io[0m[2m:[0m parsed 4 headers
[2m2025-12-10T10:12:42.563989Z[0m [34mDEBUG[0m [2mhyper::proto::h1::conn[0m[2m:[0m incoming body is content-length (2324 bytes)
[2m2025-12-10T10:12:42.563997Z[0m [34mDEBUG[0m [2mhyper::proto::h1::conn[0m[2m:[0m incoming body completed
[2m2025-12-10T10:12:42.564005Z[0m [34mDEBUG[0m [2mhyper::client::pool[0m[2m:[0m pooling idle connection for ("http", 192.168.0.14:8545)
[2m2025-12-10T10:12:42.564014Z[0m [34mDEBUG[0m [2methereum_transaction_pool_monitor::eth_client[0m[2m:[0m 📡 Transaction fetch RPC completed in 5.217458ms
[2m2025-12-10T10:12:42.635833Z[0m [34mDEBUG[0m [2methereum_transaction_pool_monitor::eth_client[0m[2m:[0m ✅ Transaction 0x06e1608cbb8a48aa3597e6ffb0db4b36e5c552c14ceec0cd6966afac4156f701 fetched and parsed in 77.034208ms
[2m2025-12-10T10:12:42.635862Z[0m [34mDEBUG[0m [2methereum_transaction_pool_monitor::mempool_monitor[0m[2m:[0m 🔍 Skipping tx 0x06e1608cbb8a48aa3597e6ffb0db4b36e5c552c14ceec0cd6966afac4156f701 - not a DEX interaction (target: 0x66a9893cC07D91D95644AEDD05D03f95e1dBA8Af)
[2m2025-12-10T10:12:42.635873Z[0m [34mDEBUG[0m [2methereum_transaction_pool_monitor::mempool_monitor[0m[2m:[0m 📨 Processing new pending transaction: 0x3a012c5a8b4c6eb7559b7226bf7d16645f15b4f83d1abe23be0f1f9c0ca28b86
[2m2025-12-10T10:12:42.635887Z[0m [34mDEBUG[0m [2methereum_transaction_pool_monitor::mempool_monitor[0m[2m:[0m 🔍 Fetching transaction details for: 0x3a012c5a8b4c6eb7559b7226bf7d16645f15b4f83d1abe23be0f1f9c0ca28b86
[2m2025-12-10T10:12:42.635895Z[0m [34mDEBUG[0m [2methereum_transaction_pool_monitor::eth_client[0m[2m:[0m 🔍 Fetching transaction details for hash: 0x3a012c5a8b4c6eb7559b7226bf7d16645f15b4f83d1abe23be0f1f9c0ca28b86
[2m2025-12-10T10:12:42.635914Z[0m [34mDEBUG[0m [2mhyper::client::pool[0m[2m:[0m reuse idle connection for ("http", 192.168.0.14:8545)
[2m2025-12-10T10:12:42.635957Z[0m [34mDEBUG[0m [2mhyper::proto::h1::io[0m[2m:[0m flushed 250 bytes
[2m2025-12-10T10:12:42.635978Z[0m [34mDEBUG[0m [2mhyper::client::pool[0m[2m:[0m reuse idle connection for ("http", 192.168.0.14:8545)
[2m2025-12-10T10:12:42.635988Z[0m [34mDEBUG[0m [2methereum_transaction_pool_monitor::eth_client[0m[2m:[0m 📨 Received WebSocket message: {"jsonrpc":"2.0","method":"eth_subscription","params":{"subscription":"0xbed0a0851463e895960a451075a301a9","result":"0xf1694d0f71e970e40c78f5e067d094b704331c8a52645d1bd123f40e4e5dca3f"}}
[2m2025-12-10T10:12:42.635991Z[0m [34mDEBUG[0m [2mhyper::proto::h1::io[0m[2m:[0m flushed 172 bytes
[2m2025-12-10T10:12:42.636002Z[0m [34mDEBUG[0m [2methereum_transaction_pool_monitor::eth_client[0m[2m:[0m 📨 Received pending transaction: 0xf1694d0f71e970e40c78f5e067d094b704331c8a52645d1bd123f40e4e5dca3f
[2m2025-12-10T10:12:42.641479Z[0m [34mDEBUG[0m [2mhyper::proto::h1::io[0m[2m:[0m parsed 4 headers
[2m2025-12-10T10:12:42.641503Z[0m [34mDEBUG[0m [2mhyper::proto::h1::conn[0m[2m:[0m incoming body is content-length (45 bytes)
[2m2025-12-10T10:12:42.641533Z[0m [34mDEBUG[0m [2mhyper::proto::h1::conn[0m[2m:[0m incoming body completed
[2m2025-12-10T10:12:42.641559Z[0m [34mDEBUG[0m [2mhyper::client::pool[0m[2m:[0m pooling idle connection for ("http", 192.168.0.14:8545)
[2m2025-12-10T10:12:42.641578Z[0m [34mDEBUG[0m [2mhyper::proto::h1::io[0m[2m:[0m parsed 4 headers
[2m2025-12-10T10:12:42.641583Z[0m [34mDEBUG[0m [2mhyper::proto::h1::conn[0m[2m:[0m incoming body is content-length (680 bytes)
[2m2025-12-10T10:12:42.641587Z[0m [34mDEBUG[0m [2mhyper::proto::h1::conn[0m[2m:[0m incoming body completed
[2m2025-12-10T10:12:42.641594Z[0m [34mDEBUG[0m [2mhyper::client::pool[0m[2m:[0m pooling idle connection for ("http", 192.168.0.14:8545)
[2m2025-12-10T10:12:42.641600Z[0m [34mDEBUG[0m [2methereum_transaction_pool_monitor::eth_client[0m[2m:[0m 📡 Transaction fetch RPC completed in 5.698333ms
[2m2025-12-10T10:12:42.641613Z[0m [34mDEBUG[0m [2methereum_transaction_pool_monitor::eth_client[0m[2m:[0m DeFi transaction detected - Address: 0xdac17f958d2ee523a2206206994597c13d831ec7, Type: Stablecoin, Value: 0 ETH, Gas: 1.00 Gwei
[2m2025-12-10T10:12:42.641630Z[0m [34mDEBUG[0m [2methereum_transaction_pool_monitor::eth_client[0m[2m:[0m ✅ Transaction 0x3a012c5a8b4c6eb7559b7226bf7d16645f15b4f83d1abe23be0f1f9c0ca28b86 fetched and parsed in 5.728833ms
[2m2025-12-10T10:12:42.641640Z[0m [34mDEBUG[0m [2methereum_transaction_pool_monitor::mempool_monitor[0m[2m:[0m 🔍 Skipping tx 0x3a012c5a8b4c6eb7559b7226bf7d16645f15b4f83d1abe23be0f1f9c0ca28b86 - not a DEX interaction (target: 0xdAC17F958D2ee523a2206206994597C13D831ec7)
[2m2025-12-10T10:12:42.641646Z[0m [34mDEBUG[0m [2methereum_transaction_pool_monitor::mempool_monitor[0m[2m:[0m 📨 Processing new pending transaction: 0xe782fd7e2dda30b11fb980d5b74609f85290a49bb7facfc01ceb89ca23f0bcd8
[2m2025-12-10T10:12:42.642377Z[0m [34mDEBUG[0m [2methereum_transaction_pool_monitor::mempool_monitor[0m[2m:[0m 🔍 Fetching transaction details for: 0xe782fd7e2dda30b11fb980d5b74609f85290a49bb7facfc01ceb89ca23f0bcd8
[2m2025-12-10T10:12:42.642382Z[0m [34mDEBUG[0m [2methereum_transaction_pool_monitor::eth_client[0m[2m:[0m 🔍 Fetching transaction details for hash: 0xe782fd7e2dda30b11fb980d5b74609f85290a49bb7facfc01ceb89ca23f0bcd8
[2m2025-12-10T10:12:42.642390Z[0m [34mDEBUG[0m [2mhyper::client::pool[0m[2m:[0m reuse idle connection for ("http", 192.168.0.14:8545)
[2m2025-12-10T10:12:42.642403Z[0m [34mDEBUG[0m [2mhyper::proto::h1::io[0m[2m:[0m flushed 250 bytes
[2m2025-12-10T10:12:42.647214Z[0m [34mDEBUG[0m [2mhyper::proto::h1::io[0m[2m:[0m parsed 4 headers
[2m2025-12-10T10:12:42.647219Z[0m [34mDEBUG[0m [2mhyper::proto::h1::conn[0m[2m:[0m incoming body is content-length (771 bytes)
[2m2025-12-10T10:12:42.647223Z[0m [34mDEBUG[0m [2mhyper::proto::h1::conn[0m[2m:[0m incoming body completed
[2m2025-12-10T10:12:42.647228Z[0m [34mDEBUG[0m [2mhyper::client::pool[0m[2m:[0m pooling idle connection for ("http", 192.168.0.14:8545)
[2m2025-12-10T10:12:42.647232Z[0m [34mDEBUG[0m [2methereum_transaction_pool_monitor::eth_client[0m[2m:[0m 📡 Transaction fetch RPC completed in 4.846709ms
[2m2025-12-10T10:12:42.647243Z[0m [34mDEBUG[0m [2methereum_transaction_pool_monitor::eth_client[0m[2m:[0m DeFi transaction detected - Address: 0xdac17f958d2ee523a2206206994597c13d831ec7, Type: Stablecoin, Value: 0 ETH, Gas: 0.74 Gwei
[2m2025-12-10T10:12:42.647251Z[0m [34mDEBUG[0m [2methereum_transaction_pool_monitor::eth_client[0m[2m:[0m ✅ Transaction 0xe782fd7e2dda30b11fb980d5b74609f85290a49bb7facfc01ceb89ca23f0bcd8 fetched and parsed in 4.8655ms
[2m2025-12-10T10:12:42.647256Z[0m [34mDEBUG[0m [2methereum_transaction_pool_monitor::mempool_monitor[0m[2m:[0m 🔍 Skipping tx 0xe782fd7e2dda30b11fb980d5b74609f85290a49bb7facfc01ceb89ca23f0bcd8 - not a DEX interaction (target: 0xdAC17F958D2ee523a2206206994597C13D831ec7)
[2m2025-12-10T10:12:42.647261Z[0m [34mDEBUG[0m [2methereum_transaction_pool_monitor::mempool_monitor[0m[2m:[0m 📨 Processing new pending transaction: 0xf1694d0f71e970e40c78f5e067d094b704331c8a52645d1bd123f40e4e5dca3f
[2m2025-12-10T10:12:42.647265Z[0m [34mDEBUG[0m [2methereum_transaction_pool_monitor::mempool_monitor[0m[2m:[0m 🔍 Fetching transaction details for: 0xf1694d0f71e970e40c78f5e067d094b704331c8a52645d1bd123f40e4e5dca3f
[2m2025-12-10T10:12:42.647269Z[0m [34mDEBUG[0m [2methereum_transaction_pool_monitor::eth_client[0m[2m:[0m 🔍 Fetching transaction details for hash: 0xf1694d0f71e970e40c78f5e067d094b704331c8a52645d1bd123f40e4e5dca3f
[2m2025-12-10T10:12:42.647275Z[0m [34mDEBUG[0m [2mhyper::client::pool[0m[2m:[0m reuse idle connection for ("http", 192.168.0.14:8545)
[2m2025-12-10T10:12:42.647290Z[0m [34mDEBUG[0m [2mhyper::proto::h1::io[0m[2m:[0m flushed 250 bytes
[2m2025-12-10T10:12:42.652478Z[0m [34mDEBUG[0m [2mhyper::proto::h1::io[0m[2m:[0m parsed 4 headers
[2m2025-12-10T10:12:42.652483Z[0m [34mDEBUG[0m [2mhyper::proto::h1::conn[0m[2m:[0m incoming body is content-length (830 bytes)
[2m2025-12-10T10:12:42.652488Z[0m [34mDEBUG[0m [2mhyper::proto::h1::conn[0m[2m:[0m incoming body completed
[2m2025-12-10T10:12:42.652492Z[0m [34mDEBUG[0m [2mhyper::client::pool[0m[2m:[0m pooling idle connection for ("http", 192.168.0.14:8545)
[2m2025-12-10T10:12:42.652496Z[0m [34mDEBUG[0m [2methereum_transaction_pool_monitor::eth_client[0m[2m:[0m 📡 Transaction fetch RPC completed in 5.223708ms
[2m2025-12-10T10:12:42.723123Z[0m [34mDEBUG[0m [2methereum_transaction_pool_monitor::eth_client[0m[2m:[0m ✅ Transaction 0xf1694d0f71e970e40c78f5e067d094b704331c8a52645d1bd123f40e4e5dca3f fetched and parsed in 75.84825ms
[2m2025-12-10T10:12:42.723149Z[0m [34mDEBUG[0m [2methereum_transaction_pool_monitor::mempool_monitor[0m[2m:[0m 🔍 Skipping tx 0xf1694d0f71e970e40c78f5e067d094b704331c8a52645d1bd123f40e4e5dca3f - not a DEX interaction (target: 0x3B4D794a66304F130a4Db8F2551B0070dfCf5ca7)
[2m2025-12-10T10:12:42.723187Z[0m [34mDEBUG[0m [2mhyper::client::pool[0m[2m:[0m reuse idle connection for ("http", 192.168.0.14:8545)
[2m2025-12-10T10:12:42.723210Z[0m [34mDEBUG[0m [2mhyper::proto::h1::io[0m[2m:[0m flushed 172 bytes
[2m2025-12-10T10:12:42.723214Z[0m [34mDEBUG[0m [2methereum_transaction_pool_monitor::eth_client[0m[2m:[0m 📨 Received WebSocket message: {"jsonrpc":"2.0","method":"eth_subscription","params":{"subscription":"0xbed0a0851463e895960a451075a301a9","result":"0xc79edb6385ea748ca21d1de011a15839f9ececc2f934ea2b5c387f261d1f003e"}}
[2m2025-12-10T10:12:42.723226Z[0m [34mDEBUG[0m [2methereum_transaction_pool_monitor::eth_client[0m[2m:[0m 📨 Received pending transaction: 0xc79edb6385ea748ca21d1de011a15839f9ececc2f934ea2b5c387f261d1f003e
[2m2025-12-10T10:12:42.723234Z[0m [34mDEBUG[0m [2methereum_transaction_pool_monitor::mempool_monitor[0m[2m:[0m 📨 Processing new pending transaction: 0xc79edb6385ea748ca21d1de011a15839f9ececc2f934ea2b5c387f261d1f003e
[2m2025-12-10T10:12:42.723240Z[0m [34mDEBUG[0m [2methereum_transaction_pool_monitor::mempool_monitor[0m[2m:[0m 🔍 Fetching transaction details for: 0xc79edb6385ea748ca21d1de011a15839f9ececc2f934ea2b5c387f261d1f003e
[2m2025-12-10T10:12:42.723245Z[0m [34mDEBUG[0m [2methereum_transaction_pool_monitor::eth_client[0m[2m:[0m 🔍 Fetching transaction details for hash: 0xc79edb6385ea748ca21d1de011a15839f9ececc2f934ea2b5c387f261d1f003e
[2m2025-12-10T10:12:42.723254Z[0m [34mDEBUG[0m [2mhyper::client::pool[0m[2m:[0m reuse idle connection for ("http", 192.168.0.14:8545)
[2m2025-12-10T10:12:42.723267Z[0m [34mDEBUG[0m [2mhyper::proto::h1::io[0m[2m:[0m flushed 250 bytes
[2m2025-12-10T10:12:42.727020Z[0m [34mDEBUG[0m [2mhyper::proto::h1::io[0m[2m:[0m parsed 4 headers
[2m2025-12-10T10:12:42.727025Z[0m [34mDEBUG[0m [2mhyper::proto::h1::conn[0m[2m:[0m incoming body is content-length (45 bytes)
[2m2025-12-10T10:12:42.727034Z[0m [34mDEBUG[0m [2mhyper::proto::h1::conn[0m[2m:[0m incoming body completed
[2m2025-12-10T10:12:42.727043Z[0m [34mDEBUG[0m [2mhyper::client::pool[0m[2m:[0m pooling idle connection for ("http", 192.168.0.14:8545)
[2m2025-12-10T10:12:42.727413Z[0m [34mDEBUG[0m [2mhyper::proto::h1::io[0m[2m:[0m parsed 4 headers
[2m2025-12-10T10:12:42.727418Z[0m [34mDEBUG[0m [2mhyper::proto::h1::conn[0m[2m:[0m incoming body is content-length (830 bytes)
[2m2025-12-10T10:12:42.727423Z[0m [34mDEBUG[0m [2mhyper::proto::h1::conn[0m[2m:[0m incoming body completed
[2m2025-12-10T10:12:42.727428Z[0m [34mDEBUG[0m [2mhyper::client::pool[0m[2m:[0m pooling idle connection for ("http", 192.168.0.14:8545)
[2m2025-12-10T10:12:42.727432Z[0m [34mDEBUG[0m [2methereum_transaction_pool_monitor::eth_client[0m[2m:[0m 📡 Transaction fetch RPC completed in 4.181875ms
[2m2025-12-10T10:12:42.798689Z[0m [34mDEBUG[0m [2methereum_transaction_pool_monitor::eth_client[0m[2m:[0m ✅ Transaction 0xc79edb6385ea748ca21d1de011a15839f9ececc2f934ea2b5c387f261d1f003e fetched and parsed in 75.436917ms
[2m2025-12-10T10:12:42.798718Z[0m [34mDEBUG[0m [2methereum_transaction_pool_monitor::mempool_monitor[0m[2m:[0m 🔍 Skipping tx 0xc79edb6385ea748ca21d1de011a15839f9ececc2f934ea2b5c387f261d1f003e - not a DEX interaction (target: 0x3B4D794a66304F130a4Db8F2551B0070dfCf5ca7)
[2m2025-12-10T10:12:42.798764Z[0m [34mDEBUG[0m [2mhyper::client::pool[0m[2m:[0m reuse idle connection for ("http", 192.168.0.14:8545)
[2m2025-12-10T10:12:42.798805Z[0m [34mDEBUG[0m [2mhyper::proto::h1::io[0m[2m:[0m flushed 172 bytes
[2m2025-12-10T10:12:42.802444Z[0m [34mDEBUG[0m [2mhyper::proto::h1::io[0m[2m:[0m parsed 4 headers
[2m2025-12-10T10:12:42.806012Z[0m [34mDEBUG[0m [2mhyper::proto::h1::conn[0m[2m:[0m incoming body is content-length (45 bytes)
[2m2025-12-10T10:12:42.806043Z[0m [34mDEBUG[0m [2mhyper::proto::h1::conn[0m[2m:[0m incoming body completed
[2m2025-12-10T10:12:42.806079Z[0m [34mDEBUG[0m [2mhyper::client::pool[0m[2m:[0m pooling idle connection for ("http", 192.168.0.14:8545)
[2m2025-12-10T10:12:42.851037Z[0m [34mDEBUG[0m [2methereum_transaction_pool_monitor::eth_client[0m[2m:[0m 📨 Received WebSocket message: {"jsonrpc":"2.0","method":"eth_subscription","params":{"subscription":"0xbed0a0851463e895960a451075a301a9","result":"0x2f56935b320a48edd2ea74b0bd2ef255f0e00c44536b77b9edd3bd3c016b3bd9"}}
[2m2025-12-10T10:12:42.851070Z[0m [34mDEBUG[0m [2methereum_transaction_pool_monitor::eth_client[0m[2m:[0m 📨 Received pending transaction: 0x2f56935b320a48edd2ea74b0bd2ef255f0e00c44536b77b9edd3bd3c016b3bd9
[2m2025-12-10T10:12:42.851082Z[0m [34mDEBUG[0m [2methereum_transaction_pool_monitor::mempool_monitor[0m[2m:[0m 📨 Processing new pending transaction: 0x2f56935b320a48edd2ea74b0bd2ef255f0e00c44536b77b9edd3bd3c016b3bd9
[2m2025-12-10T10:12:42.851088Z[0m [34mDEBUG[0m [2methereum_transaction_pool_monitor::mempool_monitor[0m[2m:[0m 🔍 Fetching transaction details for: 0x2f56935b320a48edd2ea74b0bd2ef255f0e00c44536b77b9edd3bd3c016b3bd9
[2m2025-12-10T10:12:42.851106Z[0m [34mDEBUG[0m [2methereum_transaction_pool_monitor::eth_client[0m[2m:[0m 🔍 Fetching transaction details for hash: 0x2f56935b320a48edd2ea74b0bd2ef255f0e00c44536b77b9edd3bd3c016b3bd9
[2m2025-12-10T10:12:42.851121Z[0m [34mDEBUG[0m [2mhyper::client::pool[0m[2m:[0m reuse idle connection for ("http", 192.168.0.14:8545)
[2m2025-12-10T10:12:42.851139Z[0m [34mDEBUG[0m [2mhyper::proto::h1::io[0m[2m:[0m flushed 250 bytes
[2m2025-12-10T10:12:42.857196Z[0m [34mDEBUG[0m [2mhyper::proto::h1::io[0m[2m:[0m parsed 4 headers
[2m2025-12-10T10:12:42.857217Z[0m [34mDEBUG[0m [2mhyper::proto::h1::conn[0m[2m:[0m incoming body is content-length (1730 bytes)
[2m2025-12-10T10:12:42.857249Z[0m [34mDEBUG[0m [2methereum_transaction_pool_monitor::eth_client[0m[2m:[0m 📡 Transaction fetch RPC completed in 6.138ms
[2m2025-12-10T10:12:42.858061Z[0m [34mDEBUG[0m [2mhyper::proto::h1::conn[0m[2m:[0m incoming body completed
[2m2025-12-10T10:12:42.858071Z[0m [34mDEBUG[0m [2mhyper::client::pool[0m[2m:[0m pooling idle connection for ("http", 192.168.0.14:8545)
[2m2025-12-10T10:12:42.899887Z[0m [34mDEBUG[0m [2mhyper::client::pool[0m[2m:[0m reuse idle connection for ("http", 192.168.0.14:8545)
[2m2025-12-10T10:12:42.899952Z[0m [34mDEBUG[0m [2mhyper::proto::h1::io[0m[2m:[0m flushed 172 bytes
[2m2025-12-10T10:12:42.903794Z[0m [34mDEBUG[0m [2mhyper::proto::h1::io[0m[2m:[0m parsed 4 headers
[2m2025-12-10T10:12:42.903801Z[0m [34mDEBUG[0m [2mhyper::proto::h1::conn[0m[2m:[0m incoming body is content-length (45 bytes)
[2m2025-12-10T10:12:42.903808Z[0m [34mDEBUG[0m [2mhyper::proto::h1::conn[0m[2m:[0m incoming body completed
[2m2025-12-10T10:12:42.903816Z[0m [34mDEBUG[0m [2mhyper::client::pool[0m[2m:[0m pooling idle connection for ("http", 192.168.0.14:8545)
[2m2025-12-10T10:12:42.931246Z[0m [34mDEBUG[0m [2methereum_transaction_pool_monitor::eth_client[0m[2m:[0m ✅ Transaction 0x2f56935b320a48edd2ea74b0bd2ef255f0e00c44536b77b9edd3bd3c016b3bd9 fetched and parsed in 80.133208ms
[2m2025-12-10T10:12:42.931269Z[0m [34mDEBUG[0m [2methereum_transaction_pool_monitor::mempool_monitor[0m[2m:[0m 🔍 Skipping tx 0x2f56935b320a48edd2ea74b0bd2ef255f0e00c44536b77b9edd3bd3c016b3bd9 - not a DEX interaction (target: 0x601a2aD6CB5949f0529735254189Ba3194221EDF)
[2m2025-12-10T10:12:42.998399Z[0m [34mDEBUG[0m [2mhyper::client::pool[0m[2m:[0m reuse idle connection for ("http", 192.168.0.14:8545)
[2m2025-12-10T10:12:42.998466Z[0m [34mDEBUG[0m [2mhyper::proto::h1::io[0m[2m:[0m flushed 172 bytes
[2m2025-12-10T10:12:43.002569Z[0m [34mDEBUG[0m [2mhyper::proto::h1::io[0m[2m:[0m parsed 4 headers
[2m2025-12-10T10:12:43.002576Z[0m [34mDEBUG[0m [2mhyper::proto::h1::conn[0m[2m:[0m incoming body is content-length (45 bytes)
[2m2025-12-10T10:12:43.002585Z[0m [34mDEBUG[0m [2mhyper::proto::h1::conn[0m[2m:[0m incoming body completed
[2m2025-12-10T10:12:43.002593Z[0m [34mDEBUG[0m [2mhyper::client::pool[0m[2m:[0m pooling idle connection for ("http", 192.168.0.14:8545)
[2m2025-12-10T10:12:43.063772Z[0m [34mDEBUG[0m [2methereum_transaction_pool_monitor::eth_client[0m[2m:[0m 📨 Received WebSocket message: {"jsonrpc":"2.0","method":"eth_subscription","params":{"subscription":"0xbed0a0851463e895960a451075a301a9","result":"0xa5e76c7e9ce8d6bb60a94f056f504cf89f4ca9acab52a0624223e04f84b1b704"}}
[2m2025-12-10T10:12:43.063791Z[0m [34mDEBUG[0m [2methereum_transaction_pool_monitor::eth_client[0m[2m:[0m 📨 Received pending transaction: 0xa5e76c7e9ce8d6bb60a94f056f504cf89f4ca9acab52a0624223e04f84b1b704
[2m2025-12-10T10:12:43.063803Z[0m [34mDEBUG[0m [2methereum_transaction_pool_monitor::mempool_monitor[0m[2m:[0m 📨 Processing new pending transaction: 0xa5e76c7e9ce8d6bb60a94f056f504cf89f4ca9acab52a0624223e04f84b1b704
[2m2025-12-10T10:12:43.063812Z[0m [34mDEBUG[0m [2methereum_transaction_pool_monitor::mempool_monitor[0m[2m:[0m 🔍 Fetching transaction details for: 0xa5e76c7e9ce8d6bb60a94f056f504cf89f4ca9acab52a0624223e04f84b1b704
[2m2025-12-10T10:12:43.063820Z[0m [34mDEBUG[0m [2methereum_transaction_pool_monitor::eth_client[0m[2m:[0m 🔍 Fetching transaction details for hash: 0xa5e76c7e9ce8d6bb60a94f056f504cf89f4ca9acab52a0624223e04f84b1b704
[2m2025-12-10T10:12:43.063842Z[0m [34mDEBUG[0m [2mhyper::client::pool[0m[2m:[0m reuse idle connection for ("http", 192.168.0.14:8545)
[2m2025-12-10T10:12:43.063867Z[0m [34mDEBUG[0m [2mhyper::proto::h1::io[0m[2m:[0m flushed 250 bytes
[2m2025-12-10T10:12:43.065571Z[0m [34mDEBUG[0m [2methereum_transaction_pool_monitor::eth_client[0m[2m:[0m 📨 Received WebSocket message: {"jsonrpc":"2.0","method":"eth_subscription","params":{"subscription":"0xbed0a0851463e895960a451075a301a9","result":"0xba152617fa3cd5457588a9d4ebf274aa8f7ee66e5a02d827607b0be685f85694"}}
[2m2025-12-10T10:12:43.065592Z[0m [34mDEBUG[0m [2methereum_transaction_pool_monitor::eth_client[0m[2m:[0m 📨 Received pending transaction: 0xba152617fa3cd5457588a9d4ebf274aa8f7ee66e5a02d827607b0be685f85694
[2m2025-12-10T10:12:43.067400Z[0m [34mDEBUG[0m [2mhyper::proto::h1::io[0m[2m:[0m parsed 4 headers
[2m2025-12-10T10:12:43.067422Z[0m [34mDEBUG[0m [2mhyper::proto::h1::conn[0m[2m:[0m incoming body is content-length (772 bytes)
[2m2025-12-10T10:12:43.067437Z[0m [34mDEBUG[0m [2mhyper::proto::h1::conn[0m[2m:[0m incoming body completed
[2m2025-12-10T10:12:43.067448Z[0m [34mDEBUG[0m [2mhyper::client::pool[0m[2m:[0m pooling idle connection for ("http", 192.168.0.14:8545)
[2m2025-12-10T10:12:43.067459Z[0m [34mDEBUG[0m [2methereum_transaction_pool_monitor::eth_client[0m[2m:[0m 📡 Transaction fetch RPC completed in 3.631042ms
[2m2025-12-10T10:12:43.067479Z[0m [34mDEBUG[0m [2methereum_transaction_pool_monitor::eth_client[0m[2m:[0m DeFi transaction detected - Address: 0xdac17f958d2ee523a2206206994597c13d831ec7, Type: Stablecoin, Value: 0 ETH, Gas: 0.74 Gwei
[2m2025-12-10T10:12:43.067499Z[0m [34mDEBUG[0m [2methereum_transaction_pool_monitor::eth_client[0m[2m:[0m ✅ Transaction 0xa5e76c7e9ce8d6bb60a94f056f504cf89f4ca9acab52a0624223e04f84b1b704 fetched and parsed in 3.671042ms
[2m2025-12-10T10:12:43.067509Z[0m [34mDEBUG[0m [2methereum_transaction_pool_monitor::mempool_monitor[0m[2m:[0m 🔍 Skipping tx 0xa5e76c7e9ce8d6bb60a94f056f504cf89f4ca9acab52a0624223e04f84b1b704 - not a DEX interaction (target: 0xdAC17F958D2ee523a2206206994597C13D831ec7)
[2m2025-12-10T10:12:43.067523Z[0m [34mDEBUG[0m [2methereum_transaction_pool_monitor::mempool_monitor[0m[2m:[0m 📨 Processing new pending transaction: 0xba152617fa3cd5457588a9d4ebf274aa8f7ee66e5a02d827607b0be685f85694
[2m2025-12-10T10:12:43.067530Z[0m [34mDEBUG[0m [2methereum_transaction_pool_monitor::mempool_monitor[0m[2m:[0m 🔍 Fetching transaction details for: 0xba152617fa3cd5457588a9d4ebf274aa8f7ee66e5a02d827607b0be685f85694
[2m2025-12-10T10:12:43.069709Z[0m [34mDEBUG[0m [2methereum_transaction_pool_monitor::eth_client[0m[2m:[0m 🔍 Fetching transaction details for hash: 0xba152617fa3cd5457588a9d4ebf274aa8f7ee66e5a02d827607b0be685f85694
[2m2025-12-10T10:12:43.069743Z[0m [34mDEBUG[0m [2mhyper::client::pool[0m[2m:[0m reuse idle connection for ("http", 192.168.0.14:8545)
[2m2025-12-10T10:12:43.069776Z[0m [34mDEBUG[0m [2mhyper::proto::h1::io[0m[2m:[0m flushed 250 bytes
[2m2025-12-10T10:12:43.077780Z[0m [34mDEBUG[0m [2mhyper::proto::h1::io[0m[2m:[0m parsed 4 headers
[2m2025-12-10T10:12:43.077794Z[0m [34mDEBUG[0m [2mhyper::proto::h1::conn[0m[2m:[0m incoming body is content-length (643 bytes)
[2m2025-12-10T10:12:43.077802Z[0m [34mDEBUG[0m [2mhyper::proto::h1::conn[0m[2m:[0m incoming body completed
[2m2025-12-10T10:12:43.077811Z[0m [34mDEBUG[0m [2mhyper::client::pool[0m[2m:[0m pooling idle connection for ("http", 192.168.0.14:8545)
[2m2025-12-10T10:12:43.077821Z[0m [34mDEBUG[0m [2methereum_transaction_pool_monitor::eth_client[0m[2m:[0m 📡 Transaction fetch RPC completed in 8.08675ms
[2m2025-12-10T10:12:43.157883Z[0m [34mDEBUG[0m [2methereum_transaction_pool_monitor::eth_client[0m[2m:[0m ✅ Transaction 0xba152617fa3cd5457588a9d4ebf274aa8f7ee66e5a02d827607b0be685f85694 fetched and parsed in 88.147417ms
[2m2025-12-10T10:12:43.157907Z[0m [34mDEBUG[0m [2methereum_transaction_pool_monitor::mempool_monitor[0m[2m:[0m 🔍 Skipping tx 0xba152617fa3cd5457588a9d4ebf274aa8f7ee66e5a02d827607b0be685f85694 - not a DEX interaction (target: 0x1ea56977AD19B147db3B41d3d5dc39DA9a1751Ea)
[2m2025-12-10T10:12:43.157944Z[0m [34mDEBUG[0m [2mhyper::client::pool[0m[2m:[0m reuse idle connection for ("http", 192.168.0.14:8545)
[2m2025-12-10T10:12:43.157968Z[0m [34mDEBUG[0m [2mhyper::proto::h1::io[0m[2m:[0m flushed 172 bytes
[2m2025-12-10T10:12:43.158016Z[0m [34mDEBUG[0m [2methereum_transaction_pool_monitor::eth_client[0m[2m:[0m 📨 Received WebSocket message: {"jsonrpc":"2.0","method":"eth_subscription","params":{"subscription":"0xbed0a0851463e895960a451075a301a9","result":"0x6689d2fcdd6e55a9ab59660413f1f47b697bae34bd409874d93487d404d4a536"}}
[2m2025-12-10T10:12:43.158033Z[0m [34mDEBUG[0m [2methereum_transaction_pool_monitor::eth_client[0m[2m:[0m 📨 Received pending transaction: 0x6689d2fcdd6e55a9ab59660413f1f47b697bae34bd409874d93487d404d4a536
[2m2025-12-10T10:12:43.158043Z[0m [34mDEBUG[0m [2methereum_transaction_pool_monitor::mempool_monitor[0m[2m:[0m 📨 Processing new pending transaction: 0x6689d2fcdd6e55a9ab59660413f1f47b697bae34bd409874d93487d404d4a536
[2m2025-12-10T10:12:43.158053Z[0m [34mDEBUG[0m [2methereum_transaction_pool_monitor::mempool_monitor[0m[2m:[0m 🔍 Fetching transaction details for: 0x6689d2fcdd6e55a9ab59660413f1f47b697bae34bd409874d93487d404d4a536
[2m2025-12-10T10:12:43.158061Z[0m [34mDEBUG[0m [2methereum_transaction_pool_monitor::eth_client[0m[2m:[0m 🔍 Fetching transaction details for hash: 0x6689d2fcdd6e55a9ab59660413f1f47b697bae34bd409874d93487d404d4a536
[2m2025-12-10T10:12:43.158069Z[0m [34mDEBUG[0m [2mhyper::client::pool[0m[2m:[0m reuse idle connection for ("http", 192.168.0.14:8545)
[2m2025-12-10T10:12:43.158084Z[0m [34mDEBUG[0m [2mhyper::proto::h1::io[0m[2m:[0m flushed 250 bytes
[2m2025-12-10T10:12:43.158224Z[0m [34mDEBUG[0m [2methereum_transaction_pool_monitor::eth_client[0m[2m:[0m 📨 Received WebSocket message: {"jsonrpc":"2.0","method":"eth_subscription","params":{"subscription":"0xbed0a0851463e895960a451075a301a9","result":"0x05577d87362e4ac53ee0bb1053dc68071a0a12626569cf0e553bd1ecc211342d"}}
[2m2025-12-10T10:12:43.158234Z[0m [34mDEBUG[0m [2methereum_transaction_pool_monitor::eth_client[0m[2m:[0m 📨 Received pending transaction: 0x05577d87362e4ac53ee0bb1053dc68071a0a12626569cf0e553bd1ecc211342d
[2m2025-12-10T10:12:43.163254Z[0m [34mDEBUG[0m [2mhyper::proto::h1::io[0m[2m:[0m parsed 4 headers
[2m2025-12-10T10:12:43.163262Z[0m [34mDEBUG[0m [2mhyper::proto::h1::conn[0m[2m:[0m incoming body is content-length (45 bytes)
[2m2025-12-10T10:12:43.163271Z[0m [34mDEBUG[0m [2mhyper::proto::h1::conn[0m[2m:[0m incoming body completed
[2m2025-12-10T10:12:43.163283Z[0m [34mDEBUG[0m [2mhyper::client::pool[0m[2m:[0m pooling idle connection for ("http", 192.168.0.14:8545)
[2m2025-12-10T10:12:43.165562Z[0m [34mDEBUG[0m [2mhyper::proto::h1::io[0m[2m:[0m parsed 4 headers
[2m2025-12-10T10:12:43.165584Z[0m [34mDEBUG[0m [2mhyper::proto::h1::conn[0m[2m:[0m incoming body is content-length (767 bytes)
[2m2025-12-10T10:12:43.165602Z[0m [34mDEBUG[0m [2mhyper::proto::h1::conn[0m[2m:[0m incoming body completed
[2m2025-12-10T10:12:43.165621Z[0m [34mDEBUG[0m [2mhyper::client::pool[0m[2m:[0m pooling idle connection for ("http", 192.168.0.14:8545)
[2m2025-12-10T10:12:43.165625Z[0m [34mDEBUG[0m [2methereum_transaction_pool_monitor::eth_client[0m[2m:[0m 📡 Transaction fetch RPC completed in 7.55975ms
[2m2025-12-10T10:12:43.165647Z[0m [34mDEBUG[0m [2methereum_transaction_pool_monitor::eth_client[0m[2m:[0m DeFi transaction detected - Address: 0xdac17f958d2ee523a2206206994597c13d831ec7, Type: Stablecoin, Value: 0 ETH, Gas: 0.24 Gwei
[2m2025-12-10T10:12:43.165661Z[0m [34mDEBUG[0m [2methereum_transaction_pool_monitor::eth_client[0m[2m:[0m ✅ Transaction 0x6689d2fcdd6e55a9ab59660413f1f47b697bae34bd409874d93487d404d4a536 fetched and parsed in 7.595625ms
[2m2025-12-10T10:12:43.165667Z[0m [34mDEBUG[0m [2methereum_transaction_pool_monitor::mempool_monitor[0m[2m:[0m 🔍 Skipping tx 0x6689d2fcdd6e55a9ab59660413f1f47b697bae34bd409874d93487d404d4a536 - not a DEX interaction (target: 0xdAC17F958D2ee523a2206206994597C13D831ec7)
[2m2025-12-10T10:12:43.165672Z[0m [34mDEBUG[0m [2methereum_transaction_pool_monitor::mempool_monitor[0m[2m:[0m 📨 Processing new pending transaction: 0x05577d87362e4ac53ee0bb1053dc68071a0a12626569cf0e553bd1ecc211342d
[2m2025-12-10T10:12:43.165676Z[0m [34mDEBUG[0m [2methereum_transaction_pool_monitor::mempool_monitor[0m[2m:[0m 🔍 Fetching transaction details for: 0x05577d87362e4ac53ee0bb1053dc68071a0a12626569cf0e553bd1ecc211342d
[2m2025-12-10T10:12:43.165680Z[0m [34mDEBUG[0m [2methereum_transaction_pool_monitor::eth_client[0m[2m:[0m 🔍 Fetching transaction details for hash: 0x05577d87362e4ac53ee0bb1053dc68071a0a12626569cf0e553bd1ecc211342d
[2m2025-12-10T10:12:43.165686Z[0m [34mDEBUG[0m [2mhyper::client::pool[0m[2m:[0m reuse idle connection for ("http", 192.168.0.14:8545)
[2m2025-12-10T10:12:43.165700Z[0m [34mDEBUG[0m [2mhyper::proto::h1::io[0m[2m:[0m flushed 250 bytes
[2m2025-12-10T10:12:43.172043Z[0m [34mDEBUG[0m [2mhyper::proto::h1::io[0m[2m:[0m parsed 4 headers
[2m2025-12-10T10:12:43.172067Z[0m [34mDEBUG[0m [2mhyper::proto::h1::conn[0m[2m:[0m incoming body is content-length (761 bytes)
[2m2025-12-10T10:12:43.172085Z[0m [34mDEBUG[0m [2mhyper::proto::h1::conn[0m[2m:[0m incoming body completed
[2m2025-12-10T10:12:43.172106Z[0m [34mDEBUG[0m [2mhyper::client::pool[0m[2m:[0m pooling idle connection for ("http", 192.168.0.14:8545)
[2m2025-12-10T10:12:43.172110Z[0m [34mDEBUG[0m [2methereum_transaction_pool_monitor::eth_client[0m[2m:[0m 📡 Transaction fetch RPC completed in 6.426792ms
[2m2025-12-10T10:12:43.240522Z[0m [34mDEBUG[0m [2methereum_transaction_pool_monitor::eth_client[0m[2m:[0m ✅ Transaction 0x05577d87362e4ac53ee0bb1053dc68071a0a12626569cf0e553bd1ecc211342d fetched and parsed in 74.83725ms
[2m2025-12-10T10:12:43.240546Z[0m [34mDEBUG[0m [2methereum_transaction_pool_monitor::mempool_monitor[0m[2m:[0m 🔍 Skipping tx 0x05577d87362e4ac53ee0bb1053dc68071a0a12626569cf0e553bd1ecc211342d - not a DEX interaction (target: 0xA0b86991c6218b36c1d19D4a2e9Eb0cE3606eB48)
[2m2025-12-10T10:12:43.240583Z[0m [34mDEBUG[0m [2mhyper::client::pool[0m[2m:[0m reuse idle connection for ("http", 192.168.0.14:8545)
[2m2025-12-10T10:12:43.240584Z[0m [34mDEBUG[0m [2methereum_transaction_pool_monitor::eth_client[0m[2m:[0m 📨 Received WebSocket message: {"jsonrpc":"2.0","method":"eth_subscription","params":{"subscription":"0xbed0a0851463e895960a451075a301a9","result":"0x5a8da2ab6876117b77ea7e8c44ae97ec610128ef0c5ea853dcde73c6b6ab9b54"}}
[2m2025-12-10T10:12:43.240605Z[0m [34mDEBUG[0m [2methereum_transaction_pool_monitor::eth_client[0m[2m:[0m 📨 Received pending transaction: 0x5a8da2ab6876117b77ea7e8c44ae97ec610128ef0c5ea853dcde73c6b6ab9b54
[2m2025-12-10T10:12:43.240614Z[0m [34mDEBUG[0m [2methereum_transaction_pool_monitor::eth_client[0m[2m:[0m 📨 Received WebSocket message: {"jsonrpc":"2.0","method":"eth_subscription","params":{"subscription":"0xbed0a0851463e895960a451075a301a9","result":"0x28f2f5be63ba94137e4e721b93becd971dca431577daaab115afe044462394b6"}}
[2m2025-12-10T10:12:43.240621Z[0m [34mDEBUG[0m [2methereum_transaction_pool_monitor::eth_client[0m[2m:[0m 📨 Received pending transaction: 0x28f2f5be63ba94137e4e721b93becd971dca431577daaab115afe044462394b6
[2m2025-12-10T10:12:43.240624Z[0m [34mDEBUG[0m [2mhyper::proto::h1::io[0m[2m:[0m flushed 172 bytes
[2m2025-12-10T10:12:43.240630Z[0m [34mDEBUG[0m [2methereum_transaction_pool_monitor::mempool_monitor[0m[2m:[0m 📨 Processing new pending transaction: 0x5a8da2ab6876117b77ea7e8c44ae97ec610128ef0c5ea853dcde73c6b6ab9b54
[2m2025-12-10T10:12:43.240641Z[0m [34mDEBUG[0m [2methereum_transaction_pool_monitor::mempool_monitor[0m[2m:[0m 🔍 Fetching transaction details for: 0x5a8da2ab6876117b77ea7e8c44ae97ec610128ef0c5ea853dcde73c6b6ab9b54
[2m2025-12-10T10:12:43.240647Z[0m [34mDEBUG[0m [2methereum_transaction_pool_monitor::eth_client[0m[2m:[0m 🔍 Fetching transaction details for hash: 0x5a8da2ab6876117b77ea7e8c44ae97ec610128ef0c5ea853dcde73c6b6ab9b54
[2m2025-12-10T10:12:43.240658Z[0m [34mDEBUG[0m [2mhyper::client::pool[0m[2m:[0m reuse idle connection for ("http", 192.168.0.14:8545)
[2m2025-12-10T10:12:43.240675Z[0m [34mDEBUG[0m [2mhyper::proto::h1::io[0m[2m:[0m flushed 250 bytes
[2m2025-12-10T10:12:43.245176Z[0m [34mDEBUG[0m [2mhyper::proto::h1::io[0m[2m:[0m parsed 4 headers
[2m2025-12-10T10:12:43.245186Z[0m [34mDEBUG[0m [2mhyper::proto::h1::conn[0m[2m:[0m incoming body is content-length (45 bytes)
[2m2025-12-10T10:12:43.245195Z[0m [34mDEBUG[0m [2mhyper::proto::h1::conn[0m[2m:[0m incoming body completed
[2m2025-12-10T10:12:43.245203Z[0m [34mDEBUG[0m [2mhyper::client::pool[0m[2m:[0m pooling idle connection for ("http", 192.168.0.14:8545)
[2m2025-12-10T10:12:43.245865Z[0m [34mDEBUG[0m [2mhyper::proto::h1::io[0m[2m:[0m parsed 4 headers
[2m2025-12-10T10:12:43.245871Z[0m [34mDEBUG[0m [2mhyper::proto::h1::conn[0m[2m:[0m incoming body is content-length (648 bytes)
[2m2025-12-10T10:12:43.245875Z[0m [34mDEBUG[0m [2mhyper::proto::h1::conn[0m[2m:[0m incoming body completed
[2m2025-12-10T10:12:43.245881Z[0m [34mDEBUG[0m [2mhyper::client::pool[0m[2m:[0m pooling idle connection for ("http", 192.168.0.14:8545)
[2m2025-12-10T10:12:43.245886Z[0m [34mDEBUG[0m [2methereum_transaction_pool_monitor::eth_client[0m[2m:[0m 📡 Transaction fetch RPC completed in 5.231417ms
[2m2025-12-10T10:12:43.315425Z[0m [34mDEBUG[0m [2methereum_transaction_pool_monitor::eth_client[0m[2m:[0m ✅ Transaction 0x5a8da2ab6876117b77ea7e8c44ae97ec610128ef0c5ea853dcde73c6b6ab9b54 fetched and parsed in 74.768292ms
[2m2025-12-10T10:12:43.315452Z[0m [34mDEBUG[0m [2methereum_transaction_pool_monitor::mempool_monitor[0m[2m:[0m 🔍 Skipping tx 0x5a8da2ab6876117b77ea7e8c44ae97ec610128ef0c5ea853dcde73c6b6ab9b54 - not a DEX interaction (target: 0xAc9BF8a5e42Fa25e0716cA5Bd75Fa811F81868aF)
[2m2025-12-10T10:12:43.315465Z[0m [34mDEBUG[0m [2methereum_transaction_pool_monitor::mempool_monitor[0m[2m:[0m 📨 Processing new pending transaction: 0x28f2f5be63ba94137e4e721b93becd971dca431577daaab115afe044462394b6
[2m2025-12-10T10:12:43.315472Z[0m [34mDEBUG[0m [2methereum_transaction_pool_monitor::mempool_monitor[0m[2m:[0m 🔍 Fetching transaction details for: 0x28f2f5be63ba94137e4e721b93becd971dca431577daaab115afe044462394b6
[2m2025-12-10T10:12:43.315476Z[0m [34mDEBUG[0m [2methereum_transaction_pool_monitor::eth_client[0m[2m:[0m 🔍 Fetching transaction details for hash: 0x28f2f5be63ba94137e4e721b93becd971dca431577daaab115afe044462394b6
[2m2025-12-10T10:12:43.315497Z[0m [34mDEBUG[0m [2mhyper::client::pool[0m[2m:[0m reuse idle connection for ("http", 192.168.0.14:8545)
[2m2025-12-10T10:12:43.315529Z[0m [34mDEBUG[0m [2mhyper::proto::h1::io[0m[2m:[0m flushed 250 bytes
[2m2025-12-10T10:12:43.315549Z[0m [34mDEBUG[0m [2mhyper::client::pool[0m[2m:[0m reuse idle connection for ("http", 192.168.0.14:8545)
[2m2025-12-10T10:12:43.315564Z[0m [34mDEBUG[0m [2mhyper::proto::h1::io[0m[2m:[0m flushed 172 bytes
[2m2025-12-10T10:12:43.315565Z[0m [34mDEBUG[0m [2methereum_transaction_pool_monitor::eth_client[0m[2m:[0m 📨 Received WebSocket message: {"jsonrpc":"2.0","method":"eth_subscription","params":{"subscription":"0xbed0a0851463e895960a451075a301a9","result":"0xc85b2c950eddfd4c59a8224a89cfe78b2b38f3bf88adf36a877e6494515671ae"}}
[2m2025-12-10T10:12:43.315578Z[0m [34mDEBUG[0m [2methereum_transaction_pool_monitor::eth_client[0m[2m:[0m 📨 Received pending transaction: 0xc85b2c950eddfd4c59a8224a89cfe78b2b38f3bf88adf36a877e6494515671ae
[2m2025-12-10T10:12:43.315584Z[0m [34mDEBUG[0m [2methereum_transaction_pool_monitor::eth_client[0m[2m:[0m 📨 Received WebSocket message: {"jsonrpc":"2.0","method":"eth_subscription","params":{"subscription":"0xbed0a0851463e895960a451075a301a9","result":"0x65be5699f83385473233d03be97da9ac8277519044f755fbc94fe581e43ffb29"}}
[2m2025-12-10T10:12:43.315589Z[0m [34mDEBUG[0m [2methereum_transaction_pool_monitor::eth_client[0m[2m:[0m 📨 Received pending transaction: 0x65be5699f83385473233d03be97da9ac8277519044f755fbc94fe581e43ffb29
[2m2025-12-10T10:12:43.320320Z[0m [34mDEBUG[0m [2mhyper::proto::h1::io[0m[2m:[0m parsed 4 headers
[2m2025-12-10T10:12:43.320347Z[0m [34mDEBUG[0m [2mhyper::proto::h1::conn[0m[2m:[0m incoming body is content-length (45 bytes)
[2m2025-12-10T10:12:43.320373Z[0m [34mDEBUG[0m [2mhyper::proto::h1::conn[0m[2m:[0m incoming body completed
[2m2025-12-10T10:12:43.320404Z[0m [34mDEBUG[0m [2mhyper::client::pool[0m[2m:[0m pooling idle connection for ("http", 192.168.0.14:8545)
[2m2025-12-10T10:12:43.322735Z[0m [34mDEBUG[0m [2mhyper::proto::h1::io[0m[2m:[0m parsed 4 headers
[2m2025-12-10T10:12:43.322765Z[0m [34mDEBUG[0m [2mhyper::proto::h1::conn[0m[2m:[0m incoming body is content-length (1729 bytes)
[2m2025-12-10T10:12:43.322776Z[0m [34mDEBUG[0m [2mhyper::proto::h1::conn[0m[2m:[0m incoming body completed
[2m2025-12-10T10:12:43.322784Z[0m [34mDEBUG[0m [2mhyper::client::pool[0m[2m:[0m pooling idle connection for ("http", 192.168.0.14:8545)
[2m2025-12-10T10:12:43.322801Z[0m [34mDEBUG[0m [2methereum_transaction_pool_monitor::eth_client[0m[2m:[0m 📡 Transaction fetch RPC completed in 7.320041ms
[2m2025-12-10T10:12:43.394261Z[0m [34mDEBUG[0m [2methereum_transaction_pool_monitor::eth_client[0m[2m:[0m ✅ Transaction 0x28f2f5be63ba94137e4e721b93becd971dca431577daaab115afe044462394b6 fetched and parsed in 78.777958ms
[2m2025-12-10T10:12:43.394287Z[0m [34mDEBUG[0m [2methereum_transaction_pool_monitor::mempool_monitor[0m[2m:[0m 🔍 Skipping tx 0x28f2f5be63ba94137e4e721b93becd971dca431577daaab115afe044462394b6 - not a DEX interaction (target: 0x601a2aD6CB5949f0529735254189Ba3194221EDF)
[2m2025-12-10T10:12:43.394301Z[0m [34mDEBUG[0m [2methereum_transaction_pool_monitor::mempool_monitor[0m[2m:[0m 📨 Processing new pending transaction: 0xc85b2c950eddfd4c59a8224a89cfe78b2b38f3bf88adf36a877e6494515671ae
[2m2025-12-10T10:12:43.394308Z[0m [34mDEBUG[0m [2methereum_transaction_pool_monitor::mempool_monitor[0m[2m:[0m 🔍 Fetching transaction details for: 0xc85b2c950eddfd4c59a8224a89cfe78b2b38f3bf88adf36a877e6494515671ae
[2m2025-12-10T10:12:43.395133Z[0m [34mDEBUG[0m [2methereum_transaction_pool_monitor::eth_client[0m[2m:[0m 🔍 Fetching transaction details for hash: 0xc85b2c950eddfd4c59a8224a89cfe78b2b38f3bf88adf36a877e6494515671ae
[2m2025-12-10T10:12:43.395210Z[0m [34mDEBUG[0m [2mhyper::client::pool[0m[2m:[0m reuse idle connection for ("http", 192.168.0.14:8545)
[2m2025-12-10T10:12:43.395240Z[0m [34mDEBUG[0m [2mhyper::proto::h1::io[0m[2m:[0m flushed 250 bytes
[2m2025-12-10T10:12:43.399038Z[0m [34mDEBUG[0m [2mhyper::client::pool[0m[2m:[0m reuse idle connection for ("http", 192.168.0.14:8545)
[2m2025-12-10T10:12:43.399069Z[0m [34mDEBUG[0m [2mhyper::proto::h1::io[0m[2m:[0m flushed 172 bytes
[2m2025-12-10T10:12:43.399801Z[0m [34mDEBUG[0m [2mhyper::proto::h1::io[0m[2m:[0m parsed 4 headers
[2m2025-12-10T10:12:43.399824Z[0m [34mDEBUG[0m [2mhyper::proto::h1::conn[0m[2m:[0m incoming body is content-length (644 bytes)
[2m2025-12-10T10:12:43.399849Z[0m [34mDEBUG[0m [2mhyper::proto::h1::conn[0m[2m:[0m incoming body completed
[2m2025-12-10T10:12:43.399860Z[0m [34mDEBUG[0m [2mhyper::client::pool[0m[2m:[0m pooling idle connection for ("http", 192.168.0.14:8545)
[2m2025-12-10T10:12:43.399880Z[0m [34mDEBUG[0m [2methereum_transaction_pool_monitor::eth_client[0m[2m:[0m 📡 Transaction fetch RPC completed in 4.718375ms
[2m2025-12-10T10:12:43.470775Z[0m [34mDEBUG[0m [2methereum_transaction_pool_monitor::eth_client[0m[2m:[0m ✅ Transaction 0xc85b2c950eddfd4c59a8224a89cfe78b2b38f3bf88adf36a877e6494515671ae fetched and parsed in 75.611042ms
[2m2025-12-10T10:12:43.470808Z[0m [34mDEBUG[0m [2methereum_transaction_pool_monitor::mempool_monitor[0m[2m:[0m 🔍 Skipping tx 0xc85b2c950eddfd4c59a8224a89cfe78b2b38f3bf88adf36a877e6494515671ae - not a DEX interaction (target: 0x17E5545B11b468072283Cee1F066a059Fb0dbF24)
[2m2025-12-10T10:12:43.470824Z[0m [34mDEBUG[0m [2methereum_transaction_pool_monitor::mempool_monitor[0m[2m:[0m 📨 Processing new pending transaction: 0x65be5699f83385473233d03be97da9ac8277519044f755fbc94fe581e43ffb29
[2m2025-12-10T10:12:43.470834Z[0m [34mDEBUG[0m [2methereum_transaction_pool_monitor::mempool_monitor[0m[2m:[0m 🔍 Fetching transaction details for: 0x65be5699f83385473233d03be97da9ac8277519044f755fbc94fe581e43ffb29
[2m2025-12-10T10:12:43.470842Z[0m [34mDEBUG[0m [2methereum_transaction_pool_monitor::eth_client[0m[2m:[0m 🔍 Fetching transaction details for hash: 0x65be5699f83385473233d03be97da9ac8277519044f755fbc94fe581e43ffb29
[2m2025-12-10T10:12:43.470862Z[0m [34mDEBUG[0m [2mhyper::client::pool[0m[2m:[0m reuse idle connection for ("http", 192.168.0.14:8545)
[2m2025-12-10T10:12:43.470902Z[0m [34mDEBUG[0m [2mhyper::proto::h1::io[0m[2m:[0m flushed 250 bytes
[2m2025-12-10T10:12:43.470919Z[0m [34mDEBUG[0m [2mhyper::proto::h1::io[0m[2m:[0m parsed 4 headers
[2m2025-12-10T10:12:43.470928Z[0m [34mDEBUG[0m [2mhyper::proto::h1::conn[0m[2m:[0m incoming body is content-length (45 bytes)
[2m2025-12-10T10:12:43.470940Z[0m [34mDEBUG[0m [2mhyper::proto::h1::conn[0m[2m:[0m incoming body completed
[2m2025-12-10T10:12:43.470949Z[0m [34mDEBUG[0m [2mhyper::client::pool[0m[2m:[0m pooling idle connection for ("http", 192.168.0.14:8545)
[2m2025-12-10T10:12:43.484030Z[0m [34mDEBUG[0m [2mhyper::proto::h1::io[0m[2m:[0m parsed 4 headers
[2m2025-12-10T10:12:43.484040Z[0m [34mDEBUG[0m [2mhyper::proto::h1::conn[0m[2m:[0m incoming body is content-length (771 bytes)
[2m2025-12-10T10:12:43.484047Z[0m [34mDEBUG[0m [2mhyper::proto::h1::conn[0m[2m:[0m incoming body completed
[2m2025-12-10T10:12:43.484054Z[0m [34mDEBUG[0m [2mhyper::client::pool[0m[2m:[0m pooling idle connection for ("http", 192.168.0.14:8545)
[2m2025-12-10T10:12:43.484060Z[0m [34mDEBUG[0m [2methereum_transaction_pool_monitor::eth_client[0m[2m:[0m 📡 Transaction fetch RPC completed in 13.211791ms
[2m2025-12-10T10:12:43.555201Z[0m [34mDEBUG[0m [2methereum_transaction_pool_monitor::eth_client[0m[2m:[0m ✅ Transaction 0x65be5699f83385473233d03be97da9ac8277519044f755fbc94fe581e43ffb29 fetched and parsed in 84.350375ms
[2m2025-12-10T10:12:43.555228Z[0m [34mDEBUG[0m [2methereum_transaction_pool_monitor::mempool_monitor[0m[2m:[0m 🔍 Skipping tx 0x65be5699f83385473233d03be97da9ac8277519044f755fbc94fe581e43ffb29 - not a DEX interaction (target: 0xB8f28C60dD8240141185a192fa4156A23E189305)
[2m2025-12-10T10:12:43.555273Z[0m [34mDEBUG[0m [2mhyper::client::pool[0m[2m:[0m reuse idle connection for ("http", 192.168.0.14:8545)
[2m2025-12-10T10:12:43.555321Z[0m [34mDEBUG[0m [2mhyper::proto::h1::io[0m[2m:[0m flushed 172 bytes
[2m2025-12-10T10:12:43.558804Z[0m [34mDEBUG[0m [2mhyper::proto::h1::io[0m[2m:[0m parsed 4 headers
[2m2025-12-10T10:12:43.558816Z[0m [34mDEBUG[0m [2mhyper::proto::h1::conn[0m[2m:[0m incoming body is content-length (45 bytes)
[2m2025-12-10T10:12:43.558822Z[0m [34mDEBUG[0m [2mhyper::proto::h1::conn[0m[2m:[0m incoming body completed
[2m2025-12-10T10:12:43.558831Z[0m [34mDEBUG[0m [2mhyper::client::pool[0m[2m:[0m pooling idle connection for ("http", 192.168.0.14:8545)
[2m2025-12-10T10:12:43.599931Z[0m [34mDEBUG[0m [2mhyper::client::pool[0m[2m:[0m reuse idle connection for ("http", 192.168.0.14:8545)
[2m2025-12-10T10:12:43.600012Z[0m [34mDEBUG[0m [2mhyper::proto::h1::io[0m[2m:[0m flushed 172 bytes
[2m2025-12-10T10:12:43.603492Z[0m [34mDEBUG[0m [2mhyper::proto::h1::io[0m[2m:[0m parsed 4 headers
[2m2025-12-10T10:12:43.603501Z[0m [34mDEBUG[0m [2mhyper::proto::h1::conn[0m[2m:[0m incoming body is content-length (45 bytes)
[2m2025-12-10T10:12:43.603509Z[0m [34mDEBUG[0m [2mhyper::proto::h1::conn[0m[2m:[0m incoming body completed
[2m2025-12-10T10:12:43.603517Z[0m [34mDEBUG[0m [2mhyper::client::pool[0m[2m:[0m pooling idle connection for ("http", 192.168.0.14:8545)
[2m2025-12-10T10:12:43.698237Z[0m [34mDEBUG[0m [2mhyper::client::pool[0m[2m:[0m reuse idle connection for ("http", 192.168.0.14:8545)
[2m2025-12-10T10:12:43.698283Z[0m [34mDEBUG[0m [2mhyper::proto::h1::io[0m[2m:[0m flushed 172 bytes
[2m2025-12-10T10:12:43.703728Z[0m [34mDEBUG[0m [2mhyper::proto::h1::io[0m[2m:[0m parsed 4 headers
[2m2025-12-10T10:12:43.703756Z[0m [34mDEBUG[0m [2mhyper::proto::h1::conn[0m[2m:[0m incoming body is content-length (45 bytes)
[2m2025-12-10T10:12:43.703771Z[0m [34mDEBUG[0m [2mhyper::proto::h1::conn[0m[2m:[0m incoming body completed
[2m2025-12-10T10:12:43.703786Z[0m [34mDEBUG[0m [2mhyper::client::pool[0m[2m:[0m pooling idle connection for ("http", 192.168.0.14:8545)
[2m2025-12-10T10:12:43.799036Z[0m [34mDEBUG[0m [2mhyper::client::pool[0m[2m:[0m reuse idle connection for ("http", 192.168.0.14:8545)
[2m2025-12-10T10:12:43.799187Z[0m [34mDEBUG[0m [2mhyper::proto::h1::io[0m[2m:[0m flushed 172 bytes
[2m2025-12-10T10:12:43.803506Z[0m [34mDEBUG[0m [2mhyper::proto::h1::io[0m[2m:[0m parsed 4 headers
[2m2025-12-10T10:12:43.803544Z[0m [34mDEBUG[0m [2mhyper::proto::h1::conn[0m[2m:[0m incoming body is content-length (45 bytes)
[2m2025-12-10T10:12:43.803577Z[0m [34mDEBUG[0m [2mhyper::proto::h1::conn[0m[2m:[0m incoming body completed
[2m2025-12-10T10:12:43.803613Z[0m [34mDEBUG[0m [2mhyper::client::pool[0m[2m:[0m pooling idle connection for ("http", 192.168.0.14:8545)
[2m2025-12-10T10:12:43.836814Z[0m [34mDEBUG[0m [2methereum_transaction_pool_monitor::eth_client[0m[2m:[0m 📨 Received WebSocket message: {"jsonrpc":"2.0","method":"eth_subscription","params":{"subscription":"0xbed0a0851463e895960a451075a301a9","result":"0xc69a1181cd51e46b5b3b1bd49e185f79ea29aaa8af12c75a4acf38a1182e3373"}}
[2m2025-12-10T10:12:43.836877Z[0m [34mDEBUG[0m [2methereum_transaction_pool_monitor::eth_client[0m[2m:[0m 📨 Received pending transaction: 0xc69a1181cd51e46b5b3b1bd49e185f79ea29aaa8af12c75a4acf38a1182e3373
[2m2025-12-10T10:12:43.836913Z[0m [34mDEBUG[0m [2methereum_transaction_pool_monitor::mempool_monitor[0m[2m:[0m 📨 Processing new pending transaction: 0xc69a1181cd51e46b5b3b1bd49e185f79ea29aaa8af12c75a4acf38a1182e3373
[2m2025-12-10T10:12:43.836938Z[0m [34mDEBUG[0m [2methereum_transaction_pool_monitor::mempool_monitor[0m[2m:[0m 🔍 Fetching transaction details for: 0xc69a1181cd51e46b5b3b1bd49e185f79ea29aaa8af12c75a4acf38a1182e3373
[2m2025-12-10T10:12:43.836961Z[0m [34mDEBUG[0m [2methereum_transaction_pool_monitor::eth_client[0m[2m:[0m 🔍 Fetching transaction details for hash: 0xc69a1181cd51e46b5b3b1bd49e185f79ea29aaa8af12c75a4acf38a1182e3373
[2m2025-12-10T10:12:43.837021Z[0m [34mDEBUG[0m [2mhyper::client::pool[0m[2m:[0m reuse idle connection for ("http", 192.168.0.14:8545)
[2m2025-12-10T10:12:43.837100Z[0m [34mDEBUG[0m [2mhyper::proto::h1::io[0m[2m:[0m flushed 250 bytes
[2m2025-12-10T10:12:43.843265Z[0m [34mDEBUG[0m [2mhyper::proto::h1::io[0m[2m:[0m parsed 4 headers
[2m2025-12-10T10:12:43.843301Z[0m [34mDEBUG[0m [2mhyper::proto::h1::conn[0m[2m:[0m incoming body is content-length (763 bytes)
[2m2025-12-10T10:12:43.843328Z[0m [34mDEBUG[0m [2mhyper::proto::h1::conn[0m[2m:[0m incoming body completed
[2m2025-12-10T10:12:43.843362Z[0m [34mDEBUG[0m [2mhyper::client::pool[0m[2m:[0m pooling idle connection for ("http", 192.168.0.14:8545)
[2m2025-12-10T10:12:43.843391Z[0m [34mDEBUG[0m [2methereum_transaction_pool_monitor::eth_client[0m[2m:[0m 📡 Transaction fetch RPC completed in 6.407209ms
[2m2025-12-10T10:12:43.930059Z[0m [34mDEBUG[0m [2methereum_transaction_pool_monitor::eth_client[0m[2m:[0m ✅ Transaction 0xc69a1181cd51e46b5b3b1bd49e185f79ea29aaa8af12c75a4acf38a1182e3373 fetched and parsed in 93.072542ms
[2m2025-12-10T10:12:43.930089Z[0m [34mDEBUG[0m [2methereum_transaction_pool_monitor::mempool_monitor[0m[2m:[0m 🔍 Skipping tx 0xc69a1181cd51e46b5b3b1bd49e185f79ea29aaa8af12c75a4acf38a1182e3373 - not a DEX interaction (target: 0xd50370bEE8bFf23Bbb30ca558a1d0207DBc96ef2)
[2m2025-12-10T10:12:43.930122Z[0m [34mDEBUG[0m [2mhyper::client::pool[0m[2m:[0m reuse idle connection for ("http", 192.168.0.14:8545)
[2m2025-12-10T10:12:43.930173Z[0m [34mDEBUG[0m [2mhyper::proto::h1::io[0m[2m:[0m flushed 172 bytes
[2m2025-12-10T10:12:43.930189Z[0m [34mDEBUG[0m [2methereum_transaction_pool_monitor::eth_client[0m[2m:[0m 📨 Received WebSocket message: {"jsonrpc":"2.0","method":"eth_subscription","params":{"subscription":"0xbed0a0851463e895960a451075a301a9","result":"0x459213accf4f57eeeffc49445cec3e1229f7620b69da5634c7c17b4d95570f4d"}}
[2m2025-12-10T10:12:43.930204Z[0m [34mDEBUG[0m [2methereum_transaction_pool_monitor::eth_client[0m[2m:[0m 📨 Received pending transaction: 0x459213accf4f57eeeffc49445cec3e1229f7620b69da5634c7c17b4d95570f4d
[2m2025-12-10T10:12:43.930214Z[0m [34mDEBUG[0m [2methereum_transaction_pool_monitor::mempool_monitor[0m[2m:[0m 📨 Processing new pending transaction: 0x459213accf4f57eeeffc49445cec3e1229f7620b69da5634c7c17b4d95570f4d
[2m2025-12-10T10:12:43.930222Z[0m [34mDEBUG[0m [2methereum_transaction_pool_monitor::mempool_monitor[0m[2m:[0m 🔍 Fetching transaction details for: 0x459213accf4f57eeeffc49445cec3e1229f7620b69da5634c7c17b4d95570f4d
[2m2025-12-10T10:12:43.930230Z[0m [34mDEBUG[0m [2methereum_transaction_pool_monitor::eth_client[0m[2m:[0m 🔍 Fetching transaction details for hash: 0x459213accf4f57eeeffc49445cec3e1229f7620b69da5634c7c17b4d95570f4d
[2m2025-12-10T10:12:43.930243Z[0m [34mDEBUG[0m [2mhyper::client::pool[0m[2m:[0m reuse idle connection for ("http", 192.168.0.14:8545)
[2m2025-12-10T10:12:43.930261Z[0m [34mDEBUG[0m [2mhyper::proto::h1::io[0m[2m:[0m flushed 250 bytes
[2m2025-12-10T10:12:43.933297Z[0m [34mDEBUG[0m [2mhyper::proto::h1::io[0m[2m:[0m parsed 4 headers
[2m2025-12-10T10:12:43.933327Z[0m [34mDEBUG[0m [2mhyper::proto::h1::conn[0m[2m:[0m incoming body is content-length (45 bytes)
[2m2025-12-10T10:12:43.933340Z[0m [34mDEBUG[0m [2mhyper::proto::h1::conn[0m[2m:[0m incoming body completed
[2m2025-12-10T10:12:43.933363Z[0m [34mDEBUG[0m [2mhyper::client::pool[0m[2m:[0m pooling idle connection for ("http", 192.168.0.14:8545)
[2m2025-12-10T10:12:43.934524Z[0m [34mDEBUG[0m [2methereum_transaction_pool_monitor::eth_client[0m[2m:[0m 📨 Received WebSocket message: {"jsonrpc":"2.0","method":"eth_subscription","params":{"subscription":"0xbed0a0851463e895960a451075a301a9","result":"0x7a93eb59f89d169a8fda90edc0a60ce56b88ec11b0b9d15abd5ce5e76fc11b97"}}
[2m2025-12-10T10:12:43.934543Z[0m [34mDEBUG[0m [2methereum_transaction_pool_monitor::eth_client[0m[2m:[0m 📨 Received pending transaction: 0x7a93eb59f89d169a8fda90edc0a60ce56b88ec11b0b9d15abd5ce5e76fc11b97
[2m2025-12-10T10:12:43.935256Z[0m [34mDEBUG[0m [2mhyper::proto::h1::io[0m[2m:[0m parsed 4 headers
[2m2025-12-10T10:12:43.935292Z[0m [34mDEBUG[0m [2mhyper::proto::h1::conn[0m[2m:[0m incoming body is content-length (774 bytes)
[2m2025-12-10T10:12:43.935299Z[0m [34mDEBUG[0m [2mhyper::proto::h1::conn[0m[2m:[0m incoming body completed
[2m2025-12-10T10:12:43.935318Z[0m [34mDEBUG[0m [2mhyper::client::pool[0m[2m:[0m pooling idle connection for ("http", 192.168.0.14:8545)
[2m2025-12-10T10:12:43.935324Z[0m [34mDEBUG[0m [2methereum_transaction_pool_monitor::eth_client[0m[2m:[0m 📡 Transaction fetch RPC completed in 5.086416ms
[2m2025-12-10T10:12:43.935337Z[0m [34mDEBUG[0m [2methereum_transaction_pool_monitor::eth_client[0m[2m:[0m DeFi transaction detected - Address: 0xdac17f958d2ee523a2206206994597c13d831ec7, Type: Stablecoin, Value: 0 ETH, Gas: 0.74 Gwei
[2m2025-12-10T10:12:43.935352Z[0m [34mDEBUG[0m [2methereum_transaction_pool_monitor::eth_client[0m[2m:[0m ✅ Transaction 0x459213accf4f57eeeffc49445cec3e1229f7620b69da5634c7c17b4d95570f4d fetched and parsed in 5.114583ms
[2m2025-12-10T10:12:43.935361Z[0m [34mDEBUG[0m [2methereum_transaction_pool_monitor::mempool_monitor[0m[2m:[0m 🔍 Skipping tx 0x459213accf4f57eeeffc49445cec3e1229f7620b69da5634c7c17b4d95570f4d - not a DEX interaction (target: 0xdAC17F958D2ee523a2206206994597C13D831ec7)
[2m2025-12-10T10:12:43.935369Z[0m [34mDEBUG[0m [2methereum_transaction_pool_monitor::mempool_monitor[0m[2m:[0m 📨 Processing new pending transaction: 0x7a93eb59f89d169a8fda90edc0a60ce56b88ec11b0b9d15abd5ce5e76fc11b97
[2m2025-12-10T10:12:43.935373Z[0m [34mDEBUG[0m [2methereum_transaction_pool_monitor::mempool_monitor[0m[2m:[0m 🔍 Fetching transaction details for: 0x7a93eb59f89d169a8fda90edc0a60ce56b88ec11b0b9d15abd5ce5e76fc11b97
[2m2025-12-10T10:12:43.935380Z[0m [34mDEBUG[0m [2methereum_transaction_pool_monitor::eth_client[0m[2m:[0m 🔍 Fetching transaction details for hash: 0x7a93eb59f89d169a8fda90edc0a60ce56b88ec11b0b9d15abd5ce5e76fc11b97
[2m2025-12-10T10:12:43.935390Z[0m [34mDEBUG[0m [2mhyper::client::pool[0m[2m:[0m reuse idle connection for ("http", 192.168.0.14:8545)
[2m2025-12-10T10:12:43.935408Z[0m [34mDEBUG[0m [2mhyper::proto::h1::io[0m[2m:[0m flushed 250 bytes
[2m2025-12-10T10:12:43.944360Z[0m [34mDEBUG[0m [2mhyper::proto::h1::io[0m[2m:[0m parsed 4 headers
[2m2025-12-10T10:12:43.944370Z[0m [34mDEBUG[0m [2mhyper::proto::h1::conn[0m[2m:[0m incoming body is content-length (676 bytes)
[2m2025-12-10T10:12:43.944375Z[0m [34mDEBUG[0m [2mhyper::proto::h1::conn[0m[2m:[0m incoming body completed
[2m2025-12-10T10:12:43.944381Z[0m [34mDEBUG[0m [2mhyper::client::pool[0m[2m:[0m pooling idle connection for ("http", 192.168.0.14:8545)
[2m2025-12-10T10:12:43.944387Z[0m [34mDEBUG[0m [2methereum_transaction_pool_monitor::eth_client[0m[2m:[0m 📡 Transaction fetch RPC completed in 9.002708ms
[2m2025-12-10T10:12:44.016110Z[0m [34mDEBUG[0m [2methereum_transaction_pool_monitor::eth_client[0m[2m:[0m ✅ Transaction 0x7a93eb59f89d169a8fda90edc0a60ce56b88ec11b0b9d15abd5ce5e76fc11b97 fetched and parsed in 80.723125ms
[2m2025-12-10T10:12:44.016134Z[0m [34mDEBUG[0m [2methereum_transaction_pool_monitor::mempool_monitor[0m[2m:[0m 🔍 Skipping tx 0x7a93eb59f89d169a8fda90edc0a60ce56b88ec11b0b9d15abd5ce5e76fc11b97 - not a DEX interaction (target: 0x000006c2A22ff4A44ff1f5d0F2ed65F781F55555)
[2m2025-12-10T10:12:44.016417Z[0m [34mDEBUG[0m [2mhyper::client::pool[0m[2m:[0m reuse idle connection for ("http", 192.168.0.14:8545)
[2m2025-12-10T10:12:44.016435Z[0m [34mDEBUG[0m [2methereum_transaction_pool_monitor::eth_client[0m[2m:[0m 📨 Received WebSocket message: {"jsonrpc":"2.0","method":"eth_subscription","params":{"subscription":"0xbed0a0851463e895960a451075a301a9","result":"0x09ce0159dfe022b6e0b81f973034b196c01626dd81135f14f790fd33cb554da4"}}
[2m2025-12-10T10:12:44.016483Z[0m [34mDEBUG[0m [2methereum_transaction_pool_monitor::eth_client[0m[2m:[0m 📨 Received pending transaction: 0x09ce0159dfe022b6e0b81f973034b196c01626dd81135f14f790fd33cb554da4
[2m2025-12-10T10:12:44.016447Z[0m [34mDEBUG[0m [2mhyper::proto::h1::io[0m[2m:[0m flushed 172 bytes
[2m2025-12-10T10:12:44.016494Z[0m [34mDEBUG[0m [2methereum_transaction_pool_monitor::mempool_monitor[0m[2m:[0m 📨 Processing new pending transaction: 0x09ce0159dfe022b6e0b81f973034b196c01626dd81135f14f790fd33cb554da4
[2m2025-12-10T10:12:44.016500Z[0m [34mDEBUG[0m [2methereum_transaction_pool_monitor::mempool_monitor[0m[2m:[0m 🔍 Fetching transaction details for: 0x09ce0159dfe022b6e0b81f973034b196c01626dd81135f14f790fd33cb554da4
[2m2025-12-10T10:12:44.016505Z[0m [34mDEBUG[0m [2methereum_transaction_pool_monitor::eth_client[0m[2m:[0m 🔍 Fetching transaction details for hash: 0x09ce0159dfe022b6e0b81f973034b196c01626dd81135f14f790fd33cb554da4
[2m2025-12-10T10:12:44.016514Z[0m [34mDEBUG[0m [2mhyper::client::pool[0m[2m:[0m reuse idle connection for ("http", 192.168.0.14:8545)
[2m2025-12-10T10:12:44.016526Z[0m [34mDEBUG[0m [2mhyper::proto::h1::io[0m[2m:[0m flushed 250 bytes
[2m2025-12-10T10:12:44.023792Z[0m [34mDEBUG[0m [2mhyper::proto::h1::io[0m[2m:[0m parsed 4 headers
[2m2025-12-10T10:12:44.023806Z[0m [34mDEBUG[0m [2mhyper::proto::h1::conn[0m[2m:[0m incoming body is content-length (45 bytes)
[2m2025-12-10T10:12:44.023817Z[0m [34mDEBUG[0m [2mhyper::proto::h1::conn[0m[2m:[0m incoming body completed
[2m2025-12-10T10:12:44.023832Z[0m [34mDEBUG[0m [2mhyper::client::pool[0m[2m:[0m pooling idle connection for ("http", 192.168.0.14:8545)
[2m2025-12-10T10:12:44.023855Z[0m [34mDEBUG[0m [2mhyper::proto::h1::io[0m[2m:[0m parsed 4 headers
[2m2025-12-10T10:12:44.023859Z[0m [34mDEBUG[0m [2mhyper::proto::h1::conn[0m[2m:[0m incoming body is content-length (678 bytes)
[2m2025-12-10T10:12:44.023863Z[0m [34mDEBUG[0m [2mhyper::proto::h1::conn[0m[2m:[0m incoming body completed
[2m2025-12-10T10:12:44.023868Z[0m [34mDEBUG[0m [2mhyper::client::pool[0m[2m:[0m pooling idle connection for ("http", 192.168.0.14:8545)
[2m2025-12-10T10:12:44.023873Z[0m [34mDEBUG[0m [2methereum_transaction_pool_monitor::eth_client[0m[2m:[0m 📡 Transaction fetch RPC completed in 7.364041ms
[2m2025-12-10T10:12:44.095602Z[0m [34mDEBUG[0m [2methereum_transaction_pool_monitor::eth_client[0m[2m:[0m ✅ Transaction 0x09ce0159dfe022b6e0b81f973034b196c01626dd81135f14f790fd33cb554da4 fetched and parsed in 79.090291ms
[2m2025-12-10T10:12:44.095629Z[0m [34mDEBUG[0m [2methereum_transaction_pool_monitor::mempool_monitor[0m[2m:[0m 🔍 Skipping tx 0x09ce0159dfe022b6e0b81f973034b196c01626dd81135f14f790fd33cb554da4 - not a DEX interaction (target: 0xA0b86991c6218b36c1d19D4a2e9Eb0cE3606eB48)
[2m2025-12-10T10:12:44.095685Z[0m [34mDEBUG[0m [2methereum_transaction_pool_monitor::eth_client[0m[2m:[0m 📨 Received WebSocket message: {"jsonrpc":"2.0","method":"eth_subscription","params":{"subscription":"0xbed0a0851463e895960a451075a301a9","result":"0x0a8cea3c6904ae1eae180fee45679e23673f7a6b4cea9be780eb6e0316a9c65c"}}
[2m2025-12-10T10:12:44.095696Z[0m [34mDEBUG[0m [2methereum_transaction_pool_monitor::eth_client[0m[2m:[0m 📨 Received pending transaction: 0x0a8cea3c6904ae1eae180fee45679e23673f7a6b4cea9be780eb6e0316a9c65c
[2m2025-12-10T10:12:44.095703Z[0m [34mDEBUG[0m [2methereum_transaction_pool_monitor::mempool_monitor[0m[2m:[0m 📨 Processing new pending transaction: 0x0a8cea3c6904ae1eae180fee45679e23673f7a6b4cea9be780eb6e0316a9c65c
[2m2025-12-10T10:12:44.095708Z[0m [34mDEBUG[0m [2methereum_transaction_pool_monitor::mempool_monitor[0m[2m:[0m 🔍 Fetching transaction details for: 0x0a8cea3c6904ae1eae180fee45679e23673f7a6b4cea9be780eb6e0316a9c65c
[2m2025-12-10T10:12:44.095714Z[0m [34mDEBUG[0m [2methereum_transaction_pool_monitor::eth_client[0m[2m:[0m 🔍 Fetching transaction details for hash: 0x0a8cea3c6904ae1eae180fee45679e23673f7a6b4cea9be780eb6e0316a9c65c
[2m2025-12-10T10:12:44.095733Z[0m [34mDEBUG[0m [2mhyper::client::pool[0m[2m:[0m reuse idle connection for ("http", 192.168.0.14:8545)
[2m2025-12-10T10:12:44.095754Z[0m [34mDEBUG[0m [2mhyper::proto::h1::io[0m[2m:[0m flushed 250 bytes
[2m2025-12-10T10:12:44.098305Z[0m [34mDEBUG[0m [2mhyper::client::pool[0m[2m:[0m reuse idle connection for ("http", 192.168.0.14:8545)
[2m2025-12-10T10:12:44.098451Z[0m [34mDEBUG[0m [2mhyper::proto::h1::io[0m[2m:[0m flushed 172 bytes
[2m2025-12-10T10:12:44.102480Z[0m [34mDEBUG[0m [2mhyper::proto::h1::io[0m[2m:[0m parsed 4 headers
[2m2025-12-10T10:12:44.102797Z[0m [34mDEBUG[0m [2mhyper::proto::h1::conn[0m[2m:[0m incoming body is content-length (45 bytes)
[2m2025-12-10T10:12:44.102809Z[0m [34mDEBUG[0m [2mhyper::proto::h1::conn[0m[2m:[0m incoming body completed
[2m2025-12-10T10:12:44.102820Z[0m [34mDEBUG[0m [2mhyper::client::pool[0m[2m:[0m pooling idle connection for ("http", 192.168.0.14:8545)
[2m2025-12-10T10:12:44.104296Z[0m [34mDEBUG[0m [2mhyper::proto::h1::io[0m[2m:[0m parsed 4 headers
[2m2025-12-10T10:12:44.104306Z[0m [34mDEBUG[0m [2mhyper::proto::h1::conn[0m[2m:[0m incoming body is content-length (773 bytes)
[2m2025-12-10T10:12:44.104312Z[0m [34mDEBUG[0m [2mhyper::proto::h1::conn[0m[2m:[0m incoming body completed
[2m2025-12-10T10:12:44.104321Z[0m [34mDEBUG[0m [2mhyper::client::pool[0m[2m:[0m pooling idle connection for ("http", 192.168.0.14:8545)
[2m2025-12-10T10:12:44.104328Z[0m [34mDEBUG[0m [2methereum_transaction_pool_monitor::eth_client[0m[2m:[0m 📡 Transaction fetch RPC completed in 8.6075ms
[2m2025-12-10T10:12:44.176173Z[0m [34mDEBUG[0m [2methereum_transaction_pool_monitor::eth_client[0m[2m:[0m ✅ Transaction 0x0a8cea3c6904ae1eae180fee45679e23673f7a6b4cea9be780eb6e0316a9c65c fetched and parsed in 80.450125ms
[2m2025-12-10T10:12:44.176205Z[0m [34mDEBUG[0m [2methereum_transaction_pool_monitor::mempool_monitor[0m[2m:[0m 🔍 Skipping tx 0x0a8cea3c6904ae1eae180fee45679e23673f7a6b4cea9be780eb6e0316a9c65c - not a DEX interaction (target: 0xA0b86991c6218b36c1d19D4a2e9Eb0cE3606eB48)
[2m2025-12-10T10:12:44.176253Z[0m [34mDEBUG[0m [2methereum_transaction_pool_monitor::eth_client[0m[2m:[0m 📨 Received WebSocket message: {"jsonrpc":"2.0","method":"eth_subscription","params":{"subscription":"0xbed0a0851463e895960a451075a301a9","result":"0xabc69debc6b3f1ab24870bde841e9c5aee382e90a1043d819affddba4c47b5ae"}}
[2m2025-12-10T10:12:44.176264Z[0m [34mDEBUG[0m [2methereum_transaction_pool_monitor::eth_client[0m[2m:[0m 📨 Received pending transaction: 0xabc69debc6b3f1ab24870bde841e9c5aee382e90a1043d819affddba4c47b5ae
[2m2025-12-10T10:12:44.176275Z[0m [34mDEBUG[0m [2methereum_transaction_pool_monitor::mempool_monitor[0m[2m:[0m 📨 Processing new pending transaction: 0xabc69debc6b3f1ab24870bde841e9c5aee382e90a1043d819affddba4c47b5ae
[2m2025-12-10T10:12:44.176283Z[0m [34mDEBUG[0m [2methereum_transaction_pool_monitor::mempool_monitor[0m[2m:[0m 🔍 Fetching transaction details for: 0xabc69debc6b3f1ab24870bde841e9c5aee382e90a1043d819affddba4c47b5ae
[2m2025-12-10T10:12:44.176293Z[0m [34mDEBUG[0m [2methereum_transaction_pool_monitor::eth_client[0m[2m:[0m 🔍 Fetching transaction details for hash: 0xabc69debc6b3f1ab24870bde841e9c5aee382e90a1043d819affddba4c47b5ae
[2m2025-12-10T10:12:44.176311Z[0m [34mDEBUG[0m [2mhyper::client::pool[0m[2m:[0m reuse idle connection for ("http", 192.168.0.14:8545)
[2m2025-12-10T10:12:44.176337Z[0m [34mDEBUG[0m [2mhyper::proto::h1::io[0m[2m:[0m flushed 250 bytes
[2m2025-12-10T10:12:44.187955Z[0m [34mDEBUG[0m [2mhyper::proto::h1::io[0m[2m:[0m parsed 4 headers
[2m2025-12-10T10:12:44.187975Z[0m [34mDEBUG[0m [2mhyper::proto::h1::conn[0m[2m:[0m incoming body is content-length (777 bytes)
[2m2025-12-10T10:12:44.187987Z[0m [34mDEBUG[0m [2mhyper::proto::h1::conn[0m[2m:[0m incoming body completed
[2m2025-12-10T10:12:44.187998Z[0m [34mDEBUG[0m [2mhyper::client::pool[0m[2m:[0m pooling idle connection for ("http", 192.168.0.14:8545)
[2m2025-12-10T10:12:44.188006Z[0m [34mDEBUG[0m [2methereum_transaction_pool_monitor::eth_client[0m[2m:[0m 📡 Transaction fetch RPC completed in 11.70725ms
[2m2025-12-10T10:12:44.257805Z[0m [34mDEBUG[0m [2methereum_transaction_pool_monitor::eth_client[0m[2m:[0m ✅ Transaction 0xabc69debc6b3f1ab24870bde841e9c5aee382e90a1043d819affddba4c47b5ae fetched and parsed in 81.503625ms
[2m2025-12-10T10:12:44.257826Z[0m [34mDEBUG[0m [2methereum_transaction_pool_monitor::mempool_monitor[0m[2m:[0m 🔍 Skipping tx 0xabc69debc6b3f1ab24870bde841e9c5aee382e90a1043d819affddba4c47b5ae - not a DEX interaction (target: 0x5A98FcBEA516Cf06857215779Fd812CA3beF1B32)
[2m2025-12-10T10:12:44.257868Z[0m [34mDEBUG[0m [2mhyper::client::pool[0m[2m:[0m reuse idle connection for ("http", 192.168.0.14:8545)
[2m2025-12-10T10:12:44.257915Z[0m [34mDEBUG[0m [2mhyper::proto::h1::io[0m[2m:[0m flushed 172 bytes
[2m2025-12-10T10:12:44.261733Z[0m [34mDEBUG[0m [2mhyper::proto::h1::io[0m[2m:[0m parsed 4 headers
[2m2025-12-10T10:12:44.261748Z[0m [34mDEBUG[0m [2mhyper::proto::h1::conn[0m[2m:[0m incoming body is content-length (45 bytes)
[2m2025-12-10T10:12:44.261756Z[0m [34mDEBUG[0m [2mhyper::proto::h1::conn[0m[2m:[0m incoming body completed
[2m2025-12-10T10:12:44.261765Z[0m [34mDEBUG[0m [2mhyper::client::pool[0m[2m:[0m pooling idle connection for ("http", 192.168.0.14:8545)
[2m2025-12-10T10:12:44.300088Z[0m [34mDEBUG[0m [2mhyper::client::pool[0m[2m:[0m reuse idle connection for ("http", 192.168.0.14:8545)
[2m2025-12-10T10:12:44.300137Z[0m [34mDEBUG[0m [2mhyper::proto::h1::io[0m[2m:[0m flushed 172 bytes
[2m2025-12-10T10:12:44.303421Z[0m [34mDEBUG[0m [2mhyper::proto::h1::io[0m[2m:[0m parsed 4 headers
[2m2025-12-10T10:12:44.303432Z[0m [34mDEBUG[0m [2mhyper::proto::h1::conn[0m[2m:[0m incoming body is content-length (45 bytes)
[2m2025-12-10T10:12:44.303439Z[0m [34mDEBUG[0m [2mhyper::proto::h1::conn[0m[2m:[0m incoming body completed
[2m2025-12-10T10:12:44.303448Z[0m [34mDEBUG[0m [2mhyper::client::pool[0m[2m:[0m pooling idle connection for ("http", 192.168.0.14:8545)
[2m2025-12-10T10:12:44.339108Z[0m [34mDEBUG[0m [2methereum_transaction_pool_monitor::eth_client[0m[2m:[0m 📨 Received WebSocket message: {"jsonrpc":"2.0","method":"eth_subscription","params":{"subscription":"0xbed0a0851463e895960a451075a301a9","result":"0x9fd37530d73b11d4f4dadad1804179f98101af701f97ca09da2bbd7d84973b2b"}}
[2m2025-12-10T10:12:44.339126Z[0m [34mDEBUG[0m [2methereum_transaction_pool_monitor::eth_client[0m[2m:[0m 📨 Received pending transaction: 0x9fd37530d73b11d4f4dadad1804179f98101af701f97ca09da2bbd7d84973b2b
[2m2025-12-10T10:12:44.339135Z[0m [34mDEBUG[0m [2methereum_transaction_pool_monitor::mempool_monitor[0m[2m:[0m 📨 Processing new pending transaction: 0x9fd37530d73b11d4f4dadad1804179f98101af701f97ca09da2bbd7d84973b2b
[2m2025-12-10T10:12:44.339140Z[0m [34mDEBUG[0m [2methereum_transaction_pool_monitor::mempool_monitor[0m[2m:[0m 🔍 Fetching transaction details for: 0x9fd37530d73b11d4f4dadad1804179f98101af701f97ca09da2bbd7d84973b2b
[2m2025-12-10T10:12:44.339144Z[0m [34mDEBUG[0m [2methereum_transaction_pool_monitor::eth_client[0m[2m:[0m 🔍 Fetching transaction details for hash: 0x9fd37530d73b11d4f4dadad1804179f98101af701f97ca09da2bbd7d84973b2b
[2m2025-12-10T10:12:44.339160Z[0m [34mDEBUG[0m [2mhyper::client::pool[0m[2m:[0m reuse idle connection for ("http", 192.168.0.14:8545)
[2m2025-12-10T10:12:44.339181Z[0m [34mDEBUG[0m [2mhyper::proto::h1::io[0m[2m:[0m flushed 250 bytes
[2m2025-12-10T10:12:44.349930Z[0m [34mDEBUG[0m [2mhyper::proto::h1::io[0m[2m:[0m parsed 4 headers
[2m2025-12-10T10:12:44.349958Z[0m [34mDEBUG[0m [2mhyper::proto::h1::conn[0m[2m:[0m incoming body is content-length (773 bytes)
[2m2025-12-10T10:12:44.349978Z[0m [34mDEBUG[0m [2mhyper::proto::h1::conn[0m[2m:[0m incoming body completed
[2m2025-12-10T10:12:44.350006Z[0m [34mDEBUG[0m [2mhyper::client::pool[0m[2m:[0m pooling idle connection for ("http", 192.168.0.14:8545)
[2m2025-12-10T10:12:44.350013Z[0m [34mDEBUG[0m [2methereum_transaction_pool_monitor::eth_client[0m[2m:[0m 📡 Transaction fetch RPC completed in 10.864458ms
[2m2025-12-10T10:12:44.350032Z[0m [34mDEBUG[0m [2methereum_transaction_pool_monitor::eth_client[0m[2m:[0m DeFi transaction detected - Address: 0xdac17f958d2ee523a2206206994597c13d831ec7, Type: Stablecoin, Value: 0 ETH, Gas: 2.42 Gwei
[2m2025-12-10T10:12:44.350046Z[0m [34mDEBUG[0m [2methereum_transaction_pool_monitor::eth_client[0m[2m:[0m ✅ Transaction 0x9fd37530d73b11d4f4dadad1804179f98101af701f97ca09da2bbd7d84973b2b fetched and parsed in 10.896875ms
[2m2025-12-10T10:12:44.350051Z[0m [34mDEBUG[0m [2methereum_transaction_pool_monitor::mempool_monitor[0m[2m:[0m 🔍 Skipping tx 0x9fd37530d73b11d4f4dadad1804179f98101af701f97ca09da2bbd7d84973b2b - not a DEX interaction (target: 0xdAC17F958D2ee523a2206206994597C13D831ec7)
[2m2025-12-10T10:12:44.357904Z[0m [34mDEBUG[0m [2methereum_transaction_pool_monitor::eth_client[0m[2m:[0m 📨 Received WebSocket message: {"jsonrpc":"2.0","method":"eth_subscription","params":{"subscription":"0xbed0a0851463e895960a451075a301a9","result":"0xd45d307d077a839c96d391ab9a9442444f3890a7cc540777c05c648242b23c13"}}
[2m2025-12-10T10:12:44.357919Z[0m [34mDEBUG[0m [2methereum_transaction_pool_monitor::eth_client[0m[2m:[0m 📨 Received pending transaction: 0xd45d307d077a839c96d391ab9a9442444f3890a7cc540777c05c648242b23c13
[2m2025-12-10T10:12:44.357927Z[0m [34mDEBUG[0m [2methereum_transaction_pool_monitor::mempool_monitor[0m[2m:[0m 📨 Processing new pending transaction: 0xd45d307d077a839c96d391ab9a9442444f3890a7cc540777c05c648242b23c13
[2m2025-12-10T10:12:44.357932Z[0m [34mDEBUG[0m [2methereum_transaction_pool_monitor::mempool_monitor[0m[2m:[0m 🔍 Fetching transaction details for: 0xd45d307d077a839c96d391ab9a9442444f3890a7cc540777c05c648242b23c13
[2m2025-12-10T10:12:44.357936Z[0m [34mDEBUG[0m [2methereum_transaction_pool_monitor::eth_client[0m[2m:[0m 🔍 Fetching transaction details for hash: 0xd45d307d077a839c96d391ab9a9442444f3890a7cc540777c05c648242b23c13
[2m2025-12-10T10:12:44.357953Z[0m [34mDEBUG[0m [2mhyper::client::pool[0m[2m:[0m reuse idle connection for ("http", 192.168.0.14:8545)
[2m2025-12-10T10:12:44.357971Z[0m [34mDEBUG[0m [2mhyper::proto::h1::io[0m[2m:[0m flushed 250 bytes
[2m2025-12-10T10:12:44.363215Z[0m [34mDEBUG[0m [2mhyper::proto::h1::io[0m[2m:[0m parsed 4 headers
[2m2025-12-10T10:12:44.363232Z[0m [34mDEBUG[0m [2mhyper::proto::h1::conn[0m[2m:[0m incoming body is content-length (772 bytes)
[2m2025-12-10T10:12:44.363242Z[0m [34mDEBUG[0m [2mhyper::proto::h1::conn[0m[2m:[0m incoming body completed
[2m2025-12-10T10:12:44.363253Z[0m [34mDEBUG[0m [2mhyper::client::pool[0m[2m:[0m pooling idle connection for ("http", 192.168.0.14:8545)
[2m2025-12-10T10:12:44.363265Z[0m [34mDEBUG[0m [2methereum_transaction_pool_monitor::eth_client[0m[2m:[0m 📡 Transaction fetch RPC completed in 5.324292ms
[2m2025-12-10T10:12:44.363284Z[0m [34mDEBUG[0m [2methereum_transaction_pool_monitor::eth_client[0m[2m:[0m DeFi transaction detected - Address: 0xdac17f958d2ee523a2206206994597c13d831ec7, Type: Stablecoin, Value: 0 ETH, Gas: 1.79 Gwei
[2m2025-12-10T10:12:44.363414Z[0m [34mDEBUG[0m [2methereum_transaction_pool_monitor::eth_client[0m[2m:[0m ✅ Transaction 0xd45d307d077a839c96d391ab9a9442444f3890a7cc540777c05c648242b23c13 fetched and parsed in 5.47375ms
[2m2025-12-10T10:12:44.363423Z[0m [34mDEBUG[0m [2methereum_transaction_pool_monitor::mempool_monitor[0m[2m:[0m 🔍 Skipping tx 0xd45d307d077a839c96d391ab9a9442444f3890a7cc540777c05c648242b23c13 - not a DEX interaction (target: 0xdAC17F958D2ee523a2206206994597C13D831ec7)
[2m2025-12-10T10:12:44.400049Z[0m [34mDEBUG[0m [2mhyper::client::pool[0m[2m:[0m reuse idle connection for ("http", 192.168.0.14:8545)
[2m2025-12-10T10:12:44.400119Z[0m [34mDEBUG[0m [2mhyper::proto::h1::io[0m[2m:[0m flushed 172 bytes
[2m2025-12-10T10:12:44.403576Z[0m [34mDEBUG[0m [2mhyper::proto::h1::io[0m[2m:[0m parsed 4 headers
[2m2025-12-10T10:12:44.403600Z[0m [34mDEBUG[0m [2mhyper::proto::h1::conn[0m[2m:[0m incoming body is content-length (45 bytes)
[2m2025-12-10T10:12:44.403614Z[0m [34mDEBUG[0m [2mhyper::proto::h1::conn[0m[2m:[0m incoming body completed
[2m2025-12-10T10:12:44.403637Z[0m [34mDEBUG[0m [2mhyper::client::pool[0m[2m:[0m pooling idle connection for ("http", 192.168.0.14:8545)
[2m2025-12-10T10:12:44.498613Z[0m [34mDEBUG[0m [2mhyper::client::pool[0m[2m:[0m reuse idle connection for ("http", 192.168.0.14:8545)
[2m2025-12-10T10:12:44.498707Z[0m [34mDEBUG[0m [2mhyper::proto::h1::io[0m[2m:[0m flushed 172 bytes
[2m2025-12-10T10:12:44.502478Z[0m [34mDEBUG[0m [2mhyper::proto::h1::io[0m[2m:[0m parsed 4 headers
[2m2025-12-10T10:12:44.502515Z[0m [34mDEBUG[0m [2mhyper::proto::h1::conn[0m[2m:[0m incoming body is content-length (45 bytes)
[2m2025-12-10T10:12:44.502544Z[0m [34mDEBUG[0m [2mhyper::proto::h1::conn[0m[2m:[0m incoming body completed
[2m2025-12-10T10:12:44.502572Z[0m [34mDEBUG[0m [2mhyper::client::pool[0m[2m:[0m pooling idle connection for ("http", 192.168.0.14:8545)
[2m2025-12-10T10:12:44.581592Z[0m [34mDEBUG[0m [2methereum_transaction_pool_monitor::eth_client[0m[2m:[0m 📨 Received WebSocket message: {"jsonrpc":"2.0","method":"eth_subscription","params":{"subscription":"0xbed0a0851463e895960a451075a301a9","result":"0x8b3d0d2bdf6bcba3f6235c9db2656897bd1da1603a7fa25e7ac29d85f5cc8977"}}
[2m2025-12-10T10:12:44.581682Z[0m [34mDEBUG[0m [2methereum_transaction_pool_monitor::eth_client[0m[2m:[0m 📨 Received pending transaction: 0x8b3d0d2bdf6bcba3f6235c9db2656897bd1da1603a7fa25e7ac29d85f5cc8977
[2m2025-12-10T10:12:44.581720Z[0m [34mDEBUG[0m [2methereum_transaction_pool_monitor::mempool_monitor[0m[2m:[0m 📨 Processing new pending transaction: 0x8b3d0d2bdf6bcba3f6235c9db2656897bd1da1603a7fa25e7ac29d85f5cc8977
[2m2025-12-10T10:12:44.581748Z[0m [34mDEBUG[0m [2methereum_transaction_pool_monitor::mempool_monitor[0m[2m:[0m 🔍 Fetching transaction details for: 0x8b3d0d2bdf6bcba3f6235c9db2656897bd1da1603a7fa25e7ac29d85f5cc8977
[2m2025-12-10T10:12:44.581771Z[0m [34mDEBUG[0m [2methereum_transaction_pool_monitor::eth_client[0m[2m:[0m 🔍 Fetching transaction details for hash: 0x8b3d0d2bdf6bcba3f6235c9db2656897bd1da1603a7fa25e7ac29d85f5cc8977
[2m2025-12-10T10:12:44.581848Z[0m [34mDEBUG[0m [2mhyper::client::pool[0m[2m:[0m reuse idle connection for ("http", 192.168.0.14:8545)
[2m2025-12-10T10:12:44.582001Z[0m [34mDEBUG[0m [2mhyper::proto::h1::io[0m[2m:[0m flushed 250 bytes
[2m2025-12-10T10:12:44.586474Z[0m [34mDEBUG[0m [2mhyper::proto::h1::io[0m[2m:[0m parsed 4 headers
[2m2025-12-10T10:12:44.586506Z[0m [34mDEBUG[0m [2mhyper::proto::h1::conn[0m[2m:[0m incoming body is content-length (770 bytes)
[2m2025-12-10T10:12:44.586537Z[0m [34mDEBUG[0m [2mhyper::proto::h1::conn[0m[2m:[0m incoming body completed
[2m2025-12-10T10:12:44.586574Z[0m [34mDEBUG[0m [2mhyper::client::pool[0m[2m:[0m pooling idle connection for ("http", 192.168.0.14:8545)
[2m2025-12-10T10:12:44.586606Z[0m [34mDEBUG[0m [2methereum_transaction_pool_monitor::eth_client[0m[2m:[0m 📡 Transaction fetch RPC completed in 4.810959ms
[2m2025-12-10T10:12:44.676136Z[0m [34mDEBUG[0m [2methereum_transaction_pool_monitor::eth_client[0m[2m:[0m ✅ Transaction 0x8b3d0d2bdf6bcba3f6235c9db2656897bd1da1603a7fa25e7ac29d85f5cc8977 fetched and parsed in 94.338667ms
[2m2025-12-10T10:12:44.676164Z[0m [34mDEBUG[0m [2methereum_transaction_pool_monitor::mempool_monitor[0m[2m:[0m 🔍 Skipping tx 0x8b3d0d2bdf6bcba3f6235c9db2656897bd1da1603a7fa25e7ac29d85f5cc8977 - not a DEX interaction (target: 0xA0b86991c6218b36c1d19D4a2e9Eb0cE3606eB48)
[2m2025-12-10T10:12:44.676209Z[0m [34mDEBUG[0m [2mhyper::client::pool[0m[2m:[0m reuse idle connection for ("http", 192.168.0.14:8545)
[2m2025-12-10T10:12:44.676248Z[0m [34mDEBUG[0m [2mhyper::proto::h1::io[0m[2m:[0m flushed 172 bytes
[2m2025-12-10T10:12:44.679563Z[0m [34mDEBUG[0m [2mhyper::proto::h1::io[0m[2m:[0m parsed 4 headers
[2m2025-12-10T10:12:44.679576Z[0m [34mDEBUG[0m [2mhyper::proto::h1::conn[0m[2m:[0m incoming body is content-length (45 bytes)
[2m2025-12-10T10:12:44.679584Z[0m [34mDEBUG[0m [2mhyper::proto::h1::conn[0m[2m:[0m incoming body completed
[2m2025-12-10T10:12:44.679593Z[0m [34mDEBUG[0m [2mhyper::client::pool[0m[2m:[0m pooling idle connection for ("http", 192.168.0.14:8545)
[2m2025-12-10T10:12:44.699632Z[0m [34mDEBUG[0m [2mhyper::client::pool[0m[2m:[0m reuse idle connection for ("http", 192.168.0.14:8545)
[2m2025-12-10T10:12:44.699673Z[0m [34mDEBUG[0m [2mhyper::proto::h1::io[0m[2m:[0m flushed 172 bytes
[2m2025-12-10T10:12:44.704802Z[0m [34mDEBUG[0m [2mhyper::proto::h1::io[0m[2m:[0m parsed 4 headers
[2m2025-12-10T10:12:44.704829Z[0m [34mDEBUG[0m [2mhyper::proto::h1::conn[0m[2m:[0m incoming body is content-length (45 bytes)
[2m2025-12-10T10:12:44.704859Z[0m [34mDEBUG[0m [2mhyper::proto::h1::conn[0m[2m:[0m incoming body completed
[2m2025-12-10T10:12:44.704869Z[0m [34mDEBUG[0m [2mhyper::client::pool[0m[2m:[0m pooling idle connection for ("http", 192.168.0.14:8545)
[2m2025-12-10T10:12:44.736375Z[0m [34mDEBUG[0m [2methereum_transaction_pool_monitor::eth_client[0m[2m:[0m 📨 Received WebSocket message: {"jsonrpc":"2.0","method":"eth_subscription","params":{"subscription":"0xbed0a0851463e895960a451075a301a9","result":"0xf77a87fd324ea96f6b8bbd59d3f3d7abbb84e93fe3f88998c6442d0c609f8627"}}
[2m2025-12-10T10:12:44.736392Z[0m [34mDEBUG[0m [2methereum_transaction_pool_monitor::eth_client[0m[2m:[0m 📨 Received pending transaction: 0xf77a87fd324ea96f6b8bbd59d3f3d7abbb84e93fe3f88998c6442d0c609f8627
[2m2025-12-10T10:12:44.736400Z[0m [34mDEBUG[0m [2methereum_transaction_pool_monitor::mempool_monitor[0m[2m:[0m 📨 Processing new pending transaction: 0xf77a87fd324ea96f6b8bbd59d3f3d7abbb84e93fe3f88998c6442d0c609f8627
[2m2025-12-10T10:12:44.736405Z[0m [34mDEBUG[0m [2methereum_transaction_pool_monitor::mempool_monitor[0m[2m:[0m 🔍 Fetching transaction details for: 0xf77a87fd324ea96f6b8bbd59d3f3d7abbb84e93fe3f88998c6442d0c609f8627
[2m2025-12-10T10:12:44.736409Z[0m [34mDEBUG[0m [2methereum_transaction_pool_monitor::eth_client[0m[2m:[0m 🔍 Fetching transaction details for hash: 0xf77a87fd324ea96f6b8bbd59d3f3d7abbb84e93fe3f88998c6442d0c609f8627
[2m2025-12-10T10:12:44.736425Z[0m [34mDEBUG[0m [2mhyper::client::pool[0m[2m:[0m reuse idle connection for ("http", 192.168.0.14:8545)
[2m2025-12-10T10:12:44.736444Z[0m [34mDEBUG[0m [2mhyper::proto::h1::io[0m[2m:[0m flushed 250 bytes
[2m2025-12-10T10:12:44.740809Z[0m [34mDEBUG[0m [2mhyper::proto::h1::io[0m[2m:[0m parsed 4 headers
[2m2025-12-10T10:12:44.740827Z[0m [34mDEBUG[0m [2mhyper::proto::h1::conn[0m[2m:[0m incoming body is content-length (2112 bytes)
[2m2025-12-10T10:12:44.740844Z[0m [34mDEBUG[0m [2mhyper::proto::h1::conn[0m[2m:[0m incoming body completed
[2m2025-12-10T10:12:44.740859Z[0m [34mDEBUG[0m [2mhyper::client::pool[0m[2m:[0m pooling idle connection for ("http", 192.168.0.14:8545)
[2m2025-12-10T10:12:44.740870Z[0m [34mDEBUG[0m [2methereum_transaction_pool_monitor::eth_client[0m[2m:[0m 📡 Transaction fetch RPC completed in 4.455917ms
[2m2025-12-10T10:12:44.829763Z[0m [34mDEBUG[0m [2methereum_transaction_pool_monitor::eth_client[0m[2m:[0m ✅ Transaction 0xf77a87fd324ea96f6b8bbd59d3f3d7abbb84e93fe3f88998c6442d0c609f8627 fetched and parsed in 93.34625ms
[2m2025-12-10T10:12:44.829791Z[0m [34mDEBUG[0m [2methereum_transaction_pool_monitor::mempool_monitor[0m[2m:[0m 🔍 Skipping tx 0xf77a87fd324ea96f6b8bbd59d3f3d7abbb84e93fe3f88998c6442d0c609f8627 - not a DEX interaction (target: 0x7060FE0Dd3E31be01EFAc6B28C8D38018fD163B0)
[2m2025-12-10T10:12:44.829828Z[0m [34mDEBUG[0m [2methereum_transaction_pool_monitor::eth_client[0m[2m:[0m 📨 Received WebSocket message: {"jsonrpc":"2.0","method":"eth_subscription","params":{"subscription":"0xbed0a0851463e895960a451075a301a9","result":"0x8d18ba0d2da9b3b8ce1bbf1132117f40bb96cb7ebe3bba2d652752b0d2cd97a9"}}
[2m2025-12-10T10:12:44.829829Z[0m [34mDEBUG[0m [2mhyper::client::pool[0m[2m:[0m reuse idle connection for ("http", 192.168.0.14:8545)
[2m2025-12-10T10:12:44.829843Z[0m [34mDEBUG[0m [2methereum_transaction_pool_monitor::eth_client[0m[2m:[0m 📨 Received pending transaction: 0x8d18ba0d2da9b3b8ce1bbf1132117f40bb96cb7ebe3bba2d652752b0d2cd97a9
[2m2025-12-10T10:12:44.829858Z[0m [34mDEBUG[0m [2methereum_transaction_pool_monitor::eth_client[0m[2m:[0m 📨 Received WebSocket message: {"jsonrpc":"2.0","method":"eth_subscription","params":{"subscription":"0xbed0a0851463e895960a451075a301a9","result":"0x0bd2eb626c623335d1d8c647cb9e0ee89653bbbaed75d7b6fedc32c116b696e7"}}
[2m2025-12-10T10:12:44.829868Z[0m [34mDEBUG[0m [2methereum_transaction_pool_monitor::eth_client[0m[2m:[0m 📨 Received pending transaction: 0x0bd2eb626c623335d1d8c647cb9e0ee89653bbbaed75d7b6fedc32c116b696e7
[2m2025-12-10T10:12:44.829871Z[0m [34mDEBUG[0m [2mhyper::proto::h1::io[0m[2m:[0m flushed 172 bytes
[2m2025-12-10T10:12:44.829875Z[0m [34mDEBUG[0m [2methereum_transaction_pool_monitor::mempool_monitor[0m[2m:[0m 📨 Processing new pending transaction: 0x8d18ba0d2da9b3b8ce1bbf1132117f40bb96cb7ebe3bba2d652752b0d2cd97a9
[2m2025-12-10T10:12:44.829883Z[0m [34mDEBUG[0m [2methereum_transaction_pool_monitor::mempool_monitor[0m[2m:[0m 🔍 Fetching transaction details for: 0x8d18ba0d2da9b3b8ce1bbf1132117f40bb96cb7ebe3bba2d652752b0d2cd97a9
[2m2025-12-10T10:12:44.829888Z[0m [34mDEBUG[0m [2methereum_transaction_pool_monitor::eth_client[0m[2m:[0m 🔍 Fetching transaction details for hash: 0x8d18ba0d2da9b3b8ce1bbf1132117f40bb96cb7ebe3bba2d652752b0d2cd97a9
[2m2025-12-10T10:12:44.829897Z[0m [34mDEBUG[0m [2mhyper::client::pool[0m[2m:[0m reuse idle connection for ("http", 192.168.0.14:8545)
[2m2025-12-10T10:12:44.829917Z[0m [34mDEBUG[0m [2mhyper::proto::h1::io[0m[2m:[0m flushed 250 bytes
[2m2025-12-10T10:12:44.833650Z[0m [34mDEBUG[0m [2mhyper::proto::h1::io[0m[2m:[0m parsed 4 headers
[2m2025-12-10T10:12:44.833657Z[0m [34mDEBUG[0m [2mhyper::proto::h1::conn[0m[2m:[0m incoming body is content-length (45 bytes)
[2m2025-12-10T10:12:44.833664Z[0m [34mDEBUG[0m [2mhyper::proto::h1::conn[0m[2m:[0m incoming body completed
[2m2025-12-10T10:12:44.833671Z[0m [34mDEBUG[0m [2mhyper::client::pool[0m[2m:[0m pooling idle connection for ("http", 192.168.0.14:8545)
[2m2025-12-10T10:12:44.834853Z[0m [34mDEBUG[0m [2mhyper::proto::h1::io[0m[2m:[0m parsed 4 headers
[2m2025-12-10T10:12:44.834859Z[0m [34mDEBUG[0m [2mhyper::proto::h1::conn[0m[2m:[0m incoming body is content-length (830 bytes)
[2m2025-12-10T10:12:44.834864Z[0m [34mDEBUG[0m [2mhyper::proto::h1::conn[0m[2m:[0m incoming body completed
[2m2025-12-10T10:12:44.834870Z[0m [34mDEBUG[0m [2mhyper::client::pool[0m[2m:[0m pooling idle connection for ("http", 192.168.0.14:8545)
[2m2025-12-10T10:12:44.834875Z[0m [34mDEBUG[0m [2methereum_transaction_pool_monitor::eth_client[0m[2m:[0m 📡 Transaction fetch RPC completed in 4.983584ms
[2m2025-12-10T10:12:44.905489Z[0m [34mDEBUG[0m [2methereum_transaction_pool_monitor::eth_client[0m[2m:[0m ✅ Transaction 0x8d18ba0d2da9b3b8ce1bbf1132117f40bb96cb7ebe3bba2d652752b0d2cd97a9 fetched and parsed in 75.595125ms
[2m2025-12-10T10:12:44.905518Z[0m [34mDEBUG[0m [2methereum_transaction_pool_monitor::mempool_monitor[0m[2m:[0m 🔍 Skipping tx 0x8d18ba0d2da9b3b8ce1bbf1132117f40bb96cb7ebe3bba2d652752b0d2cd97a9 - not a DEX interaction (target: 0x3B4D794a66304F130a4Db8F2551B0070dfCf5ca7)
[2m2025-12-10T10:12:44.905530Z[0m [34mDEBUG[0m [2methereum_transaction_pool_monitor::mempool_monitor[0m[2m:[0m 📨 Processing new pending transaction: 0x0bd2eb626c623335d1d8c647cb9e0ee89653bbbaed75d7b6fedc32c116b696e7
[2m2025-12-10T10:12:44.905536Z[0m [34mDEBUG[0m [2methereum_transaction_pool_monitor::mempool_monitor[0m[2m:[0m 🔍 Fetching transaction details for: 0x0bd2eb626c623335d1d8c647cb9e0ee89653bbbaed75d7b6fedc32c116b696e7
[2m2025-12-10T10:12:44.905542Z[0m [34mDEBUG[0m [2methereum_transaction_pool_monitor::eth_client[0m[2m:[0m 🔍 Fetching transaction details for hash: 0x0bd2eb626c623335d1d8c647cb9e0ee89653bbbaed75d7b6fedc32c116b696e7
[2m2025-12-10T10:12:44.905561Z[0m [34mDEBUG[0m [2mhyper::client::pool[0m[2m:[0m reuse idle connection for ("http", 192.168.0.14:8545)
[2m2025-12-10T10:12:44.905600Z[0m [34mDEBUG[0m [2mhyper::proto::h1::io[0m[2m:[0m flushed 250 bytes
[2m2025-12-10T10:12:44.905637Z[0m [34mDEBUG[0m [2mhyper::client::pool[0m[2m:[0m reuse idle connection for ("http", 192.168.0.14:8545)
[2m2025-12-10T10:12:44.905659Z[0m [34mDEBUG[0m [2mhyper::proto::h1::io[0m[2m:[0m flushed 172 bytes
[2m2025-12-10T10:12:44.909578Z[0m [34mDEBUG[0m [2mhyper::proto::h1::io[0m[2m:[0m parsed 4 headers
[2m2025-12-10T10:12:44.909586Z[0m [34mDEBUG[0m [2mhyper::proto::h1::conn[0m[2m:[0m incoming body is content-length (45 bytes)
[2m2025-12-10T10:12:44.909600Z[0m [34mDEBUG[0m [2mhyper::proto::h1::conn[0m[2m:[0m incoming body completed
[2m2025-12-10T10:12:44.909613Z[0m [34mDEBUG[0m [2mhyper::client::pool[0m[2m:[0m pooling idle connection for ("http", 192.168.0.14:8545)
[2m2025-12-10T10:12:44.909639Z[0m [34mDEBUG[0m [2mhyper::proto::h1::io[0m[2m:[0m parsed 4 headers
[2m2025-12-10T10:12:44.909644Z[0m [34mDEBUG[0m [2mhyper::proto::h1::conn[0m[2m:[0m incoming body is content-length (774 bytes)
[2m2025-12-10T10:12:44.909650Z[0m [34mDEBUG[0m [2mhyper::proto::h1::conn[0m[2m:[0m incoming body completed
[2m2025-12-10T10:12:44.909656Z[0m [34mDEBUG[0m [2mhyper::client::pool[0m[2m:[0m pooling idle connection for ("http", 192.168.0.14:8545)
[2m2025-12-10T10:12:44.909663Z[0m [34mDEBUG[0m [2methereum_transaction_pool_monitor::eth_client[0m[2m:[0m 📡 Transaction fetch RPC completed in 4.116875ms
[2m2025-12-10T10:12:44.909677Z[0m [34mDEBUG[0m [2methereum_transaction_pool_monitor::eth_client[0m[2m:[0m DeFi transaction detected - Address: 0xdac17f958d2ee523a2206206994597c13d831ec7, Type: Stablecoin, Value: 0 ETH, Gas: 1.91 Gwei
[2m2025-12-10T10:12:44.909692Z[0m [34mDEBUG[0m [2methereum_transaction_pool_monitor::eth_client[0m[2m:[0m ✅ Transaction 0x0bd2eb626c623335d1d8c647cb9e0ee89653bbbaed75d7b6fedc32c116b696e7 fetched and parsed in 4.145958ms
[2m2025-12-10T10:12:44.909698Z[0m [34mDEBUG[0m [2methereum_transaction_pool_monitor::mempool_monitor[0m[2m:[0m 🔍 Skipping tx 0x0bd2eb626c623335d1d8c647cb9e0ee89653bbbaed75d7b6fedc32c116b696e7 - not a DEX interaction (target: 0xdAC17F958D2ee523a2206206994597C13D831ec7)
[2m2025-12-10T10:12:44.940683Z[0m [34mDEBUG[0m [2methereum_transaction_pool_monitor::eth_client[0m[2m:[0m 📨 Received WebSocket message: {"jsonrpc":"2.0","method":"eth_subscription","params":{"subscription":"0xbed0a0851463e895960a451075a301a9","result":"0x126004046afaed1cba3c412d3ba2c828a6b6f70f0f6b8071b0e56e1fdd1c58c2"}}
[2m2025-12-10T10:12:44.940721Z[0m [34mDEBUG[0m [2methereum_transaction_pool_monitor::eth_client[0m[2m:[0m 📨 Received pending transaction: 0x126004046afaed1cba3c412d3ba2c828a6b6f70f0f6b8071b0e56e1fdd1c58c2
[2m2025-12-10T10:12:44.941549Z[0m [34mDEBUG[0m [2methereum_transaction_pool_monitor::mempool_monitor[0m[2m:[0m 📨 Processing new pending transaction: 0x126004046afaed1cba3c412d3ba2c828a6b6f70f0f6b8071b0e56e1fdd1c58c2
[2m2025-12-10T10:12:44.941570Z[0m [34mDEBUG[0m [2methereum_transaction_pool_monitor::mempool_monitor[0m[2m:[0m 🔍 Fetching transaction details for: 0x126004046afaed1cba3c412d3ba2c828a6b6f70f0f6b8071b0e56e1fdd1c58c2
[2m2025-12-10T10:12:44.941588Z[0m [34mDEBUG[0m [2methereum_transaction_pool_monitor::eth_client[0m[2m:[0m 🔍 Fetching transaction details for hash: 0x126004046afaed1cba3c412d3ba2c828a6b6f70f0f6b8071b0e56e1fdd1c58c2
[2m2025-12-10T10:12:44.941623Z[0m [34mDEBUG[0m [2mhyper::client::pool[0m[2m:[0m reuse idle connection for ("http", 192.168.0.14:8545)
[2m2025-12-10T10:12:44.941646Z[0m [34mDEBUG[0m [2mhyper::proto::h1::io[0m[2m:[0m flushed 250 bytes
[2m2025-12-10T10:12:44.945049Z[0m [34mDEBUG[0m [2mhyper::proto::h1::io[0m[2m:[0m parsed 4 headers
[2m2025-12-10T10:12:44.945056Z[0m [34mDEBUG[0m [2mhyper::proto::h1::conn[0m[2m:[0m incoming body is content-length (648 bytes)
[2m2025-12-10T10:12:44.945062Z[0m [34mDEBUG[0m [2mhyper::proto::h1::conn[0m[2m:[0m incoming body completed
[2m2025-12-10T10:12:44.945069Z[0m [34mDEBUG[0m [2mhyper::client::pool[0m[2m:[0m pooling idle connection for ("http", 192.168.0.14:8545)
[2m2025-12-10T10:12:44.945075Z[0m [34mDEBUG[0m [2methereum_transaction_pool_monitor::eth_client[0m[2m:[0m 📡 Transaction fetch RPC completed in 3.478833ms
[2m2025-12-10T10:12:45.016494Z[0m [34mDEBUG[0m [2methereum_transaction_pool_monitor::eth_client[0m[2m:[0m ✅ Transaction 0x126004046afaed1cba3c412d3ba2c828a6b6f70f0f6b8071b0e56e1fdd1c58c2 fetched and parsed in 74.89525ms
[2m2025-12-10T10:12:45.016523Z[0m [34mDEBUG[0m [2methereum_transaction_pool_monitor::mempool_monitor[0m[2m:[0m 🔍 Skipping tx 0x126004046afaed1cba3c412d3ba2c828a6b6f70f0f6b8071b0e56e1fdd1c58c2 - not a DEX interaction (target: 0x28C6c06298d514Db089934071355E5743bf21d60)
[2m2025-12-10T10:12:45.016580Z[0m [34mDEBUG[0m [2mhyper::client::pool[0m[2m:[0m reuse idle connection for ("http", 192.168.0.14:8545)
[2m2025-12-10T10:12:45.016630Z[0m [34mDEBUG[0m [2mhyper::proto::h1::io[0m[2m:[0m flushed 172 bytes
[2m2025-12-10T10:12:45.020382Z[0m [34mDEBUG[0m [2mhyper::proto::h1::io[0m[2m:[0m parsed 4 headers
[2m2025-12-10T10:12:45.020407Z[0m [34mDEBUG[0m [2mhyper::proto::h1::conn[0m[2m:[0m incoming body is content-length (45 bytes)
[2m2025-12-10T10:12:45.020430Z[0m [34mDEBUG[0m [2mhyper::proto::h1::conn[0m[2m:[0m incoming body completed
[2m2025-12-10T10:12:45.020442Z[0m [34mDEBUG[0m [2mhyper::client::pool[0m[2m:[0m pooling idle connection for ("http", 192.168.0.14:8545)
[2m2025-12-10T10:12:45.045392Z[0m [34mDEBUG[0m [2methereum_transaction_pool_monitor::eth_client[0m[2m:[0m 📨 Received WebSocket message: {"jsonrpc":"2.0","method":"eth_subscription","params":{"subscription":"0xbed0a0851463e895960a451075a301a9","result":"0x591009a22e32ae04b8d2ffbb7e506acb81305c03315e9464cbc787b3579cea2a"}}
[2m2025-12-10T10:12:45.045401Z[0m [34mDEBUG[0m [2methereum_transaction_pool_monitor::eth_client[0m[2m:[0m 📨 Received pending transaction: 0x591009a22e32ae04b8d2ffbb7e506acb81305c03315e9464cbc787b3579cea2a
[2m2025-12-10T10:12:45.045407Z[0m [34mDEBUG[0m [2methereum_transaction_pool_monitor::mempool_monitor[0m[2m:[0m 📨 Processing new pending transaction: 0x591009a22e32ae04b8d2ffbb7e506acb81305c03315e9464cbc787b3579cea2a
[2m2025-12-10T10:12:45.045412Z[0m [34mDEBUG[0m [2methereum_transaction_pool_monitor::mempool_monitor[0m[2m:[0m 🔍 Fetching transaction details for: 0x591009a22e32ae04b8d2ffbb7e506acb81305c03315e9464cbc787b3579cea2a
[2m2025-12-10T10:12:45.045416Z[0m [34mDEBUG[0m [2methereum_transaction_pool_monitor::eth_client[0m[2m:[0m 🔍 Fetching transaction details for hash: 0x591009a22e32ae04b8d2ffbb7e506acb81305c03315e9464cbc787b3579cea2a
[2m2025-12-10T10:12:45.045427Z[0m [34mDEBUG[0m [2mhyper::client::pool[0m[2m:[0m reuse idle connection for ("http", 192.168.0.14:8545)
[2m2025-12-10T10:12:45.045448Z[0m [34mDEBUG[0m [2mhyper::proto::h1::io[0m[2m:[0m flushed 250 bytes
[2m2025-12-10T10:12:45.050416Z[0m [34mDEBUG[0m [2mhyper::proto::h1::io[0m[2m:[0m parsed 4 headers
[2m2025-12-10T10:12:45.050421Z[0m [34mDEBUG[0m [2mhyper::proto::h1::conn[0m[2m:[0m incoming body is content-length (771 bytes)
[2m2025-12-10T10:12:45.050429Z[0m [34mDEBUG[0m [2mhyper::proto::h1::conn[0m[2m:[0m incoming body completed
[2m2025-12-10T10:12:45.050437Z[0m [34mDEBUG[0m [2mhyper::client::pool[0m[2m:[0m pooling idle connection for ("http", 192.168.0.14:8545)
[2m2025-12-10T10:12:45.050443Z[0m [34mDEBUG[0m [2methereum_transaction_pool_monitor::eth_client[0m[2m:[0m 📡 Transaction fetch RPC completed in 5.022709ms
[2m2025-12-10T10:12:45.122335Z[0m [34mDEBUG[0m [2methereum_transaction_pool_monitor::eth_client[0m[2m:[0m ✅ Transaction 0x591009a22e32ae04b8d2ffbb7e506acb81305c03315e9464cbc787b3579cea2a fetched and parsed in 76.912209ms
[2m2025-12-10T10:12:45.122363Z[0m [34mDEBUG[0m [2methereum_transaction_pool_monitor::mempool_monitor[0m[2m:[0m 🔍 Skipping tx 0x591009a22e32ae04b8d2ffbb7e506acb81305c03315e9464cbc787b3579cea2a - not a DEX interaction (target: 0xA0b86991c6218b36c1d19D4a2e9Eb0cE3606eB48)
[2m2025-12-10T10:12:45.122404Z[0m [34mDEBUG[0m [2mhyper::client::pool[0m[2m:[0m reuse idle connection for ("http", 192.168.0.14:8545)
[2m2025-12-10T10:12:45.122451Z[0m [34mDEBUG[0m [2mhyper::proto::h1::io[0m[2m:[0m flushed 172 bytes
[2m2025-12-10T10:12:45.126559Z[0m [34mDEBUG[0m [2mhyper::proto::h1::io[0m[2m:[0m parsed 4 headers
[2m2025-12-10T10:12:45.126583Z[0m [34mDEBUG[0m [2mhyper::proto::h1::conn[0m[2m:[0m incoming body is content-length (45 bytes)
[2m2025-12-10T10:12:45.126611Z[0m [34mDEBUG[0m [2mhyper::proto::h1::conn[0m[2m:[0m incoming body completed
[2m2025-12-10T10:12:45.126622Z[0m [34mDEBUG[0m [2mhyper::client::pool[0m[2m:[0m pooling idle connection for ("http", 192.168.0.14:8545)
[2m2025-12-10T10:12:45.199700Z[0m [34mDEBUG[0m [2mhyper::client::pool[0m[2m:[0m reuse idle connection for ("http", 192.168.0.14:8545)
[2m2025-12-10T10:12:45.199753Z[0m [34mDEBUG[0m [2mhyper::proto::h1::io[0m[2m:[0m flushed 172 bytes
[2m2025-12-10T10:12:45.203569Z[0m [34mDEBUG[0m [2mhyper::proto::h1::io[0m[2m:[0m parsed 4 headers
[2m2025-12-10T10:12:45.203585Z[0m [34mDEBUG[0m [2mhyper::proto::h1::conn[0m[2m:[0m incoming body is content-length (45 bytes)
[2m2025-12-10T10:12:45.203595Z[0m [34mDEBUG[0m [2mhyper::proto::h1::conn[0m[2m:[0m incoming body completed
[2m2025-12-10T10:12:45.203606Z[0m [34mDEBUG[0m [2mhyper::client::pool[0m[2m:[0m pooling idle connection for ("http", 192.168.0.14:8545)
[2m2025-12-10T10:12:45.284193Z[0m [34mDEBUG[0m [2methereum_transaction_pool_monitor::eth_client[0m[2m:[0m 📨 Received WebSocket message: {"jsonrpc":"2.0","method":"eth_subscription","params":{"subscription":"0xbed0a0851463e895960a451075a301a9","result":"0xd9bb00e1116f2943a90dbee0374130599d2d1b3d4fe85a18e241b98cfe346f45"}}
[2m2025-12-10T10:12:45.284212Z[0m [34mDEBUG[0m [2methereum_transaction_pool_monitor::eth_client[0m[2m:[0m 📨 Received pending transaction: 0xd9bb00e1116f2943a90dbee0374130599d2d1b3d4fe85a18e241b98cfe346f45
[2m2025-12-10T10:12:45.284223Z[0m [34mDEBUG[0m [2methereum_transaction_pool_monitor::mempool_monitor[0m[2m:[0m 📨 Processing new pending transaction: 0xd9bb00e1116f2943a90dbee0374130599d2d1b3d4fe85a18e241b98cfe346f45
[2m2025-12-10T10:12:45.284229Z[0m [34mDEBUG[0m [2methereum_transaction_pool_monitor::mempool_monitor[0m[2m:[0m 🔍 Fetching transaction details for: 0xd9bb00e1116f2943a90dbee0374130599d2d1b3d4fe85a18e241b98cfe346f45
[2m2025-12-10T10:12:45.284235Z[0m [34mDEBUG[0m [2methereum_transaction_pool_monitor::eth_client[0m[2m:[0m 🔍 Fetching transaction details for hash: 0xd9bb00e1116f2943a90dbee0374130599d2d1b3d4fe85a18e241b98cfe346f45
[2m2025-12-10T10:12:45.284258Z[0m [34mDEBUG[0m [2mhyper::client::pool[0m[2m:[0m reuse idle connection for ("http", 192.168.0.14:8545)
[2m2025-12-10T10:12:45.284284Z[0m [34mDEBUG[0m [2mhyper::proto::h1::io[0m[2m:[0m flushed 250 bytes
[2m2025-12-10T10:12:45.290220Z[0m [34mDEBUG[0m [2mhyper::proto::h1::io[0m[2m:[0m parsed 4 headers
[2m2025-12-10T10:12:45.290228Z[0m [34mDEBUG[0m [2mhyper::proto::h1::conn[0m[2m:[0m incoming body is content-length (771 bytes)
[2m2025-12-10T10:12:45.290236Z[0m [34mDEBUG[0m [2mhyper::proto::h1::conn[0m[2m:[0m incoming body completed
[2m2025-12-10T10:12:45.290248Z[0m [34mDEBUG[0m [2mhyper::client::pool[0m[2m:[0m pooling idle connection for ("http", 192.168.0.14:8545)
[2m2025-12-10T10:12:45.290255Z[0m [34mDEBUG[0m [2methereum_transaction_pool_monitor::eth_client[0m[2m:[0m 📡 Transaction fetch RPC completed in 6.014333ms
[2m2025-12-10T10:12:45.368469Z[0m [34mDEBUG[0m [2methereum_transaction_pool_monitor::eth_client[0m[2m:[0m ✅ Transaction 0xd9bb00e1116f2943a90dbee0374130599d2d1b3d4fe85a18e241b98cfe346f45 fetched and parsed in 84.225916ms
[2m2025-12-10T10:12:45.368492Z[0m [34mDEBUG[0m [2methereum_transaction_pool_monitor::mempool_monitor[0m[2m:[0m 🔍 Skipping tx 0xd9bb00e1116f2943a90dbee0374130599d2d1b3d4fe85a18e241b98cfe346f45 - not a DEX interaction (target: 0xB8f28C60dD8240141185a192fa4156A23E189305)
[2m2025-12-10T10:12:45.368528Z[0m [34mDEBUG[0m [2mhyper::client::pool[0m[2m:[0m reuse idle connection for ("http", 192.168.0.14:8545)
[2m2025-12-10T10:12:45.368553Z[0m [34mDEBUG[0m [2mhyper::proto::h1::io[0m[2m:[0m flushed 172 bytes
[2m2025-12-10T10:12:45.368552Z[0m [34mDEBUG[0m [2methereum_transaction_pool_monitor::eth_client[0m[2m:[0m 📨 Received WebSocket message: {"jsonrpc":"2.0","method":"eth_subscription","params":{"subscription":"0xbed0a0851463e895960a451075a301a9","result":"0x4c6ec19390ee8ff83edfdba0a36d39771c83822bd5c4f8656bf1ecf506fcbff7"}}
[2m2025-12-10T10:12:45.368573Z[0m [34mDEBUG[0m [2methereum_transaction_pool_monitor::eth_client[0m[2m:[0m 📨 Received pending transaction: 0x4c6ec19390ee8ff83edfdba0a36d39771c83822bd5c4f8656bf1ecf506fcbff7
[2m2025-12-10T10:12:45.368580Z[0m [34mDEBUG[0m [2methereum_transaction_pool_monitor::mempool_monitor[0m[2m:[0m 📨 Processing new pending transaction: 0x4c6ec19390ee8ff83edfdba0a36d39771c83822bd5c4f8656bf1ecf506fcbff7
[2m2025-12-10T10:12:45.368584Z[0m [34mDEBUG[0m [2methereum_transaction_pool_monitor::mempool_monitor[0m[2m:[0m 🔍 Fetching transaction details for: 0x4c6ec19390ee8ff83edfdba0a36d39771c83822bd5c4f8656bf1ecf506fcbff7
[2m2025-12-10T10:12:45.368589Z[0m [34mDEBUG[0m [2methereum_transaction_pool_monitor::eth_client[0m[2m:[0m 🔍 Fetching transaction details for hash: 0x4c6ec19390ee8ff83edfdba0a36d39771c83822bd5c4f8656bf1ecf506fcbff7
[2m2025-12-10T10:12:45.368598Z[0m [34mDEBUG[0m [2mhyper::client::pool[0m[2m:[0m reuse idle connection for ("http", 192.168.0.14:8545)
[2m2025-12-10T10:12:45.368614Z[0m [34mDEBUG[0m [2mhyper::proto::h1::io[0m[2m:[0m flushed 250 bytes
[2m2025-12-10T10:12:45.371820Z[0m [34mDEBUG[0m [2mhyper::proto::h1::io[0m[2m:[0m parsed 4 headers
[2m2025-12-10T10:12:45.371826Z[0m [34mDEBUG[0m [2mhyper::proto::h1::conn[0m[2m:[0m incoming body is content-length (45 bytes)
[2m2025-12-10T10:12:45.371836Z[0m [34mDEBUG[0m [2mhyper::proto::h1::conn[0m[2m:[0m incoming body completed
[2m2025-12-10T10:12:45.371846Z[0m [34mDEBUG[0m [2mhyper::client::pool[0m[2m:[0m pooling idle connection for ("http", 192.168.0.14:8545)
[2m2025-12-10T10:12:45.373130Z[0m [34mDEBUG[0m [2mhyper::proto::h1::io[0m[2m:[0m parsed 4 headers
[2m2025-12-10T10:12:45.373136Z[0m [34mDEBUG[0m [2mhyper::proto::h1::conn[0m[2m:[0m incoming body is content-length (647 bytes)
[2m2025-12-10T10:12:45.373141Z[0m [34mDEBUG[0m [2mhyper::proto::h1::conn[0m[2m:[0m incoming body completed
[2m2025-12-10T10:12:45.373146Z[0m [34mDEBUG[0m [2mhyper::client::pool[0m[2m:[0m pooling idle connection for ("http", 192.168.0.14:8545)
[2m2025-12-10T10:12:45.373151Z[0m [34mDEBUG[0m [2methereum_transaction_pool_monitor::eth_client[0m[2m:[0m 📡 Transaction fetch RPC completed in 4.557458ms
[2m2025-12-10T10:12:45.443482Z[0m [34mDEBUG[0m [2methereum_transaction_pool_monitor::eth_client[0m[2m:[0m ✅ Transaction 0x4c6ec19390ee8ff83edfdba0a36d39771c83822bd5c4f8656bf1ecf506fcbff7 fetched and parsed in 74.886708ms
[2m2025-12-10T10:12:45.443512Z[0m [34mDEBUG[0m [2methereum_transaction_pool_monitor::mempool_monitor[0m[2m:[0m 🔍 Skipping tx 0x4c6ec19390ee8ff83edfdba0a36d39771c83822bd5c4f8656bf1ecf506fcbff7 - not a DEX interaction (target: 0x28C6c06298d514Db089934071355E5743bf21d60)
[2m2025-12-10T10:12:45.443553Z[0m [34mDEBUG[0m [2mhyper::client::pool[0m[2m:[0m reuse idle connection for ("http", 192.168.0.14:8545)
[2m2025-12-10T10:12:45.443601Z[0m [34mDEBUG[0m [2mhyper::proto::h1::io[0m[2m:[0m flushed 172 bytes
[2m2025-12-10T10:12:45.447305Z[0m [34mDEBUG[0m [2mhyper::proto::h1::io[0m[2m:[0m parsed 4 headers
[2m2025-12-10T10:12:45.447329Z[0m [34mDEBUG[0m [2mhyper::proto::h1::conn[0m[2m:[0m incoming body is content-length (45 bytes)
[2m2025-12-10T10:12:45.447353Z[0m [34mDEBUG[0m [2mhyper::proto::h1::conn[0m[2m:[0m incoming body completed
[2m2025-12-10T10:12:45.447364Z[0m [34mDEBUG[0m [2mhyper::client::pool[0m[2m:[0m pooling idle connection for ("http", 192.168.0.14:8545)
[2m2025-12-10T10:12:45.499392Z[0m [34mDEBUG[0m [2mhyper::client::pool[0m[2m:[0m reuse idle connection for ("http", 192.168.0.14:8545)
[2m2025-12-10T10:12:45.499466Z[0m [34mDEBUG[0m [2mhyper::proto::h1::io[0m[2m:[0m flushed 172 bytes
[2m2025-12-10T10:12:45.504777Z[0m [34mDEBUG[0m [2mhyper::proto::h1::io[0m[2m:[0m parsed 4 headers
[2m2025-12-10T10:12:45.504800Z[0m [34mDEBUG[0m [2mhyper::proto::h1::conn[0m[2m:[0m incoming body is content-length (45 bytes)
[2m2025-12-10T10:12:45.504822Z[0m [34mDEBUG[0m [2mhyper::proto::h1::conn[0m[2m:[0m incoming body completed
[2m2025-12-10T10:12:45.504833Z[0m [34mDEBUG[0m [2mhyper::client::pool[0m[2m:[0m pooling idle connection for ("http", 192.168.0.14:8545)
[2m2025-12-10T10:12:45.514859Z[0m [34mDEBUG[0m [2methereum_transaction_pool_monitor::eth_client[0m[2m:[0m 📨 Received WebSocket message: {"jsonrpc":"2.0","method":"eth_subscription","params":{"subscription":"0xbed0a0851463e895960a451075a301a9","result":"0x73bdd44c1b6a2262e57e80dcff698c1f54d2933ae3770011d1b4f575f75d0717"}}
[2m2025-12-10T10:12:45.514888Z[0m [34mDEBUG[0m [2methereum_transaction_pool_monitor::eth_client[0m[2m:[0m 📨 Received pending transaction: 0x73bdd44c1b6a2262e57e80dcff698c1f54d2933ae3770011d1b4f575f75d0717
[2m2025-12-10T10:12:45.514909Z[0m [34mDEBUG[0m [2methereum_transaction_pool_monitor::mempool_monitor[0m[2m:[0m 📨 Processing new pending transaction: 0x73bdd44c1b6a2262e57e80dcff698c1f54d2933ae3770011d1b4f575f75d0717
[2m2025-12-10T10:12:45.514915Z[0m [34mDEBUG[0m [2methereum_transaction_pool_monitor::mempool_monitor[0m[2m:[0m 🔍 Fetching transaction details for: 0x73bdd44c1b6a2262e57e80dcff698c1f54d2933ae3770011d1b4f575f75d0717
[2m2025-12-10T10:12:45.514920Z[0m [34mDEBUG[0m [2methereum_transaction_pool_monitor::eth_client[0m[2m:[0m 🔍 Fetching transaction details for hash: 0x73bdd44c1b6a2262e57e80dcff698c1f54d2933ae3770011d1b4f575f75d0717
[2m2025-12-10T10:12:45.514932Z[0m [34mDEBUG[0m [2mhyper::client::pool[0m[2m:[0m reuse idle connection for ("http", 192.168.0.14:8545)
[2m2025-12-10T10:12:45.514949Z[0m [34mDEBUG[0m [2mhyper::proto::h1::io[0m[2m:[0m flushed 250 bytes
[2m2025-12-10T10:12:45.523690Z[0m [34mDEBUG[0m [2mhyper::proto::h1::io[0m[2m:[0m parsed 4 headers
[2m2025-12-10T10:12:45.523704Z[0m [34mDEBUG[0m [2mhyper::proto::h1::conn[0m[2m:[0m incoming body is content-length (770 bytes)
[2m2025-12-10T10:12:45.523711Z[0m [34mDEBUG[0m [2mhyper::proto::h1::conn[0m[2m:[0m incoming body completed
[2m2025-12-10T10:12:45.524020Z[0m [34mDEBUG[0m [2mhyper::client::pool[0m[2m:[0m pooling idle connection for ("http", 192.168.0.14:8545)
[2m2025-12-10T10:12:45.524033Z[0m [34mDEBUG[0m [2methereum_transaction_pool_monitor::eth_client[0m[2m:[0m 📡 Transaction fetch RPC completed in 9.108083ms
[2m2025-12-10T10:12:45.599571Z[0m [34mDEBUG[0m [2methereum_transaction_pool_monitor::eth_client[0m[2m:[0m ✅ Transaction 0x73bdd44c1b6a2262e57e80dcff698c1f54d2933ae3770011d1b4f575f75d0717 fetched and parsed in 84.643916ms
[2m2025-12-10T10:12:45.599599Z[0m [34mDEBUG[0m [2methereum_transaction_pool_monitor::mempool_monitor[0m[2m:[0m 🔍 Skipping tx 0x73bdd44c1b6a2262e57e80dcff698c1f54d2933ae3770011d1b4f575f75d0717 - not a DEX interaction (target: 0xA0b86991c6218b36c1d19D4a2e9Eb0cE3606eB48)
[2m2025-12-10T10:12:45.599638Z[0m [34mDEBUG[0m [2mhyper::client::pool[0m[2m:[0m reuse idle connection for ("http", 192.168.0.14:8545)
[2m2025-12-10T10:12:45.599653Z[0m [34mDEBUG[0m [2methereum_transaction_pool_monitor::eth_client[0m[2m:[0m 📨 Received WebSocket message: {"jsonrpc":"2.0","method":"eth_subscription","params":{"subscription":"0xbed0a0851463e895960a451075a301a9","result":"0xd7af88701db7ec6016578aea8714ac970d365d140b8b388d86579b89219c2652"}}
[2m2025-12-10T10:12:45.599664Z[0m [34mDEBUG[0m [2mhyper::proto::h1::io[0m[2m:[0m flushed 172 bytes
[2m2025-12-10T10:12:45.599665Z[0m [34mDEBUG[0m [2methereum_transaction_pool_monitor::eth_client[0m[2m:[0m 📨 Received pending transaction: 0xd7af88701db7ec6016578aea8714ac970d365d140b8b388d86579b89219c2652
[2m2025-12-10T10:12:45.599682Z[0m [34mDEBUG[0m [2methereum_transaction_pool_monitor::mempool_monitor[0m[2m:[0m 📨 Processing new pending transaction: 0xd7af88701db7ec6016578aea8714ac970d365d140b8b388d86579b89219c2652
[2m2025-12-10T10:12:45.599689Z[0m [34mDEBUG[0m [2methereum_transaction_pool_monitor::mempool_monitor[0m[2m:[0m 🔍 Fetching transaction details for: 0xd7af88701db7ec6016578aea8714ac970d365d140b8b388d86579b89219c2652
[2m2025-12-10T10:12:45.599696Z[0m [34mDEBUG[0m [2methereum_transaction_pool_monitor::eth_client[0m[2m:[0m 🔍 Fetching transaction details for hash: 0xd7af88701db7ec6016578aea8714ac970d365d140b8b388d86579b89219c2652
[2m2025-12-10T10:12:45.599706Z[0m [34mDEBUG[0m [2mhyper::client::pool[0m[2m:[0m reuse idle connection for ("http", 192.168.0.14:8545)
[2m2025-12-10T10:12:45.599720Z[0m [34mDEBUG[0m [2mhyper::proto::h1::io[0m[2m:[0m flushed 250 bytes
[2m2025-12-10T10:12:45.603590Z[0m [34mDEBUG[0m [2mhyper::proto::h1::io[0m[2m:[0m parsed 4 headers
[2m2025-12-10T10:12:45.603596Z[0m [34mDEBUG[0m [2mhyper::proto::h1::conn[0m[2m:[0m incoming body is content-length (45 bytes)
[2m2025-12-10T10:12:45.603604Z[0m [34mDEBUG[0m [2mhyper::proto::h1::conn[0m[2m:[0m incoming body completed
[2m2025-12-10T10:12:45.603612Z[0m [34mDEBUG[0m [2mhyper::client::pool[0m[2m:[0m pooling idle connection for ("http", 192.168.0.14:8545)
[2m2025-12-10T10:12:45.603997Z[0m [34mDEBUG[0m [2mhyper::proto::h1::io[0m[2m:[0m parsed 4 headers
[2m2025-12-10T10:12:45.604002Z[0m [34mDEBUG[0m [2mhyper::proto::h1::conn[0m[2m:[0m incoming body is content-length (647 bytes)
[2m2025-12-10T10:12:45.604008Z[0m [34mDEBUG[0m [2mhyper::proto::h1::conn[0m[2m:[0m incoming body completed
[2m2025-12-10T10:12:45.604013Z[0m [34mDEBUG[0m [2mhyper::client::pool[0m[2m:[0m pooling idle connection for ("http", 192.168.0.14:8545)
[2m2025-12-10T10:12:45.604022Z[0m [34mDEBUG[0m [2methereum_transaction_pool_monitor::eth_client[0m[2m:[0m 📡 Transaction fetch RPC completed in 4.3195ms
[2m2025-12-10T10:12:45.675496Z[0m [34mDEBUG[0m [2methereum_transaction_pool_monitor::eth_client[0m[2m:[0m ✅ Transaction 0xd7af88701db7ec6016578aea8714ac970d365d140b8b388d86579b89219c2652 fetched and parsed in 75.791416ms
[2m2025-12-10T10:12:45.675524Z[0m [34mDEBUG[0m [2methereum_transaction_pool_monitor::mempool_monitor[0m[2m:[0m 🔍 Skipping tx 0xd7af88701db7ec6016578aea8714ac970d365d140b8b388d86579b89219c2652 - not a DEX interaction (target: 0x50ECA76Fc5E983bc6c5598DbbC6321311823649F)
[2m2025-12-10T10:12:45.679525Z[0m [34mDEBUG[0m [2methereum_transaction_pool_monitor::eth_client[0m[2m:[0m 📨 Received WebSocket message: {"jsonrpc":"2.0","method":"eth_subscription","params":{"subscription":"0xbed0a0851463e895960a451075a301a9","result":"0x3916f2987b6983e91571cff154bb6f68e09b41c7c81c2cdb669987ad2fc2fc51"}}
[2m2025-12-10T10:12:45.679537Z[0m [34mDEBUG[0m [2methereum_transaction_pool_monitor::eth_client[0m[2m:[0m 📨 Received pending transaction: 0x3916f2987b6983e91571cff154bb6f68e09b41c7c81c2cdb669987ad2fc2fc51
[2m2025-12-10T10:12:45.679546Z[0m [34mDEBUG[0m [2methereum_transaction_pool_monitor::mempool_monitor[0m[2m:[0m 📨 Processing new pending transaction: 0x3916f2987b6983e91571cff154bb6f68e09b41c7c81c2cdb669987ad2fc2fc51
[2m2025-12-10T10:12:45.679552Z[0m [34mDEBUG[0m [2methereum_transaction_pool_monitor::mempool_monitor[0m[2m:[0m 🔍 Fetching transaction details for: 0x3916f2987b6983e91571cff154bb6f68e09b41c7c81c2cdb669987ad2fc2fc51
[2m2025-12-10T10:12:45.679556Z[0m [34mDEBUG[0m [2methereum_transaction_pool_monitor::eth_client[0m[2m:[0m 🔍 Fetching transaction details for hash: 0x3916f2987b6983e91571cff154bb6f68e09b41c7c81c2cdb669987ad2fc2fc51
[2m2025-12-10T10:12:45.679588Z[0m [34mDEBUG[0m [2mhyper::client::pool[0m[2m:[0m reuse idle connection for ("http", 192.168.0.14:8545)
[2m2025-12-10T10:12:45.679622Z[0m [34mDEBUG[0m [2mhyper::proto::h1::io[0m[2m:[0m flushed 250 bytes
[2m2025-12-10T10:12:45.684037Z[0m [34mDEBUG[0m [2mhyper::proto::h1::io[0m[2m:[0m parsed 4 headers
[2m2025-12-10T10:12:45.684042Z[0m [34mDEBUG[0m [2mhyper::proto::h1::conn[0m[2m:[0m incoming body is content-length (771 bytes)
[2m2025-12-10T10:12:45.684049Z[0m [34mDEBUG[0m [2mhyper::proto::h1::conn[0m[2m:[0m incoming body completed
[2m2025-12-10T10:12:45.684056Z[0m [34mDEBUG[0m [2mhyper::client::pool[0m[2m:[0m pooling idle connection for ("http", 192.168.0.14:8545)
[2m2025-12-10T10:12:45.684062Z[0m [34mDEBUG[0m [2methereum_transaction_pool_monitor::eth_client[0m[2m:[0m 📡 Transaction fetch RPC completed in 4.501041ms
[2m2025-12-10T10:12:45.754907Z[0m [34mDEBUG[0m [2methereum_transaction_pool_monitor::eth_client[0m[2m:[0m ✅ Transaction 0x3916f2987b6983e91571cff154bb6f68e09b41c7c81c2cdb669987ad2fc2fc51 fetched and parsed in 75.34375ms
[2m2025-12-10T10:12:45.754935Z[0m [34mDEBUG[0m [2methereum_transaction_pool_monitor::mempool_monitor[0m[2m:[0m 🔍 Skipping tx 0x3916f2987b6983e91571cff154bb6f68e09b41c7c81c2cdb669987ad2fc2fc51 - not a DEX interaction (target: 0xB8f28C60dD8240141185a192fa4156A23E189305)
[2m2025-12-10T10:12:45.754982Z[0m [34mDEBUG[0m [2mhyper::client::pool[0m[2m:[0m reuse idle connection for ("http", 192.168.0.14:8545)
[2m2025-12-10T10:12:45.755023Z[0m [34mDEBUG[0m [2mhyper::proto::h1::io[0m[2m:[0m flushed 172 bytes
[2m2025-12-10T10:12:45.758234Z[0m [34mDEBUG[0m [2mhyper::proto::h1::io[0m[2m:[0m parsed 4 headers
[2m2025-12-10T10:12:45.758257Z[0m [34mDEBUG[0m [2mhyper::proto::h1::conn[0m[2m:[0m incoming body is content-length (45 bytes)
[2m2025-12-10T10:12:45.758291Z[0m [34mDEBUG[0m [2mhyper::proto::h1::conn[0m[2m:[0m incoming body completed
[2m2025-12-10T10:12:45.758315Z[0m [34mDEBUG[0m [2mhyper::client::pool[0m[2m:[0m pooling idle connection for ("http", 192.168.0.14:8545)
[2m2025-12-10T10:12:45.799470Z[0m [34mDEBUG[0m [2mhyper::client::pool[0m[2m:[0m reuse idle connection for ("http", 192.168.0.14:8545)
[2m2025-12-10T10:12:45.799496Z[0m [34mDEBUG[0m [2methereum_transaction_pool_monitor::eth_client[0m[2m:[0m 📨 Received WebSocket message: {"jsonrpc":"2.0","method":"eth_subscription","params":{"subscription":"0xbed0a0851463e895960a451075a301a9","result":"0x19960ac7b25177784651e063274e0cdbbcd0131ae8b3ace57eb261c0b869fe85"}}
[2m2025-12-10T10:12:45.799511Z[0m [34mDEBUG[0m [2methereum_transaction_pool_monitor::eth_client[0m[2m:[0m 📨 Received pending transaction: 0x19960ac7b25177784651e063274e0cdbbcd0131ae8b3ace57eb261c0b869fe85
[2m2025-12-10T10:12:45.799513Z[0m [34mDEBUG[0m [2mhyper::proto::h1::io[0m[2m:[0m flushed 172 bytes
[2m2025-12-10T10:12:45.799532Z[0m [34mDEBUG[0m [2methereum_transaction_pool_monitor::mempool_monitor[0m[2m:[0m 📨 Processing new pending transaction: 0x19960ac7b25177784651e063274e0cdbbcd0131ae8b3ace57eb261c0b869fe85
[2m2025-12-10T10:12:45.799540Z[0m [34mDEBUG[0m [2methereum_transaction_pool_monitor::mempool_monitor[0m[2m:[0m 🔍 Fetching transaction details for: 0x19960ac7b25177784651e063274e0cdbbcd0131ae8b3ace57eb261c0b869fe85
[2m2025-12-10T10:12:45.799545Z[0m [34mDEBUG[0m [2methereum_transaction_pool_monitor::eth_client[0m[2m:[0m 🔍 Fetching transaction details for hash: 0x19960ac7b25177784651e063274e0cdbbcd0131ae8b3ace57eb261c0b869fe85
[2m2025-12-10T10:12:45.799556Z[0m [34mDEBUG[0m [2mhyper::client::pool[0m[2m:[0m reuse idle connection for ("http", 192.168.0.14:8545)
[2m2025-12-10T10:12:45.799570Z[0m [34mDEBUG[0m [2mhyper::proto::h1::io[0m[2m:[0m flushed 250 bytes
[2m2025-12-10T10:12:45.803200Z[0m [34mDEBUG[0m [2mhyper::proto::h1::io[0m[2m:[0m parsed 4 headers
[2m2025-12-10T10:12:45.803205Z[0m [34mDEBUG[0m [2mhyper::proto::h1::conn[0m[2m:[0m incoming body is content-length (45 bytes)
[2m2025-12-10T10:12:45.803211Z[0m [34mDEBUG[0m [2mhyper::proto::h1::conn[0m[2m:[0m incoming body completed
[2m2025-12-10T10:12:45.803218Z[0m [34mDEBUG[0m [2mhyper::client::pool[0m[2m:[0m pooling idle connection for ("http", 192.168.0.14:8545)
[2m2025-12-10T10:12:45.809261Z[0m [34mDEBUG[0m [2mhyper::proto::h1::io[0m[2m:[0m parsed 4 headers
[2m2025-12-10T10:12:45.809267Z[0m [34mDEBUG[0m [2mhyper::proto::h1::conn[0m[2m:[0m incoming body is content-length (771 bytes)
[2m2025-12-10T10:12:45.809272Z[0m [34mDEBUG[0m [2mhyper::proto::h1::conn[0m[2m:[0m incoming body completed
[2m2025-12-10T10:12:45.809278Z[0m [34mDEBUG[0m [2mhyper::client::pool[0m[2m:[0m pooling idle connection for ("http", 192.168.0.14:8545)
[2m2025-12-10T10:12:45.809283Z[0m [34mDEBUG[0m [2methereum_transaction_pool_monitor::eth_client[0m[2m:[0m 📡 Transaction fetch RPC completed in 9.733042ms
[2m2025-12-10T10:12:45.881611Z[0m [34mDEBUG[0m [2methereum_transaction_pool_monitor::eth_client[0m[2m:[0m ✅ Transaction 0x19960ac7b25177784651e063274e0cdbbcd0131ae8b3ace57eb261c0b869fe85 fetched and parsed in 82.059084ms
[2m2025-12-10T10:12:45.881641Z[0m [34mDEBUG[0m [2methereum_transaction_pool_monitor::mempool_monitor[0m[2m:[0m 🔍 Skipping tx 0x19960ac7b25177784651e063274e0cdbbcd0131ae8b3ace57eb261c0b869fe85 - not a DEX interaction (target: 0xB8f28C60dD8240141185a192fa4156A23E189305)
[2m2025-12-10T10:12:45.899702Z[0m [34mDEBUG[0m [2mhyper::client::pool[0m[2m:[0m reuse idle connection for ("http", 192.168.0.14:8545)
[2m2025-12-10T10:12:45.899731Z[0m [34mDEBUG[0m [2mhyper::proto::h1::io[0m[2m:[0m flushed 172 bytes
[2m2025-12-10T10:12:45.904385Z[0m [34mDEBUG[0m [2mhyper::proto::h1::io[0m[2m:[0m parsed 4 headers
[2m2025-12-10T10:12:45.904409Z[0m [34mDEBUG[0m [2mhyper::proto::h1::conn[0m[2m:[0m incoming body is content-length (45 bytes)
[2m2025-12-10T10:12:45.904433Z[0m [34mDEBUG[0m [2mhyper::proto::h1::conn[0m[2m:[0m incoming body completed
[2m2025-12-10T10:12:45.904445Z[0m [34mDEBUG[0m [2mhyper::client::pool[0m[2m:[0m pooling idle connection for ("http", 192.168.0.14:8545)
[2m2025-12-10T10:12:46.000543Z[0m [34mDEBUG[0m [2mhyper::client::pool[0m[2m:[0m reuse idle connection for ("http", 192.168.0.14:8545)
[2m2025-12-10T10:12:46.000613Z[0m [34mDEBUG[0m [2mhyper::proto::h1::io[0m[2m:[0m flushed 172 bytes
[2m2025-12-10T10:12:46.001893Z[0m [34mDEBUG[0m [2methereum_transaction_pool_monitor::eth_client[0m[2m:[0m 📨 Received WebSocket message: {"jsonrpc":"2.0","method":"eth_subscription","params":{"subscription":"0xbed0a0851463e895960a451075a301a9","result":"0x07b0b6c6cee9001afda9b58fcb3d75020e2ab97206ca0bbe5e3c151e7f8ed5a3"}}
[2m2025-12-10T10:12:46.001906Z[0m [34mDEBUG[0m [2methereum_transaction_pool_monitor::eth_client[0m[2m:[0m 📨 Received pending transaction: 0x07b0b6c6cee9001afda9b58fcb3d75020e2ab97206ca0bbe5e3c151e7f8ed5a3
[2m2025-12-10T10:12:46.001916Z[0m [34mDEBUG[0m [2methereum_transaction_pool_monitor::mempool_monitor[0m[2m:[0m 📨 Processing new pending transaction: 0x07b0b6c6cee9001afda9b58fcb3d75020e2ab97206ca0bbe5e3c151e7f8ed5a3
[2m2025-12-10T10:12:46.001922Z[0m [34mDEBUG[0m [2methereum_transaction_pool_monitor::mempool_monitor[0m[2m:[0m 🔍 Fetching transaction details for: 0x07b0b6c6cee9001afda9b58fcb3d75020e2ab97206ca0bbe5e3c151e7f8ed5a3
[2m2025-12-10T10:12:46.001929Z[0m [34mDEBUG[0m [2methereum_transaction_pool_monitor::eth_client[0m[2m:[0m 🔍 Fetching transaction details for hash: 0x07b0b6c6cee9001afda9b58fcb3d75020e2ab97206ca0bbe5e3c151e7f8ed5a3
[2m2025-12-10T10:12:46.001945Z[0m [34mDEBUG[0m [2mhyper::client::pool[0m[2m:[0m reuse idle connection for ("http", 192.168.0.14:8545)
[2m2025-12-10T10:12:46.001967Z[0m [34mDEBUG[0m [2mhyper::proto::h1::io[0m[2m:[0m flushed 250 bytes
[2m2025-12-10T10:12:46.003929Z[0m [34mDEBUG[0m [2mhyper::proto::h1::io[0m[2m:[0m parsed 4 headers
[2m2025-12-10T10:12:46.003938Z[0m [34mDEBUG[0m [2mhyper::proto::h1::conn[0m[2m:[0m incoming body is content-length (45 bytes)
[2m2025-12-10T10:12:46.003948Z[0m [34mDEBUG[0m [2mhyper::proto::h1::conn[0m[2m:[0m incoming body completed
[2m2025-12-10T10:12:46.003959Z[0m [34mDEBUG[0m [2mhyper::client::pool[0m[2m:[0m pooling idle connection for ("http", 192.168.0.14:8545)
[2m2025-12-10T10:12:46.010130Z[0m [34mDEBUG[0m [2mhyper::proto::h1::io[0m[2m:[0m parsed 4 headers
[2m2025-12-10T10:12:46.010141Z[0m [34mDEBUG[0m [2mhyper::proto::h1::conn[0m[2m:[0m incoming body is content-length (830 bytes)
[2m2025-12-10T10:12:46.010148Z[0m [34mDEBUG[0m [2mhyper::proto::h1::conn[0m[2m:[0m incoming body completed
[2m2025-12-10T10:12:46.010157Z[0m [34mDEBUG[0m [2mhyper::client::pool[0m[2m:[0m pooling idle connection for ("http", 192.168.0.14:8545)
[2m2025-12-10T10:12:46.010166Z[0m [34mDEBUG[0m [2methereum_transaction_pool_monitor::eth_client[0m[2m:[0m 📡 Transaction fetch RPC completed in 8.231417ms
[2m2025-12-10T10:12:46.088046Z[0m [34mDEBUG[0m [2methereum_transaction_pool_monitor::eth_client[0m[2m:[0m ✅ Transaction 0x07b0b6c6cee9001afda9b58fcb3d75020e2ab97206ca0bbe5e3c151e7f8ed5a3 fetched and parsed in 86.108417ms
[2m2025-12-10T10:12:46.088075Z[0m [34mDEBUG[0m [2methereum_transaction_pool_monitor::mempool_monitor[0m[2m:[0m 🔍 Skipping tx 0x07b0b6c6cee9001afda9b58fcb3d75020e2ab97206ca0bbe5e3c151e7f8ed5a3 - not a DEX interaction (target: 0x3B4D794a66304F130a4Db8F2551B0070dfCf5ca7)
[2m2025-12-10T10:12:46.088125Z[0m [34mDEBUG[0m [2methereum_transaction_pool_monitor::eth_client[0m[2m:[0m 📨 Received WebSocket message: {"jsonrpc":"2.0","method":"eth_subscription","params":{"subscription":"0xbed0a0851463e895960a451075a301a9","result":"0xcf6b4e971c913dd36d3d3895518670e270c9a80b04ac2c0ceedb91b4534027c9"}}
[2m2025-12-10T10:12:46.088136Z[0m [34mDEBUG[0m [2methereum_transaction_pool_monitor::eth_client[0m[2m:[0m 📨 Received pending transaction: 0xcf6b4e971c913dd36d3d3895518670e270c9a80b04ac2c0ceedb91b4534027c9
[2m2025-12-10T10:12:46.088146Z[0m [34mDEBUG[0m [2methereum_transaction_pool_monitor::mempool_monitor[0m[2m:[0m 📨 Processing new pending transaction: 0xcf6b4e971c913dd36d3d3895518670e270c9a80b04ac2c0ceedb91b4534027c9
[2m2025-12-10T10:12:46.088156Z[0m [34mDEBUG[0m [2methereum_transaction_pool_monitor::mempool_monitor[0m[2m:[0m 🔍 Fetching transaction details for: 0xcf6b4e971c913dd36d3d3895518670e270c9a80b04ac2c0ceedb91b4534027c9
[2m2025-12-10T10:12:46.088166Z[0m [34mDEBUG[0m [2methereum_transaction_pool_monitor::eth_client[0m[2m:[0m 🔍 Fetching transaction details for hash: 0xcf6b4e971c913dd36d3d3895518670e270c9a80b04ac2c0ceedb91b4534027c9
[2m2025-12-10T10:12:46.088262Z[0m [34mDEBUG[0m [2mhyper::client::pool[0m[2m:[0m reuse idle connection for ("http", 192.168.0.14:8545)
[2m2025-12-10T10:12:46.088285Z[0m [34mDEBUG[0m [2mhyper::proto::h1::io[0m[2m:[0m flushed 250 bytes
[2m2025-12-10T10:12:46.097619Z[0m [34mDEBUG[0m [2mhyper::client::pool[0m[2m:[0m reuse idle connection for ("http", 192.168.0.14:8545)
[2m2025-12-10T10:12:46.097621Z[0m [34mDEBUG[0m [2mhyper::proto::h1::io[0m[2m:[0m parsed 4 headers
[2m2025-12-10T10:12:46.097637Z[0m [34mDEBUG[0m [2mhyper::proto::h1::conn[0m[2m:[0m incoming body is content-length (769 bytes)
[2m2025-12-10T10:12:46.097645Z[0m [34mDEBUG[0m [2mhyper::proto::h1::conn[0m[2m:[0m incoming body completed
[2m2025-12-10T10:12:46.097646Z[0m [34mDEBUG[0m [2mhyper::proto::h1::io[0m[2m:[0m flushed 172 bytes
[2m2025-12-10T10:12:46.097655Z[0m [34mDEBUG[0m [2mhyper::client::pool[0m[2m:[0m pooling idle connection for ("http", 192.168.0.14:8545)
[2m2025-12-10T10:12:46.097662Z[0m [34mDEBUG[0m [2methereum_transaction_pool_monitor::eth_client[0m[2m:[0m 📡 Transaction fetch RPC completed in 9.4135ms
[2m2025-12-10T10:12:46.102293Z[0m [34mDEBUG[0m [2mhyper::proto::h1::io[0m[2m:[0m parsed 4 headers
[2m2025-12-10T10:12:46.102307Z[0m [34mDEBUG[0m [2mhyper::proto::h1::conn[0m[2m:[0m incoming body is content-length (45 bytes)
[2m2025-12-10T10:12:46.102314Z[0m [34mDEBUG[0m [2mhyper::proto::h1::conn[0m[2m:[0m incoming body completed
[2m2025-12-10T10:12:46.102323Z[0m [34mDEBUG[0m [2mhyper::client::pool[0m[2m:[0m pooling idle connection for ("http", 192.168.0.14:8545)
[2m2025-12-10T10:12:46.169992Z[0m [34mDEBUG[0m [2methereum_transaction_pool_monitor::eth_client[0m[2m:[0m ✅ Transaction 0xcf6b4e971c913dd36d3d3895518670e270c9a80b04ac2c0ceedb91b4534027c9 fetched and parsed in 81.7405ms
[2m2025-12-10T10:12:46.170019Z[0m [34mDEBUG[0m [2methereum_transaction_pool_monitor::mempool_monitor[0m[2m:[0m 🔍 Skipping tx 0xcf6b4e971c913dd36d3d3895518670e270c9a80b04ac2c0ceedb91b4534027c9 - not a DEX interaction (target: 0xA0b86991c6218b36c1d19D4a2e9Eb0cE3606eB48)
[2m2025-12-10T10:12:46.198371Z[0m [34mDEBUG[0m [2mhyper::client::pool[0m[2m:[0m reuse idle connection for ("http", 192.168.0.14:8545)
[2m2025-12-10T10:12:46.198446Z[0m [34mDEBUG[0m [2mhyper::proto::h1::io[0m[2m:[0m flushed 172 bytes
[2m2025-12-10T10:12:46.202783Z[0m [34mDEBUG[0m [2mhyper::proto::h1::io[0m[2m:[0m parsed 4 headers
[2m2025-12-10T10:12:46.202792Z[0m [34mDEBUG[0m [2mhyper::proto::h1::conn[0m[2m:[0m incoming body is content-length (45 bytes)
[2m2025-12-10T10:12:46.202799Z[0m [34mDEBUG[0m [2mhyper::proto::h1::conn[0m[2m:[0m incoming body completed
[2m2025-12-10T10:12:46.202809Z[0m [34mDEBUG[0m [2mhyper::client::pool[0m[2m:[0m pooling idle connection for ("http", 192.168.0.14:8545)
[2m2025-12-10T10:12:46.299907Z[0m [34mDEBUG[0m [2mhyper::client::pool[0m[2m:[0m reuse idle connection for ("http", 192.168.0.14:8545)
[2m2025-12-10T10:12:46.302625Z[0m [34mDEBUG[0m [2mhyper::proto::h1::io[0m[2m:[0m flushed 172 bytes
[2m2025-12-10T10:12:46.305889Z[0m [34mDEBUG[0m [2mhyper::proto::h1::io[0m[2m:[0m parsed 4 headers
[2m2025-12-10T10:12:46.305913Z[0m [34mDEBUG[0m [2mhyper::proto::h1::conn[0m[2m:[0m incoming body is content-length (45 bytes)
[2m2025-12-10T10:12:46.305929Z[0m [34mDEBUG[0m [2mhyper::proto::h1::conn[0m[2m:[0m incoming body completed
[2m2025-12-10T10:12:46.305944Z[0m [34mDEBUG[0m [2mhyper::client::pool[0m[2m:[0m pooling idle connection for ("http", 192.168.0.14:8545)
[2m2025-12-10T10:12:46.400009Z[0m [34mDEBUG[0m [2mhyper::client::pool[0m[2m:[0m reuse idle connection for ("http", 192.168.0.14:8545)
[2m2025-12-10T10:12:46.400048Z[0m [34mDEBUG[0m [2mhyper::proto::h1::io[0m[2m:[0m flushed 172 bytes
[2m2025-12-10T10:12:46.404266Z[0m [34mDEBUG[0m [2mhyper::proto::h1::io[0m[2m:[0m parsed 4 headers
[2m2025-12-10T10:12:46.404304Z[0m [34mDEBUG[0m [2mhyper::proto::h1::conn[0m[2m:[0m incoming body is content-length (45 bytes)
[2m2025-12-10T10:12:46.404322Z[0m [34mDEBUG[0m [2mhyper::proto::h1::conn[0m[2m:[0m incoming body completed
[2m2025-12-10T10:12:46.404341Z[0m [34mDEBUG[0m [2mhyper::client::pool[0m[2m:[0m pooling idle connection for ("http", 192.168.0.14:8545)
[2m2025-12-10T10:12:46.418315Z[0m [34mDEBUG[0m [2methereum_transaction_pool_monitor::eth_client[0m[2m:[0m 📨 Received WebSocket message: {"jsonrpc":"2.0","method":"eth_subscription","params":{"subscription":"0xbed0a0851463e895960a451075a301a9","result":"0xda08beee8dfdd9f17bf5dc3a7320eb62b3b17bc4714c2970eb883ef417b2968a"}}
[2m2025-12-10T10:12:46.418347Z[0m [34mDEBUG[0m [2methereum_transaction_pool_monitor::eth_client[0m[2m:[0m 📨 Received pending transaction: 0xda08beee8dfdd9f17bf5dc3a7320eb62b3b17bc4714c2970eb883ef417b2968a
[2m2025-12-10T10:12:46.418364Z[0m [34mDEBUG[0m [2methereum_transaction_pool_monitor::mempool_monitor[0m[2m:[0m 📨 Processing new pending transaction: 0xda08beee8dfdd9f17bf5dc3a7320eb62b3b17bc4714c2970eb883ef417b2968a
[2m2025-12-10T10:12:46.418376Z[0m [34mDEBUG[0m [2methereum_transaction_pool_monitor::mempool_monitor[0m[2m:[0m 🔍 Fetching transaction details for: 0xda08beee8dfdd9f17bf5dc3a7320eb62b3b17bc4714c2970eb883ef417b2968a
[2m2025-12-10T10:12:46.418386Z[0m [34mDEBUG[0m [2methereum_transaction_pool_monitor::eth_client[0m[2m:[0m 🔍 Fetching transaction details for hash: 0xda08beee8dfdd9f17bf5dc3a7320eb62b3b17bc4714c2970eb883ef417b2968a
[2m2025-12-10T10:12:46.418418Z[0m [34mDEBUG[0m [2mhyper::client::pool[0m[2m:[0m reuse idle connection for ("http", 192.168.0.14:8545)
[2m2025-12-10T10:12:46.418461Z[0m [34mDEBUG[0m [2mhyper::proto::h1::io[0m[2m:[0m flushed 250 bytes
[2m2025-12-10T10:12:46.422890Z[0m [34mDEBUG[0m [2mhyper::proto::h1::io[0m[2m:[0m parsed 4 headers
[2m2025-12-10T10:12:46.422908Z[0m [34mDEBUG[0m [2mhyper::proto::h1::conn[0m[2m:[0m incoming body is content-length (779 bytes)
[2m2025-12-10T10:12:46.422925Z[0m [34mDEBUG[0m [2mhyper::proto::h1::conn[0m[2m:[0m incoming body completed
[2m2025-12-10T10:12:46.422945Z[0m [34mDEBUG[0m [2mhyper::client::pool[0m[2m:[0m pooling idle connection for ("http", 192.168.0.14:8545)
[2m2025-12-10T10:12:46.422961Z[0m [34mDEBUG[0m [2methereum_transaction_pool_monitor::eth_client[0m[2m:[0m 📡 Transaction fetch RPC completed in 4.565125ms
[2m2025-12-10T10:12:46.422996Z[0m [34mDEBUG[0m [2methereum_transaction_pool_monitor::eth_client[0m[2m:[0m DeFi transaction detected - Address: 0x7fc66500c84a76ad7e9c93437bfc5ac33e2ddae9, Type: TokenContract, Value: 0 ETH, Gas: 200.00 Gwei
[2m2025-12-10T10:12:46.423023Z[0m [34mDEBUG[0m [2methereum_transaction_pool_monitor::eth_client[0m[2m:[0m ✅ Transaction 0xda08beee8dfdd9f17bf5dc3a7320eb62b3b17bc4714c2970eb883ef417b2968a fetched and parsed in 4.626875ms
[2m2025-12-10T10:12:46.423039Z[0m [34mDEBUG[0m [2methereum_transaction_pool_monitor::mempool_monitor[0m[2m:[0m 🔍 Skipping tx 0xda08beee8dfdd9f17bf5dc3a7320eb62b3b17bc4714c2970eb883ef417b2968a - not a DEX interaction (target: 0x7Fc66500c84A76Ad7e9c93437bFc5Ac33E2DDaE9)
[2m2025-12-10T10:12:46.440248Z[0m [34mDEBUG[0m [2methereum_transaction_pool_monitor::eth_client[0m[2m:[0m 📨 Received WebSocket message: {"jsonrpc":"2.0","method":"eth_subscription","params":{"subscription":"0xbed0a0851463e895960a451075a301a9","result":"0x9a63a8be4b1db2356683b0e31288924c10dbdd3faa2396da1d11f144f07f4b3b"}}
[2m2025-12-10T10:12:46.440285Z[0m [34mDEBUG[0m [2methereum_transaction_pool_monitor::eth_client[0m[2m:[0m 📨 Received pending transaction: 0x9a63a8be4b1db2356683b0e31288924c10dbdd3faa2396da1d11f144f07f4b3b
[2m2025-12-10T10:12:46.440307Z[0m [34mDEBUG[0m [2methereum_transaction_pool_monitor::mempool_monitor[0m[2m:[0m 📨 Processing new pending transaction: 0x9a63a8be4b1db2356683b0e31288924c10dbdd3faa2396da1d11f144f07f4b3b
[2m2025-12-10T10:12:46.440322Z[0m [34mDEBUG[0m [2methereum_transaction_pool_monitor::mempool_monitor[0m[2m:[0m 🔍 Fetching transaction details for: 0x9a63a8be4b1db2356683b0e31288924c10dbdd3faa2396da1d11f144f07f4b3b
[2m2025-12-10T10:12:46.440336Z[0m [34mDEBUG[0m [2methereum_transaction_pool_monitor::eth_client[0m[2m:[0m 🔍 Fetching transaction details for hash: 0x9a63a8be4b1db2356683b0e31288924c10dbdd3faa2396da1d11f144f07f4b3b
[2m2025-12-10T10:12:46.440373Z[0m [34mDEBUG[0m [2mhyper::client::pool[0m[2m:[0m reuse idle connection for ("http", 192.168.0.14:8545)
[2m2025-12-10T10:12:46.440420Z[0m [34mDEBUG[0m [2mhyper::proto::h1::io[0m[2m:[0m flushed 250 bytes
[2m2025-12-10T10:12:46.446190Z[0m [34mDEBUG[0m [2mhyper::proto::h1::io[0m[2m:[0m parsed 4 headers
[2m2025-12-10T10:12:46.446218Z[0m [34mDEBUG[0m [2mhyper::proto::h1::conn[0m[2m:[0m incoming body is content-length (771 bytes)
[2m2025-12-10T10:12:46.446244Z[0m [34mDEBUG[0m [2mhyper::proto::h1::conn[0m[2m:[0m incoming body completed
[2m2025-12-10T10:12:46.446276Z[0m [34mDEBUG[0m [2mhyper::client::pool[0m[2m:[0m pooling idle connection for ("http", 192.168.0.14:8545)
[2m2025-12-10T10:12:46.446301Z[0m [34mDEBUG[0m [2methereum_transaction_pool_monitor::eth_client[0m[2m:[0m 📡 Transaction fetch RPC completed in 5.9515ms
[2m2025-12-10T10:12:46.446352Z[0m [34mDEBUG[0m [2methereum_transaction_pool_monitor::eth_client[0m[2m:[0m DeFi transaction detected - Address: 0xdac17f958d2ee523a2206206994597c13d831ec7, Type: Stablecoin, Value: 0 ETH, Gas: 0.29 Gwei
[2m2025-12-10T10:12:46.446399Z[0m [34mDEBUG[0m [2methereum_transaction_pool_monitor::eth_client[0m[2m:[0m ✅ Transaction 0x9a63a8be4b1db2356683b0e31288924c10dbdd3faa2396da1d11f144f07f4b3b fetched and parsed in 6.049166ms
[2m2025-12-10T10:12:46.446425Z[0m [34mDEBUG[0m [2methereum_transaction_pool_monitor::mempool_monitor[0m[2m:[0m 🔍 Skipping tx 0x9a63a8be4b1db2356683b0e31288924c10dbdd3faa2396da1d11f144f07f4b3b - not a DEX interaction (target: 0xdAC17F958D2ee523a2206206994597C13D831ec7)
[2m2025-12-10T10:12:46.495463Z[0m [34mDEBUG[0m [2methereum_transaction_pool_monitor::eth_client[0m[2m:[0m 📨 Received WebSocket message: {"jsonrpc":"2.0","method":"eth_subscription","params":{"subscription":"0xbed0a0851463e895960a451075a301a9","result":"0x98e6227f702accd14d3d2ae52fc396e10e80b7cd8093db13dff3e315d706b59b"}}
[2m2025-12-10T10:12:46.495526Z[0m [34mDEBUG[0m [2methereum_transaction_pool_monitor::eth_client[0m[2m:[0m 📨 Received pending transaction: 0x98e6227f702accd14d3d2ae52fc396e10e80b7cd8093db13dff3e315d706b59b
[2m2025-12-10T10:12:46.495562Z[0m [34mDEBUG[0m [2methereum_transaction_pool_monitor::mempool_monitor[0m[2m:[0m 📨 Processing new pending transaction: 0x98e6227f702accd14d3d2ae52fc396e10e80b7cd8093db13dff3e315d706b59b
[2m2025-12-10T10:12:46.495591Z[0m [34mDEBUG[0m [2methereum_transaction_pool_monitor::mempool_monitor[0m[2m:[0m 🔍 Fetching transaction details for: 0x98e6227f702accd14d3d2ae52fc396e10e80b7cd8093db13dff3e315d706b59b
[2m2025-12-10T10:12:46.495616Z[0m [34mDEBUG[0m [2methereum_transaction_pool_monitor::eth_client[0m[2m:[0m 🔍 Fetching transaction details for hash: 0x98e6227f702accd14d3d2ae52fc396e10e80b7cd8093db13dff3e315d706b59b
[2m2025-12-10T10:12:46.495676Z[0m [34mDEBUG[0m [2mhyper::client::pool[0m[2m:[0m reuse idle connection for ("http", 192.168.0.14:8545)
[2m2025-12-10T10:12:46.495764Z[0m [34mDEBUG[0m [2mhyper::proto::h1::io[0m[2m:[0m flushed 250 bytes
[2m2025-12-10T10:12:46.498372Z[0m [34mDEBUG[0m [2mhyper::client::pool[0m[2m:[0m reuse idle connection for ("http", 192.168.0.14:8545)
[2m2025-12-10T10:12:46.498506Z[0m [34mDEBUG[0m [2mhyper::proto::h1::io[0m[2m:[0m flushed 172 bytes
[2m2025-12-10T10:12:46.503698Z[0m [34mDEBUG[0m [2mhyper::proto::h1::io[0m[2m:[0m parsed 4 headers
[2m2025-12-10T10:12:46.503744Z[0m [34mDEBUG[0m [2mhyper::proto::h1::conn[0m[2m:[0m incoming body is content-length (643 bytes)
[2m2025-12-10T10:12:46.503776Z[0m [34mDEBUG[0m [2mhyper::proto::h1::conn[0m[2m:[0m incoming body completed
[2m2025-12-10T10:12:46.503810Z[0m [34mDEBUG[0m [2mhyper::client::pool[0m[2m:[0m pooling idle connection for ("http", 192.168.0.14:8545)
[2m2025-12-10T10:12:46.503835Z[0m [34mDEBUG[0m [2methereum_transaction_pool_monitor::eth_client[0m[2m:[0m 📡 Transaction fetch RPC completed in 8.195542ms
[2m2025-12-10T10:12:46.591061Z[0m [34mDEBUG[0m [2methereum_transaction_pool_monitor::eth_client[0m[2m:[0m ✅ Transaction 0x98e6227f702accd14d3d2ae52fc396e10e80b7cd8093db13dff3e315d706b59b fetched and parsed in 95.419083ms
[2m2025-12-10T10:12:46.591090Z[0m [34mDEBUG[0m [2methereum_transaction_pool_monitor::mempool_monitor[0m[2m:[0m 🔍 Skipping tx 0x98e6227f702accd14d3d2ae52fc396e10e80b7cd8093db13dff3e315d706b59b - not a DEX interaction (target: 0x17E5545B11b468072283Cee1F066a059Fb0dbF24)
[2m2025-12-10T10:12:46.591117Z[0m [34mDEBUG[0m [2mhyper::proto::h1::io[0m[2m:[0m parsed 4 headers
[2m2025-12-10T10:12:46.591123Z[0m [34mDEBUG[0m [2mhyper::proto::h1::conn[0m[2m:[0m incoming body is content-length (45 bytes)
[2m2025-12-10T10:12:46.591132Z[0m [34mDEBUG[0m [2mhyper::proto::h1::conn[0m[2m:[0m incoming body completed
[2m2025-12-10T10:12:46.591141Z[0m [34mDEBUG[0m [2mhyper::client::pool[0m[2m:[0m pooling idle connection for ("http", 192.168.0.14:8545)
[2m2025-12-10T10:12:46.599932Z[0m [34mDEBUG[0m [2mhyper::client::pool[0m[2m:[0m reuse idle connection for ("http", 192.168.0.14:8545)
[2m2025-12-10T10:12:46.599978Z[0m [34mDEBUG[0m [2mhyper::proto::h1::io[0m[2m:[0m flushed 172 bytes
[2m2025-12-10T10:12:46.604793Z[0m [34mDEBUG[0m [2mhyper::proto::h1::io[0m[2m:[0m parsed 4 headers
[2m2025-12-10T10:12:46.604803Z[0m [34mDEBUG[0m [2mhyper::proto::h1::conn[0m[2m:[0m incoming body is content-length (45 bytes)
[2m2025-12-10T10:12:46.604810Z[0m [34mDEBUG[0m [2mhyper::proto::h1::conn[0m[2m:[0m incoming body completed
[2m2025-12-10T10:12:46.604817Z[0m [34mDEBUG[0m [2mhyper::client::pool[0m[2m:[0m pooling idle connection for ("http", 192.168.0.14:8545)
[2m2025-12-10T10:12:46.699512Z[0m [34mDEBUG[0m [2mhyper::client::pool[0m[2m:[0m reuse idle connection for ("http", 192.168.0.14:8545)
[2m2025-12-10T10:12:46.699566Z[0m [34mDEBUG[0m [2mhyper::proto::h1::io[0m[2m:[0m flushed 172 bytes
[2m2025-12-10T10:12:46.704082Z[0m [34mDEBUG[0m [2methereum_transaction_pool_monitor::eth_client[0m[2m:[0m 📨 Received WebSocket message: {"jsonrpc":"2.0","method":"eth_subscription","params":{"subscription":"0xbed0a0851463e895960a451075a301a9","result":"0x5780c8fa8c52c86e9ecccfa7f3a61e217986536dffbab7a6ee364eea48616ac4"}}
[2m2025-12-10T10:12:46.704098Z[0m [34mDEBUG[0m [2methereum_transaction_pool_monitor::eth_client[0m[2m:[0m 📨 Received pending transaction: 0x5780c8fa8c52c86e9ecccfa7f3a61e217986536dffbab7a6ee364eea48616ac4
[2m2025-12-10T10:12:46.704107Z[0m [34mDEBUG[0m [2methereum_transaction_pool_monitor::mempool_monitor[0m[2m:[0m 📨 Processing new pending transaction: 0x5780c8fa8c52c86e9ecccfa7f3a61e217986536dffbab7a6ee364eea48616ac4
[2m2025-12-10T10:12:46.704112Z[0m [34mDEBUG[0m [2methereum_transaction_pool_monitor::mempool_monitor[0m[2m:[0m 🔍 Fetching transaction details for: 0x5780c8fa8c52c86e9ecccfa7f3a61e217986536dffbab7a6ee364eea48616ac4
[2m2025-12-10T10:12:46.704116Z[0m [34mDEBUG[0m [2methereum_transaction_pool_monitor::eth_client[0m[2m:[0m 🔍 Fetching transaction details for hash: 0x5780c8fa8c52c86e9ecccfa7f3a61e217986536dffbab7a6ee364eea48616ac4
[2m2025-12-10T10:12:46.704133Z[0m [34mDEBUG[0m [2mhyper::client::pool[0m[2m:[0m reuse idle connection for ("http", 192.168.0.14:8545)
[2m2025-12-10T10:12:46.704155Z[0m [34mDEBUG[0m [2mhyper::proto::h1::io[0m[2m:[0m flushed 250 bytes
[2m2025-12-10T10:12:46.704939Z[0m [34mDEBUG[0m [2mhyper::proto::h1::io[0m[2m:[0m parsed 4 headers
[2m2025-12-10T10:12:46.704947Z[0m [34mDEBUG[0m [2mhyper::proto::h1::conn[0m[2m:[0m incoming body is content-length (45 bytes)
[2m2025-12-10T10:12:46.704954Z[0m [34mDEBUG[0m [2mhyper::proto::h1::conn[0m[2m:[0m incoming body completed
[2m2025-12-10T10:12:46.705196Z[0m [34mDEBUG[0m [2mhyper::client::pool[0m[2m:[0m pooling idle connection for ("http", 192.168.0.14:8545)
[2m2025-12-10T10:12:46.711420Z[0m [34mDEBUG[0m [2mhyper::proto::h1::io[0m[2m:[0m parsed 4 headers
[2m2025-12-10T10:12:46.711462Z[0m [34mDEBUG[0m [2mhyper::proto::h1::conn[0m[2m:[0m incoming body is content-length (830 bytes)
[2m2025-12-10T10:12:46.711481Z[0m [34mDEBUG[0m [2mhyper::proto::h1::conn[0m[2m:[0m incoming body completed
[2m2025-12-10T10:12:46.711502Z[0m [34mDEBUG[0m [2mhyper::client::pool[0m[2m:[0m pooling idle connection for ("http", 192.168.0.14:8545)
[2m2025-12-10T10:12:46.711518Z[0m [34mDEBUG[0m [2methereum_transaction_pool_monitor::eth_client[0m[2m:[0m 📡 Transaction fetch RPC completed in 7.3975ms
[2m2025-12-10T10:12:46.786916Z[0m [34mDEBUG[0m [2methereum_transaction_pool_monitor::eth_client[0m[2m:[0m ✅ Transaction 0x5780c8fa8c52c86e9ecccfa7f3a61e217986536dffbab7a6ee364eea48616ac4 fetched and parsed in 82.792708ms
[2m2025-12-10T10:12:46.786952Z[0m [34mDEBUG[0m [2methereum_transaction_pool_monitor::mempool_monitor[0m[2m:[0m 🔍 Skipping tx 0x5780c8fa8c52c86e9ecccfa7f3a61e217986536dffbab7a6ee364eea48616ac4 - not a DEX interaction (target: 0x3B4D794a66304F130a4Db8F2551B0070dfCf5ca7)
[2m2025-12-10T10:12:46.786979Z[0m [34mDEBUG[0m [2methereum_transaction_pool_monitor::eth_client[0m[2m:[0m 📨 Received WebSocket message: {"jsonrpc":"2.0","method":"eth_subscription","params":{"subscription":"0xbed0a0851463e895960a451075a301a9","result":"0x4b7fb31479b0cf40ecd2c1be50eecbdfc4f8274ed2811d2259adcda67ff2b580"}}
[2m2025-12-10T10:12:46.786989Z[0m [34mDEBUG[0m [2methereum_transaction_pool_monitor::eth_client[0m[2m:[0m 📨 Received pending transaction: 0x4b7fb31479b0cf40ecd2c1be50eecbdfc4f8274ed2811d2259adcda67ff2b580
[2m2025-12-10T10:12:46.786996Z[0m [34mDEBUG[0m [2methereum_transaction_pool_monitor::eth_client[0m[2m:[0m 📨 Received WebSocket message: {"jsonrpc":"2.0","method":"eth_subscription","params":{"subscription":"0xbed0a0851463e895960a451075a301a9","result":"0x79f3f17c76fb96ab3e62a03d64ab9382aac329846090cf9f1d23bbee9e3992d5"}}
[2m2025-12-10T10:12:46.787003Z[0m [34mDEBUG[0m [2methereum_transaction_pool_monitor::eth_client[0m[2m:[0m 📨 Received pending transaction: 0x79f3f17c76fb96ab3e62a03d64ab9382aac329846090cf9f1d23bbee9e3992d5
[2m2025-12-10T10:12:46.787009Z[0m [34mDEBUG[0m [2methereum_transaction_pool_monitor::mempool_monitor[0m[2m:[0m 📨 Processing new pending transaction: 0x4b7fb31479b0cf40ecd2c1be50eecbdfc4f8274ed2811d2259adcda67ff2b580
[2m2025-12-10T10:12:46.787017Z[0m [34mDEBUG[0m [2methereum_transaction_pool_monitor::mempool_monitor[0m[2m:[0m 🔍 Fetching transaction details for: 0x4b7fb31479b0cf40ecd2c1be50eecbdfc4f8274ed2811d2259adcda67ff2b580
[2m2025-12-10T10:12:46.787022Z[0m [34mDEBUG[0m [2methereum_transaction_pool_monitor::eth_client[0m[2m:[0m 🔍 Fetching transaction details for hash: 0x4b7fb31479b0cf40ecd2c1be50eecbdfc4f8274ed2811d2259adcda67ff2b580
[2m2025-12-10T10:12:46.787043Z[0m [34mDEBUG[0m [2mhyper::client::pool[0m[2m:[0m reuse idle connection for ("http", 192.168.0.14:8545)
[2m2025-12-10T10:12:46.787088Z[0m [34mDEBUG[0m [2mhyper::proto::h1::io[0m[2m:[0m flushed 250 bytes
[2m2025-12-10T10:12:46.792447Z[0m [34mDEBUG[0m [2mhyper::proto::h1::io[0m[2m:[0m parsed 4 headers
[2m2025-12-10T10:12:46.792461Z[0m [34mDEBUG[0m [2mhyper::proto::h1::conn[0m[2m:[0m incoming body is content-length (638 bytes)
[2m2025-12-10T10:12:46.792470Z[0m [34mDEBUG[0m [2mhyper::proto::h1::conn[0m[2m:[0m incoming body completed
[2m2025-12-10T10:12:46.792480Z[0m [34mDEBUG[0m [2mhyper::client::pool[0m[2m:[0m pooling idle connection for ("http", 192.168.0.14:8545)
[2m2025-12-10T10:12:46.792488Z[0m [34mDEBUG[0m [2methereum_transaction_pool_monitor::eth_client[0m[2m:[0m 📡 Transaction fetch RPC completed in 5.459625ms
[2m2025-12-10T10:12:46.863439Z[0m [34mDEBUG[0m [2methereum_transaction_pool_monitor::eth_client[0m[2m:[0m ✅ Transaction 0x4b7fb31479b0cf40ecd2c1be50eecbdfc4f8274ed2811d2259adcda67ff2b580 fetched and parsed in 76.407875ms
[2m2025-12-10T10:12:46.863470Z[0m [34mDEBUG[0m [2methereum_transaction_pool_monitor::mempool_monitor[0m[2m:[0m 🔍 Skipping tx 0x4b7fb31479b0cf40ecd2c1be50eecbdfc4f8274ed2811d2259adcda67ff2b580 - not a DEX interaction (target: 0xB70F98e53BEE56A2E18A15bcd826579f495076F0)
[2m2025-12-10T10:12:46.863481Z[0m [34mDEBUG[0m [2methereum_transaction_pool_monitor::mempool_monitor[0m[2m:[0m 📨 Processing new pending transaction: 0x79f3f17c76fb96ab3e62a03d64ab9382aac329846090cf9f1d23bbee9e3992d5
[2m2025-12-10T10:12:46.863488Z[0m [34mDEBUG[0m [2methereum_transaction_pool_monitor::mempool_monitor[0m[2m:[0m 🔍 Fetching transaction details for: 0x79f3f17c76fb96ab3e62a03d64ab9382aac329846090cf9f1d23bbee9e3992d5
[2m2025-12-10T10:12:46.863494Z[0m [34mDEBUG[0m [2methereum_transaction_pool_monitor::eth_client[0m[2m:[0m 🔍 Fetching transaction details for hash: 0x79f3f17c76fb96ab3e62a03d64ab9382aac329846090cf9f1d23bbee9e3992d5
[2m2025-12-10T10:12:46.863514Z[0m [34mDEBUG[0m [2mhyper::client::pool[0m[2m:[0m reuse idle connection for ("http", 192.168.0.14:8545)
[2m2025-12-10T10:12:46.863560Z[0m [34mDEBUG[0m [2mhyper::proto::h1::io[0m[2m:[0m flushed 250 bytes
[2m2025-12-10T10:12:46.863590Z[0m [34mDEBUG[0m [2mhyper::client::pool[0m[2m:[0m reuse idle connection for ("http", 192.168.0.14:8545)
[2m2025-12-10T10:12:46.863606Z[0m [34mDEBUG[0m [2mhyper::proto::h1::io[0m[2m:[0m flushed 172 bytes
[2m2025-12-10T10:12:46.867835Z[0m [34mDEBUG[0m [2mhyper::proto::h1::io[0m[2m:[0m parsed 4 headers
[2m2025-12-10T10:12:46.867844Z[0m [34mDEBUG[0m [2mhyper::proto::h1::conn[0m[2m:[0m incoming body is content-length (830 bytes)
[2m2025-12-10T10:12:46.867852Z[0m [34mDEBUG[0m [2mhyper::proto::h1::conn[0m[2m:[0m incoming body completed
[2m2025-12-10T10:12:46.867862Z[0m [34mDEBUG[0m [2mhyper::client::pool[0m[2m:[0m pooling idle connection for ("http", 192.168.0.14:8545)
[2m2025-12-10T10:12:46.867869Z[0m [34mDEBUG[0m [2methereum_transaction_pool_monitor::eth_client[0m[2m:[0m 📡 Transaction fetch RPC completed in 4.369792ms
[2m2025-12-10T10:12:46.937919Z[0m [34mDEBUG[0m [2methereum_transaction_pool_monitor::eth_client[0m[2m:[0m ✅ Transaction 0x79f3f17c76fb96ab3e62a03d64ab9382aac329846090cf9f1d23bbee9e3992d5 fetched and parsed in 74.417209ms
[2m2025-12-10T10:12:46.937958Z[0m [34mDEBUG[0m [2methereum_transaction_pool_monitor::mempool_monitor[0m[2m:[0m 🔍 Skipping tx 0x79f3f17c76fb96ab3e62a03d64ab9382aac329846090cf9f1d23bbee9e3992d5 - not a DEX interaction (target: 0x3B4D794a66304F130a4Db8F2551B0070dfCf5ca7)
[2m2025-12-10T10:12:46.937997Z[0m [34mDEBUG[0m [2mhyper::proto::h1::io[0m[2m:[0m parsed 4 headers
[2m2025-12-10T10:12:46.938009Z[0m [34mDEBUG[0m [2mhyper::proto::h1::conn[0m[2m:[0m incoming body is content-length (45 bytes)
[2m2025-12-10T10:12:46.938018Z[0m [34mDEBUG[0m [2methereum_transaction_pool_monitor::eth_client[0m[2m:[0m 📨 Received WebSocket message: {"jsonrpc":"2.0","method":"eth_subscription","params":{"subscription":"0xbed0a0851463e895960a451075a301a9","result":"0xac18be54b676ec7d67b55e35acf9a5e527b2ca7d8b209a5aa20409a6311d0a9f"}}
[2m2025-12-10T10:12:46.938019Z[0m [34mDEBUG[0m [2mhyper::proto::h1::conn[0m[2m:[0m incoming body completed
[2m2025-12-10T10:12:46.938031Z[0m [34mDEBUG[0m [2methereum_transaction_pool_monitor::eth_client[0m[2m:[0m 📨 Received pending transaction: 0xac18be54b676ec7d67b55e35acf9a5e527b2ca7d8b209a5aa20409a6311d0a9f
[2m2025-12-10T10:12:46.938044Z[0m [34mDEBUG[0m [2methereum_transaction_pool_monitor::eth_client[0m[2m:[0m 📨 Received WebSocket message: {"jsonrpc":"2.0","method":"eth_subscription","params":{"subscription":"0xbed0a0851463e895960a451075a301a9","result":"0x7284a9c24d896aa6364ff102e17bddf8e7a676d7b88931833f9b8927a8c47ab6"}}
[2m2025-12-10T10:12:46.938045Z[0m [34mDEBUG[0m [2mhyper::client::pool[0m[2m:[0m pooling idle connection for ("http", 192.168.0.14:8545)
[2m2025-12-10T10:12:46.938052Z[0m [34mDEBUG[0m [2methereum_transaction_pool_monitor::eth_client[0m[2m:[0m 📨 Received pending transaction: 0x7284a9c24d896aa6364ff102e17bddf8e7a676d7b88931833f9b8927a8c47ab6
[2m2025-12-10T10:12:46.938061Z[0m [34mDEBUG[0m [2methereum_transaction_pool_monitor::eth_client[0m[2m:[0m 📨 Received WebSocket message: {"jsonrpc":"2.0","method":"eth_subscription","params":{"subscription":"0xbed0a0851463e895960a451075a301a9","result":"0xe13ee6d3ab62aa1c19583d9c9b2e0b7ffe2aaace2430366b463754841170bdeb"}}
[2m2025-12-10T10:12:46.938066Z[0m [34mDEBUG[0m [2methereum_transaction_pool_monitor::eth_client[0m[2m:[0m 📨 Received pending transaction: 0xe13ee6d3ab62aa1c19583d9c9b2e0b7ffe2aaace2430366b463754841170bdeb
[2m2025-12-10T10:12:46.938072Z[0m [34mDEBUG[0m [2methereum_transaction_pool_monitor::mempool_monitor[0m[2m:[0m 📨 Processing new pending transaction: 0xac18be54b676ec7d67b55e35acf9a5e527b2ca7d8b209a5aa20409a6311d0a9f
[2m2025-12-10T10:12:46.938077Z[0m [34mDEBUG[0m [2methereum_transaction_pool_monitor::mempool_monitor[0m[2m:[0m 🔍 Fetching transaction details for: 0xac18be54b676ec7d67b55e35acf9a5e527b2ca7d8b209a5aa20409a6311d0a9f
[2m2025-12-10T10:12:46.938077Z[0m [34mDEBUG[0m [2mhyper::client::pool[0m[2m:[0m reuse idle connection for ("http", 192.168.0.14:8545)
[2m2025-12-10T10:12:46.938082Z[0m [34mDEBUG[0m [2methereum_transaction_pool_monitor::eth_client[0m[2m:[0m 🔍 Fetching transaction details for hash: 0xac18be54b676ec7d67b55e35acf9a5e527b2ca7d8b209a5aa20409a6311d0a9f
[2m2025-12-10T10:12:46.938104Z[0m [34mDEBUG[0m [2mhyper::client::pool[0m[2m:[0m reuse idle connection for ("http", 192.168.0.14:8545)
[2m2025-12-10T10:12:46.938113Z[0m [34mDEBUG[0m [2mhyper::proto::h1::io[0m[2m:[0m flushed 172 bytes
[2m2025-12-10T10:12:46.938122Z[0m [34mDEBUG[0m [2mhyper::proto::h1::io[0m[2m:[0m flushed 250 bytes
[2m2025-12-10T10:12:46.941769Z[0m [34mDEBUG[0m [2mhyper::proto::h1::io[0m[2m:[0m parsed 4 headers
[2m2025-12-10T10:12:46.941780Z[0m [34mDEBUG[0m [2mhyper::proto::h1::conn[0m[2m:[0m incoming body is content-length (45 bytes)
[2m2025-12-10T10:12:46.941786Z[0m [34mDEBUG[0m [2mhyper::proto::h1::conn[0m[2m:[0m incoming body completed
[2m2025-12-10T10:12:46.941795Z[0m [34mDEBUG[0m [2mhyper::client::pool[0m[2m:[0m pooling idle connection for ("http", 192.168.0.14:8545)
[2m2025-12-10T10:12:46.942869Z[0m [34mDEBUG[0m [2mhyper::proto::h1::io[0m[2m:[0m parsed 4 headers
[2m2025-12-10T10:12:46.942891Z[0m [34mDEBUG[0m [2mhyper::proto::h1::conn[0m[2m:[0m incoming body is content-length (778 bytes)
[2m2025-12-10T10:12:46.942910Z[0m [34mDEBUG[0m [2mhyper::proto::h1::conn[0m[2m:[0m incoming body completed
[2m2025-12-10T10:12:46.942933Z[0m [34mDEBUG[0m [2mhyper::client::pool[0m[2m:[0m pooling idle connection for ("http", 192.168.0.14:8545)
[2m2025-12-10T10:12:46.942938Z[0m [34mDEBUG[0m [2methereum_transaction_pool_monitor::eth_client[0m[2m:[0m 📡 Transaction fetch RPC completed in 4.841375ms
[2m2025-12-10T10:12:46.942956Z[0m [34mDEBUG[0m [2methereum_transaction_pool_monitor::eth_client[0m[2m:[0m DeFi transaction detected - Address: 0xdac17f958d2ee523a2206206994597c13d831ec7, Type: Stablecoin, Value: 0 ETH, Gas: 127.50 Gwei
[2m2025-12-10T10:12:46.942970Z[0m [34mDEBUG[0m [2methereum_transaction_pool_monitor::eth_client[0m[2m:[0m ✅ Transaction 0xac18be54b676ec7d67b55e35acf9a5e527b2ca7d8b209a5aa20409a6311d0a9f fetched and parsed in 4.872625ms
[2m2025-12-10T10:12:46.942975Z[0m [34mDEBUG[0m [2methereum_transaction_pool_monitor::mempool_monitor[0m[2m:[0m 🔍 Skipping tx 0xac18be54b676ec7d67b55e35acf9a5e527b2ca7d8b209a5aa20409a6311d0a9f - not a DEX interaction (target: 0xdAC17F958D2ee523a2206206994597C13D831ec7)
[2m2025-12-10T10:12:46.942983Z[0m [34mDEBUG[0m [2methereum_transaction_pool_monitor::mempool_monitor[0m[2m:[0m 📨 Processing new pending transaction: 0x7284a9c24d896aa6364ff102e17bddf8e7a676d7b88931833f9b8927a8c47ab6
[2m2025-12-10T10:12:46.942987Z[0m [34mDEBUG[0m [2methereum_transaction_pool_monitor::mempool_monitor[0m[2m:[0m 🔍 Fetching transaction details for: 0x7284a9c24d896aa6364ff102e17bddf8e7a676d7b88931833f9b8927a8c47ab6
[2m2025-12-10T10:12:46.942991Z[0m [34mDEBUG[0m [2methereum_transaction_pool_monitor::eth_client[0m[2m:[0m 🔍 Fetching transaction details for hash: 0x7284a9c24d896aa6364ff102e17bddf8e7a676d7b88931833f9b8927a8c47ab6
[2m2025-12-10T10:12:46.943007Z[0m [34mDEBUG[0m [2mhyper::client::pool[0m[2m:[0m reuse idle connection for ("http", 192.168.0.14:8545)
[2m2025-12-10T10:12:46.943033Z[0m [34mDEBUG[0m [2mhyper::proto::h1::io[0m[2m:[0m flushed 250 bytes
[2m2025-12-10T10:12:46.947727Z[0m [34mDEBUG[0m [2mhyper::proto::h1::io[0m[2m:[0m parsed 4 headers
[2m2025-12-10T10:12:46.950953Z[0m [34mDEBUG[0m [2mhyper::proto::h1::conn[0m[2m:[0m incoming body is content-length (656 bytes)
[2m2025-12-10T10:12:46.950968Z[0m [34mDEBUG[0m [2mhyper::proto::h1::conn[0m[2m:[0m incoming body completed
[2m2025-12-10T10:12:46.950983Z[0m [34mDEBUG[0m [2mhyper::client::pool[0m[2m:[0m pooling idle connection for ("http", 192.168.0.14:8545)
[2m2025-12-10T10:12:46.950992Z[0m [34mDEBUG[0m [2methereum_transaction_pool_monitor::eth_client[0m[2m:[0m 📡 Transaction fetch RPC completed in 7.996583ms
[2m2025-12-10T10:12:47.022809Z[0m [34mDEBUG[0m [2methereum_transaction_pool_monitor::eth_client[0m[2m:[0m ✅ Transaction 0x7284a9c24d896aa6364ff102e17bddf8e7a676d7b88931833f9b8927a8c47ab6 fetched and parsed in 79.811ms
[2m2025-12-10T10:12:47.022839Z[0m [34mDEBUG[0m [2methereum_transaction_pool_monitor::mempool_monitor[0m[2m:[0m 🔍 Skipping tx 0x7284a9c24d896aa6364ff102e17bddf8e7a676d7b88931833f9b8927a8c47ab6 - not a DEX interaction (target: 0x8699Da93BBe0C2Ba96Fd2CFB7290A381DFcA235D)
[2m2025-12-10T10:12:47.022851Z[0m [34mDEBUG[0m [2methereum_transaction_pool_monitor::mempool_monitor[0m[2m:[0m 📨 Processing new pending transaction: 0xe13ee6d3ab62aa1c19583d9c9b2e0b7ffe2aaace2430366b463754841170bdeb
[2m2025-12-10T10:12:47.022861Z[0m [34mDEBUG[0m [2methereum_transaction_pool_monitor::mempool_monitor[0m[2m:[0m 🔍 Fetching transaction details for: 0xe13ee6d3ab62aa1c19583d9c9b2e0b7ffe2aaace2430366b463754841170bdeb
[2m2025-12-10T10:12:47.022868Z[0m [34mDEBUG[0m [2methereum_transaction_pool_monitor::eth_client[0m[2m:[0m 🔍 Fetching transaction details for hash: 0xe13ee6d3ab62aa1c19583d9c9b2e0b7ffe2aaace2430366b463754841170bdeb
[2m2025-12-10T10:12:47.022888Z[0m [34mDEBUG[0m [2mhyper::client::pool[0m[2m:[0m reuse idle connection for ("http", 192.168.0.14:8545)
[2m2025-12-10T10:12:47.022932Z[0m [34mDEBUG[0m [2mhyper::proto::h1::io[0m[2m:[0m flushed 250 bytes
[2m2025-12-10T10:12:47.022959Z[0m [34mDEBUG[0m [2mhyper::client::pool[0m[2m:[0m reuse idle connection for ("http", 192.168.0.14:8545)
[2m2025-12-10T10:12:47.022975Z[0m [34mDEBUG[0m [2mhyper::proto::h1::io[0m[2m:[0m flushed 172 bytes
[2m2025-12-10T10:12:47.023011Z[0m [34mDEBUG[0m [2methereum_transaction_pool_monitor::eth_client[0m[2m:[0m 📨 Received WebSocket message: {"jsonrpc":"2.0","method":"eth_subscription","params":{"subscription":"0xbed0a0851463e895960a451075a301a9","result":"0xa96f56e7a6c01f9852fa4b9ba3ba570b517a961442ed7be9022c71ddd9e3140c"}}
[2m2025-12-10T10:12:47.023021Z[0m [34mDEBUG[0m [2methereum_transaction_pool_monitor::eth_client[0m[2m:[0m 📨 Received pending transaction: 0xa96f56e7a6c01f9852fa4b9ba3ba570b517a961442ed7be9022c71ddd9e3140c
[2m2025-12-10T10:12:47.026792Z[0m [34mDEBUG[0m [2mhyper::proto::h1::io[0m[2m:[0m parsed 4 headers
[2m2025-12-10T10:12:47.026800Z[0m [34mDEBUG[0m [2mhyper::proto::h1::conn[0m[2m:[0m incoming body is content-length (45 bytes)
[2m2025-12-10T10:12:47.026807Z[0m [34mDEBUG[0m [2mhyper::proto::h1::conn[0m[2m:[0m incoming body completed
[2m2025-12-10T10:12:47.026816Z[0m [34mDEBUG[0m [2mhyper::client::pool[0m[2m:[0m pooling idle connection for ("http", 192.168.0.14:8545)
[2m2025-12-10T10:12:47.027081Z[0m [34mDEBUG[0m [2mhyper::proto::h1::io[0m[2m:[0m parsed 4 headers
[2m2025-12-10T10:12:47.027088Z[0m [34mDEBUG[0m [2mhyper::proto::h1::conn[0m[2m:[0m incoming body is content-length (778 bytes)
[2m2025-12-10T10:12:47.027093Z[0m [34mDEBUG[0m [2mhyper::proto::h1::conn[0m[2m:[0m incoming body completed
[2m2025-12-10T10:12:47.027100Z[0m [34mDEBUG[0m [2mhyper::client::pool[0m[2m:[0m pooling idle connection for ("http", 192.168.0.14:8545)
[2m2025-12-10T10:12:47.027105Z[0m [34mDEBUG[0m [2methereum_transaction_pool_monitor::eth_client[0m[2m:[0m 📡 Transaction fetch RPC completed in 4.230625ms
[2m2025-12-10T10:12:47.098859Z[0m [34mDEBUG[0m [2methereum_transaction_pool_monitor::eth_client[0m[2m:[0m ✅ Transaction 0xe13ee6d3ab62aa1c19583d9c9b2e0b7ffe2aaace2430366b463754841170bdeb fetched and parsed in 75.981958ms
[2m2025-12-10T10:12:47.098886Z[0m [34mDEBUG[0m [2methereum_transaction_pool_monitor::mempool_monitor[0m[2m:[0m 🔍 Skipping tx 0xe13ee6d3ab62aa1c19583d9c9b2e0b7ffe2aaace2430366b463754841170bdeb - not a DEX interaction (target: 0x808507121B80c02388fAd14726482e061B8da827)
[2m2025-12-10T10:12:47.098897Z[0m [34mDEBUG[0m [2methereum_transaction_pool_monitor::mempool_monitor[0m[2m:[0m 📨 Processing new pending transaction: 0xa96f56e7a6c01f9852fa4b9ba3ba570b517a961442ed7be9022c71ddd9e3140c
[2m2025-12-10T10:12:47.098904Z[0m [34mDEBUG[0m [2methereum_transaction_pool_monitor::mempool_monitor[0m[2m:[0m 🔍 Fetching transaction details for: 0xa96f56e7a6c01f9852fa4b9ba3ba570b517a961442ed7be9022c71ddd9e3140c
[2m2025-12-10T10:12:47.098909Z[0m [34mDEBUG[0m [2methereum_transaction_pool_monitor::eth_client[0m[2m:[0m 🔍 Fetching transaction details for hash: 0xa96f56e7a6c01f9852fa4b9ba3ba570b517a961442ed7be9022c71ddd9e3140c
[2m2025-12-10T10:12:47.098930Z[0m [34mDEBUG[0m [2mhyper::client::pool[0m[2m:[0m reuse idle connection for ("http", 192.168.0.14:8545)
[2m2025-12-10T10:12:47.098981Z[0m [34mDEBUG[0m [2mhyper::proto::h1::io[0m[2m:[0m flushed 250 bytes
[2m2025-12-10T10:12:47.099000Z[0m [34mDEBUG[0m [2mhyper::client::pool[0m[2m:[0m reuse idle connection for ("http", 192.168.0.14:8545)
[2m2025-12-10T10:12:47.099014Z[0m [34mDEBUG[0m [2mhyper::proto::h1::io[0m[2m:[0m flushed 172 bytes
[2m2025-12-10T10:12:47.099049Z[0m [34mDEBUG[0m [2methereum_transaction_pool_monitor::eth_client[0m[2m:[0m 📨 Received WebSocket message: {"jsonrpc":"2.0","method":"eth_subscription","params":{"subscription":"0xbed0a0851463e895960a451075a301a9","result":"0xa01c2d9e3b139a65be896ee81cf5a6b397a168ed22bcca94b0dd3c225e9aa7e0"}}
[2m2025-12-10T10:12:47.099060Z[0m [34mDEBUG[0m [2methereum_transaction_pool_monitor::eth_client[0m[2m:[0m 📨 Received pending transaction: 0xa01c2d9e3b139a65be896ee81cf5a6b397a168ed22bcca94b0dd3c225e9aa7e0
[2m2025-12-10T10:12:47.102675Z[0m [34mDEBUG[0m [2mhyper::proto::h1::io[0m[2m:[0m parsed 4 headers
[2m2025-12-10T10:12:47.102689Z[0m [34mDEBUG[0m [2mhyper::proto::h1::conn[0m[2m:[0m incoming body is content-length (45 bytes)
[2m2025-12-10T10:12:47.102697Z[0m [34mDEBUG[0m [2mhyper::proto::h1::conn[0m[2m:[0m incoming body completed
[2m2025-12-10T10:12:47.102706Z[0m [34mDEBUG[0m [2mhyper::client::pool[0m[2m:[0m pooling idle connection for ("http", 192.168.0.14:8545)
[2m2025-12-10T10:12:47.103320Z[0m [34mDEBUG[0m [2mhyper::proto::h1::io[0m[2m:[0m parsed 4 headers
[2m2025-12-10T10:12:47.103328Z[0m [34mDEBUG[0m [2mhyper::proto::h1::conn[0m[2m:[0m incoming body is content-length (680 bytes)
[2m2025-12-10T10:12:47.103335Z[0m [34mDEBUG[0m [2mhyper::proto::h1::conn[0m[2m:[0m incoming body completed
[2m2025-12-10T10:12:47.103341Z[0m [34mDEBUG[0m [2mhyper::client::pool[0m[2m:[0m pooling idle connection for ("http", 192.168.0.14:8545)
[2m2025-12-10T10:12:47.103347Z[0m [34mDEBUG[0m [2methereum_transaction_pool_monitor::eth_client[0m[2m:[0m 📡 Transaction fetch RPC completed in 4.43175ms
[2m2025-12-10T10:12:47.103359Z[0m [34mDEBUG[0m [2methereum_transaction_pool_monitor::eth_client[0m[2m:[0m DeFi transaction detected - Address: 0xdac17f958d2ee523a2206206994597c13d831ec7, Type: Stablecoin, Value: 0 ETH, Gas: 1.00 Gwei
[2m2025-12-10T10:12:47.103374Z[0m [34mDEBUG[0m [2methereum_transaction_pool_monitor::eth_client[0m[2m:[0m ✅ Transaction 0xa96f56e7a6c01f9852fa4b9ba3ba570b517a961442ed7be9022c71ddd9e3140c fetched and parsed in 4.458417ms
[2m2025-12-10T10:12:47.103382Z[0m [34mDEBUG[0m [2methereum_transaction_pool_monitor::mempool_monitor[0m[2m:[0m 🔍 Skipping tx 0xa96f56e7a6c01f9852fa4b9ba3ba570b517a961442ed7be9022c71ddd9e3140c - not a DEX interaction (target: 0xdAC17F958D2ee523a2206206994597C13D831ec7)
[2m2025-12-10T10:12:47.103388Z[0m [34mDEBUG[0m [2methereum_transaction_pool_monitor::mempool_monitor[0m[2m:[0m 📨 Processing new pending transaction: 0xa01c2d9e3b139a65be896ee81cf5a6b397a168ed22bcca94b0dd3c225e9aa7e0
[2m2025-12-10T10:12:47.103395Z[0m [34mDEBUG[0m [2methereum_transaction_pool_monitor::mempool_monitor[0m[2m:[0m 🔍 Fetching transaction details for: 0xa01c2d9e3b139a65be896ee81cf5a6b397a168ed22bcca94b0dd3c225e9aa7e0
[2m2025-12-10T10:12:47.103399Z[0m [34mDEBUG[0m [2methereum_transaction_pool_monitor::eth_client[0m[2m:[0m 🔍 Fetching transaction details for hash: 0xa01c2d9e3b139a65be896ee81cf5a6b397a168ed22bcca94b0dd3c225e9aa7e0
[2m2025-12-10T10:12:47.103410Z[0m [34mDEBUG[0m [2mhyper::client::pool[0m[2m:[0m reuse idle connection for ("http", 192.168.0.14:8545)
[2m2025-12-10T10:12:47.103432Z[0m [34mDEBUG[0m [2mhyper::proto::h1::io[0m[2m:[0m flushed 250 bytes
[2m2025-12-10T10:12:47.108270Z[0m [34mDEBUG[0m [2mhyper::proto::h1::io[0m[2m:[0m parsed 4 headers
[2m2025-12-10T10:12:47.108277Z[0m [34mDEBUG[0m [2mhyper::proto::h1::conn[0m[2m:[0m incoming body is content-length (773 bytes)
[2m2025-12-10T10:12:47.108281Z[0m [34mDEBUG[0m [2mhyper::proto::h1::conn[0m[2m:[0m incoming body completed
[2m2025-12-10T10:12:47.108286Z[0m [34mDEBUG[0m [2mhyper::client::pool[0m[2m:[0m pooling idle connection for ("http", 192.168.0.14:8545)
[2m2025-12-10T10:12:47.108291Z[0m [34mDEBUG[0m [2methereum_transaction_pool_monitor::eth_client[0m[2m:[0m 📡 Transaction fetch RPC completed in 4.888375ms
[2m2025-12-10T10:12:47.179542Z[0m [34mDEBUG[0m [2methereum_transaction_pool_monitor::eth_client[0m[2m:[0m ✅ Transaction 0xa01c2d9e3b139a65be896ee81cf5a6b397a168ed22bcca94b0dd3c225e9aa7e0 fetched and parsed in 76.136334ms
[2m2025-12-10T10:12:47.179572Z[0m [34mDEBUG[0m [2methereum_transaction_pool_monitor::mempool_monitor[0m[2m:[0m 🔍 Skipping tx 0xa01c2d9e3b139a65be896ee81cf5a6b397a168ed22bcca94b0dd3c225e9aa7e0 - not a DEX interaction (target: 0xA0b86991c6218b36c1d19D4a2e9Eb0cE3606eB48)
[2m2025-12-10T10:12:47.179633Z[0m [34mDEBUG[0m [2methereum_transaction_pool_monitor::eth_client[0m[2m:[0m 📨 Received WebSocket message: {"jsonrpc":"2.0","method":"eth_subscription","params":{"subscription":"0xbed0a0851463e895960a451075a301a9","result":"0x275561f68805b1d009d1902cc0b701fc286f8241fdf6216120921f1b78f75bac"}}
[2m2025-12-10T10:12:47.179644Z[0m [34mDEBUG[0m [2methereum_transaction_pool_monitor::eth_client[0m[2m:[0m 📨 Received pending transaction: 0x275561f68805b1d009d1902cc0b701fc286f8241fdf6216120921f1b78f75bac
[2m2025-12-10T10:12:47.179658Z[0m [34mDEBUG[0m [2methereum_transaction_pool_monitor::mempool_monitor[0m[2m:[0m 📨 Processing new pending transaction: 0x275561f68805b1d009d1902cc0b701fc286f8241fdf6216120921f1b78f75bac
[2m2025-12-10T10:12:47.179676Z[0m [34mDEBUG[0m [2methereum_transaction_pool_monitor::mempool_monitor[0m[2m:[0m 🔍 Fetching transaction details for: 0x275561f68805b1d009d1902cc0b701fc286f8241fdf6216120921f1b78f75bac
[2m2025-12-10T10:12:47.179685Z[0m [34mDEBUG[0m [2methereum_transaction_pool_monitor::eth_client[0m[2m:[0m 🔍 Fetching transaction details for hash: 0x275561f68805b1d009d1902cc0b701fc286f8241fdf6216120921f1b78f75bac
[2m2025-12-10T10:12:47.179708Z[0m [34mDEBUG[0m [2mhyper::client::pool[0m[2m:[0m reuse idle connection for ("http", 192.168.0.14:8545)
[2m2025-12-10T10:12:47.179735Z[0m [34mDEBUG[0m [2mhyper::proto::h1::io[0m[2m:[0m flushed 250 bytes
[2m2025-12-10T10:12:47.191542Z[0m [34mDEBUG[0m [2mhyper::proto::h1::io[0m[2m:[0m parsed 4 headers
[2m2025-12-10T10:12:47.191553Z[0m [34mDEBUG[0m [2mhyper::proto::h1::conn[0m[2m:[0m incoming body is content-length (551 bytes)
[2m2025-12-10T10:12:47.191562Z[0m [34mDEBUG[0m [2mhyper::proto::h1::conn[0m[2m:[0m incoming body completed
[2m2025-12-10T10:12:47.191571Z[0m [34mDEBUG[0m [2mhyper::client::pool[0m[2m:[0m pooling idle connection for ("http", 192.168.0.14:8545)
[2m2025-12-10T10:12:47.191578Z[0m [34mDEBUG[0m [2methereum_transaction_pool_monitor::eth_client[0m[2m:[0m 📡 Transaction fetch RPC completed in 11.884666ms
[2m2025-12-10T10:12:47.263976Z[0m [34mDEBUG[0m [2methereum_transaction_pool_monitor::eth_client[0m[2m:[0m ✅ Transaction 0x275561f68805b1d009d1902cc0b701fc286f8241fdf6216120921f1b78f75bac fetched and parsed in 84.280125ms
[2m2025-12-10T10:12:47.264004Z[0m [34mDEBUG[0m [2methereum_transaction_pool_monitor::mempool_monitor[0m[2m:[0m 🔍 Skipping tx 0x275561f68805b1d009d1902cc0b701fc286f8241fdf6216120921f1b78f75bac - not a DEX interaction (target: 0xEbA88149813BEc1cCcccFDb0daCEFaaa5DE94cB1)
[2m2025-12-10T10:12:47.264052Z[0m [34mDEBUG[0m [2mhyper::client::pool[0m[2m:[0m reuse idle connection for ("http", 192.168.0.14:8545)
[2m2025-12-10T10:12:47.264103Z[0m [34mDEBUG[0m [2mhyper::proto::h1::io[0m[2m:[0m flushed 172 bytes
[2m2025-12-10T10:12:47.267305Z[0m [34mDEBUG[0m [2mhyper::proto::h1::io[0m[2m:[0m parsed 4 headers
[2m2025-12-10T10:12:47.267317Z[0m [34mDEBUG[0m [2mhyper::proto::h1::conn[0m[2m:[0m incoming body is content-length (45 bytes)
[2m2025-12-10T10:12:47.267325Z[0m [34mDEBUG[0m [2mhyper::proto::h1::conn[0m[2m:[0m incoming body completed
[2m2025-12-10T10:12:47.267333Z[0m [34mDEBUG[0m [2mhyper::client::pool[0m[2m:[0m pooling idle connection for ("http", 192.168.0.14:8545)
[2m2025-12-10T10:12:47.294335Z[0m [34mDEBUG[0m [2methereum_transaction_pool_monitor::eth_client[0m[2m:[0m 📨 Received WebSocket message: {"jsonrpc":"2.0","method":"eth_subscription","params":{"subscription":"0xbed0a0851463e895960a451075a301a9","result":"0xc5a7b94b740a9c91cc0727033207873b09577b977868b89bd02a507eda6ba37a"}}
[2m2025-12-10T10:12:47.294353Z[0m [34mDEBUG[0m [2methereum_transaction_pool_monitor::eth_client[0m[2m:[0m 📨 Received pending transaction: 0xc5a7b94b740a9c91cc0727033207873b09577b977868b89bd02a507eda6ba37a
[2m2025-12-10T10:12:47.294364Z[0m [34mDEBUG[0m [2methereum_transaction_pool_monitor::mempool_monitor[0m[2m:[0m 📨 Processing new pending transaction: 0xc5a7b94b740a9c91cc0727033207873b09577b977868b89bd02a507eda6ba37a
[2m2025-12-10T10:12:47.294372Z[0m [34mDEBUG[0m [2methereum_transaction_pool_monitor::mempool_monitor[0m[2m:[0m 🔍 Fetching transaction details for: 0xc5a7b94b740a9c91cc0727033207873b09577b977868b89bd02a507eda6ba37a
[2m2025-12-10T10:12:47.294377Z[0m [34mDEBUG[0m [2methereum_transaction_pool_monitor::eth_client[0m[2m:[0m 🔍 Fetching transaction details for hash: 0xc5a7b94b740a9c91cc0727033207873b09577b977868b89bd02a507eda6ba37a
[2m2025-12-10T10:12:47.294396Z[0m [34mDEBUG[0m [2mhyper::client::pool[0m[2m:[0m reuse idle connection for ("http", 192.168.0.14:8545)
[2m2025-12-10T10:12:47.294419Z[0m [34mDEBUG[0m [2mhyper::proto::h1::io[0m[2m:[0m flushed 250 bytes
[2m2025-12-10T10:12:47.299413Z[0m [34mDEBUG[0m [2mhyper::client::pool[0m[2m:[0m reuse idle connection for ("http", 192.168.0.14:8545)
[2m2025-12-10T10:12:47.299434Z[0m [34mDEBUG[0m [2mhyper::proto::h1::io[0m[2m:[0m parsed 4 headers
[2m2025-12-10T10:12:47.299456Z[0m [34mDEBUG[0m [2mhyper::proto::h1::conn[0m[2m:[0m incoming body is content-length (772 bytes)
[2m2025-12-10T10:12:47.299468Z[0m [34mDEBUG[0m [2mhyper::proto::h1::conn[0m[2m:[0m incoming body completed
[2m2025-12-10T10:12:47.299471Z[0m [34mDEBUG[0m [2mhyper::proto::h1::io[0m[2m:[0m flushed 172 bytes
[2m2025-12-10T10:12:47.299479Z[0m [34mDEBUG[0m [2mhyper::client::pool[0m[2m:[0m pooling idle connection for ("http", 192.168.0.14:8545)
[2m2025-12-10T10:12:47.299487Z[0m [34mDEBUG[0m [2methereum_transaction_pool_monitor::eth_client[0m[2m:[0m 📡 Transaction fetch RPC completed in 5.10625ms
[2m2025-12-10T10:12:47.299507Z[0m [34mDEBUG[0m [2methereum_transaction_pool_monitor::eth_client[0m[2m:[0m DeFi transaction detected - Address: 0xdac17f958d2ee523a2206206994597c13d831ec7, Type: Stablecoin, Value: 0 ETH, Gas: 0.28 Gwei
[2m2025-12-10T10:12:47.299522Z[0m [34mDEBUG[0m [2methereum_transaction_pool_monitor::eth_client[0m[2m:[0m ✅ Transaction 0xc5a7b94b740a9c91cc0727033207873b09577b977868b89bd02a507eda6ba37a fetched and parsed in 5.14125ms
[2m2025-12-10T10:12:47.299529Z[0m [34mDEBUG[0m [2methereum_transaction_pool_monitor::mempool_monitor[0m[2m:[0m 🔍 Skipping tx 0xc5a7b94b740a9c91cc0727033207873b09577b977868b89bd02a507eda6ba37a - not a DEX interaction (target: 0xdAC17F958D2ee523a2206206994597C13D831ec7)
[2m2025-12-10T10:12:47.306460Z[0m [34mDEBUG[0m [2mhyper::proto::h1::io[0m[2m:[0m parsed 4 headers
[2m2025-12-10T10:12:47.306469Z[0m [34mDEBUG[0m [2mhyper::proto::h1::conn[0m[2m:[0m incoming body is content-length (45 bytes)
[2m2025-12-10T10:12:47.306476Z[0m [34mDEBUG[0m [2mhyper::proto::h1::conn[0m[2m:[0m incoming body completed
[2m2025-12-10T10:12:47.306485Z[0m [34mDEBUG[0m [2mhyper::client::pool[0m[2m:[0m pooling idle connection for ("http", 192.168.0.14:8545)
[2m2025-12-10T10:12:47.355505Z[0m [34mDEBUG[0m [2methereum_transaction_pool_monitor::eth_client[0m[2m:[0m 📨 Received WebSocket message: {"jsonrpc":"2.0","method":"eth_subscription","params":{"subscription":"0xbed0a0851463e895960a451075a301a9","result":"0x279ad12a174c3434b00db86b1f722846a18fbee1c705a11d27320f000b20e2ad"}}
[2m2025-12-10T10:12:47.355543Z[0m [34mDEBUG[0m [2methereum_transaction_pool_monitor::eth_client[0m[2m:[0m 📨 Received pending transaction: 0x279ad12a174c3434b00db86b1f722846a18fbee1c705a11d27320f000b20e2ad
[2m2025-12-10T10:12:47.355555Z[0m [34mDEBUG[0m [2methereum_transaction_pool_monitor::mempool_monitor[0m[2m:[0m 📨 Processing new pending transaction: 0x279ad12a174c3434b00db86b1f722846a18fbee1c705a11d27320f000b20e2ad
[2m2025-12-10T10:12:47.355561Z[0m [34mDEBUG[0m [2methereum_transaction_pool_monitor::mempool_monitor[0m[2m:[0m 🔍 Fetching transaction details for: 0x279ad12a174c3434b00db86b1f722846a18fbee1c705a11d27320f000b20e2ad
[2m2025-12-10T10:12:47.355567Z[0m [34mDEBUG[0m [2methereum_transaction_pool_monitor::eth_client[0m[2m:[0m 🔍 Fetching transaction details for hash: 0x279ad12a174c3434b00db86b1f722846a18fbee1c705a11d27320f000b20e2ad
[2m2025-12-10T10:12:47.355591Z[0m [34mDEBUG[0m [2mhyper::client::pool[0m[2m:[0m reuse idle connection for ("http", 192.168.0.14:8545)
[2m2025-12-10T10:12:47.355625Z[0m [34mDEBUG[0m [2mhyper::proto::h1::io[0m[2m:[0m flushed 250 bytes
[2m2025-12-10T10:12:47.364774Z[0m [34mDEBUG[0m [2mhyper::proto::h1::io[0m[2m:[0m parsed 4 headers
[2m2025-12-10T10:12:47.364806Z[0m [34mDEBUG[0m [2mhyper::proto::h1::conn[0m[2m:[0m incoming body is content-length (830 bytes)
[2m2025-12-10T10:12:47.364820Z[0m [34mDEBUG[0m [2mhyper::proto::h1::conn[0m[2m:[0m incoming body completed
[2m2025-12-10T10:12:47.364849Z[0m [34mDEBUG[0m [2mhyper::client::pool[0m[2m:[0m pooling idle connection for ("http", 192.168.0.14:8545)
[2m2025-12-10T10:12:47.364860Z[0m [34mDEBUG[0m [2methereum_transaction_pool_monitor::eth_client[0m[2m:[0m 📡 Transaction fetch RPC completed in 9.287417ms
[2m2025-12-10T10:12:47.441068Z[0m [34mDEBUG[0m [2methereum_transaction_pool_monitor::eth_client[0m[2m:[0m ✅ Transaction 0x279ad12a174c3434b00db86b1f722846a18fbee1c705a11d27320f000b20e2ad fetched and parsed in 85.49225ms
[2m2025-12-10T10:12:47.441204Z[0m [34mDEBUG[0m [2methereum_transaction_pool_monitor::mempool_monitor[0m[2m:[0m 🔍 Skipping tx 0x279ad12a174c3434b00db86b1f722846a18fbee1c705a11d27320f000b20e2ad - not a DEX interaction (target: 0x3B4D794a66304F130a4Db8F2551B0070dfCf5ca7)
[2m2025-12-10T10:12:47.441242Z[0m [34mDEBUG[0m [2mhyper::client::pool[0m[2m:[0m reuse idle connection for ("http", 192.168.0.14:8545)
[2m2025-12-10T10:12:47.441258Z[0m [34mDEBUG[0m [2methereum_transaction_pool_monitor::eth_client[0m[2m:[0m 📨 Received WebSocket message: {"jsonrpc":"2.0","method":"eth_subscription","params":{"subscription":"0xbed0a0851463e895960a451075a301a9","result":"0xd0e2d542e2ce7b9d638b2de2ca7f2527937a29de8926a564f38055292d5829a1"}}
[2m2025-12-10T10:12:47.441265Z[0m [34mDEBUG[0m [2mhyper::proto::h1::io[0m[2m:[0m flushed 172 bytes
[2m2025-12-10T10:12:47.441269Z[0m [34mDEBUG[0m [2methereum_transaction_pool_monitor::eth_client[0m[2m:[0m 📨 Received pending transaction: 0xd0e2d542e2ce7b9d638b2de2ca7f2527937a29de8926a564f38055292d5829a1
[2m2025-12-10T10:12:47.441277Z[0m [34mDEBUG[0m [2methereum_transaction_pool_monitor::eth_client[0m[2m:[0m 📨 Received WebSocket message: {"jsonrpc":"2.0","method":"eth_subscription","params":{"subscription":"0xbed0a0851463e895960a451075a301a9","result":"0x45d3e4c09b6667d06e1c1b6284e37e79ebebe680400bada789f225128312b1ca"}}
[2m2025-12-10T10:12:47.441284Z[0m [34mDEBUG[0m [2methereum_transaction_pool_monitor::eth_client[0m[2m:[0m 📨 Received pending transaction: 0x45d3e4c09b6667d06e1c1b6284e37e79ebebe680400bada789f225128312b1ca
[2m2025-12-10T10:12:47.441292Z[0m [34mDEBUG[0m [2methereum_transaction_pool_monitor::mempool_monitor[0m[2m:[0m 📨 Processing new pending transaction: 0xd0e2d542e2ce7b9d638b2de2ca7f2527937a29de8926a564f38055292d5829a1
[2m2025-12-10T10:12:47.441299Z[0m [34mDEBUG[0m [2methereum_transaction_pool_monitor::mempool_monitor[0m[2m:[0m 🔍 Fetching transaction details for: 0xd0e2d542e2ce7b9d638b2de2ca7f2527937a29de8926a564f38055292d5829a1
[2m2025-12-10T10:12:47.441305Z[0m [34mDEBUG[0m [2methereum_transaction_pool_monitor::eth_client[0m[2m:[0m 🔍 Fetching transaction details for hash: 0xd0e2d542e2ce7b9d638b2de2ca7f2527937a29de8926a564f38055292d5829a1
[2m2025-12-10T10:12:47.441313Z[0m [34mDEBUG[0m [2mhyper::client::pool[0m[2m:[0m reuse idle connection for ("http", 192.168.0.14:8545)
[2m2025-12-10T10:12:47.441327Z[0m [34mDEBUG[0m [2mhyper::proto::h1::io[0m[2m:[0m flushed 250 bytes
[2m2025-12-10T10:12:47.445164Z[0m [34mDEBUG[0m [2mhyper::proto::h1::io[0m[2m:[0m parsed 4 headers
[2m2025-12-10T10:12:47.445169Z[0m [34mDEBUG[0m [2mhyper::proto::h1::conn[0m[2m:[0m incoming body is content-length (45 bytes)
[2m2025-12-10T10:12:47.445178Z[0m [34mDEBUG[0m [2mhyper::proto::h1::conn[0m[2m:[0m incoming body completed
[2m2025-12-10T10:12:47.445189Z[0m [34mDEBUG[0m [2mhyper::client::pool[0m[2m:[0m pooling idle connection for ("http", 192.168.0.14:8545)
[2m2025-12-10T10:12:47.446580Z[0m [34mDEBUG[0m [2mhyper::proto::h1::io[0m[2m:[0m parsed 4 headers
[2m2025-12-10T10:12:47.446588Z[0m [34mDEBUG[0m [2mhyper::proto::h1::conn[0m[2m:[0m incoming body is content-length (778 bytes)
[2m2025-12-10T10:12:47.446595Z[0m [34mDEBUG[0m [2mhyper::proto::h1::conn[0m[2m:[0m incoming body completed
[2m2025-12-10T10:12:47.446603Z[0m [34mDEBUG[0m [2mhyper::client::pool[0m[2m:[0m pooling idle connection for ("http", 192.168.0.14:8545)
[2m2025-12-10T10:12:47.446609Z[0m [34mDEBUG[0m [2methereum_transaction_pool_monitor::eth_client[0m[2m:[0m 📡 Transaction fetch RPC completed in 5.299459ms
[2m2025-12-10T10:12:47.446630Z[0m [34mDEBUG[0m [2methereum_transaction_pool_monitor::eth_client[0m[2m:[0m DeFi transaction detected - Address: 0xdac17f958d2ee523a2206206994597c13d831ec7, Type: Stablecoin, Value: 0 ETH, Gas: 127.50 Gwei
[2m2025-12-10T10:12:47.446647Z[0m [34mDEBUG[0m [2methereum_transaction_pool_monitor::eth_client[0m[2m:[0m ✅ Transaction 0xd0e2d542e2ce7b9d638b2de2ca7f2527937a29de8926a564f38055292d5829a1 fetched and parsed in 5.336917ms
[2m2025-12-10T10:12:47.446652Z[0m [34mDEBUG[0m [2methereum_transaction_pool_monitor::mempool_monitor[0m[2m:[0m 🔍 Skipping tx 0xd0e2d542e2ce7b9d638b2de2ca7f2527937a29de8926a564f38055292d5829a1 - not a DEX interaction (target: 0xdAC17F958D2ee523a2206206994597C13D831ec7)
[2m2025-12-10T10:12:47.446658Z[0m [34mDEBUG[0m [2methereum_transaction_pool_monitor::mempool_monitor[0m[2m:[0m 📨 Processing new pending transaction: 0x45d3e4c09b6667d06e1c1b6284e37e79ebebe680400bada789f225128312b1ca
[2m2025-12-10T10:12:47.446662Z[0m [34mDEBUG[0m [2methereum_transaction_pool_monitor::mempool_monitor[0m[2m:[0m 🔍 Fetching transaction details for: 0x45d3e4c09b6667d06e1c1b6284e37e79ebebe680400bada789f225128312b1ca
[2m2025-12-10T10:12:47.446666Z[0m [34mDEBUG[0m [2methereum_transaction_pool_monitor::eth_client[0m[2m:[0m 🔍 Fetching transaction details for hash: 0x45d3e4c09b6667d06e1c1b6284e37e79ebebe680400bada789f225128312b1ca
[2m2025-12-10T10:12:47.446681Z[0m [34mDEBUG[0m [2mhyper::client::pool[0m[2m:[0m reuse idle connection for ("http", 192.168.0.14:8545)
[2m2025-12-10T10:12:47.446699Z[0m [34mDEBUG[0m [2mhyper::proto::h1::io[0m[2m:[0m flushed 250 bytes
[2m2025-12-10T10:12:47.451035Z[0m [34mDEBUG[0m [2mhyper::proto::h1::io[0m[2m:[0m parsed 4 headers
[2m2025-12-10T10:12:47.451057Z[0m [34mDEBUG[0m [2mhyper::proto::h1::conn[0m[2m:[0m incoming body is content-length (763 bytes)
[2m2025-12-10T10:12:47.451076Z[0m [34mDEBUG[0m [2mhyper::proto::h1::conn[0m[2m:[0m incoming body completed
[2m2025-12-10T10:12:47.451095Z[0m [34mDEBUG[0m [2mhyper::client::pool[0m[2m:[0m pooling idle connection for ("http", 192.168.0.14:8545)
[2m2025-12-10T10:12:47.451100Z[0m [34mDEBUG[0m [2methereum_transaction_pool_monitor::eth_client[0m[2m:[0m 📡 Transaction fetch RPC completed in 4.421833ms
[2m2025-12-10T10:12:47.522632Z[0m [34mDEBUG[0m [2methereum_transaction_pool_monitor::eth_client[0m[2m:[0m ✅ Transaction 0x45d3e4c09b6667d06e1c1b6284e37e79ebebe680400bada789f225128312b1ca fetched and parsed in 75.950666ms
[2m2025-12-10T10:12:47.522657Z[0m [34mDEBUG[0m [2methereum_transaction_pool_monitor::mempool_monitor[0m[2m:[0m 🔍 Skipping tx 0x45d3e4c09b6667d06e1c1b6284e37e79ebebe680400bada789f225128312b1ca - not a DEX interaction (target: 0xA0b86991c6218b36c1d19D4a2e9Eb0cE3606eB48)
[2m2025-12-10T10:12:47.522702Z[0m [34mDEBUG[0m [2mhyper::client::pool[0m[2m:[0m reuse idle connection for ("http", 192.168.0.14:8545)
[2m2025-12-10T10:12:47.522722Z[0m [34mDEBUG[0m [2mhyper::proto::h1::io[0m[2m:[0m flushed 172 bytes
[2m2025-12-10T10:12:47.523000Z[0m [34mDEBUG[0m [2methereum_transaction_pool_monitor::eth_client[0m[2m:[0m 📨 Received WebSocket message: {"jsonrpc":"2.0","method":"eth_subscription","params":{"subscription":"0xbed0a0851463e895960a451075a301a9","result":"0x3cfd501bebf19a8aa3cea7c371e00afea9cb51e12502dbf308bc4169c1bc843c"}}
[2m2025-12-10T10:12:47.523008Z[0m [34mDEBUG[0m [2methereum_transaction_pool_monitor::eth_client[0m[2m:[0m 📨 Received pending transaction: 0x3cfd501bebf19a8aa3cea7c371e00afea9cb51e12502dbf308bc4169c1bc843c
[2m2025-12-10T10:12:47.523014Z[0m [34mDEBUG[0m [2methereum_transaction_pool_monitor::mempool_monitor[0m[2m:[0m 📨 Processing new pending transaction: 0x3cfd501bebf19a8aa3cea7c371e00afea9cb51e12502dbf308bc4169c1bc843c
[2m2025-12-10T10:12:47.523019Z[0m [34mDEBUG[0m [2methereum_transaction_pool_monitor::mempool_monitor[0m[2m:[0m 🔍 Fetching transaction details for: 0x3cfd501bebf19a8aa3cea7c371e00afea9cb51e12502dbf308bc4169c1bc843c
[2m2025-12-10T10:12:47.523023Z[0m [34mDEBUG[0m [2methereum_transaction_pool_monitor::eth_client[0m[2m:[0m 🔍 Fetching transaction details for hash: 0x3cfd501bebf19a8aa3cea7c371e00afea9cb51e12502dbf308bc4169c1bc843c
[2m2025-12-10T10:12:47.523030Z[0m [34mDEBUG[0m [2mhyper::client::pool[0m[2m:[0m reuse idle connection for ("http", 192.168.0.14:8545)
[2m2025-12-10T10:12:47.523044Z[0m [34mDEBUG[0m [2mhyper::proto::h1::io[0m[2m:[0m flushed 250 bytes
[2m2025-12-10T10:12:47.526787Z[0m [34mDEBUG[0m [2mhyper::proto::h1::io[0m[2m:[0m parsed 4 headers
[2m2025-12-10T10:12:47.526792Z[0m [34mDEBUG[0m [2mhyper::proto::h1::conn[0m[2m:[0m incoming body is content-length (45 bytes)
[2m2025-12-10T10:12:47.526801Z[0m [34mDEBUG[0m [2mhyper::proto::h1::conn[0m[2m:[0m incoming body completed
[2m2025-12-10T10:12:47.526810Z[0m [34mDEBUG[0m [2mhyper::client::pool[0m[2m:[0m pooling idle connection for ("http", 192.168.0.14:8545)
[2m2025-12-10T10:12:47.528430Z[0m [34mDEBUG[0m [2mhyper::proto::h1::io[0m[2m:[0m parsed 4 headers
[2m2025-12-10T10:12:47.528437Z[0m [34mDEBUG[0m [2mhyper::proto::h1::conn[0m[2m:[0m incoming body is content-length (829 bytes)
[2m2025-12-10T10:12:47.528442Z[0m [34mDEBUG[0m [2mhyper::proto::h1::conn[0m[2m:[0m incoming body completed
[2m2025-12-10T10:12:47.528448Z[0m [34mDEBUG[0m [2mhyper::client::pool[0m[2m:[0m pooling idle connection for ("http", 192.168.0.14:8545)
[2m2025-12-10T10:12:47.528453Z[0m [34mDEBUG[0m [2methereum_transaction_pool_monitor::eth_client[0m[2m:[0m 📡 Transaction fetch RPC completed in 5.426042ms
[2m2025-12-10T10:12:47.598630Z[0m [34mDEBUG[0m [2methereum_transaction_pool_monitor::eth_client[0m[2m:[0m ✅ Transaction 0x3cfd501bebf19a8aa3cea7c371e00afea9cb51e12502dbf308bc4169c1bc843c fetched and parsed in 75.600959ms
[2m2025-12-10T10:12:47.598656Z[0m [34mDEBUG[0m [2methereum_transaction_pool_monitor::mempool_monitor[0m[2m:[0m 🔍 Skipping tx 0x3cfd501bebf19a8aa3cea7c371e00afea9cb51e12502dbf308bc4169c1bc843c - not a DEX interaction (target: 0x3B4D794a66304F130a4Db8F2551B0070dfCf5ca7)
[2m2025-12-10T10:12:47.598698Z[0m [34mDEBUG[0m [2mhyper::client::pool[0m[2m:[0m reuse idle connection for ("http", 192.168.0.14:8545)
[2m2025-12-10T10:12:47.598737Z[0m [34mDEBUG[0m [2mhyper::proto::h1::io[0m[2m:[0m flushed 172 bytes
[2m2025-12-10T10:12:47.601906Z[0m [34mDEBUG[0m [2mhyper::proto::h1::io[0m[2m:[0m parsed 4 headers
[2m2025-12-10T10:12:47.601929Z[0m [34mDEBUG[0m [2mhyper::proto::h1::conn[0m[2m:[0m incoming body is content-length (45 bytes)
[2m2025-12-10T10:12:47.601955Z[0m [34mDEBUG[0m [2mhyper::proto::h1::conn[0m[2m:[0m incoming body completed
[2m2025-12-10T10:12:47.601965Z[0m [34mDEBUG[0m [2mhyper::client::pool[0m[2m:[0m pooling idle connection for ("http", 192.168.0.14:8545)
[2m2025-12-10T10:12:47.700037Z[0m [34mDEBUG[0m [2mhyper::client::pool[0m[2m:[0m reuse idle connection for ("http", 192.168.0.14:8545)
[2m2025-12-10T10:12:47.700103Z[0m [34mDEBUG[0m [2mhyper::proto::h1::io[0m[2m:[0m flushed 172 bytes
[2m2025-12-10T10:12:47.729041Z[0m [34mDEBUG[0m [2mhyper::proto::h1::io[0m[2m:[0m parsed 4 headers
[2m2025-12-10T10:12:47.729056Z[0m [34mDEBUG[0m [2mhyper::proto::h1::conn[0m[2m:[0m incoming body is content-length (45 bytes)
[2m2025-12-10T10:12:47.729076Z[0m [34mDEBUG[0m [2mhyper::proto::h1::conn[0m[2m:[0m incoming body completed
[2m2025-12-10T10:12:47.729093Z[0m [34mDEBUG[0m [2mhyper::client::pool[0m[2m:[0m pooling idle connection for ("http", 192.168.0.14:8545)
[2m2025-12-10T10:12:47.798248Z[0m [34mDEBUG[0m [2mhyper::client::pool[0m[2m:[0m reuse idle connection for ("http", 192.168.0.14:8545)
[2m2025-12-10T10:12:47.798424Z[0m [34mDEBUG[0m [2mhyper::proto::h1::io[0m[2m:[0m flushed 172 bytes
[2m2025-12-10T10:12:47.842729Z[0m [34mDEBUG[0m [2methereum_transaction_pool_monitor::eth_client[0m[2m:[0m 📨 Received WebSocket message: {"jsonrpc":"2.0","method":"eth_subscription","params":{"subscription":"0xbed0a0851463e895960a451075a301a9","result":"0x44e71f42c89640cb87fe481853a20a80504b846e188fcec12cad75ea76391bf5"}}
[2m2025-12-10T10:12:47.842864Z[0m [34mDEBUG[0m [2methereum_transaction_pool_monitor::eth_client[0m[2m:[0m 📨 Received pending transaction: 0x44e71f42c89640cb87fe481853a20a80504b846e188fcec12cad75ea76391bf5
[2m2025-12-10T10:12:47.842902Z[0m [34mDEBUG[0m [2methereum_transaction_pool_monitor::eth_client[0m[2m:[0m 📨 Received WebSocket message: {"jsonrpc":"2.0","method":"eth_subscription","params":{"subscription":"0xbed0a0851463e895960a451075a301a9","result":"0x22dc1bd6dce334da2d3c91a82c81aeda964143b896d2cda539cb82306b81e1aa"}}
[2m2025-12-10T10:12:47.842928Z[0m [34mDEBUG[0m [2methereum_transaction_pool_monitor::eth_client[0m[2m:[0m 📨 Received pending transaction: 0x22dc1bd6dce334da2d3c91a82c81aeda964143b896d2cda539cb82306b81e1aa
[2m2025-12-10T10:12:47.842956Z[0m [34mDEBUG[0m [2methereum_transaction_pool_monitor::mempool_monitor[0m[2m:[0m 📨 Processing new pending transaction: 0x44e71f42c89640cb87fe481853a20a80504b846e188fcec12cad75ea76391bf5
[2m2025-12-10T10:12:47.842980Z[0m [34mDEBUG[0m [2methereum_transaction_pool_monitor::mempool_monitor[0m[2m:[0m 🔍 Fetching transaction details for: 0x44e71f42c89640cb87fe481853a20a80504b846e188fcec12cad75ea76391bf5
[2m2025-12-10T10:12:47.842999Z[0m [34mDEBUG[0m [2methereum_transaction_pool_monitor::eth_client[0m[2m:[0m 🔍 Fetching transaction details for hash: 0x44e71f42c89640cb87fe481853a20a80504b846e188fcec12cad75ea76391bf5
[2m2025-12-10T10:12:47.843085Z[0m [34mDEBUG[0m [2mhyper::client::pool[0m[2m:[0m reuse idle connection for ("http", 192.168.0.14:8545)
[2m2025-12-10T10:12:47.843247Z[0m [34mDEBUG[0m [2mhyper::proto::h1::io[0m[2m:[0m flushed 250 bytes
[2m2025-12-10T10:12:47.844060Z[0m [34mDEBUG[0m [2mhyper::proto::h1::io[0m[2m:[0m parsed 4 headers
[2m2025-12-10T10:12:47.844099Z[0m [34mDEBUG[0m [2mhyper::proto::h1::conn[0m[2m:[0m incoming body is content-length (45 bytes)
[2m2025-12-10T10:12:47.844128Z[0m [34mDEBUG[0m [2mhyper::proto::h1::conn[0m[2m:[0m incoming body completed
[2m2025-12-10T10:12:47.844165Z[0m [34mDEBUG[0m [2mhyper::client::pool[0m[2m:[0m pooling idle connection for ("http", 192.168.0.14:8545)
[2m2025-12-10T10:12:47.886062Z[0m [34mDEBUG[0m [2methereum_transaction_pool_monitor::eth_client[0m[2m:[0m 📨 Received WebSocket message: {"jsonrpc":"2.0","method":"eth_subscription","params":{"subscription":"0xbed0a0851463e895960a451075a301a9","result":"0x4560b2905d5a36baf1f28e1ce0ad9682395c3acce688a43e9f9858b724a4b2e0"}}
[2m2025-12-10T10:12:47.886150Z[0m [34mDEBUG[0m [2methereum_transaction_pool_monitor::eth_client[0m[2m:[0m 📨 Received pending transaction: 0x4560b2905d5a36baf1f28e1ce0ad9682395c3acce688a43e9f9858b724a4b2e0
[2m2025-12-10T10:12:47.889375Z[0m [34mDEBUG[0m [2mhyper::proto::h1::io[0m[2m:[0m parsed 4 headers
[2m2025-12-10T10:12:47.889426Z[0m [34mDEBUG[0m [2mhyper::proto::h1::conn[0m[2m:[0m incoming body is content-length (650 bytes)
[2m2025-12-10T10:12:47.889455Z[0m [34mDEBUG[0m [2mhyper::proto::h1::conn[0m[2m:[0m incoming body completed
[2m2025-12-10T10:12:47.889608Z[0m [34mDEBUG[0m [2mhyper::client::pool[0m[2m:[0m pooling idle connection for ("http", 192.168.0.14:8545)
[2m2025-12-10T10:12:47.889654Z[0m [34mDEBUG[0m [2methereum_transaction_pool_monitor::eth_client[0m[2m:[0m 📡 Transaction fetch RPC completed in 46.636709ms
[2m2025-12-10T10:12:47.986862Z[0m [34mDEBUG[0m [2methereum_transaction_pool_monitor::eth_client[0m[2m:[0m ✅ Transaction 0x44e71f42c89640cb87fe481853a20a80504b846e188fcec12cad75ea76391bf5 fetched and parsed in 143.842334ms
[2m2025-12-10T10:12:47.986891Z[0m [34mDEBUG[0m [2methereum_transaction_pool_monitor::mempool_monitor[0m[2m:[0m 🔍 Skipping tx 0x44e71f42c89640cb87fe481853a20a80504b846e188fcec12cad75ea76391bf5 - not a DEX interaction (target: 0xC218dd9EBdA138E2ee9028ba2BCeb449Ea7Ae48E)
[2m2025-12-10T10:12:47.986905Z[0m [34mDEBUG[0m [2methereum_transaction_pool_monitor::mempool_monitor[0m[2m:[0m 📨 Processing new pending transaction: 0x22dc1bd6dce334da2d3c91a82c81aeda964143b896d2cda539cb82306b81e1aa
[2m2025-12-10T10:12:47.986912Z[0m [34mDEBUG[0m [2methereum_transaction_pool_monitor::mempool_monitor[0m[2m:[0m 🔍 Fetching transaction details for: 0x22dc1bd6dce334da2d3c91a82c81aeda964143b896d2cda539cb82306b81e1aa
[2m2025-12-10T10:12:47.987203Z[0m [34mDEBUG[0m [2methereum_transaction_pool_monitor::eth_client[0m[2m:[0m 🔍 Fetching transaction details for hash: 0x22dc1bd6dce334da2d3c91a82c81aeda964143b896d2cda539cb82306b81e1aa
[2m2025-12-10T10:12:47.987235Z[0m [34mDEBUG[0m [2mhyper::client::pool[0m[2m:[0m reuse idle connection for ("http", 192.168.0.14:8545)
[2m2025-12-10T10:12:47.987287Z[0m [34mDEBUG[0m [2mhyper::proto::h1::io[0m[2m:[0m flushed 250 bytes
[2m2025-12-10T10:12:47.987316Z[0m [34mDEBUG[0m [2mhyper::client::pool[0m[2m:[0m reuse idle connection for ("http", 192.168.0.14:8545)
[2m2025-12-10T10:12:47.987331Z[0m [34mDEBUG[0m [2mhyper::proto::h1::io[0m[2m:[0m flushed 172 bytes
[2m2025-12-10T10:12:47.990978Z[0m [34mDEBUG[0m [2mhyper::proto::h1::io[0m[2m:[0m parsed 4 headers
[2m2025-12-10T10:12:47.991003Z[0m [34mDEBUG[0m [2mhyper::proto::h1::conn[0m[2m:[0m incoming body is content-length (45 bytes)
[2m2025-12-10T10:12:47.991030Z[0m [34mDEBUG[0m [2mhyper::proto::h1::conn[0m[2m:[0m incoming body completed
[2m2025-12-10T10:12:47.991053Z[0m [34mDEBUG[0m [2mhyper::client::pool[0m[2m:[0m pooling idle connection for ("http", 192.168.0.14:8545)
[2m2025-12-10T10:12:47.996015Z[0m [34mDEBUG[0m [2mhyper::proto::h1::io[0m[2m:[0m parsed 4 headers
[2m2025-12-10T10:12:47.996021Z[0m [34mDEBUG[0m [2mhyper::proto::h1::conn[0m[2m:[0m incoming body is content-length (830 bytes)
[2m2025-12-10T10:12:47.996027Z[0m [34mDEBUG[0m [2mhyper::proto::h1::conn[0m[2m:[0m incoming body completed
[2m2025-12-10T10:12:47.996035Z[0m [34mDEBUG[0m [2mhyper::client::pool[0m[2m:[0m pooling idle connection for ("http", 192.168.0.14:8545)
[2m2025-12-10T10:12:47.996045Z[0m [34mDEBUG[0m [2methereum_transaction_pool_monitor::eth_client[0m[2m:[0m 📡 Transaction fetch RPC completed in 8.831833ms
[2m2025-12-10T10:12:48.067159Z[0m [34mDEBUG[0m [2methereum_transaction_pool_monitor::eth_client[0m[2m:[0m ✅ Transaction 0x22dc1bd6dce334da2d3c91a82c81aeda964143b896d2cda539cb82306b81e1aa fetched and parsed in 79.94325ms
[2m2025-12-10T10:12:48.067187Z[0m [34mDEBUG[0m [2methereum_transaction_pool_monitor::mempool_monitor[0m[2m:[0m 🔍 Skipping tx 0x22dc1bd6dce334da2d3c91a82c81aeda964143b896d2cda539cb82306b81e1aa - not a DEX interaction (target: 0x3B4D794a66304F130a4Db8F2551B0070dfCf5ca7)
[2m2025-12-10T10:12:48.067197Z[0m [34mDEBUG[0m [2methereum_transaction_pool_monitor::mempool_monitor[0m[2m:[0m 📨 Processing new pending transaction: 0x4560b2905d5a36baf1f28e1ce0ad9682395c3acce688a43e9f9858b724a4b2e0
[2m2025-12-10T10:12:48.067211Z[0m [34mDEBUG[0m [2methereum_transaction_pool_monitor::mempool_monitor[0m[2m:[0m 🔍 Fetching transaction details for: 0x4560b2905d5a36baf1f28e1ce0ad9682395c3acce688a43e9f9858b724a4b2e0
[2m2025-12-10T10:12:48.067218Z[0m [34mDEBUG[0m [2methereum_transaction_pool_monitor::eth_client[0m[2m:[0m 🔍 Fetching transaction details for hash: 0x4560b2905d5a36baf1f28e1ce0ad9682395c3acce688a43e9f9858b724a4b2e0
[2m2025-12-10T10:12:48.067241Z[0m [34mDEBUG[0m [2mhyper::client::pool[0m[2m:[0m reuse idle connection for ("http", 192.168.0.14:8545)
[2m2025-12-10T10:12:48.067277Z[0m [34mDEBUG[0m [2mhyper::proto::h1::io[0m[2m:[0m flushed 250 bytes
[2m2025-12-10T10:12:48.067310Z[0m [34mDEBUG[0m [2mhyper::client::pool[0m[2m:[0m reuse idle connection for ("http", 192.168.0.14:8545)
[2m2025-12-10T10:12:48.067324Z[0m [34mDEBUG[0m [2mhyper::proto::h1::io[0m[2m:[0m flushed 172 bytes
[2m2025-12-10T10:12:48.070863Z[0m [34mDEBUG[0m [2mhyper::proto::h1::io[0m[2m:[0m parsed 4 headers
[2m2025-12-10T10:12:48.070878Z[0m [34mDEBUG[0m [2mhyper::proto::h1::conn[0m[2m:[0m incoming body is content-length (45 bytes)
[2m2025-12-10T10:12:48.070889Z[0m [34mDEBUG[0m [2mhyper::proto::h1::conn[0m[2m:[0m incoming body completed
[2m2025-12-10T10:12:48.070900Z[0m [34mDEBUG[0m [2mhyper::client::pool[0m[2m:[0m pooling idle connection for ("http", 192.168.0.14:8545)
[2m2025-12-10T10:12:48.071557Z[0m [34mDEBUG[0m [2mhyper::proto::h1::io[0m[2m:[0m parsed 4 headers
[2m2025-12-10T10:12:48.071589Z[0m [34mDEBUG[0m [2mhyper::proto::h1::conn[0m[2m:[0m incoming body is content-length (558 bytes)
[2m2025-12-10T10:12:48.071600Z[0m [34mDEBUG[0m [2mhyper::proto::h1::conn[0m[2m:[0m incoming body completed
[2m2025-12-10T10:12:48.071607Z[0m [34mDEBUG[0m [2mhyper::client::pool[0m[2m:[0m pooling idle connection for ("http", 192.168.0.14:8545)
[2m2025-12-10T10:12:48.071623Z[0m [34mDEBUG[0m [2methereum_transaction_pool_monitor::eth_client[0m[2m:[0m 📡 Transaction fetch RPC completed in 4.396625ms
[2m2025-12-10T10:12:48.142424Z[0m [34mDEBUG[0m [2methereum_transaction_pool_monitor::eth_client[0m[2m:[0m ✅ Transaction 0x4560b2905d5a36baf1f28e1ce0ad9682395c3acce688a43e9f9858b724a4b2e0 fetched and parsed in 75.195ms
[2m2025-12-10T10:12:48.142448Z[0m [34mDEBUG[0m [2methereum_transaction_pool_monitor::mempool_monitor[0m[2m:[0m 🔍 Skipping tx 0x4560b2905d5a36baf1f28e1ce0ad9682395c3acce688a43e9f9858b724a4b2e0 - not a DEX interaction (target: 0x640a31005b13757e14f98c3A46a9a304A8635453)
[2m2025-12-10T10:12:48.142483Z[0m [34mDEBUG[0m [2mhyper::client::pool[0m[2m:[0m reuse idle connection for ("http", 192.168.0.14:8545)
[2m2025-12-10T10:12:48.142506Z[0m [34mDEBUG[0m [2mhyper::proto::h1::io[0m[2m:[0m flushed 172 bytes
[2m2025-12-10T10:12:48.142508Z[0m [34mDEBUG[0m [2methereum_transaction_pool_monitor::eth_client[0m[2m:[0m 📨 Received WebSocket message: {"jsonrpc":"2.0","method":"eth_subscription","params":{"subscription":"0xbed0a0851463e895960a451075a301a9","result":"0x2f18cd501bab155e7dbffb96b0e871f5fd991b5061f5c1370e2f980bed736770"}}
[2m2025-12-10T10:12:48.142524Z[0m [34mDEBUG[0m [2methereum_transaction_pool_monitor::eth_client[0m[2m:[0m 📨 Received pending transaction: 0x2f18cd501bab155e7dbffb96b0e871f5fd991b5061f5c1370e2f980bed736770
[2m2025-12-10T10:12:48.142533Z[0m [34mDEBUG[0m [2methereum_transaction_pool_monitor::mempool_monitor[0m[2m:[0m 📨 Processing new pending transaction: 0x2f18cd501bab155e7dbffb96b0e871f5fd991b5061f5c1370e2f980bed736770
[2m2025-12-10T10:12:48.142540Z[0m [34mDEBUG[0m [2methereum_transaction_pool_monitor::mempool_monitor[0m[2m:[0m 🔍 Fetching transaction details for: 0x2f18cd501bab155e7dbffb96b0e871f5fd991b5061f5c1370e2f980bed736770
[2m2025-12-10T10:12:48.142544Z[0m [34mDEBUG[0m [2methereum_transaction_pool_monitor::eth_client[0m[2m:[0m 🔍 Fetching transaction details for hash: 0x2f18cd501bab155e7dbffb96b0e871f5fd991b5061f5c1370e2f980bed736770
[2m2025-12-10T10:12:48.142556Z[0m [34mDEBUG[0m [2mhyper::client::pool[0m[2m:[0m reuse idle connection for ("http", 192.168.0.14:8545)
[2m2025-12-10T10:12:48.142571Z[0m [34mDEBUG[0m [2mhyper::proto::h1::io[0m[2m:[0m flushed 250 bytes
[2m2025-12-10T10:12:48.147363Z[0m [34mDEBUG[0m [2mhyper::proto::h1::io[0m[2m:[0m parsed 4 headers
[2m2025-12-10T10:12:48.147370Z[0m [34mDEBUG[0m [2mhyper::proto::h1::conn[0m[2m:[0m incoming body is content-length (45 bytes)
[2m2025-12-10T10:12:48.147380Z[0m [34mDEBUG[0m [2mhyper::proto::h1::conn[0m[2m:[0m incoming body completed
[2m2025-12-10T10:12:48.147393Z[0m [34mDEBUG[0m [2mhyper::client::pool[0m[2m:[0m pooling idle connection for ("http", 192.168.0.14:8545)
[2m2025-12-10T10:12:48.148546Z[0m [34mDEBUG[0m [2mhyper::proto::h1::io[0m[2m:[0m parsed 4 headers
[2m2025-12-10T10:12:48.148574Z[0m [34mDEBUG[0m [2mhyper::proto::h1::conn[0m[2m:[0m incoming body is content-length (650 bytes)
[2m2025-12-10T10:12:48.148580Z[0m [34mDEBUG[0m [2mhyper::proto::h1::conn[0m[2m:[0m incoming body completed
[2m2025-12-10T10:12:48.148602Z[0m [34mDEBUG[0m [2mhyper::client::pool[0m[2m:[0m pooling idle connection for ("http", 192.168.0.14:8545)
[2m2025-12-10T10:12:48.148608Z[0m [34mDEBUG[0m [2methereum_transaction_pool_monitor::eth_client[0m[2m:[0m 📡 Transaction fetch RPC completed in 6.056ms
[2m2025-12-10T10:12:48.219790Z[0m [34mDEBUG[0m [2methereum_transaction_pool_monitor::eth_client[0m[2m:[0m ✅ Transaction 0x2f18cd501bab155e7dbffb96b0e871f5fd991b5061f5c1370e2f980bed736770 fetched and parsed in 77.236ms
[2m2025-12-10T10:12:48.219816Z[0m [34mDEBUG[0m [2methereum_transaction_pool_monitor::mempool_monitor[0m[2m:[0m 🔍 Skipping tx 0x2f18cd501bab155e7dbffb96b0e871f5fd991b5061f5c1370e2f980bed736770 - not a DEX interaction (target: 0xBAB041a41C347CaF1774bd2820d1E30383b2E4F1)
[2m2025-12-10T10:12:48.219851Z[0m [34mDEBUG[0m [2mhyper::client::pool[0m[2m:[0m reuse idle connection for ("http", 192.168.0.14:8545)
[2m2025-12-10T10:12:48.219873Z[0m [34mDEBUG[0m [2mhyper::proto::h1::io[0m[2m:[0m flushed 172 bytes
[2m2025-12-10T10:12:48.219875Z[0m [34mDEBUG[0m [2methereum_transaction_pool_monitor::eth_client[0m[2m:[0m 📨 Received WebSocket message: {"jsonrpc":"2.0","method":"eth_subscription","params":{"subscription":"0xbed0a0851463e895960a451075a301a9","result":"0x95267f4f9ad5cc710878de855d624db64995537843b8894af27f4149e3b2eec6"}}
[2m2025-12-10T10:12:48.219887Z[0m [34mDEBUG[0m [2methereum_transaction_pool_monitor::eth_client[0m[2m:[0m 📨 Received pending transaction: 0x95267f4f9ad5cc710878de855d624db64995537843b8894af27f4149e3b2eec6
[2m2025-12-10T10:12:48.219894Z[0m [34mDEBUG[0m [2methereum_transaction_pool_monitor::mempool_monitor[0m[2m:[0m 📨 Processing new pending transaction: 0x95267f4f9ad5cc710878de855d624db64995537843b8894af27f4149e3b2eec6
[2m2025-12-10T10:12:48.219903Z[0m [34mDEBUG[0m [2methereum_transaction_pool_monitor::mempool_monitor[0m[2m:[0m 🔍 Fetching transaction details for: 0x95267f4f9ad5cc710878de855d624db64995537843b8894af27f4149e3b2eec6
[2m2025-12-10T10:12:48.219909Z[0m [34mDEBUG[0m [2methereum_transaction_pool_monitor::eth_client[0m[2m:[0m 🔍 Fetching transaction details for hash: 0x95267f4f9ad5cc710878de855d624db64995537843b8894af27f4149e3b2eec6
[2m2025-12-10T10:12:48.219921Z[0m [34mDEBUG[0m [2mhyper::client::pool[0m[2m:[0m reuse idle connection for ("http", 192.168.0.14:8545)
[2m2025-12-10T10:12:48.219935Z[0m [34mDEBUG[0m [2mhyper::proto::h1::io[0m[2m:[0m flushed 250 bytes
[2m2025-12-10T10:12:48.223691Z[0m [34mDEBUG[0m [2mhyper::proto::h1::io[0m[2m:[0m parsed 4 headers
[2m2025-12-10T10:12:48.223720Z[0m [34mDEBUG[0m [2mhyper::proto::h1::conn[0m[2m:[0m incoming body is content-length (45 bytes)
[2m2025-12-10T10:12:48.223746Z[0m [34mDEBUG[0m [2mhyper::proto::h1::conn[0m[2m:[0m incoming body completed
[2m2025-12-10T10:12:48.223755Z[0m [34mDEBUG[0m [2mhyper::client::pool[0m[2m:[0m pooling idle connection for ("http", 192.168.0.14:8545)
[2m2025-12-10T10:12:48.224395Z[0m [34mDEBUG[0m [2mhyper::proto::h1::io[0m[2m:[0m parsed 4 headers
[2m2025-12-10T10:12:48.224417Z[0m [34mDEBUG[0m [2mhyper::proto::h1::conn[0m[2m:[0m incoming body is content-length (771 bytes)
[2m2025-12-10T10:12:48.224436Z[0m [34mDEBUG[0m [2mhyper::proto::h1::conn[0m[2m:[0m incoming body completed
[2m2025-12-10T10:12:48.224454Z[0m [34mDEBUG[0m [2mhyper::client::pool[0m[2m:[0m pooling idle connection for ("http", 192.168.0.14:8545)
[2m2025-12-10T10:12:48.224458Z[0m [34mDEBUG[0m [2methereum_transaction_pool_monitor::eth_client[0m[2m:[0m 📡 Transaction fetch RPC completed in 4.543041ms
[2m2025-12-10T10:12:48.295876Z[0m [34mDEBUG[0m [2methereum_transaction_pool_monitor::eth_client[0m[2m:[0m ✅ Transaction 0x95267f4f9ad5cc710878de855d624db64995537843b8894af27f4149e3b2eec6 fetched and parsed in 75.95875ms
[2m2025-12-10T10:12:48.295900Z[0m [34mDEBUG[0m [2methereum_transaction_pool_monitor::mempool_monitor[0m[2m:[0m 🔍 Skipping tx 0x95267f4f9ad5cc710878de855d624db64995537843b8894af27f4149e3b2eec6 - not a DEX interaction (target: 0xB8f28C60dD8240141185a192fa4156A23E189305)
[2m2025-12-10T10:12:48.295952Z[0m [34mDEBUG[0m [2methereum_transaction_pool_monitor::eth_client[0m[2m:[0m 📨 Received WebSocket message: {"jsonrpc":"2.0","method":"eth_subscription","params":{"subscription":"0xbed0a0851463e895960a451075a301a9","result":"0x77d814949bbedddd9b0b701d4da224d948caab7519d087a6388ba9bf18204cab"}}
[2m2025-12-10T10:12:48.295968Z[0m [34mDEBUG[0m [2methereum_transaction_pool_monitor::eth_client[0m[2m:[0m 📨 Received pending transaction: 0x77d814949bbedddd9b0b701d4da224d948caab7519d087a6388ba9bf18204cab
[2m2025-12-10T10:12:48.295978Z[0m [34mDEBUG[0m [2methereum_transaction_pool_monitor::mempool_monitor[0m[2m:[0m 📨 Processing new pending transaction: 0x77d814949bbedddd9b0b701d4da224d948caab7519d087a6388ba9bf18204cab
[2m2025-12-10T10:12:48.295987Z[0m [34mDEBUG[0m [2methereum_transaction_pool_monitor::mempool_monitor[0m[2m:[0m 🔍 Fetching transaction details for: 0x77d814949bbedddd9b0b701d4da224d948caab7519d087a6388ba9bf18204cab
[2m2025-12-10T10:12:48.295993Z[0m [34mDEBUG[0m [2methereum_transaction_pool_monitor::eth_client[0m[2m:[0m 🔍 Fetching transaction details for hash: 0x77d814949bbedddd9b0b701d4da224d948caab7519d087a6388ba9bf18204cab
[2m2025-12-10T10:12:48.296012Z[0m [34mDEBUG[0m [2mhyper::client::pool[0m[2m:[0m reuse idle connection for ("http", 192.168.0.14:8545)
[2m2025-12-10T10:12:48.296033Z[0m [34mDEBUG[0m [2mhyper::proto::h1::io[0m[2m:[0m flushed 250 bytes
[2m2025-12-10T10:12:48.298564Z[0m [34mDEBUG[0m [2mhyper::client::pool[0m[2m:[0m reuse idle connection for ("http", 192.168.0.14:8545)
[2m2025-12-10T10:12:48.298581Z[0m [34mDEBUG[0m [2mhyper::proto::h1::io[0m[2m:[0m flushed 172 bytes
[2m2025-12-10T10:12:48.299443Z[0m [34mDEBUG[0m [2methereum_transaction_pool_monitor::eth_client[0m[2m:[0m 📨 Received WebSocket message: {"jsonrpc":"2.0","method":"eth_subscription","params":{"subscription":"0xbed0a0851463e895960a451075a301a9","result":"0x4c8deb5025400c08bc9b1f4d732c2458e93ab4b4fd1c1a3e18235e93202f9e70"}}
[2m2025-12-10T10:12:48.299474Z[0m [34mDEBUG[0m [2methereum_transaction_pool_monitor::eth_client[0m[2m:[0m 📨 Received pending transaction: 0x4c8deb5025400c08bc9b1f4d732c2458e93ab4b4fd1c1a3e18235e93202f9e70
[2m2025-12-10T10:12:48.301195Z[0m [34mDEBUG[0m [2mhyper::proto::h1::io[0m[2m:[0m parsed 4 headers
[2m2025-12-10T10:12:48.301215Z[0m [34mDEBUG[0m [2mhyper::proto::h1::conn[0m[2m:[0m incoming body is content-length (1730 bytes)
[2m2025-12-10T10:12:48.301231Z[0m [34mDEBUG[0m [2methereum_transaction_pool_monitor::eth_client[0m[2m:[0m 📡 Transaction fetch RPC completed in 5.23275ms
[2m2025-12-10T10:12:48.302017Z[0m [34mDEBUG[0m [2mhyper::proto::h1::conn[0m[2m:[0m incoming body completed
[2m2025-12-10T10:12:48.302048Z[0m [34mDEBUG[0m [2mhyper::client::pool[0m[2m:[0m pooling idle connection for ("http", 192.168.0.14:8545)
[2m2025-12-10T10:12:48.302503Z[0m [34mDEBUG[0m [2mhyper::proto::h1::io[0m[2m:[0m parsed 4 headers
[2m2025-12-10T10:12:48.302508Z[0m [34mDEBUG[0m [2mhyper::proto::h1::conn[0m[2m:[0m incoming body is content-length (45 bytes)
[2m2025-12-10T10:12:48.302512Z[0m [34mDEBUG[0m [2mhyper::proto::h1::conn[0m[2m:[0m incoming body completed
[2m2025-12-10T10:12:48.302517Z[0m [34mDEBUG[0m [2mhyper::client::pool[0m[2m:[0m pooling idle connection for ("http", 192.168.0.14:8545)
[2m2025-12-10T10:12:48.373394Z[0m [34mDEBUG[0m [2methereum_transaction_pool_monitor::eth_client[0m[2m:[0m ✅ Transaction 0x77d814949bbedddd9b0b701d4da224d948caab7519d087a6388ba9bf18204cab fetched and parsed in 77.393916ms
[2m2025-12-10T10:12:48.373420Z[0m [34mDEBUG[0m [2methereum_transaction_pool_monitor::mempool_monitor[0m[2m:[0m 🔍 Skipping tx 0x77d814949bbedddd9b0b701d4da224d948caab7519d087a6388ba9bf18204cab - not a DEX interaction (target: 0x601a2aD6CB5949f0529735254189Ba3194221EDF)
[2m2025-12-10T10:12:48.373434Z[0m [34mDEBUG[0m [2methereum_transaction_pool_monitor::mempool_monitor[0m[2m:[0m 📨 Processing new pending transaction: 0x4c8deb5025400c08bc9b1f4d732c2458e93ab4b4fd1c1a3e18235e93202f9e70
[2m2025-12-10T10:12:48.373441Z[0m [34mDEBUG[0m [2methereum_transaction_pool_monitor::mempool_monitor[0m[2m:[0m 🔍 Fetching transaction details for: 0x4c8deb5025400c08bc9b1f4d732c2458e93ab4b4fd1c1a3e18235e93202f9e70
[2m2025-12-10T10:12:48.373714Z[0m [34mDEBUG[0m [2methereum_transaction_pool_monitor::eth_client[0m[2m:[0m 🔍 Fetching transaction details for hash: 0x4c8deb5025400c08bc9b1f4d732c2458e93ab4b4fd1c1a3e18235e93202f9e70
[2m2025-12-10T10:12:48.373739Z[0m [34mDEBUG[0m [2mhyper::client::pool[0m[2m:[0m reuse idle connection for ("http", 192.168.0.14:8545)
[2m2025-12-10T10:12:48.373763Z[0m [34mDEBUG[0m [2mhyper::proto::h1::io[0m[2m:[0m flushed 250 bytes
[2m2025-12-10T10:12:48.380086Z[0m [34mDEBUG[0m [2methereum_transaction_pool_monitor::eth_client[0m[2m:[0m 📨 Received WebSocket message: {"jsonrpc":"2.0","method":"eth_subscription","params":{"subscription":"0xbed0a0851463e895960a451075a301a9","result":"0x4ca5d5cf1c7a742313e6ccb4476182f93d10c5add98ce1ec3682c7a96d350917"}}
[2m2025-12-10T10:12:48.380124Z[0m [34mDEBUG[0m [2methereum_transaction_pool_monitor::eth_client[0m[2m:[0m 📨 Received pending transaction: 0x4ca5d5cf1c7a742313e6ccb4476182f93d10c5add98ce1ec3682c7a96d350917
[2m2025-12-10T10:12:48.380145Z[0m [34mDEBUG[0m [2methereum_transaction_pool_monitor::eth_client[0m[2m:[0m 📨 Received WebSocket message: {"jsonrpc":"2.0","method":"eth_subscription","params":{"subscription":"0xbed0a0851463e895960a451075a301a9","result":"0xde594dc80cc0d6b13a40e994a1d6f28f85a8df6f024b0de9d7171e05447bd49a"}}
[2m2025-12-10T10:12:48.380150Z[0m [34mDEBUG[0m [2methereum_transaction_pool_monitor::eth_client[0m[2m:[0m 📨 Received pending transaction: 0xde594dc80cc0d6b13a40e994a1d6f28f85a8df6f024b0de9d7171e05447bd49a
[2m2025-12-10T10:12:48.380851Z[0m [34mDEBUG[0m [2mhyper::proto::h1::io[0m[2m:[0m parsed 4 headers
[2m2025-12-10T10:12:48.380875Z[0m [34mDEBUG[0m [2mhyper::proto::h1::conn[0m[2m:[0m incoming body is content-length (676 bytes)
[2m2025-12-10T10:12:48.380906Z[0m [34mDEBUG[0m [2mhyper::proto::h1::conn[0m[2m:[0m incoming body completed
[2m2025-12-10T10:12:48.380932Z[0m [34mDEBUG[0m [2mhyper::client::pool[0m[2m:[0m pooling idle connection for ("http", 192.168.0.14:8545)
[2m2025-12-10T10:12:48.380939Z[0m [34mDEBUG[0m [2methereum_transaction_pool_monitor::eth_client[0m[2m:[0m 📡 Transaction fetch RPC completed in 7.216417ms
[2m2025-12-10T10:12:48.451735Z[0m [34mDEBUG[0m [2methereum_transaction_pool_monitor::eth_client[0m[2m:[0m ✅ Transaction 0x4c8deb5025400c08bc9b1f4d732c2458e93ab4b4fd1c1a3e18235e93202f9e70 fetched and parsed in 78.010208ms
[2m2025-12-10T10:12:48.451761Z[0m [34mDEBUG[0m [2methereum_transaction_pool_monitor::mempool_monitor[0m[2m:[0m 🔍 Skipping tx 0x4c8deb5025400c08bc9b1f4d732c2458e93ab4b4fd1c1a3e18235e93202f9e70 - not a DEX interaction (target: 0xA0b86991c6218b36c1d19D4a2e9Eb0cE3606eB48)
[2m2025-12-10T10:12:48.451771Z[0m [34mDEBUG[0m [2methereum_transaction_pool_monitor::mempool_monitor[0m[2m:[0m 📨 Processing new pending transaction: 0x4ca5d5cf1c7a742313e6ccb4476182f93d10c5add98ce1ec3682c7a96d350917
[2m2025-12-10T10:12:48.451778Z[0m [34mDEBUG[0m [2methereum_transaction_pool_monitor::mempool_monitor[0m[2m:[0m 🔍 Fetching transaction details for: 0x4ca5d5cf1c7a742313e6ccb4476182f93d10c5add98ce1ec3682c7a96d350917
[2m2025-12-10T10:12:48.451785Z[0m [34mDEBUG[0m [2methereum_transaction_pool_monitor::eth_client[0m[2m:[0m 🔍 Fetching transaction details for hash: 0x4ca5d5cf1c7a742313e6ccb4476182f93d10c5add98ce1ec3682c7a96d350917
[2m2025-12-10T10:12:48.451802Z[0m [34mDEBUG[0m [2mhyper::client::pool[0m[2m:[0m reuse idle connection for ("http", 192.168.0.14:8545)
[2m2025-12-10T10:12:48.451844Z[0m [34mDEBUG[0m [2mhyper::proto::h1::io[0m[2m:[0m flushed 250 bytes
[2m2025-12-10T10:12:48.451862Z[0m [34mDEBUG[0m [2mhyper::client::pool[0m[2m:[0m reuse idle connection for ("http", 192.168.0.14:8545)
[2m2025-12-10T10:12:48.451877Z[0m [34mDEBUG[0m [2mhyper::proto::h1::io[0m[2m:[0m flushed 172 bytes
[2m2025-12-10T10:12:48.451897Z[0m [34mDEBUG[0m [2methereum_transaction_pool_monitor::eth_client[0m[2m:[0m 📨 Received WebSocket message: {"jsonrpc":"2.0","method":"eth_subscription","params":{"subscription":"0xbed0a0851463e895960a451075a301a9","result":"0x2dfb07f2b7c63575d25b29064048761aa47d9c3bb38f88d53f738a7d7c9f915b"}}
[2m2025-12-10T10:12:48.451906Z[0m [34mDEBUG[0m [2methereum_transaction_pool_monitor::eth_client[0m[2m:[0m 📨 Received pending transaction: 0x2dfb07f2b7c63575d25b29064048761aa47d9c3bb38f88d53f738a7d7c9f915b
[2m2025-12-10T10:12:48.457027Z[0m [34mDEBUG[0m [2mhyper::proto::h1::io[0m[2m:[0m parsed 4 headers
[2m2025-12-10T10:12:48.457034Z[0m [34mDEBUG[0m [2mhyper::proto::h1::conn[0m[2m:[0m incoming body is content-length (45 bytes)
[2m2025-12-10T10:12:48.457040Z[0m [34mDEBUG[0m [2mhyper::proto::h1::conn[0m[2m:[0m incoming body completed
[2m2025-12-10T10:12:48.457048Z[0m [34mDEBUG[0m [2mhyper::client::pool[0m[2m:[0m pooling idle connection for ("http", 192.168.0.14:8545)
[2m2025-12-10T10:12:48.457065Z[0m [34mDEBUG[0m [2mhyper::proto::h1::io[0m[2m:[0m parsed 4 headers
[2m2025-12-10T10:12:48.457072Z[0m [34mDEBUG[0m [2mhyper::proto::h1::conn[0m[2m:[0m incoming body is content-length (646 bytes)
[2m2025-12-10T10:12:48.457078Z[0m [34mDEBUG[0m [2mhyper::proto::h1::conn[0m[2m:[0m incoming body completed
[2m2025-12-10T10:12:48.457083Z[0m [34mDEBUG[0m [2mhyper::client::pool[0m[2m:[0m pooling idle connection for ("http", 192.168.0.14:8545)
[2m2025-12-10T10:12:48.457087Z[0m [34mDEBUG[0m [2methereum_transaction_pool_monitor::eth_client[0m[2m:[0m 📡 Transaction fetch RPC completed in 5.297583ms
[2m2025-12-10T10:12:48.528362Z[0m [34mDEBUG[0m [2methereum_transaction_pool_monitor::eth_client[0m[2m:[0m ✅ Transaction 0x4ca5d5cf1c7a742313e6ccb4476182f93d10c5add98ce1ec3682c7a96d350917 fetched and parsed in 76.569583ms
[2m2025-12-10T10:12:48.528391Z[0m [34mDEBUG[0m [2methereum_transaction_pool_monitor::mempool_monitor[0m[2m:[0m 🔍 Skipping tx 0x4ca5d5cf1c7a742313e6ccb4476182f93d10c5add98ce1ec3682c7a96d350917 - not a DEX interaction (target: 0x0883B708d4Aba484bDAa806B250F63df9E6f850E)
[2m2025-12-10T10:12:48.528403Z[0m [34mDEBUG[0m [2methereum_transaction_pool_monitor::mempool_monitor[0m[2m:[0m 📨 Processing new pending transaction: 0xde594dc80cc0d6b13a40e994a1d6f28f85a8df6f024b0de9d7171e05447bd49a
[2m2025-12-10T10:12:48.528415Z[0m [34mDEBUG[0m [2methereum_transaction_pool_monitor::mempool_monitor[0m[2m:[0m 🔍 Fetching transaction details for: 0xde594dc80cc0d6b13a40e994a1d6f28f85a8df6f024b0de9d7171e05447bd49a
[2m2025-12-10T10:12:48.528423Z[0m [34mDEBUG[0m [2methereum_transaction_pool_monitor::eth_client[0m[2m:[0m 🔍 Fetching transaction details for hash: 0xde594dc80cc0d6b13a40e994a1d6f28f85a8df6f024b0de9d7171e05447bd49a
[2m2025-12-10T10:12:48.528444Z[0m [34mDEBUG[0m [2mhyper::client::pool[0m[2m:[0m reuse idle connection for ("http", 192.168.0.14:8545)
[2m2025-12-10T10:12:48.528480Z[0m [34mDEBUG[0m [2mhyper::proto::h1::io[0m[2m:[0m flushed 250 bytes
[2m2025-12-10T10:12:48.528511Z[0m [34mDEBUG[0m [2mhyper::client::pool[0m[2m:[0m reuse idle connection for ("http", 192.168.0.14:8545)
[2m2025-12-10T10:12:48.528526Z[0m [34mDEBUG[0m [2mhyper::proto::h1::io[0m[2m:[0m flushed 172 bytes
[2m2025-12-10T10:12:48.534237Z[0m [34mDEBUG[0m [2mhyper::proto::h1::io[0m[2m:[0m parsed 4 headers
[2m2025-12-10T10:12:48.534245Z[0m [34mDEBUG[0m [2mhyper::proto::h1::conn[0m[2m:[0m incoming body is content-length (45 bytes)
[2m2025-12-10T10:12:48.534252Z[0m [34mDEBUG[0m [2mhyper::proto::h1::conn[0m[2m:[0m incoming body completed
[2m2025-12-10T10:12:48.534260Z[0m [34mDEBUG[0m [2mhyper::client::pool[0m[2m:[0m pooling idle connection for ("http", 192.168.0.14:8545)
[2m2025-12-10T10:12:48.539198Z[0m [34mDEBUG[0m [2mhyper::proto::h1::io[0m[2m:[0m parsed 4 headers
[2m2025-12-10T10:12:48.539210Z[0m [34mDEBUG[0m [2mhyper::proto::h1::conn[0m[2m:[0m incoming body is content-length (650 bytes)
[2m2025-12-10T10:12:48.539218Z[0m [34mDEBUG[0m [2mhyper::proto::h1::conn[0m[2m:[0m incoming body completed
[2m2025-12-10T10:12:48.539227Z[0m [34mDEBUG[0m [2mhyper::client::pool[0m[2m:[0m pooling idle connection for ("http", 192.168.0.14:8545)
[2m2025-12-10T10:12:48.539234Z[0m [34mDEBUG[0m [2methereum_transaction_pool_monitor::eth_client[0m[2m:[0m 📡 Transaction fetch RPC completed in 10.805583ms
[2m2025-12-10T10:12:48.610497Z[0m [34mDEBUG[0m [2methereum_transaction_pool_monitor::eth_client[0m[2m:[0m ✅ Transaction 0xde594dc80cc0d6b13a40e994a1d6f28f85a8df6f024b0de9d7171e05447bd49a fetched and parsed in 82.065625ms
[2m2025-12-10T10:12:48.610523Z[0m [34mDEBUG[0m [2methereum_transaction_pool_monitor::mempool_monitor[0m[2m:[0m 🔍 Skipping tx 0xde594dc80cc0d6b13a40e994a1d6f28f85a8df6f024b0de9d7171e05447bd49a - not a DEX interaction (target: 0x28C6c06298d514Db089934071355E5743bf21d60)
[2m2025-12-10T10:12:48.610534Z[0m [34mDEBUG[0m [2methereum_transaction_pool_monitor::mempool_monitor[0m[2m:[0m 📨 Processing new pending transaction: 0x2dfb07f2b7c63575d25b29064048761aa47d9c3bb38f88d53f738a7d7c9f915b
[2m2025-12-10T10:12:48.610541Z[0m [34mDEBUG[0m [2methereum_transaction_pool_monitor::mempool_monitor[0m[2m:[0m 🔍 Fetching transaction details for: 0x2dfb07f2b7c63575d25b29064048761aa47d9c3bb38f88d53f738a7d7c9f915b
[2m2025-12-10T10:12:48.610547Z[0m [34mDEBUG[0m [2methereum_transaction_pool_monitor::eth_client[0m[2m:[0m 🔍 Fetching transaction details for hash: 0x2dfb07f2b7c63575d25b29064048761aa47d9c3bb38f88d53f738a7d7c9f915b
[2m2025-12-10T10:12:48.610568Z[0m [34mDEBUG[0m [2mhyper::client::pool[0m[2m:[0m reuse idle connection for ("http", 192.168.0.14:8545)
[2m2025-12-10T10:12:48.610613Z[0m [34mDEBUG[0m [2mhyper::proto::h1::io[0m[2m:[0m flushed 250 bytes
[2m2025-12-10T10:12:48.610636Z[0m [34mDEBUG[0m [2mhyper::client::pool[0m[2m:[0m reuse idle connection for ("http", 192.168.0.14:8545)
[2m2025-12-10T10:12:48.610654Z[0m [34mDEBUG[0m [2mhyper::proto::h1::io[0m[2m:[0m flushed 172 bytes
[2m2025-12-10T10:12:48.610705Z[0m [34mDEBUG[0m [2methereum_transaction_pool_monitor::eth_client[0m[2m:[0m 📨 Received WebSocket message: {"jsonrpc":"2.0","method":"eth_subscription","params":{"subscription":"0xbed0a0851463e895960a451075a301a9","result":"0x880cf904bcaf2012df5bd1b88f902f15c48bcc2bdcafb1f468d973c7123450c3"}}
[2m2025-12-10T10:12:48.610715Z[0m [34mDEBUG[0m [2methereum_transaction_pool_monitor::eth_client[0m[2m:[0m 📨 Received pending transaction: 0x880cf904bcaf2012df5bd1b88f902f15c48bcc2bdcafb1f468d973c7123450c3
[2m2025-12-10T10:12:48.610721Z[0m [34mDEBUG[0m [2methereum_transaction_pool_monitor::eth_client[0m[2m:[0m 📨 Received WebSocket message: {"jsonrpc":"2.0","method":"eth_subscription","params":{"subscription":"0xbed0a0851463e895960a451075a301a9","result":"0x03716a72735e578bf1ec356e76b3a83224c74ee29ba7a6207ba82de50fb217f3"}}
[2m2025-12-10T10:12:48.610726Z[0m [34mDEBUG[0m [2methereum_transaction_pool_monitor::eth_client[0m[2m:[0m 📨 Received pending transaction: 0x03716a72735e578bf1ec356e76b3a83224c74ee29ba7a6207ba82de50fb217f3
[2m2025-12-10T10:12:48.614436Z[0m [34mDEBUG[0m [2mhyper::proto::h1::io[0m[2m:[0m parsed 4 headers
[2m2025-12-10T10:12:48.614443Z[0m [34mDEBUG[0m [2mhyper::proto::h1::conn[0m[2m:[0m incoming body is content-length (45 bytes)
[2m2025-12-10T10:12:48.614453Z[0m [34mDEBUG[0m [2mhyper::proto::h1::conn[0m[2m:[0m incoming body completed
[2m2025-12-10T10:12:48.614463Z[0m [34mDEBUG[0m [2mhyper::client::pool[0m[2m:[0m pooling idle connection for ("http", 192.168.0.14:8545)
[2m2025-12-10T10:12:48.614481Z[0m [34mDEBUG[0m [2mhyper::proto::h1::io[0m[2m:[0m parsed 4 headers
[2m2025-12-10T10:12:48.614486Z[0m [34mDEBUG[0m [2mhyper::proto::h1::conn[0m[2m:[0m incoming body is content-length (768 bytes)
[2m2025-12-10T10:12:48.614490Z[0m [34mDEBUG[0m [2mhyper::proto::h1::conn[0m[2m:[0m incoming body completed
[2m2025-12-10T10:12:48.614495Z[0m [34mDEBUG[0m [2mhyper::client::pool[0m[2m:[0m pooling idle connection for ("http", 192.168.0.14:8545)
[2m2025-12-10T10:12:48.614499Z[0m [34mDEBUG[0m [2methereum_transaction_pool_monitor::eth_client[0m[2m:[0m 📡 Transaction fetch RPC completed in 3.9465ms
[2m2025-12-10T10:12:48.686493Z[0m [34mDEBUG[0m [2methereum_transaction_pool_monitor::eth_client[0m[2m:[0m ✅ Transaction 0x2dfb07f2b7c63575d25b29064048761aa47d9c3bb38f88d53f738a7d7c9f915b fetched and parsed in 75.938167ms
[2m2025-12-10T10:12:48.686520Z[0m [34mDEBUG[0m [2methereum_transaction_pool_monitor::mempool_monitor[0m[2m:[0m 🔍 Skipping tx 0x2dfb07f2b7c63575d25b29064048761aa47d9c3bb38f88d53f738a7d7c9f915b - not a DEX interaction (target: 0xef3A930e1FfFFAcd2fc13434aC81bD278B0ecC8d)
[2m2025-12-10T10:12:48.686530Z[0m [34mDEBUG[0m [2methereum_transaction_pool_monitor::mempool_monitor[0m[2m:[0m 📨 Processing new pending transaction: 0x880cf904bcaf2012df5bd1b88f902f15c48bcc2bdcafb1f468d973c7123450c3
[2m2025-12-10T10:12:48.686536Z[0m [34mDEBUG[0m [2methereum_transaction_pool_monitor::mempool_monitor[0m[2m:[0m 🔍 Fetching transaction details for: 0x880cf904bcaf2012df5bd1b88f902f15c48bcc2bdcafb1f468d973c7123450c3
[2m2025-12-10T10:12:48.686544Z[0m [34mDEBUG[0m [2methereum_transaction_pool_monitor::eth_client[0m[2m:[0m 🔍 Fetching transaction details for hash: 0x880cf904bcaf2012df5bd1b88f902f15c48bcc2bdcafb1f468d973c7123450c3
[2m2025-12-10T10:12:48.686565Z[0m [34mDEBUG[0m [2mhyper::client::pool[0m[2m:[0m reuse idle connection for ("http", 192.168.0.14:8545)
[2m2025-12-10T10:12:48.686612Z[0m [34mDEBUG[0m [2mhyper::proto::h1::io[0m[2m:[0m flushed 250 bytes
[2m2025-12-10T10:12:48.686631Z[0m [34mDEBUG[0m [2methereum_transaction_pool_monitor::eth_client[0m[2m:[0m 📨 Received WebSocket message: {"jsonrpc":"2.0","method":"eth_subscription","params":{"subscription":"0xbed0a0851463e895960a451075a301a9","result":"0x3c187f7d2aec294965648052b8ac858c4ab30242e8de56ceabcfcc97de5bd38b"}}
[2m2025-12-10T10:12:48.686639Z[0m [34mDEBUG[0m [2methereum_transaction_pool_monitor::eth_client[0m[2m:[0m 📨 Received pending transaction: 0x3c187f7d2aec294965648052b8ac858c4ab30242e8de56ceabcfcc97de5bd38b
[2m2025-12-10T10:12:48.691065Z[0m [34mDEBUG[0m [2mhyper::proto::h1::io[0m[2m:[0m parsed 4 headers
[2m2025-12-10T10:12:48.691076Z[0m [34mDEBUG[0m [2mhyper::proto::h1::conn[0m[2m:[0m incoming body is content-length (773 bytes)
[2m2025-12-10T10:12:48.691084Z[0m [34mDEBUG[0m [2mhyper::proto::h1::conn[0m[2m:[0m incoming body completed
[2m2025-12-10T10:12:48.691093Z[0m [34mDEBUG[0m [2mhyper::client::pool[0m[2m:[0m pooling idle connection for ("http", 192.168.0.14:8545)
[2m2025-12-10T10:12:48.691101Z[0m [34mDEBUG[0m [2methereum_transaction_pool_monitor::eth_client[0m[2m:[0m 📡 Transaction fetch RPC completed in 4.552ms
[2m2025-12-10T10:12:48.691117Z[0m [34mDEBUG[0m [2methereum_transaction_pool_monitor::eth_client[0m[2m:[0m DeFi transaction detected - Address: 0x9f8f72aa9304c8b593d555f12ef6589cc3a579a2, Type: TokenContract, Value: 0 ETH, Gas: 0.74 Gwei
[2m2025-12-10T10:12:48.691129Z[0m [34mDEBUG[0m [2methereum_transaction_pool_monitor::eth_client[0m[2m:[0m ✅ Transaction 0x880cf904bcaf2012df5bd1b88f902f15c48bcc2bdcafb1f468d973c7123450c3 fetched and parsed in 4.58025ms
[2m2025-12-10T10:12:48.691135Z[0m [34mDEBUG[0m [2methereum_transaction_pool_monitor::mempool_monitor[0m[2m:[0m 🔍 Skipping tx 0x880cf904bcaf2012df5bd1b88f902f15c48bcc2bdcafb1f468d973c7123450c3 - not a DEX interaction (target: 0x9f8F72aA9304c8B593d555F12eF6589cC3A579A2)
[2m2025-12-10T10:12:48.691143Z[0m [34mDEBUG[0m [2methereum_transaction_pool_monitor::mempool_monitor[0m[2m:[0m 📨 Processing new pending transaction: 0x03716a72735e578bf1ec356e76b3a83224c74ee29ba7a6207ba82de50fb217f3
[2m2025-12-10T10:12:48.691148Z[0m [34mDEBUG[0m [2methereum_transaction_pool_monitor::mempool_monitor[0m[2m:[0m 🔍 Fetching transaction details for: 0x03716a72735e578bf1ec356e76b3a83224c74ee29ba7a6207ba82de50fb217f3
[2m2025-12-10T10:12:48.691284Z[0m [34mDEBUG[0m [2methereum_transaction_pool_monitor::eth_client[0m[2m:[0m 🔍 Fetching transaction details for hash: 0x03716a72735e578bf1ec356e76b3a83224c74ee29ba7a6207ba82de50fb217f3
[2m2025-12-10T10:12:48.691298Z[0m [34mDEBUG[0m [2mhyper::client::pool[0m[2m:[0m reuse idle connection for ("http", 192.168.0.14:8545)
[2m2025-12-10T10:12:48.694671Z[0m [34mDEBUG[0m [2mhyper::proto::h1::io[0m[2m:[0m flushed 250 bytes
[2m2025-12-10T10:12:48.695916Z[0m [34mDEBUG[0m [2methereum_transaction_pool_monitor::eth_client[0m[2m:[0m 📨 Received WebSocket message: {"jsonrpc":"2.0","method":"eth_subscription","params":{"subscription":"0xbed0a0851463e895960a451075a301a9","result":"0xf8f967a21e172c8d37cc62f3e476521e14b7508f36e9e488b641547f0fe5f476"}}
[2m2025-12-10T10:12:48.695926Z[0m [34mDEBUG[0m [2methereum_transaction_pool_monitor::eth_client[0m[2m:[0m 📨 Received pending transaction: 0xf8f967a21e172c8d37cc62f3e476521e14b7508f36e9e488b641547f0fe5f476
[2m2025-12-10T10:12:48.697727Z[0m [34mDEBUG[0m [2mhyper::client::pool[0m[2m:[0m reuse idle connection for ("http", 192.168.0.14:8545)
[2m2025-12-10T10:12:48.697727Z[0m [34mDEBUG[0m [2mhyper::proto::h1::io[0m[2m:[0m parsed 4 headers
[2m2025-12-10T10:12:48.697746Z[0m [34mDEBUG[0m [2mhyper::proto::h1::conn[0m[2m:[0m incoming body is content-length (639 bytes)
[2m2025-12-10T10:12:48.697755Z[0m [34mDEBUG[0m [2mhyper::proto::h1::conn[0m[2m:[0m incoming body completed
[2m2025-12-10T10:12:48.697761Z[0m [34mDEBUG[0m [2mhyper::proto::h1::io[0m[2m:[0m flushed 172 bytes
[2m2025-12-10T10:12:48.697764Z[0m [34mDEBUG[0m [2mhyper::client::pool[0m[2m:[0m pooling idle connection for ("http", 192.168.0.14:8545)
[2m2025-12-10T10:12:48.697772Z[0m [34mDEBUG[0m [2methereum_transaction_pool_monitor::eth_client[0m[2m:[0m 📡 Transaction fetch RPC completed in 6.482291ms
[2m2025-12-10T10:12:48.701578Z[0m [34mDEBUG[0m [2mhyper::proto::h1::io[0m[2m:[0m parsed 4 headers
[2m2025-12-10T10:12:48.701599Z[0m [34mDEBUG[0m [2mhyper::proto::h1::conn[0m[2m:[0m incoming body is content-length (45 bytes)
[2m2025-12-10T10:12:48.701608Z[0m [34mDEBUG[0m [2mhyper::proto::h1::conn[0m[2m:[0m incoming body completed
[2m2025-12-10T10:12:48.701619Z[0m [34mDEBUG[0m [2mhyper::client::pool[0m[2m:[0m pooling idle connection for ("http", 192.168.0.14:8545)
[2m2025-12-10T10:12:48.711872Z[0m [34mDEBUG[0m [2methereum_transaction_pool_monitor::eth_client[0m[2m:[0m 📨 Received WebSocket message: {"jsonrpc":"2.0","method":"eth_subscription","params":{"subscription":"0xbed0a0851463e895960a451075a301a9","result":"0xf8eeb91e6b010900783b4c177500da38079a53ed3ae57cbae13c20e2a0b408c1"}}
[2m2025-12-10T10:12:48.711931Z[0m [34mDEBUG[0m [2methereum_transaction_pool_monitor::eth_client[0m[2m:[0m 📨 Received pending transaction: 0xf8eeb91e6b010900783b4c177500da38079a53ed3ae57cbae13c20e2a0b408c1
[2m2025-12-10T10:12:48.740282Z[0m [34mDEBUG[0m [2methereum_transaction_pool_monitor::eth_client[0m[2m:[0m 📨 Received WebSocket message: {"jsonrpc":"2.0","method":"eth_subscription","params":{"subscription":"0xbed0a0851463e895960a451075a301a9","result":"0x554e343280795bb8036d7fa28df9fad63453fcc73bd1ee3f5a2eb67674e87ec3"}}
[2m2025-12-10T10:12:48.740314Z[0m [34mDEBUG[0m [2methereum_transaction_pool_monitor::eth_client[0m[2m:[0m 📨 Received pending transaction: 0x554e343280795bb8036d7fa28df9fad63453fcc73bd1ee3f5a2eb67674e87ec3
[2m2025-12-10T10:12:48.771083Z[0m [34mDEBUG[0m [2methereum_transaction_pool_monitor::eth_client[0m[2m:[0m ✅ Transaction 0x03716a72735e578bf1ec356e76b3a83224c74ee29ba7a6207ba82de50fb217f3 fetched and parsed in 79.789958ms
[2m2025-12-10T10:12:48.771195Z[0m [34mDEBUG[0m [2methereum_transaction_pool_monitor::mempool_monitor[0m[2m:[0m 🔍 Skipping tx 0x03716a72735e578bf1ec356e76b3a83224c74ee29ba7a6207ba82de50fb217f3 - not a DEX interaction (target: 0xDFaa75323fB721e5f29D43859390f62Cc4B600b8)
[2m2025-12-10T10:12:48.771210Z[0m [34mDEBUG[0m [2methereum_transaction_pool_monitor::mempool_monitor[0m[2m:[0m 📨 Processing new pending transaction: 0x3c187f7d2aec294965648052b8ac858c4ab30242e8de56ceabcfcc97de5bd38b
[2m2025-12-10T10:12:48.771215Z[0m [34mDEBUG[0m [2methereum_transaction_pool_monitor::mempool_monitor[0m[2m:[0m 🔍 Fetching transaction details for: 0x3c187f7d2aec294965648052b8ac858c4ab30242e8de56ceabcfcc97de5bd38b
[2m2025-12-10T10:12:48.771219Z[0m [34mDEBUG[0m [2methereum_transaction_pool_monitor::eth_client[0m[2m:[0m 🔍 Fetching transaction details for hash: 0x3c187f7d2aec294965648052b8ac858c4ab30242e8de56ceabcfcc97de5bd38b
[2m2025-12-10T10:12:48.771243Z[0m [34mDEBUG[0m [2mhyper::client::pool[0m[2m:[0m reuse idle connection for ("http", 192.168.0.14:8545)
[2m2025-12-10T10:12:48.771278Z[0m [34mDEBUG[0m [2mhyper::proto::h1::io[0m[2m:[0m flushed 250 bytes
[2m2025-12-10T10:12:48.775038Z[0m [34mDEBUG[0m [2mhyper::proto::h1::io[0m[2m:[0m parsed 4 headers
[2m2025-12-10T10:12:48.775050Z[0m [34mDEBUG[0m [2mhyper::proto::h1::conn[0m[2m:[0m incoming body is content-length (772 bytes)
[2m2025-12-10T10:12:48.775059Z[0m [34mDEBUG[0m [2mhyper::proto::h1::conn[0m[2m:[0m incoming body completed
[2m2025-12-10T10:12:48.775069Z[0m [34mDEBUG[0m [2mhyper::client::pool[0m[2m:[0m pooling idle connection for ("http", 192.168.0.14:8545)
[2m2025-12-10T10:12:48.775077Z[0m [34mDEBUG[0m [2methereum_transaction_pool_monitor::eth_client[0m[2m:[0m 📡 Transaction fetch RPC completed in 3.852542ms
[2m2025-12-10T10:12:48.775096Z[0m [34mDEBUG[0m [2methereum_transaction_pool_monitor::eth_client[0m[2m:[0m DeFi transaction detected - Address: 0xdac17f958d2ee523a2206206994597c13d831ec7, Type: Stablecoin, Value: 0 ETH, Gas: 50.00 Gwei
[2m2025-12-10T10:12:48.775112Z[0m [34mDEBUG[0m [2methereum_transaction_pool_monitor::eth_client[0m[2m:[0m ✅ Transaction 0x3c187f7d2aec294965648052b8ac858c4ab30242e8de56ceabcfcc97de5bd38b fetched and parsed in 3.887667ms
[2m2025-12-10T10:12:48.775118Z[0m [34mDEBUG[0m [2methereum_transaction_pool_monitor::mempool_monitor[0m[2m:[0m 🔍 Skipping tx 0x3c187f7d2aec294965648052b8ac858c4ab30242e8de56ceabcfcc97de5bd38b - not a DEX interaction (target: 0xdAC17F958D2ee523a2206206994597C13D831ec7)
[2m2025-12-10T10:12:48.775125Z[0m [34mDEBUG[0m [2methereum_transaction_pool_monitor::mempool_monitor[0m[2m:[0m 📨 Processing new pending transaction: 0xf8f967a21e172c8d37cc62f3e476521e14b7508f36e9e488b641547f0fe5f476
[2m2025-12-10T10:12:48.775129Z[0m [34mDEBUG[0m [2methereum_transaction_pool_monitor::mempool_monitor[0m[2m:[0m 🔍 Fetching transaction details for: 0xf8f967a21e172c8d37cc62f3e476521e14b7508f36e9e488b641547f0fe5f476
[2m2025-12-10T10:12:48.775134Z[0m [34mDEBUG[0m [2methereum_transaction_pool_monitor::eth_client[0m[2m:[0m 🔍 Fetching transaction details for hash: 0xf8f967a21e172c8d37cc62f3e476521e14b7508f36e9e488b641547f0fe5f476
[2m2025-12-10T10:12:48.775151Z[0m [34mDEBUG[0m [2mhyper::client::pool[0m[2m:[0m reuse idle connection for ("http", 192.168.0.14:8545)
[2m2025-12-10T10:12:48.775174Z[0m [34mDEBUG[0m [2mhyper::proto::h1::io[0m[2m:[0m flushed 250 bytes
[2m2025-12-10T10:12:48.782617Z[0m [34mDEBUG[0m [2mhyper::proto::h1::io[0m[2m:[0m parsed 4 headers
[2m2025-12-10T10:12:48.782644Z[0m [34mDEBUG[0m [2mhyper::proto::h1::conn[0m[2m:[0m incoming body is content-length (774 bytes)
[2m2025-12-10T10:12:48.782655Z[0m [34mDEBUG[0m [2mhyper::proto::h1::conn[0m[2m:[0m incoming body completed
[2m2025-12-10T10:12:48.782668Z[0m [34mDEBUG[0m [2mhyper::client::pool[0m[2m:[0m pooling idle connection for ("http", 192.168.0.14:8545)
[2m2025-12-10T10:12:48.782678Z[0m [34mDEBUG[0m [2methereum_transaction_pool_monitor::eth_client[0m[2m:[0m 📡 Transaction fetch RPC completed in 7.539416ms
[2m2025-12-10T10:12:48.994668Z[0m [34mDEBUG[0m [2methereum_transaction_pool_monitor::eth_client[0m[2m:[0m ✅ Transaction 0xf8f967a21e172c8d37cc62f3e476521e14b7508f36e9e488b641547f0fe5f476 fetched and parsed in 219.525416ms
[2m2025-12-10T10:12:48.994696Z[0m [34mDEBUG[0m [2methereum_transaction_pool_monitor::mempool_monitor[0m[2m:[0m 🔍 Skipping tx 0xf8f967a21e172c8d37cc62f3e476521e14b7508f36e9e488b641547f0fe5f476 - not a DEX interaction (target: 0xA0b86991c6218b36c1d19D4a2e9Eb0cE3606eB48)
[2m2025-12-10T10:12:48.994707Z[0m [34mDEBUG[0m [2methereum_transaction_pool_monitor::mempool_monitor[0m[2m:[0m 📨 Processing new pending transaction: 0xf8eeb91e6b010900783b4c177500da38079a53ed3ae57cbae13c20e2a0b408c1
[2m2025-12-10T10:12:48.994714Z[0m [34mDEBUG[0m [2methereum_transaction_pool_monitor::mempool_monitor[0m[2m:[0m 🔍 Fetching transaction details for: 0xf8eeb91e6b010900783b4c177500da38079a53ed3ae57cbae13c20e2a0b408c1
[2m2025-12-10T10:12:48.994721Z[0m [34mDEBUG[0m [2methereum_transaction_pool_monitor::eth_client[0m[2m:[0m 🔍 Fetching transaction details for hash: 0xf8eeb91e6b010900783b4c177500da38079a53ed3ae57cbae13c20e2a0b408c1
[2m2025-12-10T10:12:48.994743Z[0m [34mDEBUG[0m [2mhyper::client::pool[0m[2m:[0m reuse idle connection for ("http", 192.168.0.14:8545)
[2m2025-12-10T10:12:48.994801Z[0m [34mDEBUG[0m [2mhyper::proto::h1::io[0m[2m:[0m flushed 250 bytes
[2m2025-12-10T10:12:48.994853Z[0m [34mDEBUG[0m [2mhyper::client::pool[0m[2m:[0m reuse idle connection for ("http", 192.168.0.14:8545)
[2m2025-12-10T10:12:48.994869Z[0m [34mDEBUG[0m [2mhyper::proto::h1::io[0m[2m:[0m flushed 172 bytes
[2m2025-12-10T10:12:48.999040Z[0m [34mDEBUG[0m [2mhyper::proto::h1::io[0m[2m:[0m parsed 4 headers
[2m2025-12-10T10:12:48.999050Z[0m [34mDEBUG[0m [2mhyper::proto::h1::conn[0m[2m:[0m incoming body is content-length (45 bytes)
[2m2025-12-10T10:12:48.999061Z[0m [34mDEBUG[0m [2mhyper::proto::h1::conn[0m[2m:[0m incoming body completed
[2m2025-12-10T10:12:48.999073Z[0m [34mDEBUG[0m [2mhyper::client::pool[0m[2m:[0m pooling idle connection for ("http", 192.168.0.14:8545)
[2m2025-12-10T10:12:48.999098Z[0m [34mDEBUG[0m [2mhyper::client::pool[0m[2m:[0m reuse idle connection for ("http", 192.168.0.14:8545)
[2m2025-12-10T10:12:48.999120Z[0m [34mDEBUG[0m [2mhyper::proto::h1::io[0m[2m:[0m flushed 172 bytes
[2m2025-12-10T10:12:48.999629Z[0m [34mDEBUG[0m [2mhyper::proto::h1::io[0m[2m:[0m parsed 4 headers
[2m2025-12-10T10:12:48.999637Z[0m [34mDEBUG[0m [2mhyper::proto::h1::conn[0m[2m:[0m incoming body is content-length (640 bytes)
[2m2025-12-10T10:12:48.999643Z[0m [34mDEBUG[0m [2mhyper::proto::h1::conn[0m[2m:[0m incoming body completed
[2m2025-12-10T10:12:48.999656Z[0m [34mDEBUG[0m [2mhyper::client::pool[0m[2m:[0m pooling idle connection for ("http", 192.168.0.14:8545)
[2m2025-12-10T10:12:48.999663Z[0m [34mDEBUG[0m [2methereum_transaction_pool_monitor::eth_client[0m[2m:[0m 📡 Transaction fetch RPC completed in 4.93825ms
[2m2025-12-10T10:12:49.071615Z[0m [34mDEBUG[0m [2methereum_transaction_pool_monitor::eth_client[0m[2m:[0m ✅ Transaction 0xf8eeb91e6b010900783b4c177500da38079a53ed3ae57cbae13c20e2a0b408c1 fetched and parsed in 76.886958ms
[2m2025-12-10T10:12:49.071647Z[0m [34mDEBUG[0m [2methereum_transaction_pool_monitor::mempool_monitor[0m[2m:[0m 🔍 Skipping tx 0xf8eeb91e6b010900783b4c177500da38079a53ed3ae57cbae13c20e2a0b408c1 - not a DEX interaction (target: 0x63d3dE29C28b3b7150e35AB6d433892E167bf5e6)
[2m2025-12-10T10:12:49.071660Z[0m [34mDEBUG[0m [2methereum_transaction_pool_monitor::mempool_monitor[0m[2m:[0m 📨 Processing new pending transaction: 0x554e343280795bb8036d7fa28df9fad63453fcc73bd1ee3f5a2eb67674e87ec3
[2m2025-12-10T10:12:49.071667Z[0m [34mDEBUG[0m [2methereum_transaction_pool_monitor::mempool_monitor[0m[2m:[0m 🔍 Fetching transaction details for: 0x554e343280795bb8036d7fa28df9fad63453fcc73bd1ee3f5a2eb67674e87ec3
[2m2025-12-10T10:12:49.071673Z[0m [34mDEBUG[0m [2methereum_transaction_pool_monitor::eth_client[0m[2m:[0m 🔍 Fetching transaction details for hash: 0x554e343280795bb8036d7fa28df9fad63453fcc73bd1ee3f5a2eb67674e87ec3
[2m2025-12-10T10:12:49.071698Z[0m [34mDEBUG[0m [2mhyper::client::pool[0m[2m:[0m reuse idle connection for ("http", 192.168.0.14:8545)
[2m2025-12-10T10:12:49.071747Z[0m [34mDEBUG[0m [2mhyper::proto::h1::io[0m[2m:[0m flushed 250 bytes
[2m2025-12-10T10:12:49.071774Z[0m [34mDEBUG[0m [2methereum_transaction_pool_monitor::eth_client[0m[2m:[0m 📨 Received WebSocket message: {"jsonrpc":"2.0","method":"eth_subscription","params":{"subscription":"0xbed0a0851463e895960a451075a301a9","result":"0x23246d94a68256a541277fdcf732bf03e8eba7a8b3dfc27b7e1a16c622d15306"}}
[2m2025-12-10T10:12:49.071785Z[0m [34mDEBUG[0m [2methereum_transaction_pool_monitor::eth_client[0m[2m:[0m 📨 Received pending transaction: 0x23246d94a68256a541277fdcf732bf03e8eba7a8b3dfc27b7e1a16c622d15306
[2m2025-12-10T10:12:49.071806Z[0m [34mDEBUG[0m [2mhyper::proto::h1::io[0m[2m:[0m parsed 4 headers
[2m2025-12-10T10:12:49.071814Z[0m [34mDEBUG[0m [2mhyper::proto::h1::conn[0m[2m:[0m incoming body is content-length (45 bytes)
[2m2025-12-10T10:12:49.071825Z[0m [34mDEBUG[0m [2mhyper::proto::h1::conn[0m[2m:[0m incoming body completed
[2m2025-12-10T10:12:49.071836Z[0m [34mDEBUG[0m [2mhyper::client::pool[0m[2m:[0m pooling idle connection for ("http", 192.168.0.14:8545)
[2m2025-12-10T10:12:49.071858Z[0m [34mDEBUG[0m [2mhyper::client::pool[0m[2m:[0m reuse idle connection for ("http", 192.168.0.14:8545)
[2m2025-12-10T10:12:49.071875Z[0m [34mDEBUG[0m [2mhyper::proto::h1::io[0m[2m:[0m flushed 172 bytes
[2m2025-12-10T10:12:49.077408Z[0m [34mDEBUG[0m [2mhyper::proto::h1::io[0m[2m:[0m parsed 4 headers
[2m2025-12-10T10:12:49.077424Z[0m [34mDEBUG[0m [2mhyper::proto::h1::conn[0m[2m:[0m incoming body is content-length (45 bytes)
[2m2025-12-10T10:12:49.077433Z[0m [34mDEBUG[0m [2mhyper::proto::h1::conn[0m[2m:[0m incoming body completed
[2m2025-12-10T10:12:49.077445Z[0m [34mDEBUG[0m [2mhyper::client::pool[0m[2m:[0m pooling idle connection for ("http", 192.168.0.14:8545)
[2m2025-12-10T10:12:49.083493Z[0m [34mDEBUG[0m [2mhyper::proto::h1::io[0m[2m:[0m parsed 4 headers
[2m2025-12-10T10:12:49.083502Z[0m [34mDEBUG[0m [2mhyper::proto::h1::conn[0m[2m:[0m incoming body is content-length (653 bytes)
[2m2025-12-10T10:12:49.083508Z[0m [34mDEBUG[0m [2mhyper::proto::h1::conn[0m[2m:[0m incoming body completed
[2m2025-12-10T10:12:49.083517Z[0m [34mDEBUG[0m [2mhyper::client::pool[0m[2m:[0m pooling idle connection for ("http", 192.168.0.14:8545)
[2m2025-12-10T10:12:49.083523Z[0m [34mDEBUG[0m [2methereum_transaction_pool_monitor::eth_client[0m[2m:[0m 📡 Transaction fetch RPC completed in 11.84575ms
[2m2025-12-10T10:12:49.153930Z[0m [34mDEBUG[0m [2methereum_transaction_pool_monitor::eth_client[0m[2m:[0m ✅ Transaction 0x554e343280795bb8036d7fa28df9fad63453fcc73bd1ee3f5a2eb67674e87ec3 fetched and parsed in 82.24925ms
[2m2025-12-10T10:12:49.153966Z[0m [34mDEBUG[0m [2methereum_transaction_pool_monitor::mempool_monitor[0m[2m:[0m 🔍 Skipping tx 0x554e343280795bb8036d7fa28df9fad63453fcc73bd1ee3f5a2eb67674e87ec3 - not a DEX interaction (target: 0x8e47d2Bb29B55148785E7e3739638B4Db85E060D)
[2m2025-12-10T10:12:49.153982Z[0m [34mDEBUG[0m [2methereum_transaction_pool_monitor::mempool_monitor[0m[2m:[0m 📨 Processing new pending transaction: 0x23246d94a68256a541277fdcf732bf03e8eba7a8b3dfc27b7e1a16c622d15306
[2m2025-12-10T10:12:49.153991Z[0m [34mDEBUG[0m [2methereum_transaction_pool_monitor::mempool_monitor[0m[2m:[0m 🔍 Fetching transaction details for: 0x23246d94a68256a541277fdcf732bf03e8eba7a8b3dfc27b7e1a16c622d15306
[2m2025-12-10T10:12:49.154005Z[0m [34mDEBUG[0m [2methereum_transaction_pool_monitor::eth_client[0m[2m:[0m 🔍 Fetching transaction details for hash: 0x23246d94a68256a541277fdcf732bf03e8eba7a8b3dfc27b7e1a16c622d15306
[2m2025-12-10T10:12:49.154033Z[0m [34mDEBUG[0m [2mhyper::client::pool[0m[2m:[0m reuse idle connection for ("http", 192.168.0.14:8545)
[2m2025-12-10T10:12:49.154072Z[0m [34mDEBUG[0m [2mhyper::proto::h1::io[0m[2m:[0m flushed 250 bytes
[2m2025-12-10T10:12:49.154352Z[0m [34mDEBUG[0m [2mhyper::client::pool[0m[2m:[0m reuse idle connection for ("http", 192.168.0.14:8545)
[2m2025-12-10T10:12:49.154368Z[0m [34mDEBUG[0m [2mhyper::proto::h1::io[0m[2m:[0m flushed 172 bytes
[2m2025-12-10T10:12:49.159262Z[0m [34mDEBUG[0m [2mhyper::proto::h1::io[0m[2m:[0m parsed 4 headers
[2m2025-12-10T10:12:49.159273Z[0m [34mDEBUG[0m [2mhyper::proto::h1::conn[0m[2m:[0m incoming body is content-length (45 bytes)
[2m2025-12-10T10:12:49.159282Z[0m [34mDEBUG[0m [2mhyper::proto::h1::conn[0m[2m:[0m incoming body completed
[2m2025-12-10T10:12:49.159292Z[0m [34mDEBUG[0m [2mhyper::client::pool[0m[2m:[0m pooling idle connection for ("http", 192.168.0.14:8545)
[2m2025-12-10T10:12:49.159312Z[0m [34mDEBUG[0m [2mhyper::proto::h1::io[0m[2m:[0m parsed 4 headers
[2m2025-12-10T10:12:49.159317Z[0m [34mDEBUG[0m [2mhyper::proto::h1::conn[0m[2m:[0m incoming body is content-length (770 bytes)
[2m2025-12-10T10:12:49.159322Z[0m [34mDEBUG[0m [2mhyper::proto::h1::conn[0m[2m:[0m incoming body completed
[2m2025-12-10T10:12:49.159328Z[0m [34mDEBUG[0m [2mhyper::client::pool[0m[2m:[0m pooling idle connection for ("http", 192.168.0.14:8545)
[2m2025-12-10T10:12:49.159332Z[0m [34mDEBUG[0m [2methereum_transaction_pool_monitor::eth_client[0m[2m:[0m 📡 Transaction fetch RPC completed in 5.320041ms
[2m2025-12-10T10:12:49.231133Z[0m [34mDEBUG[0m [2methereum_transaction_pool_monitor::eth_client[0m[2m:[0m ✅ Transaction 0x23246d94a68256a541277fdcf732bf03e8eba7a8b3dfc27b7e1a16c622d15306 fetched and parsed in 77.117916ms
[2m2025-12-10T10:12:49.231167Z[0m [34mDEBUG[0m [2methereum_transaction_pool_monitor::mempool_monitor[0m[2m:[0m 🔍 Skipping tx 0x23246d94a68256a541277fdcf732bf03e8eba7a8b3dfc27b7e1a16c622d15306 - not a DEX interaction (target: 0xA0b86991c6218b36c1d19D4a2e9Eb0cE3606eB48)
[2m2025-12-10T10:12:49.231211Z[0m [34mDEBUG[0m [2mhyper::client::pool[0m[2m:[0m reuse idle connection for ("http", 192.168.0.14:8545)
[2m2025-12-10T10:12:49.231262Z[0m [34mDEBUG[0m [2mhyper::proto::h1::io[0m[2m:[0m flushed 172 bytes
[2m2025-12-10T10:12:49.231280Z[0m [34mDEBUG[0m [2methereum_transaction_pool_monitor::eth_client[0m[2m:[0m 📨 Received WebSocket message: {"jsonrpc":"2.0","method":"eth_subscription","params":{"subscription":"0xbed0a0851463e895960a451075a301a9","result":"0x5f821dafe1822cba399a83f6d9e25942f205cb0c053082e3b0b4e32088b02a8c"}}
[2m2025-12-10T10:12:49.231295Z[0m [34mDEBUG[0m [2methereum_transaction_pool_monitor::eth_client[0m[2m:[0m 📨 Received pending transaction: 0x5f821dafe1822cba399a83f6d9e25942f205cb0c053082e3b0b4e32088b02a8c
[2m2025-12-10T10:12:49.231309Z[0m [34mDEBUG[0m [2methereum_transaction_pool_monitor::mempool_monitor[0m[2m:[0m 📨 Processing new pending transaction: 0x5f821dafe1822cba399a83f6d9e25942f205cb0c053082e3b0b4e32088b02a8c
[2m2025-12-10T10:12:49.231318Z[0m [34mDEBUG[0m [2methereum_transaction_pool_monitor::mempool_monitor[0m[2m:[0m 🔍 Fetching transaction details for: 0x5f821dafe1822cba399a83f6d9e25942f205cb0c053082e3b0b4e32088b02a8c
[2m2025-12-10T10:12:49.231325Z[0m [34mDEBUG[0m [2methereum_transaction_pool_monitor::eth_client[0m[2m:[0m 🔍 Fetching transaction details for hash: 0x5f821dafe1822cba399a83f6d9e25942f205cb0c053082e3b0b4e32088b02a8c
[2m2025-12-10T10:12:49.231337Z[0m [34mDEBUG[0m [2mhyper::client::pool[0m[2m:[0m reuse idle connection for ("http", 192.168.0.14:8545)
[2m2025-12-10T10:12:49.231353Z[0m [34mDEBUG[0m [2mhyper::proto::h1::io[0m[2m:[0m flushed 250 bytes
[2m2025-12-10T10:12:49.234203Z[0m [34mDEBUG[0m [2mhyper::proto::h1::io[0m[2m:[0m parsed 4 headers
[2m2025-12-10T10:12:49.234218Z[0m [34mDEBUG[0m [2mhyper::proto::h1::conn[0m[2m:[0m incoming body is content-length (45 bytes)
[2m2025-12-10T10:12:49.234226Z[0m [34mDEBUG[0m [2mhyper::proto::h1::conn[0m[2m:[0m incoming body completed
[2m2025-12-10T10:12:49.234236Z[0m [34mDEBUG[0m [2mhyper::client::pool[0m[2m:[0m pooling idle connection for ("http", 192.168.0.14:8545)
[2m2025-12-10T10:12:49.237904Z[0m [34mDEBUG[0m [2mhyper::proto::h1::io[0m[2m:[0m parsed 4 headers
[2m2025-12-10T10:12:49.237943Z[0m [34mDEBUG[0m [2mhyper::proto::h1::conn[0m[2m:[0m incoming body is content-length (777 bytes)
[2m2025-12-10T10:12:49.237969Z[0m [34mDEBUG[0m [2mhyper::proto::h1::conn[0m[2m:[0m incoming body completed
[2m2025-12-10T10:12:49.238002Z[0m [34mDEBUG[0m [2mhyper::client::pool[0m[2m:[0m pooling idle connection for ("http", 192.168.0.14:8545)
[2m2025-12-10T10:12:49.238018Z[0m [34mDEBUG[0m [2methereum_transaction_pool_monitor::eth_client[0m[2m:[0m 📡 Transaction fetch RPC completed in 6.687459ms
[2m2025-12-10T10:12:49.309805Z[0m [34mDEBUG[0m [2methereum_transaction_pool_monitor::eth_client[0m[2m:[0m ✅ Transaction 0x5f821dafe1822cba399a83f6d9e25942f205cb0c053082e3b0b4e32088b02a8c fetched and parsed in 78.472042ms
[2m2025-12-10T10:12:49.309832Z[0m [34mDEBUG[0m [2methereum_transaction_pool_monitor::mempool_monitor[0m[2m:[0m 🔍 Skipping tx 0x5f821dafe1822cba399a83f6d9e25942f205cb0c053082e3b0b4e32088b02a8c - not a DEX interaction (target: 0xb3999F658C0391d94A37f7FF328F3feC942BcADC)
[2m2025-12-10T10:12:49.309882Z[0m [34mDEBUG[0m [2mhyper::client::pool[0m[2m:[0m reuse idle connection for ("http", 192.168.0.14:8545)
[2m2025-12-10T10:12:49.309921Z[0m [34mDEBUG[0m [2mhyper::proto::h1::io[0m[2m:[0m flushed 172 bytes
[2m2025-12-10T10:12:49.312771Z[0m [34mDEBUG[0m [2mhyper::proto::h1::io[0m[2m:[0m parsed 4 headers
[2m2025-12-10T10:12:49.312782Z[0m [34mDEBUG[0m [2mhyper::proto::h1::conn[0m[2m:[0m incoming body is content-length (45 bytes)
[2m2025-12-10T10:12:49.312792Z[0m [34mDEBUG[0m [2mhyper::proto::h1::conn[0m[2m:[0m incoming body completed
[2m2025-12-10T10:12:49.312803Z[0m [34mDEBUG[0m [2mhyper::client::pool[0m[2m:[0m pooling idle connection for ("http", 192.168.0.14:8545)
[2m2025-12-10T10:12:49.347288Z[0m [34mDEBUG[0m [2methereum_transaction_pool_monitor::eth_client[0m[2m:[0m 📨 Received WebSocket message: {"jsonrpc":"2.0","method":"eth_subscription","params":{"subscription":"0xbed0a0851463e895960a451075a301a9","result":"0xf06e71e5a154930f7a05881efabceefb5d2685a2a22a4747c54b3188284c42a5"}}
[2m2025-12-10T10:12:49.347306Z[0m [34mDEBUG[0m [2methereum_transaction_pool_monitor::eth_client[0m[2m:[0m 📨 Received pending transaction: 0xf06e71e5a154930f7a05881efabceefb5d2685a2a22a4747c54b3188284c42a5
[2m2025-12-10T10:12:49.347314Z[0m [34mDEBUG[0m [2methereum_transaction_pool_monitor::mempool_monitor[0m[2m:[0m 📨 Processing new pending transaction: 0xf06e71e5a154930f7a05881efabceefb5d2685a2a22a4747c54b3188284c42a5
[2m2025-12-10T10:12:49.347320Z[0m [34mDEBUG[0m [2methereum_transaction_pool_monitor::mempool_monitor[0m[2m:[0m 🔍 Fetching transaction details for: 0xf06e71e5a154930f7a05881efabceefb5d2685a2a22a4747c54b3188284c42a5
[2m2025-12-10T10:12:49.347325Z[0m [34mDEBUG[0m [2methereum_transaction_pool_monitor::eth_client[0m[2m:[0m 🔍 Fetching transaction details for hash: 0xf06e71e5a154930f7a05881efabceefb5d2685a2a22a4747c54b3188284c42a5
[2m2025-12-10T10:12:49.347346Z[0m [34mDEBUG[0m [2mhyper::client::pool[0m[2m:[0m reuse idle connection for ("http", 192.168.0.14:8545)
[2m2025-12-10T10:12:49.347370Z[0m [34mDEBUG[0m [2mhyper::proto::h1::io[0m[2m:[0m flushed 250 bytes
[2m2025-12-10T10:12:49.351910Z[0m [34mDEBUG[0m [2methereum_transaction_pool_monitor::eth_client[0m[2m:[0m 📨 Received WebSocket message: {"jsonrpc":"2.0","method":"eth_subscription","params":{"subscription":"0xbed0a0851463e895960a451075a301a9","result":"0x9e784a705d34e88a928469822a7a994cff5fbe37c890b04ac0128e947124b46b"}}
[2m2025-12-10T10:12:49.351921Z[0m [34mDEBUG[0m [2methereum_transaction_pool_monitor::eth_client[0m[2m:[0m 📨 Received pending transaction: 0x9e784a705d34e88a928469822a7a994cff5fbe37c890b04ac0128e947124b46b
[2m2025-12-10T10:12:49.352631Z[0m [34mDEBUG[0m [2mhyper::proto::h1::io[0m[2m:[0m parsed 4 headers
[2m2025-12-10T10:12:49.352638Z[0m [34mDEBUG[0m [2mhyper::proto::h1::conn[0m[2m:[0m incoming body is content-length (775 bytes)
[2m2025-12-10T10:12:49.352647Z[0m [34mDEBUG[0m [2mhyper::proto::h1::conn[0m[2m:[0m incoming body completed
[2m2025-12-10T10:12:49.352657Z[0m [34mDEBUG[0m [2mhyper::client::pool[0m[2m:[0m pooling idle connection for ("http", 192.168.0.14:8545)
[2m2025-12-10T10:12:49.352667Z[0m [34mDEBUG[0m [2methereum_transaction_pool_monitor::eth_client[0m[2m:[0m 📡 Transaction fetch RPC completed in 5.337375ms
[2m2025-12-10T10:12:49.352686Z[0m [34mDEBUG[0m [2methereum_transaction_pool_monitor::eth_client[0m[2m:[0m DeFi transaction detected - Address: 0xdac17f958d2ee523a2206206994597c13d831ec7, Type: Stablecoin, Value: 0 ETH, Gas: 200.00 Gwei
[2m2025-12-10T10:12:49.352700Z[0m [34mDEBUG[0m [2methereum_transaction_pool_monitor::eth_client[0m[2m:[0m ✅ Transaction 0xf06e71e5a154930f7a05881efabceefb5d2685a2a22a4747c54b3188284c42a5 fetched and parsed in 5.371ms
[2m2025-12-10T10:12:49.352708Z[0m [34mDEBUG[0m [2methereum_transaction_pool_monitor::mempool_monitor[0m[2m:[0m 🔍 Skipping tx 0xf06e71e5a154930f7a05881efabceefb5d2685a2a22a4747c54b3188284c42a5 - not a DEX interaction (target: 0xdAC17F958D2ee523a2206206994597C13D831ec7)
[2m2025-12-10T10:12:49.352715Z[0m [34mDEBUG[0m [2methereum_transaction_pool_monitor::mempool_monitor[0m[2m:[0m 📨 Processing new pending transaction: 0x9e784a705d34e88a928469822a7a994cff5fbe37c890b04ac0128e947124b46b
[2m2025-12-10T10:12:49.352720Z[0m [34mDEBUG[0m [2methereum_transaction_pool_monitor::mempool_monitor[0m[2m:[0m 🔍 Fetching transaction details for: 0x9e784a705d34e88a928469822a7a994cff5fbe37c890b04ac0128e947124b46b
[2m2025-12-10T10:12:49.352724Z[0m [34mDEBUG[0m [2methereum_transaction_pool_monitor::eth_client[0m[2m:[0m 🔍 Fetching transaction details for hash: 0x9e784a705d34e88a928469822a7a994cff5fbe37c890b04ac0128e947124b46b
[2m2025-12-10T10:12:49.352737Z[0m [34mDEBUG[0m [2mhyper::client::pool[0m[2m:[0m reuse idle connection for ("http", 192.168.0.14:8545)
[2m2025-12-10T10:12:49.352757Z[0m [34mDEBUG[0m [2mhyper::proto::h1::io[0m[2m:[0m flushed 250 bytes
[2m2025-12-10T10:12:49.362653Z[0m [34mDEBUG[0m [2mhyper::proto::h1::io[0m[2m:[0m parsed 4 headers
[2m2025-12-10T10:12:49.362666Z[0m [34mDEBUG[0m [2mhyper::proto::h1::conn[0m[2m:[0m incoming body is content-length (774 bytes)
[2m2025-12-10T10:12:49.362673Z[0m [34mDEBUG[0m [2mhyper::proto::h1::conn[0m[2m:[0m incoming body completed
[2m2025-12-10T10:12:49.362683Z[0m [34mDEBUG[0m [2mhyper::client::pool[0m[2m:[0m pooling idle connection for ("http", 192.168.0.14:8545)
[2m2025-12-10T10:12:49.362690Z[0m [34mDEBUG[0m [2methereum_transaction_pool_monitor::eth_client[0m[2m:[0m 📡 Transaction fetch RPC completed in 9.96175ms
[2m2025-12-10T10:12:49.434269Z[0m [34mDEBUG[0m [2methereum_transaction_pool_monitor::eth_client[0m[2m:[0m ✅ Transaction 0x9e784a705d34e88a928469822a7a994cff5fbe37c890b04ac0128e947124b46b fetched and parsed in 81.53875ms
[2m2025-12-10T10:12:49.434300Z[0m [34mDEBUG[0m [2methereum_transaction_pool_monitor::mempool_monitor[0m[2m:[0m 🔍 Skipping tx 0x9e784a705d34e88a928469822a7a994cff5fbe37c890b04ac0128e947124b46b - not a DEX interaction (target: 0xA0b86991c6218b36c1d19D4a2e9Eb0cE3606eB48)
[2m2025-12-10T10:12:49.434341Z[0m [34mDEBUG[0m [2mhyper::client::pool[0m[2m:[0m reuse idle connection for ("http", 192.168.0.14:8545)
[2m2025-12-10T10:12:49.434369Z[0m [34mDEBUG[0m [2mhyper::proto::h1::io[0m[2m:[0m flushed 172 bytes
[2m2025-12-10T10:12:49.434370Z[0m [34mDEBUG[0m [2methereum_transaction_pool_monitor::eth_client[0m[2m:[0m 📨 Received WebSocket message: {"jsonrpc":"2.0","method":"eth_subscription","params":{"subscription":"0xbed0a0851463e895960a451075a301a9","result":"0x271e7ee1f085e95733f07dfabc0a80fcfd8562bf30071618fc2b8640e94ca5e2"}}
[2m2025-12-10T10:12:49.434397Z[0m [34mDEBUG[0m [2methereum_transaction_pool_monitor::eth_client[0m[2m:[0m 📨 Received pending transaction: 0x271e7ee1f085e95733f07dfabc0a80fcfd8562bf30071618fc2b8640e94ca5e2
[2m2025-12-10T10:12:49.434409Z[0m [34mDEBUG[0m [2methereum_transaction_pool_monitor::eth_client[0m[2m:[0m 📨 Received WebSocket message: {"jsonrpc":"2.0","method":"eth_subscription","params":{"subscription":"0xbed0a0851463e895960a451075a301a9","result":"0x17a80c9c388b79f7713820f603d931e180b17ca5d5a08e13f42b37680e17f6bc"}}
[2m2025-12-10T10:12:49.434420Z[0m [34mDEBUG[0m [2methereum_transaction_pool_monitor::eth_client[0m[2m:[0m 📨 Received pending transaction: 0x17a80c9c388b79f7713820f603d931e180b17ca5d5a08e13f42b37680e17f6bc
[2m2025-12-10T10:12:49.434430Z[0m [34mDEBUG[0m [2methereum_transaction_pool_monitor::eth_client[0m[2m:[0m 📨 Received WebSocket message: {"jsonrpc":"2.0","method":"eth_subscription","params":{"subscription":"0xbed0a0851463e895960a451075a301a9","result":"0x9e29f592d5b2da8670e20e2c6369ed7ad0cc3fcec836d3ac8eafbbe7b55ee7a4"}}
[2m2025-12-10T10:12:49.434438Z[0m [34mDEBUG[0m [2methereum_transaction_pool_monitor::eth_client[0m[2m:[0m 📨 Received pending transaction: 0x9e29f592d5b2da8670e20e2c6369ed7ad0cc3fcec836d3ac8eafbbe7b55ee7a4
[2m2025-12-10T10:12:49.434444Z[0m [34mDEBUG[0m [2methereum_transaction_pool_monitor::eth_client[0m[2m:[0m 📨 Received WebSocket message: {"jsonrpc":"2.0","method":"eth_subscription","params":{"subscription":"0xbed0a0851463e895960a451075a301a9","result":"0xb921a5fd0c79865a13571100e8e01b5b8a05f777484cb73acdd5774555c5ac49"}}
[2m2025-12-10T10:12:49.434452Z[0m [34mDEBUG[0m [2methereum_transaction_pool_monitor::eth_client[0m[2m:[0m 📨 Received pending transaction: 0xb921a5fd0c79865a13571100e8e01b5b8a05f777484cb73acdd5774555c5ac49
[2m2025-12-10T10:12:49.434458Z[0m [34mDEBUG[0m [2methereum_transaction_pool_monitor::eth_client[0m[2m:[0m 📨 Received WebSocket message: {"jsonrpc":"2.0","method":"eth_subscription","params":{"subscription":"0xbed0a0851463e895960a451075a301a9","result":"0x88fbadb0169bbc150990cdc6ed56d7fb710d73f606eb32710daa0d19d9faf674"}}
[2m2025-12-10T10:12:49.434469Z[0m [34mDEBUG[0m [2methereum_transaction_pool_monitor::eth_client[0m[2m:[0m 📨 Received pending transaction: 0x88fbadb0169bbc150990cdc6ed56d7fb710d73f606eb32710daa0d19d9faf674
[2m2025-12-10T10:12:49.434477Z[0m [34mDEBUG[0m [2methereum_transaction_pool_monitor::eth_client[0m[2m:[0m 📨 Received WebSocket message: {"jsonrpc":"2.0","method":"eth_subscription","params":{"subscription":"0xbed0a0851463e895960a451075a301a9","result":"0x681e19c9faeb54556c25a43a1bafea6be2c6960bfae19e47958b2ebd79212201"}}
[2m2025-12-10T10:12:49.434485Z[0m [34mDEBUG[0m [2methereum_transaction_pool_monitor::eth_client[0m[2m:[0m 📨 Received pending transaction: 0x681e19c9faeb54556c25a43a1bafea6be2c6960bfae19e47958b2ebd79212201
[2m2025-12-10T10:12:49.434494Z[0m [34mDEBUG[0m [2methereum_transaction_pool_monitor::mempool_monitor[0m[2m:[0m 📨 Processing new pending transaction: 0x271e7ee1f085e95733f07dfabc0a80fcfd8562bf30071618fc2b8640e94ca5e2
[2m2025-12-10T10:12:49.434501Z[0m [34mDEBUG[0m [2methereum_transaction_pool_monitor::mempool_monitor[0m[2m:[0m 🔍 Fetching transaction details for: 0x271e7ee1f085e95733f07dfabc0a80fcfd8562bf30071618fc2b8640e94ca5e2
[2m2025-12-10T10:12:49.434505Z[0m [34mDEBUG[0m [2methereum_transaction_pool_monitor::eth_client[0m[2m:[0m 🔍 Fetching transaction details for hash: 0x271e7ee1f085e95733f07dfabc0a80fcfd8562bf30071618fc2b8640e94ca5e2
[2m2025-12-10T10:12:49.434523Z[0m [34mDEBUG[0m [2mhyper::client::pool[0m[2m:[0m reuse idle connection for ("http", 192.168.0.14:8545)
[2m2025-12-10T10:12:49.434539Z[0m [34mDEBUG[0m [2mhyper::proto::h1::io[0m[2m:[0m flushed 250 bytes
[2m2025-12-10T10:12:49.438595Z[0m [34mDEBUG[0m [2mhyper::proto::h1::io[0m[2m:[0m parsed 4 headers
[2m2025-12-10T10:12:49.438600Z[0m [34mDEBUG[0m [2mhyper::proto::h1::conn[0m[2m:[0m incoming body is content-length (45 bytes)
[2m2025-12-10T10:12:49.438856Z[0m [34mDEBUG[0m [2mhyper::proto::h1::conn[0m[2m:[0m incoming body completed
[2m2025-12-10T10:12:49.438864Z[0m [34mDEBUG[0m [2mhyper::client::pool[0m[2m:[0m pooling idle connection for ("http", 192.168.0.14:8545)
[2m2025-12-10T10:12:49.440079Z[0m [34mDEBUG[0m [2mhyper::proto::h1::io[0m[2m:[0m parsed 4 headers
[2m2025-12-10T10:12:49.440084Z[0m [34mDEBUG[0m [2mhyper::proto::h1::conn[0m[2m:[0m incoming body is content-length (774 bytes)
[2m2025-12-10T10:12:49.440090Z[0m [34mDEBUG[0m [2mhyper::proto::h1::conn[0m[2m:[0m incoming body completed
[2m2025-12-10T10:12:49.440096Z[0m [34mDEBUG[0m [2mhyper::client::pool[0m[2m:[0m pooling idle connection for ("http", 192.168.0.14:8545)
[2m2025-12-10T10:12:49.440101Z[0m [34mDEBUG[0m [2methereum_transaction_pool_monitor::eth_client[0m[2m:[0m 📡 Transaction fetch RPC completed in 5.586417ms
[2m2025-12-10T10:12:49.440113Z[0m [34mDEBUG[0m [2methereum_transaction_pool_monitor::eth_client[0m[2m:[0m DeFi transaction detected - Address: 0xdac17f958d2ee523a2206206994597c13d831ec7, Type: Stablecoin, Value: 0 ETH, Gas: 200.00 Gwei
[2m2025-12-10T10:12:49.440124Z[0m [34mDEBUG[0m [2methereum_transaction_pool_monitor::eth_client[0m[2m:[0m ✅ Transaction 0x271e7ee1f085e95733f07dfabc0a80fcfd8562bf30071618fc2b8640e94ca5e2 fetched and parsed in 5.609708ms
[2m2025-12-10T10:12:49.440130Z[0m [34mDEBUG[0m [2methereum_transaction_pool_monitor::mempool_monitor[0m[2m:[0m 🔍 Skipping tx 0x271e7ee1f085e95733f07dfabc0a80fcfd8562bf30071618fc2b8640e94ca5e2 - not a DEX interaction (target: 0xdAC17F958D2ee523a2206206994597C13D831ec7)
[2m2025-12-10T10:12:49.440135Z[0m [34mDEBUG[0m [2methereum_transaction_pool_monitor::mempool_monitor[0m[2m:[0m 📨 Processing new pending transaction: 0x17a80c9c388b79f7713820f603d931e180b17ca5d5a08e13f42b37680e17f6bc
[2m2025-12-10T10:12:49.440139Z[0m [34mDEBUG[0m [2methereum_transaction_pool_monitor::mempool_monitor[0m[2m:[0m 🔍 Fetching transaction details for: 0x17a80c9c388b79f7713820f603d931e180b17ca5d5a08e13f42b37680e17f6bc
[2m2025-12-10T10:12:49.440143Z[0m [34mDEBUG[0m [2methereum_transaction_pool_monitor::eth_client[0m[2m:[0m 🔍 Fetching transaction details for hash: 0x17a80c9c388b79f7713820f603d931e180b17ca5d5a08e13f42b37680e17f6bc
[2m2025-12-10T10:12:49.440156Z[0m [34mDEBUG[0m [2mhyper::client::pool[0m[2m:[0m reuse idle connection for ("http", 192.168.0.14:8545)
[2m2025-12-10T10:12:49.440168Z[0m [34mDEBUG[0m [2mhyper::proto::h1::io[0m[2m:[0m flushed 250 bytes
[2m2025-12-10T10:12:49.445253Z[0m [34mDEBUG[0m [2mhyper::proto::h1::io[0m[2m:[0m parsed 4 headers
[2m2025-12-10T10:12:49.445264Z[0m [34mDEBUG[0m [2mhyper::proto::h1::conn[0m[2m:[0m incoming body is content-length (648 bytes)
[2m2025-12-10T10:12:49.445271Z[0m [34mDEBUG[0m [2mhyper::proto::h1::conn[0m[2m:[0m incoming body completed
[2m2025-12-10T10:12:49.445280Z[0m [34mDEBUG[0m [2mhyper::client::pool[0m[2m:[0m pooling idle connection for ("http", 192.168.0.14:8545)
[2m2025-12-10T10:12:49.445287Z[0m [34mDEBUG[0m [2methereum_transaction_pool_monitor::eth_client[0m[2m:[0m 📡 Transaction fetch RPC completed in 5.135416ms
[2m2025-12-10T10:12:49.516083Z[0m [34mDEBUG[0m [2methereum_transaction_pool_monitor::eth_client[0m[2m:[0m ✅ Transaction 0x17a80c9c388b79f7713820f603d931e180b17ca5d5a08e13f42b37680e17f6bc fetched and parsed in 75.928ms
[2m2025-12-10T10:12:49.516112Z[0m [34mDEBUG[0m [2methereum_transaction_pool_monitor::mempool_monitor[0m[2m:[0m 🔍 Skipping tx 0x17a80c9c388b79f7713820f603d931e180b17ca5d5a08e13f42b37680e17f6bc - not a DEX interaction (target: 0x28C6c06298d514Db089934071355E5743bf21d60)
[2m2025-12-10T10:12:49.516123Z[0m [34mDEBUG[0m [2methereum_transaction_pool_monitor::mempool_monitor[0m[2m:[0m 📨 Processing new pending transaction: 0x9e29f592d5b2da8670e20e2c6369ed7ad0cc3fcec836d3ac8eafbbe7b55ee7a4
[2m2025-12-10T10:12:49.516131Z[0m [34mDEBUG[0m [2methereum_transaction_pool_monitor::mempool_monitor[0m[2m:[0m 🔍 Fetching transaction details for: 0x9e29f592d5b2da8670e20e2c6369ed7ad0cc3fcec836d3ac8eafbbe7b55ee7a4
[2m2025-12-10T10:12:49.516136Z[0m [34mDEBUG[0m [2methereum_transaction_pool_monitor::eth_client[0m[2m:[0m 🔍 Fetching transaction details for hash: 0x9e29f592d5b2da8670e20e2c6369ed7ad0cc3fcec836d3ac8eafbbe7b55ee7a4
[2m2025-12-10T10:12:49.516159Z[0m [34mDEBUG[0m [2mhyper::client::pool[0m[2m:[0m reuse idle connection for ("http", 192.168.0.14:8545)
[2m2025-12-10T10:12:49.516201Z[0m [34mDEBUG[0m [2mhyper::proto::h1::io[0m[2m:[0m flushed 250 bytes
[2m2025-12-10T10:12:49.516224Z[0m [34mDEBUG[0m [2mhyper::client::pool[0m[2m:[0m reuse idle connection for ("http", 192.168.0.14:8545)
[2m2025-12-10T10:12:49.516240Z[0m [34mDEBUG[0m [2mhyper::proto::h1::io[0m[2m:[0m flushed 172 bytes
[2m2025-12-10T10:12:49.516281Z[0m [34mDEBUG[0m [2methereum_transaction_pool_monitor::eth_client[0m[2m:[0m 📨 Received WebSocket message: {"jsonrpc":"2.0","method":"eth_subscription","params":{"subscription":"0xbed0a0851463e895960a451075a301a9","result":"0xedf422de00a9f75f96d0f1cef399beb6bb65d01b59686f49199a187eab1c9e62"}}
[2m2025-12-10T10:12:49.516289Z[0m [34mDEBUG[0m [2methereum_transaction_pool_monitor::eth_client[0m[2m:[0m 📨 Received pending transaction: 0xedf422de00a9f75f96d0f1cef399beb6bb65d01b59686f49199a187eab1c9e62
[2m2025-12-10T10:12:49.520538Z[0m [34mDEBUG[0m [2mhyper::proto::h1::io[0m[2m:[0m parsed 4 headers
[2m2025-12-10T10:12:49.520547Z[0m [34mDEBUG[0m [2mhyper::proto::h1::conn[0m[2m:[0m incoming body is content-length (45 bytes)
[2m2025-12-10T10:12:49.520555Z[0m [34mDEBUG[0m [2mhyper::proto::h1::conn[0m[2m:[0m incoming body completed
[2m2025-12-10T10:12:49.520565Z[0m [34mDEBUG[0m [2mhyper::client::pool[0m[2m:[0m pooling idle connection for ("http", 192.168.0.14:8545)
[2m2025-12-10T10:12:49.520583Z[0m [34mDEBUG[0m [2mhyper::proto::h1::io[0m[2m:[0m parsed 4 headers
[2m2025-12-10T10:12:49.520590Z[0m [34mDEBUG[0m [2mhyper::proto::h1::conn[0m[2m:[0m incoming body is content-length (651 bytes)
[2m2025-12-10T10:12:49.520594Z[0m [34mDEBUG[0m [2mhyper::proto::h1::conn[0m[2m:[0m incoming body completed
[2m2025-12-10T10:12:49.520600Z[0m [34mDEBUG[0m [2mhyper::client::pool[0m[2m:[0m pooling idle connection for ("http", 192.168.0.14:8545)
[2m2025-12-10T10:12:49.520606Z[0m [34mDEBUG[0m [2methereum_transaction_pool_monitor::eth_client[0m[2m:[0m 📡 Transaction fetch RPC completed in 4.465333ms
[2m2025-12-10T10:12:49.592851Z[0m [34mDEBUG[0m [2methereum_transaction_pool_monitor::eth_client[0m[2m:[0m ✅ Transaction 0x9e29f592d5b2da8670e20e2c6369ed7ad0cc3fcec836d3ac8eafbbe7b55ee7a4 fetched and parsed in 76.707792ms
[2m2025-12-10T10:12:49.592878Z[0m [34mDEBUG[0m [2methereum_transaction_pool_monitor::mempool_monitor[0m[2m:[0m 🔍 Skipping tx 0x9e29f592d5b2da8670e20e2c6369ed7ad0cc3fcec836d3ac8eafbbe7b55ee7a4 - not a DEX interaction (target: 0x28C6c06298d514Db089934071355E5743bf21d60)
[2m2025-12-10T10:12:49.592890Z[0m [34mDEBUG[0m [2methereum_transaction_pool_monitor::mempool_monitor[0m[2m:[0m 📨 Processing new pending transaction: 0xb921a5fd0c79865a13571100e8e01b5b8a05f777484cb73acdd5774555c5ac49
[2m2025-12-10T10:12:49.592896Z[0m [34mDEBUG[0m [2methereum_transaction_pool_monitor::mempool_monitor[0m[2m:[0m 🔍 Fetching transaction details for: 0xb921a5fd0c79865a13571100e8e01b5b8a05f777484cb73acdd5774555c5ac49
[2m2025-12-10T10:12:49.592904Z[0m [34mDEBUG[0m [2methereum_transaction_pool_monitor::eth_client[0m[2m:[0m 🔍 Fetching transaction details for hash: 0xb921a5fd0c79865a13571100e8e01b5b8a05f777484cb73acdd5774555c5ac49
[2m2025-12-10T10:12:49.592923Z[0m [34mDEBUG[0m [2mhyper::client::pool[0m[2m:[0m reuse idle connection for ("http", 192.168.0.14:8545)
[2m2025-12-10T10:12:49.592975Z[0m [34mDEBUG[0m [2mhyper::proto::h1::io[0m[2m:[0m flushed 250 bytes
[2m2025-12-10T10:12:49.592994Z[0m [34mDEBUG[0m [2methereum_transaction_pool_monitor::eth_client[0m[2m:[0m 📨 Received WebSocket message: {"jsonrpc":"2.0","method":"eth_subscription","params":{"subscription":"0xbed0a0851463e895960a451075a301a9","result":"0xc22f5a7ef4ac15bfafe61b8aade3d2d76368fc53f198e31db9b2cbfb99c39b9d"}}
[2m2025-12-10T10:12:49.593002Z[0m [34mDEBUG[0m [2methereum_transaction_pool_monitor::eth_client[0m[2m:[0m 📨 Received pending transaction: 0xc22f5a7ef4ac15bfafe61b8aade3d2d76368fc53f198e31db9b2cbfb99c39b9d
[2m2025-12-10T10:12:49.593008Z[0m [34mDEBUG[0m [2methereum_transaction_pool_monitor::eth_client[0m[2m:[0m 📨 Received WebSocket message: {"jsonrpc":"2.0","method":"eth_subscription","params":{"subscription":"0xbed0a0851463e895960a451075a301a9","result":"0xb8aefe1b14567fc29ce88c8df4297a6a7441c68236071cb22fdc1fcd770d8c9c"}}
[2m2025-12-10T10:12:49.593017Z[0m [34mDEBUG[0m [2methereum_transaction_pool_monitor::eth_client[0m[2m:[0m 📨 Received pending transaction: 0xb8aefe1b14567fc29ce88c8df4297a6a7441c68236071cb22fdc1fcd770d8c9c
[2m2025-12-10T10:12:49.597185Z[0m [34mDEBUG[0m [2mhyper::proto::h1::io[0m[2m:[0m parsed 4 headers
[2m2025-12-10T10:12:49.597194Z[0m [34mDEBUG[0m [2mhyper::proto::h1::conn[0m[2m:[0m incoming body is content-length (777 bytes)
[2m2025-12-10T10:12:49.597202Z[0m [34mDEBUG[0m [2mhyper::proto::h1::conn[0m[2m:[0m incoming body completed
[2m2025-12-10T10:12:49.597211Z[0m [34mDEBUG[0m [2mhyper::client::pool[0m[2m:[0m pooling idle connection for ("http", 192.168.0.14:8545)
[2m2025-12-10T10:12:49.597218Z[0m [34mDEBUG[0m [2methereum_transaction_pool_monitor::eth_client[0m[2m:[0m 📡 Transaction fetch RPC completed in 4.308917ms
[2m2025-12-10T10:12:49.668116Z[0m [34mDEBUG[0m [2methereum_transaction_pool_monitor::eth_client[0m[2m:[0m ✅ Transaction 0xb921a5fd0c79865a13571100e8e01b5b8a05f777484cb73acdd5774555c5ac49 fetched and parsed in 75.204333ms
[2m2025-12-10T10:12:49.668148Z[0m [34mDEBUG[0m [2methereum_transaction_pool_monitor::mempool_monitor[0m[2m:[0m 🔍 Skipping tx 0xb921a5fd0c79865a13571100e8e01b5b8a05f777484cb73acdd5774555c5ac49 - not a DEX interaction (target: 0x0D8775F648430679A709E98d2b0Cb6250d2887EF)
[2m2025-12-10T10:12:49.668162Z[0m [34mDEBUG[0m [2methereum_transaction_pool_monitor::mempool_monitor[0m[2m:[0m 📨 Processing new pending transaction: 0x88fbadb0169bbc150990cdc6ed56d7fb710d73f606eb32710daa0d19d9faf674
[2m2025-12-10T10:12:49.668169Z[0m [34mDEBUG[0m [2methereum_transaction_pool_monitor::mempool_monitor[0m[2m:[0m 🔍 Fetching transaction details for: 0x88fbadb0169bbc150990cdc6ed56d7fb710d73f606eb32710daa0d19d9faf674
[2m2025-12-10T10:12:49.668176Z[0m [34mDEBUG[0m [2methereum_transaction_pool_monitor::eth_client[0m[2m:[0m 🔍 Fetching transaction details for hash: 0x88fbadb0169bbc150990cdc6ed56d7fb710d73f606eb32710daa0d19d9faf674
[2m2025-12-10T10:12:49.668197Z[0m [34mDEBUG[0m [2mhyper::client::pool[0m[2m:[0m reuse idle connection for ("http", 192.168.0.14:8545)
[2m2025-12-10T10:12:49.668249Z[0m [34mDEBUG[0m [2mhyper::proto::h1::io[0m[2m:[0m flushed 250 bytes
[2m2025-12-10T10:12:49.668269Z[0m [34mDEBUG[0m [2mhyper::client::pool[0m[2m:[0m reuse idle connection for ("http", 192.168.0.14:8545)
[2m2025-12-10T10:12:49.668284Z[0m [34mDEBUG[0m [2methereum_transaction_pool_monitor::eth_client[0m[2m:[0m 📨 Received WebSocket message: {"jsonrpc":"2.0","method":"eth_subscription","params":{"subscription":"0xbed0a0851463e895960a451075a301a9","result":"0x784149fb94b66c6e277ee8c6f90a23ae7a864965bc2cd7f6abca8408699d0373"}}
[2m2025-12-10T10:12:49.668362Z[0m [34mDEBUG[0m [2methereum_transaction_pool_monitor::eth_client[0m[2m:[0m 📨 Received pending transaction: 0x784149fb94b66c6e277ee8c6f90a23ae7a864965bc2cd7f6abca8408699d0373
[2m2025-12-10T10:12:49.668367Z[0m [34mDEBUG[0m [2mhyper::proto::h1::io[0m[2m:[0m flushed 172 bytes
[2m2025-12-10T10:12:49.668375Z[0m [34mDEBUG[0m [2methereum_transaction_pool_monitor::eth_client[0m[2m:[0m 📨 Received WebSocket message: {"jsonrpc":"2.0","method":"eth_subscription","params":{"subscription":"0xbed0a0851463e895960a451075a301a9","result":"0xa2531b2ba7f39e8c1725002cca2a6eddacbbaf39b869a6d2e7bb7b4110def011"}}
[2m2025-12-10T10:12:49.668384Z[0m [34mDEBUG[0m [2methereum_transaction_pool_monitor::eth_client[0m[2m:[0m 📨 Received pending transaction: 0xa2531b2ba7f39e8c1725002cca2a6eddacbbaf39b869a6d2e7bb7b4110def011
[2m2025-12-10T10:12:49.668390Z[0m [34mDEBUG[0m [2methereum_transaction_pool_monitor::eth_client[0m[2m:[0m 📨 Received WebSocket message: {"jsonrpc":"2.0","method":"eth_subscription","params":{"subscription":"0xbed0a0851463e895960a451075a301a9","result":"0x4912df4edf4c34cd11bd4b2106cdc1918703c7210c701fa2c592d66cd2a79589"}}
[2m2025-12-10T10:12:49.668395Z[0m [34mDEBUG[0m [2methereum_transaction_pool_monitor::eth_client[0m[2m:[0m 📨 Received pending transaction: 0x4912df4edf4c34cd11bd4b2106cdc1918703c7210c701fa2c592d66cd2a79589
[2m2025-12-10T10:12:49.668399Z[0m [34mDEBUG[0m [2methereum_transaction_pool_monitor::eth_client[0m[2m:[0m 📨 Received WebSocket message: {"jsonrpc":"2.0","method":"eth_subscription","params":{"subscription":"0xbed0a0851463e895960a451075a301a9","result":"0x1becc60ccfe1739ca428ccacdb37781f8175a74662df6c6e443758ba392e0686"}}
[2m2025-12-10T10:12:49.668404Z[0m [34mDEBUG[0m [2methereum_transaction_pool_monitor::eth_client[0m[2m:[0m 📨 Received pending transaction: 0x1becc60ccfe1739ca428ccacdb37781f8175a74662df6c6e443758ba392e0686
[2m2025-12-10T10:12:49.668411Z[0m [34mDEBUG[0m [2methereum_transaction_pool_monitor::eth_client[0m[2m:[0m 📨 Received WebSocket message: {"jsonrpc":"2.0","method":"eth_subscription","params":{"subscription":"0xbed0a0851463e895960a451075a301a9","result":"0x4900917e16b49c27dbb12dae16d7be01fe50ed49ace850bcb64e6f7ad1b94f52"}}
[2m2025-12-10T10:12:49.668417Z[0m [34mDEBUG[0m [2methereum_transaction_pool_monitor::eth_client[0m[2m:[0m 📨 Received pending transaction: 0x4900917e16b49c27dbb12dae16d7be01fe50ed49ace850bcb64e6f7ad1b94f52
[2m2025-12-10T10:12:49.672495Z[0m [34mDEBUG[0m [2mhyper::proto::h1::io[0m[2m:[0m parsed 4 headers
[2m2025-12-10T10:12:49.672501Z[0m [34mDEBUG[0m [2mhyper::proto::h1::conn[0m[2m:[0m incoming body is content-length (778 bytes)
[2m2025-12-10T10:12:49.672508Z[0m [34mDEBUG[0m [2mhyper::proto::h1::conn[0m[2m:[0m incoming body completed
[2m2025-12-10T10:12:49.672515Z[0m [34mDEBUG[0m [2mhyper::client::pool[0m[2m:[0m pooling idle connection for ("http", 192.168.0.14:8545)
[2m2025-12-10T10:12:49.672522Z[0m [34mDEBUG[0m [2methereum_transaction_pool_monitor::eth_client[0m[2m:[0m 📡 Transaction fetch RPC completed in 4.338917ms
[2m2025-12-10T10:12:49.744074Z[0m [34mDEBUG[0m [2methereum_transaction_pool_monitor::eth_client[0m[2m:[0m ✅ Transaction 0x88fbadb0169bbc150990cdc6ed56d7fb710d73f606eb32710daa0d19d9faf674 fetched and parsed in 75.889334ms
[2m2025-12-10T10:12:49.744101Z[0m [34mDEBUG[0m [2methereum_transaction_pool_monitor::mempool_monitor[0m[2m:[0m 🔍 Skipping tx 0x88fbadb0169bbc150990cdc6ed56d7fb710d73f606eb32710daa0d19d9faf674 - not a DEX interaction (target: 0xaea46A60368A7bD060eec7DF8CBa43b7EF41Ad85)
[2m2025-12-10T10:12:49.744111Z[0m [34mDEBUG[0m [2methereum_transaction_pool_monitor::mempool_monitor[0m[2m:[0m 📨 Processing new pending transaction: 0x681e19c9faeb54556c25a43a1bafea6be2c6960bfae19e47958b2ebd79212201
[2m2025-12-10T10:12:49.744119Z[0m [34mDEBUG[0m [2methereum_transaction_pool_monitor::mempool_monitor[0m[2m:[0m 🔍 Fetching transaction details for: 0x681e19c9faeb54556c25a43a1bafea6be2c6960bfae19e47958b2ebd79212201
[2m2025-12-10T10:12:49.744127Z[0m [34mDEBUG[0m [2methereum_transaction_pool_monitor::eth_client[0m[2m:[0m 🔍 Fetching transaction details for hash: 0x681e19c9faeb54556c25a43a1bafea6be2c6960bfae19e47958b2ebd79212201
[2m2025-12-10T10:12:49.744148Z[0m [34mDEBUG[0m [2mhyper::client::pool[0m[2m:[0m reuse idle connection for ("http", 192.168.0.14:8545)
[2m2025-12-10T10:12:49.744194Z[0m [34mDEBUG[0m [2mhyper::proto::h1::io[0m[2m:[0m flushed 250 bytes
[2m2025-12-10T10:12:49.744929Z[0m [34mDEBUG[0m [2mhyper::proto::h1::io[0m[2m:[0m parsed 4 headers
[2m2025-12-10T10:12:49.744936Z[0m [34mDEBUG[0m [2mhyper::proto::h1::conn[0m[2m:[0m incoming body is content-length (45 bytes)
[2m2025-12-10T10:12:49.744946Z[0m [34mDEBUG[0m [2mhyper::proto::h1::conn[0m[2m:[0m incoming body completed
[2m2025-12-10T10:12:49.744956Z[0m [34mDEBUG[0m [2mhyper::client::pool[0m[2m:[0m pooling idle connection for ("http", 192.168.0.14:8545)
[2m2025-12-10T10:12:49.744978Z[0m [34mDEBUG[0m [2mhyper::client::pool[0m[2m:[0m reuse idle connection for ("http", 192.168.0.14:8545)
[2m2025-12-10T10:12:49.744997Z[0m [34mDEBUG[0m [2mhyper::proto::h1::io[0m[2m:[0m flushed 172 bytes
[2m2025-12-10T10:12:49.749346Z[0m [34mDEBUG[0m [2mhyper::proto::h1::io[0m[2m:[0m parsed 4 headers
[2m2025-12-10T10:12:49.749353Z[0m [34mDEBUG[0m [2mhyper::proto::h1::conn[0m[2m:[0m incoming body is content-length (45 bytes)
[2m2025-12-10T10:12:49.749359Z[0m [34mDEBUG[0m [2mhyper::proto::h1::conn[0m[2m:[0m incoming body completed
[2m2025-12-10T10:12:49.749366Z[0m [34mDEBUG[0m [2mhyper::client::pool[0m[2m:[0m pooling idle connection for ("http", 192.168.0.14:8545)
[2m2025-12-10T10:12:49.755846Z[0m [34mDEBUG[0m [2methereum_transaction_pool_monitor::eth_client[0m[2m:[0m 📨 Received WebSocket message: {"jsonrpc":"2.0","method":"eth_subscription","params":{"subscription":"0xbed0a0851463e895960a451075a301a9","result":"0x10bcd6ddd41d8e6198cfbf8488f8eaf56ecd7a981c359a232deca9235802e9a9"}}
[2m2025-12-10T10:12:49.755857Z[0m [34mDEBUG[0m [2methereum_transaction_pool_monitor::eth_client[0m[2m:[0m 📨 Received pending transaction: 0x10bcd6ddd41d8e6198cfbf8488f8eaf56ecd7a981c359a232deca9235802e9a9
[2m2025-12-10T10:12:49.755869Z[0m [34mDEBUG[0m [2mhyper::proto::h1::io[0m[2m:[0m parsed 4 headers
[2m2025-12-10T10:12:49.755874Z[0m [34mDEBUG[0m [2mhyper::proto::h1::conn[0m[2m:[0m incoming body is content-length (775 bytes)
[2m2025-12-10T10:12:49.755880Z[0m [34mDEBUG[0m [2mhyper::proto::h1::conn[0m[2m:[0m incoming body completed
[2m2025-12-10T10:12:49.755892Z[0m [34mDEBUG[0m [2mhyper::client::pool[0m[2m:[0m pooling idle connection for ("http", 192.168.0.14:8545)
[2m2025-12-10T10:12:49.755899Z[0m [34mDEBUG[0m [2methereum_transaction_pool_monitor::eth_client[0m[2m:[0m 📡 Transaction fetch RPC completed in 11.766375ms
[2m2025-12-10T10:12:49.755916Z[0m [34mDEBUG[0m [2methereum_transaction_pool_monitor::eth_client[0m[2m:[0m DeFi transaction detected - Address: 0xdac17f958d2ee523a2206206994597c13d831ec7, Type: Stablecoin, Value: 0 ETH, Gas: 200.00 Gwei
[2m2025-12-10T10:12:49.755934Z[0m [34mDEBUG[0m [2methereum_transaction_pool_monitor::eth_client[0m[2m:[0m ✅ Transaction 0x681e19c9faeb54556c25a43a1bafea6be2c6960bfae19e47958b2ebd79212201 fetched and parsed in 11.801542ms
[2m2025-12-10T10:12:49.755941Z[0m [34mDEBUG[0m [2methereum_transaction_pool_monitor::mempool_monitor[0m[2m:[0m 🔍 Skipping tx 0x681e19c9faeb54556c25a43a1bafea6be2c6960bfae19e47958b2ebd79212201 - not a DEX interaction (target: 0xdAC17F958D2ee523a2206206994597C13D831ec7)
[2m2025-12-10T10:12:49.755951Z[0m [34mDEBUG[0m [2methereum_transaction_pool_monitor::mempool_monitor[0m[2m:[0m 📨 Processing new pending transaction: 0xedf422de00a9f75f96d0f1cef399beb6bb65d01b59686f49199a187eab1c9e62
[2m2025-12-10T10:12:49.755956Z[0m [34mDEBUG[0m [2methereum_transaction_pool_monitor::mempool_monitor[0m[2m:[0m 🔍 Fetching transaction details for: 0xedf422de00a9f75f96d0f1cef399beb6bb65d01b59686f49199a187eab1c9e62
[2m2025-12-10T10:12:49.755961Z[0m [34mDEBUG[0m [2methereum_transaction_pool_monitor::eth_client[0m[2m:[0m 🔍 Fetching transaction details for hash: 0xedf422de00a9f75f96d0f1cef399beb6bb65d01b59686f49199a187eab1c9e62
[2m2025-12-10T10:12:49.755982Z[0m [34mDEBUG[0m [2mhyper::client::pool[0m[2m:[0m reuse idle connection for ("http", 192.168.0.14:8545)
[2m2025-12-10T10:12:49.756000Z[0m [34mDEBUG[0m [2mhyper::proto::h1::io[0m[2m:[0m flushed 250 bytes
[2m2025-12-10T10:12:49.760857Z[0m [34mDEBUG[0m [2mhyper::proto::h1::io[0m[2m:[0m parsed 4 headers
[2m2025-12-10T10:12:49.760864Z[0m [34mDEBUG[0m [2mhyper::proto::h1::conn[0m[2m:[0m incoming body is content-length (775 bytes)
[2m2025-12-10T10:12:49.760869Z[0m [34mDEBUG[0m [2mhyper::proto::h1::conn[0m[2m:[0m incoming body completed
[2m2025-12-10T10:12:49.760875Z[0m [34mDEBUG[0m [2mhyper::client::pool[0m[2m:[0m pooling idle connection for ("http", 192.168.0.14:8545)
[2m2025-12-10T10:12:49.760880Z[0m [34mDEBUG[0m [2methereum_transaction_pool_monitor::eth_client[0m[2m:[0m 📡 Transaction fetch RPC completed in 4.911333ms
[2m2025-12-10T10:12:49.760890Z[0m [34mDEBUG[0m [2methereum_transaction_pool_monitor::eth_client[0m[2m:[0m DeFi transaction detected - Address: 0xdac17f958d2ee523a2206206994597c13d831ec7, Type: Stablecoin, Value: 0 ETH, Gas: 200.00 Gwei
[2m2025-12-10T10:12:49.760899Z[0m [34mDEBUG[0m [2methereum_transaction_pool_monitor::eth_client[0m[2m:[0m ✅ Transaction 0xedf422de00a9f75f96d0f1cef399beb6bb65d01b59686f49199a187eab1c9e62 fetched and parsed in 4.930791ms
[2m2025-12-10T10:12:49.760904Z[0m [34mDEBUG[0m [2methereum_transaction_pool_monitor::mempool_monitor[0m[2m:[0m 🔍 Skipping tx 0xedf422de00a9f75f96d0f1cef399beb6bb65d01b59686f49199a187eab1c9e62 - not a DEX interaction (target: 0xdAC17F958D2ee523a2206206994597C13D831ec7)
[2m2025-12-10T10:12:49.760910Z[0m [34mDEBUG[0m [2methereum_transaction_pool_monitor::mempool_monitor[0m[2m:[0m 📨 Processing new pending transaction: 0xc22f5a7ef4ac15bfafe61b8aade3d2d76368fc53f198e31db9b2cbfb99c39b9d
[2m2025-12-10T10:12:49.760914Z[0m [34mDEBUG[0m [2methereum_transaction_pool_monitor::mempool_monitor[0m[2m:[0m 🔍 Fetching transaction details for: 0xc22f5a7ef4ac15bfafe61b8aade3d2d76368fc53f198e31db9b2cbfb99c39b9d
[2m2025-12-10T10:12:49.760918Z[0m [34mDEBUG[0m [2methereum_transaction_pool_monitor::eth_client[0m[2m:[0m 🔍 Fetching transaction details for hash: 0xc22f5a7ef4ac15bfafe61b8aade3d2d76368fc53f198e31db9b2cbfb99c39b9d
[2m2025-12-10T10:12:49.760927Z[0m [34mDEBUG[0m [2mhyper::client::pool[0m[2m:[0m reuse idle connection for ("http", 192.168.0.14:8545)
[2m2025-12-10T10:12:49.760943Z[0m [34mDEBUG[0m [2mhyper::proto::h1::io[0m[2m:[0m flushed 250 bytes
[2m2025-12-10T10:12:49.761569Z[0m [34mDEBUG[0m [2methereum_transaction_pool_monitor::eth_client[0m[2m:[0m 📨 Received WebSocket message: {"jsonrpc":"2.0","method":"eth_subscription","params":{"subscription":"0xbed0a0851463e895960a451075a301a9","result":"0xdd3328331159a2f8d851f95281f910a5c533279e82c023230fd3c239fa9ab58c"}}
[2m2025-12-10T10:12:49.761579Z[0m [34mDEBUG[0m [2methereum_transaction_pool_monitor::eth_client[0m[2m:[0m 📨 Received pending transaction: 0xdd3328331159a2f8d851f95281f910a5c533279e82c023230fd3c239fa9ab58c
[2m2025-12-10T10:12:49.767259Z[0m [34mDEBUG[0m [2mhyper::proto::h1::io[0m[2m:[0m parsed 4 headers
[2m2025-12-10T10:12:49.767272Z[0m [34mDEBUG[0m [2mhyper::proto::h1::conn[0m[2m:[0m incoming body is content-length (777 bytes)
[2m2025-12-10T10:12:49.767281Z[0m [34mDEBUG[0m [2mhyper::proto::h1::conn[0m[2m:[0m incoming body completed
[2m2025-12-10T10:12:49.767289Z[0m [34mDEBUG[0m [2mhyper::client::pool[0m[2m:[0m pooling idle connection for ("http", 192.168.0.14:8545)
[2m2025-12-10T10:12:49.767296Z[0m [34mDEBUG[0m [2methereum_transaction_pool_monitor::eth_client[0m[2m:[0m 📡 Transaction fetch RPC completed in 6.374209ms
[2m2025-12-10T10:12:49.838825Z[0m [34mDEBUG[0m [2methereum_transaction_pool_monitor::eth_client[0m[2m:[0m ✅ Transaction 0xc22f5a7ef4ac15bfafe61b8aade3d2d76368fc53f198e31db9b2cbfb99c39b9d fetched and parsed in 77.901084ms
[2m2025-12-10T10:12:49.838855Z[0m [34mDEBUG[0m [2methereum_transaction_pool_monitor::mempool_monitor[0m[2m:[0m 🔍 Skipping tx 0xc22f5a7ef4ac15bfafe61b8aade3d2d76368fc53f198e31db9b2cbfb99c39b9d - not a DEX interaction (target: 0x467719aD09025FcC6cF6F8311755809d45a5E5f3)
[2m2025-12-10T10:12:49.838868Z[0m [34mDEBUG[0m [2methereum_transaction_pool_monitor::mempool_monitor[0m[2m:[0m 📨 Processing new pending transaction: 0xb8aefe1b14567fc29ce88c8df4297a6a7441c68236071cb22fdc1fcd770d8c9c
[2m2025-12-10T10:12:49.838878Z[0m [34mDEBUG[0m [2methereum_transaction_pool_monitor::mempool_monitor[0m[2m:[0m 🔍 Fetching transaction details for: 0xb8aefe1b14567fc29ce88c8df4297a6a7441c68236071cb22fdc1fcd770d8c9c
[2m2025-12-10T10:12:49.838889Z[0m [34mDEBUG[0m [2methereum_transaction_pool_monitor::eth_client[0m[2m:[0m 🔍 Fetching transaction details for hash: 0xb8aefe1b14567fc29ce88c8df4297a6a7441c68236071cb22fdc1fcd770d8c9c
[2m2025-12-10T10:12:49.838910Z[0m [34mDEBUG[0m [2mhyper::client::pool[0m[2m:[0m reuse idle connection for ("http", 192.168.0.14:8545)
[2m2025-12-10T10:12:49.838950Z[0m [34mDEBUG[0m [2mhyper::proto::h1::io[0m[2m:[0m flushed 250 bytes
[2m2025-12-10T10:12:49.838972Z[0m [34mDEBUG[0m [2mhyper::client::pool[0m[2m:[0m reuse idle connection for ("http", 192.168.0.14:8545)
[2m2025-12-10T10:12:49.838986Z[0m [34mDEBUG[0m [2mhyper::proto::h1::io[0m[2m:[0m flushed 172 bytes
[2m2025-12-10T10:12:49.839018Z[0m [34mDEBUG[0m [2methereum_transaction_pool_monitor::eth_client[0m[2m:[0m 📨 Received WebSocket message: {"jsonrpc":"2.0","method":"eth_subscription","params":{"subscription":"0xbed0a0851463e895960a451075a301a9","result":"0x720429a998764ec7ef742e9addcb909ac0041f62aca6840a0217c746a6457203"}}
[2m2025-12-10T10:12:49.839027Z[0m [34mDEBUG[0m [2methereum_transaction_pool_monitor::eth_client[0m[2m:[0m 📨 Received pending transaction: 0x720429a998764ec7ef742e9addcb909ac0041f62aca6840a0217c746a6457203
[2m2025-12-10T10:12:49.839033Z[0m [34mDEBUG[0m [2methereum_transaction_pool_monitor::eth_client[0m[2m:[0m 📨 Received WebSocket message: {"jsonrpc":"2.0","method":"eth_subscription","params":{"subscription":"0xbed0a0851463e895960a451075a301a9","result":"0xe08c6055e2b605488ca6b4bc69cffd63e21c658cf7137a5660335964bc58c163"}}
[2m2025-12-10T10:12:49.839038Z[0m [34mDEBUG[0m [2methereum_transaction_pool_monitor::eth_client[0m[2m:[0m 📨 Received pending transaction: 0xe08c6055e2b605488ca6b4bc69cffd63e21c658cf7137a5660335964bc58c163
[2m2025-12-10T10:12:49.839042Z[0m [34mDEBUG[0m [2methereum_transaction_pool_monitor::eth_client[0m[2m:[0m 📨 Received WebSocket message: {"jsonrpc":"2.0","method":"eth_subscription","params":{"subscription":"0xbed0a0851463e895960a451075a301a9","result":"0x8048005fc17a9a5aa72b27fe4812816b33dc9d5ff3ce703ba6639e21d1599136"}}
[2m2025-12-10T10:12:49.839047Z[0m [34mDEBUG[0m [2methereum_transaction_pool_monitor::eth_client[0m[2m:[0m 📨 Received pending transaction: 0x8048005fc17a9a5aa72b27fe4812816b33dc9d5ff3ce703ba6639e21d1599136
[2m2025-12-10T10:12:49.841012Z[0m [34mDEBUG[0m [2methereum_transaction_pool_monitor::eth_client[0m[2m:[0m 📨 Received WebSocket message: {"jsonrpc":"2.0","method":"eth_subscription","params":{"subscription":"0xbed0a0851463e895960a451075a301a9","result":"0x54cd933bba5676bf92b9cacdf046634dd5d835c27619273ac29924aa05d00e74"}}
[2m2025-12-10T10:12:49.841023Z[0m [34mDEBUG[0m [2methereum_transaction_pool_monitor::eth_client[0m[2m:[0m 📨 Received pending transaction: 0x54cd933bba5676bf92b9cacdf046634dd5d835c27619273ac29924aa05d00e74
[2m2025-12-10T10:12:49.845376Z[0m [34mDEBUG[0m [2methereum_transaction_pool_monitor::eth_client[0m[2m:[0m 📨 Received WebSocket message: {"jsonrpc":"2.0","method":"eth_subscription","params":{"subscription":"0xbed0a0851463e895960a451075a301a9","result":"0x07c1b1274e5d2155346787acb647c743475f2b4a811ee76e84e3e4e438972c8b"}}
[2m2025-12-10T10:12:49.845385Z[0m [34mDEBUG[0m [2methereum_transaction_pool_monitor::eth_client[0m[2m:[0m 📨 Received pending transaction: 0x07c1b1274e5d2155346787acb647c743475f2b4a811ee76e84e3e4e438972c8b
[2m2025-12-10T10:12:49.849762Z[0m [34mDEBUG[0m [2mhyper::proto::h1::io[0m[2m:[0m parsed 4 headers
[2m2025-12-10T10:12:49.849772Z[0m [34mDEBUG[0m [2mhyper::proto::h1::conn[0m[2m:[0m incoming body is content-length (776 bytes)
[2m2025-12-10T10:12:49.849780Z[0m [34mDEBUG[0m [2mhyper::proto::h1::conn[0m[2m:[0m incoming body completed
[2m2025-12-10T10:12:49.849790Z[0m [34mDEBUG[0m [2mhyper::client::pool[0m[2m:[0m pooling idle connection for ("http", 192.168.0.14:8545)
[2m2025-12-10T10:12:49.849799Z[0m [34mDEBUG[0m [2methereum_transaction_pool_monitor::eth_client[0m[2m:[0m 📡 Transaction fetch RPC completed in 10.90425ms
[2m2025-12-10T10:12:49.849815Z[0m [34mDEBUG[0m [2methereum_transaction_pool_monitor::eth_client[0m[2m:[0m DeFi transaction detected - Address: 0xdac17f958d2ee523a2206206994597c13d831ec7, Type: Stablecoin, Value: 0 ETH, Gas: 200.00 Gwei
[2m2025-12-10T10:12:49.849827Z[0m [34mDEBUG[0m [2methereum_transaction_pool_monitor::eth_client[0m[2m:[0m ✅ Transaction 0xb8aefe1b14567fc29ce88c8df4297a6a7441c68236071cb22fdc1fcd770d8c9c fetched and parsed in 10.932ms
[2m2025-12-10T10:12:49.849835Z[0m [34mDEBUG[0m [2methereum_transaction_pool_monitor::mempool_monitor[0m[2m:[0m 🔍 Skipping tx 0xb8aefe1b14567fc29ce88c8df4297a6a7441c68236071cb22fdc1fcd770d8c9c - not a DEX interaction (target: 0xdAC17F958D2ee523a2206206994597C13D831ec7)
[2m2025-12-10T10:12:49.849842Z[0m [34mDEBUG[0m [2methereum_transaction_pool_monitor::mempool_monitor[0m[2m:[0m 📨 Processing new pending transaction: 0x784149fb94b66c6e277ee8c6f90a23ae7a864965bc2cd7f6abca8408699d0373
[2m2025-12-10T10:12:49.849847Z[0m [34mDEBUG[0m [2methereum_transaction_pool_monitor::mempool_monitor[0m[2m:[0m 🔍 Fetching transaction details for: 0x784149fb94b66c6e277ee8c6f90a23ae7a864965bc2cd7f6abca8408699d0373
[2m2025-12-10T10:12:49.849853Z[0m [34mDEBUG[0m [2methereum_transaction_pool_monitor::eth_client[0m[2m:[0m 🔍 Fetching transaction details for hash: 0x784149fb94b66c6e277ee8c6f90a23ae7a864965bc2cd7f6abca8408699d0373
[2m2025-12-10T10:12:49.849867Z[0m [34mDEBUG[0m [2mhyper::client::pool[0m[2m:[0m reuse idle connection for ("http", 192.168.0.14:8545)
[2m2025-12-10T10:12:49.849890Z[0m [34mDEBUG[0m [2mhyper::proto::h1::io[0m[2m:[0m flushed 250 bytes
[2m2025-12-10T10:12:49.849899Z[0m [34mDEBUG[0m [2mhyper::proto::h1::io[0m[2m:[0m parsed 4 headers
[2m2025-12-10T10:12:49.849903Z[0m [34mDEBUG[0m [2mhyper::proto::h1::conn[0m[2m:[0m incoming body is content-length (45 bytes)
[2m2025-12-10T10:12:49.849910Z[0m [34mDEBUG[0m [2mhyper::proto::h1::conn[0m[2m:[0m incoming body completed
[2m2025-12-10T10:12:49.849915Z[0m [34mDEBUG[0m [2mhyper::client::pool[0m[2m:[0m pooling idle connection for ("http", 192.168.0.14:8545)
[2m2025-12-10T10:12:49.856187Z[0m [34mDEBUG[0m [2mhyper::proto::h1::io[0m[2m:[0m parsed 4 headers
[2m2025-12-10T10:12:49.856201Z[0m [34mDEBUG[0m [2mhyper::proto::h1::conn[0m[2m:[0m incoming body is content-length (777 bytes)
[2m2025-12-10T10:12:49.856208Z[0m [34mDEBUG[0m [2mhyper::proto::h1::conn[0m[2m:[0m incoming body completed
[2m2025-12-10T10:12:49.856215Z[0m [34mDEBUG[0m [2mhyper::client::pool[0m[2m:[0m pooling idle connection for ("http", 192.168.0.14:8545)
[2m2025-12-10T10:12:49.856221Z[0m [34mDEBUG[0m [2methereum_transaction_pool_monitor::eth_client[0m[2m:[0m 📡 Transaction fetch RPC completed in 6.363583ms
[2m2025-12-10T10:12:49.856233Z[0m [34mDEBUG[0m [2methereum_transaction_pool_monitor::eth_client[0m[2m:[0m DeFi transaction detected - Address: 0xdac17f958d2ee523a2206206994597c13d831ec7, Type: Stablecoin, Value: 0 ETH, Gas: 200.00 Gwei
[2m2025-12-10T10:12:49.856246Z[0m [34mDEBUG[0m [2methereum_transaction_pool_monitor::eth_client[0m[2m:[0m ✅ Transaction 0x784149fb94b66c6e277ee8c6f90a23ae7a864965bc2cd7f6abca8408699d0373 fetched and parsed in 6.388625ms
[2m2025-12-10T10:12:49.856252Z[0m [34mDEBUG[0m [2methereum_transaction_pool_monitor::mempool_monitor[0m[2m:[0m 🔍 Skipping tx 0x784149fb94b66c6e277ee8c6f90a23ae7a864965bc2cd7f6abca8408699d0373 - not a DEX interaction (target: 0xdAC17F958D2ee523a2206206994597C13D831ec7)
[2m2025-12-10T10:12:49.857191Z[0m [34mDEBUG[0m [2methereum_transaction_pool_monitor::mempool_monitor[0m[2m:[0m 📨 Processing new pending transaction: 0xa2531b2ba7f39e8c1725002cca2a6eddacbbaf39b869a6d2e7bb7b4110def011
[2m2025-12-10T10:12:49.857201Z[0m [34mDEBUG[0m [2methereum_transaction_pool_monitor::mempool_monitor[0m[2m:[0m 🔍 Fetching transaction details for: 0xa2531b2ba7f39e8c1725002cca2a6eddacbbaf39b869a6d2e7bb7b4110def011
[2m2025-12-10T10:12:49.857207Z[0m [34mDEBUG[0m [2methereum_transaction_pool_monitor::eth_client[0m[2m:[0m 🔍 Fetching transaction details for hash: 0xa2531b2ba7f39e8c1725002cca2a6eddacbbaf39b869a6d2e7bb7b4110def011
[2m2025-12-10T10:12:49.857224Z[0m [34mDEBUG[0m [2mhyper::client::pool[0m[2m:[0m reuse idle connection for ("http", 192.168.0.14:8545)
[2m2025-12-10T10:12:49.857258Z[0m [34mDEBUG[0m [2mhyper::proto::h1::io[0m[2m:[0m flushed 250 bytes
[2m2025-12-10T10:12:49.863920Z[0m [34mDEBUG[0m [2methereum_transaction_pool_monitor::eth_client[0m[2m:[0m 📨 Received WebSocket message: {"jsonrpc":"2.0","method":"eth_subscription","params":{"subscription":"0xbed0a0851463e895960a451075a301a9","result":"0x3aceea7f1dd0216cb791607905d1b4f873ca1add223ee2bb75ed594e9b470efb"}}
[2m2025-12-10T10:12:49.863933Z[0m [34mDEBUG[0m [2methereum_transaction_pool_monitor::eth_client[0m[2m:[0m 📨 Received pending transaction: 0x3aceea7f1dd0216cb791607905d1b4f873ca1add223ee2bb75ed594e9b470efb
[2m2025-12-10T10:12:49.863949Z[0m [34mDEBUG[0m [2mhyper::proto::h1::io[0m[2m:[0m parsed 4 headers
[2m2025-12-10T10:12:49.863954Z[0m [34mDEBUG[0m [2mhyper::proto::h1::conn[0m[2m:[0m incoming body is content-length (774 bytes)
[2m2025-12-10T10:12:49.863963Z[0m [34mDEBUG[0m [2mhyper::proto::h1::conn[0m[2m:[0m incoming body completed
[2m2025-12-10T10:12:49.863972Z[0m [34mDEBUG[0m [2mhyper::client::pool[0m[2m:[0m pooling idle connection for ("http", 192.168.0.14:8545)
[2m2025-12-10T10:12:49.863979Z[0m [34mDEBUG[0m [2methereum_transaction_pool_monitor::eth_client[0m[2m:[0m 📡 Transaction fetch RPC completed in 6.765708ms
[2m2025-12-10T10:12:49.864004Z[0m [34mDEBUG[0m [2methereum_transaction_pool_monitor::eth_client[0m[2m:[0m DeFi transaction detected - Address: 0xdac17f958d2ee523a2206206994597c13d831ec7, Type: Stablecoin, Value: 0 ETH, Gas: 200.00 Gwei
[2m2025-12-10T10:12:49.864014Z[0m [34mDEBUG[0m [2methereum_transaction_pool_monitor::eth_client[0m[2m:[0m ✅ Transaction 0xa2531b2ba7f39e8c1725002cca2a6eddacbbaf39b869a6d2e7bb7b4110def011 fetched and parsed in 6.800833ms
[2m2025-12-10T10:12:49.864019Z[0m [34mDEBUG[0m [2methereum_transaction_pool_monitor::mempool_monitor[0m[2m:[0m 🔍 Skipping tx 0xa2531b2ba7f39e8c1725002cca2a6eddacbbaf39b869a6d2e7bb7b4110def011 - not a DEX interaction (target: 0xdAC17F958D2ee523a2206206994597C13D831ec7)
[2m2025-12-10T10:12:49.864025Z[0m [34mDEBUG[0m [2methereum_transaction_pool_monitor::mempool_monitor[0m[2m:[0m 📨 Processing new pending transaction: 0x4912df4edf4c34cd11bd4b2106cdc1918703c7210c701fa2c592d66cd2a79589
[2m2025-12-10T10:12:49.864028Z[0m [34mDEBUG[0m [2methereum_transaction_pool_monitor::mempool_monitor[0m[2m:[0m 🔍 Fetching transaction details for: 0x4912df4edf4c34cd11bd4b2106cdc1918703c7210c701fa2c592d66cd2a79589
[2m2025-12-10T10:12:49.864032Z[0m [34mDEBUG[0m [2methereum_transaction_pool_monitor::eth_client[0m[2m:[0m 🔍 Fetching transaction details for hash: 0x4912df4edf4c34cd11bd4b2106cdc1918703c7210c701fa2c592d66cd2a79589
[2m2025-12-10T10:12:49.864043Z[0m [34mDEBUG[0m [2mhyper::client::pool[0m[2m:[0m reuse idle connection for ("http", 192.168.0.14:8545)
[2m2025-12-10T10:12:49.864059Z[0m [34mDEBUG[0m [2mhyper::proto::h1::io[0m[2m:[0m flushed 250 bytes
[2m2025-12-10T10:12:49.869455Z[0m [34mDEBUG[0m [2mhyper::proto::h1::io[0m[2m:[0m parsed 4 headers
[2m2025-12-10T10:12:49.869462Z[0m [34mDEBUG[0m [2mhyper::proto::h1::conn[0m[2m:[0m incoming body is content-length (776 bytes)
[2m2025-12-10T10:12:49.869469Z[0m [34mDEBUG[0m [2mhyper::proto::h1::conn[0m[2m:[0m incoming body completed
[2m2025-12-10T10:12:49.869475Z[0m [34mDEBUG[0m [2mhyper::client::pool[0m[2m:[0m pooling idle connection for ("http", 192.168.0.14:8545)
[2m2025-12-10T10:12:49.869484Z[0m [34mDEBUG[0m [2methereum_transaction_pool_monitor::eth_client[0m[2m:[0m 📡 Transaction fetch RPC completed in 5.448417ms
[2m2025-12-10T10:12:49.869496Z[0m [34mDEBUG[0m [2methereum_transaction_pool_monitor::eth_client[0m[2m:[0m DeFi transaction detected - Address: 0xdac17f958d2ee523a2206206994597c13d831ec7, Type: Stablecoin, Value: 0 ETH, Gas: 200.00 Gwei
[2m2025-12-10T10:12:49.869509Z[0m [34mDEBUG[0m [2methereum_transaction_pool_monitor::eth_client[0m[2m:[0m ✅ Transaction 0x4912df4edf4c34cd11bd4b2106cdc1918703c7210c701fa2c592d66cd2a79589 fetched and parsed in 5.473084ms
[2m2025-12-10T10:12:49.869517Z[0m [34mDEBUG[0m [2methereum_transaction_pool_monitor::mempool_monitor[0m[2m:[0m 🔍 Skipping tx 0x4912df4edf4c34cd11bd4b2106cdc1918703c7210c701fa2c592d66cd2a79589 - not a DEX interaction (target: 0xdAC17F958D2ee523a2206206994597C13D831ec7)
[2m2025-12-10T10:12:49.869522Z[0m [34mDEBUG[0m [2methereum_transaction_pool_monitor::mempool_monitor[0m[2m:[0m 📨 Processing new pending transaction: 0x1becc60ccfe1739ca428ccacdb37781f8175a74662df6c6e443758ba392e0686
[2m2025-12-10T10:12:49.869529Z[0m [34mDEBUG[0m [2methereum_transaction_pool_monitor::mempool_monitor[0m[2m:[0m 🔍 Fetching transaction details for: 0x1becc60ccfe1739ca428ccacdb37781f8175a74662df6c6e443758ba392e0686
[2m2025-12-10T10:12:49.869534Z[0m [34mDEBUG[0m [2methereum_transaction_pool_monitor::eth_client[0m[2m:[0m 🔍 Fetching transaction details for hash: 0x1becc60ccfe1739ca428ccacdb37781f8175a74662df6c6e443758ba392e0686
[2m2025-12-10T10:12:49.869547Z[0m [34mDEBUG[0m [2mhyper::client::pool[0m[2m:[0m reuse idle connection for ("http", 192.168.0.14:8545)
[2m2025-12-10T10:12:49.869560Z[0m [34mDEBUG[0m [2mhyper::proto::h1::io[0m[2m:[0m flushed 250 bytes
[2m2025-12-10T10:12:49.876573Z[0m [34mDEBUG[0m [2mhyper::proto::h1::io[0m[2m:[0m parsed 4 headers
[2m2025-12-10T10:12:49.876595Z[0m [34mDEBUG[0m [2mhyper::proto::h1::conn[0m[2m:[0m incoming body is content-length (776 bytes)
[2m2025-12-10T10:12:49.876615Z[0m [34mDEBUG[0m [2mhyper::proto::h1::conn[0m[2m:[0m incoming body completed
[2m2025-12-10T10:12:49.876633Z[0m [34mDEBUG[0m [2mhyper::client::pool[0m[2m:[0m pooling idle connection for ("http", 192.168.0.14:8545)
[2m2025-12-10T10:12:49.876638Z[0m [34mDEBUG[0m [2methereum_transaction_pool_monitor::eth_client[0m[2m:[0m 📡 Transaction fetch RPC completed in 7.096541ms
[2m2025-12-10T10:12:49.876661Z[0m [34mDEBUG[0m [2methereum_transaction_pool_monitor::eth_client[0m[2m:[0m DeFi transaction detected - Address: 0xdac17f958d2ee523a2206206994597c13d831ec7, Type: Stablecoin, Value: 0 ETH, Gas: 200.00 Gwei
[2m2025-12-10T10:12:49.876669Z[0m [34mDEBUG[0m [2methereum_transaction_pool_monitor::eth_client[0m[2m:[0m ✅ Transaction 0x1becc60ccfe1739ca428ccacdb37781f8175a74662df6c6e443758ba392e0686 fetched and parsed in 7.128208ms
[2m2025-12-10T10:12:49.876674Z[0m [34mDEBUG[0m [2methereum_transaction_pool_monitor::mempool_monitor[0m[2m:[0m 🔍 Skipping tx 0x1becc60ccfe1739ca428ccacdb37781f8175a74662df6c6e443758ba392e0686 - not a DEX interaction (target: 0xdAC17F958D2ee523a2206206994597C13D831ec7)
[2m2025-12-10T10:12:49.876680Z[0m [34mDEBUG[0m [2methereum_transaction_pool_monitor::mempool_monitor[0m[2m:[0m 📨 Processing new pending transaction: 0x4900917e16b49c27dbb12dae16d7be01fe50ed49ace850bcb64e6f7ad1b94f52
[2m2025-12-10T10:12:49.876684Z[0m [34mDEBUG[0m [2methereum_transaction_pool_monitor::mempool_monitor[0m[2m:[0m 🔍 Fetching transaction details for: 0x4900917e16b49c27dbb12dae16d7be01fe50ed49ace850bcb64e6f7ad1b94f52
[2m2025-12-10T10:12:49.876688Z[0m [34mDEBUG[0m [2methereum_transaction_pool_monitor::eth_client[0m[2m:[0m 🔍 Fetching transaction details for hash: 0x4900917e16b49c27dbb12dae16d7be01fe50ed49ace850bcb64e6f7ad1b94f52
[2m2025-12-10T10:12:49.876697Z[0m [34mDEBUG[0m [2mhyper::client::pool[0m[2m:[0m reuse idle connection for ("http", 192.168.0.14:8545)
[2m2025-12-10T10:12:49.876709Z[0m [34mDEBUG[0m [2mhyper::proto::h1::io[0m[2m:[0m flushed 250 bytes
[2m2025-12-10T10:12:49.880510Z[0m [34mDEBUG[0m [2mhyper::proto::h1::io[0m[2m:[0m parsed 4 headers
[2m2025-12-10T10:12:49.880516Z[0m [34mDEBUG[0m [2mhyper::proto::h1::conn[0m[2m:[0m incoming body is content-length (775 bytes)
[2m2025-12-10T10:12:49.880520Z[0m [34mDEBUG[0m [2mhyper::proto::h1::conn[0m[2m:[0m incoming body completed
[2m2025-12-10T10:12:49.880525Z[0m [34mDEBUG[0m [2mhyper::client::pool[0m[2m:[0m pooling idle connection for ("http", 192.168.0.14:8545)
[2m2025-12-10T10:12:49.880530Z[0m [34mDEBUG[0m [2methereum_transaction_pool_monitor::eth_client[0m[2m:[0m 📡 Transaction fetch RPC completed in 3.838209ms
[2m2025-12-10T10:12:49.880538Z[0m [34mDEBUG[0m [2methereum_transaction_pool_monitor::eth_client[0m[2m:[0m DeFi transaction detected - Address: 0xdac17f958d2ee523a2206206994597c13d831ec7, Type: Stablecoin, Value: 0 ETH, Gas: 200.00 Gwei
[2m2025-12-10T10:12:49.880545Z[0m [34mDEBUG[0m [2methereum_transaction_pool_monitor::eth_client[0m[2m:[0m ✅ Transaction 0x4900917e16b49c27dbb12dae16d7be01fe50ed49ace850bcb64e6f7ad1b94f52 fetched and parsed in 3.853625ms
[2m2025-12-10T10:12:49.880550Z[0m [34mDEBUG[0m [2methereum_transaction_pool_monitor::mempool_monitor[0m[2m:[0m 🔍 Skipping tx 0x4900917e16b49c27dbb12dae16d7be01fe50ed49ace850bcb64e6f7ad1b94f52 - not a DEX interaction (target: 0xdAC17F958D2ee523a2206206994597C13D831ec7)
[2m2025-12-10T10:12:49.880560Z[0m [34mDEBUG[0m [2methereum_transaction_pool_monitor::mempool_monitor[0m[2m:[0m 📨 Processing new pending transaction: 0x10bcd6ddd41d8e6198cfbf8488f8eaf56ecd7a981c359a232deca9235802e9a9
[2m2025-12-10T10:12:49.880564Z[0m [34mDEBUG[0m [2methereum_transaction_pool_monitor::mempool_monitor[0m[2m:[0m 🔍 Fetching transaction details for: 0x10bcd6ddd41d8e6198cfbf8488f8eaf56ecd7a981c359a232deca9235802e9a9
[2m2025-12-10T10:12:49.880568Z[0m [34mDEBUG[0m [2methereum_transaction_pool_monitor::eth_client[0m[2m:[0m 🔍 Fetching transaction details for hash: 0x10bcd6ddd41d8e6198cfbf8488f8eaf56ecd7a981c359a232deca9235802e9a9
[2m2025-12-10T10:12:49.880574Z[0m [34mDEBUG[0m [2mhyper::client::pool[0m[2m:[0m reuse idle connection for ("http", 192.168.0.14:8545)
[2m2025-12-10T10:12:49.880586Z[0m [34mDEBUG[0m [2mhyper::proto::h1::io[0m[2m:[0m flushed 250 bytes
[2m2025-12-10T10:12:49.885693Z[0m [34mDEBUG[0m [2mhyper::proto::h1::io[0m[2m:[0m parsed 4 headers
[2m2025-12-10T10:12:49.885713Z[0m [34mDEBUG[0m [2mhyper::proto::h1::conn[0m[2m:[0m incoming body is content-length (776 bytes)
[2m2025-12-10T10:12:49.885731Z[0m [34mDEBUG[0m [2mhyper::proto::h1::conn[0m[2m:[0m incoming body completed
[2m2025-12-10T10:12:49.885750Z[0m [34mDEBUG[0m [2mhyper::client::pool[0m[2m:[0m pooling idle connection for ("http", 192.168.0.14:8545)
[2m2025-12-10T10:12:49.885754Z[0m [34mDEBUG[0m [2methereum_transaction_pool_monitor::eth_client[0m[2m:[0m 📡 Transaction fetch RPC completed in 5.182417ms
[2m2025-12-10T10:12:49.885762Z[0m [34mDEBUG[0m [2methereum_transaction_pool_monitor::eth_client[0m[2m:[0m DeFi transaction detected - Address: 0xdac17f958d2ee523a2206206994597c13d831ec7, Type: Stablecoin, Value: 0 ETH, Gas: 200.00 Gwei
[2m2025-12-10T10:12:49.885769Z[0m [34mDEBUG[0m [2methereum_transaction_pool_monitor::eth_client[0m[2m:[0m ✅ Transaction 0x10bcd6ddd41d8e6198cfbf8488f8eaf56ecd7a981c359a232deca9235802e9a9 fetched and parsed in 5.196833ms
[2m2025-12-10T10:12:49.885774Z[0m [34mDEBUG[0m [2methereum_transaction_pool_monitor::mempool_monitor[0m[2m:[0m 🔍 Skipping tx 0x10bcd6ddd41d8e6198cfbf8488f8eaf56ecd7a981c359a232deca9235802e9a9 - not a DEX interaction (target: 0xdAC17F958D2ee523a2206206994597C13D831ec7)
[2m2025-12-10T10:12:49.885781Z[0m [34mDEBUG[0m [2methereum_transaction_pool_monitor::mempool_monitor[0m[2m:[0m 📨 Processing new pending transaction: 0xdd3328331159a2f8d851f95281f910a5c533279e82c023230fd3c239fa9ab58c
[2m2025-12-10T10:12:49.885785Z[0m [34mDEBUG[0m [2methereum_transaction_pool_monitor::mempool_monitor[0m[2m:[0m 🔍 Fetching transaction details for: 0xdd3328331159a2f8d851f95281f910a5c533279e82c023230fd3c239fa9ab58c
[2m2025-12-10T10:12:49.885789Z[0m [34mDEBUG[0m [2methereum_transaction_pool_monitor::eth_client[0m[2m:[0m 🔍 Fetching transaction details for hash: 0xdd3328331159a2f8d851f95281f910a5c533279e82c023230fd3c239fa9ab58c
[2m2025-12-10T10:12:49.885795Z[0m [34mDEBUG[0m [2mhyper::client::pool[0m[2m:[0m reuse idle connection for ("http", 192.168.0.14:8545)
[2m2025-12-10T10:12:49.885811Z[0m [34mDEBUG[0m [2mhyper::proto::h1::io[0m[2m:[0m flushed 250 bytes
[2m2025-12-10T10:12:49.890749Z[0m [34mDEBUG[0m [2mhyper::proto::h1::io[0m[2m:[0m parsed 4 headers
[2m2025-12-10T10:12:49.890770Z[0m [34mDEBUG[0m [2mhyper::proto::h1::conn[0m[2m:[0m incoming body is content-length (775 bytes)
[2m2025-12-10T10:12:49.890788Z[0m [34mDEBUG[0m [2mhyper::proto::h1::conn[0m[2m:[0m incoming body completed
[2m2025-12-10T10:12:49.890806Z[0m [34mDEBUG[0m [2mhyper::client::pool[0m[2m:[0m pooling idle connection for ("http", 192.168.0.14:8545)
[2m2025-12-10T10:12:49.890811Z[0m [34mDEBUG[0m [2methereum_transaction_pool_monitor::eth_client[0m[2m:[0m 📡 Transaction fetch RPC completed in 5.017917ms
[2m2025-12-10T10:12:49.890819Z[0m [34mDEBUG[0m [2methereum_transaction_pool_monitor::eth_client[0m[2m:[0m DeFi transaction detected - Address: 0xdac17f958d2ee523a2206206994597c13d831ec7, Type: Stablecoin, Value: 0 ETH, Gas: 200.00 Gwei
[2m2025-12-10T10:12:49.890838Z[0m [34mDEBUG[0m [2methereum_transaction_pool_monitor::eth_client[0m[2m:[0m ✅ Transaction 0xdd3328331159a2f8d851f95281f910a5c533279e82c023230fd3c239fa9ab58c fetched and parsed in 5.044667ms
[2m2025-12-10T10:12:49.890843Z[0m [34mDEBUG[0m [2methereum_transaction_pool_monitor::mempool_monitor[0m[2m:[0m 🔍 Skipping tx 0xdd3328331159a2f8d851f95281f910a5c533279e82c023230fd3c239fa9ab58c - not a DEX interaction (target: 0xdAC17F958D2ee523a2206206994597C13D831ec7)
[2m2025-12-10T10:12:49.890849Z[0m [34mDEBUG[0m [2methereum_transaction_pool_monitor::mempool_monitor[0m[2m:[0m 📨 Processing new pending transaction: 0x720429a998764ec7ef742e9addcb909ac0041f62aca6840a0217c746a6457203
[2m2025-12-10T10:12:49.890853Z[0m [34mDEBUG[0m [2methereum_transaction_pool_monitor::mempool_monitor[0m[2m:[0m 🔍 Fetching transaction details for: 0x720429a998764ec7ef742e9addcb909ac0041f62aca6840a0217c746a6457203
[2m2025-12-10T10:12:49.890858Z[0m [34mDEBUG[0m [2methereum_transaction_pool_monitor::eth_client[0m[2m:[0m 🔍 Fetching transaction details for hash: 0x720429a998764ec7ef742e9addcb909ac0041f62aca6840a0217c746a6457203
[2m2025-12-10T10:12:49.890865Z[0m [34mDEBUG[0m [2mhyper::client::pool[0m[2m:[0m reuse idle connection for ("http", 192.168.0.14:8545)
[2m2025-12-10T10:12:49.890879Z[0m [34mDEBUG[0m [2mhyper::proto::h1::io[0m[2m:[0m flushed 250 bytes
[2m2025-12-10T10:12:49.894531Z[0m [34mDEBUG[0m [2mhyper::proto::h1::io[0m[2m:[0m parsed 4 headers
[2m2025-12-10T10:12:49.894537Z[0m [34mDEBUG[0m [2mhyper::proto::h1::conn[0m[2m:[0m incoming body is content-length (776 bytes)
[2m2025-12-10T10:12:49.894541Z[0m [34mDEBUG[0m [2mhyper::proto::h1::conn[0m[2m:[0m incoming body completed
[2m2025-12-10T10:12:49.894547Z[0m [34mDEBUG[0m [2mhyper::client::pool[0m[2m:[0m pooling idle connection for ("http", 192.168.0.14:8545)
[2m2025-12-10T10:12:49.894552Z[0m [34mDEBUG[0m [2methereum_transaction_pool_monitor::eth_client[0m[2m:[0m 📡 Transaction fetch RPC completed in 3.69025ms
[2m2025-12-10T10:12:49.894560Z[0m [34mDEBUG[0m [2methereum_transaction_pool_monitor::eth_client[0m[2m:[0m DeFi transaction detected - Address: 0xdac17f958d2ee523a2206206994597c13d831ec7, Type: Stablecoin, Value: 0 ETH, Gas: 200.00 Gwei
[2m2025-12-10T10:12:49.894847Z[0m [34mDEBUG[0m [2methereum_transaction_pool_monitor::eth_client[0m[2m:[0m ✅ Transaction 0x720429a998764ec7ef742e9addcb909ac0041f62aca6840a0217c746a6457203 fetched and parsed in 3.985167ms
[2m2025-12-10T10:12:49.894856Z[0m [34mDEBUG[0m [2methereum_transaction_pool_monitor::mempool_monitor[0m[2m:[0m 🔍 Skipping tx 0x720429a998764ec7ef742e9addcb909ac0041f62aca6840a0217c746a6457203 - not a DEX interaction (target: 0xdAC17F958D2ee523a2206206994597C13D831ec7)
[2m2025-12-10T10:12:49.894862Z[0m [34mDEBUG[0m [2methereum_transaction_pool_monitor::mempool_monitor[0m[2m:[0m 📨 Processing new pending transaction: 0xe08c6055e2b605488ca6b4bc69cffd63e21c658cf7137a5660335964bc58c163
[2m2025-12-10T10:12:49.894867Z[0m [34mDEBUG[0m [2methereum_transaction_pool_monitor::mempool_monitor[0m[2m:[0m 🔍 Fetching transaction details for: 0xe08c6055e2b605488ca6b4bc69cffd63e21c658cf7137a5660335964bc58c163
[2m2025-12-10T10:12:49.894871Z[0m [34mDEBUG[0m [2methereum_transaction_pool_monitor::eth_client[0m[2m:[0m 🔍 Fetching transaction details for hash: 0xe08c6055e2b605488ca6b4bc69cffd63e21c658cf7137a5660335964bc58c163
[2m2025-12-10T10:12:49.894879Z[0m [34mDEBUG[0m [2mhyper::client::pool[0m[2m:[0m reuse idle connection for ("http", 192.168.0.14:8545)
[2m2025-12-10T10:12:49.894894Z[0m [34mDEBUG[0m [2mhyper::proto::h1::io[0m[2m:[0m flushed 250 bytes
[2m2025-12-10T10:12:49.898274Z[0m [34mDEBUG[0m [2mhyper::client::pool[0m[2m:[0m reuse idle connection for ("http", 192.168.0.14:8545)
[2m2025-12-10T10:12:49.898277Z[0m [34mDEBUG[0m [2mhyper::proto::h1::io[0m[2m:[0m parsed 4 headers
[2m2025-12-10T10:12:49.898285Z[0m [34mDEBUG[0m [2mhyper::proto::h1::conn[0m[2m:[0m incoming body is content-length (644 bytes)
[2m2025-12-10T10:12:49.898290Z[0m [34mDEBUG[0m [2mhyper::proto::h1::conn[0m[2m:[0m incoming body completed
[2m2025-12-10T10:12:49.898292Z[0m [34mDEBUG[0m [2mhyper::proto::h1::io[0m[2m:[0m flushed 172 bytes
[2m2025-12-10T10:12:49.898295Z[0m [34mDEBUG[0m [2mhyper::client::pool[0m[2m:[0m pooling idle connection for ("http", 192.168.0.14:8545)
[2m2025-12-10T10:12:49.898302Z[0m [34mDEBUG[0m [2methereum_transaction_pool_monitor::eth_client[0m[2m:[0m 📡 Transaction fetch RPC completed in 3.427458ms
[2m2025-12-10T10:12:49.902219Z[0m [34mDEBUG[0m [2methereum_transaction_pool_monitor::eth_client[0m[2m:[0m 📨 Received WebSocket message: {"jsonrpc":"2.0","method":"eth_subscription","params":{"subscription":"0xbed0a0851463e895960a451075a301a9","result":"0xfe3f107ba5f8f1f8d967259f22d34aaa44866414ee1ab21da607e0234f6ded71"}}
[2m2025-12-10T10:12:49.902230Z[0m [34mDEBUG[0m [2methereum_transaction_pool_monitor::eth_client[0m[2m:[0m 📨 Received pending transaction: 0xfe3f107ba5f8f1f8d967259f22d34aaa44866414ee1ab21da607e0234f6ded71
[2m2025-12-10T10:12:49.902866Z[0m [34mDEBUG[0m [2mhyper::proto::h1::io[0m[2m:[0m parsed 4 headers
[2m2025-12-10T10:12:49.902872Z[0m [34mDEBUG[0m [2mhyper::proto::h1::conn[0m[2m:[0m incoming body is content-length (45 bytes)
[2m2025-12-10T10:12:49.902878Z[0m [34mDEBUG[0m [2mhyper::proto::h1::conn[0m[2m:[0m incoming body completed
[2m2025-12-10T10:12:49.902885Z[0m [34mDEBUG[0m [2mhyper::client::pool[0m[2m:[0m pooling idle connection for ("http", 192.168.0.14:8545)
[2m2025-12-10T10:12:49.914829Z[0m [34mDEBUG[0m [2methereum_transaction_pool_monitor::eth_client[0m[2m:[0m 📨 Received WebSocket message: {"jsonrpc":"2.0","method":"eth_subscription","params":{"subscription":"0xbed0a0851463e895960a451075a301a9","result":"0x845fcb7b05a083a39ba5daa3bd4c02fe050e8b962e62b31fe35cce683ac4db02"}}
[2m2025-12-10T10:12:49.914847Z[0m [34mDEBUG[0m [2methereum_transaction_pool_monitor::eth_client[0m[2m:[0m 📨 Received pending transaction: 0x845fcb7b05a083a39ba5daa3bd4c02fe050e8b962e62b31fe35cce683ac4db02
[2m2025-12-10T10:12:49.952375Z[0m [34mDEBUG[0m [2methereum_transaction_pool_monitor::eth_client[0m[2m:[0m 📨 Received WebSocket message: {"jsonrpc":"2.0","method":"eth_subscription","params":{"subscription":"0xbed0a0851463e895960a451075a301a9","result":"0x121c13acb912a235c40ce2271e05c9d95609d0bb897b191c6806d5969161a98c"}}
[2m2025-12-10T10:12:49.952401Z[0m [34mDEBUG[0m [2methereum_transaction_pool_monitor::eth_client[0m[2m:[0m 📨 Received pending transaction: 0x121c13acb912a235c40ce2271e05c9d95609d0bb897b191c6806d5969161a98c
[2m2025-12-10T10:12:49.967766Z[0m [34mDEBUG[0m [2methereum_transaction_pool_monitor::eth_client[0m[2m:[0m 📨 Received WebSocket message: {"jsonrpc":"2.0","method":"eth_subscription","params":{"subscription":"0xbed0a0851463e895960a451075a301a9","result":"0x3b8d0d58868d0ba7ebcb1f66bb86e704b8c06f6e7dddc10e3700120080efdd97"}}
[2m2025-12-10T10:12:49.967787Z[0m [34mDEBUG[0m [2methereum_transaction_pool_monitor::eth_client[0m[2m:[0m 📨 Received pending transaction: 0x3b8d0d58868d0ba7ebcb1f66bb86e704b8c06f6e7dddc10e3700120080efdd97
[2m2025-12-10T10:12:49.969461Z[0m [34mDEBUG[0m [2methereum_transaction_pool_monitor::eth_client[0m[2m:[0m ✅ Transaction 0xe08c6055e2b605488ca6b4bc69cffd63e21c658cf7137a5660335964bc58c163 fetched and parsed in 74.584958ms
[2m2025-12-10T10:12:49.969477Z[0m [34mDEBUG[0m [2methereum_transaction_pool_monitor::mempool_monitor[0m[2m:[0m 🔍 Skipping tx 0xe08c6055e2b605488ca6b4bc69cffd63e21c658cf7137a5660335964bc58c163 - not a DEX interaction (target: 0x17E5545B11b468072283Cee1F066a059Fb0dbF24)
[2m2025-12-10T10:12:49.969488Z[0m [34mDEBUG[0m [2methereum_transaction_pool_monitor::mempool_monitor[0m[2m:[0m 📨 Processing new pending transaction: 0x8048005fc17a9a5aa72b27fe4812816b33dc9d5ff3ce703ba6639e21d1599136
[2m2025-12-10T10:12:49.969495Z[0m [34mDEBUG[0m [2methereum_transaction_pool_monitor::mempool_monitor[0m[2m:[0m 🔍 Fetching transaction details for: 0x8048005fc17a9a5aa72b27fe4812816b33dc9d5ff3ce703ba6639e21d1599136
[2m2025-12-10T10:12:49.969501Z[0m [34mDEBUG[0m [2methereum_transaction_pool_monitor::eth_client[0m[2m:[0m 🔍 Fetching transaction details for hash: 0x8048005fc17a9a5aa72b27fe4812816b33dc9d5ff3ce703ba6639e21d1599136
[2m2025-12-10T10:12:49.969518Z[0m [34mDEBUG[0m [2mhyper::client::pool[0m[2m:[0m reuse idle connection for ("http", 192.168.0.14:8545)
[2m2025-12-10T10:12:49.969550Z[0m [34mDEBUG[0m [2mhyper::proto::h1::io[0m[2m:[0m flushed 250 bytes
[2m2025-12-10T10:12:49.973586Z[0m [34mDEBUG[0m [2mhyper::proto::h1::io[0m[2m:[0m parsed 4 headers
[2m2025-12-10T10:12:49.973592Z[0m [34mDEBUG[0m [2mhyper::proto::h1::conn[0m[2m:[0m incoming body is content-length (774 bytes)
[2m2025-12-10T10:12:49.973601Z[0m [34mDEBUG[0m [2mhyper::proto::h1::conn[0m[2m:[0m incoming body completed
[2m2025-12-10T10:12:49.973611Z[0m [34mDEBUG[0m [2mhyper::client::pool[0m[2m:[0m pooling idle connection for ("http", 192.168.0.14:8545)
[2m2025-12-10T10:12:49.973617Z[0m [34mDEBUG[0m [2methereum_transaction_pool_monitor::eth_client[0m[2m:[0m 📡 Transaction fetch RPC completed in 4.111125ms
[2m2025-12-10T10:12:50.045426Z[0m [34mDEBUG[0m [2methereum_transaction_pool_monitor::eth_client[0m[2m:[0m ✅ Transaction 0x8048005fc17a9a5aa72b27fe4812816b33dc9d5ff3ce703ba6639e21d1599136 fetched and parsed in 75.917459ms
[2m2025-12-10T10:12:50.045454Z[0m [34mDEBUG[0m [2methereum_transaction_pool_monitor::mempool_monitor[0m[2m:[0m 🔍 Skipping tx 0x8048005fc17a9a5aa72b27fe4812816b33dc9d5ff3ce703ba6639e21d1599136 - not a DEX interaction (target: 0xCa14007Eff0dB1f8135f4C25B34De49AB0d42766)
[2m2025-12-10T10:12:50.045465Z[0m [34mDEBUG[0m [2methereum_transaction_pool_monitor::mempool_monitor[0m[2m:[0m 📨 Processing new pending transaction: 0x54cd933bba5676bf92b9cacdf046634dd5d835c27619273ac29924aa05d00e74
[2m2025-12-10T10:12:50.045478Z[0m [34mDEBUG[0m [2methereum_transaction_pool_monitor::mempool_monitor[0m[2m:[0m 🔍 Fetching transaction details for: 0x54cd933bba5676bf92b9cacdf046634dd5d835c27619273ac29924aa05d00e74
[2m2025-12-10T10:12:50.045486Z[0m [34mDEBUG[0m [2methereum_transaction_pool_monitor::eth_client[0m[2m:[0m 🔍 Fetching transaction details for hash: 0x54cd933bba5676bf92b9cacdf046634dd5d835c27619273ac29924aa05d00e74
[2m2025-12-10T10:12:50.045508Z[0m [34mDEBUG[0m [2mhyper::client::pool[0m[2m:[0m reuse idle connection for ("http", 192.168.0.14:8545)
[2m2025-12-10T10:12:50.045541Z[0m [34mDEBUG[0m [2mhyper::proto::h1::io[0m[2m:[0m flushed 250 bytes
[2m2025-12-10T10:12:50.045562Z[0m [34mDEBUG[0m [2mhyper::client::pool[0m[2m:[0m reuse idle connection for ("http", 192.168.0.14:8545)
[2m2025-12-10T10:12:50.045576Z[0m [34mDEBUG[0m [2methereum_transaction_pool_monitor::eth_client[0m[2m:[0m 📨 Received WebSocket message: {"jsonrpc":"2.0","method":"eth_subscription","params":{"subscription":"0xbed0a0851463e895960a451075a301a9","result":"0xac53757c2203053b8938abb26a75ba6f22c50a6069f7e278c896fee70a6a68f7"}}
[2m2025-12-10T10:12:50.045579Z[0m [34mDEBUG[0m [2mhyper::proto::h1::io[0m[2m:[0m flushed 172 bytes
[2m2025-12-10T10:12:50.045591Z[0m [34mDEBUG[0m [2methereum_transaction_pool_monitor::eth_client[0m[2m:[0m 📨 Received pending transaction: 0xac53757c2203053b8938abb26a75ba6f22c50a6069f7e278c896fee70a6a68f7
[2m2025-12-10T10:12:50.045603Z[0m [34mDEBUG[0m [2methereum_transaction_pool_monitor::eth_client[0m[2m:[0m 📨 Received WebSocket message: {"jsonrpc":"2.0","method":"eth_subscription","params":{"subscription":"0xbed0a0851463e895960a451075a301a9","result":"0x4829f6c757a5f11eded2671a6e6ae2dae835a5205f13e31ad5c38ce03f4ab1c8"}}
[2m2025-12-10T10:12:50.045610Z[0m [34mDEBUG[0m [2methereum_transaction_pool_monitor::eth_client[0m[2m:[0m 📨 Received pending transaction: 0x4829f6c757a5f11eded2671a6e6ae2dae835a5205f13e31ad5c38ce03f4ab1c8
[2m2025-12-10T10:12:50.054706Z[0m [34mDEBUG[0m [2mhyper::proto::h1::io[0m[2m:[0m parsed 4 headers
[2m2025-12-10T10:12:50.054730Z[0m [34mDEBUG[0m [2mhyper::proto::h1::conn[0m[2m:[0m incoming body is content-length (45 bytes)
[2m2025-12-10T10:12:50.054754Z[0m [34mDEBUG[0m [2mhyper::proto::h1::conn[0m[2m:[0m incoming body completed
[2m2025-12-10T10:12:50.054765Z[0m [34mDEBUG[0m [2mhyper::client::pool[0m[2m:[0m pooling idle connection for ("http", 192.168.0.14:8545)
[2m2025-12-10T10:12:50.057589Z[0m [34mDEBUG[0m [2mhyper::proto::h1::io[0m[2m:[0m parsed 4 headers
[2m2025-12-10T10:12:50.057611Z[0m [34mDEBUG[0m [2mhyper::proto::h1::conn[0m[2m:[0m incoming body is content-length (775 bytes)
[2m2025-12-10T10:12:50.057629Z[0m [34mDEBUG[0m [2mhyper::proto::h1::conn[0m[2m:[0m incoming body completed
[2m2025-12-10T10:12:50.057647Z[0m [34mDEBUG[0m [2mhyper::client::pool[0m[2m:[0m pooling idle connection for ("http", 192.168.0.14:8545)
[2m2025-12-10T10:12:50.057652Z[0m [34mDEBUG[0m [2methereum_transaction_pool_monitor::eth_client[0m[2m:[0m 📡 Transaction fetch RPC completed in 12.158708ms
[2m2025-12-10T10:12:50.057677Z[0m [34mDEBUG[0m [2methereum_transaction_pool_monitor::eth_client[0m[2m:[0m DeFi transaction detected - Address: 0xdac17f958d2ee523a2206206994597c13d831ec7, Type: Stablecoin, Value: 0 ETH, Gas: 200.00 Gwei
[2m2025-12-10T10:12:50.057691Z[0m [34mDEBUG[0m [2methereum_transaction_pool_monitor::eth_client[0m[2m:[0m ✅ Transaction 0x54cd933bba5676bf92b9cacdf046634dd5d835c27619273ac29924aa05d00e74 fetched and parsed in 12.197708ms
[2m2025-12-10T10:12:50.057696Z[0m [34mDEBUG[0m [2methereum_transaction_pool_monitor::mempool_monitor[0m[2m:[0m 🔍 Skipping tx 0x54cd933bba5676bf92b9cacdf046634dd5d835c27619273ac29924aa05d00e74 - not a DEX interaction (target: 0xdAC17F958D2ee523a2206206994597C13D831ec7)
[2m2025-12-10T10:12:50.057701Z[0m [34mDEBUG[0m [2methereum_transaction_pool_monitor::mempool_monitor[0m[2m:[0m 📨 Processing new pending transaction: 0x07c1b1274e5d2155346787acb647c743475f2b4a811ee76e84e3e4e438972c8b
[2m2025-12-10T10:12:50.057705Z[0m [34mDEBUG[0m [2methereum_transaction_pool_monitor::mempool_monitor[0m[2m:[0m 🔍 Fetching transaction details for: 0x07c1b1274e5d2155346787acb647c743475f2b4a811ee76e84e3e4e438972c8b
[2m2025-12-10T10:12:50.057709Z[0m [34mDEBUG[0m [2methereum_transaction_pool_monitor::eth_client[0m[2m:[0m 🔍 Fetching transaction details for hash: 0x07c1b1274e5d2155346787acb647c743475f2b4a811ee76e84e3e4e438972c8b
[2m2025-12-10T10:12:50.057716Z[0m [34mDEBUG[0m [2mhyper::client::pool[0m[2m:[0m reuse idle connection for ("http", 192.168.0.14:8545)
[2m2025-12-10T10:12:50.057728Z[0m [34mDEBUG[0m [2mhyper::proto::h1::io[0m[2m:[0m flushed 250 bytes
[2m2025-12-10T10:12:50.061079Z[0m [34mDEBUG[0m [2mhyper::proto::h1::io[0m[2m:[0m parsed 4 headers
[2m2025-12-10T10:12:50.061084Z[0m [34mDEBUG[0m [2mhyper::proto::h1::conn[0m[2m:[0m incoming body is content-length (775 bytes)
[2m2025-12-10T10:12:50.061088Z[0m [34mDEBUG[0m [2mhyper::proto::h1::conn[0m[2m:[0m incoming body completed
[2m2025-12-10T10:12:50.061092Z[0m [34mDEBUG[0m [2mhyper::client::pool[0m[2m:[0m pooling idle connection for ("http", 192.168.0.14:8545)
[2m2025-12-10T10:12:50.061097Z[0m [34mDEBUG[0m [2methereum_transaction_pool_monitor::eth_client[0m[2m:[0m 📡 Transaction fetch RPC completed in 3.3845ms
[2m2025-12-10T10:12:50.061105Z[0m [34mDEBUG[0m [2methereum_transaction_pool_monitor::eth_client[0m[2m:[0m DeFi transaction detected - Address: 0xdac17f958d2ee523a2206206994597c13d831ec7, Type: Stablecoin, Value: 0 ETH, Gas: 200.00 Gwei
[2m2025-12-10T10:12:50.061112Z[0m [34mDEBUG[0m [2methereum_transaction_pool_monitor::eth_client[0m[2m:[0m ✅ Transaction 0x07c1b1274e5d2155346787acb647c743475f2b4a811ee76e84e3e4e438972c8b fetched and parsed in 3.400042ms
[2m2025-12-10T10:12:50.061117Z[0m [34mDEBUG[0m [2methereum_transaction_pool_monitor::mempool_monitor[0m[2m:[0m 🔍 Skipping tx 0x07c1b1274e5d2155346787acb647c743475f2b4a811ee76e84e3e4e438972c8b - not a DEX interaction (target: 0xdAC17F958D2ee523a2206206994597C13D831ec7)
[2m2025-12-10T10:12:50.061122Z[0m [34mDEBUG[0m [2methereum_transaction_pool_monitor::mempool_monitor[0m[2m:[0m 📨 Processing new pending transaction: 0x3aceea7f1dd0216cb791607905d1b4f873ca1add223ee2bb75ed594e9b470efb
[2m2025-12-10T10:12:50.061126Z[0m [34mDEBUG[0m [2methereum_transaction_pool_monitor::mempool_monitor[0m[2m:[0m 🔍 Fetching transaction details for: 0x3aceea7f1dd0216cb791607905d1b4f873ca1add223ee2bb75ed594e9b470efb
[2m2025-12-10T10:12:50.061130Z[0m [34mDEBUG[0m [2methereum_transaction_pool_monitor::eth_client[0m[2m:[0m 🔍 Fetching transaction details for hash: 0x3aceea7f1dd0216cb791607905d1b4f873ca1add223ee2bb75ed594e9b470efb
[2m2025-12-10T10:12:50.061138Z[0m [34mDEBUG[0m [2mhyper::client::pool[0m[2m:[0m reuse idle connection for ("http", 192.168.0.14:8545)
[2m2025-12-10T10:12:50.061153Z[0m [34mDEBUG[0m [2mhyper::proto::h1::io[0m[2m:[0m flushed 250 bytes
[2m2025-12-10T10:12:50.066299Z[0m [34mDEBUG[0m [2mhyper::proto::h1::io[0m[2m:[0m parsed 4 headers
[2m2025-12-10T10:12:50.066320Z[0m [34mDEBUG[0m [2mhyper::proto::h1::conn[0m[2m:[0m incoming body is content-length (774 bytes)
[2m2025-12-10T10:12:50.066340Z[0m [34mDEBUG[0m [2mhyper::proto::h1::conn[0m[2m:[0m incoming body completed
[2m2025-12-10T10:12:50.066360Z[0m [34mDEBUG[0m [2mhyper::client::pool[0m[2m:[0m pooling idle connection for ("http", 192.168.0.14:8545)
[2m2025-12-10T10:12:50.066364Z[0m [34mDEBUG[0m [2methereum_transaction_pool_monitor::eth_client[0m[2m:[0m 📡 Transaction fetch RPC completed in 5.230709ms
[2m2025-12-10T10:12:50.066393Z[0m [34mDEBUG[0m [2methereum_transaction_pool_monitor::eth_client[0m[2m:[0m DeFi transaction detected - Address: 0xdac17f958d2ee523a2206206994597c13d831ec7, Type: Stablecoin, Value: 0 ETH, Gas: 200.00 Gwei
[2m2025-12-10T10:12:50.066401Z[0m [34mDEBUG[0m [2methereum_transaction_pool_monitor::eth_client[0m[2m:[0m ✅ Transaction 0x3aceea7f1dd0216cb791607905d1b4f873ca1add223ee2bb75ed594e9b470efb fetched and parsed in 5.267542ms
[2m2025-12-10T10:12:50.066495Z[0m [34mDEBUG[0m [2methereum_transaction_pool_monitor::mempool_monitor[0m[2m:[0m 🔍 Skipping tx 0x3aceea7f1dd0216cb791607905d1b4f873ca1add223ee2bb75ed594e9b470efb - not a DEX interaction (target: 0xdAC17F958D2ee523a2206206994597C13D831ec7)
[2m2025-12-10T10:12:50.066501Z[0m [34mDEBUG[0m [2methereum_transaction_pool_monitor::mempool_monitor[0m[2m:[0m 📨 Processing new pending transaction: 0xfe3f107ba5f8f1f8d967259f22d34aaa44866414ee1ab21da607e0234f6ded71
[2m2025-12-10T10:12:50.066505Z[0m [34mDEBUG[0m [2methereum_transaction_pool_monitor::mempool_monitor[0m[2m:[0m 🔍 Fetching transaction details for: 0xfe3f107ba5f8f1f8d967259f22d34aaa44866414ee1ab21da607e0234f6ded71
[2m2025-12-10T10:12:50.066509Z[0m [34mDEBUG[0m [2methereum_transaction_pool_monitor::eth_client[0m[2m:[0m 🔍 Fetching transaction details for hash: 0xfe3f107ba5f8f1f8d967259f22d34aaa44866414ee1ab21da607e0234f6ded71
[2m2025-12-10T10:12:50.066518Z[0m [34mDEBUG[0m [2mhyper::client::pool[0m[2m:[0m reuse idle connection for ("http", 192.168.0.14:8545)
[2m2025-12-10T10:12:50.066530Z[0m [34mDEBUG[0m [2mhyper::proto::h1::io[0m[2m:[0m flushed 250 bytes
[2m2025-12-10T10:12:50.068000Z[0m [34mDEBUG[0m [2methereum_transaction_pool_monitor::eth_client[0m[2m:[0m 📨 Received WebSocket message: {"jsonrpc":"2.0","method":"eth_subscription","params":{"subscription":"0xbed0a0851463e895960a451075a301a9","result":"0x0483bf77070c3861251c41dfaea15a15336c7549a8dcfe1e318b1850e997927e"}}
[2m2025-12-10T10:12:50.068036Z[0m [34mDEBUG[0m [2methereum_transaction_pool_monitor::eth_client[0m[2m:[0m 📨 Received pending transaction: 0x0483bf77070c3861251c41dfaea15a15336c7549a8dcfe1e318b1850e997927e
[2m2025-12-10T10:12:50.071953Z[0m [34mDEBUG[0m [2methereum_transaction_pool_monitor::eth_client[0m[2m:[0m 📨 Received WebSocket message: {"jsonrpc":"2.0","method":"eth_subscription","params":{"subscription":"0xbed0a0851463e895960a451075a301a9","result":"0xde0f8c4c44cacd92281d455f25008b38c73bd7d793529d4b5d3506e5abbe2d4d"}}
[2m2025-12-10T10:12:50.071960Z[0m [34mDEBUG[0m [2mhyper::proto::h1::io[0m[2m:[0m parsed 4 headers
[2m2025-12-10T10:12:50.071979Z[0m [34mDEBUG[0m [2methereum_transaction_pool_monitor::eth_client[0m[2m:[0m 📨 Received pending transaction: 0xde0f8c4c44cacd92281d455f25008b38c73bd7d793529d4b5d3506e5abbe2d4d
[2m2025-12-10T10:12:50.071985Z[0m [34mDEBUG[0m [2mhyper::proto::h1::conn[0m[2m:[0m incoming body is content-length (638 bytes)
[2m2025-12-10T10:12:50.072005Z[0m [34mDEBUG[0m [2mhyper::proto::h1::conn[0m[2m:[0m incoming body completed
[2m2025-12-10T10:12:50.072011Z[0m [34mDEBUG[0m [2mhyper::client::pool[0m[2m:[0m pooling idle connection for ("http", 192.168.0.14:8545)
[2m2025-12-10T10:12:50.072016Z[0m [34mDEBUG[0m [2methereum_transaction_pool_monitor::eth_client[0m[2m:[0m 📡 Transaction fetch RPC completed in 5.503417ms
[2m2025-12-10T10:12:50.098231Z[0m [34mDEBUG[0m [2mhyper::client::pool[0m[2m:[0m reuse idle connection for ("http", 192.168.0.14:8545)
[2m2025-12-10T10:12:50.098290Z[0m [34mDEBUG[0m [2mhyper::proto::h1::io[0m[2m:[0m flushed 172 bytes
[2m2025-12-10T10:12:50.101850Z[0m [34mDEBUG[0m [2mhyper::proto::h1::io[0m[2m:[0m parsed 4 headers
[2m2025-12-10T10:12:50.101858Z[0m [34mDEBUG[0m [2mhyper::proto::h1::conn[0m[2m:[0m incoming body is content-length (45 bytes)
[2m2025-12-10T10:12:50.101865Z[0m [34mDEBUG[0m [2mhyper::proto::h1::conn[0m[2m:[0m incoming body completed
[2m2025-12-10T10:12:50.101873Z[0m [34mDEBUG[0m [2mhyper::client::pool[0m[2m:[0m pooling idle connection for ("http", 192.168.0.14:8545)
[2m2025-12-10T10:12:50.143505Z[0m [34mDEBUG[0m [2methereum_transaction_pool_monitor::eth_client[0m[2m:[0m ✅ Transaction 0xfe3f107ba5f8f1f8d967259f22d34aaa44866414ee1ab21da607e0234f6ded71 fetched and parsed in 76.991125ms
[2m2025-12-10T10:12:50.143531Z[0m [34mDEBUG[0m [2methereum_transaction_pool_monitor::mempool_monitor[0m[2m:[0m 🔍 Skipping tx 0xfe3f107ba5f8f1f8d967259f22d34aaa44866414ee1ab21da607e0234f6ded71 - not a DEX interaction (target: 0x2dF9b935C44057Ac240634c7536511d8Aa03028D)
[2m2025-12-10T10:12:50.143541Z[0m [34mDEBUG[0m [2methereum_transaction_pool_monitor::mempool_monitor[0m[2m:[0m 📨 Processing new pending transaction: 0x845fcb7b05a083a39ba5daa3bd4c02fe050e8b962e62b31fe35cce683ac4db02
[2m2025-12-10T10:12:50.143548Z[0m [34mDEBUG[0m [2methereum_transaction_pool_monitor::mempool_monitor[0m[2m:[0m 🔍 Fetching transaction details for: 0x845fcb7b05a083a39ba5daa3bd4c02fe050e8b962e62b31fe35cce683ac4db02
[2m2025-12-10T10:12:50.143555Z[0m [34mDEBUG[0m [2methereum_transaction_pool_monitor::eth_client[0m[2m:[0m 🔍 Fetching transaction details for hash: 0x845fcb7b05a083a39ba5daa3bd4c02fe050e8b962e62b31fe35cce683ac4db02
[2m2025-12-10T10:12:50.143571Z[0m [34mDEBUG[0m [2mhyper::client::pool[0m[2m:[0m reuse idle connection for ("http", 192.168.0.14:8545)
[2m2025-12-10T10:12:50.143604Z[0m [34mDEBUG[0m [2mhyper::proto::h1::io[0m[2m:[0m flushed 250 bytes
[2m2025-12-10T10:12:50.147434Z[0m [34mDEBUG[0m [2methereum_transaction_pool_monitor::eth_client[0m[2m:[0m 📨 Received WebSocket message: {"jsonrpc":"2.0","method":"eth_subscription","params":{"subscription":"0xbed0a0851463e895960a451075a301a9","result":"0x055c73be7bf4e4b5ef383804d3a2bfe3202228d0504d7b75f3e1c4cd2a554291"}}
[2m2025-12-10T10:12:50.147444Z[0m [34mDEBUG[0m [2methereum_transaction_pool_monitor::eth_client[0m[2m:[0m 📨 Received pending transaction: 0x055c73be7bf4e4b5ef383804d3a2bfe3202228d0504d7b75f3e1c4cd2a554291
[2m2025-12-10T10:12:50.149379Z[0m [34mDEBUG[0m [2mhyper::proto::h1::io[0m[2m:[0m parsed 4 headers
[2m2025-12-10T10:12:50.149385Z[0m [34mDEBUG[0m [2mhyper::proto::h1::conn[0m[2m:[0m incoming body is content-length (775 bytes)
[2m2025-12-10T10:12:50.149394Z[0m [34mDEBUG[0m [2mhyper::proto::h1::conn[0m[2m:[0m incoming body completed
[2m2025-12-10T10:12:50.149406Z[0m [34mDEBUG[0m [2mhyper::client::pool[0m[2m:[0m pooling idle connection for ("http", 192.168.0.14:8545)
[2m2025-12-10T10:12:50.149413Z[0m [34mDEBUG[0m [2methereum_transaction_pool_monitor::eth_client[0m[2m:[0m 📡 Transaction fetch RPC completed in 5.8535ms
[2m2025-12-10T10:12:50.149426Z[0m [34mDEBUG[0m [2methereum_transaction_pool_monitor::eth_client[0m[2m:[0m DeFi transaction detected - Address: 0xdac17f958d2ee523a2206206994597c13d831ec7, Type: Stablecoin, Value: 0 ETH, Gas: 200.00 Gwei
[2m2025-12-10T10:12:50.149444Z[0m [34mDEBUG[0m [2methereum_transaction_pool_monitor::eth_client[0m[2m:[0m ✅ Transaction 0x845fcb7b05a083a39ba5daa3bd4c02fe050e8b962e62b31fe35cce683ac4db02 fetched and parsed in 5.884875ms
[2m2025-12-10T10:12:50.149453Z[0m [34mDEBUG[0m [2methereum_transaction_pool_monitor::mempool_monitor[0m[2m:[0m 🔍 Skipping tx 0x845fcb7b05a083a39ba5daa3bd4c02fe050e8b962e62b31fe35cce683ac4db02 - not a DEX interaction (target: 0xdAC17F958D2ee523a2206206994597C13D831ec7)
[2m2025-12-10T10:12:50.149460Z[0m [34mDEBUG[0m [2methereum_transaction_pool_monitor::mempool_monitor[0m[2m:[0m 📨 Processing new pending transaction: 0x121c13acb912a235c40ce2271e05c9d95609d0bb897b191c6806d5969161a98c
[2m2025-12-10T10:12:50.149468Z[0m [34mDEBUG[0m [2methereum_transaction_pool_monitor::mempool_monitor[0m[2m:[0m 🔍 Fetching transaction details for: 0x121c13acb912a235c40ce2271e05c9d95609d0bb897b191c6806d5969161a98c
[2m2025-12-10T10:12:50.149473Z[0m [34mDEBUG[0m [2methereum_transaction_pool_monitor::eth_client[0m[2m:[0m 🔍 Fetching transaction details for hash: 0x121c13acb912a235c40ce2271e05c9d95609d0bb897b191c6806d5969161a98c
[2m2025-12-10T10:12:50.149485Z[0m [34mDEBUG[0m [2mhyper::client::pool[0m[2m:[0m reuse idle connection for ("http", 192.168.0.14:8545)
[2m2025-12-10T10:12:50.149504Z[0m [34mDEBUG[0m [2mhyper::proto::h1::io[0m[2m:[0m flushed 250 bytes
[2m2025-12-10T10:12:50.155534Z[0m [34mDEBUG[0m [2mhyper::proto::h1::io[0m[2m:[0m parsed 4 headers
[2m2025-12-10T10:12:50.155555Z[0m [34mDEBUG[0m [2mhyper::proto::h1::conn[0m[2m:[0m incoming body is content-length (775 bytes)
[2m2025-12-10T10:12:50.155574Z[0m [34mDEBUG[0m [2mhyper::proto::h1::conn[0m[2m:[0m incoming body completed
[2m2025-12-10T10:12:50.155589Z[0m [34mDEBUG[0m [2mhyper::client::pool[0m[2m:[0m pooling idle connection for ("http", 192.168.0.14:8545)
[2m2025-12-10T10:12:50.155594Z[0m [34mDEBUG[0m [2methereum_transaction_pool_monitor::eth_client[0m[2m:[0m 📡 Transaction fetch RPC completed in 6.116667ms
[2m2025-12-10T10:12:50.155603Z[0m [34mDEBUG[0m [2methereum_transaction_pool_monitor::eth_client[0m[2m:[0m DeFi transaction detected - Address: 0xdac17f958d2ee523a2206206994597c13d831ec7, Type: Stablecoin, Value: 0 ETH, Gas: 200.00 Gwei
[2m2025-12-10T10:12:50.155621Z[0m [34mDEBUG[0m [2methereum_transaction_pool_monitor::eth_client[0m[2m:[0m ✅ Transaction 0x121c13acb912a235c40ce2271e05c9d95609d0bb897b191c6806d5969161a98c fetched and parsed in 6.144167ms
[2m2025-12-10T10:12:50.155626Z[0m [34mDEBUG[0m [2methereum_transaction_pool_monitor::mempool_monitor[0m[2m:[0m 🔍 Skipping tx 0x121c13acb912a235c40ce2271e05c9d95609d0bb897b191c6806d5969161a98c - not a DEX interaction (target: 0xdAC17F958D2ee523a2206206994597C13D831ec7)
[2m2025-12-10T10:12:50.155631Z[0m [34mDEBUG[0m [2methereum_transaction_pool_monitor::mempool_monitor[0m[2m:[0m 📨 Processing new pending transaction: 0x3b8d0d58868d0ba7ebcb1f66bb86e704b8c06f6e7dddc10e3700120080efdd97
[2m2025-12-10T10:12:50.155635Z[0m [34mDEBUG[0m [2methereum_transaction_pool_monitor::mempool_monitor[0m[2m:[0m 🔍 Fetching transaction details for: 0x3b8d0d58868d0ba7ebcb1f66bb86e704b8c06f6e7dddc10e3700120080efdd97
[2m2025-12-10T10:12:50.155639Z[0m [34mDEBUG[0m [2methereum_transaction_pool_monitor::eth_client[0m[2m:[0m 🔍 Fetching transaction details for hash: 0x3b8d0d58868d0ba7ebcb1f66bb86e704b8c06f6e7dddc10e3700120080efdd97
[2m2025-12-10T10:12:50.155646Z[0m [34mDEBUG[0m [2mhyper::client::pool[0m[2m:[0m reuse idle connection for ("http", 192.168.0.14:8545)
[2m2025-12-10T10:12:50.155659Z[0m [34mDEBUG[0m [2mhyper::proto::h1::io[0m[2m:[0m flushed 250 bytes
[2m2025-12-10T10:12:50.159559Z[0m [34mDEBUG[0m [2mhyper::proto::h1::io[0m[2m:[0m parsed 4 headers
[2m2025-12-10T10:12:50.159580Z[0m [34mDEBUG[0m [2mhyper::proto::h1::conn[0m[2m:[0m incoming body is content-length (775 bytes)
[2m2025-12-10T10:12:50.159600Z[0m [34mDEBUG[0m [2mhyper::proto::h1::conn[0m[2m:[0m incoming body completed
[2m2025-12-10T10:12:50.159617Z[0m [34mDEBUG[0m [2mhyper::client::pool[0m[2m:[0m pooling idle connection for ("http", 192.168.0.14:8545)
[2m2025-12-10T10:12:50.159621Z[0m [34mDEBUG[0m [2methereum_transaction_pool_monitor::eth_client[0m[2m:[0m 📡 Transaction fetch RPC completed in 3.978792ms
[2m2025-12-10T10:12:50.159628Z[0m [34mDEBUG[0m [2methereum_transaction_pool_monitor::eth_client[0m[2m:[0m DeFi transaction detected - Address: 0xdac17f958d2ee523a2206206994597c13d831ec7, Type: Stablecoin, Value: 0 ETH, Gas: 200.00 Gwei
[2m2025-12-10T10:12:50.159648Z[0m [34mDEBUG[0m [2methereum_transaction_pool_monitor::eth_client[0m[2m:[0m ✅ Transaction 0x3b8d0d58868d0ba7ebcb1f66bb86e704b8c06f6e7dddc10e3700120080efdd97 fetched and parsed in 4.005208ms
[2m2025-12-10T10:12:50.159652Z[0m [34mDEBUG[0m [2methereum_transaction_pool_monitor::mempool_monitor[0m[2m:[0m 🔍 Skipping tx 0x3b8d0d58868d0ba7ebcb1f66bb86e704b8c06f6e7dddc10e3700120080efdd97 - not a DEX interaction (target: 0xdAC17F958D2ee523a2206206994597C13D831ec7)
[2m2025-12-10T10:12:50.159657Z[0m [34mDEBUG[0m [2methereum_transaction_pool_monitor::mempool_monitor[0m[2m:[0m 📨 Processing new pending transaction: 0xac53757c2203053b8938abb26a75ba6f22c50a6069f7e278c896fee70a6a68f7
[2m2025-12-10T10:12:50.159661Z[0m [34mDEBUG[0m [2methereum_transaction_pool_monitor::mempool_monitor[0m[2m:[0m 🔍 Fetching transaction details for: 0xac53757c2203053b8938abb26a75ba6f22c50a6069f7e278c896fee70a6a68f7
[2m2025-12-10T10:12:50.159664Z[0m [34mDEBUG[0m [2methereum_transaction_pool_monitor::eth_client[0m[2m:[0m 🔍 Fetching transaction details for hash: 0xac53757c2203053b8938abb26a75ba6f22c50a6069f7e278c896fee70a6a68f7
[2m2025-12-10T10:12:50.159671Z[0m [34mDEBUG[0m [2mhyper::client::pool[0m[2m:[0m reuse idle connection for ("http", 192.168.0.14:8545)
[2m2025-12-10T10:12:50.159684Z[0m [34mDEBUG[0m [2mhyper::proto::h1::io[0m[2m:[0m flushed 250 bytes
[2m2025-12-10T10:12:50.166559Z[0m [34mDEBUG[0m [2mhyper::proto::h1::io[0m[2m:[0m parsed 4 headers
[2m2025-12-10T10:12:50.166589Z[0m [34mDEBUG[0m [2mhyper::proto::h1::conn[0m[2m:[0m incoming body is content-length (775 bytes)
[2m2025-12-10T10:12:50.166607Z[0m [34mDEBUG[0m [2mhyper::proto::h1::conn[0m[2m:[0m incoming body completed
[2m2025-12-10T10:12:50.166623Z[0m [34mDEBUG[0m [2mhyper::client::pool[0m[2m:[0m pooling idle connection for ("http", 192.168.0.14:8545)
[2m2025-12-10T10:12:50.166628Z[0m [34mDEBUG[0m [2methereum_transaction_pool_monitor::eth_client[0m[2m:[0m 📡 Transaction fetch RPC completed in 6.959375ms
[2m2025-12-10T10:12:50.166649Z[0m [34mDEBUG[0m [2methereum_transaction_pool_monitor::eth_client[0m[2m:[0m DeFi transaction detected - Address: 0xdac17f958d2ee523a2206206994597c13d831ec7, Type: Stablecoin, Value: 0 ETH, Gas: 200.00 Gwei
[2m2025-12-10T10:12:50.166657Z[0m [34mDEBUG[0m [2methereum_transaction_pool_monitor::eth_client[0m[2m:[0m ✅ Transaction 0xac53757c2203053b8938abb26a75ba6f22c50a6069f7e278c896fee70a6a68f7 fetched and parsed in 6.988125ms
[2m2025-12-10T10:12:50.166662Z[0m [34mDEBUG[0m [2methereum_transaction_pool_monitor::mempool_monitor[0m[2m:[0m 🔍 Skipping tx 0xac53757c2203053b8938abb26a75ba6f22c50a6069f7e278c896fee70a6a68f7 - not a DEX interaction (target: 0xdAC17F958D2ee523a2206206994597C13D831ec7)
[2m2025-12-10T10:12:50.166667Z[0m [34mDEBUG[0m [2methereum_transaction_pool_monitor::mempool_monitor[0m[2m:[0m 📨 Processing new pending transaction: 0x4829f6c757a5f11eded2671a6e6ae2dae835a5205f13e31ad5c38ce03f4ab1c8
[2m2025-12-10T10:12:50.166670Z[0m [34mDEBUG[0m [2methereum_transaction_pool_monitor::mempool_monitor[0m[2m:[0m 🔍 Fetching transaction details for: 0x4829f6c757a5f11eded2671a6e6ae2dae835a5205f13e31ad5c38ce03f4ab1c8
[2m2025-12-10T10:12:50.166674Z[0m [34mDEBUG[0m [2methereum_transaction_pool_monitor::eth_client[0m[2m:[0m 🔍 Fetching transaction details for hash: 0x4829f6c757a5f11eded2671a6e6ae2dae835a5205f13e31ad5c38ce03f4ab1c8
[2m2025-12-10T10:12:50.166680Z[0m [34mDEBUG[0m [2mhyper::client::pool[0m[2m:[0m reuse idle connection for ("http", 192.168.0.14:8545)
[2m2025-12-10T10:12:50.166693Z[0m [34mDEBUG[0m [2mhyper::proto::h1::io[0m[2m:[0m flushed 250 bytes
[2m2025-12-10T10:12:50.169573Z[0m [34mDEBUG[0m [2methereum_transaction_pool_monitor::eth_client[0m[2m:[0m 📨 Received WebSocket message: {"jsonrpc":"2.0","method":"eth_subscription","params":{"subscription":"0xbed0a0851463e895960a451075a301a9","result":"0xdf7521e31e305587fe91ca65692f218dfc68aa5f484324ccce00f17e2915b03e"}}
[2m2025-12-10T10:12:50.169600Z[0m [34mDEBUG[0m [2methereum_transaction_pool_monitor::eth_client[0m[2m:[0m 📨 Received pending transaction: 0xdf7521e31e305587fe91ca65692f218dfc68aa5f484324ccce00f17e2915b03e
[2m2025-12-10T10:12:50.171233Z[0m [34mDEBUG[0m [2mhyper::proto::h1::io[0m[2m:[0m parsed 4 headers
[2m2025-12-10T10:12:50.171254Z[0m [34mDEBUG[0m [2mhyper::proto::h1::conn[0m[2m:[0m incoming body is content-length (775 bytes)
[2m2025-12-10T10:12:50.171272Z[0m [34mDEBUG[0m [2mhyper::proto::h1::conn[0m[2m:[0m incoming body completed
[2m2025-12-10T10:12:50.171294Z[0m [34mDEBUG[0m [2mhyper::client::pool[0m[2m:[0m pooling idle connection for ("http", 192.168.0.14:8545)
[2m2025-12-10T10:12:50.171298Z[0m [34mDEBUG[0m [2methereum_transaction_pool_monitor::eth_client[0m[2m:[0m 📡 Transaction fetch RPC completed in 4.620709ms
[2m2025-12-10T10:12:50.171305Z[0m [34mDEBUG[0m [2methereum_transaction_pool_monitor::eth_client[0m[2m:[0m DeFi transaction detected - Address: 0xdac17f958d2ee523a2206206994597c13d831ec7, Type: Stablecoin, Value: 0 ETH, Gas: 200.00 Gwei
[2m2025-12-10T10:12:50.171586Z[0m [34mDEBUG[0m [2methereum_transaction_pool_monitor::eth_client[0m[2m:[0m ✅ Transaction 0x4829f6c757a5f11eded2671a6e6ae2dae835a5205f13e31ad5c38ce03f4ab1c8 fetched and parsed in 4.908625ms
[2m2025-12-10T10:12:50.171592Z[0m [34mDEBUG[0m [2methereum_transaction_pool_monitor::mempool_monitor[0m[2m:[0m 🔍 Skipping tx 0x4829f6c757a5f11eded2671a6e6ae2dae835a5205f13e31ad5c38ce03f4ab1c8 - not a DEX interaction (target: 0xdAC17F958D2ee523a2206206994597C13D831ec7)
[2m2025-12-10T10:12:50.171597Z[0m [34mDEBUG[0m [2methereum_transaction_pool_monitor::mempool_monitor[0m[2m:[0m 📨 Processing new pending transaction: 0x0483bf77070c3861251c41dfaea15a15336c7549a8dcfe1e318b1850e997927e
[2m2025-12-10T10:12:50.171601Z[0m [34mDEBUG[0m [2methereum_transaction_pool_monitor::mempool_monitor[0m[2m:[0m 🔍 Fetching transaction details for: 0x0483bf77070c3861251c41dfaea15a15336c7549a8dcfe1e318b1850e997927e
[2m2025-12-10T10:12:50.171604Z[0m [34mDEBUG[0m [2methereum_transaction_pool_monitor::eth_client[0m[2m:[0m 🔍 Fetching transaction details for hash: 0x0483bf77070c3861251c41dfaea15a15336c7549a8dcfe1e318b1850e997927e
[2m2025-12-10T10:12:50.171610Z[0m [34mDEBUG[0m [2mhyper::client::pool[0m[2m:[0m reuse idle connection for ("http", 192.168.0.14:8545)
[2m2025-12-10T10:12:50.171621Z[0m [34mDEBUG[0m [2mhyper::proto::h1::io[0m[2m:[0m flushed 250 bytes
[2m2025-12-10T10:12:50.178391Z[0m [34mDEBUG[0m [2mhyper::proto::h1::io[0m[2m:[0m parsed 4 headers
[2m2025-12-10T10:12:50.178400Z[0m [34mDEBUG[0m [2mhyper::proto::h1::conn[0m[2m:[0m incoming body is content-length (772 bytes)
[2m2025-12-10T10:12:50.178406Z[0m [34mDEBUG[0m [2mhyper::proto::h1::conn[0m[2m:[0m incoming body completed
[2m2025-12-10T10:12:50.178413Z[0m [34mDEBUG[0m [2mhyper::client::pool[0m[2m:[0m pooling idle connection for ("http", 192.168.0.14:8545)
[2m2025-12-10T10:12:50.178418Z[0m [34mDEBUG[0m [2methereum_transaction_pool_monitor::eth_client[0m[2m:[0m 📡 Transaction fetch RPC completed in 6.809834ms
[2m2025-12-10T10:12:50.178429Z[0m [34mDEBUG[0m [2methereum_transaction_pool_monitor::eth_client[0m[2m:[0m DeFi transaction detected - Address: 0xdac17f958d2ee523a2206206994597c13d831ec7, Type: Stablecoin, Value: 0 ETH, Gas: 0.28 Gwei
[2m2025-12-10T10:12:50.178438Z[0m [34mDEBUG[0m [2methereum_transaction_pool_monitor::eth_client[0m[2m:[0m ✅ Transaction 0x0483bf77070c3861251c41dfaea15a15336c7549a8dcfe1e318b1850e997927e fetched and parsed in 6.829709ms
[2m2025-12-10T10:12:50.178443Z[0m [34mDEBUG[0m [2methereum_transaction_pool_monitor::mempool_monitor[0m[2m:[0m 🔍 Skipping tx 0x0483bf77070c3861251c41dfaea15a15336c7549a8dcfe1e318b1850e997927e - not a DEX interaction (target: 0xdAC17F958D2ee523a2206206994597C13D831ec7)
[2m2025-12-10T10:12:50.178449Z[0m [34mDEBUG[0m [2methereum_transaction_pool_monitor::mempool_monitor[0m[2m:[0m 📨 Processing new pending transaction: 0xde0f8c4c44cacd92281d455f25008b38c73bd7d793529d4b5d3506e5abbe2d4d
[2m2025-12-10T10:12:50.178453Z[0m [34mDEBUG[0m [2methereum_transaction_pool_monitor::mempool_monitor[0m[2m:[0m 🔍 Fetching transaction details for: 0xde0f8c4c44cacd92281d455f25008b38c73bd7d793529d4b5d3506e5abbe2d4d
[2m2025-12-10T10:12:50.178457Z[0m [34mDEBUG[0m [2methereum_transaction_pool_monitor::eth_client[0m[2m:[0m 🔍 Fetching transaction details for hash: 0xde0f8c4c44cacd92281d455f25008b38c73bd7d793529d4b5d3506e5abbe2d4d
[2m2025-12-10T10:12:50.178466Z[0m [34mDEBUG[0m [2mhyper::client::pool[0m[2m:[0m reuse idle connection for ("http", 192.168.0.14:8545)
[2m2025-12-10T10:12:50.178481Z[0m [34mDEBUG[0m [2mhyper::proto::h1::io[0m[2m:[0m flushed 250 bytes
[2m2025-12-10T10:12:50.183845Z[0m [34mDEBUG[0m [2mhyper::proto::h1::io[0m[2m:[0m parsed 4 headers
[2m2025-12-10T10:12:50.183850Z[0m [34mDEBUG[0m [2mhyper::proto::h1::conn[0m[2m:[0m incoming body is content-length (830 bytes)
[2m2025-12-10T10:12:50.183854Z[0m [34mDEBUG[0m [2mhyper::proto::h1::conn[0m[2m:[0m incoming body completed
[2m2025-12-10T10:12:50.183859Z[0m [34mDEBUG[0m [2mhyper::client::pool[0m[2m:[0m pooling idle connection for ("http", 192.168.0.14:8545)
[2m2025-12-10T10:12:50.183864Z[0m [34mDEBUG[0m [2methereum_transaction_pool_monitor::eth_client[0m[2m:[0m 📡 Transaction fetch RPC completed in 5.402417ms
[2m2025-12-10T10:12:50.262804Z[0m [34mDEBUG[0m [2methereum_transaction_pool_monitor::eth_client[0m[2m:[0m ✅ Transaction 0xde0f8c4c44cacd92281d455f25008b38c73bd7d793529d4b5d3506e5abbe2d4d fetched and parsed in 84.34025ms
[2m2025-12-10T10:12:50.262826Z[0m [34mDEBUG[0m [2methereum_transaction_pool_monitor::mempool_monitor[0m[2m:[0m 🔍 Skipping tx 0xde0f8c4c44cacd92281d455f25008b38c73bd7d793529d4b5d3506e5abbe2d4d - not a DEX interaction (target: 0x3B4D794a66304F130a4Db8F2551B0070dfCf5ca7)
[2m2025-12-10T10:12:50.262836Z[0m [34mDEBUG[0m [2methereum_transaction_pool_monitor::mempool_monitor[0m[2m:[0m 📨 Processing new pending transaction: 0x055c73be7bf4e4b5ef383804d3a2bfe3202228d0504d7b75f3e1c4cd2a554291
[2m2025-12-10T10:12:50.262842Z[0m [34mDEBUG[0m [2methereum_transaction_pool_monitor::mempool_monitor[0m[2m:[0m 🔍 Fetching transaction details for: 0x055c73be7bf4e4b5ef383804d3a2bfe3202228d0504d7b75f3e1c4cd2a554291
[2m2025-12-10T10:12:50.262847Z[0m [34mDEBUG[0m [2methereum_transaction_pool_monitor::eth_client[0m[2m:[0m 🔍 Fetching transaction details for hash: 0x055c73be7bf4e4b5ef383804d3a2bfe3202228d0504d7b75f3e1c4cd2a554291
[2m2025-12-10T10:12:50.262865Z[0m [34mDEBUG[0m [2mhyper::client::pool[0m[2m:[0m reuse idle connection for ("http", 192.168.0.14:8545)
[2m2025-12-10T10:12:50.262909Z[0m [34mDEBUG[0m [2mhyper::proto::h1::io[0m[2m:[0m flushed 250 bytes
[2m2025-12-10T10:12:50.262958Z[0m [34mDEBUG[0m [2mhyper::client::pool[0m[2m:[0m reuse idle connection for ("http", 192.168.0.14:8545)
[2m2025-12-10T10:12:50.262977Z[0m [34mDEBUG[0m [2mhyper::proto::h1::io[0m[2m:[0m flushed 172 bytes
[2m2025-12-10T10:12:50.266693Z[0m [34mDEBUG[0m [2mhyper::proto::h1::io[0m[2m:[0m parsed 4 headers
[2m2025-12-10T10:12:50.266699Z[0m [34mDEBUG[0m [2mhyper::proto::h1::conn[0m[2m:[0m incoming body is content-length (45 bytes)
[2m2025-12-10T10:12:50.266707Z[0m [34mDEBUG[0m [2mhyper::proto::h1::conn[0m[2m:[0m incoming body completed
[2m2025-12-10T10:12:50.266714Z[0m [34mDEBUG[0m [2mhyper::client::pool[0m[2m:[0m pooling idle connection for ("http", 192.168.0.14:8545)
[2m2025-12-10T10:12:50.267907Z[0m [34mDEBUG[0m [2mhyper::proto::h1::io[0m[2m:[0m parsed 4 headers
[2m2025-12-10T10:12:50.267915Z[0m [34mDEBUG[0m [2mhyper::proto::h1::conn[0m[2m:[0m incoming body is content-length (775 bytes)
[2m2025-12-10T10:12:50.267922Z[0m [34mDEBUG[0m [2mhyper::proto::h1::conn[0m[2m:[0m incoming body completed
[2m2025-12-10T10:12:50.267929Z[0m [34mDEBUG[0m [2mhyper::client::pool[0m[2m:[0m pooling idle connection for ("http", 192.168.0.14:8545)
[2m2025-12-10T10:12:50.267936Z[0m [34mDEBUG[0m [2methereum_transaction_pool_monitor::eth_client[0m[2m:[0m 📡 Transaction fetch RPC completed in 5.083625ms
[2m2025-12-10T10:12:50.267947Z[0m [34mDEBUG[0m [2methereum_transaction_pool_monitor::eth_client[0m[2m:[0m DeFi transaction detected - Address: 0xdac17f958d2ee523a2206206994597c13d831ec7, Type: Stablecoin, Value: 0 ETH, Gas: 200.00 Gwei
[2m2025-12-10T10:12:50.267959Z[0m [34mDEBUG[0m [2methereum_transaction_pool_monitor::eth_client[0m[2m:[0m ✅ Transaction 0x055c73be7bf4e4b5ef383804d3a2bfe3202228d0504d7b75f3e1c4cd2a554291 fetched and parsed in 5.106792ms
[2m2025-12-10T10:12:50.267969Z[0m [34mDEBUG[0m [2methereum_transaction_pool_monitor::mempool_monitor[0m[2m:[0m 🔍 Skipping tx 0x055c73be7bf4e4b5ef383804d3a2bfe3202228d0504d7b75f3e1c4cd2a554291 - not a DEX interaction (target: 0xdAC17F958D2ee523a2206206994597C13D831ec7)
[2m2025-12-10T10:12:50.267981Z[0m [34mDEBUG[0m [2methereum_transaction_pool_monitor::mempool_monitor[0m[2m:[0m 📨 Processing new pending transaction: 0xdf7521e31e305587fe91ca65692f218dfc68aa5f484324ccce00f17e2915b03e
[2m2025-12-10T10:12:50.267988Z[0m [34mDEBUG[0m [2methereum_transaction_pool_monitor::mempool_monitor[0m[2m:[0m 🔍 Fetching transaction details for: 0xdf7521e31e305587fe91ca65692f218dfc68aa5f484324ccce00f17e2915b03e
[2m2025-12-10T10:12:50.267997Z[0m [34mDEBUG[0m [2methereum_transaction_pool_monitor::eth_client[0m[2m:[0m 🔍 Fetching transaction details for hash: 0xdf7521e31e305587fe91ca65692f218dfc68aa5f484324ccce00f17e2915b03e
[2m2025-12-10T10:12:50.268009Z[0m [34mDEBUG[0m [2mhyper::client::pool[0m[2m:[0m reuse idle connection for ("http", 192.168.0.14:8545)
[2m2025-12-10T10:12:50.268021Z[0m [34mDEBUG[0m [2mhyper::proto::h1::io[0m[2m:[0m flushed 250 bytes
[2m2025-12-10T10:12:50.278570Z[0m [34mDEBUG[0m [2mhyper::proto::h1::io[0m[2m:[0m parsed 4 headers
[2m2025-12-10T10:12:50.278577Z[0m [34mDEBUG[0m [2mhyper::proto::h1::conn[0m[2m:[0m incoming body is content-length (646 bytes)
[2m2025-12-10T10:12:50.278582Z[0m [34mDEBUG[0m [2mhyper::proto::h1::conn[0m[2m:[0m incoming body completed
[2m2025-12-10T10:12:50.278587Z[0m [34mDEBUG[0m [2mhyper::client::pool[0m[2m:[0m pooling idle connection for ("http", 192.168.0.14:8545)
[2m2025-12-10T10:12:50.278591Z[0m [34mDEBUG[0m [2methereum_transaction_pool_monitor::eth_client[0m[2m:[0m 📡 Transaction fetch RPC completed in 10.586334ms
[2m2025-12-10T10:12:50.405487Z[0m [34mDEBUG[0m [2methereum_transaction_pool_monitor::eth_client[0m[2m:[0m ✅ Transaction 0xdf7521e31e305587fe91ca65692f218dfc68aa5f484324ccce00f17e2915b03e fetched and parsed in 137.478792ms
[2m2025-12-10T10:12:50.405516Z[0m [34mDEBUG[0m [2methereum_transaction_pool_monitor::mempool_monitor[0m[2m:[0m 🔍 Skipping tx 0xdf7521e31e305587fe91ca65692f218dfc68aa5f484324ccce00f17e2915b03e - not a DEX interaction (target: 0x0C34534D11E63aFd717821b2f56c9310DA4E05FE)
[2m2025-12-10T10:12:50.405550Z[0m [34mDEBUG[0m [2mhyper::client::pool[0m[2m:[0m reuse idle connection for ("http", 192.168.0.14:8545)
[2m2025-12-10T10:12:50.405596Z[0m [34mDEBUG[0m [2mhyper::proto::h1::io[0m[2m:[0m flushed 172 bytes
[2m2025-12-10T10:12:50.405613Z[0m [34mDEBUG[0m [2methereum_transaction_pool_monitor::eth_client[0m[2m:[0m 📨 Received WebSocket message: {"jsonrpc":"2.0","method":"eth_subscription","params":{"subscription":"0xbed0a0851463e895960a451075a301a9","result":"0x67f02ccd69e942d75bbc4620f6fcb985906113518cfd7d6dd7dd153602cd08d1"}}
[2m2025-12-10T10:12:50.405623Z[0m [34mDEBUG[0m [2methereum_transaction_pool_monitor::eth_client[0m[2m:[0m 📨 Received pending transaction: 0x67f02ccd69e942d75bbc4620f6fcb985906113518cfd7d6dd7dd153602cd08d1
[2m2025-12-10T10:12:50.405632Z[0m [34mDEBUG[0m [2methereum_transaction_pool_monitor::mempool_monitor[0m[2m:[0m 📨 Processing new pending transaction: 0x67f02ccd69e942d75bbc4620f6fcb985906113518cfd7d6dd7dd153602cd08d1
[2m2025-12-10T10:12:50.405638Z[0m [34mDEBUG[0m [2methereum_transaction_pool_monitor::mempool_monitor[0m[2m:[0m 🔍 Fetching transaction details for: 0x67f02ccd69e942d75bbc4620f6fcb985906113518cfd7d6dd7dd153602cd08d1
[2m2025-12-10T10:12:50.405643Z[0m [34mDEBUG[0m [2methereum_transaction_pool_monitor::eth_client[0m[2m:[0m 🔍 Fetching transaction details for hash: 0x67f02ccd69e942d75bbc4620f6fcb985906113518cfd7d6dd7dd153602cd08d1
[2m2025-12-10T10:12:50.405655Z[0m [34mDEBUG[0m [2mhyper::client::pool[0m[2m:[0m reuse idle connection for ("http", 192.168.0.14:8545)
[2m2025-12-10T10:12:50.405669Z[0m [34mDEBUG[0m [2mhyper::proto::h1::io[0m[2m:[0m flushed 250 bytes
[2m2025-12-10T10:12:50.408962Z[0m [34mDEBUG[0m [2methereum_transaction_pool_monitor::eth_client[0m[2m:[0m 📨 Received WebSocket message: {"jsonrpc":"2.0","method":"eth_subscription","params":{"subscription":"0xbed0a0851463e895960a451075a301a9","result":"0xdb44f401a286d0d40419187dcc788c07d3493ad4fe1907c8bf2a72f77ae94ea6"}}
[2m2025-12-10T10:12:50.408988Z[0m [34mDEBUG[0m [2methereum_transaction_pool_monitor::eth_client[0m[2m:[0m 📨 Received pending transaction: 0xdb44f401a286d0d40419187dcc788c07d3493ad4fe1907c8bf2a72f77ae94ea6
[2m2025-12-10T10:12:50.412878Z[0m [34mDEBUG[0m [2methereum_transaction_pool_monitor::eth_client[0m[2m:[0m 📨 Received WebSocket message: {"jsonrpc":"2.0","method":"eth_subscription","params":{"subscription":"0xbed0a0851463e895960a451075a301a9","result":"0x1a61a42e43fa3ba84f74507ed85bcb0df687d88e380cb385c2f34635627fb84f"}}
[2m2025-12-10T10:12:50.412916Z[0m [34mDEBUG[0m [2methereum_transaction_pool_monitor::eth_client[0m[2m:[0m 📨 Received pending transaction: 0x1a61a42e43fa3ba84f74507ed85bcb0df687d88e380cb385c2f34635627fb84f
[2m2025-12-10T10:12:50.412936Z[0m [34mDEBUG[0m [2mhyper::proto::h1::io[0m[2m:[0m parsed 4 headers
[2m2025-12-10T10:12:50.412942Z[0m [34mDEBUG[0m [2mhyper::proto::h1::conn[0m[2m:[0m incoming body is content-length (45 bytes)
[2m2025-12-10T10:12:50.412953Z[0m [34mDEBUG[0m [2mhyper::proto::h1::conn[0m[2m:[0m incoming body completed
[2m2025-12-10T10:12:50.412965Z[0m [34mDEBUG[0m [2mhyper::client::pool[0m[2m:[0m pooling idle connection for ("http", 192.168.0.14:8545)
[2m2025-12-10T10:12:50.412995Z[0m [34mDEBUG[0m [2mhyper::client::pool[0m[2m:[0m reuse idle connection for ("http", 192.168.0.14:8545)
[2m2025-12-10T10:12:50.413020Z[0m [34mDEBUG[0m [2mhyper::proto::h1::io[0m[2m:[0m flushed 172 bytes
[2m2025-12-10T10:12:50.413032Z[0m [34mDEBUG[0m [2mhyper::proto::h1::io[0m[2m:[0m parsed 4 headers
[2m2025-12-10T10:12:50.413038Z[0m [34mDEBUG[0m [2mhyper::proto::h1::conn[0m[2m:[0m incoming body is content-length (772 bytes)
[2m2025-12-10T10:12:50.413044Z[0m [34mDEBUG[0m [2mhyper::proto::h1::conn[0m[2m:[0m incoming body completed
[2m2025-12-10T10:12:50.413050Z[0m [34mDEBUG[0m [2mhyper::client::pool[0m[2m:[0m pooling idle connection for ("http", 192.168.0.14:8545)
[2m2025-12-10T10:12:50.413080Z[0m [34mDEBUG[0m [2methereum_transaction_pool_monitor::eth_client[0m[2m:[0m 📡 Transaction fetch RPC completed in 7.429584ms
[2m2025-12-10T10:12:50.481841Z[0m [34mDEBUG[0m [2methereum_transaction_pool_monitor::eth_client[0m[2m:[0m ✅ Transaction 0x67f02ccd69e942d75bbc4620f6fcb985906113518cfd7d6dd7dd153602cd08d1 fetched and parsed in 76.189334ms
[2m2025-12-10T10:12:50.481864Z[0m [34mDEBUG[0m [2methereum_transaction_pool_monitor::mempool_monitor[0m[2m:[0m 🔍 Skipping tx 0x67f02ccd69e942d75bbc4620f6fcb985906113518cfd7d6dd7dd153602cd08d1 - not a DEX interaction (target: 0xFA1C09fC8B491B6A4d3Ff53A10CAd29381b3F949)
[2m2025-12-10T10:12:50.481871Z[0m [34mDEBUG[0m [2methereum_transaction_pool_monitor::mempool_monitor[0m[2m:[0m 📨 Processing new pending transaction: 0xdb44f401a286d0d40419187dcc788c07d3493ad4fe1907c8bf2a72f77ae94ea6
[2m2025-12-10T10:12:50.481876Z[0m [34mDEBUG[0m [2methereum_transaction_pool_monitor::mempool_monitor[0m[2m:[0m 🔍 Fetching transaction details for: 0xdb44f401a286d0d40419187dcc788c07d3493ad4fe1907c8bf2a72f77ae94ea6
[2m2025-12-10T10:12:50.481881Z[0m [34mDEBUG[0m [2methereum_transaction_pool_monitor::eth_client[0m[2m:[0m 🔍 Fetching transaction details for hash: 0xdb44f401a286d0d40419187dcc788c07d3493ad4fe1907c8bf2a72f77ae94ea6
[2m2025-12-10T10:12:50.481897Z[0m [34mDEBUG[0m [2mhyper::client::pool[0m[2m:[0m reuse idle connection for ("http", 192.168.0.14:8545)
[2m2025-12-10T10:12:50.481939Z[0m [34mDEBUG[0m [2mhyper::proto::h1::io[0m[2m:[0m flushed 250 bytes
[2m2025-12-10T10:12:50.481961Z[0m [34mDEBUG[0m [2methereum_transaction_pool_monitor::eth_client[0m[2m:[0m 📨 Received WebSocket message: {"jsonrpc":"2.0","method":"eth_subscription","params":{"subscription":"0xbed0a0851463e895960a451075a301a9","result":"0xf3aebce21910517389f2b694077a1f043e29fc5d469e1af8776d20773ed7dc19"}}
[2m2025-12-10T10:12:50.481968Z[0m [34mDEBUG[0m [2mhyper::proto::h1::io[0m[2m:[0m parsed 4 headers
[2m2025-12-10T10:12:50.481969Z[0m [34mDEBUG[0m [2methereum_transaction_pool_monitor::eth_client[0m[2m:[0m 📨 Received pending transaction: 0xf3aebce21910517389f2b694077a1f043e29fc5d469e1af8776d20773ed7dc19
[2m2025-12-10T10:12:50.482195Z[0m [34mDEBUG[0m [2mhyper::proto::h1::conn[0m[2m:[0m incoming body is content-length (45 bytes)
[2m2025-12-10T10:12:50.482200Z[0m [34mDEBUG[0m [2methereum_transaction_pool_monitor::eth_client[0m[2m:[0m 📨 Received WebSocket message: {"jsonrpc":"2.0","method":"eth_subscription","params":{"subscription":"0xbed0a0851463e895960a451075a301a9","result":"0x138999143e5d486e5dd85eadcc5446975d70c2ac08534c90d4b38c67ffd57c27"}}
[2m2025-12-10T10:12:50.482205Z[0m [34mDEBUG[0m [2mhyper::proto::h1::conn[0m[2m:[0m incoming body completed
[2m2025-12-10T10:12:50.482213Z[0m [34mDEBUG[0m [2methereum_transaction_pool_monitor::eth_client[0m[2m:[0m 📨 Received pending transaction: 0x138999143e5d486e5dd85eadcc5446975d70c2ac08534c90d4b38c67ffd57c27
[2m2025-12-10T10:12:50.482220Z[0m [34mDEBUG[0m [2mhyper::client::pool[0m[2m:[0m pooling idle connection for ("http", 192.168.0.14:8545)
[2m2025-12-10T10:12:50.482222Z[0m [34mDEBUG[0m [2methereum_transaction_pool_monitor::eth_client[0m[2m:[0m 📨 Received WebSocket message: {"jsonrpc":"2.0","method":"eth_subscription","params":{"subscription":"0xbed0a0851463e895960a451075a301a9","result":"0xf595fb0a96cbc3af9a566493ddff2738ccd035dff782749d9740c646870c0674"}}
[2m2025-12-10T10:12:50.482232Z[0m [34mDEBUG[0m [2methereum_transaction_pool_monitor::eth_client[0m[2m:[0m 📨 Received pending transaction: 0xf595fb0a96cbc3af9a566493ddff2738ccd035dff782749d9740c646870c0674
[2m2025-12-10T10:12:50.482237Z[0m [34mDEBUG[0m [2methereum_transaction_pool_monitor::eth_client[0m[2m:[0m 📨 Received WebSocket message: {"jsonrpc":"2.0","method":"eth_subscription","params":{"subscription":"0xbed0a0851463e895960a451075a301a9","result":"0x84dd0ee5f27ffc80061371ee4304bd43817a8fc2ec2a5ff4deedffcc011d41ff"}}
[2m2025-12-10T10:12:50.482244Z[0m [34mDEBUG[0m [2methereum_transaction_pool_monitor::eth_client[0m[2m:[0m 📨 Received pending transaction: 0x84dd0ee5f27ffc80061371ee4304bd43817a8fc2ec2a5ff4deedffcc011d41ff
[2m2025-12-10T10:12:50.482249Z[0m [34mDEBUG[0m [2methereum_transaction_pool_monitor::eth_client[0m[2m:[0m 📨 Received WebSocket message: {"jsonrpc":"2.0","method":"eth_subscription","params":{"subscription":"0xbed0a0851463e895960a451075a301a9","result":"0x546f61c3ece7d307e96ab0d5b135bd129dd54afee9437efa9d7a85a49eae52df"}}
[2m2025-12-10T10:12:50.482254Z[0m [34mDEBUG[0m [2methereum_transaction_pool_monitor::eth_client[0m[2m:[0m 📨 Received pending transaction: 0x546f61c3ece7d307e96ab0d5b135bd129dd54afee9437efa9d7a85a49eae52df
[2m2025-12-10T10:12:50.486899Z[0m [34mDEBUG[0m [2mhyper::proto::h1::io[0m[2m:[0m parsed 4 headers
[2m2025-12-10T10:12:50.486923Z[0m [34mDEBUG[0m [2mhyper::proto::h1::conn[0m[2m:[0m incoming body is content-length (2885 bytes)
[2m2025-12-10T10:12:50.486958Z[0m [34mDEBUG[0m [2methereum_transaction_pool_monitor::eth_client[0m[2m:[0m 📡 Transaction fetch RPC completed in 5.072542ms
[2m2025-12-10T10:12:50.487487Z[0m [34mDEBUG[0m [2mhyper::proto::h1::conn[0m[2m:[0m incoming body completed
[2m2025-12-10T10:12:50.487495Z[0m [34mDEBUG[0m [2mhyper::client::pool[0m[2m:[0m pooling idle connection for ("http", 192.168.0.14:8545)
[2m2025-12-10T10:12:50.500525Z[0m [34mDEBUG[0m [2mhyper::client::pool[0m[2m:[0m reuse idle connection for ("http", 192.168.0.14:8545)
[2m2025-12-10T10:12:50.500571Z[0m [34mDEBUG[0m [2mhyper::proto::h1::io[0m[2m:[0m flushed 172 bytes
[2m2025-12-10T10:12:50.508135Z[0m [34mDEBUG[0m [2mhyper::proto::h1::io[0m[2m:[0m parsed 4 headers
[2m2025-12-10T10:12:50.508146Z[0m [34mDEBUG[0m [2mhyper::proto::h1::conn[0m[2m:[0m incoming body is content-length (45 bytes)
[2m2025-12-10T10:12:50.508154Z[0m [34mDEBUG[0m [2mhyper::proto::h1::conn[0m[2m:[0m incoming body completed
[2m2025-12-10T10:12:50.508162Z[0m [34mDEBUG[0m [2mhyper::client::pool[0m[2m:[0m pooling idle connection for ("http", 192.168.0.14:8545)
[2m2025-12-10T10:12:50.558986Z[0m [34mDEBUG[0m [2methereum_transaction_pool_monitor::eth_client[0m[2m:[0m ✅ Transaction 0xdb44f401a286d0d40419187dcc788c07d3493ad4fe1907c8bf2a72f77ae94ea6 fetched and parsed in 77.098792ms
[2m2025-12-10T10:12:50.559014Z[0m [34mDEBUG[0m [2methereum_transaction_pool_monitor::mempool_monitor[0m[2m:[0m 🔍 Skipping tx 0xdb44f401a286d0d40419187dcc788c07d3493ad4fe1907c8bf2a72f77ae94ea6 - not a DEX interaction (target: 0x26d3681DfC9E4c8C79cfbf461adec8A21d5d73C5)
[2m2025-12-10T10:12:50.559025Z[0m [34mDEBUG[0m [2methereum_transaction_pool_monitor::mempool_monitor[0m[2m:[0m 📨 Processing new pending transaction: 0x1a61a42e43fa3ba84f74507ed85bcb0df687d88e380cb385c2f34635627fb84f
[2m2025-12-10T10:12:50.559032Z[0m [34mDEBUG[0m [2methereum_transaction_pool_monitor::mempool_monitor[0m[2m:[0m 🔍 Fetching transaction details for: 0x1a61a42e43fa3ba84f74507ed85bcb0df687d88e380cb385c2f34635627fb84f
[2m2025-12-10T10:12:50.559038Z[0m [34mDEBUG[0m [2methereum_transaction_pool_monitor::eth_client[0m[2m:[0m 🔍 Fetching transaction details for hash: 0x1a61a42e43fa3ba84f74507ed85bcb0df687d88e380cb385c2f34635627fb84f
[2m2025-12-10T10:12:50.559055Z[0m [34mDEBUG[0m [2mhyper::client::pool[0m[2m:[0m reuse idle connection for ("http", 192.168.0.14:8545)
[2m2025-12-10T10:12:50.559099Z[0m [34mDEBUG[0m [2mhyper::proto::h1::io[0m[2m:[0m flushed 250 bytes
[2m2025-12-10T10:12:50.564762Z[0m [34mDEBUG[0m [2mhyper::proto::h1::io[0m[2m:[0m parsed 4 headers
[2m2025-12-10T10:12:50.564789Z[0m [34mDEBUG[0m [2mhyper::proto::h1::conn[0m[2m:[0m incoming body is content-length (645 bytes)
[2m2025-12-10T10:12:50.564817Z[0m [34mDEBUG[0m [2mhyper::proto::h1::conn[0m[2m:[0m incoming body completed
[2m2025-12-10T10:12:50.564827Z[0m [34mDEBUG[0m [2mhyper::client::pool[0m[2m:[0m pooling idle connection for ("http", 192.168.0.14:8545)
[2m2025-12-10T10:12:50.564833Z[0m [34mDEBUG[0m [2methereum_transaction_pool_monitor::eth_client[0m[2m:[0m 📡 Transaction fetch RPC completed in 5.790875ms
[2m2025-12-10T10:12:50.636445Z[0m [34mDEBUG[0m [2methereum_transaction_pool_monitor::eth_client[0m[2m:[0m ✅ Transaction 0x1a61a42e43fa3ba84f74507ed85bcb0df687d88e380cb385c2f34635627fb84f fetched and parsed in 77.400084ms
[2m2025-12-10T10:12:50.636469Z[0m [34mDEBUG[0m [2methereum_transaction_pool_monitor::mempool_monitor[0m[2m:[0m 🔍 Skipping tx 0x1a61a42e43fa3ba84f74507ed85bcb0df687d88e380cb385c2f34635627fb84f - not a DEX interaction (target: 0x28C6c06298d514Db089934071355E5743bf21d60)
[2m2025-12-10T10:12:50.636480Z[0m [34mDEBUG[0m [2methereum_transaction_pool_monitor::mempool_monitor[0m[2m:[0m 📨 Processing new pending transaction: 0xf3aebce21910517389f2b694077a1f043e29fc5d469e1af8776d20773ed7dc19
[2m2025-12-10T10:12:50.636486Z[0m [34mDEBUG[0m [2methereum_transaction_pool_monitor::mempool_monitor[0m[2m:[0m 🔍 Fetching transaction details for: 0xf3aebce21910517389f2b694077a1f043e29fc5d469e1af8776d20773ed7dc19
[2m2025-12-10T10:12:50.636492Z[0m [34mDEBUG[0m [2methereum_transaction_pool_monitor::eth_client[0m[2m:[0m 🔍 Fetching transaction details for hash: 0xf3aebce21910517389f2b694077a1f043e29fc5d469e1af8776d20773ed7dc19
[2m2025-12-10T10:12:50.636509Z[0m [34mDEBUG[0m [2mhyper::client::pool[0m[2m:[0m reuse idle connection for ("http", 192.168.0.14:8545)
[2m2025-12-10T10:12:50.636551Z[0m [34mDEBUG[0m [2mhyper::proto::h1::io[0m[2m:[0m flushed 250 bytes
[2m2025-12-10T10:12:50.636571Z[0m [34mDEBUG[0m [2mhyper::client::pool[0m[2m:[0m reuse idle connection for ("http", 192.168.0.14:8545)
[2m2025-12-10T10:12:50.636584Z[0m [34mDEBUG[0m [2mhyper::proto::h1::io[0m[2m:[0m flushed 172 bytes
[2m2025-12-10T10:12:50.636598Z[0m [34mDEBUG[0m [2methereum_transaction_pool_monitor::eth_client[0m[2m:[0m 📨 Received WebSocket message: {"jsonrpc":"2.0","method":"eth_subscription","params":{"subscription":"0xbed0a0851463e895960a451075a301a9","result":"0xfada6a9576a49ed7b06f730fe56f9b3258b425d3a6b9747e51aec31aa56032cd"}}
[2m2025-12-10T10:12:50.636606Z[0m [34mDEBUG[0m [2methereum_transaction_pool_monitor::eth_client[0m[2m:[0m 📨 Received pending transaction: 0xfada6a9576a49ed7b06f730fe56f9b3258b425d3a6b9747e51aec31aa56032cd
[2m2025-12-10T10:12:50.641542Z[0m [34mDEBUG[0m [2mhyper::proto::h1::io[0m[2m:[0m parsed 4 headers
[2m2025-12-10T10:12:50.641566Z[0m [34mDEBUG[0m [2mhyper::proto::h1::conn[0m[2m:[0m incoming body is content-length (649 bytes)
[2m2025-12-10T10:12:50.641593Z[0m [34mDEBUG[0m [2mhyper::proto::h1::conn[0m[2m:[0m incoming body completed
[2m2025-12-10T10:12:50.641606Z[0m [34mDEBUG[0m [2mhyper::client::pool[0m[2m:[0m pooling idle connection for ("http", 192.168.0.14:8545)
[2m2025-12-10T10:12:50.641625Z[0m [34mDEBUG[0m [2methereum_transaction_pool_monitor::eth_client[0m[2m:[0m 📡 Transaction fetch RPC completed in 5.128333ms
[2m2025-12-10T10:12:50.713849Z[0m [34mDEBUG[0m [2methereum_transaction_pool_monitor::eth_client[0m[2m:[0m ✅ Transaction 0xf3aebce21910517389f2b694077a1f043e29fc5d469e1af8776d20773ed7dc19 fetched and parsed in 77.35ms
[2m2025-12-10T10:12:50.713880Z[0m [34mDEBUG[0m [2methereum_transaction_pool_monitor::mempool_monitor[0m[2m:[0m 🔍 Skipping tx 0xf3aebce21910517389f2b694077a1f043e29fc5d469e1af8776d20773ed7dc19 - not a DEX interaction (target: 0x28C6c06298d514Db089934071355E5743bf21d60)
[2m2025-12-10T10:12:50.713899Z[0m [34mDEBUG[0m [2methereum_transaction_pool_monitor::mempool_monitor[0m[2m:[0m 📨 Processing new pending transaction: 0x138999143e5d486e5dd85eadcc5446975d70c2ac08534c90d4b38c67ffd57c27
[2m2025-12-10T10:12:50.713908Z[0m [34mDEBUG[0m [2methereum_transaction_pool_monitor::mempool_monitor[0m[2m:[0m 🔍 Fetching transaction details for: 0x138999143e5d486e5dd85eadcc5446975d70c2ac08534c90d4b38c67ffd57c27
[2m2025-12-10T10:12:50.713915Z[0m [34mDEBUG[0m [2methereum_transaction_pool_monitor::eth_client[0m[2m:[0m 🔍 Fetching transaction details for hash: 0x138999143e5d486e5dd85eadcc5446975d70c2ac08534c90d4b38c67ffd57c27
[2m2025-12-10T10:12:50.713934Z[0m [34mDEBUG[0m [2mhyper::client::pool[0m[2m:[0m reuse idle connection for ("http", 192.168.0.14:8545)
[2m2025-12-10T10:12:50.713983Z[0m [34mDEBUG[0m [2mhyper::proto::h1::io[0m[2m:[0m flushed 250 bytes
[2m2025-12-10T10:12:50.714013Z[0m [34mDEBUG[0m [2methereum_transaction_pool_monitor::eth_client[0m[2m:[0m 📨 Received WebSocket message: {"jsonrpc":"2.0","method":"eth_subscription","params":{"subscription":"0xbed0a0851463e895960a451075a301a9","result":"0xd417831a4a62b591ca31182521a631db09b438ad12095012818ef9379c91c9dd"}}
[2m2025-12-10T10:12:50.714018Z[0m [34mDEBUG[0m [2mhyper::proto::h1::io[0m[2m:[0m parsed 4 headers
[2m2025-12-10T10:12:50.714036Z[0m [34mDEBUG[0m [2methereum_transaction_pool_monitor::eth_client[0m[2m:[0m 📨 Received pending transaction: 0xd417831a4a62b591ca31182521a631db09b438ad12095012818ef9379c91c9dd
[2m2025-12-10T10:12:50.714039Z[0m [34mDEBUG[0m [2mhyper::proto::h1::conn[0m[2m:[0m incoming body is content-length (45 bytes)
[2m2025-12-10T10:12:50.714051Z[0m [34mDEBUG[0m [2methereum_transaction_pool_monitor::eth_client[0m[2m:[0m 📨 Received WebSocket message: {"jsonrpc":"2.0","method":"eth_subscription","params":{"subscription":"0xbed0a0851463e895960a451075a301a9","result":"0x03889c5dd36ffaad74ba501aa8ee706bfbe4d9d70e0ea6baad45bec6471cf081"}}
[2m2025-12-10T10:12:50.714097Z[0m [34mDEBUG[0m [2mhyper::proto::h1::conn[0m[2m:[0m incoming body completed
[2m2025-12-10T10:12:50.714103Z[0m [34mDEBUG[0m [2methereum_transaction_pool_monitor::eth_client[0m[2m:[0m 📨 Received pending transaction: 0x03889c5dd36ffaad74ba501aa8ee706bfbe4d9d70e0ea6baad45bec6471cf081
[2m2025-12-10T10:12:50.714114Z[0m [34mDEBUG[0m [2mhyper::client::pool[0m[2m:[0m pooling idle connection for ("http", 192.168.0.14:8545)
[2m2025-12-10T10:12:50.714116Z[0m [34mDEBUG[0m [2methereum_transaction_pool_monitor::eth_client[0m[2m:[0m 📨 Received WebSocket message: {"jsonrpc":"2.0","method":"eth_subscription","params":{"subscription":"0xbed0a0851463e895960a451075a301a9","result":"0x9741d521e14de20dee74b22702a354537530e34abca5a64dc1758f6008ebf78c"}}
[2m2025-12-10T10:12:50.714139Z[0m [34mDEBUG[0m [2methereum_transaction_pool_monitor::eth_client[0m[2m:[0m 📨 Received pending transaction: 0x9741d521e14de20dee74b22702a354537530e34abca5a64dc1758f6008ebf78c
[2m2025-12-10T10:12:50.714144Z[0m [34mDEBUG[0m [2mhyper::client::pool[0m[2m:[0m reuse idle connection for ("http", 192.168.0.14:8545)
[2m2025-12-10T10:12:50.714147Z[0m [34mDEBUG[0m [2methereum_transaction_pool_monitor::eth_client[0m[2m:[0m 📨 Received WebSocket message: {"jsonrpc":"2.0","method":"eth_subscription","params":{"subscription":"0xbed0a0851463e895960a451075a301a9","result":"0x4febff70f98661016f9c5e116dfdf6fab5387e9d4929e834c4945ab4676bc942"}}
[2m2025-12-10T10:12:50.714155Z[0m [34mDEBUG[0m [2methereum_transaction_pool_monitor::eth_client[0m[2m:[0m 📨 Received pending transaction: 0x4febff70f98661016f9c5e116dfdf6fab5387e9d4929e834c4945ab4676bc942
[2m2025-12-10T10:12:50.714160Z[0m [34mDEBUG[0m [2methereum_transaction_pool_monitor::eth_client[0m[2m:[0m 📨 Received WebSocket message: {"jsonrpc":"2.0","method":"eth_subscription","params":{"subscription":"0xbed0a0851463e895960a451075a301a9","result":"0xdff7c4d22c696cc703e435b4bed017ab47fdfee5ed09fc8fc2ce956c8463754f"}}
[2m2025-12-10T10:12:50.714171Z[0m [34mDEBUG[0m [2methereum_transaction_pool_monitor::eth_client[0m[2m:[0m 📨 Received pending transaction: 0xdff7c4d22c696cc703e435b4bed017ab47fdfee5ed09fc8fc2ce956c8463754f
[2m2025-12-10T10:12:50.714163Z[0m [34mDEBUG[0m [2mhyper::proto::h1::io[0m[2m:[0m flushed 172 bytes
[2m2025-12-10T10:12:50.719161Z[0m [34mDEBUG[0m [2mhyper::proto::h1::io[0m[2m:[0m parsed 4 headers
[2m2025-12-10T10:12:50.719206Z[0m [34mDEBUG[0m [2mhyper::proto::h1::conn[0m[2m:[0m incoming body is content-length (45 bytes)
[2m2025-12-10T10:12:50.719218Z[0m [34mDEBUG[0m [2mhyper::proto::h1::conn[0m[2m:[0m incoming body completed
[2m2025-12-10T10:12:50.719239Z[0m [34mDEBUG[0m [2mhyper::client::pool[0m[2m:[0m pooling idle connection for ("http", 192.168.0.14:8545)
[2m2025-12-10T10:12:50.719254Z[0m [34mDEBUG[0m [2mhyper::proto::h1::io[0m[2m:[0m parsed 4 headers
[2m2025-12-10T10:12:50.719259Z[0m [34mDEBUG[0m [2mhyper::proto::h1::conn[0m[2m:[0m incoming body is content-length (648 bytes)
[2m2025-12-10T10:12:50.719263Z[0m [34mDEBUG[0m [2mhyper::proto::h1::conn[0m[2m:[0m incoming body completed
[2m2025-12-10T10:12:50.719268Z[0m [34mDEBUG[0m [2mhyper::client::pool[0m[2m:[0m pooling idle connection for ("http", 192.168.0.14:8545)
[2m2025-12-10T10:12:50.719273Z[0m [34mDEBUG[0m [2methereum_transaction_pool_monitor::eth_client[0m[2m:[0m 📡 Transaction fetch RPC completed in 5.351459ms
[2m2025-12-10T10:12:50.791311Z[0m [34mDEBUG[0m [2methereum_transaction_pool_monitor::eth_client[0m[2m:[0m ✅ Transaction 0x138999143e5d486e5dd85eadcc5446975d70c2ac08534c90d4b38c67ffd57c27 fetched and parsed in 77.385959ms
[2m2025-12-10T10:12:50.791338Z[0m [34mDEBUG[0m [2methereum_transaction_pool_monitor::mempool_monitor[0m[2m:[0m 🔍 Skipping tx 0x138999143e5d486e5dd85eadcc5446975d70c2ac08534c90d4b38c67ffd57c27 - not a DEX interaction (target: 0x28C6c06298d514Db089934071355E5743bf21d60)
[2m2025-12-10T10:12:50.791349Z[0m [34mDEBUG[0m [2methereum_transaction_pool_monitor::mempool_monitor[0m[2m:[0m 📨 Processing new pending transaction: 0xf595fb0a96cbc3af9a566493ddff2738ccd035dff782749d9740c646870c0674
[2m2025-12-10T10:12:50.791359Z[0m [34mDEBUG[0m [2methereum_transaction_pool_monitor::mempool_monitor[0m[2m:[0m 🔍 Fetching transaction details for: 0xf595fb0a96cbc3af9a566493ddff2738ccd035dff782749d9740c646870c0674
[2m2025-12-10T10:12:50.791364Z[0m [34mDEBUG[0m [2methereum_transaction_pool_monitor::eth_client[0m[2m:[0m 🔍 Fetching transaction details for hash: 0xf595fb0a96cbc3af9a566493ddff2738ccd035dff782749d9740c646870c0674
[2m2025-12-10T10:12:50.792102Z[0m [34mDEBUG[0m [2mhyper::client::pool[0m[2m:[0m reuse idle connection for ("http", 192.168.0.14:8545)
[2m2025-12-10T10:12:50.792137Z[0m [34mDEBUG[0m [2mhyper::proto::h1::io[0m[2m:[0m flushed 250 bytes
[2m2025-12-10T10:12:50.797902Z[0m [34mDEBUG[0m [2mhyper::client::pool[0m[2m:[0m reuse idle connection for ("http", 192.168.0.14:8545)
[2m2025-12-10T10:12:50.797914Z[0m [34mDEBUG[0m [2methereum_transaction_pool_monitor::eth_client[0m[2m:[0m 📨 Received WebSocket message: {"jsonrpc":"2.0","method":"eth_subscription","params":{"subscription":"0xbed0a0851463e895960a451075a301a9","result":"0x9db5e12ef592c7acf70ed36e2690d7ebe9a32be792134ad390c2ac17c08aecd1"}}
[2m2025-12-10T10:12:50.797925Z[0m [34mDEBUG[0m [2mhyper::proto::h1::io[0m[2m:[0m flushed 172 bytes
[2m2025-12-10T10:12:50.797928Z[0m [34mDEBUG[0m [2methereum_transaction_pool_monitor::eth_client[0m[2m:[0m 📨 Received pending transaction: 0x9db5e12ef592c7acf70ed36e2690d7ebe9a32be792134ad390c2ac17c08aecd1
[2m2025-12-10T10:12:50.801877Z[0m [34mDEBUG[0m [2mhyper::proto::h1::io[0m[2m:[0m parsed 4 headers
[2m2025-12-10T10:12:50.801903Z[0m [34mDEBUG[0m [2mhyper::proto::h1::conn[0m[2m:[0m incoming body is content-length (45 bytes)
[2m2025-12-10T10:12:50.801927Z[0m [34mDEBUG[0m [2mhyper::proto::h1::conn[0m[2m:[0m incoming body completed
[2m2025-12-10T10:12:50.801952Z[0m [34mDEBUG[0m [2mhyper::client::pool[0m[2m:[0m pooling idle connection for ("http", 192.168.0.14:8545)
[2m2025-12-10T10:12:50.803968Z[0m [34mDEBUG[0m [2mhyper::proto::h1::io[0m[2m:[0m parsed 4 headers
[2m2025-12-10T10:12:50.803977Z[0m [34mDEBUG[0m [2mhyper::proto::h1::conn[0m[2m:[0m incoming body is content-length (647 bytes)
[2m2025-12-10T10:12:50.803982Z[0m [34mDEBUG[0m [2mhyper::proto::h1::conn[0m[2m:[0m incoming body completed
[2m2025-12-10T10:12:50.803988Z[0m [34mDEBUG[0m [2mhyper::client::pool[0m[2m:[0m pooling idle connection for ("http", 192.168.0.14:8545)
[2m2025-12-10T10:12:50.803993Z[0m [34mDEBUG[0m [2methereum_transaction_pool_monitor::eth_client[0m[2m:[0m 📡 Transaction fetch RPC completed in 11.911041ms
[2m2025-12-10T10:12:50.875607Z[0m [34mDEBUG[0m [2methereum_transaction_pool_monitor::eth_client[0m[2m:[0m ✅ Transaction 0xf595fb0a96cbc3af9a566493ddff2738ccd035dff782749d9740c646870c0674 fetched and parsed in 83.522291ms
[2m2025-12-10T10:12:50.875634Z[0m [34mDEBUG[0m [2methereum_transaction_pool_monitor::mempool_monitor[0m[2m:[0m 🔍 Skipping tx 0xf595fb0a96cbc3af9a566493ddff2738ccd035dff782749d9740c646870c0674 - not a DEX interaction (target: 0x28C6c06298d514Db089934071355E5743bf21d60)
[2m2025-12-10T10:12:50.875645Z[0m [34mDEBUG[0m [2methereum_transaction_pool_monitor::mempool_monitor[0m[2m:[0m 📨 Processing new pending transaction: 0x84dd0ee5f27ffc80061371ee4304bd43817a8fc2ec2a5ff4deedffcc011d41ff
[2m2025-12-10T10:12:50.875653Z[0m [34mDEBUG[0m [2methereum_transaction_pool_monitor::mempool_monitor[0m[2m:[0m 🔍 Fetching transaction details for: 0x84dd0ee5f27ffc80061371ee4304bd43817a8fc2ec2a5ff4deedffcc011d41ff
[2m2025-12-10T10:12:50.875659Z[0m [34mDEBUG[0m [2methereum_transaction_pool_monitor::eth_client[0m[2m:[0m 🔍 Fetching transaction details for hash: 0x84dd0ee5f27ffc80061371ee4304bd43817a8fc2ec2a5ff4deedffcc011d41ff
[2m2025-12-10T10:12:50.875682Z[0m [34mDEBUG[0m [2mhyper::client::pool[0m[2m:[0m reuse idle connection for ("http", 192.168.0.14:8545)
[2m2025-12-10T10:12:50.875716Z[0m [34mDEBUG[0m [2mhyper::proto::h1::io[0m[2m:[0m flushed 250 bytes
[2m2025-12-10T10:12:50.875739Z[0m [34mDEBUG[0m [2methereum_transaction_pool_monitor::eth_client[0m[2m:[0m 📨 Received WebSocket message: {"jsonrpc":"2.0","method":"eth_subscription","params":{"subscription":"0xbed0a0851463e895960a451075a301a9","result":"0x4696a5542c1ffa0e6e45aac6cb71f04e3da9b7e9f9c0edb7b4ba69dae3b42214"}}
[2m2025-12-10T10:12:50.875749Z[0m [34mDEBUG[0m [2methereum_transaction_pool_monitor::eth_client[0m[2m:[0m 📨 Received pending transaction: 0x4696a5542c1ffa0e6e45aac6cb71f04e3da9b7e9f9c0edb7b4ba69dae3b42214
[2m2025-12-10T10:12:50.880837Z[0m [34mDEBUG[0m [2mhyper::proto::h1::io[0m[2m:[0m parsed 4 headers
[2m2025-12-10T10:12:50.880861Z[0m [34mDEBUG[0m [2mhyper::proto::h1::conn[0m[2m:[0m incoming body is content-length (649 bytes)
[2m2025-12-10T10:12:50.880889Z[0m [34mDEBUG[0m [2mhyper::proto::h1::conn[0m[2m:[0m incoming body completed
[2m2025-12-10T10:12:50.880915Z[0m [34mDEBUG[0m [2mhyper::client::pool[0m[2m:[0m pooling idle connection for ("http", 192.168.0.14:8545)
[2m2025-12-10T10:12:50.880923Z[0m [34mDEBUG[0m [2methereum_transaction_pool_monitor::eth_client[0m[2m:[0m 📡 Transaction fetch RPC completed in 5.259292ms
[2m2025-12-10T10:12:50.951319Z[0m [34mDEBUG[0m [2methereum_transaction_pool_monitor::eth_client[0m[2m:[0m ✅ Transaction 0x84dd0ee5f27ffc80061371ee4304bd43817a8fc2ec2a5ff4deedffcc011d41ff fetched and parsed in 75.652167ms
[2m2025-12-10T10:12:50.951351Z[0m [34mDEBUG[0m [2methereum_transaction_pool_monitor::mempool_monitor[0m[2m:[0m 🔍 Skipping tx 0x84dd0ee5f27ffc80061371ee4304bd43817a8fc2ec2a5ff4deedffcc011d41ff - not a DEX interaction (target: 0xF7Df7aa53A90b3bAF6c33F5b93885f514aDDEd38)
[2m2025-12-10T10:12:50.951366Z[0m [34mDEBUG[0m [2methereum_transaction_pool_monitor::mempool_monitor[0m[2m:[0m 📨 Processing new pending transaction: 0x546f61c3ece7d307e96ab0d5b135bd129dd54afee9437efa9d7a85a49eae52df
[2m2025-12-10T10:12:50.951375Z[0m [34mDEBUG[0m [2methereum_transaction_pool_monitor::mempool_monitor[0m[2m:[0m 🔍 Fetching transaction details for: 0x546f61c3ece7d307e96ab0d5b135bd129dd54afee9437efa9d7a85a49eae52df
[2m2025-12-10T10:12:50.951380Z[0m [34mDEBUG[0m [2methereum_transaction_pool_monitor::eth_client[0m[2m:[0m 🔍 Fetching transaction details for hash: 0x546f61c3ece7d307e96ab0d5b135bd129dd54afee9437efa9d7a85a49eae52df
[2m2025-12-10T10:12:50.951401Z[0m [34mDEBUG[0m [2mhyper::client::pool[0m[2m:[0m reuse idle connection for ("http", 192.168.0.14:8545)
[2m2025-12-10T10:12:50.951448Z[0m [34mDEBUG[0m [2mhyper::proto::h1::io[0m[2m:[0m flushed 250 bytes
[2m2025-12-10T10:12:50.951478Z[0m [34mDEBUG[0m [2mhyper::client::pool[0m[2m:[0m reuse idle connection for ("http", 192.168.0.14:8545)
[2m2025-12-10T10:12:50.951494Z[0m [34mDEBUG[0m [2mhyper::proto::h1::io[0m[2m:[0m flushed 172 bytes
[2m2025-12-10T10:12:50.959278Z[0m [34mDEBUG[0m [2mhyper::proto::h1::io[0m[2m:[0m parsed 4 headers
[2m2025-12-10T10:12:50.959287Z[0m [34mDEBUG[0m [2mhyper::proto::h1::conn[0m[2m:[0m incoming body is content-length (771 bytes)
[2m2025-12-10T10:12:50.959296Z[0m [34mDEBUG[0m [2mhyper::proto::h1::conn[0m[2m:[0m incoming body completed
[2m2025-12-10T10:12:50.959304Z[0m [34mDEBUG[0m [2mhyper::client::pool[0m[2m:[0m pooling idle connection for ("http", 192.168.0.14:8545)
[2m2025-12-10T10:12:50.959310Z[0m [34mDEBUG[0m [2methereum_transaction_pool_monitor::eth_client[0m[2m:[0m 📡 Transaction fetch RPC completed in 7.924041ms
[2m2025-12-10T10:12:50.959326Z[0m [34mDEBUG[0m [2methereum_transaction_pool_monitor::eth_client[0m[2m:[0m DeFi transaction detected - Address: 0xdac17f958d2ee523a2206206994597c13d831ec7, Type: Stablecoin, Value: 0 ETH, Gas: 0.36 Gwei
[2m2025-12-10T10:12:50.959338Z[0m [34mDEBUG[0m [2methereum_transaction_pool_monitor::eth_client[0m[2m:[0m ✅ Transaction 0x546f61c3ece7d307e96ab0d5b135bd129dd54afee9437efa9d7a85a49eae52df fetched and parsed in 7.951416ms
[2m2025-12-10T10:12:50.959343Z[0m [34mDEBUG[0m [2methereum_transaction_pool_monitor::mempool_monitor[0m[2m:[0m 🔍 Skipping tx 0x546f61c3ece7d307e96ab0d5b135bd129dd54afee9437efa9d7a85a49eae52df - not a DEX interaction (target: 0xdAC17F958D2ee523a2206206994597C13D831ec7)
[2m2025-12-10T10:12:50.959349Z[0m [34mDEBUG[0m [2methereum_transaction_pool_monitor::mempool_monitor[0m[2m:[0m 📨 Processing new pending transaction: 0xfada6a9576a49ed7b06f730fe56f9b3258b425d3a6b9747e51aec31aa56032cd
[2m2025-12-10T10:12:50.959353Z[0m [34mDEBUG[0m [2methereum_transaction_pool_monitor::mempool_monitor[0m[2m:[0m 🔍 Fetching transaction details for: 0xfada6a9576a49ed7b06f730fe56f9b3258b425d3a6b9747e51aec31aa56032cd
[2m2025-12-10T10:12:50.959357Z[0m [34mDEBUG[0m [2methereum_transaction_pool_monitor::eth_client[0m[2m:[0m 🔍 Fetching transaction details for hash: 0xfada6a9576a49ed7b06f730fe56f9b3258b425d3a6b9747e51aec31aa56032cd
[2m2025-12-10T10:12:50.959367Z[0m [34mDEBUG[0m [2mhyper::client::pool[0m[2m:[0m reuse idle connection for ("http", 192.168.0.14:8545)
[2m2025-12-10T10:12:50.959383Z[0m [34mDEBUG[0m [2mhyper::proto::h1::io[0m[2m:[0m flushed 250 bytes
[2m2025-12-10T10:12:50.964644Z[0m [34mDEBUG[0m [2mhyper::proto::h1::io[0m[2m:[0m parsed 4 headers
[2m2025-12-10T10:12:50.964667Z[0m [34mDEBUG[0m [2mhyper::proto::h1::conn[0m[2m:[0m incoming body is content-length (45 bytes)
[2m2025-12-10T10:12:50.964677Z[0m [34mDEBUG[0m [2mhyper::proto::h1::conn[0m[2m:[0m incoming body completed
[2m2025-12-10T10:12:50.964689Z[0m [34mDEBUG[0m [2mhyper::client::pool[0m[2m:[0m pooling idle connection for ("http", 192.168.0.14:8545)
[2m2025-12-10T10:12:50.970407Z[0m [34mDEBUG[0m [2mhyper::proto::h1::io[0m[2m:[0m parsed 4 headers
[2m2025-12-10T10:12:50.970422Z[0m [34mDEBUG[0m [2mhyper::proto::h1::conn[0m[2m:[0m incoming body is content-length (552 bytes)
[2m2025-12-10T10:12:50.970429Z[0m [34mDEBUG[0m [2mhyper::proto::h1::conn[0m[2m:[0m incoming body completed
[2m2025-12-10T10:12:50.970437Z[0m [34mDEBUG[0m [2mhyper::client::pool[0m[2m:[0m pooling idle connection for ("http", 192.168.0.14:8545)
[2m2025-12-10T10:12:50.970443Z[0m [34mDEBUG[0m [2methereum_transaction_pool_monitor::eth_client[0m[2m:[0m 📡 Transaction fetch RPC completed in 11.082ms
[2m2025-12-10T10:12:51.040505Z[0m [34mDEBUG[0m [2methereum_transaction_pool_monitor::eth_client[0m[2m:[0m ✅ Transaction 0xfada6a9576a49ed7b06f730fe56f9b3258b425d3a6b9747e51aec31aa56032cd fetched and parsed in 81.142167ms
[2m2025-12-10T10:12:51.040533Z[0m [34mDEBUG[0m [2methereum_transaction_pool_monitor::mempool_monitor[0m[2m:[0m 🔍 Skipping tx 0xfada6a9576a49ed7b06f730fe56f9b3258b425d3a6b9747e51aec31aa56032cd - not a DEX interaction (target: 0xbaF34cF09b185bcD74ab966AE3d69a2Df808de1B)
[2m2025-12-10T10:12:51.040543Z[0m [34mDEBUG[0m [2methereum_transaction_pool_monitor::mempool_monitor[0m[2m:[0m 📨 Processing new pending transaction: 0xd417831a4a62b591ca31182521a631db09b438ad12095012818ef9379c91c9dd
[2m2025-12-10T10:12:51.040548Z[0m [34mDEBUG[0m [2methereum_transaction_pool_monitor::mempool_monitor[0m[2m:[0m 🔍 Fetching transaction details for: 0xd417831a4a62b591ca31182521a631db09b438ad12095012818ef9379c91c9dd
[2m2025-12-10T10:12:51.040552Z[0m [34mDEBUG[0m [2methereum_transaction_pool_monitor::eth_client[0m[2m:[0m 🔍 Fetching transaction details for hash: 0xd417831a4a62b591ca31182521a631db09b438ad12095012818ef9379c91c9dd
[2m2025-12-10T10:12:51.040574Z[0m [34mDEBUG[0m [2mhyper::client::pool[0m[2m:[0m reuse idle connection for ("http", 192.168.0.14:8545)
[2m2025-12-10T10:12:51.040636Z[0m [34mDEBUG[0m [2mhyper::proto::h1::io[0m[2m:[0m flushed 250 bytes
[2m2025-12-10T10:12:51.040655Z[0m [34mDEBUG[0m [2mhyper::client::pool[0m[2m:[0m reuse idle connection for ("http", 192.168.0.14:8545)
[2m2025-12-10T10:12:51.040670Z[0m [34mDEBUG[0m [2mhyper::proto::h1::io[0m[2m:[0m flushed 172 bytes
[2m2025-12-10T10:12:51.040671Z[0m [34mDEBUG[0m [2methereum_transaction_pool_monitor::eth_client[0m[2m:[0m 📨 Received WebSocket message: {"jsonrpc":"2.0","method":"eth_subscription","params":{"subscription":"0xbed0a0851463e895960a451075a301a9","result":"0x717880e14d2b181378c72660cdb3866e9696720e8172cc306b8d98e31709dfd3"}}
[2m2025-12-10T10:12:51.040685Z[0m [34mDEBUG[0m [2methereum_transaction_pool_monitor::eth_client[0m[2m:[0m 📨 Received pending transaction: 0x717880e14d2b181378c72660cdb3866e9696720e8172cc306b8d98e31709dfd3
[2m2025-12-10T10:12:51.048618Z[0m [34mDEBUG[0m [2mhyper::proto::h1::io[0m[2m:[0m parsed 4 headers
[2m2025-12-10T10:12:51.048638Z[0m [34mDEBUG[0m [2mhyper::proto::h1::conn[0m[2m:[0m incoming body is content-length (45 bytes)
[2m2025-12-10T10:12:51.048647Z[0m [34mDEBUG[0m [2mhyper::proto::h1::conn[0m[2m:[0m incoming body completed
[2m2025-12-10T10:12:51.048659Z[0m [34mDEBUG[0m [2mhyper::client::pool[0m[2m:[0m pooling idle connection for ("http", 192.168.0.14:8545)
[2m2025-12-10T10:12:51.050940Z[0m [34mDEBUG[0m [2mhyper::proto::h1::io[0m[2m:[0m parsed 4 headers
[2m2025-12-10T10:12:51.050949Z[0m [34mDEBUG[0m [2mhyper::proto::h1::conn[0m[2m:[0m incoming body is content-length (681 bytes)
[2m2025-12-10T10:12:51.050957Z[0m [34mDEBUG[0m [2mhyper::proto::h1::conn[0m[2m:[0m incoming body completed
[2m2025-12-10T10:12:51.050967Z[0m [34mDEBUG[0m [2mhyper::client::pool[0m[2m:[0m pooling idle connection for ("http", 192.168.0.14:8545)
[2m2025-12-10T10:12:51.050975Z[0m [34mDEBUG[0m [2methereum_transaction_pool_monitor::eth_client[0m[2m:[0m 📡 Transaction fetch RPC completed in 10.41875ms
[2m2025-12-10T10:12:51.050995Z[0m [34mDEBUG[0m [2methereum_transaction_pool_monitor::eth_client[0m[2m:[0m DeFi transaction detected - Address: 0xdac17f958d2ee523a2206206994597c13d831ec7, Type: Stablecoin, Value: 0 ETH, Gas: 0.17 Gwei
[2m2025-12-10T10:12:51.051011Z[0m [34mDEBUG[0m [2methereum_transaction_pool_monitor::eth_client[0m[2m:[0m ✅ Transaction 0xd417831a4a62b591ca31182521a631db09b438ad12095012818ef9379c91c9dd fetched and parsed in 10.454208ms
[2m2025-12-10T10:12:51.051018Z[0m [34mDEBUG[0m [2methereum_transaction_pool_monitor::mempool_monitor[0m[2m:[0m 🔍 Skipping tx 0xd417831a4a62b591ca31182521a631db09b438ad12095012818ef9379c91c9dd - not a DEX interaction (target: 0xdAC17F958D2ee523a2206206994597C13D831ec7)
[2m2025-12-10T10:12:51.051024Z[0m [34mDEBUG[0m [2methereum_transaction_pool_monitor::mempool_monitor[0m[2m:[0m 📨 Processing new pending transaction: 0x03889c5dd36ffaad74ba501aa8ee706bfbe4d9d70e0ea6baad45bec6471cf081
[2m2025-12-10T10:12:51.051030Z[0m [34mDEBUG[0m [2methereum_transaction_pool_monitor::mempool_monitor[0m[2m:[0m 🔍 Fetching transaction details for: 0x03889c5dd36ffaad74ba501aa8ee706bfbe4d9d70e0ea6baad45bec6471cf081
[2m2025-12-10T10:12:51.051036Z[0m [34mDEBUG[0m [2methereum_transaction_pool_monitor::eth_client[0m[2m:[0m 🔍 Fetching transaction details for hash: 0x03889c5dd36ffaad74ba501aa8ee706bfbe4d9d70e0ea6baad45bec6471cf081
[2m2025-12-10T10:12:51.051051Z[0m [34mDEBUG[0m [2mhyper::client::pool[0m[2m:[0m reuse idle connection for ("http", 192.168.0.14:8545)
[2m2025-12-10T10:12:51.051076Z[0m [34mDEBUG[0m [2mhyper::proto::h1::io[0m[2m:[0m flushed 250 bytes
[2m2025-12-10T10:12:51.057155Z[0m [34mDEBUG[0m [2mhyper::proto::h1::io[0m[2m:[0m parsed 4 headers
[2m2025-12-10T10:12:51.057168Z[0m [34mDEBUG[0m [2mhyper::proto::h1::conn[0m[2m:[0m incoming body is content-length (558 bytes)
[2m2025-12-10T10:12:51.057174Z[0m [34mDEBUG[0m [2mhyper::proto::h1::conn[0m[2m:[0m incoming body completed
[2m2025-12-10T10:12:51.057181Z[0m [34mDEBUG[0m [2mhyper::client::pool[0m[2m:[0m pooling idle connection for ("http", 192.168.0.14:8545)
[2m2025-12-10T10:12:51.057187Z[0m [34mDEBUG[0m [2methereum_transaction_pool_monitor::eth_client[0m[2m:[0m 📡 Transaction fetch RPC completed in 6.145667ms
[2m2025-12-10T10:12:51.126618Z[0m [34mDEBUG[0m [2methereum_transaction_pool_monitor::eth_client[0m[2m:[0m ✅ Transaction 0x03889c5dd36ffaad74ba501aa8ee706bfbe4d9d70e0ea6baad45bec6471cf081 fetched and parsed in 75.573584ms
[2m2025-12-10T10:12:51.126653Z[0m [34mDEBUG[0m [2methereum_transaction_pool_monitor::mempool_monitor[0m[2m:[0m 🔍 Skipping tx 0x03889c5dd36ffaad74ba501aa8ee706bfbe4d9d70e0ea6baad45bec6471cf081 - not a DEX interaction (target: 0x08aC35107DcfD0E4C6b5E50B844BE69E6dE93D6C)
[2m2025-12-10T10:12:51.126666Z[0m [34mDEBUG[0m [2methereum_transaction_pool_monitor::mempool_monitor[0m[2m:[0m 📨 Processing new pending transaction: 0x9741d521e14de20dee74b22702a354537530e34abca5a64dc1758f6008ebf78c
[2m2025-12-10T10:12:51.126671Z[0m [34mDEBUG[0m [2methereum_transaction_pool_monitor::mempool_monitor[0m[2m:[0m 🔍 Fetching transaction details for: 0x9741d521e14de20dee74b22702a354537530e34abca5a64dc1758f6008ebf78c
[2m2025-12-10T10:12:51.126676Z[0m [34mDEBUG[0m [2methereum_transaction_pool_monitor::eth_client[0m[2m:[0m 🔍 Fetching transaction details for hash: 0x9741d521e14de20dee74b22702a354537530e34abca5a64dc1758f6008ebf78c
[2m2025-12-10T10:12:51.126695Z[0m [34mDEBUG[0m [2mhyper::client::pool[0m[2m:[0m reuse idle connection for ("http", 192.168.0.14:8545)
[2m2025-12-10T10:12:51.126751Z[0m [34mDEBUG[0m [2mhyper::proto::h1::io[0m[2m:[0m flushed 250 bytes
[2m2025-12-10T10:12:51.126782Z[0m [34mDEBUG[0m [2mhyper::client::pool[0m[2m:[0m reuse idle connection for ("http", 192.168.0.14:8545)
[2m2025-12-10T10:12:51.126801Z[0m [34mDEBUG[0m [2mhyper::proto::h1::io[0m[2m:[0m flushed 172 bytes
[2m2025-12-10T10:12:51.134380Z[0m [34mDEBUG[0m [2mhyper::proto::h1::io[0m[2m:[0m parsed 4 headers
[2m2025-12-10T10:12:51.134396Z[0m [34mDEBUG[0m [2mhyper::proto::h1::conn[0m[2m:[0m incoming body is content-length (638 bytes)
[2m2025-12-10T10:12:51.134405Z[0m [34mDEBUG[0m [2mhyper::proto::h1::conn[0m[2m:[0m incoming body completed
[2m2025-12-10T10:12:51.134416Z[0m [34mDEBUG[0m [2mhyper::client::pool[0m[2m:[0m pooling idle connection for ("http", 192.168.0.14:8545)
[2m2025-12-10T10:12:51.134423Z[0m [34mDEBUG[0m [2methereum_transaction_pool_monitor::eth_client[0m[2m:[0m 📡 Transaction fetch RPC completed in 7.742958ms
[2m2025-12-10T10:12:51.205654Z[0m [34mDEBUG[0m [2methereum_transaction_pool_monitor::eth_client[0m[2m:[0m ✅ Transaction 0x9741d521e14de20dee74b22702a354537530e34abca5a64dc1758f6008ebf78c fetched and parsed in 78.971416ms
[2m2025-12-10T10:12:51.205682Z[0m [34mDEBUG[0m [2methereum_transaction_pool_monitor::mempool_monitor[0m[2m:[0m 🔍 Skipping tx 0x9741d521e14de20dee74b22702a354537530e34abca5a64dc1758f6008ebf78c - not a DEX interaction (target: 0x78D21Aada674651324FE2660cC0E661CC4C89E3b)
[2m2025-12-10T10:12:51.205692Z[0m [34mDEBUG[0m [2methereum_transaction_pool_monitor::mempool_monitor[0m[2m:[0m 📨 Processing new pending transaction: 0x4febff70f98661016f9c5e116dfdf6fab5387e9d4929e834c4945ab4676bc942
[2m2025-12-10T10:12:51.205699Z[0m [34mDEBUG[0m [2methereum_transaction_pool_monitor::mempool_monitor[0m[2m:[0m 🔍 Fetching transaction details for: 0x4febff70f98661016f9c5e116dfdf6fab5387e9d4929e834c4945ab4676bc942
[2m2025-12-10T10:12:51.205706Z[0m [34mDEBUG[0m [2methereum_transaction_pool_monitor::eth_client[0m[2m:[0m 🔍 Fetching transaction details for hash: 0x4febff70f98661016f9c5e116dfdf6fab5387e9d4929e834c4945ab4676bc942
[2m2025-12-10T10:12:51.205723Z[0m [34mDEBUG[0m [2mhyper::client::pool[0m[2m:[0m reuse idle connection for ("http", 192.168.0.14:8545)
[2m2025-12-10T10:12:51.205774Z[0m [34mDEBUG[0m [2mhyper::proto::h1::io[0m[2m:[0m flushed 250 bytes
[2m2025-12-10T10:12:51.205790Z[0m [34mDEBUG[0m [2mhyper::proto::h1::io[0m[2m:[0m parsed 4 headers
[2m2025-12-10T10:12:51.205797Z[0m [34mDEBUG[0m [2mhyper::proto::h1::conn[0m[2m:[0m incoming body is content-length (45 bytes)
[2m2025-12-10T10:12:51.205806Z[0m [34mDEBUG[0m [2mhyper::proto::h1::conn[0m[2m:[0m incoming body completed
[2m2025-12-10T10:12:51.205816Z[0m [34mDEBUG[0m [2mhyper::client::pool[0m[2m:[0m pooling idle connection for ("http", 192.168.0.14:8545)
[2m2025-12-10T10:12:51.205832Z[0m [34mDEBUG[0m [2mhyper::client::pool[0m[2m:[0m reuse idle connection for ("http", 192.168.0.14:8545)
[2m2025-12-10T10:12:51.205849Z[0m [34mDEBUG[0m [2mhyper::proto::h1::io[0m[2m:[0m flushed 172 bytes
[2m2025-12-10T10:12:51.213805Z[0m [34mDEBUG[0m [2methereum_transaction_pool_monitor::eth_client[0m[2m:[0m 📨 Received WebSocket message: {"jsonrpc":"2.0","method":"eth_subscription","params":{"subscription":"0xbed0a0851463e895960a451075a301a9","result":"0xd8457e155c26c641aa8018b0923203fe50e84460cae7d00cd49a0a39f713cdc8"}}
[2m2025-12-10T10:12:51.213832Z[0m [34mDEBUG[0m [2methereum_transaction_pool_monitor::eth_client[0m[2m:[0m 📨 Received pending transaction: 0xd8457e155c26c641aa8018b0923203fe50e84460cae7d00cd49a0a39f713cdc8
[2m2025-12-10T10:12:51.216146Z[0m [34mDEBUG[0m [2mhyper::proto::h1::io[0m[2m:[0m parsed 4 headers
[2m2025-12-10T10:12:51.216156Z[0m [34mDEBUG[0m [2mhyper::proto::h1::conn[0m[2m:[0m incoming body is content-length (639 bytes)
[2m2025-12-10T10:12:51.216164Z[0m [34mDEBUG[0m [2mhyper::proto::h1::conn[0m[2m:[0m incoming body completed
[2m2025-12-10T10:12:51.216174Z[0m [34mDEBUG[0m [2mhyper::client::pool[0m[2m:[0m pooling idle connection for ("http", 192.168.0.14:8545)
[2m2025-12-10T10:12:51.216181Z[0m [34mDEBUG[0m [2methereum_transaction_pool_monitor::eth_client[0m[2m:[0m 📡 Transaction fetch RPC completed in 10.470375ms
[2m2025-12-10T10:12:51.287292Z[0m [34mDEBUG[0m [2methereum_transaction_pool_monitor::eth_client[0m[2m:[0m ✅ Transaction 0x4febff70f98661016f9c5e116dfdf6fab5387e9d4929e834c4945ab4676bc942 fetched and parsed in 81.578792ms
[2m2025-12-10T10:12:51.287314Z[0m [34mDEBUG[0m [2methereum_transaction_pool_monitor::mempool_monitor[0m[2m:[0m 🔍 Skipping tx 0x4febff70f98661016f9c5e116dfdf6fab5387e9d4929e834c4945ab4676bc942 - not a DEX interaction (target: 0xD76f48605DB0eBc75Ddc569340eaca42B7f65105)
[2m2025-12-10T10:12:51.287324Z[0m [34mDEBUG[0m [2methereum_transaction_pool_monitor::mempool_monitor[0m[2m:[0m 📨 Processing new pending transaction: 0xdff7c4d22c696cc703e435b4bed017ab47fdfee5ed09fc8fc2ce956c8463754f
[2m2025-12-10T10:12:51.287330Z[0m [34mDEBUG[0m [2methereum_transaction_pool_monitor::mempool_monitor[0m[2m:[0m 🔍 Fetching transaction details for: 0xdff7c4d22c696cc703e435b4bed017ab47fdfee5ed09fc8fc2ce956c8463754f
[2m2025-12-10T10:12:51.287336Z[0m [34mDEBUG[0m [2methereum_transaction_pool_monitor::eth_client[0m[2m:[0m 🔍 Fetching transaction details for hash: 0xdff7c4d22c696cc703e435b4bed017ab47fdfee5ed09fc8fc2ce956c8463754f
[2m2025-12-10T10:12:51.287359Z[0m [34mDEBUG[0m [2mhyper::client::pool[0m[2m:[0m reuse idle connection for ("http", 192.168.0.14:8545)
[2m2025-12-10T10:12:51.287407Z[0m [34mDEBUG[0m [2mhyper::proto::h1::io[0m[2m:[0m flushed 250 bytes
[2m2025-12-10T10:12:51.287424Z[0m [34mDEBUG[0m [2mhyper::proto::h1::io[0m[2m:[0m parsed 4 headers
[2m2025-12-10T10:12:51.287428Z[0m [34mDEBUG[0m [2mhyper::proto::h1::conn[0m[2m:[0m incoming body is content-length (45 bytes)
[2m2025-12-10T10:12:51.287435Z[0m [34mDEBUG[0m [2mhyper::proto::h1::conn[0m[2m:[0m incoming body completed
[2m2025-12-10T10:12:51.287444Z[0m [34mDEBUG[0m [2mhyper::client::pool[0m[2m:[0m pooling idle connection for ("http", 192.168.0.14:8545)
[2m2025-12-10T10:12:51.291423Z[0m [34mDEBUG[0m [2mhyper::proto::h1::io[0m[2m:[0m parsed 4 headers
[2m2025-12-10T10:12:51.291434Z[0m [34mDEBUG[0m [2mhyper::proto::h1::conn[0m[2m:[0m incoming body is content-length (773 bytes)
[2m2025-12-10T10:12:51.291440Z[0m [34mDEBUG[0m [2mhyper::proto::h1::conn[0m[2m:[0m incoming body completed
[2m2025-12-10T10:12:51.291448Z[0m [34mDEBUG[0m [2mhyper::client::pool[0m[2m:[0m pooling idle connection for ("http", 192.168.0.14:8545)
[2m2025-12-10T10:12:51.291454Z[0m [34mDEBUG[0m [2methereum_transaction_pool_monitor::eth_client[0m[2m:[0m 📡 Transaction fetch RPC completed in 4.111334ms
[2m2025-12-10T10:12:51.362708Z[0m [34mDEBUG[0m [2methereum_transaction_pool_monitor::eth_client[0m[2m:[0m ✅ Transaction 0xdff7c4d22c696cc703e435b4bed017ab47fdfee5ed09fc8fc2ce956c8463754f fetched and parsed in 75.362834ms
[2m2025-12-10T10:12:51.362741Z[0m [34mDEBUG[0m [2methereum_transaction_pool_monitor::mempool_monitor[0m[2m:[0m 🔍 Skipping tx 0xdff7c4d22c696cc703e435b4bed017ab47fdfee5ed09fc8fc2ce956c8463754f - not a DEX interaction (target: 0xA0b86991c6218b36c1d19D4a2e9Eb0cE3606eB48)
[2m2025-12-10T10:12:51.362753Z[0m [34mDEBUG[0m [2methereum_transaction_pool_monitor::mempool_monitor[0m[2m:[0m 📨 Processing new pending transaction: 0x9db5e12ef592c7acf70ed36e2690d7ebe9a32be792134ad390c2ac17c08aecd1
[2m2025-12-10T10:12:51.362767Z[0m [34mDEBUG[0m [2methereum_transaction_pool_monitor::mempool_monitor[0m[2m:[0m 🔍 Fetching transaction details for: 0x9db5e12ef592c7acf70ed36e2690d7ebe9a32be792134ad390c2ac17c08aecd1
[2m2025-12-10T10:12:51.362774Z[0m [34mDEBUG[0m [2methereum_transaction_pool_monitor::eth_client[0m[2m:[0m 🔍 Fetching transaction details for hash: 0x9db5e12ef592c7acf70ed36e2690d7ebe9a32be792134ad390c2ac17c08aecd1
[2m2025-12-10T10:12:51.362794Z[0m [34mDEBUG[0m [2mhyper::client::pool[0m[2m:[0m reuse idle connection for ("http", 192.168.0.14:8545)
[2m2025-12-10T10:12:51.362836Z[0m [34mDEBUG[0m [2mhyper::proto::h1::io[0m[2m:[0m flushed 250 bytes
[2m2025-12-10T10:12:51.362869Z[0m [34mDEBUG[0m [2mhyper::client::pool[0m[2m:[0m reuse idle connection for ("http", 192.168.0.14:8545)
[2m2025-12-10T10:12:51.362887Z[0m [34mDEBUG[0m [2mhyper::proto::h1::io[0m[2m:[0m flushed 172 bytes
[2m2025-12-10T10:12:51.366369Z[0m [34mDEBUG[0m [2methereum_transaction_pool_monitor::eth_client[0m[2m:[0m 📨 Received WebSocket message: {"jsonrpc":"2.0","method":"eth_subscription","params":{"subscription":"0xbed0a0851463e895960a451075a301a9","result":"0xcff48b1e08dbde3ae9203270e0125529669a537848ef61880667098f416d97b8"}}
[2m2025-12-10T10:12:51.366392Z[0m [34mDEBUG[0m [2methereum_transaction_pool_monitor::eth_client[0m[2m:[0m 📨 Received pending transaction: 0xcff48b1e08dbde3ae9203270e0125529669a537848ef61880667098f416d97b8
[2m2025-12-10T10:12:51.366398Z[0m [32m INFO[0m [2methereum_transaction_pool_monitor::eth_client[0m[2m:[0m 📊 WebSocket stats - Total: 3832 transactions, Rate: 13.1 tx/s
[2m2025-12-10T10:12:51.369535Z[0m [34mDEBUG[0m [2mhyper::proto::h1::io[0m[2m:[0m parsed 4 headers
[2m2025-12-10T10:12:51.369558Z[0m [34mDEBUG[0m [2mhyper::proto::h1::conn[0m[2m:[0m incoming body is content-length (45 bytes)
[2m2025-12-10T10:12:51.369583Z[0m [34mDEBUG[0m [2mhyper::proto::h1::conn[0m[2m:[0m incoming body completed
[2m2025-12-10T10:12:51.369611Z[0m [34mDEBUG[0m [2mhyper::client::pool[0m[2m:[0m pooling idle connection for ("http", 192.168.0.14:8545)
[2m2025-12-10T10:12:51.370268Z[0m [34mDEBUG[0m [2mhyper::proto::h1::io[0m[2m:[0m parsed 4 headers
[2m2025-12-10T10:12:51.370276Z[0m [34mDEBUG[0m [2mhyper::proto::h1::conn[0m[2m:[0m incoming body is content-length (830 bytes)
[2m2025-12-10T10:12:51.370284Z[0m [34mDEBUG[0m [2mhyper::proto::h1::conn[0m[2m:[0m incoming body completed
[2m2025-12-10T10:12:51.370292Z[0m [34mDEBUG[0m [2mhyper::client::pool[0m[2m:[0m pooling idle connection for ("http", 192.168.0.14:8545)
[2m2025-12-10T10:12:51.370297Z[0m [34mDEBUG[0m [2methereum_transaction_pool_monitor::eth_client[0m[2m:[0m 📡 Transaction fetch RPC completed in 7.516667ms
[2m2025-12-10T10:12:51.442272Z[0m [34mDEBUG[0m [2methereum_transaction_pool_monitor::eth_client[0m[2m:[0m ✅ Transaction 0x9db5e12ef592c7acf70ed36e2690d7ebe9a32be792134ad390c2ac17c08aecd1 fetched and parsed in 79.488542ms
[2m2025-12-10T10:12:51.442299Z[0m [34mDEBUG[0m [2methereum_transaction_pool_monitor::mempool_monitor[0m[2m:[0m 🔍 Skipping tx 0x9db5e12ef592c7acf70ed36e2690d7ebe9a32be792134ad390c2ac17c08aecd1 - not a DEX interaction (target: 0x3B4D794a66304F130a4Db8F2551B0070dfCf5ca7)
[2m2025-12-10T10:12:51.442311Z[0m [34mDEBUG[0m [2methereum_transaction_pool_monitor::mempool_monitor[0m[2m:[0m 📨 Processing new pending transaction: 0x4696a5542c1ffa0e6e45aac6cb71f04e3da9b7e9f9c0edb7b4ba69dae3b42214
[2m2025-12-10T10:12:51.442318Z[0m [34mDEBUG[0m [2methereum_transaction_pool_monitor::mempool_monitor[0m[2m:[0m 🔍 Fetching transaction details for: 0x4696a5542c1ffa0e6e45aac6cb71f04e3da9b7e9f9c0edb7b4ba69dae3b42214
[2m2025-12-10T10:12:51.442322Z[0m [34mDEBUG[0m [2methereum_transaction_pool_monitor::eth_client[0m[2m:[0m 🔍 Fetching transaction details for hash: 0x4696a5542c1ffa0e6e45aac6cb71f04e3da9b7e9f9c0edb7b4ba69dae3b42214
[2m2025-12-10T10:12:51.442345Z[0m [34mDEBUG[0m [2mhyper::client::pool[0m[2m:[0m reuse idle connection for ("http", 192.168.0.14:8545)
[2m2025-12-10T10:12:51.442382Z[0m [34mDEBUG[0m [2mhyper::proto::h1::io[0m[2m:[0m flushed 250 bytes
[2m2025-12-10T10:12:51.442404Z[0m [34mDEBUG[0m [2mhyper::client::pool[0m[2m:[0m reuse idle connection for ("http", 192.168.0.14:8545)
[2m2025-12-10T10:12:51.442418Z[0m [34mDEBUG[0m [2mhyper::proto::h1::io[0m[2m:[0m flushed 172 bytes
[2m2025-12-10T10:12:51.442435Z[0m [34mDEBUG[0m [2methereum_transaction_pool_monitor::eth_client[0m[2m:[0m 📨 Received WebSocket message: {"jsonrpc":"2.0","method":"eth_subscription","params":{"subscription":"0xbed0a0851463e895960a451075a301a9","result":"0x04ca8664e38187b2b75c0d366423f578cc988c7de29e22bdb2cedbc616160133"}}
[2m2025-12-10T10:12:51.442445Z[0m [34mDEBUG[0m [2methereum_transaction_pool_monitor::eth_client[0m[2m:[0m 📨 Received pending transaction: 0x04ca8664e38187b2b75c0d366423f578cc988c7de29e22bdb2cedbc616160133
[2m2025-12-10T10:12:51.447981Z[0m [34mDEBUG[0m [2mhyper::proto::h1::io[0m[2m:[0m parsed 4 headers
[2m2025-12-10T10:12:51.447995Z[0m [34mDEBUG[0m [2mhyper::proto::h1::conn[0m[2m:[0m incoming body is content-length (3711 bytes)
[2m2025-12-10T10:12:51.448010Z[0m [34mDEBUG[0m [2methereum_transaction_pool_monitor::eth_client[0m[2m:[0m 📡 Transaction fetch RPC completed in 5.683291ms
[2m2025-12-10T10:12:51.450063Z[0m [34mDEBUG[0m [2mhyper::proto::h1::conn[0m[2m:[0m incoming body completed
[2m2025-12-10T10:12:51.450076Z[0m [34mDEBUG[0m [2mhyper::client::pool[0m[2m:[0m pooling idle connection for ("http", 192.168.0.14:8545)
[2m2025-12-10T10:12:51.450163Z[0m [34mDEBUG[0m [2mhyper::proto::h1::io[0m[2m:[0m parsed 4 headers
[2m2025-12-10T10:12:51.450169Z[0m [34mDEBUG[0m [2mhyper::proto::h1::conn[0m[2m:[0m incoming body is content-length (45 bytes)
[2m2025-12-10T10:12:51.450175Z[0m [34mDEBUG[0m [2mhyper::proto::h1::conn[0m[2m:[0m incoming body completed
[2m2025-12-10T10:12:51.450181Z[0m [34mDEBUG[0m [2mhyper::client::pool[0m[2m:[0m pooling idle connection for ("http", 192.168.0.14:8545)
[2m2025-12-10T10:12:51.483972Z[0m [34mDEBUG[0m [2methereum_transaction_pool_monitor::eth_client[0m[2m:[0m 📨 Received WebSocket message: {"jsonrpc":"2.0","method":"eth_subscription","params":{"subscription":"0xbed0a0851463e895960a451075a301a9","result":"0x24fa5e2a96117ccafba6c98fab7e20670b7e85cb301f8ba22aff0eba4cc881bb"}}
[2m2025-12-10T10:12:51.484003Z[0m [34mDEBUG[0m [2methereum_transaction_pool_monitor::eth_client[0m[2m:[0m 📨 Received pending transaction: 0x24fa5e2a96117ccafba6c98fab7e20670b7e85cb301f8ba22aff0eba4cc881bb
[2m2025-12-10T10:12:51.500044Z[0m [34mDEBUG[0m [2mhyper::client::pool[0m[2m:[0m reuse idle connection for ("http", 192.168.0.14:8545)
[2m2025-12-10T10:12:51.500115Z[0m [34mDEBUG[0m [2mhyper::proto::h1::io[0m[2m:[0m flushed 172 bytes
[2m2025-12-10T10:12:51.503736Z[0m [34mDEBUG[0m [2mhyper::proto::h1::io[0m[2m:[0m parsed 4 headers
[2m2025-12-10T10:12:51.503751Z[0m [34mDEBUG[0m [2mhyper::proto::h1::conn[0m[2m:[0m incoming body is content-length (45 bytes)
[2m2025-12-10T10:12:51.503762Z[0m [34mDEBUG[0m [2mhyper::proto::h1::conn[0m[2m:[0m incoming body completed
[2m2025-12-10T10:12:51.503772Z[0m [34mDEBUG[0m [2mhyper::client::pool[0m[2m:[0m pooling idle connection for ("http", 192.168.0.14:8545)
[2m2025-12-10T10:12:51.522434Z[0m [34mDEBUG[0m [2methereum_transaction_pool_monitor::eth_client[0m[2m:[0m ✅ Transaction 0x4696a5542c1ffa0e6e45aac6cb71f04e3da9b7e9f9c0edb7b4ba69dae3b42214 fetched and parsed in 80.104833ms
[2m2025-12-10T10:12:51.523164Z[0m [34mDEBUG[0m [2methereum_transaction_pool_monitor::mempool_monitor[0m[2m:[0m 🔍 Skipping tx 0x4696a5542c1ffa0e6e45aac6cb71f04e3da9b7e9f9c0edb7b4ba69dae3b42214 - not a DEX interaction (target: 0x618892aE551eB5bB2DE8911057b3714274b5FFe1)
[2m2025-12-10T10:12:51.523178Z[0m [34mDEBUG[0m [2methereum_transaction_pool_monitor::mempool_monitor[0m[2m:[0m 📨 Processing new pending transaction: 0x717880e14d2b181378c72660cdb3866e9696720e8172cc306b8d98e31709dfd3
[2m2025-12-10T10:12:51.523185Z[0m [34mDEBUG[0m [2methereum_transaction_pool_monitor::mempool_monitor[0m[2m:[0m 🔍 Fetching transaction details for: 0x717880e14d2b181378c72660cdb3866e9696720e8172cc306b8d98e31709dfd3
[2m2025-12-10T10:12:51.523189Z[0m [34mDEBUG[0m [2methereum_transaction_pool_monitor::eth_client[0m[2m:[0m 🔍 Fetching transaction details for hash: 0x717880e14d2b181378c72660cdb3866e9696720e8172cc306b8d98e31709dfd3
[2m2025-12-10T10:12:51.523210Z[0m [34mDEBUG[0m [2mhyper::client::pool[0m[2m:[0m reuse idle connection for ("http", 192.168.0.14:8545)
[2m2025-12-10T10:12:51.523260Z[0m [34mDEBUG[0m [2mhyper::proto::h1::io[0m[2m:[0m flushed 250 bytes
[2m2025-12-10T10:12:51.528544Z[0m [34mDEBUG[0m [2mhyper::proto::h1::io[0m[2m:[0m parsed 4 headers
[2m2025-12-10T10:12:51.528551Z[0m [34mDEBUG[0m [2mhyper::proto::h1::conn[0m[2m:[0m incoming body is content-length (648 bytes)
[2m2025-12-10T10:12:51.528557Z[0m [34mDEBUG[0m [2mhyper::proto::h1::conn[0m[2m:[0m incoming body completed
[2m2025-12-10T10:12:51.528566Z[0m [34mDEBUG[0m [2mhyper::client::pool[0m[2m:[0m pooling idle connection for ("http", 192.168.0.14:8545)
[2m2025-12-10T10:12:51.528572Z[0m [34mDEBUG[0m [2methereum_transaction_pool_monitor::eth_client[0m[2m:[0m 📡 Transaction fetch RPC completed in 5.378167ms
[2m2025-12-10T10:12:51.599387Z[0m [34mDEBUG[0m [2methereum_transaction_pool_monitor::eth_client[0m[2m:[0m ✅ Transaction 0x717880e14d2b181378c72660cdb3866e9696720e8172cc306b8d98e31709dfd3 fetched and parsed in 76.189959ms
[2m2025-12-10T10:12:51.599415Z[0m [34mDEBUG[0m [2methereum_transaction_pool_monitor::mempool_monitor[0m[2m:[0m 🔍 Skipping tx 0x717880e14d2b181378c72660cdb3866e9696720e8172cc306b8d98e31709dfd3 - not a DEX interaction (target: 0x28C6c06298d514Db089934071355E5743bf21d60)
[2m2025-12-10T10:12:51.599425Z[0m [34mDEBUG[0m [2methereum_transaction_pool_monitor::mempool_monitor[0m[2m:[0m 📨 Processing new pending transaction: 0xd8457e155c26c641aa8018b0923203fe50e84460cae7d00cd49a0a39f713cdc8
[2m2025-12-10T10:12:51.599434Z[0m [34mDEBUG[0m [2methereum_transaction_pool_monitor::mempool_monitor[0m[2m:[0m 🔍 Fetching transaction details for: 0xd8457e155c26c641aa8018b0923203fe50e84460cae7d00cd49a0a39f713cdc8
[2m2025-12-10T10:12:51.599441Z[0m [34mDEBUG[0m [2methereum_transaction_pool_monitor::eth_client[0m[2m:[0m 🔍 Fetching transaction details for hash: 0xd8457e155c26c641aa8018b0923203fe50e84460cae7d00cd49a0a39f713cdc8
[2m2025-12-10T10:12:51.599459Z[0m [34mDEBUG[0m [2mhyper::client::pool[0m[2m:[0m reuse idle connection for ("http", 192.168.0.14:8545)
[2m2025-12-10T10:12:51.599504Z[0m [34mDEBUG[0m [2mhyper::proto::h1::io[0m[2m:[0m flushed 250 bytes
[2m2025-12-10T10:12:51.599536Z[0m [34mDEBUG[0m [2mhyper::client::pool[0m[2m:[0m reuse idle connection for ("http", 192.168.0.14:8545)
[2m2025-12-10T10:12:51.599551Z[0m [34mDEBUG[0m [2mhyper::proto::h1::io[0m[2m:[0m flushed 172 bytes
[2m2025-12-10T10:12:51.603460Z[0m [34mDEBUG[0m [2mhyper::proto::h1::io[0m[2m:[0m parsed 4 headers
[2m2025-12-10T10:12:51.603483Z[0m [34mDEBUG[0m [2mhyper::proto::h1::conn[0m[2m:[0m incoming body is content-length (45 bytes)
[2m2025-12-10T10:12:51.603506Z[0m [34mDEBUG[0m [2mhyper::proto::h1::conn[0m[2m:[0m incoming body completed
[2m2025-12-10T10:12:51.603516Z[0m [34mDEBUG[0m [2mhyper::client::pool[0m[2m:[0m pooling idle connection for ("http", 192.168.0.14:8545)
[2m2025-12-10T10:12:51.603708Z[0m [34mDEBUG[0m [2mhyper::proto::h1::io[0m[2m:[0m parsed 4 headers
[2m2025-12-10T10:12:51.603716Z[0m [34mDEBUG[0m [2mhyper::proto::h1::conn[0m[2m:[0m incoming body is content-length (643 bytes)
[2m2025-12-10T10:12:51.603722Z[0m [34mDEBUG[0m [2mhyper::proto::h1::conn[0m[2m:[0m incoming body completed
[2m2025-12-10T10:12:51.603728Z[0m [34mDEBUG[0m [2mhyper::client::pool[0m[2m:[0m pooling idle connection for ("http", 192.168.0.14:8545)
[2m2025-12-10T10:12:51.603733Z[0m [34mDEBUG[0m [2methereum_transaction_pool_monitor::eth_client[0m[2m:[0m 📡 Transaction fetch RPC completed in 4.287917ms
[2m2025-12-10T10:12:51.675458Z[0m [34mDEBUG[0m [2methereum_transaction_pool_monitor::eth_client[0m[2m:[0m ✅ Transaction 0xd8457e155c26c641aa8018b0923203fe50e84460cae7d00cd49a0a39f713cdc8 fetched and parsed in 76.011042ms
[2m2025-12-10T10:12:51.675481Z[0m [34mDEBUG[0m [2methereum_transaction_pool_monitor::mempool_monitor[0m[2m:[0m 🔍 Skipping tx 0xd8457e155c26c641aa8018b0923203fe50e84460cae7d00cd49a0a39f713cdc8 - not a DEX interaction (target: 0x4557eda512cf9F9208Fdd2A067F5041663C503E8)
[2m2025-12-10T10:12:51.675491Z[0m [34mDEBUG[0m [2methereum_transaction_pool_monitor::mempool_monitor[0m[2m:[0m 📨 Processing new pending transaction: 0xcff48b1e08dbde3ae9203270e0125529669a537848ef61880667098f416d97b8
[2m2025-12-10T10:12:51.675497Z[0m [34mDEBUG[0m [2methereum_transaction_pool_monitor::mempool_monitor[0m[2m:[0m 🔍 Fetching transaction details for: 0xcff48b1e08dbde3ae9203270e0125529669a537848ef61880667098f416d97b8
[2m2025-12-10T10:12:51.675502Z[0m [34mDEBUG[0m [2methereum_transaction_pool_monitor::eth_client[0m[2m:[0m 🔍 Fetching transaction details for hash: 0xcff48b1e08dbde3ae9203270e0125529669a537848ef61880667098f416d97b8
[2m2025-12-10T10:12:51.675523Z[0m [34mDEBUG[0m [2mhyper::client::pool[0m[2m:[0m reuse idle connection for ("http", 192.168.0.14:8545)
[2m2025-12-10T10:12:51.675574Z[0m [34mDEBUG[0m [2mhyper::proto::h1::io[0m[2m:[0m flushed 250 bytes
[2m2025-12-10T10:12:51.675609Z[0m [34mDEBUG[0m [2methereum_transaction_pool_monitor::eth_client[0m[2m:[0m 📨 Received WebSocket message: {"jsonrpc":"2.0","method":"eth_subscription","params":{"subscription":"0xbed0a0851463e895960a451075a301a9","result":"0x2c8bff717dba3afd97ed29497454779401e2f759e97008ba1e39452d056176f9"}}
[2m2025-12-10T10:12:51.675618Z[0m [34mDEBUG[0m [2methereum_transaction_pool_monitor::eth_client[0m[2m:[0m 📨 Received pending transaction: 0x2c8bff717dba3afd97ed29497454779401e2f759e97008ba1e39452d056176f9
[2m2025-12-10T10:12:51.683713Z[0m [34mDEBUG[0m [2mhyper::proto::h1::io[0m[2m:[0m parsed 4 headers
[2m2025-12-10T10:12:51.683724Z[0m [34mDEBUG[0m [2mhyper::proto::h1::conn[0m[2m:[0m incoming body is content-length (648 bytes)
[2m2025-12-10T10:12:51.683731Z[0m [34mDEBUG[0m [2mhyper::proto::h1::conn[0m[2m:[0m incoming body completed
[2m2025-12-10T10:12:51.683740Z[0m [34mDEBUG[0m [2mhyper::client::pool[0m[2m:[0m pooling idle connection for ("http", 192.168.0.14:8545)
[2m2025-12-10T10:12:51.683747Z[0m [34mDEBUG[0m [2methereum_transaction_pool_monitor::eth_client[0m[2m:[0m 📡 Transaction fetch RPC completed in 8.239959ms
[2m2025-12-10T10:12:51.752589Z[0m [34mDEBUG[0m [2methereum_transaction_pool_monitor::eth_client[0m[2m:[0m ✅ Transaction 0xcff48b1e08dbde3ae9203270e0125529669a537848ef61880667098f416d97b8 fetched and parsed in 77.080167ms
[2m2025-12-10T10:12:51.752613Z[0m [34mDEBUG[0m [2methereum_transaction_pool_monitor::mempool_monitor[0m[2m:[0m 🔍 Skipping tx 0xcff48b1e08dbde3ae9203270e0125529669a537848ef61880667098f416d97b8 - not a DEX interaction (target: 0xd275C77cc1dD410eDe0690Dd8A9b3af729E4Dcc4)
[2m2025-12-10T10:12:51.752624Z[0m [34mDEBUG[0m [2methereum_transaction_pool_monitor::mempool_monitor[0m[2m:[0m 📨 Processing new pending transaction: 0x04ca8664e38187b2b75c0d366423f578cc988c7de29e22bdb2cedbc616160133
[2m2025-12-10T10:12:51.752629Z[0m [34mDEBUG[0m [2methereum_transaction_pool_monitor::mempool_monitor[0m[2m:[0m 🔍 Fetching transaction details for: 0x04ca8664e38187b2b75c0d366423f578cc988c7de29e22bdb2cedbc616160133
[2m2025-12-10T10:12:51.752635Z[0m [34mDEBUG[0m [2methereum_transaction_pool_monitor::eth_client[0m[2m:[0m 🔍 Fetching transaction details for hash: 0x04ca8664e38187b2b75c0d366423f578cc988c7de29e22bdb2cedbc616160133
[2m2025-12-10T10:12:51.752654Z[0m [34mDEBUG[0m [2mhyper::client::pool[0m[2m:[0m reuse idle connection for ("http", 192.168.0.14:8545)
[2m2025-12-10T10:12:51.752699Z[0m [34mDEBUG[0m [2mhyper::proto::h1::io[0m[2m:[0m flushed 250 bytes
[2m2025-12-10T10:12:51.752727Z[0m [34mDEBUG[0m [2mhyper::client::pool[0m[2m:[0m reuse idle connection for ("http", 192.168.0.14:8545)
[2m2025-12-10T10:12:51.752741Z[0m [34mDEBUG[0m [2mhyper::proto::h1::io[0m[2m:[0m flushed 172 bytes
[2m2025-12-10T10:12:51.757753Z[0m [34mDEBUG[0m [2mhyper::proto::h1::io[0m[2m:[0m parsed 4 headers
[2m2025-12-10T10:12:51.757761Z[0m [34mDEBUG[0m [2mhyper::proto::h1::conn[0m[2m:[0m incoming body is content-length (45 bytes)
[2m2025-12-10T10:12:51.757767Z[0m [34mDEBUG[0m [2mhyper::proto::h1::conn[0m[2m:[0m incoming body completed
[2m2025-12-10T10:12:51.757776Z[0m [34mDEBUG[0m [2mhyper::client::pool[0m[2m:[0m pooling idle connection for ("http", 192.168.0.14:8545)
[2m2025-12-10T10:12:51.761972Z[0m [34mDEBUG[0m [2mhyper::proto::h1::io[0m[2m:[0m parsed 4 headers
[2m2025-12-10T10:12:51.761978Z[0m [34mDEBUG[0m [2mhyper::proto::h1::conn[0m[2m:[0m incoming body is content-length (765 bytes)
[2m2025-12-10T10:12:51.761985Z[0m [34mDEBUG[0m [2mhyper::proto::h1::conn[0m[2m:[0m incoming body completed
[2m2025-12-10T10:12:51.761993Z[0m [34mDEBUG[0m [2mhyper::client::pool[0m[2m:[0m pooling idle connection for ("http", 192.168.0.14:8545)
[2m2025-12-10T10:12:51.761998Z[0m [34mDEBUG[0m [2methereum_transaction_pool_monitor::eth_client[0m[2m:[0m 📡 Transaction fetch RPC completed in 9.358542ms
[2m2025-12-10T10:12:51.762014Z[0m [34mDEBUG[0m [2methereum_transaction_pool_monitor::eth_client[0m[2m:[0m DeFi transaction detected - Address: 0xc02aaa39b223fe8d0a0e5c4f27ead9083c756cc2, Type: TokenContract, Value: 0 ETH, Gas: 0.23 Gwei
[2m2025-12-10T10:12:51.762026Z[0m [34mDEBUG[0m [2methereum_transaction_pool_monitor::eth_client[0m[2m:[0m ✅ Transaction 0x04ca8664e38187b2b75c0d366423f578cc988c7de29e22bdb2cedbc616160133 fetched and parsed in 9.385834ms
[2m2025-12-10T10:12:51.762031Z[0m [34mDEBUG[0m [2methereum_transaction_pool_monitor::mempool_monitor[0m[2m:[0m 🔍 Skipping tx 0x04ca8664e38187b2b75c0d366423f578cc988c7de29e22bdb2cedbc616160133 - not a DEX interaction (target: 0xC02aaA39b223FE8D0A0e5C4F27eAD9083C756Cc2)
[2m2025-12-10T10:12:51.762038Z[0m [34mDEBUG[0m [2methereum_transaction_pool_monitor::mempool_monitor[0m[2m:[0m 📨 Processing new pending transaction: 0x24fa5e2a96117ccafba6c98fab7e20670b7e85cb301f8ba22aff0eba4cc881bb
[2m2025-12-10T10:12:51.762042Z[0m [34mDEBUG[0m [2methereum_transaction_pool_monitor::mempool_monitor[0m[2m:[0m 🔍 Fetching transaction details for: 0x24fa5e2a96117ccafba6c98fab7e20670b7e85cb301f8ba22aff0eba4cc881bb
[2m2025-12-10T10:12:51.762045Z[0m [34mDEBUG[0m [2methereum_transaction_pool_monitor::eth_client[0m[2m:[0m 🔍 Fetching transaction details for hash: 0x24fa5e2a96117ccafba6c98fab7e20670b7e85cb301f8ba22aff0eba4cc881bb
[2m2025-12-10T10:12:51.762059Z[0m [34mDEBUG[0m [2mhyper::client::pool[0m[2m:[0m reuse idle connection for ("http", 192.168.0.14:8545)
[2m2025-12-10T10:12:51.762079Z[0m [34mDEBUG[0m [2mhyper::proto::h1::io[0m[2m:[0m flushed 250 bytes
[2m2025-12-10T10:12:51.768485Z[0m [34mDEBUG[0m [2mhyper::proto::h1::io[0m[2m:[0m parsed 4 headers
[2m2025-12-10T10:12:51.768491Z[0m [34mDEBUG[0m [2mhyper::proto::h1::conn[0m[2m:[0m incoming body is content-length (766 bytes)
[2m2025-12-10T10:12:51.768496Z[0m [34mDEBUG[0m [2mhyper::proto::h1::conn[0m[2m:[0m incoming body completed
[2m2025-12-10T10:12:51.768502Z[0m [34mDEBUG[0m [2mhyper::client::pool[0m[2m:[0m pooling idle connection for ("http", 192.168.0.14:8545)
[2m2025-12-10T10:12:51.768506Z[0m [34mDEBUG[0m [2methereum_transaction_pool_monitor::eth_client[0m[2m:[0m 📡 Transaction fetch RPC completed in 6.457625ms
[2m2025-12-10T10:12:51.839317Z[0m [34mDEBUG[0m [2methereum_transaction_pool_monitor::eth_client[0m[2m:[0m ✅ Transaction 0x24fa5e2a96117ccafba6c98fab7e20670b7e85cb301f8ba22aff0eba4cc881bb fetched and parsed in 77.266709ms
[2m2025-12-10T10:12:51.839347Z[0m [34mDEBUG[0m [2methereum_transaction_pool_monitor::mempool_monitor[0m[2m:[0m 🔍 Skipping tx 0x24fa5e2a96117ccafba6c98fab7e20670b7e85cb301f8ba22aff0eba4cc881bb - not a DEX interaction (target: 0x1CDD2EaB61112697626F7b4bB0e23Da4FeBF7B7C)
[2m2025-12-10T10:12:51.839359Z[0m [34mDEBUG[0m [2methereum_transaction_pool_monitor::mempool_monitor[0m[2m:[0m 📨 Processing new pending transaction: 0x2c8bff717dba3afd97ed29497454779401e2f759e97008ba1e39452d056176f9
[2m2025-12-10T10:12:51.839373Z[0m [34mDEBUG[0m [2methereum_transaction_pool_monitor::mempool_monitor[0m[2m:[0m 🔍 Fetching transaction details for: 0x2c8bff717dba3afd97ed29497454779401e2f759e97008ba1e39452d056176f9
[2m2025-12-10T10:12:51.839378Z[0m [34mDEBUG[0m [2methereum_transaction_pool_monitor::eth_client[0m[2m:[0m 🔍 Fetching transaction details for hash: 0x2c8bff717dba3afd97ed29497454779401e2f759e97008ba1e39452d056176f9
[2m2025-12-10T10:12:51.839398Z[0m [34mDEBUG[0m [2mhyper::client::pool[0m[2m:[0m reuse idle connection for ("http", 192.168.0.14:8545)
[2m2025-12-10T10:12:51.839439Z[0m [34mDEBUG[0m [2mhyper::proto::h1::io[0m[2m:[0m flushed 250 bytes
[2m2025-12-10T10:12:51.839460Z[0m [34mDEBUG[0m [2mhyper::client::pool[0m[2m:[0m reuse idle connection for ("http", 192.168.0.14:8545)
[2m2025-12-10T10:12:51.839474Z[0m [34mDEBUG[0m [2mhyper::proto::h1::io[0m[2m:[0m flushed 172 bytes
[2m2025-12-10T10:12:51.839487Z[0m [34mDEBUG[0m [2methereum_transaction_pool_monitor::eth_client[0m[2m:[0m 📨 Received WebSocket message: {"jsonrpc":"2.0","method":"eth_subscription","params":{"subscription":"0xbed0a0851463e895960a451075a301a9","result":"0xeab40e9c9bb3dadc1cdcf8e05ddf2a9b27c5727cceed7d77ee46a66146c83df2"}}
[2m2025-12-10T10:12:51.839494Z[0m [34mDEBUG[0m [2methereum_transaction_pool_monitor::eth_client[0m[2m:[0m 📨 Received pending transaction: 0xeab40e9c9bb3dadc1cdcf8e05ddf2a9b27c5727cceed7d77ee46a66146c83df2
[2m2025-12-10T10:12:51.848043Z[0m [34mDEBUG[0m [2mhyper::proto::h1::io[0m[2m:[0m parsed 4 headers
[2m2025-12-10T10:12:51.848058Z[0m [34mDEBUG[0m [2mhyper::proto::h1::conn[0m[2m:[0m incoming body is content-length (45 bytes)
[2m2025-12-10T10:12:51.848060Z[0m [34mDEBUG[0m [2mhyper::proto::h1::io[0m[2m:[0m parsed 4 headers
[2m2025-12-10T10:12:51.848075Z[0m [34mDEBUG[0m [2mhyper::proto::h1::conn[0m[2m:[0m incoming body is content-length (554 bytes)
[2m2025-12-10T10:12:51.848066Z[0m [34mDEBUG[0m [2mhyper::proto::h1::conn[0m[2m:[0m incoming body completed
[2m2025-12-10T10:12:51.848081Z[0m [34mDEBUG[0m [2mhyper::proto::h1::conn[0m[2m:[0m incoming body completed
[2m2025-12-10T10:12:51.848116Z[0m [34mDEBUG[0m [2mhyper::client::pool[0m[2m:[0m pooling idle connection for ("http", 192.168.0.14:8545)
[2m2025-12-10T10:12:51.848118Z[0m [34mDEBUG[0m [2mhyper::client::pool[0m[2m:[0m pooling idle connection for ("http", 192.168.0.14:8545)
[2m2025-12-10T10:12:51.848128Z[0m [34mDEBUG[0m [2methereum_transaction_pool_monitor::eth_client[0m[2m:[0m 📡 Transaction fetch RPC completed in 8.744333ms
[2m2025-12-10T10:12:51.899457Z[0m [34mDEBUG[0m [2mhyper::client::pool[0m[2m:[0m reuse idle connection for ("http", 192.168.0.14:8545)
[2m2025-12-10T10:12:51.899512Z[0m [34mDEBUG[0m [2mhyper::proto::h1::io[0m[2m:[0m flushed 172 bytes
[2m2025-12-10T10:12:51.899843Z[0m [34mDEBUG[0m [2methereum_transaction_pool_monitor::eth_client[0m[2m:[0m 📨 Received WebSocket message: {"jsonrpc":"2.0","method":"eth_subscription","params":{"subscription":"0xbed0a0851463e895960a451075a301a9","result":"0x115934bd9c266ed5c411e0e2fb77befe998bd1dab32b085cb1c631a03d856187"}}
[2m2025-12-10T10:12:51.900055Z[0m [34mDEBUG[0m [2methereum_transaction_pool_monitor::eth_client[0m[2m:[0m 📨 Received pending transaction: 0x115934bd9c266ed5c411e0e2fb77befe998bd1dab32b085cb1c631a03d856187
[2m2025-12-10T10:12:51.904724Z[0m [34mDEBUG[0m [2mhyper::proto::h1::io[0m[2m:[0m parsed 4 headers
[2m2025-12-10T10:12:51.904739Z[0m [34mDEBUG[0m [2mhyper::proto::h1::conn[0m[2m:[0m incoming body is content-length (45 bytes)
[2m2025-12-10T10:12:51.904746Z[0m [34mDEBUG[0m [2mhyper::proto::h1::conn[0m[2m:[0m incoming body completed
[2m2025-12-10T10:12:51.904756Z[0m [34mDEBUG[0m [2mhyper::client::pool[0m[2m:[0m pooling idle connection for ("http", 192.168.0.14:8545)
[2m2025-12-10T10:12:51.919968Z[0m [34mDEBUG[0m [2methereum_transaction_pool_monitor::eth_client[0m[2m:[0m ✅ Transaction 0x2c8bff717dba3afd97ed29497454779401e2f759e97008ba1e39452d056176f9 fetched and parsed in 80.582167ms
[2m2025-12-10T10:12:51.919994Z[0m [34mDEBUG[0m [2methereum_transaction_pool_monitor::mempool_monitor[0m[2m:[0m 🔍 Skipping tx 0x2c8bff717dba3afd97ed29497454779401e2f759e97008ba1e39452d056176f9 - not a DEX interaction (target: 0xAe17562eFD1Db020614800658F11357Ac93cE87b)
[2m2025-12-10T10:12:51.920005Z[0m [34mDEBUG[0m [2methereum_transaction_pool_monitor::mempool_monitor[0m[2m:[0m 📨 Processing new pending transaction: 0xeab40e9c9bb3dadc1cdcf8e05ddf2a9b27c5727cceed7d77ee46a66146c83df2
[2m2025-12-10T10:12:51.920010Z[0m [34mDEBUG[0m [2methereum_transaction_pool_monitor::mempool_monitor[0m[2m:[0m 🔍 Fetching transaction details for: 0xeab40e9c9bb3dadc1cdcf8e05ddf2a9b27c5727cceed7d77ee46a66146c83df2
[2m2025-12-10T10:12:51.920014Z[0m [34mDEBUG[0m [2methereum_transaction_pool_monitor::eth_client[0m[2m:[0m 🔍 Fetching transaction details for hash: 0xeab40e9c9bb3dadc1cdcf8e05ddf2a9b27c5727cceed7d77ee46a66146c83df2
[2m2025-12-10T10:12:51.920036Z[0m [34mDEBUG[0m [2mhyper::client::pool[0m[2m:[0m reuse idle connection for ("http", 192.168.0.14:8545)
[2m2025-12-10T10:12:51.920071Z[0m [34mDEBUG[0m [2mhyper::proto::h1::io[0m[2m:[0m flushed 250 bytes
[2m2025-12-10T10:12:51.925533Z[0m [34mDEBUG[0m [2mhyper::proto::h1::io[0m[2m:[0m parsed 4 headers
[2m2025-12-10T10:12:51.925538Z[0m [34mDEBUG[0m [2mhyper::proto::h1::conn[0m[2m:[0m incoming body is content-length (642 bytes)
[2m2025-12-10T10:12:51.925545Z[0m [34mDEBUG[0m [2mhyper::proto::h1::conn[0m[2m:[0m incoming body completed
[2m2025-12-10T10:12:51.925552Z[0m [34mDEBUG[0m [2mhyper::client::pool[0m[2m:[0m pooling idle connection for ("http", 192.168.0.14:8545)
[2m2025-12-10T10:12:51.925556Z[0m [34mDEBUG[0m [2methereum_transaction_pool_monitor::eth_client[0m[2m:[0m 📡 Transaction fetch RPC completed in 5.538166ms
[2m2025-12-10T10:12:51.996847Z[0m [34mDEBUG[0m [2methereum_transaction_pool_monitor::eth_client[0m[2m:[0m ✅ Transaction 0xeab40e9c9bb3dadc1cdcf8e05ddf2a9b27c5727cceed7d77ee46a66146c83df2 fetched and parsed in 76.827125ms
[2m2025-12-10T10:12:51.996875Z[0m [34mDEBUG[0m [2methereum_transaction_pool_monitor::mempool_monitor[0m[2m:[0m 🔍 Skipping tx 0xeab40e9c9bb3dadc1cdcf8e05ddf2a9b27c5727cceed7d77ee46a66146c83df2 - not a DEX interaction (target: 0x785305D63816cc5BEeB502C397FDEB26223F6Db7)
[2m2025-12-10T10:12:51.996887Z[0m [34mDEBUG[0m [2methereum_transaction_pool_monitor::mempool_monitor[0m[2m:[0m 📨 Processing new pending transaction: 0x115934bd9c266ed5c411e0e2fb77befe998bd1dab32b085cb1c631a03d856187
[2m2025-12-10T10:12:51.996895Z[0m [34mDEBUG[0m [2methereum_transaction_pool_monitor::mempool_monitor[0m[2m:[0m 🔍 Fetching transaction details for: 0x115934bd9c266ed5c411e0e2fb77befe998bd1dab32b085cb1c631a03d856187
[2m2025-12-10T10:12:51.996901Z[0m [34mDEBUG[0m [2methereum_transaction_pool_monitor::eth_client[0m[2m:[0m 🔍 Fetching transaction details for hash: 0x115934bd9c266ed5c411e0e2fb77befe998bd1dab32b085cb1c631a03d856187
[2m2025-12-10T10:12:51.996924Z[0m [34mDEBUG[0m [2mhyper::client::pool[0m[2m:[0m reuse idle connection for ("http", 192.168.0.14:8545)
[2m2025-12-10T10:12:51.996953Z[0m [34mDEBUG[0m [2mhyper::proto::h1::io[0m[2m:[0m flushed 250 bytes
[2m2025-12-10T10:12:51.996974Z[0m [34mDEBUG[0m [2methereum_transaction_pool_monitor::eth_client[0m[2m:[0m 📨 Received WebSocket message: {"jsonrpc":"2.0","method":"eth_subscription","params":{"subscription":"0xbed0a0851463e895960a451075a301a9","result":"0x3908f83f286b9d7f03a95e62d68d1aedbcd11199b583437df60ba00c834165d8"}}
[2m2025-12-10T10:12:51.996984Z[0m [34mDEBUG[0m [2methereum_transaction_pool_monitor::eth_client[0m[2m:[0m 📨 Received pending transaction: 0x3908f83f286b9d7f03a95e62d68d1aedbcd11199b583437df60ba00c834165d8
[2m2025-12-10T10:12:51.998259Z[0m [34mDEBUG[0m [2mhyper::client::pool[0m[2m:[0m reuse idle connection for ("http", 192.168.0.14:8545)
[2m2025-12-10T10:12:52.001836Z[0m [34mDEBUG[0m [2mhyper::proto::h1::io[0m[2m:[0m flushed 172 bytes
[2m2025-12-10T10:12:52.001852Z[0m [34mDEBUG[0m [2mhyper::proto::h1::io[0m[2m:[0m parsed 4 headers
[2m2025-12-10T10:12:52.001857Z[0m [34mDEBUG[0m [2mhyper::proto::h1::conn[0m[2m:[0m incoming body is content-length (7927 bytes)
[2m2025-12-10T10:12:52.001871Z[0m [34mDEBUG[0m [2methereum_transaction_pool_monitor::eth_client[0m[2m:[0m 📡 Transaction fetch RPC completed in 4.963334ms
[2m2025-12-10T10:12:52.004115Z[0m [34mDEBUG[0m [2mhyper::proto::h1::conn[0m[2m:[0m incoming body completed
[2m2025-12-10T10:12:52.004128Z[0m [34mDEBUG[0m [2mhyper::client::pool[0m[2m:[0m pooling idle connection for ("http", 192.168.0.14:8545)
[2m2025-12-10T10:12:52.006777Z[0m [34mDEBUG[0m [2mhyper::proto::h1::io[0m[2m:[0m parsed 4 headers
[2m2025-12-10T10:12:52.006791Z[0m [34mDEBUG[0m [2mhyper::proto::h1::conn[0m[2m:[0m incoming body is content-length (45 bytes)
[2m2025-12-10T10:12:52.006798Z[0m [34mDEBUG[0m [2mhyper::proto::h1::conn[0m[2m:[0m incoming body completed
[2m2025-12-10T10:12:52.006806Z[0m [34mDEBUG[0m [2mhyper::client::pool[0m[2m:[0m pooling idle connection for ("http", 192.168.0.14:8545)
[2m2025-12-10T10:12:52.076067Z[0m [34mDEBUG[0m [2methereum_transaction_pool_monitor::eth_client[0m[2m:[0m ✅ Transaction 0x115934bd9c266ed5c411e0e2fb77befe998bd1dab32b085cb1c631a03d856187 fetched and parsed in 79.15775ms
[2m2025-12-10T10:12:52.076091Z[0m [34mDEBUG[0m [2methereum_transaction_pool_monitor::mempool_monitor[0m[2m:[0m 🔍 Skipping tx 0x115934bd9c266ed5c411e0e2fb77befe998bd1dab32b085cb1c631a03d856187 - not a DEX interaction (target: 0xcA11bde05977b3631167028862bE2a173976CA11)
[2m2025-12-10T10:12:52.076102Z[0m [34mDEBUG[0m [2methereum_transaction_pool_monitor::mempool_monitor[0m[2m:[0m 📨 Processing new pending transaction: 0x3908f83f286b9d7f03a95e62d68d1aedbcd11199b583437df60ba00c834165d8
[2m2025-12-10T10:12:52.076107Z[0m [34mDEBUG[0m [2methereum_transaction_pool_monitor::mempool_monitor[0m[2m:[0m 🔍 Fetching transaction details for: 0x3908f83f286b9d7f03a95e62d68d1aedbcd11199b583437df60ba00c834165d8
[2m2025-12-10T10:12:52.076111Z[0m [34mDEBUG[0m [2methereum_transaction_pool_monitor::eth_client[0m[2m:[0m 🔍 Fetching transaction details for hash: 0x3908f83f286b9d7f03a95e62d68d1aedbcd11199b583437df60ba00c834165d8
[2m2025-12-10T10:12:52.076129Z[0m [34mDEBUG[0m [2mhyper::client::pool[0m[2m:[0m reuse idle connection for ("http", 192.168.0.14:8545)
[2m2025-12-10T10:12:52.076172Z[0m [34mDEBUG[0m [2mhyper::proto::h1::io[0m[2m:[0m flushed 250 bytes
[2m2025-12-10T10:12:52.082156Z[0m [34mDEBUG[0m [2mhyper::proto::h1::io[0m[2m:[0m parsed 4 headers
[2m2025-12-10T10:12:52.082175Z[0m [34mDEBUG[0m [2mhyper::proto::h1::conn[0m[2m:[0m incoming body is content-length (767 bytes)
[2m2025-12-10T10:12:52.082183Z[0m [34mDEBUG[0m [2mhyper::proto::h1::conn[0m[2m:[0m incoming body completed
[2m2025-12-10T10:12:52.082193Z[0m [34mDEBUG[0m [2mhyper::client::pool[0m[2m:[0m pooling idle connection for ("http", 192.168.0.14:8545)
[2m2025-12-10T10:12:52.082199Z[0m [34mDEBUG[0m [2methereum_transaction_pool_monitor::eth_client[0m[2m:[0m 📡 Transaction fetch RPC completed in 6.083541ms
[2m2025-12-10T10:12:52.153274Z[0m [34mDEBUG[0m [2methereum_transaction_pool_monitor::eth_client[0m[2m:[0m ✅ Transaction 0x3908f83f286b9d7f03a95e62d68d1aedbcd11199b583437df60ba00c834165d8 fetched and parsed in 77.156166ms
[2m2025-12-10T10:12:52.153303Z[0m [34mDEBUG[0m [2methereum_transaction_pool_monitor::mempool_monitor[0m[2m:[0m 🔍 Skipping tx 0x3908f83f286b9d7f03a95e62d68d1aedbcd11199b583437df60ba00c834165d8 - not a DEX interaction (target: 0xA0b86991c6218b36c1d19D4a2e9Eb0cE3606eB48)
[2m2025-12-10T10:12:52.153344Z[0m [34mDEBUG[0m [2mhyper::client::pool[0m[2m:[0m reuse idle connection for ("http", 192.168.0.14:8545)
[2m2025-12-10T10:12:52.153373Z[0m [34mDEBUG[0m [2mhyper::proto::h1::io[0m[2m:[0m flushed 172 bytes
[2m2025-12-10T10:12:52.153381Z[0m [34mDEBUG[0m [2methereum_transaction_pool_monitor::eth_client[0m[2m:[0m 📨 Received WebSocket message: {"jsonrpc":"2.0","method":"eth_subscription","params":{"subscription":"0xbed0a0851463e895960a451075a301a9","result":"0x2a6cf9725aef5c435384005d79af912b88fe4573c5e6f34accc78829fd6defa1"}}
[2m2025-12-10T10:12:52.153391Z[0m [34mDEBUG[0m [2methereum_transaction_pool_monitor::eth_client[0m[2m:[0m 📨 Received pending transaction: 0x2a6cf9725aef5c435384005d79af912b88fe4573c5e6f34accc78829fd6defa1
[2m2025-12-10T10:12:52.153398Z[0m [34mDEBUG[0m [2methereum_transaction_pool_monitor::eth_client[0m[2m:[0m 📨 Received WebSocket message: {"jsonrpc":"2.0","method":"eth_subscription","params":{"subscription":"0xbed0a0851463e895960a451075a301a9","result":"0x081455ce5e99ca014d992ff989741b1e3e52ea7937a9cd236e67ce9ec7dde52c"}}
[2m2025-12-10T10:12:52.153403Z[0m [34mDEBUG[0m [2methereum_transaction_pool_monitor::eth_client[0m[2m:[0m 📨 Received pending transaction: 0x081455ce5e99ca014d992ff989741b1e3e52ea7937a9cd236e67ce9ec7dde52c
[2m2025-12-10T10:12:52.153410Z[0m [34mDEBUG[0m [2methereum_transaction_pool_monitor::mempool_monitor[0m[2m:[0m 📨 Processing new pending transaction: 0x2a6cf9725aef5c435384005d79af912b88fe4573c5e6f34accc78829fd6defa1
[2m2025-12-10T10:12:52.153414Z[0m [34mDEBUG[0m [2methereum_transaction_pool_monitor::mempool_monitor[0m[2m:[0m 🔍 Fetching transaction details for: 0x2a6cf9725aef5c435384005d79af912b88fe4573c5e6f34accc78829fd6defa1
[2m2025-12-10T10:12:52.153418Z[0m [34mDEBUG[0m [2methereum_transaction_pool_monitor::eth_client[0m[2m:[0m 🔍 Fetching transaction details for hash: 0x2a6cf9725aef5c435384005d79af912b88fe4573c5e6f34accc78829fd6defa1
[2m2025-12-10T10:12:52.153428Z[0m [34mDEBUG[0m [2mhyper::client::pool[0m[2m:[0m reuse idle connection for ("http", 192.168.0.14:8545)
[2m2025-12-10T10:12:52.153440Z[0m [34mDEBUG[0m [2mhyper::proto::h1::io[0m[2m:[0m flushed 250 bytes
[2m2025-12-10T10:12:52.165818Z[0m [34mDEBUG[0m [2mhyper::proto::h1::io[0m[2m:[0m parsed 4 headers
[2m2025-12-10T10:12:52.165828Z[0m [34mDEBUG[0m [2mhyper::proto::h1::conn[0m[2m:[0m incoming body is content-length (45 bytes)
[2m2025-12-10T10:12:52.165836Z[0m [34mDEBUG[0m [2mhyper::proto::h1::conn[0m[2m:[0m incoming body completed
[2m2025-12-10T10:12:52.165845Z[0m [34mDEBUG[0m [2mhyper::client::pool[0m[2m:[0m pooling idle connection for ("http", 192.168.0.14:8545)
[2m2025-12-10T10:12:52.166859Z[0m [34mDEBUG[0m [2mhyper::proto::h1::io[0m[2m:[0m parsed 4 headers
[2m2025-12-10T10:12:52.166867Z[0m [34mDEBUG[0m [2mhyper::proto::h1::conn[0m[2m:[0m incoming body is content-length (642 bytes)
[2m2025-12-10T10:12:52.166872Z[0m [34mDEBUG[0m [2mhyper::proto::h1::conn[0m[2m:[0m incoming body completed
[2m2025-12-10T10:12:52.166878Z[0m [34mDEBUG[0m [2mhyper::client::pool[0m[2m:[0m pooling idle connection for ("http", 192.168.0.14:8545)
[2m2025-12-10T10:12:52.166884Z[0m [34mDEBUG[0m [2methereum_transaction_pool_monitor::eth_client[0m[2m:[0m 📡 Transaction fetch RPC completed in 13.4605ms
[2m2025-12-10T10:12:52.238860Z[0m [34mDEBUG[0m [2methereum_transaction_pool_monitor::eth_client[0m[2m:[0m ✅ Transaction 0x2a6cf9725aef5c435384005d79af912b88fe4573c5e6f34accc78829fd6defa1 fetched and parsed in 85.434875ms
[2m2025-12-10T10:12:52.238890Z[0m [34mDEBUG[0m [2methereum_transaction_pool_monitor::mempool_monitor[0m[2m:[0m 🔍 Skipping tx 0x2a6cf9725aef5c435384005d79af912b88fe4573c5e6f34accc78829fd6defa1 - not a DEX interaction (target: 0x6Adb3baB5730852eB53987EA89D8e8f16393C200)
[2m2025-12-10T10:12:52.238904Z[0m [34mDEBUG[0m [2methereum_transaction_pool_monitor::mempool_monitor[0m[2m:[0m 📨 Processing new pending transaction: 0x081455ce5e99ca014d992ff989741b1e3e52ea7937a9cd236e67ce9ec7dde52c
[2m2025-12-10T10:12:52.238912Z[0m [34mDEBUG[0m [2methereum_transaction_pool_monitor::mempool_monitor[0m[2m:[0m 🔍 Fetching transaction details for: 0x081455ce5e99ca014d992ff989741b1e3e52ea7937a9cd236e67ce9ec7dde52c
[2m2025-12-10T10:12:52.238918Z[0m [34mDEBUG[0m [2methereum_transaction_pool_monitor::eth_client[0m[2m:[0m 🔍 Fetching transaction details for hash: 0x081455ce5e99ca014d992ff989741b1e3e52ea7937a9cd236e67ce9ec7dde52c
[2m2025-12-10T10:12:52.238941Z[0m [34mDEBUG[0m [2mhyper::client::pool[0m[2m:[0m reuse idle connection for ("http", 192.168.0.14:8545)
[2m2025-12-10T10:12:52.238971Z[0m [34mDEBUG[0m [2mhyper::proto::h1::io[0m[2m:[0m flushed 250 bytes
[2m2025-12-10T10:12:52.239001Z[0m [34mDEBUG[0m [2mhyper::client::pool[0m[2m:[0m reuse idle connection for ("http", 192.168.0.14:8545)
[2m2025-12-10T10:12:52.239017Z[0m [34mDEBUG[0m [2mhyper::proto::h1::io[0m[2m:[0m flushed 172 bytes
[2m2025-12-10T10:12:52.244470Z[0m [34mDEBUG[0m [2mhyper::proto::h1::io[0m[2m:[0m parsed 4 headers
[2m2025-12-10T10:12:52.244512Z[0m [34mDEBUG[0m [2mhyper::proto::h1::conn[0m[2m:[0m incoming body is content-length (647 bytes)
[2m2025-12-10T10:12:52.244536Z[0m [34mDEBUG[0m [2mhyper::proto::h1::conn[0m[2m:[0m incoming body completed
[2m2025-12-10T10:12:52.244548Z[0m [34mDEBUG[0m [2mhyper::client::pool[0m[2m:[0m pooling idle connection for ("http", 192.168.0.14:8545)
[2m2025-12-10T10:12:52.244555Z[0m [34mDEBUG[0m [2methereum_transaction_pool_monitor::eth_client[0m[2m:[0m 📡 Transaction fetch RPC completed in 5.630542ms
[2m2025-12-10T10:12:52.315757Z[0m [34mDEBUG[0m [2methereum_transaction_pool_monitor::eth_client[0m[2m:[0m ✅ Transaction 0x081455ce5e99ca014d992ff989741b1e3e52ea7937a9cd236e67ce9ec7dde52c fetched and parsed in 76.829334ms
[2m2025-12-10T10:12:52.315783Z[0m [34mDEBUG[0m [2methereum_transaction_pool_monitor::mempool_monitor[0m[2m:[0m 🔍 Skipping tx 0x081455ce5e99ca014d992ff989741b1e3e52ea7937a9cd236e67ce9ec7dde52c - not a DEX interaction (target: 0xf30ba13e4b04Ce5dC4D254Ae5FA95477800F0EB0)
[2m2025-12-10T10:12:52.315844Z[0m [34mDEBUG[0m [2mhyper::proto::h1::io[0m[2m:[0m parsed 4 headers
[2m2025-12-10T10:12:52.315847Z[0m [34mDEBUG[0m [2methereum_transaction_pool_monitor::eth_client[0m[2m:[0m 📨 Received WebSocket message: {"jsonrpc":"2.0","method":"eth_subscription","params":{"subscription":"0xbed0a0851463e895960a451075a301a9","result":"0x31d12aa16c28b4234e5401c67ae7e6c6f3f8f29b06850b7ee8cdcf3070512121"}}
[2m2025-12-10T10:12:52.315855Z[0m [34mDEBUG[0m [2mhyper::proto::h1::conn[0m[2m:[0m incoming body is content-length (45 bytes)
[2m2025-12-10T10:12:52.315863Z[0m [34mDEBUG[0m [2methereum_transaction_pool_monitor::eth_client[0m[2m:[0m 📨 Received pending transaction: 0x31d12aa16c28b4234e5401c67ae7e6c6f3f8f29b06850b7ee8cdcf3070512121
[2m2025-12-10T10:12:52.315869Z[0m [34mDEBUG[0m [2mhyper::proto::h1::conn[0m[2m:[0m incoming body completed
[2m2025-12-10T10:12:52.315870Z[0m [34mDEBUG[0m [2methereum_transaction_pool_monitor::eth_client[0m[2m:[0m 📨 Received WebSocket message: {"jsonrpc":"2.0","method":"eth_subscription","params":{"subscription":"0xbed0a0851463e895960a451075a301a9","result":"0xf1842efb62ff22d6ee3a2ee130ef4dc811fcbcd810f88d45be7555d1304bd911"}}
[2m2025-12-10T10:12:52.315882Z[0m [34mDEBUG[0m [2mhyper::client::pool[0m[2m:[0m pooling idle connection for ("http", 192.168.0.14:8545)
[2m2025-12-10T10:12:52.316153Z[0m [34mDEBUG[0m [2methereum_transaction_pool_monitor::eth_client[0m[2m:[0m 📨 Received pending transaction: 0xf1842efb62ff22d6ee3a2ee130ef4dc811fcbcd810f88d45be7555d1304bd911
[2m2025-12-10T10:12:52.316164Z[0m [34mDEBUG[0m [2methereum_transaction_pool_monitor::mempool_monitor[0m[2m:[0m 📨 Processing new pending transaction: 0x31d12aa16c28b4234e5401c67ae7e6c6f3f8f29b06850b7ee8cdcf3070512121
[2m2025-12-10T10:12:52.316169Z[0m [34mDEBUG[0m [2methereum_transaction_pool_monitor::mempool_monitor[0m[2m:[0m 🔍 Fetching transaction details for: 0x31d12aa16c28b4234e5401c67ae7e6c6f3f8f29b06850b7ee8cdcf3070512121
[2m2025-12-10T10:12:52.316174Z[0m [34mDEBUG[0m [2methereum_transaction_pool_monitor::eth_client[0m[2m:[0m 🔍 Fetching transaction details for hash: 0x31d12aa16c28b4234e5401c67ae7e6c6f3f8f29b06850b7ee8cdcf3070512121
[2m2025-12-10T10:12:52.316174Z[0m [34mDEBUG[0m [2mhyper::client::pool[0m[2m:[0m reuse idle connection for ("http", 192.168.0.14:8545)
[2m2025-12-10T10:12:52.316186Z[0m [34mDEBUG[0m [2mhyper::client::pool[0m[2m:[0m reuse idle connection for ("http", 192.168.0.14:8545)
[2m2025-12-10T10:12:52.316201Z[0m [34mDEBUG[0m [2mhyper::proto::h1::io[0m[2m:[0m flushed 172 bytes
[2m2025-12-10T10:12:52.316205Z[0m [34mDEBUG[0m [2mhyper::proto::h1::io[0m[2m:[0m flushed 250 bytes
[2m2025-12-10T10:12:52.320045Z[0m [34mDEBUG[0m [2mhyper::proto::h1::io[0m[2m:[0m parsed 4 headers
[2m2025-12-10T10:12:52.320052Z[0m [34mDEBUG[0m [2mhyper::proto::h1::conn[0m[2m:[0m incoming body is content-length (45 bytes)
[2m2025-12-10T10:12:52.320056Z[0m [34mDEBUG[0m [2mhyper::proto::h1::conn[0m[2m:[0m incoming body completed
[2m2025-12-10T10:12:52.320062Z[0m [34mDEBUG[0m [2mhyper::client::pool[0m[2m:[0m pooling idle connection for ("http", 192.168.0.14:8545)
[2m2025-12-10T10:12:52.321559Z[0m [34mDEBUG[0m [2mhyper::proto::h1::io[0m[2m:[0m parsed 4 headers
[2m2025-12-10T10:12:52.321565Z[0m [34mDEBUG[0m [2mhyper::proto::h1::conn[0m[2m:[0m incoming body is content-length (639 bytes)
[2m2025-12-10T10:12:52.321570Z[0m [34mDEBUG[0m [2mhyper::proto::h1::conn[0m[2m:[0m incoming body completed
[2m2025-12-10T10:12:52.321575Z[0m [34mDEBUG[0m [2mhyper::client::pool[0m[2m:[0m pooling idle connection for ("http", 192.168.0.14:8545)
[2m2025-12-10T10:12:52.321579Z[0m [34mDEBUG[0m [2methereum_transaction_pool_monitor::eth_client[0m[2m:[0m 📡 Transaction fetch RPC completed in 5.398ms
[2m2025-12-10T10:12:52.391664Z[0m [34mDEBUG[0m [2methereum_transaction_pool_monitor::eth_client[0m[2m:[0m ✅ Transaction 0x31d12aa16c28b4234e5401c67ae7e6c6f3f8f29b06850b7ee8cdcf3070512121 fetched and parsed in 75.48075ms
[2m2025-12-10T10:12:52.391690Z[0m [34mDEBUG[0m [2methereum_transaction_pool_monitor::mempool_monitor[0m[2m:[0m 🔍 Skipping tx 0x31d12aa16c28b4234e5401c67ae7e6c6f3f8f29b06850b7ee8cdcf3070512121 - not a DEX interaction (target: 0xB70F98e53BEE56A2E18A15bcd826579f495076F0)
[2m2025-12-10T10:12:52.391702Z[0m [34mDEBUG[0m [2methereum_transaction_pool_monitor::mempool_monitor[0m[2m:[0m 📨 Processing new pending transaction: 0xf1842efb62ff22d6ee3a2ee130ef4dc811fcbcd810f88d45be7555d1304bd911
[2m2025-12-10T10:12:52.391708Z[0m [34mDEBUG[0m [2methereum_transaction_pool_monitor::mempool_monitor[0m[2m:[0m 🔍 Fetching transaction details for: 0xf1842efb62ff22d6ee3a2ee130ef4dc811fcbcd810f88d45be7555d1304bd911
[2m2025-12-10T10:12:52.391712Z[0m [34mDEBUG[0m [2methereum_transaction_pool_monitor::eth_client[0m[2m:[0m 🔍 Fetching transaction details for hash: 0xf1842efb62ff22d6ee3a2ee130ef4dc811fcbcd810f88d45be7555d1304bd911
[2m2025-12-10T10:12:52.391730Z[0m [34mDEBUG[0m [2mhyper::client::pool[0m[2m:[0m reuse idle connection for ("http", 192.168.0.14:8545)
[2m2025-12-10T10:12:52.391770Z[0m [34mDEBUG[0m [2mhyper::proto::h1::io[0m[2m:[0m flushed 250 bytes
[2m2025-12-10T10:12:52.396697Z[0m [34mDEBUG[0m [2mhyper::proto::h1::io[0m[2m:[0m parsed 4 headers
[2m2025-12-10T10:12:52.396703Z[0m [34mDEBUG[0m [2mhyper::proto::h1::conn[0m[2m:[0m incoming body is content-length (774 bytes)
[2m2025-12-10T10:12:52.396713Z[0m [34mDEBUG[0m [2mhyper::proto::h1::conn[0m[2m:[0m incoming body completed
[2m2025-12-10T10:12:52.396727Z[0m [34mDEBUG[0m [2mhyper::client::pool[0m[2m:[0m pooling idle connection for ("http", 192.168.0.14:8545)
[2m2025-12-10T10:12:52.396734Z[0m [34mDEBUG[0m [2methereum_transaction_pool_monitor::eth_client[0m[2m:[0m 📡 Transaction fetch RPC completed in 5.018417ms
[2m2025-12-10T10:12:52.396750Z[0m [34mDEBUG[0m [2methereum_transaction_pool_monitor::eth_client[0m[2m:[0m DeFi transaction detected - Address: 0xdac17f958d2ee523a2206206994597c13d831ec7, Type: Stablecoin, Value: 0 ETH, Gas: 2.19 Gwei
[2m2025-12-10T10:12:52.396761Z[0m [34mDEBUG[0m [2methereum_transaction_pool_monitor::eth_client[0m[2m:[0m ✅ Transaction 0xf1842efb62ff22d6ee3a2ee130ef4dc811fcbcd810f88d45be7555d1304bd911 fetched and parsed in 5.045625ms
[2m2025-12-10T10:12:52.396767Z[0m [34mDEBUG[0m [2methereum_transaction_pool_monitor::mempool_monitor[0m[2m:[0m 🔍 Skipping tx 0xf1842efb62ff22d6ee3a2ee130ef4dc811fcbcd810f88d45be7555d1304bd911 - not a DEX interaction (target: 0xdAC17F958D2ee523a2206206994597C13D831ec7)
[2m2025-12-10T10:12:52.398072Z[0m [34mDEBUG[0m [2mhyper::client::pool[0m[2m:[0m reuse idle connection for ("http", 192.168.0.14:8545)
[2m2025-12-10T10:12:52.398124Z[0m [34mDEBUG[0m [2mhyper::proto::h1::io[0m[2m:[0m flushed 172 bytes
[2m2025-12-10T10:12:52.401875Z[0m [34mDEBUG[0m [2mhyper::proto::h1::io[0m[2m:[0m parsed 4 headers
[2m2025-12-10T10:12:52.401892Z[0m [34mDEBUG[0m [2mhyper::proto::h1::conn[0m[2m:[0m incoming body is content-length (45 bytes)
[2m2025-12-10T10:12:52.401911Z[0m [34mDEBUG[0m [2mhyper::proto::h1::conn[0m[2m:[0m incoming body completed
[2m2025-12-10T10:12:52.401928Z[0m [34mDEBUG[0m [2mhyper::client::pool[0m[2m:[0m pooling idle connection for ("http", 192.168.0.14:8545)
[2m2025-12-10T10:12:52.463902Z[0m [34mDEBUG[0m [2methereum_transaction_pool_monitor::eth_client[0m[2m:[0m 📨 Received WebSocket message: {"jsonrpc":"2.0","method":"eth_subscription","params":{"subscription":"0xbed0a0851463e895960a451075a301a9","result":"0xf661f70b15a7b8f3473049f24396f3e80f0e74bc18b42d4c05930b67a3a7562e"}}
[2m2025-12-10T10:12:52.463919Z[0m [34mDEBUG[0m [2methereum_transaction_pool_monitor::eth_client[0m[2m:[0m 📨 Received pending transaction: 0xf661f70b15a7b8f3473049f24396f3e80f0e74bc18b42d4c05930b67a3a7562e
[2m2025-12-10T10:12:52.463927Z[0m [34mDEBUG[0m [2methereum_transaction_pool_monitor::mempool_monitor[0m[2m:[0m 📨 Processing new pending transaction: 0xf661f70b15a7b8f3473049f24396f3e80f0e74bc18b42d4c05930b67a3a7562e
[2m2025-12-10T10:12:52.463932Z[0m [34mDEBUG[0m [2methereum_transaction_pool_monitor::mempool_monitor[0m[2m:[0m 🔍 Fetching transaction details for: 0xf661f70b15a7b8f3473049f24396f3e80f0e74bc18b42d4c05930b67a3a7562e
[2m2025-12-10T10:12:52.463936Z[0m [34mDEBUG[0m [2methereum_transaction_pool_monitor::eth_client[0m[2m:[0m 🔍 Fetching transaction details for hash: 0xf661f70b15a7b8f3473049f24396f3e80f0e74bc18b42d4c05930b67a3a7562e
[2m2025-12-10T10:12:52.463949Z[0m [34mDEBUG[0m [2mhyper::client::pool[0m[2m:[0m reuse idle connection for ("http", 192.168.0.14:8545)
[2m2025-12-10T10:12:52.463968Z[0m [34mDEBUG[0m [2mhyper::proto::h1::io[0m[2m:[0m flushed 250 bytes
[2m2025-12-10T10:12:52.469820Z[0m [34mDEBUG[0m [2mhyper::proto::h1::io[0m[2m:[0m parsed 4 headers
[2m2025-12-10T10:12:52.469826Z[0m [34mDEBUG[0m [2mhyper::proto::h1::conn[0m[2m:[0m incoming body is content-length (646 bytes)
[2m2025-12-10T10:12:52.469832Z[0m [34mDEBUG[0m [2mhyper::proto::h1::conn[0m[2m:[0m incoming body completed
[2m2025-12-10T10:12:52.469839Z[0m [34mDEBUG[0m [2mhyper::client::pool[0m[2m:[0m pooling idle connection for ("http", 192.168.0.14:8545)
[2m2025-12-10T10:12:52.469844Z[0m [34mDEBUG[0m [2methereum_transaction_pool_monitor::eth_client[0m[2m:[0m 📡 Transaction fetch RPC completed in 5.903459ms
[2m2025-12-10T10:12:52.544668Z[0m [34mDEBUG[0m [2methereum_transaction_pool_monitor::eth_client[0m[2m:[0m ✅ Transaction 0xf661f70b15a7b8f3473049f24396f3e80f0e74bc18b42d4c05930b67a3a7562e fetched and parsed in 80.725084ms
[2m2025-12-10T10:12:52.544695Z[0m [34mDEBUG[0m [2methereum_transaction_pool_monitor::mempool_monitor[0m[2m:[0m 🔍 Skipping tx 0xf661f70b15a7b8f3473049f24396f3e80f0e74bc18b42d4c05930b67a3a7562e - not a DEX interaction (target: 0x81F272359f706a6D65e09D064f4F978CBb885041)
[2m2025-12-10T10:12:52.544732Z[0m [34mDEBUG[0m [2mhyper::client::pool[0m[2m:[0m reuse idle connection for ("http", 192.168.0.14:8545)
[2m2025-12-10T10:12:52.544749Z[0m [34mDEBUG[0m [2methereum_transaction_pool_monitor::eth_client[0m[2m:[0m 📨 Received WebSocket message: {"jsonrpc":"2.0","method":"eth_subscription","params":{"subscription":"0xbed0a0851463e895960a451075a301a9","result":"0x79486692238f856c2c580a0cbe5154f696370ad3ceb30fe48d94cd05c20556bb"}}
[2m2025-12-10T10:12:52.544755Z[0m [34mDEBUG[0m [2mhyper::proto::h1::io[0m[2m:[0m flushed 172 bytes
[2m2025-12-10T10:12:52.544760Z[0m [34mDEBUG[0m [2methereum_transaction_pool_monitor::eth_client[0m[2m:[0m 📨 Received pending transaction: 0x79486692238f856c2c580a0cbe5154f696370ad3ceb30fe48d94cd05c20556bb
[2m2025-12-10T10:12:52.544767Z[0m [34mDEBUG[0m [2methereum_transaction_pool_monitor::eth_client[0m[2m:[0m 📨 Received WebSocket message: {"jsonrpc":"2.0","method":"eth_subscription","params":{"subscription":"0xbed0a0851463e895960a451075a301a9","result":"0xaacf078cbed25abeeb1255e127bc5c0a90412895d43414f1a72ec26b5596660b"}}
[2m2025-12-10T10:12:52.544773Z[0m [34mDEBUG[0m [2methereum_transaction_pool_monitor::eth_client[0m[2m:[0m 📨 Received pending transaction: 0xaacf078cbed25abeeb1255e127bc5c0a90412895d43414f1a72ec26b5596660b
[2m2025-12-10T10:12:52.544778Z[0m [34mDEBUG[0m [2methereum_transaction_pool_monitor::mempool_monitor[0m[2m:[0m 📨 Processing new pending transaction: 0x79486692238f856c2c580a0cbe5154f696370ad3ceb30fe48d94cd05c20556bb
[2m2025-12-10T10:12:52.544784Z[0m [34mDEBUG[0m [2methereum_transaction_pool_monitor::mempool_monitor[0m[2m:[0m 🔍 Fetching transaction details for: 0x79486692238f856c2c580a0cbe5154f696370ad3ceb30fe48d94cd05c20556bb
[2m2025-12-10T10:12:52.544790Z[0m [34mDEBUG[0m [2methereum_transaction_pool_monitor::eth_client[0m[2m:[0m 🔍 Fetching transaction details for hash: 0x79486692238f856c2c580a0cbe5154f696370ad3ceb30fe48d94cd05c20556bb
[2m2025-12-10T10:12:52.544799Z[0m [34mDEBUG[0m [2mhyper::client::pool[0m[2m:[0m reuse idle connection for ("http", 192.168.0.14:8545)
[2m2025-12-10T10:12:52.544814Z[0m [34mDEBUG[0m [2mhyper::proto::h1::io[0m[2m:[0m flushed 250 bytes
[2m2025-12-10T10:12:52.551793Z[0m [34mDEBUG[0m [2mhyper::proto::h1::io[0m[2m:[0m parsed 4 headers
[2m2025-12-10T10:12:52.551820Z[0m [34mDEBUG[0m [2mhyper::proto::h1::conn[0m[2m:[0m incoming body is content-length (45 bytes)
[2m2025-12-10T10:12:52.551840Z[0m [34mDEBUG[0m [2mhyper::proto::h1::conn[0m[2m:[0m incoming body completed
[2m2025-12-10T10:12:52.551849Z[0m [34mDEBUG[0m [2mhyper::client::pool[0m[2m:[0m pooling idle connection for ("http", 192.168.0.14:8545)
[2m2025-12-10T10:12:52.553272Z[0m [34mDEBUG[0m [2mhyper::proto::h1::io[0m[2m:[0m parsed 4 headers
[2m2025-12-10T10:12:52.553299Z[0m [34mDEBUG[0m [2mhyper::proto::h1::conn[0m[2m:[0m incoming body is content-length (773 bytes)
[2m2025-12-10T10:12:52.553305Z[0m [34mDEBUG[0m [2mhyper::proto::h1::conn[0m[2m:[0m incoming body completed
[2m2025-12-10T10:12:52.553312Z[0m [34mDEBUG[0m [2mhyper::client::pool[0m[2m:[0m pooling idle connection for ("http", 192.168.0.14:8545)
[2m2025-12-10T10:12:52.553316Z[0m [34mDEBUG[0m [2methereum_transaction_pool_monitor::eth_client[0m[2m:[0m 📡 Transaction fetch RPC completed in 8.521084ms
[2m2025-12-10T10:12:52.624203Z[0m [34mDEBUG[0m [2methereum_transaction_pool_monitor::eth_client[0m[2m:[0m ✅ Transaction 0x79486692238f856c2c580a0cbe5154f696370ad3ceb30fe48d94cd05c20556bb fetched and parsed in 79.406167ms
[2m2025-12-10T10:12:52.624229Z[0m [34mDEBUG[0m [2methereum_transaction_pool_monitor::mempool_monitor[0m[2m:[0m 🔍 Skipping tx 0x79486692238f856c2c580a0cbe5154f696370ad3ceb30fe48d94cd05c20556bb - not a DEX interaction (target: 0x0fc2a55d5BD13033f1ee0cdd11f60F7eFe66f467)
[2m2025-12-10T10:12:52.624239Z[0m [34mDEBUG[0m [2methereum_transaction_pool_monitor::mempool_monitor[0m[2m:[0m 📨 Processing new pending transaction: 0xaacf078cbed25abeeb1255e127bc5c0a90412895d43414f1a72ec26b5596660b
[2m2025-12-10T10:12:52.624245Z[0m [34mDEBUG[0m [2methereum_transaction_pool_monitor::mempool_monitor[0m[2m:[0m 🔍 Fetching transaction details for: 0xaacf078cbed25abeeb1255e127bc5c0a90412895d43414f1a72ec26b5596660b
[2m2025-12-10T10:12:52.624249Z[0m [34mDEBUG[0m [2methereum_transaction_pool_monitor::eth_client[0m[2m:[0m 🔍 Fetching transaction details for hash: 0xaacf078cbed25abeeb1255e127bc5c0a90412895d43414f1a72ec26b5596660b
[2m2025-12-10T10:12:52.624270Z[0m [34mDEBUG[0m [2mhyper::client::pool[0m[2m:[0m reuse idle connection for ("http", 192.168.0.14:8545)
[2m2025-12-10T10:12:52.624310Z[0m [34mDEBUG[0m [2mhyper::proto::h1::io[0m[2m:[0m flushed 250 bytes
[2m2025-12-10T10:12:52.624337Z[0m [34mDEBUG[0m [2mhyper::client::pool[0m[2m:[0m reuse idle connection for ("http", 192.168.0.14:8545)
[2m2025-12-10T10:12:52.624350Z[0m [34mDEBUG[0m [2mhyper::proto::h1::io[0m[2m:[0m flushed 172 bytes
[2m2025-12-10T10:12:52.632300Z[0m [34mDEBUG[0m [2mhyper::proto::h1::io[0m[2m:[0m parsed 4 headers
[2m2025-12-10T10:12:52.632305Z[0m [34mDEBUG[0m [2mhyper::proto::h1::conn[0m[2m:[0m incoming body is content-length (651 bytes)
[2m2025-12-10T10:12:52.632310Z[0m [34mDEBUG[0m [2mhyper::proto::h1::conn[0m[2m:[0m incoming body completed
[2m2025-12-10T10:12:52.632317Z[0m [34mDEBUG[0m [2mhyper::client::pool[0m[2m:[0m pooling idle connection for ("http", 192.168.0.14:8545)
[2m2025-12-10T10:12:52.632322Z[0m [34mDEBUG[0m [2methereum_transaction_pool_monitor::eth_client[0m[2m:[0m 📡 Transaction fetch RPC completed in 8.068417ms
[2m2025-12-10T10:12:52.702710Z[0m [34mDEBUG[0m [2methereum_transaction_pool_monitor::eth_client[0m[2m:[0m ✅ Transaction 0xaacf078cbed25abeeb1255e127bc5c0a90412895d43414f1a72ec26b5596660b fetched and parsed in 78.455083ms
[2m2025-12-10T10:12:52.702742Z[0m [34mDEBUG[0m [2methereum_transaction_pool_monitor::mempool_monitor[0m[2m:[0m 🔍 Skipping tx 0xaacf078cbed25abeeb1255e127bc5c0a90412895d43414f1a72ec26b5596660b - not a DEX interaction (target: 0xc70F595363BdE94D84D060Aa9Fdd8F5a4aadcA6e)
[2m2025-12-10T10:12:52.702786Z[0m [34mDEBUG[0m [2methereum_transaction_pool_monitor::eth_client[0m[2m:[0m 📨 Received WebSocket message: {"jsonrpc":"2.0","method":"eth_subscription","params":{"subscription":"0xbed0a0851463e895960a451075a301a9","result":"0x5de41305b7dbc0c18e7d62ba8453c89fc2f3facc1adce376327b6b425c398579"}}
[2m2025-12-10T10:12:52.702797Z[0m [34mDEBUG[0m [2methereum_transaction_pool_monitor::eth_client[0m[2m:[0m 📨 Received pending transaction: 0x5de41305b7dbc0c18e7d62ba8453c89fc2f3facc1adce376327b6b425c398579
[2m2025-12-10T10:12:52.702810Z[0m [34mDEBUG[0m [2methereum_transaction_pool_monitor::mempool_monitor[0m[2m:[0m 📨 Processing new pending transaction: 0x5de41305b7dbc0c18e7d62ba8453c89fc2f3facc1adce376327b6b425c398579
[2m2025-12-10T10:12:52.702818Z[0m [34mDEBUG[0m [2mhyper::proto::h1::io[0m[2m:[0m parsed 4 headers
[2m2025-12-10T10:12:52.702820Z[0m [34mDEBUG[0m [2methereum_transaction_pool_monitor::mempool_monitor[0m[2m:[0m 🔍 Fetching transaction details for: 0x5de41305b7dbc0c18e7d62ba8453c89fc2f3facc1adce376327b6b425c398579
[2m2025-12-10T10:12:52.702920Z[0m [34mDEBUG[0m [2mhyper::proto::h1::conn[0m[2m:[0m incoming body is content-length (45 bytes)
[2m2025-12-10T10:12:52.702934Z[0m [34mDEBUG[0m [2mhyper::proto::h1::conn[0m[2m:[0m incoming body completed
[2m2025-12-10T10:12:52.702922Z[0m [34mDEBUG[0m [2methereum_transaction_pool_monitor::eth_client[0m[2m:[0m 🔍 Fetching transaction details for hash: 0x5de41305b7dbc0c18e7d62ba8453c89fc2f3facc1adce376327b6b425c398579
[2m2025-12-10T10:12:52.702950Z[0m [34mDEBUG[0m [2mhyper::client::pool[0m[2m:[0m pooling idle connection for ("http", 192.168.0.14:8545)
[2m2025-12-10T10:12:52.702963Z[0m [34mDEBUG[0m [2mhyper::client::pool[0m[2m:[0m reuse idle connection for ("http", 192.168.0.14:8545)
[2m2025-12-10T10:12:52.702969Z[0m [34mDEBUG[0m [2mhyper::client::pool[0m[2m:[0m reuse idle connection for ("http", 192.168.0.14:8545)
[2m2025-12-10T10:12:52.702980Z[0m [34mDEBUG[0m [2mhyper::proto::h1::io[0m[2m:[0m flushed 250 bytes
[2m2025-12-10T10:12:52.702986Z[0m [34mDEBUG[0m [2mhyper::proto::h1::io[0m[2m:[0m flushed 172 bytes
[2m2025-12-10T10:12:52.711352Z[0m [34mDEBUG[0m [2mhyper::proto::h1::io[0m[2m:[0m parsed 4 headers
[2m2025-12-10T10:12:52.711372Z[0m [34mDEBUG[0m [2mhyper::proto::h1::conn[0m[2m:[0m incoming body is content-length (45 bytes)
[2m2025-12-10T10:12:52.711390Z[0m [34mDEBUG[0m [2mhyper::proto::h1::conn[0m[2m:[0m incoming body completed
[2m2025-12-10T10:12:52.711408Z[0m [34mDEBUG[0m [2mhyper::client::pool[0m[2m:[0m pooling idle connection for ("http", 192.168.0.14:8545)
[2m2025-12-10T10:12:52.714357Z[0m [34mDEBUG[0m [2mhyper::proto::h1::io[0m[2m:[0m parsed 4 headers
[2m2025-12-10T10:12:52.714361Z[0m [34mDEBUG[0m [2mhyper::proto::h1::conn[0m[2m:[0m incoming body is content-length (582 bytes)
[2m2025-12-10T10:12:52.714365Z[0m [34mDEBUG[0m [2mhyper::proto::h1::conn[0m[2m:[0m incoming body completed
[2m2025-12-10T10:12:52.714369Z[0m [34mDEBUG[0m [2mhyper::client::pool[0m[2m:[0m pooling idle connection for ("http", 192.168.0.14:8545)
[2m2025-12-10T10:12:52.714373Z[0m [34mDEBUG[0m [2methereum_transaction_pool_monitor::eth_client[0m[2m:[0m 📡 Transaction fetch RPC completed in 11.4225ms
[2m2025-12-10T10:12:52.784684Z[0m [34mDEBUG[0m [2methereum_transaction_pool_monitor::eth_client[0m[2m:[0m ✅ Transaction 0x5de41305b7dbc0c18e7d62ba8453c89fc2f3facc1adce376327b6b425c398579 fetched and parsed in 81.730542ms
[2m2025-12-10T10:12:52.784707Z[0m [34mDEBUG[0m [2methereum_transaction_pool_monitor::mempool_monitor[0m[2m:[0m 🔍 Skipping tx 0x5de41305b7dbc0c18e7d62ba8453c89fc2f3facc1adce376327b6b425c398579 - not a DEX interaction (target: 0x516755968509E11e91dBE62F365600A17e27050C)
[2m2025-12-10T10:12:52.784749Z[0m [34mDEBUG[0m [2methereum_transaction_pool_monitor::eth_client[0m[2m:[0m 📨 Received WebSocket message: {"jsonrpc":"2.0","method":"eth_subscription","params":{"subscription":"0xbed0a0851463e895960a451075a301a9","result":"0x230a4e184aa21b83866655ae2d3abeedb7d7fc008f99c17e9b284c953c1733df"}}
[2m2025-12-10T10:12:52.784760Z[0m [34mDEBUG[0m [2methereum_transaction_pool_monitor::eth_client[0m[2m:[0m 📨 Received pending transaction: 0x230a4e184aa21b83866655ae2d3abeedb7d7fc008f99c17e9b284c953c1733df
[2m2025-12-10T10:12:52.784768Z[0m [34mDEBUG[0m [2methereum_transaction_pool_monitor::mempool_monitor[0m[2m:[0m 📨 Processing new pending transaction: 0x230a4e184aa21b83866655ae2d3abeedb7d7fc008f99c17e9b284c953c1733df
[2m2025-12-10T10:12:52.784774Z[0m [34mDEBUG[0m [2methereum_transaction_pool_monitor::mempool_monitor[0m[2m:[0m 🔍 Fetching transaction details for: 0x230a4e184aa21b83866655ae2d3abeedb7d7fc008f99c17e9b284c953c1733df
[2m2025-12-10T10:12:52.784779Z[0m [34mDEBUG[0m [2methereum_transaction_pool_monitor::eth_client[0m[2m:[0m 🔍 Fetching transaction details for hash: 0x230a4e184aa21b83866655ae2d3abeedb7d7fc008f99c17e9b284c953c1733df
[2m2025-12-10T10:12:52.784795Z[0m [34mDEBUG[0m [2mhyper::client::pool[0m[2m:[0m reuse idle connection for ("http", 192.168.0.14:8545)
[2m2025-12-10T10:12:52.784819Z[0m [34mDEBUG[0m [2mhyper::proto::h1::io[0m[2m:[0m flushed 250 bytes
[2m2025-12-10T10:12:52.789420Z[0m [34mDEBUG[0m [2mhyper::proto::h1::io[0m[2m:[0m parsed 4 headers
[2m2025-12-10T10:12:52.789439Z[0m [34mDEBUG[0m [2mhyper::proto::h1::conn[0m[2m:[0m incoming body is content-length (762 bytes)
[2m2025-12-10T10:12:52.789461Z[0m [34mDEBUG[0m [2mhyper::proto::h1::conn[0m[2m:[0m incoming body completed
[2m2025-12-10T10:12:52.789478Z[0m [34mDEBUG[0m [2mhyper::client::pool[0m[2m:[0m pooling idle connection for ("http", 192.168.0.14:8545)
[2m2025-12-10T10:12:52.789484Z[0m [34mDEBUG[0m [2methereum_transaction_pool_monitor::eth_client[0m[2m:[0m 📡 Transaction fetch RPC completed in 4.701209ms
[2m2025-12-10T10:12:52.860643Z[0m [34mDEBUG[0m [2methereum_transaction_pool_monitor::eth_client[0m[2m:[0m ✅ Transaction 0x230a4e184aa21b83866655ae2d3abeedb7d7fc008f99c17e9b284c953c1733df fetched and parsed in 75.858084ms
[2m2025-12-10T10:12:52.865699Z[0m [34mDEBUG[0m [2methereum_transaction_pool_monitor::mempool_monitor[0m[2m:[0m 🔍 Skipping tx 0x230a4e184aa21b83866655ae2d3abeedb7d7fc008f99c17e9b284c953c1733df - not a DEX interaction (target: 0xA0b86991c6218b36c1d19D4a2e9Eb0cE3606eB48)
[2m2025-12-10T10:12:52.865749Z[0m [34mDEBUG[0m [2mhyper::client::pool[0m[2m:[0m reuse idle connection for ("http", 192.168.0.14:8545)
[2m2025-12-10T10:12:52.865771Z[0m [34mDEBUG[0m [2methereum_transaction_pool_monitor::eth_client[0m[2m:[0m 📨 Received WebSocket message: {"jsonrpc":"2.0","method":"eth_subscription","params":{"subscription":"0xbed0a0851463e895960a451075a301a9","result":"0x3ecf9b7b058493b6781e16bde3dabf2e6d3e1cba155899fc72b2bdbc2686931d"}}
[2m2025-12-10T10:12:52.865779Z[0m [34mDEBUG[0m [2mhyper::proto::h1::io[0m[2m:[0m flushed 172 bytes
[2m2025-12-10T10:12:52.865781Z[0m [34mDEBUG[0m [2methereum_transaction_pool_monitor::eth_client[0m[2m:[0m 📨 Received pending transaction: 0x3ecf9b7b058493b6781e16bde3dabf2e6d3e1cba155899fc72b2bdbc2686931d
[2m2025-12-10T10:12:52.865795Z[0m [34mDEBUG[0m [2methereum_transaction_pool_monitor::mempool_monitor[0m[2m:[0m 📨 Processing new pending transaction: 0x3ecf9b7b058493b6781e16bde3dabf2e6d3e1cba155899fc72b2bdbc2686931d
[2m2025-12-10T10:12:52.865800Z[0m [34mDEBUG[0m [2methereum_transaction_pool_monitor::mempool_monitor[0m[2m:[0m 🔍 Fetching transaction details for: 0x3ecf9b7b058493b6781e16bde3dabf2e6d3e1cba155899fc72b2bdbc2686931d
[2m2025-12-10T10:12:52.865804Z[0m [34mDEBUG[0m [2methereum_transaction_pool_monitor::eth_client[0m[2m:[0m 🔍 Fetching transaction details for hash: 0x3ecf9b7b058493b6781e16bde3dabf2e6d3e1cba155899fc72b2bdbc2686931d
[2m2025-12-10T10:12:52.865812Z[0m [34mDEBUG[0m [2mhyper::client::pool[0m[2m:[0m reuse idle connection for ("http", 192.168.0.14:8545)
[2m2025-12-10T10:12:52.865826Z[0m [34mDEBUG[0m [2mhyper::proto::h1::io[0m[2m:[0m flushed 250 bytes
[2m2025-12-10T10:12:52.873877Z[0m [34mDEBUG[0m [2mhyper::proto::h1::io[0m[2m:[0m parsed 4 headers
[2m2025-12-10T10:12:52.873896Z[0m [34mDEBUG[0m [2mhyper::proto::h1::conn[0m[2m:[0m incoming body is content-length (45 bytes)
[2m2025-12-10T10:12:52.873905Z[0m [34mDEBUG[0m [2mhyper::proto::h1::conn[0m[2m:[0m incoming body completed
[2m2025-12-10T10:12:52.873916Z[0m [34mDEBUG[0m [2mhyper::client::pool[0m[2m:[0m pooling idle connection for ("http", 192.168.0.14:8545)
[2m2025-12-10T10:12:52.874377Z[0m [34mDEBUG[0m [2mhyper::proto::h1::io[0m[2m:[0m parsed 4 headers
[2m2025-12-10T10:12:52.874382Z[0m [34mDEBUG[0m [2mhyper::proto::h1::conn[0m[2m:[0m incoming body is content-length (1029 bytes)
[2m2025-12-10T10:12:52.874387Z[0m [34mDEBUG[0m [2mhyper::proto::h1::conn[0m[2m:[0m incoming body completed
[2m2025-12-10T10:12:52.874393Z[0m [34mDEBUG[0m [2mhyper::client::pool[0m[2m:[0m pooling idle connection for ("http", 192.168.0.14:8545)
[2m2025-12-10T10:12:52.874397Z[0m [34mDEBUG[0m [2methereum_transaction_pool_monitor::eth_client[0m[2m:[0m 📡 Transaction fetch RPC completed in 8.589334ms
[2m2025-12-10T10:12:52.945616Z[0m [34mDEBUG[0m [2methereum_transaction_pool_monitor::eth_client[0m[2m:[0m ✅ Transaction 0x3ecf9b7b058493b6781e16bde3dabf2e6d3e1cba155899fc72b2bdbc2686931d fetched and parsed in 79.805667ms
[2m2025-12-10T10:12:52.945640Z[0m [34mDEBUG[0m [2methereum_transaction_pool_monitor::mempool_monitor[0m[2m:[0m 🔍 Skipping tx 0x3ecf9b7b058493b6781e16bde3dabf2e6d3e1cba155899fc72b2bdbc2686931d - not a DEX interaction (target: 0xc02Ab410f0734EFa3F14628780e6e695156024C2)
[2m2025-12-10T10:12:52.945674Z[0m [34mDEBUG[0m [2mhyper::client::pool[0m[2m:[0m reuse idle connection for ("http", 192.168.0.14:8545)
[2m2025-12-10T10:12:52.945695Z[0m [34mDEBUG[0m [2mhyper::proto::h1::io[0m[2m:[0m flushed 172 bytes
[2m2025-12-10T10:12:52.945696Z[0m [34mDEBUG[0m [2methereum_transaction_pool_monitor::eth_client[0m[2m:[0m 📨 Received WebSocket message: {"jsonrpc":"2.0","method":"eth_subscription","params":{"subscription":"0xbed0a0851463e895960a451075a301a9","result":"0xe4888479ac616ced04acaf00e9dd1063e353827a6dfa02c0d68ecc1d7711feaf"}}
[2m2025-12-10T10:12:52.945708Z[0m [34mDEBUG[0m [2methereum_transaction_pool_monitor::eth_client[0m[2m:[0m 📨 Received pending transaction: 0xe4888479ac616ced04acaf00e9dd1063e353827a6dfa02c0d68ecc1d7711feaf
[2m2025-12-10T10:12:52.945716Z[0m [34mDEBUG[0m [2methereum_transaction_pool_monitor::mempool_monitor[0m[2m:[0m 📨 Processing new pending transaction: 0xe4888479ac616ced04acaf00e9dd1063e353827a6dfa02c0d68ecc1d7711feaf
[2m2025-12-10T10:12:52.945721Z[0m [34mDEBUG[0m [2methereum_transaction_pool_monitor::mempool_monitor[0m[2m:[0m 🔍 Fetching transaction details for: 0xe4888479ac616ced04acaf00e9dd1063e353827a6dfa02c0d68ecc1d7711feaf
[2m2025-12-10T10:12:52.945726Z[0m [34mDEBUG[0m [2methereum_transaction_pool_monitor::eth_client[0m[2m:[0m 🔍 Fetching transaction details for hash: 0xe4888479ac616ced04acaf00e9dd1063e353827a6dfa02c0d68ecc1d7711feaf
[2m2025-12-10T10:12:52.945734Z[0m [34mDEBUG[0m [2mhyper::client::pool[0m[2m:[0m reuse idle connection for ("http", 192.168.0.14:8545)
[2m2025-12-10T10:12:52.945749Z[0m [34mDEBUG[0m [2mhyper::proto::h1::io[0m[2m:[0m flushed 250 bytes
[2m2025-12-10T10:12:52.959496Z[0m [34mDEBUG[0m [2methereum_transaction_pool_monitor::eth_client[0m[2m:[0m 📨 Received WebSocket message: {"jsonrpc":"2.0","method":"eth_subscription","params":{"subscription":"0xbed0a0851463e895960a451075a301a9","result":"0x0ca24656a208772a0a94d57f4871a3e2772a4583f6ea7067e284e489f7eb529e"}}
[2m2025-12-10T10:12:52.959513Z[0m [34mDEBUG[0m [2methereum_transaction_pool_monitor::eth_client[0m[2m:[0m 📨 Received pending transaction: 0x0ca24656a208772a0a94d57f4871a3e2772a4583f6ea7067e284e489f7eb529e
[2m2025-12-10T10:12:52.959540Z[0m [34mDEBUG[0m [2mhyper::proto::h1::io[0m[2m:[0m parsed 4 headers
[2m2025-12-10T10:12:52.959545Z[0m [34mDEBUG[0m [2mhyper::proto::h1::conn[0m[2m:[0m incoming body is content-length (45 bytes)
[2m2025-12-10T10:12:52.959553Z[0m [34mDEBUG[0m [2mhyper::proto::h1::conn[0m[2m:[0m incoming body completed
[2m2025-12-10T10:12:52.959561Z[0m [34mDEBUG[0m [2mhyper::client::pool[0m[2m:[0m pooling idle connection for ("http", 192.168.0.14:8545)
[2m2025-12-10T10:12:52.959577Z[0m [34mDEBUG[0m [2mhyper::proto::h1::io[0m[2m:[0m parsed 4 headers
[2m2025-12-10T10:12:52.959580Z[0m [34mDEBUG[0m [2mhyper::proto::h1::conn[0m[2m:[0m incoming body is content-length (642 bytes)
[2m2025-12-10T10:12:52.959584Z[0m [34mDEBUG[0m [2mhyper::proto::h1::conn[0m[2m:[0m incoming body completed
[2m2025-12-10T10:12:52.959588Z[0m [34mDEBUG[0m [2mhyper::client::pool[0m[2m:[0m pooling idle connection for ("http", 192.168.0.14:8545)
[2m2025-12-10T10:12:52.959591Z[0m [34mDEBUG[0m [2methereum_transaction_pool_monitor::eth_client[0m[2m:[0m 📡 Transaction fetch RPC completed in 13.861042ms
[2m2025-12-10T10:12:53.030693Z[0m [34mDEBUG[0m [2methereum_transaction_pool_monitor::eth_client[0m[2m:[0m ✅ Transaction 0xe4888479ac616ced04acaf00e9dd1063e353827a6dfa02c0d68ecc1d7711feaf fetched and parsed in 84.959792ms
[2m2025-12-10T10:12:53.030720Z[0m [34mDEBUG[0m [2methereum_transaction_pool_monitor::mempool_monitor[0m[2m:[0m 🔍 Skipping tx 0xe4888479ac616ced04acaf00e9dd1063e353827a6dfa02c0d68ecc1d7711feaf - not a DEX interaction (target: 0x16A226BCDd2a99b74b16879864A56e4Cf561c652)
[2m2025-12-10T10:12:53.030731Z[0m [34mDEBUG[0m [2methereum_transaction_pool_monitor::mempool_monitor[0m[2m:[0m 📨 Processing new pending transaction: 0x0ca24656a208772a0a94d57f4871a3e2772a4583f6ea7067e284e489f7eb529e
[2m2025-12-10T10:12:53.030736Z[0m [34mDEBUG[0m [2methereum_transaction_pool_monitor::mempool_monitor[0m[2m:[0m 🔍 Fetching transaction details for: 0x0ca24656a208772a0a94d57f4871a3e2772a4583f6ea7067e284e489f7eb529e
[2m2025-12-10T10:12:53.030741Z[0m [34mDEBUG[0m [2methereum_transaction_pool_monitor::eth_client[0m[2m:[0m 🔍 Fetching transaction details for hash: 0x0ca24656a208772a0a94d57f4871a3e2772a4583f6ea7067e284e489f7eb529e
[2m2025-12-10T10:12:53.030760Z[0m [34mDEBUG[0m [2mhyper::client::pool[0m[2m:[0m reuse idle connection for ("http", 192.168.0.14:8545)
[2m2025-12-10T10:12:53.030791Z[0m [34mDEBUG[0m [2mhyper::proto::h1::io[0m[2m:[0m flushed 250 bytes
[2m2025-12-10T10:12:53.030808Z[0m [34mDEBUG[0m [2mhyper::client::pool[0m[2m:[0m reuse idle connection for ("http", 192.168.0.14:8545)
[2m2025-12-10T10:12:53.030821Z[0m [34mDEBUG[0m [2mhyper::proto::h1::io[0m[2m:[0m flushed 172 bytes
[2m2025-12-10T10:12:53.030821Z[0m [34mDEBUG[0m [2methereum_transaction_pool_monitor::eth_client[0m[2m:[0m 📨 Received WebSocket message: {"jsonrpc":"2.0","method":"eth_subscription","params":{"subscription":"0xbed0a0851463e895960a451075a301a9","result":"0x7f1afc9ff124f2dd3b7bf7f33197bafd30815750592f95bd32f269e857ec81d9"}}
[2m2025-12-10T10:12:53.030839Z[0m [34mDEBUG[0m [2methereum_transaction_pool_monitor::eth_client[0m[2m:[0m 📨 Received pending transaction: 0x7f1afc9ff124f2dd3b7bf7f33197bafd30815750592f95bd32f269e857ec81d9
[2m2025-12-10T10:12:53.030846Z[0m [34mDEBUG[0m [2methereum_transaction_pool_monitor::eth_client[0m[2m:[0m 📨 Received WebSocket message: {"jsonrpc":"2.0","method":"eth_subscription","params":{"subscription":"0xbed0a0851463e895960a451075a301a9","result":"0x054860c241bda05cf50a2cd63e7df0b8f7736c4c2be0d8688f8cd9773bf49eae"}}
[2m2025-12-10T10:12:53.030851Z[0m [34mDEBUG[0m [2methereum_transaction_pool_monitor::eth_client[0m[2m:[0m 📨 Received pending transaction: 0x054860c241bda05cf50a2cd63e7df0b8f7736c4c2be0d8688f8cd9773bf49eae
[2m2025-12-10T10:12:53.030856Z[0m [34mDEBUG[0m [2methereum_transaction_pool_monitor::eth_client[0m[2m:[0m 📨 Received WebSocket message: {"jsonrpc":"2.0","method":"eth_subscription","params":{"subscription":"0xbed0a0851463e895960a451075a301a9","result":"0x79f383b1758a7f614860d0ba06374824589259151bdccf8586b61d9e690db259"}}
[2m2025-12-10T10:12:53.030861Z[0m [34mDEBUG[0m [2methereum_transaction_pool_monitor::eth_client[0m[2m:[0m 📨 Received pending transaction: 0x79f383b1758a7f614860d0ba06374824589259151bdccf8586b61d9e690db259
[2m2025-12-10T10:12:53.030866Z[0m [34mDEBUG[0m [2methereum_transaction_pool_monitor::eth_client[0m[2m:[0m 📨 Received WebSocket message: {"jsonrpc":"2.0","method":"eth_subscription","params":{"subscription":"0xbed0a0851463e895960a451075a301a9","result":"0x5d2138671038017d25bc0417d6b1c4f88c579932203d242031a06eafe0f8366c"}}
[2m2025-12-10T10:12:53.030875Z[0m [34mDEBUG[0m [2methereum_transaction_pool_monitor::eth_client[0m[2m:[0m 📨 Received pending transaction: 0x5d2138671038017d25bc0417d6b1c4f88c579932203d242031a06eafe0f8366c
[2m2025-12-10T10:12:53.031129Z[0m [34mDEBUG[0m [2methereum_transaction_pool_monitor::eth_client[0m[2m:[0m 📨 Received WebSocket message: {"jsonrpc":"2.0","method":"eth_subscription","params":{"subscription":"0xbed0a0851463e895960a451075a301a9","result":"0x0ab10a7163c4c0911c17188aa23d440a49ac26867d97e05067b80c90231312c0"}}
[2m2025-12-10T10:12:53.031135Z[0m [34mDEBUG[0m [2methereum_transaction_pool_monitor::eth_client[0m[2m:[0m 📨 Received pending transaction: 0x0ab10a7163c4c0911c17188aa23d440a49ac26867d97e05067b80c90231312c0
[2m2025-12-10T10:12:53.035251Z[0m [34mDEBUG[0m [2mhyper::proto::h1::io[0m[2m:[0m parsed 4 headers
[2m2025-12-10T10:12:53.035270Z[0m [34mDEBUG[0m [2mhyper::proto::h1::conn[0m[2m:[0m incoming body is content-length (45 bytes)
[2m2025-12-10T10:12:53.035292Z[0m [34mDEBUG[0m [2mhyper::proto::h1::conn[0m[2m:[0m incoming body completed
[2m2025-12-10T10:12:53.035308Z[0m [34mDEBUG[0m [2mhyper::client::pool[0m[2m:[0m pooling idle connection for ("http", 192.168.0.14:8545)
[2m2025-12-10T10:12:53.041598Z[0m [34mDEBUG[0m [2mhyper::proto::h1::io[0m[2m:[0m parsed 4 headers
[2m2025-12-10T10:12:53.041603Z[0m [34mDEBUG[0m [2mhyper::proto::h1::conn[0m[2m:[0m incoming body is content-length (827 bytes)
[2m2025-12-10T10:12:53.041608Z[0m [34mDEBUG[0m [2mhyper::proto::h1::conn[0m[2m:[0m incoming body completed
[2m2025-12-10T10:12:53.041613Z[0m [34mDEBUG[0m [2mhyper::client::pool[0m[2m:[0m pooling idle connection for ("http", 192.168.0.14:8545)
[2m2025-12-10T10:12:53.041618Z[0m [34mDEBUG[0m [2methereum_transaction_pool_monitor::eth_client[0m[2m:[0m 📡 Transaction fetch RPC completed in 10.872792ms
[2m2025-12-10T10:12:53.109420Z[0m [34mDEBUG[0m [2methereum_transaction_pool_monitor::eth_client[0m[2m:[0m ✅ Transaction 0x0ca24656a208772a0a94d57f4871a3e2772a4583f6ea7067e284e489f7eb529e fetched and parsed in 78.673292ms
[2m2025-12-10T10:12:53.109447Z[0m [34mDEBUG[0m [2methereum_transaction_pool_monitor::mempool_monitor[0m[2m:[0m 🔍 Skipping tx 0x0ca24656a208772a0a94d57f4871a3e2772a4583f6ea7067e284e489f7eb529e - not a DEX interaction (target: 0x51C03A791e0F22D66F17edA5a897c108d5CF7ce7)
[2m2025-12-10T10:12:53.109460Z[0m [34mDEBUG[0m [2methereum_transaction_pool_monitor::mempool_monitor[0m[2m:[0m 📨 Processing new pending transaction: 0x7f1afc9ff124f2dd3b7bf7f33197bafd30815750592f95bd32f269e857ec81d9
[2m2025-12-10T10:12:53.109469Z[0m [34mDEBUG[0m [2methereum_transaction_pool_monitor::mempool_monitor[0m[2m:[0m 🔍 Fetching transaction details for: 0x7f1afc9ff124f2dd3b7bf7f33197bafd30815750592f95bd32f269e857ec81d9
[2m2025-12-10T10:12:53.109475Z[0m [34mDEBUG[0m [2methereum_transaction_pool_monitor::eth_client[0m[2m:[0m 🔍 Fetching transaction details for hash: 0x7f1afc9ff124f2dd3b7bf7f33197bafd30815750592f95bd32f269e857ec81d9
[2m2025-12-10T10:12:53.109493Z[0m [34mDEBUG[0m [2mhyper::client::pool[0m[2m:[0m reuse idle connection for ("http", 192.168.0.14:8545)
[2m2025-12-10T10:12:53.109525Z[0m [34mDEBUG[0m [2mhyper::proto::h1::io[0m[2m:[0m flushed 250 bytes
[2m2025-12-10T10:12:53.109545Z[0m [34mDEBUG[0m [2mhyper::client::pool[0m[2m:[0m reuse idle connection for ("http", 192.168.0.14:8545)
[2m2025-12-10T10:12:53.109556Z[0m [34mDEBUG[0m [2methereum_transaction_pool_monitor::eth_client[0m[2m:[0m 📨 Received WebSocket message: {"jsonrpc":"2.0","method":"eth_subscription","params":{"subscription":"0xbed0a0851463e895960a451075a301a9","result":"0x2547633614e854b22cf8b3130f975796d879840e58a433777ae58568ff7fd691"}}
[2m2025-12-10T10:12:53.109574Z[0m [34mDEBUG[0m [2methereum_transaction_pool_monitor::eth_client[0m[2m:[0m 📨 Received pending transaction: 0x2547633614e854b22cf8b3130f975796d879840e58a433777ae58568ff7fd691
[2m2025-12-10T10:12:53.109580Z[0m [34mDEBUG[0m [2methereum_transaction_pool_monitor::eth_client[0m[2m:[0m 📨 Received WebSocket message: {"jsonrpc":"2.0","method":"eth_subscription","params":{"subscription":"0xbed0a0851463e895960a451075a301a9","result":"0xe77cacd9dd289aee18b4dad53ec63bba326369594b7f7b61e7cf28b7390e415d"}}
[2m2025-12-10T10:12:53.109587Z[0m [34mDEBUG[0m [2methereum_transaction_pool_monitor::eth_client[0m[2m:[0m 📨 Received pending transaction: 0xe77cacd9dd289aee18b4dad53ec63bba326369594b7f7b61e7cf28b7390e415d
[2m2025-12-10T10:12:53.109594Z[0m [34mDEBUG[0m [2methereum_transaction_pool_monitor::eth_client[0m[2m:[0m 📨 Received WebSocket message: {"jsonrpc":"2.0","method":"eth_subscription","params":{"subscription":"0xbed0a0851463e895960a451075a301a9","result":"0x081e1df14c82c1ab7575215161dd497ab01e2955449c88b977dcccd5bc9be062"}}
[2m2025-12-10T10:12:53.109559Z[0m [34mDEBUG[0m [2mhyper::proto::h1::io[0m[2m:[0m flushed 172 bytes
[2m2025-12-10T10:12:53.109599Z[0m [34mDEBUG[0m [2methereum_transaction_pool_monitor::eth_client[0m[2m:[0m 📨 Received pending transaction: 0x081e1df14c82c1ab7575215161dd497ab01e2955449c88b977dcccd5bc9be062
[2m2025-12-10T10:12:53.109643Z[0m [34mDEBUG[0m [2methereum_transaction_pool_monitor::eth_client[0m[2m:[0m 📨 Received WebSocket message: {"jsonrpc":"2.0","method":"eth_subscription","params":{"subscription":"0xbed0a0851463e895960a451075a301a9","result":"0x5cdb89daaef3fba9f15ca80464191f9797e6db271d3347e13d8148cb9a819317"}}
[2m2025-12-10T10:12:53.109648Z[0m [34mDEBUG[0m [2methereum_transaction_pool_monitor::eth_client[0m[2m:[0m 📨 Received pending transaction: 0x5cdb89daaef3fba9f15ca80464191f9797e6db271d3347e13d8148cb9a819317
[2m2025-12-10T10:12:53.114335Z[0m [34mDEBUG[0m [2mhyper::proto::h1::io[0m[2m:[0m parsed 4 headers
[2m2025-12-10T10:12:53.114359Z[0m [34mDEBUG[0m [2mhyper::proto::h1::conn[0m[2m:[0m incoming body is content-length (768 bytes)
[2m2025-12-10T10:12:53.114389Z[0m [34mDEBUG[0m [2mhyper::proto::h1::conn[0m[2m:[0m incoming body completed
[2m2025-12-10T10:12:53.114413Z[0m [34mDEBUG[0m [2mhyper::client::pool[0m[2m:[0m pooling idle connection for ("http", 192.168.0.14:8545)
[2m2025-12-10T10:12:53.114419Z[0m [34mDEBUG[0m [2methereum_transaction_pool_monitor::eth_client[0m[2m:[0m 📡 Transaction fetch RPC completed in 4.937541ms
[2m2025-12-10T10:12:53.185748Z[0m [34mDEBUG[0m [2methereum_transaction_pool_monitor::eth_client[0m[2m:[0m ✅ Transaction 0x7f1afc9ff124f2dd3b7bf7f33197bafd30815750592f95bd32f269e857ec81d9 fetched and parsed in 76.26425ms
[2m2025-12-10T10:12:53.185771Z[0m [34mDEBUG[0m [2methereum_transaction_pool_monitor::mempool_monitor[0m[2m:[0m 🔍 Skipping tx 0x7f1afc9ff124f2dd3b7bf7f33197bafd30815750592f95bd32f269e857ec81d9 - not a DEX interaction (target: 0xA0b86991c6218b36c1d19D4a2e9Eb0cE3606eB48)
[2m2025-12-10T10:12:53.185782Z[0m [34mDEBUG[0m [2methereum_transaction_pool_monitor::mempool_monitor[0m[2m:[0m 📨 Processing new pending transaction: 0x054860c241bda05cf50a2cd63e7df0b8f7736c4c2be0d8688f8cd9773bf49eae
[2m2025-12-10T10:12:53.185788Z[0m [34mDEBUG[0m [2methereum_transaction_pool_monitor::mempool_monitor[0m[2m:[0m 🔍 Fetching transaction details for: 0x054860c241bda05cf50a2cd63e7df0b8f7736c4c2be0d8688f8cd9773bf49eae
[2m2025-12-10T10:12:53.185792Z[0m [34mDEBUG[0m [2methereum_transaction_pool_monitor::eth_client[0m[2m:[0m 🔍 Fetching transaction details for hash: 0x054860c241bda05cf50a2cd63e7df0b8f7736c4c2be0d8688f8cd9773bf49eae
[2m2025-12-10T10:12:53.185809Z[0m [34mDEBUG[0m [2mhyper::client::pool[0m[2m:[0m reuse idle connection for ("http", 192.168.0.14:8545)
[2m2025-12-10T10:12:53.185842Z[0m [34mDEBUG[0m [2mhyper::proto::h1::io[0m[2m:[0m flushed 250 bytes
[2m2025-12-10T10:12:53.185857Z[0m [34mDEBUG[0m [2mhyper::proto::h1::io[0m[2m:[0m parsed 4 headers
[2m2025-12-10T10:12:53.185861Z[0m [34mDEBUG[0m [2mhyper::proto::h1::conn[0m[2m:[0m incoming body is content-length (45 bytes)
[2m2025-12-10T10:12:53.185866Z[0m [34mDEBUG[0m [2mhyper::proto::h1::conn[0m[2m:[0m incoming body completed
[2m2025-12-10T10:12:53.185872Z[0m [34mDEBUG[0m [2mhyper::client::pool[0m[2m:[0m pooling idle connection for ("http", 192.168.0.14:8545)
[2m2025-12-10T10:12:53.191229Z[0m [34mDEBUG[0m [2methereum_transaction_pool_monitor::eth_client[0m[2m:[0m 📨 Received WebSocket message: {"jsonrpc":"2.0","method":"eth_subscription","params":{"subscription":"0xbed0a0851463e895960a451075a301a9","result":"0xdedb9a5ebd3e4c8f2356c0de3c9ebc5aba5a588910fb2a005da550ef82a821fa"}}
[2m2025-12-10T10:12:53.191236Z[0m [34mDEBUG[0m [2methereum_transaction_pool_monitor::eth_client[0m[2m:[0m 📨 Received pending transaction: 0xdedb9a5ebd3e4c8f2356c0de3c9ebc5aba5a588910fb2a005da550ef82a821fa
[2m2025-12-10T10:12:53.195055Z[0m [34mDEBUG[0m [2mhyper::proto::h1::io[0m[2m:[0m parsed 4 headers
[2m2025-12-10T10:12:53.195059Z[0m [34mDEBUG[0m [2mhyper::proto::h1::conn[0m[2m:[0m incoming body is content-length (648 bytes)
[2m2025-12-10T10:12:53.195064Z[0m [34mDEBUG[0m [2mhyper::proto::h1::conn[0m[2m:[0m incoming body completed
[2m2025-12-10T10:12:53.195070Z[0m [34mDEBUG[0m [2mhyper::client::pool[0m[2m:[0m pooling idle connection for ("http", 192.168.0.14:8545)
[2m2025-12-10T10:12:53.195075Z[0m [34mDEBUG[0m [2methereum_transaction_pool_monitor::eth_client[0m[2m:[0m 📡 Transaction fetch RPC completed in 9.279166ms
[2m2025-12-10T10:12:53.266572Z[0m [34mDEBUG[0m [2methereum_transaction_pool_monitor::eth_client[0m[2m:[0m ✅ Transaction 0x054860c241bda05cf50a2cd63e7df0b8f7736c4c2be0d8688f8cd9773bf49eae fetched and parsed in 80.774291ms
[2m2025-12-10T10:12:53.266597Z[0m [34mDEBUG[0m [2methereum_transaction_pool_monitor::mempool_monitor[0m[2m:[0m 🔍 Skipping tx 0x054860c241bda05cf50a2cd63e7df0b8f7736c4c2be0d8688f8cd9773bf49eae - not a DEX interaction (target: 0x28C6c06298d514Db089934071355E5743bf21d60)
[2m2025-12-10T10:12:53.266608Z[0m [34mDEBUG[0m [2methereum_transaction_pool_monitor::mempool_monitor[0m[2m:[0m 📨 Processing new pending transaction: 0x79f383b1758a7f614860d0ba06374824589259151bdccf8586b61d9e690db259
[2m2025-12-10T10:12:53.266614Z[0m [34mDEBUG[0m [2methereum_transaction_pool_monitor::mempool_monitor[0m[2m:[0m 🔍 Fetching transaction details for: 0x79f383b1758a7f614860d0ba06374824589259151bdccf8586b61d9e690db259
[2m2025-12-10T10:12:53.266618Z[0m [34mDEBUG[0m [2methereum_transaction_pool_monitor::eth_client[0m[2m:[0m 🔍 Fetching transaction details for hash: 0x79f383b1758a7f614860d0ba06374824589259151bdccf8586b61d9e690db259
[2m2025-12-10T10:12:53.266635Z[0m [34mDEBUG[0m [2mhyper::client::pool[0m[2m:[0m reuse idle connection for ("http", 192.168.0.14:8545)
[2m2025-12-10T10:12:53.266667Z[0m [34mDEBUG[0m [2mhyper::proto::h1::io[0m[2m:[0m flushed 250 bytes
[2m2025-12-10T10:12:53.266685Z[0m [34mDEBUG[0m [2mhyper::client::pool[0m[2m:[0m reuse idle connection for ("http", 192.168.0.14:8545)
[2m2025-12-10T10:12:53.266693Z[0m [34mDEBUG[0m [2methereum_transaction_pool_monitor::eth_client[0m[2m:[0m 📨 Received WebSocket message: {"jsonrpc":"2.0","method":"eth_subscription","params":{"subscription":"0xbed0a0851463e895960a451075a301a9","result":"0x0ca9cc5ed1e4ce61e6183e601239162cd1743123bf414bb91f99f0d13d7247a7"}}
[2m2025-12-10T10:12:53.266696Z[0m [34mDEBUG[0m [2mhyper::proto::h1::io[0m[2m:[0m flushed 172 bytes
[2m2025-12-10T10:12:53.266704Z[0m [34mDEBUG[0m [2methereum_transaction_pool_monitor::eth_client[0m[2m:[0m 📨 Received pending transaction: 0x0ca9cc5ed1e4ce61e6183e601239162cd1743123bf414bb91f99f0d13d7247a7
[2m2025-12-10T10:12:53.271645Z[0m [34mDEBUG[0m [2mhyper::proto::h1::io[0m[2m:[0m parsed 4 headers
[2m2025-12-10T10:12:53.271675Z[0m [34mDEBUG[0m [2mhyper::proto::h1::conn[0m[2m:[0m incoming body is content-length (45 bytes)
[2m2025-12-10T10:12:53.271700Z[0m [34mDEBUG[0m [2mhyper::proto::h1::conn[0m[2m:[0m incoming body completed
[2m2025-12-10T10:12:53.271724Z[0m [34mDEBUG[0m [2mhyper::client::pool[0m[2m:[0m pooling idle connection for ("http", 192.168.0.14:8545)
[2m2025-12-10T10:12:53.272257Z[0m [34mDEBUG[0m [2mhyper::proto::h1::io[0m[2m:[0m parsed 4 headers
[2m2025-12-10T10:12:53.272264Z[0m [34mDEBUG[0m [2mhyper::proto::h1::conn[0m[2m:[0m incoming body is content-length (648 bytes)
[2m2025-12-10T10:12:53.272272Z[0m [34mDEBUG[0m [2mhyper::proto::h1::conn[0m[2m:[0m incoming body completed
[2m2025-12-10T10:12:53.272278Z[0m [34mDEBUG[0m [2mhyper::client::pool[0m[2m:[0m pooling idle connection for ("http", 192.168.0.14:8545)
[2m2025-12-10T10:12:53.272284Z[0m [34mDEBUG[0m [2methereum_transaction_pool_monitor::eth_client[0m[2m:[0m 📡 Transaction fetch RPC completed in 5.662042ms
[2m2025-12-10T10:12:53.343087Z[0m [34mDEBUG[0m [2methereum_transaction_pool_monitor::eth_client[0m[2m:[0m ✅ Transaction 0x79f383b1758a7f614860d0ba06374824589259151bdccf8586b61d9e690db259 fetched and parsed in 76.462458ms
[2m2025-12-10T10:12:53.343112Z[0m [34mDEBUG[0m [2methereum_transaction_pool_monitor::mempool_monitor[0m[2m:[0m 🔍 Skipping tx 0x79f383b1758a7f614860d0ba06374824589259151bdccf8586b61d9e690db259 - not a DEX interaction (target: 0x28C6c06298d514Db089934071355E5743bf21d60)
[2m2025-12-10T10:12:53.343122Z[0m [34mDEBUG[0m [2methereum_transaction_pool_monitor::mempool_monitor[0m[2m:[0m 📨 Processing new pending transaction: 0x5d2138671038017d25bc0417d6b1c4f88c579932203d242031a06eafe0f8366c
[2m2025-12-10T10:12:53.343127Z[0m [34mDEBUG[0m [2methereum_transaction_pool_monitor::mempool_monitor[0m[2m:[0m 🔍 Fetching transaction details for: 0x5d2138671038017d25bc0417d6b1c4f88c579932203d242031a06eafe0f8366c
[2m2025-12-10T10:12:53.343132Z[0m [34mDEBUG[0m [2methereum_transaction_pool_monitor::eth_client[0m[2m:[0m 🔍 Fetching transaction details for hash: 0x5d2138671038017d25bc0417d6b1c4f88c579932203d242031a06eafe0f8366c
[2m2025-12-10T10:12:53.343151Z[0m [34mDEBUG[0m [2mhyper::client::pool[0m[2m:[0m reuse idle connection for ("http", 192.168.0.14:8545)
[2m2025-12-10T10:12:53.343186Z[0m [34mDEBUG[0m [2mhyper::proto::h1::io[0m[2m:[0m flushed 250 bytes
[2m2025-12-10T10:12:53.343204Z[0m [34mDEBUG[0m [2mhyper::client::pool[0m[2m:[0m reuse idle connection for ("http", 192.168.0.14:8545)
[2m2025-12-10T10:12:53.343218Z[0m [34mDEBUG[0m [2mhyper::proto::h1::io[0m[2m:[0m flushed 172 bytes
[2m2025-12-10T10:12:53.343254Z[0m [34mDEBUG[0m [2methereum_transaction_pool_monitor::eth_client[0m[2m:[0m 📨 Received WebSocket message: {"jsonrpc":"2.0","method":"eth_subscription","params":{"subscription":"0xbed0a0851463e895960a451075a301a9","result":"0x789be8c6b36e5e22ab90823782ce215e0c93f9ec639e704bc2aab0fb6b1e1f32"}}
[2m2025-12-10T10:12:53.343261Z[0m [34mDEBUG[0m [2methereum_transaction_pool_monitor::eth_client[0m[2m:[0m 📨 Received pending transaction: 0x789be8c6b36e5e22ab90823782ce215e0c93f9ec639e704bc2aab0fb6b1e1f32
[2m2025-12-10T10:12:53.348333Z[0m [34mDEBUG[0m [2methereum_transaction_pool_monitor::eth_client[0m[2m:[0m 📨 Received WebSocket message: {"jsonrpc":"2.0","method":"eth_subscription","params":{"subscription":"0xbed0a0851463e895960a451075a301a9","result":"0x70f69a7f2771eca9073795085c073dbabad7c979dfeb8c3dde93a52d38bae8d5"}}
[2m2025-12-10T10:12:53.348340Z[0m [34mDEBUG[0m [2methereum_transaction_pool_monitor::eth_client[0m[2m:[0m 📨 Received pending transaction: 0x70f69a7f2771eca9073795085c073dbabad7c979dfeb8c3dde93a52d38bae8d5
[2m2025-12-10T10:12:53.348365Z[0m [34mDEBUG[0m [2mhyper::proto::h1::io[0m[2m:[0m parsed 4 headers
[2m2025-12-10T10:12:53.348371Z[0m [34mDEBUG[0m [2mhyper::proto::h1::conn[0m[2m:[0m incoming body is content-length (45 bytes)
[2m2025-12-10T10:12:53.348376Z[0m [34mDEBUG[0m [2mhyper::proto::h1::conn[0m[2m:[0m incoming body completed
[2m2025-12-10T10:12:53.348385Z[0m [34mDEBUG[0m [2mhyper::client::pool[0m[2m:[0m pooling idle connection for ("http", 192.168.0.14:8545)
[2m2025-12-10T10:12:53.354253Z[0m [34mDEBUG[0m [2mhyper::proto::h1::io[0m[2m:[0m parsed 4 headers
[2m2025-12-10T10:12:53.354258Z[0m [34mDEBUG[0m [2mhyper::proto::h1::conn[0m[2m:[0m incoming body is content-length (770 bytes)
[2m2025-12-10T10:12:53.354263Z[0m [34mDEBUG[0m [2mhyper::proto::h1::conn[0m[2m:[0m incoming body completed
[2m2025-12-10T10:12:53.354320Z[0m [34mDEBUG[0m [2mhyper::client::pool[0m[2m:[0m pooling idle connection for ("http", 192.168.0.14:8545)
[2m2025-12-10T10:12:53.354328Z[0m [34mDEBUG[0m [2methereum_transaction_pool_monitor::eth_client[0m[2m:[0m 📡 Transaction fetch RPC completed in 11.1915ms
[2m2025-12-10T10:12:53.424723Z[0m [34mDEBUG[0m [2methereum_transaction_pool_monitor::eth_client[0m[2m:[0m ✅ Transaction 0x5d2138671038017d25bc0417d6b1c4f88c579932203d242031a06eafe0f8366c fetched and parsed in 81.584291ms
[2m2025-12-10T10:12:53.424750Z[0m [34mDEBUG[0m [2methereum_transaction_pool_monitor::mempool_monitor[0m[2m:[0m 🔍 Skipping tx 0x5d2138671038017d25bc0417d6b1c4f88c579932203d242031a06eafe0f8366c - not a DEX interaction (target: 0xDEf1CA1fb7FBcDC777520aa7f396b4E015F497aB)
[2m2025-12-10T10:12:53.424761Z[0m [34mDEBUG[0m [2methereum_transaction_pool_monitor::mempool_monitor[0m[2m:[0m 📨 Processing new pending transaction: 0x0ab10a7163c4c0911c17188aa23d440a49ac26867d97e05067b80c90231312c0
[2m2025-12-10T10:12:53.424767Z[0m [34mDEBUG[0m [2methereum_transaction_pool_monitor::mempool_monitor[0m[2m:[0m 🔍 Fetching transaction details for: 0x0ab10a7163c4c0911c17188aa23d440a49ac26867d97e05067b80c90231312c0
[2m2025-12-10T10:12:53.424771Z[0m [34mDEBUG[0m [2methereum_transaction_pool_monitor::eth_client[0m[2m:[0m 🔍 Fetching transaction details for hash: 0x0ab10a7163c4c0911c17188aa23d440a49ac26867d97e05067b80c90231312c0
[2m2025-12-10T10:12:53.424788Z[0m [34mDEBUG[0m [2mhyper::client::pool[0m[2m:[0m reuse idle connection for ("http", 192.168.0.14:8545)
[2m2025-12-10T10:12:53.424829Z[0m [34mDEBUG[0m [2mhyper::proto::h1::io[0m[2m:[0m flushed 250 bytes
[2m2025-12-10T10:12:53.424871Z[0m [34mDEBUG[0m [2mhyper::client::pool[0m[2m:[0m reuse idle connection for ("http", 192.168.0.14:8545)
[2m2025-12-10T10:12:53.424890Z[0m [34mDEBUG[0m [2mhyper::proto::h1::io[0m[2m:[0m flushed 172 bytes
[2m2025-12-10T10:12:53.429013Z[0m [34mDEBUG[0m [2mhyper::proto::h1::io[0m[2m:[0m parsed 4 headers
[2m2025-12-10T10:12:53.429019Z[0m [34mDEBUG[0m [2mhyper::proto::h1::conn[0m[2m:[0m incoming body is content-length (650 bytes)
[2m2025-12-10T10:12:53.429027Z[0m [34mDEBUG[0m [2mhyper::proto::h1::conn[0m[2m:[0m incoming body completed
[2m2025-12-10T10:12:53.429036Z[0m [34mDEBUG[0m [2mhyper::client::pool[0m[2m:[0m pooling idle connection for ("http", 192.168.0.14:8545)
[2m2025-12-10T10:12:53.429042Z[0m [34mDEBUG[0m [2methereum_transaction_pool_monitor::eth_client[0m[2m:[0m 📡 Transaction fetch RPC completed in 4.267666ms
[2m2025-12-10T10:12:53.501301Z[0m [34mDEBUG[0m [2methereum_transaction_pool_monitor::eth_client[0m[2m:[0m ✅ Transaction 0x0ab10a7163c4c0911c17188aa23d440a49ac26867d97e05067b80c90231312c0 fetched and parsed in 76.523708ms
[2m2025-12-10T10:12:53.501330Z[0m [34mDEBUG[0m [2methereum_transaction_pool_monitor::mempool_monitor[0m[2m:[0m 🔍 Skipping tx 0x0ab10a7163c4c0911c17188aa23d440a49ac26867d97e05067b80c90231312c0 - not a DEX interaction (target: 0x28C6c06298d514Db089934071355E5743bf21d60)
[2m2025-12-10T10:12:53.501340Z[0m [34mDEBUG[0m [2methereum_transaction_pool_monitor::mempool_monitor[0m[2m:[0m 📨 Processing new pending transaction: 0x2547633614e854b22cf8b3130f975796d879840e58a433777ae58568ff7fd691
[2m2025-12-10T10:12:53.501346Z[0m [34mDEBUG[0m [2methereum_transaction_pool_monitor::mempool_monitor[0m[2m:[0m 🔍 Fetching transaction details for: 0x2547633614e854b22cf8b3130f975796d879840e58a433777ae58568ff7fd691
[2m2025-12-10T10:12:53.501350Z[0m [34mDEBUG[0m [2methereum_transaction_pool_monitor::eth_client[0m[2m:[0m 🔍 Fetching transaction details for hash: 0x2547633614e854b22cf8b3130f975796d879840e58a433777ae58568ff7fd691
[2m2025-12-10T10:12:53.501370Z[0m [34mDEBUG[0m [2mhyper::client::pool[0m[2m:[0m reuse idle connection for ("http", 192.168.0.14:8545)
[2m2025-12-10T10:12:53.501405Z[0m [34mDEBUG[0m [2mhyper::proto::h1::io[0m[2m:[0m flushed 250 bytes
[2m2025-12-10T10:12:53.501430Z[0m [34mDEBUG[0m [2methereum_transaction_pool_monitor::eth_client[0m[2m:[0m 📨 Received WebSocket message: {"jsonrpc":"2.0","method":"eth_subscription","params":{"subscription":"0xbed0a0851463e895960a451075a301a9","result":"0xe7a80193aeb7b6ca215819df6beea216a2e31abf8a8cb54f85d6714ca8216dc2"}}
[2m2025-12-10T10:12:53.501433Z[0m [34mDEBUG[0m [2mhyper::proto::h1::io[0m[2m:[0m parsed 4 headers
[2m2025-12-10T10:12:53.501438Z[0m [34mDEBUG[0m [2methereum_transaction_pool_monitor::eth_client[0m[2m:[0m 📨 Received pending transaction: 0xe7a80193aeb7b6ca215819df6beea216a2e31abf8a8cb54f85d6714ca8216dc2
[2m2025-12-10T10:12:53.501442Z[0m [34mDEBUG[0m [2mhyper::proto::h1::conn[0m[2m:[0m incoming body is content-length (45 bytes)
[2m2025-12-10T10:12:53.501450Z[0m [34mDEBUG[0m [2mhyper::proto::h1::conn[0m[2m:[0m incoming body completed
[2m2025-12-10T10:12:53.501458Z[0m [34mDEBUG[0m [2mhyper::client::pool[0m[2m:[0m pooling idle connection for ("http", 192.168.0.14:8545)
[2m2025-12-10T10:12:53.501473Z[0m [34mDEBUG[0m [2mhyper::client::pool[0m[2m:[0m reuse idle connection for ("http", 192.168.0.14:8545)
[2m2025-12-10T10:12:53.501489Z[0m [34mDEBUG[0m [2mhyper::proto::h1::io[0m[2m:[0m flushed 172 bytes
[2m2025-12-10T10:12:53.507457Z[0m [34mDEBUG[0m [2mhyper::proto::h1::io[0m[2m:[0m parsed 4 headers
[2m2025-12-10T10:12:53.507480Z[0m [34mDEBUG[0m [2mhyper::proto::h1::conn[0m[2m:[0m incoming body is content-length (45 bytes)
[2m2025-12-10T10:12:53.507504Z[0m [34mDEBUG[0m [2mhyper::proto::h1::conn[0m[2m:[0m incoming body completed
[2m2025-12-10T10:12:53.507522Z[0m [34mDEBUG[0m [2mhyper::client::pool[0m[2m:[0m pooling idle connection for ("http", 192.168.0.14:8545)
[2m2025-12-10T10:12:53.507536Z[0m [34mDEBUG[0m [2mhyper::proto::h1::io[0m[2m:[0m parsed 4 headers
[2m2025-12-10T10:12:53.507540Z[0m [34mDEBUG[0m [2mhyper::proto::h1::conn[0m[2m:[0m incoming body is content-length (650 bytes)
[2m2025-12-10T10:12:53.507544Z[0m [34mDEBUG[0m [2mhyper::proto::h1::conn[0m[2m:[0m incoming body completed
[2m2025-12-10T10:12:53.507548Z[0m [34mDEBUG[0m [2mhyper::client::pool[0m[2m:[0m pooling idle connection for ("http", 192.168.0.14:8545)
[2m2025-12-10T10:12:53.507552Z[0m [34mDEBUG[0m [2methereum_transaction_pool_monitor::eth_client[0m[2m:[0m 📡 Transaction fetch RPC completed in 6.197667ms
[2m2025-12-10T10:12:53.579659Z[0m [34mDEBUG[0m [2methereum_transaction_pool_monitor::eth_client[0m[2m:[0m ✅ Transaction 0x2547633614e854b22cf8b3130f975796d879840e58a433777ae58568ff7fd691 fetched and parsed in 78.30175ms
[2m2025-12-10T10:12:53.579696Z[0m [34mDEBUG[0m [2methereum_transaction_pool_monitor::mempool_monitor[0m[2m:[0m 🔍 Skipping tx 0x2547633614e854b22cf8b3130f975796d879840e58a433777ae58568ff7fd691 - not a DEX interaction (target: 0xf30ba13e4b04Ce5dC4D254Ae5FA95477800F0EB0)
[2m2025-12-10T10:12:53.579710Z[0m [34mDEBUG[0m [2methereum_transaction_pool_monitor::mempool_monitor[0m[2m:[0m 📨 Processing new pending transaction: 0xe77cacd9dd289aee18b4dad53ec63bba326369594b7f7b61e7cf28b7390e415d
[2m2025-12-10T10:12:53.579718Z[0m [34mDEBUG[0m [2methereum_transaction_pool_monitor::mempool_monitor[0m[2m:[0m 🔍 Fetching transaction details for: 0xe77cacd9dd289aee18b4dad53ec63bba326369594b7f7b61e7cf28b7390e415d
[2m2025-12-10T10:12:53.579724Z[0m [34mDEBUG[0m [2methereum_transaction_pool_monitor::eth_client[0m[2m:[0m 🔍 Fetching transaction details for hash: 0xe77cacd9dd289aee18b4dad53ec63bba326369594b7f7b61e7cf28b7390e415d
[2m2025-12-10T10:12:53.579749Z[0m [34mDEBUG[0m [2mhyper::client::pool[0m[2m:[0m reuse idle connection for ("http", 192.168.0.14:8545)
[2m2025-12-10T10:12:53.579797Z[0m [34mDEBUG[0m [2mhyper::proto::h1::io[0m[2m:[0m flushed 250 bytes
[2m2025-12-10T10:12:53.579820Z[0m [34mDEBUG[0m [2methereum_transaction_pool_monitor::eth_client[0m[2m:[0m 📨 Received WebSocket message: {"jsonrpc":"2.0","method":"eth_subscription","params":{"subscription":"0xbed0a0851463e895960a451075a301a9","result":"0xa3b58a7b3b11a5298a8c99000523fdc9830000b7d4d27604257a444d7cd96360"}}
[2m2025-12-10T10:12:53.579830Z[0m [34mDEBUG[0m [2methereum_transaction_pool_monitor::eth_client[0m[2m:[0m 📨 Received pending transaction: 0xa3b58a7b3b11a5298a8c99000523fdc9830000b7d4d27604257a444d7cd96360
[2m2025-12-10T10:12:53.588848Z[0m [34mDEBUG[0m [2mhyper::proto::h1::io[0m[2m:[0m parsed 4 headers
[2m2025-12-10T10:12:53.588864Z[0m [34mDEBUG[0m [2mhyper::proto::h1::conn[0m[2m:[0m incoming body is content-length (1731 bytes)
[2m2025-12-10T10:12:53.588883Z[0m [34mDEBUG[0m [2methereum_transaction_pool_monitor::eth_client[0m[2m:[0m 📡 Transaction fetch RPC completed in 9.150792ms
[2m2025-12-10T10:12:53.590664Z[0m [34mDEBUG[0m [2mhyper::proto::h1::conn[0m[2m:[0m incoming body completed
[2m2025-12-10T10:12:53.590678Z[0m [34mDEBUG[0m [2mhyper::client::pool[0m[2m:[0m pooling idle connection for ("http", 192.168.0.14:8545)
[2m2025-12-10T10:12:53.599465Z[0m [34mDEBUG[0m [2mhyper::client::pool[0m[2m:[0m reuse idle connection for ("http", 192.168.0.14:8545)
[2m2025-12-10T10:12:53.599524Z[0m [34mDEBUG[0m [2mhyper::proto::h1::io[0m[2m:[0m flushed 172 bytes
[2m2025-12-10T10:12:53.602611Z[0m [34mDEBUG[0m [2mhyper::proto::h1::io[0m[2m:[0m parsed 4 headers
[2m2025-12-10T10:12:53.602623Z[0m [34mDEBUG[0m [2mhyper::proto::h1::conn[0m[2m:[0m incoming body is content-length (45 bytes)
[2m2025-12-10T10:12:53.602630Z[0m [34mDEBUG[0m [2mhyper::proto::h1::conn[0m[2m:[0m incoming body completed
[2m2025-12-10T10:12:53.602639Z[0m [34mDEBUG[0m [2mhyper::client::pool[0m[2m:[0m pooling idle connection for ("http", 192.168.0.14:8545)
[2m2025-12-10T10:12:53.641229Z[0m [34mDEBUG[0m [2methereum_transaction_pool_monitor::eth_client[0m[2m:[0m 📨 Received WebSocket message: {"jsonrpc":"2.0","method":"eth_subscription","params":{"subscription":"0xbed0a0851463e895960a451075a301a9","result":"0x060d8f7f657561919e17875008ca6272fd4c7ca352bd1b57a4ccadb2e0bcb815"}}
[2m2025-12-10T10:12:53.641251Z[0m [34mDEBUG[0m [2methereum_transaction_pool_monitor::eth_client[0m[2m:[0m 📨 Received pending transaction: 0x060d8f7f657561919e17875008ca6272fd4c7ca352bd1b57a4ccadb2e0bcb815
[2m2025-12-10T10:12:53.660774Z[0m [34mDEBUG[0m [2methereum_transaction_pool_monitor::eth_client[0m[2m:[0m 📨 Received WebSocket message: {"jsonrpc":"2.0","method":"eth_subscription","params":{"subscription":"0xbed0a0851463e895960a451075a301a9","result":"0xe76f45613ad41f823100fd1d3757eb81b7a7b7de24b7fd31b6a5491cfceb5c50"}}
[2m2025-12-10T10:12:53.660794Z[0m [34mDEBUG[0m [2methereum_transaction_pool_monitor::eth_client[0m[2m:[0m 📨 Received pending transaction: 0xe76f45613ad41f823100fd1d3757eb81b7a7b7de24b7fd31b6a5491cfceb5c50
[2m2025-12-10T10:12:53.662601Z[0m [34mDEBUG[0m [2methereum_transaction_pool_monitor::eth_client[0m[2m:[0m ✅ Transaction 0xe77cacd9dd289aee18b4dad53ec63bba326369594b7f7b61e7cf28b7390e415d fetched and parsed in 82.867042ms
[2m2025-12-10T10:12:53.662618Z[0m [34mDEBUG[0m [2methereum_transaction_pool_monitor::mempool_monitor[0m[2m:[0m 🔍 Skipping tx 0xe77cacd9dd289aee18b4dad53ec63bba326369594b7f7b61e7cf28b7390e415d - not a DEX interaction (target: 0x601a2aD6CB5949f0529735254189Ba3194221EDF)
[2m2025-12-10T10:12:53.662629Z[0m [34mDEBUG[0m [2methereum_transaction_pool_monitor::mempool_monitor[0m[2m:[0m 📨 Processing new pending transaction: 0x081e1df14c82c1ab7575215161dd497ab01e2955449c88b977dcccd5bc9be062
[2m2025-12-10T10:12:53.662634Z[0m [34mDEBUG[0m [2methereum_transaction_pool_monitor::mempool_monitor[0m[2m:[0m 🔍 Fetching transaction details for: 0x081e1df14c82c1ab7575215161dd497ab01e2955449c88b977dcccd5bc9be062
[2m2025-12-10T10:12:53.662639Z[0m [34mDEBUG[0m [2methereum_transaction_pool_monitor::eth_client[0m[2m:[0m 🔍 Fetching transaction details for hash: 0x081e1df14c82c1ab7575215161dd497ab01e2955449c88b977dcccd5bc9be062
[2m2025-12-10T10:12:53.662657Z[0m [34mDEBUG[0m [2mhyper::client::pool[0m[2m:[0m reuse idle connection for ("http", 192.168.0.14:8545)
[2m2025-12-10T10:12:53.662691Z[0m [34mDEBUG[0m [2mhyper::proto::h1::io[0m[2m:[0m flushed 250 bytes
[2m2025-12-10T10:12:53.666926Z[0m [34mDEBUG[0m [2mhyper::proto::h1::io[0m[2m:[0m parsed 4 headers
[2m2025-12-10T10:12:53.666933Z[0m [34mDEBUG[0m [2mhyper::proto::h1::conn[0m[2m:[0m incoming body is content-length (640 bytes)
[2m2025-12-10T10:12:53.666940Z[0m [34mDEBUG[0m [2mhyper::proto::h1::conn[0m[2m:[0m incoming body completed
[2m2025-12-10T10:12:53.666949Z[0m [34mDEBUG[0m [2mhyper::client::pool[0m[2m:[0m pooling idle connection for ("http", 192.168.0.14:8545)
[2m2025-12-10T10:12:53.666955Z[0m [34mDEBUG[0m [2methereum_transaction_pool_monitor::eth_client[0m[2m:[0m 📡 Transaction fetch RPC completed in 4.311417ms
[2m2025-12-10T10:12:53.738182Z[0m [34mDEBUG[0m [2methereum_transaction_pool_monitor::eth_client[0m[2m:[0m ✅ Transaction 0x081e1df14c82c1ab7575215161dd497ab01e2955449c88b977dcccd5bc9be062 fetched and parsed in 75.53725ms
[2m2025-12-10T10:12:53.738212Z[0m [34mDEBUG[0m [2methereum_transaction_pool_monitor::mempool_monitor[0m[2m:[0m 🔍 Skipping tx 0x081e1df14c82c1ab7575215161dd497ab01e2955449c88b977dcccd5bc9be062 - not a DEX interaction (target: 0x84e92931c3a7513eEDE3865Ac06C4B3934A9bBAe)
[2m2025-12-10T10:12:53.738224Z[0m [34mDEBUG[0m [2methereum_transaction_pool_monitor::mempool_monitor[0m[2m:[0m 📨 Processing new pending transaction: 0x5cdb89daaef3fba9f15ca80464191f9797e6db271d3347e13d8148cb9a819317
[2m2025-12-10T10:12:53.738234Z[0m [34mDEBUG[0m [2methereum_transaction_pool_monitor::mempool_monitor[0m[2m:[0m 🔍 Fetching transaction details for: 0x5cdb89daaef3fba9f15ca80464191f9797e6db271d3347e13d8148cb9a819317
[2m2025-12-10T10:12:53.738239Z[0m [34mDEBUG[0m [2methereum_transaction_pool_monitor::eth_client[0m[2m:[0m 🔍 Fetching transaction details for hash: 0x5cdb89daaef3fba9f15ca80464191f9797e6db271d3347e13d8148cb9a819317
[2m2025-12-10T10:12:53.738259Z[0m [34mDEBUG[0m [2mhyper::client::pool[0m[2m:[0m reuse idle connection for ("http", 192.168.0.14:8545)
[2m2025-12-10T10:12:53.738304Z[0m [34mDEBUG[0m [2mhyper::proto::h1::io[0m[2m:[0m flushed 250 bytes
[2m2025-12-10T10:12:53.738331Z[0m [34mDEBUG[0m [2mhyper::client::pool[0m[2m:[0m reuse idle connection for ("http", 192.168.0.14:8545)
[2m2025-12-10T10:12:53.738349Z[0m [34mDEBUG[0m [2mhyper::proto::h1::io[0m[2m:[0m flushed 172 bytes
[2m2025-12-10T10:12:53.742835Z[0m [34mDEBUG[0m [2mhyper::proto::h1::io[0m[2m:[0m parsed 4 headers
[2m2025-12-10T10:12:53.742840Z[0m [34mDEBUG[0m [2mhyper::proto::h1::conn[0m[2m:[0m incoming body is content-length (45 bytes)
[2m2025-12-10T10:12:53.742846Z[0m [34mDEBUG[0m [2mhyper::proto::h1::conn[0m[2m:[0m incoming body completed
[2m2025-12-10T10:12:53.742852Z[0m [34mDEBUG[0m [2mhyper::client::pool[0m[2m:[0m pooling idle connection for ("http", 192.168.0.14:8545)
[2m2025-12-10T10:12:53.747196Z[0m [34mDEBUG[0m [2mhyper::proto::h1::io[0m[2m:[0m parsed 4 headers
[2m2025-12-10T10:12:53.747204Z[0m [34mDEBUG[0m [2mhyper::proto::h1::conn[0m[2m:[0m incoming body is content-length (766 bytes)
[2m2025-12-10T10:12:53.747210Z[0m [34mDEBUG[0m [2mhyper::proto::h1::conn[0m[2m:[0m incoming body completed
[2m2025-12-10T10:12:53.747216Z[0m [34mDEBUG[0m [2mhyper::client::pool[0m[2m:[0m pooling idle connection for ("http", 192.168.0.14:8545)
[2m2025-12-10T10:12:53.747223Z[0m [34mDEBUG[0m [2methereum_transaction_pool_monitor::eth_client[0m[2m:[0m 📡 Transaction fetch RPC completed in 8.978834ms
[2m2025-12-10T10:12:53.747236Z[0m [34mDEBUG[0m [2methereum_transaction_pool_monitor::eth_client[0m[2m:[0m DeFi transaction detected - Address: 0xdac17f958d2ee523a2206206994597c13d831ec7, Type: Stablecoin, Value: 0 ETH, Gas: 0.24 Gwei
[2m2025-12-10T10:12:53.747247Z[0m [34mDEBUG[0m [2methereum_transaction_pool_monitor::eth_client[0m[2m:[0m ✅ Transaction 0x5cdb89daaef3fba9f15ca80464191f9797e6db271d3347e13d8148cb9a819317 fetched and parsed in 9.002667ms
[2m2025-12-10T10:12:53.747334Z[0m [34mDEBUG[0m [2methereum_transaction_pool_monitor::mempool_monitor[0m[2m:[0m 🔍 Skipping tx 0x5cdb89daaef3fba9f15ca80464191f9797e6db271d3347e13d8148cb9a819317 - not a DEX interaction (target: 0xdAC17F958D2ee523a2206206994597C13D831ec7)
[2m2025-12-10T10:12:53.747342Z[0m [34mDEBUG[0m [2methereum_transaction_pool_monitor::mempool_monitor[0m[2m:[0m 📨 Processing new pending transaction: 0xdedb9a5ebd3e4c8f2356c0de3c9ebc5aba5a588910fb2a005da550ef82a821fa
[2m2025-12-10T10:12:53.747346Z[0m [34mDEBUG[0m [2methereum_transaction_pool_monitor::mempool_monitor[0m[2m:[0m 🔍 Fetching transaction details for: 0xdedb9a5ebd3e4c8f2356c0de3c9ebc5aba5a588910fb2a005da550ef82a821fa
[2m2025-12-10T10:12:53.747349Z[0m [34mDEBUG[0m [2methereum_transaction_pool_monitor::eth_client[0m[2m:[0m 🔍 Fetching transaction details for hash: 0xdedb9a5ebd3e4c8f2356c0de3c9ebc5aba5a588910fb2a005da550ef82a821fa
[2m2025-12-10T10:12:53.747358Z[0m [34mDEBUG[0m [2mhyper::client::pool[0m[2m:[0m reuse idle connection for ("http", 192.168.0.14:8545)
[2m2025-12-10T10:12:53.747378Z[0m [34mDEBUG[0m [2mhyper::proto::h1::io[0m[2m:[0m flushed 250 bytes
[2m2025-12-10T10:12:53.754503Z[0m [34mDEBUG[0m [2mhyper::proto::h1::io[0m[2m:[0m parsed 4 headers
[2m2025-12-10T10:12:53.754542Z[0m [34mDEBUG[0m [2mhyper::proto::h1::conn[0m[2m:[0m incoming body is content-length (644 bytes)
[2m2025-12-10T10:12:53.754551Z[0m [34mDEBUG[0m [2mhyper::proto::h1::conn[0m[2m:[0m incoming body completed
[2m2025-12-10T10:12:53.754575Z[0m [34mDEBUG[0m [2mhyper::client::pool[0m[2m:[0m pooling idle connection for ("http", 192.168.0.14:8545)
[2m2025-12-10T10:12:53.754582Z[0m [34mDEBUG[0m [2methereum_transaction_pool_monitor::eth_client[0m[2m:[0m 📡 Transaction fetch RPC completed in 7.229541ms
[2m2025-12-10T10:12:53.825818Z[0m [34mDEBUG[0m [2methereum_transaction_pool_monitor::eth_client[0m[2m:[0m ✅ Transaction 0xdedb9a5ebd3e4c8f2356c0de3c9ebc5aba5a588910fb2a005da550ef82a821fa fetched and parsed in 78.463208ms
[2m2025-12-10T10:12:53.825842Z[0m [34mDEBUG[0m [2methereum_transaction_pool_monitor::mempool_monitor[0m[2m:[0m 🔍 Skipping tx 0xdedb9a5ebd3e4c8f2356c0de3c9ebc5aba5a588910fb2a005da550ef82a821fa - not a DEX interaction (target: 0x17E5545B11b468072283Cee1F066a059Fb0dbF24)
[2m2025-12-10T10:12:53.825853Z[0m [34mDEBUG[0m [2methereum_transaction_pool_monitor::mempool_monitor[0m[2m:[0m 📨 Processing new pending transaction: 0x0ca9cc5ed1e4ce61e6183e601239162cd1743123bf414bb91f99f0d13d7247a7
[2m2025-12-10T10:12:53.825859Z[0m [34mDEBUG[0m [2methereum_transaction_pool_monitor::mempool_monitor[0m[2m:[0m 🔍 Fetching transaction details for: 0x0ca9cc5ed1e4ce61e6183e601239162cd1743123bf414bb91f99f0d13d7247a7
[2m2025-12-10T10:12:53.825863Z[0m [34mDEBUG[0m [2methereum_transaction_pool_monitor::eth_client[0m[2m:[0m 🔍 Fetching transaction details for hash: 0x0ca9cc5ed1e4ce61e6183e601239162cd1743123bf414bb91f99f0d13d7247a7
[2m2025-12-10T10:12:53.825884Z[0m [34mDEBUG[0m [2mhyper::client::pool[0m[2m:[0m reuse idle connection for ("http", 192.168.0.14:8545)
[2m2025-12-10T10:12:53.825916Z[0m [34mDEBUG[0m [2mhyper::proto::h1::io[0m[2m:[0m flushed 250 bytes
[2m2025-12-10T10:12:53.825944Z[0m [34mDEBUG[0m [2mhyper::client::pool[0m[2m:[0m reuse idle connection for ("http", 192.168.0.14:8545)
[2m2025-12-10T10:12:53.825958Z[0m [34mDEBUG[0m [2mhyper::proto::h1::io[0m[2m:[0m flushed 172 bytes
[2m2025-12-10T10:12:53.837456Z[0m [34mDEBUG[0m [2mhyper::proto::h1::io[0m[2m:[0m parsed 4 headers
[2m2025-12-10T10:12:53.837467Z[0m [34mDEBUG[0m [2mhyper::proto::h1::conn[0m[2m:[0m incoming body is content-length (2319 bytes)
[2m2025-12-10T10:12:53.837474Z[0m [34mDEBUG[0m [2mhyper::proto::h1::conn[0m[2m:[0m incoming body completed
[2m2025-12-10T10:12:53.837483Z[0m [34mDEBUG[0m [2mhyper::client::pool[0m[2m:[0m pooling idle connection for ("http", 192.168.0.14:8545)
[2m2025-12-10T10:12:53.837489Z[0m [34mDEBUG[0m [2methereum_transaction_pool_monitor::eth_client[0m[2m:[0m 📡 Transaction fetch RPC completed in 11.622125ms
[2m2025-12-10T10:12:53.910650Z[0m [34mDEBUG[0m [2methereum_transaction_pool_monitor::eth_client[0m[2m:[0m ✅ Transaction 0x0ca9cc5ed1e4ce61e6183e601239162cd1743123bf414bb91f99f0d13d7247a7 fetched and parsed in 84.7805ms
[2m2025-12-10T10:12:53.910678Z[0m [34mDEBUG[0m [2methereum_transaction_pool_monitor::mempool_monitor[0m[2m:[0m 🔍 Skipping tx 0x0ca9cc5ed1e4ce61e6183e601239162cd1743123bf414bb91f99f0d13d7247a7 - not a DEX interaction (target: 0x66a9893cC07D91D95644AEDD05D03f95e1dBA8Af)
[2m2025-12-10T10:12:53.910688Z[0m [34mDEBUG[0m [2methereum_transaction_pool_monitor::mempool_monitor[0m[2m:[0m 📨 Processing new pending transaction: 0x789be8c6b36e5e22ab90823782ce215e0c93f9ec639e704bc2aab0fb6b1e1f32
[2m2025-12-10T10:12:53.910694Z[0m [34mDEBUG[0m [2methereum_transaction_pool_monitor::mempool_monitor[0m[2m:[0m 🔍 Fetching transaction details for: 0x789be8c6b36e5e22ab90823782ce215e0c93f9ec639e704bc2aab0fb6b1e1f32
[2m2025-12-10T10:12:53.910698Z[0m [34mDEBUG[0m [2methereum_transaction_pool_monitor::eth_client[0m[2m:[0m 🔍 Fetching transaction details for hash: 0x789be8c6b36e5e22ab90823782ce215e0c93f9ec639e704bc2aab0fb6b1e1f32
[2m2025-12-10T10:12:53.910716Z[0m [34mDEBUG[0m [2mhyper::client::pool[0m[2m:[0m reuse idle connection for ("http", 192.168.0.14:8545)
[2m2025-12-10T10:12:53.910755Z[0m [34mDEBUG[0m [2mhyper::proto::h1::io[0m[2m:[0m flushed 250 bytes
[2m2025-12-10T10:12:53.910772Z[0m [34mDEBUG[0m [2mhyper::proto::h1::io[0m[2m:[0m parsed 4 headers
[2m2025-12-10T10:12:53.910776Z[0m [34mDEBUG[0m [2mhyper::proto::h1::conn[0m[2m:[0m incoming body is content-length (45 bytes)
[2m2025-12-10T10:12:53.910783Z[0m [34mDEBUG[0m [2mhyper::proto::h1::conn[0m[2m:[0m incoming body completed
[2m2025-12-10T10:12:53.910792Z[0m [34mDEBUG[0m [2mhyper::client::pool[0m[2m:[0m pooling idle connection for ("http", 192.168.0.14:8545)
[2m2025-12-10T10:12:53.910808Z[0m [34mDEBUG[0m [2mhyper::client::pool[0m[2m:[0m reuse idle connection for ("http", 192.168.0.14:8545)
[2m2025-12-10T10:12:53.910823Z[0m [34mDEBUG[0m [2mhyper::proto::h1::io[0m[2m:[0m flushed 172 bytes
[2m2025-12-10T10:12:53.915146Z[0m [34mDEBUG[0m [2mhyper::proto::h1::io[0m[2m:[0m parsed 4 headers
[2m2025-12-10T10:12:53.915157Z[0m [34mDEBUG[0m [2mhyper::proto::h1::conn[0m[2m:[0m incoming body is content-length (45 bytes)
[2m2025-12-10T10:12:53.915164Z[0m [34mDEBUG[0m [2mhyper::proto::h1::conn[0m[2m:[0m incoming body completed
[2m2025-12-10T10:12:53.915173Z[0m [34mDEBUG[0m [2mhyper::client::pool[0m[2m:[0m pooling idle connection for ("http", 192.168.0.14:8545)
[2m2025-12-10T10:12:53.915192Z[0m [34mDEBUG[0m [2mhyper::proto::h1::io[0m[2m:[0m parsed 4 headers
[2m2025-12-10T10:12:53.915196Z[0m [34mDEBUG[0m [2mhyper::proto::h1::conn[0m[2m:[0m incoming body is content-length (676 bytes)
[2m2025-12-10T10:12:53.915201Z[0m [34mDEBUG[0m [2mhyper::proto::h1::conn[0m[2m:[0m incoming body completed
[2m2025-12-10T10:12:53.915206Z[0m [34mDEBUG[0m [2mhyper::client::pool[0m[2m:[0m pooling idle connection for ("http", 192.168.0.14:8545)
[2m2025-12-10T10:12:53.915211Z[0m [34mDEBUG[0m [2methereum_transaction_pool_monitor::eth_client[0m[2m:[0m 📡 Transaction fetch RPC completed in 4.50825ms
[2m2025-12-10T10:12:53.986310Z[0m [34mDEBUG[0m [2methereum_transaction_pool_monitor::eth_client[0m[2m:[0m ✅ Transaction 0x789be8c6b36e5e22ab90823782ce215e0c93f9ec639e704bc2aab0fb6b1e1f32 fetched and parsed in 75.605875ms
[2m2025-12-10T10:12:53.986339Z[0m [34mDEBUG[0m [2methereum_transaction_pool_monitor::mempool_monitor[0m[2m:[0m 🔍 Skipping tx 0x789be8c6b36e5e22ab90823782ce215e0c93f9ec639e704bc2aab0fb6b1e1f32 - not a DEX interaction (target: 0xA0b86991c6218b36c1d19D4a2e9Eb0cE3606eB48)
[2m2025-12-10T10:12:53.986356Z[0m [34mDEBUG[0m [2methereum_transaction_pool_monitor::mempool_monitor[0m[2m:[0m 📨 Processing new pending transaction: 0x70f69a7f2771eca9073795085c073dbabad7c979dfeb8c3dde93a52d38bae8d5
[2m2025-12-10T10:12:53.986365Z[0m [34mDEBUG[0m [2methereum_transaction_pool_monitor::mempool_monitor[0m[2m:[0m 🔍 Fetching transaction details for: 0x70f69a7f2771eca9073795085c073dbabad7c979dfeb8c3dde93a52d38bae8d5
[2m2025-12-10T10:12:53.986371Z[0m [34mDEBUG[0m [2methereum_transaction_pool_monitor::eth_client[0m[2m:[0m 🔍 Fetching transaction details for hash: 0x70f69a7f2771eca9073795085c073dbabad7c979dfeb8c3dde93a52d38bae8d5
[2m2025-12-10T10:12:53.986390Z[0m [34mDEBUG[0m [2mhyper::client::pool[0m[2m:[0m reuse idle connection for ("http", 192.168.0.14:8545)
[2m2025-12-10T10:12:53.986427Z[0m [34mDEBUG[0m [2mhyper::proto::h1::io[0m[2m:[0m flushed 250 bytes
[2m2025-12-10T10:12:53.986447Z[0m [34mDEBUG[0m [2methereum_transaction_pool_monitor::eth_client[0m[2m:[0m 📨 Received WebSocket message: {"jsonrpc":"2.0","method":"eth_subscription","params":{"subscription":"0xbed0a0851463e895960a451075a301a9","result":"0x443d0b2dae2505d42f91866ea342928a1763e8d0b73e1ac4dbb8fe00c43c8493"}}
[2m2025-12-10T10:12:53.986455Z[0m [34mDEBUG[0m [2methereum_transaction_pool_monitor::eth_client[0m[2m:[0m 📨 Received pending transaction: 0x443d0b2dae2505d42f91866ea342928a1763e8d0b73e1ac4dbb8fe00c43c8493
[2m2025-12-10T10:12:53.986461Z[0m [34mDEBUG[0m [2methereum_transaction_pool_monitor::eth_client[0m[2m:[0m 📨 Received WebSocket message: {"jsonrpc":"2.0","method":"eth_subscription","params":{"subscription":"0xbed0a0851463e895960a451075a301a9","result":"0x6602ace0fbc18e95271598fc4c49d2489b182450c41d0c493db60e43ff47ade8"}}
[2m2025-12-10T10:12:53.986466Z[0m [34mDEBUG[0m [2methereum_transaction_pool_monitor::eth_client[0m[2m:[0m 📨 Received pending transaction: 0x6602ace0fbc18e95271598fc4c49d2489b182450c41d0c493db60e43ff47ade8
[2m2025-12-10T10:12:53.986471Z[0m [34mDEBUG[0m [2methereum_transaction_pool_monitor::eth_client[0m[2m:[0m 📨 Received WebSocket message: {"jsonrpc":"2.0","method":"eth_subscription","params":{"subscription":"0xbed0a0851463e895960a451075a301a9","result":"0xd7bf38ed092a855a8804574c0a7b7f0e944f5ed05be915f1704f44505d9f4ee5"}}
[2m2025-12-10T10:12:53.986477Z[0m [34mDEBUG[0m [2methereum_transaction_pool_monitor::eth_client[0m[2m:[0m 📨 Received pending transaction: 0xd7bf38ed092a855a8804574c0a7b7f0e944f5ed05be915f1704f44505d9f4ee5
[2m2025-12-10T10:12:53.991979Z[0m [34mDEBUG[0m [2methereum_transaction_pool_monitor::eth_client[0m[2m:[0m 📨 Received WebSocket message: {"jsonrpc":"2.0","method":"eth_subscription","params":{"subscription":"0xbed0a0851463e895960a451075a301a9","result":"0x9e2e835ed1979a2b2c82e5f3a5620206530a739b29f8afb10bf60c23481f1c73"}}
[2m2025-12-10T10:12:53.992000Z[0m [34mDEBUG[0m [2methereum_transaction_pool_monitor::eth_client[0m[2m:[0m 📨 Received pending transaction: 0x9e2e835ed1979a2b2c82e5f3a5620206530a739b29f8afb10bf60c23481f1c73
[2m2025-12-10T10:12:53.996948Z[0m [34mDEBUG[0m [2methereum_transaction_pool_monitor::eth_client[0m[2m:[0m 📨 Received WebSocket message: {"jsonrpc":"2.0","method":"eth_subscription","params":{"subscription":"0xbed0a0851463e895960a451075a301a9","result":"0x068dad806c4f75a72335fdd1e19f27e239ec7301925547581348fa70e2e8bc6f"}}
[2m2025-12-10T10:12:53.996973Z[0m [34mDEBUG[0m [2methereum_transaction_pool_monitor::eth_client[0m[2m:[0m 📨 Received pending transaction: 0x068dad806c4f75a72335fdd1e19f27e239ec7301925547581348fa70e2e8bc6f
[2m2025-12-10T10:12:53.997013Z[0m [34mDEBUG[0m [2mhyper::proto::h1::io[0m[2m:[0m parsed 4 headers
[2m2025-12-10T10:12:53.997018Z[0m [34mDEBUG[0m [2mhyper::proto::h1::conn[0m[2m:[0m incoming body is content-length (775 bytes)
[2m2025-12-10T10:12:53.997027Z[0m [34mDEBUG[0m [2mhyper::proto::h1::conn[0m[2m:[0m incoming body completed
[2m2025-12-10T10:12:53.997038Z[0m [34mDEBUG[0m [2mhyper::client::pool[0m[2m:[0m pooling idle connection for ("http", 192.168.0.14:8545)
[2m2025-12-10T10:12:53.997047Z[0m [34mDEBUG[0m [2methereum_transaction_pool_monitor::eth_client[0m[2m:[0m 📡 Transaction fetch RPC completed in 10.669417ms
[2m2025-12-10T10:12:53.997064Z[0m [34mDEBUG[0m [2methereum_transaction_pool_monitor::eth_client[0m[2m:[0m DeFi transaction detected - Address: 0xdac17f958d2ee523a2206206994597c13d831ec7, Type: Stablecoin, Value: 0 ETH, Gas: 2.34 Gwei
[2m2025-12-10T10:12:53.997080Z[0m [34mDEBUG[0m [2methereum_transaction_pool_monitor::eth_client[0m[2m:[0m ✅ Transaction 0x70f69a7f2771eca9073795085c073dbabad7c979dfeb8c3dde93a52d38bae8d5 fetched and parsed in 10.702958ms
[2m2025-12-10T10:12:53.997087Z[0m [34mDEBUG[0m [2methereum_transaction_pool_monitor::mempool_monitor[0m[2m:[0m 🔍 Skipping tx 0x70f69a7f2771eca9073795085c073dbabad7c979dfeb8c3dde93a52d38bae8d5 - not a DEX interaction (target: 0xdAC17F958D2ee523a2206206994597C13D831ec7)
[2m2025-12-10T10:12:53.997095Z[0m [34mDEBUG[0m [2methereum_transaction_pool_monitor::mempool_monitor[0m[2m:[0m 📨 Processing new pending transaction: 0xe7a80193aeb7b6ca215819df6beea216a2e31abf8a8cb54f85d6714ca8216dc2
[2m2025-12-10T10:12:53.997098Z[0m [34mDEBUG[0m [2methereum_transaction_pool_monitor::mempool_monitor[0m[2m:[0m 🔍 Fetching transaction details for: 0xe7a80193aeb7b6ca215819df6beea216a2e31abf8a8cb54f85d6714ca8216dc2
[2m2025-12-10T10:12:53.997102Z[0m [34mDEBUG[0m [2methereum_transaction_pool_monitor::eth_client[0m[2m:[0m 🔍 Fetching transaction details for hash: 0xe7a80193aeb7b6ca215819df6beea216a2e31abf8a8cb54f85d6714ca8216dc2
[2m2025-12-10T10:12:53.997117Z[0m [34mDEBUG[0m [2mhyper::client::pool[0m[2m:[0m reuse idle connection for ("http", 192.168.0.14:8545)
[2m2025-12-10T10:12:53.997133Z[0m [34mDEBUG[0m [2mhyper::proto::h1::io[0m[2m:[0m flushed 250 bytes
[2m2025-12-10T10:12:53.998401Z[0m [34mDEBUG[0m [2mhyper::client::pool[0m[2m:[0m reuse idle connection for ("http", 192.168.0.14:8545)
[2m2025-12-10T10:12:53.998423Z[0m [34mDEBUG[0m [2mhyper::proto::h1::io[0m[2m:[0m flushed 172 bytes
[2m2025-12-10T10:12:54.005846Z[0m [34mDEBUG[0m [2methereum_transaction_pool_monitor::eth_client[0m[2m:[0m 📨 Received WebSocket message: {"jsonrpc":"2.0","method":"eth_subscription","params":{"subscription":"0xbed0a0851463e895960a451075a301a9","result":"0x89018b304c0985edc7309e46247d4846e5a5075b9bfda1f313b61ef9635c51b0"}}
[2m2025-12-10T10:12:54.005860Z[0m [34mDEBUG[0m [2methereum_transaction_pool_monitor::eth_client[0m[2m:[0m 📨 Received pending transaction: 0x89018b304c0985edc7309e46247d4846e5a5075b9bfda1f313b61ef9635c51b0
[2m2025-12-10T10:12:54.005866Z[0m [34mDEBUG[0m [2methereum_transaction_pool_monitor::eth_client[0m[2m:[0m 📨 Received WebSocket message: {"jsonrpc":"2.0","method":"eth_subscription","params":{"subscription":"0xbed0a0851463e895960a451075a301a9","result":"0xd141ddfff5d6100a811f2270d5bfafedf97cad78282beaeed0682b914784b747"}}
[2m2025-12-10T10:12:54.005871Z[0m [34mDEBUG[0m [2methereum_transaction_pool_monitor::eth_client[0m[2m:[0m 📨 Received pending transaction: 0xd141ddfff5d6100a811f2270d5bfafedf97cad78282beaeed0682b914784b747
[2m2025-12-10T10:12:54.005883Z[0m [34mDEBUG[0m [2mhyper::proto::h1::io[0m[2m:[0m parsed 4 headers
[2m2025-12-10T10:12:54.005886Z[0m [34mDEBUG[0m [2mhyper::proto::h1::conn[0m[2m:[0m incoming body is content-length (45 bytes)
[2m2025-12-10T10:12:54.005892Z[0m [34mDEBUG[0m [2mhyper::proto::h1::conn[0m[2m:[0m incoming body completed
[2m2025-12-10T10:12:54.005903Z[0m [34mDEBUG[0m [2mhyper::client::pool[0m[2m:[0m pooling idle connection for ("http", 192.168.0.14:8545)
[2m2025-12-10T10:12:54.005920Z[0m [34mDEBUG[0m [2mhyper::proto::h1::io[0m[2m:[0m parsed 4 headers
[2m2025-12-10T10:12:54.005924Z[0m [34mDEBUG[0m [2mhyper::proto::h1::conn[0m[2m:[0m incoming body is content-length (654 bytes)
[2m2025-12-10T10:12:54.005928Z[0m [34mDEBUG[0m [2mhyper::proto::h1::conn[0m[2m:[0m incoming body completed
[2m2025-12-10T10:12:54.006157Z[0m [34mDEBUG[0m [2mhyper::client::pool[0m[2m:[0m pooling idle connection for ("http", 192.168.0.14:8545)
[2m2025-12-10T10:12:54.006163Z[0m [34mDEBUG[0m [2methereum_transaction_pool_monitor::eth_client[0m[2m:[0m 📡 Transaction fetch RPC completed in 9.057667ms
[2m2025-12-10T10:12:54.078599Z[0m [34mDEBUG[0m [2methereum_transaction_pool_monitor::eth_client[0m[2m:[0m ✅ Transaction 0xe7a80193aeb7b6ca215819df6beea216a2e31abf8a8cb54f85d6714ca8216dc2 fetched and parsed in 81.491084ms
[2m2025-12-10T10:12:54.078625Z[0m [34mDEBUG[0m [2methereum_transaction_pool_monitor::mempool_monitor[0m[2m:[0m 🔍 Skipping tx 0xe7a80193aeb7b6ca215819df6beea216a2e31abf8a8cb54f85d6714ca8216dc2 - not a DEX interaction (target: 0x93153ABF1330f0f5Bc68797e261a6BC967640F97)
[2m2025-12-10T10:12:54.078637Z[0m [34mDEBUG[0m [2methereum_transaction_pool_monitor::mempool_monitor[0m[2m:[0m 📨 Processing new pending transaction: 0xa3b58a7b3b11a5298a8c99000523fdc9830000b7d4d27604257a444d7cd96360
[2m2025-12-10T10:12:54.078642Z[0m [34mDEBUG[0m [2methereum_transaction_pool_monitor::mempool_monitor[0m[2m:[0m 🔍 Fetching transaction details for: 0xa3b58a7b3b11a5298a8c99000523fdc9830000b7d4d27604257a444d7cd96360
[2m2025-12-10T10:12:54.078646Z[0m [34mDEBUG[0m [2methereum_transaction_pool_monitor::eth_client[0m[2m:[0m 🔍 Fetching transaction details for hash: 0xa3b58a7b3b11a5298a8c99000523fdc9830000b7d4d27604257a444d7cd96360
[2m2025-12-10T10:12:54.078665Z[0m [34mDEBUG[0m [2mhyper::client::pool[0m[2m:[0m reuse idle connection for ("http", 192.168.0.14:8545)
[2m2025-12-10T10:12:54.078703Z[0m [34mDEBUG[0m [2mhyper::proto::h1::io[0m[2m:[0m flushed 250 bytes
[2m2025-12-10T10:12:54.078724Z[0m [34mDEBUG[0m [2methereum_transaction_pool_monitor::eth_client[0m[2m:[0m 📨 Received WebSocket message: {"jsonrpc":"2.0","method":"eth_subscription","params":{"subscription":"0xbed0a0851463e895960a451075a301a9","result":"0xd2ebb94d29fb6a0742aa06b1aeba1559407cf9c20feeac984f1e5aa3def2fed7"}}
[2m2025-12-10T10:12:54.078731Z[0m [34mDEBUG[0m [2methereum_transaction_pool_monitor::eth_client[0m[2m:[0m 📨 Received pending transaction: 0xd2ebb94d29fb6a0742aa06b1aeba1559407cf9c20feeac984f1e5aa3def2fed7
[2m2025-12-10T10:12:54.078738Z[0m [34mDEBUG[0m [2methereum_transaction_pool_monitor::eth_client[0m[2m:[0m 📨 Received WebSocket message: {"jsonrpc":"2.0","method":"eth_subscription","params":{"subscription":"0xbed0a0851463e895960a451075a301a9","result":"0x534f69879b742328ec43a5f9c32f711c65a766a04df02881476821fff0004487"}}
[2m2025-12-10T10:12:54.078745Z[0m [34mDEBUG[0m [2methereum_transaction_pool_monitor::eth_client[0m[2m:[0m 📨 Received pending transaction: 0x534f69879b742328ec43a5f9c32f711c65a766a04df02881476821fff0004487
[2m2025-12-10T10:12:54.078749Z[0m [34mDEBUG[0m [2methereum_transaction_pool_monitor::eth_client[0m[2m:[0m 📨 Received WebSocket message: {"jsonrpc":"2.0","method":"eth_subscription","params":{"subscription":"0xbed0a0851463e895960a451075a301a9","result":"0x87c44dd497f4f41c9b1532c8978fe0d6de1f0aec918cdf7aaf378bf75fdc21a1"}}
[2m2025-12-10T10:12:54.078754Z[0m [34mDEBUG[0m [2methereum_transaction_pool_monitor::eth_client[0m[2m:[0m 📨 Received pending transaction: 0x87c44dd497f4f41c9b1532c8978fe0d6de1f0aec918cdf7aaf378bf75fdc21a1
[2m2025-12-10T10:12:54.078759Z[0m [34mDEBUG[0m [2methereum_transaction_pool_monitor::eth_client[0m[2m:[0m 📨 Received WebSocket message: {"jsonrpc":"2.0","method":"eth_subscription","params":{"subscription":"0xbed0a0851463e895960a451075a301a9","result":"0xd13c2145694b42da30b8927238111ff332100846d4f1a5e557d778a1b2b70d5a"}}
[2m2025-12-10T10:12:54.078764Z[0m [34mDEBUG[0m [2methereum_transaction_pool_monitor::eth_client[0m[2m:[0m 📨 Received pending transaction: 0xd13c2145694b42da30b8927238111ff332100846d4f1a5e557d778a1b2b70d5a
[2m2025-12-10T10:12:54.083433Z[0m [34mDEBUG[0m [2mhyper::proto::h1::io[0m[2m:[0m parsed 4 headers
[2m2025-12-10T10:12:54.083453Z[0m [34mDEBUG[0m [2mhyper::proto::h1::conn[0m[2m:[0m incoming body is content-length (680 bytes)
[2m2025-12-10T10:12:54.083475Z[0m [34mDEBUG[0m [2mhyper::proto::h1::conn[0m[2m:[0m incoming body completed
[2m2025-12-10T10:12:54.083495Z[0m [34mDEBUG[0m [2mhyper::client::pool[0m[2m:[0m pooling idle connection for ("http", 192.168.0.14:8545)
[2m2025-12-10T10:12:54.083512Z[0m [34mDEBUG[0m [2methereum_transaction_pool_monitor::eth_client[0m[2m:[0m 📡 Transaction fetch RPC completed in 4.862291ms
[2m2025-12-10T10:12:54.083526Z[0m [34mDEBUG[0m [2methereum_transaction_pool_monitor::eth_client[0m[2m:[0m DeFi transaction detected - Address: 0xdac17f958d2ee523a2206206994597c13d831ec7, Type: Stablecoin, Value: 0 ETH, Gas: 1.00 Gwei
[2m2025-12-10T10:12:54.083539Z[0m [34mDEBUG[0m [2methereum_transaction_pool_monitor::eth_client[0m[2m:[0m ✅ Transaction 0xa3b58a7b3b11a5298a8c99000523fdc9830000b7d4d27604257a444d7cd96360 fetched and parsed in 4.888916ms
[2m2025-12-10T10:12:54.083544Z[0m [34mDEBUG[0m [2methereum_transaction_pool_monitor::mempool_monitor[0m[2m:[0m 🔍 Skipping tx 0xa3b58a7b3b11a5298a8c99000523fdc9830000b7d4d27604257a444d7cd96360 - not a DEX interaction (target: 0xdAC17F958D2ee523a2206206994597C13D831ec7)
[2m2025-12-10T10:12:54.083549Z[0m [34mDEBUG[0m [2methereum_transaction_pool_monitor::mempool_monitor[0m[2m:[0m 📨 Processing new pending transaction: 0x060d8f7f657561919e17875008ca6272fd4c7ca352bd1b57a4ccadb2e0bcb815
[2m2025-12-10T10:12:54.083553Z[0m [34mDEBUG[0m [2methereum_transaction_pool_monitor::mempool_monitor[0m[2m:[0m 🔍 Fetching transaction details for: 0x060d8f7f657561919e17875008ca6272fd4c7ca352bd1b57a4ccadb2e0bcb815
[2m2025-12-10T10:12:54.083556Z[0m [34mDEBUG[0m [2methereum_transaction_pool_monitor::eth_client[0m[2m:[0m 🔍 Fetching transaction details for hash: 0x060d8f7f657561919e17875008ca6272fd4c7ca352bd1b57a4ccadb2e0bcb815
[2m2025-12-10T10:12:54.083566Z[0m [34mDEBUG[0m [2mhyper::client::pool[0m[2m:[0m reuse idle connection for ("http", 192.168.0.14:8545)
[2m2025-12-10T10:12:54.083585Z[0m [34mDEBUG[0m [2mhyper::proto::h1::io[0m[2m:[0m flushed 250 bytes
[2m2025-12-10T10:12:54.089543Z[0m [34mDEBUG[0m [2methereum_transaction_pool_monitor::eth_client[0m[2m:[0m 📨 Received WebSocket message: {"jsonrpc":"2.0","method":"eth_subscription","params":{"subscription":"0xbed0a0851463e895960a451075a301a9","result":"0xd1e2073b56786ec33c85471105b3eb9d1b04b98133dcc208d380303526753f15"}}
[2m2025-12-10T10:12:54.089556Z[0m [34mDEBUG[0m [2methereum_transaction_pool_monitor::eth_client[0m[2m:[0m 📨 Received pending transaction: 0xd1e2073b56786ec33c85471105b3eb9d1b04b98133dcc208d380303526753f15
[2m2025-12-10T10:12:54.089568Z[0m [34mDEBUG[0m [2mhyper::proto::h1::io[0m[2m:[0m parsed 4 headers
[2m2025-12-10T10:12:54.089572Z[0m [34mDEBUG[0m [2mhyper::proto::h1::conn[0m[2m:[0m incoming body is content-length (772 bytes)
[2m2025-12-10T10:12:54.089577Z[0m [34mDEBUG[0m [2mhyper::proto::h1::conn[0m[2m:[0m incoming body completed
[2m2025-12-10T10:12:54.089584Z[0m [34mDEBUG[0m [2mhyper::client::pool[0m[2m:[0m pooling idle connection for ("http", 192.168.0.14:8545)
[2m2025-12-10T10:12:54.089589Z[0m [34mDEBUG[0m [2methereum_transaction_pool_monitor::eth_client[0m[2m:[0m 📡 Transaction fetch RPC completed in 6.030459ms
[2m2025-12-10T10:12:54.161166Z[0m [34mDEBUG[0m [2methereum_transaction_pool_monitor::eth_client[0m[2m:[0m ✅ Transaction 0x060d8f7f657561919e17875008ca6272fd4c7ca352bd1b57a4ccadb2e0bcb815 fetched and parsed in 77.604209ms
[2m2025-12-10T10:12:54.161191Z[0m [34mDEBUG[0m [2methereum_transaction_pool_monitor::mempool_monitor[0m[2m:[0m 🔍 Skipping tx 0x060d8f7f657561919e17875008ca6272fd4c7ca352bd1b57a4ccadb2e0bcb815 - not a DEX interaction (target: 0xd1d2Eb1B1e90B638588728b4130137D262C87cae)
[2m2025-12-10T10:12:54.161200Z[0m [34mDEBUG[0m [2methereum_transaction_pool_monitor::mempool_monitor[0m[2m:[0m 📨 Processing new pending transaction: 0xe76f45613ad41f823100fd1d3757eb81b7a7b7de24b7fd31b6a5491cfceb5c50
[2m2025-12-10T10:12:54.161206Z[0m [34mDEBUG[0m [2methereum_transaction_pool_monitor::mempool_monitor[0m[2m:[0m 🔍 Fetching transaction details for: 0xe76f45613ad41f823100fd1d3757eb81b7a7b7de24b7fd31b6a5491cfceb5c50
[2m2025-12-10T10:12:54.161211Z[0m [34mDEBUG[0m [2methereum_transaction_pool_monitor::eth_client[0m[2m:[0m 🔍 Fetching transaction details for hash: 0xe76f45613ad41f823100fd1d3757eb81b7a7b7de24b7fd31b6a5491cfceb5c50
[2m2025-12-10T10:12:54.161228Z[0m [34mDEBUG[0m [2mhyper::client::pool[0m[2m:[0m reuse idle connection for ("http", 192.168.0.14:8545)
[2m2025-12-10T10:12:54.161271Z[0m [34mDEBUG[0m [2mhyper::proto::h1::io[0m[2m:[0m flushed 250 bytes
[2m2025-12-10T10:12:54.161296Z[0m [34mDEBUG[0m [2mhyper::client::pool[0m[2m:[0m reuse idle connection for ("http", 192.168.0.14:8545)
[2m2025-12-10T10:12:54.161308Z[0m [34mDEBUG[0m [2mhyper::proto::h1::io[0m[2m:[0m flushed 172 bytes
[2m2025-12-10T10:12:54.167852Z[0m [34mDEBUG[0m [2mhyper::proto::h1::io[0m[2m:[0m parsed 4 headers
[2m2025-12-10T10:12:54.168329Z[0m [34mDEBUG[0m [2mhyper::proto::h1::conn[0m[2m:[0m incoming body is content-length (645 bytes)
[2m2025-12-10T10:12:54.168344Z[0m [34mDEBUG[0m [2mhyper::proto::h1::conn[0m[2m:[0m incoming body completed
[2m2025-12-10T10:12:54.168358Z[0m [34mDEBUG[0m [2mhyper::client::pool[0m[2m:[0m pooling idle connection for ("http", 192.168.0.14:8545)
[2m2025-12-10T10:12:54.168368Z[0m [34mDEBUG[0m [2methereum_transaction_pool_monitor::eth_client[0m[2m:[0m 📡 Transaction fetch RPC completed in 7.153208ms
[2m2025-12-10T10:12:54.240062Z[0m [34mDEBUG[0m [2methereum_transaction_pool_monitor::eth_client[0m[2m:[0m ✅ Transaction 0xe76f45613ad41f823100fd1d3757eb81b7a7b7de24b7fd31b6a5491cfceb5c50 fetched and parsed in 78.844791ms
[2m2025-12-10T10:12:54.240090Z[0m [34mDEBUG[0m [2methereum_transaction_pool_monitor::mempool_monitor[0m[2m:[0m 🔍 Skipping tx 0xe76f45613ad41f823100fd1d3757eb81b7a7b7de24b7fd31b6a5491cfceb5c50 - not a DEX interaction (target: 0x1bAc08001D761C303901d5E32273a24c07D3f3Da)
[2m2025-12-10T10:12:54.240101Z[0m [34mDEBUG[0m [2methereum_transaction_pool_monitor::mempool_monitor[0m[2m:[0m 📨 Processing new pending transaction: 0x443d0b2dae2505d42f91866ea342928a1763e8d0b73e1ac4dbb8fe00c43c8493
[2m2025-12-10T10:12:54.240111Z[0m [34mDEBUG[0m [2methereum_transaction_pool_monitor::mempool_monitor[0m[2m:[0m 🔍 Fetching transaction details for: 0x443d0b2dae2505d42f91866ea342928a1763e8d0b73e1ac4dbb8fe00c43c8493
[2m2025-12-10T10:12:54.240116Z[0m [34mDEBUG[0m [2methereum_transaction_pool_monitor::eth_client[0m[2m:[0m 🔍 Fetching transaction details for hash: 0x443d0b2dae2505d42f91866ea342928a1763e8d0b73e1ac4dbb8fe00c43c8493
[2m2025-12-10T10:12:54.240137Z[0m [34mDEBUG[0m [2mhyper::client::pool[0m[2m:[0m reuse idle connection for ("http", 192.168.0.14:8545)
[2m2025-12-10T10:12:54.240166Z[0m [34mDEBUG[0m [2mhyper::proto::h1::io[0m[2m:[0m flushed 250 bytes
[2m2025-12-10T10:12:54.240184Z[0m [34mDEBUG[0m [2mhyper::proto::h1::io[0m[2m:[0m parsed 4 headers
[2m2025-12-10T10:12:54.240188Z[0m [34mDEBUG[0m [2mhyper::proto::h1::conn[0m[2m:[0m incoming body is content-length (45 bytes)
[2m2025-12-10T10:12:54.240196Z[0m [34mDEBUG[0m [2mhyper::proto::h1::conn[0m[2m:[0m incoming body completed
[2m2025-12-10T10:12:54.240205Z[0m [34mDEBUG[0m [2mhyper::client::pool[0m[2m:[0m pooling idle connection for ("http", 192.168.0.14:8545)
[2m2025-12-10T10:12:54.240220Z[0m [34mDEBUG[0m [2mhyper::client::pool[0m[2m:[0m reuse idle connection for ("http", 192.168.0.14:8545)
[2m2025-12-10T10:12:54.240233Z[0m [34mDEBUG[0m [2mhyper::proto::h1::io[0m[2m:[0m flushed 172 bytes
[2m2025-12-10T10:12:54.245713Z[0m [34mDEBUG[0m [2mhyper::proto::h1::io[0m[2m:[0m parsed 4 headers
[2m2025-12-10T10:12:54.245726Z[0m [34mDEBUG[0m [2mhyper::proto::h1::conn[0m[2m:[0m incoming body is content-length (45 bytes)
[2m2025-12-10T10:12:54.245734Z[0m [34mDEBUG[0m [2mhyper::proto::h1::conn[0m[2m:[0m incoming body completed
[2m2025-12-10T10:12:54.245743Z[0m [34mDEBUG[0m [2mhyper::client::pool[0m[2m:[0m pooling idle connection for ("http", 192.168.0.14:8545)
[2m2025-12-10T10:12:54.245761Z[0m [34mDEBUG[0m [2mhyper::proto::h1::io[0m[2m:[0m parsed 4 headers
[2m2025-12-10T10:12:54.245766Z[0m [34mDEBUG[0m [2mhyper::proto::h1::conn[0m[2m:[0m incoming body is content-length (1730 bytes)
[2m2025-12-10T10:12:54.245770Z[0m [34mDEBUG[0m [2mhyper::proto::h1::conn[0m[2m:[0m incoming body completed
[2m2025-12-10T10:12:54.245775Z[0m [34mDEBUG[0m [2mhyper::client::pool[0m[2m:[0m pooling idle connection for ("http", 192.168.0.14:8545)
[2m2025-12-10T10:12:54.245779Z[0m [34mDEBUG[0m [2methereum_transaction_pool_monitor::eth_client[0m[2m:[0m 📡 Transaction fetch RPC completed in 5.656416ms
[2m2025-12-10T10:12:54.317654Z[0m [34mDEBUG[0m [2methereum_transaction_pool_monitor::eth_client[0m[2m:[0m ✅ Transaction 0x443d0b2dae2505d42f91866ea342928a1763e8d0b73e1ac4dbb8fe00c43c8493 fetched and parsed in 77.527958ms
[2m2025-12-10T10:12:54.317682Z[0m [34mDEBUG[0m [2methereum_transaction_pool_monitor::mempool_monitor[0m[2m:[0m 🔍 Skipping tx 0x443d0b2dae2505d42f91866ea342928a1763e8d0b73e1ac4dbb8fe00c43c8493 - not a DEX interaction (target: 0x601a2aD6CB5949f0529735254189Ba3194221EDF)
[2m2025-12-10T10:12:54.317692Z[0m [34mDEBUG[0m [2methereum_transaction_pool_monitor::mempool_monitor[0m[2m:[0m 📨 Processing new pending transaction: 0x6602ace0fbc18e95271598fc4c49d2489b182450c41d0c493db60e43ff47ade8
[2m2025-12-10T10:12:54.317698Z[0m [34mDEBUG[0m [2methereum_transaction_pool_monitor::mempool_monitor[0m[2m:[0m 🔍 Fetching transaction details for: 0x6602ace0fbc18e95271598fc4c49d2489b182450c41d0c493db60e43ff47ade8
[2m2025-12-10T10:12:54.317702Z[0m [34mDEBUG[0m [2methereum_transaction_pool_monitor::eth_client[0m[2m:[0m 🔍 Fetching transaction details for hash: 0x6602ace0fbc18e95271598fc4c49d2489b182450c41d0c493db60e43ff47ade8
[2m2025-12-10T10:12:54.317721Z[0m [34mDEBUG[0m [2mhyper::client::pool[0m[2m:[0m reuse idle connection for ("http", 192.168.0.14:8545)
[2m2025-12-10T10:12:54.317765Z[0m [34mDEBUG[0m [2mhyper::proto::h1::io[0m[2m:[0m flushed 250 bytes
[2m2025-12-10T10:12:54.317792Z[0m [34mDEBUG[0m [2mhyper::client::pool[0m[2m:[0m reuse idle connection for ("http", 192.168.0.14:8545)
[2m2025-12-10T10:12:54.317807Z[0m [34mDEBUG[0m [2mhyper::proto::h1::io[0m[2m:[0m flushed 172 bytes
[2m2025-12-10T10:12:54.324972Z[0m [34mDEBUG[0m [2mhyper::proto::h1::io[0m[2m:[0m parsed 4 headers
[2m2025-12-10T10:12:54.324978Z[0m [34mDEBUG[0m [2mhyper::proto::h1::conn[0m[2m:[0m incoming body is content-length (45 bytes)
[2m2025-12-10T10:12:54.324984Z[0m [34mDEBUG[0m [2mhyper::proto::h1::conn[0m[2m:[0m incoming body completed
[2m2025-12-10T10:12:54.324991Z[0m [34mDEBUG[0m [2mhyper::client::pool[0m[2m:[0m pooling idle connection for ("http", 192.168.0.14:8545)
[2m2025-12-10T10:12:54.325291Z[0m [34mDEBUG[0m [2mhyper::proto::h1::io[0m[2m:[0m parsed 4 headers
[2m2025-12-10T10:12:54.325296Z[0m [34mDEBUG[0m [2mhyper::proto::h1::conn[0m[2m:[0m incoming body is content-length (763 bytes)
[2m2025-12-10T10:12:54.325300Z[0m [34mDEBUG[0m [2mhyper::proto::h1::conn[0m[2m:[0m incoming body completed
[2m2025-12-10T10:12:54.325305Z[0m [34mDEBUG[0m [2mhyper::client::pool[0m[2m:[0m pooling idle connection for ("http", 192.168.0.14:8545)
[2m2025-12-10T10:12:54.325311Z[0m [34mDEBUG[0m [2methereum_transaction_pool_monitor::eth_client[0m[2m:[0m 📡 Transaction fetch RPC completed in 7.605166ms
[2m2025-12-10T10:12:54.397029Z[0m [34mDEBUG[0m [2methereum_transaction_pool_monitor::eth_client[0m[2m:[0m ✅ Transaction 0x6602ace0fbc18e95271598fc4c49d2489b182450c41d0c493db60e43ff47ade8 fetched and parsed in 79.320166ms
[2m2025-12-10T10:12:54.397288Z[0m [34mDEBUG[0m [2methereum_transaction_pool_monitor::mempool_monitor[0m[2m:[0m 🔍 Skipping tx 0x6602ace0fbc18e95271598fc4c49d2489b182450c41d0c493db60e43ff47ade8 - not a DEX interaction (target: 0xd50370bEE8bFf23Bbb30ca558a1d0207DBc96ef2)
[2m2025-12-10T10:12:54.397302Z[0m [34mDEBUG[0m [2methereum_transaction_pool_monitor::mempool_monitor[0m[2m:[0m 📨 Processing new pending transaction: 0xd7bf38ed092a855a8804574c0a7b7f0e944f5ed05be915f1704f44505d9f4ee5
[2m2025-12-10T10:12:54.397308Z[0m [34mDEBUG[0m [2methereum_transaction_pool_monitor::mempool_monitor[0m[2m:[0m 🔍 Fetching transaction details for: 0xd7bf38ed092a855a8804574c0a7b7f0e944f5ed05be915f1704f44505d9f4ee5
[2m2025-12-10T10:12:54.397312Z[0m [34mDEBUG[0m [2methereum_transaction_pool_monitor::eth_client[0m[2m:[0m 🔍 Fetching transaction details for hash: 0xd7bf38ed092a855a8804574c0a7b7f0e944f5ed05be915f1704f44505d9f4ee5
[2m2025-12-10T10:12:54.397330Z[0m [34mDEBUG[0m [2mhyper::client::pool[0m[2m:[0m reuse idle connection for ("http", 192.168.0.14:8545)
[2m2025-12-10T10:12:54.397368Z[0m [34mDEBUG[0m [2mhyper::proto::h1::io[0m[2m:[0m flushed 250 bytes
[2m2025-12-10T10:12:54.398660Z[0m [34mDEBUG[0m [2mhyper::client::pool[0m[2m:[0m reuse idle connection for ("http", 192.168.0.14:8545)
[2m2025-12-10T10:12:54.398689Z[0m [34mDEBUG[0m [2mhyper::proto::h1::io[0m[2m:[0m flushed 172 bytes
[2m2025-12-10T10:12:54.410640Z[0m [34mDEBUG[0m [2methereum_transaction_pool_monitor::eth_client[0m[2m:[0m 📨 Received WebSocket message: {"jsonrpc":"2.0","method":"eth_subscription","params":{"subscription":"0xbed0a0851463e895960a451075a301a9","result":"0x94a6319640cfe9deabea3e35fa8ac61d72dfbbe468f953424a81f781320077bb"}}
[2m2025-12-10T10:12:54.410659Z[0m [34mDEBUG[0m [2methereum_transaction_pool_monitor::eth_client[0m[2m:[0m 📨 Received pending transaction: 0x94a6319640cfe9deabea3e35fa8ac61d72dfbbe468f953424a81f781320077bb
[2m2025-12-10T10:12:54.410684Z[0m [34mDEBUG[0m [2mhyper::proto::h1::io[0m[2m:[0m parsed 4 headers
[2m2025-12-10T10:12:54.410690Z[0m [34mDEBUG[0m [2mhyper::proto::h1::conn[0m[2m:[0m incoming body is content-length (33790 bytes)
[2m2025-12-10T10:12:54.410706Z[0m [34mDEBUG[0m [2methereum_transaction_pool_monitor::eth_client[0m[2m:[0m 📡 Transaction fetch RPC completed in 13.390625ms
[2m2025-12-10T10:12:54.412597Z[0m [34mDEBUG[0m [2mhyper::proto::h1::io[0m[2m:[0m parsed 4 headers
[2m2025-12-10T10:12:54.412605Z[0m [34mDEBUG[0m [2mhyper::proto::h1::conn[0m[2m:[0m incoming body is content-length (45 bytes)
[2m2025-12-10T10:12:54.412610Z[0m [34mDEBUG[0m [2mhyper::proto::h1::conn[0m[2m:[0m incoming body completed
[2m2025-12-10T10:12:54.412618Z[0m [34mDEBUG[0m [2mhyper::client::pool[0m[2m:[0m pooling idle connection for ("http", 192.168.0.14:8545)
[2m2025-12-10T10:12:54.417542Z[0m [34mDEBUG[0m [2mhyper::proto::h1::conn[0m[2m:[0m incoming body completed
[2m2025-12-10T10:12:54.417558Z[0m [34mDEBUG[0m [2mhyper::client::pool[0m[2m:[0m pooling idle connection for ("http", 192.168.0.14:8545)
[2m2025-12-10T10:12:54.455796Z[0m [34mDEBUG[0m [2methereum_transaction_pool_monitor::eth_client[0m[2m:[0m 📨 Received WebSocket message: {"jsonrpc":"2.0","method":"eth_subscription","params":{"subscription":"0xbed0a0851463e895960a451075a301a9","result":"0x589440e9a4f5cf8c75f5c1cd4b26c32d95817fb25d72fcafc7b47525991e95ae"}}
[2m2025-12-10T10:12:54.455822Z[0m [34mDEBUG[0m [2methereum_transaction_pool_monitor::eth_client[0m[2m:[0m 📨 Received pending transaction: 0x589440e9a4f5cf8c75f5c1cd4b26c32d95817fb25d72fcafc7b47525991e95ae
[2m2025-12-10T10:12:54.490001Z[0m [34mDEBUG[0m [2methereum_transaction_pool_monitor::eth_client[0m[2m:[0m ✅ Transaction 0xd7bf38ed092a855a8804574c0a7b7f0e944f5ed05be915f1704f44505d9f4ee5 fetched and parsed in 92.682167ms
[2m2025-12-10T10:12:54.490023Z[0m [34mDEBUG[0m [2methereum_transaction_pool_monitor::mempool_monitor[0m[2m:[0m 🔍 Skipping tx 0xd7bf38ed092a855a8804574c0a7b7f0e944f5ed05be915f1704f44505d9f4ee5 - not a DEX interaction (target: 0x603bb2c05D474794ea97805e8De69bCcFb3bCA12)
[2m2025-12-10T10:12:54.490033Z[0m [34mDEBUG[0m [2methereum_transaction_pool_monitor::mempool_monitor[0m[2m:[0m 📨 Processing new pending transaction: 0x9e2e835ed1979a2b2c82e5f3a5620206530a739b29f8afb10bf60c23481f1c73
[2m2025-12-10T10:12:54.490039Z[0m [34mDEBUG[0m [2methereum_transaction_pool_monitor::mempool_monitor[0m[2m:[0m 🔍 Fetching transaction details for: 0x9e2e835ed1979a2b2c82e5f3a5620206530a739b29f8afb10bf60c23481f1c73
[2m2025-12-10T10:12:54.490043Z[0m [34mDEBUG[0m [2methereum_transaction_pool_monitor::eth_client[0m[2m:[0m 🔍 Fetching transaction details for hash: 0x9e2e835ed1979a2b2c82e5f3a5620206530a739b29f8afb10bf60c23481f1c73
[2m2025-12-10T10:12:54.490063Z[0m [34mDEBUG[0m [2mhyper::client::pool[0m[2m:[0m reuse idle connection for ("http", 192.168.0.14:8545)
[2m2025-12-10T10:12:54.490090Z[0m [34mDEBUG[0m [2mhyper::proto::h1::io[0m[2m:[0m flushed 250 bytes
[2m2025-12-10T10:12:54.498463Z[0m [34mDEBUG[0m [2mhyper::client::pool[0m[2m:[0m reuse idle connection for ("http", 192.168.0.14:8545)
[2m2025-12-10T10:12:54.498501Z[0m [34mDEBUG[0m [2mhyper::proto::h1::io[0m[2m:[0m flushed 172 bytes
[2m2025-12-10T10:12:54.498514Z[0m [34mDEBUG[0m [2mhyper::proto::h1::io[0m[2m:[0m parsed 4 headers
[2m2025-12-10T10:12:54.498518Z[0m [34mDEBUG[0m [2mhyper::proto::h1::conn[0m[2m:[0m incoming body is content-length (772 bytes)
[2m2025-12-10T10:12:54.498525Z[0m [34mDEBUG[0m [2mhyper::proto::h1::conn[0m[2m:[0m incoming body completed
[2m2025-12-10T10:12:54.498534Z[0m [34mDEBUG[0m [2mhyper::client::pool[0m[2m:[0m pooling idle connection for ("http", 192.168.0.14:8545)
[2m2025-12-10T10:12:54.498540Z[0m [34mDEBUG[0m [2methereum_transaction_pool_monitor::eth_client[0m[2m:[0m 📡 Transaction fetch RPC completed in 8.491291ms
[2m2025-12-10T10:12:54.570144Z[0m [34mDEBUG[0m [2methereum_transaction_pool_monitor::eth_client[0m[2m:[0m ✅ Transaction 0x9e2e835ed1979a2b2c82e5f3a5620206530a739b29f8afb10bf60c23481f1c73 fetched and parsed in 80.093041ms
[2m2025-12-10T10:12:54.570168Z[0m [34mDEBUG[0m [2methereum_transaction_pool_monitor::mempool_monitor[0m[2m:[0m 🔍 Skipping tx 0x9e2e835ed1979a2b2c82e5f3a5620206530a739b29f8afb10bf60c23481f1c73 - not a DEX interaction (target: 0x6e6F6d696e61decd6605bD4a57836c5DB6923340)
[2m2025-12-10T10:12:54.570180Z[0m [34mDEBUG[0m [2methereum_transaction_pool_monitor::mempool_monitor[0m[2m:[0m 📨 Processing new pending transaction: 0x068dad806c4f75a72335fdd1e19f27e239ec7301925547581348fa70e2e8bc6f
[2m2025-12-10T10:12:54.570187Z[0m [34mDEBUG[0m [2methereum_transaction_pool_monitor::mempool_monitor[0m[2m:[0m 🔍 Fetching transaction details for: 0x068dad806c4f75a72335fdd1e19f27e239ec7301925547581348fa70e2e8bc6f
[2m2025-12-10T10:12:54.570191Z[0m [34mDEBUG[0m [2methereum_transaction_pool_monitor::eth_client[0m[2m:[0m 🔍 Fetching transaction details for hash: 0x068dad806c4f75a72335fdd1e19f27e239ec7301925547581348fa70e2e8bc6f
[2m2025-12-10T10:12:54.570208Z[0m [34mDEBUG[0m [2mhyper::client::pool[0m[2m:[0m reuse idle connection for ("http", 192.168.0.14:8545)
[2m2025-12-10T10:12:54.570249Z[0m [34mDEBUG[0m [2mhyper::proto::h1::io[0m[2m:[0m flushed 250 bytes
[2m2025-12-10T10:12:54.570266Z[0m [34mDEBUG[0m [2mhyper::proto::h1::io[0m[2m:[0m parsed 4 headers
[2m2025-12-10T10:12:54.570270Z[0m [34mDEBUG[0m [2mhyper::proto::h1::conn[0m[2m:[0m incoming body is content-length (45 bytes)
[2m2025-12-10T10:12:54.570277Z[0m [34mDEBUG[0m [2mhyper::proto::h1::conn[0m[2m:[0m incoming body completed
[2m2025-12-10T10:12:54.570285Z[0m [34mDEBUG[0m [2mhyper::client::pool[0m[2m:[0m pooling idle connection for ("http", 192.168.0.14:8545)
[2m2025-12-10T10:12:54.579779Z[0m [34mDEBUG[0m [2mhyper::proto::h1::io[0m[2m:[0m parsed 4 headers
[2m2025-12-10T10:12:54.579812Z[0m [34mDEBUG[0m [2mhyper::proto::h1::conn[0m[2m:[0m incoming body is content-length (649 bytes)
[2m2025-12-10T10:12:54.579834Z[0m [34mDEBUG[0m [2mhyper::proto::h1::conn[0m[2m:[0m incoming body completed
[2m2025-12-10T10:12:54.579843Z[0m [34mDEBUG[0m [2mhyper::client::pool[0m[2m:[0m pooling idle connection for ("http", 192.168.0.14:8545)
[2m2025-12-10T10:12:54.579849Z[0m [34mDEBUG[0m [2methereum_transaction_pool_monitor::eth_client[0m[2m:[0m 📡 Transaction fetch RPC completed in 9.653875ms
[2m2025-12-10T10:12:54.651536Z[0m [34mDEBUG[0m [2methereum_transaction_pool_monitor::eth_client[0m[2m:[0m ✅ Transaction 0x068dad806c4f75a72335fdd1e19f27e239ec7301925547581348fa70e2e8bc6f fetched and parsed in 81.338917ms
[2m2025-12-10T10:12:54.651565Z[0m [34mDEBUG[0m [2methereum_transaction_pool_monitor::mempool_monitor[0m[2m:[0m 🔍 Skipping tx 0x068dad806c4f75a72335fdd1e19f27e239ec7301925547581348fa70e2e8bc6f - not a DEX interaction (target: 0x28C6c06298d514Db089934071355E5743bf21d60)
[2m2025-12-10T10:12:54.651581Z[0m [34mDEBUG[0m [2methereum_transaction_pool_monitor::mempool_monitor[0m[2m:[0m 📨 Processing new pending transaction: 0x89018b304c0985edc7309e46247d4846e5a5075b9bfda1f313b61ef9635c51b0
[2m2025-12-10T10:12:54.651589Z[0m [34mDEBUG[0m [2methereum_transaction_pool_monitor::mempool_monitor[0m[2m:[0m 🔍 Fetching transaction details for: 0x89018b304c0985edc7309e46247d4846e5a5075b9bfda1f313b61ef9635c51b0
[2m2025-12-10T10:12:54.651594Z[0m [34mDEBUG[0m [2methereum_transaction_pool_monitor::eth_client[0m[2m:[0m 🔍 Fetching transaction details for hash: 0x89018b304c0985edc7309e46247d4846e5a5075b9bfda1f313b61ef9635c51b0
[2m2025-12-10T10:12:54.651613Z[0m [34mDEBUG[0m [2mhyper::client::pool[0m[2m:[0m reuse idle connection for ("http", 192.168.0.14:8545)
[2m2025-12-10T10:12:54.651651Z[0m [34mDEBUG[0m [2mhyper::proto::h1::io[0m[2m:[0m flushed 250 bytes
[2m2025-12-10T10:12:54.651689Z[0m [34mDEBUG[0m [2mhyper::client::pool[0m[2m:[0m reuse idle connection for ("http", 192.168.0.14:8545)
[2m2025-12-10T10:12:54.651711Z[0m [34mDEBUG[0m [2mhyper::proto::h1::io[0m[2m:[0m flushed 172 bytes
[2m2025-12-10T10:12:54.656552Z[0m [34mDEBUG[0m [2mhyper::proto::h1::io[0m[2m:[0m parsed 4 headers
[2m2025-12-10T10:12:54.656562Z[0m [34mDEBUG[0m [2mhyper::proto::h1::conn[0m[2m:[0m incoming body is content-length (773 bytes)
[2m2025-12-10T10:12:54.656570Z[0m [34mDEBUG[0m [2mhyper::proto::h1::conn[0m[2m:[0m incoming body completed
[2m2025-12-10T10:12:54.656577Z[0m [34mDEBUG[0m [2mhyper::client::pool[0m[2m:[0m pooling idle connection for ("http", 192.168.0.14:8545)
[2m2025-12-10T10:12:54.656583Z[0m [34mDEBUG[0m [2methereum_transaction_pool_monitor::eth_client[0m[2m:[0m 📡 Transaction fetch RPC completed in 4.983958ms
[2m2025-12-10T10:12:54.727428Z[0m [34mDEBUG[0m [2methereum_transaction_pool_monitor::eth_client[0m[2m:[0m ✅ Transaction 0x89018b304c0985edc7309e46247d4846e5a5075b9bfda1f313b61ef9635c51b0 fetched and parsed in 75.826333ms
[2m2025-12-10T10:12:54.727455Z[0m [34mDEBUG[0m [2methereum_transaction_pool_monitor::mempool_monitor[0m[2m:[0m 🔍 Skipping tx 0x89018b304c0985edc7309e46247d4846e5a5075b9bfda1f313b61ef9635c51b0 - not a DEX interaction (target: 0x320623b8E4fF03373931769A31Fc52A4E78B5d70)
[2m2025-12-10T10:12:54.727465Z[0m [34mDEBUG[0m [2methereum_transaction_pool_monitor::mempool_monitor[0m[2m:[0m 📨 Processing new pending transaction: 0xd141ddfff5d6100a811f2270d5bfafedf97cad78282beaeed0682b914784b747
[2m2025-12-10T10:12:54.727471Z[0m [34mDEBUG[0m [2methereum_transaction_pool_monitor::mempool_monitor[0m[2m:[0m 🔍 Fetching transaction details for: 0xd141ddfff5d6100a811f2270d5bfafedf97cad78282beaeed0682b914784b747
[2m2025-12-10T10:12:54.727475Z[0m [34mDEBUG[0m [2methereum_transaction_pool_monitor::eth_client[0m[2m:[0m 🔍 Fetching transaction details for hash: 0xd141ddfff5d6100a811f2270d5bfafedf97cad78282beaeed0682b914784b747
[2m2025-12-10T10:12:54.727494Z[0m [34mDEBUG[0m [2mhyper::client::pool[0m[2m:[0m reuse idle connection for ("http", 192.168.0.14:8545)
[2m2025-12-10T10:12:54.727540Z[0m [34mDEBUG[0m [2mhyper::proto::h1::io[0m[2m:[0m flushed 250 bytes
[2m2025-12-10T10:12:54.727555Z[0m [34mDEBUG[0m [2mhyper::proto::h1::io[0m[2m:[0m parsed 4 headers
[2m2025-12-10T10:12:54.727560Z[0m [34mDEBUG[0m [2mhyper::proto::h1::conn[0m[2m:[0m incoming body is content-length (45 bytes)
[2m2025-12-10T10:12:54.727568Z[0m [34mDEBUG[0m [2mhyper::proto::h1::conn[0m[2m:[0m incoming body completed
[2m2025-12-10T10:12:54.727575Z[0m [34mDEBUG[0m [2mhyper::client::pool[0m[2m:[0m pooling idle connection for ("http", 192.168.0.14:8545)
[2m2025-12-10T10:12:54.727590Z[0m [34mDEBUG[0m [2mhyper::client::pool[0m[2m:[0m reuse idle connection for ("http", 192.168.0.14:8545)
[2m2025-12-10T10:12:54.727607Z[0m [34mDEBUG[0m [2mhyper::proto::h1::io[0m[2m:[0m flushed 172 bytes
[2m2025-12-10T10:12:54.731488Z[0m [34mDEBUG[0m [2mhyper::proto::h1::io[0m[2m:[0m parsed 4 headers
[2m2025-12-10T10:12:54.731501Z[0m [34mDEBUG[0m [2mhyper::proto::h1::conn[0m[2m:[0m incoming body is content-length (45 bytes)
[2m2025-12-10T10:12:54.731508Z[0m [34mDEBUG[0m [2mhyper::proto::h1::conn[0m[2m:[0m incoming body completed
[2m2025-12-10T10:12:54.731516Z[0m [34mDEBUG[0m [2mhyper::client::pool[0m[2m:[0m pooling idle connection for ("http", 192.168.0.14:8545)
[2m2025-12-10T10:12:54.731993Z[0m [34mDEBUG[0m [2mhyper::proto::h1::io[0m[2m:[0m parsed 4 headers
[2m2025-12-10T10:12:54.731998Z[0m [34mDEBUG[0m [2mhyper::proto::h1::conn[0m[2m:[0m incoming body is content-length (650 bytes)
[2m2025-12-10T10:12:54.732003Z[0m [34mDEBUG[0m [2mhyper::proto::h1::conn[0m[2m:[0m incoming body completed
[2m2025-12-10T10:12:54.732009Z[0m [34mDEBUG[0m [2mhyper::client::pool[0m[2m:[0m pooling idle connection for ("http", 192.168.0.14:8545)
[2m2025-12-10T10:12:54.732014Z[0m [34mDEBUG[0m [2methereum_transaction_pool_monitor::eth_client[0m[2m:[0m 📡 Transaction fetch RPC completed in 4.535125ms
[2m2025-12-10T10:12:54.804704Z[0m [34mDEBUG[0m [2methereum_transaction_pool_monitor::eth_client[0m[2m:[0m ✅ Transaction 0xd141ddfff5d6100a811f2270d5bfafedf97cad78282beaeed0682b914784b747 fetched and parsed in 77.222125ms
[2m2025-12-10T10:12:54.804729Z[0m [34mDEBUG[0m [2methereum_transaction_pool_monitor::mempool_monitor[0m[2m:[0m 🔍 Skipping tx 0xd141ddfff5d6100a811f2270d5bfafedf97cad78282beaeed0682b914784b747 - not a DEX interaction (target: 0x28C6c06298d514Db089934071355E5743bf21d60)
[2m2025-12-10T10:12:54.804739Z[0m [34mDEBUG[0m [2methereum_transaction_pool_monitor::mempool_monitor[0m[2m:[0m 📨 Processing new pending transaction: 0xd2ebb94d29fb6a0742aa06b1aeba1559407cf9c20feeac984f1e5aa3def2fed7
[2m2025-12-10T10:12:54.804744Z[0m [34mDEBUG[0m [2methereum_transaction_pool_monitor::mempool_monitor[0m[2m:[0m 🔍 Fetching transaction details for: 0xd2ebb94d29fb6a0742aa06b1aeba1559407cf9c20feeac984f1e5aa3def2fed7
[2m2025-12-10T10:12:54.804748Z[0m [34mDEBUG[0m [2methereum_transaction_pool_monitor::eth_client[0m[2m:[0m 🔍 Fetching transaction details for hash: 0xd2ebb94d29fb6a0742aa06b1aeba1559407cf9c20feeac984f1e5aa3def2fed7
[2m2025-12-10T10:12:54.804768Z[0m [34mDEBUG[0m [2mhyper::client::pool[0m[2m:[0m reuse idle connection for ("http", 192.168.0.14:8545)
[2m2025-12-10T10:12:54.804798Z[0m [34mDEBUG[0m [2mhyper::proto::h1::io[0m[2m:[0m flushed 250 bytes
[2m2025-12-10T10:12:54.804818Z[0m [34mDEBUG[0m [2mhyper::client::pool[0m[2m:[0m reuse idle connection for ("http", 192.168.0.14:8545)
[2m2025-12-10T10:12:54.804828Z[0m [34mDEBUG[0m [2methereum_transaction_pool_monitor::eth_client[0m[2m:[0m 📨 Received WebSocket message: {"jsonrpc":"2.0","method":"eth_subscription","params":{"subscription":"0xbed0a0851463e895960a451075a301a9","result":"0x03efd111b15a674d18815d22d8730a9157f5983def2ea9f83247153812445db7"}}
[2m2025-12-10T10:12:54.804833Z[0m [34mDEBUG[0m [2mhyper::proto::h1::io[0m[2m:[0m flushed 172 bytes
[2m2025-12-10T10:12:54.804838Z[0m [34mDEBUG[0m [2methereum_transaction_pool_monitor::eth_client[0m[2m:[0m 📨 Received pending transaction: 0x03efd111b15a674d18815d22d8730a9157f5983def2ea9f83247153812445db7
[2m2025-12-10T10:12:54.805098Z[0m [34mDEBUG[0m [2methereum_transaction_pool_monitor::eth_client[0m[2m:[0m 📨 Received WebSocket message: {"jsonrpc":"2.0","method":"eth_subscription","params":{"subscription":"0xbed0a0851463e895960a451075a301a9","result":"0xf0d982ca2fd5164783026a12a9889890cbefbc4725a691853beeffb27e7d2bea"}}
[2m2025-12-10T10:12:54.805107Z[0m [34mDEBUG[0m [2methereum_transaction_pool_monitor::eth_client[0m[2m:[0m 📨 Received pending transaction: 0xf0d982ca2fd5164783026a12a9889890cbefbc4725a691853beeffb27e7d2bea
[2m2025-12-10T10:12:54.808608Z[0m [34mDEBUG[0m [2mhyper::proto::h1::io[0m[2m:[0m parsed 4 headers
[2m2025-12-10T10:12:54.808614Z[0m [34mDEBUG[0m [2mhyper::proto::h1::conn[0m[2m:[0m incoming body is content-length (45 bytes)
[2m2025-12-10T10:12:54.808620Z[0m [34mDEBUG[0m [2mhyper::proto::h1::conn[0m[2m:[0m incoming body completed
[2m2025-12-10T10:12:54.808627Z[0m [34mDEBUG[0m [2mhyper::client::pool[0m[2m:[0m pooling idle connection for ("http", 192.168.0.14:8545)
[2m2025-12-10T10:12:54.814816Z[0m [34mDEBUG[0m [2mhyper::proto::h1::io[0m[2m:[0m parsed 4 headers
[2m2025-12-10T10:12:54.814825Z[0m [34mDEBUG[0m [2mhyper::proto::h1::conn[0m[2m:[0m incoming body is content-length (651 bytes)
[2m2025-12-10T10:12:54.814830Z[0m [34mDEBUG[0m [2mhyper::proto::h1::conn[0m[2m:[0m incoming body completed
[2m2025-12-10T10:12:54.814836Z[0m [34mDEBUG[0m [2mhyper::client::pool[0m[2m:[0m pooling idle connection for ("http", 192.168.0.14:8545)
[2m2025-12-10T10:12:54.814842Z[0m [34mDEBUG[0m [2methereum_transaction_pool_monitor::eth_client[0m[2m:[0m 📡 Transaction fetch RPC completed in 10.089792ms
[2m2025-12-10T10:12:54.886779Z[0m [34mDEBUG[0m [2methereum_transaction_pool_monitor::eth_client[0m[2m:[0m ✅ Transaction 0xd2ebb94d29fb6a0742aa06b1aeba1559407cf9c20feeac984f1e5aa3def2fed7 fetched and parsed in 82.024875ms
[2m2025-12-10T10:12:54.886808Z[0m [34mDEBUG[0m [2methereum_transaction_pool_monitor::mempool_monitor[0m[2m:[0m 🔍 Skipping tx 0xd2ebb94d29fb6a0742aa06b1aeba1559407cf9c20feeac984f1e5aa3def2fed7 - not a DEX interaction (target: 0xe52ba0b374A6776528F36BB13E1cDa79eD5FDAF0)
[2m2025-12-10T10:12:54.886822Z[0m [34mDEBUG[0m [2methereum_transaction_pool_monitor::mempool_monitor[0m[2m:[0m 📨 Processing new pending transaction: 0x534f69879b742328ec43a5f9c32f711c65a766a04df02881476821fff0004487
[2m2025-12-10T10:12:54.886827Z[0m [34mDEBUG[0m [2methereum_transaction_pool_monitor::mempool_monitor[0m[2m:[0m 🔍 Fetching transaction details for: 0x534f69879b742328ec43a5f9c32f711c65a766a04df02881476821fff0004487
[2m2025-12-10T10:12:54.886834Z[0m [34mDEBUG[0m [2methereum_transaction_pool_monitor::eth_client[0m[2m:[0m 🔍 Fetching transaction details for hash: 0x534f69879b742328ec43a5f9c32f711c65a766a04df02881476821fff0004487
[2m2025-12-10T10:12:54.886853Z[0m [34mDEBUG[0m [2mhyper::client::pool[0m[2m:[0m reuse idle connection for ("http", 192.168.0.14:8545)
[2m2025-12-10T10:12:54.886888Z[0m [34mDEBUG[0m [2mhyper::proto::h1::io[0m[2m:[0m flushed 250 bytes
[2m2025-12-10T10:12:54.886904Z[0m [34mDEBUG[0m [2methereum_transaction_pool_monitor::eth_client[0m[2m:[0m 📨 Received WebSocket message: {"jsonrpc":"2.0","method":"eth_subscription","params":{"subscription":"0xbed0a0851463e895960a451075a301a9","result":"0x80a340def7a61fc39189d8dc93f45f4a9280f2fa39bc77362689867c0adad6bc"}}
[2m2025-12-10T10:12:54.886915Z[0m [34mDEBUG[0m [2methereum_transaction_pool_monitor::eth_client[0m[2m:[0m 📨 Received pending transaction: 0x80a340def7a61fc39189d8dc93f45f4a9280f2fa39bc77362689867c0adad6bc
[2m2025-12-10T10:12:54.890857Z[0m [34mDEBUG[0m [2mhyper::proto::h1::io[0m[2m:[0m parsed 4 headers
[2m2025-12-10T10:12:54.890862Z[0m [34mDEBUG[0m [2mhyper::proto::h1::conn[0m[2m:[0m incoming body is content-length (651 bytes)
[2m2025-12-10T10:12:54.890869Z[0m [34mDEBUG[0m [2mhyper::proto::h1::conn[0m[2m:[0m incoming body completed
[2m2025-12-10T10:12:54.890875Z[0m [34mDEBUG[0m [2mhyper::client::pool[0m[2m:[0m pooling idle connection for ("http", 192.168.0.14:8545)
[2m2025-12-10T10:12:54.890881Z[0m [34mDEBUG[0m [2methereum_transaction_pool_monitor::eth_client[0m[2m:[0m 📡 Transaction fetch RPC completed in 4.040959ms
[2m2025-12-10T10:12:54.962517Z[0m [34mDEBUG[0m [2methereum_transaction_pool_monitor::eth_client[0m[2m:[0m ✅ Transaction 0x534f69879b742328ec43a5f9c32f711c65a766a04df02881476821fff0004487 fetched and parsed in 75.675084ms
[2m2025-12-10T10:12:54.962542Z[0m [34mDEBUG[0m [2methereum_transaction_pool_monitor::mempool_monitor[0m[2m:[0m 🔍 Skipping tx 0x534f69879b742328ec43a5f9c32f711c65a766a04df02881476821fff0004487 - not a DEX interaction (target: 0x28C6c06298d514Db089934071355E5743bf21d60)
[2m2025-12-10T10:12:54.962552Z[0m [34mDEBUG[0m [2methereum_transaction_pool_monitor::mempool_monitor[0m[2m:[0m 📨 Processing new pending transaction: 0x87c44dd497f4f41c9b1532c8978fe0d6de1f0aec918cdf7aaf378bf75fdc21a1
[2m2025-12-10T10:12:54.962558Z[0m [34mDEBUG[0m [2methereum_transaction_pool_monitor::mempool_monitor[0m[2m:[0m 🔍 Fetching transaction details for: 0x87c44dd497f4f41c9b1532c8978fe0d6de1f0aec918cdf7aaf378bf75fdc21a1
[2m2025-12-10T10:12:54.962562Z[0m [34mDEBUG[0m [2methereum_transaction_pool_monitor::eth_client[0m[2m:[0m 🔍 Fetching transaction details for hash: 0x87c44dd497f4f41c9b1532c8978fe0d6de1f0aec918cdf7aaf378bf75fdc21a1
[2m2025-12-10T10:12:54.962580Z[0m [34mDEBUG[0m [2mhyper::client::pool[0m[2m:[0m reuse idle connection for ("http", 192.168.0.14:8545)
[2m2025-12-10T10:12:54.962611Z[0m [34mDEBUG[0m [2mhyper::proto::h1::io[0m[2m:[0m flushed 250 bytes
[2m2025-12-10T10:12:54.962630Z[0m [34mDEBUG[0m [2mhyper::client::pool[0m[2m:[0m reuse idle connection for ("http", 192.168.0.14:8545)
[2m2025-12-10T10:12:54.962642Z[0m [34mDEBUG[0m [2mhyper::proto::h1::io[0m[2m:[0m flushed 172 bytes
[2m2025-12-10T10:12:54.962642Z[0m [34mDEBUG[0m [2methereum_transaction_pool_monitor::eth_client[0m[2m:[0m 📨 Received WebSocket message: {"jsonrpc":"2.0","method":"eth_subscription","params":{"subscription":"0xbed0a0851463e895960a451075a301a9","result":"0x20f7e8a51ff7ac267fe27a118bdc6cd0e61194b5f87772e0d4bb2bf1ceeef53f"}}
[2m2025-12-10T10:12:54.962660Z[0m [34mDEBUG[0m [2methereum_transaction_pool_monitor::eth_client[0m[2m:[0m 📨 Received pending transaction: 0x20f7e8a51ff7ac267fe27a118bdc6cd0e61194b5f87772e0d4bb2bf1ceeef53f
[2m2025-12-10T10:12:54.962665Z[0m [34mDEBUG[0m [2methereum_transaction_pool_monitor::eth_client[0m[2m:[0m 📨 Received WebSocket message: {"jsonrpc":"2.0","method":"eth_subscription","params":{"subscription":"0xbed0a0851463e895960a451075a301a9","result":"0x1a6a113b78d08a3f34d3b318e2e858b2cc9bd59c841160fa15983e2e9fd835e7"}}
[2m2025-12-10T10:12:54.962672Z[0m [34mDEBUG[0m [2methereum_transaction_pool_monitor::eth_client[0m[2m:[0m 📨 Received pending transaction: 0x1a6a113b78d08a3f34d3b318e2e858b2cc9bd59c841160fa15983e2e9fd835e7
[2m2025-12-10T10:12:54.962677Z[0m [34mDEBUG[0m [2methereum_transaction_pool_monitor::eth_client[0m[2m:[0m 📨 Received WebSocket message: {"jsonrpc":"2.0","method":"eth_subscription","params":{"subscription":"0xbed0a0851463e895960a451075a301a9","result":"0x6c2d4cf6954f5aa4e9214016823f82d269c06720589b7e5bca8a6d4c4a8b9505"}}
[2m2025-12-10T10:12:54.962683Z[0m [34mDEBUG[0m [2methereum_transaction_pool_monitor::eth_client[0m[2m:[0m 📨 Received pending transaction: 0x6c2d4cf6954f5aa4e9214016823f82d269c06720589b7e5bca8a6d4c4a8b9505
[2m2025-12-10T10:12:54.966096Z[0m [34mDEBUG[0m [2mhyper::proto::h1::io[0m[2m:[0m parsed 4 headers
[2m2025-12-10T10:12:54.966102Z[0m [34mDEBUG[0m [2mhyper::proto::h1::conn[0m[2m:[0m incoming body is content-length (45 bytes)
[2m2025-12-10T10:12:54.966108Z[0m [34mDEBUG[0m [2mhyper::proto::h1::conn[0m[2m:[0m incoming body completed
[2m2025-12-10T10:12:54.966115Z[0m [34mDEBUG[0m [2mhyper::client::pool[0m[2m:[0m pooling idle connection for ("http", 192.168.0.14:8545)
[2m2025-12-10T10:12:54.972545Z[0m [34mDEBUG[0m [2mhyper::proto::h1::io[0m[2m:[0m parsed 4 headers
[2m2025-12-10T10:12:54.972565Z[0m [34mDEBUG[0m [2mhyper::proto::h1::conn[0m[2m:[0m incoming body is content-length (650 bytes)
[2m2025-12-10T10:12:54.972584Z[0m [34mDEBUG[0m [2mhyper::proto::h1::conn[0m[2m:[0m incoming body completed
[2m2025-12-10T10:12:54.972605Z[0m [34mDEBUG[0m [2mhyper::client::pool[0m[2m:[0m pooling idle connection for ("http", 192.168.0.14:8545)
[2m2025-12-10T10:12:54.972611Z[0m [34mDEBUG[0m [2methereum_transaction_pool_monitor::eth_client[0m[2m:[0m 📡 Transaction fetch RPC completed in 10.044792ms
[2m2025-12-10T10:12:55.045199Z[0m [34mDEBUG[0m [2methereum_transaction_pool_monitor::eth_client[0m[2m:[0m ✅ Transaction 0x87c44dd497f4f41c9b1532c8978fe0d6de1f0aec918cdf7aaf378bf75fdc21a1 fetched and parsed in 82.629959ms
[2m2025-12-10T10:12:55.045223Z[0m [34mDEBUG[0m [2methereum_transaction_pool_monitor::mempool_monitor[0m[2m:[0m 🔍 Skipping tx 0x87c44dd497f4f41c9b1532c8978fe0d6de1f0aec918cdf7aaf378bf75fdc21a1 - not a DEX interaction (target: 0xf30ba13e4b04Ce5dC4D254Ae5FA95477800F0EB0)
[2m2025-12-10T10:12:55.045234Z[0m [34mDEBUG[0m [2methereum_transaction_pool_monitor::mempool_monitor[0m[2m:[0m 📨 Processing new pending transaction: 0xd13c2145694b42da30b8927238111ff332100846d4f1a5e557d778a1b2b70d5a
[2m2025-12-10T10:12:55.045239Z[0m [34mDEBUG[0m [2methereum_transaction_pool_monitor::mempool_monitor[0m[2m:[0m 🔍 Fetching transaction details for: 0xd13c2145694b42da30b8927238111ff332100846d4f1a5e557d778a1b2b70d5a
[2m2025-12-10T10:12:55.045244Z[0m [34mDEBUG[0m [2methereum_transaction_pool_monitor::eth_client[0m[2m:[0m 🔍 Fetching transaction details for hash: 0xd13c2145694b42da30b8927238111ff332100846d4f1a5e557d778a1b2b70d5a
[2m2025-12-10T10:12:55.045261Z[0m [34mDEBUG[0m [2mhyper::client::pool[0m[2m:[0m reuse idle connection for ("http", 192.168.0.14:8545)
[2m2025-12-10T10:12:55.045295Z[0m [34mDEBUG[0m [2mhyper::proto::h1::io[0m[2m:[0m flushed 250 bytes
[2m2025-12-10T10:12:55.045313Z[0m [34mDEBUG[0m [2mhyper::client::pool[0m[2m:[0m reuse idle connection for ("http", 192.168.0.14:8545)
[2m2025-12-10T10:12:55.045327Z[0m [34mDEBUG[0m [2mhyper::proto::h1::io[0m[2m:[0m flushed 172 bytes
[2m2025-12-10T10:12:55.045328Z[0m [34mDEBUG[0m [2methereum_transaction_pool_monitor::eth_client[0m[2m:[0m 📨 Received WebSocket message: {"jsonrpc":"2.0","method":"eth_subscription","params":{"subscription":"0xbed0a0851463e895960a451075a301a9","result":"0x55608bbcdd04c2fd1ab83b8ed4704ae7dd53dc1b0ce34949f7df90361860a512"}}
[2m2025-12-10T10:12:55.045340Z[0m [34mDEBUG[0m [2methereum_transaction_pool_monitor::eth_client[0m[2m:[0m 📨 Received pending transaction: 0x55608bbcdd04c2fd1ab83b8ed4704ae7dd53dc1b0ce34949f7df90361860a512
[2m2025-12-10T10:12:55.045346Z[0m [34mDEBUG[0m [2methereum_transaction_pool_monitor::eth_client[0m[2m:[0m 📨 Received WebSocket message: {"jsonrpc":"2.0","method":"eth_subscription","params":{"subscription":"0xbed0a0851463e895960a451075a301a9","result":"0x6bc8795068063377e7fed8e9c9712d6a5a9dc3a57788cf03f8ed343c841b69c3"}}
[2m2025-12-10T10:12:55.045352Z[0m [34mDEBUG[0m [2methereum_transaction_pool_monitor::eth_client[0m[2m:[0m 📨 Received pending transaction: 0x6bc8795068063377e7fed8e9c9712d6a5a9dc3a57788cf03f8ed343c841b69c3
[2m2025-12-10T10:12:55.045357Z[0m [34mDEBUG[0m [2methereum_transaction_pool_monitor::eth_client[0m[2m:[0m 📨 Received WebSocket message: {"jsonrpc":"2.0","method":"eth_subscription","params":{"subscription":"0xbed0a0851463e895960a451075a301a9","result":"0x7627de1d639d0a44dc0c820203fa6c56dc55b6398e11a6906b59215e45e72ef4"}}
[2m2025-12-10T10:12:55.045364Z[0m [34mDEBUG[0m [2methereum_transaction_pool_monitor::eth_client[0m[2m:[0m 📨 Received pending transaction: 0x7627de1d639d0a44dc0c820203fa6c56dc55b6398e11a6906b59215e45e72ef4
[2m2025-12-10T10:12:55.054718Z[0m [34mDEBUG[0m [2mhyper::proto::h1::io[0m[2m:[0m parsed 4 headers
[2m2025-12-10T10:12:55.057767Z[0m [34mDEBUG[0m [2mhyper::proto::h1::conn[0m[2m:[0m incoming body is content-length (647 bytes)
[2m2025-12-10T10:12:55.057783Z[0m [34mDEBUG[0m [2mhyper::proto::h1::conn[0m[2m:[0m incoming body completed
[2m2025-12-10T10:12:55.057794Z[0m [34mDEBUG[0m [2mhyper::client::pool[0m[2m:[0m pooling idle connection for ("http", 192.168.0.14:8545)
[2m2025-12-10T10:12:55.057805Z[0m [34mDEBUG[0m [2methereum_transaction_pool_monitor::eth_client[0m[2m:[0m 📡 Transaction fetch RPC completed in 12.556916ms
[2m2025-12-10T10:12:55.128088Z[0m [34mDEBUG[0m [2methereum_transaction_pool_monitor::eth_client[0m[2m:[0m ✅ Transaction 0xd13c2145694b42da30b8927238111ff332100846d4f1a5e557d778a1b2b70d5a fetched and parsed in 82.837ms
[2m2025-12-10T10:12:55.128116Z[0m [34mDEBUG[0m [2methereum_transaction_pool_monitor::mempool_monitor[0m[2m:[0m 🔍 Skipping tx 0xd13c2145694b42da30b8927238111ff332100846d4f1a5e557d778a1b2b70d5a - not a DEX interaction (target: 0x28C6c06298d514Db089934071355E5743bf21d60)
[2m2025-12-10T10:12:55.128128Z[0m [34mDEBUG[0m [2methereum_transaction_pool_monitor::mempool_monitor[0m[2m:[0m 📨 Processing new pending transaction: 0xd1e2073b56786ec33c85471105b3eb9d1b04b98133dcc208d380303526753f15
[2m2025-12-10T10:12:55.128138Z[0m [34mDEBUG[0m [2methereum_transaction_pool_monitor::mempool_monitor[0m[2m:[0m 🔍 Fetching transaction details for: 0xd1e2073b56786ec33c85471105b3eb9d1b04b98133dcc208d380303526753f15
[2m2025-12-10T10:12:55.128145Z[0m [34mDEBUG[0m [2methereum_transaction_pool_monitor::eth_client[0m[2m:[0m 🔍 Fetching transaction details for hash: 0xd1e2073b56786ec33c85471105b3eb9d1b04b98133dcc208d380303526753f15
[2m2025-12-10T10:12:55.128165Z[0m [34mDEBUG[0m [2mhyper::client::pool[0m[2m:[0m reuse idle connection for ("http", 192.168.0.14:8545)
[2m2025-12-10T10:12:55.128199Z[0m [34mDEBUG[0m [2mhyper::proto::h1::io[0m[2m:[0m flushed 250 bytes
[2m2025-12-10T10:12:55.128223Z[0m [34mDEBUG[0m [2methereum_transaction_pool_monitor::eth_client[0m[2m:[0m 📨 Received WebSocket message: {"jsonrpc":"2.0","method":"eth_subscription","params":{"subscription":"0xbed0a0851463e895960a451075a301a9","result":"0xb4511731165ae921c278632616ae1b05b8b198fa35337bebeb079cc76fc6d9c8"}}
[2m2025-12-10T10:12:55.128229Z[0m [34mDEBUG[0m [2mhyper::proto::h1::io[0m[2m:[0m parsed 4 headers
[2m2025-12-10T10:12:55.128232Z[0m [34mDEBUG[0m [2methereum_transaction_pool_monitor::eth_client[0m[2m:[0m 📨 Received pending transaction: 0xb4511731165ae921c278632616ae1b05b8b198fa35337bebeb079cc76fc6d9c8
[2m2025-12-10T10:12:55.128237Z[0m [34mDEBUG[0m [2mhyper::proto::h1::conn[0m[2m:[0m incoming body is content-length (45 bytes)
[2m2025-12-10T10:12:55.128246Z[0m [34mDEBUG[0m [2mhyper::proto::h1::conn[0m[2m:[0m incoming body completed
[2m2025-12-10T10:12:55.128257Z[0m [34mDEBUG[0m [2mhyper::client::pool[0m[2m:[0m pooling idle connection for ("http", 192.168.0.14:8545)
[2m2025-12-10T10:12:55.128301Z[0m [34mDEBUG[0m [2mhyper::client::pool[0m[2m:[0m reuse idle connection for ("http", 192.168.0.14:8545)
[2m2025-12-10T10:12:55.128316Z[0m [34mDEBUG[0m [2mhyper::proto::h1::io[0m[2m:[0m flushed 172 bytes
[2m2025-12-10T10:12:55.132606Z[0m [34mDEBUG[0m [2mhyper::proto::h1::io[0m[2m:[0m parsed 4 headers
[2m2025-12-10T10:12:55.132614Z[0m [34mDEBUG[0m [2mhyper::proto::h1::conn[0m[2m:[0m incoming body is content-length (45 bytes)
[2m2025-12-10T10:12:55.132618Z[0m [34mDEBUG[0m [2mhyper::proto::h1::conn[0m[2m:[0m incoming body completed
[2m2025-12-10T10:12:55.132623Z[0m [34mDEBUG[0m [2mhyper::client::pool[0m[2m:[0m pooling idle connection for ("http", 192.168.0.14:8545)
[2m2025-12-10T10:12:55.133529Z[0m [34mDEBUG[0m [2mhyper::proto::h1::io[0m[2m:[0m parsed 4 headers
[2m2025-12-10T10:12:55.133917Z[0m [34mDEBUG[0m [2mhyper::proto::h1::conn[0m[2m:[0m incoming body is content-length (830 bytes)
[2m2025-12-10T10:12:55.133926Z[0m [34mDEBUG[0m [2mhyper::proto::h1::conn[0m[2m:[0m incoming body completed
[2m2025-12-10T10:12:55.133933Z[0m [34mDEBUG[0m [2mhyper::client::pool[0m[2m:[0m pooling idle connection for ("http", 192.168.0.14:8545)
[2m2025-12-10T10:12:55.133940Z[0m [34mDEBUG[0m [2methereum_transaction_pool_monitor::eth_client[0m[2m:[0m 📡 Transaction fetch RPC completed in 5.787958ms
[2m2025-12-10T10:12:55.204919Z[0m [34mDEBUG[0m [2methereum_transaction_pool_monitor::eth_client[0m[2m:[0m ✅ Transaction 0xd1e2073b56786ec33c85471105b3eb9d1b04b98133dcc208d380303526753f15 fetched and parsed in 76.765167ms
[2m2025-12-10T10:12:55.204942Z[0m [34mDEBUG[0m [2methereum_transaction_pool_monitor::mempool_monitor[0m[2m:[0m 🔍 Skipping tx 0xd1e2073b56786ec33c85471105b3eb9d1b04b98133dcc208d380303526753f15 - not a DEX interaction (target: 0x3B4D794a66304F130a4Db8F2551B0070dfCf5ca7)
[2m2025-12-10T10:12:55.204953Z[0m [34mDEBUG[0m [2methereum_transaction_pool_monitor::mempool_monitor[0m[2m:[0m 📨 Processing new pending transaction: 0x94a6319640cfe9deabea3e35fa8ac61d72dfbbe468f953424a81f781320077bb
[2m2025-12-10T10:12:55.204958Z[0m [34mDEBUG[0m [2methereum_transaction_pool_monitor::mempool_monitor[0m[2m:[0m 🔍 Fetching transaction details for: 0x94a6319640cfe9deabea3e35fa8ac61d72dfbbe468f953424a81f781320077bb
[2m2025-12-10T10:12:55.204963Z[0m [34mDEBUG[0m [2methereum_transaction_pool_monitor::eth_client[0m[2m:[0m 🔍 Fetching transaction details for hash: 0x94a6319640cfe9deabea3e35fa8ac61d72dfbbe468f953424a81f781320077bb
[2m2025-12-10T10:12:55.204980Z[0m [34mDEBUG[0m [2mhyper::client::pool[0m[2m:[0m reuse idle connection for ("http", 192.168.0.14:8545)
[2m2025-12-10T10:12:55.205030Z[0m [34mDEBUG[0m [2mhyper::proto::h1::io[0m[2m:[0m flushed 250 bytes
[2m2025-12-10T10:12:55.205057Z[0m [34mDEBUG[0m [2mhyper::client::pool[0m[2m:[0m reuse idle connection for ("http", 192.168.0.14:8545)
[2m2025-12-10T10:12:55.205070Z[0m [34mDEBUG[0m [2mhyper::proto::h1::io[0m[2m:[0m flushed 172 bytes
[2m2025-12-10T10:12:55.207368Z[0m [34mDEBUG[0m [2methereum_transaction_pool_monitor::eth_client[0m[2m:[0m 📨 Received WebSocket message: {"jsonrpc":"2.0","method":"eth_subscription","params":{"subscription":"0xbed0a0851463e895960a451075a301a9","result":"0xf3581204587f9f78e2ec4f89fe8ee1595b363cc88872349adaf7da41e1fea03c"}}
[2m2025-12-10T10:12:55.207408Z[0m [34mDEBUG[0m [2methereum_transaction_pool_monitor::eth_client[0m[2m:[0m 📨 Received pending transaction: 0xf3581204587f9f78e2ec4f89fe8ee1595b363cc88872349adaf7da41e1fea03c
[2m2025-12-10T10:12:55.210166Z[0m [34mDEBUG[0m [2mhyper::proto::h1::io[0m[2m:[0m parsed 4 headers
[2m2025-12-10T10:12:55.210184Z[0m [34mDEBUG[0m [2mhyper::proto::h1::conn[0m[2m:[0m incoming body is content-length (45 bytes)
[2m2025-12-10T10:12:55.210228Z[0m [34mDEBUG[0m [2mhyper::proto::h1::conn[0m[2m:[0m incoming body completed
[2m2025-12-10T10:12:55.210237Z[0m [34mDEBUG[0m [2mhyper::client::pool[0m[2m:[0m pooling idle connection for ("http", 192.168.0.14:8545)
[2m2025-12-10T10:12:55.210255Z[0m [34mDEBUG[0m [2mhyper::proto::h1::io[0m[2m:[0m parsed 4 headers
[2m2025-12-10T10:12:55.210260Z[0m [34mDEBUG[0m [2mhyper::proto::h1::conn[0m[2m:[0m incoming body is content-length (1731 bytes)
[2m2025-12-10T10:12:55.210266Z[0m [34mDEBUG[0m [2mhyper::proto::h1::conn[0m[2m:[0m incoming body completed
[2m2025-12-10T10:12:55.210277Z[0m [34mDEBUG[0m [2mhyper::client::pool[0m[2m:[0m pooling idle connection for ("http", 192.168.0.14:8545)
[2m2025-12-10T10:12:55.210281Z[0m [34mDEBUG[0m [2methereum_transaction_pool_monitor::eth_client[0m[2m:[0m 📡 Transaction fetch RPC completed in 5.314166ms
[2m2025-12-10T10:12:55.281521Z[0m [34mDEBUG[0m [2methereum_transaction_pool_monitor::eth_client[0m[2m:[0m ✅ Transaction 0x94a6319640cfe9deabea3e35fa8ac61d72dfbbe468f953424a81f781320077bb fetched and parsed in 76.55225ms
[2m2025-12-10T10:12:55.281549Z[0m [34mDEBUG[0m [2methereum_transaction_pool_monitor::mempool_monitor[0m[2m:[0m 🔍 Skipping tx 0x94a6319640cfe9deabea3e35fa8ac61d72dfbbe468f953424a81f781320077bb - not a DEX interaction (target: 0x601a2aD6CB5949f0529735254189Ba3194221EDF)
[2m2025-12-10T10:12:55.281560Z[0m [34mDEBUG[0m [2methereum_transaction_pool_monitor::mempool_monitor[0m[2m:[0m 📨 Processing new pending transaction: 0x589440e9a4f5cf8c75f5c1cd4b26c32d95817fb25d72fcafc7b47525991e95ae
[2m2025-12-10T10:12:55.281567Z[0m [34mDEBUG[0m [2methereum_transaction_pool_monitor::mempool_monitor[0m[2m:[0m 🔍 Fetching transaction details for: 0x589440e9a4f5cf8c75f5c1cd4b26c32d95817fb25d72fcafc7b47525991e95ae
[2m2025-12-10T10:12:55.281574Z[0m [34mDEBUG[0m [2methereum_transaction_pool_monitor::eth_client[0m[2m:[0m 🔍 Fetching transaction details for hash: 0x589440e9a4f5cf8c75f5c1cd4b26c32d95817fb25d72fcafc7b47525991e95ae
[2m2025-12-10T10:12:55.281593Z[0m [34mDEBUG[0m [2mhyper::client::pool[0m[2m:[0m reuse idle connection for ("http", 192.168.0.14:8545)
[2m2025-12-10T10:12:55.281626Z[0m [34mDEBUG[0m [2mhyper::proto::h1::io[0m[2m:[0m flushed 250 bytes
[2m2025-12-10T10:12:55.281645Z[0m [34mDEBUG[0m [2methereum_transaction_pool_monitor::eth_client[0m[2m:[0m 📨 Received WebSocket message: {"jsonrpc":"2.0","method":"eth_subscription","params":{"subscription":"0xbed0a0851463e895960a451075a301a9","result":"0x998e8518abe8b86e6d13c85d54a4b3fd78eb6aa863b1880998a90a680482a028"}}
[2m2025-12-10T10:12:55.281654Z[0m [34mDEBUG[0m [2methereum_transaction_pool_monitor::eth_client[0m[2m:[0m 📨 Received pending transaction: 0x998e8518abe8b86e6d13c85d54a4b3fd78eb6aa863b1880998a90a680482a028
[2m2025-12-10T10:12:55.281660Z[0m [34mDEBUG[0m [2methereum_transaction_pool_monitor::eth_client[0m[2m:[0m 📨 Received WebSocket message: {"jsonrpc":"2.0","method":"eth_subscription","params":{"subscription":"0xbed0a0851463e895960a451075a301a9","result":"0x6ce6f801b279b3480b9ac7e8b2ad41679ee954efc9fd0a803aa964772e736bf9"}}
[2m2025-12-10T10:12:55.281666Z[0m [34mDEBUG[0m [2methereum_transaction_pool_monitor::eth_client[0m[2m:[0m 📨 Received pending transaction: 0x6ce6f801b279b3480b9ac7e8b2ad41679ee954efc9fd0a803aa964772e736bf9
[2m2025-12-10T10:12:55.286871Z[0m [34mDEBUG[0m [2methereum_transaction_pool_monitor::eth_client[0m[2m:[0m 📨 Received WebSocket message: {"jsonrpc":"2.0","method":"eth_subscription","params":{"subscription":"0xbed0a0851463e895960a451075a301a9","result":"0x7317bca57514efc71cee06edbd003158de9b39944125c539dae3e000db7bffee"}}
[2m2025-12-10T10:12:55.286895Z[0m [34mDEBUG[0m [2methereum_transaction_pool_monitor::eth_client[0m[2m:[0m 📨 Received pending transaction: 0x7317bca57514efc71cee06edbd003158de9b39944125c539dae3e000db7bffee
[2m2025-12-10T10:12:55.289693Z[0m [34mDEBUG[0m [2mhyper::proto::h1::io[0m[2m:[0m parsed 4 headers
[2m2025-12-10T10:12:55.289712Z[0m [34mDEBUG[0m [2mhyper::proto::h1::conn[0m[2m:[0m incoming body is content-length (649 bytes)
[2m2025-12-10T10:12:55.289720Z[0m [34mDEBUG[0m [2mhyper::proto::h1::conn[0m[2m:[0m incoming body completed
[2m2025-12-10T10:12:55.289728Z[0m [34mDEBUG[0m [2mhyper::client::pool[0m[2m:[0m pooling idle connection for ("http", 192.168.0.14:8545)
[2m2025-12-10T10:12:55.289734Z[0m [34mDEBUG[0m [2methereum_transaction_pool_monitor::eth_client[0m[2m:[0m 📡 Transaction fetch RPC completed in 8.153417ms
[2m2025-12-10T10:12:55.361601Z[0m [34mDEBUG[0m [2methereum_transaction_pool_monitor::eth_client[0m[2m:[0m ✅ Transaction 0x589440e9a4f5cf8c75f5c1cd4b26c32d95817fb25d72fcafc7b47525991e95ae fetched and parsed in 80.018667ms
[2m2025-12-10T10:12:55.361622Z[0m [34mDEBUG[0m [2methereum_transaction_pool_monitor::mempool_monitor[0m[2m:[0m 🔍 Skipping tx 0x589440e9a4f5cf8c75f5c1cd4b26c32d95817fb25d72fcafc7b47525991e95ae - not a DEX interaction (target: 0xf11413247700e9058177b8716c653b42DB8E20a8)
[2m2025-12-10T10:12:55.361633Z[0m [34mDEBUG[0m [2methereum_transaction_pool_monitor::mempool_monitor[0m[2m:[0m 📨 Processing new pending transaction: 0x03efd111b15a674d18815d22d8730a9157f5983def2ea9f83247153812445db7
[2m2025-12-10T10:12:55.361638Z[0m [34mDEBUG[0m [2methereum_transaction_pool_monitor::mempool_monitor[0m[2m:[0m 🔍 Fetching transaction details for: 0x03efd111b15a674d18815d22d8730a9157f5983def2ea9f83247153812445db7
[2m2025-12-10T10:12:55.361642Z[0m [34mDEBUG[0m [2methereum_transaction_pool_monitor::eth_client[0m[2m:[0m 🔍 Fetching transaction details for hash: 0x03efd111b15a674d18815d22d8730a9157f5983def2ea9f83247153812445db7
[2m2025-12-10T10:12:55.361658Z[0m [34mDEBUG[0m [2mhyper::client::pool[0m[2m:[0m reuse idle connection for ("http", 192.168.0.14:8545)
[2m2025-12-10T10:12:55.361684Z[0m [34mDEBUG[0m [2mhyper::proto::h1::io[0m[2m:[0m flushed 250 bytes
[2m2025-12-10T10:12:55.361701Z[0m [34mDEBUG[0m [2mhyper::client::pool[0m[2m:[0m reuse idle connection for ("http", 192.168.0.14:8545)
[2m2025-12-10T10:12:55.361710Z[0m [34mDEBUG[0m [2methereum_transaction_pool_monitor::eth_client[0m[2m:[0m 📨 Received WebSocket message: {"jsonrpc":"2.0","method":"eth_subscription","params":{"subscription":"0xbed0a0851463e895960a451075a301a9","result":"0xc6a734a9d2bcfc5bd29f033906ef8992ae7d122c1f8e5be897bbc22b5a52450b"}}
[2m2025-12-10T10:12:55.361714Z[0m [34mDEBUG[0m [2mhyper::proto::h1::io[0m[2m:[0m flushed 172 bytes
[2m2025-12-10T10:12:55.361723Z[0m [34mDEBUG[0m [2methereum_transaction_pool_monitor::eth_client[0m[2m:[0m 📨 Received pending transaction: 0xc6a734a9d2bcfc5bd29f033906ef8992ae7d122c1f8e5be897bbc22b5a52450b
[2m2025-12-10T10:12:55.361731Z[0m [34mDEBUG[0m [2methereum_transaction_pool_monitor::eth_client[0m[2m:[0m 📨 Received WebSocket message: {"jsonrpc":"2.0","method":"eth_subscription","params":{"subscription":"0xbed0a0851463e895960a451075a301a9","result":"0x076b5c2a90d5d78b3a61a28045bbe84f7de542133ca7c23c2ecaf8c238c106a6"}}
[2m2025-12-10T10:12:55.361737Z[0m [34mDEBUG[0m [2methereum_transaction_pool_monitor::eth_client[0m[2m:[0m 📨 Received pending transaction: 0x076b5c2a90d5d78b3a61a28045bbe84f7de542133ca7c23c2ecaf8c238c106a6
[2m2025-12-10T10:12:55.361741Z[0m [34mDEBUG[0m [2methereum_transaction_pool_monitor::eth_client[0m[2m:[0m 📨 Received WebSocket message: {"jsonrpc":"2.0","method":"eth_subscription","params":{"subscription":"0xbed0a0851463e895960a451075a301a9","result":"0xf35055c5451e84d255a5dba64bb66610e13d8932c2bae977e9a222e0dbb3f175"}}
[2m2025-12-10T10:12:55.361746Z[0m [34mDEBUG[0m [2methereum_transaction_pool_monitor::eth_client[0m[2m:[0m 📨 Received pending transaction: 0xf35055c5451e84d255a5dba64bb66610e13d8932c2bae977e9a222e0dbb3f175
[2m2025-12-10T10:12:55.361750Z[0m [34mDEBUG[0m [2methereum_transaction_pool_monitor::eth_client[0m[2m:[0m 📨 Received WebSocket message: {"jsonrpc":"2.0","method":"eth_subscription","params":{"subscription":"0xbed0a0851463e895960a451075a301a9","result":"0x2f7e46dabfca626ec9f46db96316e2555053bdf57bd711a88d0c7900fdd82f68"}}
[2m2025-12-10T10:12:55.361754Z[0m [34mDEBUG[0m [2methereum_transaction_pool_monitor::eth_client[0m[2m:[0m 📨 Received pending transaction: 0x2f7e46dabfca626ec9f46db96316e2555053bdf57bd711a88d0c7900fdd82f68
[2m2025-12-10T10:12:55.368656Z[0m [34mDEBUG[0m [2methereum_transaction_pool_monitor::eth_client[0m[2m:[0m 📨 Received WebSocket message: {"jsonrpc":"2.0","method":"eth_subscription","params":{"subscription":"0xbed0a0851463e895960a451075a301a9","result":"0xd1d5133ebd02d0973c8f7cf3b8ecbe8266b78abd89ff9b701575965edf886136"}}
[2m2025-12-10T10:12:55.368689Z[0m [34mDEBUG[0m [2methereum_transaction_pool_monitor::eth_client[0m[2m:[0m 📨 Received pending transaction: 0xd1d5133ebd02d0973c8f7cf3b8ecbe8266b78abd89ff9b701575965edf886136
[2m2025-12-10T10:12:55.368696Z[0m [34mDEBUG[0m [2methereum_transaction_pool_monitor::eth_client[0m[2m:[0m 📨 Received WebSocket message: {"jsonrpc":"2.0","method":"eth_subscription","params":{"subscription":"0xbed0a0851463e895960a451075a301a9","result":"0x301ff3f810588d968dbcca67bea52a811ef224d38987dff00c0252e0a67a4e47"}}
[2m2025-12-10T10:12:55.368701Z[0m [34mDEBUG[0m [2methereum_transaction_pool_monitor::eth_client[0m[2m:[0m 📨 Received pending transaction: 0x301ff3f810588d968dbcca67bea52a811ef224d38987dff00c0252e0a67a4e47
[2m2025-12-10T10:12:55.368736Z[0m [34mDEBUG[0m [2mhyper::proto::h1::io[0m[2m:[0m parsed 4 headers
[2m2025-12-10T10:12:55.368744Z[0m [34mDEBUG[0m [2mhyper::proto::h1::conn[0m[2m:[0m incoming body is content-length (905 bytes)
[2m2025-12-10T10:12:55.368754Z[0m [34mDEBUG[0m [2mhyper::proto::h1::conn[0m[2m:[0m incoming body completed
[2m2025-12-10T10:12:55.368763Z[0m [34mDEBUG[0m [2mhyper::client::pool[0m[2m:[0m pooling idle connection for ("http", 192.168.0.14:8545)
[2m2025-12-10T10:12:55.368769Z[0m [34mDEBUG[0m [2methereum_transaction_pool_monitor::eth_client[0m[2m:[0m 📡 Transaction fetch RPC completed in 7.122625ms
[2m2025-12-10T10:12:55.439711Z[0m [34mDEBUG[0m [2methereum_transaction_pool_monitor::eth_client[0m[2m:[0m ✅ Transaction 0x03efd111b15a674d18815d22d8730a9157f5983def2ea9f83247153812445db7 fetched and parsed in 78.063125ms
[2m2025-12-10T10:12:55.439736Z[0m [34mDEBUG[0m [2methereum_transaction_pool_monitor::mempool_monitor[0m[2m:[0m 🔍 Skipping tx 0x03efd111b15a674d18815d22d8730a9157f5983def2ea9f83247153812445db7 - not a DEX interaction (target: 0xFf00000000000000000000000000000000008453)
[2m2025-12-10T10:12:55.439744Z[0m [34mDEBUG[0m [2methereum_transaction_pool_monitor::mempool_monitor[0m[2m:[0m 📨 Processing new pending transaction: 0xf0d982ca2fd5164783026a12a9889890cbefbc4725a691853beeffb27e7d2bea
[2m2025-12-10T10:12:55.439750Z[0m [34mDEBUG[0m [2methereum_transaction_pool_monitor::mempool_monitor[0m[2m:[0m 🔍 Fetching transaction details for: 0xf0d982ca2fd5164783026a12a9889890cbefbc4725a691853beeffb27e7d2bea
[2m2025-12-10T10:12:55.439755Z[0m [34mDEBUG[0m [2methereum_transaction_pool_monitor::eth_client[0m[2m:[0m 🔍 Fetching transaction details for hash: 0xf0d982ca2fd5164783026a12a9889890cbefbc4725a691853beeffb27e7d2bea
[2m2025-12-10T10:12:55.439771Z[0m [34mDEBUG[0m [2mhyper::client::pool[0m[2m:[0m reuse idle connection for ("http", 192.168.0.14:8545)
[2m2025-12-10T10:12:55.439805Z[0m [34mDEBUG[0m [2mhyper::proto::h1::io[0m[2m:[0m flushed 250 bytes
[2m2025-12-10T10:12:55.439825Z[0m [34mDEBUG[0m [2methereum_transaction_pool_monitor::eth_client[0m[2m:[0m 📨 Received WebSocket message: {"jsonrpc":"2.0","method":"eth_subscription","params":{"subscription":"0xbed0a0851463e895960a451075a301a9","result":"0x70ffaeaac56713e355dd82363f17307a5efab2b923343102de6492f2d63616e2"}}
[2m2025-12-10T10:12:55.439830Z[0m [34mDEBUG[0m [2mhyper::proto::h1::io[0m[2m:[0m parsed 4 headers
[2m2025-12-10T10:12:55.439832Z[0m [34mDEBUG[0m [2methereum_transaction_pool_monitor::eth_client[0m[2m:[0m 📨 Received pending transaction: 0x70ffaeaac56713e355dd82363f17307a5efab2b923343102de6492f2d63616e2
[2m2025-12-10T10:12:55.439838Z[0m [34mDEBUG[0m [2mhyper::proto::h1::conn[0m[2m:[0m incoming body is content-length (45 bytes)
[2m2025-12-10T10:12:55.439840Z[0m [34mDEBUG[0m [2methereum_transaction_pool_monitor::eth_client[0m[2m:[0m 📨 Received WebSocket message: {"jsonrpc":"2.0","method":"eth_subscription","params":{"subscription":"0xbed0a0851463e895960a451075a301a9","result":"0x3ea1f9f1c0b8fd80a419da79c94df7bc8102285082d479f302f56d3be2c4a5c2"}}
[2m2025-12-10T10:12:55.439845Z[0m [34mDEBUG[0m [2mhyper::proto::h1::conn[0m[2m:[0m incoming body completed
[2m2025-12-10T10:12:55.439848Z[0m [34mDEBUG[0m [2methereum_transaction_pool_monitor::eth_client[0m[2m:[0m 📨 Received pending transaction: 0x3ea1f9f1c0b8fd80a419da79c94df7bc8102285082d479f302f56d3be2c4a5c2
[2m2025-12-10T10:12:55.439854Z[0m [34mDEBUG[0m [2methereum_transaction_pool_monitor::eth_client[0m[2m:[0m 📨 Received WebSocket message: {"jsonrpc":"2.0","method":"eth_subscription","params":{"subscription":"0xbed0a0851463e895960a451075a301a9","result":"0xe550e910b8789dc032f2d2866d25dd9a27be3e588e674586bbc22b0f963ec91e"}}
[2m2025-12-10T10:12:55.439855Z[0m [34mDEBUG[0m [2mhyper::client::pool[0m[2m:[0m pooling idle connection for ("http", 192.168.0.14:8545)
[2m2025-12-10T10:12:55.439946Z[0m [34mDEBUG[0m [2methereum_transaction_pool_monitor::eth_client[0m[2m:[0m 📨 Received pending transaction: 0xe550e910b8789dc032f2d2866d25dd9a27be3e588e674586bbc22b0f963ec91e
[2m2025-12-10T10:12:55.439961Z[0m [34mDEBUG[0m [2mhyper::client::pool[0m[2m:[0m reuse idle connection for ("http", 192.168.0.14:8545)
[2m2025-12-10T10:12:55.439978Z[0m [34mDEBUG[0m [2mhyper::proto::h1::io[0m[2m:[0m flushed 172 bytes
[2m2025-12-10T10:12:55.445879Z[0m [34mDEBUG[0m [2mhyper::proto::h1::io[0m[2m:[0m parsed 4 headers
[2m2025-12-10T10:12:55.445898Z[0m [34mDEBUG[0m [2mhyper::proto::h1::conn[0m[2m:[0m incoming body is content-length (1731 bytes)
[2m2025-12-10T10:12:55.445927Z[0m [34mDEBUG[0m [2methereum_transaction_pool_monitor::eth_client[0m[2m:[0m 📡 Transaction fetch RPC completed in 6.168ms
[2m2025-12-10T10:12:55.448268Z[0m [34mDEBUG[0m [2mhyper::proto::h1::conn[0m[2m:[0m incoming body completed
[2m2025-12-10T10:12:55.448294Z[0m [34mDEBUG[0m [2mhyper::client::pool[0m[2m:[0m pooling idle connection for ("http", 192.168.0.14:8545)
[2m2025-12-10T10:12:55.448328Z[0m [34mDEBUG[0m [2mhyper::proto::h1::io[0m[2m:[0m parsed 4 headers
[2m2025-12-10T10:12:55.448333Z[0m [34mDEBUG[0m [2mhyper::proto::h1::conn[0m[2m:[0m incoming body is content-length (45 bytes)
[2m2025-12-10T10:12:55.448339Z[0m [34mDEBUG[0m [2mhyper::proto::h1::conn[0m[2m:[0m incoming body completed
[2m2025-12-10T10:12:55.448343Z[0m [34mDEBUG[0m [2mhyper::client::pool[0m[2m:[0m pooling idle connection for ("http", 192.168.0.14:8545)
[2m2025-12-10T10:12:55.455886Z[0m [34mDEBUG[0m [2methereum_transaction_pool_monitor::eth_client[0m[2m:[0m 📨 Received WebSocket message: {"jsonrpc":"2.0","method":"eth_subscription","params":{"subscription":"0xbed0a0851463e895960a451075a301a9","result":"0xf2baeeb4abf216e30a51e15d3a0901c76a094f4c895d8115eb458363f391875b"}}
[2m2025-12-10T10:12:55.455894Z[0m [34mDEBUG[0m [2methereum_transaction_pool_monitor::eth_client[0m[2m:[0m 📨 Received pending transaction: 0xf2baeeb4abf216e30a51e15d3a0901c76a094f4c895d8115eb458363f391875b
[2m2025-12-10T10:12:55.482314Z[0m [34mDEBUG[0m [2methereum_transaction_pool_monitor::eth_client[0m[2m:[0m 📨 Received WebSocket message: {"jsonrpc":"2.0","method":"eth_subscription","params":{"subscription":"0xbed0a0851463e895960a451075a301a9","result":"0x0cf9f13ad17cd11203b9ffa5a9675f478c86901d2c36fb60cb185f1eadd6b925"}}
[2m2025-12-10T10:12:55.482338Z[0m [34mDEBUG[0m [2methereum_transaction_pool_monitor::eth_client[0m[2m:[0m 📨 Received pending transaction: 0x0cf9f13ad17cd11203b9ffa5a9675f478c86901d2c36fb60cb185f1eadd6b925
[2m2025-12-10T10:12:55.490139Z[0m [34mDEBUG[0m [2methereum_transaction_pool_monitor::eth_client[0m[2m:[0m 📨 Received WebSocket message: {"jsonrpc":"2.0","method":"eth_subscription","params":{"subscription":"0xbed0a0851463e895960a451075a301a9","result":"0xee5fae92262ed4bcf2922ddeef6ccfb4ccbabb72f6062adf4af6a062ad3d61b7"}}
[2m2025-12-10T10:12:55.490925Z[0m [34mDEBUG[0m [2methereum_transaction_pool_monitor::eth_client[0m[2m:[0m 📨 Received pending transaction: 0xee5fae92262ed4bcf2922ddeef6ccfb4ccbabb72f6062adf4af6a062ad3d61b7
[2m2025-12-10T10:12:55.495498Z[0m [34mDEBUG[0m [2methereum_transaction_pool_monitor::eth_client[0m[2m:[0m 📨 Received WebSocket message: {"jsonrpc":"2.0","method":"eth_subscription","params":{"subscription":"0xbed0a0851463e895960a451075a301a9","result":"0x1055a90a437944a354153861001ceebfa5005196742fb9f60f45d640bced853c"}}
[2m2025-12-10T10:12:55.495504Z[0m [34mDEBUG[0m [2methereum_transaction_pool_monitor::eth_client[0m[2m:[0m 📨 Received pending transaction: 0x1055a90a437944a354153861001ceebfa5005196742fb9f60f45d640bced853c
[2m2025-12-10T10:12:55.499280Z[0m [34mDEBUG[0m [2mhyper::client::pool[0m[2m:[0m reuse idle connection for ("http", 192.168.0.14:8545)
[2m2025-12-10T10:12:55.499509Z[0m [34mDEBUG[0m [2mhyper::proto::h1::io[0m[2m:[0m flushed 172 bytes
[2m2025-12-10T10:12:55.509294Z[0m [34mDEBUG[0m [2mhyper::proto::h1::io[0m[2m:[0m parsed 4 headers
[2m2025-12-10T10:12:55.509304Z[0m [34mDEBUG[0m [2mhyper::proto::h1::conn[0m[2m:[0m incoming body is content-length (45 bytes)
[2m2025-12-10T10:12:55.509310Z[0m [34mDEBUG[0m [2mhyper::proto::h1::conn[0m[2m:[0m incoming body completed
[2m2025-12-10T10:12:55.509318Z[0m [34mDEBUG[0m [2mhyper::client::pool[0m[2m:[0m pooling idle connection for ("http", 192.168.0.14:8545)
[2m2025-12-10T10:12:55.510701Z[0m [34mDEBUG[0m [2methereum_transaction_pool_monitor::eth_client[0m[2m:[0m 📨 Received WebSocket message: {"jsonrpc":"2.0","method":"eth_subscription","params":{"subscription":"0xbed0a0851463e895960a451075a301a9","result":"0x8d7ef9f83ff62ab80332f595a230f0684d0b7189cede53be7527d28b256a6f9d"}}
[2m2025-12-10T10:12:55.510708Z[0m [34mDEBUG[0m [2methereum_transaction_pool_monitor::eth_client[0m[2m:[0m 📨 Received pending transaction: 0x8d7ef9f83ff62ab80332f595a230f0684d0b7189cede53be7527d28b256a6f9d
[2m2025-12-10T10:12:55.520826Z[0m [34mDEBUG[0m [2methereum_transaction_pool_monitor::eth_client[0m[2m:[0m ✅ Transaction 0xf0d982ca2fd5164783026a12a9889890cbefbc4725a691853beeffb27e7d2bea fetched and parsed in 81.065625ms
[2m2025-12-10T10:12:55.520840Z[0m [34mDEBUG[0m [2methereum_transaction_pool_monitor::mempool_monitor[0m[2m:[0m 🔍 Skipping tx 0xf0d982ca2fd5164783026a12a9889890cbefbc4725a691853beeffb27e7d2bea - not a DEX interaction (target: 0x601a2aD6CB5949f0529735254189Ba3194221EDF)
[2m2025-12-10T10:12:55.520849Z[0m [34mDEBUG[0m [2methereum_transaction_pool_monitor::mempool_monitor[0m[2m:[0m 📨 Processing new pending transaction: 0x80a340def7a61fc39189d8dc93f45f4a9280f2fa39bc77362689867c0adad6bc
[2m2025-12-10T10:12:55.520854Z[0m [34mDEBUG[0m [2methereum_transaction_pool_monitor::mempool_monitor[0m[2m:[0m 🔍 Fetching transaction details for: 0x80a340def7a61fc39189d8dc93f45f4a9280f2fa39bc77362689867c0adad6bc
[2m2025-12-10T10:12:55.520859Z[0m [34mDEBUG[0m [2methereum_transaction_pool_monitor::eth_client[0m[2m:[0m 🔍 Fetching transaction details for hash: 0x80a340def7a61fc39189d8dc93f45f4a9280f2fa39bc77362689867c0adad6bc
[2m2025-12-10T10:12:55.520876Z[0m [34mDEBUG[0m [2mhyper::client::pool[0m[2m:[0m reuse idle connection for ("http", 192.168.0.14:8545)
[2m2025-12-10T10:12:55.520907Z[0m [34mDEBUG[0m [2mhyper::proto::h1::io[0m[2m:[0m flushed 250 bytes
[2m2025-12-10T10:12:55.527384Z[0m [34mDEBUG[0m [2mhyper::proto::h1::io[0m[2m:[0m parsed 4 headers
[2m2025-12-10T10:12:55.527391Z[0m [34mDEBUG[0m [2mhyper::proto::h1::conn[0m[2m:[0m incoming body is content-length (771 bytes)
[2m2025-12-10T10:12:55.527400Z[0m [34mDEBUG[0m [2mhyper::proto::h1::conn[0m[2m:[0m incoming body completed
[2m2025-12-10T10:12:55.527412Z[0m [34mDEBUG[0m [2mhyper::client::pool[0m[2m:[0m pooling idle connection for ("http", 192.168.0.14:8545)
[2m2025-12-10T10:12:55.527420Z[0m [34mDEBUG[0m [2methereum_transaction_pool_monitor::eth_client[0m[2m:[0m 📡 Transaction fetch RPC completed in 6.556ms
[2m2025-12-10T10:12:55.527441Z[0m [34mDEBUG[0m [2methereum_transaction_pool_monitor::eth_client[0m[2m:[0m DeFi transaction detected - Address: 0xdac17f958d2ee523a2206206994597c13d831ec7, Type: Stablecoin, Value: 0 ETH, Gas: 0.85 Gwei
[2m2025-12-10T10:12:55.527461Z[0m [34mDEBUG[0m [2methereum_transaction_pool_monitor::eth_client[0m[2m:[0m ✅ Transaction 0x80a340def7a61fc39189d8dc93f45f4a9280f2fa39bc77362689867c0adad6bc fetched and parsed in 6.597541ms
[2m2025-12-10T10:12:55.527467Z[0m [34mDEBUG[0m [2methereum_transaction_pool_monitor::mempool_monitor[0m[2m:[0m 🔍 Skipping tx 0x80a340def7a61fc39189d8dc93f45f4a9280f2fa39bc77362689867c0adad6bc - not a DEX interaction (target: 0xdAC17F958D2ee523a2206206994597C13D831ec7)
[2m2025-12-10T10:12:55.527473Z[0m [34mDEBUG[0m [2methereum_transaction_pool_monitor::mempool_monitor[0m[2m:[0m 📨 Processing new pending transaction: 0x20f7e8a51ff7ac267fe27a118bdc6cd0e61194b5f87772e0d4bb2bf1ceeef53f
[2m2025-12-10T10:12:55.527477Z[0m [34mDEBUG[0m [2methereum_transaction_pool_monitor::mempool_monitor[0m[2m:[0m 🔍 Fetching transaction details for: 0x20f7e8a51ff7ac267fe27a118bdc6cd0e61194b5f87772e0d4bb2bf1ceeef53f
[2m2025-12-10T10:12:55.527480Z[0m [34mDEBUG[0m [2methereum_transaction_pool_monitor::eth_client[0m[2m:[0m 🔍 Fetching transaction details for hash: 0x20f7e8a51ff7ac267fe27a118bdc6cd0e61194b5f87772e0d4bb2bf1ceeef53f
[2m2025-12-10T10:12:55.527494Z[0m [34mDEBUG[0m [2mhyper::client::pool[0m[2m:[0m reuse idle connection for ("http", 192.168.0.14:8545)
[2m2025-12-10T10:12:55.527512Z[0m [34mDEBUG[0m [2mhyper::proto::h1::io[0m[2m:[0m flushed 250 bytes
[2m2025-12-10T10:12:55.532338Z[0m [34mDEBUG[0m [2mhyper::proto::h1::io[0m[2m:[0m parsed 4 headers
[2m2025-12-10T10:12:55.532343Z[0m [34mDEBUG[0m [2mhyper::proto::h1::conn[0m[2m:[0m incoming body is content-length (770 bytes)
[2m2025-12-10T10:12:55.532346Z[0m [34mDEBUG[0m [2mhyper::proto::h1::conn[0m[2m:[0m incoming body completed
[2m2025-12-10T10:12:55.532350Z[0m [34mDEBUG[0m [2mhyper::client::pool[0m[2m:[0m pooling idle connection for ("http", 192.168.0.14:8545)
[2m2025-12-10T10:12:55.532354Z[0m [34mDEBUG[0m [2methereum_transaction_pool_monitor::eth_client[0m[2m:[0m 📡 Transaction fetch RPC completed in 4.870666ms
[2m2025-12-10T10:12:55.532361Z[0m [34mDEBUG[0m [2methereum_transaction_pool_monitor::eth_client[0m[2m:[0m DeFi transaction detected - Address: 0xdac17f958d2ee523a2206206994597c13d831ec7, Type: Stablecoin, Value: 0 ETH, Gas: 0.28 Gwei
[2m2025-12-10T10:12:55.532368Z[0m [34mDEBUG[0m [2methereum_transaction_pool_monitor::eth_client[0m[2m:[0m ✅ Transaction 0x20f7e8a51ff7ac267fe27a118bdc6cd0e61194b5f87772e0d4bb2bf1ceeef53f fetched and parsed in 4.885333ms
[2m2025-12-10T10:12:55.532373Z[0m [34mDEBUG[0m [2methereum_transaction_pool_monitor::mempool_monitor[0m[2m:[0m 🔍 Skipping tx 0x20f7e8a51ff7ac267fe27a118bdc6cd0e61194b5f87772e0d4bb2bf1ceeef53f - not a DEX interaction (target: 0xdAC17F958D2ee523a2206206994597C13D831ec7)
[2m2025-12-10T10:12:55.532377Z[0m [34mDEBUG[0m [2methereum_transaction_pool_monitor::mempool_monitor[0m[2m:[0m 📨 Processing new pending transaction: 0x1a6a113b78d08a3f34d3b318e2e858b2cc9bd59c841160fa15983e2e9fd835e7
[2m2025-12-10T10:12:55.532381Z[0m [34mDEBUG[0m [2methereum_transaction_pool_monitor::mempool_monitor[0m[2m:[0m 🔍 Fetching transaction details for: 0x1a6a113b78d08a3f34d3b318e2e858b2cc9bd59c841160fa15983e2e9fd835e7
[2m2025-12-10T10:12:55.532384Z[0m [34mDEBUG[0m [2methereum_transaction_pool_monitor::eth_client[0m[2m:[0m 🔍 Fetching transaction details for hash: 0x1a6a113b78d08a3f34d3b318e2e858b2cc9bd59c841160fa15983e2e9fd835e7
[2m2025-12-10T10:12:55.532389Z[0m [34mDEBUG[0m [2mhyper::client::pool[0m[2m:[0m reuse idle connection for ("http", 192.168.0.14:8545)
[2m2025-12-10T10:12:55.532401Z[0m [34mDEBUG[0m [2mhyper::proto::h1::io[0m[2m:[0m flushed 250 bytes
[2m2025-12-10T10:12:55.538667Z[0m [34mDEBUG[0m [2mhyper::proto::h1::io[0m[2m:[0m parsed 4 headers
[2m2025-12-10T10:12:55.538673Z[0m [34mDEBUG[0m [2mhyper::proto::h1::conn[0m[2m:[0m incoming body is content-length (828 bytes)
[2m2025-12-10T10:12:55.538677Z[0m [34mDEBUG[0m [2mhyper::proto::h1::conn[0m[2m:[0m incoming body completed
[2m2025-12-10T10:12:55.538682Z[0m [34mDEBUG[0m [2mhyper::client::pool[0m[2m:[0m pooling idle connection for ("http", 192.168.0.14:8545)
[2m2025-12-10T10:12:55.538686Z[0m [34mDEBUG[0m [2methereum_transaction_pool_monitor::eth_client[0m[2m:[0m 📡 Transaction fetch RPC completed in 6.298791ms
[2m2025-12-10T10:12:55.610384Z[0m [34mDEBUG[0m [2methereum_transaction_pool_monitor::eth_client[0m[2m:[0m ✅ Transaction 0x1a6a113b78d08a3f34d3b318e2e858b2cc9bd59c841160fa15983e2e9fd835e7 fetched and parsed in 77.994291ms
[2m2025-12-10T10:12:55.610409Z[0m [34mDEBUG[0m [2methereum_transaction_pool_monitor::mempool_monitor[0m[2m:[0m 🔍 Skipping tx 0x1a6a113b78d08a3f34d3b318e2e858b2cc9bd59c841160fa15983e2e9fd835e7 - not a DEX interaction (target: 0x3B4D794a66304F130a4Db8F2551B0070dfCf5ca7)
[2m2025-12-10T10:12:55.610418Z[0m [34mDEBUG[0m [2methereum_transaction_pool_monitor::mempool_monitor[0m[2m:[0m 📨 Processing new pending transaction: 0x6c2d4cf6954f5aa4e9214016823f82d269c06720589b7e5bca8a6d4c4a8b9505
[2m2025-12-10T10:12:55.610425Z[0m [34mDEBUG[0m [2methereum_transaction_pool_monitor::mempool_monitor[0m[2m:[0m 🔍 Fetching transaction details for: 0x6c2d4cf6954f5aa4e9214016823f82d269c06720589b7e5bca8a6d4c4a8b9505
[2m2025-12-10T10:12:55.610430Z[0m [34mDEBUG[0m [2methereum_transaction_pool_monitor::eth_client[0m[2m:[0m 🔍 Fetching transaction details for hash: 0x6c2d4cf6954f5aa4e9214016823f82d269c06720589b7e5bca8a6d4c4a8b9505
[2m2025-12-10T10:12:55.610446Z[0m [34mDEBUG[0m [2mhyper::client::pool[0m[2m:[0m reuse idle connection for ("http", 192.168.0.14:8545)
[2m2025-12-10T10:12:55.610487Z[0m [34mDEBUG[0m [2mhyper::proto::h1::io[0m[2m:[0m flushed 250 bytes
[2m2025-12-10T10:12:55.610505Z[0m [34mDEBUG[0m [2mhyper::client::pool[0m[2m:[0m reuse idle connection for ("http", 192.168.0.14:8545)
[2m2025-12-10T10:12:55.610518Z[0m [34mDEBUG[0m [2mhyper::proto::h1::io[0m[2m:[0m flushed 172 bytes
[2m2025-12-10T10:12:55.610519Z[0m [34mDEBUG[0m [2methereum_transaction_pool_monitor::eth_client[0m[2m:[0m 📨 Received WebSocket message: {"jsonrpc":"2.0","method":"eth_subscription","params":{"subscription":"0xbed0a0851463e895960a451075a301a9","result":"0xb1440cef432a4a907286f04b2c82ac69dc8e2f7f483d0d4e05c65f02c5b9ef60"}}
[2m2025-12-10T10:12:55.610529Z[0m [34mDEBUG[0m [2methereum_transaction_pool_monitor::eth_client[0m[2m:[0m 📨 Received pending transaction: 0xb1440cef432a4a907286f04b2c82ac69dc8e2f7f483d0d4e05c65f02c5b9ef60
[2m2025-12-10T10:12:55.610537Z[0m [34mDEBUG[0m [2methereum_transaction_pool_monitor::eth_client[0m[2m:[0m 📨 Received WebSocket message: {"jsonrpc":"2.0","method":"eth_subscription","params":{"subscription":"0xbed0a0851463e895960a451075a301a9","result":"0x1527d90656371b093c4b2484a940c955a833401558477302515f29a4d5b9027d"}}
[2m2025-12-10T10:12:55.610543Z[0m [34mDEBUG[0m [2methereum_transaction_pool_monitor::eth_client[0m[2m:[0m 📨 Received pending transaction: 0x1527d90656371b093c4b2484a940c955a833401558477302515f29a4d5b9027d
[2m2025-12-10T10:12:55.616301Z[0m [34mDEBUG[0m [2mhyper::proto::h1::io[0m[2m:[0m parsed 4 headers
[2m2025-12-10T10:12:55.616306Z[0m [34mDEBUG[0m [2mhyper::proto::h1::conn[0m[2m:[0m incoming body is content-length (1731 bytes)
[2m2025-12-10T10:12:55.616319Z[0m [34mDEBUG[0m [2methereum_transaction_pool_monitor::eth_client[0m[2m:[0m 📡 Transaction fetch RPC completed in 5.885083ms
[2m2025-12-10T10:12:55.616880Z[0m [34mDEBUG[0m [2mhyper::proto::h1::conn[0m[2m:[0m incoming body completed
[2m2025-12-10T10:12:55.616911Z[0m [34mDEBUG[0m [2mhyper::client::pool[0m[2m:[0m pooling idle connection for ("http", 192.168.0.14:8545)
[2m2025-12-10T10:12:55.618354Z[0m [34mDEBUG[0m [2mhyper::proto::h1::io[0m[2m:[0m parsed 4 headers
[2m2025-12-10T10:12:55.618360Z[0m [34mDEBUG[0m [2mhyper::proto::h1::conn[0m[2m:[0m incoming body is content-length (45 bytes)
[2m2025-12-10T10:12:55.618370Z[0m [34mDEBUG[0m [2mhyper::proto::h1::conn[0m[2m:[0m incoming body completed
[2m2025-12-10T10:12:55.618377Z[0m [34mDEBUG[0m [2mhyper::client::pool[0m[2m:[0m pooling idle connection for ("http", 192.168.0.14:8545)
[2m2025-12-10T10:12:55.686373Z[0m [34mDEBUG[0m [2methereum_transaction_pool_monitor::eth_client[0m[2m:[0m ✅ Transaction 0x6c2d4cf6954f5aa4e9214016823f82d269c06720589b7e5bca8a6d4c4a8b9505 fetched and parsed in 75.9365ms
[2m2025-12-10T10:12:55.686642Z[0m [34mDEBUG[0m [2methereum_transaction_pool_monitor::mempool_monitor[0m[2m:[0m 🔍 Skipping tx 0x6c2d4cf6954f5aa4e9214016823f82d269c06720589b7e5bca8a6d4c4a8b9505 - not a DEX interaction (target: 0x601a2aD6CB5949f0529735254189Ba3194221EDF)
[2m2025-12-10T10:12:55.686654Z[0m [34mDEBUG[0m [2methereum_transaction_pool_monitor::mempool_monitor[0m[2m:[0m 📨 Processing new pending transaction: 0x55608bbcdd04c2fd1ab83b8ed4704ae7dd53dc1b0ce34949f7df90361860a512
[2m2025-12-10T10:12:55.686661Z[0m [34mDEBUG[0m [2methereum_transaction_pool_monitor::mempool_monitor[0m[2m:[0m 🔍 Fetching transaction details for: 0x55608bbcdd04c2fd1ab83b8ed4704ae7dd53dc1b0ce34949f7df90361860a512
[2m2025-12-10T10:12:55.686664Z[0m [34mDEBUG[0m [2methereum_transaction_pool_monitor::eth_client[0m[2m:[0m 🔍 Fetching transaction details for hash: 0x55608bbcdd04c2fd1ab83b8ed4704ae7dd53dc1b0ce34949f7df90361860a512
[2m2025-12-10T10:12:55.686681Z[0m [34mDEBUG[0m [2mhyper::client::pool[0m[2m:[0m reuse idle connection for ("http", 192.168.0.14:8545)
[2m2025-12-10T10:12:55.686712Z[0m [34mDEBUG[0m [2mhyper::proto::h1::io[0m[2m:[0m flushed 250 bytes
[2m2025-12-10T10:12:55.690394Z[0m [34mDEBUG[0m [2mhyper::proto::h1::io[0m[2m:[0m parsed 4 headers
[2m2025-12-10T10:12:55.690402Z[0m [34mDEBUG[0m [2mhyper::proto::h1::conn[0m[2m:[0m incoming body is content-length (657 bytes)
[2m2025-12-10T10:12:55.690415Z[0m [34mDEBUG[0m [2mhyper::proto::h1::conn[0m[2m:[0m incoming body completed
[2m2025-12-10T10:12:55.690431Z[0m [34mDEBUG[0m [2mhyper::client::pool[0m[2m:[0m pooling idle connection for ("http", 192.168.0.14:8545)
[2m2025-12-10T10:12:55.690439Z[0m [34mDEBUG[0m [2methereum_transaction_pool_monitor::eth_client[0m[2m:[0m 📡 Transaction fetch RPC completed in 3.7705ms
[2m2025-12-10T10:12:55.761574Z[0m [34mDEBUG[0m [2methereum_transaction_pool_monitor::eth_client[0m[2m:[0m ✅ Transaction 0x55608bbcdd04c2fd1ab83b8ed4704ae7dd53dc1b0ce34949f7df90361860a512 fetched and parsed in 74.903125ms
[2m2025-12-10T10:12:55.761595Z[0m [34mDEBUG[0m [2methereum_transaction_pool_monitor::mempool_monitor[0m[2m:[0m 🔍 Skipping tx 0x55608bbcdd04c2fd1ab83b8ed4704ae7dd53dc1b0ce34949f7df90361860a512 - not a DEX interaction (target: 0x6Da17b66f60e4da833e2ba622c46C579C8DfDd9a)
[2m2025-12-10T10:12:55.761606Z[0m [34mDEBUG[0m [2methereum_transaction_pool_monitor::mempool_monitor[0m[2m:[0m 📨 Processing new pending transaction: 0x6bc8795068063377e7fed8e9c9712d6a5a9dc3a57788cf03f8ed343c841b69c3
[2m2025-12-10T10:12:55.761613Z[0m [34mDEBUG[0m [2methereum_transaction_pool_monitor::mempool_monitor[0m[2m:[0m 🔍 Fetching transaction details for: 0x6bc8795068063377e7fed8e9c9712d6a5a9dc3a57788cf03f8ed343c841b69c3
[2m2025-12-10T10:12:55.761618Z[0m [34mDEBUG[0m [2methereum_transaction_pool_monitor::eth_client[0m[2m:[0m 🔍 Fetching transaction details for hash: 0x6bc8795068063377e7fed8e9c9712d6a5a9dc3a57788cf03f8ed343c841b69c3
[2m2025-12-10T10:12:55.761635Z[0m [34mDEBUG[0m [2mhyper::client::pool[0m[2m:[0m reuse idle connection for ("http", 192.168.0.14:8545)
[2m2025-12-10T10:12:55.761665Z[0m [34mDEBUG[0m [2mhyper::proto::h1::io[0m[2m:[0m flushed 250 bytes
[2m2025-12-10T10:12:55.761683Z[0m [34mDEBUG[0m [2mhyper::client::pool[0m[2m:[0m reuse idle connection for ("http", 192.168.0.14:8545)
[2m2025-12-10T10:12:55.761692Z[0m [34mDEBUG[0m [2methereum_transaction_pool_monitor::eth_client[0m[2m:[0m 📨 Received WebSocket message: {"jsonrpc":"2.0","method":"eth_subscription","params":{"subscription":"0xbed0a0851463e895960a451075a301a9","result":"0x1756f2ee0c7a5a48fdc808fa26388839421569e7ae8eb3aa07ab552517f1f83e"}}
[2m2025-12-10T10:12:55.761696Z[0m [34mDEBUG[0m [2mhyper::proto::h1::io[0m[2m:[0m flushed 172 bytes
[2m2025-12-10T10:12:55.761705Z[0m [34mDEBUG[0m [2methereum_transaction_pool_monitor::eth_client[0m[2m:[0m 📨 Received pending transaction: 0x1756f2ee0c7a5a48fdc808fa26388839421569e7ae8eb3aa07ab552517f1f83e
[2m2025-12-10T10:12:55.769941Z[0m [34mDEBUG[0m [2mhyper::proto::h1::io[0m[2m:[0m parsed 4 headers
[2m2025-12-10T10:12:55.769948Z[0m [34mDEBUG[0m [2mhyper::proto::h1::conn[0m[2m:[0m incoming body is content-length (778 bytes)
[2m2025-12-10T10:12:55.769959Z[0m [34mDEBUG[0m [2mhyper::proto::h1::conn[0m[2m:[0m incoming body completed
[2m2025-12-10T10:12:55.769970Z[0m [34mDEBUG[0m [2mhyper::client::pool[0m[2m:[0m pooling idle connection for ("http", 192.168.0.14:8545)
[2m2025-12-10T10:12:55.769977Z[0m [34mDEBUG[0m [2methereum_transaction_pool_monitor::eth_client[0m[2m:[0m 📡 Transaction fetch RPC completed in 8.354625ms
[2m2025-12-10T10:12:55.769999Z[0m [34mDEBUG[0m [2methereum_transaction_pool_monitor::eth_client[0m[2m:[0m DeFi transaction detected - Address: 0xdac17f958d2ee523a2206206994597c13d831ec7, Type: Stablecoin, Value: 0 ETH, Gas: 127.50 Gwei
[2m2025-12-10T10:12:55.770015Z[0m [34mDEBUG[0m [2methereum_transaction_pool_monitor::eth_client[0m[2m:[0m ✅ Transaction 0x6bc8795068063377e7fed8e9c9712d6a5a9dc3a57788cf03f8ed343c841b69c3 fetched and parsed in 8.393166ms
[2m2025-12-10T10:12:55.770030Z[0m [34mDEBUG[0m [2methereum_transaction_pool_monitor::mempool_monitor[0m[2m:[0m 🔍 Skipping tx 0x6bc8795068063377e7fed8e9c9712d6a5a9dc3a57788cf03f8ed343c841b69c3 - not a DEX interaction (target: 0xdAC17F958D2ee523a2206206994597C13D831ec7)
[2m2025-12-10T10:12:55.770036Z[0m [34mDEBUG[0m [2methereum_transaction_pool_monitor::mempool_monitor[0m[2m:[0m 📨 Processing new pending transaction: 0x7627de1d639d0a44dc0c820203fa6c56dc55b6398e11a6906b59215e45e72ef4
[2m2025-12-10T10:12:55.770039Z[0m [34mDEBUG[0m [2methereum_transaction_pool_monitor::mempool_monitor[0m[2m:[0m 🔍 Fetching transaction details for: 0x7627de1d639d0a44dc0c820203fa6c56dc55b6398e11a6906b59215e45e72ef4
[2m2025-12-10T10:12:55.770042Z[0m [34mDEBUG[0m [2methereum_transaction_pool_monitor::eth_client[0m[2m:[0m 🔍 Fetching transaction details for hash: 0x7627de1d639d0a44dc0c820203fa6c56dc55b6398e11a6906b59215e45e72ef4
[2m2025-12-10T10:12:55.770050Z[0m [34mDEBUG[0m [2mhyper::client::pool[0m[2m:[0m reuse idle connection for ("http", 192.168.0.14:8545)
[2m2025-12-10T10:12:55.770064Z[0m [34mDEBUG[0m [2mhyper::proto::h1::io[0m[2m:[0m flushed 250 bytes
[2m2025-12-10T10:12:55.770071Z[0m [34mDEBUG[0m [2mhyper::proto::h1::io[0m[2m:[0m parsed 4 headers
[2m2025-12-10T10:12:55.770074Z[0m [34mDEBUG[0m [2mhyper::proto::h1::conn[0m[2m:[0m incoming body is content-length (45 bytes)
[2m2025-12-10T10:12:55.770077Z[0m [34mDEBUG[0m [2mhyper::proto::h1::conn[0m[2m:[0m incoming body completed
[2m2025-12-10T10:12:55.770082Z[0m [34mDEBUG[0m [2mhyper::client::pool[0m[2m:[0m pooling idle connection for ("http", 192.168.0.14:8545)
[2m2025-12-10T10:12:55.779158Z[0m [34mDEBUG[0m [2mhyper::proto::h1::io[0m[2m:[0m parsed 4 headers
[2m2025-12-10T10:12:55.779163Z[0m [34mDEBUG[0m [2mhyper::proto::h1::conn[0m[2m:[0m incoming body is content-length (768 bytes)
[2m2025-12-10T10:12:55.779168Z[0m [34mDEBUG[0m [2mhyper::proto::h1::conn[0m[2m:[0m incoming body completed
[2m2025-12-10T10:12:55.779173Z[0m [34mDEBUG[0m [2mhyper::client::pool[0m[2m:[0m pooling idle connection for ("http", 192.168.0.14:8545)
[2m2025-12-10T10:12:55.779177Z[0m [34mDEBUG[0m [2methereum_transaction_pool_monitor::eth_client[0m[2m:[0m 📡 Transaction fetch RPC completed in 9.131375ms
[2m2025-12-10T10:12:55.850750Z[0m [34mDEBUG[0m [2methereum_transaction_pool_monitor::eth_client[0m[2m:[0m ✅ Transaction 0x7627de1d639d0a44dc0c820203fa6c56dc55b6398e11a6906b59215e45e72ef4 fetched and parsed in 80.7025ms
[2m2025-12-10T10:12:55.850777Z[0m [34mDEBUG[0m [2methereum_transaction_pool_monitor::mempool_monitor[0m[2m:[0m 🔍 Skipping tx 0x7627de1d639d0a44dc0c820203fa6c56dc55b6398e11a6906b59215e45e72ef4 - not a DEX interaction (target: 0xA0b86991c6218b36c1d19D4a2e9Eb0cE3606eB48)
[2m2025-12-10T10:12:55.850786Z[0m [34mDEBUG[0m [2methereum_transaction_pool_monitor::mempool_monitor[0m[2m:[0m 📨 Processing new pending transaction: 0xb4511731165ae921c278632616ae1b05b8b198fa35337bebeb079cc76fc6d9c8
[2m2025-12-10T10:12:55.850792Z[0m [34mDEBUG[0m [2methereum_transaction_pool_monitor::mempool_monitor[0m[2m:[0m 🔍 Fetching transaction details for: 0xb4511731165ae921c278632616ae1b05b8b198fa35337bebeb079cc76fc6d9c8
[2m2025-12-10T10:12:55.850796Z[0m [34mDEBUG[0m [2methereum_transaction_pool_monitor::eth_client[0m[2m:[0m 🔍 Fetching transaction details for hash: 0xb4511731165ae921c278632616ae1b05b8b198fa35337bebeb079cc76fc6d9c8
[2m2025-12-10T10:12:55.850816Z[0m [34mDEBUG[0m [2mhyper::client::pool[0m[2m:[0m reuse idle connection for ("http", 192.168.0.14:8545)
[2m2025-12-10T10:12:55.850844Z[0m [34mDEBUG[0m [2mhyper::proto::h1::io[0m[2m:[0m flushed 250 bytes
[2m2025-12-10T10:12:55.850875Z[0m [34mDEBUG[0m [2mhyper::client::pool[0m[2m:[0m reuse idle connection for ("http", 192.168.0.14:8545)
[2m2025-12-10T10:12:55.850891Z[0m [34mDEBUG[0m [2mhyper::proto::h1::io[0m[2m:[0m flushed 172 bytes
[2m2025-12-10T10:12:55.852306Z[0m [34mDEBUG[0m [2methereum_transaction_pool_monitor::eth_client[0m[2m:[0m 📨 Received WebSocket message: {"jsonrpc":"2.0","method":"eth_subscription","params":{"subscription":"0xbed0a0851463e895960a451075a301a9","result":"0x879e3f9eaa50289ba999279dc2c8e4ecf5329c8707e2f3ac5205c3e3c9737486"}}
[2m2025-12-10T10:12:55.852332Z[0m [34mDEBUG[0m [2methereum_transaction_pool_monitor::eth_client[0m[2m:[0m 📨 Received pending transaction: 0x879e3f9eaa50289ba999279dc2c8e4ecf5329c8707e2f3ac5205c3e3c9737486
[2m2025-12-10T10:12:55.857478Z[0m [34mDEBUG[0m [2mhyper::proto::h1::io[0m[2m:[0m parsed 4 headers
[2m2025-12-10T10:12:55.857488Z[0m [34mDEBUG[0m [2mhyper::proto::h1::conn[0m[2m:[0m incoming body is content-length (45 bytes)
[2m2025-12-10T10:12:55.857489Z[0m [34mDEBUG[0m [2mhyper::proto::h1::io[0m[2m:[0m parsed 4 headers
[2m2025-12-10T10:12:55.857515Z[0m [34mDEBUG[0m [2mhyper::proto::h1::conn[0m[2m:[0m incoming body completed
[2m2025-12-10T10:12:55.857526Z[0m [34mDEBUG[0m [2mhyper::client::pool[0m[2m:[0m pooling idle connection for ("http", 192.168.0.14:8545)
[2m2025-12-10T10:12:55.857516Z[0m [34mDEBUG[0m [2mhyper::proto::h1::conn[0m[2m:[0m incoming body is content-length (648 bytes)
[2m2025-12-10T10:12:55.857553Z[0m [34mDEBUG[0m [2mhyper::proto::h1::conn[0m[2m:[0m incoming body completed
[2m2025-12-10T10:12:55.857558Z[0m [34mDEBUG[0m [2mhyper::client::pool[0m[2m:[0m pooling idle connection for ("http", 192.168.0.14:8545)
[2m2025-12-10T10:12:55.857563Z[0m [34mDEBUG[0m [2methereum_transaction_pool_monitor::eth_client[0m[2m:[0m 📡 Transaction fetch RPC completed in 6.7625ms
[2m2025-12-10T10:12:55.898260Z[0m [34mDEBUG[0m [2mhyper::client::pool[0m[2m:[0m reuse idle connection for ("http", 192.168.0.14:8545)
[2m2025-12-10T10:12:55.898314Z[0m [34mDEBUG[0m [2mhyper::proto::h1::io[0m[2m:[0m flushed 172 bytes
[2m2025-12-10T10:12:55.901699Z[0m [34mDEBUG[0m [2mhyper::proto::h1::io[0m[2m:[0m parsed 4 headers
[2m2025-12-10T10:12:55.901705Z[0m [34mDEBUG[0m [2mhyper::proto::h1::conn[0m[2m:[0m incoming body is content-length (45 bytes)
[2m2025-12-10T10:12:55.901712Z[0m [34mDEBUG[0m [2mhyper::proto::h1::conn[0m[2m:[0m incoming body completed
[2m2025-12-10T10:12:55.901720Z[0m [34mDEBUG[0m [2mhyper::client::pool[0m[2m:[0m pooling idle connection for ("http", 192.168.0.14:8545)
[2m2025-12-10T10:12:55.928809Z[0m [34mDEBUG[0m [2methereum_transaction_pool_monitor::eth_client[0m[2m:[0m ✅ Transaction 0xb4511731165ae921c278632616ae1b05b8b198fa35337bebeb079cc76fc6d9c8 fetched and parsed in 78.00625ms
[2m2025-12-10T10:12:55.928833Z[0m [34mDEBUG[0m [2methereum_transaction_pool_monitor::mempool_monitor[0m[2m:[0m 🔍 Skipping tx 0xb4511731165ae921c278632616ae1b05b8b198fa35337bebeb079cc76fc6d9c8 - not a DEX interaction (target: 0xf30ba13e4b04Ce5dC4D254Ae5FA95477800F0EB0)
[2m2025-12-10T10:12:55.928847Z[0m [34mDEBUG[0m [2methereum_transaction_pool_monitor::mempool_monitor[0m[2m:[0m 📨 Processing new pending transaction: 0xf3581204587f9f78e2ec4f89fe8ee1595b363cc88872349adaf7da41e1fea03c
[2m2025-12-10T10:12:55.928855Z[0m [34mDEBUG[0m [2methereum_transaction_pool_monitor::mempool_monitor[0m[2m:[0m 🔍 Fetching transaction details for: 0xf3581204587f9f78e2ec4f89fe8ee1595b363cc88872349adaf7da41e1fea03c
[2m2025-12-10T10:12:55.928863Z[0m [34mDEBUG[0m [2methereum_transaction_pool_monitor::eth_client[0m[2m:[0m 🔍 Fetching transaction details for hash: 0xf3581204587f9f78e2ec4f89fe8ee1595b363cc88872349adaf7da41e1fea03c
[2m2025-12-10T10:12:55.928882Z[0m [34mDEBUG[0m [2mhyper::client::pool[0m[2m:[0m reuse idle connection for ("http", 192.168.0.14:8545)
[2m2025-12-10T10:12:55.928911Z[0m [34mDEBUG[0m [2mhyper::proto::h1::io[0m[2m:[0m flushed 250 bytes
[2m2025-12-10T10:12:55.933612Z[0m [34mDEBUG[0m [2mhyper::proto::h1::io[0m[2m:[0m parsed 4 headers
[2m2025-12-10T10:12:55.934147Z[0m [34mDEBUG[0m [2mhyper::proto::h1::conn[0m[2m:[0m incoming body is content-length (657 bytes)
[2m2025-12-10T10:12:55.934167Z[0m [34mDEBUG[0m [2mhyper::proto::h1::conn[0m[2m:[0m incoming body completed
[2m2025-12-10T10:12:55.934183Z[0m [34mDEBUG[0m [2mhyper::client::pool[0m[2m:[0m pooling idle connection for ("http", 192.168.0.14:8545)
[2m2025-12-10T10:12:55.934196Z[0m [34mDEBUG[0m [2methereum_transaction_pool_monitor::eth_client[0m[2m:[0m 📡 Transaction fetch RPC completed in 5.326125ms
[2m2025-12-10T10:12:56.005289Z[0m [34mDEBUG[0m [2methereum_transaction_pool_monitor::eth_client[0m[2m:[0m ✅ Transaction 0xf3581204587f9f78e2ec4f89fe8ee1595b363cc88872349adaf7da41e1fea03c fetched and parsed in 76.417375ms
[2m2025-12-10T10:12:56.005314Z[0m [34mDEBUG[0m [2methereum_transaction_pool_monitor::mempool_monitor[0m[2m:[0m 🔍 Skipping tx 0xf3581204587f9f78e2ec4f89fe8ee1595b363cc88872349adaf7da41e1fea03c - not a DEX interaction (target: 0xC326BDeb65609f54fdeAB049D9C9952a401e550c)
[2m2025-12-10T10:12:56.005324Z[0m [34mDEBUG[0m [2methereum_transaction_pool_monitor::mempool_monitor[0m[2m:[0m 📨 Processing new pending transaction: 0x998e8518abe8b86e6d13c85d54a4b3fd78eb6aa863b1880998a90a680482a028
[2m2025-12-10T10:12:56.005329Z[0m [34mDEBUG[0m [2methereum_transaction_pool_monitor::mempool_monitor[0m[2m:[0m 🔍 Fetching transaction details for: 0x998e8518abe8b86e6d13c85d54a4b3fd78eb6aa863b1880998a90a680482a028
[2m2025-12-10T10:12:56.005334Z[0m [34mDEBUG[0m [2methereum_transaction_pool_monitor::eth_client[0m[2m:[0m 🔍 Fetching transaction details for hash: 0x998e8518abe8b86e6d13c85d54a4b3fd78eb6aa863b1880998a90a680482a028
[2m2025-12-10T10:12:56.005349Z[0m [34mDEBUG[0m [2mhyper::client::pool[0m[2m:[0m reuse idle connection for ("http", 192.168.0.14:8545)
[2m2025-12-10T10:12:56.005383Z[0m [34mDEBUG[0m [2mhyper::proto::h1::io[0m[2m:[0m flushed 250 bytes
[2m2025-12-10T10:12:56.005403Z[0m [34mDEBUG[0m [2mhyper::client::pool[0m[2m:[0m reuse idle connection for ("http", 192.168.0.14:8545)
[2m2025-12-10T10:12:56.005415Z[0m [34mDEBUG[0m [2mhyper::proto::h1::io[0m[2m:[0m flushed 172 bytes
[2m2025-12-10T10:12:56.005427Z[0m [34mDEBUG[0m [2methereum_transaction_pool_monitor::eth_client[0m[2m:[0m 📨 Received WebSocket message: {"jsonrpc":"2.0","method":"eth_subscription","params":{"subscription":"0xbed0a0851463e895960a451075a301a9","result":"0x06bf9112e540ff73a4def23359ca4d834f9116893bef5f0a01817b2479a402a7"}}
[2m2025-12-10T10:12:56.005435Z[0m [34mDEBUG[0m [2methereum_transaction_pool_monitor::eth_client[0m[2m:[0m 📨 Received pending transaction: 0x06bf9112e540ff73a4def23359ca4d834f9116893bef5f0a01817b2479a402a7
[2m2025-12-10T10:12:56.007483Z[0m [34mDEBUG[0m [2methereum_transaction_pool_monitor::eth_client[0m[2m:[0m 📨 Received WebSocket message: {"jsonrpc":"2.0","method":"eth_subscription","params":{"subscription":"0xbed0a0851463e895960a451075a301a9","result":"0x9ee82ab68d1bd60e56ac0c197d6efad69e331a114f4fcb490dccc33ad8cd5512"}}
[2m2025-12-10T10:12:56.007847Z[0m [34mDEBUG[0m [2methereum_transaction_pool_monitor::eth_client[0m[2m:[0m 📨 Received pending transaction: 0x9ee82ab68d1bd60e56ac0c197d6efad69e331a114f4fcb490dccc33ad8cd5512
[2m2025-12-10T10:12:56.008946Z[0m [34mDEBUG[0m [2mhyper::proto::h1::io[0m[2m:[0m parsed 4 headers
[2m2025-12-10T10:12:56.008956Z[0m [34mDEBUG[0m [2mhyper::proto::h1::conn[0m[2m:[0m incoming body is content-length (45 bytes)
[2m2025-12-10T10:12:56.008970Z[0m [34mDEBUG[0m [2mhyper::proto::h1::conn[0m[2m:[0m incoming body completed
[2m2025-12-10T10:12:56.008984Z[0m [34mDEBUG[0m [2mhyper::client::pool[0m[2m:[0m pooling idle connection for ("http", 192.168.0.14:8545)
[2m2025-12-10T10:12:56.009369Z[0m [34mDEBUG[0m [2mhyper::proto::h1::io[0m[2m:[0m parsed 4 headers
[2m2025-12-10T10:12:56.009376Z[0m [34mDEBUG[0m [2mhyper::proto::h1::conn[0m[2m:[0m incoming body is content-length (657 bytes)
[2m2025-12-10T10:12:56.009380Z[0m [34mDEBUG[0m [2mhyper::proto::h1::conn[0m[2m:[0m incoming body completed
[2m2025-12-10T10:12:56.009386Z[0m [34mDEBUG[0m [2mhyper::client::pool[0m[2m:[0m pooling idle connection for ("http", 192.168.0.14:8545)
[2m2025-12-10T10:12:56.009393Z[0m [34mDEBUG[0m [2methereum_transaction_pool_monitor::eth_client[0m[2m:[0m 📡 Transaction fetch RPC completed in 4.055791ms
[2m2025-12-10T10:12:56.081380Z[0m [34mDEBUG[0m [2methereum_transaction_pool_monitor::eth_client[0m[2m:[0m ✅ Transaction 0x998e8518abe8b86e6d13c85d54a4b3fd78eb6aa863b1880998a90a680482a028 fetched and parsed in 76.040791ms
[2m2025-12-10T10:12:56.081405Z[0m [34mDEBUG[0m [2methereum_transaction_pool_monitor::mempool_monitor[0m[2m:[0m 🔍 Skipping tx 0x998e8518abe8b86e6d13c85d54a4b3fd78eb6aa863b1880998a90a680482a028 - not a DEX interaction (target: 0x93B3BD26C9669b6F397064eE55619C8067a4Cadb)
[2m2025-12-10T10:12:56.081415Z[0m [34mDEBUG[0m [2methereum_transaction_pool_monitor::mempool_monitor[0m[2m:[0m 📨 Processing new pending transaction: 0x6ce6f801b279b3480b9ac7e8b2ad41679ee954efc9fd0a803aa964772e736bf9
[2m2025-12-10T10:12:56.081421Z[0m [34mDEBUG[0m [2methereum_transaction_pool_monitor::mempool_monitor[0m[2m:[0m 🔍 Fetching transaction details for: 0x6ce6f801b279b3480b9ac7e8b2ad41679ee954efc9fd0a803aa964772e736bf9
[2m2025-12-10T10:12:56.081425Z[0m [34mDEBUG[0m [2methereum_transaction_pool_monitor::eth_client[0m[2m:[0m 🔍 Fetching transaction details for hash: 0x6ce6f801b279b3480b9ac7e8b2ad41679ee954efc9fd0a803aa964772e736bf9
[2m2025-12-10T10:12:56.081440Z[0m [34mDEBUG[0m [2mhyper::client::pool[0m[2m:[0m reuse idle connection for ("http", 192.168.0.14:8545)
[2m2025-12-10T10:12:56.081477Z[0m [34mDEBUG[0m [2mhyper::proto::h1::io[0m[2m:[0m flushed 250 bytes
[2m2025-12-10T10:12:56.081496Z[0m [34mDEBUG[0m [2methereum_transaction_pool_monitor::eth_client[0m[2m:[0m 📨 Received WebSocket message: {"jsonrpc":"2.0","method":"eth_subscription","params":{"subscription":"0xbed0a0851463e895960a451075a301a9","result":"0x878cfdd9a5428c9453675e9c17fea109343c796893255adbd2f75634a0a37b03"}}
[2m2025-12-10T10:12:56.081504Z[0m [34mDEBUG[0m [2methereum_transaction_pool_monitor::eth_client[0m[2m:[0m 📨 Received pending transaction: 0x878cfdd9a5428c9453675e9c17fea109343c796893255adbd2f75634a0a37b03
[2m2025-12-10T10:12:56.081511Z[0m [34mDEBUG[0m [2methereum_transaction_pool_monitor::eth_client[0m[2m:[0m 📨 Received WebSocket message: {"jsonrpc":"2.0","method":"eth_subscription","params":{"subscription":"0xbed0a0851463e895960a451075a301a9","result":"0x0dda454437c12f305c4308856e172a60c36d868855da64ac935bae06aaaed83a"}}
[2m2025-12-10T10:12:56.081518Z[0m [34mDEBUG[0m [2methereum_transaction_pool_monitor::eth_client[0m[2m:[0m 📨 Received pending transaction: 0x0dda454437c12f305c4308856e172a60c36d868855da64ac935bae06aaaed83a
[2m2025-12-10T10:12:56.086691Z[0m [34mDEBUG[0m [2mhyper::proto::h1::io[0m[2m:[0m parsed 4 headers
[2m2025-12-10T10:12:56.086700Z[0m [34mDEBUG[0m [2mhyper::proto::h1::conn[0m[2m:[0m incoming body is content-length (657 bytes)
[2m2025-12-10T10:12:56.086707Z[0m [34mDEBUG[0m [2mhyper::proto::h1::conn[0m[2m:[0m incoming body completed
[2m2025-12-10T10:12:56.086715Z[0m [34mDEBUG[0m [2mhyper::client::pool[0m[2m:[0m pooling idle connection for ("http", 192.168.0.14:8545)
[2m2025-12-10T10:12:56.086721Z[0m [34mDEBUG[0m [2methereum_transaction_pool_monitor::eth_client[0m[2m:[0m 📡 Transaction fetch RPC completed in 5.292417ms
[2m2025-12-10T10:12:56.157755Z[0m [34mDEBUG[0m [2methereum_transaction_pool_monitor::eth_client[0m[2m:[0m ✅ Transaction 0x6ce6f801b279b3480b9ac7e8b2ad41679ee954efc9fd0a803aa964772e736bf9 fetched and parsed in 76.322875ms
[2m2025-12-10T10:12:56.157784Z[0m [34mDEBUG[0m [2methereum_transaction_pool_monitor::mempool_monitor[0m[2m:[0m 🔍 Skipping tx 0x6ce6f801b279b3480b9ac7e8b2ad41679ee954efc9fd0a803aa964772e736bf9 - not a DEX interaction (target: 0xc089105CE11e1c4F26569eD03D59f8264578030f)
[2m2025-12-10T10:12:56.157796Z[0m [34mDEBUG[0m [2methereum_transaction_pool_monitor::mempool_monitor[0m[2m:[0m 📨 Processing new pending transaction: 0x7317bca57514efc71cee06edbd003158de9b39944125c539dae3e000db7bffee
[2m2025-12-10T10:12:56.157806Z[0m [34mDEBUG[0m [2methereum_transaction_pool_monitor::mempool_monitor[0m[2m:[0m 🔍 Fetching transaction details for: 0x7317bca57514efc71cee06edbd003158de9b39944125c539dae3e000db7bffee
[2m2025-12-10T10:12:56.157813Z[0m [34mDEBUG[0m [2methereum_transaction_pool_monitor::eth_client[0m[2m:[0m 🔍 Fetching transaction details for hash: 0x7317bca57514efc71cee06edbd003158de9b39944125c539dae3e000db7bffee
[2m2025-12-10T10:12:56.157834Z[0m [34mDEBUG[0m [2mhyper::client::pool[0m[2m:[0m reuse idle connection for ("http", 192.168.0.14:8545)
[2m2025-12-10T10:12:56.157931Z[0m [34mDEBUG[0m [2mhyper::proto::h1::io[0m[2m:[0m flushed 250 bytes
[2m2025-12-10T10:12:56.157961Z[0m [34mDEBUG[0m [2mhyper::client::pool[0m[2m:[0m reuse idle connection for ("http", 192.168.0.14:8545)
[2m2025-12-10T10:12:56.157972Z[0m [34mDEBUG[0m [2methereum_transaction_pool_monitor::eth_client[0m[2m:[0m 📨 Received WebSocket message: {"jsonrpc":"2.0","method":"eth_subscription","params":{"subscription":"0xbed0a0851463e895960a451075a301a9","result":"0x950d0842341861a21cf22015c8f982069f1606f68254dd248d4c6e0a99f92575"}}
[2m2025-12-10T10:12:56.157976Z[0m [34mDEBUG[0m [2mhyper::proto::h1::io[0m[2m:[0m flushed 172 bytes
[2m2025-12-10T10:12:56.157981Z[0m [34mDEBUG[0m [2methereum_transaction_pool_monitor::eth_client[0m[2m:[0m 📨 Received pending transaction: 0x950d0842341861a21cf22015c8f982069f1606f68254dd248d4c6e0a99f92575
[2m2025-12-10T10:12:56.163814Z[0m [34mDEBUG[0m [2mhyper::proto::h1::io[0m[2m:[0m parsed 4 headers
[2m2025-12-10T10:12:56.163833Z[0m [34mDEBUG[0m [2mhyper::proto::h1::conn[0m[2m:[0m incoming body is content-length (45 bytes)
[2m2025-12-10T10:12:56.163842Z[0m [34mDEBUG[0m [2mhyper::proto::h1::conn[0m[2m:[0m incoming body completed
[2m2025-12-10T10:12:56.163862Z[0m [34mDEBUG[0m [2mhyper::client::pool[0m[2m:[0m pooling idle connection for ("http", 192.168.0.14:8545)
[2m2025-12-10T10:12:56.170455Z[0m [34mDEBUG[0m [2mhyper::proto::h1::io[0m[2m:[0m parsed 4 headers
[2m2025-12-10T10:12:56.170461Z[0m [34mDEBUG[0m [2mhyper::proto::h1::conn[0m[2m:[0m incoming body is content-length (657 bytes)
[2m2025-12-10T10:12:56.170467Z[0m [34mDEBUG[0m [2mhyper::proto::h1::conn[0m[2m:[0m incoming body completed
[2m2025-12-10T10:12:56.170474Z[0m [34mDEBUG[0m [2mhyper::client::pool[0m[2m:[0m pooling idle connection for ("http", 192.168.0.14:8545)
[2m2025-12-10T10:12:56.170479Z[0m [34mDEBUG[0m [2methereum_transaction_pool_monitor::eth_client[0m[2m:[0m 📡 Transaction fetch RPC completed in 12.66ms
[2m2025-12-10T10:12:56.241415Z[0m [34mDEBUG[0m [2methereum_transaction_pool_monitor::eth_client[0m[2m:[0m ✅ Transaction 0x7317bca57514efc71cee06edbd003158de9b39944125c539dae3e000db7bffee fetched and parsed in 83.594125ms
[2m2025-12-10T10:12:56.241439Z[0m [34mDEBUG[0m [2methereum_transaction_pool_monitor::mempool_monitor[0m[2m:[0m 🔍 Skipping tx 0x7317bca57514efc71cee06edbd003158de9b39944125c539dae3e000db7bffee - not a DEX interaction (target: 0x75694ffDACfef44C219Bdb8ac91Fcae111007A79)
[2m2025-12-10T10:12:56.241449Z[0m [34mDEBUG[0m [2methereum_transaction_pool_monitor::mempool_monitor[0m[2m:[0m 📨 Processing new pending transaction: 0xc6a734a9d2bcfc5bd29f033906ef8992ae7d122c1f8e5be897bbc22b5a52450b
[2m2025-12-10T10:12:56.241457Z[0m [34mDEBUG[0m [2methereum_transaction_pool_monitor::mempool_monitor[0m[2m:[0m 🔍 Fetching transaction details for: 0xc6a734a9d2bcfc5bd29f033906ef8992ae7d122c1f8e5be897bbc22b5a52450b
[2m2025-12-10T10:12:56.241461Z[0m [34mDEBUG[0m [2methereum_transaction_pool_monitor::eth_client[0m[2m:[0m 🔍 Fetching transaction details for hash: 0xc6a734a9d2bcfc5bd29f033906ef8992ae7d122c1f8e5be897bbc22b5a52450b
[2m2025-12-10T10:12:56.241477Z[0m [34mDEBUG[0m [2mhyper::client::pool[0m[2m:[0m reuse idle connection for ("http", 192.168.0.14:8545)
[2m2025-12-10T10:12:56.241517Z[0m [34mDEBUG[0m [2mhyper::proto::h1::io[0m[2m:[0m flushed 250 bytes
[2m2025-12-10T10:12:56.241534Z[0m [34mDEBUG[0m [2mhyper::client::pool[0m[2m:[0m reuse idle connection for ("http", 192.168.0.14:8545)
[2m2025-12-10T10:12:56.241546Z[0m [34mDEBUG[0m [2mhyper::proto::h1::io[0m[2m:[0m flushed 172 bytes
[2m2025-12-10T10:12:56.241558Z[0m [34mDEBUG[0m [2methereum_transaction_pool_monitor::eth_client[0m[2m:[0m 📨 Received WebSocket message: {"jsonrpc":"2.0","method":"eth_subscription","params":{"subscription":"0xbed0a0851463e895960a451075a301a9","result":"0x51331fae0bfd2e41e84977c803e9794b74b0ab67b6888fbca3e7d02356799331"}}
[2m2025-12-10T10:12:56.241565Z[0m [34mDEBUG[0m [2methereum_transaction_pool_monitor::eth_client[0m[2m:[0m 📨 Received pending transaction: 0x51331fae0bfd2e41e84977c803e9794b74b0ab67b6888fbca3e7d02356799331
[2m2025-12-10T10:12:56.241570Z[0m [34mDEBUG[0m [2methereum_transaction_pool_monitor::eth_client[0m[2m:[0m 📨 Received WebSocket message: {"jsonrpc":"2.0","method":"eth_subscription","params":{"subscription":"0xbed0a0851463e895960a451075a301a9","result":"0xe41fb4714064f2a4b9c045229676a08446eae1c3bd8e26c5d31b99804b7b0375"}}
[2m2025-12-10T10:12:56.241575Z[0m [34mDEBUG[0m [2methereum_transaction_pool_monitor::eth_client[0m[2m:[0m 📨 Received pending transaction: 0xe41fb4714064f2a4b9c045229676a08446eae1c3bd8e26c5d31b99804b7b0375
[2m2025-12-10T10:12:56.244771Z[0m [34mDEBUG[0m [2mhyper::proto::h1::io[0m[2m:[0m parsed 4 headers
[2m2025-12-10T10:12:56.244783Z[0m [34mDEBUG[0m [2mhyper::proto::h1::conn[0m[2m:[0m incoming body is content-length (45 bytes)
[2m2025-12-10T10:12:56.244789Z[0m [34mDEBUG[0m [2mhyper::proto::h1::conn[0m[2m:[0m incoming body completed
[2m2025-12-10T10:12:56.244798Z[0m [34mDEBUG[0m [2mhyper::client::pool[0m[2m:[0m pooling idle connection for ("http", 192.168.0.14:8545)
[2m2025-12-10T10:12:56.245311Z[0m [34mDEBUG[0m [2mhyper::proto::h1::io[0m[2m:[0m parsed 4 headers
[2m2025-12-10T10:12:56.245317Z[0m [34mDEBUG[0m [2mhyper::proto::h1::conn[0m[2m:[0m incoming body is content-length (771 bytes)
[2m2025-12-10T10:12:56.245321Z[0m [34mDEBUG[0m [2mhyper::proto::h1::conn[0m[2m:[0m incoming body completed
[2m2025-12-10T10:12:56.245328Z[0m [34mDEBUG[0m [2mhyper::client::pool[0m[2m:[0m pooling idle connection for ("http", 192.168.0.14:8545)
[2m2025-12-10T10:12:56.245334Z[0m [34mDEBUG[0m [2methereum_transaction_pool_monitor::eth_client[0m[2m:[0m 📡 Transaction fetch RPC completed in 3.868792ms
[2m2025-12-10T10:12:56.316952Z[0m [34mDEBUG[0m [2methereum_transaction_pool_monitor::eth_client[0m[2m:[0m ✅ Transaction 0xc6a734a9d2bcfc5bd29f033906ef8992ae7d122c1f8e5be897bbc22b5a52450b fetched and parsed in 75.484375ms
[2m2025-12-10T10:12:56.316977Z[0m [34mDEBUG[0m [2methereum_transaction_pool_monitor::mempool_monitor[0m[2m:[0m 🔍 Skipping tx 0xc6a734a9d2bcfc5bd29f033906ef8992ae7d122c1f8e5be897bbc22b5a52450b - not a DEX interaction (target: 0xB8f28C60dD8240141185a192fa4156A23E189305)
[2m2025-12-10T10:12:56.316988Z[0m [34mDEBUG[0m [2methereum_transaction_pool_monitor::mempool_monitor[0m[2m:[0m 📨 Processing new pending transaction: 0x076b5c2a90d5d78b3a61a28045bbe84f7de542133ca7c23c2ecaf8c238c106a6
[2m2025-12-10T10:12:56.316995Z[0m [34mDEBUG[0m [2methereum_transaction_pool_monitor::mempool_monitor[0m[2m:[0m 🔍 Fetching transaction details for: 0x076b5c2a90d5d78b3a61a28045bbe84f7de542133ca7c23c2ecaf8c238c106a6
[2m2025-12-10T10:12:56.316999Z[0m [34mDEBUG[0m [2methereum_transaction_pool_monitor::eth_client[0m[2m:[0m 🔍 Fetching transaction details for hash: 0x076b5c2a90d5d78b3a61a28045bbe84f7de542133ca7c23c2ecaf8c238c106a6
[2m2025-12-10T10:12:56.317018Z[0m [34mDEBUG[0m [2mhyper::client::pool[0m[2m:[0m reuse idle connection for ("http", 192.168.0.14:8545)
[2m2025-12-10T10:12:56.317067Z[0m [34mDEBUG[0m [2mhyper::proto::h1::io[0m[2m:[0m flushed 250 bytes
[2m2025-12-10T10:12:56.317096Z[0m [34mDEBUG[0m [2mhyper::client::pool[0m[2m:[0m reuse idle connection for ("http", 192.168.0.14:8545)
[2m2025-12-10T10:12:56.317113Z[0m [34mDEBUG[0m [2mhyper::proto::h1::io[0m[2m:[0m flushed 172 bytes
[2m2025-12-10T10:12:56.321522Z[0m [34mDEBUG[0m [2mhyper::proto::h1::io[0m[2m:[0m parsed 4 headers
[2m2025-12-10T10:12:56.321533Z[0m [34mDEBUG[0m [2mhyper::proto::h1::conn[0m[2m:[0m incoming body is content-length (657 bytes)
[2m2025-12-10T10:12:56.321544Z[0m [34mDEBUG[0m [2mhyper::proto::h1::conn[0m[2m:[0m incoming body completed
[2m2025-12-10T10:12:56.321557Z[0m [34mDEBUG[0m [2mhyper::client::pool[0m[2m:[0m pooling idle connection for ("http", 192.168.0.14:8545)
[2m2025-12-10T10:12:56.321566Z[0m [34mDEBUG[0m [2methereum_transaction_pool_monitor::eth_client[0m[2m:[0m 📡 Transaction fetch RPC completed in 4.562625ms
[2m2025-12-10T10:12:56.393596Z[0m [34mDEBUG[0m [2methereum_transaction_pool_monitor::eth_client[0m[2m:[0m ✅ Transaction 0x076b5c2a90d5d78b3a61a28045bbe84f7de542133ca7c23c2ecaf8c238c106a6 fetched and parsed in 76.590541ms
[2m2025-12-10T10:12:56.393624Z[0m [34mDEBUG[0m [2methereum_transaction_pool_monitor::mempool_monitor[0m[2m:[0m 🔍 Skipping tx 0x076b5c2a90d5d78b3a61a28045bbe84f7de542133ca7c23c2ecaf8c238c106a6 - not a DEX interaction (target: 0xD4E409CB4c87e4269eFE2541bBe7f70E6C2c3E74)
[2m2025-12-10T10:12:56.393638Z[0m [34mDEBUG[0m [2methereum_transaction_pool_monitor::mempool_monitor[0m[2m:[0m 📨 Processing new pending transaction: 0xf35055c5451e84d255a5dba64bb66610e13d8932c2bae977e9a222e0dbb3f175
[2m2025-12-10T10:12:56.393646Z[0m [34mDEBUG[0m [2methereum_transaction_pool_monitor::mempool_monitor[0m[2m:[0m 🔍 Fetching transaction details for: 0xf35055c5451e84d255a5dba64bb66610e13d8932c2bae977e9a222e0dbb3f175
[2m2025-12-10T10:12:56.393652Z[0m [34mDEBUG[0m [2methereum_transaction_pool_monitor::eth_client[0m[2m:[0m 🔍 Fetching transaction details for hash: 0xf35055c5451e84d255a5dba64bb66610e13d8932c2bae977e9a222e0dbb3f175
[2m2025-12-10T10:12:56.393671Z[0m [34mDEBUG[0m [2mhyper::client::pool[0m[2m:[0m reuse idle connection for ("http", 192.168.0.14:8545)
[2m2025-12-10T10:12:56.393705Z[0m [34mDEBUG[0m [2mhyper::proto::h1::io[0m[2m:[0m flushed 250 bytes
[2m2025-12-10T10:12:56.393731Z[0m [34mDEBUG[0m [2methereum_transaction_pool_monitor::eth_client[0m[2m:[0m 📨 Received WebSocket message: {"jsonrpc":"2.0","method":"eth_subscription","params":{"subscription":"0xbed0a0851463e895960a451075a301a9","result":"0xb9cdba91640d96bd366216e54c8855f4c782655532ec493fb21ea5a29753f3f3"}}
[2m2025-12-10T10:12:56.393737Z[0m [34mDEBUG[0m [2mhyper::proto::h1::io[0m[2m:[0m parsed 4 headers
[2m2025-12-10T10:12:56.393741Z[0m [34mDEBUG[0m [2methereum_transaction_pool_monitor::eth_client[0m[2m:[0m 📨 Received pending transaction: 0xb9cdba91640d96bd366216e54c8855f4c782655532ec493fb21ea5a29753f3f3
[2m2025-12-10T10:12:56.393749Z[0m [34mDEBUG[0m [2mhyper::proto::h1::conn[0m[2m:[0m incoming body is content-length (45 bytes)
[2m2025-12-10T10:12:56.393826Z[0m [34mDEBUG[0m [2mhyper::proto::h1::conn[0m[2m:[0m incoming body completed
[2m2025-12-10T10:12:56.393835Z[0m [34mDEBUG[0m [2mhyper::client::pool[0m[2m:[0m pooling idle connection for ("http", 192.168.0.14:8545)
[2m2025-12-10T10:12:56.398865Z[0m [34mDEBUG[0m [2mhyper::client::pool[0m[2m:[0m reuse idle connection for ("http", 192.168.0.14:8545)
[2m2025-12-10T10:12:56.398893Z[0m [34mDEBUG[0m [2mhyper::proto::h1::io[0m[2m:[0m flushed 172 bytes
[2m2025-12-10T10:12:56.398962Z[0m [34mDEBUG[0m [2mhyper::proto::h1::io[0m[2m:[0m parsed 4 headers
[2m2025-12-10T10:12:56.398966Z[0m [34mDEBUG[0m [2mhyper::proto::h1::conn[0m[2m:[0m incoming body is content-length (656 bytes)
[2m2025-12-10T10:12:56.398970Z[0m [34mDEBUG[0m [2mhyper::proto::h1::conn[0m[2m:[0m incoming body completed
[2m2025-12-10T10:12:56.398975Z[0m [34mDEBUG[0m [2mhyper::client::pool[0m[2m:[0m pooling idle connection for ("http", 192.168.0.14:8545)
[2m2025-12-10T10:12:56.398980Z[0m [34mDEBUG[0m [2methereum_transaction_pool_monitor::eth_client[0m[2m:[0m 📡 Transaction fetch RPC completed in 5.3215ms
[2m2025-12-10T10:12:56.469920Z[0m [34mDEBUG[0m [2methereum_transaction_pool_monitor::eth_client[0m[2m:[0m ✅ Transaction 0xf35055c5451e84d255a5dba64bb66610e13d8932c2bae977e9a222e0dbb3f175 fetched and parsed in 76.259084ms
[2m2025-12-10T10:12:56.469945Z[0m [34mDEBUG[0m [2methereum_transaction_pool_monitor::mempool_monitor[0m[2m:[0m 🔍 Skipping tx 0xf35055c5451e84d255a5dba64bb66610e13d8932c2bae977e9a222e0dbb3f175 - not a DEX interaction (target: 0x6E0FE74759824707C78Cf2CA34CCc92caE8B5557)
[2m2025-12-10T10:12:56.469955Z[0m [34mDEBUG[0m [2methereum_transaction_pool_monitor::mempool_monitor[0m[2m:[0m 📨 Processing new pending transaction: 0x2f7e46dabfca626ec9f46db96316e2555053bdf57bd711a88d0c7900fdd82f68
[2m2025-12-10T10:12:56.469961Z[0m [34mDEBUG[0m [2methereum_transaction_pool_monitor::mempool_monitor[0m[2m:[0m 🔍 Fetching transaction details for: 0x2f7e46dabfca626ec9f46db96316e2555053bdf57bd711a88d0c7900fdd82f68
[2m2025-12-10T10:12:56.469965Z[0m [34mDEBUG[0m [2methereum_transaction_pool_monitor::eth_client[0m[2m:[0m 🔍 Fetching transaction details for hash: 0x2f7e46dabfca626ec9f46db96316e2555053bdf57bd711a88d0c7900fdd82f68
[2m2025-12-10T10:12:56.469983Z[0m [34mDEBUG[0m [2mhyper::client::pool[0m[2m:[0m reuse idle connection for ("http", 192.168.0.14:8545)
[2m2025-12-10T10:12:56.470023Z[0m [34mDEBUG[0m [2mhyper::proto::h1::io[0m[2m:[0m flushed 250 bytes
[2m2025-12-10T10:12:56.470046Z[0m [34mDEBUG[0m [2methereum_transaction_pool_monitor::eth_client[0m[2m:[0m 📨 Received WebSocket message: {"jsonrpc":"2.0","method":"eth_subscription","params":{"subscription":"0xbed0a0851463e895960a451075a301a9","result":"0xf8ece780e7f8d982229ccc187a108c2b78c8f30b46f2b16e93558c2f61999623"}}
[2m2025-12-10T10:12:56.470055Z[0m [34mDEBUG[0m [2methereum_transaction_pool_monitor::eth_client[0m[2m:[0m 📨 Received pending transaction: 0xf8ece780e7f8d982229ccc187a108c2b78c8f30b46f2b16e93558c2f61999623
[2m2025-12-10T10:12:56.470063Z[0m [34mDEBUG[0m [2methereum_transaction_pool_monitor::eth_client[0m[2m:[0m 📨 Received WebSocket message: {"jsonrpc":"2.0","method":"eth_subscription","params":{"subscription":"0xbed0a0851463e895960a451075a301a9","result":"0x9d6ddc3ef63c3e6515de6f4629cc0f29dc7391dc03670c33fd853405cd206f78"}}
[2m2025-12-10T10:12:56.470072Z[0m [34mDEBUG[0m [2methereum_transaction_pool_monitor::eth_client[0m[2m:[0m 📨 Received pending transaction: 0x9d6ddc3ef63c3e6515de6f4629cc0f29dc7391dc03670c33fd853405cd206f78
[2m2025-12-10T10:12:56.470094Z[0m [34mDEBUG[0m [2mhyper::proto::h1::io[0m[2m:[0m parsed 4 headers
[2m2025-12-10T10:12:56.470098Z[0m [34mDEBUG[0m [2mhyper::proto::h1::conn[0m[2m:[0m incoming body is content-length (45 bytes)
[2m2025-12-10T10:12:56.470104Z[0m [34mDEBUG[0m [2mhyper::proto::h1::conn[0m[2m:[0m incoming body completed
[2m2025-12-10T10:12:56.470110Z[0m [34mDEBUG[0m [2mhyper::client::pool[0m[2m:[0m pooling idle connection for ("http", 192.168.0.14:8545)
[2m2025-12-10T10:12:56.479564Z[0m [34mDEBUG[0m [2mhyper::proto::h1::io[0m[2m:[0m parsed 4 headers
[2m2025-12-10T10:12:56.479604Z[0m [34mDEBUG[0m [2mhyper::proto::h1::conn[0m[2m:[0m incoming body is content-length (771 bytes)
[2m2025-12-10T10:12:56.479614Z[0m [34mDEBUG[0m [2mhyper::proto::h1::conn[0m[2m:[0m incoming body completed
[2m2025-12-10T10:12:56.479638Z[0m [34mDEBUG[0m [2mhyper::client::pool[0m[2m:[0m pooling idle connection for ("http", 192.168.0.14:8545)
[2m2025-12-10T10:12:56.479644Z[0m [34mDEBUG[0m [2methereum_transaction_pool_monitor::eth_client[0m[2m:[0m 📡 Transaction fetch RPC completed in 9.674791ms
[2m2025-12-10T10:12:56.551681Z[0m [34mDEBUG[0m [2methereum_transaction_pool_monitor::eth_client[0m[2m:[0m ✅ Transaction 0x2f7e46dabfca626ec9f46db96316e2555053bdf57bd711a88d0c7900fdd82f68 fetched and parsed in 81.709416ms
[2m2025-12-10T10:12:56.551708Z[0m [34mDEBUG[0m [2methereum_transaction_pool_monitor::mempool_monitor[0m[2m:[0m 🔍 Skipping tx 0x2f7e46dabfca626ec9f46db96316e2555053bdf57bd711a88d0c7900fdd82f68 - not a DEX interaction (target: 0xe76C6c83af64e4C60245D8C7dE953DF673a7A33D)
[2m2025-12-10T10:12:56.551718Z[0m [34mDEBUG[0m [2methereum_transaction_pool_monitor::mempool_monitor[0m[2m:[0m 📨 Processing new pending transaction: 0xd1d5133ebd02d0973c8f7cf3b8ecbe8266b78abd89ff9b701575965edf886136
[2m2025-12-10T10:12:56.551723Z[0m [34mDEBUG[0m [2methereum_transaction_pool_monitor::mempool_monitor[0m[2m:[0m 🔍 Fetching transaction details for: 0xd1d5133ebd02d0973c8f7cf3b8ecbe8266b78abd89ff9b701575965edf886136
[2m2025-12-10T10:12:56.551727Z[0m [34mDEBUG[0m [2methereum_transaction_pool_monitor::eth_client[0m[2m:[0m 🔍 Fetching transaction details for hash: 0xd1d5133ebd02d0973c8f7cf3b8ecbe8266b78abd89ff9b701575965edf886136
[2m2025-12-10T10:12:56.551745Z[0m [34mDEBUG[0m [2mhyper::client::pool[0m[2m:[0m reuse idle connection for ("http", 192.168.0.14:8545)
[2m2025-12-10T10:12:56.551780Z[0m [34mDEBUG[0m [2mhyper::proto::h1::io[0m[2m:[0m flushed 250 bytes
[2m2025-12-10T10:12:56.551812Z[0m [34mDEBUG[0m [2mhyper::client::pool[0m[2m:[0m reuse idle connection for ("http", 192.168.0.14:8545)
[2m2025-12-10T10:12:56.551828Z[0m [34mDEBUG[0m [2mhyper::proto::h1::io[0m[2m:[0m flushed 172 bytes
[2m2025-12-10T10:12:56.552086Z[0m [34mDEBUG[0m [2methereum_transaction_pool_monitor::eth_client[0m[2m:[0m 📨 Received WebSocket message: {"jsonrpc":"2.0","method":"eth_subscription","params":{"subscription":"0xbed0a0851463e895960a451075a301a9","result":"0xba0fa6a9d9ff930a861093498cf3eb8f54aec1cbde492ac74d8a8a06b0ac0f0c"}}
[2m2025-12-10T10:12:56.552094Z[0m [34mDEBUG[0m [2methereum_transaction_pool_monitor::eth_client[0m[2m:[0m 📨 Received pending transaction: 0xba0fa6a9d9ff930a861093498cf3eb8f54aec1cbde492ac74d8a8a06b0ac0f0c
[2m2025-12-10T10:12:56.556940Z[0m [34mDEBUG[0m [2mhyper::proto::h1::io[0m[2m:[0m parsed 4 headers
[2m2025-12-10T10:12:56.556947Z[0m [34mDEBUG[0m [2mhyper::proto::h1::conn[0m[2m:[0m incoming body is content-length (45 bytes)
[2m2025-12-10T10:12:56.556954Z[0m [34mDEBUG[0m [2mhyper::proto::h1::conn[0m[2m:[0m incoming body completed
[2m2025-12-10T10:12:56.556963Z[0m [34mDEBUG[0m [2mhyper::client::pool[0m[2m:[0m pooling idle connection for ("http", 192.168.0.14:8545)
[2m2025-12-10T10:12:56.556979Z[0m [34mDEBUG[0m [2mhyper::proto::h1::io[0m[2m:[0m parsed 4 headers
[2m2025-12-10T10:12:56.556983Z[0m [34mDEBUG[0m [2mhyper::proto::h1::conn[0m[2m:[0m incoming body is content-length (657 bytes)
[2m2025-12-10T10:12:56.556987Z[0m [34mDEBUG[0m [2mhyper::proto::h1::conn[0m[2m:[0m incoming body completed
[2m2025-12-10T10:12:56.556991Z[0m [34mDEBUG[0m [2mhyper::client::pool[0m[2m:[0m pooling idle connection for ("http", 192.168.0.14:8545)
[2m2025-12-10T10:12:56.556995Z[0m [34mDEBUG[0m [2methereum_transaction_pool_monitor::eth_client[0m[2m:[0m 📡 Transaction fetch RPC completed in 5.2635ms
[2m2025-12-10T10:12:56.628354Z[0m [34mDEBUG[0m [2methereum_transaction_pool_monitor::eth_client[0m[2m:[0m ✅ Transaction 0xd1d5133ebd02d0973c8f7cf3b8ecbe8266b78abd89ff9b701575965edf886136 fetched and parsed in 76.6195ms
[2m2025-12-10T10:12:56.628381Z[0m [34mDEBUG[0m [2methereum_transaction_pool_monitor::mempool_monitor[0m[2m:[0m 🔍 Skipping tx 0xd1d5133ebd02d0973c8f7cf3b8ecbe8266b78abd89ff9b701575965edf886136 - not a DEX interaction (target: 0xEC139b72CC7eA21df34255aa8e4c2a951E4870c5)
[2m2025-12-10T10:12:56.628397Z[0m [34mDEBUG[0m [2methereum_transaction_pool_monitor::mempool_monitor[0m[2m:[0m 📨 Processing new pending transaction: 0x301ff3f810588d968dbcca67bea52a811ef224d38987dff00c0252e0a67a4e47
[2m2025-12-10T10:12:56.628404Z[0m [34mDEBUG[0m [2methereum_transaction_pool_monitor::mempool_monitor[0m[2m:[0m 🔍 Fetching transaction details for: 0x301ff3f810588d968dbcca67bea52a811ef224d38987dff00c0252e0a67a4e47
[2m2025-12-10T10:12:56.628411Z[0m [34mDEBUG[0m [2methereum_transaction_pool_monitor::eth_client[0m[2m:[0m 🔍 Fetching transaction details for hash: 0x301ff3f810588d968dbcca67bea52a811ef224d38987dff00c0252e0a67a4e47
[2m2025-12-10T10:12:56.628432Z[0m [34mDEBUG[0m [2mhyper::client::pool[0m[2m:[0m reuse idle connection for ("http", 192.168.0.14:8545)
[2m2025-12-10T10:12:56.628463Z[0m [34mDEBUG[0m [2mhyper::proto::h1::io[0m[2m:[0m flushed 250 bytes
[2m2025-12-10T10:12:56.628492Z[0m [34mDEBUG[0m [2mhyper::client::pool[0m[2m:[0m reuse idle connection for ("http", 192.168.0.14:8545)
[2m2025-12-10T10:12:56.628507Z[0m [34mDEBUG[0m [2mhyper::proto::h1::io[0m[2m:[0m flushed 172 bytes
[2m2025-12-10T10:12:56.632950Z[0m [34mDEBUG[0m [2mhyper::proto::h1::io[0m[2m:[0m parsed 4 headers
[2m2025-12-10T10:12:56.632959Z[0m [34mDEBUG[0m [2mhyper::proto::h1::conn[0m[2m:[0m incoming body is content-length (646 bytes)
[2m2025-12-10T10:12:56.632966Z[0m [34mDEBUG[0m [2mhyper::proto::h1::conn[0m[2m:[0m incoming body completed
[2m2025-12-10T10:12:56.632974Z[0m [34mDEBUG[0m [2mhyper::client::pool[0m[2m:[0m pooling idle connection for ("http", 192.168.0.14:8545)
[2m2025-12-10T10:12:56.632980Z[0m [34mDEBUG[0m [2methereum_transaction_pool_monitor::eth_client[0m[2m:[0m 📡 Transaction fetch RPC completed in 4.56125ms
[2m2025-12-10T10:12:56.704812Z[0m [34mDEBUG[0m [2methereum_transaction_pool_monitor::eth_client[0m[2m:[0m ✅ Transaction 0x301ff3f810588d968dbcca67bea52a811ef224d38987dff00c0252e0a67a4e47 fetched and parsed in 76.390875ms
[2m2025-12-10T10:12:56.704839Z[0m [34mDEBUG[0m [2methereum_transaction_pool_monitor::mempool_monitor[0m[2m:[0m 🔍 Skipping tx 0x301ff3f810588d968dbcca67bea52a811ef224d38987dff00c0252e0a67a4e47 - not a DEX interaction (target: 0x3993F0b82F92860841885769202937e54bE3A060)
[2m2025-12-10T10:12:56.704848Z[0m [34mDEBUG[0m [2methereum_transaction_pool_monitor::mempool_monitor[0m[2m:[0m 📨 Processing new pending transaction: 0x70ffaeaac56713e355dd82363f17307a5efab2b923343102de6492f2d63616e2
[2m2025-12-10T10:12:56.704854Z[0m [34mDEBUG[0m [2methereum_transaction_pool_monitor::mempool_monitor[0m[2m:[0m 🔍 Fetching transaction details for: 0x70ffaeaac56713e355dd82363f17307a5efab2b923343102de6492f2d63616e2
[2m2025-12-10T10:12:56.704858Z[0m [34mDEBUG[0m [2methereum_transaction_pool_monitor::eth_client[0m[2m:[0m 🔍 Fetching transaction details for hash: 0x70ffaeaac56713e355dd82363f17307a5efab2b923343102de6492f2d63616e2
[2m2025-12-10T10:12:56.704877Z[0m [34mDEBUG[0m [2mhyper::client::pool[0m[2m:[0m reuse idle connection for ("http", 192.168.0.14:8545)
[2m2025-12-10T10:12:56.704911Z[0m [34mDEBUG[0m [2mhyper::proto::h1::io[0m[2m:[0m flushed 250 bytes
[2m2025-12-10T10:12:56.704936Z[0m [34mDEBUG[0m [2methereum_transaction_pool_monitor::eth_client[0m[2m:[0m 📨 Received WebSocket message: {"jsonrpc":"2.0","method":"eth_subscription","params":{"subscription":"0xbed0a0851463e895960a451075a301a9","result":"0xc6585e953959a0218cc1f060d574ec7e895c80931225503b5260c6a404454a87"}}
[2m2025-12-10T10:12:56.704944Z[0m [34mDEBUG[0m [2methereum_transaction_pool_monitor::eth_client[0m[2m:[0m 📨 Received pending transaction: 0xc6585e953959a0218cc1f060d574ec7e895c80931225503b5260c6a404454a87
[2m2025-12-10T10:12:56.704955Z[0m [34mDEBUG[0m [2mhyper::proto::h1::io[0m[2m:[0m parsed 4 headers
[2m2025-12-10T10:12:56.704959Z[0m [34mDEBUG[0m [2mhyper::proto::h1::conn[0m[2m:[0m incoming body is content-length (45 bytes)
[2m2025-12-10T10:12:56.704966Z[0m [34mDEBUG[0m [2mhyper::proto::h1::conn[0m[2m:[0m incoming body completed
[2m2025-12-10T10:12:56.704972Z[0m [34mDEBUG[0m [2mhyper::client::pool[0m[2m:[0m pooling idle connection for ("http", 192.168.0.14:8545)
[2m2025-12-10T10:12:56.704986Z[0m [34mDEBUG[0m [2mhyper::client::pool[0m[2m:[0m reuse idle connection for ("http", 192.168.0.14:8545)
[2m2025-12-10T10:12:56.704999Z[0m [34mDEBUG[0m [2mhyper::proto::h1::io[0m[2m:[0m flushed 172 bytes
[2m2025-12-10T10:12:56.709961Z[0m [34mDEBUG[0m [2mhyper::proto::h1::io[0m[2m:[0m parsed 4 headers
[2m2025-12-10T10:12:56.709966Z[0m [34mDEBUG[0m [2mhyper::proto::h1::conn[0m[2m:[0m incoming body is content-length (657 bytes)
[2m2025-12-10T10:12:56.709970Z[0m [34mDEBUG[0m [2mhyper::proto::h1::conn[0m[2m:[0m incoming body completed
[2m2025-12-10T10:12:56.709976Z[0m [34mDEBUG[0m [2mhyper::client::pool[0m[2m:[0m pooling idle connection for ("http", 192.168.0.14:8545)
[2m2025-12-10T10:12:56.709981Z[0m [34mDEBUG[0m [2methereum_transaction_pool_monitor::eth_client[0m[2m:[0m 📡 Transaction fetch RPC completed in 5.11875ms
[2m2025-12-10T10:12:56.781904Z[0m [34mDEBUG[0m [2methereum_transaction_pool_monitor::eth_client[0m[2m:[0m ✅ Transaction 0x70ffaeaac56713e355dd82363f17307a5efab2b923343102de6492f2d63616e2 fetched and parsed in 77.039417ms
[2m2025-12-10T10:12:56.781930Z[0m [34mDEBUG[0m [2methereum_transaction_pool_monitor::mempool_monitor[0m[2m:[0m 🔍 Skipping tx 0x70ffaeaac56713e355dd82363f17307a5efab2b923343102de6492f2d63616e2 - not a DEX interaction (target: 0x7B61500176525cc1E8Cb3bE4cAb566D02055E46D)
[2m2025-12-10T10:12:56.781940Z[0m [34mDEBUG[0m [2methereum_transaction_pool_monitor::mempool_monitor[0m[2m:[0m 📨 Processing new pending transaction: 0x3ea1f9f1c0b8fd80a419da79c94df7bc8102285082d479f302f56d3be2c4a5c2
[2m2025-12-10T10:12:56.781946Z[0m [34mDEBUG[0m [2methereum_transaction_pool_monitor::mempool_monitor[0m[2m:[0m 🔍 Fetching transaction details for: 0x3ea1f9f1c0b8fd80a419da79c94df7bc8102285082d479f302f56d3be2c4a5c2
[2m2025-12-10T10:12:56.781950Z[0m [34mDEBUG[0m [2methereum_transaction_pool_monitor::eth_client[0m[2m:[0m 🔍 Fetching transaction details for hash: 0x3ea1f9f1c0b8fd80a419da79c94df7bc8102285082d479f302f56d3be2c4a5c2
[2m2025-12-10T10:12:56.781968Z[0m [34mDEBUG[0m [2mhyper::client::pool[0m[2m:[0m reuse idle connection for ("http", 192.168.0.14:8545)
[2m2025-12-10T10:12:56.782010Z[0m [34mDEBUG[0m [2mhyper::proto::h1::io[0m[2m:[0m flushed 250 bytes
[2m2025-12-10T10:12:56.782025Z[0m [34mDEBUG[0m [2mhyper::proto::h1::io[0m[2m:[0m parsed 4 headers
[2m2025-12-10T10:12:56.782030Z[0m [34mDEBUG[0m [2mhyper::proto::h1::conn[0m[2m:[0m incoming body is content-length (45 bytes)
[2m2025-12-10T10:12:56.782038Z[0m [34mDEBUG[0m [2mhyper::proto::h1::conn[0m[2m:[0m incoming body completed
[2m2025-12-10T10:12:56.782045Z[0m [34mDEBUG[0m [2mhyper::client::pool[0m[2m:[0m pooling idle connection for ("http", 192.168.0.14:8545)
[2m2025-12-10T10:12:56.785994Z[0m [34mDEBUG[0m [2mhyper::proto::h1::io[0m[2m:[0m parsed 4 headers
[2m2025-12-10T10:12:56.786006Z[0m [34mDEBUG[0m [2mhyper::proto::h1::conn[0m[2m:[0m incoming body is content-length (657 bytes)
[2m2025-12-10T10:12:56.786245Z[0m [34mDEBUG[0m [2mhyper::proto::h1::conn[0m[2m:[0m incoming body completed
[2m2025-12-10T10:12:56.786253Z[0m [34mDEBUG[0m [2mhyper::client::pool[0m[2m:[0m pooling idle connection for ("http", 192.168.0.14:8545)
[2m2025-12-10T10:12:56.786258Z[0m [34mDEBUG[0m [2methereum_transaction_pool_monitor::eth_client[0m[2m:[0m 📡 Transaction fetch RPC completed in 4.303958ms
[2m2025-12-10T10:12:56.858073Z[0m [34mDEBUG[0m [2methereum_transaction_pool_monitor::eth_client[0m[2m:[0m ✅ Transaction 0x3ea1f9f1c0b8fd80a419da79c94df7bc8102285082d479f302f56d3be2c4a5c2 fetched and parsed in 76.117583ms
[2m2025-12-10T10:12:56.858102Z[0m [34mDEBUG[0m [2methereum_transaction_pool_monitor::mempool_monitor[0m[2m:[0m 🔍 Skipping tx 0x3ea1f9f1c0b8fd80a419da79c94df7bc8102285082d479f302f56d3be2c4a5c2 - not a DEX interaction (target: 0xf52F933380514A5B7aca528Bd09D16Aa5337a06a)
[2m2025-12-10T10:12:56.858114Z[0m [34mDEBUG[0m [2methereum_transaction_pool_monitor::mempool_monitor[0m[2m:[0m 📨 Processing new pending transaction: 0xe550e910b8789dc032f2d2866d25dd9a27be3e588e674586bbc22b0f963ec91e
[2m2025-12-10T10:12:56.858121Z[0m [34mDEBUG[0m [2methereum_transaction_pool_monitor::mempool_monitor[0m[2m:[0m 🔍 Fetching transaction details for: 0xe550e910b8789dc032f2d2866d25dd9a27be3e588e674586bbc22b0f963ec91e
[2m2025-12-10T10:12:56.858129Z[0m [34mDEBUG[0m [2methereum_transaction_pool_monitor::eth_client[0m[2m:[0m 🔍 Fetching transaction details for hash: 0xe550e910b8789dc032f2d2866d25dd9a27be3e588e674586bbc22b0f963ec91e
[2m2025-12-10T10:12:56.858145Z[0m [34mDEBUG[0m [2mhyper::client::pool[0m[2m:[0m reuse idle connection for ("http", 192.168.0.14:8545)
[2m2025-12-10T10:12:56.858183Z[0m [34mDEBUG[0m [2mhyper::proto::h1::io[0m[2m:[0m flushed 250 bytes
[2m2025-12-10T10:12:56.858205Z[0m [34mDEBUG[0m [2mhyper::client::pool[0m[2m:[0m reuse idle connection for ("http", 192.168.0.14:8545)
[2m2025-12-10T10:12:56.858220Z[0m [34mDEBUG[0m [2methereum_transaction_pool_monitor::eth_client[0m[2m:[0m 📨 Received WebSocket message: {"jsonrpc":"2.0","method":"eth_subscription","params":{"subscription":"0xbed0a0851463e895960a451075a301a9","result":"0x7ac6426ceafd78a1226a37cff052864dcfcbc359b4f18fd9fcc0a0a3b8330414"}}
[2m2025-12-10T10:12:56.858222Z[0m [34mDEBUG[0m [2mhyper::proto::h1::io[0m[2m:[0m flushed 172 bytes
[2m2025-12-10T10:12:56.858234Z[0m [34mDEBUG[0m [2methereum_transaction_pool_monitor::eth_client[0m[2m:[0m 📨 Received pending transaction: 0x7ac6426ceafd78a1226a37cff052864dcfcbc359b4f18fd9fcc0a0a3b8330414
[2m2025-12-10T10:12:56.863842Z[0m [34mDEBUG[0m [2mhyper::proto::h1::io[0m[2m:[0m parsed 4 headers
[2m2025-12-10T10:12:56.863848Z[0m [34mDEBUG[0m [2mhyper::proto::h1::conn[0m[2m:[0m incoming body is content-length (45 bytes)
[2m2025-12-10T10:12:56.863855Z[0m [34mDEBUG[0m [2mhyper::proto::h1::conn[0m[2m:[0m incoming body completed
[2m2025-12-10T10:12:56.863863Z[0m [34mDEBUG[0m [2mhyper::client::pool[0m[2m:[0m pooling idle connection for ("http", 192.168.0.14:8545)
[2m2025-12-10T10:12:56.868598Z[0m [34mDEBUG[0m [2mhyper::proto::h1::io[0m[2m:[0m parsed 4 headers
[2m2025-12-10T10:12:56.868613Z[0m [34mDEBUG[0m [2mhyper::proto::h1::conn[0m[2m:[0m incoming body is content-length (657 bytes)
[2m2025-12-10T10:12:56.868619Z[0m [34mDEBUG[0m [2mhyper::proto::h1::conn[0m[2m:[0m incoming body completed
[2m2025-12-10T10:12:56.868628Z[0m [34mDEBUG[0m [2mhyper::client::pool[0m[2m:[0m pooling idle connection for ("http", 192.168.0.14:8545)
[2m2025-12-10T10:12:56.868634Z[0m [34mDEBUG[0m [2methereum_transaction_pool_monitor::eth_client[0m[2m:[0m 📡 Transaction fetch RPC completed in 10.500875ms
[2m2025-12-10T10:12:56.939960Z[0m [34mDEBUG[0m [2methereum_transaction_pool_monitor::eth_client[0m[2m:[0m ✅ Transaction 0xe550e910b8789dc032f2d2866d25dd9a27be3e588e674586bbc22b0f963ec91e fetched and parsed in 81.823708ms
[2m2025-12-10T10:12:56.939986Z[0m [34mDEBUG[0m [2methereum_transaction_pool_monitor::mempool_monitor[0m[2m:[0m 🔍 Skipping tx 0xe550e910b8789dc032f2d2866d25dd9a27be3e588e674586bbc22b0f963ec91e - not a DEX interaction (target: 0xF1eD346645e7AF65A9fc90089c2E7175eB743a08)
[2m2025-12-10T10:12:56.939996Z[0m [34mDEBUG[0m [2methereum_transaction_pool_monitor::mempool_monitor[0m[2m:[0m 📨 Processing new pending transaction: 0xf2baeeb4abf216e30a51e15d3a0901c76a094f4c895d8115eb458363f391875b
[2m2025-12-10T10:12:56.940001Z[0m [34mDEBUG[0m [2methereum_transaction_pool_monitor::mempool_monitor[0m[2m:[0m 🔍 Fetching transaction details for: 0xf2baeeb4abf216e30a51e15d3a0901c76a094f4c895d8115eb458363f391875b
[2m2025-12-10T10:12:56.940006Z[0m [34mDEBUG[0m [2methereum_transaction_pool_monitor::eth_client[0m[2m:[0m 🔍 Fetching transaction details for hash: 0xf2baeeb4abf216e30a51e15d3a0901c76a094f4c895d8115eb458363f391875b
[2m2025-12-10T10:12:56.940024Z[0m [34mDEBUG[0m [2mhyper::client::pool[0m[2m:[0m reuse idle connection for ("http", 192.168.0.14:8545)
[2m2025-12-10T10:12:56.940068Z[0m [34mDEBUG[0m [2mhyper::proto::h1::io[0m[2m:[0m flushed 250 bytes
[2m2025-12-10T10:12:56.940099Z[0m [34mDEBUG[0m [2mhyper::client::pool[0m[2m:[0m reuse idle connection for ("http", 192.168.0.14:8545)
[2m2025-12-10T10:12:56.940112Z[0m [34mDEBUG[0m [2mhyper::proto::h1::io[0m[2m:[0m flushed 172 bytes
[2m2025-12-10T10:12:56.947437Z[0m [34mDEBUG[0m [2mhyper::proto::h1::io[0m[2m:[0m parsed 4 headers
[2m2025-12-10T10:12:56.947461Z[0m [34mDEBUG[0m [2mhyper::proto::h1::conn[0m[2m:[0m incoming body is content-length (657 bytes)
[2m2025-12-10T10:12:56.947474Z[0m [34mDEBUG[0m [2mhyper::proto::h1::conn[0m[2m:[0m incoming body completed
[2m2025-12-10T10:12:56.947488Z[0m [34mDEBUG[0m [2mhyper::client::pool[0m[2m:[0m pooling idle connection for ("http", 192.168.0.14:8545)
[2m2025-12-10T10:12:56.947496Z[0m [34mDEBUG[0m [2methereum_transaction_pool_monitor::eth_client[0m[2m:[0m 📡 Transaction fetch RPC completed in 7.485125ms
[2m2025-12-10T10:12:57.020256Z[0m [34mDEBUG[0m [2methereum_transaction_pool_monitor::eth_client[0m[2m:[0m ✅ Transaction 0xf2baeeb4abf216e30a51e15d3a0901c76a094f4c895d8115eb458363f391875b fetched and parsed in 80.243208ms
[2m2025-12-10T10:12:57.020285Z[0m [34mDEBUG[0m [2methereum_transaction_pool_monitor::mempool_monitor[0m[2m:[0m 🔍 Skipping tx 0xf2baeeb4abf216e30a51e15d3a0901c76a094f4c895d8115eb458363f391875b - not a DEX interaction (target: 0xB377d18720d859C5A0FfDEB84FFA5AccF230e88f)
[2m2025-12-10T10:12:57.020300Z[0m [34mDEBUG[0m [2methereum_transaction_pool_monitor::mempool_monitor[0m[2m:[0m 📨 Processing new pending transaction: 0x0cf9f13ad17cd11203b9ffa5a9675f478c86901d2c36fb60cb185f1eadd6b925
[2m2025-12-10T10:12:57.020307Z[0m [34mDEBUG[0m [2methereum_transaction_pool_monitor::mempool_monitor[0m[2m:[0m 🔍 Fetching transaction details for: 0x0cf9f13ad17cd11203b9ffa5a9675f478c86901d2c36fb60cb185f1eadd6b925
[2m2025-12-10T10:12:57.020313Z[0m [34mDEBUG[0m [2methereum_transaction_pool_monitor::eth_client[0m[2m:[0m 🔍 Fetching transaction details for hash: 0x0cf9f13ad17cd11203b9ffa5a9675f478c86901d2c36fb60cb185f1eadd6b925
[2m2025-12-10T10:12:57.020334Z[0m [34mDEBUG[0m [2mhyper::client::pool[0m[2m:[0m reuse idle connection for ("http", 192.168.0.14:8545)
[2m2025-12-10T10:12:57.020369Z[0m [34mDEBUG[0m [2mhyper::proto::h1::io[0m[2m:[0m flushed 250 bytes
[2m2025-12-10T10:12:57.020397Z[0m [34mDEBUG[0m [2methereum_transaction_pool_monitor::eth_client[0m[2m:[0m 📨 Received WebSocket message: {"jsonrpc":"2.0","method":"eth_subscription","params":{"subscription":"0xbed0a0851463e895960a451075a301a9","result":"0x7ffcbf2eeb19f4d645acde98414efd1df5dcdd258f68f1e4edc16344efae6d3a"}}
[2m2025-12-10T10:12:57.020410Z[0m [34mDEBUG[0m [2methereum_transaction_pool_monitor::eth_client[0m[2m:[0m 📨 Received pending transaction: 0x7ffcbf2eeb19f4d645acde98414efd1df5dcdd258f68f1e4edc16344efae6d3a
[2m2025-12-10T10:12:57.020448Z[0m [34mDEBUG[0m [2mhyper::proto::h1::io[0m[2m:[0m parsed 4 headers
[2m2025-12-10T10:12:57.020458Z[0m [34mDEBUG[0m [2mhyper::proto::h1::conn[0m[2m:[0m incoming body is content-length (45 bytes)
[2m2025-12-10T10:12:57.020466Z[0m [34mDEBUG[0m [2mhyper::proto::h1::conn[0m[2m:[0m incoming body completed
[2m2025-12-10T10:12:57.020475Z[0m [34mDEBUG[0m [2mhyper::client::pool[0m[2m:[0m pooling idle connection for ("http", 192.168.0.14:8545)
[2m2025-12-10T10:12:57.020494Z[0m [34mDEBUG[0m [2mhyper::client::pool[0m[2m:[0m reuse idle connection for ("http", 192.168.0.14:8545)
[2m2025-12-10T10:12:57.020512Z[0m [34mDEBUG[0m [2mhyper::proto::h1::io[0m[2m:[0m flushed 172 bytes
[2m2025-12-10T10:12:57.026321Z[0m [34mDEBUG[0m [2mhyper::proto::h1::io[0m[2m:[0m parsed 4 headers
[2m2025-12-10T10:12:57.028504Z[0m [34mDEBUG[0m [2mhyper::proto::h1::conn[0m[2m:[0m incoming body is content-length (657 bytes)
[2m2025-12-10T10:12:57.028516Z[0m [34mDEBUG[0m [2mhyper::proto::h1::conn[0m[2m:[0m incoming body completed
[2m2025-12-10T10:12:57.028528Z[0m [34mDEBUG[0m [2mhyper::client::pool[0m[2m:[0m pooling idle connection for ("http", 192.168.0.14:8545)
[2m2025-12-10T10:12:57.028536Z[0m [34mDEBUG[0m [2methereum_transaction_pool_monitor::eth_client[0m[2m:[0m 📡 Transaction fetch RPC completed in 8.21775ms
[2m2025-12-10T10:12:57.100371Z[0m [34mDEBUG[0m [2methereum_transaction_pool_monitor::eth_client[0m[2m:[0m ✅ Transaction 0x0cf9f13ad17cd11203b9ffa5a9675f478c86901d2c36fb60cb185f1eadd6b925 fetched and parsed in 80.050042ms
[2m2025-12-10T10:12:57.100395Z[0m [34mDEBUG[0m [2methereum_transaction_pool_monitor::mempool_monitor[0m[2m:[0m 🔍 Skipping tx 0x0cf9f13ad17cd11203b9ffa5a9675f478c86901d2c36fb60cb185f1eadd6b925 - not a DEX interaction (target: 0xcBA2b70f4d0165058DDF12F006Ae6CDCE81F4111)
[2m2025-12-10T10:12:57.100405Z[0m [34mDEBUG[0m [2methereum_transaction_pool_monitor::mempool_monitor[0m[2m:[0m 📨 Processing new pending transaction: 0xee5fae92262ed4bcf2922ddeef6ccfb4ccbabb72f6062adf4af6a062ad3d61b7
[2m2025-12-10T10:12:57.100411Z[0m [34mDEBUG[0m [2methereum_transaction_pool_monitor::mempool_monitor[0m[2m:[0m 🔍 Fetching transaction details for: 0xee5fae92262ed4bcf2922ddeef6ccfb4ccbabb72f6062adf4af6a062ad3d61b7
[2m2025-12-10T10:12:57.100415Z[0m [34mDEBUG[0m [2methereum_transaction_pool_monitor::eth_client[0m[2m:[0m 🔍 Fetching transaction details for hash: 0xee5fae92262ed4bcf2922ddeef6ccfb4ccbabb72f6062adf4af6a062ad3d61b7
[2m2025-12-10T10:12:57.100433Z[0m [34mDEBUG[0m [2mhyper::client::pool[0m[2m:[0m reuse idle connection for ("http", 192.168.0.14:8545)
[2m2025-12-10T10:12:57.100465Z[0m [34mDEBUG[0m [2mhyper::proto::h1::io[0m[2m:[0m flushed 250 bytes
[2m2025-12-10T10:12:57.100481Z[0m [34mDEBUG[0m [2mhyper::proto::h1::io[0m[2m:[0m parsed 4 headers
[2m2025-12-10T10:12:57.100486Z[0m [34mDEBUG[0m [2mhyper::proto::h1::conn[0m[2m:[0m incoming body is content-length (45 bytes)
[2m2025-12-10T10:12:57.100493Z[0m [34mDEBUG[0m [2mhyper::proto::h1::conn[0m[2m:[0m incoming body completed
[2m2025-12-10T10:12:57.100501Z[0m [34mDEBUG[0m [2mhyper::client::pool[0m[2m:[0m pooling idle connection for ("http", 192.168.0.14:8545)
[2m2025-12-10T10:12:57.100517Z[0m [34mDEBUG[0m [2mhyper::client::pool[0m[2m:[0m reuse idle connection for ("http", 192.168.0.14:8545)
[2m2025-12-10T10:12:57.100533Z[0m [34mDEBUG[0m [2mhyper::proto::h1::io[0m[2m:[0m flushed 172 bytes
[2m2025-12-10T10:12:57.107020Z[0m [34mDEBUG[0m [2mhyper::proto::h1::io[0m[2m:[0m parsed 4 headers
[2m2025-12-10T10:12:57.107028Z[0m [34mDEBUG[0m [2mhyper::proto::h1::conn[0m[2m:[0m incoming body is content-length (830 bytes)
[2m2025-12-10T10:12:57.107034Z[0m [34mDEBUG[0m [2mhyper::proto::h1::conn[0m[2m:[0m incoming body completed
[2m2025-12-10T10:12:57.107041Z[0m [34mDEBUG[0m [2mhyper::client::pool[0m[2m:[0m pooling idle connection for ("http", 192.168.0.14:8545)
[2m2025-12-10T10:12:57.107046Z[0m [34mDEBUG[0m [2methereum_transaction_pool_monitor::eth_client[0m[2m:[0m 📡 Transaction fetch RPC completed in 6.627167ms
[2m2025-12-10T10:12:57.176334Z[0m [34mDEBUG[0m [2methereum_transaction_pool_monitor::eth_client[0m[2m:[0m ✅ Transaction 0xee5fae92262ed4bcf2922ddeef6ccfb4ccbabb72f6062adf4af6a062ad3d61b7 fetched and parsed in 75.912958ms
[2m2025-12-10T10:12:57.176360Z[0m [34mDEBUG[0m [2methereum_transaction_pool_monitor::mempool_monitor[0m[2m:[0m 🔍 Skipping tx 0xee5fae92262ed4bcf2922ddeef6ccfb4ccbabb72f6062adf4af6a062ad3d61b7 - not a DEX interaction (target: 0x3B4D794a66304F130a4Db8F2551B0070dfCf5ca7)
[2m2025-12-10T10:12:57.176372Z[0m [34mDEBUG[0m [2methereum_transaction_pool_monitor::mempool_monitor[0m[2m:[0m 📨 Processing new pending transaction: 0x1055a90a437944a354153861001ceebfa5005196742fb9f60f45d640bced853c
[2m2025-12-10T10:12:57.176377Z[0m [34mDEBUG[0m [2methereum_transaction_pool_monitor::mempool_monitor[0m[2m:[0m 🔍 Fetching transaction details for: 0x1055a90a437944a354153861001ceebfa5005196742fb9f60f45d640bced853c
[2m2025-12-10T10:12:57.176381Z[0m [34mDEBUG[0m [2methereum_transaction_pool_monitor::eth_client[0m[2m:[0m 🔍 Fetching transaction details for hash: 0x1055a90a437944a354153861001ceebfa5005196742fb9f60f45d640bced853c
[2m2025-12-10T10:12:57.176399Z[0m [34mDEBUG[0m [2mhyper::client::pool[0m[2m:[0m reuse idle connection for ("http", 192.168.0.14:8545)
[2m2025-12-10T10:12:57.176432Z[0m [34mDEBUG[0m [2mhyper::proto::h1::io[0m[2m:[0m flushed 250 bytes
[2m2025-12-10T10:12:57.176455Z[0m [34mDEBUG[0m [2mhyper::proto::h1::io[0m[2m:[0m parsed 4 headers
[2m2025-12-10T10:12:57.176456Z[0m [34mDEBUG[0m [2methereum_transaction_pool_monitor::eth_client[0m[2m:[0m 📨 Received WebSocket message: {"jsonrpc":"2.0","method":"eth_subscription","params":{"subscription":"0xbed0a0851463e895960a451075a301a9","result":"0xc20d15f02f984e79e03db08410202e13f75b95e279d5c6be81a95cbb1fdab734"}}
[2m2025-12-10T10:12:57.176466Z[0m [34mDEBUG[0m [2mhyper::proto::h1::conn[0m[2m:[0m incoming body is content-length (45 bytes)
[2m2025-12-10T10:12:57.176474Z[0m [34mDEBUG[0m [2methereum_transaction_pool_monitor::eth_client[0m[2m:[0m 📨 Received pending transaction: 0xc20d15f02f984e79e03db08410202e13f75b95e279d5c6be81a95cbb1fdab734
[2m2025-12-10T10:12:57.176528Z[0m [34mDEBUG[0m [2mhyper::proto::h1::conn[0m[2m:[0m incoming body completed
[2m2025-12-10T10:12:57.176538Z[0m [34mDEBUG[0m [2mhyper::client::pool[0m[2m:[0m pooling idle connection for ("http", 192.168.0.14:8545)
[2m2025-12-10T10:12:57.181178Z[0m [34mDEBUG[0m [2mhyper::proto::h1::io[0m[2m:[0m parsed 4 headers
[2m2025-12-10T10:12:57.181187Z[0m [34mDEBUG[0m [2mhyper::proto::h1::conn[0m[2m:[0m incoming body is content-length (775 bytes)
[2m2025-12-10T10:12:57.181193Z[0m [34mDEBUG[0m [2mhyper::proto::h1::conn[0m[2m:[0m incoming body completed
[2m2025-12-10T10:12:57.181201Z[0m [34mDEBUG[0m [2mhyper::client::pool[0m[2m:[0m pooling idle connection for ("http", 192.168.0.14:8545)
[2m2025-12-10T10:12:57.181206Z[0m [34mDEBUG[0m [2methereum_transaction_pool_monitor::eth_client[0m[2m:[0m 📡 Transaction fetch RPC completed in 4.820458ms
[2m2025-12-10T10:12:57.252747Z[0m [34mDEBUG[0m [2methereum_transaction_pool_monitor::eth_client[0m[2m:[0m ✅ Transaction 0x1055a90a437944a354153861001ceebfa5005196742fb9f60f45d640bced853c fetched and parsed in 76.359083ms
[2m2025-12-10T10:12:57.252774Z[0m [34mDEBUG[0m [2methereum_transaction_pool_monitor::mempool_monitor[0m[2m:[0m 🔍 Skipping tx 0x1055a90a437944a354153861001ceebfa5005196742fb9f60f45d640bced853c - not a DEX interaction (target: 0xA0b86991c6218b36c1d19D4a2e9Eb0cE3606eB48)
[2m2025-12-10T10:12:57.252794Z[0m [34mDEBUG[0m [2methereum_transaction_pool_monitor::mempool_monitor[0m[2m:[0m 📨 Processing new pending transaction: 0x8d7ef9f83ff62ab80332f595a230f0684d0b7189cede53be7527d28b256a6f9d
[2m2025-12-10T10:12:57.252877Z[0m [34mDEBUG[0m [2methereum_transaction_pool_monitor::mempool_monitor[0m[2m:[0m 🔍 Fetching transaction details for: 0x8d7ef9f83ff62ab80332f595a230f0684d0b7189cede53be7527d28b256a6f9d
[2m2025-12-10T10:12:57.252883Z[0m [34mDEBUG[0m [2methereum_transaction_pool_monitor::eth_client[0m[2m:[0m 🔍 Fetching transaction details for hash: 0x8d7ef9f83ff62ab80332f595a230f0684d0b7189cede53be7527d28b256a6f9d
[2m2025-12-10T10:12:57.252902Z[0m [34mDEBUG[0m [2mhyper::client::pool[0m[2m:[0m reuse idle connection for ("http", 192.168.0.14:8545)
[2m2025-12-10T10:12:57.252925Z[0m [34mDEBUG[0m [2mhyper::proto::h1::io[0m[2m:[0m flushed 250 bytes
[2m2025-12-10T10:12:57.252943Z[0m [34mDEBUG[0m [2mhyper::client::pool[0m[2m:[0m reuse idle connection for ("http", 192.168.0.14:8545)
[2m2025-12-10T10:12:57.252957Z[0m [34mDEBUG[0m [2mhyper::proto::h1::io[0m[2m:[0m flushed 172 bytes
[2m2025-12-10T10:12:57.252997Z[0m [34mDEBUG[0m [2methereum_transaction_pool_monitor::eth_client[0m[2m:[0m 📨 Received WebSocket message: {"jsonrpc":"2.0","method":"eth_subscription","params":{"subscription":"0xbed0a0851463e895960a451075a301a9","result":"0x1535cc8c35a8a892e8e83d484e829f5f4a24caef13fea22d6e1503e36a70eba1"}}
[2m2025-12-10T10:12:57.253005Z[0m [34mDEBUG[0m [2methereum_transaction_pool_monitor::eth_client[0m[2m:[0m 📨 Received pending transaction: 0x1535cc8c35a8a892e8e83d484e829f5f4a24caef13fea22d6e1503e36a70eba1
[2m2025-12-10T10:12:57.260054Z[0m [34mDEBUG[0m [2mhyper::proto::h1::io[0m[2m:[0m parsed 4 headers
[2m2025-12-10T10:12:57.260061Z[0m [34mDEBUG[0m [2mhyper::proto::h1::conn[0m[2m:[0m incoming body is content-length (657 bytes)
[2m2025-12-10T10:12:57.260068Z[0m [34mDEBUG[0m [2mhyper::proto::h1::conn[0m[2m:[0m incoming body completed
[2m2025-12-10T10:12:57.260075Z[0m [34mDEBUG[0m [2mhyper::client::pool[0m[2m:[0m pooling idle connection for ("http", 192.168.0.14:8545)
[2m2025-12-10T10:12:57.260080Z[0m [34mDEBUG[0m [2methereum_transaction_pool_monitor::eth_client[0m[2m:[0m 📡 Transaction fetch RPC completed in 7.191625ms
[2m2025-12-10T10:12:57.331271Z[0m [34mDEBUG[0m [2methereum_transaction_pool_monitor::eth_client[0m[2m:[0m ✅ Transaction 0x8d7ef9f83ff62ab80332f595a230f0684d0b7189cede53be7527d28b256a6f9d fetched and parsed in 78.380209ms
[2m2025-12-10T10:12:57.331288Z[0m [34mDEBUG[0m [2methereum_transaction_pool_monitor::mempool_monitor[0m[2m:[0m 🔍 Skipping tx 0x8d7ef9f83ff62ab80332f595a230f0684d0b7189cede53be7527d28b256a6f9d - not a DEX interaction (target: 0x7c65a20F17854570Df65321bc2D3D558e34AD455)
[2m2025-12-10T10:12:57.331297Z[0m [34mDEBUG[0m [2methereum_transaction_pool_monitor::mempool_monitor[0m[2m:[0m 📨 Processing new pending transaction: 0xb1440cef432a4a907286f04b2c82ac69dc8e2f7f483d0d4e05c65f02c5b9ef60
[2m2025-12-10T10:12:57.331303Z[0m [34mDEBUG[0m [2methereum_transaction_pool_monitor::mempool_monitor[0m[2m:[0m 🔍 Fetching transaction details for: 0xb1440cef432a4a907286f04b2c82ac69dc8e2f7f483d0d4e05c65f02c5b9ef60
[2m2025-12-10T10:12:57.331307Z[0m [34mDEBUG[0m [2methereum_transaction_pool_monitor::eth_client[0m[2m:[0m 🔍 Fetching transaction details for hash: 0xb1440cef432a4a907286f04b2c82ac69dc8e2f7f483d0d4e05c65f02c5b9ef60
[2m2025-12-10T10:12:57.331324Z[0m [34mDEBUG[0m [2mhyper::client::pool[0m[2m:[0m reuse idle connection for ("http", 192.168.0.14:8545)
[2m2025-12-10T10:12:57.331363Z[0m [34mDEBUG[0m [2mhyper::proto::h1::io[0m[2m:[0m flushed 250 bytes
[2m2025-12-10T10:12:57.331378Z[0m [34mDEBUG[0m [2mhyper::proto::h1::io[0m[2m:[0m parsed 4 headers
[2m2025-12-10T10:12:57.331382Z[0m [34mDEBUG[0m [2mhyper::proto::h1::conn[0m[2m:[0m incoming body is content-length (45 bytes)
[2m2025-12-10T10:12:57.331390Z[0m [34mDEBUG[0m [2mhyper::proto::h1::conn[0m[2m:[0m incoming body completed
[2m2025-12-10T10:12:57.331398Z[0m [34mDEBUG[0m [2mhyper::client::pool[0m[2m:[0m pooling idle connection for ("http", 192.168.0.14:8545)
[2m2025-12-10T10:12:57.331412Z[0m [34mDEBUG[0m [2mhyper::client::pool[0m[2m:[0m reuse idle connection for ("http", 192.168.0.14:8545)
[2m2025-12-10T10:12:57.331426Z[0m [34mDEBUG[0m [2mhyper::proto::h1::io[0m[2m:[0m flushed 172 bytes
[2m2025-12-10T10:12:57.337070Z[0m [34mDEBUG[0m [2mhyper::proto::h1::io[0m[2m:[0m parsed 4 headers
[2m2025-12-10T10:12:57.337082Z[0m [34mDEBUG[0m [2mhyper::proto::h1::conn[0m[2m:[0m incoming body is content-length (830 bytes)
[2m2025-12-10T10:12:57.337089Z[0m [34mDEBUG[0m [2mhyper::proto::h1::conn[0m[2m:[0m incoming body completed
[2m2025-12-10T10:12:57.337098Z[0m [34mDEBUG[0m [2mhyper::client::pool[0m[2m:[0m pooling idle connection for ("http", 192.168.0.14:8545)
[2m2025-12-10T10:12:57.337104Z[0m [34mDEBUG[0m [2methereum_transaction_pool_monitor::eth_client[0m[2m:[0m 📡 Transaction fetch RPC completed in 5.79325ms
[2m2025-12-10T10:12:57.409357Z[0m [34mDEBUG[0m [2methereum_transaction_pool_monitor::eth_client[0m[2m:[0m ✅ Transaction 0xb1440cef432a4a907286f04b2c82ac69dc8e2f7f483d0d4e05c65f02c5b9ef60 fetched and parsed in 78.043542ms
[2m2025-12-10T10:12:57.409381Z[0m [34mDEBUG[0m [2methereum_transaction_pool_monitor::mempool_monitor[0m[2m:[0m 🔍 Skipping tx 0xb1440cef432a4a907286f04b2c82ac69dc8e2f7f483d0d4e05c65f02c5b9ef60 - not a DEX interaction (target: 0x3B4D794a66304F130a4Db8F2551B0070dfCf5ca7)
[2m2025-12-10T10:12:57.409391Z[0m [34mDEBUG[0m [2methereum_transaction_pool_monitor::mempool_monitor[0m[2m:[0m 📨 Processing new pending transaction: 0x1527d90656371b093c4b2484a940c955a833401558477302515f29a4d5b9027d
[2m2025-12-10T10:12:57.409397Z[0m [34mDEBUG[0m [2methereum_transaction_pool_monitor::mempool_monitor[0m[2m:[0m 🔍 Fetching transaction details for: 0x1527d90656371b093c4b2484a940c955a833401558477302515f29a4d5b9027d
[2m2025-12-10T10:12:57.409401Z[0m [34mDEBUG[0m [2methereum_transaction_pool_monitor::eth_client[0m[2m:[0m 🔍 Fetching transaction details for hash: 0x1527d90656371b093c4b2484a940c955a833401558477302515f29a4d5b9027d
[2m2025-12-10T10:12:57.409420Z[0m [34mDEBUG[0m [2mhyper::client::pool[0m[2m:[0m reuse idle connection for ("http", 192.168.0.14:8545)
[2m2025-12-10T10:12:57.409453Z[0m [34mDEBUG[0m [2mhyper::proto::h1::io[0m[2m:[0m flushed 250 bytes
[2m2025-12-10T10:12:57.409477Z[0m [34mDEBUG[0m [2mhyper::proto::h1::io[0m[2m:[0m parsed 4 headers
[2m2025-12-10T10:12:57.409477Z[0m [34mDEBUG[0m [2methereum_transaction_pool_monitor::eth_client[0m[2m:[0m 📨 Received WebSocket message: {"jsonrpc":"2.0","method":"eth_subscription","params":{"subscription":"0xbed0a0851463e895960a451075a301a9","result":"0x0110beca7384ed27418b745917e3c2a8327138749b7c95eafe6b66ee0b693719"}}
[2m2025-12-10T10:12:57.409487Z[0m [34mDEBUG[0m [2mhyper::proto::h1::conn[0m[2m:[0m incoming body is content-length (45 bytes)
[2m2025-12-10T10:12:57.409498Z[0m [34mDEBUG[0m [2methereum_transaction_pool_monitor::eth_client[0m[2m:[0m 📨 Received pending transaction: 0x0110beca7384ed27418b745917e3c2a8327138749b7c95eafe6b66ee0b693719
[2m2025-12-10T10:12:57.409500Z[0m [34mDEBUG[0m [2mhyper::proto::h1::conn[0m[2m:[0m incoming body completed
[2m2025-12-10T10:12:57.409514Z[0m [34mDEBUG[0m [2mhyper::client::pool[0m[2m:[0m pooling idle connection for ("http", 192.168.0.14:8545)
[2m2025-12-10T10:12:57.409531Z[0m [34mDEBUG[0m [2mhyper::client::pool[0m[2m:[0m reuse idle connection for ("http", 192.168.0.14:8545)
[2m2025-12-10T10:12:57.409548Z[0m [34mDEBUG[0m [2mhyper::proto::h1::io[0m[2m:[0m flushed 172 bytes
[2m2025-12-10T10:12:57.414328Z[0m [34mDEBUG[0m [2mhyper::proto::h1::io[0m[2m:[0m parsed 4 headers
[2m2025-12-10T10:12:57.414333Z[0m [34mDEBUG[0m [2mhyper::proto::h1::conn[0m[2m:[0m incoming body is content-length (45 bytes)
[2m2025-12-10T10:12:57.414337Z[0m [34mDEBUG[0m [2mhyper::proto::h1::conn[0m[2m:[0m incoming body completed
[2m2025-12-10T10:12:57.414341Z[0m [34mDEBUG[0m [2mhyper::client::pool[0m[2m:[0m pooling idle connection for ("http", 192.168.0.14:8545)
[2m2025-12-10T10:12:57.419584Z[0m [34mDEBUG[0m [2mhyper::proto::h1::io[0m[2m:[0m parsed 4 headers
[2m2025-12-10T10:12:57.419603Z[0m [34mDEBUG[0m [2mhyper::proto::h1::conn[0m[2m:[0m incoming body is content-length (2319 bytes)
[2m2025-12-10T10:12:57.419633Z[0m [34mDEBUG[0m [2methereum_transaction_pool_monitor::eth_client[0m[2m:[0m 📡 Transaction fetch RPC completed in 10.228041ms
[2m2025-12-10T10:12:57.420334Z[0m [34mDEBUG[0m [2mhyper::proto::h1::conn[0m[2m:[0m incoming body completed
[2m2025-12-10T10:12:57.420342Z[0m [34mDEBUG[0m [2mhyper::client::pool[0m[2m:[0m pooling idle connection for ("http", 192.168.0.14:8545)
[2m2025-12-10T10:12:57.491671Z[0m [34mDEBUG[0m [2methereum_transaction_pool_monitor::eth_client[0m[2m:[0m ✅ Transaction 0x1527d90656371b093c4b2484a940c955a833401558477302515f29a4d5b9027d fetched and parsed in 82.264291ms
[2m2025-12-10T10:12:57.491698Z[0m [34mDEBUG[0m [2methereum_transaction_pool_monitor::mempool_monitor[0m[2m:[0m 🔍 Skipping tx 0x1527d90656371b093c4b2484a940c955a833401558477302515f29a4d5b9027d - not a DEX interaction (target: 0x66a9893cC07D91D95644AEDD05D03f95e1dBA8Af)
[2m2025-12-10T10:12:57.491710Z[0m [34mDEBUG[0m [2methereum_transaction_pool_monitor::mempool_monitor[0m[2m:[0m 📨 Processing new pending transaction: 0x1756f2ee0c7a5a48fdc808fa26388839421569e7ae8eb3aa07ab552517f1f83e
[2m2025-12-10T10:12:57.491719Z[0m [34mDEBUG[0m [2methereum_transaction_pool_monitor::mempool_monitor[0m[2m:[0m 🔍 Fetching transaction details for: 0x1756f2ee0c7a5a48fdc808fa26388839421569e7ae8eb3aa07ab552517f1f83e
[2m2025-12-10T10:12:57.491725Z[0m [34mDEBUG[0m [2methereum_transaction_pool_monitor::eth_client[0m[2m:[0m 🔍 Fetching transaction details for hash: 0x1756f2ee0c7a5a48fdc808fa26388839421569e7ae8eb3aa07ab552517f1f83e
[2m2025-12-10T10:12:57.491744Z[0m [34mDEBUG[0m [2mhyper::client::pool[0m[2m:[0m reuse idle connection for ("http", 192.168.0.14:8545)
[2m2025-12-10T10:12:57.491779Z[0m [34mDEBUG[0m [2mhyper::proto::h1::io[0m[2m:[0m flushed 250 bytes
[2m2025-12-10T10:12:57.500132Z[0m [34mDEBUG[0m [2mhyper::client::pool[0m[2m:[0m reuse idle connection for ("http", 192.168.0.14:8545)
[2m2025-12-10T10:12:57.500156Z[0m [34mDEBUG[0m [2mhyper::proto::h1::io[0m[2m:[0m flushed 172 bytes
[2m2025-12-10T10:12:57.501971Z[0m [34mDEBUG[0m [2mhyper::proto::h1::io[0m[2m:[0m parsed 4 headers
[2m2025-12-10T10:12:57.501977Z[0m [34mDEBUG[0m [2mhyper::proto::h1::conn[0m[2m:[0m incoming body is content-length (1731 bytes)
[2m2025-12-10T10:12:57.501984Z[0m [34mDEBUG[0m [2mhyper::proto::h1::conn[0m[2m:[0m incoming body completed
[2m2025-12-10T10:12:57.501991Z[0m [34mDEBUG[0m [2mhyper::client::pool[0m[2m:[0m pooling idle connection for ("http", 192.168.0.14:8545)
[2m2025-12-10T10:12:57.501997Z[0m [34mDEBUG[0m [2methereum_transaction_pool_monitor::eth_client[0m[2m:[0m 📡 Transaction fetch RPC completed in 10.265458ms
[2m2025-12-10T10:12:57.573398Z[0m [34mDEBUG[0m [2methereum_transaction_pool_monitor::eth_client[0m[2m:[0m ✅ Transaction 0x1756f2ee0c7a5a48fdc808fa26388839421569e7ae8eb3aa07ab552517f1f83e fetched and parsed in 81.664916ms
[2m2025-12-10T10:12:57.573420Z[0m [34mDEBUG[0m [2methereum_transaction_pool_monitor::mempool_monitor[0m[2m:[0m 🔍 Skipping tx 0x1756f2ee0c7a5a48fdc808fa26388839421569e7ae8eb3aa07ab552517f1f83e - not a DEX interaction (target: 0x601a2aD6CB5949f0529735254189Ba3194221EDF)
[2m2025-12-10T10:12:57.573430Z[0m [34mDEBUG[0m [2methereum_transaction_pool_monitor::mempool_monitor[0m[2m:[0m 📨 Processing new pending transaction: 0x879e3f9eaa50289ba999279dc2c8e4ecf5329c8707e2f3ac5205c3e3c9737486
[2m2025-12-10T10:12:57.573436Z[0m [34mDEBUG[0m [2methereum_transaction_pool_monitor::mempool_monitor[0m[2m:[0m 🔍 Fetching transaction details for: 0x879e3f9eaa50289ba999279dc2c8e4ecf5329c8707e2f3ac5205c3e3c9737486
[2m2025-12-10T10:12:57.573441Z[0m [34mDEBUG[0m [2methereum_transaction_pool_monitor::eth_client[0m[2m:[0m 🔍 Fetching transaction details for hash: 0x879e3f9eaa50289ba999279dc2c8e4ecf5329c8707e2f3ac5205c3e3c9737486
[2m2025-12-10T10:12:57.573457Z[0m [34mDEBUG[0m [2mhyper::client::pool[0m[2m:[0m reuse idle connection for ("http", 192.168.0.14:8545)
[2m2025-12-10T10:12:57.573501Z[0m [34mDEBUG[0m [2mhyper::proto::h1::io[0m[2m:[0m flushed 250 bytes
[2m2025-12-10T10:12:57.573520Z[0m [34mDEBUG[0m [2mhyper::proto::h1::io[0m[2m:[0m parsed 4 headers
[2m2025-12-10T10:12:57.573524Z[0m [34mDEBUG[0m [2mhyper::proto::h1::conn[0m[2m:[0m incoming body is content-length (45 bytes)
[2m2025-12-10T10:12:57.573530Z[0m [34mDEBUG[0m [2methereum_transaction_pool_monitor::eth_client[0m[2m:[0m 📨 Received WebSocket message: {"jsonrpc":"2.0","method":"eth_subscription","params":{"subscription":"0xbed0a0851463e895960a451075a301a9","result":"0x45386d3de5705e4f2669452b5c74ba3308110483dfdad0fbc914fb419ccc3ddd"}}
[2m2025-12-10T10:12:57.573531Z[0m [34mDEBUG[0m [2mhyper::proto::h1::conn[0m[2m:[0m incoming body completed
[2m2025-12-10T10:12:57.573542Z[0m [34mDEBUG[0m [2methereum_transaction_pool_monitor::eth_client[0m[2m:[0m 📨 Received pending transaction: 0x45386d3de5705e4f2669452b5c74ba3308110483dfdad0fbc914fb419ccc3ddd
[2m2025-12-10T10:12:57.573553Z[0m [34mDEBUG[0m [2mhyper::client::pool[0m[2m:[0m pooling idle connection for ("http", 192.168.0.14:8545)
[2m2025-12-10T10:12:57.573554Z[0m [34mDEBUG[0m [2methereum_transaction_pool_monitor::eth_client[0m[2m:[0m 📨 Received WebSocket message: {"jsonrpc":"2.0","method":"eth_subscription","params":{"subscription":"0xbed0a0851463e895960a451075a301a9","result":"0x70e494cf02e85fdecf07abdcf0f32883f1e1422f643682c314a4c378da128132"}}
[2m2025-12-10T10:12:57.573564Z[0m [34mDEBUG[0m [2methereum_transaction_pool_monitor::eth_client[0m[2m:[0m 📨 Received pending transaction: 0x70e494cf02e85fdecf07abdcf0f32883f1e1422f643682c314a4c378da128132
[2m2025-12-10T10:12:57.573569Z[0m [34mDEBUG[0m [2methereum_transaction_pool_monitor::eth_client[0m[2m:[0m 📨 Received WebSocket message: {"jsonrpc":"2.0","method":"eth_subscription","params":{"subscription":"0xbed0a0851463e895960a451075a301a9","result":"0x70a4cf84ed2d3b77068b111b9c3d816e77cb3b39a69a36fdfd4136d8014d0213"}}
[2m2025-12-10T10:12:57.573574Z[0m [34mDEBUG[0m [2methereum_transaction_pool_monitor::eth_client[0m[2m:[0m 📨 Received pending transaction: 0x70a4cf84ed2d3b77068b111b9c3d816e77cb3b39a69a36fdfd4136d8014d0213
[2m2025-12-10T10:12:57.577479Z[0m [34mDEBUG[0m [2mhyper::proto::h1::io[0m[2m:[0m parsed 4 headers
[2m2025-12-10T10:12:57.577497Z[0m [34mDEBUG[0m [2mhyper::proto::h1::conn[0m[2m:[0m incoming body is content-length (829 bytes)
[2m2025-12-10T10:12:57.577513Z[0m [34mDEBUG[0m [2mhyper::proto::h1::conn[0m[2m:[0m incoming body completed
[2m2025-12-10T10:12:57.577543Z[0m [34mDEBUG[0m [2mhyper::client::pool[0m[2m:[0m pooling idle connection for ("http", 192.168.0.14:8545)
[2m2025-12-10T10:12:57.577547Z[0m [34mDEBUG[0m [2methereum_transaction_pool_monitor::eth_client[0m[2m:[0m 📡 Transaction fetch RPC completed in 4.102167ms
[2m2025-12-10T10:12:57.648406Z[0m [34mDEBUG[0m [2methereum_transaction_pool_monitor::eth_client[0m[2m:[0m ✅ Transaction 0x879e3f9eaa50289ba999279dc2c8e4ecf5329c8707e2f3ac5205c3e3c9737486 fetched and parsed in 74.958042ms
[2m2025-12-10T10:12:57.648436Z[0m [34mDEBUG[0m [2methereum_transaction_pool_monitor::mempool_monitor[0m[2m:[0m 🔍 Skipping tx 0x879e3f9eaa50289ba999279dc2c8e4ecf5329c8707e2f3ac5205c3e3c9737486 - not a DEX interaction (target: 0x3B4D794a66304F130a4Db8F2551B0070dfCf5ca7)
[2m2025-12-10T10:12:57.648451Z[0m [34mDEBUG[0m [2methereum_transaction_pool_monitor::mempool_monitor[0m[2m:[0m 📨 Processing new pending transaction: 0x06bf9112e540ff73a4def23359ca4d834f9116893bef5f0a01817b2479a402a7
[2m2025-12-10T10:12:57.648457Z[0m [34mDEBUG[0m [2methereum_transaction_pool_monitor::mempool_monitor[0m[2m:[0m 🔍 Fetching transaction details for: 0x06bf9112e540ff73a4def23359ca4d834f9116893bef5f0a01817b2479a402a7
[2m2025-12-10T10:12:57.648725Z[0m [34mDEBUG[0m [2methereum_transaction_pool_monitor::eth_client[0m[2m:[0m 🔍 Fetching transaction details for hash: 0x06bf9112e540ff73a4def23359ca4d834f9116893bef5f0a01817b2479a402a7
[2m2025-12-10T10:12:57.648744Z[0m [34mDEBUG[0m [2mhyper::client::pool[0m[2m:[0m reuse idle connection for ("http", 192.168.0.14:8545)
[2m2025-12-10T10:12:57.648778Z[0m [34mDEBUG[0m [2mhyper::proto::h1::io[0m[2m:[0m flushed 250 bytes
[2m2025-12-10T10:12:57.648807Z[0m [34mDEBUG[0m [2mhyper::client::pool[0m[2m:[0m reuse idle connection for ("http", 192.168.0.14:8545)
[2m2025-12-10T10:12:57.648825Z[0m [34mDEBUG[0m [2mhyper::proto::h1::io[0m[2m:[0m flushed 172 bytes
[2m2025-12-10T10:12:57.652673Z[0m [34mDEBUG[0m [2mhyper::proto::h1::io[0m[2m:[0m parsed 4 headers
[2m2025-12-10T10:12:57.652697Z[0m [34mDEBUG[0m [2mhyper::proto::h1::conn[0m[2m:[0m incoming body is content-length (45 bytes)
[2m2025-12-10T10:12:57.652719Z[0m [34mDEBUG[0m [2mhyper::proto::h1::conn[0m[2m:[0m incoming body completed
[2m2025-12-10T10:12:57.652728Z[0m [34mDEBUG[0m [2mhyper::client::pool[0m[2m:[0m pooling idle connection for ("http", 192.168.0.14:8545)
[2m2025-12-10T10:12:57.653425Z[0m [34mDEBUG[0m [2mhyper::proto::h1::io[0m[2m:[0m parsed 4 headers
[2m2025-12-10T10:12:57.653449Z[0m [34mDEBUG[0m [2mhyper::proto::h1::conn[0m[2m:[0m incoming body is content-length (770 bytes)
[2m2025-12-10T10:12:57.653455Z[0m [34mDEBUG[0m [2mhyper::proto::h1::conn[0m[2m:[0m incoming body completed
[2m2025-12-10T10:12:57.653463Z[0m [34mDEBUG[0m [2mhyper::client::pool[0m[2m:[0m pooling idle connection for ("http", 192.168.0.14:8545)
[2m2025-12-10T10:12:57.653482Z[0m [34mDEBUG[0m [2methereum_transaction_pool_monitor::eth_client[0m[2m:[0m 📡 Transaction fetch RPC completed in 4.749042ms
[2m2025-12-10T10:12:57.724673Z[0m [34mDEBUG[0m [2methereum_transaction_pool_monitor::eth_client[0m[2m:[0m ✅ Transaction 0x06bf9112e540ff73a4def23359ca4d834f9116893bef5f0a01817b2479a402a7 fetched and parsed in 75.938875ms
[2m2025-12-10T10:12:57.724696Z[0m [34mDEBUG[0m [2methereum_transaction_pool_monitor::mempool_monitor[0m[2m:[0m 🔍 Skipping tx 0x06bf9112e540ff73a4def23359ca4d834f9116893bef5f0a01817b2479a402a7 - not a DEX interaction (target: 0xa3d4BEe77B05d4a0C943877558Ce21A763C4fa29)
[2m2025-12-10T10:12:57.724706Z[0m [34mDEBUG[0m [2methereum_transaction_pool_monitor::mempool_monitor[0m[2m:[0m 📨 Processing new pending transaction: 0x9ee82ab68d1bd60e56ac0c197d6efad69e331a114f4fcb490dccc33ad8cd5512
[2m2025-12-10T10:12:57.724711Z[0m [34mDEBUG[0m [2methereum_transaction_pool_monitor::mempool_monitor[0m[2m:[0m 🔍 Fetching transaction details for: 0x9ee82ab68d1bd60e56ac0c197d6efad69e331a114f4fcb490dccc33ad8cd5512
[2m2025-12-10T10:12:57.724715Z[0m [34mDEBUG[0m [2methereum_transaction_pool_monitor::eth_client[0m[2m:[0m 🔍 Fetching transaction details for hash: 0x9ee82ab68d1bd60e56ac0c197d6efad69e331a114f4fcb490dccc33ad8cd5512
[2m2025-12-10T10:12:57.724734Z[0m [34mDEBUG[0m [2mhyper::client::pool[0m[2m:[0m reuse idle connection for ("http", 192.168.0.14:8545)
[2m2025-12-10T10:12:57.724761Z[0m [34mDEBUG[0m [2mhyper::proto::h1::io[0m[2m:[0m flushed 250 bytes
[2m2025-12-10T10:12:57.724779Z[0m [34mDEBUG[0m [2mhyper::client::pool[0m[2m:[0m reuse idle connection for ("http", 192.168.0.14:8545)
[2m2025-12-10T10:12:57.724789Z[0m [34mDEBUG[0m [2methereum_transaction_pool_monitor::eth_client[0m[2m:[0m 📨 Received WebSocket message: {"jsonrpc":"2.0","method":"eth_subscription","params":{"subscription":"0xbed0a0851463e895960a451075a301a9","result":"0x4041359eeb2e431febfe0822c4415c6a7368c168bb57c106be6e50eef74ad8ed"}}
[2m2025-12-10T10:12:57.724793Z[0m [34mDEBUG[0m [2mhyper::proto::h1::io[0m[2m:[0m flushed 172 bytes
[2m2025-12-10T10:12:57.724801Z[0m [34mDEBUG[0m [2methereum_transaction_pool_monitor::eth_client[0m[2m:[0m 📨 Received pending transaction: 0x4041359eeb2e431febfe0822c4415c6a7368c168bb57c106be6e50eef74ad8ed
[2m2025-12-10T10:12:57.732588Z[0m [34mDEBUG[0m [2mhyper::proto::h1::io[0m[2m:[0m parsed 4 headers
[2m2025-12-10T10:12:57.732609Z[0m [34mDEBUG[0m [2mhyper::proto::h1::conn[0m[2m:[0m incoming body is content-length (45 bytes)
[2m2025-12-10T10:12:57.732635Z[0m [34mDEBUG[0m [2mhyper::proto::h1::conn[0m[2m:[0m incoming body completed
[2m2025-12-10T10:12:57.732643Z[0m [34mDEBUG[0m [2mhyper::client::pool[0m[2m:[0m pooling idle connection for ("http", 192.168.0.14:8545)
[2m2025-12-10T10:12:57.736389Z[0m [34mDEBUG[0m [2mhyper::proto::h1::io[0m[2m:[0m parsed 4 headers
[2m2025-12-10T10:12:57.736410Z[0m [34mDEBUG[0m [2mhyper::proto::h1::conn[0m[2m:[0m incoming body is content-length (830 bytes)
[2m2025-12-10T10:12:57.736426Z[0m [34mDEBUG[0m [2mhyper::proto::h1::conn[0m[2m:[0m incoming body completed
[2m2025-12-10T10:12:57.736444Z[0m [34mDEBUG[0m [2mhyper::client::pool[0m[2m:[0m pooling idle connection for ("http", 192.168.0.14:8545)
[2m2025-12-10T10:12:57.736451Z[0m [34mDEBUG[0m [2methereum_transaction_pool_monitor::eth_client[0m[2m:[0m 📡 Transaction fetch RPC completed in 11.731292ms
[2m2025-12-10T10:12:57.807809Z[0m [34mDEBUG[0m [2methereum_transaction_pool_monitor::eth_client[0m[2m:[0m ✅ Transaction 0x9ee82ab68d1bd60e56ac0c197d6efad69e331a114f4fcb490dccc33ad8cd5512 fetched and parsed in 83.086875ms
[2m2025-12-10T10:12:57.807834Z[0m [34mDEBUG[0m [2methereum_transaction_pool_monitor::mempool_monitor[0m[2m:[0m 🔍 Skipping tx 0x9ee82ab68d1bd60e56ac0c197d6efad69e331a114f4fcb490dccc33ad8cd5512 - not a DEX interaction (target: 0x3B4D794a66304F130a4Db8F2551B0070dfCf5ca7)
[2m2025-12-10T10:12:57.807845Z[0m [34mDEBUG[0m [2methereum_transaction_pool_monitor::mempool_monitor[0m[2m:[0m 📨 Processing new pending transaction: 0x878cfdd9a5428c9453675e9c17fea109343c796893255adbd2f75634a0a37b03
[2m2025-12-10T10:12:57.807850Z[0m [34mDEBUG[0m [2methereum_transaction_pool_monitor::mempool_monitor[0m[2m:[0m 🔍 Fetching transaction details for: 0x878cfdd9a5428c9453675e9c17fea109343c796893255adbd2f75634a0a37b03
[2m2025-12-10T10:12:57.807855Z[0m [34mDEBUG[0m [2methereum_transaction_pool_monitor::eth_client[0m[2m:[0m 🔍 Fetching transaction details for hash: 0x878cfdd9a5428c9453675e9c17fea109343c796893255adbd2f75634a0a37b03
[2m2025-12-10T10:12:57.807871Z[0m [34mDEBUG[0m [2mhyper::client::pool[0m[2m:[0m reuse idle connection for ("http", 192.168.0.14:8545)
[2m2025-12-10T10:12:57.807906Z[0m [34mDEBUG[0m [2mhyper::proto::h1::io[0m[2m:[0m flushed 250 bytes
[2m2025-12-10T10:12:57.807942Z[0m [34mDEBUG[0m [2mhyper::client::pool[0m[2m:[0m reuse idle connection for ("http", 192.168.0.14:8545)
[2m2025-12-10T10:12:57.807962Z[0m [34mDEBUG[0m [2mhyper::proto::h1::io[0m[2m:[0m flushed 172 bytes
[2m2025-12-10T10:12:57.813300Z[0m [34mDEBUG[0m [2mhyper::proto::h1::io[0m[2m:[0m parsed 4 headers
[2m2025-12-10T10:12:57.813322Z[0m [34mDEBUG[0m [2mhyper::proto::h1::conn[0m[2m:[0m incoming body is content-length (45 bytes)
[2m2025-12-10T10:12:57.813346Z[0m [34mDEBUG[0m [2mhyper::proto::h1::conn[0m[2m:[0m incoming body completed
[2m2025-12-10T10:12:57.813359Z[0m [34mDEBUG[0m [2mhyper::client::pool[0m[2m:[0m pooling idle connection for ("http", 192.168.0.14:8545)
[2m2025-12-10T10:12:57.813398Z[0m [34mDEBUG[0m [2mhyper::proto::h1::io[0m[2m:[0m parsed 4 headers
[2m2025-12-10T10:12:57.813403Z[0m [34mDEBUG[0m [2mhyper::proto::h1::conn[0m[2m:[0m incoming body is content-length (5187 bytes)
[2m2025-12-10T10:12:57.813407Z[0m [34mDEBUG[0m [2mhyper::proto::h1::conn[0m[2m:[0m incoming body completed
[2m2025-12-10T10:12:57.813412Z[0m [34mDEBUG[0m [2mhyper::client::pool[0m[2m:[0m pooling idle connection for ("http", 192.168.0.14:8545)
[2m2025-12-10T10:12:57.813417Z[0m [34mDEBUG[0m [2methereum_transaction_pool_monitor::eth_client[0m[2m:[0m 📡 Transaction fetch RPC completed in 5.557625ms
[2m2025-12-10T10:12:57.885187Z[0m [34mDEBUG[0m [2methereum_transaction_pool_monitor::eth_client[0m[2m:[0m ✅ Transaction 0x878cfdd9a5428c9453675e9c17fea109343c796893255adbd2f75634a0a37b03 fetched and parsed in 77.325917ms
[2m2025-12-10T10:12:57.886084Z[0m [34mDEBUG[0m [2methereum_transaction_pool_monitor::mempool_monitor[0m[2m:[0m 🔍 Skipping tx 0x878cfdd9a5428c9453675e9c17fea109343c796893255adbd2f75634a0a37b03 - not a DEX interaction (target: 0x0000000000001fF3684f28c67538d4D072C22734)
[2m2025-12-10T10:12:57.886116Z[0m [34mDEBUG[0m [2methereum_transaction_pool_monitor::mempool_monitor[0m[2m:[0m 📨 Processing new pending transaction: 0x0dda454437c12f305c4308856e172a60c36d868855da64ac935bae06aaaed83a
[2m2025-12-10T10:12:57.886123Z[0m [34mDEBUG[0m [2methereum_transaction_pool_monitor::mempool_monitor[0m[2m:[0m 🔍 Fetching transaction details for: 0x0dda454437c12f305c4308856e172a60c36d868855da64ac935bae06aaaed83a
[2m2025-12-10T10:12:57.886130Z[0m [34mDEBUG[0m [2methereum_transaction_pool_monitor::eth_client[0m[2m:[0m 🔍 Fetching transaction details for hash: 0x0dda454437c12f305c4308856e172a60c36d868855da64ac935bae06aaaed83a
[2m2025-12-10T10:12:57.886157Z[0m [34mDEBUG[0m [2mhyper::client::pool[0m[2m:[0m reuse idle connection for ("http", 192.168.0.14:8545)
[2m2025-12-10T10:12:57.886199Z[0m [34mDEBUG[0m [2mhyper::proto::h1::io[0m[2m:[0m flushed 250 bytes
[2m2025-12-10T10:12:57.889746Z[0m [34mDEBUG[0m [2mhyper::proto::h1::io[0m[2m:[0m parsed 4 headers
[2m2025-12-10T10:12:57.889766Z[0m [34mDEBUG[0m [2mhyper::proto::h1::conn[0m[2m:[0m incoming body is content-length (650 bytes)
[2m2025-12-10T10:12:57.889787Z[0m [34mDEBUG[0m [2mhyper::proto::h1::conn[0m[2m:[0m incoming body completed
[2m2025-12-10T10:12:57.889797Z[0m [34mDEBUG[0m [2mhyper::client::pool[0m[2m:[0m pooling idle connection for ("http", 192.168.0.14:8545)
[2m2025-12-10T10:12:57.889803Z[0m [34mDEBUG[0m [2methereum_transaction_pool_monitor::eth_client[0m[2m:[0m 📡 Transaction fetch RPC completed in 3.665208ms
[2m2025-12-10T10:12:57.961414Z[0m [34mDEBUG[0m [2methereum_transaction_pool_monitor::eth_client[0m[2m:[0m ✅ Transaction 0x0dda454437c12f305c4308856e172a60c36d868855da64ac935bae06aaaed83a fetched and parsed in 75.273833ms
[2m2025-12-10T10:12:57.961440Z[0m [34mDEBUG[0m [2methereum_transaction_pool_monitor::mempool_monitor[0m[2m:[0m 🔍 Skipping tx 0x0dda454437c12f305c4308856e172a60c36d868855da64ac935bae06aaaed83a - not a DEX interaction (target: 0xf30ba13e4b04Ce5dC4D254Ae5FA95477800F0EB0)
[2m2025-12-10T10:12:57.961449Z[0m [34mDEBUG[0m [2methereum_transaction_pool_monitor::mempool_monitor[0m[2m:[0m 📨 Processing new pending transaction: 0x950d0842341861a21cf22015c8f982069f1606f68254dd248d4c6e0a99f92575
[2m2025-12-10T10:12:57.961455Z[0m [34mDEBUG[0m [2methereum_transaction_pool_monitor::mempool_monitor[0m[2m:[0m 🔍 Fetching transaction details for: 0x950d0842341861a21cf22015c8f982069f1606f68254dd248d4c6e0a99f92575
[2m2025-12-10T10:12:57.961459Z[0m [34mDEBUG[0m [2methereum_transaction_pool_monitor::eth_client[0m[2m:[0m 🔍 Fetching transaction details for hash: 0x950d0842341861a21cf22015c8f982069f1606f68254dd248d4c6e0a99f92575
[2m2025-12-10T10:12:57.961479Z[0m [34mDEBUG[0m [2mhyper::client::pool[0m[2m:[0m reuse idle connection for ("http", 192.168.0.14:8545)
[2m2025-12-10T10:12:57.961507Z[0m [34mDEBUG[0m [2mhyper::proto::h1::io[0m[2m:[0m flushed 250 bytes
[2m2025-12-10T10:12:57.961523Z[0m [34mDEBUG[0m [2mhyper::client::pool[0m[2m:[0m reuse idle connection for ("http", 192.168.0.14:8545)
[2m2025-12-10T10:12:57.961532Z[0m [34mDEBUG[0m [2methereum_transaction_pool_monitor::eth_client[0m[2m:[0m 📨 Received WebSocket message: {"jsonrpc":"2.0","method":"eth_subscription","params":{"subscription":"0xbed0a0851463e895960a451075a301a9","result":"0x3005174f2d8fc31f131fa7811e6109ebf3b1ff47a6379c43c96e409ef50a4055"}}
[2m2025-12-10T10:12:57.961536Z[0m [34mDEBUG[0m [2mhyper::proto::h1::io[0m[2m:[0m flushed 172 bytes
[2m2025-12-10T10:12:57.961542Z[0m [34mDEBUG[0m [2methereum_transaction_pool_monitor::eth_client[0m[2m:[0m 📨 Received pending transaction: 0x3005174f2d8fc31f131fa7811e6109ebf3b1ff47a6379c43c96e409ef50a4055
[2m2025-12-10T10:12:57.961548Z[0m [34mDEBUG[0m [2methereum_transaction_pool_monitor::eth_client[0m[2m:[0m 📨 Received WebSocket message: {"jsonrpc":"2.0","method":"eth_subscription","params":{"subscription":"0xbed0a0851463e895960a451075a301a9","result":"0x8af93119ebe5638f92428919a2d72c2049253c3bed98b284c25ddebbe10aa925"}}
[2m2025-12-10T10:12:57.961552Z[0m [34mDEBUG[0m [2methereum_transaction_pool_monitor::eth_client[0m[2m:[0m 📨 Received pending transaction: 0x8af93119ebe5638f92428919a2d72c2049253c3bed98b284c25ddebbe10aa925
[2m2025-12-10T10:12:57.965796Z[0m [34mDEBUG[0m [2mhyper::proto::h1::io[0m[2m:[0m parsed 4 headers
[2m2025-12-10T10:12:57.965818Z[0m [34mDEBUG[0m [2mhyper::proto::h1::conn[0m[2m:[0m incoming body is content-length (650 bytes)
[2m2025-12-10T10:12:57.965843Z[0m [34mDEBUG[0m [2mhyper::proto::h1::conn[0m[2m:[0m incoming body completed
[2m2025-12-10T10:12:57.965853Z[0m [34mDEBUG[0m [2mhyper::client::pool[0m[2m:[0m pooling idle connection for ("http", 192.168.0.14:8545)
[2m2025-12-10T10:12:57.965872Z[0m [34mDEBUG[0m [2methereum_transaction_pool_monitor::eth_client[0m[2m:[0m 📡 Transaction fetch RPC completed in 4.409292ms
[2m2025-12-10T10:12:58.037683Z[0m [34mDEBUG[0m [2methereum_transaction_pool_monitor::eth_client[0m[2m:[0m ✅ Transaction 0x950d0842341861a21cf22015c8f982069f1606f68254dd248d4c6e0a99f92575 fetched and parsed in 76.217584ms
[2m2025-12-10T10:12:58.037707Z[0m [34mDEBUG[0m [2methereum_transaction_pool_monitor::mempool_monitor[0m[2m:[0m 🔍 Skipping tx 0x950d0842341861a21cf22015c8f982069f1606f68254dd248d4c6e0a99f92575 - not a DEX interaction (target: 0xA06322Fcc7033130c65aEDD6454579686280a3d1)
[2m2025-12-10T10:12:58.037718Z[0m [34mDEBUG[0m [2methereum_transaction_pool_monitor::mempool_monitor[0m[2m:[0m 📨 Processing new pending transaction: 0x51331fae0bfd2e41e84977c803e9794b74b0ab67b6888fbca3e7d02356799331
[2m2025-12-10T10:12:58.037723Z[0m [34mDEBUG[0m [2methereum_transaction_pool_monitor::mempool_monitor[0m[2m:[0m 🔍 Fetching transaction details for: 0x51331fae0bfd2e41e84977c803e9794b74b0ab67b6888fbca3e7d02356799331
[2m2025-12-10T10:12:58.037728Z[0m [34mDEBUG[0m [2methereum_transaction_pool_monitor::eth_client[0m[2m:[0m 🔍 Fetching transaction details for hash: 0x51331fae0bfd2e41e84977c803e9794b74b0ab67b6888fbca3e7d02356799331
[2m2025-12-10T10:12:58.037744Z[0m [34mDEBUG[0m [2mhyper::client::pool[0m[2m:[0m reuse idle connection for ("http", 192.168.0.14:8545)
[2m2025-12-10T10:12:58.037777Z[0m [34mDEBUG[0m [2mhyper::proto::h1::io[0m[2m:[0m flushed 250 bytes
[2m2025-12-10T10:12:58.037800Z[0m [34mDEBUG[0m [2methereum_transaction_pool_monitor::eth_client[0m[2m:[0m 📨 Received WebSocket message: {"jsonrpc":"2.0","method":"eth_subscription","params":{"subscription":"0xbed0a0851463e895960a451075a301a9","result":"0x3b4699a6dc1cc473a7b979f5c7f69a58b8d90fd2b4f6ccadfc96635edd7a2ec1"}}
[2m2025-12-10T10:12:58.037802Z[0m [34mDEBUG[0m [2mhyper::proto::h1::io[0m[2m:[0m parsed 4 headers
[2m2025-12-10T10:12:58.037809Z[0m [34mDEBUG[0m [2methereum_transaction_pool_monitor::eth_client[0m[2m:[0m 📨 Received pending transaction: 0x3b4699a6dc1cc473a7b979f5c7f69a58b8d90fd2b4f6ccadfc96635edd7a2ec1
[2m2025-12-10T10:12:58.037813Z[0m [34mDEBUG[0m [2mhyper::proto::h1::conn[0m[2m:[0m incoming body is content-length (45 bytes)
[2m2025-12-10T10:12:58.037816Z[0m [34mDEBUG[0m [2methereum_transaction_pool_monitor::eth_client[0m[2m:[0m 📨 Received WebSocket message: {"jsonrpc":"2.0","method":"eth_subscription","params":{"subscription":"0xbed0a0851463e895960a451075a301a9","result":"0x70788e23be711494be0680eae0eea3c3f5776099ada8b955a41fef7244ec0100"}}
[2m2025-12-10T10:12:58.037825Z[0m [34mDEBUG[0m [2mhyper::proto::h1::conn[0m[2m:[0m incoming body completed
[2m2025-12-10T10:12:58.037828Z[0m [34mDEBUG[0m [2methereum_transaction_pool_monitor::eth_client[0m[2m:[0m 📨 Received pending transaction: 0x70788e23be711494be0680eae0eea3c3f5776099ada8b955a41fef7244ec0100
[2m2025-12-10T10:12:58.038097Z[0m [34mDEBUG[0m [2methereum_transaction_pool_monitor::eth_client[0m[2m:[0m 📨 Received WebSocket message: {"jsonrpc":"2.0","method":"eth_subscription","params":{"subscription":"0xbed0a0851463e895960a451075a301a9","result":"0xc02121610a71172320812021e4eedd50bf95c425530049cc4f641d4803f81d07"}}
[2m2025-12-10T10:12:58.038098Z[0m [34mDEBUG[0m [2mhyper::client::pool[0m[2m:[0m pooling idle connection for ("http", 192.168.0.14:8545)
[2m2025-12-10T10:12:58.038106Z[0m [34mDEBUG[0m [2methereum_transaction_pool_monitor::eth_client[0m[2m:[0m 📨 Received pending transaction: 0xc02121610a71172320812021e4eedd50bf95c425530049cc4f641d4803f81d07
[2m2025-12-10T10:12:58.038117Z[0m [34mDEBUG[0m [2methereum_transaction_pool_monitor::eth_client[0m[2m:[0m 📨 Received WebSocket message: {"jsonrpc":"2.0","method":"eth_subscription","params":{"subscription":"0xbed0a0851463e895960a451075a301a9","result":"0x1a3bca2e34860733ad6dccacd583b0fc8f9aa35cbce0fa8f0bc10c0777700699"}}
[2m2025-12-10T10:12:58.038122Z[0m [34mDEBUG[0m [2methereum_transaction_pool_monitor::eth_client[0m[2m:[0m 📨 Received pending transaction: 0x1a3bca2e34860733ad6dccacd583b0fc8f9aa35cbce0fa8f0bc10c0777700699
[2m2025-12-10T10:12:58.038124Z[0m [34mDEBUG[0m [2mhyper::client::pool[0m[2m:[0m reuse idle connection for ("http", 192.168.0.14:8545)
[2m2025-12-10T10:12:58.038127Z[0m [34mDEBUG[0m [2methereum_transaction_pool_monitor::eth_client[0m[2m:[0m 📨 Received WebSocket message: {"jsonrpc":"2.0","method":"eth_subscription","params":{"subscription":"0xbed0a0851463e895960a451075a301a9","result":"0x3947e2dd688a96cffc4fe9cb110650e8ed7832ddb09403834f2bb0f29af16ba7"}}
[2m2025-12-10T10:12:58.038133Z[0m [34mDEBUG[0m [2methereum_transaction_pool_monitor::eth_client[0m[2m:[0m 📨 Received pending transaction: 0x3947e2dd688a96cffc4fe9cb110650e8ed7832ddb09403834f2bb0f29af16ba7
[2m2025-12-10T10:12:58.038140Z[0m [34mDEBUG[0m [2mhyper::proto::h1::io[0m[2m:[0m flushed 172 bytes
[2m2025-12-10T10:12:58.043231Z[0m [34mDEBUG[0m [2mhyper::proto::h1::io[0m[2m:[0m parsed 4 headers
[2m2025-12-10T10:12:58.043236Z[0m [34mDEBUG[0m [2mhyper::proto::h1::conn[0m[2m:[0m incoming body is content-length (645 bytes)
[2m2025-12-10T10:12:58.043241Z[0m [34mDEBUG[0m [2mhyper::proto::h1::conn[0m[2m:[0m incoming body completed
[2m2025-12-10T10:12:58.043246Z[0m [34mDEBUG[0m [2mhyper::client::pool[0m[2m:[0m pooling idle connection for ("http", 192.168.0.14:8545)
[2m2025-12-10T10:12:58.043251Z[0m [34mDEBUG[0m [2methereum_transaction_pool_monitor::eth_client[0m[2m:[0m 📡 Transaction fetch RPC completed in 5.519125ms
[2m2025-12-10T10:12:58.111125Z[0m [34mDEBUG[0m [2methereum_transaction_pool_monitor::eth_client[0m[2m:[0m ✅ Transaction 0x51331fae0bfd2e41e84977c803e9794b74b0ab67b6888fbca3e7d02356799331 fetched and parsed in 73.391458ms
[2m2025-12-10T10:12:58.111152Z[0m [34mDEBUG[0m [2methereum_transaction_pool_monitor::mempool_monitor[0m[2m:[0m 🔍 Skipping tx 0x51331fae0bfd2e41e84977c803e9794b74b0ab67b6888fbca3e7d02356799331 - not a DEX interaction (target: 0xFd09A55f816c9a6b7f7289c1De265246C6C14956)
[2m2025-12-10T10:12:58.111164Z[0m [34mDEBUG[0m [2methereum_transaction_pool_monitor::mempool_monitor[0m[2m:[0m 📨 Processing new pending transaction: 0xe41fb4714064f2a4b9c045229676a08446eae1c3bd8e26c5d31b99804b7b0375
[2m2025-12-10T10:12:58.111172Z[0m [34mDEBUG[0m [2methereum_transaction_pool_monitor::mempool_monitor[0m[2m:[0m 🔍 Fetching transaction details for: 0xe41fb4714064f2a4b9c045229676a08446eae1c3bd8e26c5d31b99804b7b0375
[2m2025-12-10T10:12:58.111177Z[0m [34mDEBUG[0m [2methereum_transaction_pool_monitor::eth_client[0m[2m:[0m 🔍 Fetching transaction details for hash: 0xe41fb4714064f2a4b9c045229676a08446eae1c3bd8e26c5d31b99804b7b0375
[2m2025-12-10T10:12:58.111195Z[0m [34mDEBUG[0m [2mhyper::client::pool[0m[2m:[0m reuse idle connection for ("http", 192.168.0.14:8545)
[2m2025-12-10T10:12:58.111227Z[0m [34mDEBUG[0m [2mhyper::proto::h1::io[0m[2m:[0m flushed 250 bytes
[2m2025-12-10T10:12:58.111250Z[0m [34mDEBUG[0m [2mhyper::proto::h1::io[0m[2m:[0m parsed 4 headers
[2m2025-12-10T10:12:58.111253Z[0m [32m INFO[0m [2methereum_transaction_pool_monitor::bot_runner[0m[2m:[0m 🤖 MEV Bot Stats | Uptime: 0.1h | Opportunities: 0 | Bundles: 0/0 (0.0%) | Profit: 0.0000 ETH | Rate: 0.00/h
[2m2025-12-10T10:12:58.111257Z[0m [34mDEBUG[0m [2mhyper::proto::h1::conn[0m[2m:[0m incoming body is content-length (45 bytes)
[2m2025-12-10T10:12:58.111274Z[0m [34mDEBUG[0m [2mhyper::proto::h1::conn[0m[2m:[0m incoming body completed
[2m2025-12-10T10:12:58.111282Z[0m [34mDEBUG[0m [2mhyper::client::pool[0m[2m:[0m pooling idle connection for ("http", 192.168.0.14:8545)
[2m2025-12-10T10:12:58.111296Z[0m [34mDEBUG[0m [2mhyper::client::pool[0m[2m:[0m reuse idle connection for ("http", 192.168.0.14:8545)
[2m2025-12-10T10:12:58.111311Z[0m [34mDEBUG[0m [2mhyper::proto::h1::io[0m[2m:[0m flushed 172 bytes
[2m2025-12-10T10:12:58.122235Z[0m [34mDEBUG[0m [2mhyper::proto::h1::io[0m[2m:[0m parsed 4 headers
[2m2025-12-10T10:12:58.122256Z[0m [34mDEBUG[0m [2mhyper::proto::h1::conn[0m[2m:[0m incoming body is content-length (45 bytes)
[2m2025-12-10T10:12:58.122284Z[0m [34mDEBUG[0m [2mhyper::proto::h1::conn[0m[2m:[0m incoming body completed
[2m2025-12-10T10:12:58.122296Z[0m [34mDEBUG[0m [2mhyper::client::pool[0m[2m:[0m pooling idle connection for ("http", 192.168.0.14:8545)
[2m2025-12-10T10:12:58.122324Z[0m [34mDEBUG[0m [2mhyper::proto::h1::io[0m[2m:[0m parsed 4 headers
[2m2025-12-10T10:12:58.122328Z[0m [34mDEBUG[0m [2mhyper::proto::h1::conn[0m[2m:[0m incoming body is content-length (770 bytes)
[2m2025-12-10T10:12:58.122332Z[0m [34mDEBUG[0m [2mhyper::proto::h1::conn[0m[2m:[0m incoming body completed
[2m2025-12-10T10:12:58.122336Z[0m [34mDEBUG[0m [2mhyper::client::pool[0m[2m:[0m pooling idle connection for ("http", 192.168.0.14:8545)
[2m2025-12-10T10:12:58.122341Z[0m [34mDEBUG[0m [2methereum_transaction_pool_monitor::eth_client[0m[2m:[0m 📡 Transaction fetch RPC completed in 11.158542ms
[2m2025-12-10T10:12:58.193247Z[0m [34mDEBUG[0m [2methereum_transaction_pool_monitor::eth_client[0m[2m:[0m ✅ Transaction 0xe41fb4714064f2a4b9c045229676a08446eae1c3bd8e26c5d31b99804b7b0375 fetched and parsed in 82.062834ms
[2m2025-12-10T10:12:58.193271Z[0m [34mDEBUG[0m [2methereum_transaction_pool_monitor::mempool_monitor[0m[2m:[0m 🔍 Skipping tx 0xe41fb4714064f2a4b9c045229676a08446eae1c3bd8e26c5d31b99804b7b0375 - not a DEX interaction (target: 0xa3d4BEe77B05d4a0C943877558Ce21A763C4fa29)
[2m2025-12-10T10:12:58.193281Z[0m [34mDEBUG[0m [2methereum_transaction_pool_monitor::mempool_monitor[0m[2m:[0m 📨 Processing new pending transaction: 0xb9cdba91640d96bd366216e54c8855f4c782655532ec493fb21ea5a29753f3f3
[2m2025-12-10T10:12:58.193287Z[0m [34mDEBUG[0m [2methereum_transaction_pool_monitor::mempool_monitor[0m[2m:[0m 🔍 Fetching transaction details for: 0xb9cdba91640d96bd366216e54c8855f4c782655532ec493fb21ea5a29753f3f3
[2m2025-12-10T10:12:58.193291Z[0m [34mDEBUG[0m [2methereum_transaction_pool_monitor::eth_client[0m[2m:[0m 🔍 Fetching transaction details for hash: 0xb9cdba91640d96bd366216e54c8855f4c782655532ec493fb21ea5a29753f3f3
[2m2025-12-10T10:12:58.193309Z[0m [34mDEBUG[0m [2mhyper::client::pool[0m[2m:[0m reuse idle connection for ("http", 192.168.0.14:8545)
[2m2025-12-10T10:12:58.193339Z[0m [34mDEBUG[0m [2mhyper::proto::h1::io[0m[2m:[0m flushed 250 bytes
[2m2025-12-10T10:12:58.197239Z[0m [34mDEBUG[0m [2mhyper::proto::h1::io[0m[2m:[0m parsed 4 headers
[2m2025-12-10T10:12:58.197244Z[0m [34mDEBUG[0m [2mhyper::proto::h1::conn[0m[2m:[0m incoming body is content-length (675 bytes)
[2m2025-12-10T10:12:58.197251Z[0m [34mDEBUG[0m [2mhyper::proto::h1::conn[0m[2m:[0m incoming body completed
[2m2025-12-10T10:12:58.197259Z[0m [34mDEBUG[0m [2mhyper::client::pool[0m[2m:[0m pooling idle connection for ("http", 192.168.0.14:8545)
[2m2025-12-10T10:12:58.197267Z[0m [34mDEBUG[0m [2methereum_transaction_pool_monitor::eth_client[0m[2m:[0m 📡 Transaction fetch RPC completed in 3.972416ms
[2m2025-12-10T10:12:58.268676Z[0m [34mDEBUG[0m [2methereum_transaction_pool_monitor::eth_client[0m[2m:[0m ✅ Transaction 0xb9cdba91640d96bd366216e54c8855f4c782655532ec493fb21ea5a29753f3f3 fetched and parsed in 75.37875ms
[2m2025-12-10T10:12:58.268700Z[0m [34mDEBUG[0m [2methereum_transaction_pool_monitor::mempool_monitor[0m[2m:[0m 🔍 Skipping tx 0xb9cdba91640d96bd366216e54c8855f4c782655532ec493fb21ea5a29753f3f3 - not a DEX interaction (target: 0xba83b5ed3f12Bfa44f066f03eE0433419B74f469)
[2m2025-12-10T10:12:58.268709Z[0m [34mDEBUG[0m [2methereum_transaction_pool_monitor::mempool_monitor[0m[2m:[0m 📨 Processing new pending transaction: 0xf8ece780e7f8d982229ccc187a108c2b78c8f30b46f2b16e93558c2f61999623
[2m2025-12-10T10:12:58.268715Z[0m [34mDEBUG[0m [2methereum_transaction_pool_monitor::mempool_monitor[0m[2m:[0m 🔍 Fetching transaction details for: 0xf8ece780e7f8d982229ccc187a108c2b78c8f30b46f2b16e93558c2f61999623
[2m2025-12-10T10:12:58.268719Z[0m [34mDEBUG[0m [2methereum_transaction_pool_monitor::eth_client[0m[2m:[0m 🔍 Fetching transaction details for hash: 0xf8ece780e7f8d982229ccc187a108c2b78c8f30b46f2b16e93558c2f61999623
[2m2025-12-10T10:12:58.268734Z[0m [34mDEBUG[0m [2mhyper::client::pool[0m[2m:[0m reuse idle connection for ("http", 192.168.0.14:8545)
[2m2025-12-10T10:12:58.268773Z[0m [34mDEBUG[0m [2mhyper::proto::h1::io[0m[2m:[0m flushed 250 bytes
[2m2025-12-10T10:12:58.268799Z[0m [34mDEBUG[0m [2mhyper::client::pool[0m[2m:[0m reuse idle connection for ("http", 192.168.0.14:8545)
[2m2025-12-10T10:12:58.268810Z[0m [34mDEBUG[0m [2mhyper::proto::h1::io[0m[2m:[0m flushed 172 bytes
[2m2025-12-10T10:12:58.276427Z[0m [34mDEBUG[0m [2mhyper::proto::h1::io[0m[2m:[0m parsed 4 headers
[2m2025-12-10T10:12:58.276448Z[0m [34mDEBUG[0m [2mhyper::proto::h1::conn[0m[2m:[0m incoming body is content-length (45 bytes)
[2m2025-12-10T10:12:58.276467Z[0m [34mDEBUG[0m [2mhyper::proto::h1::conn[0m[2m:[0m incoming body completed
[2m2025-12-10T10:12:58.276490Z[0m [34mDEBUG[0m [2mhyper::client::pool[0m[2m:[0m pooling idle connection for ("http", 192.168.0.14:8545)
[2m2025-12-10T10:12:58.283009Z[0m [34mDEBUG[0m [2mhyper::proto::h1::io[0m[2m:[0m parsed 4 headers
[2m2025-12-10T10:12:58.283015Z[0m [34mDEBUG[0m [2mhyper::proto::h1::conn[0m[2m:[0m incoming body is content-length (648 bytes)
[2m2025-12-10T10:12:58.283019Z[0m [34mDEBUG[0m [2mhyper::proto::h1::conn[0m[2m:[0m incoming body completed
[2m2025-12-10T10:12:58.283024Z[0m [34mDEBUG[0m [2mhyper::client::pool[0m[2m:[0m pooling idle connection for ("http", 192.168.0.14:8545)
[2m2025-12-10T10:12:58.283029Z[0m [34mDEBUG[0m [2methereum_transaction_pool_monitor::eth_client[0m[2m:[0m 📡 Transaction fetch RPC completed in 14.30625ms
[2m2025-12-10T10:12:58.352101Z[0m [34mDEBUG[0m [2methereum_transaction_pool_monitor::eth_client[0m[2m:[0m ✅ Transaction 0xf8ece780e7f8d982229ccc187a108c2b78c8f30b46f2b16e93558c2f61999623 fetched and parsed in 83.376584ms
[2m2025-12-10T10:12:58.353094Z[0m [34mDEBUG[0m [2methereum_transaction_pool_monitor::mempool_monitor[0m[2m:[0m 🔍 Skipping tx 0xf8ece780e7f8d982229ccc187a108c2b78c8f30b46f2b16e93558c2f61999623 - not a DEX interaction (target: 0x296faf6BE0Ab5070aB3CD73C745fdA58db6636F5)
[2m2025-12-10T10:12:58.353109Z[0m [34mDEBUG[0m [2methereum_transaction_pool_monitor::mempool_monitor[0m[2m:[0m 📨 Processing new pending transaction: 0x9d6ddc3ef63c3e6515de6f4629cc0f29dc7391dc03670c33fd853405cd206f78
[2m2025-12-10T10:12:58.353118Z[0m [34mDEBUG[0m [2methereum_transaction_pool_monitor::mempool_monitor[0m[2m:[0m 🔍 Fetching transaction details for: 0x9d6ddc3ef63c3e6515de6f4629cc0f29dc7391dc03670c33fd853405cd206f78
[2m2025-12-10T10:12:58.353123Z[0m [34mDEBUG[0m [2methereum_transaction_pool_monitor::eth_client[0m[2m:[0m 🔍 Fetching transaction details for hash: 0x9d6ddc3ef63c3e6515de6f4629cc0f29dc7391dc03670c33fd853405cd206f78
[2m2025-12-10T10:12:58.353147Z[0m [34mDEBUG[0m [2mhyper::client::pool[0m[2m:[0m reuse idle connection for ("http", 192.168.0.14:8545)
[2m2025-12-10T10:12:58.353201Z[0m [34mDEBUG[0m [2mhyper::proto::h1::io[0m[2m:[0m flushed 250 bytes
[2m2025-12-10T10:12:58.353228Z[0m [34mDEBUG[0m [2mhyper::client::pool[0m[2m:[0m reuse idle connection for ("http", 192.168.0.14:8545)
[2m2025-12-10T10:12:58.353243Z[0m [34mDEBUG[0m [2mhyper::proto::h1::io[0m[2m:[0m flushed 172 bytes
[2m2025-12-10T10:12:58.354903Z[0m [34mDEBUG[0m [2methereum_transaction_pool_monitor::eth_client[0m[2m:[0m 📨 Received WebSocket message: {"jsonrpc":"2.0","method":"eth_subscription","params":{"subscription":"0xbed0a0851463e895960a451075a301a9","result":"0xa560fc8b0d06d288e7dd368e8155af95de7f7018b50716501164fc9f54ddfb8a"}}
[2m2025-12-10T10:12:58.354911Z[0m [34mDEBUG[0m [2methereum_transaction_pool_monitor::eth_client[0m[2m:[0m 📨 Received pending transaction: 0xa560fc8b0d06d288e7dd368e8155af95de7f7018b50716501164fc9f54ddfb8a
[2m2025-12-10T10:12:58.357326Z[0m [34mDEBUG[0m [2mhyper::proto::h1::io[0m[2m:[0m parsed 4 headers
[2m2025-12-10T10:12:58.357332Z[0m [34mDEBUG[0m [2mhyper::proto::h1::conn[0m[2m:[0m incoming body is content-length (45 bytes)
[2m2025-12-10T10:12:58.357338Z[0m [34mDEBUG[0m [2mhyper::proto::h1::conn[0m[2m:[0m incoming body completed
[2m2025-12-10T10:12:58.357347Z[0m [34mDEBUG[0m [2mhyper::client::pool[0m[2m:[0m pooling idle connection for ("http", 192.168.0.14:8545)
[2m2025-12-10T10:12:58.357362Z[0m [34mDEBUG[0m [2mhyper::proto::h1::io[0m[2m:[0m parsed 4 headers
[2m2025-12-10T10:12:58.357366Z[0m [34mDEBUG[0m [2mhyper::proto::h1::conn[0m[2m:[0m incoming body is content-length (768 bytes)
[2m2025-12-10T10:12:58.357370Z[0m [34mDEBUG[0m [2mhyper::proto::h1::conn[0m[2m:[0m incoming body completed
[2m2025-12-10T10:12:58.357375Z[0m [34mDEBUG[0m [2mhyper::client::pool[0m[2m:[0m pooling idle connection for ("http", 192.168.0.14:8545)
[2m2025-12-10T10:12:58.357379Z[0m [34mDEBUG[0m [2methereum_transaction_pool_monitor::eth_client[0m[2m:[0m 📡 Transaction fetch RPC completed in 4.249791ms
[2m2025-12-10T10:12:58.357390Z[0m [34mDEBUG[0m [2methereum_transaction_pool_monitor::eth_client[0m[2m:[0m DeFi transaction detected - Address: 0xdac17f958d2ee523a2206206994597c13d831ec7, Type: Stablecoin, Value: 0 ETH, Gas: 0.34 Gwei
[2m2025-12-10T10:12:58.357402Z[0m [34mDEBUG[0m [2methereum_transaction_pool_monitor::eth_client[0m[2m:[0m ✅ Transaction 0x9d6ddc3ef63c3e6515de6f4629cc0f29dc7391dc03670c33fd853405cd206f78 fetched and parsed in 4.273291ms
[2m2025-12-10T10:12:58.357408Z[0m [34mDEBUG[0m [2methereum_transaction_pool_monitor::mempool_monitor[0m[2m:[0m 🔍 Skipping tx 0x9d6ddc3ef63c3e6515de6f4629cc0f29dc7391dc03670c33fd853405cd206f78 - not a DEX interaction (target: 0xdAC17F958D2ee523a2206206994597C13D831ec7)
[2m2025-12-10T10:12:58.357414Z[0m [34mDEBUG[0m [2methereum_transaction_pool_monitor::mempool_monitor[0m[2m:[0m 📨 Processing new pending transaction: 0xba0fa6a9d9ff930a861093498cf3eb8f54aec1cbde492ac74d8a8a06b0ac0f0c
[2m2025-12-10T10:12:58.357420Z[0m [34mDEBUG[0m [2methereum_transaction_pool_monitor::mempool_monitor[0m[2m:[0m 🔍 Fetching transaction details for: 0xba0fa6a9d9ff930a861093498cf3eb8f54aec1cbde492ac74d8a8a06b0ac0f0c
[2m2025-12-10T10:12:58.357424Z[0m [34mDEBUG[0m [2methereum_transaction_pool_monitor::eth_client[0m[2m:[0m 🔍 Fetching transaction details for hash: 0xba0fa6a9d9ff930a861093498cf3eb8f54aec1cbde492ac74d8a8a06b0ac0f0c
[2m2025-12-10T10:12:58.357431Z[0m [34mDEBUG[0m [2mhyper::client::pool[0m[2m:[0m reuse idle connection for ("http", 192.168.0.14:8545)
[2m2025-12-10T10:12:58.357476Z[0m [34mDEBUG[0m [2mhyper::proto::h1::io[0m[2m:[0m flushed 250 bytes
[2m2025-12-10T10:12:58.362712Z[0m [34mDEBUG[0m [2mhyper::proto::h1::io[0m[2m:[0m parsed 4 headers
[2m2025-12-10T10:12:58.362717Z[0m [34mDEBUG[0m [2mhyper::proto::h1::conn[0m[2m:[0m incoming body is content-length (644 bytes)
[2m2025-12-10T10:12:58.362722Z[0m [34mDEBUG[0m [2mhyper::proto::h1::conn[0m[2m:[0m incoming body completed
[2m2025-12-10T10:12:58.362726Z[0m [34mDEBUG[0m [2mhyper::client::pool[0m[2m:[0m pooling idle connection for ("http", 192.168.0.14:8545)
[2m2025-12-10T10:12:58.362730Z[0m [34mDEBUG[0m [2methereum_transaction_pool_monitor::eth_client[0m[2m:[0m 📡 Transaction fetch RPC completed in 5.302666ms
[2m2025-12-10T10:12:58.433637Z[0m [34mDEBUG[0m [2methereum_transaction_pool_monitor::eth_client[0m[2m:[0m ✅ Transaction 0xba0fa6a9d9ff930a861093498cf3eb8f54aec1cbde492ac74d8a8a06b0ac0f0c fetched and parsed in 76.207416ms
[2m2025-12-10T10:12:58.433664Z[0m [34mDEBUG[0m [2methereum_transaction_pool_monitor::mempool_monitor[0m[2m:[0m 🔍 Skipping tx 0xba0fa6a9d9ff930a861093498cf3eb8f54aec1cbde492ac74d8a8a06b0ac0f0c - not a DEX interaction (target: 0x17E5545B11b468072283Cee1F066a059Fb0dbF24)
[2m2025-12-10T10:12:58.433675Z[0m [34mDEBUG[0m [2methereum_transaction_pool_monitor::mempool_monitor[0m[2m:[0m 📨 Processing new pending transaction: 0xc6585e953959a0218cc1f060d574ec7e895c80931225503b5260c6a404454a87
[2m2025-12-10T10:12:58.433680Z[0m [34mDEBUG[0m [2methereum_transaction_pool_monitor::mempool_monitor[0m[2m:[0m 🔍 Fetching transaction details for: 0xc6585e953959a0218cc1f060d574ec7e895c80931225503b5260c6a404454a87
[2m2025-12-10T10:12:58.433685Z[0m [34mDEBUG[0m [2methereum_transaction_pool_monitor::eth_client[0m[2m:[0m 🔍 Fetching transaction details for hash: 0xc6585e953959a0218cc1f060d574ec7e895c80931225503b5260c6a404454a87
[2m2025-12-10T10:12:58.433701Z[0m [34mDEBUG[0m [2mhyper::client::pool[0m[2m:[0m reuse idle connection for ("http", 192.168.0.14:8545)
[2m2025-12-10T10:12:58.433733Z[0m [34mDEBUG[0m [2mhyper::proto::h1::io[0m[2m:[0m flushed 250 bytes
[2m2025-12-10T10:12:58.433761Z[0m [34mDEBUG[0m [2mhyper::client::pool[0m[2m:[0m reuse idle connection for ("http", 192.168.0.14:8545)
[2m2025-12-10T10:12:58.433775Z[0m [34mDEBUG[0m [2mhyper::proto::h1::io[0m[2m:[0m flushed 172 bytes
[2m2025-12-10T10:12:58.438262Z[0m [34mDEBUG[0m [2mhyper::proto::h1::io[0m[2m:[0m parsed 4 headers
[2m2025-12-10T10:12:58.438267Z[0m [34mDEBUG[0m [2mhyper::proto::h1::conn[0m[2m:[0m incoming body is content-length (45 bytes)
[2m2025-12-10T10:12:58.438273Z[0m [34mDEBUG[0m [2mhyper::proto::h1::conn[0m[2m:[0m incoming body completed
[2m2025-12-10T10:12:58.438280Z[0m [34mDEBUG[0m [2mhyper::client::pool[0m[2m:[0m pooling idle connection for ("http", 192.168.0.14:8545)
[2m2025-12-10T10:12:58.438295Z[0m [34mDEBUG[0m [2mhyper::proto::h1::io[0m[2m:[0m parsed 4 headers
[2m2025-12-10T10:12:58.438300Z[0m [34mDEBUG[0m [2mhyper::proto::h1::conn[0m[2m:[0m incoming body is content-length (647 bytes)
[2m2025-12-10T10:12:58.438306Z[0m [34mDEBUG[0m [2mhyper::proto::h1::conn[0m[2m:[0m incoming body completed
[2m2025-12-10T10:12:58.438311Z[0m [34mDEBUG[0m [2mhyper::client::pool[0m[2m:[0m pooling idle connection for ("http", 192.168.0.14:8545)
[2m2025-12-10T10:12:58.438315Z[0m [34mDEBUG[0m [2methereum_transaction_pool_monitor::eth_client[0m[2m:[0m 📡 Transaction fetch RPC completed in 4.626667ms
[2m2025-12-10T10:12:58.509411Z[0m [34mDEBUG[0m [2methereum_transaction_pool_monitor::eth_client[0m[2m:[0m ✅ Transaction 0xc6585e953959a0218cc1f060d574ec7e895c80931225503b5260c6a404454a87 fetched and parsed in 75.720208ms
[2m2025-12-10T10:12:58.509435Z[0m [34mDEBUG[0m [2methereum_transaction_pool_monitor::mempool_monitor[0m[2m:[0m 🔍 Skipping tx 0xc6585e953959a0218cc1f060d574ec7e895c80931225503b5260c6a404454a87 - not a DEX interaction (target: 0x5Cc498EB68D536b9dfC5Ea9823667373B0dEB528)
[2m2025-12-10T10:12:58.509445Z[0m [34mDEBUG[0m [2methereum_transaction_pool_monitor::mempool_monitor[0m[2m:[0m 📨 Processing new pending transaction: 0x7ac6426ceafd78a1226a37cff052864dcfcbc359b4f18fd9fcc0a0a3b8330414
[2m2025-12-10T10:12:58.509451Z[0m [34mDEBUG[0m [2methereum_transaction_pool_monitor::mempool_monitor[0m[2m:[0m 🔍 Fetching transaction details for: 0x7ac6426ceafd78a1226a37cff052864dcfcbc359b4f18fd9fcc0a0a3b8330414
[2m2025-12-10T10:12:58.509455Z[0m [34mDEBUG[0m [2methereum_transaction_pool_monitor::eth_client[0m[2m:[0m 🔍 Fetching transaction details for hash: 0x7ac6426ceafd78a1226a37cff052864dcfcbc359b4f18fd9fcc0a0a3b8330414
[2m2025-12-10T10:12:58.509473Z[0m [34mDEBUG[0m [2mhyper::client::pool[0m[2m:[0m reuse idle connection for ("http", 192.168.0.14:8545)
[2m2025-12-10T10:12:58.509505Z[0m [34mDEBUG[0m [2mhyper::proto::h1::io[0m[2m:[0m flushed 250 bytes
[2m2025-12-10T10:12:58.509532Z[0m [34mDEBUG[0m [2mhyper::client::pool[0m[2m:[0m reuse idle connection for ("http", 192.168.0.14:8545)
[2m2025-12-10T10:12:58.509546Z[0m [34mDEBUG[0m [2mhyper::proto::h1::io[0m[2m:[0m flushed 172 bytes
[2m2025-12-10T10:12:58.514139Z[0m [34mDEBUG[0m [2mhyper::proto::h1::io[0m[2m:[0m parsed 4 headers
[2m2025-12-10T10:12:58.514147Z[0m [34mDEBUG[0m [2mhyper::proto::h1::conn[0m[2m:[0m incoming body is content-length (45 bytes)
[2m2025-12-10T10:12:58.514153Z[0m [34mDEBUG[0m [2mhyper::proto::h1::conn[0m[2m:[0m incoming body completed
[2m2025-12-10T10:12:58.514160Z[0m [34mDEBUG[0m [2mhyper::client::pool[0m[2m:[0m pooling idle connection for ("http", 192.168.0.14:8545)
[2m2025-12-10T10:12:58.514785Z[0m [34mDEBUG[0m [2mhyper::proto::h1::io[0m[2m:[0m parsed 4 headers
[2m2025-12-10T10:12:58.514792Z[0m [34mDEBUG[0m [2mhyper::proto::h1::conn[0m[2m:[0m incoming body is content-length (770 bytes)
[2m2025-12-10T10:12:58.514801Z[0m [34mDEBUG[0m [2mhyper::proto::h1::conn[0m[2m:[0m incoming body completed
[2m2025-12-10T10:12:58.514810Z[0m [34mDEBUG[0m [2mhyper::client::pool[0m[2m:[0m pooling idle connection for ("http", 192.168.0.14:8545)
[2m2025-12-10T10:12:58.514822Z[0m [34mDEBUG[0m [2methereum_transaction_pool_monitor::eth_client[0m[2m:[0m 📡 Transaction fetch RPC completed in 5.362917ms
[2m2025-12-10T10:12:58.587049Z[0m [34mDEBUG[0m [2methereum_transaction_pool_monitor::eth_client[0m[2m:[0m ✅ Transaction 0x7ac6426ceafd78a1226a37cff052864dcfcbc359b4f18fd9fcc0a0a3b8330414 fetched and parsed in 77.588709ms
[2m2025-12-10T10:12:58.587080Z[0m [34mDEBUG[0m [2methereum_transaction_pool_monitor::mempool_monitor[0m[2m:[0m 🔍 Skipping tx 0x7ac6426ceafd78a1226a37cff052864dcfcbc359b4f18fd9fcc0a0a3b8330414 - not a DEX interaction (target: 0x1F573D6Fb3F13d689FF844B4cE37794d79a7FF1C)
[2m2025-12-10T10:12:58.587096Z[0m [34mDEBUG[0m [2methereum_transaction_pool_monitor::mempool_monitor[0m[2m:[0m 📨 Processing new pending transaction: 0x7ffcbf2eeb19f4d645acde98414efd1df5dcdd258f68f1e4edc16344efae6d3a
[2m2025-12-10T10:12:58.587103Z[0m [34mDEBUG[0m [2methereum_transaction_pool_monitor::mempool_monitor[0m[2m:[0m 🔍 Fetching transaction details for: 0x7ffcbf2eeb19f4d645acde98414efd1df5dcdd258f68f1e4edc16344efae6d3a
[2m2025-12-10T10:12:58.587109Z[0m [34mDEBUG[0m [2methereum_transaction_pool_monitor::eth_client[0m[2m:[0m 🔍 Fetching transaction details for hash: 0x7ffcbf2eeb19f4d645acde98414efd1df5dcdd258f68f1e4edc16344efae6d3a
[2m2025-12-10T10:12:58.587128Z[0m [34mDEBUG[0m [2mhyper::client::pool[0m[2m:[0m reuse idle connection for ("http", 192.168.0.14:8545)
[2m2025-12-10T10:12:58.587162Z[0m [34mDEBUG[0m [2mhyper::proto::h1::io[0m[2m:[0m flushed 250 bytes
[2m2025-12-10T10:12:58.591264Z[0m [34mDEBUG[0m [2mhyper::proto::h1::io[0m[2m:[0m parsed 4 headers
[2m2025-12-10T10:12:58.591272Z[0m [34mDEBUG[0m [2mhyper::proto::h1::conn[0m[2m:[0m incoming body is content-length (773 bytes)
[2m2025-12-10T10:12:58.591279Z[0m [34mDEBUG[0m [2mhyper::proto::h1::conn[0m[2m:[0m incoming body completed
[2m2025-12-10T10:12:58.591287Z[0m [34mDEBUG[0m [2mhyper::client::pool[0m[2m:[0m pooling idle connection for ("http", 192.168.0.14:8545)
[2m2025-12-10T10:12:58.591293Z[0m [34mDEBUG[0m [2methereum_transaction_pool_monitor::eth_client[0m[2m:[0m 📡 Transaction fetch RPC completed in 4.179417ms
[2m2025-12-10T10:12:58.662322Z[0m [34mDEBUG[0m [2methereum_transaction_pool_monitor::eth_client[0m[2m:[0m ✅ Transaction 0x7ffcbf2eeb19f4d645acde98414efd1df5dcdd258f68f1e4edc16344efae6d3a fetched and parsed in 75.205708ms
[2m2025-12-10T10:12:58.662350Z[0m [34mDEBUG[0m [2methereum_transaction_pool_monitor::mempool_monitor[0m[2m:[0m 🔍 Skipping tx 0x7ffcbf2eeb19f4d645acde98414efd1df5dcdd258f68f1e4edc16344efae6d3a - not a DEX interaction (target: 0x01791F726B4103694969820be083196cC7c045fF)
[2m2025-12-10T10:12:58.662360Z[0m [34mDEBUG[0m [2methereum_transaction_pool_monitor::mempool_monitor[0m[2m:[0m 📨 Processing new pending transaction: 0xc20d15f02f984e79e03db08410202e13f75b95e279d5c6be81a95cbb1fdab734
[2m2025-12-10T10:12:58.662366Z[0m [34mDEBUG[0m [2methereum_transaction_pool_monitor::mempool_monitor[0m[2m:[0m 🔍 Fetching transaction details for: 0xc20d15f02f984e79e03db08410202e13f75b95e279d5c6be81a95cbb1fdab734
[2m2025-12-10T10:12:58.662370Z[0m [34mDEBUG[0m [2methereum_transaction_pool_monitor::eth_client[0m[2m:[0m 🔍 Fetching transaction details for hash: 0xc20d15f02f984e79e03db08410202e13f75b95e279d5c6be81a95cbb1fdab734
[2m2025-12-10T10:12:58.662389Z[0m [34mDEBUG[0m [2mhyper::client::pool[0m[2m:[0m reuse idle connection for ("http", 192.168.0.14:8545)
[2m2025-12-10T10:12:58.662425Z[0m [34mDEBUG[0m [2mhyper::proto::h1::io[0m[2m:[0m flushed 250 bytes
[2m2025-12-10T10:12:58.662453Z[0m [34mDEBUG[0m [2mhyper::client::pool[0m[2m:[0m reuse idle connection for ("http", 192.168.0.14:8545)
[2m2025-12-10T10:12:58.662467Z[0m [34mDEBUG[0m [2mhyper::proto::h1::io[0m[2m:[0m flushed 172 bytes
[2m2025-12-10T10:12:58.668922Z[0m [34mDEBUG[0m [2mhyper::proto::h1::io[0m[2m:[0m parsed 4 headers
[2m2025-12-10T10:12:58.668930Z[0m [34mDEBUG[0m [2mhyper::proto::h1::conn[0m[2m:[0m incoming body is content-length (763 bytes)
[2m2025-12-10T10:12:58.668936Z[0m [34mDEBUG[0m [2mhyper::proto::h1::conn[0m[2m:[0m incoming body completed
[2m2025-12-10T10:12:58.668945Z[0m [34mDEBUG[0m [2mhyper::client::pool[0m[2m:[0m pooling idle connection for ("http", 192.168.0.14:8545)
[2m2025-12-10T10:12:58.668951Z[0m [34mDEBUG[0m [2methereum_transaction_pool_monitor::eth_client[0m[2m:[0m 📡 Transaction fetch RPC completed in 6.576833ms
[2m2025-12-10T10:12:58.668965Z[0m [34mDEBUG[0m [2methereum_transaction_pool_monitor::eth_client[0m[2m:[0m DeFi transaction detected - Address: 0xdac17f958d2ee523a2206206994597c13d831ec7, Type: Stablecoin, Value: 0 ETH, Gas: 0.74 Gwei
[2m2025-12-10T10:12:58.668976Z[0m [34mDEBUG[0m [2methereum_transaction_pool_monitor::eth_client[0m[2m:[0m ✅ Transaction 0xc20d15f02f984e79e03db08410202e13f75b95e279d5c6be81a95cbb1fdab734 fetched and parsed in 6.602ms
[2m2025-12-10T10:12:58.668981Z[0m [34mDEBUG[0m [2methereum_transaction_pool_monitor::mempool_monitor[0m[2m:[0m 🔍 Skipping tx 0xc20d15f02f984e79e03db08410202e13f75b95e279d5c6be81a95cbb1fdab734 - not a DEX interaction (target: 0xdAC17F958D2ee523a2206206994597C13D831ec7)
[2m2025-12-10T10:12:58.668987Z[0m [34mDEBUG[0m [2methereum_transaction_pool_monitor::mempool_monitor[0m[2m:[0m 📨 Processing new pending transaction: 0x1535cc8c35a8a892e8e83d484e829f5f4a24caef13fea22d6e1503e36a70eba1
[2m2025-12-10T10:12:58.668991Z[0m [34mDEBUG[0m [2methereum_transaction_pool_monitor::mempool_monitor[0m[2m:[0m 🔍 Fetching transaction details for: 0x1535cc8c35a8a892e8e83d484e829f5f4a24caef13fea22d6e1503e36a70eba1
[2m2025-12-10T10:12:58.668994Z[0m [34mDEBUG[0m [2methereum_transaction_pool_monitor::eth_client[0m[2m:[0m 🔍 Fetching transaction details for hash: 0x1535cc8c35a8a892e8e83d484e829f5f4a24caef13fea22d6e1503e36a70eba1
[2m2025-12-10T10:12:58.669005Z[0m [34mDEBUG[0m [2mhyper::client::pool[0m[2m:[0m reuse idle connection for ("http", 192.168.0.14:8545)
[2m2025-12-10T10:12:58.669020Z[0m [34mDEBUG[0m [2mhyper::proto::h1::io[0m[2m:[0m flushed 250 bytes
[2m2025-12-10T10:12:58.669028Z[0m [34mDEBUG[0m [2mhyper::proto::h1::io[0m[2m:[0m parsed 4 headers
[2m2025-12-10T10:12:58.669032Z[0m [34mDEBUG[0m [2mhyper::proto::h1::conn[0m[2m:[0m incoming body is content-length (45 bytes)
[2m2025-12-10T10:12:58.669036Z[0m [34mDEBUG[0m [2mhyper::proto::h1::conn[0m[2m:[0m incoming body completed
[2m2025-12-10T10:12:58.669040Z[0m [34mDEBUG[0m [2mhyper::client::pool[0m[2m:[0m pooling idle connection for ("http", 192.168.0.14:8545)
[2m2025-12-10T10:12:58.673918Z[0m [34mDEBUG[0m [2mhyper::proto::h1::io[0m[2m:[0m parsed 4 headers
[2m2025-12-10T10:12:58.673925Z[0m [34mDEBUG[0m [2mhyper::proto::h1::conn[0m[2m:[0m incoming body is content-length (774 bytes)
[2m2025-12-10T10:12:58.673930Z[0m [34mDEBUG[0m [2mhyper::proto::h1::conn[0m[2m:[0m incoming body completed
[2m2025-12-10T10:12:58.673936Z[0m [34mDEBUG[0m [2mhyper::client::pool[0m[2m:[0m pooling idle connection for ("http", 192.168.0.14:8545)
[2m2025-12-10T10:12:58.673941Z[0m [34mDEBUG[0m [2methereum_transaction_pool_monitor::eth_client[0m[2m:[0m 📡 Transaction fetch RPC completed in 4.943167ms
[2m2025-12-10T10:12:58.673950Z[0m [34mDEBUG[0m [2methereum_transaction_pool_monitor::eth_client[0m[2m:[0m DeFi transaction detected - Address: 0xdac17f958d2ee523a2206206994597c13d831ec7, Type: Stablecoin, Value: 0 ETH, Gas: 5.00 Gwei
[2m2025-12-10T10:12:58.673965Z[0m [34mDEBUG[0m [2methereum_transaction_pool_monitor::eth_client[0m[2m:[0m ✅ Transaction 0x1535cc8c35a8a892e8e83d484e829f5f4a24caef13fea22d6e1503e36a70eba1 fetched and parsed in 4.967625ms
[2m2025-12-10T10:12:58.673972Z[0m [34mDEBUG[0m [2methereum_transaction_pool_monitor::mempool_monitor[0m[2m:[0m 🔍 Skipping tx 0x1535cc8c35a8a892e8e83d484e829f5f4a24caef13fea22d6e1503e36a70eba1 - not a DEX interaction (target: 0xdAC17F958D2ee523a2206206994597C13D831ec7)
[2m2025-12-10T10:12:58.673978Z[0m [34mDEBUG[0m [2methereum_transaction_pool_monitor::mempool_monitor[0m[2m:[0m 📨 Processing new pending transaction: 0x0110beca7384ed27418b745917e3c2a8327138749b7c95eafe6b66ee0b693719
[2m2025-12-10T10:12:58.673983Z[0m [34mDEBUG[0m [2methereum_transaction_pool_monitor::mempool_monitor[0m[2m:[0m 🔍 Fetching transaction details for: 0x0110beca7384ed27418b745917e3c2a8327138749b7c95eafe6b66ee0b693719
[2m2025-12-10T10:12:58.673987Z[0m [34mDEBUG[0m [2methereum_transaction_pool_monitor::eth_client[0m[2m:[0m 🔍 Fetching transaction details for hash: 0x0110beca7384ed27418b745917e3c2a8327138749b7c95eafe6b66ee0b693719
[2m2025-12-10T10:12:58.673998Z[0m [34mDEBUG[0m [2mhyper::client::pool[0m[2m:[0m reuse idle connection for ("http", 192.168.0.14:8545)
[2m2025-12-10T10:12:58.674014Z[0m [34mDEBUG[0m [2mhyper::proto::h1::io[0m[2m:[0m flushed 250 bytes
[2m2025-12-10T10:12:58.679933Z[0m [34mDEBUG[0m [2mhyper::proto::h1::io[0m[2m:[0m parsed 4 headers
[2m2025-12-10T10:12:58.679943Z[0m [34mDEBUG[0m [2mhyper::proto::h1::conn[0m[2m:[0m incoming body is content-length (6019 bytes)
[2m2025-12-10T10:12:58.679951Z[0m [34mDEBUG[0m [2mhyper::proto::h1::conn[0m[2m:[0m incoming body completed
[2m2025-12-10T10:12:58.679961Z[0m [34mDEBUG[0m [2mhyper::client::pool[0m[2m:[0m pooling idle connection for ("http", 192.168.0.14:8545)
[2m2025-12-10T10:12:58.679967Z[0m [34mDEBUG[0m [2methereum_transaction_pool_monitor::eth_client[0m[2m:[0m 📡 Transaction fetch RPC completed in 5.976042ms
[2m2025-12-10T10:12:58.751356Z[0m [34mDEBUG[0m [2methereum_transaction_pool_monitor::eth_client[0m[2m:[0m ✅ Transaction 0x0110beca7384ed27418b745917e3c2a8327138749b7c95eafe6b66ee0b693719 fetched and parsed in 77.362334ms
[2m2025-12-10T10:12:58.751632Z[0m [34mDEBUG[0m [2methereum_transaction_pool_monitor::mempool_monitor[0m[2m:[0m 🔍 Skipping tx 0x0110beca7384ed27418b745917e3c2a8327138749b7c95eafe6b66ee0b693719 - not a DEX interaction (target: 0xF6801D319497789f934ec7F83E142a9536312B08)
[2m2025-12-10T10:12:58.751645Z[0m [34mDEBUG[0m [2methereum_transaction_pool_monitor::mempool_monitor[0m[2m:[0m 📨 Processing new pending transaction: 0x45386d3de5705e4f2669452b5c74ba3308110483dfdad0fbc914fb419ccc3ddd
[2m2025-12-10T10:12:58.751651Z[0m [34mDEBUG[0m [2methereum_transaction_pool_monitor::mempool_monitor[0m[2m:[0m 🔍 Fetching transaction details for: 0x45386d3de5705e4f2669452b5c74ba3308110483dfdad0fbc914fb419ccc3ddd
[2m2025-12-10T10:12:58.751655Z[0m [34mDEBUG[0m [2methereum_transaction_pool_monitor::eth_client[0m[2m:[0m 🔍 Fetching transaction details for hash: 0x45386d3de5705e4f2669452b5c74ba3308110483dfdad0fbc914fb419ccc3ddd
[2m2025-12-10T10:12:58.751671Z[0m [34mDEBUG[0m [2mhyper::client::pool[0m[2m:[0m reuse idle connection for ("http", 192.168.0.14:8545)
[2m2025-12-10T10:12:58.751706Z[0m [34mDEBUG[0m [2mhyper::proto::h1::io[0m[2m:[0m flushed 250 bytes
[2m2025-12-10T10:12:58.751734Z[0m [34mDEBUG[0m [2mhyper::client::pool[0m[2m:[0m reuse idle connection for ("http", 192.168.0.14:8545)
[2m2025-12-10T10:12:58.751746Z[0m [34mDEBUG[0m [2mhyper::proto::h1::io[0m[2m:[0m flushed 172 bytes
[2m2025-12-10T10:12:58.755625Z[0m [34mDEBUG[0m [2mhyper::proto::h1::io[0m[2m:[0m parsed 4 headers
[2m2025-12-10T10:12:58.755637Z[0m [34mDEBUG[0m [2mhyper::proto::h1::conn[0m[2m:[0m incoming body is content-length (45 bytes)
[2m2025-12-10T10:12:58.755644Z[0m [34mDEBUG[0m [2mhyper::proto::h1::conn[0m[2m:[0m incoming body completed
[2m2025-12-10T10:12:58.755652Z[0m [34mDEBUG[0m [2mhyper::client::pool[0m[2m:[0m pooling idle connection for ("http", 192.168.0.14:8545)
[2m2025-12-10T10:12:58.756883Z[0m [34mDEBUG[0m [2mhyper::proto::h1::io[0m[2m:[0m parsed 4 headers
[2m2025-12-10T10:12:58.756891Z[0m [34mDEBUG[0m [2mhyper::proto::h1::conn[0m[2m:[0m incoming body is content-length (648 bytes)
[2m2025-12-10T10:12:58.756896Z[0m [34mDEBUG[0m [2mhyper::proto::h1::conn[0m[2m:[0m incoming body completed
[2m2025-12-10T10:12:58.756903Z[0m [34mDEBUG[0m [2mhyper::client::pool[0m[2m:[0m pooling idle connection for ("http", 192.168.0.14:8545)
[2m2025-12-10T10:12:58.756908Z[0m [34mDEBUG[0m [2methereum_transaction_pool_monitor::eth_client[0m[2m:[0m 📡 Transaction fetch RPC completed in 5.24925ms
[2m2025-12-10T10:12:58.828811Z[0m [34mDEBUG[0m [2methereum_transaction_pool_monitor::eth_client[0m[2m:[0m ✅ Transaction 0x45386d3de5705e4f2669452b5c74ba3308110483dfdad0fbc914fb419ccc3ddd fetched and parsed in 77.150625ms
[2m2025-12-10T10:12:58.828840Z[0m [34mDEBUG[0m [2methereum_transaction_pool_monitor::mempool_monitor[0m[2m:[0m 🔍 Skipping tx 0x45386d3de5705e4f2669452b5c74ba3308110483dfdad0fbc914fb419ccc3ddd - not a DEX interaction (target: 0x28C6c06298d514Db089934071355E5743bf21d60)
[2m2025-12-10T10:12:58.828856Z[0m [34mDEBUG[0m [2methereum_transaction_pool_monitor::mempool_monitor[0m[2m:[0m 📨 Processing new pending transaction: 0x70e494cf02e85fdecf07abdcf0f32883f1e1422f643682c314a4c378da128132
[2m2025-12-10T10:12:58.828864Z[0m [34mDEBUG[0m [2methereum_transaction_pool_monitor::mempool_monitor[0m[2m:[0m 🔍 Fetching transaction details for: 0x70e494cf02e85fdecf07abdcf0f32883f1e1422f643682c314a4c378da128132
[2m2025-12-10T10:12:58.828870Z[0m [34mDEBUG[0m [2methereum_transaction_pool_monitor::eth_client[0m[2m:[0m 🔍 Fetching transaction details for hash: 0x70e494cf02e85fdecf07abdcf0f32883f1e1422f643682c314a4c378da128132
[2m2025-12-10T10:12:58.828889Z[0m [34mDEBUG[0m [2mhyper::client::pool[0m[2m:[0m reuse idle connection for ("http", 192.168.0.14:8545)
[2m2025-12-10T10:12:58.828921Z[0m [34mDEBUG[0m [2mhyper::proto::h1::io[0m[2m:[0m flushed 250 bytes
[2m2025-12-10T10:12:58.828940Z[0m [34mDEBUG[0m [2mhyper::client::pool[0m[2m:[0m reuse idle connection for ("http", 192.168.0.14:8545)
[2m2025-12-10T10:12:58.828952Z[0m [34mDEBUG[0m [2methereum_transaction_pool_monitor::eth_client[0m[2m:[0m 📨 Received WebSocket message: {"jsonrpc":"2.0","method":"eth_subscription","params":{"subscription":"0xbed0a0851463e895960a451075a301a9","result":"0x5e1b03a80028d421170583428897ab93d5877b2a20bb40276556ff5736ab7239"}}
[2m2025-12-10T10:12:58.828956Z[0m [34mDEBUG[0m [2mhyper::proto::h1::io[0m[2m:[0m flushed 172 bytes
[2m2025-12-10T10:12:58.828967Z[0m [34mDEBUG[0m [2methereum_transaction_pool_monitor::eth_client[0m[2m:[0m 📨 Received pending transaction: 0x5e1b03a80028d421170583428897ab93d5877b2a20bb40276556ff5736ab7239
[2m2025-12-10T10:12:58.833494Z[0m [34mDEBUG[0m [2mhyper::proto::h1::io[0m[2m:[0m parsed 4 headers
[2m2025-12-10T10:12:58.833500Z[0m [34mDEBUG[0m [2mhyper::proto::h1::conn[0m[2m:[0m incoming body is content-length (648 bytes)
[2m2025-12-10T10:12:58.833507Z[0m [34mDEBUG[0m [2mhyper::proto::h1::conn[0m[2m:[0m incoming body completed
[2m2025-12-10T10:12:58.833513Z[0m [34mDEBUG[0m [2mhyper::client::pool[0m[2m:[0m pooling idle connection for ("http", 192.168.0.14:8545)
[2m2025-12-10T10:12:58.833519Z[0m [34mDEBUG[0m [2methereum_transaction_pool_monitor::eth_client[0m[2m:[0m 📡 Transaction fetch RPC completed in 4.643291ms
[2m2025-12-10T10:12:58.905280Z[0m [34mDEBUG[0m [2methereum_transaction_pool_monitor::eth_client[0m[2m:[0m ✅ Transaction 0x70e494cf02e85fdecf07abdcf0f32883f1e1422f643682c314a4c378da128132 fetched and parsed in 76.402791ms
[2m2025-12-10T10:12:58.905305Z[0m [34mDEBUG[0m [2methereum_transaction_pool_monitor::mempool_monitor[0m[2m:[0m 🔍 Skipping tx 0x70e494cf02e85fdecf07abdcf0f32883f1e1422f643682c314a4c378da128132 - not a DEX interaction (target: 0x28C6c06298d514Db089934071355E5743bf21d60)
[2m2025-12-10T10:12:58.905314Z[0m [34mDEBUG[0m [2methereum_transaction_pool_monitor::mempool_monitor[0m[2m:[0m 📨 Processing new pending transaction: 0x70a4cf84ed2d3b77068b111b9c3d816e77cb3b39a69a36fdfd4136d8014d0213
[2m2025-12-10T10:12:58.905320Z[0m [34mDEBUG[0m [2methereum_transaction_pool_monitor::mempool_monitor[0m[2m:[0m 🔍 Fetching transaction details for: 0x70a4cf84ed2d3b77068b111b9c3d816e77cb3b39a69a36fdfd4136d8014d0213
[2m2025-12-10T10:12:58.905326Z[0m [34mDEBUG[0m [2methereum_transaction_pool_monitor::eth_client[0m[2m:[0m 🔍 Fetching transaction details for hash: 0x70a4cf84ed2d3b77068b111b9c3d816e77cb3b39a69a36fdfd4136d8014d0213
[2m2025-12-10T10:12:58.905342Z[0m [34mDEBUG[0m [2mhyper::client::pool[0m[2m:[0m reuse idle connection for ("http", 192.168.0.14:8545)
[2m2025-12-10T10:12:58.905386Z[0m [34mDEBUG[0m [2mhyper::proto::h1::io[0m[2m:[0m flushed 250 bytes
[2m2025-12-10T10:12:58.905410Z[0m [34mDEBUG[0m [2methereum_transaction_pool_monitor::eth_client[0m[2m:[0m 📨 Received WebSocket message: {"jsonrpc":"2.0","method":"eth_subscription","params":{"subscription":"0xbed0a0851463e895960a451075a301a9","result":"0xba78a4ae7e39bce9977789b625e728770f6d58a45dab3fef0f474d1699bd5716"}}
[2m2025-12-10T10:12:58.905418Z[0m [34mDEBUG[0m [2methereum_transaction_pool_monitor::eth_client[0m[2m:[0m 📨 Received pending transaction: 0xba78a4ae7e39bce9977789b625e728770f6d58a45dab3fef0f474d1699bd5716
[2m2025-12-10T10:12:58.905451Z[0m [34mDEBUG[0m [2mhyper::proto::h1::io[0m[2m:[0m parsed 4 headers
[2m2025-12-10T10:12:58.905457Z[0m [34mDEBUG[0m [2mhyper::proto::h1::conn[0m[2m:[0m incoming body is content-length (45 bytes)
[2m2025-12-10T10:12:58.905463Z[0m [34mDEBUG[0m [2mhyper::proto::h1::conn[0m[2m:[0m incoming body completed
[2m2025-12-10T10:12:58.905470Z[0m [34mDEBUG[0m [2mhyper::client::pool[0m[2m:[0m pooling idle connection for ("http", 192.168.0.14:8545)
[2m2025-12-10T10:12:58.905484Z[0m [34mDEBUG[0m [2mhyper::client::pool[0m[2m:[0m reuse idle connection for ("http", 192.168.0.14:8545)
[2m2025-12-10T10:12:58.905498Z[0m [34mDEBUG[0m [2mhyper::proto::h1::io[0m[2m:[0m flushed 172 bytes
[2m2025-12-10T10:12:58.909478Z[0m [34mDEBUG[0m [2mhyper::proto::h1::io[0m[2m:[0m parsed 4 headers
[2m2025-12-10T10:12:58.909488Z[0m [34mDEBUG[0m [2mhyper::proto::h1::conn[0m[2m:[0m incoming body is content-length (45 bytes)
[2m2025-12-10T10:12:58.909494Z[0m [34mDEBUG[0m [2mhyper::proto::h1::conn[0m[2m:[0m incoming body completed
[2m2025-12-10T10:12:58.909501Z[0m [34mDEBUG[0m [2mhyper::client::pool[0m[2m:[0m pooling idle connection for ("http", 192.168.0.14:8545)
[2m2025-12-10T10:12:58.909521Z[0m [34mDEBUG[0m [2mhyper::proto::h1::io[0m[2m:[0m parsed 4 headers
[2m2025-12-10T10:12:58.909525Z[0m [34mDEBUG[0m [2mhyper::proto::h1::conn[0m[2m:[0m incoming body is content-length (764 bytes)
[2m2025-12-10T10:12:58.909529Z[0m [34mDEBUG[0m [2mhyper::proto::h1::conn[0m[2m:[0m incoming body completed
[2m2025-12-10T10:12:58.909534Z[0m [34mDEBUG[0m [2mhyper::client::pool[0m[2m:[0m pooling idle connection for ("http", 192.168.0.14:8545)
[2m2025-12-10T10:12:58.909538Z[0m [34mDEBUG[0m [2methereum_transaction_pool_monitor::eth_client[0m[2m:[0m 📡 Transaction fetch RPC completed in 4.2085ms
[2m2025-12-10T10:12:58.981277Z[0m [34mDEBUG[0m [2methereum_transaction_pool_monitor::eth_client[0m[2m:[0m ✅ Transaction 0x70a4cf84ed2d3b77068b111b9c3d816e77cb3b39a69a36fdfd4136d8014d0213 fetched and parsed in 75.944041ms
[2m2025-12-10T10:12:58.982239Z[0m [34mDEBUG[0m [2methereum_transaction_pool_monitor::mempool_monitor[0m[2m:[0m 🔍 Skipping tx 0x70a4cf84ed2d3b77068b111b9c3d816e77cb3b39a69a36fdfd4136d8014d0213 - not a DEX interaction (target: 0xA0b86991c6218b36c1d19D4a2e9Eb0cE3606eB48)
[2m2025-12-10T10:12:58.982250Z[0m [34mDEBUG[0m [2methereum_transaction_pool_monitor::mempool_monitor[0m[2m:[0m 📨 Processing new pending transaction: 0x4041359eeb2e431febfe0822c4415c6a7368c168bb57c106be6e50eef74ad8ed
[2m2025-12-10T10:12:58.982259Z[0m [34mDEBUG[0m [2methereum_transaction_pool_monitor::mempool_monitor[0m[2m:[0m 🔍 Fetching transaction details for: 0x4041359eeb2e431febfe0822c4415c6a7368c168bb57c106be6e50eef74ad8ed
[2m2025-12-10T10:12:58.982267Z[0m [34mDEBUG[0m [2methereum_transaction_pool_monitor::eth_client[0m[2m:[0m 🔍 Fetching transaction details for hash: 0x4041359eeb2e431febfe0822c4415c6a7368c168bb57c106be6e50eef74ad8ed
[2m2025-12-10T10:12:58.982286Z[0m [34mDEBUG[0m [2mhyper::client::pool[0m[2m:[0m reuse idle connection for ("http", 192.168.0.14:8545)
[2m2025-12-10T10:12:58.982324Z[0m [34mDEBUG[0m [2mhyper::proto::h1::io[0m[2m:[0m flushed 250 bytes
[2m2025-12-10T10:12:58.982347Z[0m [34mDEBUG[0m [2methereum_transaction_pool_monitor::eth_client[0m[2m:[0m 📨 Received WebSocket message: {"jsonrpc":"2.0","method":"eth_subscription","params":{"subscription":"0xbed0a0851463e895960a451075a301a9","result":"0x4dddabdff0555203014fb84856320fecfef32e67d801c70089f86735234e68f1"}}
[2m2025-12-10T10:12:58.982355Z[0m [34mDEBUG[0m [2methereum_transaction_pool_monitor::eth_client[0m[2m:[0m 📨 Received pending transaction: 0x4dddabdff0555203014fb84856320fecfef32e67d801c70089f86735234e68f1
[2m2025-12-10T10:12:58.992672Z[0m [34mDEBUG[0m [2mhyper::proto::h1::io[0m[2m:[0m parsed 4 headers
[2m2025-12-10T10:12:58.992682Z[0m [34mDEBUG[0m [2mhyper::proto::h1::conn[0m[2m:[0m incoming body is content-length (33790 bytes)
[2m2025-12-10T10:12:58.992698Z[0m [34mDEBUG[0m [2methereum_transaction_pool_monitor::eth_client[0m[2m:[0m 📡 Transaction fetch RPC completed in 10.425209ms
[2m2025-12-10T10:12:58.998953Z[0m [34mDEBUG[0m [2mhyper::client::pool[0m[2m:[0m reuse idle connection for ("http", 192.168.0.14:8545)
[2m2025-12-10T10:12:58.999009Z[0m [34mDEBUG[0m [2mhyper::proto::h1::io[0m[2m:[0m flushed 172 bytes
[2m2025-12-10T10:12:59.004214Z[0m [34mDEBUG[0m [2mhyper::proto::h1::conn[0m[2m:[0m incoming body completed
[2m2025-12-10T10:12:59.004227Z[0m [34mDEBUG[0m [2mhyper::client::pool[0m[2m:[0m pooling idle connection for ("http", 192.168.0.14:8545)
[2m2025-12-10T10:12:59.007987Z[0m [34mDEBUG[0m [2mhyper::proto::h1::io[0m[2m:[0m parsed 4 headers
[2m2025-12-10T10:12:59.007995Z[0m [34mDEBUG[0m [2mhyper::proto::h1::conn[0m[2m:[0m incoming body is content-length (45 bytes)
[2m2025-12-10T10:12:59.008001Z[0m [34mDEBUG[0m [2mhyper::proto::h1::conn[0m[2m:[0m incoming body completed
[2m2025-12-10T10:12:59.008009Z[0m [34mDEBUG[0m [2mhyper::client::pool[0m[2m:[0m pooling idle connection for ("http", 192.168.0.14:8545)
[2m2025-12-10T10:12:59.075842Z[0m [34mDEBUG[0m [2methereum_transaction_pool_monitor::eth_client[0m[2m:[0m ✅ Transaction 0x4041359eeb2e431febfe0822c4415c6a7368c168bb57c106be6e50eef74ad8ed fetched and parsed in 93.56675ms
[2m2025-12-10T10:12:59.075873Z[0m [34mDEBUG[0m [2methereum_transaction_pool_monitor::mempool_monitor[0m[2m:[0m 🔍 Skipping tx 0x4041359eeb2e431febfe0822c4415c6a7368c168bb57c106be6e50eef74ad8ed - not a DEX interaction (target: 0x603bb2c05D474794ea97805e8De69bCcFb3bCA12)
[2m2025-12-10T10:12:59.075893Z[0m [34mDEBUG[0m [2methereum_transaction_pool_monitor::mempool_monitor[0m[2m:[0m 📨 Processing new pending transaction: 0x3005174f2d8fc31f131fa7811e6109ebf3b1ff47a6379c43c96e409ef50a4055
[2m2025-12-10T10:12:59.075901Z[0m [34mDEBUG[0m [2methereum_transaction_pool_monitor::mempool_monitor[0m[2m:[0m 🔍 Fetching transaction details for: 0x3005174f2d8fc31f131fa7811e6109ebf3b1ff47a6379c43c96e409ef50a4055
[2m2025-12-10T10:12:59.075907Z[0m [34mDEBUG[0m [2methereum_transaction_pool_monitor::eth_client[0m[2m:[0m 🔍 Fetching transaction details for hash: 0x3005174f2d8fc31f131fa7811e6109ebf3b1ff47a6379c43c96e409ef50a4055
[2m2025-12-10T10:12:59.075928Z[0m [34mDEBUG[0m [2mhyper::client::pool[0m[2m:[0m reuse idle connection for ("http", 192.168.0.14:8545)
[2m2025-12-10T10:12:59.075961Z[0m [34mDEBUG[0m [2mhyper::proto::h1::io[0m[2m:[0m flushed 250 bytes
[2m2025-12-10T10:12:59.079752Z[0m [34mDEBUG[0m [2mhyper::proto::h1::io[0m[2m:[0m parsed 4 headers
[2m2025-12-10T10:12:59.079766Z[0m [34mDEBUG[0m [2mhyper::proto::h1::conn[0m[2m:[0m incoming body is content-length (777 bytes)
[2m2025-12-10T10:12:59.079773Z[0m [34mDEBUG[0m [2mhyper::proto::h1::conn[0m[2m:[0m incoming body completed
[2m2025-12-10T10:12:59.079781Z[0m [34mDEBUG[0m [2mhyper::client::pool[0m[2m:[0m pooling idle connection for ("http", 192.168.0.14:8545)
[2m2025-12-10T10:12:59.079787Z[0m [34mDEBUG[0m [2methereum_transaction_pool_monitor::eth_client[0m[2m:[0m 📡 Transaction fetch RPC completed in 3.874042ms
[2m2025-12-10T10:12:59.151289Z[0m [34mDEBUG[0m [2methereum_transaction_pool_monitor::eth_client[0m[2m:[0m ✅ Transaction 0x3005174f2d8fc31f131fa7811e6109ebf3b1ff47a6379c43c96e409ef50a4055 fetched and parsed in 75.373542ms
[2m2025-12-10T10:12:59.151315Z[0m [34mDEBUG[0m [2methereum_transaction_pool_monitor::mempool_monitor[0m[2m:[0m 🔍 Skipping tx 0x3005174f2d8fc31f131fa7811e6109ebf3b1ff47a6379c43c96e409ef50a4055 - not a DEX interaction (target: 0x0c662179581ad57946e7b3351A3CE71510C4835d)
[2m2025-12-10T10:12:59.151326Z[0m [34mDEBUG[0m [2methereum_transaction_pool_monitor::mempool_monitor[0m[2m:[0m 📨 Processing new pending transaction: 0x8af93119ebe5638f92428919a2d72c2049253c3bed98b284c25ddebbe10aa925
[2m2025-12-10T10:12:59.151332Z[0m [34mDEBUG[0m [2methereum_transaction_pool_monitor::mempool_monitor[0m[2m:[0m 🔍 Fetching transaction details for: 0x8af93119ebe5638f92428919a2d72c2049253c3bed98b284c25ddebbe10aa925
[2m2025-12-10T10:12:59.151338Z[0m [34mDEBUG[0m [2methereum_transaction_pool_monitor::eth_client[0m[2m:[0m 🔍 Fetching transaction details for hash: 0x8af93119ebe5638f92428919a2d72c2049253c3bed98b284c25ddebbe10aa925
[2m2025-12-10T10:12:59.151356Z[0m [34mDEBUG[0m [2mhyper::client::pool[0m[2m:[0m reuse idle connection for ("http", 192.168.0.14:8545)
[2m2025-12-10T10:12:59.151387Z[0m [34mDEBUG[0m [2mhyper::proto::h1::io[0m[2m:[0m flushed 250 bytes
[2m2025-12-10T10:12:59.151664Z[0m [34mDEBUG[0m [2mhyper::client::pool[0m[2m:[0m reuse idle connection for ("http", 192.168.0.14:8545)
[2m2025-12-10T10:12:59.151680Z[0m [34mDEBUG[0m [2mhyper::proto::h1::io[0m[2m:[0m flushed 172 bytes
[2m2025-12-10T10:12:59.159859Z[0m [34mDEBUG[0m [2mhyper::proto::h1::io[0m[2m:[0m parsed 4 headers
[2m2025-12-10T10:12:59.159870Z[0m [34mDEBUG[0m [2mhyper::proto::h1::conn[0m[2m:[0m incoming body is content-length (2319 bytes)
[2m2025-12-10T10:12:59.159880Z[0m [34mDEBUG[0m [2mhyper::proto::h1::conn[0m[2m:[0m incoming body completed
[2m2025-12-10T10:12:59.159892Z[0m [34mDEBUG[0m [2mhyper::client::pool[0m[2m:[0m pooling idle connection for ("http", 192.168.0.14:8545)
[2m2025-12-10T10:12:59.159899Z[0m [34mDEBUG[0m [2methereum_transaction_pool_monitor::eth_client[0m[2m:[0m 📡 Transaction fetch RPC completed in 8.557458ms
[2m2025-12-10T10:12:59.231588Z[0m [34mDEBUG[0m [2methereum_transaction_pool_monitor::eth_client[0m[2m:[0m ✅ Transaction 0x8af93119ebe5638f92428919a2d72c2049253c3bed98b284c25ddebbe10aa925 fetched and parsed in 80.243208ms
[2m2025-12-10T10:12:59.231611Z[0m [34mDEBUG[0m [2methereum_transaction_pool_monitor::mempool_monitor[0m[2m:[0m 🔍 Skipping tx 0x8af93119ebe5638f92428919a2d72c2049253c3bed98b284c25ddebbe10aa925 - not a DEX interaction (target: 0x66a9893cC07D91D95644AEDD05D03f95e1dBA8Af)
[2m2025-12-10T10:12:59.231622Z[0m [34mDEBUG[0m [2methereum_transaction_pool_monitor::mempool_monitor[0m[2m:[0m 📨 Processing new pending transaction: 0x3b4699a6dc1cc473a7b979f5c7f69a58b8d90fd2b4f6ccadfc96635edd7a2ec1
[2m2025-12-10T10:12:59.231628Z[0m [34mDEBUG[0m [2methereum_transaction_pool_monitor::mempool_monitor[0m[2m:[0m 🔍 Fetching transaction details for: 0x3b4699a6dc1cc473a7b979f5c7f69a58b8d90fd2b4f6ccadfc96635edd7a2ec1
[2m2025-12-10T10:12:59.231632Z[0m [34mDEBUG[0m [2methereum_transaction_pool_monitor::eth_client[0m[2m:[0m 🔍 Fetching transaction details for hash: 0x3b4699a6dc1cc473a7b979f5c7f69a58b8d90fd2b4f6ccadfc96635edd7a2ec1
[2m2025-12-10T10:12:59.231649Z[0m [34mDEBUG[0m [2mhyper::client::pool[0m[2m:[0m reuse idle connection for ("http", 192.168.0.14:8545)
[2m2025-12-10T10:12:59.231687Z[0m [34mDEBUG[0m [2mhyper::proto::h1::io[0m[2m:[0m flushed 250 bytes
[2m2025-12-10T10:12:59.231708Z[0m [34mDEBUG[0m [2methereum_transaction_pool_monitor::eth_client[0m[2m:[0m 📨 Received WebSocket message: {"jsonrpc":"2.0","method":"eth_subscription","params":{"subscription":"0xbed0a0851463e895960a451075a301a9","result":"0x4a3f53ec404da16686129aaecacf697266776609c787061b2519de220fc9554a"}}
[2m2025-12-10T10:12:59.231714Z[0m [34mDEBUG[0m [2mhyper::proto::h1::io[0m[2m:[0m parsed 4 headers
[2m2025-12-10T10:12:59.231715Z[0m [34mDEBUG[0m [2methereum_transaction_pool_monitor::eth_client[0m[2m:[0m 📨 Received pending transaction: 0x4a3f53ec404da16686129aaecacf697266776609c787061b2519de220fc9554a
[2m2025-12-10T10:12:59.231722Z[0m [34mDEBUG[0m [2mhyper::proto::h1::conn[0m[2m:[0m incoming body is content-length (45 bytes)
[2m2025-12-10T10:12:59.231731Z[0m [34mDEBUG[0m [2mhyper::proto::h1::conn[0m[2m:[0m incoming body completed
[2m2025-12-10T10:12:59.231739Z[0m [34mDEBUG[0m [2mhyper::client::pool[0m[2m:[0m pooling idle connection for ("http", 192.168.0.14:8545)
[2m2025-12-10T10:12:59.231752Z[0m [34mDEBUG[0m [2mhyper::client::pool[0m[2m:[0m reuse idle connection for ("http", 192.168.0.14:8545)
[2m2025-12-10T10:12:59.231766Z[0m [34mDEBUG[0m [2mhyper::proto::h1::io[0m[2m:[0m flushed 172 bytes
[2m2025-12-10T10:12:59.236906Z[0m [34mDEBUG[0m [2mhyper::proto::h1::io[0m[2m:[0m parsed 4 headers
[2m2025-12-10T10:12:59.236920Z[0m [34mDEBUG[0m [2mhyper::proto::h1::conn[0m[2m:[0m incoming body is content-length (45 bytes)
[2m2025-12-10T10:12:59.236926Z[0m [34mDEBUG[0m [2mhyper::proto::h1::conn[0m[2m:[0m incoming body completed
[2m2025-12-10T10:12:59.236935Z[0m [34mDEBUG[0m [2mhyper::client::pool[0m[2m:[0m pooling idle connection for ("http", 192.168.0.14:8545)
[2m2025-12-10T10:12:59.237965Z[0m [34mDEBUG[0m [2mhyper::proto::h1::io[0m[2m:[0m parsed 4 headers
[2m2025-12-10T10:12:59.237972Z[0m [34mDEBUG[0m [2mhyper::proto::h1::conn[0m[2m:[0m incoming body is content-length (652 bytes)
[2m2025-12-10T10:12:59.237978Z[0m [34mDEBUG[0m [2mhyper::proto::h1::conn[0m[2m:[0m incoming body completed
[2m2025-12-10T10:12:59.237984Z[0m [34mDEBUG[0m [2mhyper::client::pool[0m[2m:[0m pooling idle connection for ("http", 192.168.0.14:8545)
[2m2025-12-10T10:12:59.237989Z[0m [34mDEBUG[0m [2methereum_transaction_pool_monitor::eth_client[0m[2m:[0m 📡 Transaction fetch RPC completed in 6.353375ms
[2m2025-12-10T10:12:59.309630Z[0m [34mDEBUG[0m [2methereum_transaction_pool_monitor::eth_client[0m[2m:[0m ✅ Transaction 0x3b4699a6dc1cc473a7b979f5c7f69a58b8d90fd2b4f6ccadfc96635edd7a2ec1 fetched and parsed in 77.991792ms
[2m2025-12-10T10:12:59.309655Z[0m [34mDEBUG[0m [2methereum_transaction_pool_monitor::mempool_monitor[0m[2m:[0m 🔍 Skipping tx 0x3b4699a6dc1cc473a7b979f5c7f69a58b8d90fd2b4f6ccadfc96635edd7a2ec1 - not a DEX interaction (target: 0x28C6c06298d514Db089934071355E5743bf21d60)
[2m2025-12-10T10:12:59.309666Z[0m [34mDEBUG[0m [2methereum_transaction_pool_monitor::mempool_monitor[0m[2m:[0m 📨 Processing new pending transaction: 0x70788e23be711494be0680eae0eea3c3f5776099ada8b955a41fef7244ec0100
[2m2025-12-10T10:12:59.309672Z[0m [34mDEBUG[0m [2methereum_transaction_pool_monitor::mempool_monitor[0m[2m:[0m 🔍 Fetching transaction details for: 0x70788e23be711494be0680eae0eea3c3f5776099ada8b955a41fef7244ec0100
[2m2025-12-10T10:12:59.309676Z[0m [34mDEBUG[0m [2methereum_transaction_pool_monitor::eth_client[0m[2m:[0m 🔍 Fetching transaction details for hash: 0x70788e23be711494be0680eae0eea3c3f5776099ada8b955a41fef7244ec0100
[2m2025-12-10T10:12:59.309693Z[0m [34mDEBUG[0m [2mhyper::client::pool[0m[2m:[0m reuse idle connection for ("http", 192.168.0.14:8545)
[2m2025-12-10T10:12:59.309726Z[0m [34mDEBUG[0m [2mhyper::proto::h1::io[0m[2m:[0m flushed 250 bytes
[2m2025-12-10T10:12:59.309754Z[0m [34mDEBUG[0m [2mhyper::client::pool[0m[2m:[0m reuse idle connection for ("http", 192.168.0.14:8545)
[2m2025-12-10T10:12:59.309769Z[0m [34mDEBUG[0m [2mhyper::proto::h1::io[0m[2m:[0m flushed 172 bytes
[2m2025-12-10T10:12:59.312992Z[0m [34mDEBUG[0m [2mhyper::proto::h1::io[0m[2m:[0m parsed 4 headers
[2m2025-12-10T10:12:59.313007Z[0m [34mDEBUG[0m [2mhyper::proto::h1::conn[0m[2m:[0m incoming body is content-length (45 bytes)
[2m2025-12-10T10:12:59.313020Z[0m [34mDEBUG[0m [2mhyper::proto::h1::conn[0m[2m:[0m incoming body completed
[2m2025-12-10T10:12:59.313038Z[0m [34mDEBUG[0m [2mhyper::client::pool[0m[2m:[0m pooling idle connection for ("http", 192.168.0.14:8545)
[2m2025-12-10T10:12:59.318230Z[0m [34mDEBUG[0m [2mhyper::proto::h1::io[0m[2m:[0m parsed 4 headers
[2m2025-12-10T10:12:59.318236Z[0m [34mDEBUG[0m [2mhyper::proto::h1::conn[0m[2m:[0m incoming body is content-length (774 bytes)
[2m2025-12-10T10:12:59.318242Z[0m [34mDEBUG[0m [2mhyper::proto::h1::conn[0m[2m:[0m incoming body completed
[2m2025-12-10T10:12:59.318248Z[0m [34mDEBUG[0m [2mhyper::client::pool[0m[2m:[0m pooling idle connection for ("http", 192.168.0.14:8545)
[2m2025-12-10T10:12:59.318253Z[0m [34mDEBUG[0m [2methereum_transaction_pool_monitor::eth_client[0m[2m:[0m 📡 Transaction fetch RPC completed in 8.572833ms
[2m2025-12-10T10:12:59.389755Z[0m [34mDEBUG[0m [2methereum_transaction_pool_monitor::eth_client[0m[2m:[0m ✅ Transaction 0x70788e23be711494be0680eae0eea3c3f5776099ada8b955a41fef7244ec0100 fetched and parsed in 80.073208ms
[2m2025-12-10T10:12:59.389780Z[0m [34mDEBUG[0m [2methereum_transaction_pool_monitor::mempool_monitor[0m[2m:[0m 🔍 Skipping tx 0x70788e23be711494be0680eae0eea3c3f5776099ada8b955a41fef7244ec0100 - not a DEX interaction (target: 0x5A98FcBEA516Cf06857215779Fd812CA3beF1B32)
[2m2025-12-10T10:12:59.389790Z[0m [34mDEBUG[0m [2methereum_transaction_pool_monitor::mempool_monitor[0m[2m:[0m 📨 Processing new pending transaction: 0xc02121610a71172320812021e4eedd50bf95c425530049cc4f641d4803f81d07
[2m2025-12-10T10:12:59.389796Z[0m [34mDEBUG[0m [2methereum_transaction_pool_monitor::mempool_monitor[0m[2m:[0m 🔍 Fetching transaction details for: 0xc02121610a71172320812021e4eedd50bf95c425530049cc4f641d4803f81d07
[2m2025-12-10T10:12:59.389800Z[0m [34mDEBUG[0m [2methereum_transaction_pool_monitor::eth_client[0m[2m:[0m 🔍 Fetching transaction details for hash: 0xc02121610a71172320812021e4eedd50bf95c425530049cc4f641d4803f81d07
[2m2025-12-10T10:12:59.389818Z[0m [34mDEBUG[0m [2mhyper::client::pool[0m[2m:[0m reuse idle connection for ("http", 192.168.0.14:8545)
[2m2025-12-10T10:12:59.389856Z[0m [34mDEBUG[0m [2mhyper::proto::h1::io[0m[2m:[0m flushed 250 bytes
[2m2025-12-10T10:12:59.394526Z[0m [34mDEBUG[0m [2methereum_transaction_pool_monitor::eth_client[0m[2m:[0m 📨 Received WebSocket message: {"jsonrpc":"2.0","method":"eth_subscription","params":{"subscription":"0xbed0a0851463e895960a451075a301a9","result":"0x880d1949e4fbe6c98d640ea14e177105fb7c9e4727d01b7ef3fd082cad09e24c"}}
[2m2025-12-10T10:12:59.394539Z[0m [34mDEBUG[0m [2methereum_transaction_pool_monitor::eth_client[0m[2m:[0m 📨 Received pending transaction: 0x880d1949e4fbe6c98d640ea14e177105fb7c9e4727d01b7ef3fd082cad09e24c
[2m2025-12-10T10:12:59.399115Z[0m [34mDEBUG[0m [2mhyper::client::pool[0m[2m:[0m reuse idle connection for ("http", 192.168.0.14:8545)
[2m2025-12-10T10:12:59.399118Z[0m [34mDEBUG[0m [2mhyper::proto::h1::io[0m[2m:[0m parsed 4 headers
[2m2025-12-10T10:12:59.399134Z[0m [34mDEBUG[0m [2mhyper::proto::h1::conn[0m[2m:[0m incoming body is content-length (772 bytes)
[2m2025-12-10T10:12:59.399142Z[0m [34mDEBUG[0m [2mhyper::proto::h1::conn[0m[2m:[0m incoming body completed
[2m2025-12-10T10:12:59.399151Z[0m [34mDEBUG[0m [2mhyper::client::pool[0m[2m:[0m pooling idle connection for ("http", 192.168.0.14:8545)
[2m2025-12-10T10:12:59.399151Z[0m [34mDEBUG[0m [2mhyper::proto::h1::io[0m[2m:[0m flushed 172 bytes
[2m2025-12-10T10:12:59.399158Z[0m [34mDEBUG[0m [2methereum_transaction_pool_monitor::eth_client[0m[2m:[0m 📡 Transaction fetch RPC completed in 9.354167ms
[2m2025-12-10T10:12:59.399176Z[0m [34mDEBUG[0m [2methereum_transaction_pool_monitor::eth_client[0m[2m:[0m DeFi transaction detected - Address: 0x0bc529c00c6401aef6d220be8c6ea1667f6ad93e, Type: TokenContract, Value: 0 ETH, Gas: 2.00 Gwei
[2m2025-12-10T10:12:59.399190Z[0m [34mDEBUG[0m [2methereum_transaction_pool_monitor::eth_client[0m[2m:[0m ✅ Transaction 0xc02121610a71172320812021e4eedd50bf95c425530049cc4f641d4803f81d07 fetched and parsed in 9.385542ms
[2m2025-12-10T10:12:59.399196Z[0m [34mDEBUG[0m [2methereum_transaction_pool_monitor::mempool_monitor[0m[2m:[0m 🔍 Skipping tx 0xc02121610a71172320812021e4eedd50bf95c425530049cc4f641d4803f81d07 - not a DEX interaction (target: 0x0bc529c00C6401aEF6D220BE8C6Ea1667F6Ad93e)
[2m2025-12-10T10:12:59.399204Z[0m [34mDEBUG[0m [2methereum_transaction_pool_monitor::mempool_monitor[0m[2m:[0m 📨 Processing new pending transaction: 0x1a3bca2e34860733ad6dccacd583b0fc8f9aa35cbce0fa8f0bc10c0777700699
[2m2025-12-10T10:12:59.399209Z[0m [34mDEBUG[0m [2methereum_transaction_pool_monitor::mempool_monitor[0m[2m:[0m 🔍 Fetching transaction details for: 0x1a3bca2e34860733ad6dccacd583b0fc8f9aa35cbce0fa8f0bc10c0777700699
[2m2025-12-10T10:12:59.399214Z[0m [34mDEBUG[0m [2methereum_transaction_pool_monitor::eth_client[0m[2m:[0m 🔍 Fetching transaction details for hash: 0x1a3bca2e34860733ad6dccacd583b0fc8f9aa35cbce0fa8f0bc10c0777700699
[2m2025-12-10T10:12:59.399223Z[0m [34mDEBUG[0m [2mhyper::client::pool[0m[2m:[0m reuse idle connection for ("http", 192.168.0.14:8545)
[2m2025-12-10T10:12:59.399236Z[0m [34mDEBUG[0m [2mhyper::proto::h1::io[0m[2m:[0m flushed 250 bytes
[2m2025-12-10T10:12:59.403642Z[0m [34mDEBUG[0m [2mhyper::proto::h1::io[0m[2m:[0m parsed 4 headers
[2m2025-12-10T10:12:59.403662Z[0m [34mDEBUG[0m [2mhyper::proto::h1::conn[0m[2m:[0m incoming body is content-length (45 bytes)
[2m2025-12-10T10:12:59.403680Z[0m [34mDEBUG[0m [2mhyper::proto::h1::conn[0m[2m:[0m incoming body completed
[2m2025-12-10T10:12:59.403700Z[0m [34mDEBUG[0m [2mhyper::client::pool[0m[2m:[0m pooling idle connection for ("http", 192.168.0.14:8545)
[2m2025-12-10T10:12:59.408056Z[0m [34mDEBUG[0m [2mhyper::proto::h1::io[0m[2m:[0m parsed 4 headers
[2m2025-12-10T10:12:59.408068Z[0m [34mDEBUG[0m [2mhyper::proto::h1::conn[0m[2m:[0m incoming body is content-length (651 bytes)
[2m2025-12-10T10:12:59.408073Z[0m [34mDEBUG[0m [2mhyper::proto::h1::conn[0m[2m:[0m incoming body completed
[2m2025-12-10T10:12:59.408080Z[0m [34mDEBUG[0m [2mhyper::client::pool[0m[2m:[0m pooling idle connection for ("http", 192.168.0.14:8545)
[2m2025-12-10T10:12:59.408093Z[0m [34mDEBUG[0m [2methereum_transaction_pool_monitor::eth_client[0m[2m:[0m 📡 Transaction fetch RPC completed in 8.874334ms
[2m2025-12-10T10:12:59.479693Z[0m [34mDEBUG[0m [2methereum_transaction_pool_monitor::eth_client[0m[2m:[0m ✅ Transaction 0x1a3bca2e34860733ad6dccacd583b0fc8f9aa35cbce0fa8f0bc10c0777700699 fetched and parsed in 80.472084ms
[2m2025-12-10T10:12:59.479714Z[0m [34mDEBUG[0m [2methereum_transaction_pool_monitor::mempool_monitor[0m[2m:[0m 🔍 Skipping tx 0x1a3bca2e34860733ad6dccacd583b0fc8f9aa35cbce0fa8f0bc10c0777700699 - not a DEX interaction (target: 0xC433E34E018dAcFd819287Ea11c282fBb16BD92B)
[2m2025-12-10T10:12:59.479724Z[0m [34mDEBUG[0m [2methereum_transaction_pool_monitor::mempool_monitor[0m[2m:[0m 📨 Processing new pending transaction: 0x3947e2dd688a96cffc4fe9cb110650e8ed7832ddb09403834f2bb0f29af16ba7
[2m2025-12-10T10:12:59.479729Z[0m [34mDEBUG[0m [2methereum_transaction_pool_monitor::mempool_monitor[0m[2m:[0m 🔍 Fetching transaction details for: 0x3947e2dd688a96cffc4fe9cb110650e8ed7832ddb09403834f2bb0f29af16ba7
[2m2025-12-10T10:12:59.479734Z[0m [34mDEBUG[0m [2methereum_transaction_pool_monitor::eth_client[0m[2m:[0m 🔍 Fetching transaction details for hash: 0x3947e2dd688a96cffc4fe9cb110650e8ed7832ddb09403834f2bb0f29af16ba7
[2m2025-12-10T10:12:59.479751Z[0m [34mDEBUG[0m [2mhyper::client::pool[0m[2m:[0m reuse idle connection for ("http", 192.168.0.14:8545)
[2m2025-12-10T10:12:59.479791Z[0m [34mDEBUG[0m [2mhyper::proto::h1::io[0m[2m:[0m flushed 250 bytes
[2m2025-12-10T10:12:59.484875Z[0m [34mDEBUG[0m [2mhyper::proto::h1::io[0m[2m:[0m parsed 4 headers
[2m2025-12-10T10:12:59.484884Z[0m [34mDEBUG[0m [2mhyper::proto::h1::conn[0m[2m:[0m incoming body is content-length (680 bytes)
[2m2025-12-10T10:12:59.484891Z[0m [34mDEBUG[0m [2mhyper::proto::h1::conn[0m[2m:[0m incoming body completed
[2m2025-12-10T10:12:59.484899Z[0m [34mDEBUG[0m [2mhyper::client::pool[0m[2m:[0m pooling idle connection for ("http", 192.168.0.14:8545)
[2m2025-12-10T10:12:59.484905Z[0m [34mDEBUG[0m [2methereum_transaction_pool_monitor::eth_client[0m[2m:[0m 📡 Transaction fetch RPC completed in 5.167083ms
[2m2025-12-10T10:12:59.484918Z[0m [34mDEBUG[0m [2methereum_transaction_pool_monitor::eth_client[0m[2m:[0m DeFi transaction detected - Address: 0xdac17f958d2ee523a2206206994597c13d831ec7, Type: Stablecoin, Value: 0 ETH, Gas: 1.00 Gwei
[2m2025-12-10T10:12:59.484929Z[0m [34mDEBUG[0m [2methereum_transaction_pool_monitor::eth_client[0m[2m:[0m ✅ Transaction 0x3947e2dd688a96cffc4fe9cb110650e8ed7832ddb09403834f2bb0f29af16ba7 fetched and parsed in 5.191625ms
[2m2025-12-10T10:12:59.484936Z[0m [34mDEBUG[0m [2methereum_transaction_pool_monitor::mempool_monitor[0m[2m:[0m 🔍 Skipping tx 0x3947e2dd688a96cffc4fe9cb110650e8ed7832ddb09403834f2bb0f29af16ba7 - not a DEX interaction (target: 0xdAC17F958D2ee523a2206206994597C13D831ec7)
[2m2025-12-10T10:12:59.484941Z[0m [34mDEBUG[0m [2methereum_transaction_pool_monitor::mempool_monitor[0m[2m:[0m 📨 Processing new pending transaction: 0xa560fc8b0d06d288e7dd368e8155af95de7f7018b50716501164fc9f54ddfb8a
[2m2025-12-10T10:12:59.485012Z[0m [34mDEBUG[0m [2methereum_transaction_pool_monitor::mempool_monitor[0m[2m:[0m 🔍 Fetching transaction details for: 0xa560fc8b0d06d288e7dd368e8155af95de7f7018b50716501164fc9f54ddfb8a
[2m2025-12-10T10:12:59.485017Z[0m [34mDEBUG[0m [2methereum_transaction_pool_monitor::eth_client[0m[2m:[0m 🔍 Fetching transaction details for hash: 0xa560fc8b0d06d288e7dd368e8155af95de7f7018b50716501164fc9f54ddfb8a
[2m2025-12-10T10:12:59.485028Z[0m [34mDEBUG[0m [2mhyper::client::pool[0m[2m:[0m reuse idle connection for ("http", 192.168.0.14:8545)
[2m2025-12-10T10:12:59.485047Z[0m [34mDEBUG[0m [2mhyper::proto::h1::io[0m[2m:[0m flushed 250 bytes
[2m2025-12-10T10:12:59.491466Z[0m [34mDEBUG[0m [2mhyper::proto::h1::io[0m[2m:[0m parsed 4 headers
[2m2025-12-10T10:12:59.491475Z[0m [34mDEBUG[0m [2mhyper::proto::h1::conn[0m[2m:[0m incoming body is content-length (675 bytes)
[2m2025-12-10T10:12:59.491482Z[0m [34mDEBUG[0m [2mhyper::proto::h1::conn[0m[2m:[0m incoming body completed
[2m2025-12-10T10:12:59.491489Z[0m [34mDEBUG[0m [2mhyper::client::pool[0m[2m:[0m pooling idle connection for ("http", 192.168.0.14:8545)
[2m2025-12-10T10:12:59.491495Z[0m [34mDEBUG[0m [2methereum_transaction_pool_monitor::eth_client[0m[2m:[0m 📡 Transaction fetch RPC completed in 6.474209ms
[2m2025-12-10T10:12:59.559403Z[0m [34mDEBUG[0m [2methereum_transaction_pool_monitor::eth_client[0m[2m:[0m ✅ Transaction 0xa560fc8b0d06d288e7dd368e8155af95de7f7018b50716501164fc9f54ddfb8a fetched and parsed in 74.380625ms
[2m2025-12-10T10:12:59.559420Z[0m [34mDEBUG[0m [2methereum_transaction_pool_monitor::mempool_monitor[0m[2m:[0m 🔍 Skipping tx 0xa560fc8b0d06d288e7dd368e8155af95de7f7018b50716501164fc9f54ddfb8a - not a DEX interaction (target: 0xba83b5ed3f12Bfa44f066f03eE0433419B74f469)
[2m2025-12-10T10:12:59.559427Z[0m [34mDEBUG[0m [2methereum_transaction_pool_monitor::mempool_monitor[0m[2m:[0m 📨 Processing new pending transaction: 0x5e1b03a80028d421170583428897ab93d5877b2a20bb40276556ff5736ab7239
[2m2025-12-10T10:12:59.559430Z[0m [34mDEBUG[0m [2methereum_transaction_pool_monitor::mempool_monitor[0m[2m:[0m 🔍 Fetching transaction details for: 0x5e1b03a80028d421170583428897ab93d5877b2a20bb40276556ff5736ab7239
[2m2025-12-10T10:12:59.559434Z[0m [34mDEBUG[0m [2methereum_transaction_pool_monitor::eth_client[0m[2m:[0m 🔍 Fetching transaction details for hash: 0x5e1b03a80028d421170583428897ab93d5877b2a20bb40276556ff5736ab7239
[2m2025-12-10T10:12:59.559448Z[0m [34mDEBUG[0m [2mhyper::client::pool[0m[2m:[0m reuse idle connection for ("http", 192.168.0.14:8545)
[2m2025-12-10T10:12:59.559469Z[0m [34mDEBUG[0m [2mhyper::proto::h1::io[0m[2m:[0m flushed 250 bytes
[2m2025-12-10T10:12:59.559484Z[0m [34mDEBUG[0m [2mhyper::client::pool[0m[2m:[0m reuse idle connection for ("http", 192.168.0.14:8545)
[2m2025-12-10T10:12:59.559495Z[0m [34mDEBUG[0m [2methereum_transaction_pool_monitor::eth_client[0m[2m:[0m 📨 Received WebSocket message: {"jsonrpc":"2.0","method":"eth_subscription","params":{"subscription":"0xbed0a0851463e895960a451075a301a9","result":"0x08ab2fafaa287a7006e6889db5560c5703ebf2407def4573ebcd76a03c05c4f3"}}
[2m2025-12-10T10:12:59.559497Z[0m [34mDEBUG[0m [2mhyper::proto::h1::io[0m[2m:[0m flushed 172 bytes
[2m2025-12-10T10:12:59.559504Z[0m [34mDEBUG[0m [2methereum_transaction_pool_monitor::eth_client[0m[2m:[0m 📨 Received pending transaction: 0x08ab2fafaa287a7006e6889db5560c5703ebf2407def4573ebcd76a03c05c4f3
[2m2025-12-10T10:12:59.559510Z[0m [34mDEBUG[0m [2methereum_transaction_pool_monitor::eth_client[0m[2m:[0m 📨 Received WebSocket message: {"jsonrpc":"2.0","method":"eth_subscription","params":{"subscription":"0xbed0a0851463e895960a451075a301a9","result":"0xd9897ac4f9dc63c56aea5727718f0aacd62dd4d6b9e848d7dca5709aa2c4534f"}}
[2m2025-12-10T10:12:59.559515Z[0m [34mDEBUG[0m [2methereum_transaction_pool_monitor::eth_client[0m[2m:[0m 📨 Received pending transaction: 0xd9897ac4f9dc63c56aea5727718f0aacd62dd4d6b9e848d7dca5709aa2c4534f
[2m2025-12-10T10:12:59.559519Z[0m [34mDEBUG[0m [2methereum_transaction_pool_monitor::eth_client[0m[2m:[0m 📨 Received WebSocket message: {"jsonrpc":"2.0","method":"eth_subscription","params":{"subscription":"0xbed0a0851463e895960a451075a301a9","result":"0x81629376020247b1f5fde7aa7aec54a78391d60c2289e640cf3aa090bb3c82ea"}}
[2m2025-12-10T10:12:59.559523Z[0m [34mDEBUG[0m [2methereum_transaction_pool_monitor::eth_client[0m[2m:[0m 📨 Received pending transaction: 0x81629376020247b1f5fde7aa7aec54a78391d60c2289e640cf3aa090bb3c82ea
[2m2025-12-10T10:12:59.559527Z[0m [34mDEBUG[0m [2methereum_transaction_pool_monitor::eth_client[0m[2m:[0m 📨 Received WebSocket message: {"jsonrpc":"2.0","method":"eth_subscription","params":{"subscription":"0xbed0a0851463e895960a451075a301a9","result":"0x6100db614f0c556d878f1230080911d57b487970a810299570f11a93419000c5"}}
[2m2025-12-10T10:12:59.559531Z[0m [34mDEBUG[0m [2methereum_transaction_pool_monitor::eth_client[0m[2m:[0m 📨 Received pending transaction: 0x6100db614f0c556d878f1230080911d57b487970a810299570f11a93419000c5
[2m2025-12-10T10:12:59.563987Z[0m [34mDEBUG[0m [2mhyper::proto::h1::io[0m[2m:[0m parsed 4 headers
[2m2025-12-10T10:12:59.563997Z[0m [34mDEBUG[0m [2mhyper::proto::h1::conn[0m[2m:[0m incoming body is content-length (763 bytes)
[2m2025-12-10T10:12:59.564007Z[0m [34mDEBUG[0m [2mhyper::proto::h1::conn[0m[2m:[0m incoming body completed
[2m2025-12-10T10:12:59.564019Z[0m [34mDEBUG[0m [2mhyper::client::pool[0m[2m:[0m pooling idle connection for ("http", 192.168.0.14:8545)
[2m2025-12-10T10:12:59.564025Z[0m [34mDEBUG[0m [2methereum_transaction_pool_monitor::eth_client[0m[2m:[0m 📡 Transaction fetch RPC completed in 4.587834ms
[2m2025-12-10T10:12:59.635445Z[0m [34mDEBUG[0m [2methereum_transaction_pool_monitor::eth_client[0m[2m:[0m ✅ Transaction 0x5e1b03a80028d421170583428897ab93d5877b2a20bb40276556ff5736ab7239 fetched and parsed in 76.005459ms
[2m2025-12-10T10:12:59.635471Z[0m [34mDEBUG[0m [2methereum_transaction_pool_monitor::mempool_monitor[0m[2m:[0m 🔍 Skipping tx 0x5e1b03a80028d421170583428897ab93d5877b2a20bb40276556ff5736ab7239 - not a DEX interaction (target: 0xFa2B947eEc368f42195f24F36d2aF29f7c24CeC2)
[2m2025-12-10T10:12:59.635480Z[0m [34mDEBUG[0m [2methereum_transaction_pool_monitor::mempool_monitor[0m[2m:[0m 📨 Processing new pending transaction: 0xba78a4ae7e39bce9977789b625e728770f6d58a45dab3fef0f474d1699bd5716
[2m2025-12-10T10:12:59.635486Z[0m [34mDEBUG[0m [2methereum_transaction_pool_monitor::mempool_monitor[0m[2m:[0m 🔍 Fetching transaction details for: 0xba78a4ae7e39bce9977789b625e728770f6d58a45dab3fef0f474d1699bd5716
[2m2025-12-10T10:12:59.635490Z[0m [34mDEBUG[0m [2methereum_transaction_pool_monitor::eth_client[0m[2m:[0m 🔍 Fetching transaction details for hash: 0xba78a4ae7e39bce9977789b625e728770f6d58a45dab3fef0f474d1699bd5716
[2m2025-12-10T10:12:59.635508Z[0m [34mDEBUG[0m [2mhyper::client::pool[0m[2m:[0m reuse idle connection for ("http", 192.168.0.14:8545)
[2m2025-12-10T10:12:59.635548Z[0m [34mDEBUG[0m [2mhyper::proto::h1::io[0m[2m:[0m flushed 250 bytes
[2m2025-12-10T10:12:59.635572Z[0m [34mDEBUG[0m [2methereum_transaction_pool_monitor::eth_client[0m[2m:[0m 📨 Received WebSocket message: {"jsonrpc":"2.0","method":"eth_subscription","params":{"subscription":"0xbed0a0851463e895960a451075a301a9","result":"0x6a4d03b7906ad84b7d684c828dad3bf272e188687a565f85cba4cc5828d965a7"}}
[2m2025-12-10T10:12:59.635573Z[0m [34mDEBUG[0m [2mhyper::proto::h1::io[0m[2m:[0m parsed 4 headers
[2m2025-12-10T10:12:59.635591Z[0m [34mDEBUG[0m [2mhyper::proto::h1::conn[0m[2m:[0m incoming body is content-length (45 bytes)
[2m2025-12-10T10:12:59.635584Z[0m [34mDEBUG[0m [2methereum_transaction_pool_monitor::eth_client[0m[2m:[0m 📨 Received pending transaction: 0x6a4d03b7906ad84b7d684c828dad3bf272e188687a565f85cba4cc5828d965a7
[2m2025-12-10T10:12:59.635600Z[0m [34mDEBUG[0m [2mhyper::proto::h1::conn[0m[2m:[0m incoming body completed
[2m2025-12-10T10:12:59.635609Z[0m [34mDEBUG[0m [2mhyper::client::pool[0m[2m:[0m pooling idle connection for ("http", 192.168.0.14:8545)
[2m2025-12-10T10:12:59.635622Z[0m [34mDEBUG[0m [2mhyper::client::pool[0m[2m:[0m reuse idle connection for ("http", 192.168.0.14:8545)
[2m2025-12-10T10:12:59.635637Z[0m [34mDEBUG[0m [2mhyper::proto::h1::io[0m[2m:[0m flushed 172 bytes
[2m2025-12-10T10:12:59.644823Z[0m [34mDEBUG[0m [2methereum_transaction_pool_monitor::eth_client[0m[2m:[0m 📨 Received WebSocket message: {"jsonrpc":"2.0","method":"eth_subscription","params":{"subscription":"0xbed0a0851463e895960a451075a301a9","result":"0xc60efff7256e18a355fcb7922df95b884c43076537f7dbb15a8b1bdce94cbf32"}}
[2m2025-12-10T10:12:59.647574Z[0m [34mDEBUG[0m [2methereum_transaction_pool_monitor::eth_client[0m[2m:[0m 📨 Received pending transaction: 0xc60efff7256e18a355fcb7922df95b884c43076537f7dbb15a8b1bdce94cbf32
[2m2025-12-10T10:12:59.647625Z[0m [34mDEBUG[0m [2mhyper::proto::h1::io[0m[2m:[0m parsed 4 headers
[2m2025-12-10T10:12:59.647632Z[0m [34mDEBUG[0m [2mhyper::proto::h1::io[0m[2m:[0m parsed 4 headers
[2m2025-12-10T10:12:59.647637Z[0m [34mDEBUG[0m [2mhyper::proto::h1::conn[0m[2m:[0m incoming body is content-length (45 bytes)
[2m2025-12-10T10:12:59.647641Z[0m [34mDEBUG[0m [2mhyper::proto::h1::conn[0m[2m:[0m incoming body is content-length (769 bytes)
[2m2025-12-10T10:12:59.647653Z[0m [34mDEBUG[0m [2mhyper::proto::h1::conn[0m[2m:[0m incoming body completed
[2m2025-12-10T10:12:59.647657Z[0m [34mDEBUG[0m [2mhyper::proto::h1::conn[0m[2m:[0m incoming body completed
[2m2025-12-10T10:12:59.647668Z[0m [34mDEBUG[0m [2mhyper::client::pool[0m[2m:[0m pooling idle connection for ("http", 192.168.0.14:8545)
[2m2025-12-10T10:12:59.647670Z[0m [34mDEBUG[0m [2mhyper::client::pool[0m[2m:[0m pooling idle connection for ("http", 192.168.0.14:8545)
[2m2025-12-10T10:12:59.647680Z[0m [34mDEBUG[0m [2methereum_transaction_pool_monitor::eth_client[0m[2m:[0m 📡 Transaction fetch RPC completed in 12.185584ms
[2m2025-12-10T10:12:59.647695Z[0m [34mDEBUG[0m [2methereum_transaction_pool_monitor::eth_client[0m[2m:[0m DeFi transaction detected - Address: 0xdac17f958d2ee523a2206206994597c13d831ec7, Type: Stablecoin, Value: 0 ETH, Gas: 0.24 Gwei
[2m2025-12-10T10:12:59.647712Z[0m [34mDEBUG[0m [2methereum_transaction_pool_monitor::eth_client[0m[2m:[0m ✅ Transaction 0xba78a4ae7e39bce9977789b625e728770f6d58a45dab3fef0f474d1699bd5716 fetched and parsed in 12.21775ms
[2m2025-12-10T10:12:59.647721Z[0m [34mDEBUG[0m [2methereum_transaction_pool_monitor::mempool_monitor[0m[2m:[0m 🔍 Skipping tx 0xba78a4ae7e39bce9977789b625e728770f6d58a45dab3fef0f474d1699bd5716 - not a DEX interaction (target: 0xdAC17F958D2ee523a2206206994597C13D831ec7)
[2m2025-12-10T10:12:59.647731Z[0m [34mDEBUG[0m [2methereum_transaction_pool_monitor::mempool_monitor[0m[2m:[0m 📨 Processing new pending transaction: 0x4dddabdff0555203014fb84856320fecfef32e67d801c70089f86735234e68f1
[2m2025-12-10T10:12:59.647737Z[0m [34mDEBUG[0m [2methereum_transaction_pool_monitor::mempool_monitor[0m[2m:[0m 🔍 Fetching transaction details for: 0x4dddabdff0555203014fb84856320fecfef32e67d801c70089f86735234e68f1
[2m2025-12-10T10:12:59.647741Z[0m [34mDEBUG[0m [2methereum_transaction_pool_monitor::eth_client[0m[2m:[0m 🔍 Fetching transaction details for hash: 0x4dddabdff0555203014fb84856320fecfef32e67d801c70089f86735234e68f1
[2m2025-12-10T10:12:59.647758Z[0m [34mDEBUG[0m [2mhyper::client::pool[0m[2m:[0m reuse idle connection for ("http", 192.168.0.14:8545)
[2m2025-12-10T10:12:59.647775Z[0m [34mDEBUG[0m [2mhyper::proto::h1::io[0m[2m:[0m flushed 250 bytes
[2m2025-12-10T10:12:59.653279Z[0m [34mDEBUG[0m [2mhyper::proto::h1::io[0m[2m:[0m parsed 4 headers
[2m2025-12-10T10:12:59.653285Z[0m [34mDEBUG[0m [2mhyper::proto::h1::conn[0m[2m:[0m incoming body is content-length (773 bytes)
[2m2025-12-10T10:12:59.653291Z[0m [34mDEBUG[0m [2mhyper::proto::h1::conn[0m[2m:[0m incoming body completed
[2m2025-12-10T10:12:59.653296Z[0m [34mDEBUG[0m [2mhyper::client::pool[0m[2m:[0m pooling idle connection for ("http", 192.168.0.14:8545)
[2m2025-12-10T10:12:59.653301Z[0m [34mDEBUG[0m [2methereum_transaction_pool_monitor::eth_client[0m[2m:[0m 📡 Transaction fetch RPC completed in 5.555625ms
[2m2025-12-10T10:12:59.653312Z[0m [34mDEBUG[0m [2methereum_transaction_pool_monitor::eth_client[0m[2m:[0m DeFi transaction detected - Address: 0xdac17f958d2ee523a2206206994597c13d831ec7, Type: Stablecoin, Value: 0 ETH, Gas: 1.89 Gwei
[2m2025-12-10T10:12:59.653322Z[0m [34mDEBUG[0m [2methereum_transaction_pool_monitor::eth_client[0m[2m:[0m ✅ Transaction 0x4dddabdff0555203014fb84856320fecfef32e67d801c70089f86735234e68f1 fetched and parsed in 5.576917ms
[2m2025-12-10T10:12:59.653327Z[0m [34mDEBUG[0m [2methereum_transaction_pool_monitor::mempool_monitor[0m[2m:[0m 🔍 Skipping tx 0x4dddabdff0555203014fb84856320fecfef32e67d801c70089f86735234e68f1 - not a DEX interaction (target: 0xdAC17F958D2ee523a2206206994597C13D831ec7)
[2m2025-12-10T10:12:59.653334Z[0m [34mDEBUG[0m [2methereum_transaction_pool_monitor::mempool_monitor[0m[2m:[0m 📨 Processing new pending transaction: 0x4a3f53ec404da16686129aaecacf697266776609c787061b2519de220fc9554a
[2m2025-12-10T10:12:59.653337Z[0m [34mDEBUG[0m [2methereum_transaction_pool_monitor::mempool_monitor[0m[2m:[0m 🔍 Fetching transaction details for: 0x4a3f53ec404da16686129aaecacf697266776609c787061b2519de220fc9554a
[2m2025-12-10T10:12:59.653341Z[0m [34mDEBUG[0m [2methereum_transaction_pool_monitor::eth_client[0m[2m:[0m 🔍 Fetching transaction details for hash: 0x4a3f53ec404da16686129aaecacf697266776609c787061b2519de220fc9554a
[2m2025-12-10T10:12:59.653351Z[0m [34mDEBUG[0m [2mhyper::client::pool[0m[2m:[0m reuse idle connection for ("http", 192.168.0.14:8545)
[2m2025-12-10T10:12:59.653384Z[0m [34mDEBUG[0m [2mhyper::proto::h1::io[0m[2m:[0m flushed 250 bytes
[2m2025-12-10T10:12:59.659385Z[0m [34mDEBUG[0m [2mhyper::proto::h1::io[0m[2m:[0m parsed 4 headers
[2m2025-12-10T10:12:59.659394Z[0m [34mDEBUG[0m [2mhyper::proto::h1::conn[0m[2m:[0m incoming body is content-length (554 bytes)
[2m2025-12-10T10:12:59.659400Z[0m [34mDEBUG[0m [2mhyper::proto::h1::conn[0m[2m:[0m incoming body completed
[2m2025-12-10T10:12:59.659407Z[0m [34mDEBUG[0m [2mhyper::client::pool[0m[2m:[0m pooling idle connection for ("http", 192.168.0.14:8545)
[2m2025-12-10T10:12:59.659413Z[0m [34mDEBUG[0m [2methereum_transaction_pool_monitor::eth_client[0m[2m:[0m 📡 Transaction fetch RPC completed in 6.069083ms
[2m2025-12-10T10:12:59.730001Z[0m [34mDEBUG[0m [2methereum_transaction_pool_monitor::eth_client[0m[2m:[0m ✅ Transaction 0x4a3f53ec404da16686129aaecacf697266776609c787061b2519de220fc9554a fetched and parsed in 76.65575ms
[2m2025-12-10T10:12:59.730029Z[0m [34mDEBUG[0m [2methereum_transaction_pool_monitor::mempool_monitor[0m[2m:[0m 🔍 Skipping tx 0x4a3f53ec404da16686129aaecacf697266776609c787061b2519de220fc9554a - not a DEX interaction (target: 0x94f75CC58587B57f960ca06FA09E659f309bB2F0)
[2m2025-12-10T10:12:59.730046Z[0m [34mDEBUG[0m [2methereum_transaction_pool_monitor::mempool_monitor[0m[2m:[0m 📨 Processing new pending transaction: 0x880d1949e4fbe6c98d640ea14e177105fb7c9e4727d01b7ef3fd082cad09e24c
[2m2025-12-10T10:12:59.730066Z[0m [34mDEBUG[0m [2methereum_transaction_pool_monitor::mempool_monitor[0m[2m:[0m 🔍 Fetching transaction details for: 0x880d1949e4fbe6c98d640ea14e177105fb7c9e4727d01b7ef3fd082cad09e24c
[2m2025-12-10T10:12:59.730073Z[0m [34mDEBUG[0m [2methereum_transaction_pool_monitor::eth_client[0m[2m:[0m 🔍 Fetching transaction details for hash: 0x880d1949e4fbe6c98d640ea14e177105fb7c9e4727d01b7ef3fd082cad09e24c
[2m2025-12-10T10:12:59.730190Z[0m [34mDEBUG[0m [2mhyper::client::pool[0m[2m:[0m reuse idle connection for ("http", 192.168.0.14:8545)
[2m2025-12-10T10:12:59.730217Z[0m [34mDEBUG[0m [2mhyper::proto::h1::io[0m[2m:[0m flushed 250 bytes
[2m2025-12-10T10:12:59.730248Z[0m [34mDEBUG[0m [2mhyper::client::pool[0m[2m:[0m reuse idle connection for ("http", 192.168.0.14:8545)
[2m2025-12-10T10:12:59.730257Z[0m [34mDEBUG[0m [2methereum_transaction_pool_monitor::eth_client[0m[2m:[0m 📨 Received WebSocket message: {"jsonrpc":"2.0","method":"eth_subscription","params":{"subscription":"0xbed0a0851463e895960a451075a301a9","result":"0x39f57cac2a439d8e663644744af68d1614bdfe6c4919a078550026bf1fd8a3d4"}}
[2m2025-12-10T10:12:59.730261Z[0m [34mDEBUG[0m [2mhyper::proto::h1::io[0m[2m:[0m flushed 172 bytes
[2m2025-12-10T10:12:59.730267Z[0m [34mDEBUG[0m [2methereum_transaction_pool_monitor::eth_client[0m[2m:[0m 📨 Received pending transaction: 0x39f57cac2a439d8e663644744af68d1614bdfe6c4919a078550026bf1fd8a3d4
[2m2025-12-10T10:12:59.738587Z[0m [34mDEBUG[0m [2mhyper::proto::h1::io[0m[2m:[0m parsed 4 headers
[2m2025-12-10T10:12:59.738608Z[0m [34mDEBUG[0m [2mhyper::proto::h1::conn[0m[2m:[0m incoming body is content-length (1732 bytes)
[2m2025-12-10T10:12:59.738620Z[0m [34mDEBUG[0m [2mhyper::proto::h1::conn[0m[2m:[0m incoming body completed
[2m2025-12-10T10:12:59.738641Z[0m [34mDEBUG[0m [2mhyper::client::pool[0m[2m:[0m pooling idle connection for ("http", 192.168.0.14:8545)
[2m2025-12-10T10:12:59.738653Z[0m [34mDEBUG[0m [2methereum_transaction_pool_monitor::eth_client[0m[2m:[0m 📡 Transaction fetch RPC completed in 8.47575ms
[2m2025-12-10T10:12:59.810437Z[0m [34mDEBUG[0m [2methereum_transaction_pool_monitor::eth_client[0m[2m:[0m ✅ Transaction 0x880d1949e4fbe6c98d640ea14e177105fb7c9e4727d01b7ef3fd082cad09e24c fetched and parsed in 80.25825ms
[2m2025-12-10T10:12:59.810461Z[0m [34mDEBUG[0m [2methereum_transaction_pool_monitor::mempool_monitor[0m[2m:[0m 🔍 Skipping tx 0x880d1949e4fbe6c98d640ea14e177105fb7c9e4727d01b7ef3fd082cad09e24c - not a DEX interaction (target: 0x601a2aD6CB5949f0529735254189Ba3194221EDF)
[2m2025-12-10T10:12:59.810470Z[0m [34mDEBUG[0m [2methereum_transaction_pool_monitor::mempool_monitor[0m[2m:[0m 📨 Processing new pending transaction: 0x08ab2fafaa287a7006e6889db5560c5703ebf2407def4573ebcd76a03c05c4f3
[2m2025-12-10T10:12:59.810476Z[0m [34mDEBUG[0m [2methereum_transaction_pool_monitor::mempool_monitor[0m[2m:[0m 🔍 Fetching transaction details for: 0x08ab2fafaa287a7006e6889db5560c5703ebf2407def4573ebcd76a03c05c4f3
[2m2025-12-10T10:12:59.810481Z[0m [34mDEBUG[0m [2methereum_transaction_pool_monitor::eth_client[0m[2m:[0m 🔍 Fetching transaction details for hash: 0x08ab2fafaa287a7006e6889db5560c5703ebf2407def4573ebcd76a03c05c4f3
[2m2025-12-10T10:12:59.810498Z[0m [34mDEBUG[0m [2mhyper::client::pool[0m[2m:[0m reuse idle connection for ("http", 192.168.0.14:8545)
[2m2025-12-10T10:12:59.810534Z[0m [34mDEBUG[0m [2mhyper::proto::h1::io[0m[2m:[0m flushed 250 bytes
[2m2025-12-10T10:12:59.810550Z[0m [34mDEBUG[0m [2mhyper::proto::h1::io[0m[2m:[0m parsed 4 headers
[2m2025-12-10T10:12:59.810554Z[0m [34mDEBUG[0m [2mhyper::proto::h1::conn[0m[2m:[0m incoming body is content-length (45 bytes)
[2m2025-12-10T10:12:59.810560Z[0m [34mDEBUG[0m [2mhyper::proto::h1::conn[0m[2m:[0m incoming body completed
[2m2025-12-10T10:12:59.810566Z[0m [34mDEBUG[0m [2mhyper::client::pool[0m[2m:[0m pooling idle connection for ("http", 192.168.0.14:8545)
[2m2025-12-10T10:12:59.810580Z[0m [34mDEBUG[0m [2mhyper::client::pool[0m[2m:[0m reuse idle connection for ("http", 192.168.0.14:8545)
[2m2025-12-10T10:12:59.810595Z[0m [34mDEBUG[0m [2mhyper::proto::h1::io[0m[2m:[0m flushed 172 bytes
[2m2025-12-10T10:12:59.815864Z[0m [34mDEBUG[0m [2mhyper::proto::h1::io[0m[2m:[0m parsed 4 headers
[2m2025-12-10T10:12:59.815879Z[0m [34mDEBUG[0m [2mhyper::proto::h1::conn[0m[2m:[0m incoming body is content-length (45 bytes)
[2m2025-12-10T10:12:59.815885Z[0m [34mDEBUG[0m [2mhyper::proto::h1::conn[0m[2m:[0m incoming body completed
[2m2025-12-10T10:12:59.815892Z[0m [34mDEBUG[0m [2mhyper::client::pool[0m[2m:[0m pooling idle connection for ("http", 192.168.0.14:8545)
[2m2025-12-10T10:12:59.818666Z[0m [34mDEBUG[0m [2mhyper::proto::h1::io[0m[2m:[0m parsed 4 headers
[2m2025-12-10T10:12:59.818676Z[0m [34mDEBUG[0m [2mhyper::proto::h1::conn[0m[2m:[0m incoming body is content-length (769 bytes)
[2m2025-12-10T10:12:59.818681Z[0m [34mDEBUG[0m [2mhyper::proto::h1::conn[0m[2m:[0m incoming body completed
[2m2025-12-10T10:12:59.818687Z[0m [34mDEBUG[0m [2mhyper::client::pool[0m[2m:[0m pooling idle connection for ("http", 192.168.0.14:8545)
[2m2025-12-10T10:12:59.818692Z[0m [34mDEBUG[0m [2methereum_transaction_pool_monitor::eth_client[0m[2m:[0m 📡 Transaction fetch RPC completed in 8.207709ms
[2m2025-12-10T10:12:59.818703Z[0m [34mDEBUG[0m [2methereum_transaction_pool_monitor::eth_client[0m[2m:[0m DeFi transaction detected - Address: 0xdac17f958d2ee523a2206206994597c13d831ec7, Type: Stablecoin, Value: 0 ETH, Gas: 0.24 Gwei
[2m2025-12-10T10:12:59.818714Z[0m [34mDEBUG[0m [2methereum_transaction_pool_monitor::eth_client[0m[2m:[0m ✅ Transaction 0x08ab2fafaa287a7006e6889db5560c5703ebf2407def4573ebcd76a03c05c4f3 fetched and parsed in 8.229084ms
[2m2025-12-10T10:12:59.818719Z[0m [34mDEBUG[0m [2methereum_transaction_pool_monitor::mempool_monitor[0m[2m:[0m 🔍 Skipping tx 0x08ab2fafaa287a7006e6889db5560c5703ebf2407def4573ebcd76a03c05c4f3 - not a DEX interaction (target: 0xdAC17F958D2ee523a2206206994597C13D831ec7)
[2m2025-12-10T10:12:59.818725Z[0m [34mDEBUG[0m [2methereum_transaction_pool_monitor::mempool_monitor[0m[2m:[0m 📨 Processing new pending transaction: 0xd9897ac4f9dc63c56aea5727718f0aacd62dd4d6b9e848d7dca5709aa2c4534f
[2m2025-12-10T10:12:59.818729Z[0m [34mDEBUG[0m [2methereum_transaction_pool_monitor::mempool_monitor[0m[2m:[0m 🔍 Fetching transaction details for: 0xd9897ac4f9dc63c56aea5727718f0aacd62dd4d6b9e848d7dca5709aa2c4534f
[2m2025-12-10T10:12:59.818732Z[0m [34mDEBUG[0m [2methereum_transaction_pool_monitor::eth_client[0m[2m:[0m 🔍 Fetching transaction details for hash: 0xd9897ac4f9dc63c56aea5727718f0aacd62dd4d6b9e848d7dca5709aa2c4534f
[2m2025-12-10T10:12:59.818742Z[0m [34mDEBUG[0m [2mhyper::client::pool[0m[2m:[0m reuse idle connection for ("http", 192.168.0.14:8545)
[2m2025-12-10T10:12:59.818770Z[0m [34mDEBUG[0m [2mhyper::proto::h1::io[0m[2m:[0m flushed 250 bytes
[2m2025-12-10T10:12:59.823447Z[0m [34mDEBUG[0m [2mhyper::proto::h1::io[0m[2m:[0m parsed 4 headers
[2m2025-12-10T10:12:59.823453Z[0m [34mDEBUG[0m [2mhyper::proto::h1::conn[0m[2m:[0m incoming body is content-length (763 bytes)
[2m2025-12-10T10:12:59.823457Z[0m [34mDEBUG[0m [2mhyper::proto::h1::conn[0m[2m:[0m incoming body completed
[2m2025-12-10T10:12:59.823461Z[0m [34mDEBUG[0m [2mhyper::client::pool[0m[2m:[0m pooling idle connection for ("http", 192.168.0.14:8545)
[2m2025-12-10T10:12:59.823465Z[0m [34mDEBUG[0m [2methereum_transaction_pool_monitor::eth_client[0m[2m:[0m 📡 Transaction fetch RPC completed in 4.729875ms
[2m2025-12-10T10:12:59.894259Z[0m [34mDEBUG[0m [2methereum_transaction_pool_monitor::eth_client[0m[2m:[0m ✅ Transaction 0xd9897ac4f9dc63c56aea5727718f0aacd62dd4d6b9e848d7dca5709aa2c4534f fetched and parsed in 75.52125ms
[2m2025-12-10T10:12:59.894285Z[0m [34mDEBUG[0m [2methereum_transaction_pool_monitor::mempool_monitor[0m[2m:[0m 🔍 Skipping tx 0xd9897ac4f9dc63c56aea5727718f0aacd62dd4d6b9e848d7dca5709aa2c4534f - not a DEX interaction (target: 0xA0b86991c6218b36c1d19D4a2e9Eb0cE3606eB48)
[2m2025-12-10T10:12:59.894301Z[0m [34mDEBUG[0m [2methereum_transaction_pool_monitor::mempool_monitor[0m[2m:[0m 📨 Processing new pending transaction: 0x81629376020247b1f5fde7aa7aec54a78391d60c2289e640cf3aa090bb3c82ea
[2m2025-12-10T10:12:59.894309Z[0m [34mDEBUG[0m [2methereum_transaction_pool_monitor::mempool_monitor[0m[2m:[0m 🔍 Fetching transaction details for: 0x81629376020247b1f5fde7aa7aec54a78391d60c2289e640cf3aa090bb3c82ea
[2m2025-12-10T10:12:59.894314Z[0m [34mDEBUG[0m [2methereum_transaction_pool_monitor::eth_client[0m[2m:[0m 🔍 Fetching transaction details for hash: 0x81629376020247b1f5fde7aa7aec54a78391d60c2289e640cf3aa090bb3c82ea
[2m2025-12-10T10:12:59.894332Z[0m [34mDEBUG[0m [2mhyper::client::pool[0m[2m:[0m reuse idle connection for ("http", 192.168.0.14:8545)
[2m2025-12-10T10:12:59.894364Z[0m [34mDEBUG[0m [2mhyper::proto::h1::io[0m[2m:[0m flushed 250 bytes
[2m2025-12-10T10:12:59.897652Z[0m [34mDEBUG[0m [2methereum_transaction_pool_monitor::eth_client[0m[2m:[0m 📨 Received WebSocket message: {"jsonrpc":"2.0","method":"eth_subscription","params":{"subscription":"0xbed0a0851463e895960a451075a301a9","result":"0x2e3c188fa3b650bc0847171df0166583cc472f9789c25fdb85349e702d33a734"}}
[2m2025-12-10T10:12:59.899311Z[0m [34mDEBUG[0m [2methereum_transaction_pool_monitor::eth_client[0m[2m:[0m 📨 Received pending transaction: 0x2e3c188fa3b650bc0847171df0166583cc472f9789c25fdb85349e702d33a734
[2m2025-12-10T10:12:59.899353Z[0m [34mDEBUG[0m [2mhyper::client::pool[0m[2m:[0m reuse idle connection for ("http", 192.168.0.14:8545)
[2m2025-12-10T10:12:59.899383Z[0m [34mDEBUG[0m [2mhyper::proto::h1::io[0m[2m:[0m flushed 172 bytes
[2m2025-12-10T10:12:59.899433Z[0m [34mDEBUG[0m [2mhyper::proto::h1::io[0m[2m:[0m parsed 4 headers
[2m2025-12-10T10:12:59.899442Z[0m [34mDEBUG[0m [2mhyper::proto::h1::conn[0m[2m:[0m incoming body is content-length (773 bytes)
[2m2025-12-10T10:12:59.899451Z[0m [34mDEBUG[0m [2mhyper::proto::h1::conn[0m[2m:[0m incoming body completed
[2m2025-12-10T10:12:59.899464Z[0m [34mDEBUG[0m [2mhyper::client::pool[0m[2m:[0m pooling idle connection for ("http", 192.168.0.14:8545)
[2m2025-12-10T10:12:59.899473Z[0m [34mDEBUG[0m [2methereum_transaction_pool_monitor::eth_client[0m[2m:[0m 📡 Transaction fetch RPC completed in 5.153709ms
[2m2025-12-10T10:12:59.899487Z[0m [34mDEBUG[0m [2methereum_transaction_pool_monitor::eth_client[0m[2m:[0m DeFi transaction detected - Address: 0xdac17f958d2ee523a2206206994597c13d831ec7, Type: Stablecoin, Value: 0 ETH, Gas: 5.71 Gwei
[2m2025-12-10T10:12:59.899499Z[0m [34mDEBUG[0m [2methereum_transaction_pool_monitor::eth_client[0m[2m:[0m ✅ Transaction 0x81629376020247b1f5fde7aa7aec54a78391d60c2289e640cf3aa090bb3c82ea fetched and parsed in 5.179959ms
[2m2025-12-10T10:12:59.899505Z[0m [34mDEBUG[0m [2methereum_transaction_pool_monitor::mempool_monitor[0m[2m:[0m 🔍 Skipping tx 0x81629376020247b1f5fde7aa7aec54a78391d60c2289e640cf3aa090bb3c82ea - not a DEX interaction (target: 0xdAC17F958D2ee523a2206206994597C13D831ec7)
[2m2025-12-10T10:12:59.899511Z[0m [34mDEBUG[0m [2methereum_transaction_pool_monitor::mempool_monitor[0m[2m:[0m 📨 Processing new pending transaction: 0x6100db614f0c556d878f1230080911d57b487970a810299570f11a93419000c5
[2m2025-12-10T10:12:59.899516Z[0m [34mDEBUG[0m [2methereum_transaction_pool_monitor::mempool_monitor[0m[2m:[0m 🔍 Fetching transaction details for: 0x6100db614f0c556d878f1230080911d57b487970a810299570f11a93419000c5
[2m2025-12-10T10:12:59.899519Z[0m [34mDEBUG[0m [2methereum_transaction_pool_monitor::eth_client[0m[2m:[0m 🔍 Fetching transaction details for hash: 0x6100db614f0c556d878f1230080911d57b487970a810299570f11a93419000c5
[2m2025-12-10T10:12:59.899525Z[0m [34mDEBUG[0m [2mhyper::client::pool[0m[2m:[0m reuse idle connection for ("http", 192.168.0.14:8545)
[2m2025-12-10T10:12:59.899535Z[0m [34mDEBUG[0m [2mhyper::proto::h1::io[0m[2m:[0m flushed 250 bytes
[2m2025-12-10T10:12:59.904816Z[0m [34mDEBUG[0m [2mhyper::proto::h1::io[0m[2m:[0m parsed 4 headers
[2m2025-12-10T10:12:59.904835Z[0m [34mDEBUG[0m [2mhyper::proto::h1::conn[0m[2m:[0m incoming body is content-length (45 bytes)
[2m2025-12-10T10:12:59.904851Z[0m [34mDEBUG[0m [2mhyper::proto::h1::conn[0m[2m:[0m incoming body completed
[2m2025-12-10T10:12:59.904879Z[0m [34mDEBUG[0m [2mhyper::client::pool[0m[2m:[0m pooling idle connection for ("http", 192.168.0.14:8545)
[2m2025-12-10T10:12:59.906539Z[0m [34mDEBUG[0m [2mhyper::proto::h1::io[0m[2m:[0m parsed 4 headers
[2m2025-12-10T10:12:59.906557Z[0m [34mDEBUG[0m [2mhyper::proto::h1::conn[0m[2m:[0m incoming body is content-length (934 bytes)
[2m2025-12-10T10:12:59.906572Z[0m [34mDEBUG[0m [2mhyper::proto::h1::conn[0m[2m:[0m incoming body completed
[2m2025-12-10T10:12:59.906589Z[0m [34mDEBUG[0m [2mhyper::client::pool[0m[2m:[0m pooling idle connection for ("http", 192.168.0.14:8545)
[2m2025-12-10T10:12:59.906607Z[0m [34mDEBUG[0m [2methereum_transaction_pool_monitor::eth_client[0m[2m:[0m 📡 Transaction fetch RPC completed in 7.084584ms
[2m2025-12-10T10:12:59.977423Z[0m [34mDEBUG[0m [2methereum_transaction_pool_monitor::eth_client[0m[2m:[0m ✅ Transaction 0x6100db614f0c556d878f1230080911d57b487970a810299570f11a93419000c5 fetched and parsed in 77.898084ms
[2m2025-12-10T10:12:59.977446Z[0m [34mDEBUG[0m [2methereum_transaction_pool_monitor::mempool_monitor[0m[2m:[0m 🔍 Skipping tx 0x6100db614f0c556d878f1230080911d57b487970a810299570f11a93419000c5 - not a DEX interaction (target: 0xcE200515520e0AF0738DE6034fB223fd2B387C3e)
[2m2025-12-10T10:12:59.977455Z[0m [34mDEBUG[0m [2methereum_transaction_pool_monitor::mempool_monitor[0m[2m:[0m 📨 Processing new pending transaction: 0x6a4d03b7906ad84b7d684c828dad3bf272e188687a565f85cba4cc5828d965a7
[2m2025-12-10T10:12:59.977461Z[0m [34mDEBUG[0m [2methereum_transaction_pool_monitor::mempool_monitor[0m[2m:[0m 🔍 Fetching transaction details for: 0x6a4d03b7906ad84b7d684c828dad3bf272e188687a565f85cba4cc5828d965a7
[2m2025-12-10T10:12:59.977466Z[0m [34mDEBUG[0m [2methereum_transaction_pool_monitor::eth_client[0m[2m:[0m 🔍 Fetching transaction details for hash: 0x6a4d03b7906ad84b7d684c828dad3bf272e188687a565f85cba4cc5828d965a7
[2m2025-12-10T10:12:59.977482Z[0m [34mDEBUG[0m [2mhyper::client::pool[0m[2m:[0m reuse idle connection for ("http", 192.168.0.14:8545)
[2m2025-12-10T10:12:59.977520Z[0m [34mDEBUG[0m [2mhyper::proto::h1::io[0m[2m:[0m flushed 250 bytes
[2m2025-12-10T10:12:59.977539Z[0m [34mDEBUG[0m [2methereum_transaction_pool_monitor::eth_client[0m[2m:[0m 📨 Received WebSocket message: {"jsonrpc":"2.0","method":"eth_subscription","params":{"subscription":"0xbed0a0851463e895960a451075a301a9","result":"0x0a452616be9848041633437cc879df8b4a9c97f6cef74a3c3f748bcfb245040b"}}
[2m2025-12-10T10:12:59.977549Z[0m [34mDEBUG[0m [2methereum_transaction_pool_monitor::eth_client[0m[2m:[0m 📨 Received pending transaction: 0x0a452616be9848041633437cc879df8b4a9c97f6cef74a3c3f748bcfb245040b
[2m2025-12-10T10:12:59.977556Z[0m [34mDEBUG[0m [2methereum_transaction_pool_monitor::eth_client[0m[2m:[0m 📨 Received WebSocket message: {"jsonrpc":"2.0","method":"eth_subscription","params":{"subscription":"0xbed0a0851463e895960a451075a301a9","result":"0x12a48dd376f1d4f0fb1af8939c47c17b5364da719478cc15d69fbfd44c8b39c0"}}
[2m2025-12-10T10:12:59.977562Z[0m [34mDEBUG[0m [2methereum_transaction_pool_monitor::eth_client[0m[2m:[0m 📨 Received pending transaction: 0x12a48dd376f1d4f0fb1af8939c47c17b5364da719478cc15d69fbfd44c8b39c0
[2m2025-12-10T10:12:59.977567Z[0m [34mDEBUG[0m [2methereum_transaction_pool_monitor::eth_client[0m[2m:[0m 📨 Received WebSocket message: {"jsonrpc":"2.0","method":"eth_subscription","params":{"subscription":"0xbed0a0851463e895960a451075a301a9","result":"0x5a82411a8f13d07eab4372b9294acef4a8025d2319d7ebe51fde2f28a16b5aff"}}
[2m2025-12-10T10:12:59.977575Z[0m [34mDEBUG[0m [2methereum_transaction_pool_monitor::eth_client[0m[2m:[0m 📨 Received pending transaction: 0x5a82411a8f13d07eab4372b9294acef4a8025d2319d7ebe51fde2f28a16b5aff
[2m2025-12-10T10:12:59.977579Z[0m [34mDEBUG[0m [2methereum_transaction_pool_monitor::eth_client[0m[2m:[0m 📨 Received WebSocket message: {"jsonrpc":"2.0","method":"eth_subscription","params":{"subscription":"0xbed0a0851463e895960a451075a301a9","result":"0x68a2a99c765b8f082a9f7d36ba860f665171b86e4a012c97267bccabf5d8b2d1"}}
[2m2025-12-10T10:12:59.977853Z[0m [34mDEBUG[0m [2methereum_transaction_pool_monitor::eth_client[0m[2m:[0m 📨 Received pending transaction: 0x68a2a99c765b8f082a9f7d36ba860f665171b86e4a012c97267bccabf5d8b2d1
[2m2025-12-10T10:12:59.982379Z[0m [34mDEBUG[0m [2mhyper::proto::h1::io[0m[2m:[0m parsed 4 headers
[2m2025-12-10T10:12:59.982383Z[0m [34mDEBUG[0m [2mhyper::proto::h1::conn[0m[2m:[0m incoming body is content-length (775 bytes)
[2m2025-12-10T10:12:59.982389Z[0m [34mDEBUG[0m [2mhyper::proto::h1::conn[0m[2m:[0m incoming body completed
[2m2025-12-10T10:12:59.982396Z[0m [34mDEBUG[0m [2mhyper::client::pool[0m[2m:[0m pooling idle connection for ("http", 192.168.0.14:8545)
[2m2025-12-10T10:12:59.982401Z[0m [34mDEBUG[0m [2methereum_transaction_pool_monitor::eth_client[0m[2m:[0m 📡 Transaction fetch RPC completed in 4.930667ms
[2m2025-12-10T10:13:00.052471Z[0m [34mDEBUG[0m [2methereum_transaction_pool_monitor::eth_client[0m[2m:[0m ✅ Transaction 0x6a4d03b7906ad84b7d684c828dad3bf272e188687a565f85cba4cc5828d965a7 fetched and parsed in 74.9985ms
[2m2025-12-10T10:13:00.052495Z[0m [34mDEBUG[0m [2methereum_transaction_pool_monitor::mempool_monitor[0m[2m:[0m 🔍 Skipping tx 0x6a4d03b7906ad84b7d684c828dad3bf272e188687a565f85cba4cc5828d965a7 - not a DEX interaction (target: 0x6982508145454Ce325dDbE47a25d4ec3d2311933)
[2m2025-12-10T10:13:00.052505Z[0m [34mDEBUG[0m [2methereum_transaction_pool_monitor::mempool_monitor[0m[2m:[0m 📨 Processing new pending transaction: 0xc60efff7256e18a355fcb7922df95b884c43076537f7dbb15a8b1bdce94cbf32
[2m2025-12-10T10:13:00.052511Z[0m [34mDEBUG[0m [2methereum_transaction_pool_monitor::mempool_monitor[0m[2m:[0m 🔍 Fetching transaction details for: 0xc60efff7256e18a355fcb7922df95b884c43076537f7dbb15a8b1bdce94cbf32
[2m2025-12-10T10:13:00.052516Z[0m [34mDEBUG[0m [2methereum_transaction_pool_monitor::eth_client[0m[2m:[0m 🔍 Fetching transaction details for hash: 0xc60efff7256e18a355fcb7922df95b884c43076537f7dbb15a8b1bdce94cbf32
[2m2025-12-10T10:13:00.052534Z[0m [34mDEBUG[0m [2mhyper::client::pool[0m[2m:[0m reuse idle connection for ("http", 192.168.0.14:8545)
[2m2025-12-10T10:13:00.052565Z[0m [34mDEBUG[0m [2mhyper::proto::h1::io[0m[2m:[0m flushed 250 bytes
[2m2025-12-10T10:13:00.052591Z[0m [34mDEBUG[0m [2mhyper::client::pool[0m[2m:[0m reuse idle connection for ("http", 192.168.0.14:8545)
[2m2025-12-10T10:13:00.052605Z[0m [34mDEBUG[0m [2mhyper::proto::h1::io[0m[2m:[0m flushed 172 bytes
[2m2025-12-10T10:13:00.058287Z[0m [34mDEBUG[0m [2mhyper::proto::h1::io[0m[2m:[0m parsed 4 headers
[2m2025-12-10T10:13:00.058292Z[0m [34mDEBUG[0m [2mhyper::proto::h1::conn[0m[2m:[0m incoming body is content-length (779 bytes)
[2m2025-12-10T10:13:00.058297Z[0m [34mDEBUG[0m [2mhyper::proto::h1::conn[0m[2m:[0m incoming body completed
[2m2025-12-10T10:13:00.058303Z[0m [34mDEBUG[0m [2mhyper::client::pool[0m[2m:[0m pooling idle connection for ("http", 192.168.0.14:8545)
[2m2025-12-10T10:13:00.058308Z[0m [34mDEBUG[0m [2methereum_transaction_pool_monitor::eth_client[0m[2m:[0m 📡 Transaction fetch RPC completed in 5.787708ms
[2m2025-12-10T10:13:00.129795Z[0m [34mDEBUG[0m [2methereum_transaction_pool_monitor::eth_client[0m[2m:[0m ✅ Transaction 0xc60efff7256e18a355fcb7922df95b884c43076537f7dbb15a8b1bdce94cbf32 fetched and parsed in 77.272166ms
[2m2025-12-10T10:13:00.129830Z[0m [34mDEBUG[0m [2methereum_transaction_pool_monitor::mempool_monitor[0m[2m:[0m 🔍 Skipping tx 0xc60efff7256e18a355fcb7922df95b884c43076537f7dbb15a8b1bdce94cbf32 - not a DEX interaction (target: 0x6982508145454Ce325dDbE47a25d4ec3d2311933)
[2m2025-12-10T10:13:00.129843Z[0m [34mDEBUG[0m [2methereum_transaction_pool_monitor::mempool_monitor[0m[2m:[0m 📨 Processing new pending transaction: 0x39f57cac2a439d8e663644744af68d1614bdfe6c4919a078550026bf1fd8a3d4
[2m2025-12-10T10:13:00.129853Z[0m [34mDEBUG[0m [2methereum_transaction_pool_monitor::mempool_monitor[0m[2m:[0m 🔍 Fetching transaction details for: 0x39f57cac2a439d8e663644744af68d1614bdfe6c4919a078550026bf1fd8a3d4
[2m2025-12-10T10:13:00.129859Z[0m [34mDEBUG[0m [2methereum_transaction_pool_monitor::eth_client[0m[2m:[0m 🔍 Fetching transaction details for hash: 0x39f57cac2a439d8e663644744af68d1614bdfe6c4919a078550026bf1fd8a3d4
[2m2025-12-10T10:13:00.129879Z[0m [34mDEBUG[0m [2mhyper::client::pool[0m[2m:[0m reuse idle connection for ("http", 192.168.0.14:8545)
[2m2025-12-10T10:13:00.129913Z[0m [34mDEBUG[0m [2mhyper::proto::h1::io[0m[2m:[0m flushed 250 bytes
[2m2025-12-10T10:13:00.129932Z[0m [34mDEBUG[0m [2mhyper::proto::h1::io[0m[2m:[0m parsed 4 headers
[2m2025-12-10T10:13:00.129938Z[0m [34mDEBUG[0m [2mhyper::proto::h1::conn[0m[2m:[0m incoming body is content-length (45 bytes)
[2m2025-12-10T10:13:00.129946Z[0m [34mDEBUG[0m [2mhyper::proto::h1::conn[0m[2m:[0m incoming body completed
[2m2025-12-10T10:13:00.129954Z[0m [34mDEBUG[0m [2mhyper::client::pool[0m[2m:[0m pooling idle connection for ("http", 192.168.0.14:8545)
[2m2025-12-10T10:13:00.129972Z[0m [34mDEBUG[0m [2mhyper::client::pool[0m[2m:[0m reuse idle connection for ("http", 192.168.0.14:8545)
[2m2025-12-10T10:13:00.129987Z[0m [34mDEBUG[0m [2mhyper::proto::h1::io[0m[2m:[0m flushed 172 bytes
[2m2025-12-10T10:13:00.133978Z[0m [34mDEBUG[0m [2mhyper::proto::h1::io[0m[2m:[0m parsed 4 headers
[2m2025-12-10T10:13:00.134005Z[0m [34mDEBUG[0m [2mhyper::proto::h1::conn[0m[2m:[0m incoming body is content-length (45 bytes)
[2m2025-12-10T10:13:00.134013Z[0m [34mDEBUG[0m [2mhyper::proto::h1::conn[0m[2m:[0m incoming body completed
[2m2025-12-10T10:13:00.134019Z[0m [34mDEBUG[0m [2mhyper::client::pool[0m[2m:[0m pooling idle connection for ("http", 192.168.0.14:8545)
[2m2025-12-10T10:13:00.134660Z[0m [34mDEBUG[0m [2mhyper::proto::h1::io[0m[2m:[0m parsed 4 headers
[2m2025-12-10T10:13:00.134667Z[0m [34mDEBUG[0m [2mhyper::proto::h1::conn[0m[2m:[0m incoming body is content-length (772 bytes)
[2m2025-12-10T10:13:00.134673Z[0m [34mDEBUG[0m [2mhyper::proto::h1::conn[0m[2m:[0m incoming body completed
[2m2025-12-10T10:13:00.134678Z[0m [34mDEBUG[0m [2mhyper::client::pool[0m[2m:[0m pooling idle connection for ("http", 192.168.0.14:8545)
[2m2025-12-10T10:13:00.134682Z[0m [34mDEBUG[0m [2methereum_transaction_pool_monitor::eth_client[0m[2m:[0m 📡 Transaction fetch RPC completed in 4.818625ms
[2m2025-12-10T10:13:00.206827Z[0m [34mDEBUG[0m [2methereum_transaction_pool_monitor::eth_client[0m[2m:[0m ✅ Transaction 0x39f57cac2a439d8e663644744af68d1614bdfe6c4919a078550026bf1fd8a3d4 fetched and parsed in 76.960791ms
[2m2025-12-10T10:13:00.206852Z[0m [34mDEBUG[0m [2methereum_transaction_pool_monitor::mempool_monitor[0m[2m:[0m 🔍 Skipping tx 0x39f57cac2a439d8e663644744af68d1614bdfe6c4919a078550026bf1fd8a3d4 - not a DEX interaction (target: 0x6982508145454Ce325dDbE47a25d4ec3d2311933)
[2m2025-12-10T10:13:00.206861Z[0m [34mDEBUG[0m [2methereum_transaction_pool_monitor::mempool_monitor[0m[2m:[0m 📨 Processing new pending transaction: 0x2e3c188fa3b650bc0847171df0166583cc472f9789c25fdb85349e702d33a734
[2m2025-12-10T10:13:00.206867Z[0m [34mDEBUG[0m [2methereum_transaction_pool_monitor::mempool_monitor[0m[2m:[0m 🔍 Fetching transaction details for: 0x2e3c188fa3b650bc0847171df0166583cc472f9789c25fdb85349e702d33a734
[2m2025-12-10T10:13:00.206873Z[0m [34mDEBUG[0m [2methereum_transaction_pool_monitor::eth_client[0m[2m:[0m 🔍 Fetching transaction details for hash: 0x2e3c188fa3b650bc0847171df0166583cc472f9789c25fdb85349e702d33a734
[2m2025-12-10T10:13:00.206891Z[0m [34mDEBUG[0m [2mhyper::client::pool[0m[2m:[0m reuse idle connection for ("http", 192.168.0.14:8545)
[2m2025-12-10T10:13:00.206939Z[0m [34mDEBUG[0m [2mhyper::proto::h1::io[0m[2m:[0m flushed 250 bytes
[2m2025-12-10T10:13:00.206969Z[0m [34mDEBUG[0m [2mhyper::client::pool[0m[2m:[0m reuse idle connection for ("http", 192.168.0.14:8545)
[2m2025-12-10T10:13:00.206984Z[0m [34mDEBUG[0m [2mhyper::proto::h1::io[0m[2m:[0m flushed 172 bytes
[2m2025-12-10T10:13:00.212273Z[0m [34mDEBUG[0m [2mhyper::proto::h1::io[0m[2m:[0m parsed 4 headers
[2m2025-12-10T10:13:00.212278Z[0m [34mDEBUG[0m [2mhyper::proto::h1::conn[0m[2m:[0m incoming body is content-length (45 bytes)
[2m2025-12-10T10:13:00.212284Z[0m [34mDEBUG[0m [2mhyper::proto::h1::conn[0m[2m:[0m incoming body completed
[2m2025-12-10T10:13:00.212291Z[0m [34mDEBUG[0m [2mhyper::client::pool[0m[2m:[0m pooling idle connection for ("http", 192.168.0.14:8545)
[2m2025-12-10T10:13:00.217452Z[0m [34mDEBUG[0m [2mhyper::proto::h1::io[0m[2m:[0m parsed 4 headers
[2m2025-12-10T10:13:00.217471Z[0m [34mDEBUG[0m [2mhyper::proto::h1::conn[0m[2m:[0m incoming body is content-length (830 bytes)
[2m2025-12-10T10:13:00.217500Z[0m [34mDEBUG[0m [2mhyper::proto::h1::conn[0m[2m:[0m incoming body completed
[2m2025-12-10T10:13:00.217518Z[0m [34mDEBUG[0m [2mhyper::client::pool[0m[2m:[0m pooling idle connection for ("http", 192.168.0.14:8545)
[2m2025-12-10T10:13:00.217523Z[0m [34mDEBUG[0m [2methereum_transaction_pool_monitor::eth_client[0m[2m:[0m 📡 Transaction fetch RPC completed in 10.645708ms
[2m2025-12-10T10:13:00.289211Z[0m [34mDEBUG[0m [2methereum_transaction_pool_monitor::eth_client[0m[2m:[0m ✅ Transaction 0x2e3c188fa3b650bc0847171df0166583cc472f9789c25fdb85349e702d33a734 fetched and parsed in 82.331458ms
[2m2025-12-10T10:13:00.289238Z[0m [34mDEBUG[0m [2methereum_transaction_pool_monitor::mempool_monitor[0m[2m:[0m 🔍 Skipping tx 0x2e3c188fa3b650bc0847171df0166583cc472f9789c25fdb85349e702d33a734 - not a DEX interaction (target: 0x3B4D794a66304F130a4Db8F2551B0070dfCf5ca7)
[2m2025-12-10T10:13:00.289247Z[0m [34mDEBUG[0m [2methereum_transaction_pool_monitor::mempool_monitor[0m[2m:[0m 📨 Processing new pending transaction: 0x0a452616be9848041633437cc879df8b4a9c97f6cef74a3c3f748bcfb245040b
[2m2025-12-10T10:13:00.289253Z[0m [34mDEBUG[0m [2methereum_transaction_pool_monitor::mempool_monitor[0m[2m:[0m 🔍 Fetching transaction details for: 0x0a452616be9848041633437cc879df8b4a9c97f6cef74a3c3f748bcfb245040b
[2m2025-12-10T10:13:00.289257Z[0m [34mDEBUG[0m [2methereum_transaction_pool_monitor::eth_client[0m[2m:[0m 🔍 Fetching transaction details for hash: 0x0a452616be9848041633437cc879df8b4a9c97f6cef74a3c3f748bcfb245040b
[2m2025-12-10T10:13:00.289276Z[0m [34mDEBUG[0m [2mhyper::client::pool[0m[2m:[0m reuse idle connection for ("http", 192.168.0.14:8545)
[2m2025-12-10T10:13:00.289309Z[0m [34mDEBUG[0m [2mhyper::proto::h1::io[0m[2m:[0m flushed 250 bytes
[2m2025-12-10T10:13:00.289329Z[0m [34mDEBUG[0m [2methereum_transaction_pool_monitor::eth_client[0m[2m:[0m 📨 Received WebSocket message: {"jsonrpc":"2.0","method":"eth_subscription","params":{"subscription":"0xbed0a0851463e895960a451075a301a9","result":"0xc77708cfaf2dcb0f8f07b606841efe9fd96ae8a07b5855444ecbb2fe9a5a3804"}}
[2m2025-12-10T10:13:00.289338Z[0m [34mDEBUG[0m [2methereum_transaction_pool_monitor::eth_client[0m[2m:[0m 📨 Received pending transaction: 0xc77708cfaf2dcb0f8f07b606841efe9fd96ae8a07b5855444ecbb2fe9a5a3804
[2m2025-12-10T10:13:00.289345Z[0m [34mDEBUG[0m [2methereum_transaction_pool_monitor::eth_client[0m[2m:[0m 📨 Received WebSocket message: {"jsonrpc":"2.0","method":"eth_subscription","params":{"subscription":"0xbed0a0851463e895960a451075a301a9","result":"0x301b57ac5a9d5106a40e9dfcc42404e3b7157ab91628dfd0ec21f6474cb8849a"}}
[2m2025-12-10T10:13:00.289351Z[0m [34mDEBUG[0m [2methereum_transaction_pool_monitor::eth_client[0m[2m:[0m 📨 Received pending transaction: 0x301b57ac5a9d5106a40e9dfcc42404e3b7157ab91628dfd0ec21f6474cb8849a
[2m2025-12-10T10:13:00.294375Z[0m [34mDEBUG[0m [2mhyper::proto::h1::io[0m[2m:[0m parsed 4 headers
[2m2025-12-10T10:13:00.294393Z[0m [34mDEBUG[0m [2mhyper::proto::h1::conn[0m[2m:[0m incoming body is content-length (765 bytes)
[2m2025-12-10T10:13:00.294418Z[0m [34mDEBUG[0m [2mhyper::proto::h1::conn[0m[2m:[0m incoming body completed
[2m2025-12-10T10:13:00.294434Z[0m [34mDEBUG[0m [2mhyper::client::pool[0m[2m:[0m pooling idle connection for ("http", 192.168.0.14:8545)
[2m2025-12-10T10:13:00.294454Z[0m [34mDEBUG[0m [2methereum_transaction_pool_monitor::eth_client[0m[2m:[0m 📡 Transaction fetch RPC completed in 5.192542ms
[2m2025-12-10T10:13:00.365494Z[0m [34mDEBUG[0m [2methereum_transaction_pool_monitor::eth_client[0m[2m:[0m ✅ Transaction 0x0a452616be9848041633437cc879df8b4a9c97f6cef74a3c3f748bcfb245040b fetched and parsed in 76.230125ms
[2m2025-12-10T10:13:00.365519Z[0m [34mDEBUG[0m [2methereum_transaction_pool_monitor::mempool_monitor[0m[2m:[0m 🔍 Skipping tx 0x0a452616be9848041633437cc879df8b4a9c97f6cef74a3c3f748bcfb245040b - not a DEX interaction (target: 0xc83f7D9F2D4A76E81145849381ABA02602373723)
[2m2025-12-10T10:13:00.365528Z[0m [34mDEBUG[0m [2methereum_transaction_pool_monitor::mempool_monitor[0m[2m:[0m 📨 Processing new pending transaction: 0x12a48dd376f1d4f0fb1af8939c47c17b5364da719478cc15d69fbfd44c8b39c0
[2m2025-12-10T10:13:00.365533Z[0m [34mDEBUG[0m [2methereum_transaction_pool_monitor::mempool_monitor[0m[2m:[0m 🔍 Fetching transaction details for: 0x12a48dd376f1d4f0fb1af8939c47c17b5364da719478cc15d69fbfd44c8b39c0
[2m2025-12-10T10:13:00.365537Z[0m [34mDEBUG[0m [2methereum_transaction_pool_monitor::eth_client[0m[2m:[0m 🔍 Fetching transaction details for hash: 0x12a48dd376f1d4f0fb1af8939c47c17b5364da719478cc15d69fbfd44c8b39c0
[2m2025-12-10T10:13:00.365555Z[0m [34mDEBUG[0m [2mhyper::client::pool[0m[2m:[0m reuse idle connection for ("http", 192.168.0.14:8545)
[2m2025-12-10T10:13:00.365600Z[0m [34mDEBUG[0m [2mhyper::proto::h1::io[0m[2m:[0m flushed 250 bytes
[2m2025-12-10T10:13:00.365634Z[0m [34mDEBUG[0m [2mhyper::client::pool[0m[2m:[0m reuse idle connection for ("http", 192.168.0.14:8545)
[2m2025-12-10T10:13:00.365653Z[0m [34mDEBUG[0m [2mhyper::proto::h1::io[0m[2m:[0m flushed 172 bytes
[2m2025-12-10T10:13:00.369501Z[0m [34mDEBUG[0m [2mhyper::proto::h1::io[0m[2m:[0m parsed 4 headers
[2m2025-12-10T10:13:00.369507Z[0m [34mDEBUG[0m [2mhyper::proto::h1::conn[0m[2m:[0m incoming body is content-length (45 bytes)
[2m2025-12-10T10:13:00.369513Z[0m [34mDEBUG[0m [2mhyper::proto::h1::conn[0m[2m:[0m incoming body completed
[2m2025-12-10T10:13:00.369520Z[0m [34mDEBUG[0m [2mhyper::client::pool[0m[2m:[0m pooling idle connection for ("http", 192.168.0.14:8545)
[2m2025-12-10T10:13:00.375370Z[0m [34mDEBUG[0m [2mhyper::proto::h1::io[0m[2m:[0m parsed 4 headers
[2m2025-12-10T10:13:00.375375Z[0m [34mDEBUG[0m [2mhyper::proto::h1::conn[0m[2m:[0m incoming body is content-length (770 bytes)
[2m2025-12-10T10:13:00.375380Z[0m [34mDEBUG[0m [2mhyper::proto::h1::conn[0m[2m:[0m incoming body completed
[2m2025-12-10T10:13:00.375386Z[0m [34mDEBUG[0m [2mhyper::client::pool[0m[2m:[0m pooling idle connection for ("http", 192.168.0.14:8545)
[2m2025-12-10T10:13:00.375390Z[0m [34mDEBUG[0m [2methereum_transaction_pool_monitor::eth_client[0m[2m:[0m 📡 Transaction fetch RPC completed in 9.848042ms
[2m2025-12-10T10:13:00.446374Z[0m [34mDEBUG[0m [2methereum_transaction_pool_monitor::eth_client[0m[2m:[0m ✅ Transaction 0x12a48dd376f1d4f0fb1af8939c47c17b5364da719478cc15d69fbfd44c8b39c0 fetched and parsed in 80.829917ms
[2m2025-12-10T10:13:00.446401Z[0m [34mDEBUG[0m [2methereum_transaction_pool_monitor::mempool_monitor[0m[2m:[0m 🔍 Skipping tx 0x12a48dd376f1d4f0fb1af8939c47c17b5364da719478cc15d69fbfd44c8b39c0 - not a DEX interaction (target: 0xcb1592591996765Ec0eFc1f92599A19767ee5ffA)
[2m2025-12-10T10:13:00.446414Z[0m [34mDEBUG[0m [2methereum_transaction_pool_monitor::mempool_monitor[0m[2m:[0m 📨 Processing new pending transaction: 0x5a82411a8f13d07eab4372b9294acef4a8025d2319d7ebe51fde2f28a16b5aff
[2m2025-12-10T10:13:00.446672Z[0m [34mDEBUG[0m [2methereum_transaction_pool_monitor::mempool_monitor[0m[2m:[0m 🔍 Fetching transaction details for: 0x5a82411a8f13d07eab4372b9294acef4a8025d2319d7ebe51fde2f28a16b5aff
[2m2025-12-10T10:13:00.446680Z[0m [34mDEBUG[0m [2methereum_transaction_pool_monitor::eth_client[0m[2m:[0m 🔍 Fetching transaction details for hash: 0x5a82411a8f13d07eab4372b9294acef4a8025d2319d7ebe51fde2f28a16b5aff
[2m2025-12-10T10:13:00.446698Z[0m [34mDEBUG[0m [2mhyper::client::pool[0m[2m:[0m reuse idle connection for ("http", 192.168.0.14:8545)
[2m2025-12-10T10:13:00.446723Z[0m [34mDEBUG[0m [2mhyper::proto::h1::io[0m[2m:[0m flushed 250 bytes
[2m2025-12-10T10:13:00.446741Z[0m [34mDEBUG[0m [2mhyper::client::pool[0m[2m:[0m reuse idle connection for ("http", 192.168.0.14:8545)
[2m2025-12-10T10:13:00.446754Z[0m [34mDEBUG[0m [2mhyper::proto::h1::io[0m[2m:[0m flushed 172 bytes
[2m2025-12-10T10:13:00.446755Z[0m [34mDEBUG[0m [2methereum_transaction_pool_monitor::eth_client[0m[2m:[0m 📨 Received WebSocket message: {"jsonrpc":"2.0","method":"eth_subscription","params":{"subscription":"0xbed0a0851463e895960a451075a301a9","result":"0x663076d72c72626571fcfbd97cff932abf2d43725a536a3398ce801e5ad4bbb5"}}
[2m2025-12-10T10:13:00.446765Z[0m [34mDEBUG[0m [2methereum_transaction_pool_monitor::eth_client[0m[2m:[0m 📨 Received pending transaction: 0x663076d72c72626571fcfbd97cff932abf2d43725a536a3398ce801e5ad4bbb5
[2m2025-12-10T10:13:00.455632Z[0m [34mDEBUG[0m [2mhyper::proto::h1::io[0m[2m:[0m parsed 4 headers
[2m2025-12-10T10:13:00.455638Z[0m [34mDEBUG[0m [2mhyper::proto::h1::conn[0m[2m:[0m incoming body is content-length (644 bytes)
[2m2025-12-10T10:13:00.455648Z[0m [34mDEBUG[0m [2mhyper::proto::h1::conn[0m[2m:[0m incoming body completed
[2m2025-12-10T10:13:00.455661Z[0m [34mDEBUG[0m [2mhyper::client::pool[0m[2m:[0m pooling idle connection for ("http", 192.168.0.14:8545)
[2m2025-12-10T10:13:00.455668Z[0m [34mDEBUG[0m [2methereum_transaction_pool_monitor::eth_client[0m[2m:[0m 📡 Transaction fetch RPC completed in 8.983708ms
[2m2025-12-10T10:13:00.526351Z[0m [34mDEBUG[0m [2methereum_transaction_pool_monitor::eth_client[0m[2m:[0m ✅ Transaction 0x5a82411a8f13d07eab4372b9294acef4a8025d2319d7ebe51fde2f28a16b5aff fetched and parsed in 79.662583ms
[2m2025-12-10T10:13:00.526376Z[0m [34mDEBUG[0m [2methereum_transaction_pool_monitor::mempool_monitor[0m[2m:[0m 🔍 Skipping tx 0x5a82411a8f13d07eab4372b9294acef4a8025d2319d7ebe51fde2f28a16b5aff - not a DEX interaction (target: 0x17E5545B11b468072283Cee1F066a059Fb0dbF24)
[2m2025-12-10T10:13:00.526386Z[0m [34mDEBUG[0m [2methereum_transaction_pool_monitor::mempool_monitor[0m[2m:[0m 📨 Processing new pending transaction: 0x68a2a99c765b8f082a9f7d36ba860f665171b86e4a012c97267bccabf5d8b2d1
[2m2025-12-10T10:13:00.526393Z[0m [34mDEBUG[0m [2methereum_transaction_pool_monitor::mempool_monitor[0m[2m:[0m 🔍 Fetching transaction details for: 0x68a2a99c765b8f082a9f7d36ba860f665171b86e4a012c97267bccabf5d8b2d1
[2m2025-12-10T10:13:00.526397Z[0m [34mDEBUG[0m [2methereum_transaction_pool_monitor::eth_client[0m[2m:[0m 🔍 Fetching transaction details for hash: 0x68a2a99c765b8f082a9f7d36ba860f665171b86e4a012c97267bccabf5d8b2d1
[2m2025-12-10T10:13:00.526414Z[0m [34mDEBUG[0m [2mhyper::client::pool[0m[2m:[0m reuse idle connection for ("http", 192.168.0.14:8545)
[2m2025-12-10T10:13:00.526448Z[0m [34mDEBUG[0m [2mhyper::proto::h1::io[0m[2m:[0m flushed 250 bytes
[2m2025-12-10T10:13:00.526471Z[0m [34mDEBUG[0m [2methereum_transaction_pool_monitor::eth_client[0m[2m:[0m 📨 Received WebSocket message: {"jsonrpc":"2.0","method":"eth_subscription","params":{"subscription":"0xbed0a0851463e895960a451075a301a9","result":"0x35d1991e3ea1d03c1f066422df3c8f6f4abff721ae4346a1e6becb64afe14178"}}
[2m2025-12-10T10:13:00.526475Z[0m [34mDEBUG[0m [2mhyper::proto::h1::io[0m[2m:[0m parsed 4 headers
[2m2025-12-10T10:13:00.526478Z[0m [34mDEBUG[0m [2methereum_transaction_pool_monitor::eth_client[0m[2m:[0m 📨 Received pending transaction: 0x35d1991e3ea1d03c1f066422df3c8f6f4abff721ae4346a1e6becb64afe14178
[2m2025-12-10T10:13:00.526483Z[0m [34mDEBUG[0m [2mhyper::proto::h1::conn[0m[2m:[0m incoming body is content-length (45 bytes)
[2m2025-12-10T10:13:00.526486Z[0m [34mDEBUG[0m [2methereum_transaction_pool_monitor::eth_client[0m[2m:[0m 📨 Received WebSocket message: {"jsonrpc":"2.0","method":"eth_subscription","params":{"subscription":"0xbed0a0851463e895960a451075a301a9","result":"0x48ae32e23c2f9539eb247d23fb22c2799d7fb91b6744d8d2052df62d6da65694"}}
[2m2025-12-10T10:13:00.526492Z[0m [34mDEBUG[0m [2mhyper::proto::h1::conn[0m[2m:[0m incoming body completed
[2m2025-12-10T10:13:00.526493Z[0m [34mDEBUG[0m [2methereum_transaction_pool_monitor::eth_client[0m[2m:[0m 📨 Received pending transaction: 0x48ae32e23c2f9539eb247d23fb22c2799d7fb91b6744d8d2052df62d6da65694
[2m2025-12-10T10:13:00.526503Z[0m [34mDEBUG[0m [2methereum_transaction_pool_monitor::eth_client[0m[2m:[0m 📨 Received WebSocket message: {"jsonrpc":"2.0","method":"eth_subscription","params":{"subscription":"0xbed0a0851463e895960a451075a301a9","result":"0x4e7b286a30acd649cfc0968647628d28cceab00d3715b702d051b6ae1e722401"}}
[2m2025-12-10T10:13:00.526511Z[0m [34mDEBUG[0m [2methereum_transaction_pool_monitor::eth_client[0m[2m:[0m 📨 Received pending transaction: 0x4e7b286a30acd649cfc0968647628d28cceab00d3715b702d051b6ae1e722401
[2m2025-12-10T10:13:00.526517Z[0m [34mDEBUG[0m [2methereum_transaction_pool_monitor::eth_client[0m[2m:[0m 📨 Received WebSocket message: {"jsonrpc":"2.0","method":"eth_subscription","params":{"subscription":"0xbed0a0851463e895960a451075a301a9","result":"0x3db035b0464c2cd7ad5ef34de751766d60994a054176c9031d3eeaa5f2819fd5"}}
[2m2025-12-10T10:13:00.526503Z[0m [34mDEBUG[0m [2mhyper::client::pool[0m[2m:[0m pooling idle connection for ("http", 192.168.0.14:8545)
[2m2025-12-10T10:13:00.526525Z[0m [34mDEBUG[0m [2methereum_transaction_pool_monitor::eth_client[0m[2m:[0m 📨 Received pending transaction: 0x3db035b0464c2cd7ad5ef34de751766d60994a054176c9031d3eeaa5f2819fd5
[2m2025-12-10T10:13:00.526540Z[0m [34mDEBUG[0m [2mhyper::client::pool[0m[2m:[0m reuse idle connection for ("http", 192.168.0.14:8545)
[2m2025-12-10T10:13:00.526554Z[0m [34mDEBUG[0m [2mhyper::proto::h1::io[0m[2m:[0m flushed 172 bytes
[2m2025-12-10T10:13:00.527648Z[0m [34mDEBUG[0m [2methereum_transaction_pool_monitor::eth_client[0m[2m:[0m 📨 Received WebSocket message: {"jsonrpc":"2.0","method":"eth_subscription","params":{"subscription":"0xbed0a0851463e895960a451075a301a9","result":"0xeb155c38005ff60927a33b47c9b4ad60deb1c1d46d8528888fbca8ee16f30f48"}}
[2m2025-12-10T10:13:00.527655Z[0m [34mDEBUG[0m [2methereum_transaction_pool_monitor::eth_client[0m[2m:[0m 📨 Received pending transaction: 0xeb155c38005ff60927a33b47c9b4ad60deb1c1d46d8528888fbca8ee16f30f48
[2m2025-12-10T10:13:00.534719Z[0m [34mDEBUG[0m [2mhyper::proto::h1::io[0m[2m:[0m parsed 4 headers
[2m2025-12-10T10:13:00.535796Z[0m [34mDEBUG[0m [2mhyper::proto::h1::conn[0m[2m:[0m incoming body is content-length (649 bytes)
[2m2025-12-10T10:13:00.535804Z[0m [34mDEBUG[0m [2mhyper::proto::h1::conn[0m[2m:[0m incoming body completed
[2m2025-12-10T10:13:00.535814Z[0m [34mDEBUG[0m [2mhyper::client::pool[0m[2m:[0m pooling idle connection for ("http", 192.168.0.14:8545)
[2m2025-12-10T10:13:00.535834Z[0m [34mDEBUG[0m [2methereum_transaction_pool_monitor::eth_client[0m[2m:[0m 📡 Transaction fetch RPC completed in 9.4335ms
[2m2025-12-10T10:13:00.607250Z[0m [34mDEBUG[0m [2methereum_transaction_pool_monitor::eth_client[0m[2m:[0m ✅ Transaction 0x68a2a99c765b8f082a9f7d36ba860f665171b86e4a012c97267bccabf5d8b2d1 fetched and parsed in 80.847333ms
[2m2025-12-10T10:13:00.607284Z[0m [34mDEBUG[0m [2methereum_transaction_pool_monitor::mempool_monitor[0m[2m:[0m 🔍 Skipping tx 0x68a2a99c765b8f082a9f7d36ba860f665171b86e4a012c97267bccabf5d8b2d1 - not a DEX interaction (target: 0x28C6c06298d514Db089934071355E5743bf21d60)
[2m2025-12-10T10:13:00.607300Z[0m [34mDEBUG[0m [2methereum_transaction_pool_monitor::mempool_monitor[0m[2m:[0m 📨 Processing new pending transaction: 0xc77708cfaf2dcb0f8f07b606841efe9fd96ae8a07b5855444ecbb2fe9a5a3804
[2m2025-12-10T10:13:00.607307Z[0m [34mDEBUG[0m [2methereum_transaction_pool_monitor::mempool_monitor[0m[2m:[0m 🔍 Fetching transaction details for: 0xc77708cfaf2dcb0f8f07b606841efe9fd96ae8a07b5855444ecbb2fe9a5a3804
[2m2025-12-10T10:13:00.607314Z[0m [34mDEBUG[0m [2methereum_transaction_pool_monitor::eth_client[0m[2m:[0m 🔍 Fetching transaction details for hash: 0xc77708cfaf2dcb0f8f07b606841efe9fd96ae8a07b5855444ecbb2fe9a5a3804
[2m2025-12-10T10:13:00.607335Z[0m [34mDEBUG[0m [2mhyper::client::pool[0m[2m:[0m reuse idle connection for ("http", 192.168.0.14:8545)
[2m2025-12-10T10:13:00.607367Z[0m [34mDEBUG[0m [2mhyper::proto::h1::io[0m[2m:[0m flushed 250 bytes
[2m2025-12-10T10:13:00.607391Z[0m [34mDEBUG[0m [2methereum_transaction_pool_monitor::eth_client[0m[2m:[0m 📨 Received WebSocket message: {"jsonrpc":"2.0","method":"eth_subscription","params":{"subscription":"0xbed0a0851463e895960a451075a301a9","result":"0xf415fa4d5bdfac1d31c6429e10d5b0958c499a441e041992f19b40fa365e2eff"}}
[2m2025-12-10T10:13:00.607397Z[0m [34mDEBUG[0m [2mhyper::proto::h1::io[0m[2m:[0m parsed 4 headers
[2m2025-12-10T10:13:00.607408Z[0m [34mDEBUG[0m [2mhyper::proto::h1::conn[0m[2m:[0m incoming body is content-length (45 bytes)
[2m2025-12-10T10:13:00.607400Z[0m [34mDEBUG[0m [2methereum_transaction_pool_monitor::eth_client[0m[2m:[0m 📨 Received pending transaction: 0xf415fa4d5bdfac1d31c6429e10d5b0958c499a441e041992f19b40fa365e2eff
[2m2025-12-10T10:13:00.607417Z[0m [34mDEBUG[0m [2mhyper::proto::h1::conn[0m[2m:[0m incoming body completed
[2m2025-12-10T10:13:00.607421Z[0m [34mDEBUG[0m [2methereum_transaction_pool_monitor::eth_client[0m[2m:[0m 📨 Received WebSocket message: {"jsonrpc":"2.0","method":"eth_subscription","params":{"subscription":"0xbed0a0851463e895960a451075a301a9","result":"0xe4afc30d29f1acd636c98c10cf0bd6b1221ba2c53d15f26dd3f3bcbdf8b16f21"}}
[2m2025-12-10T10:13:00.607427Z[0m [34mDEBUG[0m [2mhyper::client::pool[0m[2m:[0m pooling idle connection for ("http", 192.168.0.14:8545)
[2m2025-12-10T10:13:00.607428Z[0m [34mDEBUG[0m [2methereum_transaction_pool_monitor::eth_client[0m[2m:[0m 📨 Received pending transaction: 0xe4afc30d29f1acd636c98c10cf0bd6b1221ba2c53d15f26dd3f3bcbdf8b16f21
[2m2025-12-10T10:13:00.607446Z[0m [34mDEBUG[0m [2mhyper::client::pool[0m[2m:[0m reuse idle connection for ("http", 192.168.0.14:8545)
[2m2025-12-10T10:13:00.607479Z[0m [34mDEBUG[0m [2mhyper::proto::h1::io[0m[2m:[0m flushed 172 bytes
[2m2025-12-10T10:13:00.617960Z[0m [34mDEBUG[0m [2mhyper::proto::h1::io[0m[2m:[0m parsed 4 headers
[2m2025-12-10T10:13:00.617965Z[0m [34mDEBUG[0m [2mhyper::proto::h1::conn[0m[2m:[0m incoming body is content-length (770 bytes)
[2m2025-12-10T10:13:00.617970Z[0m [34mDEBUG[0m [2mhyper::proto::h1::conn[0m[2m:[0m incoming body completed
[2m2025-12-10T10:13:00.617975Z[0m [34mDEBUG[0m [2mhyper::client::pool[0m[2m:[0m pooling idle connection for ("http", 192.168.0.14:8545)
[2m2025-12-10T10:13:00.617980Z[0m [34mDEBUG[0m [2methereum_transaction_pool_monitor::eth_client[0m[2m:[0m 📡 Transaction fetch RPC completed in 10.659792ms
[2m2025-12-10T10:13:00.688478Z[0m [34mDEBUG[0m [2methereum_transaction_pool_monitor::eth_client[0m[2m:[0m ✅ Transaction 0xc77708cfaf2dcb0f8f07b606841efe9fd96ae8a07b5855444ecbb2fe9a5a3804 fetched and parsed in 81.155417ms
[2m2025-12-10T10:13:00.688500Z[0m [34mDEBUG[0m [2methereum_transaction_pool_monitor::mempool_monitor[0m[2m:[0m 🔍 Skipping tx 0xc77708cfaf2dcb0f8f07b606841efe9fd96ae8a07b5855444ecbb2fe9a5a3804 - not a DEX interaction (target: 0xA0b86991c6218b36c1d19D4a2e9Eb0cE3606eB48)
[2m2025-12-10T10:13:00.688509Z[0m [34mDEBUG[0m [2methereum_transaction_pool_monitor::mempool_monitor[0m[2m:[0m 📨 Processing new pending transaction: 0x301b57ac5a9d5106a40e9dfcc42404e3b7157ab91628dfd0ec21f6474cb8849a
[2m2025-12-10T10:13:00.688515Z[0m [34mDEBUG[0m [2methereum_transaction_pool_monitor::mempool_monitor[0m[2m:[0m 🔍 Fetching transaction details for: 0x301b57ac5a9d5106a40e9dfcc42404e3b7157ab91628dfd0ec21f6474cb8849a
[2m2025-12-10T10:13:00.688520Z[0m [34mDEBUG[0m [2methereum_transaction_pool_monitor::eth_client[0m[2m:[0m 🔍 Fetching transaction details for hash: 0x301b57ac5a9d5106a40e9dfcc42404e3b7157ab91628dfd0ec21f6474cb8849a
[2m2025-12-10T10:13:00.688537Z[0m [34mDEBUG[0m [2mhyper::client::pool[0m[2m:[0m reuse idle connection for ("http", 192.168.0.14:8545)
[2m2025-12-10T10:13:00.688570Z[0m [34mDEBUG[0m [2mhyper::proto::h1::io[0m[2m:[0m flushed 250 bytes
[2m2025-12-10T10:13:00.688592Z[0m [34mDEBUG[0m [2methereum_transaction_pool_monitor::eth_client[0m[2m:[0m 📨 Received WebSocket message: {"jsonrpc":"2.0","method":"eth_subscription","params":{"subscription":"0xbed0a0851463e895960a451075a301a9","result":"0x7e77e8d20023af9a01fdb2e1646e6baee79ee8a7837bb928511dcad9cf00ce32"}}
[2m2025-12-10T10:13:00.688598Z[0m [34mDEBUG[0m [2mhyper::proto::h1::io[0m[2m:[0m parsed 4 headers
[2m2025-12-10T10:13:00.688609Z[0m [34mDEBUG[0m [2mhyper::proto::h1::conn[0m[2m:[0m incoming body is content-length (45 bytes)
[2m2025-12-10T10:13:00.688619Z[0m [34mDEBUG[0m [2mhyper::proto::h1::conn[0m[2m:[0m incoming body completed
[2m2025-12-10T10:13:00.688629Z[0m [34mDEBUG[0m [2mhyper::client::pool[0m[2m:[0m pooling idle connection for ("http", 192.168.0.14:8545)
[2m2025-12-10T10:13:00.688599Z[0m [34mDEBUG[0m [2methereum_transaction_pool_monitor::eth_client[0m[2m:[0m 📨 Received pending transaction: 0x7e77e8d20023af9a01fdb2e1646e6baee79ee8a7837bb928511dcad9cf00ce32
[2m2025-12-10T10:13:00.688671Z[0m [34mDEBUG[0m [2methereum_transaction_pool_monitor::eth_client[0m[2m:[0m 📨 Received WebSocket message: {"jsonrpc":"2.0","method":"eth_subscription","params":{"subscription":"0xbed0a0851463e895960a451075a301a9","result":"0xbc58360411e088812f48006b0f622d139ef35f1febea39d75a0f7cb0a3180054"}}
[2m2025-12-10T10:13:00.688677Z[0m [34mDEBUG[0m [2methereum_transaction_pool_monitor::eth_client[0m[2m:[0m 📨 Received pending transaction: 0xbc58360411e088812f48006b0f622d139ef35f1febea39d75a0f7cb0a3180054
[2m2025-12-10T10:13:00.688681Z[0m [34mDEBUG[0m [2methereum_transaction_pool_monitor::eth_client[0m[2m:[0m 📨 Received WebSocket message: {"jsonrpc":"2.0","method":"eth_subscription","params":{"subscription":"0xbed0a0851463e895960a451075a301a9","result":"0xeca9990c76640f79ad5800d66f319a743519666578421fb1ee28f68acac2c94a"}}
[2m2025-12-10T10:13:00.688685Z[0m [34mDEBUG[0m [2methereum_transaction_pool_monitor::eth_client[0m[2m:[0m 📨 Received pending transaction: 0xeca9990c76640f79ad5800d66f319a743519666578421fb1ee28f68acac2c94a
[2m2025-12-10T10:13:00.697967Z[0m [34mDEBUG[0m [2mhyper::client::pool[0m[2m:[0m reuse idle connection for ("http", 192.168.0.14:8545)
[2m2025-12-10T10:13:00.697992Z[0m [34mDEBUG[0m [2mhyper::proto::h1::io[0m[2m:[0m parsed 4 headers
[2m2025-12-10T10:13:00.698000Z[0m [34mDEBUG[0m [2mhyper::proto::h1::conn[0m[2m:[0m incoming body is content-length (3791 bytes)
[2m2025-12-10T10:13:00.698006Z[0m [34mDEBUG[0m [2mhyper::proto::h1::io[0m[2m:[0m flushed 172 bytes
[2m2025-12-10T10:13:00.698009Z[0m [34mDEBUG[0m [2mhyper::proto::h1::conn[0m[2m:[0m incoming body completed
[2m2025-12-10T10:13:00.698034Z[0m [34mDEBUG[0m [2mhyper::client::pool[0m[2m:[0m pooling idle connection for ("http", 192.168.0.14:8545)
[2m2025-12-10T10:13:00.698040Z[0m [34mDEBUG[0m [2methereum_transaction_pool_monitor::eth_client[0m[2m:[0m 📡 Transaction fetch RPC completed in 9.516458ms
[2m2025-12-10T10:13:00.705705Z[0m [34mDEBUG[0m [2mhyper::proto::h1::io[0m[2m:[0m parsed 4 headers
[2m2025-12-10T10:13:00.705714Z[0m [34mDEBUG[0m [2mhyper::proto::h1::conn[0m[2m:[0m incoming body is content-length (45 bytes)
[2m2025-12-10T10:13:00.705802Z[0m [34mDEBUG[0m [2mhyper::proto::h1::conn[0m[2m:[0m incoming body completed
[2m2025-12-10T10:13:00.705809Z[0m [34mDEBUG[0m [2mhyper::client::pool[0m[2m:[0m pooling idle connection for ("http", 192.168.0.14:8545)
[2m2025-12-10T10:13:00.769422Z[0m [34mDEBUG[0m [2methereum_transaction_pool_monitor::eth_client[0m[2m:[0m ✅ Transaction 0x301b57ac5a9d5106a40e9dfcc42404e3b7157ab91628dfd0ec21f6474cb8849a fetched and parsed in 80.896458ms
[2m2025-12-10T10:13:00.769450Z[0m [34mDEBUG[0m [2methereum_transaction_pool_monitor::mempool_monitor[0m[2m:[0m 🔍 Skipping tx 0x301b57ac5a9d5106a40e9dfcc42404e3b7157ab91628dfd0ec21f6474cb8849a - not a DEX interaction (target: 0x1231DEB6f5749EF6cE6943a275A1D3E7486F4EaE)
[2m2025-12-10T10:13:00.769464Z[0m [34mDEBUG[0m [2methereum_transaction_pool_monitor::mempool_monitor[0m[2m:[0m 📨 Processing new pending transaction: 0x663076d72c72626571fcfbd97cff932abf2d43725a536a3398ce801e5ad4bbb5
[2m2025-12-10T10:13:00.769473Z[0m [34mDEBUG[0m [2methereum_transaction_pool_monitor::mempool_monitor[0m[2m:[0m 🔍 Fetching transaction details for: 0x663076d72c72626571fcfbd97cff932abf2d43725a536a3398ce801e5ad4bbb5
[2m2025-12-10T10:13:00.769479Z[0m [34mDEBUG[0m [2methereum_transaction_pool_monitor::eth_client[0m[2m:[0m 🔍 Fetching transaction details for hash: 0x663076d72c72626571fcfbd97cff932abf2d43725a536a3398ce801e5ad4bbb5
[2m2025-12-10T10:13:00.769495Z[0m [34mDEBUG[0m [2mhyper::client::pool[0m[2m:[0m reuse idle connection for ("http", 192.168.0.14:8545)
[2m2025-12-10T10:13:00.769530Z[0m [34mDEBUG[0m [2mhyper::proto::h1::io[0m[2m:[0m flushed 250 bytes
[2m2025-12-10T10:13:00.773566Z[0m [34mDEBUG[0m [2mhyper::proto::h1::io[0m[2m:[0m parsed 4 headers
[2m2025-12-10T10:13:00.773574Z[0m [34mDEBUG[0m [2mhyper::proto::h1::conn[0m[2m:[0m incoming body is content-length (640 bytes)
[2m2025-12-10T10:13:00.773581Z[0m [34mDEBUG[0m [2mhyper::proto::h1::conn[0m[2m:[0m incoming body completed
[2m2025-12-10T10:13:00.773590Z[0m [34mDEBUG[0m [2mhyper::client::pool[0m[2m:[0m pooling idle connection for ("http", 192.168.0.14:8545)
[2m2025-12-10T10:13:00.773597Z[0m [34mDEBUG[0m [2methereum_transaction_pool_monitor::eth_client[0m[2m:[0m 📡 Transaction fetch RPC completed in 4.112625ms
[2m2025-12-10T10:13:00.844839Z[0m [34mDEBUG[0m [2methereum_transaction_pool_monitor::eth_client[0m[2m:[0m ✅ Transaction 0x663076d72c72626571fcfbd97cff932abf2d43725a536a3398ce801e5ad4bbb5 fetched and parsed in 75.352292ms
[2m2025-12-10T10:13:00.844865Z[0m [34mDEBUG[0m [2methereum_transaction_pool_monitor::mempool_monitor[0m[2m:[0m 🔍 Skipping tx 0x663076d72c72626571fcfbd97cff932abf2d43725a536a3398ce801e5ad4bbb5 - not a DEX interaction (target: 0xB70F98e53BEE56A2E18A15bcd826579f495076F0)
[2m2025-12-10T10:13:00.844876Z[0m [34mDEBUG[0m [2methereum_transaction_pool_monitor::mempool_monitor[0m[2m:[0m 📨 Processing new pending transaction: 0x35d1991e3ea1d03c1f066422df3c8f6f4abff721ae4346a1e6becb64afe14178
[2m2025-12-10T10:13:00.844881Z[0m [34mDEBUG[0m [2methereum_transaction_pool_monitor::mempool_monitor[0m[2m:[0m 🔍 Fetching transaction details for: 0x35d1991e3ea1d03c1f066422df3c8f6f4abff721ae4346a1e6becb64afe14178
[2m2025-12-10T10:13:00.844885Z[0m [34mDEBUG[0m [2methereum_transaction_pool_monitor::eth_client[0m[2m:[0m 🔍 Fetching transaction details for hash: 0x35d1991e3ea1d03c1f066422df3c8f6f4abff721ae4346a1e6becb64afe14178
[2m2025-12-10T10:13:00.844902Z[0m [34mDEBUG[0m [2mhyper::client::pool[0m[2m:[0m reuse idle connection for ("http", 192.168.0.14:8545)
[2m2025-12-10T10:13:00.844933Z[0m [34mDEBUG[0m [2mhyper::proto::h1::io[0m[2m:[0m flushed 250 bytes
[2m2025-12-10T10:13:00.844952Z[0m [34mDEBUG[0m [2mhyper::client::pool[0m[2m:[0m reuse idle connection for ("http", 192.168.0.14:8545)
[2m2025-12-10T10:13:00.844964Z[0m [34mDEBUG[0m [2mhyper::proto::h1::io[0m[2m:[0m flushed 172 bytes
[2m2025-12-10T10:13:00.844965Z[0m [34mDEBUG[0m [2methereum_transaction_pool_monitor::eth_client[0m[2m:[0m 📨 Received WebSocket message: {"jsonrpc":"2.0","method":"eth_subscription","params":{"subscription":"0xbed0a0851463e895960a451075a301a9","result":"0xeef5fce09eb3d510e43c191db0b4ff590175fe81003ac191535c371f0c51a92d"}}
[2m2025-12-10T10:13:00.844981Z[0m [34mDEBUG[0m [2methereum_transaction_pool_monitor::eth_client[0m[2m:[0m 📨 Received pending transaction: 0xeef5fce09eb3d510e43c191db0b4ff590175fe81003ac191535c371f0c51a92d
[2m2025-12-10T10:13:00.845691Z[0m [34mDEBUG[0m [2methereum_transaction_pool_monitor::eth_client[0m[2m:[0m 📨 Received WebSocket message: {"jsonrpc":"2.0","method":"eth_subscription","params":{"subscription":"0xbed0a0851463e895960a451075a301a9","result":"0x853cc3821f748f91c638b1d4c4fcb37cbdadcb22f3f2e5fe6c4ee28ad8373190"}}
[2m2025-12-10T10:13:00.845697Z[0m [34mDEBUG[0m [2methereum_transaction_pool_monitor::eth_client[0m[2m:[0m 📨 Received pending transaction: 0x853cc3821f748f91c638b1d4c4fcb37cbdadcb22f3f2e5fe6c4ee28ad8373190
[2m2025-12-10T10:13:00.852878Z[0m [34mDEBUG[0m [2methereum_transaction_pool_monitor::eth_client[0m[2m:[0m 📨 Received WebSocket message: {"jsonrpc":"2.0","method":"eth_subscription","params":{"subscription":"0xbed0a0851463e895960a451075a301a9","result":"0x90192c13af666ea78643f4e668dc3302de7c41dcb95180c7eecdfb2cf365f170"}}
[2m2025-12-10T10:13:00.852885Z[0m [34mDEBUG[0m [2methereum_transaction_pool_monitor::eth_client[0m[2m:[0m 📨 Received pending transaction: 0x90192c13af666ea78643f4e668dc3302de7c41dcb95180c7eecdfb2cf365f170
[2m2025-12-10T10:13:00.852906Z[0m [34mDEBUG[0m [2mhyper::proto::h1::io[0m[2m:[0m parsed 4 headers
[2m2025-12-10T10:13:00.852912Z[0m [34mDEBUG[0m [2mhyper::proto::h1::conn[0m[2m:[0m incoming body is content-length (1402 bytes)
[2m2025-12-10T10:13:00.852921Z[0m [34mDEBUG[0m [2mhyper::proto::h1::conn[0m[2m:[0m incoming body completed
[2m2025-12-10T10:13:00.852930Z[0m [34mDEBUG[0m [2mhyper::client::pool[0m[2m:[0m pooling idle connection for ("http", 192.168.0.14:8545)
[2m2025-12-10T10:13:00.852937Z[0m [34mDEBUG[0m [2methereum_transaction_pool_monitor::eth_client[0m[2m:[0m 📡 Transaction fetch RPC completed in 8.047625ms
[2m2025-12-10T10:13:00.924229Z[0m [34mDEBUG[0m [2methereum_transaction_pool_monitor::eth_client[0m[2m:[0m ✅ Transaction 0x35d1991e3ea1d03c1f066422df3c8f6f4abff721ae4346a1e6becb64afe14178 fetched and parsed in 79.337917ms
[2m2025-12-10T10:13:00.924254Z[0m [34mDEBUG[0m [2methereum_transaction_pool_monitor::mempool_monitor[0m[2m:[0m 🔍 Skipping tx 0x35d1991e3ea1d03c1f066422df3c8f6f4abff721ae4346a1e6becb64afe14178 - not a DEX interaction (target: 0x4C57b3b819A7ea9F06608b65BBF835d5A1C9F5CE)
[2m2025-12-10T10:13:00.924265Z[0m [34mDEBUG[0m [2methereum_transaction_pool_monitor::mempool_monitor[0m[2m:[0m 📨 Processing new pending transaction: 0x48ae32e23c2f9539eb247d23fb22c2799d7fb91b6744d8d2052df62d6da65694
[2m2025-12-10T10:13:00.924271Z[0m [34mDEBUG[0m [2methereum_transaction_pool_monitor::mempool_monitor[0m[2m:[0m 🔍 Fetching transaction details for: 0x48ae32e23c2f9539eb247d23fb22c2799d7fb91b6744d8d2052df62d6da65694
[2m2025-12-10T10:13:00.924275Z[0m [34mDEBUG[0m [2methereum_transaction_pool_monitor::eth_client[0m[2m:[0m 🔍 Fetching transaction details for hash: 0x48ae32e23c2f9539eb247d23fb22c2799d7fb91b6744d8d2052df62d6da65694
[2m2025-12-10T10:13:00.924291Z[0m [34mDEBUG[0m [2mhyper::client::pool[0m[2m:[0m reuse idle connection for ("http", 192.168.0.14:8545)
[2m2025-12-10T10:13:00.924330Z[0m [34mDEBUG[0m [2mhyper::proto::h1::io[0m[2m:[0m flushed 250 bytes
[2m2025-12-10T10:13:00.924351Z[0m [34mDEBUG[0m [2methereum_transaction_pool_monitor::eth_client[0m[2m:[0m 📨 Received WebSocket message: {"jsonrpc":"2.0","method":"eth_subscription","params":{"subscription":"0xbed0a0851463e895960a451075a301a9","result":"0x1cede9e50609e1795e98254c7135d9306e6ce52077ddd540d65131c85d07185d"}}
[2m2025-12-10T10:13:00.924357Z[0m [34mDEBUG[0m [2mhyper::proto::h1::io[0m[2m:[0m parsed 4 headers
[2m2025-12-10T10:13:00.924366Z[0m [34mDEBUG[0m [2mhyper::proto::h1::conn[0m[2m:[0m incoming body is content-length (45 bytes)
[2m2025-12-10T10:13:00.924358Z[0m [34mDEBUG[0m [2methereum_transaction_pool_monitor::eth_client[0m[2m:[0m 📨 Received pending transaction: 0x1cede9e50609e1795e98254c7135d9306e6ce52077ddd540d65131c85d07185d
[2m2025-12-10T10:13:00.924374Z[0m [34mDEBUG[0m [2mhyper::proto::h1::conn[0m[2m:[0m incoming body completed
[2m2025-12-10T10:13:00.924378Z[0m [34mDEBUG[0m [2methereum_transaction_pool_monitor::eth_client[0m[2m:[0m 📨 Received WebSocket message: {"jsonrpc":"2.0","method":"eth_subscription","params":{"subscription":"0xbed0a0851463e895960a451075a301a9","result":"0xf9d9cae98daeba5907a84bc30466bd1553ae44228ae5ce090bb49f51ae840a31"}}
[2m2025-12-10T10:13:00.924384Z[0m [34mDEBUG[0m [2mhyper::client::pool[0m[2m:[0m pooling idle connection for ("http", 192.168.0.14:8545)
[2m2025-12-10T10:13:00.924385Z[0m [34mDEBUG[0m [2methereum_transaction_pool_monitor::eth_client[0m[2m:[0m 📨 Received pending transaction: 0xf9d9cae98daeba5907a84bc30466bd1553ae44228ae5ce090bb49f51ae840a31
[2m2025-12-10T10:13:00.924399Z[0m [34mDEBUG[0m [2mhyper::client::pool[0m[2m:[0m reuse idle connection for ("http", 192.168.0.14:8545)
[2m2025-12-10T10:13:00.924439Z[0m [34mDEBUG[0m [2mhyper::proto::h1::io[0m[2m:[0m flushed 172 bytes
[2m2025-12-10T10:13:00.928356Z[0m [34mDEBUG[0m [2mhyper::proto::h1::io[0m[2m:[0m parsed 4 headers
[2m2025-12-10T10:13:00.928378Z[0m [34mDEBUG[0m [2mhyper::proto::h1::conn[0m[2m:[0m incoming body is content-length (45 bytes)
[2m2025-12-10T10:13:00.928404Z[0m [34mDEBUG[0m [2mhyper::proto::h1::conn[0m[2m:[0m incoming body completed
[2m2025-12-10T10:13:00.928414Z[0m [34mDEBUG[0m [2mhyper::client::pool[0m[2m:[0m pooling idle connection for ("http", 192.168.0.14:8545)
[2m2025-12-10T10:13:00.935625Z[0m [34mDEBUG[0m [2mhyper::proto::h1::io[0m[2m:[0m parsed 4 headers
[2m2025-12-10T10:13:00.935644Z[0m [34mDEBUG[0m [2mhyper::proto::h1::conn[0m[2m:[0m incoming body is content-length (707 bytes)
[2m2025-12-10T10:13:00.935660Z[0m [34mDEBUG[0m [2mhyper::proto::h1::conn[0m[2m:[0m incoming body completed
[2m2025-12-10T10:13:00.935678Z[0m [34mDEBUG[0m [2mhyper::client::pool[0m[2m:[0m pooling idle connection for ("http", 192.168.0.14:8545)
[2m2025-12-10T10:13:00.935687Z[0m [34mDEBUG[0m [2methereum_transaction_pool_monitor::eth_client[0m[2m:[0m 📡 Transaction fetch RPC completed in 11.407917ms
[2m2025-12-10T10:13:00.935713Z[0m [34mDEBUG[0m [2methereum_transaction_pool_monitor::eth_client[0m[2m:[0m DeFi transaction detected - Address: 0xc02aaa39b223fe8d0a0e5c4f27ead9083c756cc2, Type: TokenContract, Value: 0 ETH, Gas: 2.00 Gwei
[2m2025-12-10T10:13:00.935723Z[0m [34mDEBUG[0m [2methereum_transaction_pool_monitor::eth_client[0m[2m:[0m ✅ Transaction 0x48ae32e23c2f9539eb247d23fb22c2799d7fb91b6744d8d2052df62d6da65694 fetched and parsed in 11.444209ms
[2m2025-12-10T10:13:00.935728Z[0m [34mDEBUG[0m [2methereum_transaction_pool_monitor::mempool_monitor[0m[2m:[0m 🔍 Skipping tx 0x48ae32e23c2f9539eb247d23fb22c2799d7fb91b6744d8d2052df62d6da65694 - not a DEX interaction (target: 0xC02aaA39b223FE8D0A0e5C4F27eAD9083C756Cc2)
[2m2025-12-10T10:13:00.935733Z[0m [34mDEBUG[0m [2methereum_transaction_pool_monitor::mempool_monitor[0m[2m:[0m 📨 Processing new pending transaction: 0x4e7b286a30acd649cfc0968647628d28cceab00d3715b702d051b6ae1e722401
[2m2025-12-10T10:13:00.935737Z[0m [34mDEBUG[0m [2methereum_transaction_pool_monitor::mempool_monitor[0m[2m:[0m 🔍 Fetching transaction details for: 0x4e7b286a30acd649cfc0968647628d28cceab00d3715b702d051b6ae1e722401
[2m2025-12-10T10:13:00.935740Z[0m [34mDEBUG[0m [2methereum_transaction_pool_monitor::eth_client[0m[2m:[0m 🔍 Fetching transaction details for hash: 0x4e7b286a30acd649cfc0968647628d28cceab00d3715b702d051b6ae1e722401
[2m2025-12-10T10:13:00.935747Z[0m [34mDEBUG[0m [2mhyper::client::pool[0m[2m:[0m reuse idle connection for ("http", 192.168.0.14:8545)
[2m2025-12-10T10:13:00.935761Z[0m [34mDEBUG[0m [2mhyper::proto::h1::io[0m[2m:[0m flushed 250 bytes
[2m2025-12-10T10:13:00.942266Z[0m [34mDEBUG[0m [2mhyper::proto::h1::io[0m[2m:[0m parsed 4 headers
[2m2025-12-10T10:13:00.942271Z[0m [34mDEBUG[0m [2mhyper::proto::h1::conn[0m[2m:[0m incoming body is content-length (707 bytes)
[2m2025-12-10T10:13:00.942275Z[0m [34mDEBUG[0m [2mhyper::proto::h1::conn[0m[2m:[0m incoming body completed
[2m2025-12-10T10:13:00.942279Z[0m [34mDEBUG[0m [2mhyper::client::pool[0m[2m:[0m pooling idle connection for ("http", 192.168.0.14:8545)
[2m2025-12-10T10:13:00.942283Z[0m [34mDEBUG[0m [2methereum_transaction_pool_monitor::eth_client[0m[2m:[0m 📡 Transaction fetch RPC completed in 6.539333ms
[2m2025-12-10T10:13:00.942290Z[0m [34mDEBUG[0m [2methereum_transaction_pool_monitor::eth_client[0m[2m:[0m DeFi transaction detected - Address: 0xc02aaa39b223fe8d0a0e5c4f27ead9083c756cc2, Type: TokenContract, Value: 0 ETH, Gas: 2.00 Gwei
[2m2025-12-10T10:13:00.942297Z[0m [34mDEBUG[0m [2methereum_transaction_pool_monitor::eth_client[0m[2m:[0m ✅ Transaction 0x4e7b286a30acd649cfc0968647628d28cceab00d3715b702d051b6ae1e722401 fetched and parsed in 6.554ms
[2m2025-12-10T10:13:00.942301Z[0m [34mDEBUG[0m [2methereum_transaction_pool_monitor::mempool_monitor[0m[2m:[0m 🔍 Skipping tx 0x4e7b286a30acd649cfc0968647628d28cceab00d3715b702d051b6ae1e722401 - not a DEX interaction (target: 0xC02aaA39b223FE8D0A0e5C4F27eAD9083C756Cc2)
[2m2025-12-10T10:13:00.942306Z[0m [34mDEBUG[0m [2methereum_transaction_pool_monitor::mempool_monitor[0m[2m:[0m 📨 Processing new pending transaction: 0x3db035b0464c2cd7ad5ef34de751766d60994a054176c9031d3eeaa5f2819fd5
[2m2025-12-10T10:13:00.942309Z[0m [34mDEBUG[0m [2methereum_transaction_pool_monitor::mempool_monitor[0m[2m:[0m 🔍 Fetching transaction details for: 0x3db035b0464c2cd7ad5ef34de751766d60994a054176c9031d3eeaa5f2819fd5
[2m2025-12-10T10:13:00.942312Z[0m [34mDEBUG[0m [2methereum_transaction_pool_monitor::eth_client[0m[2m:[0m 🔍 Fetching transaction details for hash: 0x3db035b0464c2cd7ad5ef34de751766d60994a054176c9031d3eeaa5f2819fd5
[2m2025-12-10T10:13:00.942318Z[0m [34mDEBUG[0m [2mhyper::client::pool[0m[2m:[0m reuse idle connection for ("http", 192.168.0.14:8545)
[2m2025-12-10T10:13:00.942330Z[0m [34mDEBUG[0m [2mhyper::proto::h1::io[0m[2m:[0m flushed 250 bytes
[2m2025-12-10T10:13:00.950393Z[0m [34mDEBUG[0m [2mhyper::proto::h1::io[0m[2m:[0m parsed 4 headers
[2m2025-12-10T10:13:00.950397Z[0m [34mDEBUG[0m [2mhyper::proto::h1::conn[0m[2m:[0m incoming body is content-length (779 bytes)
[2m2025-12-10T10:13:00.950401Z[0m [34mDEBUG[0m [2mhyper::proto::h1::conn[0m[2m:[0m incoming body completed
[2m2025-12-10T10:13:00.950405Z[0m [34mDEBUG[0m [2mhyper::client::pool[0m[2m:[0m pooling idle connection for ("http", 192.168.0.14:8545)
[2m2025-12-10T10:13:00.950409Z[0m [34mDEBUG[0m [2methereum_transaction_pool_monitor::eth_client[0m[2m:[0m 📡 Transaction fetch RPC completed in 8.093667ms
[2m2025-12-10T10:13:00.950418Z[0m [34mDEBUG[0m [2methereum_transaction_pool_monitor::eth_client[0m[2m:[0m DeFi transaction detected - Address: 0xdac17f958d2ee523a2206206994597c13d831ec7, Type: Stablecoin, Value: 0 ETH, Gas: 200.00 Gwei
[2m2025-12-10T10:13:00.950426Z[0m [34mDEBUG[0m [2methereum_transaction_pool_monitor::eth_client[0m[2m:[0m ✅ Transaction 0x3db035b0464c2cd7ad5ef34de751766d60994a054176c9031d3eeaa5f2819fd5 fetched and parsed in 8.110458ms
[2m2025-12-10T10:13:00.950433Z[0m [34mDEBUG[0m [2methereum_transaction_pool_monitor::mempool_monitor[0m[2m:[0m 🔍 Skipping tx 0x3db035b0464c2cd7ad5ef34de751766d60994a054176c9031d3eeaa5f2819fd5 - not a DEX interaction (target: 0xdAC17F958D2ee523a2206206994597C13D831ec7)
[2m2025-12-10T10:13:00.950438Z[0m [34mDEBUG[0m [2methereum_transaction_pool_monitor::mempool_monitor[0m[2m:[0m 📨 Processing new pending transaction: 0xeb155c38005ff60927a33b47c9b4ad60deb1c1d46d8528888fbca8ee16f30f48
[2m2025-12-10T10:13:00.950682Z[0m [34mDEBUG[0m [2methereum_transaction_pool_monitor::mempool_monitor[0m[2m:[0m 🔍 Fetching transaction details for: 0xeb155c38005ff60927a33b47c9b4ad60deb1c1d46d8528888fbca8ee16f30f48
[2m2025-12-10T10:13:00.950686Z[0m [34mDEBUG[0m [2methereum_transaction_pool_monitor::eth_client[0m[2m:[0m 🔍 Fetching transaction details for hash: 0xeb155c38005ff60927a33b47c9b4ad60deb1c1d46d8528888fbca8ee16f30f48
[2m2025-12-10T10:13:00.950692Z[0m [34mDEBUG[0m [2mhyper::client::pool[0m[2m:[0m reuse idle connection for ("http", 192.168.0.14:8545)
[2m2025-12-10T10:13:00.950703Z[0m [34mDEBUG[0m [2mhyper::proto::h1::io[0m[2m:[0m flushed 250 bytes
[2m2025-12-10T10:13:00.955049Z[0m [34mDEBUG[0m [2methereum_transaction_pool_monitor::eth_client[0m[2m:[0m 📨 Received WebSocket message: {"jsonrpc":"2.0","method":"eth_subscription","params":{"subscription":"0xbed0a0851463e895960a451075a301a9","result":"0x1d053a504c7fb476eee273d71fa8cfc1d1242ae7c00f840e92ad8563794202d3"}}
[2m2025-12-10T10:13:00.955075Z[0m [34mDEBUG[0m [2methereum_transaction_pool_monitor::eth_client[0m[2m:[0m 📨 Received pending transaction: 0x1d053a504c7fb476eee273d71fa8cfc1d1242ae7c00f840e92ad8563794202d3
[2m2025-12-10T10:13:00.968700Z[0m [34mDEBUG[0m [2mhyper::proto::h1::io[0m[2m:[0m parsed 4 headers
[2m2025-12-10T10:13:00.968714Z[0m [34mDEBUG[0m [2mhyper::proto::h1::conn[0m[2m:[0m incoming body is content-length (654 bytes)
[2m2025-12-10T10:13:00.968721Z[0m [34mDEBUG[0m [2mhyper::proto::h1::conn[0m[2m:[0m incoming body completed
[2m2025-12-10T10:13:00.968730Z[0m [34mDEBUG[0m [2mhyper::client::pool[0m[2m:[0m pooling idle connection for ("http", 192.168.0.14:8545)
[2m2025-12-10T10:13:00.968737Z[0m [34mDEBUG[0m [2methereum_transaction_pool_monitor::eth_client[0m[2m:[0m 📡 Transaction fetch RPC completed in 18.04675ms
[2m2025-12-10T10:13:01.040429Z[0m [34mDEBUG[0m [2methereum_transaction_pool_monitor::eth_client[0m[2m:[0m ✅ Transaction 0xeb155c38005ff60927a33b47c9b4ad60deb1c1d46d8528888fbca8ee16f30f48 fetched and parsed in 89.736709ms
[2m2025-12-10T10:13:01.040456Z[0m [34mDEBUG[0m [2methereum_transaction_pool_monitor::mempool_monitor[0m[2m:[0m 🔍 Skipping tx 0xeb155c38005ff60927a33b47c9b4ad60deb1c1d46d8528888fbca8ee16f30f48 - not a DEX interaction (target: 0xF9AC22691cBA42D90747fd9D7377b712d0D58062)
[2m2025-12-10T10:13:01.040466Z[0m [34mDEBUG[0m [2methereum_transaction_pool_monitor::mempool_monitor[0m[2m:[0m 📨 Processing new pending transaction: 0xf415fa4d5bdfac1d31c6429e10d5b0958c499a441e041992f19b40fa365e2eff
[2m2025-12-10T10:13:01.040476Z[0m [34mDEBUG[0m [2methereum_transaction_pool_monitor::mempool_monitor[0m[2m:[0m 🔍 Fetching transaction details for: 0xf415fa4d5bdfac1d31c6429e10d5b0958c499a441e041992f19b40fa365e2eff
[2m2025-12-10T10:13:01.040483Z[0m [34mDEBUG[0m [2methereum_transaction_pool_monitor::eth_client[0m[2m:[0m 🔍 Fetching transaction details for hash: 0xf415fa4d5bdfac1d31c6429e10d5b0958c499a441e041992f19b40fa365e2eff
[2m2025-12-10T10:13:01.040501Z[0m [34mDEBUG[0m [2mhyper::client::pool[0m[2m:[0m reuse idle connection for ("http", 192.168.0.14:8545)
[2m2025-12-10T10:13:01.040537Z[0m [34mDEBUG[0m [2mhyper::proto::h1::io[0m[2m:[0m flushed 250 bytes
[2m2025-12-10T10:13:01.040557Z[0m [34mDEBUG[0m [2mhyper::client::pool[0m[2m:[0m reuse idle connection for ("http", 192.168.0.14:8545)
[2m2025-12-10T10:13:01.040571Z[0m [34mDEBUG[0m [2methereum_transaction_pool_monitor::eth_client[0m[2m:[0m 📨 Received WebSocket message: {"jsonrpc":"2.0","method":"eth_subscription","params":{"subscription":"0xbed0a0851463e895960a451075a301a9","result":"0x293585b4b5386d7c33b7da67ba8d1744b3ba33adcefd028327b3079c78457c94"}}
[2m2025-12-10T10:13:01.040572Z[0m [34mDEBUG[0m [2mhyper::proto::h1::io[0m[2m:[0m flushed 172 bytes
[2m2025-12-10T10:13:01.040585Z[0m [34mDEBUG[0m [2methereum_transaction_pool_monitor::eth_client[0m[2m:[0m 📨 Received pending transaction: 0x293585b4b5386d7c33b7da67ba8d1744b3ba33adcefd028327b3079c78457c94
[2m2025-12-10T10:13:01.040594Z[0m [34mDEBUG[0m [2methereum_transaction_pool_monitor::eth_client[0m[2m:[0m 📨 Received WebSocket message: {"jsonrpc":"2.0","method":"eth_subscription","params":{"subscription":"0xbed0a0851463e895960a451075a301a9","result":"0x5820813a7d9504a89067aae6fa08abaf1f060aa2e6374b3b4fb4cc719dc90b5b"}}
[2m2025-12-10T10:13:01.040602Z[0m [34mDEBUG[0m [2methereum_transaction_pool_monitor::eth_client[0m[2m:[0m 📨 Received pending transaction: 0x5820813a7d9504a89067aae6fa08abaf1f060aa2e6374b3b4fb4cc719dc90b5b
[2m2025-12-10T10:13:01.048908Z[0m [34mDEBUG[0m [2mhyper::proto::h1::io[0m[2m:[0m parsed 4 headers
[2m2025-12-10T10:13:01.048921Z[0m [34mDEBUG[0m [2mhyper::proto::h1::conn[0m[2m:[0m incoming body is content-length (768 bytes)
[2m2025-12-10T10:13:01.048931Z[0m [34mDEBUG[0m [2mhyper::proto::h1::conn[0m[2m:[0m incoming body completed
[2m2025-12-10T10:13:01.048943Z[0m [34mDEBUG[0m [2mhyper::client::pool[0m[2m:[0m pooling idle connection for ("http", 192.168.0.14:8545)
[2m2025-12-10T10:13:01.048951Z[0m [34mDEBUG[0m [2methereum_transaction_pool_monitor::eth_client[0m[2m:[0m 📡 Transaction fetch RPC completed in 8.462083ms
[2m2025-12-10T10:13:01.048967Z[0m [34mDEBUG[0m [2methereum_transaction_pool_monitor::eth_client[0m[2m:[0m DeFi transaction detected - Address: 0xdac17f958d2ee523a2206206994597c13d831ec7, Type: Stablecoin, Value: 0 ETH, Gas: 0.21 Gwei
[2m2025-12-10T10:13:01.048980Z[0m [34mDEBUG[0m [2methereum_transaction_pool_monitor::eth_client[0m[2m:[0m ✅ Transaction 0xf415fa4d5bdfac1d31c6429e10d5b0958c499a441e041992f19b40fa365e2eff fetched and parsed in 8.491083ms
[2m2025-12-10T10:13:01.048986Z[0m [34mDEBUG[0m [2methereum_transaction_pool_monitor::mempool_monitor[0m[2m:[0m 🔍 Skipping tx 0xf415fa4d5bdfac1d31c6429e10d5b0958c499a441e041992f19b40fa365e2eff - not a DEX interaction (target: 0xdAC17F958D2ee523a2206206994597C13D831ec7)
[2m2025-12-10T10:13:01.048994Z[0m [34mDEBUG[0m [2methereum_transaction_pool_monitor::mempool_monitor[0m[2m:[0m 📨 Processing new pending transaction: 0xe4afc30d29f1acd636c98c10cf0bd6b1221ba2c53d15f26dd3f3bcbdf8b16f21
[2m2025-12-10T10:13:01.048999Z[0m [34mDEBUG[0m [2methereum_transaction_pool_monitor::mempool_monitor[0m[2m:[0m 🔍 Fetching transaction details for: 0xe4afc30d29f1acd636c98c10cf0bd6b1221ba2c53d15f26dd3f3bcbdf8b16f21
[2m2025-12-10T10:13:01.049003Z[0m [34mDEBUG[0m [2methereum_transaction_pool_monitor::eth_client[0m[2m:[0m 🔍 Fetching transaction details for hash: 0xe4afc30d29f1acd636c98c10cf0bd6b1221ba2c53d15f26dd3f3bcbdf8b16f21
[2m2025-12-10T10:13:01.049016Z[0m [34mDEBUG[0m [2mhyper::client::pool[0m[2m:[0m reuse idle connection for ("http", 192.168.0.14:8545)
[2m2025-12-10T10:13:01.049031Z[0m [34mDEBUG[0m [2mhyper::proto::h1::io[0m[2m:[0m flushed 250 bytes
[2m2025-12-10T10:13:01.049040Z[0m [34mDEBUG[0m [2mhyper::proto::h1::io[0m[2m:[0m parsed 4 headers
[2m2025-12-10T10:13:01.049043Z[0m [34mDEBUG[0m [2mhyper::proto::h1::conn[0m[2m:[0m incoming body is content-length (45 bytes)
[2m2025-12-10T10:13:01.049047Z[0m [34mDEBUG[0m [2mhyper::proto::h1::conn[0m[2m:[0m incoming body completed
[2m2025-12-10T10:13:01.049052Z[0m [34mDEBUG[0m [2mhyper::client::pool[0m[2m:[0m pooling idle connection for ("http", 192.168.0.14:8545)
[2m2025-12-10T10:13:01.061943Z[0m [34mDEBUG[0m [2methereum_transaction_pool_monitor::eth_client[0m[2m:[0m 📨 Received WebSocket message: {"jsonrpc":"2.0","method":"eth_subscription","params":{"subscription":"0xbed0a0851463e895960a451075a301a9","result":"0xafefb4e6634e445139c911fce9adc999cb7b20e97ba05c0fbb19de4f85d216a9"}}
[2m2025-12-10T10:13:01.061963Z[0m [34mDEBUG[0m [2methereum_transaction_pool_monitor::eth_client[0m[2m:[0m 📨 Received pending transaction: 0xafefb4e6634e445139c911fce9adc999cb7b20e97ba05c0fbb19de4f85d216a9
[2m2025-12-10T10:13:01.064035Z[0m [34mDEBUG[0m [2mhyper::proto::h1::io[0m[2m:[0m parsed 4 headers
[2m2025-12-10T10:13:01.064045Z[0m [34mDEBUG[0m [2mhyper::proto::h1::conn[0m[2m:[0m incoming body is content-length (4224 bytes)
[2m2025-12-10T10:13:01.064052Z[0m [34mDEBUG[0m [2mhyper::proto::h1::conn[0m[2m:[0m incoming body completed
[2m2025-12-10T10:13:01.064064Z[0m [34mDEBUG[0m [2mhyper::client::pool[0m[2m:[0m pooling idle connection for ("http", 192.168.0.14:8545)
[2m2025-12-10T10:13:01.064073Z[0m [34mDEBUG[0m [2methereum_transaction_pool_monitor::eth_client[0m[2m:[0m 📡 Transaction fetch RPC completed in 15.065917ms
[2m2025-12-10T10:13:01.136072Z[0m [34mDEBUG[0m [2methereum_transaction_pool_monitor::eth_client[0m[2m:[0m ✅ Transaction 0xe4afc30d29f1acd636c98c10cf0bd6b1221ba2c53d15f26dd3f3bcbdf8b16f21 fetched and parsed in 87.062917ms
[2m2025-12-10T10:13:01.136099Z[0m [34mDEBUG[0m [2methereum_transaction_pool_monitor::mempool_monitor[0m[2m:[0m 🔍 Skipping tx 0xe4afc30d29f1acd636c98c10cf0bd6b1221ba2c53d15f26dd3f3bcbdf8b16f21 - not a DEX interaction (target: 0xC38e4e6A15593f908255214653d3D947CA1c2338)
[2m2025-12-10T10:13:01.136109Z[0m [34mDEBUG[0m [2methereum_transaction_pool_monitor::mempool_monitor[0m[2m:[0m 📨 Processing new pending transaction: 0x7e77e8d20023af9a01fdb2e1646e6baee79ee8a7837bb928511dcad9cf00ce32
[2m2025-12-10T10:13:01.136115Z[0m [34mDEBUG[0m [2methereum_transaction_pool_monitor::mempool_monitor[0m[2m:[0m 🔍 Fetching transaction details for: 0x7e77e8d20023af9a01fdb2e1646e6baee79ee8a7837bb928511dcad9cf00ce32
[2m2025-12-10T10:13:01.136119Z[0m [34mDEBUG[0m [2methereum_transaction_pool_monitor::eth_client[0m[2m:[0m 🔍 Fetching transaction details for hash: 0x7e77e8d20023af9a01fdb2e1646e6baee79ee8a7837bb928511dcad9cf00ce32
[2m2025-12-10T10:13:01.136136Z[0m [34mDEBUG[0m [2mhyper::client::pool[0m[2m:[0m reuse idle connection for ("http", 192.168.0.14:8545)
[2m2025-12-10T10:13:01.136172Z[0m [34mDEBUG[0m [2mhyper::proto::h1::io[0m[2m:[0m flushed 250 bytes
[2m2025-12-10T10:13:01.136191Z[0m [34mDEBUG[0m [2mhyper::client::pool[0m[2m:[0m reuse idle connection for ("http", 192.168.0.14:8545)
[2m2025-12-10T10:13:01.136204Z[0m [34mDEBUG[0m [2mhyper::proto::h1::io[0m[2m:[0m flushed 172 bytes
[2m2025-12-10T10:13:01.136241Z[0m [34mDEBUG[0m [2methereum_transaction_pool_monitor::eth_client[0m[2m:[0m 📨 Received WebSocket message: {"jsonrpc":"2.0","method":"eth_subscription","params":{"subscription":"0xbed0a0851463e895960a451075a301a9","result":"0x25f7fee4d11017798b4b804c6d2c5a14b5621bd15765f89b4e36bcd9fb5f9544"}}
[2m2025-12-10T10:13:01.136249Z[0m [34mDEBUG[0m [2methereum_transaction_pool_monitor::eth_client[0m[2m:[0m 📨 Received pending transaction: 0x25f7fee4d11017798b4b804c6d2c5a14b5621bd15765f89b4e36bcd9fb5f9544
[2m2025-12-10T10:13:01.136254Z[0m [34mDEBUG[0m [2methereum_transaction_pool_monitor::eth_client[0m[2m:[0m 📨 Received WebSocket message: {"jsonrpc":"2.0","method":"eth_subscription","params":{"subscription":"0xbed0a0851463e895960a451075a301a9","result":"0x625c86ef80978ca6b05d7ad6f3a9c0c545a2f918c7337353d054a46d48af7c56"}}
[2m2025-12-10T10:13:01.136258Z[0m [34mDEBUG[0m [2methereum_transaction_pool_monitor::eth_client[0m[2m:[0m 📨 Received pending transaction: 0x625c86ef80978ca6b05d7ad6f3a9c0c545a2f918c7337353d054a46d48af7c56
[2m2025-12-10T10:13:01.136262Z[0m [34mDEBUG[0m [2methereum_transaction_pool_monitor::eth_client[0m[2m:[0m 📨 Received WebSocket message: {"jsonrpc":"2.0","method":"eth_subscription","params":{"subscription":"0xbed0a0851463e895960a451075a301a9","result":"0x9516715d84f95aeb7f9c1a5ba756a03205ea5e48822a84598cbc9cd68c9475f6"}}
[2m2025-12-10T10:13:01.136266Z[0m [34mDEBUG[0m [2methereum_transaction_pool_monitor::eth_client[0m[2m:[0m 📨 Received pending transaction: 0x9516715d84f95aeb7f9c1a5ba756a03205ea5e48822a84598cbc9cd68c9475f6
[2m2025-12-10T10:13:01.136270Z[0m [34mDEBUG[0m [2methereum_transaction_pool_monitor::eth_client[0m[2m:[0m 📨 Received WebSocket message: {"jsonrpc":"2.0","method":"eth_subscription","params":{"subscription":"0xbed0a0851463e895960a451075a301a9","result":"0xb865e17a90c8ef9454ff50862b0b179daf079d2f81baa741fee57a3550bb0673"}}
[2m2025-12-10T10:13:01.136274Z[0m [34mDEBUG[0m [2methereum_transaction_pool_monitor::eth_client[0m[2m:[0m 📨 Received pending transaction: 0xb865e17a90c8ef9454ff50862b0b179daf079d2f81baa741fee57a3550bb0673
[2m2025-12-10T10:13:01.148843Z[0m [34mDEBUG[0m [2mhyper::proto::h1::io[0m[2m:[0m parsed 4 headers
[2m2025-12-10T10:13:01.148856Z[0m [34mDEBUG[0m [2mhyper::proto::h1::conn[0m[2m:[0m incoming body is content-length (656 bytes)
[2m2025-12-10T10:13:01.148863Z[0m [34mDEBUG[0m [2mhyper::proto::h1::conn[0m[2m:[0m incoming body completed
[2m2025-12-10T10:13:01.148872Z[0m [34mDEBUG[0m [2mhyper::client::pool[0m[2m:[0m pooling idle connection for ("http", 192.168.0.14:8545)
[2m2025-12-10T10:13:01.148878Z[0m [34mDEBUG[0m [2methereum_transaction_pool_monitor::eth_client[0m[2m:[0m 📡 Transaction fetch RPC completed in 12.755667ms
[2m2025-12-10T10:13:01.218065Z[0m [34mDEBUG[0m [2methereum_transaction_pool_monitor::eth_client[0m[2m:[0m ✅ Transaction 0x7e77e8d20023af9a01fdb2e1646e6baee79ee8a7837bb928511dcad9cf00ce32 fetched and parsed in 81.940417ms
[2m2025-12-10T10:13:01.218088Z[0m [34mDEBUG[0m [2methereum_transaction_pool_monitor::mempool_monitor[0m[2m:[0m 🔍 Skipping tx 0x7e77e8d20023af9a01fdb2e1646e6baee79ee8a7837bb928511dcad9cf00ce32 - not a DEX interaction (target: 0x8Db73980922BA92d9f83668F28FfD93351D9b74c)
[2m2025-12-10T10:13:01.218097Z[0m [34mDEBUG[0m [2methereum_transaction_pool_monitor::mempool_monitor[0m[2m:[0m 📨 Processing new pending transaction: 0xbc58360411e088812f48006b0f622d139ef35f1febea39d75a0f7cb0a3180054
[2m2025-12-10T10:13:01.218102Z[0m [34mDEBUG[0m [2methereum_transaction_pool_monitor::mempool_monitor[0m[2m:[0m 🔍 Fetching transaction details for: 0xbc58360411e088812f48006b0f622d139ef35f1febea39d75a0f7cb0a3180054
[2m2025-12-10T10:13:01.218106Z[0m [34mDEBUG[0m [2methereum_transaction_pool_monitor::eth_client[0m[2m:[0m 🔍 Fetching transaction details for hash: 0xbc58360411e088812f48006b0f622d139ef35f1febea39d75a0f7cb0a3180054
[2m2025-12-10T10:13:01.218121Z[0m [34mDEBUG[0m [2mhyper::client::pool[0m[2m:[0m reuse idle connection for ("http", 192.168.0.14:8545)
[2m2025-12-10T10:13:01.218159Z[0m [34mDEBUG[0m [2mhyper::proto::h1::io[0m[2m:[0m flushed 250 bytes
[2m2025-12-10T10:13:01.218181Z[0m [34mDEBUG[0m [2methereum_transaction_pool_monitor::eth_client[0m[2m:[0m 📨 Received WebSocket message: {"jsonrpc":"2.0","method":"eth_subscription","params":{"subscription":"0xbed0a0851463e895960a451075a301a9","result":"0x5493d81c630e4ad2fec17ccfd57837b51ec01d827991a65ae17ab7363ba60f06"}}
[2m2025-12-10T10:13:01.218184Z[0m [34mDEBUG[0m [2mhyper::proto::h1::io[0m[2m:[0m parsed 4 headers
[2m2025-12-10T10:13:01.218187Z[0m [34mDEBUG[0m [2methereum_transaction_pool_monitor::eth_client[0m[2m:[0m 📨 Received pending transaction: 0x5493d81c630e4ad2fec17ccfd57837b51ec01d827991a65ae17ab7363ba60f06
[2m2025-12-10T10:13:01.218193Z[0m [34mDEBUG[0m [2mhyper::proto::h1::conn[0m[2m:[0m incoming body is content-length (45 bytes)
[2m2025-12-10T10:13:01.218196Z[0m [34mDEBUG[0m [2methereum_transaction_pool_monitor::eth_client[0m[2m:[0m 📨 Received WebSocket message: {"jsonrpc":"2.0","method":"eth_subscription","params":{"subscription":"0xbed0a0851463e895960a451075a301a9","result":"0x066107f4c9a2e108578fac5b8b9377d0654d24921e3a2afeddb789fd9e6270ec"}}
[2m2025-12-10T10:13:01.218201Z[0m [34mDEBUG[0m [2mhyper::proto::h1::conn[0m[2m:[0m incoming body completed
[2m2025-12-10T10:13:01.218204Z[0m [34mDEBUG[0m [2methereum_transaction_pool_monitor::eth_client[0m[2m:[0m 📨 Received pending transaction: 0x066107f4c9a2e108578fac5b8b9377d0654d24921e3a2afeddb789fd9e6270ec
[2m2025-12-10T10:13:01.218211Z[0m [34mDEBUG[0m [2mhyper::client::pool[0m[2m:[0m pooling idle connection for ("http", 192.168.0.14:8545)
[2m2025-12-10T10:13:01.218306Z[0m [34mDEBUG[0m [2mhyper::client::pool[0m[2m:[0m reuse idle connection for ("http", 192.168.0.14:8545)
[2m2025-12-10T10:13:01.218320Z[0m [34mDEBUG[0m [2mhyper::proto::h1::io[0m[2m:[0m flushed 172 bytes
[2m2025-12-10T10:13:01.223419Z[0m [34mDEBUG[0m [2methereum_transaction_pool_monitor::eth_client[0m[2m:[0m 📨 Received WebSocket message: {"jsonrpc":"2.0","method":"eth_subscription","params":{"subscription":"0xbed0a0851463e895960a451075a301a9","result":"0x901ef9e05e1723c9bc84925c5b315a9889fb2862d4322cf7a47fd58a9b3d6875"}}
[2m2025-12-10T10:13:01.223436Z[0m [34mDEBUG[0m [2methereum_transaction_pool_monitor::eth_client[0m[2m:[0m 📨 Received pending transaction: 0x901ef9e05e1723c9bc84925c5b315a9889fb2862d4322cf7a47fd58a9b3d6875
[2m2025-12-10T10:13:01.224777Z[0m [34mDEBUG[0m [2mhyper::proto::h1::io[0m[2m:[0m parsed 4 headers
[2m2025-12-10T10:13:01.224786Z[0m [34mDEBUG[0m [2mhyper::proto::h1::conn[0m[2m:[0m incoming body is content-length (828 bytes)
[2m2025-12-10T10:13:01.224791Z[0m [34mDEBUG[0m [2mhyper::proto::h1::conn[0m[2m:[0m incoming body completed
[2m2025-12-10T10:13:01.224800Z[0m [34mDEBUG[0m [2mhyper::client::pool[0m[2m:[0m pooling idle connection for ("http", 192.168.0.14:8545)
[2m2025-12-10T10:13:01.224806Z[0m [34mDEBUG[0m [2methereum_transaction_pool_monitor::eth_client[0m[2m:[0m 📡 Transaction fetch RPC completed in 6.696791ms
[2m2025-12-10T10:13:01.293834Z[0m [34mDEBUG[0m [2methereum_transaction_pool_monitor::eth_client[0m[2m:[0m ✅ Transaction 0xbc58360411e088812f48006b0f622d139ef35f1febea39d75a0f7cb0a3180054 fetched and parsed in 75.722833ms
[2m2025-12-10T10:13:01.293859Z[0m [34mDEBUG[0m [2methereum_transaction_pool_monitor::mempool_monitor[0m[2m:[0m 🔍 Skipping tx 0xbc58360411e088812f48006b0f622d139ef35f1febea39d75a0f7cb0a3180054 - not a DEX interaction (target: 0xDDaef92FA7888eb8A8a684F72F5e8e9Ee6045490)
[2m2025-12-10T10:13:01.293867Z[0m [34mDEBUG[0m [2methereum_transaction_pool_monitor::mempool_monitor[0m[2m:[0m 📨 Processing new pending transaction: 0xeca9990c76640f79ad5800d66f319a743519666578421fb1ee28f68acac2c94a
[2m2025-12-10T10:13:01.293871Z[0m [34mDEBUG[0m [2methereum_transaction_pool_monitor::mempool_monitor[0m[2m:[0m 🔍 Fetching transaction details for: 0xeca9990c76640f79ad5800d66f319a743519666578421fb1ee28f68acac2c94a
[2m2025-12-10T10:13:01.293875Z[0m [34mDEBUG[0m [2methereum_transaction_pool_monitor::eth_client[0m[2m:[0m 🔍 Fetching transaction details for hash: 0xeca9990c76640f79ad5800d66f319a743519666578421fb1ee28f68acac2c94a
[2m2025-12-10T10:13:01.293893Z[0m [34mDEBUG[0m [2mhyper::client::pool[0m[2m:[0m reuse idle connection for ("http", 192.168.0.14:8545)
[2m2025-12-10T10:13:01.293941Z[0m [34mDEBUG[0m [2mhyper::proto::h1::io[0m[2m:[0m flushed 250 bytes
[2m2025-12-10T10:13:01.293962Z[0m [34mDEBUG[0m [2methereum_transaction_pool_monitor::eth_client[0m[2m:[0m 📨 Received WebSocket message: {"jsonrpc":"2.0","method":"eth_subscription","params":{"subscription":"0xbed0a0851463e895960a451075a301a9","result":"0xdb91b1acac631e639834dc26f7e9c1c71bb0535a38c55b90f81c12e79e7e0196"}}
[2m2025-12-10T10:13:01.293967Z[0m [34mDEBUG[0m [2mhyper::proto::h1::io[0m[2m:[0m parsed 4 headers
[2m2025-12-10T10:13:01.293970Z[0m [34mDEBUG[0m [2methereum_transaction_pool_monitor::eth_client[0m[2m:[0m 📨 Received pending transaction: 0xdb91b1acac631e639834dc26f7e9c1c71bb0535a38c55b90f81c12e79e7e0196
[2m2025-12-10T10:13:01.293975Z[0m [34mDEBUG[0m [2mhyper::proto::h1::conn[0m[2m:[0m incoming body is content-length (45 bytes)
[2m2025-12-10T10:13:01.293978Z[0m [34mDEBUG[0m [2methereum_transaction_pool_monitor::eth_client[0m[2m:[0m 📨 Received WebSocket message: {"jsonrpc":"2.0","method":"eth_subscription","params":{"subscription":"0xbed0a0851463e895960a451075a301a9","result":"0xe710d5a821f98ecd9665963168243c6e841077c9e376c50980aa0bae3130170a"}}
[2m2025-12-10T10:13:01.293983Z[0m [34mDEBUG[0m [2mhyper::proto::h1::conn[0m[2m:[0m incoming body completed
[2m2025-12-10T10:13:01.293985Z[0m [34mDEBUG[0m [2methereum_transaction_pool_monitor::eth_client[0m[2m:[0m 📨 Received pending transaction: 0xe710d5a821f98ecd9665963168243c6e841077c9e376c50980aa0bae3130170a
[2m2025-12-10T10:13:01.293994Z[0m [34mDEBUG[0m [2mhyper::client::pool[0m[2m:[0m pooling idle connection for ("http", 192.168.0.14:8545)
[2m2025-12-10T10:13:01.293997Z[0m [34mDEBUG[0m [2methereum_transaction_pool_monitor::eth_client[0m[2m:[0m 📨 Received WebSocket message: {"jsonrpc":"2.0","method":"eth_subscription","params":{"subscription":"0xbed0a0851463e895960a451075a301a9","result":"0x626358ffb3d9175602e30c8b951e0dbcccac922d83af224b31ed2a84a24027de"}}
[2m2025-12-10T10:13:01.294003Z[0m [34mDEBUG[0m [2methereum_transaction_pool_monitor::eth_client[0m[2m:[0m 📨 Received pending transaction: 0x626358ffb3d9175602e30c8b951e0dbcccac922d83af224b31ed2a84a24027de
[2m2025-12-10T10:13:01.294007Z[0m [34mDEBUG[0m [2methereum_transaction_pool_monitor::eth_client[0m[2m:[0m 📨 Received WebSocket message: {"jsonrpc":"2.0","method":"eth_subscription","params":{"subscription":"0xbed0a0851463e895960a451075a301a9","result":"0xb5c86ded3c2a2dccfe40957517ef23eea87ac6f9c22b107fb9b2047a04b2cdf8"}}
[2m2025-12-10T10:13:01.294012Z[0m [34mDEBUG[0m [2methereum_transaction_pool_monitor::eth_client[0m[2m:[0m 📨 Received pending transaction: 0xb5c86ded3c2a2dccfe40957517ef23eea87ac6f9c22b107fb9b2047a04b2cdf8
[2m2025-12-10T10:13:01.297423Z[0m [34mDEBUG[0m [2mhyper::proto::h1::io[0m[2m:[0m parsed 4 headers
[2m2025-12-10T10:13:01.297434Z[0m [34mDEBUG[0m [2mhyper::proto::h1::conn[0m[2m:[0m incoming body is content-length (1219 bytes)
[2m2025-12-10T10:13:01.297439Z[0m [34mDEBUG[0m [2mhyper::proto::h1::conn[0m[2m:[0m incoming body completed
[2m2025-12-10T10:13:01.297446Z[0m [34mDEBUG[0m [2mhyper::client::pool[0m[2m:[0m pooling idle connection for ("http", 192.168.0.14:8545)
[2m2025-12-10T10:13:01.297451Z[0m [34mDEBUG[0m [2methereum_transaction_pool_monitor::eth_client[0m[2m:[0m 📡 Transaction fetch RPC completed in 3.572583ms
[2m2025-12-10T10:13:01.366009Z[0m [34mDEBUG[0m [2methereum_transaction_pool_monitor::eth_client[0m[2m:[0m ✅ Transaction 0xeca9990c76640f79ad5800d66f319a743519666578421fb1ee28f68acac2c94a fetched and parsed in 72.128041ms
[2m2025-12-10T10:13:01.366026Z[0m [34mDEBUG[0m [2methereum_transaction_pool_monitor::mempool_monitor[0m[2m:[0m 🔍 Skipping tx 0xeca9990c76640f79ad5800d66f319a743519666578421fb1ee28f68acac2c94a - not a DEX interaction (target: 0xF6801D319497789f934ec7F83E142a9536312B08)
[2m2025-12-10T10:13:01.366036Z[0m [34mDEBUG[0m [2methereum_transaction_pool_monitor::mempool_monitor[0m[2m:[0m 📨 Processing new pending transaction: 0xeef5fce09eb3d510e43c191db0b4ff590175fe81003ac191535c371f0c51a92d
[2m2025-12-10T10:13:01.366040Z[0m [34mDEBUG[0m [2methereum_transaction_pool_monitor::mempool_monitor[0m[2m:[0m 🔍 Fetching transaction details for: 0xeef5fce09eb3d510e43c191db0b4ff590175fe81003ac191535c371f0c51a92d
[2m2025-12-10T10:13:01.366044Z[0m [34mDEBUG[0m [2methereum_transaction_pool_monitor::eth_client[0m[2m:[0m 🔍 Fetching transaction details for hash: 0xeef5fce09eb3d510e43c191db0b4ff590175fe81003ac191535c371f0c51a92d
[2m2025-12-10T10:13:01.366060Z[0m [34mDEBUG[0m [2mhyper::client::pool[0m[2m:[0m reuse idle connection for ("http", 192.168.0.14:8545)
[2m2025-12-10T10:13:01.366096Z[0m [34mDEBUG[0m [2mhyper::proto::h1::io[0m[2m:[0m flushed 250 bytes
[2m2025-12-10T10:13:01.366111Z[0m [34mDEBUG[0m [2mhyper::client::pool[0m[2m:[0m reuse idle connection for ("http", 192.168.0.14:8545)
[2m2025-12-10T10:13:01.366122Z[0m [34mDEBUG[0m [2mhyper::proto::h1::io[0m[2m:[0m flushed 172 bytes
[2m2025-12-10T10:13:01.366122Z[0m [34mDEBUG[0m [2methereum_transaction_pool_monitor::eth_client[0m[2m:[0m 📨 Received WebSocket message: {"jsonrpc":"2.0","method":"eth_subscription","params":{"subscription":"0xbed0a0851463e895960a451075a301a9","result":"0xa573b419f20a531103775c70805662db050c4c1467d0402e1c9dba908af65331"}}
[2m2025-12-10T10:13:01.366133Z[0m [34mDEBUG[0m [2methereum_transaction_pool_monitor::eth_client[0m[2m:[0m 📨 Received pending transaction: 0xa573b419f20a531103775c70805662db050c4c1467d0402e1c9dba908af65331
[2m2025-12-10T10:13:01.366138Z[0m [34mDEBUG[0m [2methereum_transaction_pool_monitor::eth_client[0m[2m:[0m 📨 Received WebSocket message: {"jsonrpc":"2.0","method":"eth_subscription","params":{"subscription":"0xbed0a0851463e895960a451075a301a9","result":"0xb69c47b0b785f6ec395b9f60bf74d27c6e16306e65084880d34595e097056705"}}
[2m2025-12-10T10:13:01.366143Z[0m [34mDEBUG[0m [2methereum_transaction_pool_monitor::eth_client[0m[2m:[0m 📨 Received pending transaction: 0xb69c47b0b785f6ec395b9f60bf74d27c6e16306e65084880d34595e097056705
[2m2025-12-10T10:13:01.366147Z[0m [34mDEBUG[0m [2methereum_transaction_pool_monitor::eth_client[0m[2m:[0m 📨 Received WebSocket message: {"jsonrpc":"2.0","method":"eth_subscription","params":{"subscription":"0xbed0a0851463e895960a451075a301a9","result":"0x3e280f07c96536a7289d6bf9da5be930460472401392df7a3650082465ae175b"}}
[2m2025-12-10T10:13:01.366152Z[0m [34mDEBUG[0m [2methereum_transaction_pool_monitor::eth_client[0m[2m:[0m 📨 Received pending transaction: 0x3e280f07c96536a7289d6bf9da5be930460472401392df7a3650082465ae175b
[2m2025-12-10T10:13:01.366156Z[0m [34mDEBUG[0m [2methereum_transaction_pool_monitor::eth_client[0m[2m:[0m 📨 Received WebSocket message: {"jsonrpc":"2.0","method":"eth_subscription","params":{"subscription":"0xbed0a0851463e895960a451075a301a9","result":"0x9c72d23f49947a375d1a4457e4ef117a70951c4b73b4619acfc37132cf63e668"}}
[2m2025-12-10T10:13:01.366160Z[0m [34mDEBUG[0m [2methereum_transaction_pool_monitor::eth_client[0m[2m:[0m 📨 Received pending transaction: 0x9c72d23f49947a375d1a4457e4ef117a70951c4b73b4619acfc37132cf63e668
[2m2025-12-10T10:13:01.366164Z[0m [34mDEBUG[0m [2methereum_transaction_pool_monitor::eth_client[0m[2m:[0m 📨 Received WebSocket message: {"jsonrpc":"2.0","method":"eth_subscription","params":{"subscription":"0xbed0a0851463e895960a451075a301a9","result":"0x436d4b5acc4c94f7b2da2543d095d017df6db1f9f68ce3bf5fbca035ea64ee7b"}}
[2m2025-12-10T10:13:01.366168Z[0m [34mDEBUG[0m [2methereum_transaction_pool_monitor::eth_client[0m[2m:[0m 📨 Received pending transaction: 0x436d4b5acc4c94f7b2da2543d095d017df6db1f9f68ce3bf5fbca035ea64ee7b
[2m2025-12-10T10:13:01.379688Z[0m [34mDEBUG[0m [2mhyper::proto::h1::io[0m[2m:[0m parsed 4 headers
[2m2025-12-10T10:13:01.379703Z[0m [34mDEBUG[0m [2mhyper::proto::h1::conn[0m[2m:[0m incoming body is content-length (770 bytes)
[2m2025-12-10T10:13:01.379711Z[0m [34mDEBUG[0m [2mhyper::proto::h1::conn[0m[2m:[0m incoming body completed
[2m2025-12-10T10:13:01.379720Z[0m [34mDEBUG[0m [2mhyper::client::pool[0m[2m:[0m pooling idle connection for ("http", 192.168.0.14:8545)
[2m2025-12-10T10:13:01.379727Z[0m [34mDEBUG[0m [2methereum_transaction_pool_monitor::eth_client[0m[2m:[0m 📡 Transaction fetch RPC completed in 13.679083ms
[2m2025-12-10T10:13:01.450567Z[0m [34mDEBUG[0m [2methereum_transaction_pool_monitor::eth_client[0m[2m:[0m ✅ Transaction 0xeef5fce09eb3d510e43c191db0b4ff590175fe81003ac191535c371f0c51a92d fetched and parsed in 84.516458ms
[2m2025-12-10T10:13:01.450591Z[0m [34mDEBUG[0m [2methereum_transaction_pool_monitor::mempool_monitor[0m[2m:[0m 🔍 Skipping tx 0xeef5fce09eb3d510e43c191db0b4ff590175fe81003ac191535c371f0c51a92d - not a DEX interaction (target: 0xA0b86991c6218b36c1d19D4a2e9Eb0cE3606eB48)
[2m2025-12-10T10:13:01.450599Z[0m [34mDEBUG[0m [2methereum_transaction_pool_monitor::mempool_monitor[0m[2m:[0m 📨 Processing new pending transaction: 0x853cc3821f748f91c638b1d4c4fcb37cbdadcb22f3f2e5fe6c4ee28ad8373190
[2m2025-12-10T10:13:01.450604Z[0m [34mDEBUG[0m [2methereum_transaction_pool_monitor::mempool_monitor[0m[2m:[0m 🔍 Fetching transaction details for: 0x853cc3821f748f91c638b1d4c4fcb37cbdadcb22f3f2e5fe6c4ee28ad8373190
[2m2025-12-10T10:13:01.450607Z[0m [34mDEBUG[0m [2methereum_transaction_pool_monitor::eth_client[0m[2m:[0m 🔍 Fetching transaction details for hash: 0x853cc3821f748f91c638b1d4c4fcb37cbdadcb22f3f2e5fe6c4ee28ad8373190
[2m2025-12-10T10:13:01.450629Z[0m [34mDEBUG[0m [2mhyper::client::pool[0m[2m:[0m reuse idle connection for ("http", 192.168.0.14:8545)
[2m2025-12-10T10:13:01.450669Z[0m [34mDEBUG[0m [2mhyper::proto::h1::io[0m[2m:[0m flushed 250 bytes
[2m2025-12-10T10:13:01.450689Z[0m [34mDEBUG[0m [2methereum_transaction_pool_monitor::eth_client[0m[2m:[0m 📨 Received WebSocket message: {"jsonrpc":"2.0","method":"eth_subscription","params":{"subscription":"0xbed0a0851463e895960a451075a301a9","result":"0x0940077677f7dcf3913fa11e1a10cfa1c7e4ba22ab5f0677c88af05a93f30462"}}
[2m2025-12-10T10:13:01.450694Z[0m [34mDEBUG[0m [2mhyper::proto::h1::io[0m[2m:[0m parsed 4 headers
[2m2025-12-10T10:13:01.450697Z[0m [34mDEBUG[0m [2methereum_transaction_pool_monitor::eth_client[0m[2m:[0m 📨 Received pending transaction: 0x0940077677f7dcf3913fa11e1a10cfa1c7e4ba22ab5f0677c88af05a93f30462
[2m2025-12-10T10:13:01.450702Z[0m [34mDEBUG[0m [2mhyper::proto::h1::conn[0m[2m:[0m incoming body is content-length (45 bytes)
[2m2025-12-10T10:13:01.450706Z[0m [32m INFO[0m [2methereum_transaction_pool_monitor::eth_client[0m[2m:[0m 📊 WebSocket stats - Total: 3998 transactions, Rate: 13.2 tx/s
[2m2025-12-10T10:13:01.450710Z[0m [34mDEBUG[0m [2mhyper::proto::h1::conn[0m[2m:[0m incoming body completed
[2m2025-12-10T10:13:01.450719Z[0m [34mDEBUG[0m [2mhyper::client::pool[0m[2m:[0m pooling idle connection for ("http", 192.168.0.14:8545)
[2m2025-12-10T10:13:01.450732Z[0m [34mDEBUG[0m [2mhyper::client::pool[0m[2m:[0m reuse idle connection for ("http", 192.168.0.14:8545)
[2m2025-12-10T10:13:01.450747Z[0m [34mDEBUG[0m [2mhyper::proto::h1::io[0m[2m:[0m flushed 172 bytes
[2m2025-12-10T10:13:01.454696Z[0m [34mDEBUG[0m [2mhyper::proto::h1::io[0m[2m:[0m parsed 4 headers
[2m2025-12-10T10:13:01.454703Z[0m [34mDEBUG[0m [2mhyper::proto::h1::conn[0m[2m:[0m incoming body is content-length (771 bytes)
[2m2025-12-10T10:13:01.454708Z[0m [34mDEBUG[0m [2mhyper::proto::h1::conn[0m[2m:[0m incoming body completed
[2m2025-12-10T10:13:01.454714Z[0m [34mDEBUG[0m [2mhyper::client::pool[0m[2m:[0m pooling idle connection for ("http", 192.168.0.14:8545)
[2m2025-12-10T10:13:01.454719Z[0m [34mDEBUG[0m [2methereum_transaction_pool_monitor::eth_client[0m[2m:[0m 📡 Transaction fetch RPC completed in 4.107875ms
[2m2025-12-10T10:13:01.523384Z[0m [34mDEBUG[0m [2methereum_transaction_pool_monitor::eth_client[0m[2m:[0m ✅ Transaction 0x853cc3821f748f91c638b1d4c4fcb37cbdadcb22f3f2e5fe6c4ee28ad8373190 fetched and parsed in 72.770583ms
[2m2025-12-10T10:13:01.523405Z[0m [34mDEBUG[0m [2methereum_transaction_pool_monitor::mempool_monitor[0m[2m:[0m 🔍 Skipping tx 0x853cc3821f748f91c638b1d4c4fcb37cbdadcb22f3f2e5fe6c4ee28ad8373190 - not a DEX interaction (target: 0xB8f28C60dD8240141185a192fa4156A23E189305)
[2m2025-12-10T10:13:01.523413Z[0m [34mDEBUG[0m [2methereum_transaction_pool_monitor::mempool_monitor[0m[2m:[0m 📨 Processing new pending transaction: 0x90192c13af666ea78643f4e668dc3302de7c41dcb95180c7eecdfb2cf365f170
[2m2025-12-10T10:13:01.523417Z[0m [34mDEBUG[0m [2methereum_transaction_pool_monitor::mempool_monitor[0m[2m:[0m 🔍 Fetching transaction details for: 0x90192c13af666ea78643f4e668dc3302de7c41dcb95180c7eecdfb2cf365f170
[2m2025-12-10T10:13:01.523423Z[0m [34mDEBUG[0m [2methereum_transaction_pool_monitor::eth_client[0m[2m:[0m 🔍 Fetching transaction details for hash: 0x90192c13af666ea78643f4e668dc3302de7c41dcb95180c7eecdfb2cf365f170
[2m2025-12-10T10:13:01.523439Z[0m [34mDEBUG[0m [2mhyper::client::pool[0m[2m:[0m reuse idle connection for ("http", 192.168.0.14:8545)
[2m2025-12-10T10:13:01.523544Z[0m [34mDEBUG[0m [2mhyper::proto::h1::io[0m[2m:[0m flushed 250 bytes
[2m2025-12-10T10:13:01.523562Z[0m [34mDEBUG[0m [2mhyper::proto::h1::io[0m[2m:[0m parsed 4 headers
[2m2025-12-10T10:13:01.523566Z[0m [34mDEBUG[0m [2mhyper::proto::h1::conn[0m[2m:[0m incoming body is content-length (45 bytes)
[2m2025-12-10T10:13:01.523572Z[0m [34mDEBUG[0m [2mhyper::proto::h1::conn[0m[2m:[0m incoming body completed
[2m2025-12-10T10:13:01.523580Z[0m [34mDEBUG[0m [2mhyper::client::pool[0m[2m:[0m pooling idle connection for ("http", 192.168.0.14:8545)
[2m2025-12-10T10:13:01.523593Z[0m [34mDEBUG[0m [2mhyper::client::pool[0m[2m:[0m reuse idle connection for ("http", 192.168.0.14:8545)
[2m2025-12-10T10:13:01.523606Z[0m [34mDEBUG[0m [2mhyper::proto::h1::io[0m[2m:[0m flushed 172 bytes
[2m2025-12-10T10:13:01.528760Z[0m [34mDEBUG[0m [2mhyper::proto::h1::io[0m[2m:[0m parsed 4 headers
[2m2025-12-10T10:13:01.528779Z[0m [34mDEBUG[0m [2mhyper::proto::h1::conn[0m[2m:[0m incoming body is content-length (3017 bytes)
[2m2025-12-10T10:13:01.528795Z[0m [34mDEBUG[0m [2methereum_transaction_pool_monitor::eth_client[0m[2m:[0m 📡 Transaction fetch RPC completed in 5.36875ms
[2m2025-12-10T10:13:01.529530Z[0m [34mDEBUG[0m [2mhyper::proto::h1::conn[0m[2m:[0m incoming body completed
[2m2025-12-10T10:13:01.529541Z[0m [34mDEBUG[0m [2mhyper::client::pool[0m[2m:[0m pooling idle connection for ("http", 192.168.0.14:8545)
[2m2025-12-10T10:13:01.529552Z[0m [34mDEBUG[0m [2mhyper::proto::h1::io[0m[2m:[0m parsed 4 headers
[2m2025-12-10T10:13:01.529556Z[0m [34mDEBUG[0m [2mhyper::proto::h1::conn[0m[2m:[0m incoming body is content-length (45 bytes)
[2m2025-12-10T10:13:01.529561Z[0m [34mDEBUG[0m [2mhyper::proto::h1::conn[0m[2m:[0m incoming body completed
[2m2025-12-10T10:13:01.529567Z[0m [34mDEBUG[0m [2mhyper::client::pool[0m[2m:[0m pooling idle connection for ("http", 192.168.0.14:8545)
[2m2025-12-10T10:13:01.578955Z[0m [34mDEBUG[0m [2methereum_transaction_pool_monitor::eth_client[0m[2m:[0m 📨 Received WebSocket message: {"jsonrpc":"2.0","method":"eth_subscription","params":{"subscription":"0xbed0a0851463e895960a451075a301a9","result":"0x0206db32c8a4c1e5fd3db67b677245241bec0cd85cc8941457b1450fdc79ca1e"}}
[2m2025-12-10T10:13:01.578983Z[0m [34mDEBUG[0m [2methereum_transaction_pool_monitor::eth_client[0m[2m:[0m 📨 Received pending transaction: 0x0206db32c8a4c1e5fd3db67b677245241bec0cd85cc8941457b1450fdc79ca1e
[2m2025-12-10T10:13:01.578989Z[0m [34mDEBUG[0m [2methereum_transaction_pool_monitor::eth_client[0m[2m:[0m 📨 Received WebSocket message: {"jsonrpc":"2.0","method":"eth_subscription","params":{"subscription":"0xbed0a0851463e895960a451075a301a9","result":"0xf6d676b44be04b29cbbbbdaeb605085677db474330c634677dbc79674c711ee1"}}
[2m2025-12-10T10:13:01.578994Z[0m [34mDEBUG[0m [2methereum_transaction_pool_monitor::eth_client[0m[2m:[0m 📨 Received pending transaction: 0xf6d676b44be04b29cbbbbdaeb605085677db474330c634677dbc79674c711ee1
[2m2025-12-10T10:13:01.598274Z[0m [34mDEBUG[0m [2methereum_transaction_pool_monitor::eth_client[0m[2m:[0m ✅ Transaction 0x90192c13af666ea78643f4e668dc3302de7c41dcb95180c7eecdfb2cf365f170 fetched and parsed in 74.845209ms
[2m2025-12-10T10:13:01.598294Z[0m [34mDEBUG[0m [2methereum_transaction_pool_monitor::mempool_monitor[0m[2m:[0m 🔍 Skipping tx 0x90192c13af666ea78643f4e668dc3302de7c41dcb95180c7eecdfb2cf365f170 - not a DEX interaction (target: 0xA9D1e08C7793af67e9d92fe308d5697FB81d3E43)
[2m2025-12-10T10:13:01.598303Z[0m [34mDEBUG[0m [2methereum_transaction_pool_monitor::mempool_monitor[0m[2m:[0m 📨 Processing new pending transaction: 0x1cede9e50609e1795e98254c7135d9306e6ce52077ddd540d65131c85d07185d
[2m2025-12-10T10:13:01.598307Z[0m [34mDEBUG[0m [2methereum_transaction_pool_monitor::mempool_monitor[0m[2m:[0m 🔍 Fetching transaction details for: 0x1cede9e50609e1795e98254c7135d9306e6ce52077ddd540d65131c85d07185d
[2m2025-12-10T10:13:01.598311Z[0m [34mDEBUG[0m [2methereum_transaction_pool_monitor::eth_client[0m[2m:[0m 🔍 Fetching transaction details for hash: 0x1cede9e50609e1795e98254c7135d9306e6ce52077ddd540d65131c85d07185d
[2m2025-12-10T10:13:01.598327Z[0m [34mDEBUG[0m [2mhyper::client::pool[0m[2m:[0m reuse idle connection for ("http", 192.168.0.14:8545)
[2m2025-12-10T10:13:01.598366Z[0m [34mDEBUG[0m [2mhyper::proto::h1::io[0m[2m:[0m flushed 250 bytes
[2m2025-12-10T10:13:01.598404Z[0m [34mDEBUG[0m [2mhyper::client::pool[0m[2m:[0m reuse idle connection for ("http", 192.168.0.14:8545)
[2m2025-12-10T10:13:01.598418Z[0m [34mDEBUG[0m [2mhyper::proto::h1::io[0m[2m:[0m flushed 172 bytes
[2m2025-12-10T10:13:01.603668Z[0m [34mDEBUG[0m [2methereum_transaction_pool_monitor::eth_client[0m[2m:[0m 📨 Received WebSocket message: {"jsonrpc":"2.0","method":"eth_subscription","params":{"subscription":"0xbed0a0851463e895960a451075a301a9","result":"0x641cf9f849110ea7007a394ab5a90bdbe24c40099ae27939b424973e7ab807ab"}}
[2m2025-12-10T10:13:01.603682Z[0m [34mDEBUG[0m [2methereum_transaction_pool_monitor::eth_client[0m[2m:[0m 📨 Received pending transaction: 0x641cf9f849110ea7007a394ab5a90bdbe24c40099ae27939b424973e7ab807ab
[2m2025-12-10T10:13:01.613488Z[0m [34mDEBUG[0m [2mhyper::proto::h1::io[0m[2m:[0m parsed 4 headers
[2m2025-12-10T10:13:01.613501Z[0m [34mDEBUG[0m [2mhyper::proto::h1::conn[0m[2m:[0m incoming body is content-length (45 bytes)
[2m2025-12-10T10:13:01.613509Z[0m [34mDEBUG[0m [2mhyper::proto::h1::conn[0m[2m:[0m incoming body completed
[2m2025-12-10T10:13:01.613520Z[0m [34mDEBUG[0m [2mhyper::client::pool[0m[2m:[0m pooling idle connection for ("http", 192.168.0.14:8545)
[2m2025-12-10T10:13:01.613548Z[0m [34mDEBUG[0m [2mhyper::proto::h1::io[0m[2m:[0m parsed 4 headers
[2m2025-12-10T10:13:01.613552Z[0m [34mDEBUG[0m [2mhyper::proto::h1::conn[0m[2m:[0m incoming body is content-length (770 bytes)
[2m2025-12-10T10:13:01.613556Z[0m [34mDEBUG[0m [2mhyper::proto::h1::conn[0m[2m:[0m incoming body completed
[2m2025-12-10T10:13:01.613561Z[0m [34mDEBUG[0m [2mhyper::client::pool[0m[2m:[0m pooling idle connection for ("http", 192.168.0.14:8545)
[2m2025-12-10T10:13:01.613566Z[0m [34mDEBUG[0m [2methereum_transaction_pool_monitor::eth_client[0m[2m:[0m 📡 Transaction fetch RPC completed in 15.251125ms
[2m2025-12-10T10:13:01.613579Z[0m [34mDEBUG[0m [2methereum_transaction_pool_monitor::eth_client[0m[2m:[0m DeFi transaction detected - Address: 0xdac17f958d2ee523a2206206994597c13d831ec7, Type: Stablecoin, Value: 0 ETH, Gas: 1.75 Gwei
[2m2025-12-10T10:13:01.613592Z[0m [34mDEBUG[0m [2methereum_transaction_pool_monitor::eth_client[0m[2m:[0m ✅ Transaction 0x1cede9e50609e1795e98254c7135d9306e6ce52077ddd540d65131c85d07185d fetched and parsed in 15.276917ms
[2m2025-12-10T10:13:01.613597Z[0m [34mDEBUG[0m [2methereum_transaction_pool_monitor::mempool_monitor[0m[2m:[0m 🔍 Skipping tx 0x1cede9e50609e1795e98254c7135d9306e6ce52077ddd540d65131c85d07185d - not a DEX interaction (target: 0xdAC17F958D2ee523a2206206994597C13D831ec7)
[2m2025-12-10T10:13:01.613604Z[0m [34mDEBUG[0m [2methereum_transaction_pool_monitor::mempool_monitor[0m[2m:[0m 📨 Processing new pending transaction: 0xf9d9cae98daeba5907a84bc30466bd1553ae44228ae5ce090bb49f51ae840a31
[2m2025-12-10T10:13:01.613608Z[0m [34mDEBUG[0m [2methereum_transaction_pool_monitor::mempool_monitor[0m[2m:[0m 🔍 Fetching transaction details for: 0xf9d9cae98daeba5907a84bc30466bd1553ae44228ae5ce090bb49f51ae840a31
[2m2025-12-10T10:13:01.613611Z[0m [34mDEBUG[0m [2methereum_transaction_pool_monitor::eth_client[0m[2m:[0m 🔍 Fetching transaction details for hash: 0xf9d9cae98daeba5907a84bc30466bd1553ae44228ae5ce090bb49f51ae840a31
[2m2025-12-10T10:13:01.613623Z[0m [34mDEBUG[0m [2mhyper::client::pool[0m[2m:[0m reuse idle connection for ("http", 192.168.0.14:8545)
[2m2025-12-10T10:13:01.613643Z[0m [34mDEBUG[0m [2mhyper::proto::h1::io[0m[2m:[0m flushed 250 bytes
[2m2025-12-10T10:13:01.626855Z[0m [34mDEBUG[0m [2mhyper::proto::h1::io[0m[2m:[0m parsed 4 headers
[2m2025-12-10T10:13:01.626876Z[0m [34mDEBUG[0m [2mhyper::proto::h1::conn[0m[2m:[0m incoming body is content-length (770 bytes)
[2m2025-12-10T10:13:01.626884Z[0m [34mDEBUG[0m [2mhyper::proto::h1::conn[0m[2m:[0m incoming body completed
[2m2025-12-10T10:13:01.626894Z[0m [34mDEBUG[0m [2mhyper::client::pool[0m[2m:[0m pooling idle connection for ("http", 192.168.0.14:8545)
[2m2025-12-10T10:13:01.626904Z[0m [34mDEBUG[0m [2methereum_transaction_pool_monitor::eth_client[0m[2m:[0m 📡 Transaction fetch RPC completed in 13.289291ms
[2m2025-12-10T10:13:01.695604Z[0m [34mDEBUG[0m [2methereum_transaction_pool_monitor::eth_client[0m[2m:[0m ✅ Transaction 0xf9d9cae98daeba5907a84bc30466bd1553ae44228ae5ce090bb49f51ae840a31 fetched and parsed in 81.987041ms
[2m2025-12-10T10:13:01.695629Z[0m [34mDEBUG[0m [2methereum_transaction_pool_monitor::mempool_monitor[0m[2m:[0m 🔍 Skipping tx 0xf9d9cae98daeba5907a84bc30466bd1553ae44228ae5ce090bb49f51ae840a31 - not a DEX interaction (target: 0xA0b86991c6218b36c1d19D4a2e9Eb0cE3606eB48)
[2m2025-12-10T10:13:01.695636Z[0m [34mDEBUG[0m [2methereum_transaction_pool_monitor::mempool_monitor[0m[2m:[0m 📨 Processing new pending transaction: 0x1d053a504c7fb476eee273d71fa8cfc1d1242ae7c00f840e92ad8563794202d3
[2m2025-12-10T10:13:01.695640Z[0m [34mDEBUG[0m [2methereum_transaction_pool_monitor::mempool_monitor[0m[2m:[0m 🔍 Fetching transaction details for: 0x1d053a504c7fb476eee273d71fa8cfc1d1242ae7c00f840e92ad8563794202d3
[2m2025-12-10T10:13:01.695644Z[0m [34mDEBUG[0m [2methereum_transaction_pool_monitor::eth_client[0m[2m:[0m 🔍 Fetching transaction details for hash: 0x1d053a504c7fb476eee273d71fa8cfc1d1242ae7c00f840e92ad8563794202d3
[2m2025-12-10T10:13:01.695661Z[0m [34mDEBUG[0m [2mhyper::client::pool[0m[2m:[0m reuse idle connection for ("http", 192.168.0.14:8545)
[2m2025-12-10T10:13:01.695709Z[0m [34mDEBUG[0m [2mhyper::proto::h1::io[0m[2m:[0m flushed 250 bytes
[2m2025-12-10T10:13:01.695728Z[0m [34mDEBUG[0m [2methereum_transaction_pool_monitor::eth_client[0m[2m:[0m 📨 Received WebSocket message: {"jsonrpc":"2.0","method":"eth_subscription","params":{"subscription":"0xbed0a0851463e895960a451075a301a9","result":"0x8fedea15b0f5a227b8c7ea365e546036a381e1773d1aca6a81b6263ad6b8b2bc"}}
[2m2025-12-10T10:13:01.695734Z[0m [34mDEBUG[0m [2methereum_transaction_pool_monitor::eth_client[0m[2m:[0m 📨 Received pending transaction: 0x8fedea15b0f5a227b8c7ea365e546036a381e1773d1aca6a81b6263ad6b8b2bc
[2m2025-12-10T10:13:01.695738Z[0m [34mDEBUG[0m [2methereum_transaction_pool_monitor::eth_client[0m[2m:[0m 📨 Received WebSocket message: {"jsonrpc":"2.0","method":"eth_subscription","params":{"subscription":"0xbed0a0851463e895960a451075a301a9","result":"0x498c913dd56f3b4d82e874c5d230c5316c18c7d2033a1561fc0b1021cbb63d2a"}}
[2m2025-12-10T10:13:01.695742Z[0m [34mDEBUG[0m [2methereum_transaction_pool_monitor::eth_client[0m[2m:[0m 📨 Received pending transaction: 0x498c913dd56f3b4d82e874c5d230c5316c18c7d2033a1561fc0b1021cbb63d2a
[2m2025-12-10T10:13:01.698268Z[0m [34mDEBUG[0m [2mhyper::client::pool[0m[2m:[0m reuse idle connection for ("http", 192.168.0.14:8545)
[2m2025-12-10T10:13:01.698298Z[0m [34mDEBUG[0m [2mhyper::proto::h1::io[0m[2m:[0m flushed 172 bytes
[2m2025-12-10T10:13:01.703682Z[0m [34mDEBUG[0m [2mhyper::proto::h1::io[0m[2m:[0m parsed 4 headers
[2m2025-12-10T10:13:01.703693Z[0m [34mDEBUG[0m [2mhyper::proto::h1::conn[0m[2m:[0m incoming body is content-length (771 bytes)
[2m2025-12-10T10:13:01.703701Z[0m [34mDEBUG[0m [2mhyper::proto::h1::conn[0m[2m:[0m incoming body completed
[2m2025-12-10T10:13:01.703709Z[0m [34mDEBUG[0m [2mhyper::client::pool[0m[2m:[0m pooling idle connection for ("http", 192.168.0.14:8545)
[2m2025-12-10T10:13:01.703715Z[0m [34mDEBUG[0m [2methereum_transaction_pool_monitor::eth_client[0m[2m:[0m 📡 Transaction fetch RPC completed in 8.068ms
[2m2025-12-10T10:13:01.703729Z[0m [34mDEBUG[0m [2methereum_transaction_pool_monitor::eth_client[0m[2m:[0m DeFi transaction detected - Address: 0xdac17f958d2ee523a2206206994597c13d831ec7, Type: Stablecoin, Value: 0 ETH, Gas: 1.75 Gwei
[2m2025-12-10T10:13:01.703740Z[0m [34mDEBUG[0m [2methereum_transaction_pool_monitor::eth_client[0m[2m:[0m ✅ Transaction 0x1d053a504c7fb476eee273d71fa8cfc1d1242ae7c00f840e92ad8563794202d3 fetched and parsed in 8.092333ms
[2m2025-12-10T10:13:01.703745Z[0m [34mDEBUG[0m [2methereum_transaction_pool_monitor::mempool_monitor[0m[2m:[0m 🔍 Skipping tx 0x1d053a504c7fb476eee273d71fa8cfc1d1242ae7c00f840e92ad8563794202d3 - not a DEX interaction (target: 0xdAC17F958D2ee523a2206206994597C13D831ec7)
[2m2025-12-10T10:13:01.703750Z[0m [34mDEBUG[0m [2methereum_transaction_pool_monitor::mempool_monitor[0m[2m:[0m 📨 Processing new pending transaction: 0x293585b4b5386d7c33b7da67ba8d1744b3ba33adcefd028327b3079c78457c94
[2m2025-12-10T10:13:01.703754Z[0m [34mDEBUG[0m [2methereum_transaction_pool_monitor::mempool_monitor[0m[2m:[0m 🔍 Fetching transaction details for: 0x293585b4b5386d7c33b7da67ba8d1744b3ba33adcefd028327b3079c78457c94
[2m2025-12-10T10:13:01.703757Z[0m [34mDEBUG[0m [2methereum_transaction_pool_monitor::eth_client[0m[2m:[0m 🔍 Fetching transaction details for hash: 0x293585b4b5386d7c33b7da67ba8d1744b3ba33adcefd028327b3079c78457c94
[2m2025-12-10T10:13:01.703767Z[0m [34mDEBUG[0m [2mhyper::client::pool[0m[2m:[0m reuse idle connection for ("http", 192.168.0.14:8545)
[2m2025-12-10T10:13:01.703792Z[0m [34mDEBUG[0m [2mhyper::proto::h1::io[0m[2m:[0m flushed 250 bytes
[2m2025-12-10T10:13:01.706032Z[0m [34mDEBUG[0m [2mhyper::proto::h1::io[0m[2m:[0m parsed 4 headers
[2m2025-12-10T10:13:01.706051Z[0m [34mDEBUG[0m [2mhyper::proto::h1::conn[0m[2m:[0m incoming body is content-length (45 bytes)
[2m2025-12-10T10:13:01.706069Z[0m [34mDEBUG[0m [2mhyper::proto::h1::conn[0m[2m:[0m incoming body completed
[2m2025-12-10T10:13:01.706089Z[0m [34mDEBUG[0m [2mhyper::client::pool[0m[2m:[0m pooling idle connection for ("http", 192.168.0.14:8545)
[2m2025-12-10T10:13:01.710974Z[0m [34mDEBUG[0m [2mhyper::proto::h1::io[0m[2m:[0m parsed 4 headers
[2m2025-12-10T10:13:01.710981Z[0m [34mDEBUG[0m [2mhyper::proto::h1::conn[0m[2m:[0m incoming body is content-length (771 bytes)
[2m2025-12-10T10:13:01.710986Z[0m [34mDEBUG[0m [2mhyper::proto::h1::conn[0m[2m:[0m incoming body completed
[2m2025-12-10T10:13:01.710992Z[0m [34mDEBUG[0m [2mhyper::client::pool[0m[2m:[0m pooling idle connection for ("http", 192.168.0.14:8545)
[2m2025-12-10T10:13:01.710997Z[0m [34mDEBUG[0m [2methereum_transaction_pool_monitor::eth_client[0m[2m:[0m 📡 Transaction fetch RPC completed in 7.236416ms
[2m2025-12-10T10:13:01.711007Z[0m [34mDEBUG[0m [2methereum_transaction_pool_monitor::eth_client[0m[2m:[0m DeFi transaction detected - Address: 0xdac17f958d2ee523a2206206994597c13d831ec7, Type: Stablecoin, Value: 0 ETH, Gas: 1.75 Gwei
[2m2025-12-10T10:13:01.711015Z[0m [34mDEBUG[0m [2methereum_transaction_pool_monitor::eth_client[0m[2m:[0m ✅ Transaction 0x293585b4b5386d7c33b7da67ba8d1744b3ba33adcefd028327b3079c78457c94 fetched and parsed in 7.254833ms
[2m2025-12-10T10:13:01.711020Z[0m [34mDEBUG[0m [2methereum_transaction_pool_monitor::mempool_monitor[0m[2m:[0m 🔍 Skipping tx 0x293585b4b5386d7c33b7da67ba8d1744b3ba33adcefd028327b3079c78457c94 - not a DEX interaction (target: 0xdAC17F958D2ee523a2206206994597C13D831ec7)
[2m2025-12-10T10:13:01.711030Z[0m [34mDEBUG[0m [2methereum_transaction_pool_monitor::mempool_monitor[0m[2m:[0m 📨 Processing new pending transaction: 0x5820813a7d9504a89067aae6fa08abaf1f060aa2e6374b3b4fb4cc719dc90b5b
[2m2025-12-10T10:13:01.711033Z[0m [34mDEBUG[0m [2methereum_transaction_pool_monitor::mempool_monitor[0m[2m:[0m 🔍 Fetching transaction details for: 0x5820813a7d9504a89067aae6fa08abaf1f060aa2e6374b3b4fb4cc719dc90b5b
[2m2025-12-10T10:13:01.711084Z[0m [34mDEBUG[0m [2methereum_transaction_pool_monitor::eth_client[0m[2m:[0m 🔍 Fetching transaction details for hash: 0x5820813a7d9504a89067aae6fa08abaf1f060aa2e6374b3b4fb4cc719dc90b5b
[2m2025-12-10T10:13:01.711097Z[0m [34mDEBUG[0m [2mhyper::client::pool[0m[2m:[0m reuse idle connection for ("http", 192.168.0.14:8545)
[2m2025-12-10T10:13:01.711117Z[0m [34mDEBUG[0m [2mhyper::proto::h1::io[0m[2m:[0m flushed 250 bytes
[2m2025-12-10T10:13:01.716238Z[0m [34mDEBUG[0m [2mhyper::proto::h1::io[0m[2m:[0m parsed 4 headers
[2m2025-12-10T10:13:01.716247Z[0m [34mDEBUG[0m [2mhyper::proto::h1::conn[0m[2m:[0m incoming body is content-length (771 bytes)
[2m2025-12-10T10:13:01.716254Z[0m [34mDEBUG[0m [2mhyper::proto::h1::conn[0m[2m:[0m incoming body completed
[2m2025-12-10T10:13:01.716264Z[0m [34mDEBUG[0m [2mhyper::client::pool[0m[2m:[0m pooling idle connection for ("http", 192.168.0.14:8545)
[2m2025-12-10T10:13:01.716270Z[0m [34mDEBUG[0m [2methereum_transaction_pool_monitor::eth_client[0m[2m:[0m 📡 Transaction fetch RPC completed in 5.179417ms
[2m2025-12-10T10:13:01.716282Z[0m [34mDEBUG[0m [2methereum_transaction_pool_monitor::eth_client[0m[2m:[0m DeFi transaction detected - Address: 0xdac17f958d2ee523a2206206994597c13d831ec7, Type: Stablecoin, Value: 0 ETH, Gas: 1.75 Gwei
[2m2025-12-10T10:13:01.716293Z[0m [34mDEBUG[0m [2methereum_transaction_pool_monitor::eth_client[0m[2m:[0m ✅ Transaction 0x5820813a7d9504a89067aae6fa08abaf1f060aa2e6374b3b4fb4cc719dc90b5b fetched and parsed in 5.202458ms
[2m2025-12-10T10:13:01.716299Z[0m [34mDEBUG[0m [2methereum_transaction_pool_monitor::mempool_monitor[0m[2m:[0m 🔍 Skipping tx 0x5820813a7d9504a89067aae6fa08abaf1f060aa2e6374b3b4fb4cc719dc90b5b - not a DEX interaction (target: 0xdAC17F958D2ee523a2206206994597C13D831ec7)
[2m2025-12-10T10:13:01.716306Z[0m [34mDEBUG[0m [2methereum_transaction_pool_monitor::mempool_monitor[0m[2m:[0m 📨 Processing new pending transaction: 0xafefb4e6634e445139c911fce9adc999cb7b20e97ba05c0fbb19de4f85d216a9
[2m2025-12-10T10:13:01.716310Z[0m [34mDEBUG[0m [2methereum_transaction_pool_monitor::mempool_monitor[0m[2m:[0m 🔍 Fetching transaction details for: 0xafefb4e6634e445139c911fce9adc999cb7b20e97ba05c0fbb19de4f85d216a9
[2m2025-12-10T10:13:01.716313Z[0m [34mDEBUG[0m [2methereum_transaction_pool_monitor::eth_client[0m[2m:[0m 🔍 Fetching transaction details for hash: 0xafefb4e6634e445139c911fce9adc999cb7b20e97ba05c0fbb19de4f85d216a9
[2m2025-12-10T10:13:01.716323Z[0m [34mDEBUG[0m [2mhyper::client::pool[0m[2m:[0m reuse idle connection for ("http", 192.168.0.14:8545)
[2m2025-12-10T10:13:01.716342Z[0m [34mDEBUG[0m [2mhyper::proto::h1::io[0m[2m:[0m flushed 250 bytes
[2m2025-12-10T10:13:01.724546Z[0m [34mDEBUG[0m [2mhyper::proto::h1::io[0m[2m:[0m parsed 4 headers
[2m2025-12-10T10:13:01.724570Z[0m [34mDEBUG[0m [2mhyper::proto::h1::conn[0m[2m:[0m incoming body is content-length (770 bytes)
[2m2025-12-10T10:13:01.724587Z[0m [34mDEBUG[0m [2mhyper::proto::h1::conn[0m[2m:[0m incoming body completed
[2m2025-12-10T10:13:01.724607Z[0m [34mDEBUG[0m [2mhyper::client::pool[0m[2m:[0m pooling idle connection for ("http", 192.168.0.14:8545)
[2m2025-12-10T10:13:01.724612Z[0m [34mDEBUG[0m [2methereum_transaction_pool_monitor::eth_client[0m[2m:[0m 📡 Transaction fetch RPC completed in 8.295875ms
[2m2025-12-10T10:13:01.724624Z[0m [34mDEBUG[0m [2methereum_transaction_pool_monitor::eth_client[0m[2m:[0m DeFi transaction detected - Address: 0xdac17f958d2ee523a2206206994597c13d831ec7, Type: Stablecoin, Value: 0 ETH, Gas: 1.75 Gwei
[2m2025-12-10T10:13:01.724632Z[0m [34mDEBUG[0m [2methereum_transaction_pool_monitor::eth_client[0m[2m:[0m ✅ Transaction 0xafefb4e6634e445139c911fce9adc999cb7b20e97ba05c0fbb19de4f85d216a9 fetched and parsed in 8.315958ms
[2m2025-12-10T10:13:01.724637Z[0m [34mDEBUG[0m [2methereum_transaction_pool_monitor::mempool_monitor[0m[2m:[0m 🔍 Skipping tx 0xafefb4e6634e445139c911fce9adc999cb7b20e97ba05c0fbb19de4f85d216a9 - not a DEX interaction (target: 0xdAC17F958D2ee523a2206206994597C13D831ec7)
[2m2025-12-10T10:13:01.724643Z[0m [34mDEBUG[0m [2methereum_transaction_pool_monitor::mempool_monitor[0m[2m:[0m 📨 Processing new pending transaction: 0x25f7fee4d11017798b4b804c6d2c5a14b5621bd15765f89b4e36bcd9fb5f9544
[2m2025-12-10T10:13:01.724646Z[0m [34mDEBUG[0m [2methereum_transaction_pool_monitor::mempool_monitor[0m[2m:[0m 🔍 Fetching transaction details for: 0x25f7fee4d11017798b4b804c6d2c5a14b5621bd15765f89b4e36bcd9fb5f9544
[2m2025-12-10T10:13:01.724649Z[0m [34mDEBUG[0m [2methereum_transaction_pool_monitor::eth_client[0m[2m:[0m 🔍 Fetching transaction details for hash: 0x25f7fee4d11017798b4b804c6d2c5a14b5621bd15765f89b4e36bcd9fb5f9544
[2m2025-12-10T10:13:01.724659Z[0m [34mDEBUG[0m [2mhyper::client::pool[0m[2m:[0m reuse idle connection for ("http", 192.168.0.14:8545)
[2m2025-12-10T10:13:01.724676Z[0m [34mDEBUG[0m [2mhyper::proto::h1::io[0m[2m:[0m flushed 250 bytes
[2m2025-12-10T10:13:01.729410Z[0m [34mDEBUG[0m [2mhyper::proto::h1::io[0m[2m:[0m parsed 4 headers
[2m2025-12-10T10:13:01.729416Z[0m [34mDEBUG[0m [2mhyper::proto::h1::conn[0m[2m:[0m incoming body is content-length (770 bytes)
[2m2025-12-10T10:13:01.729421Z[0m [34mDEBUG[0m [2mhyper::proto::h1::conn[0m[2m:[0m incoming body completed
[2m2025-12-10T10:13:01.729426Z[0m [34mDEBUG[0m [2mhyper::client::pool[0m[2m:[0m pooling idle connection for ("http", 192.168.0.14:8545)
[2m2025-12-10T10:13:01.729430Z[0m [34mDEBUG[0m [2methereum_transaction_pool_monitor::eth_client[0m[2m:[0m 📡 Transaction fetch RPC completed in 4.777583ms
[2m2025-12-10T10:13:01.729439Z[0m [34mDEBUG[0m [2methereum_transaction_pool_monitor::eth_client[0m[2m:[0m DeFi transaction detected - Address: 0xdac17f958d2ee523a2206206994597c13d831ec7, Type: Stablecoin, Value: 0 ETH, Gas: 1.75 Gwei
[2m2025-12-10T10:13:01.729446Z[0m [34mDEBUG[0m [2methereum_transaction_pool_monitor::eth_client[0m[2m:[0m ✅ Transaction 0x25f7fee4d11017798b4b804c6d2c5a14b5621bd15765f89b4e36bcd9fb5f9544 fetched and parsed in 4.793708ms
[2m2025-12-10T10:13:01.729451Z[0m [34mDEBUG[0m [2methereum_transaction_pool_monitor::mempool_monitor[0m[2m:[0m 🔍 Skipping tx 0x25f7fee4d11017798b4b804c6d2c5a14b5621bd15765f89b4e36bcd9fb5f9544 - not a DEX interaction (target: 0xdAC17F958D2ee523a2206206994597C13D831ec7)
[2m2025-12-10T10:13:01.729455Z[0m [34mDEBUG[0m [2methereum_transaction_pool_monitor::mempool_monitor[0m[2m:[0m 📨 Processing new pending transaction: 0x625c86ef80978ca6b05d7ad6f3a9c0c545a2f918c7337353d054a46d48af7c56
[2m2025-12-10T10:13:01.729459Z[0m [34mDEBUG[0m [2methereum_transaction_pool_monitor::mempool_monitor[0m[2m:[0m 🔍 Fetching transaction details for: 0x625c86ef80978ca6b05d7ad6f3a9c0c545a2f918c7337353d054a46d48af7c56
[2m2025-12-10T10:13:01.729462Z[0m [34mDEBUG[0m [2methereum_transaction_pool_monitor::eth_client[0m[2m:[0m 🔍 Fetching transaction details for hash: 0x625c86ef80978ca6b05d7ad6f3a9c0c545a2f918c7337353d054a46d48af7c56
[2m2025-12-10T10:13:01.729469Z[0m [34mDEBUG[0m [2mhyper::client::pool[0m[2m:[0m reuse idle connection for ("http", 192.168.0.14:8545)
[2m2025-12-10T10:13:01.729483Z[0m [34mDEBUG[0m [2mhyper::proto::h1::io[0m[2m:[0m flushed 250 bytes
[2m2025-12-10T10:13:01.744775Z[0m [34mDEBUG[0m [2mhyper::proto::h1::io[0m[2m:[0m parsed 4 headers
[2m2025-12-10T10:13:01.744790Z[0m [34mDEBUG[0m [2mhyper::proto::h1::conn[0m[2m:[0m incoming body is content-length (770 bytes)
[2m2025-12-10T10:13:01.744796Z[0m [34mDEBUG[0m [2mhyper::proto::h1::conn[0m[2m:[0m incoming body completed
[2m2025-12-10T10:13:01.744803Z[0m [34mDEBUG[0m [2mhyper::client::pool[0m[2m:[0m pooling idle connection for ("http", 192.168.0.14:8545)
[2m2025-12-10T10:13:01.744808Z[0m [34mDEBUG[0m [2methereum_transaction_pool_monitor::eth_client[0m[2m:[0m 📡 Transaction fetch RPC completed in 15.34325ms
[2m2025-12-10T10:13:01.744820Z[0m [34mDEBUG[0m [2methereum_transaction_pool_monitor::eth_client[0m[2m:[0m DeFi transaction detected - Address: 0xdac17f958d2ee523a2206206994597c13d831ec7, Type: Stablecoin, Value: 0 ETH, Gas: 1.75 Gwei
[2m2025-12-10T10:13:01.744827Z[0m [34mDEBUG[0m [2methereum_transaction_pool_monitor::eth_client[0m[2m:[0m ✅ Transaction 0x625c86ef80978ca6b05d7ad6f3a9c0c545a2f918c7337353d054a46d48af7c56 fetched and parsed in 15.362583ms
[2m2025-12-10T10:13:01.744833Z[0m [34mDEBUG[0m [2methereum_transaction_pool_monitor::mempool_monitor[0m[2m:[0m 🔍 Skipping tx 0x625c86ef80978ca6b05d7ad6f3a9c0c545a2f918c7337353d054a46d48af7c56 - not a DEX interaction (target: 0xdAC17F958D2ee523a2206206994597C13D831ec7)
[2m2025-12-10T10:13:01.744839Z[0m [34mDEBUG[0m [2methereum_transaction_pool_monitor::mempool_monitor[0m[2m:[0m 📨 Processing new pending transaction: 0x9516715d84f95aeb7f9c1a5ba756a03205ea5e48822a84598cbc9cd68c9475f6
[2m2025-12-10T10:13:01.744842Z[0m [34mDEBUG[0m [2methereum_transaction_pool_monitor::mempool_monitor[0m[2m:[0m 🔍 Fetching transaction details for: 0x9516715d84f95aeb7f9c1a5ba756a03205ea5e48822a84598cbc9cd68c9475f6
[2m2025-12-10T10:13:01.744845Z[0m [34mDEBUG[0m [2methereum_transaction_pool_monitor::eth_client[0m[2m:[0m 🔍 Fetching transaction details for hash: 0x9516715d84f95aeb7f9c1a5ba756a03205ea5e48822a84598cbc9cd68c9475f6
[2m2025-12-10T10:13:01.744855Z[0m [34mDEBUG[0m [2mhyper::client::pool[0m[2m:[0m reuse idle connection for ("http", 192.168.0.14:8545)
[2m2025-12-10T10:13:01.744889Z[0m [34mDEBUG[0m [2mhyper::proto::h1::io[0m[2m:[0m flushed 250 bytes
[2m2025-12-10T10:13:01.749770Z[0m [34mDEBUG[0m [2mhyper::proto::h1::io[0m[2m:[0m parsed 4 headers
[2m2025-12-10T10:13:01.749781Z[0m [34mDEBUG[0m [2mhyper::proto::h1::conn[0m[2m:[0m incoming body is content-length (769 bytes)
[2m2025-12-10T10:13:01.749786Z[0m [34mDEBUG[0m [2mhyper::proto::h1::conn[0m[2m:[0m incoming body completed
[2m2025-12-10T10:13:01.749792Z[0m [34mDEBUG[0m [2mhyper::client::pool[0m[2m:[0m pooling idle connection for ("http", 192.168.0.14:8545)
[2m2025-12-10T10:13:01.749797Z[0m [34mDEBUG[0m [2methereum_transaction_pool_monitor::eth_client[0m[2m:[0m 📡 Transaction fetch RPC completed in 4.948709ms
[2m2025-12-10T10:13:01.749807Z[0m [34mDEBUG[0m [2methereum_transaction_pool_monitor::eth_client[0m[2m:[0m DeFi transaction detected - Address: 0xdac17f958d2ee523a2206206994597c13d831ec7, Type: Stablecoin, Value: 0 ETH, Gas: 1.75 Gwei
[2m2025-12-10T10:13:01.749815Z[0m [34mDEBUG[0m [2methereum_transaction_pool_monitor::eth_client[0m[2m:[0m ✅ Transaction 0x9516715d84f95aeb7f9c1a5ba756a03205ea5e48822a84598cbc9cd68c9475f6 fetched and parsed in 4.96625ms
[2m2025-12-10T10:13:01.749819Z[0m [34mDEBUG[0m [2methereum_transaction_pool_monitor::mempool_monitor[0m[2m:[0m 🔍 Skipping tx 0x9516715d84f95aeb7f9c1a5ba756a03205ea5e48822a84598cbc9cd68c9475f6 - not a DEX interaction (target: 0xdAC17F958D2ee523a2206206994597C13D831ec7)
[2m2025-12-10T10:13:01.749825Z[0m [34mDEBUG[0m [2methereum_transaction_pool_monitor::mempool_monitor[0m[2m:[0m 📨 Processing new pending transaction: 0xb865e17a90c8ef9454ff50862b0b179daf079d2f81baa741fee57a3550bb0673
[2m2025-12-10T10:13:01.749829Z[0m [34mDEBUG[0m [2methereum_transaction_pool_monitor::mempool_monitor[0m[2m:[0m 🔍 Fetching transaction details for: 0xb865e17a90c8ef9454ff50862b0b179daf079d2f81baa741fee57a3550bb0673
[2m2025-12-10T10:13:01.749832Z[0m [34mDEBUG[0m [2methereum_transaction_pool_monitor::eth_client[0m[2m:[0m 🔍 Fetching transaction details for hash: 0xb865e17a90c8ef9454ff50862b0b179daf079d2f81baa741fee57a3550bb0673
[2m2025-12-10T10:13:01.749839Z[0m [34mDEBUG[0m [2mhyper::client::pool[0m[2m:[0m reuse idle connection for ("http", 192.168.0.14:8545)
[2m2025-12-10T10:13:01.749861Z[0m [34mDEBUG[0m [2mhyper::proto::h1::io[0m[2m:[0m flushed 250 bytes
[2m2025-12-10T10:13:01.754914Z[0m [34mDEBUG[0m [2mhyper::proto::h1::io[0m[2m:[0m parsed 4 headers
[2m2025-12-10T10:13:01.754923Z[0m [34mDEBUG[0m [2mhyper::proto::h1::conn[0m[2m:[0m incoming body is content-length (770 bytes)
[2m2025-12-10T10:13:01.754927Z[0m [34mDEBUG[0m [2mhyper::proto::h1::conn[0m[2m:[0m incoming body completed
[2m2025-12-10T10:13:01.754932Z[0m [34mDEBUG[0m [2mhyper::client::pool[0m[2m:[0m pooling idle connection for ("http", 192.168.0.14:8545)
[2m2025-12-10T10:13:01.754936Z[0m [34mDEBUG[0m [2methereum_transaction_pool_monitor::eth_client[0m[2m:[0m 📡 Transaction fetch RPC completed in 5.101542ms
[2m2025-12-10T10:13:01.754944Z[0m [34mDEBUG[0m [2methereum_transaction_pool_monitor::eth_client[0m[2m:[0m DeFi transaction detected - Address: 0xdac17f958d2ee523a2206206994597c13d831ec7, Type: Stablecoin, Value: 0 ETH, Gas: 1.75 Gwei
[2m2025-12-10T10:13:01.754951Z[0m [34mDEBUG[0m [2methereum_transaction_pool_monitor::eth_client[0m[2m:[0m ✅ Transaction 0xb865e17a90c8ef9454ff50862b0b179daf079d2f81baa741fee57a3550bb0673 fetched and parsed in 5.116625ms
[2m2025-12-10T10:13:01.754956Z[0m [34mDEBUG[0m [2methereum_transaction_pool_monitor::mempool_monitor[0m[2m:[0m 🔍 Skipping tx 0xb865e17a90c8ef9454ff50862b0b179daf079d2f81baa741fee57a3550bb0673 - not a DEX interaction (target: 0xdAC17F958D2ee523a2206206994597C13D831ec7)
[2m2025-12-10T10:13:01.754961Z[0m [34mDEBUG[0m [2methereum_transaction_pool_monitor::mempool_monitor[0m[2m:[0m 📨 Processing new pending transaction: 0x5493d81c630e4ad2fec17ccfd57837b51ec01d827991a65ae17ab7363ba60f06
[2m2025-12-10T10:13:01.754964Z[0m [34mDEBUG[0m [2methereum_transaction_pool_monitor::mempool_monitor[0m[2m:[0m 🔍 Fetching transaction details for: 0x5493d81c630e4ad2fec17ccfd57837b51ec01d827991a65ae17ab7363ba60f06
[2m2025-12-10T10:13:01.754967Z[0m [34mDEBUG[0m [2methereum_transaction_pool_monitor::eth_client[0m[2m:[0m 🔍 Fetching transaction details for hash: 0x5493d81c630e4ad2fec17ccfd57837b51ec01d827991a65ae17ab7363ba60f06
[2m2025-12-10T10:13:01.754974Z[0m [34mDEBUG[0m [2mhyper::client::pool[0m[2m:[0m reuse idle connection for ("http", 192.168.0.14:8545)
[2m2025-12-10T10:13:01.754995Z[0m [34mDEBUG[0m [2mhyper::proto::h1::io[0m[2m:[0m flushed 250 bytes
[2m2025-12-10T10:13:01.761523Z[0m [34mDEBUG[0m [2mhyper::proto::h1::io[0m[2m:[0m parsed 4 headers
[2m2025-12-10T10:13:01.761529Z[0m [34mDEBUG[0m [2mhyper::proto::h1::conn[0m[2m:[0m incoming body is content-length (769 bytes)
[2m2025-12-10T10:13:01.761533Z[0m [34mDEBUG[0m [2mhyper::proto::h1::conn[0m[2m:[0m incoming body completed
[2m2025-12-10T10:13:01.761538Z[0m [34mDEBUG[0m [2mhyper::client::pool[0m[2m:[0m pooling idle connection for ("http", 192.168.0.14:8545)
[2m2025-12-10T10:13:01.761543Z[0m [34mDEBUG[0m [2methereum_transaction_pool_monitor::eth_client[0m[2m:[0m 📡 Transaction fetch RPC completed in 6.572916ms
[2m2025-12-10T10:13:01.761551Z[0m [34mDEBUG[0m [2methereum_transaction_pool_monitor::eth_client[0m[2m:[0m DeFi transaction detected - Address: 0xdac17f958d2ee523a2206206994597c13d831ec7, Type: Stablecoin, Value: 0 ETH, Gas: 0.21 Gwei
[2m2025-12-10T10:13:01.761560Z[0m [34mDEBUG[0m [2methereum_transaction_pool_monitor::eth_client[0m[2m:[0m ✅ Transaction 0x5493d81c630e4ad2fec17ccfd57837b51ec01d827991a65ae17ab7363ba60f06 fetched and parsed in 6.589458ms
[2m2025-12-10T10:13:01.761565Z[0m [34mDEBUG[0m [2methereum_transaction_pool_monitor::mempool_monitor[0m[2m:[0m 🔍 Skipping tx 0x5493d81c630e4ad2fec17ccfd57837b51ec01d827991a65ae17ab7363ba60f06 - not a DEX interaction (target: 0xdAC17F958D2ee523a2206206994597C13D831ec7)
[2m2025-12-10T10:13:01.761577Z[0m [34mDEBUG[0m [2methereum_transaction_pool_monitor::mempool_monitor[0m[2m:[0m 📨 Processing new pending transaction: 0x066107f4c9a2e108578fac5b8b9377d0654d24921e3a2afeddb789fd9e6270ec
[2m2025-12-10T10:13:01.761581Z[0m [34mDEBUG[0m [2methereum_transaction_pool_monitor::mempool_monitor[0m[2m:[0m 🔍 Fetching transaction details for: 0x066107f4c9a2e108578fac5b8b9377d0654d24921e3a2afeddb789fd9e6270ec
[2m2025-12-10T10:13:01.763918Z[0m [34mDEBUG[0m [2methereum_transaction_pool_monitor::eth_client[0m[2m:[0m 🔍 Fetching transaction details for hash: 0x066107f4c9a2e108578fac5b8b9377d0654d24921e3a2afeddb789fd9e6270ec
[2m2025-12-10T10:13:01.763929Z[0m [34mDEBUG[0m [2mhyper::client::pool[0m[2m:[0m reuse idle connection for ("http", 192.168.0.14:8545)
[2m2025-12-10T10:13:01.763954Z[0m [34mDEBUG[0m [2mhyper::proto::h1::io[0m[2m:[0m flushed 250 bytes
[2m2025-12-10T10:13:01.769623Z[0m [34mDEBUG[0m [2mhyper::proto::h1::io[0m[2m:[0m parsed 4 headers
[2m2025-12-10T10:13:01.769633Z[0m [34mDEBUG[0m [2mhyper::proto::h1::conn[0m[2m:[0m incoming body is content-length (769 bytes)
[2m2025-12-10T10:13:01.769639Z[0m [34mDEBUG[0m [2mhyper::proto::h1::conn[0m[2m:[0m incoming body completed
[2m2025-12-10T10:13:01.769644Z[0m [34mDEBUG[0m [2mhyper::client::pool[0m[2m:[0m pooling idle connection for ("http", 192.168.0.14:8545)
[2m2025-12-10T10:13:01.769649Z[0m [34mDEBUG[0m [2methereum_transaction_pool_monitor::eth_client[0m[2m:[0m 📡 Transaction fetch RPC completed in 5.723541ms
[2m2025-12-10T10:13:01.769658Z[0m [34mDEBUG[0m [2methereum_transaction_pool_monitor::eth_client[0m[2m:[0m DeFi transaction detected - Address: 0xdac17f958d2ee523a2206206994597c13d831ec7, Type: Stablecoin, Value: 0 ETH, Gas: 1.75 Gwei
[2m2025-12-10T10:13:01.769665Z[0m [34mDEBUG[0m [2methereum_transaction_pool_monitor::eth_client[0m[2m:[0m ✅ Transaction 0x066107f4c9a2e108578fac5b8b9377d0654d24921e3a2afeddb789fd9e6270ec fetched and parsed in 5.739791ms
[2m2025-12-10T10:13:01.769670Z[0m [34mDEBUG[0m [2methereum_transaction_pool_monitor::mempool_monitor[0m[2m:[0m 🔍 Skipping tx 0x066107f4c9a2e108578fac5b8b9377d0654d24921e3a2afeddb789fd9e6270ec - not a DEX interaction (target: 0xdAC17F958D2ee523a2206206994597C13D831ec7)
[2m2025-12-10T10:13:01.769675Z[0m [34mDEBUG[0m [2methereum_transaction_pool_monitor::mempool_monitor[0m[2m:[0m 📨 Processing new pending transaction: 0x901ef9e05e1723c9bc84925c5b315a9889fb2862d4322cf7a47fd58a9b3d6875
[2m2025-12-10T10:13:01.769678Z[0m [34mDEBUG[0m [2methereum_transaction_pool_monitor::mempool_monitor[0m[2m:[0m 🔍 Fetching transaction details for: 0x901ef9e05e1723c9bc84925c5b315a9889fb2862d4322cf7a47fd58a9b3d6875
[2m2025-12-10T10:13:01.769681Z[0m [34mDEBUG[0m [2methereum_transaction_pool_monitor::eth_client[0m[2m:[0m 🔍 Fetching transaction details for hash: 0x901ef9e05e1723c9bc84925c5b315a9889fb2862d4322cf7a47fd58a9b3d6875
[2m2025-12-10T10:13:01.769688Z[0m [34mDEBUG[0m [2mhyper::client::pool[0m[2m:[0m reuse idle connection for ("http", 192.168.0.14:8545)
[2m2025-12-10T10:13:01.769711Z[0m [34mDEBUG[0m [2mhyper::proto::h1::io[0m[2m:[0m flushed 250 bytes
[2m2025-12-10T10:13:01.776601Z[0m [34mDEBUG[0m [2mhyper::proto::h1::io[0m[2m:[0m parsed 4 headers
[2m2025-12-10T10:13:01.776624Z[0m [34mDEBUG[0m [2mhyper::proto::h1::conn[0m[2m:[0m incoming body is content-length (770 bytes)
[2m2025-12-10T10:13:01.776640Z[0m [34mDEBUG[0m [2mhyper::proto::h1::conn[0m[2m:[0m incoming body completed
[2m2025-12-10T10:13:01.776663Z[0m [34mDEBUG[0m [2mhyper::client::pool[0m[2m:[0m pooling idle connection for ("http", 192.168.0.14:8545)
[2m2025-12-10T10:13:01.776668Z[0m [34mDEBUG[0m [2methereum_transaction_pool_monitor::eth_client[0m[2m:[0m 📡 Transaction fetch RPC completed in 6.983625ms
[2m2025-12-10T10:13:01.847370Z[0m [34mDEBUG[0m [2methereum_transaction_pool_monitor::eth_client[0m[2m:[0m ✅ Transaction 0x901ef9e05e1723c9bc84925c5b315a9889fb2862d4322cf7a47fd58a9b3d6875 fetched and parsed in 77.683958ms
[2m2025-12-10T10:13:01.847396Z[0m [34mDEBUG[0m [2methereum_transaction_pool_monitor::mempool_monitor[0m[2m:[0m 🔍 Skipping tx 0x901ef9e05e1723c9bc84925c5b315a9889fb2862d4322cf7a47fd58a9b3d6875 - not a DEX interaction (target: 0xc944E90C64B2c07662A292be6244BDf05Cda44a7)
[2m2025-12-10T10:13:01.847405Z[0m [34mDEBUG[0m [2methereum_transaction_pool_monitor::mempool_monitor[0m[2m:[0m 📨 Processing new pending transaction: 0xdb91b1acac631e639834dc26f7e9c1c71bb0535a38c55b90f81c12e79e7e0196
[2m2025-12-10T10:13:01.847412Z[0m [34mDEBUG[0m [2methereum_transaction_pool_monitor::mempool_monitor[0m[2m:[0m 🔍 Fetching transaction details for: 0xdb91b1acac631e639834dc26f7e9c1c71bb0535a38c55b90f81c12e79e7e0196
[2m2025-12-10T10:13:01.847417Z[0m [34mDEBUG[0m [2methereum_transaction_pool_monitor::eth_client[0m[2m:[0m 🔍 Fetching transaction details for hash: 0xdb91b1acac631e639834dc26f7e9c1c71bb0535a38c55b90f81c12e79e7e0196
[2m2025-12-10T10:13:01.847433Z[0m [34mDEBUG[0m [2mhyper::client::pool[0m[2m:[0m reuse idle connection for ("http", 192.168.0.14:8545)
[2m2025-12-10T10:13:01.847476Z[0m [34mDEBUG[0m [2mhyper::proto::h1::io[0m[2m:[0m flushed 250 bytes
[2m2025-12-10T10:13:01.847492Z[0m [34mDEBUG[0m [2mhyper::client::pool[0m[2m:[0m reuse idle connection for ("http", 192.168.0.14:8545)
[2m2025-12-10T10:13:01.847502Z[0m [34mDEBUG[0m [2methereum_transaction_pool_monitor::eth_client[0m[2m:[0m 📨 Received WebSocket message: {"jsonrpc":"2.0","method":"eth_subscription","params":{"subscription":"0xbed0a0851463e895960a451075a301a9","result":"0xd04b13d4cf408a209b6d2c37d9b7ae35cd0bcf57de465799d9a5d8a207e80423"}}
[2m2025-12-10T10:13:01.847504Z[0m [34mDEBUG[0m [2mhyper::proto::h1::io[0m[2m:[0m flushed 172 bytes
[2m2025-12-10T10:13:01.847514Z[0m [34mDEBUG[0m [2methereum_transaction_pool_monitor::eth_client[0m[2m:[0m 📨 Received pending transaction: 0xd04b13d4cf408a209b6d2c37d9b7ae35cd0bcf57de465799d9a5d8a207e80423
[2m2025-12-10T10:13:01.853691Z[0m [34mDEBUG[0m [2mhyper::proto::h1::io[0m[2m:[0m parsed 4 headers
[2m2025-12-10T10:13:01.853700Z[0m [34mDEBUG[0m [2mhyper::proto::h1::conn[0m[2m:[0m incoming body is content-length (768 bytes)
[2m2025-12-10T10:13:01.853706Z[0m [34mDEBUG[0m [2mhyper::proto::h1::conn[0m[2m:[0m incoming body completed
[2m2025-12-10T10:13:01.853713Z[0m [34mDEBUG[0m [2mhyper::client::pool[0m[2m:[0m pooling idle connection for ("http", 192.168.0.14:8545)
[2m2025-12-10T10:13:01.853718Z[0m [34mDEBUG[0m [2methereum_transaction_pool_monitor::eth_client[0m[2m:[0m 📡 Transaction fetch RPC completed in 6.295541ms
[2m2025-12-10T10:13:01.853729Z[0m [34mDEBUG[0m [2methereum_transaction_pool_monitor::eth_client[0m[2m:[0m DeFi transaction detected - Address: 0xdac17f958d2ee523a2206206994597c13d831ec7, Type: Stablecoin, Value: 0 ETH, Gas: 0.20 Gwei
[2m2025-12-10T10:13:01.853738Z[0m [34mDEBUG[0m [2methereum_transaction_pool_monitor::eth_client[0m[2m:[0m ✅ Transaction 0xdb91b1acac631e639834dc26f7e9c1c71bb0535a38c55b90f81c12e79e7e0196 fetched and parsed in 6.316041ms
[2m2025-12-10T10:13:01.853743Z[0m [34mDEBUG[0m [2methereum_transaction_pool_monitor::mempool_monitor[0m[2m:[0m 🔍 Skipping tx 0xdb91b1acac631e639834dc26f7e9c1c71bb0535a38c55b90f81c12e79e7e0196 - not a DEX interaction (target: 0xdAC17F958D2ee523a2206206994597C13D831ec7)
[2m2025-12-10T10:13:01.853748Z[0m [34mDEBUG[0m [2methereum_transaction_pool_monitor::mempool_monitor[0m[2m:[0m 📨 Processing new pending transaction: 0xe710d5a821f98ecd9665963168243c6e841077c9e376c50980aa0bae3130170a
[2m2025-12-10T10:13:01.853752Z[0m [34mDEBUG[0m [2methereum_transaction_pool_monitor::mempool_monitor[0m[2m:[0m 🔍 Fetching transaction details for: 0xe710d5a821f98ecd9665963168243c6e841077c9e376c50980aa0bae3130170a
[2m2025-12-10T10:13:01.853755Z[0m [34mDEBUG[0m [2methereum_transaction_pool_monitor::eth_client[0m[2m:[0m 🔍 Fetching transaction details for hash: 0xe710d5a821f98ecd9665963168243c6e841077c9e376c50980aa0bae3130170a
[2m2025-12-10T10:13:01.853762Z[0m [34mDEBUG[0m [2mhyper::client::pool[0m[2m:[0m reuse idle connection for ("http", 192.168.0.14:8545)
[2m2025-12-10T10:13:01.853779Z[0m [34mDEBUG[0m [2mhyper::proto::h1::io[0m[2m:[0m flushed 250 bytes
[2m2025-12-10T10:13:01.854543Z[0m [34mDEBUG[0m [2mhyper::proto::h1::io[0m[2m:[0m parsed 4 headers
[2m2025-12-10T10:13:01.854548Z[0m [34mDEBUG[0m [2mhyper::proto::h1::conn[0m[2m:[0m incoming body is content-length (45 bytes)
[2m2025-12-10T10:13:01.854552Z[0m [34mDEBUG[0m [2mhyper::proto::h1::conn[0m[2m:[0m incoming body completed
[2m2025-12-10T10:13:01.854558Z[0m [34mDEBUG[0m [2mhyper::client::pool[0m[2m:[0m pooling idle connection for ("http", 192.168.0.14:8545)
[2m2025-12-10T10:13:01.858913Z[0m [34mDEBUG[0m [2mhyper::proto::h1::io[0m[2m:[0m parsed 4 headers
[2m2025-12-10T10:13:01.858922Z[0m [34mDEBUG[0m [2mhyper::proto::h1::conn[0m[2m:[0m incoming body is content-length (771 bytes)
[2m2025-12-10T10:13:01.858927Z[0m [34mDEBUG[0m [2mhyper::proto::h1::conn[0m[2m:[0m incoming body completed
[2m2025-12-10T10:13:01.858932Z[0m [34mDEBUG[0m [2mhyper::client::pool[0m[2m:[0m pooling idle connection for ("http", 192.168.0.14:8545)
[2m2025-12-10T10:13:01.858937Z[0m [34mDEBUG[0m [2methereum_transaction_pool_monitor::eth_client[0m[2m:[0m 📡 Transaction fetch RPC completed in 5.179375ms
[2m2025-12-10T10:13:01.928035Z[0m [34mDEBUG[0m [2methereum_transaction_pool_monitor::eth_client[0m[2m:[0m ✅ Transaction 0xe710d5a821f98ecd9665963168243c6e841077c9e376c50980aa0bae3130170a fetched and parsed in 74.275084ms
[2m2025-12-10T10:13:01.928062Z[0m [34mDEBUG[0m [2methereum_transaction_pool_monitor::mempool_monitor[0m[2m:[0m 🔍 Skipping tx 0xe710d5a821f98ecd9665963168243c6e841077c9e376c50980aa0bae3130170a - not a DEX interaction (target: 0xB8f28C60dD8240141185a192fa4156A23E189305)
[2m2025-12-10T10:13:01.928069Z[0m [34mDEBUG[0m [2methereum_transaction_pool_monitor::mempool_monitor[0m[2m:[0m 📨 Processing new pending transaction: 0x626358ffb3d9175602e30c8b951e0dbcccac922d83af224b31ed2a84a24027de
[2m2025-12-10T10:13:01.928074Z[0m [34mDEBUG[0m [2methereum_transaction_pool_monitor::mempool_monitor[0m[2m:[0m 🔍 Fetching transaction details for: 0x626358ffb3d9175602e30c8b951e0dbcccac922d83af224b31ed2a84a24027de
[2m2025-12-10T10:13:01.928078Z[0m [34mDEBUG[0m [2methereum_transaction_pool_monitor::eth_client[0m[2m:[0m 🔍 Fetching transaction details for hash: 0x626358ffb3d9175602e30c8b951e0dbcccac922d83af224b31ed2a84a24027de
[2m2025-12-10T10:13:01.928094Z[0m [34mDEBUG[0m [2mhyper::client::pool[0m[2m:[0m reuse idle connection for ("http", 192.168.0.14:8545)
[2m2025-12-10T10:13:01.928138Z[0m [34mDEBUG[0m [2mhyper::proto::h1::io[0m[2m:[0m flushed 250 bytes
[2m2025-12-10T10:13:01.928166Z[0m [34mDEBUG[0m [2mhyper::client::pool[0m[2m:[0m reuse idle connection for ("http", 192.168.0.14:8545)
[2m2025-12-10T10:13:01.928178Z[0m [34mDEBUG[0m [2mhyper::proto::h1::io[0m[2m:[0m flushed 172 bytes
[2m2025-12-10T10:13:01.934470Z[0m [34mDEBUG[0m [2mhyper::proto::h1::io[0m[2m:[0m parsed 4 headers
[2m2025-12-10T10:13:01.934479Z[0m [34mDEBUG[0m [2mhyper::proto::h1::conn[0m[2m:[0m incoming body is content-length (45 bytes)
[2m2025-12-10T10:13:01.934485Z[0m [34mDEBUG[0m [2mhyper::proto::h1::conn[0m[2m:[0m incoming body completed
[2m2025-12-10T10:13:01.934492Z[0m [34mDEBUG[0m [2mhyper::client::pool[0m[2m:[0m pooling idle connection for ("http", 192.168.0.14:8545)
[2m2025-12-10T10:13:01.935067Z[0m [34mDEBUG[0m [2mhyper::proto::h1::io[0m[2m:[0m parsed 4 headers
[2m2025-12-10T10:13:01.935073Z[0m [34mDEBUG[0m [2mhyper::proto::h1::conn[0m[2m:[0m incoming body is content-length (771 bytes)
[2m2025-12-10T10:13:01.935078Z[0m [34mDEBUG[0m [2mhyper::proto::h1::conn[0m[2m:[0m incoming body completed
[2m2025-12-10T10:13:01.935084Z[0m [34mDEBUG[0m [2mhyper::client::pool[0m[2m:[0m pooling idle connection for ("http", 192.168.0.14:8545)
[2m2025-12-10T10:13:01.935090Z[0m [34mDEBUG[0m [2methereum_transaction_pool_monitor::eth_client[0m[2m:[0m 📡 Transaction fetch RPC completed in 7.00825ms
[2m2025-12-10T10:13:02.006737Z[0m [34mDEBUG[0m [2methereum_transaction_pool_monitor::eth_client[0m[2m:[0m ✅ Transaction 0x626358ffb3d9175602e30c8b951e0dbcccac922d83af224b31ed2a84a24027de fetched and parsed in 78.653ms
[2m2025-12-10T10:13:02.006763Z[0m [34mDEBUG[0m [2methereum_transaction_pool_monitor::mempool_monitor[0m[2m:[0m 🔍 Skipping tx 0x626358ffb3d9175602e30c8b951e0dbcccac922d83af224b31ed2a84a24027de - not a DEX interaction (target: 0xB8f28C60dD8240141185a192fa4156A23E189305)
[2m2025-12-10T10:13:02.006772Z[0m [34mDEBUG[0m [2methereum_transaction_pool_monitor::mempool_monitor[0m[2m:[0m 📨 Processing new pending transaction: 0xb5c86ded3c2a2dccfe40957517ef23eea87ac6f9c22b107fb9b2047a04b2cdf8
[2m2025-12-10T10:13:02.006778Z[0m [34mDEBUG[0m [2methereum_transaction_pool_monitor::mempool_monitor[0m[2m:[0m 🔍 Fetching transaction details for: 0xb5c86ded3c2a2dccfe40957517ef23eea87ac6f9c22b107fb9b2047a04b2cdf8
[2m2025-12-10T10:13:02.006782Z[0m [34mDEBUG[0m [2methereum_transaction_pool_monitor::eth_client[0m[2m:[0m 🔍 Fetching transaction details for hash: 0xb5c86ded3c2a2dccfe40957517ef23eea87ac6f9c22b107fb9b2047a04b2cdf8
[2m2025-12-10T10:13:02.006797Z[0m [34mDEBUG[0m [2mhyper::client::pool[0m[2m:[0m reuse idle connection for ("http", 192.168.0.14:8545)
[2m2025-12-10T10:13:02.006834Z[0m [34mDEBUG[0m [2mhyper::proto::h1::io[0m[2m:[0m flushed 250 bytes
[2m2025-12-10T10:13:02.006851Z[0m [34mDEBUG[0m [2mhyper::client::pool[0m[2m:[0m reuse idle connection for ("http", 192.168.0.14:8545)
[2m2025-12-10T10:13:02.006863Z[0m [34mDEBUG[0m [2mhyper::proto::h1::io[0m[2m:[0m flushed 172 bytes
[2m2025-12-10T10:13:02.006874Z[0m [34mDEBUG[0m [2methereum_transaction_pool_monitor::eth_client[0m[2m:[0m 📨 Received WebSocket message: {"jsonrpc":"2.0","method":"eth_subscription","params":{"subscription":"0xbed0a0851463e895960a451075a301a9","result":"0xc855989ba7fdc393150823eeb0a49116fa3c567a63c55c7838700168d57fcb84"}}
[2m2025-12-10T10:13:02.006884Z[0m [34mDEBUG[0m [2methereum_transaction_pool_monitor::eth_client[0m[2m:[0m 📨 Received pending transaction: 0xc855989ba7fdc393150823eeb0a49116fa3c567a63c55c7838700168d57fcb84
[2m2025-12-10T10:13:02.009505Z[0m [34mDEBUG[0m [2methereum_transaction_pool_monitor::eth_client[0m[2m:[0m 📨 Received WebSocket message: {"jsonrpc":"2.0","method":"eth_subscription","params":{"subscription":"0xbed0a0851463e895960a451075a301a9","result":"0xb4994e45c8df2e9dcdccc5a27b8a77a1d5b88145c838a8d57ac38191cf1b369e"}}
[2m2025-12-10T10:13:02.009515Z[0m [34mDEBUG[0m [2methereum_transaction_pool_monitor::eth_client[0m[2m:[0m 📨 Received pending transaction: 0xb4994e45c8df2e9dcdccc5a27b8a77a1d5b88145c838a8d57ac38191cf1b369e
[2m2025-12-10T10:13:02.012476Z[0m [34mDEBUG[0m [2mhyper::proto::h1::io[0m[2m:[0m parsed 4 headers
[2m2025-12-10T10:13:02.012486Z[0m [34mDEBUG[0m [2mhyper::proto::h1::conn[0m[2m:[0m incoming body is content-length (771 bytes)
[2m2025-12-10T10:13:02.012493Z[0m [34mDEBUG[0m [2mhyper::proto::h1::conn[0m[2m:[0m incoming body completed
[2m2025-12-10T10:13:02.012501Z[0m [34mDEBUG[0m [2mhyper::client::pool[0m[2m:[0m pooling idle connection for ("http", 192.168.0.14:8545)
[2m2025-12-10T10:13:02.012507Z[0m [34mDEBUG[0m [2methereum_transaction_pool_monitor::eth_client[0m[2m:[0m 📡 Transaction fetch RPC completed in 5.721875ms
[2m2025-12-10T10:13:02.083581Z[0m [34mDEBUG[0m [2methereum_transaction_pool_monitor::eth_client[0m[2m:[0m ✅ Transaction 0xb5c86ded3c2a2dccfe40957517ef23eea87ac6f9c22b107fb9b2047a04b2cdf8 fetched and parsed in 76.792416ms
[2m2025-12-10T10:13:02.083609Z[0m [34mDEBUG[0m [2methereum_transaction_pool_monitor::mempool_monitor[0m[2m:[0m 🔍 Skipping tx 0xb5c86ded3c2a2dccfe40957517ef23eea87ac6f9c22b107fb9b2047a04b2cdf8 - not a DEX interaction (target: 0xB8f28C60dD8240141185a192fa4156A23E189305)
[2m2025-12-10T10:13:02.083626Z[0m [34mDEBUG[0m [2methereum_transaction_pool_monitor::mempool_monitor[0m[2m:[0m 📨 Processing new pending transaction: 0xa573b419f20a531103775c70805662db050c4c1467d0402e1c9dba908af65331
[2m2025-12-10T10:13:02.083642Z[0m [34mDEBUG[0m [2methereum_transaction_pool_monitor::mempool_monitor[0m[2m:[0m 🔍 Fetching transaction details for: 0xa573b419f20a531103775c70805662db050c4c1467d0402e1c9dba908af65331
[2m2025-12-10T10:13:02.083734Z[0m [34mDEBUG[0m [2methereum_transaction_pool_monitor::eth_client[0m[2m:[0m 🔍 Fetching transaction details for hash: 0xa573b419f20a531103775c70805662db050c4c1467d0402e1c9dba908af65331
[2m2025-12-10T10:13:02.083753Z[0m [34mDEBUG[0m [2mhyper::client::pool[0m[2m:[0m reuse idle connection for ("http", 192.168.0.14:8545)
[2m2025-12-10T10:13:02.083772Z[0m [34mDEBUG[0m [2mhyper::proto::h1::io[0m[2m:[0m flushed 250 bytes
[2m2025-12-10T10:13:02.083791Z[0m [34mDEBUG[0m [2methereum_transaction_pool_monitor::eth_client[0m[2m:[0m 📨 Received WebSocket message: {"jsonrpc":"2.0","method":"eth_subscription","params":{"subscription":"0xbed0a0851463e895960a451075a301a9","result":"0x662875fd825e83a65f79d24a0910e954cec37deac3700152175add913c18978a"}}
[2m2025-12-10T10:13:02.083797Z[0m [34mDEBUG[0m [2mhyper::proto::h1::io[0m[2m:[0m parsed 4 headers
[2m2025-12-10T10:13:02.083798Z[0m [34mDEBUG[0m [2methereum_transaction_pool_monitor::eth_client[0m[2m:[0m 📨 Received pending transaction: 0x662875fd825e83a65f79d24a0910e954cec37deac3700152175add913c18978a
[2m2025-12-10T10:13:02.083818Z[0m [34mDEBUG[0m [2mhyper::proto::h1::conn[0m[2m:[0m incoming body is content-length (45 bytes)
[2m2025-12-10T10:13:02.083827Z[0m [34mDEBUG[0m [2mhyper::proto::h1::conn[0m[2m:[0m incoming body completed
[2m2025-12-10T10:13:02.083834Z[0m [34mDEBUG[0m [2mhyper::client::pool[0m[2m:[0m pooling idle connection for ("http", 192.168.0.14:8545)
[2m2025-12-10T10:13:02.090567Z[0m [34mDEBUG[0m [2mhyper::proto::h1::io[0m[2m:[0m parsed 4 headers
[2m2025-12-10T10:13:02.090573Z[0m [34mDEBUG[0m [2mhyper::proto::h1::conn[0m[2m:[0m incoming body is content-length (770 bytes)
[2m2025-12-10T10:13:02.090579Z[0m [34mDEBUG[0m [2mhyper::proto::h1::conn[0m[2m:[0m incoming body completed
[2m2025-12-10T10:13:02.090585Z[0m [34mDEBUG[0m [2mhyper::client::pool[0m[2m:[0m pooling idle connection for ("http", 192.168.0.14:8545)
[2m2025-12-10T10:13:02.090590Z[0m [34mDEBUG[0m [2methereum_transaction_pool_monitor::eth_client[0m[2m:[0m 📡 Transaction fetch RPC completed in 6.849125ms
[2m2025-12-10T10:13:02.090603Z[0m [34mDEBUG[0m [2methereum_transaction_pool_monitor::eth_client[0m[2m:[0m DeFi transaction detected - Address: 0xdac17f958d2ee523a2206206994597c13d831ec7, Type: Stablecoin, Value: 0 ETH, Gas: 1.75 Gwei
[2m2025-12-10T10:13:02.090613Z[0m [34mDEBUG[0m [2methereum_transaction_pool_monitor::eth_client[0m[2m:[0m ✅ Transaction 0xa573b419f20a531103775c70805662db050c4c1467d0402e1c9dba908af65331 fetched and parsed in 6.872292ms
[2m2025-12-10T10:13:02.090618Z[0m [34mDEBUG[0m [2methereum_transaction_pool_monitor::mempool_monitor[0m[2m:[0m 🔍 Skipping tx 0xa573b419f20a531103775c70805662db050c4c1467d0402e1c9dba908af65331 - not a DEX interaction (target: 0xdAC17F958D2ee523a2206206994597C13D831ec7)
[2m2025-12-10T10:13:02.090624Z[0m [34mDEBUG[0m [2methereum_transaction_pool_monitor::mempool_monitor[0m[2m:[0m 📨 Processing new pending transaction: 0xb69c47b0b785f6ec395b9f60bf74d27c6e16306e65084880d34595e097056705
[2m2025-12-10T10:13:02.090628Z[0m [34mDEBUG[0m [2methereum_transaction_pool_monitor::mempool_monitor[0m[2m:[0m 🔍 Fetching transaction details for: 0xb69c47b0b785f6ec395b9f60bf74d27c6e16306e65084880d34595e097056705
[2m2025-12-10T10:13:02.090631Z[0m [34mDEBUG[0m [2methereum_transaction_pool_monitor::eth_client[0m[2m:[0m 🔍 Fetching transaction details for hash: 0xb69c47b0b785f6ec395b9f60bf74d27c6e16306e65084880d34595e097056705
[2m2025-12-10T10:13:02.090643Z[0m [34mDEBUG[0m [2mhyper::client::pool[0m[2m:[0m reuse idle connection for ("http", 192.168.0.14:8545)
[2m2025-12-10T10:13:02.090659Z[0m [34mDEBUG[0m [2mhyper::proto::h1::io[0m[2m:[0m flushed 250 bytes
[2m2025-12-10T10:13:02.097867Z[0m [34mDEBUG[0m [2mhyper::client::pool[0m[2m:[0m reuse idle connection for ("http", 192.168.0.14:8545)
[2m2025-12-10T10:13:02.097903Z[0m [34mDEBUG[0m [2mhyper::proto::h1::io[0m[2m:[0m flushed 172 bytes
[2m2025-12-10T10:13:02.111683Z[0m [34mDEBUG[0m [2mhyper::proto::h1::io[0m[2m:[0m parsed 4 headers
[2m2025-12-10T10:13:02.111692Z[0m [34mDEBUG[0m [2mhyper::proto::h1::conn[0m[2m:[0m incoming body is content-length (770 bytes)
[2m2025-12-10T10:13:02.111698Z[0m [34mDEBUG[0m [2mhyper::proto::h1::conn[0m[2m:[0m incoming body completed
[2m2025-12-10T10:13:02.111708Z[0m [34mDEBUG[0m [2mhyper::client::pool[0m[2m:[0m pooling idle connection for ("http", 192.168.0.14:8545)
[2m2025-12-10T10:13:02.111715Z[0m [34mDEBUG[0m [2methereum_transaction_pool_monitor::eth_client[0m[2m:[0m 📡 Transaction fetch RPC completed in 21.080209ms
[2m2025-12-10T10:13:02.111728Z[0m [34mDEBUG[0m [2methereum_transaction_pool_monitor::eth_client[0m[2m:[0m DeFi transaction detected - Address: 0xdac17f958d2ee523a2206206994597c13d831ec7, Type: Stablecoin, Value: 0 ETH, Gas: 1.75 Gwei
[2m2025-12-10T10:13:02.111739Z[0m [34mDEBUG[0m [2methereum_transaction_pool_monitor::eth_client[0m[2m:[0m ✅ Transaction 0xb69c47b0b785f6ec395b9f60bf74d27c6e16306e65084880d34595e097056705 fetched and parsed in 21.104542ms
[2m2025-12-10T10:13:02.111745Z[0m [34mDEBUG[0m [2methereum_transaction_pool_monitor::mempool_monitor[0m[2m:[0m 🔍 Skipping tx 0xb69c47b0b785f6ec395b9f60bf74d27c6e16306e65084880d34595e097056705 - not a DEX interaction (target: 0xdAC17F958D2ee523a2206206994597C13D831ec7)
[2m2025-12-10T10:13:02.111752Z[0m [34mDEBUG[0m [2methereum_transaction_pool_monitor::mempool_monitor[0m[2m:[0m 📨 Processing new pending transaction: 0x3e280f07c96536a7289d6bf9da5be930460472401392df7a3650082465ae175b
[2m2025-12-10T10:13:02.111755Z[0m [34mDEBUG[0m [2methereum_transaction_pool_monitor::mempool_monitor[0m[2m:[0m 🔍 Fetching transaction details for: 0x3e280f07c96536a7289d6bf9da5be930460472401392df7a3650082465ae175b
[2m2025-12-10T10:13:02.111759Z[0m [34mDEBUG[0m [2methereum_transaction_pool_monitor::eth_client[0m[2m:[0m 🔍 Fetching transaction details for hash: 0x3e280f07c96536a7289d6bf9da5be930460472401392df7a3650082465ae175b
[2m2025-12-10T10:13:02.111769Z[0m [34mDEBUG[0m [2mhyper::client::pool[0m[2m:[0m reuse idle connection for ("http", 192.168.0.14:8545)
[2m2025-12-10T10:13:02.111784Z[0m [34mDEBUG[0m [2mhyper::proto::h1::io[0m[2m:[0m flushed 250 bytes
[2m2025-12-10T10:13:02.112079Z[0m [34mDEBUG[0m [2mhyper::proto::h1::io[0m[2m:[0m parsed 4 headers
[2m2025-12-10T10:13:02.112084Z[0m [34mDEBUG[0m [2mhyper::proto::h1::conn[0m[2m:[0m incoming body is content-length (45 bytes)
[2m2025-12-10T10:13:02.112089Z[0m [34mDEBUG[0m [2mhyper::proto::h1::conn[0m[2m:[0m incoming body completed
[2m2025-12-10T10:13:02.112094Z[0m [34mDEBUG[0m [2mhyper::client::pool[0m[2m:[0m pooling idle connection for ("http", 192.168.0.14:8545)
[2m2025-12-10T10:13:02.121398Z[0m [34mDEBUG[0m [2mhyper::proto::h1::io[0m[2m:[0m parsed 4 headers
[2m2025-12-10T10:13:02.121408Z[0m [34mDEBUG[0m [2mhyper::proto::h1::conn[0m[2m:[0m incoming body is content-length (770 bytes)
[2m2025-12-10T10:13:02.121414Z[0m [34mDEBUG[0m [2mhyper::proto::h1::conn[0m[2m:[0m incoming body completed
[2m2025-12-10T10:13:02.121425Z[0m [34mDEBUG[0m [2mhyper::client::pool[0m[2m:[0m pooling idle connection for ("http", 192.168.0.14:8545)
[2m2025-12-10T10:13:02.121432Z[0m [34mDEBUG[0m [2methereum_transaction_pool_monitor::eth_client[0m[2m:[0m 📡 Transaction fetch RPC completed in 9.66975ms
[2m2025-12-10T10:13:02.121448Z[0m [34mDEBUG[0m [2methereum_transaction_pool_monitor::eth_client[0m[2m:[0m DeFi transaction detected - Address: 0xdac17f958d2ee523a2206206994597c13d831ec7, Type: Stablecoin, Value: 0 ETH, Gas: 1.75 Gwei
[2m2025-12-10T10:13:02.121460Z[0m [34mDEBUG[0m [2methereum_transaction_pool_monitor::eth_client[0m[2m:[0m ✅ Transaction 0x3e280f07c96536a7289d6bf9da5be930460472401392df7a3650082465ae175b fetched and parsed in 9.697291ms
[2m2025-12-10T10:13:02.121467Z[0m [34mDEBUG[0m [2methereum_transaction_pool_monitor::mempool_monitor[0m[2m:[0m 🔍 Skipping tx 0x3e280f07c96536a7289d6bf9da5be930460472401392df7a3650082465ae175b - not a DEX interaction (target: 0xdAC17F958D2ee523a2206206994597C13D831ec7)
[2m2025-12-10T10:13:02.121473Z[0m [34mDEBUG[0m [2methereum_transaction_pool_monitor::mempool_monitor[0m[2m:[0m 📨 Processing new pending transaction: 0x9c72d23f49947a375d1a4457e4ef117a70951c4b73b4619acfc37132cf63e668
[2m2025-12-10T10:13:02.121477Z[0m [34mDEBUG[0m [2methereum_transaction_pool_monitor::mempool_monitor[0m[2m:[0m 🔍 Fetching transaction details for: 0x9c72d23f49947a375d1a4457e4ef117a70951c4b73b4619acfc37132cf63e668
[2m2025-12-10T10:13:02.121481Z[0m [34mDEBUG[0m [2methereum_transaction_pool_monitor::eth_client[0m[2m:[0m 🔍 Fetching transaction details for hash: 0x9c72d23f49947a375d1a4457e4ef117a70951c4b73b4619acfc37132cf63e668
[2m2025-12-10T10:13:02.121497Z[0m [34mDEBUG[0m [2mhyper::client::pool[0m[2m:[0m reuse idle connection for ("http", 192.168.0.14:8545)
[2m2025-12-10T10:13:02.121520Z[0m [34mDEBUG[0m [2mhyper::proto::h1::io[0m[2m:[0m flushed 250 bytes
[2m2025-12-10T10:13:02.126574Z[0m [34mDEBUG[0m [2mhyper::proto::h1::io[0m[2m:[0m parsed 4 headers
[2m2025-12-10T10:13:02.126581Z[0m [34mDEBUG[0m [2mhyper::proto::h1::conn[0m[2m:[0m incoming body is content-length (771 bytes)
[2m2025-12-10T10:13:02.126586Z[0m [34mDEBUG[0m [2mhyper::proto::h1::conn[0m[2m:[0m incoming body completed
[2m2025-12-10T10:13:02.126591Z[0m [34mDEBUG[0m [2mhyper::client::pool[0m[2m:[0m pooling idle connection for ("http", 192.168.0.14:8545)
[2m2025-12-10T10:13:02.126596Z[0m [34mDEBUG[0m [2methereum_transaction_pool_monitor::eth_client[0m[2m:[0m 📡 Transaction fetch RPC completed in 5.111416ms
[2m2025-12-10T10:13:02.126606Z[0m [34mDEBUG[0m [2methereum_transaction_pool_monitor::eth_client[0m[2m:[0m DeFi transaction detected - Address: 0xdac17f958d2ee523a2206206994597c13d831ec7, Type: Stablecoin, Value: 0 ETH, Gas: 1.75 Gwei
[2m2025-12-10T10:13:02.126614Z[0m [34mDEBUG[0m [2methereum_transaction_pool_monitor::eth_client[0m[2m:[0m ✅ Transaction 0x9c72d23f49947a375d1a4457e4ef117a70951c4b73b4619acfc37132cf63e668 fetched and parsed in 5.12925ms
[2m2025-12-10T10:13:02.126619Z[0m [34mDEBUG[0m [2methereum_transaction_pool_monitor::mempool_monitor[0m[2m:[0m 🔍 Skipping tx 0x9c72d23f49947a375d1a4457e4ef117a70951c4b73b4619acfc37132cf63e668 - not a DEX interaction (target: 0xdAC17F958D2ee523a2206206994597C13D831ec7)
[2m2025-12-10T10:13:02.126624Z[0m [34mDEBUG[0m [2methereum_transaction_pool_monitor::mempool_monitor[0m[2m:[0m 📨 Processing new pending transaction: 0x436d4b5acc4c94f7b2da2543d095d017df6db1f9f68ce3bf5fbca035ea64ee7b
[2m2025-12-10T10:13:02.126628Z[0m [34mDEBUG[0m [2methereum_transaction_pool_monitor::mempool_monitor[0m[2m:[0m 🔍 Fetching transaction details for: 0x436d4b5acc4c94f7b2da2543d095d017df6db1f9f68ce3bf5fbca035ea64ee7b
[2m2025-12-10T10:13:02.126631Z[0m [34mDEBUG[0m [2methereum_transaction_pool_monitor::eth_client[0m[2m:[0m 🔍 Fetching transaction details for hash: 0x436d4b5acc4c94f7b2da2543d095d017df6db1f9f68ce3bf5fbca035ea64ee7b
[2m2025-12-10T10:13:02.126639Z[0m [34mDEBUG[0m [2mhyper::client::pool[0m[2m:[0m reuse idle connection for ("http", 192.168.0.14:8545)
[2m2025-12-10T10:13:02.126655Z[0m [34mDEBUG[0m [2mhyper::proto::h1::io[0m[2m:[0m flushed 250 bytes
[2m2025-12-10T10:13:02.131498Z[0m [34mDEBUG[0m [2mhyper::proto::h1::io[0m[2m:[0m parsed 4 headers
[2m2025-12-10T10:13:02.131507Z[0m [34mDEBUG[0m [2mhyper::proto::h1::conn[0m[2m:[0m incoming body is content-length (771 bytes)
[2m2025-12-10T10:13:02.131513Z[0m [34mDEBUG[0m [2mhyper::proto::h1::conn[0m[2m:[0m incoming body completed
[2m2025-12-10T10:13:02.131519Z[0m [34mDEBUG[0m [2mhyper::client::pool[0m[2m:[0m pooling idle connection for ("http", 192.168.0.14:8545)
[2m2025-12-10T10:13:02.131524Z[0m [34mDEBUG[0m [2methereum_transaction_pool_monitor::eth_client[0m[2m:[0m 📡 Transaction fetch RPC completed in 4.889708ms
[2m2025-12-10T10:13:02.202770Z[0m [34mDEBUG[0m [2methereum_transaction_pool_monitor::eth_client[0m[2m:[0m ✅ Transaction 0x436d4b5acc4c94f7b2da2543d095d017df6db1f9f68ce3bf5fbca035ea64ee7b fetched and parsed in 76.133208ms
[2m2025-12-10T10:13:02.202793Z[0m [34mDEBUG[0m [2methereum_transaction_pool_monitor::mempool_monitor[0m[2m:[0m 🔍 Skipping tx 0x436d4b5acc4c94f7b2da2543d095d017df6db1f9f68ce3bf5fbca035ea64ee7b - not a DEX interaction (target: 0xB8f28C60dD8240141185a192fa4156A23E189305)
[2m2025-12-10T10:13:02.202802Z[0m [34mDEBUG[0m [2methereum_transaction_pool_monitor::mempool_monitor[0m[2m:[0m 📨 Processing new pending transaction: 0x0940077677f7dcf3913fa11e1a10cfa1c7e4ba22ab5f0677c88af05a93f30462
[2m2025-12-10T10:13:02.202807Z[0m [34mDEBUG[0m [2methereum_transaction_pool_monitor::mempool_monitor[0m[2m:[0m 🔍 Fetching transaction details for: 0x0940077677f7dcf3913fa11e1a10cfa1c7e4ba22ab5f0677c88af05a93f30462
[2m2025-12-10T10:13:02.202812Z[0m [34mDEBUG[0m [2methereum_transaction_pool_monitor::eth_client[0m[2m:[0m 🔍 Fetching transaction details for hash: 0x0940077677f7dcf3913fa11e1a10cfa1c7e4ba22ab5f0677c88af05a93f30462
[2m2025-12-10T10:13:02.202828Z[0m [34mDEBUG[0m [2mhyper::client::pool[0m[2m:[0m reuse idle connection for ("http", 192.168.0.14:8545)
[2m2025-12-10T10:13:02.202868Z[0m [34mDEBUG[0m [2mhyper::proto::h1::io[0m[2m:[0m flushed 250 bytes
[2m2025-12-10T10:13:02.202885Z[0m [34mDEBUG[0m [2mhyper::client::pool[0m[2m:[0m reuse idle connection for ("http", 192.168.0.14:8545)
[2m2025-12-10T10:13:02.202896Z[0m [34mDEBUG[0m [2mhyper::proto::h1::io[0m[2m:[0m flushed 172 bytes
[2m2025-12-10T10:13:02.202901Z[0m [34mDEBUG[0m [2methereum_transaction_pool_monitor::eth_client[0m[2m:[0m 📨 Received WebSocket message: {"jsonrpc":"2.0","method":"eth_subscription","params":{"subscription":"0xbed0a0851463e895960a451075a301a9","result":"0x44dca4929b4c83dc00073a72496c1c88ffcdd272227d0170585d9cd97ace9cf9"}}
[2m2025-12-10T10:13:02.202912Z[0m [34mDEBUG[0m [2methereum_transaction_pool_monitor::eth_client[0m[2m:[0m 📨 Received pending transaction: 0x44dca4929b4c83dc00073a72496c1c88ffcdd272227d0170585d9cd97ace9cf9
[2m2025-12-10T10:13:02.202917Z[0m [34mDEBUG[0m [2methereum_transaction_pool_monitor::eth_client[0m[2m:[0m 📨 Received WebSocket message: {"jsonrpc":"2.0","method":"eth_subscription","params":{"subscription":"0xbed0a0851463e895960a451075a301a9","result":"0xd6e3a095ba45b5db3c6d88d4c9af9e439868aa643ab2a095e3b1a331a7644cca"}}
[2m2025-12-10T10:13:02.202922Z[0m [34mDEBUG[0m [2methereum_transaction_pool_monitor::eth_client[0m[2m:[0m 📨 Received pending transaction: 0xd6e3a095ba45b5db3c6d88d4c9af9e439868aa643ab2a095e3b1a331a7644cca
[2m2025-12-10T10:13:02.202926Z[0m [34mDEBUG[0m [2methereum_transaction_pool_monitor::eth_client[0m[2m:[0m 📨 Received WebSocket message: {"jsonrpc":"2.0","method":"eth_subscription","params":{"subscription":"0xbed0a0851463e895960a451075a301a9","result":"0x59bab17546607101e48d19238daa5f44dd7afd5f33e3ed33caad1219332af370"}}
[2m2025-12-10T10:13:02.202931Z[0m [34mDEBUG[0m [2methereum_transaction_pool_monitor::eth_client[0m[2m:[0m 📨 Received pending transaction: 0x59bab17546607101e48d19238daa5f44dd7afd5f33e3ed33caad1219332af370
[2m2025-12-10T10:13:02.209512Z[0m [34mDEBUG[0m [2mhyper::proto::h1::io[0m[2m:[0m parsed 4 headers
[2m2025-12-10T10:13:02.209520Z[0m [34mDEBUG[0m [2mhyper::proto::h1::conn[0m[2m:[0m incoming body is content-length (45 bytes)
[2m2025-12-10T10:13:02.209527Z[0m [34mDEBUG[0m [2mhyper::proto::h1::conn[0m[2m:[0m incoming body completed
[2m2025-12-10T10:13:02.209535Z[0m [34mDEBUG[0m [2mhyper::client::pool[0m[2m:[0m pooling idle connection for ("http", 192.168.0.14:8545)
[2m2025-12-10T10:13:02.209550Z[0m [34mDEBUG[0m [2mhyper::proto::h1::io[0m[2m:[0m parsed 4 headers
[2m2025-12-10T10:13:02.209788Z[0m [34mDEBUG[0m [2mhyper::proto::h1::conn[0m[2m:[0m incoming body is content-length (770 bytes)
[2m2025-12-10T10:13:02.209794Z[0m [34mDEBUG[0m [2mhyper::proto::h1::conn[0m[2m:[0m incoming body completed
[2m2025-12-10T10:13:02.209799Z[0m [34mDEBUG[0m [2mhyper::client::pool[0m[2m:[0m pooling idle connection for ("http", 192.168.0.14:8545)
[2m2025-12-10T10:13:02.209802Z[0m [34mDEBUG[0m [2methereum_transaction_pool_monitor::eth_client[0m[2m:[0m 📡 Transaction fetch RPC completed in 6.986166ms
[2m2025-12-10T10:13:02.280060Z[0m [34mDEBUG[0m [2methereum_transaction_pool_monitor::eth_client[0m[2m:[0m ✅ Transaction 0x0940077677f7dcf3913fa11e1a10cfa1c7e4ba22ab5f0677c88af05a93f30462 fetched and parsed in 77.24175ms
[2m2025-12-10T10:13:02.280085Z[0m [34mDEBUG[0m [2methereum_transaction_pool_monitor::mempool_monitor[0m[2m:[0m 🔍 Skipping tx 0x0940077677f7dcf3913fa11e1a10cfa1c7e4ba22ab5f0677c88af05a93f30462 - not a DEX interaction (target: 0x9DFAD1b7102D46b1b197b90095B5c4E9f5845BBA)
[2m2025-12-10T10:13:02.280095Z[0m [34mDEBUG[0m [2methereum_transaction_pool_monitor::mempool_monitor[0m[2m:[0m 📨 Processing new pending transaction: 0x0206db32c8a4c1e5fd3db67b677245241bec0cd85cc8941457b1450fdc79ca1e
[2m2025-12-10T10:13:02.280101Z[0m [34mDEBUG[0m [2methereum_transaction_pool_monitor::mempool_monitor[0m[2m:[0m 🔍 Fetching transaction details for: 0x0206db32c8a4c1e5fd3db67b677245241bec0cd85cc8941457b1450fdc79ca1e
[2m2025-12-10T10:13:02.280106Z[0m [34mDEBUG[0m [2methereum_transaction_pool_monitor::eth_client[0m[2m:[0m 🔍 Fetching transaction details for hash: 0x0206db32c8a4c1e5fd3db67b677245241bec0cd85cc8941457b1450fdc79ca1e
[2m2025-12-10T10:13:02.280123Z[0m [34mDEBUG[0m [2mhyper::client::pool[0m[2m:[0m reuse idle connection for ("http", 192.168.0.14:8545)
[2m2025-12-10T10:13:02.280158Z[0m [34mDEBUG[0m [2mhyper::proto::h1::io[0m[2m:[0m flushed 250 bytes
[2m2025-12-10T10:13:02.284753Z[0m [34mDEBUG[0m [2mhyper::proto::h1::io[0m[2m:[0m parsed 4 headers
[2m2025-12-10T10:13:02.286570Z[0m [34mDEBUG[0m [2mhyper::proto::h1::conn[0m[2m:[0m incoming body is content-length (771 bytes)
[2m2025-12-10T10:13:02.286583Z[0m [34mDEBUG[0m [2mhyper::proto::h1::conn[0m[2m:[0m incoming body completed
[2m2025-12-10T10:13:02.286598Z[0m [34mDEBUG[0m [2mhyper::client::pool[0m[2m:[0m pooling idle connection for ("http", 192.168.0.14:8545)
[2m2025-12-10T10:13:02.286608Z[0m [34mDEBUG[0m [2methereum_transaction_pool_monitor::eth_client[0m[2m:[0m 📡 Transaction fetch RPC completed in 6.498792ms
[2m2025-12-10T10:13:02.358214Z[0m [34mDEBUG[0m [2methereum_transaction_pool_monitor::eth_client[0m[2m:[0m ✅ Transaction 0x0206db32c8a4c1e5fd3db67b677245241bec0cd85cc8941457b1450fdc79ca1e fetched and parsed in 78.102167ms
[2m2025-12-10T10:13:02.358236Z[0m [34mDEBUG[0m [2methereum_transaction_pool_monitor::mempool_monitor[0m[2m:[0m 🔍 Skipping tx 0x0206db32c8a4c1e5fd3db67b677245241bec0cd85cc8941457b1450fdc79ca1e - not a DEX interaction (target: 0xA0b86991c6218b36c1d19D4a2e9Eb0cE3606eB48)
[2m2025-12-10T10:13:02.358245Z[0m [34mDEBUG[0m [2methereum_transaction_pool_monitor::mempool_monitor[0m[2m:[0m 📨 Processing new pending transaction: 0xf6d676b44be04b29cbbbbdaeb605085677db474330c634677dbc79674c711ee1
[2m2025-12-10T10:13:02.358251Z[0m [34mDEBUG[0m [2methereum_transaction_pool_monitor::mempool_monitor[0m[2m:[0m 🔍 Fetching transaction details for: 0xf6d676b44be04b29cbbbbdaeb605085677db474330c634677dbc79674c711ee1
[2m2025-12-10T10:13:02.358256Z[0m [34mDEBUG[0m [2methereum_transaction_pool_monitor::eth_client[0m[2m:[0m 🔍 Fetching transaction details for hash: 0xf6d676b44be04b29cbbbbdaeb605085677db474330c634677dbc79674c711ee1
[2m2025-12-10T10:13:02.358276Z[0m [34mDEBUG[0m [2mhyper::client::pool[0m[2m:[0m reuse idle connection for ("http", 192.168.0.14:8545)
[2m2025-12-10T10:13:02.358327Z[0m [34mDEBUG[0m [2mhyper::proto::h1::io[0m[2m:[0m flushed 250 bytes
[2m2025-12-10T10:13:02.358354Z[0m [34mDEBUG[0m [2mhyper::client::pool[0m[2m:[0m reuse idle connection for ("http", 192.168.0.14:8545)
[2m2025-12-10T10:13:02.358368Z[0m [34mDEBUG[0m [2mhyper::proto::h1::io[0m[2m:[0m flushed 172 bytes
[2m2025-12-10T10:13:02.364074Z[0m [34mDEBUG[0m [2mhyper::proto::h1::io[0m[2m:[0m parsed 4 headers
[2m2025-12-10T10:13:02.364098Z[0m [34mDEBUG[0m [2mhyper::proto::h1::conn[0m[2m:[0m incoming body is content-length (770 bytes)
[2m2025-12-10T10:13:02.364124Z[0m [34mDEBUG[0m [2mhyper::proto::h1::conn[0m[2m:[0m incoming body completed
[2m2025-12-10T10:13:02.364150Z[0m [34mDEBUG[0m [2mhyper::client::pool[0m[2m:[0m pooling idle connection for ("http", 192.168.0.14:8545)
[2m2025-12-10T10:13:02.364157Z[0m [34mDEBUG[0m [2methereum_transaction_pool_monitor::eth_client[0m[2m:[0m 📡 Transaction fetch RPC completed in 5.896875ms
[2m2025-12-10T10:13:02.364174Z[0m [34mDEBUG[0m [2methereum_transaction_pool_monitor::eth_client[0m[2m:[0m DeFi transaction detected - Address: 0xdac17f958d2ee523a2206206994597c13d831ec7, Type: Stablecoin, Value: 0 ETH, Gas: 1.75 Gwei
[2m2025-12-10T10:13:02.364189Z[0m [34mDEBUG[0m [2methereum_transaction_pool_monitor::eth_client[0m[2m:[0m ✅ Transaction 0xf6d676b44be04b29cbbbbdaeb605085677db474330c634677dbc79674c711ee1 fetched and parsed in 5.92975ms
[2m2025-12-10T10:13:02.364195Z[0m [34mDEBUG[0m [2methereum_transaction_pool_monitor::mempool_monitor[0m[2m:[0m 🔍 Skipping tx 0xf6d676b44be04b29cbbbbdaeb605085677db474330c634677dbc79674c711ee1 - not a DEX interaction (target: 0xdAC17F958D2ee523a2206206994597C13D831ec7)
[2m2025-12-10T10:13:02.364203Z[0m [34mDEBUG[0m [2methereum_transaction_pool_monitor::mempool_monitor[0m[2m:[0m 📨 Processing new pending transaction: 0x641cf9f849110ea7007a394ab5a90bdbe24c40099ae27939b424973e7ab807ab
[2m2025-12-10T10:13:02.364206Z[0m [34mDEBUG[0m [2methereum_transaction_pool_monitor::mempool_monitor[0m[2m:[0m 🔍 Fetching transaction details for: 0x641cf9f849110ea7007a394ab5a90bdbe24c40099ae27939b424973e7ab807ab
[2m2025-12-10T10:13:02.364211Z[0m [34mDEBUG[0m [2methereum_transaction_pool_monitor::eth_client[0m[2m:[0m 🔍 Fetching transaction details for hash: 0x641cf9f849110ea7007a394ab5a90bdbe24c40099ae27939b424973e7ab807ab
[2m2025-12-10T10:13:02.364218Z[0m [34mDEBUG[0m [2mhyper::client::pool[0m[2m:[0m reuse idle connection for ("http", 192.168.0.14:8545)
[2m2025-12-10T10:13:02.364229Z[0m [34mDEBUG[0m [2mhyper::proto::h1::io[0m[2m:[0m flushed 250 bytes
[2m2025-12-10T10:13:02.364237Z[0m [34mDEBUG[0m [2mhyper::proto::h1::io[0m[2m:[0m parsed 4 headers
[2m2025-12-10T10:13:02.364240Z[0m [34mDEBUG[0m [2mhyper::proto::h1::conn[0m[2m:[0m incoming body is content-length (45 bytes)
[2m2025-12-10T10:13:02.364244Z[0m [34mDEBUG[0m [2mhyper::proto::h1::conn[0m[2m:[0m incoming body completed
[2m2025-12-10T10:13:02.364248Z[0m [34mDEBUG[0m [2mhyper::client::pool[0m[2m:[0m pooling idle connection for ("http", 192.168.0.14:8545)
[2m2025-12-10T10:13:02.370592Z[0m [34mDEBUG[0m [2mhyper::proto::h1::io[0m[2m:[0m parsed 4 headers
[2m2025-12-10T10:13:02.370597Z[0m [34mDEBUG[0m [2mhyper::proto::h1::conn[0m[2m:[0m incoming body is content-length (637 bytes)
[2m2025-12-10T10:13:02.370601Z[0m [34mDEBUG[0m [2mhyper::proto::h1::conn[0m[2m:[0m incoming body completed
[2m2025-12-10T10:13:02.370605Z[0m [34mDEBUG[0m [2mhyper::client::pool[0m[2m:[0m pooling idle connection for ("http", 192.168.0.14:8545)
[2m2025-12-10T10:13:02.370609Z[0m [34mDEBUG[0m [2methereum_transaction_pool_monitor::eth_client[0m[2m:[0m 📡 Transaction fetch RPC completed in 6.394833ms
[2m2025-12-10T10:13:02.441966Z[0m [34mDEBUG[0m [2methereum_transaction_pool_monitor::eth_client[0m[2m:[0m ✅ Transaction 0x641cf9f849110ea7007a394ab5a90bdbe24c40099ae27939b424973e7ab807ab fetched and parsed in 77.748083ms
[2m2025-12-10T10:13:02.441991Z[0m [34mDEBUG[0m [2methereum_transaction_pool_monitor::mempool_monitor[0m[2m:[0m 🔍 Skipping tx 0x641cf9f849110ea7007a394ab5a90bdbe24c40099ae27939b424973e7ab807ab - not a DEX interaction (target: 0x78D21Aada674651324FE2660cC0E661CC4C89E3b)
[2m2025-12-10T10:13:02.442001Z[0m [34mDEBUG[0m [2methereum_transaction_pool_monitor::mempool_monitor[0m[2m:[0m 📨 Processing new pending transaction: 0x8fedea15b0f5a227b8c7ea365e546036a381e1773d1aca6a81b6263ad6b8b2bc
[2m2025-12-10T10:13:02.442007Z[0m [34mDEBUG[0m [2methereum_transaction_pool_monitor::mempool_monitor[0m[2m:[0m 🔍 Fetching transaction details for: 0x8fedea15b0f5a227b8c7ea365e546036a381e1773d1aca6a81b6263ad6b8b2bc
[2m2025-12-10T10:13:02.442011Z[0m [34mDEBUG[0m [2methereum_transaction_pool_monitor::eth_client[0m[2m:[0m 🔍 Fetching transaction details for hash: 0x8fedea15b0f5a227b8c7ea365e546036a381e1773d1aca6a81b6263ad6b8b2bc
[2m2025-12-10T10:13:02.442028Z[0m [34mDEBUG[0m [2mhyper::client::pool[0m[2m:[0m reuse idle connection for ("http", 192.168.0.14:8545)
[2m2025-12-10T10:13:02.442057Z[0m [34mDEBUG[0m [2mhyper::proto::h1::io[0m[2m:[0m flushed 250 bytes
[2m2025-12-10T10:13:02.442082Z[0m [34mDEBUG[0m [2mhyper::client::pool[0m[2m:[0m reuse idle connection for ("http", 192.168.0.14:8545)
[2m2025-12-10T10:13:02.442096Z[0m [34mDEBUG[0m [2mhyper::proto::h1::io[0m[2m:[0m flushed 172 bytes
[2m2025-12-10T10:13:02.448536Z[0m [34mDEBUG[0m [2mhyper::proto::h1::io[0m[2m:[0m parsed 4 headers
[2m2025-12-10T10:13:02.448567Z[0m [34mDEBUG[0m [2mhyper::proto::h1::conn[0m[2m:[0m incoming body is content-length (774 bytes)
[2m2025-12-10T10:13:02.448578Z[0m [34mDEBUG[0m [2mhyper::proto::h1::conn[0m[2m:[0m incoming body completed
[2m2025-12-10T10:13:02.448599Z[0m [34mDEBUG[0m [2mhyper::client::pool[0m[2m:[0m pooling idle connection for ("http", 192.168.0.14:8545)
[2m2025-12-10T10:13:02.448606Z[0m [34mDEBUG[0m [2methereum_transaction_pool_monitor::eth_client[0m[2m:[0m 📡 Transaction fetch RPC completed in 6.591958ms
[2m2025-12-10T10:13:02.448622Z[0m [34mDEBUG[0m [2methereum_transaction_pool_monitor::eth_client[0m[2m:[0m DeFi transaction detected - Address: 0xdac17f958d2ee523a2206206994597c13d831ec7, Type: Stablecoin, Value: 0 ETH, Gas: 0.73 Gwei
[2m2025-12-10T10:13:02.448638Z[0m [34mDEBUG[0m [2methereum_transaction_pool_monitor::eth_client[0m[2m:[0m ✅ Transaction 0x8fedea15b0f5a227b8c7ea365e546036a381e1773d1aca6a81b6263ad6b8b2bc fetched and parsed in 6.623708ms
[2m2025-12-10T10:13:02.448644Z[0m [34mDEBUG[0m [2methereum_transaction_pool_monitor::mempool_monitor[0m[2m:[0m 🔍 Skipping tx 0x8fedea15b0f5a227b8c7ea365e546036a381e1773d1aca6a81b6263ad6b8b2bc - not a DEX interaction (target: 0xdAC17F958D2ee523a2206206994597C13D831ec7)
[2m2025-12-10T10:13:02.448650Z[0m [34mDEBUG[0m [2methereum_transaction_pool_monitor::mempool_monitor[0m[2m:[0m 📨 Processing new pending transaction: 0x498c913dd56f3b4d82e874c5d230c5316c18c7d2033a1561fc0b1021cbb63d2a
[2m2025-12-10T10:13:02.448654Z[0m [34mDEBUG[0m [2methereum_transaction_pool_monitor::mempool_monitor[0m[2m:[0m 🔍 Fetching transaction details for: 0x498c913dd56f3b4d82e874c5d230c5316c18c7d2033a1561fc0b1021cbb63d2a
[2m2025-12-10T10:13:02.448659Z[0m [34mDEBUG[0m [2methereum_transaction_pool_monitor::eth_client[0m[2m:[0m 🔍 Fetching transaction details for hash: 0x498c913dd56f3b4d82e874c5d230c5316c18c7d2033a1561fc0b1021cbb63d2a
[2m2025-12-10T10:13:02.448668Z[0m [34mDEBUG[0m [2mhyper::client::pool[0m[2m:[0m reuse idle connection for ("http", 192.168.0.14:8545)
[2m2025-12-10T10:13:02.448680Z[0m [34mDEBUG[0m [2mhyper::proto::h1::io[0m[2m:[0m flushed 250 bytes
[2m2025-12-10T10:13:02.448687Z[0m [34mDEBUG[0m [2mhyper::proto::h1::io[0m[2m:[0m parsed 4 headers
[2m2025-12-10T10:13:02.448690Z[0m [34mDEBUG[0m [2mhyper::proto::h1::conn[0m[2m:[0m incoming body is content-length (45 bytes)
[2m2025-12-10T10:13:02.448694Z[0m [34mDEBUG[0m [2mhyper::proto::h1::conn[0m[2m:[0m incoming body completed
[2m2025-12-10T10:13:02.448698Z[0m [34mDEBUG[0m [2mhyper::client::pool[0m[2m:[0m pooling idle connection for ("http", 192.168.0.14:8545)
[2m2025-12-10T10:13:02.461054Z[0m [34mDEBUG[0m [2mhyper::proto::h1::io[0m[2m:[0m parsed 4 headers
[2m2025-12-10T10:13:02.461064Z[0m [34mDEBUG[0m [2mhyper::proto::h1::conn[0m[2m:[0m incoming body is content-length (655 bytes)
[2m2025-12-10T10:13:02.461073Z[0m [34mDEBUG[0m [2mhyper::proto::h1::conn[0m[2m:[0m incoming body completed
[2m2025-12-10T10:13:02.461083Z[0m [34mDEBUG[0m [2mhyper::client::pool[0m[2m:[0m pooling idle connection for ("http", 192.168.0.14:8545)
[2m2025-12-10T10:13:02.461087Z[0m [34mDEBUG[0m [2methereum_transaction_pool_monitor::eth_client[0m[2m:[0m 📡 Transaction fetch RPC completed in 12.423625ms
[2m2025-12-10T10:13:02.532644Z[0m [34mDEBUG[0m [2methereum_transaction_pool_monitor::eth_client[0m[2m:[0m ✅ Transaction 0x498c913dd56f3b4d82e874c5d230c5316c18c7d2033a1561fc0b1021cbb63d2a fetched and parsed in 83.978209ms
[2m2025-12-10T10:13:02.532675Z[0m [34mDEBUG[0m [2methereum_transaction_pool_monitor::mempool_monitor[0m[2m:[0m 🔍 Skipping tx 0x498c913dd56f3b4d82e874c5d230c5316c18c7d2033a1561fc0b1021cbb63d2a - not a DEX interaction (target: 0x122226b81CE10B58f9FC68304Add7e1F68e12a05)
[2m2025-12-10T10:13:02.532686Z[0m [34mDEBUG[0m [2methereum_transaction_pool_monitor::mempool_monitor[0m[2m:[0m 📨 Processing new pending transaction: 0xd04b13d4cf408a209b6d2c37d9b7ae35cd0bcf57de465799d9a5d8a207e80423
[2m2025-12-10T10:13:02.532693Z[0m [34mDEBUG[0m [2methereum_transaction_pool_monitor::mempool_monitor[0m[2m:[0m 🔍 Fetching transaction details for: 0xd04b13d4cf408a209b6d2c37d9b7ae35cd0bcf57de465799d9a5d8a207e80423
[2m2025-12-10T10:13:02.532698Z[0m [34mDEBUG[0m [2methereum_transaction_pool_monitor::eth_client[0m[2m:[0m 🔍 Fetching transaction details for hash: 0xd04b13d4cf408a209b6d2c37d9b7ae35cd0bcf57de465799d9a5d8a207e80423
[2m2025-12-10T10:13:02.532717Z[0m [34mDEBUG[0m [2mhyper::client::pool[0m[2m:[0m reuse idle connection for ("http", 192.168.0.14:8545)
[2m2025-12-10T10:13:02.532746Z[0m [34mDEBUG[0m [2mhyper::proto::h1::io[0m[2m:[0m flushed 250 bytes
[2m2025-12-10T10:13:02.532773Z[0m [34mDEBUG[0m [2mhyper::client::pool[0m[2m:[0m reuse idle connection for ("http", 192.168.0.14:8545)
[2m2025-12-10T10:13:02.532787Z[0m [34mDEBUG[0m [2mhyper::proto::h1::io[0m[2m:[0m flushed 172 bytes
[2m2025-12-10T10:13:02.539408Z[0m [34mDEBUG[0m [2mhyper::proto::h1::io[0m[2m:[0m parsed 4 headers
[2m2025-12-10T10:13:02.539413Z[0m [34mDEBUG[0m [2mhyper::proto::h1::conn[0m[2m:[0m incoming body is content-length (45 bytes)
[2m2025-12-10T10:13:02.539421Z[0m [34mDEBUG[0m [2mhyper::proto::h1::conn[0m[2m:[0m incoming body completed
[2m2025-12-10T10:13:02.539429Z[0m [34mDEBUG[0m [2mhyper::client::pool[0m[2m:[0m pooling idle connection for ("http", 192.168.0.14:8545)
[2m2025-12-10T10:13:02.543126Z[0m [34mDEBUG[0m [2mhyper::proto::h1::io[0m[2m:[0m parsed 4 headers
[2m2025-12-10T10:13:02.543147Z[0m [34mDEBUG[0m [2mhyper::proto::h1::conn[0m[2m:[0m incoming body is content-length (769 bytes)
[2m2025-12-10T10:13:02.543163Z[0m [34mDEBUG[0m [2mhyper::proto::h1::conn[0m[2m:[0m incoming body completed
[2m2025-12-10T10:13:02.543181Z[0m [34mDEBUG[0m [2mhyper::client::pool[0m[2m:[0m pooling idle connection for ("http", 192.168.0.14:8545)
[2m2025-12-10T10:13:02.543185Z[0m [34mDEBUG[0m [2methereum_transaction_pool_monitor::eth_client[0m[2m:[0m 📡 Transaction fetch RPC completed in 10.48125ms
[2m2025-12-10T10:13:02.543212Z[0m [34mDEBUG[0m [2methereum_transaction_pool_monitor::eth_client[0m[2m:[0m DeFi transaction detected - Address: 0xdac17f958d2ee523a2206206994597c13d831ec7, Type: Stablecoin, Value: 0 ETH, Gas: 0.22 Gwei
[2m2025-12-10T10:13:02.543224Z[0m [34mDEBUG[0m [2methereum_transaction_pool_monitor::eth_client[0m[2m:[0m ✅ Transaction 0xd04b13d4cf408a209b6d2c37d9b7ae35cd0bcf57de465799d9a5d8a207e80423 fetched and parsed in 10.520708ms
[2m2025-12-10T10:13:02.543307Z[0m [34mDEBUG[0m [2methereum_transaction_pool_monitor::mempool_monitor[0m[2m:[0m 🔍 Skipping tx 0xd04b13d4cf408a209b6d2c37d9b7ae35cd0bcf57de465799d9a5d8a207e80423 - not a DEX interaction (target: 0xdAC17F958D2ee523a2206206994597C13D831ec7)
[2m2025-12-10T10:13:02.543313Z[0m [34mDEBUG[0m [2methereum_transaction_pool_monitor::mempool_monitor[0m[2m:[0m 📨 Processing new pending transaction: 0xc855989ba7fdc393150823eeb0a49116fa3c567a63c55c7838700168d57fcb84
[2m2025-12-10T10:13:02.543316Z[0m [34mDEBUG[0m [2methereum_transaction_pool_monitor::mempool_monitor[0m[2m:[0m 🔍 Fetching transaction details for: 0xc855989ba7fdc393150823eeb0a49116fa3c567a63c55c7838700168d57fcb84
[2m2025-12-10T10:13:02.543320Z[0m [34mDEBUG[0m [2methereum_transaction_pool_monitor::eth_client[0m[2m:[0m 🔍 Fetching transaction details for hash: 0xc855989ba7fdc393150823eeb0a49116fa3c567a63c55c7838700168d57fcb84
[2m2025-12-10T10:13:02.543325Z[0m [34mDEBUG[0m [2mhyper::client::pool[0m[2m:[0m reuse idle connection for ("http", 192.168.0.14:8545)
[2m2025-12-10T10:13:02.543336Z[0m [34mDEBUG[0m [2mhyper::proto::h1::io[0m[2m:[0m flushed 250 bytes
[2m2025-12-10T10:13:02.549672Z[0m [34mDEBUG[0m [2methereum_transaction_pool_monitor::eth_client[0m[2m:[0m 📨 Received WebSocket message: {"jsonrpc":"2.0","method":"eth_subscription","params":{"subscription":"0xbed0a0851463e895960a451075a301a9","result":"0x337b66e5db91503cc86f47ebdab25f66429d76a7304db138539c8715b35b28d3"}}
[2m2025-12-10T10:13:02.549698Z[0m [34mDEBUG[0m [2methereum_transaction_pool_monitor::eth_client[0m[2m:[0m 📨 Received pending transaction: 0x337b66e5db91503cc86f47ebdab25f66429d76a7304db138539c8715b35b28d3
[2m2025-12-10T10:13:02.550054Z[0m [34mDEBUG[0m [2mhyper::proto::h1::io[0m[2m:[0m parsed 4 headers
[2m2025-12-10T10:13:02.550059Z[0m [34mDEBUG[0m [2mhyper::proto::h1::conn[0m[2m:[0m incoming body is content-length (761 bytes)
[2m2025-12-10T10:13:02.550066Z[0m [34mDEBUG[0m [2mhyper::proto::h1::conn[0m[2m:[0m incoming body completed
[2m2025-12-10T10:13:02.550071Z[0m [34mDEBUG[0m [2mhyper::client::pool[0m[2m:[0m pooling idle connection for ("http", 192.168.0.14:8545)
[2m2025-12-10T10:13:02.550077Z[0m [34mDEBUG[0m [2methereum_transaction_pool_monitor::eth_client[0m[2m:[0m 📡 Transaction fetch RPC completed in 6.754042ms
[2m2025-12-10T10:13:02.550087Z[0m [34mDEBUG[0m [2methereum_transaction_pool_monitor::eth_client[0m[2m:[0m DeFi transaction detected - Address: 0xdac17f958d2ee523a2206206994597c13d831ec7, Type: Stablecoin, Value: 0 ETH, Gas: 0.25 Gwei
[2m2025-12-10T10:13:02.550098Z[0m [34mDEBUG[0m [2methereum_transaction_pool_monitor::eth_client[0m[2m:[0m ✅ Transaction 0xc855989ba7fdc393150823eeb0a49116fa3c567a63c55c7838700168d57fcb84 fetched and parsed in 6.775167ms
[2m2025-12-10T10:13:02.550104Z[0m [34mDEBUG[0m [2methereum_transaction_pool_monitor::mempool_monitor[0m[2m:[0m 🔍 Skipping tx 0xc855989ba7fdc393150823eeb0a49116fa3c567a63c55c7838700168d57fcb84 - not a DEX interaction (target: 0xdAC17F958D2ee523a2206206994597C13D831ec7)
[2m2025-12-10T10:13:02.550109Z[0m [34mDEBUG[0m [2methereum_transaction_pool_monitor::mempool_monitor[0m[2m:[0m 📨 Processing new pending transaction: 0xb4994e45c8df2e9dcdccc5a27b8a77a1d5b88145c838a8d57ac38191cf1b369e
[2m2025-12-10T10:13:02.550113Z[0m [34mDEBUG[0m [2methereum_transaction_pool_monitor::mempool_monitor[0m[2m:[0m 🔍 Fetching transaction details for: 0xb4994e45c8df2e9dcdccc5a27b8a77a1d5b88145c838a8d57ac38191cf1b369e
[2m2025-12-10T10:13:02.550116Z[0m [34mDEBUG[0m [2methereum_transaction_pool_monitor::eth_client[0m[2m:[0m 🔍 Fetching transaction details for hash: 0xb4994e45c8df2e9dcdccc5a27b8a77a1d5b88145c838a8d57ac38191cf1b369e
[2m2025-12-10T10:13:02.550124Z[0m [34mDEBUG[0m [2mhyper::client::pool[0m[2m:[0m reuse idle connection for ("http", 192.168.0.14:8545)
[2m2025-12-10T10:13:02.550134Z[0m [34mDEBUG[0m [2mhyper::proto::h1::io[0m[2m:[0m flushed 250 bytes
[2m2025-12-10T10:13:02.558904Z[0m [34mDEBUG[0m [2mhyper::proto::h1::io[0m[2m:[0m parsed 4 headers
[2m2025-12-10T10:13:02.558911Z[0m [34mDEBUG[0m [2mhyper::proto::h1::conn[0m[2m:[0m incoming body is content-length (772 bytes)
[2m2025-12-10T10:13:02.558916Z[0m [34mDEBUG[0m [2mhyper::proto::h1::conn[0m[2m:[0m incoming body completed
[2m2025-12-10T10:13:02.558923Z[0m [34mDEBUG[0m [2mhyper::client::pool[0m[2m:[0m pooling idle connection for ("http", 192.168.0.14:8545)
[2m2025-12-10T10:13:02.558929Z[0m [34mDEBUG[0m [2methereum_transaction_pool_monitor::eth_client[0m[2m:[0m 📡 Transaction fetch RPC completed in 8.806959ms
[2m2025-12-10T10:13:02.630025Z[0m [34mDEBUG[0m [2methereum_transaction_pool_monitor::eth_client[0m[2m:[0m ✅ Transaction 0xb4994e45c8df2e9dcdccc5a27b8a77a1d5b88145c838a8d57ac38191cf1b369e fetched and parsed in 79.901ms
[2m2025-12-10T10:13:02.630050Z[0m [34mDEBUG[0m [2methereum_transaction_pool_monitor::mempool_monitor[0m[2m:[0m 🔍 Skipping tx 0xb4994e45c8df2e9dcdccc5a27b8a77a1d5b88145c838a8d57ac38191cf1b369e - not a DEX interaction (target: 0x320623b8E4fF03373931769A31Fc52A4E78B5d70)
[2m2025-12-10T10:13:02.630059Z[0m [34mDEBUG[0m [2methereum_transaction_pool_monitor::mempool_monitor[0m[2m:[0m 📨 Processing new pending transaction: 0x662875fd825e83a65f79d24a0910e954cec37deac3700152175add913c18978a
[2m2025-12-10T10:13:02.630064Z[0m [34mDEBUG[0m [2methereum_transaction_pool_monitor::mempool_monitor[0m[2m:[0m 🔍 Fetching transaction details for: 0x662875fd825e83a65f79d24a0910e954cec37deac3700152175add913c18978a
[2m2025-12-10T10:13:02.630068Z[0m [34mDEBUG[0m [2methereum_transaction_pool_monitor::eth_client[0m[2m:[0m 🔍 Fetching transaction details for hash: 0x662875fd825e83a65f79d24a0910e954cec37deac3700152175add913c18978a
[2m2025-12-10T10:13:02.630084Z[0m [34mDEBUG[0m [2mhyper::client::pool[0m[2m:[0m reuse idle connection for ("http", 192.168.0.14:8545)
[2m2025-12-10T10:13:02.630112Z[0m [34mDEBUG[0m [2mhyper::proto::h1::io[0m[2m:[0m flushed 250 bytes
[2m2025-12-10T10:13:02.630130Z[0m [34mDEBUG[0m [2mhyper::client::pool[0m[2m:[0m reuse idle connection for ("http", 192.168.0.14:8545)
[2m2025-12-10T10:13:02.630143Z[0m [34mDEBUG[0m [2mhyper::proto::h1::io[0m[2m:[0m flushed 172 bytes
[2m2025-12-10T10:13:02.630142Z[0m [34mDEBUG[0m [2methereum_transaction_pool_monitor::eth_client[0m[2m:[0m 📨 Received WebSocket message: {"jsonrpc":"2.0","method":"eth_subscription","params":{"subscription":"0xbed0a0851463e895960a451075a301a9","result":"0xfbfd792abef63ef54de95d25d1256776c38ce6448d2297fab83d48975b5625de"}}
[2m2025-12-10T10:13:02.630163Z[0m [34mDEBUG[0m [2methereum_transaction_pool_monitor::eth_client[0m[2m:[0m 📨 Received pending transaction: 0xfbfd792abef63ef54de95d25d1256776c38ce6448d2297fab83d48975b5625de
[2m2025-12-10T10:13:02.635055Z[0m [34mDEBUG[0m [2mhyper::proto::h1::io[0m[2m:[0m parsed 4 headers
[2m2025-12-10T10:13:02.635062Z[0m [34mDEBUG[0m [2mhyper::proto::h1::conn[0m[2m:[0m incoming body is content-length (45 bytes)
[2m2025-12-10T10:13:02.635070Z[0m [34mDEBUG[0m [2mhyper::proto::h1::conn[0m[2m:[0m incoming body completed
[2m2025-12-10T10:13:02.635079Z[0m [34mDEBUG[0m [2mhyper::client::pool[0m[2m:[0m pooling idle connection for ("http", 192.168.0.14:8545)
[2m2025-12-10T10:13:02.635649Z[0m [34mDEBUG[0m [2mhyper::proto::h1::io[0m[2m:[0m parsed 4 headers
[2m2025-12-10T10:13:02.635653Z[0m [34mDEBUG[0m [2mhyper::proto::h1::conn[0m[2m:[0m incoming body is content-length (770 bytes)
[2m2025-12-10T10:13:02.635657Z[0m [34mDEBUG[0m [2mhyper::proto::h1::conn[0m[2m:[0m incoming body completed
[2m2025-12-10T10:13:02.635662Z[0m [34mDEBUG[0m [2mhyper::client::pool[0m[2m:[0m pooling idle connection for ("http", 192.168.0.14:8545)
[2m2025-12-10T10:13:02.635667Z[0m [34mDEBUG[0m [2methereum_transaction_pool_monitor::eth_client[0m[2m:[0m 📡 Transaction fetch RPC completed in 5.594625ms
[2m2025-12-10T10:13:02.706826Z[0m [34mDEBUG[0m [2methereum_transaction_pool_monitor::eth_client[0m[2m:[0m ✅ Transaction 0x662875fd825e83a65f79d24a0910e954cec37deac3700152175add913c18978a fetched and parsed in 76.751791ms
[2m2025-12-10T10:13:02.706849Z[0m [34mDEBUG[0m [2methereum_transaction_pool_monitor::mempool_monitor[0m[2m:[0m 🔍 Skipping tx 0x662875fd825e83a65f79d24a0910e954cec37deac3700152175add913c18978a - not a DEX interaction (target: 0xaea46A60368A7bD060eec7DF8CBa43b7EF41Ad85)
[2m2025-12-10T10:13:02.706859Z[0m [34mDEBUG[0m [2methereum_transaction_pool_monitor::mempool_monitor[0m[2m:[0m 📨 Processing new pending transaction: 0x44dca4929b4c83dc00073a72496c1c88ffcdd272227d0170585d9cd97ace9cf9
[2m2025-12-10T10:13:02.706864Z[0m [34mDEBUG[0m [2methereum_transaction_pool_monitor::mempool_monitor[0m[2m:[0m 🔍 Fetching transaction details for: 0x44dca4929b4c83dc00073a72496c1c88ffcdd272227d0170585d9cd97ace9cf9
[2m2025-12-10T10:13:02.706869Z[0m [34mDEBUG[0m [2methereum_transaction_pool_monitor::eth_client[0m[2m:[0m 🔍 Fetching transaction details for hash: 0x44dca4929b4c83dc00073a72496c1c88ffcdd272227d0170585d9cd97ace9cf9
[2m2025-12-10T10:13:02.706885Z[0m [34mDEBUG[0m [2mhyper::client::pool[0m[2m:[0m reuse idle connection for ("http", 192.168.0.14:8545)
[2m2025-12-10T10:13:02.706922Z[0m [34mDEBUG[0m [2mhyper::proto::h1::io[0m[2m:[0m flushed 250 bytes
[2m2025-12-10T10:13:02.706953Z[0m [34mDEBUG[0m [2mhyper::client::pool[0m[2m:[0m reuse idle connection for ("http", 192.168.0.14:8545)
[2m2025-12-10T10:13:02.706970Z[0m [34mDEBUG[0m [2mhyper::proto::h1::io[0m[2m:[0m flushed 172 bytes
[2m2025-12-10T10:13:02.714086Z[0m [34mDEBUG[0m [2mhyper::proto::h1::io[0m[2m:[0m parsed 4 headers
[2m2025-12-10T10:13:02.714906Z[0m [34mDEBUG[0m [2mhyper::proto::h1::conn[0m[2m:[0m incoming body is content-length (769 bytes)
[2m2025-12-10T10:13:02.714935Z[0m [34mDEBUG[0m [2mhyper::proto::h1::conn[0m[2m:[0m incoming body completed
[2m2025-12-10T10:13:02.714960Z[0m [34mDEBUG[0m [2mhyper::client::pool[0m[2m:[0m pooling idle connection for ("http", 192.168.0.14:8545)
[2m2025-12-10T10:13:02.714967Z[0m [34mDEBUG[0m [2methereum_transaction_pool_monitor::eth_client[0m[2m:[0m 📡 Transaction fetch RPC completed in 8.0935ms
[2m2025-12-10T10:13:02.714983Z[0m [34mDEBUG[0m [2methereum_transaction_pool_monitor::eth_client[0m[2m:[0m DeFi transaction detected - Address: 0xdac17f958d2ee523a2206206994597c13d831ec7, Type: Stablecoin, Value: 0 ETH, Gas: 1.75 Gwei
[2m2025-12-10T10:13:02.714999Z[0m [34mDEBUG[0m [2methereum_transaction_pool_monitor::eth_client[0m[2m:[0m ✅ Transaction 0x44dca4929b4c83dc00073a72496c1c88ffcdd272227d0170585d9cd97ace9cf9 fetched and parsed in 8.1255ms
[2m2025-12-10T10:13:02.715004Z[0m [34mDEBUG[0m [2methereum_transaction_pool_monitor::mempool_monitor[0m[2m:[0m 🔍 Skipping tx 0x44dca4929b4c83dc00073a72496c1c88ffcdd272227d0170585d9cd97ace9cf9 - not a DEX interaction (target: 0xdAC17F958D2ee523a2206206994597C13D831ec7)
[2m2025-12-10T10:13:02.715010Z[0m [34mDEBUG[0m [2methereum_transaction_pool_monitor::mempool_monitor[0m[2m:[0m 📨 Processing new pending transaction: 0xd6e3a095ba45b5db3c6d88d4c9af9e439868aa643ab2a095e3b1a331a7644cca
[2m2025-12-10T10:13:02.715015Z[0m [34mDEBUG[0m [2methereum_transaction_pool_monitor::mempool_monitor[0m[2m:[0m 🔍 Fetching transaction details for: 0xd6e3a095ba45b5db3c6d88d4c9af9e439868aa643ab2a095e3b1a331a7644cca
[2m2025-12-10T10:13:02.715018Z[0m [34mDEBUG[0m [2methereum_transaction_pool_monitor::eth_client[0m[2m:[0m 🔍 Fetching transaction details for hash: 0xd6e3a095ba45b5db3c6d88d4c9af9e439868aa643ab2a095e3b1a331a7644cca
[2m2025-12-10T10:13:02.715025Z[0m [34mDEBUG[0m [2mhyper::client::pool[0m[2m:[0m reuse idle connection for ("http", 192.168.0.14:8545)
[2m2025-12-10T10:13:02.715037Z[0m [34mDEBUG[0m [2mhyper::proto::h1::io[0m[2m:[0m flushed 250 bytes
[2m2025-12-10T10:13:02.715045Z[0m [34mDEBUG[0m [2mhyper::proto::h1::io[0m[2m:[0m parsed 4 headers
[2m2025-12-10T10:13:02.715048Z[0m [34mDEBUG[0m [2mhyper::proto::h1::conn[0m[2m:[0m incoming body is content-length (45 bytes)
[2m2025-12-10T10:13:02.715052Z[0m [34mDEBUG[0m [2mhyper::proto::h1::conn[0m[2m:[0m incoming body completed
[2m2025-12-10T10:13:02.715056Z[0m [34mDEBUG[0m [2mhyper::client::pool[0m[2m:[0m pooling idle connection for ("http", 192.168.0.14:8545)
[2m2025-12-10T10:13:02.719704Z[0m [34mDEBUG[0m [2mhyper::proto::h1::io[0m[2m:[0m parsed 4 headers
[2m2025-12-10T10:13:02.719841Z[0m [34mDEBUG[0m [2mhyper::proto::h1::conn[0m[2m:[0m incoming body is content-length (1731 bytes)
[2m2025-12-10T10:13:02.719845Z[0m [34mDEBUG[0m [2mhyper::proto::h1::conn[0m[2m:[0m incoming body completed
[2m2025-12-10T10:13:02.719851Z[0m [34mDEBUG[0m [2mhyper::client::pool[0m[2m:[0m pooling idle connection for ("http", 192.168.0.14:8545)
[2m2025-12-10T10:13:02.719855Z[0m [34mDEBUG[0m [2methereum_transaction_pool_monitor::eth_client[0m[2m:[0m 📡 Transaction fetch RPC completed in 4.832334ms
[2m2025-12-10T10:13:02.791436Z[0m [34mDEBUG[0m [2methereum_transaction_pool_monitor::eth_client[0m[2m:[0m ✅ Transaction 0xd6e3a095ba45b5db3c6d88d4c9af9e439868aa643ab2a095e3b1a331a7644cca fetched and parsed in 76.411375ms
[2m2025-12-10T10:13:02.791466Z[0m [34mDEBUG[0m [2methereum_transaction_pool_monitor::mempool_monitor[0m[2m:[0m 🔍 Skipping tx 0xd6e3a095ba45b5db3c6d88d4c9af9e439868aa643ab2a095e3b1a331a7644cca - not a DEX interaction (target: 0x601a2aD6CB5949f0529735254189Ba3194221EDF)
[2m2025-12-10T10:13:02.791481Z[0m [34mDEBUG[0m [2methereum_transaction_pool_monitor::mempool_monitor[0m[2m:[0m 📨 Processing new pending transaction: 0x59bab17546607101e48d19238daa5f44dd7afd5f33e3ed33caad1219332af370
[2m2025-12-10T10:13:02.791489Z[0m [34mDEBUG[0m [2methereum_transaction_pool_monitor::mempool_monitor[0m[2m:[0m 🔍 Fetching transaction details for: 0x59bab17546607101e48d19238daa5f44dd7afd5f33e3ed33caad1219332af370
[2m2025-12-10T10:13:02.791494Z[0m [34mDEBUG[0m [2methereum_transaction_pool_monitor::eth_client[0m[2m:[0m 🔍 Fetching transaction details for hash: 0x59bab17546607101e48d19238daa5f44dd7afd5f33e3ed33caad1219332af370
[2m2025-12-10T10:13:02.791513Z[0m [34mDEBUG[0m [2mhyper::client::pool[0m[2m:[0m reuse idle connection for ("http", 192.168.0.14:8545)
[2m2025-12-10T10:13:02.791549Z[0m [34mDEBUG[0m [2mhyper::proto::h1::io[0m[2m:[0m flushed 250 bytes
[2m2025-12-10T10:13:02.800337Z[0m [34mDEBUG[0m [2mhyper::client::pool[0m[2m:[0m reuse idle connection for ("http", 192.168.0.14:8545)
[2m2025-12-10T10:13:02.800356Z[0m [34mDEBUG[0m [2mhyper::proto::h1::io[0m[2m:[0m flushed 172 bytes
[2m2025-12-10T10:13:02.823214Z[0m [34mDEBUG[0m [2mhyper::proto::h1::io[0m[2m:[0m parsed 4 headers
[2m2025-12-10T10:13:02.823219Z[0m [34mDEBUG[0m [2mhyper::proto::h1::conn[0m[2m:[0m incoming body is content-length (45 bytes)
[2m2025-12-10T10:13:02.823227Z[0m [34mDEBUG[0m [2mhyper::proto::h1::conn[0m[2m:[0m incoming body completed
[2m2025-12-10T10:13:02.823236Z[0m [34mDEBUG[0m [2mhyper::client::pool[0m[2m:[0m pooling idle connection for ("http", 192.168.0.14:8545)
[2m2025-12-10T10:13:02.823261Z[0m [34mDEBUG[0m [2mhyper::proto::h1::io[0m[2m:[0m parsed 4 headers
[2m2025-12-10T10:13:02.823266Z[0m [34mDEBUG[0m [2mhyper::proto::h1::conn[0m[2m:[0m incoming body is content-length (7295 bytes)
[2m2025-12-10T10:13:02.823271Z[0m [34mDEBUG[0m [2mhyper::proto::h1::conn[0m[2m:[0m incoming body completed
[2m2025-12-10T10:13:02.823277Z[0m [34mDEBUG[0m [2mhyper::client::pool[0m[2m:[0m pooling idle connection for ("http", 192.168.0.14:8545)
[2m2025-12-10T10:13:02.823286Z[0m [34mDEBUG[0m [2methereum_transaction_pool_monitor::eth_client[0m[2m:[0m 📡 Transaction fetch RPC completed in 31.786667ms
[2m2025-12-10T10:13:02.894532Z[0m [34mDEBUG[0m [2methereum_transaction_pool_monitor::eth_client[0m[2m:[0m ✅ Transaction 0x59bab17546607101e48d19238daa5f44dd7afd5f33e3ed33caad1219332af370 fetched and parsed in 103.030542ms
[2m2025-12-10T10:13:02.894771Z[0m [34mDEBUG[0m [2methereum_transaction_pool_monitor::mempool_monitor[0m[2m:[0m 🔍 Skipping tx 0x59bab17546607101e48d19238daa5f44dd7afd5f33e3ed33caad1219332af370 - not a DEX interaction (target: 0x618892aE551eB5bB2DE8911057b3714274b5FFe1)
[2m2025-12-10T10:13:02.894783Z[0m [34mDEBUG[0m [2methereum_transaction_pool_monitor::mempool_monitor[0m[2m:[0m 📨 Processing new pending transaction: 0x337b66e5db91503cc86f47ebdab25f66429d76a7304db138539c8715b35b28d3
[2m2025-12-10T10:13:02.894790Z[0m [34mDEBUG[0m [2methereum_transaction_pool_monitor::mempool_monitor[0m[2m:[0m 🔍 Fetching transaction details for: 0x337b66e5db91503cc86f47ebdab25f66429d76a7304db138539c8715b35b28d3
[2m2025-12-10T10:13:02.894794Z[0m [34mDEBUG[0m [2methereum_transaction_pool_monitor::eth_client[0m[2m:[0m 🔍 Fetching transaction details for hash: 0x337b66e5db91503cc86f47ebdab25f66429d76a7304db138539c8715b35b28d3
[2m2025-12-10T10:13:02.894813Z[0m [34mDEBUG[0m [2mhyper::client::pool[0m[2m:[0m reuse idle connection for ("http", 192.168.0.14:8545)
[2m2025-12-10T10:13:02.894850Z[0m [34mDEBUG[0m [2mhyper::proto::h1::io[0m[2m:[0m flushed 250 bytes
[2m2025-12-10T10:13:02.894871Z[0m [34mDEBUG[0m [2methereum_transaction_pool_monitor::eth_client[0m[2m:[0m 📨 Received WebSocket message: {"jsonrpc":"2.0","method":"eth_subscription","params":{"subscription":"0xbed0a0851463e895960a451075a301a9","result":"0x636ec19ced8e90dbaac60b216c814baa1213d8bbd7af9f5402db5a5bed95de06"}}
[2m2025-12-10T10:13:02.894878Z[0m [34mDEBUG[0m [2methereum_transaction_pool_monitor::eth_client[0m[2m:[0m 📨 Received pending transaction: 0x636ec19ced8e90dbaac60b216c814baa1213d8bbd7af9f5402db5a5bed95de06
[2m2025-12-10T10:13:02.894883Z[0m [34mDEBUG[0m [2methereum_transaction_pool_monitor::eth_client[0m[2m:[0m 📨 Received WebSocket message: {"jsonrpc":"2.0","method":"eth_subscription","params":{"subscription":"0xbed0a0851463e895960a451075a301a9","result":"0xba0036ed882f885598e017aca43db38a5fdc1bef04c5f6d1280fa8aaa9343e10"}}
[2m2025-12-10T10:13:02.894888Z[0m [34mDEBUG[0m [2methereum_transaction_pool_monitor::eth_client[0m[2m:[0m 📨 Received pending transaction: 0xba0036ed882f885598e017aca43db38a5fdc1bef04c5f6d1280fa8aaa9343e10
[2m2025-12-10T10:13:02.898677Z[0m [34mDEBUG[0m [2mhyper::client::pool[0m[2m:[0m reuse idle connection for ("http", 192.168.0.14:8545)
[2m2025-12-10T10:13:02.898721Z[0m [34mDEBUG[0m [2mhyper::proto::h1::io[0m[2m:[0m flushed 172 bytes
[2m2025-12-10T10:13:02.899537Z[0m [34mDEBUG[0m [2mhyper::proto::h1::io[0m[2m:[0m parsed 4 headers
[2m2025-12-10T10:13:02.899556Z[0m [34mDEBUG[0m [2mhyper::proto::h1::conn[0m[2m:[0m incoming body is content-length (555 bytes)
[2m2025-12-10T10:13:02.899588Z[0m [34mDEBUG[0m [2mhyper::proto::h1::conn[0m[2m:[0m incoming body completed
[2m2025-12-10T10:13:02.899599Z[0m [34mDEBUG[0m [2mhyper::client::pool[0m[2m:[0m pooling idle connection for ("http", 192.168.0.14:8545)
[2m2025-12-10T10:13:02.899618Z[0m [34mDEBUG[0m [2methereum_transaction_pool_monitor::eth_client[0m[2m:[0m 📡 Transaction fetch RPC completed in 4.82ms
[2m2025-12-10T10:13:02.970978Z[0m [34mDEBUG[0m [2methereum_transaction_pool_monitor::eth_client[0m[2m:[0m ✅ Transaction 0x337b66e5db91503cc86f47ebdab25f66429d76a7304db138539c8715b35b28d3 fetched and parsed in 76.178459ms
[2m2025-12-10T10:13:02.971006Z[0m [34mDEBUG[0m [2methereum_transaction_pool_monitor::mempool_monitor[0m[2m:[0m 🔍 Skipping tx 0x337b66e5db91503cc86f47ebdab25f66429d76a7304db138539c8715b35b28d3 - not a DEX interaction (target: 0x0784D0D191F0dd7b92E742F5209CcEA632444214)
[2m2025-12-10T10:13:02.971018Z[0m [34mDEBUG[0m [2methereum_transaction_pool_monitor::mempool_monitor[0m[2m:[0m 📨 Processing new pending transaction: 0xfbfd792abef63ef54de95d25d1256776c38ce6448d2297fab83d48975b5625de
[2m2025-12-10T10:13:02.971028Z[0m [34mDEBUG[0m [2methereum_transaction_pool_monitor::mempool_monitor[0m[2m:[0m 🔍 Fetching transaction details for: 0xfbfd792abef63ef54de95d25d1256776c38ce6448d2297fab83d48975b5625de
[2m2025-12-10T10:13:02.971033Z[0m [34mDEBUG[0m [2methereum_transaction_pool_monitor::eth_client[0m[2m:[0m 🔍 Fetching transaction details for hash: 0xfbfd792abef63ef54de95d25d1256776c38ce6448d2297fab83d48975b5625de
[2m2025-12-10T10:13:02.971051Z[0m [34mDEBUG[0m [2mhyper::client::pool[0m[2m:[0m reuse idle connection for ("http", 192.168.0.14:8545)
[2m2025-12-10T10:13:02.971085Z[0m [34mDEBUG[0m [2mhyper::proto::h1::io[0m[2m:[0m flushed 250 bytes
[2m2025-12-10T10:13:02.971102Z[0m [34mDEBUG[0m [2mhyper::proto::h1::io[0m[2m:[0m parsed 4 headers
[2m2025-12-10T10:13:02.971108Z[0m [34mDEBUG[0m [2mhyper::proto::h1::conn[0m[2m:[0m incoming body is content-length (45 bytes)
[2m2025-12-10T10:13:02.971117Z[0m [34mDEBUG[0m [2mhyper::proto::h1::conn[0m[2m:[0m incoming body completed
[2m2025-12-10T10:13:02.971127Z[0m [34mDEBUG[0m [2mhyper::client::pool[0m[2m:[0m pooling idle connection for ("http", 192.168.0.14:8545)
[2m2025-12-10T10:13:02.974573Z[0m [34mDEBUG[0m [2mhyper::proto::h1::io[0m[2m:[0m parsed 4 headers
[2m2025-12-10T10:13:02.974593Z[0m [34mDEBUG[0m [2mhyper::proto::h1::conn[0m[2m:[0m incoming body is content-length (830 bytes)
[2m2025-12-10T10:13:02.974609Z[0m [34mDEBUG[0m [2mhyper::proto::h1::conn[0m[2m:[0m incoming body completed
[2m2025-12-10T10:13:02.974627Z[0m [34mDEBUG[0m [2mhyper::client::pool[0m[2m:[0m pooling idle connection for ("http", 192.168.0.14:8545)
[2m2025-12-10T10:13:02.974649Z[0m [34mDEBUG[0m [2methereum_transaction_pool_monitor::eth_client[0m[2m:[0m 📡 Transaction fetch RPC completed in 3.610833ms
[2m2025-12-10T10:13:03.045943Z[0m [34mDEBUG[0m [2methereum_transaction_pool_monitor::eth_client[0m[2m:[0m ✅ Transaction 0xfbfd792abef63ef54de95d25d1256776c38ce6448d2297fab83d48975b5625de fetched and parsed in 74.902583ms
[2m2025-12-10T10:13:03.045967Z[0m [34mDEBUG[0m [2methereum_transaction_pool_monitor::mempool_monitor[0m[2m:[0m 🔍 Skipping tx 0xfbfd792abef63ef54de95d25d1256776c38ce6448d2297fab83d48975b5625de - not a DEX interaction (target: 0x3B4D794a66304F130a4Db8F2551B0070dfCf5ca7)
[2m2025-12-10T10:13:03.045976Z[0m [34mDEBUG[0m [2methereum_transaction_pool_monitor::mempool_monitor[0m[2m:[0m 📨 Processing new pending transaction: 0x636ec19ced8e90dbaac60b216c814baa1213d8bbd7af9f5402db5a5bed95de06
[2m2025-12-10T10:13:03.045982Z[0m [34mDEBUG[0m [2methereum_transaction_pool_monitor::mempool_monitor[0m[2m:[0m 🔍 Fetching transaction details for: 0x636ec19ced8e90dbaac60b216c814baa1213d8bbd7af9f5402db5a5bed95de06
[2m2025-12-10T10:13:03.045987Z[0m [34mDEBUG[0m [2methereum_transaction_pool_monitor::eth_client[0m[2m:[0m 🔍 Fetching transaction details for hash: 0x636ec19ced8e90dbaac60b216c814baa1213d8bbd7af9f5402db5a5bed95de06
[2m2025-12-10T10:13:03.046002Z[0m [34mDEBUG[0m [2mhyper::client::pool[0m[2m:[0m reuse idle connection for ("http", 192.168.0.14:8545)
[2m2025-12-10T10:13:03.046043Z[0m [34mDEBUG[0m [2mhyper::proto::h1::io[0m[2m:[0m flushed 250 bytes
[2m2025-12-10T10:13:03.046060Z[0m [34mDEBUG[0m [2mhyper::client::pool[0m[2m:[0m reuse idle connection for ("http", 192.168.0.14:8545)
[2m2025-12-10T10:13:03.046074Z[0m [34mDEBUG[0m [2mhyper::proto::h1::io[0m[2m:[0m flushed 172 bytes
[2m2025-12-10T10:13:03.046073Z[0m [34mDEBUG[0m [2methereum_transaction_pool_monitor::eth_client[0m[2m:[0m 📨 Received WebSocket message: {"jsonrpc":"2.0","method":"eth_subscription","params":{"subscription":"0xbed0a0851463e895960a451075a301a9","result":"0xf5e76327bdab125dca7ddf0530f048985fa25921e9205b22eb41c5dd5351f50d"}}
[2m2025-12-10T10:13:03.046092Z[0m [34mDEBUG[0m [2methereum_transaction_pool_monitor::eth_client[0m[2m:[0m 📨 Received pending transaction: 0xf5e76327bdab125dca7ddf0530f048985fa25921e9205b22eb41c5dd5351f50d
[2m2025-12-10T10:13:03.046098Z[0m [34mDEBUG[0m [2methereum_transaction_pool_monitor::eth_client[0m[2m:[0m 📨 Received WebSocket message: {"jsonrpc":"2.0","method":"eth_subscription","params":{"subscription":"0xbed0a0851463e895960a451075a301a9","result":"0x7357454fc9512454cf481e80954340ce5d9da6cb9cd6c7a900c2593ca56212c8"}}
[2m2025-12-10T10:13:03.046106Z[0m [34mDEBUG[0m [2methereum_transaction_pool_monitor::eth_client[0m[2m:[0m 📨 Received pending transaction: 0x7357454fc9512454cf481e80954340ce5d9da6cb9cd6c7a900c2593ca56212c8
[2m2025-12-10T10:13:03.046112Z[0m [34mDEBUG[0m [2methereum_transaction_pool_monitor::eth_client[0m[2m:[0m 📨 Received WebSocket message: {"jsonrpc":"2.0","method":"eth_subscription","params":{"subscription":"0xbed0a0851463e895960a451075a301a9","result":"0xaf2602436df487e0c43dddf082eebabd44f0013014b9e24fa19393ffb52dc5d7"}}
[2m2025-12-10T10:13:03.046117Z[0m [34mDEBUG[0m [2methereum_transaction_pool_monitor::eth_client[0m[2m:[0m 📨 Received pending transaction: 0xaf2602436df487e0c43dddf082eebabd44f0013014b9e24fa19393ffb52dc5d7
[2m2025-12-10T10:13:03.050460Z[0m [34mDEBUG[0m [2mhyper::proto::h1::io[0m[2m:[0m parsed 4 headers
[2m2025-12-10T10:13:03.050464Z[0m [34mDEBUG[0m [2mhyper::proto::h1::conn[0m[2m:[0m incoming body is content-length (45 bytes)
[2m2025-12-10T10:13:03.050473Z[0m [34mDEBUG[0m [2mhyper::proto::h1::conn[0m[2m:[0m incoming body completed
[2m2025-12-10T10:13:03.050480Z[0m [34mDEBUG[0m [2mhyper::client::pool[0m[2m:[0m pooling idle connection for ("http", 192.168.0.14:8545)
[2m2025-12-10T10:13:03.050494Z[0m [34mDEBUG[0m [2mhyper::proto::h1::io[0m[2m:[0m parsed 4 headers
[2m2025-12-10T10:13:03.050498Z[0m [34mDEBUG[0m [2mhyper::proto::h1::conn[0m[2m:[0m incoming body is content-length (830 bytes)
[2m2025-12-10T10:13:03.050502Z[0m [34mDEBUG[0m [2mhyper::proto::h1::conn[0m[2m:[0m incoming body completed
[2m2025-12-10T10:13:03.050506Z[0m [34mDEBUG[0m [2mhyper::client::pool[0m[2m:[0m pooling idle connection for ("http", 192.168.0.14:8545)
[2m2025-12-10T10:13:03.050510Z[0m [34mDEBUG[0m [2methereum_transaction_pool_monitor::eth_client[0m[2m:[0m 📡 Transaction fetch RPC completed in 4.519125ms
[2m2025-12-10T10:13:03.121660Z[0m [34mDEBUG[0m [2methereum_transaction_pool_monitor::eth_client[0m[2m:[0m ✅ Transaction 0x636ec19ced8e90dbaac60b216c814baa1213d8bbd7af9f5402db5a5bed95de06 fetched and parsed in 75.666417ms
[2m2025-12-10T10:13:03.121683Z[0m [34mDEBUG[0m [2methereum_transaction_pool_monitor::mempool_monitor[0m[2m:[0m 🔍 Skipping tx 0x636ec19ced8e90dbaac60b216c814baa1213d8bbd7af9f5402db5a5bed95de06 - not a DEX interaction (target: 0x3B4D794a66304F130a4Db8F2551B0070dfCf5ca7)
[2m2025-12-10T10:13:03.121693Z[0m [34mDEBUG[0m [2methereum_transaction_pool_monitor::mempool_monitor[0m[2m:[0m 📨 Processing new pending transaction: 0xba0036ed882f885598e017aca43db38a5fdc1bef04c5f6d1280fa8aaa9343e10
[2m2025-12-10T10:13:03.121699Z[0m [34mDEBUG[0m [2methereum_transaction_pool_monitor::mempool_monitor[0m[2m:[0m 🔍 Fetching transaction details for: 0xba0036ed882f885598e017aca43db38a5fdc1bef04c5f6d1280fa8aaa9343e10
[2m2025-12-10T10:13:03.121704Z[0m [34mDEBUG[0m [2methereum_transaction_pool_monitor::eth_client[0m[2m:[0m 🔍 Fetching transaction details for hash: 0xba0036ed882f885598e017aca43db38a5fdc1bef04c5f6d1280fa8aaa9343e10
[2m2025-12-10T10:13:03.121722Z[0m [34mDEBUG[0m [2mhyper::client::pool[0m[2m:[0m reuse idle connection for ("http", 192.168.0.14:8545)
[2m2025-12-10T10:13:03.121757Z[0m [34mDEBUG[0m [2mhyper::proto::h1::io[0m[2m:[0m flushed 250 bytes
[2m2025-12-10T10:13:03.121775Z[0m [34mDEBUG[0m [2mhyper::client::pool[0m[2m:[0m reuse idle connection for ("http", 192.168.0.14:8545)
[2m2025-12-10T10:13:03.121788Z[0m [34mDEBUG[0m [2methereum_transaction_pool_monitor::eth_client[0m[2m:[0m 📨 Received WebSocket message: {"jsonrpc":"2.0","method":"eth_subscription","params":{"subscription":"0xbed0a0851463e895960a451075a301a9","result":"0x66f91ac0f6377bf891b36acd9f49d7b6156453286edf2d9599e7d5473d868023"}}
[2m2025-12-10T10:13:03.121789Z[0m [34mDEBUG[0m [2mhyper::proto::h1::io[0m[2m:[0m flushed 172 bytes
[2m2025-12-10T10:13:03.121801Z[0m [34mDEBUG[0m [2methereum_transaction_pool_monitor::eth_client[0m[2m:[0m 📨 Received pending transaction: 0x66f91ac0f6377bf891b36acd9f49d7b6156453286edf2d9599e7d5473d868023
[2m2025-12-10T10:13:03.126495Z[0m [34mDEBUG[0m [2mhyper::proto::h1::io[0m[2m:[0m parsed 4 headers
[2m2025-12-10T10:13:03.126502Z[0m [34mDEBUG[0m [2mhyper::proto::h1::conn[0m[2m:[0m incoming body is content-length (639 bytes)
[2m2025-12-10T10:13:03.126515Z[0m [34mDEBUG[0m [2mhyper::proto::h1::conn[0m[2m:[0m incoming body completed
[2m2025-12-10T10:13:03.126526Z[0m [34mDEBUG[0m [2mhyper::client::pool[0m[2m:[0m pooling idle connection for ("http", 192.168.0.14:8545)
[2m2025-12-10T10:13:03.126534Z[0m [34mDEBUG[0m [2methereum_transaction_pool_monitor::eth_client[0m[2m:[0m 📡 Transaction fetch RPC completed in 4.826666ms
[2m2025-12-10T10:13:03.198015Z[0m [34mDEBUG[0m [2methereum_transaction_pool_monitor::eth_client[0m[2m:[0m ✅ Transaction 0xba0036ed882f885598e017aca43db38a5fdc1bef04c5f6d1280fa8aaa9343e10 fetched and parsed in 76.304791ms
[2m2025-12-10T10:13:03.198040Z[0m [34mDEBUG[0m [2methereum_transaction_pool_monitor::mempool_monitor[0m[2m:[0m 🔍 Skipping tx 0xba0036ed882f885598e017aca43db38a5fdc1bef04c5f6d1280fa8aaa9343e10 - not a DEX interaction (target: 0xB70F98e53BEE56A2E18A15bcd826579f495076F0)
[2m2025-12-10T10:13:03.198049Z[0m [34mDEBUG[0m [2methereum_transaction_pool_monitor::mempool_monitor[0m[2m:[0m 📨 Processing new pending transaction: 0xf5e76327bdab125dca7ddf0530f048985fa25921e9205b22eb41c5dd5351f50d
[2m2025-12-10T10:13:03.198055Z[0m [34mDEBUG[0m [2methereum_transaction_pool_monitor::mempool_monitor[0m[2m:[0m 🔍 Fetching transaction details for: 0xf5e76327bdab125dca7ddf0530f048985fa25921e9205b22eb41c5dd5351f50d
[2m2025-12-10T10:13:03.198059Z[0m [34mDEBUG[0m [2methereum_transaction_pool_monitor::eth_client[0m[2m:[0m 🔍 Fetching transaction details for hash: 0xf5e76327bdab125dca7ddf0530f048985fa25921e9205b22eb41c5dd5351f50d
[2m2025-12-10T10:13:03.198075Z[0m [34mDEBUG[0m [2mhyper::client::pool[0m[2m:[0m reuse idle connection for ("http", 192.168.0.14:8545)
[2m2025-12-10T10:13:03.198107Z[0m [34mDEBUG[0m [2mhyper::proto::h1::io[0m[2m:[0m flushed 250 bytes
[2m2025-12-10T10:13:03.198129Z[0m [34mDEBUG[0m [2methereum_transaction_pool_monitor::eth_client[0m[2m:[0m 📨 Received WebSocket message: {"jsonrpc":"2.0","method":"eth_subscription","params":{"subscription":"0xbed0a0851463e895960a451075a301a9","result":"0x924ff85fd39cb9ca235479f7ac35d462e4ae6a50f6ce86ad4cc00dc101c708ba"}}
[2m2025-12-10T10:13:03.198133Z[0m [34mDEBUG[0m [2mhyper::proto::h1::io[0m[2m:[0m parsed 4 headers
[2m2025-12-10T10:13:03.198137Z[0m [34mDEBUG[0m [2methereum_transaction_pool_monitor::eth_client[0m[2m:[0m 📨 Received pending transaction: 0x924ff85fd39cb9ca235479f7ac35d462e4ae6a50f6ce86ad4cc00dc101c708ba
[2m2025-12-10T10:13:03.198140Z[0m [34mDEBUG[0m [2mhyper::proto::h1::conn[0m[2m:[0m incoming body is content-length (45 bytes)
[2m2025-12-10T10:13:03.198144Z[0m [34mDEBUG[0m [2methereum_transaction_pool_monitor::eth_client[0m[2m:[0m 📨 Received WebSocket message: {"jsonrpc":"2.0","method":"eth_subscription","params":{"subscription":"0xbed0a0851463e895960a451075a301a9","result":"0x57a9b4d2f9bcf76e8f3629f6a7ab79a9b29c129f6bbca40c3cd5066fb50c341b"}}
[2m2025-12-10T10:13:03.198149Z[0m [34mDEBUG[0m [2mhyper::proto::h1::conn[0m[2m:[0m incoming body completed
[2m2025-12-10T10:13:03.198151Z[0m [34mDEBUG[0m [2methereum_transaction_pool_monitor::eth_client[0m[2m:[0m 📨 Received pending transaction: 0x57a9b4d2f9bcf76e8f3629f6a7ab79a9b29c129f6bbca40c3cd5066fb50c341b
[2m2025-12-10T10:13:03.198163Z[0m [34mDEBUG[0m [2mhyper::client::pool[0m[2m:[0m pooling idle connection for ("http", 192.168.0.14:8545)
[2m2025-12-10T10:13:03.198171Z[0m [34mDEBUG[0m [2methereum_transaction_pool_monitor::eth_client[0m[2m:[0m 📨 Received WebSocket message: {"jsonrpc":"2.0","method":"eth_subscription","params":{"subscription":"0xbed0a0851463e895960a451075a301a9","result":"0x1bd0a23c76140ba8966ea0f37567710b6585ed009aaee14fb3b11a7cc69b023f"}}
[2m2025-12-10T10:13:03.198183Z[0m [34mDEBUG[0m [2mhyper::client::pool[0m[2m:[0m reuse idle connection for ("http", 192.168.0.14:8545)
[2m2025-12-10T10:13:03.198429Z[0m [34mDEBUG[0m [2methereum_transaction_pool_monitor::eth_client[0m[2m:[0m 📨 Received pending transaction: 0x1bd0a23c76140ba8966ea0f37567710b6585ed009aaee14fb3b11a7cc69b023f
[2m2025-12-10T10:13:03.198440Z[0m [34mDEBUG[0m [2methereum_transaction_pool_monitor::eth_client[0m[2m:[0m 📨 Received WebSocket message: {"jsonrpc":"2.0","method":"eth_subscription","params":{"subscription":"0xbed0a0851463e895960a451075a301a9","result":"0xa3970f447c7ad323d5531761b49e95ad95a2dbf7e7fb0260b08446b7215118be"}}
[2m2025-12-10T10:13:03.198443Z[0m [34mDEBUG[0m [2mhyper::proto::h1::io[0m[2m:[0m flushed 172 bytes
[2m2025-12-10T10:13:03.198448Z[0m [34mDEBUG[0m [2methereum_transaction_pool_monitor::eth_client[0m[2m:[0m 📨 Received pending transaction: 0xa3970f447c7ad323d5531761b49e95ad95a2dbf7e7fb0260b08446b7215118be
[2m2025-12-10T10:13:03.202602Z[0m [34mDEBUG[0m [2methereum_transaction_pool_monitor::eth_client[0m[2m:[0m 📨 Received WebSocket message: {"jsonrpc":"2.0","method":"eth_subscription","params":{"subscription":"0xbed0a0851463e895960a451075a301a9","result":"0x3d63738e6b700d1a6c26f26ea1446b6c6c02c1d62aaf4b43bd7f9f3838fb1991"}}
[2m2025-12-10T10:13:03.202629Z[0m [34mDEBUG[0m [2methereum_transaction_pool_monitor::eth_client[0m[2m:[0m 📨 Received pending transaction: 0x3d63738e6b700d1a6c26f26ea1446b6c6c02c1d62aaf4b43bd7f9f3838fb1991
[2m2025-12-10T10:13:03.206060Z[0m [34mDEBUG[0m [2mhyper::proto::h1::io[0m[2m:[0m parsed 4 headers
[2m2025-12-10T10:13:03.206092Z[0m [34mDEBUG[0m [2mhyper::proto::h1::conn[0m[2m:[0m incoming body is content-length (648 bytes)
[2m2025-12-10T10:13:03.206103Z[0m [34mDEBUG[0m [2mhyper::proto::h1::conn[0m[2m:[0m incoming body completed
[2m2025-12-10T10:13:03.206110Z[0m [34mDEBUG[0m [2mhyper::client::pool[0m[2m:[0m pooling idle connection for ("http", 192.168.0.14:8545)
[2m2025-12-10T10:13:03.206126Z[0m [34mDEBUG[0m [2methereum_transaction_pool_monitor::eth_client[0m[2m:[0m 📡 Transaction fetch RPC completed in 8.062708ms
[2m2025-12-10T10:13:03.278348Z[0m [34mDEBUG[0m [2methereum_transaction_pool_monitor::eth_client[0m[2m:[0m ✅ Transaction 0xf5e76327bdab125dca7ddf0530f048985fa25921e9205b22eb41c5dd5351f50d fetched and parsed in 80.282875ms
[2m2025-12-10T10:13:03.278373Z[0m [34mDEBUG[0m [2methereum_transaction_pool_monitor::mempool_monitor[0m[2m:[0m 🔍 Skipping tx 0xf5e76327bdab125dca7ddf0530f048985fa25921e9205b22eb41c5dd5351f50d - not a DEX interaction (target: 0x28C6c06298d514Db089934071355E5743bf21d60)
[2m2025-12-10T10:13:03.278383Z[0m [34mDEBUG[0m [2methereum_transaction_pool_monitor::mempool_monitor[0m[2m:[0m 📨 Processing new pending transaction: 0x7357454fc9512454cf481e80954340ce5d9da6cb9cd6c7a900c2593ca56212c8
[2m2025-12-10T10:13:03.278388Z[0m [34mDEBUG[0m [2methereum_transaction_pool_monitor::mempool_monitor[0m[2m:[0m 🔍 Fetching transaction details for: 0x7357454fc9512454cf481e80954340ce5d9da6cb9cd6c7a900c2593ca56212c8
[2m2025-12-10T10:13:03.278392Z[0m [34mDEBUG[0m [2methereum_transaction_pool_monitor::eth_client[0m[2m:[0m 🔍 Fetching transaction details for hash: 0x7357454fc9512454cf481e80954340ce5d9da6cb9cd6c7a900c2593ca56212c8
[2m2025-12-10T10:13:03.278407Z[0m [34mDEBUG[0m [2mhyper::client::pool[0m[2m:[0m reuse idle connection for ("http", 192.168.0.14:8545)
[2m2025-12-10T10:13:03.278443Z[0m [34mDEBUG[0m [2mhyper::proto::h1::io[0m[2m:[0m flushed 250 bytes
[2m2025-12-10T10:13:03.278465Z[0m [34mDEBUG[0m [2methereum_transaction_pool_monitor::eth_client[0m[2m:[0m 📨 Received WebSocket message: {"jsonrpc":"2.0","method":"eth_subscription","params":{"subscription":"0xbed0a0851463e895960a451075a301a9","result":"0x5b1660d4527c27392a8dc33003dcae99de375da1333535127ef0dafd9689f304"}}
[2m2025-12-10T10:13:03.278466Z[0m [34mDEBUG[0m [2mhyper::proto::h1::io[0m[2m:[0m parsed 4 headers
[2m2025-12-10T10:13:03.278475Z[0m [34mDEBUG[0m [2methereum_transaction_pool_monitor::eth_client[0m[2m:[0m 📨 Received pending transaction: 0x5b1660d4527c27392a8dc33003dcae99de375da1333535127ef0dafd9689f304
[2m2025-12-10T10:13:03.278478Z[0m [34mDEBUG[0m [2mhyper::proto::h1::conn[0m[2m:[0m incoming body is content-length (45 bytes)
[2m2025-12-10T10:13:03.278481Z[0m [34mDEBUG[0m [2methereum_transaction_pool_monitor::eth_client[0m[2m:[0m 📨 Received WebSocket message: {"jsonrpc":"2.0","method":"eth_subscription","params":{"subscription":"0xbed0a0851463e895960a451075a301a9","result":"0x0db8f1191ab36cedcf655e53a982d5dcd22045509293127052cfbeb75fbfcdbd"}}
[2m2025-12-10T10:13:03.278486Z[0m [34mDEBUG[0m [2mhyper::proto::h1::conn[0m[2m:[0m incoming body completed
[2m2025-12-10T10:13:03.278487Z[0m [34mDEBUG[0m [2methereum_transaction_pool_monitor::eth_client[0m[2m:[0m 📨 Received pending transaction: 0x0db8f1191ab36cedcf655e53a982d5dcd22045509293127052cfbeb75fbfcdbd
[2m2025-12-10T10:13:03.278497Z[0m [34mDEBUG[0m [2mhyper::client::pool[0m[2m:[0m pooling idle connection for ("http", 192.168.0.14:8545)
[2m2025-12-10T10:13:03.278498Z[0m [34mDEBUG[0m [2methereum_transaction_pool_monitor::eth_client[0m[2m:[0m 📨 Received WebSocket message: {"jsonrpc":"2.0","method":"eth_subscription","params":{"subscription":"0xbed0a0851463e895960a451075a301a9","result":"0xe8792c12c5151ec369511d72cefb2076f96e1a01451dcdf82cbce567c5998403"}}
[2m2025-12-10T10:13:03.278512Z[0m [34mDEBUG[0m [2methereum_transaction_pool_monitor::eth_client[0m[2m:[0m 📨 Received pending transaction: 0xe8792c12c5151ec369511d72cefb2076f96e1a01451dcdf82cbce567c5998403
[2m2025-12-10T10:13:03.282719Z[0m [34mDEBUG[0m [2methereum_transaction_pool_monitor::eth_client[0m[2m:[0m 📨 Received WebSocket message: {"jsonrpc":"2.0","method":"eth_subscription","params":{"subscription":"0xbed0a0851463e895960a451075a301a9","result":"0x292ab7463937a985de100cca860a486c92de468c508aac5fa8289673738fa7cd"}}
[2m2025-12-10T10:13:03.282725Z[0m [34mDEBUG[0m [2methereum_transaction_pool_monitor::eth_client[0m[2m:[0m 📨 Received pending transaction: 0x292ab7463937a985de100cca860a486c92de468c508aac5fa8289673738fa7cd
[2m2025-12-10T10:13:03.285287Z[0m [34mDEBUG[0m [2mhyper::proto::h1::io[0m[2m:[0m parsed 4 headers
[2m2025-12-10T10:13:03.285306Z[0m [34mDEBUG[0m [2mhyper::proto::h1::conn[0m[2m:[0m incoming body is content-length (1037 bytes)
[2m2025-12-10T10:13:03.285324Z[0m [34mDEBUG[0m [2mhyper::proto::h1::conn[0m[2m:[0m incoming body completed
[2m2025-12-10T10:13:03.285347Z[0m [34mDEBUG[0m [2mhyper::client::pool[0m[2m:[0m pooling idle connection for ("http", 192.168.0.14:8545)
[2m2025-12-10T10:13:03.285353Z[0m [34mDEBUG[0m [2methereum_transaction_pool_monitor::eth_client[0m[2m:[0m 📡 Transaction fetch RPC completed in 6.957375ms
[2m2025-12-10T10:13:03.356681Z[0m [34mDEBUG[0m [2methereum_transaction_pool_monitor::eth_client[0m[2m:[0m ✅ Transaction 0x7357454fc9512454cf481e80954340ce5d9da6cb9cd6c7a900c2593ca56212c8 fetched and parsed in 78.281959ms
[2m2025-12-10T10:13:03.356700Z[0m [34mDEBUG[0m [2methereum_transaction_pool_monitor::mempool_monitor[0m[2m:[0m 🔍 Skipping tx 0x7357454fc9512454cf481e80954340ce5d9da6cb9cd6c7a900c2593ca56212c8 - not a DEX interaction (target: 0xC3898EA7E322B3CDC92D65CFe5a34808b7338236)
[2m2025-12-10T10:13:03.356710Z[0m [34mDEBUG[0m [2methereum_transaction_pool_monitor::mempool_monitor[0m[2m:[0m 📨 Processing new pending transaction: 0xaf2602436df487e0c43dddf082eebabd44f0013014b9e24fa19393ffb52dc5d7
[2m2025-12-10T10:13:03.356715Z[0m [34mDEBUG[0m [2methereum_transaction_pool_monitor::mempool_monitor[0m[2m:[0m 🔍 Fetching transaction details for: 0xaf2602436df487e0c43dddf082eebabd44f0013014b9e24fa19393ffb52dc5d7
[2m2025-12-10T10:13:03.356720Z[0m [34mDEBUG[0m [2methereum_transaction_pool_monitor::eth_client[0m[2m:[0m 🔍 Fetching transaction details for hash: 0xaf2602436df487e0c43dddf082eebabd44f0013014b9e24fa19393ffb52dc5d7
[2m2025-12-10T10:13:03.356738Z[0m [34mDEBUG[0m [2mhyper::client::pool[0m[2m:[0m reuse idle connection for ("http", 192.168.0.14:8545)
[2m2025-12-10T10:13:03.356761Z[0m [34mDEBUG[0m [2mhyper::proto::h1::io[0m[2m:[0m flushed 250 bytes
[2m2025-12-10T10:13:03.356776Z[0m [34mDEBUG[0m [2mhyper::client::pool[0m[2m:[0m reuse idle connection for ("http", 192.168.0.14:8545)
[2m2025-12-10T10:13:03.356783Z[0m [34mDEBUG[0m [2methereum_transaction_pool_monitor::eth_client[0m[2m:[0m 📨 Received WebSocket message: {"jsonrpc":"2.0","method":"eth_subscription","params":{"subscription":"0xbed0a0851463e895960a451075a301a9","result":"0xac1737ec3fc349d204fd90c6ea4d787c0da57807fd5e1643e0c8869b65840435"}}
[2m2025-12-10T10:13:03.356788Z[0m [34mDEBUG[0m [2mhyper::proto::h1::io[0m[2m:[0m flushed 172 bytes
[2m2025-12-10T10:13:03.356794Z[0m [34mDEBUG[0m [2methereum_transaction_pool_monitor::eth_client[0m[2m:[0m 📨 Received pending transaction: 0xac1737ec3fc349d204fd90c6ea4d787c0da57807fd5e1643e0c8869b65840435
[2m2025-12-10T10:13:03.356801Z[0m [34mDEBUG[0m [2methereum_transaction_pool_monitor::eth_client[0m[2m:[0m 📨 Received WebSocket message: {"jsonrpc":"2.0","method":"eth_subscription","params":{"subscription":"0xbed0a0851463e895960a451075a301a9","result":"0x981ff82a3f1ea68cf30fb1e2aac03f6f21824c94046b810c8852268f9f61b314"}}
[2m2025-12-10T10:13:03.356806Z[0m [34mDEBUG[0m [2methereum_transaction_pool_monitor::eth_client[0m[2m:[0m 📨 Received pending transaction: 0x981ff82a3f1ea68cf30fb1e2aac03f6f21824c94046b810c8852268f9f61b314
[2m2025-12-10T10:13:03.361052Z[0m [34mDEBUG[0m [2mhyper::proto::h1::io[0m[2m:[0m parsed 4 headers
[2m2025-12-10T10:13:03.361101Z[0m [34mDEBUG[0m [2mhyper::proto::h1::conn[0m[2m:[0m incoming body is content-length (45 bytes)
[2m2025-12-10T10:13:03.361130Z[0m [34mDEBUG[0m [2mhyper::proto::h1::conn[0m[2m:[0m incoming body completed
[2m2025-12-10T10:13:03.361140Z[0m [34mDEBUG[0m [2mhyper::client::pool[0m[2m:[0m pooling idle connection for ("http", 192.168.0.14:8545)
[2m2025-12-10T10:13:03.361161Z[0m [34mDEBUG[0m [2mhyper::proto::h1::io[0m[2m:[0m parsed 4 headers
[2m2025-12-10T10:13:03.361167Z[0m [34mDEBUG[0m [2mhyper::proto::h1::conn[0m[2m:[0m incoming body is content-length (778 bytes)
[2m2025-12-10T10:13:03.361175Z[0m [34mDEBUG[0m [2mhyper::proto::h1::conn[0m[2m:[0m incoming body completed
[2m2025-12-10T10:13:03.361184Z[0m [34mDEBUG[0m [2mhyper::client::pool[0m[2m:[0m pooling idle connection for ("http", 192.168.0.14:8545)
[2m2025-12-10T10:13:03.361191Z[0m [34mDEBUG[0m [2methereum_transaction_pool_monitor::eth_client[0m[2m:[0m 📡 Transaction fetch RPC completed in 4.466125ms
[2m2025-12-10T10:13:03.361208Z[0m [34mDEBUG[0m [2methereum_transaction_pool_monitor::eth_client[0m[2m:[0m DeFi transaction detected - Address: 0xdac17f958d2ee523a2206206994597c13d831ec7, Type: Stablecoin, Value: 0 ETH, Gas: 127.50 Gwei
[2m2025-12-10T10:13:03.361223Z[0m [34mDEBUG[0m [2methereum_transaction_pool_monitor::eth_client[0m[2m:[0m ✅ Transaction 0xaf2602436df487e0c43dddf082eebabd44f0013014b9e24fa19393ffb52dc5d7 fetched and parsed in 4.498042ms
[2m2025-12-10T10:13:03.361231Z[0m [34mDEBUG[0m [2methereum_transaction_pool_monitor::mempool_monitor[0m[2m:[0m 🔍 Skipping tx 0xaf2602436df487e0c43dddf082eebabd44f0013014b9e24fa19393ffb52dc5d7 - not a DEX interaction (target: 0xdAC17F958D2ee523a2206206994597C13D831ec7)
[2m2025-12-10T10:13:03.361239Z[0m [34mDEBUG[0m [2methereum_transaction_pool_monitor::mempool_monitor[0m[2m:[0m 📨 Processing new pending transaction: 0x66f91ac0f6377bf891b36acd9f49d7b6156453286edf2d9599e7d5473d868023
[2m2025-12-10T10:13:03.361244Z[0m [34mDEBUG[0m [2methereum_transaction_pool_monitor::mempool_monitor[0m[2m:[0m 🔍 Fetching transaction details for: 0x66f91ac0f6377bf891b36acd9f49d7b6156453286edf2d9599e7d5473d868023
[2m2025-12-10T10:13:03.361248Z[0m [34mDEBUG[0m [2methereum_transaction_pool_monitor::eth_client[0m[2m:[0m 🔍 Fetching transaction details for hash: 0x66f91ac0f6377bf891b36acd9f49d7b6156453286edf2d9599e7d5473d868023
[2m2025-12-10T10:13:03.361260Z[0m [34mDEBUG[0m [2mhyper::client::pool[0m[2m:[0m reuse idle connection for ("http", 192.168.0.14:8545)
[2m2025-12-10T10:13:03.361272Z[0m [34mDEBUG[0m [2mhyper::proto::h1::io[0m[2m:[0m flushed 250 bytes
[2m2025-12-10T10:13:03.366406Z[0m [34mDEBUG[0m [2mhyper::proto::h1::io[0m[2m:[0m parsed 4 headers
[2m2025-12-10T10:13:03.366429Z[0m [34mDEBUG[0m [2mhyper::proto::h1::conn[0m[2m:[0m incoming body is content-length (656 bytes)
[2m2025-12-10T10:13:03.366449Z[0m [34mDEBUG[0m [2mhyper::proto::h1::conn[0m[2m:[0m incoming body completed
[2m2025-12-10T10:13:03.366462Z[0m [34mDEBUG[0m [2mhyper::client::pool[0m[2m:[0m pooling idle connection for ("http", 192.168.0.14:8545)
[2m2025-12-10T10:13:03.366468Z[0m [34mDEBUG[0m [2methereum_transaction_pool_monitor::eth_client[0m[2m:[0m 📡 Transaction fetch RPC completed in 5.214291ms
[2m2025-12-10T10:13:03.438845Z[0m [34mDEBUG[0m [2methereum_transaction_pool_monitor::eth_client[0m[2m:[0m ✅ Transaction 0x66f91ac0f6377bf891b36acd9f49d7b6156453286edf2d9599e7d5473d868023 fetched and parsed in 77.589291ms
[2m2025-12-10T10:13:03.438876Z[0m [34mDEBUG[0m [2methereum_transaction_pool_monitor::mempool_monitor[0m[2m:[0m 🔍 Skipping tx 0x66f91ac0f6377bf891b36acd9f49d7b6156453286edf2d9599e7d5473d868023 - not a DEX interaction (target: 0x192CC03969b9A9E7f2c48928EA37fAE70Ae0dDd7)
[2m2025-12-10T10:13:03.438888Z[0m [34mDEBUG[0m [2methereum_transaction_pool_monitor::mempool_monitor[0m[2m:[0m 📨 Processing new pending transaction: 0x924ff85fd39cb9ca235479f7ac35d462e4ae6a50f6ce86ad4cc00dc101c708ba
[2m2025-12-10T10:13:03.438896Z[0m [34mDEBUG[0m [2methereum_transaction_pool_monitor::mempool_monitor[0m[2m:[0m 🔍 Fetching transaction details for: 0x924ff85fd39cb9ca235479f7ac35d462e4ae6a50f6ce86ad4cc00dc101c708ba
[2m2025-12-10T10:13:03.438902Z[0m [34mDEBUG[0m [2methereum_transaction_pool_monitor::eth_client[0m[2m:[0m 🔍 Fetching transaction details for hash: 0x924ff85fd39cb9ca235479f7ac35d462e4ae6a50f6ce86ad4cc00dc101c708ba
[2m2025-12-10T10:13:03.438923Z[0m [34mDEBUG[0m [2mhyper::client::pool[0m[2m:[0m reuse idle connection for ("http", 192.168.0.14:8545)
[2m2025-12-10T10:13:03.438971Z[0m [34mDEBUG[0m [2mhyper::proto::h1::io[0m[2m:[0m flushed 250 bytes
[2m2025-12-10T10:13:03.438993Z[0m [34mDEBUG[0m [2mhyper::client::pool[0m[2m:[0m reuse idle connection for ("http", 192.168.0.14:8545)
[2m2025-12-10T10:13:03.439007Z[0m [34mDEBUG[0m [2methereum_transaction_pool_monitor::eth_client[0m[2m:[0m 📨 Received WebSocket message: {"jsonrpc":"2.0","method":"eth_subscription","params":{"subscription":"0xbed0a0851463e895960a451075a301a9","result":"0xd297a19afa4bc7dd68e66c73bcbc24a1961a2996b3b7326eafbb604410c4d664"}}
[2m2025-12-10T10:13:03.439015Z[0m [34mDEBUG[0m [2mhyper::proto::h1::io[0m[2m:[0m flushed 172 bytes
[2m2025-12-10T10:13:03.439021Z[0m [34mDEBUG[0m [2methereum_transaction_pool_monitor::eth_client[0m[2m:[0m 📨 Received pending transaction: 0xd297a19afa4bc7dd68e66c73bcbc24a1961a2996b3b7326eafbb604410c4d664
[2m2025-12-10T10:13:03.444395Z[0m [34mDEBUG[0m [2mhyper::proto::h1::io[0m[2m:[0m parsed 4 headers
[2m2025-12-10T10:13:03.444405Z[0m [34mDEBUG[0m [2mhyper::proto::h1::conn[0m[2m:[0m incoming body is content-length (765 bytes)
[2m2025-12-10T10:13:03.444421Z[0m [34mDEBUG[0m [2mhyper::proto::h1::conn[0m[2m:[0m incoming body completed
[2m2025-12-10T10:13:03.444438Z[0m [34mDEBUG[0m [2mhyper::client::pool[0m[2m:[0m pooling idle connection for ("http", 192.168.0.14:8545)
[2m2025-12-10T10:13:03.444446Z[0m [34mDEBUG[0m [2methereum_transaction_pool_monitor::eth_client[0m[2m:[0m 📡 Transaction fetch RPC completed in 5.538042ms
[2m2025-12-10T10:13:03.444693Z[0m [34mDEBUG[0m [2methereum_transaction_pool_monitor::eth_client[0m[2m:[0m DeFi transaction detected - Address: 0xdac17f958d2ee523a2206206994597c13d831ec7, Type: Stablecoin, Value: 0 ETH, Gas: 0.33 Gwei
[2m2025-12-10T10:13:03.444706Z[0m [34mDEBUG[0m [2methereum_transaction_pool_monitor::eth_client[0m[2m:[0m ✅ Transaction 0x924ff85fd39cb9ca235479f7ac35d462e4ae6a50f6ce86ad4cc00dc101c708ba fetched and parsed in 5.798ms
[2m2025-12-10T10:13:03.444712Z[0m [34mDEBUG[0m [2methereum_transaction_pool_monitor::mempool_monitor[0m[2m:[0m 🔍 Skipping tx 0x924ff85fd39cb9ca235479f7ac35d462e4ae6a50f6ce86ad4cc00dc101c708ba - not a DEX interaction (target: 0xdAC17F958D2ee523a2206206994597C13D831ec7)
[2m2025-12-10T10:13:03.444719Z[0m [34mDEBUG[0m [2methereum_transaction_pool_monitor::mempool_monitor[0m[2m:[0m 📨 Processing new pending transaction: 0x57a9b4d2f9bcf76e8f3629f6a7ab79a9b29c129f6bbca40c3cd5066fb50c341b
[2m2025-12-10T10:13:03.444723Z[0m [34mDEBUG[0m [2methereum_transaction_pool_monitor::mempool_monitor[0m[2m:[0m 🔍 Fetching transaction details for: 0x57a9b4d2f9bcf76e8f3629f6a7ab79a9b29c129f6bbca40c3cd5066fb50c341b
[2m2025-12-10T10:13:03.444728Z[0m [34mDEBUG[0m [2methereum_transaction_pool_monitor::eth_client[0m[2m:[0m 🔍 Fetching transaction details for hash: 0x57a9b4d2f9bcf76e8f3629f6a7ab79a9b29c129f6bbca40c3cd5066fb50c341b
[2m2025-12-10T10:13:03.444735Z[0m [34mDEBUG[0m [2mhyper::client::pool[0m[2m:[0m reuse idle connection for ("http", 192.168.0.14:8545)
[2m2025-12-10T10:13:03.444747Z[0m [34mDEBUG[0m [2mhyper::proto::h1::io[0m[2m:[0m flushed 250 bytes
[2m2025-12-10T10:13:03.444755Z[0m [34mDEBUG[0m [2mhyper::proto::h1::io[0m[2m:[0m parsed 4 headers
[2m2025-12-10T10:13:03.444760Z[0m [34mDEBUG[0m [2mhyper::proto::h1::conn[0m[2m:[0m incoming body is content-length (45 bytes)
[2m2025-12-10T10:13:03.444764Z[0m [34mDEBUG[0m [2mhyper::proto::h1::conn[0m[2m:[0m incoming body completed
[2m2025-12-10T10:13:03.444770Z[0m [34mDEBUG[0m [2mhyper::client::pool[0m[2m:[0m pooling idle connection for ("http", 192.168.0.14:8545)
[2m2025-12-10T10:13:03.450792Z[0m [34mDEBUG[0m [2mhyper::proto::h1::io[0m[2m:[0m parsed 4 headers
[2m2025-12-10T10:13:03.450798Z[0m [34mDEBUG[0m [2mhyper::proto::h1::conn[0m[2m:[0m incoming body is content-length (645 bytes)
[2m2025-12-10T10:13:03.450804Z[0m [34mDEBUG[0m [2mhyper::proto::h1::conn[0m[2m:[0m incoming body completed
[2m2025-12-10T10:13:03.450809Z[0m [34mDEBUG[0m [2mhyper::client::pool[0m[2m:[0m pooling idle connection for ("http", 192.168.0.14:8545)
[2m2025-12-10T10:13:03.450814Z[0m [34mDEBUG[0m [2methereum_transaction_pool_monitor::eth_client[0m[2m:[0m 📡 Transaction fetch RPC completed in 6.081625ms
[2m2025-12-10T10:13:03.522547Z[0m [34mDEBUG[0m [2methereum_transaction_pool_monitor::eth_client[0m[2m:[0m ✅ Transaction 0x57a9b4d2f9bcf76e8f3629f6a7ab79a9b29c129f6bbca40c3cd5066fb50c341b fetched and parsed in 77.812ms
[2m2025-12-10T10:13:03.522580Z[0m [34mDEBUG[0m [2methereum_transaction_pool_monitor::mempool_monitor[0m[2m:[0m 🔍 Skipping tx 0x57a9b4d2f9bcf76e8f3629f6a7ab79a9b29c129f6bbca40c3cd5066fb50c341b - not a DEX interaction (target: 0xDB988ead1878dC83BE90C11c636ab275032BB21C)
[2m2025-12-10T10:13:03.522592Z[0m [34mDEBUG[0m [2methereum_transaction_pool_monitor::mempool_monitor[0m[2m:[0m 📨 Processing new pending transaction: 0x1bd0a23c76140ba8966ea0f37567710b6585ed009aaee14fb3b11a7cc69b023f
[2m2025-12-10T10:13:03.522609Z[0m [34mDEBUG[0m [2methereum_transaction_pool_monitor::mempool_monitor[0m[2m:[0m 🔍 Fetching transaction details for: 0x1bd0a23c76140ba8966ea0f37567710b6585ed009aaee14fb3b11a7cc69b023f
[2m2025-12-10T10:13:03.522619Z[0m [34mDEBUG[0m [2methereum_transaction_pool_monitor::eth_client[0m[2m:[0m 🔍 Fetching transaction details for hash: 0x1bd0a23c76140ba8966ea0f37567710b6585ed009aaee14fb3b11a7cc69b023f
[2m2025-12-10T10:13:03.522641Z[0m [34mDEBUG[0m [2mhyper::client::pool[0m[2m:[0m reuse idle connection for ("http", 192.168.0.14:8545)
[2m2025-12-10T10:13:03.522672Z[0m [34mDEBUG[0m [2mhyper::proto::h1::io[0m[2m:[0m flushed 250 bytes
[2m2025-12-10T10:13:03.522697Z[0m [34mDEBUG[0m [2mhyper::client::pool[0m[2m:[0m reuse idle connection for ("http", 192.168.0.14:8545)
[2m2025-12-10T10:13:03.522711Z[0m [34mDEBUG[0m [2methereum_transaction_pool_monitor::eth_client[0m[2m:[0m 📨 Received WebSocket message: {"jsonrpc":"2.0","method":"eth_subscription","params":{"subscription":"0xbed0a0851463e895960a451075a301a9","result":"0xfb6dda4f7a2d7ea45302f0900f2477cf89784a739ba1a79dab4ee5d08d86f947"}}
[2m2025-12-10T10:13:03.522714Z[0m [34mDEBUG[0m [2mhyper::proto::h1::io[0m[2m:[0m flushed 172 bytes
[2m2025-12-10T10:13:03.522731Z[0m [34mDEBUG[0m [2methereum_transaction_pool_monitor::eth_client[0m[2m:[0m 📨 Received pending transaction: 0xfb6dda4f7a2d7ea45302f0900f2477cf89784a739ba1a79dab4ee5d08d86f947
[2m2025-12-10T10:13:03.529362Z[0m [34mDEBUG[0m [2mhyper::proto::h1::io[0m[2m:[0m parsed 4 headers
[2m2025-12-10T10:13:03.529380Z[0m [34mDEBUG[0m [2mhyper::proto::h1::io[0m[2m:[0m parsed 4 headers
[2m2025-12-10T10:13:03.529410Z[0m [34mDEBUG[0m [2mhyper::proto::h1::conn[0m[2m:[0m incoming body is content-length (768 bytes)
[2m2025-12-10T10:13:03.529415Z[0m [34mDEBUG[0m [2mhyper::proto::h1::conn[0m[2m:[0m incoming body is content-length (45 bytes)
[2m2025-12-10T10:13:03.529423Z[0m [34mDEBUG[0m [2mhyper::proto::h1::conn[0m[2m:[0m incoming body completed
[2m2025-12-10T10:13:03.529424Z[0m [34mDEBUG[0m [2mhyper::proto::h1::conn[0m[2m:[0m incoming body completed
[2m2025-12-10T10:13:03.529437Z[0m [34mDEBUG[0m [2mhyper::client::pool[0m[2m:[0m pooling idle connection for ("http", 192.168.0.14:8545)
[2m2025-12-10T10:13:03.529443Z[0m [34mDEBUG[0m [2mhyper::client::pool[0m[2m:[0m pooling idle connection for ("http", 192.168.0.14:8545)
[2m2025-12-10T10:13:03.529445Z[0m [34mDEBUG[0m [2methereum_transaction_pool_monitor::eth_client[0m[2m:[0m 📡 Transaction fetch RPC completed in 6.820083ms
[2m2025-12-10T10:13:03.529463Z[0m [34mDEBUG[0m [2methereum_transaction_pool_monitor::eth_client[0m[2m:[0m DeFi transaction detected - Address: 0xdac17f958d2ee523a2206206994597c13d831ec7, Type: Stablecoin, Value: 0 ETH, Gas: 0.34 Gwei
[2m2025-12-10T10:13:03.529483Z[0m [34mDEBUG[0m [2methereum_transaction_pool_monitor::eth_client[0m[2m:[0m ✅ Transaction 0x1bd0a23c76140ba8966ea0f37567710b6585ed009aaee14fb3b11a7cc69b023f fetched and parsed in 6.857416ms
[2m2025-12-10T10:13:03.529490Z[0m [34mDEBUG[0m [2methereum_transaction_pool_monitor::mempool_monitor[0m[2m:[0m 🔍 Skipping tx 0x1bd0a23c76140ba8966ea0f37567710b6585ed009aaee14fb3b11a7cc69b023f - not a DEX interaction (target: 0xdAC17F958D2ee523a2206206994597C13D831ec7)
[2m2025-12-10T10:13:03.529497Z[0m [34mDEBUG[0m [2methereum_transaction_pool_monitor::mempool_monitor[0m[2m:[0m 📨 Processing new pending transaction: 0xa3970f447c7ad323d5531761b49e95ad95a2dbf7e7fb0260b08446b7215118be
[2m2025-12-10T10:13:03.529505Z[0m [34mDEBUG[0m [2methereum_transaction_pool_monitor::mempool_monitor[0m[2m:[0m 🔍 Fetching transaction details for: 0xa3970f447c7ad323d5531761b49e95ad95a2dbf7e7fb0260b08446b7215118be
[2m2025-12-10T10:13:03.529510Z[0m [34mDEBUG[0m [2methereum_transaction_pool_monitor::eth_client[0m[2m:[0m 🔍 Fetching transaction details for hash: 0xa3970f447c7ad323d5531761b49e95ad95a2dbf7e7fb0260b08446b7215118be
[2m2025-12-10T10:13:03.529526Z[0m [34mDEBUG[0m [2mhyper::client::pool[0m[2m:[0m reuse idle connection for ("http", 192.168.0.14:8545)
[2m2025-12-10T10:13:03.529546Z[0m [34mDEBUG[0m [2mhyper::proto::h1::io[0m[2m:[0m flushed 250 bytes
[2m2025-12-10T10:13:03.538935Z[0m [34mDEBUG[0m [2mhyper::proto::h1::io[0m[2m:[0m parsed 4 headers
[2m2025-12-10T10:13:03.538947Z[0m [34mDEBUG[0m [2mhyper::proto::h1::conn[0m[2m:[0m incoming body is content-length (651 bytes)
[2m2025-12-10T10:13:03.538954Z[0m [34mDEBUG[0m [2mhyper::proto::h1::conn[0m[2m:[0m incoming body completed
[2m2025-12-10T10:13:03.538961Z[0m [34mDEBUG[0m [2mhyper::client::pool[0m[2m:[0m pooling idle connection for ("http", 192.168.0.14:8545)
[2m2025-12-10T10:13:03.538967Z[0m [34mDEBUG[0m [2methereum_transaction_pool_monitor::eth_client[0m[2m:[0m 📡 Transaction fetch RPC completed in 9.452666ms
[2m2025-12-10T10:13:03.607036Z[0m [34mDEBUG[0m [2methereum_transaction_pool_monitor::eth_client[0m[2m:[0m ✅ Transaction 0xa3970f447c7ad323d5531761b49e95ad95a2dbf7e7fb0260b08446b7215118be fetched and parsed in 77.518833ms
[2m2025-12-10T10:13:03.607054Z[0m [34mDEBUG[0m [2methereum_transaction_pool_monitor::mempool_monitor[0m[2m:[0m 🔍 Skipping tx 0xa3970f447c7ad323d5531761b49e95ad95a2dbf7e7fb0260b08446b7215118be - not a DEX interaction (target: 0xbcd67EA0ebf193168E93722f714171482b6f7530)
[2m2025-12-10T10:13:03.607063Z[0m [34mDEBUG[0m [2methereum_transaction_pool_monitor::mempool_monitor[0m[2m:[0m 📨 Processing new pending transaction: 0x3d63738e6b700d1a6c26f26ea1446b6c6c02c1d62aaf4b43bd7f9f3838fb1991
[2m2025-12-10T10:13:03.607068Z[0m [34mDEBUG[0m [2methereum_transaction_pool_monitor::mempool_monitor[0m[2m:[0m 🔍 Fetching transaction details for: 0x3d63738e6b700d1a6c26f26ea1446b6c6c02c1d62aaf4b43bd7f9f3838fb1991
[2m2025-12-10T10:13:03.607072Z[0m [34mDEBUG[0m [2methereum_transaction_pool_monitor::eth_client[0m[2m:[0m 🔍 Fetching transaction details for hash: 0x3d63738e6b700d1a6c26f26ea1446b6c6c02c1d62aaf4b43bd7f9f3838fb1991
[2m2025-12-10T10:13:03.607089Z[0m [34mDEBUG[0m [2mhyper::client::pool[0m[2m:[0m reuse idle connection for ("http", 192.168.0.14:8545)
[2m2025-12-10T10:13:03.607117Z[0m [34mDEBUG[0m [2mhyper::proto::h1::io[0m[2m:[0m flushed 250 bytes
[2m2025-12-10T10:13:03.607133Z[0m [34mDEBUG[0m [2mhyper::client::pool[0m[2m:[0m reuse idle connection for ("http", 192.168.0.14:8545)
[2m2025-12-10T10:13:03.607146Z[0m [34mDEBUG[0m [2mhyper::proto::h1::io[0m[2m:[0m flushed 172 bytes
[2m2025-12-10T10:13:03.607146Z[0m [34mDEBUG[0m [2methereum_transaction_pool_monitor::eth_client[0m[2m:[0m 📨 Received WebSocket message: {"jsonrpc":"2.0","method":"eth_subscription","params":{"subscription":"0xbed0a0851463e895960a451075a301a9","result":"0xd12f239037dd31d7b37eaac6bd620ffe8e6915894a55d84c5fa9bdb7518a6067"}}
[2m2025-12-10T10:13:03.607161Z[0m [34mDEBUG[0m [2methereum_transaction_pool_monitor::eth_client[0m[2m:[0m 📨 Received pending transaction: 0xd12f239037dd31d7b37eaac6bd620ffe8e6915894a55d84c5fa9bdb7518a6067
[2m2025-12-10T10:13:03.607166Z[0m [34mDEBUG[0m [2methereum_transaction_pool_monitor::eth_client[0m[2m:[0m 📨 Received WebSocket message: {"jsonrpc":"2.0","method":"eth_subscription","params":{"subscription":"0xbed0a0851463e895960a451075a301a9","result":"0x0dc885b5da696f5ffba971a47b67d83cbd417c49e74b34c4141a3db8b57fec6b"}}
[2m2025-12-10T10:13:03.607171Z[0m [34mDEBUG[0m [2methereum_transaction_pool_monitor::eth_client[0m[2m:[0m 📨 Received pending transaction: 0x0dc885b5da696f5ffba971a47b67d83cbd417c49e74b34c4141a3db8b57fec6b
[2m2025-12-10T10:13:03.615192Z[0m [34mDEBUG[0m [2methereum_transaction_pool_monitor::eth_client[0m[2m:[0m 📨 Received WebSocket message: {"jsonrpc":"2.0","method":"eth_subscription","params":{"subscription":"0xbed0a0851463e895960a451075a301a9","result":"0x673155a7ee9244528145ea2ddf42fa6fbe6ee2aa7cc13b8bdad7daec6db5e5b3"}}
[2m2025-12-10T10:13:03.618868Z[0m [34mDEBUG[0m [2methereum_transaction_pool_monitor::eth_client[0m[2m:[0m 📨 Received pending transaction: 0x673155a7ee9244528145ea2ddf42fa6fbe6ee2aa7cc13b8bdad7daec6db5e5b3
[2m2025-12-10T10:13:03.618890Z[0m [34mDEBUG[0m [2mhyper::proto::h1::io[0m[2m:[0m parsed 4 headers
[2m2025-12-10T10:13:03.618899Z[0m [34mDEBUG[0m [2mhyper::proto::h1::conn[0m[2m:[0m incoming body is content-length (45 bytes)
[2m2025-12-10T10:13:03.618908Z[0m [34mDEBUG[0m [2mhyper::proto::h1::conn[0m[2m:[0m incoming body completed
[2m2025-12-10T10:13:03.618919Z[0m [34mDEBUG[0m [2mhyper::client::pool[0m[2m:[0m pooling idle connection for ("http", 192.168.0.14:8545)
[2m2025-12-10T10:13:03.618923Z[0m [34mDEBUG[0m [2mhyper::proto::h1::io[0m[2m:[0m parsed 4 headers
[2m2025-12-10T10:13:03.618943Z[0m [34mDEBUG[0m [2mhyper::proto::h1::conn[0m[2m:[0m incoming body is content-length (640 bytes)
[2m2025-12-10T10:13:03.618951Z[0m [34mDEBUG[0m [2mhyper::proto::h1::conn[0m[2m:[0m incoming body completed
[2m2025-12-10T10:13:03.618959Z[0m [34mDEBUG[0m [2mhyper::client::pool[0m[2m:[0m pooling idle connection for ("http", 192.168.0.14:8545)
[2m2025-12-10T10:13:03.618966Z[0m [34mDEBUG[0m [2methereum_transaction_pool_monitor::eth_client[0m[2m:[0m 📡 Transaction fetch RPC completed in 11.889208ms
[2m2025-12-10T10:13:03.685957Z[0m [34mDEBUG[0m [2methereum_transaction_pool_monitor::eth_client[0m[2m:[0m 📨 Received WebSocket message: {"jsonrpc":"2.0","method":"eth_subscription","params":{"subscription":"0xbed0a0851463e895960a451075a301a9","result":"0x75aa7b24f201e9bcdb43a793aaecbaa989f38bf20ed71cd6619c0f82b5a1c9c6"}}
[2m2025-12-10T10:13:03.685983Z[0m [34mDEBUG[0m [2methereum_transaction_pool_monitor::eth_client[0m[2m:[0m 📨 Received pending transaction: 0x75aa7b24f201e9bcdb43a793aaecbaa989f38bf20ed71cd6619c0f82b5a1c9c6
[2m2025-12-10T10:13:03.690412Z[0m [34mDEBUG[0m [2methereum_transaction_pool_monitor::eth_client[0m[2m:[0m ✅ Transaction 0x3d63738e6b700d1a6c26f26ea1446b6c6c02c1d62aaf4b43bd7f9f3838fb1991 fetched and parsed in 83.333708ms
[2m2025-12-10T10:13:03.690434Z[0m [34mDEBUG[0m [2methereum_transaction_pool_monitor::mempool_monitor[0m[2m:[0m 🔍 Skipping tx 0x3d63738e6b700d1a6c26f26ea1446b6c6c02c1d62aaf4b43bd7f9f3838fb1991 - not a DEX interaction (target: 0x63d3dE29C28b3b7150e35AB6d433892E167bf5e6)
[2m2025-12-10T10:13:03.690444Z[0m [34mDEBUG[0m [2methereum_transaction_pool_monitor::mempool_monitor[0m[2m:[0m 📨 Processing new pending transaction: 0x5b1660d4527c27392a8dc33003dcae99de375da1333535127ef0dafd9689f304
[2m2025-12-10T10:13:03.690452Z[0m [34mDEBUG[0m [2methereum_transaction_pool_monitor::mempool_monitor[0m[2m:[0m 🔍 Fetching transaction details for: 0x5b1660d4527c27392a8dc33003dcae99de375da1333535127ef0dafd9689f304
[2m2025-12-10T10:13:03.690458Z[0m [34mDEBUG[0m [2methereum_transaction_pool_monitor::eth_client[0m[2m:[0m 🔍 Fetching transaction details for hash: 0x5b1660d4527c27392a8dc33003dcae99de375da1333535127ef0dafd9689f304
[2m2025-12-10T10:13:03.690475Z[0m [34mDEBUG[0m [2mhyper::client::pool[0m[2m:[0m reuse idle connection for ("http", 192.168.0.14:8545)
[2m2025-12-10T10:13:03.690515Z[0m [34mDEBUG[0m [2mhyper::proto::h1::io[0m[2m:[0m flushed 250 bytes
[2m2025-12-10T10:13:03.697079Z[0m [34mDEBUG[0m [2mhyper::proto::h1::io[0m[2m:[0m parsed 4 headers
[2m2025-12-10T10:13:03.697091Z[0m [34mDEBUG[0m [2mhyper::proto::h1::conn[0m[2m:[0m incoming body is content-length (1476 bytes)
[2m2025-12-10T10:13:03.697099Z[0m [34mDEBUG[0m [2mhyper::proto::h1::conn[0m[2m:[0m incoming body completed
[2m2025-12-10T10:13:03.697109Z[0m [34mDEBUG[0m [2mhyper::client::pool[0m[2m:[0m pooling idle connection for ("http", 192.168.0.14:8545)
[2m2025-12-10T10:13:03.697117Z[0m [34mDEBUG[0m [2methereum_transaction_pool_monitor::eth_client[0m[2m:[0m 📡 Transaction fetch RPC completed in 6.654459ms
[2m2025-12-10T10:13:03.769284Z[0m [34mDEBUG[0m [2methereum_transaction_pool_monitor::eth_client[0m[2m:[0m ✅ Transaction 0x5b1660d4527c27392a8dc33003dcae99de375da1333535127ef0dafd9689f304 fetched and parsed in 78.818625ms
[2m2025-12-10T10:13:03.769313Z[0m [34mDEBUG[0m [2methereum_transaction_pool_monitor::mempool_monitor[0m[2m:[0m 🔍 Skipping tx 0x5b1660d4527c27392a8dc33003dcae99de375da1333535127ef0dafd9689f304 - not a DEX interaction (target: 0x173272739Bd7Aa6e4e214714048a9fE699453059)
[2m2025-12-10T10:13:03.769322Z[0m [34mDEBUG[0m [2methereum_transaction_pool_monitor::mempool_monitor[0m[2m:[0m 📨 Processing new pending transaction: 0x0db8f1191ab36cedcf655e53a982d5dcd22045509293127052cfbeb75fbfcdbd
[2m2025-12-10T10:13:03.769548Z[0m [34mDEBUG[0m [2methereum_transaction_pool_monitor::mempool_monitor[0m[2m:[0m 🔍 Fetching transaction details for: 0x0db8f1191ab36cedcf655e53a982d5dcd22045509293127052cfbeb75fbfcdbd
[2m2025-12-10T10:13:03.769558Z[0m [34mDEBUG[0m [2methereum_transaction_pool_monitor::eth_client[0m[2m:[0m 🔍 Fetching transaction details for hash: 0x0db8f1191ab36cedcf655e53a982d5dcd22045509293127052cfbeb75fbfcdbd
[2m2025-12-10T10:13:03.769576Z[0m [34mDEBUG[0m [2mhyper::client::pool[0m[2m:[0m reuse idle connection for ("http", 192.168.0.14:8545)
[2m2025-12-10T10:13:03.769639Z[0m [34mDEBUG[0m [2mhyper::proto::h1::io[0m[2m:[0m flushed 250 bytes
[2m2025-12-10T10:13:03.769667Z[0m [34mDEBUG[0m [2mhyper::client::pool[0m[2m:[0m reuse idle connection for ("http", 192.168.0.14:8545)
[2m2025-12-10T10:13:03.769680Z[0m [34mDEBUG[0m [2mhyper::proto::h1::io[0m[2m:[0m flushed 172 bytes
[2m2025-12-10T10:13:03.774050Z[0m [34mDEBUG[0m [2mhyper::proto::h1::io[0m[2m:[0m parsed 4 headers
[2m2025-12-10T10:13:03.774058Z[0m [34mDEBUG[0m [2mhyper::proto::h1::conn[0m[2m:[0m incoming body is content-length (769 bytes)
[2m2025-12-10T10:13:03.774066Z[0m [34mDEBUG[0m [2mhyper::proto::h1::conn[0m[2m:[0m incoming body completed
[2m2025-12-10T10:13:03.774076Z[0m [34mDEBUG[0m [2mhyper::client::pool[0m[2m:[0m pooling idle connection for ("http", 192.168.0.14:8545)
[2m2025-12-10T10:13:03.774083Z[0m [34mDEBUG[0m [2methereum_transaction_pool_monitor::eth_client[0m[2m:[0m 📡 Transaction fetch RPC completed in 4.52075ms
[2m2025-12-10T10:13:03.844059Z[0m [34mDEBUG[0m [2methereum_transaction_pool_monitor::eth_client[0m[2m:[0m ✅ Transaction 0x0db8f1191ab36cedcf655e53a982d5dcd22045509293127052cfbeb75fbfcdbd fetched and parsed in 74.494583ms
[2m2025-12-10T10:13:03.844088Z[0m [34mDEBUG[0m [2methereum_transaction_pool_monitor::mempool_monitor[0m[2m:[0m 🔍 Skipping tx 0x0db8f1191ab36cedcf655e53a982d5dcd22045509293127052cfbeb75fbfcdbd - not a DEX interaction (target: 0xB64ef51C888972c908CFacf59B47C1AfBC0Ab8aC)
[2m2025-12-10T10:13:03.844098Z[0m [34mDEBUG[0m [2methereum_transaction_pool_monitor::mempool_monitor[0m[2m:[0m 📨 Processing new pending transaction: 0xe8792c12c5151ec369511d72cefb2076f96e1a01451dcdf82cbce567c5998403
[2m2025-12-10T10:13:03.844107Z[0m [34mDEBUG[0m [2methereum_transaction_pool_monitor::mempool_monitor[0m[2m:[0m 🔍 Fetching transaction details for: 0xe8792c12c5151ec369511d72cefb2076f96e1a01451dcdf82cbce567c5998403
[2m2025-12-10T10:13:03.844113Z[0m [34mDEBUG[0m [2methereum_transaction_pool_monitor::eth_client[0m[2m:[0m 🔍 Fetching transaction details for hash: 0xe8792c12c5151ec369511d72cefb2076f96e1a01451dcdf82cbce567c5998403
[2m2025-12-10T10:13:03.844131Z[0m [34mDEBUG[0m [2mhyper::client::pool[0m[2m:[0m reuse idle connection for ("http", 192.168.0.14:8545)
[2m2025-12-10T10:13:03.844172Z[0m [34mDEBUG[0m [2mhyper::proto::h1::io[0m[2m:[0m flushed 250 bytes
[2m2025-12-10T10:13:03.844189Z[0m [34mDEBUG[0m [2mhyper::proto::h1::io[0m[2m:[0m parsed 4 headers
[2m2025-12-10T10:13:03.844195Z[0m [34mDEBUG[0m [2mhyper::proto::h1::conn[0m[2m:[0m incoming body is content-length (45 bytes)
[2m2025-12-10T10:13:03.844204Z[0m [34mDEBUG[0m [2mhyper::proto::h1::conn[0m[2m:[0m incoming body completed
[2m2025-12-10T10:13:03.844214Z[0m [34mDEBUG[0m [2mhyper::client::pool[0m[2m:[0m pooling idle connection for ("http", 192.168.0.14:8545)
[2m2025-12-10T10:13:03.844232Z[0m [34mDEBUG[0m [2mhyper::client::pool[0m[2m:[0m reuse idle connection for ("http", 192.168.0.14:8545)
[2m2025-12-10T10:13:03.844250Z[0m [34mDEBUG[0m [2mhyper::proto::h1::io[0m[2m:[0m flushed 172 bytes
[2m2025-12-10T10:13:03.848801Z[0m [34mDEBUG[0m [2mhyper::proto::h1::io[0m[2m:[0m parsed 4 headers
[2m2025-12-10T10:13:03.848811Z[0m [34mDEBUG[0m [2mhyper::proto::h1::conn[0m[2m:[0m incoming body is content-length (45 bytes)
[2m2025-12-10T10:13:03.848819Z[0m [34mDEBUG[0m [2mhyper::proto::h1::conn[0m[2m:[0m incoming body completed
[2m2025-12-10T10:13:03.848830Z[0m [34mDEBUG[0m [2mhyper::client::pool[0m[2m:[0m pooling idle connection for ("http", 192.168.0.14:8545)
[2m2025-12-10T10:13:03.848848Z[0m [34mDEBUG[0m [2mhyper::proto::h1::io[0m[2m:[0m parsed 4 headers
[2m2025-12-10T10:13:03.848852Z[0m [34mDEBUG[0m [2mhyper::proto::h1::conn[0m[2m:[0m incoming body is content-length (770 bytes)
[2m2025-12-10T10:13:03.848857Z[0m [34mDEBUG[0m [2mhyper::proto::h1::conn[0m[2m:[0m incoming body completed
[2m2025-12-10T10:13:03.848863Z[0m [34mDEBUG[0m [2mhyper::client::pool[0m[2m:[0m pooling idle connection for ("http", 192.168.0.14:8545)
[2m2025-12-10T10:13:03.848868Z[0m [34mDEBUG[0m [2methereum_transaction_pool_monitor::eth_client[0m[2m:[0m 📡 Transaction fetch RPC completed in 4.74975ms
[2m2025-12-10T10:13:03.921499Z[0m [34mDEBUG[0m [2methereum_transaction_pool_monitor::eth_client[0m[2m:[0m ✅ Transaction 0xe8792c12c5151ec369511d72cefb2076f96e1a01451dcdf82cbce567c5998403 fetched and parsed in 77.378208ms
[2m2025-12-10T10:13:03.921527Z[0m [34mDEBUG[0m [2methereum_transaction_pool_monitor::mempool_monitor[0m[2m:[0m 🔍 Skipping tx 0xe8792c12c5151ec369511d72cefb2076f96e1a01451dcdf82cbce567c5998403 - not a DEX interaction (target: 0xA0b86991c6218b36c1d19D4a2e9Eb0cE3606eB48)
[2m2025-12-10T10:13:03.921538Z[0m [34mDEBUG[0m [2methereum_transaction_pool_monitor::mempool_monitor[0m[2m:[0m 📨 Processing new pending transaction: 0x292ab7463937a985de100cca860a486c92de468c508aac5fa8289673738fa7cd
[2m2025-12-10T10:13:03.921545Z[0m [34mDEBUG[0m [2methereum_transaction_pool_monitor::mempool_monitor[0m[2m:[0m 🔍 Fetching transaction details for: 0x292ab7463937a985de100cca860a486c92de468c508aac5fa8289673738fa7cd
[2m2025-12-10T10:13:03.921551Z[0m [34mDEBUG[0m [2methereum_transaction_pool_monitor::eth_client[0m[2m:[0m 🔍 Fetching transaction details for hash: 0x292ab7463937a985de100cca860a486c92de468c508aac5fa8289673738fa7cd
[2m2025-12-10T10:13:03.921571Z[0m [34mDEBUG[0m [2mhyper::client::pool[0m[2m:[0m reuse idle connection for ("http", 192.168.0.14:8545)
[2m2025-12-10T10:13:03.921611Z[0m [34mDEBUG[0m [2mhyper::proto::h1::io[0m[2m:[0m flushed 250 bytes
[2m2025-12-10T10:13:03.921632Z[0m [34mDEBUG[0m [2mhyper::client::pool[0m[2m:[0m reuse idle connection for ("http", 192.168.0.14:8545)
[2m2025-12-10T10:13:03.921649Z[0m [34mDEBUG[0m [2mhyper::proto::h1::io[0m[2m:[0m flushed 172 bytes
[2m2025-12-10T10:13:03.921652Z[0m [34mDEBUG[0m [2methereum_transaction_pool_monitor::eth_client[0m[2m:[0m 📨 Received WebSocket message: {"jsonrpc":"2.0","method":"eth_subscription","params":{"subscription":"0xbed0a0851463e895960a451075a301a9","result":"0xb41d0af5c0965438e038fabefab0b47c7a6e54d53b268b15ad09d23c0ccff585"}}
[2m2025-12-10T10:13:03.921668Z[0m [34mDEBUG[0m [2methereum_transaction_pool_monitor::eth_client[0m[2m:[0m 📨 Received pending transaction: 0xb41d0af5c0965438e038fabefab0b47c7a6e54d53b268b15ad09d23c0ccff585
[2m2025-12-10T10:13:03.927381Z[0m [34mDEBUG[0m [2mhyper::proto::h1::io[0m[2m:[0m parsed 4 headers
[2m2025-12-10T10:13:03.927391Z[0m [34mDEBUG[0m [2mhyper::proto::h1::conn[0m[2m:[0m incoming body is content-length (45 bytes)
[2m2025-12-10T10:13:03.927399Z[0m [34mDEBUG[0m [2mhyper::proto::h1::conn[0m[2m:[0m incoming body completed
[2m2025-12-10T10:13:03.927409Z[0m [34mDEBUG[0m [2mhyper::client::pool[0m[2m:[0m pooling idle connection for ("http", 192.168.0.14:8545)
[2m2025-12-10T10:13:03.935313Z[0m [34mDEBUG[0m [2mhyper::proto::h1::io[0m[2m:[0m parsed 4 headers
[2m2025-12-10T10:13:03.935323Z[0m [34mDEBUG[0m [2mhyper::proto::h1::conn[0m[2m:[0m incoming body is content-length (643 bytes)
[2m2025-12-10T10:13:03.935330Z[0m [34mDEBUG[0m [2mhyper::proto::h1::conn[0m[2m:[0m incoming body completed
[2m2025-12-10T10:13:03.935337Z[0m [34mDEBUG[0m [2mhyper::client::pool[0m[2m:[0m pooling idle connection for ("http", 192.168.0.14:8545)
[2m2025-12-10T10:13:03.935344Z[0m [34mDEBUG[0m [2methereum_transaction_pool_monitor::eth_client[0m[2m:[0m 📡 Transaction fetch RPC completed in 13.78775ms
[2m2025-12-10T10:13:04.003976Z[0m [34mDEBUG[0m [2methereum_transaction_pool_monitor::eth_client[0m[2m:[0m ✅ Transaction 0x292ab7463937a985de100cca860a486c92de468c508aac5fa8289673738fa7cd fetched and parsed in 82.41725ms
[2m2025-12-10T10:13:04.004001Z[0m [34mDEBUG[0m [2methereum_transaction_pool_monitor::mempool_monitor[0m[2m:[0m 🔍 Skipping tx 0x292ab7463937a985de100cca860a486c92de468c508aac5fa8289673738fa7cd - not a DEX interaction (target: 0x17E5545B11b468072283Cee1F066a059Fb0dbF24)
[2m2025-12-10T10:13:04.004012Z[0m [34mDEBUG[0m [2methereum_transaction_pool_monitor::mempool_monitor[0m[2m:[0m 📨 Processing new pending transaction: 0xac1737ec3fc349d204fd90c6ea4d787c0da57807fd5e1643e0c8869b65840435
[2m2025-12-10T10:13:04.004019Z[0m [34mDEBUG[0m [2methereum_transaction_pool_monitor::mempool_monitor[0m[2m:[0m 🔍 Fetching transaction details for: 0xac1737ec3fc349d204fd90c6ea4d787c0da57807fd5e1643e0c8869b65840435
[2m2025-12-10T10:13:04.004024Z[0m [34mDEBUG[0m [2methereum_transaction_pool_monitor::eth_client[0m[2m:[0m 🔍 Fetching transaction details for hash: 0xac1737ec3fc349d204fd90c6ea4d787c0da57807fd5e1643e0c8869b65840435
[2m2025-12-10T10:13:04.004041Z[0m [34mDEBUG[0m [2mhyper::client::pool[0m[2m:[0m reuse idle connection for ("http", 192.168.0.14:8545)
[2m2025-12-10T10:13:04.004080Z[0m [34mDEBUG[0m [2mhyper::proto::h1::io[0m[2m:[0m flushed 250 bytes
[2m2025-12-10T10:13:04.004098Z[0m [34mDEBUG[0m [2mhyper::client::pool[0m[2m:[0m reuse idle connection for ("http", 192.168.0.14:8545)
[2m2025-12-10T10:13:04.004111Z[0m [34mDEBUG[0m [2mhyper::proto::h1::io[0m[2m:[0m flushed 172 bytes
[2m2025-12-10T10:13:04.004113Z[0m [34mDEBUG[0m [2methereum_transaction_pool_monitor::eth_client[0m[2m:[0m 📨 Received WebSocket message: {"jsonrpc":"2.0","method":"eth_subscription","params":{"subscription":"0xbed0a0851463e895960a451075a301a9","result":"0x28f66a7ac4a6682b40d593a3038e14f3f51b14a3440eb1a63f021d8db97360da"}}
[2m2025-12-10T10:13:04.004126Z[0m [34mDEBUG[0m [2methereum_transaction_pool_monitor::eth_client[0m[2m:[0m 📨 Received pending transaction: 0x28f66a7ac4a6682b40d593a3038e14f3f51b14a3440eb1a63f021d8db97360da
[2m2025-12-10T10:13:04.010901Z[0m [34mDEBUG[0m [2mhyper::proto::h1::io[0m[2m:[0m parsed 4 headers
[2m2025-12-10T10:13:04.010913Z[0m [34mDEBUG[0m [2mhyper::proto::h1::conn[0m[2m:[0m incoming body is content-length (830 bytes)
[2m2025-12-10T10:13:04.010921Z[0m [34mDEBUG[0m [2mhyper::proto::h1::conn[0m[2m:[0m incoming body completed
[2m2025-12-10T10:13:04.010930Z[0m [34mDEBUG[0m [2mhyper::client::pool[0m[2m:[0m pooling idle connection for ("http", 192.168.0.14:8545)
[2m2025-12-10T10:13:04.010937Z[0m [34mDEBUG[0m [2methereum_transaction_pool_monitor::eth_client[0m[2m:[0m 📡 Transaction fetch RPC completed in 6.90775ms
[2m2025-12-10T10:13:04.078128Z[0m [34mDEBUG[0m [2methereum_transaction_pool_monitor::eth_client[0m[2m:[0m ✅ Transaction 0xac1737ec3fc349d204fd90c6ea4d787c0da57807fd5e1643e0c8869b65840435 fetched and parsed in 74.096708ms
[2m2025-12-10T10:13:04.078148Z[0m [34mDEBUG[0m [2methereum_transaction_pool_monitor::mempool_monitor[0m[2m:[0m 🔍 Skipping tx 0xac1737ec3fc349d204fd90c6ea4d787c0da57807fd5e1643e0c8869b65840435 - not a DEX interaction (target: 0x3B4D794a66304F130a4Db8F2551B0070dfCf5ca7)
[2m2025-12-10T10:13:04.078157Z[0m [34mDEBUG[0m [2methereum_transaction_pool_monitor::mempool_monitor[0m[2m:[0m 📨 Processing new pending transaction: 0x981ff82a3f1ea68cf30fb1e2aac03f6f21824c94046b810c8852268f9f61b314
[2m2025-12-10T10:13:04.078162Z[0m [34mDEBUG[0m [2methereum_transaction_pool_monitor::mempool_monitor[0m[2m:[0m 🔍 Fetching transaction details for: 0x981ff82a3f1ea68cf30fb1e2aac03f6f21824c94046b810c8852268f9f61b314
[2m2025-12-10T10:13:04.078166Z[0m [34mDEBUG[0m [2methereum_transaction_pool_monitor::eth_client[0m[2m:[0m 🔍 Fetching transaction details for hash: 0x981ff82a3f1ea68cf30fb1e2aac03f6f21824c94046b810c8852268f9f61b314
[2m2025-12-10T10:13:04.078182Z[0m [34mDEBUG[0m [2mhyper::client::pool[0m[2m:[0m reuse idle connection for ("http", 192.168.0.14:8545)
[2m2025-12-10T10:13:04.078207Z[0m [34mDEBUG[0m [2mhyper::proto::h1::io[0m[2m:[0m flushed 250 bytes
[2m2025-12-10T10:13:04.078226Z[0m [34mDEBUG[0m [2methereum_transaction_pool_monitor::eth_client[0m[2m:[0m 📨 Received WebSocket message: {"jsonrpc":"2.0","method":"eth_subscription","params":{"subscription":"0xbed0a0851463e895960a451075a301a9","result":"0xda662bc1eb5af8b102c613965ce2d14850fe700553ae343f1446a2434931fe2c"}}
[2m2025-12-10T10:13:04.078232Z[0m [34mDEBUG[0m [2mhyper::proto::h1::io[0m[2m:[0m parsed 4 headers
[2m2025-12-10T10:13:04.078235Z[0m [34mDEBUG[0m [2methereum_transaction_pool_monitor::eth_client[0m[2m:[0m 📨 Received pending transaction: 0xda662bc1eb5af8b102c613965ce2d14850fe700553ae343f1446a2434931fe2c
[2m2025-12-10T10:13:04.078242Z[0m [34mDEBUG[0m [2mhyper::proto::h1::conn[0m[2m:[0m incoming body is content-length (45 bytes)
[2m2025-12-10T10:13:04.078248Z[0m [34mDEBUG[0m [2methereum_transaction_pool_monitor::eth_client[0m[2m:[0m 📨 Received WebSocket message: {"jsonrpc":"2.0","method":"eth_subscription","params":{"subscription":"0xbed0a0851463e895960a451075a301a9","result":"0x54ed3ef595ac172fd2a08d2a47f48c82603d9a55f9a5a507fbeaa600c092e7db"}}
[2m2025-12-10T10:13:04.078254Z[0m [34mDEBUG[0m [2mhyper::proto::h1::conn[0m[2m:[0m incoming body completed
[2m2025-12-10T10:13:04.078257Z[0m [34mDEBUG[0m [2methereum_transaction_pool_monitor::eth_client[0m[2m:[0m 📨 Received pending transaction: 0x54ed3ef595ac172fd2a08d2a47f48c82603d9a55f9a5a507fbeaa600c092e7db
[2m2025-12-10T10:13:04.078265Z[0m [34mDEBUG[0m [2mhyper::client::pool[0m[2m:[0m pooling idle connection for ("http", 192.168.0.14:8545)
[2m2025-12-10T10:13:04.082525Z[0m [34mDEBUG[0m [2mhyper::proto::h1::io[0m[2m:[0m parsed 4 headers
[2m2025-12-10T10:13:04.082534Z[0m [34mDEBUG[0m [2mhyper::proto::h1::conn[0m[2m:[0m incoming body is content-length (643 bytes)
[2m2025-12-10T10:13:04.082542Z[0m [34mDEBUG[0m [2mhyper::proto::h1::conn[0m[2m:[0m incoming body completed
[2m2025-12-10T10:13:04.082552Z[0m [34mDEBUG[0m [2mhyper::client::pool[0m[2m:[0m pooling idle connection for ("http", 192.168.0.14:8545)
[2m2025-12-10T10:13:04.082560Z[0m [34mDEBUG[0m [2methereum_transaction_pool_monitor::eth_client[0m[2m:[0m 📡 Transaction fetch RPC completed in 4.389667ms
[2m2025-12-10T10:13:04.154021Z[0m [34mDEBUG[0m [2methereum_transaction_pool_monitor::eth_client[0m[2m:[0m ✅ Transaction 0x981ff82a3f1ea68cf30fb1e2aac03f6f21824c94046b810c8852268f9f61b314 fetched and parsed in 75.847667ms
[2m2025-12-10T10:13:04.154047Z[0m [34mDEBUG[0m [2methereum_transaction_pool_monitor::mempool_monitor[0m[2m:[0m 🔍 Skipping tx 0x981ff82a3f1ea68cf30fb1e2aac03f6f21824c94046b810c8852268f9f61b314 - not a DEX interaction (target: 0x191cA87c53e0F0B4a348F1170E945a9343a980A2)
[2m2025-12-10T10:13:04.154057Z[0m [34mDEBUG[0m [2methereum_transaction_pool_monitor::mempool_monitor[0m[2m:[0m 📨 Processing new pending transaction: 0xd297a19afa4bc7dd68e66c73bcbc24a1961a2996b3b7326eafbb604410c4d664
[2m2025-12-10T10:13:04.154064Z[0m [34mDEBUG[0m [2methereum_transaction_pool_monitor::mempool_monitor[0m[2m:[0m 🔍 Fetching transaction details for: 0xd297a19afa4bc7dd68e66c73bcbc24a1961a2996b3b7326eafbb604410c4d664
[2m2025-12-10T10:13:04.154072Z[0m [34mDEBUG[0m [2methereum_transaction_pool_monitor::eth_client[0m[2m:[0m 🔍 Fetching transaction details for hash: 0xd297a19afa4bc7dd68e66c73bcbc24a1961a2996b3b7326eafbb604410c4d664
[2m2025-12-10T10:13:04.154091Z[0m [34mDEBUG[0m [2mhyper::client::pool[0m[2m:[0m reuse idle connection for ("http", 192.168.0.14:8545)
[2m2025-12-10T10:13:04.154980Z[0m [34mDEBUG[0m [2mhyper::proto::h1::io[0m[2m:[0m flushed 250 bytes
[2m2025-12-10T10:13:04.155016Z[0m [34mDEBUG[0m [2mhyper::client::pool[0m[2m:[0m reuse idle connection for ("http", 192.168.0.14:8545)
[2m2025-12-10T10:13:04.155027Z[0m [34mDEBUG[0m [2methereum_transaction_pool_monitor::eth_client[0m[2m:[0m 📨 Received WebSocket message: {"jsonrpc":"2.0","method":"eth_subscription","params":{"subscription":"0xbed0a0851463e895960a451075a301a9","result":"0xfc06eace7f902ab52dd05bebf19aa45b21dd5c4f0a5fb054324913278285f8c4"}}
[2m2025-12-10T10:13:04.155032Z[0m [34mDEBUG[0m [2mhyper::proto::h1::io[0m[2m:[0m flushed 172 bytes
[2m2025-12-10T10:13:04.155039Z[0m [34mDEBUG[0m [2methereum_transaction_pool_monitor::eth_client[0m[2m:[0m 📨 Received pending transaction: 0xfc06eace7f902ab52dd05bebf19aa45b21dd5c4f0a5fb054324913278285f8c4
[2m2025-12-10T10:13:04.161105Z[0m [34mDEBUG[0m [2mhyper::proto::h1::io[0m[2m:[0m parsed 4 headers
[2m2025-12-10T10:13:04.161113Z[0m [34mDEBUG[0m [2mhyper::proto::h1::conn[0m[2m:[0m incoming body is content-length (45 bytes)
[2m2025-12-10T10:13:04.161119Z[0m [34mDEBUG[0m [2mhyper::proto::h1::conn[0m[2m:[0m incoming body completed
[2m2025-12-10T10:13:04.161127Z[0m [34mDEBUG[0m [2mhyper::client::pool[0m[2m:[0m pooling idle connection for ("http", 192.168.0.14:8545)
[2m2025-12-10T10:13:04.164386Z[0m [34mDEBUG[0m [2mhyper::proto::h1::io[0m[2m:[0m parsed 4 headers
[2m2025-12-10T10:13:04.164395Z[0m [34mDEBUG[0m [2mhyper::proto::h1::conn[0m[2m:[0m incoming body is content-length (769 bytes)
[2m2025-12-10T10:13:04.164400Z[0m [34mDEBUG[0m [2mhyper::proto::h1::conn[0m[2m:[0m incoming body completed
[2m2025-12-10T10:13:04.164407Z[0m [34mDEBUG[0m [2mhyper::client::pool[0m[2m:[0m pooling idle connection for ("http", 192.168.0.14:8545)
[2m2025-12-10T10:13:04.164412Z[0m [34mDEBUG[0m [2methereum_transaction_pool_monitor::eth_client[0m[2m:[0m 📡 Transaction fetch RPC completed in 10.334834ms
[2m2025-12-10T10:13:04.164428Z[0m [34mDEBUG[0m [2methereum_transaction_pool_monitor::eth_client[0m[2m:[0m DeFi transaction detected - Address: 0xdac17f958d2ee523a2206206994597c13d831ec7, Type: Stablecoin, Value: 0 ETH, Gas: 0.24 Gwei
[2m2025-12-10T10:13:04.164440Z[0m [34mDEBUG[0m [2methereum_transaction_pool_monitor::eth_client[0m[2m:[0m ✅ Transaction 0xd297a19afa4bc7dd68e66c73bcbc24a1961a2996b3b7326eafbb604410c4d664 fetched and parsed in 10.362542ms
[2m2025-12-10T10:13:04.164445Z[0m [34mDEBUG[0m [2methereum_transaction_pool_monitor::mempool_monitor[0m[2m:[0m 🔍 Skipping tx 0xd297a19afa4bc7dd68e66c73bcbc24a1961a2996b3b7326eafbb604410c4d664 - not a DEX interaction (target: 0xdAC17F958D2ee523a2206206994597C13D831ec7)
[2m2025-12-10T10:13:04.164451Z[0m [34mDEBUG[0m [2methereum_transaction_pool_monitor::mempool_monitor[0m[2m:[0m 📨 Processing new pending transaction: 0xfb6dda4f7a2d7ea45302f0900f2477cf89784a739ba1a79dab4ee5d08d86f947
[2m2025-12-10T10:13:04.164455Z[0m [34mDEBUG[0m [2methereum_transaction_pool_monitor::mempool_monitor[0m[2m:[0m 🔍 Fetching transaction details for: 0xfb6dda4f7a2d7ea45302f0900f2477cf89784a739ba1a79dab4ee5d08d86f947
[2m2025-12-10T10:13:04.164459Z[0m [34mDEBUG[0m [2methereum_transaction_pool_monitor::eth_client[0m[2m:[0m 🔍 Fetching transaction details for hash: 0xfb6dda4f7a2d7ea45302f0900f2477cf89784a739ba1a79dab4ee5d08d86f947
[2m2025-12-10T10:13:04.164468Z[0m [34mDEBUG[0m [2mhyper::client::pool[0m[2m:[0m reuse idle connection for ("http", 192.168.0.14:8545)
[2m2025-12-10T10:13:04.164488Z[0m [34mDEBUG[0m [2mhyper::proto::h1::io[0m[2m:[0m flushed 250 bytes
[2m2025-12-10T10:13:04.171440Z[0m [34mDEBUG[0m [2mhyper::proto::h1::io[0m[2m:[0m parsed 4 headers
[2m2025-12-10T10:13:04.171461Z[0m [34mDEBUG[0m [2mhyper::proto::h1::conn[0m[2m:[0m incoming body is content-length (769 bytes)
[2m2025-12-10T10:13:04.171482Z[0m [34mDEBUG[0m [2mhyper::proto::h1::conn[0m[2m:[0m incoming body completed
[2m2025-12-10T10:13:04.171503Z[0m [34mDEBUG[0m [2mhyper::client::pool[0m[2m:[0m pooling idle connection for ("http", 192.168.0.14:8545)
[2m2025-12-10T10:13:04.171508Z[0m [34mDEBUG[0m [2methereum_transaction_pool_monitor::eth_client[0m[2m:[0m 📡 Transaction fetch RPC completed in 7.045375ms
[2m2025-12-10T10:13:04.171518Z[0m [34mDEBUG[0m [2methereum_transaction_pool_monitor::eth_client[0m[2m:[0m DeFi transaction detected - Address: 0xdac17f958d2ee523a2206206994597c13d831ec7, Type: Stablecoin, Value: 0 ETH, Gas: 2.17 Gwei
[2m2025-12-10T10:13:04.171528Z[0m [34mDEBUG[0m [2methereum_transaction_pool_monitor::eth_client[0m[2m:[0m ✅ Transaction 0xfb6dda4f7a2d7ea45302f0900f2477cf89784a739ba1a79dab4ee5d08d86f947 fetched and parsed in 7.065416ms
[2m2025-12-10T10:13:04.171533Z[0m [34mDEBUG[0m [2methereum_transaction_pool_monitor::mempool_monitor[0m[2m:[0m 🔍 Skipping tx 0xfb6dda4f7a2d7ea45302f0900f2477cf89784a739ba1a79dab4ee5d08d86f947 - not a DEX interaction (target: 0xdAC17F958D2ee523a2206206994597C13D831ec7)
[2m2025-12-10T10:13:04.171540Z[0m [34mDEBUG[0m [2methereum_transaction_pool_monitor::mempool_monitor[0m[2m:[0m 📨 Processing new pending transaction: 0xd12f239037dd31d7b37eaac6bd620ffe8e6915894a55d84c5fa9bdb7518a6067
[2m2025-12-10T10:13:04.171543Z[0m [34mDEBUG[0m [2methereum_transaction_pool_monitor::mempool_monitor[0m[2m:[0m 🔍 Fetching transaction details for: 0xd12f239037dd31d7b37eaac6bd620ffe8e6915894a55d84c5fa9bdb7518a6067
[2m2025-12-10T10:13:04.171547Z[0m [34mDEBUG[0m [2methereum_transaction_pool_monitor::eth_client[0m[2m:[0m 🔍 Fetching transaction details for hash: 0xd12f239037dd31d7b37eaac6bd620ffe8e6915894a55d84c5fa9bdb7518a6067
[2m2025-12-10T10:13:04.171556Z[0m [34mDEBUG[0m [2mhyper::client::pool[0m[2m:[0m reuse idle connection for ("http", 192.168.0.14:8545)
[2m2025-12-10T10:13:04.171575Z[0m [34mDEBUG[0m [2mhyper::proto::h1::io[0m[2m:[0m flushed 250 bytes
[2m2025-12-10T10:13:04.176515Z[0m [34mDEBUG[0m [2mhyper::proto::h1::io[0m[2m:[0m parsed 4 headers
[2m2025-12-10T10:13:04.176524Z[0m [34mDEBUG[0m [2mhyper::proto::h1::conn[0m[2m:[0m incoming body is content-length (770 bytes)
[2m2025-12-10T10:13:04.176530Z[0m [34mDEBUG[0m [2mhyper::proto::h1::conn[0m[2m:[0m incoming body completed
[2m2025-12-10T10:13:04.176537Z[0m [34mDEBUG[0m [2mhyper::client::pool[0m[2m:[0m pooling idle connection for ("http", 192.168.0.14:8545)
[2m2025-12-10T10:13:04.176542Z[0m [34mDEBUG[0m [2methereum_transaction_pool_monitor::eth_client[0m[2m:[0m 📡 Transaction fetch RPC completed in 4.991083ms
[2m2025-12-10T10:13:04.176551Z[0m [34mDEBUG[0m [2methereum_transaction_pool_monitor::eth_client[0m[2m:[0m DeFi transaction detected - Address: 0xdac17f958d2ee523a2206206994597c13d831ec7, Type: Stablecoin, Value: 0 ETH, Gas: 0.28 Gwei
[2m2025-12-10T10:13:04.176560Z[0m [34mDEBUG[0m [2methereum_transaction_pool_monitor::eth_client[0m[2m:[0m ✅ Transaction 0xd12f239037dd31d7b37eaac6bd620ffe8e6915894a55d84c5fa9bdb7518a6067 fetched and parsed in 5.009833ms
[2m2025-12-10T10:13:04.176566Z[0m [34mDEBUG[0m [2methereum_transaction_pool_monitor::mempool_monitor[0m[2m:[0m 🔍 Skipping tx 0xd12f239037dd31d7b37eaac6bd620ffe8e6915894a55d84c5fa9bdb7518a6067 - not a DEX interaction (target: 0xdAC17F958D2ee523a2206206994597C13D831ec7)
[2m2025-12-10T10:13:04.176572Z[0m [34mDEBUG[0m [2methereum_transaction_pool_monitor::mempool_monitor[0m[2m:[0m 📨 Processing new pending transaction: 0x0dc885b5da696f5ffba971a47b67d83cbd417c49e74b34c4141a3db8b57fec6b
[2m2025-12-10T10:13:04.176576Z[0m [34mDEBUG[0m [2methereum_transaction_pool_monitor::mempool_monitor[0m[2m:[0m 🔍 Fetching transaction details for: 0x0dc885b5da696f5ffba971a47b67d83cbd417c49e74b34c4141a3db8b57fec6b
[2m2025-12-10T10:13:04.176580Z[0m [34mDEBUG[0m [2methereum_transaction_pool_monitor::eth_client[0m[2m:[0m 🔍 Fetching transaction details for hash: 0x0dc885b5da696f5ffba971a47b67d83cbd417c49e74b34c4141a3db8b57fec6b
[2m2025-12-10T10:13:04.176588Z[0m [34mDEBUG[0m [2mhyper::client::pool[0m[2m:[0m reuse idle connection for ("http", 192.168.0.14:8545)
[2m2025-12-10T10:13:04.176606Z[0m [34mDEBUG[0m [2mhyper::proto::h1::io[0m[2m:[0m flushed 250 bytes
[2m2025-12-10T10:13:04.181354Z[0m [34mDEBUG[0m [2mhyper::proto::h1::io[0m[2m:[0m parsed 4 headers
[2m2025-12-10T10:13:04.181369Z[0m [34mDEBUG[0m [2mhyper::proto::h1::conn[0m[2m:[0m incoming body is content-length (1731 bytes)
[2m2025-12-10T10:13:04.181382Z[0m [34mDEBUG[0m [2methereum_transaction_pool_monitor::eth_client[0m[2m:[0m 📡 Transaction fetch RPC completed in 4.798166ms
[2m2025-12-10T10:13:04.181772Z[0m [34mDEBUG[0m [2mhyper::proto::h1::conn[0m[2m:[0m incoming body completed
[2m2025-12-10T10:13:04.181783Z[0m [34mDEBUG[0m [2mhyper::client::pool[0m[2m:[0m pooling idle connection for ("http", 192.168.0.14:8545)
[2m2025-12-10T10:13:04.199817Z[0m [34mDEBUG[0m [2mhyper::client::pool[0m[2m:[0m reuse idle connection for ("http", 192.168.0.14:8545)
[2m2025-12-10T10:13:04.199875Z[0m [34mDEBUG[0m [2mhyper::proto::h1::io[0m[2m:[0m flushed 172 bytes
[2m2025-12-10T10:13:04.203868Z[0m [34mDEBUG[0m [2mhyper::proto::h1::io[0m[2m:[0m parsed 4 headers
[2m2025-12-10T10:13:04.203882Z[0m [34mDEBUG[0m [2mhyper::proto::h1::conn[0m[2m:[0m incoming body is content-length (45 bytes)
[2m2025-12-10T10:13:04.203889Z[0m [34mDEBUG[0m [2mhyper::proto::h1::conn[0m[2m:[0m incoming body completed
[2m2025-12-10T10:13:04.203898Z[0m [34mDEBUG[0m [2mhyper::client::pool[0m[2m:[0m pooling idle connection for ("http", 192.168.0.14:8545)
[2m2025-12-10T10:13:04.214773Z[0m [34mDEBUG[0m [2methereum_transaction_pool_monitor::eth_client[0m[2m:[0m 📨 Received WebSocket message: {"jsonrpc":"2.0","method":"eth_subscription","params":{"subscription":"0xbed0a0851463e895960a451075a301a9","result":"0x7aa69568ff8b24c0b250a49e2b8dfb84ed333094d6a55d6856dc3ef4d4f9a9f7"}}
[2m2025-12-10T10:13:04.214794Z[0m [34mDEBUG[0m [2methereum_transaction_pool_monitor::eth_client[0m[2m:[0m 📨 Received pending transaction: 0x7aa69568ff8b24c0b250a49e2b8dfb84ed333094d6a55d6856dc3ef4d4f9a9f7
[2m2025-12-10T10:13:04.254204Z[0m [34mDEBUG[0m [2methereum_transaction_pool_monitor::eth_client[0m[2m:[0m ✅ Transaction 0x0dc885b5da696f5ffba971a47b67d83cbd417c49e74b34c4141a3db8b57fec6b fetched and parsed in 77.617875ms
[2m2025-12-10T10:13:04.254228Z[0m [34mDEBUG[0m [2methereum_transaction_pool_monitor::mempool_monitor[0m[2m:[0m 🔍 Skipping tx 0x0dc885b5da696f5ffba971a47b67d83cbd417c49e74b34c4141a3db8b57fec6b - not a DEX interaction (target: 0x601a2aD6CB5949f0529735254189Ba3194221EDF)
[2m2025-12-10T10:13:04.254239Z[0m [34mDEBUG[0m [2methereum_transaction_pool_monitor::mempool_monitor[0m[2m:[0m 📨 Processing new pending transaction: 0x673155a7ee9244528145ea2ddf42fa6fbe6ee2aa7cc13b8bdad7daec6db5e5b3
[2m2025-12-10T10:13:04.254247Z[0m [34mDEBUG[0m [2methereum_transaction_pool_monitor::mempool_monitor[0m[2m:[0m 🔍 Fetching transaction details for: 0x673155a7ee9244528145ea2ddf42fa6fbe6ee2aa7cc13b8bdad7daec6db5e5b3
[2m2025-12-10T10:13:04.254253Z[0m [34mDEBUG[0m [2methereum_transaction_pool_monitor::eth_client[0m[2m:[0m 🔍 Fetching transaction details for hash: 0x673155a7ee9244528145ea2ddf42fa6fbe6ee2aa7cc13b8bdad7daec6db5e5b3
[2m2025-12-10T10:13:04.254271Z[0m [34mDEBUG[0m [2mhyper::client::pool[0m[2m:[0m reuse idle connection for ("http", 192.168.0.14:8545)
[2m2025-12-10T10:13:04.254315Z[0m [34mDEBUG[0m [2mhyper::proto::h1::io[0m[2m:[0m flushed 250 bytes
[2m2025-12-10T10:13:04.258411Z[0m [34mDEBUG[0m [2mhyper::proto::h1::io[0m[2m:[0m parsed 4 headers
[2m2025-12-10T10:13:04.258535Z[0m [34mDEBUG[0m [2mhyper::proto::h1::conn[0m[2m:[0m incoming body is content-length (762 bytes)
[2m2025-12-10T10:13:04.258545Z[0m [34mDEBUG[0m [2mhyper::proto::h1::conn[0m[2m:[0m incoming body completed
[2m2025-12-10T10:13:04.258555Z[0m [34mDEBUG[0m [2mhyper::client::pool[0m[2m:[0m pooling idle connection for ("http", 192.168.0.14:8545)
[2m2025-12-10T10:13:04.258564Z[0m [34mDEBUG[0m [2methereum_transaction_pool_monitor::eth_client[0m[2m:[0m 📡 Transaction fetch RPC completed in 4.306625ms
[2m2025-12-10T10:13:04.329905Z[0m [34mDEBUG[0m [2methereum_transaction_pool_monitor::eth_client[0m[2m:[0m ✅ Transaction 0x673155a7ee9244528145ea2ddf42fa6fbe6ee2aa7cc13b8bdad7daec6db5e5b3 fetched and parsed in 75.64475ms
[2m2025-12-10T10:13:04.329935Z[0m [34mDEBUG[0m [2methereum_transaction_pool_monitor::mempool_monitor[0m[2m:[0m 🔍 Skipping tx 0x673155a7ee9244528145ea2ddf42fa6fbe6ee2aa7cc13b8bdad7daec6db5e5b3 - not a DEX interaction (target: 0xA0b86991c6218b36c1d19D4a2e9Eb0cE3606eB48)
[2m2025-12-10T10:13:04.329945Z[0m [34mDEBUG[0m [2methereum_transaction_pool_monitor::mempool_monitor[0m[2m:[0m 📨 Processing new pending transaction: 0x75aa7b24f201e9bcdb43a793aaecbaa989f38bf20ed71cd6619c0f82b5a1c9c6
[2m2025-12-10T10:13:04.329960Z[0m [34mDEBUG[0m [2methereum_transaction_pool_monitor::mempool_monitor[0m[2m:[0m 🔍 Fetching transaction details for: 0x75aa7b24f201e9bcdb43a793aaecbaa989f38bf20ed71cd6619c0f82b5a1c9c6
[2m2025-12-10T10:13:04.329969Z[0m [34mDEBUG[0m [2methereum_transaction_pool_monitor::eth_client[0m[2m:[0m 🔍 Fetching transaction details for hash: 0x75aa7b24f201e9bcdb43a793aaecbaa989f38bf20ed71cd6619c0f82b5a1c9c6
[2m2025-12-10T10:13:04.329991Z[0m [34mDEBUG[0m [2mhyper::client::pool[0m[2m:[0m reuse idle connection for ("http", 192.168.0.14:8545)
[2m2025-12-10T10:13:04.330028Z[0m [34mDEBUG[0m [2mhyper::proto::h1::io[0m[2m:[0m flushed 250 bytes
[2m2025-12-10T10:13:04.330048Z[0m [34mDEBUG[0m [2mhyper::client::pool[0m[2m:[0m reuse idle connection for ("http", 192.168.0.14:8545)
[2m2025-12-10T10:13:04.330060Z[0m [34mDEBUG[0m [2methereum_transaction_pool_monitor::eth_client[0m[2m:[0m 📨 Received WebSocket message: {"jsonrpc":"2.0","method":"eth_subscription","params":{"subscription":"0xbed0a0851463e895960a451075a301a9","result":"0xb8883362615d347b8d8e25903267f46d4ecc43619d6cb36f039a78c095da26ed"}}
[2m2025-12-10T10:13:04.330064Z[0m [34mDEBUG[0m [2mhyper::proto::h1::io[0m[2m:[0m flushed 172 bytes
[2m2025-12-10T10:13:04.330075Z[0m [34mDEBUG[0m [2methereum_transaction_pool_monitor::eth_client[0m[2m:[0m 📨 Received pending transaction: 0xb8883362615d347b8d8e25903267f46d4ecc43619d6cb36f039a78c095da26ed
[2m2025-12-10T10:13:04.330096Z[0m [34mDEBUG[0m [2methereum_transaction_pool_monitor::eth_client[0m[2m:[0m 📨 Received WebSocket message: {"jsonrpc":"2.0","method":"eth_subscription","params":{"subscription":"0xbed0a0851463e895960a451075a301a9","result":"0xe2153d70943550e9e3c5449f563e725e4d24e8d5d731cb1bfe93579cd31d605c"}}
[2m2025-12-10T10:13:04.330102Z[0m [34mDEBUG[0m [2methereum_transaction_pool_monitor::eth_client[0m[2m:[0m 📨 Received pending transaction: 0xe2153d70943550e9e3c5449f563e725e4d24e8d5d731cb1bfe93579cd31d605c
[2m2025-12-10T10:13:04.342791Z[0m [34mDEBUG[0m [2methereum_transaction_pool_monitor::eth_client[0m[2m:[0m 📨 Received WebSocket message: {"jsonrpc":"2.0","method":"eth_subscription","params":{"subscription":"0xbed0a0851463e895960a451075a301a9","result":"0x5b136a3af1678e67164a304408cd5089d634bfd6115f72011e2736e98d18b323"}}
[2m2025-12-10T10:13:04.342840Z[0m [34mDEBUG[0m [2methereum_transaction_pool_monitor::eth_client[0m[2m:[0m 📨 Received pending transaction: 0x5b136a3af1678e67164a304408cd5089d634bfd6115f72011e2736e98d18b323
[2m2025-12-10T10:13:04.342850Z[0m [34mDEBUG[0m [2methereum_transaction_pool_monitor::eth_client[0m[2m:[0m 📨 Received WebSocket message: {"jsonrpc":"2.0","method":"eth_subscription","params":{"subscription":"0xbed0a0851463e895960a451075a301a9","result":"0xae2dea020542b13fe951913781b9e9a0f95aad6200bbc0992094a1cbb78f1664"}}
[2m2025-12-10T10:13:04.342856Z[0m [34mDEBUG[0m [2methereum_transaction_pool_monitor::eth_client[0m[2m:[0m 📨 Received pending transaction: 0xae2dea020542b13fe951913781b9e9a0f95aad6200bbc0992094a1cbb78f1664
[2m2025-12-10T10:13:04.343103Z[0m [34mDEBUG[0m [2mhyper::proto::h1::io[0m[2m:[0m parsed 4 headers
[2m2025-12-10T10:13:04.343112Z[0m [34mDEBUG[0m [2mhyper::proto::h1::conn[0m[2m:[0m incoming body is content-length (45 bytes)
[2m2025-12-10T10:13:04.343121Z[0m [34mDEBUG[0m [2mhyper::proto::h1::conn[0m[2m:[0m incoming body completed
[2m2025-12-10T10:13:04.343129Z[0m [34mDEBUG[0m [2mhyper::client::pool[0m[2m:[0m pooling idle connection for ("http", 192.168.0.14:8545)
[2m2025-12-10T10:13:04.345381Z[0m [34mDEBUG[0m [2mhyper::proto::h1::io[0m[2m:[0m parsed 4 headers
[2m2025-12-10T10:13:04.345387Z[0m [34mDEBUG[0m [2mhyper::proto::h1::conn[0m[2m:[0m incoming body is content-length (4082 bytes)
[2m2025-12-10T10:13:04.345392Z[0m [34mDEBUG[0m [2mhyper::proto::h1::conn[0m[2m:[0m incoming body completed
[2m2025-12-10T10:13:04.345398Z[0m [34mDEBUG[0m [2mhyper::client::pool[0m[2m:[0m pooling idle connection for ("http", 192.168.0.14:8545)
[2m2025-12-10T10:13:04.345404Z[0m [34mDEBUG[0m [2methereum_transaction_pool_monitor::eth_client[0m[2m:[0m 📡 Transaction fetch RPC completed in 15.427625ms
[2m2025-12-10T10:13:04.417165Z[0m [34mDEBUG[0m [2methereum_transaction_pool_monitor::eth_client[0m[2m:[0m ✅ Transaction 0x75aa7b24f201e9bcdb43a793aaecbaa989f38bf20ed71cd6619c0f82b5a1c9c6 fetched and parsed in 87.185958ms
[2m2025-12-10T10:13:04.417195Z[0m [34mDEBUG[0m [2methereum_transaction_pool_monitor::mempool_monitor[0m[2m:[0m 🔍 Skipping tx 0x75aa7b24f201e9bcdb43a793aaecbaa989f38bf20ed71cd6619c0f82b5a1c9c6 - not a DEX interaction (target: 0xC46fcd651Bd6AC11255886FEAbDceBd58b870C86)
[2m2025-12-10T10:13:04.417208Z[0m [34mDEBUG[0m [2methereum_transaction_pool_monitor::mempool_monitor[0m[2m:[0m 📨 Processing new pending transaction: 0xb41d0af5c0965438e038fabefab0b47c7a6e54d53b268b15ad09d23c0ccff585
[2m2025-12-10T10:13:04.417215Z[0m [34mDEBUG[0m [2methereum_transaction_pool_monitor::mempool_monitor[0m[2m:[0m 🔍 Fetching transaction details for: 0xb41d0af5c0965438e038fabefab0b47c7a6e54d53b268b15ad09d23c0ccff585
[2m2025-12-10T10:13:04.417221Z[0m [34mDEBUG[0m [2methereum_transaction_pool_monitor::eth_client[0m[2m:[0m 🔍 Fetching transaction details for hash: 0xb41d0af5c0965438e038fabefab0b47c7a6e54d53b268b15ad09d23c0ccff585
[2m2025-12-10T10:13:04.417246Z[0m [34mDEBUG[0m [2mhyper::client::pool[0m[2m:[0m reuse idle connection for ("http", 192.168.0.14:8545)
[2m2025-12-10T10:13:04.417291Z[0m [34mDEBUG[0m [2mhyper::proto::h1::io[0m[2m:[0m flushed 250 bytes
[2m2025-12-10T10:13:04.417320Z[0m [34mDEBUG[0m [2mhyper::client::pool[0m[2m:[0m reuse idle connection for ("http", 192.168.0.14:8545)
[2m2025-12-10T10:13:04.417334Z[0m [34mDEBUG[0m [2mhyper::proto::h1::io[0m[2m:[0m flushed 172 bytes
[2m2025-12-10T10:13:04.420896Z[0m [34mDEBUG[0m [2mhyper::proto::h1::io[0m[2m:[0m parsed 4 headers
[2m2025-12-10T10:13:04.420908Z[0m [34mDEBUG[0m [2mhyper::proto::h1::conn[0m[2m:[0m incoming body is content-length (45 bytes)
[2m2025-12-10T10:13:04.420915Z[0m [34mDEBUG[0m [2mhyper::proto::h1::conn[0m[2m:[0m incoming body completed
[2m2025-12-10T10:13:04.420923Z[0m [34mDEBUG[0m [2mhyper::client::pool[0m[2m:[0m pooling idle connection for ("http", 192.168.0.14:8545)
[2m2025-12-10T10:13:04.423017Z[0m [34mDEBUG[0m [2mhyper::proto::h1::io[0m[2m:[0m parsed 4 headers
[2m2025-12-10T10:13:04.423026Z[0m [34mDEBUG[0m [2mhyper::proto::h1::conn[0m[2m:[0m incoming body is content-length (4035 bytes)
[2m2025-12-10T10:13:04.423034Z[0m [34mDEBUG[0m [2mhyper::proto::h1::conn[0m[2m:[0m incoming body completed
[2m2025-12-10T10:13:04.423042Z[0m [34mDEBUG[0m [2mhyper::client::pool[0m[2m:[0m pooling idle connection for ("http", 192.168.0.14:8545)
[2m2025-12-10T10:13:04.423051Z[0m [34mDEBUG[0m [2methereum_transaction_pool_monitor::eth_client[0m[2m:[0m 📡 Transaction fetch RPC completed in 5.823083ms
[2m2025-12-10T10:13:04.495116Z[0m [34mDEBUG[0m [2methereum_transaction_pool_monitor::eth_client[0m[2m:[0m ✅ Transaction 0xb41d0af5c0965438e038fabefab0b47c7a6e54d53b268b15ad09d23c0ccff585 fetched and parsed in 77.885958ms
[2m2025-12-10T10:13:04.495150Z[0m [34mDEBUG[0m [2methereum_transaction_pool_monitor::mempool_monitor[0m[2m:[0m 🔍 Skipping tx 0xb41d0af5c0965438e038fabefab0b47c7a6e54d53b268b15ad09d23c0ccff585 - not a DEX interaction (target: 0x0000000000001fF3684f28c67538d4D072C22734)
[2m2025-12-10T10:13:04.495168Z[0m [34mDEBUG[0m [2methereum_transaction_pool_monitor::mempool_monitor[0m[2m:[0m 📨 Processing new pending transaction: 0x28f66a7ac4a6682b40d593a3038e14f3f51b14a3440eb1a63f021d8db97360da
[2m2025-12-10T10:13:04.495182Z[0m [34mDEBUG[0m [2methereum_transaction_pool_monitor::mempool_monitor[0m[2m:[0m 🔍 Fetching transaction details for: 0x28f66a7ac4a6682b40d593a3038e14f3f51b14a3440eb1a63f021d8db97360da
[2m2025-12-10T10:13:04.495188Z[0m [34mDEBUG[0m [2methereum_transaction_pool_monitor::eth_client[0m[2m:[0m 🔍 Fetching transaction details for hash: 0x28f66a7ac4a6682b40d593a3038e14f3f51b14a3440eb1a63f021d8db97360da
[2m2025-12-10T10:13:04.495206Z[0m [34mDEBUG[0m [2mhyper::client::pool[0m[2m:[0m reuse idle connection for ("http", 192.168.0.14:8545)
[2m2025-12-10T10:13:04.495253Z[0m [34mDEBUG[0m [2mhyper::proto::h1::io[0m[2m:[0m flushed 250 bytes
[2m2025-12-10T10:13:04.495275Z[0m [34mDEBUG[0m [2methereum_transaction_pool_monitor::eth_client[0m[2m:[0m 📨 Received WebSocket message: {"jsonrpc":"2.0","method":"eth_subscription","params":{"subscription":"0xbed0a0851463e895960a451075a301a9","result":"0xfc20c74539bb43012afad7f62d6ea507b1b2c5263a508aebecb8f77f4248fa63"}}
[2m2025-12-10T10:13:04.495285Z[0m [34mDEBUG[0m [2methereum_transaction_pool_monitor::eth_client[0m[2m:[0m 📨 Received pending transaction: 0xfc20c74539bb43012afad7f62d6ea507b1b2c5263a508aebecb8f77f4248fa63
[2m2025-12-10T10:13:04.499063Z[0m [34mDEBUG[0m [2mhyper::client::pool[0m[2m:[0m reuse idle connection for ("http", 192.168.0.14:8545)
[2m2025-12-10T10:13:04.499102Z[0m [34mDEBUG[0m [2mhyper::proto::h1::io[0m[2m:[0m flushed 172 bytes
[2m2025-12-10T10:13:04.504532Z[0m [34mDEBUG[0m [2mhyper::proto::h1::io[0m[2m:[0m parsed 4 headers
[2m2025-12-10T10:13:04.504555Z[0m [34mDEBUG[0m [2mhyper::proto::h1::conn[0m[2m:[0m incoming body is content-length (45 bytes)
[2m2025-12-10T10:13:04.504579Z[0m [34mDEBUG[0m [2mhyper::proto::h1::conn[0m[2m:[0m incoming body completed
[2m2025-12-10T10:13:04.504605Z[0m [34mDEBUG[0m [2mhyper::client::pool[0m[2m:[0m pooling idle connection for ("http", 192.168.0.14:8545)
[2m2025-12-10T10:13:04.505020Z[0m [34mDEBUG[0m [2mhyper::proto::h1::io[0m[2m:[0m parsed 4 headers
[2m2025-12-10T10:13:04.505043Z[0m [34mDEBUG[0m [2mhyper::proto::h1::conn[0m[2m:[0m incoming body is content-length (771 bytes)
[2m2025-12-10T10:13:04.505072Z[0m [34mDEBUG[0m [2mhyper::proto::h1::conn[0m[2m:[0m incoming body completed
[2m2025-12-10T10:13:04.505082Z[0m [34mDEBUG[0m [2mhyper::client::pool[0m[2m:[0m pooling idle connection for ("http", 192.168.0.14:8545)
[2m2025-12-10T10:13:04.505089Z[0m [34mDEBUG[0m [2methereum_transaction_pool_monitor::eth_client[0m[2m:[0m 📡 Transaction fetch RPC completed in 9.895958ms
[2m2025-12-10T10:13:04.576823Z[0m [34mDEBUG[0m [2methereum_transaction_pool_monitor::eth_client[0m[2m:[0m ✅ Transaction 0x28f66a7ac4a6682b40d593a3038e14f3f51b14a3440eb1a63f021d8db97360da fetched and parsed in 81.627625ms
[2m2025-12-10T10:13:04.576849Z[0m [34mDEBUG[0m [2methereum_transaction_pool_monitor::mempool_monitor[0m[2m:[0m 🔍 Skipping tx 0x28f66a7ac4a6682b40d593a3038e14f3f51b14a3440eb1a63f021d8db97360da - not a DEX interaction (target: 0x8290333ceF9e6D528dD5618Fb97a76f268f3EDD4)
[2m2025-12-10T10:13:04.576859Z[0m [34mDEBUG[0m [2methereum_transaction_pool_monitor::mempool_monitor[0m[2m:[0m 📨 Processing new pending transaction: 0xda662bc1eb5af8b102c613965ce2d14850fe700553ae343f1446a2434931fe2c
[2m2025-12-10T10:13:04.576867Z[0m [34mDEBUG[0m [2methereum_transaction_pool_monitor::mempool_monitor[0m[2m:[0m 🔍 Fetching transaction details for: 0xda662bc1eb5af8b102c613965ce2d14850fe700553ae343f1446a2434931fe2c
[2m2025-12-10T10:13:04.576873Z[0m [34mDEBUG[0m [2methereum_transaction_pool_monitor::eth_client[0m[2m:[0m 🔍 Fetching transaction details for hash: 0xda662bc1eb5af8b102c613965ce2d14850fe700553ae343f1446a2434931fe2c
[2m2025-12-10T10:13:04.576891Z[0m [34mDEBUG[0m [2mhyper::client::pool[0m[2m:[0m reuse idle connection for ("http", 192.168.0.14:8545)
[2m2025-12-10T10:13:04.576929Z[0m [34mDEBUG[0m [2mhyper::proto::h1::io[0m[2m:[0m flushed 250 bytes
[2m2025-12-10T10:13:04.576968Z[0m [34mDEBUG[0m [2methereum_transaction_pool_monitor::eth_client[0m[2m:[0m 📨 Received WebSocket message: {"jsonrpc":"2.0","method":"eth_subscription","params":{"subscription":"0xbed0a0851463e895960a451075a301a9","result":"0xcacf8fdff26b20ae03567d77722064dd0d7f5e2853f177a94469ecf41932ab1a"}}
[2m2025-12-10T10:13:04.576979Z[0m [34mDEBUG[0m [2methereum_transaction_pool_monitor::eth_client[0m[2m:[0m 📨 Received pending transaction: 0xcacf8fdff26b20ae03567d77722064dd0d7f5e2853f177a94469ecf41932ab1a
[2m2025-12-10T10:13:04.576984Z[0m [34mDEBUG[0m [2methereum_transaction_pool_monitor::eth_client[0m[2m:[0m 📨 Received WebSocket message: {"jsonrpc":"2.0","method":"eth_subscription","params":{"subscription":"0xbed0a0851463e895960a451075a301a9","result":"0x31d88b397bb4393a5857b1eb156412b703797573608c02db2148caa8555d3d94"}}
[2m2025-12-10T10:13:04.576989Z[0m [34mDEBUG[0m [2methereum_transaction_pool_monitor::eth_client[0m[2m:[0m 📨 Received pending transaction: 0x31d88b397bb4393a5857b1eb156412b703797573608c02db2148caa8555d3d94
[2m2025-12-10T10:13:04.584154Z[0m [34mDEBUG[0m [2mhyper::proto::h1::io[0m[2m:[0m parsed 4 headers
[2m2025-12-10T10:13:04.584164Z[0m [34mDEBUG[0m [2mhyper::proto::h1::conn[0m[2m:[0m incoming body is content-length (1732 bytes)
[2m2025-12-10T10:13:04.584172Z[0m [34mDEBUG[0m [2mhyper::proto::h1::conn[0m[2m:[0m incoming body completed
[2m2025-12-10T10:13:04.584180Z[0m [34mDEBUG[0m [2mhyper::client::pool[0m[2m:[0m pooling idle connection for ("http", 192.168.0.14:8545)
[2m2025-12-10T10:13:04.584187Z[0m [34mDEBUG[0m [2methereum_transaction_pool_monitor::eth_client[0m[2m:[0m 📡 Transaction fetch RPC completed in 7.309333ms
[2m2025-12-10T10:13:04.655904Z[0m [34mDEBUG[0m [2methereum_transaction_pool_monitor::eth_client[0m[2m:[0m ✅ Transaction 0xda662bc1eb5af8b102c613965ce2d14850fe700553ae343f1446a2434931fe2c fetched and parsed in 79.023208ms
[2m2025-12-10T10:13:04.655929Z[0m [34mDEBUG[0m [2methereum_transaction_pool_monitor::mempool_monitor[0m[2m:[0m 🔍 Skipping tx 0xda662bc1eb5af8b102c613965ce2d14850fe700553ae343f1446a2434931fe2c - not a DEX interaction (target: 0x601a2aD6CB5949f0529735254189Ba3194221EDF)
[2m2025-12-10T10:13:04.655939Z[0m [34mDEBUG[0m [2methereum_transaction_pool_monitor::mempool_monitor[0m[2m:[0m 📨 Processing new pending transaction: 0x54ed3ef595ac172fd2a08d2a47f48c82603d9a55f9a5a507fbeaa600c092e7db
[2m2025-12-10T10:13:04.655946Z[0m [34mDEBUG[0m [2methereum_transaction_pool_monitor::mempool_monitor[0m[2m:[0m 🔍 Fetching transaction details for: 0x54ed3ef595ac172fd2a08d2a47f48c82603d9a55f9a5a507fbeaa600c092e7db
[2m2025-12-10T10:13:04.655953Z[0m [34mDEBUG[0m [2methereum_transaction_pool_monitor::eth_client[0m[2m:[0m 🔍 Fetching transaction details for hash: 0x54ed3ef595ac172fd2a08d2a47f48c82603d9a55f9a5a507fbeaa600c092e7db
[2m2025-12-10T10:13:04.655970Z[0m [34mDEBUG[0m [2mhyper::client::pool[0m[2m:[0m reuse idle connection for ("http", 192.168.0.14:8545)
[2m2025-12-10T10:13:04.656015Z[0m [34mDEBUG[0m [2mhyper::proto::h1::io[0m[2m:[0m flushed 250 bytes
[2m2025-12-10T10:13:04.656034Z[0m [34mDEBUG[0m [2mhyper::client::pool[0m[2m:[0m reuse idle connection for ("http", 192.168.0.14:8545)
[2m2025-12-10T10:13:04.656044Z[0m [34mDEBUG[0m [2methereum_transaction_pool_monitor::eth_client[0m[2m:[0m 📨 Received WebSocket message: {"jsonrpc":"2.0","method":"eth_subscription","params":{"subscription":"0xbed0a0851463e895960a451075a301a9","result":"0x39028eed927b682ebb3af48f729464faa23dcbc8fd64a48df0abe3e887e0a741"}}
[2m2025-12-10T10:13:04.656046Z[0m [34mDEBUG[0m [2mhyper::proto::h1::io[0m[2m:[0m flushed 172 bytes
[2m2025-12-10T10:13:04.656057Z[0m [34mDEBUG[0m [2methereum_transaction_pool_monitor::eth_client[0m[2m:[0m 📨 Received pending transaction: 0x39028eed927b682ebb3af48f729464faa23dcbc8fd64a48df0abe3e887e0a741
[2m2025-12-10T10:13:04.660874Z[0m [34mDEBUG[0m [2mhyper::proto::h1::io[0m[2m:[0m parsed 4 headers
[2m2025-12-10T10:13:04.660904Z[0m [34mDEBUG[0m [2mhyper::proto::h1::conn[0m[2m:[0m incoming body is content-length (45 bytes)
[2m2025-12-10T10:13:04.660918Z[0m [34mDEBUG[0m [2mhyper::proto::h1::conn[0m[2m:[0m incoming body completed
[2m2025-12-10T10:13:04.660937Z[0m [34mDEBUG[0m [2mhyper::client::pool[0m[2m:[0m pooling idle connection for ("http", 192.168.0.14:8545)
[2m2025-12-10T10:13:04.665520Z[0m [34mDEBUG[0m [2mhyper::proto::h1::io[0m[2m:[0m parsed 4 headers
[2m2025-12-10T10:13:04.665541Z[0m [34mDEBUG[0m [2mhyper::proto::h1::conn[0m[2m:[0m incoming body is content-length (763 bytes)
[2m2025-12-10T10:13:04.665548Z[0m [34mDEBUG[0m [2mhyper::proto::h1::conn[0m[2m:[0m incoming body completed
[2m2025-12-10T10:13:04.665571Z[0m [34mDEBUG[0m [2mhyper::client::pool[0m[2m:[0m pooling idle connection for ("http", 192.168.0.14:8545)
[2m2025-12-10T10:13:04.665577Z[0m [34mDEBUG[0m [2methereum_transaction_pool_monitor::eth_client[0m[2m:[0m 📡 Transaction fetch RPC completed in 9.620208ms
[2m2025-12-10T10:13:04.736761Z[0m [34mDEBUG[0m [2methereum_transaction_pool_monitor::eth_client[0m[2m:[0m ✅ Transaction 0x54ed3ef595ac172fd2a08d2a47f48c82603d9a55f9a5a507fbeaa600c092e7db fetched and parsed in 80.801583ms
[2m2025-12-10T10:13:04.736786Z[0m [34mDEBUG[0m [2methereum_transaction_pool_monitor::mempool_monitor[0m[2m:[0m 🔍 Skipping tx 0x54ed3ef595ac172fd2a08d2a47f48c82603d9a55f9a5a507fbeaa600c092e7db - not a DEX interaction (target: 0xd50370bEE8bFf23Bbb30ca558a1d0207DBc96ef2)
[2m2025-12-10T10:13:04.736798Z[0m [34mDEBUG[0m [2methereum_transaction_pool_monitor::mempool_monitor[0m[2m:[0m 📨 Processing new pending transaction: 0xfc06eace7f902ab52dd05bebf19aa45b21dd5c4f0a5fb054324913278285f8c4
[2m2025-12-10T10:13:04.736806Z[0m [34mDEBUG[0m [2methereum_transaction_pool_monitor::mempool_monitor[0m[2m:[0m 🔍 Fetching transaction details for: 0xfc06eace7f902ab52dd05bebf19aa45b21dd5c4f0a5fb054324913278285f8c4
[2m2025-12-10T10:13:04.736812Z[0m [34mDEBUG[0m [2methereum_transaction_pool_monitor::eth_client[0m[2m:[0m 🔍 Fetching transaction details for hash: 0xfc06eace7f902ab52dd05bebf19aa45b21dd5c4f0a5fb054324913278285f8c4
[2m2025-12-10T10:13:04.736832Z[0m [34mDEBUG[0m [2mhyper::client::pool[0m[2m:[0m reuse idle connection for ("http", 192.168.0.14:8545)
[2m2025-12-10T10:13:04.736882Z[0m [34mDEBUG[0m [2mhyper::proto::h1::io[0m[2m:[0m flushed 250 bytes
[2m2025-12-10T10:13:04.736901Z[0m [34mDEBUG[0m [2mhyper::client::pool[0m[2m:[0m reuse idle connection for ("http", 192.168.0.14:8545)
[2m2025-12-10T10:13:04.736915Z[0m [34mDEBUG[0m [2mhyper::proto::h1::io[0m[2m:[0m flushed 172 bytes
[2m2025-12-10T10:13:04.736953Z[0m [34mDEBUG[0m [2methereum_transaction_pool_monitor::eth_client[0m[2m:[0m 📨 Received WebSocket message: {"jsonrpc":"2.0","method":"eth_subscription","params":{"subscription":"0xbed0a0851463e895960a451075a301a9","result":"0xeb7b887d4b16af9a20ee0c39600a9537e1615691ea6d1e852ae593febf4abb7c"}}
[2m2025-12-10T10:13:04.736965Z[0m [34mDEBUG[0m [2methereum_transaction_pool_monitor::eth_client[0m[2m:[0m 📨 Received pending transaction: 0xeb7b887d4b16af9a20ee0c39600a9537e1615691ea6d1e852ae593febf4abb7c
[2m2025-12-10T10:13:04.740809Z[0m [34mDEBUG[0m [2mhyper::proto::h1::io[0m[2m:[0m parsed 4 headers
[2m2025-12-10T10:13:04.741033Z[0m [34mDEBUG[0m [2mhyper::proto::h1::conn[0m[2m:[0m incoming body is content-length (45 bytes)
[2m2025-12-10T10:13:04.741042Z[0m [34mDEBUG[0m [2mhyper::proto::h1::conn[0m[2m:[0m incoming body completed
[2m2025-12-10T10:13:04.741052Z[0m [34mDEBUG[0m [2mhyper::client::pool[0m[2m:[0m pooling idle connection for ("http", 192.168.0.14:8545)
[2m2025-12-10T10:13:04.741581Z[0m [34mDEBUG[0m [2mhyper::proto::h1::io[0m[2m:[0m parsed 4 headers
[2m2025-12-10T10:13:04.741587Z[0m [34mDEBUG[0m [2mhyper::proto::h1::conn[0m[2m:[0m incoming body is content-length (556 bytes)
[2m2025-12-10T10:13:04.741592Z[0m [34mDEBUG[0m [2mhyper::proto::h1::conn[0m[2m:[0m incoming body completed
[2m2025-12-10T10:13:04.741599Z[0m [34mDEBUG[0m [2mhyper::client::pool[0m[2m:[0m pooling idle connection for ("http", 192.168.0.14:8545)
[2m2025-12-10T10:13:04.741605Z[0m [34mDEBUG[0m [2methereum_transaction_pool_monitor::eth_client[0m[2m:[0m 📡 Transaction fetch RPC completed in 4.788ms
[2m2025-12-10T10:13:04.813494Z[0m [34mDEBUG[0m [2methereum_transaction_pool_monitor::eth_client[0m[2m:[0m ✅ Transaction 0xfc06eace7f902ab52dd05bebf19aa45b21dd5c4f0a5fb054324913278285f8c4 fetched and parsed in 76.674667ms
[2m2025-12-10T10:13:04.813522Z[0m [34mDEBUG[0m [2methereum_transaction_pool_monitor::mempool_monitor[0m[2m:[0m 🔍 Skipping tx 0xfc06eace7f902ab52dd05bebf19aa45b21dd5c4f0a5fb054324913278285f8c4 - not a DEX interaction (target: 0x17017048cCe710CEF5d12e05a9861dC4Ad8f0F69)
[2m2025-12-10T10:13:04.813533Z[0m [34mDEBUG[0m [2methereum_transaction_pool_monitor::mempool_monitor[0m[2m:[0m 📨 Processing new pending transaction: 0x7aa69568ff8b24c0b250a49e2b8dfb84ed333094d6a55d6856dc3ef4d4f9a9f7
[2m2025-12-10T10:13:04.813541Z[0m [34mDEBUG[0m [2methereum_transaction_pool_monitor::mempool_monitor[0m[2m:[0m 🔍 Fetching transaction details for: 0x7aa69568ff8b24c0b250a49e2b8dfb84ed333094d6a55d6856dc3ef4d4f9a9f7
[2m2025-12-10T10:13:04.813548Z[0m [34mDEBUG[0m [2methereum_transaction_pool_monitor::eth_client[0m[2m:[0m 🔍 Fetching transaction details for hash: 0x7aa69568ff8b24c0b250a49e2b8dfb84ed333094d6a55d6856dc3ef4d4f9a9f7
[2m2025-12-10T10:13:04.813570Z[0m [34mDEBUG[0m [2mhyper::client::pool[0m[2m:[0m reuse idle connection for ("http", 192.168.0.14:8545)
[2m2025-12-10T10:13:04.813602Z[0m [34mDEBUG[0m [2mhyper::proto::h1::io[0m[2m:[0m flushed 250 bytes
[2m2025-12-10T10:13:04.813631Z[0m [34mDEBUG[0m [2mhyper::client::pool[0m[2m:[0m reuse idle connection for ("http", 192.168.0.14:8545)
[2m2025-12-10T10:13:04.813645Z[0m [34mDEBUG[0m [2mhyper::proto::h1::io[0m[2m:[0m flushed 172 bytes
[2m2025-12-10T10:13:04.818912Z[0m [34mDEBUG[0m [2mhyper::proto::h1::io[0m[2m:[0m parsed 4 headers
[2m2025-12-10T10:13:04.818921Z[0m [34mDEBUG[0m [2mhyper::proto::h1::conn[0m[2m:[0m incoming body is content-length (45 bytes)
[2m2025-12-10T10:13:04.818929Z[0m [34mDEBUG[0m [2mhyper::proto::h1::conn[0m[2m:[0m incoming body completed
[2m2025-12-10T10:13:04.818941Z[0m [34mDEBUG[0m [2mhyper::client::pool[0m[2m:[0m pooling idle connection for ("http", 192.168.0.14:8545)
[2m2025-12-10T10:13:04.826834Z[0m [34mDEBUG[0m [2mhyper::proto::h1::io[0m[2m:[0m parsed 4 headers
[2m2025-12-10T10:13:04.826843Z[0m [34mDEBUG[0m [2mhyper::proto::h1::conn[0m[2m:[0m incoming body is content-length (1610 bytes)
[2m2025-12-10T10:13:04.826849Z[0m [34mDEBUG[0m [2mhyper::proto::h1::conn[0m[2m:[0m incoming body completed
[2m2025-12-10T10:13:04.826856Z[0m [34mDEBUG[0m [2mhyper::client::pool[0m[2m:[0m pooling idle connection for ("http", 192.168.0.14:8545)
[2m2025-12-10T10:13:04.826862Z[0m [34mDEBUG[0m [2methereum_transaction_pool_monitor::eth_client[0m[2m:[0m 📡 Transaction fetch RPC completed in 13.309209ms
[2m2025-12-10T10:13:04.898583Z[0m [34mDEBUG[0m [2methereum_transaction_pool_monitor::eth_client[0m[2m:[0m ✅ Transaction 0x7aa69568ff8b24c0b250a49e2b8dfb84ed333094d6a55d6856dc3ef4d4f9a9f7 fetched and parsed in 85.027959ms
[2m2025-12-10T10:13:04.898602Z[0m [34mDEBUG[0m [2methereum_transaction_pool_monitor::mempool_monitor[0m[2m:[0m 🔍 Skipping tx 0x7aa69568ff8b24c0b250a49e2b8dfb84ed333094d6a55d6856dc3ef4d4f9a9f7 - not a DEX interaction (target: 0x72527FeC7d84764C405F28bD7E00E2693bbCB519)
[2m2025-12-10T10:13:04.898614Z[0m [34mDEBUG[0m [2methereum_transaction_pool_monitor::mempool_monitor[0m[2m:[0m 📨 Processing new pending transaction: 0xb8883362615d347b8d8e25903267f46d4ecc43619d6cb36f039a78c095da26ed
[2m2025-12-10T10:13:04.898621Z[0m [34mDEBUG[0m [2methereum_transaction_pool_monitor::mempool_monitor[0m[2m:[0m 🔍 Fetching transaction details for: 0xb8883362615d347b8d8e25903267f46d4ecc43619d6cb36f039a78c095da26ed
[2m2025-12-10T10:13:04.898626Z[0m [34mDEBUG[0m [2methereum_transaction_pool_monitor::eth_client[0m[2m:[0m 🔍 Fetching transaction details for hash: 0xb8883362615d347b8d8e25903267f46d4ecc43619d6cb36f039a78c095da26ed
[2m2025-12-10T10:13:04.898643Z[0m [34mDEBUG[0m [2mhyper::client::pool[0m[2m:[0m reuse idle connection for ("http", 192.168.0.14:8545)
[2m2025-12-10T10:13:04.898668Z[0m [34mDEBUG[0m [2mhyper::proto::h1::io[0m[2m:[0m flushed 250 bytes
[2m2025-12-10T10:13:04.898686Z[0m [34mDEBUG[0m [2mhyper::client::pool[0m[2m:[0m reuse idle connection for ("http", 192.168.0.14:8545)
[2m2025-12-10T10:13:04.898698Z[0m [34mDEBUG[0m [2methereum_transaction_pool_monitor::eth_client[0m[2m:[0m 📨 Received WebSocket message: {"jsonrpc":"2.0","method":"eth_subscription","params":{"subscription":"0xbed0a0851463e895960a451075a301a9","result":"0x3953ef0319750c9674fdb6b4c46c536dbfecee916ab2909e5370534ccd681864"}}
[2m2025-12-10T10:13:04.898701Z[0m [34mDEBUG[0m [2mhyper::proto::h1::io[0m[2m:[0m flushed 172 bytes
[2m2025-12-10T10:13:04.898712Z[0m [34mDEBUG[0m [2methereum_transaction_pool_monitor::eth_client[0m[2m:[0m 📨 Received pending transaction: 0x3953ef0319750c9674fdb6b4c46c536dbfecee916ab2909e5370534ccd681864
[2m2025-12-10T10:13:04.903771Z[0m [34mDEBUG[0m [2mhyper::proto::h1::io[0m[2m:[0m parsed 4 headers
[2m2025-12-10T10:13:04.903803Z[0m [34mDEBUG[0m [2mhyper::proto::h1::conn[0m[2m:[0m incoming body is content-length (651 bytes)
[2m2025-12-10T10:13:04.903829Z[0m [34mDEBUG[0m [2mhyper::proto::h1::conn[0m[2m:[0m incoming body completed
[2m2025-12-10T10:13:04.903839Z[0m [34mDEBUG[0m [2mhyper::client::pool[0m[2m:[0m pooling idle connection for ("http", 192.168.0.14:8545)
[2m2025-12-10T10:13:04.903845Z[0m [34mDEBUG[0m [2methereum_transaction_pool_monitor::eth_client[0m[2m:[0m 📡 Transaction fetch RPC completed in 5.214458ms
[2m2025-12-10T10:13:04.975430Z[0m [34mDEBUG[0m [2methereum_transaction_pool_monitor::eth_client[0m[2m:[0m ✅ Transaction 0xb8883362615d347b8d8e25903267f46d4ecc43619d6cb36f039a78c095da26ed fetched and parsed in 76.796917ms
[2m2025-12-10T10:13:04.975457Z[0m [34mDEBUG[0m [2methereum_transaction_pool_monitor::mempool_monitor[0m[2m:[0m 🔍 Skipping tx 0xb8883362615d347b8d8e25903267f46d4ecc43619d6cb36f039a78c095da26ed - not a DEX interaction (target: 0x901032794EBf3925aC06DBf8Dc0f90676FEF0455)
[2m2025-12-10T10:13:04.975467Z[0m [34mDEBUG[0m [2methereum_transaction_pool_monitor::mempool_monitor[0m[2m:[0m 📨 Processing new pending transaction: 0xe2153d70943550e9e3c5449f563e725e4d24e8d5d731cb1bfe93579cd31d605c
[2m2025-12-10T10:13:04.975482Z[0m [34mDEBUG[0m [2methereum_transaction_pool_monitor::mempool_monitor[0m[2m:[0m 🔍 Fetching transaction details for: 0xe2153d70943550e9e3c5449f563e725e4d24e8d5d731cb1bfe93579cd31d605c
[2m2025-12-10T10:13:04.975490Z[0m [34mDEBUG[0m [2methereum_transaction_pool_monitor::eth_client[0m[2m:[0m 🔍 Fetching transaction details for hash: 0xe2153d70943550e9e3c5449f563e725e4d24e8d5d731cb1bfe93579cd31d605c
[2m2025-12-10T10:13:04.975507Z[0m [34mDEBUG[0m [2mhyper::client::pool[0m[2m:[0m reuse idle connection for ("http", 192.168.0.14:8545)
[2m2025-12-10T10:13:04.975546Z[0m [34mDEBUG[0m [2mhyper::proto::h1::io[0m[2m:[0m flushed 250 bytes
[2m2025-12-10T10:13:04.975572Z[0m [34mDEBUG[0m [2methereum_transaction_pool_monitor::eth_client[0m[2m:[0m 📨 Received WebSocket message: {"jsonrpc":"2.0","method":"eth_subscription","params":{"subscription":"0xbed0a0851463e895960a451075a301a9","result":"0x224d9e25988fd997ca564d030bd7167d8420499682fcbd809ec6977588ae6591"}}
[2m2025-12-10T10:13:04.975576Z[0m [34mDEBUG[0m [2mhyper::proto::h1::io[0m[2m:[0m parsed 4 headers
[2m2025-12-10T10:13:04.975588Z[0m [34mDEBUG[0m [2methereum_transaction_pool_monitor::eth_client[0m[2m:[0m 📨 Received pending transaction: 0x224d9e25988fd997ca564d030bd7167d8420499682fcbd809ec6977588ae6591
[2m2025-12-10T10:13:04.975594Z[0m [34mDEBUG[0m [2mhyper::proto::h1::conn[0m[2m:[0m incoming body is content-length (45 bytes)
[2m2025-12-10T10:13:04.975606Z[0m [34mDEBUG[0m [2mhyper::proto::h1::conn[0m[2m:[0m incoming body completed
[2m2025-12-10T10:13:04.975617Z[0m [34mDEBUG[0m [2mhyper::client::pool[0m[2m:[0m pooling idle connection for ("http", 192.168.0.14:8545)
[2m2025-12-10T10:13:04.980167Z[0m [34mDEBUG[0m [2mhyper::proto::h1::io[0m[2m:[0m parsed 4 headers
[2m2025-12-10T10:13:04.980176Z[0m [34mDEBUG[0m [2mhyper::proto::h1::conn[0m[2m:[0m incoming body is content-length (770 bytes)
[2m2025-12-10T10:13:04.980185Z[0m [34mDEBUG[0m [2mhyper::proto::h1::conn[0m[2m:[0m incoming body completed
[2m2025-12-10T10:13:04.980207Z[0m [34mDEBUG[0m [2mhyper::client::pool[0m[2m:[0m pooling idle connection for ("http", 192.168.0.14:8545)
[2m2025-12-10T10:13:04.980213Z[0m [34mDEBUG[0m [2methereum_transaction_pool_monitor::eth_client[0m[2m:[0m 📡 Transaction fetch RPC completed in 4.717375ms
[2m2025-12-10T10:13:05.051212Z[0m [34mDEBUG[0m [2methereum_transaction_pool_monitor::eth_client[0m[2m:[0m ✅ Transaction 0xe2153d70943550e9e3c5449f563e725e4d24e8d5d731cb1bfe93579cd31d605c fetched and parsed in 75.714583ms
[2m2025-12-10T10:13:05.051237Z[0m [34mDEBUG[0m [2methereum_transaction_pool_monitor::mempool_monitor[0m[2m:[0m 🔍 Skipping tx 0xe2153d70943550e9e3c5449f563e725e4d24e8d5d731cb1bfe93579cd31d605c - not a DEX interaction (target: 0xcf0C122c6b73ff809C693DB761e7BaeBe62b6a2E)
[2m2025-12-10T10:13:05.051247Z[0m [34mDEBUG[0m [2methereum_transaction_pool_monitor::mempool_monitor[0m[2m:[0m 📨 Processing new pending transaction: 0x5b136a3af1678e67164a304408cd5089d634bfd6115f72011e2736e98d18b323
[2m2025-12-10T10:13:05.051255Z[0m [34mDEBUG[0m [2methereum_transaction_pool_monitor::mempool_monitor[0m[2m:[0m 🔍 Fetching transaction details for: 0x5b136a3af1678e67164a304408cd5089d634bfd6115f72011e2736e98d18b323
[2m2025-12-10T10:13:05.051261Z[0m [34mDEBUG[0m [2methereum_transaction_pool_monitor::eth_client[0m[2m:[0m 🔍 Fetching transaction details for hash: 0x5b136a3af1678e67164a304408cd5089d634bfd6115f72011e2736e98d18b323
[2m2025-12-10T10:13:05.051277Z[0m [34mDEBUG[0m [2mhyper::client::pool[0m[2m:[0m reuse idle connection for ("http", 192.168.0.14:8545)
[2m2025-12-10T10:13:05.051322Z[0m [34mDEBUG[0m [2mhyper::proto::h1::io[0m[2m:[0m flushed 250 bytes
[2m2025-12-10T10:13:05.051356Z[0m [34mDEBUG[0m [2mhyper::client::pool[0m[2m:[0m reuse idle connection for ("http", 192.168.0.14:8545)
[2m2025-12-10T10:13:05.051374Z[0m [34mDEBUG[0m [2mhyper::proto::h1::io[0m[2m:[0m flushed 172 bytes
[2m2025-12-10T10:13:05.051386Z[0m [34mDEBUG[0m [2methereum_transaction_pool_monitor::eth_client[0m[2m:[0m 📨 Received WebSocket message: {"jsonrpc":"2.0","method":"eth_subscription","params":{"subscription":"0xbed0a0851463e895960a451075a301a9","result":"0xbd47fc11ec024d8c5261ce7e27d07626e3994caf330d393ab6e809ff76edf1de"}}
[2m2025-12-10T10:13:05.051394Z[0m [34mDEBUG[0m [2methereum_transaction_pool_monitor::eth_client[0m[2m:[0m 📨 Received pending transaction: 0xbd47fc11ec024d8c5261ce7e27d07626e3994caf330d393ab6e809ff76edf1de
[2m2025-12-10T10:13:05.051398Z[0m [34mDEBUG[0m [2methereum_transaction_pool_monitor::eth_client[0m[2m:[0m 📨 Received WebSocket message: {"jsonrpc":"2.0","method":"eth_subscription","params":{"subscription":"0xbed0a0851463e895960a451075a301a9","result":"0xc5dc261ad0b10c41cd908e57b93e93015ae50d6e464669914bd88514fefd0d40"}}
[2m2025-12-10T10:13:05.051403Z[0m [34mDEBUG[0m [2methereum_transaction_pool_monitor::eth_client[0m[2m:[0m 📨 Received pending transaction: 0xc5dc261ad0b10c41cd908e57b93e93015ae50d6e464669914bd88514fefd0d40
[2m2025-12-10T10:13:05.056169Z[0m [34mDEBUG[0m [2mhyper::proto::h1::io[0m[2m:[0m parsed 4 headers
[2m2025-12-10T10:13:05.056176Z[0m [34mDEBUG[0m [2mhyper::proto::h1::conn[0m[2m:[0m incoming body is content-length (45 bytes)
[2m2025-12-10T10:13:05.056187Z[0m [34mDEBUG[0m [2mhyper::proto::h1::conn[0m[2m:[0m incoming body completed
[2m2025-12-10T10:13:05.056202Z[0m [34mDEBUG[0m [2mhyper::client::pool[0m[2m:[0m pooling idle connection for ("http", 192.168.0.14:8545)
[2m2025-12-10T10:13:05.056228Z[0m [34mDEBUG[0m [2mhyper::proto::h1::io[0m[2m:[0m parsed 4 headers
[2m2025-12-10T10:13:05.056233Z[0m [34mDEBUG[0m [2mhyper::proto::h1::conn[0m[2m:[0m incoming body is content-length (770 bytes)
[2m2025-12-10T10:13:05.056238Z[0m [34mDEBUG[0m [2mhyper::proto::h1::conn[0m[2m:[0m incoming body completed
[2m2025-12-10T10:13:05.056243Z[0m [34mDEBUG[0m [2mhyper::client::pool[0m[2m:[0m pooling idle connection for ("http", 192.168.0.14:8545)
[2m2025-12-10T10:13:05.056258Z[0m [34mDEBUG[0m [2methereum_transaction_pool_monitor::eth_client[0m[2m:[0m 📡 Transaction fetch RPC completed in 4.993083ms
[2m2025-12-10T10:13:05.127377Z[0m [34mDEBUG[0m [2methereum_transaction_pool_monitor::eth_client[0m[2m:[0m ✅ Transaction 0x5b136a3af1678e67164a304408cd5089d634bfd6115f72011e2736e98d18b323 fetched and parsed in 76.109ms
[2m2025-12-10T10:13:05.127403Z[0m [34mDEBUG[0m [2methereum_transaction_pool_monitor::mempool_monitor[0m[2m:[0m 🔍 Skipping tx 0x5b136a3af1678e67164a304408cd5089d634bfd6115f72011e2736e98d18b323 - not a DEX interaction (target: 0x808507121B80c02388fAd14726482e061B8da827)
[2m2025-12-10T10:13:05.127413Z[0m [34mDEBUG[0m [2methereum_transaction_pool_monitor::mempool_monitor[0m[2m:[0m 📨 Processing new pending transaction: 0xae2dea020542b13fe951913781b9e9a0f95aad6200bbc0992094a1cbb78f1664
[2m2025-12-10T10:13:05.127420Z[0m [34mDEBUG[0m [2methereum_transaction_pool_monitor::mempool_monitor[0m[2m:[0m 🔍 Fetching transaction details for: 0xae2dea020542b13fe951913781b9e9a0f95aad6200bbc0992094a1cbb78f1664
[2m2025-12-10T10:13:05.127426Z[0m [34mDEBUG[0m [2methereum_transaction_pool_monitor::eth_client[0m[2m:[0m 🔍 Fetching transaction details for hash: 0xae2dea020542b13fe951913781b9e9a0f95aad6200bbc0992094a1cbb78f1664
[2m2025-12-10T10:13:05.127442Z[0m [34mDEBUG[0m [2mhyper::client::pool[0m[2m:[0m reuse idle connection for ("http", 192.168.0.14:8545)
[2m2025-12-10T10:13:05.127480Z[0m [34mDEBUG[0m [2mhyper::proto::h1::io[0m[2m:[0m flushed 250 bytes
[2m2025-12-10T10:13:05.127507Z[0m [34mDEBUG[0m [2mhyper::client::pool[0m[2m:[0m reuse idle connection for ("http", 192.168.0.14:8545)
[2m2025-12-10T10:13:05.127526Z[0m [34mDEBUG[0m [2mhyper::proto::h1::io[0m[2m:[0m flushed 172 bytes
[2m2025-12-10T10:13:05.132418Z[0m [34mDEBUG[0m [2mhyper::proto::h1::io[0m[2m:[0m parsed 4 headers
[2m2025-12-10T10:13:05.132441Z[0m [34mDEBUG[0m [2mhyper::proto::h1::io[0m[2m:[0m parsed 4 headers
[2m2025-12-10T10:13:05.132444Z[0m [34mDEBUG[0m [2mhyper::proto::h1::conn[0m[2m:[0m incoming body is content-length (772 bytes)
[2m2025-12-10T10:13:05.132466Z[0m [34mDEBUG[0m [2mhyper::proto::h1::conn[0m[2m:[0m incoming body is content-length (45 bytes)
[2m2025-12-10T10:13:05.132501Z[0m [34mDEBUG[0m [2mhyper::proto::h1::conn[0m[2m:[0m incoming body completed
[2m2025-12-10T10:13:05.132506Z[0m [34mDEBUG[0m [2mhyper::proto::h1::conn[0m[2m:[0m incoming body completed
[2m2025-12-10T10:13:05.132513Z[0m [34mDEBUG[0m [2mhyper::client::pool[0m[2m:[0m pooling idle connection for ("http", 192.168.0.14:8545)
[2m2025-12-10T10:13:05.133290Z[0m [34mDEBUG[0m [2mhyper::client::pool[0m[2m:[0m pooling idle connection for ("http", 192.168.0.14:8545)
[2m2025-12-10T10:13:05.133297Z[0m [34mDEBUG[0m [2methereum_transaction_pool_monitor::eth_client[0m[2m:[0m 📡 Transaction fetch RPC completed in 5.867ms
[2m2025-12-10T10:13:05.200593Z[0m [34mDEBUG[0m [2mhyper::client::pool[0m[2m:[0m reuse idle connection for ("http", 192.168.0.14:8545)
[2m2025-12-10T10:13:05.200659Z[0m [34mDEBUG[0m [2mhyper::proto::h1::io[0m[2m:[0m flushed 172 bytes
[2m2025-12-10T10:13:05.201672Z[0m [34mDEBUG[0m [2methereum_transaction_pool_monitor::eth_client[0m[2m:[0m 📨 Received WebSocket message: {"jsonrpc":"2.0","method":"eth_subscription","params":{"subscription":"0xbed0a0851463e895960a451075a301a9","result":"0xe09141dc196e494965b6e21461c92e465b392b6ce22f61ec4d12dca5378fd74e"}}
[2m2025-12-10T10:13:05.201682Z[0m [34mDEBUG[0m [2methereum_transaction_pool_monitor::eth_client[0m[2m:[0m 📨 Received pending transaction: 0xe09141dc196e494965b6e21461c92e465b392b6ce22f61ec4d12dca5378fd74e
[2m2025-12-10T10:13:05.203628Z[0m [34mDEBUG[0m [2methereum_transaction_pool_monitor::eth_client[0m[2m:[0m ✅ Transaction 0xae2dea020542b13fe951913781b9e9a0f95aad6200bbc0992094a1cbb78f1664 fetched and parsed in 76.196709ms
[2m2025-12-10T10:13:05.203638Z[0m [34mDEBUG[0m [2methereum_transaction_pool_monitor::mempool_monitor[0m[2m:[0m 🔍 Skipping tx 0xae2dea020542b13fe951913781b9e9a0f95aad6200bbc0992094a1cbb78f1664 - not a DEX interaction (target: 0x6E2a43be0B1d33b726f0CA3b8de60b3482b8b050)
[2m2025-12-10T10:13:05.203648Z[0m [34mDEBUG[0m [2methereum_transaction_pool_monitor::mempool_monitor[0m[2m:[0m 📨 Processing new pending transaction: 0xfc20c74539bb43012afad7f62d6ea507b1b2c5263a508aebecb8f77f4248fa63
[2m2025-12-10T10:13:05.203658Z[0m [34mDEBUG[0m [2methereum_transaction_pool_monitor::mempool_monitor[0m[2m:[0m 🔍 Fetching transaction details for: 0xfc20c74539bb43012afad7f62d6ea507b1b2c5263a508aebecb8f77f4248fa63
[2m2025-12-10T10:13:05.203663Z[0m [34mDEBUG[0m [2methereum_transaction_pool_monitor::eth_client[0m[2m:[0m 🔍 Fetching transaction details for hash: 0xfc20c74539bb43012afad7f62d6ea507b1b2c5263a508aebecb8f77f4248fa63
[2m2025-12-10T10:13:05.203675Z[0m [34mDEBUG[0m [2mhyper::client::pool[0m[2m:[0m reuse idle connection for ("http", 192.168.0.14:8545)
[2m2025-12-10T10:13:05.203700Z[0m [34mDEBUG[0m [2mhyper::proto::h1::io[0m[2m:[0m flushed 250 bytes
[2m2025-12-10T10:13:05.204540Z[0m [34mDEBUG[0m [2mhyper::proto::h1::io[0m[2m:[0m parsed 4 headers
[2m2025-12-10T10:13:05.204563Z[0m [34mDEBUG[0m [2mhyper::proto::h1::conn[0m[2m:[0m incoming body is content-length (45 bytes)
[2m2025-12-10T10:13:05.204588Z[0m [34mDEBUG[0m [2mhyper::proto::h1::conn[0m[2m:[0m incoming body completed
[2m2025-12-10T10:13:05.204604Z[0m [34mDEBUG[0m [2mhyper::client::pool[0m[2m:[0m pooling idle connection for ("http", 192.168.0.14:8545)
[2m2025-12-10T10:13:05.210773Z[0m [34mDEBUG[0m [2mhyper::proto::h1::io[0m[2m:[0m parsed 4 headers
[2m2025-12-10T10:13:05.210778Z[0m [34mDEBUG[0m [2mhyper::proto::h1::conn[0m[2m:[0m incoming body is content-length (639 bytes)
[2m2025-12-10T10:13:05.210784Z[0m [34mDEBUG[0m [2mhyper::proto::h1::conn[0m[2m:[0m incoming body completed
[2m2025-12-10T10:13:05.210790Z[0m [34mDEBUG[0m [2mhyper::client::pool[0m[2m:[0m pooling idle connection for ("http", 192.168.0.14:8545)
[2m2025-12-10T10:13:05.210795Z[0m [34mDEBUG[0m [2methereum_transaction_pool_monitor::eth_client[0m[2m:[0m 📡 Transaction fetch RPC completed in 7.127542ms
[2m2025-12-10T10:13:05.280304Z[0m [34mDEBUG[0m [2methereum_transaction_pool_monitor::eth_client[0m[2m:[0m ✅ Transaction 0xfc20c74539bb43012afad7f62d6ea507b1b2c5263a508aebecb8f77f4248fa63 fetched and parsed in 76.633375ms
[2m2025-12-10T10:13:05.280332Z[0m [34mDEBUG[0m [2methereum_transaction_pool_monitor::mempool_monitor[0m[2m:[0m 🔍 Skipping tx 0xfc20c74539bb43012afad7f62d6ea507b1b2c5263a508aebecb8f77f4248fa63 - not a DEX interaction (target: 0xcd4F9dD9e7B54Ae4F5868E89f2ec611d5f37CfA8)
[2m2025-12-10T10:13:05.280345Z[0m [34mDEBUG[0m [2methereum_transaction_pool_monitor::mempool_monitor[0m[2m:[0m 📨 Processing new pending transaction: 0xcacf8fdff26b20ae03567d77722064dd0d7f5e2853f177a94469ecf41932ab1a
[2m2025-12-10T10:13:05.280352Z[0m [34mDEBUG[0m [2methereum_transaction_pool_monitor::mempool_monitor[0m[2m:[0m 🔍 Fetching transaction details for: 0xcacf8fdff26b20ae03567d77722064dd0d7f5e2853f177a94469ecf41932ab1a
[2m2025-12-10T10:13:05.280357Z[0m [34mDEBUG[0m [2methereum_transaction_pool_monitor::eth_client[0m[2m:[0m 🔍 Fetching transaction details for hash: 0xcacf8fdff26b20ae03567d77722064dd0d7f5e2853f177a94469ecf41932ab1a
[2m2025-12-10T10:13:05.280375Z[0m [34mDEBUG[0m [2mhyper::client::pool[0m[2m:[0m reuse idle connection for ("http", 192.168.0.14:8545)
[2m2025-12-10T10:13:05.280414Z[0m [34mDEBUG[0m [2mhyper::proto::h1::io[0m[2m:[0m flushed 250 bytes
[2m2025-12-10T10:13:05.280437Z[0m [34mDEBUG[0m [2methereum_transaction_pool_monitor::eth_client[0m[2m:[0m 📨 Received WebSocket message: {"jsonrpc":"2.0","method":"eth_subscription","params":{"subscription":"0xbed0a0851463e895960a451075a301a9","result":"0x4206a5f5364c3aec64e30cffd9cfc67e0cc0c4f84f6054667bccd6ecd44e8edd"}}
[2m2025-12-10T10:13:05.280448Z[0m [34mDEBUG[0m [2methereum_transaction_pool_monitor::eth_client[0m[2m:[0m 📨 Received pending transaction: 0x4206a5f5364c3aec64e30cffd9cfc67e0cc0c4f84f6054667bccd6ecd44e8edd
[2m2025-12-10T10:13:05.294862Z[0m [34mDEBUG[0m [2mhyper::proto::h1::io[0m[2m:[0m parsed 4 headers
[2m2025-12-10T10:13:05.294877Z[0m [34mDEBUG[0m [2mhyper::proto::h1::conn[0m[2m:[0m incoming body is content-length (771 bytes)
[2m2025-12-10T10:13:05.294890Z[0m [34mDEBUG[0m [2mhyper::proto::h1::conn[0m[2m:[0m incoming body completed
[2m2025-12-10T10:13:05.294905Z[0m [34mDEBUG[0m [2mhyper::client::pool[0m[2m:[0m pooling idle connection for ("http", 192.168.0.14:8545)
[2m2025-12-10T10:13:05.294914Z[0m [34mDEBUG[0m [2methereum_transaction_pool_monitor::eth_client[0m[2m:[0m 📡 Transaction fetch RPC completed in 14.553083ms
[2m2025-12-10T10:13:05.363936Z[0m [34mDEBUG[0m [2methereum_transaction_pool_monitor::eth_client[0m[2m:[0m ✅ Transaction 0xcacf8fdff26b20ae03567d77722064dd0d7f5e2853f177a94469ecf41932ab1a fetched and parsed in 83.572333ms
[2m2025-12-10T10:13:05.363959Z[0m [34mDEBUG[0m [2methereum_transaction_pool_monitor::mempool_monitor[0m[2m:[0m 🔍 Skipping tx 0xcacf8fdff26b20ae03567d77722064dd0d7f5e2853f177a94469ecf41932ab1a - not a DEX interaction (target: 0xA0b86991c6218b36c1d19D4a2e9Eb0cE3606eB48)
[2m2025-12-10T10:13:05.363971Z[0m [34mDEBUG[0m [2methereum_transaction_pool_monitor::mempool_monitor[0m[2m:[0m 📨 Processing new pending transaction: 0x31d88b397bb4393a5857b1eb156412b703797573608c02db2148caa8555d3d94
[2m2025-12-10T10:13:05.363978Z[0m [34mDEBUG[0m [2methereum_transaction_pool_monitor::mempool_monitor[0m[2m:[0m 🔍 Fetching transaction details for: 0x31d88b397bb4393a5857b1eb156412b703797573608c02db2148caa8555d3d94
[2m2025-12-10T10:13:05.363983Z[0m [34mDEBUG[0m [2methereum_transaction_pool_monitor::eth_client[0m[2m:[0m 🔍 Fetching transaction details for hash: 0x31d88b397bb4393a5857b1eb156412b703797573608c02db2148caa8555d3d94
[2m2025-12-10T10:13:05.364003Z[0m [34mDEBUG[0m [2mhyper::client::pool[0m[2m:[0m reuse idle connection for ("http", 192.168.0.14:8545)
[2m2025-12-10T10:13:05.364032Z[0m [34mDEBUG[0m [2mhyper::proto::h1::io[0m[2m:[0m flushed 250 bytes
[2m2025-12-10T10:13:05.364052Z[0m [34mDEBUG[0m [2mhyper::client::pool[0m[2m:[0m reuse idle connection for ("http", 192.168.0.14:8545)
[2m2025-12-10T10:13:05.364065Z[0m [34mDEBUG[0m [2mhyper::proto::h1::io[0m[2m:[0m flushed 172 bytes
[2m2025-12-10T10:13:05.364102Z[0m [34mDEBUG[0m [2methereum_transaction_pool_monitor::eth_client[0m[2m:[0m 📨 Received WebSocket message: {"jsonrpc":"2.0","method":"eth_subscription","params":{"subscription":"0xbed0a0851463e895960a451075a301a9","result":"0x6457bae2d3a81a8c4d94da46e8b3722a5cbc5d472de21348b85ecc4a0b778472"}}
[2m2025-12-10T10:13:05.364123Z[0m [34mDEBUG[0m [2methereum_transaction_pool_monitor::eth_client[0m[2m:[0m 📨 Received pending transaction: 0x6457bae2d3a81a8c4d94da46e8b3722a5cbc5d472de21348b85ecc4a0b778472
[2m2025-12-10T10:13:05.364129Z[0m [34mDEBUG[0m [2methereum_transaction_pool_monitor::eth_client[0m[2m:[0m 📨 Received WebSocket message: {"jsonrpc":"2.0","method":"eth_subscription","params":{"subscription":"0xbed0a0851463e895960a451075a301a9","result":"0x81c42dbfc4c1a72460bfadaef79095d5e002bf4c68d1943d30c592cb9c9f1028"}}
[2m2025-12-10T10:13:05.364134Z[0m [34mDEBUG[0m [2methereum_transaction_pool_monitor::eth_client[0m[2m:[0m 📨 Received pending transaction: 0x81c42dbfc4c1a72460bfadaef79095d5e002bf4c68d1943d30c592cb9c9f1028
[2m2025-12-10T10:13:05.364139Z[0m [34mDEBUG[0m [2methereum_transaction_pool_monitor::eth_client[0m[2m:[0m 📨 Received WebSocket message: {"jsonrpc":"2.0","method":"eth_subscription","params":{"subscription":"0xbed0a0851463e895960a451075a301a9","result":"0x06eeab10b9d84a969a4977943f67025ab10d86f519ffa1732088252934082adc"}}
[2m2025-12-10T10:13:05.364143Z[0m [34mDEBUG[0m [2methereum_transaction_pool_monitor::eth_client[0m[2m:[0m 📨 Received pending transaction: 0x06eeab10b9d84a969a4977943f67025ab10d86f519ffa1732088252934082adc
[2m2025-12-10T10:13:05.369477Z[0m [34mDEBUG[0m [2mhyper::proto::h1::io[0m[2m:[0m parsed 4 headers
[2m2025-12-10T10:13:05.369484Z[0m [34mDEBUG[0m [2mhyper::proto::h1::conn[0m[2m:[0m incoming body is content-length (774 bytes)
[2m2025-12-10T10:13:05.369490Z[0m [34mDEBUG[0m [2mhyper::proto::h1::conn[0m[2m:[0m incoming body completed
[2m2025-12-10T10:13:05.369498Z[0m [34mDEBUG[0m [2mhyper::client::pool[0m[2m:[0m pooling idle connection for ("http", 192.168.0.14:8545)
[2m2025-12-10T10:13:05.369504Z[0m [34mDEBUG[0m [2methereum_transaction_pool_monitor::eth_client[0m[2m:[0m 📡 Transaction fetch RPC completed in 5.515625ms
[2m2025-12-10T10:13:05.440681Z[0m [34mDEBUG[0m [2methereum_transaction_pool_monitor::eth_client[0m[2m:[0m ✅ Transaction 0x31d88b397bb4393a5857b1eb156412b703797573608c02db2148caa8555d3d94 fetched and parsed in 76.69075ms
[2m2025-12-10T10:13:05.440706Z[0m [34mDEBUG[0m [2methereum_transaction_pool_monitor::mempool_monitor[0m[2m:[0m 🔍 Skipping tx 0x31d88b397bb4393a5857b1eb156412b703797573608c02db2148caa8555d3d94 - not a DEX interaction (target: 0x5283D291DBCF85356A21bA090E6db59121208b44)
[2m2025-12-10T10:13:05.440717Z[0m [34mDEBUG[0m [2methereum_transaction_pool_monitor::mempool_monitor[0m[2m:[0m 📨 Processing new pending transaction: 0x39028eed927b682ebb3af48f729464faa23dcbc8fd64a48df0abe3e887e0a741
[2m2025-12-10T10:13:05.440724Z[0m [34mDEBUG[0m [2methereum_transaction_pool_monitor::mempool_monitor[0m[2m:[0m 🔍 Fetching transaction details for: 0x39028eed927b682ebb3af48f729464faa23dcbc8fd64a48df0abe3e887e0a741
[2m2025-12-10T10:13:05.440731Z[0m [34mDEBUG[0m [2methereum_transaction_pool_monitor::eth_client[0m[2m:[0m 🔍 Fetching transaction details for hash: 0x39028eed927b682ebb3af48f729464faa23dcbc8fd64a48df0abe3e887e0a741
[2m2025-12-10T10:13:05.440749Z[0m [34mDEBUG[0m [2mhyper::client::pool[0m[2m:[0m reuse idle connection for ("http", 192.168.0.14:8545)
[2m2025-12-10T10:13:05.440790Z[0m [34mDEBUG[0m [2mhyper::proto::h1::io[0m[2m:[0m flushed 250 bytes
[2m2025-12-10T10:13:05.440814Z[0m [34mDEBUG[0m [2methereum_transaction_pool_monitor::eth_client[0m[2m:[0m 📨 Received WebSocket message: {"jsonrpc":"2.0","method":"eth_subscription","params":{"subscription":"0xbed0a0851463e895960a451075a301a9","result":"0x9e26676237e52960dd464f869b42eabde5aad06f253e9af5a6d4c2d7081aa8b5"}}
[2m2025-12-10T10:13:05.440824Z[0m [34mDEBUG[0m [2methereum_transaction_pool_monitor::eth_client[0m[2m:[0m 📨 Received pending transaction: 0x9e26676237e52960dd464f869b42eabde5aad06f253e9af5a6d4c2d7081aa8b5
[2m2025-12-10T10:13:05.440816Z[0m [34mDEBUG[0m [2mhyper::proto::h1::io[0m[2m:[0m parsed 4 headers
[2m2025-12-10T10:13:05.440838Z[0m [34mDEBUG[0m [2mhyper::proto::h1::conn[0m[2m:[0m incoming body is content-length (45 bytes)
[2m2025-12-10T10:13:05.440829Z[0m [34mDEBUG[0m [2methereum_transaction_pool_monitor::eth_client[0m[2m:[0m 📨 Received WebSocket message: {"jsonrpc":"2.0","method":"eth_subscription","params":{"subscription":"0xbed0a0851463e895960a451075a301a9","result":"0xe29249f3bf10f487f7711c90e40735f2d484847ea5ad65e60d479b076fd52d0e"}}
[2m2025-12-10T10:13:05.440849Z[0m [34mDEBUG[0m [2mhyper::proto::h1::conn[0m[2m:[0m incoming body completed
[2m2025-12-10T10:13:05.440856Z[0m [34mDEBUG[0m [2methereum_transaction_pool_monitor::eth_client[0m[2m:[0m 📨 Received pending transaction: 0xe29249f3bf10f487f7711c90e40735f2d484847ea5ad65e60d479b076fd52d0e
[2m2025-12-10T10:13:05.440868Z[0m [34mDEBUG[0m [2mhyper::client::pool[0m[2m:[0m pooling idle connection for ("http", 192.168.0.14:8545)
[2m2025-12-10T10:13:05.440884Z[0m [34mDEBUG[0m [2mhyper::client::pool[0m[2m:[0m reuse idle connection for ("http", 192.168.0.14:8545)
[2m2025-12-10T10:13:05.440902Z[0m [34mDEBUG[0m [2mhyper::proto::h1::io[0m[2m:[0m flushed 172 bytes
[2m2025-12-10T10:13:05.446745Z[0m [34mDEBUG[0m [2mhyper::proto::h1::io[0m[2m:[0m parsed 4 headers
[2m2025-12-10T10:13:05.446766Z[0m [34mDEBUG[0m [2mhyper::proto::h1::conn[0m[2m:[0m incoming body is content-length (45 bytes)
[2m2025-12-10T10:13:05.446789Z[0m [34mDEBUG[0m [2mhyper::proto::h1::conn[0m[2m:[0m incoming body completed
[2m2025-12-10T10:13:05.446806Z[0m [34mDEBUG[0m [2mhyper::client::pool[0m[2m:[0m pooling idle connection for ("http", 192.168.0.14:8545)
[2m2025-12-10T10:13:05.446831Z[0m [34mDEBUG[0m [2mhyper::proto::h1::io[0m[2m:[0m parsed 4 headers
[2m2025-12-10T10:13:05.446836Z[0m [34mDEBUG[0m [2mhyper::proto::h1::conn[0m[2m:[0m incoming body is content-length (639 bytes)
[2m2025-12-10T10:13:05.446840Z[0m [34mDEBUG[0m [2mhyper::proto::h1::conn[0m[2m:[0m incoming body completed
[2m2025-12-10T10:13:05.446846Z[0m [34mDEBUG[0m [2mhyper::client::pool[0m[2m:[0m pooling idle connection for ("http", 192.168.0.14:8545)
[2m2025-12-10T10:13:05.446850Z[0m [34mDEBUG[0m [2methereum_transaction_pool_monitor::eth_client[0m[2m:[0m 📡 Transaction fetch RPC completed in 6.113875ms
[2m2025-12-10T10:13:05.518573Z[0m [34mDEBUG[0m [2methereum_transaction_pool_monitor::eth_client[0m[2m:[0m ✅ Transaction 0x39028eed927b682ebb3af48f729464faa23dcbc8fd64a48df0abe3e887e0a741 fetched and parsed in 77.834458ms
[2m2025-12-10T10:13:05.518603Z[0m [34mDEBUG[0m [2methereum_transaction_pool_monitor::mempool_monitor[0m[2m:[0m 🔍 Skipping tx 0x39028eed927b682ebb3af48f729464faa23dcbc8fd64a48df0abe3e887e0a741 - not a DEX interaction (target: 0x84089E61011828cD4553ADcfDf78b5e82FB0ee8f)
[2m2025-12-10T10:13:05.518614Z[0m [34mDEBUG[0m [2methereum_transaction_pool_monitor::mempool_monitor[0m[2m:[0m 📨 Processing new pending transaction: 0xeb7b887d4b16af9a20ee0c39600a9537e1615691ea6d1e852ae593febf4abb7c
[2m2025-12-10T10:13:05.518621Z[0m [34mDEBUG[0m [2methereum_transaction_pool_monitor::mempool_monitor[0m[2m:[0m 🔍 Fetching transaction details for: 0xeb7b887d4b16af9a20ee0c39600a9537e1615691ea6d1e852ae593febf4abb7c
[2m2025-12-10T10:13:05.518627Z[0m [34mDEBUG[0m [2methereum_transaction_pool_monitor::eth_client[0m[2m:[0m 🔍 Fetching transaction details for hash: 0xeb7b887d4b16af9a20ee0c39600a9537e1615691ea6d1e852ae593febf4abb7c
[2m2025-12-10T10:13:05.518649Z[0m [34mDEBUG[0m [2mhyper::client::pool[0m[2m:[0m reuse idle connection for ("http", 192.168.0.14:8545)
[2m2025-12-10T10:13:05.518692Z[0m [34mDEBUG[0m [2mhyper::proto::h1::io[0m[2m:[0m flushed 250 bytes
[2m2025-12-10T10:13:05.518985Z[0m [34mDEBUG[0m [2mhyper::client::pool[0m[2m:[0m reuse idle connection for ("http", 192.168.0.14:8545)
[2m2025-12-10T10:13:05.518995Z[0m [34mDEBUG[0m [2methereum_transaction_pool_monitor::eth_client[0m[2m:[0m 📨 Received WebSocket message: {"jsonrpc":"2.0","method":"eth_subscription","params":{"subscription":"0xbed0a0851463e895960a451075a301a9","result":"0xcc1b880ed29f3bbbedb92a5f62447a6824472c0e1a7f98ab328587ffd129eb6b"}}
[2m2025-12-10T10:13:05.519002Z[0m [34mDEBUG[0m [2mhyper::proto::h1::io[0m[2m:[0m flushed 172 bytes
[2m2025-12-10T10:13:05.519005Z[0m [34mDEBUG[0m [2methereum_transaction_pool_monitor::eth_client[0m[2m:[0m 📨 Received pending transaction: 0xcc1b880ed29f3bbbedb92a5f62447a6824472c0e1a7f98ab328587ffd129eb6b
[2m2025-12-10T10:13:05.526384Z[0m [34mDEBUG[0m [2mhyper::proto::h1::io[0m[2m:[0m parsed 4 headers
[2m2025-12-10T10:13:05.526390Z[0m [34mDEBUG[0m [2mhyper::proto::h1::conn[0m[2m:[0m incoming body is content-length (645 bytes)
[2m2025-12-10T10:13:05.526398Z[0m [34mDEBUG[0m [2mhyper::proto::h1::conn[0m[2m:[0m incoming body completed
[2m2025-12-10T10:13:05.526408Z[0m [34mDEBUG[0m [2mhyper::client::pool[0m[2m:[0m pooling idle connection for ("http", 192.168.0.14:8545)
[2m2025-12-10T10:13:05.526414Z[0m [34mDEBUG[0m [2methereum_transaction_pool_monitor::eth_client[0m[2m:[0m 📡 Transaction fetch RPC completed in 7.78ms
[2m2025-12-10T10:13:05.596838Z[0m [34mDEBUG[0m [2methereum_transaction_pool_monitor::eth_client[0m[2m:[0m ✅ Transaction 0xeb7b887d4b16af9a20ee0c39600a9537e1615691ea6d1e852ae593febf4abb7c fetched and parsed in 78.202ms
[2m2025-12-10T10:13:05.596865Z[0m [34mDEBUG[0m [2methereum_transaction_pool_monitor::mempool_monitor[0m[2m:[0m 🔍 Skipping tx 0xeb7b887d4b16af9a20ee0c39600a9537e1615691ea6d1e852ae593febf4abb7c - not a DEX interaction (target: 0xC819b0508Ba27374763FFc2c7cb49839F56CC6cf)
[2m2025-12-10T10:13:05.596882Z[0m [34mDEBUG[0m [2methereum_transaction_pool_monitor::mempool_monitor[0m[2m:[0m 📨 Processing new pending transaction: 0x3953ef0319750c9674fdb6b4c46c536dbfecee916ab2909e5370534ccd681864
[2m2025-12-10T10:13:05.596891Z[0m [34mDEBUG[0m [2methereum_transaction_pool_monitor::mempool_monitor[0m[2m:[0m 🔍 Fetching transaction details for: 0x3953ef0319750c9674fdb6b4c46c536dbfecee916ab2909e5370534ccd681864
[2m2025-12-10T10:13:05.596899Z[0m [34mDEBUG[0m [2methereum_transaction_pool_monitor::eth_client[0m[2m:[0m 🔍 Fetching transaction details for hash: 0x3953ef0319750c9674fdb6b4c46c536dbfecee916ab2909e5370534ccd681864
[2m2025-12-10T10:13:05.596919Z[0m [34mDEBUG[0m [2mhyper::client::pool[0m[2m:[0m reuse idle connection for ("http", 192.168.0.14:8545)
[2m2025-12-10T10:13:05.596952Z[0m [34mDEBUG[0m [2mhyper::proto::h1::io[0m[2m:[0m flushed 250 bytes
[2m2025-12-10T10:13:05.596981Z[0m [34mDEBUG[0m [2methereum_transaction_pool_monitor::eth_client[0m[2m:[0m 📨 Received WebSocket message: {"jsonrpc":"2.0","method":"eth_subscription","params":{"subscription":"0xbed0a0851463e895960a451075a301a9","result":"0x070772a0a3d66b5d4d8d626805ca30fddd743d0972a1b6b9e4eade3ba66c6c51"}}
[2m2025-12-10T10:13:05.597000Z[0m [34mDEBUG[0m [2methereum_transaction_pool_monitor::eth_client[0m[2m:[0m 📨 Received pending transaction: 0x070772a0a3d66b5d4d8d626805ca30fddd743d0972a1b6b9e4eade3ba66c6c51
[2m2025-12-10T10:13:05.596983Z[0m [34mDEBUG[0m [2mhyper::proto::h1::io[0m[2m:[0m parsed 4 headers
[2m2025-12-10T10:13:05.597039Z[0m [34mDEBUG[0m [2mhyper::proto::h1::conn[0m[2m:[0m incoming body is content-length (45 bytes)
[2m2025-12-10T10:13:05.597051Z[0m [34mDEBUG[0m [2mhyper::proto::h1::conn[0m[2m:[0m incoming body completed
[2m2025-12-10T10:13:05.597061Z[0m [34mDEBUG[0m [2mhyper::client::pool[0m[2m:[0m pooling idle connection for ("http", 192.168.0.14:8545)
[2m2025-12-10T10:13:05.598365Z[0m [34mDEBUG[0m [2mhyper::client::pool[0m[2m:[0m reuse idle connection for ("http", 192.168.0.14:8545)
[2m2025-12-10T10:13:05.598425Z[0m [34mDEBUG[0m [2mhyper::proto::h1::io[0m[2m:[0m flushed 172 bytes
[2m2025-12-10T10:13:05.604321Z[0m [34mDEBUG[0m [2mhyper::proto::h1::io[0m[2m:[0m parsed 4 headers
[2m2025-12-10T10:13:05.604328Z[0m [34mDEBUG[0m [2mhyper::proto::h1::conn[0m[2m:[0m incoming body is content-length (45 bytes)
[2m2025-12-10T10:13:05.604333Z[0m [34mDEBUG[0m [2mhyper::proto::h1::conn[0m[2m:[0m incoming body completed
[2m2025-12-10T10:13:05.604339Z[0m [34mDEBUG[0m [2mhyper::client::pool[0m[2m:[0m pooling idle connection for ("http", 192.168.0.14:8545)
[2m2025-12-10T10:13:05.606969Z[0m [34mDEBUG[0m [2mhyper::proto::h1::io[0m[2m:[0m parsed 4 headers
[2m2025-12-10T10:13:05.606991Z[0m [34mDEBUG[0m [2mhyper::proto::h1::conn[0m[2m:[0m incoming body is content-length (651 bytes)
[2m2025-12-10T10:13:05.607009Z[0m [34mDEBUG[0m [2mhyper::proto::h1::conn[0m[2m:[0m incoming body completed
[2m2025-12-10T10:13:05.607029Z[0m [34mDEBUG[0m [2mhyper::client::pool[0m[2m:[0m pooling idle connection for ("http", 192.168.0.14:8545)
[2m2025-12-10T10:13:05.607033Z[0m [34mDEBUG[0m [2methereum_transaction_pool_monitor::eth_client[0m[2m:[0m 📡 Transaction fetch RPC completed in 10.127875ms
[2m2025-12-10T10:13:05.675666Z[0m [34mDEBUG[0m [2methereum_transaction_pool_monitor::eth_client[0m[2m:[0m ✅ Transaction 0x3953ef0319750c9674fdb6b4c46c536dbfecee916ab2909e5370534ccd681864 fetched and parsed in 78.758209ms
[2m2025-12-10T10:13:05.675694Z[0m [34mDEBUG[0m [2methereum_transaction_pool_monitor::mempool_monitor[0m[2m:[0m 🔍 Skipping tx 0x3953ef0319750c9674fdb6b4c46c536dbfecee916ab2909e5370534ccd681864 - not a DEX interaction (target: 0xddA34B7b4e6547c29Dc5eBbe07cC5028a000c695)
[2m2025-12-10T10:13:05.675704Z[0m [34mDEBUG[0m [2methereum_transaction_pool_monitor::mempool_monitor[0m[2m:[0m 📨 Processing new pending transaction: 0x224d9e25988fd997ca564d030bd7167d8420499682fcbd809ec6977588ae6591
[2m2025-12-10T10:13:05.675711Z[0m [34mDEBUG[0m [2methereum_transaction_pool_monitor::mempool_monitor[0m[2m:[0m 🔍 Fetching transaction details for: 0x224d9e25988fd997ca564d030bd7167d8420499682fcbd809ec6977588ae6591
[2m2025-12-10T10:13:05.675722Z[0m [34mDEBUG[0m [2methereum_transaction_pool_monitor::eth_client[0m[2m:[0m 🔍 Fetching transaction details for hash: 0x224d9e25988fd997ca564d030bd7167d8420499682fcbd809ec6977588ae6591
[2m2025-12-10T10:13:05.675740Z[0m [34mDEBUG[0m [2mhyper::client::pool[0m[2m:[0m reuse idle connection for ("http", 192.168.0.14:8545)
[2m2025-12-10T10:13:05.675785Z[0m [34mDEBUG[0m [2mhyper::proto::h1::io[0m[2m:[0m flushed 250 bytes
[2m2025-12-10T10:13:05.675806Z[0m [34mDEBUG[0m [2methereum_transaction_pool_monitor::eth_client[0m[2m:[0m 📨 Received WebSocket message: {"jsonrpc":"2.0","method":"eth_subscription","params":{"subscription":"0xbed0a0851463e895960a451075a301a9","result":"0xfb38d7b908b6e2cd32f8db55fedc154f9c5f7df767c8f03b688e65c572a4341a"}}
[2m2025-12-10T10:13:05.675816Z[0m [34mDEBUG[0m [2methereum_transaction_pool_monitor::eth_client[0m[2m:[0m 📨 Received pending transaction: 0xfb38d7b908b6e2cd32f8db55fedc154f9c5f7df767c8f03b688e65c572a4341a
[2m2025-12-10T10:13:05.675822Z[0m [34mDEBUG[0m [2methereum_transaction_pool_monitor::eth_client[0m[2m:[0m 📨 Received WebSocket message: {"jsonrpc":"2.0","method":"eth_subscription","params":{"subscription":"0xbed0a0851463e895960a451075a301a9","result":"0x6cea176c39f50ebd93f888a0c333d2dbbf8b6457499666d456f9aec4ab8a5204"}}
[2m2025-12-10T10:13:05.675829Z[0m [34mDEBUG[0m [2methereum_transaction_pool_monitor::eth_client[0m[2m:[0m 📨 Received pending transaction: 0x6cea176c39f50ebd93f888a0c333d2dbbf8b6457499666d456f9aec4ab8a5204
[2m2025-12-10T10:13:05.680678Z[0m [34mDEBUG[0m [2mhyper::proto::h1::io[0m[2m:[0m parsed 4 headers
[2m2025-12-10T10:13:05.680685Z[0m [34mDEBUG[0m [2mhyper::proto::h1::conn[0m[2m:[0m incoming body is content-length (680 bytes)
[2m2025-12-10T10:13:05.680692Z[0m [34mDEBUG[0m [2mhyper::proto::h1::conn[0m[2m:[0m incoming body completed
[2m2025-12-10T10:13:05.680701Z[0m [34mDEBUG[0m [2mhyper::client::pool[0m[2m:[0m pooling idle connection for ("http", 192.168.0.14:8545)
[2m2025-12-10T10:13:05.680707Z[0m [34mDEBUG[0m [2methereum_transaction_pool_monitor::eth_client[0m[2m:[0m 📡 Transaction fetch RPC completed in 4.97925ms
[2m2025-12-10T10:13:05.680723Z[0m [34mDEBUG[0m [2methereum_transaction_pool_monitor::eth_client[0m[2m:[0m DeFi transaction detected - Address: 0xdac17f958d2ee523a2206206994597c13d831ec7, Type: Stablecoin, Value: 0 ETH, Gas: 1.00 Gwei
[2m2025-12-10T10:13:05.680734Z[0m [34mDEBUG[0m [2methereum_transaction_pool_monitor::eth_client[0m[2m:[0m ✅ Transaction 0x224d9e25988fd997ca564d030bd7167d8420499682fcbd809ec6977588ae6591 fetched and parsed in 5.006541ms
[2m2025-12-10T10:13:05.680740Z[0m [34mDEBUG[0m [2methereum_transaction_pool_monitor::mempool_monitor[0m[2m:[0m 🔍 Skipping tx 0x224d9e25988fd997ca564d030bd7167d8420499682fcbd809ec6977588ae6591 - not a DEX interaction (target: 0xdAC17F958D2ee523a2206206994597C13D831ec7)
[2m2025-12-10T10:13:05.680746Z[0m [34mDEBUG[0m [2methereum_transaction_pool_monitor::mempool_monitor[0m[2m:[0m 📨 Processing new pending transaction: 0xbd47fc11ec024d8c5261ce7e27d07626e3994caf330d393ab6e809ff76edf1de
[2m2025-12-10T10:13:05.680750Z[0m [34mDEBUG[0m [2methereum_transaction_pool_monitor::mempool_monitor[0m[2m:[0m 🔍 Fetching transaction details for: 0xbd47fc11ec024d8c5261ce7e27d07626e3994caf330d393ab6e809ff76edf1de
[2m2025-12-10T10:13:05.680754Z[0m [34mDEBUG[0m [2methereum_transaction_pool_monitor::eth_client[0m[2m:[0m 🔍 Fetching transaction details for hash: 0xbd47fc11ec024d8c5261ce7e27d07626e3994caf330d393ab6e809ff76edf1de
[2m2025-12-10T10:13:05.680763Z[0m [34mDEBUG[0m [2mhyper::client::pool[0m[2m:[0m reuse idle connection for ("http", 192.168.0.14:8545)
[2m2025-12-10T10:13:05.680778Z[0m [34mDEBUG[0m [2mhyper::proto::h1::io[0m[2m:[0m flushed 250 bytes
[2m2025-12-10T10:13:05.692663Z[0m [34mDEBUG[0m [2mhyper::proto::h1::io[0m[2m:[0m parsed 4 headers
[2m2025-12-10T10:13:05.692668Z[0m [34mDEBUG[0m [2mhyper::proto::h1::conn[0m[2m:[0m incoming body is content-length (1151 bytes)
[2m2025-12-10T10:13:05.692673Z[0m [34mDEBUG[0m [2mhyper::proto::h1::conn[0m[2m:[0m incoming body completed
[2m2025-12-10T10:13:05.692678Z[0m [34mDEBUG[0m [2mhyper::client::pool[0m[2m:[0m pooling idle connection for ("http", 192.168.0.14:8545)
[2m2025-12-10T10:13:05.692683Z[0m [34mDEBUG[0m [2methereum_transaction_pool_monitor::eth_client[0m[2m:[0m 📡 Transaction fetch RPC completed in 11.925417ms
[2m2025-12-10T10:13:05.692692Z[0m [34mDEBUG[0m [2methereum_transaction_pool_monitor::eth_client[0m[2m:[0m DeFi transaction detected - Address: 0x7a250d5630b4cf539739df2c5dacb4c659f2488d, Type: DexRouter, Value: 0 ETH, Gas: 0.21 Gwei
[2m2025-12-10T10:13:05.692700Z[0m [34mDEBUG[0m [2methereum_transaction_pool_monitor::eth_client[0m[2m:[0m ✅ Transaction 0xbd47fc11ec024d8c5261ce7e27d07626e3994caf330d393ab6e809ff76edf1de fetched and parsed in 11.942375ms
[2m2025-12-10T10:13:05.692705Z[0m [34mDEBUG[0m [2methereum_transaction_pool_monitor::mempool_monitor[0m[2m:[0m 🔍 Skipping tx 0xbd47fc11ec024d8c5261ce7e27d07626e3994caf330d393ab6e809ff76edf1de - not a DEX interaction (target: 0x7a250d5630B4cF539739dF2C5dAcb4c659F2488D)
[2m2025-12-10T10:13:05.692710Z[0m [34mDEBUG[0m [2methereum_transaction_pool_monitor::mempool_monitor[0m[2m:[0m 📨 Processing new pending transaction: 0xc5dc261ad0b10c41cd908e57b93e93015ae50d6e464669914bd88514fefd0d40
[2m2025-12-10T10:13:05.692714Z[0m [34mDEBUG[0m [2methereum_transaction_pool_monitor::mempool_monitor[0m[2m:[0m 🔍 Fetching transaction details for: 0xc5dc261ad0b10c41cd908e57b93e93015ae50d6e464669914bd88514fefd0d40
[2m2025-12-10T10:13:05.692717Z[0m [34mDEBUG[0m [2methereum_transaction_pool_monitor::eth_client[0m[2m:[0m 🔍 Fetching transaction details for hash: 0xc5dc261ad0b10c41cd908e57b93e93015ae50d6e464669914bd88514fefd0d40
[2m2025-12-10T10:13:05.692725Z[0m [34mDEBUG[0m [2mhyper::client::pool[0m[2m:[0m reuse idle connection for ("http", 192.168.0.14:8545)
[2m2025-12-10T10:13:05.692740Z[0m [34mDEBUG[0m [2mhyper::proto::h1::io[0m[2m:[0m flushed 250 bytes
[2m2025-12-10T10:13:05.699021Z[0m [34mDEBUG[0m [2mhyper::client::pool[0m[2m:[0m reuse idle connection for ("http", 192.168.0.14:8545)
[2m2025-12-10T10:13:05.699044Z[0m [34mDEBUG[0m [2mhyper::proto::h1::io[0m[2m:[0m flushed 172 bytes
[2m2025-12-10T10:13:05.699074Z[0m [34mDEBUG[0m [2mhyper::proto::h1::io[0m[2m:[0m parsed 4 headers
[2m2025-12-10T10:13:05.699080Z[0m [34mDEBUG[0m [2mhyper::proto::h1::conn[0m[2m:[0m incoming body is content-length (679 bytes)
[2m2025-12-10T10:13:05.699086Z[0m [34mDEBUG[0m [2mhyper::proto::h1::conn[0m[2m:[0m incoming body completed
[2m2025-12-10T10:13:05.699094Z[0m [34mDEBUG[0m [2mhyper::client::pool[0m[2m:[0m pooling idle connection for ("http", 192.168.0.14:8545)
[2m2025-12-10T10:13:05.699099Z[0m [34mDEBUG[0m [2methereum_transaction_pool_monitor::eth_client[0m[2m:[0m 📡 Transaction fetch RPC completed in 6.377916ms
[2m2025-12-10T10:13:05.699116Z[0m [34mDEBUG[0m [2methereum_transaction_pool_monitor::eth_client[0m[2m:[0m DeFi transaction detected - Address: 0x514910771af9ca656af840dff83e8264ecf986ca, Type: TokenContract, Value: 0 ETH, Gas: 10.00 Gwei
[2m2025-12-10T10:13:05.699127Z[0m [34mDEBUG[0m [2methereum_transaction_pool_monitor::eth_client[0m[2m:[0m ✅ Transaction 0xc5dc261ad0b10c41cd908e57b93e93015ae50d6e464669914bd88514fefd0d40 fetched and parsed in 6.406ms
[2m2025-12-10T10:13:05.699133Z[0m [34mDEBUG[0m [2methereum_transaction_pool_monitor::mempool_monitor[0m[2m:[0m 🔍 Skipping tx 0xc5dc261ad0b10c41cd908e57b93e93015ae50d6e464669914bd88514fefd0d40 - not a DEX interaction (target: 0x514910771AF9Ca656af840dff83E8264EcF986CA)
[2m2025-12-10T10:13:05.699139Z[0m [34mDEBUG[0m [2methereum_transaction_pool_monitor::mempool_monitor[0m[2m:[0m 📨 Processing new pending transaction: 0xe09141dc196e494965b6e21461c92e465b392b6ce22f61ec4d12dca5378fd74e
[2m2025-12-10T10:13:05.699144Z[0m [34mDEBUG[0m [2methereum_transaction_pool_monitor::mempool_monitor[0m[2m:[0m 🔍 Fetching transaction details for: 0xe09141dc196e494965b6e21461c92e465b392b6ce22f61ec4d12dca5378fd74e
[2m2025-12-10T10:13:05.699148Z[0m [34mDEBUG[0m [2methereum_transaction_pool_monitor::eth_client[0m[2m:[0m 🔍 Fetching transaction details for hash: 0xe09141dc196e494965b6e21461c92e465b392b6ce22f61ec4d12dca5378fd74e
[2m2025-12-10T10:13:05.699156Z[0m [34mDEBUG[0m [2mhyper::client::pool[0m[2m:[0m reuse idle connection for ("http", 192.168.0.14:8545)
[2m2025-12-10T10:13:05.699171Z[0m [34mDEBUG[0m [2mhyper::proto::h1::io[0m[2m:[0m flushed 250 bytes
[2m2025-12-10T10:13:05.724036Z[0m [34mDEBUG[0m [2mhyper::proto::h1::io[0m[2m:[0m parsed 4 headers
[2m2025-12-10T10:13:05.724062Z[0m [34mDEBUG[0m [2mhyper::proto::h1::conn[0m[2m:[0m incoming body is content-length (45 bytes)
[2m2025-12-10T10:13:05.724081Z[0m [34mDEBUG[0m [2mhyper::proto::h1::conn[0m[2m:[0m incoming body completed
[2m2025-12-10T10:13:05.724089Z[0m [34mDEBUG[0m [2mhyper::client::pool[0m[2m:[0m pooling idle connection for ("http", 192.168.0.14:8545)
[2m2025-12-10T10:13:05.729952Z[0m [34mDEBUG[0m [2mhyper::proto::h1::io[0m[2m:[0m parsed 4 headers
[2m2025-12-10T10:13:05.729977Z[0m [34mDEBUG[0m [2mhyper::proto::h1::conn[0m[2m:[0m incoming body is content-length (651 bytes)
[2m2025-12-10T10:13:05.729984Z[0m [34mDEBUG[0m [2mhyper::proto::h1::conn[0m[2m:[0m incoming body completed
[2m2025-12-10T10:13:05.729995Z[0m [34mDEBUG[0m [2mhyper::client::pool[0m[2m:[0m pooling idle connection for ("http", 192.168.0.14:8545)
[2m2025-12-10T10:13:05.730015Z[0m [34mDEBUG[0m [2methereum_transaction_pool_monitor::eth_client[0m[2m:[0m 📡 Transaction fetch RPC completed in 30.863125ms
[2m2025-12-10T10:13:05.803517Z[0m [34mDEBUG[0m [2methereum_transaction_pool_monitor::eth_client[0m[2m:[0m ✅ Transaction 0xe09141dc196e494965b6e21461c92e465b392b6ce22f61ec4d12dca5378fd74e fetched and parsed in 104.362875ms
[2m2025-12-10T10:13:05.805299Z[0m [34mDEBUG[0m [2methereum_transaction_pool_monitor::mempool_monitor[0m[2m:[0m 🔍 Skipping tx 0xe09141dc196e494965b6e21461c92e465b392b6ce22f61ec4d12dca5378fd74e - not a DEX interaction (target: 0x3646ea7efE32260E20448B67E02FC34706da6dC1)
[2m2025-12-10T10:13:05.805320Z[0m [34mDEBUG[0m [2methereum_transaction_pool_monitor::mempool_monitor[0m[2m:[0m 📨 Processing new pending transaction: 0x4206a5f5364c3aec64e30cffd9cfc67e0cc0c4f84f6054667bccd6ecd44e8edd
[2m2025-12-10T10:13:05.805330Z[0m [34mDEBUG[0m [2methereum_transaction_pool_monitor::mempool_monitor[0m[2m:[0m 🔍 Fetching transaction details for: 0x4206a5f5364c3aec64e30cffd9cfc67e0cc0c4f84f6054667bccd6ecd44e8edd
[2m2025-12-10T10:13:05.805335Z[0m [34mDEBUG[0m [2methereum_transaction_pool_monitor::eth_client[0m[2m:[0m 🔍 Fetching transaction details for hash: 0x4206a5f5364c3aec64e30cffd9cfc67e0cc0c4f84f6054667bccd6ecd44e8edd
[2m2025-12-10T10:13:05.805363Z[0m [34mDEBUG[0m [2mhyper::client::pool[0m[2m:[0m reuse idle connection for ("http", 192.168.0.14:8545)
[2m2025-12-10T10:13:05.805399Z[0m [34mDEBUG[0m [2mhyper::proto::h1::io[0m[2m:[0m flushed 250 bytes
[2m2025-12-10T10:13:05.805442Z[0m [34mDEBUG[0m [2mhyper::client::pool[0m[2m:[0m reuse idle connection for ("http", 192.168.0.14:8545)
[2m2025-12-10T10:13:05.805461Z[0m [34mDEBUG[0m [2mhyper::proto::h1::io[0m[2m:[0m flushed 172 bytes
[2m2025-12-10T10:13:05.813860Z[0m [34mDEBUG[0m [2mhyper::proto::h1::io[0m[2m:[0m parsed 4 headers
[2m2025-12-10T10:13:05.813882Z[0m [34mDEBUG[0m [2mhyper::proto::h1::conn[0m[2m:[0m incoming body is content-length (699 bytes)
[2m2025-12-10T10:13:05.813916Z[0m [34mDEBUG[0m [2mhyper::proto::h1::conn[0m[2m:[0m incoming body completed
[2m2025-12-10T10:13:05.813941Z[0m [34mDEBUG[0m [2mhyper::client::pool[0m[2m:[0m pooling idle connection for ("http", 192.168.0.14:8545)
[2m2025-12-10T10:13:05.813949Z[0m [34mDEBUG[0m [2methereum_transaction_pool_monitor::eth_client[0m[2m:[0m 📡 Transaction fetch RPC completed in 8.605875ms
[2m2025-12-10T10:13:05.885430Z[0m [34mDEBUG[0m [2methereum_transaction_pool_monitor::eth_client[0m[2m:[0m ✅ Transaction 0x4206a5f5364c3aec64e30cffd9cfc67e0cc0c4f84f6054667bccd6ecd44e8edd fetched and parsed in 80.083708ms
[2m2025-12-10T10:13:05.885457Z[0m [34mDEBUG[0m [2methereum_transaction_pool_monitor::mempool_monitor[0m[2m:[0m 🔍 Skipping tx 0x4206a5f5364c3aec64e30cffd9cfc67e0cc0c4f84f6054667bccd6ecd44e8edd - not a DEX interaction (target: 0x66B0fA76A0F54A04Ffb7Bf1bEd1e1B009AF9C908)
[2m2025-12-10T10:13:05.885467Z[0m [34mDEBUG[0m [2methereum_transaction_pool_monitor::mempool_monitor[0m[2m:[0m 📨 Processing new pending transaction: 0x6457bae2d3a81a8c4d94da46e8b3722a5cbc5d472de21348b85ecc4a0b778472
[2m2025-12-10T10:13:05.885475Z[0m [34mDEBUG[0m [2methereum_transaction_pool_monitor::mempool_monitor[0m[2m:[0m 🔍 Fetching transaction details for: 0x6457bae2d3a81a8c4d94da46e8b3722a5cbc5d472de21348b85ecc4a0b778472
[2m2025-12-10T10:13:05.885482Z[0m [34mDEBUG[0m [2methereum_transaction_pool_monitor::eth_client[0m[2m:[0m 🔍 Fetching transaction details for hash: 0x6457bae2d3a81a8c4d94da46e8b3722a5cbc5d472de21348b85ecc4a0b778472
[2m2025-12-10T10:13:05.885501Z[0m [34mDEBUG[0m [2mhyper::client::pool[0m[2m:[0m reuse idle connection for ("http", 192.168.0.14:8545)
[2m2025-12-10T10:13:05.885550Z[0m [34mDEBUG[0m [2mhyper::proto::h1::io[0m[2m:[0m flushed 250 bytes
[2m2025-12-10T10:13:05.885573Z[0m [34mDEBUG[0m [2methereum_transaction_pool_monitor::eth_client[0m[2m:[0m 📨 Received WebSocket message: {"jsonrpc":"2.0","method":"eth_subscription","params":{"subscription":"0xbed0a0851463e895960a451075a301a9","result":"0x8a6138a98cb5ef1f68e91a24f101b132a826531bdeb54576471a2b47a4349fa4"}}
[2m2025-12-10T10:13:05.885576Z[0m [34mDEBUG[0m [2mhyper::proto::h1::io[0m[2m:[0m parsed 4 headers
[2m2025-12-10T10:13:05.885582Z[0m [34mDEBUG[0m [2methereum_transaction_pool_monitor::eth_client[0m[2m:[0m 📨 Received pending transaction: 0x8a6138a98cb5ef1f68e91a24f101b132a826531bdeb54576471a2b47a4349fa4
[2m2025-12-10T10:13:05.885586Z[0m [34mDEBUG[0m [2mhyper::proto::h1::conn[0m[2m:[0m incoming body is content-length (45 bytes)
[2m2025-12-10T10:13:05.885591Z[0m [34mDEBUG[0m [2methereum_transaction_pool_monitor::eth_client[0m[2m:[0m 📨 Received WebSocket message: {"jsonrpc":"2.0","method":"eth_subscription","params":{"subscription":"0xbed0a0851463e895960a451075a301a9","result":"0xc01a46d01ace735ad2f7ba65df379c04329a7366b19d086b70c19324a0ff47fd"}}
[2m2025-12-10T10:13:05.885597Z[0m [34mDEBUG[0m [2mhyper::proto::h1::conn[0m[2m:[0m incoming body completed
[2m2025-12-10T10:13:05.885598Z[0m [34mDEBUG[0m [2methereum_transaction_pool_monitor::eth_client[0m[2m:[0m 📨 Received pending transaction: 0xc01a46d01ace735ad2f7ba65df379c04329a7366b19d086b70c19324a0ff47fd
[2m2025-12-10T10:13:05.885609Z[0m [34mDEBUG[0m [2mhyper::client::pool[0m[2m:[0m pooling idle connection for ("http", 192.168.0.14:8545)
[2m2025-12-10T10:13:05.892589Z[0m [34mDEBUG[0m [2mhyper::proto::h1::io[0m[2m:[0m parsed 4 headers
[2m2025-12-10T10:13:05.892599Z[0m [34mDEBUG[0m [2mhyper::proto::h1::conn[0m[2m:[0m incoming body is content-length (652 bytes)
[2m2025-12-10T10:13:05.892608Z[0m [34mDEBUG[0m [2mhyper::proto::h1::conn[0m[2m:[0m incoming body completed
[2m2025-12-10T10:13:05.892624Z[0m [34mDEBUG[0m [2mhyper::client::pool[0m[2m:[0m pooling idle connection for ("http", 192.168.0.14:8545)
[2m2025-12-10T10:13:05.892633Z[0m [34mDEBUG[0m [2methereum_transaction_pool_monitor::eth_client[0m[2m:[0m 📡 Transaction fetch RPC completed in 7.147166ms
[2m2025-12-10T10:13:05.963543Z[0m [34mDEBUG[0m [2methereum_transaction_pool_monitor::eth_client[0m[2m:[0m ✅ Transaction 0x6457bae2d3a81a8c4d94da46e8b3722a5cbc5d472de21348b85ecc4a0b778472 fetched and parsed in 78.053791ms
[2m2025-12-10T10:13:05.963566Z[0m [34mDEBUG[0m [2methereum_transaction_pool_monitor::mempool_monitor[0m[2m:[0m 🔍 Skipping tx 0x6457bae2d3a81a8c4d94da46e8b3722a5cbc5d472de21348b85ecc4a0b778472 - not a DEX interaction (target: 0x28C6c06298d514Db089934071355E5743bf21d60)
[2m2025-12-10T10:13:05.963576Z[0m [34mDEBUG[0m [2methereum_transaction_pool_monitor::mempool_monitor[0m[2m:[0m 📨 Processing new pending transaction: 0x81c42dbfc4c1a72460bfadaef79095d5e002bf4c68d1943d30c592cb9c9f1028
[2m2025-12-10T10:13:05.963581Z[0m [34mDEBUG[0m [2methereum_transaction_pool_monitor::mempool_monitor[0m[2m:[0m 🔍 Fetching transaction details for: 0x81c42dbfc4c1a72460bfadaef79095d5e002bf4c68d1943d30c592cb9c9f1028
[2m2025-12-10T10:13:05.963587Z[0m [34mDEBUG[0m [2methereum_transaction_pool_monitor::eth_client[0m[2m:[0m 🔍 Fetching transaction details for hash: 0x81c42dbfc4c1a72460bfadaef79095d5e002bf4c68d1943d30c592cb9c9f1028
[2m2025-12-10T10:13:05.963607Z[0m [34mDEBUG[0m [2mhyper::client::pool[0m[2m:[0m reuse idle connection for ("http", 192.168.0.14:8545)
[2m2025-12-10T10:13:05.963637Z[0m [34mDEBUG[0m [2mhyper::proto::h1::io[0m[2m:[0m flushed 250 bytes
[2m2025-12-10T10:13:05.963656Z[0m [34mDEBUG[0m [2mhyper::client::pool[0m[2m:[0m reuse idle connection for ("http", 192.168.0.14:8545)
[2m2025-12-10T10:13:05.963671Z[0m [34mDEBUG[0m [2mhyper::proto::h1::io[0m[2m:[0m flushed 172 bytes
[2m2025-12-10T10:13:05.963703Z[0m [34mDEBUG[0m [2methereum_transaction_pool_monitor::eth_client[0m[2m:[0m 📨 Received WebSocket message: {"jsonrpc":"2.0","method":"eth_subscription","params":{"subscription":"0xbed0a0851463e895960a451075a301a9","result":"0x934f01de56ae1b703bfc1329ff5ce041f97965b71589e403132a0fc038541fb4"}}
[2m2025-12-10T10:13:05.963714Z[0m [34mDEBUG[0m [2methereum_transaction_pool_monitor::eth_client[0m[2m:[0m 📨 Received pending transaction: 0x934f01de56ae1b703bfc1329ff5ce041f97965b71589e403132a0fc038541fb4
[2m2025-12-10T10:13:05.979178Z[0m [34mDEBUG[0m [2mhyper::proto::h1::io[0m[2m:[0m parsed 4 headers
[2m2025-12-10T10:13:05.979195Z[0m [34mDEBUG[0m [2mhyper::proto::h1::conn[0m[2m:[0m incoming body is content-length (681 bytes)
[2m2025-12-10T10:13:05.979203Z[0m [34mDEBUG[0m [2mhyper::proto::h1::conn[0m[2m:[0m incoming body completed
[2m2025-12-10T10:13:05.979213Z[0m [34mDEBUG[0m [2mhyper::client::pool[0m[2m:[0m pooling idle connection for ("http", 192.168.0.14:8545)
[2m2025-12-10T10:13:05.979221Z[0m [34mDEBUG[0m [2methereum_transaction_pool_monitor::eth_client[0m[2m:[0m 📡 Transaction fetch RPC completed in 15.629041ms
[2m2025-12-10T10:13:06.049289Z[0m [34mDEBUG[0m [2methereum_transaction_pool_monitor::eth_client[0m[2m:[0m ✅ Transaction 0x81c42dbfc4c1a72460bfadaef79095d5e002bf4c68d1943d30c592cb9c9f1028 fetched and parsed in 85.694291ms
[2m2025-12-10T10:13:06.050484Z[0m [34mDEBUG[0m [2methereum_transaction_pool_monitor::mempool_monitor[0m[2m:[0m 🔍 Skipping tx 0x81c42dbfc4c1a72460bfadaef79095d5e002bf4c68d1943d30c592cb9c9f1028 - not a DEX interaction (target: 0x26E550AC11B26f78A04489d5F20f24E3559f7Dd9)
[2m2025-12-10T10:13:06.050499Z[0m [34mDEBUG[0m [2methereum_transaction_pool_monitor::mempool_monitor[0m[2m:[0m 📨 Processing new pending transaction: 0x06eeab10b9d84a969a4977943f67025ab10d86f519ffa1732088252934082adc
[2m2025-12-10T10:13:06.050509Z[0m [34mDEBUG[0m [2methereum_transaction_pool_monitor::mempool_monitor[0m[2m:[0m 🔍 Fetching transaction details for: 0x06eeab10b9d84a969a4977943f67025ab10d86f519ffa1732088252934082adc
[2m2025-12-10T10:13:06.050517Z[0m [34mDEBUG[0m [2methereum_transaction_pool_monitor::eth_client[0m[2m:[0m 🔍 Fetching transaction details for hash: 0x06eeab10b9d84a969a4977943f67025ab10d86f519ffa1732088252934082adc
[2m2025-12-10T10:13:06.050543Z[0m [34mDEBUG[0m [2mhyper::client::pool[0m[2m:[0m reuse idle connection for ("http", 192.168.0.14:8545)
[2m2025-12-10T10:13:06.050591Z[0m [34mDEBUG[0m [2mhyper::proto::h1::io[0m[2m:[0m flushed 250 bytes
[2m2025-12-10T10:13:06.050620Z[0m [34mDEBUG[0m [2methereum_transaction_pool_monitor::eth_client[0m[2m:[0m 📨 Received WebSocket message: {"jsonrpc":"2.0","method":"eth_subscription","params":{"subscription":"0xbed0a0851463e895960a451075a301a9","result":"0x8330c984584dd9d5ef365093be5c11f71fc16a6db10e4c04bd02a1c7ab38df36"}}
[2m2025-12-10T10:13:06.050629Z[0m [34mDEBUG[0m [2methereum_transaction_pool_monitor::eth_client[0m[2m:[0m 📨 Received pending transaction: 0x8330c984584dd9d5ef365093be5c11f71fc16a6db10e4c04bd02a1c7ab38df36
[2m2025-12-10T10:13:06.050635Z[0m [34mDEBUG[0m [2methereum_transaction_pool_monitor::eth_client[0m[2m:[0m 📨 Received WebSocket message: {"jsonrpc":"2.0","method":"eth_subscription","params":{"subscription":"0xbed0a0851463e895960a451075a301a9","result":"0xaefc33a5f84c73a3970285eea36d9bcf73e2cfe933b71379e70e076e1bdd9baf"}}
[2m2025-12-10T10:13:06.050635Z[0m [34mDEBUG[0m [2mhyper::proto::h1::io[0m[2m:[0m parsed 4 headers
[2m2025-12-10T10:13:06.050640Z[0m [34mDEBUG[0m [2methereum_transaction_pool_monitor::eth_client[0m[2m:[0m 📨 Received pending transaction: 0xaefc33a5f84c73a3970285eea36d9bcf73e2cfe933b71379e70e076e1bdd9baf
[2m2025-12-10T10:13:06.050677Z[0m [34mDEBUG[0m [2mhyper::proto::h1::conn[0m[2m:[0m incoming body is content-length (45 bytes)
[2m2025-12-10T10:13:06.050695Z[0m [34mDEBUG[0m [2methereum_transaction_pool_monitor::eth_client[0m[2m:[0m 📨 Received WebSocket message: {"jsonrpc":"2.0","method":"eth_subscription","params":{"subscription":"0xbed0a0851463e895960a451075a301a9","result":"0xca16d84fb80c7733eb39d262ef729f738739b33f32537e744daafc74487f1c78"}}
[2m2025-12-10T10:13:06.050711Z[0m [34mDEBUG[0m [2mhyper::proto::h1::conn[0m[2m:[0m incoming body completed
[2m2025-12-10T10:13:06.050720Z[0m [34mDEBUG[0m [2methereum_transaction_pool_monitor::eth_client[0m[2m:[0m 📨 Received pending transaction: 0xca16d84fb80c7733eb39d262ef729f738739b33f32537e744daafc74487f1c78
[2m2025-12-10T10:13:06.050744Z[0m [34mDEBUG[0m [2mhyper::client::pool[0m[2m:[0m pooling idle connection for ("http", 192.168.0.14:8545)
[2m2025-12-10T10:13:06.050773Z[0m [34mDEBUG[0m [2mhyper::client::pool[0m[2m:[0m reuse idle connection for ("http", 192.168.0.14:8545)
[2m2025-12-10T10:13:06.050790Z[0m [34mDEBUG[0m [2mhyper::proto::h1::io[0m[2m:[0m flushed 172 bytes
[2m2025-12-10T10:13:06.054508Z[0m [34mDEBUG[0m [2mhyper::proto::h1::io[0m[2m:[0m parsed 4 headers
[2m2025-12-10T10:13:06.054526Z[0m [34mDEBUG[0m [2mhyper::proto::h1::conn[0m[2m:[0m incoming body is content-length (651 bytes)
[2m2025-12-10T10:13:06.054534Z[0m [34mDEBUG[0m [2mhyper::proto::h1::conn[0m[2m:[0m incoming body completed
[2m2025-12-10T10:13:06.054544Z[0m [34mDEBUG[0m [2mhyper::client::pool[0m[2m:[0m pooling idle connection for ("http", 192.168.0.14:8545)
[2m2025-12-10T10:13:06.054550Z[0m [34mDEBUG[0m [2methereum_transaction_pool_monitor::eth_client[0m[2m:[0m 📡 Transaction fetch RPC completed in 4.027208ms
[2m2025-12-10T10:13:06.122935Z[0m [34mDEBUG[0m [2methereum_transaction_pool_monitor::eth_client[0m[2m:[0m ✅ Transaction 0x06eeab10b9d84a969a4977943f67025ab10d86f519ffa1732088252934082adc fetched and parsed in 72.409875ms
[2m2025-12-10T10:13:06.122958Z[0m [34mDEBUG[0m [2methereum_transaction_pool_monitor::mempool_monitor[0m[2m:[0m 🔍 Skipping tx 0x06eeab10b9d84a969a4977943f67025ab10d86f519ffa1732088252934082adc - not a DEX interaction (target: 0x608E0912997945B2d3D05B6c9d278FD155A86343)
[2m2025-12-10T10:13:06.122968Z[0m [34mDEBUG[0m [2methereum_transaction_pool_monitor::mempool_monitor[0m[2m:[0m 📨 Processing new pending transaction: 0x9e26676237e52960dd464f869b42eabde5aad06f253e9af5a6d4c2d7081aa8b5
[2m2025-12-10T10:13:06.122973Z[0m [34mDEBUG[0m [2methereum_transaction_pool_monitor::mempool_monitor[0m[2m:[0m 🔍 Fetching transaction details for: 0x9e26676237e52960dd464f869b42eabde5aad06f253e9af5a6d4c2d7081aa8b5
[2m2025-12-10T10:13:06.122977Z[0m [34mDEBUG[0m [2methereum_transaction_pool_monitor::eth_client[0m[2m:[0m 🔍 Fetching transaction details for hash: 0x9e26676237e52960dd464f869b42eabde5aad06f253e9af5a6d4c2d7081aa8b5
[2m2025-12-10T10:13:06.122997Z[0m [34mDEBUG[0m [2mhyper::client::pool[0m[2m:[0m reuse idle connection for ("http", 192.168.0.14:8545)
[2m2025-12-10T10:13:06.123040Z[0m [34mDEBUG[0m [2mhyper::proto::h1::io[0m[2m:[0m flushed 250 bytes
[2m2025-12-10T10:13:06.123055Z[0m [34mDEBUG[0m [2mhyper::proto::h1::io[0m[2m:[0m parsed 4 headers
[2m2025-12-10T10:13:06.123060Z[0m [34mDEBUG[0m [2mhyper::proto::h1::conn[0m[2m:[0m incoming body is content-length (45 bytes)
[2m2025-12-10T10:13:06.123066Z[0m [34mDEBUG[0m [2mhyper::proto::h1::conn[0m[2m:[0m incoming body completed
[2m2025-12-10T10:13:06.123074Z[0m [34mDEBUG[0m [2mhyper::client::pool[0m[2m:[0m pooling idle connection for ("http", 192.168.0.14:8545)
[2m2025-12-10T10:13:06.123088Z[0m [34mDEBUG[0m [2mhyper::client::pool[0m[2m:[0m reuse idle connection for ("http", 192.168.0.14:8545)
[2m2025-12-10T10:13:06.123106Z[0m [34mDEBUG[0m [2mhyper::proto::h1::io[0m[2m:[0m flushed 172 bytes
[2m2025-12-10T10:13:06.129332Z[0m [34mDEBUG[0m [2mhyper::proto::h1::io[0m[2m:[0m parsed 4 headers
[2m2025-12-10T10:13:06.129332Z[0m [34mDEBUG[0m [2mhyper::proto::h1::io[0m[2m:[0m parsed 4 headers
[2m2025-12-10T10:13:06.129360Z[0m [34mDEBUG[0m [2mhyper::proto::h1::conn[0m[2m:[0m incoming body is content-length (45 bytes)
[2m2025-12-10T10:13:06.129384Z[0m [34mDEBUG[0m [2mhyper::proto::h1::conn[0m[2m:[0m incoming body completed
[2m2025-12-10T10:13:06.129371Z[0m [34mDEBUG[0m [2mhyper::proto::h1::conn[0m[2m:[0m incoming body is content-length (1731 bytes)
[2m2025-12-10T10:13:06.129394Z[0m [34mDEBUG[0m [2mhyper::client::pool[0m[2m:[0m pooling idle connection for ("http", 192.168.0.14:8545)
[2m2025-12-10T10:13:06.129428Z[0m [34mDEBUG[0m [2mhyper::proto::h1::conn[0m[2m:[0m incoming body completed
[2m2025-12-10T10:13:06.129676Z[0m [34mDEBUG[0m [2mhyper::client::pool[0m[2m:[0m pooling idle connection for ("http", 192.168.0.14:8545)
[2m2025-12-10T10:13:06.129684Z[0m [34mDEBUG[0m [2methereum_transaction_pool_monitor::eth_client[0m[2m:[0m 📡 Transaction fetch RPC completed in 6.701875ms
[2m2025-12-10T10:13:06.200493Z[0m [34mDEBUG[0m [2mhyper::client::pool[0m[2m:[0m reuse idle connection for ("http", 192.168.0.14:8545)
[2m2025-12-10T10:13:06.200555Z[0m [34mDEBUG[0m [2mhyper::proto::h1::io[0m[2m:[0m flushed 172 bytes
[2m2025-12-10T10:13:06.200661Z[0m [34mDEBUG[0m [2methereum_transaction_pool_monitor::eth_client[0m[2m:[0m ✅ Transaction 0x9e26676237e52960dd464f869b42eabde5aad06f253e9af5a6d4c2d7081aa8b5 fetched and parsed in 77.6785ms
[2m2025-12-10T10:13:06.200673Z[0m [34mDEBUG[0m [2methereum_transaction_pool_monitor::mempool_monitor[0m[2m:[0m 🔍 Skipping tx 0x9e26676237e52960dd464f869b42eabde5aad06f253e9af5a6d4c2d7081aa8b5 - not a DEX interaction (target: 0x601a2aD6CB5949f0529735254189Ba3194221EDF)
[2m2025-12-10T10:13:06.200684Z[0m [34mDEBUG[0m [2methereum_transaction_pool_monitor::mempool_monitor[0m[2m:[0m 📨 Processing new pending transaction: 0xe29249f3bf10f487f7711c90e40735f2d484847ea5ad65e60d479b076fd52d0e
[2m2025-12-10T10:13:06.200690Z[0m [34mDEBUG[0m [2methereum_transaction_pool_monitor::mempool_monitor[0m[2m:[0m 🔍 Fetching transaction details for: 0xe29249f3bf10f487f7711c90e40735f2d484847ea5ad65e60d479b076fd52d0e
[2m2025-12-10T10:13:06.200696Z[0m [34mDEBUG[0m [2methereum_transaction_pool_monitor::eth_client[0m[2m:[0m 🔍 Fetching transaction details for hash: 0xe29249f3bf10f487f7711c90e40735f2d484847ea5ad65e60d479b076fd52d0e
[2m2025-12-10T10:13:06.200707Z[0m [34mDEBUG[0m [2mhyper::client::pool[0m[2m:[0m reuse idle connection for ("http", 192.168.0.14:8545)
[2m2025-12-10T10:13:06.200725Z[0m [34mDEBUG[0m [2mhyper::proto::h1::io[0m[2m:[0m flushed 250 bytes
[2m2025-12-10T10:13:06.204653Z[0m [34mDEBUG[0m [2mhyper::proto::h1::io[0m[2m:[0m parsed 4 headers
[2m2025-12-10T10:13:06.204678Z[0m [34mDEBUG[0m [2mhyper::proto::h1::conn[0m[2m:[0m incoming body is content-length (45 bytes)
[2m2025-12-10T10:13:06.204714Z[0m [34mDEBUG[0m [2mhyper::proto::h1::conn[0m[2m:[0m incoming body completed
[2m2025-12-10T10:13:06.204722Z[0m [34mDEBUG[0m [2mhyper::client::pool[0m[2m:[0m pooling idle connection for ("http", 192.168.0.14:8545)
[2m2025-12-10T10:13:06.209026Z[0m [34mDEBUG[0m [2mhyper::proto::h1::io[0m[2m:[0m parsed 4 headers
[2m2025-12-10T10:13:06.209038Z[0m [34mDEBUG[0m [2mhyper::proto::h1::conn[0m[2m:[0m incoming body is content-length (678 bytes)
[2m2025-12-10T10:13:06.209044Z[0m [34mDEBUG[0m [2mhyper::proto::h1::conn[0m[2m:[0m incoming body completed
[2m2025-12-10T10:13:06.209052Z[0m [34mDEBUG[0m [2mhyper::client::pool[0m[2m:[0m pooling idle connection for ("http", 192.168.0.14:8545)
[2m2025-12-10T10:13:06.209059Z[0m [34mDEBUG[0m [2methereum_transaction_pool_monitor::eth_client[0m[2m:[0m 📡 Transaction fetch RPC completed in 8.356541ms
[2m2025-12-10T10:13:06.209071Z[0m [34mDEBUG[0m [2methereum_transaction_pool_monitor::eth_client[0m[2m:[0m DeFi transaction detected - Address: 0xdac17f958d2ee523a2206206994597c13d831ec7, Type: Stablecoin, Value: 0 ETH, Gas: 6.17 Gwei
[2m2025-12-10T10:13:06.209084Z[0m [34mDEBUG[0m [2methereum_transaction_pool_monitor::eth_client[0m[2m:[0m ✅ Transaction 0xe29249f3bf10f487f7711c90e40735f2d484847ea5ad65e60d479b076fd52d0e fetched and parsed in 8.381791ms
[2m2025-12-10T10:13:06.209090Z[0m [34mDEBUG[0m [2methereum_transaction_pool_monitor::mempool_monitor[0m[2m:[0m 🔍 Skipping tx 0xe29249f3bf10f487f7711c90e40735f2d484847ea5ad65e60d479b076fd52d0e - not a DEX interaction (target: 0xdAC17F958D2ee523a2206206994597C13D831ec7)
[2m2025-12-10T10:13:06.209096Z[0m [34mDEBUG[0m [2methereum_transaction_pool_monitor::mempool_monitor[0m[2m:[0m 📨 Processing new pending transaction: 0xcc1b880ed29f3bbbedb92a5f62447a6824472c0e1a7f98ab328587ffd129eb6b
[2m2025-12-10T10:13:06.209100Z[0m [34mDEBUG[0m [2methereum_transaction_pool_monitor::mempool_monitor[0m[2m:[0m 🔍 Fetching transaction details for: 0xcc1b880ed29f3bbbedb92a5f62447a6824472c0e1a7f98ab328587ffd129eb6b
[2m2025-12-10T10:13:06.209104Z[0m [34mDEBUG[0m [2methereum_transaction_pool_monitor::eth_client[0m[2m:[0m 🔍 Fetching transaction details for hash: 0xcc1b880ed29f3bbbedb92a5f62447a6824472c0e1a7f98ab328587ffd129eb6b
[2m2025-12-10T10:13:06.209117Z[0m [34mDEBUG[0m [2mhyper::client::pool[0m[2m:[0m reuse idle connection for ("http", 192.168.0.14:8545)
[2m2025-12-10T10:13:06.209144Z[0m [34mDEBUG[0m [2mhyper::proto::h1::io[0m[2m:[0m flushed 250 bytes
[2m2025-12-10T10:13:06.212974Z[0m [34mDEBUG[0m [2mhyper::proto::h1::io[0m[2m:[0m parsed 4 headers
[2m2025-12-10T10:13:06.212982Z[0m [34mDEBUG[0m [2mhyper::proto::h1::conn[0m[2m:[0m incoming body is content-length (772 bytes)
[2m2025-12-10T10:13:06.212989Z[0m [34mDEBUG[0m [2mhyper::proto::h1::conn[0m[2m:[0m incoming body completed
[2m2025-12-10T10:13:06.212996Z[0m [34mDEBUG[0m [2mhyper::client::pool[0m[2m:[0m pooling idle connection for ("http", 192.168.0.14:8545)
[2m2025-12-10T10:13:06.213002Z[0m [34mDEBUG[0m [2methereum_transaction_pool_monitor::eth_client[0m[2m:[0m 📡 Transaction fetch RPC completed in 3.893666ms
[2m2025-12-10T10:13:06.213013Z[0m [34mDEBUG[0m [2methereum_transaction_pool_monitor::eth_client[0m[2m:[0m DeFi transaction detected - Address: 0xdac17f958d2ee523a2206206994597c13d831ec7, Type: Stablecoin, Value: 0 ETH, Gas: 0.34 Gwei
[2m2025-12-10T10:13:06.213023Z[0m [34mDEBUG[0m [2methereum_transaction_pool_monitor::eth_client[0m[2m:[0m ✅ Transaction 0xcc1b880ed29f3bbbedb92a5f62447a6824472c0e1a7f98ab328587ffd129eb6b fetched and parsed in 3.915041ms
[2m2025-12-10T10:13:06.213029Z[0m [34mDEBUG[0m [2methereum_transaction_pool_monitor::mempool_monitor[0m[2m:[0m 🔍 Skipping tx 0xcc1b880ed29f3bbbedb92a5f62447a6824472c0e1a7f98ab328587ffd129eb6b - not a DEX interaction (target: 0xdAC17F958D2ee523a2206206994597C13D831ec7)
[2m2025-12-10T10:13:06.213035Z[0m [34mDEBUG[0m [2methereum_transaction_pool_monitor::mempool_monitor[0m[2m:[0m 📨 Processing new pending transaction: 0x070772a0a3d66b5d4d8d626805ca30fddd743d0972a1b6b9e4eade3ba66c6c51
[2m2025-12-10T10:13:06.213039Z[0m [34mDEBUG[0m [2methereum_transaction_pool_monitor::mempool_monitor[0m[2m:[0m 🔍 Fetching transaction details for: 0x070772a0a3d66b5d4d8d626805ca30fddd743d0972a1b6b9e4eade3ba66c6c51
[2m2025-12-10T10:13:06.213043Z[0m [34mDEBUG[0m [2methereum_transaction_pool_monitor::eth_client[0m[2m:[0m 🔍 Fetching transaction details for hash: 0x070772a0a3d66b5d4d8d626805ca30fddd743d0972a1b6b9e4eade3ba66c6c51
[2m2025-12-10T10:13:06.213053Z[0m [34mDEBUG[0m [2mhyper::client::pool[0m[2m:[0m reuse idle connection for ("http", 192.168.0.14:8545)
[2m2025-12-10T10:13:06.213069Z[0m [34mDEBUG[0m [2mhyper::proto::h1::io[0m[2m:[0m flushed 250 bytes
[2m2025-12-10T10:13:06.218427Z[0m [34mDEBUG[0m [2mhyper::proto::h1::io[0m[2m:[0m parsed 4 headers
[2m2025-12-10T10:13:06.218437Z[0m [34mDEBUG[0m [2mhyper::proto::h1::conn[0m[2m:[0m incoming body is content-length (765 bytes)
[2m2025-12-10T10:13:06.218444Z[0m [34mDEBUG[0m [2mhyper::proto::h1::conn[0m[2m:[0m incoming body completed
[2m2025-12-10T10:13:06.218452Z[0m [34mDEBUG[0m [2mhyper::client::pool[0m[2m:[0m pooling idle connection for ("http", 192.168.0.14:8545)
[2m2025-12-10T10:13:06.218458Z[0m [34mDEBUG[0m [2methereum_transaction_pool_monitor::eth_client[0m[2m:[0m 📡 Transaction fetch RPC completed in 5.411583ms
[2m2025-12-10T10:13:06.218469Z[0m [34mDEBUG[0m [2methereum_transaction_pool_monitor::eth_client[0m[2m:[0m DeFi transaction detected - Address: 0xdac17f958d2ee523a2206206994597c13d831ec7, Type: Stablecoin, Value: 0 ETH, Gas: 0.25 Gwei
[2m2025-12-10T10:13:06.218478Z[0m [34mDEBUG[0m [2methereum_transaction_pool_monitor::eth_client[0m[2m:[0m ✅ Transaction 0x070772a0a3d66b5d4d8d626805ca30fddd743d0972a1b6b9e4eade3ba66c6c51 fetched and parsed in 5.431416ms
[2m2025-12-10T10:13:06.218483Z[0m [34mDEBUG[0m [2methereum_transaction_pool_monitor::mempool_monitor[0m[2m:[0m 🔍 Skipping tx 0x070772a0a3d66b5d4d8d626805ca30fddd743d0972a1b6b9e4eade3ba66c6c51 - not a DEX interaction (target: 0xdAC17F958D2ee523a2206206994597C13D831ec7)
[2m2025-12-10T10:13:06.218489Z[0m [34mDEBUG[0m [2methereum_transaction_pool_monitor::mempool_monitor[0m[2m:[0m 📨 Processing new pending transaction: 0xfb38d7b908b6e2cd32f8db55fedc154f9c5f7df767c8f03b688e65c572a4341a
[2m2025-12-10T10:13:06.218493Z[0m [34mDEBUG[0m [2methereum_transaction_pool_monitor::mempool_monitor[0m[2m:[0m 🔍 Fetching transaction details for: 0xfb38d7b908b6e2cd32f8db55fedc154f9c5f7df767c8f03b688e65c572a4341a
[2m2025-12-10T10:13:06.218497Z[0m [34mDEBUG[0m [2methereum_transaction_pool_monitor::eth_client[0m[2m:[0m 🔍 Fetching transaction details for hash: 0xfb38d7b908b6e2cd32f8db55fedc154f9c5f7df767c8f03b688e65c572a4341a
[2m2025-12-10T10:13:06.218510Z[0m [34mDEBUG[0m [2mhyper::client::pool[0m[2m:[0m reuse idle connection for ("http", 192.168.0.14:8545)
[2m2025-12-10T10:13:06.218526Z[0m [34mDEBUG[0m [2mhyper::proto::h1::io[0m[2m:[0m flushed 250 bytes
[2m2025-12-10T10:13:06.223275Z[0m [34mDEBUG[0m [2mhyper::proto::h1::io[0m[2m:[0m parsed 4 headers
[2m2025-12-10T10:13:06.223282Z[0m [34mDEBUG[0m [2mhyper::proto::h1::conn[0m[2m:[0m incoming body is content-length (3159 bytes)
[2m2025-12-10T10:13:06.223287Z[0m [34mDEBUG[0m [2mhyper::proto::h1::conn[0m[2m:[0m incoming body completed
[2m2025-12-10T10:13:06.223293Z[0m [34mDEBUG[0m [2mhyper::client::pool[0m[2m:[0m pooling idle connection for ("http", 192.168.0.14:8545)
[2m2025-12-10T10:13:06.223298Z[0m [34mDEBUG[0m [2methereum_transaction_pool_monitor::eth_client[0m[2m:[0m 📡 Transaction fetch RPC completed in 4.797416ms
[2m2025-12-10T10:13:06.295085Z[0m [34mDEBUG[0m [2methereum_transaction_pool_monitor::eth_client[0m[2m:[0m ✅ Transaction 0xfb38d7b908b6e2cd32f8db55fedc154f9c5f7df767c8f03b688e65c572a4341a fetched and parsed in 76.581791ms
[2m2025-12-10T10:13:06.295107Z[0m [34mDEBUG[0m [2methereum_transaction_pool_monitor::mempool_monitor[0m[2m:[0m 🔍 Skipping tx 0xfb38d7b908b6e2cd32f8db55fedc154f9c5f7df767c8f03b688e65c572a4341a - not a DEX interaction (target: 0x66a9893cC07D91D95644AEDD05D03f95e1dBA8Af)
[2m2025-12-10T10:13:06.295117Z[0m [34mDEBUG[0m [2methereum_transaction_pool_monitor::mempool_monitor[0m[2m:[0m 📨 Processing new pending transaction: 0x6cea176c39f50ebd93f888a0c333d2dbbf8b6457499666d456f9aec4ab8a5204
[2m2025-12-10T10:13:06.295123Z[0m [34mDEBUG[0m [2methereum_transaction_pool_monitor::mempool_monitor[0m[2m:[0m 🔍 Fetching transaction details for: 0x6cea176c39f50ebd93f888a0c333d2dbbf8b6457499666d456f9aec4ab8a5204
[2m2025-12-10T10:13:06.295132Z[0m [34mDEBUG[0m [2methereum_transaction_pool_monitor::eth_client[0m[2m:[0m 🔍 Fetching transaction details for hash: 0x6cea176c39f50ebd93f888a0c333d2dbbf8b6457499666d456f9aec4ab8a5204
[2m2025-12-10T10:13:06.295149Z[0m [34mDEBUG[0m [2mhyper::client::pool[0m[2m:[0m reuse idle connection for ("http", 192.168.0.14:8545)
[2m2025-12-10T10:13:06.295183Z[0m [34mDEBUG[0m [2mhyper::proto::h1::io[0m[2m:[0m flushed 250 bytes
[2m2025-12-10T10:13:06.298645Z[0m [34mDEBUG[0m [2mhyper::client::pool[0m[2m:[0m reuse idle connection for ("http", 192.168.0.14:8545)
[2m2025-12-10T10:13:06.298649Z[0m [34mDEBUG[0m [2mhyper::proto::h1::io[0m[2m:[0m parsed 4 headers
[2m2025-12-10T10:13:06.298670Z[0m [34mDEBUG[0m [2mhyper::proto::h1::conn[0m[2m:[0m incoming body is content-length (762 bytes)
[2m2025-12-10T10:13:06.298678Z[0m [34mDEBUG[0m [2mhyper::proto::h1::conn[0m[2m:[0m incoming body completed
[2m2025-12-10T10:13:06.298679Z[0m [34mDEBUG[0m [2mhyper::proto::h1::io[0m[2m:[0m flushed 172 bytes
[2m2025-12-10T10:13:06.298687Z[0m [34mDEBUG[0m [2mhyper::client::pool[0m[2m:[0m pooling idle connection for ("http", 192.168.0.14:8545)
[2m2025-12-10T10:13:06.298695Z[0m [34mDEBUG[0m [2methereum_transaction_pool_monitor::eth_client[0m[2m:[0m 📡 Transaction fetch RPC completed in 3.558375ms
[2m2025-12-10T10:13:06.298707Z[0m [34mDEBUG[0m [2methereum_transaction_pool_monitor::eth_client[0m[2m:[0m DeFi transaction detected - Address: 0xdac17f958d2ee523a2206206994597c13d831ec7, Type: Stablecoin, Value: 0 ETH, Gas: 0.22 Gwei
[2m2025-12-10T10:13:06.298719Z[0m [34mDEBUG[0m [2methereum_transaction_pool_monitor::eth_client[0m[2m:[0m ✅ Transaction 0x6cea176c39f50ebd93f888a0c333d2dbbf8b6457499666d456f9aec4ab8a5204 fetched and parsed in 3.582292ms
[2m2025-12-10T10:13:06.298725Z[0m [34mDEBUG[0m [2methereum_transaction_pool_monitor::mempool_monitor[0m[2m:[0m 🔍 Skipping tx 0x6cea176c39f50ebd93f888a0c333d2dbbf8b6457499666d456f9aec4ab8a5204 - not a DEX interaction (target: 0xdAC17F958D2ee523a2206206994597C13D831ec7)
[2m2025-12-10T10:13:06.298731Z[0m [34mDEBUG[0m [2methereum_transaction_pool_monitor::mempool_monitor[0m[2m:[0m 📨 Processing new pending transaction: 0x8a6138a98cb5ef1f68e91a24f101b132a826531bdeb54576471a2b47a4349fa4
[2m2025-12-10T10:13:06.298735Z[0m [34mDEBUG[0m [2methereum_transaction_pool_monitor::mempool_monitor[0m[2m:[0m 🔍 Fetching transaction details for: 0x8a6138a98cb5ef1f68e91a24f101b132a826531bdeb54576471a2b47a4349fa4
[2m2025-12-10T10:13:06.298739Z[0m [34mDEBUG[0m [2methereum_transaction_pool_monitor::eth_client[0m[2m:[0m 🔍 Fetching transaction details for hash: 0x8a6138a98cb5ef1f68e91a24f101b132a826531bdeb54576471a2b47a4349fa4
[2m2025-12-10T10:13:06.298746Z[0m [34mDEBUG[0m [2mhyper::client::pool[0m[2m:[0m reuse idle connection for ("http", 192.168.0.14:8545)
[2m2025-12-10T10:13:06.298758Z[0m [34mDEBUG[0m [2mhyper::proto::h1::io[0m[2m:[0m flushed 250 bytes
[2m2025-12-10T10:13:06.302765Z[0m [34mDEBUG[0m [2mhyper::proto::h1::io[0m[2m:[0m parsed 4 headers
[2m2025-12-10T10:13:06.302771Z[0m [34mDEBUG[0m [2mhyper::proto::h1::conn[0m[2m:[0m incoming body is content-length (45 bytes)
[2m2025-12-10T10:13:06.302777Z[0m [34mDEBUG[0m [2mhyper::proto::h1::conn[0m[2m:[0m incoming body completed
[2m2025-12-10T10:13:06.302784Z[0m [34mDEBUG[0m [2mhyper::client::pool[0m[2m:[0m pooling idle connection for ("http", 192.168.0.14:8545)
[2m2025-12-10T10:13:06.303921Z[0m [34mDEBUG[0m [2mhyper::proto::h1::io[0m[2m:[0m parsed 4 headers
[2m2025-12-10T10:13:06.303925Z[0m [34mDEBUG[0m [2mhyper::proto::h1::conn[0m[2m:[0m incoming body is content-length (1731 bytes)
[2m2025-12-10T10:13:06.303929Z[0m [34mDEBUG[0m [2mhyper::proto::h1::conn[0m[2m:[0m incoming body completed
[2m2025-12-10T10:13:06.303935Z[0m [34mDEBUG[0m [2mhyper::client::pool[0m[2m:[0m pooling idle connection for ("http", 192.168.0.14:8545)
[2m2025-12-10T10:13:06.303940Z[0m [34mDEBUG[0m [2methereum_transaction_pool_monitor::eth_client[0m[2m:[0m 📡 Transaction fetch RPC completed in 5.197375ms
[2m2025-12-10T10:13:06.376046Z[0m [34mDEBUG[0m [2methereum_transaction_pool_monitor::eth_client[0m[2m:[0m ✅ Transaction 0x8a6138a98cb5ef1f68e91a24f101b132a826531bdeb54576471a2b47a4349fa4 fetched and parsed in 77.3015ms
[2m2025-12-10T10:13:06.376068Z[0m [34mDEBUG[0m [2methereum_transaction_pool_monitor::mempool_monitor[0m[2m:[0m 🔍 Skipping tx 0x8a6138a98cb5ef1f68e91a24f101b132a826531bdeb54576471a2b47a4349fa4 - not a DEX interaction (target: 0x601a2aD6CB5949f0529735254189Ba3194221EDF)
[2m2025-12-10T10:13:06.376078Z[0m [34mDEBUG[0m [2methereum_transaction_pool_monitor::mempool_monitor[0m[2m:[0m 📨 Processing new pending transaction: 0xc01a46d01ace735ad2f7ba65df379c04329a7366b19d086b70c19324a0ff47fd
[2m2025-12-10T10:13:06.376083Z[0m [34mDEBUG[0m [2methereum_transaction_pool_monitor::mempool_monitor[0m[2m:[0m 🔍 Fetching transaction details for: 0xc01a46d01ace735ad2f7ba65df379c04329a7366b19d086b70c19324a0ff47fd
[2m2025-12-10T10:13:06.376131Z[0m [34mDEBUG[0m [2methereum_transaction_pool_monitor::eth_client[0m[2m:[0m 🔍 Fetching transaction details for hash: 0xc01a46d01ace735ad2f7ba65df379c04329a7366b19d086b70c19324a0ff47fd
[2m2025-12-10T10:13:06.376157Z[0m [34mDEBUG[0m [2mhyper::client::pool[0m[2m:[0m reuse idle connection for ("http", 192.168.0.14:8545)
[2m2025-12-10T10:13:06.376219Z[0m [34mDEBUG[0m [2mhyper::proto::h1::io[0m[2m:[0m flushed 250 bytes
[2m2025-12-10T10:13:06.380803Z[0m [34mDEBUG[0m [2mhyper::proto::h1::io[0m[2m:[0m parsed 4 headers
[2m2025-12-10T10:13:06.380817Z[0m [34mDEBUG[0m [2mhyper::proto::h1::conn[0m[2m:[0m incoming body is content-length (828 bytes)
[2m2025-12-10T10:13:06.380826Z[0m [34mDEBUG[0m [2mhyper::proto::h1::conn[0m[2m:[0m incoming body completed
[2m2025-12-10T10:13:06.380836Z[0m [34mDEBUG[0m [2mhyper::client::pool[0m[2m:[0m pooling idle connection for ("http", 192.168.0.14:8545)
[2m2025-12-10T10:13:06.380844Z[0m [34mDEBUG[0m [2methereum_transaction_pool_monitor::eth_client[0m[2m:[0m 📡 Transaction fetch RPC completed in 4.703458ms
[2m2025-12-10T10:13:06.450372Z[0m [34mDEBUG[0m [2methereum_transaction_pool_monitor::eth_client[0m[2m:[0m ✅ Transaction 0xc01a46d01ace735ad2f7ba65df379c04329a7366b19d086b70c19324a0ff47fd fetched and parsed in 74.229291ms
[2m2025-12-10T10:13:06.450402Z[0m [34mDEBUG[0m [2methereum_transaction_pool_monitor::mempool_monitor[0m[2m:[0m 🔍 Skipping tx 0xc01a46d01ace735ad2f7ba65df379c04329a7366b19d086b70c19324a0ff47fd - not a DEX interaction (target: 0xDDaef92FA7888eb8A8a684F72F5e8e9Ee6045490)
[2m2025-12-10T10:13:06.450413Z[0m [34mDEBUG[0m [2methereum_transaction_pool_monitor::mempool_monitor[0m[2m:[0m 📨 Processing new pending transaction: 0x934f01de56ae1b703bfc1329ff5ce041f97965b71589e403132a0fc038541fb4
[2m2025-12-10T10:13:06.450420Z[0m [34mDEBUG[0m [2methereum_transaction_pool_monitor::mempool_monitor[0m[2m:[0m 🔍 Fetching transaction details for: 0x934f01de56ae1b703bfc1329ff5ce041f97965b71589e403132a0fc038541fb4
[2m2025-12-10T10:13:06.450427Z[0m [34mDEBUG[0m [2methereum_transaction_pool_monitor::eth_client[0m[2m:[0m 🔍 Fetching transaction details for hash: 0x934f01de56ae1b703bfc1329ff5ce041f97965b71589e403132a0fc038541fb4
[2m2025-12-10T10:13:06.450446Z[0m [34mDEBUG[0m [2mhyper::client::pool[0m[2m:[0m reuse idle connection for ("http", 192.168.0.14:8545)
[2m2025-12-10T10:13:06.450498Z[0m [34mDEBUG[0m [2mhyper::proto::h1::io[0m[2m:[0m flushed 250 bytes
[2m2025-12-10T10:13:06.450534Z[0m [34mDEBUG[0m [2mhyper::client::pool[0m[2m:[0m reuse idle connection for ("http", 192.168.0.14:8545)
[2m2025-12-10T10:13:06.450557Z[0m [34mDEBUG[0m [2mhyper::proto::h1::io[0m[2m:[0m flushed 172 bytes
[2m2025-12-10T10:13:06.456174Z[0m [34mDEBUG[0m [2mhyper::proto::h1::io[0m[2m:[0m parsed 4 headers
[2m2025-12-10T10:13:06.458548Z[0m [34mDEBUG[0m [2mhyper::proto::h1::conn[0m[2m:[0m incoming body is content-length (45 bytes)
[2m2025-12-10T10:13:06.458570Z[0m [34mDEBUG[0m [2mhyper::proto::h1::conn[0m[2m:[0m incoming body completed
[2m2025-12-10T10:13:06.458587Z[0m [34mDEBUG[0m [2mhyper::client::pool[0m[2m:[0m pooling idle connection for ("http", 192.168.0.14:8545)
[2m2025-12-10T10:13:06.458619Z[0m [34mDEBUG[0m [2mhyper::proto::h1::io[0m[2m:[0m parsed 4 headers
[2m2025-12-10T10:13:06.458629Z[0m [34mDEBUG[0m [2mhyper::proto::h1::conn[0m[2m:[0m incoming body is content-length (830 bytes)
[2m2025-12-10T10:13:06.458638Z[0m [34mDEBUG[0m [2mhyper::proto::h1::conn[0m[2m:[0m incoming body completed
[2m2025-12-10T10:13:06.458648Z[0m [34mDEBUG[0m [2mhyper::client::pool[0m[2m:[0m pooling idle connection for ("http", 192.168.0.14:8545)
[2m2025-12-10T10:13:06.458659Z[0m [34mDEBUG[0m [2methereum_transaction_pool_monitor::eth_client[0m[2m:[0m 📡 Transaction fetch RPC completed in 8.227916ms
[2m2025-12-10T10:13:06.530626Z[0m [34mDEBUG[0m [2methereum_transaction_pool_monitor::eth_client[0m[2m:[0m ✅ Transaction 0x934f01de56ae1b703bfc1329ff5ce041f97965b71589e403132a0fc038541fb4 fetched and parsed in 80.192541ms
[2m2025-12-10T10:13:06.530656Z[0m [34mDEBUG[0m [2methereum_transaction_pool_monitor::mempool_monitor[0m[2m:[0m 🔍 Skipping tx 0x934f01de56ae1b703bfc1329ff5ce041f97965b71589e403132a0fc038541fb4 - not a DEX interaction (target: 0x3B4D794a66304F130a4Db8F2551B0070dfCf5ca7)
[2m2025-12-10T10:13:06.530670Z[0m [34mDEBUG[0m [2methereum_transaction_pool_monitor::mempool_monitor[0m[2m:[0m 📨 Processing new pending transaction: 0x8330c984584dd9d5ef365093be5c11f71fc16a6db10e4c04bd02a1c7ab38df36
[2m2025-12-10T10:13:06.530681Z[0m [34mDEBUG[0m [2methereum_transaction_pool_monitor::mempool_monitor[0m[2m:[0m 🔍 Fetching transaction details for: 0x8330c984584dd9d5ef365093be5c11f71fc16a6db10e4c04bd02a1c7ab38df36
[2m2025-12-10T10:13:06.530691Z[0m [34mDEBUG[0m [2methereum_transaction_pool_monitor::eth_client[0m[2m:[0m 🔍 Fetching transaction details for hash: 0x8330c984584dd9d5ef365093be5c11f71fc16a6db10e4c04bd02a1c7ab38df36
[2m2025-12-10T10:13:06.530715Z[0m [34mDEBUG[0m [2mhyper::client::pool[0m[2m:[0m reuse idle connection for ("http", 192.168.0.14:8545)
[2m2025-12-10T10:13:06.530754Z[0m [34mDEBUG[0m [2mhyper::proto::h1::io[0m[2m:[0m flushed 250 bytes
[2m2025-12-10T10:13:06.530779Z[0m [34mDEBUG[0m [2mhyper::client::pool[0m[2m:[0m reuse idle connection for ("http", 192.168.0.14:8545)
[2m2025-12-10T10:13:06.530793Z[0m [34mDEBUG[0m [2mhyper::proto::h1::io[0m[2m:[0m flushed 172 bytes
[2m2025-12-10T10:13:06.530829Z[0m [34mDEBUG[0m [2methereum_transaction_pool_monitor::eth_client[0m[2m:[0m 📨 Received WebSocket message: {"jsonrpc":"2.0","method":"eth_subscription","params":{"subscription":"0xbed0a0851463e895960a451075a301a9","result":"0xb14daf66976203823c2a031252be857634914f9e02d950c20ab8f1c7161c8f8d"}}
[2m2025-12-10T10:13:06.530838Z[0m [34mDEBUG[0m [2methereum_transaction_pool_monitor::eth_client[0m[2m:[0m 📨 Received pending transaction: 0xb14daf66976203823c2a031252be857634914f9e02d950c20ab8f1c7161c8f8d
[2m2025-12-10T10:13:06.530843Z[0m [34mDEBUG[0m [2methereum_transaction_pool_monitor::eth_client[0m[2m:[0m 📨 Received WebSocket message: {"jsonrpc":"2.0","method":"eth_subscription","params":{"subscription":"0xbed0a0851463e895960a451075a301a9","result":"0x4b95233e1aec01c6864ac293aa8422b6354c3ed8299e1b8ba32b4e49fb9e2d84"}}
[2m2025-12-10T10:13:06.530849Z[0m [34mDEBUG[0m [2methereum_transaction_pool_monitor::eth_client[0m[2m:[0m 📨 Received pending transaction: 0x4b95233e1aec01c6864ac293aa8422b6354c3ed8299e1b8ba32b4e49fb9e2d84
[2m2025-12-10T10:13:06.533816Z[0m [34mDEBUG[0m [2mhyper::proto::h1::io[0m[2m:[0m parsed 4 headers
[2m2025-12-10T10:13:06.533824Z[0m [34mDEBUG[0m [2mhyper::proto::h1::conn[0m[2m:[0m incoming body is content-length (45 bytes)
[2m2025-12-10T10:13:06.533831Z[0m [34mDEBUG[0m [2mhyper::proto::h1::conn[0m[2m:[0m incoming body completed
[2m2025-12-10T10:13:06.533839Z[0m [34mDEBUG[0m [2mhyper::client::pool[0m[2m:[0m pooling idle connection for ("http", 192.168.0.14:8545)
[2m2025-12-10T10:13:06.539555Z[0m [34mDEBUG[0m [2mhyper::proto::h1::io[0m[2m:[0m parsed 4 headers
[2m2025-12-10T10:13:06.539564Z[0m [34mDEBUG[0m [2mhyper::proto::h1::conn[0m[2m:[0m incoming body is content-length (2628 bytes)
[2m2025-12-10T10:13:06.539571Z[0m [34mDEBUG[0m [2mhyper::proto::h1::conn[0m[2m:[0m incoming body completed
[2m2025-12-10T10:13:06.539580Z[0m [34mDEBUG[0m [2mhyper::client::pool[0m[2m:[0m pooling idle connection for ("http", 192.168.0.14:8545)
[2m2025-12-10T10:13:06.539586Z[0m [34mDEBUG[0m [2methereum_transaction_pool_monitor::eth_client[0m[2m:[0m 📡 Transaction fetch RPC completed in 8.888125ms
[2m2025-12-10T10:13:06.611703Z[0m [34mDEBUG[0m [2methereum_transaction_pool_monitor::eth_client[0m[2m:[0m ✅ Transaction 0x8330c984584dd9d5ef365093be5c11f71fc16a6db10e4c04bd02a1c7ab38df36 fetched and parsed in 81.001541ms
[2m2025-12-10T10:13:06.611729Z[0m [34mDEBUG[0m [2methereum_transaction_pool_monitor::mempool_monitor[0m[2m:[0m 🔍 Skipping tx 0x8330c984584dd9d5ef365093be5c11f71fc16a6db10e4c04bd02a1c7ab38df36 - not a DEX interaction (target: 0x3B4D794a66304F130a4Db8F2551B0070dfCf5ca7)
[2m2025-12-10T10:13:06.611739Z[0m [34mDEBUG[0m [2methereum_transaction_pool_monitor::mempool_monitor[0m[2m:[0m 📨 Processing new pending transaction: 0xaefc33a5f84c73a3970285eea36d9bcf73e2cfe933b71379e70e076e1bdd9baf
[2m2025-12-10T10:13:06.611746Z[0m [34mDEBUG[0m [2methereum_transaction_pool_monitor::mempool_monitor[0m[2m:[0m 🔍 Fetching transaction details for: 0xaefc33a5f84c73a3970285eea36d9bcf73e2cfe933b71379e70e076e1bdd9baf
[2m2025-12-10T10:13:06.611754Z[0m [34mDEBUG[0m [2methereum_transaction_pool_monitor::eth_client[0m[2m:[0m 🔍 Fetching transaction details for hash: 0xaefc33a5f84c73a3970285eea36d9bcf73e2cfe933b71379e70e076e1bdd9baf
[2m2025-12-10T10:13:06.611772Z[0m [34mDEBUG[0m [2mhyper::client::pool[0m[2m:[0m reuse idle connection for ("http", 192.168.0.14:8545)
[2m2025-12-10T10:13:06.611814Z[0m [34mDEBUG[0m [2mhyper::proto::h1::io[0m[2m:[0m flushed 250 bytes
[2m2025-12-10T10:13:06.611834Z[0m [34mDEBUG[0m [2mhyper::client::pool[0m[2m:[0m reuse idle connection for ("http", 192.168.0.14:8545)
[2m2025-12-10T10:13:06.611843Z[0m [34mDEBUG[0m [2methereum_transaction_pool_monitor::eth_client[0m[2m:[0m 📨 Received WebSocket message: {"jsonrpc":"2.0","method":"eth_subscription","params":{"subscription":"0xbed0a0851463e895960a451075a301a9","result":"0x75960806c84c29ddae09cd4ea7e1089f28d0ae2a27a439321c5329515799b2c1"}}
[2m2025-12-10T10:13:06.611847Z[0m [34mDEBUG[0m [2mhyper::proto::h1::io[0m[2m:[0m flushed 172 bytes
[2m2025-12-10T10:13:06.611855Z[0m [34mDEBUG[0m [2methereum_transaction_pool_monitor::eth_client[0m[2m:[0m 📨 Received pending transaction: 0x75960806c84c29ddae09cd4ea7e1089f28d0ae2a27a439321c5329515799b2c1
[2m2025-12-10T10:13:06.616200Z[0m [34mDEBUG[0m [2mhyper::proto::h1::io[0m[2m:[0m parsed 4 headers
[2m2025-12-10T10:13:06.616230Z[0m [34mDEBUG[0m [2mhyper::proto::h1::conn[0m[2m:[0m incoming body is content-length (772 bytes)
[2m2025-12-10T10:13:06.616254Z[0m [34mDEBUG[0m [2mhyper::proto::h1::conn[0m[2m:[0m incoming body completed
[2m2025-12-10T10:13:06.616265Z[0m [34mDEBUG[0m [2mhyper::client::pool[0m[2m:[0m pooling idle connection for ("http", 192.168.0.14:8545)
[2m2025-12-10T10:13:06.616272Z[0m [34mDEBUG[0m [2methereum_transaction_pool_monitor::eth_client[0m[2m:[0m 📡 Transaction fetch RPC completed in 4.513291ms
[2m2025-12-10T10:13:06.687756Z[0m [34mDEBUG[0m [2methereum_transaction_pool_monitor::eth_client[0m[2m:[0m ✅ Transaction 0xaefc33a5f84c73a3970285eea36d9bcf73e2cfe933b71379e70e076e1bdd9baf fetched and parsed in 75.994708ms
[2m2025-12-10T10:13:06.687784Z[0m [34mDEBUG[0m [2methereum_transaction_pool_monitor::mempool_monitor[0m[2m:[0m 🔍 Skipping tx 0xaefc33a5f84c73a3970285eea36d9bcf73e2cfe933b71379e70e076e1bdd9baf - not a DEX interaction (target: 0xA0b86991c6218b36c1d19D4a2e9Eb0cE3606eB48)
[2m2025-12-10T10:13:06.687794Z[0m [34mDEBUG[0m [2methereum_transaction_pool_monitor::mempool_monitor[0m[2m:[0m 📨 Processing new pending transaction: 0xca16d84fb80c7733eb39d262ef729f738739b33f32537e744daafc74487f1c78
[2m2025-12-10T10:13:06.687806Z[0m [34mDEBUG[0m [2methereum_transaction_pool_monitor::mempool_monitor[0m[2m:[0m 🔍 Fetching transaction details for: 0xca16d84fb80c7733eb39d262ef729f738739b33f32537e744daafc74487f1c78
[2m2025-12-10T10:13:06.687813Z[0m [34mDEBUG[0m [2methereum_transaction_pool_monitor::eth_client[0m[2m:[0m 🔍 Fetching transaction details for hash: 0xca16d84fb80c7733eb39d262ef729f738739b33f32537e744daafc74487f1c78
[2m2025-12-10T10:13:06.687835Z[0m [34mDEBUG[0m [2mhyper::client::pool[0m[2m:[0m reuse idle connection for ("http", 192.168.0.14:8545)
[2m2025-12-10T10:13:06.687886Z[0m [34mDEBUG[0m [2mhyper::proto::h1::io[0m[2m:[0m flushed 250 bytes
[2m2025-12-10T10:13:06.687911Z[0m [34mDEBUG[0m [2methereum_transaction_pool_monitor::eth_client[0m[2m:[0m 📨 Received WebSocket message: {"jsonrpc":"2.0","method":"eth_subscription","params":{"subscription":"0xbed0a0851463e895960a451075a301a9","result":"0x7824951b385a443876e115789997f73f575e1ff5aa667d4d8825cf1bcade8bec"}}
[2m2025-12-10T10:13:06.687929Z[0m [34mDEBUG[0m [2methereum_transaction_pool_monitor::eth_client[0m[2m:[0m 📨 Received pending transaction: 0x7824951b385a443876e115789997f73f575e1ff5aa667d4d8825cf1bcade8bec
[2m2025-12-10T10:13:06.687913Z[0m [34mDEBUG[0m [2mhyper::proto::h1::io[0m[2m:[0m parsed 4 headers
[2m2025-12-10T10:13:06.687939Z[0m [34mDEBUG[0m [2methereum_transaction_pool_monitor::eth_client[0m[2m:[0m 📨 Received WebSocket message: {"jsonrpc":"2.0","method":"eth_subscription","params":{"subscription":"0xbed0a0851463e895960a451075a301a9","result":"0xd0531e18723139bd23b30a340ac14af8dba30b477bbca3391da1641c664895ae"}}
[2m2025-12-10T10:13:06.687986Z[0m [34mDEBUG[0m [2mhyper::proto::h1::conn[0m[2m:[0m incoming body is content-length (45 bytes)
[2m2025-12-10T10:13:06.687996Z[0m [34mDEBUG[0m [2methereum_transaction_pool_monitor::eth_client[0m[2m:[0m 📨 Received pending transaction: 0xd0531e18723139bd23b30a340ac14af8dba30b477bbca3391da1641c664895ae
[2m2025-12-10T10:13:06.688005Z[0m [34mDEBUG[0m [2mhyper::proto::h1::conn[0m[2m:[0m incoming body completed
[2m2025-12-10T10:13:06.688024Z[0m [34mDEBUG[0m [2mhyper::client::pool[0m[2m:[0m pooling idle connection for ("http", 192.168.0.14:8545)
[2m2025-12-10T10:13:06.693819Z[0m [34mDEBUG[0m [2mhyper::proto::h1::io[0m[2m:[0m parsed 4 headers
[2m2025-12-10T10:13:06.693833Z[0m [34mDEBUG[0m [2mhyper::proto::h1::conn[0m[2m:[0m incoming body is content-length (830 bytes)
[2m2025-12-10T10:13:06.693840Z[0m [34mDEBUG[0m [2mhyper::proto::h1::conn[0m[2m:[0m incoming body completed
[2m2025-12-10T10:13:06.693851Z[0m [34mDEBUG[0m [2mhyper::client::pool[0m[2m:[0m pooling idle connection for ("http", 192.168.0.14:8545)
[2m2025-12-10T10:13:06.693857Z[0m [34mDEBUG[0m [2methereum_transaction_pool_monitor::eth_client[0m[2m:[0m 📡 Transaction fetch RPC completed in 6.037042ms
[2m2025-12-10T10:13:06.761510Z[0m [34mDEBUG[0m [2methereum_transaction_pool_monitor::eth_client[0m[2m:[0m ✅ Transaction 0xca16d84fb80c7733eb39d262ef729f738739b33f32537e744daafc74487f1c78 fetched and parsed in 73.687167ms
[2m2025-12-10T10:13:06.761534Z[0m [34mDEBUG[0m [2methereum_transaction_pool_monitor::mempool_monitor[0m[2m:[0m 🔍 Skipping tx 0xca16d84fb80c7733eb39d262ef729f738739b33f32537e744daafc74487f1c78 - not a DEX interaction (target: 0x3B4D794a66304F130a4Db8F2551B0070dfCf5ca7)
[2m2025-12-10T10:13:06.761545Z[0m [34mDEBUG[0m [2methereum_transaction_pool_monitor::mempool_monitor[0m[2m:[0m 📨 Processing new pending transaction: 0xb14daf66976203823c2a031252be857634914f9e02d950c20ab8f1c7161c8f8d
[2m2025-12-10T10:13:06.761552Z[0m [34mDEBUG[0m [2methereum_transaction_pool_monitor::mempool_monitor[0m[2m:[0m 🔍 Fetching transaction details for: 0xb14daf66976203823c2a031252be857634914f9e02d950c20ab8f1c7161c8f8d
[2m2025-12-10T10:13:06.761558Z[0m [34mDEBUG[0m [2methereum_transaction_pool_monitor::eth_client[0m[2m:[0m 🔍 Fetching transaction details for hash: 0xb14daf66976203823c2a031252be857634914f9e02d950c20ab8f1c7161c8f8d
[2m2025-12-10T10:13:06.761580Z[0m [34mDEBUG[0m [2mhyper::client::pool[0m[2m:[0m reuse idle connection for ("http", 192.168.0.14:8545)
[2m2025-12-10T10:13:06.761617Z[0m [34mDEBUG[0m [2mhyper::proto::h1::io[0m[2m:[0m flushed 250 bytes
[2m2025-12-10T10:13:06.761638Z[0m [34mDEBUG[0m [2mhyper::client::pool[0m[2m:[0m reuse idle connection for ("http", 192.168.0.14:8545)
[2m2025-12-10T10:13:06.761652Z[0m [34mDEBUG[0m [2mhyper::proto::h1::io[0m[2m:[0m flushed 172 bytes
[2m2025-12-10T10:13:06.761682Z[0m [34mDEBUG[0m [2methereum_transaction_pool_monitor::eth_client[0m[2m:[0m 📨 Received WebSocket message: {"jsonrpc":"2.0","method":"eth_subscription","params":{"subscription":"0xbed0a0851463e895960a451075a301a9","result":"0x53429700b694f0e3b84e6dcac32442502d00a634e7dab906de99f131992224b6"}}
[2m2025-12-10T10:13:06.761795Z[0m [34mDEBUG[0m [2methereum_transaction_pool_monitor::eth_client[0m[2m:[0m 📨 Received pending transaction: 0x53429700b694f0e3b84e6dcac32442502d00a634e7dab906de99f131992224b6
[2m2025-12-10T10:13:06.765667Z[0m [34mDEBUG[0m [2mhyper::proto::h1::io[0m[2m:[0m parsed 4 headers
[2m2025-12-10T10:13:06.765699Z[0m [34mDEBUG[0m [2mhyper::proto::h1::conn[0m[2m:[0m incoming body is content-length (45 bytes)
[2m2025-12-10T10:13:06.765711Z[0m [34mDEBUG[0m [2mhyper::proto::h1::conn[0m[2m:[0m incoming body completed
[2m2025-12-10T10:13:06.765736Z[0m [34mDEBUG[0m [2mhyper::client::pool[0m[2m:[0m pooling idle connection for ("http", 192.168.0.14:8545)
[2m2025-12-10T10:13:06.770966Z[0m [34mDEBUG[0m [2mhyper::proto::h1::io[0m[2m:[0m parsed 4 headers
[2m2025-12-10T10:13:06.771003Z[0m [34mDEBUG[0m [2mhyper::proto::h1::conn[0m[2m:[0m incoming body is content-length (1731 bytes)
[2m2025-12-10T10:13:06.771020Z[0m [34mDEBUG[0m [2mhyper::proto::h1::conn[0m[2m:[0m incoming body completed
[2m2025-12-10T10:13:06.771032Z[0m [34mDEBUG[0m [2mhyper::client::pool[0m[2m:[0m pooling idle connection for ("http", 192.168.0.14:8545)
[2m2025-12-10T10:13:06.771048Z[0m [34mDEBUG[0m [2methereum_transaction_pool_monitor::eth_client[0m[2m:[0m 📡 Transaction fetch RPC completed in 9.485459ms
[2m2025-12-10T10:13:06.842632Z[0m [34mDEBUG[0m [2methereum_transaction_pool_monitor::eth_client[0m[2m:[0m ✅ Transaction 0xb14daf66976203823c2a031252be857634914f9e02d950c20ab8f1c7161c8f8d fetched and parsed in 81.066792ms
[2m2025-12-10T10:13:06.842656Z[0m [34mDEBUG[0m [2methereum_transaction_pool_monitor::mempool_monitor[0m[2m:[0m 🔍 Skipping tx 0xb14daf66976203823c2a031252be857634914f9e02d950c20ab8f1c7161c8f8d - not a DEX interaction (target: 0x601a2aD6CB5949f0529735254189Ba3194221EDF)
[2m2025-12-10T10:13:06.842666Z[0m [34mDEBUG[0m [2methereum_transaction_pool_monitor::mempool_monitor[0m[2m:[0m 📨 Processing new pending transaction: 0x4b95233e1aec01c6864ac293aa8422b6354c3ed8299e1b8ba32b4e49fb9e2d84
[2m2025-12-10T10:13:06.842673Z[0m [34mDEBUG[0m [2methereum_transaction_pool_monitor::mempool_monitor[0m[2m:[0m 🔍 Fetching transaction details for: 0x4b95233e1aec01c6864ac293aa8422b6354c3ed8299e1b8ba32b4e49fb9e2d84
[2m2025-12-10T10:13:06.842679Z[0m [34mDEBUG[0m [2methereum_transaction_pool_monitor::eth_client[0m[2m:[0m 🔍 Fetching transaction details for hash: 0x4b95233e1aec01c6864ac293aa8422b6354c3ed8299e1b8ba32b4e49fb9e2d84
[2m2025-12-10T10:13:06.842698Z[0m [34mDEBUG[0m [2mhyper::client::pool[0m[2m:[0m reuse idle connection for ("http", 192.168.0.14:8545)
[2m2025-12-10T10:13:06.842742Z[0m [34mDEBUG[0m [2mhyper::proto::h1::io[0m[2m:[0m flushed 250 bytes
[2m2025-12-10T10:13:06.842761Z[0m [34mDEBUG[0m [2mhyper::client::pool[0m[2m:[0m reuse idle connection for ("http", 192.168.0.14:8545)
[2m2025-12-10T10:13:06.842774Z[0m [34mDEBUG[0m [2methereum_transaction_pool_monitor::eth_client[0m[2m:[0m 📨 Received WebSocket message: {"jsonrpc":"2.0","method":"eth_subscription","params":{"subscription":"0xbed0a0851463e895960a451075a301a9","result":"0x4f88f0c7f744247a3116b74b10de3c6e611c989da0810f0d65e55f3d2220c0e4"}}
[2m2025-12-10T10:13:06.842775Z[0m [34mDEBUG[0m [2mhyper::proto::h1::io[0m[2m:[0m flushed 172 bytes
[2m2025-12-10T10:13:06.842787Z[0m [34mDEBUG[0m [2methereum_transaction_pool_monitor::eth_client[0m[2m:[0m 📨 Received pending transaction: 0x4f88f0c7f744247a3116b74b10de3c6e611c989da0810f0d65e55f3d2220c0e4
[2m2025-12-10T10:13:06.846541Z[0m [34mDEBUG[0m [2mhyper::proto::h1::io[0m[2m:[0m parsed 4 headers
[2m2025-12-10T10:13:06.846555Z[0m [34mDEBUG[0m [2mhyper::proto::h1::conn[0m[2m:[0m incoming body is content-length (45 bytes)
[2m2025-12-10T10:13:06.846564Z[0m [34mDEBUG[0m [2mhyper::proto::h1::conn[0m[2m:[0m incoming body completed
[2m2025-12-10T10:13:06.846574Z[0m [34mDEBUG[0m [2mhyper::client::pool[0m[2m:[0m pooling idle connection for ("http", 192.168.0.14:8545)
[2m2025-12-10T10:13:06.850021Z[0m [34mDEBUG[0m [2mhyper::proto::h1::io[0m[2m:[0m parsed 4 headers
[2m2025-12-10T10:13:06.850024Z[0m [34mDEBUG[0m [2methereum_transaction_pool_monitor::eth_client[0m[2m:[0m 📨 Received WebSocket message: {"jsonrpc":"2.0","method":"eth_subscription","params":{"subscription":"0xbed0a0851463e895960a451075a301a9","result":"0x35f62cdd28127c075fbb50ca92e349ff81c763271cd235eee2ae1d3f52ebc345"}}
[2m2025-12-10T10:13:06.850034Z[0m [34mDEBUG[0m [2mhyper::proto::h1::conn[0m[2m:[0m incoming body is content-length (770 bytes)
[2m2025-12-10T10:13:06.850051Z[0m [34mDEBUG[0m [2mhyper::proto::h1::conn[0m[2m:[0m incoming body completed
[2m2025-12-10T10:13:06.850058Z[0m [34mDEBUG[0m [2mhyper::client::pool[0m[2m:[0m pooling idle connection for ("http", 192.168.0.14:8545)
[2m2025-12-10T10:13:06.850064Z[0m [34mDEBUG[0m [2methereum_transaction_pool_monitor::eth_client[0m[2m:[0m 📡 Transaction fetch RPC completed in 7.379875ms
[2m2025-12-10T10:13:06.850044Z[0m [34mDEBUG[0m [2methereum_transaction_pool_monitor::eth_client[0m[2m:[0m 📨 Received pending transaction: 0x35f62cdd28127c075fbb50ca92e349ff81c763271cd235eee2ae1d3f52ebc345
[2m2025-12-10T10:13:06.880191Z[0m [34mDEBUG[0m [2methereum_transaction_pool_monitor::eth_client[0m[2m:[0m 📨 Received WebSocket message: {"jsonrpc":"2.0","method":"eth_subscription","params":{"subscription":"0xbed0a0851463e895960a451075a301a9","result":"0xd9e1de21ab883ae695e61b70b09d321ae47347abbe2eedabdc31ed054a056dc0"}}
[2m2025-12-10T10:13:06.880219Z[0m [34mDEBUG[0m [2methereum_transaction_pool_monitor::eth_client[0m[2m:[0m 📨 Received pending transaction: 0xd9e1de21ab883ae695e61b70b09d321ae47347abbe2eedabdc31ed054a056dc0
[2m2025-12-10T10:13:06.900257Z[0m [34mDEBUG[0m [2mhyper::client::pool[0m[2m:[0m reuse idle connection for ("http", 192.168.0.14:8545)
[2m2025-12-10T10:13:06.901903Z[0m [34mDEBUG[0m [2mhyper::proto::h1::io[0m[2m:[0m flushed 172 bytes
[2m2025-12-10T10:13:06.908640Z[0m [34mDEBUG[0m [2mhyper::proto::h1::io[0m[2m:[0m parsed 4 headers
[2m2025-12-10T10:13:06.908656Z[0m [34mDEBUG[0m [2mhyper::proto::h1::conn[0m[2m:[0m incoming body is content-length (45 bytes)
[2m2025-12-10T10:13:06.908663Z[0m [34mDEBUG[0m [2mhyper::proto::h1::conn[0m[2m:[0m incoming body completed
[2m2025-12-10T10:13:06.908672Z[0m [34mDEBUG[0m [2mhyper::client::pool[0m[2m:[0m pooling idle connection for ("http", 192.168.0.14:8545)
[2m2025-12-10T10:13:06.922110Z[0m [34mDEBUG[0m [2methereum_transaction_pool_monitor::eth_client[0m[2m:[0m ✅ Transaction 0x4b95233e1aec01c6864ac293aa8422b6354c3ed8299e1b8ba32b4e49fb9e2d84 fetched and parsed in 79.423792ms
[2m2025-12-10T10:13:06.925169Z[0m [34mDEBUG[0m [2methereum_transaction_pool_monitor::mempool_monitor[0m[2m:[0m 🔍 Skipping tx 0x4b95233e1aec01c6864ac293aa8422b6354c3ed8299e1b8ba32b4e49fb9e2d84 - not a DEX interaction (target: 0xA0b86991c6218b36c1d19D4a2e9Eb0cE3606eB48)
[2m2025-12-10T10:13:06.925200Z[0m [34mDEBUG[0m [2methereum_transaction_pool_monitor::mempool_monitor[0m[2m:[0m 📨 Processing new pending transaction: 0x75960806c84c29ddae09cd4ea7e1089f28d0ae2a27a439321c5329515799b2c1
[2m2025-12-10T10:13:06.925211Z[0m [34mDEBUG[0m [2methereum_transaction_pool_monitor::mempool_monitor[0m[2m:[0m 🔍 Fetching transaction details for: 0x75960806c84c29ddae09cd4ea7e1089f28d0ae2a27a439321c5329515799b2c1
[2m2025-12-10T10:13:06.925224Z[0m [34mDEBUG[0m [2methereum_transaction_pool_monitor::eth_client[0m[2m:[0m 🔍 Fetching transaction details for hash: 0x75960806c84c29ddae09cd4ea7e1089f28d0ae2a27a439321c5329515799b2c1
[2m2025-12-10T10:13:06.925247Z[0m [34mDEBUG[0m [2mhyper::client::pool[0m[2m:[0m reuse idle connection for ("http", 192.168.0.14:8545)
[2m2025-12-10T10:13:06.925305Z[0m [34mDEBUG[0m [2mhyper::proto::h1::io[0m[2m:[0m flushed 250 bytes
[2m2025-12-10T10:13:06.930528Z[0m [34mDEBUG[0m [2mhyper::proto::h1::io[0m[2m:[0m parsed 4 headers
[2m2025-12-10T10:13:06.930538Z[0m [34mDEBUG[0m [2mhyper::proto::h1::conn[0m[2m:[0m incoming body is content-length (775 bytes)
[2m2025-12-10T10:13:06.930546Z[0m [34mDEBUG[0m [2mhyper::proto::h1::conn[0m[2m:[0m incoming body completed
[2m2025-12-10T10:13:06.930555Z[0m [34mDEBUG[0m [2mhyper::client::pool[0m[2m:[0m pooling idle connection for ("http", 192.168.0.14:8545)
[2m2025-12-10T10:13:06.930561Z[0m [34mDEBUG[0m [2methereum_transaction_pool_monitor::eth_client[0m[2m:[0m 📡 Transaction fetch RPC completed in 5.332708ms
[2m2025-12-10T10:13:07.000766Z[0m [34mDEBUG[0m [2methereum_transaction_pool_monitor::eth_client[0m[2m:[0m ✅ Transaction 0x75960806c84c29ddae09cd4ea7e1089f28d0ae2a27a439321c5329515799b2c1 fetched and parsed in 75.534833ms
[2m2025-12-10T10:13:07.000791Z[0m [34mDEBUG[0m [2methereum_transaction_pool_monitor::mempool_monitor[0m[2m:[0m 🔍 Skipping tx 0x75960806c84c29ddae09cd4ea7e1089f28d0ae2a27a439321c5329515799b2c1 - not a DEX interaction (target: 0xd073e6341A3aA6c4d94C4f8f20Fbd1ede572b0dA)
[2m2025-12-10T10:13:07.000802Z[0m [34mDEBUG[0m [2methereum_transaction_pool_monitor::mempool_monitor[0m[2m:[0m 📨 Processing new pending transaction: 0x7824951b385a443876e115789997f73f575e1ff5aa667d4d8825cf1bcade8bec
[2m2025-12-10T10:13:07.000809Z[0m [34mDEBUG[0m [2methereum_transaction_pool_monitor::mempool_monitor[0m[2m:[0m 🔍 Fetching transaction details for: 0x7824951b385a443876e115789997f73f575e1ff5aa667d4d8825cf1bcade8bec
[2m2025-12-10T10:13:07.000815Z[0m [34mDEBUG[0m [2methereum_transaction_pool_monitor::eth_client[0m[2m:[0m 🔍 Fetching transaction details for hash: 0x7824951b385a443876e115789997f73f575e1ff5aa667d4d8825cf1bcade8bec
[2m2025-12-10T10:13:07.000834Z[0m [34mDEBUG[0m [2mhyper::client::pool[0m[2m:[0m reuse idle connection for ("http", 192.168.0.14:8545)
[2m2025-12-10T10:13:07.000869Z[0m [34mDEBUG[0m [2mhyper::proto::h1::io[0m[2m:[0m flushed 250 bytes
[2m2025-12-10T10:13:07.000888Z[0m [34mDEBUG[0m [2mhyper::client::pool[0m[2m:[0m reuse idle connection for ("http", 192.168.0.14:8545)
[2m2025-12-10T10:13:07.000902Z[0m [34mDEBUG[0m [2mhyper::proto::h1::io[0m[2m:[0m flushed 172 bytes
[2m2025-12-10T10:13:07.000904Z[0m [34mDEBUG[0m [2methereum_transaction_pool_monitor::eth_client[0m[2m:[0m 📨 Received WebSocket message: {"jsonrpc":"2.0","method":"eth_subscription","params":{"subscription":"0xbed0a0851463e895960a451075a301a9","result":"0x10fef62a5df7b5b1fa8bf0d2d37e585ae647682e7fa96a686920e115ae520c3f"}}
[2m2025-12-10T10:13:07.000916Z[0m [34mDEBUG[0m [2methereum_transaction_pool_monitor::eth_client[0m[2m:[0m 📨 Received pending transaction: 0x10fef62a5df7b5b1fa8bf0d2d37e585ae647682e7fa96a686920e115ae520c3f
[2m2025-12-10T10:13:07.000923Z[0m [34mDEBUG[0m [2methereum_transaction_pool_monitor::eth_client[0m[2m:[0m 📨 Received WebSocket message: {"jsonrpc":"2.0","method":"eth_subscription","params":{"subscription":"0xbed0a0851463e895960a451075a301a9","result":"0x7d61eca145982fdff9964de683d18fa10e4dc22c0d3053b745ccbf86e988c08a"}}
[2m2025-12-10T10:13:07.000929Z[0m [34mDEBUG[0m [2methereum_transaction_pool_monitor::eth_client[0m[2m:[0m 📨 Received pending transaction: 0x7d61eca145982fdff9964de683d18fa10e4dc22c0d3053b745ccbf86e988c08a
[2m2025-12-10T10:13:07.008862Z[0m [34mDEBUG[0m [2mhyper::proto::h1::io[0m[2m:[0m parsed 4 headers
[2m2025-12-10T10:13:07.008901Z[0m [34mDEBUG[0m [2mhyper::proto::h1::conn[0m[2m:[0m incoming body is content-length (45 bytes)
[2m2025-12-10T10:13:07.008928Z[0m [34mDEBUG[0m [2mhyper::proto::h1::conn[0m[2m:[0m incoming body completed
[2m2025-12-10T10:13:07.008942Z[0m [34mDEBUG[0m [2mhyper::client::pool[0m[2m:[0m pooling idle connection for ("http", 192.168.0.14:8545)
[2m2025-12-10T10:13:07.008982Z[0m [34mDEBUG[0m [2methereum_transaction_pool_monitor::eth_client[0m[2m:[0m 📨 Received WebSocket message: {"jsonrpc":"2.0","method":"eth_subscription","params":{"subscription":"0xbed0a0851463e895960a451075a301a9","result":"0xe0f91ff37cdcf46f987ece65dacc8f014272489719565e11ddbe77ee49043fb5"}}
[2m2025-12-10T10:13:07.008992Z[0m [34mDEBUG[0m [2mhyper::proto::h1::io[0m[2m:[0m parsed 4 headers
[2m2025-12-10T10:13:07.009002Z[0m [34mDEBUG[0m [2mhyper::proto::h1::conn[0m[2m:[0m incoming body is content-length (771 bytes)
[2m2025-12-10T10:13:07.008993Z[0m [34mDEBUG[0m [2methereum_transaction_pool_monitor::eth_client[0m[2m:[0m 📨 Received pending transaction: 0xe0f91ff37cdcf46f987ece65dacc8f014272489719565e11ddbe77ee49043fb5
[2m2025-12-10T10:13:07.009009Z[0m [34mDEBUG[0m [2mhyper::proto::h1::conn[0m[2m:[0m incoming body completed
[2m2025-12-10T10:13:07.009024Z[0m [34mDEBUG[0m [2mhyper::client::pool[0m[2m:[0m pooling idle connection for ("http", 192.168.0.14:8545)
[2m2025-12-10T10:13:07.009031Z[0m [34mDEBUG[0m [2methereum_transaction_pool_monitor::eth_client[0m[2m:[0m 📡 Transaction fetch RPC completed in 8.210584ms
[2m2025-12-10T10:13:07.081900Z[0m [34mDEBUG[0m [2methereum_transaction_pool_monitor::eth_client[0m[2m:[0m ✅ Transaction 0x7824951b385a443876e115789997f73f575e1ff5aa667d4d8825cf1bcade8bec fetched and parsed in 81.077584ms
[2m2025-12-10T10:13:07.081929Z[0m [34mDEBUG[0m [2methereum_transaction_pool_monitor::mempool_monitor[0m[2m:[0m 🔍 Skipping tx 0x7824951b385a443876e115789997f73f575e1ff5aa667d4d8825cf1bcade8bec - not a DEX interaction (target: 0x3845badAde8e6dFF049820680d1F14bD3903a5d0)
[2m2025-12-10T10:13:07.081940Z[0m [34mDEBUG[0m [2methereum_transaction_pool_monitor::mempool_monitor[0m[2m:[0m 📨 Processing new pending transaction: 0xd0531e18723139bd23b30a340ac14af8dba30b477bbca3391da1641c664895ae
[2m2025-12-10T10:13:07.081947Z[0m [34mDEBUG[0m [2methereum_transaction_pool_monitor::mempool_monitor[0m[2m:[0m 🔍 Fetching transaction details for: 0xd0531e18723139bd23b30a340ac14af8dba30b477bbca3391da1641c664895ae
[2m2025-12-10T10:13:07.081953Z[0m [34mDEBUG[0m [2methereum_transaction_pool_monitor::eth_client[0m[2m:[0m 🔍 Fetching transaction details for hash: 0xd0531e18723139bd23b30a340ac14af8dba30b477bbca3391da1641c664895ae
[2m2025-12-10T10:13:07.081974Z[0m [34mDEBUG[0m [2mhyper::client::pool[0m[2m:[0m reuse idle connection for ("http", 192.168.0.14:8545)
[2m2025-12-10T10:13:07.082027Z[0m [34mDEBUG[0m [2mhyper::proto::h1::io[0m[2m:[0m flushed 250 bytes
[2m2025-12-10T10:13:07.086543Z[0m [34mDEBUG[0m [2mhyper::proto::h1::io[0m[2m:[0m parsed 4 headers
[2m2025-12-10T10:13:07.086561Z[0m [34mDEBUG[0m [2mhyper::proto::h1::conn[0m[2m:[0m incoming body is content-length (770 bytes)
[2m2025-12-10T10:13:07.086568Z[0m [34mDEBUG[0m [2mhyper::proto::h1::conn[0m[2m:[0m incoming body completed
[2m2025-12-10T10:13:07.086577Z[0m [34mDEBUG[0m [2mhyper::client::pool[0m[2m:[0m pooling idle connection for ("http", 192.168.0.14:8545)
[2m2025-12-10T10:13:07.086584Z[0m [34mDEBUG[0m [2methereum_transaction_pool_monitor::eth_client[0m[2m:[0m 📡 Transaction fetch RPC completed in 4.624084ms
[2m2025-12-10T10:13:07.086597Z[0m [34mDEBUG[0m [2methereum_transaction_pool_monitor::eth_client[0m[2m:[0m DeFi transaction detected - Address: 0x6b175474e89094c44da98b954eedeac495271d0f, Type: Stablecoin, Value: 0 ETH, Gas: 2.00 Gwei
[2m2025-12-10T10:13:07.086607Z[0m [34mDEBUG[0m [2methereum_transaction_pool_monitor::eth_client[0m[2m:[0m ✅ Transaction 0xd0531e18723139bd23b30a340ac14af8dba30b477bbca3391da1641c664895ae fetched and parsed in 4.647709ms
[2m2025-12-10T10:13:07.086615Z[0m [34mDEBUG[0m [2methereum_transaction_pool_monitor::mempool_monitor[0m[2m:[0m 🔍 Skipping tx 0xd0531e18723139bd23b30a340ac14af8dba30b477bbca3391da1641c664895ae - not a DEX interaction (target: 0x6B175474E89094C44Da98b954EedeAC495271d0F)
[2m2025-12-10T10:13:07.086623Z[0m [34mDEBUG[0m [2methereum_transaction_pool_monitor::mempool_monitor[0m[2m:[0m 📨 Processing new pending transaction: 0x53429700b694f0e3b84e6dcac32442502d00a634e7dab906de99f131992224b6
[2m2025-12-10T10:13:07.086844Z[0m [34mDEBUG[0m [2methereum_transaction_pool_monitor::mempool_monitor[0m[2m:[0m 🔍 Fetching transaction details for: 0x53429700b694f0e3b84e6dcac32442502d00a634e7dab906de99f131992224b6
[2m2025-12-10T10:13:07.086850Z[0m [34mDEBUG[0m [2methereum_transaction_pool_monitor::eth_client[0m[2m:[0m 🔍 Fetching transaction details for hash: 0x53429700b694f0e3b84e6dcac32442502d00a634e7dab906de99f131992224b6
[2m2025-12-10T10:13:07.086863Z[0m [34mDEBUG[0m [2mhyper::client::pool[0m[2m:[0m reuse idle connection for ("http", 192.168.0.14:8545)
[2m2025-12-10T10:13:07.086888Z[0m [34mDEBUG[0m [2mhyper::proto::h1::io[0m[2m:[0m flushed 250 bytes
[2m2025-12-10T10:13:07.093411Z[0m [34mDEBUG[0m [2methereum_transaction_pool_monitor::eth_client[0m[2m:[0m 📨 Received WebSocket message: {"jsonrpc":"2.0","method":"eth_subscription","params":{"subscription":"0xbed0a0851463e895960a451075a301a9","result":"0x27f88942f0227f8d3a174410fb200d7cd3dcfa649919d65093ac12ff175e44a7"}}
[2m2025-12-10T10:13:07.093454Z[0m [34mDEBUG[0m [2methereum_transaction_pool_monitor::eth_client[0m[2m:[0m 📨 Received pending transaction: 0x27f88942f0227f8d3a174410fb200d7cd3dcfa649919d65093ac12ff175e44a7
[2m2025-12-10T10:13:07.094411Z[0m [34mDEBUG[0m [2mhyper::proto::h1::io[0m[2m:[0m parsed 4 headers
[2m2025-12-10T10:13:07.094442Z[0m [34mDEBUG[0m [2mhyper::proto::h1::conn[0m[2m:[0m incoming body is content-length (651 bytes)
[2m2025-12-10T10:13:07.094457Z[0m [34mDEBUG[0m [2mhyper::proto::h1::conn[0m[2m:[0m incoming body completed
[2m2025-12-10T10:13:07.094481Z[0m [34mDEBUG[0m [2mhyper::client::pool[0m[2m:[0m pooling idle connection for ("http", 192.168.0.14:8545)
[2m2025-12-10T10:13:07.094490Z[0m [34mDEBUG[0m [2methereum_transaction_pool_monitor::eth_client[0m[2m:[0m 📡 Transaction fetch RPC completed in 7.63625ms
[2m2025-12-10T10:13:07.165774Z[0m [34mDEBUG[0m [2methereum_transaction_pool_monitor::eth_client[0m[2m:[0m ✅ Transaction 0x53429700b694f0e3b84e6dcac32442502d00a634e7dab906de99f131992224b6 fetched and parsed in 78.917625ms
[2m2025-12-10T10:13:07.165806Z[0m [34mDEBUG[0m [2methereum_transaction_pool_monitor::mempool_monitor[0m[2m:[0m 🔍 Skipping tx 0x53429700b694f0e3b84e6dcac32442502d00a634e7dab906de99f131992224b6 - not a DEX interaction (target: 0x28C6c06298d514Db089934071355E5743bf21d60)
[2m2025-12-10T10:13:07.165819Z[0m [34mDEBUG[0m [2methereum_transaction_pool_monitor::mempool_monitor[0m[2m:[0m 📨 Processing new pending transaction: 0x4f88f0c7f744247a3116b74b10de3c6e611c989da0810f0d65e55f3d2220c0e4
[2m2025-12-10T10:13:07.165832Z[0m [34mDEBUG[0m [2methereum_transaction_pool_monitor::mempool_monitor[0m[2m:[0m 🔍 Fetching transaction details for: 0x4f88f0c7f744247a3116b74b10de3c6e611c989da0810f0d65e55f3d2220c0e4
[2m2025-12-10T10:13:07.165839Z[0m [34mDEBUG[0m [2methereum_transaction_pool_monitor::eth_client[0m[2m:[0m 🔍 Fetching transaction details for hash: 0x4f88f0c7f744247a3116b74b10de3c6e611c989da0810f0d65e55f3d2220c0e4
[2m2025-12-10T10:13:07.165861Z[0m [34mDEBUG[0m [2mhyper::client::pool[0m[2m:[0m reuse idle connection for ("http", 192.168.0.14:8545)
[2m2025-12-10T10:13:07.165897Z[0m [34mDEBUG[0m [2mhyper::proto::h1::io[0m[2m:[0m flushed 250 bytes
[2m2025-12-10T10:13:07.165932Z[0m [34mDEBUG[0m [2mhyper::client::pool[0m[2m:[0m reuse idle connection for ("http", 192.168.0.14:8545)
[2m2025-12-10T10:13:07.165954Z[0m [34mDEBUG[0m [2mhyper::proto::h1::io[0m[2m:[0m flushed 172 bytes
[2m2025-12-10T10:13:07.176461Z[0m [34mDEBUG[0m [2mhyper::proto::h1::io[0m[2m:[0m parsed 4 headers
[2m2025-12-10T10:13:07.176475Z[0m [34mDEBUG[0m [2mhyper::proto::h1::conn[0m[2m:[0m incoming body is content-length (45 bytes)
[2m2025-12-10T10:13:07.176484Z[0m [34mDEBUG[0m [2mhyper::proto::h1::conn[0m[2m:[0m incoming body completed
[2m2025-12-10T10:13:07.176495Z[0m [34mDEBUG[0m [2mhyper::client::pool[0m[2m:[0m pooling idle connection for ("http", 192.168.0.14:8545)
[2m2025-12-10T10:13:07.177828Z[0m [34mDEBUG[0m [2mhyper::proto::h1::io[0m[2m:[0m parsed 4 headers
[2m2025-12-10T10:13:07.177851Z[0m [34mDEBUG[0m [2mhyper::proto::h1::conn[0m[2m:[0m incoming body is content-length (644 bytes)
[2m2025-12-10T10:13:07.177888Z[0m [34mDEBUG[0m [2mhyper::proto::h1::conn[0m[2m:[0m incoming body completed
[2m2025-12-10T10:13:07.177915Z[0m [34mDEBUG[0m [2mhyper::client::pool[0m[2m:[0m pooling idle connection for ("http", 192.168.0.14:8545)
[2m2025-12-10T10:13:07.177923Z[0m [34mDEBUG[0m [2methereum_transaction_pool_monitor::eth_client[0m[2m:[0m 📡 Transaction fetch RPC completed in 12.077375ms
[2m2025-12-10T10:13:07.249564Z[0m [34mDEBUG[0m [2methereum_transaction_pool_monitor::eth_client[0m[2m:[0m ✅ Transaction 0x4f88f0c7f744247a3116b74b10de3c6e611c989da0810f0d65e55f3d2220c0e4 fetched and parsed in 83.716041ms
[2m2025-12-10T10:13:07.249590Z[0m [34mDEBUG[0m [2methereum_transaction_pool_monitor::mempool_monitor[0m[2m:[0m 🔍 Skipping tx 0x4f88f0c7f744247a3116b74b10de3c6e611c989da0810f0d65e55f3d2220c0e4 - not a DEX interaction (target: 0x17E5545B11b468072283Cee1F066a059Fb0dbF24)
[2m2025-12-10T10:13:07.249600Z[0m [34mDEBUG[0m [2methereum_transaction_pool_monitor::mempool_monitor[0m[2m:[0m 📨 Processing new pending transaction: 0x35f62cdd28127c075fbb50ca92e349ff81c763271cd235eee2ae1d3f52ebc345
[2m2025-12-10T10:13:07.249608Z[0m [34mDEBUG[0m [2methereum_transaction_pool_monitor::mempool_monitor[0m[2m:[0m 🔍 Fetching transaction details for: 0x35f62cdd28127c075fbb50ca92e349ff81c763271cd235eee2ae1d3f52ebc345
[2m2025-12-10T10:13:07.249615Z[0m [34mDEBUG[0m [2methereum_transaction_pool_monitor::eth_client[0m[2m:[0m 🔍 Fetching transaction details for hash: 0x35f62cdd28127c075fbb50ca92e349ff81c763271cd235eee2ae1d3f52ebc345
[2m2025-12-10T10:13:07.249633Z[0m [34mDEBUG[0m [2mhyper::client::pool[0m[2m:[0m reuse idle connection for ("http", 192.168.0.14:8545)
[2m2025-12-10T10:13:07.249675Z[0m [34mDEBUG[0m [2mhyper::proto::h1::io[0m[2m:[0m flushed 250 bytes
[2m2025-12-10T10:13:07.249694Z[0m [34mDEBUG[0m [2mhyper::client::pool[0m[2m:[0m reuse idle connection for ("http", 192.168.0.14:8545)
[2m2025-12-10T10:13:07.249709Z[0m [34mDEBUG[0m [2mhyper::proto::h1::io[0m[2m:[0m flushed 172 bytes
[2m2025-12-10T10:13:07.249709Z[0m [34mDEBUG[0m [2methereum_transaction_pool_monitor::eth_client[0m[2m:[0m 📨 Received WebSocket message: {"jsonrpc":"2.0","method":"eth_subscription","params":{"subscription":"0xbed0a0851463e895960a451075a301a9","result":"0x906a08ddcb26995142bba74fd901218548e47348b4a337b19fa45785c0e3ba3c"}}
[2m2025-12-10T10:13:07.249727Z[0m [34mDEBUG[0m [2methereum_transaction_pool_monitor::eth_client[0m[2m:[0m 📨 Received pending transaction: 0x906a08ddcb26995142bba74fd901218548e47348b4a337b19fa45785c0e3ba3c
[2m2025-12-10T10:13:07.249733Z[0m [34mDEBUG[0m [2methereum_transaction_pool_monitor::eth_client[0m[2m:[0m 📨 Received WebSocket message: {"jsonrpc":"2.0","method":"eth_subscription","params":{"subscription":"0xbed0a0851463e895960a451075a301a9","result":"0x49b053751efd1dee188641496ffd947e24e7ef81efb94760224010fddf1a191e"}}
[2m2025-12-10T10:13:07.249739Z[0m [34mDEBUG[0m [2methereum_transaction_pool_monitor::eth_client[0m[2m:[0m 📨 Received pending transaction: 0x49b053751efd1dee188641496ffd947e24e7ef81efb94760224010fddf1a191e
[2m2025-12-10T10:13:07.249743Z[0m [34mDEBUG[0m [2methereum_transaction_pool_monitor::eth_client[0m[2m:[0m 📨 Received WebSocket message: {"jsonrpc":"2.0","method":"eth_subscription","params":{"subscription":"0xbed0a0851463e895960a451075a301a9","result":"0x2c8f634898b9b0881bf6ae40929dda6bed9e19d46b3a3f8cd099e2555206e722"}}
[2m2025-12-10T10:13:07.249751Z[0m [34mDEBUG[0m [2methereum_transaction_pool_monitor::eth_client[0m[2m:[0m 📨 Received pending transaction: 0x2c8f634898b9b0881bf6ae40929dda6bed9e19d46b3a3f8cd099e2555206e722
[2m2025-12-10T10:13:07.249758Z[0m [34mDEBUG[0m [2methereum_transaction_pool_monitor::eth_client[0m[2m:[0m 📨 Received WebSocket message: {"jsonrpc":"2.0","method":"eth_subscription","params":{"subscription":"0xbed0a0851463e895960a451075a301a9","result":"0xb76bd241748f81b18d750421cc2b29ef2ec54239e544a8b9e47702ea245400a0"}}
[2m2025-12-10T10:13:07.249764Z[0m [34mDEBUG[0m [2methereum_transaction_pool_monitor::eth_client[0m[2m:[0m 📨 Received pending transaction: 0xb76bd241748f81b18d750421cc2b29ef2ec54239e544a8b9e47702ea245400a0
[2m2025-12-10T10:13:07.256003Z[0m [34mDEBUG[0m [2mhyper::proto::h1::io[0m[2m:[0m parsed 4 headers
[2m2025-12-10T10:13:07.256009Z[0m [34mDEBUG[0m [2mhyper::proto::h1::conn[0m[2m:[0m incoming body is content-length (774 bytes)
[2m2025-12-10T10:13:07.256017Z[0m [34mDEBUG[0m [2mhyper::proto::h1::conn[0m[2m:[0m incoming body completed
[2m2025-12-10T10:13:07.256027Z[0m [34mDEBUG[0m [2mhyper::client::pool[0m[2m:[0m pooling idle connection for ("http", 192.168.0.14:8545)
[2m2025-12-10T10:13:07.256033Z[0m [34mDEBUG[0m [2methereum_transaction_pool_monitor::eth_client[0m[2m:[0m 📡 Transaction fetch RPC completed in 6.413125ms
[2m2025-12-10T10:13:07.327434Z[0m [34mDEBUG[0m [2methereum_transaction_pool_monitor::eth_client[0m[2m:[0m ✅ Transaction 0x35f62cdd28127c075fbb50ca92e349ff81c763271cd235eee2ae1d3f52ebc345 fetched and parsed in 77.812667ms
[2m2025-12-10T10:13:07.327465Z[0m [34mDEBUG[0m [2methereum_transaction_pool_monitor::mempool_monitor[0m[2m:[0m 🔍 Skipping tx 0x35f62cdd28127c075fbb50ca92e349ff81c763271cd235eee2ae1d3f52ebc345 - not a DEX interaction (target: 0x57e114B691Db790C35207b2e685D4A43181e6061)
[2m2025-12-10T10:13:07.327476Z[0m [34mDEBUG[0m [2methereum_transaction_pool_monitor::mempool_monitor[0m[2m:[0m 📨 Processing new pending transaction: 0xd9e1de21ab883ae695e61b70b09d321ae47347abbe2eedabdc31ed054a056dc0
[2m2025-12-10T10:13:07.327484Z[0m [34mDEBUG[0m [2methereum_transaction_pool_monitor::mempool_monitor[0m[2m:[0m 🔍 Fetching transaction details for: 0xd9e1de21ab883ae695e61b70b09d321ae47347abbe2eedabdc31ed054a056dc0
[2m2025-12-10T10:13:07.327490Z[0m [34mDEBUG[0m [2methereum_transaction_pool_monitor::eth_client[0m[2m:[0m 🔍 Fetching transaction details for hash: 0xd9e1de21ab883ae695e61b70b09d321ae47347abbe2eedabdc31ed054a056dc0
[2m2025-12-10T10:13:07.327511Z[0m [34mDEBUG[0m [2mhyper::client::pool[0m[2m:[0m reuse idle connection for ("http", 192.168.0.14:8545)
[2m2025-12-10T10:13:07.327556Z[0m [34mDEBUG[0m [2mhyper::proto::h1::io[0m[2m:[0m flushed 250 bytes
[2m2025-12-10T10:13:07.327584Z[0m [34mDEBUG[0m [2mhyper::proto::h1::io[0m[2m:[0m parsed 4 headers
[2m2025-12-10T10:13:07.327585Z[0m [34mDEBUG[0m [2methereum_transaction_pool_monitor::eth_client[0m[2m:[0m 📨 Received WebSocket message: {"jsonrpc":"2.0","method":"eth_subscription","params":{"subscription":"0xbed0a0851463e895960a451075a301a9","result":"0x2d354ec17c9abd393c29bbb16989cbc611649bb9b02bec6e988f332c2ae8ee99"}}
[2m2025-12-10T10:13:07.327597Z[0m [34mDEBUG[0m [2mhyper::proto::h1::conn[0m[2m:[0m incoming body is content-length (45 bytes)
[2m2025-12-10T10:13:07.327611Z[0m [34mDEBUG[0m [2methereum_transaction_pool_monitor::eth_client[0m[2m:[0m 📨 Received pending transaction: 0x2d354ec17c9abd393c29bbb16989cbc611649bb9b02bec6e988f332c2ae8ee99
[2m2025-12-10T10:13:07.327623Z[0m [34mDEBUG[0m [2mhyper::proto::h1::conn[0m[2m:[0m incoming body completed
[2m2025-12-10T10:13:07.327641Z[0m [34mDEBUG[0m [2mhyper::client::pool[0m[2m:[0m pooling idle connection for ("http", 192.168.0.14:8545)
[2m2025-12-10T10:13:07.327655Z[0m [34mDEBUG[0m [2mhyper::client::pool[0m[2m:[0m reuse idle connection for ("http", 192.168.0.14:8545)
[2m2025-12-10T10:13:07.327670Z[0m [34mDEBUG[0m [2mhyper::proto::h1::io[0m[2m:[0m flushed 172 bytes
[2m2025-12-10T10:13:07.335083Z[0m [34mDEBUG[0m [2methereum_transaction_pool_monitor::eth_client[0m[2m:[0m 📨 Received WebSocket message: {"jsonrpc":"2.0","method":"eth_subscription","params":{"subscription":"0xbed0a0851463e895960a451075a301a9","result":"0xe65308a0930e2dde8d3ef1c8b213ea4cffe11699296a9c630c1c44bfb1bf2b97"}}
[2m2025-12-10T10:13:07.337280Z[0m [34mDEBUG[0m [2methereum_transaction_pool_monitor::eth_client[0m[2m:[0m 📨 Received pending transaction: 0xe65308a0930e2dde8d3ef1c8b213ea4cffe11699296a9c630c1c44bfb1bf2b97
[2m2025-12-10T10:13:07.337298Z[0m [34mDEBUG[0m [2mhyper::proto::h1::io[0m[2m:[0m parsed 4 headers
[2m2025-12-10T10:13:07.337308Z[0m [34mDEBUG[0m [2mhyper::proto::h1::conn[0m[2m:[0m incoming body is content-length (45 bytes)
[2m2025-12-10T10:13:07.337315Z[0m [34mDEBUG[0m [2mhyper::proto::h1::io[0m[2m:[0m parsed 4 headers
[2m2025-12-10T10:13:07.337321Z[0m [34mDEBUG[0m [2mhyper::proto::h1::conn[0m[2m:[0m incoming body completed
[2m2025-12-10T10:13:07.337337Z[0m [34mDEBUG[0m [2mhyper::client::pool[0m[2m:[0m pooling idle connection for ("http", 192.168.0.14:8545)
[2m2025-12-10T10:13:07.337327Z[0m [34mDEBUG[0m [2mhyper::proto::h1::conn[0m[2m:[0m incoming body is content-length (830 bytes)
[2m2025-12-10T10:13:07.337364Z[0m [34mDEBUG[0m [2mhyper::proto::h1::conn[0m[2m:[0m incoming body completed
[2m2025-12-10T10:13:07.337374Z[0m [34mDEBUG[0m [2mhyper::client::pool[0m[2m:[0m pooling idle connection for ("http", 192.168.0.14:8545)
[2m2025-12-10T10:13:07.337381Z[0m [34mDEBUG[0m [2methereum_transaction_pool_monitor::eth_client[0m[2m:[0m 📡 Transaction fetch RPC completed in 9.886416ms
[2m2025-12-10T10:13:07.399809Z[0m [34mDEBUG[0m [2mhyper::client::pool[0m[2m:[0m reuse idle connection for ("http", 192.168.0.14:8545)
[2m2025-12-10T10:13:07.399853Z[0m [34mDEBUG[0m [2mhyper::proto::h1::io[0m[2m:[0m flushed 172 bytes
[2m2025-12-10T10:13:07.402798Z[0m [34mDEBUG[0m [2mhyper::proto::h1::io[0m[2m:[0m parsed 4 headers
[2m2025-12-10T10:13:07.402806Z[0m [34mDEBUG[0m [2mhyper::proto::h1::conn[0m[2m:[0m incoming body is content-length (45 bytes)
[2m2025-12-10T10:13:07.402813Z[0m [34mDEBUG[0m [2mhyper::proto::h1::conn[0m[2m:[0m incoming body completed
[2m2025-12-10T10:13:07.402821Z[0m [34mDEBUG[0m [2mhyper::client::pool[0m[2m:[0m pooling idle connection for ("http", 192.168.0.14:8545)
[2m2025-12-10T10:13:07.409152Z[0m [34mDEBUG[0m [2methereum_transaction_pool_monitor::eth_client[0m[2m:[0m ✅ Transaction 0xd9e1de21ab883ae695e61b70b09d321ae47347abbe2eedabdc31ed054a056dc0 fetched and parsed in 81.656375ms
[2m2025-12-10T10:13:07.409169Z[0m [34mDEBUG[0m [2methereum_transaction_pool_monitor::mempool_monitor[0m[2m:[0m 🔍 Skipping tx 0xd9e1de21ab883ae695e61b70b09d321ae47347abbe2eedabdc31ed054a056dc0 - not a DEX interaction (target: 0x3B4D794a66304F130a4Db8F2551B0070dfCf5ca7)
[2m2025-12-10T10:13:07.409181Z[0m [34mDEBUG[0m [2methereum_transaction_pool_monitor::mempool_monitor[0m[2m:[0m 📨 Processing new pending transaction: 0x10fef62a5df7b5b1fa8bf0d2d37e585ae647682e7fa96a686920e115ae520c3f
[2m2025-12-10T10:13:07.409187Z[0m [34mDEBUG[0m [2methereum_transaction_pool_monitor::mempool_monitor[0m[2m:[0m 🔍 Fetching transaction details for: 0x10fef62a5df7b5b1fa8bf0d2d37e585ae647682e7fa96a686920e115ae520c3f
[2m2025-12-10T10:13:07.409193Z[0m [34mDEBUG[0m [2methereum_transaction_pool_monitor::eth_client[0m[2m:[0m 🔍 Fetching transaction details for hash: 0x10fef62a5df7b5b1fa8bf0d2d37e585ae647682e7fa96a686920e115ae520c3f
[2m2025-12-10T10:13:07.409207Z[0m [34mDEBUG[0m [2mhyper::client::pool[0m[2m:[0m reuse idle connection for ("http", 192.168.0.14:8545)
[2m2025-12-10T10:13:07.409238Z[0m [34mDEBUG[0m [2mhyper::proto::h1::io[0m[2m:[0m flushed 250 bytes
[2m2025-12-10T10:13:07.415884Z[0m [34mDEBUG[0m [2mhyper::proto::h1::io[0m[2m:[0m parsed 4 headers
[2m2025-12-10T10:13:07.415890Z[0m [34mDEBUG[0m [2mhyper::proto::h1::conn[0m[2m:[0m incoming body is content-length (830 bytes)
[2m2025-12-10T10:13:07.415896Z[0m [34mDEBUG[0m [2mhyper::proto::h1::conn[0m[2m:[0m incoming body completed
[2m2025-12-10T10:13:07.415942Z[0m [34mDEBUG[0m [2mhyper::client::pool[0m[2m:[0m pooling idle connection for ("http", 192.168.0.14:8545)
[2m2025-12-10T10:13:07.415951Z[0m [34mDEBUG[0m [2methereum_transaction_pool_monitor::eth_client[0m[2m:[0m 📡 Transaction fetch RPC completed in 6.752833ms
[2m2025-12-10T10:13:07.487720Z[0m [34mDEBUG[0m [2methereum_transaction_pool_monitor::eth_client[0m[2m:[0m ✅ Transaction 0x10fef62a5df7b5b1fa8bf0d2d37e585ae647682e7fa96a686920e115ae520c3f fetched and parsed in 78.519917ms
[2m2025-12-10T10:13:07.487747Z[0m [34mDEBUG[0m [2methereum_transaction_pool_monitor::mempool_monitor[0m[2m:[0m 🔍 Skipping tx 0x10fef62a5df7b5b1fa8bf0d2d37e585ae647682e7fa96a686920e115ae520c3f - not a DEX interaction (target: 0x3B4D794a66304F130a4Db8F2551B0070dfCf5ca7)
[2m2025-12-10T10:13:07.487757Z[0m [34mDEBUG[0m [2methereum_transaction_pool_monitor::mempool_monitor[0m[2m:[0m 📨 Processing new pending transaction: 0x7d61eca145982fdff9964de683d18fa10e4dc22c0d3053b745ccbf86e988c08a
[2m2025-12-10T10:13:07.487763Z[0m [34mDEBUG[0m [2methereum_transaction_pool_monitor::mempool_monitor[0m[2m:[0m 🔍 Fetching transaction details for: 0x7d61eca145982fdff9964de683d18fa10e4dc22c0d3053b745ccbf86e988c08a
[2m2025-12-10T10:13:07.487769Z[0m [34mDEBUG[0m [2methereum_transaction_pool_monitor::eth_client[0m[2m:[0m 🔍 Fetching transaction details for hash: 0x7d61eca145982fdff9964de683d18fa10e4dc22c0d3053b745ccbf86e988c08a
[2m2025-12-10T10:13:07.487788Z[0m [34mDEBUG[0m [2mhyper::client::pool[0m[2m:[0m reuse idle connection for ("http", 192.168.0.14:8545)
[2m2025-12-10T10:13:07.487835Z[0m [34mDEBUG[0m [2mhyper::proto::h1::io[0m[2m:[0m flushed 250 bytes
[2m2025-12-10T10:13:07.487856Z[0m [34mDEBUG[0m [2methereum_transaction_pool_monitor::eth_client[0m[2m:[0m 📨 Received WebSocket message: {"jsonrpc":"2.0","method":"eth_subscription","params":{"subscription":"0xbed0a0851463e895960a451075a301a9","result":"0x9078bf48c106d3239c1e435434aa177707998254e236fcb3a70f9224f48f0654"}}
[2m2025-12-10T10:13:07.487866Z[0m [34mDEBUG[0m [2methereum_transaction_pool_monitor::eth_client[0m[2m:[0m 📨 Received pending transaction: 0x9078bf48c106d3239c1e435434aa177707998254e236fcb3a70f9224f48f0654
[2m2025-12-10T10:13:07.497260Z[0m [34mDEBUG[0m [2mhyper::proto::h1::io[0m[2m:[0m parsed 4 headers
[2m2025-12-10T10:13:07.497289Z[0m [34mDEBUG[0m [2mhyper::proto::h1::conn[0m[2m:[0m incoming body is content-length (770 bytes)
[2m2025-12-10T10:13:07.497314Z[0m [34mDEBUG[0m [2mhyper::proto::h1::conn[0m[2m:[0m incoming body completed
[2m2025-12-10T10:13:07.497336Z[0m [34mDEBUG[0m [2mhyper::client::pool[0m[2m:[0m pooling idle connection for ("http", 192.168.0.14:8545)
[2m2025-12-10T10:13:07.497344Z[0m [34mDEBUG[0m [2methereum_transaction_pool_monitor::eth_client[0m[2m:[0m 📡 Transaction fetch RPC completed in 9.569375ms
[2m2025-12-10T10:13:07.567940Z[0m [34mDEBUG[0m [2methereum_transaction_pool_monitor::eth_client[0m[2m:[0m ✅ Transaction 0x7d61eca145982fdff9964de683d18fa10e4dc22c0d3053b745ccbf86e988c08a fetched and parsed in 80.163667ms
[2m2025-12-10T10:13:07.567968Z[0m [34mDEBUG[0m [2methereum_transaction_pool_monitor::mempool_monitor[0m[2m:[0m 🔍 Skipping tx 0x7d61eca145982fdff9964de683d18fa10e4dc22c0d3053b745ccbf86e988c08a - not a DEX interaction (target: 0xD7448cCbA6E1C01A5FBE4748e062c500FCfdF4f2)
[2m2025-12-10T10:13:07.567982Z[0m [34mDEBUG[0m [2methereum_transaction_pool_monitor::mempool_monitor[0m[2m:[0m 📨 Processing new pending transaction: 0xe0f91ff37cdcf46f987ece65dacc8f014272489719565e11ddbe77ee49043fb5
[2m2025-12-10T10:13:07.567991Z[0m [34mDEBUG[0m [2methereum_transaction_pool_monitor::mempool_monitor[0m[2m:[0m 🔍 Fetching transaction details for: 0xe0f91ff37cdcf46f987ece65dacc8f014272489719565e11ddbe77ee49043fb5
[2m2025-12-10T10:13:07.567999Z[0m [34mDEBUG[0m [2methereum_transaction_pool_monitor::eth_client[0m[2m:[0m 🔍 Fetching transaction details for hash: 0xe0f91ff37cdcf46f987ece65dacc8f014272489719565e11ddbe77ee49043fb5
[2m2025-12-10T10:13:07.568019Z[0m [34mDEBUG[0m [2mhyper::client::pool[0m[2m:[0m reuse idle connection for ("http", 192.168.0.14:8545)
[2m2025-12-10T10:13:07.568057Z[0m [34mDEBUG[0m [2mhyper::proto::h1::io[0m[2m:[0m flushed 250 bytes
[2m2025-12-10T10:13:07.568092Z[0m [34mDEBUG[0m [2mhyper::client::pool[0m[2m:[0m reuse idle connection for ("http", 192.168.0.14:8545)
[2m2025-12-10T10:13:07.568105Z[0m [34mDEBUG[0m [2methereum_transaction_pool_monitor::eth_client[0m[2m:[0m 📨 Received WebSocket message: {"jsonrpc":"2.0","method":"eth_subscription","params":{"subscription":"0xbed0a0851463e895960a451075a301a9","result":"0x8283b810e51ca241acb4b64ede2ca44ca9abd17dcae0a1ca106a9e33cc65f7f2"}}
[2m2025-12-10T10:13:07.568110Z[0m [34mDEBUG[0m [2mhyper::proto::h1::io[0m[2m:[0m flushed 172 bytes
[2m2025-12-10T10:13:07.568118Z[0m [34mDEBUG[0m [2methereum_transaction_pool_monitor::eth_client[0m[2m:[0m 📨 Received pending transaction: 0x8283b810e51ca241acb4b64ede2ca44ca9abd17dcae0a1ca106a9e33cc65f7f2
[2m2025-12-10T10:13:07.572760Z[0m [34mDEBUG[0m [2mhyper::proto::h1::io[0m[2m:[0m parsed 4 headers
[2m2025-12-10T10:13:07.572784Z[0m [34mDEBUG[0m [2mhyper::proto::h1::conn[0m[2m:[0m incoming body is content-length (45 bytes)
[2m2025-12-10T10:13:07.572808Z[0m [34mDEBUG[0m [2mhyper::proto::h1::conn[0m[2m:[0m incoming body completed
[2m2025-12-10T10:13:07.572817Z[0m [34mDEBUG[0m [2mhyper::client::pool[0m[2m:[0m pooling idle connection for ("http", 192.168.0.14:8545)
[2m2025-12-10T10:13:07.576179Z[0m [34mDEBUG[0m [2mhyper::proto::h1::io[0m[2m:[0m parsed 4 headers
[2m2025-12-10T10:13:07.578619Z[0m [34mDEBUG[0m [2mhyper::proto::h1::conn[0m[2m:[0m incoming body is content-length (771 bytes)
[2m2025-12-10T10:13:07.578638Z[0m [34mDEBUG[0m [2mhyper::proto::h1::conn[0m[2m:[0m incoming body completed
[2m2025-12-10T10:13:07.578649Z[0m [34mDEBUG[0m [2mhyper::client::pool[0m[2m:[0m pooling idle connection for ("http", 192.168.0.14:8545)
[2m2025-12-10T10:13:07.578667Z[0m [34mDEBUG[0m [2methereum_transaction_pool_monitor::eth_client[0m[2m:[0m 📡 Transaction fetch RPC completed in 10.661291ms
[2m2025-12-10T10:13:07.649702Z[0m [34mDEBUG[0m [2methereum_transaction_pool_monitor::eth_client[0m[2m:[0m ✅ Transaction 0xe0f91ff37cdcf46f987ece65dacc8f014272489719565e11ddbe77ee49043fb5 fetched and parsed in 81.694125ms
[2m2025-12-10T10:13:07.649727Z[0m [34mDEBUG[0m [2methereum_transaction_pool_monitor::mempool_monitor[0m[2m:[0m 🔍 Skipping tx 0xe0f91ff37cdcf46f987ece65dacc8f014272489719565e11ddbe77ee49043fb5 - not a DEX interaction (target: 0x904567252D8F48555b7447c67dCA23F0372E16be)
[2m2025-12-10T10:13:07.649738Z[0m [34mDEBUG[0m [2methereum_transaction_pool_monitor::mempool_monitor[0m[2m:[0m 📨 Processing new pending transaction: 0x27f88942f0227f8d3a174410fb200d7cd3dcfa649919d65093ac12ff175e44a7
[2m2025-12-10T10:13:07.649744Z[0m [34mDEBUG[0m [2methereum_transaction_pool_monitor::mempool_monitor[0m[2m:[0m 🔍 Fetching transaction details for: 0x27f88942f0227f8d3a174410fb200d7cd3dcfa649919d65093ac12ff175e44a7
[2m2025-12-10T10:13:07.649750Z[0m [34mDEBUG[0m [2methereum_transaction_pool_monitor::eth_client[0m[2m:[0m 🔍 Fetching transaction details for hash: 0x27f88942f0227f8d3a174410fb200d7cd3dcfa649919d65093ac12ff175e44a7
[2m2025-12-10T10:13:07.649769Z[0m [34mDEBUG[0m [2mhyper::client::pool[0m[2m:[0m reuse idle connection for ("http", 192.168.0.14:8545)
[2m2025-12-10T10:13:07.649815Z[0m [34mDEBUG[0m [2mhyper::proto::h1::io[0m[2m:[0m flushed 250 bytes
[2m2025-12-10T10:13:07.649836Z[0m [34mDEBUG[0m [2mhyper::client::pool[0m[2m:[0m reuse idle connection for ("http", 192.168.0.14:8545)
[2m2025-12-10T10:13:07.649848Z[0m [34mDEBUG[0m [2methereum_transaction_pool_monitor::eth_client[0m[2m:[0m 📨 Received WebSocket message: {"jsonrpc":"2.0","method":"eth_subscription","params":{"subscription":"0xbed0a0851463e895960a451075a301a9","result":"0x44414a7dda879389b47dbf0b6a908012b68830fa33b91373a81c9382488ffa0f"}}
[2m2025-12-10T10:13:07.649850Z[0m [34mDEBUG[0m [2mhyper::proto::h1::io[0m[2m:[0m flushed 172 bytes
[2m2025-12-10T10:13:07.649861Z[0m [34mDEBUG[0m [2methereum_transaction_pool_monitor::eth_client[0m[2m:[0m 📨 Received pending transaction: 0x44414a7dda879389b47dbf0b6a908012b68830fa33b91373a81c9382488ffa0f
[2m2025-12-10T10:13:07.649869Z[0m [34mDEBUG[0m [2methereum_transaction_pool_monitor::eth_client[0m[2m:[0m 📨 Received WebSocket message: {"jsonrpc":"2.0","method":"eth_subscription","params":{"subscription":"0xbed0a0851463e895960a451075a301a9","result":"0x16028c57ee50f8513db5bde1f567cdefa0081f930328204b3f4ddc8a1b97bb3f"}}
[2m2025-12-10T10:13:07.649878Z[0m [34mDEBUG[0m [2methereum_transaction_pool_monitor::eth_client[0m[2m:[0m 📨 Received pending transaction: 0x16028c57ee50f8513db5bde1f567cdefa0081f930328204b3f4ddc8a1b97bb3f
[2m2025-12-10T10:13:07.649886Z[0m [34mDEBUG[0m [2methereum_transaction_pool_monitor::eth_client[0m[2m:[0m 📨 Received WebSocket message: {"jsonrpc":"2.0","method":"eth_subscription","params":{"subscription":"0xbed0a0851463e895960a451075a301a9","result":"0x38682845c11f9327fbb479b4c8d87721b30a71cac3d130d7d14e935c6e00bfba"}}
[2m2025-12-10T10:13:07.649895Z[0m [34mDEBUG[0m [2methereum_transaction_pool_monitor::eth_client[0m[2m:[0m 📨 Received pending transaction: 0x38682845c11f9327fbb479b4c8d87721b30a71cac3d130d7d14e935c6e00bfba
[2m2025-12-10T10:13:07.653636Z[0m [34mDEBUG[0m [2mhyper::proto::h1::io[0m[2m:[0m parsed 4 headers
[2m2025-12-10T10:13:07.653661Z[0m [34mDEBUG[0m [2mhyper::proto::h1::conn[0m[2m:[0m incoming body is content-length (776 bytes)
[2m2025-12-10T10:13:07.653688Z[0m [34mDEBUG[0m [2mhyper::proto::h1::conn[0m[2m:[0m incoming body completed
[2m2025-12-10T10:13:07.653716Z[0m [34mDEBUG[0m [2mhyper::client::pool[0m[2m:[0m pooling idle connection for ("http", 192.168.0.14:8545)
[2m2025-12-10T10:13:07.653722Z[0m [34mDEBUG[0m [2methereum_transaction_pool_monitor::eth_client[0m[2m:[0m 📡 Transaction fetch RPC completed in 3.967416ms
[2m2025-12-10T10:13:07.653736Z[0m [34mDEBUG[0m [2methereum_transaction_pool_monitor::eth_client[0m[2m:[0m DeFi transaction detected - Address: 0xdac17f958d2ee523a2206206994597c13d831ec7, Type: Stablecoin, Value: 0 ETH, Gas: 12.00 Gwei
[2m2025-12-10T10:13:07.653749Z[0m [34mDEBUG[0m [2methereum_transaction_pool_monitor::eth_client[0m[2m:[0m ✅ Transaction 0x27f88942f0227f8d3a174410fb200d7cd3dcfa649919d65093ac12ff175e44a7 fetched and parsed in 3.995125ms
[2m2025-12-10T10:13:07.653755Z[0m [34mDEBUG[0m [2methereum_transaction_pool_monitor::mempool_monitor[0m[2m:[0m 🔍 Skipping tx 0x27f88942f0227f8d3a174410fb200d7cd3dcfa649919d65093ac12ff175e44a7 - not a DEX interaction (target: 0xdAC17F958D2ee523a2206206994597C13D831ec7)
[2m2025-12-10T10:13:07.653761Z[0m [34mDEBUG[0m [2methereum_transaction_pool_monitor::mempool_monitor[0m[2m:[0m 📨 Processing new pending transaction: 0x906a08ddcb26995142bba74fd901218548e47348b4a337b19fa45785c0e3ba3c
[2m2025-12-10T10:13:07.653765Z[0m [34mDEBUG[0m [2methereum_transaction_pool_monitor::mempool_monitor[0m[2m:[0m 🔍 Fetching transaction details for: 0x906a08ddcb26995142bba74fd901218548e47348b4a337b19fa45785c0e3ba3c
[2m2025-12-10T10:13:07.653769Z[0m [34mDEBUG[0m [2methereum_transaction_pool_monitor::eth_client[0m[2m:[0m 🔍 Fetching transaction details for hash: 0x906a08ddcb26995142bba74fd901218548e47348b4a337b19fa45785c0e3ba3c
[2m2025-12-10T10:13:07.653776Z[0m [34mDEBUG[0m [2mhyper::client::pool[0m[2m:[0m reuse idle connection for ("http", 192.168.0.14:8545)
[2m2025-12-10T10:13:07.653789Z[0m [34mDEBUG[0m [2mhyper::proto::h1::io[0m[2m:[0m flushed 250 bytes
[2m2025-12-10T10:13:07.655125Z[0m [34mDEBUG[0m [2mhyper::proto::h1::io[0m[2m:[0m parsed 4 headers
[2m2025-12-10T10:13:07.655150Z[0m [34mDEBUG[0m [2mhyper::proto::h1::conn[0m[2m:[0m incoming body is content-length (45 bytes)
[2m2025-12-10T10:13:07.655157Z[0m [34mDEBUG[0m [2mhyper::proto::h1::conn[0m[2m:[0m incoming body completed
[2m2025-12-10T10:13:07.655164Z[0m [34mDEBUG[0m [2mhyper::client::pool[0m[2m:[0m pooling idle connection for ("http", 192.168.0.14:8545)
[2m2025-12-10T10:13:07.659192Z[0m [34mDEBUG[0m [2mhyper::proto::h1::io[0m[2m:[0m parsed 4 headers
[2m2025-12-10T10:13:07.659200Z[0m [34mDEBUG[0m [2mhyper::proto::h1::conn[0m[2m:[0m incoming body is content-length (765 bytes)
[2m2025-12-10T10:13:07.659205Z[0m [34mDEBUG[0m [2mhyper::proto::h1::conn[0m[2m:[0m incoming body completed
[2m2025-12-10T10:13:07.659210Z[0m [34mDEBUG[0m [2mhyper::client::pool[0m[2m:[0m pooling idle connection for ("http", 192.168.0.14:8545)
[2m2025-12-10T10:13:07.659215Z[0m [34mDEBUG[0m [2methereum_transaction_pool_monitor::eth_client[0m[2m:[0m 📡 Transaction fetch RPC completed in 5.441625ms
[2m2025-12-10T10:13:07.659224Z[0m [34mDEBUG[0m [2methereum_transaction_pool_monitor::eth_client[0m[2m:[0m DeFi transaction detected - Address: 0xdac17f958d2ee523a2206206994597c13d831ec7, Type: Stablecoin, Value: 0 ETH, Gas: 0.25 Gwei
[2m2025-12-10T10:13:07.659233Z[0m [34mDEBUG[0m [2methereum_transaction_pool_monitor::eth_client[0m[2m:[0m ✅ Transaction 0x906a08ddcb26995142bba74fd901218548e47348b4a337b19fa45785c0e3ba3c fetched and parsed in 5.460084ms
[2m2025-12-10T10:13:07.659238Z[0m [34mDEBUG[0m [2methereum_transaction_pool_monitor::mempool_monitor[0m[2m:[0m 🔍 Skipping tx 0x906a08ddcb26995142bba74fd901218548e47348b4a337b19fa45785c0e3ba3c - not a DEX interaction (target: 0xdAC17F958D2ee523a2206206994597C13D831ec7)
[2m2025-12-10T10:13:07.659244Z[0m [34mDEBUG[0m [2methereum_transaction_pool_monitor::mempool_monitor[0m[2m:[0m 📨 Processing new pending transaction: 0x49b053751efd1dee188641496ffd947e24e7ef81efb94760224010fddf1a191e
[2m2025-12-10T10:13:07.659248Z[0m [34mDEBUG[0m [2methereum_transaction_pool_monitor::mempool_monitor[0m[2m:[0m 🔍 Fetching transaction details for: 0x49b053751efd1dee188641496ffd947e24e7ef81efb94760224010fddf1a191e
[2m2025-12-10T10:13:07.659252Z[0m [34mDEBUG[0m [2methereum_transaction_pool_monitor::eth_client[0m[2m:[0m 🔍 Fetching transaction details for hash: 0x49b053751efd1dee188641496ffd947e24e7ef81efb94760224010fddf1a191e
[2m2025-12-10T10:13:07.659258Z[0m [34mDEBUG[0m [2mhyper::client::pool[0m[2m:[0m reuse idle connection for ("http", 192.168.0.14:8545)
[2m2025-12-10T10:13:07.659272Z[0m [34mDEBUG[0m [2mhyper::proto::h1::io[0m[2m:[0m flushed 250 bytes
[2m2025-12-10T10:13:07.665739Z[0m [34mDEBUG[0m [2mhyper::proto::h1::io[0m[2m:[0m parsed 4 headers
[2m2025-12-10T10:13:07.665762Z[0m [34mDEBUG[0m [2mhyper::proto::h1::conn[0m[2m:[0m incoming body is content-length (1962 bytes)
[2m2025-12-10T10:13:07.665793Z[0m [34mDEBUG[0m [2methereum_transaction_pool_monitor::eth_client[0m[2m:[0m 📡 Transaction fetch RPC completed in 6.537083ms
[2m2025-12-10T10:13:07.666619Z[0m [34mDEBUG[0m [2mhyper::proto::h1::conn[0m[2m:[0m incoming body completed
[2m2025-12-10T10:13:07.666653Z[0m [34mDEBUG[0m [2mhyper::client::pool[0m[2m:[0m pooling idle connection for ("http", 192.168.0.14:8545)
[2m2025-12-10T10:13:07.670977Z[0m [34mDEBUG[0m [2methereum_transaction_pool_monitor::eth_client[0m[2m:[0m 📨 Received WebSocket message: {"jsonrpc":"2.0","method":"eth_subscription","params":{"subscription":"0xbed0a0851463e895960a451075a301a9","result":"0xd3970b3a96ece1a1b813786550541c5b755783935a0d7dbe0693d750d1d8d6a4"}}
[2m2025-12-10T10:13:07.670987Z[0m [34mDEBUG[0m [2methereum_transaction_pool_monitor::eth_client[0m[2m:[0m 📨 Received pending transaction: 0xd3970b3a96ece1a1b813786550541c5b755783935a0d7dbe0693d750d1d8d6a4
[2m2025-12-10T10:13:07.698731Z[0m [34mDEBUG[0m [2mhyper::client::pool[0m[2m:[0m reuse idle connection for ("http", 192.168.0.14:8545)
[2m2025-12-10T10:13:07.698793Z[0m [34mDEBUG[0m [2mhyper::proto::h1::io[0m[2m:[0m flushed 172 bytes
[2m2025-12-10T10:13:07.701726Z[0m [34mDEBUG[0m [2mhyper::proto::h1::io[0m[2m:[0m parsed 4 headers
[2m2025-12-10T10:13:07.701735Z[0m [34mDEBUG[0m [2mhyper::proto::h1::conn[0m[2m:[0m incoming body is content-length (45 bytes)
[2m2025-12-10T10:13:07.701743Z[0m [34mDEBUG[0m [2mhyper::proto::h1::conn[0m[2m:[0m incoming body completed
[2m2025-12-10T10:13:07.701752Z[0m [34mDEBUG[0m [2mhyper::client::pool[0m[2m:[0m pooling idle connection for ("http", 192.168.0.14:8545)
[2m2025-12-10T10:13:07.737011Z[0m [34mDEBUG[0m [2methereum_transaction_pool_monitor::eth_client[0m[2m:[0m ✅ Transaction 0x49b053751efd1dee188641496ffd947e24e7ef81efb94760224010fddf1a191e fetched and parsed in 77.753167ms
[2m2025-12-10T10:13:07.737036Z[0m [34mDEBUG[0m [2methereum_transaction_pool_monitor::mempool_monitor[0m[2m:[0m 🔍 Skipping tx 0x49b053751efd1dee188641496ffd947e24e7ef81efb94760224010fddf1a191e - not a DEX interaction (target: 0xfaf17849fb05a11a4E233f221bAc99CA43Fc83f8)
[2m2025-12-10T10:13:07.737047Z[0m [34mDEBUG[0m [2methereum_transaction_pool_monitor::mempool_monitor[0m[2m:[0m 📨 Processing new pending transaction: 0x2c8f634898b9b0881bf6ae40929dda6bed9e19d46b3a3f8cd099e2555206e722
[2m2025-12-10T10:13:07.737053Z[0m [34mDEBUG[0m [2methereum_transaction_pool_monitor::mempool_monitor[0m[2m:[0m 🔍 Fetching transaction details for: 0x2c8f634898b9b0881bf6ae40929dda6bed9e19d46b3a3f8cd099e2555206e722
[2m2025-12-10T10:13:07.737060Z[0m [34mDEBUG[0m [2methereum_transaction_pool_monitor::eth_client[0m[2m:[0m 🔍 Fetching transaction details for hash: 0x2c8f634898b9b0881bf6ae40929dda6bed9e19d46b3a3f8cd099e2555206e722
[2m2025-12-10T10:13:07.737078Z[0m [34mDEBUG[0m [2mhyper::client::pool[0m[2m:[0m reuse idle connection for ("http", 192.168.0.14:8545)
[2m2025-12-10T10:13:07.737122Z[0m [34mDEBUG[0m [2mhyper::proto::h1::io[0m[2m:[0m flushed 250 bytes
[2m2025-12-10T10:13:07.741784Z[0m [34mDEBUG[0m [2mhyper::proto::h1::io[0m[2m:[0m parsed 4 headers
[2m2025-12-10T10:13:07.741793Z[0m [34mDEBUG[0m [2mhyper::proto::h1::conn[0m[2m:[0m incoming body is content-length (646 bytes)
[2m2025-12-10T10:13:07.741808Z[0m [34mDEBUG[0m [2mhyper::proto::h1::conn[0m[2m:[0m incoming body completed
[2m2025-12-10T10:13:07.741826Z[0m [34mDEBUG[0m [2mhyper::client::pool[0m[2m:[0m pooling idle connection for ("http", 192.168.0.14:8545)
[2m2025-12-10T10:13:07.741836Z[0m [34mDEBUG[0m [2methereum_transaction_pool_monitor::eth_client[0m[2m:[0m 📡 Transaction fetch RPC completed in 4.771917ms
[2m2025-12-10T10:13:07.813277Z[0m [34mDEBUG[0m [2methereum_transaction_pool_monitor::eth_client[0m[2m:[0m ✅ Transaction 0x2c8f634898b9b0881bf6ae40929dda6bed9e19d46b3a3f8cd099e2555206e722 fetched and parsed in 76.210208ms
[2m2025-12-10T10:13:07.813306Z[0m [34mDEBUG[0m [2methereum_transaction_pool_monitor::mempool_monitor[0m[2m:[0m 🔍 Skipping tx 0x2c8f634898b9b0881bf6ae40929dda6bed9e19d46b3a3f8cd099e2555206e722 - not a DEX interaction (target: 0x13D7B150ea76DCfDB151cAd3fa27C80734BD34ae)
[2m2025-12-10T10:13:07.813322Z[0m [34mDEBUG[0m [2methereum_transaction_pool_monitor::mempool_monitor[0m[2m:[0m 📨 Processing new pending transaction: 0xb76bd241748f81b18d750421cc2b29ef2ec54239e544a8b9e47702ea245400a0
[2m2025-12-10T10:13:07.813330Z[0m [34mDEBUG[0m [2methereum_transaction_pool_monitor::mempool_monitor[0m[2m:[0m 🔍 Fetching transaction details for: 0xb76bd241748f81b18d750421cc2b29ef2ec54239e544a8b9e47702ea245400a0
[2m2025-12-10T10:13:07.813338Z[0m [34mDEBUG[0m [2methereum_transaction_pool_monitor::eth_client[0m[2m:[0m 🔍 Fetching transaction details for hash: 0xb76bd241748f81b18d750421cc2b29ef2ec54239e544a8b9e47702ea245400a0
[2m2025-12-10T10:13:07.813357Z[0m [34mDEBUG[0m [2mhyper::client::pool[0m[2m:[0m reuse idle connection for ("http", 192.168.0.14:8545)
[2m2025-12-10T10:13:07.813386Z[0m [34mDEBUG[0m [2mhyper::proto::h1::io[0m[2m:[0m flushed 250 bytes
[2m2025-12-10T10:13:07.813409Z[0m [34mDEBUG[0m [2mhyper::client::pool[0m[2m:[0m reuse idle connection for ("http", 192.168.0.14:8545)
[2m2025-12-10T10:13:07.813423Z[0m [34mDEBUG[0m [2methereum_transaction_pool_monitor::eth_client[0m[2m:[0m 📨 Received WebSocket message: {"jsonrpc":"2.0","method":"eth_subscription","params":{"subscription":"0xbed0a0851463e895960a451075a301a9","result":"0xcda08c0ec70487dc95f38e4458f77bc20f4f198e9b9407e0c78cc5cf8f8fd446"}}
[2m2025-12-10T10:13:07.813427Z[0m [34mDEBUG[0m [2mhyper::proto::h1::io[0m[2m:[0m flushed 172 bytes
[2m2025-12-10T10:13:07.813440Z[0m [34mDEBUG[0m [2methereum_transaction_pool_monitor::eth_client[0m[2m:[0m 📨 Received pending transaction: 0xcda08c0ec70487dc95f38e4458f77bc20f4f198e9b9407e0c78cc5cf8f8fd446
[2m2025-12-10T10:13:07.813462Z[0m [34mDEBUG[0m [2methereum_transaction_pool_monitor::eth_client[0m[2m:[0m 📨 Received WebSocket message: {"jsonrpc":"2.0","method":"eth_subscription","params":{"subscription":"0xbed0a0851463e895960a451075a301a9","result":"0xf1349fb5d9c7953b510771ce6a728c07b590fe290f9e137a3f9587a8ae4b151b"}}
[2m2025-12-10T10:13:07.813471Z[0m [34mDEBUG[0m [2methereum_transaction_pool_monitor::eth_client[0m[2m:[0m 📨 Received pending transaction: 0xf1349fb5d9c7953b510771ce6a728c07b590fe290f9e137a3f9587a8ae4b151b
[2m2025-12-10T10:13:07.817613Z[0m [34mDEBUG[0m [2mhyper::proto::h1::io[0m[2m:[0m parsed 4 headers
[2m2025-12-10T10:13:07.817620Z[0m [34mDEBUG[0m [2mhyper::proto::h1::conn[0m[2m:[0m incoming body is content-length (45 bytes)
[2m2025-12-10T10:13:07.817630Z[0m [34mDEBUG[0m [2mhyper::proto::h1::conn[0m[2m:[0m incoming body completed
[2m2025-12-10T10:13:07.817641Z[0m [34mDEBUG[0m [2mhyper::client::pool[0m[2m:[0m pooling idle connection for ("http", 192.168.0.14:8545)
[2m2025-12-10T10:13:07.822101Z[0m [34mDEBUG[0m [2mhyper::proto::h1::io[0m[2m:[0m parsed 4 headers
[2m2025-12-10T10:13:07.822121Z[0m [34mDEBUG[0m [2mhyper::proto::h1::conn[0m[2m:[0m incoming body is content-length (652 bytes)
[2m2025-12-10T10:13:07.822140Z[0m [34mDEBUG[0m [2mhyper::proto::h1::conn[0m[2m:[0m incoming body completed
[2m2025-12-10T10:13:07.822157Z[0m [34mDEBUG[0m [2mhyper::client::pool[0m[2m:[0m pooling idle connection for ("http", 192.168.0.14:8545)
[2m2025-12-10T10:13:07.822161Z[0m [34mDEBUG[0m [2methereum_transaction_pool_monitor::eth_client[0m[2m:[0m 📡 Transaction fetch RPC completed in 8.817875ms
[2m2025-12-10T10:13:07.893134Z[0m [34mDEBUG[0m [2methereum_transaction_pool_monitor::eth_client[0m[2m:[0m ✅ Transaction 0xb76bd241748f81b18d750421cc2b29ef2ec54239e544a8b9e47702ea245400a0 fetched and parsed in 79.788417ms
[2m2025-12-10T10:13:07.893161Z[0m [34mDEBUG[0m [2methereum_transaction_pool_monitor::mempool_monitor[0m[2m:[0m 🔍 Skipping tx 0xb76bd241748f81b18d750421cc2b29ef2ec54239e544a8b9e47702ea245400a0 - not a DEX interaction (target: 0xAF6A6Dc056D408AA5a6adF55114FeF90323e1A59)
[2m2025-12-10T10:13:07.893173Z[0m [34mDEBUG[0m [2methereum_transaction_pool_monitor::mempool_monitor[0m[2m:[0m 📨 Processing new pending transaction: 0x2d354ec17c9abd393c29bbb16989cbc611649bb9b02bec6e988f332c2ae8ee99
[2m2025-12-10T10:13:07.893181Z[0m [34mDEBUG[0m [2methereum_transaction_pool_monitor::mempool_monitor[0m[2m:[0m 🔍 Fetching transaction details for: 0x2d354ec17c9abd393c29bbb16989cbc611649bb9b02bec6e988f332c2ae8ee99
[2m2025-12-10T10:13:07.893186Z[0m [34mDEBUG[0m [2methereum_transaction_pool_monitor::eth_client[0m[2m:[0m 🔍 Fetching transaction details for hash: 0x2d354ec17c9abd393c29bbb16989cbc611649bb9b02bec6e988f332c2ae8ee99
[2m2025-12-10T10:13:07.893203Z[0m [34mDEBUG[0m [2mhyper::client::pool[0m[2m:[0m reuse idle connection for ("http", 192.168.0.14:8545)
[2m2025-12-10T10:13:07.893235Z[0m [34mDEBUG[0m [2mhyper::proto::h1::io[0m[2m:[0m flushed 250 bytes
[2m2025-12-10T10:13:07.893255Z[0m [34mDEBUG[0m [2methereum_transaction_pool_monitor::eth_client[0m[2m:[0m 📨 Received WebSocket message: {"jsonrpc":"2.0","method":"eth_subscription","params":{"subscription":"0xbed0a0851463e895960a451075a301a9","result":"0x4ff8210d280493a52e5d3821c27b1486383b296cc9c2ca6bfb4c4eaebf7a242d"}}
[2m2025-12-10T10:13:07.893264Z[0m [34mDEBUG[0m [2methereum_transaction_pool_monitor::eth_client[0m[2m:[0m 📨 Received pending transaction: 0x4ff8210d280493a52e5d3821c27b1486383b296cc9c2ca6bfb4c4eaebf7a242d
[2m2025-12-10T10:13:07.897161Z[0m [34mDEBUG[0m [2mhyper::proto::h1::io[0m[2m:[0m parsed 4 headers
[2m2025-12-10T10:13:07.897169Z[0m [34mDEBUG[0m [2mhyper::proto::h1::conn[0m[2m:[0m incoming body is content-length (829 bytes)
[2m2025-12-10T10:13:07.897176Z[0m [34mDEBUG[0m [2mhyper::proto::h1::conn[0m[2m:[0m incoming body completed
[2m2025-12-10T10:13:07.897185Z[0m [34mDEBUG[0m [2mhyper::client::pool[0m[2m:[0m pooling idle connection for ("http", 192.168.0.14:8545)
[2m2025-12-10T10:13:07.897192Z[0m [34mDEBUG[0m [2methereum_transaction_pool_monitor::eth_client[0m[2m:[0m 📡 Transaction fetch RPC completed in 4.001667ms
[2m2025-12-10T10:13:07.968454Z[0m [34mDEBUG[0m [2methereum_transaction_pool_monitor::eth_client[0m[2m:[0m ✅ Transaction 0x2d354ec17c9abd393c29bbb16989cbc611649bb9b02bec6e988f332c2ae8ee99 fetched and parsed in 75.261375ms
[2m2025-12-10T10:13:07.968478Z[0m [34mDEBUG[0m [2methereum_transaction_pool_monitor::mempool_monitor[0m[2m:[0m 🔍 Skipping tx 0x2d354ec17c9abd393c29bbb16989cbc611649bb9b02bec6e988f332c2ae8ee99 - not a DEX interaction (target: 0x3B4D794a66304F130a4Db8F2551B0070dfCf5ca7)
[2m2025-12-10T10:13:07.968488Z[0m [34mDEBUG[0m [2methereum_transaction_pool_monitor::mempool_monitor[0m[2m:[0m 📨 Processing new pending transaction: 0xe65308a0930e2dde8d3ef1c8b213ea4cffe11699296a9c630c1c44bfb1bf2b97
[2m2025-12-10T10:13:07.968495Z[0m [34mDEBUG[0m [2methereum_transaction_pool_monitor::mempool_monitor[0m[2m:[0m 🔍 Fetching transaction details for: 0xe65308a0930e2dde8d3ef1c8b213ea4cffe11699296a9c630c1c44bfb1bf2b97
[2m2025-12-10T10:13:07.968502Z[0m [34mDEBUG[0m [2methereum_transaction_pool_monitor::eth_client[0m[2m:[0m 🔍 Fetching transaction details for hash: 0xe65308a0930e2dde8d3ef1c8b213ea4cffe11699296a9c630c1c44bfb1bf2b97
[2m2025-12-10T10:13:07.968519Z[0m [34mDEBUG[0m [2mhyper::client::pool[0m[2m:[0m reuse idle connection for ("http", 192.168.0.14:8545)
[2m2025-12-10T10:13:07.968557Z[0m [34mDEBUG[0m [2mhyper::proto::h1::io[0m[2m:[0m flushed 250 bytes
[2m2025-12-10T10:13:07.968585Z[0m [34mDEBUG[0m [2mhyper::client::pool[0m[2m:[0m reuse idle connection for ("http", 192.168.0.14:8545)
[2m2025-12-10T10:13:07.968597Z[0m [34mDEBUG[0m [2mhyper::proto::h1::io[0m[2m:[0m flushed 172 bytes
[2m2025-12-10T10:13:07.978630Z[0m [34mDEBUG[0m [2mhyper::proto::h1::io[0m[2m:[0m parsed 4 headers
[2m2025-12-10T10:13:07.978651Z[0m [34mDEBUG[0m [2mhyper::proto::h1::conn[0m[2m:[0m incoming body is content-length (45 bytes)
[2m2025-12-10T10:13:07.978676Z[0m [34mDEBUG[0m [2mhyper::proto::h1::conn[0m[2m:[0m incoming body completed
[2m2025-12-10T10:13:07.978689Z[0m [34mDEBUG[0m [2mhyper::client::pool[0m[2m:[0m pooling idle connection for ("http", 192.168.0.14:8545)
[2m2025-12-10T10:13:07.981342Z[0m [34mDEBUG[0m [2mhyper::proto::h1::io[0m[2m:[0m parsed 4 headers
[2m2025-12-10T10:13:07.981363Z[0m [34mDEBUG[0m [2mhyper::proto::h1::conn[0m[2m:[0m incoming body is content-length (1412 bytes)
[2m2025-12-10T10:13:07.981382Z[0m [34mDEBUG[0m [2mhyper::proto::h1::conn[0m[2m:[0m incoming body completed
[2m2025-12-10T10:13:07.981405Z[0m [34mDEBUG[0m [2mhyper::client::pool[0m[2m:[0m pooling idle connection for ("http", 192.168.0.14:8545)
[2m2025-12-10T10:13:07.981413Z[0m [34mDEBUG[0m [2methereum_transaction_pool_monitor::eth_client[0m[2m:[0m 📡 Transaction fetch RPC completed in 12.905917ms
[2m2025-12-10T10:13:08.052219Z[0m [34mDEBUG[0m [2methereum_transaction_pool_monitor::eth_client[0m[2m:[0m ✅ Transaction 0xe65308a0930e2dde8d3ef1c8b213ea4cffe11699296a9c630c1c44bfb1bf2b97 fetched and parsed in 83.709917ms
[2m2025-12-10T10:13:08.052246Z[0m [34mDEBUG[0m [2methereum_transaction_pool_monitor::mempool_monitor[0m[2m:[0m 🔍 Skipping tx 0xe65308a0930e2dde8d3ef1c8b213ea4cffe11699296a9c630c1c44bfb1bf2b97 - not a DEX interaction (target: 0xF6801D319497789f934ec7F83E142a9536312B08)
[2m2025-12-10T10:13:08.052256Z[0m [34mDEBUG[0m [2methereum_transaction_pool_monitor::mempool_monitor[0m[2m:[0m 📨 Processing new pending transaction: 0x9078bf48c106d3239c1e435434aa177707998254e236fcb3a70f9224f48f0654
[2m2025-12-10T10:13:08.052270Z[0m [34mDEBUG[0m [2methereum_transaction_pool_monitor::mempool_monitor[0m[2m:[0m 🔍 Fetching transaction details for: 0x9078bf48c106d3239c1e435434aa177707998254e236fcb3a70f9224f48f0654
[2m2025-12-10T10:13:08.052279Z[0m [34mDEBUG[0m [2methereum_transaction_pool_monitor::eth_client[0m[2m:[0m 🔍 Fetching transaction details for hash: 0x9078bf48c106d3239c1e435434aa177707998254e236fcb3a70f9224f48f0654
[2m2025-12-10T10:13:08.052298Z[0m [34mDEBUG[0m [2mhyper::client::pool[0m[2m:[0m reuse idle connection for ("http", 192.168.0.14:8545)
[2m2025-12-10T10:13:08.052335Z[0m [34mDEBUG[0m [2mhyper::proto::h1::io[0m[2m:[0m flushed 250 bytes
[2m2025-12-10T10:13:08.052356Z[0m [34mDEBUG[0m [2mhyper::client::pool[0m[2m:[0m reuse idle connection for ("http", 192.168.0.14:8545)
[2m2025-12-10T10:13:08.052368Z[0m [34mDEBUG[0m [2methereum_transaction_pool_monitor::eth_client[0m[2m:[0m 📨 Received WebSocket message: {"jsonrpc":"2.0","method":"eth_subscription","params":{"subscription":"0xbed0a0851463e895960a451075a301a9","result":"0x93bcf870e42907c224b59153d25f2743f159c96dcfafa1c18b14f75e71ee7423"}}
[2m2025-12-10T10:13:08.052370Z[0m [34mDEBUG[0m [2mhyper::proto::h1::io[0m[2m:[0m flushed 172 bytes
[2m2025-12-10T10:13:08.052380Z[0m [34mDEBUG[0m [2methereum_transaction_pool_monitor::eth_client[0m[2m:[0m 📨 Received pending transaction: 0x93bcf870e42907c224b59153d25f2743f159c96dcfafa1c18b14f75e71ee7423
[2m2025-12-10T10:13:08.061757Z[0m [34mDEBUG[0m [2mhyper::proto::h1::io[0m[2m:[0m parsed 4 headers
[2m2025-12-10T10:13:08.061779Z[0m [34mDEBUG[0m [2mhyper::proto::h1::conn[0m[2m:[0m incoming body is content-length (1731 bytes)
[2m2025-12-10T10:13:08.061815Z[0m [34mDEBUG[0m [2mhyper::proto::h1::conn[0m[2m:[0m incoming body completed
[2m2025-12-10T10:13:08.061839Z[0m [34mDEBUG[0m [2mhyper::client::pool[0m[2m:[0m pooling idle connection for ("http", 192.168.0.14:8545)
[2m2025-12-10T10:13:08.061846Z[0m [34mDEBUG[0m [2methereum_transaction_pool_monitor::eth_client[0m[2m:[0m 📡 Transaction fetch RPC completed in 9.56ms
[2m2025-12-10T10:13:08.133085Z[0m [34mDEBUG[0m [2methereum_transaction_pool_monitor::eth_client[0m[2m:[0m ✅ Transaction 0x9078bf48c106d3239c1e435434aa177707998254e236fcb3a70f9224f48f0654 fetched and parsed in 80.7955ms
[2m2025-12-10T10:13:08.133112Z[0m [34mDEBUG[0m [2methereum_transaction_pool_monitor::mempool_monitor[0m[2m:[0m 🔍 Skipping tx 0x9078bf48c106d3239c1e435434aa177707998254e236fcb3a70f9224f48f0654 - not a DEX interaction (target: 0x601a2aD6CB5949f0529735254189Ba3194221EDF)
[2m2025-12-10T10:13:08.133122Z[0m [34mDEBUG[0m [2methereum_transaction_pool_monitor::mempool_monitor[0m[2m:[0m 📨 Processing new pending transaction: 0x8283b810e51ca241acb4b64ede2ca44ca9abd17dcae0a1ca106a9e33cc65f7f2
[2m2025-12-10T10:13:08.133129Z[0m [34mDEBUG[0m [2methereum_transaction_pool_monitor::mempool_monitor[0m[2m:[0m 🔍 Fetching transaction details for: 0x8283b810e51ca241acb4b64ede2ca44ca9abd17dcae0a1ca106a9e33cc65f7f2
[2m2025-12-10T10:13:08.133137Z[0m [34mDEBUG[0m [2methereum_transaction_pool_monitor::eth_client[0m[2m:[0m 🔍 Fetching transaction details for hash: 0x8283b810e51ca241acb4b64ede2ca44ca9abd17dcae0a1ca106a9e33cc65f7f2
[2m2025-12-10T10:13:08.133155Z[0m [34mDEBUG[0m [2mhyper::client::pool[0m[2m:[0m reuse idle connection for ("http", 192.168.0.14:8545)
[2m2025-12-10T10:13:08.133183Z[0m [34mDEBUG[0m [2mhyper::proto::h1::io[0m[2m:[0m flushed 250 bytes
[2m2025-12-10T10:13:08.133456Z[0m [34mDEBUG[0m [2mhyper::proto::h1::io[0m[2m:[0m parsed 4 headers
[2m2025-12-10T10:13:08.133468Z[0m [34mDEBUG[0m [2mhyper::proto::h1::conn[0m[2m:[0m incoming body is content-length (45 bytes)
[2m2025-12-10T10:13:08.133475Z[0m [34mDEBUG[0m [2methereum_transaction_pool_monitor::eth_client[0m[2m:[0m 📨 Received WebSocket message: {"jsonrpc":"2.0","method":"eth_subscription","params":{"subscription":"0xbed0a0851463e895960a451075a301a9","result":"0xa713529dc9fd976187cca592fb693ceee8bb6b9a080d2682ef5e5fbe1dd88757"}}
[2m2025-12-10T10:13:08.133477Z[0m [34mDEBUG[0m [2mhyper::proto::h1::conn[0m[2m:[0m incoming body completed
[2m2025-12-10T10:13:08.133487Z[0m [34mDEBUG[0m [2methereum_transaction_pool_monitor::eth_client[0m[2m:[0m 📨 Received pending transaction: 0xa713529dc9fd976187cca592fb693ceee8bb6b9a080d2682ef5e5fbe1dd88757
[2m2025-12-10T10:13:08.133500Z[0m [34mDEBUG[0m [2mhyper::client::pool[0m[2m:[0m pooling idle connection for ("http", 192.168.0.14:8545)
[2m2025-12-10T10:13:08.133521Z[0m [34mDEBUG[0m [2mhyper::client::pool[0m[2m:[0m reuse idle connection for ("http", 192.168.0.14:8545)
[2m2025-12-10T10:13:08.133535Z[0m [34mDEBUG[0m [2mhyper::proto::h1::io[0m[2m:[0m flushed 172 bytes
[2m2025-12-10T10:13:08.140732Z[0m [34mDEBUG[0m [2mhyper::proto::h1::io[0m[2m:[0m parsed 4 headers
[2m2025-12-10T10:13:08.140738Z[0m [34mDEBUG[0m [2mhyper::proto::h1::conn[0m[2m:[0m incoming body is content-length (828 bytes)
[2m2025-12-10T10:13:08.140743Z[0m [34mDEBUG[0m [2mhyper::proto::h1::conn[0m[2m:[0m incoming body completed
[2m2025-12-10T10:13:08.140749Z[0m [34mDEBUG[0m [2mhyper::client::pool[0m[2m:[0m pooling idle connection for ("http", 192.168.0.14:8545)
[2m2025-12-10T10:13:08.140754Z[0m [34mDEBUG[0m [2methereum_transaction_pool_monitor::eth_client[0m[2m:[0m 📡 Transaction fetch RPC completed in 7.613042ms
[2m2025-12-10T10:13:08.210893Z[0m [34mDEBUG[0m [2methereum_transaction_pool_monitor::eth_client[0m[2m:[0m ✅ Transaction 0x8283b810e51ca241acb4b64ede2ca44ca9abd17dcae0a1ca106a9e33cc65f7f2 fetched and parsed in 77.749333ms
[2m2025-12-10T10:13:08.212414Z[0m [34mDEBUG[0m [2methereum_transaction_pool_monitor::mempool_monitor[0m[2m:[0m 🔍 Skipping tx 0x8283b810e51ca241acb4b64ede2ca44ca9abd17dcae0a1ca106a9e33cc65f7f2 - not a DEX interaction (target: 0xDDaef92FA7888eb8A8a684F72F5e8e9Ee6045490)
[2m2025-12-10T10:13:08.212430Z[0m [34mDEBUG[0m [2methereum_transaction_pool_monitor::mempool_monitor[0m[2m:[0m 📨 Processing new pending transaction: 0x44414a7dda879389b47dbf0b6a908012b68830fa33b91373a81c9382488ffa0f
[2m2025-12-10T10:13:08.212438Z[0m [34mDEBUG[0m [2methereum_transaction_pool_monitor::mempool_monitor[0m[2m:[0m 🔍 Fetching transaction details for: 0x44414a7dda879389b47dbf0b6a908012b68830fa33b91373a81c9382488ffa0f
[2m2025-12-10T10:13:08.212444Z[0m [34mDEBUG[0m [2methereum_transaction_pool_monitor::eth_client[0m[2m:[0m 🔍 Fetching transaction details for hash: 0x44414a7dda879389b47dbf0b6a908012b68830fa33b91373a81c9382488ffa0f
[2m2025-12-10T10:13:08.212468Z[0m [34mDEBUG[0m [2mhyper::client::pool[0m[2m:[0m reuse idle connection for ("http", 192.168.0.14:8545)
[2m2025-12-10T10:13:08.212525Z[0m [34mDEBUG[0m [2mhyper::proto::h1::io[0m[2m:[0m flushed 250 bytes
[2m2025-12-10T10:13:08.212555Z[0m [34mDEBUG[0m [2methereum_transaction_pool_monitor::eth_client[0m[2m:[0m 📨 Received WebSocket message: {"jsonrpc":"2.0","method":"eth_subscription","params":{"subscription":"0xbed0a0851463e895960a451075a301a9","result":"0xefac3b3373a8c5b9053590c8d63e5afa860ba3b90937c408dc17027a6626df06"}}
[2m2025-12-10T10:13:08.212561Z[0m [34mDEBUG[0m [2mhyper::proto::h1::io[0m[2m:[0m parsed 4 headers
[2m2025-12-10T10:13:08.212568Z[0m [34mDEBUG[0m [2methereum_transaction_pool_monitor::eth_client[0m[2m:[0m 📨 Received pending transaction: 0xefac3b3373a8c5b9053590c8d63e5afa860ba3b90937c408dc17027a6626df06
[2m2025-12-10T10:13:08.212579Z[0m [34mDEBUG[0m [2mhyper::proto::h1::conn[0m[2m:[0m incoming body is content-length (45 bytes)
[2m2025-12-10T10:13:08.212601Z[0m [34mDEBUG[0m [2mhyper::proto::h1::conn[0m[2m:[0m incoming body completed
[2m2025-12-10T10:13:08.212614Z[0m [34mDEBUG[0m [2mhyper::client::pool[0m[2m:[0m pooling idle connection for ("http", 192.168.0.14:8545)
[2m2025-12-10T10:13:08.212631Z[0m [34mDEBUG[0m [2mhyper::client::pool[0m[2m:[0m reuse idle connection for ("http", 192.168.0.14:8545)
[2m2025-12-10T10:13:08.212649Z[0m [34mDEBUG[0m [2mhyper::proto::h1::io[0m[2m:[0m flushed 172 bytes
[2m2025-12-10T10:13:08.230323Z[0m [34mDEBUG[0m [2methereum_transaction_pool_monitor::eth_client[0m[2m:[0m 📨 Received WebSocket message: {"jsonrpc":"2.0","method":"eth_subscription","params":{"subscription":"0xbed0a0851463e895960a451075a301a9","result":"0xe490803a330e4a842fb71a14769660e873948513dd016cbf8f15745a299df8a4"}}
[2m2025-12-10T10:13:08.230360Z[0m [34mDEBUG[0m [2methereum_transaction_pool_monitor::eth_client[0m[2m:[0m 📨 Received pending transaction: 0xe490803a330e4a842fb71a14769660e873948513dd016cbf8f15745a299df8a4
[2m2025-12-10T10:13:08.230375Z[0m [34mDEBUG[0m [2mhyper::proto::h1::io[0m[2m:[0m parsed 4 headers
[2m2025-12-10T10:13:08.230381Z[0m [34mDEBUG[0m [2mhyper::proto::h1::conn[0m[2m:[0m incoming body is content-length (648 bytes)
[2m2025-12-10T10:13:08.230388Z[0m [34mDEBUG[0m [2mhyper::proto::h1::conn[0m[2m:[0m incoming body completed
[2m2025-12-10T10:13:08.230395Z[0m [34mDEBUG[0m [2mhyper::client::pool[0m[2m:[0m pooling idle connection for ("http", 192.168.0.14:8545)
[2m2025-12-10T10:13:08.230401Z[0m [34mDEBUG[0m [2methereum_transaction_pool_monitor::eth_client[0m[2m:[0m 📡 Transaction fetch RPC completed in 17.949625ms
[2m2025-12-10T10:13:08.301460Z[0m [34mDEBUG[0m [2methereum_transaction_pool_monitor::eth_client[0m[2m:[0m ✅ Transaction 0x44414a7dda879389b47dbf0b6a908012b68830fa33b91373a81c9382488ffa0f fetched and parsed in 89.006875ms
[2m2025-12-10T10:13:08.301489Z[0m [34mDEBUG[0m [2methereum_transaction_pool_monitor::mempool_monitor[0m[2m:[0m 🔍 Skipping tx 0x44414a7dda879389b47dbf0b6a908012b68830fa33b91373a81c9382488ffa0f - not a DEX interaction (target: 0xA667621daA3E0Dc11c0E185914B717F5668c6a4A)
[2m2025-12-10T10:13:08.301501Z[0m [34mDEBUG[0m [2methereum_transaction_pool_monitor::mempool_monitor[0m[2m:[0m 📨 Processing new pending transaction: 0x16028c57ee50f8513db5bde1f567cdefa0081f930328204b3f4ddc8a1b97bb3f
[2m2025-12-10T10:13:08.301527Z[0m [34mDEBUG[0m [2methereum_transaction_pool_monitor::mempool_monitor[0m[2m:[0m 🔍 Fetching transaction details for: 0x16028c57ee50f8513db5bde1f567cdefa0081f930328204b3f4ddc8a1b97bb3f
[2m2025-12-10T10:13:08.301537Z[0m [34mDEBUG[0m [2methereum_transaction_pool_monitor::eth_client[0m[2m:[0m 🔍 Fetching transaction details for hash: 0x16028c57ee50f8513db5bde1f567cdefa0081f930328204b3f4ddc8a1b97bb3f
[2m2025-12-10T10:13:08.301562Z[0m [34mDEBUG[0m [2mhyper::client::pool[0m[2m:[0m reuse idle connection for ("http", 192.168.0.14:8545)
[2m2025-12-10T10:13:08.301592Z[0m [34mDEBUG[0m [2mhyper::proto::h1::io[0m[2m:[0m flushed 250 bytes
[2m2025-12-10T10:13:08.301617Z[0m [34mDEBUG[0m [2methereum_transaction_pool_monitor::eth_client[0m[2m:[0m 📨 Received WebSocket message: {"jsonrpc":"2.0","method":"eth_subscription","params":{"subscription":"0xbed0a0851463e895960a451075a301a9","result":"0x8f01a66d410aedd0a4a5431be8be6a9739bcbbf5d22a90e7f9381175cbd3e111"}}
[2m2025-12-10T10:13:08.301629Z[0m [34mDEBUG[0m [2methereum_transaction_pool_monitor::eth_client[0m[2m:[0m 📨 Received pending transaction: 0x8f01a66d410aedd0a4a5431be8be6a9739bcbbf5d22a90e7f9381175cbd3e111
[2m2025-12-10T10:13:08.301619Z[0m [34mDEBUG[0m [2mhyper::proto::h1::io[0m[2m:[0m parsed 4 headers
[2m2025-12-10T10:13:08.301701Z[0m [34mDEBUG[0m [2mhyper::proto::h1::conn[0m[2m:[0m incoming body is content-length (45 bytes)
[2m2025-12-10T10:13:08.301712Z[0m [34mDEBUG[0m [2mhyper::proto::h1::conn[0m[2m:[0m incoming body completed
[2m2025-12-10T10:13:08.301721Z[0m [34mDEBUG[0m [2mhyper::client::pool[0m[2m:[0m pooling idle connection for ("http", 192.168.0.14:8545)
[2m2025-12-10T10:13:08.301735Z[0m [34mDEBUG[0m [2mhyper::client::pool[0m[2m:[0m reuse idle connection for ("http", 192.168.0.14:8545)
[2m2025-12-10T10:13:08.301752Z[0m [34mDEBUG[0m [2mhyper::proto::h1::io[0m[2m:[0m flushed 172 bytes
[2m2025-12-10T10:13:08.306298Z[0m [34mDEBUG[0m [2mhyper::proto::h1::io[0m[2m:[0m parsed 4 headers
[2m2025-12-10T10:13:08.306330Z[0m [34mDEBUG[0m [2mhyper::proto::h1::conn[0m[2m:[0m incoming body is content-length (830 bytes)
[2m2025-12-10T10:13:08.306353Z[0m [34mDEBUG[0m [2mhyper::proto::h1::conn[0m[2m:[0m incoming body completed
[2m2025-12-10T10:13:08.306360Z[0m [34mDEBUG[0m [2mhyper::client::pool[0m[2m:[0m pooling idle connection for ("http", 192.168.0.14:8545)
[2m2025-12-10T10:13:08.306365Z[0m [34mDEBUG[0m [2methereum_transaction_pool_monitor::eth_client[0m[2m:[0m 📡 Transaction fetch RPC completed in 4.820875ms
[2m2025-12-10T10:13:08.376861Z[0m [34mDEBUG[0m [2methereum_transaction_pool_monitor::eth_client[0m[2m:[0m ✅ Transaction 0x16028c57ee50f8513db5bde1f567cdefa0081f930328204b3f4ddc8a1b97bb3f fetched and parsed in 75.313917ms
[2m2025-12-10T10:13:08.376882Z[0m [34mDEBUG[0m [2methereum_transaction_pool_monitor::mempool_monitor[0m[2m:[0m 🔍 Skipping tx 0x16028c57ee50f8513db5bde1f567cdefa0081f930328204b3f4ddc8a1b97bb3f - not a DEX interaction (target: 0x3B4D794a66304F130a4Db8F2551B0070dfCf5ca7)
[2m2025-12-10T10:13:08.376892Z[0m [34mDEBUG[0m [2methereum_transaction_pool_monitor::mempool_monitor[0m[2m:[0m 📨 Processing new pending transaction: 0x38682845c11f9327fbb479b4c8d87721b30a71cac3d130d7d14e935c6e00bfba
[2m2025-12-10T10:13:08.376899Z[0m [34mDEBUG[0m [2methereum_transaction_pool_monitor::mempool_monitor[0m[2m:[0m 🔍 Fetching transaction details for: 0x38682845c11f9327fbb479b4c8d87721b30a71cac3d130d7d14e935c6e00bfba
[2m2025-12-10T10:13:08.376905Z[0m [34mDEBUG[0m [2methereum_transaction_pool_monitor::eth_client[0m[2m:[0m 🔍 Fetching transaction details for hash: 0x38682845c11f9327fbb479b4c8d87721b30a71cac3d130d7d14e935c6e00bfba
[2m2025-12-10T10:13:08.376922Z[0m [34mDEBUG[0m [2mhyper::client::pool[0m[2m:[0m reuse idle connection for ("http", 192.168.0.14:8545)
[2m2025-12-10T10:13:08.376963Z[0m [34mDEBUG[0m [2mhyper::proto::h1::io[0m[2m:[0m flushed 250 bytes
[2m2025-12-10T10:13:08.376979Z[0m [34mDEBUG[0m [2mhyper::proto::h1::io[0m[2m:[0m parsed 4 headers
[2m2025-12-10T10:13:08.376985Z[0m [34mDEBUG[0m [2mhyper::proto::h1::conn[0m[2m:[0m incoming body is content-length (45 bytes)
[2m2025-12-10T10:13:08.376994Z[0m [34mDEBUG[0m [2mhyper::proto::h1::conn[0m[2m:[0m incoming body completed
[2m2025-12-10T10:13:08.377003Z[0m [34mDEBUG[0m [2mhyper::client::pool[0m[2m:[0m pooling idle connection for ("http", 192.168.0.14:8545)
[2m2025-12-10T10:13:08.386552Z[0m [34mDEBUG[0m [2mhyper::proto::h1::io[0m[2m:[0m parsed 4 headers
[2m2025-12-10T10:13:08.386559Z[0m [34mDEBUG[0m [2mhyper::proto::h1::conn[0m[2m:[0m incoming body is content-length (678 bytes)
[2m2025-12-10T10:13:08.386564Z[0m [34mDEBUG[0m [2mhyper::proto::h1::conn[0m[2m:[0m incoming body completed
[2m2025-12-10T10:13:08.386571Z[0m [34mDEBUG[0m [2mhyper::client::pool[0m[2m:[0m pooling idle connection for ("http", 192.168.0.14:8545)
[2m2025-12-10T10:13:08.386576Z[0m [34mDEBUG[0m [2methereum_transaction_pool_monitor::eth_client[0m[2m:[0m 📡 Transaction fetch RPC completed in 9.666167ms
[2m2025-12-10T10:13:08.386587Z[0m [34mDEBUG[0m [2methereum_transaction_pool_monitor::eth_client[0m[2m:[0m DeFi transaction detected - Address: 0xdac17f958d2ee523a2206206994597c13d831ec7, Type: Stablecoin, Value: 0 ETH, Gas: 6.17 Gwei
[2m2025-12-10T10:13:08.386599Z[0m [34mDEBUG[0m [2methereum_transaction_pool_monitor::eth_client[0m[2m:[0m ✅ Transaction 0x38682845c11f9327fbb479b4c8d87721b30a71cac3d130d7d14e935c6e00bfba fetched and parsed in 9.689125ms
[2m2025-12-10T10:13:08.386604Z[0m [34mDEBUG[0m [2methereum_transaction_pool_monitor::mempool_monitor[0m[2m:[0m 🔍 Skipping tx 0x38682845c11f9327fbb479b4c8d87721b30a71cac3d130d7d14e935c6e00bfba - not a DEX interaction (target: 0xdAC17F958D2ee523a2206206994597C13D831ec7)
[2m2025-12-10T10:13:08.386610Z[0m [34mDEBUG[0m [2methereum_transaction_pool_monitor::mempool_monitor[0m[2m:[0m 📨 Processing new pending transaction: 0xd3970b3a96ece1a1b813786550541c5b755783935a0d7dbe0693d750d1d8d6a4
[2m2025-12-10T10:13:08.386614Z[0m [34mDEBUG[0m [2methereum_transaction_pool_monitor::mempool_monitor[0m[2m:[0m 🔍 Fetching transaction details for: 0xd3970b3a96ece1a1b813786550541c5b755783935a0d7dbe0693d750d1d8d6a4
[2m2025-12-10T10:13:08.386618Z[0m [34mDEBUG[0m [2methereum_transaction_pool_monitor::eth_client[0m[2m:[0m 🔍 Fetching transaction details for hash: 0xd3970b3a96ece1a1b813786550541c5b755783935a0d7dbe0693d750d1d8d6a4
[2m2025-12-10T10:13:08.386628Z[0m [34mDEBUG[0m [2mhyper::client::pool[0m[2m:[0m reuse idle connection for ("http", 192.168.0.14:8545)
[2m2025-12-10T10:13:08.386644Z[0m [34mDEBUG[0m [2mhyper::proto::h1::io[0m[2m:[0m flushed 250 bytes
[2m2025-12-10T10:13:08.394449Z[0m [34mDEBUG[0m [2mhyper::proto::h1::io[0m[2m:[0m parsed 4 headers
[2m2025-12-10T10:13:08.394454Z[0m [34mDEBUG[0m [2mhyper::proto::h1::conn[0m[2m:[0m incoming body is content-length (1731 bytes)
[2m2025-12-10T10:13:08.394463Z[0m [34mDEBUG[0m [2methereum_transaction_pool_monitor::eth_client[0m[2m:[0m 📡 Transaction fetch RPC completed in 7.840917ms
[2m2025-12-10T10:13:08.397091Z[0m [34mDEBUG[0m [2mhyper::proto::h1::conn[0m[2m:[0m incoming body completed
[2m2025-12-10T10:13:08.397099Z[0m [34mDEBUG[0m [2mhyper::client::pool[0m[2m:[0m pooling idle connection for ("http", 192.168.0.14:8545)
[2m2025-12-10T10:13:08.398366Z[0m [34mDEBUG[0m [2mhyper::client::pool[0m[2m:[0m reuse idle connection for ("http", 192.168.0.14:8545)
[2m2025-12-10T10:13:08.398382Z[0m [34mDEBUG[0m [2mhyper::proto::h1::io[0m[2m:[0m flushed 172 bytes
[2m2025-12-10T10:13:08.403539Z[0m [34mDEBUG[0m [2mhyper::proto::h1::io[0m[2m:[0m parsed 4 headers
[2m2025-12-10T10:13:08.403547Z[0m [34mDEBUG[0m [2mhyper::proto::h1::conn[0m[2m:[0m incoming body is content-length (45 bytes)
[2m2025-12-10T10:13:08.403553Z[0m [34mDEBUG[0m [2mhyper::proto::h1::conn[0m[2m:[0m incoming body completed
[2m2025-12-10T10:13:08.403559Z[0m [34mDEBUG[0m [2mhyper::client::pool[0m[2m:[0m pooling idle connection for ("http", 192.168.0.14:8545)
[2m2025-12-10T10:13:08.468064Z[0m [34mDEBUG[0m [2methereum_transaction_pool_monitor::eth_client[0m[2m:[0m ✅ Transaction 0xd3970b3a96ece1a1b813786550541c5b755783935a0d7dbe0693d750d1d8d6a4 fetched and parsed in 81.439375ms
[2m2025-12-10T10:13:08.468092Z[0m [34mDEBUG[0m [2methereum_transaction_pool_monitor::mempool_monitor[0m[2m:[0m 🔍 Skipping tx 0xd3970b3a96ece1a1b813786550541c5b755783935a0d7dbe0693d750d1d8d6a4 - not a DEX interaction (target: 0x601a2aD6CB5949f0529735254189Ba3194221EDF)
[2m2025-12-10T10:13:08.468103Z[0m [34mDEBUG[0m [2methereum_transaction_pool_monitor::mempool_monitor[0m[2m:[0m 📨 Processing new pending transaction: 0xcda08c0ec70487dc95f38e4458f77bc20f4f198e9b9407e0c78cc5cf8f8fd446
[2m2025-12-10T10:13:08.468114Z[0m [34mDEBUG[0m [2methereum_transaction_pool_monitor::mempool_monitor[0m[2m:[0m 🔍 Fetching transaction details for: 0xcda08c0ec70487dc95f38e4458f77bc20f4f198e9b9407e0c78cc5cf8f8fd446
[2m2025-12-10T10:13:08.468124Z[0m [34mDEBUG[0m [2methereum_transaction_pool_monitor::eth_client[0m[2m:[0m 🔍 Fetching transaction details for hash: 0xcda08c0ec70487dc95f38e4458f77bc20f4f198e9b9407e0c78cc5cf8f8fd446
[2m2025-12-10T10:13:08.468144Z[0m [34mDEBUG[0m [2mhyper::client::pool[0m[2m:[0m reuse idle connection for ("http", 192.168.0.14:8545)
[2m2025-12-10T10:13:08.468185Z[0m [34mDEBUG[0m [2mhyper::proto::h1::io[0m[2m:[0m flushed 250 bytes
[2m2025-12-10T10:13:08.472820Z[0m [34mDEBUG[0m [2mhyper::proto::h1::io[0m[2m:[0m parsed 4 headers
[2m2025-12-10T10:13:08.472854Z[0m [34mDEBUG[0m [2mhyper::proto::h1::conn[0m[2m:[0m incoming body is content-length (771 bytes)
[2m2025-12-10T10:13:08.472877Z[0m [34mDEBUG[0m [2mhyper::proto::h1::conn[0m[2m:[0m incoming body completed
[2m2025-12-10T10:13:08.472902Z[0m [34mDEBUG[0m [2mhyper::client::pool[0m[2m:[0m pooling idle connection for ("http", 192.168.0.14:8545)
[2m2025-12-10T10:13:08.472910Z[0m [34mDEBUG[0m [2methereum_transaction_pool_monitor::eth_client[0m[2m:[0m 📡 Transaction fetch RPC completed in 4.777916ms
[2m2025-12-10T10:13:08.544690Z[0m [34mDEBUG[0m [2methereum_transaction_pool_monitor::eth_client[0m[2m:[0m ✅ Transaction 0xcda08c0ec70487dc95f38e4458f77bc20f4f198e9b9407e0c78cc5cf8f8fd446 fetched and parsed in 76.555458ms
[2m2025-12-10T10:13:08.544717Z[0m [34mDEBUG[0m [2methereum_transaction_pool_monitor::mempool_monitor[0m[2m:[0m 🔍 Skipping tx 0xcda08c0ec70487dc95f38e4458f77bc20f4f198e9b9407e0c78cc5cf8f8fd446 - not a DEX interaction (target: 0xF411903cbC70a74d22900a5DE66A2dda66507255)
[2m2025-12-10T10:13:08.544729Z[0m [34mDEBUG[0m [2methereum_transaction_pool_monitor::mempool_monitor[0m[2m:[0m 📨 Processing new pending transaction: 0xf1349fb5d9c7953b510771ce6a728c07b590fe290f9e137a3f9587a8ae4b151b
[2m2025-12-10T10:13:08.544737Z[0m [34mDEBUG[0m [2methereum_transaction_pool_monitor::mempool_monitor[0m[2m:[0m 🔍 Fetching transaction details for: 0xf1349fb5d9c7953b510771ce6a728c07b590fe290f9e137a3f9587a8ae4b151b
[2m2025-12-10T10:13:08.544742Z[0m [34mDEBUG[0m [2methereum_transaction_pool_monitor::eth_client[0m[2m:[0m 🔍 Fetching transaction details for hash: 0xf1349fb5d9c7953b510771ce6a728c07b590fe290f9e137a3f9587a8ae4b151b
[2m2025-12-10T10:13:08.544761Z[0m [34mDEBUG[0m [2mhyper::client::pool[0m[2m:[0m reuse idle connection for ("http", 192.168.0.14:8545)
[2m2025-12-10T10:13:08.544805Z[0m [34mDEBUG[0m [2mhyper::proto::h1::io[0m[2m:[0m flushed 250 bytes
[2m2025-12-10T10:13:08.544833Z[0m [34mDEBUG[0m [2mhyper::client::pool[0m[2m:[0m reuse idle connection for ("http", 192.168.0.14:8545)
[2m2025-12-10T10:13:08.544848Z[0m [34mDEBUG[0m [2mhyper::proto::h1::io[0m[2m:[0m flushed 172 bytes
[2m2025-12-10T10:13:08.551033Z[0m [34mDEBUG[0m [2mhyper::proto::h1::io[0m[2m:[0m parsed 4 headers
[2m2025-12-10T10:13:08.551048Z[0m [34mDEBUG[0m [2mhyper::proto::h1::conn[0m[2m:[0m incoming body is content-length (830 bytes)
[2m2025-12-10T10:13:08.551064Z[0m [34mDEBUG[0m [2mhyper::proto::h1::conn[0m[2m:[0m incoming body completed
[2m2025-12-10T10:13:08.551079Z[0m [34mDEBUG[0m [2mhyper::client::pool[0m[2m:[0m pooling idle connection for ("http", 192.168.0.14:8545)
[2m2025-12-10T10:13:08.551090Z[0m [34mDEBUG[0m [2methereum_transaction_pool_monitor::eth_client[0m[2m:[0m 📡 Transaction fetch RPC completed in 6.34225ms
[2m2025-12-10T10:13:08.622793Z[0m [34mDEBUG[0m [2methereum_transaction_pool_monitor::eth_client[0m[2m:[0m ✅ Transaction 0xf1349fb5d9c7953b510771ce6a728c07b590fe290f9e137a3f9587a8ae4b151b fetched and parsed in 78.043916ms
[2m2025-12-10T10:13:08.622821Z[0m [34mDEBUG[0m [2methereum_transaction_pool_monitor::mempool_monitor[0m[2m:[0m 🔍 Skipping tx 0xf1349fb5d9c7953b510771ce6a728c07b590fe290f9e137a3f9587a8ae4b151b - not a DEX interaction (target: 0x3B4D794a66304F130a4Db8F2551B0070dfCf5ca7)
[2m2025-12-10T10:13:08.622831Z[0m [34mDEBUG[0m [2methereum_transaction_pool_monitor::mempool_monitor[0m[2m:[0m 📨 Processing new pending transaction: 0x4ff8210d280493a52e5d3821c27b1486383b296cc9c2ca6bfb4c4eaebf7a242d
[2m2025-12-10T10:13:08.622838Z[0m [34mDEBUG[0m [2methereum_transaction_pool_monitor::mempool_monitor[0m[2m:[0m 🔍 Fetching transaction details for: 0x4ff8210d280493a52e5d3821c27b1486383b296cc9c2ca6bfb4c4eaebf7a242d
[2m2025-12-10T10:13:08.622845Z[0m [34mDEBUG[0m [2methereum_transaction_pool_monitor::eth_client[0m[2m:[0m 🔍 Fetching transaction details for hash: 0x4ff8210d280493a52e5d3821c27b1486383b296cc9c2ca6bfb4c4eaebf7a242d
[2m2025-12-10T10:13:08.622861Z[0m [34mDEBUG[0m [2mhyper::client::pool[0m[2m:[0m reuse idle connection for ("http", 192.168.0.14:8545)
[2m2025-12-10T10:13:08.622901Z[0m [34mDEBUG[0m [2mhyper::proto::h1::io[0m[2m:[0m flushed 250 bytes
[2m2025-12-10T10:13:08.622916Z[0m [34mDEBUG[0m [2mhyper::proto::h1::io[0m[2m:[0m parsed 4 headers
[2m2025-12-10T10:13:08.622921Z[0m [34mDEBUG[0m [2mhyper::proto::h1::conn[0m[2m:[0m incoming body is content-length (45 bytes)
[2m2025-12-10T10:13:08.622928Z[0m [34mDEBUG[0m [2mhyper::proto::h1::conn[0m[2m:[0m incoming body completed
[2m2025-12-10T10:13:08.622938Z[0m [34mDEBUG[0m [2mhyper::client::pool[0m[2m:[0m pooling idle connection for ("http", 192.168.0.14:8545)
[2m2025-12-10T10:13:08.622953Z[0m [34mDEBUG[0m [2mhyper::client::pool[0m[2m:[0m reuse idle connection for ("http", 192.168.0.14:8545)
[2m2025-12-10T10:13:08.622968Z[0m [34mDEBUG[0m [2mhyper::proto::h1::io[0m[2m:[0m flushed 172 bytes
[2m2025-12-10T10:13:08.629861Z[0m [34mDEBUG[0m [2mhyper::proto::h1::io[0m[2m:[0m parsed 4 headers
[2m2025-12-10T10:13:08.629870Z[0m [34mDEBUG[0m [2mhyper::proto::h1::conn[0m[2m:[0m incoming body is content-length (45 bytes)
[2m2025-12-10T10:13:08.629877Z[0m [34mDEBUG[0m [2mhyper::proto::h1::conn[0m[2m:[0m incoming body completed
[2m2025-12-10T10:13:08.629885Z[0m [34mDEBUG[0m [2mhyper::client::pool[0m[2m:[0m pooling idle connection for ("http", 192.168.0.14:8545)
[2m2025-12-10T10:13:08.634264Z[0m [34mDEBUG[0m [2mhyper::proto::h1::io[0m[2m:[0m parsed 4 headers
[2m2025-12-10T10:13:08.634273Z[0m [34mDEBUG[0m [2mhyper::proto::h1::conn[0m[2m:[0m incoming body is content-length (639 bytes)
[2m2025-12-10T10:13:08.634279Z[0m [34mDEBUG[0m [2mhyper::proto::h1::conn[0m[2m:[0m incoming body completed
[2m2025-12-10T10:13:08.634286Z[0m [34mDEBUG[0m [2mhyper::client::pool[0m[2m:[0m pooling idle connection for ("http", 192.168.0.14:8545)
[2m2025-12-10T10:13:08.634292Z[0m [34mDEBUG[0m [2methereum_transaction_pool_monitor::eth_client[0m[2m:[0m 📡 Transaction fetch RPC completed in 11.442ms
[2m2025-12-10T10:13:08.704492Z[0m [34mDEBUG[0m [2methereum_transaction_pool_monitor::eth_client[0m[2m:[0m ✅ Transaction 0x4ff8210d280493a52e5d3821c27b1486383b296cc9c2ca6bfb4c4eaebf7a242d fetched and parsed in 81.640084ms
[2m2025-12-10T10:13:08.704522Z[0m [34mDEBUG[0m [2methereum_transaction_pool_monitor::mempool_monitor[0m[2m:[0m 🔍 Skipping tx 0x4ff8210d280493a52e5d3821c27b1486383b296cc9c2ca6bfb4c4eaebf7a242d - not a DEX interaction (target: 0x307576Dd4F73f91BB8c4A2EdB762938E8e067d31)
[2m2025-12-10T10:13:08.704532Z[0m [34mDEBUG[0m [2methereum_transaction_pool_monitor::mempool_monitor[0m[2m:[0m 📨 Processing new pending transaction: 0x93bcf870e42907c224b59153d25f2743f159c96dcfafa1c18b14f75e71ee7423
[2m2025-12-10T10:13:08.704547Z[0m [34mDEBUG[0m [2methereum_transaction_pool_monitor::mempool_monitor[0m[2m:[0m 🔍 Fetching transaction details for: 0x93bcf870e42907c224b59153d25f2743f159c96dcfafa1c18b14f75e71ee7423
[2m2025-12-10T10:13:08.704553Z[0m [34mDEBUG[0m [2methereum_transaction_pool_monitor::eth_client[0m[2m:[0m 🔍 Fetching transaction details for hash: 0x93bcf870e42907c224b59153d25f2743f159c96dcfafa1c18b14f75e71ee7423
[2m2025-12-10T10:13:08.704573Z[0m [34mDEBUG[0m [2mhyper::client::pool[0m[2m:[0m reuse idle connection for ("http", 192.168.0.14:8545)
[2m2025-12-10T10:13:08.704617Z[0m [34mDEBUG[0m [2mhyper::proto::h1::io[0m[2m:[0m flushed 250 bytes
[2m2025-12-10T10:13:08.704650Z[0m [34mDEBUG[0m [2mhyper::client::pool[0m[2m:[0m reuse idle connection for ("http", 192.168.0.14:8545)
[2m2025-12-10T10:13:08.704666Z[0m [34mDEBUG[0m [2mhyper::proto::h1::io[0m[2m:[0m flushed 172 bytes
[2m2025-12-10T10:13:08.708371Z[0m [34mDEBUG[0m [2mhyper::proto::h1::io[0m[2m:[0m parsed 4 headers
[2m2025-12-10T10:13:08.708379Z[0m [34mDEBUG[0m [2mhyper::proto::h1::conn[0m[2m:[0m incoming body is content-length (45 bytes)
[2m2025-12-10T10:13:08.708386Z[0m [34mDEBUG[0m [2mhyper::proto::h1::conn[0m[2m:[0m incoming body completed
[2m2025-12-10T10:13:08.708393Z[0m [34mDEBUG[0m [2mhyper::client::pool[0m[2m:[0m pooling idle connection for ("http", 192.168.0.14:8545)
[2m2025-12-10T10:13:08.709230Z[0m [34mDEBUG[0m [2mhyper::proto::h1::io[0m[2m:[0m parsed 4 headers
[2m2025-12-10T10:13:08.709236Z[0m [34mDEBUG[0m [2mhyper::proto::h1::conn[0m[2m:[0m incoming body is content-length (770 bytes)
[2m2025-12-10T10:13:08.709241Z[0m [34mDEBUG[0m [2mhyper::proto::h1::conn[0m[2m:[0m incoming body completed
[2m2025-12-10T10:13:08.709246Z[0m [34mDEBUG[0m [2mhyper::client::pool[0m[2m:[0m pooling idle connection for ("http", 192.168.0.14:8545)
[2m2025-12-10T10:13:08.709251Z[0m [34mDEBUG[0m [2methereum_transaction_pool_monitor::eth_client[0m[2m:[0m 📡 Transaction fetch RPC completed in 4.69175ms
[2m2025-12-10T10:13:08.709262Z[0m [34mDEBUG[0m [2methereum_transaction_pool_monitor::eth_client[0m[2m:[0m DeFi transaction detected - Address: 0xdac17f958d2ee523a2206206994597c13d831ec7, Type: Stablecoin, Value: 0 ETH, Gas: 0.37 Gwei
[2m2025-12-10T10:13:08.709273Z[0m [34mDEBUG[0m [2methereum_transaction_pool_monitor::eth_client[0m[2m:[0m ✅ Transaction 0x93bcf870e42907c224b59153d25f2743f159c96dcfafa1c18b14f75e71ee7423 fetched and parsed in 4.713916ms
[2m2025-12-10T10:13:08.709279Z[0m [34mDEBUG[0m [2methereum_transaction_pool_monitor::mempool_monitor[0m[2m:[0m 🔍 Skipping tx 0x93bcf870e42907c224b59153d25f2743f159c96dcfafa1c18b14f75e71ee7423 - not a DEX interaction (target: 0xdAC17F958D2ee523a2206206994597C13D831ec7)
[2m2025-12-10T10:13:08.709285Z[0m [34mDEBUG[0m [2methereum_transaction_pool_monitor::mempool_monitor[0m[2m:[0m 📨 Processing new pending transaction: 0xa713529dc9fd976187cca592fb693ceee8bb6b9a080d2682ef5e5fbe1dd88757
[2m2025-12-10T10:13:08.709289Z[0m [34mDEBUG[0m [2methereum_transaction_pool_monitor::mempool_monitor[0m[2m:[0m 🔍 Fetching transaction details for: 0xa713529dc9fd976187cca592fb693ceee8bb6b9a080d2682ef5e5fbe1dd88757
[2m2025-12-10T10:13:08.709293Z[0m [34mDEBUG[0m [2methereum_transaction_pool_monitor::eth_client[0m[2m:[0m 🔍 Fetching transaction details for hash: 0xa713529dc9fd976187cca592fb693ceee8bb6b9a080d2682ef5e5fbe1dd88757
[2m2025-12-10T10:13:08.709304Z[0m [34mDEBUG[0m [2mhyper::client::pool[0m[2m:[0m reuse idle connection for ("http", 192.168.0.14:8545)
[2m2025-12-10T10:13:08.709319Z[0m [34mDEBUG[0m [2mhyper::proto::h1::io[0m[2m:[0m flushed 250 bytes
[2m2025-12-10T10:13:08.713099Z[0m [34mDEBUG[0m [2mhyper::proto::h1::io[0m[2m:[0m parsed 4 headers
[2m2025-12-10T10:13:08.713128Z[0m [34mDEBUG[0m [2mhyper::proto::h1::conn[0m[2m:[0m incoming body is content-length (652 bytes)
[2m2025-12-10T10:13:08.713139Z[0m [34mDEBUG[0m [2mhyper::proto::h1::conn[0m[2m:[0m incoming body completed
[2m2025-12-10T10:13:08.713158Z[0m [34mDEBUG[0m [2mhyper::client::pool[0m[2m:[0m pooling idle connection for ("http", 192.168.0.14:8545)
[2m2025-12-10T10:13:08.713165Z[0m [34mDEBUG[0m [2methereum_transaction_pool_monitor::eth_client[0m[2m:[0m 📡 Transaction fetch RPC completed in 3.86775ms
[2m2025-12-10T10:13:08.784782Z[0m [34mDEBUG[0m [2methereum_transaction_pool_monitor::eth_client[0m[2m:[0m ✅ Transaction 0xa713529dc9fd976187cca592fb693ceee8bb6b9a080d2682ef5e5fbe1dd88757 fetched and parsed in 75.482834ms
[2m2025-12-10T10:13:08.784803Z[0m [34mDEBUG[0m [2methereum_transaction_pool_monitor::mempool_monitor[0m[2m:[0m 🔍 Skipping tx 0xa713529dc9fd976187cca592fb693ceee8bb6b9a080d2682ef5e5fbe1dd88757 - not a DEX interaction (target: 0xf5E9F4bed191a01E48B1aCaE65878A5B90dA8A46)
[2m2025-12-10T10:13:08.784813Z[0m [34mDEBUG[0m [2methereum_transaction_pool_monitor::mempool_monitor[0m[2m:[0m 📨 Processing new pending transaction: 0xefac3b3373a8c5b9053590c8d63e5afa860ba3b90937c408dc17027a6626df06
[2m2025-12-10T10:13:08.784820Z[0m [34mDEBUG[0m [2methereum_transaction_pool_monitor::mempool_monitor[0m[2m:[0m 🔍 Fetching transaction details for: 0xefac3b3373a8c5b9053590c8d63e5afa860ba3b90937c408dc17027a6626df06
[2m2025-12-10T10:13:08.784827Z[0m [34mDEBUG[0m [2methereum_transaction_pool_monitor::eth_client[0m[2m:[0m 🔍 Fetching transaction details for hash: 0xefac3b3373a8c5b9053590c8d63e5afa860ba3b90937c408dc17027a6626df06
[2m2025-12-10T10:13:08.784847Z[0m [34mDEBUG[0m [2mhyper::client::pool[0m[2m:[0m reuse idle connection for ("http", 192.168.0.14:8545)
[2m2025-12-10T10:13:08.784881Z[0m [34mDEBUG[0m [2mhyper::proto::h1::io[0m[2m:[0m flushed 250 bytes
[2m2025-12-10T10:13:08.784901Z[0m [34mDEBUG[0m [2methereum_transaction_pool_monitor::eth_client[0m[2m:[0m 📨 Received WebSocket message: {"jsonrpc":"2.0","method":"eth_subscription","params":{"subscription":"0xbed0a0851463e895960a451075a301a9","result":"0xb260934f8af84bfcd033c1a403fe0be44f95d66594adca0442b99c7a88fcb56a"}}
[2m2025-12-10T10:13:08.784910Z[0m [34mDEBUG[0m [2methereum_transaction_pool_monitor::eth_client[0m[2m:[0m 📨 Received pending transaction: 0xb260934f8af84bfcd033c1a403fe0be44f95d66594adca0442b99c7a88fcb56a
[2m2025-12-10T10:13:08.789056Z[0m [34mDEBUG[0m [2mhyper::proto::h1::io[0m[2m:[0m parsed 4 headers
[2m2025-12-10T10:13:08.789063Z[0m [34mDEBUG[0m [2mhyper::proto::h1::conn[0m[2m:[0m incoming body is content-length (830 bytes)
[2m2025-12-10T10:13:08.789070Z[0m [34mDEBUG[0m [2mhyper::proto::h1::conn[0m[2m:[0m incoming body completed
[2m2025-12-10T10:13:08.789076Z[0m [34mDEBUG[0m [2mhyper::client::pool[0m[2m:[0m pooling idle connection for ("http", 192.168.0.14:8545)
[2m2025-12-10T10:13:08.789082Z[0m [34mDEBUG[0m [2methereum_transaction_pool_monitor::eth_client[0m[2m:[0m 📡 Transaction fetch RPC completed in 4.251084ms
[2m2025-12-10T10:13:08.860240Z[0m [34mDEBUG[0m [2methereum_transaction_pool_monitor::eth_client[0m[2m:[0m ✅ Transaction 0xefac3b3373a8c5b9053590c8d63e5afa860ba3b90937c408dc17027a6626df06 fetched and parsed in 75.406334ms
[2m2025-12-10T10:13:08.860266Z[0m [34mDEBUG[0m [2methereum_transaction_pool_monitor::mempool_monitor[0m[2m:[0m 🔍 Skipping tx 0xefac3b3373a8c5b9053590c8d63e5afa860ba3b90937c408dc17027a6626df06 - not a DEX interaction (target: 0x3B4D794a66304F130a4Db8F2551B0070dfCf5ca7)
[2m2025-12-10T10:13:08.860277Z[0m [34mDEBUG[0m [2methereum_transaction_pool_monitor::mempool_monitor[0m[2m:[0m 📨 Processing new pending transaction: 0xe490803a330e4a842fb71a14769660e873948513dd016cbf8f15745a299df8a4
[2m2025-12-10T10:13:08.860284Z[0m [34mDEBUG[0m [2methereum_transaction_pool_monitor::mempool_monitor[0m[2m:[0m 🔍 Fetching transaction details for: 0xe490803a330e4a842fb71a14769660e873948513dd016cbf8f15745a299df8a4
[2m2025-12-10T10:13:08.860292Z[0m [34mDEBUG[0m [2methereum_transaction_pool_monitor::eth_client[0m[2m:[0m 🔍 Fetching transaction details for hash: 0xe490803a330e4a842fb71a14769660e873948513dd016cbf8f15745a299df8a4
[2m2025-12-10T10:13:08.860309Z[0m [34mDEBUG[0m [2mhyper::client::pool[0m[2m:[0m reuse idle connection for ("http", 192.168.0.14:8545)
[2m2025-12-10T10:13:08.860355Z[0m [34mDEBUG[0m [2mhyper::proto::h1::io[0m[2m:[0m flushed 250 bytes
[2m2025-12-10T10:13:08.860373Z[0m [34mDEBUG[0m [2mhyper::client::pool[0m[2m:[0m reuse idle connection for ("http", 192.168.0.14:8545)
[2m2025-12-10T10:13:08.860389Z[0m [34mDEBUG[0m [2mhyper::proto::h1::io[0m[2m:[0m flushed 172 bytes
[2m2025-12-10T10:13:08.860389Z[0m [34mDEBUG[0m [2methereum_transaction_pool_monitor::eth_client[0m[2m:[0m 📨 Received WebSocket message: {"jsonrpc":"2.0","method":"eth_subscription","params":{"subscription":"0xbed0a0851463e895960a451075a301a9","result":"0x6d617572d1faf22c290059e02acdefa82d6e7140e60e71e50c0a6aa4326eb857"}}
[2m2025-12-10T10:13:08.860410Z[0m [34mDEBUG[0m [2methereum_transaction_pool_monitor::eth_client[0m[2m:[0m 📨 Received pending transaction: 0x6d617572d1faf22c290059e02acdefa82d6e7140e60e71e50c0a6aa4326eb857
[2m2025-12-10T10:13:08.860640Z[0m [34mDEBUG[0m [2methereum_transaction_pool_monitor::eth_client[0m[2m:[0m 📨 Received WebSocket message: {"jsonrpc":"2.0","method":"eth_subscription","params":{"subscription":"0xbed0a0851463e895960a451075a301a9","result":"0x8d99d4a25897fa2e997485143c3990894d0c4f8710b76c85373776bf1f00e0d7"}}
[2m2025-12-10T10:13:08.860647Z[0m [34mDEBUG[0m [2methereum_transaction_pool_monitor::eth_client[0m[2m:[0m 📨 Received pending transaction: 0x8d99d4a25897fa2e997485143c3990894d0c4f8710b76c85373776bf1f00e0d7
[2m2025-12-10T10:13:08.866231Z[0m [34mDEBUG[0m [2mhyper::proto::h1::io[0m[2m:[0m parsed 4 headers
[2m2025-12-10T10:13:08.866252Z[0m [34mDEBUG[0m [2mhyper::proto::h1::conn[0m[2m:[0m incoming body is content-length (648 bytes)
[2m2025-12-10T10:13:08.866264Z[0m [34mDEBUG[0m [2mhyper::proto::h1::conn[0m[2m:[0m incoming body completed
[2m2025-12-10T10:13:08.866276Z[0m [34mDEBUG[0m [2mhyper::client::pool[0m[2m:[0m pooling idle connection for ("http", 192.168.0.14:8545)
[2m2025-12-10T10:13:08.866284Z[0m [34mDEBUG[0m [2methereum_transaction_pool_monitor::eth_client[0m[2m:[0m 📡 Transaction fetch RPC completed in 5.987667ms
[2m2025-12-10T10:13:08.937774Z[0m [34mDEBUG[0m [2methereum_transaction_pool_monitor::eth_client[0m[2m:[0m ✅ Transaction 0xe490803a330e4a842fb71a14769660e873948513dd016cbf8f15745a299df8a4 fetched and parsed in 77.474042ms
[2m2025-12-10T10:13:08.937805Z[0m [34mDEBUG[0m [2methereum_transaction_pool_monitor::mempool_monitor[0m[2m:[0m 🔍 Skipping tx 0xe490803a330e4a842fb71a14769660e873948513dd016cbf8f15745a299df8a4 - not a DEX interaction (target: 0x74f54AFd6ce50b563DDc7bA87D048A41e2dcadF7)
[2m2025-12-10T10:13:08.937816Z[0m [34mDEBUG[0m [2methereum_transaction_pool_monitor::mempool_monitor[0m[2m:[0m 📨 Processing new pending transaction: 0x8f01a66d410aedd0a4a5431be8be6a9739bcbbf5d22a90e7f9381175cbd3e111
[2m2025-12-10T10:13:08.937828Z[0m [34mDEBUG[0m [2methereum_transaction_pool_monitor::mempool_monitor[0m[2m:[0m 🔍 Fetching transaction details for: 0x8f01a66d410aedd0a4a5431be8be6a9739bcbbf5d22a90e7f9381175cbd3e111
[2m2025-12-10T10:13:08.937837Z[0m [34mDEBUG[0m [2methereum_transaction_pool_monitor::eth_client[0m[2m:[0m 🔍 Fetching transaction details for hash: 0x8f01a66d410aedd0a4a5431be8be6a9739bcbbf5d22a90e7f9381175cbd3e111
[2m2025-12-10T10:13:08.937855Z[0m [34mDEBUG[0m [2mhyper::client::pool[0m[2m:[0m reuse idle connection for ("http", 192.168.0.14:8545)
[2m2025-12-10T10:13:08.937897Z[0m [34mDEBUG[0m [2mhyper::proto::h1::io[0m[2m:[0m flushed 250 bytes
[2m2025-12-10T10:13:08.937926Z[0m [34mDEBUG[0m [2methereum_transaction_pool_monitor::eth_client[0m[2m:[0m 📨 Received WebSocket message: {"jsonrpc":"2.0","method":"eth_subscription","params":{"subscription":"0xbed0a0851463e895960a451075a301a9","result":"0x09836e9f121dfd7e7e8cf4c786d8f2b63ba168dd61f44cc8ac85f11b1395febe"}}
[2m2025-12-10T10:13:08.937938Z[0m [34mDEBUG[0m [2methereum_transaction_pool_monitor::eth_client[0m[2m:[0m 📨 Received pending transaction: 0x09836e9f121dfd7e7e8cf4c786d8f2b63ba168dd61f44cc8ac85f11b1395febe
[2m2025-12-10T10:13:08.937949Z[0m [34mDEBUG[0m [2methereum_transaction_pool_monitor::eth_client[0m[2m:[0m 📨 Received WebSocket message: {"jsonrpc":"2.0","method":"eth_subscription","params":{"subscription":"0xbed0a0851463e895960a451075a301a9","result":"0x1c65694feed12c90a1c8995e5e1fb9421d863df3758ff24140c07c8e757c4fc0"}}
[2m2025-12-10T10:13:08.937960Z[0m [34mDEBUG[0m [2methereum_transaction_pool_monitor::eth_client[0m[2m:[0m 📨 Received pending transaction: 0x1c65694feed12c90a1c8995e5e1fb9421d863df3758ff24140c07c8e757c4fc0
[2m2025-12-10T10:13:08.937966Z[0m [34mDEBUG[0m [2mhyper::proto::h1::io[0m[2m:[0m parsed 4 headers
[2m2025-12-10T10:13:08.937970Z[0m [34mDEBUG[0m [2methereum_transaction_pool_monitor::eth_client[0m[2m:[0m 📨 Received WebSocket message: {"jsonrpc":"2.0","method":"eth_subscription","params":{"subscription":"0xbed0a0851463e895960a451075a301a9","result":"0x2118f4edae19d3b1dd0a71057a30e0de20d91d0196bd75b56e30bb0bc96dfe53"}}
[2m2025-12-10T10:13:08.937979Z[0m [34mDEBUG[0m [2mhyper::proto::h1::conn[0m[2m:[0m incoming body is content-length (45 bytes)
[2m2025-12-10T10:13:08.937985Z[0m [34mDEBUG[0m [2methereum_transaction_pool_monitor::eth_client[0m[2m:[0m 📨 Received pending transaction: 0x2118f4edae19d3b1dd0a71057a30e0de20d91d0196bd75b56e30bb0bc96dfe53
[2m2025-12-10T10:13:08.937995Z[0m [34mDEBUG[0m [2mhyper::proto::h1::conn[0m[2m:[0m incoming body completed
[2m2025-12-10T10:13:08.938010Z[0m [34mDEBUG[0m [2mhyper::client::pool[0m[2m:[0m pooling idle connection for ("http", 192.168.0.14:8545)
[2m2025-12-10T10:13:08.938025Z[0m [34mDEBUG[0m [2mhyper::client::pool[0m[2m:[0m reuse idle connection for ("http", 192.168.0.14:8545)
[2m2025-12-10T10:13:08.938039Z[0m [34mDEBUG[0m [2mhyper::proto::h1::io[0m[2m:[0m flushed 172 bytes
[2m2025-12-10T10:13:08.948813Z[0m [34mDEBUG[0m [2mhyper::proto::h1::io[0m[2m:[0m parsed 4 headers
[2m2025-12-10T10:13:08.948823Z[0m [34mDEBUG[0m [2mhyper::proto::h1::conn[0m[2m:[0m incoming body is content-length (680 bytes)
[2m2025-12-10T10:13:08.948830Z[0m [34mDEBUG[0m [2mhyper::proto::h1::conn[0m[2m:[0m incoming body completed
[2m2025-12-10T10:13:08.948839Z[0m [34mDEBUG[0m [2mhyper::client::pool[0m[2m:[0m pooling idle connection for ("http", 192.168.0.14:8545)
[2m2025-12-10T10:13:08.948845Z[0m [34mDEBUG[0m [2methereum_transaction_pool_monitor::eth_client[0m[2m:[0m 📡 Transaction fetch RPC completed in 11.002375ms
[2m2025-12-10T10:13:09.018987Z[0m [34mDEBUG[0m [2methereum_transaction_pool_monitor::eth_client[0m[2m:[0m ✅ Transaction 0x8f01a66d410aedd0a4a5431be8be6a9739bcbbf5d22a90e7f9381175cbd3e111 fetched and parsed in 81.142042ms
[2m2025-12-10T10:13:09.019014Z[0m [34mDEBUG[0m [2methereum_transaction_pool_monitor::mempool_monitor[0m[2m:[0m 🔍 Skipping tx 0x8f01a66d410aedd0a4a5431be8be6a9739bcbbf5d22a90e7f9381175cbd3e111 - not a DEX interaction (target: 0x431ad2ff6a9C365805eBaD47Ee021148d6f7DBe0)
[2m2025-12-10T10:13:09.019025Z[0m [34mDEBUG[0m [2methereum_transaction_pool_monitor::mempool_monitor[0m[2m:[0m 📨 Processing new pending transaction: 0xb260934f8af84bfcd033c1a403fe0be44f95d66594adca0442b99c7a88fcb56a
[2m2025-12-10T10:13:09.019032Z[0m [34mDEBUG[0m [2methereum_transaction_pool_monitor::mempool_monitor[0m[2m:[0m 🔍 Fetching transaction details for: 0xb260934f8af84bfcd033c1a403fe0be44f95d66594adca0442b99c7a88fcb56a
[2m2025-12-10T10:13:09.019038Z[0m [34mDEBUG[0m [2methereum_transaction_pool_monitor::eth_client[0m[2m:[0m 🔍 Fetching transaction details for hash: 0xb260934f8af84bfcd033c1a403fe0be44f95d66594adca0442b99c7a88fcb56a
[2m2025-12-10T10:13:09.019058Z[0m [34mDEBUG[0m [2mhyper::client::pool[0m[2m:[0m reuse idle connection for ("http", 192.168.0.14:8545)
[2m2025-12-10T10:13:09.019095Z[0m [34mDEBUG[0m [2mhyper::proto::h1::io[0m[2m:[0m flushed 250 bytes
[2m2025-12-10T10:13:09.019120Z[0m [34mDEBUG[0m [2methereum_transaction_pool_monitor::eth_client[0m[2m:[0m 📨 Received WebSocket message: {"jsonrpc":"2.0","method":"eth_subscription","params":{"subscription":"0xbed0a0851463e895960a451075a301a9","result":"0x031637287f31683aecef01fdd97b26b153a0b61b4656e252b7d942ada014df42"}}
[2m2025-12-10T10:13:09.019127Z[0m [34mDEBUG[0m [2methereum_transaction_pool_monitor::eth_client[0m[2m:[0m 📨 Received pending transaction: 0x031637287f31683aecef01fdd97b26b153a0b61b4656e252b7d942ada014df42
[2m2025-12-10T10:13:09.019175Z[0m [34mDEBUG[0m [2mhyper::proto::h1::io[0m[2m:[0m parsed 4 headers
[2m2025-12-10T10:13:09.019181Z[0m [34mDEBUG[0m [2mhyper::proto::h1::conn[0m[2m:[0m incoming body is content-length (45 bytes)
[2m2025-12-10T10:13:09.019189Z[0m [34mDEBUG[0m [2mhyper::proto::h1::conn[0m[2m:[0m incoming body completed
[2m2025-12-10T10:13:09.019220Z[0m [34mDEBUG[0m [2mhyper::client::pool[0m[2m:[0m pooling idle connection for ("http", 192.168.0.14:8545)
[2m2025-12-10T10:13:09.019236Z[0m [34mDEBUG[0m [2mhyper::client::pool[0m[2m:[0m reuse idle connection for ("http", 192.168.0.14:8545)
[2m2025-12-10T10:13:09.019252Z[0m [34mDEBUG[0m [2mhyper::proto::h1::io[0m[2m:[0m flushed 172 bytes
[2m2025-12-10T10:13:09.023420Z[0m [34mDEBUG[0m [2mhyper::proto::h1::io[0m[2m:[0m parsed 4 headers
[2m2025-12-10T10:13:09.023428Z[0m [34mDEBUG[0m [2mhyper::proto::h1::conn[0m[2m:[0m incoming body is content-length (45 bytes)
[2m2025-12-10T10:13:09.023434Z[0m [34mDEBUG[0m [2mhyper::proto::h1::conn[0m[2m:[0m incoming body completed
[2m2025-12-10T10:13:09.023442Z[0m [34mDEBUG[0m [2mhyper::client::pool[0m[2m:[0m pooling idle connection for ("http", 192.168.0.14:8545)
[2m2025-12-10T10:13:09.023827Z[0m [34mDEBUG[0m [2mhyper::proto::h1::io[0m[2m:[0m parsed 4 headers
[2m2025-12-10T10:13:09.023833Z[0m [34mDEBUG[0m [2mhyper::proto::h1::conn[0m[2m:[0m incoming body is content-length (830 bytes)
[2m2025-12-10T10:13:09.023837Z[0m [34mDEBUG[0m [2mhyper::proto::h1::conn[0m[2m:[0m incoming body completed
[2m2025-12-10T10:13:09.023842Z[0m [34mDEBUG[0m [2mhyper::client::pool[0m[2m:[0m pooling idle connection for ("http", 192.168.0.14:8545)
[2m2025-12-10T10:13:09.023847Z[0m [34mDEBUG[0m [2methereum_transaction_pool_monitor::eth_client[0m[2m:[0m 📡 Transaction fetch RPC completed in 4.804792ms
[2m2025-12-10T10:13:09.095563Z[0m [34mDEBUG[0m [2methereum_transaction_pool_monitor::eth_client[0m[2m:[0m ✅ Transaction 0xb260934f8af84bfcd033c1a403fe0be44f95d66594adca0442b99c7a88fcb56a fetched and parsed in 76.518833ms
[2m2025-12-10T10:13:09.095590Z[0m [34mDEBUG[0m [2methereum_transaction_pool_monitor::mempool_monitor[0m[2m:[0m 🔍 Skipping tx 0xb260934f8af84bfcd033c1a403fe0be44f95d66594adca0442b99c7a88fcb56a - not a DEX interaction (target: 0x3B4D794a66304F130a4Db8F2551B0070dfCf5ca7)
[2m2025-12-10T10:13:09.095604Z[0m [34mDEBUG[0m [2methereum_transaction_pool_monitor::mempool_monitor[0m[2m:[0m 📨 Processing new pending transaction: 0x6d617572d1faf22c290059e02acdefa82d6e7140e60e71e50c0a6aa4326eb857
[2m2025-12-10T10:13:09.095613Z[0m [34mDEBUG[0m [2methereum_transaction_pool_monitor::mempool_monitor[0m[2m:[0m 🔍 Fetching transaction details for: 0x6d617572d1faf22c290059e02acdefa82d6e7140e60e71e50c0a6aa4326eb857
[2m2025-12-10T10:13:09.095619Z[0m [34mDEBUG[0m [2methereum_transaction_pool_monitor::eth_client[0m[2m:[0m 🔍 Fetching transaction details for hash: 0x6d617572d1faf22c290059e02acdefa82d6e7140e60e71e50c0a6aa4326eb857
[2m2025-12-10T10:13:09.095638Z[0m [34mDEBUG[0m [2mhyper::client::pool[0m[2m:[0m reuse idle connection for ("http", 192.168.0.14:8545)
[2m2025-12-10T10:13:09.095677Z[0m [34mDEBUG[0m [2mhyper::proto::h1::io[0m[2m:[0m flushed 250 bytes
[2m2025-12-10T10:13:09.095700Z[0m [34mDEBUG[0m [2methereum_transaction_pool_monitor::eth_client[0m[2m:[0m 📨 Received WebSocket message: {"jsonrpc":"2.0","method":"eth_subscription","params":{"subscription":"0xbed0a0851463e895960a451075a301a9","result":"0x02bed277e38437f9e0b9de750bbacb6cb57766f5fe2695b5a97904458647d3ce"}}
[2m2025-12-10T10:13:09.095710Z[0m [34mDEBUG[0m [2methereum_transaction_pool_monitor::eth_client[0m[2m:[0m 📨 Received pending transaction: 0x02bed277e38437f9e0b9de750bbacb6cb57766f5fe2695b5a97904458647d3ce
[2m2025-12-10T10:13:09.098250Z[0m [34mDEBUG[0m [2mhyper::client::pool[0m[2m:[0m reuse idle connection for ("http", 192.168.0.14:8545)
[2m2025-12-10T10:13:09.098272Z[0m [34mDEBUG[0m [2mhyper::proto::h1::io[0m[2m:[0m flushed 172 bytes
[2m2025-12-10T10:13:09.100135Z[0m [34mDEBUG[0m [2mhyper::proto::h1::io[0m[2m:[0m parsed 4 headers
[2m2025-12-10T10:13:09.100141Z[0m [34mDEBUG[0m [2mhyper::proto::h1::conn[0m[2m:[0m incoming body is content-length (555 bytes)
[2m2025-12-10T10:13:09.100149Z[0m [34mDEBUG[0m [2mhyper::proto::h1::conn[0m[2m:[0m incoming body completed
[2m2025-12-10T10:13:09.100156Z[0m [34mDEBUG[0m [2mhyper::client::pool[0m[2m:[0m pooling idle connection for ("http", 192.168.0.14:8545)
[2m2025-12-10T10:13:09.100162Z[0m [34mDEBUG[0m [2methereum_transaction_pool_monitor::eth_client[0m[2m:[0m 📡 Transaction fetch RPC completed in 4.536959ms
[2m2025-12-10T10:13:09.169085Z[0m [34mDEBUG[0m [2methereum_transaction_pool_monitor::eth_client[0m[2m:[0m ✅ Transaction 0x6d617572d1faf22c290059e02acdefa82d6e7140e60e71e50c0a6aa4326eb857 fetched and parsed in 73.457667ms
[2m2025-12-10T10:13:09.169107Z[0m [34mDEBUG[0m [2methereum_transaction_pool_monitor::mempool_monitor[0m[2m:[0m 🔍 Skipping tx 0x6d617572d1faf22c290059e02acdefa82d6e7140e60e71e50c0a6aa4326eb857 - not a DEX interaction (target: 0xF77d39Bf380f8eD9af4225545F7293B945E0465E)
[2m2025-12-10T10:13:09.169116Z[0m [34mDEBUG[0m [2methereum_transaction_pool_monitor::mempool_monitor[0m[2m:[0m 📨 Processing new pending transaction: 0x8d99d4a25897fa2e997485143c3990894d0c4f8710b76c85373776bf1f00e0d7
[2m2025-12-10T10:13:09.169121Z[0m [34mDEBUG[0m [2methereum_transaction_pool_monitor::mempool_monitor[0m[2m:[0m 🔍 Fetching transaction details for: 0x8d99d4a25897fa2e997485143c3990894d0c4f8710b76c85373776bf1f00e0d7
[2m2025-12-10T10:13:09.169125Z[0m [34mDEBUG[0m [2methereum_transaction_pool_monitor::eth_client[0m[2m:[0m 🔍 Fetching transaction details for hash: 0x8d99d4a25897fa2e997485143c3990894d0c4f8710b76c85373776bf1f00e0d7
[2m2025-12-10T10:13:09.169142Z[0m [34mDEBUG[0m [2mhyper::client::pool[0m[2m:[0m reuse idle connection for ("http", 192.168.0.14:8545)
[2m2025-12-10T10:13:09.169188Z[0m [34mDEBUG[0m [2mhyper::proto::h1::io[0m[2m:[0m flushed 250 bytes
[2m2025-12-10T10:13:09.169209Z[0m [34mDEBUG[0m [2methereum_transaction_pool_monitor::eth_client[0m[2m:[0m 📨 Received WebSocket message: {"jsonrpc":"2.0","method":"eth_subscription","params":{"subscription":"0xbed0a0851463e895960a451075a301a9","result":"0x0a169291b223e66d9bd852d484af579fb589c3e05da85321d8d6d96d1dc140e4"}}
[2m2025-12-10T10:13:09.169214Z[0m [34mDEBUG[0m [2mhyper::proto::h1::io[0m[2m:[0m parsed 4 headers
[2m2025-12-10T10:13:09.169218Z[0m [34mDEBUG[0m [2methereum_transaction_pool_monitor::eth_client[0m[2m:[0m 📨 Received pending transaction: 0x0a169291b223e66d9bd852d484af579fb589c3e05da85321d8d6d96d1dc140e4
[2m2025-12-10T10:13:09.169223Z[0m [34mDEBUG[0m [2mhyper::proto::h1::conn[0m[2m:[0m incoming body is content-length (45 bytes)
[2m2025-12-10T10:13:09.169232Z[0m [34mDEBUG[0m [2mhyper::proto::h1::conn[0m[2m:[0m incoming body completed
[2m2025-12-10T10:13:09.169239Z[0m [34mDEBUG[0m [2mhyper::client::pool[0m[2m:[0m pooling idle connection for ("http", 192.168.0.14:8545)
[2m2025-12-10T10:13:09.176024Z[0m [34mDEBUG[0m [2mhyper::proto::h1::io[0m[2m:[0m parsed 4 headers
[2m2025-12-10T10:13:09.176035Z[0m [34mDEBUG[0m [2mhyper::proto::h1::conn[0m[2m:[0m incoming body is content-length (612 bytes)
[2m2025-12-10T10:13:09.176041Z[0m [34mDEBUG[0m [2mhyper::proto::h1::conn[0m[2m:[0m incoming body completed
[2m2025-12-10T10:13:09.176048Z[0m [34mDEBUG[0m [2mhyper::client::pool[0m[2m:[0m pooling idle connection for ("http", 192.168.0.14:8545)
[2m2025-12-10T10:13:09.176054Z[0m [34mDEBUG[0m [2methereum_transaction_pool_monitor::eth_client[0m[2m:[0m 📡 Transaction fetch RPC completed in 6.924958ms
[2m2025-12-10T10:13:09.247354Z[0m [34mDEBUG[0m [2methereum_transaction_pool_monitor::eth_client[0m[2m:[0m ✅ Transaction 0x8d99d4a25897fa2e997485143c3990894d0c4f8710b76c85373776bf1f00e0d7 fetched and parsed in 78.222666ms
[2m2025-12-10T10:13:09.247380Z[0m [34mDEBUG[0m [2methereum_transaction_pool_monitor::mempool_monitor[0m[2m:[0m 🔍 Skipping tx 0x8d99d4a25897fa2e997485143c3990894d0c4f8710b76c85373776bf1f00e0d7 - not a DEX interaction (target: 0x3Ad80458D58fb3a779Ba0779F83203a4Cf4a49d8)
[2m2025-12-10T10:13:09.247390Z[0m [34mDEBUG[0m [2methereum_transaction_pool_monitor::mempool_monitor[0m[2m:[0m 📨 Processing new pending transaction: 0x09836e9f121dfd7e7e8cf4c786d8f2b63ba168dd61f44cc8ac85f11b1395febe
[2m2025-12-10T10:13:09.247640Z[0m [34mDEBUG[0m [2methereum_transaction_pool_monitor::mempool_monitor[0m[2m:[0m 🔍 Fetching transaction details for: 0x09836e9f121dfd7e7e8cf4c786d8f2b63ba168dd61f44cc8ac85f11b1395febe
[2m2025-12-10T10:13:09.247649Z[0m [34mDEBUG[0m [2methereum_transaction_pool_monitor::eth_client[0m[2m:[0m 🔍 Fetching transaction details for hash: 0x09836e9f121dfd7e7e8cf4c786d8f2b63ba168dd61f44cc8ac85f11b1395febe
[2m2025-12-10T10:13:09.247666Z[0m [34mDEBUG[0m [2mhyper::client::pool[0m[2m:[0m reuse idle connection for ("http", 192.168.0.14:8545)
[2m2025-12-10T10:13:09.247702Z[0m [34mDEBUG[0m [2mhyper::proto::h1::io[0m[2m:[0m flushed 250 bytes
[2m2025-12-10T10:13:09.247720Z[0m [34mDEBUG[0m [2mhyper::client::pool[0m[2m:[0m reuse idle connection for ("http", 192.168.0.14:8545)
[2m2025-12-10T10:13:09.247729Z[0m [34mDEBUG[0m [2methereum_transaction_pool_monitor::eth_client[0m[2m:[0m 📨 Received WebSocket message: {"jsonrpc":"2.0","method":"eth_subscription","params":{"subscription":"0xbed0a0851463e895960a451075a301a9","result":"0xc9abd446567e7ea5d532f44a651c1c4131e0bd56a3128ecb0e620bcd2cc1ad27"}}
[2m2025-12-10T10:13:09.247732Z[0m [34mDEBUG[0m [2mhyper::proto::h1::io[0m[2m:[0m flushed 172 bytes
[2m2025-12-10T10:13:09.247739Z[0m [34mDEBUG[0m [2methereum_transaction_pool_monitor::eth_client[0m[2m:[0m 📨 Received pending transaction: 0xc9abd446567e7ea5d532f44a651c1c4131e0bd56a3128ecb0e620bcd2cc1ad27
[2m2025-12-10T10:13:09.256313Z[0m [34mDEBUG[0m [2methereum_transaction_pool_monitor::eth_client[0m[2m:[0m 📨 Received WebSocket message: {"jsonrpc":"2.0","method":"eth_subscription","params":{"subscription":"0xbed0a0851463e895960a451075a301a9","result":"0x19e2094f832f0513835ed1a4c289a1b4536a14e4978d2a80e857a17bd0c70bf3"}}
[2m2025-12-10T10:13:09.256354Z[0m [34mDEBUG[0m [2methereum_transaction_pool_monitor::eth_client[0m[2m:[0m 📨 Received pending transaction: 0x19e2094f832f0513835ed1a4c289a1b4536a14e4978d2a80e857a17bd0c70bf3
[2m2025-12-10T10:13:09.256378Z[0m [34mDEBUG[0m [2mhyper::proto::h1::io[0m[2m:[0m parsed 4 headers
[2m2025-12-10T10:13:09.256380Z[0m [34mDEBUG[0m [2mhyper::proto::h1::io[0m[2m:[0m parsed 4 headers
[2m2025-12-10T10:13:09.256386Z[0m [34mDEBUG[0m [2mhyper::proto::h1::conn[0m[2m:[0m incoming body is content-length (45 bytes)
[2m2025-12-10T10:13:09.256392Z[0m [34mDEBUG[0m [2mhyper::proto::h1::conn[0m[2m:[0m incoming body is content-length (675 bytes)
[2m2025-12-10T10:13:09.256398Z[0m [34mDEBUG[0m [2mhyper::proto::h1::conn[0m[2m:[0m incoming body completed
[2m2025-12-10T10:13:09.256399Z[0m [34mDEBUG[0m [2mhyper::proto::h1::conn[0m[2m:[0m incoming body completed
[2m2025-12-10T10:13:09.256414Z[0m [34mDEBUG[0m [2mhyper::client::pool[0m[2m:[0m pooling idle connection for ("http", 192.168.0.14:8545)
[2m2025-12-10T10:13:09.256422Z[0m [34mDEBUG[0m [2mhyper::client::pool[0m[2m:[0m pooling idle connection for ("http", 192.168.0.14:8545)
[2m2025-12-10T10:13:09.256430Z[0m [34mDEBUG[0m [2methereum_transaction_pool_monitor::eth_client[0m[2m:[0m 📡 Transaction fetch RPC completed in 8.776542ms
[2m2025-12-10T10:13:09.256444Z[0m [34mDEBUG[0m [2methereum_transaction_pool_monitor::eth_client[0m[2m:[0m DeFi transaction detected - Address: 0xdac17f958d2ee523a2206206994597c13d831ec7, Type: Stablecoin, Value: 0 ETH, Gas: 1.00 Gwei
[2m2025-12-10T10:13:09.256463Z[0m [34mDEBUG[0m [2methereum_transaction_pool_monitor::eth_client[0m[2m:[0m ✅ Transaction 0x09836e9f121dfd7e7e8cf4c786d8f2b63ba168dd61f44cc8ac85f11b1395febe fetched and parsed in 8.80925ms
[2m2025-12-10T10:13:09.256472Z[0m [34mDEBUG[0m [2methereum_transaction_pool_monitor::mempool_monitor[0m[2m:[0m 🔍 Skipping tx 0x09836e9f121dfd7e7e8cf4c786d8f2b63ba168dd61f44cc8ac85f11b1395febe - not a DEX interaction (target: 0xdAC17F958D2ee523a2206206994597C13D831ec7)
[2m2025-12-10T10:13:09.256485Z[0m [34mDEBUG[0m [2methereum_transaction_pool_monitor::mempool_monitor[0m[2m:[0m 📨 Processing new pending transaction: 0x1c65694feed12c90a1c8995e5e1fb9421d863df3758ff24140c07c8e757c4fc0
[2m2025-12-10T10:13:09.256489Z[0m [34mDEBUG[0m [2methereum_transaction_pool_monitor::mempool_monitor[0m[2m:[0m 🔍 Fetching transaction details for: 0x1c65694feed12c90a1c8995e5e1fb9421d863df3758ff24140c07c8e757c4fc0
[2m2025-12-10T10:13:09.256493Z[0m [34mDEBUG[0m [2methereum_transaction_pool_monitor::eth_client[0m[2m:[0m 🔍 Fetching transaction details for hash: 0x1c65694feed12c90a1c8995e5e1fb9421d863df3758ff24140c07c8e757c4fc0
[2m2025-12-10T10:13:09.256509Z[0m [34mDEBUG[0m [2mhyper::client::pool[0m[2m:[0m reuse idle connection for ("http", 192.168.0.14:8545)
[2m2025-12-10T10:13:09.256526Z[0m [34mDEBUG[0m [2mhyper::proto::h1::io[0m[2m:[0m flushed 250 bytes
[2m2025-12-10T10:13:09.262596Z[0m [34mDEBUG[0m [2mhyper::proto::h1::io[0m[2m:[0m parsed 4 headers
[2m2025-12-10T10:13:09.262607Z[0m [34mDEBUG[0m [2mhyper::proto::h1::conn[0m[2m:[0m incoming body is content-length (646 bytes)
[2m2025-12-10T10:13:09.262613Z[0m [34mDEBUG[0m [2mhyper::proto::h1::conn[0m[2m:[0m incoming body completed
[2m2025-12-10T10:13:09.262620Z[0m [34mDEBUG[0m [2mhyper::client::pool[0m[2m:[0m pooling idle connection for ("http", 192.168.0.14:8545)
[2m2025-12-10T10:13:09.262625Z[0m [34mDEBUG[0m [2methereum_transaction_pool_monitor::eth_client[0m[2m:[0m 📡 Transaction fetch RPC completed in 6.12575ms
[2m2025-12-10T10:13:09.334397Z[0m [34mDEBUG[0m [2methereum_transaction_pool_monitor::eth_client[0m[2m:[0m ✅ Transaction 0x1c65694feed12c90a1c8995e5e1fb9421d863df3758ff24140c07c8e757c4fc0 fetched and parsed in 77.894958ms
[2m2025-12-10T10:13:09.334417Z[0m [34mDEBUG[0m [2methereum_transaction_pool_monitor::mempool_monitor[0m[2m:[0m 🔍 Skipping tx 0x1c65694feed12c90a1c8995e5e1fb9421d863df3758ff24140c07c8e757c4fc0 - not a DEX interaction (target: 0x9d8182CD2D654A9560fADEC8B11f7677F04A3528)
[2m2025-12-10T10:13:09.334433Z[0m [34mDEBUG[0m [2methereum_transaction_pool_monitor::mempool_monitor[0m[2m:[0m 📨 Processing new pending transaction: 0x2118f4edae19d3b1dd0a71057a30e0de20d91d0196bd75b56e30bb0bc96dfe53
[2m2025-12-10T10:13:09.334440Z[0m [34mDEBUG[0m [2methereum_transaction_pool_monitor::mempool_monitor[0m[2m:[0m 🔍 Fetching transaction details for: 0x2118f4edae19d3b1dd0a71057a30e0de20d91d0196bd75b56e30bb0bc96dfe53
[2m2025-12-10T10:13:09.334448Z[0m [34mDEBUG[0m [2methereum_transaction_pool_monitor::eth_client[0m[2m:[0m 🔍 Fetching transaction details for hash: 0x2118f4edae19d3b1dd0a71057a30e0de20d91d0196bd75b56e30bb0bc96dfe53
[2m2025-12-10T10:13:09.334465Z[0m [34mDEBUG[0m [2mhyper::client::pool[0m[2m:[0m reuse idle connection for ("http", 192.168.0.14:8545)
[2m2025-12-10T10:13:09.334498Z[0m [34mDEBUG[0m [2mhyper::proto::h1::io[0m[2m:[0m flushed 250 bytes
[2m2025-12-10T10:13:09.334527Z[0m [34mDEBUG[0m [2mhyper::client::pool[0m[2m:[0m reuse idle connection for ("http", 192.168.0.14:8545)
[2m2025-12-10T10:13:09.334543Z[0m [34mDEBUG[0m [2mhyper::proto::h1::io[0m[2m:[0m flushed 172 bytes
[2m2025-12-10T10:13:09.340865Z[0m [34mDEBUG[0m [2mhyper::proto::h1::io[0m[2m:[0m parsed 4 headers
[2m2025-12-10T10:13:09.340896Z[0m [34mDEBUG[0m [2mhyper::proto::h1::conn[0m[2m:[0m incoming body is content-length (771 bytes)
[2m2025-12-10T10:13:09.340922Z[0m [34mDEBUG[0m [2mhyper::proto::h1::conn[0m[2m:[0m incoming body completed
[2m2025-12-10T10:13:09.340932Z[0m [34mDEBUG[0m [2mhyper::client::pool[0m[2m:[0m pooling idle connection for ("http", 192.168.0.14:8545)
[2m2025-12-10T10:13:09.340938Z[0m [34mDEBUG[0m [2methereum_transaction_pool_monitor::eth_client[0m[2m:[0m 📡 Transaction fetch RPC completed in 6.485084ms
[2m2025-12-10T10:13:09.412903Z[0m [34mDEBUG[0m [2methereum_transaction_pool_monitor::eth_client[0m[2m:[0m ✅ Transaction 0x2118f4edae19d3b1dd0a71057a30e0de20d91d0196bd75b56e30bb0bc96dfe53 fetched and parsed in 78.448084ms
[2m2025-12-10T10:13:09.412925Z[0m [34mDEBUG[0m [2methereum_transaction_pool_monitor::mempool_monitor[0m[2m:[0m 🔍 Skipping tx 0x2118f4edae19d3b1dd0a71057a30e0de20d91d0196bd75b56e30bb0bc96dfe53 - not a DEX interaction (target: 0xB8f28C60dD8240141185a192fa4156A23E189305)
[2m2025-12-10T10:13:09.412936Z[0m [34mDEBUG[0m [2methereum_transaction_pool_monitor::mempool_monitor[0m[2m:[0m 📨 Processing new pending transaction: 0x031637287f31683aecef01fdd97b26b153a0b61b4656e252b7d942ada014df42
[2m2025-12-10T10:13:09.412943Z[0m [34mDEBUG[0m [2methereum_transaction_pool_monitor::mempool_monitor[0m[2m:[0m 🔍 Fetching transaction details for: 0x031637287f31683aecef01fdd97b26b153a0b61b4656e252b7d942ada014df42
[2m2025-12-10T10:13:09.412948Z[0m [34mDEBUG[0m [2methereum_transaction_pool_monitor::eth_client[0m[2m:[0m 🔍 Fetching transaction details for hash: 0x031637287f31683aecef01fdd97b26b153a0b61b4656e252b7d942ada014df42
[2m2025-12-10T10:13:09.412967Z[0m [34mDEBUG[0m [2mhyper::client::pool[0m[2m:[0m reuse idle connection for ("http", 192.168.0.14:8545)
[2m2025-12-10T10:13:09.412999Z[0m [34mDEBUG[0m [2mhyper::proto::h1::io[0m[2m:[0m flushed 250 bytes
[2m2025-12-10T10:13:09.413014Z[0m [34mDEBUG[0m [2mhyper::proto::h1::io[0m[2m:[0m parsed 4 headers
[2m2025-12-10T10:13:09.413019Z[0m [34mDEBUG[0m [2mhyper::proto::h1::conn[0m[2m:[0m incoming body is content-length (45 bytes)
[2m2025-12-10T10:13:09.413025Z[0m [34mDEBUG[0m [2mhyper::proto::h1::conn[0m[2m:[0m incoming body completed
[2m2025-12-10T10:13:09.413035Z[0m [34mDEBUG[0m [2mhyper::client::pool[0m[2m:[0m pooling idle connection for ("http", 192.168.0.14:8545)
[2m2025-12-10T10:13:09.413048Z[0m [34mDEBUG[0m [2mhyper::client::pool[0m[2m:[0m reuse idle connection for ("http", 192.168.0.14:8545)
[2m2025-12-10T10:13:09.413062Z[0m [34mDEBUG[0m [2mhyper::proto::h1::io[0m[2m:[0m flushed 172 bytes
[2m2025-12-10T10:13:09.418448Z[0m [34mDEBUG[0m [2mhyper::proto::h1::io[0m[2m:[0m parsed 4 headers
[2m2025-12-10T10:13:09.418462Z[0m [34mDEBUG[0m [2mhyper::proto::h1::conn[0m[2m:[0m incoming body is content-length (771 bytes)
[2m2025-12-10T10:13:09.418470Z[0m [34mDEBUG[0m [2mhyper::proto::h1::conn[0m[2m:[0m incoming body completed
[2m2025-12-10T10:13:09.418479Z[0m [34mDEBUG[0m [2mhyper::client::pool[0m[2m:[0m pooling idle connection for ("http", 192.168.0.14:8545)
[2m2025-12-10T10:13:09.418487Z[0m [34mDEBUG[0m [2methereum_transaction_pool_monitor::eth_client[0m[2m:[0m 📡 Transaction fetch RPC completed in 5.534666ms
[2m2025-12-10T10:13:09.490482Z[0m [34mDEBUG[0m [2methereum_transaction_pool_monitor::eth_client[0m[2m:[0m ✅ Transaction 0x031637287f31683aecef01fdd97b26b153a0b61b4656e252b7d942ada014df42 fetched and parsed in 77.527416ms
[2m2025-12-10T10:13:09.490509Z[0m [34mDEBUG[0m [2methereum_transaction_pool_monitor::mempool_monitor[0m[2m:[0m 🔍 Skipping tx 0x031637287f31683aecef01fdd97b26b153a0b61b4656e252b7d942ada014df42 - not a DEX interaction (target: 0x0f7dC5D02CC1E1f5Ee47854d534D332A1081cCC8)
[2m2025-12-10T10:13:09.490519Z[0m [34mDEBUG[0m [2methereum_transaction_pool_monitor::mempool_monitor[0m[2m:[0m 📨 Processing new pending transaction: 0x02bed277e38437f9e0b9de750bbacb6cb57766f5fe2695b5a97904458647d3ce
[2m2025-12-10T10:13:09.490527Z[0m [34mDEBUG[0m [2methereum_transaction_pool_monitor::mempool_monitor[0m[2m:[0m 🔍 Fetching transaction details for: 0x02bed277e38437f9e0b9de750bbacb6cb57766f5fe2695b5a97904458647d3ce
[2m2025-12-10T10:13:09.490532Z[0m [34mDEBUG[0m [2methereum_transaction_pool_monitor::eth_client[0m[2m:[0m 🔍 Fetching transaction details for hash: 0x02bed277e38437f9e0b9de750bbacb6cb57766f5fe2695b5a97904458647d3ce
[2m2025-12-10T10:13:09.490552Z[0m [34mDEBUG[0m [2mhyper::client::pool[0m[2m:[0m reuse idle connection for ("http", 192.168.0.14:8545)
[2m2025-12-10T10:13:09.490593Z[0m [34mDEBUG[0m [2mhyper::proto::h1::io[0m[2m:[0m flushed 250 bytes
[2m2025-12-10T10:13:09.490618Z[0m [34mDEBUG[0m [2methereum_transaction_pool_monitor::eth_client[0m[2m:[0m 📨 Received WebSocket message: {"jsonrpc":"2.0","method":"eth_subscription","params":{"subscription":"0xbed0a0851463e895960a451075a301a9","result":"0x581763fe911c62b8db7c228d6e799126d39bc797766a3da40ea67d109b1ccfdd"}}
[2m2025-12-10T10:13:09.490619Z[0m [34mDEBUG[0m [2mhyper::proto::h1::io[0m[2m:[0m parsed 4 headers
[2m2025-12-10T10:13:09.490640Z[0m [34mDEBUG[0m [2mhyper::proto::h1::conn[0m[2m:[0m incoming body is content-length (45 bytes)
[2m2025-12-10T10:13:09.490633Z[0m [34mDEBUG[0m [2methereum_transaction_pool_monitor::eth_client[0m[2m:[0m 📨 Received pending transaction: 0x581763fe911c62b8db7c228d6e799126d39bc797766a3da40ea67d109b1ccfdd
[2m2025-12-10T10:13:09.490650Z[0m [34mDEBUG[0m [2mhyper::proto::h1::conn[0m[2m:[0m incoming body completed
[2m2025-12-10T10:13:09.490671Z[0m [34mDEBUG[0m [2mhyper::client::pool[0m[2m:[0m pooling idle connection for ("http", 192.168.0.14:8545)
[2m2025-12-10T10:13:09.494998Z[0m [34mDEBUG[0m [2mhyper::proto::h1::io[0m[2m:[0m parsed 4 headers
[2m2025-12-10T10:13:09.495018Z[0m [34mDEBUG[0m [2mhyper::proto::h1::conn[0m[2m:[0m incoming body is content-length (830 bytes)
[2m2025-12-10T10:13:09.495038Z[0m [34mDEBUG[0m [2mhyper::proto::h1::conn[0m[2m:[0m incoming body completed
[2m2025-12-10T10:13:09.495055Z[0m [34mDEBUG[0m [2mhyper::client::pool[0m[2m:[0m pooling idle connection for ("http", 192.168.0.14:8545)
[2m2025-12-10T10:13:09.495061Z[0m [34mDEBUG[0m [2methereum_transaction_pool_monitor::eth_client[0m[2m:[0m 📡 Transaction fetch RPC completed in 4.52425ms
[2m2025-12-10T10:13:09.566693Z[0m [34mDEBUG[0m [2methereum_transaction_pool_monitor::eth_client[0m[2m:[0m ✅ Transaction 0x02bed277e38437f9e0b9de750bbacb6cb57766f5fe2695b5a97904458647d3ce fetched and parsed in 76.154083ms
[2m2025-12-10T10:13:09.566721Z[0m [34mDEBUG[0m [2methereum_transaction_pool_monitor::mempool_monitor[0m[2m:[0m 🔍 Skipping tx 0x02bed277e38437f9e0b9de750bbacb6cb57766f5fe2695b5a97904458647d3ce - not a DEX interaction (target: 0x3B4D794a66304F130a4Db8F2551B0070dfCf5ca7)
[2m2025-12-10T10:13:09.566733Z[0m [34mDEBUG[0m [2methereum_transaction_pool_monitor::mempool_monitor[0m[2m:[0m 📨 Processing new pending transaction: 0x0a169291b223e66d9bd852d484af579fb589c3e05da85321d8d6d96d1dc140e4
[2m2025-12-10T10:13:09.566744Z[0m [34mDEBUG[0m [2methereum_transaction_pool_monitor::mempool_monitor[0m[2m:[0m 🔍 Fetching transaction details for: 0x0a169291b223e66d9bd852d484af579fb589c3e05da85321d8d6d96d1dc140e4
[2m2025-12-10T10:13:09.566750Z[0m [34mDEBUG[0m [2methereum_transaction_pool_monitor::eth_client[0m[2m:[0m 🔍 Fetching transaction details for hash: 0x0a169291b223e66d9bd852d484af579fb589c3e05da85321d8d6d96d1dc140e4
[2m2025-12-10T10:13:09.566772Z[0m [34mDEBUG[0m [2mhyper::client::pool[0m[2m:[0m reuse idle connection for ("http", 192.168.0.14:8545)
[2m2025-12-10T10:13:09.566819Z[0m [34mDEBUG[0m [2mhyper::proto::h1::io[0m[2m:[0m flushed 250 bytes
[2m2025-12-10T10:13:09.566839Z[0m [34mDEBUG[0m [2mhyper::client::pool[0m[2m:[0m reuse idle connection for ("http", 192.168.0.14:8545)
[2m2025-12-10T10:13:09.566851Z[0m [34mDEBUG[0m [2mhyper::proto::h1::io[0m[2m:[0m flushed 172 bytes
[2m2025-12-10T10:13:09.566866Z[0m [34mDEBUG[0m [2methereum_transaction_pool_monitor::eth_client[0m[2m:[0m 📨 Received WebSocket message: {"jsonrpc":"2.0","method":"eth_subscription","params":{"subscription":"0xbed0a0851463e895960a451075a301a9","result":"0xc73ec77688464cc1530e16a1be58bd69f301befc141220ab7b74f55518de2995"}}
[2m2025-12-10T10:13:09.566877Z[0m [34mDEBUG[0m [2methereum_transaction_pool_monitor::eth_client[0m[2m:[0m 📨 Received pending transaction: 0xc73ec77688464cc1530e16a1be58bd69f301befc141220ab7b74f55518de2995
[2m2025-12-10T10:13:09.566882Z[0m [34mDEBUG[0m [2methereum_transaction_pool_monitor::eth_client[0m[2m:[0m 📨 Received WebSocket message: {"jsonrpc":"2.0","method":"eth_subscription","params":{"subscription":"0xbed0a0851463e895960a451075a301a9","result":"0xbcbe8cf99ca8cbd7bfa6ea4c777b473154712b0c6c25ba8b92ed96e529f132bf"}}
[2m2025-12-10T10:13:09.566967Z[0m [34mDEBUG[0m [2methereum_transaction_pool_monitor::eth_client[0m[2m:[0m 📨 Received pending transaction: 0xbcbe8cf99ca8cbd7bfa6ea4c777b473154712b0c6c25ba8b92ed96e529f132bf
[2m2025-12-10T10:13:09.570581Z[0m [34mDEBUG[0m [2mhyper::proto::h1::io[0m[2m:[0m parsed 4 headers
[2m2025-12-10T10:13:09.570595Z[0m [34mDEBUG[0m [2mhyper::proto::h1::conn[0m[2m:[0m incoming body is content-length (45 bytes)
[2m2025-12-10T10:13:09.570602Z[0m [34mDEBUG[0m [2mhyper::proto::h1::conn[0m[2m:[0m incoming body completed
[2m2025-12-10T10:13:09.570611Z[0m [34mDEBUG[0m [2mhyper::client::pool[0m[2m:[0m pooling idle connection for ("http", 192.168.0.14:8545)
[2m2025-12-10T10:13:09.571835Z[0m [34mDEBUG[0m [2mhyper::proto::h1::io[0m[2m:[0m parsed 4 headers
[2m2025-12-10T10:13:09.571842Z[0m [34mDEBUG[0m [2mhyper::proto::h1::conn[0m[2m:[0m incoming body is content-length (650 bytes)
[2m2025-12-10T10:13:09.571847Z[0m [34mDEBUG[0m [2mhyper::proto::h1::conn[0m[2m:[0m incoming body completed
[2m2025-12-10T10:13:09.571854Z[0m [34mDEBUG[0m [2mhyper::client::pool[0m[2m:[0m pooling idle connection for ("http", 192.168.0.14:8545)
[2m2025-12-10T10:13:09.571860Z[0m [34mDEBUG[0m [2methereum_transaction_pool_monitor::eth_client[0m[2m:[0m 📡 Transaction fetch RPC completed in 5.100959ms
[2m2025-12-10T10:13:09.642793Z[0m [34mDEBUG[0m [2methereum_transaction_pool_monitor::eth_client[0m[2m:[0m ✅ Transaction 0x0a169291b223e66d9bd852d484af579fb589c3e05da85321d8d6d96d1dc140e4 fetched and parsed in 76.032292ms
[2m2025-12-10T10:13:09.642819Z[0m [34mDEBUG[0m [2methereum_transaction_pool_monitor::mempool_monitor[0m[2m:[0m 🔍 Skipping tx 0x0a169291b223e66d9bd852d484af579fb589c3e05da85321d8d6d96d1dc140e4 - not a DEX interaction (target: 0x750F22abB75e666FbBB04515C0809dCc74f6Eb5c)
[2m2025-12-10T10:13:09.642830Z[0m [34mDEBUG[0m [2methereum_transaction_pool_monitor::mempool_monitor[0m[2m:[0m 📨 Processing new pending transaction: 0xc9abd446567e7ea5d532f44a651c1c4131e0bd56a3128ecb0e620bcd2cc1ad27
[2m2025-12-10T10:13:09.642836Z[0m [34mDEBUG[0m [2methereum_transaction_pool_monitor::mempool_monitor[0m[2m:[0m 🔍 Fetching transaction details for: 0xc9abd446567e7ea5d532f44a651c1c4131e0bd56a3128ecb0e620bcd2cc1ad27
[2m2025-12-10T10:13:09.642843Z[0m [34mDEBUG[0m [2methereum_transaction_pool_monitor::eth_client[0m[2m:[0m 🔍 Fetching transaction details for hash: 0xc9abd446567e7ea5d532f44a651c1c4131e0bd56a3128ecb0e620bcd2cc1ad27
[2m2025-12-10T10:13:09.642861Z[0m [34mDEBUG[0m [2mhyper::client::pool[0m[2m:[0m reuse idle connection for ("http", 192.168.0.14:8545)
[2m2025-12-10T10:13:09.642895Z[0m [34mDEBUG[0m [2mhyper::proto::h1::io[0m[2m:[0m flushed 250 bytes
[2m2025-12-10T10:13:09.642913Z[0m [34mDEBUG[0m [2mhyper::client::pool[0m[2m:[0m reuse idle connection for ("http", 192.168.0.14:8545)
[2m2025-12-10T10:13:09.642925Z[0m [34mDEBUG[0m [2mhyper::proto::h1::io[0m[2m:[0m flushed 172 bytes
[2m2025-12-10T10:13:09.642940Z[0m [34mDEBUG[0m [2methereum_transaction_pool_monitor::eth_client[0m[2m:[0m 📨 Received WebSocket message: {"jsonrpc":"2.0","method":"eth_subscription","params":{"subscription":"0xbed0a0851463e895960a451075a301a9","result":"0x8aee3ee8781518d9c35f44f9ecf975e3c5adfac3518b94d53af6df536baf282a"}}
[2m2025-12-10T10:13:09.642948Z[0m [34mDEBUG[0m [2methereum_transaction_pool_monitor::eth_client[0m[2m:[0m 📨 Received pending transaction: 0x8aee3ee8781518d9c35f44f9ecf975e3c5adfac3518b94d53af6df536baf282a
[2m2025-12-10T10:13:09.642954Z[0m [34mDEBUG[0m [2methereum_transaction_pool_monitor::eth_client[0m[2m:[0m 📨 Received WebSocket message: {"jsonrpc":"2.0","method":"eth_subscription","params":{"subscription":"0xbed0a0851463e895960a451075a301a9","result":"0xd30b55012bed951b76e277f41c02a0e11eb9535892d2035a36b80894886e9dd1"}}
[2m2025-12-10T10:13:09.642960Z[0m [34mDEBUG[0m [2methereum_transaction_pool_monitor::eth_client[0m[2m:[0m 📨 Received pending transaction: 0xd30b55012bed951b76e277f41c02a0e11eb9535892d2035a36b80894886e9dd1
[2m2025-12-10T10:13:09.642965Z[0m [34mDEBUG[0m [2methereum_transaction_pool_monitor::eth_client[0m[2m:[0m 📨 Received WebSocket message: {"jsonrpc":"2.0","method":"eth_subscription","params":{"subscription":"0xbed0a0851463e895960a451075a301a9","result":"0x349ba060bbb1fae8ddb68fd9a57b807722706858e5f66902c68f67ca2cffe59e"}}
[2m2025-12-10T10:13:09.642970Z[0m [34mDEBUG[0m [2methereum_transaction_pool_monitor::eth_client[0m[2m:[0m 📨 Received pending transaction: 0x349ba060bbb1fae8ddb68fd9a57b807722706858e5f66902c68f67ca2cffe59e
[2m2025-12-10T10:13:09.642976Z[0m [34mDEBUG[0m [2methereum_transaction_pool_monitor::eth_client[0m[2m:[0m 📨 Received WebSocket message: {"jsonrpc":"2.0","method":"eth_subscription","params":{"subscription":"0xbed0a0851463e895960a451075a301a9","result":"0x13336164720cea09672f2684bada02440d0aa4fd61019a7a22cd705497f9e41b"}}
[2m2025-12-10T10:13:09.642981Z[0m [34mDEBUG[0m [2methereum_transaction_pool_monitor::eth_client[0m[2m:[0m 📨 Received pending transaction: 0x13336164720cea09672f2684bada02440d0aa4fd61019a7a22cd705497f9e41b
[2m2025-12-10T10:13:09.648504Z[0m [34mDEBUG[0m [2mhyper::proto::h1::io[0m[2m:[0m parsed 4 headers
[2m2025-12-10T10:13:09.648544Z[0m [34mDEBUG[0m [2mhyper::proto::h1::conn[0m[2m:[0m incoming body is content-length (45 bytes)
[2m2025-12-10T10:13:09.648568Z[0m [34mDEBUG[0m [2mhyper::proto::h1::conn[0m[2m:[0m incoming body completed
[2m2025-12-10T10:13:09.648580Z[0m [34mDEBUG[0m [2mhyper::client::pool[0m[2m:[0m pooling idle connection for ("http", 192.168.0.14:8545)
[2m2025-12-10T10:13:09.651727Z[0m [34mDEBUG[0m [2mhyper::proto::h1::io[0m[2m:[0m parsed 4 headers
[2m2025-12-10T10:13:09.651750Z[0m [34mDEBUG[0m [2mhyper::proto::h1::conn[0m[2m:[0m incoming body is content-length (759 bytes)
[2m2025-12-10T10:13:09.651774Z[0m [34mDEBUG[0m [2mhyper::proto::h1::conn[0m[2m:[0m incoming body completed
[2m2025-12-10T10:13:09.651792Z[0m [34mDEBUG[0m [2mhyper::client::pool[0m[2m:[0m pooling idle connection for ("http", 192.168.0.14:8545)
[2m2025-12-10T10:13:09.651811Z[0m [34mDEBUG[0m [2methereum_transaction_pool_monitor::eth_client[0m[2m:[0m 📡 Transaction fetch RPC completed in 8.963458ms
[2m2025-12-10T10:13:09.723707Z[0m [34mDEBUG[0m [2methereum_transaction_pool_monitor::eth_client[0m[2m:[0m ✅ Transaction 0xc9abd446567e7ea5d532f44a651c1c4131e0bd56a3128ecb0e620bcd2cc1ad27 fetched and parsed in 80.856667ms
[2m2025-12-10T10:13:09.723732Z[0m [34mDEBUG[0m [2methereum_transaction_pool_monitor::mempool_monitor[0m[2m:[0m 🔍 Skipping tx 0xc9abd446567e7ea5d532f44a651c1c4131e0bd56a3128ecb0e620bcd2cc1ad27 - not a DEX interaction (target: 0x4e31448a098393727b786e25B54E59DcA1b77FE1)
[2m2025-12-10T10:13:09.723743Z[0m [34mDEBUG[0m [2methereum_transaction_pool_monitor::mempool_monitor[0m[2m:[0m 📨 Processing new pending transaction: 0x19e2094f832f0513835ed1a4c289a1b4536a14e4978d2a80e857a17bd0c70bf3
[2m2025-12-10T10:13:09.723750Z[0m [34mDEBUG[0m [2methereum_transaction_pool_monitor::mempool_monitor[0m[2m:[0m 🔍 Fetching transaction details for: 0x19e2094f832f0513835ed1a4c289a1b4536a14e4978d2a80e857a17bd0c70bf3
[2m2025-12-10T10:13:09.723757Z[0m [34mDEBUG[0m [2methereum_transaction_pool_monitor::eth_client[0m[2m:[0m 🔍 Fetching transaction details for hash: 0x19e2094f832f0513835ed1a4c289a1b4536a14e4978d2a80e857a17bd0c70bf3
[2m2025-12-10T10:13:09.723775Z[0m [34mDEBUG[0m [2mhyper::client::pool[0m[2m:[0m reuse idle connection for ("http", 192.168.0.14:8545)
[2m2025-12-10T10:13:09.723820Z[0m [34mDEBUG[0m [2mhyper::proto::h1::io[0m[2m:[0m flushed 250 bytes
[2m2025-12-10T10:13:09.723839Z[0m [34mDEBUG[0m [2mhyper::client::pool[0m[2m:[0m reuse idle connection for ("http", 192.168.0.14:8545)
[2m2025-12-10T10:13:09.723854Z[0m [34mDEBUG[0m [2mhyper::proto::h1::io[0m[2m:[0m flushed 172 bytes
[2m2025-12-10T10:13:09.723854Z[0m [34mDEBUG[0m [2methereum_transaction_pool_monitor::eth_client[0m[2m:[0m 📨 Received WebSocket message: {"jsonrpc":"2.0","method":"eth_subscription","params":{"subscription":"0xbed0a0851463e895960a451075a301a9","result":"0x1730a19ab7a118f27ad36bb3d8ecdd182ff26784768595a974f6103c093c12a2"}}
[2m2025-12-10T10:13:09.723868Z[0m [34mDEBUG[0m [2methereum_transaction_pool_monitor::eth_client[0m[2m:[0m 📨 Received pending transaction: 0x1730a19ab7a118f27ad36bb3d8ecdd182ff26784768595a974f6103c093c12a2
[2m2025-12-10T10:13:09.723874Z[0m [34mDEBUG[0m [2methereum_transaction_pool_monitor::eth_client[0m[2m:[0m 📨 Received WebSocket message: {"jsonrpc":"2.0","method":"eth_subscription","params":{"subscription":"0xbed0a0851463e895960a451075a301a9","result":"0xe99936648ccaf2663485d0c242d28e8f4f37550a1ebf53c32dac30b7fc3e9204"}}
[2m2025-12-10T10:13:09.723879Z[0m [34mDEBUG[0m [2methereum_transaction_pool_monitor::eth_client[0m[2m:[0m 📨 Received pending transaction: 0xe99936648ccaf2663485d0c242d28e8f4f37550a1ebf53c32dac30b7fc3e9204
[2m2025-12-10T10:13:09.723883Z[0m [34mDEBUG[0m [2methereum_transaction_pool_monitor::eth_client[0m[2m:[0m 📨 Received WebSocket message: {"jsonrpc":"2.0","method":"eth_subscription","params":{"subscription":"0xbed0a0851463e895960a451075a301a9","result":"0x9d0bdf3538267b89dca7b2f66deefcc51d8bbe4a634b30aefa3ee2c23a30c20c"}}
[2m2025-12-10T10:13:09.723888Z[0m [34mDEBUG[0m [2methereum_transaction_pool_monitor::eth_client[0m[2m:[0m 📨 Received pending transaction: 0x9d0bdf3538267b89dca7b2f66deefcc51d8bbe4a634b30aefa3ee2c23a30c20c
[2m2025-12-10T10:13:09.723976Z[0m [34mDEBUG[0m [2methereum_transaction_pool_monitor::eth_client[0m[2m:[0m 📨 Received WebSocket message: {"jsonrpc":"2.0","method":"eth_subscription","params":{"subscription":"0xbed0a0851463e895960a451075a301a9","result":"0x54ccef3d865099fa520b48a6c5692bd6a9a045302ca61141b260f8b6ca9be651"}}
[2m2025-12-10T10:13:09.723985Z[0m [34mDEBUG[0m [2methereum_transaction_pool_monitor::eth_client[0m[2m:[0m 📨 Received pending transaction: 0x54ccef3d865099fa520b48a6c5692bd6a9a045302ca61141b260f8b6ca9be651
[2m2025-12-10T10:13:09.727541Z[0m [34mDEBUG[0m [2mhyper::proto::h1::io[0m[2m:[0m parsed 4 headers
[2m2025-12-10T10:13:09.727554Z[0m [34mDEBUG[0m [2mhyper::proto::h1::conn[0m[2m:[0m incoming body is content-length (45 bytes)
[2m2025-12-10T10:13:09.727562Z[0m [34mDEBUG[0m [2mhyper::proto::h1::conn[0m[2m:[0m incoming body completed
[2m2025-12-10T10:13:09.727570Z[0m [34mDEBUG[0m [2mhyper::client::pool[0m[2m:[0m pooling idle connection for ("http", 192.168.0.14:8545)
[2m2025-12-10T10:13:09.729350Z[0m [34mDEBUG[0m [2mhyper::proto::h1::io[0m[2m:[0m parsed 4 headers
[2m2025-12-10T10:13:09.729360Z[0m [34mDEBUG[0m [2mhyper::proto::h1::conn[0m[2m:[0m incoming body is content-length (1729 bytes)
[2m2025-12-10T10:13:09.729365Z[0m [34mDEBUG[0m [2mhyper::proto::h1::conn[0m[2m:[0m incoming body completed
[2m2025-12-10T10:13:09.729374Z[0m [34mDEBUG[0m [2mhyper::client::pool[0m[2m:[0m pooling idle connection for ("http", 192.168.0.14:8545)
[2m2025-12-10T10:13:09.729381Z[0m [34mDEBUG[0m [2methereum_transaction_pool_monitor::eth_client[0m[2m:[0m 📡 Transaction fetch RPC completed in 5.619041ms
[2m2025-12-10T10:13:09.801304Z[0m [34mDEBUG[0m [2methereum_transaction_pool_monitor::eth_client[0m[2m:[0m ✅ Transaction 0x19e2094f832f0513835ed1a4c289a1b4536a14e4978d2a80e857a17bd0c70bf3 fetched and parsed in 77.539083ms
[2m2025-12-10T10:13:09.801331Z[0m [34mDEBUG[0m [2methereum_transaction_pool_monitor::mempool_monitor[0m[2m:[0m 🔍 Skipping tx 0x19e2094f832f0513835ed1a4c289a1b4536a14e4978d2a80e857a17bd0c70bf3 - not a DEX interaction (target: 0x601a2aD6CB5949f0529735254189Ba3194221EDF)
[2m2025-12-10T10:13:09.801343Z[0m [34mDEBUG[0m [2methereum_transaction_pool_monitor::mempool_monitor[0m[2m:[0m 📨 Processing new pending transaction: 0x581763fe911c62b8db7c228d6e799126d39bc797766a3da40ea67d109b1ccfdd
[2m2025-12-10T10:13:09.801350Z[0m [34mDEBUG[0m [2methereum_transaction_pool_monitor::mempool_monitor[0m[2m:[0m 🔍 Fetching transaction details for: 0x581763fe911c62b8db7c228d6e799126d39bc797766a3da40ea67d109b1ccfdd
[2m2025-12-10T10:13:09.801357Z[0m [34mDEBUG[0m [2methereum_transaction_pool_monitor::eth_client[0m[2m:[0m 🔍 Fetching transaction details for hash: 0x581763fe911c62b8db7c228d6e799126d39bc797766a3da40ea67d109b1ccfdd
[2m2025-12-10T10:13:09.801377Z[0m [34mDEBUG[0m [2mhyper::client::pool[0m[2m:[0m reuse idle connection for ("http", 192.168.0.14:8545)
[2m2025-12-10T10:13:09.801418Z[0m [34mDEBUG[0m [2mhyper::proto::h1::io[0m[2m:[0m flushed 250 bytes
[2m2025-12-10T10:13:09.801446Z[0m [34mDEBUG[0m [2mhyper::client::pool[0m[2m:[0m reuse idle connection for ("http", 192.168.0.14:8545)
[2m2025-12-10T10:13:09.801464Z[0m [34mDEBUG[0m [2mhyper::proto::h1::io[0m[2m:[0m flushed 172 bytes
[2m2025-12-10T10:13:09.805688Z[0m [34mDEBUG[0m [2mhyper::proto::h1::io[0m[2m:[0m parsed 4 headers
[2m2025-12-10T10:13:09.805715Z[0m [34mDEBUG[0m [2mhyper::proto::h1::conn[0m[2m:[0m incoming body is content-length (45 bytes)
[2m2025-12-10T10:13:09.805743Z[0m [34mDEBUG[0m [2mhyper::proto::h1::conn[0m[2m:[0m incoming body completed
[2m2025-12-10T10:13:09.805778Z[0m [34mDEBUG[0m [2mhyper::client::pool[0m[2m:[0m pooling idle connection for ("http", 192.168.0.14:8545)
[2m2025-12-10T10:13:09.805807Z[0m [34mDEBUG[0m [2mhyper::proto::h1::io[0m[2m:[0m parsed 4 headers
[2m2025-12-10T10:13:09.805811Z[0m [34mDEBUG[0m [2mhyper::proto::h1::conn[0m[2m:[0m incoming body is content-length (646 bytes)
[2m2025-12-10T10:13:09.805816Z[0m [34mDEBUG[0m [2mhyper::proto::h1::conn[0m[2m:[0m incoming body completed
[2m2025-12-10T10:13:09.805820Z[0m [34mDEBUG[0m [2mhyper::client::pool[0m[2m:[0m pooling idle connection for ("http", 192.168.0.14:8545)
[2m2025-12-10T10:13:09.805825Z[0m [34mDEBUG[0m [2methereum_transaction_pool_monitor::eth_client[0m[2m:[0m 📡 Transaction fetch RPC completed in 4.463375ms
[2m2025-12-10T10:13:09.877775Z[0m [34mDEBUG[0m [2methereum_transaction_pool_monitor::eth_client[0m[2m:[0m ✅ Transaction 0x581763fe911c62b8db7c228d6e799126d39bc797766a3da40ea67d109b1ccfdd fetched and parsed in 76.410833ms
[2m2025-12-10T10:13:09.877801Z[0m [34mDEBUG[0m [2methereum_transaction_pool_monitor::mempool_monitor[0m[2m:[0m 🔍 Skipping tx 0x581763fe911c62b8db7c228d6e799126d39bc797766a3da40ea67d109b1ccfdd - not a DEX interaction (target: 0xcdE832928387dC26814Fb099eCe7E6C48623efee)
[2m2025-12-10T10:13:09.877811Z[0m [34mDEBUG[0m [2methereum_transaction_pool_monitor::mempool_monitor[0m[2m:[0m 📨 Processing new pending transaction: 0xc73ec77688464cc1530e16a1be58bd69f301befc141220ab7b74f55518de2995
[2m2025-12-10T10:13:09.877818Z[0m [34mDEBUG[0m [2methereum_transaction_pool_monitor::mempool_monitor[0m[2m:[0m 🔍 Fetching transaction details for: 0xc73ec77688464cc1530e16a1be58bd69f301befc141220ab7b74f55518de2995
[2m2025-12-10T10:13:09.877825Z[0m [34mDEBUG[0m [2methereum_transaction_pool_monitor::eth_client[0m[2m:[0m 🔍 Fetching transaction details for hash: 0xc73ec77688464cc1530e16a1be58bd69f301befc141220ab7b74f55518de2995
[2m2025-12-10T10:13:09.877842Z[0m [34mDEBUG[0m [2mhyper::client::pool[0m[2m:[0m reuse idle connection for ("http", 192.168.0.14:8545)
[2m2025-12-10T10:13:09.877884Z[0m [34mDEBUG[0m [2mhyper::proto::h1::io[0m[2m:[0m flushed 250 bytes
[2m2025-12-10T10:13:09.888426Z[0m [34mDEBUG[0m [2mhyper::proto::h1::io[0m[2m:[0m parsed 4 headers
[2m2025-12-10T10:13:09.888432Z[0m [34mDEBUG[0m [2mhyper::proto::h1::conn[0m[2m:[0m incoming body is content-length (677 bytes)
[2m2025-12-10T10:13:09.888440Z[0m [34mDEBUG[0m [2mhyper::proto::h1::conn[0m[2m:[0m incoming body completed
[2m2025-12-10T10:13:09.888450Z[0m [34mDEBUG[0m [2mhyper::client::pool[0m[2m:[0m pooling idle connection for ("http", 192.168.0.14:8545)
[2m2025-12-10T10:13:09.888554Z[0m [34mDEBUG[0m [2methereum_transaction_pool_monitor::eth_client[0m[2m:[0m 📡 Transaction fetch RPC completed in 10.724709ms
[2m2025-12-10T10:13:09.888569Z[0m [34mDEBUG[0m [2methereum_transaction_pool_monitor::eth_client[0m[2m:[0m DeFi transaction detected - Address: 0xdac17f958d2ee523a2206206994597c13d831ec7, Type: Stablecoin, Value: 0 ETH, Gas: 6.17 Gwei
[2m2025-12-10T10:13:09.888580Z[0m [34mDEBUG[0m [2methereum_transaction_pool_monitor::eth_client[0m[2m:[0m ✅ Transaction 0xc73ec77688464cc1530e16a1be58bd69f301befc141220ab7b74f55518de2995 fetched and parsed in 10.750875ms
[2m2025-12-10T10:13:09.888585Z[0m [34mDEBUG[0m [2methereum_transaction_pool_monitor::mempool_monitor[0m[2m:[0m 🔍 Skipping tx 0xc73ec77688464cc1530e16a1be58bd69f301befc141220ab7b74f55518de2995 - not a DEX interaction (target: 0xdAC17F958D2ee523a2206206994597C13D831ec7)
[2m2025-12-10T10:13:09.888591Z[0m [34mDEBUG[0m [2methereum_transaction_pool_monitor::mempool_monitor[0m[2m:[0m 📨 Processing new pending transaction: 0xbcbe8cf99ca8cbd7bfa6ea4c777b473154712b0c6c25ba8b92ed96e529f132bf
[2m2025-12-10T10:13:09.888595Z[0m [34mDEBUG[0m [2methereum_transaction_pool_monitor::mempool_monitor[0m[2m:[0m 🔍 Fetching transaction details for: 0xbcbe8cf99ca8cbd7bfa6ea4c777b473154712b0c6c25ba8b92ed96e529f132bf
[2m2025-12-10T10:13:09.888599Z[0m [34mDEBUG[0m [2methereum_transaction_pool_monitor::eth_client[0m[2m:[0m 🔍 Fetching transaction details for hash: 0xbcbe8cf99ca8cbd7bfa6ea4c777b473154712b0c6c25ba8b92ed96e529f132bf
[2m2025-12-10T10:13:09.888609Z[0m [34mDEBUG[0m [2mhyper::client::pool[0m[2m:[0m reuse idle connection for ("http", 192.168.0.14:8545)
[2m2025-12-10T10:13:09.888626Z[0m [34mDEBUG[0m [2mhyper::proto::h1::io[0m[2m:[0m flushed 250 bytes
[2m2025-12-10T10:13:09.892745Z[0m [34mDEBUG[0m [2mhyper::proto::h1::io[0m[2m:[0m parsed 4 headers
[2m2025-12-10T10:13:09.892771Z[0m [34mDEBUG[0m [2mhyper::proto::h1::conn[0m[2m:[0m incoming body is content-length (2307 bytes)
[2m2025-12-10T10:13:09.892805Z[0m [34mDEBUG[0m [2methereum_transaction_pool_monitor::eth_client[0m[2m:[0m 📡 Transaction fetch RPC completed in 4.202667ms
[2m2025-12-10T10:13:09.896501Z[0m [34mDEBUG[0m [2mhyper::proto::h1::conn[0m[2m:[0m incoming body completed
[2m2025-12-10T10:13:09.896532Z[0m [34mDEBUG[0m [2mhyper::client::pool[0m[2m:[0m pooling idle connection for ("http", 192.168.0.14:8545)
[2m2025-12-10T10:13:09.898810Z[0m [34mDEBUG[0m [2mhyper::client::pool[0m[2m:[0m reuse idle connection for ("http", 192.168.0.14:8545)
[2m2025-12-10T10:13:09.898835Z[0m [34mDEBUG[0m [2mhyper::proto::h1::io[0m[2m:[0m flushed 172 bytes
[2m2025-12-10T10:13:09.902828Z[0m [34mDEBUG[0m [2mhyper::proto::h1::io[0m[2m:[0m parsed 4 headers
[2m2025-12-10T10:13:09.902835Z[0m [34mDEBUG[0m [2mhyper::proto::h1::conn[0m[2m:[0m incoming body is content-length (45 bytes)
[2m2025-12-10T10:13:09.902840Z[0m [34mDEBUG[0m [2mhyper::proto::h1::conn[0m[2m:[0m incoming body completed
[2m2025-12-10T10:13:09.902846Z[0m [34mDEBUG[0m [2mhyper::client::pool[0m[2m:[0m pooling idle connection for ("http", 192.168.0.14:8545)
[2m2025-12-10T10:13:09.967776Z[0m [34mDEBUG[0m [2methereum_transaction_pool_monitor::eth_client[0m[2m:[0m ✅ Transaction 0xbcbe8cf99ca8cbd7bfa6ea4c777b473154712b0c6c25ba8b92ed96e529f132bf fetched and parsed in 79.170417ms
[2m2025-12-10T10:13:09.967805Z[0m [34mDEBUG[0m [2methereum_transaction_pool_monitor::mempool_monitor[0m[2m:[0m 🔍 Skipping tx 0xbcbe8cf99ca8cbd7bfa6ea4c777b473154712b0c6c25ba8b92ed96e529f132bf - not a DEX interaction (target: 0xF6801D319497789f934ec7F83E142a9536312B08)
[2m2025-12-10T10:13:09.967815Z[0m [34mDEBUG[0m [2methereum_transaction_pool_monitor::mempool_monitor[0m[2m:[0m 📨 Processing new pending transaction: 0x8aee3ee8781518d9c35f44f9ecf975e3c5adfac3518b94d53af6df536baf282a
[2m2025-12-10T10:13:09.967830Z[0m [34mDEBUG[0m [2methereum_transaction_pool_monitor::mempool_monitor[0m[2m:[0m 🔍 Fetching transaction details for: 0x8aee3ee8781518d9c35f44f9ecf975e3c5adfac3518b94d53af6df536baf282a
[2m2025-12-10T10:13:09.967837Z[0m [34mDEBUG[0m [2methereum_transaction_pool_monitor::eth_client[0m[2m:[0m 🔍 Fetching transaction details for hash: 0x8aee3ee8781518d9c35f44f9ecf975e3c5adfac3518b94d53af6df536baf282a
[2m2025-12-10T10:13:09.967856Z[0m [34mDEBUG[0m [2mhyper::client::pool[0m[2m:[0m reuse idle connection for ("http", 192.168.0.14:8545)
[2m2025-12-10T10:13:09.967898Z[0m [34mDEBUG[0m [2mhyper::proto::h1::io[0m[2m:[0m flushed 250 bytes
[2m2025-12-10T10:13:09.971431Z[0m [34mDEBUG[0m [2methereum_transaction_pool_monitor::eth_client[0m[2m:[0m 📨 Received WebSocket message: {"jsonrpc":"2.0","method":"eth_subscription","params":{"subscription":"0xbed0a0851463e895960a451075a301a9","result":"0x6746f4026393bcae340ae17b94baa1511659c52bd3ac455d66786836d10376f5"}}
[2m2025-12-10T10:13:09.971446Z[0m [34mDEBUG[0m [2methereum_transaction_pool_monitor::eth_client[0m[2m:[0m 📨 Received pending transaction: 0x6746f4026393bcae340ae17b94baa1511659c52bd3ac455d66786836d10376f5
[2m2025-12-10T10:13:09.972217Z[0m [34mDEBUG[0m [2mhyper::proto::h1::io[0m[2m:[0m parsed 4 headers
[2m2025-12-10T10:13:09.972222Z[0m [34mDEBUG[0m [2mhyper::proto::h1::conn[0m[2m:[0m incoming body is content-length (773 bytes)
[2m2025-12-10T10:13:09.972229Z[0m [34mDEBUG[0m [2mhyper::proto::h1::conn[0m[2m:[0m incoming body completed
[2m2025-12-10T10:13:09.972239Z[0m [34mDEBUG[0m [2mhyper::client::pool[0m[2m:[0m pooling idle connection for ("http", 192.168.0.14:8545)
[2m2025-12-10T10:13:09.972246Z[0m [34mDEBUG[0m [2methereum_transaction_pool_monitor::eth_client[0m[2m:[0m 📡 Transaction fetch RPC completed in 4.402667ms
[2m2025-12-10T10:13:10.043582Z[0m [34mDEBUG[0m [2methereum_transaction_pool_monitor::eth_client[0m[2m:[0m ✅ Transaction 0x8aee3ee8781518d9c35f44f9ecf975e3c5adfac3518b94d53af6df536baf282a fetched and parsed in 75.736167ms
[2m2025-12-10T10:13:10.043614Z[0m [34mDEBUG[0m [2methereum_transaction_pool_monitor::mempool_monitor[0m[2m:[0m 🔍 Skipping tx 0x8aee3ee8781518d9c35f44f9ecf975e3c5adfac3518b94d53af6df536baf282a - not a DEX interaction (target: 0xDF3C068d2f42d08C10f2Bc56bce69599869530B4)
[2m2025-12-10T10:13:10.043632Z[0m [34mDEBUG[0m [2methereum_transaction_pool_monitor::mempool_monitor[0m[2m:[0m 📨 Processing new pending transaction: 0xd30b55012bed951b76e277f41c02a0e11eb9535892d2035a36b80894886e9dd1
[2m2025-12-10T10:13:10.043641Z[0m [34mDEBUG[0m [2methereum_transaction_pool_monitor::mempool_monitor[0m[2m:[0m 🔍 Fetching transaction details for: 0xd30b55012bed951b76e277f41c02a0e11eb9535892d2035a36b80894886e9dd1
[2m2025-12-10T10:13:10.043648Z[0m [34mDEBUG[0m [2methereum_transaction_pool_monitor::eth_client[0m[2m:[0m 🔍 Fetching transaction details for hash: 0xd30b55012bed951b76e277f41c02a0e11eb9535892d2035a36b80894886e9dd1
[2m2025-12-10T10:13:10.043669Z[0m [34mDEBUG[0m [2mhyper::client::pool[0m[2m:[0m reuse idle connection for ("http", 192.168.0.14:8545)
[2m2025-12-10T10:13:10.043707Z[0m [34mDEBUG[0m [2mhyper::proto::h1::io[0m[2m:[0m flushed 250 bytes
[2m2025-12-10T10:13:10.043729Z[0m [34mDEBUG[0m [2mhyper::client::pool[0m[2m:[0m reuse idle connection for ("http", 192.168.0.14:8545)
[2m2025-12-10T10:13:10.043744Z[0m [34mDEBUG[0m [2methereum_transaction_pool_monitor::eth_client[0m[2m:[0m 📨 Received WebSocket message: {"jsonrpc":"2.0","method":"eth_subscription","params":{"subscription":"0xbed0a0851463e895960a451075a301a9","result":"0x432141464abc92be60e10327a74f306c9e55a80d58645aed1d4f5717a5dde974"}}
[2m2025-12-10T10:13:10.043748Z[0m [34mDEBUG[0m [2mhyper::proto::h1::io[0m[2m:[0m flushed 172 bytes
[2m2025-12-10T10:13:10.043758Z[0m [34mDEBUG[0m [2methereum_transaction_pool_monitor::eth_client[0m[2m:[0m 📨 Received pending transaction: 0x432141464abc92be60e10327a74f306c9e55a80d58645aed1d4f5717a5dde974
[2m2025-12-10T10:13:10.043775Z[0m [34mDEBUG[0m [2methereum_transaction_pool_monitor::eth_client[0m[2m:[0m 📨 Received WebSocket message: {"jsonrpc":"2.0","method":"eth_subscription","params":{"subscription":"0xbed0a0851463e895960a451075a301a9","result":"0x371d24197b059ac6426e0f42153f97db20f2a2cd8d58cb71ccbe5ed81fa4989f"}}
[2m2025-12-10T10:13:10.043785Z[0m [34mDEBUG[0m [2methereum_transaction_pool_monitor::eth_client[0m[2m:[0m 📨 Received pending transaction: 0x371d24197b059ac6426e0f42153f97db20f2a2cd8d58cb71ccbe5ed81fa4989f
[2m2025-12-10T10:13:10.043793Z[0m [34mDEBUG[0m [2methereum_transaction_pool_monitor::eth_client[0m[2m:[0m 📨 Received WebSocket message: {"jsonrpc":"2.0","method":"eth_subscription","params":{"subscription":"0xbed0a0851463e895960a451075a301a9","result":"0x2d4d762807817003630ba3dbf35e5694613924a0d8a13e0a6182ec2da40765a5"}}
[2m2025-12-10T10:13:10.043800Z[0m [34mDEBUG[0m [2methereum_transaction_pool_monitor::eth_client[0m[2m:[0m 📨 Received pending transaction: 0x2d4d762807817003630ba3dbf35e5694613924a0d8a13e0a6182ec2da40765a5
[2m2025-12-10T10:13:10.048464Z[0m [34mDEBUG[0m [2mhyper::proto::h1::io[0m[2m:[0m parsed 4 headers
[2m2025-12-10T10:13:10.048470Z[0m [34mDEBUG[0m [2mhyper::proto::h1::conn[0m[2m:[0m incoming body is content-length (45 bytes)
[2m2025-12-10T10:13:10.048477Z[0m [34mDEBUG[0m [2mhyper::proto::h1::conn[0m[2m:[0m incoming body completed
[2m2025-12-10T10:13:10.048484Z[0m [34mDEBUG[0m [2mhyper::client::pool[0m[2m:[0m pooling idle connection for ("http", 192.168.0.14:8545)
[2m2025-12-10T10:13:10.048503Z[0m [34mDEBUG[0m [2mhyper::proto::h1::io[0m[2m:[0m parsed 4 headers
[2m2025-12-10T10:13:10.048509Z[0m [34mDEBUG[0m [2mhyper::proto::h1::conn[0m[2m:[0m incoming body is content-length (774 bytes)
[2m2025-12-10T10:13:10.048513Z[0m [34mDEBUG[0m [2mhyper::proto::h1::conn[0m[2m:[0m incoming body completed
[2m2025-12-10T10:13:10.048518Z[0m [34mDEBUG[0m [2mhyper::client::pool[0m[2m:[0m pooling idle connection for ("http", 192.168.0.14:8545)
[2m2025-12-10T10:13:10.048523Z[0m [34mDEBUG[0m [2methereum_transaction_pool_monitor::eth_client[0m[2m:[0m 📡 Transaction fetch RPC completed in 4.867458ms
[2m2025-12-10T10:13:10.119721Z[0m [34mDEBUG[0m [2methereum_transaction_pool_monitor::eth_client[0m[2m:[0m ✅ Transaction 0xd30b55012bed951b76e277f41c02a0e11eb9535892d2035a36b80894886e9dd1 fetched and parsed in 76.063333ms
[2m2025-12-10T10:13:10.119747Z[0m [34mDEBUG[0m [2methereum_transaction_pool_monitor::mempool_monitor[0m[2m:[0m 🔍 Skipping tx 0xd30b55012bed951b76e277f41c02a0e11eb9535892d2035a36b80894886e9dd1 - not a DEX interaction (target: 0xDF3C068d2f42d08C10f2Bc56bce69599869530B4)
[2m2025-12-10T10:13:10.119758Z[0m [34mDEBUG[0m [2methereum_transaction_pool_monitor::mempool_monitor[0m[2m:[0m 📨 Processing new pending transaction: 0x349ba060bbb1fae8ddb68fd9a57b807722706858e5f66902c68f67ca2cffe59e
[2m2025-12-10T10:13:10.119765Z[0m [34mDEBUG[0m [2methereum_transaction_pool_monitor::mempool_monitor[0m[2m:[0m 🔍 Fetching transaction details for: 0x349ba060bbb1fae8ddb68fd9a57b807722706858e5f66902c68f67ca2cffe59e
[2m2025-12-10T10:13:10.119771Z[0m [34mDEBUG[0m [2methereum_transaction_pool_monitor::eth_client[0m[2m:[0m 🔍 Fetching transaction details for hash: 0x349ba060bbb1fae8ddb68fd9a57b807722706858e5f66902c68f67ca2cffe59e
[2m2025-12-10T10:13:10.119788Z[0m [34mDEBUG[0m [2mhyper::client::pool[0m[2m:[0m reuse idle connection for ("http", 192.168.0.14:8545)
[2m2025-12-10T10:13:10.119825Z[0m [34mDEBUG[0m [2mhyper::proto::h1::io[0m[2m:[0m flushed 250 bytes
[2m2025-12-10T10:13:10.119845Z[0m [34mDEBUG[0m [2mhyper::client::pool[0m[2m:[0m reuse idle connection for ("http", 192.168.0.14:8545)
[2m2025-12-10T10:13:10.119862Z[0m [34mDEBUG[0m [2mhyper::proto::h1::io[0m[2m:[0m flushed 172 bytes
[2m2025-12-10T10:13:10.119863Z[0m [34mDEBUG[0m [2methereum_transaction_pool_monitor::eth_client[0m[2m:[0m 📨 Received WebSocket message: {"jsonrpc":"2.0","method":"eth_subscription","params":{"subscription":"0xbed0a0851463e895960a451075a301a9","result":"0x98a764e62822323d7a0435a4d0851fc2caa5a8e7a6a08c8b90d3b0dfcddcdc20"}}
[2m2025-12-10T10:13:10.119878Z[0m [34mDEBUG[0m [2methereum_transaction_pool_monitor::eth_client[0m[2m:[0m 📨 Received pending transaction: 0x98a764e62822323d7a0435a4d0851fc2caa5a8e7a6a08c8b90d3b0dfcddcdc20
[2m2025-12-10T10:13:10.119887Z[0m [34mDEBUG[0m [2methereum_transaction_pool_monitor::eth_client[0m[2m:[0m 📨 Received WebSocket message: {"jsonrpc":"2.0","method":"eth_subscription","params":{"subscription":"0xbed0a0851463e895960a451075a301a9","result":"0xe09f2de4cc767c323da7acf446631d2b4f9b960a8160655735c09d77a45f5d39"}}
[2m2025-12-10T10:13:10.119894Z[0m [34mDEBUG[0m [2methereum_transaction_pool_monitor::eth_client[0m[2m:[0m 📨 Received pending transaction: 0xe09f2de4cc767c323da7acf446631d2b4f9b960a8160655735c09d77a45f5d39
[2m2025-12-10T10:13:10.124228Z[0m [34mDEBUG[0m [2mhyper::proto::h1::io[0m[2m:[0m parsed 4 headers
[2m2025-12-10T10:13:10.124235Z[0m [34mDEBUG[0m [2mhyper::proto::h1::conn[0m[2m:[0m incoming body is content-length (45 bytes)
[2m2025-12-10T10:13:10.124245Z[0m [34mDEBUG[0m [2mhyper::proto::h1::conn[0m[2m:[0m incoming body completed
[2m2025-12-10T10:13:10.124259Z[0m [34mDEBUG[0m [2mhyper::client::pool[0m[2m:[0m pooling idle connection for ("http", 192.168.0.14:8545)
[2m2025-12-10T10:13:10.124286Z[0m [34mDEBUG[0m [2mhyper::proto::h1::io[0m[2m:[0m parsed 4 headers
[2m2025-12-10T10:13:10.124291Z[0m [34mDEBUG[0m [2mhyper::proto::h1::conn[0m[2m:[0m incoming body is content-length (774 bytes)
[2m2025-12-10T10:13:10.124295Z[0m [34mDEBUG[0m [2mhyper::proto::h1::conn[0m[2m:[0m incoming body completed
[2m2025-12-10T10:13:10.124301Z[0m [34mDEBUG[0m [2mhyper::client::pool[0m[2m:[0m pooling idle connection for ("http", 192.168.0.14:8545)
[2m2025-12-10T10:13:10.124318Z[0m [34mDEBUG[0m [2methereum_transaction_pool_monitor::eth_client[0m[2m:[0m 📡 Transaction fetch RPC completed in 4.542291ms
[2m2025-12-10T10:13:10.195759Z[0m [34mDEBUG[0m [2methereum_transaction_pool_monitor::eth_client[0m[2m:[0m ✅ Transaction 0x349ba060bbb1fae8ddb68fd9a57b807722706858e5f66902c68f67ca2cffe59e fetched and parsed in 75.980208ms
[2m2025-12-10T10:13:10.195788Z[0m [34mDEBUG[0m [2methereum_transaction_pool_monitor::mempool_monitor[0m[2m:[0m 🔍 Skipping tx 0x349ba060bbb1fae8ddb68fd9a57b807722706858e5f66902c68f67ca2cffe59e - not a DEX interaction (target: 0xDF3C068d2f42d08C10f2Bc56bce69599869530B4)
[2m2025-12-10T10:13:10.195800Z[0m [34mDEBUG[0m [2methereum_transaction_pool_monitor::mempool_monitor[0m[2m:[0m 📨 Processing new pending transaction: 0x13336164720cea09672f2684bada02440d0aa4fd61019a7a22cd705497f9e41b
[2m2025-12-10T10:13:10.195813Z[0m [34mDEBUG[0m [2methereum_transaction_pool_monitor::mempool_monitor[0m[2m:[0m 🔍 Fetching transaction details for: 0x13336164720cea09672f2684bada02440d0aa4fd61019a7a22cd705497f9e41b
[2m2025-12-10T10:13:10.195821Z[0m [34mDEBUG[0m [2methereum_transaction_pool_monitor::eth_client[0m[2m:[0m 🔍 Fetching transaction details for hash: 0x13336164720cea09672f2684bada02440d0aa4fd61019a7a22cd705497f9e41b
[2m2025-12-10T10:13:10.195842Z[0m [34mDEBUG[0m [2mhyper::client::pool[0m[2m:[0m reuse idle connection for ("http", 192.168.0.14:8545)
[2m2025-12-10T10:13:10.195880Z[0m [34mDEBUG[0m [2mhyper::proto::h1::io[0m[2m:[0m flushed 250 bytes
[2m2025-12-10T10:13:10.198455Z[0m [34mDEBUG[0m [2mhyper::client::pool[0m[2m:[0m reuse idle connection for ("http", 192.168.0.14:8545)
[2m2025-12-10T10:13:10.198522Z[0m [34mDEBUG[0m [2mhyper::proto::h1::io[0m[2m:[0m flushed 172 bytes
[2m2025-12-10T10:13:10.200307Z[0m [34mDEBUG[0m [2mhyper::proto::h1::io[0m[2m:[0m parsed 4 headers
[2m2025-12-10T10:13:10.200329Z[0m [34mDEBUG[0m [2mhyper::proto::h1::conn[0m[2m:[0m incoming body is content-length (774 bytes)
[2m2025-12-10T10:13:10.200497Z[0m [34mDEBUG[0m [2mhyper::proto::h1::conn[0m[2m:[0m incoming body completed
[2m2025-12-10T10:13:10.200510Z[0m [34mDEBUG[0m [2mhyper::client::pool[0m[2m:[0m pooling idle connection for ("http", 192.168.0.14:8545)
[2m2025-12-10T10:13:10.200525Z[0m [34mDEBUG[0m [2methereum_transaction_pool_monitor::eth_client[0m[2m:[0m 📡 Transaction fetch RPC completed in 4.697792ms
[2m2025-12-10T10:13:10.272189Z[0m [34mDEBUG[0m [2methereum_transaction_pool_monitor::eth_client[0m[2m:[0m ✅ Transaction 0x13336164720cea09672f2684bada02440d0aa4fd61019a7a22cd705497f9e41b fetched and parsed in 76.359958ms
[2m2025-12-10T10:13:10.272217Z[0m [34mDEBUG[0m [2methereum_transaction_pool_monitor::mempool_monitor[0m[2m:[0m 🔍 Skipping tx 0x13336164720cea09672f2684bada02440d0aa4fd61019a7a22cd705497f9e41b - not a DEX interaction (target: 0xDF3C068d2f42d08C10f2Bc56bce69599869530B4)
[2m2025-12-10T10:13:10.272228Z[0m [34mDEBUG[0m [2methereum_transaction_pool_monitor::mempool_monitor[0m[2m:[0m 📨 Processing new pending transaction: 0x1730a19ab7a118f27ad36bb3d8ecdd182ff26784768595a974f6103c093c12a2
[2m2025-12-10T10:13:10.272243Z[0m [34mDEBUG[0m [2methereum_transaction_pool_monitor::mempool_monitor[0m[2m:[0m 🔍 Fetching transaction details for: 0x1730a19ab7a118f27ad36bb3d8ecdd182ff26784768595a974f6103c093c12a2
[2m2025-12-10T10:13:10.272250Z[0m [34mDEBUG[0m [2methereum_transaction_pool_monitor::eth_client[0m[2m:[0m 🔍 Fetching transaction details for hash: 0x1730a19ab7a118f27ad36bb3d8ecdd182ff26784768595a974f6103c093c12a2
[2m2025-12-10T10:13:10.272272Z[0m [34mDEBUG[0m [2mhyper::client::pool[0m[2m:[0m reuse idle connection for ("http", 192.168.0.14:8545)
[2m2025-12-10T10:13:10.272313Z[0m [34mDEBUG[0m [2mhyper::proto::h1::io[0m[2m:[0m flushed 250 bytes
[2m2025-12-10T10:13:10.272332Z[0m [34mDEBUG[0m [2mhyper::proto::h1::io[0m[2m:[0m parsed 4 headers
[2m2025-12-10T10:13:10.272337Z[0m [34mDEBUG[0m [2mhyper::proto::h1::conn[0m[2m:[0m incoming body is content-length (45 bytes)
[2m2025-12-10T10:13:10.272345Z[0m [34mDEBUG[0m [2mhyper::proto::h1::conn[0m[2m:[0m incoming body completed
[2m2025-12-10T10:13:10.272352Z[0m [34mDEBUG[0m [2mhyper::client::pool[0m[2m:[0m pooling idle connection for ("http", 192.168.0.14:8545)
[2m2025-12-10T10:13:10.276340Z[0m [34mDEBUG[0m [2mhyper::proto::h1::io[0m[2m:[0m parsed 4 headers
[2m2025-12-10T10:13:10.276345Z[0m [34mDEBUG[0m [2mhyper::proto::h1::conn[0m[2m:[0m incoming body is content-length (774 bytes)
[2m2025-12-10T10:13:10.276350Z[0m [34mDEBUG[0m [2mhyper::proto::h1::conn[0m[2m:[0m incoming body completed
[2m2025-12-10T10:13:10.276355Z[0m [34mDEBUG[0m [2mhyper::client::pool[0m[2m:[0m pooling idle connection for ("http", 192.168.0.14:8545)
[2m2025-12-10T10:13:10.276360Z[0m [34mDEBUG[0m [2methereum_transaction_pool_monitor::eth_client[0m[2m:[0m 📡 Transaction fetch RPC completed in 4.099625ms
[2m2025-12-10T10:13:10.347111Z[0m [34mDEBUG[0m [2methereum_transaction_pool_monitor::eth_client[0m[2m:[0m ✅ Transaction 0x1730a19ab7a118f27ad36bb3d8ecdd182ff26784768595a974f6103c093c12a2 fetched and parsed in 74.848916ms
[2m2025-12-10T10:13:10.347138Z[0m [34mDEBUG[0m [2methereum_transaction_pool_monitor::mempool_monitor[0m[2m:[0m 🔍 Skipping tx 0x1730a19ab7a118f27ad36bb3d8ecdd182ff26784768595a974f6103c093c12a2 - not a DEX interaction (target: 0xDF3C068d2f42d08C10f2Bc56bce69599869530B4)
[2m2025-12-10T10:13:10.347148Z[0m [34mDEBUG[0m [2methereum_transaction_pool_monitor::mempool_monitor[0m[2m:[0m 📨 Processing new pending transaction: 0xe99936648ccaf2663485d0c242d28e8f4f37550a1ebf53c32dac30b7fc3e9204
[2m2025-12-10T10:13:10.347156Z[0m [34mDEBUG[0m [2methereum_transaction_pool_monitor::mempool_monitor[0m[2m:[0m 🔍 Fetching transaction details for: 0xe99936648ccaf2663485d0c242d28e8f4f37550a1ebf53c32dac30b7fc3e9204
[2m2025-12-10T10:13:10.347162Z[0m [34mDEBUG[0m [2methereum_transaction_pool_monitor::eth_client[0m[2m:[0m 🔍 Fetching transaction details for hash: 0xe99936648ccaf2663485d0c242d28e8f4f37550a1ebf53c32dac30b7fc3e9204
[2m2025-12-10T10:13:10.347180Z[0m [34mDEBUG[0m [2mhyper::client::pool[0m[2m:[0m reuse idle connection for ("http", 192.168.0.14:8545)
[2m2025-12-10T10:13:10.347221Z[0m [34mDEBUG[0m [2mhyper::proto::h1::io[0m[2m:[0m flushed 250 bytes
[2m2025-12-10T10:13:10.347241Z[0m [34mDEBUG[0m [2mhyper::client::pool[0m[2m:[0m reuse idle connection for ("http", 192.168.0.14:8545)
[2m2025-12-10T10:13:10.347254Z[0m [34mDEBUG[0m [2methereum_transaction_pool_monitor::eth_client[0m[2m:[0m 📨 Received WebSocket message: {"jsonrpc":"2.0","method":"eth_subscription","params":{"subscription":"0xbed0a0851463e895960a451075a301a9","result":"0x326642ae3999d480a12ec8d137345b93954cfe038a6fbae96fc83a2dea73f8a7"}}
[2m2025-12-10T10:13:10.347255Z[0m [34mDEBUG[0m [2mhyper::proto::h1::io[0m[2m:[0m flushed 172 bytes
[2m2025-12-10T10:13:10.347267Z[0m [34mDEBUG[0m [2methereum_transaction_pool_monitor::eth_client[0m[2m:[0m 📨 Received pending transaction: 0x326642ae3999d480a12ec8d137345b93954cfe038a6fbae96fc83a2dea73f8a7
[2m2025-12-10T10:13:10.347280Z[0m [34mDEBUG[0m [2methereum_transaction_pool_monitor::eth_client[0m[2m:[0m 📨 Received WebSocket message: {"jsonrpc":"2.0","method":"eth_subscription","params":{"subscription":"0xbed0a0851463e895960a451075a301a9","result":"0x1dbb0156b96e2e8e9fad866248f2bba2eec9126a00fa684388cedb954f1c8d0f"}}
[2m2025-12-10T10:13:10.347287Z[0m [34mDEBUG[0m [2methereum_transaction_pool_monitor::eth_client[0m[2m:[0m 📨 Received pending transaction: 0x1dbb0156b96e2e8e9fad866248f2bba2eec9126a00fa684388cedb954f1c8d0f
[2m2025-12-10T10:13:10.350986Z[0m [34mDEBUG[0m [2mhyper::proto::h1::io[0m[2m:[0m parsed 4 headers
[2m2025-12-10T10:13:10.350991Z[0m [34mDEBUG[0m [2mhyper::proto::h1::conn[0m[2m:[0m incoming body is content-length (45 bytes)
[2m2025-12-10T10:13:10.350997Z[0m [34mDEBUG[0m [2mhyper::proto::h1::conn[0m[2m:[0m incoming body completed
[2m2025-12-10T10:13:10.351003Z[0m [34mDEBUG[0m [2mhyper::client::pool[0m[2m:[0m pooling idle connection for ("http", 192.168.0.14:8545)
[2m2025-12-10T10:13:10.351020Z[0m [34mDEBUG[0m [2mhyper::proto::h1::io[0m[2m:[0m parsed 4 headers
[2m2025-12-10T10:13:10.351027Z[0m [34mDEBUG[0m [2mhyper::proto::h1::conn[0m[2m:[0m incoming body is content-length (774 bytes)
[2m2025-12-10T10:13:10.351033Z[0m [34mDEBUG[0m [2mhyper::proto::h1::conn[0m[2m:[0m incoming body completed
[2m2025-12-10T10:13:10.351040Z[0m [34mDEBUG[0m [2mhyper::client::pool[0m[2m:[0m pooling idle connection for ("http", 192.168.0.14:8545)
[2m2025-12-10T10:13:10.351045Z[0m [34mDEBUG[0m [2methereum_transaction_pool_monitor::eth_client[0m[2m:[0m 📡 Transaction fetch RPC completed in 3.879417ms
[2m2025-12-10T10:13:10.422361Z[0m [34mDEBUG[0m [2methereum_transaction_pool_monitor::eth_client[0m[2m:[0m ✅ Transaction 0xe99936648ccaf2663485d0c242d28e8f4f37550a1ebf53c32dac30b7fc3e9204 fetched and parsed in 75.192834ms
[2m2025-12-10T10:13:10.424280Z[0m [34mDEBUG[0m [2methereum_transaction_pool_monitor::mempool_monitor[0m[2m:[0m 🔍 Skipping tx 0xe99936648ccaf2663485d0c242d28e8f4f37550a1ebf53c32dac30b7fc3e9204 - not a DEX interaction (target: 0xDF3C068d2f42d08C10f2Bc56bce69599869530B4)
[2m2025-12-10T10:13:10.424312Z[0m [34mDEBUG[0m [2methereum_transaction_pool_monitor::mempool_monitor[0m[2m:[0m 📨 Processing new pending transaction: 0x9d0bdf3538267b89dca7b2f66deefcc51d8bbe4a634b30aefa3ee2c23a30c20c
[2m2025-12-10T10:13:10.424322Z[0m [34mDEBUG[0m [2methereum_transaction_pool_monitor::mempool_monitor[0m[2m:[0m 🔍 Fetching transaction details for: 0x9d0bdf3538267b89dca7b2f66deefcc51d8bbe4a634b30aefa3ee2c23a30c20c
[2m2025-12-10T10:13:10.424329Z[0m [34mDEBUG[0m [2methereum_transaction_pool_monitor::eth_client[0m[2m:[0m 🔍 Fetching transaction details for hash: 0x9d0bdf3538267b89dca7b2f66deefcc51d8bbe4a634b30aefa3ee2c23a30c20c
[2m2025-12-10T10:13:10.424353Z[0m [34mDEBUG[0m [2mhyper::client::pool[0m[2m:[0m reuse idle connection for ("http", 192.168.0.14:8545)
[2m2025-12-10T10:13:10.424398Z[0m [34mDEBUG[0m [2mhyper::proto::h1::io[0m[2m:[0m flushed 250 bytes
[2m2025-12-10T10:13:10.424419Z[0m [34mDEBUG[0m [2mhyper::client::pool[0m[2m:[0m reuse idle connection for ("http", 192.168.0.14:8545)
[2m2025-12-10T10:13:10.424436Z[0m [34mDEBUG[0m [2methereum_transaction_pool_monitor::eth_client[0m[2m:[0m 📨 Received WebSocket message: {"jsonrpc":"2.0","method":"eth_subscription","params":{"subscription":"0xbed0a0851463e895960a451075a301a9","result":"0xf96d2d2ab4216028138c662e6a596420a7d2e53877dcc7f6bedac969d95acd8c"}}
[2m2025-12-10T10:13:10.424438Z[0m [34mDEBUG[0m [2mhyper::proto::h1::io[0m[2m:[0m flushed 172 bytes
[2m2025-12-10T10:13:10.424448Z[0m [34mDEBUG[0m [2methereum_transaction_pool_monitor::eth_client[0m[2m:[0m 📨 Received pending transaction: 0xf96d2d2ab4216028138c662e6a596420a7d2e53877dcc7f6bedac969d95acd8c
[2m2025-12-10T10:13:10.430131Z[0m [34mDEBUG[0m [2mhyper::proto::h1::io[0m[2m:[0m parsed 4 headers
[2m2025-12-10T10:13:10.430138Z[0m [34mDEBUG[0m [2mhyper::proto::h1::conn[0m[2m:[0m incoming body is content-length (774 bytes)
[2m2025-12-10T10:13:10.430146Z[0m [34mDEBUG[0m [2mhyper::proto::h1::conn[0m[2m:[0m incoming body completed
[2m2025-12-10T10:13:10.430155Z[0m [34mDEBUG[0m [2mhyper::client::pool[0m[2m:[0m pooling idle connection for ("http", 192.168.0.14:8545)
[2m2025-12-10T10:13:10.430161Z[0m [34mDEBUG[0m [2methereum_transaction_pool_monitor::eth_client[0m[2m:[0m 📡 Transaction fetch RPC completed in 5.825167ms
[2m2025-12-10T10:13:10.500587Z[0m [34mDEBUG[0m [2methereum_transaction_pool_monitor::eth_client[0m[2m:[0m ✅ Transaction 0x9d0bdf3538267b89dca7b2f66deefcc51d8bbe4a634b30aefa3ee2c23a30c20c fetched and parsed in 76.248708ms
[2m2025-12-10T10:13:10.500613Z[0m [34mDEBUG[0m [2methereum_transaction_pool_monitor::mempool_monitor[0m[2m:[0m 🔍 Skipping tx 0x9d0bdf3538267b89dca7b2f66deefcc51d8bbe4a634b30aefa3ee2c23a30c20c - not a DEX interaction (target: 0xDF3C068d2f42d08C10f2Bc56bce69599869530B4)
[2m2025-12-10T10:13:10.500624Z[0m [34mDEBUG[0m [2methereum_transaction_pool_monitor::mempool_monitor[0m[2m:[0m 📨 Processing new pending transaction: 0x54ccef3d865099fa520b48a6c5692bd6a9a045302ca61141b260f8b6ca9be651
[2m2025-12-10T10:13:10.500631Z[0m [34mDEBUG[0m [2methereum_transaction_pool_monitor::mempool_monitor[0m[2m:[0m 🔍 Fetching transaction details for: 0x54ccef3d865099fa520b48a6c5692bd6a9a045302ca61141b260f8b6ca9be651
[2m2025-12-10T10:13:10.500637Z[0m [34mDEBUG[0m [2methereum_transaction_pool_monitor::eth_client[0m[2m:[0m 🔍 Fetching transaction details for hash: 0x54ccef3d865099fa520b48a6c5692bd6a9a045302ca61141b260f8b6ca9be651
[2m2025-12-10T10:13:10.500653Z[0m [34mDEBUG[0m [2mhyper::client::pool[0m[2m:[0m reuse idle connection for ("http", 192.168.0.14:8545)
[2m2025-12-10T10:13:10.500699Z[0m [34mDEBUG[0m [2mhyper::proto::h1::io[0m[2m:[0m flushed 250 bytes
[2m2025-12-10T10:13:10.500722Z[0m [34mDEBUG[0m [2methereum_transaction_pool_monitor::eth_client[0m[2m:[0m 📨 Received WebSocket message: {"jsonrpc":"2.0","method":"eth_subscription","params":{"subscription":"0xbed0a0851463e895960a451075a301a9","result":"0x1e4de7462387a872779a3c9394be66df321fddfdea7a8e96958f9171f56629f6"}}
[2m2025-12-10T10:13:10.500725Z[0m [34mDEBUG[0m [2mhyper::proto::h1::io[0m[2m:[0m parsed 4 headers
[2m2025-12-10T10:13:10.500735Z[0m [34mDEBUG[0m [2mhyper::proto::h1::conn[0m[2m:[0m incoming body is content-length (45 bytes)
[2m2025-12-10T10:13:10.500729Z[0m [34mDEBUG[0m [2methereum_transaction_pool_monitor::eth_client[0m[2m:[0m 📨 Received pending transaction: 0x1e4de7462387a872779a3c9394be66df321fddfdea7a8e96958f9171f56629f6
[2m2025-12-10T10:13:10.500745Z[0m [34mDEBUG[0m [2mhyper::proto::h1::conn[0m[2m:[0m incoming body completed
[2m2025-12-10T10:13:10.500751Z[0m [34mDEBUG[0m [2methereum_transaction_pool_monitor::eth_client[0m[2m:[0m 📨 Received WebSocket message: {"jsonrpc":"2.0","method":"eth_subscription","params":{"subscription":"0xbed0a0851463e895960a451075a301a9","result":"0xc9017c1b6c14eaa34210daf55fd8ec622176658c95ac19caa0acbb9c9b457ec8"}}
[2m2025-12-10T10:13:10.500755Z[0m [34mDEBUG[0m [2mhyper::client::pool[0m[2m:[0m pooling idle connection for ("http", 192.168.0.14:8545)
[2m2025-12-10T10:13:10.500760Z[0m [34mDEBUG[0m [2methereum_transaction_pool_monitor::eth_client[0m[2m:[0m 📨 Received pending transaction: 0xc9017c1b6c14eaa34210daf55fd8ec622176658c95ac19caa0acbb9c9b457ec8
[2m2025-12-10T10:13:10.500768Z[0m [34mDEBUG[0m [2methereum_transaction_pool_monitor::eth_client[0m[2m:[0m 📨 Received WebSocket message: {"jsonrpc":"2.0","method":"eth_subscription","params":{"subscription":"0xbed0a0851463e895960a451075a301a9","result":"0x3c40ec3c0c4cc5a488cf51eb6168273ae0f352db150039861dc35d0720a2e9b9"}}
[2m2025-12-10T10:13:10.500774Z[0m [34mDEBUG[0m [2methereum_transaction_pool_monitor::eth_client[0m[2m:[0m 📨 Received pending transaction: 0x3c40ec3c0c4cc5a488cf51eb6168273ae0f352db150039861dc35d0720a2e9b9
[2m2025-12-10T10:13:10.500777Z[0m [34mDEBUG[0m [2mhyper::client::pool[0m[2m:[0m reuse idle connection for ("http", 192.168.0.14:8545)
[2m2025-12-10T10:13:10.500797Z[0m [34mDEBUG[0m [2mhyper::proto::h1::io[0m[2m:[0m flushed 172 bytes
[2m2025-12-10T10:13:10.506279Z[0m [34mDEBUG[0m [2methereum_transaction_pool_monitor::eth_client[0m[2m:[0m 📨 Received WebSocket message: {"jsonrpc":"2.0","method":"eth_subscription","params":{"subscription":"0xbed0a0851463e895960a451075a301a9","result":"0x7e6d29b5bb0b34ee286d9eff937d1b1021a4248a97231464dedf321556c26a70"}}
[2m2025-12-10T10:13:10.506289Z[0m [34mDEBUG[0m [2methereum_transaction_pool_monitor::eth_client[0m[2m:[0m 📨 Received pending transaction: 0x7e6d29b5bb0b34ee286d9eff937d1b1021a4248a97231464dedf321556c26a70
[2m2025-12-10T10:13:10.506281Z[0m [34mDEBUG[0m [2mhyper::proto::h1::io[0m[2m:[0m parsed 4 headers
[2m2025-12-10T10:13:10.506300Z[0m [34mDEBUG[0m [2mhyper::proto::h1::conn[0m[2m:[0m incoming body is content-length (648 bytes)
[2m2025-12-10T10:13:10.506305Z[0m [34mDEBUG[0m [2mhyper::proto::h1::conn[0m[2m:[0m incoming body completed
[2m2025-12-10T10:13:10.506312Z[0m [34mDEBUG[0m [2mhyper::client::pool[0m[2m:[0m pooling idle connection for ("http", 192.168.0.14:8545)
[2m2025-12-10T10:13:10.506317Z[0m [34mDEBUG[0m [2methereum_transaction_pool_monitor::eth_client[0m[2m:[0m 📡 Transaction fetch RPC completed in 5.675ms
[2m2025-12-10T10:13:10.507008Z[0m [34mDEBUG[0m [2mhyper::proto::h1::io[0m[2m:[0m parsed 4 headers
[2m2025-12-10T10:13:10.507014Z[0m [34mDEBUG[0m [2mhyper::proto::h1::conn[0m[2m:[0m incoming body is content-length (45 bytes)
[2m2025-12-10T10:13:10.507020Z[0m [34mDEBUG[0m [2mhyper::proto::h1::conn[0m[2m:[0m incoming body completed
[2m2025-12-10T10:13:10.507025Z[0m [34mDEBUG[0m [2mhyper::client::pool[0m[2m:[0m pooling idle connection for ("http", 192.168.0.14:8545)
[2m2025-12-10T10:13:10.575666Z[0m [34mDEBUG[0m [2methereum_transaction_pool_monitor::eth_client[0m[2m:[0m ✅ Transaction 0x54ccef3d865099fa520b48a6c5692bd6a9a045302ca61141b260f8b6ca9be651 fetched and parsed in 75.022416ms
[2m2025-12-10T10:13:10.575692Z[0m [34mDEBUG[0m [2methereum_transaction_pool_monitor::mempool_monitor[0m[2m:[0m 🔍 Skipping tx 0x54ccef3d865099fa520b48a6c5692bd6a9a045302ca61141b260f8b6ca9be651 - not a DEX interaction (target: 0x3DeE779a5AB65409C0128c22c7f5964F9b8b6784)
[2m2025-12-10T10:13:10.575705Z[0m [34mDEBUG[0m [2methereum_transaction_pool_monitor::mempool_monitor[0m[2m:[0m 📨 Processing new pending transaction: 0x6746f4026393bcae340ae17b94baa1511659c52bd3ac455d66786836d10376f5
[2m2025-12-10T10:13:10.575712Z[0m [34mDEBUG[0m [2methereum_transaction_pool_monitor::mempool_monitor[0m[2m:[0m 🔍 Fetching transaction details for: 0x6746f4026393bcae340ae17b94baa1511659c52bd3ac455d66786836d10376f5
[2m2025-12-10T10:13:10.575995Z[0m [34mDEBUG[0m [2methereum_transaction_pool_monitor::eth_client[0m[2m:[0m 🔍 Fetching transaction details for hash: 0x6746f4026393bcae340ae17b94baa1511659c52bd3ac455d66786836d10376f5
[2m2025-12-10T10:13:10.576014Z[0m [34mDEBUG[0m [2mhyper::client::pool[0m[2m:[0m reuse idle connection for ("http", 192.168.0.14:8545)
[2m2025-12-10T10:13:10.576035Z[0m [34mDEBUG[0m [2mhyper::proto::h1::io[0m[2m:[0m flushed 250 bytes
[2m2025-12-10T10:13:10.580216Z[0m [34mDEBUG[0m [2mhyper::proto::h1::io[0m[2m:[0m parsed 4 headers
[2m2025-12-10T10:13:10.580222Z[0m [34mDEBUG[0m [2mhyper::proto::h1::conn[0m[2m:[0m incoming body is content-length (1732 bytes)
[2m2025-12-10T10:13:10.580229Z[0m [34mDEBUG[0m [2mhyper::proto::h1::conn[0m[2m:[0m incoming body completed
[2m2025-12-10T10:13:10.580238Z[0m [34mDEBUG[0m [2mhyper::client::pool[0m[2m:[0m pooling idle connection for ("http", 192.168.0.14:8545)
[2m2025-12-10T10:13:10.580245Z[0m [34mDEBUG[0m [2methereum_transaction_pool_monitor::eth_client[0m[2m:[0m 📡 Transaction fetch RPC completed in 4.241417ms
[2m2025-12-10T10:13:10.651857Z[0m [34mDEBUG[0m [2methereum_transaction_pool_monitor::eth_client[0m[2m:[0m ✅ Transaction 0x6746f4026393bcae340ae17b94baa1511659c52bd3ac455d66786836d10376f5 fetched and parsed in 75.851ms
[2m2025-12-10T10:13:10.651885Z[0m [34mDEBUG[0m [2methereum_transaction_pool_monitor::mempool_monitor[0m[2m:[0m 🔍 Skipping tx 0x6746f4026393bcae340ae17b94baa1511659c52bd3ac455d66786836d10376f5 - not a DEX interaction (target: 0x601a2aD6CB5949f0529735254189Ba3194221EDF)
[2m2025-12-10T10:13:10.651902Z[0m [34mDEBUG[0m [2methereum_transaction_pool_monitor::mempool_monitor[0m[2m:[0m 📨 Processing new pending transaction: 0x432141464abc92be60e10327a74f306c9e55a80d58645aed1d4f5717a5dde974
[2m2025-12-10T10:13:10.651911Z[0m [34mDEBUG[0m [2methereum_transaction_pool_monitor::mempool_monitor[0m[2m:[0m 🔍 Fetching transaction details for: 0x432141464abc92be60e10327a74f306c9e55a80d58645aed1d4f5717a5dde974
[2m2025-12-10T10:13:10.651918Z[0m [34mDEBUG[0m [2methereum_transaction_pool_monitor::eth_client[0m[2m:[0m 🔍 Fetching transaction details for hash: 0x432141464abc92be60e10327a74f306c9e55a80d58645aed1d4f5717a5dde974
[2m2025-12-10T10:13:10.651941Z[0m [34mDEBUG[0m [2mhyper::client::pool[0m[2m:[0m reuse idle connection for ("http", 192.168.0.14:8545)
[2m2025-12-10T10:13:10.651972Z[0m [34mDEBUG[0m [2mhyper::proto::h1::io[0m[2m:[0m flushed 250 bytes
[2m2025-12-10T10:13:10.651994Z[0m [34mDEBUG[0m [2mhyper::client::pool[0m[2m:[0m reuse idle connection for ("http", 192.168.0.14:8545)
[2m2025-12-10T10:13:10.652006Z[0m [34mDEBUG[0m [2methereum_transaction_pool_monitor::eth_client[0m[2m:[0m 📨 Received WebSocket message: {"jsonrpc":"2.0","method":"eth_subscription","params":{"subscription":"0xbed0a0851463e895960a451075a301a9","result":"0x734241a9ac7ac0779b7cd5bf473196f84fe9337f573c3037dc50a2caa6fe63e5"}}
[2m2025-12-10T10:13:10.652012Z[0m [34mDEBUG[0m [2mhyper::proto::h1::io[0m[2m:[0m flushed 172 bytes
[2m2025-12-10T10:13:10.652019Z[0m [34mDEBUG[0m [2methereum_transaction_pool_monitor::eth_client[0m[2m:[0m 📨 Received pending transaction: 0x734241a9ac7ac0779b7cd5bf473196f84fe9337f573c3037dc50a2caa6fe63e5
[2m2025-12-10T10:13:10.652030Z[0m [34mDEBUG[0m [2methereum_transaction_pool_monitor::eth_client[0m[2m:[0m 📨 Received WebSocket message: {"jsonrpc":"2.0","method":"eth_subscription","params":{"subscription":"0xbed0a0851463e895960a451075a301a9","result":"0xbf7941f3dded1d280f2830324d8ae82ca9b6b8261e89e1eda2e990ba2f0b34b3"}}
[2m2025-12-10T10:13:10.652037Z[0m [34mDEBUG[0m [2methereum_transaction_pool_monitor::eth_client[0m[2m:[0m 📨 Received pending transaction: 0xbf7941f3dded1d280f2830324d8ae82ca9b6b8261e89e1eda2e990ba2f0b34b3
[2m2025-12-10T10:13:10.657209Z[0m [34mDEBUG[0m [2mhyper::proto::h1::io[0m[2m:[0m parsed 4 headers
[2m2025-12-10T10:13:10.657217Z[0m [34mDEBUG[0m [2mhyper::proto::h1::conn[0m[2m:[0m incoming body is content-length (776 bytes)
[2m2025-12-10T10:13:10.657240Z[0m [34mDEBUG[0m [2mhyper::proto::h1::conn[0m[2m:[0m incoming body completed
[2m2025-12-10T10:13:10.657251Z[0m [34mDEBUG[0m [2mhyper::client::pool[0m[2m:[0m pooling idle connection for ("http", 192.168.0.14:8545)
[2m2025-12-10T10:13:10.657260Z[0m [34mDEBUG[0m [2methereum_transaction_pool_monitor::eth_client[0m[2m:[0m 📡 Transaction fetch RPC completed in 5.3365ms
[2m2025-12-10T10:13:10.727964Z[0m [34mDEBUG[0m [2methereum_transaction_pool_monitor::eth_client[0m[2m:[0m ✅ Transaction 0x432141464abc92be60e10327a74f306c9e55a80d58645aed1d4f5717a5dde974 fetched and parsed in 76.038ms
[2m2025-12-10T10:13:10.727991Z[0m [34mDEBUG[0m [2methereum_transaction_pool_monitor::mempool_monitor[0m[2m:[0m 🔍 Skipping tx 0x432141464abc92be60e10327a74f306c9e55a80d58645aed1d4f5717a5dde974 - not a DEX interaction (target: 0x3bd7d4F524D09F4e331577247A048D56e4b67a7F)
[2m2025-12-10T10:13:10.728002Z[0m [34mDEBUG[0m [2methereum_transaction_pool_monitor::mempool_monitor[0m[2m:[0m 📨 Processing new pending transaction: 0x371d24197b059ac6426e0f42153f97db20f2a2cd8d58cb71ccbe5ed81fa4989f
[2m2025-12-10T10:13:10.728009Z[0m [34mDEBUG[0m [2methereum_transaction_pool_monitor::mempool_monitor[0m[2m:[0m 🔍 Fetching transaction details for: 0x371d24197b059ac6426e0f42153f97db20f2a2cd8d58cb71ccbe5ed81fa4989f
[2m2025-12-10T10:13:10.728016Z[0m [34mDEBUG[0m [2methereum_transaction_pool_monitor::eth_client[0m[2m:[0m 🔍 Fetching transaction details for hash: 0x371d24197b059ac6426e0f42153f97db20f2a2cd8d58cb71ccbe5ed81fa4989f
[2m2025-12-10T10:13:10.728035Z[0m [34mDEBUG[0m [2mhyper::client::pool[0m[2m:[0m reuse idle connection for ("http", 192.168.0.14:8545)
[2m2025-12-10T10:13:10.728075Z[0m [34mDEBUG[0m [2mhyper::proto::h1::io[0m[2m:[0m flushed 250 bytes
[2m2025-12-10T10:13:10.728093Z[0m [34mDEBUG[0m [2mhyper::proto::h1::io[0m[2m:[0m parsed 4 headers
[2m2025-12-10T10:13:10.728098Z[0m [34mDEBUG[0m [2mhyper::proto::h1::conn[0m[2m:[0m incoming body is content-length (45 bytes)
[2m2025-12-10T10:13:10.728105Z[0m [34mDEBUG[0m [2mhyper::proto::h1::conn[0m[2m:[0m incoming body completed
[2m2025-12-10T10:13:10.728113Z[0m [34mDEBUG[0m [2mhyper::client::pool[0m[2m:[0m pooling idle connection for ("http", 192.168.0.14:8545)
[2m2025-12-10T10:13:10.728129Z[0m [34mDEBUG[0m [2mhyper::client::pool[0m[2m:[0m reuse idle connection for ("http", 192.168.0.14:8545)
[2m2025-12-10T10:13:10.728143Z[0m [34mDEBUG[0m [2mhyper::proto::h1::io[0m[2m:[0m flushed 172 bytes
[2m2025-12-10T10:13:10.734658Z[0m [34mDEBUG[0m [2mhyper::proto::h1::io[0m[2m:[0m parsed 4 headers
[2m2025-12-10T10:13:10.734665Z[0m [34mDEBUG[0m [2mhyper::proto::h1::conn[0m[2m:[0m incoming body is content-length (776 bytes)
[2m2025-12-10T10:13:10.734671Z[0m [34mDEBUG[0m [2mhyper::proto::h1::conn[0m[2m:[0m incoming body completed
[2m2025-12-10T10:13:10.734677Z[0m [34mDEBUG[0m [2mhyper::client::pool[0m[2m:[0m pooling idle connection for ("http", 192.168.0.14:8545)
[2m2025-12-10T10:13:10.734683Z[0m [34mDEBUG[0m [2methereum_transaction_pool_monitor::eth_client[0m[2m:[0m 📡 Transaction fetch RPC completed in 6.661958ms
[2m2025-12-10T10:13:10.805442Z[0m [34mDEBUG[0m [2methereum_transaction_pool_monitor::eth_client[0m[2m:[0m ✅ Transaction 0x371d24197b059ac6426e0f42153f97db20f2a2cd8d58cb71ccbe5ed81fa4989f fetched and parsed in 77.419ms
[2m2025-12-10T10:13:10.805466Z[0m [34mDEBUG[0m [2methereum_transaction_pool_monitor::mempool_monitor[0m[2m:[0m 🔍 Skipping tx 0x371d24197b059ac6426e0f42153f97db20f2a2cd8d58cb71ccbe5ed81fa4989f - not a DEX interaction (target: 0x699F088b5DddcAFB7c4824db5B10B57B37cB0C66)
[2m2025-12-10T10:13:10.805478Z[0m [34mDEBUG[0m [2methereum_transaction_pool_monitor::mempool_monitor[0m[2m:[0m 📨 Processing new pending transaction: 0x2d4d762807817003630ba3dbf35e5694613924a0d8a13e0a6182ec2da40765a5
[2m2025-12-10T10:13:10.805484Z[0m [34mDEBUG[0m [2methereum_transaction_pool_monitor::mempool_monitor[0m[2m:[0m 🔍 Fetching transaction details for: 0x2d4d762807817003630ba3dbf35e5694613924a0d8a13e0a6182ec2da40765a5
[2m2025-12-10T10:13:10.805489Z[0m [34mDEBUG[0m [2methereum_transaction_pool_monitor::eth_client[0m[2m:[0m 🔍 Fetching transaction details for hash: 0x2d4d762807817003630ba3dbf35e5694613924a0d8a13e0a6182ec2da40765a5
[2m2025-12-10T10:13:10.805506Z[0m [34mDEBUG[0m [2mhyper::client::pool[0m[2m:[0m reuse idle connection for ("http", 192.168.0.14:8545)
[2m2025-12-10T10:13:10.805541Z[0m [34mDEBUG[0m [2mhyper::proto::h1::io[0m[2m:[0m flushed 250 bytes
[2m2025-12-10T10:13:10.805565Z[0m [34mDEBUG[0m [2methereum_transaction_pool_monitor::eth_client[0m[2m:[0m 📨 Received WebSocket message: {"jsonrpc":"2.0","method":"eth_subscription","params":{"subscription":"0xbed0a0851463e895960a451075a301a9","result":"0x36a2ea326ddbd5863c53abc1a6654d2bc8fc7236114855fa8ee464c568d5be41"}}
[2m2025-12-10T10:13:10.805569Z[0m [34mDEBUG[0m [2mhyper::proto::h1::io[0m[2m:[0m parsed 4 headers
[2m2025-12-10T10:13:10.805577Z[0m [34mDEBUG[0m [2methereum_transaction_pool_monitor::eth_client[0m[2m:[0m 📨 Received pending transaction: 0x36a2ea326ddbd5863c53abc1a6654d2bc8fc7236114855fa8ee464c568d5be41
[2m2025-12-10T10:13:10.805581Z[0m [34mDEBUG[0m [2mhyper::proto::h1::conn[0m[2m:[0m incoming body is content-length (45 bytes)
[2m2025-12-10T10:13:10.805589Z[0m [34mDEBUG[0m [2methereum_transaction_pool_monitor::eth_client[0m[2m:[0m 📨 Received WebSocket message: {"jsonrpc":"2.0","method":"eth_subscription","params":{"subscription":"0xbed0a0851463e895960a451075a301a9","result":"0x52828091ec402534cef8f38e846405ebd932639c46aaa376f57141068c977795"}}
[2m2025-12-10T10:13:10.805596Z[0m [34mDEBUG[0m [2mhyper::proto::h1::conn[0m[2m:[0m incoming body completed
[2m2025-12-10T10:13:10.805597Z[0m [34mDEBUG[0m [2methereum_transaction_pool_monitor::eth_client[0m[2m:[0m 📨 Received pending transaction: 0x52828091ec402534cef8f38e846405ebd932639c46aaa376f57141068c977795
[2m2025-12-10T10:13:10.805608Z[0m [34mDEBUG[0m [2mhyper::client::pool[0m[2m:[0m pooling idle connection for ("http", 192.168.0.14:8545)
[2m2025-12-10T10:13:10.805633Z[0m [34mDEBUG[0m [2mhyper::client::pool[0m[2m:[0m reuse idle connection for ("http", 192.168.0.14:8545)
[2m2025-12-10T10:13:10.805649Z[0m [34mDEBUG[0m [2mhyper::proto::h1::io[0m[2m:[0m flushed 172 bytes
[2m2025-12-10T10:13:10.814022Z[0m [34mDEBUG[0m [2methereum_transaction_pool_monitor::eth_client[0m[2m:[0m 📨 Received WebSocket message: {"jsonrpc":"2.0","method":"eth_subscription","params":{"subscription":"0xbed0a0851463e895960a451075a301a9","result":"0xfba0a603cf86441e1463f6101ea80831b6815ad29a246a85602074481264aadb"}}
[2m2025-12-10T10:13:10.814029Z[0m [34mDEBUG[0m [2methereum_transaction_pool_monitor::eth_client[0m[2m:[0m 📨 Received pending transaction: 0xfba0a603cf86441e1463f6101ea80831b6815ad29a246a85602074481264aadb
[2m2025-12-10T10:13:10.814038Z[0m [34mDEBUG[0m [2mhyper::proto::h1::io[0m[2m:[0m parsed 4 headers
[2m2025-12-10T10:13:10.814042Z[0m [34mDEBUG[0m [2mhyper::proto::h1::conn[0m[2m:[0m incoming body is content-length (765 bytes)
[2m2025-12-10T10:13:10.814048Z[0m [34mDEBUG[0m [2mhyper::proto::h1::conn[0m[2m:[0m incoming body completed
[2m2025-12-10T10:13:10.814057Z[0m [34mDEBUG[0m [2mhyper::client::pool[0m[2m:[0m pooling idle connection for ("http", 192.168.0.14:8545)
[2m2025-12-10T10:13:10.814064Z[0m [34mDEBUG[0m [2methereum_transaction_pool_monitor::eth_client[0m[2m:[0m 📡 Transaction fetch RPC completed in 8.570875ms
[2m2025-12-10T10:13:10.814080Z[0m [34mDEBUG[0m [2methereum_transaction_pool_monitor::eth_client[0m[2m:[0m DeFi transaction detected - Address: 0x2260fac5e5542a773aa44fbcfedf7c193bc2c599, Type: TokenContract, Value: 0 ETH, Gas: 0.33 Gwei
[2m2025-12-10T10:13:10.814090Z[0m [34mDEBUG[0m [2methereum_transaction_pool_monitor::eth_client[0m[2m:[0m ✅ Transaction 0x2d4d762807817003630ba3dbf35e5694613924a0d8a13e0a6182ec2da40765a5 fetched and parsed in 8.596542ms
[2m2025-12-10T10:13:10.814098Z[0m [34mDEBUG[0m [2methereum_transaction_pool_monitor::mempool_monitor[0m[2m:[0m 🔍 Skipping tx 0x2d4d762807817003630ba3dbf35e5694613924a0d8a13e0a6182ec2da40765a5 - not a DEX interaction (target: 0x2260FAC5E5542a773Aa44fBCfeDf7C193bc2C599)
[2m2025-12-10T10:13:10.814106Z[0m [34mDEBUG[0m [2methereum_transaction_pool_monitor::mempool_monitor[0m[2m:[0m 📨 Processing new pending transaction: 0x98a764e62822323d7a0435a4d0851fc2caa5a8e7a6a08c8b90d3b0dfcddcdc20
[2m2025-12-10T10:13:10.814112Z[0m [34mDEBUG[0m [2methereum_transaction_pool_monitor::mempool_monitor[0m[2m:[0m 🔍 Fetching transaction details for: 0x98a764e62822323d7a0435a4d0851fc2caa5a8e7a6a08c8b90d3b0dfcddcdc20
[2m2025-12-10T10:13:10.814118Z[0m [34mDEBUG[0m [2methereum_transaction_pool_monitor::eth_client[0m[2m:[0m 🔍 Fetching transaction details for hash: 0x98a764e62822323d7a0435a4d0851fc2caa5a8e7a6a08c8b90d3b0dfcddcdc20
[2m2025-12-10T10:13:10.814127Z[0m [34mDEBUG[0m [2mhyper::client::pool[0m[2m:[0m reuse idle connection for ("http", 192.168.0.14:8545)
[2m2025-12-10T10:13:10.814145Z[0m [34mDEBUG[0m [2mhyper::proto::h1::io[0m[2m:[0m flushed 250 bytes
[2m2025-12-10T10:13:10.814155Z[0m [34mDEBUG[0m [2mhyper::proto::h1::io[0m[2m:[0m parsed 4 headers
[2m2025-12-10T10:13:10.814162Z[0m [34mDEBUG[0m [2mhyper::proto::h1::conn[0m[2m:[0m incoming body is content-length (45 bytes)
[2m2025-12-10T10:13:10.814168Z[0m [34mDEBUG[0m [2mhyper::proto::h1::conn[0m[2m:[0m incoming body completed
[2m2025-12-10T10:13:10.814174Z[0m [34mDEBUG[0m [2mhyper::client::pool[0m[2m:[0m pooling idle connection for ("http", 192.168.0.14:8545)
[2m2025-12-10T10:13:10.819696Z[0m [34mDEBUG[0m [2mhyper::proto::h1::io[0m[2m:[0m parsed 4 headers
[2m2025-12-10T10:13:10.819702Z[0m [34mDEBUG[0m [2mhyper::proto::h1::conn[0m[2m:[0m incoming body is content-length (644 bytes)
[2m2025-12-10T10:13:10.819707Z[0m [34mDEBUG[0m [2mhyper::proto::h1::conn[0m[2m:[0m incoming body completed
[2m2025-12-10T10:13:10.819711Z[0m [34mDEBUG[0m [2mhyper::client::pool[0m[2m:[0m pooling idle connection for ("http", 192.168.0.14:8545)
[2m2025-12-10T10:13:10.819716Z[0m [34mDEBUG[0m [2methereum_transaction_pool_monitor::eth_client[0m[2m:[0m 📡 Transaction fetch RPC completed in 5.591708ms
[2m2025-12-10T10:13:10.891125Z[0m [34mDEBUG[0m [2methereum_transaction_pool_monitor::eth_client[0m[2m:[0m ✅ Transaction 0x98a764e62822323d7a0435a4d0851fc2caa5a8e7a6a08c8b90d3b0dfcddcdc20 fetched and parsed in 76.998875ms
[2m2025-12-10T10:13:10.891168Z[0m [34mDEBUG[0m [2methereum_transaction_pool_monitor::mempool_monitor[0m[2m:[0m 🔍 Skipping tx 0x98a764e62822323d7a0435a4d0851fc2caa5a8e7a6a08c8b90d3b0dfcddcdc20 - not a DEX interaction (target: 0x17E5545B11b468072283Cee1F066a059Fb0dbF24)
[2m2025-12-10T10:13:10.891181Z[0m [34mDEBUG[0m [2methereum_transaction_pool_monitor::mempool_monitor[0m[2m:[0m 📨 Processing new pending transaction: 0xe09f2de4cc767c323da7acf446631d2b4f9b960a8160655735c09d77a45f5d39
[2m2025-12-10T10:13:10.891190Z[0m [34mDEBUG[0m [2methereum_transaction_pool_monitor::mempool_monitor[0m[2m:[0m 🔍 Fetching transaction details for: 0xe09f2de4cc767c323da7acf446631d2b4f9b960a8160655735c09d77a45f5d39
[2m2025-12-10T10:13:10.891199Z[0m [34mDEBUG[0m [2methereum_transaction_pool_monitor::eth_client[0m[2m:[0m 🔍 Fetching transaction details for hash: 0xe09f2de4cc767c323da7acf446631d2b4f9b960a8160655735c09d77a45f5d39
[2m2025-12-10T10:13:10.891225Z[0m [34mDEBUG[0m [2mhyper::client::pool[0m[2m:[0m reuse idle connection for ("http", 192.168.0.14:8545)
[2m2025-12-10T10:13:10.891253Z[0m [34mDEBUG[0m [2mhyper::proto::h1::io[0m[2m:[0m flushed 250 bytes
[2m2025-12-10T10:13:10.891276Z[0m [34mDEBUG[0m [2methereum_transaction_pool_monitor::eth_client[0m[2m:[0m 📨 Received WebSocket message: {"jsonrpc":"2.0","method":"eth_subscription","params":{"subscription":"0xbed0a0851463e895960a451075a301a9","result":"0x9a05b331e7541b6f33a2f66184b8050ec0ed06da74f9066e210ae9542d17cd89"}}
[2m2025-12-10T10:13:10.891384Z[0m [34mDEBUG[0m [2methereum_transaction_pool_monitor::eth_client[0m[2m:[0m 📨 Received pending transaction: 0x9a05b331e7541b6f33a2f66184b8050ec0ed06da74f9066e210ae9542d17cd89
[2m2025-12-10T10:13:10.891395Z[0m [34mDEBUG[0m [2methereum_transaction_pool_monitor::eth_client[0m[2m:[0m 📨 Received WebSocket message: {"jsonrpc":"2.0","method":"eth_subscription","params":{"subscription":"0xbed0a0851463e895960a451075a301a9","result":"0x3b9857b5650d11658da64f1643f2efcd89e407f2c28bffa6ee80cad5ee171f31"}}
[2m2025-12-10T10:13:10.891404Z[0m [34mDEBUG[0m [2methereum_transaction_pool_monitor::eth_client[0m[2m:[0m 📨 Received pending transaction: 0x3b9857b5650d11658da64f1643f2efcd89e407f2c28bffa6ee80cad5ee171f31
[2m2025-12-10T10:13:10.891413Z[0m [34mDEBUG[0m [2methereum_transaction_pool_monitor::eth_client[0m[2m:[0m 📨 Received WebSocket message: {"jsonrpc":"2.0","method":"eth_subscription","params":{"subscription":"0xbed0a0851463e895960a451075a301a9","result":"0xd5646f438466125021a82e2bfccfbed7f23a842addf684d4a5728e013d1e8408"}}
[2m2025-12-10T10:13:10.891424Z[0m [34mDEBUG[0m [2methereum_transaction_pool_monitor::eth_client[0m[2m:[0m 📨 Received pending transaction: 0xd5646f438466125021a82e2bfccfbed7f23a842addf684d4a5728e013d1e8408
[2m2025-12-10T10:13:10.895858Z[0m [34mDEBUG[0m [2mhyper::proto::h1::io[0m[2m:[0m parsed 4 headers
[2m2025-12-10T10:13:10.895891Z[0m [34mDEBUG[0m [2mhyper::proto::h1::conn[0m[2m:[0m incoming body is content-length (644 bytes)
[2m2025-12-10T10:13:10.895918Z[0m [34mDEBUG[0m [2mhyper::proto::h1::conn[0m[2m:[0m incoming body completed
[2m2025-12-10T10:13:10.895927Z[0m [34mDEBUG[0m [2mhyper::client::pool[0m[2m:[0m pooling idle connection for ("http", 192.168.0.14:8545)
[2m2025-12-10T10:13:10.895933Z[0m [34mDEBUG[0m [2methereum_transaction_pool_monitor::eth_client[0m[2m:[0m 📡 Transaction fetch RPC completed in 4.724917ms
[2m2025-12-10T10:13:10.966760Z[0m [34mDEBUG[0m [2methereum_transaction_pool_monitor::eth_client[0m[2m:[0m ✅ Transaction 0xe09f2de4cc767c323da7acf446631d2b4f9b960a8160655735c09d77a45f5d39 fetched and parsed in 75.549458ms
[2m2025-12-10T10:13:10.966786Z[0m [34mDEBUG[0m [2methereum_transaction_pool_monitor::mempool_monitor[0m[2m:[0m 🔍 Skipping tx 0xe09f2de4cc767c323da7acf446631d2b4f9b960a8160655735c09d77a45f5d39 - not a DEX interaction (target: 0xcbfce4C5812caaA0a1635FaEC145A163723137d0)
[2m2025-12-10T10:13:10.966797Z[0m [34mDEBUG[0m [2methereum_transaction_pool_monitor::mempool_monitor[0m[2m:[0m 📨 Processing new pending transaction: 0x326642ae3999d480a12ec8d137345b93954cfe038a6fbae96fc83a2dea73f8a7
[2m2025-12-10T10:13:10.966803Z[0m [34mDEBUG[0m [2methereum_transaction_pool_monitor::mempool_monitor[0m[2m:[0m 🔍 Fetching transaction details for: 0x326642ae3999d480a12ec8d137345b93954cfe038a6fbae96fc83a2dea73f8a7
[2m2025-12-10T10:13:10.966810Z[0m [34mDEBUG[0m [2methereum_transaction_pool_monitor::eth_client[0m[2m:[0m 🔍 Fetching transaction details for hash: 0x326642ae3999d480a12ec8d137345b93954cfe038a6fbae96fc83a2dea73f8a7
[2m2025-12-10T10:13:10.966829Z[0m [34mDEBUG[0m [2mhyper::client::pool[0m[2m:[0m reuse idle connection for ("http", 192.168.0.14:8545)
[2m2025-12-10T10:13:10.966867Z[0m [34mDEBUG[0m [2mhyper::proto::h1::io[0m[2m:[0m flushed 250 bytes
[2m2025-12-10T10:13:10.966887Z[0m [34mDEBUG[0m [2mhyper::client::pool[0m[2m:[0m reuse idle connection for ("http", 192.168.0.14:8545)
[2m2025-12-10T10:13:10.966898Z[0m [34mDEBUG[0m [2methereum_transaction_pool_monitor::eth_client[0m[2m:[0m 📨 Received WebSocket message: {"jsonrpc":"2.0","method":"eth_subscription","params":{"subscription":"0xbed0a0851463e895960a451075a301a9","result":"0xe8aef2733f58cb6a0bafb51f3f847af20cb380a869aa9668ad0ef1d684895ac5"}}
[2m2025-12-10T10:13:10.966899Z[0m [34mDEBUG[0m [2mhyper::proto::h1::io[0m[2m:[0m flushed 172 bytes
[2m2025-12-10T10:13:10.966911Z[0m [34mDEBUG[0m [2methereum_transaction_pool_monitor::eth_client[0m[2m:[0m 📨 Received pending transaction: 0xe8aef2733f58cb6a0bafb51f3f847af20cb380a869aa9668ad0ef1d684895ac5
[2m2025-12-10T10:13:10.966919Z[0m [34mDEBUG[0m [2methereum_transaction_pool_monitor::eth_client[0m[2m:[0m 📨 Received WebSocket message: {"jsonrpc":"2.0","method":"eth_subscription","params":{"subscription":"0xbed0a0851463e895960a451075a301a9","result":"0x7aa85dbbeb1e157134aeb777275907a41208d070d1d8821f451ded5f995350a0"}}
[2m2025-12-10T10:13:10.966924Z[0m [34mDEBUG[0m [2methereum_transaction_pool_monitor::eth_client[0m[2m:[0m 📨 Received pending transaction: 0x7aa85dbbeb1e157134aeb777275907a41208d070d1d8821f451ded5f995350a0
[2m2025-12-10T10:13:10.970167Z[0m [34mDEBUG[0m [2mhyper::proto::h1::io[0m[2m:[0m parsed 4 headers
[2m2025-12-10T10:13:10.970180Z[0m [34mDEBUG[0m [2mhyper::proto::h1::conn[0m[2m:[0m incoming body is content-length (45 bytes)
[2m2025-12-10T10:13:10.970191Z[0m [34mDEBUG[0m [2mhyper::proto::h1::conn[0m[2m:[0m incoming body completed
[2m2025-12-10T10:13:10.970203Z[0m [34mDEBUG[0m [2mhyper::client::pool[0m[2m:[0m pooling idle connection for ("http", 192.168.0.14:8545)
[2m2025-12-10T10:13:10.970671Z[0m [34mDEBUG[0m [2mhyper::proto::h1::io[0m[2m:[0m parsed 4 headers
[2m2025-12-10T10:13:10.970678Z[0m [34mDEBUG[0m [2mhyper::proto::h1::conn[0m[2m:[0m incoming body is content-length (680 bytes)
[2m2025-12-10T10:13:10.970682Z[0m [34mDEBUG[0m [2mhyper::proto::h1::conn[0m[2m:[0m incoming body completed
[2m2025-12-10T10:13:10.970688Z[0m [34mDEBUG[0m [2mhyper::client::pool[0m[2m:[0m pooling idle connection for ("http", 192.168.0.14:8545)
[2m2025-12-10T10:13:10.970693Z[0m [34mDEBUG[0m [2methereum_transaction_pool_monitor::eth_client[0m[2m:[0m 📡 Transaction fetch RPC completed in 3.878875ms
[2m2025-12-10T10:13:10.970709Z[0m [34mDEBUG[0m [2methereum_transaction_pool_monitor::eth_client[0m[2m:[0m DeFi transaction detected - Address: 0xdac17f958d2ee523a2206206994597c13d831ec7, Type: Stablecoin, Value: 0 ETH, Gas: 1.00 Gwei
[2m2025-12-10T10:13:10.970730Z[0m [34mDEBUG[0m [2methereum_transaction_pool_monitor::eth_client[0m[2m:[0m ✅ Transaction 0x326642ae3999d480a12ec8d137345b93954cfe038a6fbae96fc83a2dea73f8a7 fetched and parsed in 3.915792ms
[2m2025-12-10T10:13:10.970739Z[0m [34mDEBUG[0m [2methereum_transaction_pool_monitor::mempool_monitor[0m[2m:[0m 🔍 Skipping tx 0x326642ae3999d480a12ec8d137345b93954cfe038a6fbae96fc83a2dea73f8a7 - not a DEX interaction (target: 0xdAC17F958D2ee523a2206206994597C13D831ec7)
[2m2025-12-10T10:13:10.970748Z[0m [34mDEBUG[0m [2methereum_transaction_pool_monitor::mempool_monitor[0m[2m:[0m 📨 Processing new pending transaction: 0x1dbb0156b96e2e8e9fad866248f2bba2eec9126a00fa684388cedb954f1c8d0f
[2m2025-12-10T10:13:10.970753Z[0m [34mDEBUG[0m [2methereum_transaction_pool_monitor::mempool_monitor[0m[2m:[0m 🔍 Fetching transaction details for: 0x1dbb0156b96e2e8e9fad866248f2bba2eec9126a00fa684388cedb954f1c8d0f
[2m2025-12-10T10:13:10.970757Z[0m [34mDEBUG[0m [2methereum_transaction_pool_monitor::eth_client[0m[2m:[0m 🔍 Fetching transaction details for hash: 0x1dbb0156b96e2e8e9fad866248f2bba2eec9126a00fa684388cedb954f1c8d0f
[2m2025-12-10T10:13:10.970764Z[0m [34mDEBUG[0m [2mhyper::client::pool[0m[2m:[0m reuse idle connection for ("http", 192.168.0.14:8545)
[2m2025-12-10T10:13:10.970785Z[0m [34mDEBUG[0m [2mhyper::proto::h1::io[0m[2m:[0m flushed 250 bytes
[2m2025-12-10T10:13:10.975472Z[0m [34mDEBUG[0m [2mhyper::proto::h1::io[0m[2m:[0m parsed 4 headers
[2m2025-12-10T10:13:10.975483Z[0m [34mDEBUG[0m [2mhyper::proto::h1::conn[0m[2m:[0m incoming body is content-length (830 bytes)
[2m2025-12-10T10:13:10.975489Z[0m [34mDEBUG[0m [2mhyper::proto::h1::conn[0m[2m:[0m incoming body completed
[2m2025-12-10T10:13:10.975496Z[0m [34mDEBUG[0m [2mhyper::client::pool[0m[2m:[0m pooling idle connection for ("http", 192.168.0.14:8545)
[2m2025-12-10T10:13:10.975502Z[0m [34mDEBUG[0m [2methereum_transaction_pool_monitor::eth_client[0m[2m:[0m 📡 Transaction fetch RPC completed in 4.741209ms
[2m2025-12-10T10:13:11.046346Z[0m [34mDEBUG[0m [2methereum_transaction_pool_monitor::eth_client[0m[2m:[0m ✅ Transaction 0x1dbb0156b96e2e8e9fad866248f2bba2eec9126a00fa684388cedb954f1c8d0f fetched and parsed in 75.582875ms
[2m2025-12-10T10:13:11.046372Z[0m [34mDEBUG[0m [2methereum_transaction_pool_monitor::mempool_monitor[0m[2m:[0m 🔍 Skipping tx 0x1dbb0156b96e2e8e9fad866248f2bba2eec9126a00fa684388cedb954f1c8d0f - not a DEX interaction (target: 0x3B4D794a66304F130a4Db8F2551B0070dfCf5ca7)
[2m2025-12-10T10:13:11.046384Z[0m [34mDEBUG[0m [2methereum_transaction_pool_monitor::mempool_monitor[0m[2m:[0m 📨 Processing new pending transaction: 0xf96d2d2ab4216028138c662e6a596420a7d2e53877dcc7f6bedac969d95acd8c
[2m2025-12-10T10:13:11.046394Z[0m [34mDEBUG[0m [2methereum_transaction_pool_monitor::mempool_monitor[0m[2m:[0m 🔍 Fetching transaction details for: 0xf96d2d2ab4216028138c662e6a596420a7d2e53877dcc7f6bedac969d95acd8c
[2m2025-12-10T10:13:11.046402Z[0m [34mDEBUG[0m [2methereum_transaction_pool_monitor::eth_client[0m[2m:[0m 🔍 Fetching transaction details for hash: 0xf96d2d2ab4216028138c662e6a596420a7d2e53877dcc7f6bedac969d95acd8c
[2m2025-12-10T10:13:11.046422Z[0m [34mDEBUG[0m [2mhyper::client::pool[0m[2m:[0m reuse idle connection for ("http", 192.168.0.14:8545)
[2m2025-12-10T10:13:11.046462Z[0m [34mDEBUG[0m [2mhyper::proto::h1::io[0m[2m:[0m flushed 250 bytes
[2m2025-12-10T10:13:11.046490Z[0m [34mDEBUG[0m [2mhyper::client::pool[0m[2m:[0m reuse idle connection for ("http", 192.168.0.14:8545)
[2m2025-12-10T10:13:11.046505Z[0m [34mDEBUG[0m [2mhyper::proto::h1::io[0m[2m:[0m flushed 172 bytes
[2m2025-12-10T10:13:11.050547Z[0m [34mDEBUG[0m [2mhyper::proto::h1::io[0m[2m:[0m parsed 4 headers
[2m2025-12-10T10:13:11.050563Z[0m [34mDEBUG[0m [2mhyper::proto::h1::conn[0m[2m:[0m incoming body is content-length (45 bytes)
[2m2025-12-10T10:13:11.050574Z[0m [34mDEBUG[0m [2mhyper::proto::h1::conn[0m[2m:[0m incoming body completed
[2m2025-12-10T10:13:11.050586Z[0m [34mDEBUG[0m [2mhyper::client::pool[0m[2m:[0m pooling idle connection for ("http", 192.168.0.14:8545)
[2m2025-12-10T10:13:11.051195Z[0m [34mDEBUG[0m [2mhyper::proto::h1::io[0m[2m:[0m parsed 4 headers
[2m2025-12-10T10:13:11.051211Z[0m [34mDEBUG[0m [2mhyper::proto::h1::conn[0m[2m:[0m incoming body is content-length (657 bytes)
[2m2025-12-10T10:13:11.051225Z[0m [34mDEBUG[0m [2mhyper::proto::h1::conn[0m[2m:[0m incoming body completed
[2m2025-12-10T10:13:11.051231Z[0m [34mDEBUG[0m [2mhyper::client::pool[0m[2m:[0m pooling idle connection for ("http", 192.168.0.14:8545)
[2m2025-12-10T10:13:11.051238Z[0m [34mDEBUG[0m [2methereum_transaction_pool_monitor::eth_client[0m[2m:[0m 📡 Transaction fetch RPC completed in 4.827958ms
[2m2025-12-10T10:13:11.122870Z[0m [34mDEBUG[0m [2methereum_transaction_pool_monitor::eth_client[0m[2m:[0m ✅ Transaction 0xf96d2d2ab4216028138c662e6a596420a7d2e53877dcc7f6bedac969d95acd8c fetched and parsed in 76.456833ms
[2m2025-12-10T10:13:11.122900Z[0m [34mDEBUG[0m [2methereum_transaction_pool_monitor::mempool_monitor[0m[2m:[0m 🔍 Skipping tx 0xf96d2d2ab4216028138c662e6a596420a7d2e53877dcc7f6bedac969d95acd8c - not a DEX interaction (target: 0x0F790A23C17993A729214D02809eBAb37428aBe4)
[2m2025-12-10T10:13:11.122913Z[0m [34mDEBUG[0m [2methereum_transaction_pool_monitor::mempool_monitor[0m[2m:[0m 📨 Processing new pending transaction: 0x1e4de7462387a872779a3c9394be66df321fddfdea7a8e96958f9171f56629f6
[2m2025-12-10T10:13:11.122926Z[0m [34mDEBUG[0m [2methereum_transaction_pool_monitor::mempool_monitor[0m[2m:[0m 🔍 Fetching transaction details for: 0x1e4de7462387a872779a3c9394be66df321fddfdea7a8e96958f9171f56629f6
[2m2025-12-10T10:13:11.122934Z[0m [34mDEBUG[0m [2methereum_transaction_pool_monitor::eth_client[0m[2m:[0m 🔍 Fetching transaction details for hash: 0x1e4de7462387a872779a3c9394be66df321fddfdea7a8e96958f9171f56629f6
[2m2025-12-10T10:13:11.122953Z[0m [34mDEBUG[0m [2mhyper::client::pool[0m[2m:[0m reuse idle connection for ("http", 192.168.0.14:8545)
[2m2025-12-10T10:13:11.122993Z[0m [34mDEBUG[0m [2mhyper::proto::h1::io[0m[2m:[0m flushed 250 bytes
[2m2025-12-10T10:13:11.123017Z[0m [34mDEBUG[0m [2mhyper::client::pool[0m[2m:[0m reuse idle connection for ("http", 192.168.0.14:8545)
[2m2025-12-10T10:13:11.123039Z[0m [34mDEBUG[0m [2mhyper::proto::h1::io[0m[2m:[0m flushed 172 bytes
[2m2025-12-10T10:13:11.123056Z[0m [34mDEBUG[0m [2methereum_transaction_pool_monitor::eth_client[0m[2m:[0m 📨 Received WebSocket message: {"jsonrpc":"2.0","method":"eth_subscription","params":{"subscription":"0xbed0a0851463e895960a451075a301a9","result":"0xf7daa7ee9558b0db6445a011e2a8250ca5134605fe475f56852aa9e69d0e1ad5"}}
[2m2025-12-10T10:13:11.123069Z[0m [34mDEBUG[0m [2methereum_transaction_pool_monitor::eth_client[0m[2m:[0m 📨 Received pending transaction: 0xf7daa7ee9558b0db6445a011e2a8250ca5134605fe475f56852aa9e69d0e1ad5
[2m2025-12-10T10:13:11.129007Z[0m [34mDEBUG[0m [2mhyper::proto::h1::io[0m[2m:[0m parsed 4 headers
[2m2025-12-10T10:13:11.129044Z[0m [34mDEBUG[0m [2mhyper::proto::h1::conn[0m[2m:[0m incoming body is content-length (45 bytes)
[2m2025-12-10T10:13:11.129063Z[0m [34mDEBUG[0m [2mhyper::proto::h1::conn[0m[2m:[0m incoming body completed
[2m2025-12-10T10:13:11.129087Z[0m [34mDEBUG[0m [2mhyper::client::pool[0m[2m:[0m pooling idle connection for ("http", 192.168.0.14:8545)
[2m2025-12-10T10:13:11.132904Z[0m [34mDEBUG[0m [2mhyper::proto::h1::io[0m[2m:[0m parsed 4 headers
[2m2025-12-10T10:13:11.132915Z[0m [34mDEBUG[0m [2mhyper::proto::h1::conn[0m[2m:[0m incoming body is content-length (4224 bytes)
[2m2025-12-10T10:13:11.132927Z[0m [34mDEBUG[0m [2methereum_transaction_pool_monitor::eth_client[0m[2m:[0m 📡 Transaction fetch RPC completed in 9.987209ms
[2m2025-12-10T10:13:11.135911Z[0m [34mDEBUG[0m [2mhyper::proto::h1::conn[0m[2m:[0m incoming body completed
[2m2025-12-10T10:13:11.135926Z[0m [34mDEBUG[0m [2mhyper::client::pool[0m[2m:[0m pooling idle connection for ("http", 192.168.0.14:8545)
[2m2025-12-10T10:13:11.199977Z[0m [34mDEBUG[0m [2mhyper::client::pool[0m[2m:[0m reuse idle connection for ("http", 192.168.0.14:8545)
[2m2025-12-10T10:13:11.200062Z[0m [34mDEBUG[0m [2mhyper::proto::h1::io[0m[2m:[0m flushed 172 bytes
[2m2025-12-10T10:13:11.205079Z[0m [34mDEBUG[0m [2mhyper::proto::h1::io[0m[2m:[0m parsed 4 headers
[2m2025-12-10T10:13:11.205096Z[0m [34mDEBUG[0m [2mhyper::proto::h1::conn[0m[2m:[0m incoming body is content-length (45 bytes)
[2m2025-12-10T10:13:11.205105Z[0m [34mDEBUG[0m [2mhyper::proto::h1::conn[0m[2m:[0m incoming body completed
[2m2025-12-10T10:13:11.205115Z[0m [34mDEBUG[0m [2mhyper::client::pool[0m[2m:[0m pooling idle connection for ("http", 192.168.0.14:8545)
[2m2025-12-10T10:13:11.207482Z[0m [34mDEBUG[0m [2methereum_transaction_pool_monitor::eth_client[0m[2m:[0m ✅ Transaction 0x1e4de7462387a872779a3c9394be66df321fddfdea7a8e96958f9171f56629f6 fetched and parsed in 84.540334ms
[2m2025-12-10T10:13:11.207502Z[0m [34mDEBUG[0m [2methereum_transaction_pool_monitor::mempool_monitor[0m[2m:[0m 🔍 Skipping tx 0x1e4de7462387a872779a3c9394be66df321fddfdea7a8e96958f9171f56629f6 - not a DEX interaction (target: 0xC38e4e6A15593f908255214653d3D947CA1c2338)
[2m2025-12-10T10:13:11.207515Z[0m [34mDEBUG[0m [2methereum_transaction_pool_monitor::mempool_monitor[0m[2m:[0m 📨 Processing new pending transaction: 0xc9017c1b6c14eaa34210daf55fd8ec622176658c95ac19caa0acbb9c9b457ec8
[2m2025-12-10T10:13:11.207521Z[0m [34mDEBUG[0m [2methereum_transaction_pool_monitor::mempool_monitor[0m[2m:[0m 🔍 Fetching transaction details for: 0xc9017c1b6c14eaa34210daf55fd8ec622176658c95ac19caa0acbb9c9b457ec8
[2m2025-12-10T10:13:11.207786Z[0m [34mDEBUG[0m [2methereum_transaction_pool_monitor::eth_client[0m[2m:[0m 🔍 Fetching transaction details for hash: 0xc9017c1b6c14eaa34210daf55fd8ec622176658c95ac19caa0acbb9c9b457ec8
[2m2025-12-10T10:13:11.207805Z[0m [34mDEBUG[0m [2mhyper::client::pool[0m[2m:[0m reuse idle connection for ("http", 192.168.0.14:8545)
[2m2025-12-10T10:13:11.207826Z[0m [34mDEBUG[0m [2mhyper::proto::h1::io[0m[2m:[0m flushed 250 bytes
[2m2025-12-10T10:13:11.214277Z[0m [34mDEBUG[0m [2mhyper::proto::h1::io[0m[2m:[0m parsed 4 headers
[2m2025-12-10T10:13:11.214330Z[0m [34mDEBUG[0m [2mhyper::proto::h1::conn[0m[2m:[0m incoming body is content-length (655 bytes)
[2m2025-12-10T10:13:11.214356Z[0m [34mDEBUG[0m [2mhyper::proto::h1::conn[0m[2m:[0m incoming body completed
[2m2025-12-10T10:13:11.214366Z[0m [34mDEBUG[0m [2mhyper::client::pool[0m[2m:[0m pooling idle connection for ("http", 192.168.0.14:8545)
[2m2025-12-10T10:13:11.214375Z[0m [34mDEBUG[0m [2methereum_transaction_pool_monitor::eth_client[0m[2m:[0m 📡 Transaction fetch RPC completed in 6.580792ms
[2m2025-12-10T10:13:11.286208Z[0m [34mDEBUG[0m [2methereum_transaction_pool_monitor::eth_client[0m[2m:[0m ✅ Transaction 0xc9017c1b6c14eaa34210daf55fd8ec622176658c95ac19caa0acbb9c9b457ec8 fetched and parsed in 78.411042ms
[2m2025-12-10T10:13:11.286244Z[0m [34mDEBUG[0m [2methereum_transaction_pool_monitor::mempool_monitor[0m[2m:[0m 🔍 Skipping tx 0xc9017c1b6c14eaa34210daf55fd8ec622176658c95ac19caa0acbb9c9b457ec8 - not a DEX interaction (target: 0x953d5B3eEe0A9B79Ed356926b996a61cd349AC25)
[2m2025-12-10T10:13:11.286264Z[0m [34mDEBUG[0m [2methereum_transaction_pool_monitor::mempool_monitor[0m[2m:[0m 📨 Processing new pending transaction: 0x3c40ec3c0c4cc5a488cf51eb6168273ae0f352db150039861dc35d0720a2e9b9
[2m2025-12-10T10:13:11.286274Z[0m [34mDEBUG[0m [2methereum_transaction_pool_monitor::mempool_monitor[0m[2m:[0m 🔍 Fetching transaction details for: 0x3c40ec3c0c4cc5a488cf51eb6168273ae0f352db150039861dc35d0720a2e9b9
[2m2025-12-10T10:13:11.286284Z[0m [34mDEBUG[0m [2methereum_transaction_pool_monitor::eth_client[0m[2m:[0m 🔍 Fetching transaction details for hash: 0x3c40ec3c0c4cc5a488cf51eb6168273ae0f352db150039861dc35d0720a2e9b9
[2m2025-12-10T10:13:11.286308Z[0m [34mDEBUG[0m [2mhyper::client::pool[0m[2m:[0m reuse idle connection for ("http", 192.168.0.14:8545)
[2m2025-12-10T10:13:11.286352Z[0m [34mDEBUG[0m [2mhyper::proto::h1::io[0m[2m:[0m flushed 250 bytes
[2m2025-12-10T10:13:11.286374Z[0m [34mDEBUG[0m [2methereum_transaction_pool_monitor::eth_client[0m[2m:[0m 📨 Received WebSocket message: {"jsonrpc":"2.0","method":"eth_subscription","params":{"subscription":"0xbed0a0851463e895960a451075a301a9","result":"0xbbec1c022b995392fd8f79329af991d3e899221242817f6a8bd9e106df892194"}}
[2m2025-12-10T10:13:11.286385Z[0m [34mDEBUG[0m [2methereum_transaction_pool_monitor::eth_client[0m[2m:[0m 📨 Received pending transaction: 0xbbec1c022b995392fd8f79329af991d3e899221242817f6a8bd9e106df892194
[2m2025-12-10T10:13:11.295358Z[0m [34mDEBUG[0m [2mhyper::proto::h1::io[0m[2m:[0m parsed 4 headers
[2m2025-12-10T10:13:11.295370Z[0m [34mDEBUG[0m [2mhyper::proto::h1::conn[0m[2m:[0m incoming body is content-length (38 bytes)
[2m2025-12-10T10:13:11.295378Z[0m [34mDEBUG[0m [2mhyper::proto::h1::conn[0m[2m:[0m incoming body completed
[2m2025-12-10T10:13:11.295389Z[0m [34mDEBUG[0m [2mhyper::client::pool[0m[2m:[0m pooling idle connection for ("http", 192.168.0.14:8545)
[2m2025-12-10T10:13:11.295397Z[0m [34mDEBUG[0m [2methereum_transaction_pool_monitor::eth_client[0m[2m:[0m 📡 Transaction fetch RPC completed in 9.1085ms
[2m2025-12-10T10:13:11.295409Z[0m [34mDEBUG[0m [2methereum_transaction_pool_monitor::eth_client[0m[2m:[0m ✅ Transaction 0x3c40ec3c0c4cc5a488cf51eb6168273ae0f352db150039861dc35d0720a2e9b9 fetched and parsed in 9.120125ms
[2m2025-12-10T10:13:11.295416Z[0m [34mDEBUG[0m [2methereum_transaction_pool_monitor::mempool_monitor[0m[2m:[0m 🔍 Skipping tx 0x3c40ec3c0c4cc5a488cf51eb6168273ae0f352db150039861dc35d0720a2e9b9 - contract creation
[2m2025-12-10T10:13:11.295423Z[0m [34mDEBUG[0m [2methereum_transaction_pool_monitor::mempool_monitor[0m[2m:[0m 📨 Processing new pending transaction: 0x7e6d29b5bb0b34ee286d9eff937d1b1021a4248a97231464dedf321556c26a70
[2m2025-12-10T10:13:11.295430Z[0m [34mDEBUG[0m [2methereum_transaction_pool_monitor::mempool_monitor[0m[2m:[0m 🔍 Fetching transaction details for: 0x7e6d29b5bb0b34ee286d9eff937d1b1021a4248a97231464dedf321556c26a70
[2m2025-12-10T10:13:11.295434Z[0m [34mDEBUG[0m [2methereum_transaction_pool_monitor::eth_client[0m[2m:[0m 🔍 Fetching transaction details for hash: 0x7e6d29b5bb0b34ee286d9eff937d1b1021a4248a97231464dedf321556c26a70
[2m2025-12-10T10:13:11.295447Z[0m [34mDEBUG[0m [2mhyper::client::pool[0m[2m:[0m reuse idle connection for ("http", 192.168.0.14:8545)
[2m2025-12-10T10:13:11.295463Z[0m [34mDEBUG[0m [2mhyper::proto::h1::io[0m[2m:[0m flushed 250 bytes
[2m2025-12-10T10:13:11.299259Z[0m [34mDEBUG[0m [2mhyper::client::pool[0m[2m:[0m reuse idle connection for ("http", 192.168.0.14:8545)
[2m2025-12-10T10:13:11.302984Z[0m [34mDEBUG[0m [2mhyper::proto::h1::io[0m[2m:[0m flushed 172 bytes
[2m2025-12-10T10:13:11.303009Z[0m [34mDEBUG[0m [2mhyper::proto::h1::io[0m[2m:[0m parsed 4 headers
[2m2025-12-10T10:13:11.303018Z[0m [34mDEBUG[0m [2mhyper::proto::h1::conn[0m[2m:[0m incoming body is content-length (1731 bytes)
[2m2025-12-10T10:13:11.303028Z[0m [34mDEBUG[0m [2mhyper::proto::h1::conn[0m[2m:[0m incoming body completed
[2m2025-12-10T10:13:11.303036Z[0m [34mDEBUG[0m [2mhyper::client::pool[0m[2m:[0m pooling idle connection for ("http", 192.168.0.14:8545)
[2m2025-12-10T10:13:11.303044Z[0m [34mDEBUG[0m [2methereum_transaction_pool_monitor::eth_client[0m[2m:[0m 📡 Transaction fetch RPC completed in 7.605209ms
[2m2025-12-10T10:13:11.374810Z[0m [34mDEBUG[0m [2methereum_transaction_pool_monitor::eth_client[0m[2m:[0m ✅ Transaction 0x7e6d29b5bb0b34ee286d9eff937d1b1021a4248a97231464dedf321556c26a70 fetched and parsed in 79.369125ms
[2m2025-12-10T10:13:11.374836Z[0m [34mDEBUG[0m [2methereum_transaction_pool_monitor::mempool_monitor[0m[2m:[0m 🔍 Skipping tx 0x7e6d29b5bb0b34ee286d9eff937d1b1021a4248a97231464dedf321556c26a70 - not a DEX interaction (target: 0x601a2aD6CB5949f0529735254189Ba3194221EDF)
[2m2025-12-10T10:13:11.374846Z[0m [34mDEBUG[0m [2methereum_transaction_pool_monitor::mempool_monitor[0m[2m:[0m 📨 Processing new pending transaction: 0x734241a9ac7ac0779b7cd5bf473196f84fe9337f573c3037dc50a2caa6fe63e5
[2m2025-12-10T10:13:11.374854Z[0m [34mDEBUG[0m [2methereum_transaction_pool_monitor::mempool_monitor[0m[2m:[0m 🔍 Fetching transaction details for: 0x734241a9ac7ac0779b7cd5bf473196f84fe9337f573c3037dc50a2caa6fe63e5
[2m2025-12-10T10:13:11.374861Z[0m [34mDEBUG[0m [2methereum_transaction_pool_monitor::eth_client[0m[2m:[0m 🔍 Fetching transaction details for hash: 0x734241a9ac7ac0779b7cd5bf473196f84fe9337f573c3037dc50a2caa6fe63e5
[2m2025-12-10T10:13:11.374879Z[0m [34mDEBUG[0m [2mhyper::client::pool[0m[2m:[0m reuse idle connection for ("http", 192.168.0.14:8545)
[2m2025-12-10T10:13:11.374921Z[0m [34mDEBUG[0m [2mhyper::proto::h1::io[0m[2m:[0m flushed 250 bytes
[2m2025-12-10T10:13:11.374937Z[0m [34mDEBUG[0m [2mhyper::proto::h1::io[0m[2m:[0m parsed 4 headers
[2m2025-12-10T10:13:11.374941Z[0m [34mDEBUG[0m [2mhyper::proto::h1::conn[0m[2m:[0m incoming body is content-length (45 bytes)
[2m2025-12-10T10:13:11.374948Z[0m [34mDEBUG[0m [2mhyper::proto::h1::conn[0m[2m:[0m incoming body completed
[2m2025-12-10T10:13:11.374956Z[0m [34mDEBUG[0m [2mhyper::client::pool[0m[2m:[0m pooling idle connection for ("http", 192.168.0.14:8545)
[2m2025-12-10T10:13:11.378805Z[0m [34mDEBUG[0m [2mhyper::proto::h1::io[0m[2m:[0m parsed 4 headers
[2m2025-12-10T10:13:11.378817Z[0m [34mDEBUG[0m [2mhyper::proto::h1::conn[0m[2m:[0m incoming body is content-length (38 bytes)
[2m2025-12-10T10:13:11.378823Z[0m [34mDEBUG[0m [2mhyper::proto::h1::conn[0m[2m:[0m incoming body completed
[2m2025-12-10T10:13:11.378829Z[0m [34mDEBUG[0m [2mhyper::client::pool[0m[2m:[0m pooling idle connection for ("http", 192.168.0.14:8545)
[2m2025-12-10T10:13:11.378835Z[0m [34mDEBUG[0m [2methereum_transaction_pool_monitor::eth_client[0m[2m:[0m 📡 Transaction fetch RPC completed in 3.97025ms
[2m2025-12-10T10:13:11.378843Z[0m [34mDEBUG[0m [2methereum_transaction_pool_monitor::eth_client[0m[2m:[0m ✅ Transaction 0x734241a9ac7ac0779b7cd5bf473196f84fe9337f573c3037dc50a2caa6fe63e5 fetched and parsed in 3.978333ms
[2m2025-12-10T10:13:11.378848Z[0m [34mDEBUG[0m [2methereum_transaction_pool_monitor::mempool_monitor[0m[2m:[0m 🔍 Skipping tx 0x734241a9ac7ac0779b7cd5bf473196f84fe9337f573c3037dc50a2caa6fe63e5 - contract creation
[2m2025-12-10T10:13:11.378853Z[0m [34mDEBUG[0m [2methereum_transaction_pool_monitor::mempool_monitor[0m[2m:[0m 📨 Processing new pending transaction: 0xbf7941f3dded1d280f2830324d8ae82ca9b6b8261e89e1eda2e990ba2f0b34b3
[2m2025-12-10T10:13:11.378857Z[0m [34mDEBUG[0m [2methereum_transaction_pool_monitor::mempool_monitor[0m[2m:[0m 🔍 Fetching transaction details for: 0xbf7941f3dded1d280f2830324d8ae82ca9b6b8261e89e1eda2e990ba2f0b34b3
[2m2025-12-10T10:13:11.378861Z[0m [34mDEBUG[0m [2methereum_transaction_pool_monitor::eth_client[0m[2m:[0m 🔍 Fetching transaction details for hash: 0xbf7941f3dded1d280f2830324d8ae82ca9b6b8261e89e1eda2e990ba2f0b34b3
[2m2025-12-10T10:13:11.378873Z[0m [34mDEBUG[0m [2mhyper::client::pool[0m[2m:[0m reuse idle connection for ("http", 192.168.0.14:8545)
[2m2025-12-10T10:13:11.378894Z[0m [34mDEBUG[0m [2mhyper::proto::h1::io[0m[2m:[0m flushed 250 bytes
[2m2025-12-10T10:13:11.382253Z[0m [34mDEBUG[0m [2mhyper::proto::h1::io[0m[2m:[0m parsed 4 headers
[2m2025-12-10T10:13:11.382261Z[0m [34mDEBUG[0m [2mhyper::proto::h1::conn[0m[2m:[0m incoming body is content-length (38 bytes)
[2m2025-12-10T10:13:11.382266Z[0m [34mDEBUG[0m [2mhyper::proto::h1::conn[0m[2m:[0m incoming body completed
[2m2025-12-10T10:13:11.382272Z[0m [34mDEBUG[0m [2mhyper::client::pool[0m[2m:[0m pooling idle connection for ("http", 192.168.0.14:8545)
[2m2025-12-10T10:13:11.382277Z[0m [34mDEBUG[0m [2methereum_transaction_pool_monitor::eth_client[0m[2m:[0m 📡 Transaction fetch RPC completed in 3.412ms
[2m2025-12-10T10:13:11.382283Z[0m [34mDEBUG[0m [2methereum_transaction_pool_monitor::eth_client[0m[2m:[0m ✅ Transaction 0xbf7941f3dded1d280f2830324d8ae82ca9b6b8261e89e1eda2e990ba2f0b34b3 fetched and parsed in 3.418291ms
[2m2025-12-10T10:13:11.382287Z[0m [34mDEBUG[0m [2methereum_transaction_pool_monitor::mempool_monitor[0m[2m:[0m 🔍 Skipping tx 0xbf7941f3dded1d280f2830324d8ae82ca9b6b8261e89e1eda2e990ba2f0b34b3 - contract creation
[2m2025-12-10T10:13:11.382292Z[0m [34mDEBUG[0m [2methereum_transaction_pool_monitor::mempool_monitor[0m[2m:[0m 📨 Processing new pending transaction: 0x36a2ea326ddbd5863c53abc1a6654d2bc8fc7236114855fa8ee464c568d5be41
[2m2025-12-10T10:13:11.382296Z[0m [34mDEBUG[0m [2methereum_transaction_pool_monitor::mempool_monitor[0m[2m:[0m 🔍 Fetching transaction details for: 0x36a2ea326ddbd5863c53abc1a6654d2bc8fc7236114855fa8ee464c568d5be41
[2m2025-12-10T10:13:11.382300Z[0m [34mDEBUG[0m [2methereum_transaction_pool_monitor::eth_client[0m[2m:[0m 🔍 Fetching transaction details for hash: 0x36a2ea326ddbd5863c53abc1a6654d2bc8fc7236114855fa8ee464c568d5be41
[2m2025-12-10T10:13:11.382309Z[0m [34mDEBUG[0m [2mhyper::client::pool[0m[2m:[0m reuse idle connection for ("http", 192.168.0.14:8545)
[2m2025-12-10T10:13:11.382327Z[0m [34mDEBUG[0m [2mhyper::proto::h1::io[0m[2m:[0m flushed 250 bytes
[2m2025-12-10T10:13:11.386949Z[0m [34mDEBUG[0m [2mhyper::proto::h1::io[0m[2m:[0m parsed 4 headers
[2m2025-12-10T10:13:11.386972Z[0m [34mDEBUG[0m [2mhyper::proto::h1::conn[0m[2m:[0m incoming body is content-length (1732 bytes)
[2m2025-12-10T10:13:11.387005Z[0m [34mDEBUG[0m [2methereum_transaction_pool_monitor::eth_client[0m[2m:[0m 📡 Transaction fetch RPC completed in 4.70225ms
[2m2025-12-10T10:13:11.389894Z[0m [34mDEBUG[0m [2mhyper::proto::h1::conn[0m[2m:[0m incoming body completed
[2m2025-12-10T10:13:11.389922Z[0m [34mDEBUG[0m [2mhyper::client::pool[0m[2m:[0m pooling idle connection for ("http", 192.168.0.14:8545)
[2m2025-12-10T10:13:11.399077Z[0m [34mDEBUG[0m [2mhyper::client::pool[0m[2m:[0m reuse idle connection for ("http", 192.168.0.14:8545)
[2m2025-12-10T10:13:11.399175Z[0m [34mDEBUG[0m [2mhyper::proto::h1::io[0m[2m:[0m flushed 172 bytes
[2m2025-12-10T10:13:11.402695Z[0m [34mDEBUG[0m [2mhyper::proto::h1::io[0m[2m:[0m parsed 4 headers
[2m2025-12-10T10:13:11.402718Z[0m [34mDEBUG[0m [2mhyper::proto::h1::conn[0m[2m:[0m incoming body is content-length (45 bytes)
[2m2025-12-10T10:13:11.402737Z[0m [34mDEBUG[0m [2mhyper::proto::h1::conn[0m[2m:[0m incoming body completed
[2m2025-12-10T10:13:11.402756Z[0m [34mDEBUG[0m [2mhyper::client::pool[0m[2m:[0m pooling idle connection for ("http", 192.168.0.14:8545)
[2m2025-12-10T10:13:11.460222Z[0m [34mDEBUG[0m [2methereum_transaction_pool_monitor::eth_client[0m[2m:[0m ✅ Transaction 0x36a2ea326ddbd5863c53abc1a6654d2bc8fc7236114855fa8ee464c568d5be41 fetched and parsed in 77.91675ms
[2m2025-12-10T10:13:11.460247Z[0m [34mDEBUG[0m [2methereum_transaction_pool_monitor::mempool_monitor[0m[2m:[0m 🔍 Skipping tx 0x36a2ea326ddbd5863c53abc1a6654d2bc8fc7236114855fa8ee464c568d5be41 - not a DEX interaction (target: 0x601a2aD6CB5949f0529735254189Ba3194221EDF)
[2m2025-12-10T10:13:11.460257Z[0m [34mDEBUG[0m [2methereum_transaction_pool_monitor::mempool_monitor[0m[2m:[0m 📨 Processing new pending transaction: 0x52828091ec402534cef8f38e846405ebd932639c46aaa376f57141068c977795
[2m2025-12-10T10:13:11.460263Z[0m [34mDEBUG[0m [2methereum_transaction_pool_monitor::mempool_monitor[0m[2m:[0m 🔍 Fetching transaction details for: 0x52828091ec402534cef8f38e846405ebd932639c46aaa376f57141068c977795
[2m2025-12-10T10:13:11.460270Z[0m [34mDEBUG[0m [2methereum_transaction_pool_monitor::eth_client[0m[2m:[0m 🔍 Fetching transaction details for hash: 0x52828091ec402534cef8f38e846405ebd932639c46aaa376f57141068c977795
[2m2025-12-10T10:13:11.460287Z[0m [34mDEBUG[0m [2mhyper::client::pool[0m[2m:[0m reuse idle connection for ("http", 192.168.0.14:8545)
[2m2025-12-10T10:13:11.460323Z[0m [34mDEBUG[0m [2mhyper::proto::h1::io[0m[2m:[0m flushed 250 bytes
[2m2025-12-10T10:13:11.464481Z[0m [34mDEBUG[0m [2mhyper::proto::h1::io[0m[2m:[0m parsed 4 headers
[2m2025-12-10T10:13:11.464491Z[0m [34mDEBUG[0m [2mhyper::proto::h1::conn[0m[2m:[0m incoming body is content-length (556 bytes)
[2m2025-12-10T10:13:11.464499Z[0m [34mDEBUG[0m [2mhyper::proto::h1::conn[0m[2m:[0m incoming body completed
[2m2025-12-10T10:13:11.464508Z[0m [34mDEBUG[0m [2mhyper::client::pool[0m[2m:[0m pooling idle connection for ("http", 192.168.0.14:8545)
[2m2025-12-10T10:13:11.464515Z[0m [34mDEBUG[0m [2methereum_transaction_pool_monitor::eth_client[0m[2m:[0m 📡 Transaction fetch RPC completed in 4.241042ms
[2m2025-12-10T10:13:11.535763Z[0m [34mDEBUG[0m [2methereum_transaction_pool_monitor::eth_client[0m[2m:[0m ✅ Transaction 0x52828091ec402534cef8f38e846405ebd932639c46aaa376f57141068c977795 fetched and parsed in 75.486209ms
[2m2025-12-10T10:13:11.535793Z[0m [34mDEBUG[0m [2methereum_transaction_pool_monitor::mempool_monitor[0m[2m:[0m 🔍 Skipping tx 0x52828091ec402534cef8f38e846405ebd932639c46aaa376f57141068c977795 - not a DEX interaction (target: 0x52ce4E5e10475d8F1D1519950B3200D5Ec8A905F)
[2m2025-12-10T10:13:11.535807Z[0m [34mDEBUG[0m [2methereum_transaction_pool_monitor::mempool_monitor[0m[2m:[0m 📨 Processing new pending transaction: 0xfba0a603cf86441e1463f6101ea80831b6815ad29a246a85602074481264aadb
[2m2025-12-10T10:13:11.535894Z[0m [34mDEBUG[0m [2methereum_transaction_pool_monitor::mempool_monitor[0m[2m:[0m 🔍 Fetching transaction details for: 0xfba0a603cf86441e1463f6101ea80831b6815ad29a246a85602074481264aadb
[2m2025-12-10T10:13:11.535900Z[0m [34mDEBUG[0m [2methereum_transaction_pool_monitor::eth_client[0m[2m:[0m 🔍 Fetching transaction details for hash: 0xfba0a603cf86441e1463f6101ea80831b6815ad29a246a85602074481264aadb
[2m2025-12-10T10:13:11.535917Z[0m [34mDEBUG[0m [2mhyper::client::pool[0m[2m:[0m reuse idle connection for ("http", 192.168.0.14:8545)
[2m2025-12-10T10:13:11.535958Z[0m [34mDEBUG[0m [2mhyper::proto::h1::io[0m[2m:[0m flushed 250 bytes
[2m2025-12-10T10:13:11.535977Z[0m [34mDEBUG[0m [2mhyper::client::pool[0m[2m:[0m reuse idle connection for ("http", 192.168.0.14:8545)
[2m2025-12-10T10:13:11.535992Z[0m [34mDEBUG[0m [2mhyper::proto::h1::io[0m[2m:[0m flushed 172 bytes
[2m2025-12-10T10:13:11.536025Z[0m [34mDEBUG[0m [2methereum_transaction_pool_monitor::eth_client[0m[2m:[0m 📨 Received WebSocket message: {"jsonrpc":"2.0","method":"eth_subscription","params":{"subscription":"0xbed0a0851463e895960a451075a301a9","result":"0x94023f4d852f774a20539a7bbaea3259b377312b2a75f013f977910d56ff6ff3"}}
[2m2025-12-10T10:13:11.536037Z[0m [34mDEBUG[0m [2methereum_transaction_pool_monitor::eth_client[0m[2m:[0m 📨 Received pending transaction: 0x94023f4d852f774a20539a7bbaea3259b377312b2a75f013f977910d56ff6ff3
[2m2025-12-10T10:13:11.536042Z[0m [32m INFO[0m [2methereum_transaction_pool_monitor::eth_client[0m[2m:[0m 📊 WebSocket stats - Total: 4152 transactions, Rate: 13.2 tx/s
[2m2025-12-10T10:13:11.536048Z[0m [34mDEBUG[0m [2methereum_transaction_pool_monitor::eth_client[0m[2m:[0m 📨 Received WebSocket message: {"jsonrpc":"2.0","method":"eth_subscription","params":{"subscription":"0xbed0a0851463e895960a451075a301a9","result":"0x5bddd322797e78b2a2846831794d35cadd9d560936f1233f0e10e63e4c0d57ff"}}
[2m2025-12-10T10:13:11.536053Z[0m [34mDEBUG[0m [2methereum_transaction_pool_monitor::eth_client[0m[2m:[0m 📨 Received pending transaction: 0x5bddd322797e78b2a2846831794d35cadd9d560936f1233f0e10e63e4c0d57ff
[2m2025-12-10T10:13:11.536057Z[0m [34mDEBUG[0m [2methereum_transaction_pool_monitor::eth_client[0m[2m:[0m 📨 Received WebSocket message: {"jsonrpc":"2.0","method":"eth_subscription","params":{"subscription":"0xbed0a0851463e895960a451075a301a9","result":"0x3587121d1fb1b79c6be49a4f15933f71679013383ad809e2bc2ab7b8829a9f76"}}
[2m2025-12-10T10:13:11.536062Z[0m [34mDEBUG[0m [2methereum_transaction_pool_monitor::eth_client[0m[2m:[0m 📨 Received pending transaction: 0x3587121d1fb1b79c6be49a4f15933f71679013383ad809e2bc2ab7b8829a9f76
[2m2025-12-10T10:13:11.539830Z[0m [34mDEBUG[0m [2mhyper::proto::h1::io[0m[2m:[0m parsed 4 headers
[2m2025-12-10T10:13:11.539857Z[0m [34mDEBUG[0m [2mhyper::proto::h1::conn[0m[2m:[0m incoming body is content-length (45 bytes)
[2m2025-12-10T10:13:11.539874Z[0m [34mDEBUG[0m [2mhyper::proto::h1::conn[0m[2m:[0m incoming body completed
[2m2025-12-10T10:13:11.539899Z[0m [34mDEBUG[0m [2mhyper::client::pool[0m[2m:[0m pooling idle connection for ("http", 192.168.0.14:8545)
[2m2025-12-10T10:13:11.540442Z[0m [34mDEBUG[0m [2mhyper::proto::h1::io[0m[2m:[0m parsed 4 headers
[2m2025-12-10T10:13:11.540463Z[0m [34mDEBUG[0m [2mhyper::proto::h1::conn[0m[2m:[0m incoming body is content-length (38 bytes)
[2m2025-12-10T10:13:11.540485Z[0m [34mDEBUG[0m [2mhyper::proto::h1::conn[0m[2m:[0m incoming body completed
[2m2025-12-10T10:13:11.540507Z[0m [34mDEBUG[0m [2mhyper::client::pool[0m[2m:[0m pooling idle connection for ("http", 192.168.0.14:8545)
[2m2025-12-10T10:13:11.540516Z[0m [34mDEBUG[0m [2methereum_transaction_pool_monitor::eth_client[0m[2m:[0m 📡 Transaction fetch RPC completed in 4.6115ms
[2m2025-12-10T10:13:11.540538Z[0m [34mDEBUG[0m [2methereum_transaction_pool_monitor::eth_client[0m[2m:[0m ✅ Transaction 0xfba0a603cf86441e1463f6101ea80831b6815ad29a246a85602074481264aadb fetched and parsed in 4.632792ms
[2m2025-12-10T10:13:11.540544Z[0m [34mDEBUG[0m [2methereum_transaction_pool_monitor::mempool_monitor[0m[2m:[0m 🔍 Skipping tx 0xfba0a603cf86441e1463f6101ea80831b6815ad29a246a85602074481264aadb - contract creation
[2m2025-12-10T10:13:11.540551Z[0m [34mDEBUG[0m [2methereum_transaction_pool_monitor::mempool_monitor[0m[2m:[0m 📨 Processing new pending transaction: 0x9a05b331e7541b6f33a2f66184b8050ec0ed06da74f9066e210ae9542d17cd89
[2m2025-12-10T10:13:11.540557Z[0m [34mDEBUG[0m [2methereum_transaction_pool_monitor::mempool_monitor[0m[2m:[0m 🔍 Fetching transaction details for: 0x9a05b331e7541b6f33a2f66184b8050ec0ed06da74f9066e210ae9542d17cd89
[2m2025-12-10T10:13:11.540562Z[0m [34mDEBUG[0m [2methereum_transaction_pool_monitor::eth_client[0m[2m:[0m 🔍 Fetching transaction details for hash: 0x9a05b331e7541b6f33a2f66184b8050ec0ed06da74f9066e210ae9542d17cd89
[2m2025-12-10T10:13:11.540589Z[0m [34mDEBUG[0m [2mhyper::client::pool[0m[2m:[0m reuse idle connection for ("http", 192.168.0.14:8545)
[2m2025-12-10T10:13:11.540619Z[0m [34mDEBUG[0m [2mhyper::proto::h1::io[0m[2m:[0m flushed 250 bytes
[2m2025-12-10T10:13:11.544667Z[0m [34mDEBUG[0m [2mhyper::proto::h1::io[0m[2m:[0m parsed 4 headers
[2m2025-12-10T10:13:11.544674Z[0m [34mDEBUG[0m [2mhyper::proto::h1::conn[0m[2m:[0m incoming body is content-length (644 bytes)
[2m2025-12-10T10:13:11.544679Z[0m [34mDEBUG[0m [2mhyper::proto::h1::conn[0m[2m:[0m incoming body completed
[2m2025-12-10T10:13:11.544685Z[0m [34mDEBUG[0m [2mhyper::client::pool[0m[2m:[0m pooling idle connection for ("http", 192.168.0.14:8545)
[2m2025-12-10T10:13:11.544690Z[0m [34mDEBUG[0m [2methereum_transaction_pool_monitor::eth_client[0m[2m:[0m 📡 Transaction fetch RPC completed in 4.12325ms
[2m2025-12-10T10:13:11.616580Z[0m [34mDEBUG[0m [2methereum_transaction_pool_monitor::eth_client[0m[2m:[0m ✅ Transaction 0x9a05b331e7541b6f33a2f66184b8050ec0ed06da74f9066e210ae9542d17cd89 fetched and parsed in 76.010083ms
[2m2025-12-10T10:13:11.616606Z[0m [34mDEBUG[0m [2methereum_transaction_pool_monitor::mempool_monitor[0m[2m:[0m 🔍 Skipping tx 0x9a05b331e7541b6f33a2f66184b8050ec0ed06da74f9066e210ae9542d17cd89 - not a DEX interaction (target: 0x4603180BBB8221157880AfaA84638E0fc467738D)
[2m2025-12-10T10:13:11.616619Z[0m [34mDEBUG[0m [2methereum_transaction_pool_monitor::mempool_monitor[0m[2m:[0m 📨 Processing new pending transaction: 0x3b9857b5650d11658da64f1643f2efcd89e407f2c28bffa6ee80cad5ee171f31
[2m2025-12-10T10:13:11.616626Z[0m [34mDEBUG[0m [2methereum_transaction_pool_monitor::mempool_monitor[0m[2m:[0m 🔍 Fetching transaction details for: 0x3b9857b5650d11658da64f1643f2efcd89e407f2c28bffa6ee80cad5ee171f31
[2m2025-12-10T10:13:11.616630Z[0m [34mDEBUG[0m [2methereum_transaction_pool_monitor::eth_client[0m[2m:[0m 🔍 Fetching transaction details for hash: 0x3b9857b5650d11658da64f1643f2efcd89e407f2c28bffa6ee80cad5ee171f31
[2m2025-12-10T10:13:11.616650Z[0m [34mDEBUG[0m [2mhyper::client::pool[0m[2m:[0m reuse idle connection for ("http", 192.168.0.14:8545)
[2m2025-12-10T10:13:11.616681Z[0m [34mDEBUG[0m [2mhyper::proto::h1::io[0m[2m:[0m flushed 250 bytes
[2m2025-12-10T10:13:11.616700Z[0m [34mDEBUG[0m [2mhyper::client::pool[0m[2m:[0m reuse idle connection for ("http", 192.168.0.14:8545)
[2m2025-12-10T10:13:11.616714Z[0m [34mDEBUG[0m [2mhyper::proto::h1::io[0m[2m:[0m flushed 172 bytes
[2m2025-12-10T10:13:11.616728Z[0m [34mDEBUG[0m [2methereum_transaction_pool_monitor::eth_client[0m[2m:[0m 📨 Received WebSocket message: {"jsonrpc":"2.0","method":"eth_subscription","params":{"subscription":"0xbed0a0851463e895960a451075a301a9","result":"0x4d63a6b1cfcf7c891cc14278cdef1aa6675f3242945a25107a26039cfa5a1546"}}
[2m2025-12-10T10:13:11.616736Z[0m [34mDEBUG[0m [2methereum_transaction_pool_monitor::eth_client[0m[2m:[0m 📨 Received pending transaction: 0x4d63a6b1cfcf7c891cc14278cdef1aa6675f3242945a25107a26039cfa5a1546
[2m2025-12-10T10:13:11.619939Z[0m [34mDEBUG[0m [2mhyper::proto::h1::io[0m[2m:[0m parsed 4 headers
[2m2025-12-10T10:13:11.619951Z[0m [34mDEBUG[0m [2mhyper::proto::h1::conn[0m[2m:[0m incoming body is content-length (45 bytes)
[2m2025-12-10T10:13:11.619958Z[0m [34mDEBUG[0m [2mhyper::proto::h1::conn[0m[2m:[0m incoming body completed
[2m2025-12-10T10:13:11.619966Z[0m [34mDEBUG[0m [2mhyper::client::pool[0m[2m:[0m pooling idle connection for ("http", 192.168.0.14:8545)
[2m2025-12-10T10:13:11.620441Z[0m [34mDEBUG[0m [2mhyper::proto::h1::io[0m[2m:[0m parsed 4 headers
[2m2025-12-10T10:13:11.620448Z[0m [34mDEBUG[0m [2mhyper::proto::h1::conn[0m[2m:[0m incoming body is content-length (38 bytes)
[2m2025-12-10T10:13:11.620454Z[0m [34mDEBUG[0m [2mhyper::proto::h1::conn[0m[2m:[0m incoming body completed
[2m2025-12-10T10:13:11.620461Z[0m [34mDEBUG[0m [2mhyper::client::pool[0m[2m:[0m pooling idle connection for ("http", 192.168.0.14:8545)
[2m2025-12-10T10:13:11.620468Z[0m [34mDEBUG[0m [2methereum_transaction_pool_monitor::eth_client[0m[2m:[0m 📡 Transaction fetch RPC completed in 3.832958ms
[2m2025-12-10T10:13:11.620476Z[0m [34mDEBUG[0m [2methereum_transaction_pool_monitor::eth_client[0m[2m:[0m ✅ Transaction 0x3b9857b5650d11658da64f1643f2efcd89e407f2c28bffa6ee80cad5ee171f31 fetched and parsed in 3.841666ms
[2m2025-12-10T10:13:11.620482Z[0m [34mDEBUG[0m [2methereum_transaction_pool_monitor::mempool_monitor[0m[2m:[0m 🔍 Skipping tx 0x3b9857b5650d11658da64f1643f2efcd89e407f2c28bffa6ee80cad5ee171f31 - contract creation
[2m2025-12-10T10:13:11.620489Z[0m [34mDEBUG[0m [2methereum_transaction_pool_monitor::mempool_monitor[0m[2m:[0m 📨 Processing new pending transaction: 0xd5646f438466125021a82e2bfccfbed7f23a842addf684d4a5728e013d1e8408
[2m2025-12-10T10:13:11.620494Z[0m [34mDEBUG[0m [2methereum_transaction_pool_monitor::mempool_monitor[0m[2m:[0m 🔍 Fetching transaction details for: 0xd5646f438466125021a82e2bfccfbed7f23a842addf684d4a5728e013d1e8408
[2m2025-12-10T10:13:11.620498Z[0m [34mDEBUG[0m [2methereum_transaction_pool_monitor::eth_client[0m[2m:[0m 🔍 Fetching transaction details for hash: 0xd5646f438466125021a82e2bfccfbed7f23a842addf684d4a5728e013d1e8408
[2m2025-12-10T10:13:11.620511Z[0m [34mDEBUG[0m [2mhyper::client::pool[0m[2m:[0m reuse idle connection for ("http", 192.168.0.14:8545)
[2m2025-12-10T10:13:11.620532Z[0m [34mDEBUG[0m [2mhyper::proto::h1::io[0m[2m:[0m flushed 250 bytes
[2m2025-12-10T10:13:11.625552Z[0m [34mDEBUG[0m [2mhyper::proto::h1::io[0m[2m:[0m parsed 4 headers
[2m2025-12-10T10:13:11.625596Z[0m [34mDEBUG[0m [2mhyper::proto::h1::conn[0m[2m:[0m incoming body is content-length (643 bytes)
[2m2025-12-10T10:13:11.625608Z[0m [34mDEBUG[0m [2mhyper::proto::h1::conn[0m[2m:[0m incoming body completed
[2m2025-12-10T10:13:11.625632Z[0m [34mDEBUG[0m [2mhyper::client::pool[0m[2m:[0m pooling idle connection for ("http", 192.168.0.14:8545)
[2m2025-12-10T10:13:11.625642Z[0m [34mDEBUG[0m [2methereum_transaction_pool_monitor::eth_client[0m[2m:[0m 📡 Transaction fetch RPC completed in 5.13725ms
[2m2025-12-10T10:13:11.697016Z[0m [34mDEBUG[0m [2methereum_transaction_pool_monitor::eth_client[0m[2m:[0m ✅ Transaction 0xd5646f438466125021a82e2bfccfbed7f23a842addf684d4a5728e013d1e8408 fetched and parsed in 76.509334ms
[2m2025-12-10T10:13:11.701436Z[0m [34mDEBUG[0m [2methereum_transaction_pool_monitor::mempool_monitor[0m[2m:[0m 🔍 Skipping tx 0xd5646f438466125021a82e2bfccfbed7f23a842addf684d4a5728e013d1e8408 - not a DEX interaction (target: 0x72bb8C608c4ea4a887266985e680A04c056f5B2A)
[2m2025-12-10T10:13:11.701448Z[0m [34mDEBUG[0m [2methereum_transaction_pool_monitor::mempool_monitor[0m[2m:[0m 📨 Processing new pending transaction: 0xe8aef2733f58cb6a0bafb51f3f847af20cb380a869aa9668ad0ef1d684895ac5
[2m2025-12-10T10:13:11.701461Z[0m [34mDEBUG[0m [2methereum_transaction_pool_monitor::mempool_monitor[0m[2m:[0m 🔍 Fetching transaction details for: 0xe8aef2733f58cb6a0bafb51f3f847af20cb380a869aa9668ad0ef1d684895ac5
[2m2025-12-10T10:13:11.701467Z[0m [34mDEBUG[0m [2methereum_transaction_pool_monitor::eth_client[0m[2m:[0m 🔍 Fetching transaction details for hash: 0xe8aef2733f58cb6a0bafb51f3f847af20cb380a869aa9668ad0ef1d684895ac5
[2m2025-12-10T10:13:11.701483Z[0m [34mDEBUG[0m [2mhyper::client::pool[0m[2m:[0m reuse idle connection for ("http", 192.168.0.14:8545)
[2m2025-12-10T10:13:11.701520Z[0m [34mDEBUG[0m [2mhyper::proto::h1::io[0m[2m:[0m flushed 250 bytes
[2m2025-12-10T10:13:11.701538Z[0m [34mDEBUG[0m [2mhyper::client::pool[0m[2m:[0m reuse idle connection for ("http", 192.168.0.14:8545)
[2m2025-12-10T10:13:11.701548Z[0m [34mDEBUG[0m [2methereum_transaction_pool_monitor::eth_client[0m[2m:[0m 📨 Received WebSocket message: {"jsonrpc":"2.0","method":"eth_subscription","params":{"subscription":"0xbed0a0851463e895960a451075a301a9","result":"0x7f4d140cf4cae0b34e41bf41f9a5cfacec290330e54d8618f1f88eca6ce0151e"}}
[2m2025-12-10T10:13:11.701559Z[0m [34mDEBUG[0m [2methereum_transaction_pool_monitor::eth_client[0m[2m:[0m 📨 Received pending transaction: 0x7f4d140cf4cae0b34e41bf41f9a5cfacec290330e54d8618f1f88eca6ce0151e
[2m2025-12-10T10:13:11.701549Z[0m [34mDEBUG[0m [2mhyper::proto::h1::io[0m[2m:[0m flushed 172 bytes
[2m2025-12-10T10:13:11.705976Z[0m [34mDEBUG[0m [2mhyper::proto::h1::io[0m[2m:[0m parsed 4 headers
[2m2025-12-10T10:13:11.705990Z[0m [34mDEBUG[0m [2mhyper::proto::h1::conn[0m[2m:[0m incoming body is content-length (45 bytes)
[2m2025-12-10T10:13:11.705997Z[0m [34mDEBUG[0m [2mhyper::proto::h1::conn[0m[2m:[0m incoming body completed
[2m2025-12-10T10:13:11.706005Z[0m [34mDEBUG[0m [2mhyper::client::pool[0m[2m:[0m pooling idle connection for ("http", 192.168.0.14:8545)
[2m2025-12-10T10:13:11.706665Z[0m [34mDEBUG[0m [2mhyper::proto::h1::io[0m[2m:[0m parsed 4 headers
[2m2025-12-10T10:13:11.706672Z[0m [34mDEBUG[0m [2mhyper::proto::h1::conn[0m[2m:[0m incoming body is content-length (678 bytes)
[2m2025-12-10T10:13:11.706679Z[0m [34mDEBUG[0m [2mhyper::proto::h1::conn[0m[2m:[0m incoming body completed
[2m2025-12-10T10:13:11.706685Z[0m [34mDEBUG[0m [2mhyper::client::pool[0m[2m:[0m pooling idle connection for ("http", 192.168.0.14:8545)
[2m2025-12-10T10:13:11.706692Z[0m [34mDEBUG[0m [2methereum_transaction_pool_monitor::eth_client[0m[2m:[0m 📡 Transaction fetch RPC completed in 5.219833ms
[2m2025-12-10T10:13:11.706703Z[0m [34mDEBUG[0m [2methereum_transaction_pool_monitor::eth_client[0m[2m:[0m DeFi transaction detected - Address: 0xdac17f958d2ee523a2206206994597c13d831ec7, Type: Stablecoin, Value: 0 ETH, Gas: 6.17 Gwei
[2m2025-12-10T10:13:11.706718Z[0m [34mDEBUG[0m [2methereum_transaction_pool_monitor::eth_client[0m[2m:[0m ✅ Transaction 0xe8aef2733f58cb6a0bafb51f3f847af20cb380a869aa9668ad0ef1d684895ac5 fetched and parsed in 5.246667ms
[2m2025-12-10T10:13:11.706725Z[0m [34mDEBUG[0m [2methereum_transaction_pool_monitor::mempool_monitor[0m[2m:[0m 🔍 Skipping tx 0xe8aef2733f58cb6a0bafb51f3f847af20cb380a869aa9668ad0ef1d684895ac5 - not a DEX interaction (target: 0xdAC17F958D2ee523a2206206994597C13D831ec7)
[2m2025-12-10T10:13:11.706732Z[0m [34mDEBUG[0m [2methereum_transaction_pool_monitor::mempool_monitor[0m[2m:[0m 📨 Processing new pending transaction: 0x7aa85dbbeb1e157134aeb777275907a41208d070d1d8821f451ded5f995350a0
[2m2025-12-10T10:13:11.706739Z[0m [34mDEBUG[0m [2methereum_transaction_pool_monitor::mempool_monitor[0m[2m:[0m 🔍 Fetching transaction details for: 0x7aa85dbbeb1e157134aeb777275907a41208d070d1d8821f451ded5f995350a0
[2m2025-12-10T10:13:11.706745Z[0m [34mDEBUG[0m [2methereum_transaction_pool_monitor::eth_client[0m[2m:[0m 🔍 Fetching transaction details for hash: 0x7aa85dbbeb1e157134aeb777275907a41208d070d1d8821f451ded5f995350a0
[2m2025-12-10T10:13:11.706758Z[0m [34mDEBUG[0m [2mhyper::client::pool[0m[2m:[0m reuse idle connection for ("http", 192.168.0.14:8545)
[2m2025-12-10T10:13:11.706868Z[0m [34mDEBUG[0m [2mhyper::proto::h1::io[0m[2m:[0m flushed 250 bytes
[2m2025-12-10T10:13:11.711751Z[0m [34mDEBUG[0m [2mhyper::proto::h1::io[0m[2m:[0m parsed 4 headers
[2m2025-12-10T10:13:11.711757Z[0m [34mDEBUG[0m [2mhyper::proto::h1::conn[0m[2m:[0m incoming body is content-length (768 bytes)
[2m2025-12-10T10:13:11.711762Z[0m [34mDEBUG[0m [2mhyper::proto::h1::conn[0m[2m:[0m incoming body completed
[2m2025-12-10T10:13:11.711767Z[0m [34mDEBUG[0m [2mhyper::client::pool[0m[2m:[0m pooling idle connection for ("http", 192.168.0.14:8545)
[2m2025-12-10T10:13:11.711772Z[0m [34mDEBUG[0m [2methereum_transaction_pool_monitor::eth_client[0m[2m:[0m 📡 Transaction fetch RPC completed in 5.021625ms
[2m2025-12-10T10:13:11.711783Z[0m [34mDEBUG[0m [2methereum_transaction_pool_monitor::eth_client[0m[2m:[0m DeFi transaction detected - Address: 0xdac17f958d2ee523a2206206994597c13d831ec7, Type: Stablecoin, Value: 0 ETH, Gas: 0.33 Gwei
[2m2025-12-10T10:13:11.711795Z[0m [34mDEBUG[0m [2methereum_transaction_pool_monitor::eth_client[0m[2m:[0m ✅ Transaction 0x7aa85dbbeb1e157134aeb777275907a41208d070d1d8821f451ded5f995350a0 fetched and parsed in 5.044458ms
[2m2025-12-10T10:13:11.711802Z[0m [34mDEBUG[0m [2methereum_transaction_pool_monitor::mempool_monitor[0m[2m:[0m 🔍 Skipping tx 0x7aa85dbbeb1e157134aeb777275907a41208d070d1d8821f451ded5f995350a0 - not a DEX interaction (target: 0xdAC17F958D2ee523a2206206994597C13D831ec7)
[2m2025-12-10T10:13:11.711809Z[0m [34mDEBUG[0m [2methereum_transaction_pool_monitor::mempool_monitor[0m[2m:[0m 📨 Processing new pending transaction: 0xf7daa7ee9558b0db6445a011e2a8250ca5134605fe475f56852aa9e69d0e1ad5
[2m2025-12-10T10:13:11.711814Z[0m [34mDEBUG[0m [2methereum_transaction_pool_monitor::mempool_monitor[0m[2m:[0m 🔍 Fetching transaction details for: 0xf7daa7ee9558b0db6445a011e2a8250ca5134605fe475f56852aa9e69d0e1ad5
[2m2025-12-10T10:13:11.711821Z[0m [34mDEBUG[0m [2methereum_transaction_pool_monitor::eth_client[0m[2m:[0m 🔍 Fetching transaction details for hash: 0xf7daa7ee9558b0db6445a011e2a8250ca5134605fe475f56852aa9e69d0e1ad5
[2m2025-12-10T10:13:11.711834Z[0m [34mDEBUG[0m [2mhyper::client::pool[0m[2m:[0m reuse idle connection for ("http", 192.168.0.14:8545)
[2m2025-12-10T10:13:11.711850Z[0m [34mDEBUG[0m [2mhyper::proto::h1::io[0m[2m:[0m flushed 250 bytes
[2m2025-12-10T10:13:11.715788Z[0m [34mDEBUG[0m [2mhyper::proto::h1::io[0m[2m:[0m parsed 4 headers
[2m2025-12-10T10:13:11.715801Z[0m [34mDEBUG[0m [2mhyper::proto::h1::conn[0m[2m:[0m incoming body is content-length (1731 bytes)
[2m2025-12-10T10:13:11.715815Z[0m [34mDEBUG[0m [2methereum_transaction_pool_monitor::eth_client[0m[2m:[0m 📡 Transaction fetch RPC completed in 3.986542ms
[2m2025-12-10T10:13:11.716338Z[0m [34mDEBUG[0m [2mhyper::proto::h1::conn[0m[2m:[0m incoming body completed
[2m2025-12-10T10:13:11.716347Z[0m [34mDEBUG[0m [2mhyper::client::pool[0m[2m:[0m pooling idle connection for ("http", 192.168.0.14:8545)
[2m2025-12-10T10:13:11.788019Z[0m [34mDEBUG[0m [2methereum_transaction_pool_monitor::eth_client[0m[2m:[0m ✅ Transaction 0xf7daa7ee9558b0db6445a011e2a8250ca5134605fe475f56852aa9e69d0e1ad5 fetched and parsed in 76.188208ms
[2m2025-12-10T10:13:11.788054Z[0m [34mDEBUG[0m [2methereum_transaction_pool_monitor::mempool_monitor[0m[2m:[0m 🔍 Skipping tx 0xf7daa7ee9558b0db6445a011e2a8250ca5134605fe475f56852aa9e69d0e1ad5 - not a DEX interaction (target: 0x601a2aD6CB5949f0529735254189Ba3194221EDF)
[2m2025-12-10T10:13:11.788065Z[0m [34mDEBUG[0m [2methereum_transaction_pool_monitor::mempool_monitor[0m[2m:[0m 📨 Processing new pending transaction: 0xbbec1c022b995392fd8f79329af991d3e899221242817f6a8bd9e106df892194
[2m2025-12-10T10:13:11.788080Z[0m [34mDEBUG[0m [2methereum_transaction_pool_monitor::mempool_monitor[0m[2m:[0m 🔍 Fetching transaction details for: 0xbbec1c022b995392fd8f79329af991d3e899221242817f6a8bd9e106df892194
[2m2025-12-10T10:13:11.788088Z[0m [34mDEBUG[0m [2methereum_transaction_pool_monitor::eth_client[0m[2m:[0m 🔍 Fetching transaction details for hash: 0xbbec1c022b995392fd8f79329af991d3e899221242817f6a8bd9e106df892194
[2m2025-12-10T10:13:11.788107Z[0m [34mDEBUG[0m [2mhyper::client::pool[0m[2m:[0m reuse idle connection for ("http", 192.168.0.14:8545)
[2m2025-12-10T10:13:11.788146Z[0m [34mDEBUG[0m [2mhyper::proto::h1::io[0m[2m:[0m flushed 250 bytes
[2m2025-12-10T10:13:11.791803Z[0m [34mDEBUG[0m [2mhyper::proto::h1::io[0m[2m:[0m parsed 4 headers
[2m2025-12-10T10:13:11.791811Z[0m [34mDEBUG[0m [2mhyper::proto::h1::conn[0m[2m:[0m incoming body is content-length (646 bytes)
[2m2025-12-10T10:13:11.791818Z[0m [34mDEBUG[0m [2mhyper::proto::h1::conn[0m[2m:[0m incoming body completed
[2m2025-12-10T10:13:11.791827Z[0m [34mDEBUG[0m [2mhyper::client::pool[0m[2m:[0m pooling idle connection for ("http", 192.168.0.14:8545)
[2m2025-12-10T10:13:11.791833Z[0m [34mDEBUG[0m [2methereum_transaction_pool_monitor::eth_client[0m[2m:[0m 📡 Transaction fetch RPC completed in 3.739875ms
[2m2025-12-10T10:13:11.863178Z[0m [34mDEBUG[0m [2methereum_transaction_pool_monitor::eth_client[0m[2m:[0m ✅ Transaction 0xbbec1c022b995392fd8f79329af991d3e899221242817f6a8bd9e106df892194 fetched and parsed in 75.082375ms
[2m2025-12-10T10:13:11.863204Z[0m [34mDEBUG[0m [2methereum_transaction_pool_monitor::mempool_monitor[0m[2m:[0m 🔍 Skipping tx 0xbbec1c022b995392fd8f79329af991d3e899221242817f6a8bd9e106df892194 - not a DEX interaction (target: 0x17c6dFC8fcc4071f23564D6648EE938B1EaDf664)
[2m2025-12-10T10:13:11.863214Z[0m [34mDEBUG[0m [2methereum_transaction_pool_monitor::mempool_monitor[0m[2m:[0m 📨 Processing new pending transaction: 0x94023f4d852f774a20539a7bbaea3259b377312b2a75f013f977910d56ff6ff3
[2m2025-12-10T10:13:11.863220Z[0m [34mDEBUG[0m [2methereum_transaction_pool_monitor::mempool_monitor[0m[2m:[0m 🔍 Fetching transaction details for: 0x94023f4d852f774a20539a7bbaea3259b377312b2a75f013f977910d56ff6ff3
[2m2025-12-10T10:13:11.863227Z[0m [34mDEBUG[0m [2methereum_transaction_pool_monitor::eth_client[0m[2m:[0m 🔍 Fetching transaction details for hash: 0x94023f4d852f774a20539a7bbaea3259b377312b2a75f013f977910d56ff6ff3
[2m2025-12-10T10:13:11.863244Z[0m [34mDEBUG[0m [2mhyper::client::pool[0m[2m:[0m reuse idle connection for ("http", 192.168.0.14:8545)
[2m2025-12-10T10:13:11.863284Z[0m [34mDEBUG[0m [2mhyper::proto::h1::io[0m[2m:[0m flushed 250 bytes
[2m2025-12-10T10:13:11.863312Z[0m [34mDEBUG[0m [2mhyper::client::pool[0m[2m:[0m reuse idle connection for ("http", 192.168.0.14:8545)
[2m2025-12-10T10:13:11.863328Z[0m [34mDEBUG[0m [2mhyper::proto::h1::io[0m[2m:[0m flushed 172 bytes
[2m2025-12-10T10:13:11.867030Z[0m [34mDEBUG[0m [2mhyper::proto::h1::io[0m[2m:[0m parsed 4 headers
[2m2025-12-10T10:13:11.867036Z[0m [34mDEBUG[0m [2mhyper::proto::h1::conn[0m[2m:[0m incoming body is content-length (45 bytes)
[2m2025-12-10T10:13:11.867043Z[0m [34mDEBUG[0m [2mhyper::proto::h1::conn[0m[2m:[0m incoming body completed
[2m2025-12-10T10:13:11.867050Z[0m [34mDEBUG[0m [2mhyper::client::pool[0m[2m:[0m pooling idle connection for ("http", 192.168.0.14:8545)
[2m2025-12-10T10:13:11.872482Z[0m [34mDEBUG[0m [2mhyper::proto::h1::io[0m[2m:[0m parsed 4 headers
[2m2025-12-10T10:13:11.872492Z[0m [34mDEBUG[0m [2mhyper::proto::h1::conn[0m[2m:[0m incoming body is content-length (654 bytes)
[2m2025-12-10T10:13:11.872500Z[0m [34mDEBUG[0m [2mhyper::proto::h1::conn[0m[2m:[0m incoming body completed
[2m2025-12-10T10:13:11.872508Z[0m [34mDEBUG[0m [2mhyper::client::pool[0m[2m:[0m pooling idle connection for ("http", 192.168.0.14:8545)
[2m2025-12-10T10:13:11.872515Z[0m [34mDEBUG[0m [2methereum_transaction_pool_monitor::eth_client[0m[2m:[0m 📡 Transaction fetch RPC completed in 9.283458ms
[2m2025-12-10T10:13:11.943824Z[0m [34mDEBUG[0m [2methereum_transaction_pool_monitor::eth_client[0m[2m:[0m ✅ Transaction 0x94023f4d852f774a20539a7bbaea3259b377312b2a75f013f977910d56ff6ff3 fetched and parsed in 80.590083ms
[2m2025-12-10T10:13:11.943856Z[0m [34mDEBUG[0m [2methereum_transaction_pool_monitor::mempool_monitor[0m[2m:[0m 🔍 Skipping tx 0x94023f4d852f774a20539a7bbaea3259b377312b2a75f013f977910d56ff6ff3 - not a DEX interaction (target: 0x79b26566653C4Bfd7804C7F68d4879e09b451013)
[2m2025-12-10T10:13:11.943867Z[0m [34mDEBUG[0m [2methereum_transaction_pool_monitor::mempool_monitor[0m[2m:[0m 📨 Processing new pending transaction: 0x5bddd322797e78b2a2846831794d35cadd9d560936f1233f0e10e63e4c0d57ff
[2m2025-12-10T10:13:11.943877Z[0m [34mDEBUG[0m [2methereum_transaction_pool_monitor::mempool_monitor[0m[2m:[0m 🔍 Fetching transaction details for: 0x5bddd322797e78b2a2846831794d35cadd9d560936f1233f0e10e63e4c0d57ff
[2m2025-12-10T10:13:11.943887Z[0m [34mDEBUG[0m [2methereum_transaction_pool_monitor::eth_client[0m[2m:[0m 🔍 Fetching transaction details for hash: 0x5bddd322797e78b2a2846831794d35cadd9d560936f1233f0e10e63e4c0d57ff
[2m2025-12-10T10:13:11.943909Z[0m [34mDEBUG[0m [2mhyper::client::pool[0m[2m:[0m reuse idle connection for ("http", 192.168.0.14:8545)
[2m2025-12-10T10:13:11.943943Z[0m [34mDEBUG[0m [2mhyper::proto::h1::io[0m[2m:[0m flushed 250 bytes
[2m2025-12-10T10:13:11.943987Z[0m [34mDEBUG[0m [2mhyper::client::pool[0m[2m:[0m reuse idle connection for ("http", 192.168.0.14:8545)
[2m2025-12-10T10:13:11.944004Z[0m [34mDEBUG[0m [2mhyper::proto::h1::io[0m[2m:[0m flushed 172 bytes
[2m2025-12-10T10:13:11.952706Z[0m [34mDEBUG[0m [2mhyper::proto::h1::io[0m[2m:[0m parsed 4 headers
[2m2025-12-10T10:13:11.952715Z[0m [34mDEBUG[0m [2mhyper::proto::h1::conn[0m[2m:[0m incoming body is content-length (675 bytes)
[2m2025-12-10T10:13:11.952724Z[0m [34mDEBUG[0m [2mhyper::proto::h1::conn[0m[2m:[0m incoming body completed
[2m2025-12-10T10:13:11.952734Z[0m [34mDEBUG[0m [2mhyper::client::pool[0m[2m:[0m pooling idle connection for ("http", 192.168.0.14:8545)
[2m2025-12-10T10:13:11.952742Z[0m [34mDEBUG[0m [2methereum_transaction_pool_monitor::eth_client[0m[2m:[0m 📡 Transaction fetch RPC completed in 8.849625ms
[2m2025-12-10T10:13:11.952758Z[0m [34mDEBUG[0m [2methereum_transaction_pool_monitor::eth_client[0m[2m:[0m DeFi transaction detected - Address: 0xdac17f958d2ee523a2206206994597c13d831ec7, Type: Stablecoin, Value: 0 ETH, Gas: 0.25 Gwei
[2m2025-12-10T10:13:11.952773Z[0m [34mDEBUG[0m [2methereum_transaction_pool_monitor::eth_client[0m[2m:[0m ✅ Transaction 0x5bddd322797e78b2a2846831794d35cadd9d560936f1233f0e10e63e4c0d57ff fetched and parsed in 8.880125ms
[2m2025-12-10T10:13:11.952780Z[0m [34mDEBUG[0m [2methereum_transaction_pool_monitor::mempool_monitor[0m[2m:[0m 🔍 Skipping tx 0x5bddd322797e78b2a2846831794d35cadd9d560936f1233f0e10e63e4c0d57ff - not a DEX interaction (target: 0xdAC17F958D2ee523a2206206994597C13D831ec7)
[2m2025-12-10T10:13:11.952788Z[0m [34mDEBUG[0m [2methereum_transaction_pool_monitor::mempool_monitor[0m[2m:[0m 📨 Processing new pending transaction: 0x3587121d1fb1b79c6be49a4f15933f71679013383ad809e2bc2ab7b8829a9f76
[2m2025-12-10T10:13:11.952792Z[0m [34mDEBUG[0m [2methereum_transaction_pool_monitor::mempool_monitor[0m[2m:[0m 🔍 Fetching transaction details for: 0x3587121d1fb1b79c6be49a4f15933f71679013383ad809e2bc2ab7b8829a9f76
[2m2025-12-10T10:13:11.952796Z[0m [34mDEBUG[0m [2methereum_transaction_pool_monitor::eth_client[0m[2m:[0m 🔍 Fetching transaction details for hash: 0x3587121d1fb1b79c6be49a4f15933f71679013383ad809e2bc2ab7b8829a9f76
[2m2025-12-10T10:13:11.952810Z[0m [34mDEBUG[0m [2mhyper::client::pool[0m[2m:[0m reuse idle connection for ("http", 192.168.0.14:8545)
[2m2025-12-10T10:13:11.952826Z[0m [34mDEBUG[0m [2mhyper::proto::h1::io[0m[2m:[0m flushed 250 bytes
[2m2025-12-10T10:13:11.955671Z[0m [34mDEBUG[0m [2mhyper::proto::h1::io[0m[2m:[0m parsed 4 headers
[2m2025-12-10T10:13:11.955684Z[0m [34mDEBUG[0m [2mhyper::proto::h1::conn[0m[2m:[0m incoming body is content-length (45 bytes)
[2m2025-12-10T10:13:11.955690Z[0m [34mDEBUG[0m [2mhyper::proto::h1::conn[0m[2m:[0m incoming body completed
[2m2025-12-10T10:13:11.955697Z[0m [34mDEBUG[0m [2mhyper::client::pool[0m[2m:[0m pooling idle connection for ("http", 192.168.0.14:8545)
[2m2025-12-10T10:13:11.959004Z[0m [34mDEBUG[0m [2mhyper::proto::h1::io[0m[2m:[0m parsed 4 headers
[2m2025-12-10T10:13:11.959016Z[0m [34mDEBUG[0m [2mhyper::proto::h1::conn[0m[2m:[0m incoming body is content-length (1174 bytes)
[2m2025-12-10T10:13:11.959023Z[0m [34mDEBUG[0m [2mhyper::proto::h1::conn[0m[2m:[0m incoming body completed
[2m2025-12-10T10:13:11.959030Z[0m [34mDEBUG[0m [2mhyper::client::pool[0m[2m:[0m pooling idle connection for ("http", 192.168.0.14:8545)
[2m2025-12-10T10:13:11.959035Z[0m [34mDEBUG[0m [2methereum_transaction_pool_monitor::eth_client[0m[2m:[0m 📡 Transaction fetch RPC completed in 6.232917ms
[2m2025-12-10T10:13:12.029686Z[0m [34mDEBUG[0m [2methereum_transaction_pool_monitor::eth_client[0m[2m:[0m ✅ Transaction 0x3587121d1fb1b79c6be49a4f15933f71679013383ad809e2bc2ab7b8829a9f76 fetched and parsed in 76.881167ms
[2m2025-12-10T10:13:12.029715Z[0m [34mDEBUG[0m [2methereum_transaction_pool_monitor::mempool_monitor[0m[2m:[0m 🔍 Skipping tx 0x3587121d1fb1b79c6be49a4f15933f71679013383ad809e2bc2ab7b8829a9f76 - not a DEX interaction (target: 0xD37BbE5744D730a1d98d8DC97c42F0Ca46aD7146)
[2m2025-12-10T10:13:12.029726Z[0m [34mDEBUG[0m [2methereum_transaction_pool_monitor::mempool_monitor[0m[2m:[0m 📨 Processing new pending transaction: 0x4d63a6b1cfcf7c891cc14278cdef1aa6675f3242945a25107a26039cfa5a1546
[2m2025-12-10T10:13:12.029739Z[0m [34mDEBUG[0m [2methereum_transaction_pool_monitor::mempool_monitor[0m[2m:[0m 🔍 Fetching transaction details for: 0x4d63a6b1cfcf7c891cc14278cdef1aa6675f3242945a25107a26039cfa5a1546
[2m2025-12-10T10:13:12.029746Z[0m [34mDEBUG[0m [2methereum_transaction_pool_monitor::eth_client[0m[2m:[0m 🔍 Fetching transaction details for hash: 0x4d63a6b1cfcf7c891cc14278cdef1aa6675f3242945a25107a26039cfa5a1546
[2m2025-12-10T10:13:12.029765Z[0m [34mDEBUG[0m [2mhyper::client::pool[0m[2m:[0m reuse idle connection for ("http", 192.168.0.14:8545)
[2m2025-12-10T10:13:12.029810Z[0m [34mDEBUG[0m [2mhyper::proto::h1::io[0m[2m:[0m flushed 250 bytes
[2m2025-12-10T10:13:12.029835Z[0m [34mDEBUG[0m [2mhyper::client::pool[0m[2m:[0m reuse idle connection for ("http", 192.168.0.14:8545)
[2m2025-12-10T10:13:12.029846Z[0m [34mDEBUG[0m [2methereum_transaction_pool_monitor::eth_client[0m[2m:[0m 📨 Received WebSocket message: {"jsonrpc":"2.0","method":"eth_subscription","params":{"subscription":"0xbed0a0851463e895960a451075a301a9","result":"0xfa9584e998c37e0acc2ac21d760908ccf48e437955e9e9a1553926cfc16b24ce"}}
[2m2025-12-10T10:13:12.029852Z[0m [34mDEBUG[0m [2mhyper::proto::h1::io[0m[2m:[0m flushed 172 bytes
[2m2025-12-10T10:13:12.029866Z[0m [34mDEBUG[0m [2methereum_transaction_pool_monitor::eth_client[0m[2m:[0m 📨 Received pending transaction: 0xfa9584e998c37e0acc2ac21d760908ccf48e437955e9e9a1553926cfc16b24ce
[2m2025-12-10T10:13:12.031607Z[0m [34mDEBUG[0m [2methereum_transaction_pool_monitor::eth_client[0m[2m:[0m 📨 Received WebSocket message: {"jsonrpc":"2.0","method":"eth_subscription","params":{"subscription":"0xbed0a0851463e895960a451075a301a9","result":"0xe9589268c6a38e2793316cbe1cbd006ed673d034aaa2288096356a5824f309df"}}
[2m2025-12-10T10:13:12.031645Z[0m [34mDEBUG[0m [2methereum_transaction_pool_monitor::eth_client[0m[2m:[0m 📨 Received pending transaction: 0xe9589268c6a38e2793316cbe1cbd006ed673d034aaa2288096356a5824f309df
[2m2025-12-10T10:13:12.037085Z[0m [34mDEBUG[0m [2mhyper::proto::h1::io[0m[2m:[0m parsed 4 headers
[2m2025-12-10T10:13:12.037098Z[0m [34mDEBUG[0m [2mhyper::proto::h1::conn[0m[2m:[0m incoming body is content-length (771 bytes)
[2m2025-12-10T10:13:12.037105Z[0m [34mDEBUG[0m [2mhyper::proto::h1::conn[0m[2m:[0m incoming body completed
[2m2025-12-10T10:13:12.037347Z[0m [34mDEBUG[0m [2mhyper::client::pool[0m[2m:[0m pooling idle connection for ("http", 192.168.0.14:8545)
[2m2025-12-10T10:13:12.037356Z[0m [34mDEBUG[0m [2methereum_transaction_pool_monitor::eth_client[0m[2m:[0m 📡 Transaction fetch RPC completed in 7.603875ms
[2m2025-12-10T10:13:12.105434Z[0m [34mDEBUG[0m [2methereum_transaction_pool_monitor::eth_client[0m[2m:[0m ✅ Transaction 0x4d63a6b1cfcf7c891cc14278cdef1aa6675f3242945a25107a26039cfa5a1546 fetched and parsed in 75.680375ms
[2m2025-12-10T10:13:12.105456Z[0m [34mDEBUG[0m [2methereum_transaction_pool_monitor::mempool_monitor[0m[2m:[0m 🔍 Skipping tx 0x4d63a6b1cfcf7c891cc14278cdef1aa6675f3242945a25107a26039cfa5a1546 - not a DEX interaction (target: 0xB8f28C60dD8240141185a192fa4156A23E189305)
[2m2025-12-10T10:13:12.105465Z[0m [34mDEBUG[0m [2methereum_transaction_pool_monitor::mempool_monitor[0m[2m:[0m 📨 Processing new pending transaction: 0x7f4d140cf4cae0b34e41bf41f9a5cfacec290330e54d8618f1f88eca6ce0151e
[2m2025-12-10T10:13:12.105470Z[0m [34mDEBUG[0m [2methereum_transaction_pool_monitor::mempool_monitor[0m[2m:[0m 🔍 Fetching transaction details for: 0x7f4d140cf4cae0b34e41bf41f9a5cfacec290330e54d8618f1f88eca6ce0151e
[2m2025-12-10T10:13:12.105474Z[0m [34mDEBUG[0m [2methereum_transaction_pool_monitor::eth_client[0m[2m:[0m 🔍 Fetching transaction details for hash: 0x7f4d140cf4cae0b34e41bf41f9a5cfacec290330e54d8618f1f88eca6ce0151e
[2m2025-12-10T10:13:12.105490Z[0m [34mDEBUG[0m [2mhyper::client::pool[0m[2m:[0m reuse idle connection for ("http", 192.168.0.14:8545)
[2m2025-12-10T10:13:12.105526Z[0m [34mDEBUG[0m [2mhyper::proto::h1::io[0m[2m:[0m flushed 250 bytes
[2m2025-12-10T10:13:12.105540Z[0m [34mDEBUG[0m [2mhyper::proto::h1::io[0m[2m:[0m parsed 4 headers
[2m2025-12-10T10:13:12.105545Z[0m [34mDEBUG[0m [2mhyper::proto::h1::conn[0m[2m:[0m incoming body is content-length (45 bytes)
[2m2025-12-10T10:13:12.105551Z[0m [34mDEBUG[0m [2mhyper::proto::h1::conn[0m[2m:[0m incoming body completed
[2m2025-12-10T10:13:12.105558Z[0m [34mDEBUG[0m [2mhyper::client::pool[0m[2m:[0m pooling idle connection for ("http", 192.168.0.14:8545)
[2m2025-12-10T10:13:12.105571Z[0m [34mDEBUG[0m [2mhyper::client::pool[0m[2m:[0m reuse idle connection for ("http", 192.168.0.14:8545)
[2m2025-12-10T10:13:12.105586Z[0m [34mDEBUG[0m [2mhyper::proto::h1::io[0m[2m:[0m flushed 172 bytes
[2m2025-12-10T10:13:12.108403Z[0m [34mDEBUG[0m [2mhyper::proto::h1::io[0m[2m:[0m parsed 4 headers
[2m2025-12-10T10:13:12.108413Z[0m [34mDEBUG[0m [2mhyper::proto::h1::conn[0m[2m:[0m incoming body is content-length (645 bytes)
[2m2025-12-10T10:13:12.108419Z[0m [34mDEBUG[0m [2mhyper::proto::h1::conn[0m[2m:[0m incoming body completed
[2m2025-12-10T10:13:12.108428Z[0m [34mDEBUG[0m [2mhyper::client::pool[0m[2m:[0m pooling idle connection for ("http", 192.168.0.14:8545)
[2m2025-12-10T10:13:12.108434Z[0m [34mDEBUG[0m [2methereum_transaction_pool_monitor::eth_client[0m[2m:[0m 📡 Transaction fetch RPC completed in 2.955917ms
[2m2025-12-10T10:13:12.178357Z[0m [34mDEBUG[0m [2methereum_transaction_pool_monitor::eth_client[0m[2m:[0m ✅ Transaction 0x7f4d140cf4cae0b34e41bf41f9a5cfacec290330e54d8618f1f88eca6ce0151e fetched and parsed in 72.876417ms
[2m2025-12-10T10:13:12.178386Z[0m [34mDEBUG[0m [2methereum_transaction_pool_monitor::mempool_monitor[0m[2m:[0m 🔍 Skipping tx 0x7f4d140cf4cae0b34e41bf41f9a5cfacec290330e54d8618f1f88eca6ce0151e - not a DEX interaction (target: 0x13406B32ad4B9DeD3225abd0DF91DB52c320ecA2)
[2m2025-12-10T10:13:12.178398Z[0m [34mDEBUG[0m [2methereum_transaction_pool_monitor::mempool_monitor[0m[2m:[0m 📨 Processing new pending transaction: 0xfa9584e998c37e0acc2ac21d760908ccf48e437955e9e9a1553926cfc16b24ce
[2m2025-12-10T10:13:12.178406Z[0m [34mDEBUG[0m [2methereum_transaction_pool_monitor::mempool_monitor[0m[2m:[0m 🔍 Fetching transaction details for: 0xfa9584e998c37e0acc2ac21d760908ccf48e437955e9e9a1553926cfc16b24ce
[2m2025-12-10T10:13:12.178419Z[0m [34mDEBUG[0m [2methereum_transaction_pool_monitor::eth_client[0m[2m:[0m 🔍 Fetching transaction details for hash: 0xfa9584e998c37e0acc2ac21d760908ccf48e437955e9e9a1553926cfc16b24ce
[2m2025-12-10T10:13:12.178442Z[0m [34mDEBUG[0m [2mhyper::client::pool[0m[2m:[0m reuse idle connection for ("http", 192.168.0.14:8545)
[2m2025-12-10T10:13:12.178480Z[0m [34mDEBUG[0m [2mhyper::proto::h1::io[0m[2m:[0m flushed 250 bytes
[2m2025-12-10T10:13:12.178498Z[0m [34mDEBUG[0m [2mhyper::proto::h1::io[0m[2m:[0m parsed 4 headers
[2m2025-12-10T10:13:12.178502Z[0m [34mDEBUG[0m [2mhyper::proto::h1::conn[0m[2m:[0m incoming body is content-length (45 bytes)
[2m2025-12-10T10:13:12.178508Z[0m [34mDEBUG[0m [2mhyper::proto::h1::conn[0m[2m:[0m incoming body completed
[2m2025-12-10T10:13:12.178515Z[0m [34mDEBUG[0m [2mhyper::client::pool[0m[2m:[0m pooling idle connection for ("http", 192.168.0.14:8545)
[2m2025-12-10T10:13:12.183100Z[0m [34mDEBUG[0m [2mhyper::proto::h1::io[0m[2m:[0m parsed 4 headers
[2m2025-12-10T10:13:12.183107Z[0m [34mDEBUG[0m [2mhyper::proto::h1::conn[0m[2m:[0m incoming body is content-length (772 bytes)
[2m2025-12-10T10:13:12.183112Z[0m [34mDEBUG[0m [2mhyper::proto::h1::conn[0m[2m:[0m incoming body completed
[2m2025-12-10T10:13:12.183118Z[0m [34mDEBUG[0m [2mhyper::client::pool[0m[2m:[0m pooling idle connection for ("http", 192.168.0.14:8545)
[2m2025-12-10T10:13:12.183124Z[0m [34mDEBUG[0m [2methereum_transaction_pool_monitor::eth_client[0m[2m:[0m 📡 Transaction fetch RPC completed in 4.6965ms
[2m2025-12-10T10:13:12.183136Z[0m [34mDEBUG[0m [2methereum_transaction_pool_monitor::eth_client[0m[2m:[0m DeFi transaction detected - Address: 0xdac17f958d2ee523a2206206994597c13d831ec7, Type: Stablecoin, Value: 0 ETH, Gas: 2.25 Gwei
[2m2025-12-10T10:13:12.183147Z[0m [34mDEBUG[0m [2methereum_transaction_pool_monitor::eth_client[0m[2m:[0m ✅ Transaction 0xfa9584e998c37e0acc2ac21d760908ccf48e437955e9e9a1553926cfc16b24ce fetched and parsed in 4.719541ms
[2m2025-12-10T10:13:12.183152Z[0m [34mDEBUG[0m [2methereum_transaction_pool_monitor::mempool_monitor[0m[2m:[0m 🔍 Skipping tx 0xfa9584e998c37e0acc2ac21d760908ccf48e437955e9e9a1553926cfc16b24ce - not a DEX interaction (target: 0xdAC17F958D2ee523a2206206994597C13D831ec7)
[2m2025-12-10T10:13:12.183159Z[0m [34mDEBUG[0m [2methereum_transaction_pool_monitor::mempool_monitor[0m[2m:[0m 📨 Processing new pending transaction: 0xe9589268c6a38e2793316cbe1cbd006ed673d034aaa2288096356a5824f309df
[2m2025-12-10T10:13:12.183163Z[0m [34mDEBUG[0m [2methereum_transaction_pool_monitor::mempool_monitor[0m[2m:[0m 🔍 Fetching transaction details for: 0xe9589268c6a38e2793316cbe1cbd006ed673d034aaa2288096356a5824f309df
[2m2025-12-10T10:13:12.183167Z[0m [34mDEBUG[0m [2methereum_transaction_pool_monitor::eth_client[0m[2m:[0m 🔍 Fetching transaction details for hash: 0xe9589268c6a38e2793316cbe1cbd006ed673d034aaa2288096356a5824f309df
[2m2025-12-10T10:13:12.183177Z[0m [34mDEBUG[0m [2mhyper::client::pool[0m[2m:[0m reuse idle connection for ("http", 192.168.0.14:8545)
[2m2025-12-10T10:13:12.183193Z[0m [34mDEBUG[0m [2mhyper::proto::h1::io[0m[2m:[0m flushed 250 bytes
[2m2025-12-10T10:13:12.188634Z[0m [34mDEBUG[0m [2mhyper::proto::h1::io[0m[2m:[0m parsed 4 headers
[2m2025-12-10T10:13:12.188641Z[0m [34mDEBUG[0m [2mhyper::proto::h1::conn[0m[2m:[0m incoming body is content-length (677 bytes)
[2m2025-12-10T10:13:12.188647Z[0m [34mDEBUG[0m [2mhyper::proto::h1::conn[0m[2m:[0m incoming body completed
[2m2025-12-10T10:13:12.188654Z[0m [34mDEBUG[0m [2mhyper::client::pool[0m[2m:[0m pooling idle connection for ("http", 192.168.0.14:8545)
[2m2025-12-10T10:13:12.188659Z[0m [34mDEBUG[0m [2methereum_transaction_pool_monitor::eth_client[0m[2m:[0m 📡 Transaction fetch RPC completed in 5.489ms
[2m2025-12-10T10:13:12.188670Z[0m [34mDEBUG[0m [2methereum_transaction_pool_monitor::eth_client[0m[2m:[0m DeFi transaction detected - Address: 0xdac17f958d2ee523a2206206994597c13d831ec7, Type: Stablecoin, Value: 0 ETH, Gas: 2.00 Gwei
[2m2025-12-10T10:13:12.188680Z[0m [34mDEBUG[0m [2methereum_transaction_pool_monitor::eth_client[0m[2m:[0m ✅ Transaction 0xe9589268c6a38e2793316cbe1cbd006ed673d034aaa2288096356a5824f309df fetched and parsed in 5.509208ms
[2m2025-12-10T10:13:12.188685Z[0m [34mDEBUG[0m [2methereum_transaction_pool_monitor::mempool_monitor[0m[2m:[0m 🔍 Skipping tx 0xe9589268c6a38e2793316cbe1cbd006ed673d034aaa2288096356a5824f309df - not a DEX interaction (target: 0xdAC17F958D2ee523a2206206994597C13D831ec7)
[2m2025-12-10T10:13:12.199710Z[0m [34mDEBUG[0m [2mhyper::client::pool[0m[2m:[0m reuse idle connection for ("http", 192.168.0.14:8545)
[2m2025-12-10T10:13:12.199743Z[0m [34mDEBUG[0m [2mhyper::proto::h1::io[0m[2m:[0m flushed 172 bytes
[2m2025-12-10T10:13:12.202715Z[0m [34mDEBUG[0m [2mhyper::proto::h1::io[0m[2m:[0m parsed 4 headers
[2m2025-12-10T10:13:12.202723Z[0m [34mDEBUG[0m [2mhyper::proto::h1::conn[0m[2m:[0m incoming body is content-length (45 bytes)
[2m2025-12-10T10:13:12.202728Z[0m [34mDEBUG[0m [2mhyper::proto::h1::conn[0m[2m:[0m incoming body completed
[2m2025-12-10T10:13:12.202735Z[0m [34mDEBUG[0m [2mhyper::client::pool[0m[2m:[0m pooling idle connection for ("http", 192.168.0.14:8545)
[2m2025-12-10T10:13:12.298734Z[0m [34mDEBUG[0m [2mhyper::client::pool[0m[2m:[0m reuse idle connection for ("http", 192.168.0.14:8545)
[2m2025-12-10T10:13:12.298738Z[0m [34mDEBUG[0m [2methereum_transaction_pool_monitor::eth_client[0m[2m:[0m 📨 Received WebSocket message: {"jsonrpc":"2.0","method":"eth_subscription","params":{"subscription":"0xbed0a0851463e895960a451075a301a9","result":"0x4593d1b993ca8444573d578c0c222a0064c4296046c26d7160df563d90215bd5"}}
[2m2025-12-10T10:13:12.298763Z[0m [34mDEBUG[0m [2methereum_transaction_pool_monitor::eth_client[0m[2m:[0m 📨 Received pending transaction: 0x4593d1b993ca8444573d578c0c222a0064c4296046c26d7160df563d90215bd5
[2m2025-12-10T10:13:12.298766Z[0m [34mDEBUG[0m [2mhyper::proto::h1::io[0m[2m:[0m flushed 172 bytes
[2m2025-12-10T10:13:12.298773Z[0m [34mDEBUG[0m [2methereum_transaction_pool_monitor::mempool_monitor[0m[2m:[0m 📨 Processing new pending transaction: 0x4593d1b993ca8444573d578c0c222a0064c4296046c26d7160df563d90215bd5
[2m2025-12-10T10:13:12.298779Z[0m [34mDEBUG[0m [2methereum_transaction_pool_monitor::mempool_monitor[0m[2m:[0m 🔍 Fetching transaction details for: 0x4593d1b993ca8444573d578c0c222a0064c4296046c26d7160df563d90215bd5
[2m2025-12-10T10:13:12.298783Z[0m [34mDEBUG[0m [2methereum_transaction_pool_monitor::eth_client[0m[2m:[0m 🔍 Fetching transaction details for hash: 0x4593d1b993ca8444573d578c0c222a0064c4296046c26d7160df563d90215bd5
[2m2025-12-10T10:13:12.298793Z[0m [34mDEBUG[0m [2mhyper::client::pool[0m[2m:[0m reuse idle connection for ("http", 192.168.0.14:8545)
[2m2025-12-10T10:13:12.298805Z[0m [34mDEBUG[0m [2mhyper::proto::h1::io[0m[2m:[0m flushed 250 bytes
[2m2025-12-10T10:13:12.302379Z[0m [34mDEBUG[0m [2mhyper::proto::h1::io[0m[2m:[0m parsed 4 headers
[2m2025-12-10T10:13:12.302392Z[0m [34mDEBUG[0m [2mhyper::proto::h1::conn[0m[2m:[0m incoming body is content-length (45 bytes)
[2m2025-12-10T10:13:12.302400Z[0m [34mDEBUG[0m [2mhyper::proto::h1::conn[0m[2m:[0m incoming body completed
[2m2025-12-10T10:13:12.302409Z[0m [34mDEBUG[0m [2mhyper::client::pool[0m[2m:[0m pooling idle connection for ("http", 192.168.0.14:8545)
[2m2025-12-10T10:13:12.304187Z[0m [34mDEBUG[0m [2mhyper::proto::h1::io[0m[2m:[0m parsed 4 headers
[2m2025-12-10T10:13:12.304196Z[0m [34mDEBUG[0m [2mhyper::proto::h1::conn[0m[2m:[0m incoming body is content-length (1731 bytes)
[2m2025-12-10T10:13:12.304203Z[0m [34mDEBUG[0m [2mhyper::proto::h1::conn[0m[2m:[0m incoming body completed
[2m2025-12-10T10:13:12.304210Z[0m [34mDEBUG[0m [2mhyper::client::pool[0m[2m:[0m pooling idle connection for ("http", 192.168.0.14:8545)
[2m2025-12-10T10:13:12.304215Z[0m [34mDEBUG[0m [2methereum_transaction_pool_monitor::eth_client[0m[2m:[0m 📡 Transaction fetch RPC completed in 5.427541ms
[2m2025-12-10T10:13:12.378932Z[0m [34mDEBUG[0m [2methereum_transaction_pool_monitor::eth_client[0m[2m:[0m ✅ Transaction 0x4593d1b993ca8444573d578c0c222a0064c4296046c26d7160df563d90215bd5 fetched and parsed in 80.1425ms
[2m2025-12-10T10:13:12.378961Z[0m [34mDEBUG[0m [2methereum_transaction_pool_monitor::mempool_monitor[0m[2m:[0m 🔍 Skipping tx 0x4593d1b993ca8444573d578c0c222a0064c4296046c26d7160df563d90215bd5 - not a DEX interaction (target: 0x601a2aD6CB5949f0529735254189Ba3194221EDF)
[2m2025-12-10T10:13:12.379005Z[0m [34mDEBUG[0m [2methereum_transaction_pool_monitor::eth_client[0m[2m:[0m 📨 Received WebSocket message: {"jsonrpc":"2.0","method":"eth_subscription","params":{"subscription":"0xbed0a0851463e895960a451075a301a9","result":"0xdcb20e3f0ea3daa4a30bd55745fbc096430433a7e91b09de0bcd53a51513f009"}}
[2m2025-12-10T10:13:12.379020Z[0m [34mDEBUG[0m [2methereum_transaction_pool_monitor::eth_client[0m[2m:[0m 📨 Received pending transaction: 0xdcb20e3f0ea3daa4a30bd55745fbc096430433a7e91b09de0bcd53a51513f009
[2m2025-12-10T10:13:12.379030Z[0m [34mDEBUG[0m [2methereum_transaction_pool_monitor::mempool_monitor[0m[2m:[0m 📨 Processing new pending transaction: 0xdcb20e3f0ea3daa4a30bd55745fbc096430433a7e91b09de0bcd53a51513f009
[2m2025-12-10T10:13:12.379044Z[0m [34mDEBUG[0m [2methereum_transaction_pool_monitor::mempool_monitor[0m[2m:[0m 🔍 Fetching transaction details for: 0xdcb20e3f0ea3daa4a30bd55745fbc096430433a7e91b09de0bcd53a51513f009
[2m2025-12-10T10:13:12.379054Z[0m [34mDEBUG[0m [2methereum_transaction_pool_monitor::eth_client[0m[2m:[0m 🔍 Fetching transaction details for hash: 0xdcb20e3f0ea3daa4a30bd55745fbc096430433a7e91b09de0bcd53a51513f009
[2m2025-12-10T10:13:12.379075Z[0m [34mDEBUG[0m [2mhyper::client::pool[0m[2m:[0m reuse idle connection for ("http", 192.168.0.14:8545)
[2m2025-12-10T10:13:12.379105Z[0m [34mDEBUG[0m [2mhyper::proto::h1::io[0m[2m:[0m flushed 250 bytes
[2m2025-12-10T10:13:12.386523Z[0m [34mDEBUG[0m [2mhyper::proto::h1::io[0m[2m:[0m parsed 4 headers
[2m2025-12-10T10:13:12.386531Z[0m [34mDEBUG[0m [2mhyper::proto::h1::conn[0m[2m:[0m incoming body is content-length (3453 bytes)
[2m2025-12-10T10:13:12.386553Z[0m [34mDEBUG[0m [2mhyper::proto::h1::conn[0m[2m:[0m incoming body completed
[2m2025-12-10T10:13:12.386562Z[0m [34mDEBUG[0m [2mhyper::client::pool[0m[2m:[0m pooling idle connection for ("http", 192.168.0.14:8545)
[2m2025-12-10T10:13:12.386569Z[0m [34mDEBUG[0m [2methereum_transaction_pool_monitor::eth_client[0m[2m:[0m 📡 Transaction fetch RPC completed in 7.505917ms
[2m2025-12-10T10:13:12.458481Z[0m [34mDEBUG[0m [2methereum_transaction_pool_monitor::eth_client[0m[2m:[0m ✅ Transaction 0xdcb20e3f0ea3daa4a30bd55745fbc096430433a7e91b09de0bcd53a51513f009 fetched and parsed in 79.415459ms
[2m2025-12-10T10:13:12.458506Z[0m [34mDEBUG[0m [2methereum_transaction_pool_monitor::mempool_monitor[0m[2m:[0m 🔍 Skipping tx 0xdcb20e3f0ea3daa4a30bd55745fbc096430433a7e91b09de0bcd53a51513f009 - not a DEX interaction (target: 0xe3cc16Cffa085C78e5D8144C74Fa97e4Fe53d68d)
[2m2025-12-10T10:13:12.458543Z[0m [34mDEBUG[0m [2mhyper::client::pool[0m[2m:[0m reuse idle connection for ("http", 192.168.0.14:8545)
[2m2025-12-10T10:13:12.458575Z[0m [34mDEBUG[0m [2mhyper::proto::h1::io[0m[2m:[0m flushed 172 bytes
[2m2025-12-10T10:13:12.458575Z[0m [34mDEBUG[0m [2methereum_transaction_pool_monitor::eth_client[0m[2m:[0m 📨 Received WebSocket message: {"jsonrpc":"2.0","method":"eth_subscription","params":{"subscription":"0xbed0a0851463e895960a451075a301a9","result":"0x6f8fd741477ba1b9629ab4218cc7604b0b133298efce5e8b5a24e4517ee78ea2"}}
[2m2025-12-10T10:13:12.458594Z[0m [34mDEBUG[0m [2methereum_transaction_pool_monitor::eth_client[0m[2m:[0m 📨 Received pending transaction: 0x6f8fd741477ba1b9629ab4218cc7604b0b133298efce5e8b5a24e4517ee78ea2
[2m2025-12-10T10:13:12.458658Z[0m [34mDEBUG[0m [2methereum_transaction_pool_monitor::eth_client[0m[2m:[0m 📨 Received WebSocket message: {"jsonrpc":"2.0","method":"eth_subscription","params":{"subscription":"0xbed0a0851463e895960a451075a301a9","result":"0x4c1f90b4f5619d65e404d25a58c9e8ab6afe61016013e3836202dbf0af7e9c32"}}
[2m2025-12-10T10:13:12.458667Z[0m [34mDEBUG[0m [2methereum_transaction_pool_monitor::eth_client[0m[2m:[0m 📨 Received pending transaction: 0x4c1f90b4f5619d65e404d25a58c9e8ab6afe61016013e3836202dbf0af7e9c32
[2m2025-12-10T10:13:12.458673Z[0m [34mDEBUG[0m [2methereum_transaction_pool_monitor::mempool_monitor[0m[2m:[0m 📨 Processing new pending transaction: 0x6f8fd741477ba1b9629ab4218cc7604b0b133298efce5e8b5a24e4517ee78ea2
[2m2025-12-10T10:13:12.458678Z[0m [34mDEBUG[0m [2methereum_transaction_pool_monitor::mempool_monitor[0m[2m:[0m 🔍 Fetching transaction details for: 0x6f8fd741477ba1b9629ab4218cc7604b0b133298efce5e8b5a24e4517ee78ea2
[2m2025-12-10T10:13:12.458682Z[0m [34mDEBUG[0m [2methereum_transaction_pool_monitor::eth_client[0m[2m:[0m 🔍 Fetching transaction details for hash: 0x6f8fd741477ba1b9629ab4218cc7604b0b133298efce5e8b5a24e4517ee78ea2
[2m2025-12-10T10:13:12.458689Z[0m [34mDEBUG[0m [2mhyper::client::pool[0m[2m:[0m reuse idle connection for ("http", 192.168.0.14:8545)
[2m2025-12-10T10:13:12.458702Z[0m [34mDEBUG[0m [2mhyper::proto::h1::io[0m[2m:[0m flushed 250 bytes
[2m2025-12-10T10:13:12.463237Z[0m [34mDEBUG[0m [2mhyper::proto::h1::io[0m[2m:[0m parsed 4 headers
[2m2025-12-10T10:13:12.463243Z[0m [34mDEBUG[0m [2mhyper::proto::h1::conn[0m[2m:[0m incoming body is content-length (45 bytes)
[2m2025-12-10T10:13:12.463250Z[0m [34mDEBUG[0m [2mhyper::proto::h1::conn[0m[2m:[0m incoming body completed
[2m2025-12-10T10:13:12.463259Z[0m [34mDEBUG[0m [2mhyper::client::pool[0m[2m:[0m pooling idle connection for ("http", 192.168.0.14:8545)
[2m2025-12-10T10:13:12.463728Z[0m [34mDEBUG[0m [2mhyper::proto::h1::io[0m[2m:[0m parsed 4 headers
[2m2025-12-10T10:13:12.463738Z[0m [34mDEBUG[0m [2mhyper::proto::h1::conn[0m[2m:[0m incoming body is content-length (771 bytes)
[2m2025-12-10T10:13:12.463745Z[0m [34mDEBUG[0m [2mhyper::proto::h1::conn[0m[2m:[0m incoming body completed
[2m2025-12-10T10:13:12.463751Z[0m [34mDEBUG[0m [2mhyper::client::pool[0m[2m:[0m pooling idle connection for ("http", 192.168.0.14:8545)
[2m2025-12-10T10:13:12.463757Z[0m [34mDEBUG[0m [2methereum_transaction_pool_monitor::eth_client[0m[2m:[0m 📡 Transaction fetch RPC completed in 5.070958ms
[2m2025-12-10T10:13:12.534590Z[0m [34mDEBUG[0m [2methereum_transaction_pool_monitor::eth_client[0m[2m:[0m ✅ Transaction 0x6f8fd741477ba1b9629ab4218cc7604b0b133298efce5e8b5a24e4517ee78ea2 fetched and parsed in 75.901583ms
[2m2025-12-10T10:13:12.534616Z[0m [34mDEBUG[0m [2methereum_transaction_pool_monitor::mempool_monitor[0m[2m:[0m 🔍 Skipping tx 0x6f8fd741477ba1b9629ab4218cc7604b0b133298efce5e8b5a24e4517ee78ea2 - not a DEX interaction (target: 0xB8f28C60dD8240141185a192fa4156A23E189305)
[2m2025-12-10T10:13:12.534627Z[0m [34mDEBUG[0m [2methereum_transaction_pool_monitor::mempool_monitor[0m[2m:[0m 📨 Processing new pending transaction: 0x4c1f90b4f5619d65e404d25a58c9e8ab6afe61016013e3836202dbf0af7e9c32
[2m2025-12-10T10:13:12.534633Z[0m [34mDEBUG[0m [2methereum_transaction_pool_monitor::mempool_monitor[0m[2m:[0m 🔍 Fetching transaction details for: 0x4c1f90b4f5619d65e404d25a58c9e8ab6afe61016013e3836202dbf0af7e9c32
[2m2025-12-10T10:13:12.534652Z[0m [34mDEBUG[0m [2methereum_transaction_pool_monitor::eth_client[0m[2m:[0m 🔍 Fetching transaction details for hash: 0x4c1f90b4f5619d65e404d25a58c9e8ab6afe61016013e3836202dbf0af7e9c32
[2m2025-12-10T10:13:12.534674Z[0m [34mDEBUG[0m [2mhyper::client::pool[0m[2m:[0m reuse idle connection for ("http", 192.168.0.14:8545)
[2m2025-12-10T10:13:12.534701Z[0m [34mDEBUG[0m [2mhyper::proto::h1::io[0m[2m:[0m flushed 250 bytes
[2m2025-12-10T10:13:12.534729Z[0m [34mDEBUG[0m [2mhyper::client::pool[0m[2m:[0m reuse idle connection for ("http", 192.168.0.14:8545)
[2m2025-12-10T10:13:12.534745Z[0m [34mDEBUG[0m [2mhyper::proto::h1::io[0m[2m:[0m flushed 172 bytes
[2m2025-12-10T10:13:12.538520Z[0m [34mDEBUG[0m [2mhyper::proto::h1::io[0m[2m:[0m parsed 4 headers
[2m2025-12-10T10:13:12.538551Z[0m [34mDEBUG[0m [2mhyper::proto::h1::conn[0m[2m:[0m incoming body is content-length (45 bytes)
[2m2025-12-10T10:13:12.538577Z[0m [34mDEBUG[0m [2mhyper::proto::h1::conn[0m[2m:[0m incoming body completed
[2m2025-12-10T10:13:12.538585Z[0m [34mDEBUG[0m [2mhyper::client::pool[0m[2m:[0m pooling idle connection for ("http", 192.168.0.14:8545)
[2m2025-12-10T10:13:12.539891Z[0m [34mDEBUG[0m [2mhyper::proto::h1::io[0m[2m:[0m parsed 4 headers
[2m2025-12-10T10:13:12.539909Z[0m [34mDEBUG[0m [2mhyper::proto::h1::conn[0m[2m:[0m incoming body is content-length (558 bytes)
[2m2025-12-10T10:13:12.539925Z[0m [34mDEBUG[0m [2mhyper::proto::h1::conn[0m[2m:[0m incoming body completed
[2m2025-12-10T10:13:12.539939Z[0m [34mDEBUG[0m [2mhyper::client::pool[0m[2m:[0m pooling idle connection for ("http", 192.168.0.14:8545)
[2m2025-12-10T10:13:12.539943Z[0m [34mDEBUG[0m [2methereum_transaction_pool_monitor::eth_client[0m[2m:[0m 📡 Transaction fetch RPC completed in 5.286042ms
[2m2025-12-10T10:13:12.609248Z[0m [34mDEBUG[0m [2methereum_transaction_pool_monitor::eth_client[0m[2m:[0m ✅ Transaction 0x4c1f90b4f5619d65e404d25a58c9e8ab6afe61016013e3836202dbf0af7e9c32 fetched and parsed in 74.588ms
[2m2025-12-10T10:13:12.609266Z[0m [34mDEBUG[0m [2methereum_transaction_pool_monitor::mempool_monitor[0m[2m:[0m 🔍 Skipping tx 0x4c1f90b4f5619d65e404d25a58c9e8ab6afe61016013e3836202dbf0af7e9c32 - not a DEX interaction (target: 0x94B7d308F20f2c7d88b783630377959DaBfe8Fc3)
[2m2025-12-10T10:13:12.609311Z[0m [34mDEBUG[0m [2mhyper::client::pool[0m[2m:[0m reuse idle connection for ("http", 192.168.0.14:8545)
[2m2025-12-10T10:13:12.609343Z[0m [34mDEBUG[0m [2mhyper::proto::h1::io[0m[2m:[0m flushed 172 bytes
[2m2025-12-10T10:13:12.619458Z[0m [34mDEBUG[0m [2mhyper::proto::h1::io[0m[2m:[0m parsed 4 headers
[2m2025-12-10T10:13:12.619474Z[0m [34mDEBUG[0m [2mhyper::proto::h1::conn[0m[2m:[0m incoming body is content-length (45 bytes)
[2m2025-12-10T10:13:12.619486Z[0m [34mDEBUG[0m [2mhyper::proto::h1::conn[0m[2m:[0m incoming body completed
[2m2025-12-10T10:13:12.619499Z[0m [34mDEBUG[0m [2mhyper::client::pool[0m[2m:[0m pooling idle connection for ("http", 192.168.0.14:8545)
[2m2025-12-10T10:13:12.699458Z[0m [34mDEBUG[0m [2mhyper::client::pool[0m[2m:[0m reuse idle connection for ("http", 192.168.0.14:8545)
[2m2025-12-10T10:13:12.699524Z[0m [34mDEBUG[0m [2mhyper::proto::h1::io[0m[2m:[0m flushed 172 bytes
[2m2025-12-10T10:13:12.703639Z[0m [34mDEBUG[0m [2mhyper::proto::h1::io[0m[2m:[0m parsed 4 headers
[2m2025-12-10T10:13:12.703661Z[0m [34mDEBUG[0m [2mhyper::proto::h1::conn[0m[2m:[0m incoming body is content-length (45 bytes)
[2m2025-12-10T10:13:12.703679Z[0m [34mDEBUG[0m [2mhyper::proto::h1::conn[0m[2m:[0m incoming body completed
[2m2025-12-10T10:13:12.703700Z[0m [34mDEBUG[0m [2mhyper::client::pool[0m[2m:[0m pooling idle connection for ("http", 192.168.0.14:8545)
[2m2025-12-10T10:13:12.799807Z[0m [34mDEBUG[0m [2mhyper::client::pool[0m[2m:[0m reuse idle connection for ("http", 192.168.0.14:8545)
[2m2025-12-10T10:13:12.799935Z[0m [34mDEBUG[0m [2mhyper::proto::h1::io[0m[2m:[0m flushed 172 bytes
[2m2025-12-10T10:13:12.870485Z[0m [34mDEBUG[0m [2methereum_transaction_pool_monitor::eth_client[0m[2m:[0m 📨 Received WebSocket message: {"jsonrpc":"2.0","method":"eth_subscription","params":{"subscription":"0xbed0a0851463e895960a451075a301a9","result":"0xc1e766d62d19d03a51b47643b246a19bfed2568146abc6fcfafd52d932a82bdd"}}
[2m2025-12-10T10:13:12.870558Z[0m [34mDEBUG[0m [2methereum_transaction_pool_monitor::eth_client[0m[2m:[0m 📨 Received pending transaction: 0xc1e766d62d19d03a51b47643b246a19bfed2568146abc6fcfafd52d932a82bdd
[2m2025-12-10T10:13:12.870583Z[0m [34mDEBUG[0m [2methereum_transaction_pool_monitor::eth_client[0m[2m:[0m 📨 Received WebSocket message: {"jsonrpc":"2.0","method":"eth_subscription","params":{"subscription":"0xbed0a0851463e895960a451075a301a9","result":"0xaf2ae68b35b5a80085bc1f390842138a5d49308fc9d22f4de78563cc022e3d9c"}}
[2m2025-12-10T10:13:12.870600Z[0m [34mDEBUG[0m [2methereum_transaction_pool_monitor::eth_client[0m[2m:[0m 📨 Received pending transaction: 0xaf2ae68b35b5a80085bc1f390842138a5d49308fc9d22f4de78563cc022e3d9c
[2m2025-12-10T10:13:12.870611Z[0m [34mDEBUG[0m [2mhyper::proto::h1::io[0m[2m:[0m parsed 4 headers
[2m2025-12-10T10:13:12.870652Z[0m [34mDEBUG[0m [2mhyper::proto::h1::conn[0m[2m:[0m incoming body is content-length (45 bytes)
[2m2025-12-10T10:13:12.870678Z[0m [34mDEBUG[0m [2mhyper::proto::h1::conn[0m[2m:[0m incoming body completed
[2m2025-12-10T10:13:12.870718Z[0m [34mDEBUG[0m [2mhyper::client::pool[0m[2m:[0m pooling idle connection for ("http", 192.168.0.14:8545)
[2m2025-12-10T10:13:12.870624Z[0m [34mDEBUG[0m [2methereum_transaction_pool_monitor::mempool_monitor[0m[2m:[0m 📨 Processing new pending transaction: 0xc1e766d62d19d03a51b47643b246a19bfed2568146abc6fcfafd52d932a82bdd
[2m2025-12-10T10:13:12.870857Z[0m [34mDEBUG[0m [2methereum_transaction_pool_monitor::mempool_monitor[0m[2m:[0m 🔍 Fetching transaction details for: 0xc1e766d62d19d03a51b47643b246a19bfed2568146abc6fcfafd52d932a82bdd
[2m2025-12-10T10:13:12.870870Z[0m [34mDEBUG[0m [2methereum_transaction_pool_monitor::eth_client[0m[2m:[0m 🔍 Fetching transaction details for hash: 0xc1e766d62d19d03a51b47643b246a19bfed2568146abc6fcfafd52d932a82bdd
[2m2025-12-10T10:13:12.870933Z[0m [34mDEBUG[0m [2mhyper::client::pool[0m[2m:[0m reuse idle connection for ("http", 192.168.0.14:8545)
[2m2025-12-10T10:13:12.871012Z[0m [34mDEBUG[0m [2mhyper::proto::h1::io[0m[2m:[0m flushed 250 bytes
[2m2025-12-10T10:13:12.881946Z[0m [34mDEBUG[0m [2mhyper::proto::h1::io[0m[2m:[0m parsed 4 headers
[2m2025-12-10T10:13:12.882034Z[0m [34mDEBUG[0m [2mhyper::proto::h1::conn[0m[2m:[0m incoming body is content-length (765 bytes)
[2m2025-12-10T10:13:12.882070Z[0m [34mDEBUG[0m [2mhyper::proto::h1::conn[0m[2m:[0m incoming body completed
[2m2025-12-10T10:13:12.882119Z[0m [34mDEBUG[0m [2mhyper::client::pool[0m[2m:[0m pooling idle connection for ("http", 192.168.0.14:8545)
[2m2025-12-10T10:13:12.882156Z[0m [34mDEBUG[0m [2methereum_transaction_pool_monitor::eth_client[0m[2m:[0m 📡 Transaction fetch RPC completed in 11.274375ms
[2m2025-12-10T10:13:12.882221Z[0m [34mDEBUG[0m [2methereum_transaction_pool_monitor::eth_client[0m[2m:[0m DeFi transaction detected - Address: 0xdac17f958d2ee523a2206206994597c13d831ec7, Type: Stablecoin, Value: 0 ETH, Gas: 0.22 Gwei
[2m2025-12-10T10:13:12.882284Z[0m [34mDEBUG[0m [2methereum_transaction_pool_monitor::eth_client[0m[2m:[0m ✅ Transaction 0xc1e766d62d19d03a51b47643b246a19bfed2568146abc6fcfafd52d932a82bdd fetched and parsed in 11.402541ms
[2m2025-12-10T10:13:12.882322Z[0m [34mDEBUG[0m [2methereum_transaction_pool_monitor::mempool_monitor[0m[2m:[0m 🔍 Skipping tx 0xc1e766d62d19d03a51b47643b246a19bfed2568146abc6fcfafd52d932a82bdd - not a DEX interaction (target: 0xdAC17F958D2ee523a2206206994597C13D831ec7)
[2m2025-12-10T10:13:12.882365Z[0m [34mDEBUG[0m [2methereum_transaction_pool_monitor::mempool_monitor[0m[2m:[0m 📨 Processing new pending transaction: 0xaf2ae68b35b5a80085bc1f390842138a5d49308fc9d22f4de78563cc022e3d9c
[2m2025-12-10T10:13:12.882390Z[0m [34mDEBUG[0m [2methereum_transaction_pool_monitor::mempool_monitor[0m[2m:[0m 🔍 Fetching transaction details for: 0xaf2ae68b35b5a80085bc1f390842138a5d49308fc9d22f4de78563cc022e3d9c
[2m2025-12-10T10:13:12.882414Z[0m [34mDEBUG[0m [2methereum_transaction_pool_monitor::eth_client[0m[2m:[0m 🔍 Fetching transaction details for hash: 0xaf2ae68b35b5a80085bc1f390842138a5d49308fc9d22f4de78563cc022e3d9c
[2m2025-12-10T10:13:12.882488Z[0m [34mDEBUG[0m [2mhyper::client::pool[0m[2m:[0m reuse idle connection for ("http", 192.168.0.14:8545)
[2m2025-12-10T10:13:12.882626Z[0m [34mDEBUG[0m [2mhyper::proto::h1::io[0m[2m:[0m flushed 250 bytes
[2m2025-12-10T10:13:12.886728Z[0m [34mDEBUG[0m [2mhyper::proto::h1::io[0m[2m:[0m parsed 4 headers
[2m2025-12-10T10:13:12.886778Z[0m [34mDEBUG[0m [2mhyper::proto::h1::conn[0m[2m:[0m incoming body is content-length (638 bytes)
[2m2025-12-10T10:13:12.886811Z[0m [34mDEBUG[0m [2mhyper::proto::h1::conn[0m[2m:[0m incoming body completed
[2m2025-12-10T10:13:12.886842Z[0m [34mDEBUG[0m [2mhyper::client::pool[0m[2m:[0m pooling idle connection for ("http", 192.168.0.14:8545)
[2m2025-12-10T10:13:12.886862Z[0m [34mDEBUG[0m [2methereum_transaction_pool_monitor::eth_client[0m[2m:[0m 📡 Transaction fetch RPC completed in 4.42375ms
[2m2025-12-10T10:13:12.989647Z[0m [34mDEBUG[0m [2methereum_transaction_pool_monitor::eth_client[0m[2m:[0m ✅ Transaction 0xaf2ae68b35b5a80085bc1f390842138a5d49308fc9d22f4de78563cc022e3d9c fetched and parsed in 107.206916ms
[2m2025-12-10T10:13:12.989679Z[0m [34mDEBUG[0m [2methereum_transaction_pool_monitor::mempool_monitor[0m[2m:[0m 🔍 Skipping tx 0xaf2ae68b35b5a80085bc1f390842138a5d49308fc9d22f4de78563cc022e3d9c - not a DEX interaction (target: 0x5FaA0f31c775c0CD2F108f5858CE081c1F6f6920)
[2m2025-12-10T10:13:12.989718Z[0m [34mDEBUG[0m [2mhyper::client::pool[0m[2m:[0m reuse idle connection for ("http", 192.168.0.14:8545)
[2m2025-12-10T10:13:12.989746Z[0m [34mDEBUG[0m [2mhyper::proto::h1::io[0m[2m:[0m flushed 172 bytes
[2m2025-12-10T10:13:12.989808Z[0m [34mDEBUG[0m [2methereum_transaction_pool_monitor::eth_client[0m[2m:[0m 📨 Received WebSocket message: {"jsonrpc":"2.0","method":"eth_subscription","params":{"subscription":"0xbed0a0851463e895960a451075a301a9","result":"0x160abc88f9fe358491024325028bb03a77f25f5dcbf8d74f7b9e501a638d4046"}}
[2m2025-12-10T10:13:12.989819Z[0m [34mDEBUG[0m [2methereum_transaction_pool_monitor::eth_client[0m[2m:[0m 📨 Received pending transaction: 0x160abc88f9fe358491024325028bb03a77f25f5dcbf8d74f7b9e501a638d4046
[2m2025-12-10T10:13:12.989826Z[0m [34mDEBUG[0m [2methereum_transaction_pool_monitor::mempool_monitor[0m[2m:[0m 📨 Processing new pending transaction: 0x160abc88f9fe358491024325028bb03a77f25f5dcbf8d74f7b9e501a638d4046
[2m2025-12-10T10:13:12.989830Z[0m [34mDEBUG[0m [2methereum_transaction_pool_monitor::mempool_monitor[0m[2m:[0m 🔍 Fetching transaction details for: 0x160abc88f9fe358491024325028bb03a77f25f5dcbf8d74f7b9e501a638d4046
[2m2025-12-10T10:13:12.989834Z[0m [34mDEBUG[0m [2methereum_transaction_pool_monitor::eth_client[0m[2m:[0m 🔍 Fetching transaction details for hash: 0x160abc88f9fe358491024325028bb03a77f25f5dcbf8d74f7b9e501a638d4046
[2m2025-12-10T10:13:12.989844Z[0m [34mDEBUG[0m [2mhyper::client::pool[0m[2m:[0m reuse idle connection for ("http", 192.168.0.14:8545)
[2m2025-12-10T10:13:12.989859Z[0m [34mDEBUG[0m [2mhyper::proto::h1::io[0m[2m:[0m flushed 250 bytes
[2m2025-12-10T10:13:12.993648Z[0m [34mDEBUG[0m [2mhyper::proto::h1::io[0m[2m:[0m parsed 4 headers
[2m2025-12-10T10:13:12.993660Z[0m [34mDEBUG[0m [2mhyper::proto::h1::conn[0m[2m:[0m incoming body is content-length (45 bytes)
[2m2025-12-10T10:13:12.993670Z[0m [34mDEBUG[0m [2mhyper::proto::h1::conn[0m[2m:[0m incoming body completed
[2m2025-12-10T10:13:12.993681Z[0m [34mDEBUG[0m [2mhyper::client::pool[0m[2m:[0m pooling idle connection for ("http", 192.168.0.14:8545)
[2m2025-12-10T10:13:12.995107Z[0m [34mDEBUG[0m [2mhyper::proto::h1::io[0m[2m:[0m parsed 4 headers
[2m2025-12-10T10:13:12.995130Z[0m [34mDEBUG[0m [2mhyper::proto::h1::conn[0m[2m:[0m incoming body is content-length (646 bytes)
[2m2025-12-10T10:13:12.995151Z[0m [34mDEBUG[0m [2mhyper::proto::h1::conn[0m[2m:[0m incoming body completed
[2m2025-12-10T10:13:12.995416Z[0m [34mDEBUG[0m [2mhyper::client::pool[0m[2m:[0m pooling idle connection for ("http", 192.168.0.14:8545)
[2m2025-12-10T10:13:12.995424Z[0m [34mDEBUG[0m [2methereum_transaction_pool_monitor::eth_client[0m[2m:[0m 📡 Transaction fetch RPC completed in 5.586917ms
[2m2025-12-10T10:13:13.066635Z[0m [34mDEBUG[0m [2methereum_transaction_pool_monitor::eth_client[0m[2m:[0m ✅ Transaction 0x160abc88f9fe358491024325028bb03a77f25f5dcbf8d74f7b9e501a638d4046 fetched and parsed in 76.796208ms
[2m2025-12-10T10:13:13.066666Z[0m [34mDEBUG[0m [2methereum_transaction_pool_monitor::mempool_monitor[0m[2m:[0m 🔍 Skipping tx 0x160abc88f9fe358491024325028bb03a77f25f5dcbf8d74f7b9e501a638d4046 - not a DEX interaction (target: 0xC065c372B1865d5d0b76042382E7982CFAE9dfdA)
[2m2025-12-10T10:13:13.066717Z[0m [34mDEBUG[0m [2mhyper::client::pool[0m[2m:[0m reuse idle connection for ("http", 192.168.0.14:8545)
[2m2025-12-10T10:13:13.066763Z[0m [34mDEBUG[0m [2mhyper::proto::h1::io[0m[2m:[0m flushed 172 bytes
[2m2025-12-10T10:13:13.069928Z[0m [34mDEBUG[0m [2mhyper::proto::h1::io[0m[2m:[0m parsed 4 headers
[2m2025-12-10T10:13:13.069934Z[0m [34mDEBUG[0m [2mhyper::proto::h1::conn[0m[2m:[0m incoming body is content-length (45 bytes)
[2m2025-12-10T10:13:13.069941Z[0m [34mDEBUG[0m [2mhyper::proto::h1::conn[0m[2m:[0m incoming body completed
[2m2025-12-10T10:13:13.069947Z[0m [34mDEBUG[0m [2mhyper::client::pool[0m[2m:[0m pooling idle connection for ("http", 192.168.0.14:8545)
[2m2025-12-10T10:13:13.099491Z[0m [34mDEBUG[0m [2mhyper::client::pool[0m[2m:[0m reuse idle connection for ("http", 192.168.0.14:8545)
[2m2025-12-10T10:13:13.099515Z[0m [34mDEBUG[0m [2mhyper::proto::h1::io[0m[2m:[0m flushed 172 bytes
[2m2025-12-10T10:13:13.102503Z[0m [34mDEBUG[0m [2mhyper::proto::h1::io[0m[2m:[0m parsed 4 headers
[2m2025-12-10T10:13:13.102508Z[0m [34mDEBUG[0m [2mhyper::proto::h1::conn[0m[2m:[0m incoming body is content-length (45 bytes)
[2m2025-12-10T10:13:13.102513Z[0m [34mDEBUG[0m [2mhyper::proto::h1::conn[0m[2m:[0m incoming body completed
[2m2025-12-10T10:13:13.102518Z[0m [34mDEBUG[0m [2mhyper::client::pool[0m[2m:[0m pooling idle connection for ("http", 192.168.0.14:8545)
[2m2025-12-10T10:13:13.138251Z[0m [34mDEBUG[0m [2methereum_transaction_pool_monitor::eth_client[0m[2m:[0m 📨 Received WebSocket message: {"jsonrpc":"2.0","method":"eth_subscription","params":{"subscription":"0xbed0a0851463e895960a451075a301a9","result":"0x10e8d953738ca66613315c1a0baad4c72b31fb614be6f2c3d0db9a63308ff9fb"}}
[2m2025-12-10T10:13:13.138264Z[0m [34mDEBUG[0m [2methereum_transaction_pool_monitor::eth_client[0m[2m:[0m 📨 Received pending transaction: 0x10e8d953738ca66613315c1a0baad4c72b31fb614be6f2c3d0db9a63308ff9fb
[2m2025-12-10T10:13:13.138273Z[0m [34mDEBUG[0m [2methereum_transaction_pool_monitor::mempool_monitor[0m[2m:[0m 📨 Processing new pending transaction: 0x10e8d953738ca66613315c1a0baad4c72b31fb614be6f2c3d0db9a63308ff9fb
[2m2025-12-10T10:13:13.138278Z[0m [34mDEBUG[0m [2methereum_transaction_pool_monitor::mempool_monitor[0m[2m:[0m 🔍 Fetching transaction details for: 0x10e8d953738ca66613315c1a0baad4c72b31fb614be6f2c3d0db9a63308ff9fb
[2m2025-12-10T10:13:13.138283Z[0m [34mDEBUG[0m [2methereum_transaction_pool_monitor::eth_client[0m[2m:[0m 🔍 Fetching transaction details for hash: 0x10e8d953738ca66613315c1a0baad4c72b31fb614be6f2c3d0db9a63308ff9fb
[2m2025-12-10T10:13:13.138298Z[0m [34mDEBUG[0m [2mhyper::client::pool[0m[2m:[0m reuse idle connection for ("http", 192.168.0.14:8545)
[2m2025-12-10T10:13:13.138319Z[0m [34mDEBUG[0m [2mhyper::proto::h1::io[0m[2m:[0m flushed 250 bytes
[2m2025-12-10T10:13:13.145791Z[0m [34mDEBUG[0m [2mhyper::proto::h1::io[0m[2m:[0m parsed 4 headers
[2m2025-12-10T10:13:13.145810Z[0m [34mDEBUG[0m [2mhyper::proto::h1::conn[0m[2m:[0m incoming body is content-length (764 bytes)
[2m2025-12-10T10:13:13.145828Z[0m [34mDEBUG[0m [2mhyper::proto::h1::conn[0m[2m:[0m incoming body completed
[2m2025-12-10T10:13:13.145840Z[0m [34mDEBUG[0m [2mhyper::client::pool[0m[2m:[0m pooling idle connection for ("http", 192.168.0.14:8545)
[2m2025-12-10T10:13:13.145853Z[0m [34mDEBUG[0m [2methereum_transaction_pool_monitor::eth_client[0m[2m:[0m 📡 Transaction fetch RPC completed in 7.566583ms
[2m2025-12-10T10:13:13.220693Z[0m [34mDEBUG[0m [2methereum_transaction_pool_monitor::eth_client[0m[2m:[0m ✅ Transaction 0x10e8d953738ca66613315c1a0baad4c72b31fb614be6f2c3d0db9a63308ff9fb fetched and parsed in 82.403625ms
[2m2025-12-10T10:13:13.221241Z[0m [34mDEBUG[0m [2methereum_transaction_pool_monitor::mempool_monitor[0m[2m:[0m 🔍 Skipping tx 0x10e8d953738ca66613315c1a0baad4c72b31fb614be6f2c3d0db9a63308ff9fb - not a DEX interaction (target: 0xA0b86991c6218b36c1d19D4a2e9Eb0cE3606eB48)
[2m2025-12-10T10:13:13.221323Z[0m [34mDEBUG[0m [2mhyper::client::pool[0m[2m:[0m reuse idle connection for ("http", 192.168.0.14:8545)
[2m2025-12-10T10:13:13.221375Z[0m [34mDEBUG[0m [2mhyper::proto::h1::io[0m[2m:[0m flushed 172 bytes
[2m2025-12-10T10:13:13.226531Z[0m [34mDEBUG[0m [2mhyper::proto::h1::io[0m[2m:[0m parsed 4 headers
[2m2025-12-10T10:13:13.226537Z[0m [34mDEBUG[0m [2mhyper::proto::h1::conn[0m[2m:[0m incoming body is content-length (45 bytes)
[2m2025-12-10T10:13:13.226545Z[0m [34mDEBUG[0m [2mhyper::proto::h1::conn[0m[2m:[0m incoming body completed
[2m2025-12-10T10:13:13.226553Z[0m [34mDEBUG[0m [2mhyper::client::pool[0m[2m:[0m pooling idle connection for ("http", 192.168.0.14:8545)
[2m2025-12-10T10:13:13.298614Z[0m [34mDEBUG[0m [2mhyper::client::pool[0m[2m:[0m reuse idle connection for ("http", 192.168.0.14:8545)
[2m2025-12-10T10:13:13.298652Z[0m [34mDEBUG[0m [2mhyper::proto::h1::io[0m[2m:[0m flushed 172 bytes
[2m2025-12-10T10:13:13.302521Z[0m [34mDEBUG[0m [2mhyper::proto::h1::io[0m[2m:[0m parsed 4 headers
[2m2025-12-10T10:13:13.302540Z[0m [34mDEBUG[0m [2mhyper::proto::h1::conn[0m[2m:[0m incoming body is content-length (45 bytes)
[2m2025-12-10T10:13:13.302559Z[0m [34mDEBUG[0m [2mhyper::proto::h1::conn[0m[2m:[0m incoming body completed
[2m2025-12-10T10:13:13.302571Z[0m [34mDEBUG[0m [2mhyper::client::pool[0m[2m:[0m pooling idle connection for ("http", 192.168.0.14:8545)
[2m2025-12-10T10:13:13.342457Z[0m [34mDEBUG[0m [2methereum_transaction_pool_monitor::eth_client[0m[2m:[0m 📨 Received WebSocket message: {"jsonrpc":"2.0","method":"eth_subscription","params":{"subscription":"0xbed0a0851463e895960a451075a301a9","result":"0x92c0843bcad0f1ae323950b3a88e17e56c60ef3c87959cf412dc6389566e8e96"}}
[2m2025-12-10T10:13:13.342471Z[0m [34mDEBUG[0m [2methereum_transaction_pool_monitor::eth_client[0m[2m:[0m 📨 Received pending transaction: 0x92c0843bcad0f1ae323950b3a88e17e56c60ef3c87959cf412dc6389566e8e96
[2m2025-12-10T10:13:13.342483Z[0m [34mDEBUG[0m [2methereum_transaction_pool_monitor::mempool_monitor[0m[2m:[0m 📨 Processing new pending transaction: 0x92c0843bcad0f1ae323950b3a88e17e56c60ef3c87959cf412dc6389566e8e96
[2m2025-12-10T10:13:13.342490Z[0m [34mDEBUG[0m [2methereum_transaction_pool_monitor::mempool_monitor[0m[2m:[0m 🔍 Fetching transaction details for: 0x92c0843bcad0f1ae323950b3a88e17e56c60ef3c87959cf412dc6389566e8e96
[2m2025-12-10T10:13:13.342496Z[0m [34mDEBUG[0m [2methereum_transaction_pool_monitor::eth_client[0m[2m:[0m 🔍 Fetching transaction details for hash: 0x92c0843bcad0f1ae323950b3a88e17e56c60ef3c87959cf412dc6389566e8e96
[2m2025-12-10T10:13:13.342516Z[0m [34mDEBUG[0m [2mhyper::client::pool[0m[2m:[0m reuse idle connection for ("http", 192.168.0.14:8545)
[2m2025-12-10T10:13:13.342567Z[0m [34mDEBUG[0m [2mhyper::proto::h1::io[0m[2m:[0m flushed 250 bytes
[2m2025-12-10T10:13:13.352149Z[0m [34mDEBUG[0m [2mhyper::proto::h1::io[0m[2m:[0m parsed 4 headers
[2m2025-12-10T10:13:13.352168Z[0m [34mDEBUG[0m [2mhyper::proto::h1::conn[0m[2m:[0m incoming body is content-length (762 bytes)
[2m2025-12-10T10:13:13.352183Z[0m [34mDEBUG[0m [2mhyper::proto::h1::conn[0m[2m:[0m incoming body completed
[2m2025-12-10T10:13:13.352192Z[0m [34mDEBUG[0m [2mhyper::client::pool[0m[2m:[0m pooling idle connection for ("http", 192.168.0.14:8545)
[2m2025-12-10T10:13:13.352200Z[0m [34mDEBUG[0m [2methereum_transaction_pool_monitor::eth_client[0m[2m:[0m 📡 Transaction fetch RPC completed in 9.697209ms
[2m2025-12-10T10:13:13.352224Z[0m [34mDEBUG[0m [2methereum_transaction_pool_monitor::eth_client[0m[2m:[0m DeFi transaction detected - Address: 0xdac17f958d2ee523a2206206994597c13d831ec7, Type: Stablecoin, Value: 0 ETH, Gas: 0.22 Gwei
[2m2025-12-10T10:13:13.352246Z[0m [34mDEBUG[0m [2methereum_transaction_pool_monitor::eth_client[0m[2m:[0m ✅ Transaction 0x92c0843bcad0f1ae323950b3a88e17e56c60ef3c87959cf412dc6389566e8e96 fetched and parsed in 9.742917ms
[2m2025-12-10T10:13:13.352255Z[0m [34mDEBUG[0m [2methereum_transaction_pool_monitor::mempool_monitor[0m[2m:[0m 🔍 Skipping tx 0x92c0843bcad0f1ae323950b3a88e17e56c60ef3c87959cf412dc6389566e8e96 - not a DEX interaction (target: 0xdAC17F958D2ee523a2206206994597C13D831ec7)
[2m2025-12-10T10:13:13.358182Z[0m [34mDEBUG[0m [2methereum_transaction_pool_monitor::eth_client[0m[2m:[0m 📨 Received WebSocket message: {"jsonrpc":"2.0","method":"eth_subscription","params":{"subscription":"0xbed0a0851463e895960a451075a301a9","result":"0x547bcf74bf1dae35539a1d49ea35df0604c43d0fcc1a4c6c130d5b02c0077bb2"}}
[2m2025-12-10T10:13:13.358196Z[0m [34mDEBUG[0m [2methereum_transaction_pool_monitor::eth_client[0m[2m:[0m 📨 Received pending transaction: 0x547bcf74bf1dae35539a1d49ea35df0604c43d0fcc1a4c6c130d5b02c0077bb2
[2m2025-12-10T10:13:13.358204Z[0m [34mDEBUG[0m [2methereum_transaction_pool_monitor::mempool_monitor[0m[2m:[0m 📨 Processing new pending transaction: 0x547bcf74bf1dae35539a1d49ea35df0604c43d0fcc1a4c6c130d5b02c0077bb2
[2m2025-12-10T10:13:13.358211Z[0m [34mDEBUG[0m [2methereum_transaction_pool_monitor::mempool_monitor[0m[2m:[0m 🔍 Fetching transaction details for: 0x547bcf74bf1dae35539a1d49ea35df0604c43d0fcc1a4c6c130d5b02c0077bb2
[2m2025-12-10T10:13:13.358217Z[0m [34mDEBUG[0m [2methereum_transaction_pool_monitor::eth_client[0m[2m:[0m 🔍 Fetching transaction details for hash: 0x547bcf74bf1dae35539a1d49ea35df0604c43d0fcc1a4c6c130d5b02c0077bb2
[2m2025-12-10T10:13:13.358231Z[0m [34mDEBUG[0m [2mhyper::client::pool[0m[2m:[0m reuse idle connection for ("http", 192.168.0.14:8545)
[2m2025-12-10T10:13:13.358250Z[0m [34mDEBUG[0m [2mhyper::proto::h1::io[0m[2m:[0m flushed 250 bytes
[2m2025-12-10T10:13:13.365620Z[0m [34mDEBUG[0m [2mhyper::proto::h1::io[0m[2m:[0m parsed 4 headers
[2m2025-12-10T10:13:13.365631Z[0m [34mDEBUG[0m [2mhyper::proto::h1::conn[0m[2m:[0m incoming body is content-length (769 bytes)
[2m2025-12-10T10:13:13.365641Z[0m [34mDEBUG[0m [2mhyper::proto::h1::conn[0m[2m:[0m incoming body completed
[2m2025-12-10T10:13:13.365652Z[0m [34mDEBUG[0m [2mhyper::client::pool[0m[2m:[0m pooling idle connection for ("http", 192.168.0.14:8545)
[2m2025-12-10T10:13:13.365662Z[0m [34mDEBUG[0m [2methereum_transaction_pool_monitor::eth_client[0m[2m:[0m 📡 Transaction fetch RPC completed in 7.437792ms
[2m2025-12-10T10:13:13.447531Z[0m [34mDEBUG[0m [2methereum_transaction_pool_monitor::eth_client[0m[2m:[0m ✅ Transaction 0x547bcf74bf1dae35539a1d49ea35df0604c43d0fcc1a4c6c130d5b02c0077bb2 fetched and parsed in 89.304375ms
[2m2025-12-10T10:13:13.447556Z[0m [34mDEBUG[0m [2methereum_transaction_pool_monitor::mempool_monitor[0m[2m:[0m 🔍 Skipping tx 0x547bcf74bf1dae35539a1d49ea35df0604c43d0fcc1a4c6c130d5b02c0077bb2 - not a DEX interaction (target: 0xB8f28C60dD8240141185a192fa4156A23E189305)
[2m2025-12-10T10:13:13.447592Z[0m [34mDEBUG[0m [2mhyper::client::pool[0m[2m:[0m reuse idle connection for ("http", 192.168.0.14:8545)
[2m2025-12-10T10:13:13.447617Z[0m [34mDEBUG[0m [2mhyper::proto::h1::io[0m[2m:[0m flushed 172 bytes
[2m2025-12-10T10:13:13.447660Z[0m [34mDEBUG[0m [2methereum_transaction_pool_monitor::eth_client[0m[2m:[0m 📨 Received WebSocket message: {"jsonrpc":"2.0","method":"eth_subscription","params":{"subscription":"0xbed0a0851463e895960a451075a301a9","result":"0x12ff0be7d048468b04464146768655e05c60acfb71fb14b454c99e62f8de4d2d"}}
[2m2025-12-10T10:13:13.447670Z[0m [34mDEBUG[0m [2methereum_transaction_pool_monitor::eth_client[0m[2m:[0m 📨 Received pending transaction: 0x12ff0be7d048468b04464146768655e05c60acfb71fb14b454c99e62f8de4d2d
[2m2025-12-10T10:13:13.447677Z[0m [34mDEBUG[0m [2methereum_transaction_pool_monitor::mempool_monitor[0m[2m:[0m 📨 Processing new pending transaction: 0x12ff0be7d048468b04464146768655e05c60acfb71fb14b454c99e62f8de4d2d
[2m2025-12-10T10:13:13.447681Z[0m [34mDEBUG[0m [2methereum_transaction_pool_monitor::mempool_monitor[0m[2m:[0m 🔍 Fetching transaction details for: 0x12ff0be7d048468b04464146768655e05c60acfb71fb14b454c99e62f8de4d2d
[2m2025-12-10T10:13:13.447685Z[0m [34mDEBUG[0m [2methereum_transaction_pool_monitor::eth_client[0m[2m:[0m 🔍 Fetching transaction details for hash: 0x12ff0be7d048468b04464146768655e05c60acfb71fb14b454c99e62f8de4d2d
[2m2025-12-10T10:13:13.447693Z[0m [34mDEBUG[0m [2mhyper::client::pool[0m[2m:[0m reuse idle connection for ("http", 192.168.0.14:8545)
[2m2025-12-10T10:13:13.447704Z[0m [34mDEBUG[0m [2mhyper::proto::h1::io[0m[2m:[0m flushed 250 bytes
[2m2025-12-10T10:13:13.451593Z[0m [34mDEBUG[0m [2mhyper::proto::h1::io[0m[2m:[0m parsed 4 headers
[2m2025-12-10T10:13:13.451599Z[0m [34mDEBUG[0m [2mhyper::proto::h1::conn[0m[2m:[0m incoming body is content-length (45 bytes)
[2m2025-12-10T10:13:13.451606Z[0m [34mDEBUG[0m [2mhyper::proto::h1::conn[0m[2m:[0m incoming body completed
[2m2025-12-10T10:13:13.451613Z[0m [34mDEBUG[0m [2mhyper::client::pool[0m[2m:[0m pooling idle connection for ("http", 192.168.0.14:8545)
[2m2025-12-10T10:13:13.451891Z[0m [34mDEBUG[0m [2mhyper::proto::h1::io[0m[2m:[0m parsed 4 headers
[2m2025-12-10T10:13:13.451897Z[0m [34mDEBUG[0m [2mhyper::proto::h1::conn[0m[2m:[0m incoming body is content-length (644 bytes)
[2m2025-12-10T10:13:13.451902Z[0m [34mDEBUG[0m [2mhyper::proto::h1::conn[0m[2m:[0m incoming body completed
[2m2025-12-10T10:13:13.451906Z[0m [34mDEBUG[0m [2mhyper::client::pool[0m[2m:[0m pooling idle connection for ("http", 192.168.0.14:8545)
[2m2025-12-10T10:13:13.451911Z[0m [34mDEBUG[0m [2methereum_transaction_pool_monitor::eth_client[0m[2m:[0m 📡 Transaction fetch RPC completed in 4.22275ms
[2m2025-12-10T10:13:13.523220Z[0m [34mDEBUG[0m [2methereum_transaction_pool_monitor::eth_client[0m[2m:[0m ✅ Transaction 0x12ff0be7d048468b04464146768655e05c60acfb71fb14b454c99e62f8de4d2d fetched and parsed in 75.529333ms
[2m2025-12-10T10:13:13.523249Z[0m [34mDEBUG[0m [2methereum_transaction_pool_monitor::mempool_monitor[0m[2m:[0m 🔍 Skipping tx 0x12ff0be7d048468b04464146768655e05c60acfb71fb14b454c99e62f8de4d2d - not a DEX interaction (target: 0x17E5545B11b468072283Cee1F066a059Fb0dbF24)
[2m2025-12-10T10:13:13.523291Z[0m [34mDEBUG[0m [2mhyper::client::pool[0m[2m:[0m reuse idle connection for ("http", 192.168.0.14:8545)
[2m2025-12-10T10:13:13.523322Z[0m [34mDEBUG[0m [2mhyper::proto::h1::io[0m[2m:[0m flushed 172 bytes
[2m2025-12-10T10:13:13.523366Z[0m [34mDEBUG[0m [2methereum_transaction_pool_monitor::eth_client[0m[2m:[0m 📨 Received WebSocket message: {"jsonrpc":"2.0","method":"eth_subscription","params":{"subscription":"0xbed0a0851463e895960a451075a301a9","result":"0xf8dd736794281609febd42c86e538e9f9980687a5c7c71bc6766d4bc9a244620"}}
[2m2025-12-10T10:13:13.523379Z[0m [34mDEBUG[0m [2methereum_transaction_pool_monitor::eth_client[0m[2m:[0m 📨 Received pending transaction: 0xf8dd736794281609febd42c86e538e9f9980687a5c7c71bc6766d4bc9a244620
[2m2025-12-10T10:13:13.523384Z[0m [34mDEBUG[0m [2methereum_transaction_pool_monitor::eth_client[0m[2m:[0m 📨 Received WebSocket message: {"jsonrpc":"2.0","method":"eth_subscription","params":{"subscription":"0xbed0a0851463e895960a451075a301a9","result":"0x51426f2c3b93e73fb1aa9865e52d82b12fb0c793b0949febfc25d4a1abb6d52e"}}
[2m2025-12-10T10:13:13.523635Z[0m [34mDEBUG[0m [2methereum_transaction_pool_monitor::eth_client[0m[2m:[0m 📨 Received pending transaction: 0x51426f2c3b93e73fb1aa9865e52d82b12fb0c793b0949febfc25d4a1abb6d52e
[2m2025-12-10T10:13:13.523647Z[0m [34mDEBUG[0m [2methereum_transaction_pool_monitor::mempool_monitor[0m[2m:[0m 📨 Processing new pending transaction: 0xf8dd736794281609febd42c86e538e9f9980687a5c7c71bc6766d4bc9a244620
[2m2025-12-10T10:13:13.523653Z[0m [34mDEBUG[0m [2methereum_transaction_pool_monitor::mempool_monitor[0m[2m:[0m 🔍 Fetching transaction details for: 0xf8dd736794281609febd42c86e538e9f9980687a5c7c71bc6766d4bc9a244620
[2m2025-12-10T10:13:13.523657Z[0m [34mDEBUG[0m [2methereum_transaction_pool_monitor::eth_client[0m[2m:[0m 🔍 Fetching transaction details for hash: 0xf8dd736794281609febd42c86e538e9f9980687a5c7c71bc6766d4bc9a244620
[2m2025-12-10T10:13:13.523669Z[0m [34mDEBUG[0m [2mhyper::client::pool[0m[2m:[0m reuse idle connection for ("http", 192.168.0.14:8545)
[2m2025-12-10T10:13:13.523684Z[0m [34mDEBUG[0m [2mhyper::proto::h1::io[0m[2m:[0m flushed 250 bytes
[2m2025-12-10T10:13:13.526407Z[0m [34mDEBUG[0m [2mhyper::proto::h1::io[0m[2m:[0m parsed 4 headers
[2m2025-12-10T10:13:13.526413Z[0m [34mDEBUG[0m [2mhyper::proto::h1::conn[0m[2m:[0m incoming body is content-length (45 bytes)
[2m2025-12-10T10:13:13.526420Z[0m [34mDEBUG[0m [2mhyper::proto::h1::conn[0m[2m:[0m incoming body completed
[2m2025-12-10T10:13:13.526427Z[0m [34mDEBUG[0m [2mhyper::client::pool[0m[2m:[0m pooling idle connection for ("http", 192.168.0.14:8545)
[2m2025-12-10T10:13:13.528872Z[0m [34mDEBUG[0m [2mhyper::proto::h1::io[0m[2m:[0m parsed 4 headers
[2m2025-12-10T10:13:13.528883Z[0m [34mDEBUG[0m [2mhyper::proto::h1::conn[0m[2m:[0m incoming body is content-length (557 bytes)
[2m2025-12-10T10:13:13.528891Z[0m [34mDEBUG[0m [2mhyper::proto::h1::conn[0m[2m:[0m incoming body completed
[2m2025-12-10T10:13:13.528899Z[0m [34mDEBUG[0m [2mhyper::client::pool[0m[2m:[0m pooling idle connection for ("http", 192.168.0.14:8545)
[2m2025-12-10T10:13:13.528907Z[0m [34mDEBUG[0m [2methereum_transaction_pool_monitor::eth_client[0m[2m:[0m 📡 Transaction fetch RPC completed in 5.246708ms
[2m2025-12-10T10:13:13.600083Z[0m [34mDEBUG[0m [2methereum_transaction_pool_monitor::eth_client[0m[2m:[0m ✅ Transaction 0xf8dd736794281609febd42c86e538e9f9980687a5c7c71bc6766d4bc9a244620 fetched and parsed in 76.420958ms
[2m2025-12-10T10:13:13.600109Z[0m [34mDEBUG[0m [2methereum_transaction_pool_monitor::mempool_monitor[0m[2m:[0m 🔍 Skipping tx 0xf8dd736794281609febd42c86e538e9f9980687a5c7c71bc6766d4bc9a244620 - not a DEX interaction (target: 0x0bAFc3e57BAb2e0CeD582EB388293D6EbD32430F)
[2m2025-12-10T10:13:13.600119Z[0m [34mDEBUG[0m [2methereum_transaction_pool_monitor::mempool_monitor[0m[2m:[0m 📨 Processing new pending transaction: 0x51426f2c3b93e73fb1aa9865e52d82b12fb0c793b0949febfc25d4a1abb6d52e
[2m2025-12-10T10:13:13.600125Z[0m [34mDEBUG[0m [2methereum_transaction_pool_monitor::mempool_monitor[0m[2m:[0m 🔍 Fetching transaction details for: 0x51426f2c3b93e73fb1aa9865e52d82b12fb0c793b0949febfc25d4a1abb6d52e
[2m2025-12-10T10:13:13.600129Z[0m [34mDEBUG[0m [2methereum_transaction_pool_monitor::eth_client[0m[2m:[0m 🔍 Fetching transaction details for hash: 0x51426f2c3b93e73fb1aa9865e52d82b12fb0c793b0949febfc25d4a1abb6d52e
[2m2025-12-10T10:13:13.600147Z[0m [34mDEBUG[0m [2mhyper::client::pool[0m[2m:[0m reuse idle connection for ("http", 192.168.0.14:8545)
[2m2025-12-10T10:13:13.600177Z[0m [34mDEBUG[0m [2mhyper::proto::h1::io[0m[2m:[0m flushed 250 bytes
[2m2025-12-10T10:13:13.600196Z[0m [34mDEBUG[0m [2mhyper::client::pool[0m[2m:[0m reuse idle connection for ("http", 192.168.0.14:8545)
[2m2025-12-10T10:13:13.600208Z[0m [34mDEBUG[0m [2mhyper::proto::h1::io[0m[2m:[0m flushed 172 bytes
[2m2025-12-10T10:13:13.600251Z[0m [34mDEBUG[0m [2methereum_transaction_pool_monitor::eth_client[0m[2m:[0m 📨 Received WebSocket message: {"jsonrpc":"2.0","method":"eth_subscription","params":{"subscription":"0xbed0a0851463e895960a451075a301a9","result":"0xfde40538e4f47fb684b4c302bb8b785854374ac7af96299ac1c1f10dfe9f994f"}}
[2m2025-12-10T10:13:13.600260Z[0m [34mDEBUG[0m [2methereum_transaction_pool_monitor::eth_client[0m[2m:[0m 📨 Received pending transaction: 0xfde40538e4f47fb684b4c302bb8b785854374ac7af96299ac1c1f10dfe9f994f
[2m2025-12-10T10:13:13.606178Z[0m [34mDEBUG[0m [2mhyper::proto::h1::io[0m[2m:[0m parsed 4 headers
[2m2025-12-10T10:13:13.606189Z[0m [34mDEBUG[0m [2mhyper::proto::h1::conn[0m[2m:[0m incoming body is content-length (45 bytes)
[2m2025-12-10T10:13:13.606200Z[0m [34mDEBUG[0m [2mhyper::proto::h1::conn[0m[2m:[0m incoming body completed
[2m2025-12-10T10:13:13.606210Z[0m [34mDEBUG[0m [2mhyper::client::pool[0m[2m:[0m pooling idle connection for ("http", 192.168.0.14:8545)
[2m2025-12-10T10:13:13.606630Z[0m [34mDEBUG[0m [2mhyper::proto::h1::io[0m[2m:[0m parsed 4 headers
[2m2025-12-10T10:13:13.606635Z[0m [34mDEBUG[0m [2mhyper::proto::h1::conn[0m[2m:[0m incoming body is content-length (771 bytes)
[2m2025-12-10T10:13:13.606640Z[0m [34mDEBUG[0m [2mhyper::proto::h1::conn[0m[2m:[0m incoming body completed
[2m2025-12-10T10:13:13.606645Z[0m [34mDEBUG[0m [2mhyper::client::pool[0m[2m:[0m pooling idle connection for ("http", 192.168.0.14:8545)
[2m2025-12-10T10:13:13.606650Z[0m [34mDEBUG[0m [2methereum_transaction_pool_monitor::eth_client[0m[2m:[0m 📡 Transaction fetch RPC completed in 6.51675ms
[2m2025-12-10T10:13:13.678534Z[0m [34mDEBUG[0m [2methereum_transaction_pool_monitor::eth_client[0m[2m:[0m ✅ Transaction 0x51426f2c3b93e73fb1aa9865e52d82b12fb0c793b0949febfc25d4a1abb6d52e fetched and parsed in 78.398292ms
[2m2025-12-10T10:13:13.678561Z[0m [34mDEBUG[0m [2methereum_transaction_pool_monitor::mempool_monitor[0m[2m:[0m 🔍 Skipping tx 0x51426f2c3b93e73fb1aa9865e52d82b12fb0c793b0949febfc25d4a1abb6d52e - not a DEX interaction (target: 0xB8f28C60dD8240141185a192fa4156A23E189305)
[2m2025-12-10T10:13:13.678576Z[0m [34mDEBUG[0m [2methereum_transaction_pool_monitor::mempool_monitor[0m[2m:[0m 📨 Processing new pending transaction: 0xfde40538e4f47fb684b4c302bb8b785854374ac7af96299ac1c1f10dfe9f994f
[2m2025-12-10T10:13:13.678584Z[0m [34mDEBUG[0m [2methereum_transaction_pool_monitor::mempool_monitor[0m[2m:[0m 🔍 Fetching transaction details for: 0xfde40538e4f47fb684b4c302bb8b785854374ac7af96299ac1c1f10dfe9f994f
[2m2025-12-10T10:13:13.678589Z[0m [34mDEBUG[0m [2methereum_transaction_pool_monitor::eth_client[0m[2m:[0m 🔍 Fetching transaction details for hash: 0xfde40538e4f47fb684b4c302bb8b785854374ac7af96299ac1c1f10dfe9f994f
[2m2025-12-10T10:13:13.678606Z[0m [34mDEBUG[0m [2mhyper::client::pool[0m[2m:[0m reuse idle connection for ("http", 192.168.0.14:8545)
[2m2025-12-10T10:13:13.678649Z[0m [34mDEBUG[0m [2mhyper::proto::h1::io[0m[2m:[0m flushed 250 bytes
[2m2025-12-10T10:13:13.687298Z[0m [34mDEBUG[0m [2mhyper::proto::h1::io[0m[2m:[0m parsed 4 headers
[2m2025-12-10T10:13:13.687319Z[0m [34mDEBUG[0m [2mhyper::proto::h1::conn[0m[2m:[0m incoming body is content-length (771 bytes)
[2m2025-12-10T10:13:13.687328Z[0m [34mDEBUG[0m [2mhyper::proto::h1::conn[0m[2m:[0m incoming body completed
[2m2025-12-10T10:13:13.687338Z[0m [34mDEBUG[0m [2mhyper::client::pool[0m[2m:[0m pooling idle connection for ("http", 192.168.0.14:8545)
[2m2025-12-10T10:13:13.687345Z[0m [34mDEBUG[0m [2methereum_transaction_pool_monitor::eth_client[0m[2m:[0m 📡 Transaction fetch RPC completed in 8.750333ms
[2m2025-12-10T10:13:13.758524Z[0m [34mDEBUG[0m [2methereum_transaction_pool_monitor::eth_client[0m[2m:[0m ✅ Transaction 0xfde40538e4f47fb684b4c302bb8b785854374ac7af96299ac1c1f10dfe9f994f fetched and parsed in 79.927875ms
[2m2025-12-10T10:13:13.758551Z[0m [34mDEBUG[0m [2methereum_transaction_pool_monitor::mempool_monitor[0m[2m:[0m 🔍 Skipping tx 0xfde40538e4f47fb684b4c302bb8b785854374ac7af96299ac1c1f10dfe9f994f - not a DEX interaction (target: 0xB8f28C60dD8240141185a192fa4156A23E189305)
[2m2025-12-10T10:13:13.758588Z[0m [34mDEBUG[0m [2mhyper::client::pool[0m[2m:[0m reuse idle connection for ("http", 192.168.0.14:8545)
[2m2025-12-10T10:13:13.758631Z[0m [34mDEBUG[0m [2mhyper::proto::h1::io[0m[2m:[0m flushed 172 bytes
[2m2025-12-10T10:13:13.758647Z[0m [34mDEBUG[0m [2methereum_transaction_pool_monitor::eth_client[0m[2m:[0m 📨 Received WebSocket message: {"jsonrpc":"2.0","method":"eth_subscription","params":{"subscription":"0xbed0a0851463e895960a451075a301a9","result":"0x6f407d7c69efc84e094e828b61479e3a31efe30c39d20c1e87393f09573476db"}}
[2m2025-12-10T10:13:13.758658Z[0m [34mDEBUG[0m [2methereum_transaction_pool_monitor::eth_client[0m[2m:[0m 📨 Received pending transaction: 0x6f407d7c69efc84e094e828b61479e3a31efe30c39d20c1e87393f09573476db
[2m2025-12-10T10:13:13.758666Z[0m [34mDEBUG[0m [2methereum_transaction_pool_monitor::mempool_monitor[0m[2m:[0m 📨 Processing new pending transaction: 0x6f407d7c69efc84e094e828b61479e3a31efe30c39d20c1e87393f09573476db
[2m2025-12-10T10:13:13.758671Z[0m [34mDEBUG[0m [2methereum_transaction_pool_monitor::mempool_monitor[0m[2m:[0m 🔍 Fetching transaction details for: 0x6f407d7c69efc84e094e828b61479e3a31efe30c39d20c1e87393f09573476db
[2m2025-12-10T10:13:13.758676Z[0m [34mDEBUG[0m [2methereum_transaction_pool_monitor::eth_client[0m[2m:[0m 🔍 Fetching transaction details for hash: 0x6f407d7c69efc84e094e828b61479e3a31efe30c39d20c1e87393f09573476db
[2m2025-12-10T10:13:13.758687Z[0m [34mDEBUG[0m [2mhyper::client::pool[0m[2m:[0m reuse idle connection for ("http", 192.168.0.14:8545)
[2m2025-12-10T10:13:13.758703Z[0m [34mDEBUG[0m [2mhyper::proto::h1::io[0m[2m:[0m flushed 250 bytes
[2m2025-12-10T10:13:13.762298Z[0m [34mDEBUG[0m [2mhyper::proto::h1::io[0m[2m:[0m parsed 4 headers
[2m2025-12-10T10:13:13.762307Z[0m [34mDEBUG[0m [2mhyper::proto::h1::conn[0m[2m:[0m incoming body is content-length (45 bytes)
[2m2025-12-10T10:13:13.762313Z[0m [34mDEBUG[0m [2mhyper::proto::h1::conn[0m[2m:[0m incoming body completed
[2m2025-12-10T10:13:13.762320Z[0m [34mDEBUG[0m [2mhyper::client::pool[0m[2m:[0m pooling idle connection for ("http", 192.168.0.14:8545)
[2m2025-12-10T10:13:13.762706Z[0m [34mDEBUG[0m [2mhyper::proto::h1::io[0m[2m:[0m parsed 4 headers
[2m2025-12-10T10:13:13.762711Z[0m [34mDEBUG[0m [2mhyper::proto::h1::conn[0m[2m:[0m incoming body is content-length (905 bytes)
[2m2025-12-10T10:13:13.762715Z[0m [34mDEBUG[0m [2mhyper::proto::h1::conn[0m[2m:[0m incoming body completed
[2m2025-12-10T10:13:13.762720Z[0m [34mDEBUG[0m [2mhyper::client::pool[0m[2m:[0m pooling idle connection for ("http", 192.168.0.14:8545)
[2m2025-12-10T10:13:13.762724Z[0m [34mDEBUG[0m [2methereum_transaction_pool_monitor::eth_client[0m[2m:[0m 📡 Transaction fetch RPC completed in 4.043375ms
[2m2025-12-10T10:13:13.834118Z[0m [34mDEBUG[0m [2methereum_transaction_pool_monitor::eth_client[0m[2m:[0m ✅ Transaction 0x6f407d7c69efc84e094e828b61479e3a31efe30c39d20c1e87393f09573476db fetched and parsed in 75.435292ms
[2m2025-12-10T10:13:13.834143Z[0m [34mDEBUG[0m [2methereum_transaction_pool_monitor::mempool_monitor[0m[2m:[0m 🔍 Skipping tx 0x6f407d7c69efc84e094e828b61479e3a31efe30c39d20c1e87393f09573476db - not a DEX interaction (target: 0xFf00000000000000000000000000000000008453)
[2m2025-12-10T10:13:13.834236Z[0m [34mDEBUG[0m [2mhyper::client::pool[0m[2m:[0m reuse idle connection for ("http", 192.168.0.14:8545)
[2m2025-12-10T10:13:13.834262Z[0m [34mDEBUG[0m [2mhyper::proto::h1::io[0m[2m:[0m flushed 172 bytes
[2m2025-12-10T10:13:13.837992Z[0m [34mDEBUG[0m [2mhyper::proto::h1::io[0m[2m:[0m parsed 4 headers
[2m2025-12-10T10:13:13.837999Z[0m [34mDEBUG[0m [2mhyper::proto::h1::conn[0m[2m:[0m incoming body is content-length (45 bytes)
[2m2025-12-10T10:13:13.838006Z[0m [34mDEBUG[0m [2mhyper::proto::h1::conn[0m[2m:[0m incoming body completed
[2m2025-12-10T10:13:13.838014Z[0m [34mDEBUG[0m [2mhyper::client::pool[0m[2m:[0m pooling idle connection for ("http", 192.168.0.14:8545)
[2m2025-12-10T10:13:13.857585Z[0m [34mDEBUG[0m [2methereum_transaction_pool_monitor::eth_client[0m[2m:[0m 📨 Received WebSocket message: {"jsonrpc":"2.0","method":"eth_subscription","params":{"subscription":"0xbed0a0851463e895960a451075a301a9","result":"0xcd15b92819f81ad42a6ff33581635aab2aeb672b895abd6c3fd39f9711b05c59"}}
[2m2025-12-10T10:13:13.857611Z[0m [34mDEBUG[0m [2methereum_transaction_pool_monitor::eth_client[0m[2m:[0m 📨 Received pending transaction: 0xcd15b92819f81ad42a6ff33581635aab2aeb672b895abd6c3fd39f9711b05c59
[2m2025-12-10T10:13:13.857633Z[0m [34mDEBUG[0m [2methereum_transaction_pool_monitor::mempool_monitor[0m[2m:[0m 📨 Processing new pending transaction: 0xcd15b92819f81ad42a6ff33581635aab2aeb672b895abd6c3fd39f9711b05c59
[2m2025-12-10T10:13:13.857637Z[0m [34mDEBUG[0m [2methereum_transaction_pool_monitor::mempool_monitor[0m[2m:[0m 🔍 Fetching transaction details for: 0xcd15b92819f81ad42a6ff33581635aab2aeb672b895abd6c3fd39f9711b05c59
[2m2025-12-10T10:13:13.857641Z[0m [34mDEBUG[0m [2methereum_transaction_pool_monitor::eth_client[0m[2m:[0m 🔍 Fetching transaction details for hash: 0xcd15b92819f81ad42a6ff33581635aab2aeb672b895abd6c3fd39f9711b05c59
[2m2025-12-10T10:13:13.857659Z[0m [34mDEBUG[0m [2mhyper::client::pool[0m[2m:[0m reuse idle connection for ("http", 192.168.0.14:8545)
[2m2025-12-10T10:13:13.857678Z[0m [34mDEBUG[0m [2mhyper::proto::h1::io[0m[2m:[0m flushed 250 bytes
[2m2025-12-10T10:13:13.861585Z[0m [34mDEBUG[0m [2mhyper::proto::h1::io[0m[2m:[0m parsed 4 headers
[2m2025-12-10T10:13:13.861594Z[0m [34mDEBUG[0m [2mhyper::proto::h1::conn[0m[2m:[0m incoming body is content-length (772 bytes)
[2m2025-12-10T10:13:13.861601Z[0m [34mDEBUG[0m [2mhyper::proto::h1::conn[0m[2m:[0m incoming body completed
[2m2025-12-10T10:13:13.861610Z[0m [34mDEBUG[0m [2mhyper::client::pool[0m[2m:[0m pooling idle connection for ("http", 192.168.0.14:8545)
[2m2025-12-10T10:13:13.861616Z[0m [34mDEBUG[0m [2methereum_transaction_pool_monitor::eth_client[0m[2m:[0m 📡 Transaction fetch RPC completed in 3.970917ms
[2m2025-12-10T10:13:13.931068Z[0m [34mDEBUG[0m [2methereum_transaction_pool_monitor::eth_client[0m[2m:[0m ✅ Transaction 0xcd15b92819f81ad42a6ff33581635aab2aeb672b895abd6c3fd39f9711b05c59 fetched and parsed in 73.421084ms
[2m2025-12-10T10:13:13.931099Z[0m [34mDEBUG[0m [2methereum_transaction_pool_monitor::mempool_monitor[0m[2m:[0m 🔍 Skipping tx 0xcd15b92819f81ad42a6ff33581635aab2aeb672b895abd6c3fd39f9711b05c59 - not a DEX interaction (target: 0xA0b86991c6218b36c1d19D4a2e9Eb0cE3606eB48)
[2m2025-12-10T10:13:13.931179Z[0m [34mDEBUG[0m [2mhyper::client::pool[0m[2m:[0m reuse idle connection for ("http", 192.168.0.14:8545)
[2m2025-12-10T10:13:13.931212Z[0m [34mDEBUG[0m [2mhyper::proto::h1::io[0m[2m:[0m flushed 172 bytes
[2m2025-12-10T10:13:13.934324Z[0m [34mDEBUG[0m [2mhyper::proto::h1::io[0m[2m:[0m parsed 4 headers
[2m2025-12-10T10:13:13.934333Z[0m [34mDEBUG[0m [2mhyper::proto::h1::conn[0m[2m:[0m incoming body is content-length (45 bytes)
[2m2025-12-10T10:13:13.934340Z[0m [34mDEBUG[0m [2mhyper::proto::h1::conn[0m[2m:[0m incoming body completed
[2m2025-12-10T10:13:13.934351Z[0m [34mDEBUG[0m [2mhyper::client::pool[0m[2m:[0m pooling idle connection for ("http", 192.168.0.14:8545)
[2m2025-12-10T10:13:13.998778Z[0m [34mDEBUG[0m [2mhyper::client::pool[0m[2m:[0m reuse idle connection for ("http", 192.168.0.14:8545)
[2m2025-12-10T10:13:13.998828Z[0m [34mDEBUG[0m [2mhyper::proto::h1::io[0m[2m:[0m flushed 172 bytes
[2m2025-12-10T10:13:14.006476Z[0m [34mDEBUG[0m [2mhyper::proto::h1::io[0m[2m:[0m parsed 4 headers
[2m2025-12-10T10:13:14.006474Z[0m [34mDEBUG[0m [2methereum_transaction_pool_monitor::eth_client[0m[2m:[0m 📨 Received WebSocket message: {"jsonrpc":"2.0","method":"eth_subscription","params":{"subscription":"0xbed0a0851463e895960a451075a301a9","result":"0x0b36756ee249121ceacbd467d4d69b98a53d3219231f518b48fece4807f38bf6"}}
[2m2025-12-10T10:13:14.006797Z[0m [34mDEBUG[0m [2mhyper::proto::h1::conn[0m[2m:[0m incoming body is content-length (45 bytes)
[2m2025-12-10T10:13:14.006810Z[0m [34mDEBUG[0m [2methereum_transaction_pool_monitor::eth_client[0m[2m:[0m 📨 Received pending transaction: 0x0b36756ee249121ceacbd467d4d69b98a53d3219231f518b48fece4807f38bf6
[2m2025-12-10T10:13:14.006815Z[0m [34mDEBUG[0m [2mhyper::proto::h1::conn[0m[2m:[0m incoming body completed
[2m2025-12-10T10:13:14.006823Z[0m [34mDEBUG[0m [2methereum_transaction_pool_monitor::mempool_monitor[0m[2m:[0m 📨 Processing new pending transaction: 0x0b36756ee249121ceacbd467d4d69b98a53d3219231f518b48fece4807f38bf6
[2m2025-12-10T10:13:14.006831Z[0m [34mDEBUG[0m [2methereum_transaction_pool_monitor::mempool_monitor[0m[2m:[0m 🔍 Fetching transaction details for: 0x0b36756ee249121ceacbd467d4d69b98a53d3219231f518b48fece4807f38bf6
[2m2025-12-10T10:13:14.006831Z[0m [34mDEBUG[0m [2mhyper::client::pool[0m[2m:[0m pooling idle connection for ("http", 192.168.0.14:8545)
[2m2025-12-10T10:13:14.006840Z[0m [34mDEBUG[0m [2methereum_transaction_pool_monitor::eth_client[0m[2m:[0m 🔍 Fetching transaction details for hash: 0x0b36756ee249121ceacbd467d4d69b98a53d3219231f518b48fece4807f38bf6
[2m2025-12-10T10:13:14.006864Z[0m [34mDEBUG[0m [2mhyper::client::pool[0m[2m:[0m reuse idle connection for ("http", 192.168.0.14:8545)
[2m2025-12-10T10:13:14.006888Z[0m [34mDEBUG[0m [2mhyper::proto::h1::io[0m[2m:[0m flushed 250 bytes
[2m2025-12-10T10:13:14.014161Z[0m [34mDEBUG[0m [2mhyper::proto::h1::io[0m[2m:[0m parsed 4 headers
[2m2025-12-10T10:13:14.014169Z[0m [34mDEBUG[0m [2mhyper::proto::h1::conn[0m[2m:[0m incoming body is content-length (644 bytes)
[2m2025-12-10T10:13:14.014175Z[0m [34mDEBUG[0m [2mhyper::proto::h1::conn[0m[2m:[0m incoming body completed
[2m2025-12-10T10:13:14.014183Z[0m [34mDEBUG[0m [2mhyper::client::pool[0m[2m:[0m pooling idle connection for ("http", 192.168.0.14:8545)
[2m2025-12-10T10:13:14.014189Z[0m [34mDEBUG[0m [2methereum_transaction_pool_monitor::eth_client[0m[2m:[0m 📡 Transaction fetch RPC completed in 7.339208ms
[2m2025-12-10T10:13:14.086097Z[0m [34mDEBUG[0m [2methereum_transaction_pool_monitor::eth_client[0m[2m:[0m ✅ Transaction 0x0b36756ee249121ceacbd467d4d69b98a53d3219231f518b48fece4807f38bf6 fetched and parsed in 79.245125ms
[2m2025-12-10T10:13:14.086126Z[0m [34mDEBUG[0m [2methereum_transaction_pool_monitor::mempool_monitor[0m[2m:[0m 🔍 Skipping tx 0x0b36756ee249121ceacbd467d4d69b98a53d3219231f518b48fece4807f38bf6 - not a DEX interaction (target: 0x277b4001dc7a34a7330D5AcFA5f1496333784370)
[2m2025-12-10T10:13:14.086179Z[0m [34mDEBUG[0m [2methereum_transaction_pool_monitor::eth_client[0m[2m:[0m 📨 Received WebSocket message: {"jsonrpc":"2.0","method":"eth_subscription","params":{"subscription":"0xbed0a0851463e895960a451075a301a9","result":"0xbe8d42e3a60deaa5eadf737f248e81a1bed366e21a0a10274723cecc49658932"}}
[2m2025-12-10T10:13:14.086189Z[0m [34mDEBUG[0m [2methereum_transaction_pool_monitor::eth_client[0m[2m:[0m 📨 Received pending transaction: 0xbe8d42e3a60deaa5eadf737f248e81a1bed366e21a0a10274723cecc49658932
[2m2025-12-10T10:13:14.086196Z[0m [34mDEBUG[0m [2methereum_transaction_pool_monitor::mempool_monitor[0m[2m:[0m 📨 Processing new pending transaction: 0xbe8d42e3a60deaa5eadf737f248e81a1bed366e21a0a10274723cecc49658932
[2m2025-12-10T10:13:14.086201Z[0m [34mDEBUG[0m [2methereum_transaction_pool_monitor::mempool_monitor[0m[2m:[0m 🔍 Fetching transaction details for: 0xbe8d42e3a60deaa5eadf737f248e81a1bed366e21a0a10274723cecc49658932
[2m2025-12-10T10:13:14.086206Z[0m [34mDEBUG[0m [2methereum_transaction_pool_monitor::eth_client[0m[2m:[0m 🔍 Fetching transaction details for hash: 0xbe8d42e3a60deaa5eadf737f248e81a1bed366e21a0a10274723cecc49658932
[2m2025-12-10T10:13:14.086229Z[0m [34mDEBUG[0m [2mhyper::client::pool[0m[2m:[0m reuse idle connection for ("http", 192.168.0.14:8545)
[2m2025-12-10T10:13:14.086252Z[0m [34mDEBUG[0m [2mhyper::proto::h1::io[0m[2m:[0m flushed 250 bytes
[2m2025-12-10T10:13:14.091013Z[0m [34mDEBUG[0m [2mhyper::proto::h1::io[0m[2m:[0m parsed 4 headers
[2m2025-12-10T10:13:14.091028Z[0m [34mDEBUG[0m [2mhyper::proto::h1::conn[0m[2m:[0m incoming body is content-length (762 bytes)
[2m2025-12-10T10:13:14.091037Z[0m [34mDEBUG[0m [2mhyper::proto::h1::conn[0m[2m:[0m incoming body completed
[2m2025-12-10T10:13:14.091048Z[0m [34mDEBUG[0m [2mhyper::client::pool[0m[2m:[0m pooling idle connection for ("http", 192.168.0.14:8545)
[2m2025-12-10T10:13:14.091056Z[0m [34mDEBUG[0m [2methereum_transaction_pool_monitor::eth_client[0m[2m:[0m 📡 Transaction fetch RPC completed in 4.845583ms
[2m2025-12-10T10:13:14.091074Z[0m [34mDEBUG[0m [2methereum_transaction_pool_monitor::eth_client[0m[2m:[0m DeFi transaction detected - Address: 0xdac17f958d2ee523a2206206994597c13d831ec7, Type: Stablecoin, Value: 0 ETH, Gas: 0.22 Gwei
[2m2025-12-10T10:13:14.091089Z[0m [34mDEBUG[0m [2methereum_transaction_pool_monitor::eth_client[0m[2m:[0m ✅ Transaction 0xbe8d42e3a60deaa5eadf737f248e81a1bed366e21a0a10274723cecc49658932 fetched and parsed in 4.877917ms
[2m2025-12-10T10:13:14.091095Z[0m [34mDEBUG[0m [2methereum_transaction_pool_monitor::mempool_monitor[0m[2m:[0m 🔍 Skipping tx 0xbe8d42e3a60deaa5eadf737f248e81a1bed366e21a0a10274723cecc49658932 - not a DEX interaction (target: 0xdAC17F958D2ee523a2206206994597C13D831ec7)
[2m2025-12-10T10:13:14.099007Z[0m [34mDEBUG[0m [2mhyper::client::pool[0m[2m:[0m reuse idle connection for ("http", 192.168.0.14:8545)
[2m2025-12-10T10:13:14.099064Z[0m [34mDEBUG[0m [2mhyper::proto::h1::io[0m[2m:[0m flushed 172 bytes
[2m2025-12-10T10:13:14.101432Z[0m [34mDEBUG[0m [2mhyper::proto::h1::io[0m[2m:[0m parsed 4 headers
[2m2025-12-10T10:13:14.101441Z[0m [34mDEBUG[0m [2mhyper::proto::h1::conn[0m[2m:[0m incoming body is content-length (45 bytes)
[2m2025-12-10T10:13:14.101448Z[0m [34mDEBUG[0m [2mhyper::proto::h1::conn[0m[2m:[0m incoming body completed
[2m2025-12-10T10:13:14.101457Z[0m [34mDEBUG[0m [2mhyper::client::pool[0m[2m:[0m pooling idle connection for ("http", 192.168.0.14:8545)
[2m2025-12-10T10:13:14.160142Z[0m [34mDEBUG[0m [2methereum_transaction_pool_monitor::eth_client[0m[2m:[0m 📨 Received WebSocket message: {"jsonrpc":"2.0","method":"eth_subscription","params":{"subscription":"0xbed0a0851463e895960a451075a301a9","result":"0xd2a63a6e09084875101c0fd4d30e582ab1b121b54ab50945c7f02392175800c5"}}
[2m2025-12-10T10:13:14.160447Z[0m [34mDEBUG[0m [2methereum_transaction_pool_monitor::eth_client[0m[2m:[0m 📨 Received pending transaction: 0xd2a63a6e09084875101c0fd4d30e582ab1b121b54ab50945c7f02392175800c5
[2m2025-12-10T10:13:14.160455Z[0m [34mDEBUG[0m [2methereum_transaction_pool_monitor::mempool_monitor[0m[2m:[0m 📨 Processing new pending transaction: 0xd2a63a6e09084875101c0fd4d30e582ab1b121b54ab50945c7f02392175800c5
[2m2025-12-10T10:13:14.160460Z[0m [34mDEBUG[0m [2methereum_transaction_pool_monitor::mempool_monitor[0m[2m:[0m 🔍 Fetching transaction details for: 0xd2a63a6e09084875101c0fd4d30e582ab1b121b54ab50945c7f02392175800c5
[2m2025-12-10T10:13:14.160464Z[0m [34mDEBUG[0m [2methereum_transaction_pool_monitor::eth_client[0m[2m:[0m 🔍 Fetching transaction details for hash: 0xd2a63a6e09084875101c0fd4d30e582ab1b121b54ab50945c7f02392175800c5
[2m2025-12-10T10:13:14.160487Z[0m [34mDEBUG[0m [2mhyper::client::pool[0m[2m:[0m reuse idle connection for ("http", 192.168.0.14:8545)
[2m2025-12-10T10:13:14.160510Z[0m [34mDEBUG[0m [2mhyper::proto::h1::io[0m[2m:[0m flushed 250 bytes
[2m2025-12-10T10:13:14.164005Z[0m [34mDEBUG[0m [2mhyper::proto::h1::io[0m[2m:[0m parsed 4 headers
[2m2025-12-10T10:13:14.164023Z[0m [34mDEBUG[0m [2mhyper::proto::h1::conn[0m[2m:[0m incoming body is content-length (763 bytes)
[2m2025-12-10T10:13:14.164044Z[0m [34mDEBUG[0m [2mhyper::proto::h1::conn[0m[2m:[0m incoming body completed
[2m2025-12-10T10:13:14.164066Z[0m [34mDEBUG[0m [2mhyper::client::pool[0m[2m:[0m pooling idle connection for ("http", 192.168.0.14:8545)
[2m2025-12-10T10:13:14.164098Z[0m [34mDEBUG[0m [2methereum_transaction_pool_monitor::eth_client[0m[2m:[0m 📡 Transaction fetch RPC completed in 3.629958ms
[2m2025-12-10T10:13:14.236160Z[0m [34mDEBUG[0m [2methereum_transaction_pool_monitor::eth_client[0m[2m:[0m ✅ Transaction 0xd2a63a6e09084875101c0fd4d30e582ab1b121b54ab50945c7f02392175800c5 fetched and parsed in 75.690208ms
[2m2025-12-10T10:13:14.236191Z[0m [34mDEBUG[0m [2methereum_transaction_pool_monitor::mempool_monitor[0m[2m:[0m 🔍 Skipping tx 0xd2a63a6e09084875101c0fd4d30e582ab1b121b54ab50945c7f02392175800c5 - not a DEX interaction (target: 0xd50370bEE8bFf23Bbb30ca558a1d0207DBc96ef2)
[2m2025-12-10T10:13:14.236229Z[0m [34mDEBUG[0m [2mhyper::client::pool[0m[2m:[0m reuse idle connection for ("http", 192.168.0.14:8545)
[2m2025-12-10T10:13:14.236271Z[0m [34mDEBUG[0m [2mhyper::proto::h1::io[0m[2m:[0m flushed 172 bytes
[2m2025-12-10T10:13:14.236306Z[0m [34mDEBUG[0m [2methereum_transaction_pool_monitor::eth_client[0m[2m:[0m 📨 Received WebSocket message: {"jsonrpc":"2.0","method":"eth_subscription","params":{"subscription":"0xbed0a0851463e895960a451075a301a9","result":"0x475c1a73d78462ec03ae1aab9be36078f8db7f0bd1c5f825bf98056918280dbc"}}
[2m2025-12-10T10:13:14.236314Z[0m [34mDEBUG[0m [2methereum_transaction_pool_monitor::eth_client[0m[2m:[0m 📨 Received pending transaction: 0x475c1a73d78462ec03ae1aab9be36078f8db7f0bd1c5f825bf98056918280dbc
[2m2025-12-10T10:13:14.236320Z[0m [34mDEBUG[0m [2methereum_transaction_pool_monitor::eth_client[0m[2m:[0m 📨 Received WebSocket message: {"jsonrpc":"2.0","method":"eth_subscription","params":{"subscription":"0xbed0a0851463e895960a451075a301a9","result":"0x6af6528e0ab36f60d022b1c299c07ac14273e36c3c70b72833de5e7e2afc0d0f"}}
[2m2025-12-10T10:13:14.236324Z[0m [34mDEBUG[0m [2methereum_transaction_pool_monitor::eth_client[0m[2m:[0m 📨 Received pending transaction: 0x6af6528e0ab36f60d022b1c299c07ac14273e36c3c70b72833de5e7e2afc0d0f
[2m2025-12-10T10:13:14.236330Z[0m [34mDEBUG[0m [2methereum_transaction_pool_monitor::mempool_monitor[0m[2m:[0m 📨 Processing new pending transaction: 0x475c1a73d78462ec03ae1aab9be36078f8db7f0bd1c5f825bf98056918280dbc
[2m2025-12-10T10:13:14.236335Z[0m [34mDEBUG[0m [2methereum_transaction_pool_monitor::mempool_monitor[0m[2m:[0m 🔍 Fetching transaction details for: 0x475c1a73d78462ec03ae1aab9be36078f8db7f0bd1c5f825bf98056918280dbc
[2m2025-12-10T10:13:14.236338Z[0m [34mDEBUG[0m [2methereum_transaction_pool_monitor::eth_client[0m[2m:[0m 🔍 Fetching transaction details for hash: 0x475c1a73d78462ec03ae1aab9be36078f8db7f0bd1c5f825bf98056918280dbc
[2m2025-12-10T10:13:14.236347Z[0m [34mDEBUG[0m [2mhyper::client::pool[0m[2m:[0m reuse idle connection for ("http", 192.168.0.14:8545)
[2m2025-12-10T10:13:14.236359Z[0m [34mDEBUG[0m [2mhyper::proto::h1::io[0m[2m:[0m flushed 250 bytes
[2m2025-12-10T10:13:14.239796Z[0m [34mDEBUG[0m [2mhyper::proto::h1::io[0m[2m:[0m parsed 4 headers
[2m2025-12-10T10:13:14.239808Z[0m [34mDEBUG[0m [2mhyper::proto::h1::conn[0m[2m:[0m incoming body is content-length (45 bytes)
[2m2025-12-10T10:13:14.239814Z[0m [34mDEBUG[0m [2mhyper::proto::h1::conn[0m[2m:[0m incoming body completed
[2m2025-12-10T10:13:14.239822Z[0m [34mDEBUG[0m [2mhyper::client::pool[0m[2m:[0m pooling idle connection for ("http", 192.168.0.14:8545)
[2m2025-12-10T10:13:14.242011Z[0m [34mDEBUG[0m [2mhyper::proto::h1::io[0m[2m:[0m parsed 4 headers
[2m2025-12-10T10:13:14.242021Z[0m [34mDEBUG[0m [2mhyper::proto::h1::conn[0m[2m:[0m incoming body is content-length (1731 bytes)
[2m2025-12-10T10:13:14.242027Z[0m [34mDEBUG[0m [2mhyper::proto::h1::conn[0m[2m:[0m incoming body completed
[2m2025-12-10T10:13:14.242034Z[0m [34mDEBUG[0m [2mhyper::client::pool[0m[2m:[0m pooling idle connection for ("http", 192.168.0.14:8545)
[2m2025-12-10T10:13:14.242041Z[0m [34mDEBUG[0m [2methereum_transaction_pool_monitor::eth_client[0m[2m:[0m 📡 Transaction fetch RPC completed in 5.698708ms
[2m2025-12-10T10:13:14.314015Z[0m [34mDEBUG[0m [2methereum_transaction_pool_monitor::eth_client[0m[2m:[0m ✅ Transaction 0x475c1a73d78462ec03ae1aab9be36078f8db7f0bd1c5f825bf98056918280dbc fetched and parsed in 77.67025ms
[2m2025-12-10T10:13:14.314046Z[0m [34mDEBUG[0m [2methereum_transaction_pool_monitor::mempool_monitor[0m[2m:[0m 🔍 Skipping tx 0x475c1a73d78462ec03ae1aab9be36078f8db7f0bd1c5f825bf98056918280dbc - not a DEX interaction (target: 0x601a2aD6CB5949f0529735254189Ba3194221EDF)
[2m2025-12-10T10:13:14.314059Z[0m [34mDEBUG[0m [2methereum_transaction_pool_monitor::mempool_monitor[0m[2m:[0m 📨 Processing new pending transaction: 0x6af6528e0ab36f60d022b1c299c07ac14273e36c3c70b72833de5e7e2afc0d0f
[2m2025-12-10T10:13:14.314068Z[0m [34mDEBUG[0m [2methereum_transaction_pool_monitor::mempool_monitor[0m[2m:[0m 🔍 Fetching transaction details for: 0x6af6528e0ab36f60d022b1c299c07ac14273e36c3c70b72833de5e7e2afc0d0f
[2m2025-12-10T10:13:14.314074Z[0m [34mDEBUG[0m [2methereum_transaction_pool_monitor::eth_client[0m[2m:[0m 🔍 Fetching transaction details for hash: 0x6af6528e0ab36f60d022b1c299c07ac14273e36c3c70b72833de5e7e2afc0d0f
[2m2025-12-10T10:13:14.314097Z[0m [34mDEBUG[0m [2mhyper::client::pool[0m[2m:[0m reuse idle connection for ("http", 192.168.0.14:8545)
[2m2025-12-10T10:13:14.314131Z[0m [34mDEBUG[0m [2mhyper::proto::h1::io[0m[2m:[0m flushed 250 bytes
[2m2025-12-10T10:13:14.314163Z[0m [34mDEBUG[0m [2mhyper::client::pool[0m[2m:[0m reuse idle connection for ("http", 192.168.0.14:8545)
[2m2025-12-10T10:13:14.314179Z[0m [34mDEBUG[0m [2mhyper::proto::h1::io[0m[2m:[0m flushed 172 bytes
[2m2025-12-10T10:13:14.318899Z[0m [34mDEBUG[0m [2mhyper::proto::h1::io[0m[2m:[0m parsed 4 headers
[2m2025-12-10T10:13:14.318919Z[0m [34mDEBUG[0m [2mhyper::proto::h1::conn[0m[2m:[0m incoming body is content-length (1732 bytes)
[2m2025-12-10T10:13:14.318963Z[0m [34mDEBUG[0m [2methereum_transaction_pool_monitor::eth_client[0m[2m:[0m 📡 Transaction fetch RPC completed in 4.883334ms
[2m2025-12-10T10:13:14.320784Z[0m [34mDEBUG[0m [2mhyper::proto::h1::conn[0m[2m:[0m incoming body completed
[2m2025-12-10T10:13:14.320797Z[0m [34mDEBUG[0m [2mhyper::client::pool[0m[2m:[0m pooling idle connection for ("http", 192.168.0.14:8545)
[2m2025-12-10T10:13:14.320862Z[0m [34mDEBUG[0m [2mhyper::proto::h1::io[0m[2m:[0m parsed 4 headers
[2m2025-12-10T10:13:14.320867Z[0m [34mDEBUG[0m [2mhyper::proto::h1::conn[0m[2m:[0m incoming body is content-length (45 bytes)
[2m2025-12-10T10:13:14.320872Z[0m [34mDEBUG[0m [2mhyper::proto::h1::conn[0m[2m:[0m incoming body completed
[2m2025-12-10T10:13:14.320879Z[0m [34mDEBUG[0m [2mhyper::client::pool[0m[2m:[0m pooling idle connection for ("http", 192.168.0.14:8545)
[2m2025-12-10T10:13:14.392817Z[0m [34mDEBUG[0m [2methereum_transaction_pool_monitor::eth_client[0m[2m:[0m ✅ Transaction 0x6af6528e0ab36f60d022b1c299c07ac14273e36c3c70b72833de5e7e2afc0d0f fetched and parsed in 78.734459ms
[2m2025-12-10T10:13:14.392847Z[0m [34mDEBUG[0m [2methereum_transaction_pool_monitor::mempool_monitor[0m[2m:[0m 🔍 Skipping tx 0x6af6528e0ab36f60d022b1c299c07ac14273e36c3c70b72833de5e7e2afc0d0f - not a DEX interaction (target: 0x601a2aD6CB5949f0529735254189Ba3194221EDF)
[2m2025-12-10T10:13:14.398947Z[0m [34mDEBUG[0m [2mhyper::client::pool[0m[2m:[0m reuse idle connection for ("http", 192.168.0.14:8545)
[2m2025-12-10T10:13:14.399022Z[0m [34mDEBUG[0m [2mhyper::proto::h1::io[0m[2m:[0m flushed 172 bytes
[2m2025-12-10T10:13:14.401994Z[0m [34mDEBUG[0m [2mhyper::proto::h1::io[0m[2m:[0m parsed 4 headers
[2m2025-12-10T10:13:14.402008Z[0m [34mDEBUG[0m [2mhyper::proto::h1::conn[0m[2m:[0m incoming body is content-length (45 bytes)
[2m2025-12-10T10:13:14.402017Z[0m [34mDEBUG[0m [2mhyper::proto::h1::conn[0m[2m:[0m incoming body completed
[2m2025-12-10T10:13:14.402026Z[0m [34mDEBUG[0m [2mhyper::client::pool[0m[2m:[0m pooling idle connection for ("http", 192.168.0.14:8545)
[2m2025-12-10T10:13:14.499458Z[0m [34mDEBUG[0m [2mhyper::client::pool[0m[2m:[0m reuse idle connection for ("http", 192.168.0.14:8545)
[2m2025-12-10T10:13:14.499544Z[0m [34mDEBUG[0m [2mhyper::proto::h1::io[0m[2m:[0m flushed 172 bytes
[2m2025-12-10T10:13:14.502934Z[0m [34mDEBUG[0m [2mhyper::proto::h1::io[0m[2m:[0m parsed 4 headers
[2m2025-12-10T10:13:14.502953Z[0m [34mDEBUG[0m [2mhyper::proto::h1::conn[0m[2m:[0m incoming body is content-length (45 bytes)
[2m2025-12-10T10:13:14.502976Z[0m [34mDEBUG[0m [2mhyper::proto::h1::conn[0m[2m:[0m incoming body completed
[2m2025-12-10T10:13:14.502988Z[0m [34mDEBUG[0m [2mhyper::client::pool[0m[2m:[0m pooling idle connection for ("http", 192.168.0.14:8545)
[2m2025-12-10T10:13:14.570119Z[0m [34mDEBUG[0m [2methereum_transaction_pool_monitor::eth_client[0m[2m:[0m 📨 Received WebSocket message: {"jsonrpc":"2.0","method":"eth_subscription","params":{"subscription":"0xbed0a0851463e895960a451075a301a9","result":"0x0d83ea30e9192e673c964045057e85a83a75d3094f094905480d9ae164ce1439"}}
[2m2025-12-10T10:13:14.570169Z[0m [34mDEBUG[0m [2methereum_transaction_pool_monitor::eth_client[0m[2m:[0m 📨 Received pending transaction: 0x0d83ea30e9192e673c964045057e85a83a75d3094f094905480d9ae164ce1439
[2m2025-12-10T10:13:14.570182Z[0m [34mDEBUG[0m [2methereum_transaction_pool_monitor::mempool_monitor[0m[2m:[0m 📨 Processing new pending transaction: 0x0d83ea30e9192e673c964045057e85a83a75d3094f094905480d9ae164ce1439
[2m2025-12-10T10:13:14.570190Z[0m [34mDEBUG[0m [2methereum_transaction_pool_monitor::mempool_monitor[0m[2m:[0m 🔍 Fetching transaction details for: 0x0d83ea30e9192e673c964045057e85a83a75d3094f094905480d9ae164ce1439
[2m2025-12-10T10:13:14.570197Z[0m [34mDEBUG[0m [2methereum_transaction_pool_monitor::eth_client[0m[2m:[0m 🔍 Fetching transaction details for hash: 0x0d83ea30e9192e673c964045057e85a83a75d3094f094905480d9ae164ce1439
[2m2025-12-10T10:13:14.570221Z[0m [34mDEBUG[0m [2mhyper::client::pool[0m[2m:[0m reuse idle connection for ("http", 192.168.0.14:8545)
[2m2025-12-10T10:13:14.570255Z[0m [34mDEBUG[0m [2mhyper::proto::h1::io[0m[2m:[0m flushed 250 bytes
[2m2025-12-10T10:13:14.571378Z[0m [34mDEBUG[0m [2methereum_transaction_pool_monitor::eth_client[0m[2m:[0m 📨 Received WebSocket message: {"jsonrpc":"2.0","method":"eth_subscription","params":{"subscription":"0xbed0a0851463e895960a451075a301a9","result":"0x6fd3ac15e26e17da6f4ca55287115e8d3db56b571e095ca18cabbd6f0ae65d77"}}
[2m2025-12-10T10:13:14.571401Z[0m [34mDEBUG[0m [2methereum_transaction_pool_monitor::eth_client[0m[2m:[0m 📨 Received pending transaction: 0x6fd3ac15e26e17da6f4ca55287115e8d3db56b571e095ca18cabbd6f0ae65d77
[2m2025-12-10T10:13:14.576738Z[0m [34mDEBUG[0m [2mhyper::proto::h1::io[0m[2m:[0m parsed 4 headers
[2m2025-12-10T10:13:14.576748Z[0m [34mDEBUG[0m [2mhyper::proto::h1::conn[0m[2m:[0m incoming body is content-length (646 bytes)
[2m2025-12-10T10:13:14.576755Z[0m [34mDEBUG[0m [2mhyper::proto::h1::conn[0m[2m:[0m incoming body completed
[2m2025-12-10T10:13:14.576765Z[0m [34mDEBUG[0m [2mhyper::client::pool[0m[2m:[0m pooling idle connection for ("http", 192.168.0.14:8545)
[2m2025-12-10T10:13:14.576771Z[0m [34mDEBUG[0m [2methereum_transaction_pool_monitor::eth_client[0m[2m:[0m 📡 Transaction fetch RPC completed in 6.567083ms
[2m2025-12-10T10:13:14.651560Z[0m [34mDEBUG[0m [2methereum_transaction_pool_monitor::eth_client[0m[2m:[0m ✅ Transaction 0x0d83ea30e9192e673c964045057e85a83a75d3094f094905480d9ae164ce1439 fetched and parsed in 81.35425ms
[2m2025-12-10T10:13:14.651589Z[0m [34mDEBUG[0m [2methereum_transaction_pool_monitor::mempool_monitor[0m[2m:[0m 🔍 Skipping tx 0x0d83ea30e9192e673c964045057e85a83a75d3094f094905480d9ae164ce1439 - not a DEX interaction (target: 0x842389Bbc36BcCaCEBE5518d8BCC2965B9d4b325)
[2m2025-12-10T10:13:14.651600Z[0m [34mDEBUG[0m [2methereum_transaction_pool_monitor::mempool_monitor[0m[2m:[0m 📨 Processing new pending transaction: 0x6fd3ac15e26e17da6f4ca55287115e8d3db56b571e095ca18cabbd6f0ae65d77
[2m2025-12-10T10:13:14.651605Z[0m [34mDEBUG[0m [2methereum_transaction_pool_monitor::mempool_monitor[0m[2m:[0m 🔍 Fetching transaction details for: 0x6fd3ac15e26e17da6f4ca55287115e8d3db56b571e095ca18cabbd6f0ae65d77
[2m2025-12-10T10:13:14.651609Z[0m [34mDEBUG[0m [2methereum_transaction_pool_monitor::eth_client[0m[2m:[0m 🔍 Fetching transaction details for hash: 0x6fd3ac15e26e17da6f4ca55287115e8d3db56b571e095ca18cabbd6f0ae65d77
[2m2025-12-10T10:13:14.651628Z[0m [34mDEBUG[0m [2mhyper::client::pool[0m[2m:[0m reuse idle connection for ("http", 192.168.0.14:8545)
[2m2025-12-10T10:13:14.651665Z[0m [34mDEBUG[0m [2mhyper::proto::h1::io[0m[2m:[0m flushed 250 bytes
[2m2025-12-10T10:13:14.651693Z[0m [34mDEBUG[0m [2mhyper::client::pool[0m[2m:[0m reuse idle connection for ("http", 192.168.0.14:8545)
[2m2025-12-10T10:13:14.651710Z[0m [34mDEBUG[0m [2mhyper::proto::h1::io[0m[2m:[0m flushed 172 bytes
[2m2025-12-10T10:13:14.655508Z[0m [34mDEBUG[0m [2mhyper::proto::h1::io[0m[2m:[0m parsed 4 headers
[2m2025-12-10T10:13:14.655513Z[0m [34mDEBUG[0m [2mhyper::proto::h1::conn[0m[2m:[0m incoming body is content-length (45 bytes)
[2m2025-12-10T10:13:14.655520Z[0m [34mDEBUG[0m [2mhyper::proto::h1::conn[0m[2m:[0m incoming body completed
[2m2025-12-10T10:13:14.655529Z[0m [34mDEBUG[0m [2mhyper::client::pool[0m[2m:[0m pooling idle connection for ("http", 192.168.0.14:8545)
[2m2025-12-10T10:13:14.660504Z[0m [34mDEBUG[0m [2mhyper::proto::h1::io[0m[2m:[0m parsed 4 headers
[2m2025-12-10T10:13:14.660511Z[0m [34mDEBUG[0m [2mhyper::proto::h1::conn[0m[2m:[0m incoming body is content-length (774 bytes)
[2m2025-12-10T10:13:14.660516Z[0m [34mDEBUG[0m [2mhyper::proto::h1::conn[0m[2m:[0m incoming body completed
[2m2025-12-10T10:13:14.660523Z[0m [34mDEBUG[0m [2mhyper::client::pool[0m[2m:[0m pooling idle connection for ("http", 192.168.0.14:8545)
[2m2025-12-10T10:13:14.660528Z[0m [34mDEBUG[0m [2methereum_transaction_pool_monitor::eth_client[0m[2m:[0m 📡 Transaction fetch RPC completed in 8.914167ms
[2m2025-12-10T10:13:14.660542Z[0m [34mDEBUG[0m [2methereum_transaction_pool_monitor::eth_client[0m[2m:[0m DeFi transaction detected - Address: 0xc00e94cb662c3520282e6f5717214004a7f26888, Type: TokenContract, Value: 0 ETH, Gas: 5.76 Gwei
[2m2025-12-10T10:13:14.660553Z[0m [34mDEBUG[0m [2methereum_transaction_pool_monitor::eth_client[0m[2m:[0m ✅ Transaction 0x6fd3ac15e26e17da6f4ca55287115e8d3db56b571e095ca18cabbd6f0ae65d77 fetched and parsed in 8.939334ms
[2m2025-12-10T10:13:14.660558Z[0m [34mDEBUG[0m [2methereum_transaction_pool_monitor::mempool_monitor[0m[2m:[0m 🔍 Skipping tx 0x6fd3ac15e26e17da6f4ca55287115e8d3db56b571e095ca18cabbd6f0ae65d77 - not a DEX interaction (target: 0xc00e94Cb662C3520282E6f5717214004A7f26888)
[2m2025-12-10T10:13:14.670370Z[0m [34mDEBUG[0m [2methereum_transaction_pool_monitor::eth_client[0m[2m:[0m 📨 Received WebSocket message: {"jsonrpc":"2.0","method":"eth_subscription","params":{"subscription":"0xbed0a0851463e895960a451075a301a9","result":"0x68ea4d985ffe037446033bdaf4cbc50edb805b8aec098623262e0f928d1af902"}}
[2m2025-12-10T10:13:14.670394Z[0m [34mDEBUG[0m [2methereum_transaction_pool_monitor::eth_client[0m[2m:[0m 📨 Received pending transaction: 0x68ea4d985ffe037446033bdaf4cbc50edb805b8aec098623262e0f928d1af902
[2m2025-12-10T10:13:14.670403Z[0m [34mDEBUG[0m [2methereum_transaction_pool_monitor::mempool_monitor[0m[2m:[0m 📨 Processing new pending transaction: 0x68ea4d985ffe037446033bdaf4cbc50edb805b8aec098623262e0f928d1af902
[2m2025-12-10T10:13:14.670408Z[0m [34mDEBUG[0m [2methereum_transaction_pool_monitor::mempool_monitor[0m[2m:[0m 🔍 Fetching transaction details for: 0x68ea4d985ffe037446033bdaf4cbc50edb805b8aec098623262e0f928d1af902
[2m2025-12-10T10:13:14.670411Z[0m [34mDEBUG[0m [2methereum_transaction_pool_monitor::eth_client[0m[2m:[0m 🔍 Fetching transaction details for hash: 0x68ea4d985ffe037446033bdaf4cbc50edb805b8aec098623262e0f928d1af902
[2m2025-12-10T10:13:14.670440Z[0m [34mDEBUG[0m [2mhyper::client::pool[0m[2m:[0m reuse idle connection for ("http", 192.168.0.14:8545)
[2m2025-12-10T10:13:14.670461Z[0m [34mDEBUG[0m [2mhyper::proto::h1::io[0m[2m:[0m flushed 250 bytes
[2m2025-12-10T10:13:14.675456Z[0m [34mDEBUG[0m [2mhyper::proto::h1::io[0m[2m:[0m parsed 4 headers
[2m2025-12-10T10:13:14.675463Z[0m [34mDEBUG[0m [2mhyper::proto::h1::conn[0m[2m:[0m incoming body is content-length (830 bytes)
[2m2025-12-10T10:13:14.675469Z[0m [34mDEBUG[0m [2mhyper::proto::h1::conn[0m[2m:[0m incoming body completed
[2m2025-12-10T10:13:14.675476Z[0m [34mDEBUG[0m [2mhyper::client::pool[0m[2m:[0m pooling idle connection for ("http", 192.168.0.14:8545)
[2m2025-12-10T10:13:14.675481Z[0m [34mDEBUG[0m [2methereum_transaction_pool_monitor::eth_client[0m[2m:[0m 📡 Transaction fetch RPC completed in 5.052792ms
[2m2025-12-10T10:13:14.746339Z[0m [34mDEBUG[0m [2methereum_transaction_pool_monitor::eth_client[0m[2m:[0m ✅ Transaction 0x68ea4d985ffe037446033bdaf4cbc50edb805b8aec098623262e0f928d1af902 fetched and parsed in 75.908167ms
[2m2025-12-10T10:13:14.750682Z[0m [34mDEBUG[0m [2methereum_transaction_pool_monitor::mempool_monitor[0m[2m:[0m 🔍 Skipping tx 0x68ea4d985ffe037446033bdaf4cbc50edb805b8aec098623262e0f928d1af902 - not a DEX interaction (target: 0x3B4D794a66304F130a4Db8F2551B0070dfCf5ca7)
[2m2025-12-10T10:13:14.750723Z[0m [34mDEBUG[0m [2mhyper::client::pool[0m[2m:[0m reuse idle connection for ("http", 192.168.0.14:8545)
[2m2025-12-10T10:13:14.750747Z[0m [34mDEBUG[0m [2mhyper::proto::h1::io[0m[2m:[0m flushed 172 bytes
[2m2025-12-10T10:13:14.750788Z[0m [34mDEBUG[0m [2methereum_transaction_pool_monitor::eth_client[0m[2m:[0m 📨 Received WebSocket message: {"jsonrpc":"2.0","method":"eth_subscription","params":{"subscription":"0xbed0a0851463e895960a451075a301a9","result":"0xf4f8c88e3f0caa60c1c145efa6dd90d3fbc8a8036fa7b15973ff3d28392f3134"}}
[2m2025-12-10T10:13:14.750797Z[0m [34mDEBUG[0m [2methereum_transaction_pool_monitor::eth_client[0m[2m:[0m 📨 Received pending transaction: 0xf4f8c88e3f0caa60c1c145efa6dd90d3fbc8a8036fa7b15973ff3d28392f3134
[2m2025-12-10T10:13:14.750803Z[0m [34mDEBUG[0m [2methereum_transaction_pool_monitor::mempool_monitor[0m[2m:[0m 📨 Processing new pending transaction: 0xf4f8c88e3f0caa60c1c145efa6dd90d3fbc8a8036fa7b15973ff3d28392f3134
[2m2025-12-10T10:13:14.750807Z[0m [34mDEBUG[0m [2methereum_transaction_pool_monitor::mempool_monitor[0m[2m:[0m 🔍 Fetching transaction details for: 0xf4f8c88e3f0caa60c1c145efa6dd90d3fbc8a8036fa7b15973ff3d28392f3134
[2m2025-12-10T10:13:14.750811Z[0m [34mDEBUG[0m [2methereum_transaction_pool_monitor::eth_client[0m[2m:[0m 🔍 Fetching transaction details for hash: 0xf4f8c88e3f0caa60c1c145efa6dd90d3fbc8a8036fa7b15973ff3d28392f3134
[2m2025-12-10T10:13:14.750818Z[0m [34mDEBUG[0m [2mhyper::client::pool[0m[2m:[0m reuse idle connection for ("http", 192.168.0.14:8545)
[2m2025-12-10T10:13:14.750830Z[0m [34mDEBUG[0m [2mhyper::proto::h1::io[0m[2m:[0m flushed 250 bytes
[2m2025-12-10T10:13:14.754346Z[0m [34mDEBUG[0m [2mhyper::proto::h1::io[0m[2m:[0m parsed 4 headers
[2m2025-12-10T10:13:14.754357Z[0m [34mDEBUG[0m [2mhyper::proto::h1::conn[0m[2m:[0m incoming body is content-length (45 bytes)
[2m2025-12-10T10:13:14.754364Z[0m [34mDEBUG[0m [2mhyper::proto::h1::conn[0m[2m:[0m incoming body completed
[2m2025-12-10T10:13:14.754374Z[0m [34mDEBUG[0m [2mhyper::client::pool[0m[2m:[0m pooling idle connection for ("http", 192.168.0.14:8545)
[2m2025-12-10T10:13:14.755387Z[0m [34mDEBUG[0m [2mhyper::proto::h1::io[0m[2m:[0m parsed 4 headers
[2m2025-12-10T10:13:14.755392Z[0m [34mDEBUG[0m [2mhyper::proto::h1::conn[0m[2m:[0m incoming body is content-length (767 bytes)
[2m2025-12-10T10:13:14.755396Z[0m [34mDEBUG[0m [2mhyper::proto::h1::conn[0m[2m:[0m incoming body completed
[2m2025-12-10T10:13:14.755400Z[0m [34mDEBUG[0m [2mhyper::client::pool[0m[2m:[0m pooling idle connection for ("http", 192.168.0.14:8545)
[2m2025-12-10T10:13:14.755404Z[0m [34mDEBUG[0m [2methereum_transaction_pool_monitor::eth_client[0m[2m:[0m 📡 Transaction fetch RPC completed in 4.589958ms
[2m2025-12-10T10:13:14.755415Z[0m [34mDEBUG[0m [2methereum_transaction_pool_monitor::eth_client[0m[2m:[0m DeFi transaction detected - Address: 0x7fc66500c84a76ad7e9c93437bfc5ac33e2ddae9, Type: TokenContract, Value: 0 ETH, Gas: 0.23 Gwei
[2m2025-12-10T10:13:14.755426Z[0m [34mDEBUG[0m [2methereum_transaction_pool_monitor::eth_client[0m[2m:[0m ✅ Transaction 0xf4f8c88e3f0caa60c1c145efa6dd90d3fbc8a8036fa7b15973ff3d28392f3134 fetched and parsed in 4.611708ms
[2m2025-12-10T10:13:14.755430Z[0m [34mDEBUG[0m [2methereum_transaction_pool_monitor::mempool_monitor[0m[2m:[0m 🔍 Skipping tx 0xf4f8c88e3f0caa60c1c145efa6dd90d3fbc8a8036fa7b15973ff3d28392f3134 - not a DEX interaction (target: 0x7Fc66500c84A76Ad7e9c93437bFc5Ac33E2DDaE9)
[2m2025-12-10T10:13:14.776204Z[0m [34mDEBUG[0m [2methereum_transaction_pool_monitor::eth_client[0m[2m:[0m 📨 Received WebSocket message: {"jsonrpc":"2.0","method":"eth_subscription","params":{"subscription":"0xbed0a0851463e895960a451075a301a9","result":"0xa3b9dac802ac4bec5f05ac04ab1dcffcbbedade9fd634ddc4c686e5a41e29983"}}
[2m2025-12-10T10:13:14.776255Z[0m [34mDEBUG[0m [2methereum_transaction_pool_monitor::eth_client[0m[2m:[0m 📨 Received pending transaction: 0xa3b9dac802ac4bec5f05ac04ab1dcffcbbedade9fd634ddc4c686e5a41e29983
[2m2025-12-10T10:13:14.776264Z[0m [34mDEBUG[0m [2methereum_transaction_pool_monitor::mempool_monitor[0m[2m:[0m 📨 Processing new pending transaction: 0xa3b9dac802ac4bec5f05ac04ab1dcffcbbedade9fd634ddc4c686e5a41e29983
[2m2025-12-10T10:13:14.776268Z[0m [34mDEBUG[0m [2methereum_transaction_pool_monitor::mempool_monitor[0m[2m:[0m 🔍 Fetching transaction details for: 0xa3b9dac802ac4bec5f05ac04ab1dcffcbbedade9fd634ddc4c686e5a41e29983
[2m2025-12-10T10:13:14.776273Z[0m [34mDEBUG[0m [2methereum_transaction_pool_monitor::eth_client[0m[2m:[0m 🔍 Fetching transaction details for hash: 0xa3b9dac802ac4bec5f05ac04ab1dcffcbbedade9fd634ddc4c686e5a41e29983
[2m2025-12-10T10:13:14.776294Z[0m [34mDEBUG[0m [2mhyper::client::pool[0m[2m:[0m reuse idle connection for ("http", 192.168.0.14:8545)
[2m2025-12-10T10:13:14.776317Z[0m [34mDEBUG[0m [2mhyper::proto::h1::io[0m[2m:[0m flushed 250 bytes
[2m2025-12-10T10:13:14.780470Z[0m [34mDEBUG[0m [2mhyper::proto::h1::io[0m[2m:[0m parsed 4 headers
[2m2025-12-10T10:13:14.780479Z[0m [34mDEBUG[0m [2mhyper::proto::h1::conn[0m[2m:[0m incoming body is content-length (830 bytes)
[2m2025-12-10T10:13:14.780485Z[0m [34mDEBUG[0m [2mhyper::proto::h1::conn[0m[2m:[0m incoming body completed
[2m2025-12-10T10:13:14.780493Z[0m [34mDEBUG[0m [2mhyper::client::pool[0m[2m:[0m pooling idle connection for ("http", 192.168.0.14:8545)
[2m2025-12-10T10:13:14.780498Z[0m [34mDEBUG[0m [2methereum_transaction_pool_monitor::eth_client[0m[2m:[0m 📡 Transaction fetch RPC completed in 4.221833ms
[2m2025-12-10T10:13:14.851700Z[0m [34mDEBUG[0m [2methereum_transaction_pool_monitor::eth_client[0m[2m:[0m ✅ Transaction 0xa3b9dac802ac4bec5f05ac04ab1dcffcbbedade9fd634ddc4c686e5a41e29983 fetched and parsed in 75.420958ms
[2m2025-12-10T10:13:14.851725Z[0m [34mDEBUG[0m [2methereum_transaction_pool_monitor::mempool_monitor[0m[2m:[0m 🔍 Skipping tx 0xa3b9dac802ac4bec5f05ac04ab1dcffcbbedade9fd634ddc4c686e5a41e29983 - not a DEX interaction (target: 0x3B4D794a66304F130a4Db8F2551B0070dfCf5ca7)
[2m2025-12-10T10:13:14.851830Z[0m [34mDEBUG[0m [2mhyper::client::pool[0m[2m:[0m reuse idle connection for ("http", 192.168.0.14:8545)
[2m2025-12-10T10:13:14.851841Z[0m [34mDEBUG[0m [2methereum_transaction_pool_monitor::eth_client[0m[2m:[0m 📨 Received WebSocket message: {"jsonrpc":"2.0","method":"eth_subscription","params":{"subscription":"0xbed0a0851463e895960a451075a301a9","result":"0x8b45828aaa5854e4c69a0477ee12d9393811578e727bf9654d72b90978d24107"}}
[2m2025-12-10T10:13:14.851851Z[0m [34mDEBUG[0m [2methereum_transaction_pool_monitor::eth_client[0m[2m:[0m 📨 Received pending transaction: 0x8b45828aaa5854e4c69a0477ee12d9393811578e727bf9654d72b90978d24107
[2m2025-12-10T10:13:14.851851Z[0m [34mDEBUG[0m [2mhyper::proto::h1::io[0m[2m:[0m flushed 172 bytes
[2m2025-12-10T10:13:14.851859Z[0m [34mDEBUG[0m [2methereum_transaction_pool_monitor::mempool_monitor[0m[2m:[0m 📨 Processing new pending transaction: 0x8b45828aaa5854e4c69a0477ee12d9393811578e727bf9654d72b90978d24107
[2m2025-12-10T10:13:14.851867Z[0m [34mDEBUG[0m [2methereum_transaction_pool_monitor::mempool_monitor[0m[2m:[0m 🔍 Fetching transaction details for: 0x8b45828aaa5854e4c69a0477ee12d9393811578e727bf9654d72b90978d24107
[2m2025-12-10T10:13:14.851871Z[0m [34mDEBUG[0m [2methereum_transaction_pool_monitor::eth_client[0m[2m:[0m 🔍 Fetching transaction details for hash: 0x8b45828aaa5854e4c69a0477ee12d9393811578e727bf9654d72b90978d24107
[2m2025-12-10T10:13:14.851880Z[0m [34mDEBUG[0m [2mhyper::client::pool[0m[2m:[0m reuse idle connection for ("http", 192.168.0.14:8545)
[2m2025-12-10T10:13:14.851891Z[0m [34mDEBUG[0m [2mhyper::proto::h1::io[0m[2m:[0m flushed 250 bytes
[2m2025-12-10T10:13:14.856303Z[0m [34mDEBUG[0m [2mhyper::proto::h1::io[0m[2m:[0m parsed 4 headers
[2m2025-12-10T10:13:14.856321Z[0m [34mDEBUG[0m [2mhyper::proto::h1::conn[0m[2m:[0m incoming body is content-length (45 bytes)
[2m2025-12-10T10:13:14.856345Z[0m [34mDEBUG[0m [2mhyper::proto::h1::conn[0m[2m:[0m incoming body completed
[2m2025-12-10T10:13:14.856360Z[0m [34mDEBUG[0m [2mhyper::client::pool[0m[2m:[0m pooling idle connection for ("http", 192.168.0.14:8545)
[2m2025-12-10T10:13:14.858397Z[0m [34mDEBUG[0m [2mhyper::proto::h1::io[0m[2m:[0m parsed 4 headers
[2m2025-12-10T10:13:14.858427Z[0m [34mDEBUG[0m [2mhyper::proto::h1::conn[0m[2m:[0m incoming body is content-length (830 bytes)
[2m2025-12-10T10:13:14.858441Z[0m [34mDEBUG[0m [2mhyper::proto::h1::conn[0m[2m:[0m incoming body completed
[2m2025-12-10T10:13:14.858447Z[0m [34mDEBUG[0m [2mhyper::client::pool[0m[2m:[0m pooling idle connection for ("http", 192.168.0.14:8545)
[2m2025-12-10T10:13:14.858452Z[0m [34mDEBUG[0m [2methereum_transaction_pool_monitor::eth_client[0m[2m:[0m 📡 Transaction fetch RPC completed in 6.5775ms
[2m2025-12-10T10:13:14.929067Z[0m [34mDEBUG[0m [2methereum_transaction_pool_monitor::eth_client[0m[2m:[0m ✅ Transaction 0x8b45828aaa5854e4c69a0477ee12d9393811578e727bf9654d72b90978d24107 fetched and parsed in 77.189666ms
[2m2025-12-10T10:13:14.929093Z[0m [34mDEBUG[0m [2methereum_transaction_pool_monitor::mempool_monitor[0m[2m:[0m 🔍 Skipping tx 0x8b45828aaa5854e4c69a0477ee12d9393811578e727bf9654d72b90978d24107 - not a DEX interaction (target: 0x3B4D794a66304F130a4Db8F2551B0070dfCf5ca7)
[2m2025-12-10T10:13:14.929133Z[0m [34mDEBUG[0m [2mhyper::client::pool[0m[2m:[0m reuse idle connection for ("http", 192.168.0.14:8545)
[2m2025-12-10T10:13:14.929170Z[0m [34mDEBUG[0m [2mhyper::proto::h1::io[0m[2m:[0m flushed 172 bytes
[2m2025-12-10T10:13:14.932170Z[0m [34mDEBUG[0m [2mhyper::proto::h1::io[0m[2m:[0m parsed 4 headers
[2m2025-12-10T10:13:14.932178Z[0m [34mDEBUG[0m [2mhyper::proto::h1::conn[0m[2m:[0m incoming body is content-length (45 bytes)
[2m2025-12-10T10:13:14.932187Z[0m [34mDEBUG[0m [2mhyper::proto::h1::conn[0m[2m:[0m incoming body completed
[2m2025-12-10T10:13:14.932198Z[0m [34mDEBUG[0m [2mhyper::client::pool[0m[2m:[0m pooling idle connection for ("http", 192.168.0.14:8545)
[2m2025-12-10T10:13:14.998617Z[0m [34mDEBUG[0m [2mhyper::client::pool[0m[2m:[0m reuse idle connection for ("http", 192.168.0.14:8545)
[2m2025-12-10T10:13:14.998654Z[0m [34mDEBUG[0m [2mhyper::proto::h1::io[0m[2m:[0m flushed 172 bytes
[2m2025-12-10T10:13:15.002485Z[0m [34mDEBUG[0m [2mhyper::proto::h1::io[0m[2m:[0m parsed 4 headers
[2m2025-12-10T10:13:15.002504Z[0m [34mDEBUG[0m [2mhyper::proto::h1::conn[0m[2m:[0m incoming body is content-length (45 bytes)
[2m2025-12-10T10:13:15.002523Z[0m [34mDEBUG[0m [2mhyper::proto::h1::conn[0m[2m:[0m incoming body completed
[2m2025-12-10T10:13:15.002531Z[0m [34mDEBUG[0m [2mhyper::client::pool[0m[2m:[0m pooling idle connection for ("http", 192.168.0.14:8545)
[2m2025-12-10T10:13:15.019224Z[0m [34mDEBUG[0m [2methereum_transaction_pool_monitor::eth_client[0m[2m:[0m 📨 Received WebSocket message: {"jsonrpc":"2.0","method":"eth_subscription","params":{"subscription":"0xbed0a0851463e895960a451075a301a9","result":"0x2b4617cc4f32cedf008ba113abae660751210785a8728cd9b3fac097c44080eb"}}
[2m2025-12-10T10:13:15.019252Z[0m [34mDEBUG[0m [2methereum_transaction_pool_monitor::eth_client[0m[2m:[0m 📨 Received pending transaction: 0x2b4617cc4f32cedf008ba113abae660751210785a8728cd9b3fac097c44080eb
[2m2025-12-10T10:13:15.019260Z[0m [34mDEBUG[0m [2methereum_transaction_pool_monitor::mempool_monitor[0m[2m:[0m 📨 Processing new pending transaction: 0x2b4617cc4f32cedf008ba113abae660751210785a8728cd9b3fac097c44080eb
[2m2025-12-10T10:13:15.019268Z[0m [34mDEBUG[0m [2methereum_transaction_pool_monitor::mempool_monitor[0m[2m:[0m 🔍 Fetching transaction details for: 0x2b4617cc4f32cedf008ba113abae660751210785a8728cd9b3fac097c44080eb
[2m2025-12-10T10:13:15.019273Z[0m [34mDEBUG[0m [2methereum_transaction_pool_monitor::eth_client[0m[2m:[0m 🔍 Fetching transaction details for hash: 0x2b4617cc4f32cedf008ba113abae660751210785a8728cd9b3fac097c44080eb
[2m2025-12-10T10:13:15.019298Z[0m [34mDEBUG[0m [2mhyper::client::pool[0m[2m:[0m reuse idle connection for ("http", 192.168.0.14:8545)
[2m2025-12-10T10:13:15.019315Z[0m [34mDEBUG[0m [2mhyper::proto::h1::io[0m[2m:[0m flushed 250 bytes
[2m2025-12-10T10:13:15.023704Z[0m [34mDEBUG[0m [2mhyper::proto::h1::io[0m[2m:[0m parsed 4 headers
[2m2025-12-10T10:13:15.023722Z[0m [34mDEBUG[0m [2mhyper::proto::h1::conn[0m[2m:[0m incoming body is content-length (648 bytes)
[2m2025-12-10T10:13:15.023739Z[0m [34mDEBUG[0m [2mhyper::proto::h1::conn[0m[2m:[0m incoming body completed
[2m2025-12-10T10:13:15.023752Z[0m [34mDEBUG[0m [2mhyper::client::pool[0m[2m:[0m pooling idle connection for ("http", 192.168.0.14:8545)
[2m2025-12-10T10:13:15.023767Z[0m [34mDEBUG[0m [2methereum_transaction_pool_monitor::eth_client[0m[2m:[0m 📡 Transaction fetch RPC completed in 4.489167ms
[2m2025-12-10T10:13:15.101308Z[0m [34mDEBUG[0m [2methereum_transaction_pool_monitor::eth_client[0m[2m:[0m ✅ Transaction 0x2b4617cc4f32cedf008ba113abae660751210785a8728cd9b3fac097c44080eb fetched and parsed in 82.027458ms
[2m2025-12-10T10:13:15.101332Z[0m [34mDEBUG[0m [2methereum_transaction_pool_monitor::mempool_monitor[0m[2m:[0m 🔍 Skipping tx 0x2b4617cc4f32cedf008ba113abae660751210785a8728cd9b3fac097c44080eb - not a DEX interaction (target: 0x0e271aBbDd5406d08aFB2086a7850630D272bDa5)
[2m2025-12-10T10:13:15.101372Z[0m [34mDEBUG[0m [2mhyper::client::pool[0m[2m:[0m reuse idle connection for ("http", 192.168.0.14:8545)
[2m2025-12-10T10:13:15.101396Z[0m [34mDEBUG[0m [2mhyper::proto::h1::io[0m[2m:[0m flushed 172 bytes
[2m2025-12-10T10:13:15.101396Z[0m [34mDEBUG[0m [2methereum_transaction_pool_monitor::eth_client[0m[2m:[0m 📨 Received WebSocket message: {"jsonrpc":"2.0","method":"eth_subscription","params":{"subscription":"0xbed0a0851463e895960a451075a301a9","result":"0x51e13c695ef33bb628d8ccd57a8483f9f57eddcac7130bf1b3af9530027f6a39"}}
[2m2025-12-10T10:13:15.101411Z[0m [34mDEBUG[0m [2methereum_transaction_pool_monitor::eth_client[0m[2m:[0m 📨 Received pending transaction: 0x51e13c695ef33bb628d8ccd57a8483f9f57eddcac7130bf1b3af9530027f6a39
[2m2025-12-10T10:13:15.101416Z[0m [34mDEBUG[0m [2methereum_transaction_pool_monitor::eth_client[0m[2m:[0m 📨 Received WebSocket message: {"jsonrpc":"2.0","method":"eth_subscription","params":{"subscription":"0xbed0a0851463e895960a451075a301a9","result":"0x3c49b28da48f9c02d48c4e712da3c337b5590d905c7da1d55d98bf0866ff5814"}}
[2m2025-12-10T10:13:15.101423Z[0m [34mDEBUG[0m [2methereum_transaction_pool_monitor::eth_client[0m[2m:[0m 📨 Received pending transaction: 0x3c49b28da48f9c02d48c4e712da3c337b5590d905c7da1d55d98bf0866ff5814
[2m2025-12-10T10:13:15.101428Z[0m [34mDEBUG[0m [2methereum_transaction_pool_monitor::mempool_monitor[0m[2m:[0m 📨 Processing new pending transaction: 0x51e13c695ef33bb628d8ccd57a8483f9f57eddcac7130bf1b3af9530027f6a39
[2m2025-12-10T10:13:15.101434Z[0m [34mDEBUG[0m [2methereum_transaction_pool_monitor::mempool_monitor[0m[2m:[0m 🔍 Fetching transaction details for: 0x51e13c695ef33bb628d8ccd57a8483f9f57eddcac7130bf1b3af9530027f6a39
[2m2025-12-10T10:13:15.101438Z[0m [34mDEBUG[0m [2methereum_transaction_pool_monitor::eth_client[0m[2m:[0m 🔍 Fetching transaction details for hash: 0x51e13c695ef33bb628d8ccd57a8483f9f57eddcac7130bf1b3af9530027f6a39
[2m2025-12-10T10:13:15.101446Z[0m [34mDEBUG[0m [2mhyper::client::pool[0m[2m:[0m reuse idle connection for ("http", 192.168.0.14:8545)
[2m2025-12-10T10:13:15.101457Z[0m [34mDEBUG[0m [2mhyper::proto::h1::io[0m[2m:[0m flushed 250 bytes
[2m2025-12-10T10:13:15.105730Z[0m [34mDEBUG[0m [2mhyper::proto::h1::io[0m[2m:[0m parsed 4 headers
[2m2025-12-10T10:13:15.105736Z[0m [34mDEBUG[0m [2mhyper::proto::h1::conn[0m[2m:[0m incoming body is content-length (45 bytes)
[2m2025-12-10T10:13:15.105744Z[0m [34mDEBUG[0m [2mhyper::proto::h1::conn[0m[2m:[0m incoming body completed
[2m2025-12-10T10:13:15.105752Z[0m [34mDEBUG[0m [2mhyper::client::pool[0m[2m:[0m pooling idle connection for ("http", 192.168.0.14:8545)
[2m2025-12-10T10:13:15.107135Z[0m [34mDEBUG[0m [2mhyper::proto::h1::io[0m[2m:[0m parsed 4 headers
[2m2025-12-10T10:13:15.107140Z[0m [34mDEBUG[0m [2mhyper::proto::h1::conn[0m[2m:[0m incoming body is content-length (778 bytes)
[2m2025-12-10T10:13:15.107145Z[0m [34mDEBUG[0m [2mhyper::proto::h1::conn[0m[2m:[0m incoming body completed
[2m2025-12-10T10:13:15.107150Z[0m [34mDEBUG[0m [2mhyper::client::pool[0m[2m:[0m pooling idle connection for ("http", 192.168.0.14:8545)
[2m2025-12-10T10:13:15.107154Z[0m [34mDEBUG[0m [2methereum_transaction_pool_monitor::eth_client[0m[2m:[0m 📡 Transaction fetch RPC completed in 5.712459ms
[2m2025-12-10T10:13:15.177664Z[0m [34mDEBUG[0m [2methereum_transaction_pool_monitor::eth_client[0m[2m:[0m ✅ Transaction 0x51e13c695ef33bb628d8ccd57a8483f9f57eddcac7130bf1b3af9530027f6a39 fetched and parsed in 76.220209ms
[2m2025-12-10T10:13:15.177687Z[0m [34mDEBUG[0m [2methereum_transaction_pool_monitor::mempool_monitor[0m[2m:[0m 🔍 Skipping tx 0x51e13c695ef33bb628d8ccd57a8483f9f57eddcac7130bf1b3af9530027f6a39 - not a DEX interaction (target: 0xA0b86991c6218b36c1d19D4a2e9Eb0cE3606eB48)
[2m2025-12-10T10:13:15.177696Z[0m [34mDEBUG[0m [2methereum_transaction_pool_monitor::mempool_monitor[0m[2m:[0m 📨 Processing new pending transaction: 0x3c49b28da48f9c02d48c4e712da3c337b5590d905c7da1d55d98bf0866ff5814
[2m2025-12-10T10:13:15.177701Z[0m [34mDEBUG[0m [2methereum_transaction_pool_monitor::mempool_monitor[0m[2m:[0m 🔍 Fetching transaction details for: 0x3c49b28da48f9c02d48c4e712da3c337b5590d905c7da1d55d98bf0866ff5814
[2m2025-12-10T10:13:15.177706Z[0m [34mDEBUG[0m [2methereum_transaction_pool_monitor::eth_client[0m[2m:[0m 🔍 Fetching transaction details for hash: 0x3c49b28da48f9c02d48c4e712da3c337b5590d905c7da1d55d98bf0866ff5814
[2m2025-12-10T10:13:15.177722Z[0m [34mDEBUG[0m [2mhyper::client::pool[0m[2m:[0m reuse idle connection for ("http", 192.168.0.14:8545)
[2m2025-12-10T10:13:15.177759Z[0m [34mDEBUG[0m [2mhyper::proto::h1::io[0m[2m:[0m flushed 250 bytes
[2m2025-12-10T10:13:15.177779Z[0m [34mDEBUG[0m [2methereum_transaction_pool_monitor::eth_client[0m[2m:[0m 📨 Received WebSocket message: {"jsonrpc":"2.0","method":"eth_subscription","params":{"subscription":"0xbed0a0851463e895960a451075a301a9","result":"0x8f083d523bccab15184e1ff35055ceb0af41149a31ccfdcb17cc31245e8b8e87"}}
[2m2025-12-10T10:13:15.177787Z[0m [34mDEBUG[0m [2methereum_transaction_pool_monitor::eth_client[0m[2m:[0m 📨 Received pending transaction: 0x8f083d523bccab15184e1ff35055ceb0af41149a31ccfdcb17cc31245e8b8e87
[2m2025-12-10T10:13:15.190906Z[0m [34mDEBUG[0m [2mhyper::proto::h1::io[0m[2m:[0m parsed 4 headers
[2m2025-12-10T10:13:15.190915Z[0m [34mDEBUG[0m [2mhyper::proto::h1::conn[0m[2m:[0m incoming body is content-length (1099 bytes)
[2m2025-12-10T10:13:15.190923Z[0m [34mDEBUG[0m [2mhyper::proto::h1::conn[0m[2m:[0m incoming body completed
[2m2025-12-10T10:13:15.190933Z[0m [34mDEBUG[0m [2mhyper::client::pool[0m[2m:[0m pooling idle connection for ("http", 192.168.0.14:8545)
[2m2025-12-10T10:13:15.190939Z[0m [34mDEBUG[0m [2methereum_transaction_pool_monitor::eth_client[0m[2m:[0m 📡 Transaction fetch RPC completed in 13.228792ms
[2m2025-12-10T10:13:15.190955Z[0m [34mDEBUG[0m [2methereum_transaction_pool_monitor::eth_client[0m[2m:[0m DeFi transaction detected - Address: 0x7a250d5630b4cf539739df2c5dacb4c659f2488d, Type: DexRouter, Value: 0.0370 ETH, Gas: 0.33 Gwei
[2m2025-12-10T10:13:15.190969Z[0m [34mDEBUG[0m [2methereum_transaction_pool_monitor::eth_client[0m[2m:[0m ✅ Transaction 0x3c49b28da48f9c02d48c4e712da3c337b5590d905c7da1d55d98bf0866ff5814 fetched and parsed in 13.258584ms
[2m2025-12-10T10:13:15.190974Z[0m [34mDEBUG[0m [2methereum_transaction_pool_monitor::mempool_monitor[0m[2m:[0m 🔍 Skipping tx 0x3c49b28da48f9c02d48c4e712da3c337b5590d905c7da1d55d98bf0866ff5814 - not a DEX interaction (target: 0x7a250d5630B4cF539739dF2C5dAcb4c659F2488D)
[2m2025-12-10T10:13:15.190979Z[0m [34mDEBUG[0m [2methereum_transaction_pool_monitor::mempool_monitor[0m[2m:[0m 📨 Processing new pending transaction: 0x8f083d523bccab15184e1ff35055ceb0af41149a31ccfdcb17cc31245e8b8e87
[2m2025-12-10T10:13:15.190983Z[0m [34mDEBUG[0m [2methereum_transaction_pool_monitor::mempool_monitor[0m[2m:[0m 🔍 Fetching transaction details for: 0x8f083d523bccab15184e1ff35055ceb0af41149a31ccfdcb17cc31245e8b8e87
[2m2025-12-10T10:13:15.190986Z[0m [34mDEBUG[0m [2methereum_transaction_pool_monitor::eth_client[0m[2m:[0m 🔍 Fetching transaction details for hash: 0x8f083d523bccab15184e1ff35055ceb0af41149a31ccfdcb17cc31245e8b8e87
[2m2025-12-10T10:13:15.191000Z[0m [34mDEBUG[0m [2mhyper::client::pool[0m[2m:[0m reuse idle connection for ("http", 192.168.0.14:8545)
[2m2025-12-10T10:13:15.191015Z[0m [34mDEBUG[0m [2mhyper::proto::h1::io[0m[2m:[0m flushed 250 bytes
[2m2025-12-10T10:13:15.198936Z[0m [34mDEBUG[0m [2mhyper::client::pool[0m[2m:[0m reuse idle connection for ("http", 192.168.0.14:8545)
[2m2025-12-10T10:13:15.198988Z[0m [34mDEBUG[0m [2mhyper::proto::h1::io[0m[2m:[0m flushed 172 bytes
[2m2025-12-10T10:13:15.201449Z[0m [34mDEBUG[0m [2mhyper::proto::h1::io[0m[2m:[0m parsed 4 headers
[2m2025-12-10T10:13:15.201466Z[0m [34mDEBUG[0m [2mhyper::proto::h1::conn[0m[2m:[0m incoming body is content-length (552 bytes)
[2m2025-12-10T10:13:15.201492Z[0m [34mDEBUG[0m [2mhyper::proto::h1::conn[0m[2m:[0m incoming body completed
[2m2025-12-10T10:13:15.201507Z[0m [34mDEBUG[0m [2mhyper::client::pool[0m[2m:[0m pooling idle connection for ("http", 192.168.0.14:8545)
[2m2025-12-10T10:13:15.201512Z[0m [34mDEBUG[0m [2methereum_transaction_pool_monitor::eth_client[0m[2m:[0m 📡 Transaction fetch RPC completed in 10.51675ms
[2m2025-12-10T10:13:15.270184Z[0m [34mDEBUG[0m [2methereum_transaction_pool_monitor::eth_client[0m[2m:[0m ✅ Transaction 0x8f083d523bccab15184e1ff35055ceb0af41149a31ccfdcb17cc31245e8b8e87 fetched and parsed in 79.187334ms
[2m2025-12-10T10:13:15.270213Z[0m [34mDEBUG[0m [2methereum_transaction_pool_monitor::mempool_monitor[0m[2m:[0m 🔍 Skipping tx 0x8f083d523bccab15184e1ff35055ceb0af41149a31ccfdcb17cc31245e8b8e87 - not a DEX interaction (target: 0x7F1AEc7104655f20f41E96C641Bd5e24aDffb2ef)
[2m2025-12-10T10:13:15.270239Z[0m [34mDEBUG[0m [2mhyper::proto::h1::io[0m[2m:[0m parsed 4 headers
[2m2025-12-10T10:13:15.270245Z[0m [34mDEBUG[0m [2mhyper::proto::h1::conn[0m[2m:[0m incoming body is content-length (45 bytes)
[2m2025-12-10T10:13:15.270252Z[0m [34mDEBUG[0m [2mhyper::proto::h1::conn[0m[2m:[0m incoming body completed
[2m2025-12-10T10:13:15.270261Z[0m [34mDEBUG[0m [2mhyper::client::pool[0m[2m:[0m pooling idle connection for ("http", 192.168.0.14:8545)
[2m2025-12-10T10:13:15.285031Z[0m [34mDEBUG[0m [2methereum_transaction_pool_monitor::eth_client[0m[2m:[0m 📨 Received WebSocket message: {"jsonrpc":"2.0","method":"eth_subscription","params":{"subscription":"0xbed0a0851463e895960a451075a301a9","result":"0xe54cc2355f1c6f5b697b250b3d29b9b08b947403b8edd9489f12bfaffebabd31"}}
[2m2025-12-10T10:13:15.285055Z[0m [34mDEBUG[0m [2methereum_transaction_pool_monitor::eth_client[0m[2m:[0m 📨 Received pending transaction: 0xe54cc2355f1c6f5b697b250b3d29b9b08b947403b8edd9489f12bfaffebabd31
[2m2025-12-10T10:13:15.285063Z[0m [34mDEBUG[0m [2methereum_transaction_pool_monitor::mempool_monitor[0m[2m:[0m 📨 Processing new pending transaction: 0xe54cc2355f1c6f5b697b250b3d29b9b08b947403b8edd9489f12bfaffebabd31
[2m2025-12-10T10:13:15.285081Z[0m [34mDEBUG[0m [2methereum_transaction_pool_monitor::mempool_monitor[0m[2m:[0m 🔍 Fetching transaction details for: 0xe54cc2355f1c6f5b697b250b3d29b9b08b947403b8edd9489f12bfaffebabd31
[2m2025-12-10T10:13:15.285084Z[0m [34mDEBUG[0m [2methereum_transaction_pool_monitor::eth_client[0m[2m:[0m 🔍 Fetching transaction details for hash: 0xe54cc2355f1c6f5b697b250b3d29b9b08b947403b8edd9489f12bfaffebabd31
[2m2025-12-10T10:13:15.285100Z[0m [34mDEBUG[0m [2mhyper::client::pool[0m[2m:[0m reuse idle connection for ("http", 192.168.0.14:8545)
[2m2025-12-10T10:13:15.285119Z[0m [34mDEBUG[0m [2mhyper::proto::h1::io[0m[2m:[0m flushed 250 bytes
[2m2025-12-10T10:13:15.289796Z[0m [34mDEBUG[0m [2mhyper::proto::h1::io[0m[2m:[0m parsed 4 headers
[2m2025-12-10T10:13:15.289802Z[0m [34mDEBUG[0m [2mhyper::proto::h1::conn[0m[2m:[0m incoming body is content-length (554 bytes)
[2m2025-12-10T10:13:15.289807Z[0m [34mDEBUG[0m [2mhyper::proto::h1::conn[0m[2m:[0m incoming body completed
[2m2025-12-10T10:13:15.289812Z[0m [34mDEBUG[0m [2mhyper::client::pool[0m[2m:[0m pooling idle connection for ("http", 192.168.0.14:8545)
[2m2025-12-10T10:13:15.289817Z[0m [34mDEBUG[0m [2methereum_transaction_pool_monitor::eth_client[0m[2m:[0m 📡 Transaction fetch RPC completed in 4.729208ms
[2m2025-12-10T10:13:15.357754Z[0m [34mDEBUG[0m [2methereum_transaction_pool_monitor::eth_client[0m[2m:[0m ✅ Transaction 0xe54cc2355f1c6f5b697b250b3d29b9b08b947403b8edd9489f12bfaffebabd31 fetched and parsed in 72.664458ms
[2m2025-12-10T10:13:15.357779Z[0m [34mDEBUG[0m [2methereum_transaction_pool_monitor::mempool_monitor[0m[2m:[0m 🔍 Skipping tx 0xe54cc2355f1c6f5b697b250b3d29b9b08b947403b8edd9489f12bfaffebabd31 - not a DEX interaction (target: 0x1e83694B24C58B1c2eA7dac1f08310eD9032D926)
[2m2025-12-10T10:13:15.357827Z[0m [34mDEBUG[0m [2mhyper::client::pool[0m[2m:[0m reuse idle connection for ("http", 192.168.0.14:8545)
[2m2025-12-10T10:13:15.357856Z[0m [34mDEBUG[0m [2mhyper::proto::h1::io[0m[2m:[0m flushed 172 bytes
[2m2025-12-10T10:13:15.365505Z[0m [34mDEBUG[0m [2mhyper::proto::h1::io[0m[2m:[0m parsed 4 headers
[2m2025-12-10T10:13:15.365512Z[0m [34mDEBUG[0m [2mhyper::proto::h1::conn[0m[2m:[0m incoming body is content-length (45 bytes)
[2m2025-12-10T10:13:15.365520Z[0m [34mDEBUG[0m [2mhyper::proto::h1::conn[0m[2m:[0m incoming body completed
[2m2025-12-10T10:13:15.365530Z[0m [34mDEBUG[0m [2mhyper::client::pool[0m[2m:[0m pooling idle connection for ("http", 192.168.0.14:8545)
[2m2025-12-10T10:13:15.399749Z[0m [34mDEBUG[0m [2mhyper::client::pool[0m[2m:[0m reuse idle connection for ("http", 192.168.0.14:8545)
[2m2025-12-10T10:13:15.399773Z[0m [34mDEBUG[0m [2mhyper::proto::h1::io[0m[2m:[0m flushed 172 bytes
[2m2025-12-10T10:13:15.402963Z[0m [34mDEBUG[0m [2mhyper::proto::h1::io[0m[2m:[0m parsed 4 headers
[2m2025-12-10T10:13:15.402980Z[0m [34mDEBUG[0m [2mhyper::proto::h1::conn[0m[2m:[0m incoming body is content-length (45 bytes)
[2m2025-12-10T10:13:15.403001Z[0m [34mDEBUG[0m [2mhyper::proto::h1::conn[0m[2m:[0m incoming body completed
[2m2025-12-10T10:13:15.403014Z[0m [34mDEBUG[0m [2mhyper::client::pool[0m[2m:[0m pooling idle connection for ("http", 192.168.0.14:8545)
[2m2025-12-10T10:13:15.499131Z[0m [34mDEBUG[0m [2mhyper::client::pool[0m[2m:[0m reuse idle connection for ("http", 192.168.0.14:8545)
[2m2025-12-10T10:13:15.499193Z[0m [34mDEBUG[0m [2mhyper::proto::h1::io[0m[2m:[0m flushed 172 bytes
[2m2025-12-10T10:13:15.504481Z[0m [34mDEBUG[0m [2mhyper::proto::h1::io[0m[2m:[0m parsed 4 headers
[2m2025-12-10T10:13:15.504488Z[0m [34mDEBUG[0m [2mhyper::proto::h1::conn[0m[2m:[0m incoming body is content-length (45 bytes)
[2m2025-12-10T10:13:15.504495Z[0m [34mDEBUG[0m [2mhyper::proto::h1::conn[0m[2m:[0m incoming body completed
[2m2025-12-10T10:13:15.504503Z[0m [34mDEBUG[0m [2mhyper::client::pool[0m[2m:[0m pooling idle connection for ("http", 192.168.0.14:8545)
[2m2025-12-10T10:13:15.599512Z[0m [34mDEBUG[0m [2mhyper::client::pool[0m[2m:[0m reuse idle connection for ("http", 192.168.0.14:8545)
[2m2025-12-10T10:13:15.599650Z[0m [34mDEBUG[0m [2mhyper::proto::h1::io[0m[2m:[0m flushed 172 bytes
[2m2025-12-10T10:13:15.603807Z[0m [34mDEBUG[0m [2mhyper::proto::h1::io[0m[2m:[0m parsed 4 headers
[2m2025-12-10T10:13:15.603856Z[0m [34mDEBUG[0m [2mhyper::proto::h1::conn[0m[2m:[0m incoming body is content-length (45 bytes)
[2m2025-12-10T10:13:15.603879Z[0m [34mDEBUG[0m [2mhyper::proto::h1::conn[0m[2m:[0m incoming body completed
[2m2025-12-10T10:13:15.603908Z[0m [34mDEBUG[0m [2mhyper::client::pool[0m[2m:[0m pooling idle connection for ("http", 192.168.0.14:8545)
[2m2025-12-10T10:13:15.646681Z[0m [34mDEBUG[0m [2methereum_transaction_pool_monitor::eth_client[0m[2m:[0m 📨 Received WebSocket message: {"jsonrpc":"2.0","method":"eth_subscription","params":{"subscription":"0xbed0a0851463e895960a451075a301a9","result":"0xd75cd4fd390ff1ac83fe8a21499c5ac7f8cd7b6fca4bb01ae1aae0d6ae82f36f"}}
[2m2025-12-10T10:13:15.646768Z[0m [34mDEBUG[0m [2methereum_transaction_pool_monitor::eth_client[0m[2m:[0m 📨 Received pending transaction: 0xd75cd4fd390ff1ac83fe8a21499c5ac7f8cd7b6fca4bb01ae1aae0d6ae82f36f
[2m2025-12-10T10:13:15.646796Z[0m [34mDEBUG[0m [2methereum_transaction_pool_monitor::mempool_monitor[0m[2m:[0m 📨 Processing new pending transaction: 0xd75cd4fd390ff1ac83fe8a21499c5ac7f8cd7b6fca4bb01ae1aae0d6ae82f36f
[2m2025-12-10T10:13:15.646811Z[0m [34mDEBUG[0m [2methereum_transaction_pool_monitor::mempool_monitor[0m[2m:[0m 🔍 Fetching transaction details for: 0xd75cd4fd390ff1ac83fe8a21499c5ac7f8cd7b6fca4bb01ae1aae0d6ae82f36f
[2m2025-12-10T10:13:15.646822Z[0m [34mDEBUG[0m [2methereum_transaction_pool_monitor::eth_client[0m[2m:[0m 🔍 Fetching transaction details for hash: 0xd75cd4fd390ff1ac83fe8a21499c5ac7f8cd7b6fca4bb01ae1aae0d6ae82f36f
[2m2025-12-10T10:13:15.646894Z[0m [34mDEBUG[0m [2mhyper::client::pool[0m[2m:[0m reuse idle connection for ("http", 192.168.0.14:8545)
[2m2025-12-10T10:13:15.646981Z[0m [34mDEBUG[0m [2mhyper::proto::h1::io[0m[2m:[0m flushed 250 bytes
[2m2025-12-10T10:13:15.658643Z[0m [34mDEBUG[0m [2mhyper::proto::h1::io[0m[2m:[0m parsed 4 headers
[2m2025-12-10T10:13:15.658699Z[0m [34mDEBUG[0m [2mhyper::proto::h1::conn[0m[2m:[0m incoming body is content-length (656 bytes)
[2m2025-12-10T10:13:15.658727Z[0m [34mDEBUG[0m [2mhyper::proto::h1::conn[0m[2m:[0m incoming body completed
[2m2025-12-10T10:13:15.658763Z[0m [34mDEBUG[0m [2mhyper::client::pool[0m[2m:[0m pooling idle connection for ("http", 192.168.0.14:8545)
[2m2025-12-10T10:13:15.658788Z[0m [34mDEBUG[0m [2methereum_transaction_pool_monitor::eth_client[0m[2m:[0m 📡 Transaction fetch RPC completed in 11.954791ms
[2m2025-12-10T10:13:15.752823Z[0m [34mDEBUG[0m [2methereum_transaction_pool_monitor::eth_client[0m[2m:[0m ✅ Transaction 0xd75cd4fd390ff1ac83fe8a21499c5ac7f8cd7b6fca4bb01ae1aae0d6ae82f36f fetched and parsed in 105.987791ms
[2m2025-12-10T10:13:15.752856Z[0m [34mDEBUG[0m [2methereum_transaction_pool_monitor::mempool_monitor[0m[2m:[0m 🔍 Skipping tx 0xd75cd4fd390ff1ac83fe8a21499c5ac7f8cd7b6fca4bb01ae1aae0d6ae82f36f - not a DEX interaction (target: 0x8bAbE42aAa3Edd1D87d32943dB70536D3885372F)
[2m2025-12-10T10:13:15.752896Z[0m [34mDEBUG[0m [2mhyper::client::pool[0m[2m:[0m reuse idle connection for ("http", 192.168.0.14:8545)
[2m2025-12-10T10:13:15.752925Z[0m [34mDEBUG[0m [2mhyper::proto::h1::io[0m[2m:[0m flushed 172 bytes
[2m2025-12-10T10:13:15.752972Z[0m [34mDEBUG[0m [2methereum_transaction_pool_monitor::eth_client[0m[2m:[0m 📨 Received WebSocket message: {"jsonrpc":"2.0","method":"eth_subscription","params":{"subscription":"0xbed0a0851463e895960a451075a301a9","result":"0x61042a928930c24a2f6455996e76a6a8300c44d3eb5f8ba7d8ce84d2fdd4a5b1"}}
[2m2025-12-10T10:13:15.752985Z[0m [34mDEBUG[0m [2methereum_transaction_pool_monitor::eth_client[0m[2m:[0m 📨 Received pending transaction: 0x61042a928930c24a2f6455996e76a6a8300c44d3eb5f8ba7d8ce84d2fdd4a5b1
[2m2025-12-10T10:13:15.752995Z[0m [34mDEBUG[0m [2methereum_transaction_pool_monitor::mempool_monitor[0m[2m:[0m 📨 Processing new pending transaction: 0x61042a928930c24a2f6455996e76a6a8300c44d3eb5f8ba7d8ce84d2fdd4a5b1
[2m2025-12-10T10:13:15.753001Z[0m [34mDEBUG[0m [2methereum_transaction_pool_monitor::mempool_monitor[0m[2m:[0m 🔍 Fetching transaction details for: 0x61042a928930c24a2f6455996e76a6a8300c44d3eb5f8ba7d8ce84d2fdd4a5b1
[2m2025-12-10T10:13:15.753006Z[0m [34mDEBUG[0m [2methereum_transaction_pool_monitor::eth_client[0m[2m:[0m 🔍 Fetching transaction details for hash: 0x61042a928930c24a2f6455996e76a6a8300c44d3eb5f8ba7d8ce84d2fdd4a5b1
[2m2025-12-10T10:13:15.753017Z[0m [34mDEBUG[0m [2mhyper::client::pool[0m[2m:[0m reuse idle connection for ("http", 192.168.0.14:8545)
[2m2025-12-10T10:13:15.753033Z[0m [34mDEBUG[0m [2mhyper::proto::h1::io[0m[2m:[0m flushed 250 bytes
[2m2025-12-10T10:13:15.757810Z[0m [34mDEBUG[0m [2mhyper::proto::h1::io[0m[2m:[0m parsed 4 headers
[2m2025-12-10T10:13:15.757842Z[0m [34mDEBUG[0m [2mhyper::proto::h1::conn[0m[2m:[0m incoming body is content-length (45 bytes)
[2m2025-12-10T10:13:15.757863Z[0m [34mDEBUG[0m [2mhyper::proto::h1::conn[0m[2m:[0m incoming body completed
[2m2025-12-10T10:13:15.757886Z[0m [34mDEBUG[0m [2mhyper::client::pool[0m[2m:[0m pooling idle connection for ("http", 192.168.0.14:8545)
[2m2025-12-10T10:13:15.763792Z[0m [34mDEBUG[0m [2mhyper::proto::h1::io[0m[2m:[0m parsed 4 headers
[2m2025-12-10T10:13:15.763797Z[0m [34mDEBUG[0m [2mhyper::proto::h1::conn[0m[2m:[0m incoming body is content-length (4224 bytes)
[2m2025-12-10T10:13:15.763806Z[0m [34mDEBUG[0m [2methereum_transaction_pool_monitor::eth_client[0m[2m:[0m 📡 Transaction fetch RPC completed in 10.794792ms
[2m2025-12-10T10:13:15.766154Z[0m [34mDEBUG[0m [2mhyper::proto::h1::conn[0m[2m:[0m incoming body completed
[2m2025-12-10T10:13:15.766163Z[0m [34mDEBUG[0m [2mhyper::client::pool[0m[2m:[0m pooling idle connection for ("http", 192.168.0.14:8545)
[2m2025-12-10T10:13:15.799203Z[0m [34mDEBUG[0m [2mhyper::client::pool[0m[2m:[0m reuse idle connection for ("http", 192.168.0.14:8545)
[2m2025-12-10T10:13:15.799266Z[0m [34mDEBUG[0m [2mhyper::proto::h1::io[0m[2m:[0m flushed 172 bytes
[2m2025-12-10T10:13:15.803844Z[0m [34mDEBUG[0m [2mhyper::proto::h1::io[0m[2m:[0m parsed 4 headers
[2m2025-12-10T10:13:15.803853Z[0m [34mDEBUG[0m [2mhyper::proto::h1::conn[0m[2m:[0m incoming body is content-length (45 bytes)
[2m2025-12-10T10:13:15.803861Z[0m [34mDEBUG[0m [2mhyper::proto::h1::conn[0m[2m:[0m incoming body completed
[2m2025-12-10T10:13:15.803870Z[0m [34mDEBUG[0m [2mhyper::client::pool[0m[2m:[0m pooling idle connection for ("http", 192.168.0.14:8545)
[2m2025-12-10T10:13:15.837669Z[0m [34mDEBUG[0m [2methereum_transaction_pool_monitor::eth_client[0m[2m:[0m ✅ Transaction 0x61042a928930c24a2f6455996e76a6a8300c44d3eb5f8ba7d8ce84d2fdd4a5b1 fetched and parsed in 84.655708ms
[2m2025-12-10T10:13:15.837694Z[0m [34mDEBUG[0m [2methereum_transaction_pool_monitor::mempool_monitor[0m[2m:[0m 🔍 Skipping tx 0x61042a928930c24a2f6455996e76a6a8300c44d3eb5f8ba7d8ce84d2fdd4a5b1 - not a DEX interaction (target: 0xC38e4e6A15593f908255214653d3D947CA1c2338)
[2m2025-12-10T10:13:15.863753Z[0m [34mDEBUG[0m [2methereum_transaction_pool_monitor::eth_client[0m[2m:[0m 📨 Received WebSocket message: {"jsonrpc":"2.0","method":"eth_subscription","params":{"subscription":"0xbed0a0851463e895960a451075a301a9","result":"0x092c9c68c1e33e6b55d16d5d3ebf7de9015045575479cde0b21630e4e3423dc2"}}
[2m2025-12-10T10:13:15.863764Z[0m [34mDEBUG[0m [2methereum_transaction_pool_monitor::eth_client[0m[2m:[0m 📨 Received pending transaction: 0x092c9c68c1e33e6b55d16d5d3ebf7de9015045575479cde0b21630e4e3423dc2
[2m2025-12-10T10:13:15.863771Z[0m [34mDEBUG[0m [2methereum_transaction_pool_monitor::mempool_monitor[0m[2m:[0m 📨 Processing new pending transaction: 0x092c9c68c1e33e6b55d16d5d3ebf7de9015045575479cde0b21630e4e3423dc2
[2m2025-12-10T10:13:15.863776Z[0m [34mDEBUG[0m [2methereum_transaction_pool_monitor::mempool_monitor[0m[2m:[0m 🔍 Fetching transaction details for: 0x092c9c68c1e33e6b55d16d5d3ebf7de9015045575479cde0b21630e4e3423dc2
[2m2025-12-10T10:13:15.863779Z[0m [34mDEBUG[0m [2methereum_transaction_pool_monitor::eth_client[0m[2m:[0m 🔍 Fetching transaction details for hash: 0x092c9c68c1e33e6b55d16d5d3ebf7de9015045575479cde0b21630e4e3423dc2
[2m2025-12-10T10:13:15.863795Z[0m [34mDEBUG[0m [2mhyper::client::pool[0m[2m:[0m reuse idle connection for ("http", 192.168.0.14:8545)
[2m2025-12-10T10:13:15.863814Z[0m [34mDEBUG[0m [2mhyper::proto::h1::io[0m[2m:[0m flushed 250 bytes
[2m2025-12-10T10:13:15.872241Z[0m [34mDEBUG[0m [2mhyper::proto::h1::io[0m[2m:[0m parsed 4 headers
[2m2025-12-10T10:13:15.872262Z[0m [34mDEBUG[0m [2mhyper::proto::h1::conn[0m[2m:[0m incoming body is content-length (677 bytes)
[2m2025-12-10T10:13:15.872286Z[0m [34mDEBUG[0m [2mhyper::proto::h1::conn[0m[2m:[0m incoming body completed
[2m2025-12-10T10:13:15.872301Z[0m [34mDEBUG[0m [2mhyper::client::pool[0m[2m:[0m pooling idle connection for ("http", 192.168.0.14:8545)
[2m2025-12-10T10:13:15.872320Z[0m [34mDEBUG[0m [2methereum_transaction_pool_monitor::eth_client[0m[2m:[0m 📡 Transaction fetch RPC completed in 8.536959ms
[2m2025-12-10T10:13:15.943710Z[0m [34mDEBUG[0m [2methereum_transaction_pool_monitor::eth_client[0m[2m:[0m ✅ Transaction 0x092c9c68c1e33e6b55d16d5d3ebf7de9015045575479cde0b21630e4e3423dc2 fetched and parsed in 79.924375ms
[2m2025-12-10T10:13:15.943743Z[0m [34mDEBUG[0m [2methereum_transaction_pool_monitor::mempool_monitor[0m[2m:[0m 🔍 Skipping tx 0x092c9c68c1e33e6b55d16d5d3ebf7de9015045575479cde0b21630e4e3423dc2 - not a DEX interaction (target: 0xA0b86991c6218b36c1d19D4a2e9Eb0cE3606eB48)
[2m2025-12-10T10:13:15.943796Z[0m [34mDEBUG[0m [2mhyper::client::pool[0m[2m:[0m reuse idle connection for ("http", 192.168.0.14:8545)
[2m2025-12-10T10:13:15.943823Z[0m [34mDEBUG[0m [2mhyper::proto::h1::io[0m[2m:[0m flushed 172 bytes
[2m2025-12-10T10:13:15.948730Z[0m [34mDEBUG[0m [2mhyper::proto::h1::io[0m[2m:[0m parsed 4 headers
[2m2025-12-10T10:13:15.948745Z[0m [34mDEBUG[0m [2mhyper::proto::h1::conn[0m[2m:[0m incoming body is content-length (45 bytes)
[2m2025-12-10T10:13:15.948768Z[0m [34mDEBUG[0m [2mhyper::proto::h1::conn[0m[2m:[0m incoming body completed
[2m2025-12-10T10:13:15.948785Z[0m [34mDEBUG[0m [2mhyper::client::pool[0m[2m:[0m pooling idle connection for ("http", 192.168.0.14:8545)
[2m2025-12-10T10:13:15.999088Z[0m [34mDEBUG[0m [2mhyper::client::pool[0m[2m:[0m reuse idle connection for ("http", 192.168.0.14:8545)
[2m2025-12-10T10:13:15.999163Z[0m [34mDEBUG[0m [2mhyper::proto::h1::io[0m[2m:[0m flushed 172 bytes
[2m2025-12-10T10:13:16.005082Z[0m [34mDEBUG[0m [2mhyper::proto::h1::io[0m[2m:[0m parsed 4 headers
[2m2025-12-10T10:13:16.005097Z[0m [34mDEBUG[0m [2mhyper::proto::h1::conn[0m[2m:[0m incoming body is content-length (45 bytes)
[2m2025-12-10T10:13:16.005105Z[0m [34mDEBUG[0m [2mhyper::proto::h1::conn[0m[2m:[0m incoming body completed
[2m2025-12-10T10:13:16.005115Z[0m [34mDEBUG[0m [2mhyper::client::pool[0m[2m:[0m pooling idle connection for ("http", 192.168.0.14:8545)
[2m2025-12-10T10:13:16.017728Z[0m [34mDEBUG[0m [2methereum_transaction_pool_monitor::eth_client[0m[2m:[0m 📨 Received WebSocket message: {"jsonrpc":"2.0","method":"eth_subscription","params":{"subscription":"0xbed0a0851463e895960a451075a301a9","result":"0xc28254524627d38ff3ce9bdc811951c079ba78a9cbf8e96db7ba371eea5e792b"}}
[2m2025-12-10T10:13:16.017751Z[0m [34mDEBUG[0m [2methereum_transaction_pool_monitor::eth_client[0m[2m:[0m 📨 Received pending transaction: 0xc28254524627d38ff3ce9bdc811951c079ba78a9cbf8e96db7ba371eea5e792b
[2m2025-12-10T10:13:16.017762Z[0m [34mDEBUG[0m [2methereum_transaction_pool_monitor::mempool_monitor[0m[2m:[0m 📨 Processing new pending transaction: 0xc28254524627d38ff3ce9bdc811951c079ba78a9cbf8e96db7ba371eea5e792b
[2m2025-12-10T10:13:16.017768Z[0m [34mDEBUG[0m [2methereum_transaction_pool_monitor::mempool_monitor[0m[2m:[0m 🔍 Fetching transaction details for: 0xc28254524627d38ff3ce9bdc811951c079ba78a9cbf8e96db7ba371eea5e792b
[2m2025-12-10T10:13:16.017773Z[0m [34mDEBUG[0m [2methereum_transaction_pool_monitor::eth_client[0m[2m:[0m 🔍 Fetching transaction details for hash: 0xc28254524627d38ff3ce9bdc811951c079ba78a9cbf8e96db7ba371eea5e792b
[2m2025-12-10T10:13:16.017794Z[0m [34mDEBUG[0m [2mhyper::client::pool[0m[2m:[0m reuse idle connection for ("http", 192.168.0.14:8545)
[2m2025-12-10T10:13:16.017822Z[0m [34mDEBUG[0m [2mhyper::proto::h1::io[0m[2m:[0m flushed 250 bytes
[2m2025-12-10T10:13:16.028753Z[0m [34mDEBUG[0m [2mhyper::proto::h1::io[0m[2m:[0m parsed 4 headers
[2m2025-12-10T10:13:16.028764Z[0m [34mDEBUG[0m [2mhyper::proto::h1::conn[0m[2m:[0m incoming body is content-length (704 bytes)
[2m2025-12-10T10:13:16.028772Z[0m [34mDEBUG[0m [2mhyper::proto::h1::conn[0m[2m:[0m incoming body completed
[2m2025-12-10T10:13:16.028782Z[0m [34mDEBUG[0m [2mhyper::client::pool[0m[2m:[0m pooling idle connection for ("http", 192.168.0.14:8545)
[2m2025-12-10T10:13:16.028790Z[0m [34mDEBUG[0m [2methereum_transaction_pool_monitor::eth_client[0m[2m:[0m 📡 Transaction fetch RPC completed in 11.012875ms
[2m2025-12-10T10:13:16.106629Z[0m [34mDEBUG[0m [2methereum_transaction_pool_monitor::eth_client[0m[2m:[0m ✅ Transaction 0xc28254524627d38ff3ce9bdc811951c079ba78a9cbf8e96db7ba371eea5e792b fetched and parsed in 88.849292ms
[2m2025-12-10T10:13:16.106660Z[0m [34mDEBUG[0m [2methereum_transaction_pool_monitor::mempool_monitor[0m[2m:[0m 🔍 Skipping tx 0xc28254524627d38ff3ce9bdc811951c079ba78a9cbf8e96db7ba371eea5e792b - not a DEX interaction (target: 0x66B0fA76A0F54A04Ffb7Bf1bEd1e1B009AF9C908)
[2m2025-12-10T10:13:16.106713Z[0m [34mDEBUG[0m [2mhyper::client::pool[0m[2m:[0m reuse idle connection for ("http", 192.168.0.14:8545)
[2m2025-12-10T10:13:16.106756Z[0m [34mDEBUG[0m [2mhyper::proto::h1::io[0m[2m:[0m flushed 172 bytes
[2m2025-12-10T10:13:16.110710Z[0m [34mDEBUG[0m [2mhyper::proto::h1::io[0m[2m:[0m parsed 4 headers
[2m2025-12-10T10:13:16.110720Z[0m [34mDEBUG[0m [2mhyper::proto::h1::conn[0m[2m:[0m incoming body is content-length (45 bytes)
[2m2025-12-10T10:13:16.110726Z[0m [34mDEBUG[0m [2mhyper::proto::h1::conn[0m[2m:[0m incoming body completed
[2m2025-12-10T10:13:16.110734Z[0m [34mDEBUG[0m [2mhyper::client::pool[0m[2m:[0m pooling idle connection for ("http", 192.168.0.14:8545)
[2m2025-12-10T10:13:16.118917Z[0m [34mDEBUG[0m [2methereum_transaction_pool_monitor::eth_client[0m[2m:[0m 📨 Received WebSocket message: {"jsonrpc":"2.0","method":"eth_subscription","params":{"subscription":"0xbed0a0851463e895960a451075a301a9","result":"0xc87d36549c014b2f3c91fc8d74be3ab877173e96749428afb62c4ce3c81e1e46"}}
[2m2025-12-10T10:13:16.118953Z[0m [34mDEBUG[0m [2methereum_transaction_pool_monitor::eth_client[0m[2m:[0m 📨 Received pending transaction: 0xc87d36549c014b2f3c91fc8d74be3ab877173e96749428afb62c4ce3c81e1e46
[2m2025-12-10T10:13:16.118961Z[0m [34mDEBUG[0m [2methereum_transaction_pool_monitor::mempool_monitor[0m[2m:[0m 📨 Processing new pending transaction: 0xc87d36549c014b2f3c91fc8d74be3ab877173e96749428afb62c4ce3c81e1e46
[2m2025-12-10T10:13:16.118966Z[0m [34mDEBUG[0m [2methereum_transaction_pool_monitor::mempool_monitor[0m[2m:[0m 🔍 Fetching transaction details for: 0xc87d36549c014b2f3c91fc8d74be3ab877173e96749428afb62c4ce3c81e1e46
[2m2025-12-10T10:13:16.118969Z[0m [34mDEBUG[0m [2methereum_transaction_pool_monitor::eth_client[0m[2m:[0m 🔍 Fetching transaction details for hash: 0xc87d36549c014b2f3c91fc8d74be3ab877173e96749428afb62c4ce3c81e1e46
[2m2025-12-10T10:13:16.118987Z[0m [34mDEBUG[0m [2mhyper::client::pool[0m[2m:[0m reuse idle connection for ("http", 192.168.0.14:8545)
[2m2025-12-10T10:13:16.119007Z[0m [34mDEBUG[0m [2mhyper::proto::h1::io[0m[2m:[0m flushed 250 bytes
[2m2025-12-10T10:13:16.126804Z[0m [34mDEBUG[0m [2mhyper::proto::h1::io[0m[2m:[0m parsed 4 headers
[2m2025-12-10T10:13:16.126822Z[0m [34mDEBUG[0m [2mhyper::proto::h1::conn[0m[2m:[0m incoming body is content-length (830 bytes)
[2m2025-12-10T10:13:16.126828Z[0m [34mDEBUG[0m [2mhyper::proto::h1::conn[0m[2m:[0m incoming body completed
[2m2025-12-10T10:13:16.126838Z[0m [34mDEBUG[0m [2mhyper::client::pool[0m[2m:[0m pooling idle connection for ("http", 192.168.0.14:8545)
[2m2025-12-10T10:13:16.126845Z[0m [34mDEBUG[0m [2methereum_transaction_pool_monitor::eth_client[0m[2m:[0m 📡 Transaction fetch RPC completed in 7.871458ms
[2m2025-12-10T10:13:16.197932Z[0m [34mDEBUG[0m [2methereum_transaction_pool_monitor::eth_client[0m[2m:[0m ✅ Transaction 0xc87d36549c014b2f3c91fc8d74be3ab877173e96749428afb62c4ce3c81e1e46 fetched and parsed in 78.956041ms
[2m2025-12-10T10:13:16.197958Z[0m [34mDEBUG[0m [2methereum_transaction_pool_monitor::mempool_monitor[0m[2m:[0m 🔍 Skipping tx 0xc87d36549c014b2f3c91fc8d74be3ab877173e96749428afb62c4ce3c81e1e46 - not a DEX interaction (target: 0x3B4D794a66304F130a4Db8F2551B0070dfCf5ca7)
[2m2025-12-10T10:13:16.198001Z[0m [34mDEBUG[0m [2mhyper::client::pool[0m[2m:[0m reuse idle connection for ("http", 192.168.0.14:8545)
[2m2025-12-10T10:13:16.198047Z[0m [34mDEBUG[0m [2mhyper::proto::h1::io[0m[2m:[0m flushed 172 bytes
[2m2025-12-10T10:13:16.201349Z[0m [34mDEBUG[0m [2mhyper::proto::h1::io[0m[2m:[0m parsed 4 headers
[2m2025-12-10T10:13:16.201377Z[0m [34mDEBUG[0m [2mhyper::proto::h1::conn[0m[2m:[0m incoming body is content-length (45 bytes)
[2m2025-12-10T10:13:16.201399Z[0m [34mDEBUG[0m [2mhyper::proto::h1::conn[0m[2m:[0m incoming body completed
[2m2025-12-10T10:13:16.201411Z[0m [34mDEBUG[0m [2mhyper::client::pool[0m[2m:[0m pooling idle connection for ("http", 192.168.0.14:8545)
[2m2025-12-10T10:13:16.299014Z[0m [34mDEBUG[0m [2mhyper::client::pool[0m[2m:[0m reuse idle connection for ("http", 192.168.0.14:8545)
[2m2025-12-10T10:13:16.299069Z[0m [34mDEBUG[0m [2mhyper::proto::h1::io[0m[2m:[0m flushed 172 bytes
[2m2025-12-10T10:13:16.310534Z[0m [34mDEBUG[0m [2methereum_transaction_pool_monitor::eth_client[0m[2m:[0m 📨 Received WebSocket message: {"jsonrpc":"2.0","method":"eth_subscription","params":{"subscription":"0xbed0a0851463e895960a451075a301a9","result":"0xd84dc5182349a89c3724ba6c61312cf31ea7ed23e86813fb0b97f9cf321a44a5"}}
[2m2025-12-10T10:13:16.310564Z[0m [34mDEBUG[0m [2methereum_transaction_pool_monitor::eth_client[0m[2m:[0m 📨 Received pending transaction: 0xd84dc5182349a89c3724ba6c61312cf31ea7ed23e86813fb0b97f9cf321a44a5
[2m2025-12-10T10:13:16.310575Z[0m [34mDEBUG[0m [2methereum_transaction_pool_monitor::mempool_monitor[0m[2m:[0m 📨 Processing new pending transaction: 0xd84dc5182349a89c3724ba6c61312cf31ea7ed23e86813fb0b97f9cf321a44a5
[2m2025-12-10T10:13:16.310582Z[0m [34mDEBUG[0m [2methereum_transaction_pool_monitor::mempool_monitor[0m[2m:[0m 🔍 Fetching transaction details for: 0xd84dc5182349a89c3724ba6c61312cf31ea7ed23e86813fb0b97f9cf321a44a5
[2m2025-12-10T10:13:16.310587Z[0m [34mDEBUG[0m [2methereum_transaction_pool_monitor::eth_client[0m[2m:[0m 🔍 Fetching transaction details for hash: 0xd84dc5182349a89c3724ba6c61312cf31ea7ed23e86813fb0b97f9cf321a44a5
[2m2025-12-10T10:13:16.310607Z[0m [34mDEBUG[0m [2mhyper::client::pool[0m[2m:[0m reuse idle connection for ("http", 192.168.0.14:8545)
[2m2025-12-10T10:13:16.310632Z[0m [34mDEBUG[0m [2mhyper::proto::h1::io[0m[2m:[0m flushed 250 bytes
[2m2025-12-10T10:13:16.310647Z[0m [34mDEBUG[0m [2mhyper::proto::h1::io[0m[2m:[0m parsed 4 headers
[2m2025-12-10T10:13:16.310651Z[0m [34mDEBUG[0m [2mhyper::proto::h1::conn[0m[2m:[0m incoming body is content-length (45 bytes)
[2m2025-12-10T10:13:16.310658Z[0m [34mDEBUG[0m [2mhyper::proto::h1::conn[0m[2m:[0m incoming body completed
[2m2025-12-10T10:13:16.310665Z[0m [34mDEBUG[0m [2mhyper::client::pool[0m[2m:[0m pooling idle connection for ("http", 192.168.0.14:8545)
[2m2025-12-10T10:13:16.322622Z[0m [34mDEBUG[0m [2methereum_transaction_pool_monitor::eth_client[0m[2m:[0m 📨 Received WebSocket message: {"jsonrpc":"2.0","method":"eth_subscription","params":{"subscription":"0xbed0a0851463e895960a451075a301a9","result":"0xa88bf4dda0a58cda939a2bb73588f68a80c57913cfb45f514cb581df2b8aedfd"}}
[2m2025-12-10T10:13:16.322640Z[0m [34mDEBUG[0m [2methereum_transaction_pool_monitor::eth_client[0m[2m:[0m 📨 Received pending transaction: 0xa88bf4dda0a58cda939a2bb73588f68a80c57913cfb45f514cb581df2b8aedfd
[2m2025-12-10T10:13:16.322653Z[0m [34mDEBUG[0m [2mhyper::proto::h1::io[0m[2m:[0m parsed 4 headers
[2m2025-12-10T10:13:16.322659Z[0m [34mDEBUG[0m [2mhyper::proto::h1::conn[0m[2m:[0m incoming body is content-length (677 bytes)
[2m2025-12-10T10:13:16.322667Z[0m [34mDEBUG[0m [2mhyper::proto::h1::conn[0m[2m:[0m incoming body completed
[2m2025-12-10T10:13:16.322679Z[0m [34mDEBUG[0m [2mhyper::client::pool[0m[2m:[0m pooling idle connection for ("http", 192.168.0.14:8545)
[2m2025-12-10T10:13:16.322685Z[0m [34mDEBUG[0m [2methereum_transaction_pool_monitor::eth_client[0m[2m:[0m 📡 Transaction fetch RPC completed in 12.095125ms
[2m2025-12-10T10:13:16.322702Z[0m [34mDEBUG[0m [2methereum_transaction_pool_monitor::eth_client[0m[2m:[0m DeFi transaction detected - Address: 0xdac17f958d2ee523a2206206994597c13d831ec7, Type: Stablecoin, Value: 0 ETH, Gas: 0.20 Gwei
[2m2025-12-10T10:13:16.322715Z[0m [34mDEBUG[0m [2methereum_transaction_pool_monitor::eth_client[0m[2m:[0m ✅ Transaction 0xd84dc5182349a89c3724ba6c61312cf31ea7ed23e86813fb0b97f9cf321a44a5 fetched and parsed in 12.125ms
[2m2025-12-10T10:13:16.322722Z[0m [34mDEBUG[0m [2methereum_transaction_pool_monitor::mempool_monitor[0m[2m:[0m 🔍 Skipping tx 0xd84dc5182349a89c3724ba6c61312cf31ea7ed23e86813fb0b97f9cf321a44a5 - not a DEX interaction (target: 0xdAC17F958D2ee523a2206206994597C13D831ec7)
[2m2025-12-10T10:13:16.322729Z[0m [34mDEBUG[0m [2methereum_transaction_pool_monitor::mempool_monitor[0m[2m:[0m 📨 Processing new pending transaction: 0xa88bf4dda0a58cda939a2bb73588f68a80c57913cfb45f514cb581df2b8aedfd
[2m2025-12-10T10:13:16.322734Z[0m [34mDEBUG[0m [2methereum_transaction_pool_monitor::mempool_monitor[0m[2m:[0m 🔍 Fetching transaction details for: 0xa88bf4dda0a58cda939a2bb73588f68a80c57913cfb45f514cb581df2b8aedfd
[2m2025-12-10T10:13:16.322738Z[0m [34mDEBUG[0m [2methereum_transaction_pool_monitor::eth_client[0m[2m:[0m 🔍 Fetching transaction details for hash: 0xa88bf4dda0a58cda939a2bb73588f68a80c57913cfb45f514cb581df2b8aedfd
[2m2025-12-10T10:13:16.322756Z[0m [34mDEBUG[0m [2mhyper::client::pool[0m[2m:[0m reuse idle connection for ("http", 192.168.0.14:8545)
[2m2025-12-10T10:13:16.322777Z[0m [34mDEBUG[0m [2mhyper::proto::h1::io[0m[2m:[0m flushed 250 bytes
[2m2025-12-10T10:13:16.328699Z[0m [34mDEBUG[0m [2mhyper::proto::h1::io[0m[2m:[0m parsed 4 headers
[2m2025-12-10T10:13:16.328713Z[0m [34mDEBUG[0m [2mhyper::proto::h1::conn[0m[2m:[0m incoming body is content-length (650 bytes)
[2m2025-12-10T10:13:16.328719Z[0m [34mDEBUG[0m [2mhyper::proto::h1::conn[0m[2m:[0m incoming body completed
[2m2025-12-10T10:13:16.328728Z[0m [34mDEBUG[0m [2mhyper::client::pool[0m[2m:[0m pooling idle connection for ("http", 192.168.0.14:8545)
[2m2025-12-10T10:13:16.328734Z[0m [34mDEBUG[0m [2methereum_transaction_pool_monitor::eth_client[0m[2m:[0m 📡 Transaction fetch RPC completed in 5.991541ms
[2m2025-12-10T10:13:16.401122Z[0m [34mDEBUG[0m [2methereum_transaction_pool_monitor::eth_client[0m[2m:[0m ✅ Transaction 0xa88bf4dda0a58cda939a2bb73588f68a80c57913cfb45f514cb581df2b8aedfd fetched and parsed in 78.376666ms
[2m2025-12-10T10:13:16.401147Z[0m [34mDEBUG[0m [2methereum_transaction_pool_monitor::mempool_monitor[0m[2m:[0m 🔍 Skipping tx 0xa88bf4dda0a58cda939a2bb73588f68a80c57913cfb45f514cb581df2b8aedfd - not a DEX interaction (target: 0x0390873F5d8Ac05E9173E2921e69434062629C22)
[2m2025-12-10T10:13:16.401190Z[0m [34mDEBUG[0m [2mhyper::client::pool[0m[2m:[0m reuse idle connection for ("http", 192.168.0.14:8545)
[2m2025-12-10T10:13:16.401236Z[0m [34mDEBUG[0m [2mhyper::proto::h1::io[0m[2m:[0m flushed 172 bytes
[2m2025-12-10T10:13:16.406733Z[0m [34mDEBUG[0m [2mhyper::proto::h1::io[0m[2m:[0m parsed 4 headers
[2m2025-12-10T10:13:16.406740Z[0m [34mDEBUG[0m [2mhyper::proto::h1::conn[0m[2m:[0m incoming body is content-length (45 bytes)
[2m2025-12-10T10:13:16.406746Z[0m [34mDEBUG[0m [2mhyper::proto::h1::conn[0m[2m:[0m incoming body completed
[2m2025-12-10T10:13:16.406754Z[0m [34mDEBUG[0m [2mhyper::client::pool[0m[2m:[0m pooling idle connection for ("http", 192.168.0.14:8545)
[2m2025-12-10T10:13:16.481227Z[0m [34mDEBUG[0m [2methereum_transaction_pool_monitor::eth_client[0m[2m:[0m 📨 Received WebSocket message: {"jsonrpc":"2.0","method":"eth_subscription","params":{"subscription":"0xbed0a0851463e895960a451075a301a9","result":"0x583d087f9d5d7d90b3016f820c09087618956a672bacdda6c306fdb53a924e00"}}
[2m2025-12-10T10:13:16.481246Z[0m [34mDEBUG[0m [2methereum_transaction_pool_monitor::eth_client[0m[2m:[0m 📨 Received pending transaction: 0x583d087f9d5d7d90b3016f820c09087618956a672bacdda6c306fdb53a924e00
[2m2025-12-10T10:13:16.481254Z[0m [34mDEBUG[0m [2methereum_transaction_pool_monitor::mempool_monitor[0m[2m:[0m 📨 Processing new pending transaction: 0x583d087f9d5d7d90b3016f820c09087618956a672bacdda6c306fdb53a924e00
[2m2025-12-10T10:13:16.481258Z[0m [34mDEBUG[0m [2methereum_transaction_pool_monitor::mempool_monitor[0m[2m:[0m 🔍 Fetching transaction details for: 0x583d087f9d5d7d90b3016f820c09087618956a672bacdda6c306fdb53a924e00
[2m2025-12-10T10:13:16.481263Z[0m [34mDEBUG[0m [2methereum_transaction_pool_monitor::eth_client[0m[2m:[0m 🔍 Fetching transaction details for hash: 0x583d087f9d5d7d90b3016f820c09087618956a672bacdda6c306fdb53a924e00
[2m2025-12-10T10:13:16.481279Z[0m [34mDEBUG[0m [2mhyper::client::pool[0m[2m:[0m reuse idle connection for ("http", 192.168.0.14:8545)
[2m2025-12-10T10:13:16.481524Z[0m [34mDEBUG[0m [2mhyper::proto::h1::io[0m[2m:[0m flushed 250 bytes
[2m2025-12-10T10:13:16.489844Z[0m [34mDEBUG[0m [2mhyper::proto::h1::io[0m[2m:[0m parsed 4 headers
[2m2025-12-10T10:13:16.489858Z[0m [34mDEBUG[0m [2mhyper::proto::h1::conn[0m[2m:[0m incoming body is content-length (830 bytes)
[2m2025-12-10T10:13:16.489865Z[0m [34mDEBUG[0m [2mhyper::proto::h1::conn[0m[2m:[0m incoming body completed
[2m2025-12-10T10:13:16.489879Z[0m [34mDEBUG[0m [2mhyper::client::pool[0m[2m:[0m pooling idle connection for ("http", 192.168.0.14:8545)
[2m2025-12-10T10:13:16.489887Z[0m [34mDEBUG[0m [2methereum_transaction_pool_monitor::eth_client[0m[2m:[0m 📡 Transaction fetch RPC completed in 8.620167ms
[2m2025-12-10T10:13:16.561602Z[0m [34mDEBUG[0m [2methereum_transaction_pool_monitor::eth_client[0m[2m:[0m ✅ Transaction 0x583d087f9d5d7d90b3016f820c09087618956a672bacdda6c306fdb53a924e00 fetched and parsed in 80.332125ms
[2m2025-12-10T10:13:16.561635Z[0m [34mDEBUG[0m [2methereum_transaction_pool_monitor::mempool_monitor[0m[2m:[0m 🔍 Skipping tx 0x583d087f9d5d7d90b3016f820c09087618956a672bacdda6c306fdb53a924e00 - not a DEX interaction (target: 0x3B4D794a66304F130a4Db8F2551B0070dfCf5ca7)
[2m2025-12-10T10:13:16.561689Z[0m [34mDEBUG[0m [2mhyper::client::pool[0m[2m:[0m reuse idle connection for ("http", 192.168.0.14:8545)
[2m2025-12-10T10:13:16.561738Z[0m [34mDEBUG[0m [2mhyper::proto::h1::io[0m[2m:[0m flushed 172 bytes
[2m2025-12-10T10:13:16.564987Z[0m [34mDEBUG[0m [2mhyper::proto::h1::io[0m[2m:[0m parsed 4 headers
[2m2025-12-10T10:13:16.564999Z[0m [34mDEBUG[0m [2mhyper::proto::h1::conn[0m[2m:[0m incoming body is content-length (45 bytes)
[2m2025-12-10T10:13:16.565006Z[0m [34mDEBUG[0m [2mhyper::proto::h1::conn[0m[2m:[0m incoming body completed
[2m2025-12-10T10:13:16.565013Z[0m [34mDEBUG[0m [2mhyper::client::pool[0m[2m:[0m pooling idle connection for ("http", 192.168.0.14:8545)
[2m2025-12-10T10:13:16.598451Z[0m [34mDEBUG[0m [2mhyper::client::pool[0m[2m:[0m reuse idle connection for ("http", 192.168.0.14:8545)
[2m2025-12-10T10:13:16.598504Z[0m [34mDEBUG[0m [2mhyper::proto::h1::io[0m[2m:[0m flushed 172 bytes
[2m2025-12-10T10:13:16.601783Z[0m [34mDEBUG[0m [2mhyper::proto::h1::io[0m[2m:[0m parsed 4 headers
[2m2025-12-10T10:13:16.601792Z[0m [34mDEBUG[0m [2mhyper::proto::h1::conn[0m[2m:[0m incoming body is content-length (45 bytes)
[2m2025-12-10T10:13:16.601799Z[0m [34mDEBUG[0m [2mhyper::proto::h1::conn[0m[2m:[0m incoming body completed
[2m2025-12-10T10:13:16.601807Z[0m [34mDEBUG[0m [2mhyper::client::pool[0m[2m:[0m pooling idle connection for ("http", 192.168.0.14:8545)
[2m2025-12-10T10:13:16.698125Z[0m [34mDEBUG[0m [2mhyper::client::pool[0m[2m:[0m reuse idle connection for ("http", 192.168.0.14:8545)
[2m2025-12-10T10:13:16.698195Z[0m [34mDEBUG[0m [2mhyper::proto::h1::io[0m[2m:[0m flushed 172 bytes
[2m2025-12-10T10:13:16.701028Z[0m [34mDEBUG[0m [2mhyper::proto::h1::io[0m[2m:[0m parsed 4 headers
[2m2025-12-10T10:13:16.701042Z[0m [34mDEBUG[0m [2mhyper::proto::h1::conn[0m[2m:[0m incoming body is content-length (45 bytes)
[2m2025-12-10T10:13:16.701049Z[0m [34mDEBUG[0m [2mhyper::proto::h1::conn[0m[2m:[0m incoming body completed
[2m2025-12-10T10:13:16.701057Z[0m [34mDEBUG[0m [2mhyper::client::pool[0m[2m:[0m pooling idle connection for ("http", 192.168.0.14:8545)
[2m2025-12-10T10:13:16.710705Z[0m [34mDEBUG[0m [2methereum_transaction_pool_monitor::eth_client[0m[2m:[0m 📨 Received WebSocket message: {"jsonrpc":"2.0","method":"eth_subscription","params":{"subscription":"0xbed0a0851463e895960a451075a301a9","result":"0xc2beb4c95bd19e8c410f5c9c0e6aebf473d03d50dd40d6d4ac6084eeabf22e13"}}
[2m2025-12-10T10:13:16.710751Z[0m [34mDEBUG[0m [2methereum_transaction_pool_monitor::eth_client[0m[2m:[0m 📨 Received pending transaction: 0xc2beb4c95bd19e8c410f5c9c0e6aebf473d03d50dd40d6d4ac6084eeabf22e13
[2m2025-12-10T10:13:16.710765Z[0m [34mDEBUG[0m [2methereum_transaction_pool_monitor::mempool_monitor[0m[2m:[0m 📨 Processing new pending transaction: 0xc2beb4c95bd19e8c410f5c9c0e6aebf473d03d50dd40d6d4ac6084eeabf22e13
[2m2025-12-10T10:13:16.710776Z[0m [34mDEBUG[0m [2methereum_transaction_pool_monitor::mempool_monitor[0m[2m:[0m 🔍 Fetching transaction details for: 0xc2beb4c95bd19e8c410f5c9c0e6aebf473d03d50dd40d6d4ac6084eeabf22e13
[2m2025-12-10T10:13:16.710785Z[0m [34mDEBUG[0m [2methereum_transaction_pool_monitor::eth_client[0m[2m:[0m 🔍 Fetching transaction details for hash: 0xc2beb4c95bd19e8c410f5c9c0e6aebf473d03d50dd40d6d4ac6084eeabf22e13
[2m2025-12-10T10:13:16.710811Z[0m [34mDEBUG[0m [2mhyper::client::pool[0m[2m:[0m reuse idle connection for ("http", 192.168.0.14:8545)
[2m2025-12-10T10:13:16.710847Z[0m [34mDEBUG[0m [2mhyper::proto::h1::io[0m[2m:[0m flushed 250 bytes
[2m2025-12-10T10:13:16.712537Z[0m [34mDEBUG[0m [2methereum_transaction_pool_monitor::eth_client[0m[2m:[0m 📨 Received WebSocket message: {"jsonrpc":"2.0","method":"eth_subscription","params":{"subscription":"0xbed0a0851463e895960a451075a301a9","result":"0x344ae5f91e587b9eeae2b9935b76117b8ce5fed4171f802f2ff941b2446fbb58"}}
[2m2025-12-10T10:13:16.712550Z[0m [34mDEBUG[0m [2methereum_transaction_pool_monitor::eth_client[0m[2m:[0m 📨 Received pending transaction: 0x344ae5f91e587b9eeae2b9935b76117b8ce5fed4171f802f2ff941b2446fbb58
[2m2025-12-10T10:13:16.715626Z[0m [34mDEBUG[0m [2mhyper::proto::h1::io[0m[2m:[0m parsed 4 headers
[2m2025-12-10T10:13:16.715636Z[0m [34mDEBUG[0m [2mhyper::proto::h1::conn[0m[2m:[0m incoming body is content-length (644 bytes)
[2m2025-12-10T10:13:16.715644Z[0m [34mDEBUG[0m [2mhyper::proto::h1::conn[0m[2m:[0m incoming body completed
[2m2025-12-10T10:13:16.715654Z[0m [34mDEBUG[0m [2mhyper::client::pool[0m[2m:[0m pooling idle connection for ("http", 192.168.0.14:8545)
[2m2025-12-10T10:13:16.715661Z[0m [34mDEBUG[0m [2methereum_transaction_pool_monitor::eth_client[0m[2m:[0m 📡 Transaction fetch RPC completed in 4.868458ms
[2m2025-12-10T10:13:16.787547Z[0m [34mDEBUG[0m [2methereum_transaction_pool_monitor::eth_client[0m[2m:[0m ✅ Transaction 0xc2beb4c95bd19e8c410f5c9c0e6aebf473d03d50dd40d6d4ac6084eeabf22e13 fetched and parsed in 76.752583ms
[2m2025-12-10T10:13:16.787577Z[0m [34mDEBUG[0m [2methereum_transaction_pool_monitor::mempool_monitor[0m[2m:[0m 🔍 Skipping tx 0xc2beb4c95bd19e8c410f5c9c0e6aebf473d03d50dd40d6d4ac6084eeabf22e13 - not a DEX interaction (target: 0x17E5545B11b468072283Cee1F066a059Fb0dbF24)
[2m2025-12-10T10:13:16.787591Z[0m [34mDEBUG[0m [2methereum_transaction_pool_monitor::mempool_monitor[0m[2m:[0m 📨 Processing new pending transaction: 0x344ae5f91e587b9eeae2b9935b76117b8ce5fed4171f802f2ff941b2446fbb58
[2m2025-12-10T10:13:16.787597Z[0m [34mDEBUG[0m [2methereum_transaction_pool_monitor::mempool_monitor[0m[2m:[0m 🔍 Fetching transaction details for: 0x344ae5f91e587b9eeae2b9935b76117b8ce5fed4171f802f2ff941b2446fbb58
[2m2025-12-10T10:13:16.787603Z[0m [34mDEBUG[0m [2methereum_transaction_pool_monitor::eth_client[0m[2m:[0m 🔍 Fetching transaction details for hash: 0x344ae5f91e587b9eeae2b9935b76117b8ce5fed4171f802f2ff941b2446fbb58
[2m2025-12-10T10:13:16.787626Z[0m [34mDEBUG[0m [2mhyper::client::pool[0m[2m:[0m reuse idle connection for ("http", 192.168.0.14:8545)
[2m2025-12-10T10:13:16.787684Z[0m [34mDEBUG[0m [2mhyper::proto::h1::io[0m[2m:[0m flushed 250 bytes
[2m2025-12-10T10:13:16.787704Z[0m [34mDEBUG[0m [2methereum_transaction_pool_monitor::eth_client[0m[2m:[0m 📨 Received WebSocket message: {"jsonrpc":"2.0","method":"eth_subscription","params":{"subscription":"0xbed0a0851463e895960a451075a301a9","result":"0x6304ee796692c5b30310bea74e5386a094878b722021120cb22bfd558b11b1bd"}}
[2m2025-12-10T10:13:16.787711Z[0m [34mDEBUG[0m [2methereum_transaction_pool_monitor::eth_client[0m[2m:[0m 📨 Received pending transaction: 0x6304ee796692c5b30310bea74e5386a094878b722021120cb22bfd558b11b1bd
[2m2025-12-10T10:13:16.796600Z[0m [34mDEBUG[0m [2mhyper::proto::h1::io[0m[2m:[0m parsed 4 headers
[2m2025-12-10T10:13:16.796612Z[0m [34mDEBUG[0m [2mhyper::proto::h1::conn[0m[2m:[0m incoming body is content-length (772 bytes)
[2m2025-12-10T10:13:16.796623Z[0m [34mDEBUG[0m [2mhyper::proto::h1::conn[0m[2m:[0m incoming body completed
[2m2025-12-10T10:13:16.796633Z[0m [34mDEBUG[0m [2mhyper::client::pool[0m[2m:[0m pooling idle connection for ("http", 192.168.0.14:8545)
[2m2025-12-10T10:13:16.796640Z[0m [34mDEBUG[0m [2methereum_transaction_pool_monitor::eth_client[0m[2m:[0m 📡 Transaction fetch RPC completed in 9.030417ms
[2m2025-12-10T10:13:16.796654Z[0m [34mDEBUG[0m [2methereum_transaction_pool_monitor::eth_client[0m[2m:[0m DeFi transaction detected - Address: 0xdac17f958d2ee523a2206206994597c13d831ec7, Type: Stablecoin, Value: 0 ETH, Gas: 2.39 Gwei
[2m2025-12-10T10:13:16.796665Z[0m [34mDEBUG[0m [2methereum_transaction_pool_monitor::eth_client[0m[2m:[0m ✅ Transaction 0x344ae5f91e587b9eeae2b9935b76117b8ce5fed4171f802f2ff941b2446fbb58 fetched and parsed in 9.055917ms
[2m2025-12-10T10:13:16.796670Z[0m [34mDEBUG[0m [2methereum_transaction_pool_monitor::mempool_monitor[0m[2m:[0m 🔍 Skipping tx 0x344ae5f91e587b9eeae2b9935b76117b8ce5fed4171f802f2ff941b2446fbb58 - not a DEX interaction (target: 0xdAC17F958D2ee523a2206206994597C13D831ec7)
[2m2025-12-10T10:13:16.796676Z[0m [34mDEBUG[0m [2methereum_transaction_pool_monitor::mempool_monitor[0m[2m:[0m 📨 Processing new pending transaction: 0x6304ee796692c5b30310bea74e5386a094878b722021120cb22bfd558b11b1bd
[2m2025-12-10T10:13:16.796679Z[0m [34mDEBUG[0m [2methereum_transaction_pool_monitor::mempool_monitor[0m[2m:[0m 🔍 Fetching transaction details for: 0x6304ee796692c5b30310bea74e5386a094878b722021120cb22bfd558b11b1bd
[2m2025-12-10T10:13:16.796682Z[0m [34mDEBUG[0m [2methereum_transaction_pool_monitor::eth_client[0m[2m:[0m 🔍 Fetching transaction details for hash: 0x6304ee796692c5b30310bea74e5386a094878b722021120cb22bfd558b11b1bd
[2m2025-12-10T10:13:16.796695Z[0m [34mDEBUG[0m [2mhyper::client::pool[0m[2m:[0m reuse idle connection for ("http", 192.168.0.14:8545)
[2m2025-12-10T10:13:16.796711Z[0m [34mDEBUG[0m [2mhyper::proto::h1::io[0m[2m:[0m flushed 250 bytes
[2m2025-12-10T10:13:16.798971Z[0m [34mDEBUG[0m [2mhyper::client::pool[0m[2m:[0m reuse idle connection for ("http", 192.168.0.14:8545)
[2m2025-12-10T10:13:16.798996Z[0m [34mDEBUG[0m [2mhyper::proto::h1::io[0m[2m:[0m flushed 172 bytes
[2m2025-12-10T10:13:16.804484Z[0m [34mDEBUG[0m [2mhyper::proto::h1::io[0m[2m:[0m parsed 4 headers
[2m2025-12-10T10:13:16.804493Z[0m [34mDEBUG[0m [2mhyper::proto::h1::conn[0m[2m:[0m incoming body is content-length (679 bytes)
[2m2025-12-10T10:13:16.804498Z[0m [34mDEBUG[0m [2mhyper::proto::h1::conn[0m[2m:[0m incoming body completed
[2m2025-12-10T10:13:16.804505Z[0m [34mDEBUG[0m [2mhyper::client::pool[0m[2m:[0m pooling idle connection for ("http", 192.168.0.14:8545)
[2m2025-12-10T10:13:16.804510Z[0m [34mDEBUG[0m [2methereum_transaction_pool_monitor::eth_client[0m[2m:[0m 📡 Transaction fetch RPC completed in 7.824333ms
[2m2025-12-10T10:13:16.804521Z[0m [34mDEBUG[0m [2methereum_transaction_pool_monitor::eth_client[0m[2m:[0m DeFi transaction detected - Address: 0xdac17f958d2ee523a2206206994597c13d831ec7, Type: Stablecoin, Value: 0 ETH, Gas: 2.17 Gwei
[2m2025-12-10T10:13:16.804531Z[0m [34mDEBUG[0m [2methereum_transaction_pool_monitor::eth_client[0m[2m:[0m ✅ Transaction 0x6304ee796692c5b30310bea74e5386a094878b722021120cb22bfd558b11b1bd fetched and parsed in 7.844958ms
[2m2025-12-10T10:13:16.804536Z[0m [34mDEBUG[0m [2methereum_transaction_pool_monitor::mempool_monitor[0m[2m:[0m 🔍 Skipping tx 0x6304ee796692c5b30310bea74e5386a094878b722021120cb22bfd558b11b1bd - not a DEX interaction (target: 0xdAC17F958D2ee523a2206206994597C13D831ec7)
[2m2025-12-10T10:13:16.805611Z[0m [34mDEBUG[0m [2mhyper::proto::h1::io[0m[2m:[0m parsed 4 headers
[2m2025-12-10T10:13:16.805619Z[0m [34mDEBUG[0m [2mhyper::proto::h1::conn[0m[2m:[0m incoming body is content-length (45 bytes)
[2m2025-12-10T10:13:16.805624Z[0m [34mDEBUG[0m [2mhyper::proto::h1::conn[0m[2m:[0m incoming body completed
[2m2025-12-10T10:13:16.805632Z[0m [34mDEBUG[0m [2mhyper::client::pool[0m[2m:[0m pooling idle connection for ("http", 192.168.0.14:8545)
[2m2025-12-10T10:13:16.893597Z[0m [34mDEBUG[0m [2methereum_transaction_pool_monitor::eth_client[0m[2m:[0m 📨 Received WebSocket message: {"jsonrpc":"2.0","method":"eth_subscription","params":{"subscription":"0xbed0a0851463e895960a451075a301a9","result":"0xd4cce4df683c913a643f2704ed3b76dee6e3db405be2b3136745cc46fed124a8"}}
[2m2025-12-10T10:13:16.893619Z[0m [34mDEBUG[0m [2methereum_transaction_pool_monitor::eth_client[0m[2m:[0m 📨 Received pending transaction: 0xd4cce4df683c913a643f2704ed3b76dee6e3db405be2b3136745cc46fed124a8
[2m2025-12-10T10:13:16.893628Z[0m [34mDEBUG[0m [2methereum_transaction_pool_monitor::mempool_monitor[0m[2m:[0m 📨 Processing new pending transaction: 0xd4cce4df683c913a643f2704ed3b76dee6e3db405be2b3136745cc46fed124a8
[2m2025-12-10T10:13:16.893633Z[0m [34mDEBUG[0m [2methereum_transaction_pool_monitor::mempool_monitor[0m[2m:[0m 🔍 Fetching transaction details for: 0xd4cce4df683c913a643f2704ed3b76dee6e3db405be2b3136745cc46fed124a8
[2m2025-12-10T10:13:16.893637Z[0m [34mDEBUG[0m [2methereum_transaction_pool_monitor::eth_client[0m[2m:[0m 🔍 Fetching transaction details for hash: 0xd4cce4df683c913a643f2704ed3b76dee6e3db405be2b3136745cc46fed124a8
[2m2025-12-10T10:13:16.893655Z[0m [34mDEBUG[0m [2mhyper::client::pool[0m[2m:[0m reuse idle connection for ("http", 192.168.0.14:8545)
[2m2025-12-10T10:13:16.893677Z[0m [34mDEBUG[0m [2mhyper::proto::h1::io[0m[2m:[0m flushed 250 bytes
[2m2025-12-10T10:13:16.899362Z[0m [34mDEBUG[0m [2mhyper::client::pool[0m[2m:[0m reuse idle connection for ("http", 192.168.0.14:8545)
[2m2025-12-10T10:13:16.899413Z[0m [34mDEBUG[0m [2mhyper::proto::h1::io[0m[2m:[0m flushed 172 bytes
[2m2025-12-10T10:13:16.905536Z[0m [34mDEBUG[0m [2mhyper::proto::h1::io[0m[2m:[0m parsed 4 headers
[2m2025-12-10T10:13:16.905547Z[0m [34mDEBUG[0m [2mhyper::proto::h1::conn[0m[2m:[0m incoming body is content-length (646 bytes)
[2m2025-12-10T10:13:16.905554Z[0m [34mDEBUG[0m [2mhyper::proto::h1::conn[0m[2m:[0m incoming body completed
[2m2025-12-10T10:13:16.905563Z[0m [34mDEBUG[0m [2mhyper::client::pool[0m[2m:[0m pooling idle connection for ("http", 192.168.0.14:8545)
[2m2025-12-10T10:13:16.905569Z[0m [34mDEBUG[0m [2methereum_transaction_pool_monitor::eth_client[0m[2m:[0m 📡 Transaction fetch RPC completed in 11.927625ms
[2m2025-12-10T10:13:16.977997Z[0m [34mDEBUG[0m [2methereum_transaction_pool_monitor::eth_client[0m[2m:[0m ✅ Transaction 0xd4cce4df683c913a643f2704ed3b76dee6e3db405be2b3136745cc46fed124a8 fetched and parsed in 84.353333ms
[2m2025-12-10T10:13:16.978027Z[0m [34mDEBUG[0m [2methereum_transaction_pool_monitor::mempool_monitor[0m[2m:[0m 🔍 Skipping tx 0xd4cce4df683c913a643f2704ed3b76dee6e3db405be2b3136745cc46fed124a8 - not a DEX interaction (target: 0x7Ff14FA06Defd27590d7EcCe7d5Db9B9BF301568)
[2m2025-12-10T10:13:16.978055Z[0m [34mDEBUG[0m [2mhyper::proto::h1::io[0m[2m:[0m parsed 4 headers
[2m2025-12-10T10:13:16.978061Z[0m [34mDEBUG[0m [2mhyper::proto::h1::conn[0m[2m:[0m incoming body is content-length (45 bytes)
[2m2025-12-10T10:13:16.978070Z[0m [34mDEBUG[0m [2mhyper::proto::h1::conn[0m[2m:[0m incoming body completed
[2m2025-12-10T10:13:16.978079Z[0m [34mDEBUG[0m [2mhyper::client::pool[0m[2m:[0m pooling idle connection for ("http", 192.168.0.14:8545)
[2m2025-12-10T10:13:16.999171Z[0m [34mDEBUG[0m [2mhyper::client::pool[0m[2m:[0m reuse idle connection for ("http", 192.168.0.14:8545)
[2m2025-12-10T10:13:16.999241Z[0m [34mDEBUG[0m [2mhyper::proto::h1::io[0m[2m:[0m flushed 172 bytes
[2m2025-12-10T10:13:17.003699Z[0m [34mDEBUG[0m [2mhyper::proto::h1::io[0m[2m:[0m parsed 4 headers
[2m2025-12-10T10:13:17.003708Z[0m [34mDEBUG[0m [2mhyper::proto::h1::conn[0m[2m:[0m incoming body is content-length (45 bytes)
[2m2025-12-10T10:13:17.003714Z[0m [34mDEBUG[0m [2mhyper::proto::h1::conn[0m[2m:[0m incoming body completed
[2m2025-12-10T10:13:17.003721Z[0m [34mDEBUG[0m [2mhyper::client::pool[0m[2m:[0m pooling idle connection for ("http", 192.168.0.14:8545)
[2m2025-12-10T10:13:17.099825Z[0m [34mDEBUG[0m [2mhyper::client::pool[0m[2m:[0m reuse idle connection for ("http", 192.168.0.14:8545)
[2m2025-12-10T10:13:17.099914Z[0m [34mDEBUG[0m [2mhyper::proto::h1::io[0m[2m:[0m flushed 172 bytes
[2m2025-12-10T10:13:17.102799Z[0m [34mDEBUG[0m [2mhyper::proto::h1::io[0m[2m:[0m parsed 4 headers
[2m2025-12-10T10:13:17.102808Z[0m [34mDEBUG[0m [2mhyper::proto::h1::conn[0m[2m:[0m incoming body is content-length (45 bytes)
[2m2025-12-10T10:13:17.102815Z[0m [34mDEBUG[0m [2mhyper::proto::h1::conn[0m[2m:[0m incoming body completed
[2m2025-12-10T10:13:17.102823Z[0m [34mDEBUG[0m [2mhyper::client::pool[0m[2m:[0m pooling idle connection for ("http", 192.168.0.14:8545)
[2m2025-12-10T10:13:17.198481Z[0m [34mDEBUG[0m [2mhyper::client::pool[0m[2m:[0m reuse idle connection for ("http", 192.168.0.14:8545)
[2m2025-12-10T10:13:17.198678Z[0m [34mDEBUG[0m [2mhyper::proto::h1::io[0m[2m:[0m flushed 172 bytes
[2m2025-12-10T10:13:17.203950Z[0m [34mDEBUG[0m [2mhyper::proto::h1::io[0m[2m:[0m parsed 4 headers
[2m2025-12-10T10:13:17.203980Z[0m [34mDEBUG[0m [2mhyper::proto::h1::conn[0m[2m:[0m incoming body is content-length (45 bytes)
[2m2025-12-10T10:13:17.204000Z[0m [34mDEBUG[0m [2mhyper::proto::h1::conn[0m[2m:[0m incoming body completed
[2m2025-12-10T10:13:17.204022Z[0m [34mDEBUG[0m [2mhyper::client::pool[0m[2m:[0m pooling idle connection for ("http", 192.168.0.14:8545)
[2m2025-12-10T10:13:17.299198Z[0m [34mDEBUG[0m [2mhyper::client::pool[0m[2m:[0m reuse idle connection for ("http", 192.168.0.14:8545)
[2m2025-12-10T10:13:17.299477Z[0m [34mDEBUG[0m [2mhyper::proto::h1::io[0m[2m:[0m flushed 172 bytes
[2m2025-12-10T10:13:17.305333Z[0m [34mDEBUG[0m [2mhyper::proto::h1::io[0m[2m:[0m parsed 4 headers
[2m2025-12-10T10:13:17.305397Z[0m [34mDEBUG[0m [2mhyper::proto::h1::conn[0m[2m:[0m incoming body is content-length (45 bytes)
[2m2025-12-10T10:13:17.305429Z[0m [34mDEBUG[0m [2mhyper::proto::h1::conn[0m[2m:[0m incoming body completed
[2m2025-12-10T10:13:17.305465Z[0m [34mDEBUG[0m [2mhyper::client::pool[0m[2m:[0m pooling idle connection for ("http", 192.168.0.14:8545)
[2m2025-12-10T10:13:17.399638Z[0m [34mDEBUG[0m [2mhyper::client::pool[0m[2m:[0m reuse idle connection for ("http", 192.168.0.14:8545)
[2m2025-12-10T10:13:17.402847Z[0m [34mDEBUG[0m [2mhyper::proto::h1::io[0m[2m:[0m flushed 172 bytes
[2m2025-12-10T10:13:17.406272Z[0m [34mDEBUG[0m [2mhyper::proto::h1::io[0m[2m:[0m parsed 4 headers
[2m2025-12-10T10:13:17.406308Z[0m [34mDEBUG[0m [2mhyper::proto::h1::conn[0m[2m:[0m incoming body is content-length (45 bytes)
[2m2025-12-10T10:13:17.406342Z[0m [34mDEBUG[0m [2mhyper::proto::h1::conn[0m[2m:[0m incoming body completed
[2m2025-12-10T10:13:17.406389Z[0m [34mDEBUG[0m [2mhyper::client::pool[0m[2m:[0m pooling idle connection for ("http", 192.168.0.14:8545)
[2m2025-12-10T10:13:17.415090Z[0m [34mDEBUG[0m [2methereum_transaction_pool_monitor::eth_client[0m[2m:[0m 📨 Received WebSocket message: {"jsonrpc":"2.0","method":"eth_subscription","params":{"subscription":"0xbed0a0851463e895960a451075a301a9","result":"0x68d4afefa70ad28f019f13f376c503ed2540969a439a3111cfa53d6058f4f28c"}}
[2m2025-12-10T10:13:17.415161Z[0m [34mDEBUG[0m [2methereum_transaction_pool_monitor::eth_client[0m[2m:[0m 📨 Received pending transaction: 0x68d4afefa70ad28f019f13f376c503ed2540969a439a3111cfa53d6058f4f28c
[2m2025-12-10T10:13:17.415196Z[0m [34mDEBUG[0m [2methereum_transaction_pool_monitor::mempool_monitor[0m[2m:[0m 📨 Processing new pending transaction: 0x68d4afefa70ad28f019f13f376c503ed2540969a439a3111cfa53d6058f4f28c
[2m2025-12-10T10:13:17.415220Z[0m [34mDEBUG[0m [2methereum_transaction_pool_monitor::mempool_monitor[0m[2m:[0m 🔍 Fetching transaction details for: 0x68d4afefa70ad28f019f13f376c503ed2540969a439a3111cfa53d6058f4f28c
[2m2025-12-10T10:13:17.415242Z[0m [34mDEBUG[0m [2methereum_transaction_pool_monitor::eth_client[0m[2m:[0m 🔍 Fetching transaction details for hash: 0x68d4afefa70ad28f019f13f376c503ed2540969a439a3111cfa53d6058f4f28c
[2m2025-12-10T10:13:17.415299Z[0m [34mDEBUG[0m [2mhyper::client::pool[0m[2m:[0m reuse idle connection for ("http", 192.168.0.14:8545)
[2m2025-12-10T10:13:17.415377Z[0m [34mDEBUG[0m [2mhyper::proto::h1::io[0m[2m:[0m flushed 250 bytes
[2m2025-12-10T10:13:17.421886Z[0m [34mDEBUG[0m [2mhyper::proto::h1::io[0m[2m:[0m parsed 4 headers
[2m2025-12-10T10:13:17.421920Z[0m [34mDEBUG[0m [2mhyper::proto::h1::conn[0m[2m:[0m incoming body is content-length (2319 bytes)
[2m2025-12-10T10:13:17.421956Z[0m [34mDEBUG[0m [2mhyper::proto::h1::conn[0m[2m:[0m incoming body completed
[2m2025-12-10T10:13:17.421971Z[0m [34mDEBUG[0m [2mhyper::client::pool[0m[2m:[0m pooling idle connection for ("http", 192.168.0.14:8545)
[2m2025-12-10T10:13:17.421983Z[0m [34mDEBUG[0m [2methereum_transaction_pool_monitor::eth_client[0m[2m:[0m 📡 Transaction fetch RPC completed in 6.720542ms
[2m2025-12-10T10:13:17.523105Z[0m [34mDEBUG[0m [2methereum_transaction_pool_monitor::eth_client[0m[2m:[0m ✅ Transaction 0x68d4afefa70ad28f019f13f376c503ed2540969a439a3111cfa53d6058f4f28c fetched and parsed in 107.840667ms
[2m2025-12-10T10:13:17.523130Z[0m [34mDEBUG[0m [2methereum_transaction_pool_monitor::mempool_monitor[0m[2m:[0m 🔍 Skipping tx 0x68d4afefa70ad28f019f13f376c503ed2540969a439a3111cfa53d6058f4f28c - not a DEX interaction (target: 0x66a9893cC07D91D95644AEDD05D03f95e1dBA8Af)
[2m2025-12-10T10:13:17.523166Z[0m [34mDEBUG[0m [2mhyper::client::pool[0m[2m:[0m reuse idle connection for ("http", 192.168.0.14:8545)
[2m2025-12-10T10:13:17.523188Z[0m [34mDEBUG[0m [2mhyper::proto::h1::io[0m[2m:[0m flushed 172 bytes
[2m2025-12-10T10:13:17.523188Z[0m [34mDEBUG[0m [2methereum_transaction_pool_monitor::eth_client[0m[2m:[0m 📨 Received WebSocket message: {"jsonrpc":"2.0","method":"eth_subscription","params":{"subscription":"0xbed0a0851463e895960a451075a301a9","result":"0x730e7b78839ef26741204802e85bdd2d50073e8f1938a9e9c74a29cb6333db2d"}}
[2m2025-12-10T10:13:17.523205Z[0m [34mDEBUG[0m [2methereum_transaction_pool_monitor::eth_client[0m[2m:[0m 📨 Received pending transaction: 0x730e7b78839ef26741204802e85bdd2d50073e8f1938a9e9c74a29cb6333db2d
[2m2025-12-10T10:13:17.523212Z[0m [34mDEBUG[0m [2methereum_transaction_pool_monitor::mempool_monitor[0m[2m:[0m 📨 Processing new pending transaction: 0x730e7b78839ef26741204802e85bdd2d50073e8f1938a9e9c74a29cb6333db2d
[2m2025-12-10T10:13:17.523217Z[0m [34mDEBUG[0m [2methereum_transaction_pool_monitor::mempool_monitor[0m[2m:[0m 🔍 Fetching transaction details for: 0x730e7b78839ef26741204802e85bdd2d50073e8f1938a9e9c74a29cb6333db2d
[2m2025-12-10T10:13:17.523220Z[0m [34mDEBUG[0m [2methereum_transaction_pool_monitor::eth_client[0m[2m:[0m 🔍 Fetching transaction details for hash: 0x730e7b78839ef26741204802e85bdd2d50073e8f1938a9e9c74a29cb6333db2d
[2m2025-12-10T10:13:17.523229Z[0m [34mDEBUG[0m [2mhyper::client::pool[0m[2m:[0m reuse idle connection for ("http", 192.168.0.14:8545)
[2m2025-12-10T10:13:17.523245Z[0m [34mDEBUG[0m [2mhyper::proto::h1::io[0m[2m:[0m flushed 250 bytes
[2m2025-12-10T10:13:17.526659Z[0m [34mDEBUG[0m [2mhyper::proto::h1::io[0m[2m:[0m parsed 4 headers
[2m2025-12-10T10:13:17.526678Z[0m [34mDEBUG[0m [2mhyper::proto::h1::conn[0m[2m:[0m incoming body is content-length (45 bytes)
[2m2025-12-10T10:13:17.526699Z[0m [34mDEBUG[0m [2mhyper::proto::h1::conn[0m[2m:[0m incoming body completed
[2m2025-12-10T10:13:17.526719Z[0m [34mDEBUG[0m [2mhyper::client::pool[0m[2m:[0m pooling idle connection for ("http", 192.168.0.14:8545)
[2m2025-12-10T10:13:17.532953Z[0m [34mDEBUG[0m [2mhyper::proto::h1::io[0m[2m:[0m parsed 4 headers
[2m2025-12-10T10:13:17.532972Z[0m [34mDEBUG[0m [2mhyper::proto::h1::conn[0m[2m:[0m incoming body is content-length (779 bytes)
[2m2025-12-10T10:13:17.532988Z[0m [34mDEBUG[0m [2mhyper::proto::h1::conn[0m[2m:[0m incoming body completed
[2m2025-12-10T10:13:17.533006Z[0m [34mDEBUG[0m [2mhyper::client::pool[0m[2m:[0m pooling idle connection for ("http", 192.168.0.14:8545)
[2m2025-12-10T10:13:17.533010Z[0m [34mDEBUG[0m [2methereum_transaction_pool_monitor::eth_client[0m[2m:[0m 📡 Transaction fetch RPC completed in 9.785708ms
[2m2025-12-10T10:13:17.605811Z[0m [34mDEBUG[0m [2methereum_transaction_pool_monitor::eth_client[0m[2m:[0m ✅ Transaction 0x730e7b78839ef26741204802e85bdd2d50073e8f1938a9e9c74a29cb6333db2d fetched and parsed in 82.584916ms
[2m2025-12-10T10:13:17.605837Z[0m [34mDEBUG[0m [2methereum_transaction_pool_monitor::mempool_monitor[0m[2m:[0m 🔍 Skipping tx 0x730e7b78839ef26741204802e85bdd2d50073e8f1938a9e9c74a29cb6333db2d - not a DEX interaction (target: 0xA0b86991c6218b36c1d19D4a2e9Eb0cE3606eB48)
[2m2025-12-10T10:13:17.605872Z[0m [34mDEBUG[0m [2mhyper::client::pool[0m[2m:[0m reuse idle connection for ("http", 192.168.0.14:8545)
[2m2025-12-10T10:13:17.605897Z[0m [34mDEBUG[0m [2mhyper::proto::h1::io[0m[2m:[0m flushed 172 bytes
[2m2025-12-10T10:13:17.605910Z[0m [34mDEBUG[0m [2methereum_transaction_pool_monitor::eth_client[0m[2m:[0m 📨 Received WebSocket message: {"jsonrpc":"2.0","method":"eth_subscription","params":{"subscription":"0xbed0a0851463e895960a451075a301a9","result":"0xed239d7a3b245db5c0f5d64e9d080aa806800a0a65f8e0bac8e2dd213ed7c954"}}
[2m2025-12-10T10:13:17.605919Z[0m [34mDEBUG[0m [2methereum_transaction_pool_monitor::eth_client[0m[2m:[0m 📨 Received pending transaction: 0xed239d7a3b245db5c0f5d64e9d080aa806800a0a65f8e0bac8e2dd213ed7c954
[2m2025-12-10T10:13:17.605926Z[0m [34mDEBUG[0m [2methereum_transaction_pool_monitor::mempool_monitor[0m[2m:[0m 📨 Processing new pending transaction: 0xed239d7a3b245db5c0f5d64e9d080aa806800a0a65f8e0bac8e2dd213ed7c954
[2m2025-12-10T10:13:17.605931Z[0m [34mDEBUG[0m [2methereum_transaction_pool_monitor::mempool_monitor[0m[2m:[0m 🔍 Fetching transaction details for: 0xed239d7a3b245db5c0f5d64e9d080aa806800a0a65f8e0bac8e2dd213ed7c954
[2m2025-12-10T10:13:17.605939Z[0m [34mDEBUG[0m [2methereum_transaction_pool_monitor::eth_client[0m[2m:[0m 🔍 Fetching transaction details for hash: 0xed239d7a3b245db5c0f5d64e9d080aa806800a0a65f8e0bac8e2dd213ed7c954
[2m2025-12-10T10:13:17.605947Z[0m [34mDEBUG[0m [2mhyper::client::pool[0m[2m:[0m reuse idle connection for ("http", 192.168.0.14:8545)
[2m2025-12-10T10:13:17.605959Z[0m [34mDEBUG[0m [2mhyper::proto::h1::io[0m[2m:[0m flushed 250 bytes
[2m2025-12-10T10:13:17.610757Z[0m [34mDEBUG[0m [2mhyper::proto::h1::io[0m[2m:[0m parsed 4 headers
[2m2025-12-10T10:13:17.610775Z[0m [34mDEBUG[0m [2mhyper::proto::h1::conn[0m[2m:[0m incoming body is content-length (45 bytes)
[2m2025-12-10T10:13:17.610800Z[0m [34mDEBUG[0m [2mhyper::proto::h1::conn[0m[2m:[0m incoming body completed
[2m2025-12-10T10:13:17.610810Z[0m [34mDEBUG[0m [2mhyper::client::pool[0m[2m:[0m pooling idle connection for ("http", 192.168.0.14:8545)
[2m2025-12-10T10:13:17.611887Z[0m [34mDEBUG[0m [2mhyper::proto::h1::io[0m[2m:[0m parsed 4 headers
[2m2025-12-10T10:13:17.611892Z[0m [34mDEBUG[0m [2mhyper::proto::h1::conn[0m[2m:[0m incoming body is content-length (649 bytes)
[2m2025-12-10T10:13:17.611896Z[0m [34mDEBUG[0m [2mhyper::proto::h1::conn[0m[2m:[0m incoming body completed
[2m2025-12-10T10:13:17.611901Z[0m [34mDEBUG[0m [2mhyper::client::pool[0m[2m:[0m pooling idle connection for ("http", 192.168.0.14:8545)
[2m2025-12-10T10:13:17.611905Z[0m [34mDEBUG[0m [2methereum_transaction_pool_monitor::eth_client[0m[2m:[0m 📡 Transaction fetch RPC completed in 5.962041ms
[2m2025-12-10T10:13:17.683637Z[0m [34mDEBUG[0m [2methereum_transaction_pool_monitor::eth_client[0m[2m:[0m ✅ Transaction 0xed239d7a3b245db5c0f5d64e9d080aa806800a0a65f8e0bac8e2dd213ed7c954 fetched and parsed in 77.691541ms
[2m2025-12-10T10:13:17.683666Z[0m [34mDEBUG[0m [2methereum_transaction_pool_monitor::mempool_monitor[0m[2m:[0m 🔍 Skipping tx 0xed239d7a3b245db5c0f5d64e9d080aa806800a0a65f8e0bac8e2dd213ed7c954 - not a DEX interaction (target: 0x1EF1B0cbAF316b769fDe9A513EC92BF18909ec51)
[2m2025-12-10T10:13:17.683708Z[0m [34mDEBUG[0m [2methereum_transaction_pool_monitor::eth_client[0m[2m:[0m 📨 Received WebSocket message: {"jsonrpc":"2.0","method":"eth_subscription","params":{"subscription":"0xbed0a0851463e895960a451075a301a9","result":"0xc518a81bf9bd17029e70cfbaf6ed7b1380f25dac05249d9d77c58e89d21c9c92"}}
[2m2025-12-10T10:13:17.683721Z[0m [34mDEBUG[0m [2methereum_transaction_pool_monitor::eth_client[0m[2m:[0m 📨 Received pending transaction: 0xc518a81bf9bd17029e70cfbaf6ed7b1380f25dac05249d9d77c58e89d21c9c92
[2m2025-12-10T10:13:17.683729Z[0m [34mDEBUG[0m [2methereum_transaction_pool_monitor::eth_client[0m[2m:[0m 📨 Received WebSocket message: {"jsonrpc":"2.0","method":"eth_subscription","params":{"subscription":"0xbed0a0851463e895960a451075a301a9","result":"0xdc134ec48d791674393d5707f23d3c83518fc6c2c9be366594ab2769f700af22"}}
[2m2025-12-10T10:13:17.683735Z[0m [34mDEBUG[0m [2methereum_transaction_pool_monitor::eth_client[0m[2m:[0m 📨 Received pending transaction: 0xdc134ec48d791674393d5707f23d3c83518fc6c2c9be366594ab2769f700af22
[2m2025-12-10T10:13:17.683740Z[0m [34mDEBUG[0m [2methereum_transaction_pool_monitor::eth_client[0m[2m:[0m 📨 Received WebSocket message: {"jsonrpc":"2.0","method":"eth_subscription","params":{"subscription":"0xbed0a0851463e895960a451075a301a9","result":"0x21a90869a2161a1f5392cd8a6ba23ca588db431cc481be5ccb2d17a31c5adba2"}}
[2m2025-12-10T10:13:17.683747Z[0m [34mDEBUG[0m [2methereum_transaction_pool_monitor::eth_client[0m[2m:[0m 📨 Received pending transaction: 0x21a90869a2161a1f5392cd8a6ba23ca588db431cc481be5ccb2d17a31c5adba2
[2m2025-12-10T10:13:17.683753Z[0m [34mDEBUG[0m [2methereum_transaction_pool_monitor::mempool_monitor[0m[2m:[0m 📨 Processing new pending transaction: 0xc518a81bf9bd17029e70cfbaf6ed7b1380f25dac05249d9d77c58e89d21c9c92
[2m2025-12-10T10:13:17.683759Z[0m [34mDEBUG[0m [2methereum_transaction_pool_monitor::mempool_monitor[0m[2m:[0m 🔍 Fetching transaction details for: 0xc518a81bf9bd17029e70cfbaf6ed7b1380f25dac05249d9d77c58e89d21c9c92
[2m2025-12-10T10:13:17.683763Z[0m [34mDEBUG[0m [2methereum_transaction_pool_monitor::eth_client[0m[2m:[0m 🔍 Fetching transaction details for hash: 0xc518a81bf9bd17029e70cfbaf6ed7b1380f25dac05249d9d77c58e89d21c9c92
[2m2025-12-10T10:13:17.683777Z[0m [34mDEBUG[0m [2mhyper::client::pool[0m[2m:[0m reuse idle connection for ("http", 192.168.0.14:8545)
[2m2025-12-10T10:13:17.683798Z[0m [34mDEBUG[0m [2mhyper::proto::h1::io[0m[2m:[0m flushed 250 bytes
[2m2025-12-10T10:13:17.690239Z[0m [34mDEBUG[0m [2mhyper::proto::h1::io[0m[2m:[0m parsed 4 headers
[2m2025-12-10T10:13:17.690243Z[0m [34mDEBUG[0m [2mhyper::proto::h1::conn[0m[2m:[0m incoming body is content-length (647 bytes)
[2m2025-12-10T10:13:17.690250Z[0m [34mDEBUG[0m [2mhyper::proto::h1::conn[0m[2m:[0m incoming body completed
[2m2025-12-10T10:13:17.690258Z[0m [34mDEBUG[0m [2mhyper::client::pool[0m[2m:[0m pooling idle connection for ("http", 192.168.0.14:8545)
[2m2025-12-10T10:13:17.690264Z[0m [34mDEBUG[0m [2methereum_transaction_pool_monitor::eth_client[0m[2m:[0m 📡 Transaction fetch RPC completed in 6.497959ms
[2m2025-12-10T10:13:17.761730Z[0m [34mDEBUG[0m [2methereum_transaction_pool_monitor::eth_client[0m[2m:[0m ✅ Transaction 0xc518a81bf9bd17029e70cfbaf6ed7b1380f25dac05249d9d77c58e89d21c9c92 fetched and parsed in 77.96225ms
[2m2025-12-10T10:13:17.762073Z[0m [34mDEBUG[0m [2methereum_transaction_pool_monitor::mempool_monitor[0m[2m:[0m 🔍 Skipping tx 0xc518a81bf9bd17029e70cfbaf6ed7b1380f25dac05249d9d77c58e89d21c9c92 - not a DEX interaction (target: 0xEbd2c83FA257E559C09B86BE1760673a7DD8eEf6)
[2m2025-12-10T10:13:17.762089Z[0m [34mDEBUG[0m [2methereum_transaction_pool_monitor::mempool_monitor[0m[2m:[0m 📨 Processing new pending transaction: 0xdc134ec48d791674393d5707f23d3c83518fc6c2c9be366594ab2769f700af22
[2m2025-12-10T10:13:17.762095Z[0m [34mDEBUG[0m [2methereum_transaction_pool_monitor::mempool_monitor[0m[2m:[0m 🔍 Fetching transaction details for: 0xdc134ec48d791674393d5707f23d3c83518fc6c2c9be366594ab2769f700af22
[2m2025-12-10T10:13:17.762099Z[0m [34mDEBUG[0m [2methereum_transaction_pool_monitor::eth_client[0m[2m:[0m 🔍 Fetching transaction details for hash: 0xdc134ec48d791674393d5707f23d3c83518fc6c2c9be366594ab2769f700af22
[2m2025-12-10T10:13:17.762127Z[0m [34mDEBUG[0m [2mhyper::client::pool[0m[2m:[0m reuse idle connection for ("http", 192.168.0.14:8545)
[2m2025-12-10T10:13:17.762183Z[0m [34mDEBUG[0m [2mhyper::proto::h1::io[0m[2m:[0m flushed 250 bytes
[2m2025-12-10T10:13:17.762215Z[0m [34mDEBUG[0m [2mhyper::client::pool[0m[2m:[0m reuse idle connection for ("http", 192.168.0.14:8545)
[2m2025-12-10T10:13:17.762229Z[0m [34mDEBUG[0m [2mhyper::proto::h1::io[0m[2m:[0m flushed 172 bytes
[2m2025-12-10T10:13:17.766245Z[0m [34mDEBUG[0m [2mhyper::proto::h1::io[0m[2m:[0m parsed 4 headers
[2m2025-12-10T10:13:17.766260Z[0m [34mDEBUG[0m [2mhyper::proto::h1::conn[0m[2m:[0m incoming body is content-length (45 bytes)
[2m2025-12-10T10:13:17.766270Z[0m [34mDEBUG[0m [2mhyper::proto::h1::conn[0m[2m:[0m incoming body completed
[2m2025-12-10T10:13:17.766290Z[0m [34mDEBUG[0m [2mhyper::client::pool[0m[2m:[0m pooling idle connection for ("http", 192.168.0.14:8545)
[2m2025-12-10T10:13:17.767177Z[0m [34mDEBUG[0m [2mhyper::proto::h1::io[0m[2m:[0m parsed 4 headers
[2m2025-12-10T10:13:17.767195Z[0m [34mDEBUG[0m [2mhyper::proto::h1::conn[0m[2m:[0m incoming body is content-length (772 bytes)
[2m2025-12-10T10:13:17.767213Z[0m [34mDEBUG[0m [2mhyper::proto::h1::conn[0m[2m:[0m incoming body completed
[2m2025-12-10T10:13:17.767234Z[0m [34mDEBUG[0m [2mhyper::client::pool[0m[2m:[0m pooling idle connection for ("http", 192.168.0.14:8545)
[2m2025-12-10T10:13:17.767240Z[0m [34mDEBUG[0m [2methereum_transaction_pool_monitor::eth_client[0m[2m:[0m 📡 Transaction fetch RPC completed in 5.136708ms
[2m2025-12-10T10:13:17.838715Z[0m [34mDEBUG[0m [2methereum_transaction_pool_monitor::eth_client[0m[2m:[0m ✅ Transaction 0xdc134ec48d791674393d5707f23d3c83518fc6c2c9be366594ab2769f700af22 fetched and parsed in 76.608417ms
[2m2025-12-10T10:13:17.841410Z[0m [34mDEBUG[0m [2methereum_transaction_pool_monitor::mempool_monitor[0m[2m:[0m 🔍 Skipping tx 0xdc134ec48d791674393d5707f23d3c83518fc6c2c9be366594ab2769f700af22 - not a DEX interaction (target: 0xB8f28C60dD8240141185a192fa4156A23E189305)
[2m2025-12-10T10:13:17.841425Z[0m [34mDEBUG[0m [2methereum_transaction_pool_monitor::mempool_monitor[0m[2m:[0m 📨 Processing new pending transaction: 0x21a90869a2161a1f5392cd8a6ba23ca588db431cc481be5ccb2d17a31c5adba2
[2m2025-12-10T10:13:17.841433Z[0m [34mDEBUG[0m [2methereum_transaction_pool_monitor::mempool_monitor[0m[2m:[0m 🔍 Fetching transaction details for: 0x21a90869a2161a1f5392cd8a6ba23ca588db431cc481be5ccb2d17a31c5adba2
[2m2025-12-10T10:13:17.841438Z[0m [34mDEBUG[0m [2methereum_transaction_pool_monitor::eth_client[0m[2m:[0m 🔍 Fetching transaction details for hash: 0x21a90869a2161a1f5392cd8a6ba23ca588db431cc481be5ccb2d17a31c5adba2
[2m2025-12-10T10:13:17.841461Z[0m [34mDEBUG[0m [2mhyper::client::pool[0m[2m:[0m reuse idle connection for ("http", 192.168.0.14:8545)
[2m2025-12-10T10:13:17.841494Z[0m [34mDEBUG[0m [2mhyper::proto::h1::io[0m[2m:[0m flushed 250 bytes
[2m2025-12-10T10:13:17.841522Z[0m [34mDEBUG[0m [2mhyper::client::pool[0m[2m:[0m reuse idle connection for ("http", 192.168.0.14:8545)
[2m2025-12-10T10:13:17.841538Z[0m [34mDEBUG[0m [2mhyper::proto::h1::io[0m[2m:[0m flushed 172 bytes
[2m2025-12-10T10:13:17.850739Z[0m [34mDEBUG[0m [2mhyper::proto::h1::io[0m[2m:[0m parsed 4 headers
[2m2025-12-10T10:13:17.850745Z[0m [34mDEBUG[0m [2mhyper::proto::h1::conn[0m[2m:[0m incoming body is content-length (830 bytes)
[2m2025-12-10T10:13:17.850751Z[0m [34mDEBUG[0m [2mhyper::proto::h1::conn[0m[2m:[0m incoming body completed
[2m2025-12-10T10:13:17.850759Z[0m [34mDEBUG[0m [2mhyper::client::pool[0m[2m:[0m pooling idle connection for ("http", 192.168.0.14:8545)
[2m2025-12-10T10:13:17.850764Z[0m [34mDEBUG[0m [2methereum_transaction_pool_monitor::eth_client[0m[2m:[0m 📡 Transaction fetch RPC completed in 9.321083ms
[2m2025-12-10T10:13:17.918107Z[0m [34mDEBUG[0m [2methereum_transaction_pool_monitor::eth_client[0m[2m:[0m ✅ Transaction 0x21a90869a2161a1f5392cd8a6ba23ca588db431cc481be5ccb2d17a31c5adba2 fetched and parsed in 76.661083ms
[2m2025-12-10T10:13:17.918125Z[0m [34mDEBUG[0m [2methereum_transaction_pool_monitor::mempool_monitor[0m[2m:[0m 🔍 Skipping tx 0x21a90869a2161a1f5392cd8a6ba23ca588db431cc481be5ccb2d17a31c5adba2 - not a DEX interaction (target: 0x3B4D794a66304F130a4Db8F2551B0070dfCf5ca7)
[2m2025-12-10T10:13:17.918153Z[0m [34mDEBUG[0m [2methereum_transaction_pool_monitor::eth_client[0m[2m:[0m 📨 Received WebSocket message: {"jsonrpc":"2.0","method":"eth_subscription","params":{"subscription":"0xbed0a0851463e895960a451075a301a9","result":"0xfc98ee2e318e1ca800f77a858c35f7ea580531ad8f3cde170aa81f57ab74d5c2"}}
[2m2025-12-10T10:13:17.918157Z[0m [34mDEBUG[0m [2mhyper::proto::h1::io[0m[2m:[0m parsed 4 headers
[2m2025-12-10T10:13:17.918163Z[0m [34mDEBUG[0m [2methereum_transaction_pool_monitor::eth_client[0m[2m:[0m 📨 Received pending transaction: 0xfc98ee2e318e1ca800f77a858c35f7ea580531ad8f3cde170aa81f57ab74d5c2
[2m2025-12-10T10:13:17.918166Z[0m [34mDEBUG[0m [2mhyper::proto::h1::conn[0m[2m:[0m incoming body is content-length (45 bytes)
[2m2025-12-10T10:13:17.918171Z[0m [34mDEBUG[0m [2methereum_transaction_pool_monitor::mempool_monitor[0m[2m:[0m 📨 Processing new pending transaction: 0xfc98ee2e318e1ca800f77a858c35f7ea580531ad8f3cde170aa81f57ab74d5c2
[2m2025-12-10T10:13:17.918175Z[0m [34mDEBUG[0m [2mhyper::proto::h1::conn[0m[2m:[0m incoming body completed
[2m2025-12-10T10:13:17.918178Z[0m [34mDEBUG[0m [2methereum_transaction_pool_monitor::mempool_monitor[0m[2m:[0m 🔍 Fetching transaction details for: 0xfc98ee2e318e1ca800f77a858c35f7ea580531ad8f3cde170aa81f57ab74d5c2
[2m2025-12-10T10:13:17.918183Z[0m [34mDEBUG[0m [2methereum_transaction_pool_monitor::eth_client[0m[2m:[0m 🔍 Fetching transaction details for hash: 0xfc98ee2e318e1ca800f77a858c35f7ea580531ad8f3cde170aa81f57ab74d5c2
[2m2025-12-10T10:13:17.918186Z[0m [34mDEBUG[0m [2mhyper::client::pool[0m[2m:[0m pooling idle connection for ("http", 192.168.0.14:8545)
[2m2025-12-10T10:13:17.918197Z[0m [34mDEBUG[0m [2mhyper::client::pool[0m[2m:[0m reuse idle connection for ("http", 192.168.0.14:8545)
[2m2025-12-10T10:13:17.918200Z[0m [34mDEBUG[0m [2mhyper::client::pool[0m[2m:[0m reuse idle connection for ("http", 192.168.0.14:8545)
[2m2025-12-10T10:13:17.918214Z[0m [34mDEBUG[0m [2mhyper::proto::h1::io[0m[2m:[0m flushed 250 bytes
[2m2025-12-10T10:13:17.918216Z[0m [34mDEBUG[0m [2mhyper::proto::h1::io[0m[2m:[0m flushed 172 bytes
[2m2025-12-10T10:13:17.924779Z[0m [34mDEBUG[0m [2mhyper::proto::h1::io[0m[2m:[0m parsed 4 headers
[2m2025-12-10T10:13:17.924804Z[0m [34mDEBUG[0m [2mhyper::proto::h1::conn[0m[2m:[0m incoming body is content-length (45 bytes)
[2m2025-12-10T10:13:17.924823Z[0m [34mDEBUG[0m [2mhyper::proto::h1::conn[0m[2m:[0m incoming body completed
[2m2025-12-10T10:13:17.924834Z[0m [34mDEBUG[0m [2mhyper::client::pool[0m[2m:[0m pooling idle connection for ("http", 192.168.0.14:8545)
[2m2025-12-10T10:13:17.929979Z[0m [34mDEBUG[0m [2mhyper::proto::h1::io[0m[2m:[0m parsed 4 headers
[2m2025-12-10T10:13:17.929985Z[0m [34mDEBUG[0m [2mhyper::proto::h1::conn[0m[2m:[0m incoming body is content-length (828 bytes)
[2m2025-12-10T10:13:17.929989Z[0m [34mDEBUG[0m [2mhyper::proto::h1::conn[0m[2m:[0m incoming body completed
[2m2025-12-10T10:13:17.929995Z[0m [34mDEBUG[0m [2mhyper::client::pool[0m[2m:[0m pooling idle connection for ("http", 192.168.0.14:8545)
[2m2025-12-10T10:13:17.929999Z[0m [34mDEBUG[0m [2methereum_transaction_pool_monitor::eth_client[0m[2m:[0m 📡 Transaction fetch RPC completed in 11.811708ms
[2m2025-12-10T10:13:18.001396Z[0m [34mDEBUG[0m [2methereum_transaction_pool_monitor::eth_client[0m[2m:[0m ✅ Transaction 0xfc98ee2e318e1ca800f77a858c35f7ea580531ad8f3cde170aa81f57ab74d5c2 fetched and parsed in 83.20625ms
[2m2025-12-10T10:13:18.001422Z[0m [34mDEBUG[0m [2methereum_transaction_pool_monitor::mempool_monitor[0m[2m:[0m 🔍 Skipping tx 0xfc98ee2e318e1ca800f77a858c35f7ea580531ad8f3cde170aa81f57ab74d5c2 - not a DEX interaction (target: 0x7a01AB844767469e321109D0b465ABaF1E774d26)
[2m2025-12-10T10:13:18.001460Z[0m [34mDEBUG[0m [2mhyper::client::pool[0m[2m:[0m reuse idle connection for ("http", 192.168.0.14:8545)
[2m2025-12-10T10:13:18.001484Z[0m [34mDEBUG[0m [2mhyper::proto::h1::io[0m[2m:[0m flushed 172 bytes
[2m2025-12-10T10:13:18.001503Z[0m [34mDEBUG[0m [2methereum_transaction_pool_monitor::eth_client[0m[2m:[0m 📨 Received WebSocket message: {"jsonrpc":"2.0","method":"eth_subscription","params":{"subscription":"0xbed0a0851463e895960a451075a301a9","result":"0xf70a41653f5f1cfc6a0fa22160af8e4407d1f78f5bce4a2c71f9c5599fe920eb"}}
[2m2025-12-10T10:13:18.001512Z[0m [34mDEBUG[0m [2methereum_transaction_pool_monitor::eth_client[0m[2m:[0m 📨 Received pending transaction: 0xf70a41653f5f1cfc6a0fa22160af8e4407d1f78f5bce4a2c71f9c5599fe920eb
[2m2025-12-10T10:13:18.001518Z[0m [34mDEBUG[0m [2methereum_transaction_pool_monitor::mempool_monitor[0m[2m:[0m 📨 Processing new pending transaction: 0xf70a41653f5f1cfc6a0fa22160af8e4407d1f78f5bce4a2c71f9c5599fe920eb
[2m2025-12-10T10:13:18.001525Z[0m [34mDEBUG[0m [2methereum_transaction_pool_monitor::mempool_monitor[0m[2m:[0m 🔍 Fetching transaction details for: 0xf70a41653f5f1cfc6a0fa22160af8e4407d1f78f5bce4a2c71f9c5599fe920eb
[2m2025-12-10T10:13:18.001530Z[0m [34mDEBUG[0m [2methereum_transaction_pool_monitor::eth_client[0m[2m:[0m 🔍 Fetching transaction details for hash: 0xf70a41653f5f1cfc6a0fa22160af8e4407d1f78f5bce4a2c71f9c5599fe920eb
[2m2025-12-10T10:13:18.001537Z[0m [34mDEBUG[0m [2mhyper::client::pool[0m[2m:[0m reuse idle connection for ("http", 192.168.0.14:8545)
[2m2025-12-10T10:13:18.001549Z[0m [34mDEBUG[0m [2mhyper::proto::h1::io[0m[2m:[0m flushed 250 bytes
[2m2025-12-10T10:13:18.008070Z[0m [34mDEBUG[0m [2mhyper::proto::h1::io[0m[2m:[0m parsed 4 headers
[2m2025-12-10T10:13:18.008089Z[0m [34mDEBUG[0m [2mhyper::proto::h1::conn[0m[2m:[0m incoming body is content-length (45 bytes)
[2m2025-12-10T10:13:18.008112Z[0m [34mDEBUG[0m [2mhyper::proto::h1::conn[0m[2m:[0m incoming body completed
[2m2025-12-10T10:13:18.008129Z[0m [34mDEBUG[0m [2mhyper::client::pool[0m[2m:[0m pooling idle connection for ("http", 192.168.0.14:8545)
[2m2025-12-10T10:13:18.010087Z[0m [34mDEBUG[0m [2mhyper::proto::h1::io[0m[2m:[0m parsed 4 headers
[2m2025-12-10T10:13:18.010103Z[0m [34mDEBUG[0m [2mhyper::proto::h1::conn[0m[2m:[0m incoming body is content-length (771 bytes)
[2m2025-12-10T10:13:18.010109Z[0m [34mDEBUG[0m [2mhyper::proto::h1::conn[0m[2m:[0m incoming body completed
[2m2025-12-10T10:13:18.014444Z[0m [34mDEBUG[0m [2mhyper::client::pool[0m[2m:[0m pooling idle connection for ("http", 192.168.0.14:8545)
[2m2025-12-10T10:13:18.014456Z[0m [34mDEBUG[0m [2methereum_transaction_pool_monitor::eth_client[0m[2m:[0m 📡 Transaction fetch RPC completed in 12.922708ms
[2m2025-12-10T10:13:18.014483Z[0m [34mDEBUG[0m [2methereum_transaction_pool_monitor::eth_client[0m[2m:[0m DeFi transaction detected - Address: 0xdac17f958d2ee523a2206206994597c13d831ec7, Type: Stablecoin, Value: 0 ETH, Gas: 1.04 Gwei
[2m2025-12-10T10:13:18.014500Z[0m [34mDEBUG[0m [2methereum_transaction_pool_monitor::eth_client[0m[2m:[0m ✅ Transaction 0xf70a41653f5f1cfc6a0fa22160af8e4407d1f78f5bce4a2c71f9c5599fe920eb fetched and parsed in 12.96625ms
[2m2025-12-10T10:13:18.014506Z[0m [34mDEBUG[0m [2methereum_transaction_pool_monitor::mempool_monitor[0m[2m:[0m 🔍 Skipping tx 0xf70a41653f5f1cfc6a0fa22160af8e4407d1f78f5bce4a2c71f9c5599fe920eb - not a DEX interaction (target: 0xdAC17F958D2ee523a2206206994597C13D831ec7)
[2m2025-12-10T10:13:18.099556Z[0m [34mDEBUG[0m [2mhyper::client::pool[0m[2m:[0m reuse idle connection for ("http", 192.168.0.14:8545)
[2m2025-12-10T10:13:18.099591Z[0m [34mDEBUG[0m [2mhyper::proto::h1::io[0m[2m:[0m flushed 172 bytes
[2m2025-12-10T10:13:18.104122Z[0m [34mDEBUG[0m [2mhyper::proto::h1::io[0m[2m:[0m parsed 4 headers
[2m2025-12-10T10:13:18.104130Z[0m [34mDEBUG[0m [2mhyper::proto::h1::conn[0m[2m:[0m incoming body is content-length (45 bytes)
[2m2025-12-10T10:13:18.104138Z[0m [34mDEBUG[0m [2mhyper::proto::h1::conn[0m[2m:[0m incoming body completed
[2m2025-12-10T10:13:18.104146Z[0m [34mDEBUG[0m [2mhyper::client::pool[0m[2m:[0m pooling idle connection for ("http", 192.168.0.14:8545)
[2m2025-12-10T10:13:18.198628Z[0m [34mDEBUG[0m [2mhyper::client::pool[0m[2m:[0m reuse idle connection for ("http", 192.168.0.14:8545)
[2m2025-12-10T10:13:18.198792Z[0m [34mDEBUG[0m [2mhyper::proto::h1::io[0m[2m:[0m flushed 172 bytes
[2m2025-12-10T10:13:18.203423Z[0m [34mDEBUG[0m [2mhyper::proto::h1::io[0m[2m:[0m parsed 4 headers
[2m2025-12-10T10:13:18.203450Z[0m [34mDEBUG[0m [2mhyper::proto::h1::conn[0m[2m:[0m incoming body is content-length (45 bytes)
[2m2025-12-10T10:13:18.203462Z[0m [34mDEBUG[0m [2mhyper::proto::h1::conn[0m[2m:[0m incoming body completed
[2m2025-12-10T10:13:18.203476Z[0m [34mDEBUG[0m [2mhyper::client::pool[0m[2m:[0m pooling idle connection for ("http", 192.168.0.14:8545)
[2m2025-12-10T10:13:18.250449Z[0m [34mDEBUG[0m [2methereum_transaction_pool_monitor::eth_client[0m[2m:[0m 📨 Received WebSocket message: {"jsonrpc":"2.0","method":"eth_subscription","params":{"subscription":"0xbed0a0851463e895960a451075a301a9","result":"0x62a814902c35bb5c86010fdaa6682022b35d662870b664bd5b9e88bd21e18b9d"}}
[2m2025-12-10T10:13:18.250544Z[0m [34mDEBUG[0m [2methereum_transaction_pool_monitor::eth_client[0m[2m:[0m 📨 Received pending transaction: 0x62a814902c35bb5c86010fdaa6682022b35d662870b664bd5b9e88bd21e18b9d
[2m2025-12-10T10:13:18.250575Z[0m [34mDEBUG[0m [2methereum_transaction_pool_monitor::mempool_monitor[0m[2m:[0m 📨 Processing new pending transaction: 0x62a814902c35bb5c86010fdaa6682022b35d662870b664bd5b9e88bd21e18b9d
[2m2025-12-10T10:13:18.250592Z[0m [34mDEBUG[0m [2methereum_transaction_pool_monitor::mempool_monitor[0m[2m:[0m 🔍 Fetching transaction details for: 0x62a814902c35bb5c86010fdaa6682022b35d662870b664bd5b9e88bd21e18b9d
[2m2025-12-10T10:13:18.250605Z[0m [34mDEBUG[0m [2methereum_transaction_pool_monitor::eth_client[0m[2m:[0m 🔍 Fetching transaction details for hash: 0x62a814902c35bb5c86010fdaa6682022b35d662870b664bd5b9e88bd21e18b9d
[2m2025-12-10T10:13:18.250677Z[0m [34mDEBUG[0m [2mhyper::client::pool[0m[2m:[0m reuse idle connection for ("http", 192.168.0.14:8545)
[2m2025-12-10T10:13:18.250776Z[0m [34mDEBUG[0m [2mhyper::proto::h1::io[0m[2m:[0m flushed 250 bytes
[2m2025-12-10T10:13:18.258068Z[0m [34mDEBUG[0m [2mhyper::proto::h1::io[0m[2m:[0m parsed 4 headers
[2m2025-12-10T10:13:18.258135Z[0m [34mDEBUG[0m [2mhyper::proto::h1::conn[0m[2m:[0m incoming body is content-length (829 bytes)
[2m2025-12-10T10:13:18.258170Z[0m [34mDEBUG[0m [2mhyper::proto::h1::conn[0m[2m:[0m incoming body completed
[2m2025-12-10T10:13:18.258391Z[0m [34mDEBUG[0m [2mhyper::client::pool[0m[2m:[0m pooling idle connection for ("http", 192.168.0.14:8545)
[2m2025-12-10T10:13:18.258436Z[0m [34mDEBUG[0m [2methereum_transaction_pool_monitor::eth_client[0m[2m:[0m 📡 Transaction fetch RPC completed in 7.819333ms
[2m2025-12-10T10:13:18.360148Z[0m [34mDEBUG[0m [2methereum_transaction_pool_monitor::eth_client[0m[2m:[0m ✅ Transaction 0x62a814902c35bb5c86010fdaa6682022b35d662870b664bd5b9e88bd21e18b9d fetched and parsed in 109.529042ms
[2m2025-12-10T10:13:18.360178Z[0m [34mDEBUG[0m [2methereum_transaction_pool_monitor::mempool_monitor[0m[2m:[0m 🔍 Skipping tx 0x62a814902c35bb5c86010fdaa6682022b35d662870b664bd5b9e88bd21e18b9d - not a DEX interaction (target: 0x3B4D794a66304F130a4Db8F2551B0070dfCf5ca7)
[2m2025-12-10T10:13:18.360226Z[0m [34mDEBUG[0m [2mhyper::client::pool[0m[2m:[0m reuse idle connection for ("http", 192.168.0.14:8545)
[2m2025-12-10T10:13:18.360260Z[0m [34mDEBUG[0m [2mhyper::proto::h1::io[0m[2m:[0m flushed 172 bytes
[2m2025-12-10T10:13:18.363518Z[0m [34mDEBUG[0m [2mhyper::proto::h1::io[0m[2m:[0m parsed 4 headers
[2m2025-12-10T10:13:18.363538Z[0m [34mDEBUG[0m [2mhyper::proto::h1::conn[0m[2m:[0m incoming body is content-length (45 bytes)
[2m2025-12-10T10:13:18.363562Z[0m [34mDEBUG[0m [2mhyper::proto::h1::conn[0m[2m:[0m incoming body completed
[2m2025-12-10T10:13:18.363580Z[0m [34mDEBUG[0m [2mhyper::client::pool[0m[2m:[0m pooling idle connection for ("http", 192.168.0.14:8545)
[2m2025-12-10T10:13:18.399600Z[0m [34mDEBUG[0m [2mhyper::client::pool[0m[2m:[0m reuse idle connection for ("http", 192.168.0.14:8545)
[2m2025-12-10T10:13:18.399607Z[0m [34mDEBUG[0m [2methereum_transaction_pool_monitor::eth_client[0m[2m:[0m 📨 Received WebSocket message: {"jsonrpc":"2.0","method":"eth_subscription","params":{"subscription":"0xbed0a0851463e895960a451075a301a9","result":"0xa7a47bfdc57af32c1b0d010165af3e9c8dca1b96db169b8c76a53c065d658b64"}}
[2m2025-12-10T10:13:18.399622Z[0m [34mDEBUG[0m [2methereum_transaction_pool_monitor::eth_client[0m[2m:[0m 📨 Received pending transaction: 0xa7a47bfdc57af32c1b0d010165af3e9c8dca1b96db169b8c76a53c065d658b64
[2m2025-12-10T10:13:18.399628Z[0m [34mDEBUG[0m [2mhyper::proto::h1::io[0m[2m:[0m flushed 172 bytes
[2m2025-12-10T10:13:18.399628Z[0m [34mDEBUG[0m [2methereum_transaction_pool_monitor::eth_client[0m[2m:[0m 📨 Received WebSocket message: {"jsonrpc":"2.0","method":"eth_subscription","params":{"subscription":"0xbed0a0851463e895960a451075a301a9","result":"0x7a7d1782e037ece37b3250908d860b222f0e98180d93477b71b03ae3e62dcf78"}}
[2m2025-12-10T10:13:18.399642Z[0m [34mDEBUG[0m [2methereum_transaction_pool_monitor::eth_client[0m[2m:[0m 📨 Received pending transaction: 0x7a7d1782e037ece37b3250908d860b222f0e98180d93477b71b03ae3e62dcf78
[2m2025-12-10T10:13:18.399649Z[0m [34mDEBUG[0m [2methereum_transaction_pool_monitor::mempool_monitor[0m[2m:[0m 📨 Processing new pending transaction: 0xa7a47bfdc57af32c1b0d010165af3e9c8dca1b96db169b8c76a53c065d658b64
[2m2025-12-10T10:13:18.399654Z[0m [34mDEBUG[0m [2methereum_transaction_pool_monitor::mempool_monitor[0m[2m:[0m 🔍 Fetching transaction details for: 0xa7a47bfdc57af32c1b0d010165af3e9c8dca1b96db169b8c76a53c065d658b64
[2m2025-12-10T10:13:18.399658Z[0m [34mDEBUG[0m [2methereum_transaction_pool_monitor::eth_client[0m[2m:[0m 🔍 Fetching transaction details for hash: 0xa7a47bfdc57af32c1b0d010165af3e9c8dca1b96db169b8c76a53c065d658b64
[2m2025-12-10T10:13:18.399667Z[0m [34mDEBUG[0m [2mhyper::client::pool[0m[2m:[0m reuse idle connection for ("http", 192.168.0.14:8545)
[2m2025-12-10T10:13:18.399682Z[0m [34mDEBUG[0m [2mhyper::proto::h1::io[0m[2m:[0m flushed 250 bytes
[2m2025-12-10T10:13:18.403636Z[0m [34mDEBUG[0m [2mhyper::proto::h1::io[0m[2m:[0m parsed 4 headers
[2m2025-12-10T10:13:18.403642Z[0m [34mDEBUG[0m [2mhyper::proto::h1::conn[0m[2m:[0m incoming body is content-length (45 bytes)
[2m2025-12-10T10:13:18.403648Z[0m [34mDEBUG[0m [2mhyper::proto::h1::conn[0m[2m:[0m incoming body completed
[2m2025-12-10T10:13:18.403654Z[0m [34mDEBUG[0m [2mhyper::client::pool[0m[2m:[0m pooling idle connection for ("http", 192.168.0.14:8545)
[2m2025-12-10T10:13:18.408876Z[0m [34mDEBUG[0m [2mhyper::proto::h1::io[0m[2m:[0m parsed 4 headers
[2m2025-12-10T10:13:18.408895Z[0m [34mDEBUG[0m [2mhyper::proto::h1::conn[0m[2m:[0m incoming body is content-length (3272 bytes)
[2m2025-12-10T10:13:18.408922Z[0m [34mDEBUG[0m [2methereum_transaction_pool_monitor::eth_client[0m[2m:[0m 📡 Transaction fetch RPC completed in 9.260083ms
[2m2025-12-10T10:13:18.410849Z[0m [34mDEBUG[0m [2mhyper::proto::h1::conn[0m[2m:[0m incoming body completed
[2m2025-12-10T10:13:18.410876Z[0m [34mDEBUG[0m [2mhyper::client::pool[0m[2m:[0m pooling idle connection for ("http", 192.168.0.14:8545)
[2m2025-12-10T10:13:18.444202Z[0m [34mDEBUG[0m [2methereum_transaction_pool_monitor::eth_client[0m[2m:[0m 📨 Received WebSocket message: {"jsonrpc":"2.0","method":"eth_subscription","params":{"subscription":"0xbed0a0851463e895960a451075a301a9","result":"0x438e4ad69940843479ad76f98466d6366dcb3cccdfe9f5b1841648c1f3df71d6"}}
[2m2025-12-10T10:13:18.444220Z[0m [34mDEBUG[0m [2methereum_transaction_pool_monitor::eth_client[0m[2m:[0m 📨 Received pending transaction: 0x438e4ad69940843479ad76f98466d6366dcb3cccdfe9f5b1841648c1f3df71d6
[2m2025-12-10T10:13:18.484521Z[0m [34mDEBUG[0m [2methereum_transaction_pool_monitor::eth_client[0m[2m:[0m ✅ Transaction 0xa7a47bfdc57af32c1b0d010165af3e9c8dca1b96db169b8c76a53c065d658b64 fetched and parsed in 84.857208ms
[2m2025-12-10T10:13:18.484550Z[0m [34mDEBUG[0m [2methereum_transaction_pool_monitor::mempool_monitor[0m[2m:[0m 🔍 Skipping tx 0xa7a47bfdc57af32c1b0d010165af3e9c8dca1b96db169b8c76a53c065d658b64 - not a DEX interaction (target: 0x1c479675ad559DC151F6Ec7ed3FbF8ceE79582B6)
[2m2025-12-10T10:13:18.484561Z[0m [34mDEBUG[0m [2methereum_transaction_pool_monitor::mempool_monitor[0m[2m:[0m 📨 Processing new pending transaction: 0x7a7d1782e037ece37b3250908d860b222f0e98180d93477b71b03ae3e62dcf78
[2m2025-12-10T10:13:18.484568Z[0m [34mDEBUG[0m [2methereum_transaction_pool_monitor::mempool_monitor[0m[2m:[0m 🔍 Fetching transaction details for: 0x7a7d1782e037ece37b3250908d860b222f0e98180d93477b71b03ae3e62dcf78
[2m2025-12-10T10:13:18.484572Z[0m [34mDEBUG[0m [2methereum_transaction_pool_monitor::eth_client[0m[2m:[0m 🔍 Fetching transaction details for hash: 0x7a7d1782e037ece37b3250908d860b222f0e98180d93477b71b03ae3e62dcf78
[2m2025-12-10T10:13:18.484592Z[0m [34mDEBUG[0m [2mhyper::client::pool[0m[2m:[0m reuse idle connection for ("http", 192.168.0.14:8545)
[2m2025-12-10T10:13:18.484624Z[0m [34mDEBUG[0m [2mhyper::proto::h1::io[0m[2m:[0m flushed 250 bytes
[2m2025-12-10T10:13:18.490666Z[0m [34mDEBUG[0m [2mhyper::proto::h1::io[0m[2m:[0m parsed 4 headers
[2m2025-12-10T10:13:18.490679Z[0m [34mDEBUG[0m [2mhyper::proto::h1::conn[0m[2m:[0m incoming body is content-length (1154 bytes)
[2m2025-12-10T10:13:18.490686Z[0m [34mDEBUG[0m [2mhyper::proto::h1::conn[0m[2m:[0m incoming body completed
[2m2025-12-10T10:13:18.490698Z[0m [34mDEBUG[0m [2mhyper::client::pool[0m[2m:[0m pooling idle connection for ("http", 192.168.0.14:8545)
[2m2025-12-10T10:13:18.490705Z[0m [34mDEBUG[0m [2methereum_transaction_pool_monitor::eth_client[0m[2m:[0m 📡 Transaction fetch RPC completed in 6.128833ms
[2m2025-12-10T10:13:18.562669Z[0m [34mDEBUG[0m [2methereum_transaction_pool_monitor::eth_client[0m[2m:[0m ✅ Transaction 0x7a7d1782e037ece37b3250908d860b222f0e98180d93477b71b03ae3e62dcf78 fetched and parsed in 78.090875ms
[2m2025-12-10T10:13:18.562695Z[0m [34mDEBUG[0m [2methereum_transaction_pool_monitor::mempool_monitor[0m[2m:[0m 🔍 Skipping tx 0x7a7d1782e037ece37b3250908d860b222f0e98180d93477b71b03ae3e62dcf78 - not a DEX interaction (target: 0xD37BbE5744D730a1d98d8DC97c42F0Ca46aD7146)
[2m2025-12-10T10:13:18.562705Z[0m [34mDEBUG[0m [2methereum_transaction_pool_monitor::mempool_monitor[0m[2m:[0m 📨 Processing new pending transaction: 0x438e4ad69940843479ad76f98466d6366dcb3cccdfe9f5b1841648c1f3df71d6
[2m2025-12-10T10:13:18.562711Z[0m [34mDEBUG[0m [2methereum_transaction_pool_monitor::mempool_monitor[0m[2m:[0m 🔍 Fetching transaction details for: 0x438e4ad69940843479ad76f98466d6366dcb3cccdfe9f5b1841648c1f3df71d6
[2m2025-12-10T10:13:18.562715Z[0m [34mDEBUG[0m [2methereum_transaction_pool_monitor::eth_client[0m[2m:[0m 🔍 Fetching transaction details for hash: 0x438e4ad69940843479ad76f98466d6366dcb3cccdfe9f5b1841648c1f3df71d6
[2m2025-12-10T10:13:18.562733Z[0m [34mDEBUG[0m [2mhyper::client::pool[0m[2m:[0m reuse idle connection for ("http", 192.168.0.14:8545)
[2m2025-12-10T10:13:18.562769Z[0m [34mDEBUG[0m [2mhyper::proto::h1::io[0m[2m:[0m flushed 250 bytes
[2m2025-12-10T10:13:18.562787Z[0m [34mDEBUG[0m [2mhyper::client::pool[0m[2m:[0m reuse idle connection for ("http", 192.168.0.14:8545)
[2m2025-12-10T10:13:18.562799Z[0m [34mDEBUG[0m [2mhyper::proto::h1::io[0m[2m:[0m flushed 172 bytes
[2m2025-12-10T10:13:18.562800Z[0m [34mDEBUG[0m [2methereum_transaction_pool_monitor::eth_client[0m[2m:[0m 📨 Received WebSocket message: {"jsonrpc":"2.0","method":"eth_subscription","params":{"subscription":"0xbed0a0851463e895960a451075a301a9","result":"0xc23a823a0ad26e0c0d22bbe822d0e57bcb503fe8db2bffe9303553da8cfb7450"}}
[2m2025-12-10T10:13:18.562809Z[0m [34mDEBUG[0m [2methereum_transaction_pool_monitor::eth_client[0m[2m:[0m 📨 Received pending transaction: 0xc23a823a0ad26e0c0d22bbe822d0e57bcb503fe8db2bffe9303553da8cfb7450
[2m2025-12-10T10:13:18.562814Z[0m [34mDEBUG[0m [2methereum_transaction_pool_monitor::eth_client[0m[2m:[0m 📨 Received WebSocket message: {"jsonrpc":"2.0","method":"eth_subscription","params":{"subscription":"0xbed0a0851463e895960a451075a301a9","result":"0xbde3e3f9f4d93816b332ae5c33a5bd38ef54a63c6ea50afe3af61f9d690d0419"}}
[2m2025-12-10T10:13:18.562818Z[0m [34mDEBUG[0m [2methereum_transaction_pool_monitor::eth_client[0m[2m:[0m 📨 Received pending transaction: 0xbde3e3f9f4d93816b332ae5c33a5bd38ef54a63c6ea50afe3af61f9d690d0419
[2m2025-12-10T10:13:18.568844Z[0m [34mDEBUG[0m [2mhyper::proto::h1::io[0m[2m:[0m parsed 4 headers
[2m2025-12-10T10:13:18.568855Z[0m [34mDEBUG[0m [2mhyper::proto::h1::conn[0m[2m:[0m incoming body is content-length (1730 bytes)
[2m2025-12-10T10:13:18.568864Z[0m [34mDEBUG[0m [2mhyper::proto::h1::conn[0m[2m:[0m incoming body completed
[2m2025-12-10T10:13:18.568873Z[0m [34mDEBUG[0m [2mhyper::client::pool[0m[2m:[0m pooling idle connection for ("http", 192.168.0.14:8545)
[2m2025-12-10T10:13:18.568871Z[0m [34mDEBUG[0m [2mhyper::proto::h1::io[0m[2m:[0m parsed 4 headers
[2m2025-12-10T10:13:18.568909Z[0m [34mDEBUG[0m [2mhyper::proto::h1::conn[0m[2m:[0m incoming body is content-length (45 bytes)
[2m2025-12-10T10:13:18.568918Z[0m [34mDEBUG[0m [2mhyper::proto::h1::conn[0m[2m:[0m incoming body completed
[2m2025-12-10T10:13:18.568882Z[0m [34mDEBUG[0m [2methereum_transaction_pool_monitor::eth_client[0m[2m:[0m 📡 Transaction fetch RPC completed in 6.163209ms
[2m2025-12-10T10:13:18.568924Z[0m [34mDEBUG[0m [2mhyper::client::pool[0m[2m:[0m pooling idle connection for ("http", 192.168.0.14:8545)
[2m2025-12-10T10:13:18.573945Z[0m [34mDEBUG[0m [2methereum_transaction_pool_monitor::eth_client[0m[2m:[0m 📨 Received WebSocket message: {"jsonrpc":"2.0","method":"eth_subscription","params":{"subscription":"0xbed0a0851463e895960a451075a301a9","result":"0x47820d9861431f95a6c1d14c998bff91b2960e48beb71db94ed62305f37e3c8b"}}
[2m2025-12-10T10:13:18.573970Z[0m [34mDEBUG[0m [2methereum_transaction_pool_monitor::eth_client[0m[2m:[0m 📨 Received pending transaction: 0x47820d9861431f95a6c1d14c998bff91b2960e48beb71db94ed62305f37e3c8b
[2m2025-12-10T10:13:18.598644Z[0m [34mDEBUG[0m [2mhyper::client::pool[0m[2m:[0m reuse idle connection for ("http", 192.168.0.14:8545)
[2m2025-12-10T10:13:18.598697Z[0m [34mDEBUG[0m [2mhyper::proto::h1::io[0m[2m:[0m flushed 172 bytes
[2m2025-12-10T10:13:18.602207Z[0m [34mDEBUG[0m [2mhyper::proto::h1::io[0m[2m:[0m parsed 4 headers
[2m2025-12-10T10:13:18.602222Z[0m [34mDEBUG[0m [2mhyper::proto::h1::conn[0m[2m:[0m incoming body is content-length (45 bytes)
[2m2025-12-10T10:13:18.602232Z[0m [34mDEBUG[0m [2mhyper::proto::h1::conn[0m[2m:[0m incoming body completed
[2m2025-12-10T10:13:18.602242Z[0m [34mDEBUG[0m [2mhyper::client::pool[0m[2m:[0m pooling idle connection for ("http", 192.168.0.14:8545)
[2m2025-12-10T10:13:18.643177Z[0m [34mDEBUG[0m [2methereum_transaction_pool_monitor::eth_client[0m[2m:[0m ✅ Transaction 0x438e4ad69940843479ad76f98466d6366dcb3cccdfe9f5b1841648c1f3df71d6 fetched and parsed in 80.454709ms
[2m2025-12-10T10:13:18.643206Z[0m [34mDEBUG[0m [2methereum_transaction_pool_monitor::mempool_monitor[0m[2m:[0m 🔍 Skipping tx 0x438e4ad69940843479ad76f98466d6366dcb3cccdfe9f5b1841648c1f3df71d6 - not a DEX interaction (target: 0x601a2aD6CB5949f0529735254189Ba3194221EDF)
[2m2025-12-10T10:13:18.643217Z[0m [34mDEBUG[0m [2methereum_transaction_pool_monitor::mempool_monitor[0m[2m:[0m 📨 Processing new pending transaction: 0xc23a823a0ad26e0c0d22bbe822d0e57bcb503fe8db2bffe9303553da8cfb7450
[2m2025-12-10T10:13:18.643222Z[0m [34mDEBUG[0m [2methereum_transaction_pool_monitor::mempool_monitor[0m[2m:[0m 🔍 Fetching transaction details for: 0xc23a823a0ad26e0c0d22bbe822d0e57bcb503fe8db2bffe9303553da8cfb7450
[2m2025-12-10T10:13:18.643227Z[0m [34mDEBUG[0m [2methereum_transaction_pool_monitor::eth_client[0m[2m:[0m 🔍 Fetching transaction details for hash: 0xc23a823a0ad26e0c0d22bbe822d0e57bcb503fe8db2bffe9303553da8cfb7450
[2m2025-12-10T10:13:18.643247Z[0m [34mDEBUG[0m [2mhyper::client::pool[0m[2m:[0m reuse idle connection for ("http", 192.168.0.14:8545)
[2m2025-12-10T10:13:18.643299Z[0m [34mDEBUG[0m [2mhyper::proto::h1::io[0m[2m:[0m flushed 250 bytes
[2m2025-12-10T10:13:18.648848Z[0m [34mDEBUG[0m [2mhyper::proto::h1::io[0m[2m:[0m parsed 4 headers
[2m2025-12-10T10:13:18.648863Z[0m [34mDEBUG[0m [2mhyper::proto::h1::conn[0m[2m:[0m incoming body is content-length (711 bytes)
[2m2025-12-10T10:13:18.648872Z[0m [34mDEBUG[0m [2mhyper::proto::h1::conn[0m[2m:[0m incoming body completed
[2m2025-12-10T10:13:18.648882Z[0m [34mDEBUG[0m [2mhyper::client::pool[0m[2m:[0m pooling idle connection for ("http", 192.168.0.14:8545)
[2m2025-12-10T10:13:18.648891Z[0m [34mDEBUG[0m [2methereum_transaction_pool_monitor::eth_client[0m[2m:[0m 📡 Transaction fetch RPC completed in 5.65975ms
[2m2025-12-10T10:13:18.721219Z[0m [34mDEBUG[0m [2methereum_transaction_pool_monitor::eth_client[0m[2m:[0m ✅ Transaction 0xc23a823a0ad26e0c0d22bbe822d0e57bcb503fe8db2bffe9303553da8cfb7450 fetched and parsed in 77.985167ms
[2m2025-12-10T10:13:18.721249Z[0m [34mDEBUG[0m [2methereum_transaction_pool_monitor::mempool_monitor[0m[2m:[0m 🔍 Skipping tx 0xc23a823a0ad26e0c0d22bbe822d0e57bcb503fe8db2bffe9303553da8cfb7450 - not a DEX interaction (target: 0x10763aE93EaE086921fcEea6873aC11024ed90b4)
[2m2025-12-10T10:13:18.721264Z[0m [34mDEBUG[0m [2methereum_transaction_pool_monitor::mempool_monitor[0m[2m:[0m 📨 Processing new pending transaction: 0xbde3e3f9f4d93816b332ae5c33a5bd38ef54a63c6ea50afe3af61f9d690d0419
[2m2025-12-10T10:13:18.721274Z[0m [34mDEBUG[0m [2methereum_transaction_pool_monitor::mempool_monitor[0m[2m:[0m 🔍 Fetching transaction details for: 0xbde3e3f9f4d93816b332ae5c33a5bd38ef54a63c6ea50afe3af61f9d690d0419
[2m2025-12-10T10:13:18.721282Z[0m [34mDEBUG[0m [2methereum_transaction_pool_monitor::eth_client[0m[2m:[0m 🔍 Fetching transaction details for hash: 0xbde3e3f9f4d93816b332ae5c33a5bd38ef54a63c6ea50afe3af61f9d690d0419
[2m2025-12-10T10:13:18.721304Z[0m [34mDEBUG[0m [2mhyper::client::pool[0m[2m:[0m reuse idle connection for ("http", 192.168.0.14:8545)
[2m2025-12-10T10:13:18.721436Z[0m [34mDEBUG[0m [2mhyper::proto::h1::io[0m[2m:[0m flushed 250 bytes
[2m2025-12-10T10:13:18.721459Z[0m [34mDEBUG[0m [2mhyper::client::pool[0m[2m:[0m reuse idle connection for ("http", 192.168.0.14:8545)
[2m2025-12-10T10:13:18.721474Z[0m [34mDEBUG[0m [2mhyper::proto::h1::io[0m[2m:[0m flushed 172 bytes
[2m2025-12-10T10:13:18.721485Z[0m [34mDEBUG[0m [2methereum_transaction_pool_monitor::eth_client[0m[2m:[0m 📨 Received WebSocket message: {"jsonrpc":"2.0","method":"eth_subscription","params":{"subscription":"0xbed0a0851463e895960a451075a301a9","result":"0xda1e1bca54a713eb95650c755eed84523328b3e15859c9eeebc4043e07d42d84"}}
[2m2025-12-10T10:13:18.721493Z[0m [34mDEBUG[0m [2methereum_transaction_pool_monitor::eth_client[0m[2m:[0m 📨 Received pending transaction: 0xda1e1bca54a713eb95650c755eed84523328b3e15859c9eeebc4043e07d42d84
[2m2025-12-10T10:13:18.726313Z[0m [34mDEBUG[0m [2mhyper::proto::h1::io[0m[2m:[0m parsed 4 headers
[2m2025-12-10T10:13:18.726324Z[0m [34mDEBUG[0m [2mhyper::proto::h1::conn[0m[2m:[0m incoming body is content-length (764 bytes)
[2m2025-12-10T10:13:18.726332Z[0m [34mDEBUG[0m [2mhyper::proto::h1::conn[0m[2m:[0m incoming body completed
[2m2025-12-10T10:13:18.726342Z[0m [34mDEBUG[0m [2mhyper::client::pool[0m[2m:[0m pooling idle connection for ("http", 192.168.0.14:8545)
[2m2025-12-10T10:13:18.726349Z[0m [34mDEBUG[0m [2methereum_transaction_pool_monitor::eth_client[0m[2m:[0m 📡 Transaction fetch RPC completed in 5.058208ms
[2m2025-12-10T10:13:18.799040Z[0m [34mDEBUG[0m [2methereum_transaction_pool_monitor::eth_client[0m[2m:[0m ✅ Transaction 0xbde3e3f9f4d93816b332ae5c33a5bd38ef54a63c6ea50afe3af61f9d690d0419 fetched and parsed in 77.746ms
[2m2025-12-10T10:13:18.799065Z[0m [34mDEBUG[0m [2methereum_transaction_pool_monitor::mempool_monitor[0m[2m:[0m 🔍 Skipping tx 0xbde3e3f9f4d93816b332ae5c33a5bd38ef54a63c6ea50afe3af61f9d690d0419 - not a DEX interaction (target: 0xA0b86991c6218b36c1d19D4a2e9Eb0cE3606eB48)
[2m2025-12-10T10:13:18.799076Z[0m [34mDEBUG[0m [2methereum_transaction_pool_monitor::mempool_monitor[0m[2m:[0m 📨 Processing new pending transaction: 0x47820d9861431f95a6c1d14c998bff91b2960e48beb71db94ed62305f37e3c8b
[2m2025-12-10T10:13:18.799082Z[0m [34mDEBUG[0m [2methereum_transaction_pool_monitor::mempool_monitor[0m[2m:[0m 🔍 Fetching transaction details for: 0x47820d9861431f95a6c1d14c998bff91b2960e48beb71db94ed62305f37e3c8b
[2m2025-12-10T10:13:18.799086Z[0m [34mDEBUG[0m [2methereum_transaction_pool_monitor::eth_client[0m[2m:[0m 🔍 Fetching transaction details for hash: 0x47820d9861431f95a6c1d14c998bff91b2960e48beb71db94ed62305f37e3c8b
[2m2025-12-10T10:13:18.799104Z[0m [34mDEBUG[0m [2mhyper::client::pool[0m[2m:[0m reuse idle connection for ("http", 192.168.0.14:8545)
[2m2025-12-10T10:13:18.799151Z[0m [34mDEBUG[0m [2mhyper::proto::h1::io[0m[2m:[0m flushed 250 bytes
[2m2025-12-10T10:13:18.799168Z[0m [34mDEBUG[0m [2mhyper::proto::h1::io[0m[2m:[0m parsed 4 headers
[2m2025-12-10T10:13:18.799172Z[0m [34mDEBUG[0m [2mhyper::proto::h1::conn[0m[2m:[0m incoming body is content-length (45 bytes)
[2m2025-12-10T10:13:18.799178Z[0m [34mDEBUG[0m [2mhyper::proto::h1::conn[0m[2m:[0m incoming body completed
[2m2025-12-10T10:13:18.799185Z[0m [34mDEBUG[0m [2mhyper::client::pool[0m[2m:[0m pooling idle connection for ("http", 192.168.0.14:8545)
[2m2025-12-10T10:13:18.799201Z[0m [34mDEBUG[0m [2mhyper::client::pool[0m[2m:[0m reuse idle connection for ("http", 192.168.0.14:8545)
[2m2025-12-10T10:13:18.799216Z[0m [34mDEBUG[0m [2mhyper::proto::h1::io[0m[2m:[0m flushed 172 bytes
[2m2025-12-10T10:13:18.803662Z[0m [34mDEBUG[0m [2mhyper::proto::h1::io[0m[2m:[0m parsed 4 headers
[2m2025-12-10T10:13:18.803674Z[0m [34mDEBUG[0m [2mhyper::proto::h1::conn[0m[2m:[0m incoming body is content-length (45 bytes)
[2m2025-12-10T10:13:18.803682Z[0m [34mDEBUG[0m [2mhyper::proto::h1::conn[0m[2m:[0m incoming body completed
[2m2025-12-10T10:13:18.803690Z[0m [34mDEBUG[0m [2mhyper::client::pool[0m[2m:[0m pooling idle connection for ("http", 192.168.0.14:8545)
[2m2025-12-10T10:13:18.808311Z[0m [34mDEBUG[0m [2mhyper::proto::h1::io[0m[2m:[0m parsed 4 headers
[2m2025-12-10T10:13:18.808326Z[0m [34mDEBUG[0m [2mhyper::proto::h1::conn[0m[2m:[0m incoming body is content-length (778 bytes)
[2m2025-12-10T10:13:18.808332Z[0m [34mDEBUG[0m [2mhyper::proto::h1::conn[0m[2m:[0m incoming body completed
[2m2025-12-10T10:13:18.808340Z[0m [34mDEBUG[0m [2mhyper::client::pool[0m[2m:[0m pooling idle connection for ("http", 192.168.0.14:8545)
[2m2025-12-10T10:13:18.808345Z[0m [34mDEBUG[0m [2methereum_transaction_pool_monitor::eth_client[0m[2m:[0m 📡 Transaction fetch RPC completed in 9.255417ms
[2m2025-12-10T10:13:18.879820Z[0m [34mDEBUG[0m [2methereum_transaction_pool_monitor::eth_client[0m[2m:[0m ✅ Transaction 0x47820d9861431f95a6c1d14c998bff91b2960e48beb71db94ed62305f37e3c8b fetched and parsed in 80.726958ms
[2m2025-12-10T10:13:18.879847Z[0m [34mDEBUG[0m [2methereum_transaction_pool_monitor::mempool_monitor[0m[2m:[0m 🔍 Skipping tx 0x47820d9861431f95a6c1d14c998bff91b2960e48beb71db94ed62305f37e3c8b - not a DEX interaction (target: 0xA0b86991c6218b36c1d19D4a2e9Eb0cE3606eB48)
[2m2025-12-10T10:13:18.879857Z[0m [34mDEBUG[0m [2methereum_transaction_pool_monitor::mempool_monitor[0m[2m:[0m 📨 Processing new pending transaction: 0xda1e1bca54a713eb95650c755eed84523328b3e15859c9eeebc4043e07d42d84
[2m2025-12-10T10:13:18.879863Z[0m [34mDEBUG[0m [2methereum_transaction_pool_monitor::mempool_monitor[0m[2m:[0m 🔍 Fetching transaction details for: 0xda1e1bca54a713eb95650c755eed84523328b3e15859c9eeebc4043e07d42d84
[2m2025-12-10T10:13:18.879867Z[0m [34mDEBUG[0m [2methereum_transaction_pool_monitor::eth_client[0m[2m:[0m 🔍 Fetching transaction details for hash: 0xda1e1bca54a713eb95650c755eed84523328b3e15859c9eeebc4043e07d42d84
[2m2025-12-10T10:13:18.879884Z[0m [34mDEBUG[0m [2mhyper::client::pool[0m[2m:[0m reuse idle connection for ("http", 192.168.0.14:8545)
[2m2025-12-10T10:13:18.879918Z[0m [34mDEBUG[0m [2mhyper::proto::h1::io[0m[2m:[0m flushed 250 bytes
[2m2025-12-10T10:13:18.879937Z[0m [34mDEBUG[0m [2methereum_transaction_pool_monitor::eth_client[0m[2m:[0m 📨 Received WebSocket message: {"jsonrpc":"2.0","method":"eth_subscription","params":{"subscription":"0xbed0a0851463e895960a451075a301a9","result":"0x35840ef1b58bf91da324dc551760d955ab025fd040a6fed9c476058ee1c5feae"}}
[2m2025-12-10T10:13:18.879944Z[0m [34mDEBUG[0m [2methereum_transaction_pool_monitor::eth_client[0m[2m:[0m 📨 Received pending transaction: 0x35840ef1b58bf91da324dc551760d955ab025fd040a6fed9c476058ee1c5feae
[2m2025-12-10T10:13:18.884225Z[0m [34mDEBUG[0m [2mhyper::proto::h1::io[0m[2m:[0m parsed 4 headers
[2m2025-12-10T10:13:18.884235Z[0m [34mDEBUG[0m [2mhyper::proto::h1::conn[0m[2m:[0m incoming body is content-length (828 bytes)
[2m2025-12-10T10:13:18.884241Z[0m [34mDEBUG[0m [2mhyper::proto::h1::conn[0m[2m:[0m incoming body completed
[2m2025-12-10T10:13:18.884250Z[0m [34mDEBUG[0m [2mhyper::client::pool[0m[2m:[0m pooling idle connection for ("http", 192.168.0.14:8545)
[2m2025-12-10T10:13:18.884256Z[0m [34mDEBUG[0m [2methereum_transaction_pool_monitor::eth_client[0m[2m:[0m 📡 Transaction fetch RPC completed in 4.385542ms
[2m2025-12-10T10:13:18.955745Z[0m [34mDEBUG[0m [2methereum_transaction_pool_monitor::eth_client[0m[2m:[0m ✅ Transaction 0xda1e1bca54a713eb95650c755eed84523328b3e15859c9eeebc4043e07d42d84 fetched and parsed in 75.871209ms
[2m2025-12-10T10:13:18.955768Z[0m [34mDEBUG[0m [2methereum_transaction_pool_monitor::mempool_monitor[0m[2m:[0m 🔍 Skipping tx 0xda1e1bca54a713eb95650c755eed84523328b3e15859c9eeebc4043e07d42d84 - not a DEX interaction (target: 0x51C03A791e0F22D66F17edA5a897c108d5CF7ce7)
[2m2025-12-10T10:13:18.955778Z[0m [34mDEBUG[0m [2methereum_transaction_pool_monitor::mempool_monitor[0m[2m:[0m 📨 Processing new pending transaction: 0x35840ef1b58bf91da324dc551760d955ab025fd040a6fed9c476058ee1c5feae
[2m2025-12-10T10:13:18.955783Z[0m [34mDEBUG[0m [2methereum_transaction_pool_monitor::mempool_monitor[0m[2m:[0m 🔍 Fetching transaction details for: 0x35840ef1b58bf91da324dc551760d955ab025fd040a6fed9c476058ee1c5feae
[2m2025-12-10T10:13:18.955786Z[0m [34mDEBUG[0m [2methereum_transaction_pool_monitor::eth_client[0m[2m:[0m 🔍 Fetching transaction details for hash: 0x35840ef1b58bf91da324dc551760d955ab025fd040a6fed9c476058ee1c5feae
[2m2025-12-10T10:13:18.955808Z[0m [34mDEBUG[0m [2mhyper::client::pool[0m[2m:[0m reuse idle connection for ("http", 192.168.0.14:8545)
[2m2025-12-10T10:13:18.955842Z[0m [34mDEBUG[0m [2mhyper::proto::h1::io[0m[2m:[0m flushed 250 bytes
[2m2025-12-10T10:13:18.955861Z[0m [34mDEBUG[0m [2mhyper::client::pool[0m[2m:[0m reuse idle connection for ("http", 192.168.0.14:8545)
[2m2025-12-10T10:13:18.955871Z[0m [34mDEBUG[0m [2methereum_transaction_pool_monitor::eth_client[0m[2m:[0m 📨 Received WebSocket message: {"jsonrpc":"2.0","method":"eth_subscription","params":{"subscription":"0xbed0a0851463e895960a451075a301a9","result":"0x4c52a4fc80288eee3591ed233f54efee4a39c5ffb4030ff0bd3022740051964d"}}
[2m2025-12-10T10:13:18.955876Z[0m [34mDEBUG[0m [2mhyper::proto::h1::io[0m[2m:[0m flushed 172 bytes
[2m2025-12-10T10:13:18.955882Z[0m [34mDEBUG[0m [2methereum_transaction_pool_monitor::eth_client[0m[2m:[0m 📨 Received pending transaction: 0x4c52a4fc80288eee3591ed233f54efee4a39c5ffb4030ff0bd3022740051964d
[2m2025-12-10T10:13:18.962845Z[0m [34mDEBUG[0m [2mhyper::proto::h1::io[0m[2m:[0m parsed 4 headers
[2m2025-12-10T10:13:18.962868Z[0m [34mDEBUG[0m [2mhyper::proto::h1::conn[0m[2m:[0m incoming body is content-length (1731 bytes)
[2m2025-12-10T10:13:18.962880Z[0m [34mDEBUG[0m [2mhyper::proto::h1::conn[0m[2m:[0m incoming body completed
[2m2025-12-10T10:13:18.962896Z[0m [34mDEBUG[0m [2mhyper::client::pool[0m[2m:[0m pooling idle connection for ("http", 192.168.0.14:8545)
[2m2025-12-10T10:13:18.962906Z[0m [34mDEBUG[0m [2methereum_transaction_pool_monitor::eth_client[0m[2m:[0m 📡 Transaction fetch RPC completed in 7.1155ms
[2m2025-12-10T10:13:19.104460Z[0m [34mDEBUG[0m [2methereum_transaction_pool_monitor::eth_client[0m[2m:[0m ✅ Transaction 0x35840ef1b58bf91da324dc551760d955ab025fd040a6fed9c476058ee1c5feae fetched and parsed in 148.666791ms
[2m2025-12-10T10:13:19.107603Z[0m [34mDEBUG[0m [2methereum_transaction_pool_monitor::mempool_monitor[0m[2m:[0m 🔍 Skipping tx 0x35840ef1b58bf91da324dc551760d955ab025fd040a6fed9c476058ee1c5feae - not a DEX interaction (target: 0x601a2aD6CB5949f0529735254189Ba3194221EDF)
[2m2025-12-10T10:13:19.107615Z[0m [34mDEBUG[0m [2methereum_transaction_pool_monitor::mempool_monitor[0m[2m:[0m 📨 Processing new pending transaction: 0x4c52a4fc80288eee3591ed233f54efee4a39c5ffb4030ff0bd3022740051964d
[2m2025-12-10T10:13:19.107623Z[0m [34mDEBUG[0m [2methereum_transaction_pool_monitor::mempool_monitor[0m[2m:[0m 🔍 Fetching transaction details for: 0x4c52a4fc80288eee3591ed233f54efee4a39c5ffb4030ff0bd3022740051964d
[2m2025-12-10T10:13:19.107629Z[0m [34mDEBUG[0m [2methereum_transaction_pool_monitor::eth_client[0m[2m:[0m 🔍 Fetching transaction details for hash: 0x4c52a4fc80288eee3591ed233f54efee4a39c5ffb4030ff0bd3022740051964d
[2m2025-12-10T10:13:19.107652Z[0m [34mDEBUG[0m [2mhyper::client::pool[0m[2m:[0m reuse idle connection for ("http", 192.168.0.14:8545)
[2m2025-12-10T10:13:19.107713Z[0m [34mDEBUG[0m [2mhyper::proto::h1::io[0m[2m:[0m flushed 250 bytes
[2m2025-12-10T10:13:19.107746Z[0m [34mDEBUG[0m [2methereum_transaction_pool_monitor::eth_client[0m[2m:[0m 📨 Received WebSocket message: {"jsonrpc":"2.0","method":"eth_subscription","params":{"subscription":"0xbed0a0851463e895960a451075a301a9","result":"0xa64964aefcbf4a7daf48060bc2a3fea47082015305c71b6772daf97b9b685811"}}
[2m2025-12-10T10:13:19.107756Z[0m [34mDEBUG[0m [2methereum_transaction_pool_monitor::eth_client[0m[2m:[0m 📨 Received pending transaction: 0xa64964aefcbf4a7daf48060bc2a3fea47082015305c71b6772daf97b9b685811
[2m2025-12-10T10:13:19.107765Z[0m [34mDEBUG[0m [2methereum_transaction_pool_monitor::eth_client[0m[2m:[0m 📨 Received WebSocket message: {"jsonrpc":"2.0","method":"eth_subscription","params":{"subscription":"0xbed0a0851463e895960a451075a301a9","result":"0xcfe7fc7a27c28812d687853068386e10fed097cded1b3a22bc499e965a6b1f53"}}
[2m2025-12-10T10:13:19.107771Z[0m [34mDEBUG[0m [2methereum_transaction_pool_monitor::eth_client[0m[2m:[0m 📨 Received pending transaction: 0xcfe7fc7a27c28812d687853068386e10fed097cded1b3a22bc499e965a6b1f53
[2m2025-12-10T10:13:19.107802Z[0m [34mDEBUG[0m [2mhyper::proto::h1::io[0m[2m:[0m parsed 4 headers
[2m2025-12-10T10:13:19.107807Z[0m [34mDEBUG[0m [2mhyper::proto::h1::conn[0m[2m:[0m incoming body is content-length (45 bytes)
[2m2025-12-10T10:13:19.107816Z[0m [34mDEBUG[0m [2mhyper::proto::h1::conn[0m[2m:[0m incoming body completed
[2m2025-12-10T10:13:19.107827Z[0m [34mDEBUG[0m [2mhyper::client::pool[0m[2m:[0m pooling idle connection for ("http", 192.168.0.14:8545)
[2m2025-12-10T10:13:19.107847Z[0m [34mDEBUG[0m [2mhyper::client::pool[0m[2m:[0m reuse idle connection for ("http", 192.168.0.14:8545)
[2m2025-12-10T10:13:19.107863Z[0m [34mDEBUG[0m [2mhyper::proto::h1::io[0m[2m:[0m flushed 172 bytes
[2m2025-12-10T10:13:19.111498Z[0m [34mDEBUG[0m [2mhyper::proto::h1::io[0m[2m:[0m parsed 4 headers
[2m2025-12-10T10:13:19.111506Z[0m [34mDEBUG[0m [2mhyper::proto::h1::conn[0m[2m:[0m incoming body is content-length (45 bytes)
[2m2025-12-10T10:13:19.111513Z[0m [34mDEBUG[0m [2mhyper::proto::h1::conn[0m[2m:[0m incoming body completed
[2m2025-12-10T10:13:19.111522Z[0m [34mDEBUG[0m [2mhyper::client::pool[0m[2m:[0m pooling idle connection for ("http", 192.168.0.14:8545)
[2m2025-12-10T10:13:19.111541Z[0m [34mDEBUG[0m [2mhyper::client::pool[0m[2m:[0m reuse idle connection for ("http", 192.168.0.14:8545)
[2m2025-12-10T10:13:19.111562Z[0m [34mDEBUG[0m [2mhyper::proto::h1::io[0m[2m:[0m flushed 172 bytes
[2m2025-12-10T10:13:19.111571Z[0m [34mDEBUG[0m [2mhyper::proto::h1::io[0m[2m:[0m parsed 4 headers
[2m2025-12-10T10:13:19.111575Z[0m [34mDEBUG[0m [2mhyper::proto::h1::conn[0m[2m:[0m incoming body is content-length (552 bytes)
[2m2025-12-10T10:13:19.111578Z[0m [34mDEBUG[0m [2mhyper::proto::h1::conn[0m[2m:[0m incoming body completed
[2m2025-12-10T10:13:19.111584Z[0m [34mDEBUG[0m [2mhyper::client::pool[0m[2m:[0m pooling idle connection for ("http", 192.168.0.14:8545)
[2m2025-12-10T10:13:19.111588Z[0m [34mDEBUG[0m [2methereum_transaction_pool_monitor::eth_client[0m[2m:[0m 📡 Transaction fetch RPC completed in 3.953625ms
[2m2025-12-10T10:13:19.117115Z[0m [34mDEBUG[0m [2mhyper::proto::h1::io[0m[2m:[0m parsed 4 headers
[2m2025-12-10T10:13:19.117143Z[0m [34mDEBUG[0m [2mhyper::proto::h1::conn[0m[2m:[0m incoming body is content-length (45 bytes)
[2m2025-12-10T10:13:19.117150Z[0m [34mDEBUG[0m [2mhyper::proto::h1::conn[0m[2m:[0m incoming body completed
[2m2025-12-10T10:13:19.117160Z[0m [34mDEBUG[0m [2mhyper::client::pool[0m[2m:[0m pooling idle connection for ("http", 192.168.0.14:8545)
[2m2025-12-10T10:13:19.199280Z[0m [34mDEBUG[0m [2mhyper::client::pool[0m[2m:[0m reuse idle connection for ("http", 192.168.0.14:8545)
[2m2025-12-10T10:13:19.199392Z[0m [34mDEBUG[0m [2mhyper::proto::h1::io[0m[2m:[0m flushed 172 bytes
[2m2025-12-10T10:13:19.204580Z[0m [34mDEBUG[0m [2mhyper::proto::h1::io[0m[2m:[0m parsed 4 headers
[2m2025-12-10T10:13:19.204600Z[0m [34mDEBUG[0m [2mhyper::proto::h1::conn[0m[2m:[0m incoming body is content-length (45 bytes)
[2m2025-12-10T10:13:19.204609Z[0m [34mDEBUG[0m [2mhyper::proto::h1::conn[0m[2m:[0m incoming body completed
[2m2025-12-10T10:13:19.204620Z[0m [34mDEBUG[0m [2mhyper::client::pool[0m[2m:[0m pooling idle connection for ("http", 192.168.0.14:8545)
[2m2025-12-10T10:13:19.229056Z[0m [34mDEBUG[0m [2methereum_transaction_pool_monitor::eth_client[0m[2m:[0m ✅ Transaction 0x4c52a4fc80288eee3591ed233f54efee4a39c5ffb4030ff0bd3022740051964d fetched and parsed in 121.419292ms
[2m2025-12-10T10:13:19.229103Z[0m [34mDEBUG[0m [2methereum_transaction_pool_monitor::mempool_monitor[0m[2m:[0m 🔍 Skipping tx 0x4c52a4fc80288eee3591ed233f54efee4a39c5ffb4030ff0bd3022740051964d - not a DEX interaction (target: 0x33a15c0371CE0308AF8603fC7aC505AE5934De42)
[2m2025-12-10T10:13:19.229114Z[0m [34mDEBUG[0m [2methereum_transaction_pool_monitor::mempool_monitor[0m[2m:[0m 📨 Processing new pending transaction: 0xa64964aefcbf4a7daf48060bc2a3fea47082015305c71b6772daf97b9b685811
[2m2025-12-10T10:13:19.229120Z[0m [34mDEBUG[0m [2methereum_transaction_pool_monitor::mempool_monitor[0m[2m:[0m 🔍 Fetching transaction details for: 0xa64964aefcbf4a7daf48060bc2a3fea47082015305c71b6772daf97b9b685811
[2m2025-12-10T10:13:19.229126Z[0m [34mDEBUG[0m [2methereum_transaction_pool_monitor::eth_client[0m[2m:[0m 🔍 Fetching transaction details for hash: 0xa64964aefcbf4a7daf48060bc2a3fea47082015305c71b6772daf97b9b685811
[2m2025-12-10T10:13:19.229147Z[0m [34mDEBUG[0m [2mhyper::client::pool[0m[2m:[0m reuse idle connection for ("http", 192.168.0.14:8545)
[2m2025-12-10T10:13:19.229197Z[0m [34mDEBUG[0m [2mhyper::proto::h1::io[0m[2m:[0m flushed 250 bytes
[2m2025-12-10T10:13:19.238580Z[0m [34mDEBUG[0m [2mhyper::proto::h1::io[0m[2m:[0m parsed 4 headers
[2m2025-12-10T10:13:19.238598Z[0m [34mDEBUG[0m [2mhyper::proto::h1::conn[0m[2m:[0m incoming body is content-length (674 bytes)
[2m2025-12-10T10:13:19.238608Z[0m [34mDEBUG[0m [2mhyper::proto::h1::conn[0m[2m:[0m incoming body completed
[2m2025-12-10T10:13:19.238619Z[0m [34mDEBUG[0m [2mhyper::client::pool[0m[2m:[0m pooling idle connection for ("http", 192.168.0.14:8545)
[2m2025-12-10T10:13:19.238627Z[0m [34mDEBUG[0m [2methereum_transaction_pool_monitor::eth_client[0m[2m:[0m 📡 Transaction fetch RPC completed in 9.495667ms
[2m2025-12-10T10:13:19.238644Z[0m [34mDEBUG[0m [2methereum_transaction_pool_monitor::eth_client[0m[2m:[0m DeFi transaction detected - Address: 0xdac17f958d2ee523a2206206994597c13d831ec7, Type: Stablecoin, Value: 0 ETH, Gas: 0.18 Gwei
[2m2025-12-10T10:13:19.238659Z[0m [34mDEBUG[0m [2methereum_transaction_pool_monitor::eth_client[0m[2m:[0m ✅ Transaction 0xa64964aefcbf4a7daf48060bc2a3fea47082015305c71b6772daf97b9b685811 fetched and parsed in 9.52775ms
[2m2025-12-10T10:13:19.238668Z[0m [34mDEBUG[0m [2methereum_transaction_pool_monitor::mempool_monitor[0m[2m:[0m 🔍 Skipping tx 0xa64964aefcbf4a7daf48060bc2a3fea47082015305c71b6772daf97b9b685811 - not a DEX interaction (target: 0xdAC17F958D2ee523a2206206994597C13D831ec7)
[2m2025-12-10T10:13:19.238677Z[0m [34mDEBUG[0m [2methereum_transaction_pool_monitor::mempool_monitor[0m[2m:[0m 📨 Processing new pending transaction: 0xcfe7fc7a27c28812d687853068386e10fed097cded1b3a22bc499e965a6b1f53
[2m2025-12-10T10:13:19.238681Z[0m [34mDEBUG[0m [2methereum_transaction_pool_monitor::mempool_monitor[0m[2m:[0m 🔍 Fetching transaction details for: 0xcfe7fc7a27c28812d687853068386e10fed097cded1b3a22bc499e965a6b1f53
[2m2025-12-10T10:13:19.238686Z[0m [34mDEBUG[0m [2methereum_transaction_pool_monitor::eth_client[0m[2m:[0m 🔍 Fetching transaction details for hash: 0xcfe7fc7a27c28812d687853068386e10fed097cded1b3a22bc499e965a6b1f53
[2m2025-12-10T10:13:19.238706Z[0m [34mDEBUG[0m [2mhyper::client::pool[0m[2m:[0m reuse idle connection for ("http", 192.168.0.14:8545)
[2m2025-12-10T10:13:19.238728Z[0m [34mDEBUG[0m [2mhyper::proto::h1::io[0m[2m:[0m flushed 250 bytes
[2m2025-12-10T10:13:19.244279Z[0m [34mDEBUG[0m [2mhyper::proto::h1::io[0m[2m:[0m parsed 4 headers
[2m2025-12-10T10:13:19.244294Z[0m [34mDEBUG[0m [2mhyper::proto::h1::conn[0m[2m:[0m incoming body is content-length (829 bytes)
[2m2025-12-10T10:13:19.244302Z[0m [34mDEBUG[0m [2mhyper::proto::h1::conn[0m[2m:[0m incoming body completed
[2m2025-12-10T10:13:19.244311Z[0m [34mDEBUG[0m [2mhyper::client::pool[0m[2m:[0m pooling idle connection for ("http", 192.168.0.14:8545)
[2m2025-12-10T10:13:19.244318Z[0m [34mDEBUG[0m [2methereum_transaction_pool_monitor::eth_client[0m[2m:[0m 📡 Transaction fetch RPC completed in 5.628125ms
[2m2025-12-10T10:13:19.341707Z[0m [34mDEBUG[0m [2methereum_transaction_pool_monitor::eth_client[0m[2m:[0m ✅ Transaction 0xcfe7fc7a27c28812d687853068386e10fed097cded1b3a22bc499e965a6b1f53 fetched and parsed in 103.012125ms
[2m2025-12-10T10:13:19.341730Z[0m [34mDEBUG[0m [2methereum_transaction_pool_monitor::mempool_monitor[0m[2m:[0m 🔍 Skipping tx 0xcfe7fc7a27c28812d687853068386e10fed097cded1b3a22bc499e965a6b1f53 - not a DEX interaction (target: 0x3B4D794a66304F130a4Db8F2551B0070dfCf5ca7)
[2m2025-12-10T10:13:19.341818Z[0m [34mDEBUG[0m [2mhyper::client::pool[0m[2m:[0m reuse idle connection for ("http", 192.168.0.14:8545)
[2m2025-12-10T10:13:19.341880Z[0m [34mDEBUG[0m [2mhyper::proto::h1::io[0m[2m:[0m flushed 172 bytes
[2m2025-12-10T10:13:19.345301Z[0m [34mDEBUG[0m [2mhyper::proto::h1::io[0m[2m:[0m parsed 4 headers
[2m2025-12-10T10:13:19.345315Z[0m [34mDEBUG[0m [2mhyper::proto::h1::conn[0m[2m:[0m incoming body is content-length (45 bytes)
[2m2025-12-10T10:13:19.345325Z[0m [34mDEBUG[0m [2mhyper::proto::h1::conn[0m[2m:[0m incoming body completed
[2m2025-12-10T10:13:19.345335Z[0m [34mDEBUG[0m [2mhyper::client::pool[0m[2m:[0m pooling idle connection for ("http", 192.168.0.14:8545)
[2m2025-12-10T10:13:19.398837Z[0m [34mDEBUG[0m [2mhyper::client::pool[0m[2m:[0m reuse idle connection for ("http", 192.168.0.14:8545)
[2m2025-12-10T10:13:19.398903Z[0m [34mDEBUG[0m [2mhyper::proto::h1::io[0m[2m:[0m flushed 172 bytes
[2m2025-12-10T10:13:19.401995Z[0m [34mDEBUG[0m [2mhyper::proto::h1::io[0m[2m:[0m parsed 4 headers
[2m2025-12-10T10:13:19.402009Z[0m [34mDEBUG[0m [2mhyper::proto::h1::conn[0m[2m:[0m incoming body is content-length (45 bytes)
[2m2025-12-10T10:13:19.402017Z[0m [34mDEBUG[0m [2mhyper::proto::h1::conn[0m[2m:[0m incoming body completed
[2m2025-12-10T10:13:19.402027Z[0m [34mDEBUG[0m [2mhyper::client::pool[0m[2m:[0m pooling idle connection for ("http", 192.168.0.14:8545)
[2m2025-12-10T10:13:19.498321Z[0m [34mDEBUG[0m [2mhyper::client::pool[0m[2m:[0m reuse idle connection for ("http", 192.168.0.14:8545)
[2m2025-12-10T10:13:19.498462Z[0m [34mDEBUG[0m [2mhyper::proto::h1::io[0m[2m:[0m flushed 172 bytes
[2m2025-12-10T10:13:19.502127Z[0m [34mDEBUG[0m [2mhyper::proto::h1::io[0m[2m:[0m parsed 4 headers
[2m2025-12-10T10:13:19.502141Z[0m [34mDEBUG[0m [2mhyper::proto::h1::conn[0m[2m:[0m incoming body is content-length (45 bytes)
[2m2025-12-10T10:13:19.502150Z[0m [34mDEBUG[0m [2mhyper::proto::h1::conn[0m[2m:[0m incoming body completed
[2m2025-12-10T10:13:19.502160Z[0m [34mDEBUG[0m [2mhyper::client::pool[0m[2m:[0m pooling idle connection for ("http", 192.168.0.14:8545)
[2m2025-12-10T10:13:19.526043Z[0m [34mDEBUG[0m [2methereum_transaction_pool_monitor::eth_client[0m[2m:[0m 📨 Received WebSocket message: {"jsonrpc":"2.0","method":"eth_subscription","params":{"subscription":"0xbed0a0851463e895960a451075a301a9","result":"0x1b91d335273b51ce6681d0a1570ba5618495eaa388d5cfdd64f7b955bd81c5ec"}}
[2m2025-12-10T10:13:19.526059Z[0m [34mDEBUG[0m [2methereum_transaction_pool_monitor::eth_client[0m[2m:[0m 📨 Received pending transaction: 0x1b91d335273b51ce6681d0a1570ba5618495eaa388d5cfdd64f7b955bd81c5ec
[2m2025-12-10T10:13:19.526066Z[0m [34mDEBUG[0m [2methereum_transaction_pool_monitor::mempool_monitor[0m[2m:[0m 📨 Processing new pending transaction: 0x1b91d335273b51ce6681d0a1570ba5618495eaa388d5cfdd64f7b955bd81c5ec
[2m2025-12-10T10:13:19.526071Z[0m [34mDEBUG[0m [2methereum_transaction_pool_monitor::mempool_monitor[0m[2m:[0m 🔍 Fetching transaction details for: 0x1b91d335273b51ce6681d0a1570ba5618495eaa388d5cfdd64f7b955bd81c5ec
[2m2025-12-10T10:13:19.526075Z[0m [34mDEBUG[0m [2methereum_transaction_pool_monitor::eth_client[0m[2m:[0m 🔍 Fetching transaction details for hash: 0x1b91d335273b51ce6681d0a1570ba5618495eaa388d5cfdd64f7b955bd81c5ec
[2m2025-12-10T10:13:19.526094Z[0m [34mDEBUG[0m [2mhyper::client::pool[0m[2m:[0m reuse idle connection for ("http", 192.168.0.14:8545)
[2m2025-12-10T10:13:19.526115Z[0m [34mDEBUG[0m [2mhyper::proto::h1::io[0m[2m:[0m flushed 250 bytes
[2m2025-12-10T10:13:19.536690Z[0m [34mDEBUG[0m [2methereum_transaction_pool_monitor::eth_client[0m[2m:[0m 📨 Received WebSocket message: {"jsonrpc":"2.0","method":"eth_subscription","params":{"subscription":"0xbed0a0851463e895960a451075a301a9","result":"0x3e750677c0e84d6a2c7dd4bc531ecb30163d74f8d9fc49d4c485a20b774ad684"}}
[2m2025-12-10T10:13:19.536791Z[0m [34mDEBUG[0m [2methereum_transaction_pool_monitor::eth_client[0m[2m:[0m 📨 Received pending transaction: 0x3e750677c0e84d6a2c7dd4bc531ecb30163d74f8d9fc49d4c485a20b774ad684
[2m2025-12-10T10:13:19.537622Z[0m [34mDEBUG[0m [2mhyper::proto::h1::io[0m[2m:[0m parsed 4 headers
[2m2025-12-10T10:13:19.537631Z[0m [34mDEBUG[0m [2mhyper::proto::h1::conn[0m[2m:[0m incoming body is content-length (638 bytes)
[2m2025-12-10T10:13:19.537640Z[0m [34mDEBUG[0m [2mhyper::proto::h1::conn[0m[2m:[0m incoming body completed
[2m2025-12-10T10:13:19.537651Z[0m [34mDEBUG[0m [2mhyper::client::pool[0m[2m:[0m pooling idle connection for ("http", 192.168.0.14:8545)
[2m2025-12-10T10:13:19.537660Z[0m [34mDEBUG[0m [2methereum_transaction_pool_monitor::eth_client[0m[2m:[0m 📡 Transaction fetch RPC completed in 11.580958ms
[2m2025-12-10T10:13:19.613583Z[0m [34mDEBUG[0m [2methereum_transaction_pool_monitor::eth_client[0m[2m:[0m ✅ Transaction 0x1b91d335273b51ce6681d0a1570ba5618495eaa388d5cfdd64f7b955bd81c5ec fetched and parsed in 87.500333ms
[2m2025-12-10T10:13:19.613605Z[0m [34mDEBUG[0m [2methereum_transaction_pool_monitor::mempool_monitor[0m[2m:[0m 🔍 Skipping tx 0x1b91d335273b51ce6681d0a1570ba5618495eaa388d5cfdd64f7b955bd81c5ec - not a DEX interaction (target: 0x63d3dE29C28b3b7150e35AB6d433892E167bf5e6)
[2m2025-12-10T10:13:19.613614Z[0m [34mDEBUG[0m [2methereum_transaction_pool_monitor::mempool_monitor[0m[2m:[0m 📨 Processing new pending transaction: 0x3e750677c0e84d6a2c7dd4bc531ecb30163d74f8d9fc49d4c485a20b774ad684
[2m2025-12-10T10:13:19.613619Z[0m [34mDEBUG[0m [2methereum_transaction_pool_monitor::mempool_monitor[0m[2m:[0m 🔍 Fetching transaction details for: 0x3e750677c0e84d6a2c7dd4bc531ecb30163d74f8d9fc49d4c485a20b774ad684
[2m2025-12-10T10:13:19.613623Z[0m [34mDEBUG[0m [2methereum_transaction_pool_monitor::eth_client[0m[2m:[0m 🔍 Fetching transaction details for hash: 0x3e750677c0e84d6a2c7dd4bc531ecb30163d74f8d9fc49d4c485a20b774ad684
[2m2025-12-10T10:13:19.613646Z[0m [34mDEBUG[0m [2mhyper::client::pool[0m[2m:[0m reuse idle connection for ("http", 192.168.0.14:8545)
[2m2025-12-10T10:13:19.613675Z[0m [34mDEBUG[0m [2mhyper::proto::h1::io[0m[2m:[0m flushed 250 bytes
[2m2025-12-10T10:13:19.613702Z[0m [34mDEBUG[0m [2mhyper::client::pool[0m[2m:[0m reuse idle connection for ("http", 192.168.0.14:8545)
[2m2025-12-10T10:13:19.613715Z[0m [34mDEBUG[0m [2mhyper::proto::h1::io[0m[2m:[0m flushed 172 bytes
[2m2025-12-10T10:13:19.618904Z[0m [34mDEBUG[0m [2mhyper::proto::h1::io[0m[2m:[0m parsed 4 headers
[2m2025-12-10T10:13:19.618916Z[0m [34mDEBUG[0m [2mhyper::proto::h1::conn[0m[2m:[0m incoming body is content-length (45 bytes)
[2m2025-12-10T10:13:19.618925Z[0m [34mDEBUG[0m [2mhyper::proto::h1::conn[0m[2m:[0m incoming body completed
[2m2025-12-10T10:13:19.618936Z[0m [34mDEBUG[0m [2mhyper::client::pool[0m[2m:[0m pooling idle connection for ("http", 192.168.0.14:8545)
[2m2025-12-10T10:13:19.618957Z[0m [34mDEBUG[0m [2mhyper::proto::h1::io[0m[2m:[0m parsed 4 headers
[2m2025-12-10T10:13:19.618962Z[0m [34mDEBUG[0m [2mhyper::proto::h1::conn[0m[2m:[0m incoming body is content-length (834 bytes)
[2m2025-12-10T10:13:19.618967Z[0m [34mDEBUG[0m [2mhyper::proto::h1::conn[0m[2m:[0m incoming body completed
[2m2025-12-10T10:13:19.618973Z[0m [34mDEBUG[0m [2mhyper::client::pool[0m[2m:[0m pooling idle connection for ("http", 192.168.0.14:8545)
[2m2025-12-10T10:13:19.618977Z[0m [34mDEBUG[0m [2methereum_transaction_pool_monitor::eth_client[0m[2m:[0m 📡 Transaction fetch RPC completed in 5.350417ms
[2m2025-12-10T10:13:19.618991Z[0m [34mDEBUG[0m [2methereum_transaction_pool_monitor::eth_client[0m[2m:[0m DeFi transaction detected - Address: 0xdac17f958d2ee523a2206206994597c13d831ec7, Type: Stablecoin, Value: 0 ETH, Gas: 0.90 Gwei
[2m2025-12-10T10:13:19.619004Z[0m [34mDEBUG[0m [2methereum_transaction_pool_monitor::eth_client[0m[2m:[0m ✅ Transaction 0x3e750677c0e84d6a2c7dd4bc531ecb30163d74f8d9fc49d4c485a20b774ad684 fetched and parsed in 5.376667ms
[2m2025-12-10T10:13:19.619009Z[0m [34mDEBUG[0m [2methereum_transaction_pool_monitor::mempool_monitor[0m[2m:[0m 🔍 Skipping tx 0x3e750677c0e84d6a2c7dd4bc531ecb30163d74f8d9fc49d4c485a20b774ad684 - not a DEX interaction (target: 0xdAC17F958D2ee523a2206206994597C13D831ec7)
[2m2025-12-10T10:13:19.698161Z[0m [34mDEBUG[0m [2mhyper::client::pool[0m[2m:[0m reuse idle connection for ("http", 192.168.0.14:8545)
[2m2025-12-10T10:13:19.698231Z[0m [34mDEBUG[0m [2mhyper::proto::h1::io[0m[2m:[0m flushed 172 bytes
[2m2025-12-10T10:13:19.700559Z[0m [34mDEBUG[0m [2methereum_transaction_pool_monitor::eth_client[0m[2m:[0m 📨 Received WebSocket message: {"jsonrpc":"2.0","method":"eth_subscription","params":{"subscription":"0xbed0a0851463e895960a451075a301a9","result":"0x4c7c4537bae0ba0bbf352f93fbf19200477f2d64ad73ffa6c34b8702d1515f2b"}}
[2m2025-12-10T10:13:19.700582Z[0m [34mDEBUG[0m [2methereum_transaction_pool_monitor::eth_client[0m[2m:[0m 📨 Received pending transaction: 0x4c7c4537bae0ba0bbf352f93fbf19200477f2d64ad73ffa6c34b8702d1515f2b
[2m2025-12-10T10:13:19.700591Z[0m [34mDEBUG[0m [2methereum_transaction_pool_monitor::mempool_monitor[0m[2m:[0m 📨 Processing new pending transaction: 0x4c7c4537bae0ba0bbf352f93fbf19200477f2d64ad73ffa6c34b8702d1515f2b
[2m2025-12-10T10:13:19.700596Z[0m [34mDEBUG[0m [2methereum_transaction_pool_monitor::mempool_monitor[0m[2m:[0m 🔍 Fetching transaction details for: 0x4c7c4537bae0ba0bbf352f93fbf19200477f2d64ad73ffa6c34b8702d1515f2b
[2m2025-12-10T10:13:19.700601Z[0m [34mDEBUG[0m [2methereum_transaction_pool_monitor::eth_client[0m[2m:[0m 🔍 Fetching transaction details for hash: 0x4c7c4537bae0ba0bbf352f93fbf19200477f2d64ad73ffa6c34b8702d1515f2b
[2m2025-12-10T10:13:19.700617Z[0m [34mDEBUG[0m [2mhyper::client::pool[0m[2m:[0m reuse idle connection for ("http", 192.168.0.14:8545)
[2m2025-12-10T10:13:19.700644Z[0m [34mDEBUG[0m [2mhyper::proto::h1::io[0m[2m:[0m flushed 250 bytes
[2m2025-12-10T10:13:19.701837Z[0m [34mDEBUG[0m [2mhyper::proto::h1::io[0m[2m:[0m parsed 4 headers
[2m2025-12-10T10:13:19.701846Z[0m [34mDEBUG[0m [2mhyper::proto::h1::conn[0m[2m:[0m incoming body is content-length (45 bytes)
[2m2025-12-10T10:13:19.701855Z[0m [34mDEBUG[0m [2mhyper::proto::h1::conn[0m[2m:[0m incoming body completed
[2m2025-12-10T10:13:19.701866Z[0m [34mDEBUG[0m [2mhyper::client::pool[0m[2m:[0m pooling idle connection for ("http", 192.168.0.14:8545)
[2m2025-12-10T10:13:19.706343Z[0m [34mDEBUG[0m [2mhyper::proto::h1::io[0m[2m:[0m parsed 4 headers
[2m2025-12-10T10:13:19.706364Z[0m [34mDEBUG[0m [2mhyper::proto::h1::conn[0m[2m:[0m incoming body is content-length (645 bytes)
[2m2025-12-10T10:13:19.706374Z[0m [34mDEBUG[0m [2mhyper::proto::h1::conn[0m[2m:[0m incoming body completed
[2m2025-12-10T10:13:19.706385Z[0m [34mDEBUG[0m [2mhyper::client::pool[0m[2m:[0m pooling idle connection for ("http", 192.168.0.14:8545)
[2m2025-12-10T10:13:19.706395Z[0m [34mDEBUG[0m [2methereum_transaction_pool_monitor::eth_client[0m[2m:[0m 📡 Transaction fetch RPC completed in 5.790375ms
[2m2025-12-10T10:13:19.778997Z[0m [34mDEBUG[0m [2methereum_transaction_pool_monitor::eth_client[0m[2m:[0m ✅ Transaction 0x4c7c4537bae0ba0bbf352f93fbf19200477f2d64ad73ffa6c34b8702d1515f2b fetched and parsed in 78.389375ms
[2m2025-12-10T10:13:19.779032Z[0m [34mDEBUG[0m [2methereum_transaction_pool_monitor::mempool_monitor[0m[2m:[0m 🔍 Skipping tx 0x4c7c4537bae0ba0bbf352f93fbf19200477f2d64ad73ffa6c34b8702d1515f2b - not a DEX interaction (target: 0x385b9D17B525b0aE338d53aB4EbC26CfA9ed1491)
[2m2025-12-10T10:13:19.781798Z[0m [34mDEBUG[0m [2methereum_transaction_pool_monitor::eth_client[0m[2m:[0m 📨 Received WebSocket message: {"jsonrpc":"2.0","method":"eth_subscription","params":{"subscription":"0xbed0a0851463e895960a451075a301a9","result":"0x351cbf7cca30cf26296b80eed3c59a833367e73b75eb339362fcc927c7bfcf27"}}
[2m2025-12-10T10:13:19.781821Z[0m [34mDEBUG[0m [2methereum_transaction_pool_monitor::eth_client[0m[2m:[0m 📨 Received pending transaction: 0x351cbf7cca30cf26296b80eed3c59a833367e73b75eb339362fcc927c7bfcf27
[2m2025-12-10T10:13:19.781841Z[0m [34mDEBUG[0m [2methereum_transaction_pool_monitor::mempool_monitor[0m[2m:[0m 📨 Processing new pending transaction: 0x351cbf7cca30cf26296b80eed3c59a833367e73b75eb339362fcc927c7bfcf27
[2m2025-12-10T10:13:19.781846Z[0m [34mDEBUG[0m [2methereum_transaction_pool_monitor::mempool_monitor[0m[2m:[0m 🔍 Fetching transaction details for: 0x351cbf7cca30cf26296b80eed3c59a833367e73b75eb339362fcc927c7bfcf27
[2m2025-12-10T10:13:19.781850Z[0m [34mDEBUG[0m [2methereum_transaction_pool_monitor::eth_client[0m[2m:[0m 🔍 Fetching transaction details for hash: 0x351cbf7cca30cf26296b80eed3c59a833367e73b75eb339362fcc927c7bfcf27
[2m2025-12-10T10:13:19.781879Z[0m [34mDEBUG[0m [2mhyper::client::pool[0m[2m:[0m reuse idle connection for ("http", 192.168.0.14:8545)
[2m2025-12-10T10:13:19.781907Z[0m [34mDEBUG[0m [2mhyper::proto::h1::io[0m[2m:[0m flushed 250 bytes
[2m2025-12-10T10:13:19.793287Z[0m [34mDEBUG[0m [2mhyper::proto::h1::io[0m[2m:[0m parsed 4 headers
[2m2025-12-10T10:13:19.795261Z[0m [34mDEBUG[0m [2mhyper::proto::h1::conn[0m[2m:[0m incoming body is content-length (554 bytes)
[2m2025-12-10T10:13:19.795273Z[0m [34mDEBUG[0m [2mhyper::proto::h1::conn[0m[2m:[0m incoming body completed
[2m2025-12-10T10:13:19.795289Z[0m [34mDEBUG[0m [2mhyper::client::pool[0m[2m:[0m pooling idle connection for ("http", 192.168.0.14:8545)
[2m2025-12-10T10:13:19.795301Z[0m [34mDEBUG[0m [2methereum_transaction_pool_monitor::eth_client[0m[2m:[0m 📡 Transaction fetch RPC completed in 13.44675ms
[2m2025-12-10T10:13:19.867323Z[0m [34mDEBUG[0m [2methereum_transaction_pool_monitor::eth_client[0m[2m:[0m ✅ Transaction 0x351cbf7cca30cf26296b80eed3c59a833367e73b75eb339362fcc927c7bfcf27 fetched and parsed in 85.466208ms
[2m2025-12-10T10:13:19.867348Z[0m [34mDEBUG[0m [2methereum_transaction_pool_monitor::mempool_monitor[0m[2m:[0m 🔍 Skipping tx 0x351cbf7cca30cf26296b80eed3c59a833367e73b75eb339362fcc927c7bfcf27 - not a DEX interaction (target: 0x44Cc172bb4031eA1141cde96aCD483b67849b40e)
[2m2025-12-10T10:13:19.867399Z[0m [34mDEBUG[0m [2mhyper::client::pool[0m[2m:[0m reuse idle connection for ("http", 192.168.0.14:8545)
[2m2025-12-10T10:13:19.867447Z[0m [34mDEBUG[0m [2mhyper::proto::h1::io[0m[2m:[0m flushed 172 bytes
[2m2025-12-10T10:13:19.871736Z[0m [34mDEBUG[0m [2mhyper::proto::h1::io[0m[2m:[0m parsed 4 headers
[2m2025-12-10T10:13:19.871746Z[0m [34mDEBUG[0m [2mhyper::proto::h1::conn[0m[2m:[0m incoming body is content-length (45 bytes)
[2m2025-12-10T10:13:19.871760Z[0m [34mDEBUG[0m [2mhyper::proto::h1::conn[0m[2m:[0m incoming body completed
[2m2025-12-10T10:13:19.871775Z[0m [34mDEBUG[0m [2mhyper::client::pool[0m[2m:[0m pooling idle connection for ("http", 192.168.0.14:8545)
[2m2025-12-10T10:13:19.890060Z[0m [34mDEBUG[0m [2methereum_transaction_pool_monitor::eth_client[0m[2m:[0m 📨 Received WebSocket message: {"jsonrpc":"2.0","method":"eth_subscription","params":{"subscription":"0xbed0a0851463e895960a451075a301a9","result":"0xed249aa8af1b9ca402d40c6aaa00363840eef9103f457f371a997c564c725405"}}
[2m2025-12-10T10:13:19.890071Z[0m [34mDEBUG[0m [2methereum_transaction_pool_monitor::eth_client[0m[2m:[0m 📨 Received pending transaction: 0xed249aa8af1b9ca402d40c6aaa00363840eef9103f457f371a997c564c725405
[2m2025-12-10T10:13:19.890078Z[0m [34mDEBUG[0m [2methereum_transaction_pool_monitor::mempool_monitor[0m[2m:[0m 📨 Processing new pending transaction: 0xed249aa8af1b9ca402d40c6aaa00363840eef9103f457f371a997c564c725405
[2m2025-12-10T10:13:19.890083Z[0m [34mDEBUG[0m [2methereum_transaction_pool_monitor::mempool_monitor[0m[2m:[0m 🔍 Fetching transaction details for: 0xed249aa8af1b9ca402d40c6aaa00363840eef9103f457f371a997c564c725405
[2m2025-12-10T10:13:19.890087Z[0m [34mDEBUG[0m [2methereum_transaction_pool_monitor::eth_client[0m[2m:[0m 🔍 Fetching transaction details for hash: 0xed249aa8af1b9ca402d40c6aaa00363840eef9103f457f371a997c564c725405
[2m2025-12-10T10:13:19.890100Z[0m [34mDEBUG[0m [2mhyper::client::pool[0m[2m:[0m reuse idle connection for ("http", 192.168.0.14:8545)
[2m2025-12-10T10:13:19.890115Z[0m [34mDEBUG[0m [2mhyper::proto::h1::io[0m[2m:[0m flushed 250 bytes
[2m2025-12-10T10:13:19.894197Z[0m [34mDEBUG[0m [2mhyper::proto::h1::io[0m[2m:[0m parsed 4 headers
[2m2025-12-10T10:13:19.894203Z[0m [34mDEBUG[0m [2mhyper::proto::h1::conn[0m[2m:[0m incoming body is content-length (645 bytes)
[2m2025-12-10T10:13:19.894210Z[0m [34mDEBUG[0m [2mhyper::proto::h1::conn[0m[2m:[0m incoming body completed
[2m2025-12-10T10:13:19.894216Z[0m [34mDEBUG[0m [2mhyper::client::pool[0m[2m:[0m pooling idle connection for ("http", 192.168.0.14:8545)
[2m2025-12-10T10:13:19.894222Z[0m [34mDEBUG[0m [2methereum_transaction_pool_monitor::eth_client[0m[2m:[0m 📡 Transaction fetch RPC completed in 4.130375ms
[2m2025-12-10T10:13:19.965582Z[0m [34mDEBUG[0m [2methereum_transaction_pool_monitor::eth_client[0m[2m:[0m ✅ Transaction 0xed249aa8af1b9ca402d40c6aaa00363840eef9103f457f371a997c564c725405 fetched and parsed in 75.487333ms
[2m2025-12-10T10:13:19.965610Z[0m [34mDEBUG[0m [2methereum_transaction_pool_monitor::mempool_monitor[0m[2m:[0m 🔍 Skipping tx 0xed249aa8af1b9ca402d40c6aaa00363840eef9103f457f371a997c564c725405 - not a DEX interaction (target: 0xC819b0508Ba27374763FFc2c7cb49839F56CC6cf)
[2m2025-12-10T10:13:19.965661Z[0m [34mDEBUG[0m [2mhyper::client::pool[0m[2m:[0m reuse idle connection for ("http", 192.168.0.14:8545)
[2m2025-12-10T10:13:19.965713Z[0m [34mDEBUG[0m [2mhyper::proto::h1::io[0m[2m:[0m flushed 172 bytes
[2m2025-12-10T10:13:19.969107Z[0m [34mDEBUG[0m [2mhyper::proto::h1::io[0m[2m:[0m parsed 4 headers
[2m2025-12-10T10:13:19.969639Z[0m [34mDEBUG[0m [2mhyper::proto::h1::conn[0m[2m:[0m incoming body is content-length (45 bytes)
[2m2025-12-10T10:13:19.969647Z[0m [34mDEBUG[0m [2mhyper::proto::h1::conn[0m[2m:[0m incoming body completed
[2m2025-12-10T10:13:19.969655Z[0m [34mDEBUG[0m [2mhyper::client::pool[0m[2m:[0m pooling idle connection for ("http", 192.168.0.14:8545)
[2m2025-12-10T10:13:19.998715Z[0m [34mDEBUG[0m [2mhyper::client::pool[0m[2m:[0m reuse idle connection for ("http", 192.168.0.14:8545)
[2m2025-12-10T10:13:19.998753Z[0m [34mDEBUG[0m [2mhyper::proto::h1::io[0m[2m:[0m flushed 172 bytes
[2m2025-12-10T10:13:20.002105Z[0m [34mDEBUG[0m [2mhyper::proto::h1::io[0m[2m:[0m parsed 4 headers
[2m2025-12-10T10:13:20.002130Z[0m [34mDEBUG[0m [2mhyper::proto::h1::conn[0m[2m:[0m incoming body is content-length (45 bytes)
[2m2025-12-10T10:13:20.002154Z[0m [34mDEBUG[0m [2mhyper::proto::h1::conn[0m[2m:[0m incoming body completed
[2m2025-12-10T10:13:20.002162Z[0m [34mDEBUG[0m [2mhyper::client::pool[0m[2m:[0m pooling idle connection for ("http", 192.168.0.14:8545)
[2m2025-12-10T10:13:20.022385Z[0m [34mDEBUG[0m [2methereum_transaction_pool_monitor::eth_client[0m[2m:[0m 📨 Received WebSocket message: {"jsonrpc":"2.0","method":"eth_subscription","params":{"subscription":"0xbed0a0851463e895960a451075a301a9","result":"0xd3f8e374ed06d3e18bc36487c24855c17c21eb0bc9308945bdbf35e56d863ac0"}}
[2m2025-12-10T10:13:20.022396Z[0m [34mDEBUG[0m [2methereum_transaction_pool_monitor::eth_client[0m[2m:[0m 📨 Received pending transaction: 0xd3f8e374ed06d3e18bc36487c24855c17c21eb0bc9308945bdbf35e56d863ac0
[2m2025-12-10T10:13:20.022403Z[0m [34mDEBUG[0m [2methereum_transaction_pool_monitor::mempool_monitor[0m[2m:[0m 📨 Processing new pending transaction: 0xd3f8e374ed06d3e18bc36487c24855c17c21eb0bc9308945bdbf35e56d863ac0
[2m2025-12-10T10:13:20.022408Z[0m [34mDEBUG[0m [2methereum_transaction_pool_monitor::mempool_monitor[0m[2m:[0m 🔍 Fetching transaction details for: 0xd3f8e374ed06d3e18bc36487c24855c17c21eb0bc9308945bdbf35e56d863ac0
[2m2025-12-10T10:13:20.022413Z[0m [34mDEBUG[0m [2methereum_transaction_pool_monitor::eth_client[0m[2m:[0m 🔍 Fetching transaction details for hash: 0xd3f8e374ed06d3e18bc36487c24855c17c21eb0bc9308945bdbf35e56d863ac0
[2m2025-12-10T10:13:20.022425Z[0m [34mDEBUG[0m [2mhyper::client::pool[0m[2m:[0m reuse idle connection for ("http", 192.168.0.14:8545)
[2m2025-12-10T10:13:20.022440Z[0m [34mDEBUG[0m [2mhyper::proto::h1::io[0m[2m:[0m flushed 250 bytes
[2m2025-12-10T10:13:20.026574Z[0m [34mDEBUG[0m [2mhyper::proto::h1::io[0m[2m:[0m parsed 4 headers
[2m2025-12-10T10:13:20.026595Z[0m [34mDEBUG[0m [2mhyper::proto::h1::conn[0m[2m:[0m incoming body is content-length (643 bytes)
[2m2025-12-10T10:13:20.026616Z[0m [34mDEBUG[0m [2mhyper::proto::h1::conn[0m[2m:[0m incoming body completed
[2m2025-12-10T10:13:20.026623Z[0m [34mDEBUG[0m [2mhyper::client::pool[0m[2m:[0m pooling idle connection for ("http", 192.168.0.14:8545)
[2m2025-12-10T10:13:20.026629Z[0m [34mDEBUG[0m [2methereum_transaction_pool_monitor::eth_client[0m[2m:[0m 📡 Transaction fetch RPC completed in 4.211833ms
[2m2025-12-10T10:13:20.097729Z[0m [34mDEBUG[0m [2methereum_transaction_pool_monitor::eth_client[0m[2m:[0m ✅ Transaction 0xd3f8e374ed06d3e18bc36487c24855c17c21eb0bc9308945bdbf35e56d863ac0 fetched and parsed in 75.308833ms
[2m2025-12-10T10:13:20.097758Z[0m [34mDEBUG[0m [2methereum_transaction_pool_monitor::mempool_monitor[0m[2m:[0m 🔍 Skipping tx 0xd3f8e374ed06d3e18bc36487c24855c17c21eb0bc9308945bdbf35e56d863ac0 - not a DEX interaction (target: 0x17E5545B11b468072283Cee1F066a059Fb0dbF24)
[2m2025-12-10T10:13:20.097817Z[0m [34mDEBUG[0m [2methereum_transaction_pool_monitor::eth_client[0m[2m:[0m 📨 Received WebSocket message: {"jsonrpc":"2.0","method":"eth_subscription","params":{"subscription":"0xbed0a0851463e895960a451075a301a9","result":"0x50d18c94ab54f14d6295ce57fa1a9560b4bcdf73fb98a1c826cd86d9a25715b0"}}
[2m2025-12-10T10:13:20.097826Z[0m [34mDEBUG[0m [2methereum_transaction_pool_monitor::eth_client[0m[2m:[0m 📨 Received pending transaction: 0x50d18c94ab54f14d6295ce57fa1a9560b4bcdf73fb98a1c826cd86d9a25715b0
[2m2025-12-10T10:13:20.097831Z[0m [34mDEBUG[0m [2methereum_transaction_pool_monitor::eth_client[0m[2m:[0m 📨 Received WebSocket message: {"jsonrpc":"2.0","method":"eth_subscription","params":{"subscription":"0xbed0a0851463e895960a451075a301a9","result":"0x15d0c39e35f2ca29073c7e328740fc63699d6748265063786cee68fb6928e656"}}
[2m2025-12-10T10:13:20.097837Z[0m [34mDEBUG[0m [2methereum_transaction_pool_monitor::eth_client[0m[2m:[0m 📨 Received pending transaction: 0x15d0c39e35f2ca29073c7e328740fc63699d6748265063786cee68fb6928e656
[2m2025-12-10T10:13:20.097842Z[0m [34mDEBUG[0m [2methereum_transaction_pool_monitor::eth_client[0m[2m:[0m 📨 Received WebSocket message: {"jsonrpc":"2.0","method":"eth_subscription","params":{"subscription":"0xbed0a0851463e895960a451075a301a9","result":"0x57ae56c41069e37e70ea06a29511f5aad178b03a751614f27f389fb10f078d27"}}
[2m2025-12-10T10:13:20.097847Z[0m [34mDEBUG[0m [2methereum_transaction_pool_monitor::eth_client[0m[2m:[0m 📨 Received pending transaction: 0x57ae56c41069e37e70ea06a29511f5aad178b03a751614f27f389fb10f078d27
[2m2025-12-10T10:13:20.097852Z[0m [34mDEBUG[0m [2methereum_transaction_pool_monitor::mempool_monitor[0m[2m:[0m 📨 Processing new pending transaction: 0x50d18c94ab54f14d6295ce57fa1a9560b4bcdf73fb98a1c826cd86d9a25715b0
[2m2025-12-10T10:13:20.097857Z[0m [34mDEBUG[0m [2methereum_transaction_pool_monitor::mempool_monitor[0m[2m:[0m 🔍 Fetching transaction details for: 0x50d18c94ab54f14d6295ce57fa1a9560b4bcdf73fb98a1c826cd86d9a25715b0
[2m2025-12-10T10:13:20.097861Z[0m [34mDEBUG[0m [2methereum_transaction_pool_monitor::eth_client[0m[2m:[0m 🔍 Fetching transaction details for hash: 0x50d18c94ab54f14d6295ce57fa1a9560b4bcdf73fb98a1c826cd86d9a25715b0
[2m2025-12-10T10:13:20.097879Z[0m [34mDEBUG[0m [2mhyper::client::pool[0m[2m:[0m reuse idle connection for ("http", 192.168.0.14:8545)
[2m2025-12-10T10:13:20.097904Z[0m [34mDEBUG[0m [2mhyper::proto::h1::io[0m[2m:[0m flushed 250 bytes
[2m2025-12-10T10:13:20.097927Z[0m [34mDEBUG[0m [2mhyper::client::pool[0m[2m:[0m reuse idle connection for ("http", 192.168.0.14:8545)
[2m2025-12-10T10:13:20.097940Z[0m [34mDEBUG[0m [2mhyper::proto::h1::io[0m[2m:[0m flushed 172 bytes
[2m2025-12-10T10:13:20.102065Z[0m [34mDEBUG[0m [2mhyper::proto::h1::io[0m[2m:[0m parsed 4 headers
[2m2025-12-10T10:13:20.102089Z[0m [34mDEBUG[0m [2mhyper::proto::h1::conn[0m[2m:[0m incoming body is content-length (45 bytes)
[2m2025-12-10T10:13:20.102113Z[0m [34mDEBUG[0m [2mhyper::proto::h1::conn[0m[2m:[0m incoming body completed
[2m2025-12-10T10:13:20.102125Z[0m [34mDEBUG[0m [2mhyper::client::pool[0m[2m:[0m pooling idle connection for ("http", 192.168.0.14:8545)
[2m2025-12-10T10:13:20.102509Z[0m [34mDEBUG[0m [2mhyper::proto::h1::io[0m[2m:[0m parsed 4 headers
[2m2025-12-10T10:13:20.102516Z[0m [34mDEBUG[0m [2mhyper::proto::h1::conn[0m[2m:[0m incoming body is content-length (648 bytes)
[2m2025-12-10T10:13:20.102524Z[0m [34mDEBUG[0m [2mhyper::proto::h1::conn[0m[2m:[0m incoming body completed
[2m2025-12-10T10:13:20.102531Z[0m [34mDEBUG[0m [2mhyper::client::pool[0m[2m:[0m pooling idle connection for ("http", 192.168.0.14:8545)
[2m2025-12-10T10:13:20.102537Z[0m [34mDEBUG[0m [2methereum_transaction_pool_monitor::eth_client[0m[2m:[0m 📡 Transaction fetch RPC completed in 4.672125ms
[2m2025-12-10T10:13:20.174088Z[0m [34mDEBUG[0m [2methereum_transaction_pool_monitor::eth_client[0m[2m:[0m ✅ Transaction 0x50d18c94ab54f14d6295ce57fa1a9560b4bcdf73fb98a1c826cd86d9a25715b0 fetched and parsed in 76.220792ms
[2m2025-12-10T10:13:20.174116Z[0m [34mDEBUG[0m [2methereum_transaction_pool_monitor::mempool_monitor[0m[2m:[0m 🔍 Skipping tx 0x50d18c94ab54f14d6295ce57fa1a9560b4bcdf73fb98a1c826cd86d9a25715b0 - not a DEX interaction (target: 0xc761693B3F64094c953b3cdcF97b9e31071Dc57F)
[2m2025-12-10T10:13:20.174128Z[0m [34mDEBUG[0m [2methereum_transaction_pool_monitor::mempool_monitor[0m[2m:[0m 📨 Processing new pending transaction: 0x15d0c39e35f2ca29073c7e328740fc63699d6748265063786cee68fb6928e656
[2m2025-12-10T10:13:20.174137Z[0m [34mDEBUG[0m [2methereum_transaction_pool_monitor::mempool_monitor[0m[2m:[0m 🔍 Fetching transaction details for: 0x15d0c39e35f2ca29073c7e328740fc63699d6748265063786cee68fb6928e656
[2m2025-12-10T10:13:20.174143Z[0m [34mDEBUG[0m [2methereum_transaction_pool_monitor::eth_client[0m[2m:[0m 🔍 Fetching transaction details for hash: 0x15d0c39e35f2ca29073c7e328740fc63699d6748265063786cee68fb6928e656
[2m2025-12-10T10:13:20.174166Z[0m [34mDEBUG[0m [2mhyper::client::pool[0m[2m:[0m reuse idle connection for ("http", 192.168.0.14:8545)
[2m2025-12-10T10:13:20.174210Z[0m [34mDEBUG[0m [2mhyper::proto::h1::io[0m[2m:[0m flushed 250 bytes
[2m2025-12-10T10:13:20.179477Z[0m [34mDEBUG[0m [2mhyper::proto::h1::io[0m[2m:[0m parsed 4 headers
[2m2025-12-10T10:13:20.179482Z[0m [34mDEBUG[0m [2mhyper::proto::h1::conn[0m[2m:[0m incoming body is content-length (771 bytes)
[2m2025-12-10T10:13:20.180169Z[0m [34mDEBUG[0m [2mhyper::proto::h1::conn[0m[2m:[0m incoming body completed
[2m2025-12-10T10:13:20.180178Z[0m [34mDEBUG[0m [2mhyper::client::pool[0m[2m:[0m pooling idle connection for ("http", 192.168.0.14:8545)
[2m2025-12-10T10:13:20.180185Z[0m [34mDEBUG[0m [2methereum_transaction_pool_monitor::eth_client[0m[2m:[0m 📡 Transaction fetch RPC completed in 6.033625ms
[2m2025-12-10T10:13:20.259984Z[0m [34mDEBUG[0m [2methereum_transaction_pool_monitor::eth_client[0m[2m:[0m ✅ Transaction 0x15d0c39e35f2ca29073c7e328740fc63699d6748265063786cee68fb6928e656 fetched and parsed in 85.829667ms
[2m2025-12-10T10:13:20.260016Z[0m [34mDEBUG[0m [2methereum_transaction_pool_monitor::mempool_monitor[0m[2m:[0m 🔍 Skipping tx 0x15d0c39e35f2ca29073c7e328740fc63699d6748265063786cee68fb6928e656 - not a DEX interaction (target: 0xE41d2489571d322189246DaFA5ebDe1F4699F498)
[2m2025-12-10T10:13:20.260029Z[0m [34mDEBUG[0m [2methereum_transaction_pool_monitor::mempool_monitor[0m[2m:[0m 📨 Processing new pending transaction: 0x57ae56c41069e37e70ea06a29511f5aad178b03a751614f27f389fb10f078d27
[2m2025-12-10T10:13:20.260042Z[0m [34mDEBUG[0m [2methereum_transaction_pool_monitor::mempool_monitor[0m[2m:[0m 🔍 Fetching transaction details for: 0x57ae56c41069e37e70ea06a29511f5aad178b03a751614f27f389fb10f078d27
[2m2025-12-10T10:13:20.260052Z[0m [34mDEBUG[0m [2methereum_transaction_pool_monitor::eth_client[0m[2m:[0m 🔍 Fetching transaction details for hash: 0x57ae56c41069e37e70ea06a29511f5aad178b03a751614f27f389fb10f078d27
[2m2025-12-10T10:13:20.260074Z[0m [34mDEBUG[0m [2mhyper::client::pool[0m[2m:[0m reuse idle connection for ("http", 192.168.0.14:8545)
[2m2025-12-10T10:13:20.260112Z[0m [34mDEBUG[0m [2mhyper::proto::h1::io[0m[2m:[0m flushed 250 bytes
[2m2025-12-10T10:13:20.260135Z[0m [34mDEBUG[0m [2mhyper::client::pool[0m[2m:[0m reuse idle connection for ("http", 192.168.0.14:8545)
[2m2025-12-10T10:13:20.260145Z[0m [34mDEBUG[0m [2methereum_transaction_pool_monitor::eth_client[0m[2m:[0m 📨 Received WebSocket message: {"jsonrpc":"2.0","method":"eth_subscription","params":{"subscription":"0xbed0a0851463e895960a451075a301a9","result":"0x4c1fa8492bbba83c00935dbba2e76138062495e8dbfc78147da0877cde7cf637"}}
[2m2025-12-10T10:13:20.260151Z[0m [34mDEBUG[0m [2mhyper::proto::h1::io[0m[2m:[0m flushed 172 bytes
[2m2025-12-10T10:13:20.260167Z[0m [34mDEBUG[0m [2methereum_transaction_pool_monitor::eth_client[0m[2m:[0m 📨 Received pending transaction: 0x4c1fa8492bbba83c00935dbba2e76138062495e8dbfc78147da0877cde7cf637
[2m2025-12-10T10:13:20.265265Z[0m [34mDEBUG[0m [2mhyper::proto::h1::io[0m[2m:[0m parsed 4 headers
[2m2025-12-10T10:13:20.265272Z[0m [34mDEBUG[0m [2mhyper::proto::h1::conn[0m[2m:[0m incoming body is content-length (45 bytes)
[2m2025-12-10T10:13:20.265282Z[0m [34mDEBUG[0m [2mhyper::proto::h1::conn[0m[2m:[0m incoming body completed
[2m2025-12-10T10:13:20.265295Z[0m [34mDEBUG[0m [2mhyper::client::pool[0m[2m:[0m pooling idle connection for ("http", 192.168.0.14:8545)
[2m2025-12-10T10:13:20.265314Z[0m [34mDEBUG[0m [2mhyper::proto::h1::io[0m[2m:[0m parsed 4 headers
[2m2025-12-10T10:13:20.265318Z[0m [34mDEBUG[0m [2mhyper::proto::h1::conn[0m[2m:[0m incoming body is content-length (711 bytes)
[2m2025-12-10T10:13:20.265323Z[0m [34mDEBUG[0m [2mhyper::proto::h1::conn[0m[2m:[0m incoming body completed
[2m2025-12-10T10:13:20.265328Z[0m [34mDEBUG[0m [2mhyper::client::pool[0m[2m:[0m pooling idle connection for ("http", 192.168.0.14:8545)
[2m2025-12-10T10:13:20.265333Z[0m [34mDEBUG[0m [2methereum_transaction_pool_monitor::eth_client[0m[2m:[0m 📡 Transaction fetch RPC completed in 5.274959ms
[2m2025-12-10T10:13:20.336328Z[0m [34mDEBUG[0m [2methereum_transaction_pool_monitor::eth_client[0m[2m:[0m ✅ Transaction 0x57ae56c41069e37e70ea06a29511f5aad178b03a751614f27f389fb10f078d27 fetched and parsed in 76.267417ms
[2m2025-12-10T10:13:20.336356Z[0m [34mDEBUG[0m [2methereum_transaction_pool_monitor::mempool_monitor[0m[2m:[0m 🔍 Skipping tx 0x57ae56c41069e37e70ea06a29511f5aad178b03a751614f27f389fb10f078d27 - not a DEX interaction (target: 0xF367eA631428f6E3e0b31f3FDBd212722A4fA91D)
[2m2025-12-10T10:13:20.336369Z[0m [34mDEBUG[0m [2methereum_transaction_pool_monitor::mempool_monitor[0m[2m:[0m 📨 Processing new pending transaction: 0x4c1fa8492bbba83c00935dbba2e76138062495e8dbfc78147da0877cde7cf637
[2m2025-12-10T10:13:20.336376Z[0m [34mDEBUG[0m [2methereum_transaction_pool_monitor::mempool_monitor[0m[2m:[0m 🔍 Fetching transaction details for: 0x4c1fa8492bbba83c00935dbba2e76138062495e8dbfc78147da0877cde7cf637
[2m2025-12-10T10:13:20.336381Z[0m [34mDEBUG[0m [2methereum_transaction_pool_monitor::eth_client[0m[2m:[0m 🔍 Fetching transaction details for hash: 0x4c1fa8492bbba83c00935dbba2e76138062495e8dbfc78147da0877cde7cf637
[2m2025-12-10T10:13:20.336402Z[0m [34mDEBUG[0m [2mhyper::client::pool[0m[2m:[0m reuse idle connection for ("http", 192.168.0.14:8545)
[2m2025-12-10T10:13:20.336442Z[0m [34mDEBUG[0m [2mhyper::proto::h1::io[0m[2m:[0m flushed 250 bytes
[2m2025-12-10T10:13:20.336463Z[0m [34mDEBUG[0m [2mhyper::client::pool[0m[2m:[0m reuse idle connection for ("http", 192.168.0.14:8545)
[2m2025-12-10T10:13:20.336476Z[0m [34mDEBUG[0m [2methereum_transaction_pool_monitor::eth_client[0m[2m:[0m 📨 Received WebSocket message: {"jsonrpc":"2.0","method":"eth_subscription","params":{"subscription":"0xbed0a0851463e895960a451075a301a9","result":"0x6867e3955ea2a5868e4a97f75224dc4a0fc625641eeae57dd03c0cd1369f1dc3"}}
[2m2025-12-10T10:13:20.336490Z[0m [34mDEBUG[0m [2methereum_transaction_pool_monitor::eth_client[0m[2m:[0m 📨 Received pending transaction: 0x6867e3955ea2a5868e4a97f75224dc4a0fc625641eeae57dd03c0cd1369f1dc3
[2m2025-12-10T10:13:20.336478Z[0m [34mDEBUG[0m [2mhyper::proto::h1::io[0m[2m:[0m flushed 172 bytes
[2m2025-12-10T10:13:20.341775Z[0m [34mDEBUG[0m [2mhyper::proto::h1::io[0m[2m:[0m parsed 4 headers
[2m2025-12-10T10:13:20.341800Z[0m [34mDEBUG[0m [2mhyper::proto::h1::conn[0m[2m:[0m incoming body is content-length (45 bytes)
[2m2025-12-10T10:13:20.341826Z[0m [34mDEBUG[0m [2mhyper::proto::h1::conn[0m[2m:[0m incoming body completed
[2m2025-12-10T10:13:20.341837Z[0m [34mDEBUG[0m [2mhyper::client::pool[0m[2m:[0m pooling idle connection for ("http", 192.168.0.14:8545)
[2m2025-12-10T10:13:20.345170Z[0m [34mDEBUG[0m [2mhyper::proto::h1::io[0m[2m:[0m parsed 4 headers
[2m2025-12-10T10:13:20.345192Z[0m [34mDEBUG[0m [2mhyper::proto::h1::conn[0m[2m:[0m incoming body is content-length (830 bytes)
[2m2025-12-10T10:13:20.345211Z[0m [34mDEBUG[0m [2mhyper::proto::h1::conn[0m[2m:[0m incoming body completed
[2m2025-12-10T10:13:20.345229Z[0m [34mDEBUG[0m [2mhyper::client::pool[0m[2m:[0m pooling idle connection for ("http", 192.168.0.14:8545)
[2m2025-12-10T10:13:20.345234Z[0m [34mDEBUG[0m [2methereum_transaction_pool_monitor::eth_client[0m[2m:[0m 📡 Transaction fetch RPC completed in 8.8485ms
[2m2025-12-10T10:13:20.416557Z[0m [34mDEBUG[0m [2methereum_transaction_pool_monitor::eth_client[0m[2m:[0m ✅ Transaction 0x4c1fa8492bbba83c00935dbba2e76138062495e8dbfc78147da0877cde7cf637 fetched and parsed in 80.169625ms
[2m2025-12-10T10:13:20.416585Z[0m [34mDEBUG[0m [2methereum_transaction_pool_monitor::mempool_monitor[0m[2m:[0m 🔍 Skipping tx 0x4c1fa8492bbba83c00935dbba2e76138062495e8dbfc78147da0877cde7cf637 - not a DEX interaction (target: 0x3B4D794a66304F130a4Db8F2551B0070dfCf5ca7)
[2m2025-12-10T10:13:20.416596Z[0m [34mDEBUG[0m [2methereum_transaction_pool_monitor::mempool_monitor[0m[2m:[0m 📨 Processing new pending transaction: 0x6867e3955ea2a5868e4a97f75224dc4a0fc625641eeae57dd03c0cd1369f1dc3
[2m2025-12-10T10:13:20.416609Z[0m [34mDEBUG[0m [2methereum_transaction_pool_monitor::mempool_monitor[0m[2m:[0m 🔍 Fetching transaction details for: 0x6867e3955ea2a5868e4a97f75224dc4a0fc625641eeae57dd03c0cd1369f1dc3
[2m2025-12-10T10:13:20.416618Z[0m [34mDEBUG[0m [2methereum_transaction_pool_monitor::eth_client[0m[2m:[0m 🔍 Fetching transaction details for hash: 0x6867e3955ea2a5868e4a97f75224dc4a0fc625641eeae57dd03c0cd1369f1dc3
[2m2025-12-10T10:13:20.416640Z[0m [34mDEBUG[0m [2mhyper::client::pool[0m[2m:[0m reuse idle connection for ("http", 192.168.0.14:8545)
[2m2025-12-10T10:13:20.416680Z[0m [34mDEBUG[0m [2mhyper::proto::h1::io[0m[2m:[0m flushed 250 bytes
[2m2025-12-10T10:13:20.416701Z[0m [34mDEBUG[0m [2mhyper::client::pool[0m[2m:[0m reuse idle connection for ("http", 192.168.0.14:8545)
[2m2025-12-10T10:13:20.416716Z[0m [34mDEBUG[0m [2methereum_transaction_pool_monitor::eth_client[0m[2m:[0m 📨 Received WebSocket message: {"jsonrpc":"2.0","method":"eth_subscription","params":{"subscription":"0xbed0a0851463e895960a451075a301a9","result":"0xf1c095b3038fcd22ccc3753170f9ce170d640cfecf2a4735230eca62eb0cbc66"}}
[2m2025-12-10T10:13:20.416719Z[0m [34mDEBUG[0m [2mhyper::proto::h1::io[0m[2m:[0m flushed 172 bytes
[2m2025-12-10T10:13:20.416736Z[0m [34mDEBUG[0m [2methereum_transaction_pool_monitor::eth_client[0m[2m:[0m 📨 Received pending transaction: 0xf1c095b3038fcd22ccc3753170f9ce170d640cfecf2a4735230eca62eb0cbc66
[2m2025-12-10T10:13:20.416753Z[0m [34mDEBUG[0m [2methereum_transaction_pool_monitor::eth_client[0m[2m:[0m 📨 Received WebSocket message: {"jsonrpc":"2.0","method":"eth_subscription","params":{"subscription":"0xbed0a0851463e895960a451075a301a9","result":"0xf782aa3e252e0e72180cd1c44a0a30bbf96dea318b7c0d529220eb92bb323adb"}}
[2m2025-12-10T10:13:20.416791Z[0m [34mDEBUG[0m [2methereum_transaction_pool_monitor::eth_client[0m[2m:[0m 📨 Received pending transaction: 0xf782aa3e252e0e72180cd1c44a0a30bbf96dea318b7c0d529220eb92bb323adb
[2m2025-12-10T10:13:20.420595Z[0m [34mDEBUG[0m [2mhyper::proto::h1::io[0m[2m:[0m parsed 4 headers
[2m2025-12-10T10:13:20.420601Z[0m [34mDEBUG[0m [2mhyper::proto::h1::conn[0m[2m:[0m incoming body is content-length (45 bytes)
[2m2025-12-10T10:13:20.420608Z[0m [34mDEBUG[0m [2mhyper::proto::h1::conn[0m[2m:[0m incoming body completed
[2m2025-12-10T10:13:20.420616Z[0m [34mDEBUG[0m [2mhyper::client::pool[0m[2m:[0m pooling idle connection for ("http", 192.168.0.14:8545)
[2m2025-12-10T10:13:20.420634Z[0m [34mDEBUG[0m [2mhyper::proto::h1::io[0m[2m:[0m parsed 4 headers
[2m2025-12-10T10:13:20.420640Z[0m [34mDEBUG[0m [2mhyper::proto::h1::conn[0m[2m:[0m incoming body is content-length (642 bytes)
[2m2025-12-10T10:13:20.420646Z[0m [34mDEBUG[0m [2mhyper::proto::h1::conn[0m[2m:[0m incoming body completed
[2m2025-12-10T10:13:20.420654Z[0m [34mDEBUG[0m [2mhyper::client::pool[0m[2m:[0m pooling idle connection for ("http", 192.168.0.14:8545)
[2m2025-12-10T10:13:20.420662Z[0m [34mDEBUG[0m [2methereum_transaction_pool_monitor::eth_client[0m[2m:[0m 📡 Transaction fetch RPC completed in 4.035417ms
[2m2025-12-10T10:13:20.492357Z[0m [34mDEBUG[0m [2methereum_transaction_pool_monitor::eth_client[0m[2m:[0m ✅ Transaction 0x6867e3955ea2a5868e4a97f75224dc4a0fc625641eeae57dd03c0cd1369f1dc3 fetched and parsed in 75.729084ms
[2m2025-12-10T10:13:20.492379Z[0m [34mDEBUG[0m [2methereum_transaction_pool_monitor::mempool_monitor[0m[2m:[0m 🔍 Skipping tx 0x6867e3955ea2a5868e4a97f75224dc4a0fc625641eeae57dd03c0cd1369f1dc3 - not a DEX interaction (target: 0x307576Dd4F73f91BB8c4A2EdB762938E8e067d31)
[2m2025-12-10T10:13:20.492389Z[0m [34mDEBUG[0m [2methereum_transaction_pool_monitor::mempool_monitor[0m[2m:[0m 📨 Processing new pending transaction: 0xf1c095b3038fcd22ccc3753170f9ce170d640cfecf2a4735230eca62eb0cbc66
[2m2025-12-10T10:13:20.492395Z[0m [34mDEBUG[0m [2methereum_transaction_pool_monitor::mempool_monitor[0m[2m:[0m 🔍 Fetching transaction details for: 0xf1c095b3038fcd22ccc3753170f9ce170d640cfecf2a4735230eca62eb0cbc66
[2m2025-12-10T10:13:20.492401Z[0m [34mDEBUG[0m [2methereum_transaction_pool_monitor::eth_client[0m[2m:[0m 🔍 Fetching transaction details for hash: 0xf1c095b3038fcd22ccc3753170f9ce170d640cfecf2a4735230eca62eb0cbc66
[2m2025-12-10T10:13:20.492424Z[0m [34mDEBUG[0m [2mhyper::client::pool[0m[2m:[0m reuse idle connection for ("http", 192.168.0.14:8545)
[2m2025-12-10T10:13:20.492467Z[0m [34mDEBUG[0m [2mhyper::proto::h1::io[0m[2m:[0m flushed 250 bytes
[2m2025-12-10T10:13:20.492487Z[0m [34mDEBUG[0m [2methereum_transaction_pool_monitor::eth_client[0m[2m:[0m 📨 Received WebSocket message: {"jsonrpc":"2.0","method":"eth_subscription","params":{"subscription":"0xbed0a0851463e895960a451075a301a9","result":"0xb44cfe44cc829857f59aa02f96e0faafb8f70de8f24a1cfe8283aeee6258cbdf"}}
[2m2025-12-10T10:13:20.492495Z[0m [34mDEBUG[0m [2methereum_transaction_pool_monitor::eth_client[0m[2m:[0m 📨 Received pending transaction: 0xb44cfe44cc829857f59aa02f96e0faafb8f70de8f24a1cfe8283aeee6258cbdf
[2m2025-12-10T10:13:20.496504Z[0m [34mDEBUG[0m [2mhyper::proto::h1::io[0m[2m:[0m parsed 4 headers
[2m2025-12-10T10:13:20.496528Z[0m [34mDEBUG[0m [2mhyper::proto::h1::conn[0m[2m:[0m incoming body is content-length (552 bytes)
[2m2025-12-10T10:13:20.496554Z[0m [34mDEBUG[0m [2mhyper::proto::h1::conn[0m[2m:[0m incoming body completed
[2m2025-12-10T10:13:20.496580Z[0m [34mDEBUG[0m [2mhyper::client::pool[0m[2m:[0m pooling idle connection for ("http", 192.168.0.14:8545)
[2m2025-12-10T10:13:20.496588Z[0m [34mDEBUG[0m [2methereum_transaction_pool_monitor::eth_client[0m[2m:[0m 📡 Transaction fetch RPC completed in 4.181458ms
[2m2025-12-10T10:13:20.568343Z[0m [34mDEBUG[0m [2methereum_transaction_pool_monitor::eth_client[0m[2m:[0m ✅ Transaction 0xf1c095b3038fcd22ccc3753170f9ce170d640cfecf2a4735230eca62eb0cbc66 fetched and parsed in 75.935292ms
[2m2025-12-10T10:13:20.568370Z[0m [34mDEBUG[0m [2methereum_transaction_pool_monitor::mempool_monitor[0m[2m:[0m 🔍 Skipping tx 0xf1c095b3038fcd22ccc3753170f9ce170d640cfecf2a4735230eca62eb0cbc66 - not a DEX interaction (target: 0x4156bb6462425433E7B7298219AA437D54BC9ddF)
[2m2025-12-10T10:13:20.568382Z[0m [34mDEBUG[0m [2methereum_transaction_pool_monitor::mempool_monitor[0m[2m:[0m 📨 Processing new pending transaction: 0xf782aa3e252e0e72180cd1c44a0a30bbf96dea318b7c0d529220eb92bb323adb
[2m2025-12-10T10:13:20.568389Z[0m [34mDEBUG[0m [2methereum_transaction_pool_monitor::mempool_monitor[0m[2m:[0m 🔍 Fetching transaction details for: 0xf782aa3e252e0e72180cd1c44a0a30bbf96dea318b7c0d529220eb92bb323adb
[2m2025-12-10T10:13:20.568394Z[0m [34mDEBUG[0m [2methereum_transaction_pool_monitor::eth_client[0m[2m:[0m 🔍 Fetching transaction details for hash: 0xf782aa3e252e0e72180cd1c44a0a30bbf96dea318b7c0d529220eb92bb323adb
[2m2025-12-10T10:13:20.568413Z[0m [34mDEBUG[0m [2mhyper::client::pool[0m[2m:[0m reuse idle connection for ("http", 192.168.0.14:8545)
[2m2025-12-10T10:13:20.568446Z[0m [34mDEBUG[0m [2mhyper::proto::h1::io[0m[2m:[0m flushed 250 bytes
[2m2025-12-10T10:13:20.568467Z[0m [34mDEBUG[0m [2mhyper::client::pool[0m[2m:[0m reuse idle connection for ("http", 192.168.0.14:8545)
[2m2025-12-10T10:13:20.568478Z[0m [34mDEBUG[0m [2methereum_transaction_pool_monitor::eth_client[0m[2m:[0m 📨 Received WebSocket message: {"jsonrpc":"2.0","method":"eth_subscription","params":{"subscription":"0xbed0a0851463e895960a451075a301a9","result":"0x4534c1d92e5a57962193b31b852df31294e351fbd0a1d038ae096430b638b1e3"}}
[2m2025-12-10T10:13:20.568480Z[0m [34mDEBUG[0m [2mhyper::proto::h1::io[0m[2m:[0m flushed 172 bytes
[2m2025-12-10T10:13:20.568493Z[0m [34mDEBUG[0m [2methereum_transaction_pool_monitor::eth_client[0m[2m:[0m 📨 Received pending transaction: 0x4534c1d92e5a57962193b31b852df31294e351fbd0a1d038ae096430b638b1e3
[2m2025-12-10T10:13:20.568503Z[0m [34mDEBUG[0m [2methereum_transaction_pool_monitor::eth_client[0m[2m:[0m 📨 Received WebSocket message: {"jsonrpc":"2.0","method":"eth_subscription","params":{"subscription":"0xbed0a0851463e895960a451075a301a9","result":"0xb1c36b2b2dcc6bf909d483c1545d4c4b1d9bc11bc4143144043a13f4183854a7"}}
[2m2025-12-10T10:13:20.569242Z[0m [34mDEBUG[0m [2methereum_transaction_pool_monitor::eth_client[0m[2m:[0m 📨 Received pending transaction: 0xb1c36b2b2dcc6bf909d483c1545d4c4b1d9bc11bc4143144043a13f4183854a7
[2m2025-12-10T10:13:20.574469Z[0m [34mDEBUG[0m [2mhyper::proto::h1::io[0m[2m:[0m parsed 4 headers
[2m2025-12-10T10:13:20.574492Z[0m [34mDEBUG[0m [2mhyper::proto::h1::conn[0m[2m:[0m incoming body is content-length (45 bytes)
[2m2025-12-10T10:13:20.574518Z[0m [34mDEBUG[0m [2mhyper::proto::h1::conn[0m[2m:[0m incoming body completed
[2m2025-12-10T10:13:20.574529Z[0m [34mDEBUG[0m [2mhyper::client::pool[0m[2m:[0m pooling idle connection for ("http", 192.168.0.14:8545)
[2m2025-12-10T10:13:20.574844Z[0m [34mDEBUG[0m [2mhyper::proto::h1::io[0m[2m:[0m parsed 4 headers
[2m2025-12-10T10:13:20.574849Z[0m [34mDEBUG[0m [2mhyper::proto::h1::conn[0m[2m:[0m incoming body is content-length (655 bytes)
[2m2025-12-10T10:13:20.574853Z[0m [34mDEBUG[0m [2mhyper::proto::h1::conn[0m[2m:[0m incoming body completed
[2m2025-12-10T10:13:20.574858Z[0m [34mDEBUG[0m [2mhyper::client::pool[0m[2m:[0m pooling idle connection for ("http", 192.168.0.14:8545)
[2m2025-12-10T10:13:20.574864Z[0m [34mDEBUG[0m [2methereum_transaction_pool_monitor::eth_client[0m[2m:[0m 📡 Transaction fetch RPC completed in 6.465333ms
[2m2025-12-10T10:13:20.646940Z[0m [34mDEBUG[0m [2methereum_transaction_pool_monitor::eth_client[0m[2m:[0m ✅ Transaction 0xf782aa3e252e0e72180cd1c44a0a30bbf96dea318b7c0d529220eb92bb323adb fetched and parsed in 78.539541ms
[2m2025-12-10T10:13:20.646970Z[0m [34mDEBUG[0m [2methereum_transaction_pool_monitor::mempool_monitor[0m[2m:[0m 🔍 Skipping tx 0xf782aa3e252e0e72180cd1c44a0a30bbf96dea318b7c0d529220eb92bb323adb - not a DEX interaction (target: 0xDa264514ac9B13a5c6D547e8803F97D8CdA61596)
[2m2025-12-10T10:13:20.646981Z[0m [34mDEBUG[0m [2methereum_transaction_pool_monitor::mempool_monitor[0m[2m:[0m 📨 Processing new pending transaction: 0xb44cfe44cc829857f59aa02f96e0faafb8f70de8f24a1cfe8283aeee6258cbdf
[2m2025-12-10T10:13:20.646996Z[0m [34mDEBUG[0m [2methereum_transaction_pool_monitor::mempool_monitor[0m[2m:[0m 🔍 Fetching transaction details for: 0xb44cfe44cc829857f59aa02f96e0faafb8f70de8f24a1cfe8283aeee6258cbdf
[2m2025-12-10T10:13:20.647004Z[0m [34mDEBUG[0m [2methereum_transaction_pool_monitor::eth_client[0m[2m:[0m 🔍 Fetching transaction details for hash: 0xb44cfe44cc829857f59aa02f96e0faafb8f70de8f24a1cfe8283aeee6258cbdf
[2m2025-12-10T10:13:20.647025Z[0m [34mDEBUG[0m [2mhyper::client::pool[0m[2m:[0m reuse idle connection for ("http", 192.168.0.14:8545)
[2m2025-12-10T10:13:20.647064Z[0m [34mDEBUG[0m [2mhyper::proto::h1::io[0m[2m:[0m flushed 250 bytes
[2m2025-12-10T10:13:20.647093Z[0m [34mDEBUG[0m [2mhyper::client::pool[0m[2m:[0m reuse idle connection for ("http", 192.168.0.14:8545)
[2m2025-12-10T10:13:20.647111Z[0m [34mDEBUG[0m [2mhyper::proto::h1::io[0m[2m:[0m flushed 172 bytes
[2m2025-12-10T10:13:20.658727Z[0m [34mDEBUG[0m [2mhyper::proto::h1::io[0m[2m:[0m parsed 4 headers
[2m2025-12-10T10:13:20.658907Z[0m [34mDEBUG[0m [2mhyper::proto::h1::conn[0m[2m:[0m incoming body is content-length (766 bytes)
[2m2025-12-10T10:13:20.658918Z[0m [34mDEBUG[0m [2mhyper::proto::h1::conn[0m[2m:[0m incoming body completed
[2m2025-12-10T10:13:20.658928Z[0m [34mDEBUG[0m [2mhyper::client::pool[0m[2m:[0m pooling idle connection for ("http", 192.168.0.14:8545)
[2m2025-12-10T10:13:20.658939Z[0m [34mDEBUG[0m [2methereum_transaction_pool_monitor::eth_client[0m[2m:[0m 📡 Transaction fetch RPC completed in 11.927041ms
[2m2025-12-10T10:13:20.658953Z[0m [34mDEBUG[0m [2methereum_transaction_pool_monitor::eth_client[0m[2m:[0m DeFi transaction detected - Address: 0xdac17f958d2ee523a2206206994597c13d831ec7, Type: Stablecoin, Value: 0 ETH, Gas: 0.21 Gwei
[2m2025-12-10T10:13:20.658968Z[0m [34mDEBUG[0m [2methereum_transaction_pool_monitor::eth_client[0m[2m:[0m ✅ Transaction 0xb44cfe44cc829857f59aa02f96e0faafb8f70de8f24a1cfe8283aeee6258cbdf fetched and parsed in 11.9565ms
[2m2025-12-10T10:13:20.658977Z[0m [34mDEBUG[0m [2methereum_transaction_pool_monitor::mempool_monitor[0m[2m:[0m 🔍 Skipping tx 0xb44cfe44cc829857f59aa02f96e0faafb8f70de8f24a1cfe8283aeee6258cbdf - not a DEX interaction (target: 0xdAC17F958D2ee523a2206206994597C13D831ec7)
[2m2025-12-10T10:13:20.658985Z[0m [34mDEBUG[0m [2methereum_transaction_pool_monitor::mempool_monitor[0m[2m:[0m 📨 Processing new pending transaction: 0x4534c1d92e5a57962193b31b852df31294e351fbd0a1d038ae096430b638b1e3
[2m2025-12-10T10:13:20.658992Z[0m [34mDEBUG[0m [2methereum_transaction_pool_monitor::mempool_monitor[0m[2m:[0m 🔍 Fetching transaction details for: 0x4534c1d92e5a57962193b31b852df31294e351fbd0a1d038ae096430b638b1e3
[2m2025-12-10T10:13:20.658996Z[0m [34mDEBUG[0m [2methereum_transaction_pool_monitor::eth_client[0m[2m:[0m 🔍 Fetching transaction details for hash: 0x4534c1d92e5a57962193b31b852df31294e351fbd0a1d038ae096430b638b1e3
[2m2025-12-10T10:13:20.659004Z[0m [34mDEBUG[0m [2mhyper::client::pool[0m[2m:[0m reuse idle connection for ("http", 192.168.0.14:8545)
[2m2025-12-10T10:13:20.659017Z[0m [34mDEBUG[0m [2mhyper::proto::h1::io[0m[2m:[0m flushed 250 bytes
[2m2025-12-10T10:13:20.659025Z[0m [34mDEBUG[0m [2mhyper::proto::h1::io[0m[2m:[0m parsed 4 headers
[2m2025-12-10T10:13:20.659030Z[0m [34mDEBUG[0m [2mhyper::proto::h1::conn[0m[2m:[0m incoming body is content-length (45 bytes)
[2m2025-12-10T10:13:20.659034Z[0m [34mDEBUG[0m [2mhyper::proto::h1::conn[0m[2m:[0m incoming body completed
[2m2025-12-10T10:13:20.659039Z[0m [34mDEBUG[0m [2mhyper::client::pool[0m[2m:[0m pooling idle connection for ("http", 192.168.0.14:8545)
[2m2025-12-10T10:13:20.664026Z[0m [34mDEBUG[0m [2methereum_transaction_pool_monitor::eth_client[0m[2m:[0m 📨 Received WebSocket message: {"jsonrpc":"2.0","method":"eth_subscription","params":{"subscription":"0xbed0a0851463e895960a451075a301a9","result":"0xbc73047926f2c0bd6131cce48a2dd6e292196f269c974cee2541f188d1ad396d"}}
[2m2025-12-10T10:13:20.669225Z[0m [34mDEBUG[0m [2methereum_transaction_pool_monitor::eth_client[0m[2m:[0m 📨 Received pending transaction: 0xbc73047926f2c0bd6131cce48a2dd6e292196f269c974cee2541f188d1ad396d
[2m2025-12-10T10:13:20.671137Z[0m [34mDEBUG[0m [2mhyper::proto::h1::io[0m[2m:[0m parsed 4 headers
[2m2025-12-10T10:13:20.671142Z[0m [34mDEBUG[0m [2mhyper::proto::h1::conn[0m[2m:[0m incoming body is content-length (677 bytes)
[2m2025-12-10T10:13:20.671147Z[0m [34mDEBUG[0m [2mhyper::proto::h1::conn[0m[2m:[0m incoming body completed
[2m2025-12-10T10:13:20.671152Z[0m [34mDEBUG[0m [2mhyper::client::pool[0m[2m:[0m pooling idle connection for ("http", 192.168.0.14:8545)
[2m2025-12-10T10:13:20.671156Z[0m [34mDEBUG[0m [2methereum_transaction_pool_monitor::eth_client[0m[2m:[0m 📡 Transaction fetch RPC completed in 12.155583ms
[2m2025-12-10T10:13:20.671165Z[0m [34mDEBUG[0m [2methereum_transaction_pool_monitor::eth_client[0m[2m:[0m DeFi transaction detected - Address: 0xdac17f958d2ee523a2206206994597c13d831ec7, Type: Stablecoin, Value: 0 ETH, Gas: 1.00 Gwei
[2m2025-12-10T10:13:20.671174Z[0m [34mDEBUG[0m [2methereum_transaction_pool_monitor::eth_client[0m[2m:[0m ✅ Transaction 0x4534c1d92e5a57962193b31b852df31294e351fbd0a1d038ae096430b638b1e3 fetched and parsed in 12.173625ms
[2m2025-12-10T10:13:20.671179Z[0m [34mDEBUG[0m [2methereum_transaction_pool_monitor::mempool_monitor[0m[2m:[0m 🔍 Skipping tx 0x4534c1d92e5a57962193b31b852df31294e351fbd0a1d038ae096430b638b1e3 - not a DEX interaction (target: 0xdAC17F958D2ee523a2206206994597C13D831ec7)
[2m2025-12-10T10:13:20.671185Z[0m [34mDEBUG[0m [2methereum_transaction_pool_monitor::mempool_monitor[0m[2m:[0m 📨 Processing new pending transaction: 0xb1c36b2b2dcc6bf909d483c1545d4c4b1d9bc11bc4143144043a13f4183854a7
[2m2025-12-10T10:13:20.671189Z[0m [34mDEBUG[0m [2methereum_transaction_pool_monitor::mempool_monitor[0m[2m:[0m 🔍 Fetching transaction details for: 0xb1c36b2b2dcc6bf909d483c1545d4c4b1d9bc11bc4143144043a13f4183854a7
[2m2025-12-10T10:13:20.671193Z[0m [34mDEBUG[0m [2methereum_transaction_pool_monitor::eth_client[0m[2m:[0m 🔍 Fetching transaction details for hash: 0xb1c36b2b2dcc6bf909d483c1545d4c4b1d9bc11bc4143144043a13f4183854a7
[2m2025-12-10T10:13:20.671200Z[0m [34mDEBUG[0m [2mhyper::client::pool[0m[2m:[0m reuse idle connection for ("http", 192.168.0.14:8545)
[2m2025-12-10T10:13:20.671212Z[0m [34mDEBUG[0m [2mhyper::proto::h1::io[0m[2m:[0m flushed 250 bytes
[2m2025-12-10T10:13:20.676795Z[0m [34mDEBUG[0m [2mhyper::proto::h1::io[0m[2m:[0m parsed 4 headers
[2m2025-12-10T10:13:20.676801Z[0m [34mDEBUG[0m [2mhyper::proto::h1::conn[0m[2m:[0m incoming body is content-length (830 bytes)
[2m2025-12-10T10:13:20.676808Z[0m [34mDEBUG[0m [2mhyper::proto::h1::conn[0m[2m:[0m incoming body completed
[2m2025-12-10T10:13:20.676813Z[0m [34mDEBUG[0m [2mhyper::client::pool[0m[2m:[0m pooling idle connection for ("http", 192.168.0.14:8545)
[2m2025-12-10T10:13:20.676817Z[0m [34mDEBUG[0m [2methereum_transaction_pool_monitor::eth_client[0m[2m:[0m 📡 Transaction fetch RPC completed in 5.621083ms
[2m2025-12-10T10:13:20.747605Z[0m [34mDEBUG[0m [2methereum_transaction_pool_monitor::eth_client[0m[2m:[0m ✅ Transaction 0xb1c36b2b2dcc6bf909d483c1545d4c4b1d9bc11bc4143144043a13f4183854a7 fetched and parsed in 76.405667ms
[2m2025-12-10T10:13:20.747630Z[0m [34mDEBUG[0m [2methereum_transaction_pool_monitor::mempool_monitor[0m[2m:[0m 🔍 Skipping tx 0xb1c36b2b2dcc6bf909d483c1545d4c4b1d9bc11bc4143144043a13f4183854a7 - not a DEX interaction (target: 0x3B4D794a66304F130a4Db8F2551B0070dfCf5ca7)
[2m2025-12-10T10:13:20.747640Z[0m [34mDEBUG[0m [2methereum_transaction_pool_monitor::mempool_monitor[0m[2m:[0m 📨 Processing new pending transaction: 0xbc73047926f2c0bd6131cce48a2dd6e292196f269c974cee2541f188d1ad396d
[2m2025-12-10T10:13:20.747647Z[0m [34mDEBUG[0m [2methereum_transaction_pool_monitor::mempool_monitor[0m[2m:[0m 🔍 Fetching transaction details for: 0xbc73047926f2c0bd6131cce48a2dd6e292196f269c974cee2541f188d1ad396d
[2m2025-12-10T10:13:20.747653Z[0m [34mDEBUG[0m [2methereum_transaction_pool_monitor::eth_client[0m[2m:[0m 🔍 Fetching transaction details for hash: 0xbc73047926f2c0bd6131cce48a2dd6e292196f269c974cee2541f188d1ad396d
[2m2025-12-10T10:13:20.747675Z[0m [34mDEBUG[0m [2mhyper::client::pool[0m[2m:[0m reuse idle connection for ("http", 192.168.0.14:8545)
[2m2025-12-10T10:13:20.747712Z[0m [34mDEBUG[0m [2mhyper::proto::h1::io[0m[2m:[0m flushed 250 bytes
[2m2025-12-10T10:13:20.747732Z[0m [34mDEBUG[0m [2mhyper::client::pool[0m[2m:[0m reuse idle connection for ("http", 192.168.0.14:8545)
[2m2025-12-10T10:13:20.747744Z[0m [34mDEBUG[0m [2mhyper::proto::h1::io[0m[2m:[0m flushed 172 bytes
[2m2025-12-10T10:13:20.747744Z[0m [34mDEBUG[0m [2methereum_transaction_pool_monitor::eth_client[0m[2m:[0m 📨 Received WebSocket message: {"jsonrpc":"2.0","method":"eth_subscription","params":{"subscription":"0xbed0a0851463e895960a451075a301a9","result":"0xed6341cee8f8a3947f601740a2c086b59642cc2a729fe8bd960b3e34523ee69c"}}
[2m2025-12-10T10:13:20.747761Z[0m [34mDEBUG[0m [2methereum_transaction_pool_monitor::eth_client[0m[2m:[0m 📨 Received pending transaction: 0xed6341cee8f8a3947f601740a2c086b59642cc2a729fe8bd960b3e34523ee69c
[2m2025-12-10T10:13:20.756394Z[0m [34mDEBUG[0m [2mhyper::proto::h1::io[0m[2m:[0m parsed 4 headers
[2m2025-12-10T10:13:20.756419Z[0m [34mDEBUG[0m [2mhyper::proto::h1::conn[0m[2m:[0m incoming body is content-length (774 bytes)
[2m2025-12-10T10:13:20.756452Z[0m [34mDEBUG[0m [2mhyper::proto::h1::conn[0m[2m:[0m incoming body completed
[2m2025-12-10T10:13:20.756476Z[0m [34mDEBUG[0m [2mhyper::client::pool[0m[2m:[0m pooling idle connection for ("http", 192.168.0.14:8545)
[2m2025-12-10T10:13:20.756484Z[0m [34mDEBUG[0m [2methereum_transaction_pool_monitor::eth_client[0m[2m:[0m 📡 Transaction fetch RPC completed in 8.825334ms
[2m2025-12-10T10:13:20.756498Z[0m [34mDEBUG[0m [2methereum_transaction_pool_monitor::eth_client[0m[2m:[0m DeFi transaction detected - Address: 0xdac17f958d2ee523a2206206994597c13d831ec7, Type: Stablecoin, Value: 0 ETH, Gas: 0.72 Gwei
[2m2025-12-10T10:13:20.756513Z[0m [34mDEBUG[0m [2methereum_transaction_pool_monitor::eth_client[0m[2m:[0m ✅ Transaction 0xbc73047926f2c0bd6131cce48a2dd6e292196f269c974cee2541f188d1ad396d fetched and parsed in 8.854417ms
[2m2025-12-10T10:13:20.756518Z[0m [34mDEBUG[0m [2methereum_transaction_pool_monitor::mempool_monitor[0m[2m:[0m 🔍 Skipping tx 0xbc73047926f2c0bd6131cce48a2dd6e292196f269c974cee2541f188d1ad396d - not a DEX interaction (target: 0xdAC17F958D2ee523a2206206994597C13D831ec7)
[2m2025-12-10T10:13:20.756524Z[0m [34mDEBUG[0m [2methereum_transaction_pool_monitor::mempool_monitor[0m[2m:[0m 📨 Processing new pending transaction: 0xed6341cee8f8a3947f601740a2c086b59642cc2a729fe8bd960b3e34523ee69c
[2m2025-12-10T10:13:20.756528Z[0m [34mDEBUG[0m [2methereum_transaction_pool_monitor::mempool_monitor[0m[2m:[0m 🔍 Fetching transaction details for: 0xed6341cee8f8a3947f601740a2c086b59642cc2a729fe8bd960b3e34523ee69c
[2m2025-12-10T10:13:20.756532Z[0m [34mDEBUG[0m [2methereum_transaction_pool_monitor::eth_client[0m[2m:[0m 🔍 Fetching transaction details for hash: 0xed6341cee8f8a3947f601740a2c086b59642cc2a729fe8bd960b3e34523ee69c
[2m2025-12-10T10:13:20.756539Z[0m [34mDEBUG[0m [2mhyper::client::pool[0m[2m:[0m reuse idle connection for ("http", 192.168.0.14:8545)
[2m2025-12-10T10:13:20.756551Z[0m [34mDEBUG[0m [2mhyper::proto::h1::io[0m[2m:[0m flushed 250 bytes
[2m2025-12-10T10:13:20.756558Z[0m [34mDEBUG[0m [2mhyper::proto::h1::io[0m[2m:[0m parsed 4 headers
[2m2025-12-10T10:13:20.756562Z[0m [34mDEBUG[0m [2mhyper::proto::h1::conn[0m[2m:[0m incoming body is content-length (45 bytes)
[2m2025-12-10T10:13:20.756566Z[0m [34mDEBUG[0m [2mhyper::proto::h1::conn[0m[2m:[0m incoming body completed
[2m2025-12-10T10:13:20.756570Z[0m [34mDEBUG[0m [2mhyper::client::pool[0m[2m:[0m pooling idle connection for ("http", 192.168.0.14:8545)
[2m2025-12-10T10:13:20.757683Z[0m [34mDEBUG[0m [2methereum_transaction_pool_monitor::eth_client[0m[2m:[0m 📨 Received WebSocket message: {"jsonrpc":"2.0","method":"eth_subscription","params":{"subscription":"0xbed0a0851463e895960a451075a301a9","result":"0x5fa1b5340860ffdb6b73c066844e6e2bdaa6c235721edfbe1d347172ee6d3e2a"}}
[2m2025-12-10T10:13:20.757717Z[0m [34mDEBUG[0m [2methereum_transaction_pool_monitor::eth_client[0m[2m:[0m 📨 Received pending transaction: 0x5fa1b5340860ffdb6b73c066844e6e2bdaa6c235721edfbe1d347172ee6d3e2a
[2m2025-12-10T10:13:20.764355Z[0m [34mDEBUG[0m [2mhyper::proto::h1::io[0m[2m:[0m parsed 4 headers
[2m2025-12-10T10:13:20.764362Z[0m [34mDEBUG[0m [2mhyper::proto::h1::conn[0m[2m:[0m incoming body is content-length (4224 bytes)
[2m2025-12-10T10:13:20.764368Z[0m [34mDEBUG[0m [2mhyper::proto::h1::conn[0m[2m:[0m incoming body completed
[2m2025-12-10T10:13:20.764374Z[0m [34mDEBUG[0m [2mhyper::client::pool[0m[2m:[0m pooling idle connection for ("http", 192.168.0.14:8545)
[2m2025-12-10T10:13:20.764380Z[0m [34mDEBUG[0m [2methereum_transaction_pool_monitor::eth_client[0m[2m:[0m 📡 Transaction fetch RPC completed in 7.843916ms
[2m2025-12-10T10:13:20.830421Z[0m [34mDEBUG[0m [2methereum_transaction_pool_monitor::eth_client[0m[2m:[0m ✅ Transaction 0xed6341cee8f8a3947f601740a2c086b59642cc2a729fe8bd960b3e34523ee69c fetched and parsed in 73.883083ms
[2m2025-12-10T10:13:20.834894Z[0m [34mDEBUG[0m [2methereum_transaction_pool_monitor::mempool_monitor[0m[2m:[0m 🔍 Skipping tx 0xed6341cee8f8a3947f601740a2c086b59642cc2a729fe8bd960b3e34523ee69c - not a DEX interaction (target: 0xC38e4e6A15593f908255214653d3D947CA1c2338)
[2m2025-12-10T10:13:20.834925Z[0m [34mDEBUG[0m [2methereum_transaction_pool_monitor::mempool_monitor[0m[2m:[0m 📨 Processing new pending transaction: 0x5fa1b5340860ffdb6b73c066844e6e2bdaa6c235721edfbe1d347172ee6d3e2a
[2m2025-12-10T10:13:20.835013Z[0m [34mDEBUG[0m [2methereum_transaction_pool_monitor::mempool_monitor[0m[2m:[0m 🔍 Fetching transaction details for: 0x5fa1b5340860ffdb6b73c066844e6e2bdaa6c235721edfbe1d347172ee6d3e2a
[2m2025-12-10T10:13:20.835023Z[0m [34mDEBUG[0m [2methereum_transaction_pool_monitor::eth_client[0m[2m:[0m 🔍 Fetching transaction details for hash: 0x5fa1b5340860ffdb6b73c066844e6e2bdaa6c235721edfbe1d347172ee6d3e2a
[2m2025-12-10T10:13:20.835049Z[0m [34mDEBUG[0m [2mhyper::client::pool[0m[2m:[0m reuse idle connection for ("http", 192.168.0.14:8545)
[2m2025-12-10T10:13:20.835088Z[0m [34mDEBUG[0m [2mhyper::proto::h1::io[0m[2m:[0m flushed 250 bytes
[2m2025-12-10T10:13:20.835120Z[0m [34mDEBUG[0m [2mhyper::client::pool[0m[2m:[0m reuse idle connection for ("http", 192.168.0.14:8545)
[2m2025-12-10T10:13:20.835135Z[0m [34mDEBUG[0m [2mhyper::proto::h1::io[0m[2m:[0m flushed 172 bytes
[2m2025-12-10T10:13:20.839350Z[0m [34mDEBUG[0m [2mhyper::proto::h1::io[0m[2m:[0m parsed 4 headers
[2m2025-12-10T10:13:20.839374Z[0m [34mDEBUG[0m [2mhyper::proto::h1::conn[0m[2m:[0m incoming body is content-length (45 bytes)
[2m2025-12-10T10:13:20.839408Z[0m [34mDEBUG[0m [2mhyper::proto::h1::conn[0m[2m:[0m incoming body completed
[2m2025-12-10T10:13:20.839415Z[0m [34mDEBUG[0m [2mhyper::client::pool[0m[2m:[0m pooling idle connection for ("http", 192.168.0.14:8545)
[2m2025-12-10T10:13:20.839906Z[0m [34mDEBUG[0m [2mhyper::proto::h1::io[0m[2m:[0m parsed 4 headers
[2m2025-12-10T10:13:20.839913Z[0m [34mDEBUG[0m [2mhyper::proto::h1::conn[0m[2m:[0m incoming body is content-length (830 bytes)
[2m2025-12-10T10:13:20.839920Z[0m [34mDEBUG[0m [2mhyper::proto::h1::conn[0m[2m:[0m incoming body completed
[2m2025-12-10T10:13:20.839926Z[0m [34mDEBUG[0m [2mhyper::client::pool[0m[2m:[0m pooling idle connection for ("http", 192.168.0.14:8545)
[2m2025-12-10T10:13:20.839933Z[0m [34mDEBUG[0m [2methereum_transaction_pool_monitor::eth_client[0m[2m:[0m 📡 Transaction fetch RPC completed in 4.902709ms
[2m2025-12-10T10:13:20.911009Z[0m [34mDEBUG[0m [2methereum_transaction_pool_monitor::eth_client[0m[2m:[0m ✅ Transaction 0x5fa1b5340860ffdb6b73c066844e6e2bdaa6c235721edfbe1d347172ee6d3e2a fetched and parsed in 75.976292ms
[2m2025-12-10T10:13:20.911035Z[0m [34mDEBUG[0m [2methereum_transaction_pool_monitor::mempool_monitor[0m[2m:[0m 🔍 Skipping tx 0x5fa1b5340860ffdb6b73c066844e6e2bdaa6c235721edfbe1d347172ee6d3e2a - not a DEX interaction (target: 0x3B4D794a66304F130a4Db8F2551B0070dfCf5ca7)
[2m2025-12-10T10:13:20.911071Z[0m [34mDEBUG[0m [2mhyper::client::pool[0m[2m:[0m reuse idle connection for ("http", 192.168.0.14:8545)
[2m2025-12-10T10:13:20.911101Z[0m [34mDEBUG[0m [2mhyper::proto::h1::io[0m[2m:[0m flushed 172 bytes
[2m2025-12-10T10:13:20.911119Z[0m [34mDEBUG[0m [2methereum_transaction_pool_monitor::eth_client[0m[2m:[0m 📨 Received WebSocket message: {"jsonrpc":"2.0","method":"eth_subscription","params":{"subscription":"0xbed0a0851463e895960a451075a301a9","result":"0xa3a5fde921bfbf39d916baf1d613784ca3e9408e437d3331c970bcf090f771b1"}}
[2m2025-12-10T10:13:20.911127Z[0m [34mDEBUG[0m [2methereum_transaction_pool_monitor::eth_client[0m[2m:[0m 📨 Received pending transaction: 0xa3a5fde921bfbf39d916baf1d613784ca3e9408e437d3331c970bcf090f771b1
[2m2025-12-10T10:13:20.911134Z[0m [34mDEBUG[0m [2methereum_transaction_pool_monitor::mempool_monitor[0m[2m:[0m 📨 Processing new pending transaction: 0xa3a5fde921bfbf39d916baf1d613784ca3e9408e437d3331c970bcf090f771b1
[2m2025-12-10T10:13:20.911138Z[0m [34mDEBUG[0m [2methereum_transaction_pool_monitor::mempool_monitor[0m[2m:[0m 🔍 Fetching transaction details for: 0xa3a5fde921bfbf39d916baf1d613784ca3e9408e437d3331c970bcf090f771b1
[2m2025-12-10T10:13:20.911144Z[0m [34mDEBUG[0m [2methereum_transaction_pool_monitor::eth_client[0m[2m:[0m 🔍 Fetching transaction details for hash: 0xa3a5fde921bfbf39d916baf1d613784ca3e9408e437d3331c970bcf090f771b1
[2m2025-12-10T10:13:20.911152Z[0m [34mDEBUG[0m [2mhyper::client::pool[0m[2m:[0m reuse idle connection for ("http", 192.168.0.14:8545)
[2m2025-12-10T10:13:20.911163Z[0m [34mDEBUG[0m [2mhyper::proto::h1::io[0m[2m:[0m flushed 250 bytes
[2m2025-12-10T10:13:20.914984Z[0m [34mDEBUG[0m [2mhyper::proto::h1::io[0m[2m:[0m parsed 4 headers
[2m2025-12-10T10:13:20.915011Z[0m [34mDEBUG[0m [2mhyper::proto::h1::conn[0m[2m:[0m incoming body is content-length (45 bytes)
[2m2025-12-10T10:13:20.915041Z[0m [34mDEBUG[0m [2mhyper::proto::h1::conn[0m[2m:[0m incoming body completed
[2m2025-12-10T10:13:20.915049Z[0m [34mDEBUG[0m [2mhyper::client::pool[0m[2m:[0m pooling idle connection for ("http", 192.168.0.14:8545)
[2m2025-12-10T10:13:20.916590Z[0m [34mDEBUG[0m [2mhyper::proto::h1::io[0m[2m:[0m parsed 4 headers
[2m2025-12-10T10:13:20.916612Z[0m [34mDEBUG[0m [2mhyper::proto::h1::conn[0m[2m:[0m incoming body is content-length (769 bytes)
[2m2025-12-10T10:13:20.916632Z[0m [34mDEBUG[0m [2mhyper::proto::h1::conn[0m[2m:[0m incoming body completed
[2m2025-12-10T10:13:20.916655Z[0m [34mDEBUG[0m [2mhyper::client::pool[0m[2m:[0m pooling idle connection for ("http", 192.168.0.14:8545)
[2m2025-12-10T10:13:20.916660Z[0m [34mDEBUG[0m [2methereum_transaction_pool_monitor::eth_client[0m[2m:[0m 📡 Transaction fetch RPC completed in 5.511875ms
[2m2025-12-10T10:13:20.916673Z[0m [34mDEBUG[0m [2methereum_transaction_pool_monitor::eth_client[0m[2m:[0m DeFi transaction detected - Address: 0xdac17f958d2ee523a2206206994597c13d831ec7, Type: Stablecoin, Value: 0 ETH, Gas: 0.28 Gwei
[2m2025-12-10T10:13:20.916687Z[0m [34mDEBUG[0m [2methereum_transaction_pool_monitor::eth_client[0m[2m:[0m ✅ Transaction 0xa3a5fde921bfbf39d916baf1d613784ca3e9408e437d3331c970bcf090f771b1 fetched and parsed in 5.538667ms
[2m2025-12-10T10:13:20.916693Z[0m [34mDEBUG[0m [2methereum_transaction_pool_monitor::mempool_monitor[0m[2m:[0m 🔍 Skipping tx 0xa3a5fde921bfbf39d916baf1d613784ca3e9408e437d3331c970bcf090f771b1 - not a DEX interaction (target: 0xdAC17F958D2ee523a2206206994597C13D831ec7)
[2m2025-12-10T10:13:20.999747Z[0m [34mDEBUG[0m [2mhyper::client::pool[0m[2m:[0m reuse idle connection for ("http", 192.168.0.14:8545)
[2m2025-12-10T10:13:20.999801Z[0m [34mDEBUG[0m [2mhyper::proto::h1::io[0m[2m:[0m flushed 172 bytes
[2m2025-12-10T10:13:21.003367Z[0m [34mDEBUG[0m [2mhyper::proto::h1::io[0m[2m:[0m parsed 4 headers
[2m2025-12-10T10:13:21.003380Z[0m [34mDEBUG[0m [2mhyper::proto::h1::conn[0m[2m:[0m incoming body is content-length (45 bytes)
[2m2025-12-10T10:13:21.003390Z[0m [34mDEBUG[0m [2mhyper::proto::h1::conn[0m[2m:[0m incoming body completed
[2m2025-12-10T10:13:21.003400Z[0m [34mDEBUG[0m [2mhyper::client::pool[0m[2m:[0m pooling idle connection for ("http", 192.168.0.14:8545)
[2m2025-12-10T10:13:21.099528Z[0m [34mDEBUG[0m [2mhyper::client::pool[0m[2m:[0m reuse idle connection for ("http", 192.168.0.14:8545)
[2m2025-12-10T10:13:21.101850Z[0m [34mDEBUG[0m [2mhyper::proto::h1::io[0m[2m:[0m flushed 172 bytes
[2m2025-12-10T10:13:21.105042Z[0m [34mDEBUG[0m [2mhyper::proto::h1::io[0m[2m:[0m parsed 4 headers
[2m2025-12-10T10:13:21.105068Z[0m [34mDEBUG[0m [2mhyper::proto::h1::conn[0m[2m:[0m incoming body is content-length (45 bytes)
[2m2025-12-10T10:13:21.105089Z[0m [34mDEBUG[0m [2mhyper::proto::h1::conn[0m[2m:[0m incoming body completed
[2m2025-12-10T10:13:21.105113Z[0m [34mDEBUG[0m [2mhyper::client::pool[0m[2m:[0m pooling idle connection for ("http", 192.168.0.14:8545)
[2m2025-12-10T10:13:21.122002Z[0m [34mDEBUG[0m [2methereum_transaction_pool_monitor::eth_client[0m[2m:[0m 📨 Received WebSocket message: {"jsonrpc":"2.0","method":"eth_subscription","params":{"subscription":"0xbed0a0851463e895960a451075a301a9","result":"0x34a90aa15f296c1d271de8827e76765c6e73c9810818f1027479eea6ac7f4cc3"}}
[2m2025-12-10T10:13:21.122044Z[0m [34mDEBUG[0m [2methereum_transaction_pool_monitor::eth_client[0m[2m:[0m 📨 Received pending transaction: 0x34a90aa15f296c1d271de8827e76765c6e73c9810818f1027479eea6ac7f4cc3
[2m2025-12-10T10:13:21.122062Z[0m [34mDEBUG[0m [2methereum_transaction_pool_monitor::mempool_monitor[0m[2m:[0m 📨 Processing new pending transaction: 0x34a90aa15f296c1d271de8827e76765c6e73c9810818f1027479eea6ac7f4cc3
[2m2025-12-10T10:13:21.122072Z[0m [34mDEBUG[0m [2methereum_transaction_pool_monitor::mempool_monitor[0m[2m:[0m 🔍 Fetching transaction details for: 0x34a90aa15f296c1d271de8827e76765c6e73c9810818f1027479eea6ac7f4cc3
[2m2025-12-10T10:13:21.122082Z[0m [34mDEBUG[0m [2methereum_transaction_pool_monitor::eth_client[0m[2m:[0m 🔍 Fetching transaction details for hash: 0x34a90aa15f296c1d271de8827e76765c6e73c9810818f1027479eea6ac7f4cc3
[2m2025-12-10T10:13:21.122124Z[0m [34mDEBUG[0m [2mhyper::client::pool[0m[2m:[0m reuse idle connection for ("http", 192.168.0.14:8545)
[2m2025-12-10T10:13:21.122170Z[0m [34mDEBUG[0m [2mhyper::proto::h1::io[0m[2m:[0m flushed 250 bytes
[2m2025-12-10T10:13:21.131758Z[0m [34mDEBUG[0m [2mhyper::proto::h1::io[0m[2m:[0m parsed 4 headers
[2m2025-12-10T10:13:21.131797Z[0m [34mDEBUG[0m [2mhyper::proto::h1::conn[0m[2m:[0m incoming body is content-length (771 bytes)
[2m2025-12-10T10:13:21.131819Z[0m [34mDEBUG[0m [2mhyper::proto::h1::conn[0m[2m:[0m incoming body completed
[2m2025-12-10T10:13:21.131846Z[0m [34mDEBUG[0m [2mhyper::client::pool[0m[2m:[0m pooling idle connection for ("http", 192.168.0.14:8545)
[2m2025-12-10T10:13:21.131867Z[0m [34mDEBUG[0m [2methereum_transaction_pool_monitor::eth_client[0m[2m:[0m 📡 Transaction fetch RPC completed in 9.776791ms
[2m2025-12-10T10:13:21.213930Z[0m [34mDEBUG[0m [2methereum_transaction_pool_monitor::eth_client[0m[2m:[0m ✅ Transaction 0x34a90aa15f296c1d271de8827e76765c6e73c9810818f1027479eea6ac7f4cc3 fetched and parsed in 91.836833ms
[2m2025-12-10T10:13:21.213967Z[0m [34mDEBUG[0m [2methereum_transaction_pool_monitor::mempool_monitor[0m[2m:[0m 🔍 Skipping tx 0x34a90aa15f296c1d271de8827e76765c6e73c9810818f1027479eea6ac7f4cc3 - not a DEX interaction (target: 0xf65B5C5104c4faFD4b709d9D60a185eAE063276c)
[2m2025-12-10T10:13:21.214025Z[0m [34mDEBUG[0m [2mhyper::client::pool[0m[2m:[0m reuse idle connection for ("http", 192.168.0.14:8545)
[2m2025-12-10T10:13:21.214100Z[0m [34mDEBUG[0m [2mhyper::proto::h1::io[0m[2m:[0m flushed 172 bytes
[2m2025-12-10T10:13:21.217755Z[0m [34mDEBUG[0m [2mhyper::proto::h1::io[0m[2m:[0m parsed 4 headers
[2m2025-12-10T10:13:21.217772Z[0m [34mDEBUG[0m [2mhyper::proto::h1::conn[0m[2m:[0m incoming body is content-length (45 bytes)
[2m2025-12-10T10:13:21.217782Z[0m [34mDEBUG[0m [2mhyper::proto::h1::conn[0m[2m:[0m incoming body completed
[2m2025-12-10T10:13:21.217793Z[0m [34mDEBUG[0m [2mhyper::client::pool[0m[2m:[0m pooling idle connection for ("http", 192.168.0.14:8545)
[2m2025-12-10T10:13:21.229818Z[0m [34mDEBUG[0m [2methereum_transaction_pool_monitor::eth_client[0m[2m:[0m 📨 Received WebSocket message: {"jsonrpc":"2.0","method":"eth_subscription","params":{"subscription":"0xbed0a0851463e895960a451075a301a9","result":"0x34a8653dc8fe39062b157ab451f0e63b83f3f5e3461d5d62544cc51cf6b49f20"}}
[2m2025-12-10T10:13:21.229836Z[0m [34mDEBUG[0m [2methereum_transaction_pool_monitor::eth_client[0m[2m:[0m 📨 Received pending transaction: 0x34a8653dc8fe39062b157ab451f0e63b83f3f5e3461d5d62544cc51cf6b49f20
[2m2025-12-10T10:13:21.229844Z[0m [34mDEBUG[0m [2methereum_transaction_pool_monitor::mempool_monitor[0m[2m:[0m 📨 Processing new pending transaction: 0x34a8653dc8fe39062b157ab451f0e63b83f3f5e3461d5d62544cc51cf6b49f20
[2m2025-12-10T10:13:21.229848Z[0m [34mDEBUG[0m [2methereum_transaction_pool_monitor::mempool_monitor[0m[2m:[0m 🔍 Fetching transaction details for: 0x34a8653dc8fe39062b157ab451f0e63b83f3f5e3461d5d62544cc51cf6b49f20
[2m2025-12-10T10:13:21.229852Z[0m [34mDEBUG[0m [2methereum_transaction_pool_monitor::eth_client[0m[2m:[0m 🔍 Fetching transaction details for hash: 0x34a8653dc8fe39062b157ab451f0e63b83f3f5e3461d5d62544cc51cf6b49f20
[2m2025-12-10T10:13:21.229871Z[0m [34mDEBUG[0m [2mhyper::client::pool[0m[2m:[0m reuse idle connection for ("http", 192.168.0.14:8545)
[2m2025-12-10T10:13:21.229893Z[0m [34mDEBUG[0m [2mhyper::proto::h1::io[0m[2m:[0m flushed 250 bytes
[2m2025-12-10T10:13:21.235273Z[0m [34mDEBUG[0m [2mhyper::proto::h1::io[0m[2m:[0m parsed 4 headers
[2m2025-12-10T10:13:21.235294Z[0m [34mDEBUG[0m [2mhyper::proto::h1::conn[0m[2m:[0m incoming body is content-length (3585 bytes)
[2m2025-12-10T10:13:21.235313Z[0m [34mDEBUG[0m [2methereum_transaction_pool_monitor::eth_client[0m[2m:[0m 📡 Transaction fetch RPC completed in 5.4565ms
[2m2025-12-10T10:13:21.240205Z[0m [34mDEBUG[0m [2mhyper::proto::h1::conn[0m[2m:[0m incoming body completed
[2m2025-12-10T10:13:21.240238Z[0m [34mDEBUG[0m [2mhyper::client::pool[0m[2m:[0m pooling idle connection for ("http", 192.168.0.14:8545)
[2m2025-12-10T10:13:21.299355Z[0m [34mDEBUG[0m [2mhyper::client::pool[0m[2m:[0m reuse idle connection for ("http", 192.168.0.14:8545)
[2m2025-12-10T10:13:21.299439Z[0m [34mDEBUG[0m [2mhyper::proto::h1::io[0m[2m:[0m flushed 172 bytes
[2m2025-12-10T10:13:21.303154Z[0m [34mDEBUG[0m [2mhyper::proto::h1::io[0m[2m:[0m parsed 4 headers
[2m2025-12-10T10:13:21.303178Z[0m [34mDEBUG[0m [2mhyper::proto::h1::conn[0m[2m:[0m incoming body is content-length (45 bytes)
[2m2025-12-10T10:13:21.303188Z[0m [34mDEBUG[0m [2mhyper::proto::h1::conn[0m[2m:[0m incoming body completed
[2m2025-12-10T10:13:21.303199Z[0m [34mDEBUG[0m [2mhyper::client::pool[0m[2m:[0m pooling idle connection for ("http", 192.168.0.14:8545)
[2m2025-12-10T10:13:21.311792Z[0m [34mDEBUG[0m [2methereum_transaction_pool_monitor::eth_client[0m[2m:[0m ✅ Transaction 0x34a8653dc8fe39062b157ab451f0e63b83f3f5e3461d5d62544cc51cf6b49f20 fetched and parsed in 81.934ms
[2m2025-12-10T10:13:21.311817Z[0m [34mDEBUG[0m [2methereum_transaction_pool_monitor::mempool_monitor[0m[2m:[0m 🔍 Skipping tx 0x34a8653dc8fe39062b157ab451f0e63b83f3f5e3461d5d62544cc51cf6b49f20 - not a DEX interaction (target: 0x00656C604FC470e6a566A695B74455e18a6D75D3)
[2m2025-12-10T10:13:21.398473Z[0m [34mDEBUG[0m [2mhyper::client::pool[0m[2m:[0m reuse idle connection for ("http", 192.168.0.14:8545)
[2m2025-12-10T10:13:21.398539Z[0m [34mDEBUG[0m [2mhyper::proto::h1::io[0m[2m:[0m flushed 172 bytes
[2m2025-12-10T10:13:21.402168Z[0m [34mDEBUG[0m [2mhyper::proto::h1::io[0m[2m:[0m parsed 4 headers
[2m2025-12-10T10:13:21.402180Z[0m [34mDEBUG[0m [2mhyper::proto::h1::conn[0m[2m:[0m incoming body is content-length (45 bytes)
[2m2025-12-10T10:13:21.402188Z[0m [34mDEBUG[0m [2mhyper::proto::h1::conn[0m[2m:[0m incoming body completed
[2m2025-12-10T10:13:21.402197Z[0m [34mDEBUG[0m [2mhyper::client::pool[0m[2m:[0m pooling idle connection for ("http", 192.168.0.14:8545)
[2m2025-12-10T10:13:21.499267Z[0m [34mDEBUG[0m [2mhyper::client::pool[0m[2m:[0m reuse idle connection for ("http", 192.168.0.14:8545)
[2m2025-12-10T10:13:21.499331Z[0m [34mDEBUG[0m [2mhyper::proto::h1::io[0m[2m:[0m flushed 172 bytes
[2m2025-12-10T10:13:21.502771Z[0m [34mDEBUG[0m [2mhyper::proto::h1::io[0m[2m:[0m parsed 4 headers
[2m2025-12-10T10:13:21.502784Z[0m [34mDEBUG[0m [2mhyper::proto::h1::conn[0m[2m:[0m incoming body is content-length (45 bytes)
[2m2025-12-10T10:13:21.502795Z[0m [34mDEBUG[0m [2mhyper::proto::h1::conn[0m[2m:[0m incoming body completed
[2m2025-12-10T10:13:21.502805Z[0m [34mDEBUG[0m [2mhyper::client::pool[0m[2m:[0m pooling idle connection for ("http", 192.168.0.14:8545)
[2m2025-12-10T10:13:21.538030Z[0m [34mDEBUG[0m [2methereum_transaction_pool_monitor::eth_client[0m[2m:[0m 📨 Received WebSocket message: {"jsonrpc":"2.0","method":"eth_subscription","params":{"subscription":"0xbed0a0851463e895960a451075a301a9","result":"0x973ea9691fb7be9a246fc27cdc45c64780bcc9a2bc1ee0c3bda7ffd0b442b576"}}
[2m2025-12-10T10:13:21.538242Z[0m [34mDEBUG[0m [2methereum_transaction_pool_monitor::eth_client[0m[2m:[0m 📨 Received pending transaction: 0x973ea9691fb7be9a246fc27cdc45c64780bcc9a2bc1ee0c3bda7ffd0b442b576
[2m2025-12-10T10:13:21.538252Z[0m [32m INFO[0m [2methereum_transaction_pool_monitor::eth_client[0m[2m:[0m 📊 WebSocket stats - Total: 4245 transactions, Rate: 13.1 tx/s
[2m2025-12-10T10:13:21.538261Z[0m [34mDEBUG[0m [2methereum_transaction_pool_monitor::mempool_monitor[0m[2m:[0m 📨 Processing new pending transaction: 0x973ea9691fb7be9a246fc27cdc45c64780bcc9a2bc1ee0c3bda7ffd0b442b576
[2m2025-12-10T10:13:21.538266Z[0m [34mDEBUG[0m [2methereum_transaction_pool_monitor::mempool_monitor[0m[2m:[0m 🔍 Fetching transaction details for: 0x973ea9691fb7be9a246fc27cdc45c64780bcc9a2bc1ee0c3bda7ffd0b442b576
[2m2025-12-10T10:13:21.538270Z[0m [34mDEBUG[0m [2methereum_transaction_pool_monitor::eth_client[0m[2m:[0m 🔍 Fetching transaction details for hash: 0x973ea9691fb7be9a246fc27cdc45c64780bcc9a2bc1ee0c3bda7ffd0b442b576
[2m2025-12-10T10:13:21.538292Z[0m [34mDEBUG[0m [2mhyper::client::pool[0m[2m:[0m reuse idle connection for ("http", 192.168.0.14:8545)
[2m2025-12-10T10:13:21.538319Z[0m [34mDEBUG[0m [2mhyper::proto::h1::io[0m[2m:[0m flushed 250 bytes
[2m2025-12-10T10:13:21.548968Z[0m [34mDEBUG[0m [2mhyper::proto::h1::io[0m[2m:[0m parsed 4 headers
[2m2025-12-10T10:13:21.548980Z[0m [34mDEBUG[0m [2mhyper::proto::h1::conn[0m[2m:[0m incoming body is content-length (830 bytes)
[2m2025-12-10T10:13:21.548987Z[0m [34mDEBUG[0m [2mhyper::proto::h1::conn[0m[2m:[0m incoming body completed
[2m2025-12-10T10:13:21.548998Z[0m [34mDEBUG[0m [2mhyper::client::pool[0m[2m:[0m pooling idle connection for ("http", 192.168.0.14:8545)
[2m2025-12-10T10:13:21.549005Z[0m [34mDEBUG[0m [2methereum_transaction_pool_monitor::eth_client[0m[2m:[0m 📡 Transaction fetch RPC completed in 10.731ms
[2m2025-12-10T10:13:21.623476Z[0m [34mDEBUG[0m [2methereum_transaction_pool_monitor::eth_client[0m[2m:[0m ✅ Transaction 0x973ea9691fb7be9a246fc27cdc45c64780bcc9a2bc1ee0c3bda7ffd0b442b576 fetched and parsed in 85.198583ms
[2m2025-12-10T10:13:21.623506Z[0m [34mDEBUG[0m [2methereum_transaction_pool_monitor::mempool_monitor[0m[2m:[0m 🔍 Skipping tx 0x973ea9691fb7be9a246fc27cdc45c64780bcc9a2bc1ee0c3bda7ffd0b442b576 - not a DEX interaction (target: 0x3B4D794a66304F130a4Db8F2551B0070dfCf5ca7)
[2m2025-12-10T10:13:21.623557Z[0m [34mDEBUG[0m [2mhyper::client::pool[0m[2m:[0m reuse idle connection for ("http", 192.168.0.14:8545)
[2m2025-12-10T10:13:21.623607Z[0m [34mDEBUG[0m [2mhyper::proto::h1::io[0m[2m:[0m flushed 172 bytes
[2m2025-12-10T10:13:21.626612Z[0m [34mDEBUG[0m [2mhyper::proto::h1::io[0m[2m:[0m parsed 4 headers
[2m2025-12-10T10:13:21.626641Z[0m [34mDEBUG[0m [2mhyper::proto::h1::conn[0m[2m:[0m incoming body is content-length (45 bytes)
[2m2025-12-10T10:13:21.626669Z[0m [34mDEBUG[0m [2mhyper::proto::h1::conn[0m[2m:[0m incoming body completed
[2m2025-12-10T10:13:21.626679Z[0m [34mDEBUG[0m [2mhyper::client::pool[0m[2m:[0m pooling idle connection for ("http", 192.168.0.14:8545)
[2m2025-12-10T10:13:21.690395Z[0m [34mDEBUG[0m [2methereum_transaction_pool_monitor::eth_client[0m[2m:[0m 📨 Received WebSocket message: {"jsonrpc":"2.0","method":"eth_subscription","params":{"subscription":"0xbed0a0851463e895960a451075a301a9","result":"0x5d60454cbcec8050ad36fb60a45f7e2702343cb019145b28bd758a39344121a6"}}
[2m2025-12-10T10:13:21.690416Z[0m [34mDEBUG[0m [2methereum_transaction_pool_monitor::eth_client[0m[2m:[0m 📨 Received pending transaction: 0x5d60454cbcec8050ad36fb60a45f7e2702343cb019145b28bd758a39344121a6
[2m2025-12-10T10:13:21.690425Z[0m [34mDEBUG[0m [2methereum_transaction_pool_monitor::mempool_monitor[0m[2m:[0m 📨 Processing new pending transaction: 0x5d60454cbcec8050ad36fb60a45f7e2702343cb019145b28bd758a39344121a6
[2m2025-12-10T10:13:21.690430Z[0m [34mDEBUG[0m [2methereum_transaction_pool_monitor::mempool_monitor[0m[2m:[0m 🔍 Fetching transaction details for: 0x5d60454cbcec8050ad36fb60a45f7e2702343cb019145b28bd758a39344121a6
[2m2025-12-10T10:13:21.690434Z[0m [34mDEBUG[0m [2methereum_transaction_pool_monitor::eth_client[0m[2m:[0m 🔍 Fetching transaction details for hash: 0x5d60454cbcec8050ad36fb60a45f7e2702343cb019145b28bd758a39344121a6
[2m2025-12-10T10:13:21.690455Z[0m [34mDEBUG[0m [2mhyper::client::pool[0m[2m:[0m reuse idle connection for ("http", 192.168.0.14:8545)
[2m2025-12-10T10:13:21.690482Z[0m [34mDEBUG[0m [2mhyper::proto::h1::io[0m[2m:[0m flushed 250 bytes
[2m2025-12-10T10:13:21.694706Z[0m [34mDEBUG[0m [2mhyper::proto::h1::io[0m[2m:[0m parsed 4 headers
[2m2025-12-10T10:13:21.694715Z[0m [34mDEBUG[0m [2mhyper::proto::h1::conn[0m[2m:[0m incoming body is content-length (645 bytes)
[2m2025-12-10T10:13:21.694723Z[0m [34mDEBUG[0m [2mhyper::proto::h1::conn[0m[2m:[0m incoming body completed
[2m2025-12-10T10:13:21.694733Z[0m [34mDEBUG[0m [2mhyper::client::pool[0m[2m:[0m pooling idle connection for ("http", 192.168.0.14:8545)
[2m2025-12-10T10:13:21.694741Z[0m [34mDEBUG[0m [2methereum_transaction_pool_monitor::eth_client[0m[2m:[0m 📡 Transaction fetch RPC completed in 4.302334ms
[2m2025-12-10T10:13:21.765759Z[0m [34mDEBUG[0m [2methereum_transaction_pool_monitor::eth_client[0m[2m:[0m ✅ Transaction 0x5d60454cbcec8050ad36fb60a45f7e2702343cb019145b28bd758a39344121a6 fetched and parsed in 75.31825ms
[2m2025-12-10T10:13:21.765788Z[0m [34mDEBUG[0m [2methereum_transaction_pool_monitor::mempool_monitor[0m[2m:[0m 🔍 Skipping tx 0x5d60454cbcec8050ad36fb60a45f7e2702343cb019145b28bd758a39344121a6 - not a DEX interaction (target: 0x2b67E4993a31976D41ed89D9286B502ab1B40DCF)
[2m2025-12-10T10:13:21.765838Z[0m [34mDEBUG[0m [2mhyper::client::pool[0m[2m:[0m reuse idle connection for ("http", 192.168.0.14:8545)
[2m2025-12-10T10:13:21.765897Z[0m [34mDEBUG[0m [2mhyper::proto::h1::io[0m[2m:[0m flushed 172 bytes
[2m2025-12-10T10:13:21.769203Z[0m [34mDEBUG[0m [2mhyper::proto::h1::io[0m[2m:[0m parsed 4 headers
[2m2025-12-10T10:13:21.769213Z[0m [34mDEBUG[0m [2mhyper::proto::h1::conn[0m[2m:[0m incoming body is content-length (45 bytes)
[2m2025-12-10T10:13:21.769221Z[0m [34mDEBUG[0m [2mhyper::proto::h1::conn[0m[2m:[0m incoming body completed
[2m2025-12-10T10:13:21.769229Z[0m [34mDEBUG[0m [2mhyper::client::pool[0m[2m:[0m pooling idle connection for ("http", 192.168.0.14:8545)
[2m2025-12-10T10:13:21.796748Z[0m [34mDEBUG[0m [2methereum_transaction_pool_monitor::eth_client[0m[2m:[0m 📨 Received WebSocket message: {"jsonrpc":"2.0","method":"eth_subscription","params":{"subscription":"0xbed0a0851463e895960a451075a301a9","result":"0x2bffc5d80c5d53f469243071a80d307d8feaa3c86752e5c310697ce908194175"}}
[2m2025-12-10T10:13:21.796769Z[0m [34mDEBUG[0m [2methereum_transaction_pool_monitor::eth_client[0m[2m:[0m 📨 Received pending transaction: 0x2bffc5d80c5d53f469243071a80d307d8feaa3c86752e5c310697ce908194175
[2m2025-12-10T10:13:21.796779Z[0m [34mDEBUG[0m [2methereum_transaction_pool_monitor::mempool_monitor[0m[2m:[0m 📨 Processing new pending transaction: 0x2bffc5d80c5d53f469243071a80d307d8feaa3c86752e5c310697ce908194175
[2m2025-12-10T10:13:21.796785Z[0m [34mDEBUG[0m [2methereum_transaction_pool_monitor::mempool_monitor[0m[2m:[0m 🔍 Fetching transaction details for: 0x2bffc5d80c5d53f469243071a80d307d8feaa3c86752e5c310697ce908194175
[2m2025-12-10T10:13:21.796789Z[0m [34mDEBUG[0m [2methereum_transaction_pool_monitor::eth_client[0m[2m:[0m 🔍 Fetching transaction details for hash: 0x2bffc5d80c5d53f469243071a80d307d8feaa3c86752e5c310697ce908194175
[2m2025-12-10T10:13:21.796814Z[0m [34mDEBUG[0m [2mhyper::client::pool[0m[2m:[0m reuse idle connection for ("http", 192.168.0.14:8545)
[2m2025-12-10T10:13:21.796842Z[0m [34mDEBUG[0m [2mhyper::proto::h1::io[0m[2m:[0m flushed 250 bytes
[2m2025-12-10T10:13:21.798007Z[0m [34mDEBUG[0m [2mhyper::client::pool[0m[2m:[0m reuse idle connection for ("http", 192.168.0.14:8545)
[2m2025-12-10T10:13:21.798068Z[0m [34mDEBUG[0m [2mhyper::proto::h1::io[0m[2m:[0m flushed 172 bytes
[2m2025-12-10T10:13:21.800844Z[0m [34mDEBUG[0m [2mhyper::proto::h1::io[0m[2m:[0m parsed 4 headers
[2m2025-12-10T10:13:21.800858Z[0m [34mDEBUG[0m [2mhyper::proto::h1::conn[0m[2m:[0m incoming body is content-length (45 bytes)
[2m2025-12-10T10:13:21.800867Z[0m [34mDEBUG[0m [2mhyper::proto::h1::conn[0m[2m:[0m incoming body completed
[2m2025-12-10T10:13:21.800877Z[0m [34mDEBUG[0m [2mhyper::client::pool[0m[2m:[0m pooling idle connection for ("http", 192.168.0.14:8545)
[2m2025-12-10T10:13:21.805441Z[0m [34mDEBUG[0m [2mhyper::proto::h1::io[0m[2m:[0m parsed 4 headers
[2m2025-12-10T10:13:21.805450Z[0m [34mDEBUG[0m [2mhyper::proto::h1::conn[0m[2m:[0m incoming body is content-length (830 bytes)
[2m2025-12-10T10:13:21.805457Z[0m [34mDEBUG[0m [2mhyper::proto::h1::conn[0m[2m:[0m incoming body completed
[2m2025-12-10T10:13:21.805464Z[0m [34mDEBUG[0m [2mhyper::client::pool[0m[2m:[0m pooling idle connection for ("http", 192.168.0.14:8545)
[2m2025-12-10T10:13:21.805470Z[0m [34mDEBUG[0m [2methereum_transaction_pool_monitor::eth_client[0m[2m:[0m 📡 Transaction fetch RPC completed in 8.676333ms
[2m2025-12-10T10:13:21.876817Z[0m [34mDEBUG[0m [2methereum_transaction_pool_monitor::eth_client[0m[2m:[0m ✅ Transaction 0x2bffc5d80c5d53f469243071a80d307d8feaa3c86752e5c310697ce908194175 fetched and parsed in 80.020208ms
[2m2025-12-10T10:13:21.876852Z[0m [34mDEBUG[0m [2methereum_transaction_pool_monitor::mempool_monitor[0m[2m:[0m 🔍 Skipping tx 0x2bffc5d80c5d53f469243071a80d307d8feaa3c86752e5c310697ce908194175 - not a DEX interaction (target: 0x3B4D794a66304F130a4Db8F2551B0070dfCf5ca7)
[2m2025-12-10T10:13:21.876917Z[0m [34mDEBUG[0m [2methereum_transaction_pool_monitor::eth_client[0m[2m:[0m 📨 Received WebSocket message: {"jsonrpc":"2.0","method":"eth_subscription","params":{"subscription":"0xbed0a0851463e895960a451075a301a9","result":"0x1de4e31c8c2d2811f4654458d9525e78628e438c05ade03fa7105e14fc51cfbc"}}
[2m2025-12-10T10:13:21.876929Z[0m [34mDEBUG[0m [2methereum_transaction_pool_monitor::eth_client[0m[2m:[0m 📨 Received pending transaction: 0x1de4e31c8c2d2811f4654458d9525e78628e438c05ade03fa7105e14fc51cfbc
[2m2025-12-10T10:13:21.876935Z[0m [34mDEBUG[0m [2methereum_transaction_pool_monitor::eth_client[0m[2m:[0m 📨 Received WebSocket message: {"jsonrpc":"2.0","method":"eth_subscription","params":{"subscription":"0xbed0a0851463e895960a451075a301a9","result":"0x237335fcdce391d17d3cf8a0ae79163cc1f486b898823eb2ed70aab50d67d34e"}}
[2m2025-12-10T10:13:21.876942Z[0m [34mDEBUG[0m [2methereum_transaction_pool_monitor::eth_client[0m[2m:[0m 📨 Received pending transaction: 0x237335fcdce391d17d3cf8a0ae79163cc1f486b898823eb2ed70aab50d67d34e
[2m2025-12-10T10:13:21.876949Z[0m [34mDEBUG[0m [2methereum_transaction_pool_monitor::mempool_monitor[0m[2m:[0m 📨 Processing new pending transaction: 0x1de4e31c8c2d2811f4654458d9525e78628e438c05ade03fa7105e14fc51cfbc
[2m2025-12-10T10:13:21.876955Z[0m [34mDEBUG[0m [2methereum_transaction_pool_monitor::mempool_monitor[0m[2m:[0m 🔍 Fetching transaction details for: 0x1de4e31c8c2d2811f4654458d9525e78628e438c05ade03fa7105e14fc51cfbc
[2m2025-12-10T10:13:21.876960Z[0m [34mDEBUG[0m [2methereum_transaction_pool_monitor::eth_client[0m[2m:[0m 🔍 Fetching transaction details for hash: 0x1de4e31c8c2d2811f4654458d9525e78628e438c05ade03fa7105e14fc51cfbc
[2m2025-12-10T10:13:21.876985Z[0m [34mDEBUG[0m [2mhyper::client::pool[0m[2m:[0m reuse idle connection for ("http", 192.168.0.14:8545)
[2m2025-12-10T10:13:21.877013Z[0m [34mDEBUG[0m [2mhyper::proto::h1::io[0m[2m:[0m flushed 250 bytes
[2m2025-12-10T10:13:21.883026Z[0m [34mDEBUG[0m [2mhyper::proto::h1::io[0m[2m:[0m parsed 4 headers
[2m2025-12-10T10:13:21.883040Z[0m [34mDEBUG[0m [2mhyper::proto::h1::conn[0m[2m:[0m incoming body is content-length (647 bytes)
[2m2025-12-10T10:13:21.883050Z[0m [34mDEBUG[0m [2mhyper::proto::h1::conn[0m[2m:[0m incoming body completed
[2m2025-12-10T10:13:21.883062Z[0m [34mDEBUG[0m [2mhyper::client::pool[0m[2m:[0m pooling idle connection for ("http", 192.168.0.14:8545)
[2m2025-12-10T10:13:21.883071Z[0m [34mDEBUG[0m [2methereum_transaction_pool_monitor::eth_client[0m[2m:[0m 📡 Transaction fetch RPC completed in 6.10575ms
[2m2025-12-10T10:13:21.953920Z[0m [34mDEBUG[0m [2methereum_transaction_pool_monitor::eth_client[0m[2m:[0m ✅ Transaction 0x1de4e31c8c2d2811f4654458d9525e78628e438c05ade03fa7105e14fc51cfbc fetched and parsed in 76.951792ms
[2m2025-12-10T10:13:21.953951Z[0m [34mDEBUG[0m [2methereum_transaction_pool_monitor::mempool_monitor[0m[2m:[0m 🔍 Skipping tx 0x1de4e31c8c2d2811f4654458d9525e78628e438c05ade03fa7105e14fc51cfbc - not a DEX interaction (target: 0xd1164D7216c807f69F57Cf48dC936010A2EEAF92)
[2m2025-12-10T10:13:21.953963Z[0m [34mDEBUG[0m [2methereum_transaction_pool_monitor::mempool_monitor[0m[2m:[0m 📨 Processing new pending transaction: 0x237335fcdce391d17d3cf8a0ae79163cc1f486b898823eb2ed70aab50d67d34e
[2m2025-12-10T10:13:21.953977Z[0m [34mDEBUG[0m [2methereum_transaction_pool_monitor::mempool_monitor[0m[2m:[0m 🔍 Fetching transaction details for: 0x237335fcdce391d17d3cf8a0ae79163cc1f486b898823eb2ed70aab50d67d34e
[2m2025-12-10T10:13:21.953984Z[0m [34mDEBUG[0m [2methereum_transaction_pool_monitor::eth_client[0m[2m:[0m 🔍 Fetching transaction details for hash: 0x237335fcdce391d17d3cf8a0ae79163cc1f486b898823eb2ed70aab50d67d34e
[2m2025-12-10T10:13:21.954009Z[0m [34mDEBUG[0m [2mhyper::client::pool[0m[2m:[0m reuse idle connection for ("http", 192.168.0.14:8545)
[2m2025-12-10T10:13:21.954062Z[0m [34mDEBUG[0m [2mhyper::proto::h1::io[0m[2m:[0m flushed 250 bytes
[2m2025-12-10T10:13:21.954085Z[0m [34mDEBUG[0m [2mhyper::client::pool[0m[2m:[0m reuse idle connection for ("http", 192.168.0.14:8545)
[2m2025-12-10T10:13:21.954094Z[0m [34mDEBUG[0m [2methereum_transaction_pool_monitor::eth_client[0m[2m:[0m 📨 Received WebSocket message: {"jsonrpc":"2.0","method":"eth_subscription","params":{"subscription":"0xbed0a0851463e895960a451075a301a9","result":"0xca27218c7f2834e53b25725b7239af381c196a687d8283f0c88136a5aa0751fd"}}
[2m2025-12-10T10:13:21.954100Z[0m [34mDEBUG[0m [2mhyper::proto::h1::io[0m[2m:[0m flushed 172 bytes
[2m2025-12-10T10:13:21.954109Z[0m [34mDEBUG[0m [2methereum_transaction_pool_monitor::eth_client[0m[2m:[0m 📨 Received pending transaction: 0xca27218c7f2834e53b25725b7239af381c196a687d8283f0c88136a5aa0751fd
[2m2025-12-10T10:13:21.954117Z[0m [34mDEBUG[0m [2methereum_transaction_pool_monitor::eth_client[0m[2m:[0m 📨 Received WebSocket message: {"jsonrpc":"2.0","method":"eth_subscription","params":{"subscription":"0xbed0a0851463e895960a451075a301a9","result":"0xb18d1c12e5731adeeac78fa2832168b03cf6cd1cccd92d25d6473b5f84cd75f8"}}
[2m2025-12-10T10:13:21.954125Z[0m [34mDEBUG[0m [2methereum_transaction_pool_monitor::eth_client[0m[2m:[0m 📨 Received pending transaction: 0xb18d1c12e5731adeeac78fa2832168b03cf6cd1cccd92d25d6473b5f84cd75f8
[2m2025-12-10T10:13:21.970106Z[0m [34mDEBUG[0m [2mhyper::proto::h1::io[0m[2m:[0m parsed 4 headers
[2m2025-12-10T10:13:21.970134Z[0m [34mDEBUG[0m [2mhyper::proto::h1::conn[0m[2m:[0m incoming body is content-length (612 bytes)
[2m2025-12-10T10:13:21.970151Z[0m [34mDEBUG[0m [2mhyper::proto::h1::conn[0m[2m:[0m incoming body completed
[2m2025-12-10T10:13:21.970165Z[0m [34mDEBUG[0m [2mhyper::client::pool[0m[2m:[0m pooling idle connection for ("http", 192.168.0.14:8545)
[2m2025-12-10T10:13:21.970178Z[0m [34mDEBUG[0m [2methereum_transaction_pool_monitor::eth_client[0m[2m:[0m 📡 Transaction fetch RPC completed in 16.185708ms
[2m2025-12-10T10:13:22.041686Z[0m [34mDEBUG[0m [2methereum_transaction_pool_monitor::eth_client[0m[2m:[0m ✅ Transaction 0x237335fcdce391d17d3cf8a0ae79163cc1f486b898823eb2ed70aab50d67d34e fetched and parsed in 87.690792ms
[2m2025-12-10T10:13:22.041715Z[0m [34mDEBUG[0m [2methereum_transaction_pool_monitor::mempool_monitor[0m[2m:[0m 🔍 Skipping tx 0x237335fcdce391d17d3cf8a0ae79163cc1f486b898823eb2ed70aab50d67d34e - not a DEX interaction (target: 0x3Ad80458D58fb3a779Ba0779F83203a4Cf4a49d8)
[2m2025-12-10T10:13:22.041727Z[0m [34mDEBUG[0m [2methereum_transaction_pool_monitor::mempool_monitor[0m[2m:[0m 📨 Processing new pending transaction: 0xca27218c7f2834e53b25725b7239af381c196a687d8283f0c88136a5aa0751fd
[2m2025-12-10T10:13:22.041734Z[0m [34mDEBUG[0m [2methereum_transaction_pool_monitor::mempool_monitor[0m[2m:[0m 🔍 Fetching transaction details for: 0xca27218c7f2834e53b25725b7239af381c196a687d8283f0c88136a5aa0751fd
[2m2025-12-10T10:13:22.041740Z[0m [34mDEBUG[0m [2methereum_transaction_pool_monitor::eth_client[0m[2m:[0m 🔍 Fetching transaction details for hash: 0xca27218c7f2834e53b25725b7239af381c196a687d8283f0c88136a5aa0751fd
[2m2025-12-10T10:13:22.041763Z[0m [34mDEBUG[0m [2mhyper::client::pool[0m[2m:[0m reuse idle connection for ("http", 192.168.0.14:8545)
[2m2025-12-10T10:13:22.041803Z[0m [34mDEBUG[0m [2mhyper::proto::h1::io[0m[2m:[0m flushed 250 bytes
[2m2025-12-10T10:13:22.041819Z[0m [34mDEBUG[0m [2mhyper::proto::h1::io[0m[2m:[0m parsed 4 headers
[2m2025-12-10T10:13:22.041825Z[0m [34mDEBUG[0m [2mhyper::proto::h1::conn[0m[2m:[0m incoming body is content-length (45 bytes)
[2m2025-12-10T10:13:22.041834Z[0m [34mDEBUG[0m [2mhyper::proto::h1::conn[0m[2m:[0m incoming body completed
[2m2025-12-10T10:13:22.041843Z[0m [34mDEBUG[0m [2mhyper::client::pool[0m[2m:[0m pooling idle connection for ("http", 192.168.0.14:8545)
[2m2025-12-10T10:13:22.041859Z[0m [34mDEBUG[0m [2mhyper::client::pool[0m[2m:[0m reuse idle connection for ("http", 192.168.0.14:8545)
[2m2025-12-10T10:13:22.041876Z[0m [34mDEBUG[0m [2mhyper::proto::h1::io[0m[2m:[0m flushed 172 bytes
[2m2025-12-10T10:13:22.049680Z[0m [34mDEBUG[0m [2mhyper::proto::h1::io[0m[2m:[0m parsed 4 headers
[2m2025-12-10T10:13:22.049700Z[0m [34mDEBUG[0m [2mhyper::proto::h1::conn[0m[2m:[0m incoming body is content-length (768 bytes)
[2m2025-12-10T10:13:22.049711Z[0m [34mDEBUG[0m [2mhyper::proto::h1::conn[0m[2m:[0m incoming body completed
[2m2025-12-10T10:13:22.049726Z[0m [34mDEBUG[0m [2mhyper::client::pool[0m[2m:[0m pooling idle connection for ("http", 192.168.0.14:8545)
[2m2025-12-10T10:13:22.049737Z[0m [34mDEBUG[0m [2methereum_transaction_pool_monitor::eth_client[0m[2m:[0m 📡 Transaction fetch RPC completed in 7.991792ms
[2m2025-12-10T10:13:22.121780Z[0m [34mDEBUG[0m [2methereum_transaction_pool_monitor::eth_client[0m[2m:[0m ✅ Transaction 0xca27218c7f2834e53b25725b7239af381c196a687d8283f0c88136a5aa0751fd fetched and parsed in 80.032167ms
[2m2025-12-10T10:13:22.121812Z[0m [34mDEBUG[0m [2methereum_transaction_pool_monitor::mempool_monitor[0m[2m:[0m 🔍 Skipping tx 0xca27218c7f2834e53b25725b7239af381c196a687d8283f0c88136a5aa0751fd - not a DEX interaction (target: 0xA0b86991c6218b36c1d19D4a2e9Eb0cE3606eB48)
[2m2025-12-10T10:13:22.121822Z[0m [34mDEBUG[0m [2methereum_transaction_pool_monitor::mempool_monitor[0m[2m:[0m 📨 Processing new pending transaction: 0xb18d1c12e5731adeeac78fa2832168b03cf6cd1cccd92d25d6473b5f84cd75f8
[2m2025-12-10T10:13:22.121829Z[0m [34mDEBUG[0m [2methereum_transaction_pool_monitor::mempool_monitor[0m[2m:[0m 🔍 Fetching transaction details for: 0xb18d1c12e5731adeeac78fa2832168b03cf6cd1cccd92d25d6473b5f84cd75f8
[2m2025-12-10T10:13:22.121836Z[0m [34mDEBUG[0m [2methereum_transaction_pool_monitor::eth_client[0m[2m:[0m 🔍 Fetching transaction details for hash: 0xb18d1c12e5731adeeac78fa2832168b03cf6cd1cccd92d25d6473b5f84cd75f8
[2m2025-12-10T10:13:22.121856Z[0m [34mDEBUG[0m [2mhyper::client::pool[0m[2m:[0m reuse idle connection for ("http", 192.168.0.14:8545)
[2m2025-12-10T10:13:22.121914Z[0m [34mDEBUG[0m [2mhyper::proto::h1::io[0m[2m:[0m flushed 250 bytes
[2m2025-12-10T10:13:22.121932Z[0m [34mDEBUG[0m [2mhyper::proto::h1::io[0m[2m:[0m parsed 4 headers
[2m2025-12-10T10:13:22.121937Z[0m [34mDEBUG[0m [2mhyper::proto::h1::conn[0m[2m:[0m incoming body is content-length (45 bytes)
[2m2025-12-10T10:13:22.121944Z[0m [34mDEBUG[0m [2mhyper::proto::h1::conn[0m[2m:[0m incoming body completed
[2m2025-12-10T10:13:22.121955Z[0m [34mDEBUG[0m [2mhyper::client::pool[0m[2m:[0m pooling idle connection for ("http", 192.168.0.14:8545)
[2m2025-12-10T10:13:22.121971Z[0m [34mDEBUG[0m [2mhyper::client::pool[0m[2m:[0m reuse idle connection for ("http", 192.168.0.14:8545)
[2m2025-12-10T10:13:22.121986Z[0m [34mDEBUG[0m [2mhyper::proto::h1::io[0m[2m:[0m flushed 172 bytes
[2m2025-12-10T10:13:22.128479Z[0m [34mDEBUG[0m [2mhyper::proto::h1::io[0m[2m:[0m parsed 4 headers
[2m2025-12-10T10:13:22.128492Z[0m [34mDEBUG[0m [2mhyper::proto::h1::conn[0m[2m:[0m incoming body is content-length (45 bytes)
[2m2025-12-10T10:13:22.128502Z[0m [34mDEBUG[0m [2mhyper::proto::h1::conn[0m[2m:[0m incoming body completed
[2m2025-12-10T10:13:22.128519Z[0m [34mDEBUG[0m [2mhyper::client::pool[0m[2m:[0m pooling idle connection for ("http", 192.168.0.14:8545)
[2m2025-12-10T10:13:22.128546Z[0m [34mDEBUG[0m [2mhyper::proto::h1::io[0m[2m:[0m parsed 4 headers
[2m2025-12-10T10:13:22.128552Z[0m [34mDEBUG[0m [2mhyper::proto::h1::conn[0m[2m:[0m incoming body is content-length (768 bytes)
[2m2025-12-10T10:13:22.128558Z[0m [34mDEBUG[0m [2mhyper::proto::h1::conn[0m[2m:[0m incoming body completed
[2m2025-12-10T10:13:22.128564Z[0m [34mDEBUG[0m [2mhyper::client::pool[0m[2m:[0m pooling idle connection for ("http", 192.168.0.14:8545)
[2m2025-12-10T10:13:22.128570Z[0m [34mDEBUG[0m [2methereum_transaction_pool_monitor::eth_client[0m[2m:[0m 📡 Transaction fetch RPC completed in 6.729584ms
[2m2025-12-10T10:13:22.200022Z[0m [34mDEBUG[0m [2methereum_transaction_pool_monitor::eth_client[0m[2m:[0m ✅ Transaction 0xb18d1c12e5731adeeac78fa2832168b03cf6cd1cccd92d25d6473b5f84cd75f8 fetched and parsed in 78.179334ms
[2m2025-12-10T10:13:22.200056Z[0m [34mDEBUG[0m [2methereum_transaction_pool_monitor::mempool_monitor[0m[2m:[0m 🔍 Skipping tx 0xb18d1c12e5731adeeac78fa2832168b03cf6cd1cccd92d25d6473b5f84cd75f8 - not a DEX interaction (target: 0xA0b86991c6218b36c1d19D4a2e9Eb0cE3606eB48)
[2m2025-12-10T10:13:22.200113Z[0m [34mDEBUG[0m [2mhyper::client::pool[0m[2m:[0m reuse idle connection for ("http", 192.168.0.14:8545)
[2m2025-12-10T10:13:22.200158Z[0m [34mDEBUG[0m [2mhyper::proto::h1::io[0m[2m:[0m flushed 172 bytes
[2m2025-12-10T10:13:22.203809Z[0m [34mDEBUG[0m [2mhyper::proto::h1::io[0m[2m:[0m parsed 4 headers
[2m2025-12-10T10:13:22.203817Z[0m [34mDEBUG[0m [2mhyper::proto::h1::conn[0m[2m:[0m incoming body is content-length (45 bytes)
[2m2025-12-10T10:13:22.203825Z[0m [34mDEBUG[0m [2mhyper::proto::h1::conn[0m[2m:[0m incoming body completed
[2m2025-12-10T10:13:22.203835Z[0m [34mDEBUG[0m [2mhyper::client::pool[0m[2m:[0m pooling idle connection for ("http", 192.168.0.14:8545)
[2m2025-12-10T10:13:22.298809Z[0m [34mDEBUG[0m [2mhyper::client::pool[0m[2m:[0m reuse idle connection for ("http", 192.168.0.14:8545)
[2m2025-12-10T10:13:22.298889Z[0m [34mDEBUG[0m [2mhyper::proto::h1::io[0m[2m:[0m flushed 172 bytes
[2m2025-12-10T10:13:22.302022Z[0m [34mDEBUG[0m [2mhyper::proto::h1::io[0m[2m:[0m parsed 4 headers
[2m2025-12-10T10:13:22.302033Z[0m [34mDEBUG[0m [2mhyper::proto::h1::conn[0m[2m:[0m incoming body is content-length (45 bytes)
[2m2025-12-10T10:13:22.302047Z[0m [34mDEBUG[0m [2mhyper::proto::h1::conn[0m[2m:[0m incoming body completed
[2m2025-12-10T10:13:22.302067Z[0m [34mDEBUG[0m [2mhyper::client::pool[0m[2m:[0m pooling idle connection for ("http", 192.168.0.14:8545)
[2m2025-12-10T10:13:22.399224Z[0m [34mDEBUG[0m [2mhyper::client::pool[0m[2m:[0m reuse idle connection for ("http", 192.168.0.14:8545)
[2m2025-12-10T10:13:22.399337Z[0m [34mDEBUG[0m [2mhyper::proto::h1::io[0m[2m:[0m flushed 172 bytes
[2m2025-12-10T10:13:22.399949Z[0m [34mDEBUG[0m [2methereum_transaction_pool_monitor::eth_client[0m[2m:[0m 📨 Received WebSocket message: {"jsonrpc":"2.0","method":"eth_subscription","params":{"subscription":"0xbed0a0851463e895960a451075a301a9","result":"0xda1f3e7b348156fe0b235b221f82772c373b46ef6cbbb9aa2fee801f711ea781"}}
[2m2025-12-10T10:13:22.399977Z[0m [34mDEBUG[0m [2methereum_transaction_pool_monitor::eth_client[0m[2m:[0m 📨 Received pending transaction: 0xda1f3e7b348156fe0b235b221f82772c373b46ef6cbbb9aa2fee801f711ea781
[2m2025-12-10T10:13:22.399997Z[0m [34mDEBUG[0m [2methereum_transaction_pool_monitor::mempool_monitor[0m[2m:[0m 📨 Processing new pending transaction: 0xda1f3e7b348156fe0b235b221f82772c373b46ef6cbbb9aa2fee801f711ea781
[2m2025-12-10T10:13:22.400012Z[0m [34mDEBUG[0m [2methereum_transaction_pool_monitor::mempool_monitor[0m[2m:[0m 🔍 Fetching transaction details for: 0xda1f3e7b348156fe0b235b221f82772c373b46ef6cbbb9aa2fee801f711ea781
[2m2025-12-10T10:13:22.400023Z[0m [34mDEBUG[0m [2methereum_transaction_pool_monitor::eth_client[0m[2m:[0m 🔍 Fetching transaction details for hash: 0xda1f3e7b348156fe0b235b221f82772c373b46ef6cbbb9aa2fee801f711ea781
[2m2025-12-10T10:13:22.400055Z[0m [34mDEBUG[0m [2mhyper::client::pool[0m[2m:[0m reuse idle connection for ("http", 192.168.0.14:8545)
[2m2025-12-10T10:13:22.400092Z[0m [34mDEBUG[0m [2mhyper::proto::h1::io[0m[2m:[0m flushed 250 bytes
[2m2025-12-10T10:13:22.403590Z[0m [34mDEBUG[0m [2mhyper::proto::h1::io[0m[2m:[0m parsed 4 headers
[2m2025-12-10T10:13:22.403608Z[0m [34mDEBUG[0m [2mhyper::proto::h1::conn[0m[2m:[0m incoming body is content-length (45 bytes)
[2m2025-12-10T10:13:22.403629Z[0m [34mDEBUG[0m [2mhyper::proto::h1::conn[0m[2m:[0m incoming body completed
[2m2025-12-10T10:13:22.403662Z[0m [34mDEBUG[0m [2mhyper::client::pool[0m[2m:[0m pooling idle connection for ("http", 192.168.0.14:8545)
[2m2025-12-10T10:13:22.409019Z[0m [34mDEBUG[0m [2mhyper::proto::h1::io[0m[2m:[0m parsed 4 headers
[2m2025-12-10T10:13:22.409071Z[0m [34mDEBUG[0m [2mhyper::proto::h1::conn[0m[2m:[0m incoming body is content-length (4161 bytes)
[2m2025-12-10T10:13:22.409117Z[0m [34mDEBUG[0m [2methereum_transaction_pool_monitor::eth_client[0m[2m:[0m 📡 Transaction fetch RPC completed in 9.082666ms
[2m2025-12-10T10:13:22.409463Z[0m [34mDEBUG[0m [2mhyper::proto::h1::conn[0m[2m:[0m incoming body completed
[2m2025-12-10T10:13:22.409496Z[0m [34mDEBUG[0m [2mhyper::client::pool[0m[2m:[0m pooling idle connection for ("http", 192.168.0.14:8545)
[2m2025-12-10T10:13:22.420876Z[0m [34mDEBUG[0m [2methereum_transaction_pool_monitor::eth_client[0m[2m:[0m 📨 Received WebSocket message: {"jsonrpc":"2.0","method":"eth_subscription","params":{"subscription":"0xbed0a0851463e895960a451075a301a9","result":"0x508e486554f24b85692a4a585d845344dde429d65075e52b6d1adaf81b391d3e"}}
[2m2025-12-10T10:13:22.420903Z[0m [34mDEBUG[0m [2methereum_transaction_pool_monitor::eth_client[0m[2m:[0m 📨 Received pending transaction: 0x508e486554f24b85692a4a585d845344dde429d65075e52b6d1adaf81b391d3e
[2m2025-12-10T10:13:22.457132Z[0m [34mDEBUG[0m [2methereum_transaction_pool_monitor::eth_client[0m[2m:[0m 📨 Received WebSocket message: {"jsonrpc":"2.0","method":"eth_subscription","params":{"subscription":"0xbed0a0851463e895960a451075a301a9","result":"0xa7d1f212b7db4e4e0737d670494f482d58a9a144a9cab218b05ac427991979b6"}}
[2m2025-12-10T10:13:22.457157Z[0m [34mDEBUG[0m [2methereum_transaction_pool_monitor::eth_client[0m[2m:[0m 📨 Received pending transaction: 0xa7d1f212b7db4e4e0737d670494f482d58a9a144a9cab218b05ac427991979b6
[2m2025-12-10T10:13:22.458789Z[0m [34mDEBUG[0m [2methereum_transaction_pool_monitor::eth_client[0m[2m:[0m 📨 Received WebSocket message: {"jsonrpc":"2.0","method":"eth_subscription","params":{"subscription":"0xbed0a0851463e895960a451075a301a9","result":"0x4110fdf790d65b138ee6c60193fbc4fca02681b57d0e78bc406564630338a03b"}}
[2m2025-12-10T10:13:22.458804Z[0m [34mDEBUG[0m [2methereum_transaction_pool_monitor::eth_client[0m[2m:[0m 📨 Received pending transaction: 0x4110fdf790d65b138ee6c60193fbc4fca02681b57d0e78bc406564630338a03b
[2m2025-12-10T10:13:22.499847Z[0m [34mDEBUG[0m [2mhyper::client::pool[0m[2m:[0m reuse idle connection for ("http", 192.168.0.14:8545)
[2m2025-12-10T10:13:22.499905Z[0m [34mDEBUG[0m [2mhyper::proto::h1::io[0m[2m:[0m flushed 172 bytes
[2m2025-12-10T10:13:22.502472Z[0m [34mDEBUG[0m [2methereum_transaction_pool_monitor::eth_client[0m[2m:[0m ✅ Transaction 0xda1f3e7b348156fe0b235b221f82772c373b46ef6cbbb9aa2fee801f711ea781 fetched and parsed in 102.436541ms
[2m2025-12-10T10:13:22.502484Z[0m [34mDEBUG[0m [2methereum_transaction_pool_monitor::mempool_monitor[0m[2m:[0m 🔍 Skipping tx 0xda1f3e7b348156fe0b235b221f82772c373b46ef6cbbb9aa2fee801f711ea781 - not a DEX interaction (target: 0x5523985926Aa12BA58DC5Ad00DDca99678D7227E)
[2m2025-12-10T10:13:22.502494Z[0m [34mDEBUG[0m [2methereum_transaction_pool_monitor::mempool_monitor[0m[2m:[0m 📨 Processing new pending transaction: 0x508e486554f24b85692a4a585d845344dde429d65075e52b6d1adaf81b391d3e
[2m2025-12-10T10:13:22.502500Z[0m [34mDEBUG[0m [2methereum_transaction_pool_monitor::mempool_monitor[0m[2m:[0m 🔍 Fetching transaction details for: 0x508e486554f24b85692a4a585d845344dde429d65075e52b6d1adaf81b391d3e
[2m2025-12-10T10:13:22.502506Z[0m [34mDEBUG[0m [2methereum_transaction_pool_monitor::eth_client[0m[2m:[0m 🔍 Fetching transaction details for hash: 0x508e486554f24b85692a4a585d845344dde429d65075e52b6d1adaf81b391d3e
[2m2025-12-10T10:13:22.502525Z[0m [34mDEBUG[0m [2mhyper::client::pool[0m[2m:[0m reuse idle connection for ("http", 192.168.0.14:8545)
[2m2025-12-10T10:13:22.502558Z[0m [34mDEBUG[0m [2mhyper::proto::h1::io[0m[2m:[0m flushed 250 bytes
[2m2025-12-10T10:13:22.503911Z[0m [34mDEBUG[0m [2mhyper::proto::h1::io[0m[2m:[0m parsed 4 headers
[2m2025-12-10T10:13:22.503918Z[0m [34mDEBUG[0m [2mhyper::proto::h1::conn[0m[2m:[0m incoming body is content-length (45 bytes)
[2m2025-12-10T10:13:22.503927Z[0m [34mDEBUG[0m [2mhyper::proto::h1::conn[0m[2m:[0m incoming body completed
[2m2025-12-10T10:13:22.503935Z[0m [34mDEBUG[0m [2mhyper::client::pool[0m[2m:[0m pooling idle connection for ("http", 192.168.0.14:8545)
[2m2025-12-10T10:13:22.508578Z[0m [34mDEBUG[0m [2mhyper::proto::h1::io[0m[2m:[0m parsed 4 headers
[2m2025-12-10T10:13:22.508601Z[0m [34mDEBUG[0m [2mhyper::proto::h1::conn[0m[2m:[0m incoming body is content-length (767 bytes)
[2m2025-12-10T10:13:22.508623Z[0m [34mDEBUG[0m [2mhyper::proto::h1::conn[0m[2m:[0m incoming body completed
[2m2025-12-10T10:13:22.508648Z[0m [34mDEBUG[0m [2mhyper::client::pool[0m[2m:[0m pooling idle connection for ("http", 192.168.0.14:8545)
[2m2025-12-10T10:13:22.508666Z[0m [34mDEBUG[0m [2methereum_transaction_pool_monitor::eth_client[0m[2m:[0m 📡 Transaction fetch RPC completed in 6.153125ms
[2m2025-12-10T10:13:22.508682Z[0m [34mDEBUG[0m [2methereum_transaction_pool_monitor::eth_client[0m[2m:[0m DeFi transaction detected - Address: 0xdac17f958d2ee523a2206206994597c13d831ec7, Type: Stablecoin, Value: 0 ETH, Gas: 0.22 Gwei
[2m2025-12-10T10:13:22.508695Z[0m [34mDEBUG[0m [2methereum_transaction_pool_monitor::eth_client[0m[2m:[0m ✅ Transaction 0x508e486554f24b85692a4a585d845344dde429d65075e52b6d1adaf81b391d3e fetched and parsed in 6.181458ms
[2m2025-12-10T10:13:22.508704Z[0m [34mDEBUG[0m [2methereum_transaction_pool_monitor::mempool_monitor[0m[2m:[0m 🔍 Skipping tx 0x508e486554f24b85692a4a585d845344dde429d65075e52b6d1adaf81b391d3e - not a DEX interaction (target: 0xdAC17F958D2ee523a2206206994597C13D831ec7)
[2m2025-12-10T10:13:22.508710Z[0m [34mDEBUG[0m [2methereum_transaction_pool_monitor::mempool_monitor[0m[2m:[0m 📨 Processing new pending transaction: 0xa7d1f212b7db4e4e0737d670494f482d58a9a144a9cab218b05ac427991979b6
[2m2025-12-10T10:13:22.508965Z[0m [34mDEBUG[0m [2methereum_transaction_pool_monitor::mempool_monitor[0m[2m:[0m 🔍 Fetching transaction details for: 0xa7d1f212b7db4e4e0737d670494f482d58a9a144a9cab218b05ac427991979b6
[2m2025-12-10T10:13:22.508971Z[0m [34mDEBUG[0m [2methereum_transaction_pool_monitor::eth_client[0m[2m:[0m 🔍 Fetching transaction details for hash: 0xa7d1f212b7db4e4e0737d670494f482d58a9a144a9cab218b05ac427991979b6
[2m2025-12-10T10:13:22.508983Z[0m [34mDEBUG[0m [2mhyper::client::pool[0m[2m:[0m reuse idle connection for ("http", 192.168.0.14:8545)
[2m2025-12-10T10:13:22.508999Z[0m [34mDEBUG[0m [2mhyper::proto::h1::io[0m[2m:[0m flushed 250 bytes
[2m2025-12-10T10:13:22.514578Z[0m [34mDEBUG[0m [2mhyper::proto::h1::io[0m[2m:[0m parsed 4 headers
[2m2025-12-10T10:13:22.514586Z[0m [34mDEBUG[0m [2mhyper::proto::h1::conn[0m[2m:[0m incoming body is content-length (830 bytes)
[2m2025-12-10T10:13:22.514592Z[0m [34mDEBUG[0m [2mhyper::proto::h1::conn[0m[2m:[0m incoming body completed
[2m2025-12-10T10:13:22.514599Z[0m [34mDEBUG[0m [2mhyper::client::pool[0m[2m:[0m pooling idle connection for ("http", 192.168.0.14:8545)
[2m2025-12-10T10:13:22.514605Z[0m [34mDEBUG[0m [2methereum_transaction_pool_monitor::eth_client[0m[2m:[0m 📡 Transaction fetch RPC completed in 5.629875ms
[2m2025-12-10T10:13:22.585876Z[0m [34mDEBUG[0m [2methereum_transaction_pool_monitor::eth_client[0m[2m:[0m ✅ Transaction 0xa7d1f212b7db4e4e0737d670494f482d58a9a144a9cab218b05ac427991979b6 fetched and parsed in 76.897667ms
[2m2025-12-10T10:13:22.585904Z[0m [34mDEBUG[0m [2methereum_transaction_pool_monitor::mempool_monitor[0m[2m:[0m 🔍 Skipping tx 0xa7d1f212b7db4e4e0737d670494f482d58a9a144a9cab218b05ac427991979b6 - not a DEX interaction (target: 0x3B4D794a66304F130a4Db8F2551B0070dfCf5ca7)
[2m2025-12-10T10:13:22.585916Z[0m [34mDEBUG[0m [2methereum_transaction_pool_monitor::mempool_monitor[0m[2m:[0m 📨 Processing new pending transaction: 0x4110fdf790d65b138ee6c60193fbc4fca02681b57d0e78bc406564630338a03b
[2m2025-12-10T10:13:22.585925Z[0m [34mDEBUG[0m [2methereum_transaction_pool_monitor::mempool_monitor[0m[2m:[0m 🔍 Fetching transaction details for: 0x4110fdf790d65b138ee6c60193fbc4fca02681b57d0e78bc406564630338a03b
[2m2025-12-10T10:13:22.585934Z[0m [34mDEBUG[0m [2methereum_transaction_pool_monitor::eth_client[0m[2m:[0m 🔍 Fetching transaction details for hash: 0x4110fdf790d65b138ee6c60193fbc4fca02681b57d0e78bc406564630338a03b
[2m2025-12-10T10:13:22.585958Z[0m [34mDEBUG[0m [2mhyper::client::pool[0m[2m:[0m reuse idle connection for ("http", 192.168.0.14:8545)
[2m2025-12-10T10:13:22.586005Z[0m [34mDEBUG[0m [2mhyper::proto::h1::io[0m[2m:[0m flushed 250 bytes
[2m2025-12-10T10:13:22.586028Z[0m [34mDEBUG[0m [2methereum_transaction_pool_monitor::eth_client[0m[2m:[0m 📨 Received WebSocket message: {"jsonrpc":"2.0","method":"eth_subscription","params":{"subscription":"0xbed0a0851463e895960a451075a301a9","result":"0xd730b9041e63f621a011416f44fc7542c23876237e888f6c48436786ae33376d"}}
[2m2025-12-10T10:13:22.586041Z[0m [34mDEBUG[0m [2methereum_transaction_pool_monitor::eth_client[0m[2m:[0m 📨 Received pending transaction: 0xd730b9041e63f621a011416f44fc7542c23876237e888f6c48436786ae33376d
[2m2025-12-10T10:13:22.589865Z[0m [34mDEBUG[0m [2mhyper::proto::h1::io[0m[2m:[0m parsed 4 headers
[2m2025-12-10T10:13:22.589892Z[0m [34mDEBUG[0m [2mhyper::proto::h1::conn[0m[2m:[0m incoming body is content-length (2323 bytes)
[2m2025-12-10T10:13:22.589936Z[0m [34mDEBUG[0m [2methereum_transaction_pool_monitor::eth_client[0m[2m:[0m 📡 Transaction fetch RPC completed in 3.99425ms
[2m2025-12-10T10:13:22.590119Z[0m [34mDEBUG[0m [2mhyper::proto::h1::conn[0m[2m:[0m incoming body completed
[2m2025-12-10T10:13:22.590127Z[0m [34mDEBUG[0m [2mhyper::client::pool[0m[2m:[0m pooling idle connection for ("http", 192.168.0.14:8545)
[2m2025-12-10T10:13:22.599157Z[0m [34mDEBUG[0m [2mhyper::client::pool[0m[2m:[0m reuse idle connection for ("http", 192.168.0.14:8545)
[2m2025-12-10T10:13:22.599202Z[0m [34mDEBUG[0m [2mhyper::proto::h1::io[0m[2m:[0m flushed 172 bytes
[2m2025-12-10T10:13:22.602483Z[0m [34mDEBUG[0m [2methereum_transaction_pool_monitor::eth_client[0m[2m:[0m 📨 Received WebSocket message: {"jsonrpc":"2.0","method":"eth_subscription","params":{"subscription":"0xbed0a0851463e895960a451075a301a9","result":"0x1274bf6ed3fdeec439d5f7bc67f5bdf16d58fd9d1ef6d65781580a48d23b42ad"}}
[2m2025-12-10T10:13:22.602495Z[0m [34mDEBUG[0m [2methereum_transaction_pool_monitor::eth_client[0m[2m:[0m 📨 Received pending transaction: 0x1274bf6ed3fdeec439d5f7bc67f5bdf16d58fd9d1ef6d65781580a48d23b42ad
[2m2025-12-10T10:13:22.603170Z[0m [34mDEBUG[0m [2mhyper::proto::h1::io[0m[2m:[0m parsed 4 headers
[2m2025-12-10T10:13:22.603178Z[0m [34mDEBUG[0m [2mhyper::proto::h1::conn[0m[2m:[0m incoming body is content-length (45 bytes)
[2m2025-12-10T10:13:22.603186Z[0m [34mDEBUG[0m [2mhyper::proto::h1::conn[0m[2m:[0m incoming body completed
[2m2025-12-10T10:13:22.603195Z[0m [34mDEBUG[0m [2mhyper::client::pool[0m[2m:[0m pooling idle connection for ("http", 192.168.0.14:8545)
[2m2025-12-10T10:13:22.615733Z[0m [34mDEBUG[0m [2methereum_transaction_pool_monitor::eth_client[0m[2m:[0m 📨 Received WebSocket message: {"jsonrpc":"2.0","method":"eth_subscription","params":{"subscription":"0xbed0a0851463e895960a451075a301a9","result":"0x8fb3a3731112b3714d8da2e9bc9d4fbeb028df0b41cbb80a0fe616065f8181a4"}}
[2m2025-12-10T10:13:22.615749Z[0m [34mDEBUG[0m [2methereum_transaction_pool_monitor::eth_client[0m[2m:[0m 📨 Received pending transaction: 0x8fb3a3731112b3714d8da2e9bc9d4fbeb028df0b41cbb80a0fe616065f8181a4
[2m2025-12-10T10:13:22.661064Z[0m [34mDEBUG[0m [2methereum_transaction_pool_monitor::eth_client[0m[2m:[0m ✅ Transaction 0x4110fdf790d65b138ee6c60193fbc4fca02681b57d0e78bc406564630338a03b fetched and parsed in 75.119042ms
[2m2025-12-10T10:13:22.661084Z[0m [34mDEBUG[0m [2methereum_transaction_pool_monitor::mempool_monitor[0m[2m:[0m 🔍 Skipping tx 0x4110fdf790d65b138ee6c60193fbc4fca02681b57d0e78bc406564630338a03b - not a DEX interaction (target: 0x66a9893cC07D91D95644AEDD05D03f95e1dBA8Af)
[2m2025-12-10T10:13:22.661095Z[0m [34mDEBUG[0m [2methereum_transaction_pool_monitor::mempool_monitor[0m[2m:[0m 📨 Processing new pending transaction: 0xd730b9041e63f621a011416f44fc7542c23876237e888f6c48436786ae33376d
[2m2025-12-10T10:13:22.661102Z[0m [34mDEBUG[0m [2methereum_transaction_pool_monitor::mempool_monitor[0m[2m:[0m 🔍 Fetching transaction details for: 0xd730b9041e63f621a011416f44fc7542c23876237e888f6c48436786ae33376d
[2m2025-12-10T10:13:22.661107Z[0m [34mDEBUG[0m [2methereum_transaction_pool_monitor::eth_client[0m[2m:[0m 🔍 Fetching transaction details for hash: 0xd730b9041e63f621a011416f44fc7542c23876237e888f6c48436786ae33376d
[2m2025-12-10T10:13:22.661128Z[0m [34mDEBUG[0m [2mhyper::client::pool[0m[2m:[0m reuse idle connection for ("http", 192.168.0.14:8545)
[2m2025-12-10T10:13:22.661156Z[0m [34mDEBUG[0m [2mhyper::proto::h1::io[0m[2m:[0m flushed 250 bytes
[2m2025-12-10T10:13:22.662196Z[0m [34mDEBUG[0m [2methereum_transaction_pool_monitor::eth_client[0m[2m:[0m 📨 Received WebSocket message: {"jsonrpc":"2.0","method":"eth_subscription","params":{"subscription":"0xbed0a0851463e895960a451075a301a9","result":"0x0d3c58c629447d3334371a90f0073dbdfcbb52895f73e5055f340101bc23ba5a"}}
[2m2025-12-10T10:13:22.662236Z[0m [34mDEBUG[0m [2methereum_transaction_pool_monitor::eth_client[0m[2m:[0m 📨 Received pending transaction: 0x0d3c58c629447d3334371a90f0073dbdfcbb52895f73e5055f340101bc23ba5a
[2m2025-12-10T10:13:22.666681Z[0m [34mDEBUG[0m [2mhyper::proto::h1::io[0m[2m:[0m parsed 4 headers
[2m2025-12-10T10:13:22.666706Z[0m [34mDEBUG[0m [2mhyper::proto::h1::conn[0m[2m:[0m incoming body is content-length (761 bytes)
[2m2025-12-10T10:13:22.666731Z[0m [34mDEBUG[0m [2mhyper::proto::h1::conn[0m[2m:[0m incoming body completed
[2m2025-12-10T10:13:22.666757Z[0m [34mDEBUG[0m [2mhyper::client::pool[0m[2m:[0m pooling idle connection for ("http", 192.168.0.14:8545)
[2m2025-12-10T10:13:22.666764Z[0m [34mDEBUG[0m [2methereum_transaction_pool_monitor::eth_client[0m[2m:[0m 📡 Transaction fetch RPC completed in 5.6525ms
[2m2025-12-10T10:13:22.738221Z[0m [34mDEBUG[0m [2methereum_transaction_pool_monitor::eth_client[0m[2m:[0m ✅ Transaction 0xd730b9041e63f621a011416f44fc7542c23876237e888f6c48436786ae33376d fetched and parsed in 77.106209ms
[2m2025-12-10T10:13:22.738248Z[0m [34mDEBUG[0m [2methereum_transaction_pool_monitor::mempool_monitor[0m[2m:[0m 🔍 Skipping tx 0xd730b9041e63f621a011416f44fc7542c23876237e888f6c48436786ae33376d - not a DEX interaction (target: 0xA0b86991c6218b36c1d19D4a2e9Eb0cE3606eB48)
[2m2025-12-10T10:13:22.738258Z[0m [34mDEBUG[0m [2methereum_transaction_pool_monitor::mempool_monitor[0m[2m:[0m 📨 Processing new pending transaction: 0x1274bf6ed3fdeec439d5f7bc67f5bdf16d58fd9d1ef6d65781580a48d23b42ad
[2m2025-12-10T10:13:22.738265Z[0m [34mDEBUG[0m [2methereum_transaction_pool_monitor::mempool_monitor[0m[2m:[0m 🔍 Fetching transaction details for: 0x1274bf6ed3fdeec439d5f7bc67f5bdf16d58fd9d1ef6d65781580a48d23b42ad
[2m2025-12-10T10:13:22.738271Z[0m [34mDEBUG[0m [2methereum_transaction_pool_monitor::eth_client[0m[2m:[0m 🔍 Fetching transaction details for hash: 0x1274bf6ed3fdeec439d5f7bc67f5bdf16d58fd9d1ef6d65781580a48d23b42ad
[2m2025-12-10T10:13:22.738292Z[0m [34mDEBUG[0m [2mhyper::client::pool[0m[2m:[0m reuse idle connection for ("http", 192.168.0.14:8545)
[2m2025-12-10T10:13:22.738332Z[0m [34mDEBUG[0m [2mhyper::proto::h1::io[0m[2m:[0m flushed 250 bytes
[2m2025-12-10T10:13:22.738353Z[0m [34mDEBUG[0m [2mhyper::client::pool[0m[2m:[0m reuse idle connection for ("http", 192.168.0.14:8545)
[2m2025-12-10T10:13:22.738363Z[0m [34mDEBUG[0m [2methereum_transaction_pool_monitor::eth_client[0m[2m:[0m 📨 Received WebSocket message: {"jsonrpc":"2.0","method":"eth_subscription","params":{"subscription":"0xbed0a0851463e895960a451075a301a9","result":"0x9d6e85dbaa7dad9233ee4adfcec392a5bab6548c228e3399961d6905d8cdd5d0"}}
[2m2025-12-10T10:13:22.738378Z[0m [34mDEBUG[0m [2methereum_transaction_pool_monitor::eth_client[0m[2m:[0m 📨 Received pending transaction: 0x9d6e85dbaa7dad9233ee4adfcec392a5bab6548c228e3399961d6905d8cdd5d0
[2m2025-12-10T10:13:22.738367Z[0m [34mDEBUG[0m [2mhyper::proto::h1::io[0m[2m:[0m flushed 172 bytes
[2m2025-12-10T10:13:22.741980Z[0m [34mDEBUG[0m [2mhyper::proto::h1::io[0m[2m:[0m parsed 4 headers
[2m2025-12-10T10:13:22.741986Z[0m [34mDEBUG[0m [2mhyper::proto::h1::conn[0m[2m:[0m incoming body is content-length (45 bytes)
[2m2025-12-10T10:13:22.741994Z[0m [34mDEBUG[0m [2mhyper::proto::h1::conn[0m[2m:[0m incoming body completed
[2m2025-12-10T10:13:22.742001Z[0m [34mDEBUG[0m [2mhyper::client::pool[0m[2m:[0m pooling idle connection for ("http", 192.168.0.14:8545)
[2m2025-12-10T10:13:22.742017Z[0m [34mDEBUG[0m [2mhyper::proto::h1::io[0m[2m:[0m parsed 4 headers
[2m2025-12-10T10:13:22.742025Z[0m [34mDEBUG[0m [2mhyper::proto::h1::conn[0m[2m:[0m incoming body is content-length (712 bytes)
[2m2025-12-10T10:13:22.742032Z[0m [34mDEBUG[0m [2mhyper::proto::h1::conn[0m[2m:[0m incoming body completed
[2m2025-12-10T10:13:22.742038Z[0m [34mDEBUG[0m [2mhyper::client::pool[0m[2m:[0m pooling idle connection for ("http", 192.168.0.14:8545)
[2m2025-12-10T10:13:22.742044Z[0m [34mDEBUG[0m [2methereum_transaction_pool_monitor::eth_client[0m[2m:[0m 📡 Transaction fetch RPC completed in 3.768292ms
[2m2025-12-10T10:13:22.813453Z[0m [34mDEBUG[0m [2methereum_transaction_pool_monitor::eth_client[0m[2m:[0m ✅ Transaction 0x1274bf6ed3fdeec439d5f7bc67f5bdf16d58fd9d1ef6d65781580a48d23b42ad fetched and parsed in 75.174708ms
[2m2025-12-10T10:13:22.813487Z[0m [34mDEBUG[0m [2methereum_transaction_pool_monitor::mempool_monitor[0m[2m:[0m 🔍 Skipping tx 0x1274bf6ed3fdeec439d5f7bc67f5bdf16d58fd9d1ef6d65781580a48d23b42ad - not a DEX interaction (target: 0x6534F50f13484B0D475773D1b7030e14167C99b7)
[2m2025-12-10T10:13:22.813506Z[0m [34mDEBUG[0m [2methereum_transaction_pool_monitor::mempool_monitor[0m[2m:[0m 📨 Processing new pending transaction: 0x8fb3a3731112b3714d8da2e9bc9d4fbeb028df0b41cbb80a0fe616065f8181a4
[2m2025-12-10T10:13:22.813516Z[0m [34mDEBUG[0m [2methereum_transaction_pool_monitor::mempool_monitor[0m[2m:[0m 🔍 Fetching transaction details for: 0x8fb3a3731112b3714d8da2e9bc9d4fbeb028df0b41cbb80a0fe616065f8181a4
[2m2025-12-10T10:13:22.813522Z[0m [34mDEBUG[0m [2methereum_transaction_pool_monitor::eth_client[0m[2m:[0m 🔍 Fetching transaction details for hash: 0x8fb3a3731112b3714d8da2e9bc9d4fbeb028df0b41cbb80a0fe616065f8181a4
[2m2025-12-10T10:13:22.813543Z[0m [34mDEBUG[0m [2mhyper::client::pool[0m[2m:[0m reuse idle connection for ("http", 192.168.0.14:8545)
[2m2025-12-10T10:13:22.813574Z[0m [34mDEBUG[0m [2mhyper::proto::h1::io[0m[2m:[0m flushed 250 bytes
[2m2025-12-10T10:13:22.813606Z[0m [34mDEBUG[0m [2mhyper::client::pool[0m[2m:[0m reuse idle connection for ("http", 192.168.0.14:8545)
[2m2025-12-10T10:13:22.813626Z[0m [34mDEBUG[0m [2mhyper::proto::h1::io[0m[2m:[0m flushed 172 bytes
[2m2025-12-10T10:13:22.817881Z[0m [34mDEBUG[0m [2mhyper::proto::h1::io[0m[2m:[0m parsed 4 headers
[2m2025-12-10T10:13:22.817904Z[0m [34mDEBUG[0m [2mhyper::proto::h1::conn[0m[2m:[0m incoming body is content-length (45 bytes)
[2m2025-12-10T10:13:22.817929Z[0m [34mDEBUG[0m [2mhyper::proto::h1::conn[0m[2m:[0m incoming body completed
[2m2025-12-10T10:13:22.817954Z[0m [34mDEBUG[0m [2mhyper::client::pool[0m[2m:[0m pooling idle connection for ("http", 192.168.0.14:8545)
[2m2025-12-10T10:13:22.823677Z[0m [34mDEBUG[0m [2mhyper::proto::h1::io[0m[2m:[0m parsed 4 headers
[2m2025-12-10T10:13:22.827851Z[0m [34mDEBUG[0m [2mhyper::proto::h1::conn[0m[2m:[0m incoming body is content-length (771 bytes)
[2m2025-12-10T10:13:22.827889Z[0m [34mDEBUG[0m [2mhyper::proto::h1::conn[0m[2m:[0m incoming body completed
[2m2025-12-10T10:13:22.827911Z[0m [34mDEBUG[0m [2mhyper::client::pool[0m[2m:[0m pooling idle connection for ("http", 192.168.0.14:8545)
[2m2025-12-10T10:13:22.827918Z[0m [34mDEBUG[0m [2methereum_transaction_pool_monitor::eth_client[0m[2m:[0m 📡 Transaction fetch RPC completed in 14.389292ms
[2m2025-12-10T10:13:22.827934Z[0m [34mDEBUG[0m [2methereum_transaction_pool_monitor::eth_client[0m[2m:[0m DeFi transaction detected - Address: 0xdac17f958d2ee523a2206206994597c13d831ec7, Type: Stablecoin, Value: 0 ETH, Gas: 0.37 Gwei
[2m2025-12-10T10:13:22.827950Z[0m [34mDEBUG[0m [2methereum_transaction_pool_monitor::eth_client[0m[2m:[0m ✅ Transaction 0x8fb3a3731112b3714d8da2e9bc9d4fbeb028df0b41cbb80a0fe616065f8181a4 fetched and parsed in 14.421375ms
[2m2025-12-10T10:13:22.827956Z[0m [34mDEBUG[0m [2methereum_transaction_pool_monitor::mempool_monitor[0m[2m:[0m 🔍 Skipping tx 0x8fb3a3731112b3714d8da2e9bc9d4fbeb028df0b41cbb80a0fe616065f8181a4 - not a DEX interaction (target: 0xdAC17F958D2ee523a2206206994597C13D831ec7)
[2m2025-12-10T10:13:22.827963Z[0m [34mDEBUG[0m [2methereum_transaction_pool_monitor::mempool_monitor[0m[2m:[0m 📨 Processing new pending transaction: 0x0d3c58c629447d3334371a90f0073dbdfcbb52895f73e5055f340101bc23ba5a
[2m2025-12-10T10:13:22.827970Z[0m [34mDEBUG[0m [2methereum_transaction_pool_monitor::mempool_monitor[0m[2m:[0m 🔍 Fetching transaction details for: 0x0d3c58c629447d3334371a90f0073dbdfcbb52895f73e5055f340101bc23ba5a
[2m2025-12-10T10:13:22.827974Z[0m [34mDEBUG[0m [2methereum_transaction_pool_monitor::eth_client[0m[2m:[0m 🔍 Fetching transaction details for hash: 0x0d3c58c629447d3334371a90f0073dbdfcbb52895f73e5055f340101bc23ba5a
[2m2025-12-10T10:13:22.828070Z[0m [34mDEBUG[0m [2mhyper::client::pool[0m[2m:[0m reuse idle connection for ("http", 192.168.0.14:8545)
[2m2025-12-10T10:13:22.828085Z[0m [34mDEBUG[0m [2mhyper::proto::h1::io[0m[2m:[0m flushed 250 bytes
[2m2025-12-10T10:13:22.828098Z[0m [34mDEBUG[0m [2methereum_transaction_pool_monitor::eth_client[0m[2m:[0m 📨 Received WebSocket message: {"jsonrpc":"2.0","method":"eth_subscription","params":{"subscription":"0xbed0a0851463e895960a451075a301a9","result":"0x6ffb5ef9e3287ed4491fe7db0502b0ed6420732c103c95000a76fca2f6a9877c"}}
[2m2025-12-10T10:13:22.828104Z[0m [34mDEBUG[0m [2methereum_transaction_pool_monitor::eth_client[0m[2m:[0m 📨 Received pending transaction: 0x6ffb5ef9e3287ed4491fe7db0502b0ed6420732c103c95000a76fca2f6a9877c
[2m2025-12-10T10:13:22.833910Z[0m [34mDEBUG[0m [2mhyper::proto::h1::io[0m[2m:[0m parsed 4 headers
[2m2025-12-10T10:13:22.833918Z[0m [34mDEBUG[0m [2mhyper::proto::h1::conn[0m[2m:[0m incoming body is content-length (1292 bytes)
[2m2025-12-10T10:13:22.833923Z[0m [34mDEBUG[0m [2mhyper::proto::h1::conn[0m[2m:[0m incoming body completed
[2m2025-12-10T10:13:22.833929Z[0m [34mDEBUG[0m [2mhyper::client::pool[0m[2m:[0m pooling idle connection for ("http", 192.168.0.14:8545)
[2m2025-12-10T10:13:22.833934Z[0m [34mDEBUG[0m [2methereum_transaction_pool_monitor::eth_client[0m[2m:[0m 📡 Transaction fetch RPC completed in 5.866875ms
[2m2025-12-10T10:13:22.900938Z[0m [34mDEBUG[0m [2methereum_transaction_pool_monitor::eth_client[0m[2m:[0m ✅ Transaction 0x0d3c58c629447d3334371a90f0073dbdfcbb52895f73e5055f340101bc23ba5a fetched and parsed in 72.867625ms
[2m2025-12-10T10:13:22.900953Z[0m [34mDEBUG[0m [2methereum_transaction_pool_monitor::mempool_monitor[0m[2m:[0m 🔍 Skipping tx 0x0d3c58c629447d3334371a90f0073dbdfcbb52895f73e5055f340101bc23ba5a - not a DEX interaction (target: 0xA69babEF1cA67A37Ffaf7a485DfFF3382056e78C)
[2m2025-12-10T10:13:22.900962Z[0m [34mDEBUG[0m [2methereum_transaction_pool_monitor::mempool_monitor[0m[2m:[0m 📨 Processing new pending transaction: 0x9d6e85dbaa7dad9233ee4adfcec392a5bab6548c228e3399961d6905d8cdd5d0
[2m2025-12-10T10:13:22.900967Z[0m [34mDEBUG[0m [2methereum_transaction_pool_monitor::mempool_monitor[0m[2m:[0m 🔍 Fetching transaction details for: 0x9d6e85dbaa7dad9233ee4adfcec392a5bab6548c228e3399961d6905d8cdd5d0
[2m2025-12-10T10:13:22.900971Z[0m [34mDEBUG[0m [2methereum_transaction_pool_monitor::eth_client[0m[2m:[0m 🔍 Fetching transaction details for hash: 0x9d6e85dbaa7dad9233ee4adfcec392a5bab6548c228e3399961d6905d8cdd5d0
[2m2025-12-10T10:13:22.900990Z[0m [34mDEBUG[0m [2mhyper::client::pool[0m[2m:[0m reuse idle connection for ("http", 192.168.0.14:8545)
[2m2025-12-10T10:13:22.901017Z[0m [34mDEBUG[0m [2mhyper::proto::h1::io[0m[2m:[0m flushed 250 bytes
[2m2025-12-10T10:13:22.901038Z[0m [34mDEBUG[0m [2mhyper::client::pool[0m[2m:[0m reuse idle connection for ("http", 192.168.0.14:8545)
[2m2025-12-10T10:13:22.901053Z[0m [34mDEBUG[0m [2mhyper::proto::h1::io[0m[2m:[0m flushed 172 bytes
[2m2025-12-10T10:13:22.901052Z[0m [34mDEBUG[0m [2methereum_transaction_pool_monitor::eth_client[0m[2m:[0m 📨 Received WebSocket message: {"jsonrpc":"2.0","method":"eth_subscription","params":{"subscription":"0xbed0a0851463e895960a451075a301a9","result":"0x500c2e8e2f454fb50492fad35627ed5ca4850e4908f01045424999cdd0fc981b"}}
[2m2025-12-10T10:13:22.901070Z[0m [34mDEBUG[0m [2methereum_transaction_pool_monitor::eth_client[0m[2m:[0m 📨 Received pending transaction: 0x500c2e8e2f454fb50492fad35627ed5ca4850e4908f01045424999cdd0fc981b
[2m2025-12-10T10:13:22.904931Z[0m [34mDEBUG[0m [2mhyper::proto::h1::io[0m[2m:[0m parsed 4 headers
[2m2025-12-10T10:13:22.904939Z[0m [34mDEBUG[0m [2mhyper::proto::h1::conn[0m[2m:[0m incoming body is content-length (1291 bytes)
[2m2025-12-10T10:13:22.904946Z[0m [34mDEBUG[0m [2mhyper::proto::h1::conn[0m[2m:[0m incoming body completed
[2m2025-12-10T10:13:22.904954Z[0m [34mDEBUG[0m [2mhyper::client::pool[0m[2m:[0m pooling idle connection for ("http", 192.168.0.14:8545)
[2m2025-12-10T10:13:22.904961Z[0m [34mDEBUG[0m [2methereum_transaction_pool_monitor::eth_client[0m[2m:[0m 📡 Transaction fetch RPC completed in 3.986208ms
[2m2025-12-10T10:13:22.971429Z[0m [34mDEBUG[0m [2methereum_transaction_pool_monitor::eth_client[0m[2m:[0m ✅ Transaction 0x9d6e85dbaa7dad9233ee4adfcec392a5bab6548c228e3399961d6905d8cdd5d0 fetched and parsed in 70.45125ms
[2m2025-12-10T10:13:22.971446Z[0m [34mDEBUG[0m [2methereum_transaction_pool_monitor::mempool_monitor[0m[2m:[0m 🔍 Skipping tx 0x9d6e85dbaa7dad9233ee4adfcec392a5bab6548c228e3399961d6905d8cdd5d0 - not a DEX interaction (target: 0x5050e08626c499411B5D0E0b5AF0E83d3fD82EDF)
[2m2025-12-10T10:13:22.971454Z[0m [34mDEBUG[0m [2methereum_transaction_pool_monitor::mempool_monitor[0m[2m:[0m 📨 Processing new pending transaction: 0x6ffb5ef9e3287ed4491fe7db0502b0ed6420732c103c95000a76fca2f6a9877c
[2m2025-12-10T10:13:22.971459Z[0m [34mDEBUG[0m [2methereum_transaction_pool_monitor::mempool_monitor[0m[2m:[0m 🔍 Fetching transaction details for: 0x6ffb5ef9e3287ed4491fe7db0502b0ed6420732c103c95000a76fca2f6a9877c
[2m2025-12-10T10:13:22.971463Z[0m [34mDEBUG[0m [2methereum_transaction_pool_monitor::eth_client[0m[2m:[0m 🔍 Fetching transaction details for hash: 0x6ffb5ef9e3287ed4491fe7db0502b0ed6420732c103c95000a76fca2f6a9877c
[2m2025-12-10T10:13:22.971480Z[0m [34mDEBUG[0m [2mhyper::client::pool[0m[2m:[0m reuse idle connection for ("http", 192.168.0.14:8545)
[2m2025-12-10T10:13:22.971510Z[0m [34mDEBUG[0m [2mhyper::proto::h1::io[0m[2m:[0m flushed 250 bytes
[2m2025-12-10T10:13:22.971524Z[0m [34mDEBUG[0m [2mhyper::proto::h1::io[0m[2m:[0m parsed 4 headers
[2m2025-12-10T10:13:22.971528Z[0m [34mDEBUG[0m [2mhyper::proto::h1::conn[0m[2m:[0m incoming body is content-length (45 bytes)
[2m2025-12-10T10:13:22.971534Z[0m [34mDEBUG[0m [2mhyper::proto::h1::conn[0m[2m:[0m incoming body completed
[2m2025-12-10T10:13:22.971541Z[0m [34mDEBUG[0m [2mhyper::client::pool[0m[2m:[0m pooling idle connection for ("http", 192.168.0.14:8545)
[2m2025-12-10T10:13:22.977241Z[0m [34mDEBUG[0m [2mhyper::proto::h1::io[0m[2m:[0m parsed 4 headers
[2m2025-12-10T10:13:22.977265Z[0m [34mDEBUG[0m [2mhyper::proto::h1::conn[0m[2m:[0m incoming body is content-length (1732 bytes)
[2m2025-12-10T10:13:22.977271Z[0m [34mDEBUG[0m [2mhyper::proto::h1::conn[0m[2m:[0m incoming body completed
[2m2025-12-10T10:13:22.977278Z[0m [34mDEBUG[0m [2mhyper::client::pool[0m[2m:[0m pooling idle connection for ("http", 192.168.0.14:8545)
[2m2025-12-10T10:13:22.977283Z[0m [34mDEBUG[0m [2methereum_transaction_pool_monitor::eth_client[0m[2m:[0m 📡 Transaction fetch RPC completed in 5.8165ms
[2m2025-12-10T10:13:23.047947Z[0m [34mDEBUG[0m [2methereum_transaction_pool_monitor::eth_client[0m[2m:[0m ✅ Transaction 0x6ffb5ef9e3287ed4491fe7db0502b0ed6420732c103c95000a76fca2f6a9877c fetched and parsed in 76.477083ms
[2m2025-12-10T10:13:23.047977Z[0m [34mDEBUG[0m [2methereum_transaction_pool_monitor::mempool_monitor[0m[2m:[0m 🔍 Skipping tx 0x6ffb5ef9e3287ed4491fe7db0502b0ed6420732c103c95000a76fca2f6a9877c - not a DEX interaction (target: 0x601a2aD6CB5949f0529735254189Ba3194221EDF)
[2m2025-12-10T10:13:23.047992Z[0m [34mDEBUG[0m [2methereum_transaction_pool_monitor::mempool_monitor[0m[2m:[0m 📨 Processing new pending transaction: 0x500c2e8e2f454fb50492fad35627ed5ca4850e4908f01045424999cdd0fc981b
[2m2025-12-10T10:13:23.048002Z[0m [34mDEBUG[0m [2methereum_transaction_pool_monitor::mempool_monitor[0m[2m:[0m 🔍 Fetching transaction details for: 0x500c2e8e2f454fb50492fad35627ed5ca4850e4908f01045424999cdd0fc981b
[2m2025-12-10T10:13:23.048009Z[0m [34mDEBUG[0m [2methereum_transaction_pool_monitor::eth_client[0m[2m:[0m 🔍 Fetching transaction details for hash: 0x500c2e8e2f454fb50492fad35627ed5ca4850e4908f01045424999cdd0fc981b
[2m2025-12-10T10:13:23.048032Z[0m [34mDEBUG[0m [2mhyper::client::pool[0m[2m:[0m reuse idle connection for ("http", 192.168.0.14:8545)
[2m2025-12-10T10:13:23.048065Z[0m [34mDEBUG[0m [2mhyper::proto::h1::io[0m[2m:[0m flushed 250 bytes
[2m2025-12-10T10:13:23.048086Z[0m [34mDEBUG[0m [2mhyper::client::pool[0m[2m:[0m reuse idle connection for ("http", 192.168.0.14:8545)
[2m2025-12-10T10:13:23.048099Z[0m [34mDEBUG[0m [2methereum_transaction_pool_monitor::eth_client[0m[2m:[0m 📨 Received WebSocket message: {"jsonrpc":"2.0","method":"eth_subscription","params":{"subscription":"0xbed0a0851463e895960a451075a301a9","result":"0x28107f1b42ef9702a554937ca3e85399eb4ebaf579dd5ce084ca4588e18782b7"}}
[2m2025-12-10T10:13:23.048102Z[0m [34mDEBUG[0m [2mhyper::proto::h1::io[0m[2m:[0m flushed 172 bytes
[2m2025-12-10T10:13:23.048113Z[0m [34mDEBUG[0m [2methereum_transaction_pool_monitor::eth_client[0m[2m:[0m 📨 Received pending transaction: 0x28107f1b42ef9702a554937ca3e85399eb4ebaf579dd5ce084ca4588e18782b7
[2m2025-12-10T10:13:23.051832Z[0m [34mDEBUG[0m [2mhyper::proto::h1::io[0m[2m:[0m parsed 4 headers
[2m2025-12-10T10:13:23.051841Z[0m [34mDEBUG[0m [2mhyper::proto::h1::conn[0m[2m:[0m incoming body is content-length (767 bytes)
[2m2025-12-10T10:13:23.051852Z[0m [34mDEBUG[0m [2mhyper::proto::h1::conn[0m[2m:[0m incoming body completed
[2m2025-12-10T10:13:23.051865Z[0m [34mDEBUG[0m [2mhyper::client::pool[0m[2m:[0m pooling idle connection for ("http", 192.168.0.14:8545)
[2m2025-12-10T10:13:23.051873Z[0m [34mDEBUG[0m [2methereum_transaction_pool_monitor::eth_client[0m[2m:[0m 📡 Transaction fetch RPC completed in 3.858125ms
[2m2025-12-10T10:13:23.123103Z[0m [34mDEBUG[0m [2methereum_transaction_pool_monitor::eth_client[0m[2m:[0m ✅ Transaction 0x500c2e8e2f454fb50492fad35627ed5ca4850e4908f01045424999cdd0fc981b fetched and parsed in 75.085208ms
[2m2025-12-10T10:13:23.123133Z[0m [34mDEBUG[0m [2methereum_transaction_pool_monitor::mempool_monitor[0m[2m:[0m 🔍 Skipping tx 0x500c2e8e2f454fb50492fad35627ed5ca4850e4908f01045424999cdd0fc981b - not a DEX interaction (target: 0xA0b86991c6218b36c1d19D4a2e9Eb0cE3606eB48)
[2m2025-12-10T10:13:23.123146Z[0m [34mDEBUG[0m [2methereum_transaction_pool_monitor::mempool_monitor[0m[2m:[0m 📨 Processing new pending transaction: 0x28107f1b42ef9702a554937ca3e85399eb4ebaf579dd5ce084ca4588e18782b7
[2m2025-12-10T10:13:23.123153Z[0m [34mDEBUG[0m [2methereum_transaction_pool_monitor::mempool_monitor[0m[2m:[0m 🔍 Fetching transaction details for: 0x28107f1b42ef9702a554937ca3e85399eb4ebaf579dd5ce084ca4588e18782b7
[2m2025-12-10T10:13:23.123158Z[0m [34mDEBUG[0m [2methereum_transaction_pool_monitor::eth_client[0m[2m:[0m 🔍 Fetching transaction details for hash: 0x28107f1b42ef9702a554937ca3e85399eb4ebaf579dd5ce084ca4588e18782b7
[2m2025-12-10T10:13:23.123176Z[0m [34mDEBUG[0m [2mhyper::client::pool[0m[2m:[0m reuse idle connection for ("http", 192.168.0.14:8545)
[2m2025-12-10T10:13:23.123214Z[0m [34mDEBUG[0m [2mhyper::proto::h1::io[0m[2m:[0m flushed 250 bytes
[2m2025-12-10T10:13:23.123232Z[0m [34mDEBUG[0m [2mhyper::proto::h1::io[0m[2m:[0m parsed 4 headers
[2m2025-12-10T10:13:23.123237Z[0m [34mDEBUG[0m [2mhyper::proto::h1::conn[0m[2m:[0m incoming body is content-length (45 bytes)
[2m2025-12-10T10:13:23.123244Z[0m [34mDEBUG[0m [2mhyper::proto::h1::conn[0m[2m:[0m incoming body completed
[2m2025-12-10T10:13:23.123254Z[0m [34mDEBUG[0m [2mhyper::client::pool[0m[2m:[0m pooling idle connection for ("http", 192.168.0.14:8545)
[2m2025-12-10T10:13:23.123273Z[0m [34mDEBUG[0m [2mhyper::client::pool[0m[2m:[0m reuse idle connection for ("http", 192.168.0.14:8545)
[2m2025-12-10T10:13:23.123288Z[0m [34mDEBUG[0m [2mhyper::proto::h1::io[0m[2m:[0m flushed 172 bytes
[2m2025-12-10T10:13:23.128038Z[0m [34mDEBUG[0m [2mhyper::proto::h1::io[0m[2m:[0m parsed 4 headers
[2m2025-12-10T10:13:23.128061Z[0m [34mDEBUG[0m [2mhyper::proto::h1::conn[0m[2m:[0m incoming body is content-length (644 bytes)
[2m2025-12-10T10:13:23.128070Z[0m [34mDEBUG[0m [2mhyper::proto::h1::conn[0m[2m:[0m incoming body completed
[2m2025-12-10T10:13:23.128090Z[0m [34mDEBUG[0m [2mhyper::client::pool[0m[2m:[0m pooling idle connection for ("http", 192.168.0.14:8545)
[2m2025-12-10T10:13:23.128096Z[0m [34mDEBUG[0m [2methereum_transaction_pool_monitor::eth_client[0m[2m:[0m 📡 Transaction fetch RPC completed in 4.933916ms
[2m2025-12-10T10:13:23.199144Z[0m [34mDEBUG[0m [2methereum_transaction_pool_monitor::eth_client[0m[2m:[0m ✅ Transaction 0x28107f1b42ef9702a554937ca3e85399eb4ebaf579dd5ce084ca4588e18782b7 fetched and parsed in 75.97975ms
[2m2025-12-10T10:13:23.199170Z[0m [34mDEBUG[0m [2methereum_transaction_pool_monitor::mempool_monitor[0m[2m:[0m 🔍 Skipping tx 0x28107f1b42ef9702a554937ca3e85399eb4ebaf579dd5ce084ca4588e18782b7 - not a DEX interaction (target: 0x1bAc08001D761C303901d5E32273a24c07D3f3Da)
[2m2025-12-10T10:13:23.199220Z[0m [34mDEBUG[0m [2methereum_transaction_pool_monitor::eth_client[0m[2m:[0m 📨 Received WebSocket message: {"jsonrpc":"2.0","method":"eth_subscription","params":{"subscription":"0xbed0a0851463e895960a451075a301a9","result":"0x04ef3d3a2a4ff9a524e53e05f35078f14e1e7f44d674f193663bbccc597e9748"}}
[2m2025-12-10T10:13:23.199234Z[0m [34mDEBUG[0m [2methereum_transaction_pool_monitor::eth_client[0m[2m:[0m 📨 Received pending transaction: 0x04ef3d3a2a4ff9a524e53e05f35078f14e1e7f44d674f193663bbccc597e9748
[2m2025-12-10T10:13:23.199243Z[0m [34mDEBUG[0m [2methereum_transaction_pool_monitor::mempool_monitor[0m[2m:[0m 📨 Processing new pending transaction: 0x04ef3d3a2a4ff9a524e53e05f35078f14e1e7f44d674f193663bbccc597e9748
[2m2025-12-10T10:13:23.199248Z[0m [34mDEBUG[0m [2methereum_transaction_pool_monitor::mempool_monitor[0m[2m:[0m 🔍 Fetching transaction details for: 0x04ef3d3a2a4ff9a524e53e05f35078f14e1e7f44d674f193663bbccc597e9748
[2m2025-12-10T10:13:23.199253Z[0m [34mDEBUG[0m [2methereum_transaction_pool_monitor::eth_client[0m[2m:[0m 🔍 Fetching transaction details for hash: 0x04ef3d3a2a4ff9a524e53e05f35078f14e1e7f44d674f193663bbccc597e9748
[2m2025-12-10T10:13:23.199267Z[0m [34mDEBUG[0m [2mhyper::proto::h1::io[0m[2m:[0m parsed 4 headers
[2m2025-12-10T10:13:23.199276Z[0m [34mDEBUG[0m [2mhyper::client::pool[0m[2m:[0m reuse idle connection for ("http", 192.168.0.14:8545)
[2m2025-12-10T10:13:23.199290Z[0m [34mDEBUG[0m [2mhyper::proto::h1::conn[0m[2m:[0m incoming body is content-length (45 bytes)
[2m2025-12-10T10:13:23.199302Z[0m [34mDEBUG[0m [2mhyper::proto::h1::conn[0m[2m:[0m incoming body completed
[2m2025-12-10T10:13:23.199310Z[0m [34mDEBUG[0m [2mhyper::proto::h1::io[0m[2m:[0m flushed 250 bytes
[2m2025-12-10T10:13:23.199313Z[0m [34mDEBUG[0m [2mhyper::client::pool[0m[2m:[0m pooling idle connection for ("http", 192.168.0.14:8545)
[2m2025-12-10T10:13:23.199331Z[0m [34mDEBUG[0m [2mhyper::client::pool[0m[2m:[0m reuse idle connection for ("http", 192.168.0.14:8545)
[2m2025-12-10T10:13:23.199345Z[0m [34mDEBUG[0m [2mhyper::proto::h1::io[0m[2m:[0m flushed 172 bytes
[2m2025-12-10T10:13:23.199595Z[0m [34mDEBUG[0m [2methereum_transaction_pool_monitor::eth_client[0m[2m:[0m 📨 Received WebSocket message: {"jsonrpc":"2.0","method":"eth_subscription","params":{"subscription":"0xbed0a0851463e895960a451075a301a9","result":"0xda2e3b6b04f0b8be169f3dd2e49cf1a70b6a158e76d95ddaeb69a736282d540c"}}
[2m2025-12-10T10:13:23.199602Z[0m [34mDEBUG[0m [2methereum_transaction_pool_monitor::eth_client[0m[2m:[0m 📨 Received pending transaction: 0xda2e3b6b04f0b8be169f3dd2e49cf1a70b6a158e76d95ddaeb69a736282d540c
[2m2025-12-10T10:13:23.206060Z[0m [34mDEBUG[0m [2mhyper::proto::h1::io[0m[2m:[0m parsed 4 headers
[2m2025-12-10T10:13:23.206065Z[0m [34mDEBUG[0m [2mhyper::proto::h1::conn[0m[2m:[0m incoming body is content-length (771 bytes)
[2m2025-12-10T10:13:23.206070Z[0m [34mDEBUG[0m [2mhyper::proto::h1::conn[0m[2m:[0m incoming body completed
[2m2025-12-10T10:13:23.206076Z[0m [34mDEBUG[0m [2mhyper::client::pool[0m[2m:[0m pooling idle connection for ("http", 192.168.0.14:8545)
[2m2025-12-10T10:13:23.206324Z[0m [34mDEBUG[0m [2methereum_transaction_pool_monitor::eth_client[0m[2m:[0m 📡 Transaction fetch RPC completed in 7.06475ms
[2m2025-12-10T10:13:23.276428Z[0m [34mDEBUG[0m [2methereum_transaction_pool_monitor::eth_client[0m[2m:[0m ✅ Transaction 0x04ef3d3a2a4ff9a524e53e05f35078f14e1e7f44d674f193663bbccc597e9748 fetched and parsed in 77.166208ms
[2m2025-12-10T10:13:23.276460Z[0m [34mDEBUG[0m [2methereum_transaction_pool_monitor::mempool_monitor[0m[2m:[0m 🔍 Skipping tx 0x04ef3d3a2a4ff9a524e53e05f35078f14e1e7f44d674f193663bbccc597e9748 - not a DEX interaction (target: 0xB8f28C60dD8240141185a192fa4156A23E189305)
[2m2025-12-10T10:13:23.276480Z[0m [34mDEBUG[0m [2methereum_transaction_pool_monitor::mempool_monitor[0m[2m:[0m 📨 Processing new pending transaction: 0xda2e3b6b04f0b8be169f3dd2e49cf1a70b6a158e76d95ddaeb69a736282d540c
[2m2025-12-10T10:13:23.276491Z[0m [34mDEBUG[0m [2methereum_transaction_pool_monitor::mempool_monitor[0m[2m:[0m 🔍 Fetching transaction details for: 0xda2e3b6b04f0b8be169f3dd2e49cf1a70b6a158e76d95ddaeb69a736282d540c
[2m2025-12-10T10:13:23.276501Z[0m [34mDEBUG[0m [2methereum_transaction_pool_monitor::eth_client[0m[2m:[0m 🔍 Fetching transaction details for hash: 0xda2e3b6b04f0b8be169f3dd2e49cf1a70b6a158e76d95ddaeb69a736282d540c
[2m2025-12-10T10:13:23.276522Z[0m [34mDEBUG[0m [2mhyper::client::pool[0m[2m:[0m reuse idle connection for ("http", 192.168.0.14:8545)
[2m2025-12-10T10:13:23.276572Z[0m [34mDEBUG[0m [2mhyper::proto::h1::io[0m[2m:[0m flushed 250 bytes
[2m2025-12-10T10:13:23.276599Z[0m [34mDEBUG[0m [2methereum_transaction_pool_monitor::eth_client[0m[2m:[0m 📨 Received WebSocket message: {"jsonrpc":"2.0","method":"eth_subscription","params":{"subscription":"0xbed0a0851463e895960a451075a301a9","result":"0x1f84b418358b9b594c390ea78ff83c1529acbf938b62ea7b0d4766f8e567f829"}}
[2m2025-12-10T10:13:23.276603Z[0m [34mDEBUG[0m [2mhyper::proto::h1::io[0m[2m:[0m parsed 4 headers
[2m2025-12-10T10:13:23.276608Z[0m [34mDEBUG[0m [2methereum_transaction_pool_monitor::eth_client[0m[2m:[0m 📨 Received pending transaction: 0x1f84b418358b9b594c390ea78ff83c1529acbf938b62ea7b0d4766f8e567f829
[2m2025-12-10T10:13:23.276614Z[0m [34mDEBUG[0m [2mhyper::proto::h1::conn[0m[2m:[0m incoming body is content-length (45 bytes)
[2m2025-12-10T10:13:23.276623Z[0m [34mDEBUG[0m [2mhyper::proto::h1::conn[0m[2m:[0m incoming body completed
[2m2025-12-10T10:13:23.276631Z[0m [34mDEBUG[0m [2mhyper::client::pool[0m[2m:[0m pooling idle connection for ("http", 192.168.0.14:8545)
[2m2025-12-10T10:13:23.281184Z[0m [34mDEBUG[0m [2mhyper::proto::h1::io[0m[2m:[0m parsed 4 headers
[2m2025-12-10T10:13:23.281190Z[0m [34mDEBUG[0m [2mhyper::proto::h1::conn[0m[2m:[0m incoming body is content-length (644 bytes)
[2m2025-12-10T10:13:23.281195Z[0m [34mDEBUG[0m [2mhyper::proto::h1::conn[0m[2m:[0m incoming body completed
[2m2025-12-10T10:13:23.281200Z[0m [34mDEBUG[0m [2mhyper::client::pool[0m[2m:[0m pooling idle connection for ("http", 192.168.0.14:8545)
[2m2025-12-10T10:13:23.281205Z[0m [34mDEBUG[0m [2methereum_transaction_pool_monitor::eth_client[0m[2m:[0m 📡 Transaction fetch RPC completed in 4.698708ms
[2m2025-12-10T10:13:23.351558Z[0m [34mDEBUG[0m [2methereum_transaction_pool_monitor::eth_client[0m[2m:[0m ✅ Transaction 0xda2e3b6b04f0b8be169f3dd2e49cf1a70b6a158e76d95ddaeb69a736282d540c fetched and parsed in 75.049292ms
[2m2025-12-10T10:13:23.351585Z[0m [34mDEBUG[0m [2methereum_transaction_pool_monitor::mempool_monitor[0m[2m:[0m 🔍 Skipping tx 0xda2e3b6b04f0b8be169f3dd2e49cf1a70b6a158e76d95ddaeb69a736282d540c - not a DEX interaction (target: 0x17E5545B11b468072283Cee1F066a059Fb0dbF24)
[2m2025-12-10T10:13:23.351595Z[0m [34mDEBUG[0m [2methereum_transaction_pool_monitor::mempool_monitor[0m[2m:[0m 📨 Processing new pending transaction: 0x1f84b418358b9b594c390ea78ff83c1529acbf938b62ea7b0d4766f8e567f829
[2m2025-12-10T10:13:23.351602Z[0m [34mDEBUG[0m [2methereum_transaction_pool_monitor::mempool_monitor[0m[2m:[0m 🔍 Fetching transaction details for: 0x1f84b418358b9b594c390ea78ff83c1529acbf938b62ea7b0d4766f8e567f829
[2m2025-12-10T10:13:23.351609Z[0m [34mDEBUG[0m [2methereum_transaction_pool_monitor::eth_client[0m[2m:[0m 🔍 Fetching transaction details for hash: 0x1f84b418358b9b594c390ea78ff83c1529acbf938b62ea7b0d4766f8e567f829
[2m2025-12-10T10:13:23.351627Z[0m [34mDEBUG[0m [2mhyper::client::pool[0m[2m:[0m reuse idle connection for ("http", 192.168.0.14:8545)
[2m2025-12-10T10:13:23.351671Z[0m [34mDEBUG[0m [2mhyper::proto::h1::io[0m[2m:[0m flushed 250 bytes
[2m2025-12-10T10:13:23.351706Z[0m [34mDEBUG[0m [2mhyper::client::pool[0m[2m:[0m reuse idle connection for ("http", 192.168.0.14:8545)
[2m2025-12-10T10:13:23.351725Z[0m [34mDEBUG[0m [2mhyper::proto::h1::io[0m[2m:[0m flushed 172 bytes
[2m2025-12-10T10:13:23.357193Z[0m [34mDEBUG[0m [2mhyper::proto::h1::io[0m[2m:[0m parsed 4 headers
[2m2025-12-10T10:13:23.357216Z[0m [34mDEBUG[0m [2mhyper::proto::h1::conn[0m[2m:[0m incoming body is content-length (2946 bytes)
[2m2025-12-10T10:13:23.357254Z[0m [34mDEBUG[0m [2methereum_transaction_pool_monitor::eth_client[0m[2m:[0m 📡 Transaction fetch RPC completed in 5.640333ms
[2m2025-12-10T10:13:23.358455Z[0m [34mDEBUG[0m [2mhyper::proto::h1::conn[0m[2m:[0m incoming body completed
[2m2025-12-10T10:13:23.358484Z[0m [34mDEBUG[0m [2mhyper::client::pool[0m[2m:[0m pooling idle connection for ("http", 192.168.0.14:8545)
[2m2025-12-10T10:13:23.359974Z[0m [34mDEBUG[0m [2mhyper::proto::h1::io[0m[2m:[0m parsed 4 headers
[2m2025-12-10T10:13:23.359981Z[0m [34mDEBUG[0m [2mhyper::proto::h1::conn[0m[2m:[0m incoming body is content-length (45 bytes)
[2m2025-12-10T10:13:23.359987Z[0m [34mDEBUG[0m [2mhyper::proto::h1::conn[0m[2m:[0m incoming body completed
[2m2025-12-10T10:13:23.359993Z[0m [34mDEBUG[0m [2mhyper::client::pool[0m[2m:[0m pooling idle connection for ("http", 192.168.0.14:8545)
[2m2025-12-10T10:13:23.399345Z[0m [34mDEBUG[0m [2mhyper::client::pool[0m[2m:[0m reuse idle connection for ("http", 192.168.0.14:8545)
[2m2025-12-10T10:13:23.399417Z[0m [34mDEBUG[0m [2mhyper::proto::h1::io[0m[2m:[0m flushed 172 bytes
[2m2025-12-10T10:13:23.405145Z[0m [34mDEBUG[0m [2mhyper::proto::h1::io[0m[2m:[0m parsed 4 headers
[2m2025-12-10T10:13:23.405153Z[0m [34mDEBUG[0m [2mhyper::proto::h1::conn[0m[2m:[0m incoming body is content-length (45 bytes)
[2m2025-12-10T10:13:23.405161Z[0m [34mDEBUG[0m [2mhyper::proto::h1::conn[0m[2m:[0m incoming body completed
[2m2025-12-10T10:13:23.405170Z[0m [34mDEBUG[0m [2mhyper::client::pool[0m[2m:[0m pooling idle connection for ("http", 192.168.0.14:8545)
[2m2025-12-10T10:13:23.428672Z[0m [34mDEBUG[0m [2methereum_transaction_pool_monitor::eth_client[0m[2m:[0m ✅ Transaction 0x1f84b418358b9b594c390ea78ff83c1529acbf938b62ea7b0d4766f8e567f829 fetched and parsed in 77.055833ms
[2m2025-12-10T10:13:23.428696Z[0m [34mDEBUG[0m [2methereum_transaction_pool_monitor::mempool_monitor[0m[2m:[0m 🔍 Skipping tx 0x1f84b418358b9b594c390ea78ff83c1529acbf938b62ea7b0d4766f8e567f829 - not a DEX interaction (target: 0xF6801D319497789f934ec7F83E142a9536312B08)
[2m2025-12-10T10:13:23.498521Z[0m [34mDEBUG[0m [2mhyper::client::pool[0m[2m:[0m reuse idle connection for ("http", 192.168.0.14:8545)
[2m2025-12-10T10:13:23.498584Z[0m [34mDEBUG[0m [2mhyper::proto::h1::io[0m[2m:[0m flushed 172 bytes
[2m2025-12-10T10:13:23.501939Z[0m [34mDEBUG[0m [2mhyper::proto::h1::io[0m[2m:[0m parsed 4 headers
[2m2025-12-10T10:13:23.501959Z[0m [34mDEBUG[0m [2mhyper::proto::h1::conn[0m[2m:[0m incoming body is content-length (45 bytes)
[2m2025-12-10T10:13:23.501968Z[0m [34mDEBUG[0m [2mhyper::proto::h1::conn[0m[2m:[0m incoming body completed
[2m2025-12-10T10:13:23.501980Z[0m [34mDEBUG[0m [2mhyper::client::pool[0m[2m:[0m pooling idle connection for ("http", 192.168.0.14:8545)
[2m2025-12-10T10:13:23.581195Z[0m [34mDEBUG[0m [2methereum_transaction_pool_monitor::eth_client[0m[2m:[0m 📨 Received WebSocket message: {"jsonrpc":"2.0","method":"eth_subscription","params":{"subscription":"0xbed0a0851463e895960a451075a301a9","result":"0xa53131911e90e3dcca7fd587939259f789a9a53aa4f36912d536f3b23a891700"}}
[2m2025-12-10T10:13:23.581214Z[0m [34mDEBUG[0m [2methereum_transaction_pool_monitor::eth_client[0m[2m:[0m 📨 Received pending transaction: 0xa53131911e90e3dcca7fd587939259f789a9a53aa4f36912d536f3b23a891700
[2m2025-12-10T10:13:23.581222Z[0m [34mDEBUG[0m [2methereum_transaction_pool_monitor::mempool_monitor[0m[2m:[0m 📨 Processing new pending transaction: 0xa53131911e90e3dcca7fd587939259f789a9a53aa4f36912d536f3b23a891700
[2m2025-12-10T10:13:23.581227Z[0m [34mDEBUG[0m [2methereum_transaction_pool_monitor::mempool_monitor[0m[2m:[0m 🔍 Fetching transaction details for: 0xa53131911e90e3dcca7fd587939259f789a9a53aa4f36912d536f3b23a891700
[2m2025-12-10T10:13:23.581231Z[0m [34mDEBUG[0m [2methereum_transaction_pool_monitor::eth_client[0m[2m:[0m 🔍 Fetching transaction details for hash: 0xa53131911e90e3dcca7fd587939259f789a9a53aa4f36912d536f3b23a891700
[2m2025-12-10T10:13:23.581252Z[0m [34mDEBUG[0m [2mhyper::client::pool[0m[2m:[0m reuse idle connection for ("http", 192.168.0.14:8545)
[2m2025-12-10T10:13:23.581277Z[0m [34mDEBUG[0m [2mhyper::proto::h1::io[0m[2m:[0m flushed 250 bytes
[2m2025-12-10T10:13:23.589705Z[0m [34mDEBUG[0m [2mhyper::proto::h1::io[0m[2m:[0m parsed 4 headers
[2m2025-12-10T10:13:23.589732Z[0m [34mDEBUG[0m [2mhyper::proto::h1::conn[0m[2m:[0m incoming body is content-length (644 bytes)
[2m2025-12-10T10:13:23.589749Z[0m [34mDEBUG[0m [2mhyper::proto::h1::conn[0m[2m:[0m incoming body completed
[2m2025-12-10T10:13:23.589774Z[0m [34mDEBUG[0m [2mhyper::client::pool[0m[2m:[0m pooling idle connection for ("http", 192.168.0.14:8545)
[2m2025-12-10T10:13:23.589784Z[0m [34mDEBUG[0m [2methereum_transaction_pool_monitor::eth_client[0m[2m:[0m 📡 Transaction fetch RPC completed in 8.549208ms
[2m2025-12-10T10:13:23.664745Z[0m [34mDEBUG[0m [2methereum_transaction_pool_monitor::eth_client[0m[2m:[0m ✅ Transaction 0xa53131911e90e3dcca7fd587939259f789a9a53aa4f36912d536f3b23a891700 fetched and parsed in 83.507166ms
[2m2025-12-10T10:13:23.664775Z[0m [34mDEBUG[0m [2methereum_transaction_pool_monitor::mempool_monitor[0m[2m:[0m 🔍 Skipping tx 0xa53131911e90e3dcca7fd587939259f789a9a53aa4f36912d536f3b23a891700 - not a DEX interaction (target: 0x4603180BBB8221157880AfaA84638E0fc467738D)
[2m2025-12-10T10:13:23.664819Z[0m [34mDEBUG[0m [2mhyper::client::pool[0m[2m:[0m reuse idle connection for ("http", 192.168.0.14:8545)
[2m2025-12-10T10:13:23.664871Z[0m [34mDEBUG[0m [2mhyper::proto::h1::io[0m[2m:[0m flushed 172 bytes
[2m2025-12-10T10:13:23.664892Z[0m [34mDEBUG[0m [2methereum_transaction_pool_monitor::eth_client[0m[2m:[0m 📨 Received WebSocket message: {"jsonrpc":"2.0","method":"eth_subscription","params":{"subscription":"0xbed0a0851463e895960a451075a301a9","result":"0x8580f4079dcc6b44db7873dd1bb95a792e567cf14ad86650346165c395796ada"}}
[2m2025-12-10T10:13:23.664902Z[0m [34mDEBUG[0m [2methereum_transaction_pool_monitor::eth_client[0m[2m:[0m 📨 Received pending transaction: 0x8580f4079dcc6b44db7873dd1bb95a792e567cf14ad86650346165c395796ada
[2m2025-12-10T10:13:23.664910Z[0m [34mDEBUG[0m [2methereum_transaction_pool_monitor::mempool_monitor[0m[2m:[0m 📨 Processing new pending transaction: 0x8580f4079dcc6b44db7873dd1bb95a792e567cf14ad86650346165c395796ada
[2m2025-12-10T10:13:23.664915Z[0m [34mDEBUG[0m [2methereum_transaction_pool_monitor::mempool_monitor[0m[2m:[0m 🔍 Fetching transaction details for: 0x8580f4079dcc6b44db7873dd1bb95a792e567cf14ad86650346165c395796ada
[2m2025-12-10T10:13:23.664919Z[0m [34mDEBUG[0m [2methereum_transaction_pool_monitor::eth_client[0m[2m:[0m 🔍 Fetching transaction details for hash: 0x8580f4079dcc6b44db7873dd1bb95a792e567cf14ad86650346165c395796ada
[2m2025-12-10T10:13:23.664932Z[0m [34mDEBUG[0m [2mhyper::client::pool[0m[2m:[0m reuse idle connection for ("http", 192.168.0.14:8545)
[2m2025-12-10T10:13:23.664953Z[0m [34mDEBUG[0m [2mhyper::proto::h1::io[0m[2m:[0m flushed 250 bytes
[2m2025-12-10T10:13:23.669189Z[0m [34mDEBUG[0m [2mhyper::proto::h1::io[0m[2m:[0m parsed 4 headers
[2m2025-12-10T10:13:23.669238Z[0m [34mDEBUG[0m [2mhyper::proto::h1::conn[0m[2m:[0m incoming body is content-length (45 bytes)
[2m2025-12-10T10:13:23.669248Z[0m [34mDEBUG[0m [2mhyper::proto::h1::conn[0m[2m:[0m incoming body completed
[2m2025-12-10T10:13:23.669260Z[0m [34mDEBUG[0m [2mhyper::client::pool[0m[2m:[0m pooling idle connection for ("http", 192.168.0.14:8545)
[2m2025-12-10T10:13:23.670778Z[0m [34mDEBUG[0m [2mhyper::proto::h1::io[0m[2m:[0m parsed 4 headers
[2m2025-12-10T10:13:23.670786Z[0m [34mDEBUG[0m [2mhyper::proto::h1::conn[0m[2m:[0m incoming body is content-length (1292 bytes)
[2m2025-12-10T10:13:23.670792Z[0m [34mDEBUG[0m [2mhyper::proto::h1::conn[0m[2m:[0m incoming body completed
[2m2025-12-10T10:13:23.670798Z[0m [34mDEBUG[0m [2mhyper::client::pool[0m[2m:[0m pooling idle connection for ("http", 192.168.0.14:8545)
[2m2025-12-10T10:13:23.670804Z[0m [34mDEBUG[0m [2methereum_transaction_pool_monitor::eth_client[0m[2m:[0m 📡 Transaction fetch RPC completed in 5.879917ms
[2m2025-12-10T10:13:23.741695Z[0m [34mDEBUG[0m [2methereum_transaction_pool_monitor::eth_client[0m[2m:[0m ✅ Transaction 0x8580f4079dcc6b44db7873dd1bb95a792e567cf14ad86650346165c395796ada fetched and parsed in 76.768792ms
[2m2025-12-10T10:13:23.741724Z[0m [34mDEBUG[0m [2methereum_transaction_pool_monitor::mempool_monitor[0m[2m:[0m 🔍 Skipping tx 0x8580f4079dcc6b44db7873dd1bb95a792e567cf14ad86650346165c395796ada - not a DEX interaction (target: 0xA69babEF1cA67A37Ffaf7a485DfFF3382056e78C)
[2m2025-12-10T10:13:23.741763Z[0m [34mDEBUG[0m [2mhyper::client::pool[0m[2m:[0m reuse idle connection for ("http", 192.168.0.14:8545)
[2m2025-12-10T10:13:23.741809Z[0m [34mDEBUG[0m [2mhyper::proto::h1::io[0m[2m:[0m flushed 172 bytes
[2m2025-12-10T10:13:23.741810Z[0m [34mDEBUG[0m [2methereum_transaction_pool_monitor::eth_client[0m[2m:[0m 📨 Received WebSocket message: {"jsonrpc":"2.0","method":"eth_subscription","params":{"subscription":"0xbed0a0851463e895960a451075a301a9","result":"0xdc59a34b2522a092519c3d530cd32cb3cc51f30ecf849e34f7acbdac5f3c5a64"}}
[2m2025-12-10T10:13:23.741848Z[0m [34mDEBUG[0m [2methereum_transaction_pool_monitor::eth_client[0m[2m:[0m 📨 Received pending transaction: 0xdc59a34b2522a092519c3d530cd32cb3cc51f30ecf849e34f7acbdac5f3c5a64
[2m2025-12-10T10:13:23.741855Z[0m [34mDEBUG[0m [2methereum_transaction_pool_monitor::eth_client[0m[2m:[0m 📨 Received WebSocket message: {"jsonrpc":"2.0","method":"eth_subscription","params":{"subscription":"0xbed0a0851463e895960a451075a301a9","result":"0x8d7c112eb350869cbfdd614ad97a3898753abfe9f27c2d5f5dc698670cb60054"}}
[2m2025-12-10T10:13:23.741861Z[0m [34mDEBUG[0m [2methereum_transaction_pool_monitor::eth_client[0m[2m:[0m 📨 Received pending transaction: 0x8d7c112eb350869cbfdd614ad97a3898753abfe9f27c2d5f5dc698670cb60054
[2m2025-12-10T10:13:23.741867Z[0m [34mDEBUG[0m [2methereum_transaction_pool_monitor::mempool_monitor[0m[2m:[0m 📨 Processing new pending transaction: 0xdc59a34b2522a092519c3d530cd32cb3cc51f30ecf849e34f7acbdac5f3c5a64
[2m2025-12-10T10:13:23.741874Z[0m [34mDEBUG[0m [2methereum_transaction_pool_monitor::mempool_monitor[0m[2m:[0m 🔍 Fetching transaction details for: 0xdc59a34b2522a092519c3d530cd32cb3cc51f30ecf849e34f7acbdac5f3c5a64
[2m2025-12-10T10:13:23.741880Z[0m [34mDEBUG[0m [2methereum_transaction_pool_monitor::eth_client[0m[2m:[0m 🔍 Fetching transaction details for hash: 0xdc59a34b2522a092519c3d530cd32cb3cc51f30ecf849e34f7acbdac5f3c5a64
[2m2025-12-10T10:13:23.741893Z[0m [34mDEBUG[0m [2mhyper::client::pool[0m[2m:[0m reuse idle connection for ("http", 192.168.0.14:8545)
[2m2025-12-10T10:13:23.742169Z[0m [34mDEBUG[0m [2mhyper::proto::h1::io[0m[2m:[0m flushed 250 bytes
[2m2025-12-10T10:13:23.744741Z[0m [34mDEBUG[0m [2mhyper::proto::h1::io[0m[2m:[0m parsed 4 headers
[2m2025-12-10T10:13:23.744751Z[0m [34mDEBUG[0m [2mhyper::proto::h1::conn[0m[2m:[0m incoming body is content-length (45 bytes)
[2m2025-12-10T10:13:23.744758Z[0m [34mDEBUG[0m [2mhyper::proto::h1::conn[0m[2m:[0m incoming body completed
[2m2025-12-10T10:13:23.744767Z[0m [34mDEBUG[0m [2mhyper::client::pool[0m[2m:[0m pooling idle connection for ("http", 192.168.0.14:8545)
[2m2025-12-10T10:13:23.752192Z[0m [34mDEBUG[0m [2mhyper::proto::h1::io[0m[2m:[0m parsed 4 headers
[2m2025-12-10T10:13:23.752203Z[0m [34mDEBUG[0m [2mhyper::proto::h1::conn[0m[2m:[0m incoming body is content-length (645 bytes)
[2m2025-12-10T10:13:23.752211Z[0m [34mDEBUG[0m [2mhyper::proto::h1::conn[0m[2m:[0m incoming body completed
[2m2025-12-10T10:13:23.752221Z[0m [34mDEBUG[0m [2mhyper::client::pool[0m[2m:[0m pooling idle connection for ("http", 192.168.0.14:8545)
[2m2025-12-10T10:13:23.752228Z[0m [34mDEBUG[0m [2methereum_transaction_pool_monitor::eth_client[0m[2m:[0m 📡 Transaction fetch RPC completed in 10.341ms
[2m2025-12-10T10:13:23.823017Z[0m [34mDEBUG[0m [2methereum_transaction_pool_monitor::eth_client[0m[2m:[0m ✅ Transaction 0xdc59a34b2522a092519c3d530cd32cb3cc51f30ecf849e34f7acbdac5f3c5a64 fetched and parsed in 81.127667ms
[2m2025-12-10T10:13:23.823044Z[0m [34mDEBUG[0m [2methereum_transaction_pool_monitor::mempool_monitor[0m[2m:[0m 🔍 Skipping tx 0xdc59a34b2522a092519c3d530cd32cb3cc51f30ecf849e34f7acbdac5f3c5a64 - not a DEX interaction (target: 0x37E44470C0BDdD86ae99A57850bF8A3d00c2152F)
[2m2025-12-10T10:13:23.823055Z[0m [34mDEBUG[0m [2methereum_transaction_pool_monitor::mempool_monitor[0m[2m:[0m 📨 Processing new pending transaction: 0x8d7c112eb350869cbfdd614ad97a3898753abfe9f27c2d5f5dc698670cb60054
[2m2025-12-10T10:13:23.823063Z[0m [34mDEBUG[0m [2methereum_transaction_pool_monitor::mempool_monitor[0m[2m:[0m 🔍 Fetching transaction details for: 0x8d7c112eb350869cbfdd614ad97a3898753abfe9f27c2d5f5dc698670cb60054
[2m2025-12-10T10:13:23.823068Z[0m [34mDEBUG[0m [2methereum_transaction_pool_monitor::eth_client[0m[2m:[0m 🔍 Fetching transaction details for hash: 0x8d7c112eb350869cbfdd614ad97a3898753abfe9f27c2d5f5dc698670cb60054
[2m2025-12-10T10:13:23.823089Z[0m [34mDEBUG[0m [2mhyper::client::pool[0m[2m:[0m reuse idle connection for ("http", 192.168.0.14:8545)
[2m2025-12-10T10:13:23.823126Z[0m [34mDEBUG[0m [2mhyper::proto::h1::io[0m[2m:[0m flushed 250 bytes
[2m2025-12-10T10:13:23.823147Z[0m [34mDEBUG[0m [2mhyper::client::pool[0m[2m:[0m reuse idle connection for ("http", 192.168.0.14:8545)
[2m2025-12-10T10:13:23.823161Z[0m [34mDEBUG[0m [2mhyper::proto::h1::io[0m[2m:[0m flushed 172 bytes
[2m2025-12-10T10:13:23.823161Z[0m [34mDEBUG[0m [2methereum_transaction_pool_monitor::eth_client[0m[2m:[0m 📨 Received WebSocket message: {"jsonrpc":"2.0","method":"eth_subscription","params":{"subscription":"0xbed0a0851463e895960a451075a301a9","result":"0xb3702b8da40726c6afe6db47aa0e6214a091a6d4ad13006643f884653d55ed80"}}
[2m2025-12-10T10:13:23.823181Z[0m [34mDEBUG[0m [2methereum_transaction_pool_monitor::eth_client[0m[2m:[0m 📨 Received pending transaction: 0xb3702b8da40726c6afe6db47aa0e6214a091a6d4ad13006643f884653d55ed80
[2m2025-12-10T10:13:23.823188Z[0m [34mDEBUG[0m [2methereum_transaction_pool_monitor::eth_client[0m[2m:[0m 📨 Received WebSocket message: {"jsonrpc":"2.0","method":"eth_subscription","params":{"subscription":"0xbed0a0851463e895960a451075a301a9","result":"0xf21393cfa9983ecde7390c44c69605fa6f4af99f7abad8c60d7b81fa61cce13d"}}
[2m2025-12-10T10:13:23.823195Z[0m [34mDEBUG[0m [2methereum_transaction_pool_monitor::eth_client[0m[2m:[0m 📨 Received pending transaction: 0xf21393cfa9983ecde7390c44c69605fa6f4af99f7abad8c60d7b81fa61cce13d
[2m2025-12-10T10:13:23.827050Z[0m [34mDEBUG[0m [2mhyper::proto::h1::io[0m[2m:[0m parsed 4 headers
[2m2025-12-10T10:13:23.827056Z[0m [34mDEBUG[0m [2mhyper::proto::h1::conn[0m[2m:[0m incoming body is content-length (45 bytes)
[2m2025-12-10T10:13:23.827062Z[0m [34mDEBUG[0m [2mhyper::proto::h1::conn[0m[2m:[0m incoming body completed
[2m2025-12-10T10:13:23.827069Z[0m [34mDEBUG[0m [2mhyper::client::pool[0m[2m:[0m pooling idle connection for ("http", 192.168.0.14:8545)
[2m2025-12-10T10:13:23.827086Z[0m [34mDEBUG[0m [2mhyper::proto::h1::io[0m[2m:[0m parsed 4 headers
[2m2025-12-10T10:13:23.827091Z[0m [34mDEBUG[0m [2mhyper::proto::h1::conn[0m[2m:[0m incoming body is content-length (645 bytes)
[2m2025-12-10T10:13:23.827097Z[0m [34mDEBUG[0m [2mhyper::proto::h1::conn[0m[2m:[0m incoming body completed
[2m2025-12-10T10:13:23.827103Z[0m [34mDEBUG[0m [2mhyper::client::pool[0m[2m:[0m pooling idle connection for ("http", 192.168.0.14:8545)
[2m2025-12-10T10:13:23.827109Z[0m [34mDEBUG[0m [2methereum_transaction_pool_monitor::eth_client[0m[2m:[0m 📡 Transaction fetch RPC completed in 4.036792ms
[2m2025-12-10T10:13:23.899032Z[0m [34mDEBUG[0m [2methereum_transaction_pool_monitor::eth_client[0m[2m:[0m ✅ Transaction 0x8d7c112eb350869cbfdd614ad97a3898753abfe9f27c2d5f5dc698670cb60054 fetched and parsed in 75.956417ms
[2m2025-12-10T10:13:23.899063Z[0m [34mDEBUG[0m [2methereum_transaction_pool_monitor::mempool_monitor[0m[2m:[0m 🔍 Skipping tx 0x8d7c112eb350869cbfdd614ad97a3898753abfe9f27c2d5f5dc698670cb60054 - not a DEX interaction (target: 0x382A38e0a0C788F667Db54b28cd9DEBaC668E754)
[2m2025-12-10T10:13:23.899074Z[0m [34mDEBUG[0m [2methereum_transaction_pool_monitor::mempool_monitor[0m[2m:[0m 📨 Processing new pending transaction: 0xb3702b8da40726c6afe6db47aa0e6214a091a6d4ad13006643f884653d55ed80
[2m2025-12-10T10:13:23.899089Z[0m [34mDEBUG[0m [2methereum_transaction_pool_monitor::mempool_monitor[0m[2m:[0m 🔍 Fetching transaction details for: 0xb3702b8da40726c6afe6db47aa0e6214a091a6d4ad13006643f884653d55ed80
[2m2025-12-10T10:13:23.899097Z[0m [34mDEBUG[0m [2methereum_transaction_pool_monitor::eth_client[0m[2m:[0m 🔍 Fetching transaction details for hash: 0xb3702b8da40726c6afe6db47aa0e6214a091a6d4ad13006643f884653d55ed80
[2m2025-12-10T10:13:23.899122Z[0m [34mDEBUG[0m [2mhyper::client::pool[0m[2m:[0m reuse idle connection for ("http", 192.168.0.14:8545)
[2m2025-12-10T10:13:23.899170Z[0m [34mDEBUG[0m [2mhyper::proto::h1::io[0m[2m:[0m flushed 250 bytes
[2m2025-12-10T10:13:23.899206Z[0m [34mDEBUG[0m [2mhyper::client::pool[0m[2m:[0m reuse idle connection for ("http", 192.168.0.14:8545)
[2m2025-12-10T10:13:23.899225Z[0m [34mDEBUG[0m [2mhyper::proto::h1::io[0m[2m:[0m flushed 172 bytes
[2m2025-12-10T10:13:23.905010Z[0m [34mDEBUG[0m [2mhyper::proto::h1::io[0m[2m:[0m parsed 4 headers
[2m2025-12-10T10:13:23.905060Z[0m [34mDEBUG[0m [2mhyper::proto::h1::conn[0m[2m:[0m incoming body is content-length (45 bytes)
[2m2025-12-10T10:13:23.905071Z[0m [34mDEBUG[0m [2mhyper::proto::h1::conn[0m[2m:[0m incoming body completed
[2m2025-12-10T10:13:23.905084Z[0m [34mDEBUG[0m [2mhyper::client::pool[0m[2m:[0m pooling idle connection for ("http", 192.168.0.14:8545)
[2m2025-12-10T10:13:23.905108Z[0m [34mDEBUG[0m [2mhyper::proto::h1::io[0m[2m:[0m parsed 4 headers
[2m2025-12-10T10:13:23.905112Z[0m [34mDEBUG[0m [2mhyper::proto::h1::conn[0m[2m:[0m incoming body is content-length (1731 bytes)
[2m2025-12-10T10:13:23.905117Z[0m [34mDEBUG[0m [2mhyper::proto::h1::conn[0m[2m:[0m incoming body completed
[2m2025-12-10T10:13:23.905124Z[0m [34mDEBUG[0m [2mhyper::client::pool[0m[2m:[0m pooling idle connection for ("http", 192.168.0.14:8545)
[2m2025-12-10T10:13:23.905129Z[0m [34mDEBUG[0m [2methereum_transaction_pool_monitor::eth_client[0m[2m:[0m 📡 Transaction fetch RPC completed in 6.024792ms
[2m2025-12-10T10:13:23.976665Z[0m [34mDEBUG[0m [2methereum_transaction_pool_monitor::eth_client[0m[2m:[0m ✅ Transaction 0xb3702b8da40726c6afe6db47aa0e6214a091a6d4ad13006643f884653d55ed80 fetched and parsed in 77.558834ms
[2m2025-12-10T10:13:23.976693Z[0m [34mDEBUG[0m [2methereum_transaction_pool_monitor::mempool_monitor[0m[2m:[0m 🔍 Skipping tx 0xb3702b8da40726c6afe6db47aa0e6214a091a6d4ad13006643f884653d55ed80 - not a DEX interaction (target: 0x601a2aD6CB5949f0529735254189Ba3194221EDF)
[2m2025-12-10T10:13:23.976704Z[0m [34mDEBUG[0m [2methereum_transaction_pool_monitor::mempool_monitor[0m[2m:[0m 📨 Processing new pending transaction: 0xf21393cfa9983ecde7390c44c69605fa6f4af99f7abad8c60d7b81fa61cce13d
[2m2025-12-10T10:13:23.976712Z[0m [34mDEBUG[0m [2methereum_transaction_pool_monitor::mempool_monitor[0m[2m:[0m 🔍 Fetching transaction details for: 0xf21393cfa9983ecde7390c44c69605fa6f4af99f7abad8c60d7b81fa61cce13d
[2m2025-12-10T10:13:23.976718Z[0m [34mDEBUG[0m [2methereum_transaction_pool_monitor::eth_client[0m[2m:[0m 🔍 Fetching transaction details for hash: 0xf21393cfa9983ecde7390c44c69605fa6f4af99f7abad8c60d7b81fa61cce13d
[2m2025-12-10T10:13:23.976739Z[0m [34mDEBUG[0m [2mhyper::client::pool[0m[2m:[0m reuse idle connection for ("http", 192.168.0.14:8545)
[2m2025-12-10T10:13:23.976777Z[0m [34mDEBUG[0m [2mhyper::proto::h1::io[0m[2m:[0m flushed 250 bytes
[2m2025-12-10T10:13:23.985657Z[0m [34mDEBUG[0m [2mhyper::proto::h1::io[0m[2m:[0m parsed 4 headers
[2m2025-12-10T10:13:23.985669Z[0m [34mDEBUG[0m [2mhyper::proto::h1::conn[0m[2m:[0m incoming body is content-length (1292 bytes)
[2m2025-12-10T10:13:23.985677Z[0m [34mDEBUG[0m [2mhyper::proto::h1::conn[0m[2m:[0m incoming body completed
[2m2025-12-10T10:13:23.985687Z[0m [34mDEBUG[0m [2mhyper::client::pool[0m[2m:[0m pooling idle connection for ("http", 192.168.0.14:8545)
[2m2025-12-10T10:13:23.985694Z[0m [34mDEBUG[0m [2methereum_transaction_pool_monitor::eth_client[0m[2m:[0m 📡 Transaction fetch RPC completed in 8.971542ms
[2m2025-12-10T10:13:24.057257Z[0m [34mDEBUG[0m [2methereum_transaction_pool_monitor::eth_client[0m[2m:[0m ✅ Transaction 0xf21393cfa9983ecde7390c44c69605fa6f4af99f7abad8c60d7b81fa61cce13d fetched and parsed in 80.5315ms
[2m2025-12-10T10:13:24.057284Z[0m [34mDEBUG[0m [2methereum_transaction_pool_monitor::mempool_monitor[0m[2m:[0m 🔍 Skipping tx 0xf21393cfa9983ecde7390c44c69605fa6f4af99f7abad8c60d7b81fa61cce13d - not a DEX interaction (target: 0x5050e08626c499411B5D0E0b5AF0E83d3fD82EDF)
[2m2025-12-10T10:13:24.057321Z[0m [34mDEBUG[0m [2mhyper::client::pool[0m[2m:[0m reuse idle connection for ("http", 192.168.0.14:8545)
[2m2025-12-10T10:13:24.057352Z[0m [34mDEBUG[0m [2mhyper::proto::h1::io[0m[2m:[0m flushed 172 bytes
[2m2025-12-10T10:13:24.057367Z[0m [34mDEBUG[0m [2methereum_transaction_pool_monitor::eth_client[0m[2m:[0m 📨 Received WebSocket message: {"jsonrpc":"2.0","method":"eth_subscription","params":{"subscription":"0xbed0a0851463e895960a451075a301a9","result":"0x091d7af369eb72451ace5828be7863cba674b65063da5b0d6a592e03a8d046f5"}}
[2m2025-12-10T10:13:24.057378Z[0m [34mDEBUG[0m [2methereum_transaction_pool_monitor::eth_client[0m[2m:[0m 📨 Received pending transaction: 0x091d7af369eb72451ace5828be7863cba674b65063da5b0d6a592e03a8d046f5
[2m2025-12-10T10:13:24.057389Z[0m [34mDEBUG[0m [2methereum_transaction_pool_monitor::mempool_monitor[0m[2m:[0m 📨 Processing new pending transaction: 0x091d7af369eb72451ace5828be7863cba674b65063da5b0d6a592e03a8d046f5
[2m2025-12-10T10:13:24.057396Z[0m [34mDEBUG[0m [2methereum_transaction_pool_monitor::mempool_monitor[0m[2m:[0m 🔍 Fetching transaction details for: 0x091d7af369eb72451ace5828be7863cba674b65063da5b0d6a592e03a8d046f5
[2m2025-12-10T10:13:24.057401Z[0m [34mDEBUG[0m [2methereum_transaction_pool_monitor::eth_client[0m[2m:[0m 🔍 Fetching transaction details for hash: 0x091d7af369eb72451ace5828be7863cba674b65063da5b0d6a592e03a8d046f5
[2m2025-12-10T10:13:24.057411Z[0m [34mDEBUG[0m [2mhyper::client::pool[0m[2m:[0m reuse idle connection for ("http", 192.168.0.14:8545)
[2m2025-12-10T10:13:24.057425Z[0m [34mDEBUG[0m [2mhyper::proto::h1::io[0m[2m:[0m flushed 250 bytes
[2m2025-12-10T10:13:24.060302Z[0m [34mDEBUG[0m [2mhyper::proto::h1::io[0m[2m:[0m parsed 4 headers
[2m2025-12-10T10:13:24.060309Z[0m [34mDEBUG[0m [2mhyper::proto::h1::conn[0m[2m:[0m incoming body is content-length (45 bytes)
[2m2025-12-10T10:13:24.060316Z[0m [34mDEBUG[0m [2mhyper::proto::h1::conn[0m[2m:[0m incoming body completed
[2m2025-12-10T10:13:24.060326Z[0m [34mDEBUG[0m [2mhyper::client::pool[0m[2m:[0m pooling idle connection for ("http", 192.168.0.14:8545)
[2m2025-12-10T10:13:24.061495Z[0m [34mDEBUG[0m [2mhyper::proto::h1::io[0m[2m:[0m parsed 4 headers
[2m2025-12-10T10:13:24.061500Z[0m [34mDEBUG[0m [2mhyper::proto::h1::conn[0m[2m:[0m incoming body is content-length (771 bytes)
[2m2025-12-10T10:13:24.061505Z[0m [34mDEBUG[0m [2mhyper::proto::h1::conn[0m[2m:[0m incoming body completed
[2m2025-12-10T10:13:24.061510Z[0m [34mDEBUG[0m [2mhyper::client::pool[0m[2m:[0m pooling idle connection for ("http", 192.168.0.14:8545)
[2m2025-12-10T10:13:24.061515Z[0m [34mDEBUG[0m [2methereum_transaction_pool_monitor::eth_client[0m[2m:[0m 📡 Transaction fetch RPC completed in 4.10775ms
[2m2025-12-10T10:13:24.132735Z[0m [34mDEBUG[0m [2methereum_transaction_pool_monitor::eth_client[0m[2m:[0m ✅ Transaction 0x091d7af369eb72451ace5828be7863cba674b65063da5b0d6a592e03a8d046f5 fetched and parsed in 75.325292ms
[2m2025-12-10T10:13:24.132765Z[0m [34mDEBUG[0m [2methereum_transaction_pool_monitor::mempool_monitor[0m[2m:[0m 🔍 Skipping tx 0x091d7af369eb72451ace5828be7863cba674b65063da5b0d6a592e03a8d046f5 - not a DEX interaction (target: 0xB8f28C60dD8240141185a192fa4156A23E189305)
[2m2025-12-10T10:13:24.132812Z[0m [34mDEBUG[0m [2mhyper::client::pool[0m[2m:[0m reuse idle connection for ("http", 192.168.0.14:8545)
[2m2025-12-10T10:13:24.132866Z[0m [34mDEBUG[0m [2mhyper::proto::h1::io[0m[2m:[0m flushed 172 bytes
[2m2025-12-10T10:13:24.138544Z[0m [34mDEBUG[0m [2mhyper::proto::h1::io[0m[2m:[0m parsed 4 headers
[2m2025-12-10T10:13:24.138559Z[0m [34mDEBUG[0m [2mhyper::proto::h1::conn[0m[2m:[0m incoming body is content-length (45 bytes)
[2m2025-12-10T10:13:24.138567Z[0m [34mDEBUG[0m [2mhyper::proto::h1::conn[0m[2m:[0m incoming body completed
[2m2025-12-10T10:13:24.138577Z[0m [34mDEBUG[0m [2mhyper::client::pool[0m[2m:[0m pooling idle connection for ("http", 192.168.0.14:8545)
[2m2025-12-10T10:13:24.183590Z[0m [34mDEBUG[0m [2methereum_transaction_pool_monitor::eth_client[0m[2m:[0m 📨 Received WebSocket message: {"jsonrpc":"2.0","method":"eth_subscription","params":{"subscription":"0xbed0a0851463e895960a451075a301a9","result":"0x82b28788dd95a9c4029a7d47d5ef0644bc8901b8ca446892f0650a5b0e09f700"}}
[2m2025-12-10T10:13:24.183608Z[0m [34mDEBUG[0m [2methereum_transaction_pool_monitor::eth_client[0m[2m:[0m 📨 Received pending transaction: 0x82b28788dd95a9c4029a7d47d5ef0644bc8901b8ca446892f0650a5b0e09f700
[2m2025-12-10T10:13:24.183616Z[0m [34mDEBUG[0m [2methereum_transaction_pool_monitor::mempool_monitor[0m[2m:[0m 📨 Processing new pending transaction: 0x82b28788dd95a9c4029a7d47d5ef0644bc8901b8ca446892f0650a5b0e09f700
[2m2025-12-10T10:13:24.183621Z[0m [34mDEBUG[0m [2methereum_transaction_pool_monitor::mempool_monitor[0m[2m:[0m 🔍 Fetching transaction details for: 0x82b28788dd95a9c4029a7d47d5ef0644bc8901b8ca446892f0650a5b0e09f700
[2m2025-12-10T10:13:24.183628Z[0m [34mDEBUG[0m [2methereum_transaction_pool_monitor::eth_client[0m[2m:[0m 🔍 Fetching transaction details for hash: 0x82b28788dd95a9c4029a7d47d5ef0644bc8901b8ca446892f0650a5b0e09f700
[2m2025-12-10T10:13:24.183644Z[0m [34mDEBUG[0m [2mhyper::client::pool[0m[2m:[0m reuse idle connection for ("http", 192.168.0.14:8545)
[2m2025-12-10T10:13:24.183664Z[0m [34mDEBUG[0m [2mhyper::proto::h1::io[0m[2m:[0m flushed 250 bytes
[2m2025-12-10T10:13:24.192473Z[0m [34mDEBUG[0m [2mhyper::proto::h1::io[0m[2m:[0m parsed 4 headers
[2m2025-12-10T10:13:24.192482Z[0m [34mDEBUG[0m [2mhyper::proto::h1::conn[0m[2m:[0m incoming body is content-length (648 bytes)
[2m2025-12-10T10:13:24.192490Z[0m [34mDEBUG[0m [2mhyper::proto::h1::conn[0m[2m:[0m incoming body completed
[2m2025-12-10T10:13:24.192499Z[0m [34mDEBUG[0m [2mhyper::client::pool[0m[2m:[0m pooling idle connection for ("http", 192.168.0.14:8545)
[2m2025-12-10T10:13:24.192506Z[0m [34mDEBUG[0m [2methereum_transaction_pool_monitor::eth_client[0m[2m:[0m 📡 Transaction fetch RPC completed in 8.87425ms
[2m2025-12-10T10:13:24.264635Z[0m [34mDEBUG[0m [2methereum_transaction_pool_monitor::eth_client[0m[2m:[0m ✅ Transaction 0x82b28788dd95a9c4029a7d47d5ef0644bc8901b8ca446892f0650a5b0e09f700 fetched and parsed in 81.000875ms
[2m2025-12-10T10:13:24.264660Z[0m [34mDEBUG[0m [2methereum_transaction_pool_monitor::mempool_monitor[0m[2m:[0m 🔍 Skipping tx 0x82b28788dd95a9c4029a7d47d5ef0644bc8901b8ca446892f0650a5b0e09f700 - not a DEX interaction (target: 0xC929ad053390E16bC449E8727A05146A8Ac0eB79)
[2m2025-12-10T10:13:24.264697Z[0m [34mDEBUG[0m [2mhyper::client::pool[0m[2m:[0m reuse idle connection for ("http", 192.168.0.14:8545)
[2m2025-12-10T10:13:24.264721Z[0m [34mDEBUG[0m [2mhyper::proto::h1::io[0m[2m:[0m flushed 172 bytes
[2m2025-12-10T10:13:24.264766Z[0m [34mDEBUG[0m [2methereum_transaction_pool_monitor::eth_client[0m[2m:[0m 📨 Received WebSocket message: {"jsonrpc":"2.0","method":"eth_subscription","params":{"subscription":"0xbed0a0851463e895960a451075a301a9","result":"0x0dd9318f04e7fb43e5c19cc123a3fbd60cbc8117848fd82eab591e1d8ea57a59"}}
[2m2025-12-10T10:13:24.264812Z[0m [34mDEBUG[0m [2methereum_transaction_pool_monitor::eth_client[0m[2m:[0m 📨 Received pending transaction: 0x0dd9318f04e7fb43e5c19cc123a3fbd60cbc8117848fd82eab591e1d8ea57a59
[2m2025-12-10T10:13:24.264824Z[0m [34mDEBUG[0m [2methereum_transaction_pool_monitor::mempool_monitor[0m[2m:[0m 📨 Processing new pending transaction: 0x0dd9318f04e7fb43e5c19cc123a3fbd60cbc8117848fd82eab591e1d8ea57a59
[2m2025-12-10T10:13:24.264829Z[0m [34mDEBUG[0m [2methereum_transaction_pool_monitor::mempool_monitor[0m[2m:[0m 🔍 Fetching transaction details for: 0x0dd9318f04e7fb43e5c19cc123a3fbd60cbc8117848fd82eab591e1d8ea57a59
[2m2025-12-10T10:13:24.264833Z[0m [34mDEBUG[0m [2methereum_transaction_pool_monitor::eth_client[0m[2m:[0m 🔍 Fetching transaction details for hash: 0x0dd9318f04e7fb43e5c19cc123a3fbd60cbc8117848fd82eab591e1d8ea57a59
[2m2025-12-10T10:13:24.264844Z[0m [34mDEBUG[0m [2mhyper::client::pool[0m[2m:[0m reuse idle connection for ("http", 192.168.0.14:8545)
[2m2025-12-10T10:13:24.264859Z[0m [34mDEBUG[0m [2mhyper::proto::h1::io[0m[2m:[0m flushed 250 bytes
[2m2025-12-10T10:13:24.267603Z[0m [34mDEBUG[0m [2mhyper::proto::h1::io[0m[2m:[0m parsed 4 headers
[2m2025-12-10T10:13:24.267617Z[0m [34mDEBUG[0m [2mhyper::proto::h1::conn[0m[2m:[0m incoming body is content-length (45 bytes)
[2m2025-12-10T10:13:24.267624Z[0m [34mDEBUG[0m [2mhyper::proto::h1::conn[0m[2m:[0m incoming body completed
[2m2025-12-10T10:13:24.267633Z[0m [34mDEBUG[0m [2mhyper::client::pool[0m[2m:[0m pooling idle connection for ("http", 192.168.0.14:8545)
[2m2025-12-10T10:13:24.270409Z[0m [34mDEBUG[0m [2mhyper::proto::h1::io[0m[2m:[0m parsed 4 headers
[2m2025-12-10T10:13:24.270417Z[0m [34mDEBUG[0m [2mhyper::proto::h1::conn[0m[2m:[0m incoming body is content-length (712 bytes)
[2m2025-12-10T10:13:24.270423Z[0m [34mDEBUG[0m [2mhyper::proto::h1::conn[0m[2m:[0m incoming body completed
[2m2025-12-10T10:13:24.270430Z[0m [34mDEBUG[0m [2mhyper::client::pool[0m[2m:[0m pooling idle connection for ("http", 192.168.0.14:8545)
[2m2025-12-10T10:13:24.270436Z[0m [34mDEBUG[0m [2methereum_transaction_pool_monitor::eth_client[0m[2m:[0m 📡 Transaction fetch RPC completed in 5.598583ms
[2m2025-12-10T10:13:24.341273Z[0m [34mDEBUG[0m [2methereum_transaction_pool_monitor::eth_client[0m[2m:[0m ✅ Transaction 0x0dd9318f04e7fb43e5c19cc123a3fbd60cbc8117848fd82eab591e1d8ea57a59 fetched and parsed in 76.432875ms
[2m2025-12-10T10:13:24.341307Z[0m [34mDEBUG[0m [2methereum_transaction_pool_monitor::mempool_monitor[0m[2m:[0m 🔍 Skipping tx 0x0dd9318f04e7fb43e5c19cc123a3fbd60cbc8117848fd82eab591e1d8ea57a59 - not a DEX interaction (target: 0xcC3d699752a3D897349DfbAfEEDa7CF7c437e689)
[2m2025-12-10T10:13:24.341357Z[0m [34mDEBUG[0m [2mhyper::client::pool[0m[2m:[0m reuse idle connection for ("http", 192.168.0.14:8545)
[2m2025-12-10T10:13:24.341387Z[0m [34mDEBUG[0m [2mhyper::proto::h1::io[0m[2m:[0m flushed 172 bytes
[2m2025-12-10T10:13:24.341389Z[0m [34mDEBUG[0m [2methereum_transaction_pool_monitor::eth_client[0m[2m:[0m 📨 Received WebSocket message: {"jsonrpc":"2.0","method":"eth_subscription","params":{"subscription":"0xbed0a0851463e895960a451075a301a9","result":"0x95c6ad2750a58718ed669413bea04aa9dd43a6f5ac272b5b7940c97eb0aee78b"}}
[2m2025-12-10T10:13:24.341403Z[0m [34mDEBUG[0m [2methereum_transaction_pool_monitor::eth_client[0m[2m:[0m 📨 Received pending transaction: 0x95c6ad2750a58718ed669413bea04aa9dd43a6f5ac272b5b7940c97eb0aee78b
[2m2025-12-10T10:13:24.341410Z[0m [34mDEBUG[0m [2methereum_transaction_pool_monitor::mempool_monitor[0m[2m:[0m 📨 Processing new pending transaction: 0x95c6ad2750a58718ed669413bea04aa9dd43a6f5ac272b5b7940c97eb0aee78b
[2m2025-12-10T10:13:24.341416Z[0m [34mDEBUG[0m [2methereum_transaction_pool_monitor::mempool_monitor[0m[2m:[0m 🔍 Fetching transaction details for: 0x95c6ad2750a58718ed669413bea04aa9dd43a6f5ac272b5b7940c97eb0aee78b
[2m2025-12-10T10:13:24.341421Z[0m [34mDEBUG[0m [2methereum_transaction_pool_monitor::eth_client[0m[2m:[0m 🔍 Fetching transaction details for hash: 0x95c6ad2750a58718ed669413bea04aa9dd43a6f5ac272b5b7940c97eb0aee78b
[2m2025-12-10T10:13:24.341430Z[0m [34mDEBUG[0m [2mhyper::client::pool[0m[2m:[0m reuse idle connection for ("http", 192.168.0.14:8545)
[2m2025-12-10T10:13:24.341446Z[0m [34mDEBUG[0m [2mhyper::proto::h1::io[0m[2m:[0m flushed 250 bytes
[2m2025-12-10T10:13:24.344530Z[0m [34mDEBUG[0m [2mhyper::proto::h1::io[0m[2m:[0m parsed 4 headers
[2m2025-12-10T10:13:24.344542Z[0m [34mDEBUG[0m [2mhyper::proto::h1::conn[0m[2m:[0m incoming body is content-length (45 bytes)
[2m2025-12-10T10:13:24.344552Z[0m [34mDEBUG[0m [2mhyper::proto::h1::conn[0m[2m:[0m incoming body completed
[2m2025-12-10T10:13:24.344561Z[0m [34mDEBUG[0m [2mhyper::client::pool[0m[2m:[0m pooling idle connection for ("http", 192.168.0.14:8545)
[2m2025-12-10T10:13:24.346041Z[0m [34mDEBUG[0m [2mhyper::proto::h1::io[0m[2m:[0m parsed 4 headers
[2m2025-12-10T10:13:24.348336Z[0m [34mDEBUG[0m [2mhyper::proto::h1::conn[0m[2m:[0m incoming body is content-length (763 bytes)
[2m2025-12-10T10:13:24.348350Z[0m [34mDEBUG[0m [2mhyper::proto::h1::conn[0m[2m:[0m incoming body completed
[2m2025-12-10T10:13:24.348362Z[0m [34mDEBUG[0m [2mhyper::client::pool[0m[2m:[0m pooling idle connection for ("http", 192.168.0.14:8545)
[2m2025-12-10T10:13:24.348370Z[0m [34mDEBUG[0m [2methereum_transaction_pool_monitor::eth_client[0m[2m:[0m 📡 Transaction fetch RPC completed in 6.944042ms
[2m2025-12-10T10:13:24.419422Z[0m [34mDEBUG[0m [2methereum_transaction_pool_monitor::eth_client[0m[2m:[0m ✅ Transaction 0x95c6ad2750a58718ed669413bea04aa9dd43a6f5ac272b5b7940c97eb0aee78b fetched and parsed in 77.993542ms
[2m2025-12-10T10:13:24.419451Z[0m [34mDEBUG[0m [2methereum_transaction_pool_monitor::mempool_monitor[0m[2m:[0m 🔍 Skipping tx 0x95c6ad2750a58718ed669413bea04aa9dd43a6f5ac272b5b7940c97eb0aee78b - not a DEX interaction (target: 0xd50370bEE8bFf23Bbb30ca558a1d0207DBc96ef2)
[2m2025-12-10T10:13:24.419500Z[0m [34mDEBUG[0m [2mhyper::client::pool[0m[2m:[0m reuse idle connection for ("http", 192.168.0.14:8545)
[2m2025-12-10T10:13:24.419538Z[0m [34mDEBUG[0m [2mhyper::proto::h1::io[0m[2m:[0m flushed 172 bytes
[2m2025-12-10T10:13:24.423742Z[0m [34mDEBUG[0m [2mhyper::proto::h1::io[0m[2m:[0m parsed 4 headers
[2m2025-12-10T10:13:24.423752Z[0m [34mDEBUG[0m [2mhyper::proto::h1::conn[0m[2m:[0m incoming body is content-length (45 bytes)
[2m2025-12-10T10:13:24.423759Z[0m [34mDEBUG[0m [2mhyper::proto::h1::conn[0m[2m:[0m incoming body completed
[2m2025-12-10T10:13:24.423768Z[0m [34mDEBUG[0m [2mhyper::client::pool[0m[2m:[0m pooling idle connection for ("http", 192.168.0.14:8545)
[2m2025-12-10T10:13:24.457421Z[0m [34mDEBUG[0m [2methereum_transaction_pool_monitor::eth_client[0m[2m:[0m 📨 Received WebSocket message: {"jsonrpc":"2.0","method":"eth_subscription","params":{"subscription":"0xbed0a0851463e895960a451075a301a9","result":"0x328547fa8a893729adde65845456af3fce7db80cd195d385d612f9f8f465ee16"}}
[2m2025-12-10T10:13:24.457444Z[0m [34mDEBUG[0m [2methereum_transaction_pool_monitor::eth_client[0m[2m:[0m 📨 Received pending transaction: 0x328547fa8a893729adde65845456af3fce7db80cd195d385d612f9f8f465ee16
[2m2025-12-10T10:13:24.457452Z[0m [34mDEBUG[0m [2methereum_transaction_pool_monitor::mempool_monitor[0m[2m:[0m 📨 Processing new pending transaction: 0x328547fa8a893729adde65845456af3fce7db80cd195d385d612f9f8f465ee16
[2m2025-12-10T10:13:24.457458Z[0m [34mDEBUG[0m [2methereum_transaction_pool_monitor::mempool_monitor[0m[2m:[0m 🔍 Fetching transaction details for: 0x328547fa8a893729adde65845456af3fce7db80cd195d385d612f9f8f465ee16
[2m2025-12-10T10:13:24.457462Z[0m [34mDEBUG[0m [2methereum_transaction_pool_monitor::eth_client[0m[2m:[0m 🔍 Fetching transaction details for hash: 0x328547fa8a893729adde65845456af3fce7db80cd195d385d612f9f8f465ee16
[2m2025-12-10T10:13:24.457482Z[0m [34mDEBUG[0m [2mhyper::client::pool[0m[2m:[0m reuse idle connection for ("http", 192.168.0.14:8545)
[2m2025-12-10T10:13:24.457508Z[0m [34mDEBUG[0m [2mhyper::proto::h1::io[0m[2m:[0m flushed 250 bytes
[2m2025-12-10T10:13:24.466372Z[0m [34mDEBUG[0m [2mhyper::proto::h1::io[0m[2m:[0m parsed 4 headers
[2m2025-12-10T10:13:24.466394Z[0m [34mDEBUG[0m [2mhyper::proto::h1::conn[0m[2m:[0m incoming body is content-length (644 bytes)
[2m2025-12-10T10:13:24.466403Z[0m [34mDEBUG[0m [2mhyper::proto::h1::conn[0m[2m:[0m incoming body completed
[2m2025-12-10T10:13:24.466413Z[0m [34mDEBUG[0m [2mhyper::client::pool[0m[2m:[0m pooling idle connection for ("http", 192.168.0.14:8545)
[2m2025-12-10T10:13:24.466421Z[0m [34mDEBUG[0m [2methereum_transaction_pool_monitor::eth_client[0m[2m:[0m 📡 Transaction fetch RPC completed in 8.953584ms
[2m2025-12-10T10:13:24.539073Z[0m [34mDEBUG[0m [2methereum_transaction_pool_monitor::eth_client[0m[2m:[0m ✅ Transaction 0x328547fa8a893729adde65845456af3fce7db80cd195d385d612f9f8f465ee16 fetched and parsed in 81.602417ms
[2m2025-12-10T10:13:24.539104Z[0m [34mDEBUG[0m [2methereum_transaction_pool_monitor::mempool_monitor[0m[2m:[0m 🔍 Skipping tx 0x328547fa8a893729adde65845456af3fce7db80cd195d385d612f9f8f465ee16 - not a DEX interaction (target: 0x4603180BBB8221157880AfaA84638E0fc467738D)
[2m2025-12-10T10:13:24.539147Z[0m [34mDEBUG[0m [2mhyper::client::pool[0m[2m:[0m reuse idle connection for ("http", 192.168.0.14:8545)
[2m2025-12-10T10:13:24.539195Z[0m [34mDEBUG[0m [2mhyper::proto::h1::io[0m[2m:[0m flushed 172 bytes
[2m2025-12-10T10:13:24.539217Z[0m [34mDEBUG[0m [2methereum_transaction_pool_monitor::eth_client[0m[2m:[0m 📨 Received WebSocket message: {"jsonrpc":"2.0","method":"eth_subscription","params":{"subscription":"0xbed0a0851463e895960a451075a301a9","result":"0x11003534f9af1f0b0ef25ecca378913c01a9d57cb280ee31e5de20b489edaea0"}}
[2m2025-12-10T10:13:24.539509Z[0m [34mDEBUG[0m [2methereum_transaction_pool_monitor::eth_client[0m[2m:[0m 📨 Received pending transaction: 0x11003534f9af1f0b0ef25ecca378913c01a9d57cb280ee31e5de20b489edaea0
[2m2025-12-10T10:13:24.539519Z[0m [34mDEBUG[0m [2methereum_transaction_pool_monitor::mempool_monitor[0m[2m:[0m 📨 Processing new pending transaction: 0x11003534f9af1f0b0ef25ecca378913c01a9d57cb280ee31e5de20b489edaea0
[2m2025-12-10T10:13:24.539527Z[0m [34mDEBUG[0m [2methereum_transaction_pool_monitor::mempool_monitor[0m[2m:[0m 🔍 Fetching transaction details for: 0x11003534f9af1f0b0ef25ecca378913c01a9d57cb280ee31e5de20b489edaea0
[2m2025-12-10T10:13:24.539532Z[0m [34mDEBUG[0m [2methereum_transaction_pool_monitor::eth_client[0m[2m:[0m 🔍 Fetching transaction details for hash: 0x11003534f9af1f0b0ef25ecca378913c01a9d57cb280ee31e5de20b489edaea0
[2m2025-12-10T10:13:24.539547Z[0m [34mDEBUG[0m [2mhyper::client::pool[0m[2m:[0m reuse idle connection for ("http", 192.168.0.14:8545)
[2m2025-12-10T10:13:24.539570Z[0m [34mDEBUG[0m [2mhyper::proto::h1::io[0m[2m:[0m flushed 250 bytes
[2m2025-12-10T10:13:24.542993Z[0m [34mDEBUG[0m [2mhyper::proto::h1::io[0m[2m:[0m parsed 4 headers
[2m2025-12-10T10:13:24.544535Z[0m [34mDEBUG[0m [2mhyper::proto::h1::conn[0m[2m:[0m incoming body is content-length (45 bytes)
[2m2025-12-10T10:13:24.544551Z[0m [34mDEBUG[0m [2mhyper::proto::h1::conn[0m[2m:[0m incoming body completed
[2m2025-12-10T10:13:24.544564Z[0m [34mDEBUG[0m [2mhyper::client::pool[0m[2m:[0m pooling idle connection for ("http", 192.168.0.14:8545)
[2m2025-12-10T10:13:24.545389Z[0m [34mDEBUG[0m [2mhyper::proto::h1::io[0m[2m:[0m parsed 4 headers
[2m2025-12-10T10:13:24.545396Z[0m [34mDEBUG[0m [2mhyper::proto::h1::conn[0m[2m:[0m incoming body is content-length (1292 bytes)
[2m2025-12-10T10:13:24.545402Z[0m [34mDEBUG[0m [2mhyper::proto::h1::conn[0m[2m:[0m incoming body completed
[2m2025-12-10T10:13:24.545409Z[0m [34mDEBUG[0m [2mhyper::client::pool[0m[2m:[0m pooling idle connection for ("http", 192.168.0.14:8545)
[2m2025-12-10T10:13:24.545415Z[0m [34mDEBUG[0m [2methereum_transaction_pool_monitor::eth_client[0m[2m:[0m 📡 Transaction fetch RPC completed in 5.877459ms
[2m2025-12-10T10:13:24.617116Z[0m [34mDEBUG[0m [2methereum_transaction_pool_monitor::eth_client[0m[2m:[0m ✅ Transaction 0x11003534f9af1f0b0ef25ecca378913c01a9d57cb280ee31e5de20b489edaea0 fetched and parsed in 77.575584ms
[2m2025-12-10T10:13:24.617152Z[0m [34mDEBUG[0m [2methereum_transaction_pool_monitor::mempool_monitor[0m[2m:[0m 🔍 Skipping tx 0x11003534f9af1f0b0ef25ecca378913c01a9d57cb280ee31e5de20b489edaea0 - not a DEX interaction (target: 0x5050e08626c499411B5D0E0b5AF0E83d3fD82EDF)
[2m2025-12-10T10:13:24.617208Z[0m [34mDEBUG[0m [2mhyper::client::pool[0m[2m:[0m reuse idle connection for ("http", 192.168.0.14:8545)
[2m2025-12-10T10:13:24.617264Z[0m [34mDEBUG[0m [2mhyper::proto::h1::io[0m[2m:[0m flushed 172 bytes
[2m2025-12-10T10:13:24.620281Z[0m [34mDEBUG[0m [2mhyper::proto::h1::io[0m[2m:[0m parsed 4 headers
[2m2025-12-10T10:13:24.620294Z[0m [34mDEBUG[0m [2mhyper::proto::h1::conn[0m[2m:[0m incoming body is content-length (45 bytes)
[2m2025-12-10T10:13:24.620303Z[0m [34mDEBUG[0m [2mhyper::proto::h1::conn[0m[2m:[0m incoming body completed
[2m2025-12-10T10:13:24.620314Z[0m [34mDEBUG[0m [2mhyper::client::pool[0m[2m:[0m pooling idle connection for ("http", 192.168.0.14:8545)
[2m2025-12-10T10:13:24.699903Z[0m [34mDEBUG[0m [2mhyper::client::pool[0m[2m:[0m reuse idle connection for ("http", 192.168.0.14:8545)
[2m2025-12-10T10:13:24.699987Z[0m [34mDEBUG[0m [2mhyper::proto::h1::io[0m[2m:[0m flushed 172 bytes
[2m2025-12-10T10:13:24.702917Z[0m [34mDEBUG[0m [2mhyper::proto::h1::io[0m[2m:[0m parsed 4 headers
[2m2025-12-10T10:13:24.702932Z[0m [34mDEBUG[0m [2mhyper::proto::h1::conn[0m[2m:[0m incoming body is content-length (45 bytes)
[2m2025-12-10T10:13:24.702940Z[0m [34mDEBUG[0m [2mhyper::proto::h1::conn[0m[2m:[0m incoming body completed
[2m2025-12-10T10:13:24.702950Z[0m [34mDEBUG[0m [2mhyper::client::pool[0m[2m:[0m pooling idle connection for ("http", 192.168.0.14:8545)
[2m2025-12-10T10:13:24.784713Z[0m [34mDEBUG[0m [2methereum_transaction_pool_monitor::eth_client[0m[2m:[0m 📨 Received WebSocket message: {"jsonrpc":"2.0","method":"eth_subscription","params":{"subscription":"0xbed0a0851463e895960a451075a301a9","result":"0xd5eb483262873f3dbe464ed44168005f388122099af02e16e93a85915ca06774"}}
[2m2025-12-10T10:13:24.784884Z[0m [34mDEBUG[0m [2methereum_transaction_pool_monitor::eth_client[0m[2m:[0m 📨 Received pending transaction: 0xd5eb483262873f3dbe464ed44168005f388122099af02e16e93a85915ca06774
[2m2025-12-10T10:13:24.784901Z[0m [34mDEBUG[0m [2methereum_transaction_pool_monitor::mempool_monitor[0m[2m:[0m 📨 Processing new pending transaction: 0xd5eb483262873f3dbe464ed44168005f388122099af02e16e93a85915ca06774
[2m2025-12-10T10:13:24.784912Z[0m [34mDEBUG[0m [2methereum_transaction_pool_monitor::mempool_monitor[0m[2m:[0m 🔍 Fetching transaction details for: 0xd5eb483262873f3dbe464ed44168005f388122099af02e16e93a85915ca06774
[2m2025-12-10T10:13:24.784920Z[0m [34mDEBUG[0m [2methereum_transaction_pool_monitor::eth_client[0m[2m:[0m 🔍 Fetching transaction details for hash: 0xd5eb483262873f3dbe464ed44168005f388122099af02e16e93a85915ca06774
[2m2025-12-10T10:13:24.784950Z[0m [34mDEBUG[0m [2mhyper::client::pool[0m[2m:[0m reuse idle connection for ("http", 192.168.0.14:8545)
[2m2025-12-10T10:13:24.784989Z[0m [34mDEBUG[0m [2mhyper::proto::h1::io[0m[2m:[0m flushed 250 bytes
[2m2025-12-10T10:13:24.792088Z[0m [34mDEBUG[0m [2mhyper::proto::h1::io[0m[2m:[0m parsed 4 headers
[2m2025-12-10T10:13:24.792097Z[0m [34mDEBUG[0m [2mhyper::proto::h1::conn[0m[2m:[0m incoming body is content-length (771 bytes)
[2m2025-12-10T10:13:24.792105Z[0m [34mDEBUG[0m [2mhyper::proto::h1::conn[0m[2m:[0m incoming body completed
[2m2025-12-10T10:13:24.792116Z[0m [34mDEBUG[0m [2mhyper::client::pool[0m[2m:[0m pooling idle connection for ("http", 192.168.0.14:8545)
[2m2025-12-10T10:13:24.792123Z[0m [34mDEBUG[0m [2methereum_transaction_pool_monitor::eth_client[0m[2m:[0m 📡 Transaction fetch RPC completed in 7.193125ms
[2m2025-12-10T10:13:24.868669Z[0m [34mDEBUG[0m [2methereum_transaction_pool_monitor::eth_client[0m[2m:[0m ✅ Transaction 0xd5eb483262873f3dbe464ed44168005f388122099af02e16e93a85915ca06774 fetched and parsed in 83.736541ms
[2m2025-12-10T10:13:24.868696Z[0m [34mDEBUG[0m [2methereum_transaction_pool_monitor::mempool_monitor[0m[2m:[0m 🔍 Skipping tx 0xd5eb483262873f3dbe464ed44168005f388122099af02e16e93a85915ca06774 - not a DEX interaction (target: 0xB8f28C60dD8240141185a192fa4156A23E189305)
[2m2025-12-10T10:13:24.868744Z[0m [34mDEBUG[0m [2mhyper::client::pool[0m[2m:[0m reuse idle connection for ("http", 192.168.0.14:8545)
[2m2025-12-10T10:13:24.868791Z[0m [34mDEBUG[0m [2mhyper::proto::h1::io[0m[2m:[0m flushed 172 bytes
[2m2025-12-10T10:13:24.872126Z[0m [34mDEBUG[0m [2mhyper::proto::h1::io[0m[2m:[0m parsed 4 headers
[2m2025-12-10T10:13:24.872150Z[0m [34mDEBUG[0m [2mhyper::proto::h1::conn[0m[2m:[0m incoming body is content-length (45 bytes)
[2m2025-12-10T10:13:24.872168Z[0m [34mDEBUG[0m [2mhyper::proto::h1::conn[0m[2m:[0m incoming body completed
[2m2025-12-10T10:13:24.872181Z[0m [34mDEBUG[0m [2mhyper::client::pool[0m[2m:[0m pooling idle connection for ("http", 192.168.0.14:8545)
[2m2025-12-10T10:13:24.899264Z[0m [34mDEBUG[0m [2mhyper::client::pool[0m[2m:[0m reuse idle connection for ("http", 192.168.0.14:8545)
[2m2025-12-10T10:13:24.899338Z[0m [34mDEBUG[0m [2mhyper::proto::h1::io[0m[2m:[0m flushed 172 bytes
[2m2025-12-10T10:13:24.903022Z[0m [34mDEBUG[0m [2mhyper::proto::h1::io[0m[2m:[0m parsed 4 headers
[2m2025-12-10T10:13:24.903045Z[0m [34mDEBUG[0m [2mhyper::proto::h1::conn[0m[2m:[0m incoming body is content-length (45 bytes)
[2m2025-12-10T10:13:24.903068Z[0m [34mDEBUG[0m [2mhyper::proto::h1::conn[0m[2m:[0m incoming body completed
[2m2025-12-10T10:13:24.903077Z[0m [34mDEBUG[0m [2mhyper::client::pool[0m[2m:[0m pooling idle connection for ("http", 192.168.0.14:8545)
[2m2025-12-10T10:13:24.998838Z[0m [34mDEBUG[0m [2mhyper::client::pool[0m[2m:[0m reuse idle connection for ("http", 192.168.0.14:8545)
[2m2025-12-10T10:13:25.002163Z[0m [34mDEBUG[0m [2mhyper::proto::h1::io[0m[2m:[0m flushed 172 bytes
[2m2025-12-10T10:13:25.004929Z[0m [34mDEBUG[0m [2mhyper::proto::h1::io[0m[2m:[0m parsed 4 headers
[2m2025-12-10T10:13:25.004940Z[0m [34mDEBUG[0m [2mhyper::proto::h1::conn[0m[2m:[0m incoming body is content-length (45 bytes)
[2m2025-12-10T10:13:25.004952Z[0m [34mDEBUG[0m [2mhyper::proto::h1::conn[0m[2m:[0m incoming body completed
[2m2025-12-10T10:13:25.004964Z[0m [34mDEBUG[0m [2mhyper::client::pool[0m[2m:[0m pooling idle connection for ("http", 192.168.0.14:8545)
[2m2025-12-10T10:13:25.032325Z[0m [34mDEBUG[0m [2methereum_transaction_pool_monitor::eth_client[0m[2m:[0m 📨 Received WebSocket message: {"jsonrpc":"2.0","method":"eth_subscription","params":{"subscription":"0xbed0a0851463e895960a451075a301a9","result":"0x495739124cebc6536948a119681c49b6444c6482e3cbdafa20fcc216a7f847fa"}}
[2m2025-12-10T10:13:25.032368Z[0m [34mDEBUG[0m [2methereum_transaction_pool_monitor::eth_client[0m[2m:[0m 📨 Received pending transaction: 0x495739124cebc6536948a119681c49b6444c6482e3cbdafa20fcc216a7f847fa
[2m2025-12-10T10:13:25.032384Z[0m [34mDEBUG[0m [2methereum_transaction_pool_monitor::mempool_monitor[0m[2m:[0m 📨 Processing new pending transaction: 0x495739124cebc6536948a119681c49b6444c6482e3cbdafa20fcc216a7f847fa
[2m2025-12-10T10:13:25.032392Z[0m [34mDEBUG[0m [2methereum_transaction_pool_monitor::mempool_monitor[0m[2m:[0m 🔍 Fetching transaction details for: 0x495739124cebc6536948a119681c49b6444c6482e3cbdafa20fcc216a7f847fa
[2m2025-12-10T10:13:25.032399Z[0m [34mDEBUG[0m [2methereum_transaction_pool_monitor::eth_client[0m[2m:[0m 🔍 Fetching transaction details for hash: 0x495739124cebc6536948a119681c49b6444c6482e3cbdafa20fcc216a7f847fa
[2m2025-12-10T10:13:25.032427Z[0m [34mDEBUG[0m [2mhyper::client::pool[0m[2m:[0m reuse idle connection for ("http", 192.168.0.14:8545)
[2m2025-12-10T10:13:25.032463Z[0m [34mDEBUG[0m [2mhyper::proto::h1::io[0m[2m:[0m flushed 250 bytes
[2m2025-12-10T10:13:25.041018Z[0m [34mDEBUG[0m [2mhyper::proto::h1::io[0m[2m:[0m parsed 4 headers
[2m2025-12-10T10:13:25.041037Z[0m [34mDEBUG[0m [2mhyper::proto::h1::conn[0m[2m:[0m incoming body is content-length (1292 bytes)
[2m2025-12-10T10:13:25.041051Z[0m [34mDEBUG[0m [2mhyper::proto::h1::conn[0m[2m:[0m incoming body completed
[2m2025-12-10T10:13:25.041065Z[0m [34mDEBUG[0m [2mhyper::client::pool[0m[2m:[0m pooling idle connection for ("http", 192.168.0.14:8545)
[2m2025-12-10T10:13:25.041077Z[0m [34mDEBUG[0m [2methereum_transaction_pool_monitor::eth_client[0m[2m:[0m 📡 Transaction fetch RPC completed in 8.671459ms
[2m2025-12-10T10:13:25.124551Z[0m [34mDEBUG[0m [2methereum_transaction_pool_monitor::eth_client[0m[2m:[0m ✅ Transaction 0x495739124cebc6536948a119681c49b6444c6482e3cbdafa20fcc216a7f847fa fetched and parsed in 92.141959ms
[2m2025-12-10T10:13:25.124586Z[0m [34mDEBUG[0m [2methereum_transaction_pool_monitor::mempool_monitor[0m[2m:[0m 🔍 Skipping tx 0x495739124cebc6536948a119681c49b6444c6482e3cbdafa20fcc216a7f847fa - not a DEX interaction (target: 0xA69babEF1cA67A37Ffaf7a485DfFF3382056e78C)
[2m2025-12-10T10:13:25.124629Z[0m [34mDEBUG[0m [2mhyper::client::pool[0m[2m:[0m reuse idle connection for ("http", 192.168.0.14:8545)
[2m2025-12-10T10:13:25.124679Z[0m [34mDEBUG[0m [2mhyper::proto::h1::io[0m[2m:[0m flushed 172 bytes
[2m2025-12-10T10:13:25.124697Z[0m [34mDEBUG[0m [2methereum_transaction_pool_monitor::eth_client[0m[2m:[0m 📨 Received WebSocket message: {"jsonrpc":"2.0","method":"eth_subscription","params":{"subscription":"0xbed0a0851463e895960a451075a301a9","result":"0xf014646a90d058a9a3084457fff59c05bb6c814d17ff9161f24f225f7b1dc8fe"}}
[2m2025-12-10T10:13:25.124709Z[0m [34mDEBUG[0m [2methereum_transaction_pool_monitor::eth_client[0m[2m:[0m 📨 Received pending transaction: 0xf014646a90d058a9a3084457fff59c05bb6c814d17ff9161f24f225f7b1dc8fe
[2m2025-12-10T10:13:25.124718Z[0m [34mDEBUG[0m [2methereum_transaction_pool_monitor::mempool_monitor[0m[2m:[0m 📨 Processing new pending transaction: 0xf014646a90d058a9a3084457fff59c05bb6c814d17ff9161f24f225f7b1dc8fe
[2m2025-12-10T10:13:25.124726Z[0m [34mDEBUG[0m [2methereum_transaction_pool_monitor::mempool_monitor[0m[2m:[0m 🔍 Fetching transaction details for: 0xf014646a90d058a9a3084457fff59c05bb6c814d17ff9161f24f225f7b1dc8fe
[2m2025-12-10T10:13:25.124731Z[0m [34mDEBUG[0m [2methereum_transaction_pool_monitor::eth_client[0m[2m:[0m 🔍 Fetching transaction details for hash: 0xf014646a90d058a9a3084457fff59c05bb6c814d17ff9161f24f225f7b1dc8fe
[2m2025-12-10T10:13:25.124743Z[0m [34mDEBUG[0m [2mhyper::client::pool[0m[2m:[0m reuse idle connection for ("http", 192.168.0.14:8545)
[2m2025-12-10T10:13:25.124760Z[0m [34mDEBUG[0m [2mhyper::proto::h1::io[0m[2m:[0m flushed 250 bytes
[2m2025-12-10T10:13:25.127509Z[0m [34mDEBUG[0m [2mhyper::proto::h1::io[0m[2m:[0m parsed 4 headers
[2m2025-12-10T10:13:25.127521Z[0m [34mDEBUG[0m [2mhyper::proto::h1::conn[0m[2m:[0m incoming body is content-length (45 bytes)
[2m2025-12-10T10:13:25.127530Z[0m [34mDEBUG[0m [2mhyper::proto::h1::conn[0m[2m:[0m incoming body completed
[2m2025-12-10T10:13:25.127539Z[0m [34mDEBUG[0m [2mhyper::client::pool[0m[2m:[0m pooling idle connection for ("http", 192.168.0.14:8545)
[2m2025-12-10T10:13:25.131313Z[0m [34mDEBUG[0m [2mhyper::proto::h1::io[0m[2m:[0m parsed 4 headers
[2m2025-12-10T10:13:25.131322Z[0m [34mDEBUG[0m [2mhyper::proto::h1::conn[0m[2m:[0m incoming body is content-length (6019 bytes)
[2m2025-12-10T10:13:25.131329Z[0m [34mDEBUG[0m [2mhyper::proto::h1::conn[0m[2m:[0m incoming body completed
[2m2025-12-10T10:13:25.131335Z[0m [34mDEBUG[0m [2mhyper::client::pool[0m[2m:[0m pooling idle connection for ("http", 192.168.0.14:8545)
[2m2025-12-10T10:13:25.131341Z[0m [34mDEBUG[0m [2methereum_transaction_pool_monitor::eth_client[0m[2m:[0m 📡 Transaction fetch RPC completed in 6.606292ms
[2m2025-12-10T10:13:25.207176Z[0m [34mDEBUG[0m [2methereum_transaction_pool_monitor::eth_client[0m[2m:[0m ✅ Transaction 0xf014646a90d058a9a3084457fff59c05bb6c814d17ff9161f24f225f7b1dc8fe fetched and parsed in 82.438917ms
[2m2025-12-10T10:13:25.207198Z[0m [34mDEBUG[0m [2methereum_transaction_pool_monitor::mempool_monitor[0m[2m:[0m 🔍 Skipping tx 0xf014646a90d058a9a3084457fff59c05bb6c814d17ff9161f24f225f7b1dc8fe - not a DEX interaction (target: 0xF6801D319497789f934ec7F83E142a9536312B08)
[2m2025-12-10T10:13:25.207250Z[0m [34mDEBUG[0m [2mhyper::client::pool[0m[2m:[0m reuse idle connection for ("http", 192.168.0.14:8545)
[2m2025-12-10T10:13:25.207293Z[0m [34mDEBUG[0m [2mhyper::proto::h1::io[0m[2m:[0m flushed 172 bytes
[2m2025-12-10T10:13:25.210893Z[0m [34mDEBUG[0m [2mhyper::proto::h1::io[0m[2m:[0m parsed 4 headers
[2m2025-12-10T10:13:25.210898Z[0m [34mDEBUG[0m [2mhyper::proto::h1::conn[0m[2m:[0m incoming body is content-length (45 bytes)
[2m2025-12-10T10:13:25.210906Z[0m [34mDEBUG[0m [2mhyper::proto::h1::conn[0m[2m:[0m incoming body completed
[2m2025-12-10T10:13:25.210913Z[0m [34mDEBUG[0m [2mhyper::client::pool[0m[2m:[0m pooling idle connection for ("http", 192.168.0.14:8545)
[2m2025-12-10T10:13:25.215793Z[0m [34mDEBUG[0m [2methereum_transaction_pool_monitor::eth_client[0m[2m:[0m 📨 Received WebSocket message: {"jsonrpc":"2.0","method":"eth_subscription","params":{"subscription":"0xbed0a0851463e895960a451075a301a9","result":"0x312ff65788cc406548870590d8a9f3e48202ca0e144634c054d484d87b9d8116"}}
[2m2025-12-10T10:13:25.215805Z[0m [34mDEBUG[0m [2methereum_transaction_pool_monitor::eth_client[0m[2m:[0m 📨 Received pending transaction: 0x312ff65788cc406548870590d8a9f3e48202ca0e144634c054d484d87b9d8116
[2m2025-12-10T10:13:25.215815Z[0m [34mDEBUG[0m [2methereum_transaction_pool_monitor::mempool_monitor[0m[2m:[0m 📨 Processing new pending transaction: 0x312ff65788cc406548870590d8a9f3e48202ca0e144634c054d484d87b9d8116
[2m2025-12-10T10:13:25.215821Z[0m [34mDEBUG[0m [2methereum_transaction_pool_monitor::mempool_monitor[0m[2m:[0m 🔍 Fetching transaction details for: 0x312ff65788cc406548870590d8a9f3e48202ca0e144634c054d484d87b9d8116
[2m2025-12-10T10:13:25.215826Z[0m [34mDEBUG[0m [2methereum_transaction_pool_monitor::eth_client[0m[2m:[0m 🔍 Fetching transaction details for hash: 0x312ff65788cc406548870590d8a9f3e48202ca0e144634c054d484d87b9d8116
[2m2025-12-10T10:13:25.215841Z[0m [34mDEBUG[0m [2mhyper::client::pool[0m[2m:[0m reuse idle connection for ("http", 192.168.0.14:8545)
[2m2025-12-10T10:13:25.215859Z[0m [34mDEBUG[0m [2mhyper::proto::h1::io[0m[2m:[0m flushed 250 bytes
[2m2025-12-10T10:13:25.222246Z[0m [34mDEBUG[0m [2mhyper::proto::h1::io[0m[2m:[0m parsed 4 headers
[2m2025-12-10T10:13:25.222255Z[0m [34mDEBUG[0m [2mhyper::proto::h1::conn[0m[2m:[0m incoming body is content-length (1292 bytes)
[2m2025-12-10T10:13:25.222261Z[0m [34mDEBUG[0m [2mhyper::proto::h1::conn[0m[2m:[0m incoming body completed
[2m2025-12-10T10:13:25.222270Z[0m [34mDEBUG[0m [2mhyper::client::pool[0m[2m:[0m pooling idle connection for ("http", 192.168.0.14:8545)
[2m2025-12-10T10:13:25.222277Z[0m [34mDEBUG[0m [2methereum_transaction_pool_monitor::eth_client[0m[2m:[0m 📡 Transaction fetch RPC completed in 6.445166ms
[2m2025-12-10T10:13:25.421218Z[0m [34mDEBUG[0m [2methereum_transaction_pool_monitor::eth_client[0m[2m:[0m ✅ Transaction 0x312ff65788cc406548870590d8a9f3e48202ca0e144634c054d484d87b9d8116 fetched and parsed in 205.382ms
[2m2025-12-10T10:13:25.421498Z[0m [34mDEBUG[0m [2methereum_transaction_pool_monitor::mempool_monitor[0m[2m:[0m 🔍 Skipping tx 0x312ff65788cc406548870590d8a9f3e48202ca0e144634c054d484d87b9d8116 - not a DEX interaction (target: 0xA69babEF1cA67A37Ffaf7a485DfFF3382056e78C)
[2m2025-12-10T10:13:25.421544Z[0m [34mDEBUG[0m [2mhyper::client::pool[0m[2m:[0m reuse idle connection for ("http", 192.168.0.14:8545)
[2m2025-12-10T10:13:25.421554Z[0m [34mDEBUG[0m [2methereum_transaction_pool_monitor::eth_client[0m[2m:[0m 📨 Received WebSocket message: {"jsonrpc":"2.0","method":"eth_subscription","params":{"subscription":"0xbed0a0851463e895960a451075a301a9","result":"0xb33ec80b6cb3e5cf03ca00468bc295ac1799b47da3f8d9f134ff957b19243a77"}}
[2m2025-12-10T10:13:25.421565Z[0m [34mDEBUG[0m [2methereum_transaction_pool_monitor::eth_client[0m[2m:[0m 📨 Received pending transaction: 0xb33ec80b6cb3e5cf03ca00468bc295ac1799b47da3f8d9f134ff957b19243a77
[2m2025-12-10T10:13:25.421571Z[0m [34mDEBUG[0m [2methereum_transaction_pool_monitor::eth_client[0m[2m:[0m 📨 Received WebSocket message: {"jsonrpc":"2.0","method":"eth_subscription","params":{"subscription":"0xbed0a0851463e895960a451075a301a9","result":"0x5a1f44928222f344224a5d6af3a9ae3001d61ab212daae4ffc7230cf5f039414"}}
[2m2025-12-10T10:13:25.421577Z[0m [34mDEBUG[0m [2methereum_transaction_pool_monitor::eth_client[0m[2m:[0m 📨 Received pending transaction: 0x5a1f44928222f344224a5d6af3a9ae3001d61ab212daae4ffc7230cf5f039414
[2m2025-12-10T10:13:25.421581Z[0m [34mDEBUG[0m [2methereum_transaction_pool_monitor::eth_client[0m[2m:[0m 📨 Received WebSocket message: {"jsonrpc":"2.0","method":"eth_subscription","params":{"subscription":"0xbed0a0851463e895960a451075a301a9","result":"0x82cbd48d9814c91fbf71c6f9bc0134cb6f991030c4441634646199bce1f08044"}}
[2m2025-12-10T10:13:25.421586Z[0m [34mDEBUG[0m [2methereum_transaction_pool_monitor::eth_client[0m[2m:[0m 📨 Received pending transaction: 0x82cbd48d9814c91fbf71c6f9bc0134cb6f991030c4441634646199bce1f08044
[2m2025-12-10T10:13:25.421592Z[0m [34mDEBUG[0m [2methereum_transaction_pool_monitor::eth_client[0m[2m:[0m 📨 Received WebSocket message: {"jsonrpc":"2.0","method":"eth_subscription","params":{"subscription":"0xbed0a0851463e895960a451075a301a9","result":"0x2f2a256410f0cba701c89c626259f7b10efc47985f40d2ac8bde8c83b7db770e"}}
[2m2025-12-10T10:13:25.421602Z[0m [34mDEBUG[0m [2mhyper::proto::h1::io[0m[2m:[0m flushed 172 bytes
[2m2025-12-10T10:13:25.421740Z[0m [34mDEBUG[0m [2methereum_transaction_pool_monitor::eth_client[0m[2m:[0m 📨 Received pending transaction: 0x2f2a256410f0cba701c89c626259f7b10efc47985f40d2ac8bde8c83b7db770e
[2m2025-12-10T10:13:25.421752Z[0m [34mDEBUG[0m [2methereum_transaction_pool_monitor::eth_client[0m[2m:[0m 📨 Received WebSocket message: {"jsonrpc":"2.0","method":"eth_subscription","params":{"subscription":"0xbed0a0851463e895960a451075a301a9","result":"0xe36c113a2bceb57e02c2ba1abd286ccec4f33cdca528df4b7e3b56826ddff8a6"}}
[2m2025-12-10T10:13:25.421760Z[0m [34mDEBUG[0m [2methereum_transaction_pool_monitor::eth_client[0m[2m:[0m 📨 Received pending transaction: 0xe36c113a2bceb57e02c2ba1abd286ccec4f33cdca528df4b7e3b56826ddff8a6
[2m2025-12-10T10:13:25.421765Z[0m [34mDEBUG[0m [2methereum_transaction_pool_monitor::eth_client[0m[2m:[0m 📨 Received WebSocket message: {"jsonrpc":"2.0","method":"eth_subscription","params":{"subscription":"0xbed0a0851463e895960a451075a301a9","result":"0xb1ce9e833985c91e94a454db8c092c923622ba8964da12928f5d43b1b4daa742"}}
[2m2025-12-10T10:13:25.421771Z[0m [34mDEBUG[0m [2methereum_transaction_pool_monitor::eth_client[0m[2m:[0m 📨 Received pending transaction: 0xb1ce9e833985c91e94a454db8c092c923622ba8964da12928f5d43b1b4daa742
[2m2025-12-10T10:13:25.421776Z[0m [34mDEBUG[0m [2methereum_transaction_pool_monitor::eth_client[0m[2m:[0m 📨 Received WebSocket message: {"jsonrpc":"2.0","method":"eth_subscription","params":{"subscription":"0xbed0a0851463e895960a451075a301a9","result":"0x9e2737f0a5e925482cbe351d41a324f5279cd57c0c5db690890154feccc2e917"}}
[2m2025-12-10T10:13:25.421783Z[0m [34mDEBUG[0m [2methereum_transaction_pool_monitor::eth_client[0m[2m:[0m 📨 Received pending transaction: 0x9e2737f0a5e925482cbe351d41a324f5279cd57c0c5db690890154feccc2e917
[2m2025-12-10T10:13:25.421789Z[0m [34mDEBUG[0m [2methereum_transaction_pool_monitor::eth_client[0m[2m:[0m 📨 Received WebSocket message: {"jsonrpc":"2.0","method":"eth_subscription","params":{"subscription":"0xbed0a0851463e895960a451075a301a9","result":"0xe309dd8d8dc43bc7fda5fc668f828f67a77cfa06868fbc863fbf78a2ce5fc51b"}}
[2m2025-12-10T10:13:25.421795Z[0m [34mDEBUG[0m [2methereum_transaction_pool_monitor::eth_client[0m[2m:[0m 📨 Received pending transaction: 0xe309dd8d8dc43bc7fda5fc668f828f67a77cfa06868fbc863fbf78a2ce5fc51b
[2m2025-12-10T10:13:25.421801Z[0m [34mDEBUG[0m [2methereum_transaction_pool_monitor::eth_client[0m[2m:[0m 📨 Received WebSocket message: {"jsonrpc":"2.0","method":"eth_subscription","params":{"subscription":"0xbed0a0851463e895960a451075a301a9","result":"0x61243b064c6c9ce808b4e0549e4537ab222d9b9f5afb02784d7e6a18462518c4"}}
[2m2025-12-10T10:13:25.421806Z[0m [34mDEBUG[0m [2methereum_transaction_pool_monitor::eth_client[0m[2m:[0m 📨 Received pending transaction: 0x61243b064c6c9ce808b4e0549e4537ab222d9b9f5afb02784d7e6a18462518c4
[2m2025-12-10T10:13:25.421812Z[0m [34mDEBUG[0m [2methereum_transaction_pool_monitor::eth_client[0m[2m:[0m 📨 Received WebSocket message: {"jsonrpc":"2.0","method":"eth_subscription","params":{"subscription":"0xbed0a0851463e895960a451075a301a9","result":"0xb8ff8e91f066b5caffe9ecd1afc161f39589387589c297e0ac568f4d28bd3147"}}
[2m2025-12-10T10:13:25.421817Z[0m [34mDEBUG[0m [2methereum_transaction_pool_monitor::eth_client[0m[2m:[0m 📨 Received pending transaction: 0xb8ff8e91f066b5caffe9ecd1afc161f39589387589c297e0ac568f4d28bd3147
[2m2025-12-10T10:13:25.421825Z[0m [34mDEBUG[0m [2methereum_transaction_pool_monitor::mempool_monitor[0m[2m:[0m 📨 Processing new pending transaction: 0xb33ec80b6cb3e5cf03ca00468bc295ac1799b47da3f8d9f134ff957b19243a77
[2m2025-12-10T10:13:25.421831Z[0m [34mDEBUG[0m [2methereum_transaction_pool_monitor::mempool_monitor[0m[2m:[0m 🔍 Fetching transaction details for: 0xb33ec80b6cb3e5cf03ca00468bc295ac1799b47da3f8d9f134ff957b19243a77
[2m2025-12-10T10:13:25.421837Z[0m [34mDEBUG[0m [2methereum_transaction_pool_monitor::eth_client[0m[2m:[0m 🔍 Fetching transaction details for hash: 0xb33ec80b6cb3e5cf03ca00468bc295ac1799b47da3f8d9f134ff957b19243a77
[2m2025-12-10T10:13:25.421851Z[0m [34mDEBUG[0m [2mhyper::client::pool[0m[2m:[0m reuse idle connection for ("http", 192.168.0.14:8545)
[2m2025-12-10T10:13:25.421870Z[0m [34mDEBUG[0m [2mhyper::proto::h1::io[0m[2m:[0m flushed 250 bytes
[2m2025-12-10T10:13:25.427234Z[0m [34mDEBUG[0m [2mhyper::proto::h1::io[0m[2m:[0m parsed 4 headers
[2m2025-12-10T10:13:25.427239Z[0m [34mDEBUG[0m [2mhyper::proto::h1::conn[0m[2m:[0m incoming body is content-length (45 bytes)
[2m2025-12-10T10:13:25.427247Z[0m [34mDEBUG[0m [2mhyper::proto::h1::conn[0m[2m:[0m incoming body completed
[2m2025-12-10T10:13:25.427254Z[0m [34mDEBUG[0m [2mhyper::client::pool[0m[2m:[0m pooling idle connection for ("http", 192.168.0.14:8545)
[2m2025-12-10T10:13:25.427272Z[0m [34mDEBUG[0m [2mhyper::client::pool[0m[2m:[0m reuse idle connection for ("http", 192.168.0.14:8545)
[2m2025-12-10T10:13:25.427288Z[0m [34mDEBUG[0m [2mhyper::proto::h1::io[0m[2m:[0m flushed 172 bytes
[2m2025-12-10T10:13:25.428025Z[0m [34mDEBUG[0m [2mhyper::proto::h1::io[0m[2m:[0m parsed 4 headers
[2m2025-12-10T10:13:25.428031Z[0m [34mDEBUG[0m [2mhyper::proto::h1::conn[0m[2m:[0m incoming body is content-length (1292 bytes)
[2m2025-12-10T10:13:25.428036Z[0m [34mDEBUG[0m [2mhyper::proto::h1::conn[0m[2m:[0m incoming body completed
[2m2025-12-10T10:13:25.428042Z[0m [34mDEBUG[0m [2mhyper::client::pool[0m[2m:[0m pooling idle connection for ("http", 192.168.0.14:8545)
[2m2025-12-10T10:13:25.428047Z[0m [34mDEBUG[0m [2methereum_transaction_pool_monitor::eth_client[0m[2m:[0m 📡 Transaction fetch RPC completed in 6.203583ms
[2m2025-12-10T10:13:25.509470Z[0m [34mDEBUG[0m [2methereum_transaction_pool_monitor::eth_client[0m[2m:[0m ✅ Transaction 0xb33ec80b6cb3e5cf03ca00468bc295ac1799b47da3f8d9f134ff957b19243a77 fetched and parsed in 87.624375ms
[2m2025-12-10T10:13:25.509489Z[0m [34mDEBUG[0m [2methereum_transaction_pool_monitor::mempool_monitor[0m[2m:[0m 🔍 Skipping tx 0xb33ec80b6cb3e5cf03ca00468bc295ac1799b47da3f8d9f134ff957b19243a77 - not a DEX interaction (target: 0x5050e08626c499411B5D0E0b5AF0E83d3fD82EDF)
[2m2025-12-10T10:13:25.509499Z[0m [34mDEBUG[0m [2methereum_transaction_pool_monitor::mempool_monitor[0m[2m:[0m 📨 Processing new pending transaction: 0x5a1f44928222f344224a5d6af3a9ae3001d61ab212daae4ffc7230cf5f039414
[2m2025-12-10T10:13:25.509503Z[0m [34mDEBUG[0m [2methereum_transaction_pool_monitor::mempool_monitor[0m[2m:[0m 🔍 Fetching transaction details for: 0x5a1f44928222f344224a5d6af3a9ae3001d61ab212daae4ffc7230cf5f039414
[2m2025-12-10T10:13:25.509507Z[0m [34mDEBUG[0m [2methereum_transaction_pool_monitor::eth_client[0m[2m:[0m 🔍 Fetching transaction details for hash: 0x5a1f44928222f344224a5d6af3a9ae3001d61ab212daae4ffc7230cf5f039414
[2m2025-12-10T10:13:25.509528Z[0m [34mDEBUG[0m [2mhyper::client::pool[0m[2m:[0m reuse idle connection for ("http", 192.168.0.14:8545)
[2m2025-12-10T10:13:25.509561Z[0m [34mDEBUG[0m [2mhyper::proto::h1::io[0m[2m:[0m flushed 250 bytes
[2m2025-12-10T10:13:25.509592Z[0m [34mDEBUG[0m [2methereum_transaction_pool_monitor::eth_client[0m[2m:[0m 📨 Received WebSocket message: {"jsonrpc":"2.0","method":"eth_subscription","params":{"subscription":"0xbed0a0851463e895960a451075a301a9","result":"0x9fdba5c7f42e4fde93f56173aa0cc4dbe8384316d4d683aebefae76d2741b019"}}
[2m2025-12-10T10:13:25.509600Z[0m [34mDEBUG[0m [2methereum_transaction_pool_monitor::eth_client[0m[2m:[0m 📨 Received pending transaction: 0x9fdba5c7f42e4fde93f56173aa0cc4dbe8384316d4d683aebefae76d2741b019
[2m2025-12-10T10:13:25.509601Z[0m [34mDEBUG[0m [2mhyper::proto::h1::io[0m[2m:[0m parsed 4 headers
[2m2025-12-10T10:13:25.509613Z[0m [34mDEBUG[0m [2mhyper::proto::h1::conn[0m[2m:[0m incoming body is content-length (45 bytes)
[2m2025-12-10T10:13:25.509620Z[0m [34mDEBUG[0m [2mhyper::proto::h1::conn[0m[2m:[0m incoming body completed
[2m2025-12-10T10:13:25.509628Z[0m [34mDEBUG[0m [2mhyper::client::pool[0m[2m:[0m pooling idle connection for ("http", 192.168.0.14:8545)
[2m2025-12-10T10:13:25.509643Z[0m [34mDEBUG[0m [2mhyper::client::pool[0m[2m:[0m reuse idle connection for ("http", 192.168.0.14:8545)
[2m2025-12-10T10:13:25.509659Z[0m [34mDEBUG[0m [2mhyper::proto::h1::io[0m[2m:[0m flushed 172 bytes
[2m2025-12-10T10:13:25.512672Z[0m [34mDEBUG[0m [2methereum_transaction_pool_monitor::eth_client[0m[2m:[0m 📨 Received WebSocket message: {"jsonrpc":"2.0","method":"eth_subscription","params":{"subscription":"0xbed0a0851463e895960a451075a301a9","result":"0x49f1f85c92921b648d2facbd136f4d63692bf7a1f2f163bb526435a825f6d7cd"}}
[2m2025-12-10T10:13:25.512692Z[0m [34mDEBUG[0m [2methereum_transaction_pool_monitor::eth_client[0m[2m:[0m 📨 Received pending transaction: 0x49f1f85c92921b648d2facbd136f4d63692bf7a1f2f163bb526435a825f6d7cd
[2m2025-12-10T10:13:25.514613Z[0m [34mDEBUG[0m [2mhyper::proto::h1::io[0m[2m:[0m parsed 4 headers
[2m2025-12-10T10:13:25.514619Z[0m [34mDEBUG[0m [2mhyper::proto::h1::conn[0m[2m:[0m incoming body is content-length (778 bytes)
[2m2025-12-10T10:13:25.514624Z[0m [34mDEBUG[0m [2mhyper::proto::h1::conn[0m[2m:[0m incoming body completed
[2m2025-12-10T10:13:25.514631Z[0m [34mDEBUG[0m [2mhyper::client::pool[0m[2m:[0m pooling idle connection for ("http", 192.168.0.14:8545)
[2m2025-12-10T10:13:25.514637Z[0m [34mDEBUG[0m [2methereum_transaction_pool_monitor::eth_client[0m[2m:[0m 📡 Transaction fetch RPC completed in 5.125041ms
[2m2025-12-10T10:13:25.514651Z[0m [34mDEBUG[0m [2methereum_transaction_pool_monitor::eth_client[0m[2m:[0m DeFi transaction detected - Address: 0xdac17f958d2ee523a2206206994597c13d831ec7, Type: Stablecoin, Value: 0 ETH, Gas: 127.50 Gwei
[2m2025-12-10T10:13:25.514663Z[0m [34mDEBUG[0m [2methereum_transaction_pool_monitor::eth_client[0m[2m:[0m ✅ Transaction 0x5a1f44928222f344224a5d6af3a9ae3001d61ab212daae4ffc7230cf5f039414 fetched and parsed in 5.151166ms
[2m2025-12-10T10:13:25.514668Z[0m [34mDEBUG[0m [2methereum_transaction_pool_monitor::mempool_monitor[0m[2m:[0m 🔍 Skipping tx 0x5a1f44928222f344224a5d6af3a9ae3001d61ab212daae4ffc7230cf5f039414 - not a DEX interaction (target: 0xdAC17F958D2ee523a2206206994597C13D831ec7)
[2m2025-12-10T10:13:25.514675Z[0m [34mDEBUG[0m [2methereum_transaction_pool_monitor::mempool_monitor[0m[2m:[0m 📨 Processing new pending transaction: 0x82cbd48d9814c91fbf71c6f9bc0134cb6f991030c4441634646199bce1f08044
[2m2025-12-10T10:13:25.514679Z[0m [34mDEBUG[0m [2methereum_transaction_pool_monitor::mempool_monitor[0m[2m:[0m 🔍 Fetching transaction details for: 0x82cbd48d9814c91fbf71c6f9bc0134cb6f991030c4441634646199bce1f08044
[2m2025-12-10T10:13:25.514683Z[0m [34mDEBUG[0m [2methereum_transaction_pool_monitor::eth_client[0m[2m:[0m 🔍 Fetching transaction details for hash: 0x82cbd48d9814c91fbf71c6f9bc0134cb6f991030c4441634646199bce1f08044
[2m2025-12-10T10:13:25.514691Z[0m [34mDEBUG[0m [2mhyper::client::pool[0m[2m:[0m reuse idle connection for ("http", 192.168.0.14:8545)
[2m2025-12-10T10:13:25.514705Z[0m [34mDEBUG[0m [2mhyper::proto::h1::io[0m[2m:[0m flushed 250 bytes
[2m2025-12-10T10:13:25.514712Z[0m [34mDEBUG[0m [2mhyper::proto::h1::io[0m[2m:[0m parsed 4 headers
[2m2025-12-10T10:13:25.514716Z[0m [34mDEBUG[0m [2mhyper::proto::h1::conn[0m[2m:[0m incoming body is content-length (45 bytes)
[2m2025-12-10T10:13:25.514721Z[0m [34mDEBUG[0m [2mhyper::proto::h1::conn[0m[2m:[0m incoming body completed
[2m2025-12-10T10:13:25.514725Z[0m [34mDEBUG[0m [2mhyper::client::pool[0m[2m:[0m pooling idle connection for ("http", 192.168.0.14:8545)
[2m2025-12-10T10:13:25.520211Z[0m [34mDEBUG[0m [2mhyper::proto::h1::io[0m[2m:[0m parsed 4 headers
[2m2025-12-10T10:13:25.520217Z[0m [34mDEBUG[0m [2mhyper::proto::h1::conn[0m[2m:[0m incoming body is content-length (653 bytes)
[2m2025-12-10T10:13:25.520223Z[0m [34mDEBUG[0m [2mhyper::proto::h1::conn[0m[2m:[0m incoming body completed
[2m2025-12-10T10:13:25.520230Z[0m [34mDEBUG[0m [2mhyper::client::pool[0m[2m:[0m pooling idle connection for ("http", 192.168.0.14:8545)
[2m2025-12-10T10:13:25.520236Z[0m [34mDEBUG[0m [2methereum_transaction_pool_monitor::eth_client[0m[2m:[0m 📡 Transaction fetch RPC completed in 5.548667ms
[2m2025-12-10T10:13:25.591757Z[0m [34mDEBUG[0m [2methereum_transaction_pool_monitor::eth_client[0m[2m:[0m ✅ Transaction 0x82cbd48d9814c91fbf71c6f9bc0134cb6f991030c4441634646199bce1f08044 fetched and parsed in 77.067625ms
[2m2025-12-10T10:13:25.591783Z[0m [34mDEBUG[0m [2methereum_transaction_pool_monitor::mempool_monitor[0m[2m:[0m 🔍 Skipping tx 0x82cbd48d9814c91fbf71c6f9bc0134cb6f991030c4441634646199bce1f08044 - not a DEX interaction (target: 0x77cb6d7a0880032948865CE0A7154Fd314FFC583)
[2m2025-12-10T10:13:25.591794Z[0m [34mDEBUG[0m [2methereum_transaction_pool_monitor::mempool_monitor[0m[2m:[0m 📨 Processing new pending transaction: 0x2f2a256410f0cba701c89c626259f7b10efc47985f40d2ac8bde8c83b7db770e
[2m2025-12-10T10:13:25.591801Z[0m [34mDEBUG[0m [2methereum_transaction_pool_monitor::mempool_monitor[0m[2m:[0m 🔍 Fetching transaction details for: 0x2f2a256410f0cba701c89c626259f7b10efc47985f40d2ac8bde8c83b7db770e
[2m2025-12-10T10:13:25.591807Z[0m [34mDEBUG[0m [2methereum_transaction_pool_monitor::eth_client[0m[2m:[0m 🔍 Fetching transaction details for hash: 0x2f2a256410f0cba701c89c626259f7b10efc47985f40d2ac8bde8c83b7db770e
[2m2025-12-10T10:13:25.591829Z[0m [34mDEBUG[0m [2mhyper::client::pool[0m[2m:[0m reuse idle connection for ("http", 192.168.0.14:8545)
[2m2025-12-10T10:13:25.591881Z[0m [34mDEBUG[0m [2mhyper::proto::h1::io[0m[2m:[0m flushed 250 bytes
[2m2025-12-10T10:13:25.591898Z[0m [34mDEBUG[0m [2methereum_transaction_pool_monitor::eth_client[0m[2m:[0m 📨 Received WebSocket message: {"jsonrpc":"2.0","method":"eth_subscription","params":{"subscription":"0xbed0a0851463e895960a451075a301a9","result":"0xd90d195a8ba88cc3c7147da9cd3cd918a7b95fbc00908943a6d9e5a60fbd4bbb"}}
[2m2025-12-10T10:13:25.591905Z[0m [34mDEBUG[0m [2methereum_transaction_pool_monitor::eth_client[0m[2m:[0m 📨 Received pending transaction: 0xd90d195a8ba88cc3c7147da9cd3cd918a7b95fbc00908943a6d9e5a60fbd4bbb
[2m2025-12-10T10:13:25.595888Z[0m [34mDEBUG[0m [2mhyper::proto::h1::io[0m[2m:[0m parsed 4 headers
[2m2025-12-10T10:13:25.595895Z[0m [34mDEBUG[0m [2mhyper::proto::h1::conn[0m[2m:[0m incoming body is content-length (654 bytes)
[2m2025-12-10T10:13:25.595902Z[0m [34mDEBUG[0m [2mhyper::proto::h1::conn[0m[2m:[0m incoming body completed
[2m2025-12-10T10:13:25.595910Z[0m [34mDEBUG[0m [2mhyper::client::pool[0m[2m:[0m pooling idle connection for ("http", 192.168.0.14:8545)
[2m2025-12-10T10:13:25.595916Z[0m [34mDEBUG[0m [2methereum_transaction_pool_monitor::eth_client[0m[2m:[0m 📡 Transaction fetch RPC completed in 4.104291ms
[2m2025-12-10T10:13:25.667930Z[0m [34mDEBUG[0m [2methereum_transaction_pool_monitor::eth_client[0m[2m:[0m ✅ Transaction 0x2f2a256410f0cba701c89c626259f7b10efc47985f40d2ac8bde8c83b7db770e fetched and parsed in 76.116708ms
[2m2025-12-10T10:13:25.667962Z[0m [34mDEBUG[0m [2methereum_transaction_pool_monitor::mempool_monitor[0m[2m:[0m 🔍 Skipping tx 0x2f2a256410f0cba701c89c626259f7b10efc47985f40d2ac8bde8c83b7db770e - not a DEX interaction (target: 0x40dD2113A9B78dC778d012Dd02b7121c7152b56D)
[2m2025-12-10T10:13:25.667980Z[0m [34mDEBUG[0m [2methereum_transaction_pool_monitor::mempool_monitor[0m[2m:[0m 📨 Processing new pending transaction: 0xe36c113a2bceb57e02c2ba1abd286ccec4f33cdca528df4b7e3b56826ddff8a6
[2m2025-12-10T10:13:25.667991Z[0m [34mDEBUG[0m [2methereum_transaction_pool_monitor::mempool_monitor[0m[2m:[0m 🔍 Fetching transaction details for: 0xe36c113a2bceb57e02c2ba1abd286ccec4f33cdca528df4b7e3b56826ddff8a6
[2m2025-12-10T10:13:25.668234Z[0m [34mDEBUG[0m [2methereum_transaction_pool_monitor::eth_client[0m[2m:[0m 🔍 Fetching transaction details for hash: 0xe36c113a2bceb57e02c2ba1abd286ccec4f33cdca528df4b7e3b56826ddff8a6
[2m2025-12-10T10:13:25.668260Z[0m [34mDEBUG[0m [2mhyper::client::pool[0m[2m:[0m reuse idle connection for ("http", 192.168.0.14:8545)
[2m2025-12-10T10:13:25.668288Z[0m [34mDEBUG[0m [2mhyper::proto::h1::io[0m[2m:[0m flushed 250 bytes
[2m2025-12-10T10:13:25.668307Z[0m [34mDEBUG[0m [2mhyper::client::pool[0m[2m:[0m reuse idle connection for ("http", 192.168.0.14:8545)
[2m2025-12-10T10:13:25.668321Z[0m [34mDEBUG[0m [2mhyper::proto::h1::io[0m[2m:[0m flushed 172 bytes
[2m2025-12-10T10:13:25.668337Z[0m [34mDEBUG[0m [2methereum_transaction_pool_monitor::eth_client[0m[2m:[0m 📨 Received WebSocket message: {"jsonrpc":"2.0","method":"eth_subscription","params":{"subscription":"0xbed0a0851463e895960a451075a301a9","result":"0xab81f172c0fd04af71b4651904ea9fd6b38c8da5a16d2dce42517f1043a91d2e"}}
[2m2025-12-10T10:13:25.668345Z[0m [34mDEBUG[0m [2methereum_transaction_pool_monitor::eth_client[0m[2m:[0m 📨 Received pending transaction: 0xab81f172c0fd04af71b4651904ea9fd6b38c8da5a16d2dce42517f1043a91d2e
[2m2025-12-10T10:13:25.672389Z[0m [34mDEBUG[0m [2mhyper::proto::h1::io[0m[2m:[0m parsed 4 headers
[2m2025-12-10T10:13:25.672395Z[0m [34mDEBUG[0m [2mhyper::proto::h1::conn[0m[2m:[0m incoming body is content-length (45 bytes)
[2m2025-12-10T10:13:25.672402Z[0m [34mDEBUG[0m [2mhyper::proto::h1::conn[0m[2m:[0m incoming body completed
[2m2025-12-10T10:13:25.672409Z[0m [34mDEBUG[0m [2mhyper::client::pool[0m[2m:[0m pooling idle connection for ("http", 192.168.0.14:8545)
[2m2025-12-10T10:13:25.672989Z[0m [34mDEBUG[0m [2mhyper::proto::h1::io[0m[2m:[0m parsed 4 headers
[2m2025-12-10T10:13:25.672995Z[0m [34mDEBUG[0m [2mhyper::proto::h1::conn[0m[2m:[0m incoming body is content-length (777 bytes)
[2m2025-12-10T10:13:25.673001Z[0m [34mDEBUG[0m [2mhyper::proto::h1::conn[0m[2m:[0m incoming body completed
[2m2025-12-10T10:13:25.673007Z[0m [34mDEBUG[0m [2mhyper::client::pool[0m[2m:[0m pooling idle connection for ("http", 192.168.0.14:8545)
[2m2025-12-10T10:13:25.673012Z[0m [34mDEBUG[0m [2methereum_transaction_pool_monitor::eth_client[0m[2m:[0m 📡 Transaction fetch RPC completed in 4.768ms
[2m2025-12-10T10:13:25.673024Z[0m [34mDEBUG[0m [2methereum_transaction_pool_monitor::eth_client[0m[2m:[0m DeFi transaction detected - Address: 0xdac17f958d2ee523a2206206994597c13d831ec7, Type: Stablecoin, Value: 0 ETH, Gas: 127.50 Gwei
[2m2025-12-10T10:13:25.673038Z[0m [34mDEBUG[0m [2methereum_transaction_pool_monitor::eth_client[0m[2m:[0m ✅ Transaction 0xe36c113a2bceb57e02c2ba1abd286ccec4f33cdca528df4b7e3b56826ddff8a6 fetched and parsed in 4.793708ms
[2m2025-12-10T10:13:25.673046Z[0m [34mDEBUG[0m [2methereum_transaction_pool_monitor::mempool_monitor[0m[2m:[0m 🔍 Skipping tx 0xe36c113a2bceb57e02c2ba1abd286ccec4f33cdca528df4b7e3b56826ddff8a6 - not a DEX interaction (target: 0xdAC17F958D2ee523a2206206994597C13D831ec7)
[2m2025-12-10T10:13:25.673053Z[0m [34mDEBUG[0m [2methereum_transaction_pool_monitor::mempool_monitor[0m[2m:[0m 📨 Processing new pending transaction: 0xb1ce9e833985c91e94a454db8c092c923622ba8964da12928f5d43b1b4daa742
[2m2025-12-10T10:13:25.673058Z[0m [34mDEBUG[0m [2methereum_transaction_pool_monitor::mempool_monitor[0m[2m:[0m 🔍 Fetching transaction details for: 0xb1ce9e833985c91e94a454db8c092c923622ba8964da12928f5d43b1b4daa742
[2m2025-12-10T10:13:25.673065Z[0m [34mDEBUG[0m [2methereum_transaction_pool_monitor::eth_client[0m[2m:[0m 🔍 Fetching transaction details for hash: 0xb1ce9e833985c91e94a454db8c092c923622ba8964da12928f5d43b1b4daa742
[2m2025-12-10T10:13:25.673072Z[0m [34mDEBUG[0m [2mhyper::client::pool[0m[2m:[0m reuse idle connection for ("http", 192.168.0.14:8545)
[2m2025-12-10T10:13:25.673084Z[0m [34mDEBUG[0m [2mhyper::proto::h1::io[0m[2m:[0m flushed 250 bytes
[2m2025-12-10T10:13:25.678318Z[0m [34mDEBUG[0m [2mhyper::proto::h1::io[0m[2m:[0m parsed 4 headers
[2m2025-12-10T10:13:25.678323Z[0m [34mDEBUG[0m [2mhyper::proto::h1::conn[0m[2m:[0m incoming body is content-length (2314 bytes)
[2m2025-12-10T10:13:25.678328Z[0m [34mDEBUG[0m [2mhyper::proto::h1::conn[0m[2m:[0m incoming body completed
[2m2025-12-10T10:13:25.678334Z[0m [34mDEBUG[0m [2mhyper::client::pool[0m[2m:[0m pooling idle connection for ("http", 192.168.0.14:8545)
[2m2025-12-10T10:13:25.678339Z[0m [34mDEBUG[0m [2methereum_transaction_pool_monitor::eth_client[0m[2m:[0m 📡 Transaction fetch RPC completed in 5.269375ms
[2m2025-12-10T10:13:25.749493Z[0m [34mDEBUG[0m [2methereum_transaction_pool_monitor::eth_client[0m[2m:[0m ✅ Transaction 0xb1ce9e833985c91e94a454db8c092c923622ba8964da12928f5d43b1b4daa742 fetched and parsed in 76.420708ms
[2m2025-12-10T10:13:25.749517Z[0m [34mDEBUG[0m [2methereum_transaction_pool_monitor::mempool_monitor[0m[2m:[0m 🔍 Skipping tx 0xb1ce9e833985c91e94a454db8c092c923622ba8964da12928f5d43b1b4daa742 - not a DEX interaction (target: 0xEe7aE85f2Fe2239E27D9c1E23fFFe168D63b4055)
[2m2025-12-10T10:13:25.749529Z[0m [34mDEBUG[0m [2methereum_transaction_pool_monitor::mempool_monitor[0m[2m:[0m 📨 Processing new pending transaction: 0x9e2737f0a5e925482cbe351d41a324f5279cd57c0c5db690890154feccc2e917
[2m2025-12-10T10:13:25.749538Z[0m [34mDEBUG[0m [2methereum_transaction_pool_monitor::mempool_monitor[0m[2m:[0m 🔍 Fetching transaction details for: 0x9e2737f0a5e925482cbe351d41a324f5279cd57c0c5db690890154feccc2e917
[2m2025-12-10T10:13:25.749545Z[0m [34mDEBUG[0m [2methereum_transaction_pool_monitor::eth_client[0m[2m:[0m 🔍 Fetching transaction details for hash: 0x9e2737f0a5e925482cbe351d41a324f5279cd57c0c5db690890154feccc2e917
[2m2025-12-10T10:13:25.749566Z[0m [34mDEBUG[0m [2mhyper::client::pool[0m[2m:[0m reuse idle connection for ("http", 192.168.0.14:8545)
[2m2025-12-10T10:13:25.749605Z[0m [34mDEBUG[0m [2mhyper::proto::h1::io[0m[2m:[0m flushed 250 bytes
[2m2025-12-10T10:13:25.749628Z[0m [34mDEBUG[0m [2mhyper::client::pool[0m[2m:[0m reuse idle connection for ("http", 192.168.0.14:8545)
[2m2025-12-10T10:13:25.749631Z[0m [34mDEBUG[0m [2methereum_transaction_pool_monitor::eth_client[0m[2m:[0m 📨 Received WebSocket message: {"jsonrpc":"2.0","method":"eth_subscription","params":{"subscription":"0xbed0a0851463e895960a451075a301a9","result":"0x3ad4fa5c59c0ba3c50b6e374a074b652b2b1e132859d3fdf0a553b75bec8e3ee"}}
[2m2025-12-10T10:13:25.749645Z[0m [34mDEBUG[0m [2mhyper::proto::h1::io[0m[2m:[0m flushed 172 bytes
[2m2025-12-10T10:13:25.749645Z[0m [34mDEBUG[0m [2methereum_transaction_pool_monitor::eth_client[0m[2m:[0m 📨 Received pending transaction: 0x3ad4fa5c59c0ba3c50b6e374a074b652b2b1e132859d3fdf0a553b75bec8e3ee
[2m2025-12-10T10:13:25.749665Z[0m [34mDEBUG[0m [2methereum_transaction_pool_monitor::eth_client[0m[2m:[0m 📨 Received WebSocket message: {"jsonrpc":"2.0","method":"eth_subscription","params":{"subscription":"0xbed0a0851463e895960a451075a301a9","result":"0x377ba2f9bc9a4aba6af0640b7a018fc88dbf26925930800c2a1620744043f769"}}
[2m2025-12-10T10:13:25.749671Z[0m [34mDEBUG[0m [2methereum_transaction_pool_monitor::eth_client[0m[2m:[0m 📨 Received pending transaction: 0x377ba2f9bc9a4aba6af0640b7a018fc88dbf26925930800c2a1620744043f769
[2m2025-12-10T10:13:25.749676Z[0m [34mDEBUG[0m [2methereum_transaction_pool_monitor::eth_client[0m[2m:[0m 📨 Received WebSocket message: {"jsonrpc":"2.0","method":"eth_subscription","params":{"subscription":"0xbed0a0851463e895960a451075a301a9","result":"0x3c8ac4826ef277be82a469eb07bf44f07effa8dea86ac1546081ce38a9558dad"}}
[2m2025-12-10T10:13:25.749680Z[0m [34mDEBUG[0m [2methereum_transaction_pool_monitor::eth_client[0m[2m:[0m 📨 Received pending transaction: 0x3c8ac4826ef277be82a469eb07bf44f07effa8dea86ac1546081ce38a9558dad
[2m2025-12-10T10:13:25.754330Z[0m [34mDEBUG[0m [2mhyper::proto::h1::io[0m[2m:[0m parsed 4 headers
[2m2025-12-10T10:13:25.754358Z[0m [34mDEBUG[0m [2mhyper::proto::h1::conn[0m[2m:[0m incoming body is content-length (778 bytes)
[2m2025-12-10T10:13:25.754385Z[0m [34mDEBUG[0m [2mhyper::proto::h1::conn[0m[2m:[0m incoming body completed
[2m2025-12-10T10:13:25.754394Z[0m [34mDEBUG[0m [2mhyper::client::pool[0m[2m:[0m pooling idle connection for ("http", 192.168.0.14:8545)
[2m2025-12-10T10:13:25.754401Z[0m [34mDEBUG[0m [2methereum_transaction_pool_monitor::eth_client[0m[2m:[0m 📡 Transaction fetch RPC completed in 4.850708ms
[2m2025-12-10T10:13:25.754418Z[0m [34mDEBUG[0m [2methereum_transaction_pool_monitor::eth_client[0m[2m:[0m DeFi transaction detected - Address: 0xdac17f958d2ee523a2206206994597c13d831ec7, Type: Stablecoin, Value: 0 ETH, Gas: 127.50 Gwei
[2m2025-12-10T10:13:25.754430Z[0m [34mDEBUG[0m [2methereum_transaction_pool_monitor::eth_client[0m[2m:[0m ✅ Transaction 0x9e2737f0a5e925482cbe351d41a324f5279cd57c0c5db690890154feccc2e917 fetched and parsed in 4.879791ms
[2m2025-12-10T10:13:25.754435Z[0m [34mDEBUG[0m [2methereum_transaction_pool_monitor::mempool_monitor[0m[2m:[0m 🔍 Skipping tx 0x9e2737f0a5e925482cbe351d41a324f5279cd57c0c5db690890154feccc2e917 - not a DEX interaction (target: 0xdAC17F958D2ee523a2206206994597C13D831ec7)
[2m2025-12-10T10:13:25.754443Z[0m [34mDEBUG[0m [2methereum_transaction_pool_monitor::mempool_monitor[0m[2m:[0m 📨 Processing new pending transaction: 0xe309dd8d8dc43bc7fda5fc668f828f67a77cfa06868fbc863fbf78a2ce5fc51b
[2m2025-12-10T10:13:25.754448Z[0m [34mDEBUG[0m [2methereum_transaction_pool_monitor::mempool_monitor[0m[2m:[0m 🔍 Fetching transaction details for: 0xe309dd8d8dc43bc7fda5fc668f828f67a77cfa06868fbc863fbf78a2ce5fc51b
[2m2025-12-10T10:13:25.754451Z[0m [34mDEBUG[0m [2methereum_transaction_pool_monitor::eth_client[0m[2m:[0m 🔍 Fetching transaction details for hash: 0xe309dd8d8dc43bc7fda5fc668f828f67a77cfa06868fbc863fbf78a2ce5fc51b
[2m2025-12-10T10:13:25.754460Z[0m [34mDEBUG[0m [2mhyper::client::pool[0m[2m:[0m reuse idle connection for ("http", 192.168.0.14:8545)
[2m2025-12-10T10:13:25.754481Z[0m [34mDEBUG[0m [2mhyper::proto::h1::io[0m[2m:[0m flushed 250 bytes
[2m2025-12-10T10:13:25.755071Z[0m [34mDEBUG[0m [2mhyper::proto::h1::io[0m[2m:[0m parsed 4 headers
[2m2025-12-10T10:13:25.755080Z[0m [34mDEBUG[0m [2mhyper::proto::h1::conn[0m[2m:[0m incoming body is content-length (45 bytes)
[2m2025-12-10T10:13:25.755085Z[0m [34mDEBUG[0m [2mhyper::proto::h1::conn[0m[2m:[0m incoming body completed
[2m2025-12-10T10:13:25.755093Z[0m [34mDEBUG[0m [2mhyper::client::pool[0m[2m:[0m pooling idle connection for ("http", 192.168.0.14:8545)
[2m2025-12-10T10:13:25.763360Z[0m [34mDEBUG[0m [2mhyper::proto::h1::io[0m[2m:[0m parsed 4 headers
[2m2025-12-10T10:13:25.763366Z[0m [34mDEBUG[0m [2mhyper::proto::h1::conn[0m[2m:[0m incoming body is content-length (655 bytes)
[2m2025-12-10T10:13:25.763371Z[0m [34mDEBUG[0m [2mhyper::proto::h1::conn[0m[2m:[0m incoming body completed
[2m2025-12-10T10:13:25.763376Z[0m [34mDEBUG[0m [2mhyper::client::pool[0m[2m:[0m pooling idle connection for ("http", 192.168.0.14:8545)
[2m2025-12-10T10:13:25.763380Z[0m [34mDEBUG[0m [2methereum_transaction_pool_monitor::eth_client[0m[2m:[0m 📡 Transaction fetch RPC completed in 8.924958ms
[2m2025-12-10T10:13:25.834566Z[0m [34mDEBUG[0m [2methereum_transaction_pool_monitor::eth_client[0m[2m:[0m ✅ Transaction 0xe309dd8d8dc43bc7fda5fc668f828f67a77cfa06868fbc863fbf78a2ce5fc51b fetched and parsed in 80.108708ms
[2m2025-12-10T10:13:25.834594Z[0m [34mDEBUG[0m [2methereum_transaction_pool_monitor::mempool_monitor[0m[2m:[0m 🔍 Skipping tx 0xe309dd8d8dc43bc7fda5fc668f828f67a77cfa06868fbc863fbf78a2ce5fc51b - not a DEX interaction (target: 0x87AF053c7BCAE0A8B28A603c145cc288693579a3)
[2m2025-12-10T10:13:25.834604Z[0m [34mDEBUG[0m [2methereum_transaction_pool_monitor::mempool_monitor[0m[2m:[0m 📨 Processing new pending transaction: 0x61243b064c6c9ce808b4e0549e4537ab222d9b9f5afb02784d7e6a18462518c4
[2m2025-12-10T10:13:25.834612Z[0m [34mDEBUG[0m [2methereum_transaction_pool_monitor::mempool_monitor[0m[2m:[0m 🔍 Fetching transaction details for: 0x61243b064c6c9ce808b4e0549e4537ab222d9b9f5afb02784d7e6a18462518c4
[2m2025-12-10T10:13:25.834618Z[0m [34mDEBUG[0m [2methereum_transaction_pool_monitor::eth_client[0m[2m:[0m 🔍 Fetching transaction details for hash: 0x61243b064c6c9ce808b4e0549e4537ab222d9b9f5afb02784d7e6a18462518c4
[2m2025-12-10T10:13:25.834636Z[0m [34mDEBUG[0m [2mhyper::client::pool[0m[2m:[0m reuse idle connection for ("http", 192.168.0.14:8545)
[2m2025-12-10T10:13:25.834680Z[0m [34mDEBUG[0m [2mhyper::proto::h1::io[0m[2m:[0m flushed 250 bytes
[2m2025-12-10T10:13:25.834709Z[0m [34mDEBUG[0m [2mhyper::client::pool[0m[2m:[0m reuse idle connection for ("http", 192.168.0.14:8545)
[2m2025-12-10T10:13:25.834727Z[0m [34mDEBUG[0m [2mhyper::proto::h1::io[0m[2m:[0m flushed 172 bytes
[2m2025-12-10T10:13:25.838136Z[0m [34mDEBUG[0m [2mhyper::proto::h1::io[0m[2m:[0m parsed 4 headers
[2m2025-12-10T10:13:25.838144Z[0m [34mDEBUG[0m [2mhyper::proto::h1::conn[0m[2m:[0m incoming body is content-length (45 bytes)
[2m2025-12-10T10:13:25.838154Z[0m [34mDEBUG[0m [2mhyper::proto::h1::conn[0m[2m:[0m incoming body completed
[2m2025-12-10T10:13:25.838161Z[0m [34mDEBUG[0m [2mhyper::client::pool[0m[2m:[0m pooling idle connection for ("http", 192.168.0.14:8545)
[2m2025-12-10T10:13:25.843853Z[0m [34mDEBUG[0m [2mhyper::proto::h1::io[0m[2m:[0m parsed 4 headers
[2m2025-12-10T10:13:25.845269Z[0m [34mDEBUG[0m [2mhyper::proto::h1::conn[0m[2m:[0m incoming body is content-length (778 bytes)
[2m2025-12-10T10:13:25.845283Z[0m [34mDEBUG[0m [2mhyper::proto::h1::conn[0m[2m:[0m incoming body completed
[2m2025-12-10T10:13:25.845298Z[0m [34mDEBUG[0m [2mhyper::client::pool[0m[2m:[0m pooling idle connection for ("http", 192.168.0.14:8545)
[2m2025-12-10T10:13:25.845308Z[0m [34mDEBUG[0m [2methereum_transaction_pool_monitor::eth_client[0m[2m:[0m 📡 Transaction fetch RPC completed in 10.6855ms
[2m2025-12-10T10:13:25.845333Z[0m [34mDEBUG[0m [2methereum_transaction_pool_monitor::eth_client[0m[2m:[0m DeFi transaction detected - Address: 0xdac17f958d2ee523a2206206994597c13d831ec7, Type: Stablecoin, Value: 0 ETH, Gas: 127.50 Gwei
[2m2025-12-10T10:13:25.845349Z[0m [34mDEBUG[0m [2methereum_transaction_pool_monitor::eth_client[0m[2m:[0m ✅ Transaction 0x61243b064c6c9ce808b4e0549e4537ab222d9b9f5afb02784d7e6a18462518c4 fetched and parsed in 10.726667ms
[2m2025-12-10T10:13:25.845360Z[0m [34mDEBUG[0m [2methereum_transaction_pool_monitor::mempool_monitor[0m[2m:[0m 🔍 Skipping tx 0x61243b064c6c9ce808b4e0549e4537ab222d9b9f5afb02784d7e6a18462518c4 - not a DEX interaction (target: 0xdAC17F958D2ee523a2206206994597C13D831ec7)
[2m2025-12-10T10:13:25.845366Z[0m [34mDEBUG[0m [2methereum_transaction_pool_monitor::mempool_monitor[0m[2m:[0m 📨 Processing new pending transaction: 0xb8ff8e91f066b5caffe9ecd1afc161f39589387589c297e0ac568f4d28bd3147
[2m2025-12-10T10:13:25.845370Z[0m [34mDEBUG[0m [2methereum_transaction_pool_monitor::mempool_monitor[0m[2m:[0m 🔍 Fetching transaction details for: 0xb8ff8e91f066b5caffe9ecd1afc161f39589387589c297e0ac568f4d28bd3147
[2m2025-12-10T10:13:25.845374Z[0m [34mDEBUG[0m [2methereum_transaction_pool_monitor::eth_client[0m[2m:[0m 🔍 Fetching transaction details for hash: 0xb8ff8e91f066b5caffe9ecd1afc161f39589387589c297e0ac568f4d28bd3147
[2m2025-12-10T10:13:25.845384Z[0m [34mDEBUG[0m [2mhyper::client::pool[0m[2m:[0m reuse idle connection for ("http", 192.168.0.14:8545)
[2m2025-12-10T10:13:25.845402Z[0m [34mDEBUG[0m [2mhyper::proto::h1::io[0m[2m:[0m flushed 250 bytes
[2m2025-12-10T10:13:25.849679Z[0m [34mDEBUG[0m [2mhyper::proto::h1::io[0m[2m:[0m parsed 4 headers
[2m2025-12-10T10:13:25.849685Z[0m [34mDEBUG[0m [2mhyper::proto::h1::conn[0m[2m:[0m incoming body is content-length (647 bytes)
[2m2025-12-10T10:13:25.849898Z[0m [34mDEBUG[0m [2mhyper::proto::h1::conn[0m[2m:[0m incoming body completed
[2m2025-12-10T10:13:25.849905Z[0m [34mDEBUG[0m [2mhyper::client::pool[0m[2m:[0m pooling idle connection for ("http", 192.168.0.14:8545)
[2m2025-12-10T10:13:25.849910Z[0m [34mDEBUG[0m [2methereum_transaction_pool_monitor::eth_client[0m[2m:[0m 📡 Transaction fetch RPC completed in 4.532333ms
[2m2025-12-10T10:13:25.920169Z[0m [34mDEBUG[0m [2methereum_transaction_pool_monitor::eth_client[0m[2m:[0m ✅ Transaction 0xb8ff8e91f066b5caffe9ecd1afc161f39589387589c297e0ac568f4d28bd3147 fetched and parsed in 74.78975ms
[2m2025-12-10T10:13:25.920198Z[0m [34mDEBUG[0m [2methereum_transaction_pool_monitor::mempool_monitor[0m[2m:[0m 🔍 Skipping tx 0xb8ff8e91f066b5caffe9ecd1afc161f39589387589c297e0ac568f4d28bd3147 - not a DEX interaction (target: 0x5Be513cDe54DD584eb30cB27920f43C2831a91C0)
[2m2025-12-10T10:13:25.920211Z[0m [34mDEBUG[0m [2methereum_transaction_pool_monitor::mempool_monitor[0m[2m:[0m 📨 Processing new pending transaction: 0x9fdba5c7f42e4fde93f56173aa0cc4dbe8384316d4d683aebefae76d2741b019
[2m2025-12-10T10:13:25.920220Z[0m [34mDEBUG[0m [2methereum_transaction_pool_monitor::mempool_monitor[0m[2m:[0m 🔍 Fetching transaction details for: 0x9fdba5c7f42e4fde93f56173aa0cc4dbe8384316d4d683aebefae76d2741b019
[2m2025-12-10T10:13:25.920227Z[0m [34mDEBUG[0m [2methereum_transaction_pool_monitor::eth_client[0m[2m:[0m 🔍 Fetching transaction details for hash: 0x9fdba5c7f42e4fde93f56173aa0cc4dbe8384316d4d683aebefae76d2741b019
[2m2025-12-10T10:13:25.920248Z[0m [34mDEBUG[0m [2mhyper::client::pool[0m[2m:[0m reuse idle connection for ("http", 192.168.0.14:8545)
[2m2025-12-10T10:13:25.920286Z[0m [34mDEBUG[0m [2mhyper::proto::h1::io[0m[2m:[0m flushed 250 bytes
[2m2025-12-10T10:13:25.920320Z[0m [34mDEBUG[0m [2mhyper::client::pool[0m[2m:[0m reuse idle connection for ("http", 192.168.0.14:8545)
[2m2025-12-10T10:13:25.920325Z[0m [34mDEBUG[0m [2methereum_transaction_pool_monitor::eth_client[0m[2m:[0m 📨 Received WebSocket message: {"jsonrpc":"2.0","method":"eth_subscription","params":{"subscription":"0xbed0a0851463e895960a451075a301a9","result":"0x5fcdf79a8c51e9be4ae0a39ecb479d30752aa914a00bf798fb415a22a16afff4"}}
[2m2025-12-10T10:13:25.920339Z[0m [34mDEBUG[0m [2methereum_transaction_pool_monitor::eth_client[0m[2m:[0m 📨 Received pending transaction: 0x5fcdf79a8c51e9be4ae0a39ecb479d30752aa914a00bf798fb415a22a16afff4
[2m2025-12-10T10:13:25.920342Z[0m [34mDEBUG[0m [2mhyper::proto::h1::io[0m[2m:[0m flushed 172 bytes
[2m2025-12-10T10:13:25.920347Z[0m [34mDEBUG[0m [2methereum_transaction_pool_monitor::eth_client[0m[2m:[0m 📨 Received WebSocket message: {"jsonrpc":"2.0","method":"eth_subscription","params":{"subscription":"0xbed0a0851463e895960a451075a301a9","result":"0x7046107abcfe2bbff518aa4c9b6f2100471f7a6d96708ccaf675f466fa6a39dc"}}
[2m2025-12-10T10:13:25.920380Z[0m [34mDEBUG[0m [2methereum_transaction_pool_monitor::eth_client[0m[2m:[0m 📨 Received pending transaction: 0x7046107abcfe2bbff518aa4c9b6f2100471f7a6d96708ccaf675f466fa6a39dc
[2m2025-12-10T10:13:25.927068Z[0m [34mDEBUG[0m [2mhyper::proto::h1::io[0m[2m:[0m parsed 4 headers
[2m2025-12-10T10:13:25.927074Z[0m [34mDEBUG[0m [2mhyper::proto::h1::conn[0m[2m:[0m incoming body is content-length (712 bytes)
[2m2025-12-10T10:13:25.927081Z[0m [34mDEBUG[0m [2mhyper::proto::h1::conn[0m[2m:[0m incoming body completed
[2m2025-12-10T10:13:25.927088Z[0m [34mDEBUG[0m [2mhyper::client::pool[0m[2m:[0m pooling idle connection for ("http", 192.168.0.14:8545)
[2m2025-12-10T10:13:25.927094Z[0m [34mDEBUG[0m [2methereum_transaction_pool_monitor::eth_client[0m[2m:[0m 📡 Transaction fetch RPC completed in 6.859ms
[2m2025-12-10T10:13:25.995278Z[0m [34mDEBUG[0m [2methereum_transaction_pool_monitor::eth_client[0m[2m:[0m ✅ Transaction 0x9fdba5c7f42e4fde93f56173aa0cc4dbe8384316d4d683aebefae76d2741b019 fetched and parsed in 75.040375ms
[2m2025-12-10T10:13:25.995305Z[0m [34mDEBUG[0m [2methereum_transaction_pool_monitor::mempool_monitor[0m[2m:[0m 🔍 Skipping tx 0x9fdba5c7f42e4fde93f56173aa0cc4dbe8384316d4d683aebefae76d2741b019 - not a DEX interaction (target: 0xe24C715F9A47F4C5D6657a10175dbC5d22c2aF05)
[2m2025-12-10T10:13:25.995316Z[0m [34mDEBUG[0m [2methereum_transaction_pool_monitor::mempool_monitor[0m[2m:[0m 📨 Processing new pending transaction: 0x49f1f85c92921b648d2facbd136f4d63692bf7a1f2f163bb526435a825f6d7cd
[2m2025-12-10T10:13:25.995323Z[0m [34mDEBUG[0m [2methereum_transaction_pool_monitor::mempool_monitor[0m[2m:[0m 🔍 Fetching transaction details for: 0x49f1f85c92921b648d2facbd136f4d63692bf7a1f2f163bb526435a825f6d7cd
[2m2025-12-10T10:13:25.995329Z[0m [34mDEBUG[0m [2methereum_transaction_pool_monitor::eth_client[0m[2m:[0m 🔍 Fetching transaction details for hash: 0x49f1f85c92921b648d2facbd136f4d63692bf7a1f2f163bb526435a825f6d7cd
[2m2025-12-10T10:13:25.995348Z[0m [34mDEBUG[0m [2mhyper::client::pool[0m[2m:[0m reuse idle connection for ("http", 192.168.0.14:8545)
[2m2025-12-10T10:13:25.995391Z[0m [34mDEBUG[0m [2mhyper::proto::h1::io[0m[2m:[0m flushed 250 bytes
[2m2025-12-10T10:13:25.995411Z[0m [34mDEBUG[0m [2mhyper::proto::h1::io[0m[2m:[0m parsed 4 headers
[2m2025-12-10T10:13:25.995417Z[0m [34mDEBUG[0m [2mhyper::proto::h1::conn[0m[2m:[0m incoming body is content-length (45 bytes)
[2m2025-12-10T10:13:25.995418Z[0m [34mDEBUG[0m [2methereum_transaction_pool_monitor::eth_client[0m[2m:[0m 📨 Received WebSocket message: {"jsonrpc":"2.0","method":"eth_subscription","params":{"subscription":"0xbed0a0851463e895960a451075a301a9","result":"0xbbfc0dcf8a18b301925fa63d19600d762c71dcb3268f97ea8ccb6c38ac1a7983"}}
[2m2025-12-10T10:13:25.995428Z[0m [34mDEBUG[0m [2mhyper::proto::h1::conn[0m[2m:[0m incoming body completed
[2m2025-12-10T10:13:25.995437Z[0m [34mDEBUG[0m [2methereum_transaction_pool_monitor::eth_client[0m[2m:[0m 📨 Received pending transaction: 0xbbfc0dcf8a18b301925fa63d19600d762c71dcb3268f97ea8ccb6c38ac1a7983
[2m2025-12-10T10:13:25.995445Z[0m [34mDEBUG[0m [2mhyper::client::pool[0m[2m:[0m pooling idle connection for ("http", 192.168.0.14:8545)
[2m2025-12-10T10:13:25.995446Z[0m [34mDEBUG[0m [2methereum_transaction_pool_monitor::eth_client[0m[2m:[0m 📨 Received WebSocket message: {"jsonrpc":"2.0","method":"eth_subscription","params":{"subscription":"0xbed0a0851463e895960a451075a301a9","result":"0x96a96bf1f1d25b6c6fb3878a878247655b025c19acfbc8f8378b1711e9c8b26f"}}
[2m2025-12-10T10:13:25.995458Z[0m [34mDEBUG[0m [2methereum_transaction_pool_monitor::eth_client[0m[2m:[0m 📨 Received pending transaction: 0x96a96bf1f1d25b6c6fb3878a878247655b025c19acfbc8f8378b1711e9c8b26f
[2m2025-12-10T10:13:25.995465Z[0m [34mDEBUG[0m [2methereum_transaction_pool_monitor::eth_client[0m[2m:[0m 📨 Received WebSocket message: {"jsonrpc":"2.0","method":"eth_subscription","params":{"subscription":"0xbed0a0851463e895960a451075a301a9","result":"0x48959a9f615938a6420ac24fb49776315ee647e082475aa33c6e99676580aae9"}}
[2m2025-12-10T10:13:25.995471Z[0m [34mDEBUG[0m [2methereum_transaction_pool_monitor::eth_client[0m[2m:[0m 📨 Received pending transaction: 0x48959a9f615938a6420ac24fb49776315ee647e082475aa33c6e99676580aae9
[2m2025-12-10T10:13:25.998790Z[0m [34mDEBUG[0m [2mhyper::client::pool[0m[2m:[0m reuse idle connection for ("http", 192.168.0.14:8545)
[2m2025-12-10T10:13:25.998846Z[0m [34mDEBUG[0m [2mhyper::proto::h1::io[0m[2m:[0m flushed 172 bytes
[2m2025-12-10T10:13:26.002012Z[0m [34mDEBUG[0m [2mhyper::proto::h1::io[0m[2m:[0m parsed 4 headers
[2m2025-12-10T10:13:26.002026Z[0m [34mDEBUG[0m [2mhyper::proto::h1::conn[0m[2m:[0m incoming body is content-length (1731 bytes)
[2m2025-12-10T10:13:26.002036Z[0m [34mDEBUG[0m [2mhyper::proto::h1::conn[0m[2m:[0m incoming body completed
[2m2025-12-10T10:13:26.002046Z[0m [34mDEBUG[0m [2mhyper::client::pool[0m[2m:[0m pooling idle connection for ("http", 192.168.0.14:8545)
[2m2025-12-10T10:13:26.002052Z[0m [34mDEBUG[0m [2methereum_transaction_pool_monitor::eth_client[0m[2m:[0m 📡 Transaction fetch RPC completed in 6.718041ms
[2m2025-12-10T10:13:26.074554Z[0m [34mDEBUG[0m [2methereum_transaction_pool_monitor::eth_client[0m[2m:[0m ✅ Transaction 0x49f1f85c92921b648d2facbd136f4d63692bf7a1f2f163bb526435a825f6d7cd fetched and parsed in 79.217708ms
[2m2025-12-10T10:13:26.074587Z[0m [34mDEBUG[0m [2methereum_transaction_pool_monitor::mempool_monitor[0m[2m:[0m 🔍 Skipping tx 0x49f1f85c92921b648d2facbd136f4d63692bf7a1f2f163bb526435a825f6d7cd - not a DEX interaction (target: 0x601a2aD6CB5949f0529735254189Ba3194221EDF)
[2m2025-12-10T10:13:26.074603Z[0m [34mDEBUG[0m [2methereum_transaction_pool_monitor::mempool_monitor[0m[2m:[0m 📨 Processing new pending transaction: 0xd90d195a8ba88cc3c7147da9cd3cd918a7b95fbc00908943a6d9e5a60fbd4bbb
[2m2025-12-10T10:13:26.074613Z[0m [34mDEBUG[0m [2methereum_transaction_pool_monitor::mempool_monitor[0m[2m:[0m 🔍 Fetching transaction details for: 0xd90d195a8ba88cc3c7147da9cd3cd918a7b95fbc00908943a6d9e5a60fbd4bbb
[2m2025-12-10T10:13:26.074625Z[0m [34mDEBUG[0m [2methereum_transaction_pool_monitor::eth_client[0m[2m:[0m 🔍 Fetching transaction details for hash: 0xd90d195a8ba88cc3c7147da9cd3cd918a7b95fbc00908943a6d9e5a60fbd4bbb
[2m2025-12-10T10:13:26.074645Z[0m [34mDEBUG[0m [2mhyper::client::pool[0m[2m:[0m reuse idle connection for ("http", 192.168.0.14:8545)
[2m2025-12-10T10:13:26.074692Z[0m [34mDEBUG[0m [2mhyper::proto::h1::io[0m[2m:[0m flushed 250 bytes
[2m2025-12-10T10:13:26.074713Z[0m [34mDEBUG[0m [2methereum_transaction_pool_monitor::eth_client[0m[2m:[0m 📨 Received WebSocket message: {"jsonrpc":"2.0","method":"eth_subscription","params":{"subscription":"0xbed0a0851463e895960a451075a301a9","result":"0x0e365b59c31ef07c52fe087e4dcf27152d11cc81e3dd14084b5af4bd68be76ef"}}
[2m2025-12-10T10:13:26.074719Z[0m [34mDEBUG[0m [2mhyper::proto::h1::io[0m[2m:[0m parsed 4 headers
[2m2025-12-10T10:13:26.074726Z[0m [34mDEBUG[0m [2methereum_transaction_pool_monitor::eth_client[0m[2m:[0m 📨 Received pending transaction: 0x0e365b59c31ef07c52fe087e4dcf27152d11cc81e3dd14084b5af4bd68be76ef
[2m2025-12-10T10:13:26.074730Z[0m [34mDEBUG[0m [2mhyper::proto::h1::conn[0m[2m:[0m incoming body is content-length (45 bytes)
[2m2025-12-10T10:13:26.074740Z[0m [34mDEBUG[0m [2mhyper::proto::h1::conn[0m[2m:[0m incoming body completed
[2m2025-12-10T10:13:26.074749Z[0m [34mDEBUG[0m [2mhyper::client::pool[0m[2m:[0m pooling idle connection for ("http", 192.168.0.14:8545)
[2m2025-12-10T10:13:26.078783Z[0m [34mDEBUG[0m [2mhyper::proto::h1::io[0m[2m:[0m parsed 4 headers
[2m2025-12-10T10:13:26.078799Z[0m [34mDEBUG[0m [2mhyper::proto::h1::conn[0m[2m:[0m incoming body is content-length (774 bytes)
[2m2025-12-10T10:13:26.078806Z[0m [34mDEBUG[0m [2mhyper::proto::h1::conn[0m[2m:[0m incoming body completed
[2m2025-12-10T10:13:26.078815Z[0m [34mDEBUG[0m [2mhyper::client::pool[0m[2m:[0m pooling idle connection for ("http", 192.168.0.14:8545)
[2m2025-12-10T10:13:26.078823Z[0m [34mDEBUG[0m [2methereum_transaction_pool_monitor::eth_client[0m[2m:[0m 📡 Transaction fetch RPC completed in 4.1935ms
[2m2025-12-10T10:13:26.150538Z[0m [34mDEBUG[0m [2methereum_transaction_pool_monitor::eth_client[0m[2m:[0m ✅ Transaction 0xd90d195a8ba88cc3c7147da9cd3cd918a7b95fbc00908943a6d9e5a60fbd4bbb fetched and parsed in 75.905375ms
[2m2025-12-10T10:13:26.150568Z[0m [34mDEBUG[0m [2methereum_transaction_pool_monitor::mempool_monitor[0m[2m:[0m 🔍 Skipping tx 0xd90d195a8ba88cc3c7147da9cd3cd918a7b95fbc00908943a6d9e5a60fbd4bbb - not a DEX interaction (target: 0xA0b86991c6218b36c1d19D4a2e9Eb0cE3606eB48)
[2m2025-12-10T10:13:26.150583Z[0m [34mDEBUG[0m [2methereum_transaction_pool_monitor::mempool_monitor[0m[2m:[0m 📨 Processing new pending transaction: 0xab81f172c0fd04af71b4651904ea9fd6b38c8da5a16d2dce42517f1043a91d2e
[2m2025-12-10T10:13:26.150592Z[0m [34mDEBUG[0m [2methereum_transaction_pool_monitor::mempool_monitor[0m[2m:[0m 🔍 Fetching transaction details for: 0xab81f172c0fd04af71b4651904ea9fd6b38c8da5a16d2dce42517f1043a91d2e
[2m2025-12-10T10:13:26.150602Z[0m [34mDEBUG[0m [2methereum_transaction_pool_monitor::eth_client[0m[2m:[0m 🔍 Fetching transaction details for hash: 0xab81f172c0fd04af71b4651904ea9fd6b38c8da5a16d2dce42517f1043a91d2e
[2m2025-12-10T10:13:26.150623Z[0m [34mDEBUG[0m [2mhyper::client::pool[0m[2m:[0m reuse idle connection for ("http", 192.168.0.14:8545)
[2m2025-12-10T10:13:26.150662Z[0m [34mDEBUG[0m [2mhyper::proto::h1::io[0m[2m:[0m flushed 250 bytes
[2m2025-12-10T10:13:26.150692Z[0m [34mDEBUG[0m [2mhyper::client::pool[0m[2m:[0m reuse idle connection for ("http", 192.168.0.14:8545)
[2m2025-12-10T10:13:26.150706Z[0m [34mDEBUG[0m [2mhyper::proto::h1::io[0m[2m:[0m flushed 172 bytes
[2m2025-12-10T10:13:26.153957Z[0m [34mDEBUG[0m [2mhyper::proto::h1::io[0m[2m:[0m parsed 4 headers
[2m2025-12-10T10:13:26.153964Z[0m [34mDEBUG[0m [2mhyper::proto::h1::conn[0m[2m:[0m incoming body is content-length (45 bytes)
[2m2025-12-10T10:13:26.153972Z[0m [34mDEBUG[0m [2mhyper::proto::h1::conn[0m[2m:[0m incoming body completed
[2m2025-12-10T10:13:26.153979Z[0m [34mDEBUG[0m [2mhyper::client::pool[0m[2m:[0m pooling idle connection for ("http", 192.168.0.14:8545)
[2m2025-12-10T10:13:26.154904Z[0m [34mDEBUG[0m [2mhyper::proto::h1::io[0m[2m:[0m parsed 4 headers
[2m2025-12-10T10:13:26.154910Z[0m [34mDEBUG[0m [2mhyper::proto::h1::conn[0m[2m:[0m incoming body is content-length (8132 bytes)
[2m2025-12-10T10:13:26.154920Z[0m [34mDEBUG[0m [2methereum_transaction_pool_monitor::eth_client[0m[2m:[0m 📡 Transaction fetch RPC completed in 4.310959ms
[2m2025-12-10T10:13:26.156458Z[0m [34mDEBUG[0m [2mhyper::proto::h1::conn[0m[2m:[0m incoming body completed
[2m2025-12-10T10:13:26.156473Z[0m [34mDEBUG[0m [2mhyper::client::pool[0m[2m:[0m pooling idle connection for ("http", 192.168.0.14:8545)
[2m2025-12-10T10:13:26.196919Z[0m [34mDEBUG[0m [2methereum_transaction_pool_monitor::eth_client[0m[2m:[0m 📨 Received WebSocket message: {"jsonrpc":"2.0","method":"eth_subscription","params":{"subscription":"0xbed0a0851463e895960a451075a301a9","result":"0x7828cb6b8f6a36f331d0a45fff73be51cd55d6d04adf4c950eaaa48c32cc7bea"}}
[2m2025-12-10T10:13:26.196964Z[0m [34mDEBUG[0m [2methereum_transaction_pool_monitor::eth_client[0m[2m:[0m 📨 Received pending transaction: 0x7828cb6b8f6a36f331d0a45fff73be51cd55d6d04adf4c950eaaa48c32cc7bea
[2m2025-12-10T10:13:26.198195Z[0m [34mDEBUG[0m [2mhyper::client::pool[0m[2m:[0m reuse idle connection for ("http", 192.168.0.14:8545)
[2m2025-12-10T10:13:26.198257Z[0m [34mDEBUG[0m [2mhyper::proto::h1::io[0m[2m:[0m flushed 172 bytes
[2m2025-12-10T10:13:26.200811Z[0m [34mDEBUG[0m [2mhyper::proto::h1::io[0m[2m:[0m parsed 4 headers
[2m2025-12-10T10:13:26.200844Z[0m [34mDEBUG[0m [2mhyper::proto::h1::conn[0m[2m:[0m incoming body is content-length (45 bytes)
[2m2025-12-10T10:13:26.200860Z[0m [34mDEBUG[0m [2mhyper::proto::h1::conn[0m[2m:[0m incoming body completed
[2m2025-12-10T10:13:26.200880Z[0m [34mDEBUG[0m [2mhyper::client::pool[0m[2m:[0m pooling idle connection for ("http", 192.168.0.14:8545)
[2m2025-12-10T10:13:26.228606Z[0m [34mDEBUG[0m [2methereum_transaction_pool_monitor::eth_client[0m[2m:[0m ✅ Transaction 0xab81f172c0fd04af71b4651904ea9fd6b38c8da5a16d2dce42517f1043a91d2e fetched and parsed in 77.993875ms
[2m2025-12-10T10:13:26.228637Z[0m [34mDEBUG[0m [2methereum_transaction_pool_monitor::mempool_monitor[0m[2m:[0m 🔍 Skipping tx 0xab81f172c0fd04af71b4651904ea9fd6b38c8da5a16d2dce42517f1043a91d2e - not a DEX interaction (target: 0x6131B5fae19EA4f9D964eAc0408E4408b66337b5)
[2m2025-12-10T10:13:26.228648Z[0m [34mDEBUG[0m [2methereum_transaction_pool_monitor::mempool_monitor[0m[2m:[0m 📨 Processing new pending transaction: 0x3ad4fa5c59c0ba3c50b6e374a074b652b2b1e132859d3fdf0a553b75bec8e3ee
[2m2025-12-10T10:13:26.229437Z[0m [34mDEBUG[0m [2methereum_transaction_pool_monitor::mempool_monitor[0m[2m:[0m 🔍 Fetching transaction details for: 0x3ad4fa5c59c0ba3c50b6e374a074b652b2b1e132859d3fdf0a553b75bec8e3ee
[2m2025-12-10T10:13:26.229448Z[0m [34mDEBUG[0m [2methereum_transaction_pool_monitor::eth_client[0m[2m:[0m 🔍 Fetching transaction details for hash: 0x3ad4fa5c59c0ba3c50b6e374a074b652b2b1e132859d3fdf0a553b75bec8e3ee
[2m2025-12-10T10:13:26.229472Z[0m [34mDEBUG[0m [2mhyper::client::pool[0m[2m:[0m reuse idle connection for ("http", 192.168.0.14:8545)
[2m2025-12-10T10:13:26.229522Z[0m [34mDEBUG[0m [2mhyper::proto::h1::io[0m[2m:[0m flushed 250 bytes
[2m2025-12-10T10:13:26.233696Z[0m [34mDEBUG[0m [2mhyper::proto::h1::io[0m[2m:[0m parsed 4 headers
[2m2025-12-10T10:13:26.233704Z[0m [34mDEBUG[0m [2mhyper::proto::h1::conn[0m[2m:[0m incoming body is content-length (779 bytes)
[2m2025-12-10T10:13:26.233713Z[0m [34mDEBUG[0m [2mhyper::proto::h1::conn[0m[2m:[0m incoming body completed
[2m2025-12-10T10:13:26.233722Z[0m [34mDEBUG[0m [2mhyper::client::pool[0m[2m:[0m pooling idle connection for ("http", 192.168.0.14:8545)
[2m2025-12-10T10:13:26.233730Z[0m [34mDEBUG[0m [2methereum_transaction_pool_monitor::eth_client[0m[2m:[0m 📡 Transaction fetch RPC completed in 4.2765ms
[2m2025-12-10T10:13:26.233746Z[0m [34mDEBUG[0m [2methereum_transaction_pool_monitor::eth_client[0m[2m:[0m DeFi transaction detected - Address: 0xdac17f958d2ee523a2206206994597c13d831ec7, Type: Stablecoin, Value: 0 ETH, Gas: 200.00 Gwei
[2m2025-12-10T10:13:26.233758Z[0m [34mDEBUG[0m [2methereum_transaction_pool_monitor::eth_client[0m[2m:[0m ✅ Transaction 0x3ad4fa5c59c0ba3c50b6e374a074b652b2b1e132859d3fdf0a553b75bec8e3ee fetched and parsed in 4.304166ms
[2m2025-12-10T10:13:26.233764Z[0m [34mDEBUG[0m [2methereum_transaction_pool_monitor::mempool_monitor[0m[2m:[0m 🔍 Skipping tx 0x3ad4fa5c59c0ba3c50b6e374a074b652b2b1e132859d3fdf0a553b75bec8e3ee - not a DEX interaction (target: 0xdAC17F958D2ee523a2206206994597C13D831ec7)
[2m2025-12-10T10:13:26.233771Z[0m [34mDEBUG[0m [2methereum_transaction_pool_monitor::mempool_monitor[0m[2m:[0m 📨 Processing new pending transaction: 0x377ba2f9bc9a4aba6af0640b7a018fc88dbf26925930800c2a1620744043f769
[2m2025-12-10T10:13:26.233775Z[0m [34mDEBUG[0m [2methereum_transaction_pool_monitor::mempool_monitor[0m[2m:[0m 🔍 Fetching transaction details for: 0x377ba2f9bc9a4aba6af0640b7a018fc88dbf26925930800c2a1620744043f769
[2m2025-12-10T10:13:26.233779Z[0m [34mDEBUG[0m [2methereum_transaction_pool_monitor::eth_client[0m[2m:[0m 🔍 Fetching transaction details for hash: 0x377ba2f9bc9a4aba6af0640b7a018fc88dbf26925930800c2a1620744043f769
[2m2025-12-10T10:13:26.233792Z[0m [34mDEBUG[0m [2mhyper::client::pool[0m[2m:[0m reuse idle connection for ("http", 192.168.0.14:8545)
[2m2025-12-10T10:13:26.233813Z[0m [34mDEBUG[0m [2mhyper::proto::h1::io[0m[2m:[0m flushed 250 bytes
[2m2025-12-10T10:13:26.243096Z[0m [34mDEBUG[0m [2mhyper::proto::h1::io[0m[2m:[0m parsed 4 headers
[2m2025-12-10T10:13:26.243135Z[0m [34mDEBUG[0m [2mhyper::proto::h1::conn[0m[2m:[0m incoming body is content-length (649 bytes)
[2m2025-12-10T10:13:26.243153Z[0m [34mDEBUG[0m [2mhyper::proto::h1::conn[0m[2m:[0m incoming body completed
[2m2025-12-10T10:13:26.243181Z[0m [34mDEBUG[0m [2mhyper::client::pool[0m[2m:[0m pooling idle connection for ("http", 192.168.0.14:8545)
[2m2025-12-10T10:13:26.243214Z[0m [34mDEBUG[0m [2methereum_transaction_pool_monitor::eth_client[0m[2m:[0m 📡 Transaction fetch RPC completed in 9.431292ms
[2m2025-12-10T10:13:26.314853Z[0m [34mDEBUG[0m [2methereum_transaction_pool_monitor::eth_client[0m[2m:[0m ✅ Transaction 0x377ba2f9bc9a4aba6af0640b7a018fc88dbf26925930800c2a1620744043f769 fetched and parsed in 81.068083ms
[2m2025-12-10T10:13:26.314880Z[0m [34mDEBUG[0m [2methereum_transaction_pool_monitor::mempool_monitor[0m[2m:[0m 🔍 Skipping tx 0x377ba2f9bc9a4aba6af0640b7a018fc88dbf26925930800c2a1620744043f769 - not a DEX interaction (target: 0xa981B3eF0F622c9260D8770268d80cDd553433f9)
[2m2025-12-10T10:13:26.314891Z[0m [34mDEBUG[0m [2methereum_transaction_pool_monitor::mempool_monitor[0m[2m:[0m 📨 Processing new pending transaction: 0x3c8ac4826ef277be82a469eb07bf44f07effa8dea86ac1546081ce38a9558dad
[2m2025-12-10T10:13:26.314898Z[0m [34mDEBUG[0m [2methereum_transaction_pool_monitor::mempool_monitor[0m[2m:[0m 🔍 Fetching transaction details for: 0x3c8ac4826ef277be82a469eb07bf44f07effa8dea86ac1546081ce38a9558dad
[2m2025-12-10T10:13:26.314904Z[0m [34mDEBUG[0m [2methereum_transaction_pool_monitor::eth_client[0m[2m:[0m 🔍 Fetching transaction details for hash: 0x3c8ac4826ef277be82a469eb07bf44f07effa8dea86ac1546081ce38a9558dad
[2m2025-12-10T10:13:26.314925Z[0m [34mDEBUG[0m [2mhyper::client::pool[0m[2m:[0m reuse idle connection for ("http", 192.168.0.14:8545)
[2m2025-12-10T10:13:26.314976Z[0m [34mDEBUG[0m [2mhyper::proto::h1::io[0m[2m:[0m flushed 250 bytes
[2m2025-12-10T10:13:26.314995Z[0m [34mDEBUG[0m [2mhyper::client::pool[0m[2m:[0m reuse idle connection for ("http", 192.168.0.14:8545)
[2m2025-12-10T10:13:26.315009Z[0m [34mDEBUG[0m [2mhyper::proto::h1::io[0m[2m:[0m flushed 172 bytes
[2m2025-12-10T10:13:26.315023Z[0m [34mDEBUG[0m [2methereum_transaction_pool_monitor::eth_client[0m[2m:[0m 📨 Received WebSocket message: {"jsonrpc":"2.0","method":"eth_subscription","params":{"subscription":"0xbed0a0851463e895960a451075a301a9","result":"0xafd3b37990439dd39843c441d625150baadfc73e859118519803757e5ca79b2e"}}
[2m2025-12-10T10:13:26.315032Z[0m [34mDEBUG[0m [2methereum_transaction_pool_monitor::eth_client[0m[2m:[0m 📨 Received pending transaction: 0xafd3b37990439dd39843c441d625150baadfc73e859118519803757e5ca79b2e
[2m2025-12-10T10:13:26.315037Z[0m [34mDEBUG[0m [2methereum_transaction_pool_monitor::eth_client[0m[2m:[0m 📨 Received WebSocket message: {"jsonrpc":"2.0","method":"eth_subscription","params":{"subscription":"0xbed0a0851463e895960a451075a301a9","result":"0x00e1de0684932d618b6ad586e75093f89a533f1d45af839dc19cfa633498394c"}}
[2m2025-12-10T10:13:26.315042Z[0m [34mDEBUG[0m [2methereum_transaction_pool_monitor::eth_client[0m[2m:[0m 📨 Received pending transaction: 0x00e1de0684932d618b6ad586e75093f89a533f1d45af839dc19cfa633498394c
[2m2025-12-10T10:13:26.315046Z[0m [34mDEBUG[0m [2methereum_transaction_pool_monitor::eth_client[0m[2m:[0m 📨 Received WebSocket message: {"jsonrpc":"2.0","method":"eth_subscription","params":{"subscription":"0xbed0a0851463e895960a451075a301a9","result":"0x57c6f7aa31437643c013af7532dad1c5ded5d72db0baa0e86a4e30f7d43b5dfe"}}
[2m2025-12-10T10:13:26.315051Z[0m [34mDEBUG[0m [2methereum_transaction_pool_monitor::eth_client[0m[2m:[0m 📨 Received pending transaction: 0x57c6f7aa31437643c013af7532dad1c5ded5d72db0baa0e86a4e30f7d43b5dfe
[2m2025-12-10T10:13:26.318143Z[0m [34mDEBUG[0m [2mhyper::proto::h1::io[0m[2m:[0m parsed 4 headers
[2m2025-12-10T10:13:26.318156Z[0m [34mDEBUG[0m [2mhyper::proto::h1::conn[0m[2m:[0m incoming body is content-length (45 bytes)
[2m2025-12-10T10:13:26.318163Z[0m [34mDEBUG[0m [2mhyper::proto::h1::conn[0m[2m:[0m incoming body completed
[2m2025-12-10T10:13:26.318171Z[0m [34mDEBUG[0m [2mhyper::client::pool[0m[2m:[0m pooling idle connection for ("http", 192.168.0.14:8545)
[2m2025-12-10T10:13:26.318508Z[0m [34mDEBUG[0m [2mhyper::proto::h1::io[0m[2m:[0m parsed 4 headers
[2m2025-12-10T10:13:26.318515Z[0m [34mDEBUG[0m [2mhyper::proto::h1::conn[0m[2m:[0m incoming body is content-length (643 bytes)
[2m2025-12-10T10:13:26.318520Z[0m [34mDEBUG[0m [2mhyper::proto::h1::conn[0m[2m:[0m incoming body completed
[2m2025-12-10T10:13:26.318527Z[0m [34mDEBUG[0m [2mhyper::client::pool[0m[2m:[0m pooling idle connection for ("http", 192.168.0.14:8545)
[2m2025-12-10T10:13:26.318532Z[0m [34mDEBUG[0m [2methereum_transaction_pool_monitor::eth_client[0m[2m:[0m 📡 Transaction fetch RPC completed in 3.623125ms
[2m2025-12-10T10:13:26.390443Z[0m [34mDEBUG[0m [2methereum_transaction_pool_monitor::eth_client[0m[2m:[0m ✅ Transaction 0x3c8ac4826ef277be82a469eb07bf44f07effa8dea86ac1546081ce38a9558dad fetched and parsed in 75.530958ms
[2m2025-12-10T10:13:26.390471Z[0m [34mDEBUG[0m [2methereum_transaction_pool_monitor::mempool_monitor[0m[2m:[0m 🔍 Skipping tx 0x3c8ac4826ef277be82a469eb07bf44f07effa8dea86ac1546081ce38a9558dad - not a DEX interaction (target: 0xA87f03d0e70090b89Fd30a5bE355F9daEA1a58c5)
[2m2025-12-10T10:13:26.390481Z[0m [34mDEBUG[0m [2methereum_transaction_pool_monitor::mempool_monitor[0m[2m:[0m 📨 Processing new pending transaction: 0x5fcdf79a8c51e9be4ae0a39ecb479d30752aa914a00bf798fb415a22a16afff4
[2m2025-12-10T10:13:26.390489Z[0m [34mDEBUG[0m [2methereum_transaction_pool_monitor::mempool_monitor[0m[2m:[0m 🔍 Fetching transaction details for: 0x5fcdf79a8c51e9be4ae0a39ecb479d30752aa914a00bf798fb415a22a16afff4
[2m2025-12-10T10:13:26.390495Z[0m [34mDEBUG[0m [2methereum_transaction_pool_monitor::eth_client[0m[2m:[0m 🔍 Fetching transaction details for hash: 0x5fcdf79a8c51e9be4ae0a39ecb479d30752aa914a00bf798fb415a22a16afff4
[2m2025-12-10T10:13:26.390515Z[0m [34mDEBUG[0m [2mhyper::client::pool[0m[2m:[0m reuse idle connection for ("http", 192.168.0.14:8545)
[2m2025-12-10T10:13:26.390552Z[0m [34mDEBUG[0m [2mhyper::proto::h1::io[0m[2m:[0m flushed 250 bytes
[2m2025-12-10T10:13:26.390575Z[0m [34mDEBUG[0m [2methereum_transaction_pool_monitor::eth_client[0m[2m:[0m 📨 Received WebSocket message: {"jsonrpc":"2.0","method":"eth_subscription","params":{"subscription":"0xbed0a0851463e895960a451075a301a9","result":"0x9a1c78ce37f8393584934f9220b21f1e204a18665a736888a6b3c995510a8336"}}
[2m2025-12-10T10:13:26.390584Z[0m [34mDEBUG[0m [2methereum_transaction_pool_monitor::eth_client[0m[2m:[0m 📨 Received pending transaction: 0x9a1c78ce37f8393584934f9220b21f1e204a18665a736888a6b3c995510a8336
[2m2025-12-10T10:13:26.394809Z[0m [34mDEBUG[0m [2mhyper::proto::h1::io[0m[2m:[0m parsed 4 headers
[2m2025-12-10T10:13:26.394819Z[0m [34mDEBUG[0m [2mhyper::proto::h1::conn[0m[2m:[0m incoming body is content-length (764 bytes)
[2m2025-12-10T10:13:26.394835Z[0m [34mDEBUG[0m [2mhyper::proto::h1::conn[0m[2m:[0m incoming body completed
[2m2025-12-10T10:13:26.394850Z[0m [34mDEBUG[0m [2mhyper::client::pool[0m[2m:[0m pooling idle connection for ("http", 192.168.0.14:8545)
[2m2025-12-10T10:13:26.394861Z[0m [34mDEBUG[0m [2methereum_transaction_pool_monitor::eth_client[0m[2m:[0m 📡 Transaction fetch RPC completed in 4.361458ms
[2m2025-12-10T10:13:26.394889Z[0m [34mDEBUG[0m [2methereum_transaction_pool_monitor::eth_client[0m[2m:[0m DeFi transaction detected - Address: 0xdac17f958d2ee523a2206206994597c13d831ec7, Type: Stablecoin, Value: 0 ETH, Gas: 0.49 Gwei
[2m2025-12-10T10:13:26.394927Z[0m [34mDEBUG[0m [2methereum_transaction_pool_monitor::eth_client[0m[2m:[0m ✅ Transaction 0x5fcdf79a8c51e9be4ae0a39ecb479d30752aa914a00bf798fb415a22a16afff4 fetched and parsed in 4.426958ms
[2m2025-12-10T10:13:26.394933Z[0m [34mDEBUG[0m [2methereum_transaction_pool_monitor::mempool_monitor[0m[2m:[0m 🔍 Skipping tx 0x5fcdf79a8c51e9be4ae0a39ecb479d30752aa914a00bf798fb415a22a16afff4 - not a DEX interaction (target: 0xdAC17F958D2ee523a2206206994597C13D831ec7)
[2m2025-12-10T10:13:26.394942Z[0m [34mDEBUG[0m [2methereum_transaction_pool_monitor::mempool_monitor[0m[2m:[0m 📨 Processing new pending transaction: 0x7046107abcfe2bbff518aa4c9b6f2100471f7a6d96708ccaf675f466fa6a39dc
[2m2025-12-10T10:13:26.394946Z[0m [34mDEBUG[0m [2methereum_transaction_pool_monitor::mempool_monitor[0m[2m:[0m 🔍 Fetching transaction details for: 0x7046107abcfe2bbff518aa4c9b6f2100471f7a6d96708ccaf675f466fa6a39dc
[2m2025-12-10T10:13:26.394950Z[0m [34mDEBUG[0m [2methereum_transaction_pool_monitor::eth_client[0m[2m:[0m 🔍 Fetching transaction details for hash: 0x7046107abcfe2bbff518aa4c9b6f2100471f7a6d96708ccaf675f466fa6a39dc
[2m2025-12-10T10:13:26.394961Z[0m [34mDEBUG[0m [2mhyper::client::pool[0m[2m:[0m reuse idle connection for ("http", 192.168.0.14:8545)
[2m2025-12-10T10:13:26.394978Z[0m [34mDEBUG[0m [2mhyper::proto::h1::io[0m[2m:[0m flushed 250 bytes
[2m2025-12-10T10:13:26.398371Z[0m [34mDEBUG[0m [2mhyper::client::pool[0m[2m:[0m reuse idle connection for ("http", 192.168.0.14:8545)
[2m2025-12-10T10:13:26.398398Z[0m [34mDEBUG[0m [2mhyper::proto::h1::io[0m[2m:[0m flushed 172 bytes
[2m2025-12-10T10:13:26.399230Z[0m [34mDEBUG[0m [2mhyper::proto::h1::io[0m[2m:[0m parsed 4 headers
[2m2025-12-10T10:13:26.399236Z[0m [34mDEBUG[0m [2mhyper::proto::h1::conn[0m[2m:[0m incoming body is content-length (767 bytes)
[2m2025-12-10T10:13:26.399241Z[0m [34mDEBUG[0m [2mhyper::proto::h1::conn[0m[2m:[0m incoming body completed
[2m2025-12-10T10:13:26.399248Z[0m [34mDEBUG[0m [2mhyper::client::pool[0m[2m:[0m pooling idle connection for ("http", 192.168.0.14:8545)
[2m2025-12-10T10:13:26.399253Z[0m [34mDEBUG[0m [2methereum_transaction_pool_monitor::eth_client[0m[2m:[0m 📡 Transaction fetch RPC completed in 4.298584ms
[2m2025-12-10T10:13:26.399264Z[0m [34mDEBUG[0m [2methereum_transaction_pool_monitor::eth_client[0m[2m:[0m DeFi transaction detected - Address: 0xdac17f958d2ee523a2206206994597c13d831ec7, Type: Stablecoin, Value: 0 ETH, Gas: 0.24 Gwei
[2m2025-12-10T10:13:26.399274Z[0m [34mDEBUG[0m [2methereum_transaction_pool_monitor::eth_client[0m[2m:[0m ✅ Transaction 0x7046107abcfe2bbff518aa4c9b6f2100471f7a6d96708ccaf675f466fa6a39dc fetched and parsed in 4.319459ms
[2m2025-12-10T10:13:26.399279Z[0m [34mDEBUG[0m [2methereum_transaction_pool_monitor::mempool_monitor[0m[2m:[0m 🔍 Skipping tx 0x7046107abcfe2bbff518aa4c9b6f2100471f7a6d96708ccaf675f466fa6a39dc - not a DEX interaction (target: 0xdAC17F958D2ee523a2206206994597C13D831ec7)
[2m2025-12-10T10:13:26.399285Z[0m [34mDEBUG[0m [2methereum_transaction_pool_monitor::mempool_monitor[0m[2m:[0m 📨 Processing new pending transaction: 0xbbfc0dcf8a18b301925fa63d19600d762c71dcb3268f97ea8ccb6c38ac1a7983
[2m2025-12-10T10:13:26.399289Z[0m [34mDEBUG[0m [2methereum_transaction_pool_monitor::mempool_monitor[0m[2m:[0m 🔍 Fetching transaction details for: 0xbbfc0dcf8a18b301925fa63d19600d762c71dcb3268f97ea8ccb6c38ac1a7983
[2m2025-12-10T10:13:26.399293Z[0m [34mDEBUG[0m [2methereum_transaction_pool_monitor::eth_client[0m[2m:[0m 🔍 Fetching transaction details for hash: 0xbbfc0dcf8a18b301925fa63d19600d762c71dcb3268f97ea8ccb6c38ac1a7983
[2m2025-12-10T10:13:26.399301Z[0m [34mDEBUG[0m [2mhyper::client::pool[0m[2m:[0m reuse idle connection for ("http", 192.168.0.14:8545)
[2m2025-12-10T10:13:26.399313Z[0m [34mDEBUG[0m [2mhyper::proto::h1::io[0m[2m:[0m flushed 250 bytes
[2m2025-12-10T10:13:26.401282Z[0m [34mDEBUG[0m [2mhyper::proto::h1::io[0m[2m:[0m parsed 4 headers
[2m2025-12-10T10:13:26.401292Z[0m [34mDEBUG[0m [2mhyper::proto::h1::conn[0m[2m:[0m incoming body is content-length (45 bytes)
[2m2025-12-10T10:13:26.401298Z[0m [34mDEBUG[0m [2mhyper::proto::h1::conn[0m[2m:[0m incoming body completed
[2m2025-12-10T10:13:26.401305Z[0m [34mDEBUG[0m [2mhyper::client::pool[0m[2m:[0m pooling idle connection for ("http", 192.168.0.14:8545)
[2m2025-12-10T10:13:26.404121Z[0m [34mDEBUG[0m [2mhyper::proto::h1::io[0m[2m:[0m parsed 4 headers
[2m2025-12-10T10:13:26.404131Z[0m [34mDEBUG[0m [2mhyper::proto::h1::conn[0m[2m:[0m incoming body is content-length (38 bytes)
[2m2025-12-10T10:13:26.404136Z[0m [34mDEBUG[0m [2mhyper::proto::h1::conn[0m[2m:[0m incoming body completed
[2m2025-12-10T10:13:26.404144Z[0m [34mDEBUG[0m [2mhyper::client::pool[0m[2m:[0m pooling idle connection for ("http", 192.168.0.14:8545)
[2m2025-12-10T10:13:26.404149Z[0m [34mDEBUG[0m [2methereum_transaction_pool_monitor::eth_client[0m[2m:[0m 📡 Transaction fetch RPC completed in 4.851958ms
[2m2025-12-10T10:13:26.404156Z[0m [34mDEBUG[0m [2methereum_transaction_pool_monitor::eth_client[0m[2m:[0m ✅ Transaction 0xbbfc0dcf8a18b301925fa63d19600d762c71dcb3268f97ea8ccb6c38ac1a7983 fetched and parsed in 4.858708ms
[2m2025-12-10T10:13:26.404394Z[0m [34mDEBUG[0m [2methereum_transaction_pool_monitor::mempool_monitor[0m[2m:[0m 🔍 Skipping tx 0xbbfc0dcf8a18b301925fa63d19600d762c71dcb3268f97ea8ccb6c38ac1a7983 - contract creation
[2m2025-12-10T10:13:26.404400Z[0m [34mDEBUG[0m [2methereum_transaction_pool_monitor::mempool_monitor[0m[2m:[0m 📨 Processing new pending transaction: 0x96a96bf1f1d25b6c6fb3878a878247655b025c19acfbc8f8378b1711e9c8b26f
[2m2025-12-10T10:13:26.404404Z[0m [34mDEBUG[0m [2methereum_transaction_pool_monitor::mempool_monitor[0m[2m:[0m 🔍 Fetching transaction details for: 0x96a96bf1f1d25b6c6fb3878a878247655b025c19acfbc8f8378b1711e9c8b26f
[2m2025-12-10T10:13:26.404408Z[0m [34mDEBUG[0m [2methereum_transaction_pool_monitor::eth_client[0m[2m:[0m 🔍 Fetching transaction details for hash: 0x96a96bf1f1d25b6c6fb3878a878247655b025c19acfbc8f8378b1711e9c8b26f
[2m2025-12-10T10:13:26.404418Z[0m [34mDEBUG[0m [2mhyper::client::pool[0m[2m:[0m reuse idle connection for ("http", 192.168.0.14:8545)
[2m2025-12-10T10:13:26.404436Z[0m [34mDEBUG[0m [2mhyper::proto::h1::io[0m[2m:[0m flushed 250 bytes
[2m2025-12-10T10:13:26.409009Z[0m [34mDEBUG[0m [2mhyper::proto::h1::io[0m[2m:[0m parsed 4 headers
[2m2025-12-10T10:13:26.409015Z[0m [34mDEBUG[0m [2mhyper::proto::h1::conn[0m[2m:[0m incoming body is content-length (830 bytes)
[2m2025-12-10T10:13:26.409019Z[0m [34mDEBUG[0m [2mhyper::proto::h1::conn[0m[2m:[0m incoming body completed
[2m2025-12-10T10:13:26.409025Z[0m [34mDEBUG[0m [2mhyper::client::pool[0m[2m:[0m pooling idle connection for ("http", 192.168.0.14:8545)
[2m2025-12-10T10:13:26.409029Z[0m [34mDEBUG[0m [2methereum_transaction_pool_monitor::eth_client[0m[2m:[0m 📡 Transaction fetch RPC completed in 4.617125ms
[2m2025-12-10T10:13:26.480845Z[0m [34mDEBUG[0m [2methereum_transaction_pool_monitor::eth_client[0m[2m:[0m ✅ Transaction 0x96a96bf1f1d25b6c6fb3878a878247655b025c19acfbc8f8378b1711e9c8b26f fetched and parsed in 76.429958ms
[2m2025-12-10T10:13:26.480871Z[0m [34mDEBUG[0m [2methereum_transaction_pool_monitor::mempool_monitor[0m[2m:[0m 🔍 Skipping tx 0x96a96bf1f1d25b6c6fb3878a878247655b025c19acfbc8f8378b1711e9c8b26f - not a DEX interaction (target: 0x3B4D794a66304F130a4Db8F2551B0070dfCf5ca7)
[2m2025-12-10T10:13:26.480884Z[0m [34mDEBUG[0m [2methereum_transaction_pool_monitor::mempool_monitor[0m[2m:[0m 📨 Processing new pending transaction: 0x48959a9f615938a6420ac24fb49776315ee647e082475aa33c6e99676580aae9
[2m2025-12-10T10:13:26.480891Z[0m [34mDEBUG[0m [2methereum_transaction_pool_monitor::mempool_monitor[0m[2m:[0m 🔍 Fetching transaction details for: 0x48959a9f615938a6420ac24fb49776315ee647e082475aa33c6e99676580aae9
[2m2025-12-10T10:13:26.480896Z[0m [34mDEBUG[0m [2methereum_transaction_pool_monitor::eth_client[0m[2m:[0m 🔍 Fetching transaction details for hash: 0x48959a9f615938a6420ac24fb49776315ee647e082475aa33c6e99676580aae9
[2m2025-12-10T10:13:26.480915Z[0m [34mDEBUG[0m [2mhyper::client::pool[0m[2m:[0m reuse idle connection for ("http", 192.168.0.14:8545)
[2m2025-12-10T10:13:26.480956Z[0m [34mDEBUG[0m [2mhyper::proto::h1::io[0m[2m:[0m flushed 250 bytes
[2m2025-12-10T10:13:26.480974Z[0m [34mDEBUG[0m [2methereum_transaction_pool_monitor::eth_client[0m[2m:[0m 📨 Received WebSocket message: {"jsonrpc":"2.0","method":"eth_subscription","params":{"subscription":"0xbed0a0851463e895960a451075a301a9","result":"0x0badb7a81c738b1245c482fff7050c92ba44977d2d30472e0935d4fbc1e3ae95"}}
[2m2025-12-10T10:13:26.480981Z[0m [34mDEBUG[0m [2methereum_transaction_pool_monitor::eth_client[0m[2m:[0m 📨 Received pending transaction: 0x0badb7a81c738b1245c482fff7050c92ba44977d2d30472e0935d4fbc1e3ae95
[2m2025-12-10T10:13:26.480989Z[0m [34mDEBUG[0m [2methereum_transaction_pool_monitor::eth_client[0m[2m:[0m 📨 Received WebSocket message: {"jsonrpc":"2.0","method":"eth_subscription","params":{"subscription":"0xbed0a0851463e895960a451075a301a9","result":"0x92fb8d4437558dc81016b24dd663c3fa1f97fb469de827107e4fb579c0e7dc7a"}}
[2m2025-12-10T10:13:26.480995Z[0m [34mDEBUG[0m [2methereum_transaction_pool_monitor::eth_client[0m[2m:[0m 📨 Received pending transaction: 0x92fb8d4437558dc81016b24dd663c3fa1f97fb469de827107e4fb579c0e7dc7a
[2m2025-12-10T10:13:26.481002Z[0m [34mDEBUG[0m [2methereum_transaction_pool_monitor::eth_client[0m[2m:[0m 📨 Received WebSocket message: {"jsonrpc":"2.0","method":"eth_subscription","params":{"subscription":"0xbed0a0851463e895960a451075a301a9","result":"0xb01b7769344c17ccb0006e9b05fe31fce45dfdc5d49e346324b0c34a97eb9da9"}}
[2m2025-12-10T10:13:26.481009Z[0m [34mDEBUG[0m [2methereum_transaction_pool_monitor::eth_client[0m[2m:[0m 📨 Received pending transaction: 0xb01b7769344c17ccb0006e9b05fe31fce45dfdc5d49e346324b0c34a97eb9da9
[2m2025-12-10T10:13:26.485010Z[0m [34mDEBUG[0m [2mhyper::proto::h1::io[0m[2m:[0m parsed 4 headers
[2m2025-12-10T10:13:26.485018Z[0m [34mDEBUG[0m [2mhyper::proto::h1::conn[0m[2m:[0m incoming body is content-length (38 bytes)
[2m2025-12-10T10:13:26.485026Z[0m [34mDEBUG[0m [2mhyper::proto::h1::conn[0m[2m:[0m incoming body completed
[2m2025-12-10T10:13:26.485035Z[0m [34mDEBUG[0m [2mhyper::client::pool[0m[2m:[0m pooling idle connection for ("http", 192.168.0.14:8545)
[2m2025-12-10T10:13:26.485041Z[0m [34mDEBUG[0m [2methereum_transaction_pool_monitor::eth_client[0m[2m:[0m 📡 Transaction fetch RPC completed in 4.141334ms
[2m2025-12-10T10:13:26.485050Z[0m [34mDEBUG[0m [2methereum_transaction_pool_monitor::eth_client[0m[2m:[0m ✅ Transaction 0x48959a9f615938a6420ac24fb49776315ee647e082475aa33c6e99676580aae9 fetched and parsed in 4.149875ms
[2m2025-12-10T10:13:26.485055Z[0m [34mDEBUG[0m [2methereum_transaction_pool_monitor::mempool_monitor[0m[2m:[0m 🔍 Skipping tx 0x48959a9f615938a6420ac24fb49776315ee647e082475aa33c6e99676580aae9 - contract creation
[2m2025-12-10T10:13:26.485060Z[0m [34mDEBUG[0m [2methereum_transaction_pool_monitor::mempool_monitor[0m[2m:[0m 📨 Processing new pending transaction: 0x0e365b59c31ef07c52fe087e4dcf27152d11cc81e3dd14084b5af4bd68be76ef
[2m2025-12-10T10:13:26.485064Z[0m [34mDEBUG[0m [2methereum_transaction_pool_monitor::mempool_monitor[0m[2m:[0m 🔍 Fetching transaction details for: 0x0e365b59c31ef07c52fe087e4dcf27152d11cc81e3dd14084b5af4bd68be76ef
[2m2025-12-10T10:13:26.485068Z[0m [34mDEBUG[0m [2methereum_transaction_pool_monitor::eth_client[0m[2m:[0m 🔍 Fetching transaction details for hash: 0x0e365b59c31ef07c52fe087e4dcf27152d11cc81e3dd14084b5af4bd68be76ef
[2m2025-12-10T10:13:26.485080Z[0m [34mDEBUG[0m [2mhyper::client::pool[0m[2m:[0m reuse idle connection for ("http", 192.168.0.14:8545)
[2m2025-12-10T10:13:26.485097Z[0m [34mDEBUG[0m [2mhyper::proto::h1::io[0m[2m:[0m flushed 250 bytes
[2m2025-12-10T10:13:26.489320Z[0m [34mDEBUG[0m [2mhyper::proto::h1::io[0m[2m:[0m parsed 4 headers
[2m2025-12-10T10:13:26.491619Z[0m [34mDEBUG[0m [2mhyper::proto::h1::conn[0m[2m:[0m incoming body is content-length (772 bytes)
[2m2025-12-10T10:13:26.491646Z[0m [34mDEBUG[0m [2mhyper::proto::h1::conn[0m[2m:[0m incoming body completed
[2m2025-12-10T10:13:26.491663Z[0m [34mDEBUG[0m [2mhyper::client::pool[0m[2m:[0m pooling idle connection for ("http", 192.168.0.14:8545)
[2m2025-12-10T10:13:26.491673Z[0m [34mDEBUG[0m [2methereum_transaction_pool_monitor::eth_client[0m[2m:[0m 📡 Transaction fetch RPC completed in 6.601166ms
[2m2025-12-10T10:13:26.562970Z[0m [34mDEBUG[0m [2methereum_transaction_pool_monitor::eth_client[0m[2m:[0m ✅ Transaction 0x0e365b59c31ef07c52fe087e4dcf27152d11cc81e3dd14084b5af4bd68be76ef fetched and parsed in 77.895625ms
[2m2025-12-10T10:13:26.562998Z[0m [34mDEBUG[0m [2methereum_transaction_pool_monitor::mempool_monitor[0m[2m:[0m 🔍 Skipping tx 0x0e365b59c31ef07c52fe087e4dcf27152d11cc81e3dd14084b5af4bd68be76ef - not a DEX interaction (target: 0xA2cd3D43c775978A96BdBf12d733D5A1ED94fb18)
[2m2025-12-10T10:13:26.563008Z[0m [34mDEBUG[0m [2methereum_transaction_pool_monitor::mempool_monitor[0m[2m:[0m 📨 Processing new pending transaction: 0x7828cb6b8f6a36f331d0a45fff73be51cd55d6d04adf4c950eaaa48c32cc7bea
[2m2025-12-10T10:13:26.563015Z[0m [34mDEBUG[0m [2methereum_transaction_pool_monitor::mempool_monitor[0m[2m:[0m 🔍 Fetching transaction details for: 0x7828cb6b8f6a36f331d0a45fff73be51cd55d6d04adf4c950eaaa48c32cc7bea
[2m2025-12-10T10:13:26.563021Z[0m [34mDEBUG[0m [2methereum_transaction_pool_monitor::eth_client[0m[2m:[0m 🔍 Fetching transaction details for hash: 0x7828cb6b8f6a36f331d0a45fff73be51cd55d6d04adf4c950eaaa48c32cc7bea
[2m2025-12-10T10:13:26.563041Z[0m [34mDEBUG[0m [2mhyper::client::pool[0m[2m:[0m reuse idle connection for ("http", 192.168.0.14:8545)
[2m2025-12-10T10:13:26.563087Z[0m [34mDEBUG[0m [2mhyper::proto::h1::io[0m[2m:[0m flushed 250 bytes
[2m2025-12-10T10:13:26.563122Z[0m [34mDEBUG[0m [2mhyper::client::pool[0m[2m:[0m reuse idle connection for ("http", 192.168.0.14:8545)
[2m2025-12-10T10:13:26.563141Z[0m [34mDEBUG[0m [2mhyper::proto::h1::io[0m[2m:[0m flushed 172 bytes
[2m2025-12-10T10:13:26.566898Z[0m [34mDEBUG[0m [2mhyper::proto::h1::io[0m[2m:[0m parsed 4 headers
[2m2025-12-10T10:13:26.566912Z[0m [34mDEBUG[0m [2mhyper::proto::h1::conn[0m[2m:[0m incoming body is content-length (553 bytes)
[2m2025-12-10T10:13:26.566920Z[0m [34mDEBUG[0m [2mhyper::proto::h1::conn[0m[2m:[0m incoming body completed
[2m2025-12-10T10:13:26.566930Z[0m [34mDEBUG[0m [2mhyper::client::pool[0m[2m:[0m pooling idle connection for ("http", 192.168.0.14:8545)
[2m2025-12-10T10:13:26.566937Z[0m [34mDEBUG[0m [2methereum_transaction_pool_monitor::eth_client[0m[2m:[0m 📡 Transaction fetch RPC completed in 3.910917ms
[2m2025-12-10T10:13:26.639010Z[0m [34mDEBUG[0m [2methereum_transaction_pool_monitor::eth_client[0m[2m:[0m ✅ Transaction 0x7828cb6b8f6a36f331d0a45fff73be51cd55d6d04adf4c950eaaa48c32cc7bea fetched and parsed in 75.98075ms
[2m2025-12-10T10:13:26.639043Z[0m [34mDEBUG[0m [2methereum_transaction_pool_monitor::mempool_monitor[0m[2m:[0m 🔍 Skipping tx 0x7828cb6b8f6a36f331d0a45fff73be51cd55d6d04adf4c950eaaa48c32cc7bea - not a DEX interaction (target: 0x42Af76f2F28C9c9944aa180738439b71b4F3f9dB)
[2m2025-12-10T10:13:26.639054Z[0m [34mDEBUG[0m [2methereum_transaction_pool_monitor::mempool_monitor[0m[2m:[0m 📨 Processing new pending transaction: 0xafd3b37990439dd39843c441d625150baadfc73e859118519803757e5ca79b2e
[2m2025-12-10T10:13:26.639061Z[0m [34mDEBUG[0m [2methereum_transaction_pool_monitor::mempool_monitor[0m[2m:[0m 🔍 Fetching transaction details for: 0xafd3b37990439dd39843c441d625150baadfc73e859118519803757e5ca79b2e
[2m2025-12-10T10:13:26.639068Z[0m [34mDEBUG[0m [2methereum_transaction_pool_monitor::eth_client[0m[2m:[0m 🔍 Fetching transaction details for hash: 0xafd3b37990439dd39843c441d625150baadfc73e859118519803757e5ca79b2e
[2m2025-12-10T10:13:26.639093Z[0m [34mDEBUG[0m [2mhyper::client::pool[0m[2m:[0m reuse idle connection for ("http", 192.168.0.14:8545)
[2m2025-12-10T10:13:26.639146Z[0m [34mDEBUG[0m [2mhyper::proto::h1::io[0m[2m:[0m flushed 250 bytes
[2m2025-12-10T10:13:26.639167Z[0m [34mDEBUG[0m [2methereum_transaction_pool_monitor::eth_client[0m[2m:[0m 📨 Received WebSocket message: {"jsonrpc":"2.0","method":"eth_subscription","params":{"subscription":"0xbed0a0851463e895960a451075a301a9","result":"0x58d6ff14b34c5a99de099716583f806ca4e0c489c50793f21443be59c4ec6863"}}
[2m2025-12-10T10:13:26.639175Z[0m [34mDEBUG[0m [2mhyper::proto::h1::io[0m[2m:[0m parsed 4 headers
[2m2025-12-10T10:13:26.639186Z[0m [34mDEBUG[0m [2mhyper::proto::h1::conn[0m[2m:[0m incoming body is content-length (45 bytes)
[2m2025-12-10T10:13:26.639176Z[0m [34mDEBUG[0m [2methereum_transaction_pool_monitor::eth_client[0m[2m:[0m 📨 Received pending transaction: 0x58d6ff14b34c5a99de099716583f806ca4e0c489c50793f21443be59c4ec6863
[2m2025-12-10T10:13:26.639194Z[0m [34mDEBUG[0m [2mhyper::proto::h1::conn[0m[2m:[0m incoming body completed
[2m2025-12-10T10:13:26.639259Z[0m [34mDEBUG[0m [2mhyper::client::pool[0m[2m:[0m pooling idle connection for ("http", 192.168.0.14:8545)
[2m2025-12-10T10:13:26.639277Z[0m [34mDEBUG[0m [2mhyper::client::pool[0m[2m:[0m reuse idle connection for ("http", 192.168.0.14:8545)
[2m2025-12-10T10:13:26.639294Z[0m [34mDEBUG[0m [2mhyper::proto::h1::io[0m[2m:[0m flushed 172 bytes
[2m2025-12-10T10:13:26.643468Z[0m [34mDEBUG[0m [2mhyper::proto::h1::io[0m[2m:[0m parsed 4 headers
[2m2025-12-10T10:13:26.643506Z[0m [34mDEBUG[0m [2mhyper::proto::h1::conn[0m[2m:[0m incoming body is content-length (45 bytes)
[2m2025-12-10T10:13:26.643533Z[0m [34mDEBUG[0m [2mhyper::proto::h1::conn[0m[2m:[0m incoming body completed
[2m2025-12-10T10:13:26.643545Z[0m [34mDEBUG[0m [2mhyper::client::pool[0m[2m:[0m pooling idle connection for ("http", 192.168.0.14:8545)
[2m2025-12-10T10:13:26.643567Z[0m [34mDEBUG[0m [2mhyper::proto::h1::io[0m[2m:[0m parsed 4 headers
[2m2025-12-10T10:13:26.643571Z[0m [34mDEBUG[0m [2mhyper::proto::h1::conn[0m[2m:[0m incoming body is content-length (1292 bytes)
[2m2025-12-10T10:13:26.643576Z[0m [34mDEBUG[0m [2mhyper::proto::h1::conn[0m[2m:[0m incoming body completed
[2m2025-12-10T10:13:26.643582Z[0m [34mDEBUG[0m [2mhyper::client::pool[0m[2m:[0m pooling idle connection for ("http", 192.168.0.14:8545)
[2m2025-12-10T10:13:26.643587Z[0m [34mDEBUG[0m [2methereum_transaction_pool_monitor::eth_client[0m[2m:[0m 📡 Transaction fetch RPC completed in 4.514167ms
[2m2025-12-10T10:13:26.715511Z[0m [34mDEBUG[0m [2methereum_transaction_pool_monitor::eth_client[0m[2m:[0m ✅ Transaction 0xafd3b37990439dd39843c441d625150baadfc73e859118519803757e5ca79b2e fetched and parsed in 76.435709ms
[2m2025-12-10T10:13:26.715543Z[0m [34mDEBUG[0m [2methereum_transaction_pool_monitor::mempool_monitor[0m[2m:[0m 🔍 Skipping tx 0xafd3b37990439dd39843c441d625150baadfc73e859118519803757e5ca79b2e - not a DEX interaction (target: 0xA69babEF1cA67A37Ffaf7a485DfFF3382056e78C)
[2m2025-12-10T10:13:26.715556Z[0m [34mDEBUG[0m [2methereum_transaction_pool_monitor::mempool_monitor[0m[2m:[0m 📨 Processing new pending transaction: 0x00e1de0684932d618b6ad586e75093f89a533f1d45af839dc19cfa633498394c
[2m2025-12-10T10:13:26.715570Z[0m [34mDEBUG[0m [2methereum_transaction_pool_monitor::mempool_monitor[0m[2m:[0m 🔍 Fetching transaction details for: 0x00e1de0684932d618b6ad586e75093f89a533f1d45af839dc19cfa633498394c
[2m2025-12-10T10:13:26.715577Z[0m [34mDEBUG[0m [2methereum_transaction_pool_monitor::eth_client[0m[2m:[0m 🔍 Fetching transaction details for hash: 0x00e1de0684932d618b6ad586e75093f89a533f1d45af839dc19cfa633498394c
[2m2025-12-10T10:13:26.715601Z[0m [34mDEBUG[0m [2mhyper::client::pool[0m[2m:[0m reuse idle connection for ("http", 192.168.0.14:8545)
[2m2025-12-10T10:13:26.715642Z[0m [34mDEBUG[0m [2mhyper::proto::h1::io[0m[2m:[0m flushed 250 bytes
[2m2025-12-10T10:13:26.715667Z[0m [34mDEBUG[0m [2mhyper::client::pool[0m[2m:[0m reuse idle connection for ("http", 192.168.0.14:8545)
[2m2025-12-10T10:13:26.715682Z[0m [34mDEBUG[0m [2mhyper::proto::h1::io[0m[2m:[0m flushed 172 bytes
[2m2025-12-10T10:13:26.715683Z[0m [34mDEBUG[0m [2methereum_transaction_pool_monitor::eth_client[0m[2m:[0m 📨 Received WebSocket message: {"jsonrpc":"2.0","method":"eth_subscription","params":{"subscription":"0xbed0a0851463e895960a451075a301a9","result":"0xd936950d759fb78e5dcb3e4828a8585958ad108f860fb9c5ecebab01f0ee6b49"}}
[2m2025-12-10T10:13:26.715703Z[0m [34mDEBUG[0m [2methereum_transaction_pool_monitor::eth_client[0m[2m:[0m 📨 Received pending transaction: 0xd936950d759fb78e5dcb3e4828a8585958ad108f860fb9c5ecebab01f0ee6b49
[2m2025-12-10T10:13:26.723063Z[0m [34mDEBUG[0m [2mhyper::proto::h1::io[0m[2m:[0m parsed 4 headers
[2m2025-12-10T10:13:26.723163Z[0m [34mDEBUG[0m [2mhyper::proto::h1::conn[0m[2m:[0m incoming body is content-length (650 bytes)
[2m2025-12-10T10:13:26.723172Z[0m [34mDEBUG[0m [2mhyper::proto::h1::conn[0m[2m:[0m incoming body completed
[2m2025-12-10T10:13:26.723182Z[0m [34mDEBUG[0m [2mhyper::client::pool[0m[2m:[0m pooling idle connection for ("http", 192.168.0.14:8545)
[2m2025-12-10T10:13:26.723188Z[0m [34mDEBUG[0m [2methereum_transaction_pool_monitor::eth_client[0m[2m:[0m 📡 Transaction fetch RPC completed in 7.604916ms
[2m2025-12-10T10:13:26.793443Z[0m [34mDEBUG[0m [2methereum_transaction_pool_monitor::eth_client[0m[2m:[0m ✅ Transaction 0x00e1de0684932d618b6ad586e75093f89a533f1d45af839dc19cfa633498394c fetched and parsed in 77.857458ms
[2m2025-12-10T10:13:26.793475Z[0m [34mDEBUG[0m [2methereum_transaction_pool_monitor::mempool_monitor[0m[2m:[0m 🔍 Skipping tx 0x00e1de0684932d618b6ad586e75093f89a533f1d45af839dc19cfa633498394c - not a DEX interaction (target: 0x2DEe500465B68C34128800B93E7a881C4DECc085)
[2m2025-12-10T10:13:26.793486Z[0m [34mDEBUG[0m [2methereum_transaction_pool_monitor::mempool_monitor[0m[2m:[0m 📨 Processing new pending transaction: 0x57c6f7aa31437643c013af7532dad1c5ded5d72db0baa0e86a4e30f7d43b5dfe
[2m2025-12-10T10:13:26.793498Z[0m [34mDEBUG[0m [2methereum_transaction_pool_monitor::mempool_monitor[0m[2m:[0m 🔍 Fetching transaction details for: 0x57c6f7aa31437643c013af7532dad1c5ded5d72db0baa0e86a4e30f7d43b5dfe
[2m2025-12-10T10:13:26.793506Z[0m [34mDEBUG[0m [2methereum_transaction_pool_monitor::eth_client[0m[2m:[0m 🔍 Fetching transaction details for hash: 0x57c6f7aa31437643c013af7532dad1c5ded5d72db0baa0e86a4e30f7d43b5dfe
[2m2025-12-10T10:13:26.793527Z[0m [34mDEBUG[0m [2mhyper::client::pool[0m[2m:[0m reuse idle connection for ("http", 192.168.0.14:8545)
[2m2025-12-10T10:13:26.793576Z[0m [34mDEBUG[0m [2mhyper::proto::h1::io[0m[2m:[0m flushed 250 bytes
[2m2025-12-10T10:13:26.793597Z[0m [34mDEBUG[0m [2mhyper::proto::h1::io[0m[2m:[0m parsed 4 headers
[2m2025-12-10T10:13:26.793603Z[0m [34mDEBUG[0m [2mhyper::proto::h1::conn[0m[2m:[0m incoming body is content-length (45 bytes)
[2m2025-12-10T10:13:26.793616Z[0m [34mDEBUG[0m [2mhyper::proto::h1::conn[0m[2m:[0m incoming body completed
[2m2025-12-10T10:13:26.793627Z[0m [34mDEBUG[0m [2mhyper::client::pool[0m[2m:[0m pooling idle connection for ("http", 192.168.0.14:8545)
[2m2025-12-10T10:13:26.799314Z[0m [34mDEBUG[0m [2mhyper::client::pool[0m[2m:[0m reuse idle connection for ("http", 192.168.0.14:8545)
[2m2025-12-10T10:13:26.799369Z[0m [34mDEBUG[0m [2mhyper::proto::h1::io[0m[2m:[0m flushed 172 bytes
[2m2025-12-10T10:13:26.802033Z[0m [34mDEBUG[0m [2mhyper::proto::h1::io[0m[2m:[0m parsed 4 headers
[2m2025-12-10T10:13:26.802039Z[0m [34mDEBUG[0m [2mhyper::proto::h1::conn[0m[2m:[0m incoming body is content-length (1291 bytes)
[2m2025-12-10T10:13:26.802045Z[0m [34mDEBUG[0m [2mhyper::proto::h1::conn[0m[2m:[0m incoming body completed
[2m2025-12-10T10:13:26.802052Z[0m [34mDEBUG[0m [2mhyper::client::pool[0m[2m:[0m pooling idle connection for ("http", 192.168.0.14:8545)
[2m2025-12-10T10:13:26.802057Z[0m [34mDEBUG[0m [2methereum_transaction_pool_monitor::eth_client[0m[2m:[0m 📡 Transaction fetch RPC completed in 8.543833ms
[2m2025-12-10T10:13:26.873394Z[0m [34mDEBUG[0m [2methereum_transaction_pool_monitor::eth_client[0m[2m:[0m ✅ Transaction 0x57c6f7aa31437643c013af7532dad1c5ded5d72db0baa0e86a4e30f7d43b5dfe fetched and parsed in 79.878792ms
[2m2025-12-10T10:13:26.873421Z[0m [34mDEBUG[0m [2methereum_transaction_pool_monitor::mempool_monitor[0m[2m:[0m 🔍 Skipping tx 0x57c6f7aa31437643c013af7532dad1c5ded5d72db0baa0e86a4e30f7d43b5dfe - not a DEX interaction (target: 0x5050e08626c499411B5D0E0b5AF0E83d3fD82EDF)
[2m2025-12-10T10:13:26.873432Z[0m [34mDEBUG[0m [2methereum_transaction_pool_monitor::mempool_monitor[0m[2m:[0m 📨 Processing new pending transaction: 0x9a1c78ce37f8393584934f9220b21f1e204a18665a736888a6b3c995510a8336
[2m2025-12-10T10:13:26.873439Z[0m [34mDEBUG[0m [2methereum_transaction_pool_monitor::mempool_monitor[0m[2m:[0m 🔍 Fetching transaction details for: 0x9a1c78ce37f8393584934f9220b21f1e204a18665a736888a6b3c995510a8336
[2m2025-12-10T10:13:26.873444Z[0m [34mDEBUG[0m [2methereum_transaction_pool_monitor::eth_client[0m[2m:[0m 🔍 Fetching transaction details for hash: 0x9a1c78ce37f8393584934f9220b21f1e204a18665a736888a6b3c995510a8336
[2m2025-12-10T10:13:26.873463Z[0m [34mDEBUG[0m [2mhyper::client::pool[0m[2m:[0m reuse idle connection for ("http", 192.168.0.14:8545)
[2m2025-12-10T10:13:26.873506Z[0m [34mDEBUG[0m [2mhyper::proto::h1::io[0m[2m:[0m flushed 250 bytes
[2m2025-12-10T10:13:26.873523Z[0m [34mDEBUG[0m [2mhyper::proto::h1::io[0m[2m:[0m parsed 4 headers
[2m2025-12-10T10:13:26.873528Z[0m [34mDEBUG[0m [2mhyper::proto::h1::conn[0m[2m:[0m incoming body is content-length (45 bytes)
[2m2025-12-10T10:13:26.873535Z[0m [34mDEBUG[0m [2mhyper::proto::h1::conn[0m[2m:[0m incoming body completed
[2m2025-12-10T10:13:26.873543Z[0m [34mDEBUG[0m [2mhyper::client::pool[0m[2m:[0m pooling idle connection for ("http", 192.168.0.14:8545)
[2m2025-12-10T10:13:26.878441Z[0m [34mDEBUG[0m [2mhyper::proto::h1::io[0m[2m:[0m parsed 4 headers
[2m2025-12-10T10:13:26.878451Z[0m [34mDEBUG[0m [2mhyper::proto::h1::conn[0m[2m:[0m incoming body is content-length (772 bytes)
[2m2025-12-10T10:13:26.878457Z[0m [34mDEBUG[0m [2mhyper::proto::h1::conn[0m[2m:[0m incoming body completed
[2m2025-12-10T10:13:26.878465Z[0m [34mDEBUG[0m [2mhyper::client::pool[0m[2m:[0m pooling idle connection for ("http", 192.168.0.14:8545)
[2m2025-12-10T10:13:26.878470Z[0m [34mDEBUG[0m [2methereum_transaction_pool_monitor::eth_client[0m[2m:[0m 📡 Transaction fetch RPC completed in 5.021625ms
[2m2025-12-10T10:13:26.949237Z[0m [34mDEBUG[0m [2methereum_transaction_pool_monitor::eth_client[0m[2m:[0m ✅ Transaction 0x9a1c78ce37f8393584934f9220b21f1e204a18665a736888a6b3c995510a8336 fetched and parsed in 75.786334ms
[2m2025-12-10T10:13:26.949267Z[0m [34mDEBUG[0m [2methereum_transaction_pool_monitor::mempool_monitor[0m[2m:[0m 🔍 Skipping tx 0x9a1c78ce37f8393584934f9220b21f1e204a18665a736888a6b3c995510a8336 - not a DEX interaction (target: 0xA0b86991c6218b36c1d19D4a2e9Eb0cE3606eB48)
[2m2025-12-10T10:13:26.949277Z[0m [34mDEBUG[0m [2methereum_transaction_pool_monitor::mempool_monitor[0m[2m:[0m 📨 Processing new pending transaction: 0x0badb7a81c738b1245c482fff7050c92ba44977d2d30472e0935d4fbc1e3ae95
[2m2025-12-10T10:13:26.949292Z[0m [34mDEBUG[0m [2methereum_transaction_pool_monitor::mempool_monitor[0m[2m:[0m 🔍 Fetching transaction details for: 0x0badb7a81c738b1245c482fff7050c92ba44977d2d30472e0935d4fbc1e3ae95
[2m2025-12-10T10:13:26.949299Z[0m [34mDEBUG[0m [2methereum_transaction_pool_monitor::eth_client[0m[2m:[0m 🔍 Fetching transaction details for hash: 0x0badb7a81c738b1245c482fff7050c92ba44977d2d30472e0935d4fbc1e3ae95
[2m2025-12-10T10:13:26.949319Z[0m [34mDEBUG[0m [2mhyper::client::pool[0m[2m:[0m reuse idle connection for ("http", 192.168.0.14:8545)
[2m2025-12-10T10:13:26.949364Z[0m [34mDEBUG[0m [2mhyper::proto::h1::io[0m[2m:[0m flushed 250 bytes
[2m2025-12-10T10:13:26.949408Z[0m [34mDEBUG[0m [2mhyper::client::pool[0m[2m:[0m reuse idle connection for ("http", 192.168.0.14:8545)
[2m2025-12-10T10:13:26.949433Z[0m [34mDEBUG[0m [2mhyper::proto::h1::io[0m[2m:[0m flushed 172 bytes
[2m2025-12-10T10:13:26.952818Z[0m [34mDEBUG[0m [2mhyper::proto::h1::io[0m[2m:[0m parsed 4 headers
[2m2025-12-10T10:13:26.955719Z[0m [34mDEBUG[0m [2mhyper::proto::h1::conn[0m[2m:[0m incoming body is content-length (45 bytes)
[2m2025-12-10T10:13:26.955730Z[0m [34mDEBUG[0m [2mhyper::proto::h1::conn[0m[2m:[0m incoming body completed
[2m2025-12-10T10:13:26.955746Z[0m [34mDEBUG[0m [2mhyper::client::pool[0m[2m:[0m pooling idle connection for ("http", 192.168.0.14:8545)
[2m2025-12-10T10:13:26.955768Z[0m [34mDEBUG[0m [2mhyper::proto::h1::io[0m[2m:[0m parsed 4 headers
[2m2025-12-10T10:13:26.955774Z[0m [34mDEBUG[0m [2mhyper::proto::h1::conn[0m[2m:[0m incoming body is content-length (644 bytes)
[2m2025-12-10T10:13:26.955782Z[0m [34mDEBUG[0m [2mhyper::proto::h1::conn[0m[2m:[0m incoming body completed
[2m2025-12-10T10:13:26.955788Z[0m [34mDEBUG[0m [2mhyper::client::pool[0m[2m:[0m pooling idle connection for ("http", 192.168.0.14:8545)
[2m2025-12-10T10:13:26.955793Z[0m [34mDEBUG[0m [2methereum_transaction_pool_monitor::eth_client[0m[2m:[0m 📡 Transaction fetch RPC completed in 6.487084ms
[2m2025-12-10T10:13:27.027284Z[0m [34mDEBUG[0m [2methereum_transaction_pool_monitor::eth_client[0m[2m:[0m ✅ Transaction 0x0badb7a81c738b1245c482fff7050c92ba44977d2d30472e0935d4fbc1e3ae95 fetched and parsed in 77.975167ms
[2m2025-12-10T10:13:27.027309Z[0m [34mDEBUG[0m [2methereum_transaction_pool_monitor::mempool_monitor[0m[2m:[0m 🔍 Skipping tx 0x0badb7a81c738b1245c482fff7050c92ba44977d2d30472e0935d4fbc1e3ae95 - not a DEX interaction (target: 0x17E5545B11b468072283Cee1F066a059Fb0dbF24)
[2m2025-12-10T10:13:27.027321Z[0m [34mDEBUG[0m [2methereum_transaction_pool_monitor::mempool_monitor[0m[2m:[0m 📨 Processing new pending transaction: 0x92fb8d4437558dc81016b24dd663c3fa1f97fb469de827107e4fb579c0e7dc7a
[2m2025-12-10T10:13:27.027327Z[0m [34mDEBUG[0m [2methereum_transaction_pool_monitor::mempool_monitor[0m[2m:[0m 🔍 Fetching transaction details for: 0x92fb8d4437558dc81016b24dd663c3fa1f97fb469de827107e4fb579c0e7dc7a
[2m2025-12-10T10:13:27.027334Z[0m [34mDEBUG[0m [2methereum_transaction_pool_monitor::eth_client[0m[2m:[0m 🔍 Fetching transaction details for hash: 0x92fb8d4437558dc81016b24dd663c3fa1f97fb469de827107e4fb579c0e7dc7a
[2m2025-12-10T10:13:27.027355Z[0m [34mDEBUG[0m [2mhyper::client::pool[0m[2m:[0m reuse idle connection for ("http", 192.168.0.14:8545)
[2m2025-12-10T10:13:27.027399Z[0m [34mDEBUG[0m [2mhyper::proto::h1::io[0m[2m:[0m flushed 250 bytes
[2m2025-12-10T10:13:27.027429Z[0m [34mDEBUG[0m [2mhyper::client::pool[0m[2m:[0m reuse idle connection for ("http", 192.168.0.14:8545)
[2m2025-12-10T10:13:27.027445Z[0m [34mDEBUG[0m [2mhyper::proto::h1::io[0m[2m:[0m flushed 172 bytes
[2m2025-12-10T10:13:27.030915Z[0m [34mDEBUG[0m [2mhyper::proto::h1::io[0m[2m:[0m parsed 4 headers
[2m2025-12-10T10:13:27.030924Z[0m [34mDEBUG[0m [2mhyper::proto::h1::conn[0m[2m:[0m incoming body is content-length (45 bytes)
[2m2025-12-10T10:13:27.030932Z[0m [34mDEBUG[0m [2mhyper::proto::h1::conn[0m[2m:[0m incoming body completed
[2m2025-12-10T10:13:27.030942Z[0m [34mDEBUG[0m [2mhyper::client::pool[0m[2m:[0m pooling idle connection for ("http", 192.168.0.14:8545)
[2m2025-12-10T10:13:27.031539Z[0m [34mDEBUG[0m [2mhyper::proto::h1::io[0m[2m:[0m parsed 4 headers
[2m2025-12-10T10:13:27.031548Z[0m [34mDEBUG[0m [2mhyper::proto::h1::conn[0m[2m:[0m incoming body is content-length (712 bytes)
[2m2025-12-10T10:13:27.031556Z[0m [34mDEBUG[0m [2mhyper::proto::h1::conn[0m[2m:[0m incoming body completed
[2m2025-12-10T10:13:27.031564Z[0m [34mDEBUG[0m [2mhyper::client::pool[0m[2m:[0m pooling idle connection for ("http", 192.168.0.14:8545)
[2m2025-12-10T10:13:27.031570Z[0m [34mDEBUG[0m [2methereum_transaction_pool_monitor::eth_client[0m[2m:[0m 📡 Transaction fetch RPC completed in 4.231958ms
[2m2025-12-10T10:13:27.103407Z[0m [34mDEBUG[0m [2methereum_transaction_pool_monitor::eth_client[0m[2m:[0m ✅ Transaction 0x92fb8d4437558dc81016b24dd663c3fa1f97fb469de827107e4fb579c0e7dc7a fetched and parsed in 76.066416ms
[2m2025-12-10T10:13:27.103436Z[0m [34mDEBUG[0m [2methereum_transaction_pool_monitor::mempool_monitor[0m[2m:[0m 🔍 Skipping tx 0x92fb8d4437558dc81016b24dd663c3fa1f97fb469de827107e4fb579c0e7dc7a - not a DEX interaction (target: 0xb4451911AAB4F82C7E3879A89cC320D17f1a2DB4)
[2m2025-12-10T10:13:27.103448Z[0m [34mDEBUG[0m [2methereum_transaction_pool_monitor::mempool_monitor[0m[2m:[0m 📨 Processing new pending transaction: 0xb01b7769344c17ccb0006e9b05fe31fce45dfdc5d49e346324b0c34a97eb9da9
[2m2025-12-10T10:13:27.103455Z[0m [34mDEBUG[0m [2methereum_transaction_pool_monitor::mempool_monitor[0m[2m:[0m 🔍 Fetching transaction details for: 0xb01b7769344c17ccb0006e9b05fe31fce45dfdc5d49e346324b0c34a97eb9da9
[2m2025-12-10T10:13:27.103461Z[0m [34mDEBUG[0m [2methereum_transaction_pool_monitor::eth_client[0m[2m:[0m 🔍 Fetching transaction details for hash: 0xb01b7769344c17ccb0006e9b05fe31fce45dfdc5d49e346324b0c34a97eb9da9
[2m2025-12-10T10:13:27.103481Z[0m [34mDEBUG[0m [2mhyper::client::pool[0m[2m:[0m reuse idle connection for ("http", 192.168.0.14:8545)
[2m2025-12-10T10:13:27.103526Z[0m [34mDEBUG[0m [2mhyper::proto::h1::io[0m[2m:[0m flushed 250 bytes
[2m2025-12-10T10:13:27.103565Z[0m [34mDEBUG[0m [2mhyper::client::pool[0m[2m:[0m reuse idle connection for ("http", 192.168.0.14:8545)
[2m2025-12-10T10:13:27.103585Z[0m [34mDEBUG[0m [2mhyper::proto::h1::io[0m[2m:[0m flushed 172 bytes
[2m2025-12-10T10:13:27.106800Z[0m [34mDEBUG[0m [2mhyper::proto::h1::io[0m[2m:[0m parsed 4 headers
[2m2025-12-10T10:13:27.106808Z[0m [34mDEBUG[0m [2mhyper::proto::h1::conn[0m[2m:[0m incoming body is content-length (45 bytes)
[2m2025-12-10T10:13:27.106817Z[0m [34mDEBUG[0m [2mhyper::proto::h1::conn[0m[2m:[0m incoming body completed
[2m2025-12-10T10:13:27.106825Z[0m [34mDEBUG[0m [2mhyper::client::pool[0m[2m:[0m pooling idle connection for ("http", 192.168.0.14:8545)
[2m2025-12-10T10:13:27.107555Z[0m [34mDEBUG[0m [2mhyper::proto::h1::io[0m[2m:[0m parsed 4 headers
[2m2025-12-10T10:13:27.107562Z[0m [34mDEBUG[0m [2mhyper::proto::h1::conn[0m[2m:[0m incoming body is content-length (643 bytes)
[2m2025-12-10T10:13:27.107568Z[0m [34mDEBUG[0m [2mhyper::proto::h1::conn[0m[2m:[0m incoming body completed
[2m2025-12-10T10:13:27.107576Z[0m [34mDEBUG[0m [2mhyper::client::pool[0m[2m:[0m pooling idle connection for ("http", 192.168.0.14:8545)
[2m2025-12-10T10:13:27.107582Z[0m [34mDEBUG[0m [2methereum_transaction_pool_monitor::eth_client[0m[2m:[0m 📡 Transaction fetch RPC completed in 4.116375ms
[2m2025-12-10T10:13:27.179378Z[0m [34mDEBUG[0m [2methereum_transaction_pool_monitor::eth_client[0m[2m:[0m ✅ Transaction 0xb01b7769344c17ccb0006e9b05fe31fce45dfdc5d49e346324b0c34a97eb9da9 fetched and parsed in 75.910084ms
[2m2025-12-10T10:13:27.179410Z[0m [34mDEBUG[0m [2methereum_transaction_pool_monitor::mempool_monitor[0m[2m:[0m 🔍 Skipping tx 0xb01b7769344c17ccb0006e9b05fe31fce45dfdc5d49e346324b0c34a97eb9da9 - not a DEX interaction (target: 0x97EB9d7D543d7503424288aB294E5EfAEC9C6989)
[2m2025-12-10T10:13:27.179423Z[0m [34mDEBUG[0m [2methereum_transaction_pool_monitor::mempool_monitor[0m[2m:[0m 📨 Processing new pending transaction: 0x58d6ff14b34c5a99de099716583f806ca4e0c489c50793f21443be59c4ec6863
[2m2025-12-10T10:13:27.179436Z[0m [34mDEBUG[0m [2methereum_transaction_pool_monitor::mempool_monitor[0m[2m:[0m 🔍 Fetching transaction details for: 0x58d6ff14b34c5a99de099716583f806ca4e0c489c50793f21443be59c4ec6863
[2m2025-12-10T10:13:27.179445Z[0m [34mDEBUG[0m [2methereum_transaction_pool_monitor::eth_client[0m[2m:[0m 🔍 Fetching transaction details for hash: 0x58d6ff14b34c5a99de099716583f806ca4e0c489c50793f21443be59c4ec6863
[2m2025-12-10T10:13:27.179469Z[0m [34mDEBUG[0m [2mhyper::client::pool[0m[2m:[0m reuse idle connection for ("http", 192.168.0.14:8545)
[2m2025-12-10T10:13:27.179518Z[0m [34mDEBUG[0m [2mhyper::proto::h1::io[0m[2m:[0m flushed 250 bytes
[2m2025-12-10T10:13:27.179543Z[0m [34mDEBUG[0m [2methereum_transaction_pool_monitor::eth_client[0m[2m:[0m 📨 Received WebSocket message: {"jsonrpc":"2.0","method":"eth_subscription","params":{"subscription":"0xbed0a0851463e895960a451075a301a9","result":"0xb3f6924b50391fc9bc5a2810a7556241f4145bc93d5f73bbbe87af463a91716c"}}
[2m2025-12-10T10:13:27.179552Z[0m [34mDEBUG[0m [2methereum_transaction_pool_monitor::eth_client[0m[2m:[0m 📨 Received pending transaction: 0xb3f6924b50391fc9bc5a2810a7556241f4145bc93d5f73bbbe87af463a91716c
[2m2025-12-10T10:13:27.189928Z[0m [34mDEBUG[0m [2mhyper::proto::h1::io[0m[2m:[0m parsed 4 headers
[2m2025-12-10T10:13:27.189941Z[0m [34mDEBUG[0m [2mhyper::proto::h1::conn[0m[2m:[0m incoming body is content-length (769 bytes)
[2m2025-12-10T10:13:27.189948Z[0m [34mDEBUG[0m [2mhyper::proto::h1::conn[0m[2m:[0m incoming body completed
[2m2025-12-10T10:13:27.189958Z[0m [34mDEBUG[0m [2mhyper::client::pool[0m[2m:[0m pooling idle connection for ("http", 192.168.0.14:8545)
[2m2025-12-10T10:13:27.189965Z[0m [34mDEBUG[0m [2methereum_transaction_pool_monitor::eth_client[0m[2m:[0m 📡 Transaction fetch RPC completed in 10.510416ms
[2m2025-12-10T10:13:27.261748Z[0m [34mDEBUG[0m [2methereum_transaction_pool_monitor::eth_client[0m[2m:[0m ✅ Transaction 0x58d6ff14b34c5a99de099716583f806ca4e0c489c50793f21443be59c4ec6863 fetched and parsed in 82.291708ms
[2m2025-12-10T10:13:27.261773Z[0m [34mDEBUG[0m [2methereum_transaction_pool_monitor::mempool_monitor[0m[2m:[0m 🔍 Skipping tx 0x58d6ff14b34c5a99de099716583f806ca4e0c489c50793f21443be59c4ec6863 - not a DEX interaction (target: 0x8290333ceF9e6D528dD5618Fb97a76f268f3EDD4)
[2m2025-12-10T10:13:27.261784Z[0m [34mDEBUG[0m [2methereum_transaction_pool_monitor::mempool_monitor[0m[2m:[0m 📨 Processing new pending transaction: 0xd936950d759fb78e5dcb3e4828a8585958ad108f860fb9c5ecebab01f0ee6b49
[2m2025-12-10T10:13:27.261792Z[0m [34mDEBUG[0m [2methereum_transaction_pool_monitor::mempool_monitor[0m[2m:[0m 🔍 Fetching transaction details for: 0xd936950d759fb78e5dcb3e4828a8585958ad108f860fb9c5ecebab01f0ee6b49
[2m2025-12-10T10:13:27.261797Z[0m [34mDEBUG[0m [2methereum_transaction_pool_monitor::eth_client[0m[2m:[0m 🔍 Fetching transaction details for hash: 0xd936950d759fb78e5dcb3e4828a8585958ad108f860fb9c5ecebab01f0ee6b49
[2m2025-12-10T10:13:27.261817Z[0m [34mDEBUG[0m [2mhyper::client::pool[0m[2m:[0m reuse idle connection for ("http", 192.168.0.14:8545)
[2m2025-12-10T10:13:27.261853Z[0m [34mDEBUG[0m [2mhyper::proto::h1::io[0m[2m:[0m flushed 250 bytes
[2m2025-12-10T10:13:27.261874Z[0m [34mDEBUG[0m [2mhyper::client::pool[0m[2m:[0m reuse idle connection for ("http", 192.168.0.14:8545)
[2m2025-12-10T10:13:27.261887Z[0m [34mDEBUG[0m [2methereum_transaction_pool_monitor::eth_client[0m[2m:[0m 📨 Received WebSocket message: {"jsonrpc":"2.0","method":"eth_subscription","params":{"subscription":"0xbed0a0851463e895960a451075a301a9","result":"0x0bdb604795f03ab7f60df58f36cfde4caee065c6459cd1c35717d1144b2cff8f"}}
[2m2025-12-10T10:13:27.261890Z[0m [34mDEBUG[0m [2mhyper::proto::h1::io[0m[2m:[0m flushed 172 bytes
[2m2025-12-10T10:13:27.261900Z[0m [34mDEBUG[0m [2methereum_transaction_pool_monitor::eth_client[0m[2m:[0m 📨 Received pending transaction: 0x0bdb604795f03ab7f60df58f36cfde4caee065c6459cd1c35717d1144b2cff8f
[2m2025-12-10T10:13:27.262554Z[0m [34mDEBUG[0m [2methereum_transaction_pool_monitor::eth_client[0m[2m:[0m 📨 Received WebSocket message: {"jsonrpc":"2.0","method":"eth_subscription","params":{"subscription":"0xbed0a0851463e895960a451075a301a9","result":"0x418c34ee30f30d5d7053b66e275ea0b7c72954bd03053be2d2c059b1c8437a50"}}
[2m2025-12-10T10:13:27.262562Z[0m [34mDEBUG[0m [2methereum_transaction_pool_monitor::eth_client[0m[2m:[0m 📨 Received pending transaction: 0x418c34ee30f30d5d7053b66e275ea0b7c72954bd03053be2d2c059b1c8437a50
[2m2025-12-10T10:13:27.265876Z[0m [34mDEBUG[0m [2mhyper::proto::h1::io[0m[2m:[0m parsed 4 headers
[2m2025-12-10T10:13:27.265888Z[0m [34mDEBUG[0m [2mhyper::proto::h1::conn[0m[2m:[0m incoming body is content-length (45 bytes)
[2m2025-12-10T10:13:27.265896Z[0m [34mDEBUG[0m [2mhyper::proto::h1::conn[0m[2m:[0m incoming body completed
[2m2025-12-10T10:13:27.265907Z[0m [34mDEBUG[0m [2mhyper::client::pool[0m[2m:[0m pooling idle connection for ("http", 192.168.0.14:8545)
[2m2025-12-10T10:13:27.267363Z[0m [34mDEBUG[0m [2mhyper::proto::h1::io[0m[2m:[0m parsed 4 headers
[2m2025-12-10T10:13:27.267396Z[0m [34mDEBUG[0m [2mhyper::proto::h1::conn[0m[2m:[0m incoming body is content-length (830 bytes)
[2m2025-12-10T10:13:27.267413Z[0m [34mDEBUG[0m [2mhyper::proto::h1::conn[0m[2m:[0m incoming body completed
[2m2025-12-10T10:13:27.267424Z[0m [34mDEBUG[0m [2mhyper::client::pool[0m[2m:[0m pooling idle connection for ("http", 192.168.0.14:8545)
[2m2025-12-10T10:13:27.267444Z[0m [34mDEBUG[0m [2methereum_transaction_pool_monitor::eth_client[0m[2m:[0m 📡 Transaction fetch RPC completed in 5.642209ms
[2m2025-12-10T10:13:27.339323Z[0m [34mDEBUG[0m [2methereum_transaction_pool_monitor::eth_client[0m[2m:[0m ✅ Transaction 0xd936950d759fb78e5dcb3e4828a8585958ad108f860fb9c5ecebab01f0ee6b49 fetched and parsed in 77.519042ms
[2m2025-12-10T10:13:27.339350Z[0m [34mDEBUG[0m [2methereum_transaction_pool_monitor::mempool_monitor[0m[2m:[0m 🔍 Skipping tx 0xd936950d759fb78e5dcb3e4828a8585958ad108f860fb9c5ecebab01f0ee6b49 - not a DEX interaction (target: 0x3B4D794a66304F130a4Db8F2551B0070dfCf5ca7)
[2m2025-12-10T10:13:27.339361Z[0m [34mDEBUG[0m [2methereum_transaction_pool_monitor::mempool_monitor[0m[2m:[0m 📨 Processing new pending transaction: 0xb3f6924b50391fc9bc5a2810a7556241f4145bc93d5f73bbbe87af463a91716c
[2m2025-12-10T10:13:27.339368Z[0m [34mDEBUG[0m [2methereum_transaction_pool_monitor::mempool_monitor[0m[2m:[0m 🔍 Fetching transaction details for: 0xb3f6924b50391fc9bc5a2810a7556241f4145bc93d5f73bbbe87af463a91716c
[2m2025-12-10T10:13:27.339375Z[0m [34mDEBUG[0m [2methereum_transaction_pool_monitor::eth_client[0m[2m:[0m 🔍 Fetching transaction details for hash: 0xb3f6924b50391fc9bc5a2810a7556241f4145bc93d5f73bbbe87af463a91716c
[2m2025-12-10T10:13:27.339398Z[0m [34mDEBUG[0m [2mhyper::client::pool[0m[2m:[0m reuse idle connection for ("http", 192.168.0.14:8545)
[2m2025-12-10T10:13:27.339443Z[0m [34mDEBUG[0m [2mhyper::proto::h1::io[0m[2m:[0m flushed 250 bytes
[2m2025-12-10T10:13:27.339473Z[0m [34mDEBUG[0m [2mhyper::client::pool[0m[2m:[0m reuse idle connection for ("http", 192.168.0.14:8545)
[2m2025-12-10T10:13:27.339488Z[0m [34mDEBUG[0m [2mhyper::proto::h1::io[0m[2m:[0m flushed 172 bytes
[2m2025-12-10T10:13:27.352147Z[0m [34mDEBUG[0m [2mhyper::proto::h1::io[0m[2m:[0m parsed 4 headers
[2m2025-12-10T10:13:27.352154Z[0m [34mDEBUG[0m [2mhyper::proto::h1::conn[0m[2m:[0m incoming body is content-length (771 bytes)
[2m2025-12-10T10:13:27.352161Z[0m [34mDEBUG[0m [2mhyper::proto::h1::conn[0m[2m:[0m incoming body completed
[2m2025-12-10T10:13:27.352168Z[0m [34mDEBUG[0m [2mhyper::client::pool[0m[2m:[0m pooling idle connection for ("http", 192.168.0.14:8545)
[2m2025-12-10T10:13:27.352174Z[0m [34mDEBUG[0m [2methereum_transaction_pool_monitor::eth_client[0m[2m:[0m 📡 Transaction fetch RPC completed in 12.793083ms
[2m2025-12-10T10:13:27.422935Z[0m [34mDEBUG[0m [2methereum_transaction_pool_monitor::eth_client[0m[2m:[0m ✅ Transaction 0xb3f6924b50391fc9bc5a2810a7556241f4145bc93d5f73bbbe87af463a91716c fetched and parsed in 83.551833ms
[2m2025-12-10T10:13:27.422964Z[0m [34mDEBUG[0m [2methereum_transaction_pool_monitor::mempool_monitor[0m[2m:[0m 🔍 Skipping tx 0xb3f6924b50391fc9bc5a2810a7556241f4145bc93d5f73bbbe87af463a91716c - not a DEX interaction (target: 0xB8f28C60dD8240141185a192fa4156A23E189305)
[2m2025-12-10T10:13:27.422974Z[0m [34mDEBUG[0m [2methereum_transaction_pool_monitor::mempool_monitor[0m[2m:[0m 📨 Processing new pending transaction: 0x0bdb604795f03ab7f60df58f36cfde4caee065c6459cd1c35717d1144b2cff8f
[2m2025-12-10T10:13:27.422980Z[0m [34mDEBUG[0m [2methereum_transaction_pool_monitor::mempool_monitor[0m[2m:[0m 🔍 Fetching transaction details for: 0x0bdb604795f03ab7f60df58f36cfde4caee065c6459cd1c35717d1144b2cff8f
[2m2025-12-10T10:13:27.422985Z[0m [34mDEBUG[0m [2methereum_transaction_pool_monitor::eth_client[0m[2m:[0m 🔍 Fetching transaction details for hash: 0x0bdb604795f03ab7f60df58f36cfde4caee065c6459cd1c35717d1144b2cff8f
[2m2025-12-10T10:13:27.423004Z[0m [34mDEBUG[0m [2mhyper::client::pool[0m[2m:[0m reuse idle connection for ("http", 192.168.0.14:8545)
[2m2025-12-10T10:13:27.423057Z[0m [34mDEBUG[0m [2mhyper::proto::h1::io[0m[2m:[0m flushed 250 bytes
[2m2025-12-10T10:13:27.423077Z[0m [34mDEBUG[0m [2mhyper::proto::h1::io[0m[2m:[0m parsed 4 headers
[2m2025-12-10T10:13:27.423088Z[0m [34mDEBUG[0m [2mhyper::proto::h1::conn[0m[2m:[0m incoming body is content-length (45 bytes)
[2m2025-12-10T10:13:27.423099Z[0m [34mDEBUG[0m [2mhyper::proto::h1::conn[0m[2m:[0m incoming body completed
[2m2025-12-10T10:13:27.423109Z[0m [34mDEBUG[0m [2mhyper::client::pool[0m[2m:[0m pooling idle connection for ("http", 192.168.0.14:8545)
[2m2025-12-10T10:13:27.423127Z[0m [34mDEBUG[0m [2mhyper::client::pool[0m[2m:[0m reuse idle connection for ("http", 192.168.0.14:8545)
[2m2025-12-10T10:13:27.423148Z[0m [34mDEBUG[0m [2mhyper::proto::h1::io[0m[2m:[0m flushed 172 bytes
[2m2025-12-10T10:13:27.432211Z[0m [34mDEBUG[0m [2mhyper::proto::h1::io[0m[2m:[0m parsed 4 headers
[2m2025-12-10T10:13:27.432218Z[0m [34mDEBUG[0m [2mhyper::proto::h1::conn[0m[2m:[0m incoming body is content-length (6724 bytes)
[2m2025-12-10T10:13:27.432226Z[0m [34mDEBUG[0m [2mhyper::proto::h1::conn[0m[2m:[0m incoming body completed
[2m2025-12-10T10:13:27.432244Z[0m [34mDEBUG[0m [2mhyper::client::pool[0m[2m:[0m pooling idle connection for ("http", 192.168.0.14:8545)
[2m2025-12-10T10:13:27.432250Z[0m [34mDEBUG[0m [2methereum_transaction_pool_monitor::eth_client[0m[2m:[0m 📡 Transaction fetch RPC completed in 9.260042ms
[2m2025-12-10T10:13:27.503498Z[0m [34mDEBUG[0m [2methereum_transaction_pool_monitor::eth_client[0m[2m:[0m ✅ Transaction 0x0bdb604795f03ab7f60df58f36cfde4caee065c6459cd1c35717d1144b2cff8f fetched and parsed in 80.505042ms
[2m2025-12-10T10:13:27.503517Z[0m [34mDEBUG[0m [2methereum_transaction_pool_monitor::mempool_monitor[0m[2m:[0m 🔍 Skipping tx 0x0bdb604795f03ab7f60df58f36cfde4caee065c6459cd1c35717d1144b2cff8f - not a DEX interaction (target: 0xF6801D319497789f934ec7F83E142a9536312B08)
[2m2025-12-10T10:13:27.503528Z[0m [34mDEBUG[0m [2methereum_transaction_pool_monitor::mempool_monitor[0m[2m:[0m 📨 Processing new pending transaction: 0x418c34ee30f30d5d7053b66e275ea0b7c72954bd03053be2d2c059b1c8437a50
[2m2025-12-10T10:13:27.503535Z[0m [34mDEBUG[0m [2methereum_transaction_pool_monitor::mempool_monitor[0m[2m:[0m 🔍 Fetching transaction details for: 0x418c34ee30f30d5d7053b66e275ea0b7c72954bd03053be2d2c059b1c8437a50
[2m2025-12-10T10:13:27.503540Z[0m [34mDEBUG[0m [2methereum_transaction_pool_monitor::eth_client[0m[2m:[0m 🔍 Fetching transaction details for hash: 0x418c34ee30f30d5d7053b66e275ea0b7c72954bd03053be2d2c059b1c8437a50
[2m2025-12-10T10:13:27.503559Z[0m [34mDEBUG[0m [2mhyper::client::pool[0m[2m:[0m reuse idle connection for ("http", 192.168.0.14:8545)
[2m2025-12-10T10:13:27.503593Z[0m [34mDEBUG[0m [2mhyper::proto::h1::io[0m[2m:[0m flushed 250 bytes
[2m2025-12-10T10:13:27.503617Z[0m [34mDEBUG[0m [2methereum_transaction_pool_monitor::eth_client[0m[2m:[0m 📨 Received WebSocket message: {"jsonrpc":"2.0","method":"eth_subscription","params":{"subscription":"0xbed0a0851463e895960a451075a301a9","result":"0x448e057d17273b24f3a3d30002df046f68ccb440051272adf0b27a0ecfa0d419"}}
[2m2025-12-10T10:13:27.503628Z[0m [34mDEBUG[0m [2methereum_transaction_pool_monitor::eth_client[0m[2m:[0m 📨 Received pending transaction: 0x448e057d17273b24f3a3d30002df046f68ccb440051272adf0b27a0ecfa0d419
[2m2025-12-10T10:13:27.503635Z[0m [34mDEBUG[0m [2mhyper::proto::h1::io[0m[2m:[0m parsed 4 headers
[2m2025-12-10T10:13:27.503647Z[0m [34mDEBUG[0m [2mhyper::proto::h1::conn[0m[2m:[0m incoming body is content-length (45 bytes)
[2m2025-12-10T10:13:27.503653Z[0m [34mDEBUG[0m [2mhyper::proto::h1::conn[0m[2m:[0m incoming body completed
[2m2025-12-10T10:13:27.503661Z[0m [34mDEBUG[0m [2mhyper::client::pool[0m[2m:[0m pooling idle connection for ("http", 192.168.0.14:8545)
[2m2025-12-10T10:13:27.503675Z[0m [34mDEBUG[0m [2mhyper::client::pool[0m[2m:[0m reuse idle connection for ("http", 192.168.0.14:8545)
[2m2025-12-10T10:13:27.503688Z[0m [34mDEBUG[0m [2mhyper::proto::h1::io[0m[2m:[0m flushed 172 bytes
[2m2025-12-10T10:13:27.509635Z[0m [34mDEBUG[0m [2mhyper::proto::h1::io[0m[2m:[0m parsed 4 headers
[2m2025-12-10T10:13:27.509645Z[0m [34mDEBUG[0m [2mhyper::proto::h1::conn[0m[2m:[0m incoming body is content-length (45 bytes)
[2m2025-12-10T10:13:27.509653Z[0m [34mDEBUG[0m [2mhyper::proto::h1::conn[0m[2m:[0m incoming body completed
[2m2025-12-10T10:13:27.509661Z[0m [34mDEBUG[0m [2mhyper::client::pool[0m[2m:[0m pooling idle connection for ("http", 192.168.0.14:8545)
[2m2025-12-10T10:13:27.515597Z[0m [34mDEBUG[0m [2mhyper::proto::h1::io[0m[2m:[0m parsed 4 headers
[2m2025-12-10T10:13:27.515604Z[0m [34mDEBUG[0m [2mhyper::proto::h1::conn[0m[2m:[0m incoming body is content-length (639 bytes)
[2m2025-12-10T10:13:27.515610Z[0m [34mDEBUG[0m [2mhyper::proto::h1::conn[0m[2m:[0m incoming body completed
[2m2025-12-10T10:13:27.515617Z[0m [34mDEBUG[0m [2mhyper::client::pool[0m[2m:[0m pooling idle connection for ("http", 192.168.0.14:8545)
[2m2025-12-10T10:13:27.515623Z[0m [34mDEBUG[0m [2methereum_transaction_pool_monitor::eth_client[0m[2m:[0m 📡 Transaction fetch RPC completed in 12.077917ms
[2m2025-12-10T10:13:27.586327Z[0m [34mDEBUG[0m [2methereum_transaction_pool_monitor::eth_client[0m[2m:[0m ✅ Transaction 0x418c34ee30f30d5d7053b66e275ea0b7c72954bd03053be2d2c059b1c8437a50 fetched and parsed in 82.778417ms
[2m2025-12-10T10:13:27.586358Z[0m [34mDEBUG[0m [2methereum_transaction_pool_monitor::mempool_monitor[0m[2m:[0m 🔍 Skipping tx 0x418c34ee30f30d5d7053b66e275ea0b7c72954bd03053be2d2c059b1c8437a50 - not a DEX interaction (target: 0x7DBB4bdCfE614398D1a68ecc219F15280d0959E0)
[2m2025-12-10T10:13:27.586374Z[0m [34mDEBUG[0m [2methereum_transaction_pool_monitor::mempool_monitor[0m[2m:[0m 📨 Processing new pending transaction: 0x448e057d17273b24f3a3d30002df046f68ccb440051272adf0b27a0ecfa0d419
[2m2025-12-10T10:13:27.586383Z[0m [34mDEBUG[0m [2methereum_transaction_pool_monitor::mempool_monitor[0m[2m:[0m 🔍 Fetching transaction details for: 0x448e057d17273b24f3a3d30002df046f68ccb440051272adf0b27a0ecfa0d419
[2m2025-12-10T10:13:27.586393Z[0m [34mDEBUG[0m [2methereum_transaction_pool_monitor::eth_client[0m[2m:[0m 🔍 Fetching transaction details for hash: 0x448e057d17273b24f3a3d30002df046f68ccb440051272adf0b27a0ecfa0d419
[2m2025-12-10T10:13:27.586414Z[0m [34mDEBUG[0m [2mhyper::client::pool[0m[2m:[0m reuse idle connection for ("http", 192.168.0.14:8545)
[2m2025-12-10T10:13:27.586460Z[0m [34mDEBUG[0m [2mhyper::proto::h1::io[0m[2m:[0m flushed 250 bytes
[2m2025-12-10T10:13:27.592084Z[0m [34mDEBUG[0m [2mhyper::proto::h1::io[0m[2m:[0m parsed 4 headers
[2m2025-12-10T10:13:27.592107Z[0m [34mDEBUG[0m [2mhyper::proto::h1::conn[0m[2m:[0m incoming body is content-length (646 bytes)
[2m2025-12-10T10:13:27.592132Z[0m [34mDEBUG[0m [2mhyper::proto::h1::conn[0m[2m:[0m incoming body completed
[2m2025-12-10T10:13:27.592158Z[0m [34mDEBUG[0m [2mhyper::client::pool[0m[2m:[0m pooling idle connection for ("http", 192.168.0.14:8545)
[2m2025-12-10T10:13:27.592165Z[0m [34mDEBUG[0m [2methereum_transaction_pool_monitor::eth_client[0m[2m:[0m 📡 Transaction fetch RPC completed in 5.76575ms
[2m2025-12-10T10:13:27.663058Z[0m [34mDEBUG[0m [2methereum_transaction_pool_monitor::eth_client[0m[2m:[0m ✅ Transaction 0x448e057d17273b24f3a3d30002df046f68ccb440051272adf0b27a0ecfa0d419 fetched and parsed in 76.656375ms
[2m2025-12-10T10:13:27.663094Z[0m [34mDEBUG[0m [2methereum_transaction_pool_monitor::mempool_monitor[0m[2m:[0m 🔍 Skipping tx 0x448e057d17273b24f3a3d30002df046f68ccb440051272adf0b27a0ecfa0d419 - not a DEX interaction (target: 0x2156B4FF0D6a495767A1536A1237651B6B46a2A2)
[2m2025-12-10T10:13:27.663996Z[0m [34mDEBUG[0m [2mhyper::client::pool[0m[2m:[0m reuse idle connection for ("http", 192.168.0.14:8545)
[2m2025-12-10T10:13:27.664059Z[0m [34mDEBUG[0m [2mhyper::proto::h1::io[0m[2m:[0m flushed 172 bytes
[2m2025-12-10T10:13:27.669405Z[0m [34mDEBUG[0m [2mhyper::proto::h1::io[0m[2m:[0m parsed 4 headers
[2m2025-12-10T10:13:27.669428Z[0m [34mDEBUG[0m [2mhyper::proto::h1::conn[0m[2m:[0m incoming body is content-length (45 bytes)
[2m2025-12-10T10:13:27.669464Z[0m [34mDEBUG[0m [2mhyper::proto::h1::conn[0m[2m:[0m incoming body completed
[2m2025-12-10T10:13:27.669472Z[0m [34mDEBUG[0m [2mhyper::client::pool[0m[2m:[0m pooling idle connection for ("http", 192.168.0.14:8545)
[2m2025-12-10T10:13:27.699523Z[0m [34mDEBUG[0m [2mhyper::client::pool[0m[2m:[0m reuse idle connection for ("http", 192.168.0.14:8545)
[2m2025-12-10T10:13:27.699584Z[0m [34mDEBUG[0m [2mhyper::proto::h1::io[0m[2m:[0m flushed 172 bytes
[2m2025-12-10T10:13:27.702895Z[0m [34mDEBUG[0m [2mhyper::proto::h1::io[0m[2m:[0m parsed 4 headers
[2m2025-12-10T10:13:27.702917Z[0m [34mDEBUG[0m [2mhyper::proto::h1::conn[0m[2m:[0m incoming body is content-length (45 bytes)
[2m2025-12-10T10:13:27.702940Z[0m [34mDEBUG[0m [2mhyper::proto::h1::conn[0m[2m:[0m incoming body completed
[2m2025-12-10T10:13:27.702972Z[0m [34mDEBUG[0m [2mhyper::client::pool[0m[2m:[0m pooling idle connection for ("http", 192.168.0.14:8545)
[2m2025-12-10T10:13:27.716162Z[0m [34mDEBUG[0m [2methereum_transaction_pool_monitor::eth_client[0m[2m:[0m 📨 Received WebSocket message: {"jsonrpc":"2.0","method":"eth_subscription","params":{"subscription":"0xbed0a0851463e895960a451075a301a9","result":"0xed62557f6f6b59bfa00c79ca552fe27f73dee1afb4c81fa9d293f3701b71da89"}}
[2m2025-12-10T10:13:27.716189Z[0m [34mDEBUG[0m [2methereum_transaction_pool_monitor::eth_client[0m[2m:[0m 📨 Received pending transaction: 0xed62557f6f6b59bfa00c79ca552fe27f73dee1afb4c81fa9d293f3701b71da89
[2m2025-12-10T10:13:27.716200Z[0m [34mDEBUG[0m [2methereum_transaction_pool_monitor::mempool_monitor[0m[2m:[0m 📨 Processing new pending transaction: 0xed62557f6f6b59bfa00c79ca552fe27f73dee1afb4c81fa9d293f3701b71da89
[2m2025-12-10T10:13:27.716218Z[0m [34mDEBUG[0m [2methereum_transaction_pool_monitor::mempool_monitor[0m[2m:[0m 🔍 Fetching transaction details for: 0xed62557f6f6b59bfa00c79ca552fe27f73dee1afb4c81fa9d293f3701b71da89
[2m2025-12-10T10:13:27.716222Z[0m [34mDEBUG[0m [2methereum_transaction_pool_monitor::eth_client[0m[2m:[0m 🔍 Fetching transaction details for hash: 0xed62557f6f6b59bfa00c79ca552fe27f73dee1afb4c81fa9d293f3701b71da89
[2m2025-12-10T10:13:27.716235Z[0m [34mDEBUG[0m [2mhyper::client::pool[0m[2m:[0m reuse idle connection for ("http", 192.168.0.14:8545)
[2m2025-12-10T10:13:27.716252Z[0m [34mDEBUG[0m [2mhyper::proto::h1::io[0m[2m:[0m flushed 250 bytes
[2m2025-12-10T10:13:27.718494Z[0m [34mDEBUG[0m [2methereum_transaction_pool_monitor::eth_client[0m[2m:[0m 📨 Received WebSocket message: {"jsonrpc":"2.0","method":"eth_subscription","params":{"subscription":"0xbed0a0851463e895960a451075a301a9","result":"0x3dc344ccf7b2730b1405060bab68b2940c4e9c5a183a5e9f281c8759933bf6ab"}}
[2m2025-12-10T10:13:27.718521Z[0m [34mDEBUG[0m [2methereum_transaction_pool_monitor::eth_client[0m[2m:[0m 📨 Received pending transaction: 0x3dc344ccf7b2730b1405060bab68b2940c4e9c5a183a5e9f281c8759933bf6ab
[2m2025-12-10T10:13:27.727259Z[0m [34mDEBUG[0m [2mhyper::proto::h1::io[0m[2m:[0m parsed 4 headers
[2m2025-12-10T10:13:27.727276Z[0m [34mDEBUG[0m [2mhyper::proto::h1::conn[0m[2m:[0m incoming body is content-length (712 bytes)
[2m2025-12-10T10:13:27.727284Z[0m [34mDEBUG[0m [2mhyper::proto::h1::conn[0m[2m:[0m incoming body completed
[2m2025-12-10T10:13:27.727293Z[0m [34mDEBUG[0m [2mhyper::client::pool[0m[2m:[0m pooling idle connection for ("http", 192.168.0.14:8545)
[2m2025-12-10T10:13:27.727300Z[0m [34mDEBUG[0m [2methereum_transaction_pool_monitor::eth_client[0m[2m:[0m 📡 Transaction fetch RPC completed in 11.073042ms
[2m2025-12-10T10:13:27.800314Z[0m [34mDEBUG[0m [2methereum_transaction_pool_monitor::eth_client[0m[2m:[0m ✅ Transaction 0xed62557f6f6b59bfa00c79ca552fe27f73dee1afb4c81fa9d293f3701b71da89 fetched and parsed in 84.084292ms
[2m2025-12-10T10:13:27.800345Z[0m [34mDEBUG[0m [2methereum_transaction_pool_monitor::mempool_monitor[0m[2m:[0m 🔍 Skipping tx 0xed62557f6f6b59bfa00c79ca552fe27f73dee1afb4c81fa9d293f3701b71da89 - not a DEX interaction (target: 0x45F1F60E8355aa2267B1E7e3E2F5732eF4DdD155)
[2m2025-12-10T10:13:27.800358Z[0m [34mDEBUG[0m [2methereum_transaction_pool_monitor::mempool_monitor[0m[2m:[0m 📨 Processing new pending transaction: 0x3dc344ccf7b2730b1405060bab68b2940c4e9c5a183a5e9f281c8759933bf6ab
[2m2025-12-10T10:13:27.800372Z[0m [34mDEBUG[0m [2methereum_transaction_pool_monitor::mempool_monitor[0m[2m:[0m 🔍 Fetching transaction details for: 0x3dc344ccf7b2730b1405060bab68b2940c4e9c5a183a5e9f281c8759933bf6ab
[2m2025-12-10T10:13:27.800381Z[0m [34mDEBUG[0m [2methereum_transaction_pool_monitor::eth_client[0m[2m:[0m 🔍 Fetching transaction details for hash: 0x3dc344ccf7b2730b1405060bab68b2940c4e9c5a183a5e9f281c8759933bf6ab
[2m2025-12-10T10:13:27.800402Z[0m [34mDEBUG[0m [2mhyper::client::pool[0m[2m:[0m reuse idle connection for ("http", 192.168.0.14:8545)
[2m2025-12-10T10:13:27.800447Z[0m [34mDEBUG[0m [2mhyper::proto::h1::io[0m[2m:[0m flushed 250 bytes
[2m2025-12-10T10:13:27.800479Z[0m [34mDEBUG[0m [2mhyper::client::pool[0m[2m:[0m reuse idle connection for ("http", 192.168.0.14:8545)
[2m2025-12-10T10:13:27.800499Z[0m [34mDEBUG[0m [2mhyper::proto::h1::io[0m[2m:[0m flushed 172 bytes
[2m2025-12-10T10:13:27.912411Z[0m [34mDEBUG[0m [2mhyper::proto::h1::io[0m[2m:[0m parsed 4 headers
[2m2025-12-10T10:13:27.912451Z[0m [34mDEBUG[0m [2mhyper::proto::h1::conn[0m[2m:[0m incoming body is content-length (45 bytes)
[2m2025-12-10T10:13:27.912456Z[0m [34mDEBUG[0m [2methereum_transaction_pool_monitor::eth_client[0m[2m:[0m 📨 Received WebSocket message: {"jsonrpc":"2.0","method":"eth_subscription","params":{"subscription":"0xbed0a0851463e895960a451075a301a9","result":"0xba85540ba8491f26e503ec5107f41d9adca0123cbca55b71bedc9d5cb746bbb9"}}
[2m2025-12-10T10:13:27.912411Z[0m [34mDEBUG[0m [2mhyper::proto::h1::io[0m[2m:[0m parsed 4 headers
[2m2025-12-10T10:13:27.912474Z[0m [34mDEBUG[0m [2methereum_transaction_pool_monitor::eth_client[0m[2m:[0m 📨 Received pending transaction: 0xba85540ba8491f26e503ec5107f41d9adca0123cbca55b71bedc9d5cb746bbb9
[2m2025-12-10T10:13:27.912473Z[0m [34mDEBUG[0m [2mhyper::proto::h1::conn[0m[2m:[0m incoming body completed
[2m2025-12-10T10:13:27.912537Z[0m [34mDEBUG[0m [2mhyper::proto::h1::conn[0m[2m:[0m incoming body is content-length (644 bytes)
[2m2025-12-10T10:13:27.912578Z[0m [34mDEBUG[0m [2mhyper::proto::h1::conn[0m[2m:[0m incoming body completed
[2m2025-12-10T10:13:27.912586Z[0m [34mDEBUG[0m [2mhyper::client::pool[0m[2m:[0m pooling idle connection for ("http", 192.168.0.14:8545)
[2m2025-12-10T10:13:27.912592Z[0m [34mDEBUG[0m [2mhyper::client::pool[0m[2m:[0m pooling idle connection for ("http", 192.168.0.14:8545)
[2m2025-12-10T10:13:27.912604Z[0m [34mDEBUG[0m [2methereum_transaction_pool_monitor::eth_client[0m[2m:[0m 📡 Transaction fetch RPC completed in 112.216208ms
[2m2025-12-10T10:13:27.912620Z[0m [34mDEBUG[0m [2mhyper::client::pool[0m[2m:[0m reuse idle connection for ("http", 192.168.0.14:8545)
[2m2025-12-10T10:13:27.912648Z[0m [34mDEBUG[0m [2mhyper::proto::h1::io[0m[2m:[0m flushed 172 bytes
[2m2025-12-10T10:13:27.914197Z[0m [34mDEBUG[0m [2methereum_transaction_pool_monitor::eth_client[0m[2m:[0m 📨 Received WebSocket message: {"jsonrpc":"2.0","method":"eth_subscription","params":{"subscription":"0xbed0a0851463e895960a451075a301a9","result":"0xfb42125bb8ca4ce8d5f62d9c524aaccc088294a1b4eb5c58f72778b7b8030caa"}}
[2m2025-12-10T10:13:27.914243Z[0m [34mDEBUG[0m [2methereum_transaction_pool_monitor::eth_client[0m[2m:[0m 📨 Received pending transaction: 0xfb42125bb8ca4ce8d5f62d9c524aaccc088294a1b4eb5c58f72778b7b8030caa
[2m2025-12-10T10:13:27.914257Z[0m [34mDEBUG[0m [2methereum_transaction_pool_monitor::eth_client[0m[2m:[0m 📨 Received WebSocket message: {"jsonrpc":"2.0","method":"eth_subscription","params":{"subscription":"0xbed0a0851463e895960a451075a301a9","result":"0x8983527e6e052c2a045add8aca77ca79d06d8043a3832d7413ebcad310718859"}}
[2m2025-12-10T10:13:27.914265Z[0m [34mDEBUG[0m [2methereum_transaction_pool_monitor::eth_client[0m[2m:[0m 📨 Received pending transaction: 0x8983527e6e052c2a045add8aca77ca79d06d8043a3832d7413ebcad310718859
[2m2025-12-10T10:13:27.920027Z[0m [34mDEBUG[0m [2mhyper::proto::h1::io[0m[2m:[0m parsed 4 headers
[2m2025-12-10T10:13:27.920035Z[0m [34mDEBUG[0m [2mhyper::proto::h1::conn[0m[2m:[0m incoming body is content-length (45 bytes)
[2m2025-12-10T10:13:27.920042Z[0m [34mDEBUG[0m [2mhyper::proto::h1::conn[0m[2m:[0m incoming body completed
[2m2025-12-10T10:13:27.920053Z[0m [34mDEBUG[0m [2mhyper::client::pool[0m[2m:[0m pooling idle connection for ("http", 192.168.0.14:8545)
[2m2025-12-10T10:13:27.962628Z[0m [34mDEBUG[0m [2methereum_transaction_pool_monitor::eth_client[0m[2m:[0m 📨 Received WebSocket message: {"jsonrpc":"2.0","method":"eth_subscription","params":{"subscription":"0xbed0a0851463e895960a451075a301a9","result":"0x2f26f15cb6b27aaa9104b3538c8e2dd157c4dcfa65deefdda450a07816f41e13"}}
[2m2025-12-10T10:13:27.962645Z[0m [34mDEBUG[0m [2methereum_transaction_pool_monitor::eth_client[0m[2m:[0m 📨 Received pending transaction: 0x2f26f15cb6b27aaa9104b3538c8e2dd157c4dcfa65deefdda450a07816f41e13
[2m2025-12-10T10:13:27.991516Z[0m [34mDEBUG[0m [2methereum_transaction_pool_monitor::eth_client[0m[2m:[0m ✅ Transaction 0x3dc344ccf7b2730b1405060bab68b2940c4e9c5a183a5e9f281c8759933bf6ab fetched and parsed in 191.125875ms
[2m2025-12-10T10:13:27.993878Z[0m [34mDEBUG[0m [2methereum_transaction_pool_monitor::mempool_monitor[0m[2m:[0m 🔍 Skipping tx 0x3dc344ccf7b2730b1405060bab68b2940c4e9c5a183a5e9f281c8759933bf6ab - not a DEX interaction (target: 0x4603180BBB8221157880AfaA84638E0fc467738D)
[2m2025-12-10T10:13:27.993903Z[0m [34mDEBUG[0m [2methereum_transaction_pool_monitor::mempool_monitor[0m[2m:[0m 📨 Processing new pending transaction: 0xba85540ba8491f26e503ec5107f41d9adca0123cbca55b71bedc9d5cb746bbb9
[2m2025-12-10T10:13:27.993912Z[0m [34mDEBUG[0m [2methereum_transaction_pool_monitor::mempool_monitor[0m[2m:[0m 🔍 Fetching transaction details for: 0xba85540ba8491f26e503ec5107f41d9adca0123cbca55b71bedc9d5cb746bbb9
[2m2025-12-10T10:13:27.993919Z[0m [34mDEBUG[0m [2methereum_transaction_pool_monitor::eth_client[0m[2m:[0m 🔍 Fetching transaction details for hash: 0xba85540ba8491f26e503ec5107f41d9adca0123cbca55b71bedc9d5cb746bbb9
[2m2025-12-10T10:13:27.993944Z[0m [34mDEBUG[0m [2mhyper::client::pool[0m[2m:[0m reuse idle connection for ("http", 192.168.0.14:8545)
[2m2025-12-10T10:13:27.993977Z[0m [34mDEBUG[0m [2mhyper::proto::h1::io[0m[2m:[0m flushed 250 bytes
[2m2025-12-10T10:13:27.998927Z[0m [34mDEBUG[0m [2mhyper::client::pool[0m[2m:[0m reuse idle connection for ("http", 192.168.0.14:8545)
[2m2025-12-10T10:13:27.998982Z[0m [34mDEBUG[0m [2mhyper::proto::h1::io[0m[2m:[0m flushed 172 bytes
[2m2025-12-10T10:13:27.999331Z[0m [34mDEBUG[0m [2mhyper::proto::h1::io[0m[2m:[0m parsed 4 headers
[2m2025-12-10T10:13:27.999341Z[0m [34mDEBUG[0m [2mhyper::proto::h1::conn[0m[2m:[0m incoming body is content-length (1292 bytes)
[2m2025-12-10T10:13:27.999351Z[0m [34mDEBUG[0m [2mhyper::proto::h1::conn[0m[2m:[0m incoming body completed
[2m2025-12-10T10:13:27.999364Z[0m [34mDEBUG[0m [2mhyper::client::pool[0m[2m:[0m pooling idle connection for ("http", 192.168.0.14:8545)
[2m2025-12-10T10:13:27.999371Z[0m [34mDEBUG[0m [2methereum_transaction_pool_monitor::eth_client[0m[2m:[0m 📡 Transaction fetch RPC completed in 5.445833ms
[2m2025-12-10T10:13:28.070493Z[0m [34mDEBUG[0m [2methereum_transaction_pool_monitor::eth_client[0m[2m:[0m ✅ Transaction 0xba85540ba8491f26e503ec5107f41d9adca0123cbca55b71bedc9d5cb746bbb9 fetched and parsed in 76.565916ms
[2m2025-12-10T10:13:28.070523Z[0m [34mDEBUG[0m [2methereum_transaction_pool_monitor::mempool_monitor[0m[2m:[0m 🔍 Skipping tx 0xba85540ba8491f26e503ec5107f41d9adca0123cbca55b71bedc9d5cb746bbb9 - not a DEX interaction (target: 0x5050e08626c499411B5D0E0b5AF0E83d3fD82EDF)
[2m2025-12-10T10:13:28.070537Z[0m [34mDEBUG[0m [2methereum_transaction_pool_monitor::mempool_monitor[0m[2m:[0m 📨 Processing new pending transaction: 0xfb42125bb8ca4ce8d5f62d9c524aaccc088294a1b4eb5c58f72778b7b8030caa
[2m2025-12-10T10:13:28.070548Z[0m [34mDEBUG[0m [2methereum_transaction_pool_monitor::mempool_monitor[0m[2m:[0m 🔍 Fetching transaction details for: 0xfb42125bb8ca4ce8d5f62d9c524aaccc088294a1b4eb5c58f72778b7b8030caa
[2m2025-12-10T10:13:28.070556Z[0m [34mDEBUG[0m [2methereum_transaction_pool_monitor::eth_client[0m[2m:[0m 🔍 Fetching transaction details for hash: 0xfb42125bb8ca4ce8d5f62d9c524aaccc088294a1b4eb5c58f72778b7b8030caa
[2m2025-12-10T10:13:28.070581Z[0m [34mDEBUG[0m [2mhyper::client::pool[0m[2m:[0m reuse idle connection for ("http", 192.168.0.14:8545)
[2m2025-12-10T10:13:28.070618Z[0m [34mDEBUG[0m [2mhyper::proto::h1::io[0m[2m:[0m flushed 250 bytes
[2m2025-12-10T10:13:28.070638Z[0m [34mDEBUG[0m [2mhyper::proto::h1::io[0m[2m:[0m parsed 4 headers
[2m2025-12-10T10:13:28.070642Z[0m [34mDEBUG[0m [2mhyper::proto::h1::conn[0m[2m:[0m incoming body is content-length (45 bytes)
[2m2025-12-10T10:13:28.070649Z[0m [34mDEBUG[0m [2mhyper::proto::h1::conn[0m[2m:[0m incoming body completed
[2m2025-12-10T10:13:28.070659Z[0m [34mDEBUG[0m [2mhyper::client::pool[0m[2m:[0m pooling idle connection for ("http", 192.168.0.14:8545)
[2m2025-12-10T10:13:28.076789Z[0m [34mDEBUG[0m [2mhyper::proto::h1::io[0m[2m:[0m parsed 4 headers
[2m2025-12-10T10:13:28.076798Z[0m [34mDEBUG[0m [2mhyper::proto::h1::conn[0m[2m:[0m incoming body is content-length (555 bytes)
[2m2025-12-10T10:13:28.076803Z[0m [34mDEBUG[0m [2mhyper::proto::h1::conn[0m[2m:[0m incoming body completed
[2m2025-12-10T10:13:28.076812Z[0m [34mDEBUG[0m [2mhyper::client::pool[0m[2m:[0m pooling idle connection for ("http", 192.168.0.14:8545)
[2m2025-12-10T10:13:28.076820Z[0m [34mDEBUG[0m [2methereum_transaction_pool_monitor::eth_client[0m[2m:[0m 📡 Transaction fetch RPC completed in 6.256583ms
[2m2025-12-10T10:13:28.147657Z[0m [34mDEBUG[0m [2methereum_transaction_pool_monitor::eth_client[0m[2m:[0m ✅ Transaction 0xfb42125bb8ca4ce8d5f62d9c524aaccc088294a1b4eb5c58f72778b7b8030caa fetched and parsed in 77.091708ms
[2m2025-12-10T10:13:28.147684Z[0m [34mDEBUG[0m [2methereum_transaction_pool_monitor::mempool_monitor[0m[2m:[0m 🔍 Skipping tx 0xfb42125bb8ca4ce8d5f62d9c524aaccc088294a1b4eb5c58f72778b7b8030caa - not a DEX interaction (target: 0x8563C5791D958cDcAD3d4aAf12D1f910E1E5f535)
[2m2025-12-10T10:13:28.147694Z[0m [34mDEBUG[0m [2methereum_transaction_pool_monitor::mempool_monitor[0m[2m:[0m 📨 Processing new pending transaction: 0x8983527e6e052c2a045add8aca77ca79d06d8043a3832d7413ebcad310718859
[2m2025-12-10T10:13:28.147701Z[0m [34mDEBUG[0m [2methereum_transaction_pool_monitor::mempool_monitor[0m[2m:[0m 🔍 Fetching transaction details for: 0x8983527e6e052c2a045add8aca77ca79d06d8043a3832d7413ebcad310718859
[2m2025-12-10T10:13:28.147710Z[0m [34mDEBUG[0m [2methereum_transaction_pool_monitor::eth_client[0m[2m:[0m 🔍 Fetching transaction details for hash: 0x8983527e6e052c2a045add8aca77ca79d06d8043a3832d7413ebcad310718859
[2m2025-12-10T10:13:28.147731Z[0m [34mDEBUG[0m [2mhyper::client::pool[0m[2m:[0m reuse idle connection for ("http", 192.168.0.14:8545)
[2m2025-12-10T10:13:28.148639Z[0m [34mDEBUG[0m [2mhyper::proto::h1::io[0m[2m:[0m flushed 250 bytes
[2m2025-12-10T10:13:28.148664Z[0m [34mDEBUG[0m [2mhyper::client::pool[0m[2m:[0m reuse idle connection for ("http", 192.168.0.14:8545)
[2m2025-12-10T10:13:28.148670Z[0m [32m INFO[0m [2methereum_transaction_pool_monitor::bot_runner[0m[2m:[0m 🤖 MEV Bot Stats | Uptime: 0.1h | Opportunities: 0 | Bundles: 0/0 (0.0%) | Profit: 0.0000 ETH | Rate: 0.00/h
[2m2025-12-10T10:13:28.148680Z[0m [34mDEBUG[0m [2mhyper::proto::h1::io[0m[2m:[0m flushed 172 bytes
[2m2025-12-10T10:13:28.148688Z[0m [34mDEBUG[0m [2methereum_transaction_pool_monitor::eth_client[0m[2m:[0m 📨 Received WebSocket message: {"jsonrpc":"2.0","method":"eth_subscription","params":{"subscription":"0xbed0a0851463e895960a451075a301a9","result":"0xba2014daa70a0f3c04782740a0a28a799aebb0dbe5adab9e0c1a3f56feb26f26"}}
[2m2025-12-10T10:13:28.148698Z[0m [34mDEBUG[0m [2methereum_transaction_pool_monitor::eth_client[0m[2m:[0m 📨 Received pending transaction: 0xba2014daa70a0f3c04782740a0a28a799aebb0dbe5adab9e0c1a3f56feb26f26
[2m2025-12-10T10:13:28.154298Z[0m [34mDEBUG[0m [2mhyper::proto::h1::io[0m[2m:[0m parsed 4 headers
[2m2025-12-10T10:13:28.154305Z[0m [34mDEBUG[0m [2mhyper::proto::h1::conn[0m[2m:[0m incoming body is content-length (771 bytes)
[2m2025-12-10T10:13:28.154313Z[0m [34mDEBUG[0m [2mhyper::proto::h1::conn[0m[2m:[0m incoming body completed
[2m2025-12-10T10:13:28.154321Z[0m [34mDEBUG[0m [2mhyper::client::pool[0m[2m:[0m pooling idle connection for ("http", 192.168.0.14:8545)
[2m2025-12-10T10:13:28.154328Z[0m [34mDEBUG[0m [2methereum_transaction_pool_monitor::eth_client[0m[2m:[0m 📡 Transaction fetch RPC completed in 6.613875ms
[2m2025-12-10T10:13:28.224415Z[0m [34mDEBUG[0m [2methereum_transaction_pool_monitor::eth_client[0m[2m:[0m ✅ Transaction 0x8983527e6e052c2a045add8aca77ca79d06d8043a3832d7413ebcad310718859 fetched and parsed in 76.697625ms
[2m2025-12-10T10:13:28.224438Z[0m [34mDEBUG[0m [2methereum_transaction_pool_monitor::mempool_monitor[0m[2m:[0m 🔍 Skipping tx 0x8983527e6e052c2a045add8aca77ca79d06d8043a3832d7413ebcad310718859 - not a DEX interaction (target: 0x3845badAde8e6dFF049820680d1F14bD3903a5d0)
[2m2025-12-10T10:13:28.224449Z[0m [34mDEBUG[0m [2methereum_transaction_pool_monitor::mempool_monitor[0m[2m:[0m 📨 Processing new pending transaction: 0x2f26f15cb6b27aaa9104b3538c8e2dd157c4dcfa65deefdda450a07816f41e13
[2m2025-12-10T10:13:28.224457Z[0m [34mDEBUG[0m [2methereum_transaction_pool_monitor::mempool_monitor[0m[2m:[0m 🔍 Fetching transaction details for: 0x2f26f15cb6b27aaa9104b3538c8e2dd157c4dcfa65deefdda450a07816f41e13
[2m2025-12-10T10:13:28.224463Z[0m [34mDEBUG[0m [2methereum_transaction_pool_monitor::eth_client[0m[2m:[0m 🔍 Fetching transaction details for hash: 0x2f26f15cb6b27aaa9104b3538c8e2dd157c4dcfa65deefdda450a07816f41e13
[2m2025-12-10T10:13:28.224482Z[0m [34mDEBUG[0m [2mhyper::client::pool[0m[2m:[0m reuse idle connection for ("http", 192.168.0.14:8545)
[2m2025-12-10T10:13:28.224524Z[0m [34mDEBUG[0m [2mhyper::proto::h1::io[0m[2m:[0m flushed 250 bytes
[2m2025-12-10T10:13:28.224548Z[0m [34mDEBUG[0m [2methereum_transaction_pool_monitor::eth_client[0m[2m:[0m 📨 Received WebSocket message: {"jsonrpc":"2.0","method":"eth_subscription","params":{"subscription":"0xbed0a0851463e895960a451075a301a9","result":"0xaa873fa289950ca04a795e0fff6420455871a9336b169cc4ab9f593aea2a5944"}}
[2m2025-12-10T10:13:28.224553Z[0m [34mDEBUG[0m [2mhyper::proto::h1::io[0m[2m:[0m parsed 4 headers
[2m2025-12-10T10:13:28.224564Z[0m [34mDEBUG[0m [2mhyper::proto::h1::conn[0m[2m:[0m incoming body is content-length (45 bytes)
[2m2025-12-10T10:13:28.224572Z[0m [34mDEBUG[0m [2mhyper::proto::h1::conn[0m[2m:[0m incoming body completed
[2m2025-12-10T10:13:28.224556Z[0m [34mDEBUG[0m [2methereum_transaction_pool_monitor::eth_client[0m[2m:[0m 📨 Received pending transaction: 0xaa873fa289950ca04a795e0fff6420455871a9336b169cc4ab9f593aea2a5944
[2m2025-12-10T10:13:28.224583Z[0m [34mDEBUG[0m [2mhyper::client::pool[0m[2m:[0m pooling idle connection for ("http", 192.168.0.14:8545)
[2m2025-12-10T10:13:28.224600Z[0m [34mDEBUG[0m [2mhyper::client::pool[0m[2m:[0m reuse idle connection for ("http", 192.168.0.14:8545)
[2m2025-12-10T10:13:28.224616Z[0m [34mDEBUG[0m [2mhyper::proto::h1::io[0m[2m:[0m flushed 172 bytes
[2m2025-12-10T10:13:28.228964Z[0m [34mDEBUG[0m [2mhyper::proto::h1::io[0m[2m:[0m parsed 4 headers
[2m2025-12-10T10:13:28.228970Z[0m [34mDEBUG[0m [2mhyper::proto::h1::conn[0m[2m:[0m incoming body is content-length (900 bytes)
[2m2025-12-10T10:13:28.228976Z[0m [34mDEBUG[0m [2mhyper::proto::h1::conn[0m[2m:[0m incoming body completed
[2m2025-12-10T10:13:28.228982Z[0m [34mDEBUG[0m [2mhyper::client::pool[0m[2m:[0m pooling idle connection for ("http", 192.168.0.14:8545)
[2m2025-12-10T10:13:28.228986Z[0m [34mDEBUG[0m [2methereum_transaction_pool_monitor::eth_client[0m[2m:[0m 📡 Transaction fetch RPC completed in 4.518834ms
[2m2025-12-10T10:13:28.299448Z[0m [34mDEBUG[0m [2methereum_transaction_pool_monitor::eth_client[0m[2m:[0m ✅ Transaction 0x2f26f15cb6b27aaa9104b3538c8e2dd157c4dcfa65deefdda450a07816f41e13 fetched and parsed in 74.978167ms
[2m2025-12-10T10:13:28.299469Z[0m [34mDEBUG[0m [2methereum_transaction_pool_monitor::mempool_monitor[0m[2m:[0m 🔍 Skipping tx 0x2f26f15cb6b27aaa9104b3538c8e2dd157c4dcfa65deefdda450a07816f41e13 - not a DEX interaction (target: 0x0c00B43cC17bB5659909F247f9B3CF61FD745392)
[2m2025-12-10T10:13:28.299479Z[0m [34mDEBUG[0m [2methereum_transaction_pool_monitor::mempool_monitor[0m[2m:[0m 📨 Processing new pending transaction: 0xba2014daa70a0f3c04782740a0a28a799aebb0dbe5adab9e0c1a3f56feb26f26
[2m2025-12-10T10:13:28.299486Z[0m [34mDEBUG[0m [2methereum_transaction_pool_monitor::mempool_monitor[0m[2m:[0m 🔍 Fetching transaction details for: 0xba2014daa70a0f3c04782740a0a28a799aebb0dbe5adab9e0c1a3f56feb26f26
[2m2025-12-10T10:13:28.299491Z[0m [34mDEBUG[0m [2methereum_transaction_pool_monitor::eth_client[0m[2m:[0m 🔍 Fetching transaction details for hash: 0xba2014daa70a0f3c04782740a0a28a799aebb0dbe5adab9e0c1a3f56feb26f26
[2m2025-12-10T10:13:28.299508Z[0m [34mDEBUG[0m [2mhyper::client::pool[0m[2m:[0m reuse idle connection for ("http", 192.168.0.14:8545)
[2m2025-12-10T10:13:28.299533Z[0m [34mDEBUG[0m [2mhyper::proto::h1::io[0m[2m:[0m flushed 250 bytes
[2m2025-12-10T10:13:28.299549Z[0m [34mDEBUG[0m [2mhyper::proto::h1::io[0m[2m:[0m parsed 4 headers
[2m2025-12-10T10:13:28.299554Z[0m [34mDEBUG[0m [2mhyper::proto::h1::conn[0m[2m:[0m incoming body is content-length (45 bytes)
[2m2025-12-10T10:13:28.299562Z[0m [34mDEBUG[0m [2mhyper::proto::h1::conn[0m[2m:[0m incoming body completed
[2m2025-12-10T10:13:28.299569Z[0m [34mDEBUG[0m [2mhyper::client::pool[0m[2m:[0m pooling idle connection for ("http", 192.168.0.14:8545)
[2m2025-12-10T10:13:28.299582Z[0m [34mDEBUG[0m [2mhyper::client::pool[0m[2m:[0m reuse idle connection for ("http", 192.168.0.14:8545)
[2m2025-12-10T10:13:28.299595Z[0m [34mDEBUG[0m [2mhyper::proto::h1::io[0m[2m:[0m flushed 172 bytes
[2m2025-12-10T10:13:28.306028Z[0m [34mDEBUG[0m [2mhyper::proto::h1::io[0m[2m:[0m parsed 4 headers
[2m2025-12-10T10:13:28.306035Z[0m [34mDEBUG[0m [2mhyper::proto::h1::conn[0m[2m:[0m incoming body is content-length (1731 bytes)
[2m2025-12-10T10:13:28.306040Z[0m [34mDEBUG[0m [2mhyper::proto::h1::conn[0m[2m:[0m incoming body completed
[2m2025-12-10T10:13:28.306047Z[0m [34mDEBUG[0m [2mhyper::client::pool[0m[2m:[0m pooling idle connection for ("http", 192.168.0.14:8545)
[2m2025-12-10T10:13:28.306052Z[0m [34mDEBUG[0m [2methereum_transaction_pool_monitor::eth_client[0m[2m:[0m 📡 Transaction fetch RPC completed in 6.556542ms
[2m2025-12-10T10:13:28.377378Z[0m [34mDEBUG[0m [2methereum_transaction_pool_monitor::eth_client[0m[2m:[0m ✅ Transaction 0xba2014daa70a0f3c04782740a0a28a799aebb0dbe5adab9e0c1a3f56feb26f26 fetched and parsed in 77.880167ms
[2m2025-12-10T10:13:28.377403Z[0m [34mDEBUG[0m [2methereum_transaction_pool_monitor::mempool_monitor[0m[2m:[0m 🔍 Skipping tx 0xba2014daa70a0f3c04782740a0a28a799aebb0dbe5adab9e0c1a3f56feb26f26 - not a DEX interaction (target: 0x601a2aD6CB5949f0529735254189Ba3194221EDF)
[2m2025-12-10T10:13:28.377414Z[0m [34mDEBUG[0m [2methereum_transaction_pool_monitor::mempool_monitor[0m[2m:[0m 📨 Processing new pending transaction: 0xaa873fa289950ca04a795e0fff6420455871a9336b169cc4ab9f593aea2a5944
[2m2025-12-10T10:13:28.377421Z[0m [34mDEBUG[0m [2methereum_transaction_pool_monitor::mempool_monitor[0m[2m:[0m 🔍 Fetching transaction details for: 0xaa873fa289950ca04a795e0fff6420455871a9336b169cc4ab9f593aea2a5944
[2m2025-12-10T10:13:28.377428Z[0m [34mDEBUG[0m [2methereum_transaction_pool_monitor::eth_client[0m[2m:[0m 🔍 Fetching transaction details for hash: 0xaa873fa289950ca04a795e0fff6420455871a9336b169cc4ab9f593aea2a5944
[2m2025-12-10T10:13:28.377444Z[0m [34mDEBUG[0m [2mhyper::client::pool[0m[2m:[0m reuse idle connection for ("http", 192.168.0.14:8545)
[2m2025-12-10T10:13:28.377486Z[0m [34mDEBUG[0m [2mhyper::proto::h1::io[0m[2m:[0m flushed 250 bytes
[2m2025-12-10T10:13:28.377509Z[0m [34mDEBUG[0m [2methereum_transaction_pool_monitor::eth_client[0m[2m:[0m 📨 Received WebSocket message: {"jsonrpc":"2.0","method":"eth_subscription","params":{"subscription":"0xbed0a0851463e895960a451075a301a9","result":"0x73cbd232479fe989f83f41400cdedfa101decc38c0499f52f8af6c538202b431"}}
[2m2025-12-10T10:13:28.377514Z[0m [34mDEBUG[0m [2mhyper::proto::h1::io[0m[2m:[0m parsed 4 headers
[2m2025-12-10T10:13:28.377518Z[0m [34mDEBUG[0m [2methereum_transaction_pool_monitor::eth_client[0m[2m:[0m 📨 Received pending transaction: 0x73cbd232479fe989f83f41400cdedfa101decc38c0499f52f8af6c538202b431
[2m2025-12-10T10:13:28.377525Z[0m [34mDEBUG[0m [2mhyper::proto::h1::conn[0m[2m:[0m incoming body is content-length (45 bytes)
[2m2025-12-10T10:13:28.377531Z[0m [34mDEBUG[0m [2methereum_transaction_pool_monitor::eth_client[0m[2m:[0m 📨 Received WebSocket message: {"jsonrpc":"2.0","method":"eth_subscription","params":{"subscription":"0xbed0a0851463e895960a451075a301a9","result":"0x2e4c818644db577f6f2f2b0ed06922118fbbd7372575eb3da6ca8489f99c3b2f"}}
[2m2025-12-10T10:13:28.377535Z[0m [34mDEBUG[0m [2mhyper::proto::h1::conn[0m[2m:[0m incoming body completed
[2m2025-12-10T10:13:28.377538Z[0m [34mDEBUG[0m [2methereum_transaction_pool_monitor::eth_client[0m[2m:[0m 📨 Received pending transaction: 0x2e4c818644db577f6f2f2b0ed06922118fbbd7372575eb3da6ca8489f99c3b2f
[2m2025-12-10T10:13:28.377547Z[0m [34mDEBUG[0m [2mhyper::client::pool[0m[2m:[0m pooling idle connection for ("http", 192.168.0.14:8545)
[2m2025-12-10T10:13:28.377548Z[0m [34mDEBUG[0m [2methereum_transaction_pool_monitor::eth_client[0m[2m:[0m 📨 Received WebSocket message: {"jsonrpc":"2.0","method":"eth_subscription","params":{"subscription":"0xbed0a0851463e895960a451075a301a9","result":"0x7e25f398980c4a9c4c1bf215af06d17250a7f92ff3265a0ae6368c14b4d04db0"}}
[2m2025-12-10T10:13:28.377566Z[0m [34mDEBUG[0m [2methereum_transaction_pool_monitor::eth_client[0m[2m:[0m 📨 Received pending transaction: 0x7e25f398980c4a9c4c1bf215af06d17250a7f92ff3265a0ae6368c14b4d04db0
[2m2025-12-10T10:13:28.387060Z[0m [34mDEBUG[0m [2mhyper::proto::h1::io[0m[2m:[0m parsed 4 headers
[2m2025-12-10T10:13:28.387066Z[0m [34mDEBUG[0m [2mhyper::proto::h1::conn[0m[2m:[0m incoming body is content-length (1731 bytes)
[2m2025-12-10T10:13:28.387073Z[0m [34mDEBUG[0m [2mhyper::proto::h1::conn[0m[2m:[0m incoming body completed
[2m2025-12-10T10:13:28.387082Z[0m [34mDEBUG[0m [2mhyper::client::pool[0m[2m:[0m pooling idle connection for ("http", 192.168.0.14:8545)
[2m2025-12-10T10:13:28.387087Z[0m [34mDEBUG[0m [2methereum_transaction_pool_monitor::eth_client[0m[2m:[0m 📡 Transaction fetch RPC completed in 9.654458ms
[2m2025-12-10T10:13:28.457803Z[0m [34mDEBUG[0m [2methereum_transaction_pool_monitor::eth_client[0m[2m:[0m ✅ Transaction 0xaa873fa289950ca04a795e0fff6420455871a9336b169cc4ab9f593aea2a5944 fetched and parsed in 80.367666ms
[2m2025-12-10T10:13:28.457824Z[0m [34mDEBUG[0m [2methereum_transaction_pool_monitor::mempool_monitor[0m[2m:[0m 🔍 Skipping tx 0xaa873fa289950ca04a795e0fff6420455871a9336b169cc4ab9f593aea2a5944 - not a DEX interaction (target: 0x601a2aD6CB5949f0529735254189Ba3194221EDF)
[2m2025-12-10T10:13:28.457838Z[0m [34mDEBUG[0m [2methereum_transaction_pool_monitor::mempool_monitor[0m[2m:[0m 📨 Processing new pending transaction: 0x73cbd232479fe989f83f41400cdedfa101decc38c0499f52f8af6c538202b431
[2m2025-12-10T10:13:28.457844Z[0m [34mDEBUG[0m [2methereum_transaction_pool_monitor::mempool_monitor[0m[2m:[0m 🔍 Fetching transaction details for: 0x73cbd232479fe989f83f41400cdedfa101decc38c0499f52f8af6c538202b431
[2m2025-12-10T10:13:28.457849Z[0m [34mDEBUG[0m [2methereum_transaction_pool_monitor::eth_client[0m[2m:[0m 🔍 Fetching transaction details for hash: 0x73cbd232479fe989f83f41400cdedfa101decc38c0499f52f8af6c538202b431
[2m2025-12-10T10:13:28.457871Z[0m [34mDEBUG[0m [2mhyper::client::pool[0m[2m:[0m reuse idle connection for ("http", 192.168.0.14:8545)
[2m2025-12-10T10:13:28.457899Z[0m [34mDEBUG[0m [2mhyper::proto::h1::io[0m[2m:[0m flushed 250 bytes
[2m2025-12-10T10:13:28.457919Z[0m [34mDEBUG[0m [2mhyper::client::pool[0m[2m:[0m reuse idle connection for ("http", 192.168.0.14:8545)
[2m2025-12-10T10:13:28.457928Z[0m [34mDEBUG[0m [2methereum_transaction_pool_monitor::eth_client[0m[2m:[0m 📨 Received WebSocket message: {"jsonrpc":"2.0","method":"eth_subscription","params":{"subscription":"0xbed0a0851463e895960a451075a301a9","result":"0xa06cea1b4da96bdff532a2517cf0554a5ba7ff0cbfaed20d27a610aedded8370"}}
[2m2025-12-10T10:13:28.457935Z[0m [34mDEBUG[0m [2mhyper::proto::h1::io[0m[2m:[0m flushed 172 bytes
[2m2025-12-10T10:13:28.457939Z[0m [34mDEBUG[0m [2methereum_transaction_pool_monitor::eth_client[0m[2m:[0m 📨 Received pending transaction: 0xa06cea1b4da96bdff532a2517cf0554a5ba7ff0cbfaed20d27a610aedded8370
[2m2025-12-10T10:13:28.457948Z[0m [34mDEBUG[0m [2methereum_transaction_pool_monitor::eth_client[0m[2m:[0m 📨 Received WebSocket message: {"jsonrpc":"2.0","method":"eth_subscription","params":{"subscription":"0xbed0a0851463e895960a451075a301a9","result":"0x42bb376c6d7419eabb042c4e2ee06becc223168038ba165c4860d7ef80e39201"}}
[2m2025-12-10T10:13:28.457953Z[0m [34mDEBUG[0m [2methereum_transaction_pool_monitor::eth_client[0m[2m:[0m 📨 Received pending transaction: 0x42bb376c6d7419eabb042c4e2ee06becc223168038ba165c4860d7ef80e39201
[2m2025-12-10T10:13:28.461921Z[0m [34mDEBUG[0m [2mhyper::proto::h1::io[0m[2m:[0m parsed 4 headers
[2m2025-12-10T10:13:28.461927Z[0m [34mDEBUG[0m [2mhyper::proto::h1::conn[0m[2m:[0m incoming body is content-length (45 bytes)
[2m2025-12-10T10:13:28.461934Z[0m [34mDEBUG[0m [2mhyper::proto::h1::conn[0m[2m:[0m incoming body completed
[2m2025-12-10T10:13:28.461941Z[0m [34mDEBUG[0m [2mhyper::client::pool[0m[2m:[0m pooling idle connection for ("http", 192.168.0.14:8545)
[2m2025-12-10T10:13:28.467004Z[0m [34mDEBUG[0m [2methereum_transaction_pool_monitor::eth_client[0m[2m:[0m 📨 Received WebSocket message: {"jsonrpc":"2.0","method":"eth_subscription","params":{"subscription":"0xbed0a0851463e895960a451075a301a9","result":"0x799f6430857dde901c5c6e8f3cfa7efea14ea4338b70bf8d9150dbaddca5ff98"}}
[2m2025-12-10T10:13:28.467034Z[0m [34mDEBUG[0m [2mhyper::proto::h1::io[0m[2m:[0m parsed 4 headers
[2m2025-12-10T10:13:28.468505Z[0m [34mDEBUG[0m [2methereum_transaction_pool_monitor::eth_client[0m[2m:[0m 📨 Received pending transaction: 0x799f6430857dde901c5c6e8f3cfa7efea14ea4338b70bf8d9150dbaddca5ff98
[2m2025-12-10T10:13:28.468515Z[0m [34mDEBUG[0m [2mhyper::proto::h1::conn[0m[2m:[0m incoming body is content-length (3025 bytes)
[2m2025-12-10T10:13:28.468689Z[0m [34mDEBUG[0m [2mhyper::proto::h1::conn[0m[2m:[0m incoming body completed
[2m2025-12-10T10:13:28.468701Z[0m [34mDEBUG[0m [2mhyper::client::pool[0m[2m:[0m pooling idle connection for ("http", 192.168.0.14:8545)
[2m2025-12-10T10:13:28.468708Z[0m [34mDEBUG[0m [2methereum_transaction_pool_monitor::eth_client[0m[2m:[0m 📡 Transaction fetch RPC completed in 10.85525ms
[2m2025-12-10T10:13:28.499066Z[0m [34mDEBUG[0m [2mhyper::client::pool[0m[2m:[0m reuse idle connection for ("http", 192.168.0.14:8545)
[2m2025-12-10T10:13:28.499133Z[0m [34mDEBUG[0m [2mhyper::proto::h1::io[0m[2m:[0m flushed 172 bytes
[2m2025-12-10T10:13:28.502855Z[0m [34mDEBUG[0m [2mhyper::proto::h1::io[0m[2m:[0m parsed 4 headers
[2m2025-12-10T10:13:28.502863Z[0m [34mDEBUG[0m [2mhyper::proto::h1::conn[0m[2m:[0m incoming body is content-length (45 bytes)
[2m2025-12-10T10:13:28.502870Z[0m [34mDEBUG[0m [2mhyper::proto::h1::conn[0m[2m:[0m incoming body completed
[2m2025-12-10T10:13:28.502878Z[0m [34mDEBUG[0m [2mhyper::client::pool[0m[2m:[0m pooling idle connection for ("http", 192.168.0.14:8545)
[2m2025-12-10T10:13:28.539737Z[0m [34mDEBUG[0m [2methereum_transaction_pool_monitor::eth_client[0m[2m:[0m ✅ Transaction 0x73cbd232479fe989f83f41400cdedfa101decc38c0499f52f8af6c538202b431 fetched and parsed in 81.881042ms
[2m2025-12-10T10:13:28.539764Z[0m [34mDEBUG[0m [2methereum_transaction_pool_monitor::mempool_monitor[0m[2m:[0m 🔍 Skipping tx 0x73cbd232479fe989f83f41400cdedfa101decc38c0499f52f8af6c538202b431 - not a DEX interaction (target: 0xF338cad020D506e8e3d9B4854986E0EcE6C23640)
[2m2025-12-10T10:13:28.539774Z[0m [34mDEBUG[0m [2methereum_transaction_pool_monitor::mempool_monitor[0m[2m:[0m 📨 Processing new pending transaction: 0x2e4c818644db577f6f2f2b0ed06922118fbbd7372575eb3da6ca8489f99c3b2f
[2m2025-12-10T10:13:28.539779Z[0m [34mDEBUG[0m [2methereum_transaction_pool_monitor::mempool_monitor[0m[2m:[0m 🔍 Fetching transaction details for: 0x2e4c818644db577f6f2f2b0ed06922118fbbd7372575eb3da6ca8489f99c3b2f
[2m2025-12-10T10:13:28.539783Z[0m [34mDEBUG[0m [2methereum_transaction_pool_monitor::eth_client[0m[2m:[0m 🔍 Fetching transaction details for hash: 0x2e4c818644db577f6f2f2b0ed06922118fbbd7372575eb3da6ca8489f99c3b2f
[2m2025-12-10T10:13:28.539802Z[0m [34mDEBUG[0m [2mhyper::client::pool[0m[2m:[0m reuse idle connection for ("http", 192.168.0.14:8545)
[2m2025-12-10T10:13:28.539855Z[0m [34mDEBUG[0m [2mhyper::proto::h1::io[0m[2m:[0m flushed 250 bytes
[2m2025-12-10T10:13:28.549211Z[0m [34mDEBUG[0m [2mhyper::proto::h1::io[0m[2m:[0m parsed 4 headers
[2m2025-12-10T10:13:28.549221Z[0m [34mDEBUG[0m [2mhyper::proto::h1::conn[0m[2m:[0m incoming body is content-length (647 bytes)
[2m2025-12-10T10:13:28.549229Z[0m [34mDEBUG[0m [2mhyper::proto::h1::conn[0m[2m:[0m incoming body completed
[2m2025-12-10T10:13:28.549239Z[0m [34mDEBUG[0m [2mhyper::client::pool[0m[2m:[0m pooling idle connection for ("http", 192.168.0.14:8545)
[2m2025-12-10T10:13:28.549246Z[0m [34mDEBUG[0m [2methereum_transaction_pool_monitor::eth_client[0m[2m:[0m 📡 Transaction fetch RPC completed in 9.4585ms
[2m2025-12-10T10:13:28.619999Z[0m [34mDEBUG[0m [2methereum_transaction_pool_monitor::eth_client[0m[2m:[0m ✅ Transaction 0x2e4c818644db577f6f2f2b0ed06922118fbbd7372575eb3da6ca8489f99c3b2f fetched and parsed in 80.208458ms
[2m2025-12-10T10:13:28.620025Z[0m [34mDEBUG[0m [2methereum_transaction_pool_monitor::mempool_monitor[0m[2m:[0m 🔍 Skipping tx 0x2e4c818644db577f6f2f2b0ed06922118fbbd7372575eb3da6ca8489f99c3b2f - not a DEX interaction (target: 0x2D10C7fbe2915d4Ec4573F6289e0fe9e00942D36)
[2m2025-12-10T10:13:28.620035Z[0m [34mDEBUG[0m [2methereum_transaction_pool_monitor::mempool_monitor[0m[2m:[0m 📨 Processing new pending transaction: 0x7e25f398980c4a9c4c1bf215af06d17250a7f92ff3265a0ae6368c14b4d04db0
[2m2025-12-10T10:13:28.620044Z[0m [34mDEBUG[0m [2methereum_transaction_pool_monitor::mempool_monitor[0m[2m:[0m 🔍 Fetching transaction details for: 0x7e25f398980c4a9c4c1bf215af06d17250a7f92ff3265a0ae6368c14b4d04db0
[2m2025-12-10T10:13:28.620051Z[0m [34mDEBUG[0m [2methereum_transaction_pool_monitor::eth_client[0m[2m:[0m 🔍 Fetching transaction details for hash: 0x7e25f398980c4a9c4c1bf215af06d17250a7f92ff3265a0ae6368c14b4d04db0
[2m2025-12-10T10:13:28.620069Z[0m [34mDEBUG[0m [2mhyper::client::pool[0m[2m:[0m reuse idle connection for ("http", 192.168.0.14:8545)
[2m2025-12-10T10:13:28.620119Z[0m [34mDEBUG[0m [2mhyper::proto::h1::io[0m[2m:[0m flushed 250 bytes
[2m2025-12-10T10:13:28.620155Z[0m [34mDEBUG[0m [2mhyper::client::pool[0m[2m:[0m reuse idle connection for ("http", 192.168.0.14:8545)
[2m2025-12-10T10:13:28.620175Z[0m [34mDEBUG[0m [2mhyper::proto::h1::io[0m[2m:[0m flushed 172 bytes
[2m2025-12-10T10:13:28.624374Z[0m [34mDEBUG[0m [2mhyper::proto::h1::io[0m[2m:[0m parsed 4 headers
[2m2025-12-10T10:13:28.624383Z[0m [34mDEBUG[0m [2mhyper::proto::h1::conn[0m[2m:[0m incoming body is content-length (638 bytes)
[2m2025-12-10T10:13:28.624390Z[0m [34mDEBUG[0m [2mhyper::proto::h1::conn[0m[2m:[0m incoming body completed
[2m2025-12-10T10:13:28.624399Z[0m [34mDEBUG[0m [2mhyper::client::pool[0m[2m:[0m pooling idle connection for ("http", 192.168.0.14:8545)
[2m2025-12-10T10:13:28.624406Z[0m [34mDEBUG[0m [2methereum_transaction_pool_monitor::eth_client[0m[2m:[0m 📡 Transaction fetch RPC completed in 4.350584ms
[2m2025-12-10T10:13:28.695962Z[0m [34mDEBUG[0m [2methereum_transaction_pool_monitor::eth_client[0m[2m:[0m ✅ Transaction 0x7e25f398980c4a9c4c1bf215af06d17250a7f92ff3265a0ae6368c14b4d04db0 fetched and parsed in 75.90525ms
[2m2025-12-10T10:13:28.695993Z[0m [34mDEBUG[0m [2methereum_transaction_pool_monitor::mempool_monitor[0m[2m:[0m 🔍 Skipping tx 0x7e25f398980c4a9c4c1bf215af06d17250a7f92ff3265a0ae6368c14b4d04db0 - not a DEX interaction (target: 0x78D21Aada674651324FE2660cC0E661CC4C89E3b)
[2m2025-12-10T10:13:28.696008Z[0m [34mDEBUG[0m [2methereum_transaction_pool_monitor::mempool_monitor[0m[2m:[0m 📨 Processing new pending transaction: 0xa06cea1b4da96bdff532a2517cf0554a5ba7ff0cbfaed20d27a610aedded8370
[2m2025-12-10T10:13:28.696015Z[0m [34mDEBUG[0m [2methereum_transaction_pool_monitor::mempool_monitor[0m[2m:[0m 🔍 Fetching transaction details for: 0xa06cea1b4da96bdff532a2517cf0554a5ba7ff0cbfaed20d27a610aedded8370
[2m2025-12-10T10:13:28.696023Z[0m [34mDEBUG[0m [2methereum_transaction_pool_monitor::eth_client[0m[2m:[0m 🔍 Fetching transaction details for hash: 0xa06cea1b4da96bdff532a2517cf0554a5ba7ff0cbfaed20d27a610aedded8370
[2m2025-12-10T10:13:28.696043Z[0m [34mDEBUG[0m [2mhyper::client::pool[0m[2m:[0m reuse idle connection for ("http", 192.168.0.14:8545)
[2m2025-12-10T10:13:28.696076Z[0m [34mDEBUG[0m [2mhyper::proto::h1::io[0m[2m:[0m flushed 250 bytes
[2m2025-12-10T10:13:28.696093Z[0m [34mDEBUG[0m [2mhyper::proto::h1::io[0m[2m:[0m parsed 4 headers
[2m2025-12-10T10:13:28.696099Z[0m [34mDEBUG[0m [2mhyper::proto::h1::conn[0m[2m:[0m incoming body is content-length (45 bytes)
[2m2025-12-10T10:13:28.696108Z[0m [34mDEBUG[0m [2mhyper::proto::h1::conn[0m[2m:[0m incoming body completed
[2m2025-12-10T10:13:28.696118Z[0m [34mDEBUG[0m [2mhyper::client::pool[0m[2m:[0m pooling idle connection for ("http", 192.168.0.14:8545)
[2m2025-12-10T10:13:28.698401Z[0m [34mDEBUG[0m [2mhyper::client::pool[0m[2m:[0m reuse idle connection for ("http", 192.168.0.14:8545)
[2m2025-12-10T10:13:28.698424Z[0m [34mDEBUG[0m [2mhyper::proto::h1::io[0m[2m:[0m flushed 172 bytes
[2m2025-12-10T10:13:28.703662Z[0m [34mDEBUG[0m [2mhyper::proto::h1::io[0m[2m:[0m parsed 4 headers
[2m2025-12-10T10:13:28.703682Z[0m [34mDEBUG[0m [2mhyper::proto::h1::conn[0m[2m:[0m incoming body is content-length (1664 bytes)
[2m2025-12-10T10:13:28.703724Z[0m [34mDEBUG[0m [2mhyper::proto::h1::conn[0m[2m:[0m incoming body completed
[2m2025-12-10T10:13:28.703733Z[0m [34mDEBUG[0m [2mhyper::client::pool[0m[2m:[0m pooling idle connection for ("http", 192.168.0.14:8545)
[2m2025-12-10T10:13:28.703739Z[0m [34mDEBUG[0m [2methereum_transaction_pool_monitor::eth_client[0m[2m:[0m 📡 Transaction fetch RPC completed in 7.710208ms
[2m2025-12-10T10:13:28.775202Z[0m [34mDEBUG[0m [2methereum_transaction_pool_monitor::eth_client[0m[2m:[0m ✅ Transaction 0xa06cea1b4da96bdff532a2517cf0554a5ba7ff0cbfaed20d27a610aedded8370 fetched and parsed in 79.170833ms
[2m2025-12-10T10:13:28.775233Z[0m [34mDEBUG[0m [2methereum_transaction_pool_monitor::mempool_monitor[0m[2m:[0m 🔍 Skipping tx 0xa06cea1b4da96bdff532a2517cf0554a5ba7ff0cbfaed20d27a610aedded8370 - not a DEX interaction (target: 0x5c7BCd6E7De5423a257D81B442095A1a6ced35C5)
[2m2025-12-10T10:13:28.775245Z[0m [34mDEBUG[0m [2methereum_transaction_pool_monitor::mempool_monitor[0m[2m:[0m 📨 Processing new pending transaction: 0x42bb376c6d7419eabb042c4e2ee06becc223168038ba165c4860d7ef80e39201
[2m2025-12-10T10:13:28.775254Z[0m [34mDEBUG[0m [2methereum_transaction_pool_monitor::mempool_monitor[0m[2m:[0m 🔍 Fetching transaction details for: 0x42bb376c6d7419eabb042c4e2ee06becc223168038ba165c4860d7ef80e39201
[2m2025-12-10T10:13:28.775259Z[0m [34mDEBUG[0m [2methereum_transaction_pool_monitor::eth_client[0m[2m:[0m 🔍 Fetching transaction details for hash: 0x42bb376c6d7419eabb042c4e2ee06becc223168038ba165c4860d7ef80e39201
[2m2025-12-10T10:13:28.775279Z[0m [34mDEBUG[0m [2mhyper::client::pool[0m[2m:[0m reuse idle connection for ("http", 192.168.0.14:8545)
[2m2025-12-10T10:13:28.775324Z[0m [34mDEBUG[0m [2mhyper::proto::h1::io[0m[2m:[0m flushed 250 bytes
[2m2025-12-10T10:13:28.775352Z[0m [34mDEBUG[0m [2methereum_transaction_pool_monitor::eth_client[0m[2m:[0m 📨 Received WebSocket message: {"jsonrpc":"2.0","method":"eth_subscription","params":{"subscription":"0xbed0a0851463e895960a451075a301a9","result":"0x8eb2a5382023cf2a613e7a7164d5880982cfc891c1c8274fa018c13f7ca1fd2a"}}
[2m2025-12-10T10:13:28.775365Z[0m [34mDEBUG[0m [2methereum_transaction_pool_monitor::eth_client[0m[2m:[0m 📨 Received pending transaction: 0x8eb2a5382023cf2a613e7a7164d5880982cfc891c1c8274fa018c13f7ca1fd2a
[2m2025-12-10T10:13:28.775372Z[0m [34mDEBUG[0m [2methereum_transaction_pool_monitor::eth_client[0m[2m:[0m 📨 Received WebSocket message: {"jsonrpc":"2.0","method":"eth_subscription","params":{"subscription":"0xbed0a0851463e895960a451075a301a9","result":"0xcce36c3a7449272c0f6fff1c305fed00d4d70e1ead5390660e5ea9c7f06fb7de"}}
[2m2025-12-10T10:13:28.775352Z[0m [34mDEBUG[0m [2mhyper::proto::h1::io[0m[2m:[0m parsed 4 headers
[2m2025-12-10T10:13:28.775378Z[0m [34mDEBUG[0m [2methereum_transaction_pool_monitor::eth_client[0m[2m:[0m 📨 Received pending transaction: 0xcce36c3a7449272c0f6fff1c305fed00d4d70e1ead5390660e5ea9c7f06fb7de
[2m2025-12-10T10:13:28.775385Z[0m [34mDEBUG[0m [2mhyper::proto::h1::conn[0m[2m:[0m incoming body is content-length (45 bytes)
[2m2025-12-10T10:13:28.775396Z[0m [34mDEBUG[0m [2mhyper::proto::h1::conn[0m[2m:[0m incoming body completed
[2m2025-12-10T10:13:28.775404Z[0m [34mDEBUG[0m [2mhyper::client::pool[0m[2m:[0m pooling idle connection for ("http", 192.168.0.14:8545)
[2m2025-12-10T10:13:28.779737Z[0m [34mDEBUG[0m [2mhyper::proto::h1::io[0m[2m:[0m parsed 4 headers
[2m2025-12-10T10:13:28.779747Z[0m [34mDEBUG[0m [2mhyper::proto::h1::conn[0m[2m:[0m incoming body is content-length (1294 bytes)
[2m2025-12-10T10:13:28.779755Z[0m [34mDEBUG[0m [2mhyper::proto::h1::conn[0m[2m:[0m incoming body completed
[2m2025-12-10T10:13:28.779764Z[0m [34mDEBUG[0m [2mhyper::client::pool[0m[2m:[0m pooling idle connection for ("http", 192.168.0.14:8545)
[2m2025-12-10T10:13:28.779772Z[0m [34mDEBUG[0m [2methereum_transaction_pool_monitor::eth_client[0m[2m:[0m 📡 Transaction fetch RPC completed in 4.508208ms
[2m2025-12-10T10:13:28.850488Z[0m [34mDEBUG[0m [2methereum_transaction_pool_monitor::eth_client[0m[2m:[0m ✅ Transaction 0x42bb376c6d7419eabb042c4e2ee06becc223168038ba165c4860d7ef80e39201 fetched and parsed in 75.222ms
[2m2025-12-10T10:13:28.850514Z[0m [34mDEBUG[0m [2methereum_transaction_pool_monitor::mempool_monitor[0m[2m:[0m 🔍 Skipping tx 0x42bb376c6d7419eabb042c4e2ee06becc223168038ba165c4860d7ef80e39201 - not a DEX interaction (target: 0xA69babEF1cA67A37Ffaf7a485DfFF3382056e78C)
[2m2025-12-10T10:13:28.850527Z[0m [34mDEBUG[0m [2methereum_transaction_pool_monitor::mempool_monitor[0m[2m:[0m 📨 Processing new pending transaction: 0x799f6430857dde901c5c6e8f3cfa7efea14ea4338b70bf8d9150dbaddca5ff98
[2m2025-12-10T10:13:28.850534Z[0m [34mDEBUG[0m [2methereum_transaction_pool_monitor::mempool_monitor[0m[2m:[0m 🔍 Fetching transaction details for: 0x799f6430857dde901c5c6e8f3cfa7efea14ea4338b70bf8d9150dbaddca5ff98
[2m2025-12-10T10:13:28.850539Z[0m [34mDEBUG[0m [2methereum_transaction_pool_monitor::eth_client[0m[2m:[0m 🔍 Fetching transaction details for hash: 0x799f6430857dde901c5c6e8f3cfa7efea14ea4338b70bf8d9150dbaddca5ff98
[2m2025-12-10T10:13:28.850560Z[0m [34mDEBUG[0m [2mhyper::client::pool[0m[2m:[0m reuse idle connection for ("http", 192.168.0.14:8545)
[2m2025-12-10T10:13:28.850596Z[0m [34mDEBUG[0m [2mhyper::proto::h1::io[0m[2m:[0m flushed 250 bytes
[2m2025-12-10T10:13:28.850615Z[0m [34mDEBUG[0m [2mhyper::client::pool[0m[2m:[0m reuse idle connection for ("http", 192.168.0.14:8545)
[2m2025-12-10T10:13:28.850633Z[0m [34mDEBUG[0m [2mhyper::proto::h1::io[0m[2m:[0m flushed 172 bytes
[2m2025-12-10T10:13:28.850636Z[0m [34mDEBUG[0m [2methereum_transaction_pool_monitor::eth_client[0m[2m:[0m 📨 Received WebSocket message: {"jsonrpc":"2.0","method":"eth_subscription","params":{"subscription":"0xbed0a0851463e895960a451075a301a9","result":"0x1da0d4501fb47df736d5434e19da57d03f2e7dd5a1aa5e869b77dbcb65e5577f"}}
[2m2025-12-10T10:13:28.850648Z[0m [34mDEBUG[0m [2methereum_transaction_pool_monitor::eth_client[0m[2m:[0m 📨 Received pending transaction: 0x1da0d4501fb47df736d5434e19da57d03f2e7dd5a1aa5e869b77dbcb65e5577f
[2m2025-12-10T10:13:28.850654Z[0m [34mDEBUG[0m [2methereum_transaction_pool_monitor::eth_client[0m[2m:[0m 📨 Received WebSocket message: {"jsonrpc":"2.0","method":"eth_subscription","params":{"subscription":"0xbed0a0851463e895960a451075a301a9","result":"0xadb990a2a649faff93204833f457652ff07d89aeeafad31c43e215191b8fefa6"}}
[2m2025-12-10T10:13:28.850659Z[0m [34mDEBUG[0m [2methereum_transaction_pool_monitor::eth_client[0m[2m:[0m 📨 Received pending transaction: 0xadb990a2a649faff93204833f457652ff07d89aeeafad31c43e215191b8fefa6
[2m2025-12-10T10:13:28.856337Z[0m [34mDEBUG[0m [2mhyper::proto::h1::io[0m[2m:[0m parsed 4 headers
[2m2025-12-10T10:13:28.856366Z[0m [34mDEBUG[0m [2mhyper::proto::h1::conn[0m[2m:[0m incoming body is content-length (769 bytes)
[2m2025-12-10T10:13:28.856394Z[0m [34mDEBUG[0m [2mhyper::proto::h1::conn[0m[2m:[0m incoming body completed
[2m2025-12-10T10:13:28.856403Z[0m [34mDEBUG[0m [2mhyper::client::pool[0m[2m:[0m pooling idle connection for ("http", 192.168.0.14:8545)
[2m2025-12-10T10:13:28.856410Z[0m [34mDEBUG[0m [2methereum_transaction_pool_monitor::eth_client[0m[2m:[0m 📡 Transaction fetch RPC completed in 5.866417ms
[2m2025-12-10T10:13:28.928499Z[0m [34mDEBUG[0m [2methereum_transaction_pool_monitor::eth_client[0m[2m:[0m ✅ Transaction 0x799f6430857dde901c5c6e8f3cfa7efea14ea4338b70bf8d9150dbaddca5ff98 fetched and parsed in 77.953292ms
[2m2025-12-10T10:13:28.928522Z[0m [34mDEBUG[0m [2methereum_transaction_pool_monitor::mempool_monitor[0m[2m:[0m 🔍 Skipping tx 0x799f6430857dde901c5c6e8f3cfa7efea14ea4338b70bf8d9150dbaddca5ff98 - not a DEX interaction (target: 0x06B964d96f5dCF7Eae9d7C559B09EDCe244d4B8E)
[2m2025-12-10T10:13:28.928538Z[0m [34mDEBUG[0m [2methereum_transaction_pool_monitor::mempool_monitor[0m[2m:[0m 📨 Processing new pending transaction: 0x8eb2a5382023cf2a613e7a7164d5880982cfc891c1c8274fa018c13f7ca1fd2a
[2m2025-12-10T10:13:28.928546Z[0m [34mDEBUG[0m [2methereum_transaction_pool_monitor::mempool_monitor[0m[2m:[0m 🔍 Fetching transaction details for: 0x8eb2a5382023cf2a613e7a7164d5880982cfc891c1c8274fa018c13f7ca1fd2a
[2m2025-12-10T10:13:28.928768Z[0m [34mDEBUG[0m [2methereum_transaction_pool_monitor::eth_client[0m[2m:[0m 🔍 Fetching transaction details for hash: 0x8eb2a5382023cf2a613e7a7164d5880982cfc891c1c8274fa018c13f7ca1fd2a
[2m2025-12-10T10:13:28.928792Z[0m [34mDEBUG[0m [2mhyper::client::pool[0m[2m:[0m reuse idle connection for ("http", 192.168.0.14:8545)
[2m2025-12-10T10:13:28.928817Z[0m [34mDEBUG[0m [2mhyper::proto::h1::io[0m[2m:[0m flushed 250 bytes
[2m2025-12-10T10:13:28.928834Z[0m [34mDEBUG[0m [2mhyper::proto::h1::io[0m[2m:[0m parsed 4 headers
[2m2025-12-10T10:13:28.928839Z[0m [34mDEBUG[0m [2mhyper::proto::h1::conn[0m[2m:[0m incoming body is content-length (45 bytes)
[2m2025-12-10T10:13:28.928848Z[0m [34mDEBUG[0m [2mhyper::proto::h1::conn[0m[2m:[0m incoming body completed
[2m2025-12-10T10:13:28.928858Z[0m [34mDEBUG[0m [2mhyper::client::pool[0m[2m:[0m pooling idle connection for ("http", 192.168.0.14:8545)
[2m2025-12-10T10:13:28.928874Z[0m [34mDEBUG[0m [2mhyper::client::pool[0m[2m:[0m reuse idle connection for ("http", 192.168.0.14:8545)
[2m2025-12-10T10:13:28.928888Z[0m [34mDEBUG[0m [2mhyper::proto::h1::io[0m[2m:[0m flushed 172 bytes
[2m2025-12-10T10:13:28.932668Z[0m [34mDEBUG[0m [2mhyper::proto::h1::io[0m[2m:[0m parsed 4 headers
[2m2025-12-10T10:13:28.932680Z[0m [34mDEBUG[0m [2mhyper::proto::h1::conn[0m[2m:[0m incoming body is content-length (45 bytes)
[2m2025-12-10T10:13:28.932686Z[0m [34mDEBUG[0m [2mhyper::proto::h1::conn[0m[2m:[0m incoming body completed
[2m2025-12-10T10:13:28.932693Z[0m [34mDEBUG[0m [2mhyper::client::pool[0m[2m:[0m pooling idle connection for ("http", 192.168.0.14:8545)
[2m2025-12-10T10:13:28.933249Z[0m [34mDEBUG[0m [2mhyper::proto::h1::io[0m[2m:[0m parsed 4 headers
[2m2025-12-10T10:13:28.933254Z[0m [34mDEBUG[0m [2mhyper::proto::h1::conn[0m[2m:[0m incoming body is content-length (777 bytes)
[2m2025-12-10T10:13:28.933259Z[0m [34mDEBUG[0m [2mhyper::proto::h1::conn[0m[2m:[0m incoming body completed
[2m2025-12-10T10:13:28.933264Z[0m [34mDEBUG[0m [2mhyper::client::pool[0m[2m:[0m pooling idle connection for ("http", 192.168.0.14:8545)
[2m2025-12-10T10:13:28.933269Z[0m [34mDEBUG[0m [2methereum_transaction_pool_monitor::eth_client[0m[2m:[0m 📡 Transaction fetch RPC completed in 4.49225ms
[2m2025-12-10T10:13:29.004573Z[0m [34mDEBUG[0m [2methereum_transaction_pool_monitor::eth_client[0m[2m:[0m ✅ Transaction 0x8eb2a5382023cf2a613e7a7164d5880982cfc891c1c8274fa018c13f7ca1fd2a fetched and parsed in 75.793916ms
[2m2025-12-10T10:13:29.004600Z[0m [34mDEBUG[0m [2methereum_transaction_pool_monitor::mempool_monitor[0m[2m:[0m 🔍 Skipping tx 0x8eb2a5382023cf2a613e7a7164d5880982cfc891c1c8274fa018c13f7ca1fd2a - not a DEX interaction (target: 0xA0b86991c6218b36c1d19D4a2e9Eb0cE3606eB48)
[2m2025-12-10T10:13:29.004612Z[0m [34mDEBUG[0m [2methereum_transaction_pool_monitor::mempool_monitor[0m[2m:[0m 📨 Processing new pending transaction: 0xcce36c3a7449272c0f6fff1c305fed00d4d70e1ead5390660e5ea9c7f06fb7de
[2m2025-12-10T10:13:29.004619Z[0m [34mDEBUG[0m [2methereum_transaction_pool_monitor::mempool_monitor[0m[2m:[0m 🔍 Fetching transaction details for: 0xcce36c3a7449272c0f6fff1c305fed00d4d70e1ead5390660e5ea9c7f06fb7de
[2m2025-12-10T10:13:29.004625Z[0m [34mDEBUG[0m [2methereum_transaction_pool_monitor::eth_client[0m[2m:[0m 🔍 Fetching transaction details for hash: 0xcce36c3a7449272c0f6fff1c305fed00d4d70e1ead5390660e5ea9c7f06fb7de
[2m2025-12-10T10:13:29.004644Z[0m [34mDEBUG[0m [2mhyper::client::pool[0m[2m:[0m reuse idle connection for ("http", 192.168.0.14:8545)
[2m2025-12-10T10:13:29.004683Z[0m [34mDEBUG[0m [2mhyper::proto::h1::io[0m[2m:[0m flushed 250 bytes
[2m2025-12-10T10:13:29.004735Z[0m [34mDEBUG[0m [2mhyper::client::pool[0m[2m:[0m reuse idle connection for ("http", 192.168.0.14:8545)
[2m2025-12-10T10:13:29.004758Z[0m [34mDEBUG[0m [2mhyper::proto::h1::io[0m[2m:[0m flushed 172 bytes
[2m2025-12-10T10:13:29.009191Z[0m [34mDEBUG[0m [2mhyper::proto::h1::io[0m[2m:[0m parsed 4 headers
[2m2025-12-10T10:13:29.009197Z[0m [34mDEBUG[0m [2mhyper::proto::h1::conn[0m[2m:[0m incoming body is content-length (45 bytes)
[2m2025-12-10T10:13:29.009205Z[0m [34mDEBUG[0m [2mhyper::proto::h1::conn[0m[2m:[0m incoming body completed
[2m2025-12-10T10:13:29.009213Z[0m [34mDEBUG[0m [2mhyper::client::pool[0m[2m:[0m pooling idle connection for ("http", 192.168.0.14:8545)
[2m2025-12-10T10:13:29.013196Z[0m [34mDEBUG[0m [2mhyper::proto::h1::io[0m[2m:[0m parsed 4 headers
[2m2025-12-10T10:13:29.013211Z[0m [34mDEBUG[0m [2mhyper::proto::h1::conn[0m[2m:[0m incoming body is content-length (770 bytes)
[2m2025-12-10T10:13:29.013218Z[0m [34mDEBUG[0m [2mhyper::proto::h1::conn[0m[2m:[0m incoming body completed
[2m2025-12-10T10:13:29.013227Z[0m [34mDEBUG[0m [2mhyper::client::pool[0m[2m:[0m pooling idle connection for ("http", 192.168.0.14:8545)
[2m2025-12-10T10:13:29.013233Z[0m [34mDEBUG[0m [2methereum_transaction_pool_monitor::eth_client[0m[2m:[0m 📡 Transaction fetch RPC completed in 8.603334ms
[2m2025-12-10T10:13:29.084636Z[0m [34mDEBUG[0m [2methereum_transaction_pool_monitor::eth_client[0m[2m:[0m ✅ Transaction 0xcce36c3a7449272c0f6fff1c305fed00d4d70e1ead5390660e5ea9c7f06fb7de fetched and parsed in 80.003042ms
[2m2025-12-10T10:13:29.084666Z[0m [34mDEBUG[0m [2methereum_transaction_pool_monitor::mempool_monitor[0m[2m:[0m 🔍 Skipping tx 0xcce36c3a7449272c0f6fff1c305fed00d4d70e1ead5390660e5ea9c7f06fb7de - not a DEX interaction (target: 0xFe0c30065B384F05761f15d0CC899D4F9F9Cc0eB)
[2m2025-12-10T10:13:29.084677Z[0m [34mDEBUG[0m [2methereum_transaction_pool_monitor::mempool_monitor[0m[2m:[0m 📨 Processing new pending transaction: 0x1da0d4501fb47df736d5434e19da57d03f2e7dd5a1aa5e869b77dbcb65e5577f
[2m2025-12-10T10:13:29.084685Z[0m [34mDEBUG[0m [2methereum_transaction_pool_monitor::mempool_monitor[0m[2m:[0m 🔍 Fetching transaction details for: 0x1da0d4501fb47df736d5434e19da57d03f2e7dd5a1aa5e869b77dbcb65e5577f
[2m2025-12-10T10:13:29.084691Z[0m [34mDEBUG[0m [2methereum_transaction_pool_monitor::eth_client[0m[2m:[0m 🔍 Fetching transaction details for hash: 0x1da0d4501fb47df736d5434e19da57d03f2e7dd5a1aa5e869b77dbcb65e5577f
[2m2025-12-10T10:13:29.084711Z[0m [34mDEBUG[0m [2mhyper::client::pool[0m[2m:[0m reuse idle connection for ("http", 192.168.0.14:8545)
[2m2025-12-10T10:13:29.084758Z[0m [34mDEBUG[0m [2mhyper::proto::h1::io[0m[2m:[0m flushed 250 bytes
[2m2025-12-10T10:13:29.090108Z[0m [34mDEBUG[0m [2mhyper::proto::h1::io[0m[2m:[0m parsed 4 headers
[2m2025-12-10T10:13:29.091300Z[0m [34mDEBUG[0m [2mhyper::proto::h1::conn[0m[2m:[0m incoming body is content-length (656 bytes)
[2m2025-12-10T10:13:29.091314Z[0m [34mDEBUG[0m [2mhyper::proto::h1::conn[0m[2m:[0m incoming body completed
[2m2025-12-10T10:13:29.091328Z[0m [34mDEBUG[0m [2mhyper::client::pool[0m[2m:[0m pooling idle connection for ("http", 192.168.0.14:8545)
[2m2025-12-10T10:13:29.091341Z[0m [34mDEBUG[0m [2methereum_transaction_pool_monitor::eth_client[0m[2m:[0m 📡 Transaction fetch RPC completed in 6.645792ms
[2m2025-12-10T10:13:29.162788Z[0m [34mDEBUG[0m [2methereum_transaction_pool_monitor::eth_client[0m[2m:[0m ✅ Transaction 0x1da0d4501fb47df736d5434e19da57d03f2e7dd5a1aa5e869b77dbcb65e5577f fetched and parsed in 78.089334ms
[2m2025-12-10T10:13:29.162819Z[0m [34mDEBUG[0m [2methereum_transaction_pool_monitor::mempool_monitor[0m[2m:[0m 🔍 Skipping tx 0x1da0d4501fb47df736d5434e19da57d03f2e7dd5a1aa5e869b77dbcb65e5577f - not a DEX interaction (target: 0x2B3f0585Aa836d95Ea91363E68D2f56fDDACd997)
[2m2025-12-10T10:13:29.162834Z[0m [34mDEBUG[0m [2methereum_transaction_pool_monitor::mempool_monitor[0m[2m:[0m 📨 Processing new pending transaction: 0xadb990a2a649faff93204833f457652ff07d89aeeafad31c43e215191b8fefa6
[2m2025-12-10T10:13:29.162842Z[0m [34mDEBUG[0m [2methereum_transaction_pool_monitor::mempool_monitor[0m[2m:[0m 🔍 Fetching transaction details for: 0xadb990a2a649faff93204833f457652ff07d89aeeafad31c43e215191b8fefa6
[2m2025-12-10T10:13:29.162848Z[0m [34mDEBUG[0m [2methereum_transaction_pool_monitor::eth_client[0m[2m:[0m 🔍 Fetching transaction details for hash: 0xadb990a2a649faff93204833f457652ff07d89aeeafad31c43e215191b8fefa6
[2m2025-12-10T10:13:29.162871Z[0m [34mDEBUG[0m [2mhyper::client::pool[0m[2m:[0m reuse idle connection for ("http", 192.168.0.14:8545)
[2m2025-12-10T10:13:29.162919Z[0m [34mDEBUG[0m [2mhyper::proto::h1::io[0m[2m:[0m flushed 250 bytes
[2m2025-12-10T10:13:29.162959Z[0m [34mDEBUG[0m [2mhyper::client::pool[0m[2m:[0m reuse idle connection for ("http", 192.168.0.14:8545)
[2m2025-12-10T10:13:29.162975Z[0m [34mDEBUG[0m [2mhyper::proto::h1::io[0m[2m:[0m flushed 172 bytes
[2m2025-12-10T10:13:29.181118Z[0m [34mDEBUG[0m [2methereum_transaction_pool_monitor::eth_client[0m[2m:[0m 📨 Received WebSocket message: {"jsonrpc":"2.0","method":"eth_subscription","params":{"subscription":"0xbed0a0851463e895960a451075a301a9","result":"0xf6c6bbab8c8c0941ae90bb44b7288176cd45b51f015f28f6f1848c3a40881989"}}
[2m2025-12-10T10:13:29.181138Z[0m [34mDEBUG[0m [2methereum_transaction_pool_monitor::eth_client[0m[2m:[0m 📨 Received pending transaction: 0xf6c6bbab8c8c0941ae90bb44b7288176cd45b51f015f28f6f1848c3a40881989
[2m2025-12-10T10:13:29.181155Z[0m [34mDEBUG[0m [2mhyper::proto::h1::io[0m[2m:[0m parsed 4 headers
[2m2025-12-10T10:13:29.181158Z[0m [34mDEBUG[0m [2mhyper::proto::h1::io[0m[2m:[0m parsed 4 headers
[2m2025-12-10T10:13:29.181169Z[0m [34mDEBUG[0m [2mhyper::proto::h1::conn[0m[2m:[0m incoming body is content-length (777 bytes)
[2m2025-12-10T10:13:29.181161Z[0m [34mDEBUG[0m [2mhyper::proto::h1::conn[0m[2m:[0m incoming body is content-length (45 bytes)
[2m2025-12-10T10:13:29.181179Z[0m [34mDEBUG[0m [2mhyper::proto::h1::conn[0m[2m:[0m incoming body completed
[2m2025-12-10T10:13:29.181230Z[0m [34mDEBUG[0m [2mhyper::client::pool[0m[2m:[0m pooling idle connection for ("http", 192.168.0.14:8545)
[2m2025-12-10T10:13:29.181252Z[0m [34mDEBUG[0m [2methereum_transaction_pool_monitor::eth_client[0m[2m:[0m 📡 Transaction fetch RPC completed in 18.396042ms
[2m2025-12-10T10:13:29.181258Z[0m [34mDEBUG[0m [2mhyper::proto::h1::conn[0m[2m:[0m incoming body completed
[2m2025-12-10T10:13:29.181270Z[0m [34mDEBUG[0m [2methereum_transaction_pool_monitor::eth_client[0m[2m:[0m DeFi transaction detected - Address: 0xdac17f958d2ee523a2206206994597c13d831ec7, Type: Stablecoin, Value: 0 ETH, Gas: 127.50 Gwei
[2m2025-12-10T10:13:29.181291Z[0m [34mDEBUG[0m [2mhyper::client::pool[0m[2m:[0m pooling idle connection for ("http", 192.168.0.14:8545)
[2m2025-12-10T10:13:29.181325Z[0m [34mDEBUG[0m [2methereum_transaction_pool_monitor::eth_client[0m[2m:[0m ✅ Transaction 0xadb990a2a649faff93204833f457652ff07d89aeeafad31c43e215191b8fefa6 fetched and parsed in 18.46825ms
[2m2025-12-10T10:13:29.181332Z[0m [34mDEBUG[0m [2methereum_transaction_pool_monitor::mempool_monitor[0m[2m:[0m 🔍 Skipping tx 0xadb990a2a649faff93204833f457652ff07d89aeeafad31c43e215191b8fefa6 - not a DEX interaction (target: 0xdAC17F958D2ee523a2206206994597C13D831ec7)
[2m2025-12-10T10:13:29.181339Z[0m [34mDEBUG[0m [2methereum_transaction_pool_monitor::mempool_monitor[0m[2m:[0m 📨 Processing new pending transaction: 0xf6c6bbab8c8c0941ae90bb44b7288176cd45b51f015f28f6f1848c3a40881989
[2m2025-12-10T10:13:29.181344Z[0m [34mDEBUG[0m [2methereum_transaction_pool_monitor::mempool_monitor[0m[2m:[0m 🔍 Fetching transaction details for: 0xf6c6bbab8c8c0941ae90bb44b7288176cd45b51f015f28f6f1848c3a40881989
[2m2025-12-10T10:13:29.181347Z[0m [34mDEBUG[0m [2methereum_transaction_pool_monitor::eth_client[0m[2m:[0m 🔍 Fetching transaction details for hash: 0xf6c6bbab8c8c0941ae90bb44b7288176cd45b51f015f28f6f1848c3a40881989
[2m2025-12-10T10:13:29.181360Z[0m [34mDEBUG[0m [2mhyper::client::pool[0m[2m:[0m reuse idle connection for ("http", 192.168.0.14:8545)
[2m2025-12-10T10:13:29.181376Z[0m [34mDEBUG[0m [2mhyper::proto::h1::io[0m[2m:[0m flushed 250 bytes
[2m2025-12-10T10:13:29.188858Z[0m [34mDEBUG[0m [2mhyper::proto::h1::io[0m[2m:[0m parsed 4 headers
[2m2025-12-10T10:13:29.188867Z[0m [34mDEBUG[0m [2mhyper::proto::h1::conn[0m[2m:[0m incoming body is content-length (1292 bytes)
[2m2025-12-10T10:13:29.188874Z[0m [34mDEBUG[0m [2mhyper::proto::h1::conn[0m[2m:[0m incoming body completed
[2m2025-12-10T10:13:29.188882Z[0m [34mDEBUG[0m [2mhyper::client::pool[0m[2m:[0m pooling idle connection for ("http", 192.168.0.14:8545)
[2m2025-12-10T10:13:29.188888Z[0m [34mDEBUG[0m [2methereum_transaction_pool_monitor::eth_client[0m[2m:[0m 📡 Transaction fetch RPC completed in 7.536542ms
[2m2025-12-10T10:13:29.260546Z[0m [34mDEBUG[0m [2methereum_transaction_pool_monitor::eth_client[0m[2m:[0m ✅ Transaction 0xf6c6bbab8c8c0941ae90bb44b7288176cd45b51f015f28f6f1848c3a40881989 fetched and parsed in 79.191959ms
[2m2025-12-10T10:13:29.260573Z[0m [34mDEBUG[0m [2methereum_transaction_pool_monitor::mempool_monitor[0m[2m:[0m 🔍 Skipping tx 0xf6c6bbab8c8c0941ae90bb44b7288176cd45b51f015f28f6f1848c3a40881989 - not a DEX interaction (target: 0x5050e08626c499411B5D0E0b5AF0E83d3fD82EDF)
[2m2025-12-10T10:13:29.260617Z[0m [34mDEBUG[0m [2mhyper::client::pool[0m[2m:[0m reuse idle connection for ("http", 192.168.0.14:8545)
[2m2025-12-10T10:13:29.260643Z[0m [34mDEBUG[0m [2mhyper::proto::h1::io[0m[2m:[0m flushed 172 bytes
[2m2025-12-10T10:13:29.260670Z[0m [34mDEBUG[0m [2methereum_transaction_pool_monitor::eth_client[0m[2m:[0m 📨 Received WebSocket message: {"jsonrpc":"2.0","method":"eth_subscription","params":{"subscription":"0xbed0a0851463e895960a451075a301a9","result":"0x4b9dd215d901f943eb3ab6a7ad9f6498254834b0ac370e56bbca9d48a5fa7f91"}}
[2m2025-12-10T10:13:29.260681Z[0m [34mDEBUG[0m [2methereum_transaction_pool_monitor::eth_client[0m[2m:[0m 📨 Received pending transaction: 0x4b9dd215d901f943eb3ab6a7ad9f6498254834b0ac370e56bbca9d48a5fa7f91
[2m2025-12-10T10:13:29.260688Z[0m [34mDEBUG[0m [2methereum_transaction_pool_monitor::eth_client[0m[2m:[0m 📨 Received WebSocket message: {"jsonrpc":"2.0","method":"eth_subscription","params":{"subscription":"0xbed0a0851463e895960a451075a301a9","result":"0x6aff378449d7ed8a8bd6ec98bcb7e7685efb3d4536fdafdfc0ce499280e1bbf3"}}
[2m2025-12-10T10:13:29.260694Z[0m [34mDEBUG[0m [2methereum_transaction_pool_monitor::eth_client[0m[2m:[0m 📨 Received pending transaction: 0x6aff378449d7ed8a8bd6ec98bcb7e7685efb3d4536fdafdfc0ce499280e1bbf3
[2m2025-12-10T10:13:29.260700Z[0m [34mDEBUG[0m [2methereum_transaction_pool_monitor::eth_client[0m[2m:[0m 📨 Received WebSocket message: {"jsonrpc":"2.0","method":"eth_subscription","params":{"subscription":"0xbed0a0851463e895960a451075a301a9","result":"0x5ceb28d528c5e382e00b043a82a1b8cc28fea16a757058e5460b4bb6f5492d71"}}
[2m2025-12-10T10:13:29.260705Z[0m [34mDEBUG[0m [2methereum_transaction_pool_monitor::eth_client[0m[2m:[0m 📨 Received pending transaction: 0x5ceb28d528c5e382e00b043a82a1b8cc28fea16a757058e5460b4bb6f5492d71
[2m2025-12-10T10:13:29.260714Z[0m [34mDEBUG[0m [2methereum_transaction_pool_monitor::mempool_monitor[0m[2m:[0m 📨 Processing new pending transaction: 0x4b9dd215d901f943eb3ab6a7ad9f6498254834b0ac370e56bbca9d48a5fa7f91
[2m2025-12-10T10:13:29.260719Z[0m [34mDEBUG[0m [2methereum_transaction_pool_monitor::mempool_monitor[0m[2m:[0m 🔍 Fetching transaction details for: 0x4b9dd215d901f943eb3ab6a7ad9f6498254834b0ac370e56bbca9d48a5fa7f91
[2m2025-12-10T10:13:29.260725Z[0m [34mDEBUG[0m [2methereum_transaction_pool_monitor::eth_client[0m[2m:[0m 🔍 Fetching transaction details for hash: 0x4b9dd215d901f943eb3ab6a7ad9f6498254834b0ac370e56bbca9d48a5fa7f91
[2m2025-12-10T10:13:29.260734Z[0m [34mDEBUG[0m [2mhyper::client::pool[0m[2m:[0m reuse idle connection for ("http", 192.168.0.14:8545)
[2m2025-12-10T10:13:29.261524Z[0m [34mDEBUG[0m [2mhyper::proto::h1::io[0m[2m:[0m flushed 250 bytes
[2m2025-12-10T10:13:29.268783Z[0m [34mDEBUG[0m [2mhyper::proto::h1::io[0m[2m:[0m parsed 4 headers
[2m2025-12-10T10:13:29.268795Z[0m [34mDEBUG[0m [2mhyper::proto::h1::conn[0m[2m:[0m incoming body is content-length (45 bytes)
[2m2025-12-10T10:13:29.268803Z[0m [34mDEBUG[0m [2mhyper::proto::h1::conn[0m[2m:[0m incoming body completed
[2m2025-12-10T10:13:29.268812Z[0m [34mDEBUG[0m [2mhyper::client::pool[0m[2m:[0m pooling idle connection for ("http", 192.168.0.14:8545)
[2m2025-12-10T10:13:29.270090Z[0m [34mDEBUG[0m [2mhyper::proto::h1::io[0m[2m:[0m parsed 4 headers
[2m2025-12-10T10:13:29.270100Z[0m [34mDEBUG[0m [2mhyper::proto::h1::conn[0m[2m:[0m incoming body is content-length (1294 bytes)
[2m2025-12-10T10:13:29.270107Z[0m [34mDEBUG[0m [2mhyper::proto::h1::conn[0m[2m:[0m incoming body completed
[2m2025-12-10T10:13:29.270117Z[0m [34mDEBUG[0m [2mhyper::client::pool[0m[2m:[0m pooling idle connection for ("http", 192.168.0.14:8545)
[2m2025-12-10T10:13:29.270124Z[0m [34mDEBUG[0m [2methereum_transaction_pool_monitor::eth_client[0m[2m:[0m 📡 Transaction fetch RPC completed in 9.395208ms
[2m2025-12-10T10:13:29.342665Z[0m [34mDEBUG[0m [2methereum_transaction_pool_monitor::eth_client[0m[2m:[0m ✅ Transaction 0x4b9dd215d901f943eb3ab6a7ad9f6498254834b0ac370e56bbca9d48a5fa7f91 fetched and parsed in 81.932916ms
[2m2025-12-10T10:13:29.342697Z[0m [34mDEBUG[0m [2methereum_transaction_pool_monitor::mempool_monitor[0m[2m:[0m 🔍 Skipping tx 0x4b9dd215d901f943eb3ab6a7ad9f6498254834b0ac370e56bbca9d48a5fa7f91 - not a DEX interaction (target: 0xA69babEF1cA67A37Ffaf7a485DfFF3382056e78C)
[2m2025-12-10T10:13:29.342711Z[0m [34mDEBUG[0m [2methereum_transaction_pool_monitor::mempool_monitor[0m[2m:[0m 📨 Processing new pending transaction: 0x6aff378449d7ed8a8bd6ec98bcb7e7685efb3d4536fdafdfc0ce499280e1bbf3
[2m2025-12-10T10:13:29.342719Z[0m [34mDEBUG[0m [2methereum_transaction_pool_monitor::mempool_monitor[0m[2m:[0m 🔍 Fetching transaction details for: 0x6aff378449d7ed8a8bd6ec98bcb7e7685efb3d4536fdafdfc0ce499280e1bbf3
[2m2025-12-10T10:13:29.342725Z[0m [34mDEBUG[0m [2methereum_transaction_pool_monitor::eth_client[0m[2m:[0m 🔍 Fetching transaction details for hash: 0x6aff378449d7ed8a8bd6ec98bcb7e7685efb3d4536fdafdfc0ce499280e1bbf3
[2m2025-12-10T10:13:29.342750Z[0m [34mDEBUG[0m [2mhyper::client::pool[0m[2m:[0m reuse idle connection for ("http", 192.168.0.14:8545)
[2m2025-12-10T10:13:29.342798Z[0m [34mDEBUG[0m [2mhyper::proto::h1::io[0m[2m:[0m flushed 250 bytes
[2m2025-12-10T10:13:29.342844Z[0m [34mDEBUG[0m [2mhyper::client::pool[0m[2m:[0m reuse idle connection for ("http", 192.168.0.14:8545)
[2m2025-12-10T10:13:29.342870Z[0m [34mDEBUG[0m [2mhyper::proto::h1::io[0m[2m:[0m flushed 172 bytes
[2m2025-12-10T10:13:29.347941Z[0m [34mDEBUG[0m [2mhyper::proto::h1::io[0m[2m:[0m parsed 4 headers
[2m2025-12-10T10:13:29.347953Z[0m [34mDEBUG[0m [2mhyper::proto::h1::conn[0m[2m:[0m incoming body is content-length (45 bytes)
[2m2025-12-10T10:13:29.347961Z[0m [34mDEBUG[0m [2mhyper::proto::h1::conn[0m[2m:[0m incoming body completed
[2m2025-12-10T10:13:29.347971Z[0m [34mDEBUG[0m [2mhyper::client::pool[0m[2m:[0m pooling idle connection for ("http", 192.168.0.14:8545)
[2m2025-12-10T10:13:29.351750Z[0m [34mDEBUG[0m [2mhyper::proto::h1::io[0m[2m:[0m parsed 4 headers
[2m2025-12-10T10:13:29.351762Z[0m [34mDEBUG[0m [2mhyper::proto::h1::conn[0m[2m:[0m incoming body is content-length (763 bytes)
[2m2025-12-10T10:13:29.351768Z[0m [34mDEBUG[0m [2mhyper::proto::h1::conn[0m[2m:[0m incoming body completed
[2m2025-12-10T10:13:29.351777Z[0m [34mDEBUG[0m [2mhyper::client::pool[0m[2m:[0m pooling idle connection for ("http", 192.168.0.14:8545)
[2m2025-12-10T10:13:29.351784Z[0m [34mDEBUG[0m [2methereum_transaction_pool_monitor::eth_client[0m[2m:[0m 📡 Transaction fetch RPC completed in 9.052542ms
[2m2025-12-10T10:13:29.428370Z[0m [34mDEBUG[0m [2methereum_transaction_pool_monitor::eth_client[0m[2m:[0m ✅ Transaction 0x6aff378449d7ed8a8bd6ec98bcb7e7685efb3d4536fdafdfc0ce499280e1bbf3 fetched and parsed in 85.636042ms
[2m2025-12-10T10:13:29.428401Z[0m [34mDEBUG[0m [2methereum_transaction_pool_monitor::mempool_monitor[0m[2m:[0m 🔍 Skipping tx 0x6aff378449d7ed8a8bd6ec98bcb7e7685efb3d4536fdafdfc0ce499280e1bbf3 - not a DEX interaction (target: 0x111111111117dC0aa78b770fA6A738034120C302)
[2m2025-12-10T10:13:29.428413Z[0m [34mDEBUG[0m [2methereum_transaction_pool_monitor::mempool_monitor[0m[2m:[0m 📨 Processing new pending transaction: 0x5ceb28d528c5e382e00b043a82a1b8cc28fea16a757058e5460b4bb6f5492d71
[2m2025-12-10T10:13:29.428420Z[0m [34mDEBUG[0m [2methereum_transaction_pool_monitor::mempool_monitor[0m[2m:[0m 🔍 Fetching transaction details for: 0x5ceb28d528c5e382e00b043a82a1b8cc28fea16a757058e5460b4bb6f5492d71
[2m2025-12-10T10:13:29.428426Z[0m [34mDEBUG[0m [2methereum_transaction_pool_monitor::eth_client[0m[2m:[0m 🔍 Fetching transaction details for hash: 0x5ceb28d528c5e382e00b043a82a1b8cc28fea16a757058e5460b4bb6f5492d71
[2m2025-12-10T10:13:29.428448Z[0m [34mDEBUG[0m [2mhyper::client::pool[0m[2m:[0m reuse idle connection for ("http", 192.168.0.14:8545)
[2m2025-12-10T10:13:29.428507Z[0m [34mDEBUG[0m [2mhyper::proto::h1::io[0m[2m:[0m flushed 250 bytes
[2m2025-12-10T10:13:29.428531Z[0m [34mDEBUG[0m [2mhyper::client::pool[0m[2m:[0m reuse idle connection for ("http", 192.168.0.14:8545)
[2m2025-12-10T10:13:29.428548Z[0m [34mDEBUG[0m [2mhyper::proto::h1::io[0m[2m:[0m flushed 172 bytes
[2m2025-12-10T10:13:29.428562Z[0m [34mDEBUG[0m [2methereum_transaction_pool_monitor::eth_client[0m[2m:[0m 📨 Received WebSocket message: {"jsonrpc":"2.0","method":"eth_subscription","params":{"subscription":"0xbed0a0851463e895960a451075a301a9","result":"0x3a4b9728902499fdff9937ee8dfb7db84c3adb4c03bb5877b2d989636c9069a8"}}
[2m2025-12-10T10:13:29.428571Z[0m [34mDEBUG[0m [2methereum_transaction_pool_monitor::eth_client[0m[2m:[0m 📨 Received pending transaction: 0x3a4b9728902499fdff9937ee8dfb7db84c3adb4c03bb5877b2d989636c9069a8
[2m2025-12-10T10:13:29.428577Z[0m [34mDEBUG[0m [2methereum_transaction_pool_monitor::eth_client[0m[2m:[0m 📨 Received WebSocket message: {"jsonrpc":"2.0","method":"eth_subscription","params":{"subscription":"0xbed0a0851463e895960a451075a301a9","result":"0x3fb41c29b49520607b189c8cc21b91dd84868299385fef30ca826224d412d104"}}
[2m2025-12-10T10:13:29.428585Z[0m [34mDEBUG[0m [2methereum_transaction_pool_monitor::eth_client[0m[2m:[0m 📨 Received pending transaction: 0x3fb41c29b49520607b189c8cc21b91dd84868299385fef30ca826224d412d104
[2m2025-12-10T10:13:29.434854Z[0m [34mDEBUG[0m [2mhyper::proto::h1::io[0m[2m:[0m parsed 4 headers
[2m2025-12-10T10:13:29.434870Z[0m [34mDEBUG[0m [2mhyper::proto::h1::conn[0m[2m:[0m incoming body is content-length (45 bytes)
[2m2025-12-10T10:13:29.434880Z[0m [34mDEBUG[0m [2mhyper::proto::h1::conn[0m[2m:[0m incoming body completed
[2m2025-12-10T10:13:29.434890Z[0m [34mDEBUG[0m [2mhyper::client::pool[0m[2m:[0m pooling idle connection for ("http", 192.168.0.14:8545)
[2m2025-12-10T10:13:29.434915Z[0m [34mDEBUG[0m [2mhyper::proto::h1::io[0m[2m:[0m parsed 4 headers
[2m2025-12-10T10:13:29.434921Z[0m [34mDEBUG[0m [2mhyper::proto::h1::conn[0m[2m:[0m incoming body is content-length (1548 bytes)
[2m2025-12-10T10:13:29.434928Z[0m [34mDEBUG[0m [2mhyper::proto::h1::conn[0m[2m:[0m incoming body completed
[2m2025-12-10T10:13:29.434935Z[0m [34mDEBUG[0m [2mhyper::client::pool[0m[2m:[0m pooling idle connection for ("http", 192.168.0.14:8545)
[2m2025-12-10T10:13:29.434940Z[0m [34mDEBUG[0m [2methereum_transaction_pool_monitor::eth_client[0m[2m:[0m 📡 Transaction fetch RPC completed in 6.509292ms
[2m2025-12-10T10:13:29.515093Z[0m [34mDEBUG[0m [2methereum_transaction_pool_monitor::eth_client[0m[2m:[0m ✅ Transaction 0x5ceb28d528c5e382e00b043a82a1b8cc28fea16a757058e5460b4bb6f5492d71 fetched and parsed in 86.657958ms
[2m2025-12-10T10:13:29.515137Z[0m [34mDEBUG[0m [2methereum_transaction_pool_monitor::mempool_monitor[0m[2m:[0m 🔍 Skipping tx 0x5ceb28d528c5e382e00b043a82a1b8cc28fea16a757058e5460b4bb6f5492d71 - not a DEX interaction (target: 0xA69babEF1cA67A37Ffaf7a485DfFF3382056e78C)
[2m2025-12-10T10:13:29.515170Z[0m [34mDEBUG[0m [2methereum_transaction_pool_monitor::mempool_monitor[0m[2m:[0m 📨 Processing new pending transaction: 0x3a4b9728902499fdff9937ee8dfb7db84c3adb4c03bb5877b2d989636c9069a8
[2m2025-12-10T10:13:29.515176Z[0m [34mDEBUG[0m [2methereum_transaction_pool_monitor::mempool_monitor[0m[2m:[0m 🔍 Fetching transaction details for: 0x3a4b9728902499fdff9937ee8dfb7db84c3adb4c03bb5877b2d989636c9069a8
[2m2025-12-10T10:13:29.515180Z[0m [34mDEBUG[0m [2methereum_transaction_pool_monitor::eth_client[0m[2m:[0m 🔍 Fetching transaction details for hash: 0x3a4b9728902499fdff9937ee8dfb7db84c3adb4c03bb5877b2d989636c9069a8
[2m2025-12-10T10:13:29.515204Z[0m [34mDEBUG[0m [2mhyper::client::pool[0m[2m:[0m reuse idle connection for ("http", 192.168.0.14:8545)
[2m2025-12-10T10:13:29.515232Z[0m [34mDEBUG[0m [2mhyper::proto::h1::io[0m[2m:[0m flushed 250 bytes
[2m2025-12-10T10:13:29.515252Z[0m [34mDEBUG[0m [2mhyper::client::pool[0m[2m:[0m reuse idle connection for ("http", 192.168.0.14:8545)
[2m2025-12-10T10:13:29.515266Z[0m [34mDEBUG[0m [2mhyper::proto::h1::io[0m[2m:[0m flushed 172 bytes
[2m2025-12-10T10:13:29.515292Z[0m [34mDEBUG[0m [2methereum_transaction_pool_monitor::eth_client[0m[2m:[0m 📨 Received WebSocket message: {"jsonrpc":"2.0","method":"eth_subscription","params":{"subscription":"0xbed0a0851463e895960a451075a301a9","result":"0xbb6a829a4ea5dca53d96fb0cc0d2c2fb00e9558402bfa72656487f2202764835"}}
[2m2025-12-10T10:13:29.515317Z[0m [34mDEBUG[0m [2methereum_transaction_pool_monitor::eth_client[0m[2m:[0m 📨 Received pending transaction: 0xbb6a829a4ea5dca53d96fb0cc0d2c2fb00e9558402bfa72656487f2202764835
[2m2025-12-10T10:13:29.519184Z[0m [34mDEBUG[0m [2mhyper::proto::h1::io[0m[2m:[0m parsed 4 headers
[2m2025-12-10T10:13:29.519214Z[0m [34mDEBUG[0m [2mhyper::proto::h1::io[0m[2m:[0m parsed 4 headers
[2m2025-12-10T10:13:29.519216Z[0m [34mDEBUG[0m [2mhyper::proto::h1::conn[0m[2m:[0m incoming body is content-length (45 bytes)
[2m2025-12-10T10:13:29.519236Z[0m [34mDEBUG[0m [2mhyper::proto::h1::conn[0m[2m:[0m incoming body is content-length (763 bytes)
[2m2025-12-10T10:13:29.519264Z[0m [34mDEBUG[0m [2mhyper::proto::h1::conn[0m[2m:[0m incoming body completed
[2m2025-12-10T10:13:29.519272Z[0m [34mDEBUG[0m [2mhyper::proto::h1::conn[0m[2m:[0m incoming body completed
[2m2025-12-10T10:13:29.519291Z[0m [34mDEBUG[0m [2mhyper::client::pool[0m[2m:[0m pooling idle connection for ("http", 192.168.0.14:8545)
[2m2025-12-10T10:13:29.519294Z[0m [34mDEBUG[0m [2mhyper::client::pool[0m[2m:[0m pooling idle connection for ("http", 192.168.0.14:8545)
[2m2025-12-10T10:13:29.519330Z[0m [34mDEBUG[0m [2methereum_transaction_pool_monitor::eth_client[0m[2m:[0m 📡 Transaction fetch RPC completed in 4.145958ms
[2m2025-12-10T10:13:29.519357Z[0m [34mDEBUG[0m [2methereum_transaction_pool_monitor::eth_client[0m[2m:[0m DeFi transaction detected - Address: 0xdac17f958d2ee523a2206206994597c13d831ec7, Type: Stablecoin, Value: 0 ETH, Gas: 0.33 Gwei
[2m2025-12-10T10:13:29.519385Z[0m [34mDEBUG[0m [2methereum_transaction_pool_monitor::eth_client[0m[2m:[0m ✅ Transaction 0x3a4b9728902499fdff9937ee8dfb7db84c3adb4c03bb5877b2d989636c9069a8 fetched and parsed in 4.200583ms
[2m2025-12-10T10:13:29.519401Z[0m [34mDEBUG[0m [2methereum_transaction_pool_monitor::mempool_monitor[0m[2m:[0m 🔍 Skipping tx 0x3a4b9728902499fdff9937ee8dfb7db84c3adb4c03bb5877b2d989636c9069a8 - not a DEX interaction (target: 0xdAC17F958D2ee523a2206206994597C13D831ec7)
[2m2025-12-10T10:13:29.519416Z[0m [34mDEBUG[0m [2methereum_transaction_pool_monitor::mempool_monitor[0m[2m:[0m 📨 Processing new pending transaction: 0x3fb41c29b49520607b189c8cc21b91dd84868299385fef30ca826224d412d104
[2m2025-12-10T10:13:29.519426Z[0m [34mDEBUG[0m [2methereum_transaction_pool_monitor::mempool_monitor[0m[2m:[0m 🔍 Fetching transaction details for: 0x3fb41c29b49520607b189c8cc21b91dd84868299385fef30ca826224d412d104
[2m2025-12-10T10:13:29.519437Z[0m [34mDEBUG[0m [2methereum_transaction_pool_monitor::eth_client[0m[2m:[0m 🔍 Fetching transaction details for hash: 0x3fb41c29b49520607b189c8cc21b91dd84868299385fef30ca826224d412d104
[2m2025-12-10T10:13:29.519483Z[0m [34mDEBUG[0m [2mhyper::client::pool[0m[2m:[0m reuse idle connection for ("http", 192.168.0.14:8545)
[2m2025-12-10T10:13:29.519536Z[0m [34mDEBUG[0m [2mhyper::proto::h1::io[0m[2m:[0m flushed 250 bytes
[2m2025-12-10T10:13:29.523591Z[0m [34mDEBUG[0m [2mhyper::proto::h1::io[0m[2m:[0m parsed 4 headers
[2m2025-12-10T10:13:29.523607Z[0m [34mDEBUG[0m [2mhyper::proto::h1::conn[0m[2m:[0m incoming body is content-length (766 bytes)
[2m2025-12-10T10:13:29.523617Z[0m [34mDEBUG[0m [2mhyper::proto::h1::conn[0m[2m:[0m incoming body completed
[2m2025-12-10T10:13:29.523628Z[0m [34mDEBUG[0m [2mhyper::client::pool[0m[2m:[0m pooling idle connection for ("http", 192.168.0.14:8545)
[2m2025-12-10T10:13:29.523638Z[0m [34mDEBUG[0m [2methereum_transaction_pool_monitor::eth_client[0m[2m:[0m 📡 Transaction fetch RPC completed in 4.1825ms
[2m2025-12-10T10:13:29.523656Z[0m [34mDEBUG[0m [2methereum_transaction_pool_monitor::eth_client[0m[2m:[0m DeFi transaction detected - Address: 0xdac17f958d2ee523a2206206994597c13d831ec7, Type: Stablecoin, Value: 0 ETH, Gas: 0.21 Gwei
[2m2025-12-10T10:13:29.527144Z[0m [34mDEBUG[0m [2methereum_transaction_pool_monitor::eth_client[0m[2m:[0m ✅ Transaction 0x3fb41c29b49520607b189c8cc21b91dd84868299385fef30ca826224d412d104 fetched and parsed in 7.688083ms
[2m2025-12-10T10:13:29.527154Z[0m [34mDEBUG[0m [2methereum_transaction_pool_monitor::mempool_monitor[0m[2m:[0m 🔍 Skipping tx 0x3fb41c29b49520607b189c8cc21b91dd84868299385fef30ca826224d412d104 - not a DEX interaction (target: 0xdAC17F958D2ee523a2206206994597C13D831ec7)
[2m2025-12-10T10:13:29.527166Z[0m [34mDEBUG[0m [2methereum_transaction_pool_monitor::mempool_monitor[0m[2m:[0m 📨 Processing new pending transaction: 0xbb6a829a4ea5dca53d96fb0cc0d2c2fb00e9558402bfa72656487f2202764835
[2m2025-12-10T10:13:29.527171Z[0m [34mDEBUG[0m [2methereum_transaction_pool_monitor::mempool_monitor[0m[2m:[0m 🔍 Fetching transaction details for: 0xbb6a829a4ea5dca53d96fb0cc0d2c2fb00e9558402bfa72656487f2202764835
[2m2025-12-10T10:13:29.527175Z[0m [34mDEBUG[0m [2methereum_transaction_pool_monitor::eth_client[0m[2m:[0m 🔍 Fetching transaction details for hash: 0xbb6a829a4ea5dca53d96fb0cc0d2c2fb00e9558402bfa72656487f2202764835
[2m2025-12-10T10:13:29.527194Z[0m [34mDEBUG[0m [2mhyper::client::pool[0m[2m:[0m reuse idle connection for ("http", 192.168.0.14:8545)
[2m2025-12-10T10:13:29.527240Z[0m [34mDEBUG[0m [2mhyper::proto::h1::io[0m[2m:[0m flushed 250 bytes
[2m2025-12-10T10:13:29.532981Z[0m [34mDEBUG[0m [2mhyper::proto::h1::io[0m[2m:[0m parsed 4 headers
[2m2025-12-10T10:13:29.532999Z[0m [34mDEBUG[0m [2mhyper::proto::h1::conn[0m[2m:[0m incoming body is content-length (761 bytes)
[2m2025-12-10T10:13:29.533008Z[0m [34mDEBUG[0m [2mhyper::proto::h1::conn[0m[2m:[0m incoming body completed
[2m2025-12-10T10:13:29.533850Z[0m [34mDEBUG[0m [2mhyper::client::pool[0m[2m:[0m pooling idle connection for ("http", 192.168.0.14:8545)
[2m2025-12-10T10:13:29.533859Z[0m [34mDEBUG[0m [2methereum_transaction_pool_monitor::eth_client[0m[2m:[0m 📡 Transaction fetch RPC completed in 6.680125ms
[2m2025-12-10T10:13:29.533875Z[0m [34mDEBUG[0m [2methereum_transaction_pool_monitor::eth_client[0m[2m:[0m DeFi transaction detected - Address: 0xdac17f958d2ee523a2206206994597c13d831ec7, Type: Stablecoin, Value: 0 ETH, Gas: 0.17 Gwei
[2m2025-12-10T10:13:29.534054Z[0m [34mDEBUG[0m [2methereum_transaction_pool_monitor::eth_client[0m[2m:[0m ✅ Transaction 0xbb6a829a4ea5dca53d96fb0cc0d2c2fb00e9558402bfa72656487f2202764835 fetched and parsed in 6.874375ms
[2m2025-12-10T10:13:29.534062Z[0m [34mDEBUG[0m [2methereum_transaction_pool_monitor::mempool_monitor[0m[2m:[0m 🔍 Skipping tx 0xbb6a829a4ea5dca53d96fb0cc0d2c2fb00e9558402bfa72656487f2202764835 - not a DEX interaction (target: 0xdAC17F958D2ee523a2206206994597C13D831ec7)
[2m2025-12-10T10:13:29.552656Z[0m [34mDEBUG[0m [2methereum_transaction_pool_monitor::eth_client[0m[2m:[0m 📨 Received WebSocket message: {"jsonrpc":"2.0","method":"eth_subscription","params":{"subscription":"0xbed0a0851463e895960a451075a301a9","result":"0xa4e8aff456504d638e030a43c7b6fc51827a7f85e0d9ecd90d55fa3e487b2dc5"}}
[2m2025-12-10T10:13:29.552677Z[0m [34mDEBUG[0m [2methereum_transaction_pool_monitor::eth_client[0m[2m:[0m 📨 Received pending transaction: 0xa4e8aff456504d638e030a43c7b6fc51827a7f85e0d9ecd90d55fa3e487b2dc5
[2m2025-12-10T10:13:29.552686Z[0m [34mDEBUG[0m [2methereum_transaction_pool_monitor::mempool_monitor[0m[2m:[0m 📨 Processing new pending transaction: 0xa4e8aff456504d638e030a43c7b6fc51827a7f85e0d9ecd90d55fa3e487b2dc5
[2m2025-12-10T10:13:29.552691Z[0m [34mDEBUG[0m [2methereum_transaction_pool_monitor::mempool_monitor[0m[2m:[0m 🔍 Fetching transaction details for: 0xa4e8aff456504d638e030a43c7b6fc51827a7f85e0d9ecd90d55fa3e487b2dc5
[2m2025-12-10T10:13:29.552695Z[0m [34mDEBUG[0m [2methereum_transaction_pool_monitor::eth_client[0m[2m:[0m 🔍 Fetching transaction details for hash: 0xa4e8aff456504d638e030a43c7b6fc51827a7f85e0d9ecd90d55fa3e487b2dc5
[2m2025-12-10T10:13:29.552714Z[0m [34mDEBUG[0m [2mhyper::client::pool[0m[2m:[0m reuse idle connection for ("http", 192.168.0.14:8545)
[2m2025-12-10T10:13:29.552739Z[0m [34mDEBUG[0m [2mhyper::proto::h1::io[0m[2m:[0m flushed 250 bytes
[2m2025-12-10T10:13:29.557804Z[0m [34mDEBUG[0m [2mhyper::proto::h1::io[0m[2m:[0m parsed 4 headers
[2m2025-12-10T10:13:29.557819Z[0m [34mDEBUG[0m [2mhyper::proto::h1::conn[0m[2m:[0m incoming body is content-length (644 bytes)
[2m2025-12-10T10:13:29.557828Z[0m [34mDEBUG[0m [2mhyper::proto::h1::conn[0m[2m:[0m incoming body completed
[2m2025-12-10T10:13:29.557839Z[0m [34mDEBUG[0m [2mhyper::client::pool[0m[2m:[0m pooling idle connection for ("http", 192.168.0.14:8545)
[2m2025-12-10T10:13:29.557848Z[0m [34mDEBUG[0m [2methereum_transaction_pool_monitor::eth_client[0m[2m:[0m 📡 Transaction fetch RPC completed in 5.148125ms
[2m2025-12-10T10:13:29.651578Z[0m [34mDEBUG[0m [2methereum_transaction_pool_monitor::eth_client[0m[2m:[0m ✅ Transaction 0xa4e8aff456504d638e030a43c7b6fc51827a7f85e0d9ecd90d55fa3e487b2dc5 fetched and parsed in 98.874792ms
[2m2025-12-10T10:13:29.651607Z[0m [34mDEBUG[0m [2methereum_transaction_pool_monitor::mempool_monitor[0m[2m:[0m 🔍 Skipping tx 0xa4e8aff456504d638e030a43c7b6fc51827a7f85e0d9ecd90d55fa3e487b2dc5 - not a DEX interaction (target: 0x17E5545B11b468072283Cee1F066a059Fb0dbF24)
[2m2025-12-10T10:13:29.651650Z[0m [34mDEBUG[0m [2mhyper::client::pool[0m[2m:[0m reuse idle connection for ("http", 192.168.0.14:8545)
[2m2025-12-10T10:13:29.651706Z[0m [34mDEBUG[0m [2mhyper::proto::h1::io[0m[2m:[0m flushed 172 bytes
[2m2025-12-10T10:13:29.651723Z[0m [34mDEBUG[0m [2methereum_transaction_pool_monitor::eth_client[0m[2m:[0m 📨 Received WebSocket message: {"jsonrpc":"2.0","method":"eth_subscription","params":{"subscription":"0xbed0a0851463e895960a451075a301a9","result":"0x9e4117eed361a83cc7c4e144c1400eea2516fd8df6bcdba0c206253f9bbaa6e2"}}
[2m2025-12-10T10:13:29.651732Z[0m [34mDEBUG[0m [2methereum_transaction_pool_monitor::eth_client[0m[2m:[0m 📨 Received pending transaction: 0x9e4117eed361a83cc7c4e144c1400eea2516fd8df6bcdba0c206253f9bbaa6e2
[2m2025-12-10T10:13:29.651743Z[0m [34mDEBUG[0m [2methereum_transaction_pool_monitor::mempool_monitor[0m[2m:[0m 📨 Processing new pending transaction: 0x9e4117eed361a83cc7c4e144c1400eea2516fd8df6bcdba0c206253f9bbaa6e2
[2m2025-12-10T10:13:29.651749Z[0m [34mDEBUG[0m [2methereum_transaction_pool_monitor::mempool_monitor[0m[2m:[0m 🔍 Fetching transaction details for: 0x9e4117eed361a83cc7c4e144c1400eea2516fd8df6bcdba0c206253f9bbaa6e2
[2m2025-12-10T10:13:29.651756Z[0m [34mDEBUG[0m [2methereum_transaction_pool_monitor::eth_client[0m[2m:[0m 🔍 Fetching transaction details for hash: 0x9e4117eed361a83cc7c4e144c1400eea2516fd8df6bcdba0c206253f9bbaa6e2
[2m2025-12-10T10:13:29.651767Z[0m [34mDEBUG[0m [2mhyper::client::pool[0m[2m:[0m reuse idle connection for ("http", 192.168.0.14:8545)
[2m2025-12-10T10:13:29.651783Z[0m [34mDEBUG[0m [2mhyper::proto::h1::io[0m[2m:[0m flushed 250 bytes
[2m2025-12-10T10:13:29.654306Z[0m [34mDEBUG[0m [2mhyper::proto::h1::io[0m[2m:[0m parsed 4 headers
[2m2025-12-10T10:13:29.654322Z[0m [34mDEBUG[0m [2mhyper::proto::h1::conn[0m[2m:[0m incoming body is content-length (45 bytes)
[2m2025-12-10T10:13:29.654331Z[0m [34mDEBUG[0m [2mhyper::proto::h1::conn[0m[2m:[0m incoming body completed
[2m2025-12-10T10:13:29.654341Z[0m [34mDEBUG[0m [2mhyper::client::pool[0m[2m:[0m pooling idle connection for ("http", 192.168.0.14:8545)
[2m2025-12-10T10:13:29.657276Z[0m [34mDEBUG[0m [2mhyper::proto::h1::io[0m[2m:[0m parsed 4 headers
[2m2025-12-10T10:13:29.657285Z[0m [34mDEBUG[0m [2mhyper::proto::h1::conn[0m[2m:[0m incoming body is content-length (1292 bytes)
[2m2025-12-10T10:13:29.657292Z[0m [34mDEBUG[0m [2mhyper::proto::h1::conn[0m[2m:[0m incoming body completed
[2m2025-12-10T10:13:29.657301Z[0m [34mDEBUG[0m [2mhyper::client::pool[0m[2m:[0m pooling idle connection for ("http", 192.168.0.14:8545)
[2m2025-12-10T10:13:29.657308Z[0m [34mDEBUG[0m [2methereum_transaction_pool_monitor::eth_client[0m[2m:[0m 📡 Transaction fetch RPC completed in 5.546333ms
[2m2025-12-10T10:13:29.743895Z[0m [34mDEBUG[0m [2methereum_transaction_pool_monitor::eth_client[0m[2m:[0m ✅ Transaction 0x9e4117eed361a83cc7c4e144c1400eea2516fd8df6bcdba0c206253f9bbaa6e2 fetched and parsed in 92.131375ms
[2m2025-12-10T10:13:29.743926Z[0m [34mDEBUG[0m [2methereum_transaction_pool_monitor::mempool_monitor[0m[2m:[0m 🔍 Skipping tx 0x9e4117eed361a83cc7c4e144c1400eea2516fd8df6bcdba0c206253f9bbaa6e2 - not a DEX interaction (target: 0x5050e08626c499411B5D0E0b5AF0E83d3fD82EDF)
[2m2025-12-10T10:13:29.743976Z[0m [34mDEBUG[0m [2mhyper::client::pool[0m[2m:[0m reuse idle connection for ("http", 192.168.0.14:8545)
[2m2025-12-10T10:13:29.744031Z[0m [34mDEBUG[0m [2mhyper::proto::h1::io[0m[2m:[0m flushed 172 bytes
[2m2025-12-10T10:13:29.747906Z[0m [34mDEBUG[0m [2mhyper::proto::h1::io[0m[2m:[0m parsed 4 headers
[2m2025-12-10T10:13:29.747913Z[0m [34mDEBUG[0m [2mhyper::proto::h1::conn[0m[2m:[0m incoming body is content-length (45 bytes)
[2m2025-12-10T10:13:29.747921Z[0m [34mDEBUG[0m [2mhyper::proto::h1::conn[0m[2m:[0m incoming body completed
[2m2025-12-10T10:13:29.747930Z[0m [34mDEBUG[0m [2mhyper::client::pool[0m[2m:[0m pooling idle connection for ("http", 192.168.0.14:8545)
[2m2025-12-10T10:13:29.798981Z[0m [34mDEBUG[0m [2mhyper::client::pool[0m[2m:[0m reuse idle connection for ("http", 192.168.0.14:8545)
[2m2025-12-10T10:13:29.799042Z[0m [34mDEBUG[0m [2mhyper::proto::h1::io[0m[2m:[0m flushed 172 bytes
[2m2025-12-10T10:13:29.801851Z[0m [34mDEBUG[0m [2mhyper::proto::h1::io[0m[2m:[0m parsed 4 headers
[2m2025-12-10T10:13:29.801861Z[0m [34mDEBUG[0m [2mhyper::proto::h1::conn[0m[2m:[0m incoming body is content-length (45 bytes)
[2m2025-12-10T10:13:29.801870Z[0m [34mDEBUG[0m [2mhyper::proto::h1::conn[0m[2m:[0m incoming body completed
[2m2025-12-10T10:13:29.801879Z[0m [34mDEBUG[0m [2mhyper::client::pool[0m[2m:[0m pooling idle connection for ("http", 192.168.0.14:8545)
[2m2025-12-10T10:13:29.832672Z[0m [34mDEBUG[0m [2methereum_transaction_pool_monitor::eth_client[0m[2m:[0m 📨 Received WebSocket message: {"jsonrpc":"2.0","method":"eth_subscription","params":{"subscription":"0xbed0a0851463e895960a451075a301a9","result":"0x1e6bacf4543a5c37f5c0b0de46a4c2102edc24279adeb910e55f52cc2079f3f5"}}
[2m2025-12-10T10:13:29.832689Z[0m [34mDEBUG[0m [2methereum_transaction_pool_monitor::eth_client[0m[2m:[0m 📨 Received pending transaction: 0x1e6bacf4543a5c37f5c0b0de46a4c2102edc24279adeb910e55f52cc2079f3f5
[2m2025-12-10T10:13:29.832698Z[0m [34mDEBUG[0m [2methereum_transaction_pool_monitor::mempool_monitor[0m[2m:[0m 📨 Processing new pending transaction: 0x1e6bacf4543a5c37f5c0b0de46a4c2102edc24279adeb910e55f52cc2079f3f5
[2m2025-12-10T10:13:29.832702Z[0m [34mDEBUG[0m [2methereum_transaction_pool_monitor::mempool_monitor[0m[2m:[0m 🔍 Fetching transaction details for: 0x1e6bacf4543a5c37f5c0b0de46a4c2102edc24279adeb910e55f52cc2079f3f5
[2m2025-12-10T10:13:29.832707Z[0m [34mDEBUG[0m [2methereum_transaction_pool_monitor::eth_client[0m[2m:[0m 🔍 Fetching transaction details for hash: 0x1e6bacf4543a5c37f5c0b0de46a4c2102edc24279adeb910e55f52cc2079f3f5
[2m2025-12-10T10:13:29.832727Z[0m [34mDEBUG[0m [2mhyper::client::pool[0m[2m:[0m reuse idle connection for ("http", 192.168.0.14:8545)
[2m2025-12-10T10:13:29.832751Z[0m [34mDEBUG[0m [2mhyper::proto::h1::io[0m[2m:[0m flushed 250 bytes
[2m2025-12-10T10:13:29.843725Z[0m [34mDEBUG[0m [2mhyper::proto::h1::io[0m[2m:[0m parsed 4 headers
[2m2025-12-10T10:13:29.843731Z[0m [34mDEBUG[0m [2mhyper::proto::h1::conn[0m[2m:[0m incoming body is content-length (763 bytes)
[2m2025-12-10T10:13:29.843738Z[0m [34mDEBUG[0m [2mhyper::proto::h1::conn[0m[2m:[0m incoming body completed
[2m2025-12-10T10:13:29.843747Z[0m [34mDEBUG[0m [2mhyper::client::pool[0m[2m:[0m pooling idle connection for ("http", 192.168.0.14:8545)
[2m2025-12-10T10:13:29.843753Z[0m [34mDEBUG[0m [2methereum_transaction_pool_monitor::eth_client[0m[2m:[0m 📡 Transaction fetch RPC completed in 11.042458ms
[2m2025-12-10T10:13:29.843769Z[0m [34mDEBUG[0m [2methereum_transaction_pool_monitor::eth_client[0m[2m:[0m DeFi transaction detected - Address: 0xdac17f958d2ee523a2206206994597c13d831ec7, Type: Stablecoin, Value: 0 ETH, Gas: 0.21 Gwei
[2m2025-12-10T10:13:29.843781Z[0m [34mDEBUG[0m [2methereum_transaction_pool_monitor::eth_client[0m[2m:[0m ✅ Transaction 0x1e6bacf4543a5c37f5c0b0de46a4c2102edc24279adeb910e55f52cc2079f3f5 fetched and parsed in 11.07025ms
[2m2025-12-10T10:13:29.843788Z[0m [34mDEBUG[0m [2methereum_transaction_pool_monitor::mempool_monitor[0m[2m:[0m 🔍 Skipping tx 0x1e6bacf4543a5c37f5c0b0de46a4c2102edc24279adeb910e55f52cc2079f3f5 - not a DEX interaction (target: 0xdAC17F958D2ee523a2206206994597C13D831ec7)
[2m2025-12-10T10:13:29.899646Z[0m [34mDEBUG[0m [2mhyper::client::pool[0m[2m:[0m reuse idle connection for ("http", 192.168.0.14:8545)
[2m2025-12-10T10:13:29.899693Z[0m [34mDEBUG[0m [2mhyper::proto::h1::io[0m[2m:[0m flushed 172 bytes
[2m2025-12-10T10:13:29.903066Z[0m [34mDEBUG[0m [2mhyper::proto::h1::io[0m[2m:[0m parsed 4 headers
[2m2025-12-10T10:13:29.903074Z[0m [34mDEBUG[0m [2mhyper::proto::h1::conn[0m[2m:[0m incoming body is content-length (45 bytes)
[2m2025-12-10T10:13:29.903082Z[0m [34mDEBUG[0m [2mhyper::proto::h1::conn[0m[2m:[0m incoming body completed
[2m2025-12-10T10:13:29.903090Z[0m [34mDEBUG[0m [2mhyper::client::pool[0m[2m:[0m pooling idle connection for ("http", 192.168.0.14:8545)
[2m2025-12-10T10:13:29.984487Z[0m [34mDEBUG[0m [2methereum_transaction_pool_monitor::eth_client[0m[2m:[0m 📨 Received WebSocket message: {"jsonrpc":"2.0","method":"eth_subscription","params":{"subscription":"0xbed0a0851463e895960a451075a301a9","result":"0x50e83a335270a054a242955bb010d6971c351028714b777bb24aaa5b306b9668"}}
[2m2025-12-10T10:13:29.984507Z[0m [34mDEBUG[0m [2methereum_transaction_pool_monitor::eth_client[0m[2m:[0m 📨 Received pending transaction: 0x50e83a335270a054a242955bb010d6971c351028714b777bb24aaa5b306b9668
[2m2025-12-10T10:13:29.984516Z[0m [34mDEBUG[0m [2methereum_transaction_pool_monitor::mempool_monitor[0m[2m:[0m 📨 Processing new pending transaction: 0x50e83a335270a054a242955bb010d6971c351028714b777bb24aaa5b306b9668
[2m2025-12-10T10:13:29.984521Z[0m [34mDEBUG[0m [2methereum_transaction_pool_monitor::mempool_monitor[0m[2m:[0m 🔍 Fetching transaction details for: 0x50e83a335270a054a242955bb010d6971c351028714b777bb24aaa5b306b9668
[2m2025-12-10T10:13:29.984525Z[0m [34mDEBUG[0m [2methereum_transaction_pool_monitor::eth_client[0m[2m:[0m 🔍 Fetching transaction details for hash: 0x50e83a335270a054a242955bb010d6971c351028714b777bb24aaa5b306b9668
[2m2025-12-10T10:13:29.984546Z[0m [34mDEBUG[0m [2mhyper::client::pool[0m[2m:[0m reuse idle connection for ("http", 192.168.0.14:8545)
[2m2025-12-10T10:13:29.984571Z[0m [34mDEBUG[0m [2mhyper::proto::h1::io[0m[2m:[0m flushed 250 bytes
[2m2025-12-10T10:13:29.992712Z[0m [34mDEBUG[0m [2mhyper::proto::h1::io[0m[2m:[0m parsed 4 headers
[2m2025-12-10T10:13:29.992724Z[0m [34mDEBUG[0m [2mhyper::proto::h1::conn[0m[2m:[0m incoming body is content-length (553 bytes)
[2m2025-12-10T10:13:29.992757Z[0m [34mDEBUG[0m [2mhyper::proto::h1::conn[0m[2m:[0m incoming body completed
[2m2025-12-10T10:13:29.992792Z[0m [34mDEBUG[0m [2mhyper::client::pool[0m[2m:[0m pooling idle connection for ("http", 192.168.0.14:8545)
[2m2025-12-10T10:13:29.992801Z[0m [34mDEBUG[0m [2methereum_transaction_pool_monitor::eth_client[0m[2m:[0m 📡 Transaction fetch RPC completed in 8.272625ms
[2m2025-12-10T10:13:30.077559Z[0m [34mDEBUG[0m [2methereum_transaction_pool_monitor::eth_client[0m[2m:[0m ✅ Transaction 0x50e83a335270a054a242955bb010d6971c351028714b777bb24aaa5b306b9668 fetched and parsed in 93.026208ms
[2m2025-12-10T10:13:30.077586Z[0m [34mDEBUG[0m [2methereum_transaction_pool_monitor::mempool_monitor[0m[2m:[0m 🔍 Skipping tx 0x50e83a335270a054a242955bb010d6971c351028714b777bb24aaa5b306b9668 - not a DEX interaction (target: 0x276D3f6fd8AdC7aF0697d98f41a6F1a8D4De0993)
[2m2025-12-10T10:13:30.077630Z[0m [34mDEBUG[0m [2mhyper::client::pool[0m[2m:[0m reuse idle connection for ("http", 192.168.0.14:8545)
[2m2025-12-10T10:13:30.077664Z[0m [34mDEBUG[0m [2mhyper::proto::h1::io[0m[2m:[0m flushed 172 bytes
[2m2025-12-10T10:13:30.077680Z[0m [34mDEBUG[0m [2methereum_transaction_pool_monitor::eth_client[0m[2m:[0m 📨 Received WebSocket message: {"jsonrpc":"2.0","method":"eth_subscription","params":{"subscription":"0xbed0a0851463e895960a451075a301a9","result":"0x4a99087e7a355d9cdeb32f4d848c31cb1d9c65cad4906634d3c453ecc84a34b4"}}
[2m2025-12-10T10:13:30.077690Z[0m [34mDEBUG[0m [2methereum_transaction_pool_monitor::eth_client[0m[2m:[0m 📨 Received pending transaction: 0x4a99087e7a355d9cdeb32f4d848c31cb1d9c65cad4906634d3c453ecc84a34b4
[2m2025-12-10T10:13:30.077697Z[0m [34mDEBUG[0m [2methereum_transaction_pool_monitor::mempool_monitor[0m[2m:[0m 📨 Processing new pending transaction: 0x4a99087e7a355d9cdeb32f4d848c31cb1d9c65cad4906634d3c453ecc84a34b4
[2m2025-12-10T10:13:30.077702Z[0m [34mDEBUG[0m [2methereum_transaction_pool_monitor::mempool_monitor[0m[2m:[0m 🔍 Fetching transaction details for: 0x4a99087e7a355d9cdeb32f4d848c31cb1d9c65cad4906634d3c453ecc84a34b4
[2m2025-12-10T10:13:30.077709Z[0m [34mDEBUG[0m [2methereum_transaction_pool_monitor::eth_client[0m[2m:[0m 🔍 Fetching transaction details for hash: 0x4a99087e7a355d9cdeb32f4d848c31cb1d9c65cad4906634d3c453ecc84a34b4
[2m2025-12-10T10:13:30.077720Z[0m [34mDEBUG[0m [2mhyper::client::pool[0m[2m:[0m reuse idle connection for ("http", 192.168.0.14:8545)
[2m2025-12-10T10:13:30.077733Z[0m [34mDEBUG[0m [2mhyper::proto::h1::io[0m[2m:[0m flushed 250 bytes
[2m2025-12-10T10:13:30.081407Z[0m [34mDEBUG[0m [2mhyper::proto::h1::io[0m[2m:[0m parsed 4 headers
[2m2025-12-10T10:13:30.081415Z[0m [34mDEBUG[0m [2mhyper::proto::h1::conn[0m[2m:[0m incoming body is content-length (45 bytes)
[2m2025-12-10T10:13:30.081579Z[0m [34mDEBUG[0m [2mhyper::proto::h1::conn[0m[2m:[0m incoming body completed
[2m2025-12-10T10:13:30.081588Z[0m [34mDEBUG[0m [2mhyper::client::pool[0m[2m:[0m pooling idle connection for ("http", 192.168.0.14:8545)
[2m2025-12-10T10:13:30.082740Z[0m [34mDEBUG[0m [2mhyper::proto::h1::io[0m[2m:[0m parsed 4 headers
[2m2025-12-10T10:13:30.082747Z[0m [34mDEBUG[0m [2mhyper::proto::h1::conn[0m[2m:[0m incoming body is content-length (554 bytes)
[2m2025-12-10T10:13:30.082755Z[0m [34mDEBUG[0m [2mhyper::proto::h1::conn[0m[2m:[0m incoming body completed
[2m2025-12-10T10:13:30.082764Z[0m [34mDEBUG[0m [2mhyper::client::pool[0m[2m:[0m pooling idle connection for ("http", 192.168.0.14:8545)
[2m2025-12-10T10:13:30.082769Z[0m [34mDEBUG[0m [2methereum_transaction_pool_monitor::eth_client[0m[2m:[0m 📡 Transaction fetch RPC completed in 5.05375ms
[2m2025-12-10T10:13:30.154153Z[0m [34mDEBUG[0m [2methereum_transaction_pool_monitor::eth_client[0m[2m:[0m ✅ Transaction 0x4a99087e7a355d9cdeb32f4d848c31cb1d9c65cad4906634d3c453ecc84a34b4 fetched and parsed in 76.435583ms
[2m2025-12-10T10:13:30.154182Z[0m [34mDEBUG[0m [2methereum_transaction_pool_monitor::mempool_monitor[0m[2m:[0m 🔍 Skipping tx 0x4a99087e7a355d9cdeb32f4d848c31cb1d9c65cad4906634d3c453ecc84a34b4 - not a DEX interaction (target: 0xDa060EE7535933F41D5a3Fe86d26c3Ba56609b77)
[2m2025-12-10T10:13:30.154223Z[0m [34mDEBUG[0m [2mhyper::client::pool[0m[2m:[0m reuse idle connection for ("http", 192.168.0.14:8545)
[2m2025-12-10T10:13:30.154253Z[0m [34mDEBUG[0m [2methereum_transaction_pool_monitor::eth_client[0m[2m:[0m 📨 Received WebSocket message: {"jsonrpc":"2.0","method":"eth_subscription","params":{"subscription":"0xbed0a0851463e895960a451075a301a9","result":"0x40d47944ea10a1abe5c0514752383a8c18367bb78479992741c7cb35617052a3"}}
[2m2025-12-10T10:13:30.154260Z[0m [34mDEBUG[0m [2mhyper::proto::h1::io[0m[2m:[0m flushed 172 bytes
[2m2025-12-10T10:13:30.154266Z[0m [34mDEBUG[0m [2methereum_transaction_pool_monitor::eth_client[0m[2m:[0m 📨 Received pending transaction: 0x40d47944ea10a1abe5c0514752383a8c18367bb78479992741c7cb35617052a3
[2m2025-12-10T10:13:30.154274Z[0m [34mDEBUG[0m [2methereum_transaction_pool_monitor::eth_client[0m[2m:[0m 📨 Received WebSocket message: {"jsonrpc":"2.0","method":"eth_subscription","params":{"subscription":"0xbed0a0851463e895960a451075a301a9","result":"0x4ce28c3036fee57fee11cd27b0a0c7ed99994959895cef8950ba3dcaf77a74ed"}}
[2m2025-12-10T10:13:30.154279Z[0m [34mDEBUG[0m [2methereum_transaction_pool_monitor::eth_client[0m[2m:[0m 📨 Received pending transaction: 0x4ce28c3036fee57fee11cd27b0a0c7ed99994959895cef8950ba3dcaf77a74ed
[2m2025-12-10T10:13:30.154285Z[0m [34mDEBUG[0m [2methereum_transaction_pool_monitor::mempool_monitor[0m[2m:[0m 📨 Processing new pending transaction: 0x40d47944ea10a1abe5c0514752383a8c18367bb78479992741c7cb35617052a3
[2m2025-12-10T10:13:30.154291Z[0m [34mDEBUG[0m [2methereum_transaction_pool_monitor::mempool_monitor[0m[2m:[0m 🔍 Fetching transaction details for: 0x40d47944ea10a1abe5c0514752383a8c18367bb78479992741c7cb35617052a3
[2m2025-12-10T10:13:30.154295Z[0m [34mDEBUG[0m [2methereum_transaction_pool_monitor::eth_client[0m[2m:[0m 🔍 Fetching transaction details for hash: 0x40d47944ea10a1abe5c0514752383a8c18367bb78479992741c7cb35617052a3
[2m2025-12-10T10:13:30.154309Z[0m [34mDEBUG[0m [2mhyper::client::pool[0m[2m:[0m reuse idle connection for ("http", 192.168.0.14:8545)
[2m2025-12-10T10:13:30.154328Z[0m [34mDEBUG[0m [2mhyper::proto::h1::io[0m[2m:[0m flushed 250 bytes
[2m2025-12-10T10:13:30.160311Z[0m [34mDEBUG[0m [2mhyper::proto::h1::io[0m[2m:[0m parsed 4 headers
[2m2025-12-10T10:13:30.160321Z[0m [34mDEBUG[0m [2mhyper::proto::h1::conn[0m[2m:[0m incoming body is content-length (45 bytes)
[2m2025-12-10T10:13:30.160332Z[0m [34mDEBUG[0m [2mhyper::proto::h1::conn[0m[2m:[0m incoming body completed
[2m2025-12-10T10:13:30.160341Z[0m [34mDEBUG[0m [2mhyper::client::pool[0m[2m:[0m pooling idle connection for ("http", 192.168.0.14:8545)
[2m2025-12-10T10:13:30.163688Z[0m [34mDEBUG[0m [2mhyper::proto::h1::io[0m[2m:[0m parsed 4 headers
[2m2025-12-10T10:13:30.163698Z[0m [34mDEBUG[0m [2mhyper::proto::h1::conn[0m[2m:[0m incoming body is content-length (771 bytes)
[2m2025-12-10T10:13:30.163706Z[0m [34mDEBUG[0m [2mhyper::proto::h1::conn[0m[2m:[0m incoming body completed
[2m2025-12-10T10:13:30.163714Z[0m [34mDEBUG[0m [2mhyper::client::pool[0m[2m:[0m pooling idle connection for ("http", 192.168.0.14:8545)
[2m2025-12-10T10:13:30.163719Z[0m [34mDEBUG[0m [2methereum_transaction_pool_monitor::eth_client[0m[2m:[0m 📡 Transaction fetch RPC completed in 9.41725ms
[2m2025-12-10T10:13:30.163734Z[0m [34mDEBUG[0m [2methereum_transaction_pool_monitor::eth_client[0m[2m:[0m DeFi transaction detected - Address: 0xdac17f958d2ee523a2206206994597c13d831ec7, Type: Stablecoin, Value: 0 ETH, Gas: 1.66 Gwei
[2m2025-12-10T10:13:30.163748Z[0m [34mDEBUG[0m [2methereum_transaction_pool_monitor::eth_client[0m[2m:[0m ✅ Transaction 0x40d47944ea10a1abe5c0514752383a8c18367bb78479992741c7cb35617052a3 fetched and parsed in 9.445959ms
[2m2025-12-10T10:13:30.163756Z[0m [34mDEBUG[0m [2methereum_transaction_pool_monitor::mempool_monitor[0m[2m:[0m 🔍 Skipping tx 0x40d47944ea10a1abe5c0514752383a8c18367bb78479992741c7cb35617052a3 - not a DEX interaction (target: 0xdAC17F958D2ee523a2206206994597C13D831ec7)
[2m2025-12-10T10:13:30.163762Z[0m [34mDEBUG[0m [2methereum_transaction_pool_monitor::mempool_monitor[0m[2m:[0m 📨 Processing new pending transaction: 0x4ce28c3036fee57fee11cd27b0a0c7ed99994959895cef8950ba3dcaf77a74ed
[2m2025-12-10T10:13:30.163769Z[0m [34mDEBUG[0m [2methereum_transaction_pool_monitor::mempool_monitor[0m[2m:[0m 🔍 Fetching transaction details for: 0x4ce28c3036fee57fee11cd27b0a0c7ed99994959895cef8950ba3dcaf77a74ed
[2m2025-12-10T10:13:30.163773Z[0m [34mDEBUG[0m [2methereum_transaction_pool_monitor::eth_client[0m[2m:[0m 🔍 Fetching transaction details for hash: 0x4ce28c3036fee57fee11cd27b0a0c7ed99994959895cef8950ba3dcaf77a74ed
[2m2025-12-10T10:13:30.163781Z[0m [34mDEBUG[0m [2mhyper::client::pool[0m[2m:[0m reuse idle connection for ("http", 192.168.0.14:8545)
[2m2025-12-10T10:13:30.163795Z[0m [34mDEBUG[0m [2mhyper::proto::h1::io[0m[2m:[0m flushed 250 bytes
[2m2025-12-10T10:13:30.170028Z[0m [34mDEBUG[0m [2mhyper::proto::h1::io[0m[2m:[0m parsed 4 headers
[2m2025-12-10T10:13:30.170033Z[0m [34mDEBUG[0m [2mhyper::proto::h1::conn[0m[2m:[0m incoming body is content-length (3855 bytes)
[2m2025-12-10T10:13:30.170039Z[0m [34mDEBUG[0m [2mhyper::proto::h1::conn[0m[2m:[0m incoming body completed
[2m2025-12-10T10:13:30.170045Z[0m [34mDEBUG[0m [2mhyper::client::pool[0m[2m:[0m pooling idle connection for ("http", 192.168.0.14:8545)
[2m2025-12-10T10:13:30.170050Z[0m [34mDEBUG[0m [2methereum_transaction_pool_monitor::eth_client[0m[2m:[0m 📡 Transaction fetch RPC completed in 6.272625ms
[2m2025-12-10T10:13:30.250234Z[0m [34mDEBUG[0m [2methereum_transaction_pool_monitor::eth_client[0m[2m:[0m ✅ Transaction 0x4ce28c3036fee57fee11cd27b0a0c7ed99994959895cef8950ba3dcaf77a74ed fetched and parsed in 86.4545ms
[2m2025-12-10T10:13:30.250263Z[0m [34mDEBUG[0m [2methereum_transaction_pool_monitor::mempool_monitor[0m[2m:[0m 🔍 Skipping tx 0x4ce28c3036fee57fee11cd27b0a0c7ed99994959895cef8950ba3dcaf77a74ed - not a DEX interaction (target: 0x1231DEB6f5749EF6cE6943a275A1D3E7486F4EaE)
[2m2025-12-10T10:13:30.250311Z[0m [34mDEBUG[0m [2mhyper::client::pool[0m[2m:[0m reuse idle connection for ("http", 192.168.0.14:8545)
[2m2025-12-10T10:13:30.250368Z[0m [34mDEBUG[0m [2mhyper::proto::h1::io[0m[2m:[0m flushed 172 bytes
[2m2025-12-10T10:13:30.253441Z[0m [34mDEBUG[0m [2mhyper::proto::h1::io[0m[2m:[0m parsed 4 headers
[2m2025-12-10T10:13:30.253447Z[0m [34mDEBUG[0m [2mhyper::proto::h1::conn[0m[2m:[0m incoming body is content-length (45 bytes)
[2m2025-12-10T10:13:30.253455Z[0m [34mDEBUG[0m [2mhyper::proto::h1::conn[0m[2m:[0m incoming body completed
[2m2025-12-10T10:13:30.253462Z[0m [34mDEBUG[0m [2mhyper::client::pool[0m[2m:[0m pooling idle connection for ("http", 192.168.0.14:8545)
[2m2025-12-10T10:13:30.262166Z[0m [34mDEBUG[0m [2methereum_transaction_pool_monitor::eth_client[0m[2m:[0m 📨 Received WebSocket message: {"jsonrpc":"2.0","method":"eth_subscription","params":{"subscription":"0xbed0a0851463e895960a451075a301a9","result":"0x342ed0fb0b92aa831e5b4d8092550ed98a5249bd73117cc9f44151fd93796368"}}
[2m2025-12-10T10:13:30.262175Z[0m [34mDEBUG[0m [2methereum_transaction_pool_monitor::eth_client[0m[2m:[0m 📨 Received pending transaction: 0x342ed0fb0b92aa831e5b4d8092550ed98a5249bd73117cc9f44151fd93796368
[2m2025-12-10T10:13:30.262182Z[0m [34mDEBUG[0m [2methereum_transaction_pool_monitor::mempool_monitor[0m[2m:[0m 📨 Processing new pending transaction: 0x342ed0fb0b92aa831e5b4d8092550ed98a5249bd73117cc9f44151fd93796368
[2m2025-12-10T10:13:30.262186Z[0m [34mDEBUG[0m [2methereum_transaction_pool_monitor::mempool_monitor[0m[2m:[0m 🔍 Fetching transaction details for: 0x342ed0fb0b92aa831e5b4d8092550ed98a5249bd73117cc9f44151fd93796368
[2m2025-12-10T10:13:30.262190Z[0m [34mDEBUG[0m [2methereum_transaction_pool_monitor::eth_client[0m[2m:[0m 🔍 Fetching transaction details for hash: 0x342ed0fb0b92aa831e5b4d8092550ed98a5249bd73117cc9f44151fd93796368
[2m2025-12-10T10:13:30.262203Z[0m [34mDEBUG[0m [2mhyper::client::pool[0m[2m:[0m reuse idle connection for ("http", 192.168.0.14:8545)
[2m2025-12-10T10:13:30.262217Z[0m [34mDEBUG[0m [2mhyper::proto::h1::io[0m[2m:[0m flushed 250 bytes
[2m2025-12-10T10:13:30.273420Z[0m [34mDEBUG[0m [2mhyper::proto::h1::io[0m[2m:[0m parsed 4 headers
[2m2025-12-10T10:13:30.273428Z[0m [34mDEBUG[0m [2mhyper::proto::h1::conn[0m[2m:[0m incoming body is content-length (6852 bytes)
[2m2025-12-10T10:13:30.273437Z[0m [34mDEBUG[0m [2mhyper::proto::h1::conn[0m[2m:[0m incoming body completed
[2m2025-12-10T10:13:30.273446Z[0m [34mDEBUG[0m [2mhyper::client::pool[0m[2m:[0m pooling idle connection for ("http", 192.168.0.14:8545)
[2m2025-12-10T10:13:30.273453Z[0m [34mDEBUG[0m [2methereum_transaction_pool_monitor::eth_client[0m[2m:[0m 📡 Transaction fetch RPC completed in 11.258208ms
[2m2025-12-10T10:13:30.379844Z[0m [34mDEBUG[0m [2methereum_transaction_pool_monitor::eth_client[0m[2m:[0m ✅ Transaction 0x342ed0fb0b92aa831e5b4d8092550ed98a5249bd73117cc9f44151fd93796368 fetched and parsed in 117.646167ms
[2m2025-12-10T10:13:30.379872Z[0m [34mDEBUG[0m [2methereum_transaction_pool_monitor::mempool_monitor[0m[2m:[0m 🔍 Skipping tx 0x342ed0fb0b92aa831e5b4d8092550ed98a5249bd73117cc9f44151fd93796368 - not a DEX interaction (target: 0x6131B5fae19EA4f9D964eAc0408E4408b66337b5)
[2m2025-12-10T10:13:30.379923Z[0m [34mDEBUG[0m [2mhyper::client::pool[0m[2m:[0m reuse idle connection for ("http", 192.168.0.14:8545)
[2m2025-12-10T10:13:30.379982Z[0m [34mDEBUG[0m [2mhyper::proto::h1::io[0m[2m:[0m flushed 172 bytes
[2m2025-12-10T10:13:30.384759Z[0m [34mDEBUG[0m [2mhyper::proto::h1::io[0m[2m:[0m parsed 4 headers
[2m2025-12-10T10:13:30.384766Z[0m [34mDEBUG[0m [2mhyper::proto::h1::conn[0m[2m:[0m incoming body is content-length (45 bytes)
[2m2025-12-10T10:13:30.384773Z[0m [34mDEBUG[0m [2mhyper::proto::h1::conn[0m[2m:[0m incoming body completed
[2m2025-12-10T10:13:30.384781Z[0m [34mDEBUG[0m [2mhyper::client::pool[0m[2m:[0m pooling idle connection for ("http", 192.168.0.14:8545)
[2m2025-12-10T10:13:30.399813Z[0m [34mDEBUG[0m [2mhyper::client::pool[0m[2m:[0m reuse idle connection for ("http", 192.168.0.14:8545)
[2m2025-12-10T10:13:30.401573Z[0m [34mDEBUG[0m [2mhyper::proto::h1::io[0m[2m:[0m flushed 172 bytes
[2m2025-12-10T10:13:30.404478Z[0m [34mDEBUG[0m [2mhyper::proto::h1::io[0m[2m:[0m parsed 4 headers
[2m2025-12-10T10:13:30.404484Z[0m [34mDEBUG[0m [2mhyper::proto::h1::conn[0m[2m:[0m incoming body is content-length (45 bytes)
[2m2025-12-10T10:13:30.404493Z[0m [34mDEBUG[0m [2mhyper::proto::h1::conn[0m[2m:[0m incoming body completed
[2m2025-12-10T10:13:30.404501Z[0m [34mDEBUG[0m [2mhyper::client::pool[0m[2m:[0m pooling idle connection for ("http", 192.168.0.14:8545)
[2m2025-12-10T10:13:30.499448Z[0m [34mDEBUG[0m [2mhyper::client::pool[0m[2m:[0m reuse idle connection for ("http", 192.168.0.14:8545)
[2m2025-12-10T10:13:30.499491Z[0m [34mDEBUG[0m [2mhyper::proto::h1::io[0m[2m:[0m flushed 172 bytes
[2m2025-12-10T10:13:30.502838Z[0m [34mDEBUG[0m [2mhyper::proto::h1::io[0m[2m:[0m parsed 4 headers
[2m2025-12-10T10:13:30.502844Z[0m [34mDEBUG[0m [2mhyper::proto::h1::conn[0m[2m:[0m incoming body is content-length (45 bytes)
[2m2025-12-10T10:13:30.502851Z[0m [34mDEBUG[0m [2mhyper::proto::h1::conn[0m[2m:[0m incoming body completed
[2m2025-12-10T10:13:30.502860Z[0m [34mDEBUG[0m [2mhyper::client::pool[0m[2m:[0m pooling idle connection for ("http", 192.168.0.14:8545)
[2m2025-12-10T10:13:30.555834Z[0m [34mDEBUG[0m [2methereum_transaction_pool_monitor::eth_client[0m[2m:[0m 📨 Received WebSocket message: {"jsonrpc":"2.0","method":"eth_subscription","params":{"subscription":"0xbed0a0851463e895960a451075a301a9","result":"0x5217bfed10282ce8f0d3be98620a67943f80ee644c527c4fbd1049851e4a51b8"}}
[2m2025-12-10T10:13:30.555850Z[0m [34mDEBUG[0m [2methereum_transaction_pool_monitor::eth_client[0m[2m:[0m 📨 Received pending transaction: 0x5217bfed10282ce8f0d3be98620a67943f80ee644c527c4fbd1049851e4a51b8
[2m2025-12-10T10:13:30.555858Z[0m [34mDEBUG[0m [2methereum_transaction_pool_monitor::mempool_monitor[0m[2m:[0m 📨 Processing new pending transaction: 0x5217bfed10282ce8f0d3be98620a67943f80ee644c527c4fbd1049851e4a51b8
[2m2025-12-10T10:13:30.555863Z[0m [34mDEBUG[0m [2methereum_transaction_pool_monitor::mempool_monitor[0m[2m:[0m 🔍 Fetching transaction details for: 0x5217bfed10282ce8f0d3be98620a67943f80ee644c527c4fbd1049851e4a51b8
[2m2025-12-10T10:13:30.555867Z[0m [34mDEBUG[0m [2methereum_transaction_pool_monitor::eth_client[0m[2m:[0m 🔍 Fetching transaction details for hash: 0x5217bfed10282ce8f0d3be98620a67943f80ee644c527c4fbd1049851e4a51b8
[2m2025-12-10T10:13:30.555886Z[0m [34mDEBUG[0m [2mhyper::client::pool[0m[2m:[0m reuse idle connection for ("http", 192.168.0.14:8545)
[2m2025-12-10T10:13:30.555907Z[0m [34mDEBUG[0m [2mhyper::proto::h1::io[0m[2m:[0m flushed 250 bytes
[2m2025-12-10T10:13:30.564969Z[0m [34mDEBUG[0m [2mhyper::proto::h1::io[0m[2m:[0m parsed 4 headers
[2m2025-12-10T10:13:30.564977Z[0m [34mDEBUG[0m [2mhyper::proto::h1::conn[0m[2m:[0m incoming body is content-length (656 bytes)
[2m2025-12-10T10:13:30.564984Z[0m [34mDEBUG[0m [2mhyper::proto::h1::conn[0m[2m:[0m incoming body completed
[2m2025-12-10T10:13:30.564994Z[0m [34mDEBUG[0m [2mhyper::client::pool[0m[2m:[0m pooling idle connection for ("http", 192.168.0.14:8545)
[2m2025-12-10T10:13:30.565001Z[0m [34mDEBUG[0m [2methereum_transaction_pool_monitor::eth_client[0m[2m:[0m 📡 Transaction fetch RPC completed in 9.129084ms
[2m2025-12-10T10:13:30.767196Z[0m [34mDEBUG[0m [2methereum_transaction_pool_monitor::eth_client[0m[2m:[0m ✅ Transaction 0x5217bfed10282ce8f0d3be98620a67943f80ee644c527c4fbd1049851e4a51b8 fetched and parsed in 211.320625ms
[2m2025-12-10T10:13:30.767480Z[0m [34mDEBUG[0m [2methereum_transaction_pool_monitor::mempool_monitor[0m[2m:[0m 🔍 Skipping tx 0x5217bfed10282ce8f0d3be98620a67943f80ee644c527c4fbd1049851e4a51b8 - not a DEX interaction (target: 0x0bD136e84767758Adda954ee2f8e71D7cd785D1f)
[2m2025-12-10T10:13:30.767533Z[0m [34mDEBUG[0m [2methereum_transaction_pool_monitor::eth_client[0m[2m:[0m 📨 Received WebSocket message: {"jsonrpc":"2.0","method":"eth_subscription","params":{"subscription":"0xbed0a0851463e895960a451075a301a9","result":"0xa3635e1d8d4714f8f9265280e0bfea211032e59c728d82ecae535efb89ea30e8"}}
[2m2025-12-10T10:13:30.767539Z[0m [34mDEBUG[0m [2mhyper::client::pool[0m[2m:[0m reuse idle connection for ("http", 192.168.0.14:8545)
[2m2025-12-10T10:13:30.767676Z[0m [34mDEBUG[0m [2methereum_transaction_pool_monitor::eth_client[0m[2m:[0m 📨 Received pending transaction: 0xa3635e1d8d4714f8f9265280e0bfea211032e59c728d82ecae535efb89ea30e8
[2m2025-12-10T10:13:30.767685Z[0m [34mDEBUG[0m [2methereum_transaction_pool_monitor::eth_client[0m[2m:[0m 📨 Received WebSocket message: {"jsonrpc":"2.0","method":"eth_subscription","params":{"subscription":"0xbed0a0851463e895960a451075a301a9","result":"0xfb41ba6c4fa7c30b471a6603f34788e0bf50ada9c474ac4e38bb2165e65c7c42"}}
[2m2025-12-10T10:13:30.767691Z[0m [34mDEBUG[0m [2methereum_transaction_pool_monitor::eth_client[0m[2m:[0m 📨 Received pending transaction: 0xfb41ba6c4fa7c30b471a6603f34788e0bf50ada9c474ac4e38bb2165e65c7c42
[2m2025-12-10T10:13:30.767696Z[0m [34mDEBUG[0m [2methereum_transaction_pool_monitor::mempool_monitor[0m[2m:[0m 📨 Processing new pending transaction: 0xa3635e1d8d4714f8f9265280e0bfea211032e59c728d82ecae535efb89ea30e8
[2m2025-12-10T10:13:30.767698Z[0m [34mDEBUG[0m [2mhyper::proto::h1::io[0m[2m:[0m flushed 172 bytes
[2m2025-12-10T10:13:30.767703Z[0m [34mDEBUG[0m [2methereum_transaction_pool_monitor::mempool_monitor[0m[2m:[0m 🔍 Fetching transaction details for: 0xa3635e1d8d4714f8f9265280e0bfea211032e59c728d82ecae535efb89ea30e8
[2m2025-12-10T10:13:30.767712Z[0m [34mDEBUG[0m [2methereum_transaction_pool_monitor::eth_client[0m[2m:[0m 🔍 Fetching transaction details for hash: 0xa3635e1d8d4714f8f9265280e0bfea211032e59c728d82ecae535efb89ea30e8
[2m2025-12-10T10:13:30.767721Z[0m [34mDEBUG[0m [2mhyper::client::pool[0m[2m:[0m reuse idle connection for ("http", 192.168.0.14:8545)
[2m2025-12-10T10:13:30.767737Z[0m [34mDEBUG[0m [2mhyper::proto::h1::io[0m[2m:[0m flushed 250 bytes
[2m2025-12-10T10:13:30.773891Z[0m [34mDEBUG[0m [2mhyper::proto::h1::io[0m[2m:[0m parsed 4 headers
[2m2025-12-10T10:13:30.773898Z[0m [34mDEBUG[0m [2mhyper::proto::h1::conn[0m[2m:[0m incoming body is content-length (45 bytes)
[2m2025-12-10T10:13:30.773905Z[0m [34mDEBUG[0m [2mhyper::proto::h1::conn[0m[2m:[0m incoming body completed
[2m2025-12-10T10:13:30.773913Z[0m [34mDEBUG[0m [2mhyper::client::pool[0m[2m:[0m pooling idle connection for ("http", 192.168.0.14:8545)
[2m2025-12-10T10:13:30.773930Z[0m [34mDEBUG[0m [2mhyper::client::pool[0m[2m:[0m reuse idle connection for ("http", 192.168.0.14:8545)
[2m2025-12-10T10:13:30.773947Z[0m [34mDEBUG[0m [2mhyper::proto::h1::io[0m[2m:[0m flushed 172 bytes
[2m2025-12-10T10:13:30.779403Z[0m [34mDEBUG[0m [2mhyper::proto::h1::io[0m[2m:[0m parsed 4 headers
[2m2025-12-10T10:13:30.779409Z[0m [34mDEBUG[0m [2mhyper::proto::h1::conn[0m[2m:[0m incoming body is content-length (646 bytes)
[2m2025-12-10T10:13:30.779414Z[0m [34mDEBUG[0m [2mhyper::proto::h1::conn[0m[2m:[0m incoming body completed
[2m2025-12-10T10:13:30.779421Z[0m [34mDEBUG[0m [2mhyper::client::pool[0m[2m:[0m pooling idle connection for ("http", 192.168.0.14:8545)
[2m2025-12-10T10:13:30.779428Z[0m [34mDEBUG[0m [2methereum_transaction_pool_monitor::eth_client[0m[2m:[0m 📡 Transaction fetch RPC completed in 11.711542ms
[2m2025-12-10T10:13:30.852482Z[0m [34mDEBUG[0m [2methereum_transaction_pool_monitor::eth_client[0m[2m:[0m ✅ Transaction 0xa3635e1d8d4714f8f9265280e0bfea211032e59c728d82ecae535efb89ea30e8 fetched and parsed in 84.763417ms
[2m2025-12-10T10:13:30.852509Z[0m [34mDEBUG[0m [2methereum_transaction_pool_monitor::mempool_monitor[0m[2m:[0m 🔍 Skipping tx 0xa3635e1d8d4714f8f9265280e0bfea211032e59c728d82ecae535efb89ea30e8 - not a DEX interaction (target: 0x021a5C18764Fc03c9Ebb770071ae3C9387e1C824)
[2m2025-12-10T10:13:30.852521Z[0m [34mDEBUG[0m [2methereum_transaction_pool_monitor::mempool_monitor[0m[2m:[0m 📨 Processing new pending transaction: 0xfb41ba6c4fa7c30b471a6603f34788e0bf50ada9c474ac4e38bb2165e65c7c42
[2m2025-12-10T10:13:30.852529Z[0m [34mDEBUG[0m [2methereum_transaction_pool_monitor::mempool_monitor[0m[2m:[0m 🔍 Fetching transaction details for: 0xfb41ba6c4fa7c30b471a6603f34788e0bf50ada9c474ac4e38bb2165e65c7c42
[2m2025-12-10T10:13:30.852535Z[0m [34mDEBUG[0m [2methereum_transaction_pool_monitor::eth_client[0m[2m:[0m 🔍 Fetching transaction details for hash: 0xfb41ba6c4fa7c30b471a6603f34788e0bf50ada9c474ac4e38bb2165e65c7c42
[2m2025-12-10T10:13:30.852556Z[0m [34mDEBUG[0m [2mhyper::client::pool[0m[2m:[0m reuse idle connection for ("http", 192.168.0.14:8545)
[2m2025-12-10T10:13:30.852607Z[0m [34mDEBUG[0m [2mhyper::proto::h1::io[0m[2m:[0m flushed 250 bytes
[2m2025-12-10T10:13:30.852624Z[0m [34mDEBUG[0m [2mhyper::proto::h1::io[0m[2m:[0m parsed 4 headers
[2m2025-12-10T10:13:30.852629Z[0m [34mDEBUG[0m [2mhyper::proto::h1::conn[0m[2m:[0m incoming body is content-length (45 bytes)
[2m2025-12-10T10:13:30.852637Z[0m [34mDEBUG[0m [2mhyper::proto::h1::conn[0m[2m:[0m incoming body completed
[2m2025-12-10T10:13:30.852647Z[0m [34mDEBUG[0m [2mhyper::client::pool[0m[2m:[0m pooling idle connection for ("http", 192.168.0.14:8545)
[2m2025-12-10T10:13:30.852665Z[0m [34mDEBUG[0m [2mhyper::client::pool[0m[2m:[0m reuse idle connection for ("http", 192.168.0.14:8545)
[2m2025-12-10T10:13:30.852682Z[0m [34mDEBUG[0m [2mhyper::proto::h1::io[0m[2m:[0m flushed 172 bytes
[2m2025-12-10T10:13:30.857986Z[0m [34mDEBUG[0m [2mhyper::proto::h1::io[0m[2m:[0m parsed 4 headers
[2m2025-12-10T10:13:30.860926Z[0m [34mDEBUG[0m [2mhyper::proto::h1::conn[0m[2m:[0m incoming body is content-length (771 bytes)
[2m2025-12-10T10:13:30.860942Z[0m [34mDEBUG[0m [2mhyper::proto::h1::conn[0m[2m:[0m incoming body completed
[2m2025-12-10T10:13:30.860956Z[0m [34mDEBUG[0m [2mhyper::client::pool[0m[2m:[0m pooling idle connection for ("http", 192.168.0.14:8545)
[2m2025-12-10T10:13:30.860966Z[0m [34mDEBUG[0m [2methereum_transaction_pool_monitor::eth_client[0m[2m:[0m 📡 Transaction fetch RPC completed in 8.426708ms
[2m2025-12-10T10:13:30.935975Z[0m [34mDEBUG[0m [2methereum_transaction_pool_monitor::eth_client[0m[2m:[0m ✅ Transaction 0xfb41ba6c4fa7c30b471a6603f34788e0bf50ada9c474ac4e38bb2165e65c7c42 fetched and parsed in 83.428666ms
[2m2025-12-10T10:13:30.936007Z[0m [34mDEBUG[0m [2methereum_transaction_pool_monitor::mempool_monitor[0m[2m:[0m 🔍 Skipping tx 0xfb41ba6c4fa7c30b471a6603f34788e0bf50ada9c474ac4e38bb2165e65c7c42 - not a DEX interaction (target: 0xB8f28C60dD8240141185a192fa4156A23E189305)
[2m2025-12-10T10:13:30.936054Z[0m [34mDEBUG[0m [2mhyper::proto::h1::io[0m[2m:[0m parsed 4 headers
[2m2025-12-10T10:13:30.936060Z[0m [34mDEBUG[0m [2mhyper::proto::h1::conn[0m[2m:[0m incoming body is content-length (45 bytes)
[2m2025-12-10T10:13:30.936072Z[0m [34mDEBUG[0m [2mhyper::proto::h1::conn[0m[2m:[0m incoming body completed
[2m2025-12-10T10:13:30.936084Z[0m [34mDEBUG[0m [2mhyper::client::pool[0m[2m:[0m pooling idle connection for ("http", 192.168.0.14:8545)
[2m2025-12-10T10:13:30.936118Z[0m [34mDEBUG[0m [2mhyper::client::pool[0m[2m:[0m reuse idle connection for ("http", 192.168.0.14:8545)
[2m2025-12-10T10:13:30.936143Z[0m [34mDEBUG[0m [2mhyper::proto::h1::io[0m[2m:[0m flushed 172 bytes
[2m2025-12-10T10:13:30.940221Z[0m [34mDEBUG[0m [2mhyper::proto::h1::io[0m[2m:[0m parsed 4 headers
[2m2025-12-10T10:13:30.940228Z[0m [34mDEBUG[0m [2mhyper::proto::h1::conn[0m[2m:[0m incoming body is content-length (45 bytes)
[2m2025-12-10T10:13:30.940233Z[0m [34mDEBUG[0m [2mhyper::proto::h1::conn[0m[2m:[0m incoming body completed
[2m2025-12-10T10:13:30.940239Z[0m [34mDEBUG[0m [2mhyper::client::pool[0m[2m:[0m pooling idle connection for ("http", 192.168.0.14:8545)
[2m2025-12-10T10:13:30.979257Z[0m [34mDEBUG[0m [2methereum_transaction_pool_monitor::eth_client[0m[2m:[0m 📨 Received WebSocket message: {"jsonrpc":"2.0","method":"eth_subscription","params":{"subscription":"0xbed0a0851463e895960a451075a301a9","result":"0x611fc9bd3a7380304e1e338ce23fa76fe00d5cc0b572475e0dbf1c892d6698bd"}}
[2m2025-12-10T10:13:30.979279Z[0m [34mDEBUG[0m [2methereum_transaction_pool_monitor::eth_client[0m[2m:[0m 📨 Received pending transaction: 0x611fc9bd3a7380304e1e338ce23fa76fe00d5cc0b572475e0dbf1c892d6698bd
[2m2025-12-10T10:13:30.979293Z[0m [34mDEBUG[0m [2methereum_transaction_pool_monitor::mempool_monitor[0m[2m:[0m 📨 Processing new pending transaction: 0x611fc9bd3a7380304e1e338ce23fa76fe00d5cc0b572475e0dbf1c892d6698bd
[2m2025-12-10T10:13:30.979300Z[0m [34mDEBUG[0m [2methereum_transaction_pool_monitor::mempool_monitor[0m[2m:[0m 🔍 Fetching transaction details for: 0x611fc9bd3a7380304e1e338ce23fa76fe00d5cc0b572475e0dbf1c892d6698bd
[2m2025-12-10T10:13:30.979305Z[0m [34mDEBUG[0m [2methereum_transaction_pool_monitor::eth_client[0m[2m:[0m 🔍 Fetching transaction details for hash: 0x611fc9bd3a7380304e1e338ce23fa76fe00d5cc0b572475e0dbf1c892d6698bd
[2m2025-12-10T10:13:30.979326Z[0m [34mDEBUG[0m [2mhyper::client::pool[0m[2m:[0m reuse idle connection for ("http", 192.168.0.14:8545)
[2m2025-12-10T10:13:30.979350Z[0m [34mDEBUG[0m [2mhyper::proto::h1::io[0m[2m:[0m flushed 250 bytes
[2m2025-12-10T10:13:30.983974Z[0m [34mDEBUG[0m [2mhyper::proto::h1::io[0m[2m:[0m parsed 4 headers
[2m2025-12-10T10:13:30.983991Z[0m [34mDEBUG[0m [2mhyper::proto::h1::conn[0m[2m:[0m incoming body is content-length (774 bytes)
[2m2025-12-10T10:13:30.984000Z[0m [34mDEBUG[0m [2mhyper::proto::h1::conn[0m[2m:[0m incoming body completed
[2m2025-12-10T10:13:30.984010Z[0m [34mDEBUG[0m [2mhyper::client::pool[0m[2m:[0m pooling idle connection for ("http", 192.168.0.14:8545)
[2m2025-12-10T10:13:30.984018Z[0m [34mDEBUG[0m [2methereum_transaction_pool_monitor::eth_client[0m[2m:[0m 📡 Transaction fetch RPC completed in 4.708583ms
[2m2025-12-10T10:13:30.984037Z[0m [34mDEBUG[0m [2methereum_transaction_pool_monitor::eth_client[0m[2m:[0m DeFi transaction detected - Address: 0x1f9840a85d5af5bf1d1762f925bdaddc4201f984, Type: TokenContract, Value: 0 ETH, Gas: 6.00 Gwei
[2m2025-12-10T10:13:30.984051Z[0m [34mDEBUG[0m [2methereum_transaction_pool_monitor::eth_client[0m[2m:[0m ✅ Transaction 0x611fc9bd3a7380304e1e338ce23fa76fe00d5cc0b572475e0dbf1c892d6698bd fetched and parsed in 4.741917ms
[2m2025-12-10T10:13:30.984058Z[0m [34mDEBUG[0m [2methereum_transaction_pool_monitor::mempool_monitor[0m[2m:[0m 🔍 Skipping tx 0x611fc9bd3a7380304e1e338ce23fa76fe00d5cc0b572475e0dbf1c892d6698bd - not a DEX interaction (target: 0x1f9840a85d5aF5bf1D1762F925BDADdC4201F984)
[2m2025-12-10T10:13:30.999399Z[0m [34mDEBUG[0m [2mhyper::client::pool[0m[2m:[0m reuse idle connection for ("http", 192.168.0.14:8545)
[2m2025-12-10T10:13:30.999439Z[0m [34mDEBUG[0m [2mhyper::proto::h1::io[0m[2m:[0m flushed 172 bytes
[2m2025-12-10T10:13:30.999790Z[0m [34mDEBUG[0m [2methereum_transaction_pool_monitor::eth_client[0m[2m:[0m 📨 Received WebSocket message: {"jsonrpc":"2.0","method":"eth_subscription","params":{"subscription":"0xbed0a0851463e895960a451075a301a9","result":"0xd8e7156d8e9461ba7fa2b771da06fc2dc174af37eebf07537d07c04f1033f00b"}}
[2m2025-12-10T10:13:30.999800Z[0m [34mDEBUG[0m [2methereum_transaction_pool_monitor::eth_client[0m[2m:[0m 📨 Received pending transaction: 0xd8e7156d8e9461ba7fa2b771da06fc2dc174af37eebf07537d07c04f1033f00b
[2m2025-12-10T10:13:30.999808Z[0m [34mDEBUG[0m [2methereum_transaction_pool_monitor::mempool_monitor[0m[2m:[0m 📨 Processing new pending transaction: 0xd8e7156d8e9461ba7fa2b771da06fc2dc174af37eebf07537d07c04f1033f00b
[2m2025-12-10T10:13:30.999813Z[0m [34mDEBUG[0m [2methereum_transaction_pool_monitor::mempool_monitor[0m[2m:[0m 🔍 Fetching transaction details for: 0xd8e7156d8e9461ba7fa2b771da06fc2dc174af37eebf07537d07c04f1033f00b
[2m2025-12-10T10:13:30.999817Z[0m [34mDEBUG[0m [2methereum_transaction_pool_monitor::eth_client[0m[2m:[0m 🔍 Fetching transaction details for hash: 0xd8e7156d8e9461ba7fa2b771da06fc2dc174af37eebf07537d07c04f1033f00b
[2m2025-12-10T10:13:30.999829Z[0m [34mDEBUG[0m [2mhyper::client::pool[0m[2m:[0m reuse idle connection for ("http", 192.168.0.14:8545)
[2m2025-12-10T10:13:30.999845Z[0m [34mDEBUG[0m [2mhyper::proto::h1::io[0m[2m:[0m flushed 250 bytes
[2m2025-12-10T10:13:31.005109Z[0m [34mDEBUG[0m [2mhyper::proto::h1::io[0m[2m:[0m parsed 4 headers
[2m2025-12-10T10:13:31.005126Z[0m [34mDEBUG[0m [2mhyper::proto::h1::conn[0m[2m:[0m incoming body is content-length (45 bytes)
[2m2025-12-10T10:13:31.005136Z[0m [34mDEBUG[0m [2mhyper::proto::h1::conn[0m[2m:[0m incoming body completed
[2m2025-12-10T10:13:31.005146Z[0m [34mDEBUG[0m [2mhyper::client::pool[0m[2m:[0m pooling idle connection for ("http", 192.168.0.14:8545)
[2m2025-12-10T10:13:31.010088Z[0m [34mDEBUG[0m [2mhyper::proto::h1::io[0m[2m:[0m parsed 4 headers
[2m2025-12-10T10:13:31.010101Z[0m [34mDEBUG[0m [2mhyper::proto::h1::conn[0m[2m:[0m incoming body is content-length (775 bytes)
[2m2025-12-10T10:13:31.010107Z[0m [34mDEBUG[0m [2mhyper::proto::h1::conn[0m[2m:[0m incoming body completed
[2m2025-12-10T10:13:31.010116Z[0m [34mDEBUG[0m [2mhyper::client::pool[0m[2m:[0m pooling idle connection for ("http", 192.168.0.14:8545)
[2m2025-12-10T10:13:31.010123Z[0m [34mDEBUG[0m [2methereum_transaction_pool_monitor::eth_client[0m[2m:[0m 📡 Transaction fetch RPC completed in 10.301083ms
[2m2025-12-10T10:13:31.010139Z[0m [34mDEBUG[0m [2methereum_transaction_pool_monitor::eth_client[0m[2m:[0m DeFi transaction detected - Address: 0xdac17f958d2ee523a2206206994597c13d831ec7, Type: Stablecoin, Value: 0 ETH, Gas: 12.00 Gwei
[2m2025-12-10T10:13:31.010152Z[0m [34mDEBUG[0m [2methereum_transaction_pool_monitor::eth_client[0m[2m:[0m ✅ Transaction 0xd8e7156d8e9461ba7fa2b771da06fc2dc174af37eebf07537d07c04f1033f00b fetched and parsed in 10.330541ms
[2m2025-12-10T10:13:31.010158Z[0m [34mDEBUG[0m [2methereum_transaction_pool_monitor::mempool_monitor[0m[2m:[0m 🔍 Skipping tx 0xd8e7156d8e9461ba7fa2b771da06fc2dc174af37eebf07537d07c04f1033f00b - not a DEX interaction (target: 0xdAC17F958D2ee523a2206206994597C13D831ec7)
[2m2025-12-10T10:13:31.042924Z[0m [34mDEBUG[0m [2methereum_transaction_pool_monitor::eth_client[0m[2m:[0m 📨 Received WebSocket message: {"jsonrpc":"2.0","method":"eth_subscription","params":{"subscription":"0xbed0a0851463e895960a451075a301a9","result":"0x5ded78014358cedd39dece91c73117d58f87fcc6ec5219b4090f43200f584760"}}
[2m2025-12-10T10:13:31.042944Z[0m [34mDEBUG[0m [2methereum_transaction_pool_monitor::eth_client[0m[2m:[0m 📨 Received pending transaction: 0x5ded78014358cedd39dece91c73117d58f87fcc6ec5219b4090f43200f584760
[2m2025-12-10T10:13:31.042953Z[0m [34mDEBUG[0m [2methereum_transaction_pool_monitor::mempool_monitor[0m[2m:[0m 📨 Processing new pending transaction: 0x5ded78014358cedd39dece91c73117d58f87fcc6ec5219b4090f43200f584760
[2m2025-12-10T10:13:31.042958Z[0m [34mDEBUG[0m [2methereum_transaction_pool_monitor::mempool_monitor[0m[2m:[0m 🔍 Fetching transaction details for: 0x5ded78014358cedd39dece91c73117d58f87fcc6ec5219b4090f43200f584760
[2m2025-12-10T10:13:31.042963Z[0m [34mDEBUG[0m [2methereum_transaction_pool_monitor::eth_client[0m[2m:[0m 🔍 Fetching transaction details for hash: 0x5ded78014358cedd39dece91c73117d58f87fcc6ec5219b4090f43200f584760
[2m2025-12-10T10:13:31.042984Z[0m [34mDEBUG[0m [2mhyper::client::pool[0m[2m:[0m reuse idle connection for ("http", 192.168.0.14:8545)
[2m2025-12-10T10:13:31.043015Z[0m [34mDEBUG[0m [2mhyper::proto::h1::io[0m[2m:[0m flushed 250 bytes
[2m2025-12-10T10:13:31.053154Z[0m [34mDEBUG[0m [2mhyper::proto::h1::io[0m[2m:[0m parsed 4 headers
[2m2025-12-10T10:13:31.053170Z[0m [34mDEBUG[0m [2mhyper::proto::h1::conn[0m[2m:[0m incoming body is content-length (646 bytes)
[2m2025-12-10T10:13:31.053181Z[0m [34mDEBUG[0m [2mhyper::proto::h1::conn[0m[2m:[0m incoming body completed
[2m2025-12-10T10:13:31.053358Z[0m [34mDEBUG[0m [2mhyper::client::pool[0m[2m:[0m pooling idle connection for ("http", 192.168.0.14:8545)
[2m2025-12-10T10:13:31.053370Z[0m [34mDEBUG[0m [2methereum_transaction_pool_monitor::eth_client[0m[2m:[0m 📡 Transaction fetch RPC completed in 10.402625ms
[2m2025-12-10T10:13:31.129402Z[0m [34mDEBUG[0m [2methereum_transaction_pool_monitor::eth_client[0m[2m:[0m ✅ Transaction 0x5ded78014358cedd39dece91c73117d58f87fcc6ec5219b4090f43200f584760 fetched and parsed in 86.431875ms
[2m2025-12-10T10:13:31.129428Z[0m [34mDEBUG[0m [2methereum_transaction_pool_monitor::mempool_monitor[0m[2m:[0m 🔍 Skipping tx 0x5ded78014358cedd39dece91c73117d58f87fcc6ec5219b4090f43200f584760 - not a DEX interaction (target: 0x4603180BBB8221157880AfaA84638E0fc467738D)
[2m2025-12-10T10:13:31.129472Z[0m [34mDEBUG[0m [2mhyper::client::pool[0m[2m:[0m reuse idle connection for ("http", 192.168.0.14:8545)
[2m2025-12-10T10:13:31.129484Z[0m [34mDEBUG[0m [2methereum_transaction_pool_monitor::eth_client[0m[2m:[0m 📨 Received WebSocket message: {"jsonrpc":"2.0","method":"eth_subscription","params":{"subscription":"0xbed0a0851463e895960a451075a301a9","result":"0xb9157f29af666894f9dbc559d256a193ac43eacb941a1254b8fca840982564a6"}}
[2m2025-12-10T10:13:31.129523Z[0m [34mDEBUG[0m [2methereum_transaction_pool_monitor::eth_client[0m[2m:[0m 📨 Received pending transaction: 0xb9157f29af666894f9dbc559d256a193ac43eacb941a1254b8fca840982564a6
[2m2025-12-10T10:13:31.129526Z[0m [34mDEBUG[0m [2mhyper::proto::h1::io[0m[2m:[0m flushed 172 bytes
[2m2025-12-10T10:13:31.129537Z[0m [34mDEBUG[0m [2methereum_transaction_pool_monitor::eth_client[0m[2m:[0m 📨 Received WebSocket message: {"jsonrpc":"2.0","method":"eth_subscription","params":{"subscription":"0xbed0a0851463e895960a451075a301a9","result":"0xe3ce2a79d630864b1493ce95597ecf569d02fda2d5a4010449280794720784d6"}}
[2m2025-12-10T10:13:31.129544Z[0m [34mDEBUG[0m [2methereum_transaction_pool_monitor::eth_client[0m[2m:[0m 📨 Received pending transaction: 0xe3ce2a79d630864b1493ce95597ecf569d02fda2d5a4010449280794720784d6
[2m2025-12-10T10:13:31.129551Z[0m [34mDEBUG[0m [2methereum_transaction_pool_monitor::eth_client[0m[2m:[0m 📨 Received WebSocket message: {"jsonrpc":"2.0","method":"eth_subscription","params":{"subscription":"0xbed0a0851463e895960a451075a301a9","result":"0xd1c78f6d3ddaa3d574e11123ee38d95113ca903d7a02b566edf535ebd8d3f432"}}
[2m2025-12-10T10:13:31.129556Z[0m [34mDEBUG[0m [2methereum_transaction_pool_monitor::eth_client[0m[2m:[0m 📨 Received pending transaction: 0xd1c78f6d3ddaa3d574e11123ee38d95113ca903d7a02b566edf535ebd8d3f432
[2m2025-12-10T10:13:31.129562Z[0m [34mDEBUG[0m [2methereum_transaction_pool_monitor::mempool_monitor[0m[2m:[0m 📨 Processing new pending transaction: 0xb9157f29af666894f9dbc559d256a193ac43eacb941a1254b8fca840982564a6
[2m2025-12-10T10:13:31.129568Z[0m [34mDEBUG[0m [2methereum_transaction_pool_monitor::mempool_monitor[0m[2m:[0m 🔍 Fetching transaction details for: 0xb9157f29af666894f9dbc559d256a193ac43eacb941a1254b8fca840982564a6
[2m2025-12-10T10:13:31.129573Z[0m [34mDEBUG[0m [2methereum_transaction_pool_monitor::eth_client[0m[2m:[0m 🔍 Fetching transaction details for hash: 0xb9157f29af666894f9dbc559d256a193ac43eacb941a1254b8fca840982564a6
[2m2025-12-10T10:13:31.129585Z[0m [34mDEBUG[0m [2mhyper::client::pool[0m[2m:[0m reuse idle connection for ("http", 192.168.0.14:8545)
[2m2025-12-10T10:13:31.129602Z[0m [34mDEBUG[0m [2mhyper::proto::h1::io[0m[2m:[0m flushed 250 bytes
[2m2025-12-10T10:13:31.133866Z[0m [34mDEBUG[0m [2mhyper::proto::h1::io[0m[2m:[0m parsed 4 headers
[2m2025-12-10T10:13:31.133884Z[0m [34mDEBUG[0m [2mhyper::proto::h1::conn[0m[2m:[0m incoming body is content-length (45 bytes)
[2m2025-12-10T10:13:31.133893Z[0m [34mDEBUG[0m [2mhyper::proto::h1::conn[0m[2m:[0m incoming body completed
[2m2025-12-10T10:13:31.133904Z[0m [34mDEBUG[0m [2mhyper::client::pool[0m[2m:[0m pooling idle connection for ("http", 192.168.0.14:8545)
[2m2025-12-10T10:13:31.138423Z[0m [34mDEBUG[0m [2methereum_transaction_pool_monitor::eth_client[0m[2m:[0m 📨 Received WebSocket message: {"jsonrpc":"2.0","method":"eth_subscription","params":{"subscription":"0xbed0a0851463e895960a451075a301a9","result":"0xc5c2a0670aa2f30674f4de37a4a1ff8412da4cfea95fea9e98f06b2b0fb8f2b9"}}
[2m2025-12-10T10:13:31.138436Z[0m [34mDEBUG[0m [2methereum_transaction_pool_monitor::eth_client[0m[2m:[0m 📨 Received pending transaction: 0xc5c2a0670aa2f30674f4de37a4a1ff8412da4cfea95fea9e98f06b2b0fb8f2b9
[2m2025-12-10T10:13:31.141124Z[0m [34mDEBUG[0m [2mhyper::proto::h1::io[0m[2m:[0m parsed 4 headers
[2m2025-12-10T10:13:31.141142Z[0m [34mDEBUG[0m [2mhyper::proto::h1::conn[0m[2m:[0m incoming body is content-length (1547 bytes)
[2m2025-12-10T10:13:31.141150Z[0m [34mDEBUG[0m [2mhyper::proto::h1::conn[0m[2m:[0m incoming body completed
[2m2025-12-10T10:13:31.141165Z[0m [34mDEBUG[0m [2mhyper::client::pool[0m[2m:[0m pooling idle connection for ("http", 192.168.0.14:8545)
[2m2025-12-10T10:13:31.141174Z[0m [34mDEBUG[0m [2methereum_transaction_pool_monitor::eth_client[0m[2m:[0m 📡 Transaction fetch RPC completed in 11.597ms
[2m2025-12-10T10:13:31.219301Z[0m [34mDEBUG[0m [2methereum_transaction_pool_monitor::eth_client[0m[2m:[0m ✅ Transaction 0xb9157f29af666894f9dbc559d256a193ac43eacb941a1254b8fca840982564a6 fetched and parsed in 89.720333ms
[2m2025-12-10T10:13:31.219331Z[0m [34mDEBUG[0m [2methereum_transaction_pool_monitor::mempool_monitor[0m[2m:[0m 🔍 Skipping tx 0xb9157f29af666894f9dbc559d256a193ac43eacb941a1254b8fca840982564a6 - not a DEX interaction (target: 0xA69babEF1cA67A37Ffaf7a485DfFF3382056e78C)
[2m2025-12-10T10:13:31.219342Z[0m [34mDEBUG[0m [2methereum_transaction_pool_monitor::mempool_monitor[0m[2m:[0m 📨 Processing new pending transaction: 0xe3ce2a79d630864b1493ce95597ecf569d02fda2d5a4010449280794720784d6
[2m2025-12-10T10:13:31.219348Z[0m [34mDEBUG[0m [2methereum_transaction_pool_monitor::mempool_monitor[0m[2m:[0m 🔍 Fetching transaction details for: 0xe3ce2a79d630864b1493ce95597ecf569d02fda2d5a4010449280794720784d6
[2m2025-12-10T10:13:31.219355Z[0m [34mDEBUG[0m [2methereum_transaction_pool_monitor::eth_client[0m[2m:[0m 🔍 Fetching transaction details for hash: 0xe3ce2a79d630864b1493ce95597ecf569d02fda2d5a4010449280794720784d6
[2m2025-12-10T10:13:31.219379Z[0m [34mDEBUG[0m [2mhyper::client::pool[0m[2m:[0m reuse idle connection for ("http", 192.168.0.14:8545)
[2m2025-12-10T10:13:31.219429Z[0m [34mDEBUG[0m [2mhyper::proto::h1::io[0m[2m:[0m flushed 250 bytes
[2m2025-12-10T10:13:31.219451Z[0m [34mDEBUG[0m [2mhyper::client::pool[0m[2m:[0m reuse idle connection for ("http", 192.168.0.14:8545)
[2m2025-12-10T10:13:31.219467Z[0m [34mDEBUG[0m [2mhyper::proto::h1::io[0m[2m:[0m flushed 172 bytes
[2m2025-12-10T10:13:31.219478Z[0m [34mDEBUG[0m [2methereum_transaction_pool_monitor::eth_client[0m[2m:[0m 📨 Received WebSocket message: {"jsonrpc":"2.0","method":"eth_subscription","params":{"subscription":"0xbed0a0851463e895960a451075a301a9","result":"0x4adaf812690455057f3d2c7fd2488e56b5fcdebfe234cd28d6c916392249c3a6"}}
[2m2025-12-10T10:13:31.219490Z[0m [34mDEBUG[0m [2methereum_transaction_pool_monitor::eth_client[0m[2m:[0m 📨 Received pending transaction: 0x4adaf812690455057f3d2c7fd2488e56b5fcdebfe234cd28d6c916392249c3a6
[2m2025-12-10T10:13:31.228618Z[0m [34mDEBUG[0m [2mhyper::proto::h1::io[0m[2m:[0m parsed 4 headers
[2m2025-12-10T10:13:31.228631Z[0m [34mDEBUG[0m [2mhyper::proto::h1::conn[0m[2m:[0m incoming body is content-length (38 bytes)
[2m2025-12-10T10:13:31.228640Z[0m [34mDEBUG[0m [2mhyper::proto::h1::conn[0m[2m:[0m incoming body completed
[2m2025-12-10T10:13:31.228653Z[0m [34mDEBUG[0m [2mhyper::client::pool[0m[2m:[0m pooling idle connection for ("http", 192.168.0.14:8545)
[2m2025-12-10T10:13:31.228662Z[0m [34mDEBUG[0m [2methereum_transaction_pool_monitor::eth_client[0m[2m:[0m 📡 Transaction fetch RPC completed in 9.302417ms
[2m2025-12-10T10:13:31.228675Z[0m [34mDEBUG[0m [2methereum_transaction_pool_monitor::eth_client[0m[2m:[0m ✅ Transaction 0xe3ce2a79d630864b1493ce95597ecf569d02fda2d5a4010449280794720784d6 fetched and parsed in 9.315417ms
[2m2025-12-10T10:13:31.228681Z[0m [34mDEBUG[0m [2methereum_transaction_pool_monitor::mempool_monitor[0m[2m:[0m 🔍 Skipping tx 0xe3ce2a79d630864b1493ce95597ecf569d02fda2d5a4010449280794720784d6 - contract creation
[2m2025-12-10T10:13:31.228688Z[0m [34mDEBUG[0m [2methereum_transaction_pool_monitor::mempool_monitor[0m[2m:[0m 📨 Processing new pending transaction: 0xd1c78f6d3ddaa3d574e11123ee38d95113ca903d7a02b566edf535ebd8d3f432
[2m2025-12-10T10:13:31.228692Z[0m [34mDEBUG[0m [2methereum_transaction_pool_monitor::mempool_monitor[0m[2m:[0m 🔍 Fetching transaction details for: 0xd1c78f6d3ddaa3d574e11123ee38d95113ca903d7a02b566edf535ebd8d3f432
[2m2025-12-10T10:13:31.228696Z[0m [34mDEBUG[0m [2methereum_transaction_pool_monitor::eth_client[0m[2m:[0m 🔍 Fetching transaction details for hash: 0xd1c78f6d3ddaa3d574e11123ee38d95113ca903d7a02b566edf535ebd8d3f432
[2m2025-12-10T10:13:31.228711Z[0m [34mDEBUG[0m [2mhyper::client::pool[0m[2m:[0m reuse idle connection for ("http", 192.168.0.14:8545)
[2m2025-12-10T10:13:31.228735Z[0m [34mDEBUG[0m [2mhyper::proto::h1::io[0m[2m:[0m flushed 250 bytes
[2m2025-12-10T10:13:31.228746Z[0m [34mDEBUG[0m [2mhyper::proto::h1::io[0m[2m:[0m parsed 4 headers
[2m2025-12-10T10:13:31.228752Z[0m [34mDEBUG[0m [2methereum_transaction_pool_monitor::eth_client[0m[2m:[0m 📨 Received WebSocket message: {"jsonrpc":"2.0","method":"eth_subscription","params":{"subscription":"0xbed0a0851463e895960a451075a301a9","result":"0xd986c2853bb73bc50bf50585801e814fa19db36f128807210236c395726a6278"}}
[2m2025-12-10T10:13:31.228755Z[0m [34mDEBUG[0m [2mhyper::proto::h1::conn[0m[2m:[0m incoming body is content-length (45 bytes)
[2m2025-12-10T10:13:31.228765Z[0m [34mDEBUG[0m [2methereum_transaction_pool_monitor::eth_client[0m[2m:[0m 📨 Received pending transaction: 0xd986c2853bb73bc50bf50585801e814fa19db36f128807210236c395726a6278
[2m2025-12-10T10:13:31.228769Z[0m [34mDEBUG[0m [2mhyper::proto::h1::conn[0m[2m:[0m incoming body completed
[2m2025-12-10T10:13:31.228778Z[0m [34mDEBUG[0m [2mhyper::client::pool[0m[2m:[0m pooling idle connection for ("http", 192.168.0.14:8545)
[2m2025-12-10T10:13:31.237080Z[0m [34mDEBUG[0m [2mhyper::proto::h1::io[0m[2m:[0m parsed 4 headers
[2m2025-12-10T10:13:31.237102Z[0m [34mDEBUG[0m [2mhyper::proto::h1::conn[0m[2m:[0m incoming body is content-length (38 bytes)
[2m2025-12-10T10:13:31.237112Z[0m [34mDEBUG[0m [2mhyper::proto::h1::conn[0m[2m:[0m incoming body completed
[2m2025-12-10T10:13:31.237124Z[0m [34mDEBUG[0m [2mhyper::client::pool[0m[2m:[0m pooling idle connection for ("http", 192.168.0.14:8545)
[2m2025-12-10T10:13:31.237133Z[0m [34mDEBUG[0m [2methereum_transaction_pool_monitor::eth_client[0m[2m:[0m 📡 Transaction fetch RPC completed in 8.433917ms
[2m2025-12-10T10:13:31.237147Z[0m [34mDEBUG[0m [2methereum_transaction_pool_monitor::eth_client[0m[2m:[0m ✅ Transaction 0xd1c78f6d3ddaa3d574e11123ee38d95113ca903d7a02b566edf535ebd8d3f432 fetched and parsed in 8.447833ms
[2m2025-12-10T10:13:31.237154Z[0m [34mDEBUG[0m [2methereum_transaction_pool_monitor::mempool_monitor[0m[2m:[0m 🔍 Skipping tx 0xd1c78f6d3ddaa3d574e11123ee38d95113ca903d7a02b566edf535ebd8d3f432 - contract creation
[2m2025-12-10T10:13:31.237160Z[0m [34mDEBUG[0m [2methereum_transaction_pool_monitor::mempool_monitor[0m[2m:[0m 📨 Processing new pending transaction: 0xc5c2a0670aa2f30674f4de37a4a1ff8412da4cfea95fea9e98f06b2b0fb8f2b9
[2m2025-12-10T10:13:31.237165Z[0m [34mDEBUG[0m [2methereum_transaction_pool_monitor::mempool_monitor[0m[2m:[0m 🔍 Fetching transaction details for: 0xc5c2a0670aa2f30674f4de37a4a1ff8412da4cfea95fea9e98f06b2b0fb8f2b9
[2m2025-12-10T10:13:31.237169Z[0m [34mDEBUG[0m [2methereum_transaction_pool_monitor::eth_client[0m[2m:[0m 🔍 Fetching transaction details for hash: 0xc5c2a0670aa2f30674f4de37a4a1ff8412da4cfea95fea9e98f06b2b0fb8f2b9
[2m2025-12-10T10:13:31.237187Z[0m [34mDEBUG[0m [2mhyper::client::pool[0m[2m:[0m reuse idle connection for ("http", 192.168.0.14:8545)
[2m2025-12-10T10:13:31.237220Z[0m [34mDEBUG[0m [2mhyper::proto::h1::io[0m[2m:[0m flushed 250 bytes
[2m2025-12-10T10:13:31.237899Z[0m [34mDEBUG[0m [2methereum_transaction_pool_monitor::eth_client[0m[2m:[0m 📨 Received WebSocket message: {"jsonrpc":"2.0","method":"eth_subscription","params":{"subscription":"0xbed0a0851463e895960a451075a301a9","result":"0x8a5d8e1f704662f9e4aba944a2644d42c729a7bf278bc25cdc23d8d766247da5"}}
[2m2025-12-10T10:13:31.237909Z[0m [34mDEBUG[0m [2methereum_transaction_pool_monitor::eth_client[0m[2m:[0m 📨 Received pending transaction: 0x8a5d8e1f704662f9e4aba944a2644d42c729a7bf278bc25cdc23d8d766247da5
[2m2025-12-10T10:13:31.241118Z[0m [34mDEBUG[0m [2mhyper::proto::h1::io[0m[2m:[0m parsed 4 headers
[2m2025-12-10T10:13:31.241127Z[0m [34mDEBUG[0m [2mhyper::proto::h1::conn[0m[2m:[0m incoming body is content-length (647 bytes)
[2m2025-12-10T10:13:31.241134Z[0m [34mDEBUG[0m [2mhyper::proto::h1::conn[0m[2m:[0m incoming body completed
[2m2025-12-10T10:13:31.241142Z[0m [34mDEBUG[0m [2mhyper::client::pool[0m[2m:[0m pooling idle connection for ("http", 192.168.0.14:8545)
[2m2025-12-10T10:13:31.241149Z[0m [34mDEBUG[0m [2methereum_transaction_pool_monitor::eth_client[0m[2m:[0m 📡 Transaction fetch RPC completed in 3.975708ms
[2m2025-12-10T10:13:31.310386Z[0m [34mDEBUG[0m [2methereum_transaction_pool_monitor::eth_client[0m[2m:[0m ✅ Transaction 0xc5c2a0670aa2f30674f4de37a4a1ff8412da4cfea95fea9e98f06b2b0fb8f2b9 fetched and parsed in 73.2095ms
[2m2025-12-10T10:13:31.310405Z[0m [34mDEBUG[0m [2methereum_transaction_pool_monitor::mempool_monitor[0m[2m:[0m 🔍 Skipping tx 0xc5c2a0670aa2f30674f4de37a4a1ff8412da4cfea95fea9e98f06b2b0fb8f2b9 - not a DEX interaction (target: 0x4603180BBB8221157880AfaA84638E0fc467738D)
[2m2025-12-10T10:13:31.310414Z[0m [34mDEBUG[0m [2methereum_transaction_pool_monitor::mempool_monitor[0m[2m:[0m 📨 Processing new pending transaction: 0x4adaf812690455057f3d2c7fd2488e56b5fcdebfe234cd28d6c916392249c3a6
[2m2025-12-10T10:13:31.310419Z[0m [34mDEBUG[0m [2methereum_transaction_pool_monitor::mempool_monitor[0m[2m:[0m 🔍 Fetching transaction details for: 0x4adaf812690455057f3d2c7fd2488e56b5fcdebfe234cd28d6c916392249c3a6
[2m2025-12-10T10:13:31.310426Z[0m [34mDEBUG[0m [2methereum_transaction_pool_monitor::eth_client[0m[2m:[0m 🔍 Fetching transaction details for hash: 0x4adaf812690455057f3d2c7fd2488e56b5fcdebfe234cd28d6c916392249c3a6
[2m2025-12-10T10:13:31.310446Z[0m [34mDEBUG[0m [2mhyper::client::pool[0m[2m:[0m reuse idle connection for ("http", 192.168.0.14:8545)
[2m2025-12-10T10:13:31.310470Z[0m [34mDEBUG[0m [2mhyper::proto::h1::io[0m[2m:[0m flushed 250 bytes
[2m2025-12-10T10:13:31.310496Z[0m [34mDEBUG[0m [2mhyper::client::pool[0m[2m:[0m reuse idle connection for ("http", 192.168.0.14:8545)
[2m2025-12-10T10:13:31.310508Z[0m [34mDEBUG[0m [2mhyper::proto::h1::io[0m[2m:[0m flushed 172 bytes
[2m2025-12-10T10:13:31.319332Z[0m [34mDEBUG[0m [2mhyper::proto::h1::io[0m[2m:[0m parsed 4 headers
[2m2025-12-10T10:13:31.319343Z[0m [34mDEBUG[0m [2mhyper::proto::h1::conn[0m[2m:[0m incoming body is content-length (45 bytes)
[2m2025-12-10T10:13:31.319351Z[0m [34mDEBUG[0m [2mhyper::proto::h1::conn[0m[2m:[0m incoming body completed
[2m2025-12-10T10:13:31.319361Z[0m [34mDEBUG[0m [2mhyper::client::pool[0m[2m:[0m pooling idle connection for ("http", 192.168.0.14:8545)
[2m2025-12-10T10:13:31.320213Z[0m [34mDEBUG[0m [2mhyper::proto::h1::io[0m[2m:[0m parsed 4 headers
[2m2025-12-10T10:13:31.320223Z[0m [34mDEBUG[0m [2mhyper::proto::h1::conn[0m[2m:[0m incoming body is content-length (553 bytes)
[2m2025-12-10T10:13:31.320230Z[0m [34mDEBUG[0m [2mhyper::proto::h1::conn[0m[2m:[0m incoming body completed
[2m2025-12-10T10:13:31.320345Z[0m [34mDEBUG[0m [2mhyper::client::pool[0m[2m:[0m pooling idle connection for ("http", 192.168.0.14:8545)
[2m2025-12-10T10:13:31.320353Z[0m [34mDEBUG[0m [2methereum_transaction_pool_monitor::eth_client[0m[2m:[0m 📡 Transaction fetch RPC completed in 9.9225ms
[2m2025-12-10T10:13:31.402277Z[0m [34mDEBUG[0m [2methereum_transaction_pool_monitor::eth_client[0m[2m:[0m ✅ Transaction 0x4adaf812690455057f3d2c7fd2488e56b5fcdebfe234cd28d6c916392249c3a6 fetched and parsed in 91.84325ms
[2m2025-12-10T10:13:31.402302Z[0m [34mDEBUG[0m [2methereum_transaction_pool_monitor::mempool_monitor[0m[2m:[0m 🔍 Skipping tx 0x4adaf812690455057f3d2c7fd2488e56b5fcdebfe234cd28d6c916392249c3a6 - not a DEX interaction (target: 0x656b65bc5194B5C58e969cEf9Dadf6b321326d55)
[2m2025-12-10T10:13:31.402314Z[0m [34mDEBUG[0m [2methereum_transaction_pool_monitor::mempool_monitor[0m[2m:[0m 📨 Processing new pending transaction: 0xd986c2853bb73bc50bf50585801e814fa19db36f128807210236c395726a6278
[2m2025-12-10T10:13:31.402320Z[0m [34mDEBUG[0m [2methereum_transaction_pool_monitor::mempool_monitor[0m[2m:[0m 🔍 Fetching transaction details for: 0xd986c2853bb73bc50bf50585801e814fa19db36f128807210236c395726a6278
[2m2025-12-10T10:13:31.402326Z[0m [34mDEBUG[0m [2methereum_transaction_pool_monitor::eth_client[0m[2m:[0m 🔍 Fetching transaction details for hash: 0xd986c2853bb73bc50bf50585801e814fa19db36f128807210236c395726a6278
[2m2025-12-10T10:13:31.402350Z[0m [34mDEBUG[0m [2mhyper::client::pool[0m[2m:[0m reuse idle connection for ("http", 192.168.0.14:8545)
[2m2025-12-10T10:13:31.402417Z[0m [34mDEBUG[0m [2mhyper::proto::h1::io[0m[2m:[0m flushed 250 bytes
[2m2025-12-10T10:13:31.402439Z[0m [34mDEBUG[0m [2mhyper::client::pool[0m[2m:[0m reuse idle connection for ("http", 192.168.0.14:8545)
[2m2025-12-10T10:13:31.402460Z[0m [34mDEBUG[0m [2mhyper::proto::h1::io[0m[2m:[0m flushed 172 bytes
[2m2025-12-10T10:13:31.402472Z[0m [34mDEBUG[0m [2methereum_transaction_pool_monitor::eth_client[0m[2m:[0m 📨 Received WebSocket message: {"jsonrpc":"2.0","method":"eth_subscription","params":{"subscription":"0xbed0a0851463e895960a451075a301a9","result":"0x23317c4809c0fb12e722f847829d04b9f6715c39cb61cef7819d12381e8c99ac"}}
[2m2025-12-10T10:13:31.402481Z[0m [34mDEBUG[0m [2methereum_transaction_pool_monitor::eth_client[0m[2m:[0m 📨 Received pending transaction: 0x23317c4809c0fb12e722f847829d04b9f6715c39cb61cef7819d12381e8c99ac
[2m2025-12-10T10:13:31.411218Z[0m [34mDEBUG[0m [2mhyper::proto::h1::io[0m[2m:[0m parsed 4 headers
[2m2025-12-10T10:13:31.411234Z[0m [34mDEBUG[0m [2mhyper::proto::h1::conn[0m[2m:[0m incoming body is content-length (646 bytes)
[2m2025-12-10T10:13:31.411243Z[0m [34mDEBUG[0m [2mhyper::proto::h1::conn[0m[2m:[0m incoming body completed
[2m2025-12-10T10:13:31.411254Z[0m [34mDEBUG[0m [2mhyper::client::pool[0m[2m:[0m pooling idle connection for ("http", 192.168.0.14:8545)
[2m2025-12-10T10:13:31.411262Z[0m [34mDEBUG[0m [2methereum_transaction_pool_monitor::eth_client[0m[2m:[0m 📡 Transaction fetch RPC completed in 8.931167ms
[2m2025-12-10T10:13:31.490699Z[0m [34mDEBUG[0m [2methereum_transaction_pool_monitor::eth_client[0m[2m:[0m ✅ Transaction 0xd986c2853bb73bc50bf50585801e814fa19db36f128807210236c395726a6278 fetched and parsed in 88.364542ms
[2m2025-12-10T10:13:31.490729Z[0m [34mDEBUG[0m [2methereum_transaction_pool_monitor::mempool_monitor[0m[2m:[0m 🔍 Skipping tx 0xd986c2853bb73bc50bf50585801e814fa19db36f128807210236c395726a6278 - not a DEX interaction (target: 0x72bb8C608c4ea4a887266985e680A04c056f5B2A)
[2m2025-12-10T10:13:31.490740Z[0m [34mDEBUG[0m [2methereum_transaction_pool_monitor::mempool_monitor[0m[2m:[0m 📨 Processing new pending transaction: 0x8a5d8e1f704662f9e4aba944a2644d42c729a7bf278bc25cdc23d8d766247da5
[2m2025-12-10T10:13:31.490745Z[0m [34mDEBUG[0m [2methereum_transaction_pool_monitor::mempool_monitor[0m[2m:[0m 🔍 Fetching transaction details for: 0x8a5d8e1f704662f9e4aba944a2644d42c729a7bf278bc25cdc23d8d766247da5
[2m2025-12-10T10:13:31.490749Z[0m [34mDEBUG[0m [2methereum_transaction_pool_monitor::eth_client[0m[2m:[0m 🔍 Fetching transaction details for hash: 0x8a5d8e1f704662f9e4aba944a2644d42c729a7bf278bc25cdc23d8d766247da5
[2m2025-12-10T10:13:31.490771Z[0m [34mDEBUG[0m [2mhyper::client::pool[0m[2m:[0m reuse idle connection for ("http", 192.168.0.14:8545)
[2m2025-12-10T10:13:31.490837Z[0m [34mDEBUG[0m [2mhyper::proto::h1::io[0m[2m:[0m flushed 250 bytes
[2m2025-12-10T10:13:31.490855Z[0m [34mDEBUG[0m [2mhyper::proto::h1::io[0m[2m:[0m parsed 4 headers
[2m2025-12-10T10:13:31.490859Z[0m [34mDEBUG[0m [2mhyper::proto::h1::conn[0m[2m:[0m incoming body is content-length (45 bytes)
[2m2025-12-10T10:13:31.490866Z[0m [34mDEBUG[0m [2mhyper::proto::h1::conn[0m[2m:[0m incoming body completed
[2m2025-12-10T10:13:31.490875Z[0m [34mDEBUG[0m [2mhyper::client::pool[0m[2m:[0m pooling idle connection for ("http", 192.168.0.14:8545)
[2m2025-12-10T10:13:31.495696Z[0m [34mDEBUG[0m [2mhyper::proto::h1::io[0m[2m:[0m parsed 4 headers
[2m2025-12-10T10:13:31.496297Z[0m [34mDEBUG[0m [2mhyper::proto::h1::conn[0m[2m:[0m incoming body is content-length (557 bytes)
[2m2025-12-10T10:13:31.496311Z[0m [34mDEBUG[0m [2mhyper::proto::h1::conn[0m[2m:[0m incoming body completed
[2m2025-12-10T10:13:31.496327Z[0m [34mDEBUG[0m [2mhyper::client::pool[0m[2m:[0m pooling idle connection for ("http", 192.168.0.14:8545)
[2m2025-12-10T10:13:31.496344Z[0m [34mDEBUG[0m [2methereum_transaction_pool_monitor::eth_client[0m[2m:[0m 📡 Transaction fetch RPC completed in 5.590916ms
[2m2025-12-10T10:13:31.577833Z[0m [34mDEBUG[0m [2methereum_transaction_pool_monitor::eth_client[0m[2m:[0m ✅ Transaction 0x8a5d8e1f704662f9e4aba944a2644d42c729a7bf278bc25cdc23d8d766247da5 fetched and parsed in 87.07575ms
[2m2025-12-10T10:13:31.577862Z[0m [34mDEBUG[0m [2methereum_transaction_pool_monitor::mempool_monitor[0m[2m:[0m 🔍 Skipping tx 0x8a5d8e1f704662f9e4aba944a2644d42c729a7bf278bc25cdc23d8d766247da5 - not a DEX interaction (target: 0x63D686f8DBbec83C69a282443BA1f5575a74c361)
[2m2025-12-10T10:13:31.577872Z[0m [34mDEBUG[0m [2methereum_transaction_pool_monitor::mempool_monitor[0m[2m:[0m 📨 Processing new pending transaction: 0x23317c4809c0fb12e722f847829d04b9f6715c39cb61cef7819d12381e8c99ac
[2m2025-12-10T10:13:31.577877Z[0m [34mDEBUG[0m [2methereum_transaction_pool_monitor::mempool_monitor[0m[2m:[0m 🔍 Fetching transaction details for: 0x23317c4809c0fb12e722f847829d04b9f6715c39cb61cef7819d12381e8c99ac
[2m2025-12-10T10:13:31.577881Z[0m [34mDEBUG[0m [2methereum_transaction_pool_monitor::eth_client[0m[2m:[0m 🔍 Fetching transaction details for hash: 0x23317c4809c0fb12e722f847829d04b9f6715c39cb61cef7819d12381e8c99ac
[2m2025-12-10T10:13:31.577904Z[0m [34mDEBUG[0m [2mhyper::client::pool[0m[2m:[0m reuse idle connection for ("http", 192.168.0.14:8545)
[2m2025-12-10T10:13:31.577960Z[0m [34mDEBUG[0m [2mhyper::proto::h1::io[0m[2m:[0m flushed 250 bytes
[2m2025-12-10T10:13:31.577984Z[0m [34mDEBUG[0m [2mhyper::client::pool[0m[2m:[0m reuse idle connection for ("http", 192.168.0.14:8545)
[2m2025-12-10T10:13:31.577990Z[0m [34mDEBUG[0m [2methereum_transaction_pool_monitor::eth_client[0m[2m:[0m 📨 Received WebSocket message: {"jsonrpc":"2.0","method":"eth_subscription","params":{"subscription":"0xbed0a0851463e895960a451075a301a9","result":"0xad9924a59f1e79b24312ed62821a2841d5e31d7d426512dd981f7c6d8aaf0018"}}
[2m2025-12-10T10:13:31.578000Z[0m [34mDEBUG[0m [2mhyper::proto::h1::io[0m[2m:[0m flushed 172 bytes
[2m2025-12-10T10:13:31.578002Z[0m [34mDEBUG[0m [2methereum_transaction_pool_monitor::eth_client[0m[2m:[0m 📨 Received pending transaction: 0xad9924a59f1e79b24312ed62821a2841d5e31d7d426512dd981f7c6d8aaf0018
[2m2025-12-10T10:13:31.578017Z[0m [32m INFO[0m [2methereum_transaction_pool_monitor::eth_client[0m[2m:[0m 📊 WebSocket stats - Total: 4367 transactions, Rate: 13.1 tx/s
[2m2025-12-10T10:13:31.578023Z[0m [34mDEBUG[0m [2methereum_transaction_pool_monitor::eth_client[0m[2m:[0m 📨 Received WebSocket message: {"jsonrpc":"2.0","method":"eth_subscription","params":{"subscription":"0xbed0a0851463e895960a451075a301a9","result":"0x2f2e2fa7c6f1fcfa0c71bd123794b3c32b855b8709fc105e039166a5804b119e"}}
[2m2025-12-10T10:13:31.578029Z[0m [34mDEBUG[0m [2methereum_transaction_pool_monitor::eth_client[0m[2m:[0m 📨 Received pending transaction: 0x2f2e2fa7c6f1fcfa0c71bd123794b3c32b855b8709fc105e039166a5804b119e
[2m2025-12-10T10:13:31.584849Z[0m [34mDEBUG[0m [2mhyper::proto::h1::io[0m[2m:[0m parsed 4 headers
[2m2025-12-10T10:13:31.584867Z[0m [34mDEBUG[0m [2mhyper::proto::h1::conn[0m[2m:[0m incoming body is content-length (45 bytes)
[2m2025-12-10T10:13:31.584877Z[0m [34mDEBUG[0m [2mhyper::proto::h1::conn[0m[2m:[0m incoming body completed
[2m2025-12-10T10:13:31.584889Z[0m [34mDEBUG[0m [2mhyper::client::pool[0m[2m:[0m pooling idle connection for ("http", 192.168.0.14:8545)
[2m2025-12-10T10:13:31.599972Z[0m [34mDEBUG[0m [2mhyper::client::pool[0m[2m:[0m reuse idle connection for ("http", 192.168.0.14:8545)
[2m2025-12-10T10:13:31.600114Z[0m [34mDEBUG[0m [2mhyper::proto::h1::io[0m[2m:[0m flushed 172 bytes
[2m2025-12-10T10:13:31.627991Z[0m [34mDEBUG[0m [2mhyper::proto::h1::io[0m[2m:[0m parsed 4 headers
[2m2025-12-10T10:13:31.628008Z[0m [34mDEBUG[0m [2mhyper::proto::h1::conn[0m[2m:[0m incoming body is content-length (830 bytes)
[2m2025-12-10T10:13:31.628018Z[0m [34mDEBUG[0m [2mhyper::proto::h1::conn[0m[2m:[0m incoming body completed
[2m2025-12-10T10:13:31.628029Z[0m [34mDEBUG[0m [2mhyper::client::pool[0m[2m:[0m pooling idle connection for ("http", 192.168.0.14:8545)
[2m2025-12-10T10:13:31.628037Z[0m [34mDEBUG[0m [2methereum_transaction_pool_monitor::eth_client[0m[2m:[0m 📡 Transaction fetch RPC completed in 50.151042ms
[2m2025-12-10T10:13:31.701839Z[0m [34mDEBUG[0m [2methereum_transaction_pool_monitor::eth_client[0m[2m:[0m ✅ Transaction 0x23317c4809c0fb12e722f847829d04b9f6715c39cb61cef7819d12381e8c99ac fetched and parsed in 123.949375ms
[2m2025-12-10T10:13:31.701866Z[0m [34mDEBUG[0m [2methereum_transaction_pool_monitor::mempool_monitor[0m[2m:[0m 🔍 Skipping tx 0x23317c4809c0fb12e722f847829d04b9f6715c39cb61cef7819d12381e8c99ac - not a DEX interaction (target: 0x3B4D794a66304F130a4Db8F2551B0070dfCf5ca7)
[2m2025-12-10T10:13:31.701875Z[0m [34mDEBUG[0m [2methereum_transaction_pool_monitor::mempool_monitor[0m[2m:[0m 📨 Processing new pending transaction: 0xad9924a59f1e79b24312ed62821a2841d5e31d7d426512dd981f7c6d8aaf0018
[2m2025-12-10T10:13:31.701880Z[0m [34mDEBUG[0m [2methereum_transaction_pool_monitor::mempool_monitor[0m[2m:[0m 🔍 Fetching transaction details for: 0xad9924a59f1e79b24312ed62821a2841d5e31d7d426512dd981f7c6d8aaf0018
[2m2025-12-10T10:13:31.701885Z[0m [34mDEBUG[0m [2methereum_transaction_pool_monitor::eth_client[0m[2m:[0m 🔍 Fetching transaction details for hash: 0xad9924a59f1e79b24312ed62821a2841d5e31d7d426512dd981f7c6d8aaf0018
[2m2025-12-10T10:13:31.701908Z[0m [34mDEBUG[0m [2mhyper::client::pool[0m[2m:[0m reuse idle connection for ("http", 192.168.0.14:8545)
[2m2025-12-10T10:13:31.701974Z[0m [34mDEBUG[0m [2mhyper::proto::h1::io[0m[2m:[0m flushed 250 bytes
[2m2025-12-10T10:13:31.701998Z[0m [34mDEBUG[0m [2mhyper::proto::h1::io[0m[2m:[0m parsed 4 headers
[2m2025-12-10T10:13:31.702003Z[0m [34mDEBUG[0m [2mhyper::proto::h1::conn[0m[2m:[0m incoming body is content-length (45 bytes)
[2m2025-12-10T10:13:31.702010Z[0m [34mDEBUG[0m [2mhyper::proto::h1::conn[0m[2m:[0m incoming body completed
[2m2025-12-10T10:13:31.702020Z[0m [34mDEBUG[0m [2mhyper::client::pool[0m[2m:[0m pooling idle connection for ("http", 192.168.0.14:8545)
[2m2025-12-10T10:13:31.702039Z[0m [34mDEBUG[0m [2mhyper::client::pool[0m[2m:[0m reuse idle connection for ("http", 192.168.0.14:8545)
[2m2025-12-10T10:13:31.702065Z[0m [34mDEBUG[0m [2mhyper::proto::h1::io[0m[2m:[0m flushed 172 bytes
[2m2025-12-10T10:13:31.702070Z[0m [34mDEBUG[0m [2methereum_transaction_pool_monitor::eth_client[0m[2m:[0m 📨 Received WebSocket message: {"jsonrpc":"2.0","method":"eth_subscription","params":{"subscription":"0xbed0a0851463e895960a451075a301a9","result":"0x58c14cad22d42c20269083e6cfc9013bde4bfbd0fb3da4c9a67621b6f578bc1a"}}
[2m2025-12-10T10:13:31.702085Z[0m [34mDEBUG[0m [2methereum_transaction_pool_monitor::eth_client[0m[2m:[0m 📨 Received pending transaction: 0x58c14cad22d42c20269083e6cfc9013bde4bfbd0fb3da4c9a67621b6f578bc1a
[2m2025-12-10T10:13:31.702091Z[0m [34mDEBUG[0m [2methereum_transaction_pool_monitor::eth_client[0m[2m:[0m 📨 Received WebSocket message: {"jsonrpc":"2.0","method":"eth_subscription","params":{"subscription":"0xbed0a0851463e895960a451075a301a9","result":"0x54d5bd813eb450348eb1c148ab4b8fdabc2589a156483ddb8edaf6fb8cac9ee3"}}
[2m2025-12-10T10:13:31.702096Z[0m [34mDEBUG[0m [2methereum_transaction_pool_monitor::eth_client[0m[2m:[0m 📨 Received pending transaction: 0x54d5bd813eb450348eb1c148ab4b8fdabc2589a156483ddb8edaf6fb8cac9ee3
[2m2025-12-10T10:13:31.702101Z[0m [34mDEBUG[0m [2methereum_transaction_pool_monitor::eth_client[0m[2m:[0m 📨 Received WebSocket message: {"jsonrpc":"2.0","method":"eth_subscription","params":{"subscription":"0xbed0a0851463e895960a451075a301a9","result":"0xe4feeeff6ce920340876a23c5ff3f0db2d6d6ed49d53d435dfab9e53e28b1731"}}
[2m2025-12-10T10:13:31.702105Z[0m [34mDEBUG[0m [2methereum_transaction_pool_monitor::eth_client[0m[2m:[0m 📨 Received pending transaction: 0xe4feeeff6ce920340876a23c5ff3f0db2d6d6ed49d53d435dfab9e53e28b1731
[2m2025-12-10T10:13:31.706523Z[0m [34mDEBUG[0m [2mhyper::proto::h1::io[0m[2m:[0m parsed 4 headers
[2m2025-12-10T10:13:31.708617Z[0m [34mDEBUG[0m [2mhyper::proto::h1::conn[0m[2m:[0m incoming body is content-length (553 bytes)
[2m2025-12-10T10:13:31.708629Z[0m [34mDEBUG[0m [2mhyper::proto::h1::conn[0m[2m:[0m incoming body completed
[2m2025-12-10T10:13:31.708643Z[0m [34mDEBUG[0m [2mhyper::client::pool[0m[2m:[0m pooling idle connection for ("http", 192.168.0.14:8545)
[2m2025-12-10T10:13:31.708656Z[0m [34mDEBUG[0m [2methereum_transaction_pool_monitor::eth_client[0m[2m:[0m 📡 Transaction fetch RPC completed in 6.766542ms
[2m2025-12-10T10:13:31.785053Z[0m [34mDEBUG[0m [2methereum_transaction_pool_monitor::eth_client[0m[2m:[0m ✅ Transaction 0xad9924a59f1e79b24312ed62821a2841d5e31d7d426512dd981f7c6d8aaf0018 fetched and parsed in 83.156375ms
[2m2025-12-10T10:13:31.785083Z[0m [34mDEBUG[0m [2methereum_transaction_pool_monitor::mempool_monitor[0m[2m:[0m 🔍 Skipping tx 0xad9924a59f1e79b24312ed62821a2841d5e31d7d426512dd981f7c6d8aaf0018 - not a DEX interaction (target: 0xb43C1981d57161Dcb077Ee4BcBB2d376b577a857)
[2m2025-12-10T10:13:31.785093Z[0m [34mDEBUG[0m [2methereum_transaction_pool_monitor::mempool_monitor[0m[2m:[0m 📨 Processing new pending transaction: 0x2f2e2fa7c6f1fcfa0c71bd123794b3c32b855b8709fc105e039166a5804b119e
[2m2025-12-10T10:13:31.785098Z[0m [34mDEBUG[0m [2methereum_transaction_pool_monitor::mempool_monitor[0m[2m:[0m 🔍 Fetching transaction details for: 0x2f2e2fa7c6f1fcfa0c71bd123794b3c32b855b8709fc105e039166a5804b119e
[2m2025-12-10T10:13:31.785102Z[0m [34mDEBUG[0m [2methereum_transaction_pool_monitor::eth_client[0m[2m:[0m 🔍 Fetching transaction details for hash: 0x2f2e2fa7c6f1fcfa0c71bd123794b3c32b855b8709fc105e039166a5804b119e
[2m2025-12-10T10:13:31.785124Z[0m [34mDEBUG[0m [2mhyper::client::pool[0m[2m:[0m reuse idle connection for ("http", 192.168.0.14:8545)
[2m2025-12-10T10:13:31.785195Z[0m [34mDEBUG[0m [2mhyper::proto::h1::io[0m[2m:[0m flushed 250 bytes
[2m2025-12-10T10:13:31.785215Z[0m [34mDEBUG[0m [2mhyper::proto::h1::io[0m[2m:[0m parsed 4 headers
[2m2025-12-10T10:13:31.785220Z[0m [34mDEBUG[0m [2mhyper::proto::h1::conn[0m[2m:[0m incoming body is content-length (45 bytes)
[2m2025-12-10T10:13:31.785343Z[0m [34mDEBUG[0m [2mhyper::proto::h1::conn[0m[2m:[0m incoming body completed
[2m2025-12-10T10:13:31.785355Z[0m [34mDEBUG[0m [2mhyper::client::pool[0m[2m:[0m pooling idle connection for ("http", 192.168.0.14:8545)
[2m2025-12-10T10:13:31.785855Z[0m [34mDEBUG[0m [2methereum_transaction_pool_monitor::eth_client[0m[2m:[0m 📨 Received WebSocket message: {"jsonrpc":"2.0","method":"eth_subscription","params":{"subscription":"0xbed0a0851463e895960a451075a301a9","result":"0x63f552c7aed993d383265fbc0b69eec31a076b384350761d1333bc4004643d7d"}}
[2m2025-12-10T10:13:31.785866Z[0m [34mDEBUG[0m [2methereum_transaction_pool_monitor::eth_client[0m[2m:[0m 📨 Received pending transaction: 0x63f552c7aed993d383265fbc0b69eec31a076b384350761d1333bc4004643d7d
[2m2025-12-10T10:13:31.785872Z[0m [34mDEBUG[0m [2methereum_transaction_pool_monitor::eth_client[0m[2m:[0m 📨 Received WebSocket message: {"jsonrpc":"2.0","method":"eth_subscription","params":{"subscription":"0xbed0a0851463e895960a451075a301a9","result":"0x05a89b1c3ac13e1c3fc3dad26bfea1808a234650285b65db8f9f87958ab585e7"}}
[2m2025-12-10T10:13:31.785877Z[0m [34mDEBUG[0m [2methereum_transaction_pool_monitor::eth_client[0m[2m:[0m 📨 Received pending transaction: 0x05a89b1c3ac13e1c3fc3dad26bfea1808a234650285b65db8f9f87958ab585e7
[2m2025-12-10T10:13:31.789457Z[0m [34mDEBUG[0m [2mhyper::proto::h1::io[0m[2m:[0m parsed 4 headers
[2m2025-12-10T10:13:31.789472Z[0m [34mDEBUG[0m [2mhyper::proto::h1::conn[0m[2m:[0m incoming body is content-length (2317 bytes)
[2m2025-12-10T10:13:31.789489Z[0m [34mDEBUG[0m [2methereum_transaction_pool_monitor::eth_client[0m[2m:[0m 📡 Transaction fetch RPC completed in 4.382125ms
[2m2025-12-10T10:13:31.791208Z[0m [34mDEBUG[0m [2mhyper::proto::h1::conn[0m[2m:[0m incoming body completed
[2m2025-12-10T10:13:31.791220Z[0m [34mDEBUG[0m [2mhyper::client::pool[0m[2m:[0m pooling idle connection for ("http", 192.168.0.14:8545)
[2m2025-12-10T10:13:31.799170Z[0m [34mDEBUG[0m [2mhyper::client::pool[0m[2m:[0m reuse idle connection for ("http", 192.168.0.14:8545)
[2m2025-12-10T10:13:31.799285Z[0m [34mDEBUG[0m [2mhyper::proto::h1::io[0m[2m:[0m flushed 172 bytes
[2m2025-12-10T10:13:31.802138Z[0m [34mDEBUG[0m [2mhyper::proto::h1::io[0m[2m:[0m parsed 4 headers
[2m2025-12-10T10:13:31.802155Z[0m [34mDEBUG[0m [2mhyper::proto::h1::conn[0m[2m:[0m incoming body is content-length (45 bytes)
[2m2025-12-10T10:13:31.802164Z[0m [34mDEBUG[0m [2mhyper::proto::h1::conn[0m[2m:[0m incoming body completed
[2m2025-12-10T10:13:31.802173Z[0m [34mDEBUG[0m [2mhyper::client::pool[0m[2m:[0m pooling idle connection for ("http", 192.168.0.14:8545)
[2m2025-12-10T10:13:31.833891Z[0m [34mDEBUG[0m [2methereum_transaction_pool_monitor::eth_client[0m[2m:[0m 📨 Received WebSocket message: {"jsonrpc":"2.0","method":"eth_subscription","params":{"subscription":"0xbed0a0851463e895960a451075a301a9","result":"0xcbd2d647aca567d873578336dc8e1324f93ce0c53fc4f5671c390136f9982dd8"}}
[2m2025-12-10T10:13:31.833911Z[0m [34mDEBUG[0m [2methereum_transaction_pool_monitor::eth_client[0m[2m:[0m 📨 Received pending transaction: 0xcbd2d647aca567d873578336dc8e1324f93ce0c53fc4f5671c390136f9982dd8
[2m2025-12-10T10:13:31.847813Z[0m [34mDEBUG[0m [2methereum_transaction_pool_monitor::eth_client[0m[2m:[0m 📨 Received WebSocket message: {"jsonrpc":"2.0","method":"eth_subscription","params":{"subscription":"0xbed0a0851463e895960a451075a301a9","result":"0xaf9f5cbe586a5eac33a4109de1268b0bbf9abdd22ebcf77e79da00b1281d94c7"}}
[2m2025-12-10T10:13:31.847871Z[0m [34mDEBUG[0m [2methereum_transaction_pool_monitor::eth_client[0m[2m:[0m 📨 Received pending transaction: 0xaf9f5cbe586a5eac33a4109de1268b0bbf9abdd22ebcf77e79da00b1281d94c7
[2m2025-12-10T10:13:31.866932Z[0m [34mDEBUG[0m [2methereum_transaction_pool_monitor::eth_client[0m[2m:[0m ✅ Transaction 0x2f2e2fa7c6f1fcfa0c71bd123794b3c32b855b8709fc105e039166a5804b119e fetched and parsed in 81.822291ms
[2m2025-12-10T10:13:31.866961Z[0m [34mDEBUG[0m [2methereum_transaction_pool_monitor::mempool_monitor[0m[2m:[0m 🔍 Skipping tx 0x2f2e2fa7c6f1fcfa0c71bd123794b3c32b855b8709fc105e039166a5804b119e - not a DEX interaction (target: 0x66a9893cC07D91D95644AEDD05D03f95e1dBA8Af)
[2m2025-12-10T10:13:31.866978Z[0m [34mDEBUG[0m [2methereum_transaction_pool_monitor::mempool_monitor[0m[2m:[0m 📨 Processing new pending transaction: 0x58c14cad22d42c20269083e6cfc9013bde4bfbd0fb3da4c9a67621b6f578bc1a
[2m2025-12-10T10:13:31.866986Z[0m [34mDEBUG[0m [2methereum_transaction_pool_monitor::mempool_monitor[0m[2m:[0m 🔍 Fetching transaction details for: 0x58c14cad22d42c20269083e6cfc9013bde4bfbd0fb3da4c9a67621b6f578bc1a
[2m2025-12-10T10:13:31.866990Z[0m [34mDEBUG[0m [2methereum_transaction_pool_monitor::eth_client[0m[2m:[0m 🔍 Fetching transaction details for hash: 0x58c14cad22d42c20269083e6cfc9013bde4bfbd0fb3da4c9a67621b6f578bc1a
[2m2025-12-10T10:13:31.867011Z[0m [34mDEBUG[0m [2mhyper::client::pool[0m[2m:[0m reuse idle connection for ("http", 192.168.0.14:8545)
[2m2025-12-10T10:13:31.867064Z[0m [34mDEBUG[0m [2mhyper::proto::h1::io[0m[2m:[0m flushed 250 bytes
[2m2025-12-10T10:13:31.880514Z[0m [34mDEBUG[0m [2mhyper::proto::h1::io[0m[2m:[0m parsed 4 headers
[2m2025-12-10T10:13:31.880537Z[0m [34mDEBUG[0m [2mhyper::proto::h1::conn[0m[2m:[0m incoming body is content-length (830 bytes)
[2m2025-12-10T10:13:31.880548Z[0m [34mDEBUG[0m [2mhyper::proto::h1::conn[0m[2m:[0m incoming body completed
[2m2025-12-10T10:13:31.880561Z[0m [34mDEBUG[0m [2mhyper::client::pool[0m[2m:[0m pooling idle connection for ("http", 192.168.0.14:8545)
[2m2025-12-10T10:13:31.880570Z[0m [34mDEBUG[0m [2methereum_transaction_pool_monitor::eth_client[0m[2m:[0m 📡 Transaction fetch RPC completed in 13.575333ms
[2m2025-12-10T10:13:31.957822Z[0m [34mDEBUG[0m [2methereum_transaction_pool_monitor::eth_client[0m[2m:[0m ✅ Transaction 0x58c14cad22d42c20269083e6cfc9013bde4bfbd0fb3da4c9a67621b6f578bc1a fetched and parsed in 90.824542ms
[2m2025-12-10T10:13:31.957845Z[0m [34mDEBUG[0m [2methereum_transaction_pool_monitor::mempool_monitor[0m[2m:[0m 🔍 Skipping tx 0x58c14cad22d42c20269083e6cfc9013bde4bfbd0fb3da4c9a67621b6f578bc1a - not a DEX interaction (target: 0x3B4D794a66304F130a4Db8F2551B0070dfCf5ca7)
[2m2025-12-10T10:13:31.957855Z[0m [34mDEBUG[0m [2methereum_transaction_pool_monitor::mempool_monitor[0m[2m:[0m 📨 Processing new pending transaction: 0x54d5bd813eb450348eb1c148ab4b8fdabc2589a156483ddb8edaf6fb8cac9ee3
[2m2025-12-10T10:13:31.957860Z[0m [34mDEBUG[0m [2methereum_transaction_pool_monitor::mempool_monitor[0m[2m:[0m 🔍 Fetching transaction details for: 0x54d5bd813eb450348eb1c148ab4b8fdabc2589a156483ddb8edaf6fb8cac9ee3
[2m2025-12-10T10:13:31.957864Z[0m [34mDEBUG[0m [2methereum_transaction_pool_monitor::eth_client[0m[2m:[0m 🔍 Fetching transaction details for hash: 0x54d5bd813eb450348eb1c148ab4b8fdabc2589a156483ddb8edaf6fb8cac9ee3
[2m2025-12-10T10:13:31.957895Z[0m [34mDEBUG[0m [2mhyper::client::pool[0m[2m:[0m reuse idle connection for ("http", 192.168.0.14:8545)
[2m2025-12-10T10:13:31.957959Z[0m [34mDEBUG[0m [2mhyper::proto::h1::io[0m[2m:[0m flushed 250 bytes
[2m2025-12-10T10:13:31.957981Z[0m [34mDEBUG[0m [2mhyper::client::pool[0m[2m:[0m reuse idle connection for ("http", 192.168.0.14:8545)
[2m2025-12-10T10:13:31.957996Z[0m [34mDEBUG[0m [2mhyper::proto::h1::io[0m[2m:[0m flushed 172 bytes
[2m2025-12-10T10:13:31.957996Z[0m [34mDEBUG[0m [2methereum_transaction_pool_monitor::eth_client[0m[2m:[0m 📨 Received WebSocket message: {"jsonrpc":"2.0","method":"eth_subscription","params":{"subscription":"0xbed0a0851463e895960a451075a301a9","result":"0x2386c603e7ad5d2765de313cf3d054d5c256a10b45b22d11ce59abb16ae421ba"}}
[2m2025-12-10T10:13:31.958013Z[0m [34mDEBUG[0m [2methereum_transaction_pool_monitor::eth_client[0m[2m:[0m 📨 Received pending transaction: 0x2386c603e7ad5d2765de313cf3d054d5c256a10b45b22d11ce59abb16ae421ba
[2m2025-12-10T10:13:31.958020Z[0m [34mDEBUG[0m [2methereum_transaction_pool_monitor::eth_client[0m[2m:[0m 📨 Received WebSocket message: {"jsonrpc":"2.0","method":"eth_subscription","params":{"subscription":"0xbed0a0851463e895960a451075a301a9","result":"0xda35b0b80490f306e47cb7af3f9ed8be7bbe15c73936da1dc8b125a7df6f3aef"}}
[2m2025-12-10T10:13:31.958026Z[0m [34mDEBUG[0m [2methereum_transaction_pool_monitor::eth_client[0m[2m:[0m 📨 Received pending transaction: 0xda35b0b80490f306e47cb7af3f9ed8be7bbe15c73936da1dc8b125a7df6f3aef
[2m2025-12-10T10:13:31.965902Z[0m [34mDEBUG[0m [2mhyper::proto::h1::io[0m[2m:[0m parsed 4 headers
[2m2025-12-10T10:13:31.970922Z[0m [34mDEBUG[0m [2mhyper::proto::h1::conn[0m[2m:[0m incoming body is content-length (1548 bytes)
[2m2025-12-10T10:13:31.970948Z[0m [34mDEBUG[0m [2methereum_transaction_pool_monitor::eth_client[0m[2m:[0m 📡 Transaction fetch RPC completed in 13.073208ms
[2m2025-12-10T10:13:31.970972Z[0m [34mDEBUG[0m [2mhyper::proto::h1::conn[0m[2m:[0m incoming body completed
[2m2025-12-10T10:13:31.970976Z[0m [34mDEBUG[0m [2mhyper::proto::h1::io[0m[2m:[0m parsed 4 headers
[2m2025-12-10T10:13:31.970983Z[0m [34mDEBUG[0m [2mhyper::client::pool[0m[2m:[0m pooling idle connection for ("http", 192.168.0.14:8545)
[2m2025-12-10T10:13:31.970985Z[0m [34mDEBUG[0m [2mhyper::proto::h1::conn[0m[2m:[0m incoming body is content-length (45 bytes)
[2m2025-12-10T10:13:31.971004Z[0m [34mDEBUG[0m [2mhyper::proto::h1::conn[0m[2m:[0m incoming body completed
[2m2025-12-10T10:13:31.971032Z[0m [34mDEBUG[0m [2mhyper::client::pool[0m[2m:[0m pooling idle connection for ("http", 192.168.0.14:8545)
[2m2025-12-10T10:13:31.987811Z[0m [34mDEBUG[0m [2methereum_transaction_pool_monitor::eth_client[0m[2m:[0m 📨 Received WebSocket message: {"jsonrpc":"2.0","method":"eth_subscription","params":{"subscription":"0xbed0a0851463e895960a451075a301a9","result":"0x76c101c36c337e761ace857379cec256ccb2482bc6b5bb01cb90d522557cf609"}}
[2m2025-12-10T10:13:31.987828Z[0m [34mDEBUG[0m [2methereum_transaction_pool_monitor::eth_client[0m[2m:[0m 📨 Received pending transaction: 0x76c101c36c337e761ace857379cec256ccb2482bc6b5bb01cb90d522557cf609
[2m2025-12-10T10:13:31.999897Z[0m [34mDEBUG[0m [2mhyper::client::pool[0m[2m:[0m reuse idle connection for ("http", 192.168.0.14:8545)
[2m2025-12-10T10:13:31.999994Z[0m [34mDEBUG[0m [2mhyper::proto::h1::io[0m[2m:[0m flushed 172 bytes
[2m2025-12-10T10:13:32.004247Z[0m [34mDEBUG[0m [2mhyper::proto::h1::io[0m[2m:[0m parsed 4 headers
[2m2025-12-10T10:13:32.004284Z[0m [34mDEBUG[0m [2mhyper::proto::h1::conn[0m[2m:[0m incoming body is content-length (45 bytes)
[2m2025-12-10T10:13:32.004302Z[0m [34mDEBUG[0m [2mhyper::proto::h1::conn[0m[2m:[0m incoming body completed
[2m2025-12-10T10:13:32.004323Z[0m [34mDEBUG[0m [2mhyper::client::pool[0m[2m:[0m pooling idle connection for ("http", 192.168.0.14:8545)
[2m2025-12-10T10:13:32.046350Z[0m [34mDEBUG[0m [2methereum_transaction_pool_monitor::eth_client[0m[2m:[0m 📨 Received WebSocket message: {"jsonrpc":"2.0","method":"eth_subscription","params":{"subscription":"0xbed0a0851463e895960a451075a301a9","result":"0x0deb604b31f0ca29a707bf5d174c27643adb411d3a75bd35bd1554f309b208ab"}}
[2m2025-12-10T10:13:32.046368Z[0m [34mDEBUG[0m [2methereum_transaction_pool_monitor::eth_client[0m[2m:[0m 📨 Received pending transaction: 0x0deb604b31f0ca29a707bf5d174c27643adb411d3a75bd35bd1554f309b208ab
[2m2025-12-10T10:13:32.048921Z[0m [34mDEBUG[0m [2methereum_transaction_pool_monitor::eth_client[0m[2m:[0m ✅ Transaction 0x54d5bd813eb450348eb1c148ab4b8fdabc2589a156483ddb8edaf6fb8cac9ee3 fetched and parsed in 91.044208ms
[2m2025-12-10T10:13:32.048941Z[0m [34mDEBUG[0m [2methereum_transaction_pool_monitor::mempool_monitor[0m[2m:[0m 🔍 Skipping tx 0x54d5bd813eb450348eb1c148ab4b8fdabc2589a156483ddb8edaf6fb8cac9ee3 - not a DEX interaction (target: 0xA69babEF1cA67A37Ffaf7a485DfFF3382056e78C)
[2m2025-12-10T10:13:32.048950Z[0m [34mDEBUG[0m [2methereum_transaction_pool_monitor::mempool_monitor[0m[2m:[0m 📨 Processing new pending transaction: 0xe4feeeff6ce920340876a23c5ff3f0db2d6d6ed49d53d435dfab9e53e28b1731
[2m2025-12-10T10:13:32.048955Z[0m [34mDEBUG[0m [2methereum_transaction_pool_monitor::mempool_monitor[0m[2m:[0m 🔍 Fetching transaction details for: 0xe4feeeff6ce920340876a23c5ff3f0db2d6d6ed49d53d435dfab9e53e28b1731
[2m2025-12-10T10:13:32.048960Z[0m [34mDEBUG[0m [2methereum_transaction_pool_monitor::eth_client[0m[2m:[0m 🔍 Fetching transaction details for hash: 0xe4feeeff6ce920340876a23c5ff3f0db2d6d6ed49d53d435dfab9e53e28b1731
[2m2025-12-10T10:13:32.048979Z[0m [34mDEBUG[0m [2mhyper::client::pool[0m[2m:[0m reuse idle connection for ("http", 192.168.0.14:8545)
[2m2025-12-10T10:13:32.049026Z[0m [34mDEBUG[0m [2mhyper::proto::h1::io[0m[2m:[0m flushed 250 bytes
[2m2025-12-10T10:13:32.052777Z[0m [34mDEBUG[0m [2mhyper::proto::h1::io[0m[2m:[0m parsed 4 headers
[2m2025-12-10T10:13:32.052791Z[0m [34mDEBUG[0m [2mhyper::proto::h1::conn[0m[2m:[0m incoming body is content-length (2304 bytes)
[2m2025-12-10T10:13:32.052815Z[0m [34mDEBUG[0m [2methereum_transaction_pool_monitor::eth_client[0m[2m:[0m 📡 Transaction fetch RPC completed in 3.85075ms
[2m2025-12-10T10:13:32.054024Z[0m [34mDEBUG[0m [2mhyper::proto::h1::conn[0m[2m:[0m incoming body completed
[2m2025-12-10T10:13:32.054035Z[0m [34mDEBUG[0m [2mhyper::client::pool[0m[2m:[0m pooling idle connection for ("http", 192.168.0.14:8545)
[2m2025-12-10T10:13:32.098897Z[0m [34mDEBUG[0m [2mhyper::client::pool[0m[2m:[0m reuse idle connection for ("http", 192.168.0.14:8545)
[2m2025-12-10T10:13:32.099022Z[0m [34mDEBUG[0m [2mhyper::proto::h1::io[0m[2m:[0m flushed 172 bytes
[2m2025-12-10T10:13:32.104008Z[0m [34mDEBUG[0m [2mhyper::proto::h1::io[0m[2m:[0m parsed 4 headers
[2m2025-12-10T10:13:32.104035Z[0m [34mDEBUG[0m [2mhyper::proto::h1::conn[0m[2m:[0m incoming body is content-length (45 bytes)
[2m2025-12-10T10:13:32.104054Z[0m [34mDEBUG[0m [2mhyper::proto::h1::conn[0m[2m:[0m incoming body completed
[2m2025-12-10T10:13:32.104075Z[0m [34mDEBUG[0m [2mhyper::client::pool[0m[2m:[0m pooling idle connection for ("http", 192.168.0.14:8545)
[2m2025-12-10T10:13:32.136725Z[0m [34mDEBUG[0m [2methereum_transaction_pool_monitor::eth_client[0m[2m:[0m 📨 Received WebSocket message: {"jsonrpc":"2.0","method":"eth_subscription","params":{"subscription":"0xbed0a0851463e895960a451075a301a9","result":"0x2cdba5f7e7f277dd5e78f76866a445b02ef618aee2a6ff502c0ba0a98f028f85"}}
[2m2025-12-10T10:13:32.136752Z[0m [34mDEBUG[0m [2methereum_transaction_pool_monitor::eth_client[0m[2m:[0m 📨 Received pending transaction: 0x2cdba5f7e7f277dd5e78f76866a445b02ef618aee2a6ff502c0ba0a98f028f85
[2m2025-12-10T10:13:32.142721Z[0m [34mDEBUG[0m [2methereum_transaction_pool_monitor::eth_client[0m[2m:[0m ✅ Transaction 0xe4feeeff6ce920340876a23c5ff3f0db2d6d6ed49d53d435dfab9e53e28b1731 fetched and parsed in 93.753792ms
[2m2025-12-10T10:13:32.146520Z[0m [34mDEBUG[0m [2methereum_transaction_pool_monitor::mempool_monitor[0m[2m:[0m 🔍 Skipping tx 0xe4feeeff6ce920340876a23c5ff3f0db2d6d6ed49d53d435dfab9e53e28b1731 - not a DEX interaction (target: 0xe8070a4FE798C0569e20729573DDec558e91a68a)
[2m2025-12-10T10:13:32.146535Z[0m [34mDEBUG[0m [2methereum_transaction_pool_monitor::mempool_monitor[0m[2m:[0m 📨 Processing new pending transaction: 0x63f552c7aed993d383265fbc0b69eec31a076b384350761d1333bc4004643d7d
[2m2025-12-10T10:13:32.146543Z[0m [34mDEBUG[0m [2methereum_transaction_pool_monitor::mempool_monitor[0m[2m:[0m 🔍 Fetching transaction details for: 0x63f552c7aed993d383265fbc0b69eec31a076b384350761d1333bc4004643d7d
[2m2025-12-10T10:13:32.146549Z[0m [34mDEBUG[0m [2methereum_transaction_pool_monitor::eth_client[0m[2m:[0m 🔍 Fetching transaction details for hash: 0x63f552c7aed993d383265fbc0b69eec31a076b384350761d1333bc4004643d7d
[2m2025-12-10T10:13:32.147095Z[0m [34mDEBUG[0m [2mhyper::client::pool[0m[2m:[0m reuse idle connection for ("http", 192.168.0.14:8545)
[2m2025-12-10T10:13:32.147153Z[0m [34mDEBUG[0m [2mhyper::proto::h1::io[0m[2m:[0m flushed 250 bytes
[2m2025-12-10T10:13:32.150467Z[0m [34mDEBUG[0m [2mhyper::proto::h1::io[0m[2m:[0m parsed 4 headers
[2m2025-12-10T10:13:32.150481Z[0m [34mDEBUG[0m [2mhyper::proto::h1::conn[0m[2m:[0m incoming body is content-length (765 bytes)
[2m2025-12-10T10:13:32.150490Z[0m [34mDEBUG[0m [2mhyper::proto::h1::conn[0m[2m:[0m incoming body completed
[2m2025-12-10T10:13:32.150502Z[0m [34mDEBUG[0m [2mhyper::client::pool[0m[2m:[0m pooling idle connection for ("http", 192.168.0.14:8545)
[2m2025-12-10T10:13:32.150510Z[0m [34mDEBUG[0m [2methereum_transaction_pool_monitor::eth_client[0m[2m:[0m 📡 Transaction fetch RPC completed in 3.433083ms
[2m2025-12-10T10:13:32.150536Z[0m [34mDEBUG[0m [2methereum_transaction_pool_monitor::eth_client[0m[2m:[0m DeFi transaction detected - Address: 0xdac17f958d2ee523a2206206994597c13d831ec7, Type: Stablecoin, Value: 0 ETH, Gas: 0.21 Gwei
[2m2025-12-10T10:13:32.150551Z[0m [34mDEBUG[0m [2methereum_transaction_pool_monitor::eth_client[0m[2m:[0m ✅ Transaction 0x63f552c7aed993d383265fbc0b69eec31a076b384350761d1333bc4004643d7d fetched and parsed in 3.473792ms
[2m2025-12-10T10:13:32.150558Z[0m [34mDEBUG[0m [2methereum_transaction_pool_monitor::mempool_monitor[0m[2m:[0m 🔍 Skipping tx 0x63f552c7aed993d383265fbc0b69eec31a076b384350761d1333bc4004643d7d - not a DEX interaction (target: 0xdAC17F958D2ee523a2206206994597C13D831ec7)
[2m2025-12-10T10:13:32.150565Z[0m [34mDEBUG[0m [2methereum_transaction_pool_monitor::mempool_monitor[0m[2m:[0m 📨 Processing new pending transaction: 0x05a89b1c3ac13e1c3fc3dad26bfea1808a234650285b65db8f9f87958ab585e7
[2m2025-12-10T10:13:32.150569Z[0m [34mDEBUG[0m [2methereum_transaction_pool_monitor::mempool_monitor[0m[2m:[0m 🔍 Fetching transaction details for: 0x05a89b1c3ac13e1c3fc3dad26bfea1808a234650285b65db8f9f87958ab585e7
[2m2025-12-10T10:13:32.150573Z[0m [34mDEBUG[0m [2methereum_transaction_pool_monitor::eth_client[0m[2m:[0m 🔍 Fetching transaction details for hash: 0x05a89b1c3ac13e1c3fc3dad26bfea1808a234650285b65db8f9f87958ab585e7
[2m2025-12-10T10:13:32.150588Z[0m [34mDEBUG[0m [2mhyper::client::pool[0m[2m:[0m reuse idle connection for ("http", 192.168.0.14:8545)
[2m2025-12-10T10:13:32.150622Z[0m [34mDEBUG[0m [2mhyper::proto::h1::io[0m[2m:[0m flushed 250 bytes
[2m2025-12-10T10:13:32.158233Z[0m [34mDEBUG[0m [2mhyper::proto::h1::io[0m[2m:[0m parsed 4 headers
[2m2025-12-10T10:13:32.158254Z[0m [34mDEBUG[0m [2mhyper::proto::h1::conn[0m[2m:[0m incoming body is content-length (641 bytes)
[2m2025-12-10T10:13:32.158264Z[0m [34mDEBUG[0m [2mhyper::proto::h1::conn[0m[2m:[0m incoming body completed
[2m2025-12-10T10:13:32.158278Z[0m [34mDEBUG[0m [2mhyper::client::pool[0m[2m:[0m pooling idle connection for ("http", 192.168.0.14:8545)
[2m2025-12-10T10:13:32.158287Z[0m [34mDEBUG[0m [2methereum_transaction_pool_monitor::eth_client[0m[2m:[0m 📡 Transaction fetch RPC completed in 7.709792ms
[2m2025-12-10T10:13:32.239972Z[0m [34mDEBUG[0m [2methereum_transaction_pool_monitor::eth_client[0m[2m:[0m ✅ Transaction 0x05a89b1c3ac13e1c3fc3dad26bfea1808a234650285b65db8f9f87958ab585e7 fetched and parsed in 89.391542ms
[2m2025-12-10T10:13:32.240000Z[0m [34mDEBUG[0m [2methereum_transaction_pool_monitor::mempool_monitor[0m[2m:[0m 🔍 Skipping tx 0x05a89b1c3ac13e1c3fc3dad26bfea1808a234650285b65db8f9f87958ab585e7 - not a DEX interaction (target: 0xA65D9539C83c435C0DD26158E268a60A3f8E5b27)
[2m2025-12-10T10:13:32.240010Z[0m [34mDEBUG[0m [2methereum_transaction_pool_monitor::mempool_monitor[0m[2m:[0m 📨 Processing new pending transaction: 0xcbd2d647aca567d873578336dc8e1324f93ce0c53fc4f5671c390136f9982dd8
[2m2025-12-10T10:13:32.240015Z[0m [34mDEBUG[0m [2methereum_transaction_pool_monitor::mempool_monitor[0m[2m:[0m 🔍 Fetching transaction details for: 0xcbd2d647aca567d873578336dc8e1324f93ce0c53fc4f5671c390136f9982dd8
[2m2025-12-10T10:13:32.240019Z[0m [34mDEBUG[0m [2methereum_transaction_pool_monitor::eth_client[0m[2m:[0m 🔍 Fetching transaction details for hash: 0xcbd2d647aca567d873578336dc8e1324f93ce0c53fc4f5671c390136f9982dd8
[2m2025-12-10T10:13:32.240042Z[0m [34mDEBUG[0m [2mhyper::client::pool[0m[2m:[0m reuse idle connection for ("http", 192.168.0.14:8545)
[2m2025-12-10T10:13:32.240110Z[0m [34mDEBUG[0m [2mhyper::proto::h1::io[0m[2m:[0m flushed 250 bytes
[2m2025-12-10T10:13:32.240142Z[0m [34mDEBUG[0m [2mhyper::client::pool[0m[2m:[0m reuse idle connection for ("http", 192.168.0.14:8545)
[2m2025-12-10T10:13:32.240162Z[0m [34mDEBUG[0m [2mhyper::proto::h1::io[0m[2m:[0m flushed 172 bytes
[2m2025-12-10T10:13:32.244522Z[0m [34mDEBUG[0m [2mhyper::proto::h1::io[0m[2m:[0m parsed 4 headers
[2m2025-12-10T10:13:32.244546Z[0m [34mDEBUG[0m [2mhyper::proto::h1::conn[0m[2m:[0m incoming body is content-length (830 bytes)
[2m2025-12-10T10:13:32.244557Z[0m [34mDEBUG[0m [2mhyper::proto::h1::conn[0m[2m:[0m incoming body completed
[2m2025-12-10T10:13:32.244569Z[0m [34mDEBUG[0m [2mhyper::client::pool[0m[2m:[0m pooling idle connection for ("http", 192.168.0.14:8545)
[2m2025-12-10T10:13:32.244577Z[0m [34mDEBUG[0m [2methereum_transaction_pool_monitor::eth_client[0m[2m:[0m 📡 Transaction fetch RPC completed in 4.554375ms
[2m2025-12-10T10:13:32.318751Z[0m [34mDEBUG[0m [2methereum_transaction_pool_monitor::eth_client[0m[2m:[0m ✅ Transaction 0xcbd2d647aca567d873578336dc8e1324f93ce0c53fc4f5671c390136f9982dd8 fetched and parsed in 78.725667ms
[2m2025-12-10T10:13:32.318784Z[0m [34mDEBUG[0m [2methereum_transaction_pool_monitor::mempool_monitor[0m[2m:[0m 🔍 Skipping tx 0xcbd2d647aca567d873578336dc8e1324f93ce0c53fc4f5671c390136f9982dd8 - not a DEX interaction (target: 0x3B4D794a66304F130a4Db8F2551B0070dfCf5ca7)
[2m2025-12-10T10:13:32.318794Z[0m [34mDEBUG[0m [2methereum_transaction_pool_monitor::mempool_monitor[0m[2m:[0m 📨 Processing new pending transaction: 0xaf9f5cbe586a5eac33a4109de1268b0bbf9abdd22ebcf77e79da00b1281d94c7
[2m2025-12-10T10:13:32.318799Z[0m [34mDEBUG[0m [2methereum_transaction_pool_monitor::mempool_monitor[0m[2m:[0m 🔍 Fetching transaction details for: 0xaf9f5cbe586a5eac33a4109de1268b0bbf9abdd22ebcf77e79da00b1281d94c7
[2m2025-12-10T10:13:32.318804Z[0m [34mDEBUG[0m [2methereum_transaction_pool_monitor::eth_client[0m[2m:[0m 🔍 Fetching transaction details for hash: 0xaf9f5cbe586a5eac33a4109de1268b0bbf9abdd22ebcf77e79da00b1281d94c7
[2m2025-12-10T10:13:32.318824Z[0m [34mDEBUG[0m [2mhyper::client::pool[0m[2m:[0m reuse idle connection for ("http", 192.168.0.14:8545)
[2m2025-12-10T10:13:32.318892Z[0m [34mDEBUG[0m [2mhyper::proto::h1::io[0m[2m:[0m flushed 250 bytes
[2m2025-12-10T10:13:32.318921Z[0m [34mDEBUG[0m [2methereum_transaction_pool_monitor::eth_client[0m[2m:[0m 📨 Received WebSocket message: {"jsonrpc":"2.0","method":"eth_subscription","params":{"subscription":"0xbed0a0851463e895960a451075a301a9","result":"0x42c3903385177d09b086b7e02195388737d025b6dfccd2b2c4b3f348f6c7449d"}}
[2m2025-12-10T10:13:32.318929Z[0m [34mDEBUG[0m [2methereum_transaction_pool_monitor::eth_client[0m[2m:[0m 📨 Received pending transaction: 0x42c3903385177d09b086b7e02195388737d025b6dfccd2b2c4b3f348f6c7449d
[2m2025-12-10T10:13:32.318967Z[0m [34mDEBUG[0m [2mhyper::proto::h1::io[0m[2m:[0m parsed 4 headers
[2m2025-12-10T10:13:32.318972Z[0m [34mDEBUG[0m [2mhyper::proto::h1::conn[0m[2m:[0m incoming body is content-length (45 bytes)
[2m2025-12-10T10:13:32.318980Z[0m [34mDEBUG[0m [2mhyper::proto::h1::conn[0m[2m:[0m incoming body completed
[2m2025-12-10T10:13:32.318989Z[0m [34mDEBUG[0m [2mhyper::client::pool[0m[2m:[0m pooling idle connection for ("http", 192.168.0.14:8545)
[2m2025-12-10T10:13:32.319007Z[0m [34mDEBUG[0m [2mhyper::client::pool[0m[2m:[0m reuse idle connection for ("http", 192.168.0.14:8545)
[2m2025-12-10T10:13:32.319024Z[0m [34mDEBUG[0m [2mhyper::proto::h1::io[0m[2m:[0m flushed 172 bytes
[2m2025-12-10T10:13:32.323230Z[0m [34mDEBUG[0m [2methereum_transaction_pool_monitor::eth_client[0m[2m:[0m 📨 Received WebSocket message: {"jsonrpc":"2.0","method":"eth_subscription","params":{"subscription":"0xbed0a0851463e895960a451075a301a9","result":"0xc67cfb69d1d9bd7379526564f6bcceb3fb5f3dfc29544db832fefa14199405c7"}}
[2m2025-12-10T10:13:32.323254Z[0m [34mDEBUG[0m [2methereum_transaction_pool_monitor::eth_client[0m[2m:[0m 📨 Received pending transaction: 0xc67cfb69d1d9bd7379526564f6bcceb3fb5f3dfc29544db832fefa14199405c7
[2m2025-12-10T10:13:32.324667Z[0m [34mDEBUG[0m [2mhyper::proto::h1::io[0m[2m:[0m parsed 4 headers
[2m2025-12-10T10:13:32.324681Z[0m [34mDEBUG[0m [2mhyper::proto::h1::conn[0m[2m:[0m incoming body is content-length (772 bytes)
[2m2025-12-10T10:13:32.324690Z[0m [34mDEBUG[0m [2mhyper::proto::h1::conn[0m[2m:[0m incoming body completed
[2m2025-12-10T10:13:32.324702Z[0m [34mDEBUG[0m [2mhyper::client::pool[0m[2m:[0m pooling idle connection for ("http", 192.168.0.14:8545)
[2m2025-12-10T10:13:32.324710Z[0m [34mDEBUG[0m [2methereum_transaction_pool_monitor::eth_client[0m[2m:[0m 📡 Transaction fetch RPC completed in 5.90225ms
[2m2025-12-10T10:13:32.324728Z[0m [34mDEBUG[0m [2methereum_transaction_pool_monitor::eth_client[0m[2m:[0m DeFi transaction detected - Address: 0xdac17f958d2ee523a2206206994597c13d831ec7, Type: Stablecoin, Value: 0 ETH, Gas: 2.23 Gwei
[2m2025-12-10T10:13:32.324740Z[0m [34mDEBUG[0m [2methereum_transaction_pool_monitor::eth_client[0m[2m:[0m ✅ Transaction 0xaf9f5cbe586a5eac33a4109de1268b0bbf9abdd22ebcf77e79da00b1281d94c7 fetched and parsed in 5.932292ms
[2m2025-12-10T10:13:32.324747Z[0m [34mDEBUG[0m [2methereum_transaction_pool_monitor::mempool_monitor[0m[2m:[0m 🔍 Skipping tx 0xaf9f5cbe586a5eac33a4109de1268b0bbf9abdd22ebcf77e79da00b1281d94c7 - not a DEX interaction (target: 0xdAC17F958D2ee523a2206206994597C13D831ec7)
[2m2025-12-10T10:13:32.324754Z[0m [34mDEBUG[0m [2methereum_transaction_pool_monitor::mempool_monitor[0m[2m:[0m 📨 Processing new pending transaction: 0x2386c603e7ad5d2765de313cf3d054d5c256a10b45b22d11ce59abb16ae421ba
[2m2025-12-10T10:13:32.324759Z[0m [34mDEBUG[0m [2methereum_transaction_pool_monitor::mempool_monitor[0m[2m:[0m 🔍 Fetching transaction details for: 0x2386c603e7ad5d2765de313cf3d054d5c256a10b45b22d11ce59abb16ae421ba
[2m2025-12-10T10:13:32.324763Z[0m [34mDEBUG[0m [2methereum_transaction_pool_monitor::eth_client[0m[2m:[0m 🔍 Fetching transaction details for hash: 0x2386c603e7ad5d2765de313cf3d054d5c256a10b45b22d11ce59abb16ae421ba
[2m2025-12-10T10:13:32.324779Z[0m [34mDEBUG[0m [2mhyper::client::pool[0m[2m:[0m reuse idle connection for ("http", 192.168.0.14:8545)
[2m2025-12-10T10:13:32.324812Z[0m [34mDEBUG[0m [2mhyper::proto::h1::io[0m[2m:[0m flushed 250 bytes
[2m2025-12-10T10:13:32.324927Z[0m [34mDEBUG[0m [2mhyper::proto::h1::io[0m[2m:[0m parsed 4 headers
[2m2025-12-10T10:13:32.324932Z[0m [34mDEBUG[0m [2mhyper::proto::h1::conn[0m[2m:[0m incoming body is content-length (45 bytes)
[2m2025-12-10T10:13:32.324937Z[0m [34mDEBUG[0m [2mhyper::proto::h1::conn[0m[2m:[0m incoming body completed
[2m2025-12-10T10:13:32.324944Z[0m [34mDEBUG[0m [2mhyper::client::pool[0m[2m:[0m pooling idle connection for ("http", 192.168.0.14:8545)
[2m2025-12-10T10:13:32.329217Z[0m [34mDEBUG[0m [2mhyper::proto::h1::io[0m[2m:[0m parsed 4 headers
[2m2025-12-10T10:13:32.329235Z[0m [34mDEBUG[0m [2mhyper::proto::h1::conn[0m[2m:[0m incoming body is content-length (767 bytes)
[2m2025-12-10T10:13:32.329243Z[0m [34mDEBUG[0m [2mhyper::proto::h1::conn[0m[2m:[0m incoming body completed
[2m2025-12-10T10:13:32.329253Z[0m [34mDEBUG[0m [2mhyper::client::pool[0m[2m:[0m pooling idle connection for ("http", 192.168.0.14:8545)
[2m2025-12-10T10:13:32.329268Z[0m [34mDEBUG[0m [2methereum_transaction_pool_monitor::eth_client[0m[2m:[0m 📡 Transaction fetch RPC completed in 4.50075ms
[2m2025-12-10T10:13:32.409992Z[0m [34mDEBUG[0m [2methereum_transaction_pool_monitor::eth_client[0m[2m:[0m ✅ Transaction 0x2386c603e7ad5d2765de313cf3d054d5c256a10b45b22d11ce59abb16ae421ba fetched and parsed in 85.221791ms
[2m2025-12-10T10:13:32.410027Z[0m [34mDEBUG[0m [2methereum_transaction_pool_monitor::mempool_monitor[0m[2m:[0m 🔍 Skipping tx 0x2386c603e7ad5d2765de313cf3d054d5c256a10b45b22d11ce59abb16ae421ba - not a DEX interaction (target: 0xDCD0f5ab30856F28385F641580Bbd85f88349124)
[2m2025-12-10T10:13:32.410039Z[0m [34mDEBUG[0m [2methereum_transaction_pool_monitor::mempool_monitor[0m[2m:[0m 📨 Processing new pending transaction: 0xda35b0b80490f306e47cb7af3f9ed8be7bbe15c73936da1dc8b125a7df6f3aef
[2m2025-12-10T10:13:32.410044Z[0m [34mDEBUG[0m [2methereum_transaction_pool_monitor::mempool_monitor[0m[2m:[0m 🔍 Fetching transaction details for: 0xda35b0b80490f306e47cb7af3f9ed8be7bbe15c73936da1dc8b125a7df6f3aef
[2m2025-12-10T10:13:32.410048Z[0m [34mDEBUG[0m [2methereum_transaction_pool_monitor::eth_client[0m[2m:[0m 🔍 Fetching transaction details for hash: 0xda35b0b80490f306e47cb7af3f9ed8be7bbe15c73936da1dc8b125a7df6f3aef
[2m2025-12-10T10:13:32.410071Z[0m [34mDEBUG[0m [2mhyper::client::pool[0m[2m:[0m reuse idle connection for ("http", 192.168.0.14:8545)
[2m2025-12-10T10:13:32.410141Z[0m [34mDEBUG[0m [2mhyper::proto::h1::io[0m[2m:[0m flushed 250 bytes
[2m2025-12-10T10:13:32.410163Z[0m [34mDEBUG[0m [2mhyper::client::pool[0m[2m:[0m reuse idle connection for ("http", 192.168.0.14:8545)
[2m2025-12-10T10:13:32.410180Z[0m [34mDEBUG[0m [2methereum_transaction_pool_monitor::eth_client[0m[2m:[0m 📨 Received WebSocket message: {"jsonrpc":"2.0","method":"eth_subscription","params":{"subscription":"0xbed0a0851463e895960a451075a301a9","result":"0xd4583a111b59389471e5040911fc55ccd5ddaa117982dc84cfb19201ab8f604c"}}
[2m2025-12-10T10:13:32.410182Z[0m [34mDEBUG[0m [2mhyper::proto::h1::io[0m[2m:[0m flushed 172 bytes
[2m2025-12-10T10:13:32.410201Z[0m [34mDEBUG[0m [2methereum_transaction_pool_monitor::eth_client[0m[2m:[0m 📨 Received pending transaction: 0xd4583a111b59389471e5040911fc55ccd5ddaa117982dc84cfb19201ab8f604c
[2m2025-12-10T10:13:32.413468Z[0m [34mDEBUG[0m [2mhyper::proto::h1::io[0m[2m:[0m parsed 4 headers
[2m2025-12-10T10:13:32.413480Z[0m [34mDEBUG[0m [2mhyper::proto::h1::conn[0m[2m:[0m incoming body is content-length (680 bytes)
[2m2025-12-10T10:13:32.413488Z[0m [34mDEBUG[0m [2mhyper::proto::h1::conn[0m[2m:[0m incoming body completed
[2m2025-12-10T10:13:32.413498Z[0m [34mDEBUG[0m [2mhyper::client::pool[0m[2m:[0m pooling idle connection for ("http", 192.168.0.14:8545)
[2m2025-12-10T10:13:32.413505Z[0m [34mDEBUG[0m [2methereum_transaction_pool_monitor::eth_client[0m[2m:[0m 📡 Transaction fetch RPC completed in 3.452167ms
[2m2025-12-10T10:13:32.413521Z[0m [34mDEBUG[0m [2methereum_transaction_pool_monitor::eth_client[0m[2m:[0m DeFi transaction detected - Address: 0xdac17f958d2ee523a2206206994597c13d831ec7, Type: Stablecoin, Value: 0 ETH, Gas: 8.00 Gwei
[2m2025-12-10T10:13:32.413533Z[0m [34mDEBUG[0m [2methereum_transaction_pool_monitor::eth_client[0m[2m:[0m ✅ Transaction 0xda35b0b80490f306e47cb7af3f9ed8be7bbe15c73936da1dc8b125a7df6f3aef fetched and parsed in 3.480083ms
[2m2025-12-10T10:13:32.413539Z[0m [34mDEBUG[0m [2methereum_transaction_pool_monitor::mempool_monitor[0m[2m:[0m 🔍 Skipping tx 0xda35b0b80490f306e47cb7af3f9ed8be7bbe15c73936da1dc8b125a7df6f3aef - not a DEX interaction (target: 0xdAC17F958D2ee523a2206206994597C13D831ec7)
[2m2025-12-10T10:13:32.413546Z[0m [34mDEBUG[0m [2methereum_transaction_pool_monitor::mempool_monitor[0m[2m:[0m 📨 Processing new pending transaction: 0x76c101c36c337e761ace857379cec256ccb2482bc6b5bb01cb90d522557cf609
[2m2025-12-10T10:13:32.413550Z[0m [34mDEBUG[0m [2methereum_transaction_pool_monitor::mempool_monitor[0m[2m:[0m 🔍 Fetching transaction details for: 0x76c101c36c337e761ace857379cec256ccb2482bc6b5bb01cb90d522557cf609
[2m2025-12-10T10:13:32.413717Z[0m [34mDEBUG[0m [2methereum_transaction_pool_monitor::eth_client[0m[2m:[0m 🔍 Fetching transaction details for hash: 0x76c101c36c337e761ace857379cec256ccb2482bc6b5bb01cb90d522557cf609
[2m2025-12-10T10:13:32.413734Z[0m [34mDEBUG[0m [2mhyper::client::pool[0m[2m:[0m reuse idle connection for ("http", 192.168.0.14:8545)
[2m2025-12-10T10:13:32.413762Z[0m [34mDEBUG[0m [2mhyper::proto::h1::io[0m[2m:[0m flushed 250 bytes
[2m2025-12-10T10:13:32.414111Z[0m [34mDEBUG[0m [2mhyper::proto::h1::io[0m[2m:[0m parsed 4 headers
[2m2025-12-10T10:13:32.414149Z[0m [34mDEBUG[0m [2mhyper::proto::h1::conn[0m[2m:[0m incoming body is content-length (45 bytes)
[2m2025-12-10T10:13:32.414168Z[0m [34mDEBUG[0m [2mhyper::proto::h1::conn[0m[2m:[0m incoming body completed
[2m2025-12-10T10:13:32.414188Z[0m [34mDEBUG[0m [2mhyper::client::pool[0m[2m:[0m pooling idle connection for ("http", 192.168.0.14:8545)
[2m2025-12-10T10:13:32.417638Z[0m [34mDEBUG[0m [2mhyper::proto::h1::io[0m[2m:[0m parsed 4 headers
[2m2025-12-10T10:13:32.417687Z[0m [34mDEBUG[0m [2mhyper::proto::h1::conn[0m[2m:[0m incoming body is content-length (830 bytes)
[2m2025-12-10T10:13:32.417705Z[0m [34mDEBUG[0m [2mhyper::proto::h1::conn[0m[2m:[0m incoming body completed
[2m2025-12-10T10:13:32.417725Z[0m [34mDEBUG[0m [2mhyper::client::pool[0m[2m:[0m pooling idle connection for ("http", 192.168.0.14:8545)
[2m2025-12-10T10:13:32.417741Z[0m [34mDEBUG[0m [2methereum_transaction_pool_monitor::eth_client[0m[2m:[0m 📡 Transaction fetch RPC completed in 4.015875ms
[2m2025-12-10T10:13:32.505100Z[0m [34mDEBUG[0m [2methereum_transaction_pool_monitor::eth_client[0m[2m:[0m ✅ Transaction 0x76c101c36c337e761ace857379cec256ccb2482bc6b5bb01cb90d522557cf609 fetched and parsed in 91.371875ms
[2m2025-12-10T10:13:32.505126Z[0m [34mDEBUG[0m [2methereum_transaction_pool_monitor::mempool_monitor[0m[2m:[0m 🔍 Skipping tx 0x76c101c36c337e761ace857379cec256ccb2482bc6b5bb01cb90d522557cf609 - not a DEX interaction (target: 0x3B4D794a66304F130a4Db8F2551B0070dfCf5ca7)
[2m2025-12-10T10:13:32.505136Z[0m [34mDEBUG[0m [2methereum_transaction_pool_monitor::mempool_monitor[0m[2m:[0m 📨 Processing new pending transaction: 0x0deb604b31f0ca29a707bf5d174c27643adb411d3a75bd35bd1554f309b208ab
[2m2025-12-10T10:13:32.505141Z[0m [34mDEBUG[0m [2methereum_transaction_pool_monitor::mempool_monitor[0m[2m:[0m 🔍 Fetching transaction details for: 0x0deb604b31f0ca29a707bf5d174c27643adb411d3a75bd35bd1554f309b208ab
[2m2025-12-10T10:13:32.505146Z[0m [34mDEBUG[0m [2methereum_transaction_pool_monitor::eth_client[0m[2m:[0m 🔍 Fetching transaction details for hash: 0x0deb604b31f0ca29a707bf5d174c27643adb411d3a75bd35bd1554f309b208ab
[2m2025-12-10T10:13:32.505169Z[0m [34mDEBUG[0m [2mhyper::client::pool[0m[2m:[0m reuse idle connection for ("http", 192.168.0.14:8545)
[2m2025-12-10T10:13:32.505229Z[0m [34mDEBUG[0m [2mhyper::proto::h1::io[0m[2m:[0m flushed 250 bytes
[2m2025-12-10T10:13:32.505250Z[0m [34mDEBUG[0m [2mhyper::client::pool[0m[2m:[0m reuse idle connection for ("http", 192.168.0.14:8545)
[2m2025-12-10T10:13:32.505266Z[0m [34mDEBUG[0m [2mhyper::proto::h1::io[0m[2m:[0m flushed 172 bytes
[2m2025-12-10T10:13:32.505296Z[0m [34mDEBUG[0m [2methereum_transaction_pool_monitor::eth_client[0m[2m:[0m 📨 Received WebSocket message: {"jsonrpc":"2.0","method":"eth_subscription","params":{"subscription":"0xbed0a0851463e895960a451075a301a9","result":"0xb1f4596152eaaf1224f11c54a771de959b78ba6cae4b74cb74ae1824db4631d3"}}
[2m2025-12-10T10:13:32.505304Z[0m [34mDEBUG[0m [2methereum_transaction_pool_monitor::eth_client[0m[2m:[0m 📨 Received pending transaction: 0xb1f4596152eaaf1224f11c54a771de959b78ba6cae4b74cb74ae1824db4631d3
[2m2025-12-10T10:13:32.505310Z[0m [34mDEBUG[0m [2methereum_transaction_pool_monitor::eth_client[0m[2m:[0m 📨 Received WebSocket message: {"jsonrpc":"2.0","method":"eth_subscription","params":{"subscription":"0xbed0a0851463e895960a451075a301a9","result":"0x16ac7b85d5cef98bb78245794a65ccb7eecd3ff7c9fa2b64ce99b3184ff151ac"}}
[2m2025-12-10T10:13:32.505315Z[0m [34mDEBUG[0m [2methereum_transaction_pool_monitor::eth_client[0m[2m:[0m 📨 Received pending transaction: 0x16ac7b85d5cef98bb78245794a65ccb7eecd3ff7c9fa2b64ce99b3184ff151ac
[2m2025-12-10T10:13:32.509269Z[0m [34mDEBUG[0m [2mhyper::proto::h1::io[0m[2m:[0m parsed 4 headers
[2m2025-12-10T10:13:32.509285Z[0m [34mDEBUG[0m [2mhyper::proto::h1::conn[0m[2m:[0m incoming body is content-length (828 bytes)
[2m2025-12-10T10:13:32.509294Z[0m [34mDEBUG[0m [2mhyper::proto::h1::conn[0m[2m:[0m incoming body completed
[2m2025-12-10T10:13:32.509306Z[0m [34mDEBUG[0m [2mhyper::client::pool[0m[2m:[0m pooling idle connection for ("http", 192.168.0.14:8545)
[2m2025-12-10T10:13:32.509313Z[0m [34mDEBUG[0m [2methereum_transaction_pool_monitor::eth_client[0m[2m:[0m 📡 Transaction fetch RPC completed in 4.1625ms
[2m2025-12-10T10:13:32.594228Z[0m [34mDEBUG[0m [2methereum_transaction_pool_monitor::eth_client[0m[2m:[0m ✅ Transaction 0x0deb604b31f0ca29a707bf5d174c27643adb411d3a75bd35bd1554f309b208ab fetched and parsed in 89.073541ms
[2m2025-12-10T10:13:32.594263Z[0m [34mDEBUG[0m [2methereum_transaction_pool_monitor::mempool_monitor[0m[2m:[0m 🔍 Skipping tx 0x0deb604b31f0ca29a707bf5d174c27643adb411d3a75bd35bd1554f309b208ab - not a DEX interaction (target: 0xDDaef92FA7888eb8A8a684F72F5e8e9Ee6045490)
[2m2025-12-10T10:13:32.594273Z[0m [34mDEBUG[0m [2methereum_transaction_pool_monitor::mempool_monitor[0m[2m:[0m 📨 Processing new pending transaction: 0x2cdba5f7e7f277dd5e78f76866a445b02ef618aee2a6ff502c0ba0a98f028f85
[2m2025-12-10T10:13:32.594279Z[0m [34mDEBUG[0m [2methereum_transaction_pool_monitor::mempool_monitor[0m[2m:[0m 🔍 Fetching transaction details for: 0x2cdba5f7e7f277dd5e78f76866a445b02ef618aee2a6ff502c0ba0a98f028f85
[2m2025-12-10T10:13:32.594283Z[0m [34mDEBUG[0m [2methereum_transaction_pool_monitor::eth_client[0m[2m:[0m 🔍 Fetching transaction details for hash: 0x2cdba5f7e7f277dd5e78f76866a445b02ef618aee2a6ff502c0ba0a98f028f85
[2m2025-12-10T10:13:32.594306Z[0m [34mDEBUG[0m [2mhyper::client::pool[0m[2m:[0m reuse idle connection for ("http", 192.168.0.14:8545)
[2m2025-12-10T10:13:32.594369Z[0m [34mDEBUG[0m [2mhyper::proto::h1::io[0m[2m:[0m flushed 250 bytes
[2m2025-12-10T10:13:32.594393Z[0m [34mDEBUG[0m [2methereum_transaction_pool_monitor::eth_client[0m[2m:[0m 📨 Received WebSocket message: {"jsonrpc":"2.0","method":"eth_subscription","params":{"subscription":"0xbed0a0851463e895960a451075a301a9","result":"0x7de88372bcf8bf51eb1141a33d0796e8f57cfeba11a18d472ea9de8087645d6f"}}
[2m2025-12-10T10:13:32.594401Z[0m [34mDEBUG[0m [2methereum_transaction_pool_monitor::eth_client[0m[2m:[0m 📨 Received pending transaction: 0x7de88372bcf8bf51eb1141a33d0796e8f57cfeba11a18d472ea9de8087645d6f
[2m2025-12-10T10:13:32.594412Z[0m [34mDEBUG[0m [2mhyper::proto::h1::io[0m[2m:[0m parsed 4 headers
[2m2025-12-10T10:13:32.594417Z[0m [34mDEBUG[0m [2mhyper::proto::h1::conn[0m[2m:[0m incoming body is content-length (45 bytes)
[2m2025-12-10T10:13:32.594425Z[0m [34mDEBUG[0m [2mhyper::proto::h1::conn[0m[2m:[0m incoming body completed
[2m2025-12-10T10:13:32.594434Z[0m [34mDEBUG[0m [2mhyper::client::pool[0m[2m:[0m pooling idle connection for ("http", 192.168.0.14:8545)
[2m2025-12-10T10:13:32.598195Z[0m [34mDEBUG[0m [2mhyper::proto::h1::io[0m[2m:[0m parsed 4 headers
[2m2025-12-10T10:13:32.598196Z[0m [34mDEBUG[0m [2mhyper::client::pool[0m[2m:[0m reuse idle connection for ("http", 192.168.0.14:8545)
[2m2025-12-10T10:13:32.598246Z[0m [34mDEBUG[0m [2mhyper::proto::h1::conn[0m[2m:[0m incoming body is content-length (1795 bytes)
[2m2025-12-10T10:13:32.598293Z[0m [34mDEBUG[0m [2methereum_transaction_pool_monitor::eth_client[0m[2m:[0m 📡 Transaction fetch RPC completed in 4.0045ms
[2m2025-12-10T10:13:32.598310Z[0m [34mDEBUG[0m [2mhyper::proto::h1::io[0m[2m:[0m flushed 172 bytes
[2m2025-12-10T10:13:32.598461Z[0m [34mDEBUG[0m [2mhyper::proto::h1::conn[0m[2m:[0m incoming body completed
[2m2025-12-10T10:13:32.598488Z[0m [34mDEBUG[0m [2mhyper::client::pool[0m[2m:[0m pooling idle connection for ("http", 192.168.0.14:8545)
[2m2025-12-10T10:13:32.601876Z[0m [34mDEBUG[0m [2mhyper::proto::h1::io[0m[2m:[0m parsed 4 headers
[2m2025-12-10T10:13:32.601909Z[0m [34mDEBUG[0m [2mhyper::proto::h1::conn[0m[2m:[0m incoming body is content-length (45 bytes)
[2m2025-12-10T10:13:32.601927Z[0m [34mDEBUG[0m [2mhyper::proto::h1::conn[0m[2m:[0m incoming body completed
[2m2025-12-10T10:13:32.601949Z[0m [34mDEBUG[0m [2mhyper::client::pool[0m[2m:[0m pooling idle connection for ("http", 192.168.0.14:8545)
[2m2025-12-10T10:13:32.695656Z[0m [34mDEBUG[0m [2methereum_transaction_pool_monitor::eth_client[0m[2m:[0m ✅ Transaction 0x2cdba5f7e7f277dd5e78f76866a445b02ef618aee2a6ff502c0ba0a98f028f85 fetched and parsed in 101.364625ms
[2m2025-12-10T10:13:32.695691Z[0m [34mDEBUG[0m [2methereum_transaction_pool_monitor::mempool_monitor[0m[2m:[0m 🔍 Skipping tx 0x2cdba5f7e7f277dd5e78f76866a445b02ef618aee2a6ff502c0ba0a98f028f85 - not a DEX interaction (target: 0xa6e7aBdD2cF0D00500A04Fc9633bE1e896AF216D)
[2m2025-12-10T10:13:32.695701Z[0m [34mDEBUG[0m [2methereum_transaction_pool_monitor::mempool_monitor[0m[2m:[0m 📨 Processing new pending transaction: 0x42c3903385177d09b086b7e02195388737d025b6dfccd2b2c4b3f348f6c7449d
[2m2025-12-10T10:13:32.695707Z[0m [34mDEBUG[0m [2methereum_transaction_pool_monitor::mempool_monitor[0m[2m:[0m 🔍 Fetching transaction details for: 0x42c3903385177d09b086b7e02195388737d025b6dfccd2b2c4b3f348f6c7449d
[2m2025-12-10T10:13:32.695711Z[0m [34mDEBUG[0m [2methereum_transaction_pool_monitor::eth_client[0m[2m:[0m 🔍 Fetching transaction details for hash: 0x42c3903385177d09b086b7e02195388737d025b6dfccd2b2c4b3f348f6c7449d
[2m2025-12-10T10:13:32.695734Z[0m [34mDEBUG[0m [2mhyper::client::pool[0m[2m:[0m reuse idle connection for ("http", 192.168.0.14:8545)
[2m2025-12-10T10:13:32.695805Z[0m [34mDEBUG[0m [2mhyper::proto::h1::io[0m[2m:[0m flushed 250 bytes
[2m2025-12-10T10:13:32.699340Z[0m [34mDEBUG[0m [2mhyper::client::pool[0m[2m:[0m reuse idle connection for ("http", 192.168.0.14:8545)
[2m2025-12-10T10:13:32.699451Z[0m [34mDEBUG[0m [2mhyper::proto::h1::io[0m[2m:[0m flushed 172 bytes
[2m2025-12-10T10:13:32.700793Z[0m [34mDEBUG[0m [2mhyper::proto::h1::io[0m[2m:[0m parsed 4 headers
[2m2025-12-10T10:13:32.700827Z[0m [34mDEBUG[0m [2mhyper::proto::h1::conn[0m[2m:[0m incoming body is content-length (653 bytes)
[2m2025-12-10T10:13:32.700844Z[0m [34mDEBUG[0m [2mhyper::proto::h1::conn[0m[2m:[0m incoming body completed
[2m2025-12-10T10:13:32.700864Z[0m [34mDEBUG[0m [2mhyper::client::pool[0m[2m:[0m pooling idle connection for ("http", 192.168.0.14:8545)
[2m2025-12-10T10:13:32.700880Z[0m [34mDEBUG[0m [2methereum_transaction_pool_monitor::eth_client[0m[2m:[0m 📡 Transaction fetch RPC completed in 5.164041ms
[2m2025-12-10T10:13:32.824497Z[0m [34mDEBUG[0m [2methereum_transaction_pool_monitor::eth_client[0m[2m:[0m ✅ Transaction 0x42c3903385177d09b086b7e02195388737d025b6dfccd2b2c4b3f348f6c7449d fetched and parsed in 128.777166ms
[2m2025-12-10T10:13:32.824531Z[0m [34mDEBUG[0m [2methereum_transaction_pool_monitor::mempool_monitor[0m[2m:[0m 🔍 Skipping tx 0x42c3903385177d09b086b7e02195388737d025b6dfccd2b2c4b3f348f6c7449d - not a DEX interaction (target: 0xd06010ce6ab1bf02A69c41625FD7Ce94d0B1b497)
[2m2025-12-10T10:13:32.824543Z[0m [34mDEBUG[0m [2methereum_transaction_pool_monitor::mempool_monitor[0m[2m:[0m 📨 Processing new pending transaction: 0xc67cfb69d1d9bd7379526564f6bcceb3fb5f3dfc29544db832fefa14199405c7
[2m2025-12-10T10:13:32.824548Z[0m [34mDEBUG[0m [2methereum_transaction_pool_monitor::mempool_monitor[0m[2m:[0m 🔍 Fetching transaction details for: 0xc67cfb69d1d9bd7379526564f6bcceb3fb5f3dfc29544db832fefa14199405c7
[2m2025-12-10T10:13:32.824553Z[0m [34mDEBUG[0m [2methereum_transaction_pool_monitor::eth_client[0m[2m:[0m 🔍 Fetching transaction details for hash: 0xc67cfb69d1d9bd7379526564f6bcceb3fb5f3dfc29544db832fefa14199405c7
[2m2025-12-10T10:13:32.824577Z[0m [34mDEBUG[0m [2mhyper::client::pool[0m[2m:[0m reuse idle connection for ("http", 192.168.0.14:8545)
[2m2025-12-10T10:13:32.824647Z[0m [34mDEBUG[0m [2mhyper::proto::h1::io[0m[2m:[0m flushed 250 bytes
[2m2025-12-10T10:13:32.824680Z[0m [34mDEBUG[0m [2methereum_transaction_pool_monitor::eth_client[0m[2m:[0m 📨 Received WebSocket message: {"jsonrpc":"2.0","method":"eth_subscription","params":{"subscription":"0xbed0a0851463e895960a451075a301a9","result":"0xbf811de4cab472d67b1235cbc4dae7749131154f1ac7a79c019851b26e8734bc"}}
[2m2025-12-10T10:13:32.824689Z[0m [34mDEBUG[0m [2methereum_transaction_pool_monitor::eth_client[0m[2m:[0m 📨 Received pending transaction: 0xbf811de4cab472d67b1235cbc4dae7749131154f1ac7a79c019851b26e8734bc
[2m2025-12-10T10:13:32.824692Z[0m [34mDEBUG[0m [2mhyper::proto::h1::io[0m[2m:[0m parsed 4 headers
[2m2025-12-10T10:13:32.824723Z[0m [34mDEBUG[0m [2mhyper::proto::h1::conn[0m[2m:[0m incoming body is content-length (45 bytes)
[2m2025-12-10T10:13:32.824733Z[0m [34mDEBUG[0m [2mhyper::proto::h1::conn[0m[2m:[0m incoming body completed
[2m2025-12-10T10:13:32.824742Z[0m [34mDEBUG[0m [2mhyper::client::pool[0m[2m:[0m pooling idle connection for ("http", 192.168.0.14:8545)
[2m2025-12-10T10:13:32.824760Z[0m [34mDEBUG[0m [2mhyper::client::pool[0m[2m:[0m reuse idle connection for ("http", 192.168.0.14:8545)
[2m2025-12-10T10:13:32.824777Z[0m [34mDEBUG[0m [2mhyper::proto::h1::io[0m[2m:[0m flushed 172 bytes
[2m2025-12-10T10:13:32.827665Z[0m [34mDEBUG[0m [2mhyper::proto::h1::io[0m[2m:[0m parsed 4 headers
[2m2025-12-10T10:13:32.827684Z[0m [34mDEBUG[0m [2mhyper::proto::h1::conn[0m[2m:[0m incoming body is content-length (2646 bytes)
[2m2025-12-10T10:13:32.827703Z[0m [34mDEBUG[0m [2methereum_transaction_pool_monitor::eth_client[0m[2m:[0m 📡 Transaction fetch RPC completed in 3.145791ms
[2m2025-12-10T10:13:32.829071Z[0m [34mDEBUG[0m [2mhyper::proto::h1::conn[0m[2m:[0m incoming body completed
[2m2025-12-10T10:13:32.829115Z[0m [34mDEBUG[0m [2mhyper::client::pool[0m[2m:[0m pooling idle connection for ("http", 192.168.0.14:8545)
[2m2025-12-10T10:13:32.829152Z[0m [34mDEBUG[0m [2methereum_transaction_pool_monitor::eth_client[0m[2m:[0m DeFi transaction detected - Address: 0x1111111254eeb25477b68fb85ed929f73a960582, Type: DexRouter, Value: 0.0009 ETH, Gas: 0.29 Gwei
[2m2025-12-10T10:13:32.829175Z[0m [34mDEBUG[0m [2methereum_transaction_pool_monitor::eth_client[0m[2m:[0m ✅ Transaction 0xc67cfb69d1d9bd7379526564f6bcceb3fb5f3dfc29544db832fefa14199405c7 fetched and parsed in 4.617666ms
[2m2025-12-10T10:13:32.829189Z[0m [34mDEBUG[0m [2methereum_transaction_pool_monitor::mempool_monitor[0m[2m:[0m 🔍 Skipping tx 0xc67cfb69d1d9bd7379526564f6bcceb3fb5f3dfc29544db832fefa14199405c7 - not a DEX interaction (target: 0x1111111254EEB25477B68fb85Ed929f73A960582)
[2m2025-12-10T10:13:32.829205Z[0m [34mDEBUG[0m [2methereum_transaction_pool_monitor::mempool_monitor[0m[2m:[0m 📨 Processing new pending transaction: 0xd4583a111b59389471e5040911fc55ccd5ddaa117982dc84cfb19201ab8f604c
[2m2025-12-10T10:13:32.829215Z[0m [34mDEBUG[0m [2methereum_transaction_pool_monitor::mempool_monitor[0m[2m:[0m 🔍 Fetching transaction details for: 0xd4583a111b59389471e5040911fc55ccd5ddaa117982dc84cfb19201ab8f604c
[2m2025-12-10T10:13:32.829227Z[0m [34mDEBUG[0m [2methereum_transaction_pool_monitor::eth_client[0m[2m:[0m 🔍 Fetching transaction details for hash: 0xd4583a111b59389471e5040911fc55ccd5ddaa117982dc84cfb19201ab8f604c
[2m2025-12-10T10:13:32.829253Z[0m [34mDEBUG[0m [2mhyper::client::pool[0m[2m:[0m reuse idle connection for ("http", 192.168.0.14:8545)
[2m2025-12-10T10:13:32.829343Z[0m [34mDEBUG[0m [2mhyper::proto::h1::io[0m[2m:[0m parsed 4 headers
[2m2025-12-10T10:13:32.829462Z[0m [34mDEBUG[0m [2mhyper::proto::h1::conn[0m[2m:[0m incoming body is content-length (45 bytes)
[2m2025-12-10T10:13:32.829478Z[0m [34mDEBUG[0m [2mhyper::proto::h1::conn[0m[2m:[0m incoming body completed
[2m2025-12-10T10:13:32.829489Z[0m [34mDEBUG[0m [2mhyper::proto::h1::io[0m[2m:[0m flushed 250 bytes
[2m2025-12-10T10:13:32.829493Z[0m [34mDEBUG[0m [2mhyper::client::pool[0m[2m:[0m pooling idle connection for ("http", 192.168.0.14:8545)
[2m2025-12-10T10:13:32.835061Z[0m [34mDEBUG[0m [2mhyper::proto::h1::io[0m[2m:[0m parsed 4 headers
[2m2025-12-10T10:13:32.835106Z[0m [34mDEBUG[0m [2mhyper::proto::h1::conn[0m[2m:[0m incoming body is content-length (838 bytes)
[2m2025-12-10T10:13:32.835128Z[0m [34mDEBUG[0m [2mhyper::proto::h1::conn[0m[2m:[0m incoming body completed
[2m2025-12-10T10:13:32.835156Z[0m [34mDEBUG[0m [2mhyper::client::pool[0m[2m:[0m pooling idle connection for ("http", 192.168.0.14:8545)
[2m2025-12-10T10:13:32.835176Z[0m [34mDEBUG[0m [2methereum_transaction_pool_monitor::eth_client[0m[2m:[0m 📡 Transaction fetch RPC completed in 5.939083ms
[2m2025-12-10T10:13:32.909907Z[0m [34mDEBUG[0m [2methereum_transaction_pool_monitor::eth_client[0m[2m:[0m ✅ Transaction 0xd4583a111b59389471e5040911fc55ccd5ddaa117982dc84cfb19201ab8f604c fetched and parsed in 80.666625ms
[2m2025-12-10T10:13:32.909944Z[0m [34mDEBUG[0m [2methereum_transaction_pool_monitor::mempool_monitor[0m[2m:[0m 🔍 Skipping tx 0xd4583a111b59389471e5040911fc55ccd5ddaa117982dc84cfb19201ab8f604c - not a DEX interaction (target: 0xA0b86991c6218b36c1d19D4a2e9Eb0cE3606eB48)
[2m2025-12-10T10:13:32.909955Z[0m [34mDEBUG[0m [2methereum_transaction_pool_monitor::mempool_monitor[0m[2m:[0m 📨 Processing new pending transaction: 0xb1f4596152eaaf1224f11c54a771de959b78ba6cae4b74cb74ae1824db4631d3
[2m2025-12-10T10:13:32.909961Z[0m [34mDEBUG[0m [2methereum_transaction_pool_monitor::mempool_monitor[0m[2m:[0m 🔍 Fetching transaction details for: 0xb1f4596152eaaf1224f11c54a771de959b78ba6cae4b74cb74ae1824db4631d3
[2m2025-12-10T10:13:32.909966Z[0m [34mDEBUG[0m [2methereum_transaction_pool_monitor::eth_client[0m[2m:[0m 🔍 Fetching transaction details for hash: 0xb1f4596152eaaf1224f11c54a771de959b78ba6cae4b74cb74ae1824db4631d3
[2m2025-12-10T10:13:32.909990Z[0m [34mDEBUG[0m [2mhyper::client::pool[0m[2m:[0m reuse idle connection for ("http", 192.168.0.14:8545)
[2m2025-12-10T10:13:32.910069Z[0m [34mDEBUG[0m [2mhyper::proto::h1::io[0m[2m:[0m flushed 250 bytes
[2m2025-12-10T10:13:32.910094Z[0m [34mDEBUG[0m [2mhyper::client::pool[0m[2m:[0m reuse idle connection for ("http", 192.168.0.14:8545)
[2m2025-12-10T10:13:32.910112Z[0m [34mDEBUG[0m [2mhyper::proto::h1::io[0m[2m:[0m flushed 172 bytes
[2m2025-12-10T10:13:32.910141Z[0m [34mDEBUG[0m [2methereum_transaction_pool_monitor::eth_client[0m[2m:[0m 📨 Received WebSocket message: {"jsonrpc":"2.0","method":"eth_subscription","params":{"subscription":"0xbed0a0851463e895960a451075a301a9","result":"0x4c1e3f0a0bfdcb6e364c24fc58dbd3df103be232879cd6e58b74d0d04929dc88"}}
[2m2025-12-10T10:13:32.910182Z[0m [34mDEBUG[0m [2methereum_transaction_pool_monitor::eth_client[0m[2m:[0m 📨 Received pending transaction: 0x4c1e3f0a0bfdcb6e364c24fc58dbd3df103be232879cd6e58b74d0d04929dc88
[2m2025-12-10T10:13:32.910195Z[0m [34mDEBUG[0m [2methereum_transaction_pool_monitor::eth_client[0m[2m:[0m 📨 Received WebSocket message: {"jsonrpc":"2.0","method":"eth_subscription","params":{"subscription":"0xbed0a0851463e895960a451075a301a9","result":"0xc79119a77e940db4572cffcdc4871793a737dde6f9b6d6974298f33616fbe269"}}
[2m2025-12-10T10:13:32.910206Z[0m [34mDEBUG[0m [2methereum_transaction_pool_monitor::eth_client[0m[2m:[0m 📨 Received pending transaction: 0xc79119a77e940db4572cffcdc4871793a737dde6f9b6d6974298f33616fbe269
[2m2025-12-10T10:13:32.913618Z[0m [34mDEBUG[0m [2mhyper::proto::h1::io[0m[2m:[0m parsed 4 headers
[2m2025-12-10T10:13:32.913636Z[0m [34mDEBUG[0m [2mhyper::proto::h1::conn[0m[2m:[0m incoming body is content-length (649 bytes)
[2m2025-12-10T10:13:32.913647Z[0m [34mDEBUG[0m [2mhyper::proto::h1::conn[0m[2m:[0m incoming body completed
[2m2025-12-10T10:13:32.913661Z[0m [34mDEBUG[0m [2mhyper::client::pool[0m[2m:[0m pooling idle connection for ("http", 192.168.0.14:8545)
[2m2025-12-10T10:13:32.913671Z[0m [34mDEBUG[0m [2methereum_transaction_pool_monitor::eth_client[0m[2m:[0m 📡 Transaction fetch RPC completed in 3.700833ms
[2m2025-12-10T10:13:32.998868Z[0m [34mDEBUG[0m [2methereum_transaction_pool_monitor::eth_client[0m[2m:[0m ✅ Transaction 0xb1f4596152eaaf1224f11c54a771de959b78ba6cae4b74cb74ae1824db4631d3 fetched and parsed in 88.893583ms
[2m2025-12-10T10:13:32.998902Z[0m [34mDEBUG[0m [2methereum_transaction_pool_monitor::mempool_monitor[0m[2m:[0m 🔍 Skipping tx 0xb1f4596152eaaf1224f11c54a771de959b78ba6cae4b74cb74ae1824db4631d3 - not a DEX interaction (target: 0x75a1300D80355417e9025aC36f83C5B2892FC8Df)
[2m2025-12-10T10:13:32.998912Z[0m [34mDEBUG[0m [2methereum_transaction_pool_monitor::mempool_monitor[0m[2m:[0m 📨 Processing new pending transaction: 0x16ac7b85d5cef98bb78245794a65ccb7eecd3ff7c9fa2b64ce99b3184ff151ac
[2m2025-12-10T10:13:32.998917Z[0m [34mDEBUG[0m [2methereum_transaction_pool_monitor::mempool_monitor[0m[2m:[0m 🔍 Fetching transaction details for: 0x16ac7b85d5cef98bb78245794a65ccb7eecd3ff7c9fa2b64ce99b3184ff151ac
[2m2025-12-10T10:13:32.998922Z[0m [34mDEBUG[0m [2methereum_transaction_pool_monitor::eth_client[0m[2m:[0m 🔍 Fetching transaction details for hash: 0x16ac7b85d5cef98bb78245794a65ccb7eecd3ff7c9fa2b64ce99b3184ff151ac
[2m2025-12-10T10:13:32.998949Z[0m [34mDEBUG[0m [2mhyper::client::pool[0m[2m:[0m reuse idle connection for ("http", 192.168.0.14:8545)
[2m2025-12-10T10:13:32.999023Z[0m [34mDEBUG[0m [2mhyper::proto::h1::io[0m[2m:[0m flushed 250 bytes
[2m2025-12-10T10:13:32.999046Z[0m [34mDEBUG[0m [2mhyper::proto::h1::io[0m[2m:[0m parsed 4 headers
[2m2025-12-10T10:13:32.999052Z[0m [34mDEBUG[0m [2mhyper::proto::h1::conn[0m[2m:[0m incoming body is content-length (45 bytes)
[2m2025-12-10T10:13:32.999060Z[0m [34mDEBUG[0m [2mhyper::proto::h1::conn[0m[2m:[0m incoming body completed
[2m2025-12-10T10:13:32.999070Z[0m [34mDEBUG[0m [2mhyper::client::pool[0m[2m:[0m pooling idle connection for ("http", 192.168.0.14:8545)
[2m2025-12-10T10:13:32.999090Z[0m [34mDEBUG[0m [2mhyper::client::pool[0m[2m:[0m reuse idle connection for ("http", 192.168.0.14:8545)
[2m2025-12-10T10:13:32.999112Z[0m [34mDEBUG[0m [2mhyper::proto::h1::io[0m[2m:[0m flushed 172 bytes
[2m2025-12-10T10:13:33.002577Z[0m [34mDEBUG[0m [2mhyper::proto::h1::io[0m[2m:[0m parsed 4 headers
[2m2025-12-10T10:13:33.002610Z[0m [34mDEBUG[0m [2mhyper::proto::h1::conn[0m[2m:[0m incoming body is content-length (772 bytes)
[2m2025-12-10T10:13:33.002634Z[0m [34mDEBUG[0m [2mhyper::proto::h1::conn[0m[2m:[0m incoming body completed
[2m2025-12-10T10:13:33.002662Z[0m [34mDEBUG[0m [2mhyper::client::pool[0m[2m:[0m pooling idle connection for ("http", 192.168.0.14:8545)
[2m2025-12-10T10:13:33.002680Z[0m [34mDEBUG[0m [2methereum_transaction_pool_monitor::eth_client[0m[2m:[0m 📡 Transaction fetch RPC completed in 3.753208ms
[2m2025-12-10T10:13:33.091063Z[0m [34mDEBUG[0m [2methereum_transaction_pool_monitor::eth_client[0m[2m:[0m ✅ Transaction 0x16ac7b85d5cef98bb78245794a65ccb7eecd3ff7c9fa2b64ce99b3184ff151ac fetched and parsed in 92.133292ms
[2m2025-12-10T10:13:33.091088Z[0m [34mDEBUG[0m [2methereum_transaction_pool_monitor::mempool_monitor[0m[2m:[0m 🔍 Skipping tx 0x16ac7b85d5cef98bb78245794a65ccb7eecd3ff7c9fa2b64ce99b3184ff151ac - not a DEX interaction (target: 0xA0b86991c6218b36c1d19D4a2e9Eb0cE3606eB48)
[2m2025-12-10T10:13:33.091098Z[0m [34mDEBUG[0m [2methereum_transaction_pool_monitor::mempool_monitor[0m[2m:[0m 📨 Processing new pending transaction: 0x7de88372bcf8bf51eb1141a33d0796e8f57cfeba11a18d472ea9de8087645d6f
[2m2025-12-10T10:13:33.091104Z[0m [34mDEBUG[0m [2methereum_transaction_pool_monitor::mempool_monitor[0m[2m:[0m 🔍 Fetching transaction details for: 0x7de88372bcf8bf51eb1141a33d0796e8f57cfeba11a18d472ea9de8087645d6f
[2m2025-12-10T10:13:33.091108Z[0m [34mDEBUG[0m [2methereum_transaction_pool_monitor::eth_client[0m[2m:[0m 🔍 Fetching transaction details for hash: 0x7de88372bcf8bf51eb1141a33d0796e8f57cfeba11a18d472ea9de8087645d6f
[2m2025-12-10T10:13:33.091132Z[0m [34mDEBUG[0m [2mhyper::client::pool[0m[2m:[0m reuse idle connection for ("http", 192.168.0.14:8545)
[2m2025-12-10T10:13:33.091192Z[0m [34mDEBUG[0m [2mhyper::proto::h1::io[0m[2m:[0m flushed 250 bytes
[2m2025-12-10T10:13:33.091212Z[0m [34mDEBUG[0m [2mhyper::proto::h1::io[0m[2m:[0m parsed 4 headers
[2m2025-12-10T10:13:33.091216Z[0m [34mDEBUG[0m [2mhyper::proto::h1::conn[0m[2m:[0m incoming body is content-length (45 bytes)
[2m2025-12-10T10:13:33.091224Z[0m [34mDEBUG[0m [2mhyper::proto::h1::conn[0m[2m:[0m incoming body completed
[2m2025-12-10T10:13:33.091233Z[0m [34mDEBUG[0m [2mhyper::client::pool[0m[2m:[0m pooling idle connection for ("http", 192.168.0.14:8545)
[2m2025-12-10T10:13:33.098230Z[0m [34mDEBUG[0m [2mhyper::client::pool[0m[2m:[0m reuse idle connection for ("http", 192.168.0.14:8545)
[2m2025-12-10T10:13:33.098235Z[0m [34mDEBUG[0m [2mhyper::proto::h1::io[0m[2m:[0m parsed 4 headers
[2m2025-12-10T10:13:33.098295Z[0m [34mDEBUG[0m [2mhyper::proto::h1::conn[0m[2m:[0m incoming body is content-length (4355 bytes)
[2m2025-12-10T10:13:33.098323Z[0m [34mDEBUG[0m [2methereum_transaction_pool_monitor::eth_client[0m[2m:[0m 📡 Transaction fetch RPC completed in 7.210375ms
[2m2025-12-10T10:13:33.098333Z[0m [34mDEBUG[0m [2mhyper::proto::h1::io[0m[2m:[0m flushed 172 bytes
[2m2025-12-10T10:13:33.100466Z[0m [34mDEBUG[0m [2methereum_transaction_pool_monitor::eth_client[0m[2m:[0m 📨 Received WebSocket message: {"jsonrpc":"2.0","method":"eth_subscription","params":{"subscription":"0xbed0a0851463e895960a451075a301a9","result":"0x55ec2c30b6ca76b0b3e9bcce95ad78899ca4940018b1a087149b8a520646922f"}}
[2m2025-12-10T10:13:33.100494Z[0m [34mDEBUG[0m [2methereum_transaction_pool_monitor::eth_client[0m[2m:[0m 📨 Received pending transaction: 0x55ec2c30b6ca76b0b3e9bcce95ad78899ca4940018b1a087149b8a520646922f
[2m2025-12-10T10:13:33.100523Z[0m [34mDEBUG[0m [2mhyper::proto::h1::conn[0m[2m:[0m incoming body completed
[2m2025-12-10T10:13:33.100566Z[0m [34mDEBUG[0m [2mhyper::client::pool[0m[2m:[0m pooling idle connection for ("http", 192.168.0.14:8545)
[2m2025-12-10T10:13:33.104098Z[0m [34mDEBUG[0m [2mhyper::proto::h1::io[0m[2m:[0m parsed 4 headers
[2m2025-12-10T10:13:33.104139Z[0m [34mDEBUG[0m [2mhyper::proto::h1::conn[0m[2m:[0m incoming body is content-length (45 bytes)
[2m2025-12-10T10:13:33.104158Z[0m [34mDEBUG[0m [2mhyper::proto::h1::conn[0m[2m:[0m incoming body completed
[2m2025-12-10T10:13:33.104183Z[0m [34mDEBUG[0m [2mhyper::client::pool[0m[2m:[0m pooling idle connection for ("http", 192.168.0.14:8545)
[2m2025-12-10T10:13:33.177458Z[0m [34mDEBUG[0m [2methereum_transaction_pool_monitor::eth_client[0m[2m:[0m ✅ Transaction 0x7de88372bcf8bf51eb1141a33d0796e8f57cfeba11a18d472ea9de8087645d6f fetched and parsed in 86.3415ms
[2m2025-12-10T10:13:33.177484Z[0m [34mDEBUG[0m [2methereum_transaction_pool_monitor::mempool_monitor[0m[2m:[0m 🔍 Skipping tx 0x7de88372bcf8bf51eb1141a33d0796e8f57cfeba11a18d472ea9de8087645d6f - not a DEX interaction (target: 0xF6801D319497789f934ec7F83E142a9536312B08)
[2m2025-12-10T10:13:33.177494Z[0m [34mDEBUG[0m [2methereum_transaction_pool_monitor::mempool_monitor[0m[2m:[0m 📨 Processing new pending transaction: 0xbf811de4cab472d67b1235cbc4dae7749131154f1ac7a79c019851b26e8734bc
[2m2025-12-10T10:13:33.177500Z[0m [34mDEBUG[0m [2methereum_transaction_pool_monitor::mempool_monitor[0m[2m:[0m 🔍 Fetching transaction details for: 0xbf811de4cab472d67b1235cbc4dae7749131154f1ac7a79c019851b26e8734bc
[2m2025-12-10T10:13:33.177504Z[0m [34mDEBUG[0m [2methereum_transaction_pool_monitor::eth_client[0m[2m:[0m 🔍 Fetching transaction details for hash: 0xbf811de4cab472d67b1235cbc4dae7749131154f1ac7a79c019851b26e8734bc
[2m2025-12-10T10:13:33.177527Z[0m [34mDEBUG[0m [2mhyper::client::pool[0m[2m:[0m reuse idle connection for ("http", 192.168.0.14:8545)
[2m2025-12-10T10:13:33.177594Z[0m [34mDEBUG[0m [2mhyper::proto::h1::io[0m[2m:[0m flushed 250 bytes
[2m2025-12-10T10:13:33.181198Z[0m [34mDEBUG[0m [2mhyper::proto::h1::io[0m[2m:[0m parsed 4 headers
[2m2025-12-10T10:13:33.181210Z[0m [34mDEBUG[0m [2mhyper::proto::h1::conn[0m[2m:[0m incoming body is content-length (38 bytes)
[2m2025-12-10T10:13:33.181221Z[0m [34mDEBUG[0m [2mhyper::proto::h1::conn[0m[2m:[0m incoming body completed
[2m2025-12-10T10:13:33.181263Z[0m [34mDEBUG[0m [2mhyper::client::pool[0m[2m:[0m pooling idle connection for ("http", 192.168.0.14:8545)
[2m2025-12-10T10:13:33.181272Z[0m [34mDEBUG[0m [2methereum_transaction_pool_monitor::eth_client[0m[2m:[0m 📡 Transaction fetch RPC completed in 3.763291ms
[2m2025-12-10T10:13:33.181285Z[0m [34mDEBUG[0m [2methereum_transaction_pool_monitor::eth_client[0m[2m:[0m ✅ Transaction 0xbf811de4cab472d67b1235cbc4dae7749131154f1ac7a79c019851b26e8734bc fetched and parsed in 3.777041ms
[2m2025-12-10T10:13:33.181292Z[0m [34mDEBUG[0m [2methereum_transaction_pool_monitor::mempool_monitor[0m[2m:[0m 🔍 Skipping tx 0xbf811de4cab472d67b1235cbc4dae7749131154f1ac7a79c019851b26e8734bc - contract creation
[2m2025-12-10T10:13:33.181298Z[0m [34mDEBUG[0m [2methereum_transaction_pool_monitor::mempool_monitor[0m[2m:[0m 📨 Processing new pending transaction: 0x4c1e3f0a0bfdcb6e364c24fc58dbd3df103be232879cd6e58b74d0d04929dc88
[2m2025-12-10T10:13:33.181303Z[0m [34mDEBUG[0m [2methereum_transaction_pool_monitor::mempool_monitor[0m[2m:[0m 🔍 Fetching transaction details for: 0x4c1e3f0a0bfdcb6e364c24fc58dbd3df103be232879cd6e58b74d0d04929dc88
[2m2025-12-10T10:13:33.181307Z[0m [34mDEBUG[0m [2methereum_transaction_pool_monitor::eth_client[0m[2m:[0m 🔍 Fetching transaction details for hash: 0x4c1e3f0a0bfdcb6e364c24fc58dbd3df103be232879cd6e58b74d0d04929dc88
[2m2025-12-10T10:13:33.181324Z[0m [34mDEBUG[0m [2mhyper::client::pool[0m[2m:[0m reuse idle connection for ("http", 192.168.0.14:8545)
[2m2025-12-10T10:13:33.181354Z[0m [34mDEBUG[0m [2mhyper::proto::h1::io[0m[2m:[0m flushed 250 bytes
[2m2025-12-10T10:13:33.185121Z[0m [34mDEBUG[0m [2mhyper::proto::h1::io[0m[2m:[0m parsed 4 headers
[2m2025-12-10T10:13:33.185157Z[0m [34mDEBUG[0m [2mhyper::proto::h1::conn[0m[2m:[0m incoming body is content-length (829 bytes)
[2m2025-12-10T10:13:33.185176Z[0m [34mDEBUG[0m [2mhyper::proto::h1::conn[0m[2m:[0m incoming body completed
[2m2025-12-10T10:13:33.185198Z[0m [34mDEBUG[0m [2mhyper::client::pool[0m[2m:[0m pooling idle connection for ("http", 192.168.0.14:8545)
[2m2025-12-10T10:13:33.185213Z[0m [34mDEBUG[0m [2methereum_transaction_pool_monitor::eth_client[0m[2m:[0m 📡 Transaction fetch RPC completed in 3.901708ms
[2m2025-12-10T10:13:33.258023Z[0m [34mDEBUG[0m [2methereum_transaction_pool_monitor::eth_client[0m[2m:[0m ✅ Transaction 0x4c1e3f0a0bfdcb6e364c24fc58dbd3df103be232879cd6e58b74d0d04929dc88 fetched and parsed in 76.709ms
[2m2025-12-10T10:13:33.258047Z[0m [34mDEBUG[0m [2methereum_transaction_pool_monitor::mempool_monitor[0m[2m:[0m 🔍 Skipping tx 0x4c1e3f0a0bfdcb6e364c24fc58dbd3df103be232879cd6e58b74d0d04929dc88 - not a DEX interaction (target: 0x3B4D794a66304F130a4Db8F2551B0070dfCf5ca7)
[2m2025-12-10T10:13:33.258056Z[0m [34mDEBUG[0m [2methereum_transaction_pool_monitor::mempool_monitor[0m[2m:[0m 📨 Processing new pending transaction: 0xc79119a77e940db4572cffcdc4871793a737dde6f9b6d6974298f33616fbe269
[2m2025-12-10T10:13:33.258219Z[0m [34mDEBUG[0m [2methereum_transaction_pool_monitor::mempool_monitor[0m[2m:[0m 🔍 Fetching transaction details for: 0xc79119a77e940db4572cffcdc4871793a737dde6f9b6d6974298f33616fbe269
[2m2025-12-10T10:13:33.258225Z[0m [34mDEBUG[0m [2methereum_transaction_pool_monitor::eth_client[0m[2m:[0m 🔍 Fetching transaction details for hash: 0xc79119a77e940db4572cffcdc4871793a737dde6f9b6d6974298f33616fbe269
[2m2025-12-10T10:13:33.258248Z[0m [34mDEBUG[0m [2mhyper::client::pool[0m[2m:[0m reuse idle connection for ("http", 192.168.0.14:8545)
[2m2025-12-10T10:13:33.258302Z[0m [34mDEBUG[0m [2mhyper::proto::h1::io[0m[2m:[0m flushed 250 bytes
[2m2025-12-10T10:13:33.258321Z[0m [34mDEBUG[0m [2mhyper::client::pool[0m[2m:[0m reuse idle connection for ("http", 192.168.0.14:8545)
[2m2025-12-10T10:13:33.258336Z[0m [34mDEBUG[0m [2mhyper::proto::h1::io[0m[2m:[0m flushed 172 bytes
[2m2025-12-10T10:13:33.258366Z[0m [34mDEBUG[0m [2methereum_transaction_pool_monitor::eth_client[0m[2m:[0m 📨 Received WebSocket message: {"jsonrpc":"2.0","method":"eth_subscription","params":{"subscription":"0xbed0a0851463e895960a451075a301a9","result":"0x7e780d6b409aab22a4f85ff4fa7a10643bc07b1e5cf7bca201b9c9d2bce0b2b3"}}
[2m2025-12-10T10:13:33.258374Z[0m [34mDEBUG[0m [2methereum_transaction_pool_monitor::eth_client[0m[2m:[0m 📨 Received pending transaction: 0x7e780d6b409aab22a4f85ff4fa7a10643bc07b1e5cf7bca201b9c9d2bce0b2b3
[2m2025-12-10T10:13:33.265189Z[0m [34mDEBUG[0m [2mhyper::proto::h1::io[0m[2m:[0m parsed 4 headers
[2m2025-12-10T10:13:33.265199Z[0m [34mDEBUG[0m [2mhyper::proto::h1::conn[0m[2m:[0m incoming body is content-length (644 bytes)
[2m2025-12-10T10:13:33.265208Z[0m [34mDEBUG[0m [2mhyper::proto::h1::conn[0m[2m:[0m incoming body completed
[2m2025-12-10T10:13:33.265218Z[0m [34mDEBUG[0m [2mhyper::client::pool[0m[2m:[0m pooling idle connection for ("http", 192.168.0.14:8545)
[2m2025-12-10T10:13:33.265225Z[0m [34mDEBUG[0m [2methereum_transaction_pool_monitor::eth_client[0m[2m:[0m 📡 Transaction fetch RPC completed in 6.995375ms
[2m2025-12-10T10:13:33.338184Z[0m [34mDEBUG[0m [2methereum_transaction_pool_monitor::eth_client[0m[2m:[0m ✅ Transaction 0xc79119a77e940db4572cffcdc4871793a737dde6f9b6d6974298f33616fbe269 fetched and parsed in 79.951042ms
[2m2025-12-10T10:13:33.338213Z[0m [34mDEBUG[0m [2methereum_transaction_pool_monitor::mempool_monitor[0m[2m:[0m 🔍 Skipping tx 0xc79119a77e940db4572cffcdc4871793a737dde6f9b6d6974298f33616fbe269 - not a DEX interaction (target: 0x17E5545B11b468072283Cee1F066a059Fb0dbF24)
[2m2025-12-10T10:13:33.338225Z[0m [34mDEBUG[0m [2methereum_transaction_pool_monitor::mempool_monitor[0m[2m:[0m 📨 Processing new pending transaction: 0x55ec2c30b6ca76b0b3e9bcce95ad78899ca4940018b1a087149b8a520646922f
[2m2025-12-10T10:13:33.338230Z[0m [34mDEBUG[0m [2methereum_transaction_pool_monitor::mempool_monitor[0m[2m:[0m 🔍 Fetching transaction details for: 0x55ec2c30b6ca76b0b3e9bcce95ad78899ca4940018b1a087149b8a520646922f
[2m2025-12-10T10:13:33.338236Z[0m [34mDEBUG[0m [2methereum_transaction_pool_monitor::eth_client[0m[2m:[0m 🔍 Fetching transaction details for hash: 0x55ec2c30b6ca76b0b3e9bcce95ad78899ca4940018b1a087149b8a520646922f
[2m2025-12-10T10:13:33.338260Z[0m [34mDEBUG[0m [2mhyper::client::pool[0m[2m:[0m reuse idle connection for ("http", 192.168.0.14:8545)
[2m2025-12-10T10:13:33.338330Z[0m [34mDEBUG[0m [2mhyper::proto::h1::io[0m[2m:[0m flushed 250 bytes
[2m2025-12-10T10:13:33.338353Z[0m [34mDEBUG[0m [2mhyper::proto::h1::io[0m[2m:[0m parsed 4 headers
[2m2025-12-10T10:13:33.338358Z[0m [34mDEBUG[0m [2mhyper::proto::h1::conn[0m[2m:[0m incoming body is content-length (45 bytes)
[2m2025-12-10T10:13:33.338367Z[0m [34mDEBUG[0m [2mhyper::proto::h1::conn[0m[2m:[0m incoming body completed
[2m2025-12-10T10:13:33.338377Z[0m [34mDEBUG[0m [2mhyper::client::pool[0m[2m:[0m pooling idle connection for ("http", 192.168.0.14:8545)
[2m2025-12-10T10:13:33.338395Z[0m [34mDEBUG[0m [2mhyper::client::pool[0m[2m:[0m reuse idle connection for ("http", 192.168.0.14:8545)
[2m2025-12-10T10:13:33.338416Z[0m [34mDEBUG[0m [2mhyper::proto::h1::io[0m[2m:[0m flushed 172 bytes
[2m2025-12-10T10:13:33.342065Z[0m [34mDEBUG[0m [2mhyper::proto::h1::io[0m[2m:[0m parsed 4 headers
[2m2025-12-10T10:13:33.342075Z[0m [34mDEBUG[0m [2mhyper::proto::h1::conn[0m[2m:[0m incoming body is content-length (1547 bytes)
[2m2025-12-10T10:13:33.342088Z[0m [34mDEBUG[0m [2methereum_transaction_pool_monitor::eth_client[0m[2m:[0m 📡 Transaction fetch RPC completed in 3.847708ms
[2m2025-12-10T10:13:33.342832Z[0m [34mDEBUG[0m [2mhyper::proto::h1::conn[0m[2m:[0m incoming body completed
[2m2025-12-10T10:13:33.342842Z[0m [34mDEBUG[0m [2mhyper::client::pool[0m[2m:[0m pooling idle connection for ("http", 192.168.0.14:8545)
[2m2025-12-10T10:13:33.342895Z[0m [34mDEBUG[0m [2mhyper::proto::h1::io[0m[2m:[0m parsed 4 headers
[2m2025-12-10T10:13:33.342940Z[0m [34mDEBUG[0m [2mhyper::proto::h1::conn[0m[2m:[0m incoming body is content-length (45 bytes)
[2m2025-12-10T10:13:33.342956Z[0m [34mDEBUG[0m [2mhyper::proto::h1::conn[0m[2m:[0m incoming body completed
[2m2025-12-10T10:13:33.342975Z[0m [34mDEBUG[0m [2mhyper::client::pool[0m[2m:[0m pooling idle connection for ("http", 192.168.0.14:8545)
[2m2025-12-10T10:13:33.399052Z[0m [34mDEBUG[0m [2mhyper::client::pool[0m[2m:[0m reuse idle connection for ("http", 192.168.0.14:8545)
[2m2025-12-10T10:13:33.399108Z[0m [34mDEBUG[0m [2mhyper::proto::h1::io[0m[2m:[0m flushed 172 bytes
[2m2025-12-10T10:13:33.403185Z[0m [34mDEBUG[0m [2mhyper::proto::h1::io[0m[2m:[0m parsed 4 headers
[2m2025-12-10T10:13:33.403198Z[0m [34mDEBUG[0m [2mhyper::proto::h1::conn[0m[2m:[0m incoming body is content-length (45 bytes)
[2m2025-12-10T10:13:33.403207Z[0m [34mDEBUG[0m [2mhyper::proto::h1::conn[0m[2m:[0m incoming body completed
[2m2025-12-10T10:13:33.403219Z[0m [34mDEBUG[0m [2mhyper::client::pool[0m[2m:[0m pooling idle connection for ("http", 192.168.0.14:8545)
[2m2025-12-10T10:13:33.410714Z[0m [34mDEBUG[0m [2methereum_transaction_pool_monitor::eth_client[0m[2m:[0m ✅ Transaction 0x55ec2c30b6ca76b0b3e9bcce95ad78899ca4940018b1a087149b8a520646922f fetched and parsed in 72.470583ms
[2m2025-12-10T10:13:33.410736Z[0m [34mDEBUG[0m [2methereum_transaction_pool_monitor::mempool_monitor[0m[2m:[0m 🔍 Skipping tx 0x55ec2c30b6ca76b0b3e9bcce95ad78899ca4940018b1a087149b8a520646922f - not a DEX interaction (target: 0xA69babEF1cA67A37Ffaf7a485DfFF3382056e78C)
[2m2025-12-10T10:13:33.410746Z[0m [34mDEBUG[0m [2methereum_transaction_pool_monitor::mempool_monitor[0m[2m:[0m 📨 Processing new pending transaction: 0x7e780d6b409aab22a4f85ff4fa7a10643bc07b1e5cf7bca201b9c9d2bce0b2b3
[2m2025-12-10T10:13:33.410751Z[0m [34mDEBUG[0m [2methereum_transaction_pool_monitor::mempool_monitor[0m[2m:[0m 🔍 Fetching transaction details for: 0x7e780d6b409aab22a4f85ff4fa7a10643bc07b1e5cf7bca201b9c9d2bce0b2b3
[2m2025-12-10T10:13:33.410756Z[0m [34mDEBUG[0m [2methereum_transaction_pool_monitor::eth_client[0m[2m:[0m 🔍 Fetching transaction details for hash: 0x7e780d6b409aab22a4f85ff4fa7a10643bc07b1e5cf7bca201b9c9d2bce0b2b3
[2m2025-12-10T10:13:33.410776Z[0m [34mDEBUG[0m [2mhyper::client::pool[0m[2m:[0m reuse idle connection for ("http", 192.168.0.14:8545)
[2m2025-12-10T10:13:33.410833Z[0m [34mDEBUG[0m [2mhyper::proto::h1::io[0m[2m:[0m flushed 250 bytes
[2m2025-12-10T10:13:33.414465Z[0m [34mDEBUG[0m [2mhyper::proto::h1::io[0m[2m:[0m parsed 4 headers
[2m2025-12-10T10:13:33.414476Z[0m [34mDEBUG[0m [2mhyper::proto::h1::conn[0m[2m:[0m incoming body is content-length (769 bytes)
[2m2025-12-10T10:13:33.414485Z[0m [34mDEBUG[0m [2mhyper::proto::h1::conn[0m[2m:[0m incoming body completed
[2m2025-12-10T10:13:33.414495Z[0m [34mDEBUG[0m [2mhyper::client::pool[0m[2m:[0m pooling idle connection for ("http", 192.168.0.14:8545)
[2m2025-12-10T10:13:33.414503Z[0m [34mDEBUG[0m [2methereum_transaction_pool_monitor::eth_client[0m[2m:[0m 📡 Transaction fetch RPC completed in 3.741916ms
[2m2025-12-10T10:13:33.414521Z[0m [34mDEBUG[0m [2methereum_transaction_pool_monitor::eth_client[0m[2m:[0m DeFi transaction detected - Address: 0xdac17f958d2ee523a2206206994597c13d831ec7, Type: Stablecoin, Value: 0 ETH, Gas: 0.17 Gwei
[2m2025-12-10T10:13:33.414534Z[0m [34mDEBUG[0m [2methereum_transaction_pool_monitor::eth_client[0m[2m:[0m ✅ Transaction 0x7e780d6b409aab22a4f85ff4fa7a10643bc07b1e5cf7bca201b9c9d2bce0b2b3 fetched and parsed in 3.773166ms
[2m2025-12-10T10:13:33.414541Z[0m [34mDEBUG[0m [2methereum_transaction_pool_monitor::mempool_monitor[0m[2m:[0m 🔍 Skipping tx 0x7e780d6b409aab22a4f85ff4fa7a10643bc07b1e5cf7bca201b9c9d2bce0b2b3 - not a DEX interaction (target: 0xdAC17F958D2ee523a2206206994597C13D831ec7)
[2m2025-12-10T10:13:33.479715Z[0m [34mDEBUG[0m [2methereum_transaction_pool_monitor::eth_client[0m[2m:[0m 📨 Received WebSocket message: {"jsonrpc":"2.0","method":"eth_subscription","params":{"subscription":"0xbed0a0851463e895960a451075a301a9","result":"0xaec12a2d2d0e0e6ba35bb1998980c98d257233250267ce25f7e319f89d71fb26"}}
[2m2025-12-10T10:13:33.479747Z[0m [34mDEBUG[0m [2methereum_transaction_pool_monitor::eth_client[0m[2m:[0m 📨 Received pending transaction: 0xaec12a2d2d0e0e6ba35bb1998980c98d257233250267ce25f7e319f89d71fb26
[2m2025-12-10T10:13:33.479761Z[0m [34mDEBUG[0m [2methereum_transaction_pool_monitor::mempool_monitor[0m[2m:[0m 📨 Processing new pending transaction: 0xaec12a2d2d0e0e6ba35bb1998980c98d257233250267ce25f7e319f89d71fb26
[2m2025-12-10T10:13:33.479766Z[0m [34mDEBUG[0m [2methereum_transaction_pool_monitor::mempool_monitor[0m[2m:[0m 🔍 Fetching transaction details for: 0xaec12a2d2d0e0e6ba35bb1998980c98d257233250267ce25f7e319f89d71fb26
[2m2025-12-10T10:13:33.479771Z[0m [34mDEBUG[0m [2methereum_transaction_pool_monitor::eth_client[0m[2m:[0m 🔍 Fetching transaction details for hash: 0xaec12a2d2d0e0e6ba35bb1998980c98d257233250267ce25f7e319f89d71fb26
[2m2025-12-10T10:13:33.479797Z[0m [34mDEBUG[0m [2mhyper::client::pool[0m[2m:[0m reuse idle connection for ("http", 192.168.0.14:8545)
[2m2025-12-10T10:13:33.479836Z[0m [34mDEBUG[0m [2mhyper::proto::h1::io[0m[2m:[0m flushed 250 bytes
[2m2025-12-10T10:13:33.487025Z[0m [34mDEBUG[0m [2mhyper::proto::h1::io[0m[2m:[0m parsed 4 headers
[2m2025-12-10T10:13:33.487044Z[0m [34mDEBUG[0m [2mhyper::proto::h1::conn[0m[2m:[0m incoming body is content-length (767 bytes)
[2m2025-12-10T10:13:33.487055Z[0m [34mDEBUG[0m [2mhyper::proto::h1::conn[0m[2m:[0m incoming body completed
[2m2025-12-10T10:13:33.487092Z[0m [34mDEBUG[0m [2mhyper::client::pool[0m[2m:[0m pooling idle connection for ("http", 192.168.0.14:8545)
[2m2025-12-10T10:13:33.487149Z[0m [34mDEBUG[0m [2methereum_transaction_pool_monitor::eth_client[0m[2m:[0m 📡 Transaction fetch RPC completed in 7.373ms
[2m2025-12-10T10:13:33.622239Z[0m [34mDEBUG[0m [2methereum_transaction_pool_monitor::eth_client[0m[2m:[0m ✅ Transaction 0xaec12a2d2d0e0e6ba35bb1998980c98d257233250267ce25f7e319f89d71fb26 fetched and parsed in 142.459667ms
[2m2025-12-10T10:13:33.622286Z[0m [34mDEBUG[0m [2methereum_transaction_pool_monitor::mempool_monitor[0m[2m:[0m 🔍 Skipping tx 0xaec12a2d2d0e0e6ba35bb1998980c98d257233250267ce25f7e319f89d71fb26 - not a DEX interaction (target: 0x767FE9EDC9E0dF98E07454847909b5E959D7ca0E)
[2m2025-12-10T10:13:33.622336Z[0m [34mDEBUG[0m [2mhyper::client::pool[0m[2m:[0m reuse idle connection for ("http", 192.168.0.14:8545)
[2m2025-12-10T10:13:33.622400Z[0m [34mDEBUG[0m [2methereum_transaction_pool_monitor::eth_client[0m[2m:[0m 📨 Received WebSocket message: {"jsonrpc":"2.0","method":"eth_subscription","params":{"subscription":"0xbed0a0851463e895960a451075a301a9","result":"0x1bdf0329341e932e11357f86d3d91e8407a43c69200648582874e555e66f5ace"}}
[2m2025-12-10T10:13:33.622419Z[0m [34mDEBUG[0m [2methereum_transaction_pool_monitor::eth_client[0m[2m:[0m 📨 Received pending transaction: 0x1bdf0329341e932e11357f86d3d91e8407a43c69200648582874e555e66f5ace
[2m2025-12-10T10:13:33.622450Z[0m [34mDEBUG[0m [2methereum_transaction_pool_monitor::eth_client[0m[2m:[0m 📨 Received WebSocket message: {"jsonrpc":"2.0","method":"eth_subscription","params":{"subscription":"0xbed0a0851463e895960a451075a301a9","result":"0xf22ba115ab031aa5ec005befad9f4fd96cc9960fbc156d395dab98483e331eb0"}}
[2m2025-12-10T10:13:33.622468Z[0m [34mDEBUG[0m [2methereum_transaction_pool_monitor::eth_client[0m[2m:[0m 📨 Received pending transaction: 0xf22ba115ab031aa5ec005befad9f4fd96cc9960fbc156d395dab98483e331eb0
[2m2025-12-10T10:13:33.622477Z[0m [34mDEBUG[0m [2methereum_transaction_pool_monitor::eth_client[0m[2m:[0m 📨 Received WebSocket message: {"jsonrpc":"2.0","method":"eth_subscription","params":{"subscription":"0xbed0a0851463e895960a451075a301a9","result":"0x1529f0568c991b50c19010ca29a61c11026e6632c7b5209b94fe7d2153ccdc82"}}
[2m2025-12-10T10:13:33.622492Z[0m [34mDEBUG[0m [2methereum_transaction_pool_monitor::eth_client[0m[2m:[0m 📨 Received pending transaction: 0x1529f0568c991b50c19010ca29a61c11026e6632c7b5209b94fe7d2153ccdc82
[2m2025-12-10T10:13:33.622508Z[0m [34mDEBUG[0m [2methereum_transaction_pool_monitor::mempool_monitor[0m[2m:[0m 📨 Processing new pending transaction: 0x1bdf0329341e932e11357f86d3d91e8407a43c69200648582874e555e66f5ace
[2m2025-12-10T10:13:33.622522Z[0m [34mDEBUG[0m [2methereum_transaction_pool_monitor::mempool_monitor[0m[2m:[0m 🔍 Fetching transaction details for: 0x1bdf0329341e932e11357f86d3d91e8407a43c69200648582874e555e66f5ace
[2m2025-12-10T10:13:33.622535Z[0m [34mDEBUG[0m [2methereum_transaction_pool_monitor::eth_client[0m[2m:[0m 🔍 Fetching transaction details for hash: 0x1bdf0329341e932e11357f86d3d91e8407a43c69200648582874e555e66f5ace
[2m2025-12-10T10:13:33.622551Z[0m [34mDEBUG[0m [2mhyper::client::pool[0m[2m:[0m reuse idle connection for ("http", 192.168.0.14:8545)
[2m2025-12-10T10:13:33.622584Z[0m [34mDEBUG[0m [2mhyper::proto::h1::io[0m[2m:[0m flushed 250 bytes
[2m2025-12-10T10:13:33.623284Z[0m [34mDEBUG[0m [2mhyper::proto::h1::io[0m[2m:[0m flushed 172 bytes
[2m2025-12-10T10:13:33.626095Z[0m [34mDEBUG[0m [2mhyper::proto::h1::io[0m[2m:[0m parsed 4 headers
[2m2025-12-10T10:13:33.626155Z[0m [34mDEBUG[0m [2mhyper::proto::h1::conn[0m[2m:[0m incoming body is content-length (45 bytes)
[2m2025-12-10T10:13:33.626175Z[0m [34mDEBUG[0m [2mhyper::proto::h1::conn[0m[2m:[0m incoming body completed
[2m2025-12-10T10:13:33.626200Z[0m [34mDEBUG[0m [2mhyper::client::pool[0m[2m:[0m pooling idle connection for ("http", 192.168.0.14:8545)
[2m2025-12-10T10:13:33.626254Z[0m [34mDEBUG[0m [2mhyper::client::pool[0m[2m:[0m reuse idle connection for ("http", 192.168.0.14:8545)
[2m2025-12-10T10:13:33.626335Z[0m [34mDEBUG[0m [2mhyper::proto::h1::io[0m[2m:[0m flushed 172 bytes
[2m2025-12-10T10:13:33.630392Z[0m [34mDEBUG[0m [2mhyper::proto::h1::io[0m[2m:[0m parsed 4 headers
[2m2025-12-10T10:13:33.630417Z[0m [34mDEBUG[0m [2mhyper::proto::h1::conn[0m[2m:[0m incoming body is content-length (45 bytes)
[2m2025-12-10T10:13:33.630428Z[0m [34mDEBUG[0m [2mhyper::proto::h1::conn[0m[2m:[0m incoming body completed
[2m2025-12-10T10:13:33.630440Z[0m [34mDEBUG[0m [2mhyper::client::pool[0m[2m:[0m pooling idle connection for ("http", 192.168.0.14:8545)
[2m2025-12-10T10:13:33.634476Z[0m [34mDEBUG[0m [2mhyper::proto::h1::io[0m[2m:[0m parsed 4 headers
[2m2025-12-10T10:13:33.634531Z[0m [34mDEBUG[0m [2mhyper::proto::h1::conn[0m[2m:[0m incoming body is content-length (830 bytes)
[2m2025-12-10T10:13:33.634550Z[0m [34mDEBUG[0m [2mhyper::proto::h1::conn[0m[2m:[0m incoming body completed
[2m2025-12-10T10:13:33.634574Z[0m [34mDEBUG[0m [2mhyper::client::pool[0m[2m:[0m pooling idle connection for ("http", 192.168.0.14:8545)
[2m2025-12-10T10:13:33.634922Z[0m [34mDEBUG[0m [2methereum_transaction_pool_monitor::eth_client[0m[2m:[0m 📡 Transaction fetch RPC completed in 12.380333ms
[2m2025-12-10T10:13:33.728170Z[0m [34mDEBUG[0m [2methereum_transaction_pool_monitor::eth_client[0m[2m:[0m ✅ Transaction 0x1bdf0329341e932e11357f86d3d91e8407a43c69200648582874e555e66f5ace fetched and parsed in 105.62625ms
[2m2025-12-10T10:13:33.732918Z[0m [34mDEBUG[0m [2methereum_transaction_pool_monitor::mempool_monitor[0m[2m:[0m 🔍 Skipping tx 0x1bdf0329341e932e11357f86d3d91e8407a43c69200648582874e555e66f5ace - not a DEX interaction (target: 0x3B4D794a66304F130a4Db8F2551B0070dfCf5ca7)
[2m2025-12-10T10:13:33.732936Z[0m [34mDEBUG[0m [2methereum_transaction_pool_monitor::mempool_monitor[0m[2m:[0m 📨 Processing new pending transaction: 0xf22ba115ab031aa5ec005befad9f4fd96cc9960fbc156d395dab98483e331eb0
[2m2025-12-10T10:13:33.732947Z[0m [34mDEBUG[0m [2methereum_transaction_pool_monitor::mempool_monitor[0m[2m:[0m 🔍 Fetching transaction details for: 0xf22ba115ab031aa5ec005befad9f4fd96cc9960fbc156d395dab98483e331eb0
[2m2025-12-10T10:13:33.732954Z[0m [34mDEBUG[0m [2methereum_transaction_pool_monitor::eth_client[0m[2m:[0m 🔍 Fetching transaction details for hash: 0xf22ba115ab031aa5ec005befad9f4fd96cc9960fbc156d395dab98483e331eb0
[2m2025-12-10T10:13:33.732980Z[0m [34mDEBUG[0m [2mhyper::client::pool[0m[2m:[0m reuse idle connection for ("http", 192.168.0.14:8545)
[2m2025-12-10T10:13:33.733020Z[0m [34mDEBUG[0m [2mhyper::proto::h1::io[0m[2m:[0m flushed 250 bytes
[2m2025-12-10T10:13:33.733052Z[0m [34mDEBUG[0m [2mhyper::client::pool[0m[2m:[0m reuse idle connection for ("http", 192.168.0.14:8545)
[2m2025-12-10T10:13:33.733072Z[0m [34mDEBUG[0m [2mhyper::proto::h1::io[0m[2m:[0m flushed 172 bytes
[2m2025-12-10T10:13:33.733095Z[0m [34mDEBUG[0m [2methereum_transaction_pool_monitor::eth_client[0m[2m:[0m 📨 Received WebSocket message: {"jsonrpc":"2.0","method":"eth_subscription","params":{"subscription":"0xbed0a0851463e895960a451075a301a9","result":"0x16e01912007b6dc05a6b261917df0337c419a48eda4e2fddd5f8fd2b9ee8663c"}}
[2m2025-12-10T10:13:33.733107Z[0m [34mDEBUG[0m [2methereum_transaction_pool_monitor::eth_client[0m[2m:[0m 📨 Received pending transaction: 0x16e01912007b6dc05a6b261917df0337c419a48eda4e2fddd5f8fd2b9ee8663c
[2m2025-12-10T10:13:33.738328Z[0m [34mDEBUG[0m [2mhyper::proto::h1::io[0m[2m:[0m parsed 4 headers
[2m2025-12-10T10:13:33.738344Z[0m [34mDEBUG[0m [2mhyper::proto::h1::conn[0m[2m:[0m incoming body is content-length (1730 bytes)
[2m2025-12-10T10:13:33.738354Z[0m [34mDEBUG[0m [2mhyper::proto::h1::conn[0m[2m:[0m incoming body completed
[2m2025-12-10T10:13:33.738365Z[0m [34mDEBUG[0m [2mhyper::client::pool[0m[2m:[0m pooling idle connection for ("http", 192.168.0.14:8545)
[2m2025-12-10T10:13:33.738374Z[0m [34mDEBUG[0m [2methereum_transaction_pool_monitor::eth_client[0m[2m:[0m 📡 Transaction fetch RPC completed in 5.41325ms
[2m2025-12-10T10:13:33.808622Z[0m [34mDEBUG[0m [2methereum_transaction_pool_monitor::eth_client[0m[2m:[0m ✅ Transaction 0xf22ba115ab031aa5ec005befad9f4fd96cc9960fbc156d395dab98483e331eb0 fetched and parsed in 75.659625ms
[2m2025-12-10T10:13:33.808642Z[0m [34mDEBUG[0m [2methereum_transaction_pool_monitor::mempool_monitor[0m[2m:[0m 🔍 Skipping tx 0xf22ba115ab031aa5ec005befad9f4fd96cc9960fbc156d395dab98483e331eb0 - not a DEX interaction (target: 0x601a2aD6CB5949f0529735254189Ba3194221EDF)
[2m2025-12-10T10:13:33.808651Z[0m [34mDEBUG[0m [2methereum_transaction_pool_monitor::mempool_monitor[0m[2m:[0m 📨 Processing new pending transaction: 0x1529f0568c991b50c19010ca29a61c11026e6632c7b5209b94fe7d2153ccdc82
[2m2025-12-10T10:13:33.808656Z[0m [34mDEBUG[0m [2methereum_transaction_pool_monitor::mempool_monitor[0m[2m:[0m 🔍 Fetching transaction details for: 0x1529f0568c991b50c19010ca29a61c11026e6632c7b5209b94fe7d2153ccdc82
[2m2025-12-10T10:13:33.808661Z[0m [34mDEBUG[0m [2methereum_transaction_pool_monitor::eth_client[0m[2m:[0m 🔍 Fetching transaction details for hash: 0x1529f0568c991b50c19010ca29a61c11026e6632c7b5209b94fe7d2153ccdc82
[2m2025-12-10T10:13:33.808680Z[0m [34mDEBUG[0m [2mhyper::client::pool[0m[2m:[0m reuse idle connection for ("http", 192.168.0.14:8545)
[2m2025-12-10T10:13:33.808724Z[0m [34mDEBUG[0m [2mhyper::proto::h1::io[0m[2m:[0m flushed 250 bytes
[2m2025-12-10T10:13:33.808740Z[0m [34mDEBUG[0m [2mhyper::proto::h1::io[0m[2m:[0m parsed 4 headers
[2m2025-12-10T10:13:33.808745Z[0m [34mDEBUG[0m [2mhyper::proto::h1::conn[0m[2m:[0m incoming body is content-length (45 bytes)
[2m2025-12-10T10:13:33.808752Z[0m [34mDEBUG[0m [2mhyper::proto::h1::conn[0m[2m:[0m incoming body completed
[2m2025-12-10T10:13:33.808761Z[0m [34mDEBUG[0m [2mhyper::client::pool[0m[2m:[0m pooling idle connection for ("http", 192.168.0.14:8545)
[2m2025-12-10T10:13:33.808777Z[0m [34mDEBUG[0m [2mhyper::client::pool[0m[2m:[0m reuse idle connection for ("http", 192.168.0.14:8545)
[2m2025-12-10T10:13:33.808794Z[0m [34mDEBUG[0m [2mhyper::proto::h1::io[0m[2m:[0m flushed 172 bytes
[2m2025-12-10T10:13:33.811688Z[0m [34mDEBUG[0m [2mhyper::proto::h1::io[0m[2m:[0m parsed 4 headers
[2m2025-12-10T10:13:33.811703Z[0m [34mDEBUG[0m [2mhyper::proto::h1::conn[0m[2m:[0m incoming body is content-length (649 bytes)
[2m2025-12-10T10:13:33.811710Z[0m [34mDEBUG[0m [2mhyper::proto::h1::conn[0m[2m:[0m incoming body completed
[2m2025-12-10T10:13:33.811720Z[0m [34mDEBUG[0m [2mhyper::client::pool[0m[2m:[0m pooling idle connection for ("http", 192.168.0.14:8545)
[2m2025-12-10T10:13:33.811726Z[0m [34mDEBUG[0m [2methereum_transaction_pool_monitor::eth_client[0m[2m:[0m 📡 Transaction fetch RPC completed in 3.061583ms
[2m2025-12-10T10:13:33.879853Z[0m [34mDEBUG[0m [2methereum_transaction_pool_monitor::eth_client[0m[2m:[0m ✅ Transaction 0x1529f0568c991b50c19010ca29a61c11026e6632c7b5209b94fe7d2153ccdc82 fetched and parsed in 71.185291ms
[2m2025-12-10T10:13:33.879875Z[0m [34mDEBUG[0m [2methereum_transaction_pool_monitor::mempool_monitor[0m[2m:[0m 🔍 Skipping tx 0x1529f0568c991b50c19010ca29a61c11026e6632c7b5209b94fe7d2153ccdc82 - not a DEX interaction (target: 0xF55569b022eB65DE18ad9C61043Be422D476E8b0)
[2m2025-12-10T10:13:33.879884Z[0m [34mDEBUG[0m [2methereum_transaction_pool_monitor::mempool_monitor[0m[2m:[0m 📨 Processing new pending transaction: 0x16e01912007b6dc05a6b261917df0337c419a48eda4e2fddd5f8fd2b9ee8663c
[2m2025-12-10T10:13:33.879889Z[0m [34mDEBUG[0m [2methereum_transaction_pool_monitor::mempool_monitor[0m[2m:[0m 🔍 Fetching transaction details for: 0x16e01912007b6dc05a6b261917df0337c419a48eda4e2fddd5f8fd2b9ee8663c
[2m2025-12-10T10:13:33.879894Z[0m [34mDEBUG[0m [2methereum_transaction_pool_monitor::eth_client[0m[2m:[0m 🔍 Fetching transaction details for hash: 0x16e01912007b6dc05a6b261917df0337c419a48eda4e2fddd5f8fd2b9ee8663c
[2m2025-12-10T10:13:33.879915Z[0m [34mDEBUG[0m [2mhyper::client::pool[0m[2m:[0m reuse idle connection for ("http", 192.168.0.14:8545)
[2m2025-12-10T10:13:33.879957Z[0m [34mDEBUG[0m [2mhyper::proto::h1::io[0m[2m:[0m flushed 250 bytes
[2m2025-12-10T10:13:33.879982Z[0m [34mDEBUG[0m [2methereum_transaction_pool_monitor::eth_client[0m[2m:[0m 📨 Received WebSocket message: {"jsonrpc":"2.0","method":"eth_subscription","params":{"subscription":"0xbed0a0851463e895960a451075a301a9","result":"0x2786c3025935ebd38f1c41aba2bbc19139c90bdf3ac213f91121ddd4c74ff739"}}
[2m2025-12-10T10:13:33.879986Z[0m [34mDEBUG[0m [2mhyper::proto::h1::io[0m[2m:[0m parsed 4 headers
[2m2025-12-10T10:13:33.879990Z[0m [34mDEBUG[0m [2methereum_transaction_pool_monitor::eth_client[0m[2m:[0m 📨 Received pending transaction: 0x2786c3025935ebd38f1c41aba2bbc19139c90bdf3ac213f91121ddd4c74ff739
[2m2025-12-10T10:13:33.879995Z[0m [34mDEBUG[0m [2mhyper::proto::h1::conn[0m[2m:[0m incoming body is content-length (45 bytes)
[2m2025-12-10T10:13:33.880007Z[0m [34mDEBUG[0m [2mhyper::proto::h1::conn[0m[2m:[0m incoming body completed
[2m2025-12-10T10:13:33.880017Z[0m [34mDEBUG[0m [2mhyper::client::pool[0m[2m:[0m pooling idle connection for ("http", 192.168.0.14:8545)
[2m2025-12-10T10:13:33.883976Z[0m [34mDEBUG[0m [2mhyper::proto::h1::io[0m[2m:[0m parsed 4 headers
[2m2025-12-10T10:13:33.883988Z[0m [34mDEBUG[0m [2mhyper::proto::h1::conn[0m[2m:[0m incoming body is content-length (838 bytes)
[2m2025-12-10T10:13:33.883995Z[0m [34mDEBUG[0m [2mhyper::proto::h1::conn[0m[2m:[0m incoming body completed
[2m2025-12-10T10:13:33.884003Z[0m [34mDEBUG[0m [2mhyper::client::pool[0m[2m:[0m pooling idle connection for ("http", 192.168.0.14:8545)
[2m2025-12-10T10:13:33.884009Z[0m [34mDEBUG[0m [2methereum_transaction_pool_monitor::eth_client[0m[2m:[0m 📡 Transaction fetch RPC completed in 4.11125ms
[2m2025-12-10T10:13:33.884023Z[0m [34mDEBUG[0m [2methereum_transaction_pool_monitor::eth_client[0m[2m:[0m DeFi transaction detected - Address: 0xdac17f958d2ee523a2206206994597c13d831ec7, Type: Stablecoin, Value: 0 ETH, Gas: 2.19 Gwei
[2m2025-12-10T10:13:33.884043Z[0m [34mDEBUG[0m [2methereum_transaction_pool_monitor::eth_client[0m[2m:[0m ✅ Transaction 0x16e01912007b6dc05a6b261917df0337c419a48eda4e2fddd5f8fd2b9ee8663c fetched and parsed in 4.144917ms
[2m2025-12-10T10:13:33.884049Z[0m [34mDEBUG[0m [2methereum_transaction_pool_monitor::mempool_monitor[0m[2m:[0m 🔍 Skipping tx 0x16e01912007b6dc05a6b261917df0337c419a48eda4e2fddd5f8fd2b9ee8663c - not a DEX interaction (target: 0xdAC17F958D2ee523a2206206994597C13D831ec7)
[2m2025-12-10T10:13:33.884056Z[0m [34mDEBUG[0m [2methereum_transaction_pool_monitor::mempool_monitor[0m[2m:[0m 📨 Processing new pending transaction: 0x2786c3025935ebd38f1c41aba2bbc19139c90bdf3ac213f91121ddd4c74ff739
[2m2025-12-10T10:13:33.884061Z[0m [34mDEBUG[0m [2methereum_transaction_pool_monitor::mempool_monitor[0m[2m:[0m 🔍 Fetching transaction details for: 0x2786c3025935ebd38f1c41aba2bbc19139c90bdf3ac213f91121ddd4c74ff739
[2m2025-12-10T10:13:33.884064Z[0m [34mDEBUG[0m [2methereum_transaction_pool_monitor::eth_client[0m[2m:[0m 🔍 Fetching transaction details for hash: 0x2786c3025935ebd38f1c41aba2bbc19139c90bdf3ac213f91121ddd4c74ff739
[2m2025-12-10T10:13:33.884075Z[0m [34mDEBUG[0m [2mhyper::client::pool[0m[2m:[0m reuse idle connection for ("http", 192.168.0.14:8545)
[2m2025-12-10T10:13:33.884099Z[0m [34mDEBUG[0m [2mhyper::proto::h1::io[0m[2m:[0m flushed 250 bytes
[2m2025-12-10T10:13:33.888790Z[0m [34mDEBUG[0m [2mhyper::proto::h1::io[0m[2m:[0m parsed 4 headers
[2m2025-12-10T10:13:33.888798Z[0m [34mDEBUG[0m [2mhyper::proto::h1::conn[0m[2m:[0m incoming body is content-length (905 bytes)
[2m2025-12-10T10:13:33.888803Z[0m [34mDEBUG[0m [2mhyper::proto::h1::conn[0m[2m:[0m incoming body completed
[2m2025-12-10T10:13:33.888811Z[0m [34mDEBUG[0m [2mhyper::client::pool[0m[2m:[0m pooling idle connection for ("http", 192.168.0.14:8545)
[2m2025-12-10T10:13:33.888816Z[0m [34mDEBUG[0m [2methereum_transaction_pool_monitor::eth_client[0m[2m:[0m 📡 Transaction fetch RPC completed in 4.747959ms
[2m2025-12-10T10:13:33.956873Z[0m [34mDEBUG[0m [2methereum_transaction_pool_monitor::eth_client[0m[2m:[0m ✅ Transaction 0x2786c3025935ebd38f1c41aba2bbc19139c90bdf3ac213f91121ddd4c74ff739 fetched and parsed in 72.801625ms
[2m2025-12-10T10:13:33.956892Z[0m [34mDEBUG[0m [2methereum_transaction_pool_monitor::mempool_monitor[0m[2m:[0m 🔍 Skipping tx 0x2786c3025935ebd38f1c41aba2bbc19139c90bdf3ac213f91121ddd4c74ff739 - not a DEX interaction (target: 0xFf00000000000000000000000000000000008453)
[2m2025-12-10T10:13:33.956941Z[0m [34mDEBUG[0m [2mhyper::client::pool[0m[2m:[0m reuse idle connection for ("http", 192.168.0.14:8545)
[2m2025-12-10T10:13:33.956975Z[0m [34mDEBUG[0m [2mhyper::proto::h1::io[0m[2m:[0m flushed 172 bytes
[2m2025-12-10T10:13:33.961556Z[0m [34mDEBUG[0m [2mhyper::proto::h1::io[0m[2m:[0m parsed 4 headers
[2m2025-12-10T10:13:33.961565Z[0m [34mDEBUG[0m [2mhyper::proto::h1::conn[0m[2m:[0m incoming body is content-length (45 bytes)
[2m2025-12-10T10:13:33.961573Z[0m [34mDEBUG[0m [2mhyper::proto::h1::conn[0m[2m:[0m incoming body completed
[2m2025-12-10T10:13:33.961584Z[0m [34mDEBUG[0m [2mhyper::client::pool[0m[2m:[0m pooling idle connection for ("http", 192.168.0.14:8545)
[2m2025-12-10T10:13:33.993166Z[0m [34mDEBUG[0m [2methereum_transaction_pool_monitor::eth_client[0m[2m:[0m 📨 Received WebSocket message: {"jsonrpc":"2.0","method":"eth_subscription","params":{"subscription":"0xbed0a0851463e895960a451075a301a9","result":"0x156b0829ed999c5198fadb6e9b0e38e0f7a80ed345e7369cd9bd21943f8b18f4"}}
[2m2025-12-10T10:13:33.993183Z[0m [34mDEBUG[0m [2methereum_transaction_pool_monitor::eth_client[0m[2m:[0m 📨 Received pending transaction: 0x156b0829ed999c5198fadb6e9b0e38e0f7a80ed345e7369cd9bd21943f8b18f4
[2m2025-12-10T10:13:33.993192Z[0m [34mDEBUG[0m [2methereum_transaction_pool_monitor::mempool_monitor[0m[2m:[0m 📨 Processing new pending transaction: 0x156b0829ed999c5198fadb6e9b0e38e0f7a80ed345e7369cd9bd21943f8b18f4
[2m2025-12-10T10:13:33.993196Z[0m [34mDEBUG[0m [2methereum_transaction_pool_monitor::mempool_monitor[0m[2m:[0m 🔍 Fetching transaction details for: 0x156b0829ed999c5198fadb6e9b0e38e0f7a80ed345e7369cd9bd21943f8b18f4
[2m2025-12-10T10:13:33.993201Z[0m [34mDEBUG[0m [2methereum_transaction_pool_monitor::eth_client[0m[2m:[0m 🔍 Fetching transaction details for hash: 0x156b0829ed999c5198fadb6e9b0e38e0f7a80ed345e7369cd9bd21943f8b18f4
[2m2025-12-10T10:13:33.993218Z[0m [34mDEBUG[0m [2mhyper::client::pool[0m[2m:[0m reuse idle connection for ("http", 192.168.0.14:8545)
[2m2025-12-10T10:13:33.993241Z[0m [34mDEBUG[0m [2mhyper::proto::h1::io[0m[2m:[0m flushed 250 bytes
[2m2025-12-10T10:13:33.996649Z[0m [34mDEBUG[0m [2mhyper::proto::h1::io[0m[2m:[0m parsed 4 headers
[2m2025-12-10T10:13:33.996659Z[0m [34mDEBUG[0m [2mhyper::proto::h1::conn[0m[2m:[0m incoming body is content-length (644 bytes)
[2m2025-12-10T10:13:33.996666Z[0m [34mDEBUG[0m [2mhyper::proto::h1::conn[0m[2m:[0m incoming body completed
[2m2025-12-10T10:13:33.996675Z[0m [34mDEBUG[0m [2mhyper::client::pool[0m[2m:[0m pooling idle connection for ("http", 192.168.0.14:8545)
[2m2025-12-10T10:13:33.996681Z[0m [34mDEBUG[0m [2methereum_transaction_pool_monitor::eth_client[0m[2m:[0m 📡 Transaction fetch RPC completed in 3.476166ms
[2m2025-12-10T10:13:34.068609Z[0m [34mDEBUG[0m [2methereum_transaction_pool_monitor::eth_client[0m[2m:[0m ✅ Transaction 0x156b0829ed999c5198fadb6e9b0e38e0f7a80ed345e7369cd9bd21943f8b18f4 fetched and parsed in 75.402041ms
[2m2025-12-10T10:13:34.068638Z[0m [34mDEBUG[0m [2methereum_transaction_pool_monitor::mempool_monitor[0m[2m:[0m 🔍 Skipping tx 0x156b0829ed999c5198fadb6e9b0e38e0f7a80ed345e7369cd9bd21943f8b18f4 - not a DEX interaction (target: 0xA5A13F62ce1113838e0d9B4559b8CAf5F76463C0)
[2m2025-12-10T10:13:34.068675Z[0m [34mDEBUG[0m [2mhyper::client::pool[0m[2m:[0m reuse idle connection for ("http", 192.168.0.14:8545)
[2m2025-12-10T10:13:34.068690Z[0m [34mDEBUG[0m [2methereum_transaction_pool_monitor::eth_client[0m[2m:[0m 📨 Received WebSocket message: {"jsonrpc":"2.0","method":"eth_subscription","params":{"subscription":"0xbed0a0851463e895960a451075a301a9","result":"0xd2f1172e5d5ea0cc05e21e113d62c88411e7a9d4a42ccf6b500e6a4ccfdb26bf"}}
[2m2025-12-10T10:13:34.068702Z[0m [34mDEBUG[0m [2mhyper::proto::h1::io[0m[2m:[0m flushed 172 bytes
[2m2025-12-10T10:13:34.068706Z[0m [34mDEBUG[0m [2methereum_transaction_pool_monitor::eth_client[0m[2m:[0m 📨 Received pending transaction: 0xd2f1172e5d5ea0cc05e21e113d62c88411e7a9d4a42ccf6b500e6a4ccfdb26bf
[2m2025-12-10T10:13:34.068730Z[0m [34mDEBUG[0m [2methereum_transaction_pool_monitor::eth_client[0m[2m:[0m 📨 Received WebSocket message: {"jsonrpc":"2.0","method":"eth_subscription","params":{"subscription":"0xbed0a0851463e895960a451075a301a9","result":"0x2149b5bd53a608a6680e1cf69c277bc044a38983d78d732713632a5df7478b3f"}}
[2m2025-12-10T10:13:34.068876Z[0m [34mDEBUG[0m [2methereum_transaction_pool_monitor::eth_client[0m[2m:[0m 📨 Received pending transaction: 0x2149b5bd53a608a6680e1cf69c277bc044a38983d78d732713632a5df7478b3f
[2m2025-12-10T10:13:34.068886Z[0m [34mDEBUG[0m [2methereum_transaction_pool_monitor::mempool_monitor[0m[2m:[0m 📨 Processing new pending transaction: 0xd2f1172e5d5ea0cc05e21e113d62c88411e7a9d4a42ccf6b500e6a4ccfdb26bf
[2m2025-12-10T10:13:34.068892Z[0m [34mDEBUG[0m [2methereum_transaction_pool_monitor::mempool_monitor[0m[2m:[0m 🔍 Fetching transaction details for: 0xd2f1172e5d5ea0cc05e21e113d62c88411e7a9d4a42ccf6b500e6a4ccfdb26bf
[2m2025-12-10T10:13:34.068900Z[0m [34mDEBUG[0m [2methereum_transaction_pool_monitor::eth_client[0m[2m:[0m 🔍 Fetching transaction details for hash: 0xd2f1172e5d5ea0cc05e21e113d62c88411e7a9d4a42ccf6b500e6a4ccfdb26bf
[2m2025-12-10T10:13:34.068916Z[0m [34mDEBUG[0m [2mhyper::client::pool[0m[2m:[0m reuse idle connection for ("http", 192.168.0.14:8545)
[2m2025-12-10T10:13:34.068938Z[0m [34mDEBUG[0m [2mhyper::proto::h1::io[0m[2m:[0m flushed 250 bytes
[2m2025-12-10T10:13:34.071577Z[0m [34mDEBUG[0m [2mhyper::proto::h1::io[0m[2m:[0m parsed 4 headers
[2m2025-12-10T10:13:34.071584Z[0m [34mDEBUG[0m [2mhyper::proto::h1::conn[0m[2m:[0m incoming body is content-length (45 bytes)
[2m2025-12-10T10:13:34.071591Z[0m [34mDEBUG[0m [2mhyper::proto::h1::conn[0m[2m:[0m incoming body completed
[2m2025-12-10T10:13:34.071599Z[0m [34mDEBUG[0m [2mhyper::client::pool[0m[2m:[0m pooling idle connection for ("http", 192.168.0.14:8545)
[2m2025-12-10T10:13:34.078329Z[0m [34mDEBUG[0m [2mhyper::proto::h1::io[0m[2m:[0m parsed 4 headers
[2m2025-12-10T10:13:34.078342Z[0m [34mDEBUG[0m [2mhyper::proto::h1::conn[0m[2m:[0m incoming body is content-length (1294 bytes)
[2m2025-12-10T10:13:34.078349Z[0m [34mDEBUG[0m [2mhyper::proto::h1::conn[0m[2m:[0m incoming body completed
[2m2025-12-10T10:13:34.078358Z[0m [34mDEBUG[0m [2mhyper::client::pool[0m[2m:[0m pooling idle connection for ("http", 192.168.0.14:8545)
[2m2025-12-10T10:13:34.078365Z[0m [34mDEBUG[0m [2methereum_transaction_pool_monitor::eth_client[0m[2m:[0m 📡 Transaction fetch RPC completed in 9.455791ms
[2m2025-12-10T10:13:34.153898Z[0m [34mDEBUG[0m [2methereum_transaction_pool_monitor::eth_client[0m[2m:[0m ✅ Transaction 0xd2f1172e5d5ea0cc05e21e113d62c88411e7a9d4a42ccf6b500e6a4ccfdb26bf fetched and parsed in 84.985708ms
[2m2025-12-10T10:13:34.153926Z[0m [34mDEBUG[0m [2methereum_transaction_pool_monitor::mempool_monitor[0m[2m:[0m 🔍 Skipping tx 0xd2f1172e5d5ea0cc05e21e113d62c88411e7a9d4a42ccf6b500e6a4ccfdb26bf - not a DEX interaction (target: 0x5050e08626c499411B5D0E0b5AF0E83d3fD82EDF)
[2m2025-12-10T10:13:34.153990Z[0m [34mDEBUG[0m [2methereum_transaction_pool_monitor::mempool_monitor[0m[2m:[0m 📨 Processing new pending transaction: 0x2149b5bd53a608a6680e1cf69c277bc044a38983d78d732713632a5df7478b3f
[2m2025-12-10T10:13:34.153997Z[0m [34mDEBUG[0m [2methereum_transaction_pool_monitor::mempool_monitor[0m[2m:[0m 🔍 Fetching transaction details for: 0x2149b5bd53a608a6680e1cf69c277bc044a38983d78d732713632a5df7478b3f
[2m2025-12-10T10:13:34.154002Z[0m [34mDEBUG[0m [2methereum_transaction_pool_monitor::eth_client[0m[2m:[0m 🔍 Fetching transaction details for hash: 0x2149b5bd53a608a6680e1cf69c277bc044a38983d78d732713632a5df7478b3f
[2m2025-12-10T10:13:34.154025Z[0m [34mDEBUG[0m [2mhyper::client::pool[0m[2m:[0m reuse idle connection for ("http", 192.168.0.14:8545)
[2m2025-12-10T10:13:34.154095Z[0m [34mDEBUG[0m [2mhyper::proto::h1::io[0m[2m:[0m flushed 250 bytes
[2m2025-12-10T10:13:34.154116Z[0m [34mDEBUG[0m [2mhyper::client::pool[0m[2m:[0m reuse idle connection for ("http", 192.168.0.14:8545)
[2m2025-12-10T10:13:34.154130Z[0m [34mDEBUG[0m [2mhyper::proto::h1::io[0m[2m:[0m flushed 172 bytes
[2m2025-12-10T10:13:34.154131Z[0m [34mDEBUG[0m [2methereum_transaction_pool_monitor::eth_client[0m[2m:[0m 📨 Received WebSocket message: {"jsonrpc":"2.0","method":"eth_subscription","params":{"subscription":"0xbed0a0851463e895960a451075a301a9","result":"0x5f62ede82ad6e4e5bf8aa2a39763972838aa46fe4c466122a159ce5cdd9a87e4"}}
[2m2025-12-10T10:13:34.154144Z[0m [34mDEBUG[0m [2methereum_transaction_pool_monitor::eth_client[0m[2m:[0m 📨 Received pending transaction: 0x5f62ede82ad6e4e5bf8aa2a39763972838aa46fe4c466122a159ce5cdd9a87e4
[2m2025-12-10T10:13:34.154160Z[0m [34mDEBUG[0m [2methereum_transaction_pool_monitor::eth_client[0m[2m:[0m 📨 Received WebSocket message: {"jsonrpc":"2.0","method":"eth_subscription","params":{"subscription":"0xbed0a0851463e895960a451075a301a9","result":"0xceafcc8a1d66e547507eecf1d4e7e952bed864fdba194488f9823b3e8ff252bb"}}
[2m2025-12-10T10:13:34.154168Z[0m [34mDEBUG[0m [2methereum_transaction_pool_monitor::eth_client[0m[2m:[0m 📨 Received pending transaction: 0xceafcc8a1d66e547507eecf1d4e7e952bed864fdba194488f9823b3e8ff252bb
[2m2025-12-10T10:13:34.157312Z[0m [34mDEBUG[0m [2mhyper::proto::h1::io[0m[2m:[0m parsed 4 headers
[2m2025-12-10T10:13:34.157318Z[0m [34mDEBUG[0m [2mhyper::proto::h1::conn[0m[2m:[0m incoming body is content-length (45 bytes)
[2m2025-12-10T10:13:34.157325Z[0m [34mDEBUG[0m [2mhyper::proto::h1::conn[0m[2m:[0m incoming body completed
[2m2025-12-10T10:13:34.157333Z[0m [34mDEBUG[0m [2mhyper::client::pool[0m[2m:[0m pooling idle connection for ("http", 192.168.0.14:8545)
[2m2025-12-10T10:13:34.161791Z[0m [34mDEBUG[0m [2mhyper::proto::h1::io[0m[2m:[0m parsed 4 headers
[2m2025-12-10T10:13:34.164864Z[0m [34mDEBUG[0m [2mhyper::proto::h1::conn[0m[2m:[0m incoming body is content-length (38 bytes)
[2m2025-12-10T10:13:34.164880Z[0m [34mDEBUG[0m [2mhyper::proto::h1::conn[0m[2m:[0m incoming body completed
[2m2025-12-10T10:13:34.164891Z[0m [34mDEBUG[0m [2mhyper::client::pool[0m[2m:[0m pooling idle connection for ("http", 192.168.0.14:8545)
[2m2025-12-10T10:13:34.164903Z[0m [34mDEBUG[0m [2methereum_transaction_pool_monitor::eth_client[0m[2m:[0m 📡 Transaction fetch RPC completed in 10.897084ms
[2m2025-12-10T10:13:34.164913Z[0m [34mDEBUG[0m [2methereum_transaction_pool_monitor::eth_client[0m[2m:[0m ✅ Transaction 0x2149b5bd53a608a6680e1cf69c277bc044a38983d78d732713632a5df7478b3f fetched and parsed in 10.907292ms
[2m2025-12-10T10:13:34.164924Z[0m [34mDEBUG[0m [2methereum_transaction_pool_monitor::mempool_monitor[0m[2m:[0m 🔍 Skipping tx 0x2149b5bd53a608a6680e1cf69c277bc044a38983d78d732713632a5df7478b3f - contract creation
[2m2025-12-10T10:13:34.164931Z[0m [34mDEBUG[0m [2methereum_transaction_pool_monitor::mempool_monitor[0m[2m:[0m 📨 Processing new pending transaction: 0x5f62ede82ad6e4e5bf8aa2a39763972838aa46fe4c466122a159ce5cdd9a87e4
[2m2025-12-10T10:13:34.164937Z[0m [34mDEBUG[0m [2methereum_transaction_pool_monitor::mempool_monitor[0m[2m:[0m 🔍 Fetching transaction details for: 0x5f62ede82ad6e4e5bf8aa2a39763972838aa46fe4c466122a159ce5cdd9a87e4
[2m2025-12-10T10:13:34.164943Z[0m [34mDEBUG[0m [2methereum_transaction_pool_monitor::eth_client[0m[2m:[0m 🔍 Fetching transaction details for hash: 0x5f62ede82ad6e4e5bf8aa2a39763972838aa46fe4c466122a159ce5cdd9a87e4
[2m2025-12-10T10:13:34.164959Z[0m [34mDEBUG[0m [2mhyper::client::pool[0m[2m:[0m reuse idle connection for ("http", 192.168.0.14:8545)
[2m2025-12-10T10:13:34.164993Z[0m [34mDEBUG[0m [2mhyper::proto::h1::io[0m[2m:[0m flushed 250 bytes
[2m2025-12-10T10:13:34.170924Z[0m [34mDEBUG[0m [2mhyper::proto::h1::io[0m[2m:[0m parsed 4 headers
[2m2025-12-10T10:13:34.170935Z[0m [34mDEBUG[0m [2mhyper::proto::h1::conn[0m[2m:[0m incoming body is content-length (1294 bytes)
[2m2025-12-10T10:13:34.170941Z[0m [34mDEBUG[0m [2mhyper::proto::h1::conn[0m[2m:[0m incoming body completed
[2m2025-12-10T10:13:34.170949Z[0m [34mDEBUG[0m [2mhyper::client::pool[0m[2m:[0m pooling idle connection for ("http", 192.168.0.14:8545)
[2m2025-12-10T10:13:34.170957Z[0m [34mDEBUG[0m [2methereum_transaction_pool_monitor::eth_client[0m[2m:[0m 📡 Transaction fetch RPC completed in 6.007375ms
[2m2025-12-10T10:13:34.246362Z[0m [34mDEBUG[0m [2methereum_transaction_pool_monitor::eth_client[0m[2m:[0m ✅ Transaction 0x5f62ede82ad6e4e5bf8aa2a39763972838aa46fe4c466122a159ce5cdd9a87e4 fetched and parsed in 81.409959ms
[2m2025-12-10T10:13:34.246449Z[0m [34mDEBUG[0m [2methereum_transaction_pool_monitor::mempool_monitor[0m[2m:[0m 🔍 Skipping tx 0x5f62ede82ad6e4e5bf8aa2a39763972838aa46fe4c466122a159ce5cdd9a87e4 - not a DEX interaction (target: 0x5050e08626c499411B5D0E0b5AF0E83d3fD82EDF)
[2m2025-12-10T10:13:34.246462Z[0m [34mDEBUG[0m [2methereum_transaction_pool_monitor::mempool_monitor[0m[2m:[0m 📨 Processing new pending transaction: 0xceafcc8a1d66e547507eecf1d4e7e952bed864fdba194488f9823b3e8ff252bb
[2m2025-12-10T10:13:34.246469Z[0m [34mDEBUG[0m [2methereum_transaction_pool_monitor::mempool_monitor[0m[2m:[0m 🔍 Fetching transaction details for: 0xceafcc8a1d66e547507eecf1d4e7e952bed864fdba194488f9823b3e8ff252bb
[2m2025-12-10T10:13:34.246473Z[0m [34mDEBUG[0m [2methereum_transaction_pool_monitor::eth_client[0m[2m:[0m 🔍 Fetching transaction details for hash: 0xceafcc8a1d66e547507eecf1d4e7e952bed864fdba194488f9823b3e8ff252bb
[2m2025-12-10T10:13:34.246496Z[0m [34mDEBUG[0m [2mhyper::client::pool[0m[2m:[0m reuse idle connection for ("http", 192.168.0.14:8545)
[2m2025-12-10T10:13:34.246525Z[0m [34mDEBUG[0m [2mhyper::proto::h1::io[0m[2m:[0m flushed 250 bytes
[2m2025-12-10T10:13:34.246551Z[0m [34mDEBUG[0m [2mhyper::client::pool[0m[2m:[0m reuse idle connection for ("http", 192.168.0.14:8545)
[2m2025-12-10T10:13:34.246564Z[0m [34mDEBUG[0m [2mhyper::proto::h1::io[0m[2m:[0m flushed 172 bytes
[2m2025-12-10T10:13:34.251824Z[0m [34mDEBUG[0m [2mhyper::proto::h1::io[0m[2m:[0m parsed 4 headers
[2m2025-12-10T10:13:34.251835Z[0m [34mDEBUG[0m [2mhyper::proto::h1::conn[0m[2m:[0m incoming body is content-length (647 bytes)
[2m2025-12-10T10:13:34.251845Z[0m [34mDEBUG[0m [2mhyper::proto::h1::conn[0m[2m:[0m incoming body completed
[2m2025-12-10T10:13:34.251856Z[0m [34mDEBUG[0m [2mhyper::client::pool[0m[2m:[0m pooling idle connection for ("http", 192.168.0.14:8545)
[2m2025-12-10T10:13:34.251865Z[0m [34mDEBUG[0m [2methereum_transaction_pool_monitor::eth_client[0m[2m:[0m 📡 Transaction fetch RPC completed in 5.384166ms
[2m2025-12-10T10:13:34.324808Z[0m [34mDEBUG[0m [2methereum_transaction_pool_monitor::eth_client[0m[2m:[0m ✅ Transaction 0xceafcc8a1d66e547507eecf1d4e7e952bed864fdba194488f9823b3e8ff252bb fetched and parsed in 78.32525ms
[2m2025-12-10T10:13:34.324826Z[0m [34mDEBUG[0m [2methereum_transaction_pool_monitor::mempool_monitor[0m[2m:[0m 🔍 Skipping tx 0xceafcc8a1d66e547507eecf1d4e7e952bed864fdba194488f9823b3e8ff252bb - not a DEX interaction (target: 0x4603180BBB8221157880AfaA84638E0fc467738D)
[2m2025-12-10T10:13:34.324850Z[0m [34mDEBUG[0m [2mhyper::proto::h1::io[0m[2m:[0m parsed 4 headers
[2m2025-12-10T10:13:34.324855Z[0m [34mDEBUG[0m [2mhyper::proto::h1::conn[0m[2m:[0m incoming body is content-length (45 bytes)
[2m2025-12-10T10:13:34.324863Z[0m [34mDEBUG[0m [2mhyper::proto::h1::conn[0m[2m:[0m incoming body completed
[2m2025-12-10T10:13:34.324872Z[0m [34mDEBUG[0m [2mhyper::client::pool[0m[2m:[0m pooling idle connection for ("http", 192.168.0.14:8545)
[2m2025-12-10T10:13:34.324894Z[0m [34mDEBUG[0m [2mhyper::client::pool[0m[2m:[0m reuse idle connection for ("http", 192.168.0.14:8545)
[2m2025-12-10T10:13:34.324926Z[0m [34mDEBUG[0m [2mhyper::proto::h1::io[0m[2m:[0m flushed 172 bytes
[2m2025-12-10T10:13:34.327951Z[0m [34mDEBUG[0m [2mhyper::proto::h1::io[0m[2m:[0m parsed 4 headers
[2m2025-12-10T10:13:34.327957Z[0m [34mDEBUG[0m [2mhyper::proto::h1::conn[0m[2m:[0m incoming body is content-length (45 bytes)
[2m2025-12-10T10:13:34.327963Z[0m [34mDEBUG[0m [2mhyper::proto::h1::conn[0m[2m:[0m incoming body completed
[2m2025-12-10T10:13:34.327968Z[0m [34mDEBUG[0m [2mhyper::client::pool[0m[2m:[0m pooling idle connection for ("http", 192.168.0.14:8545)
[2m2025-12-10T10:13:34.394156Z[0m [34mDEBUG[0m [2methereum_transaction_pool_monitor::eth_client[0m[2m:[0m 📨 Received WebSocket message: {"jsonrpc":"2.0","method":"eth_subscription","params":{"subscription":"0xbed0a0851463e895960a451075a301a9","result":"0xa35c0d5de211980a161776fec43fe2c264128c04c8f28c8668e419a95aeb32c3"}}
[2m2025-12-10T10:13:34.394175Z[0m [34mDEBUG[0m [2methereum_transaction_pool_monitor::eth_client[0m[2m:[0m 📨 Received pending transaction: 0xa35c0d5de211980a161776fec43fe2c264128c04c8f28c8668e419a95aeb32c3
[2m2025-12-10T10:13:34.394184Z[0m [34mDEBUG[0m [2methereum_transaction_pool_monitor::mempool_monitor[0m[2m:[0m 📨 Processing new pending transaction: 0xa35c0d5de211980a161776fec43fe2c264128c04c8f28c8668e419a95aeb32c3
[2m2025-12-10T10:13:34.394191Z[0m [34mDEBUG[0m [2methereum_transaction_pool_monitor::mempool_monitor[0m[2m:[0m 🔍 Fetching transaction details for: 0xa35c0d5de211980a161776fec43fe2c264128c04c8f28c8668e419a95aeb32c3
[2m2025-12-10T10:13:34.394196Z[0m [34mDEBUG[0m [2methereum_transaction_pool_monitor::eth_client[0m[2m:[0m 🔍 Fetching transaction details for hash: 0xa35c0d5de211980a161776fec43fe2c264128c04c8f28c8668e419a95aeb32c3
[2m2025-12-10T10:13:34.394218Z[0m [34mDEBUG[0m [2mhyper::client::pool[0m[2m:[0m reuse idle connection for ("http", 192.168.0.14:8545)
[2m2025-12-10T10:13:34.394241Z[0m [34mDEBUG[0m [2mhyper::proto::h1::io[0m[2m:[0m flushed 250 bytes
[2m2025-12-10T10:13:34.398767Z[0m [34mDEBUG[0m [2mhyper::client::pool[0m[2m:[0m reuse idle connection for ("http", 192.168.0.14:8545)
[2m2025-12-10T10:13:34.398805Z[0m [34mDEBUG[0m [2mhyper::proto::h1::io[0m[2m:[0m flushed 172 bytes
[2m2025-12-10T10:13:34.401639Z[0m [34mDEBUG[0m [2mhyper::proto::h1::io[0m[2m:[0m parsed 4 headers
[2m2025-12-10T10:13:34.401648Z[0m [34mDEBUG[0m [2mhyper::proto::h1::conn[0m[2m:[0m incoming body is content-length (45 bytes)
[2m2025-12-10T10:13:34.401656Z[0m [34mDEBUG[0m [2mhyper::proto::h1::conn[0m[2m:[0m incoming body completed
[2m2025-12-10T10:13:34.401664Z[0m [34mDEBUG[0m [2mhyper::client::pool[0m[2m:[0m pooling idle connection for ("http", 192.168.0.14:8545)
[2m2025-12-10T10:13:34.403562Z[0m [34mDEBUG[0m [2mhyper::proto::h1::io[0m[2m:[0m parsed 4 headers
[2m2025-12-10T10:13:34.403571Z[0m [34mDEBUG[0m [2mhyper::proto::h1::conn[0m[2m:[0m incoming body is content-length (762 bytes)
[2m2025-12-10T10:13:34.403578Z[0m [34mDEBUG[0m [2mhyper::proto::h1::conn[0m[2m:[0m incoming body completed
[2m2025-12-10T10:13:34.403586Z[0m [34mDEBUG[0m [2mhyper::client::pool[0m[2m:[0m pooling idle connection for ("http", 192.168.0.14:8545)
[2m2025-12-10T10:13:34.403592Z[0m [34mDEBUG[0m [2methereum_transaction_pool_monitor::eth_client[0m[2m:[0m 📡 Transaction fetch RPC completed in 9.391041ms
[2m2025-12-10T10:13:34.474489Z[0m [34mDEBUG[0m [2methereum_transaction_pool_monitor::eth_client[0m[2m:[0m ✅ Transaction 0xa35c0d5de211980a161776fec43fe2c264128c04c8f28c8668e419a95aeb32c3 fetched and parsed in 80.283791ms
[2m2025-12-10T10:13:34.474518Z[0m [34mDEBUG[0m [2methereum_transaction_pool_monitor::mempool_monitor[0m[2m:[0m 🔍 Skipping tx 0xa35c0d5de211980a161776fec43fe2c264128c04c8f28c8668e419a95aeb32c3 - not a DEX interaction (target: 0xd50370bEE8bFf23Bbb30ca558a1d0207DBc96ef2)
[2m2025-12-10T10:13:34.474575Z[0m [34mDEBUG[0m [2methereum_transaction_pool_monitor::eth_client[0m[2m:[0m 📨 Received WebSocket message: {"jsonrpc":"2.0","method":"eth_subscription","params":{"subscription":"0xbed0a0851463e895960a451075a301a9","result":"0xe27a59556f413ad7b40c9482df93afd2b1e22913ad48acdbf0c4a29e0bee49d0"}}
[2m2025-12-10T10:13:34.474589Z[0m [34mDEBUG[0m [2methereum_transaction_pool_monitor::eth_client[0m[2m:[0m 📨 Received pending transaction: 0xe27a59556f413ad7b40c9482df93afd2b1e22913ad48acdbf0c4a29e0bee49d0
[2m2025-12-10T10:13:34.474706Z[0m [34mDEBUG[0m [2methereum_transaction_pool_monitor::eth_client[0m[2m:[0m 📨 Received WebSocket message: {"jsonrpc":"2.0","method":"eth_subscription","params":{"subscription":"0xbed0a0851463e895960a451075a301a9","result":"0x10ade786747ee23a5aee98fc0e03b3514814a932622833b6a7c79ec12a4b62ee"}}
[2m2025-12-10T10:13:34.474715Z[0m [34mDEBUG[0m [2methereum_transaction_pool_monitor::eth_client[0m[2m:[0m 📨 Received pending transaction: 0x10ade786747ee23a5aee98fc0e03b3514814a932622833b6a7c79ec12a4b62ee
[2m2025-12-10T10:13:34.474722Z[0m [34mDEBUG[0m [2methereum_transaction_pool_monitor::eth_client[0m[2m:[0m 📨 Received WebSocket message: {"jsonrpc":"2.0","method":"eth_subscription","params":{"subscription":"0xbed0a0851463e895960a451075a301a9","result":"0x5fafa00b0771f9cb4a26f24f7faef1865fe3e5f990acfee39acdac991431ad47"}}
[2m2025-12-10T10:13:34.474729Z[0m [34mDEBUG[0m [2methereum_transaction_pool_monitor::eth_client[0m[2m:[0m 📨 Received pending transaction: 0x5fafa00b0771f9cb4a26f24f7faef1865fe3e5f990acfee39acdac991431ad47
[2m2025-12-10T10:13:34.474737Z[0m [34mDEBUG[0m [2methereum_transaction_pool_monitor::mempool_monitor[0m[2m:[0m 📨 Processing new pending transaction: 0xe27a59556f413ad7b40c9482df93afd2b1e22913ad48acdbf0c4a29e0bee49d0
[2m2025-12-10T10:13:34.474742Z[0m [34mDEBUG[0m [2methereum_transaction_pool_monitor::mempool_monitor[0m[2m:[0m 🔍 Fetching transaction details for: 0xe27a59556f413ad7b40c9482df93afd2b1e22913ad48acdbf0c4a29e0bee49d0
[2m2025-12-10T10:13:34.474747Z[0m [34mDEBUG[0m [2methereum_transaction_pool_monitor::eth_client[0m[2m:[0m 🔍 Fetching transaction details for hash: 0xe27a59556f413ad7b40c9482df93afd2b1e22913ad48acdbf0c4a29e0bee49d0
[2m2025-12-10T10:13:34.474769Z[0m [34mDEBUG[0m [2mhyper::client::pool[0m[2m:[0m reuse idle connection for ("http", 192.168.0.14:8545)
[2m2025-12-10T10:13:34.474794Z[0m [34mDEBUG[0m [2mhyper::proto::h1::io[0m[2m:[0m flushed 250 bytes
[2m2025-12-10T10:13:34.478845Z[0m [34mDEBUG[0m [2mhyper::proto::h1::io[0m[2m:[0m parsed 4 headers
[2m2025-12-10T10:13:34.478852Z[0m [34mDEBUG[0m [2mhyper::proto::h1::conn[0m[2m:[0m incoming body is content-length (38 bytes)
[2m2025-12-10T10:13:34.478860Z[0m [34mDEBUG[0m [2mhyper::proto::h1::conn[0m[2m:[0m incoming body completed
[2m2025-12-10T10:13:34.478870Z[0m [34mDEBUG[0m [2mhyper::client::pool[0m[2m:[0m pooling idle connection for ("http", 192.168.0.14:8545)
[2m2025-12-10T10:13:34.478878Z[0m [34mDEBUG[0m [2methereum_transaction_pool_monitor::eth_client[0m[2m:[0m 📡 Transaction fetch RPC completed in 4.126291ms
[2m2025-12-10T10:13:34.478890Z[0m [34mDEBUG[0m [2methereum_transaction_pool_monitor::eth_client[0m[2m:[0m ✅ Transaction 0xe27a59556f413ad7b40c9482df93afd2b1e22913ad48acdbf0c4a29e0bee49d0 fetched and parsed in 4.138583ms
[2m2025-12-10T10:13:34.478895Z[0m [34mDEBUG[0m [2methereum_transaction_pool_monitor::mempool_monitor[0m[2m:[0m 🔍 Skipping tx 0xe27a59556f413ad7b40c9482df93afd2b1e22913ad48acdbf0c4a29e0bee49d0 - contract creation
[2m2025-12-10T10:13:34.478901Z[0m [34mDEBUG[0m [2methereum_transaction_pool_monitor::mempool_monitor[0m[2m:[0m 📨 Processing new pending transaction: 0x10ade786747ee23a5aee98fc0e03b3514814a932622833b6a7c79ec12a4b62ee
[2m2025-12-10T10:13:34.478905Z[0m [34mDEBUG[0m [2methereum_transaction_pool_monitor::mempool_monitor[0m[2m:[0m 🔍 Fetching transaction details for: 0x10ade786747ee23a5aee98fc0e03b3514814a932622833b6a7c79ec12a4b62ee
[2m2025-12-10T10:13:34.478909Z[0m [34mDEBUG[0m [2methereum_transaction_pool_monitor::eth_client[0m[2m:[0m 🔍 Fetching transaction details for hash: 0x10ade786747ee23a5aee98fc0e03b3514814a932622833b6a7c79ec12a4b62ee
[2m2025-12-10T10:13:34.478921Z[0m [34mDEBUG[0m [2mhyper::client::pool[0m[2m:[0m reuse idle connection for ("http", 192.168.0.14:8545)
[2m2025-12-10T10:13:34.478935Z[0m [34mDEBUG[0m [2mhyper::proto::h1::io[0m[2m:[0m flushed 250 bytes
[2m2025-12-10T10:13:34.485203Z[0m [34mDEBUG[0m [2mhyper::proto::h1::io[0m[2m:[0m parsed 4 headers
[2m2025-12-10T10:13:34.485211Z[0m [34mDEBUG[0m [2mhyper::proto::h1::conn[0m[2m:[0m incoming body is content-length (38 bytes)
[2m2025-12-10T10:13:34.485218Z[0m [34mDEBUG[0m [2mhyper::proto::h1::conn[0m[2m:[0m incoming body completed
[2m2025-12-10T10:13:34.485225Z[0m [34mDEBUG[0m [2mhyper::client::pool[0m[2m:[0m pooling idle connection for ("http", 192.168.0.14:8545)
[2m2025-12-10T10:13:34.485232Z[0m [34mDEBUG[0m [2methereum_transaction_pool_monitor::eth_client[0m[2m:[0m 📡 Transaction fetch RPC completed in 6.3185ms
[2m2025-12-10T10:13:34.485240Z[0m [34mDEBUG[0m [2methereum_transaction_pool_monitor::eth_client[0m[2m:[0m ✅ Transaction 0x10ade786747ee23a5aee98fc0e03b3514814a932622833b6a7c79ec12a4b62ee fetched and parsed in 6.326541ms
[2m2025-12-10T10:13:34.485245Z[0m [34mDEBUG[0m [2methereum_transaction_pool_monitor::mempool_monitor[0m[2m:[0m 🔍 Skipping tx 0x10ade786747ee23a5aee98fc0e03b3514814a932622833b6a7c79ec12a4b62ee - contract creation
[2m2025-12-10T10:13:34.485250Z[0m [34mDEBUG[0m [2methereum_transaction_pool_monitor::mempool_monitor[0m[2m:[0m 📨 Processing new pending transaction: 0x5fafa00b0771f9cb4a26f24f7faef1865fe3e5f990acfee39acdac991431ad47
[2m2025-12-10T10:13:34.485254Z[0m [34mDEBUG[0m [2methereum_transaction_pool_monitor::mempool_monitor[0m[2m:[0m 🔍 Fetching transaction details for: 0x5fafa00b0771f9cb4a26f24f7faef1865fe3e5f990acfee39acdac991431ad47
[2m2025-12-10T10:13:34.485258Z[0m [34mDEBUG[0m [2methereum_transaction_pool_monitor::eth_client[0m[2m:[0m 🔍 Fetching transaction details for hash: 0x5fafa00b0771f9cb4a26f24f7faef1865fe3e5f990acfee39acdac991431ad47
[2m2025-12-10T10:13:34.485269Z[0m [34mDEBUG[0m [2mhyper::client::pool[0m[2m:[0m reuse idle connection for ("http", 192.168.0.14:8545)
[2m2025-12-10T10:13:34.485286Z[0m [34mDEBUG[0m [2mhyper::proto::h1::io[0m[2m:[0m flushed 250 bytes
[2m2025-12-10T10:13:34.496367Z[0m [34mDEBUG[0m [2mhyper::proto::h1::io[0m[2m:[0m parsed 4 headers
[2m2025-12-10T10:13:34.496378Z[0m [34mDEBUG[0m [2mhyper::proto::h1::conn[0m[2m:[0m incoming body is content-length (647 bytes)
[2m2025-12-10T10:13:34.496385Z[0m [34mDEBUG[0m [2mhyper::proto::h1::conn[0m[2m:[0m incoming body completed
[2m2025-12-10T10:13:34.496395Z[0m [34mDEBUG[0m [2mhyper::client::pool[0m[2m:[0m pooling idle connection for ("http", 192.168.0.14:8545)
[2m2025-12-10T10:13:34.496401Z[0m [34mDEBUG[0m [2methereum_transaction_pool_monitor::eth_client[0m[2m:[0m 📡 Transaction fetch RPC completed in 11.139916ms
[2m2025-12-10T10:13:34.568056Z[0m [34mDEBUG[0m [2methereum_transaction_pool_monitor::eth_client[0m[2m:[0m ✅ Transaction 0x5fafa00b0771f9cb4a26f24f7faef1865fe3e5f990acfee39acdac991431ad47 fetched and parsed in 82.79175ms
[2m2025-12-10T10:13:34.568081Z[0m [34mDEBUG[0m [2methereum_transaction_pool_monitor::mempool_monitor[0m[2m:[0m 🔍 Skipping tx 0x5fafa00b0771f9cb4a26f24f7faef1865fe3e5f990acfee39acdac991431ad47 - not a DEX interaction (target: 0x72bb8C608c4ea4a887266985e680A04c056f5B2A)
[2m2025-12-10T10:13:34.568122Z[0m [34mDEBUG[0m [2mhyper::client::pool[0m[2m:[0m reuse idle connection for ("http", 192.168.0.14:8545)
[2m2025-12-10T10:13:34.568182Z[0m [34mDEBUG[0m [2mhyper::proto::h1::io[0m[2m:[0m flushed 172 bytes
[2m2025-12-10T10:13:34.568187Z[0m [34mDEBUG[0m [2methereum_transaction_pool_monitor::eth_client[0m[2m:[0m 📨 Received WebSocket message: {"jsonrpc":"2.0","method":"eth_subscription","params":{"subscription":"0xbed0a0851463e895960a451075a301a9","result":"0x192984d9c61992b4468076f9e6aeebd1cdd4e7e33ab9026863d661ef2eaccac6"}}
[2m2025-12-10T10:13:34.568205Z[0m [34mDEBUG[0m [2methereum_transaction_pool_monitor::eth_client[0m[2m:[0m 📨 Received pending transaction: 0x192984d9c61992b4468076f9e6aeebd1cdd4e7e33ab9026863d661ef2eaccac6
[2m2025-12-10T10:13:34.568213Z[0m [34mDEBUG[0m [2methereum_transaction_pool_monitor::mempool_monitor[0m[2m:[0m 📨 Processing new pending transaction: 0x192984d9c61992b4468076f9e6aeebd1cdd4e7e33ab9026863d661ef2eaccac6
[2m2025-12-10T10:13:34.568218Z[0m [34mDEBUG[0m [2methereum_transaction_pool_monitor::mempool_monitor[0m[2m:[0m 🔍 Fetching transaction details for: 0x192984d9c61992b4468076f9e6aeebd1cdd4e7e33ab9026863d661ef2eaccac6
[2m2025-12-10T10:13:34.568222Z[0m [34mDEBUG[0m [2methereum_transaction_pool_monitor::eth_client[0m[2m:[0m 🔍 Fetching transaction details for hash: 0x192984d9c61992b4468076f9e6aeebd1cdd4e7e33ab9026863d661ef2eaccac6
[2m2025-12-10T10:13:34.568232Z[0m [34mDEBUG[0m [2mhyper::client::pool[0m[2m:[0m reuse idle connection for ("http", 192.168.0.14:8545)
[2m2025-12-10T10:13:34.568250Z[0m [34mDEBUG[0m [2mhyper::proto::h1::io[0m[2m:[0m flushed 250 bytes
[2m2025-12-10T10:13:34.571767Z[0m [34mDEBUG[0m [2mhyper::proto::h1::io[0m[2m:[0m parsed 4 headers
[2m2025-12-10T10:13:34.571784Z[0m [34mDEBUG[0m [2mhyper::proto::h1::conn[0m[2m:[0m incoming body is content-length (45 bytes)
[2m2025-12-10T10:13:34.571795Z[0m [34mDEBUG[0m [2mhyper::proto::h1::conn[0m[2m:[0m incoming body completed
[2m2025-12-10T10:13:34.571807Z[0m [34mDEBUG[0m [2mhyper::client::pool[0m[2m:[0m pooling idle connection for ("http", 192.168.0.14:8545)
[2m2025-12-10T10:13:34.573102Z[0m [34mDEBUG[0m [2mhyper::proto::h1::io[0m[2m:[0m parsed 4 headers
[2m2025-12-10T10:13:34.574539Z[0m [34mDEBUG[0m [2mhyper::proto::h1::conn[0m[2m:[0m incoming body is content-length (827 bytes)
[2m2025-12-10T10:13:34.574550Z[0m [34mDEBUG[0m [2mhyper::proto::h1::conn[0m[2m:[0m incoming body completed
[2m2025-12-10T10:13:34.574561Z[0m [34mDEBUG[0m [2mhyper::client::pool[0m[2m:[0m pooling idle connection for ("http", 192.168.0.14:8545)
[2m2025-12-10T10:13:34.574568Z[0m [34mDEBUG[0m [2methereum_transaction_pool_monitor::eth_client[0m[2m:[0m 📡 Transaction fetch RPC completed in 6.342083ms
[2m2025-12-10T10:13:34.648455Z[0m [34mDEBUG[0m [2methereum_transaction_pool_monitor::eth_client[0m[2m:[0m ✅ Transaction 0x192984d9c61992b4468076f9e6aeebd1cdd4e7e33ab9026863d661ef2eaccac6 fetched and parsed in 80.226333ms
[2m2025-12-10T10:13:34.648484Z[0m [34mDEBUG[0m [2methereum_transaction_pool_monitor::mempool_monitor[0m[2m:[0m 🔍 Skipping tx 0x192984d9c61992b4468076f9e6aeebd1cdd4e7e33ab9026863d661ef2eaccac6 - not a DEX interaction (target: 0x51C03A791e0F22D66F17edA5a897c108d5CF7ce7)
[2m2025-12-10T10:13:34.648535Z[0m [34mDEBUG[0m [2mhyper::client::pool[0m[2m:[0m reuse idle connection for ("http", 192.168.0.14:8545)
[2m2025-12-10T10:13:34.648582Z[0m [34mDEBUG[0m [2mhyper::proto::h1::io[0m[2m:[0m flushed 172 bytes
[2m2025-12-10T10:13:34.652039Z[0m [34mDEBUG[0m [2mhyper::proto::h1::io[0m[2m:[0m parsed 4 headers
[2m2025-12-10T10:13:34.652046Z[0m [34mDEBUG[0m [2mhyper::proto::h1::conn[0m[2m:[0m incoming body is content-length (45 bytes)
[2m2025-12-10T10:13:34.652054Z[0m [34mDEBUG[0m [2mhyper::proto::h1::conn[0m[2m:[0m incoming body completed
[2m2025-12-10T10:13:34.652062Z[0m [34mDEBUG[0m [2mhyper::client::pool[0m[2m:[0m pooling idle connection for ("http", 192.168.0.14:8545)
[2m2025-12-10T10:13:34.699125Z[0m [34mDEBUG[0m [2mhyper::client::pool[0m[2m:[0m reuse idle connection for ("http", 192.168.0.14:8545)
[2m2025-12-10T10:13:34.699245Z[0m [34mDEBUG[0m [2mhyper::proto::h1::io[0m[2m:[0m flushed 172 bytes
[2m2025-12-10T10:13:34.702237Z[0m [34mDEBUG[0m [2mhyper::proto::h1::io[0m[2m:[0m parsed 4 headers
[2m2025-12-10T10:13:34.702282Z[0m [34mDEBUG[0m [2mhyper::proto::h1::conn[0m[2m:[0m incoming body is content-length (45 bytes)
[2m2025-12-10T10:13:34.702314Z[0m [34mDEBUG[0m [2mhyper::proto::h1::conn[0m[2m:[0m incoming body completed
[2m2025-12-10T10:13:34.702362Z[0m [34mDEBUG[0m [2mhyper::client::pool[0m[2m:[0m pooling idle connection for ("http", 192.168.0.14:8545)
[2m2025-12-10T10:13:34.779148Z[0m [34mDEBUG[0m [2methereum_transaction_pool_monitor::eth_client[0m[2m:[0m 📨 Received WebSocket message: {"jsonrpc":"2.0","method":"eth_subscription","params":{"subscription":"0xbed0a0851463e895960a451075a301a9","result":"0x25130e019bddf2eb152dcc6a0db72a46c7d65628cfbb1ee585f3e570a7eef44d"}}
[2m2025-12-10T10:13:34.779169Z[0m [34mDEBUG[0m [2methereum_transaction_pool_monitor::eth_client[0m[2m:[0m 📨 Received pending transaction: 0x25130e019bddf2eb152dcc6a0db72a46c7d65628cfbb1ee585f3e570a7eef44d
[2m2025-12-10T10:13:34.779178Z[0m [34mDEBUG[0m [2methereum_transaction_pool_monitor::mempool_monitor[0m[2m:[0m 📨 Processing new pending transaction: 0x25130e019bddf2eb152dcc6a0db72a46c7d65628cfbb1ee585f3e570a7eef44d
[2m2025-12-10T10:13:34.779182Z[0m [34mDEBUG[0m [2methereum_transaction_pool_monitor::mempool_monitor[0m[2m:[0m 🔍 Fetching transaction details for: 0x25130e019bddf2eb152dcc6a0db72a46c7d65628cfbb1ee585f3e570a7eef44d
[2m2025-12-10T10:13:34.779186Z[0m [34mDEBUG[0m [2methereum_transaction_pool_monitor::eth_client[0m[2m:[0m 🔍 Fetching transaction details for hash: 0x25130e019bddf2eb152dcc6a0db72a46c7d65628cfbb1ee585f3e570a7eef44d
[2m2025-12-10T10:13:34.779209Z[0m [34mDEBUG[0m [2mhyper::client::pool[0m[2m:[0m reuse idle connection for ("http", 192.168.0.14:8545)
[2m2025-12-10T10:13:34.779238Z[0m [34mDEBUG[0m [2mhyper::proto::h1::io[0m[2m:[0m flushed 250 bytes
[2m2025-12-10T10:13:34.783215Z[0m [34mDEBUG[0m [2mhyper::proto::h1::io[0m[2m:[0m parsed 4 headers
[2m2025-12-10T10:13:34.783229Z[0m [34mDEBUG[0m [2mhyper::proto::h1::conn[0m[2m:[0m incoming body is content-length (1294 bytes)
[2m2025-12-10T10:13:34.783239Z[0m [34mDEBUG[0m [2mhyper::proto::h1::conn[0m[2m:[0m incoming body completed
[2m2025-12-10T10:13:34.783250Z[0m [34mDEBUG[0m [2mhyper::client::pool[0m[2m:[0m pooling idle connection for ("http", 192.168.0.14:8545)
[2m2025-12-10T10:13:34.783258Z[0m [34mDEBUG[0m [2methereum_transaction_pool_monitor::eth_client[0m[2m:[0m 📡 Transaction fetch RPC completed in 4.068375ms
[2m2025-12-10T10:13:34.855482Z[0m [34mDEBUG[0m [2methereum_transaction_pool_monitor::eth_client[0m[2m:[0m ✅ Transaction 0x25130e019bddf2eb152dcc6a0db72a46c7d65628cfbb1ee585f3e570a7eef44d fetched and parsed in 76.287959ms
[2m2025-12-10T10:13:34.855510Z[0m [34mDEBUG[0m [2methereum_transaction_pool_monitor::mempool_monitor[0m[2m:[0m 🔍 Skipping tx 0x25130e019bddf2eb152dcc6a0db72a46c7d65628cfbb1ee585f3e570a7eef44d - not a DEX interaction (target: 0x5050e08626c499411B5D0E0b5AF0E83d3fD82EDF)
[2m2025-12-10T10:13:34.855565Z[0m [34mDEBUG[0m [2mhyper::client::pool[0m[2m:[0m reuse idle connection for ("http", 192.168.0.14:8545)
[2m2025-12-10T10:13:34.855610Z[0m [34mDEBUG[0m [2mhyper::proto::h1::io[0m[2m:[0m flushed 172 bytes
[2m2025-12-10T10:13:34.858708Z[0m [34mDEBUG[0m [2mhyper::proto::h1::io[0m[2m:[0m parsed 4 headers
[2m2025-12-10T10:13:34.858715Z[0m [34mDEBUG[0m [2mhyper::proto::h1::conn[0m[2m:[0m incoming body is content-length (45 bytes)
[2m2025-12-10T10:13:34.858722Z[0m [34mDEBUG[0m [2mhyper::proto::h1::conn[0m[2m:[0m incoming body completed
[2m2025-12-10T10:13:34.858730Z[0m [34mDEBUG[0m [2mhyper::client::pool[0m[2m:[0m pooling idle connection for ("http", 192.168.0.14:8545)
[2m2025-12-10T10:13:34.899770Z[0m [34mDEBUG[0m [2mhyper::client::pool[0m[2m:[0m reuse idle connection for ("http", 192.168.0.14:8545)
[2m2025-12-10T10:13:34.899809Z[0m [34mDEBUG[0m [2mhyper::proto::h1::io[0m[2m:[0m flushed 172 bytes
[2m2025-12-10T10:13:34.902796Z[0m [34mDEBUG[0m [2mhyper::proto::h1::io[0m[2m:[0m parsed 4 headers
[2m2025-12-10T10:13:34.902804Z[0m [34mDEBUG[0m [2mhyper::proto::h1::conn[0m[2m:[0m incoming body is content-length (45 bytes)
[2m2025-12-10T10:13:34.902810Z[0m [34mDEBUG[0m [2mhyper::proto::h1::conn[0m[2m:[0m incoming body completed
[2m2025-12-10T10:13:34.902818Z[0m [34mDEBUG[0m [2mhyper::client::pool[0m[2m:[0m pooling idle connection for ("http", 192.168.0.14:8545)
[2m2025-12-10T10:13:34.909808Z[0m [34mDEBUG[0m [2methereum_transaction_pool_monitor::eth_client[0m[2m:[0m 📨 Received WebSocket message: {"jsonrpc":"2.0","method":"eth_subscription","params":{"subscription":"0xbed0a0851463e895960a451075a301a9","result":"0x7b3437f6c9620e58c4b8cce5bf51742759fbb0cb42ba9e0e5a0cc98324364159"}}
[2m2025-12-10T10:13:34.909817Z[0m [34mDEBUG[0m [2methereum_transaction_pool_monitor::eth_client[0m[2m:[0m 📨 Received pending transaction: 0x7b3437f6c9620e58c4b8cce5bf51742759fbb0cb42ba9e0e5a0cc98324364159
[2m2025-12-10T10:13:34.909824Z[0m [34mDEBUG[0m [2methereum_transaction_pool_monitor::mempool_monitor[0m[2m:[0m 📨 Processing new pending transaction: 0x7b3437f6c9620e58c4b8cce5bf51742759fbb0cb42ba9e0e5a0cc98324364159
[2m2025-12-10T10:13:34.909828Z[0m [34mDEBUG[0m [2methereum_transaction_pool_monitor::mempool_monitor[0m[2m:[0m 🔍 Fetching transaction details for: 0x7b3437f6c9620e58c4b8cce5bf51742759fbb0cb42ba9e0e5a0cc98324364159
[2m2025-12-10T10:13:34.909831Z[0m [34mDEBUG[0m [2methereum_transaction_pool_monitor::eth_client[0m[2m:[0m 🔍 Fetching transaction details for hash: 0x7b3437f6c9620e58c4b8cce5bf51742759fbb0cb42ba9e0e5a0cc98324364159
[2m2025-12-10T10:13:34.909843Z[0m [34mDEBUG[0m [2mhyper::client::pool[0m[2m:[0m reuse idle connection for ("http", 192.168.0.14:8545)
[2m2025-12-10T10:13:34.909857Z[0m [34mDEBUG[0m [2mhyper::proto::h1::io[0m[2m:[0m flushed 250 bytes
[2m2025-12-10T10:13:34.917928Z[0m [34mDEBUG[0m [2mhyper::proto::h1::io[0m[2m:[0m parsed 4 headers
[2m2025-12-10T10:13:34.917934Z[0m [34mDEBUG[0m [2mhyper::proto::h1::conn[0m[2m:[0m incoming body is content-length (770 bytes)
[2m2025-12-10T10:13:34.917939Z[0m [34mDEBUG[0m [2mhyper::proto::h1::conn[0m[2m:[0m incoming body completed
[2m2025-12-10T10:13:34.917946Z[0m [34mDEBUG[0m [2mhyper::client::pool[0m[2m:[0m pooling idle connection for ("http", 192.168.0.14:8545)
[2m2025-12-10T10:13:34.917951Z[0m [34mDEBUG[0m [2methereum_transaction_pool_monitor::eth_client[0m[2m:[0m 📡 Transaction fetch RPC completed in 8.116ms
[2m2025-12-10T10:13:34.990466Z[0m [34mDEBUG[0m [2methereum_transaction_pool_monitor::eth_client[0m[2m:[0m ✅ Transaction 0x7b3437f6c9620e58c4b8cce5bf51742759fbb0cb42ba9e0e5a0cc98324364159 fetched and parsed in 80.628625ms
[2m2025-12-10T10:13:34.990495Z[0m [34mDEBUG[0m [2methereum_transaction_pool_monitor::mempool_monitor[0m[2m:[0m 🔍 Skipping tx 0x7b3437f6c9620e58c4b8cce5bf51742759fbb0cb42ba9e0e5a0cc98324364159 - not a DEX interaction (target: 0xA0b86991c6218b36c1d19D4a2e9Eb0cE3606eB48)
[2m2025-12-10T10:13:34.990539Z[0m [34mDEBUG[0m [2methereum_transaction_pool_monitor::eth_client[0m[2m:[0m 📨 Received WebSocket message: {"jsonrpc":"2.0","method":"eth_subscription","params":{"subscription":"0xbed0a0851463e895960a451075a301a9","result":"0x5d285b90e17526ab079f7241b017774011a1d7dc7a5f8cdad268dd1a0d9fde22"}}
[2m2025-12-10T10:13:34.990549Z[0m [34mDEBUG[0m [2methereum_transaction_pool_monitor::eth_client[0m[2m:[0m 📨 Received pending transaction: 0x5d285b90e17526ab079f7241b017774011a1d7dc7a5f8cdad268dd1a0d9fde22
[2m2025-12-10T10:13:34.990555Z[0m [34mDEBUG[0m [2methereum_transaction_pool_monitor::eth_client[0m[2m:[0m 📨 Received WebSocket message: {"jsonrpc":"2.0","method":"eth_subscription","params":{"subscription":"0xbed0a0851463e895960a451075a301a9","result":"0xefc65d43163f678517c8b24d9b7ee0be8bd58ca530e27c057ef4e6d1c4674881"}}
[2m2025-12-10T10:13:34.990560Z[0m [34mDEBUG[0m [2methereum_transaction_pool_monitor::eth_client[0m[2m:[0m 📨 Received pending transaction: 0xefc65d43163f678517c8b24d9b7ee0be8bd58ca530e27c057ef4e6d1c4674881
[2m2025-12-10T10:13:34.990566Z[0m [34mDEBUG[0m [2methereum_transaction_pool_monitor::eth_client[0m[2m:[0m 📨 Received WebSocket message: {"jsonrpc":"2.0","method":"eth_subscription","params":{"subscription":"0xbed0a0851463e895960a451075a301a9","result":"0xdbea8550b354a4765b5a3cb99110a336c2e8734d42be5704a593fbc1108bd240"}}
[2m2025-12-10T10:13:34.990576Z[0m [34mDEBUG[0m [2methereum_transaction_pool_monitor::eth_client[0m[2m:[0m 📨 Received pending transaction: 0xdbea8550b354a4765b5a3cb99110a336c2e8734d42be5704a593fbc1108bd240
[2m2025-12-10T10:13:34.990582Z[0m [34mDEBUG[0m [2methereum_transaction_pool_monitor::mempool_monitor[0m[2m:[0m 📨 Processing new pending transaction: 0x5d285b90e17526ab079f7241b017774011a1d7dc7a5f8cdad268dd1a0d9fde22
[2m2025-12-10T10:13:34.990587Z[0m [34mDEBUG[0m [2methereum_transaction_pool_monitor::mempool_monitor[0m[2m:[0m 🔍 Fetching transaction details for: 0x5d285b90e17526ab079f7241b017774011a1d7dc7a5f8cdad268dd1a0d9fde22
[2m2025-12-10T10:13:34.990591Z[0m [34mDEBUG[0m [2methereum_transaction_pool_monitor::eth_client[0m[2m:[0m 🔍 Fetching transaction details for hash: 0x5d285b90e17526ab079f7241b017774011a1d7dc7a5f8cdad268dd1a0d9fde22
[2m2025-12-10T10:13:34.990613Z[0m [34mDEBUG[0m [2mhyper::client::pool[0m[2m:[0m reuse idle connection for ("http", 192.168.0.14:8545)
[2m2025-12-10T10:13:34.990636Z[0m [34mDEBUG[0m [2mhyper::proto::h1::io[0m[2m:[0m flushed 250 bytes
[2m2025-12-10T10:13:34.995944Z[0m [34mDEBUG[0m [2mhyper::proto::h1::io[0m[2m:[0m parsed 4 headers
[2m2025-12-10T10:13:34.995949Z[0m [34mDEBUG[0m [2mhyper::proto::h1::conn[0m[2m:[0m incoming body is content-length (1731 bytes)
[2m2025-12-10T10:13:34.995962Z[0m [34mDEBUG[0m [2methereum_transaction_pool_monitor::eth_client[0m[2m:[0m 📡 Transaction fetch RPC completed in 5.366834ms
[2m2025-12-10T10:13:34.996557Z[0m [34mDEBUG[0m [2mhyper::proto::h1::conn[0m[2m:[0m incoming body completed
[2m2025-12-10T10:13:34.996565Z[0m [34mDEBUG[0m [2mhyper::client::pool[0m[2m:[0m pooling idle connection for ("http", 192.168.0.14:8545)
[2m2025-12-10T10:13:34.998656Z[0m [34mDEBUG[0m [2mhyper::client::pool[0m[2m:[0m reuse idle connection for ("http", 192.168.0.14:8545)
[2m2025-12-10T10:13:34.998676Z[0m [34mDEBUG[0m [2mhyper::proto::h1::io[0m[2m:[0m flushed 172 bytes
[2m2025-12-10T10:13:35.004100Z[0m [34mDEBUG[0m [2mhyper::proto::h1::io[0m[2m:[0m parsed 4 headers
[2m2025-12-10T10:13:35.004133Z[0m [34mDEBUG[0m [2mhyper::proto::h1::conn[0m[2m:[0m incoming body is content-length (45 bytes)
[2m2025-12-10T10:13:35.004147Z[0m [34mDEBUG[0m [2mhyper::proto::h1::conn[0m[2m:[0m incoming body completed
[2m2025-12-10T10:13:35.004163Z[0m [34mDEBUG[0m [2mhyper::client::pool[0m[2m:[0m pooling idle connection for ("http", 192.168.0.14:8545)
[2m2025-12-10T10:13:35.068448Z[0m [34mDEBUG[0m [2methereum_transaction_pool_monitor::eth_client[0m[2m:[0m ✅ Transaction 0x5d285b90e17526ab079f7241b017774011a1d7dc7a5f8cdad268dd1a0d9fde22 fetched and parsed in 77.850459ms
[2m2025-12-10T10:13:35.068478Z[0m [34mDEBUG[0m [2methereum_transaction_pool_monitor::mempool_monitor[0m[2m:[0m 🔍 Skipping tx 0x5d285b90e17526ab079f7241b017774011a1d7dc7a5f8cdad268dd1a0d9fde22 - not a DEX interaction (target: 0x601a2aD6CB5949f0529735254189Ba3194221EDF)
[2m2025-12-10T10:13:35.068488Z[0m [34mDEBUG[0m [2methereum_transaction_pool_monitor::mempool_monitor[0m[2m:[0m 📨 Processing new pending transaction: 0xefc65d43163f678517c8b24d9b7ee0be8bd58ca530e27c057ef4e6d1c4674881
[2m2025-12-10T10:13:35.068501Z[0m [34mDEBUG[0m [2methereum_transaction_pool_monitor::mempool_monitor[0m[2m:[0m 🔍 Fetching transaction details for: 0xefc65d43163f678517c8b24d9b7ee0be8bd58ca530e27c057ef4e6d1c4674881
[2m2025-12-10T10:13:35.068506Z[0m [34mDEBUG[0m [2methereum_transaction_pool_monitor::eth_client[0m[2m:[0m 🔍 Fetching transaction details for hash: 0xefc65d43163f678517c8b24d9b7ee0be8bd58ca530e27c057ef4e6d1c4674881
[2m2025-12-10T10:13:35.068528Z[0m [34mDEBUG[0m [2mhyper::client::pool[0m[2m:[0m reuse idle connection for ("http", 192.168.0.14:8545)
[2m2025-12-10T10:13:35.068567Z[0m [34mDEBUG[0m [2mhyper::proto::h1::io[0m[2m:[0m flushed 250 bytes
[2m2025-12-10T10:13:35.072660Z[0m [34mDEBUG[0m [2mhyper::proto::h1::io[0m[2m:[0m parsed 4 headers
[2m2025-12-10T10:13:35.072669Z[0m [34mDEBUG[0m [2mhyper::proto::h1::conn[0m[2m:[0m incoming body is content-length (1731 bytes)
[2m2025-12-10T10:13:35.072676Z[0m [34mDEBUG[0m [2mhyper::proto::h1::conn[0m[2m:[0m incoming body completed
[2m2025-12-10T10:13:35.072684Z[0m [34mDEBUG[0m [2mhyper::client::pool[0m[2m:[0m pooling idle connection for ("http", 192.168.0.14:8545)
[2m2025-12-10T10:13:35.072690Z[0m [34mDEBUG[0m [2methereum_transaction_pool_monitor::eth_client[0m[2m:[0m 📡 Transaction fetch RPC completed in 4.176667ms
[2m2025-12-10T10:13:35.144783Z[0m [34mDEBUG[0m [2methereum_transaction_pool_monitor::eth_client[0m[2m:[0m ✅ Transaction 0xefc65d43163f678517c8b24d9b7ee0be8bd58ca530e27c057ef4e6d1c4674881 fetched and parsed in 76.266917ms
[2m2025-12-10T10:13:35.144808Z[0m [34mDEBUG[0m [2methereum_transaction_pool_monitor::mempool_monitor[0m[2m:[0m 🔍 Skipping tx 0xefc65d43163f678517c8b24d9b7ee0be8bd58ca530e27c057ef4e6d1c4674881 - not a DEX interaction (target: 0x601a2aD6CB5949f0529735254189Ba3194221EDF)
[2m2025-12-10T10:13:35.144819Z[0m [34mDEBUG[0m [2methereum_transaction_pool_monitor::mempool_monitor[0m[2m:[0m 📨 Processing new pending transaction: 0xdbea8550b354a4765b5a3cb99110a336c2e8734d42be5704a593fbc1108bd240
[2m2025-12-10T10:13:35.144825Z[0m [34mDEBUG[0m [2methereum_transaction_pool_monitor::mempool_monitor[0m[2m:[0m 🔍 Fetching transaction details for: 0xdbea8550b354a4765b5a3cb99110a336c2e8734d42be5704a593fbc1108bd240
[2m2025-12-10T10:13:35.144829Z[0m [34mDEBUG[0m [2methereum_transaction_pool_monitor::eth_client[0m[2m:[0m 🔍 Fetching transaction details for hash: 0xdbea8550b354a4765b5a3cb99110a336c2e8734d42be5704a593fbc1108bd240
[2m2025-12-10T10:13:35.144853Z[0m [34mDEBUG[0m [2mhyper::client::pool[0m[2m:[0m reuse idle connection for ("http", 192.168.0.14:8545)
[2m2025-12-10T10:13:35.144893Z[0m [34mDEBUG[0m [2mhyper::proto::h1::io[0m[2m:[0m flushed 250 bytes
[2m2025-12-10T10:13:35.144912Z[0m [34mDEBUG[0m [2mhyper::client::pool[0m[2m:[0m reuse idle connection for ("http", 192.168.0.14:8545)
[2m2025-12-10T10:13:35.144922Z[0m [34mDEBUG[0m [2methereum_transaction_pool_monitor::eth_client[0m[2m:[0m 📨 Received WebSocket message: {"jsonrpc":"2.0","method":"eth_subscription","params":{"subscription":"0xbed0a0851463e895960a451075a301a9","result":"0x6554d14c31ae8e0db2485add0e20bb14263b12c1c35af096244a95352339d266"}}
[2m2025-12-10T10:13:35.144926Z[0m [34mDEBUG[0m [2mhyper::proto::h1::io[0m[2m:[0m flushed 172 bytes
[2m2025-12-10T10:13:35.144933Z[0m [34mDEBUG[0m [2methereum_transaction_pool_monitor::eth_client[0m[2m:[0m 📨 Received pending transaction: 0x6554d14c31ae8e0db2485add0e20bb14263b12c1c35af096244a95352339d266
[2m2025-12-10T10:13:35.148907Z[0m [34mDEBUG[0m [2methereum_transaction_pool_monitor::eth_client[0m[2m:[0m 📨 Received WebSocket message: {"jsonrpc":"2.0","method":"eth_subscription","params":{"subscription":"0xbed0a0851463e895960a451075a301a9","result":"0x4561a508f7390716015d60172a64a08c2aaa19dbef56f6116826bfc9368f474e"}}
[2m2025-12-10T10:13:35.148915Z[0m [34mDEBUG[0m [2methereum_transaction_pool_monitor::eth_client[0m[2m:[0m 📨 Received pending transaction: 0x4561a508f7390716015d60172a64a08c2aaa19dbef56f6116826bfc9368f474e
[2m2025-12-10T10:13:35.149641Z[0m [34mDEBUG[0m [2mhyper::proto::h1::io[0m[2m:[0m parsed 4 headers
[2m2025-12-10T10:13:35.149646Z[0m [34mDEBUG[0m [2mhyper::proto::h1::conn[0m[2m:[0m incoming body is content-length (45 bytes)
[2m2025-12-10T10:13:35.149654Z[0m [34mDEBUG[0m [2mhyper::proto::h1::conn[0m[2m:[0m incoming body completed
[2m2025-12-10T10:13:35.149664Z[0m [34mDEBUG[0m [2mhyper::client::pool[0m[2m:[0m pooling idle connection for ("http", 192.168.0.14:8545)
[2m2025-12-10T10:13:35.149680Z[0m [34mDEBUG[0m [2mhyper::proto::h1::io[0m[2m:[0m parsed 4 headers
[2m2025-12-10T10:13:35.149684Z[0m [34mDEBUG[0m [2mhyper::proto::h1::conn[0m[2m:[0m incoming body is content-length (830 bytes)
[2m2025-12-10T10:13:35.149693Z[0m [34mDEBUG[0m [2mhyper::proto::h1::conn[0m[2m:[0m incoming body completed
[2m2025-12-10T10:13:35.149698Z[0m [34mDEBUG[0m [2mhyper::client::pool[0m[2m:[0m pooling idle connection for ("http", 192.168.0.14:8545)
[2m2025-12-10T10:13:35.149703Z[0m [34mDEBUG[0m [2methereum_transaction_pool_monitor::eth_client[0m[2m:[0m 📡 Transaction fetch RPC completed in 4.869917ms
[2m2025-12-10T10:13:35.222569Z[0m [34mDEBUG[0m [2methereum_transaction_pool_monitor::eth_client[0m[2m:[0m ✅ Transaction 0xdbea8550b354a4765b5a3cb99110a336c2e8734d42be5704a593fbc1108bd240 fetched and parsed in 77.733042ms
[2m2025-12-10T10:13:35.222601Z[0m [34mDEBUG[0m [2methereum_transaction_pool_monitor::mempool_monitor[0m[2m:[0m 🔍 Skipping tx 0xdbea8550b354a4765b5a3cb99110a336c2e8734d42be5704a593fbc1108bd240 - not a DEX interaction (target: 0x3B4D794a66304F130a4Db8F2551B0070dfCf5ca7)
[2m2025-12-10T10:13:35.222613Z[0m [34mDEBUG[0m [2methereum_transaction_pool_monitor::mempool_monitor[0m[2m:[0m 📨 Processing new pending transaction: 0x6554d14c31ae8e0db2485add0e20bb14263b12c1c35af096244a95352339d266
[2m2025-12-10T10:13:35.222622Z[0m [34mDEBUG[0m [2methereum_transaction_pool_monitor::mempool_monitor[0m[2m:[0m 🔍 Fetching transaction details for: 0x6554d14c31ae8e0db2485add0e20bb14263b12c1c35af096244a95352339d266
[2m2025-12-10T10:13:35.222628Z[0m [34mDEBUG[0m [2methereum_transaction_pool_monitor::eth_client[0m[2m:[0m 🔍 Fetching transaction details for hash: 0x6554d14c31ae8e0db2485add0e20bb14263b12c1c35af096244a95352339d266
[2m2025-12-10T10:13:35.222656Z[0m [34mDEBUG[0m [2mhyper::client::pool[0m[2m:[0m reuse idle connection for ("http", 192.168.0.14:8545)
[2m2025-12-10T10:13:35.222695Z[0m [34mDEBUG[0m [2mhyper::proto::h1::io[0m[2m:[0m flushed 250 bytes
[2m2025-12-10T10:13:35.222718Z[0m [34mDEBUG[0m [2mhyper::client::pool[0m[2m:[0m reuse idle connection for ("http", 192.168.0.14:8545)
[2m2025-12-10T10:13:35.222734Z[0m [34mDEBUG[0m [2mhyper::proto::h1::io[0m[2m:[0m flushed 172 bytes
[2m2025-12-10T10:13:35.222746Z[0m [34mDEBUG[0m [2methereum_transaction_pool_monitor::eth_client[0m[2m:[0m 📨 Received WebSocket message: {"jsonrpc":"2.0","method":"eth_subscription","params":{"subscription":"0xbed0a0851463e895960a451075a301a9","result":"0x4703f1f202dd8b1cd439e938477831bb9c79f960f02e91f12a1367298af6c64b"}}
[2m2025-12-10T10:13:35.222755Z[0m [34mDEBUG[0m [2methereum_transaction_pool_monitor::eth_client[0m[2m:[0m 📨 Received pending transaction: 0x4703f1f202dd8b1cd439e938477831bb9c79f960f02e91f12a1367298af6c64b
[2m2025-12-10T10:13:35.225853Z[0m [34mDEBUG[0m [2mhyper::proto::h1::io[0m[2m:[0m parsed 4 headers
[2m2025-12-10T10:13:35.225866Z[0m [34mDEBUG[0m [2mhyper::proto::h1::conn[0m[2m:[0m incoming body is content-length (45 bytes)
[2m2025-12-10T10:13:35.225875Z[0m [34mDEBUG[0m [2mhyper::proto::h1::conn[0m[2m:[0m incoming body completed
[2m2025-12-10T10:13:35.225885Z[0m [34mDEBUG[0m [2mhyper::client::pool[0m[2m:[0m pooling idle connection for ("http", 192.168.0.14:8545)
[2m2025-12-10T10:13:35.226554Z[0m [34mDEBUG[0m [2mhyper::proto::h1::io[0m[2m:[0m parsed 4 headers
[2m2025-12-10T10:13:35.226560Z[0m [34mDEBUG[0m [2mhyper::proto::h1::conn[0m[2m:[0m incoming body is content-length (769 bytes)
[2m2025-12-10T10:13:35.226566Z[0m [34mDEBUG[0m [2mhyper::proto::h1::conn[0m[2m:[0m incoming body completed
[2m2025-12-10T10:13:35.226572Z[0m [34mDEBUG[0m [2mhyper::client::pool[0m[2m:[0m pooling idle connection for ("http", 192.168.0.14:8545)
[2m2025-12-10T10:13:35.226579Z[0m [34mDEBUG[0m [2methereum_transaction_pool_monitor::eth_client[0m[2m:[0m 📡 Transaction fetch RPC completed in 3.943875ms
[2m2025-12-10T10:13:35.226593Z[0m [34mDEBUG[0m [2methereum_transaction_pool_monitor::eth_client[0m[2m:[0m DeFi transaction detected - Address: 0xdac17f958d2ee523a2206206994597c13d831ec7, Type: Stablecoin, Value: 0 ETH, Gas: 0.21 Gwei
[2m2025-12-10T10:13:35.226607Z[0m [34mDEBUG[0m [2methereum_transaction_pool_monitor::eth_client[0m[2m:[0m ✅ Transaction 0x6554d14c31ae8e0db2485add0e20bb14263b12c1c35af096244a95352339d266 fetched and parsed in 3.971542ms
[2m2025-12-10T10:13:35.226621Z[0m [34mDEBUG[0m [2methereum_transaction_pool_monitor::mempool_monitor[0m[2m:[0m 🔍 Skipping tx 0x6554d14c31ae8e0db2485add0e20bb14263b12c1c35af096244a95352339d266 - not a DEX interaction (target: 0xdAC17F958D2ee523a2206206994597C13D831ec7)
[2m2025-12-10T10:13:35.226629Z[0m [34mDEBUG[0m [2methereum_transaction_pool_monitor::mempool_monitor[0m[2m:[0m 📨 Processing new pending transaction: 0x4561a508f7390716015d60172a64a08c2aaa19dbef56f6116826bfc9368f474e
[2m2025-12-10T10:13:35.226634Z[0m [34mDEBUG[0m [2methereum_transaction_pool_monitor::mempool_monitor[0m[2m:[0m 🔍 Fetching transaction details for: 0x4561a508f7390716015d60172a64a08c2aaa19dbef56f6116826bfc9368f474e
[2m2025-12-10T10:13:35.226638Z[0m [34mDEBUG[0m [2methereum_transaction_pool_monitor::eth_client[0m[2m:[0m 🔍 Fetching transaction details for hash: 0x4561a508f7390716015d60172a64a08c2aaa19dbef56f6116826bfc9368f474e
[2m2025-12-10T10:13:35.226656Z[0m [34mDEBUG[0m [2mhyper::client::pool[0m[2m:[0m reuse idle connection for ("http", 192.168.0.14:8545)
[2m2025-12-10T10:13:35.226675Z[0m [34mDEBUG[0m [2mhyper::proto::h1::io[0m[2m:[0m flushed 250 bytes
[2m2025-12-10T10:13:35.231959Z[0m [34mDEBUG[0m [2mhyper::proto::h1::io[0m[2m:[0m parsed 4 headers
[2m2025-12-10T10:13:35.231967Z[0m [34mDEBUG[0m [2mhyper::proto::h1::conn[0m[2m:[0m incoming body is content-length (1732 bytes)
[2m2025-12-10T10:13:35.231972Z[0m [34mDEBUG[0m [2mhyper::proto::h1::conn[0m[2m:[0m incoming body completed
[2m2025-12-10T10:13:35.231978Z[0m [34mDEBUG[0m [2mhyper::client::pool[0m[2m:[0m pooling idle connection for ("http", 192.168.0.14:8545)
[2m2025-12-10T10:13:35.231983Z[0m [34mDEBUG[0m [2methereum_transaction_pool_monitor::eth_client[0m[2m:[0m 📡 Transaction fetch RPC completed in 5.341458ms
[2m2025-12-10T10:13:35.304067Z[0m [34mDEBUG[0m [2methereum_transaction_pool_monitor::eth_client[0m[2m:[0m ✅ Transaction 0x4561a508f7390716015d60172a64a08c2aaa19dbef56f6116826bfc9368f474e fetched and parsed in 77.422042ms
[2m2025-12-10T10:13:35.304088Z[0m [34mDEBUG[0m [2methereum_transaction_pool_monitor::mempool_monitor[0m[2m:[0m 🔍 Skipping tx 0x4561a508f7390716015d60172a64a08c2aaa19dbef56f6116826bfc9368f474e - not a DEX interaction (target: 0x601a2aD6CB5949f0529735254189Ba3194221EDF)
[2m2025-12-10T10:13:35.304099Z[0m [34mDEBUG[0m [2methereum_transaction_pool_monitor::mempool_monitor[0m[2m:[0m 📨 Processing new pending transaction: 0x4703f1f202dd8b1cd439e938477831bb9c79f960f02e91f12a1367298af6c64b
[2m2025-12-10T10:13:35.304105Z[0m [34mDEBUG[0m [2methereum_transaction_pool_monitor::mempool_monitor[0m[2m:[0m 🔍 Fetching transaction details for: 0x4703f1f202dd8b1cd439e938477831bb9c79f960f02e91f12a1367298af6c64b
[2m2025-12-10T10:13:35.304109Z[0m [34mDEBUG[0m [2methereum_transaction_pool_monitor::eth_client[0m[2m:[0m 🔍 Fetching transaction details for hash: 0x4703f1f202dd8b1cd439e938477831bb9c79f960f02e91f12a1367298af6c64b
[2m2025-12-10T10:13:35.304129Z[0m [34mDEBUG[0m [2mhyper::client::pool[0m[2m:[0m reuse idle connection for ("http", 192.168.0.14:8545)
[2m2025-12-10T10:13:35.304152Z[0m [34mDEBUG[0m [2mhyper::proto::h1::io[0m[2m:[0m flushed 250 bytes
[2m2025-12-10T10:13:35.304169Z[0m [34mDEBUG[0m [2mhyper::client::pool[0m[2m:[0m reuse idle connection for ("http", 192.168.0.14:8545)
[2m2025-12-10T10:13:35.304183Z[0m [34mDEBUG[0m [2mhyper::proto::h1::io[0m[2m:[0m flushed 172 bytes
[2m2025-12-10T10:13:35.304183Z[0m [34mDEBUG[0m [2methereum_transaction_pool_monitor::eth_client[0m[2m:[0m 📨 Received WebSocket message: {"jsonrpc":"2.0","method":"eth_subscription","params":{"subscription":"0xbed0a0851463e895960a451075a301a9","result":"0x610b499a2d006cedbc2c8f5641b71ae77f3925bb55aa0b7b8a778d8fe75f2957"}}
[2m2025-12-10T10:13:35.304200Z[0m [34mDEBUG[0m [2methereum_transaction_pool_monitor::eth_client[0m[2m:[0m 📨 Received pending transaction: 0x610b499a2d006cedbc2c8f5641b71ae77f3925bb55aa0b7b8a778d8fe75f2957
[2m2025-12-10T10:13:35.311409Z[0m [34mDEBUG[0m [2mhyper::proto::h1::io[0m[2m:[0m parsed 4 headers
[2m2025-12-10T10:13:35.311413Z[0m [34mDEBUG[0m [2mhyper::proto::h1::conn[0m[2m:[0m incoming body is content-length (1729 bytes)
[2m2025-12-10T10:13:35.311422Z[0m [34mDEBUG[0m [2mhyper::proto::h1::conn[0m[2m:[0m incoming body completed
[2m2025-12-10T10:13:35.311430Z[0m [34mDEBUG[0m [2mhyper::client::pool[0m[2m:[0m pooling idle connection for ("http", 192.168.0.14:8545)
[2m2025-12-10T10:13:35.311436Z[0m [34mDEBUG[0m [2methereum_transaction_pool_monitor::eth_client[0m[2m:[0m 📡 Transaction fetch RPC completed in 7.321458ms
[2m2025-12-10T10:13:35.383937Z[0m [34mDEBUG[0m [2methereum_transaction_pool_monitor::eth_client[0m[2m:[0m ✅ Transaction 0x4703f1f202dd8b1cd439e938477831bb9c79f960f02e91f12a1367298af6c64b fetched and parsed in 79.819375ms
[2m2025-12-10T10:13:35.383958Z[0m [34mDEBUG[0m [2methereum_transaction_pool_monitor::mempool_monitor[0m[2m:[0m 🔍 Skipping tx 0x4703f1f202dd8b1cd439e938477831bb9c79f960f02e91f12a1367298af6c64b - not a DEX interaction (target: 0x601a2aD6CB5949f0529735254189Ba3194221EDF)
[2m2025-12-10T10:13:35.383969Z[0m [34mDEBUG[0m [2methereum_transaction_pool_monitor::mempool_monitor[0m[2m:[0m 📨 Processing new pending transaction: 0x610b499a2d006cedbc2c8f5641b71ae77f3925bb55aa0b7b8a778d8fe75f2957
[2m2025-12-10T10:13:35.383974Z[0m [34mDEBUG[0m [2methereum_transaction_pool_monitor::mempool_monitor[0m[2m:[0m 🔍 Fetching transaction details for: 0x610b499a2d006cedbc2c8f5641b71ae77f3925bb55aa0b7b8a778d8fe75f2957
[2m2025-12-10T10:13:35.383978Z[0m [34mDEBUG[0m [2methereum_transaction_pool_monitor::eth_client[0m[2m:[0m 🔍 Fetching transaction details for hash: 0x610b499a2d006cedbc2c8f5641b71ae77f3925bb55aa0b7b8a778d8fe75f2957
[2m2025-12-10T10:13:35.383999Z[0m [34mDEBUG[0m [2mhyper::client::pool[0m[2m:[0m reuse idle connection for ("http", 192.168.0.14:8545)
[2m2025-12-10T10:13:35.384024Z[0m [34mDEBUG[0m [2mhyper::proto::h1::io[0m[2m:[0m flushed 250 bytes
[2m2025-12-10T10:13:35.384046Z[0m [34mDEBUG[0m [2methereum_transaction_pool_monitor::eth_client[0m[2m:[0m 📨 Received WebSocket message: {"jsonrpc":"2.0","method":"eth_subscription","params":{"subscription":"0xbed0a0851463e895960a451075a301a9","result":"0x096d99656c7749b1367c6748d1a0bad97797bd672c600571652746fa8608a7fb"}}
[2m2025-12-10T10:13:35.384054Z[0m [34mDEBUG[0m [2methereum_transaction_pool_monitor::eth_client[0m[2m:[0m 📨 Received pending transaction: 0x096d99656c7749b1367c6748d1a0bad97797bd672c600571652746fa8608a7fb
[2m2025-12-10T10:13:35.384056Z[0m [34mDEBUG[0m [2mhyper::proto::h1::io[0m[2m:[0m parsed 4 headers
[2m2025-12-10T10:13:35.384063Z[0m [34mDEBUG[0m [2mhyper::proto::h1::conn[0m[2m:[0m incoming body is content-length (45 bytes)
[2m2025-12-10T10:13:35.384070Z[0m [34mDEBUG[0m [2mhyper::proto::h1::conn[0m[2m:[0m incoming body completed
[2m2025-12-10T10:13:35.384077Z[0m [34mDEBUG[0m [2mhyper::client::pool[0m[2m:[0m pooling idle connection for ("http", 192.168.0.14:8545)
[2m2025-12-10T10:13:35.390920Z[0m [34mDEBUG[0m [2mhyper::proto::h1::io[0m[2m:[0m parsed 4 headers
[2m2025-12-10T10:13:35.390926Z[0m [34mDEBUG[0m [2mhyper::proto::h1::conn[0m[2m:[0m incoming body is content-length (1731 bytes)
[2m2025-12-10T10:13:35.390931Z[0m [34mDEBUG[0m [2mhyper::proto::h1::conn[0m[2m:[0m incoming body completed
[2m2025-12-10T10:13:35.390938Z[0m [34mDEBUG[0m [2mhyper::client::pool[0m[2m:[0m pooling idle connection for ("http", 192.168.0.14:8545)
[2m2025-12-10T10:13:35.390943Z[0m [34mDEBUG[0m [2methereum_transaction_pool_monitor::eth_client[0m[2m:[0m 📡 Transaction fetch RPC completed in 6.959167ms
[2m2025-12-10T10:13:35.463224Z[0m [34mDEBUG[0m [2methereum_transaction_pool_monitor::eth_client[0m[2m:[0m ✅ Transaction 0x610b499a2d006cedbc2c8f5641b71ae77f3925bb55aa0b7b8a778d8fe75f2957 fetched and parsed in 79.238333ms
[2m2025-12-10T10:13:35.463254Z[0m [34mDEBUG[0m [2methereum_transaction_pool_monitor::mempool_monitor[0m[2m:[0m 🔍 Skipping tx 0x610b499a2d006cedbc2c8f5641b71ae77f3925bb55aa0b7b8a778d8fe75f2957 - not a DEX interaction (target: 0x601a2aD6CB5949f0529735254189Ba3194221EDF)
[2m2025-12-10T10:13:35.463265Z[0m [34mDEBUG[0m [2methereum_transaction_pool_monitor::mempool_monitor[0m[2m:[0m 📨 Processing new pending transaction: 0x096d99656c7749b1367c6748d1a0bad97797bd672c600571652746fa8608a7fb
[2m2025-12-10T10:13:35.463270Z[0m [34mDEBUG[0m [2methereum_transaction_pool_monitor::mempool_monitor[0m[2m:[0m 🔍 Fetching transaction details for: 0x096d99656c7749b1367c6748d1a0bad97797bd672c600571652746fa8608a7fb
[2m2025-12-10T10:13:35.463275Z[0m [34mDEBUG[0m [2methereum_transaction_pool_monitor::eth_client[0m[2m:[0m 🔍 Fetching transaction details for hash: 0x096d99656c7749b1367c6748d1a0bad97797bd672c600571652746fa8608a7fb
[2m2025-12-10T10:13:35.463294Z[0m [34mDEBUG[0m [2mhyper::client::pool[0m[2m:[0m reuse idle connection for ("http", 192.168.0.14:8545)
[2m2025-12-10T10:13:35.463338Z[0m [34mDEBUG[0m [2mhyper::proto::h1::io[0m[2m:[0m flushed 250 bytes
[2m2025-12-10T10:13:35.463357Z[0m [34mDEBUG[0m [2mhyper::client::pool[0m[2m:[0m reuse idle connection for ("http", 192.168.0.14:8545)
[2m2025-12-10T10:13:35.463369Z[0m [34mDEBUG[0m [2mhyper::proto::h1::io[0m[2m:[0m flushed 172 bytes
[2m2025-12-10T10:13:35.463368Z[0m [34mDEBUG[0m [2methereum_transaction_pool_monitor::eth_client[0m[2m:[0m 📨 Received WebSocket message: {"jsonrpc":"2.0","method":"eth_subscription","params":{"subscription":"0xbed0a0851463e895960a451075a301a9","result":"0xc981bce929ee1be6b4c55d8e29191652c7d0769f5ac78ac440fdee1bd01533ad"}}
[2m2025-12-10T10:13:35.463383Z[0m [34mDEBUG[0m [2methereum_transaction_pool_monitor::eth_client[0m[2m:[0m 📨 Received pending transaction: 0xc981bce929ee1be6b4c55d8e29191652c7d0769f5ac78ac440fdee1bd01533ad
[2m2025-12-10T10:13:35.467119Z[0m [34mDEBUG[0m [2mhyper::proto::h1::io[0m[2m:[0m parsed 4 headers
[2m2025-12-10T10:13:35.467131Z[0m [34mDEBUG[0m [2mhyper::proto::h1::conn[0m[2m:[0m incoming body is content-length (45 bytes)
[2m2025-12-10T10:13:35.467139Z[0m [34mDEBUG[0m [2mhyper::proto::h1::conn[0m[2m:[0m incoming body completed
[2m2025-12-10T10:13:35.467146Z[0m [34mDEBUG[0m [2mhyper::client::pool[0m[2m:[0m pooling idle connection for ("http", 192.168.0.14:8545)
[2m2025-12-10T10:13:35.467735Z[0m [34mDEBUG[0m [2mhyper::proto::h1::io[0m[2m:[0m parsed 4 headers
[2m2025-12-10T10:13:35.470787Z[0m [34mDEBUG[0m [2mhyper::proto::h1::conn[0m[2m:[0m incoming body is content-length (647 bytes)
[2m2025-12-10T10:13:35.470796Z[0m [34mDEBUG[0m [2mhyper::proto::h1::conn[0m[2m:[0m incoming body completed
[2m2025-12-10T10:13:35.470804Z[0m [34mDEBUG[0m [2mhyper::client::pool[0m[2m:[0m pooling idle connection for ("http", 192.168.0.14:8545)
[2m2025-12-10T10:13:35.470811Z[0m [34mDEBUG[0m [2methereum_transaction_pool_monitor::eth_client[0m[2m:[0m 📡 Transaction fetch RPC completed in 7.532292ms
[2m2025-12-10T10:13:35.543412Z[0m [34mDEBUG[0m [2methereum_transaction_pool_monitor::eth_client[0m[2m:[0m ✅ Transaction 0x096d99656c7749b1367c6748d1a0bad97797bd672c600571652746fa8608a7fb fetched and parsed in 80.130625ms
[2m2025-12-10T10:13:35.543436Z[0m [34mDEBUG[0m [2methereum_transaction_pool_monitor::mempool_monitor[0m[2m:[0m 🔍 Skipping tx 0x096d99656c7749b1367c6748d1a0bad97797bd672c600571652746fa8608a7fb - not a DEX interaction (target: 0x72bb8C608c4ea4a887266985e680A04c056f5B2A)
[2m2025-12-10T10:13:35.543447Z[0m [34mDEBUG[0m [2methereum_transaction_pool_monitor::mempool_monitor[0m[2m:[0m 📨 Processing new pending transaction: 0xc981bce929ee1be6b4c55d8e29191652c7d0769f5ac78ac440fdee1bd01533ad
[2m2025-12-10T10:13:35.543452Z[0m [34mDEBUG[0m [2methereum_transaction_pool_monitor::mempool_monitor[0m[2m:[0m 🔍 Fetching transaction details for: 0xc981bce929ee1be6b4c55d8e29191652c7d0769f5ac78ac440fdee1bd01533ad
[2m2025-12-10T10:13:35.543461Z[0m [34mDEBUG[0m [2methereum_transaction_pool_monitor::eth_client[0m[2m:[0m 🔍 Fetching transaction details for hash: 0xc981bce929ee1be6b4c55d8e29191652c7d0769f5ac78ac440fdee1bd01533ad
[2m2025-12-10T10:13:35.543479Z[0m [34mDEBUG[0m [2mhyper::client::pool[0m[2m:[0m reuse idle connection for ("http", 192.168.0.14:8545)
[2m2025-12-10T10:13:35.543508Z[0m [34mDEBUG[0m [2mhyper::proto::h1::io[0m[2m:[0m flushed 250 bytes
[2m2025-12-10T10:13:35.543535Z[0m [34mDEBUG[0m [2mhyper::client::pool[0m[2m:[0m reuse idle connection for ("http", 192.168.0.14:8545)
[2m2025-12-10T10:13:35.543548Z[0m [34mDEBUG[0m [2mhyper::proto::h1::io[0m[2m:[0m flushed 172 bytes
[2m2025-12-10T10:13:35.549025Z[0m [34mDEBUG[0m [2mhyper::proto::h1::io[0m[2m:[0m parsed 4 headers
[2m2025-12-10T10:13:35.549030Z[0m [34mDEBUG[0m [2mhyper::proto::h1::conn[0m[2m:[0m incoming body is content-length (45 bytes)
[2m2025-12-10T10:13:35.549037Z[0m [34mDEBUG[0m [2mhyper::proto::h1::conn[0m[2m:[0m incoming body completed
[2m2025-12-10T10:13:35.549044Z[0m [34mDEBUG[0m [2mhyper::client::pool[0m[2m:[0m pooling idle connection for ("http", 192.168.0.14:8545)
[2m2025-12-10T10:13:35.554661Z[0m [34mDEBUG[0m [2mhyper::proto::h1::io[0m[2m:[0m parsed 4 headers
[2m2025-12-10T10:13:35.554668Z[0m [34mDEBUG[0m [2mhyper::proto::h1::conn[0m[2m:[0m incoming body is content-length (1547 bytes)
[2m2025-12-10T10:13:35.554674Z[0m [34mDEBUG[0m [2mhyper::proto::h1::conn[0m[2m:[0m incoming body completed
[2m2025-12-10T10:13:35.554680Z[0m [34mDEBUG[0m [2mhyper::client::pool[0m[2m:[0m pooling idle connection for ("http", 192.168.0.14:8545)
[2m2025-12-10T10:13:35.554686Z[0m [34mDEBUG[0m [2methereum_transaction_pool_monitor::eth_client[0m[2m:[0m 📡 Transaction fetch RPC completed in 11.220208ms
[2m2025-12-10T10:13:35.626919Z[0m [34mDEBUG[0m [2methereum_transaction_pool_monitor::eth_client[0m[2m:[0m ✅ Transaction 0xc981bce929ee1be6b4c55d8e29191652c7d0769f5ac78ac440fdee1bd01533ad fetched and parsed in 83.451833ms
[2m2025-12-10T10:13:35.626946Z[0m [34mDEBUG[0m [2methereum_transaction_pool_monitor::mempool_monitor[0m[2m:[0m 🔍 Skipping tx 0xc981bce929ee1be6b4c55d8e29191652c7d0769f5ac78ac440fdee1bd01533ad - not a DEX interaction (target: 0xA69babEF1cA67A37Ffaf7a485DfFF3382056e78C)
[2m2025-12-10T10:13:35.626989Z[0m [34mDEBUG[0m [2mhyper::client::pool[0m[2m:[0m reuse idle connection for ("http", 192.168.0.14:8545)
[2m2025-12-10T10:13:35.627032Z[0m [34mDEBUG[0m [2mhyper::proto::h1::io[0m[2m:[0m flushed 172 bytes
[2m2025-12-10T10:13:35.627052Z[0m [34mDEBUG[0m [2methereum_transaction_pool_monitor::eth_client[0m[2m:[0m 📨 Received WebSocket message: {"jsonrpc":"2.0","method":"eth_subscription","params":{"subscription":"0xbed0a0851463e895960a451075a301a9","result":"0x2578324ec4063e5d8e83b21cd393afdd00d7ba02c6200a0057d5824f3dd9d29a"}}
[2m2025-12-10T10:13:35.627061Z[0m [34mDEBUG[0m [2methereum_transaction_pool_monitor::eth_client[0m[2m:[0m 📨 Received pending transaction: 0x2578324ec4063e5d8e83b21cd393afdd00d7ba02c6200a0057d5824f3dd9d29a
[2m2025-12-10T10:13:35.627069Z[0m [34mDEBUG[0m [2methereum_transaction_pool_monitor::mempool_monitor[0m[2m:[0m 📨 Processing new pending transaction: 0x2578324ec4063e5d8e83b21cd393afdd00d7ba02c6200a0057d5824f3dd9d29a
[2m2025-12-10T10:13:35.627074Z[0m [34mDEBUG[0m [2methereum_transaction_pool_monitor::mempool_monitor[0m[2m:[0m 🔍 Fetching transaction details for: 0x2578324ec4063e5d8e83b21cd393afdd00d7ba02c6200a0057d5824f3dd9d29a
[2m2025-12-10T10:13:35.627080Z[0m [34mDEBUG[0m [2methereum_transaction_pool_monitor::eth_client[0m[2m:[0m 🔍 Fetching transaction details for hash: 0x2578324ec4063e5d8e83b21cd393afdd00d7ba02c6200a0057d5824f3dd9d29a
[2m2025-12-10T10:13:35.627090Z[0m [34mDEBUG[0m [2mhyper::client::pool[0m[2m:[0m reuse idle connection for ("http", 192.168.0.14:8545)
[2m2025-12-10T10:13:35.627113Z[0m [34mDEBUG[0m [2mhyper::proto::h1::io[0m[2m:[0m flushed 250 bytes
[2m2025-12-10T10:13:35.630761Z[0m [34mDEBUG[0m [2mhyper::proto::h1::io[0m[2m:[0m parsed 4 headers
[2m2025-12-10T10:13:35.630766Z[0m [34mDEBUG[0m [2mhyper::proto::h1::conn[0m[2m:[0m incoming body is content-length (45 bytes)
[2m2025-12-10T10:13:35.630773Z[0m [34mDEBUG[0m [2mhyper::proto::h1::conn[0m[2m:[0m incoming body completed
[2m2025-12-10T10:13:35.630779Z[0m [34mDEBUG[0m [2mhyper::client::pool[0m[2m:[0m pooling idle connection for ("http", 192.168.0.14:8545)
[2m2025-12-10T10:13:35.635650Z[0m [34mDEBUG[0m [2mhyper::proto::h1::io[0m[2m:[0m parsed 4 headers
[2m2025-12-10T10:13:35.635657Z[0m [34mDEBUG[0m [2mhyper::proto::h1::conn[0m[2m:[0m incoming body is content-length (2516 bytes)
[2m2025-12-10T10:13:35.635662Z[0m [34mDEBUG[0m [2mhyper::proto::h1::conn[0m[2m:[0m incoming body completed
[2m2025-12-10T10:13:35.635667Z[0m [34mDEBUG[0m [2mhyper::client::pool[0m[2m:[0m pooling idle connection for ("http", 192.168.0.14:8545)
[2m2025-12-10T10:13:35.635673Z[0m [34mDEBUG[0m [2methereum_transaction_pool_monitor::eth_client[0m[2m:[0m 📡 Transaction fetch RPC completed in 8.588958ms
[2m2025-12-10T10:13:35.709838Z[0m [34mDEBUG[0m [2methereum_transaction_pool_monitor::eth_client[0m[2m:[0m ✅ Transaction 0x2578324ec4063e5d8e83b21cd393afdd00d7ba02c6200a0057d5824f3dd9d29a fetched and parsed in 82.752292ms
[2m2025-12-10T10:13:35.709867Z[0m [34mDEBUG[0m [2methereum_transaction_pool_monitor::mempool_monitor[0m[2m:[0m 🔍 Skipping tx 0x2578324ec4063e5d8e83b21cd393afdd00d7ba02c6200a0057d5824f3dd9d29a - not a DEX interaction (target: 0xb3Fbc1BdFc96E408e2D96a5b5827fa839316B4CE)
[2m2025-12-10T10:13:35.709915Z[0m [34mDEBUG[0m [2mhyper::client::pool[0m[2m:[0m reuse idle connection for ("http", 192.168.0.14:8545)
[2m2025-12-10T10:13:35.709959Z[0m [34mDEBUG[0m [2mhyper::proto::h1::io[0m[2m:[0m flushed 172 bytes
[2m2025-12-10T10:13:35.712858Z[0m [34mDEBUG[0m [2mhyper::proto::h1::io[0m[2m:[0m parsed 4 headers
[2m2025-12-10T10:13:35.712864Z[0m [34mDEBUG[0m [2mhyper::proto::h1::conn[0m[2m:[0m incoming body is content-length (45 bytes)
[2m2025-12-10T10:13:35.712872Z[0m [34mDEBUG[0m [2mhyper::proto::h1::conn[0m[2m:[0m incoming body completed
[2m2025-12-10T10:13:35.712882Z[0m [34mDEBUG[0m [2mhyper::client::pool[0m[2m:[0m pooling idle connection for ("http", 192.168.0.14:8545)
[2m2025-12-10T10:13:35.799311Z[0m [34mDEBUG[0m [2mhyper::client::pool[0m[2m:[0m reuse idle connection for ("http", 192.168.0.14:8545)
[2m2025-12-10T10:13:35.799346Z[0m [34mDEBUG[0m [2mhyper::proto::h1::io[0m[2m:[0m flushed 172 bytes
[2m2025-12-10T10:13:35.803681Z[0m [34mDEBUG[0m [2mhyper::proto::h1::io[0m[2m:[0m parsed 4 headers
[2m2025-12-10T10:13:35.803686Z[0m [34mDEBUG[0m [2mhyper::proto::h1::conn[0m[2m:[0m incoming body is content-length (45 bytes)
[2m2025-12-10T10:13:35.803692Z[0m [34mDEBUG[0m [2mhyper::proto::h1::conn[0m[2m:[0m incoming body completed
[2m2025-12-10T10:13:35.803700Z[0m [34mDEBUG[0m [2mhyper::client::pool[0m[2m:[0m pooling idle connection for ("http", 192.168.0.14:8545)
[2m2025-12-10T10:13:35.893799Z[0m [34mDEBUG[0m [2methereum_transaction_pool_monitor::eth_client[0m[2m:[0m 📨 Received WebSocket message: {"jsonrpc":"2.0","method":"eth_subscription","params":{"subscription":"0xbed0a0851463e895960a451075a301a9","result":"0x424c62a10191d20edb8749776db9db523d4e86fe6836837d551d013f54fc0d10"}}
[2m2025-12-10T10:13:35.893819Z[0m [34mDEBUG[0m [2methereum_transaction_pool_monitor::eth_client[0m[2m:[0m 📨 Received pending transaction: 0x424c62a10191d20edb8749776db9db523d4e86fe6836837d551d013f54fc0d10
[2m2025-12-10T10:13:35.893828Z[0m [34mDEBUG[0m [2methereum_transaction_pool_monitor::mempool_monitor[0m[2m:[0m 📨 Processing new pending transaction: 0x424c62a10191d20edb8749776db9db523d4e86fe6836837d551d013f54fc0d10
[2m2025-12-10T10:13:35.893836Z[0m [34mDEBUG[0m [2methereum_transaction_pool_monitor::mempool_monitor[0m[2m:[0m 🔍 Fetching transaction details for: 0x424c62a10191d20edb8749776db9db523d4e86fe6836837d551d013f54fc0d10
[2m2025-12-10T10:13:35.893840Z[0m [34mDEBUG[0m [2methereum_transaction_pool_monitor::eth_client[0m[2m:[0m 🔍 Fetching transaction details for hash: 0x424c62a10191d20edb8749776db9db523d4e86fe6836837d551d013f54fc0d10
[2m2025-12-10T10:13:35.893862Z[0m [34mDEBUG[0m [2mhyper::client::pool[0m[2m:[0m reuse idle connection for ("http", 192.168.0.14:8545)
[2m2025-12-10T10:13:35.893886Z[0m [34mDEBUG[0m [2mhyper::proto::h1::io[0m[2m:[0m flushed 250 bytes
[2m2025-12-10T10:13:35.898768Z[0m [34mDEBUG[0m [2mhyper::client::pool[0m[2m:[0m reuse idle connection for ("http", 192.168.0.14:8545)
[2m2025-12-10T10:13:35.898793Z[0m [34mDEBUG[0m [2mhyper::proto::h1::io[0m[2m:[0m flushed 172 bytes
[2m2025-12-10T10:13:35.898804Z[0m [34mDEBUG[0m [2mhyper::proto::h1::io[0m[2m:[0m parsed 4 headers
[2m2025-12-10T10:13:35.898808Z[0m [34mDEBUG[0m [2mhyper::proto::h1::conn[0m[2m:[0m incoming body is content-length (678 bytes)
[2m2025-12-10T10:13:35.898814Z[0m [34mDEBUG[0m [2mhyper::proto::h1::conn[0m[2m:[0m incoming body completed
[2m2025-12-10T10:13:35.898821Z[0m [34mDEBUG[0m [2mhyper::client::pool[0m[2m:[0m pooling idle connection for ("http", 192.168.0.14:8545)
[2m2025-12-10T10:13:35.898827Z[0m [34mDEBUG[0m [2methereum_transaction_pool_monitor::eth_client[0m[2m:[0m 📡 Transaction fetch RPC completed in 4.98325ms
[2m2025-12-10T10:13:35.898841Z[0m [34mDEBUG[0m [2methereum_transaction_pool_monitor::eth_client[0m[2m:[0m DeFi transaction detected - Address: 0xdac17f958d2ee523a2206206994597c13d831ec7, Type: Stablecoin, Value: 0 ETH, Gas: 0.18 Gwei
[2m2025-12-10T10:13:35.898853Z[0m [34mDEBUG[0m [2methereum_transaction_pool_monitor::eth_client[0m[2m:[0m ✅ Transaction 0x424c62a10191d20edb8749776db9db523d4e86fe6836837d551d013f54fc0d10 fetched and parsed in 5.009166ms
[2m2025-12-10T10:13:35.898858Z[0m [34mDEBUG[0m [2methereum_transaction_pool_monitor::mempool_monitor[0m[2m:[0m 🔍 Skipping tx 0x424c62a10191d20edb8749776db9db523d4e86fe6836837d551d013f54fc0d10 - not a DEX interaction (target: 0xdAC17F958D2ee523a2206206994597C13D831ec7)
[2m2025-12-10T10:13:35.904346Z[0m [34mDEBUG[0m [2mhyper::proto::h1::io[0m[2m:[0m parsed 4 headers
[2m2025-12-10T10:13:35.904351Z[0m [34mDEBUG[0m [2mhyper::proto::h1::conn[0m[2m:[0m incoming body is content-length (45 bytes)
[2m2025-12-10T10:13:35.904357Z[0m [34mDEBUG[0m [2mhyper::proto::h1::conn[0m[2m:[0m incoming body completed
[2m2025-12-10T10:13:35.904362Z[0m [34mDEBUG[0m [2mhyper::client::pool[0m[2m:[0m pooling idle connection for ("http", 192.168.0.14:8545)
[2m2025-12-10T10:13:35.999415Z[0m [34mDEBUG[0m [2mhyper::client::pool[0m[2m:[0m reuse idle connection for ("http", 192.168.0.14:8545)
[2m2025-12-10T10:13:35.999473Z[0m [34mDEBUG[0m [2mhyper::proto::h1::io[0m[2m:[0m flushed 172 bytes
[2m2025-12-10T10:13:36.003396Z[0m [34mDEBUG[0m [2mhyper::proto::h1::io[0m[2m:[0m parsed 4 headers
[2m2025-12-10T10:13:36.003406Z[0m [34mDEBUG[0m [2mhyper::proto::h1::conn[0m[2m:[0m incoming body is content-length (45 bytes)
[2m2025-12-10T10:13:36.003413Z[0m [34mDEBUG[0m [2mhyper::proto::h1::conn[0m[2m:[0m incoming body completed
[2m2025-12-10T10:13:36.003421Z[0m [34mDEBUG[0m [2mhyper::client::pool[0m[2m:[0m pooling idle connection for ("http", 192.168.0.14:8545)
[2m2025-12-10T10:13:36.098672Z[0m [34mDEBUG[0m [2mhyper::client::pool[0m[2m:[0m reuse idle connection for ("http", 192.168.0.14:8545)
[2m2025-12-10T10:13:36.098726Z[0m [34mDEBUG[0m [2mhyper::proto::h1::io[0m[2m:[0m flushed 172 bytes
[2m2025-12-10T10:13:36.104694Z[0m [34mDEBUG[0m [2mhyper::proto::h1::io[0m[2m:[0m parsed 4 headers
[2m2025-12-10T10:13:36.104706Z[0m [34mDEBUG[0m [2mhyper::proto::h1::conn[0m[2m:[0m incoming body is content-length (45 bytes)
[2m2025-12-10T10:13:36.104717Z[0m [34mDEBUG[0m [2mhyper::proto::h1::conn[0m[2m:[0m incoming body completed
[2m2025-12-10T10:13:36.104725Z[0m [34mDEBUG[0m [2mhyper::client::pool[0m[2m:[0m pooling idle connection for ("http", 192.168.0.14:8545)
[2m2025-12-10T10:13:36.167383Z[0m [34mDEBUG[0m [2methereum_transaction_pool_monitor::eth_client[0m[2m:[0m 📨 Received WebSocket message: {"jsonrpc":"2.0","method":"eth_subscription","params":{"subscription":"0xbed0a0851463e895960a451075a301a9","result":"0xbf73236f9b4307c0d5ccde2b73e24a5de58cc074d74bff449aa43940068d010f"}}
[2m2025-12-10T10:13:36.167404Z[0m [34mDEBUG[0m [2methereum_transaction_pool_monitor::eth_client[0m[2m:[0m 📨 Received pending transaction: 0xbf73236f9b4307c0d5ccde2b73e24a5de58cc074d74bff449aa43940068d010f
[2m2025-12-10T10:13:36.167412Z[0m [34mDEBUG[0m [2methereum_transaction_pool_monitor::mempool_monitor[0m[2m:[0m 📨 Processing new pending transaction: 0xbf73236f9b4307c0d5ccde2b73e24a5de58cc074d74bff449aa43940068d010f
[2m2025-12-10T10:13:36.167417Z[0m [34mDEBUG[0m [2methereum_transaction_pool_monitor::mempool_monitor[0m[2m:[0m 🔍 Fetching transaction details for: 0xbf73236f9b4307c0d5ccde2b73e24a5de58cc074d74bff449aa43940068d010f
[2m2025-12-10T10:13:36.167421Z[0m [34mDEBUG[0m [2methereum_transaction_pool_monitor::eth_client[0m[2m:[0m 🔍 Fetching transaction details for hash: 0xbf73236f9b4307c0d5ccde2b73e24a5de58cc074d74bff449aa43940068d010f
[2m2025-12-10T10:13:36.167440Z[0m [34mDEBUG[0m [2mhyper::client::pool[0m[2m:[0m reuse idle connection for ("http", 192.168.0.14:8545)
[2m2025-12-10T10:13:36.167460Z[0m [34mDEBUG[0m [2mhyper::proto::h1::io[0m[2m:[0m flushed 250 bytes
[2m2025-12-10T10:13:36.171054Z[0m [34mDEBUG[0m [2mhyper::proto::h1::io[0m[2m:[0m parsed 4 headers
[2m2025-12-10T10:13:36.171068Z[0m [34mDEBUG[0m [2mhyper::proto::h1::conn[0m[2m:[0m incoming body is content-length (644 bytes)
[2m2025-12-10T10:13:36.171075Z[0m [34mDEBUG[0m [2mhyper::proto::h1::conn[0m[2m:[0m incoming body completed
[2m2025-12-10T10:13:36.171084Z[0m [34mDEBUG[0m [2mhyper::client::pool[0m[2m:[0m pooling idle connection for ("http", 192.168.0.14:8545)
[2m2025-12-10T10:13:36.171090Z[0m [34mDEBUG[0m [2methereum_transaction_pool_monitor::eth_client[0m[2m:[0m 📡 Transaction fetch RPC completed in 3.665583ms
[2m2025-12-10T10:13:36.244183Z[0m [34mDEBUG[0m [2methereum_transaction_pool_monitor::eth_client[0m[2m:[0m ✅ Transaction 0xbf73236f9b4307c0d5ccde2b73e24a5de58cc074d74bff449aa43940068d010f fetched and parsed in 76.754583ms
[2m2025-12-10T10:13:36.244208Z[0m [34mDEBUG[0m [2methereum_transaction_pool_monitor::mempool_monitor[0m[2m:[0m 🔍 Skipping tx 0xbf73236f9b4307c0d5ccde2b73e24a5de58cc074d74bff449aa43940068d010f - not a DEX interaction (target: 0x17E5545B11b468072283Cee1F066a059Fb0dbF24)
[2m2025-12-10T10:13:36.244256Z[0m [34mDEBUG[0m [2mhyper::client::pool[0m[2m:[0m reuse idle connection for ("http", 192.168.0.14:8545)
[2m2025-12-10T10:13:36.244288Z[0m [34mDEBUG[0m [2mhyper::proto::h1::io[0m[2m:[0m flushed 172 bytes
[2m2025-12-10T10:13:36.248196Z[0m [34mDEBUG[0m [2mhyper::proto::h1::io[0m[2m:[0m parsed 4 headers
[2m2025-12-10T10:13:36.248206Z[0m [34mDEBUG[0m [2mhyper::proto::h1::conn[0m[2m:[0m incoming body is content-length (45 bytes)
[2m2025-12-10T10:13:36.248215Z[0m [34mDEBUG[0m [2mhyper::proto::h1::conn[0m[2m:[0m incoming body completed
[2m2025-12-10T10:13:36.248223Z[0m [34mDEBUG[0m [2mhyper::client::pool[0m[2m:[0m pooling idle connection for ("http", 192.168.0.14:8545)
[2m2025-12-10T10:13:36.298953Z[0m [34mDEBUG[0m [2mhyper::client::pool[0m[2m:[0m reuse idle connection for ("http", 192.168.0.14:8545)
[2m2025-12-10T10:13:36.299009Z[0m [34mDEBUG[0m [2mhyper::proto::h1::io[0m[2m:[0m flushed 172 bytes
[2m2025-12-10T10:13:36.304596Z[0m [34mDEBUG[0m [2mhyper::proto::h1::io[0m[2m:[0m parsed 4 headers
[2m2025-12-10T10:13:36.304617Z[0m [34mDEBUG[0m [2mhyper::proto::h1::conn[0m[2m:[0m incoming body is content-length (45 bytes)
[2m2025-12-10T10:13:36.304624Z[0m [34mDEBUG[0m [2mhyper::proto::h1::conn[0m[2m:[0m incoming body completed
[2m2025-12-10T10:13:36.304634Z[0m [34mDEBUG[0m [2mhyper::client::pool[0m[2m:[0m pooling idle connection for ("http", 192.168.0.14:8545)
[2m2025-12-10T10:13:36.306416Z[0m [34mDEBUG[0m [2methereum_transaction_pool_monitor::eth_client[0m[2m:[0m 📨 Received WebSocket message: {"jsonrpc":"2.0","method":"eth_subscription","params":{"subscription":"0xbed0a0851463e895960a451075a301a9","result":"0xf3886986d509f5182f1d6046319185a5caab1436d0ca3c180a475fbb412442c4"}}
[2m2025-12-10T10:13:36.306429Z[0m [34mDEBUG[0m [2methereum_transaction_pool_monitor::eth_client[0m[2m:[0m 📨 Received pending transaction: 0xf3886986d509f5182f1d6046319185a5caab1436d0ca3c180a475fbb412442c4
[2m2025-12-10T10:13:36.306437Z[0m [34mDEBUG[0m [2methereum_transaction_pool_monitor::mempool_monitor[0m[2m:[0m 📨 Processing new pending transaction: 0xf3886986d509f5182f1d6046319185a5caab1436d0ca3c180a475fbb412442c4
[2m2025-12-10T10:13:36.306442Z[0m [34mDEBUG[0m [2methereum_transaction_pool_monitor::mempool_monitor[0m[2m:[0m 🔍 Fetching transaction details for: 0xf3886986d509f5182f1d6046319185a5caab1436d0ca3c180a475fbb412442c4
[2m2025-12-10T10:13:36.306445Z[0m [34mDEBUG[0m [2methereum_transaction_pool_monitor::eth_client[0m[2m:[0m 🔍 Fetching transaction details for hash: 0xf3886986d509f5182f1d6046319185a5caab1436d0ca3c180a475fbb412442c4
[2m2025-12-10T10:13:36.306461Z[0m [34mDEBUG[0m [2mhyper::client::pool[0m[2m:[0m reuse idle connection for ("http", 192.168.0.14:8545)
[2m2025-12-10T10:13:36.306477Z[0m [34mDEBUG[0m [2mhyper::proto::h1::io[0m[2m:[0m flushed 250 bytes
[2m2025-12-10T10:13:36.311718Z[0m [34mDEBUG[0m [2methereum_transaction_pool_monitor::eth_client[0m[2m:[0m 📨 Received WebSocket message: {"jsonrpc":"2.0","method":"eth_subscription","params":{"subscription":"0xbed0a0851463e895960a451075a301a9","result":"0x1c16727444a1b02f2c2ed09242ff346a8b942f7ffa601085ffc70a4823530408"}}
[2m2025-12-10T10:13:36.311727Z[0m [34mDEBUG[0m [2methereum_transaction_pool_monitor::eth_client[0m[2m:[0m 📨 Received pending transaction: 0x1c16727444a1b02f2c2ed09242ff346a8b942f7ffa601085ffc70a4823530408
[2m2025-12-10T10:13:36.313534Z[0m [34mDEBUG[0m [2mhyper::proto::h1::io[0m[2m:[0m parsed 4 headers
[2m2025-12-10T10:13:36.313566Z[0m [34mDEBUG[0m [2mhyper::proto::h1::conn[0m[2m:[0m incoming body is content-length (1731 bytes)
[2m2025-12-10T10:13:36.313596Z[0m [34mDEBUG[0m [2mhyper::proto::h1::conn[0m[2m:[0m incoming body completed
[2m2025-12-10T10:13:36.313613Z[0m [34mDEBUG[0m [2mhyper::client::pool[0m[2m:[0m pooling idle connection for ("http", 192.168.0.14:8545)
[2m2025-12-10T10:13:36.313619Z[0m [34mDEBUG[0m [2methereum_transaction_pool_monitor::eth_client[0m[2m:[0m 📡 Transaction fetch RPC completed in 7.170084ms
[2m2025-12-10T10:13:36.398413Z[0m [34mDEBUG[0m [2methereum_transaction_pool_monitor::eth_client[0m[2m:[0m ✅ Transaction 0xf3886986d509f5182f1d6046319185a5caab1436d0ca3c180a475fbb412442c4 fetched and parsed in 91.960084ms
[2m2025-12-10T10:13:36.398441Z[0m [34mDEBUG[0m [2methereum_transaction_pool_monitor::mempool_monitor[0m[2m:[0m 🔍 Skipping tx 0xf3886986d509f5182f1d6046319185a5caab1436d0ca3c180a475fbb412442c4 - not a DEX interaction (target: 0x601a2aD6CB5949f0529735254189Ba3194221EDF)
[2m2025-12-10T10:13:36.398452Z[0m [34mDEBUG[0m [2methereum_transaction_pool_monitor::mempool_monitor[0m[2m:[0m 📨 Processing new pending transaction: 0x1c16727444a1b02f2c2ed09242ff346a8b942f7ffa601085ffc70a4823530408
[2m2025-12-10T10:13:36.398458Z[0m [34mDEBUG[0m [2methereum_transaction_pool_monitor::mempool_monitor[0m[2m:[0m 🔍 Fetching transaction details for: 0x1c16727444a1b02f2c2ed09242ff346a8b942f7ffa601085ffc70a4823530408
[2m2025-12-10T10:13:36.398462Z[0m [34mDEBUG[0m [2methereum_transaction_pool_monitor::eth_client[0m[2m:[0m 🔍 Fetching transaction details for hash: 0x1c16727444a1b02f2c2ed09242ff346a8b942f7ffa601085ffc70a4823530408
[2m2025-12-10T10:13:36.398493Z[0m [34mDEBUG[0m [2mhyper::client::pool[0m[2m:[0m reuse idle connection for ("http", 192.168.0.14:8545)
[2m2025-12-10T10:13:36.398539Z[0m [34mDEBUG[0m [2mhyper::proto::h1::io[0m[2m:[0m flushed 250 bytes
[2m2025-12-10T10:13:36.398558Z[0m [34mDEBUG[0m [2mhyper::client::pool[0m[2m:[0m reuse idle connection for ("http", 192.168.0.14:8545)
[2m2025-12-10T10:13:36.398573Z[0m [34mDEBUG[0m [2mhyper::proto::h1::io[0m[2m:[0m flushed 172 bytes
[2m2025-12-10T10:13:36.398600Z[0m [34mDEBUG[0m [2methereum_transaction_pool_monitor::eth_client[0m[2m:[0m 📨 Received WebSocket message: {"jsonrpc":"2.0","method":"eth_subscription","params":{"subscription":"0xbed0a0851463e895960a451075a301a9","result":"0x6806be9a000dcb5232785b6127c9c9885e89fd551dda438837341e1693f4d98e"}}
[2m2025-12-10T10:13:36.398631Z[0m [34mDEBUG[0m [2methereum_transaction_pool_monitor::eth_client[0m[2m:[0m 📨 Received pending transaction: 0x6806be9a000dcb5232785b6127c9c9885e89fd551dda438837341e1693f4d98e
[2m2025-12-10T10:13:36.402049Z[0m [34mDEBUG[0m [2mhyper::proto::h1::io[0m[2m:[0m parsed 4 headers
[2m2025-12-10T10:13:36.402076Z[0m [34mDEBUG[0m [2mhyper::proto::h1::conn[0m[2m:[0m incoming body is content-length (2318 bytes)
[2m2025-12-10T10:13:36.402105Z[0m [34mDEBUG[0m [2methereum_transaction_pool_monitor::eth_client[0m[2m:[0m 📡 Transaction fetch RPC completed in 3.631959ms
[2m2025-12-10T10:13:36.404506Z[0m [34mDEBUG[0m [2mhyper::proto::h1::conn[0m[2m:[0m incoming body completed
[2m2025-12-10T10:13:36.404539Z[0m [34mDEBUG[0m [2mhyper::client::pool[0m[2m:[0m pooling idle connection for ("http", 192.168.0.14:8545)
[2m2025-12-10T10:13:36.405731Z[0m [34mDEBUG[0m [2mhyper::proto::h1::io[0m[2m:[0m parsed 4 headers
[2m2025-12-10T10:13:36.405745Z[0m [34mDEBUG[0m [2mhyper::proto::h1::conn[0m[2m:[0m incoming body is content-length (45 bytes)
[2m2025-12-10T10:13:36.405758Z[0m [34mDEBUG[0m [2mhyper::proto::h1::conn[0m[2m:[0m incoming body completed
[2m2025-12-10T10:13:36.405773Z[0m [34mDEBUG[0m [2mhyper::client::pool[0m[2m:[0m pooling idle connection for ("http", 192.168.0.14:8545)
[2m2025-12-10T10:13:36.444129Z[0m [34mDEBUG[0m [2methereum_transaction_pool_monitor::eth_client[0m[2m:[0m 📨 Received WebSocket message: {"jsonrpc":"2.0","method":"eth_subscription","params":{"subscription":"0xbed0a0851463e895960a451075a301a9","result":"0xb32949bcface7aa639cc2cb54d51747e275f551e7a48529134d1981d47c48196"}}
[2m2025-12-10T10:13:36.444177Z[0m [34mDEBUG[0m [2methereum_transaction_pool_monitor::eth_client[0m[2m:[0m 📨 Received pending transaction: 0xb32949bcface7aa639cc2cb54d51747e275f551e7a48529134d1981d47c48196
[2m2025-12-10T10:13:36.488123Z[0m [34mDEBUG[0m [2methereum_transaction_pool_monitor::eth_client[0m[2m:[0m ✅ Transaction 0x1c16727444a1b02f2c2ed09242ff346a8b942f7ffa601085ffc70a4823530408 fetched and parsed in 89.646875ms
[2m2025-12-10T10:13:36.488147Z[0m [34mDEBUG[0m [2methereum_transaction_pool_monitor::mempool_monitor[0m[2m:[0m 🔍 Skipping tx 0x1c16727444a1b02f2c2ed09242ff346a8b942f7ffa601085ffc70a4823530408 - not a DEX interaction (target: 0xb300000b72DEAEb607a12d5f54773D1C19c7028d)
[2m2025-12-10T10:13:36.488156Z[0m [34mDEBUG[0m [2methereum_transaction_pool_monitor::mempool_monitor[0m[2m:[0m 📨 Processing new pending transaction: 0x6806be9a000dcb5232785b6127c9c9885e89fd551dda438837341e1693f4d98e
[2m2025-12-10T10:13:36.488161Z[0m [34mDEBUG[0m [2methereum_transaction_pool_monitor::mempool_monitor[0m[2m:[0m 🔍 Fetching transaction details for: 0x6806be9a000dcb5232785b6127c9c9885e89fd551dda438837341e1693f4d98e
[2m2025-12-10T10:13:36.488165Z[0m [34mDEBUG[0m [2methereum_transaction_pool_monitor::eth_client[0m[2m:[0m 🔍 Fetching transaction details for hash: 0x6806be9a000dcb5232785b6127c9c9885e89fd551dda438837341e1693f4d98e
[2m2025-12-10T10:13:36.488192Z[0m [34mDEBUG[0m [2mhyper::client::pool[0m[2m:[0m reuse idle connection for ("http", 192.168.0.14:8545)
[2m2025-12-10T10:13:36.488241Z[0m [34mDEBUG[0m [2mhyper::proto::h1::io[0m[2m:[0m flushed 250 bytes
[2m2025-12-10T10:13:36.494441Z[0m [34mDEBUG[0m [2mhyper::proto::h1::io[0m[2m:[0m parsed 4 headers
[2m2025-12-10T10:13:36.494464Z[0m [34mDEBUG[0m [2mhyper::proto::h1::conn[0m[2m:[0m incoming body is content-length (678 bytes)
[2m2025-12-10T10:13:36.494472Z[0m [34mDEBUG[0m [2mhyper::proto::h1::conn[0m[2m:[0m incoming body completed
[2m2025-12-10T10:13:36.494484Z[0m [34mDEBUG[0m [2mhyper::client::pool[0m[2m:[0m pooling idle connection for ("http", 192.168.0.14:8545)
[2m2025-12-10T10:13:36.494492Z[0m [34mDEBUG[0m [2methereum_transaction_pool_monitor::eth_client[0m[2m:[0m 📡 Transaction fetch RPC completed in 6.319542ms
[2m2025-12-10T10:13:36.494513Z[0m [34mDEBUG[0m [2methereum_transaction_pool_monitor::eth_client[0m[2m:[0m DeFi transaction detected - Address: 0xdac17f958d2ee523a2206206994597c13d831ec7, Type: Stablecoin, Value: 0 ETH, Gas: 1.17 Gwei
[2m2025-12-10T10:13:36.494527Z[0m [34mDEBUG[0m [2methereum_transaction_pool_monitor::eth_client[0m[2m:[0m ✅ Transaction 0x6806be9a000dcb5232785b6127c9c9885e89fd551dda438837341e1693f4d98e fetched and parsed in 6.35375ms
[2m2025-12-10T10:13:36.494533Z[0m [34mDEBUG[0m [2methereum_transaction_pool_monitor::mempool_monitor[0m[2m:[0m 🔍 Skipping tx 0x6806be9a000dcb5232785b6127c9c9885e89fd551dda438837341e1693f4d98e - not a DEX interaction (target: 0xdAC17F958D2ee523a2206206994597C13D831ec7)
[2m2025-12-10T10:13:36.494540Z[0m [34mDEBUG[0m [2methereum_transaction_pool_monitor::mempool_monitor[0m[2m:[0m 📨 Processing new pending transaction: 0xb32949bcface7aa639cc2cb54d51747e275f551e7a48529134d1981d47c48196
[2m2025-12-10T10:13:36.494544Z[0m [34mDEBUG[0m [2methereum_transaction_pool_monitor::mempool_monitor[0m[2m:[0m 🔍 Fetching transaction details for: 0xb32949bcface7aa639cc2cb54d51747e275f551e7a48529134d1981d47c48196
[2m2025-12-10T10:13:36.494547Z[0m [34mDEBUG[0m [2methereum_transaction_pool_monitor::eth_client[0m[2m:[0m 🔍 Fetching transaction details for hash: 0xb32949bcface7aa639cc2cb54d51747e275f551e7a48529134d1981d47c48196
[2m2025-12-10T10:13:36.494562Z[0m [34mDEBUG[0m [2mhyper::client::pool[0m[2m:[0m reuse idle connection for ("http", 192.168.0.14:8545)
[2m2025-12-10T10:13:36.494598Z[0m [34mDEBUG[0m [2mhyper::proto::h1::io[0m[2m:[0m flushed 250 bytes
[2m2025-12-10T10:13:36.499122Z[0m [34mDEBUG[0m [2mhyper::client::pool[0m[2m:[0m reuse idle connection for ("http", 192.168.0.14:8545)
[2m2025-12-10T10:13:36.499162Z[0m [34mDEBUG[0m [2mhyper::proto::h1::io[0m[2m:[0m flushed 172 bytes
[2m2025-12-10T10:13:36.501962Z[0m [34mDEBUG[0m [2methereum_transaction_pool_monitor::eth_client[0m[2m:[0m 📨 Received WebSocket message: {"jsonrpc":"2.0","method":"eth_subscription","params":{"subscription":"0xbed0a0851463e895960a451075a301a9","result":"0x90c74618f677c4f12eb0c526340a73715c9dcd54d73c7e11a4ee3966a47c9b5d"}}
[2m2025-12-10T10:13:36.501985Z[0m [34mDEBUG[0m [2methereum_transaction_pool_monitor::eth_client[0m[2m:[0m 📨 Received pending transaction: 0x90c74618f677c4f12eb0c526340a73715c9dcd54d73c7e11a4ee3966a47c9b5d
[2m2025-12-10T10:13:36.503185Z[0m [34mDEBUG[0m [2mhyper::proto::h1::io[0m[2m:[0m parsed 4 headers
[2m2025-12-10T10:13:36.503195Z[0m [34mDEBUG[0m [2mhyper::proto::h1::conn[0m[2m:[0m incoming body is content-length (643 bytes)
[2m2025-12-10T10:13:36.503203Z[0m [34mDEBUG[0m [2mhyper::proto::h1::conn[0m[2m:[0m incoming body completed
[2m2025-12-10T10:13:36.503214Z[0m [34mDEBUG[0m [2mhyper::client::pool[0m[2m:[0m pooling idle connection for ("http", 192.168.0.14:8545)
[2m2025-12-10T10:13:36.503222Z[0m [34mDEBUG[0m [2methereum_transaction_pool_monitor::eth_client[0m[2m:[0m 📡 Transaction fetch RPC completed in 8.670667ms
[2m2025-12-10T10:13:36.575451Z[0m [34mDEBUG[0m [2methereum_transaction_pool_monitor::eth_client[0m[2m:[0m ✅ Transaction 0xb32949bcface7aa639cc2cb54d51747e275f551e7a48529134d1981d47c48196 fetched and parsed in 80.896209ms
[2m2025-12-10T10:13:36.575488Z[0m [34mDEBUG[0m [2methereum_transaction_pool_monitor::mempool_monitor[0m[2m:[0m 🔍 Skipping tx 0xb32949bcface7aa639cc2cb54d51747e275f551e7a48529134d1981d47c48196 - not a DEX interaction (target: 0xd0e46BbD3Cf6c3ff8491E97b5298Ee3585C2C0EE)
[2m2025-12-10T10:13:36.575503Z[0m [34mDEBUG[0m [2methereum_transaction_pool_monitor::mempool_monitor[0m[2m:[0m 📨 Processing new pending transaction: 0x90c74618f677c4f12eb0c526340a73715c9dcd54d73c7e11a4ee3966a47c9b5d
[2m2025-12-10T10:13:36.575512Z[0m [34mDEBUG[0m [2methereum_transaction_pool_monitor::mempool_monitor[0m[2m:[0m 🔍 Fetching transaction details for: 0x90c74618f677c4f12eb0c526340a73715c9dcd54d73c7e11a4ee3966a47c9b5d
[2m2025-12-10T10:13:36.575520Z[0m [34mDEBUG[0m [2methereum_transaction_pool_monitor::eth_client[0m[2m:[0m 🔍 Fetching transaction details for hash: 0x90c74618f677c4f12eb0c526340a73715c9dcd54d73c7e11a4ee3966a47c9b5d
[2m2025-12-10T10:13:36.575552Z[0m [34mDEBUG[0m [2mhyper::client::pool[0m[2m:[0m reuse idle connection for ("http", 192.168.0.14:8545)
[2m2025-12-10T10:13:36.575638Z[0m [34mDEBUG[0m [2mhyper::proto::h1::io[0m[2m:[0m flushed 250 bytes
[2m2025-12-10T10:13:36.575667Z[0m [34mDEBUG[0m [2mhyper::proto::h1::io[0m[2m:[0m parsed 4 headers
[2m2025-12-10T10:13:36.575679Z[0m [34mDEBUG[0m [2mhyper::proto::h1::conn[0m[2m:[0m incoming body is content-length (45 bytes)
[2m2025-12-10T10:13:36.575693Z[0m [34mDEBUG[0m [2mhyper::proto::h1::conn[0m[2m:[0m incoming body completed
[2m2025-12-10T10:13:36.575709Z[0m [34mDEBUG[0m [2mhyper::client::pool[0m[2m:[0m pooling idle connection for ("http", 192.168.0.14:8545)
[2m2025-12-10T10:13:36.579331Z[0m [34mDEBUG[0m [2mhyper::proto::h1::io[0m[2m:[0m parsed 4 headers
[2m2025-12-10T10:13:36.579348Z[0m [34mDEBUG[0m [2mhyper::proto::h1::conn[0m[2m:[0m incoming body is content-length (774 bytes)
[2m2025-12-10T10:13:36.579357Z[0m [34mDEBUG[0m [2mhyper::proto::h1::conn[0m[2m:[0m incoming body completed
[2m2025-12-10T10:13:36.579367Z[0m [34mDEBUG[0m [2mhyper::client::pool[0m[2m:[0m pooling idle connection for ("http", 192.168.0.14:8545)
[2m2025-12-10T10:13:36.579375Z[0m [34mDEBUG[0m [2methereum_transaction_pool_monitor::eth_client[0m[2m:[0m 📡 Transaction fetch RPC completed in 3.846417ms
[2m2025-12-10T10:13:36.649813Z[0m [34mDEBUG[0m [2methereum_transaction_pool_monitor::eth_client[0m[2m:[0m ✅ Transaction 0x90c74618f677c4f12eb0c526340a73715c9dcd54d73c7e11a4ee3966a47c9b5d fetched and parsed in 74.28275ms
[2m2025-12-10T10:13:36.649838Z[0m [34mDEBUG[0m [2methereum_transaction_pool_monitor::mempool_monitor[0m[2m:[0m 🔍 Skipping tx 0x90c74618f677c4f12eb0c526340a73715c9dcd54d73c7e11a4ee3966a47c9b5d - not a DEX interaction (target: 0xA0b86991c6218b36c1d19D4a2e9Eb0cE3606eB48)
[2m2025-12-10T10:13:36.649886Z[0m [34mDEBUG[0m [2mhyper::client::pool[0m[2m:[0m reuse idle connection for ("http", 192.168.0.14:8545)
[2m2025-12-10T10:13:36.649932Z[0m [34mDEBUG[0m [2mhyper::proto::h1::io[0m[2m:[0m flushed 172 bytes
[2m2025-12-10T10:13:36.654168Z[0m [34mDEBUG[0m [2mhyper::proto::h1::io[0m[2m:[0m parsed 4 headers
[2m2025-12-10T10:13:36.654183Z[0m [34mDEBUG[0m [2mhyper::proto::h1::conn[0m[2m:[0m incoming body is content-length (45 bytes)
[2m2025-12-10T10:13:36.654191Z[0m [34mDEBUG[0m [2mhyper::proto::h1::conn[0m[2m:[0m incoming body completed
[2m2025-12-10T10:13:36.654200Z[0m [34mDEBUG[0m [2mhyper::client::pool[0m[2m:[0m pooling idle connection for ("http", 192.168.0.14:8545)
[2m2025-12-10T10:13:36.672743Z[0m [34mDEBUG[0m [2methereum_transaction_pool_monitor::eth_client[0m[2m:[0m 📨 Received WebSocket message: {"jsonrpc":"2.0","method":"eth_subscription","params":{"subscription":"0xbed0a0851463e895960a451075a301a9","result":"0x548206e492ae5406ac8525849b2b5a0e07a8662e52fc77ab3a76ec3a594906b4"}}
[2m2025-12-10T10:13:36.672767Z[0m [34mDEBUG[0m [2methereum_transaction_pool_monitor::eth_client[0m[2m:[0m 📨 Received pending transaction: 0x548206e492ae5406ac8525849b2b5a0e07a8662e52fc77ab3a76ec3a594906b4
[2m2025-12-10T10:13:36.672776Z[0m [34mDEBUG[0m [2methereum_transaction_pool_monitor::mempool_monitor[0m[2m:[0m 📨 Processing new pending transaction: 0x548206e492ae5406ac8525849b2b5a0e07a8662e52fc77ab3a76ec3a594906b4
[2m2025-12-10T10:13:36.672781Z[0m [34mDEBUG[0m [2methereum_transaction_pool_monitor::mempool_monitor[0m[2m:[0m 🔍 Fetching transaction details for: 0x548206e492ae5406ac8525849b2b5a0e07a8662e52fc77ab3a76ec3a594906b4
[2m2025-12-10T10:13:36.672784Z[0m [34mDEBUG[0m [2methereum_transaction_pool_monitor::eth_client[0m[2m:[0m 🔍 Fetching transaction details for hash: 0x548206e492ae5406ac8525849b2b5a0e07a8662e52fc77ab3a76ec3a594906b4
[2m2025-12-10T10:13:36.672807Z[0m [34mDEBUG[0m [2mhyper::client::pool[0m[2m:[0m reuse idle connection for ("http", 192.168.0.14:8545)
[2m2025-12-10T10:13:36.672833Z[0m [34mDEBUG[0m [2mhyper::proto::h1::io[0m[2m:[0m flushed 250 bytes
[2m2025-12-10T10:13:36.685011Z[0m [34mDEBUG[0m [2mhyper::proto::h1::io[0m[2m:[0m parsed 4 headers
[2m2025-12-10T10:13:36.685025Z[0m [34mDEBUG[0m [2mhyper::proto::h1::conn[0m[2m:[0m incoming body is content-length (771 bytes)
[2m2025-12-10T10:13:36.685033Z[0m [34mDEBUG[0m [2mhyper::proto::h1::conn[0m[2m:[0m incoming body completed
[2m2025-12-10T10:13:36.685043Z[0m [34mDEBUG[0m [2mhyper::client::pool[0m[2m:[0m pooling idle connection for ("http", 192.168.0.14:8545)
[2m2025-12-10T10:13:36.685051Z[0m [34mDEBUG[0m [2methereum_transaction_pool_monitor::eth_client[0m[2m:[0m 📡 Transaction fetch RPC completed in 12.263041ms
[2m2025-12-10T10:13:36.685068Z[0m [34mDEBUG[0m [2methereum_transaction_pool_monitor::eth_client[0m[2m:[0m DeFi transaction detected - Address: 0xdac17f958d2ee523a2206206994597c13d831ec7, Type: Stablecoin, Value: 0 ETH, Gas: 0.67 Gwei
[2m2025-12-10T10:13:36.685078Z[0m [34mDEBUG[0m [2methereum_transaction_pool_monitor::eth_client[0m[2m:[0m ✅ Transaction 0x548206e492ae5406ac8525849b2b5a0e07a8662e52fc77ab3a76ec3a594906b4 fetched and parsed in 12.289916ms
[2m2025-12-10T10:13:36.685084Z[0m [34mDEBUG[0m [2methereum_transaction_pool_monitor::mempool_monitor[0m[2m:[0m 🔍 Skipping tx 0x548206e492ae5406ac8525849b2b5a0e07a8662e52fc77ab3a76ec3a594906b4 - not a DEX interaction (target: 0xdAC17F958D2ee523a2206206994597C13D831ec7)
[2m2025-12-10T10:13:36.699757Z[0m [34mDEBUG[0m [2mhyper::client::pool[0m[2m:[0m reuse idle connection for ("http", 192.168.0.14:8545)
[2m2025-12-10T10:13:36.699798Z[0m [34mDEBUG[0m [2mhyper::proto::h1::io[0m[2m:[0m flushed 172 bytes
[2m2025-12-10T10:13:36.705141Z[0m [34mDEBUG[0m [2mhyper::proto::h1::io[0m[2m:[0m parsed 4 headers
[2m2025-12-10T10:13:36.705154Z[0m [34mDEBUG[0m [2mhyper::proto::h1::conn[0m[2m:[0m incoming body is content-length (45 bytes)
[2m2025-12-10T10:13:36.705161Z[0m [34mDEBUG[0m [2mhyper::proto::h1::conn[0m[2m:[0m incoming body completed
[2m2025-12-10T10:13:36.705170Z[0m [34mDEBUG[0m [2mhyper::client::pool[0m[2m:[0m pooling idle connection for ("http", 192.168.0.14:8545)
[2m2025-12-10T10:13:36.799230Z[0m [34mDEBUG[0m [2mhyper::client::pool[0m[2m:[0m reuse idle connection for ("http", 192.168.0.14:8545)
[2m2025-12-10T10:13:36.799291Z[0m [34mDEBUG[0m [2mhyper::proto::h1::io[0m[2m:[0m flushed 172 bytes
[2m2025-12-10T10:13:36.802099Z[0m [34mDEBUG[0m [2mhyper::proto::h1::io[0m[2m:[0m parsed 4 headers
[2m2025-12-10T10:13:36.802112Z[0m [34mDEBUG[0m [2mhyper::proto::h1::conn[0m[2m:[0m incoming body is content-length (45 bytes)
[2m2025-12-10T10:13:36.802120Z[0m [34mDEBUG[0m [2mhyper::proto::h1::conn[0m[2m:[0m incoming body completed
[2m2025-12-10T10:13:36.802129Z[0m [34mDEBUG[0m [2mhyper::client::pool[0m[2m:[0m pooling idle connection for ("http", 192.168.0.14:8545)
[2m2025-12-10T10:13:36.829300Z[0m [34mDEBUG[0m [2methereum_transaction_pool_monitor::eth_client[0m[2m:[0m 📨 Received WebSocket message: {"jsonrpc":"2.0","method":"eth_subscription","params":{"subscription":"0xbed0a0851463e895960a451075a301a9","result":"0x30febe8588bf9bde29b1cb104b206f6f4170412c64158c07b15bad9e2dabeee0"}}
[2m2025-12-10T10:13:36.829324Z[0m [34mDEBUG[0m [2methereum_transaction_pool_monitor::eth_client[0m[2m:[0m 📨 Received pending transaction: 0x30febe8588bf9bde29b1cb104b206f6f4170412c64158c07b15bad9e2dabeee0
[2m2025-12-10T10:13:36.829332Z[0m [34mDEBUG[0m [2methereum_transaction_pool_monitor::mempool_monitor[0m[2m:[0m 📨 Processing new pending transaction: 0x30febe8588bf9bde29b1cb104b206f6f4170412c64158c07b15bad9e2dabeee0
[2m2025-12-10T10:13:36.829337Z[0m [34mDEBUG[0m [2methereum_transaction_pool_monitor::mempool_monitor[0m[2m:[0m 🔍 Fetching transaction details for: 0x30febe8588bf9bde29b1cb104b206f6f4170412c64158c07b15bad9e2dabeee0
[2m2025-12-10T10:13:36.829340Z[0m [34mDEBUG[0m [2methereum_transaction_pool_monitor::eth_client[0m[2m:[0m 🔍 Fetching transaction details for hash: 0x30febe8588bf9bde29b1cb104b206f6f4170412c64158c07b15bad9e2dabeee0
[2m2025-12-10T10:13:36.829358Z[0m [34mDEBUG[0m [2mhyper::client::pool[0m[2m:[0m reuse idle connection for ("http", 192.168.0.14:8545)
[2m2025-12-10T10:13:36.829379Z[0m [34mDEBUG[0m [2mhyper::proto::h1::io[0m[2m:[0m flushed 250 bytes
[2m2025-12-10T10:13:36.833438Z[0m [34mDEBUG[0m [2mhyper::proto::h1::io[0m[2m:[0m parsed 4 headers
[2m2025-12-10T10:13:36.833454Z[0m [34mDEBUG[0m [2mhyper::proto::h1::conn[0m[2m:[0m incoming body is content-length (552 bytes)
[2m2025-12-10T10:13:36.833462Z[0m [34mDEBUG[0m [2mhyper::proto::h1::conn[0m[2m:[0m incoming body completed
[2m2025-12-10T10:13:36.833472Z[0m [34mDEBUG[0m [2mhyper::client::pool[0m[2m:[0m pooling idle connection for ("http", 192.168.0.14:8545)
[2m2025-12-10T10:13:36.833479Z[0m [34mDEBUG[0m [2methereum_transaction_pool_monitor::eth_client[0m[2m:[0m 📡 Transaction fetch RPC completed in 4.134708ms
[2m2025-12-10T10:13:36.903672Z[0m [34mDEBUG[0m [2methereum_transaction_pool_monitor::eth_client[0m[2m:[0m ✅ Transaction 0x30febe8588bf9bde29b1cb104b206f6f4170412c64158c07b15bad9e2dabeee0 fetched and parsed in 74.324625ms
[2m2025-12-10T10:13:36.903696Z[0m [34mDEBUG[0m [2methereum_transaction_pool_monitor::mempool_monitor[0m[2m:[0m 🔍 Skipping tx 0x30febe8588bf9bde29b1cb104b206f6f4170412c64158c07b15bad9e2dabeee0 - not a DEX interaction (target: 0x2aF4C2feEEc22239fBaaFc45Ff40bd373cdC55a0)
[2m2025-12-10T10:13:36.903741Z[0m [34mDEBUG[0m [2mhyper::client::pool[0m[2m:[0m reuse idle connection for ("http", 192.168.0.14:8545)
[2m2025-12-10T10:13:36.903771Z[0m [34mDEBUG[0m [2methereum_transaction_pool_monitor::eth_client[0m[2m:[0m 📨 Received WebSocket message: {"jsonrpc":"2.0","method":"eth_subscription","params":{"subscription":"0xbed0a0851463e895960a451075a301a9","result":"0x35263049ff5dfada1de9b5284f647dfcdac797d6e756772ecb3be42015c1016c"}}
[2m2025-12-10T10:13:36.903774Z[0m [34mDEBUG[0m [2mhyper::proto::h1::io[0m[2m:[0m flushed 172 bytes
[2m2025-12-10T10:13:36.903781Z[0m [34mDEBUG[0m [2methereum_transaction_pool_monitor::eth_client[0m[2m:[0m 📨 Received pending transaction: 0x35263049ff5dfada1de9b5284f647dfcdac797d6e756772ecb3be42015c1016c
[2m2025-12-10T10:13:36.903789Z[0m [34mDEBUG[0m [2methereum_transaction_pool_monitor::mempool_monitor[0m[2m:[0m 📨 Processing new pending transaction: 0x35263049ff5dfada1de9b5284f647dfcdac797d6e756772ecb3be42015c1016c
[2m2025-12-10T10:13:36.903793Z[0m [34mDEBUG[0m [2methereum_transaction_pool_monitor::mempool_monitor[0m[2m:[0m 🔍 Fetching transaction details for: 0x35263049ff5dfada1de9b5284f647dfcdac797d6e756772ecb3be42015c1016c
[2m2025-12-10T10:13:36.903797Z[0m [34mDEBUG[0m [2methereum_transaction_pool_monitor::eth_client[0m[2m:[0m 🔍 Fetching transaction details for hash: 0x35263049ff5dfada1de9b5284f647dfcdac797d6e756772ecb3be42015c1016c
[2m2025-12-10T10:13:36.903808Z[0m [34mDEBUG[0m [2mhyper::client::pool[0m[2m:[0m reuse idle connection for ("http", 192.168.0.14:8545)
[2m2025-12-10T10:13:36.903821Z[0m [34mDEBUG[0m [2mhyper::proto::h1::io[0m[2m:[0m flushed 250 bytes
[2m2025-12-10T10:13:36.907959Z[0m [34mDEBUG[0m [2methereum_transaction_pool_monitor::eth_client[0m[2m:[0m 📨 Received WebSocket message: {"jsonrpc":"2.0","method":"eth_subscription","params":{"subscription":"0xbed0a0851463e895960a451075a301a9","result":"0x9e00e9fea2b6c695556a0854d5d0c7b9f6406ef6c5fc67e84139f100f5f3a3b0"}}
[2m2025-12-10T10:13:36.907976Z[0m [34mDEBUG[0m [2methereum_transaction_pool_monitor::eth_client[0m[2m:[0m 📨 Received pending transaction: 0x9e00e9fea2b6c695556a0854d5d0c7b9f6406ef6c5fc67e84139f100f5f3a3b0
[2m2025-12-10T10:13:36.907989Z[0m [34mDEBUG[0m [2mhyper::proto::h1::io[0m[2m:[0m parsed 4 headers
[2m2025-12-10T10:13:36.907993Z[0m [34mDEBUG[0m [2mhyper::proto::h1::conn[0m[2m:[0m incoming body is content-length (45 bytes)
[2m2025-12-10T10:13:36.908000Z[0m [34mDEBUG[0m [2mhyper::proto::h1::conn[0m[2m:[0m incoming body completed
[2m2025-12-10T10:13:36.908010Z[0m [34mDEBUG[0m [2mhyper::client::pool[0m[2m:[0m pooling idle connection for ("http", 192.168.0.14:8545)
[2m2025-12-10T10:13:36.908590Z[0m [34mDEBUG[0m [2mhyper::proto::h1::io[0m[2m:[0m parsed 4 headers
[2m2025-12-10T10:13:36.908596Z[0m [34mDEBUG[0m [2mhyper::proto::h1::conn[0m[2m:[0m incoming body is content-length (648 bytes)
[2m2025-12-10T10:13:36.908601Z[0m [34mDEBUG[0m [2mhyper::proto::h1::conn[0m[2m:[0m incoming body completed
[2m2025-12-10T10:13:36.908607Z[0m [34mDEBUG[0m [2mhyper::client::pool[0m[2m:[0m pooling idle connection for ("http", 192.168.0.14:8545)
[2m2025-12-10T10:13:36.908611Z[0m [34mDEBUG[0m [2methereum_transaction_pool_monitor::eth_client[0m[2m:[0m 📡 Transaction fetch RPC completed in 4.807459ms
[2m2025-12-10T10:13:36.976967Z[0m [34mDEBUG[0m [2methereum_transaction_pool_monitor::eth_client[0m[2m:[0m ✅ Transaction 0x35263049ff5dfada1de9b5284f647dfcdac797d6e756772ecb3be42015c1016c fetched and parsed in 73.160334ms
[2m2025-12-10T10:13:36.976988Z[0m [34mDEBUG[0m [2methereum_transaction_pool_monitor::mempool_monitor[0m[2m:[0m 🔍 Skipping tx 0x35263049ff5dfada1de9b5284f647dfcdac797d6e756772ecb3be42015c1016c - not a DEX interaction (target: 0xCfbaFaE920CbDd5319A9e4303c88e5579336cfd9)
[2m2025-12-10T10:13:36.976997Z[0m [34mDEBUG[0m [2methereum_transaction_pool_monitor::mempool_monitor[0m[2m:[0m 📨 Processing new pending transaction: 0x9e00e9fea2b6c695556a0854d5d0c7b9f6406ef6c5fc67e84139f100f5f3a3b0
[2m2025-12-10T10:13:36.977001Z[0m [34mDEBUG[0m [2methereum_transaction_pool_monitor::mempool_monitor[0m[2m:[0m 🔍 Fetching transaction details for: 0x9e00e9fea2b6c695556a0854d5d0c7b9f6406ef6c5fc67e84139f100f5f3a3b0
[2m2025-12-10T10:13:36.977005Z[0m [34mDEBUG[0m [2methereum_transaction_pool_monitor::eth_client[0m[2m:[0m 🔍 Fetching transaction details for hash: 0x9e00e9fea2b6c695556a0854d5d0c7b9f6406ef6c5fc67e84139f100f5f3a3b0
[2m2025-12-10T10:13:36.977024Z[0m [34mDEBUG[0m [2mhyper::client::pool[0m[2m:[0m reuse idle connection for ("http", 192.168.0.14:8545)
[2m2025-12-10T10:13:36.977055Z[0m [34mDEBUG[0m [2mhyper::proto::h1::io[0m[2m:[0m flushed 250 bytes
[2m2025-12-10T10:13:36.977329Z[0m [34mDEBUG[0m [2methereum_transaction_pool_monitor::eth_client[0m[2m:[0m 📨 Received WebSocket message: {"jsonrpc":"2.0","method":"eth_subscription","params":{"subscription":"0xbed0a0851463e895960a451075a301a9","result":"0x8051246f9061267ed18490a8bace1ccfd309fb0d2415ad7fd31a5a9446751cf2"}}
[2m2025-12-10T10:13:36.977337Z[0m [34mDEBUG[0m [2methereum_transaction_pool_monitor::eth_client[0m[2m:[0m 📨 Received pending transaction: 0x8051246f9061267ed18490a8bace1ccfd309fb0d2415ad7fd31a5a9446751cf2
[2m2025-12-10T10:13:36.983222Z[0m [34mDEBUG[0m [2mhyper::proto::h1::io[0m[2m:[0m parsed 4 headers
[2m2025-12-10T10:13:36.983233Z[0m [34mDEBUG[0m [2mhyper::proto::h1::conn[0m[2m:[0m incoming body is content-length (827 bytes)
[2m2025-12-10T10:13:36.983241Z[0m [34mDEBUG[0m [2mhyper::proto::h1::conn[0m[2m:[0m incoming body completed
[2m2025-12-10T10:13:36.983250Z[0m [34mDEBUG[0m [2mhyper::client::pool[0m[2m:[0m pooling idle connection for ("http", 192.168.0.14:8545)
[2m2025-12-10T10:13:36.983256Z[0m [34mDEBUG[0m [2methereum_transaction_pool_monitor::eth_client[0m[2m:[0m 📡 Transaction fetch RPC completed in 6.247167ms
[2m2025-12-10T10:13:37.054882Z[0m [34mDEBUG[0m [2methereum_transaction_pool_monitor::eth_client[0m[2m:[0m ✅ Transaction 0x9e00e9fea2b6c695556a0854d5d0c7b9f6406ef6c5fc67e84139f100f5f3a3b0 fetched and parsed in 77.871167ms
[2m2025-12-10T10:13:37.054907Z[0m [34mDEBUG[0m [2methereum_transaction_pool_monitor::mempool_monitor[0m[2m:[0m 🔍 Skipping tx 0x9e00e9fea2b6c695556a0854d5d0c7b9f6406ef6c5fc67e84139f100f5f3a3b0 - not a DEX interaction (target: 0x7a01AB844767469e321109D0b465ABaF1E774d26)
[2m2025-12-10T10:13:37.054916Z[0m [34mDEBUG[0m [2methereum_transaction_pool_monitor::mempool_monitor[0m[2m:[0m 📨 Processing new pending transaction: 0x8051246f9061267ed18490a8bace1ccfd309fb0d2415ad7fd31a5a9446751cf2
[2m2025-12-10T10:13:37.054921Z[0m [34mDEBUG[0m [2methereum_transaction_pool_monitor::mempool_monitor[0m[2m:[0m 🔍 Fetching transaction details for: 0x8051246f9061267ed18490a8bace1ccfd309fb0d2415ad7fd31a5a9446751cf2
[2m2025-12-10T10:13:37.054925Z[0m [34mDEBUG[0m [2methereum_transaction_pool_monitor::eth_client[0m[2m:[0m 🔍 Fetching transaction details for hash: 0x8051246f9061267ed18490a8bace1ccfd309fb0d2415ad7fd31a5a9446751cf2
[2m2025-12-10T10:13:37.054946Z[0m [34mDEBUG[0m [2mhyper::client::pool[0m[2m:[0m reuse idle connection for ("http", 192.168.0.14:8545)
[2m2025-12-10T10:13:37.054988Z[0m [34mDEBUG[0m [2mhyper::proto::h1::io[0m[2m:[0m flushed 250 bytes
[2m2025-12-10T10:13:37.055016Z[0m [34mDEBUG[0m [2mhyper::client::pool[0m[2m:[0m reuse idle connection for ("http", 192.168.0.14:8545)
[2m2025-12-10T10:13:37.055030Z[0m [34mDEBUG[0m [2mhyper::proto::h1::io[0m[2m:[0m flushed 172 bytes
[2m2025-12-10T10:13:37.060656Z[0m [34mDEBUG[0m [2mhyper::proto::h1::io[0m[2m:[0m parsed 4 headers
[2m2025-12-10T10:13:37.060668Z[0m [34mDEBUG[0m [2mhyper::proto::h1::conn[0m[2m:[0m incoming body is content-length (639 bytes)
[2m2025-12-10T10:13:37.060675Z[0m [34mDEBUG[0m [2mhyper::proto::h1::conn[0m[2m:[0m incoming body completed
[2m2025-12-10T10:13:37.060656Z[0m [34mDEBUG[0m [2mhyper::proto::h1::io[0m[2m:[0m parsed 4 headers
[2m2025-12-10T10:13:37.060686Z[0m [34mDEBUG[0m [2mhyper::proto::h1::conn[0m[2m:[0m incoming body is content-length (45 bytes)
[2m2025-12-10T10:13:37.060685Z[0m [34mDEBUG[0m [2mhyper::client::pool[0m[2m:[0m pooling idle connection for ("http", 192.168.0.14:8545)
[2m2025-12-10T10:13:37.060699Z[0m [34mDEBUG[0m [2methereum_transaction_pool_monitor::eth_client[0m[2m:[0m 📡 Transaction fetch RPC completed in 5.770333ms
[2m2025-12-10T10:13:37.060692Z[0m [34mDEBUG[0m [2mhyper::proto::h1::conn[0m[2m:[0m incoming body completed
[2m2025-12-10T10:13:37.060713Z[0m [34mDEBUG[0m [2mhyper::client::pool[0m[2m:[0m pooling idle connection for ("http", 192.168.0.14:8545)
[2m2025-12-10T10:13:37.099818Z[0m [34mDEBUG[0m [2mhyper::client::pool[0m[2m:[0m reuse idle connection for ("http", 192.168.0.14:8545)
[2m2025-12-10T10:13:37.099883Z[0m [34mDEBUG[0m [2mhyper::proto::h1::io[0m[2m:[0m flushed 172 bytes
[2m2025-12-10T10:13:37.103116Z[0m [34mDEBUG[0m [2mhyper::proto::h1::io[0m[2m:[0m parsed 4 headers
[2m2025-12-10T10:13:37.103148Z[0m [34mDEBUG[0m [2mhyper::proto::h1::conn[0m[2m:[0m incoming body is content-length (45 bytes)
[2m2025-12-10T10:13:37.103169Z[0m [34mDEBUG[0m [2mhyper::proto::h1::conn[0m[2m:[0m incoming body completed
[2m2025-12-10T10:13:37.103192Z[0m [34mDEBUG[0m [2mhyper::client::pool[0m[2m:[0m pooling idle connection for ("http", 192.168.0.14:8545)
[2m2025-12-10T10:13:37.132011Z[0m [34mDEBUG[0m [2methereum_transaction_pool_monitor::eth_client[0m[2m:[0m ✅ Transaction 0x8051246f9061267ed18490a8bace1ccfd309fb0d2415ad7fd31a5a9446751cf2 fetched and parsed in 77.080083ms
[2m2025-12-10T10:13:37.132036Z[0m [34mDEBUG[0m [2methereum_transaction_pool_monitor::mempool_monitor[0m[2m:[0m 🔍 Skipping tx 0x8051246f9061267ed18490a8bace1ccfd309fb0d2415ad7fd31a5a9446751cf2 - not a DEX interaction (target: 0x63d3dE29C28b3b7150e35AB6d433892E167bf5e6)
[2m2025-12-10T10:13:37.199278Z[0m [34mDEBUG[0m [2mhyper::client::pool[0m[2m:[0m reuse idle connection for ("http", 192.168.0.14:8545)
[2m2025-12-10T10:13:37.199322Z[0m [34mDEBUG[0m [2mhyper::proto::h1::io[0m[2m:[0m flushed 172 bytes
[2m2025-12-10T10:13:37.202031Z[0m [34mDEBUG[0m [2mhyper::proto::h1::io[0m[2m:[0m parsed 4 headers
[2m2025-12-10T10:13:37.202043Z[0m [34mDEBUG[0m [2mhyper::proto::h1::conn[0m[2m:[0m incoming body is content-length (45 bytes)
[2m2025-12-10T10:13:37.202050Z[0m [34mDEBUG[0m [2mhyper::proto::h1::conn[0m[2m:[0m incoming body completed
[2m2025-12-10T10:13:37.202059Z[0m [34mDEBUG[0m [2mhyper::client::pool[0m[2m:[0m pooling idle connection for ("http", 192.168.0.14:8545)
[2m2025-12-10T10:13:37.281296Z[0m [34mDEBUG[0m [2methereum_transaction_pool_monitor::eth_client[0m[2m:[0m 📨 Received WebSocket message: {"jsonrpc":"2.0","method":"eth_subscription","params":{"subscription":"0xbed0a0851463e895960a451075a301a9","result":"0xa4697fba4b50b6e39d4dae9e7918e3c12f619b8d26bf8a3e81d8a67c9036b01c"}}
[2m2025-12-10T10:13:37.281316Z[0m [34mDEBUG[0m [2methereum_transaction_pool_monitor::eth_client[0m[2m:[0m 📨 Received pending transaction: 0xa4697fba4b50b6e39d4dae9e7918e3c12f619b8d26bf8a3e81d8a67c9036b01c
[2m2025-12-10T10:13:37.281326Z[0m [34mDEBUG[0m [2methereum_transaction_pool_monitor::mempool_monitor[0m[2m:[0m 📨 Processing new pending transaction: 0xa4697fba4b50b6e39d4dae9e7918e3c12f619b8d26bf8a3e81d8a67c9036b01c
[2m2025-12-10T10:13:37.281331Z[0m [34mDEBUG[0m [2methereum_transaction_pool_monitor::mempool_monitor[0m[2m:[0m 🔍 Fetching transaction details for: 0xa4697fba4b50b6e39d4dae9e7918e3c12f619b8d26bf8a3e81d8a67c9036b01c
[2m2025-12-10T10:13:37.281335Z[0m [34mDEBUG[0m [2methereum_transaction_pool_monitor::eth_client[0m[2m:[0m 🔍 Fetching transaction details for hash: 0xa4697fba4b50b6e39d4dae9e7918e3c12f619b8d26bf8a3e81d8a67c9036b01c
[2m2025-12-10T10:13:37.281352Z[0m [34mDEBUG[0m [2mhyper::client::pool[0m[2m:[0m reuse idle connection for ("http", 192.168.0.14:8545)
[2m2025-12-10T10:13:37.281375Z[0m [34mDEBUG[0m [2mhyper::proto::h1::io[0m[2m:[0m flushed 250 bytes
[2m2025-12-10T10:13:37.289993Z[0m [34mDEBUG[0m [2mhyper::proto::h1::io[0m[2m:[0m parsed 4 headers
[2m2025-12-10T10:13:37.290003Z[0m [34mDEBUG[0m [2mhyper::proto::h1::conn[0m[2m:[0m incoming body is content-length (1731 bytes)
[2m2025-12-10T10:13:37.290010Z[0m [34mDEBUG[0m [2mhyper::proto::h1::conn[0m[2m:[0m incoming body completed
[2m2025-12-10T10:13:37.290020Z[0m [34mDEBUG[0m [2mhyper::client::pool[0m[2m:[0m pooling idle connection for ("http", 192.168.0.14:8545)
[2m2025-12-10T10:13:37.290037Z[0m [34mDEBUG[0m [2methereum_transaction_pool_monitor::eth_client[0m[2m:[0m 📡 Transaction fetch RPC completed in 8.698041ms
[2m2025-12-10T10:13:37.362468Z[0m [34mDEBUG[0m [2methereum_transaction_pool_monitor::eth_client[0m[2m:[0m ✅ Transaction 0xa4697fba4b50b6e39d4dae9e7918e3c12f619b8d26bf8a3e81d8a67c9036b01c fetched and parsed in 81.126ms
[2m2025-12-10T10:13:37.362496Z[0m [34mDEBUG[0m [2methereum_transaction_pool_monitor::mempool_monitor[0m[2m:[0m 🔍 Skipping tx 0xa4697fba4b50b6e39d4dae9e7918e3c12f619b8d26bf8a3e81d8a67c9036b01c - not a DEX interaction (target: 0x601a2aD6CB5949f0529735254189Ba3194221EDF)
[2m2025-12-10T10:13:37.362543Z[0m [34mDEBUG[0m [2mhyper::client::pool[0m[2m:[0m reuse idle connection for ("http", 192.168.0.14:8545)
[2m2025-12-10T10:13:37.362739Z[0m [34mDEBUG[0m [2mhyper::proto::h1::io[0m[2m:[0m flushed 172 bytes
[2m2025-12-10T10:13:37.369400Z[0m [34mDEBUG[0m [2mhyper::proto::h1::io[0m[2m:[0m parsed 4 headers
[2m2025-12-10T10:13:37.369406Z[0m [34mDEBUG[0m [2mhyper::proto::h1::conn[0m[2m:[0m incoming body is content-length (45 bytes)
[2m2025-12-10T10:13:37.369413Z[0m [34mDEBUG[0m [2mhyper::proto::h1::conn[0m[2m:[0m incoming body completed
[2m2025-12-10T10:13:37.369420Z[0m [34mDEBUG[0m [2mhyper::client::pool[0m[2m:[0m pooling idle connection for ("http", 192.168.0.14:8545)
[2m2025-12-10T10:13:37.398841Z[0m [34mDEBUG[0m [2mhyper::client::pool[0m[2m:[0m reuse idle connection for ("http", 192.168.0.14:8545)
[2m2025-12-10T10:13:37.398873Z[0m [34mDEBUG[0m [2mhyper::proto::h1::io[0m[2m:[0m flushed 172 bytes
[2m2025-12-10T10:13:37.402064Z[0m [34mDEBUG[0m [2mhyper::proto::h1::io[0m[2m:[0m parsed 4 headers
[2m2025-12-10T10:13:37.402069Z[0m [34mDEBUG[0m [2mhyper::proto::h1::conn[0m[2m:[0m incoming body is content-length (45 bytes)
[2m2025-12-10T10:13:37.402075Z[0m [34mDEBUG[0m [2mhyper::proto::h1::conn[0m[2m:[0m incoming body completed
[2m2025-12-10T10:13:37.402082Z[0m [34mDEBUG[0m [2mhyper::client::pool[0m[2m:[0m pooling idle connection for ("http", 192.168.0.14:8545)
[2m2025-12-10T10:13:37.419144Z[0m [34mDEBUG[0m [2methereum_transaction_pool_monitor::eth_client[0m[2m:[0m 📨 Received WebSocket message: {"jsonrpc":"2.0","method":"eth_subscription","params":{"subscription":"0xbed0a0851463e895960a451075a301a9","result":"0xc7de5dbf92f2e021315ac5ad3f17d76b8d2808d095b2378049cf7b939a80d1b6"}}
[2m2025-12-10T10:13:37.419157Z[0m [34mDEBUG[0m [2methereum_transaction_pool_monitor::eth_client[0m[2m:[0m 📨 Received pending transaction: 0xc7de5dbf92f2e021315ac5ad3f17d76b8d2808d095b2378049cf7b939a80d1b6
[2m2025-12-10T10:13:37.419164Z[0m [34mDEBUG[0m [2methereum_transaction_pool_monitor::mempool_monitor[0m[2m:[0m 📨 Processing new pending transaction: 0xc7de5dbf92f2e021315ac5ad3f17d76b8d2808d095b2378049cf7b939a80d1b6
[2m2025-12-10T10:13:37.419168Z[0m [34mDEBUG[0m [2methereum_transaction_pool_monitor::mempool_monitor[0m[2m:[0m 🔍 Fetching transaction details for: 0xc7de5dbf92f2e021315ac5ad3f17d76b8d2808d095b2378049cf7b939a80d1b6
[2m2025-12-10T10:13:37.419172Z[0m [34mDEBUG[0m [2methereum_transaction_pool_monitor::eth_client[0m[2m:[0m 🔍 Fetching transaction details for hash: 0xc7de5dbf92f2e021315ac5ad3f17d76b8d2808d095b2378049cf7b939a80d1b6
[2m2025-12-10T10:13:37.419185Z[0m [34mDEBUG[0m [2mhyper::client::pool[0m[2m:[0m reuse idle connection for ("http", 192.168.0.14:8545)
[2m2025-12-10T10:13:37.419202Z[0m [34mDEBUG[0m [2mhyper::proto::h1::io[0m[2m:[0m flushed 250 bytes
[2m2025-12-10T10:13:37.425734Z[0m [34mDEBUG[0m [2mhyper::proto::h1::io[0m[2m:[0m parsed 4 headers
[2m2025-12-10T10:13:37.425740Z[0m [34mDEBUG[0m [2mhyper::proto::h1::conn[0m[2m:[0m incoming body is content-length (769 bytes)
[2m2025-12-10T10:13:37.425745Z[0m [34mDEBUG[0m [2mhyper::proto::h1::conn[0m[2m:[0m incoming body completed
[2m2025-12-10T10:13:37.425751Z[0m [34mDEBUG[0m [2mhyper::client::pool[0m[2m:[0m pooling idle connection for ("http", 192.168.0.14:8545)
[2m2025-12-10T10:13:37.425756Z[0m [34mDEBUG[0m [2methereum_transaction_pool_monitor::eth_client[0m[2m:[0m 📡 Transaction fetch RPC completed in 6.579917ms
[2m2025-12-10T10:13:37.495266Z[0m [34mDEBUG[0m [2methereum_transaction_pool_monitor::eth_client[0m[2m:[0m ✅ Transaction 0xc7de5dbf92f2e021315ac5ad3f17d76b8d2808d095b2378049cf7b939a80d1b6 fetched and parsed in 76.08825ms
[2m2025-12-10T10:13:37.495291Z[0m [34mDEBUG[0m [2methereum_transaction_pool_monitor::mempool_monitor[0m[2m:[0m 🔍 Skipping tx 0xc7de5dbf92f2e021315ac5ad3f17d76b8d2808d095b2378049cf7b939a80d1b6 - not a DEX interaction (target: 0xA0b86991c6218b36c1d19D4a2e9Eb0cE3606eB48)
[2m2025-12-10T10:13:37.498724Z[0m [34mDEBUG[0m [2mhyper::client::pool[0m[2m:[0m reuse idle connection for ("http", 192.168.0.14:8545)
[2m2025-12-10T10:13:37.498767Z[0m [34mDEBUG[0m [2mhyper::proto::h1::io[0m[2m:[0m flushed 172 bytes
[2m2025-12-10T10:13:37.508849Z[0m [34mDEBUG[0m [2mhyper::proto::h1::io[0m[2m:[0m parsed 4 headers
[2m2025-12-10T10:13:37.508855Z[0m [34mDEBUG[0m [2mhyper::proto::h1::conn[0m[2m:[0m incoming body is content-length (45 bytes)
[2m2025-12-10T10:13:37.508863Z[0m [34mDEBUG[0m [2mhyper::proto::h1::conn[0m[2m:[0m incoming body completed
[2m2025-12-10T10:13:37.508871Z[0m [34mDEBUG[0m [2mhyper::client::pool[0m[2m:[0m pooling idle connection for ("http", 192.168.0.14:8545)
[2m2025-12-10T10:13:37.512871Z[0m [34mDEBUG[0m [2methereum_transaction_pool_monitor::eth_client[0m[2m:[0m 📨 Received WebSocket message: {"jsonrpc":"2.0","method":"eth_subscription","params":{"subscription":"0xbed0a0851463e895960a451075a301a9","result":"0xf4cf40f439c41181c5c721b41b62523e9c31fd5bd653bc779c2f993f4ebb5567"}}
[2m2025-12-10T10:13:37.512881Z[0m [34mDEBUG[0m [2methereum_transaction_pool_monitor::eth_client[0m[2m:[0m 📨 Received pending transaction: 0xf4cf40f439c41181c5c721b41b62523e9c31fd5bd653bc779c2f993f4ebb5567
[2m2025-12-10T10:13:37.512888Z[0m [34mDEBUG[0m [2methereum_transaction_pool_monitor::mempool_monitor[0m[2m:[0m 📨 Processing new pending transaction: 0xf4cf40f439c41181c5c721b41b62523e9c31fd5bd653bc779c2f993f4ebb5567
[2m2025-12-10T10:13:37.512895Z[0m [34mDEBUG[0m [2methereum_transaction_pool_monitor::mempool_monitor[0m[2m:[0m 🔍 Fetching transaction details for: 0xf4cf40f439c41181c5c721b41b62523e9c31fd5bd653bc779c2f993f4ebb5567
[2m2025-12-10T10:13:37.512900Z[0m [34mDEBUG[0m [2methereum_transaction_pool_monitor::eth_client[0m[2m:[0m 🔍 Fetching transaction details for hash: 0xf4cf40f439c41181c5c721b41b62523e9c31fd5bd653bc779c2f993f4ebb5567
[2m2025-12-10T10:13:37.512913Z[0m [34mDEBUG[0m [2mhyper::client::pool[0m[2m:[0m reuse idle connection for ("http", 192.168.0.14:8545)
[2m2025-12-10T10:13:37.512928Z[0m [34mDEBUG[0m [2mhyper::proto::h1::io[0m[2m:[0m flushed 250 bytes
[2m2025-12-10T10:13:37.523832Z[0m [34mDEBUG[0m [2mhyper::proto::h1::io[0m[2m:[0m parsed 4 headers
[2m2025-12-10T10:13:37.523838Z[0m [34mDEBUG[0m [2mhyper::proto::h1::conn[0m[2m:[0m incoming body is content-length (773 bytes)
[2m2025-12-10T10:13:37.523844Z[0m [34mDEBUG[0m [2mhyper::proto::h1::conn[0m[2m:[0m incoming body completed
[2m2025-12-10T10:13:37.523850Z[0m [34mDEBUG[0m [2mhyper::client::pool[0m[2m:[0m pooling idle connection for ("http", 192.168.0.14:8545)
[2m2025-12-10T10:13:37.523855Z[0m [34mDEBUG[0m [2methereum_transaction_pool_monitor::eth_client[0m[2m:[0m 📡 Transaction fetch RPC completed in 10.951458ms
[2m2025-12-10T10:13:37.523868Z[0m [34mDEBUG[0m [2methereum_transaction_pool_monitor::eth_client[0m[2m:[0m DeFi transaction detected - Address: 0xdac17f958d2ee523a2206206994597c13d831ec7, Type: Stablecoin, Value: 0 ETH, Gas: 0.36 Gwei
[2m2025-12-10T10:13:37.523880Z[0m [34mDEBUG[0m [2methereum_transaction_pool_monitor::eth_client[0m[2m:[0m ✅ Transaction 0xf4cf40f439c41181c5c721b41b62523e9c31fd5bd653bc779c2f993f4ebb5567 fetched and parsed in 10.976458ms
[2m2025-12-10T10:13:37.523885Z[0m [34mDEBUG[0m [2methereum_transaction_pool_monitor::mempool_monitor[0m[2m:[0m 🔍 Skipping tx 0xf4cf40f439c41181c5c721b41b62523e9c31fd5bd653bc779c2f993f4ebb5567 - not a DEX interaction (target: 0xdAC17F958D2ee523a2206206994597C13D831ec7)
[2m2025-12-10T10:13:37.599934Z[0m [34mDEBUG[0m [2mhyper::client::pool[0m[2m:[0m reuse idle connection for ("http", 192.168.0.14:8545)
[2m2025-12-10T10:13:37.599985Z[0m [34mDEBUG[0m [2mhyper::proto::h1::io[0m[2m:[0m flushed 172 bytes
[2m2025-12-10T10:13:37.603083Z[0m [34mDEBUG[0m [2mhyper::proto::h1::io[0m[2m:[0m parsed 4 headers
[2m2025-12-10T10:13:37.603094Z[0m [34mDEBUG[0m [2mhyper::proto::h1::conn[0m[2m:[0m incoming body is content-length (45 bytes)
[2m2025-12-10T10:13:37.603105Z[0m [34mDEBUG[0m [2mhyper::proto::h1::conn[0m[2m:[0m incoming body completed
[2m2025-12-10T10:13:37.603114Z[0m [34mDEBUG[0m [2mhyper::client::pool[0m[2m:[0m pooling idle connection for ("http", 192.168.0.14:8545)
[2m2025-12-10T10:13:37.699176Z[0m [34mDEBUG[0m [2mhyper::client::pool[0m[2m:[0m reuse idle connection for ("http", 192.168.0.14:8545)
[2m2025-12-10T10:13:37.699217Z[0m [34mDEBUG[0m [2mhyper::proto::h1::io[0m[2m:[0m flushed 172 bytes
[2m2025-12-10T10:13:37.704968Z[0m [34mDEBUG[0m [2mhyper::proto::h1::io[0m[2m:[0m parsed 4 headers
[2m2025-12-10T10:13:37.704974Z[0m [34mDEBUG[0m [2mhyper::proto::h1::conn[0m[2m:[0m incoming body is content-length (45 bytes)
[2m2025-12-10T10:13:37.704981Z[0m [34mDEBUG[0m [2mhyper::proto::h1::conn[0m[2m:[0m incoming body completed
[2m2025-12-10T10:13:37.704988Z[0m [34mDEBUG[0m [2mhyper::client::pool[0m[2m:[0m pooling idle connection for ("http", 192.168.0.14:8545)
[2m2025-12-10T10:13:37.799036Z[0m [34mDEBUG[0m [2mhyper::client::pool[0m[2m:[0m reuse idle connection for ("http", 192.168.0.14:8545)
[2m2025-12-10T10:13:37.799074Z[0m [34mDEBUG[0m [2mhyper::proto::h1::io[0m[2m:[0m flushed 172 bytes
[2m2025-12-10T10:13:37.802150Z[0m [34mDEBUG[0m [2mhyper::proto::h1::io[0m[2m:[0m parsed 4 headers
[2m2025-12-10T10:13:37.802155Z[0m [34mDEBUG[0m [2mhyper::proto::h1::conn[0m[2m:[0m incoming body is content-length (45 bytes)
[2m2025-12-10T10:13:37.802161Z[0m [34mDEBUG[0m [2mhyper::proto::h1::conn[0m[2m:[0m incoming body completed
[2m2025-12-10T10:13:37.802168Z[0m [34mDEBUG[0m [2mhyper::client::pool[0m[2m:[0m pooling idle connection for ("http", 192.168.0.14:8545)
[2m2025-12-10T10:13:37.899213Z[0m [34mDEBUG[0m [2mhyper::client::pool[0m[2m:[0m reuse idle connection for ("http", 192.168.0.14:8545)
[2m2025-12-10T10:13:37.899252Z[0m [34mDEBUG[0m [2mhyper::proto::h1::io[0m[2m:[0m flushed 172 bytes
[2m2025-12-10T10:13:37.904297Z[0m [34mDEBUG[0m [2mhyper::proto::h1::io[0m[2m:[0m parsed 4 headers
[2m2025-12-10T10:13:37.904302Z[0m [34mDEBUG[0m [2mhyper::proto::h1::conn[0m[2m:[0m incoming body is content-length (45 bytes)
[2m2025-12-10T10:13:37.904309Z[0m [34mDEBUG[0m [2mhyper::proto::h1::conn[0m[2m:[0m incoming body completed
[2m2025-12-10T10:13:37.904316Z[0m [34mDEBUG[0m [2mhyper::client::pool[0m[2m:[0m pooling idle connection for ("http", 192.168.0.14:8545)
[2m2025-12-10T10:13:37.999679Z[0m [34mDEBUG[0m [2mhyper::client::pool[0m[2m:[0m reuse idle connection for ("http", 192.168.0.14:8545)
[2m2025-12-10T10:13:37.999723Z[0m [34mDEBUG[0m [2mhyper::proto::h1::io[0m[2m:[0m flushed 172 bytes
[2m2025-12-10T10:13:38.003238Z[0m [34mDEBUG[0m [2mhyper::proto::h1::io[0m[2m:[0m parsed 4 headers
[2m2025-12-10T10:13:38.003244Z[0m [34mDEBUG[0m [2mhyper::proto::h1::conn[0m[2m:[0m incoming body is content-length (45 bytes)
[2m2025-12-10T10:13:38.003252Z[0m [34mDEBUG[0m [2mhyper::proto::h1::conn[0m[2m:[0m incoming body completed
[2m2025-12-10T10:13:38.003260Z[0m [34mDEBUG[0m [2mhyper::client::pool[0m[2m:[0m pooling idle connection for ("http", 192.168.0.14:8545)
[2m2025-12-10T10:13:38.099309Z[0m [34mDEBUG[0m [2mhyper::client::pool[0m[2m:[0m reuse idle connection for ("http", 192.168.0.14:8545)
[2m2025-12-10T10:13:38.099352Z[0m [34mDEBUG[0m [2mhyper::proto::h1::io[0m[2m:[0m flushed 172 bytes
[2m2025-12-10T10:13:38.105477Z[0m [34mDEBUG[0m [2mhyper::proto::h1::io[0m[2m:[0m parsed 4 headers
[2m2025-12-10T10:13:38.105482Z[0m [34mDEBUG[0m [2mhyper::proto::h1::conn[0m[2m:[0m incoming body is content-length (45 bytes)
[2m2025-12-10T10:13:38.105489Z[0m [34mDEBUG[0m [2mhyper::proto::h1::conn[0m[2m:[0m incoming body completed
[2m2025-12-10T10:13:38.105497Z[0m [34mDEBUG[0m [2mhyper::client::pool[0m[2m:[0m pooling idle connection for ("http", 192.168.0.14:8545)
[2m2025-12-10T10:13:38.199546Z[0m [34mDEBUG[0m [2mhyper::client::pool[0m[2m:[0m reuse idle connection for ("http", 192.168.0.14:8545)
[2m2025-12-10T10:13:38.199634Z[0m [34mDEBUG[0m [2mhyper::proto::h1::io[0m[2m:[0m flushed 172 bytes
[2m2025-12-10T10:13:38.203059Z[0m [34mDEBUG[0m [2mhyper::proto::h1::io[0m[2m:[0m parsed 4 headers
[2m2025-12-10T10:13:38.203069Z[0m [34mDEBUG[0m [2mhyper::proto::h1::conn[0m[2m:[0m incoming body is content-length (45 bytes)
[2m2025-12-10T10:13:38.203077Z[0m [34mDEBUG[0m [2mhyper::proto::h1::conn[0m[2m:[0m incoming body completed
[2m2025-12-10T10:13:38.203085Z[0m [34mDEBUG[0m [2mhyper::client::pool[0m[2m:[0m pooling idle connection for ("http", 192.168.0.14:8545)
[2m2025-12-10T10:13:38.262968Z[0m [34mDEBUG[0m [2methereum_transaction_pool_monitor::eth_client[0m[2m:[0m 📨 Received WebSocket message: {"jsonrpc":"2.0","method":"eth_subscription","params":{"subscription":"0xbed0a0851463e895960a451075a301a9","result":"0x277e9a806f0431b91212249067f1efa87d52c4cd275a221f7520e52d6be5a1c2"}}
[2m2025-12-10T10:13:38.262987Z[0m [34mDEBUG[0m [2methereum_transaction_pool_monitor::eth_client[0m[2m:[0m 📨 Received pending transaction: 0x277e9a806f0431b91212249067f1efa87d52c4cd275a221f7520e52d6be5a1c2
[2m2025-12-10T10:13:38.262995Z[0m [34mDEBUG[0m [2methereum_transaction_pool_monitor::mempool_monitor[0m[2m:[0m 📨 Processing new pending transaction: 0x277e9a806f0431b91212249067f1efa87d52c4cd275a221f7520e52d6be5a1c2
[2m2025-12-10T10:13:38.262999Z[0m [34mDEBUG[0m [2methereum_transaction_pool_monitor::mempool_monitor[0m[2m:[0m 🔍 Fetching transaction details for: 0x277e9a806f0431b91212249067f1efa87d52c4cd275a221f7520e52d6be5a1c2
[2m2025-12-10T10:13:38.263003Z[0m [34mDEBUG[0m [2methereum_transaction_pool_monitor::eth_client[0m[2m:[0m 🔍 Fetching transaction details for hash: 0x277e9a806f0431b91212249067f1efa87d52c4cd275a221f7520e52d6be5a1c2
[2m2025-12-10T10:13:38.263020Z[0m [34mDEBUG[0m [2mhyper::client::pool[0m[2m:[0m reuse idle connection for ("http", 192.168.0.14:8545)
[2m2025-12-10T10:13:38.263041Z[0m [34mDEBUG[0m [2mhyper::proto::h1::io[0m[2m:[0m flushed 250 bytes
[2m2025-12-10T10:13:38.273092Z[0m [34mDEBUG[0m [2methereum_transaction_pool_monitor::eth_client[0m[2m:[0m 📨 Received WebSocket message: {"jsonrpc":"2.0","method":"eth_subscription","params":{"subscription":"0xbed0a0851463e895960a451075a301a9","result":"0x962a678c4948943eaedbd3a97af2992d1f50fd23ff75549baf9fc2d2771aa663"}}
[2m2025-12-10T10:13:38.273100Z[0m [34mDEBUG[0m [2methereum_transaction_pool_monitor::eth_client[0m[2m:[0m 📨 Received pending transaction: 0x962a678c4948943eaedbd3a97af2992d1f50fd23ff75549baf9fc2d2771aa663
[2m2025-12-10T10:13:38.273164Z[0m [34mDEBUG[0m [2mhyper::proto::h1::io[0m[2m:[0m parsed 4 headers
[2m2025-12-10T10:13:38.273171Z[0m [34mDEBUG[0m [2mhyper::proto::h1::conn[0m[2m:[0m incoming body is content-length (772 bytes)
[2m2025-12-10T10:13:38.273179Z[0m [34mDEBUG[0m [2mhyper::proto::h1::conn[0m[2m:[0m incoming body completed
[2m2025-12-10T10:13:38.273188Z[0m [34mDEBUG[0m [2mhyper::client::pool[0m[2m:[0m pooling idle connection for ("http", 192.168.0.14:8545)
[2m2025-12-10T10:13:38.273195Z[0m [34mDEBUG[0m [2methereum_transaction_pool_monitor::eth_client[0m[2m:[0m 📡 Transaction fetch RPC completed in 10.187875ms
[2m2025-12-10T10:13:38.346115Z[0m [34mDEBUG[0m [2methereum_transaction_pool_monitor::eth_client[0m[2m:[0m ✅ Transaction 0x277e9a806f0431b91212249067f1efa87d52c4cd275a221f7520e52d6be5a1c2 fetched and parsed in 83.106417ms
[2m2025-12-10T10:13:38.346147Z[0m [34mDEBUG[0m [2methereum_transaction_pool_monitor::mempool_monitor[0m[2m:[0m 🔍 Skipping tx 0x277e9a806f0431b91212249067f1efa87d52c4cd275a221f7520e52d6be5a1c2 - not a DEX interaction (target: 0xA0b86991c6218b36c1d19D4a2e9Eb0cE3606eB48)
[2m2025-12-10T10:13:38.346161Z[0m [34mDEBUG[0m [2methereum_transaction_pool_monitor::mempool_monitor[0m[2m:[0m 📨 Processing new pending transaction: 0x962a678c4948943eaedbd3a97af2992d1f50fd23ff75549baf9fc2d2771aa663
[2m2025-12-10T10:13:38.346178Z[0m [34mDEBUG[0m [2methereum_transaction_pool_monitor::mempool_monitor[0m[2m:[0m 🔍 Fetching transaction details for: 0x962a678c4948943eaedbd3a97af2992d1f50fd23ff75549baf9fc2d2771aa663
[2m2025-12-10T10:13:38.346185Z[0m [34mDEBUG[0m [2methereum_transaction_pool_monitor::eth_client[0m[2m:[0m 🔍 Fetching transaction details for hash: 0x962a678c4948943eaedbd3a97af2992d1f50fd23ff75549baf9fc2d2771aa663
[2m2025-12-10T10:13:38.346205Z[0m [34mDEBUG[0m [2mhyper::client::pool[0m[2m:[0m reuse idle connection for ("http", 192.168.0.14:8545)
[2m2025-12-10T10:13:38.346241Z[0m [34mDEBUG[0m [2mhyper::proto::h1::io[0m[2m:[0m flushed 250 bytes
[2m2025-12-10T10:13:38.346264Z[0m [34mDEBUG[0m [2mhyper::client::pool[0m[2m:[0m reuse idle connection for ("http", 192.168.0.14:8545)
[2m2025-12-10T10:13:38.346282Z[0m [34mDEBUG[0m [2mhyper::proto::h1::io[0m[2m:[0m flushed 172 bytes
[2m2025-12-10T10:13:38.346320Z[0m [34mDEBUG[0m [2methereum_transaction_pool_monitor::eth_client[0m[2m:[0m 📨 Received WebSocket message: {"jsonrpc":"2.0","method":"eth_subscription","params":{"subscription":"0xbed0a0851463e895960a451075a301a9","result":"0x40f1f608f35c6f78b64eceda40a5c2992adcf5f001b62110419a628769ff991d"}}
[2m2025-12-10T10:13:38.346330Z[0m [34mDEBUG[0m [2methereum_transaction_pool_monitor::eth_client[0m[2m:[0m 📨 Received pending transaction: 0x40f1f608f35c6f78b64eceda40a5c2992adcf5f001b62110419a628769ff991d
[2m2025-12-10T10:13:38.346336Z[0m [34mDEBUG[0m [2methereum_transaction_pool_monitor::eth_client[0m[2m:[0m 📨 Received WebSocket message: {"jsonrpc":"2.0","method":"eth_subscription","params":{"subscription":"0xbed0a0851463e895960a451075a301a9","result":"0xb525b06fc9cbd714ff93c117e3f46f5607d67624d0b6b4356ef205f8308c3cea"}}
[2m2025-12-10T10:13:38.346343Z[0m [34mDEBUG[0m [2methereum_transaction_pool_monitor::eth_client[0m[2m:[0m 📨 Received pending transaction: 0xb525b06fc9cbd714ff93c117e3f46f5607d67624d0b6b4356ef205f8308c3cea
[2m2025-12-10T10:13:38.346349Z[0m [34mDEBUG[0m [2methereum_transaction_pool_monitor::eth_client[0m[2m:[0m 📨 Received WebSocket message: {"jsonrpc":"2.0","method":"eth_subscription","params":{"subscription":"0xbed0a0851463e895960a451075a301a9","result":"0x5731681c47b6506c84452a85cf0251b444488219d46a8a1640b41ae5a6b1fa89"}}
[2m2025-12-10T10:13:38.346355Z[0m [34mDEBUG[0m [2methereum_transaction_pool_monitor::eth_client[0m[2m:[0m 📨 Received pending transaction: 0x5731681c47b6506c84452a85cf0251b444488219d46a8a1640b41ae5a6b1fa89
[2m2025-12-10T10:13:38.346358Z[0m [34mDEBUG[0m [2methereum_transaction_pool_monitor::eth_client[0m[2m:[0m 📨 Received WebSocket message: {"jsonrpc":"2.0","method":"eth_subscription","params":{"subscription":"0xbed0a0851463e895960a451075a301a9","result":"0x90ca65c45f8e6b4326bf9fda322b64cd3b10619dc72e178f0afdd0529b6a14df"}}
[2m2025-12-10T10:13:38.346362Z[0m [34mDEBUG[0m [2methereum_transaction_pool_monitor::eth_client[0m[2m:[0m 📨 Received pending transaction: 0x90ca65c45f8e6b4326bf9fda322b64cd3b10619dc72e178f0afdd0529b6a14df
[2m2025-12-10T10:13:38.346366Z[0m [34mDEBUG[0m [2methereum_transaction_pool_monitor::eth_client[0m[2m:[0m 📨 Received WebSocket message: {"jsonrpc":"2.0","method":"eth_subscription","params":{"subscription":"0xbed0a0851463e895960a451075a301a9","result":"0xaa9464358f8f3f3b2e4ee7957c0fbdb9096063144fde38d44fe9e95f5211d8cb"}}
[2m2025-12-10T10:13:38.346370Z[0m [34mDEBUG[0m [2methereum_transaction_pool_monitor::eth_client[0m[2m:[0m 📨 Received pending transaction: 0xaa9464358f8f3f3b2e4ee7957c0fbdb9096063144fde38d44fe9e95f5211d8cb
[2m2025-12-10T10:13:38.353948Z[0m [34mDEBUG[0m [2mhyper::proto::h1::io[0m[2m:[0m parsed 4 headers
[2m2025-12-10T10:13:38.353956Z[0m [34mDEBUG[0m [2mhyper::proto::h1::conn[0m[2m:[0m incoming body is content-length (1670 bytes)
[2m2025-12-10T10:13:38.353964Z[0m [34mDEBUG[0m [2mhyper::proto::h1::conn[0m[2m:[0m incoming body completed
[2m2025-12-10T10:13:38.353972Z[0m [34mDEBUG[0m [2mhyper::client::pool[0m[2m:[0m pooling idle connection for ("http", 192.168.0.14:8545)
[2m2025-12-10T10:13:38.353980Z[0m [34mDEBUG[0m [2methereum_transaction_pool_monitor::eth_client[0m[2m:[0m 📡 Transaction fetch RPC completed in 7.790291ms
[2m2025-12-10T10:13:38.426308Z[0m [34mDEBUG[0m [2methereum_transaction_pool_monitor::eth_client[0m[2m:[0m ✅ Transaction 0x962a678c4948943eaedbd3a97af2992d1f50fd23ff75549baf9fc2d2771aa663 fetched and parsed in 80.115041ms
[2m2025-12-10T10:13:38.426333Z[0m [34mDEBUG[0m [2methereum_transaction_pool_monitor::mempool_monitor[0m[2m:[0m 🔍 Skipping tx 0x962a678c4948943eaedbd3a97af2992d1f50fd23ff75549baf9fc2d2771aa663 - not a DEX interaction (target: 0xA944d3725408506CFdd631188B9EaEbfd9b2b225)
[2m2025-12-10T10:13:38.426345Z[0m [34mDEBUG[0m [2methereum_transaction_pool_monitor::mempool_monitor[0m[2m:[0m 📨 Processing new pending transaction: 0x40f1f608f35c6f78b64eceda40a5c2992adcf5f001b62110419a628769ff991d
[2m2025-12-10T10:13:38.426351Z[0m [34mDEBUG[0m [2methereum_transaction_pool_monitor::mempool_monitor[0m[2m:[0m 🔍 Fetching transaction details for: 0x40f1f608f35c6f78b64eceda40a5c2992adcf5f001b62110419a628769ff991d
[2m2025-12-10T10:13:38.426355Z[0m [34mDEBUG[0m [2methereum_transaction_pool_monitor::eth_client[0m[2m:[0m 🔍 Fetching transaction details for hash: 0x40f1f608f35c6f78b64eceda40a5c2992adcf5f001b62110419a628769ff991d
[2m2025-12-10T10:13:38.426376Z[0m [34mDEBUG[0m [2mhyper::client::pool[0m[2m:[0m reuse idle connection for ("http", 192.168.0.14:8545)
[2m2025-12-10T10:13:38.426408Z[0m [34mDEBUG[0m [2mhyper::proto::h1::io[0m[2m:[0m flushed 250 bytes
[2m2025-12-10T10:13:38.426428Z[0m [34mDEBUG[0m [2methereum_transaction_pool_monitor::eth_client[0m[2m:[0m 📨 Received WebSocket message: {"jsonrpc":"2.0","method":"eth_subscription","params":{"subscription":"0xbed0a0851463e895960a451075a301a9","result":"0x206e33dca0f085b80acb45ce1d95512a36d2db51675bc02ea7a8522fea0f11f6"}}
[2m2025-12-10T10:13:38.426437Z[0m [34mDEBUG[0m [2methereum_transaction_pool_monitor::eth_client[0m[2m:[0m 📨 Received pending transaction: 0x206e33dca0f085b80acb45ce1d95512a36d2db51675bc02ea7a8522fea0f11f6
[2m2025-12-10T10:13:38.426442Z[0m [34mDEBUG[0m [2methereum_transaction_pool_monitor::eth_client[0m[2m:[0m 📨 Received WebSocket message: {"jsonrpc":"2.0","method":"eth_subscription","params":{"subscription":"0xbed0a0851463e895960a451075a301a9","result":"0x22942508fc3525afdd264ba9f968bd87026b4219f1ac54e6661c70aead094d32"}}
[2m2025-12-10T10:13:38.426466Z[0m [34mDEBUG[0m [2mhyper::proto::h1::io[0m[2m:[0m parsed 4 headers
[2m2025-12-10T10:13:38.426473Z[0m [34mDEBUG[0m [2methereum_transaction_pool_monitor::eth_client[0m[2m:[0m 📨 Received pending transaction: 0x22942508fc3525afdd264ba9f968bd87026b4219f1ac54e6661c70aead094d32
[2m2025-12-10T10:13:38.426473Z[0m [34mDEBUG[0m [2mhyper::proto::h1::conn[0m[2m:[0m incoming body is content-length (45 bytes)
[2m2025-12-10T10:13:38.426488Z[0m [34mDEBUG[0m [2mhyper::proto::h1::conn[0m[2m:[0m incoming body completed
[2m2025-12-10T10:13:38.426480Z[0m [34mDEBUG[0m [2methereum_transaction_pool_monitor::eth_client[0m[2m:[0m 📨 Received WebSocket message: {"jsonrpc":"2.0","method":"eth_subscription","params":{"subscription":"0xbed0a0851463e895960a451075a301a9","result":"0xadd3d28d231ec4d84ac76c73fa5677af817def4d4de33722ee4ccd4b3e1baa6f"}}
[2m2025-12-10T10:13:38.426500Z[0m [34mDEBUG[0m [2mhyper::client::pool[0m[2m:[0m pooling idle connection for ("http", 192.168.0.14:8545)
[2m2025-12-10T10:13:38.426543Z[0m [34mDEBUG[0m [2methereum_transaction_pool_monitor::eth_client[0m[2m:[0m 📨 Received pending transaction: 0xadd3d28d231ec4d84ac76c73fa5677af817def4d4de33722ee4ccd4b3e1baa6f
[2m2025-12-10T10:13:38.426565Z[0m [34mDEBUG[0m [2methereum_transaction_pool_monitor::eth_client[0m[2m:[0m 📨 Received WebSocket message: {"jsonrpc":"2.0","method":"eth_subscription","params":{"subscription":"0xbed0a0851463e895960a451075a301a9","result":"0xf0c9d348ac34274acfab2435bb63b3b5023676a6c546df59daa62eeeb99c9af0"}}
[2m2025-12-10T10:13:38.426572Z[0m [34mDEBUG[0m [2mhyper::client::pool[0m[2m:[0m reuse idle connection for ("http", 192.168.0.14:8545)
[2m2025-12-10T10:13:38.426574Z[0m [34mDEBUG[0m [2methereum_transaction_pool_monitor::eth_client[0m[2m:[0m 📨 Received pending transaction: 0xf0c9d348ac34274acfab2435bb63b3b5023676a6c546df59daa62eeeb99c9af0
[2m2025-12-10T10:13:38.426584Z[0m [34mDEBUG[0m [2methereum_transaction_pool_monitor::eth_client[0m[2m:[0m 📨 Received WebSocket message: {"jsonrpc":"2.0","method":"eth_subscription","params":{"subscription":"0xbed0a0851463e895960a451075a301a9","result":"0x51f924bbca2b77524c8bfb45d7928ac958b2f93abaa050e8bea5c27ec47038cf"}}
[2m2025-12-10T10:13:38.426588Z[0m [34mDEBUG[0m [2methereum_transaction_pool_monitor::eth_client[0m[2m:[0m 📨 Received pending transaction: 0x51f924bbca2b77524c8bfb45d7928ac958b2f93abaa050e8bea5c27ec47038cf
[2m2025-12-10T10:13:38.426589Z[0m [34mDEBUG[0m [2mhyper::proto::h1::io[0m[2m:[0m flushed 172 bytes
[2m2025-12-10T10:13:38.426592Z[0m [34mDEBUG[0m [2methereum_transaction_pool_monitor::eth_client[0m[2m:[0m 📨 Received WebSocket message: {"jsonrpc":"2.0","method":"eth_subscription","params":{"subscription":"0xbed0a0851463e895960a451075a301a9","result":"0x64d44c74094820d9a40d0074599648c383faae6ad74fa7a8de6bc3c382afb403"}}
[2m2025-12-10T10:13:38.426601Z[0m [34mDEBUG[0m [2methereum_transaction_pool_monitor::eth_client[0m[2m:[0m 📨 Received pending transaction: 0x64d44c74094820d9a40d0074599648c383faae6ad74fa7a8de6bc3c382afb403
[2m2025-12-10T10:13:38.426605Z[0m [34mDEBUG[0m [2methereum_transaction_pool_monitor::eth_client[0m[2m:[0m 📨 Received WebSocket message: {"jsonrpc":"2.0","method":"eth_subscription","params":{"subscription":"0xbed0a0851463e895960a451075a301a9","result":"0x38248cec02cc067551b2078d40f7200b43e90393bf5f6b061f418502dad9e25c"}}
[2m2025-12-10T10:13:38.426609Z[0m [34mDEBUG[0m [2methereum_transaction_pool_monitor::eth_client[0m[2m:[0m 📨 Received pending transaction: 0x38248cec02cc067551b2078d40f7200b43e90393bf5f6b061f418502dad9e25c
[2m2025-12-10T10:13:38.426613Z[0m [34mDEBUG[0m [2methereum_transaction_pool_monitor::eth_client[0m[2m:[0m 📨 Received WebSocket message: {"jsonrpc":"2.0","method":"eth_subscription","params":{"subscription":"0xbed0a0851463e895960a451075a301a9","result":"0x5fe1a244f3929264b19264e47bbbf0ebed5d98d72a610116073866d8fa39145f"}}
[2m2025-12-10T10:13:38.426617Z[0m [34mDEBUG[0m [2methereum_transaction_pool_monitor::eth_client[0m[2m:[0m 📨 Received pending transaction: 0x5fe1a244f3929264b19264e47bbbf0ebed5d98d72a610116073866d8fa39145f
[2m2025-12-10T10:13:38.428975Z[0m [34mDEBUG[0m [2methereum_transaction_pool_monitor::eth_client[0m[2m:[0m 📨 Received WebSocket message: {"jsonrpc":"2.0","method":"eth_subscription","params":{"subscription":"0xbed0a0851463e895960a451075a301a9","result":"0x99390e7b803ede98ce245935570719a49973affba10b579712c082355a8b397c"}}
[2m2025-12-10T10:13:38.428981Z[0m [34mDEBUG[0m [2methereum_transaction_pool_monitor::eth_client[0m[2m:[0m 📨 Received pending transaction: 0x99390e7b803ede98ce245935570719a49973affba10b579712c082355a8b397c
[2m2025-12-10T10:13:38.435601Z[0m [34mDEBUG[0m [2mhyper::proto::h1::io[0m[2m:[0m parsed 4 headers
[2m2025-12-10T10:13:38.435607Z[0m [34mDEBUG[0m [2mhyper::proto::h1::conn[0m[2m:[0m incoming body is content-length (1989 bytes)
[2m2025-12-10T10:13:38.435613Z[0m [34mDEBUG[0m [2mhyper::proto::h1::conn[0m[2m:[0m incoming body completed
[2m2025-12-10T10:13:38.435621Z[0m [34mDEBUG[0m [2mhyper::client::pool[0m[2m:[0m pooling idle connection for ("http", 192.168.0.14:8545)
[2m2025-12-10T10:13:38.435626Z[0m [34mDEBUG[0m [2methereum_transaction_pool_monitor::eth_client[0m[2m:[0m 📡 Transaction fetch RPC completed in 9.267458ms
[2m2025-12-10T10:13:38.502913Z[0m [34mDEBUG[0m [2methereum_transaction_pool_monitor::eth_client[0m[2m:[0m ✅ Transaction 0x40f1f608f35c6f78b64eceda40a5c2992adcf5f001b62110419a628769ff991d fetched and parsed in 76.552792ms
[2m2025-12-10T10:13:38.502938Z[0m [34mDEBUG[0m [2methereum_transaction_pool_monitor::mempool_monitor[0m[2m:[0m 🔍 Skipping tx 0x40f1f608f35c6f78b64eceda40a5c2992adcf5f001b62110419a628769ff991d - not a DEX interaction (target: 0xbD216513d74C8cf14cf4747E6AaA6420FF64ee9e)
[2m2025-12-10T10:13:38.502946Z[0m [34mDEBUG[0m [2methereum_transaction_pool_monitor::mempool_monitor[0m[2m:[0m 📨 Processing new pending transaction: 0xb525b06fc9cbd714ff93c117e3f46f5607d67624d0b6b4356ef205f8308c3cea
[2m2025-12-10T10:13:38.502950Z[0m [34mDEBUG[0m [2methereum_transaction_pool_monitor::mempool_monitor[0m[2m:[0m 🔍 Fetching transaction details for: 0xb525b06fc9cbd714ff93c117e3f46f5607d67624d0b6b4356ef205f8308c3cea
[2m2025-12-10T10:13:38.502954Z[0m [34mDEBUG[0m [2methereum_transaction_pool_monitor::eth_client[0m[2m:[0m 🔍 Fetching transaction details for hash: 0xb525b06fc9cbd714ff93c117e3f46f5607d67624d0b6b4356ef205f8308c3cea
[2m2025-12-10T10:13:38.502972Z[0m [34mDEBUG[0m [2mhyper::client::pool[0m[2m:[0m reuse idle connection for ("http", 192.168.0.14:8545)
[2m2025-12-10T10:13:38.503007Z[0m [34mDEBUG[0m [2mhyper::proto::h1::io[0m[2m:[0m flushed 250 bytes
[2m2025-12-10T10:13:38.503028Z[0m [34mDEBUG[0m [2methereum_transaction_pool_monitor::eth_client[0m[2m:[0m 📨 Received WebSocket message: {"jsonrpc":"2.0","method":"eth_subscription","params":{"subscription":"0xbed0a0851463e895960a451075a301a9","result":"0x29661aa22aca05871df14da74e1105622ffd1ef6dcbaaeca5e26bc893c6499ab"}}
[2m2025-12-10T10:13:38.503033Z[0m [34mDEBUG[0m [2mhyper::proto::h1::io[0m[2m:[0m parsed 4 headers
[2m2025-12-10T10:13:38.503040Z[0m [34mDEBUG[0m [2mhyper::proto::h1::conn[0m[2m:[0m incoming body is content-length (45 bytes)
[2m2025-12-10T10:13:38.503034Z[0m [34mDEBUG[0m [2methereum_transaction_pool_monitor::eth_client[0m[2m:[0m 📨 Received pending transaction: 0x29661aa22aca05871df14da74e1105622ffd1ef6dcbaaeca5e26bc893c6499ab
[2m2025-12-10T10:13:38.503048Z[0m [34mDEBUG[0m [2mhyper::proto::h1::conn[0m[2m:[0m incoming body completed
[2m2025-12-10T10:13:38.503052Z[0m [34mDEBUG[0m [2methereum_transaction_pool_monitor::eth_client[0m[2m:[0m 📨 Received WebSocket message: {"jsonrpc":"2.0","method":"eth_subscription","params":{"subscription":"0xbed0a0851463e895960a451075a301a9","result":"0xa555cff4b993c903eb3a1e2bc7561fb44af43592c3a9aa4b626ea29b2c55dec4"}}
[2m2025-12-10T10:13:38.503057Z[0m [34mDEBUG[0m [2mhyper::client::pool[0m[2m:[0m pooling idle connection for ("http", 192.168.0.14:8545)
[2m2025-12-10T10:13:38.503058Z[0m [34mDEBUG[0m [2methereum_transaction_pool_monitor::eth_client[0m[2m:[0m 📨 Received pending transaction: 0xa555cff4b993c903eb3a1e2bc7561fb44af43592c3a9aa4b626ea29b2c55dec4
[2m2025-12-10T10:13:38.503068Z[0m [34mDEBUG[0m [2methereum_transaction_pool_monitor::eth_client[0m[2m:[0m 📨 Received WebSocket message: {"jsonrpc":"2.0","method":"eth_subscription","params":{"subscription":"0xbed0a0851463e895960a451075a301a9","result":"0x3b5265f3cca9414b8f510145a72c99d70a70e4f4e05ac0adbfd626793d11d667"}}
[2m2025-12-10T10:13:38.503072Z[0m [34mDEBUG[0m [2methereum_transaction_pool_monitor::eth_client[0m[2m:[0m 📨 Received pending transaction: 0x3b5265f3cca9414b8f510145a72c99d70a70e4f4e05ac0adbfd626793d11d667
[2m2025-12-10T10:13:38.503076Z[0m [34mDEBUG[0m [2mhyper::client::pool[0m[2m:[0m reuse idle connection for ("http", 192.168.0.14:8545)
[2m2025-12-10T10:13:38.503076Z[0m [34mDEBUG[0m [2methereum_transaction_pool_monitor::eth_client[0m[2m:[0m 📨 Received WebSocket message: {"jsonrpc":"2.0","method":"eth_subscription","params":{"subscription":"0xbed0a0851463e895960a451075a301a9","result":"0x921a3728f5d835446bc9e412244f64ea486b60e741746b7bb777d45ec06a3e8f"}}
[2m2025-12-10T10:13:38.503089Z[0m [34mDEBUG[0m [2methereum_transaction_pool_monitor::eth_client[0m[2m:[0m 📨 Received pending transaction: 0x921a3728f5d835446bc9e412244f64ea486b60e741746b7bb777d45ec06a3e8f
[2m2025-12-10T10:13:38.503092Z[0m [34mDEBUG[0m [2mhyper::proto::h1::io[0m[2m:[0m flushed 172 bytes
[2m2025-12-10T10:13:38.503098Z[0m [34mDEBUG[0m [2methereum_transaction_pool_monitor::eth_client[0m[2m:[0m 📨 Received WebSocket message: {"jsonrpc":"2.0","method":"eth_subscription","params":{"subscription":"0xbed0a0851463e895960a451075a301a9","result":"0xe88e88d606633ee61b0ca05e77aef1501d607571fca2f805aedc6f4c184c7ba9"}}
[2m2025-12-10T10:13:38.503103Z[0m [34mDEBUG[0m [2methereum_transaction_pool_monitor::eth_client[0m[2m:[0m 📨 Received pending transaction: 0xe88e88d606633ee61b0ca05e77aef1501d607571fca2f805aedc6f4c184c7ba9
[2m2025-12-10T10:13:38.503107Z[0m [34mDEBUG[0m [2methereum_transaction_pool_monitor::eth_client[0m[2m:[0m 📨 Received WebSocket message: {"jsonrpc":"2.0","method":"eth_subscription","params":{"subscription":"0xbed0a0851463e895960a451075a301a9","result":"0x2743fb6c3c43147961dd656311680b67a053464354abc4c8d22b71fdf997fded"}}
[2m2025-12-10T10:13:38.503111Z[0m [34mDEBUG[0m [2methereum_transaction_pool_monitor::eth_client[0m[2m:[0m 📨 Received pending transaction: 0x2743fb6c3c43147961dd656311680b67a053464354abc4c8d22b71fdf997fded
[2m2025-12-10T10:13:38.503115Z[0m [34mDEBUG[0m [2methereum_transaction_pool_monitor::eth_client[0m[2m:[0m 📨 Received WebSocket message: {"jsonrpc":"2.0","method":"eth_subscription","params":{"subscription":"0xbed0a0851463e895960a451075a301a9","result":"0x375bc97c62e7b2b77b73efe3052868fbcab1e6dd5b9e12ac9ee362b7842f653b"}}
[2m2025-12-10T10:13:38.503119Z[0m [34mDEBUG[0m [2methereum_transaction_pool_monitor::eth_client[0m[2m:[0m 📨 Received pending transaction: 0x375bc97c62e7b2b77b73efe3052868fbcab1e6dd5b9e12ac9ee362b7842f653b
[2m2025-12-10T10:13:38.503123Z[0m [34mDEBUG[0m [2methereum_transaction_pool_monitor::eth_client[0m[2m:[0m 📨 Received WebSocket message: {"jsonrpc":"2.0","method":"eth_subscription","params":{"subscription":"0xbed0a0851463e895960a451075a301a9","result":"0xbb748a167e56d3aa40b7bb0315a0a6103beaec7a1425e0d3a1020bde206dee77"}}
[2m2025-12-10T10:13:38.503127Z[0m [34mDEBUG[0m [2methereum_transaction_pool_monitor::eth_client[0m[2m:[0m 📨 Received pending transaction: 0xbb748a167e56d3aa40b7bb0315a0a6103beaec7a1425e0d3a1020bde206dee77
[2m2025-12-10T10:13:38.503130Z[0m [34mDEBUG[0m [2methereum_transaction_pool_monitor::eth_client[0m[2m:[0m 📨 Received WebSocket message: {"jsonrpc":"2.0","method":"eth_subscription","params":{"subscription":"0xbed0a0851463e895960a451075a301a9","result":"0xe585225f5f129bacc4a17d7f11dfdcf17a45414aa2f536341ebcc83ca27f8257"}}
[2m2025-12-10T10:13:38.503134Z[0m [34mDEBUG[0m [2methereum_transaction_pool_monitor::eth_client[0m[2m:[0m 📨 Received pending transaction: 0xe585225f5f129bacc4a17d7f11dfdcf17a45414aa2f536341ebcc83ca27f8257
[2m2025-12-10T10:13:38.503138Z[0m [34mDEBUG[0m [2methereum_transaction_pool_monitor::eth_client[0m[2m:[0m 📨 Received WebSocket message: {"jsonrpc":"2.0","method":"eth_subscription","params":{"subscription":"0xbed0a0851463e895960a451075a301a9","result":"0x61f3e36e35c81af6790aad8dfed962543266340682ea5f2ea28dc69d186b17f5"}}
[2m2025-12-10T10:13:38.503142Z[0m [34mDEBUG[0m [2methereum_transaction_pool_monitor::eth_client[0m[2m:[0m 📨 Received pending transaction: 0x61f3e36e35c81af6790aad8dfed962543266340682ea5f2ea28dc69d186b17f5
[2m2025-12-10T10:13:38.503145Z[0m [34mDEBUG[0m [2methereum_transaction_pool_monitor::eth_client[0m[2m:[0m 📨 Received WebSocket message: {"jsonrpc":"2.0","method":"eth_subscription","params":{"subscription":"0xbed0a0851463e895960a451075a301a9","result":"0xd49cbf7c1ad3f95c69ce33e2af087d9bd2a47be16233eb7350727c7e2a4b4ce9"}}
[2m2025-12-10T10:13:38.503149Z[0m [34mDEBUG[0m [2methereum_transaction_pool_monitor::eth_client[0m[2m:[0m 📨 Received pending transaction: 0xd49cbf7c1ad3f95c69ce33e2af087d9bd2a47be16233eb7350727c7e2a4b4ce9
[2m2025-12-10T10:13:38.503152Z[0m [34mDEBUG[0m [2methereum_transaction_pool_monitor::eth_client[0m[2m:[0m 📨 Received WebSocket message: {"jsonrpc":"2.0","method":"eth_subscription","params":{"subscription":"0xbed0a0851463e895960a451075a301a9","result":"0x7ff9bc3edd13ae5e6220c2bd5bc0df3bdde01de528be52b385c64c4846a5f717"}}
[2m2025-12-10T10:13:38.503157Z[0m [34mDEBUG[0m [2methereum_transaction_pool_monitor::eth_client[0m[2m:[0m 📨 Received pending transaction: 0x7ff9bc3edd13ae5e6220c2bd5bc0df3bdde01de528be52b385c64c4846a5f717
[2m2025-12-10T10:13:38.503161Z[0m [34mDEBUG[0m [2methereum_transaction_pool_monitor::eth_client[0m[2m:[0m 📨 Received WebSocket message: {"jsonrpc":"2.0","method":"eth_subscription","params":{"subscription":"0xbed0a0851463e895960a451075a301a9","result":"0x07f37e23e868544133071efc728e82985a445b07b17e6e4d892c4e4d80f9842c"}}
[2m2025-12-10T10:13:38.503165Z[0m [34mDEBUG[0m [2methereum_transaction_pool_monitor::eth_client[0m[2m:[0m 📨 Received pending transaction: 0x07f37e23e868544133071efc728e82985a445b07b17e6e4d892c4e4d80f9842c
[2m2025-12-10T10:13:38.510888Z[0m [34mDEBUG[0m [2mhyper::proto::h1::io[0m[2m:[0m parsed 4 headers
[2m2025-12-10T10:13:38.511996Z[0m [34mDEBUG[0m [2mhyper::proto::h1::conn[0m[2m:[0m incoming body is content-length (45 bytes)
[2m2025-12-10T10:13:38.512021Z[0m [34mDEBUG[0m [2mhyper::proto::h1::conn[0m[2m:[0m incoming body completed
[2m2025-12-10T10:13:38.512051Z[0m [34mDEBUG[0m [2mhyper::client::pool[0m[2m:[0m pooling idle connection for ("http", 192.168.0.14:8545)
[2m2025-12-10T10:13:38.512071Z[0m [34mDEBUG[0m [2mhyper::proto::h1::io[0m[2m:[0m parsed 4 headers
[2m2025-12-10T10:13:38.512075Z[0m [34mDEBUG[0m [2mhyper::proto::h1::conn[0m[2m:[0m incoming body is content-length (772 bytes)
[2m2025-12-10T10:13:38.512079Z[0m [34mDEBUG[0m [2mhyper::proto::h1::conn[0m[2m:[0m incoming body completed
[2m2025-12-10T10:13:38.512085Z[0m [34mDEBUG[0m [2mhyper::client::pool[0m[2m:[0m pooling idle connection for ("http", 192.168.0.14:8545)
[2m2025-12-10T10:13:38.512089Z[0m [34mDEBUG[0m [2methereum_transaction_pool_monitor::eth_client[0m[2m:[0m 📡 Transaction fetch RPC completed in 9.130958ms
[2m2025-12-10T10:13:38.585252Z[0m [34mDEBUG[0m [2methereum_transaction_pool_monitor::eth_client[0m[2m:[0m ✅ Transaction 0xb525b06fc9cbd714ff93c117e3f46f5607d67624d0b6b4356ef205f8308c3cea fetched and parsed in 82.291583ms
[2m2025-12-10T10:13:38.585276Z[0m [34mDEBUG[0m [2methereum_transaction_pool_monitor::mempool_monitor[0m[2m:[0m 🔍 Skipping tx 0xb525b06fc9cbd714ff93c117e3f46f5607d67624d0b6b4356ef205f8308c3cea - not a DEX interaction (target: 0xA0b86991c6218b36c1d19D4a2e9Eb0cE3606eB48)
[2m2025-12-10T10:13:38.585285Z[0m [34mDEBUG[0m [2methereum_transaction_pool_monitor::mempool_monitor[0m[2m:[0m 📨 Processing new pending transaction: 0x5731681c47b6506c84452a85cf0251b444488219d46a8a1640b41ae5a6b1fa89
[2m2025-12-10T10:13:38.585289Z[0m [34mDEBUG[0m [2methereum_transaction_pool_monitor::mempool_monitor[0m[2m:[0m 🔍 Fetching transaction details for: 0x5731681c47b6506c84452a85cf0251b444488219d46a8a1640b41ae5a6b1fa89
[2m2025-12-10T10:13:38.585293Z[0m [34mDEBUG[0m [2methereum_transaction_pool_monitor::eth_client[0m[2m:[0m 🔍 Fetching transaction details for hash: 0x5731681c47b6506c84452a85cf0251b444488219d46a8a1640b41ae5a6b1fa89
[2m2025-12-10T10:13:38.585311Z[0m [34mDEBUG[0m [2mhyper::client::pool[0m[2m:[0m reuse idle connection for ("http", 192.168.0.14:8545)
[2m2025-12-10T10:13:38.585361Z[0m [34mDEBUG[0m [2mhyper::proto::h1::io[0m[2m:[0m flushed 250 bytes
[2m2025-12-10T10:13:38.589384Z[0m [34mDEBUG[0m [2mhyper::proto::h1::io[0m[2m:[0m parsed 4 headers
[2m2025-12-10T10:13:38.589411Z[0m [34mDEBUG[0m [2mhyper::proto::h1::conn[0m[2m:[0m incoming body is content-length (649 bytes)
[2m2025-12-10T10:13:38.589422Z[0m [34mDEBUG[0m [2mhyper::proto::h1::conn[0m[2m:[0m incoming body completed
[2m2025-12-10T10:13:38.589432Z[0m [34mDEBUG[0m [2mhyper::client::pool[0m[2m:[0m pooling idle connection for ("http", 192.168.0.14:8545)
[2m2025-12-10T10:13:38.589443Z[0m [34mDEBUG[0m [2methereum_transaction_pool_monitor::eth_client[0m[2m:[0m 📡 Transaction fetch RPC completed in 4.147375ms
[2m2025-12-10T10:13:38.659876Z[0m [34mDEBUG[0m [2methereum_transaction_pool_monitor::eth_client[0m[2m:[0m ✅ Transaction 0x5731681c47b6506c84452a85cf0251b444488219d46a8a1640b41ae5a6b1fa89 fetched and parsed in 74.578334ms
[2m2025-12-10T10:13:38.659905Z[0m [34mDEBUG[0m [2methereum_transaction_pool_monitor::mempool_monitor[0m[2m:[0m 🔍 Skipping tx 0x5731681c47b6506c84452a85cf0251b444488219d46a8a1640b41ae5a6b1fa89 - not a DEX interaction (target: 0xb81A16F89f8443124059525Cf8A07AAAf599037d)
[2m2025-12-10T10:13:38.659916Z[0m [34mDEBUG[0m [2methereum_transaction_pool_monitor::mempool_monitor[0m[2m:[0m 📨 Processing new pending transaction: 0x90ca65c45f8e6b4326bf9fda322b64cd3b10619dc72e178f0afdd0529b6a14df
[2m2025-12-10T10:13:38.659922Z[0m [34mDEBUG[0m [2methereum_transaction_pool_monitor::mempool_monitor[0m[2m:[0m 🔍 Fetching transaction details for: 0x90ca65c45f8e6b4326bf9fda322b64cd3b10619dc72e178f0afdd0529b6a14df
[2m2025-12-10T10:13:38.659928Z[0m [34mDEBUG[0m [2methereum_transaction_pool_monitor::eth_client[0m[2m:[0m 🔍 Fetching transaction details for hash: 0x90ca65c45f8e6b4326bf9fda322b64cd3b10619dc72e178f0afdd0529b6a14df
[2m2025-12-10T10:13:38.659947Z[0m [34mDEBUG[0m [2mhyper::client::pool[0m[2m:[0m reuse idle connection for ("http", 192.168.0.14:8545)
[2m2025-12-10T10:13:38.659998Z[0m [34mDEBUG[0m [2mhyper::proto::h1::io[0m[2m:[0m flushed 250 bytes
[2m2025-12-10T10:13:38.660017Z[0m [34mDEBUG[0m [2mhyper::client::pool[0m[2m:[0m reuse idle connection for ("http", 192.168.0.14:8545)
[2m2025-12-10T10:13:38.660035Z[0m [34mDEBUG[0m [2mhyper::proto::h1::io[0m[2m:[0m flushed 172 bytes
[2m2025-12-10T10:13:38.660041Z[0m [34mDEBUG[0m [2methereum_transaction_pool_monitor::eth_client[0m[2m:[0m 📨 Received WebSocket message: {"jsonrpc":"2.0","method":"eth_subscription","params":{"subscription":"0xbed0a0851463e895960a451075a301a9","result":"0x71df90bdca6aef175e89397b8c80466051a0d59f0b1504ec6f7fb0b29c63c124"}}
[2m2025-12-10T10:13:38.660060Z[0m [34mDEBUG[0m [2methereum_transaction_pool_monitor::eth_client[0m[2m:[0m 📨 Received pending transaction: 0x71df90bdca6aef175e89397b8c80466051a0d59f0b1504ec6f7fb0b29c63c124
[2m2025-12-10T10:13:38.660066Z[0m [34mDEBUG[0m [2methereum_transaction_pool_monitor::eth_client[0m[2m:[0m 📨 Received WebSocket message: {"jsonrpc":"2.0","method":"eth_subscription","params":{"subscription":"0xbed0a0851463e895960a451075a301a9","result":"0xdd9ac1d9b14c7ef8735d78e490d73a0b1145f025d1677f630d6e2525453e55d1"}}
[2m2025-12-10T10:13:38.660072Z[0m [34mDEBUG[0m [2methereum_transaction_pool_monitor::eth_client[0m[2m:[0m 📨 Received pending transaction: 0xdd9ac1d9b14c7ef8735d78e490d73a0b1145f025d1677f630d6e2525453e55d1
[2m2025-12-10T10:13:38.660076Z[0m [34mDEBUG[0m [2methereum_transaction_pool_monitor::eth_client[0m[2m:[0m 📨 Received WebSocket message: {"jsonrpc":"2.0","method":"eth_subscription","params":{"subscription":"0xbed0a0851463e895960a451075a301a9","result":"0x17ac7de6bc9f2d2e0af56c2fe723bd3b20dd208518a71922c4c248adcf633091"}}
[2m2025-12-10T10:13:38.660080Z[0m [34mDEBUG[0m [2methereum_transaction_pool_monitor::eth_client[0m[2m:[0m 📨 Received pending transaction: 0x17ac7de6bc9f2d2e0af56c2fe723bd3b20dd208518a71922c4c248adcf633091
[2m2025-12-10T10:13:38.660083Z[0m [34mDEBUG[0m [2methereum_transaction_pool_monitor::eth_client[0m[2m:[0m 📨 Received WebSocket message: {"jsonrpc":"2.0","method":"eth_subscription","params":{"subscription":"0xbed0a0851463e895960a451075a301a9","result":"0x94f44675ffc2b53243e7e6212c7819a68ebd13e09b7ebad568d4dc3b7904cca9"}}
[2m2025-12-10T10:13:38.660087Z[0m [34mDEBUG[0m [2methereum_transaction_pool_monitor::eth_client[0m[2m:[0m 📨 Received pending transaction: 0x94f44675ffc2b53243e7e6212c7819a68ebd13e09b7ebad568d4dc3b7904cca9
[2m2025-12-10T10:13:38.660091Z[0m [34mDEBUG[0m [2methereum_transaction_pool_monitor::eth_client[0m[2m:[0m 📨 Received WebSocket message: {"jsonrpc":"2.0","method":"eth_subscription","params":{"subscription":"0xbed0a0851463e895960a451075a301a9","result":"0x0437d7568dc3a134d269822120ca8c417bee954bf893bb717d60e8ede141e5b4"}}
[2m2025-12-10T10:13:38.660099Z[0m [34mDEBUG[0m [2methereum_transaction_pool_monitor::eth_client[0m[2m:[0m 📨 Received pending transaction: 0x0437d7568dc3a134d269822120ca8c417bee954bf893bb717d60e8ede141e5b4
[2m2025-12-10T10:13:38.660103Z[0m [34mDEBUG[0m [2methereum_transaction_pool_monitor::eth_client[0m[2m:[0m 📨 Received WebSocket message: {"jsonrpc":"2.0","method":"eth_subscription","params":{"subscription":"0xbed0a0851463e895960a451075a301a9","result":"0x6245f32c353082df65644866ccc6664b6988f996585e1d5342c71ce5dd845f22"}}
[2m2025-12-10T10:13:38.660107Z[0m [34mDEBUG[0m [2methereum_transaction_pool_monitor::eth_client[0m[2m:[0m 📨 Received pending transaction: 0x6245f32c353082df65644866ccc6664b6988f996585e1d5342c71ce5dd845f22
[2m2025-12-10T10:13:38.660110Z[0m [34mDEBUG[0m [2methereum_transaction_pool_monitor::eth_client[0m[2m:[0m 📨 Received WebSocket message: {"jsonrpc":"2.0","method":"eth_subscription","params":{"subscription":"0xbed0a0851463e895960a451075a301a9","result":"0x8da7a786c6b8d27a8d6831b4c4ef64e094f1fe197807ca3aae2903c2d1ce974e"}}
[2m2025-12-10T10:13:38.660114Z[0m [34mDEBUG[0m [2methereum_transaction_pool_monitor::eth_client[0m[2m:[0m 📨 Received pending transaction: 0x8da7a786c6b8d27a8d6831b4c4ef64e094f1fe197807ca3aae2903c2d1ce974e
[2m2025-12-10T10:13:38.660118Z[0m [34mDEBUG[0m [2methereum_transaction_pool_monitor::eth_client[0m[2m:[0m 📨 Received WebSocket message: {"jsonrpc":"2.0","method":"eth_subscription","params":{"subscription":"0xbed0a0851463e895960a451075a301a9","result":"0x214af44724dc41a59f8b9d1f16326fe1ca984f8f1f9a9a70741667165f8ac611"}}
[2m2025-12-10T10:13:38.660122Z[0m [34mDEBUG[0m [2methereum_transaction_pool_monitor::eth_client[0m[2m:[0m 📨 Received pending transaction: 0x214af44724dc41a59f8b9d1f16326fe1ca984f8f1f9a9a70741667165f8ac611
[2m2025-12-10T10:13:38.660125Z[0m [34mDEBUG[0m [2methereum_transaction_pool_monitor::eth_client[0m[2m:[0m 📨 Received WebSocket message: {"jsonrpc":"2.0","method":"eth_subscription","params":{"subscription":"0xbed0a0851463e895960a451075a301a9","result":"0xbb3dc0af25237a4e3c256b15aa38e0ba9ae3867afdf4a99e4f4d7025b3e749a7"}}
[2m2025-12-10T10:13:38.660129Z[0m [34mDEBUG[0m [2methereum_transaction_pool_monitor::eth_client[0m[2m:[0m 📨 Received pending transaction: 0xbb3dc0af25237a4e3c256b15aa38e0ba9ae3867afdf4a99e4f4d7025b3e749a7
[2m2025-12-10T10:13:38.660133Z[0m [34mDEBUG[0m [2methereum_transaction_pool_monitor::eth_client[0m[2m:[0m 📨 Received WebSocket message: {"jsonrpc":"2.0","method":"eth_subscription","params":{"subscription":"0xbed0a0851463e895960a451075a301a9","result":"0x2ee935b4b705b0eefbef5d8f3605f8cf87827207c246b4bb495d96b57230c172"}}
[2m2025-12-10T10:13:38.660136Z[0m [34mDEBUG[0m [2methereum_transaction_pool_monitor::eth_client[0m[2m:[0m 📨 Received pending transaction: 0x2ee935b4b705b0eefbef5d8f3605f8cf87827207c246b4bb495d96b57230c172
[2m2025-12-10T10:13:38.660140Z[0m [34mDEBUG[0m [2methereum_transaction_pool_monitor::eth_client[0m[2m:[0m 📨 Received WebSocket message: {"jsonrpc":"2.0","method":"eth_subscription","params":{"subscription":"0xbed0a0851463e895960a451075a301a9","result":"0xe642e6a19e88ab37aea879fc2be30204547d8c9eddb121fdf0d650e646681d84"}}
[2m2025-12-10T10:13:38.660144Z[0m [34mDEBUG[0m [2methereum_transaction_pool_monitor::eth_client[0m[2m:[0m 📨 Received pending transaction: 0xe642e6a19e88ab37aea879fc2be30204547d8c9eddb121fdf0d650e646681d84
[2m2025-12-10T10:13:38.660150Z[0m [34mDEBUG[0m [2methereum_transaction_pool_monitor::eth_client[0m[2m:[0m 📨 Received WebSocket message: {"jsonrpc":"2.0","method":"eth_subscription","params":{"subscription":"0xbed0a0851463e895960a451075a301a9","result":"0x55504d652037d89041acd4476721acedf56f6bbf10650798aa6125ef113f5a8c"}}
[2m2025-12-10T10:13:38.660158Z[0m [34mDEBUG[0m [2methereum_transaction_pool_monitor::eth_client[0m[2m:[0m 📨 Received pending transaction: 0x55504d652037d89041acd4476721acedf56f6bbf10650798aa6125ef113f5a8c
[2m2025-12-10T10:13:38.660162Z[0m [34mDEBUG[0m [2methereum_transaction_pool_monitor::eth_client[0m[2m:[0m 📨 Received WebSocket message: {"jsonrpc":"2.0","method":"eth_subscription","params":{"subscription":"0xbed0a0851463e895960a451075a301a9","result":"0xc8fc4992247684b4da808bf734bae44228c55b09855e8f734965c32b6d7b8589"}}
[2m2025-12-10T10:13:38.660166Z[0m [34mDEBUG[0m [2methereum_transaction_pool_monitor::eth_client[0m[2m:[0m 📨 Received pending transaction: 0xc8fc4992247684b4da808bf734bae44228c55b09855e8f734965c32b6d7b8589
[2m2025-12-10T10:13:38.660169Z[0m [34mDEBUG[0m [2methereum_transaction_pool_monitor::eth_client[0m[2m:[0m 📨 Received WebSocket message: {"jsonrpc":"2.0","method":"eth_subscription","params":{"subscription":"0xbed0a0851463e895960a451075a301a9","result":"0x0a0b0b9fdcdc1a6615558757420385f9571c79d8e91d3c50671c17bf5cd7259b"}}
[2m2025-12-10T10:13:38.660173Z[0m [34mDEBUG[0m [2methereum_transaction_pool_monitor::eth_client[0m[2m:[0m 📨 Received pending transaction: 0x0a0b0b9fdcdc1a6615558757420385f9571c79d8e91d3c50671c17bf5cd7259b
[2m2025-12-10T10:13:38.660176Z[0m [34mDEBUG[0m [2methereum_transaction_pool_monitor::eth_client[0m[2m:[0m 📨 Received WebSocket message: {"jsonrpc":"2.0","method":"eth_subscription","params":{"subscription":"0xbed0a0851463e895960a451075a301a9","result":"0xd2cb7ff2228d48ead706793ea15391c8b6a556b9d9abad90ea24196c0861c453"}}
[2m2025-12-10T10:13:38.660180Z[0m [34mDEBUG[0m [2methereum_transaction_pool_monitor::eth_client[0m[2m:[0m 📨 Received pending transaction: 0xd2cb7ff2228d48ead706793ea15391c8b6a556b9d9abad90ea24196c0861c453
[2m2025-12-10T10:13:38.660184Z[0m [34mDEBUG[0m [2methereum_transaction_pool_monitor::eth_client[0m[2m:[0m 📨 Received WebSocket message: {"jsonrpc":"2.0","method":"eth_subscription","params":{"subscription":"0xbed0a0851463e895960a451075a301a9","result":"0x896003df01853c46d4bf3e9ac676871eb4ff8b96707119cd4d9af424d718e049"}}
[2m2025-12-10T10:13:38.660188Z[0m [34mDEBUG[0m [2methereum_transaction_pool_monitor::eth_client[0m[2m:[0m 📨 Received pending transaction: 0x896003df01853c46d4bf3e9ac676871eb4ff8b96707119cd4d9af424d718e049
[2m2025-12-10T10:13:38.660191Z[0m [34mDEBUG[0m [2methereum_transaction_pool_monitor::eth_client[0m[2m:[0m 📨 Received WebSocket message: {"jsonrpc":"2.0","method":"eth_subscription","params":{"subscription":"0xbed0a0851463e895960a451075a301a9","result":"0xab6cc28cd59d29f9043f0cef447864822c2958143875171d49eeb479b76a51c8"}}
[2m2025-12-10T10:13:38.660195Z[0m [34mDEBUG[0m [2methereum_transaction_pool_monitor::eth_client[0m[2m:[0m 📨 Received pending transaction: 0xab6cc28cd59d29f9043f0cef447864822c2958143875171d49eeb479b76a51c8
[2m2025-12-10T10:13:38.660198Z[0m [34mDEBUG[0m [2methereum_transaction_pool_monitor::eth_client[0m[2m:[0m 📨 Received WebSocket message: {"jsonrpc":"2.0","method":"eth_subscription","params":{"subscription":"0xbed0a0851463e895960a451075a301a9","result":"0xe6dc78d8cca3b345bdab7863310f37a71e97da2644e033d232491e982b7048e5"}}
[2m2025-12-10T10:13:38.660202Z[0m [34mDEBUG[0m [2methereum_transaction_pool_monitor::eth_client[0m[2m:[0m 📨 Received pending transaction: 0xe6dc78d8cca3b345bdab7863310f37a71e97da2644e033d232491e982b7048e5
[2m2025-12-10T10:13:38.660205Z[0m [34mDEBUG[0m [2methereum_transaction_pool_monitor::eth_client[0m[2m:[0m 📨 Received WebSocket message: {"jsonrpc":"2.0","method":"eth_subscription","params":{"subscription":"0xbed0a0851463e895960a451075a301a9","result":"0x17e1585fd5863aa75942d2ea44a5ec7708256fb09742d2bfe157ca54112acf4d"}}
[2m2025-12-10T10:13:38.660209Z[0m [34mDEBUG[0m [2methereum_transaction_pool_monitor::eth_client[0m[2m:[0m 📨 Received pending transaction: 0x17e1585fd5863aa75942d2ea44a5ec7708256fb09742d2bfe157ca54112acf4d
[2m2025-12-10T10:13:38.660214Z[0m [34mDEBUG[0m [2methereum_transaction_pool_monitor::eth_client[0m[2m:[0m 📨 Received WebSocket message: {"jsonrpc":"2.0","method":"eth_subscription","params":{"subscription":"0xbed0a0851463e895960a451075a301a9","result":"0x95e66cfcf55b16e465b6a10fd0c57c3b36691ae3b3263f52cb4968502b1cdec8"}}
[2m2025-12-10T10:13:38.660218Z[0m [34mDEBUG[0m [2methereum_transaction_pool_monitor::eth_client[0m[2m:[0m 📨 Received pending transaction: 0x95e66cfcf55b16e465b6a10fd0c57c3b36691ae3b3263f52cb4968502b1cdec8
[2m2025-12-10T10:13:38.660221Z[0m [34mDEBUG[0m [2methereum_transaction_pool_monitor::eth_client[0m[2m:[0m 📨 Received WebSocket message: {"jsonrpc":"2.0","method":"eth_subscription","params":{"subscription":"0xbed0a0851463e895960a451075a301a9","result":"0xcbc1d1cdf2bec6a90a05126a41ecf5544f171b735db0d33be27a72bfdc16a907"}}
[2m2025-12-10T10:13:38.660225Z[0m [34mDEBUG[0m [2methereum_transaction_pool_monitor::eth_client[0m[2m:[0m 📨 Received pending transaction: 0xcbc1d1cdf2bec6a90a05126a41ecf5544f171b735db0d33be27a72bfdc16a907
[2m2025-12-10T10:13:38.660238Z[0m [34mDEBUG[0m [2methereum_transaction_pool_monitor::eth_client[0m[2m:[0m 📨 Received WebSocket message: {"jsonrpc":"2.0","method":"eth_subscription","params":{"subscription":"0xbed0a0851463e895960a451075a301a9","result":"0x8ffd5001514ef24114f7330fd971650d6f9f4e9811f3d03e0b6fa99c6879c29c"}}
[2m2025-12-10T10:13:38.660243Z[0m [34mDEBUG[0m [2methereum_transaction_pool_monitor::eth_client[0m[2m:[0m 📨 Received pending transaction: 0x8ffd5001514ef24114f7330fd971650d6f9f4e9811f3d03e0b6fa99c6879c29c
[2m2025-12-10T10:13:38.660247Z[0m [34mDEBUG[0m [2methereum_transaction_pool_monitor::eth_client[0m[2m:[0m 📨 Received WebSocket message: {"jsonrpc":"2.0","method":"eth_subscription","params":{"subscription":"0xbed0a0851463e895960a451075a301a9","result":"0xf9f59363de9d8c58b5a67446fadab82c0441cd91fa22aa421d333f51ce12dde5"}}
[2m2025-12-10T10:13:38.660251Z[0m [34mDEBUG[0m [2methereum_transaction_pool_monitor::eth_client[0m[2m:[0m 📨 Received pending transaction: 0xf9f59363de9d8c58b5a67446fadab82c0441cd91fa22aa421d333f51ce12dde5
[2m2025-12-10T10:13:38.660254Z[0m [34mDEBUG[0m [2methereum_transaction_pool_monitor::eth_client[0m[2m:[0m 📨 Received WebSocket message: {"jsonrpc":"2.0","method":"eth_subscription","params":{"subscription":"0xbed0a0851463e895960a451075a301a9","result":"0x25f4ddabba5f888820c6e76f40e1b7fc08606ea2f8861c872b0ec8dbee71b9b1"}}
[2m2025-12-10T10:13:38.660258Z[0m [34mDEBUG[0m [2methereum_transaction_pool_monitor::eth_client[0m[2m:[0m 📨 Received pending transaction: 0x25f4ddabba5f888820c6e76f40e1b7fc08606ea2f8861c872b0ec8dbee71b9b1
[2m2025-12-10T10:13:38.660261Z[0m [34mDEBUG[0m [2methereum_transaction_pool_monitor::eth_client[0m[2m:[0m 📨 Received WebSocket message: {"jsonrpc":"2.0","method":"eth_subscription","params":{"subscription":"0xbed0a0851463e895960a451075a301a9","result":"0x2172595e2df36e9fff25c2433389ee252fa3ef6d1a7f64979369cc2e46a22d1a"}}
[2m2025-12-10T10:13:38.660265Z[0m [34mDEBUG[0m [2methereum_transaction_pool_monitor::eth_client[0m[2m:[0m 📨 Received pending transaction: 0x2172595e2df36e9fff25c2433389ee252fa3ef6d1a7f64979369cc2e46a22d1a
[2m2025-12-10T10:13:38.660268Z[0m [34mDEBUG[0m [2methereum_transaction_pool_monitor::eth_client[0m[2m:[0m 📨 Received WebSocket message: {"jsonrpc":"2.0","method":"eth_subscription","params":{"subscription":"0xbed0a0851463e895960a451075a301a9","result":"0x80dea206b4c432ebc55c9c3a3d282f384b4b55df8285393a29772ce09add9768"}}
[2m2025-12-10T10:13:38.660272Z[0m [34mDEBUG[0m [2methereum_transaction_pool_monitor::eth_client[0m[2m:[0m 📨 Received pending transaction: 0x80dea206b4c432ebc55c9c3a3d282f384b4b55df8285393a29772ce09add9768
[2m2025-12-10T10:13:38.660276Z[0m [34mDEBUG[0m [2methereum_transaction_pool_monitor::eth_client[0m[2m:[0m 📨 Received WebSocket message: {"jsonrpc":"2.0","method":"eth_subscription","params":{"subscription":"0xbed0a0851463e895960a451075a301a9","result":"0x62d9e7648eea8a84e57441c17c8e56c1bcef3c6223c997fb7a6f5153a65cf841"}}
[2m2025-12-10T10:13:38.660281Z[0m [34mDEBUG[0m [2methereum_transaction_pool_monitor::eth_client[0m[2m:[0m 📨 Received pending transaction: 0x62d9e7648eea8a84e57441c17c8e56c1bcef3c6223c997fb7a6f5153a65cf841
[2m2025-12-10T10:13:38.660284Z[0m [34mDEBUG[0m [2methereum_transaction_pool_monitor::eth_client[0m[2m:[0m 📨 Received WebSocket message: {"jsonrpc":"2.0","method":"eth_subscription","params":{"subscription":"0xbed0a0851463e895960a451075a301a9","result":"0x9c378891330d1bf5263896f630ff9f6981fd58a9fa9164a8ed514d05bea51086"}}
[2m2025-12-10T10:13:38.660288Z[0m [34mDEBUG[0m [2methereum_transaction_pool_monitor::eth_client[0m[2m:[0m 📨 Received pending transaction: 0x9c378891330d1bf5263896f630ff9f6981fd58a9fa9164a8ed514d05bea51086
[2m2025-12-10T10:13:38.660291Z[0m [34mDEBUG[0m [2methereum_transaction_pool_monitor::eth_client[0m[2m:[0m 📨 Received WebSocket message: {"jsonrpc":"2.0","method":"eth_subscription","params":{"subscription":"0xbed0a0851463e895960a451075a301a9","result":"0x079e04aad7f0c42557f1d51a3d4c765f727153889b5e1b217b915654e25a1a0b"}}
[2m2025-12-10T10:13:38.660295Z[0m [34mDEBUG[0m [2methereum_transaction_pool_monitor::eth_client[0m[2m:[0m 📨 Received pending transaction: 0x079e04aad7f0c42557f1d51a3d4c765f727153889b5e1b217b915654e25a1a0b
[2m2025-12-10T10:13:38.660299Z[0m [34mDEBUG[0m [2methereum_transaction_pool_monitor::eth_client[0m[2m:[0m 📨 Received WebSocket message: {"jsonrpc":"2.0","method":"eth_subscription","params":{"subscription":"0xbed0a0851463e895960a451075a301a9","result":"0xcd8e85e57c245c49f1dea07a1bd0ab82fb0761c2baffbc182357762ac8bd7fcb"}}
[2m2025-12-10T10:13:38.660303Z[0m [34mDEBUG[0m [2methereum_transaction_pool_monitor::eth_client[0m[2m:[0m 📨 Received pending transaction: 0xcd8e85e57c245c49f1dea07a1bd0ab82fb0761c2baffbc182357762ac8bd7fcb
[2m2025-12-10T10:13:38.660306Z[0m [34mDEBUG[0m [2methereum_transaction_pool_monitor::eth_client[0m[2m:[0m 📨 Received WebSocket message: {"jsonrpc":"2.0","method":"eth_subscription","params":{"subscription":"0xbed0a0851463e895960a451075a301a9","result":"0x7004796fc3a7361a9e03a4506c50d2d5e96ca7eff30675c4d025267d1f0d60c8"}}
[2m2025-12-10T10:13:38.660310Z[0m [34mDEBUG[0m [2methereum_transaction_pool_monitor::eth_client[0m[2m:[0m 📨 Received pending transaction: 0x7004796fc3a7361a9e03a4506c50d2d5e96ca7eff30675c4d025267d1f0d60c8
[2m2025-12-10T10:13:38.660313Z[0m [34mDEBUG[0m [2methereum_transaction_pool_monitor::eth_client[0m[2m:[0m 📨 Received WebSocket message: {"jsonrpc":"2.0","method":"eth_subscription","params":{"subscription":"0xbed0a0851463e895960a451075a301a9","result":"0x230a4215d719104884f11c15549b36e10b24697e2382e0da5504674650e9c9b1"}}
[2m2025-12-10T10:13:38.660317Z[0m [34mDEBUG[0m [2methereum_transaction_pool_monitor::eth_client[0m[2m:[0m 📨 Received pending transaction: 0x230a4215d719104884f11c15549b36e10b24697e2382e0da5504674650e9c9b1
[2m2025-12-10T10:13:38.660320Z[0m [34mDEBUG[0m [2methereum_transaction_pool_monitor::eth_client[0m[2m:[0m 📨 Received WebSocket message: {"jsonrpc":"2.0","method":"eth_subscription","params":{"subscription":"0xbed0a0851463e895960a451075a301a9","result":"0x271b70f53507ea5ae52ce7c2061428fac7975f6a71ada6bb4ce5d98434916053"}}
[2m2025-12-10T10:13:38.660324Z[0m [34mDEBUG[0m [2methereum_transaction_pool_monitor::eth_client[0m[2m:[0m 📨 Received pending transaction: 0x271b70f53507ea5ae52ce7c2061428fac7975f6a71ada6bb4ce5d98434916053
[2m2025-12-10T10:13:38.660328Z[0m [34mDEBUG[0m [2methereum_transaction_pool_monitor::eth_client[0m[2m:[0m 📨 Received WebSocket message: {"jsonrpc":"2.0","method":"eth_subscription","params":{"subscription":"0xbed0a0851463e895960a451075a301a9","result":"0x7d74f3862c6896ea6312a1b5d4e8d4fedaf91fbb966e7a05fee71b05e7bf2de0"}}
[2m2025-12-10T10:13:38.660331Z[0m [34mDEBUG[0m [2methereum_transaction_pool_monitor::eth_client[0m[2m:[0m 📨 Received pending transaction: 0x7d74f3862c6896ea6312a1b5d4e8d4fedaf91fbb966e7a05fee71b05e7bf2de0
[2m2025-12-10T10:13:38.660336Z[0m [34mDEBUG[0m [2methereum_transaction_pool_monitor::eth_client[0m[2m:[0m 📨 Received WebSocket message: {"jsonrpc":"2.0","method":"eth_subscription","params":{"subscription":"0xbed0a0851463e895960a451075a301a9","result":"0x8b0dcb4e111c99216a156bda67196067d7d798b5147b2c03e822daf6991e2ebd"}}
[2m2025-12-10T10:13:38.660340Z[0m [34mDEBUG[0m [2methereum_transaction_pool_monitor::eth_client[0m[2m:[0m 📨 Received pending transaction: 0x8b0dcb4e111c99216a156bda67196067d7d798b5147b2c03e822daf6991e2ebd
[2m2025-12-10T10:13:38.660343Z[0m [34mDEBUG[0m [2methereum_transaction_pool_monitor::eth_client[0m[2m:[0m 📨 Received WebSocket message: {"jsonrpc":"2.0","method":"eth_subscription","params":{"subscription":"0xbed0a0851463e895960a451075a301a9","result":"0xaf6db15bdb90afe386d0918414a4b9f39a1e96dd455cc0345e7ccb80f611e611"}}
[2m2025-12-10T10:13:38.660347Z[0m [34mDEBUG[0m [2methereum_transaction_pool_monitor::eth_client[0m[2m:[0m 📨 Received pending transaction: 0xaf6db15bdb90afe386d0918414a4b9f39a1e96dd455cc0345e7ccb80f611e611
[2m2025-12-10T10:13:38.660350Z[0m [34mDEBUG[0m [2methereum_transaction_pool_monitor::eth_client[0m[2m:[0m 📨 Received WebSocket message: {"jsonrpc":"2.0","method":"eth_subscription","params":{"subscription":"0xbed0a0851463e895960a451075a301a9","result":"0xeb99d52337ad836ec2d9e67322af85a77805ae6d86e127ad48f181a40d348ad8"}}
[2m2025-12-10T10:13:38.660354Z[0m [34mDEBUG[0m [2methereum_transaction_pool_monitor::eth_client[0m[2m:[0m 📨 Received pending transaction: 0xeb99d52337ad836ec2d9e67322af85a77805ae6d86e127ad48f181a40d348ad8
[2m2025-12-10T10:13:38.660358Z[0m [34mDEBUG[0m [2methereum_transaction_pool_monitor::eth_client[0m[2m:[0m 📨 Received WebSocket message: {"jsonrpc":"2.0","method":"eth_subscription","params":{"subscription":"0xbed0a0851463e895960a451075a301a9","result":"0xb73a2167fc70455cb5a21e31d5cb479655e60aa5f0814a1f4e3f5e0f8d78802e"}}
[2m2025-12-10T10:13:38.660361Z[0m [34mDEBUG[0m [2methereum_transaction_pool_monitor::eth_client[0m[2m:[0m 📨 Received pending transaction: 0xb73a2167fc70455cb5a21e31d5cb479655e60aa5f0814a1f4e3f5e0f8d78802e
[2m2025-12-10T10:13:38.660365Z[0m [34mDEBUG[0m [2methereum_transaction_pool_monitor::eth_client[0m[2m:[0m 📨 Received WebSocket message: {"jsonrpc":"2.0","method":"eth_subscription","params":{"subscription":"0xbed0a0851463e895960a451075a301a9","result":"0x2376667bfb6faf4a2b83456c189b39248e35fe6696162b9be21a057f0bb418d2"}}
[2m2025-12-10T10:13:38.660369Z[0m [34mDEBUG[0m [2methereum_transaction_pool_monitor::eth_client[0m[2m:[0m 📨 Received pending transaction: 0x2376667bfb6faf4a2b83456c189b39248e35fe6696162b9be21a057f0bb418d2
[2m2025-12-10T10:13:38.660372Z[0m [34mDEBUG[0m [2methereum_transaction_pool_monitor::eth_client[0m[2m:[0m 📨 Received WebSocket message: {"jsonrpc":"2.0","method":"eth_subscription","params":{"subscription":"0xbed0a0851463e895960a451075a301a9","result":"0xeacee028094b881ec5cdcdeecffbdec76762904ec4d6899c47dc593e14689fc1"}}
[2m2025-12-10T10:13:38.660376Z[0m [34mDEBUG[0m [2methereum_transaction_pool_monitor::eth_client[0m[2m:[0m 📨 Received pending transaction: 0xeacee028094b881ec5cdcdeecffbdec76762904ec4d6899c47dc593e14689fc1
[2m2025-12-10T10:13:38.660379Z[0m [34mDEBUG[0m [2methereum_transaction_pool_monitor::eth_client[0m[2m:[0m 📨 Received WebSocket message: {"jsonrpc":"2.0","method":"eth_subscription","params":{"subscription":"0xbed0a0851463e895960a451075a301a9","result":"0x1e2cd7d0d8146f0b7b5a1a56e037a8413aef53b64399454e5636688b1de97546"}}
[2m2025-12-10T10:13:38.660385Z[0m [34mDEBUG[0m [2methereum_transaction_pool_monitor::eth_client[0m[2m:[0m 📨 Received pending transaction: 0x1e2cd7d0d8146f0b7b5a1a56e037a8413aef53b64399454e5636688b1de97546
[2m2025-12-10T10:13:38.660388Z[0m [34mDEBUG[0m [2methereum_transaction_pool_monitor::eth_client[0m[2m:[0m 📨 Received WebSocket message: {"jsonrpc":"2.0","method":"eth_subscription","params":{"subscription":"0xbed0a0851463e895960a451075a301a9","result":"0xf4898d92cbaef99d7f7ebf0b1427c0eb563714f7e056d1c6fea86623ce5a36b8"}}
[2m2025-12-10T10:13:38.660395Z[0m [34mDEBUG[0m [2methereum_transaction_pool_monitor::eth_client[0m[2m:[0m 📨 Received pending transaction: 0xf4898d92cbaef99d7f7ebf0b1427c0eb563714f7e056d1c6fea86623ce5a36b8
[2m2025-12-10T10:13:38.660398Z[0m [34mDEBUG[0m [2methereum_transaction_pool_monitor::eth_client[0m[2m:[0m 📨 Received WebSocket message: {"jsonrpc":"2.0","method":"eth_subscription","params":{"subscription":"0xbed0a0851463e895960a451075a301a9","result":"0x303dd56a261bdeff50e18c328e9295e65da95d8919714948456b7cba31f5544d"}}
[2m2025-12-10T10:13:38.660402Z[0m [34mDEBUG[0m [2methereum_transaction_pool_monitor::eth_client[0m[2m:[0m 📨 Received pending transaction: 0x303dd56a261bdeff50e18c328e9295e65da95d8919714948456b7cba31f5544d
[2m2025-12-10T10:13:38.663863Z[0m [34mDEBUG[0m [2mhyper::proto::h1::io[0m[2m:[0m parsed 4 headers
[2m2025-12-10T10:13:38.663874Z[0m [34mDEBUG[0m [2mhyper::proto::h1::conn[0m[2m:[0m incoming body is content-length (45 bytes)
[2m2025-12-10T10:13:38.663882Z[0m [34mDEBUG[0m [2mhyper::proto::h1::conn[0m[2m:[0m incoming body completed
[2m2025-12-10T10:13:38.663891Z[0m [34mDEBUG[0m [2mhyper::client::pool[0m[2m:[0m pooling idle connection for ("http", 192.168.0.14:8545)
[2m2025-12-10T10:13:38.665147Z[0m [34mDEBUG[0m [2mhyper::proto::h1::io[0m[2m:[0m parsed 4 headers
[2m2025-12-10T10:13:38.665153Z[0m [34mDEBUG[0m [2mhyper::proto::h1::conn[0m[2m:[0m incoming body is content-length (3475 bytes)
[2m2025-12-10T10:13:38.665158Z[0m [34mDEBUG[0m [2mhyper::proto::h1::conn[0m[2m:[0m incoming body completed
[2m2025-12-10T10:13:38.665165Z[0m [34mDEBUG[0m [2mhyper::client::pool[0m[2m:[0m pooling idle connection for ("http", 192.168.0.14:8545)
[2m2025-12-10T10:13:38.665170Z[0m [34mDEBUG[0m [2methereum_transaction_pool_monitor::eth_client[0m[2m:[0m 📡 Transaction fetch RPC completed in 5.238208ms
[2m2025-12-10T10:13:38.734756Z[0m [34mDEBUG[0m [2methereum_transaction_pool_monitor::eth_client[0m[2m:[0m ✅ Transaction 0x90ca65c45f8e6b4326bf9fda322b64cd3b10619dc72e178f0afdd0529b6a14df fetched and parsed in 74.822083ms
[2m2025-12-10T10:13:38.734787Z[0m [34mDEBUG[0m [2methereum_transaction_pool_monitor::mempool_monitor[0m[2m:[0m 🔍 Skipping tx 0x90ca65c45f8e6b4326bf9fda322b64cd3b10619dc72e178f0afdd0529b6a14df - not a DEX interaction (target: 0x9785AeF755fC438f8316C446e3120b0B2B4Dc858)
[2m2025-12-10T10:13:38.734797Z[0m [34mDEBUG[0m [2methereum_transaction_pool_monitor::mempool_monitor[0m[2m:[0m 📨 Processing new pending transaction: 0xaa9464358f8f3f3b2e4ee7957c0fbdb9096063144fde38d44fe9e95f5211d8cb
[2m2025-12-10T10:13:38.734808Z[0m [34mDEBUG[0m [2methereum_transaction_pool_monitor::mempool_monitor[0m[2m:[0m 🔍 Fetching transaction details for: 0xaa9464358f8f3f3b2e4ee7957c0fbdb9096063144fde38d44fe9e95f5211d8cb
[2m2025-12-10T10:13:38.734814Z[0m [34mDEBUG[0m [2methereum_transaction_pool_monitor::eth_client[0m[2m:[0m 🔍 Fetching transaction details for hash: 0xaa9464358f8f3f3b2e4ee7957c0fbdb9096063144fde38d44fe9e95f5211d8cb
[2m2025-12-10T10:13:38.734832Z[0m [34mDEBUG[0m [2mhyper::client::pool[0m[2m:[0m reuse idle connection for ("http", 192.168.0.14:8545)
[2m2025-12-10T10:13:38.734879Z[0m [34mDEBUG[0m [2mhyper::proto::h1::io[0m[2m:[0m flushed 250 bytes
[2m2025-12-10T10:13:38.734899Z[0m [34mDEBUG[0m [2mhyper::client::pool[0m[2m:[0m reuse idle connection for ("http", 192.168.0.14:8545)
[2m2025-12-10T10:13:38.734913Z[0m [34mDEBUG[0m [2mhyper::proto::h1::io[0m[2m:[0m flushed 172 bytes
[2m2025-12-10T10:13:38.734976Z[0m [34mDEBUG[0m [2methereum_transaction_pool_monitor::eth_client[0m[2m:[0m 📨 Received WebSocket message: {"jsonrpc":"2.0","method":"eth_subscription","params":{"subscription":"0xbed0a0851463e895960a451075a301a9","result":"0x3013019d19cf512782fa47d681dc3a86a843b7a58687b909f383923556d05614"}}
[2m2025-12-10T10:13:38.734987Z[0m [34mDEBUG[0m [2methereum_transaction_pool_monitor::eth_client[0m[2m:[0m 📨 Received pending transaction: 0x3013019d19cf512782fa47d681dc3a86a843b7a58687b909f383923556d05614
[2m2025-12-10T10:13:38.734992Z[0m [34mDEBUG[0m [2methereum_transaction_pool_monitor::eth_client[0m[2m:[0m 📨 Received WebSocket message: {"jsonrpc":"2.0","method":"eth_subscription","params":{"subscription":"0xbed0a0851463e895960a451075a301a9","result":"0x2eae506ea23d9d3e13defeacce0f84914861a3e0f86443d01bc3c67e03386bde"}}
[2m2025-12-10T10:13:38.734996Z[0m [34mDEBUG[0m [2methereum_transaction_pool_monitor::eth_client[0m[2m:[0m 📨 Received pending transaction: 0x2eae506ea23d9d3e13defeacce0f84914861a3e0f86443d01bc3c67e03386bde
[2m2025-12-10T10:13:38.734999Z[0m [34mDEBUG[0m [2methereum_transaction_pool_monitor::eth_client[0m[2m:[0m 📨 Received WebSocket message: {"jsonrpc":"2.0","method":"eth_subscription","params":{"subscription":"0xbed0a0851463e895960a451075a301a9","result":"0xd1d3ae5fb8a8fb23fda11490db28386e80d7aeb8a71eea361d2c84dde655a309"}}
[2m2025-12-10T10:13:38.735004Z[0m [34mDEBUG[0m [2methereum_transaction_pool_monitor::eth_client[0m[2m:[0m 📨 Received pending transaction: 0xd1d3ae5fb8a8fb23fda11490db28386e80d7aeb8a71eea361d2c84dde655a309
[2m2025-12-10T10:13:38.738394Z[0m [34mDEBUG[0m [2methereum_transaction_pool_monitor::eth_client[0m[2m:[0m 📨 Received WebSocket message: {"jsonrpc":"2.0","method":"eth_subscription","params":{"subscription":"0xbed0a0851463e895960a451075a301a9","result":"0xe5b0e478261c5764d410651e627bd4647e0152a94924ef9be1c1bd22c9e11b2e"}}
[2m2025-12-10T10:13:38.738414Z[0m [34mDEBUG[0m [2methereum_transaction_pool_monitor::eth_client[0m[2m:[0m 📨 Received pending transaction: 0xe5b0e478261c5764d410651e627bd4647e0152a94924ef9be1c1bd22c9e11b2e
[2m2025-12-10T10:13:38.738419Z[0m [34mDEBUG[0m [2methereum_transaction_pool_monitor::eth_client[0m[2m:[0m 📨 Received WebSocket message: {"jsonrpc":"2.0","method":"eth_subscription","params":{"subscription":"0xbed0a0851463e895960a451075a301a9","result":"0xaef88651329544b03b4e1ddce93973d641f237555894f62a7e802a51c8c83f74"}}
[2m2025-12-10T10:13:38.738424Z[0m [34mDEBUG[0m [2methereum_transaction_pool_monitor::eth_client[0m[2m:[0m 📨 Received pending transaction: 0xaef88651329544b03b4e1ddce93973d641f237555894f62a7e802a51c8c83f74
[2m2025-12-10T10:13:38.742901Z[0m [34mDEBUG[0m [2methereum_transaction_pool_monitor::eth_client[0m[2m:[0m 📨 Received WebSocket message: {"jsonrpc":"2.0","method":"eth_subscription","params":{"subscription":"0xbed0a0851463e895960a451075a301a9","result":"0xad22732a55d776388ebfa2ca16a648e816028c211f7f79100a2c9b234da8dde5"}}
[2m2025-12-10T10:13:38.742922Z[0m [34mDEBUG[0m [2methereum_transaction_pool_monitor::eth_client[0m[2m:[0m 📨 Received pending transaction: 0xad22732a55d776388ebfa2ca16a648e816028c211f7f79100a2c9b234da8dde5
[2m2025-12-10T10:13:38.742928Z[0m [34mDEBUG[0m [2methereum_transaction_pool_monitor::eth_client[0m[2m:[0m 📨 Received WebSocket message: {"jsonrpc":"2.0","method":"eth_subscription","params":{"subscription":"0xbed0a0851463e895960a451075a301a9","result":"0x83009458feb3a2a225717441d38ba4d98d1dd83b937107e8e1a729a414dba884"}}
[2m2025-12-10T10:13:38.742933Z[0m [34mDEBUG[0m [2methereum_transaction_pool_monitor::eth_client[0m[2m:[0m 📨 Received pending transaction: 0x83009458feb3a2a225717441d38ba4d98d1dd83b937107e8e1a729a414dba884
[2m2025-12-10T10:13:38.743720Z[0m [34mDEBUG[0m [2mhyper::proto::h1::io[0m[2m:[0m parsed 4 headers
[2m2025-12-10T10:13:38.743728Z[0m [34mDEBUG[0m [2mhyper::proto::h1::conn[0m[2m:[0m incoming body is content-length (773 bytes)
[2m2025-12-10T10:13:38.743737Z[0m [34mDEBUG[0m [2mhyper::proto::h1::conn[0m[2m:[0m incoming body completed
[2m2025-12-10T10:13:38.743749Z[0m [34mDEBUG[0m [2mhyper::client::pool[0m[2m:[0m pooling idle connection for ("http", 192.168.0.14:8545)
[2m2025-12-10T10:13:38.743757Z[0m [34mDEBUG[0m [2methereum_transaction_pool_monitor::eth_client[0m[2m:[0m 📡 Transaction fetch RPC completed in 8.939416ms
[2m2025-12-10T10:13:38.743779Z[0m [34mDEBUG[0m [2methereum_transaction_pool_monitor::eth_client[0m[2m:[0m DeFi transaction detected - Address: 0xdac17f958d2ee523a2206206994597c13d831ec7, Type: Stablecoin, Value: 0 ETH, Gas: 1.33 Gwei
[2m2025-12-10T10:13:38.743792Z[0m [34mDEBUG[0m [2methereum_transaction_pool_monitor::eth_client[0m[2m:[0m ✅ Transaction 0xaa9464358f8f3f3b2e4ee7957c0fbdb9096063144fde38d44fe9e95f5211d8cb fetched and parsed in 8.973791ms
[2m2025-12-10T10:13:38.743798Z[0m [34mDEBUG[0m [2methereum_transaction_pool_monitor::mempool_monitor[0m[2m:[0m 🔍 Skipping tx 0xaa9464358f8f3f3b2e4ee7957c0fbdb9096063144fde38d44fe9e95f5211d8cb - not a DEX interaction (target: 0xdAC17F958D2ee523a2206206994597C13D831ec7)
[2m2025-12-10T10:13:38.743807Z[0m [34mDEBUG[0m [2methereum_transaction_pool_monitor::mempool_monitor[0m[2m:[0m 📨 Processing new pending transaction: 0x206e33dca0f085b80acb45ce1d95512a36d2db51675bc02ea7a8522fea0f11f6
[2m2025-12-10T10:13:38.743811Z[0m [34mDEBUG[0m [2methereum_transaction_pool_monitor::mempool_monitor[0m[2m:[0m 🔍 Fetching transaction details for: 0x206e33dca0f085b80acb45ce1d95512a36d2db51675bc02ea7a8522fea0f11f6
[2m2025-12-10T10:13:38.743814Z[0m [34mDEBUG[0m [2methereum_transaction_pool_monitor::eth_client[0m[2m:[0m 🔍 Fetching transaction details for hash: 0x206e33dca0f085b80acb45ce1d95512a36d2db51675bc02ea7a8522fea0f11f6
[2m2025-12-10T10:13:38.743828Z[0m [34mDEBUG[0m [2mhyper::client::pool[0m[2m:[0m reuse idle connection for ("http", 192.168.0.14:8545)
[2m2025-12-10T10:13:38.743842Z[0m [34mDEBUG[0m [2mhyper::proto::h1::io[0m[2m:[0m flushed 250 bytes
[2m2025-12-10T10:13:38.743850Z[0m [34mDEBUG[0m [2mhyper::proto::h1::io[0m[2m:[0m parsed 4 headers
[2m2025-12-10T10:13:38.743853Z[0m [34mDEBUG[0m [2mhyper::proto::h1::conn[0m[2m:[0m incoming body is content-length (45 bytes)
[2m2025-12-10T10:13:38.743857Z[0m [34mDEBUG[0m [2mhyper::proto::h1::conn[0m[2m:[0m incoming body completed
[2m2025-12-10T10:13:38.743862Z[0m [34mDEBUG[0m [2mhyper::client::pool[0m[2m:[0m pooling idle connection for ("http", 192.168.0.14:8545)
[2m2025-12-10T10:13:38.754097Z[0m [34mDEBUG[0m [2mhyper::proto::h1::io[0m[2m:[0m parsed 4 headers
[2m2025-12-10T10:13:38.754107Z[0m [34mDEBUG[0m [2mhyper::proto::h1::conn[0m[2m:[0m incoming body is content-length (781 bytes)
[2m2025-12-10T10:13:38.754113Z[0m [34mDEBUG[0m [2mhyper::proto::h1::conn[0m[2m:[0m incoming body completed
[2m2025-12-10T10:13:38.754121Z[0m [34mDEBUG[0m [2mhyper::client::pool[0m[2m:[0m pooling idle connection for ("http", 192.168.0.14:8545)
[2m2025-12-10T10:13:38.754127Z[0m [34mDEBUG[0m [2methereum_transaction_pool_monitor::eth_client[0m[2m:[0m 📡 Transaction fetch RPC completed in 10.31ms
[2m2025-12-10T10:13:38.824685Z[0m [34mDEBUG[0m [2methereum_transaction_pool_monitor::eth_client[0m[2m:[0m ✅ Transaction 0x206e33dca0f085b80acb45ce1d95512a36d2db51675bc02ea7a8522fea0f11f6 fetched and parsed in 80.865167ms
[2m2025-12-10T10:13:38.824714Z[0m [34mDEBUG[0m [2methereum_transaction_pool_monitor::mempool_monitor[0m[2m:[0m 🔍 Skipping tx 0x206e33dca0f085b80acb45ce1d95512a36d2db51675bc02ea7a8522fea0f11f6 - not a DEX interaction (target: 0x4cD00E387622C35bDDB9b4c962C136462338BC31)
[2m2025-12-10T10:13:38.824723Z[0m [34mDEBUG[0m [2methereum_transaction_pool_monitor::mempool_monitor[0m[2m:[0m 📨 Processing new pending transaction: 0x22942508fc3525afdd264ba9f968bd87026b4219f1ac54e6661c70aead094d32
[2m2025-12-10T10:13:38.824727Z[0m [34mDEBUG[0m [2methereum_transaction_pool_monitor::mempool_monitor[0m[2m:[0m 🔍 Fetching transaction details for: 0x22942508fc3525afdd264ba9f968bd87026b4219f1ac54e6661c70aead094d32
[2m2025-12-10T10:13:38.824731Z[0m [34mDEBUG[0m [2methereum_transaction_pool_monitor::eth_client[0m[2m:[0m 🔍 Fetching transaction details for hash: 0x22942508fc3525afdd264ba9f968bd87026b4219f1ac54e6661c70aead094d32
[2m2025-12-10T10:13:38.824754Z[0m [34mDEBUG[0m [2mhyper::client::pool[0m[2m:[0m reuse idle connection for ("http", 192.168.0.14:8545)
[2m2025-12-10T10:13:38.824799Z[0m [34mDEBUG[0m [2mhyper::proto::h1::io[0m[2m:[0m flushed 250 bytes
[2m2025-12-10T10:13:38.824819Z[0m [34mDEBUG[0m [2mhyper::client::pool[0m[2m:[0m reuse idle connection for ("http", 192.168.0.14:8545)
[2m2025-12-10T10:13:38.824834Z[0m [34mDEBUG[0m [2mhyper::proto::h1::io[0m[2m:[0m flushed 172 bytes
[2m2025-12-10T10:13:38.824838Z[0m [34mDEBUG[0m [2methereum_transaction_pool_monitor::eth_client[0m[2m:[0m 📨 Received WebSocket message: {"jsonrpc":"2.0","method":"eth_subscription","params":{"subscription":"0xbed0a0851463e895960a451075a301a9","result":"0x41afa8721fe305e36c5c0c5f41dfa1496fd1f877fc62d10927dcafb128d6a45f"}}
[2m2025-12-10T10:13:38.824855Z[0m [34mDEBUG[0m [2methereum_transaction_pool_monitor::eth_client[0m[2m:[0m 📨 Received pending transaction: 0x41afa8721fe305e36c5c0c5f41dfa1496fd1f877fc62d10927dcafb128d6a45f
[2m2025-12-10T10:13:38.824861Z[0m [34mDEBUG[0m [2methereum_transaction_pool_monitor::eth_client[0m[2m:[0m 📨 Received WebSocket message: {"jsonrpc":"2.0","method":"eth_subscription","params":{"subscription":"0xbed0a0851463e895960a451075a301a9","result":"0xad7bc78f4338ecfef13e3f064de70ecf500a7ce400c5885513980e8c7ec2a17e"}}
[2m2025-12-10T10:13:38.824865Z[0m [34mDEBUG[0m [2methereum_transaction_pool_monitor::eth_client[0m[2m:[0m 📨 Received pending transaction: 0xad7bc78f4338ecfef13e3f064de70ecf500a7ce400c5885513980e8c7ec2a17e
[2m2025-12-10T10:13:38.824869Z[0m [34mDEBUG[0m [2methereum_transaction_pool_monitor::eth_client[0m[2m:[0m 📨 Received WebSocket message: {"jsonrpc":"2.0","method":"eth_subscription","params":{"subscription":"0xbed0a0851463e895960a451075a301a9","result":"0x092346125018e683516399a19056a9fd6e87c9e754c68cfc91fa455049d83bf1"}}
[2m2025-12-10T10:13:38.824873Z[0m [34mDEBUG[0m [2methereum_transaction_pool_monitor::eth_client[0m[2m:[0m 📨 Received pending transaction: 0x092346125018e683516399a19056a9fd6e87c9e754c68cfc91fa455049d83bf1
[2m2025-12-10T10:13:38.824877Z[0m [34mDEBUG[0m [2methereum_transaction_pool_monitor::eth_client[0m[2m:[0m 📨 Received WebSocket message: {"jsonrpc":"2.0","method":"eth_subscription","params":{"subscription":"0xbed0a0851463e895960a451075a301a9","result":"0x2db16c50e03f0ccd396285ae9816636869abd7459d8c8787f1fc3246361648e0"}}
[2m2025-12-10T10:13:38.824881Z[0m [34mDEBUG[0m [2methereum_transaction_pool_monitor::eth_client[0m[2m:[0m 📨 Received pending transaction: 0x2db16c50e03f0ccd396285ae9816636869abd7459d8c8787f1fc3246361648e0
[2m2025-12-10T10:13:38.824884Z[0m [34mDEBUG[0m [2methereum_transaction_pool_monitor::eth_client[0m[2m:[0m 📨 Received WebSocket message: {"jsonrpc":"2.0","method":"eth_subscription","params":{"subscription":"0xbed0a0851463e895960a451075a301a9","result":"0x55d5f21dc629da79e0c715c72e3d6619a656bf088fb98e5c0068920447e29556"}}
[2m2025-12-10T10:13:38.824888Z[0m [34mDEBUG[0m [2methereum_transaction_pool_monitor::eth_client[0m[2m:[0m 📨 Received pending transaction: 0x55d5f21dc629da79e0c715c72e3d6619a656bf088fb98e5c0068920447e29556
[2m2025-12-10T10:13:38.824892Z[0m [34mDEBUG[0m [2methereum_transaction_pool_monitor::eth_client[0m[2m:[0m 📨 Received WebSocket message: {"jsonrpc":"2.0","method":"eth_subscription","params":{"subscription":"0xbed0a0851463e895960a451075a301a9","result":"0xa496d1245b872640ded9cfb93d056be527c8820986731396c636ef2d27957c10"}}
[2m2025-12-10T10:13:38.824896Z[0m [34mDEBUG[0m [2methereum_transaction_pool_monitor::eth_client[0m[2m:[0m 📨 Received pending transaction: 0xa496d1245b872640ded9cfb93d056be527c8820986731396c636ef2d27957c10
[2m2025-12-10T10:13:38.824904Z[0m [34mDEBUG[0m [2methereum_transaction_pool_monitor::eth_client[0m[2m:[0m 📨 Received WebSocket message: {"jsonrpc":"2.0","method":"eth_subscription","params":{"subscription":"0xbed0a0851463e895960a451075a301a9","result":"0xc1066ec93836067f5628819fd12b99f7b3f909f48b322d1ee1d6e1c408758723"}}
[2m2025-12-10T10:13:38.824913Z[0m [34mDEBUG[0m [2methereum_transaction_pool_monitor::eth_client[0m[2m:[0m 📨 Received pending transaction: 0xc1066ec93836067f5628819fd12b99f7b3f909f48b322d1ee1d6e1c408758723
[2m2025-12-10T10:13:38.824917Z[0m [34mDEBUG[0m [2methereum_transaction_pool_monitor::eth_client[0m[2m:[0m 📨 Received WebSocket message: {"jsonrpc":"2.0","method":"eth_subscription","params":{"subscription":"0xbed0a0851463e895960a451075a301a9","result":"0xf2ae0b0cfb4f727b8420f1529840c35db72629ffe9a63605aa78f378d6ae9541"}}
[2m2025-12-10T10:13:38.824921Z[0m [34mDEBUG[0m [2methereum_transaction_pool_monitor::eth_client[0m[2m:[0m 📨 Received pending transaction: 0xf2ae0b0cfb4f727b8420f1529840c35db72629ffe9a63605aa78f378d6ae9541
[2m2025-12-10T10:13:38.829248Z[0m [34mDEBUG[0m [2mhyper::proto::h1::io[0m[2m:[0m parsed 4 headers
[2m2025-12-10T10:13:38.829257Z[0m [34mDEBUG[0m [2mhyper::proto::h1::conn[0m[2m:[0m incoming body is content-length (45 bytes)
[2m2025-12-10T10:13:38.829264Z[0m [34mDEBUG[0m [2mhyper::proto::h1::conn[0m[2m:[0m incoming body completed
[2m2025-12-10T10:13:38.829272Z[0m [34mDEBUG[0m [2mhyper::client::pool[0m[2m:[0m pooling idle connection for ("http", 192.168.0.14:8545)
[2m2025-12-10T10:13:38.830096Z[0m [34mDEBUG[0m [2mhyper::proto::h1::io[0m[2m:[0m parsed 4 headers
[2m2025-12-10T10:13:38.830102Z[0m [34mDEBUG[0m [2mhyper::proto::h1::conn[0m[2m:[0m incoming body is content-length (1155 bytes)
[2m2025-12-10T10:13:38.830106Z[0m [34mDEBUG[0m [2mhyper::proto::h1::conn[0m[2m:[0m incoming body completed
[2m2025-12-10T10:13:38.830112Z[0m [34mDEBUG[0m [2mhyper::client::pool[0m[2m:[0m pooling idle connection for ("http", 192.168.0.14:8545)
[2m2025-12-10T10:13:38.830117Z[0m [34mDEBUG[0m [2methereum_transaction_pool_monitor::eth_client[0m[2m:[0m 📡 Transaction fetch RPC completed in 5.376584ms
[2m2025-12-10T10:13:38.904799Z[0m [34mDEBUG[0m [2methereum_transaction_pool_monitor::eth_client[0m[2m:[0m ✅ Transaction 0x22942508fc3525afdd264ba9f968bd87026b4219f1ac54e6661c70aead094d32 fetched and parsed in 80.056334ms
[2m2025-12-10T10:13:38.904834Z[0m [34mDEBUG[0m [2methereum_transaction_pool_monitor::mempool_monitor[0m[2m:[0m 🔍 Skipping tx 0x22942508fc3525afdd264ba9f968bd87026b4219f1ac54e6661c70aead094d32 - not a DEX interaction (target: 0xF6801D319497789f934ec7F83E142a9536312B08)
[2m2025-12-10T10:13:38.904846Z[0m [34mDEBUG[0m [2methereum_transaction_pool_monitor::mempool_monitor[0m[2m:[0m 📨 Processing new pending transaction: 0xadd3d28d231ec4d84ac76c73fa5677af817def4d4de33722ee4ccd4b3e1baa6f
[2m2025-12-10T10:13:38.904851Z[0m [34mDEBUG[0m [2methereum_transaction_pool_monitor::mempool_monitor[0m[2m:[0m 🔍 Fetching transaction details for: 0xadd3d28d231ec4d84ac76c73fa5677af817def4d4de33722ee4ccd4b3e1baa6f
[2m2025-12-10T10:13:38.904856Z[0m [34mDEBUG[0m [2methereum_transaction_pool_monitor::eth_client[0m[2m:[0m 🔍 Fetching transaction details for hash: 0xadd3d28d231ec4d84ac76c73fa5677af817def4d4de33722ee4ccd4b3e1baa6f
[2m2025-12-10T10:13:38.904876Z[0m [34mDEBUG[0m [2mhyper::client::pool[0m[2m:[0m reuse idle connection for ("http", 192.168.0.14:8545)
[2m2025-12-10T10:13:38.904921Z[0m [34mDEBUG[0m [2mhyper::proto::h1::io[0m[2m:[0m flushed 250 bytes
[2m2025-12-10T10:13:38.904940Z[0m [34mDEBUG[0m [2mhyper::client::pool[0m[2m:[0m reuse idle connection for ("http", 192.168.0.14:8545)
[2m2025-12-10T10:13:38.904957Z[0m [34mDEBUG[0m [2mhyper::proto::h1::io[0m[2m:[0m flushed 172 bytes
[2m2025-12-10T10:13:38.904972Z[0m [34mDEBUG[0m [2methereum_transaction_pool_monitor::eth_client[0m[2m:[0m 📨 Received WebSocket message: {"jsonrpc":"2.0","method":"eth_subscription","params":{"subscription":"0xbed0a0851463e895960a451075a301a9","result":"0x27b5d1907e6862edd817d27531250f6ad3f44cb33bf45e92c25eda502bf218ef"}}
[2m2025-12-10T10:13:38.904980Z[0m [34mDEBUG[0m [2methereum_transaction_pool_monitor::eth_client[0m[2m:[0m 📨 Received pending transaction: 0x27b5d1907e6862edd817d27531250f6ad3f44cb33bf45e92c25eda502bf218ef
[2m2025-12-10T10:13:38.905124Z[0m [34mDEBUG[0m [2methereum_transaction_pool_monitor::eth_client[0m[2m:[0m 📨 Received WebSocket message: {"jsonrpc":"2.0","method":"eth_subscription","params":{"subscription":"0xbed0a0851463e895960a451075a301a9","result":"0x3f9ae8069303686e764530f3b3d4305f187d6e2130a3a1b2674e863d16d3e17e"}}
[2m2025-12-10T10:13:38.905130Z[0m [34mDEBUG[0m [2methereum_transaction_pool_monitor::eth_client[0m[2m:[0m 📨 Received pending transaction: 0x3f9ae8069303686e764530f3b3d4305f187d6e2130a3a1b2674e863d16d3e17e
[2m2025-12-10T10:13:38.905134Z[0m [34mDEBUG[0m [2methereum_transaction_pool_monitor::eth_client[0m[2m:[0m 📨 Received WebSocket message: {"jsonrpc":"2.0","method":"eth_subscription","params":{"subscription":"0xbed0a0851463e895960a451075a301a9","result":"0x337908b68ae04b74e79ecda29c690def4e4cacc8aeab3dbe35120c8fca878c5a"}}
[2m2025-12-10T10:13:38.905138Z[0m [34mDEBUG[0m [2methereum_transaction_pool_monitor::eth_client[0m[2m:[0m 📨 Received pending transaction: 0x337908b68ae04b74e79ecda29c690def4e4cacc8aeab3dbe35120c8fca878c5a
[2m2025-12-10T10:13:38.905142Z[0m [34mDEBUG[0m [2methereum_transaction_pool_monitor::eth_client[0m[2m:[0m 📨 Received WebSocket message: {"jsonrpc":"2.0","method":"eth_subscription","params":{"subscription":"0xbed0a0851463e895960a451075a301a9","result":"0xbac013846487613c0b81743c4b657a1cb2627a9183fd54a4cc1dad5b281deca1"}}
[2m2025-12-10T10:13:38.905146Z[0m [34mDEBUG[0m [2methereum_transaction_pool_monitor::eth_client[0m[2m:[0m 📨 Received pending transaction: 0xbac013846487613c0b81743c4b657a1cb2627a9183fd54a4cc1dad5b281deca1
[2m2025-12-10T10:13:38.905150Z[0m [34mDEBUG[0m [2methereum_transaction_pool_monitor::eth_client[0m[2m:[0m 📨 Received WebSocket message: {"jsonrpc":"2.0","method":"eth_subscription","params":{"subscription":"0xbed0a0851463e895960a451075a301a9","result":"0x376965566bbeb726bfe6849fc665c192b58224ad57c3f5eef4ae0abe73ae42f6"}}
[2m2025-12-10T10:13:38.905154Z[0m [34mDEBUG[0m [2methereum_transaction_pool_monitor::eth_client[0m[2m:[0m 📨 Received pending transaction: 0x376965566bbeb726bfe6849fc665c192b58224ad57c3f5eef4ae0abe73ae42f6
[2m2025-12-10T10:13:38.905157Z[0m [34mDEBUG[0m [2methereum_transaction_pool_monitor::eth_client[0m[2m:[0m 📨 Received WebSocket message: {"jsonrpc":"2.0","method":"eth_subscription","params":{"subscription":"0xbed0a0851463e895960a451075a301a9","result":"0xadce4fb1eb4b41e041863803936168fab6cc86e0b6069e668604b04ba1bea51c"}}
[2m2025-12-10T10:13:38.905161Z[0m [34mDEBUG[0m [2methereum_transaction_pool_monitor::eth_client[0m[2m:[0m 📨 Received pending transaction: 0xadce4fb1eb4b41e041863803936168fab6cc86e0b6069e668604b04ba1bea51c
[2m2025-12-10T10:13:38.905165Z[0m [34mDEBUG[0m [2methereum_transaction_pool_monitor::eth_client[0m[2m:[0m 📨 Received WebSocket message: {"jsonrpc":"2.0","method":"eth_subscription","params":{"subscription":"0xbed0a0851463e895960a451075a301a9","result":"0x98f67d5c1282ed9584cbf2dc476cc99da88a600d3ec71e3f963a30131563e172"}}
[2m2025-12-10T10:13:38.905169Z[0m [34mDEBUG[0m [2methereum_transaction_pool_monitor::eth_client[0m[2m:[0m 📨 Received pending transaction: 0x98f67d5c1282ed9584cbf2dc476cc99da88a600d3ec71e3f963a30131563e172
[2m2025-12-10T10:13:38.905172Z[0m [34mDEBUG[0m [2methereum_transaction_pool_monitor::eth_client[0m[2m:[0m 📨 Received WebSocket message: {"jsonrpc":"2.0","method":"eth_subscription","params":{"subscription":"0xbed0a0851463e895960a451075a301a9","result":"0xf9d84e82478be3c08caf56d220f2c9d3837d25ba0cab4c3e41953a41453a6ce0"}}
[2m2025-12-10T10:13:38.905176Z[0m [34mDEBUG[0m [2methereum_transaction_pool_monitor::eth_client[0m[2m:[0m 📨 Received pending transaction: 0xf9d84e82478be3c08caf56d220f2c9d3837d25ba0cab4c3e41953a41453a6ce0
[2m2025-12-10T10:13:38.905180Z[0m [34mDEBUG[0m [2methereum_transaction_pool_monitor::eth_client[0m[2m:[0m 📨 Received WebSocket message: {"jsonrpc":"2.0","method":"eth_subscription","params":{"subscription":"0xbed0a0851463e895960a451075a301a9","result":"0xf7bcf13c4046b56d645fd717914bfa31701e2085dfd3fd88472897485cc7cf2e"}}
[2m2025-12-10T10:13:38.905185Z[0m [34mDEBUG[0m [2methereum_transaction_pool_monitor::eth_client[0m[2m:[0m 📨 Received pending transaction: 0xf7bcf13c4046b56d645fd717914bfa31701e2085dfd3fd88472897485cc7cf2e
[2m2025-12-10T10:13:38.905189Z[0m [34mDEBUG[0m [2methereum_transaction_pool_monitor::eth_client[0m[2m:[0m 📨 Received WebSocket message: {"jsonrpc":"2.0","method":"eth_subscription","params":{"subscription":"0xbed0a0851463e895960a451075a301a9","result":"0x37245a7a26889d6aa2c76e245b58fd0c1e4c4c6569c75fae936af45fd44fe8a8"}}
[2m2025-12-10T10:13:38.905193Z[0m [34mDEBUG[0m [2methereum_transaction_pool_monitor::eth_client[0m[2m:[0m 📨 Received pending transaction: 0x37245a7a26889d6aa2c76e245b58fd0c1e4c4c6569c75fae936af45fd44fe8a8
[2m2025-12-10T10:13:38.905196Z[0m [34mDEBUG[0m [2methereum_transaction_pool_monitor::eth_client[0m[2m:[0m 📨 Received WebSocket message: {"jsonrpc":"2.0","method":"eth_subscription","params":{"subscription":"0xbed0a0851463e895960a451075a301a9","result":"0xf6d806ca98f75229858a05c0575a1349059455d782d74c6c0df3a19794bc8d5c"}}
[2m2025-12-10T10:13:38.905200Z[0m [34mDEBUG[0m [2methereum_transaction_pool_monitor::eth_client[0m[2m:[0m 📨 Received pending transaction: 0xf6d806ca98f75229858a05c0575a1349059455d782d74c6c0df3a19794bc8d5c
[2m2025-12-10T10:13:38.905203Z[0m [34mDEBUG[0m [2methereum_transaction_pool_monitor::eth_client[0m[2m:[0m 📨 Received WebSocket message: {"jsonrpc":"2.0","method":"eth_subscription","params":{"subscription":"0xbed0a0851463e895960a451075a301a9","result":"0x93a95fb5d793d6fe8ced5fd2b404f4628ff5e9779901eb137db0d7c007c3ff4b"}}
[2m2025-12-10T10:13:38.905207Z[0m [34mDEBUG[0m [2methereum_transaction_pool_monitor::eth_client[0m[2m:[0m 📨 Received pending transaction: 0x93a95fb5d793d6fe8ced5fd2b404f4628ff5e9779901eb137db0d7c007c3ff4b
[2m2025-12-10T10:13:38.905211Z[0m [34mDEBUG[0m [2methereum_transaction_pool_monitor::eth_client[0m[2m:[0m 📨 Received WebSocket message: {"jsonrpc":"2.0","method":"eth_subscription","params":{"subscription":"0xbed0a0851463e895960a451075a301a9","result":"0xba58b74f7182cefb3257f82a8d53e44f7002bda5bfbbc0750bcef4a764ba0c00"}}
[2m2025-12-10T10:13:38.905215Z[0m [34mDEBUG[0m [2methereum_transaction_pool_monitor::eth_client[0m[2m:[0m 📨 Received pending transaction: 0xba58b74f7182cefb3257f82a8d53e44f7002bda5bfbbc0750bcef4a764ba0c00
[2m2025-12-10T10:13:38.905218Z[0m [34mDEBUG[0m [2methereum_transaction_pool_monitor::eth_client[0m[2m:[0m 📨 Received WebSocket message: {"jsonrpc":"2.0","method":"eth_subscription","params":{"subscription":"0xbed0a0851463e895960a451075a301a9","result":"0x76c979712a93fdc025eec3621e3e0d1d38cf3d33a276cdec173921ee99e5c8a6"}}
[2m2025-12-10T10:13:38.905222Z[0m [34mDEBUG[0m [2methereum_transaction_pool_monitor::eth_client[0m[2m:[0m 📨 Received pending transaction: 0x76c979712a93fdc025eec3621e3e0d1d38cf3d33a276cdec173921ee99e5c8a6
[2m2025-12-10T10:13:38.905226Z[0m [34mDEBUG[0m [2methereum_transaction_pool_monitor::eth_client[0m[2m:[0m 📨 Received WebSocket message: {"jsonrpc":"2.0","method":"eth_subscription","params":{"subscription":"0xbed0a0851463e895960a451075a301a9","result":"0xb70431dc85e255282abfef1b6c559805c4e4cb120fa01535c356a9ba34ba5cb4"}}
[2m2025-12-10T10:13:38.905230Z[0m [34mDEBUG[0m [2methereum_transaction_pool_monitor::eth_client[0m[2m:[0m 📨 Received pending transaction: 0xb70431dc85e255282abfef1b6c559805c4e4cb120fa01535c356a9ba34ba5cb4
[2m2025-12-10T10:13:38.905233Z[0m [34mDEBUG[0m [2methereum_transaction_pool_monitor::eth_client[0m[2m:[0m 📨 Received WebSocket message: {"jsonrpc":"2.0","method":"eth_subscription","params":{"subscription":"0xbed0a0851463e895960a451075a301a9","result":"0x1efddd49b9fd6108aac278fba589be0be1ef2abe4ba1102d9d46901d9ca4e2a2"}}
[2m2025-12-10T10:13:38.905238Z[0m [34mDEBUG[0m [2methereum_transaction_pool_monitor::eth_client[0m[2m:[0m 📨 Received pending transaction: 0x1efddd49b9fd6108aac278fba589be0be1ef2abe4ba1102d9d46901d9ca4e2a2
[2m2025-12-10T10:13:38.905242Z[0m [34mDEBUG[0m [2methereum_transaction_pool_monitor::eth_client[0m[2m:[0m 📨 Received WebSocket message: {"jsonrpc":"2.0","method":"eth_subscription","params":{"subscription":"0xbed0a0851463e895960a451075a301a9","result":"0x7b95e832769560a22be51078319ee77001c1860cc03a5675c42ecb3d0db2217f"}}
[2m2025-12-10T10:13:38.905245Z[0m [34mDEBUG[0m [2methereum_transaction_pool_monitor::eth_client[0m[2m:[0m 📨 Received pending transaction: 0x7b95e832769560a22be51078319ee77001c1860cc03a5675c42ecb3d0db2217f
[2m2025-12-10T10:13:38.905249Z[0m [34mDEBUG[0m [2methereum_transaction_pool_monitor::eth_client[0m[2m:[0m 📨 Received WebSocket message: {"jsonrpc":"2.0","method":"eth_subscription","params":{"subscription":"0xbed0a0851463e895960a451075a301a9","result":"0x6f4da25457f98a226eb0126e0c30458d7b80657e3d7d10a414a38ba3c8f55b70"}}
[2m2025-12-10T10:13:38.905253Z[0m [34mDEBUG[0m [2methereum_transaction_pool_monitor::eth_client[0m[2m:[0m 📨 Received pending transaction: 0x6f4da25457f98a226eb0126e0c30458d7b80657e3d7d10a414a38ba3c8f55b70
[2m2025-12-10T10:13:38.905256Z[0m [34mDEBUG[0m [2methereum_transaction_pool_monitor::eth_client[0m[2m:[0m 📨 Received WebSocket message: {"jsonrpc":"2.0","method":"eth_subscription","params":{"subscription":"0xbed0a0851463e895960a451075a301a9","result":"0xcbd001119d1ef45e9d21c4cd010aeed5a514c2eeedbd52b820224a30916b906b"}}
[2m2025-12-10T10:13:38.905260Z[0m [34mDEBUG[0m [2methereum_transaction_pool_monitor::eth_client[0m[2m:[0m 📨 Received pending transaction: 0xcbd001119d1ef45e9d21c4cd010aeed5a514c2eeedbd52b820224a30916b906b
[2m2025-12-10T10:13:38.905263Z[0m [34mDEBUG[0m [2methereum_transaction_pool_monitor::eth_client[0m[2m:[0m 📨 Received WebSocket message: {"jsonrpc":"2.0","method":"eth_subscription","params":{"subscription":"0xbed0a0851463e895960a451075a301a9","result":"0x71cbf19ae86a97b9f2fa683934a28244c4593e612569aa826ba6b6ecc6afe91c"}}
[2m2025-12-10T10:13:38.905267Z[0m [34mDEBUG[0m [2methereum_transaction_pool_monitor::eth_client[0m[2m:[0m 📨 Received pending transaction: 0x71cbf19ae86a97b9f2fa683934a28244c4593e612569aa826ba6b6ecc6afe91c
[2m2025-12-10T10:13:38.905271Z[0m [34mDEBUG[0m [2methereum_transaction_pool_monitor::eth_client[0m[2m:[0m 📨 Received WebSocket message: {"jsonrpc":"2.0","method":"eth_subscription","params":{"subscription":"0xbed0a0851463e895960a451075a301a9","result":"0x5ba34b033ac05f1a56cd4304acd673ed803244bde3c70631c8e0b425ac9e5b0d"}}
[2m2025-12-10T10:13:38.905275Z[0m [34mDEBUG[0m [2methereum_transaction_pool_monitor::eth_client[0m[2m:[0m 📨 Received pending transaction: 0x5ba34b033ac05f1a56cd4304acd673ed803244bde3c70631c8e0b425ac9e5b0d
[2m2025-12-10T10:13:38.905285Z[0m [34mDEBUG[0m [2methereum_transaction_pool_monitor::eth_client[0m[2m:[0m 📨 Received WebSocket message: {"jsonrpc":"2.0","method":"eth_subscription","params":{"subscription":"0xbed0a0851463e895960a451075a301a9","result":"0x1e5a8a0ae0600f363aea00e3782d967490d785652c993106c18be74795051467"}}
[2m2025-12-10T10:13:38.905290Z[0m [34mDEBUG[0m [2methereum_transaction_pool_monitor::eth_client[0m[2m:[0m 📨 Received pending transaction: 0x1e5a8a0ae0600f363aea00e3782d967490d785652c993106c18be74795051467
[2m2025-12-10T10:13:38.905293Z[0m [34mDEBUG[0m [2methereum_transaction_pool_monitor::eth_client[0m[2m:[0m 📨 Received WebSocket message: {"jsonrpc":"2.0","method":"eth_subscription","params":{"subscription":"0xbed0a0851463e895960a451075a301a9","result":"0xda4391fa69333c9ee166f7f72a3acd2f1abf8fdedc5ecd9433191709edc593cc"}}
[2m2025-12-10T10:13:38.905299Z[0m [34mDEBUG[0m [2methereum_transaction_pool_monitor::eth_client[0m[2m:[0m 📨 Received pending transaction: 0xda4391fa69333c9ee166f7f72a3acd2f1abf8fdedc5ecd9433191709edc593cc
[2m2025-12-10T10:13:38.905303Z[0m [34mDEBUG[0m [2methereum_transaction_pool_monitor::eth_client[0m[2m:[0m 📨 Received WebSocket message: {"jsonrpc":"2.0","method":"eth_subscription","params":{"subscription":"0xbed0a0851463e895960a451075a301a9","result":"0x06981c28ef5b354135a71cdcd7e73dc8c98dac40646e80d2698be2913e2aaea7"}}
[2m2025-12-10T10:13:38.905311Z[0m [34mDEBUG[0m [2methereum_transaction_pool_monitor::eth_client[0m[2m:[0m 📨 Received pending transaction: 0x06981c28ef5b354135a71cdcd7e73dc8c98dac40646e80d2698be2913e2aaea7
[2m2025-12-10T10:13:38.905315Z[0m [34mDEBUG[0m [2methereum_transaction_pool_monitor::eth_client[0m[2m:[0m 📨 Received WebSocket message: {"jsonrpc":"2.0","method":"eth_subscription","params":{"subscription":"0xbed0a0851463e895960a451075a301a9","result":"0xea32ff8a6b34dc618a5639db1a5184048dadb87bfccd3c70a6415e760a31f40f"}}
[2m2025-12-10T10:13:38.905319Z[0m [34mDEBUG[0m [2methereum_transaction_pool_monitor::eth_client[0m[2m:[0m 📨 Received pending transaction: 0xea32ff8a6b34dc618a5639db1a5184048dadb87bfccd3c70a6415e760a31f40f
[2m2025-12-10T10:13:38.905323Z[0m [34mDEBUG[0m [2methereum_transaction_pool_monitor::eth_client[0m[2m:[0m 📨 Received WebSocket message: {"jsonrpc":"2.0","method":"eth_subscription","params":{"subscription":"0xbed0a0851463e895960a451075a301a9","result":"0xcaf81183e125aa089d65e50bf004b9d1723207a5dbeacfc575e88073ac85b785"}}
[2m2025-12-10T10:13:38.905327Z[0m [34mDEBUG[0m [2methereum_transaction_pool_monitor::eth_client[0m[2m:[0m 📨 Received pending transaction: 0xcaf81183e125aa089d65e50bf004b9d1723207a5dbeacfc575e88073ac85b785
[2m2025-12-10T10:13:38.905330Z[0m [34mDEBUG[0m [2methereum_transaction_pool_monitor::eth_client[0m[2m:[0m 📨 Received WebSocket message: {"jsonrpc":"2.0","method":"eth_subscription","params":{"subscription":"0xbed0a0851463e895960a451075a301a9","result":"0x2859e12ed723aa19dc16f25761fdfeb98de1db2e9710ee1ce660ed5fcf0dceeb"}}
[2m2025-12-10T10:13:38.905334Z[0m [34mDEBUG[0m [2methereum_transaction_pool_monitor::eth_client[0m[2m:[0m 📨 Received pending transaction: 0x2859e12ed723aa19dc16f25761fdfeb98de1db2e9710ee1ce660ed5fcf0dceeb
[2m2025-12-10T10:13:38.905338Z[0m [34mDEBUG[0m [2methereum_transaction_pool_monitor::eth_client[0m[2m:[0m 📨 Received WebSocket message: {"jsonrpc":"2.0","method":"eth_subscription","params":{"subscription":"0xbed0a0851463e895960a451075a301a9","result":"0x9d1d88c10819d1a45147f2a0d23349936e098609c509389d48c6603fafd993f4"}}
[2m2025-12-10T10:13:38.905342Z[0m [34mDEBUG[0m [2methereum_transaction_pool_monitor::eth_client[0m[2m:[0m 📨 Received pending transaction: 0x9d1d88c10819d1a45147f2a0d23349936e098609c509389d48c6603fafd993f4
[2m2025-12-10T10:13:38.909933Z[0m [34mDEBUG[0m [2mhyper::proto::h1::io[0m[2m:[0m parsed 4 headers
[2m2025-12-10T10:13:38.909940Z[0m [34mDEBUG[0m [2mhyper::proto::h1::conn[0m[2m:[0m incoming body is content-length (45 bytes)
[2m2025-12-10T10:13:38.909947Z[0m [34mDEBUG[0m [2mhyper::proto::h1::conn[0m[2m:[0m incoming body completed
[2m2025-12-10T10:13:38.909954Z[0m [34mDEBUG[0m [2mhyper::client::pool[0m[2m:[0m pooling idle connection for ("http", 192.168.0.14:8545)
[2m2025-12-10T10:13:38.910960Z[0m [34mDEBUG[0m [2mhyper::proto::h1::io[0m[2m:[0m parsed 4 headers
[2m2025-12-10T10:13:38.910965Z[0m [34mDEBUG[0m [2mhyper::proto::h1::conn[0m[2m:[0m incoming body is content-length (3216 bytes)
[2m2025-12-10T10:13:38.910969Z[0m [34mDEBUG[0m [2mhyper::proto::h1::conn[0m[2m:[0m incoming body completed
[2m2025-12-10T10:13:38.910973Z[0m [34mDEBUG[0m [2mhyper::client::pool[0m[2m:[0m pooling idle connection for ("http", 192.168.0.14:8545)
[2m2025-12-10T10:13:38.910977Z[0m [34mDEBUG[0m [2methereum_transaction_pool_monitor::eth_client[0m[2m:[0m 📡 Transaction fetch RPC completed in 6.115833ms
[2m2025-12-10T10:13:38.980576Z[0m [34mDEBUG[0m [2methereum_transaction_pool_monitor::eth_client[0m[2m:[0m ✅ Transaction 0xadd3d28d231ec4d84ac76c73fa5677af817def4d4de33722ee4ccd4b3e1baa6f fetched and parsed in 75.712083ms
[2m2025-12-10T10:13:38.980607Z[0m [34mDEBUG[0m [2methereum_transaction_pool_monitor::mempool_monitor[0m[2m:[0m 🔍 Skipping tx 0xadd3d28d231ec4d84ac76c73fa5677af817def4d4de33722ee4ccd4b3e1baa6f - not a DEX interaction (target: 0x386Dc936dA49A8314ef229FDA90dC015437daF31)
[2m2025-12-10T10:13:38.980615Z[0m [34mDEBUG[0m [2methereum_transaction_pool_monitor::mempool_monitor[0m[2m:[0m 📨 Processing new pending transaction: 0xf0c9d348ac34274acfab2435bb63b3b5023676a6c546df59daa62eeeb99c9af0
[2m2025-12-10T10:13:38.980619Z[0m [34mDEBUG[0m [2methereum_transaction_pool_monitor::mempool_monitor[0m[2m:[0m 🔍 Fetching transaction details for: 0xf0c9d348ac34274acfab2435bb63b3b5023676a6c546df59daa62eeeb99c9af0
[2m2025-12-10T10:13:38.980622Z[0m [34mDEBUG[0m [2methereum_transaction_pool_monitor::eth_client[0m[2m:[0m 🔍 Fetching transaction details for hash: 0xf0c9d348ac34274acfab2435bb63b3b5023676a6c546df59daa62eeeb99c9af0
[2m2025-12-10T10:13:38.980639Z[0m [34mDEBUG[0m [2mhyper::client::pool[0m[2m:[0m reuse idle connection for ("http", 192.168.0.14:8545)
[2m2025-12-10T10:13:38.980679Z[0m [34mDEBUG[0m [2mhyper::proto::h1::io[0m[2m:[0m flushed 250 bytes
[2m2025-12-10T10:13:38.980697Z[0m [34mDEBUG[0m [2methereum_transaction_pool_monitor::eth_client[0m[2m:[0m 📨 Received WebSocket message: {"jsonrpc":"2.0","method":"eth_subscription","params":{"subscription":"0xbed0a0851463e895960a451075a301a9","result":"0x09108cff0e0ed8036cf2b7fc13cc94fa7eccbc32afcee5284c83dfeabe41774e"}}
[2m2025-12-10T10:13:38.980704Z[0m [34mDEBUG[0m [2methereum_transaction_pool_monitor::eth_client[0m[2m:[0m 📨 Received pending transaction: 0x09108cff0e0ed8036cf2b7fc13cc94fa7eccbc32afcee5284c83dfeabe41774e
[2m2025-12-10T10:13:38.980709Z[0m [34mDEBUG[0m [2methereum_transaction_pool_monitor::eth_client[0m[2m:[0m 📨 Received WebSocket message: {"jsonrpc":"2.0","method":"eth_subscription","params":{"subscription":"0xbed0a0851463e895960a451075a301a9","result":"0xf0578560cb3b03b7b1b53f7453cc71b09b68f657bef83849c64fa3558a66efea"}}
[2m2025-12-10T10:13:38.980713Z[0m [34mDEBUG[0m [2methereum_transaction_pool_monitor::eth_client[0m[2m:[0m 📨 Received pending transaction: 0xf0578560cb3b03b7b1b53f7453cc71b09b68f657bef83849c64fa3558a66efea
[2m2025-12-10T10:13:38.980716Z[0m [34mDEBUG[0m [2methereum_transaction_pool_monitor::eth_client[0m[2m:[0m 📨 Received WebSocket message: {"jsonrpc":"2.0","method":"eth_subscription","params":{"subscription":"0xbed0a0851463e895960a451075a301a9","result":"0x09a4b3694dae844503f7cbca9674259e2112d47dd5b574509b29551ca6bf05ef"}}
[2m2025-12-10T10:13:38.980720Z[0m [34mDEBUG[0m [2methereum_transaction_pool_monitor::eth_client[0m[2m:[0m 📨 Received pending transaction: 0x09a4b3694dae844503f7cbca9674259e2112d47dd5b574509b29551ca6bf05ef
[2m2025-12-10T10:13:38.981148Z[0m [34mDEBUG[0m [2methereum_transaction_pool_monitor::eth_client[0m[2m:[0m 📨 Received WebSocket message: {"jsonrpc":"2.0","method":"eth_subscription","params":{"subscription":"0xbed0a0851463e895960a451075a301a9","result":"0xc6722e7560f0ca4ba700bae57a0500adfc5a64883361ad82b1c9a23c884bbc48"}}
[2m2025-12-10T10:13:38.981156Z[0m [34mDEBUG[0m [2methereum_transaction_pool_monitor::eth_client[0m[2m:[0m 📨 Received pending transaction: 0xc6722e7560f0ca4ba700bae57a0500adfc5a64883361ad82b1c9a23c884bbc48
[2m2025-12-10T10:13:38.985464Z[0m [34mDEBUG[0m [2mhyper::proto::h1::io[0m[2m:[0m parsed 4 headers
[2m2025-12-10T10:13:38.985474Z[0m [34mDEBUG[0m [2mhyper::proto::h1::conn[0m[2m:[0m incoming body is content-length (1219 bytes)
[2m2025-12-10T10:13:38.985481Z[0m [34mDEBUG[0m [2mhyper::proto::h1::conn[0m[2m:[0m incoming body completed
[2m2025-12-10T10:13:38.985489Z[0m [34mDEBUG[0m [2mhyper::client::pool[0m[2m:[0m pooling idle connection for ("http", 192.168.0.14:8545)
[2m2025-12-10T10:13:38.985495Z[0m [34mDEBUG[0m [2methereum_transaction_pool_monitor::eth_client[0m[2m:[0m 📡 Transaction fetch RPC completed in 4.869625ms
[2m2025-12-10T10:13:39.056209Z[0m [34mDEBUG[0m [2methereum_transaction_pool_monitor::eth_client[0m[2m:[0m ✅ Transaction 0xf0c9d348ac34274acfab2435bb63b3b5023676a6c546df59daa62eeeb99c9af0 fetched and parsed in 75.58025ms
[2m2025-12-10T10:13:39.056233Z[0m [34mDEBUG[0m [2methereum_transaction_pool_monitor::mempool_monitor[0m[2m:[0m 🔍 Skipping tx 0xf0c9d348ac34274acfab2435bb63b3b5023676a6c546df59daa62eeeb99c9af0 - not a DEX interaction (target: 0xF6801D319497789f934ec7F83E142a9536312B08)
[2m2025-12-10T10:13:39.056242Z[0m [34mDEBUG[0m [2methereum_transaction_pool_monitor::mempool_monitor[0m[2m:[0m 📨 Processing new pending transaction: 0x51f924bbca2b77524c8bfb45d7928ac958b2f93abaa050e8bea5c27ec47038cf
[2m2025-12-10T10:13:39.056246Z[0m [34mDEBUG[0m [2methereum_transaction_pool_monitor::mempool_monitor[0m[2m:[0m 🔍 Fetching transaction details for: 0x51f924bbca2b77524c8bfb45d7928ac958b2f93abaa050e8bea5c27ec47038cf
[2m2025-12-10T10:13:39.056249Z[0m [34mDEBUG[0m [2methereum_transaction_pool_monitor::eth_client[0m[2m:[0m 🔍 Fetching transaction details for hash: 0x51f924bbca2b77524c8bfb45d7928ac958b2f93abaa050e8bea5c27ec47038cf
[2m2025-12-10T10:13:39.056267Z[0m [34mDEBUG[0m [2mhyper::client::pool[0m[2m:[0m reuse idle connection for ("http", 192.168.0.14:8545)
[2m2025-12-10T10:13:39.056311Z[0m [34mDEBUG[0m [2mhyper::proto::h1::io[0m[2m:[0m flushed 250 bytes
[2m2025-12-10T10:13:39.056326Z[0m [34mDEBUG[0m [2mhyper::client::pool[0m[2m:[0m reuse idle connection for ("http", 192.168.0.14:8545)
[2m2025-12-10T10:13:39.056339Z[0m [34mDEBUG[0m [2mhyper::proto::h1::io[0m[2m:[0m flushed 172 bytes
[2m2025-12-10T10:13:39.056341Z[0m [34mDEBUG[0m [2methereum_transaction_pool_monitor::eth_client[0m[2m:[0m 📨 Received WebSocket message: {"jsonrpc":"2.0","method":"eth_subscription","params":{"subscription":"0xbed0a0851463e895960a451075a301a9","result":"0xbc5378aac4a14a52f2a26ab5b6a4e9ae56d02a8e08785e6c220c02d2ec4beb17"}}
[2m2025-12-10T10:13:39.056351Z[0m [34mDEBUG[0m [2methereum_transaction_pool_monitor::eth_client[0m[2m:[0m 📨 Received pending transaction: 0xbc5378aac4a14a52f2a26ab5b6a4e9ae56d02a8e08785e6c220c02d2ec4beb17
[2m2025-12-10T10:13:39.062792Z[0m [34mDEBUG[0m [2mhyper::proto::h1::io[0m[2m:[0m parsed 4 headers
[2m2025-12-10T10:13:39.062804Z[0m [34mDEBUG[0m [2mhyper::proto::h1::conn[0m[2m:[0m incoming body is content-length (45 bytes)
[2m2025-12-10T10:13:39.062811Z[0m [34mDEBUG[0m [2mhyper::proto::h1::conn[0m[2m:[0m incoming body completed
[2m2025-12-10T10:13:39.062820Z[0m [34mDEBUG[0m [2mhyper::client::pool[0m[2m:[0m pooling idle connection for ("http", 192.168.0.14:8545)
[2m2025-12-10T10:13:39.063494Z[0m [34mDEBUG[0m [2mhyper::proto::h1::io[0m[2m:[0m parsed 4 headers
[2m2025-12-10T10:13:39.063500Z[0m [34mDEBUG[0m [2mhyper::proto::h1::conn[0m[2m:[0m incoming body is content-length (768 bytes)
[2m2025-12-10T10:13:39.063505Z[0m [34mDEBUG[0m [2mhyper::proto::h1::conn[0m[2m:[0m incoming body completed
[2m2025-12-10T10:13:39.063511Z[0m [34mDEBUG[0m [2mhyper::client::pool[0m[2m:[0m pooling idle connection for ("http", 192.168.0.14:8545)
[2m2025-12-10T10:13:39.063516Z[0m [34mDEBUG[0m [2methereum_transaction_pool_monitor::eth_client[0m[2m:[0m 📡 Transaction fetch RPC completed in 7.262792ms
[2m2025-12-10T10:13:39.063529Z[0m [34mDEBUG[0m [2methereum_transaction_pool_monitor::eth_client[0m[2m:[0m DeFi transaction detected - Address: 0xdac17f958d2ee523a2206206994597c13d831ec7, Type: Stablecoin, Value: 0 ETH, Gas: 0.20 Gwei
[2m2025-12-10T10:13:39.063542Z[0m [34mDEBUG[0m [2methereum_transaction_pool_monitor::eth_client[0m[2m:[0m ✅ Transaction 0x51f924bbca2b77524c8bfb45d7928ac958b2f93abaa050e8bea5c27ec47038cf fetched and parsed in 7.289084ms
[2m2025-12-10T10:13:39.063548Z[0m [34mDEBUG[0m [2methereum_transaction_pool_monitor::mempool_monitor[0m[2m:[0m 🔍 Skipping tx 0x51f924bbca2b77524c8bfb45d7928ac958b2f93abaa050e8bea5c27ec47038cf - not a DEX interaction (target: 0xdAC17F958D2ee523a2206206994597C13D831ec7)
[2m2025-12-10T10:13:39.063558Z[0m [34mDEBUG[0m [2methereum_transaction_pool_monitor::mempool_monitor[0m[2m:[0m 📨 Processing new pending transaction: 0x64d44c74094820d9a40d0074599648c383faae6ad74fa7a8de6bc3c382afb403
[2m2025-12-10T10:13:39.063563Z[0m [34mDEBUG[0m [2methereum_transaction_pool_monitor::mempool_monitor[0m[2m:[0m 🔍 Fetching transaction details for: 0x64d44c74094820d9a40d0074599648c383faae6ad74fa7a8de6bc3c382afb403
[2m2025-12-10T10:13:39.063567Z[0m [34mDEBUG[0m [2methereum_transaction_pool_monitor::eth_client[0m[2m:[0m 🔍 Fetching transaction details for hash: 0x64d44c74094820d9a40d0074599648c383faae6ad74fa7a8de6bc3c382afb403
[2m2025-12-10T10:13:39.063579Z[0m [34mDEBUG[0m [2mhyper::client::pool[0m[2m:[0m reuse idle connection for ("http", 192.168.0.14:8545)
[2m2025-12-10T10:13:39.063599Z[0m [34mDEBUG[0m [2mhyper::proto::h1::io[0m[2m:[0m flushed 250 bytes
[2m2025-12-10T10:13:39.076504Z[0m [34mDEBUG[0m [2methereum_transaction_pool_monitor::eth_client[0m[2m:[0m 📨 Received WebSocket message: {"jsonrpc":"2.0","method":"eth_subscription","params":{"subscription":"0xbed0a0851463e895960a451075a301a9","result":"0xeb0d1cf567fff7df5c595f0f7154523a2dea4f4188052c0fc3263581d6892bbb"}}
[2m2025-12-10T10:13:39.076523Z[0m [34mDEBUG[0m [2methereum_transaction_pool_monitor::eth_client[0m[2m:[0m 📨 Received pending transaction: 0xeb0d1cf567fff7df5c595f0f7154523a2dea4f4188052c0fc3263581d6892bbb
[2m2025-12-10T10:13:39.076538Z[0m [34mDEBUG[0m [2mhyper::proto::h1::io[0m[2m:[0m parsed 4 headers
[2m2025-12-10T10:13:39.076543Z[0m [34mDEBUG[0m [2mhyper::proto::h1::conn[0m[2m:[0m incoming body is content-length (772 bytes)
[2m2025-12-10T10:13:39.076549Z[0m [34mDEBUG[0m [2mhyper::proto::h1::conn[0m[2m:[0m incoming body completed
[2m2025-12-10T10:13:39.076559Z[0m [34mDEBUG[0m [2mhyper::client::pool[0m[2m:[0m pooling idle connection for ("http", 192.168.0.14:8545)
[2m2025-12-10T10:13:39.076566Z[0m [34mDEBUG[0m [2methereum_transaction_pool_monitor::eth_client[0m[2m:[0m 📡 Transaction fetch RPC completed in 12.994083ms
[2m2025-12-10T10:13:39.076579Z[0m [34mDEBUG[0m [2methereum_transaction_pool_monitor::eth_client[0m[2m:[0m DeFi transaction detected - Address: 0xdac17f958d2ee523a2206206994597c13d831ec7, Type: Stablecoin, Value: 0 ETH, Gas: 1.21 Gwei
[2m2025-12-10T10:13:39.076590Z[0m [34mDEBUG[0m [2methereum_transaction_pool_monitor::eth_client[0m[2m:[0m ✅ Transaction 0x64d44c74094820d9a40d0074599648c383faae6ad74fa7a8de6bc3c382afb403 fetched and parsed in 13.018333ms
[2m2025-12-10T10:13:39.076597Z[0m [34mDEBUG[0m [2methereum_transaction_pool_monitor::mempool_monitor[0m[2m:[0m 🔍 Skipping tx 0x64d44c74094820d9a40d0074599648c383faae6ad74fa7a8de6bc3c382afb403 - not a DEX interaction (target: 0xdAC17F958D2ee523a2206206994597C13D831ec7)
[2m2025-12-10T10:13:39.076604Z[0m [34mDEBUG[0m [2methereum_transaction_pool_monitor::mempool_monitor[0m[2m:[0m 📨 Processing new pending transaction: 0x38248cec02cc067551b2078d40f7200b43e90393bf5f6b061f418502dad9e25c
[2m2025-12-10T10:13:39.076608Z[0m [34mDEBUG[0m [2methereum_transaction_pool_monitor::mempool_monitor[0m[2m:[0m 🔍 Fetching transaction details for: 0x38248cec02cc067551b2078d40f7200b43e90393bf5f6b061f418502dad9e25c
[2m2025-12-10T10:13:39.076611Z[0m [34mDEBUG[0m [2methereum_transaction_pool_monitor::eth_client[0m[2m:[0m 🔍 Fetching transaction details for hash: 0x38248cec02cc067551b2078d40f7200b43e90393bf5f6b061f418502dad9e25c
[2m2025-12-10T10:13:39.076624Z[0m [34mDEBUG[0m [2mhyper::client::pool[0m[2m:[0m reuse idle connection for ("http", 192.168.0.14:8545)
[2m2025-12-10T10:13:39.076642Z[0m [34mDEBUG[0m [2mhyper::proto::h1::io[0m[2m:[0m flushed 250 bytes
[2m2025-12-10T10:13:39.082656Z[0m [34mDEBUG[0m [2mhyper::proto::h1::io[0m[2m:[0m parsed 4 headers
[2m2025-12-10T10:13:39.086930Z[0m [34mDEBUG[0m [2mhyper::proto::h1::conn[0m[2m:[0m incoming body is content-length (552 bytes)
[2m2025-12-10T10:13:39.087094Z[0m [34mDEBUG[0m [2mhyper::proto::h1::conn[0m[2m:[0m incoming body completed
[2m2025-12-10T10:13:39.087105Z[0m [34mDEBUG[0m [2mhyper::client::pool[0m[2m:[0m pooling idle connection for ("http", 192.168.0.14:8545)
[2m2025-12-10T10:13:39.087111Z[0m [34mDEBUG[0m [2methereum_transaction_pool_monitor::eth_client[0m[2m:[0m 📡 Transaction fetch RPC completed in 10.495625ms
[2m2025-12-10T10:13:39.155404Z[0m [34mDEBUG[0m [2methereum_transaction_pool_monitor::eth_client[0m[2m:[0m ✅ Transaction 0x38248cec02cc067551b2078d40f7200b43e90393bf5f6b061f418502dad9e25c fetched and parsed in 78.786333ms
[2m2025-12-10T10:13:39.155422Z[0m [34mDEBUG[0m [2methereum_transaction_pool_monitor::mempool_monitor[0m[2m:[0m 🔍 Skipping tx 0x38248cec02cc067551b2078d40f7200b43e90393bf5f6b061f418502dad9e25c - not a DEX interaction (target: 0x7AB6c736baf1DAc266aAb43884d82974a9ADCcCF)
[2m2025-12-10T10:13:39.155431Z[0m [34mDEBUG[0m [2methereum_transaction_pool_monitor::mempool_monitor[0m[2m:[0m 📨 Processing new pending transaction: 0x5fe1a244f3929264b19264e47bbbf0ebed5d98d72a610116073866d8fa39145f
[2m2025-12-10T10:13:39.155436Z[0m [34mDEBUG[0m [2methereum_transaction_pool_monitor::mempool_monitor[0m[2m:[0m 🔍 Fetching transaction details for: 0x5fe1a244f3929264b19264e47bbbf0ebed5d98d72a610116073866d8fa39145f
[2m2025-12-10T10:13:39.155439Z[0m [34mDEBUG[0m [2methereum_transaction_pool_monitor::eth_client[0m[2m:[0m 🔍 Fetching transaction details for hash: 0x5fe1a244f3929264b19264e47bbbf0ebed5d98d72a610116073866d8fa39145f
[2m2025-12-10T10:13:39.155458Z[0m [34mDEBUG[0m [2mhyper::client::pool[0m[2m:[0m reuse idle connection for ("http", 192.168.0.14:8545)
[2m2025-12-10T10:13:39.155487Z[0m [34mDEBUG[0m [2mhyper::proto::h1::io[0m[2m:[0m flushed 250 bytes
[2m2025-12-10T10:13:39.155502Z[0m [34mDEBUG[0m [2mhyper::client::pool[0m[2m:[0m reuse idle connection for ("http", 192.168.0.14:8545)
[2m2025-12-10T10:13:39.155515Z[0m [34mDEBUG[0m [2mhyper::proto::h1::io[0m[2m:[0m flushed 172 bytes
[2m2025-12-10T10:13:39.155515Z[0m [34mDEBUG[0m [2methereum_transaction_pool_monitor::eth_client[0m[2m:[0m 📨 Received WebSocket message: {"jsonrpc":"2.0","method":"eth_subscription","params":{"subscription":"0xbed0a0851463e895960a451075a301a9","result":"0xc16cd72be93fb01d833fb295cf5f3322eb4f21e17e6a3d72776283e84050238c"}}
[2m2025-12-10T10:13:39.155528Z[0m [34mDEBUG[0m [2methereum_transaction_pool_monitor::eth_client[0m[2m:[0m 📨 Received pending transaction: 0xc16cd72be93fb01d833fb295cf5f3322eb4f21e17e6a3d72776283e84050238c
[2m2025-12-10T10:13:39.155532Z[0m [34mDEBUG[0m [2methereum_transaction_pool_monitor::eth_client[0m[2m:[0m 📨 Received WebSocket message: {"jsonrpc":"2.0","method":"eth_subscription","params":{"subscription":"0xbed0a0851463e895960a451075a301a9","result":"0xb5d4abab3705ce0c5d6304b28d4430a896388ba9d27d48243c0464fe523b157f"}}
[2m2025-12-10T10:13:39.155537Z[0m [34mDEBUG[0m [2methereum_transaction_pool_monitor::eth_client[0m[2m:[0m 📨 Received pending transaction: 0xb5d4abab3705ce0c5d6304b28d4430a896388ba9d27d48243c0464fe523b157f
[2m2025-12-10T10:13:39.155541Z[0m [34mDEBUG[0m [2methereum_transaction_pool_monitor::eth_client[0m[2m:[0m 📨 Received WebSocket message: {"jsonrpc":"2.0","method":"eth_subscription","params":{"subscription":"0xbed0a0851463e895960a451075a301a9","result":"0x1a842bf8f8689523a4200dad135ed0c2a566b595fdd50b6ce5dc96e8d2cb3ad2"}}
[2m2025-12-10T10:13:39.155545Z[0m [34mDEBUG[0m [2methereum_transaction_pool_monitor::eth_client[0m[2m:[0m 📨 Received pending transaction: 0x1a842bf8f8689523a4200dad135ed0c2a566b595fdd50b6ce5dc96e8d2cb3ad2
[2m2025-12-10T10:13:39.160844Z[0m [34mDEBUG[0m [2methereum_transaction_pool_monitor::eth_client[0m[2m:[0m 📨 Received WebSocket message: {"jsonrpc":"2.0","method":"eth_subscription","params":{"subscription":"0xbed0a0851463e895960a451075a301a9","result":"0xeed1d14f71746a541d0081b266c349bb8dba73464908ae3d41df4ccd4710481a"}}
[2m2025-12-10T10:13:39.163909Z[0m [34mDEBUG[0m [2methereum_transaction_pool_monitor::eth_client[0m[2m:[0m 📨 Received pending transaction: 0xeed1d14f71746a541d0081b266c349bb8dba73464908ae3d41df4ccd4710481a
[2m2025-12-10T10:13:39.164323Z[0m [34mDEBUG[0m [2methereum_transaction_pool_monitor::eth_client[0m[2m:[0m 📨 Received WebSocket message: {"jsonrpc":"2.0","method":"eth_subscription","params":{"subscription":"0xbed0a0851463e895960a451075a301a9","result":"0x6f3f2d6be78340ab426273957f74272fa9cdd02deadb3eab527445d2808aa173"}}
[2m2025-12-10T10:13:39.164330Z[0m [34mDEBUG[0m [2methereum_transaction_pool_monitor::eth_client[0m[2m:[0m 📨 Received pending transaction: 0x6f3f2d6be78340ab426273957f74272fa9cdd02deadb3eab527445d2808aa173
[2m2025-12-10T10:13:39.164334Z[0m [34mDEBUG[0m [2methereum_transaction_pool_monitor::eth_client[0m[2m:[0m 📨 Received WebSocket message: {"jsonrpc":"2.0","method":"eth_subscription","params":{"subscription":"0xbed0a0851463e895960a451075a301a9","result":"0xa1c0100e993dcf2a441165d6db7d4c7940110c451c555bebb5048e3a93a1dc97"}}
[2m2025-12-10T10:13:39.164339Z[0m [34mDEBUG[0m [2methereum_transaction_pool_monitor::eth_client[0m[2m:[0m 📨 Received pending transaction: 0xa1c0100e993dcf2a441165d6db7d4c7940110c451c555bebb5048e3a93a1dc97
[2m2025-12-10T10:13:39.164352Z[0m [34mDEBUG[0m [2mhyper::proto::h1::io[0m[2m:[0m parsed 4 headers
[2m2025-12-10T10:13:39.164356Z[0m [34mDEBUG[0m [2mhyper::proto::h1::conn[0m[2m:[0m incoming body is content-length (45 bytes)
[2m2025-12-10T10:13:39.164362Z[0m [34mDEBUG[0m [2mhyper::proto::h1::conn[0m[2m:[0m incoming body completed
[2m2025-12-10T10:13:39.164367Z[0m [34mDEBUG[0m [2mhyper::proto::h1::io[0m[2m:[0m parsed 4 headers
[2m2025-12-10T10:13:39.164400Z[0m [34mDEBUG[0m [2mhyper::proto::h1::conn[0m[2m:[0m incoming body is content-length (1548 bytes)
[2m2025-12-10T10:13:39.164410Z[0m [34mDEBUG[0m [2mhyper::proto::h1::conn[0m[2m:[0m incoming body completed
[2m2025-12-10T10:13:39.164370Z[0m [34mDEBUG[0m [2mhyper::client::pool[0m[2m:[0m pooling idle connection for ("http", 192.168.0.14:8545)
[2m2025-12-10T10:13:39.164418Z[0m [34mDEBUG[0m [2mhyper::client::pool[0m[2m:[0m pooling idle connection for ("http", 192.168.0.14:8545)
[2m2025-12-10T10:13:39.164463Z[0m [34mDEBUG[0m [2methereum_transaction_pool_monitor::eth_client[0m[2m:[0m 📡 Transaction fetch RPC completed in 9.019959ms
[2m2025-12-10T10:13:39.173104Z[0m [34mDEBUG[0m [2methereum_transaction_pool_monitor::eth_client[0m[2m:[0m 📨 Received WebSocket message: {"jsonrpc":"2.0","method":"eth_subscription","params":{"subscription":"0xbed0a0851463e895960a451075a301a9","result":"0x841ccf7b30c3377461e77baa59e5714ef3078dc50415a2ab4468de053478aa22"}}
[2m2025-12-10T10:13:39.173124Z[0m [34mDEBUG[0m [2methereum_transaction_pool_monitor::eth_client[0m[2m:[0m 📨 Received pending transaction: 0x841ccf7b30c3377461e77baa59e5714ef3078dc50415a2ab4468de053478aa22
[2m2025-12-10T10:13:39.190345Z[0m [34mDEBUG[0m [2methereum_transaction_pool_monitor::eth_client[0m[2m:[0m 📨 Received WebSocket message: {"jsonrpc":"2.0","method":"eth_subscription","params":{"subscription":"0xbed0a0851463e895960a451075a301a9","result":"0x590ea203f143fffe82c0fbee1d54a1753a365fa1577ed3d89b1c5cb0210b8831"}}
[2m2025-12-10T10:13:39.190368Z[0m [34mDEBUG[0m [2methereum_transaction_pool_monitor::eth_client[0m[2m:[0m 📨 Received pending transaction: 0x590ea203f143fffe82c0fbee1d54a1753a365fa1577ed3d89b1c5cb0210b8831
[2m2025-12-10T10:13:39.190373Z[0m [34mDEBUG[0m [2methereum_transaction_pool_monitor::eth_client[0m[2m:[0m 📨 Received WebSocket message: {"jsonrpc":"2.0","method":"eth_subscription","params":{"subscription":"0xbed0a0851463e895960a451075a301a9","result":"0x9923eeba6988843bff8cbd8e80ec9442f5a45e8194c8f2e0e92ee07417e00523"}}
[2m2025-12-10T10:13:39.190378Z[0m [34mDEBUG[0m [2methereum_transaction_pool_monitor::eth_client[0m[2m:[0m 📨 Received pending transaction: 0x9923eeba6988843bff8cbd8e80ec9442f5a45e8194c8f2e0e92ee07417e00523
[2m2025-12-10T10:13:39.199476Z[0m [34mDEBUG[0m [2mhyper::client::pool[0m[2m:[0m reuse idle connection for ("http", 192.168.0.14:8545)
[2m2025-12-10T10:13:39.199586Z[0m [34mDEBUG[0m [2mhyper::proto::h1::io[0m[2m:[0m flushed 172 bytes
[2m2025-12-10T10:13:39.204247Z[0m [34mDEBUG[0m [2mhyper::proto::h1::io[0m[2m:[0m parsed 4 headers
[2m2025-12-10T10:13:39.204266Z[0m [34mDEBUG[0m [2mhyper::proto::h1::conn[0m[2m:[0m incoming body is content-length (45 bytes)
[2m2025-12-10T10:13:39.204273Z[0m [34mDEBUG[0m [2mhyper::proto::h1::conn[0m[2m:[0m incoming body completed
[2m2025-12-10T10:13:39.204282Z[0m [34mDEBUG[0m [2mhyper::client::pool[0m[2m:[0m pooling idle connection for ("http", 192.168.0.14:8545)
[2m2025-12-10T10:13:39.229549Z[0m [34mDEBUG[0m [2methereum_transaction_pool_monitor::eth_client[0m[2m:[0m 📨 Received WebSocket message: {"jsonrpc":"2.0","method":"eth_subscription","params":{"subscription":"0xbed0a0851463e895960a451075a301a9","result":"0x2d41832a44c5ed487f4535359897e61db03e513a3e9ad39fa5f1ac5324e0be57"}}
[2m2025-12-10T10:13:39.229607Z[0m [34mDEBUG[0m [2methereum_transaction_pool_monitor::eth_client[0m[2m:[0m 📨 Received pending transaction: 0x2d41832a44c5ed487f4535359897e61db03e513a3e9ad39fa5f1ac5324e0be57
[2m2025-12-10T10:13:39.236692Z[0m [34mDEBUG[0m [2methereum_transaction_pool_monitor::eth_client[0m[2m:[0m ✅ Transaction 0x5fe1a244f3929264b19264e47bbbf0ebed5d98d72a610116073866d8fa39145f fetched and parsed in 81.247959ms
[2m2025-12-10T10:13:39.236713Z[0m [34mDEBUG[0m [2methereum_transaction_pool_monitor::mempool_monitor[0m[2m:[0m 🔍 Skipping tx 0x5fe1a244f3929264b19264e47bbbf0ebed5d98d72a610116073866d8fa39145f - not a DEX interaction (target: 0x3328F7f4A1D1C57c35df56bBf0c9dCAFCA309C49)
[2m2025-12-10T10:13:39.236723Z[0m [34mDEBUG[0m [2methereum_transaction_pool_monitor::mempool_monitor[0m[2m:[0m 📨 Processing new pending transaction: 0x99390e7b803ede98ce245935570719a49973affba10b579712c082355a8b397c
[2m2025-12-10T10:13:39.236729Z[0m [34mDEBUG[0m [2methereum_transaction_pool_monitor::mempool_monitor[0m[2m:[0m 🔍 Fetching transaction details for: 0x99390e7b803ede98ce245935570719a49973affba10b579712c082355a8b397c
[2m2025-12-10T10:13:39.236734Z[0m [34mDEBUG[0m [2methereum_transaction_pool_monitor::eth_client[0m[2m:[0m 🔍 Fetching transaction details for hash: 0x99390e7b803ede98ce245935570719a49973affba10b579712c082355a8b397c
[2m2025-12-10T10:13:39.236752Z[0m [34mDEBUG[0m [2mhyper::client::pool[0m[2m:[0m reuse idle connection for ("http", 192.168.0.14:8545)
[2m2025-12-10T10:13:39.236783Z[0m [34mDEBUG[0m [2mhyper::proto::h1::io[0m[2m:[0m flushed 250 bytes
[2m2025-12-10T10:13:39.243890Z[0m [34mDEBUG[0m [2mhyper::proto::h1::io[0m[2m:[0m parsed 4 headers
[2m2025-12-10T10:13:39.243899Z[0m [34mDEBUG[0m [2mhyper::proto::h1::conn[0m[2m:[0m incoming body is content-length (771 bytes)
[2m2025-12-10T10:13:39.243906Z[0m [34mDEBUG[0m [2mhyper::proto::h1::conn[0m[2m:[0m incoming body completed
[2m2025-12-10T10:13:39.243915Z[0m [34mDEBUG[0m [2mhyper::client::pool[0m[2m:[0m pooling idle connection for ("http", 192.168.0.14:8545)
[2m2025-12-10T10:13:39.243922Z[0m [34mDEBUG[0m [2methereum_transaction_pool_monitor::eth_client[0m[2m:[0m 📡 Transaction fetch RPC completed in 7.184ms
[2m2025-12-10T10:13:39.243937Z[0m [34mDEBUG[0m [2methereum_transaction_pool_monitor::eth_client[0m[2m:[0m DeFi transaction detected - Address: 0xdac17f958d2ee523a2206206994597c13d831ec7, Type: Stablecoin, Value: 0 ETH, Gas: 2.24 Gwei
[2m2025-12-10T10:13:39.243950Z[0m [34mDEBUG[0m [2methereum_transaction_pool_monitor::eth_client[0m[2m:[0m ✅ Transaction 0x99390e7b803ede98ce245935570719a49973affba10b579712c082355a8b397c fetched and parsed in 7.2125ms
[2m2025-12-10T10:13:39.243958Z[0m [34mDEBUG[0m [2methereum_transaction_pool_monitor::mempool_monitor[0m[2m:[0m 🔍 Skipping tx 0x99390e7b803ede98ce245935570719a49973affba10b579712c082355a8b397c - not a DEX interaction (target: 0xdAC17F958D2ee523a2206206994597C13D831ec7)
[2m2025-12-10T10:13:39.243969Z[0m [34mDEBUG[0m [2methereum_transaction_pool_monitor::mempool_monitor[0m[2m:[0m 📨 Processing new pending transaction: 0x29661aa22aca05871df14da74e1105622ffd1ef6dcbaaeca5e26bc893c6499ab
[2m2025-12-10T10:13:39.243974Z[0m [34mDEBUG[0m [2methereum_transaction_pool_monitor::mempool_monitor[0m[2m:[0m 🔍 Fetching transaction details for: 0x29661aa22aca05871df14da74e1105622ffd1ef6dcbaaeca5e26bc893c6499ab
[2m2025-12-10T10:13:39.243978Z[0m [34mDEBUG[0m [2methereum_transaction_pool_monitor::eth_client[0m[2m:[0m 🔍 Fetching transaction details for hash: 0x29661aa22aca05871df14da74e1105622ffd1ef6dcbaaeca5e26bc893c6499ab
[2m2025-12-10T10:13:39.243991Z[0m [34mDEBUG[0m [2mhyper::client::pool[0m[2m:[0m reuse idle connection for ("http", 192.168.0.14:8545)
[2m2025-12-10T10:13:39.244008Z[0m [34mDEBUG[0m [2mhyper::proto::h1::io[0m[2m:[0m flushed 250 bytes
[2m2025-12-10T10:13:39.250951Z[0m [34mDEBUG[0m [2methereum_transaction_pool_monitor::eth_client[0m[2m:[0m 📨 Received WebSocket message: {"jsonrpc":"2.0","method":"eth_subscription","params":{"subscription":"0xbed0a0851463e895960a451075a301a9","result":"0xa9d36a99eeeb73b93011068db31080b143eb6e767945be71c2dc9733e6a13fec"}}
[2m2025-12-10T10:13:39.250966Z[0m [34mDEBUG[0m [2methereum_transaction_pool_monitor::eth_client[0m[2m:[0m 📨 Received pending transaction: 0xa9d36a99eeeb73b93011068db31080b143eb6e767945be71c2dc9733e6a13fec
[2m2025-12-10T10:13:39.252183Z[0m [34mDEBUG[0m [2mhyper::proto::h1::io[0m[2m:[0m parsed 4 headers
[2m2025-12-10T10:13:39.252191Z[0m [34mDEBUG[0m [2mhyper::proto::h1::conn[0m[2m:[0m incoming body is content-length (642 bytes)
[2m2025-12-10T10:13:39.252197Z[0m [34mDEBUG[0m [2mhyper::proto::h1::conn[0m[2m:[0m incoming body completed
[2m2025-12-10T10:13:39.252204Z[0m [34mDEBUG[0m [2mhyper::client::pool[0m[2m:[0m pooling idle connection for ("http", 192.168.0.14:8545)
[2m2025-12-10T10:13:39.252210Z[0m [34mDEBUG[0m [2methereum_transaction_pool_monitor::eth_client[0m[2m:[0m 📡 Transaction fetch RPC completed in 8.228875ms
[2m2025-12-10T10:13:39.325124Z[0m [34mDEBUG[0m [2methereum_transaction_pool_monitor::eth_client[0m[2m:[0m ✅ Transaction 0x29661aa22aca05871df14da74e1105622ffd1ef6dcbaaeca5e26bc893c6499ab fetched and parsed in 81.140542ms
[2m2025-12-10T10:13:39.325150Z[0m [34mDEBUG[0m [2methereum_transaction_pool_monitor::mempool_monitor[0m[2m:[0m 🔍 Skipping tx 0x29661aa22aca05871df14da74e1105622ffd1ef6dcbaaeca5e26bc893c6499ab - not a DEX interaction (target: 0x061E75c3dd99b72ef14f9EAa5A71df51762AE50E)
[2m2025-12-10T10:13:39.325161Z[0m [34mDEBUG[0m [2methereum_transaction_pool_monitor::mempool_monitor[0m[2m:[0m 📨 Processing new pending transaction: 0xa555cff4b993c903eb3a1e2bc7561fb44af43592c3a9aa4b626ea29b2c55dec4
[2m2025-12-10T10:13:39.325170Z[0m [34mDEBUG[0m [2methereum_transaction_pool_monitor::mempool_monitor[0m[2m:[0m 🔍 Fetching transaction details for: 0xa555cff4b993c903eb3a1e2bc7561fb44af43592c3a9aa4b626ea29b2c55dec4
[2m2025-12-10T10:13:39.325178Z[0m [34mDEBUG[0m [2methereum_transaction_pool_monitor::eth_client[0m[2m:[0m 🔍 Fetching transaction details for hash: 0xa555cff4b993c903eb3a1e2bc7561fb44af43592c3a9aa4b626ea29b2c55dec4
[2m2025-12-10T10:13:39.325197Z[0m [34mDEBUG[0m [2mhyper::client::pool[0m[2m:[0m reuse idle connection for ("http", 192.168.0.14:8545)
[2m2025-12-10T10:13:39.325225Z[0m [34mDEBUG[0m [2mhyper::proto::h1::io[0m[2m:[0m flushed 250 bytes
[2m2025-12-10T10:13:39.325247Z[0m [34mDEBUG[0m [2mhyper::client::pool[0m[2m:[0m reuse idle connection for ("http", 192.168.0.14:8545)
[2m2025-12-10T10:13:39.325264Z[0m [34mDEBUG[0m [2mhyper::proto::h1::io[0m[2m:[0m flushed 172 bytes
[2m2025-12-10T10:13:39.325281Z[0m [34mDEBUG[0m [2methereum_transaction_pool_monitor::eth_client[0m[2m:[0m 📨 Received WebSocket message: {"jsonrpc":"2.0","method":"eth_subscription","params":{"subscription":"0xbed0a0851463e895960a451075a301a9","result":"0x1a8d24cc641a6ae3594586d8eafda804b606f0d7bf013bda49cf99547ca3f2ce"}}
[2m2025-12-10T10:13:39.325401Z[0m [34mDEBUG[0m [2methereum_transaction_pool_monitor::eth_client[0m[2m:[0m 📨 Received pending transaction: 0x1a8d24cc641a6ae3594586d8eafda804b606f0d7bf013bda49cf99547ca3f2ce
[2m2025-12-10T10:13:39.328432Z[0m [34mDEBUG[0m [2methereum_transaction_pool_monitor::eth_client[0m[2m:[0m 📨 Received WebSocket message: {"jsonrpc":"2.0","method":"eth_subscription","params":{"subscription":"0xbed0a0851463e895960a451075a301a9","result":"0xd2d6a80d4787749cc3fdc65e7fef96b76a1740fde709573ec93e341934b34d14"}}
[2m2025-12-10T10:13:39.328441Z[0m [34mDEBUG[0m [2methereum_transaction_pool_monitor::eth_client[0m[2m:[0m 📨 Received pending transaction: 0xd2d6a80d4787749cc3fdc65e7fef96b76a1740fde709573ec93e341934b34d14
[2m2025-12-10T10:13:39.337868Z[0m [34mDEBUG[0m [2mhyper::proto::h1::io[0m[2m:[0m parsed 4 headers
[2m2025-12-10T10:13:39.337882Z[0m [34mDEBUG[0m [2mhyper::proto::h1::conn[0m[2m:[0m incoming body is content-length (7757 bytes)
[2m2025-12-10T10:13:39.337889Z[0m [34mDEBUG[0m [2mhyper::proto::h1::conn[0m[2m:[0m incoming body completed
[2m2025-12-10T10:13:39.337899Z[0m [34mDEBUG[0m [2mhyper::client::pool[0m[2m:[0m pooling idle connection for ("http", 192.168.0.14:8545)
[2m2025-12-10T10:13:39.337909Z[0m [34mDEBUG[0m [2methereum_transaction_pool_monitor::eth_client[0m[2m:[0m 📡 Transaction fetch RPC completed in 12.725833ms
[2m2025-12-10T10:13:39.410658Z[0m [34mDEBUG[0m [2methereum_transaction_pool_monitor::eth_client[0m[2m:[0m ✅ Transaction 0xa555cff4b993c903eb3a1e2bc7561fb44af43592c3a9aa4b626ea29b2c55dec4 fetched and parsed in 85.471958ms
[2m2025-12-10T10:13:39.410682Z[0m [34mDEBUG[0m [2methereum_transaction_pool_monitor::mempool_monitor[0m[2m:[0m 🔍 Skipping tx 0xa555cff4b993c903eb3a1e2bc7561fb44af43592c3a9aa4b626ea29b2c55dec4 - not a DEX interaction (target: 0xBBbfD134E9b44BfB5123898BA36b01dE7ab93d98)
[2m2025-12-10T10:13:39.410694Z[0m [34mDEBUG[0m [2methereum_transaction_pool_monitor::mempool_monitor[0m[2m:[0m 📨 Processing new pending transaction: 0x3b5265f3cca9414b8f510145a72c99d70a70e4f4e05ac0adbfd626793d11d667
[2m2025-12-10T10:13:39.410699Z[0m [34mDEBUG[0m [2methereum_transaction_pool_monitor::mempool_monitor[0m[2m:[0m 🔍 Fetching transaction details for: 0x3b5265f3cca9414b8f510145a72c99d70a70e4f4e05ac0adbfd626793d11d667
[2m2025-12-10T10:13:39.410703Z[0m [34mDEBUG[0m [2methereum_transaction_pool_monitor::eth_client[0m[2m:[0m 🔍 Fetching transaction details for hash: 0x3b5265f3cca9414b8f510145a72c99d70a70e4f4e05ac0adbfd626793d11d667
[2m2025-12-10T10:13:39.410722Z[0m [34mDEBUG[0m [2mhyper::client::pool[0m[2m:[0m reuse idle connection for ("http", 192.168.0.14:8545)
[2m2025-12-10T10:13:39.410747Z[0m [34mDEBUG[0m [2mhyper::proto::h1::io[0m[2m:[0m flushed 250 bytes
[2m2025-12-10T10:13:39.410767Z[0m [34mDEBUG[0m [2methereum_transaction_pool_monitor::eth_client[0m[2m:[0m 📨 Received WebSocket message: {"jsonrpc":"2.0","method":"eth_subscription","params":{"subscription":"0xbed0a0851463e895960a451075a301a9","result":"0x8af46aa620df10ffd5833896c8e7340d67bd5659c50a8879c0d7a88545b36ae3"}}
[2m2025-12-10T10:13:39.410769Z[0m [34mDEBUG[0m [2mhyper::proto::h1::io[0m[2m:[0m parsed 4 headers
[2m2025-12-10T10:13:39.410774Z[0m [34mDEBUG[0m [2methereum_transaction_pool_monitor::eth_client[0m[2m:[0m 📨 Received pending transaction: 0x8af46aa620df10ffd5833896c8e7340d67bd5659c50a8879c0d7a88545b36ae3
[2m2025-12-10T10:13:39.410788Z[0m [34mDEBUG[0m [2methereum_transaction_pool_monitor::eth_client[0m[2m:[0m 📨 Received WebSocket message: {"jsonrpc":"2.0","method":"eth_subscription","params":{"subscription":"0xbed0a0851463e895960a451075a301a9","result":"0x8e609c4b5d34f4c741e02894b9a1058a54b33a9f6181e12930291381999c6af5"}}
[2m2025-12-10T10:13:39.410776Z[0m [34mDEBUG[0m [2mhyper::proto::h1::conn[0m[2m:[0m incoming body is content-length (45 bytes)
[2m2025-12-10T10:13:39.410793Z[0m [34mDEBUG[0m [2methereum_transaction_pool_monitor::eth_client[0m[2m:[0m 📨 Received pending transaction: 0x8e609c4b5d34f4c741e02894b9a1058a54b33a9f6181e12930291381999c6af5
[2m2025-12-10T10:13:39.410803Z[0m [34mDEBUG[0m [2mhyper::proto::h1::conn[0m[2m:[0m incoming body completed
[2m2025-12-10T10:13:39.410803Z[0m [34mDEBUG[0m [2methereum_transaction_pool_monitor::eth_client[0m[2m:[0m 📨 Received WebSocket message: {"jsonrpc":"2.0","method":"eth_subscription","params":{"subscription":"0xbed0a0851463e895960a451075a301a9","result":"0xd25248ada72dcbfceb2570d6b4b7bfc2eb5d24811914cfcadb01210c3b2249c2"}}
[2m2025-12-10T10:13:39.410812Z[0m [34mDEBUG[0m [2mhyper::client::pool[0m[2m:[0m pooling idle connection for ("http", 192.168.0.14:8545)
[2m2025-12-10T10:13:39.410818Z[0m [34mDEBUG[0m [2methereum_transaction_pool_monitor::eth_client[0m[2m:[0m 📨 Received pending transaction: 0xd25248ada72dcbfceb2570d6b4b7bfc2eb5d24811914cfcadb01210c3b2249c2
[2m2025-12-10T10:13:39.410822Z[0m [34mDEBUG[0m [2methereum_transaction_pool_monitor::eth_client[0m[2m:[0m 📨 Received WebSocket message: {"jsonrpc":"2.0","method":"eth_subscription","params":{"subscription":"0xbed0a0851463e895960a451075a301a9","result":"0x314c17ba1228983b17b4c7fbc2cf781a901b05f4a598c8c3625a8d7942724874"}}
[2m2025-12-10T10:13:39.410826Z[0m [34mDEBUG[0m [2methereum_transaction_pool_monitor::eth_client[0m[2m:[0m 📨 Received pending transaction: 0x314c17ba1228983b17b4c7fbc2cf781a901b05f4a598c8c3625a8d7942724874
[2m2025-12-10T10:13:39.410829Z[0m [34mDEBUG[0m [2methereum_transaction_pool_monitor::eth_client[0m[2m:[0m 📨 Received WebSocket message: {"jsonrpc":"2.0","method":"eth_subscription","params":{"subscription":"0xbed0a0851463e895960a451075a301a9","result":"0x16cb3995092a4550f73c408698e8f779de878fe3daa3e0d9292ac2e5e7da44c3"}}
[2m2025-12-10T10:13:39.410830Z[0m [34mDEBUG[0m [2mhyper::client::pool[0m[2m:[0m reuse idle connection for ("http", 192.168.0.14:8545)
[2m2025-12-10T10:13:39.410833Z[0m [34mDEBUG[0m [2methereum_transaction_pool_monitor::eth_client[0m[2m:[0m 📨 Received pending transaction: 0x16cb3995092a4550f73c408698e8f779de878fe3daa3e0d9292ac2e5e7da44c3
[2m2025-12-10T10:13:39.410844Z[0m [34mDEBUG[0m [2mhyper::proto::h1::io[0m[2m:[0m flushed 172 bytes
[2m2025-12-10T10:13:39.411273Z[0m [34mDEBUG[0m [2methereum_transaction_pool_monitor::eth_client[0m[2m:[0m 📨 Received WebSocket message: {"jsonrpc":"2.0","method":"eth_subscription","params":{"subscription":"0xbed0a0851463e895960a451075a301a9","result":"0x07a3aaa7d691c0a70cce3067f9d98994e92a0c8eaccf87b7a4de14fd6102de0e"}}
[2m2025-12-10T10:13:39.411279Z[0m [34mDEBUG[0m [2methereum_transaction_pool_monitor::eth_client[0m[2m:[0m 📨 Received pending transaction: 0x07a3aaa7d691c0a70cce3067f9d98994e92a0c8eaccf87b7a4de14fd6102de0e
[2m2025-12-10T10:13:39.421838Z[0m [34mDEBUG[0m [2mhyper::proto::h1::io[0m[2m:[0m parsed 4 headers
[2m2025-12-10T10:13:39.421854Z[0m [34mDEBUG[0m [2mhyper::proto::h1::conn[0m[2m:[0m incoming body is content-length (45 bytes)
[2m2025-12-10T10:13:39.421862Z[0m [34mDEBUG[0m [2mhyper::proto::h1::conn[0m[2m:[0m incoming body completed
[2m2025-12-10T10:13:39.421872Z[0m [34mDEBUG[0m [2mhyper::client::pool[0m[2m:[0m pooling idle connection for ("http", 192.168.0.14:8545)
[2m2025-12-10T10:13:39.421892Z[0m [34mDEBUG[0m [2mhyper::proto::h1::io[0m[2m:[0m parsed 4 headers
[2m2025-12-10T10:13:39.421896Z[0m [34mDEBUG[0m [2mhyper::proto::h1::conn[0m[2m:[0m incoming body is content-length (1774 bytes)
[2m2025-12-10T10:13:39.421899Z[0m [34mDEBUG[0m [2mhyper::proto::h1::conn[0m[2m:[0m incoming body completed
[2m2025-12-10T10:13:39.421905Z[0m [34mDEBUG[0m [2mhyper::client::pool[0m[2m:[0m pooling idle connection for ("http", 192.168.0.14:8545)
[2m2025-12-10T10:13:39.421909Z[0m [34mDEBUG[0m [2methereum_transaction_pool_monitor::eth_client[0m[2m:[0m 📡 Transaction fetch RPC completed in 11.202291ms
[2m2025-12-10T10:13:39.421928Z[0m [34mDEBUG[0m [2methereum_transaction_pool_monitor::eth_client[0m[2m:[0m DeFi transaction detected - Address: 0xe592427a0aece92de3edee1f18e0157c05861564, Type: DexRouter, Value: 0 ETH, Gas: 0.21 Gwei
[2m2025-12-10T10:13:39.421938Z[0m [34mDEBUG[0m [2methereum_transaction_pool_monitor::eth_client[0m[2m:[0m ✅ Transaction 0x3b5265f3cca9414b8f510145a72c99d70a70e4f4e05ac0adbfd626793d11d667 fetched and parsed in 11.231166ms
[2m2025-12-10T10:13:39.421944Z[0m [34mDEBUG[0m [2methereum_transaction_pool_monitor::mempool_monitor[0m[2m:[0m 🔍 Skipping tx 0x3b5265f3cca9414b8f510145a72c99d70a70e4f4e05ac0adbfd626793d11d667 - not a DEX interaction (target: 0xE592427A0AEce92De3Edee1F18E0157C05861564)
[2m2025-12-10T10:13:39.421950Z[0m [34mDEBUG[0m [2methereum_transaction_pool_monitor::mempool_monitor[0m[2m:[0m 📨 Processing new pending transaction: 0x921a3728f5d835446bc9e412244f64ea486b60e741746b7bb777d45ec06a3e8f
[2m2025-12-10T10:13:39.421953Z[0m [34mDEBUG[0m [2methereum_transaction_pool_monitor::mempool_monitor[0m[2m:[0m 🔍 Fetching transaction details for: 0x921a3728f5d835446bc9e412244f64ea486b60e741746b7bb777d45ec06a3e8f
[2m2025-12-10T10:13:39.421956Z[0m [34mDEBUG[0m [2methereum_transaction_pool_monitor::eth_client[0m[2m:[0m 🔍 Fetching transaction details for hash: 0x921a3728f5d835446bc9e412244f64ea486b60e741746b7bb777d45ec06a3e8f
[2m2025-12-10T10:13:39.421971Z[0m [34mDEBUG[0m [2mhyper::client::pool[0m[2m:[0m reuse idle connection for ("http", 192.168.0.14:8545)
[2m2025-12-10T10:13:39.421986Z[0m [34mDEBUG[0m [2mhyper::proto::h1::io[0m[2m:[0m flushed 250 bytes
[2m2025-12-10T10:13:39.429040Z[0m [34mDEBUG[0m [2mhyper::proto::h1::io[0m[2m:[0m parsed 4 headers
[2m2025-12-10T10:13:39.429051Z[0m [34mDEBUG[0m [2mhyper::proto::h1::conn[0m[2m:[0m incoming body is content-length (1659 bytes)
[2m2025-12-10T10:13:39.429056Z[0m [34mDEBUG[0m [2mhyper::proto::h1::conn[0m[2m:[0m incoming body completed
[2m2025-12-10T10:13:39.429063Z[0m [34mDEBUG[0m [2mhyper::client::pool[0m[2m:[0m pooling idle connection for ("http", 192.168.0.14:8545)
[2m2025-12-10T10:13:39.429068Z[0m [34mDEBUG[0m [2methereum_transaction_pool_monitor::eth_client[0m[2m:[0m 📡 Transaction fetch RPC completed in 7.109041ms
[2m2025-12-10T10:13:39.429081Z[0m [34mDEBUG[0m [2methereum_transaction_pool_monitor::eth_client[0m[2m:[0m DeFi transaction detected - Address: 0xe592427a0aece92de3edee1f18e0157c05861564, Type: DexRouter, Value: 0.0640 ETH, Gas: 0.21 Gwei
[2m2025-12-10T10:13:39.429089Z[0m [34mDEBUG[0m [2methereum_transaction_pool_monitor::eth_client[0m[2m:[0m ✅ Transaction 0x921a3728f5d835446bc9e412244f64ea486b60e741746b7bb777d45ec06a3e8f fetched and parsed in 7.130166ms
[2m2025-12-10T10:13:39.429094Z[0m [34mDEBUG[0m [2methereum_transaction_pool_monitor::mempool_monitor[0m[2m:[0m 🔍 Skipping tx 0x921a3728f5d835446bc9e412244f64ea486b60e741746b7bb777d45ec06a3e8f - not a DEX interaction (target: 0xE592427A0AEce92De3Edee1F18E0157C05861564)
[2m2025-12-10T10:13:39.429099Z[0m [34mDEBUG[0m [2methereum_transaction_pool_monitor::mempool_monitor[0m[2m:[0m 📨 Processing new pending transaction: 0xe88e88d606633ee61b0ca05e77aef1501d607571fca2f805aedc6f4c184c7ba9
[2m2025-12-10T10:13:39.429102Z[0m [34mDEBUG[0m [2methereum_transaction_pool_monitor::mempool_monitor[0m[2m:[0m 🔍 Fetching transaction details for: 0xe88e88d606633ee61b0ca05e77aef1501d607571fca2f805aedc6f4c184c7ba9
[2m2025-12-10T10:13:39.429105Z[0m [34mDEBUG[0m [2methereum_transaction_pool_monitor::eth_client[0m[2m:[0m 🔍 Fetching transaction details for hash: 0xe88e88d606633ee61b0ca05e77aef1501d607571fca2f805aedc6f4c184c7ba9
[2m2025-12-10T10:13:39.429116Z[0m [34mDEBUG[0m [2mhyper::client::pool[0m[2m:[0m reuse idle connection for ("http", 192.168.0.14:8545)
[2m2025-12-10T10:13:39.429139Z[0m [34mDEBUG[0m [2mhyper::proto::h1::io[0m[2m:[0m flushed 250 bytes
[2m2025-12-10T10:13:39.436017Z[0m [34mDEBUG[0m [2mhyper::proto::h1::io[0m[2m:[0m parsed 4 headers
[2m2025-12-10T10:13:39.436031Z[0m [34mDEBUG[0m [2mhyper::proto::h1::conn[0m[2m:[0m incoming body is content-length (846 bytes)
[2m2025-12-10T10:13:39.436036Z[0m [34mDEBUG[0m [2mhyper::proto::h1::conn[0m[2m:[0m incoming body completed
[2m2025-12-10T10:13:39.436042Z[0m [34mDEBUG[0m [2mhyper::client::pool[0m[2m:[0m pooling idle connection for ("http", 192.168.0.14:8545)
[2m2025-12-10T10:13:39.436047Z[0m [34mDEBUG[0m [2methereum_transaction_pool_monitor::eth_client[0m[2m:[0m 📡 Transaction fetch RPC completed in 6.939584ms
[2m2025-12-10T10:13:39.436059Z[0m [34mDEBUG[0m [2methereum_transaction_pool_monitor::eth_client[0m[2m:[0m DeFi transaction detected - Address: 0xdac17f958d2ee523a2206206994597c13d831ec7, Type: Stablecoin, Value: 0 ETH, Gas: 2.17 Gwei
[2m2025-12-10T10:13:39.436068Z[0m [34mDEBUG[0m [2methereum_transaction_pool_monitor::eth_client[0m[2m:[0m ✅ Transaction 0xe88e88d606633ee61b0ca05e77aef1501d607571fca2f805aedc6f4c184c7ba9 fetched and parsed in 6.961167ms
[2m2025-12-10T10:13:39.436073Z[0m [34mDEBUG[0m [2methereum_transaction_pool_monitor::mempool_monitor[0m[2m:[0m 🔍 Skipping tx 0xe88e88d606633ee61b0ca05e77aef1501d607571fca2f805aedc6f4c184c7ba9 - not a DEX interaction (target: 0xdAC17F958D2ee523a2206206994597C13D831ec7)
[2m2025-12-10T10:13:39.436078Z[0m [34mDEBUG[0m [2methereum_transaction_pool_monitor::mempool_monitor[0m[2m:[0m 📨 Processing new pending transaction: 0x2743fb6c3c43147961dd656311680b67a053464354abc4c8d22b71fdf997fded
[2m2025-12-10T10:13:39.436081Z[0m [34mDEBUG[0m [2methereum_transaction_pool_monitor::mempool_monitor[0m[2m:[0m 🔍 Fetching transaction details for: 0x2743fb6c3c43147961dd656311680b67a053464354abc4c8d22b71fdf997fded
[2m2025-12-10T10:13:39.436084Z[0m [34mDEBUG[0m [2methereum_transaction_pool_monitor::eth_client[0m[2m:[0m 🔍 Fetching transaction details for hash: 0x2743fb6c3c43147961dd656311680b67a053464354abc4c8d22b71fdf997fded
[2m2025-12-10T10:13:39.436093Z[0m [34mDEBUG[0m [2mhyper::client::pool[0m[2m:[0m reuse idle connection for ("http", 192.168.0.14:8545)
[2m2025-12-10T10:13:39.436114Z[0m [34mDEBUG[0m [2mhyper::proto::h1::io[0m[2m:[0m flushed 250 bytes
[2m2025-12-10T10:13:39.439939Z[0m [34mDEBUG[0m [2methereum_transaction_pool_monitor::eth_client[0m[2m:[0m 📨 Received WebSocket message: {"jsonrpc":"2.0","method":"eth_subscription","params":{"subscription":"0xbed0a0851463e895960a451075a301a9","result":"0x21ca8fea3b4e4490223510da2e0a4d0d8f31c42b6e3d5b5e897e258452be877e"}}
[2m2025-12-10T10:13:39.439947Z[0m [34mDEBUG[0m [2methereum_transaction_pool_monitor::eth_client[0m[2m:[0m 📨 Received pending transaction: 0x21ca8fea3b4e4490223510da2e0a4d0d8f31c42b6e3d5b5e897e258452be877e
[2m2025-12-10T10:13:39.441510Z[0m [34mDEBUG[0m [2mhyper::proto::h1::io[0m[2m:[0m parsed 4 headers
[2m2025-12-10T10:13:39.441514Z[0m [34mDEBUG[0m [2mhyper::proto::h1::conn[0m[2m:[0m incoming body is content-length (846 bytes)
[2m2025-12-10T10:13:39.441519Z[0m [34mDEBUG[0m [2mhyper::proto::h1::conn[0m[2m:[0m incoming body completed
[2m2025-12-10T10:13:39.441524Z[0m [34mDEBUG[0m [2mhyper::client::pool[0m[2m:[0m pooling idle connection for ("http", 192.168.0.14:8545)
[2m2025-12-10T10:13:39.441528Z[0m [34mDEBUG[0m [2methereum_transaction_pool_monitor::eth_client[0m[2m:[0m 📡 Transaction fetch RPC completed in 5.441625ms
[2m2025-12-10T10:13:39.510435Z[0m [34mDEBUG[0m [2methereum_transaction_pool_monitor::eth_client[0m[2m:[0m ✅ Transaction 0x2743fb6c3c43147961dd656311680b67a053464354abc4c8d22b71fdf997fded fetched and parsed in 74.346166ms
[2m2025-12-10T10:13:39.510454Z[0m [34mDEBUG[0m [2methereum_transaction_pool_monitor::mempool_monitor[0m[2m:[0m 🔍 Skipping tx 0x2743fb6c3c43147961dd656311680b67a053464354abc4c8d22b71fdf997fded - not a DEX interaction (target: 0xB8f28C60dD8240141185a192fa4156A23E189305)
[2m2025-12-10T10:13:39.510463Z[0m [34mDEBUG[0m [2methereum_transaction_pool_monitor::mempool_monitor[0m[2m:[0m 📨 Processing new pending transaction: 0x375bc97c62e7b2b77b73efe3052868fbcab1e6dd5b9e12ac9ee362b7842f653b
[2m2025-12-10T10:13:39.510476Z[0m [34mDEBUG[0m [2methereum_transaction_pool_monitor::mempool_monitor[0m[2m:[0m 🔍 Fetching transaction details for: 0x375bc97c62e7b2b77b73efe3052868fbcab1e6dd5b9e12ac9ee362b7842f653b
[2m2025-12-10T10:13:39.510479Z[0m [34mDEBUG[0m [2methereum_transaction_pool_monitor::eth_client[0m[2m:[0m 🔍 Fetching transaction details for hash: 0x375bc97c62e7b2b77b73efe3052868fbcab1e6dd5b9e12ac9ee362b7842f653b
[2m2025-12-10T10:13:39.510495Z[0m [34mDEBUG[0m [2mhyper::client::pool[0m[2m:[0m reuse idle connection for ("http", 192.168.0.14:8545)
[2m2025-12-10T10:13:39.510534Z[0m [34mDEBUG[0m [2mhyper::proto::h1::io[0m[2m:[0m flushed 250 bytes
[2m2025-12-10T10:13:39.510550Z[0m [34mDEBUG[0m [2mhyper::client::pool[0m[2m:[0m reuse idle connection for ("http", 192.168.0.14:8545)
[2m2025-12-10T10:13:39.510562Z[0m [34mDEBUG[0m [2mhyper::proto::h1::io[0m[2m:[0m flushed 172 bytes
[2m2025-12-10T10:13:39.510563Z[0m [34mDEBUG[0m [2methereum_transaction_pool_monitor::eth_client[0m[2m:[0m 📨 Received WebSocket message: {"jsonrpc":"2.0","method":"eth_subscription","params":{"subscription":"0xbed0a0851463e895960a451075a301a9","result":"0xe4a2106dd60a3145eda06b4caf96c28b4170b37e5174c4336a494f701d391420"}}
[2m2025-12-10T10:13:39.510573Z[0m [34mDEBUG[0m [2methereum_transaction_pool_monitor::eth_client[0m[2m:[0m 📨 Received pending transaction: 0xe4a2106dd60a3145eda06b4caf96c28b4170b37e5174c4336a494f701d391420
[2m2025-12-10T10:13:39.516048Z[0m [34mDEBUG[0m [2mhyper::proto::h1::io[0m[2m:[0m parsed 4 headers
[2m2025-12-10T10:13:39.519605Z[0m [34mDEBUG[0m [2mhyper::proto::h1::conn[0m[2m:[0m incoming body is content-length (45 bytes)
[2m2025-12-10T10:13:39.519615Z[0m [34mDEBUG[0m [2mhyper::proto::h1::conn[0m[2m:[0m incoming body completed
[2m2025-12-10T10:13:39.519625Z[0m [34mDEBUG[0m [2mhyper::client::pool[0m[2m:[0m pooling idle connection for ("http", 192.168.0.14:8545)
[2m2025-12-10T10:13:39.519648Z[0m [34mDEBUG[0m [2mhyper::proto::h1::io[0m[2m:[0m parsed 4 headers
[2m2025-12-10T10:13:39.519651Z[0m [34mDEBUG[0m [2mhyper::proto::h1::conn[0m[2m:[0m incoming body is content-length (722 bytes)
[2m2025-12-10T10:13:39.519655Z[0m [34mDEBUG[0m [2mhyper::proto::h1::conn[0m[2m:[0m incoming body completed
[2m2025-12-10T10:13:39.519660Z[0m [34mDEBUG[0m [2mhyper::client::pool[0m[2m:[0m pooling idle connection for ("http", 192.168.0.14:8545)
[2m2025-12-10T10:13:39.519665Z[0m [34mDEBUG[0m [2methereum_transaction_pool_monitor::eth_client[0m[2m:[0m 📡 Transaction fetch RPC completed in 9.182167ms
[2m2025-12-10T10:13:39.588497Z[0m [34mDEBUG[0m [2methereum_transaction_pool_monitor::eth_client[0m[2m:[0m ✅ Transaction 0x375bc97c62e7b2b77b73efe3052868fbcab1e6dd5b9e12ac9ee362b7842f653b fetched and parsed in 78.012375ms
[2m2025-12-10T10:13:39.591445Z[0m [34mDEBUG[0m [2methereum_transaction_pool_monitor::mempool_monitor[0m[2m:[0m 🔍 Skipping tx 0x375bc97c62e7b2b77b73efe3052868fbcab1e6dd5b9e12ac9ee362b7842f653b - not a DEX interaction (target: 0xA9C3BEA91f905D3F7C05841b791E0F09E687b6fF)
[2m2025-12-10T10:13:39.591456Z[0m [34mDEBUG[0m [2methereum_transaction_pool_monitor::mempool_monitor[0m[2m:[0m 📨 Processing new pending transaction: 0xbb748a167e56d3aa40b7bb0315a0a6103beaec7a1425e0d3a1020bde206dee77
[2m2025-12-10T10:13:39.591462Z[0m [34mDEBUG[0m [2methereum_transaction_pool_monitor::mempool_monitor[0m[2m:[0m 🔍 Fetching transaction details for: 0xbb748a167e56d3aa40b7bb0315a0a6103beaec7a1425e0d3a1020bde206dee77
[2m2025-12-10T10:13:39.591469Z[0m [34mDEBUG[0m [2methereum_transaction_pool_monitor::eth_client[0m[2m:[0m 🔍 Fetching transaction details for hash: 0xbb748a167e56d3aa40b7bb0315a0a6103beaec7a1425e0d3a1020bde206dee77
[2m2025-12-10T10:13:39.591487Z[0m [34mDEBUG[0m [2mhyper::client::pool[0m[2m:[0m reuse idle connection for ("http", 192.168.0.14:8545)
[2m2025-12-10T10:13:39.591649Z[0m [34mDEBUG[0m [2mhyper::proto::h1::io[0m[2m:[0m flushed 250 bytes
[2m2025-12-10T10:13:39.591693Z[0m [34mDEBUG[0m [2methereum_transaction_pool_monitor::eth_client[0m[2m:[0m 📨 Received WebSocket message: {"jsonrpc":"2.0","method":"eth_subscription","params":{"subscription":"0xbed0a0851463e895960a451075a301a9","result":"0xb36f3b3d74c6adfa028c646ac1306107b0c382f7ec7f5cbc2f2e2644d36c326d"}}
[2m2025-12-10T10:13:39.591719Z[0m [34mDEBUG[0m [2methereum_transaction_pool_monitor::eth_client[0m[2m:[0m 📨 Received pending transaction: 0xb36f3b3d74c6adfa028c646ac1306107b0c382f7ec7f5cbc2f2e2644d36c326d
[2m2025-12-10T10:13:39.591735Z[0m [34mDEBUG[0m [2methereum_transaction_pool_monitor::eth_client[0m[2m:[0m 📨 Received WebSocket message: {"jsonrpc":"2.0","method":"eth_subscription","params":{"subscription":"0xbed0a0851463e895960a451075a301a9","result":"0x47ab386e9593c5d7083ba891d76e72ee3f2e49cb4d7f5d6d53a3455ff4c57862"}}
[2m2025-12-10T10:13:39.591748Z[0m [34mDEBUG[0m [2methereum_transaction_pool_monitor::eth_client[0m[2m:[0m 📨 Received pending transaction: 0x47ab386e9593c5d7083ba891d76e72ee3f2e49cb4d7f5d6d53a3455ff4c57862
[2m2025-12-10T10:13:39.599401Z[0m [34mDEBUG[0m [2mhyper::client::pool[0m[2m:[0m reuse idle connection for ("http", 192.168.0.14:8545)
[2m2025-12-10T10:13:39.599414Z[0m [34mDEBUG[0m [2mhyper::proto::h1::io[0m[2m:[0m parsed 4 headers
[2m2025-12-10T10:13:39.599439Z[0m [34mDEBUG[0m [2mhyper::proto::h1::conn[0m[2m:[0m incoming body is content-length (3660 bytes)
[2m2025-12-10T10:13:39.599445Z[0m [34mDEBUG[0m [2mhyper::proto::h1::io[0m[2m:[0m flushed 172 bytes
[2m2025-12-10T10:13:39.599452Z[0m [34mDEBUG[0m [2mhyper::proto::h1::conn[0m[2m:[0m incoming body completed
[2m2025-12-10T10:13:39.599473Z[0m [34mDEBUG[0m [2mhyper::client::pool[0m[2m:[0m pooling idle connection for ("http", 192.168.0.14:8545)
[2m2025-12-10T10:13:39.599480Z[0m [34mDEBUG[0m [2methereum_transaction_pool_monitor::eth_client[0m[2m:[0m 📡 Transaction fetch RPC completed in 8.005375ms
[2m2025-12-10T10:13:39.603823Z[0m [34mDEBUG[0m [2mhyper::proto::h1::io[0m[2m:[0m parsed 4 headers
[2m2025-12-10T10:13:39.603857Z[0m [34mDEBUG[0m [2mhyper::proto::h1::conn[0m[2m:[0m incoming body is content-length (45 bytes)
[2m2025-12-10T10:13:39.603873Z[0m [34mDEBUG[0m [2mhyper::proto::h1::conn[0m[2m:[0m incoming body completed
[2m2025-12-10T10:13:39.603891Z[0m [34mDEBUG[0m [2mhyper::client::pool[0m[2m:[0m pooling idle connection for ("http", 192.168.0.14:8545)
[2m2025-12-10T10:13:39.669412Z[0m [34mDEBUG[0m [2methereum_transaction_pool_monitor::eth_client[0m[2m:[0m 📨 Received WebSocket message: {"jsonrpc":"2.0","method":"eth_subscription","params":{"subscription":"0xbed0a0851463e895960a451075a301a9","result":"0xa470569a8a48d15c20af7d1581173d81965f52bc8fb0ef6336782ce581bfbddc"}}
[2m2025-12-10T10:13:39.669453Z[0m [34mDEBUG[0m [2methereum_transaction_pool_monitor::eth_client[0m[2m:[0m 📨 Received pending transaction: 0xa470569a8a48d15c20af7d1581173d81965f52bc8fb0ef6336782ce581bfbddc
[2m2025-12-10T10:13:39.669784Z[0m [34mDEBUG[0m [2methereum_transaction_pool_monitor::eth_client[0m[2m:[0m ✅ Transaction 0xbb748a167e56d3aa40b7bb0315a0a6103beaec7a1425e0d3a1020bde206dee77 fetched and parsed in 78.308ms
[2m2025-12-10T10:13:39.669797Z[0m [34mDEBUG[0m [2methereum_transaction_pool_monitor::mempool_monitor[0m[2m:[0m 🔍 Skipping tx 0xbb748a167e56d3aa40b7bb0315a0a6103beaec7a1425e0d3a1020bde206dee77 - not a DEX interaction (target: 0x5FF137D4b0FDCD49DcA30c7CF57E578a026d2789)
[2m2025-12-10T10:13:39.669806Z[0m [34mDEBUG[0m [2methereum_transaction_pool_monitor::mempool_monitor[0m[2m:[0m 📨 Processing new pending transaction: 0xe585225f5f129bacc4a17d7f11dfdcf17a45414aa2f536341ebcc83ca27f8257
[2m2025-12-10T10:13:39.669810Z[0m [34mDEBUG[0m [2methereum_transaction_pool_monitor::mempool_monitor[0m[2m:[0m 🔍 Fetching transaction details for: 0xe585225f5f129bacc4a17d7f11dfdcf17a45414aa2f536341ebcc83ca27f8257
[2m2025-12-10T10:13:39.669821Z[0m [34mDEBUG[0m [2methereum_transaction_pool_monitor::eth_client[0m[2m:[0m 🔍 Fetching transaction details for hash: 0xe585225f5f129bacc4a17d7f11dfdcf17a45414aa2f536341ebcc83ca27f8257
[2m2025-12-10T10:13:39.669837Z[0m [34mDEBUG[0m [2mhyper::client::pool[0m[2m:[0m reuse idle connection for ("http", 192.168.0.14:8545)
[2m2025-12-10T10:13:39.669869Z[0m [34mDEBUG[0m [2mhyper::proto::h1::io[0m[2m:[0m flushed 250 bytes
[2m2025-12-10T10:13:39.672956Z[0m [34mDEBUG[0m [2mhyper::proto::h1::io[0m[2m:[0m parsed 4 headers
[2m2025-12-10T10:13:39.672963Z[0m [34mDEBUG[0m [2mhyper::proto::h1::conn[0m[2m:[0m incoming body is content-length (840 bytes)
[2m2025-12-10T10:13:39.672970Z[0m [34mDEBUG[0m [2mhyper::proto::h1::conn[0m[2m:[0m incoming body completed
[2m2025-12-10T10:13:39.672977Z[0m [34mDEBUG[0m [2mhyper::client::pool[0m[2m:[0m pooling idle connection for ("http", 192.168.0.14:8545)
[2m2025-12-10T10:13:39.672982Z[0m [34mDEBUG[0m [2methereum_transaction_pool_monitor::eth_client[0m[2m:[0m 📡 Transaction fetch RPC completed in 3.1585ms
[2m2025-12-10T10:13:39.742491Z[0m [34mDEBUG[0m [2methereum_transaction_pool_monitor::eth_client[0m[2m:[0m ✅ Transaction 0xe585225f5f129bacc4a17d7f11dfdcf17a45414aa2f536341ebcc83ca27f8257 fetched and parsed in 72.664625ms
[2m2025-12-10T10:13:39.742506Z[0m [34mDEBUG[0m [2methereum_transaction_pool_monitor::mempool_monitor[0m[2m:[0m 🔍 Skipping tx 0xe585225f5f129bacc4a17d7f11dfdcf17a45414aa2f536341ebcc83ca27f8257 - not a DEX interaction (target: 0x593a8A7C12d8111e12945fF167389662A02b5eCE)
[2m2025-12-10T10:13:39.742513Z[0m [34mDEBUG[0m [2methereum_transaction_pool_monitor::mempool_monitor[0m[2m:[0m 📨 Processing new pending transaction: 0x61f3e36e35c81af6790aad8dfed962543266340682ea5f2ea28dc69d186b17f5
[2m2025-12-10T10:13:39.742517Z[0m [34mDEBUG[0m [2methereum_transaction_pool_monitor::mempool_monitor[0m[2m:[0m 🔍 Fetching transaction details for: 0x61f3e36e35c81af6790aad8dfed962543266340682ea5f2ea28dc69d186b17f5
[2m2025-12-10T10:13:39.742520Z[0m [34mDEBUG[0m [2methereum_transaction_pool_monitor::eth_client[0m[2m:[0m 🔍 Fetching transaction details for hash: 0x61f3e36e35c81af6790aad8dfed962543266340682ea5f2ea28dc69d186b17f5
[2m2025-12-10T10:13:39.742537Z[0m [34mDEBUG[0m [2mhyper::client::pool[0m[2m:[0m reuse idle connection for ("http", 192.168.0.14:8545)
[2m2025-12-10T10:13:39.742569Z[0m [34mDEBUG[0m [2mhyper::proto::h1::io[0m[2m:[0m flushed 250 bytes
[2m2025-12-10T10:13:39.742584Z[0m [34mDEBUG[0m [2mhyper::client::pool[0m[2m:[0m reuse idle connection for ("http", 192.168.0.14:8545)
[2m2025-12-10T10:13:39.742597Z[0m [34mDEBUG[0m [2mhyper::proto::h1::io[0m[2m:[0m flushed 172 bytes
[2m2025-12-10T10:13:39.742597Z[0m [34mDEBUG[0m [2methereum_transaction_pool_monitor::eth_client[0m[2m:[0m 📨 Received WebSocket message: {"jsonrpc":"2.0","method":"eth_subscription","params":{"subscription":"0xbed0a0851463e895960a451075a301a9","result":"0x262e3cad628bb5ffcaf4fbf09858fe53f387e80925f98b4d78bb7a6ff68f0989"}}
[2m2025-12-10T10:13:39.742608Z[0m [34mDEBUG[0m [2methereum_transaction_pool_monitor::eth_client[0m[2m:[0m 📨 Received pending transaction: 0x262e3cad628bb5ffcaf4fbf09858fe53f387e80925f98b4d78bb7a6ff68f0989
[2m2025-12-10T10:13:39.747930Z[0m [34mDEBUG[0m [2mhyper::proto::h1::io[0m[2m:[0m parsed 4 headers
[2m2025-12-10T10:13:39.747942Z[0m [34mDEBUG[0m [2mhyper::proto::h1::conn[0m[2m:[0m incoming body is content-length (1226 bytes)
[2m2025-12-10T10:13:39.747948Z[0m [34mDEBUG[0m [2mhyper::proto::h1::conn[0m[2m:[0m incoming body completed
[2m2025-12-10T10:13:39.747956Z[0m [34mDEBUG[0m [2mhyper::client::pool[0m[2m:[0m pooling idle connection for ("http", 192.168.0.14:8545)
[2m2025-12-10T10:13:39.747961Z[0m [34mDEBUG[0m [2methereum_transaction_pool_monitor::eth_client[0m[2m:[0m 📡 Transaction fetch RPC completed in 5.438041ms
[2m2025-12-10T10:13:39.747980Z[0m [34mDEBUG[0m [2methereum_transaction_pool_monitor::eth_client[0m[2m:[0m DeFi transaction detected - Address: 0x7a250d5630b4cf539739df2c5dacb4c659f2488d, Type: DexRouter, Value: 0 ETH, Gas: 0.17 Gwei
[2m2025-12-10T10:13:39.747989Z[0m [34mDEBUG[0m [2methereum_transaction_pool_monitor::eth_client[0m[2m:[0m ✅ Transaction 0x61f3e36e35c81af6790aad8dfed962543266340682ea5f2ea28dc69d186b17f5 fetched and parsed in 5.465541ms
[2m2025-12-10T10:13:39.747993Z[0m [34mDEBUG[0m [2methereum_transaction_pool_monitor::mempool_monitor[0m[2m:[0m 🔍 Skipping tx 0x61f3e36e35c81af6790aad8dfed962543266340682ea5f2ea28dc69d186b17f5 - not a DEX interaction (target: 0x7a250d5630B4cF539739dF2C5dAcb4c659F2488D)
[2m2025-12-10T10:13:39.748000Z[0m [34mDEBUG[0m [2methereum_transaction_pool_monitor::mempool_monitor[0m[2m:[0m 📨 Processing new pending transaction: 0xd49cbf7c1ad3f95c69ce33e2af087d9bd2a47be16233eb7350727c7e2a4b4ce9
[2m2025-12-10T10:13:39.748002Z[0m [34mDEBUG[0m [2methereum_transaction_pool_monitor::mempool_monitor[0m[2m:[0m 🔍 Fetching transaction details for: 0xd49cbf7c1ad3f95c69ce33e2af087d9bd2a47be16233eb7350727c7e2a4b4ce9
[2m2025-12-10T10:13:39.748005Z[0m [34mDEBUG[0m [2methereum_transaction_pool_monitor::eth_client[0m[2m:[0m 🔍 Fetching transaction details for hash: 0xd49cbf7c1ad3f95c69ce33e2af087d9bd2a47be16233eb7350727c7e2a4b4ce9
[2m2025-12-10T10:13:39.748015Z[0m [34mDEBUG[0m [2mhyper::client::pool[0m[2m:[0m reuse idle connection for ("http", 192.168.0.14:8545)
[2m2025-12-10T10:13:39.748039Z[0m [34mDEBUG[0m [2mhyper::proto::h1::io[0m[2m:[0m flushed 250 bytes
[2m2025-12-10T10:13:39.749317Z[0m [34mDEBUG[0m [2mhyper::proto::h1::io[0m[2m:[0m parsed 4 headers
[2m2025-12-10T10:13:39.749323Z[0m [34mDEBUG[0m [2mhyper::proto::h1::conn[0m[2m:[0m incoming body is content-length (45 bytes)
[2m2025-12-10T10:13:39.749327Z[0m [34mDEBUG[0m [2mhyper::proto::h1::conn[0m[2m:[0m incoming body completed
[2m2025-12-10T10:13:39.749333Z[0m [34mDEBUG[0m [2mhyper::client::pool[0m[2m:[0m pooling idle connection for ("http", 192.168.0.14:8545)
[2m2025-12-10T10:13:39.755486Z[0m [34mDEBUG[0m [2mhyper::proto::h1::io[0m[2m:[0m parsed 4 headers
[2m2025-12-10T10:13:39.755495Z[0m [34mDEBUG[0m [2mhyper::proto::h1::conn[0m[2m:[0m incoming body is content-length (973 bytes)
[2m2025-12-10T10:13:39.755501Z[0m [34mDEBUG[0m [2mhyper::proto::h1::conn[0m[2m:[0m incoming body completed
[2m2025-12-10T10:13:39.755509Z[0m [34mDEBUG[0m [2mhyper::client::pool[0m[2m:[0m pooling idle connection for ("http", 192.168.0.14:8545)
[2m2025-12-10T10:13:39.755514Z[0m [34mDEBUG[0m [2methereum_transaction_pool_monitor::eth_client[0m[2m:[0m 📡 Transaction fetch RPC completed in 7.506667ms
[2m2025-12-10T10:13:39.824905Z[0m [34mDEBUG[0m [2methereum_transaction_pool_monitor::eth_client[0m[2m:[0m ✅ Transaction 0xd49cbf7c1ad3f95c69ce33e2af087d9bd2a47be16233eb7350727c7e2a4b4ce9 fetched and parsed in 76.895084ms
[2m2025-12-10T10:13:39.824919Z[0m [34mDEBUG[0m [2methereum_transaction_pool_monitor::mempool_monitor[0m[2m:[0m 🔍 Skipping tx 0xd49cbf7c1ad3f95c69ce33e2af087d9bd2a47be16233eb7350727c7e2a4b4ce9 - not a DEX interaction (target: 0x3B4D794a66304F130a4Db8F2551B0070dfCf5ca7)
[2m2025-12-10T10:13:39.824927Z[0m [34mDEBUG[0m [2methereum_transaction_pool_monitor::mempool_monitor[0m[2m:[0m 📨 Processing new pending transaction: 0x7ff9bc3edd13ae5e6220c2bd5bc0df3bdde01de528be52b385c64c4846a5f717
[2m2025-12-10T10:13:39.824933Z[0m [34mDEBUG[0m [2methereum_transaction_pool_monitor::mempool_monitor[0m[2m:[0m 🔍 Fetching transaction details for: 0x7ff9bc3edd13ae5e6220c2bd5bc0df3bdde01de528be52b385c64c4846a5f717
[2m2025-12-10T10:13:39.824936Z[0m [34mDEBUG[0m [2methereum_transaction_pool_monitor::eth_client[0m[2m:[0m 🔍 Fetching transaction details for hash: 0x7ff9bc3edd13ae5e6220c2bd5bc0df3bdde01de528be52b385c64c4846a5f717
[2m2025-12-10T10:13:39.824963Z[0m [34mDEBUG[0m [2mhyper::client::pool[0m[2m:[0m reuse idle connection for ("http", 192.168.0.14:8545)
[2m2025-12-10T10:13:39.824995Z[0m [34mDEBUG[0m [2mhyper::proto::h1::io[0m[2m:[0m flushed 250 bytes
[2m2025-12-10T10:13:39.825018Z[0m [34mDEBUG[0m [2mhyper::client::pool[0m[2m:[0m reuse idle connection for ("http", 192.168.0.14:8545)
[2m2025-12-10T10:13:39.825030Z[0m [34mDEBUG[0m [2mhyper::proto::h1::io[0m[2m:[0m flushed 172 bytes
[2m2025-12-10T10:13:39.827953Z[0m [34mDEBUG[0m [2mhyper::proto::h1::io[0m[2m:[0m parsed 4 headers
[2m2025-12-10T10:13:39.827965Z[0m [34mDEBUG[0m [2mhyper::proto::h1::conn[0m[2m:[0m incoming body is content-length (1241 bytes)
[2m2025-12-10T10:13:39.827971Z[0m [34mDEBUG[0m [2mhyper::proto::h1::conn[0m[2m:[0m incoming body completed
[2m2025-12-10T10:13:39.827979Z[0m [34mDEBUG[0m [2mhyper::client::pool[0m[2m:[0m pooling idle connection for ("http", 192.168.0.14:8545)
[2m2025-12-10T10:13:39.827985Z[0m [34mDEBUG[0m [2methereum_transaction_pool_monitor::eth_client[0m[2m:[0m 📡 Transaction fetch RPC completed in 3.036042ms
[2m2025-12-10T10:13:39.896777Z[0m [34mDEBUG[0m [2methereum_transaction_pool_monitor::eth_client[0m[2m:[0m ✅ Transaction 0x7ff9bc3edd13ae5e6220c2bd5bc0df3bdde01de528be52b385c64c4846a5f717 fetched and parsed in 71.826583ms
[2m2025-12-10T10:13:39.896790Z[0m [34mDEBUG[0m [2methereum_transaction_pool_monitor::mempool_monitor[0m[2m:[0m 🔍 Skipping tx 0x7ff9bc3edd13ae5e6220c2bd5bc0df3bdde01de528be52b385c64c4846a5f717 - not a DEX interaction (target: 0xB685760EBD368a891F27ae547391F4E2A289895b)
[2m2025-12-10T10:13:39.896797Z[0m [34mDEBUG[0m [2methereum_transaction_pool_monitor::mempool_monitor[0m[2m:[0m 📨 Processing new pending transaction: 0x07f37e23e868544133071efc728e82985a445b07b17e6e4d892c4e4d80f9842c
[2m2025-12-10T10:13:39.896801Z[0m [34mDEBUG[0m [2methereum_transaction_pool_monitor::mempool_monitor[0m[2m:[0m 🔍 Fetching transaction details for: 0x07f37e23e868544133071efc728e82985a445b07b17e6e4d892c4e4d80f9842c
[2m2025-12-10T10:13:39.896804Z[0m [34mDEBUG[0m [2methereum_transaction_pool_monitor::eth_client[0m[2m:[0m 🔍 Fetching transaction details for hash: 0x07f37e23e868544133071efc728e82985a445b07b17e6e4d892c4e4d80f9842c
[2m2025-12-10T10:13:39.896822Z[0m [34mDEBUG[0m [2mhyper::client::pool[0m[2m:[0m reuse idle connection for ("http", 192.168.0.14:8545)
[2m2025-12-10T10:13:39.896846Z[0m [34mDEBUG[0m [2mhyper::proto::h1::io[0m[2m:[0m flushed 250 bytes
[2m2025-12-10T10:13:39.896858Z[0m [34mDEBUG[0m [2mhyper::proto::h1::io[0m[2m:[0m parsed 4 headers
[2m2025-12-10T10:13:39.896860Z[0m [34mDEBUG[0m [2mhyper::proto::h1::conn[0m[2m:[0m incoming body is content-length (45 bytes)
[2m2025-12-10T10:13:39.896865Z[0m [34mDEBUG[0m [2mhyper::proto::h1::conn[0m[2m:[0m incoming body completed
[2m2025-12-10T10:13:39.896871Z[0m [34mDEBUG[0m [2mhyper::client::pool[0m[2m:[0m pooling idle connection for ("http", 192.168.0.14:8545)
[2m2025-12-10T10:13:39.899142Z[0m [34mDEBUG[0m [2mhyper::client::pool[0m[2m:[0m reuse idle connection for ("http", 192.168.0.14:8545)
[2m2025-12-10T10:13:39.899157Z[0m [34mDEBUG[0m [2mhyper::proto::h1::io[0m[2m:[0m flushed 172 bytes
[2m2025-12-10T10:13:39.901208Z[0m [34mDEBUG[0m [2mhyper::proto::h1::io[0m[2m:[0m parsed 4 headers
[2m2025-12-10T10:13:39.901212Z[0m [34mDEBUG[0m [2mhyper::proto::h1::conn[0m[2m:[0m incoming body is content-length (4942 bytes)
[2m2025-12-10T10:13:39.901216Z[0m [34mDEBUG[0m [2mhyper::proto::h1::conn[0m[2m:[0m incoming body completed
[2m2025-12-10T10:13:39.901221Z[0m [34mDEBUG[0m [2mhyper::client::pool[0m[2m:[0m pooling idle connection for ("http", 192.168.0.14:8545)
[2m2025-12-10T10:13:39.901225Z[0m [34mDEBUG[0m [2methereum_transaction_pool_monitor::eth_client[0m[2m:[0m 📡 Transaction fetch RPC completed in 4.414084ms
[2m2025-12-10T10:13:39.973709Z[0m [34mDEBUG[0m [2methereum_transaction_pool_monitor::eth_client[0m[2m:[0m ✅ Transaction 0x07f37e23e868544133071efc728e82985a445b07b17e6e4d892c4e4d80f9842c fetched and parsed in 76.894667ms
[2m2025-12-10T10:13:39.973742Z[0m [34mDEBUG[0m [2methereum_transaction_pool_monitor::mempool_monitor[0m[2m:[0m 🔍 Skipping tx 0x07f37e23e868544133071efc728e82985a445b07b17e6e4d892c4e4d80f9842c - not a DEX interaction (target: 0x0000000000001fF3684f28c67538d4D072C22734)
[2m2025-12-10T10:13:39.973754Z[0m [34mDEBUG[0m [2methereum_transaction_pool_monitor::mempool_monitor[0m[2m:[0m 📨 Processing new pending transaction: 0x71df90bdca6aef175e89397b8c80466051a0d59f0b1504ec6f7fb0b29c63c124
[2m2025-12-10T10:13:39.973762Z[0m [34mDEBUG[0m [2methereum_transaction_pool_monitor::mempool_monitor[0m[2m:[0m 🔍 Fetching transaction details for: 0x71df90bdca6aef175e89397b8c80466051a0d59f0b1504ec6f7fb0b29c63c124
[2m2025-12-10T10:13:39.973767Z[0m [34mDEBUG[0m [2methereum_transaction_pool_monitor::eth_client[0m[2m:[0m 🔍 Fetching transaction details for hash: 0x71df90bdca6aef175e89397b8c80466051a0d59f0b1504ec6f7fb0b29c63c124
[2m2025-12-10T10:13:39.973783Z[0m [34mDEBUG[0m [2mhyper::client::pool[0m[2m:[0m reuse idle connection for ("http", 192.168.0.14:8545)
[2m2025-12-10T10:13:39.973821Z[0m [34mDEBUG[0m [2mhyper::proto::h1::io[0m[2m:[0m flushed 250 bytes
[2m2025-12-10T10:13:39.973834Z[0m [34mDEBUG[0m [2mhyper::proto::h1::io[0m[2m:[0m parsed 4 headers
[2m2025-12-10T10:13:39.973839Z[0m [34mDEBUG[0m [2mhyper::proto::h1::conn[0m[2m:[0m incoming body is content-length (45 bytes)
[2m2025-12-10T10:13:39.973844Z[0m [34mDEBUG[0m [2mhyper::proto::h1::conn[0m[2m:[0m incoming body completed
[2m2025-12-10T10:13:39.973851Z[0m [34mDEBUG[0m [2mhyper::client::pool[0m[2m:[0m pooling idle connection for ("http", 192.168.0.14:8545)
[2m2025-12-10T10:13:39.978746Z[0m [34mDEBUG[0m [2mhyper::proto::h1::io[0m[2m:[0m parsed 4 headers
[2m2025-12-10T10:13:39.978751Z[0m [34mDEBUG[0m [2mhyper::proto::h1::conn[0m[2m:[0m incoming body is content-length (718 bytes)
[2m2025-12-10T10:13:39.978755Z[0m [34mDEBUG[0m [2mhyper::proto::h1::conn[0m[2m:[0m incoming body completed
[2m2025-12-10T10:13:39.978759Z[0m [34mDEBUG[0m [2mhyper::client::pool[0m[2m:[0m pooling idle connection for ("http", 192.168.0.14:8545)
[2m2025-12-10T10:13:39.978763Z[0m [34mDEBUG[0m [2methereum_transaction_pool_monitor::eth_client[0m[2m:[0m 📡 Transaction fetch RPC completed in 4.991625ms
[2m2025-12-10T10:13:40.048603Z[0m [34mDEBUG[0m [2methereum_transaction_pool_monitor::eth_client[0m[2m:[0m ✅ Transaction 0x71df90bdca6aef175e89397b8c80466051a0d59f0b1504ec6f7fb0b29c63c124 fetched and parsed in 74.829166ms
[2m2025-12-10T10:13:40.048627Z[0m [34mDEBUG[0m [2methereum_transaction_pool_monitor::mempool_monitor[0m[2m:[0m 🔍 Skipping tx 0x71df90bdca6aef175e89397b8c80466051a0d59f0b1504ec6f7fb0b29c63c124 - not a DEX interaction (target: 0x3ff50430d4EC65D211E37DCD0145b76f04409e95)
[2m2025-12-10T10:13:40.048637Z[0m [34mDEBUG[0m [2methereum_transaction_pool_monitor::mempool_monitor[0m[2m:[0m 📨 Processing new pending transaction: 0xdd9ac1d9b14c7ef8735d78e490d73a0b1145f025d1677f630d6e2525453e55d1
[2m2025-12-10T10:13:40.048642Z[0m [34mDEBUG[0m [2methereum_transaction_pool_monitor::mempool_monitor[0m[2m:[0m 🔍 Fetching transaction details for: 0xdd9ac1d9b14c7ef8735d78e490d73a0b1145f025d1677f630d6e2525453e55d1
[2m2025-12-10T10:13:40.048648Z[0m [34mDEBUG[0m [2methereum_transaction_pool_monitor::eth_client[0m[2m:[0m 🔍 Fetching transaction details for hash: 0xdd9ac1d9b14c7ef8735d78e490d73a0b1145f025d1677f630d6e2525453e55d1
[2m2025-12-10T10:13:40.048666Z[0m [34mDEBUG[0m [2mhyper::client::pool[0m[2m:[0m reuse idle connection for ("http", 192.168.0.14:8545)
[2m2025-12-10T10:13:40.048708Z[0m [34mDEBUG[0m [2mhyper::proto::h1::io[0m[2m:[0m flushed 250 bytes
[2m2025-12-10T10:13:40.048726Z[0m [34mDEBUG[0m [2mhyper::client::pool[0m[2m:[0m reuse idle connection for ("http", 192.168.0.14:8545)
[2m2025-12-10T10:13:40.048741Z[0m [34mDEBUG[0m [2methereum_transaction_pool_monitor::eth_client[0m[2m:[0m 📨 Received WebSocket message: {"jsonrpc":"2.0","method":"eth_subscription","params":{"subscription":"0xbed0a0851463e895960a451075a301a9","result":"0x9c77e5cc8ff99f6a9e21e090f7143fdf228d44b9fc2bbe552098147e210b9649"}}
[2m2025-12-10T10:13:40.048818Z[0m [34mDEBUG[0m [2methereum_transaction_pool_monitor::eth_client[0m[2m:[0m 📨 Received pending transaction: 0x9c77e5cc8ff99f6a9e21e090f7143fdf228d44b9fc2bbe552098147e210b9649
[2m2025-12-10T10:13:40.048822Z[0m [34mDEBUG[0m [2mhyper::proto::h1::io[0m[2m:[0m flushed 172 bytes
[2m2025-12-10T10:13:40.054102Z[0m [34mDEBUG[0m [2mhyper::proto::h1::io[0m[2m:[0m parsed 4 headers
[2m2025-12-10T10:13:40.054107Z[0m [34mDEBUG[0m [2mhyper::proto::h1::conn[0m[2m:[0m incoming body is content-length (1660 bytes)
[2m2025-12-10T10:13:40.054119Z[0m [34mDEBUG[0m [2methereum_transaction_pool_monitor::eth_client[0m[2m:[0m 📡 Transaction fetch RPC completed in 5.466667ms
[2m2025-12-10T10:13:40.058227Z[0m [34mDEBUG[0m [2mhyper::proto::h1::conn[0m[2m:[0m incoming body completed
[2m2025-12-10T10:13:40.058234Z[0m [34mDEBUG[0m [2mhyper::client::pool[0m[2m:[0m pooling idle connection for ("http", 192.168.0.14:8545)
[2m2025-12-10T10:13:40.058244Z[0m [34mDEBUG[0m [2mhyper::proto::h1::io[0m[2m:[0m parsed 4 headers
[2m2025-12-10T10:13:40.058247Z[0m [34mDEBUG[0m [2mhyper::proto::h1::conn[0m[2m:[0m incoming body is content-length (45 bytes)
[2m2025-12-10T10:13:40.058251Z[0m [34mDEBUG[0m [2mhyper::proto::h1::conn[0m[2m:[0m incoming body completed
[2m2025-12-10T10:13:40.058252Z[0m [34mDEBUG[0m [2methereum_transaction_pool_monitor::eth_client[0m[2m:[0m DeFi transaction detected - Address: 0xe592427a0aece92de3edee1f18e0157c05861564, Type: DexRouter, Value: 0.0051 ETH, Gas: 0.34 Gwei
[2m2025-12-10T10:13:40.058255Z[0m [34mDEBUG[0m [2mhyper::client::pool[0m[2m:[0m pooling idle connection for ("http", 192.168.0.14:8545)
[2m2025-12-10T10:13:40.058266Z[0m [34mDEBUG[0m [2methereum_transaction_pool_monitor::eth_client[0m[2m:[0m ✅ Transaction 0xdd9ac1d9b14c7ef8735d78e490d73a0b1145f025d1677f630d6e2525453e55d1 fetched and parsed in 9.613125ms
[2m2025-12-10T10:13:40.058273Z[0m [34mDEBUG[0m [2methereum_transaction_pool_monitor::mempool_monitor[0m[2m:[0m 🔍 Skipping tx 0xdd9ac1d9b14c7ef8735d78e490d73a0b1145f025d1677f630d6e2525453e55d1 - not a DEX interaction (target: 0xE592427A0AEce92De3Edee1F18E0157C05861564)
[2m2025-12-10T10:13:40.058279Z[0m [34mDEBUG[0m [2methereum_transaction_pool_monitor::mempool_monitor[0m[2m:[0m 📨 Processing new pending transaction: 0x17ac7de6bc9f2d2e0af56c2fe723bd3b20dd208518a71922c4c248adcf633091
[2m2025-12-10T10:13:40.058284Z[0m [34mDEBUG[0m [2methereum_transaction_pool_monitor::mempool_monitor[0m[2m:[0m 🔍 Fetching transaction details for: 0x17ac7de6bc9f2d2e0af56c2fe723bd3b20dd208518a71922c4c248adcf633091
[2m2025-12-10T10:13:40.058287Z[0m [34mDEBUG[0m [2methereum_transaction_pool_monitor::eth_client[0m[2m:[0m 🔍 Fetching transaction details for hash: 0x17ac7de6bc9f2d2e0af56c2fe723bd3b20dd208518a71922c4c248adcf633091
[2m2025-12-10T10:13:40.058295Z[0m [34mDEBUG[0m [2mhyper::client::pool[0m[2m:[0m reuse idle connection for ("http", 192.168.0.14:8545)
[2m2025-12-10T10:13:40.058308Z[0m [34mDEBUG[0m [2mhyper::proto::h1::io[0m[2m:[0m flushed 250 bytes
[2m2025-12-10T10:13:40.066206Z[0m [34mDEBUG[0m [2mhyper::proto::h1::io[0m[2m:[0m parsed 4 headers
[2m2025-12-10T10:13:40.066211Z[0m [34mDEBUG[0m [2mhyper::proto::h1::conn[0m[2m:[0m incoming body is content-length (1349 bytes)
[2m2025-12-10T10:13:40.066218Z[0m [34mDEBUG[0m [2methereum_transaction_pool_monitor::eth_client[0m[2m:[0m 📡 Transaction fetch RPC completed in 7.928666ms
[2m2025-12-10T10:13:40.067973Z[0m [34mDEBUG[0m [2mhyper::proto::h1::conn[0m[2m:[0m incoming body completed
[2m2025-12-10T10:13:40.067983Z[0m [34mDEBUG[0m [2mhyper::client::pool[0m[2m:[0m pooling idle connection for ("http", 192.168.0.14:8545)
[2m2025-12-10T10:13:40.099047Z[0m [34mDEBUG[0m [2mhyper::client::pool[0m[2m:[0m reuse idle connection for ("http", 192.168.0.14:8545)
[2m2025-12-10T10:13:40.099103Z[0m [34mDEBUG[0m [2mhyper::proto::h1::io[0m[2m:[0m flushed 172 bytes
[2m2025-12-10T10:13:40.102277Z[0m [34mDEBUG[0m [2mhyper::proto::h1::io[0m[2m:[0m parsed 4 headers
[2m2025-12-10T10:13:40.102284Z[0m [34mDEBUG[0m [2mhyper::proto::h1::conn[0m[2m:[0m incoming body is content-length (45 bytes)
[2m2025-12-10T10:13:40.102289Z[0m [34mDEBUG[0m [2mhyper::proto::h1::conn[0m[2m:[0m incoming body completed
[2m2025-12-10T10:13:40.102296Z[0m [34mDEBUG[0m [2mhyper::client::pool[0m[2m:[0m pooling idle connection for ("http", 192.168.0.14:8545)
[2m2025-12-10T10:13:40.140689Z[0m [34mDEBUG[0m [2methereum_transaction_pool_monitor::eth_client[0m[2m:[0m ✅ Transaction 0x17ac7de6bc9f2d2e0af56c2fe723bd3b20dd208518a71922c4c248adcf633091 fetched and parsed in 82.397208ms
[2m2025-12-10T10:13:40.140707Z[0m [34mDEBUG[0m [2methereum_transaction_pool_monitor::mempool_monitor[0m[2m:[0m 🔍 Skipping tx 0x17ac7de6bc9f2d2e0af56c2fe723bd3b20dd208518a71922c4c248adcf633091 - not a DEX interaction (target: 0xEff6cb8b614999d130E537751Ee99724D01aA167)
[2m2025-12-10T10:13:40.140716Z[0m [34mDEBUG[0m [2methereum_transaction_pool_monitor::mempool_monitor[0m[2m:[0m 📨 Processing new pending transaction: 0x94f44675ffc2b53243e7e6212c7819a68ebd13e09b7ebad568d4dc3b7904cca9
[2m2025-12-10T10:13:40.140721Z[0m [34mDEBUG[0m [2methereum_transaction_pool_monitor::mempool_monitor[0m[2m:[0m 🔍 Fetching transaction details for: 0x94f44675ffc2b53243e7e6212c7819a68ebd13e09b7ebad568d4dc3b7904cca9
[2m2025-12-10T10:13:40.140725Z[0m [34mDEBUG[0m [2methereum_transaction_pool_monitor::eth_client[0m[2m:[0m 🔍 Fetching transaction details for hash: 0x94f44675ffc2b53243e7e6212c7819a68ebd13e09b7ebad568d4dc3b7904cca9
[2m2025-12-10T10:13:40.140742Z[0m [34mDEBUG[0m [2mhyper::client::pool[0m[2m:[0m reuse idle connection for ("http", 192.168.0.14:8545)
[2m2025-12-10T10:13:40.140768Z[0m [34mDEBUG[0m [2mhyper::proto::h1::io[0m[2m:[0m flushed 250 bytes
[2m2025-12-10T10:13:40.147287Z[0m [34mDEBUG[0m [2mhyper::proto::h1::io[0m[2m:[0m parsed 4 headers
[2m2025-12-10T10:13:40.147293Z[0m [34mDEBUG[0m [2mhyper::proto::h1::conn[0m[2m:[0m incoming body is content-length (851 bytes)
[2m2025-12-10T10:13:40.147299Z[0m [34mDEBUG[0m [2mhyper::proto::h1::conn[0m[2m:[0m incoming body completed
[2m2025-12-10T10:13:40.147306Z[0m [34mDEBUG[0m [2mhyper::client::pool[0m[2m:[0m pooling idle connection for ("http", 192.168.0.14:8545)
[2m2025-12-10T10:13:40.147311Z[0m [34mDEBUG[0m [2methereum_transaction_pool_monitor::eth_client[0m[2m:[0m 📡 Transaction fetch RPC completed in 6.581958ms
[2m2025-12-10T10:13:40.215351Z[0m [34mDEBUG[0m [2methereum_transaction_pool_monitor::eth_client[0m[2m:[0m ✅ Transaction 0x94f44675ffc2b53243e7e6212c7819a68ebd13e09b7ebad568d4dc3b7904cca9 fetched and parsed in 74.619416ms
[2m2025-12-10T10:13:40.215365Z[0m [34mDEBUG[0m [2methereum_transaction_pool_monitor::mempool_monitor[0m[2m:[0m 🔍 Skipping tx 0x94f44675ffc2b53243e7e6212c7819a68ebd13e09b7ebad568d4dc3b7904cca9 - not a DEX interaction (target: 0x808507121B80c02388fAd14726482e061B8da827)
[2m2025-12-10T10:13:40.215374Z[0m [34mDEBUG[0m [2methereum_transaction_pool_monitor::mempool_monitor[0m[2m:[0m 📨 Processing new pending transaction: 0x0437d7568dc3a134d269822120ca8c417bee954bf893bb717d60e8ede141e5b4
[2m2025-12-10T10:13:40.215378Z[0m [34mDEBUG[0m [2methereum_transaction_pool_monitor::mempool_monitor[0m[2m:[0m 🔍 Fetching transaction details for: 0x0437d7568dc3a134d269822120ca8c417bee954bf893bb717d60e8ede141e5b4
[2m2025-12-10T10:13:40.215381Z[0m [34mDEBUG[0m [2methereum_transaction_pool_monitor::eth_client[0m[2m:[0m 🔍 Fetching transaction details for hash: 0x0437d7568dc3a134d269822120ca8c417bee954bf893bb717d60e8ede141e5b4
[2m2025-12-10T10:13:40.215405Z[0m [34mDEBUG[0m [2mhyper::client::pool[0m[2m:[0m reuse idle connection for ("http", 192.168.0.14:8545)
[2m2025-12-10T10:13:40.215426Z[0m [34mDEBUG[0m [2mhyper::proto::h1::io[0m[2m:[0m flushed 250 bytes
[2m2025-12-10T10:13:40.215440Z[0m [34mDEBUG[0m [2mhyper::client::pool[0m[2m:[0m reuse idle connection for ("http", 192.168.0.14:8545)
[2m2025-12-10T10:13:40.215452Z[0m [34mDEBUG[0m [2methereum_transaction_pool_monitor::eth_client[0m[2m:[0m 📨 Received WebSocket message: {"jsonrpc":"2.0","method":"eth_subscription","params":{"subscription":"0xbed0a0851463e895960a451075a301a9","result":"0xb215a649d0d06c6958a103b69bae41c94337a538ec89ef7054d47444f39012e4"}}
[2m2025-12-10T10:13:40.215463Z[0m [34mDEBUG[0m [2methereum_transaction_pool_monitor::eth_client[0m[2m:[0m 📨 Received pending transaction: 0xb215a649d0d06c6958a103b69bae41c94337a538ec89ef7054d47444f39012e4
[2m2025-12-10T10:13:40.215470Z[0m [34mDEBUG[0m [2methereum_transaction_pool_monitor::eth_client[0m[2m:[0m 📨 Received WebSocket message: {"jsonrpc":"2.0","method":"eth_subscription","params":{"subscription":"0xbed0a0851463e895960a451075a301a9","result":"0xaedc4c63d70038256cbf5961e398c4a110b86ba0ffc668294d1ae68f77c714ef"}}
[2m2025-12-10T10:13:40.215477Z[0m [34mDEBUG[0m [2methereum_transaction_pool_monitor::eth_client[0m[2m:[0m 📨 Received pending transaction: 0xaedc4c63d70038256cbf5961e398c4a110b86ba0ffc668294d1ae68f77c714ef
[2m2025-12-10T10:13:40.215453Z[0m [34mDEBUG[0m [2mhyper::proto::h1::io[0m[2m:[0m flushed 172 bytes
[2m2025-12-10T10:13:40.222795Z[0m [34mDEBUG[0m [2mhyper::proto::h1::io[0m[2m:[0m parsed 4 headers
[2m2025-12-10T10:13:40.222801Z[0m [34mDEBUG[0m [2mhyper::proto::h1::conn[0m[2m:[0m incoming body is content-length (2585 bytes)
[2m2025-12-10T10:13:40.222809Z[0m [34mDEBUG[0m [2mhyper::proto::h1::conn[0m[2m:[0m incoming body completed
[2m2025-12-10T10:13:40.222816Z[0m [34mDEBUG[0m [2mhyper::client::pool[0m[2m:[0m pooling idle connection for ("http", 192.168.0.14:8545)
[2m2025-12-10T10:13:40.222822Z[0m [34mDEBUG[0m [2methereum_transaction_pool_monitor::eth_client[0m[2m:[0m 📡 Transaction fetch RPC completed in 7.429542ms
[2m2025-12-10T10:13:40.222825Z[0m [34mDEBUG[0m [2mhyper::proto::h1::io[0m[2m:[0m parsed 4 headers
[2m2025-12-10T10:13:40.222854Z[0m [34mDEBUG[0m [2mhyper::proto::h1::conn[0m[2m:[0m incoming body is content-length (45 bytes)
[2m2025-12-10T10:13:40.222866Z[0m [34mDEBUG[0m [2mhyper::proto::h1::conn[0m[2m:[0m incoming body completed
[2m2025-12-10T10:13:40.222880Z[0m [34mDEBUG[0m [2mhyper::client::pool[0m[2m:[0m pooling idle connection for ("http", 192.168.0.14:8545)
[2m2025-12-10T10:13:40.294608Z[0m [34mDEBUG[0m [2methereum_transaction_pool_monitor::eth_client[0m[2m:[0m ✅ Transaction 0x0437d7568dc3a134d269822120ca8c417bee954bf893bb717d60e8ede141e5b4 fetched and parsed in 79.212667ms
[2m2025-12-10T10:13:40.294623Z[0m [34mDEBUG[0m [2methereum_transaction_pool_monitor::mempool_monitor[0m[2m:[0m 🔍 Skipping tx 0x0437d7568dc3a134d269822120ca8c417bee954bf893bb717d60e8ede141e5b4 - not a DEX interaction (target: 0x69460570c93f9DE5E2edbC3052bf10125f0Ca22d)
[2m2025-12-10T10:13:40.294634Z[0m [34mDEBUG[0m [2methereum_transaction_pool_monitor::mempool_monitor[0m[2m:[0m 📨 Processing new pending transaction: 0x6245f32c353082df65644866ccc6664b6988f996585e1d5342c71ce5dd845f22
[2m2025-12-10T10:13:40.294638Z[0m [34mDEBUG[0m [2methereum_transaction_pool_monitor::mempool_monitor[0m[2m:[0m 🔍 Fetching transaction details for: 0x6245f32c353082df65644866ccc6664b6988f996585e1d5342c71ce5dd845f22
[2m2025-12-10T10:13:40.294642Z[0m [34mDEBUG[0m [2methereum_transaction_pool_monitor::eth_client[0m[2m:[0m 🔍 Fetching transaction details for hash: 0x6245f32c353082df65644866ccc6664b6988f996585e1d5342c71ce5dd845f22
[2m2025-12-10T10:13:40.294659Z[0m [34mDEBUG[0m [2mhyper::client::pool[0m[2m:[0m reuse idle connection for ("http", 192.168.0.14:8545)
[2m2025-12-10T10:13:40.294688Z[0m [34mDEBUG[0m [2mhyper::proto::h1::io[0m[2m:[0m flushed 250 bytes
[2m2025-12-10T10:13:40.299942Z[0m [34mDEBUG[0m [2mhyper::client::pool[0m[2m:[0m reuse idle connection for ("http", 192.168.0.14:8545)
[2m2025-12-10T10:13:40.299961Z[0m [34mDEBUG[0m [2mhyper::proto::h1::io[0m[2m:[0m flushed 172 bytes
[2m2025-12-10T10:13:40.305478Z[0m [34mDEBUG[0m [2mhyper::proto::h1::io[0m[2m:[0m parsed 4 headers
[2m2025-12-10T10:13:40.305483Z[0m [34mDEBUG[0m [2mhyper::proto::h1::conn[0m[2m:[0m incoming body is content-length (2188 bytes)
[2m2025-12-10T10:13:40.305489Z[0m [34mDEBUG[0m [2mhyper::proto::h1::conn[0m[2m:[0m incoming body completed
[2m2025-12-10T10:13:40.305495Z[0m [34mDEBUG[0m [2mhyper::client::pool[0m[2m:[0m pooling idle connection for ("http", 192.168.0.14:8545)
[2m2025-12-10T10:13:40.305500Z[0m [34mDEBUG[0m [2methereum_transaction_pool_monitor::eth_client[0m[2m:[0m 📡 Transaction fetch RPC completed in 10.854667ms
[2m2025-12-10T10:13:40.378192Z[0m [34mDEBUG[0m [2methereum_transaction_pool_monitor::eth_client[0m[2m:[0m ✅ Transaction 0x6245f32c353082df65644866ccc6664b6988f996585e1d5342c71ce5dd845f22 fetched and parsed in 83.544ms
[2m2025-12-10T10:13:40.378213Z[0m [34mDEBUG[0m [2methereum_transaction_pool_monitor::mempool_monitor[0m[2m:[0m 🔍 Skipping tx 0x6245f32c353082df65644866ccc6664b6988f996585e1d5342c71ce5dd845f22 - not a DEX interaction (target: 0x0000000aa232009084Bd71A5797d089AA4Edfad4)
[2m2025-12-10T10:13:40.378222Z[0m [34mDEBUG[0m [2methereum_transaction_pool_monitor::mempool_monitor[0m[2m:[0m 📨 Processing new pending transaction: 0x8da7a786c6b8d27a8d6831b4c4ef64e094f1fe197807ca3aae2903c2d1ce974e
[2m2025-12-10T10:13:40.378227Z[0m [34mDEBUG[0m [2methereum_transaction_pool_monitor::mempool_monitor[0m[2m:[0m 🔍 Fetching transaction details for: 0x8da7a786c6b8d27a8d6831b4c4ef64e094f1fe197807ca3aae2903c2d1ce974e
[2m2025-12-10T10:13:40.378231Z[0m [34mDEBUG[0m [2methereum_transaction_pool_monitor::eth_client[0m[2m:[0m 🔍 Fetching transaction details for hash: 0x8da7a786c6b8d27a8d6831b4c4ef64e094f1fe197807ca3aae2903c2d1ce974e
[2m2025-12-10T10:13:40.378251Z[0m [34mDEBUG[0m [2mhyper::client::pool[0m[2m:[0m reuse idle connection for ("http", 192.168.0.14:8545)
[2m2025-12-10T10:13:40.378289Z[0m [34mDEBUG[0m [2mhyper::proto::h1::io[0m[2m:[0m flushed 250 bytes
[2m2025-12-10T10:13:40.378304Z[0m [34mDEBUG[0m [2mhyper::proto::h1::io[0m[2m:[0m parsed 4 headers
[2m2025-12-10T10:13:40.378307Z[0m [34mDEBUG[0m [2mhyper::proto::h1::conn[0m[2m:[0m incoming body is content-length (45 bytes)
[2m2025-12-10T10:13:40.378313Z[0m [34mDEBUG[0m [2mhyper::proto::h1::conn[0m[2m:[0m incoming body completed
[2m2025-12-10T10:13:40.378320Z[0m [34mDEBUG[0m [2mhyper::client::pool[0m[2m:[0m pooling idle connection for ("http", 192.168.0.14:8545)
[2m2025-12-10T10:13:40.382490Z[0m [34mDEBUG[0m [2mhyper::proto::h1::io[0m[2m:[0m parsed 4 headers
[2m2025-12-10T10:13:40.382494Z[0m [34mDEBUG[0m [2mhyper::proto::h1::conn[0m[2m:[0m incoming body is content-length (5647 bytes)
[2m2025-12-10T10:13:40.382503Z[0m [34mDEBUG[0m [2methereum_transaction_pool_monitor::eth_client[0m[2m:[0m 📡 Transaction fetch RPC completed in 4.267541ms
[2m2025-12-10T10:13:40.385495Z[0m [34mDEBUG[0m [2mhyper::proto::h1::conn[0m[2m:[0m incoming body completed
[2m2025-12-10T10:13:40.385503Z[0m [34mDEBUG[0m [2mhyper::client::pool[0m[2m:[0m pooling idle connection for ("http", 192.168.0.14:8545)
[2m2025-12-10T10:13:40.385520Z[0m [34mDEBUG[0m [2methereum_transaction_pool_monitor::eth_client[0m[2m:[0m DeFi transaction detected - Address: 0x881d40237659c251811cec9c364ef91dc08d300c, Type: DexRouter, Value: 0 ETH, Gas: 2.17 Gwei
[2m2025-12-10T10:13:40.385532Z[0m [34mDEBUG[0m [2methereum_transaction_pool_monitor::eth_client[0m[2m:[0m ✅ Transaction 0x8da7a786c6b8d27a8d6831b4c4ef64e094f1fe197807ca3aae2903c2d1ce974e fetched and parsed in 7.297083ms
[2m2025-12-10T10:13:40.385544Z[0m [34mDEBUG[0m [2methereum_transaction_pool_monitor::mempool_monitor[0m[2m:[0m 🔍 Skipping tx 0x8da7a786c6b8d27a8d6831b4c4ef64e094f1fe197807ca3aae2903c2d1ce974e - not a DEX interaction (target: 0x881D40237659C251811CEC9c364ef91dC08D300C)
[2m2025-12-10T10:13:40.385550Z[0m [34mDEBUG[0m [2methereum_transaction_pool_monitor::mempool_monitor[0m[2m:[0m 📨 Processing new pending transaction: 0x214af44724dc41a59f8b9d1f16326fe1ca984f8f1f9a9a70741667165f8ac611
[2m2025-12-10T10:13:40.385554Z[0m [34mDEBUG[0m [2methereum_transaction_pool_monitor::mempool_monitor[0m[2m:[0m 🔍 Fetching transaction details for: 0x214af44724dc41a59f8b9d1f16326fe1ca984f8f1f9a9a70741667165f8ac611
[2m2025-12-10T10:13:40.385556Z[0m [34mDEBUG[0m [2methereum_transaction_pool_monitor::eth_client[0m[2m:[0m 🔍 Fetching transaction details for hash: 0x214af44724dc41a59f8b9d1f16326fe1ca984f8f1f9a9a70741667165f8ac611
[2m2025-12-10T10:13:40.385566Z[0m [34mDEBUG[0m [2mhyper::client::pool[0m[2m:[0m reuse idle connection for ("http", 192.168.0.14:8545)
[2m2025-12-10T10:13:40.385579Z[0m [34mDEBUG[0m [2mhyper::proto::h1::io[0m[2m:[0m flushed 250 bytes
[2m2025-12-10T10:13:40.390408Z[0m [34mDEBUG[0m [2mhyper::proto::h1::io[0m[2m:[0m parsed 4 headers
[2m2025-12-10T10:13:40.391004Z[0m [34mDEBUG[0m [2mhyper::proto::h1::conn[0m[2m:[0m incoming body is content-length (1350 bytes)
[2m2025-12-10T10:13:40.391011Z[0m [34mDEBUG[0m [2methereum_transaction_pool_monitor::eth_client[0m[2m:[0m 📡 Transaction fetch RPC completed in 5.452125ms
[2m2025-12-10T10:13:40.391125Z[0m [34mDEBUG[0m [2mhyper::proto::h1::conn[0m[2m:[0m incoming body completed
[2m2025-12-10T10:13:40.391132Z[0m [34mDEBUG[0m [2mhyper::client::pool[0m[2m:[0m pooling idle connection for ("http", 192.168.0.14:8545)
[2m2025-12-10T10:13:40.399032Z[0m [34mDEBUG[0m [2mhyper::client::pool[0m[2m:[0m reuse idle connection for ("http", 192.168.0.14:8545)
[2m2025-12-10T10:13:40.399065Z[0m [34mDEBUG[0m [2mhyper::proto::h1::io[0m[2m:[0m flushed 172 bytes
[2m2025-12-10T10:13:40.402948Z[0m [34mDEBUG[0m [2mhyper::proto::h1::io[0m[2m:[0m parsed 4 headers
[2m2025-12-10T10:13:40.402953Z[0m [34mDEBUG[0m [2mhyper::proto::h1::conn[0m[2m:[0m incoming body is content-length (45 bytes)
[2m2025-12-10T10:13:40.402959Z[0m [34mDEBUG[0m [2mhyper::proto::h1::conn[0m[2m:[0m incoming body completed
[2m2025-12-10T10:13:40.402966Z[0m [34mDEBUG[0m [2mhyper::client::pool[0m[2m:[0m pooling idle connection for ("http", 192.168.0.14:8545)
[2m2025-12-10T10:13:40.463792Z[0m [34mDEBUG[0m [2methereum_transaction_pool_monitor::eth_client[0m[2m:[0m ✅ Transaction 0x214af44724dc41a59f8b9d1f16326fe1ca984f8f1f9a9a70741667165f8ac611 fetched and parsed in 78.230375ms
[2m2025-12-10T10:13:40.463813Z[0m [34mDEBUG[0m [2methereum_transaction_pool_monitor::mempool_monitor[0m[2m:[0m 🔍 Skipping tx 0x214af44724dc41a59f8b9d1f16326fe1ca984f8f1f9a9a70741667165f8ac611 - not a DEX interaction (target: 0xEff6cb8b614999d130E537751Ee99724D01aA167)
[2m2025-12-10T10:13:40.463822Z[0m [34mDEBUG[0m [2methereum_transaction_pool_monitor::mempool_monitor[0m[2m:[0m 📨 Processing new pending transaction: 0xbb3dc0af25237a4e3c256b15aa38e0ba9ae3867afdf4a99e4f4d7025b3e749a7
[2m2025-12-10T10:13:40.463831Z[0m [34mDEBUG[0m [2methereum_transaction_pool_monitor::mempool_monitor[0m[2m:[0m 🔍 Fetching transaction details for: 0xbb3dc0af25237a4e3c256b15aa38e0ba9ae3867afdf4a99e4f4d7025b3e749a7
[2m2025-12-10T10:13:40.463838Z[0m [34mDEBUG[0m [2methereum_transaction_pool_monitor::eth_client[0m[2m:[0m 🔍 Fetching transaction details for hash: 0xbb3dc0af25237a4e3c256b15aa38e0ba9ae3867afdf4a99e4f4d7025b3e749a7
[2m2025-12-10T10:13:40.463854Z[0m [34mDEBUG[0m [2mhyper::client::pool[0m[2m:[0m reuse idle connection for ("http", 192.168.0.14:8545)
[2m2025-12-10T10:13:40.463894Z[0m [34mDEBUG[0m [2mhyper::proto::h1::io[0m[2m:[0m flushed 250 bytes
[2m2025-12-10T10:13:40.468196Z[0m [34mDEBUG[0m [2mhyper::proto::h1::io[0m[2m:[0m parsed 4 headers
[2m2025-12-10T10:13:40.468207Z[0m [34mDEBUG[0m [2mhyper::proto::h1::conn[0m[2m:[0m incoming body is content-length (1042 bytes)
[2m2025-12-10T10:13:40.468212Z[0m [34mDEBUG[0m [2mhyper::proto::h1::conn[0m[2m:[0m incoming body completed
[2m2025-12-10T10:13:40.468218Z[0m [34mDEBUG[0m [2mhyper::client::pool[0m[2m:[0m pooling idle connection for ("http", 192.168.0.14:8545)
[2m2025-12-10T10:13:40.468223Z[0m [34mDEBUG[0m [2methereum_transaction_pool_monitor::eth_client[0m[2m:[0m 📡 Transaction fetch RPC completed in 4.38025ms
[2m2025-12-10T10:13:40.540293Z[0m [34mDEBUG[0m [2methereum_transaction_pool_monitor::eth_client[0m[2m:[0m ✅ Transaction 0xbb3dc0af25237a4e3c256b15aa38e0ba9ae3867afdf4a99e4f4d7025b3e749a7 fetched and parsed in 76.447875ms
[2m2025-12-10T10:13:40.540313Z[0m [34mDEBUG[0m [2methereum_transaction_pool_monitor::mempool_monitor[0m[2m:[0m 🔍 Skipping tx 0xbb3dc0af25237a4e3c256b15aa38e0ba9ae3867afdf4a99e4f4d7025b3e749a7 - not a DEX interaction (target: 0xfBd4cdB413E45a52E2C8312f670e9cE67E794C37)
[2m2025-12-10T10:13:40.540321Z[0m [34mDEBUG[0m [2methereum_transaction_pool_monitor::mempool_monitor[0m[2m:[0m 📨 Processing new pending transaction: 0x2ee935b4b705b0eefbef5d8f3605f8cf87827207c246b4bb495d96b57230c172
[2m2025-12-10T10:13:40.540326Z[0m [34mDEBUG[0m [2methereum_transaction_pool_monitor::mempool_monitor[0m[2m:[0m 🔍 Fetching transaction details for: 0x2ee935b4b705b0eefbef5d8f3605f8cf87827207c246b4bb495d96b57230c172
[2m2025-12-10T10:13:40.540330Z[0m [34mDEBUG[0m [2methereum_transaction_pool_monitor::eth_client[0m[2m:[0m 🔍 Fetching transaction details for hash: 0x2ee935b4b705b0eefbef5d8f3605f8cf87827207c246b4bb495d96b57230c172
[2m2025-12-10T10:13:40.540347Z[0m [34mDEBUG[0m [2mhyper::client::pool[0m[2m:[0m reuse idle connection for ("http", 192.168.0.14:8545)
[2m2025-12-10T10:13:40.540379Z[0m [34mDEBUG[0m [2mhyper::proto::h1::io[0m[2m:[0m flushed 250 bytes
[2m2025-12-10T10:13:40.540396Z[0m [34mDEBUG[0m [2mhyper::client::pool[0m[2m:[0m reuse idle connection for ("http", 192.168.0.14:8545)
[2m2025-12-10T10:13:40.540406Z[0m [34mDEBUG[0m [2mhyper::proto::h1::io[0m[2m:[0m flushed 172 bytes
[2m2025-12-10T10:13:40.540484Z[0m [34mDEBUG[0m [2methereum_transaction_pool_monitor::eth_client[0m[2m:[0m 📨 Received WebSocket message: {"jsonrpc":"2.0","method":"eth_subscription","params":{"subscription":"0xbed0a0851463e895960a451075a301a9","result":"0xaa799e2f6b241cf60a864b7e2a95aafc040f6e39bf8c02d21eb2b4eba9f65792"}}
[2m2025-12-10T10:13:40.540493Z[0m [34mDEBUG[0m [2methereum_transaction_pool_monitor::eth_client[0m[2m:[0m 📨 Received pending transaction: 0xaa799e2f6b241cf60a864b7e2a95aafc040f6e39bf8c02d21eb2b4eba9f65792
[2m2025-12-10T10:13:40.555835Z[0m [34mDEBUG[0m [2methereum_transaction_pool_monitor::eth_client[0m[2m:[0m 📨 Received WebSocket message: {"jsonrpc":"2.0","method":"eth_subscription","params":{"subscription":"0xbed0a0851463e895960a451075a301a9","result":"0xc9f574f050c46ac5108f3da4dd5c3ce636bee77f987f31bbaa9ea6b293c6e598"}}
[2m2025-12-10T10:13:40.555845Z[0m [34mDEBUG[0m [2methereum_transaction_pool_monitor::eth_client[0m[2m:[0m 📨 Received pending transaction: 0xc9f574f050c46ac5108f3da4dd5c3ce636bee77f987f31bbaa9ea6b293c6e598
[2m2025-12-10T10:13:40.555874Z[0m [34mDEBUG[0m [2mhyper::proto::h1::io[0m[2m:[0m parsed 4 headers
[2m2025-12-10T10:13:40.555878Z[0m [34mDEBUG[0m [2mhyper::proto::h1::conn[0m[2m:[0m incoming body is content-length (843 bytes)
[2m2025-12-10T10:13:40.555885Z[0m [34mDEBUG[0m [2mhyper::proto::h1::conn[0m[2m:[0m incoming body completed
[2m2025-12-10T10:13:40.555893Z[0m [34mDEBUG[0m [2mhyper::client::pool[0m[2m:[0m pooling idle connection for ("http", 192.168.0.14:8545)
[2m2025-12-10T10:13:40.555898Z[0m [34mDEBUG[0m [2methereum_transaction_pool_monitor::eth_client[0m[2m:[0m 📡 Transaction fetch RPC completed in 15.5635ms
[2m2025-12-10T10:13:40.628011Z[0m [34mDEBUG[0m [2methereum_transaction_pool_monitor::eth_client[0m[2m:[0m ✅ Transaction 0x2ee935b4b705b0eefbef5d8f3605f8cf87827207c246b4bb495d96b57230c172 fetched and parsed in 87.673333ms
[2m2025-12-10T10:13:40.628037Z[0m [34mDEBUG[0m [2methereum_transaction_pool_monitor::mempool_monitor[0m[2m:[0m 🔍 Skipping tx 0x2ee935b4b705b0eefbef5d8f3605f8cf87827207c246b4bb495d96b57230c172 - not a DEX interaction (target: 0xDF3C068d2f42d08C10f2Bc56bce69599869530B4)
[2m2025-12-10T10:13:40.628046Z[0m [34mDEBUG[0m [2methereum_transaction_pool_monitor::mempool_monitor[0m[2m:[0m 📨 Processing new pending transaction: 0xe642e6a19e88ab37aea879fc2be30204547d8c9eddb121fdf0d650e646681d84
[2m2025-12-10T10:13:40.628051Z[0m [34mDEBUG[0m [2methereum_transaction_pool_monitor::mempool_monitor[0m[2m:[0m 🔍 Fetching transaction details for: 0xe642e6a19e88ab37aea879fc2be30204547d8c9eddb121fdf0d650e646681d84
[2m2025-12-10T10:13:40.628055Z[0m [34mDEBUG[0m [2methereum_transaction_pool_monitor::eth_client[0m[2m:[0m 🔍 Fetching transaction details for hash: 0xe642e6a19e88ab37aea879fc2be30204547d8c9eddb121fdf0d650e646681d84
[2m2025-12-10T10:13:40.628073Z[0m [34mDEBUG[0m [2mhyper::client::pool[0m[2m:[0m reuse idle connection for ("http", 192.168.0.14:8545)
[2m2025-12-10T10:13:40.628111Z[0m [34mDEBUG[0m [2mhyper::proto::h1::io[0m[2m:[0m flushed 250 bytes
[2m2025-12-10T10:13:40.628133Z[0m [34mDEBUG[0m [2methereum_transaction_pool_monitor::eth_client[0m[2m:[0m 📨 Received WebSocket message: {"jsonrpc":"2.0","method":"eth_subscription","params":{"subscription":"0xbed0a0851463e895960a451075a301a9","result":"0xd85b813bde45d5a303e151c696821b09612064c8d509f9ddb99b5d665a98d93d"}}
[2m2025-12-10T10:13:40.628139Z[0m [34mDEBUG[0m [2methereum_transaction_pool_monitor::eth_client[0m[2m:[0m 📨 Received pending transaction: 0xd85b813bde45d5a303e151c696821b09612064c8d509f9ddb99b5d665a98d93d
[2m2025-12-10T10:13:40.628145Z[0m [34mDEBUG[0m [2methereum_transaction_pool_monitor::eth_client[0m[2m:[0m 📨 Received WebSocket message: {"jsonrpc":"2.0","method":"eth_subscription","params":{"subscription":"0xbed0a0851463e895960a451075a301a9","result":"0xec7641d874b0db27d210d27bdc418630cc1b9d349f0e3a745c121aa1e416f49b"}}
[2m2025-12-10T10:13:40.628150Z[0m [34mDEBUG[0m [2methereum_transaction_pool_monitor::eth_client[0m[2m:[0m 📨 Received pending transaction: 0xec7641d874b0db27d210d27bdc418630cc1b9d349f0e3a745c121aa1e416f49b
[2m2025-12-10T10:13:40.628179Z[0m [34mDEBUG[0m [2mhyper::proto::h1::io[0m[2m:[0m parsed 4 headers
[2m2025-12-10T10:13:40.628185Z[0m [34mDEBUG[0m [2mhyper::proto::h1::conn[0m[2m:[0m incoming body is content-length (45 bytes)
[2m2025-12-10T10:13:40.628191Z[0m [34mDEBUG[0m [2mhyper::proto::h1::conn[0m[2m:[0m incoming body completed
[2m2025-12-10T10:13:40.628199Z[0m [34mDEBUG[0m [2mhyper::client::pool[0m[2m:[0m pooling idle connection for ("http", 192.168.0.14:8545)
[2m2025-12-10T10:13:40.628213Z[0m [34mDEBUG[0m [2mhyper::client::pool[0m[2m:[0m reuse idle connection for ("http", 192.168.0.14:8545)
[2m2025-12-10T10:13:40.628228Z[0m [34mDEBUG[0m [2mhyper::proto::h1::io[0m[2m:[0m flushed 172 bytes
[2m2025-12-10T10:13:40.633193Z[0m [34mDEBUG[0m [2mhyper::proto::h1::io[0m[2m:[0m parsed 4 headers
[2m2025-12-10T10:13:40.633197Z[0m [34mDEBUG[0m [2mhyper::proto::h1::conn[0m[2m:[0m incoming body is content-length (732 bytes)
[2m2025-12-10T10:13:40.633202Z[0m [34mDEBUG[0m [2mhyper::proto::h1::conn[0m[2m:[0m incoming body completed
[2m2025-12-10T10:13:40.633206Z[0m [34mDEBUG[0m [2mhyper::client::pool[0m[2m:[0m pooling idle connection for ("http", 192.168.0.14:8545)
[2m2025-12-10T10:13:40.633210Z[0m [34mDEBUG[0m [2methereum_transaction_pool_monitor::eth_client[0m[2m:[0m 📡 Transaction fetch RPC completed in 5.151584ms
[2m2025-12-10T10:13:40.633219Z[0m [34mDEBUG[0m [2methereum_transaction_pool_monitor::eth_client[0m[2m:[0m DeFi transaction detected - Address: 0xdac17f958d2ee523a2206206994597c13d831ec7, Type: Stablecoin, Value: 0 ETH, Gas: 0.20 Gwei
[2m2025-12-10T10:13:40.633232Z[0m [34mDEBUG[0m [2methereum_transaction_pool_monitor::eth_client[0m[2m:[0m ✅ Transaction 0xe642e6a19e88ab37aea879fc2be30204547d8c9eddb121fdf0d650e646681d84 fetched and parsed in 5.17325ms
[2m2025-12-10T10:13:40.633236Z[0m [34mDEBUG[0m [2methereum_transaction_pool_monitor::mempool_monitor[0m[2m:[0m 🔍 Skipping tx 0xe642e6a19e88ab37aea879fc2be30204547d8c9eddb121fdf0d650e646681d84 - not a DEX interaction (target: 0xdAC17F958D2ee523a2206206994597C13D831ec7)
[2m2025-12-10T10:13:40.633241Z[0m [34mDEBUG[0m [2methereum_transaction_pool_monitor::mempool_monitor[0m[2m:[0m 📨 Processing new pending transaction: 0x55504d652037d89041acd4476721acedf56f6bbf10650798aa6125ef113f5a8c
[2m2025-12-10T10:13:40.633244Z[0m [34mDEBUG[0m [2methereum_transaction_pool_monitor::mempool_monitor[0m[2m:[0m 🔍 Fetching transaction details for: 0x55504d652037d89041acd4476721acedf56f6bbf10650798aa6125ef113f5a8c
[2m2025-12-10T10:13:40.633246Z[0m [34mDEBUG[0m [2methereum_transaction_pool_monitor::eth_client[0m[2m:[0m 🔍 Fetching transaction details for hash: 0x55504d652037d89041acd4476721acedf56f6bbf10650798aa6125ef113f5a8c
[2m2025-12-10T10:13:40.633253Z[0m [34mDEBUG[0m [2mhyper::client::pool[0m[2m:[0m reuse idle connection for ("http", 192.168.0.14:8545)
[2m2025-12-10T10:13:40.633266Z[0m [34mDEBUG[0m [2mhyper::proto::h1::io[0m[2m:[0m flushed 250 bytes
[2m2025-12-10T10:13:40.633923Z[0m [34mDEBUG[0m [2mhyper::proto::h1::io[0m[2m:[0m parsed 4 headers
[2m2025-12-10T10:13:40.633926Z[0m [34mDEBUG[0m [2mhyper::proto::h1::conn[0m[2m:[0m incoming body is content-length (45 bytes)
[2m2025-12-10T10:13:40.633930Z[0m [34mDEBUG[0m [2mhyper::proto::h1::conn[0m[2m:[0m incoming body completed
[2m2025-12-10T10:13:40.633934Z[0m [34mDEBUG[0m [2mhyper::client::pool[0m[2m:[0m pooling idle connection for ("http", 192.168.0.14:8545)
[2m2025-12-10T10:13:40.639219Z[0m [34mDEBUG[0m [2mhyper::proto::h1::io[0m[2m:[0m parsed 4 headers
[2m2025-12-10T10:13:40.639223Z[0m [34mDEBUG[0m [2mhyper::proto::h1::conn[0m[2m:[0m incoming body is content-length (1757 bytes)
[2m2025-12-10T10:13:40.639229Z[0m [34mDEBUG[0m [2methereum_transaction_pool_monitor::eth_client[0m[2m:[0m 📡 Transaction fetch RPC completed in 5.980083ms
[2m2025-12-10T10:13:40.639876Z[0m [34mDEBUG[0m [2mhyper::proto::h1::conn[0m[2m:[0m incoming body completed
[2m2025-12-10T10:13:40.639882Z[0m [34mDEBUG[0m [2mhyper::client::pool[0m[2m:[0m pooling idle connection for ("http", 192.168.0.14:8545)
[2m2025-12-10T10:13:40.699922Z[0m [34mDEBUG[0m [2mhyper::client::pool[0m[2m:[0m reuse idle connection for ("http", 192.168.0.14:8545)
[2m2025-12-10T10:13:40.699986Z[0m [34mDEBUG[0m [2mhyper::proto::h1::io[0m[2m:[0m flushed 172 bytes
[2m2025-12-10T10:13:40.702955Z[0m [34mDEBUG[0m [2mhyper::proto::h1::io[0m[2m:[0m parsed 4 headers
[2m2025-12-10T10:13:40.702961Z[0m [34mDEBUG[0m [2mhyper::proto::h1::conn[0m[2m:[0m incoming body is content-length (45 bytes)
[2m2025-12-10T10:13:40.702967Z[0m [34mDEBUG[0m [2mhyper::proto::h1::conn[0m[2m:[0m incoming body completed
[2m2025-12-10T10:13:40.702975Z[0m [34mDEBUG[0m [2mhyper::client::pool[0m[2m:[0m pooling idle connection for ("http", 192.168.0.14:8545)
[2m2025-12-10T10:13:40.712389Z[0m [34mDEBUG[0m [2methereum_transaction_pool_monitor::eth_client[0m[2m:[0m ✅ Transaction 0x55504d652037d89041acd4476721acedf56f6bbf10650798aa6125ef113f5a8c fetched and parsed in 79.138958ms
[2m2025-12-10T10:13:40.712401Z[0m [34mDEBUG[0m [2methereum_transaction_pool_monitor::mempool_monitor[0m[2m:[0m 🔍 Skipping tx 0x55504d652037d89041acd4476721acedf56f6bbf10650798aa6125ef113f5a8c - not a DEX interaction (target: 0xA37cc341634AFD9E0919D334606E676dbAb63E17)
[2m2025-12-10T10:13:40.712410Z[0m [34mDEBUG[0m [2methereum_transaction_pool_monitor::mempool_monitor[0m[2m:[0m 📨 Processing new pending transaction: 0xc8fc4992247684b4da808bf734bae44228c55b09855e8f734965c32b6d7b8589
[2m2025-12-10T10:13:40.712422Z[0m [34mDEBUG[0m [2methereum_transaction_pool_monitor::mempool_monitor[0m[2m:[0m 🔍 Fetching transaction details for: 0xc8fc4992247684b4da808bf734bae44228c55b09855e8f734965c32b6d7b8589
[2m2025-12-10T10:13:40.712427Z[0m [34mDEBUG[0m [2methereum_transaction_pool_monitor::eth_client[0m[2m:[0m 🔍 Fetching transaction details for hash: 0xc8fc4992247684b4da808bf734bae44228c55b09855e8f734965c32b6d7b8589
[2m2025-12-10T10:13:40.712441Z[0m [34mDEBUG[0m [2mhyper::client::pool[0m[2m:[0m reuse idle connection for ("http", 192.168.0.14:8545)
[2m2025-12-10T10:13:40.712470Z[0m [34mDEBUG[0m [2mhyper::proto::h1::io[0m[2m:[0m flushed 250 bytes
[2m2025-12-10T10:13:40.717698Z[0m [34mDEBUG[0m [2mhyper::proto::h1::io[0m[2m:[0m parsed 4 headers
[2m2025-12-10T10:13:40.717703Z[0m [34mDEBUG[0m [2mhyper::proto::h1::conn[0m[2m:[0m incoming body is content-length (847 bytes)
[2m2025-12-10T10:13:40.717708Z[0m [34mDEBUG[0m [2mhyper::proto::h1::conn[0m[2m:[0m incoming body completed
[2m2025-12-10T10:13:40.717713Z[0m [34mDEBUG[0m [2mhyper::client::pool[0m[2m:[0m pooling idle connection for ("http", 192.168.0.14:8545)
[2m2025-12-10T10:13:40.717717Z[0m [34mDEBUG[0m [2methereum_transaction_pool_monitor::eth_client[0m[2m:[0m 📡 Transaction fetch RPC completed in 5.286ms
[2m2025-12-10T10:13:40.791362Z[0m [34mDEBUG[0m [2methereum_transaction_pool_monitor::eth_client[0m[2m:[0m ✅ Transaction 0xc8fc4992247684b4da808bf734bae44228c55b09855e8f734965c32b6d7b8589 fetched and parsed in 78.928417ms
[2m2025-12-10T10:13:40.791381Z[0m [34mDEBUG[0m [2methereum_transaction_pool_monitor::mempool_monitor[0m[2m:[0m 🔍 Skipping tx 0xc8fc4992247684b4da808bf734bae44228c55b09855e8f734965c32b6d7b8589 - not a DEX interaction (target: 0xA0b86991c6218b36c1d19D4a2e9Eb0cE3606eB48)
[2m2025-12-10T10:13:40.791390Z[0m [34mDEBUG[0m [2methereum_transaction_pool_monitor::mempool_monitor[0m[2m:[0m 📨 Processing new pending transaction: 0x0a0b0b9fdcdc1a6615558757420385f9571c79d8e91d3c50671c17bf5cd7259b
[2m2025-12-10T10:13:40.791393Z[0m [34mDEBUG[0m [2methereum_transaction_pool_monitor::mempool_monitor[0m[2m:[0m 🔍 Fetching transaction details for: 0x0a0b0b9fdcdc1a6615558757420385f9571c79d8e91d3c50671c17bf5cd7259b
[2m2025-12-10T10:13:40.791396Z[0m [34mDEBUG[0m [2methereum_transaction_pool_monitor::eth_client[0m[2m:[0m 🔍 Fetching transaction details for hash: 0x0a0b0b9fdcdc1a6615558757420385f9571c79d8e91d3c50671c17bf5cd7259b
[2m2025-12-10T10:13:40.791414Z[0m [34mDEBUG[0m [2mhyper::client::pool[0m[2m:[0m reuse idle connection for ("http", 192.168.0.14:8545)
[2m2025-12-10T10:13:40.791444Z[0m [34mDEBUG[0m [2mhyper::proto::h1::io[0m[2m:[0m flushed 250 bytes
[2m2025-12-10T10:13:40.795202Z[0m [34mDEBUG[0m [2mhyper::proto::h1::io[0m[2m:[0m parsed 4 headers
[2m2025-12-10T10:13:40.795207Z[0m [34mDEBUG[0m [2mhyper::proto::h1::conn[0m[2m:[0m incoming body is content-length (2465 bytes)
[2m2025-12-10T10:13:40.795214Z[0m [34mDEBUG[0m [2mhyper::proto::h1::conn[0m[2m:[0m incoming body completed
[2m2025-12-10T10:13:40.795221Z[0m [34mDEBUG[0m [2mhyper::client::pool[0m[2m:[0m pooling idle connection for ("http", 192.168.0.14:8545)
[2m2025-12-10T10:13:40.795226Z[0m [34mDEBUG[0m [2methereum_transaction_pool_monitor::eth_client[0m[2m:[0m 📡 Transaction fetch RPC completed in 3.826875ms
[2m2025-12-10T10:13:40.866569Z[0m [34mDEBUG[0m [2methereum_transaction_pool_monitor::eth_client[0m[2m:[0m ✅ Transaction 0x0a0b0b9fdcdc1a6615558757420385f9571c79d8e91d3c50671c17bf5cd7259b fetched and parsed in 75.166792ms
[2m2025-12-10T10:13:40.866591Z[0m [34mDEBUG[0m [2methereum_transaction_pool_monitor::mempool_monitor[0m[2m:[0m 🔍 Skipping tx 0x0a0b0b9fdcdc1a6615558757420385f9571c79d8e91d3c50671c17bf5cd7259b - not a DEX interaction (target: 0x66a9893cC07D91D95644AEDD05D03f95e1dBA8Af)
[2m2025-12-10T10:13:40.866601Z[0m [34mDEBUG[0m [2methereum_transaction_pool_monitor::mempool_monitor[0m[2m:[0m 📨 Processing new pending transaction: 0xd2cb7ff2228d48ead706793ea15391c8b6a556b9d9abad90ea24196c0861c453
[2m2025-12-10T10:13:40.866617Z[0m [34mDEBUG[0m [2methereum_transaction_pool_monitor::mempool_monitor[0m[2m:[0m 🔍 Fetching transaction details for: 0xd2cb7ff2228d48ead706793ea15391c8b6a556b9d9abad90ea24196c0861c453
[2m2025-12-10T10:13:40.866624Z[0m [34mDEBUG[0m [2methereum_transaction_pool_monitor::eth_client[0m[2m:[0m 🔍 Fetching transaction details for hash: 0xd2cb7ff2228d48ead706793ea15391c8b6a556b9d9abad90ea24196c0861c453
[2m2025-12-10T10:13:40.866647Z[0m [34mDEBUG[0m [2mhyper::client::pool[0m[2m:[0m reuse idle connection for ("http", 192.168.0.14:8545)
[2m2025-12-10T10:13:40.866673Z[0m [34mDEBUG[0m [2mhyper::proto::h1::io[0m[2m:[0m flushed 250 bytes
[2m2025-12-10T10:13:40.866702Z[0m [34mDEBUG[0m [2mhyper::client::pool[0m[2m:[0m reuse idle connection for ("http", 192.168.0.14:8545)
[2m2025-12-10T10:13:40.866715Z[0m [34mDEBUG[0m [2mhyper::proto::h1::io[0m[2m:[0m flushed 172 bytes
[2m2025-12-10T10:13:40.873138Z[0m [34mDEBUG[0m [2mhyper::proto::h1::io[0m[2m:[0m parsed 4 headers
[2m2025-12-10T10:13:40.873143Z[0m [34mDEBUG[0m [2mhyper::proto::h1::conn[0m[2m:[0m incoming body is content-length (844 bytes)
[2m2025-12-10T10:13:40.873150Z[0m [34mDEBUG[0m [2mhyper::proto::h1::conn[0m[2m:[0m incoming body completed
[2m2025-12-10T10:13:40.873156Z[0m [34mDEBUG[0m [2mhyper::client::pool[0m[2m:[0m pooling idle connection for ("http", 192.168.0.14:8545)
[2m2025-12-10T10:13:40.873160Z[0m [34mDEBUG[0m [2methereum_transaction_pool_monitor::eth_client[0m[2m:[0m 📡 Transaction fetch RPC completed in 6.531416ms
[2m2025-12-10T10:13:40.873172Z[0m [34mDEBUG[0m [2methereum_transaction_pool_monitor::eth_client[0m[2m:[0m DeFi transaction detected - Address: 0xdac17f958d2ee523a2206206994597c13d831ec7, Type: Stablecoin, Value: 0 ETH, Gas: 2.17 Gwei
[2m2025-12-10T10:13:40.873183Z[0m [34mDEBUG[0m [2methereum_transaction_pool_monitor::eth_client[0m[2m:[0m ✅ Transaction 0xd2cb7ff2228d48ead706793ea15391c8b6a556b9d9abad90ea24196c0861c453 fetched and parsed in 6.554333ms
[2m2025-12-10T10:13:40.873187Z[0m [34mDEBUG[0m [2methereum_transaction_pool_monitor::mempool_monitor[0m[2m:[0m 🔍 Skipping tx 0xd2cb7ff2228d48ead706793ea15391c8b6a556b9d9abad90ea24196c0861c453 - not a DEX interaction (target: 0xdAC17F958D2ee523a2206206994597C13D831ec7)
[2m2025-12-10T10:13:40.873192Z[0m [34mDEBUG[0m [2methereum_transaction_pool_monitor::mempool_monitor[0m[2m:[0m 📨 Processing new pending transaction: 0x896003df01853c46d4bf3e9ac676871eb4ff8b96707119cd4d9af424d718e049
[2m2025-12-10T10:13:40.873195Z[0m [34mDEBUG[0m [2methereum_transaction_pool_monitor::mempool_monitor[0m[2m:[0m 🔍 Fetching transaction details for: 0x896003df01853c46d4bf3e9ac676871eb4ff8b96707119cd4d9af424d718e049
[2m2025-12-10T10:13:40.873198Z[0m [34mDEBUG[0m [2methereum_transaction_pool_monitor::eth_client[0m[2m:[0m 🔍 Fetching transaction details for hash: 0x896003df01853c46d4bf3e9ac676871eb4ff8b96707119cd4d9af424d718e049
[2m2025-12-10T10:13:40.873203Z[0m [34mDEBUG[0m [2mhyper::client::pool[0m[2m:[0m reuse idle connection for ("http", 192.168.0.14:8545)
[2m2025-12-10T10:13:40.873214Z[0m [34mDEBUG[0m [2mhyper::proto::h1::io[0m[2m:[0m flushed 250 bytes
[2m2025-12-10T10:13:40.873220Z[0m [34mDEBUG[0m [2mhyper::proto::h1::io[0m[2m:[0m parsed 4 headers
[2m2025-12-10T10:13:40.873222Z[0m [34mDEBUG[0m [2mhyper::proto::h1::conn[0m[2m:[0m incoming body is content-length (45 bytes)
[2m2025-12-10T10:13:40.873227Z[0m [34mDEBUG[0m [2mhyper::proto::h1::conn[0m[2m:[0m incoming body completed
[2m2025-12-10T10:13:40.873231Z[0m [34mDEBUG[0m [2mhyper::client::pool[0m[2m:[0m pooling idle connection for ("http", 192.168.0.14:8545)
[2m2025-12-10T10:13:40.882188Z[0m [34mDEBUG[0m [2mhyper::proto::h1::io[0m[2m:[0m parsed 4 headers
[2m2025-12-10T10:13:40.882197Z[0m [34mDEBUG[0m [2mhyper::proto::h1::conn[0m[2m:[0m incoming body is content-length (712 bytes)
[2m2025-12-10T10:13:40.882211Z[0m [34mDEBUG[0m [2mhyper::proto::h1::conn[0m[2m:[0m incoming body completed
[2m2025-12-10T10:13:40.882218Z[0m [34mDEBUG[0m [2mhyper::client::pool[0m[2m:[0m pooling idle connection for ("http", 192.168.0.14:8545)
[2m2025-12-10T10:13:40.882222Z[0m [34mDEBUG[0m [2methereum_transaction_pool_monitor::eth_client[0m[2m:[0m 📡 Transaction fetch RPC completed in 9.021875ms
[2m2025-12-10T10:13:40.950676Z[0m [34mDEBUG[0m [2methereum_transaction_pool_monitor::eth_client[0m[2m:[0m ✅ Transaction 0x896003df01853c46d4bf3e9ac676871eb4ff8b96707119cd4d9af424d718e049 fetched and parsed in 77.473125ms
[2m2025-12-10T10:13:40.950691Z[0m [34mDEBUG[0m [2methereum_transaction_pool_monitor::mempool_monitor[0m[2m:[0m 🔍 Skipping tx 0x896003df01853c46d4bf3e9ac676871eb4ff8b96707119cd4d9af424d718e049 - not a DEX interaction (target: 0x15F8733104b67F17158c417d32172Eea56C3b61D)
[2m2025-12-10T10:13:40.950699Z[0m [34mDEBUG[0m [2methereum_transaction_pool_monitor::mempool_monitor[0m[2m:[0m 📨 Processing new pending transaction: 0xab6cc28cd59d29f9043f0cef447864822c2958143875171d49eeb479b76a51c8
[2m2025-12-10T10:13:40.950702Z[0m [34mDEBUG[0m [2methereum_transaction_pool_monitor::mempool_monitor[0m[2m:[0m 🔍 Fetching transaction details for: 0xab6cc28cd59d29f9043f0cef447864822c2958143875171d49eeb479b76a51c8
[2m2025-12-10T10:13:40.950705Z[0m [34mDEBUG[0m [2methereum_transaction_pool_monitor::eth_client[0m[2m:[0m 🔍 Fetching transaction details for hash: 0xab6cc28cd59d29f9043f0cef447864822c2958143875171d49eeb479b76a51c8
[2m2025-12-10T10:13:40.950721Z[0m [34mDEBUG[0m [2mhyper::client::pool[0m[2m:[0m reuse idle connection for ("http", 192.168.0.14:8545)
[2m2025-12-10T10:13:40.950747Z[0m [34mDEBUG[0m [2mhyper::proto::h1::io[0m[2m:[0m flushed 250 bytes
[2m2025-12-10T10:13:40.950770Z[0m [34mDEBUG[0m [2mhyper::client::pool[0m[2m:[0m reuse idle connection for ("http", 192.168.0.14:8545)
[2m2025-12-10T10:13:40.950780Z[0m [34mDEBUG[0m [2mhyper::proto::h1::io[0m[2m:[0m flushed 172 bytes
[2m2025-12-10T10:13:40.956081Z[0m [34mDEBUG[0m [2mhyper::proto::h1::io[0m[2m:[0m parsed 4 headers
[2m2025-12-10T10:13:40.956088Z[0m [34mDEBUG[0m [2mhyper::proto::h1::conn[0m[2m:[0m incoming body is content-length (45 bytes)
[2m2025-12-10T10:13:40.956094Z[0m [34mDEBUG[0m [2mhyper::proto::h1::conn[0m[2m:[0m incoming body completed
[2m2025-12-10T10:13:40.956101Z[0m [34mDEBUG[0m [2mhyper::client::pool[0m[2m:[0m pooling idle connection for ("http", 192.168.0.14:8545)
[2m2025-12-10T10:13:40.956692Z[0m [34mDEBUG[0m [2mhyper::proto::h1::io[0m[2m:[0m parsed 4 headers
[2m2025-12-10T10:13:40.956697Z[0m [34mDEBUG[0m [2mhyper::proto::h1::conn[0m[2m:[0m incoming body is content-length (844 bytes)
[2m2025-12-10T10:13:40.956700Z[0m [34mDEBUG[0m [2mhyper::proto::h1::conn[0m[2m:[0m incoming body completed
[2m2025-12-10T10:13:40.956705Z[0m [34mDEBUG[0m [2mhyper::client::pool[0m[2m:[0m pooling idle connection for ("http", 192.168.0.14:8545)
[2m2025-12-10T10:13:40.956708Z[0m [34mDEBUG[0m [2methereum_transaction_pool_monitor::eth_client[0m[2m:[0m 📡 Transaction fetch RPC completed in 5.999708ms
[2m2025-12-10T10:13:41.025847Z[0m [34mDEBUG[0m [2methereum_transaction_pool_monitor::eth_client[0m[2m:[0m ✅ Transaction 0xab6cc28cd59d29f9043f0cef447864822c2958143875171d49eeb479b76a51c8 fetched and parsed in 75.135833ms
[2m2025-12-10T10:13:41.025862Z[0m [34mDEBUG[0m [2methereum_transaction_pool_monitor::mempool_monitor[0m[2m:[0m 🔍 Skipping tx 0xab6cc28cd59d29f9043f0cef447864822c2958143875171d49eeb479b76a51c8 - not a DEX interaction (target: 0xA0b86991c6218b36c1d19D4a2e9Eb0cE3606eB48)
[2m2025-12-10T10:13:41.025870Z[0m [34mDEBUG[0m [2methereum_transaction_pool_monitor::mempool_monitor[0m[2m:[0m 📨 Processing new pending transaction: 0xe6dc78d8cca3b345bdab7863310f37a71e97da2644e033d232491e982b7048e5
[2m2025-12-10T10:13:41.025881Z[0m [34mDEBUG[0m [2methereum_transaction_pool_monitor::mempool_monitor[0m[2m:[0m 🔍 Fetching transaction details for: 0xe6dc78d8cca3b345bdab7863310f37a71e97da2644e033d232491e982b7048e5
[2m2025-12-10T10:13:41.025884Z[0m [34mDEBUG[0m [2methereum_transaction_pool_monitor::eth_client[0m[2m:[0m 🔍 Fetching transaction details for hash: 0xe6dc78d8cca3b345bdab7863310f37a71e97da2644e033d232491e982b7048e5
[2m2025-12-10T10:13:41.025899Z[0m [34mDEBUG[0m [2mhyper::client::pool[0m[2m:[0m reuse idle connection for ("http", 192.168.0.14:8545)
[2m2025-12-10T10:13:41.025930Z[0m [34mDEBUG[0m [2mhyper::proto::h1::io[0m[2m:[0m flushed 250 bytes
[2m2025-12-10T10:13:41.025945Z[0m [34mDEBUG[0m [2mhyper::client::pool[0m[2m:[0m reuse idle connection for ("http", 192.168.0.14:8545)
[2m2025-12-10T10:13:41.025956Z[0m [34mDEBUG[0m [2mhyper::proto::h1::io[0m[2m:[0m flushed 172 bytes
[2m2025-12-10T10:13:41.025960Z[0m [34mDEBUG[0m [2methereum_transaction_pool_monitor::eth_client[0m[2m:[0m 📨 Received WebSocket message: {"jsonrpc":"2.0","method":"eth_subscription","params":{"subscription":"0xbed0a0851463e895960a451075a301a9","result":"0x586b46770d145f57843d195834c8d03a3957bde61a6d86939cfcc311fb56cb3c"}}
[2m2025-12-10T10:13:41.025970Z[0m [34mDEBUG[0m [2methereum_transaction_pool_monitor::eth_client[0m[2m:[0m 📨 Received pending transaction: 0x586b46770d145f57843d195834c8d03a3957bde61a6d86939cfcc311fb56cb3c
[2m2025-12-10T10:13:41.029040Z[0m [34mDEBUG[0m [2mhyper::proto::h1::io[0m[2m:[0m parsed 4 headers
[2m2025-12-10T10:13:41.029051Z[0m [34mDEBUG[0m [2mhyper::proto::h1::conn[0m[2m:[0m incoming body is content-length (720 bytes)
[2m2025-12-10T10:13:41.029057Z[0m [34mDEBUG[0m [2mhyper::proto::h1::conn[0m[2m:[0m incoming body completed
[2m2025-12-10T10:13:41.029065Z[0m [34mDEBUG[0m [2mhyper::client::pool[0m[2m:[0m pooling idle connection for ("http", 192.168.0.14:8545)
[2m2025-12-10T10:13:41.029070Z[0m [34mDEBUG[0m [2methereum_transaction_pool_monitor::eth_client[0m[2m:[0m 📡 Transaction fetch RPC completed in 3.182958ms
[2m2025-12-10T10:13:41.098064Z[0m [34mDEBUG[0m [2methereum_transaction_pool_monitor::eth_client[0m[2m:[0m ✅ Transaction 0xe6dc78d8cca3b345bdab7863310f37a71e97da2644e033d232491e982b7048e5 fetched and parsed in 72.175541ms
[2m2025-12-10T10:13:41.098083Z[0m [34mDEBUG[0m [2methereum_transaction_pool_monitor::mempool_monitor[0m[2m:[0m 🔍 Skipping tx 0xe6dc78d8cca3b345bdab7863310f37a71e97da2644e033d232491e982b7048e5 - not a DEX interaction (target: 0xb73636d63c32998FDE2E2A09Cb7c6e7A0804a1bc)
[2m2025-12-10T10:13:41.098092Z[0m [34mDEBUG[0m [2methereum_transaction_pool_monitor::mempool_monitor[0m[2m:[0m 📨 Processing new pending transaction: 0x17e1585fd5863aa75942d2ea44a5ec7708256fb09742d2bfe157ca54112acf4d
[2m2025-12-10T10:13:41.098098Z[0m [34mDEBUG[0m [2methereum_transaction_pool_monitor::mempool_monitor[0m[2m:[0m 🔍 Fetching transaction details for: 0x17e1585fd5863aa75942d2ea44a5ec7708256fb09742d2bfe157ca54112acf4d
[2m2025-12-10T10:13:41.098102Z[0m [34mDEBUG[0m [2methereum_transaction_pool_monitor::eth_client[0m[2m:[0m 🔍 Fetching transaction details for hash: 0x17e1585fd5863aa75942d2ea44a5ec7708256fb09742d2bfe157ca54112acf4d
[2m2025-12-10T10:13:41.098117Z[0m [34mDEBUG[0m [2mhyper::client::pool[0m[2m:[0m reuse idle connection for ("http", 192.168.0.14:8545)
[2m2025-12-10T10:13:41.098146Z[0m [34mDEBUG[0m [2mhyper::proto::h1::io[0m[2m:[0m flushed 250 bytes
[2m2025-12-10T10:13:41.098158Z[0m [34mDEBUG[0m [2mhyper::proto::h1::io[0m[2m:[0m parsed 4 headers
[2m2025-12-10T10:13:41.098161Z[0m [34mDEBUG[0m [2mhyper::proto::h1::conn[0m[2m:[0m incoming body is content-length (45 bytes)
[2m2025-12-10T10:13:41.098167Z[0m [34mDEBUG[0m [2mhyper::proto::h1::conn[0m[2m:[0m incoming body completed
[2m2025-12-10T10:13:41.098173Z[0m [34mDEBUG[0m [2mhyper::client::pool[0m[2m:[0m pooling idle connection for ("http", 192.168.0.14:8545)
[2m2025-12-10T10:13:41.098192Z[0m [34mDEBUG[0m [2mhyper::client::pool[0m[2m:[0m reuse idle connection for ("http", 192.168.0.14:8545)
[2m2025-12-10T10:13:41.098204Z[0m [34mDEBUG[0m [2mhyper::proto::h1::io[0m[2m:[0m flushed 172 bytes
[2m2025-12-10T10:13:41.103015Z[0m [34mDEBUG[0m [2mhyper::proto::h1::io[0m[2m:[0m parsed 4 headers
[2m2025-12-10T10:13:41.103027Z[0m [34mDEBUG[0m [2mhyper::proto::h1::conn[0m[2m:[0m incoming body is content-length (12843 bytes)
[2m2025-12-10T10:13:41.103040Z[0m [34mDEBUG[0m [2methereum_transaction_pool_monitor::eth_client[0m[2m:[0m 📡 Transaction fetch RPC completed in 4.935542ms
[2m2025-12-10T10:13:41.106264Z[0m [34mDEBUG[0m [2mhyper::proto::h1::conn[0m[2m:[0m incoming body completed
[2m2025-12-10T10:13:41.106283Z[0m [34mDEBUG[0m [2mhyper::client::pool[0m[2m:[0m pooling idle connection for ("http", 192.168.0.14:8545)
[2m2025-12-10T10:13:41.106294Z[0m [34mDEBUG[0m [2mhyper::proto::h1::io[0m[2m:[0m parsed 4 headers
[2m2025-12-10T10:13:41.106297Z[0m [34mDEBUG[0m [2mhyper::proto::h1::conn[0m[2m:[0m incoming body is content-length (45 bytes)
[2m2025-12-10T10:13:41.106302Z[0m [34mDEBUG[0m [2mhyper::proto::h1::conn[0m[2m:[0m incoming body completed
[2m2025-12-10T10:13:41.106308Z[0m [34mDEBUG[0m [2mhyper::client::pool[0m[2m:[0m pooling idle connection for ("http", 192.168.0.14:8545)
[2m2025-12-10T10:13:41.110519Z[0m [34mDEBUG[0m [2methereum_transaction_pool_monitor::eth_client[0m[2m:[0m 📨 Received WebSocket message: {"jsonrpc":"2.0","method":"eth_subscription","params":{"subscription":"0xbed0a0851463e895960a451075a301a9","result":"0x905badb5d809ced5ed5b753e718c9e4c0b9fd07bc070cc000b1447bc4842867a"}}
[2m2025-12-10T10:13:41.110965Z[0m [34mDEBUG[0m [2methereum_transaction_pool_monitor::eth_client[0m[2m:[0m 📨 Received pending transaction: 0x905badb5d809ced5ed5b753e718c9e4c0b9fd07bc070cc000b1447bc4842867a
[2m2025-12-10T10:13:41.175871Z[0m [34mDEBUG[0m [2methereum_transaction_pool_monitor::eth_client[0m[2m:[0m ✅ Transaction 0x17e1585fd5863aa75942d2ea44a5ec7708256fb09742d2bfe157ca54112acf4d fetched and parsed in 77.764084ms
[2m2025-12-10T10:13:41.175884Z[0m [34mDEBUG[0m [2methereum_transaction_pool_monitor::mempool_monitor[0m[2m:[0m 🔍 Skipping tx 0x17e1585fd5863aa75942d2ea44a5ec7708256fb09742d2bfe157ca54112acf4d - not a DEX interaction (target: 0xC2c862322E9c97D6244a3506655DA95F05246Fd8)
[2m2025-12-10T10:13:41.175891Z[0m [34mDEBUG[0m [2methereum_transaction_pool_monitor::mempool_monitor[0m[2m:[0m 📨 Processing new pending transaction: 0x95e66cfcf55b16e465b6a10fd0c57c3b36691ae3b3263f52cb4968502b1cdec8
[2m2025-12-10T10:13:41.175895Z[0m [34mDEBUG[0m [2methereum_transaction_pool_monitor::mempool_monitor[0m[2m:[0m 🔍 Fetching transaction details for: 0x95e66cfcf55b16e465b6a10fd0c57c3b36691ae3b3263f52cb4968502b1cdec8
[2m2025-12-10T10:13:41.175898Z[0m [34mDEBUG[0m [2methereum_transaction_pool_monitor::eth_client[0m[2m:[0m 🔍 Fetching transaction details for hash: 0x95e66cfcf55b16e465b6a10fd0c57c3b36691ae3b3263f52cb4968502b1cdec8
[2m2025-12-10T10:13:41.175912Z[0m [34mDEBUG[0m [2mhyper::client::pool[0m[2m:[0m reuse idle connection for ("http", 192.168.0.14:8545)
[2m2025-12-10T10:13:41.175940Z[0m [34mDEBUG[0m [2mhyper::proto::h1::io[0m[2m:[0m flushed 250 bytes
[2m2025-12-10T10:13:41.178923Z[0m [34mDEBUG[0m [2mhyper::proto::h1::io[0m[2m:[0m parsed 4 headers
[2m2025-12-10T10:13:41.178931Z[0m [34mDEBUG[0m [2mhyper::proto::h1::conn[0m[2m:[0m incoming body is content-length (851 bytes)
[2m2025-12-10T10:13:41.178938Z[0m [34mDEBUG[0m [2mhyper::proto::h1::conn[0m[2m:[0m incoming body completed
[2m2025-12-10T10:13:41.178947Z[0m [34mDEBUG[0m [2mhyper::client::pool[0m[2m:[0m pooling idle connection for ("http", 192.168.0.14:8545)
[2m2025-12-10T10:13:41.178953Z[0m [34mDEBUG[0m [2methereum_transaction_pool_monitor::eth_client[0m[2m:[0m 📡 Transaction fetch RPC completed in 3.05225ms
[2m2025-12-10T10:13:41.178975Z[0m [34mDEBUG[0m [2methereum_transaction_pool_monitor::eth_client[0m[2m:[0m DeFi transaction detected - Address: 0xdac17f958d2ee523a2206206994597c13d831ec7, Type: Stablecoin, Value: 0 ETH, Gas: 5.17 Gwei
[2m2025-12-10T10:13:41.178996Z[0m [34mDEBUG[0m [2methereum_transaction_pool_monitor::eth_client[0m[2m:[0m ✅ Transaction 0x95e66cfcf55b16e465b6a10fd0c57c3b36691ae3b3263f52cb4968502b1cdec8 fetched and parsed in 3.095375ms
[2m2025-12-10T10:13:41.179001Z[0m [34mDEBUG[0m [2methereum_transaction_pool_monitor::mempool_monitor[0m[2m:[0m 🔍 Skipping tx 0x95e66cfcf55b16e465b6a10fd0c57c3b36691ae3b3263f52cb4968502b1cdec8 - not a DEX interaction (target: 0xdAC17F958D2ee523a2206206994597C13D831ec7)
[2m2025-12-10T10:13:41.179008Z[0m [34mDEBUG[0m [2methereum_transaction_pool_monitor::mempool_monitor[0m[2m:[0m 📨 Processing new pending transaction: 0xcbc1d1cdf2bec6a90a05126a41ecf5544f171b735db0d33be27a72bfdc16a907
[2m2025-12-10T10:13:41.179011Z[0m [34mDEBUG[0m [2methereum_transaction_pool_monitor::mempool_monitor[0m[2m:[0m 🔍 Fetching transaction details for: 0xcbc1d1cdf2bec6a90a05126a41ecf5544f171b735db0d33be27a72bfdc16a907
[2m2025-12-10T10:13:41.179014Z[0m [34mDEBUG[0m [2methereum_transaction_pool_monitor::eth_client[0m[2m:[0m 🔍 Fetching transaction details for hash: 0xcbc1d1cdf2bec6a90a05126a41ecf5544f171b735db0d33be27a72bfdc16a907
[2m2025-12-10T10:13:41.179024Z[0m [34mDEBUG[0m [2mhyper::client::pool[0m[2m:[0m reuse idle connection for ("http", 192.168.0.14:8545)
[2m2025-12-10T10:13:41.179046Z[0m [34mDEBUG[0m [2mhyper::proto::h1::io[0m[2m:[0m flushed 250 bytes
[2m2025-12-10T10:13:41.184034Z[0m [34mDEBUG[0m [2mhyper::proto::h1::io[0m[2m:[0m parsed 4 headers
[2m2025-12-10T10:13:41.184045Z[0m [34mDEBUG[0m [2mhyper::proto::h1::conn[0m[2m:[0m incoming body is content-length (5388 bytes)
[2m2025-12-10T10:13:41.184057Z[0m [34mDEBUG[0m [2methereum_transaction_pool_monitor::eth_client[0m[2m:[0m 📡 Transaction fetch RPC completed in 5.040875ms
[2m2025-12-10T10:13:41.184715Z[0m [34mDEBUG[0m [2mhyper::proto::h1::conn[0m[2m:[0m incoming body completed
[2m2025-12-10T10:13:41.184725Z[0m [34mDEBUG[0m [2mhyper::client::pool[0m[2m:[0m pooling idle connection for ("http", 192.168.0.14:8545)
[2m2025-12-10T10:13:41.199772Z[0m [34mDEBUG[0m [2mhyper::client::pool[0m[2m:[0m reuse idle connection for ("http", 192.168.0.14:8545)
[2m2025-12-10T10:13:41.199863Z[0m [34mDEBUG[0m [2mhyper::proto::h1::io[0m[2m:[0m flushed 172 bytes
[2m2025-12-10T10:13:41.204245Z[0m [34mDEBUG[0m [2mhyper::proto::h1::io[0m[2m:[0m parsed 4 headers
[2m2025-12-10T10:13:41.204264Z[0m [34mDEBUG[0m [2mhyper::proto::h1::conn[0m[2m:[0m incoming body is content-length (45 bytes)
[2m2025-12-10T10:13:41.204278Z[0m [34mDEBUG[0m [2mhyper::proto::h1::conn[0m[2m:[0m incoming body completed
[2m2025-12-10T10:13:41.204294Z[0m [34mDEBUG[0m [2mhyper::client::pool[0m[2m:[0m pooling idle connection for ("http", 192.168.0.14:8545)
[2m2025-12-10T10:13:41.255219Z[0m [34mDEBUG[0m [2methereum_transaction_pool_monitor::eth_client[0m[2m:[0m ✅ Transaction 0xcbc1d1cdf2bec6a90a05126a41ecf5544f171b735db0d33be27a72bfdc16a907 fetched and parsed in 76.200291ms
[2m2025-12-10T10:13:41.255236Z[0m [34mDEBUG[0m [2methereum_transaction_pool_monitor::mempool_monitor[0m[2m:[0m 🔍 Skipping tx 0xcbc1d1cdf2bec6a90a05126a41ecf5544f171b735db0d33be27a72bfdc16a907 - not a DEX interaction (target: 0xF6801D319497789f934ec7F83E142a9536312B08)
[2m2025-12-10T10:13:41.255245Z[0m [34mDEBUG[0m [2methereum_transaction_pool_monitor::mempool_monitor[0m[2m:[0m 📨 Processing new pending transaction: 0x8ffd5001514ef24114f7330fd971650d6f9f4e9811f3d03e0b6fa99c6879c29c
[2m2025-12-10T10:13:41.255250Z[0m [34mDEBUG[0m [2methereum_transaction_pool_monitor::mempool_monitor[0m[2m:[0m 🔍 Fetching transaction details for: 0x8ffd5001514ef24114f7330fd971650d6f9f4e9811f3d03e0b6fa99c6879c29c
[2m2025-12-10T10:13:41.255253Z[0m [34mDEBUG[0m [2methereum_transaction_pool_monitor::eth_client[0m[2m:[0m 🔍 Fetching transaction details for hash: 0x8ffd5001514ef24114f7330fd971650d6f9f4e9811f3d03e0b6fa99c6879c29c
[2m2025-12-10T10:13:41.255278Z[0m [34mDEBUG[0m [2mhyper::client::pool[0m[2m:[0m reuse idle connection for ("http", 192.168.0.14:8545)
[2m2025-12-10T10:13:41.255317Z[0m [34mDEBUG[0m [2mhyper::proto::h1::io[0m[2m:[0m flushed 250 bytes
[2m2025-12-10T10:13:41.260037Z[0m [34mDEBUG[0m [2mhyper::proto::h1::io[0m[2m:[0m parsed 4 headers
[2m2025-12-10T10:13:41.262603Z[0m [34mDEBUG[0m [2mhyper::proto::h1::conn[0m[2m:[0m incoming body is content-length (844 bytes)
[2m2025-12-10T10:13:41.262611Z[0m [34mDEBUG[0m [2mhyper::proto::h1::conn[0m[2m:[0m incoming body completed
[2m2025-12-10T10:13:41.262620Z[0m [34mDEBUG[0m [2mhyper::client::pool[0m[2m:[0m pooling idle connection for ("http", 192.168.0.14:8545)
[2m2025-12-10T10:13:41.262628Z[0m [34mDEBUG[0m [2methereum_transaction_pool_monitor::eth_client[0m[2m:[0m 📡 Transaction fetch RPC completed in 7.362917ms
[2m2025-12-10T10:13:41.262644Z[0m [34mDEBUG[0m [2methereum_transaction_pool_monitor::eth_client[0m[2m:[0m DeFi transaction detected - Address: 0xdac17f958d2ee523a2206206994597c13d831ec7, Type: Stablecoin, Value: 0 ETH, Gas: 0.29 Gwei
[2m2025-12-10T10:13:41.262656Z[0m [34mDEBUG[0m [2methereum_transaction_pool_monitor::eth_client[0m[2m:[0m ✅ Transaction 0x8ffd5001514ef24114f7330fd971650d6f9f4e9811f3d03e0b6fa99c6879c29c fetched and parsed in 7.390709ms
[2m2025-12-10T10:13:41.262662Z[0m [34mDEBUG[0m [2methereum_transaction_pool_monitor::mempool_monitor[0m[2m:[0m 🔍 Skipping tx 0x8ffd5001514ef24114f7330fd971650d6f9f4e9811f3d03e0b6fa99c6879c29c - not a DEX interaction (target: 0xdAC17F958D2ee523a2206206994597C13D831ec7)
[2m2025-12-10T10:13:41.262669Z[0m [34mDEBUG[0m [2methereum_transaction_pool_monitor::mempool_monitor[0m[2m:[0m 📨 Processing new pending transaction: 0xf9f59363de9d8c58b5a67446fadab82c0441cd91fa22aa421d333f51ce12dde5
[2m2025-12-10T10:13:41.262673Z[0m [34mDEBUG[0m [2methereum_transaction_pool_monitor::mempool_monitor[0m[2m:[0m 🔍 Fetching transaction details for: 0xf9f59363de9d8c58b5a67446fadab82c0441cd91fa22aa421d333f51ce12dde5
[2m2025-12-10T10:13:41.262677Z[0m [34mDEBUG[0m [2methereum_transaction_pool_monitor::eth_client[0m[2m:[0m 🔍 Fetching transaction details for hash: 0xf9f59363de9d8c58b5a67446fadab82c0441cd91fa22aa421d333f51ce12dde5
[2m2025-12-10T10:13:41.262689Z[0m [34mDEBUG[0m [2mhyper::client::pool[0m[2m:[0m reuse idle connection for ("http", 192.168.0.14:8545)
[2m2025-12-10T10:13:41.262721Z[0m [34mDEBUG[0m [2mhyper::proto::h1::io[0m[2m:[0m flushed 250 bytes
[2m2025-12-10T10:13:41.263264Z[0m [34mDEBUG[0m [2methereum_transaction_pool_monitor::eth_client[0m[2m:[0m 📨 Received WebSocket message: {"jsonrpc":"2.0","method":"eth_subscription","params":{"subscription":"0xbed0a0851463e895960a451075a301a9","result":"0xc1d49027b2149b3696c17f5d0f6a57979c94d77c7354a8f11ed6f128c89fc76f"}}
[2m2025-12-10T10:13:41.263273Z[0m [34mDEBUG[0m [2methereum_transaction_pool_monitor::eth_client[0m[2m:[0m 📨 Received pending transaction: 0xc1d49027b2149b3696c17f5d0f6a57979c94d77c7354a8f11ed6f128c89fc76f
[2m2025-12-10T10:13:41.266282Z[0m [34mDEBUG[0m [2mhyper::proto::h1::io[0m[2m:[0m parsed 4 headers
[2m2025-12-10T10:13:41.266297Z[0m [34mDEBUG[0m [2mhyper::proto::h1::conn[0m[2m:[0m incoming body is content-length (748 bytes)
[2m2025-12-10T10:13:41.266304Z[0m [34mDEBUG[0m [2mhyper::proto::h1::conn[0m[2m:[0m incoming body completed
[2m2025-12-10T10:13:41.266313Z[0m [34mDEBUG[0m [2mhyper::client::pool[0m[2m:[0m pooling idle connection for ("http", 192.168.0.14:8545)
[2m2025-12-10T10:13:41.266319Z[0m [34mDEBUG[0m [2methereum_transaction_pool_monitor::eth_client[0m[2m:[0m 📡 Transaction fetch RPC completed in 3.638667ms
[2m2025-12-10T10:13:41.335085Z[0m [34mDEBUG[0m [2methereum_transaction_pool_monitor::eth_client[0m[2m:[0m ✅ Transaction 0xf9f59363de9d8c58b5a67446fadab82c0441cd91fa22aa421d333f51ce12dde5 fetched and parsed in 72.402167ms
[2m2025-12-10T10:13:41.335106Z[0m [34mDEBUG[0m [2methereum_transaction_pool_monitor::mempool_monitor[0m[2m:[0m 🔍 Skipping tx 0xf9f59363de9d8c58b5a67446fadab82c0441cd91fa22aa421d333f51ce12dde5 - not a DEX interaction (target: 0xA0b86991c6218b36c1d19D4a2e9Eb0cE3606eB48)
[2m2025-12-10T10:13:41.335113Z[0m [34mDEBUG[0m [2methereum_transaction_pool_monitor::mempool_monitor[0m[2m:[0m 📨 Processing new pending transaction: 0x25f4ddabba5f888820c6e76f40e1b7fc08606ea2f8861c872b0ec8dbee71b9b1
[2m2025-12-10T10:13:41.335117Z[0m [34mDEBUG[0m [2methereum_transaction_pool_monitor::mempool_monitor[0m[2m:[0m 🔍 Fetching transaction details for: 0x25f4ddabba5f888820c6e76f40e1b7fc08606ea2f8861c872b0ec8dbee71b9b1
[2m2025-12-10T10:13:41.335120Z[0m [34mDEBUG[0m [2methereum_transaction_pool_monitor::eth_client[0m[2m:[0m 🔍 Fetching transaction details for hash: 0x25f4ddabba5f888820c6e76f40e1b7fc08606ea2f8861c872b0ec8dbee71b9b1
[2m2025-12-10T10:13:41.335134Z[0m [34mDEBUG[0m [2mhyper::client::pool[0m[2m:[0m reuse idle connection for ("http", 192.168.0.14:8545)
[2m2025-12-10T10:13:41.335169Z[0m [34mDEBUG[0m [2mhyper::proto::h1::io[0m[2m:[0m flushed 250 bytes
[2m2025-12-10T10:13:41.335184Z[0m [34mDEBUG[0m [2mhyper::client::pool[0m[2m:[0m reuse idle connection for ("http", 192.168.0.14:8545)
[2m2025-12-10T10:13:41.335198Z[0m [34mDEBUG[0m [2mhyper::proto::h1::io[0m[2m:[0m flushed 172 bytes
[2m2025-12-10T10:13:41.335200Z[0m [34mDEBUG[0m [2methereum_transaction_pool_monitor::eth_client[0m[2m:[0m 📨 Received WebSocket message: {"jsonrpc":"2.0","method":"eth_subscription","params":{"subscription":"0xbed0a0851463e895960a451075a301a9","result":"0x4821530d31d30c7e12ffd2ecfa9dca106bfde7a25e016f959f9c4729d5b9d75f"}}
[2m2025-12-10T10:13:41.335209Z[0m [34mDEBUG[0m [2methereum_transaction_pool_monitor::eth_client[0m[2m:[0m 📨 Received pending transaction: 0x4821530d31d30c7e12ffd2ecfa9dca106bfde7a25e016f959f9c4729d5b9d75f
[2m2025-12-10T10:13:41.340651Z[0m [34mDEBUG[0m [2mhyper::proto::h1::io[0m[2m:[0m parsed 4 headers
[2m2025-12-10T10:13:41.340658Z[0m [34mDEBUG[0m [2mhyper::proto::h1::conn[0m[2m:[0m incoming body is content-length (3789 bytes)
[2m2025-12-10T10:13:41.340665Z[0m [34mDEBUG[0m [2mhyper::proto::h1::conn[0m[2m:[0m incoming body completed
[2m2025-12-10T10:13:41.340673Z[0m [34mDEBUG[0m [2mhyper::client::pool[0m[2m:[0m pooling idle connection for ("http", 192.168.0.14:8545)
[2m2025-12-10T10:13:41.340679Z[0m [34mDEBUG[0m [2methereum_transaction_pool_monitor::eth_client[0m[2m:[0m 📡 Transaction fetch RPC completed in 5.556333ms
[2m2025-12-10T10:13:41.413282Z[0m [34mDEBUG[0m [2methereum_transaction_pool_monitor::eth_client[0m[2m:[0m ✅ Transaction 0x25f4ddabba5f888820c6e76f40e1b7fc08606ea2f8861c872b0ec8dbee71b9b1 fetched and parsed in 78.156541ms
[2m2025-12-10T10:13:41.413300Z[0m [34mDEBUG[0m [2methereum_transaction_pool_monitor::mempool_monitor[0m[2m:[0m 🔍 Skipping tx 0x25f4ddabba5f888820c6e76f40e1b7fc08606ea2f8861c872b0ec8dbee71b9b1 - not a DEX interaction (target: 0x455bF23eA7575A537b6374953FA71B5F3653272c)
[2m2025-12-10T10:13:41.413308Z[0m [34mDEBUG[0m [2methereum_transaction_pool_monitor::mempool_monitor[0m[2m:[0m 📨 Processing new pending transaction: 0x2172595e2df36e9fff25c2433389ee252fa3ef6d1a7f64979369cc2e46a22d1a
[2m2025-12-10T10:13:41.413313Z[0m [34mDEBUG[0m [2methereum_transaction_pool_monitor::mempool_monitor[0m[2m:[0m 🔍 Fetching transaction details for: 0x2172595e2df36e9fff25c2433389ee252fa3ef6d1a7f64979369cc2e46a22d1a
[2m2025-12-10T10:13:41.413316Z[0m [34mDEBUG[0m [2methereum_transaction_pool_monitor::eth_client[0m[2m:[0m 🔍 Fetching transaction details for hash: 0x2172595e2df36e9fff25c2433389ee252fa3ef6d1a7f64979369cc2e46a22d1a
[2m2025-12-10T10:13:41.413332Z[0m [34mDEBUG[0m [2mhyper::client::pool[0m[2m:[0m reuse idle connection for ("http", 192.168.0.14:8545)
[2m2025-12-10T10:13:41.413380Z[0m [34mDEBUG[0m [2mhyper::proto::h1::io[0m[2m:[0m flushed 250 bytes
[2m2025-12-10T10:13:41.413401Z[0m [34mDEBUG[0m [2methereum_transaction_pool_monitor::eth_client[0m[2m:[0m 📨 Received WebSocket message: {"jsonrpc":"2.0","method":"eth_subscription","params":{"subscription":"0xbed0a0851463e895960a451075a301a9","result":"0x1700e6649c74c8f5d41f6ec6d0f83d03df8f96a0fb2b5bbb05b14af0fc69e137"}}
[2m2025-12-10T10:13:41.413407Z[0m [34mDEBUG[0m [2methereum_transaction_pool_monitor::eth_client[0m[2m:[0m 📨 Received pending transaction: 0x1700e6649c74c8f5d41f6ec6d0f83d03df8f96a0fb2b5bbb05b14af0fc69e137
[2m2025-12-10T10:13:41.413419Z[0m [34mDEBUG[0m [2mhyper::proto::h1::io[0m[2m:[0m parsed 4 headers
[2m2025-12-10T10:13:41.413422Z[0m [34mDEBUG[0m [2mhyper::proto::h1::conn[0m[2m:[0m incoming body is content-length (45 bytes)
[2m2025-12-10T10:13:41.413428Z[0m [34mDEBUG[0m [2mhyper::proto::h1::conn[0m[2m:[0m incoming body completed
[2m2025-12-10T10:13:41.413434Z[0m [34mDEBUG[0m [2mhyper::client::pool[0m[2m:[0m pooling idle connection for ("http", 192.168.0.14:8545)
[2m2025-12-10T10:13:41.413446Z[0m [34mDEBUG[0m [2mhyper::client::pool[0m[2m:[0m reuse idle connection for ("http", 192.168.0.14:8545)
[2m2025-12-10T10:13:41.413458Z[0m [34mDEBUG[0m [2mhyper::proto::h1::io[0m[2m:[0m flushed 172 bytes
[2m2025-12-10T10:13:41.416445Z[0m [34mDEBUG[0m [2mhyper::proto::h1::io[0m[2m:[0m parsed 4 headers
[2m2025-12-10T10:13:41.416457Z[0m [34mDEBUG[0m [2mhyper::proto::h1::conn[0m[2m:[0m incoming body is content-length (3290 bytes)
[2m2025-12-10T10:13:41.416470Z[0m [34mDEBUG[0m [2methereum_transaction_pool_monitor::eth_client[0m[2m:[0m 📡 Transaction fetch RPC completed in 3.150333ms
[2m2025-12-10T10:13:41.417293Z[0m [34mDEBUG[0m [2mhyper::proto::h1::conn[0m[2m:[0m incoming body completed
[2m2025-12-10T10:13:41.417302Z[0m [34mDEBUG[0m [2mhyper::client::pool[0m[2m:[0m pooling idle connection for ("http", 192.168.0.14:8545)
[2m2025-12-10T10:13:41.418004Z[0m [34mDEBUG[0m [2mhyper::proto::h1::io[0m[2m:[0m parsed 4 headers
[2m2025-12-10T10:13:41.418026Z[0m [34mDEBUG[0m [2mhyper::proto::h1::conn[0m[2m:[0m incoming body is content-length (45 bytes)
[2m2025-12-10T10:13:41.418038Z[0m [34mDEBUG[0m [2mhyper::proto::h1::conn[0m[2m:[0m incoming body completed
[2m2025-12-10T10:13:41.418051Z[0m [34mDEBUG[0m [2mhyper::client::pool[0m[2m:[0m pooling idle connection for ("http", 192.168.0.14:8545)
[2m2025-12-10T10:13:41.459447Z[0m [34mDEBUG[0m [2methereum_transaction_pool_monitor::eth_client[0m[2m:[0m 📨 Received WebSocket message: {"jsonrpc":"2.0","method":"eth_subscription","params":{"subscription":"0xbed0a0851463e895960a451075a301a9","result":"0xd4ad3616549f78423eb6cfe2dba1c38113aa2a7288807bc744a85da3c37865d1"}}
[2m2025-12-10T10:13:41.459467Z[0m [34mDEBUG[0m [2methereum_transaction_pool_monitor::eth_client[0m[2m:[0m 📨 Received pending transaction: 0xd4ad3616549f78423eb6cfe2dba1c38113aa2a7288807bc744a85da3c37865d1
[2m2025-12-10T10:13:41.490256Z[0m [34mDEBUG[0m [2methereum_transaction_pool_monitor::eth_client[0m[2m:[0m ✅ Transaction 0x2172595e2df36e9fff25c2433389ee252fa3ef6d1a7f64979369cc2e46a22d1a fetched and parsed in 76.933708ms
[2m2025-12-10T10:13:41.490279Z[0m [34mDEBUG[0m [2methereum_transaction_pool_monitor::mempool_monitor[0m[2m:[0m 🔍 Skipping tx 0x2172595e2df36e9fff25c2433389ee252fa3ef6d1a7f64979369cc2e46a22d1a - not a DEX interaction (target: 0x80de9a92EC9CAa691D11a3D08188267eC6e8aAF5)
[2m2025-12-10T10:13:41.490291Z[0m [34mDEBUG[0m [2methereum_transaction_pool_monitor::mempool_monitor[0m[2m:[0m 📨 Processing new pending transaction: 0x80dea206b4c432ebc55c9c3a3d282f384b4b55df8285393a29772ce09add9768
[2m2025-12-10T10:13:41.490299Z[0m [34mDEBUG[0m [2methereum_transaction_pool_monitor::mempool_monitor[0m[2m:[0m 🔍 Fetching transaction details for: 0x80dea206b4c432ebc55c9c3a3d282f384b4b55df8285393a29772ce09add9768
[2m2025-12-10T10:13:41.490312Z[0m [34mDEBUG[0m [2methereum_transaction_pool_monitor::eth_client[0m[2m:[0m 🔍 Fetching transaction details for hash: 0x80dea206b4c432ebc55c9c3a3d282f384b4b55df8285393a29772ce09add9768
[2m2025-12-10T10:13:41.490329Z[0m [34mDEBUG[0m [2mhyper::client::pool[0m[2m:[0m reuse idle connection for ("http", 192.168.0.14:8545)
[2m2025-12-10T10:13:41.490359Z[0m [34mDEBUG[0m [2mhyper::proto::h1::io[0m[2m:[0m flushed 250 bytes
[2m2025-12-10T10:13:41.499225Z[0m [34mDEBUG[0m [2mhyper::client::pool[0m[2m:[0m reuse idle connection for ("http", 192.168.0.14:8545)
[2m2025-12-10T10:13:41.499255Z[0m [34mDEBUG[0m [2mhyper::proto::h1::io[0m[2m:[0m flushed 172 bytes
[2m2025-12-10T10:13:41.499283Z[0m [34mDEBUG[0m [2mhyper::proto::h1::io[0m[2m:[0m parsed 4 headers
[2m2025-12-10T10:13:41.499286Z[0m [34mDEBUG[0m [2mhyper::proto::h1::conn[0m[2m:[0m incoming body is content-length (2075 bytes)
[2m2025-12-10T10:13:41.499293Z[0m [34mDEBUG[0m [2mhyper::proto::h1::conn[0m[2m:[0m incoming body completed
[2m2025-12-10T10:13:41.499299Z[0m [34mDEBUG[0m [2mhyper::client::pool[0m[2m:[0m pooling idle connection for ("http", 192.168.0.14:8545)
[2m2025-12-10T10:13:41.499303Z[0m [34mDEBUG[0m [2methereum_transaction_pool_monitor::eth_client[0m[2m:[0m 📡 Transaction fetch RPC completed in 8.987833ms
[2m2025-12-10T10:13:41.503488Z[0m [34mDEBUG[0m [2mhyper::proto::h1::io[0m[2m:[0m parsed 4 headers
[2m2025-12-10T10:13:41.503521Z[0m [34mDEBUG[0m [2mhyper::proto::h1::conn[0m[2m:[0m incoming body is content-length (45 bytes)
[2m2025-12-10T10:13:41.503535Z[0m [34mDEBUG[0m [2mhyper::proto::h1::conn[0m[2m:[0m incoming body completed
[2m2025-12-10T10:13:41.503602Z[0m [34mDEBUG[0m [2mhyper::client::pool[0m[2m:[0m pooling idle connection for ("http", 192.168.0.14:8545)
[2m2025-12-10T10:13:41.554306Z[0m [34mDEBUG[0m [2methereum_transaction_pool_monitor::eth_client[0m[2m:[0m 📨 Received WebSocket message: {"jsonrpc":"2.0","method":"eth_subscription","params":{"subscription":"0xbed0a0851463e895960a451075a301a9","result":"0xc74856d4ce17a06c1862e17858a5427c1c32f3f79374c1bc46167e386cebd034"}}
[2m2025-12-10T10:13:41.558040Z[0m [34mDEBUG[0m [2methereum_transaction_pool_monitor::eth_client[0m[2m:[0m 📨 Received pending transaction: 0xc74856d4ce17a06c1862e17858a5427c1c32f3f79374c1bc46167e386cebd034
[2m2025-12-10T10:13:41.571439Z[0m [34mDEBUG[0m [2methereum_transaction_pool_monitor::eth_client[0m[2m:[0m ✅ Transaction 0x80dea206b4c432ebc55c9c3a3d282f384b4b55df8285393a29772ce09add9768 fetched and parsed in 81.121416ms
[2m2025-12-10T10:13:41.571461Z[0m [34mDEBUG[0m [2methereum_transaction_pool_monitor::mempool_monitor[0m[2m:[0m 🔍 Skipping tx 0x80dea206b4c432ebc55c9c3a3d282f384b4b55df8285393a29772ce09add9768 - not a DEX interaction (target: 0x23859b51117dbFBcdEf5b757028B18d7759a4460)
[2m2025-12-10T10:13:41.571469Z[0m [34mDEBUG[0m [2methereum_transaction_pool_monitor::mempool_monitor[0m[2m:[0m 📨 Processing new pending transaction: 0x62d9e7648eea8a84e57441c17c8e56c1bcef3c6223c997fb7a6f5153a65cf841
[2m2025-12-10T10:13:41.571473Z[0m [34mDEBUG[0m [2methereum_transaction_pool_monitor::mempool_monitor[0m[2m:[0m 🔍 Fetching transaction details for: 0x62d9e7648eea8a84e57441c17c8e56c1bcef3c6223c997fb7a6f5153a65cf841
[2m2025-12-10T10:13:41.571477Z[0m [34mDEBUG[0m [2methereum_transaction_pool_monitor::eth_client[0m[2m:[0m 🔍 Fetching transaction details for hash: 0x62d9e7648eea8a84e57441c17c8e56c1bcef3c6223c997fb7a6f5153a65cf841
[2m2025-12-10T10:13:41.571496Z[0m [34mDEBUG[0m [2mhyper::client::pool[0m[2m:[0m reuse idle connection for ("http", 192.168.0.14:8545)
[2m2025-12-10T10:13:41.571533Z[0m [34mDEBUG[0m [2mhyper::proto::h1::io[0m[2m:[0m flushed 250 bytes
[2m2025-12-10T10:13:41.572238Z[0m [34mDEBUG[0m [2methereum_transaction_pool_monitor::eth_client[0m[2m:[0m 📨 Received WebSocket message: {"jsonrpc":"2.0","method":"eth_subscription","params":{"subscription":"0xbed0a0851463e895960a451075a301a9","result":"0xd41da3adc35c97aeb4f81457cff9ca11e5ead0a1f237cb6493f239048afc1f61"}}
[2m2025-12-10T10:13:41.572256Z[0m [34mDEBUG[0m [2methereum_transaction_pool_monitor::eth_client[0m[2m:[0m 📨 Received pending transaction: 0xd41da3adc35c97aeb4f81457cff9ca11e5ead0a1f237cb6493f239048afc1f61
[2m2025-12-10T10:13:41.574991Z[0m [34mDEBUG[0m [2mhyper::proto::h1::io[0m[2m:[0m parsed 4 headers
[2m2025-12-10T10:13:41.575000Z[0m [34mDEBUG[0m [2mhyper::proto::h1::conn[0m[2m:[0m incoming body is content-length (838 bytes)
[2m2025-12-10T10:13:41.575007Z[0m [34mDEBUG[0m [2mhyper::proto::h1::conn[0m[2m:[0m incoming body completed
[2m2025-12-10T10:13:41.575015Z[0m [34mDEBUG[0m [2mhyper::client::pool[0m[2m:[0m pooling idle connection for ("http", 192.168.0.14:8545)
[2m2025-12-10T10:13:41.575020Z[0m [34mDEBUG[0m [2methereum_transaction_pool_monitor::eth_client[0m[2m:[0m 📡 Transaction fetch RPC completed in 3.536958ms
[2m2025-12-10T10:13:41.645918Z[0m [34mDEBUG[0m [2methereum_transaction_pool_monitor::eth_client[0m[2m:[0m ✅ Transaction 0x62d9e7648eea8a84e57441c17c8e56c1bcef3c6223c997fb7a6f5153a65cf841 fetched and parsed in 74.43225ms
[2m2025-12-10T10:13:41.645940Z[0m [34mDEBUG[0m [2methereum_transaction_pool_monitor::mempool_monitor[0m[2m:[0m 🔍 Skipping tx 0x62d9e7648eea8a84e57441c17c8e56c1bcef3c6223c997fb7a6f5153a65cf841 - not a DEX interaction (target: 0xA0b86991c6218b36c1d19D4a2e9Eb0cE3606eB48)
[2m2025-12-10T10:13:41.645947Z[0m [34mDEBUG[0m [2methereum_transaction_pool_monitor::mempool_monitor[0m[2m:[0m 📨 Processing new pending transaction: 0x9c378891330d1bf5263896f630ff9f6981fd58a9fa9164a8ed514d05bea51086
[2m2025-12-10T10:13:41.645951Z[0m [34mDEBUG[0m [2methereum_transaction_pool_monitor::mempool_monitor[0m[2m:[0m 🔍 Fetching transaction details for: 0x9c378891330d1bf5263896f630ff9f6981fd58a9fa9164a8ed514d05bea51086
[2m2025-12-10T10:13:41.645954Z[0m [34mDEBUG[0m [2methereum_transaction_pool_monitor::eth_client[0m[2m:[0m 🔍 Fetching transaction details for hash: 0x9c378891330d1bf5263896f630ff9f6981fd58a9fa9164a8ed514d05bea51086
[2m2025-12-10T10:13:41.645969Z[0m [34mDEBUG[0m [2mhyper::client::pool[0m[2m:[0m reuse idle connection for ("http", 192.168.0.14:8545)
[2m2025-12-10T10:13:41.646009Z[0m [34mDEBUG[0m [2mhyper::proto::h1::io[0m[2m:[0m flushed 250 bytes
[2m2025-12-10T10:13:41.646025Z[0m [34mDEBUG[0m [2mhyper::client::pool[0m[2m:[0m reuse idle connection for ("http", 192.168.0.14:8545)
[2m2025-12-10T10:13:41.646036Z[0m [34mDEBUG[0m [2mhyper::proto::h1::io[0m[2m:[0m flushed 172 bytes
[2m2025-12-10T10:13:41.646067Z[0m [34mDEBUG[0m [2methereum_transaction_pool_monitor::eth_client[0m[2m:[0m 📨 Received WebSocket message: {"jsonrpc":"2.0","method":"eth_subscription","params":{"subscription":"0xbed0a0851463e895960a451075a301a9","result":"0xcd89e0818b09fb7dd01d07b05c2b26a037789c0224930a39beaef4f2535815c8"}}
[2m2025-12-10T10:13:41.646073Z[0m [34mDEBUG[0m [2methereum_transaction_pool_monitor::eth_client[0m[2m:[0m 📨 Received pending transaction: 0xcd89e0818b09fb7dd01d07b05c2b26a037789c0224930a39beaef4f2535815c8
[2m2025-12-10T10:13:41.646077Z[0m [32m INFO[0m [2methereum_transaction_pool_monitor::eth_client[0m[2m:[0m 📊 WebSocket stats - Total: 4596 transactions, Rate: 13.4 tx/s
[2m2025-12-10T10:13:41.649925Z[0m [34mDEBUG[0m [2mhyper::proto::h1::io[0m[2m:[0m parsed 4 headers
[2m2025-12-10T10:13:41.649935Z[0m [34mDEBUG[0m [2mhyper::proto::h1::conn[0m[2m:[0m incoming body is content-length (3119 bytes)
[2m2025-12-10T10:13:41.649949Z[0m [34mDEBUG[0m [2methereum_transaction_pool_monitor::eth_client[0m[2m:[0m 📡 Transaction fetch RPC completed in 3.991125ms
[2m2025-12-10T10:13:41.653410Z[0m [34mDEBUG[0m [2mhyper::proto::h1::conn[0m[2m:[0m incoming body completed
[2m2025-12-10T10:13:41.653423Z[0m [34mDEBUG[0m [2mhyper::client::pool[0m[2m:[0m pooling idle connection for ("http", 192.168.0.14:8545)
[2m2025-12-10T10:13:41.653439Z[0m [34mDEBUG[0m [2mhyper::proto::h1::io[0m[2m:[0m parsed 4 headers
[2m2025-12-10T10:13:41.653445Z[0m [34mDEBUG[0m [2mhyper::proto::h1::conn[0m[2m:[0m incoming body is content-length (45 bytes)
[2m2025-12-10T10:13:41.653450Z[0m [34mDEBUG[0m [2mhyper::proto::h1::conn[0m[2m:[0m incoming body completed
[2m2025-12-10T10:13:41.653456Z[0m [34mDEBUG[0m [2mhyper::client::pool[0m[2m:[0m pooling idle connection for ("http", 192.168.0.14:8545)
[2m2025-12-10T10:13:41.698530Z[0m [34mDEBUG[0m [2mhyper::client::pool[0m[2m:[0m reuse idle connection for ("http", 192.168.0.14:8545)
[2m2025-12-10T10:13:41.698548Z[0m [34mDEBUG[0m [2methereum_transaction_pool_monitor::eth_client[0m[2m:[0m 📨 Received WebSocket message: {"jsonrpc":"2.0","method":"eth_subscription","params":{"subscription":"0xbed0a0851463e895960a451075a301a9","result":"0xf4cf647653fc5fe48e6334da1ded5c7e65659db3c53278c1baf796db4d094d31"}}
[2m2025-12-10T10:13:41.698595Z[0m [34mDEBUG[0m [2methereum_transaction_pool_monitor::eth_client[0m[2m:[0m 📨 Received pending transaction: 0xf4cf647653fc5fe48e6334da1ded5c7e65659db3c53278c1baf796db4d094d31
[2m2025-12-10T10:13:41.698620Z[0m [34mDEBUG[0m [2mhyper::proto::h1::io[0m[2m:[0m flushed 172 bytes
[2m2025-12-10T10:13:41.702340Z[0m [34mDEBUG[0m [2mhyper::proto::h1::io[0m[2m:[0m parsed 4 headers
[2m2025-12-10T10:13:41.702359Z[0m [34mDEBUG[0m [2mhyper::proto::h1::conn[0m[2m:[0m incoming body is content-length (45 bytes)
[2m2025-12-10T10:13:41.702372Z[0m [34mDEBUG[0m [2mhyper::proto::h1::conn[0m[2m:[0m incoming body completed
[2m2025-12-10T10:13:41.702393Z[0m [34mDEBUG[0m [2mhyper::client::pool[0m[2m:[0m pooling idle connection for ("http", 192.168.0.14:8545)
[2m2025-12-10T10:13:41.703994Z[0m [34mDEBUG[0m [2methereum_transaction_pool_monitor::eth_client[0m[2m:[0m 📨 Received WebSocket message: {"jsonrpc":"2.0","method":"eth_subscription","params":{"subscription":"0xbed0a0851463e895960a451075a301a9","result":"0x8494b7aa325d58f21bf25d6da856614a7d0978b0fb9daec1b0142b01884bcd2a"}}
[2m2025-12-10T10:13:41.704011Z[0m [34mDEBUG[0m [2methereum_transaction_pool_monitor::eth_client[0m[2m:[0m 📨 Received pending transaction: 0x8494b7aa325d58f21bf25d6da856614a7d0978b0fb9daec1b0142b01884bcd2a
[2m2025-12-10T10:13:41.724390Z[0m [34mDEBUG[0m [2methereum_transaction_pool_monitor::eth_client[0m[2m:[0m 📨 Received WebSocket message: {"jsonrpc":"2.0","method":"eth_subscription","params":{"subscription":"0xbed0a0851463e895960a451075a301a9","result":"0x54937ad5e2eb8cc9934fe9ea76dff0b45b6e576bebf1b19ed4ea6aa57354c660"}}
[2m2025-12-10T10:13:41.724446Z[0m [34mDEBUG[0m [2methereum_transaction_pool_monitor::eth_client[0m[2m:[0m 📨 Received pending transaction: 0x54937ad5e2eb8cc9934fe9ea76dff0b45b6e576bebf1b19ed4ea6aa57354c660
[2m2025-12-10T10:13:41.726362Z[0m [34mDEBUG[0m [2methereum_transaction_pool_monitor::eth_client[0m[2m:[0m ✅ Transaction 0x9c378891330d1bf5263896f630ff9f6981fd58a9fa9164a8ed514d05bea51086 fetched and parsed in 80.403125ms
[2m2025-12-10T10:13:41.726375Z[0m [34mDEBUG[0m [2methereum_transaction_pool_monitor::mempool_monitor[0m[2m:[0m 🔍 Skipping tx 0x9c378891330d1bf5263896f630ff9f6981fd58a9fa9164a8ed514d05bea51086 - not a DEX interaction (target: 0x3B4D794a66304F130a4Db8F2551B0070dfCf5ca7)
[2m2025-12-10T10:13:41.726384Z[0m [34mDEBUG[0m [2methereum_transaction_pool_monitor::mempool_monitor[0m[2m:[0m 📨 Processing new pending transaction: 0x079e04aad7f0c42557f1d51a3d4c765f727153889b5e1b217b915654e25a1a0b
[2m2025-12-10T10:13:41.726390Z[0m [34mDEBUG[0m [2methereum_transaction_pool_monitor::mempool_monitor[0m[2m:[0m 🔍 Fetching transaction details for: 0x079e04aad7f0c42557f1d51a3d4c765f727153889b5e1b217b915654e25a1a0b
[2m2025-12-10T10:13:41.726393Z[0m [34mDEBUG[0m [2methereum_transaction_pool_monitor::eth_client[0m[2m:[0m 🔍 Fetching transaction details for hash: 0x079e04aad7f0c42557f1d51a3d4c765f727153889b5e1b217b915654e25a1a0b
[2m2025-12-10T10:13:41.726411Z[0m [34mDEBUG[0m [2mhyper::client::pool[0m[2m:[0m reuse idle connection for ("http", 192.168.0.14:8545)
[2m2025-12-10T10:13:41.726450Z[0m [34mDEBUG[0m [2mhyper::proto::h1::io[0m[2m:[0m flushed 250 bytes
[2m2025-12-10T10:13:41.733101Z[0m [34mDEBUG[0m [2mhyper::proto::h1::io[0m[2m:[0m parsed 4 headers
[2m2025-12-10T10:13:41.733111Z[0m [34mDEBUG[0m [2mhyper::proto::h1::conn[0m[2m:[0m incoming body is content-length (723 bytes)
[2m2025-12-10T10:13:41.733119Z[0m [34mDEBUG[0m [2mhyper::proto::h1::conn[0m[2m:[0m incoming body completed
[2m2025-12-10T10:13:41.733128Z[0m [34mDEBUG[0m [2mhyper::client::pool[0m[2m:[0m pooling idle connection for ("http", 192.168.0.14:8545)
[2m2025-12-10T10:13:41.733135Z[0m [34mDEBUG[0m [2methereum_transaction_pool_monitor::eth_client[0m[2m:[0m 📡 Transaction fetch RPC completed in 6.737834ms
[2m2025-12-10T10:13:41.805592Z[0m [34mDEBUG[0m [2methereum_transaction_pool_monitor::eth_client[0m[2m:[0m ✅ Transaction 0x079e04aad7f0c42557f1d51a3d4c765f727153889b5e1b217b915654e25a1a0b fetched and parsed in 79.191667ms
[2m2025-12-10T10:13:41.805620Z[0m [34mDEBUG[0m [2methereum_transaction_pool_monitor::mempool_monitor[0m[2m:[0m 🔍 Skipping tx 0x079e04aad7f0c42557f1d51a3d4c765f727153889b5e1b217b915654e25a1a0b - not a DEX interaction (target: 0x28D723CF4B3D200875dCE53327121Bef66fE5bC2)
[2m2025-12-10T10:13:41.805630Z[0m [34mDEBUG[0m [2methereum_transaction_pool_monitor::mempool_monitor[0m[2m:[0m 📨 Processing new pending transaction: 0xcd8e85e57c245c49f1dea07a1bd0ab82fb0761c2baffbc182357762ac8bd7fcb
[2m2025-12-10T10:13:41.805635Z[0m [34mDEBUG[0m [2methereum_transaction_pool_monitor::mempool_monitor[0m[2m:[0m 🔍 Fetching transaction details for: 0xcd8e85e57c245c49f1dea07a1bd0ab82fb0761c2baffbc182357762ac8bd7fcb
[2m2025-12-10T10:13:41.805639Z[0m [34mDEBUG[0m [2methereum_transaction_pool_monitor::eth_client[0m[2m:[0m 🔍 Fetching transaction details for hash: 0xcd8e85e57c245c49f1dea07a1bd0ab82fb0761c2baffbc182357762ac8bd7fcb
[2m2025-12-10T10:13:41.805660Z[0m [34mDEBUG[0m [2mhyper::client::pool[0m[2m:[0m reuse idle connection for ("http", 192.168.0.14:8545)
[2m2025-12-10T10:13:41.805695Z[0m [34mDEBUG[0m [2mhyper::proto::h1::io[0m[2m:[0m flushed 250 bytes
[2m2025-12-10T10:13:41.805716Z[0m [34mDEBUG[0m [2mhyper::client::pool[0m[2m:[0m reuse idle connection for ("http", 192.168.0.14:8545)
[2m2025-12-10T10:13:41.805731Z[0m [34mDEBUG[0m [2mhyper::proto::h1::io[0m[2m:[0m flushed 172 bytes
[2m2025-12-10T10:13:41.805763Z[0m [34mDEBUG[0m [2methereum_transaction_pool_monitor::eth_client[0m[2m:[0m 📨 Received WebSocket message: {"jsonrpc":"2.0","method":"eth_subscription","params":{"subscription":"0xbed0a0851463e895960a451075a301a9","result":"0x550c3d160e5f71450e6e8d6c145e675fc3d43f57cbaf4a4d397976b4638c695c"}}
[2m2025-12-10T10:13:41.805796Z[0m [34mDEBUG[0m [2methereum_transaction_pool_monitor::eth_client[0m[2m:[0m 📨 Received pending transaction: 0x550c3d160e5f71450e6e8d6c145e675fc3d43f57cbaf4a4d397976b4638c695c
[2m2025-12-10T10:13:41.813111Z[0m [34mDEBUG[0m [2mhyper::proto::h1::io[0m[2m:[0m parsed 4 headers
[2m2025-12-10T10:13:41.813132Z[0m [34mDEBUG[0m [2mhyper::proto::h1::conn[0m[2m:[0m incoming body is content-length (715 bytes)
[2m2025-12-10T10:13:41.813142Z[0m [34mDEBUG[0m [2mhyper::proto::h1::conn[0m[2m:[0m incoming body completed
[2m2025-12-10T10:13:41.813158Z[0m [34mDEBUG[0m [2mhyper::client::pool[0m[2m:[0m pooling idle connection for ("http", 192.168.0.14:8545)
[2m2025-12-10T10:13:41.813168Z[0m [34mDEBUG[0m [2methereum_transaction_pool_monitor::eth_client[0m[2m:[0m 📡 Transaction fetch RPC completed in 7.525084ms
[2m2025-12-10T10:13:41.882688Z[0m [34mDEBUG[0m [2methereum_transaction_pool_monitor::eth_client[0m[2m:[0m ✅ Transaction 0xcd8e85e57c245c49f1dea07a1bd0ab82fb0761c2baffbc182357762ac8bd7fcb fetched and parsed in 77.042625ms
[2m2025-12-10T10:13:41.882709Z[0m [34mDEBUG[0m [2methereum_transaction_pool_monitor::mempool_monitor[0m[2m:[0m 🔍 Skipping tx 0xcd8e85e57c245c49f1dea07a1bd0ab82fb0761c2baffbc182357762ac8bd7fcb - not a DEX interaction (target: 0xc0BF3C1ff955Bc58f623180Ea5698ebb544FB962)
[2m2025-12-10T10:13:41.882725Z[0m [34mDEBUG[0m [2methereum_transaction_pool_monitor::mempool_monitor[0m[2m:[0m 📨 Processing new pending transaction: 0x7004796fc3a7361a9e03a4506c50d2d5e96ca7eff30675c4d025267d1f0d60c8
[2m2025-12-10T10:13:41.882730Z[0m [34mDEBUG[0m [2methereum_transaction_pool_monitor::mempool_monitor[0m[2m:[0m 🔍 Fetching transaction details for: 0x7004796fc3a7361a9e03a4506c50d2d5e96ca7eff30675c4d025267d1f0d60c8
[2m2025-12-10T10:13:41.882734Z[0m [34mDEBUG[0m [2methereum_transaction_pool_monitor::eth_client[0m[2m:[0m 🔍 Fetching transaction details for hash: 0x7004796fc3a7361a9e03a4506c50d2d5e96ca7eff30675c4d025267d1f0d60c8
[2m2025-12-10T10:13:41.882753Z[0m [34mDEBUG[0m [2mhyper::client::pool[0m[2m:[0m reuse idle connection for ("http", 192.168.0.14:8545)
[2m2025-12-10T10:13:41.882794Z[0m [34mDEBUG[0m [2mhyper::proto::h1::io[0m[2m:[0m flushed 250 bytes
[2m2025-12-10T10:13:41.882818Z[0m [34mDEBUG[0m [2methereum_transaction_pool_monitor::eth_client[0m[2m:[0m 📨 Received WebSocket message: {"jsonrpc":"2.0","method":"eth_subscription","params":{"subscription":"0xbed0a0851463e895960a451075a301a9","result":"0xa49a52af4c063e0b744b127c72247e94b3d278ea30e9147ad55eb82c2dd788e7"}}
[2m2025-12-10T10:13:41.882826Z[0m [34mDEBUG[0m [2methereum_transaction_pool_monitor::eth_client[0m[2m:[0m 📨 Received pending transaction: 0xa49a52af4c063e0b744b127c72247e94b3d278ea30e9147ad55eb82c2dd788e7
[2m2025-12-10T10:13:41.882840Z[0m [34mDEBUG[0m [2mhyper::proto::h1::io[0m[2m:[0m parsed 4 headers
[2m2025-12-10T10:13:41.882878Z[0m [34mDEBUG[0m [2mhyper::proto::h1::conn[0m[2m:[0m incoming body is content-length (45 bytes)
[2m2025-12-10T10:13:41.882904Z[0m [34mDEBUG[0m [2mhyper::proto::h1::conn[0m[2m:[0m incoming body completed
[2m2025-12-10T10:13:41.882913Z[0m [34mDEBUG[0m [2mhyper::client::pool[0m[2m:[0m pooling idle connection for ("http", 192.168.0.14:8545)
[2m2025-12-10T10:13:41.890416Z[0m [34mDEBUG[0m [2mhyper::proto::h1::io[0m[2m:[0m parsed 4 headers
[2m2025-12-10T10:13:41.890430Z[0m [34mDEBUG[0m [2mhyper::proto::h1::conn[0m[2m:[0m incoming body is content-length (627 bytes)
[2m2025-12-10T10:13:41.890438Z[0m [34mDEBUG[0m [2mhyper::proto::h1::conn[0m[2m:[0m incoming body completed
[2m2025-12-10T10:13:41.890446Z[0m [34mDEBUG[0m [2mhyper::client::pool[0m[2m:[0m pooling idle connection for ("http", 192.168.0.14:8545)
[2m2025-12-10T10:13:41.890452Z[0m [34mDEBUG[0m [2methereum_transaction_pool_monitor::eth_client[0m[2m:[0m 📡 Transaction fetch RPC completed in 7.714ms
[2m2025-12-10T10:13:41.959333Z[0m [34mDEBUG[0m [2methereum_transaction_pool_monitor::eth_client[0m[2m:[0m ✅ Transaction 0x7004796fc3a7361a9e03a4506c50d2d5e96ca7eff30675c4d025267d1f0d60c8 fetched and parsed in 76.592791ms
[2m2025-12-10T10:13:41.959349Z[0m [34mDEBUG[0m [2methereum_transaction_pool_monitor::mempool_monitor[0m[2m:[0m 🔍 Skipping tx 0x7004796fc3a7361a9e03a4506c50d2d5e96ca7eff30675c4d025267d1f0d60c8 - not a DEX interaction (target: 0xb3A19AeBc4E81dCF15aa8Afa81120eD3E1e29C6d)
[2m2025-12-10T10:13:41.959358Z[0m [34mDEBUG[0m [2methereum_transaction_pool_monitor::mempool_monitor[0m[2m:[0m 📨 Processing new pending transaction: 0x230a4215d719104884f11c15549b36e10b24697e2382e0da5504674650e9c9b1
[2m2025-12-10T10:13:41.959361Z[0m [34mDEBUG[0m [2methereum_transaction_pool_monitor::mempool_monitor[0m[2m:[0m 🔍 Fetching transaction details for: 0x230a4215d719104884f11c15549b36e10b24697e2382e0da5504674650e9c9b1
[2m2025-12-10T10:13:41.959367Z[0m [34mDEBUG[0m [2methereum_transaction_pool_monitor::eth_client[0m[2m:[0m 🔍 Fetching transaction details for hash: 0x230a4215d719104884f11c15549b36e10b24697e2382e0da5504674650e9c9b1
[2m2025-12-10T10:13:41.959383Z[0m [34mDEBUG[0m [2mhyper::client::pool[0m[2m:[0m reuse idle connection for ("http", 192.168.0.14:8545)
[2m2025-12-10T10:13:41.959427Z[0m [34mDEBUG[0m [2mhyper::proto::h1::io[0m[2m:[0m flushed 250 bytes
[2m2025-12-10T10:13:41.959451Z[0m [34mDEBUG[0m [2mhyper::client::pool[0m[2m:[0m reuse idle connection for ("http", 192.168.0.14:8545)
[2m2025-12-10T10:13:41.959461Z[0m [34mDEBUG[0m [2mhyper::proto::h1::io[0m[2m:[0m flushed 172 bytes
[2m2025-12-10T10:13:41.966616Z[0m [34mDEBUG[0m [2mhyper::proto::h1::io[0m[2m:[0m parsed 4 headers
[2m2025-12-10T10:13:41.966621Z[0m [34mDEBUG[0m [2mhyper::proto::h1::conn[0m[2m:[0m incoming body is content-length (1631 bytes)
[2m2025-12-10T10:13:41.966627Z[0m [34mDEBUG[0m [2mhyper::proto::h1::conn[0m[2m:[0m incoming body completed
[2m2025-12-10T10:13:41.966634Z[0m [34mDEBUG[0m [2mhyper::client::pool[0m[2m:[0m pooling idle connection for ("http", 192.168.0.14:8545)
[2m2025-12-10T10:13:41.966639Z[0m [34mDEBUG[0m [2methereum_transaction_pool_monitor::eth_client[0m[2m:[0m 📡 Transaction fetch RPC completed in 7.268916ms
[2m2025-12-10T10:13:42.038713Z[0m [34mDEBUG[0m [2methereum_transaction_pool_monitor::eth_client[0m[2m:[0m ✅ Transaction 0x230a4215d719104884f11c15549b36e10b24697e2382e0da5504674650e9c9b1 fetched and parsed in 79.339791ms
[2m2025-12-10T10:13:42.038737Z[0m [34mDEBUG[0m [2methereum_transaction_pool_monitor::mempool_monitor[0m[2m:[0m 🔍 Skipping tx 0x230a4215d719104884f11c15549b36e10b24697e2382e0da5504674650e9c9b1 - not a DEX interaction (target: 0x5c7BCd6E7De5423a257D81B442095A1a6ced35C5)
[2m2025-12-10T10:13:42.038747Z[0m [34mDEBUG[0m [2methereum_transaction_pool_monitor::mempool_monitor[0m[2m:[0m 📨 Processing new pending transaction: 0x271b70f53507ea5ae52ce7c2061428fac7975f6a71ada6bb4ce5d98434916053
[2m2025-12-10T10:13:42.038752Z[0m [34mDEBUG[0m [2methereum_transaction_pool_monitor::mempool_monitor[0m[2m:[0m 🔍 Fetching transaction details for: 0x271b70f53507ea5ae52ce7c2061428fac7975f6a71ada6bb4ce5d98434916053
[2m2025-12-10T10:13:42.038756Z[0m [34mDEBUG[0m [2methereum_transaction_pool_monitor::eth_client[0m[2m:[0m 🔍 Fetching transaction details for hash: 0x271b70f53507ea5ae52ce7c2061428fac7975f6a71ada6bb4ce5d98434916053
[2m2025-12-10T10:13:42.038775Z[0m [34mDEBUG[0m [2mhyper::client::pool[0m[2m:[0m reuse idle connection for ("http", 192.168.0.14:8545)
[2m2025-12-10T10:13:42.038819Z[0m [34mDEBUG[0m [2mhyper::proto::h1::io[0m[2m:[0m flushed 250 bytes
[2m2025-12-10T10:13:42.038843Z[0m [34mDEBUG[0m [2methereum_transaction_pool_monitor::eth_client[0m[2m:[0m 📨 Received WebSocket message: {"jsonrpc":"2.0","method":"eth_subscription","params":{"subscription":"0xbed0a0851463e895960a451075a301a9","result":"0x12fc348c27b043f47333ac363cb7a3378b727c8df0870206c3b3680b53da72a4"}}
[2m2025-12-10T10:13:42.038849Z[0m [34mDEBUG[0m [2mhyper::proto::h1::io[0m[2m:[0m parsed 4 headers
[2m2025-12-10T10:13:42.038850Z[0m [34mDEBUG[0m [2methereum_transaction_pool_monitor::eth_client[0m[2m:[0m 📨 Received pending transaction: 0x12fc348c27b043f47333ac363cb7a3378b727c8df0870206c3b3680b53da72a4
[2m2025-12-10T10:13:42.038859Z[0m [34mDEBUG[0m [2mhyper::proto::h1::conn[0m[2m:[0m incoming body is content-length (45 bytes)
[2m2025-12-10T10:13:42.038864Z[0m [34mDEBUG[0m [2methereum_transaction_pool_monitor::eth_client[0m[2m:[0m 📨 Received WebSocket message: {"jsonrpc":"2.0","method":"eth_subscription","params":{"subscription":"0xbed0a0851463e895960a451075a301a9","result":"0x20470574abc3e4c041c1e31d31158a4bd68e905fde0a36fea419419aa269a8f9"}}
[2m2025-12-10T10:13:42.038870Z[0m [34mDEBUG[0m [2mhyper::proto::h1::conn[0m[2m:[0m incoming body completed
[2m2025-12-10T10:13:42.038872Z[0m [34mDEBUG[0m [2methereum_transaction_pool_monitor::eth_client[0m[2m:[0m 📨 Received pending transaction: 0x20470574abc3e4c041c1e31d31158a4bd68e905fde0a36fea419419aa269a8f9
[2m2025-12-10T10:13:42.038880Z[0m [34mDEBUG[0m [2methereum_transaction_pool_monitor::eth_client[0m[2m:[0m 📨 Received WebSocket message: {"jsonrpc":"2.0","method":"eth_subscription","params":{"subscription":"0xbed0a0851463e895960a451075a301a9","result":"0xdfa87cc01e2386979aabeecdee8b16bbdda0dca25db168ff570b26c7d696d830"}}
[2m2025-12-10T10:13:42.038880Z[0m [34mDEBUG[0m [2mhyper::client::pool[0m[2m:[0m pooling idle connection for ("http", 192.168.0.14:8545)
[2m2025-12-10T10:13:42.039003Z[0m [34mDEBUG[0m [2methereum_transaction_pool_monitor::eth_client[0m[2m:[0m 📨 Received pending transaction: 0xdfa87cc01e2386979aabeecdee8b16bbdda0dca25db168ff570b26c7d696d830
[2m2025-12-10T10:13:42.039011Z[0m [34mDEBUG[0m [2methereum_transaction_pool_monitor::eth_client[0m[2m:[0m 📨 Received WebSocket message: {"jsonrpc":"2.0","method":"eth_subscription","params":{"subscription":"0xbed0a0851463e895960a451075a301a9","result":"0x0184dc12863c07f18cfb5dcd20078818e09288b7909ac2e697f19549a3399055"}}
[2m2025-12-10T10:13:42.039015Z[0m [34mDEBUG[0m [2methereum_transaction_pool_monitor::eth_client[0m[2m:[0m 📨 Received pending transaction: 0x0184dc12863c07f18cfb5dcd20078818e09288b7909ac2e697f19549a3399055
[2m2025-12-10T10:13:42.039018Z[0m [34mDEBUG[0m [2methereum_transaction_pool_monitor::eth_client[0m[2m:[0m 📨 Received WebSocket message: {"jsonrpc":"2.0","method":"eth_subscription","params":{"subscription":"0xbed0a0851463e895960a451075a301a9","result":"0x7e5c6d97623968fd0efd09ac15bdc154b6d459cb1b3923ab79a12c8b5d9e8824"}}
[2m2025-12-10T10:13:42.039022Z[0m [34mDEBUG[0m [2methereum_transaction_pool_monitor::eth_client[0m[2m:[0m 📨 Received pending transaction: 0x7e5c6d97623968fd0efd09ac15bdc154b6d459cb1b3923ab79a12c8b5d9e8824
[2m2025-12-10T10:13:42.039022Z[0m [34mDEBUG[0m [2mhyper::client::pool[0m[2m:[0m reuse idle connection for ("http", 192.168.0.14:8545)
[2m2025-12-10T10:13:42.039041Z[0m [34mDEBUG[0m [2mhyper::proto::h1::io[0m[2m:[0m flushed 172 bytes
[2m2025-12-10T10:13:42.042219Z[0m [34mDEBUG[0m [2mhyper::proto::h1::io[0m[2m:[0m parsed 4 headers
[2m2025-12-10T10:13:42.042229Z[0m [34mDEBUG[0m [2mhyper::proto::h1::conn[0m[2m:[0m incoming body is content-length (7885 bytes)
[2m2025-12-10T10:13:42.042242Z[0m [34mDEBUG[0m [2methereum_transaction_pool_monitor::eth_client[0m[2m:[0m 📡 Transaction fetch RPC completed in 3.482084ms
[2m2025-12-10T10:13:42.045581Z[0m [34mDEBUG[0m [2mhyper::proto::h1::conn[0m[2m:[0m incoming body completed
[2m2025-12-10T10:13:42.045595Z[0m [34mDEBUG[0m [2mhyper::client::pool[0m[2m:[0m pooling idle connection for ("http", 192.168.0.14:8545)
[2m2025-12-10T10:13:42.045619Z[0m [34mDEBUG[0m [2mhyper::proto::h1::io[0m[2m:[0m parsed 4 headers
[2m2025-12-10T10:13:42.045640Z[0m [34mDEBUG[0m [2mhyper::proto::h1::conn[0m[2m:[0m incoming body is content-length (45 bytes)
[2m2025-12-10T10:13:42.045646Z[0m [34mDEBUG[0m [2mhyper::proto::h1::conn[0m[2m:[0m incoming body completed
[2m2025-12-10T10:13:42.045652Z[0m [34mDEBUG[0m [2mhyper::client::pool[0m[2m:[0m pooling idle connection for ("http", 192.168.0.14:8545)
[2m2025-12-10T10:13:42.099496Z[0m [34mDEBUG[0m [2mhyper::client::pool[0m[2m:[0m reuse idle connection for ("http", 192.168.0.14:8545)
[2m2025-12-10T10:13:42.099554Z[0m [34mDEBUG[0m [2mhyper::proto::h1::io[0m[2m:[0m flushed 172 bytes
[2m2025-12-10T10:13:42.105868Z[0m [34mDEBUG[0m [2methereum_transaction_pool_monitor::eth_client[0m[2m:[0m 📨 Received WebSocket message: {"jsonrpc":"2.0","method":"eth_subscription","params":{"subscription":"0xbed0a0851463e895960a451075a301a9","result":"0xdcc225449ba7d7bd3d78b3e961171c0cffb0f826fda4ffcd7dd5cd5bdfe6c0a9"}}
[2m2025-12-10T10:13:42.105914Z[0m [34mDEBUG[0m [2methereum_transaction_pool_monitor::eth_client[0m[2m:[0m 📨 Received pending transaction: 0xdcc225449ba7d7bd3d78b3e961171c0cffb0f826fda4ffcd7dd5cd5bdfe6c0a9
[2m2025-12-10T10:13:42.108061Z[0m [34mDEBUG[0m [2methereum_transaction_pool_monitor::eth_client[0m[2m:[0m 📨 Received WebSocket message: {"jsonrpc":"2.0","method":"eth_subscription","params":{"subscription":"0xbed0a0851463e895960a451075a301a9","result":"0x4f45571ed78039ebafeb7bbd5e8b586b930a370555545d49f0f3030866c55fb3"}}
[2m2025-12-10T10:13:42.108110Z[0m [34mDEBUG[0m [2methereum_transaction_pool_monitor::eth_client[0m[2m:[0m 📨 Received pending transaction: 0x4f45571ed78039ebafeb7bbd5e8b586b930a370555545d49f0f3030866c55fb3
[2m2025-12-10T10:13:42.108346Z[0m [34mDEBUG[0m [2mhyper::proto::h1::io[0m[2m:[0m parsed 4 headers
[2m2025-12-10T10:13:42.108358Z[0m [34mDEBUG[0m [2mhyper::proto::h1::conn[0m[2m:[0m incoming body is content-length (45 bytes)
[2m2025-12-10T10:13:42.108373Z[0m [34mDEBUG[0m [2mhyper::proto::h1::conn[0m[2m:[0m incoming body completed
[2m2025-12-10T10:13:42.108439Z[0m [34mDEBUG[0m [2mhyper::client::pool[0m[2m:[0m pooling idle connection for ("http", 192.168.0.14:8545)
[2m2025-12-10T10:13:42.117944Z[0m [34mDEBUG[0m [2methereum_transaction_pool_monitor::eth_client[0m[2m:[0m ✅ Transaction 0x271b70f53507ea5ae52ce7c2061428fac7975f6a71ada6bb4ce5d98434916053 fetched and parsed in 79.182042ms
[2m2025-12-10T10:13:42.121773Z[0m [34mDEBUG[0m [2methereum_transaction_pool_monitor::mempool_monitor[0m[2m:[0m 🔍 Skipping tx 0x271b70f53507ea5ae52ce7c2061428fac7975f6a71ada6bb4ce5d98434916053 - not a DEX interaction (target: 0xD8258BAF814e7D59Fa7DaF291a45a86Ad038b847)
[2m2025-12-10T10:13:42.121784Z[0m [34mDEBUG[0m [2methereum_transaction_pool_monitor::mempool_monitor[0m[2m:[0m 📨 Processing new pending transaction: 0x7d74f3862c6896ea6312a1b5d4e8d4fedaf91fbb966e7a05fee71b05e7bf2de0
[2m2025-12-10T10:13:42.121791Z[0m [34mDEBUG[0m [2methereum_transaction_pool_monitor::mempool_monitor[0m[2m:[0m 🔍 Fetching transaction details for: 0x7d74f3862c6896ea6312a1b5d4e8d4fedaf91fbb966e7a05fee71b05e7bf2de0
[2m2025-12-10T10:13:42.121797Z[0m [34mDEBUG[0m [2methereum_transaction_pool_monitor::eth_client[0m[2m:[0m 🔍 Fetching transaction details for hash: 0x7d74f3862c6896ea6312a1b5d4e8d4fedaf91fbb966e7a05fee71b05e7bf2de0
[2m2025-12-10T10:13:42.121816Z[0m [34mDEBUG[0m [2mhyper::client::pool[0m[2m:[0m reuse idle connection for ("http", 192.168.0.14:8545)
[2m2025-12-10T10:13:42.121862Z[0m [34mDEBUG[0m [2mhyper::proto::h1::io[0m[2m:[0m flushed 250 bytes
[2m2025-12-10T10:13:42.124974Z[0m [34mDEBUG[0m [2mhyper::proto::h1::io[0m[2m:[0m parsed 4 headers
[2m2025-12-10T10:13:42.124984Z[0m [34mDEBUG[0m [2mhyper::proto::h1::conn[0m[2m:[0m incoming body is content-length (844 bytes)
[2m2025-12-10T10:13:42.124990Z[0m [34mDEBUG[0m [2mhyper::proto::h1::conn[0m[2m:[0m incoming body completed
[2m2025-12-10T10:13:42.124998Z[0m [34mDEBUG[0m [2mhyper::client::pool[0m[2m:[0m pooling idle connection for ("http", 192.168.0.14:8545)
[2m2025-12-10T10:13:42.125004Z[0m [34mDEBUG[0m [2methereum_transaction_pool_monitor::eth_client[0m[2m:[0m 📡 Transaction fetch RPC completed in 3.201625ms
[2m2025-12-10T10:13:42.197211Z[0m [34mDEBUG[0m [2methereum_transaction_pool_monitor::eth_client[0m[2m:[0m ✅ Transaction 0x7d74f3862c6896ea6312a1b5d4e8d4fedaf91fbb966e7a05fee71b05e7bf2de0 fetched and parsed in 75.406542ms
[2m2025-12-10T10:13:42.197230Z[0m [34mDEBUG[0m [2methereum_transaction_pool_monitor::mempool_monitor[0m[2m:[0m 🔍 Skipping tx 0x7d74f3862c6896ea6312a1b5d4e8d4fedaf91fbb966e7a05fee71b05e7bf2de0 - not a DEX interaction (target: 0xA0b86991c6218b36c1d19D4a2e9Eb0cE3606eB48)
[2m2025-12-10T10:13:42.197239Z[0m [34mDEBUG[0m [2methereum_transaction_pool_monitor::mempool_monitor[0m[2m:[0m 📨 Processing new pending transaction: 0x8b0dcb4e111c99216a156bda67196067d7d798b5147b2c03e822daf6991e2ebd
[2m2025-12-10T10:13:42.197244Z[0m [34mDEBUG[0m [2methereum_transaction_pool_monitor::mempool_monitor[0m[2m:[0m 🔍 Fetching transaction details for: 0x8b0dcb4e111c99216a156bda67196067d7d798b5147b2c03e822daf6991e2ebd
[2m2025-12-10T10:13:42.197248Z[0m [34mDEBUG[0m [2methereum_transaction_pool_monitor::eth_client[0m[2m:[0m 🔍 Fetching transaction details for hash: 0x8b0dcb4e111c99216a156bda67196067d7d798b5147b2c03e822daf6991e2ebd
[2m2025-12-10T10:13:42.197273Z[0m [34mDEBUG[0m [2mhyper::client::pool[0m[2m:[0m reuse idle connection for ("http", 192.168.0.14:8545)
[2m2025-12-10T10:13:42.197310Z[0m [34mDEBUG[0m [2mhyper::proto::h1::io[0m[2m:[0m flushed 250 bytes
[2m2025-12-10T10:13:42.198466Z[0m [34mDEBUG[0m [2mhyper::client::pool[0m[2m:[0m reuse idle connection for ("http", 192.168.0.14:8545)
[2m2025-12-10T10:13:42.198481Z[0m [34mDEBUG[0m [2mhyper::proto::h1::io[0m[2m:[0m flushed 172 bytes
[2m2025-12-10T10:13:42.201501Z[0m [34mDEBUG[0m [2mhyper::proto::h1::io[0m[2m:[0m parsed 4 headers
[2m2025-12-10T10:13:42.201504Z[0m [34mDEBUG[0m [2mhyper::proto::h1::conn[0m[2m:[0m incoming body is content-length (780 bytes)
[2m2025-12-10T10:13:42.201510Z[0m [34mDEBUG[0m [2mhyper::proto::h1::conn[0m[2m:[0m incoming body completed
[2m2025-12-10T10:13:42.201516Z[0m [34mDEBUG[0m [2mhyper::client::pool[0m[2m:[0m pooling idle connection for ("http", 192.168.0.14:8545)
[2m2025-12-10T10:13:42.201520Z[0m [34mDEBUG[0m [2methereum_transaction_pool_monitor::eth_client[0m[2m:[0m 📡 Transaction fetch RPC completed in 4.260709ms
[2m2025-12-10T10:13:42.273706Z[0m [34mDEBUG[0m [2methereum_transaction_pool_monitor::eth_client[0m[2m:[0m ✅ Transaction 0x8b0dcb4e111c99216a156bda67196067d7d798b5147b2c03e822daf6991e2ebd fetched and parsed in 76.444792ms
[2m2025-12-10T10:13:42.273727Z[0m [34mDEBUG[0m [2methereum_transaction_pool_monitor::mempool_monitor[0m[2m:[0m 🔍 Skipping tx 0x8b0dcb4e111c99216a156bda67196067d7d798b5147b2c03e822daf6991e2ebd - not a DEX interaction (target: 0x45118b56D5066A6352D78D15f795CFab33C4DEF3)
[2m2025-12-10T10:13:42.273736Z[0m [34mDEBUG[0m [2methereum_transaction_pool_monitor::mempool_monitor[0m[2m:[0m 📨 Processing new pending transaction: 0xaf6db15bdb90afe386d0918414a4b9f39a1e96dd455cc0345e7ccb80f611e611
[2m2025-12-10T10:13:42.273740Z[0m [34mDEBUG[0m [2methereum_transaction_pool_monitor::mempool_monitor[0m[2m:[0m 🔍 Fetching transaction details for: 0xaf6db15bdb90afe386d0918414a4b9f39a1e96dd455cc0345e7ccb80f611e611
[2m2025-12-10T10:13:42.273744Z[0m [34mDEBUG[0m [2methereum_transaction_pool_monitor::eth_client[0m[2m:[0m 🔍 Fetching transaction details for hash: 0xaf6db15bdb90afe386d0918414a4b9f39a1e96dd455cc0345e7ccb80f611e611
[2m2025-12-10T10:13:42.273761Z[0m [34mDEBUG[0m [2mhyper::client::pool[0m[2m:[0m reuse idle connection for ("http", 192.168.0.14:8545)
[2m2025-12-10T10:13:42.273805Z[0m [34mDEBUG[0m [2mhyper::proto::h1::io[0m[2m:[0m flushed 250 bytes
[2m2025-12-10T10:13:42.273827Z[0m [34mDEBUG[0m [2methereum_transaction_pool_monitor::eth_client[0m[2m:[0m 📨 Received WebSocket message: {"jsonrpc":"2.0","method":"eth_subscription","params":{"subscription":"0xbed0a0851463e895960a451075a301a9","result":"0xc5547a5c012b746c7692a0fd5011bce7a4c15c53d928277a5be0f6b6a59dece9"}}
[2m2025-12-10T10:13:42.273833Z[0m [34mDEBUG[0m [2methereum_transaction_pool_monitor::eth_client[0m[2m:[0m 📨 Received pending transaction: 0xc5547a5c012b746c7692a0fd5011bce7a4c15c53d928277a5be0f6b6a59dece9
[2m2025-12-10T10:13:42.273859Z[0m [34mDEBUG[0m [2mhyper::proto::h1::io[0m[2m:[0m parsed 4 headers
[2m2025-12-10T10:13:42.273862Z[0m [34mDEBUG[0m [2mhyper::proto::h1::conn[0m[2m:[0m incoming body is content-length (45 bytes)
[2m2025-12-10T10:13:42.273868Z[0m [34mDEBUG[0m [2mhyper::proto::h1::conn[0m[2m:[0m incoming body completed
[2m2025-12-10T10:13:42.273875Z[0m [34mDEBUG[0m [2mhyper::client::pool[0m[2m:[0m pooling idle connection for ("http", 192.168.0.14:8545)
[2m2025-12-10T10:13:42.277350Z[0m [34mDEBUG[0m [2mhyper::proto::h1::io[0m[2m:[0m parsed 4 headers
[2m2025-12-10T10:13:42.277361Z[0m [34mDEBUG[0m [2mhyper::proto::h1::conn[0m[2m:[0m incoming body is content-length (722 bytes)
[2m2025-12-10T10:13:42.277366Z[0m [34mDEBUG[0m [2mhyper::proto::h1::conn[0m[2m:[0m incoming body completed
[2m2025-12-10T10:13:42.277373Z[0m [34mDEBUG[0m [2mhyper::client::pool[0m[2m:[0m pooling idle connection for ("http", 192.168.0.14:8545)
[2m2025-12-10T10:13:42.277387Z[0m [34mDEBUG[0m [2methereum_transaction_pool_monitor::eth_client[0m[2m:[0m 📡 Transaction fetch RPC completed in 3.639084ms
[2m2025-12-10T10:13:42.348856Z[0m [34mDEBUG[0m [2methereum_transaction_pool_monitor::eth_client[0m[2m:[0m ✅ Transaction 0xaf6db15bdb90afe386d0918414a4b9f39a1e96dd455cc0345e7ccb80f611e611 fetched and parsed in 75.105334ms
[2m2025-12-10T10:13:42.348877Z[0m [34mDEBUG[0m [2methereum_transaction_pool_monitor::mempool_monitor[0m[2m:[0m 🔍 Skipping tx 0xaf6db15bdb90afe386d0918414a4b9f39a1e96dd455cc0345e7ccb80f611e611 - not a DEX interaction (target: 0xDF0b7d309588e18092Ac3fD4eCCf36189D0e0E5e)
[2m2025-12-10T10:13:42.348885Z[0m [34mDEBUG[0m [2methereum_transaction_pool_monitor::mempool_monitor[0m[2m:[0m 📨 Processing new pending transaction: 0xeb99d52337ad836ec2d9e67322af85a77805ae6d86e127ad48f181a40d348ad8
[2m2025-12-10T10:13:42.348890Z[0m [34mDEBUG[0m [2methereum_transaction_pool_monitor::mempool_monitor[0m[2m:[0m 🔍 Fetching transaction details for: 0xeb99d52337ad836ec2d9e67322af85a77805ae6d86e127ad48f181a40d348ad8
[2m2025-12-10T10:13:42.348897Z[0m [34mDEBUG[0m [2methereum_transaction_pool_monitor::eth_client[0m[2m:[0m 🔍 Fetching transaction details for hash: 0xeb99d52337ad836ec2d9e67322af85a77805ae6d86e127ad48f181a40d348ad8
[2m2025-12-10T10:13:42.348918Z[0m [34mDEBUG[0m [2mhyper::client::pool[0m[2m:[0m reuse idle connection for ("http", 192.168.0.14:8545)
[2m2025-12-10T10:13:42.348954Z[0m [34mDEBUG[0m [2mhyper::proto::h1::io[0m[2m:[0m flushed 250 bytes
[2m2025-12-10T10:13:42.348970Z[0m [34mDEBUG[0m [2mhyper::client::pool[0m[2m:[0m reuse idle connection for ("http", 192.168.0.14:8545)
[2m2025-12-10T10:13:42.348983Z[0m [34mDEBUG[0m [2mhyper::proto::h1::io[0m[2m:[0m flushed 172 bytes
[2m2025-12-10T10:13:42.348997Z[0m [34mDEBUG[0m [2methereum_transaction_pool_monitor::eth_client[0m[2m:[0m 📨 Received WebSocket message: {"jsonrpc":"2.0","method":"eth_subscription","params":{"subscription":"0xbed0a0851463e895960a451075a301a9","result":"0x9e460f45045e16ca2ae56715d34c2837e9aa9e97c5659edc4e6230e15b3ba0e9"}}
[2m2025-12-10T10:13:42.349004Z[0m [34mDEBUG[0m [2methereum_transaction_pool_monitor::eth_client[0m[2m:[0m 📨 Received pending transaction: 0x9e460f45045e16ca2ae56715d34c2837e9aa9e97c5659edc4e6230e15b3ba0e9
[2m2025-12-10T10:13:42.358958Z[0m [34mDEBUG[0m [2methereum_transaction_pool_monitor::eth_client[0m[2m:[0m 📨 Received WebSocket message: {"jsonrpc":"2.0","method":"eth_subscription","params":{"subscription":"0xbed0a0851463e895960a451075a301a9","result":"0x2a273eb767ca8d9046f83d31cf384f4c392284c44eb45347bd782f3f0d4d8d0d"}}
[2m2025-12-10T10:13:42.358966Z[0m [34mDEBUG[0m [2methereum_transaction_pool_monitor::eth_client[0m[2m:[0m 📨 Received pending transaction: 0x2a273eb767ca8d9046f83d31cf384f4c392284c44eb45347bd782f3f0d4d8d0d
[2m2025-12-10T10:13:42.358971Z[0m [34mDEBUG[0m [2methereum_transaction_pool_monitor::eth_client[0m[2m:[0m 📨 Received WebSocket message: {"jsonrpc":"2.0","method":"eth_subscription","params":{"subscription":"0xbed0a0851463e895960a451075a301a9","result":"0x8c7500ea44693fde71d9bbfd0e9b4501161581f4a5394b697aeeb83bec1897bf"}}
[2m2025-12-10T10:13:42.358975Z[0m [34mDEBUG[0m [2methereum_transaction_pool_monitor::eth_client[0m[2m:[0m 📨 Received pending transaction: 0x8c7500ea44693fde71d9bbfd0e9b4501161581f4a5394b697aeeb83bec1897bf
[2m2025-12-10T10:13:42.358979Z[0m [34mDEBUG[0m [2methereum_transaction_pool_monitor::eth_client[0m[2m:[0m 📨 Received WebSocket message: {"jsonrpc":"2.0","method":"eth_subscription","params":{"subscription":"0xbed0a0851463e895960a451075a301a9","result":"0xfe254b53397811c8a5c3dd9a9108e68f9dbd2294959173b2e629059714e7589e"}}
[2m2025-12-10T10:13:42.358983Z[0m [34mDEBUG[0m [2methereum_transaction_pool_monitor::eth_client[0m[2m:[0m 📨 Received pending transaction: 0xfe254b53397811c8a5c3dd9a9108e68f9dbd2294959173b2e629059714e7589e
[2m2025-12-10T10:13:42.359006Z[0m [34mDEBUG[0m [2mhyper::proto::h1::io[0m[2m:[0m parsed 4 headers
[2m2025-12-10T10:13:42.359010Z[0m [34mDEBUG[0m [2mhyper::proto::h1::conn[0m[2m:[0m incoming body is content-length (3343 bytes)
[2m2025-12-10T10:13:42.359015Z[0m [34mDEBUG[0m [2mhyper::proto::h1::conn[0m[2m:[0m incoming body completed
[2m2025-12-10T10:13:42.359022Z[0m [34mDEBUG[0m [2mhyper::client::pool[0m[2m:[0m pooling idle connection for ("http", 192.168.0.14:8545)
[2m2025-12-10T10:13:42.359026Z[0m [34mDEBUG[0m [2methereum_transaction_pool_monitor::eth_client[0m[2m:[0m 📡 Transaction fetch RPC completed in 10.122208ms
[2m2025-12-10T10:13:42.431465Z[0m [34mDEBUG[0m [2methereum_transaction_pool_monitor::eth_client[0m[2m:[0m ✅ Transaction 0xeb99d52337ad836ec2d9e67322af85a77805ae6d86e127ad48f181a40d348ad8 fetched and parsed in 82.557625ms
[2m2025-12-10T10:13:42.431487Z[0m [34mDEBUG[0m [2methereum_transaction_pool_monitor::mempool_monitor[0m[2m:[0m 🔍 Skipping tx 0xeb99d52337ad836ec2d9e67322af85a77805ae6d86e127ad48f181a40d348ad8 - not a DEX interaction (target: 0x00000011F84B9aa48e5f8aA8B9897600006289Be)
[2m2025-12-10T10:13:42.431497Z[0m [34mDEBUG[0m [2methereum_transaction_pool_monitor::mempool_monitor[0m[2m:[0m 📨 Processing new pending transaction: 0xb73a2167fc70455cb5a21e31d5cb479655e60aa5f0814a1f4e3f5e0f8d78802e
[2m2025-12-10T10:13:42.431502Z[0m [34mDEBUG[0m [2methereum_transaction_pool_monitor::mempool_monitor[0m[2m:[0m 🔍 Fetching transaction details for: 0xb73a2167fc70455cb5a21e31d5cb479655e60aa5f0814a1f4e3f5e0f8d78802e
[2m2025-12-10T10:13:42.431506Z[0m [34mDEBUG[0m [2methereum_transaction_pool_monitor::eth_client[0m[2m:[0m 🔍 Fetching transaction details for hash: 0xb73a2167fc70455cb5a21e31d5cb479655e60aa5f0814a1f4e3f5e0f8d78802e
[2m2025-12-10T10:13:42.431524Z[0m [34mDEBUG[0m [2mhyper::client::pool[0m[2m:[0m reuse idle connection for ("http", 192.168.0.14:8545)
[2m2025-12-10T10:13:42.431558Z[0m [34mDEBUG[0m [2mhyper::proto::h1::io[0m[2m:[0m flushed 250 bytes
[2m2025-12-10T10:13:42.431574Z[0m [34mDEBUG[0m [2mhyper::proto::h1::io[0m[2m:[0m parsed 4 headers
[2m2025-12-10T10:13:42.431578Z[0m [34mDEBUG[0m [2mhyper::proto::h1::conn[0m[2m:[0m incoming body is content-length (45 bytes)
[2m2025-12-10T10:13:42.431586Z[0m [34mDEBUG[0m [2mhyper::proto::h1::conn[0m[2m:[0m incoming body completed
[2m2025-12-10T10:13:42.431594Z[0m [34mDEBUG[0m [2mhyper::client::pool[0m[2m:[0m pooling idle connection for ("http", 192.168.0.14:8545)
[2m2025-12-10T10:13:42.431611Z[0m [34mDEBUG[0m [2mhyper::client::pool[0m[2m:[0m reuse idle connection for ("http", 192.168.0.14:8545)
[2m2025-12-10T10:13:42.431627Z[0m [34mDEBUG[0m [2mhyper::proto::h1::io[0m[2m:[0m flushed 172 bytes
[2m2025-12-10T10:13:42.435944Z[0m [34mDEBUG[0m [2mhyper::proto::h1::io[0m[2m:[0m parsed 4 headers
[2m2025-12-10T10:13:42.435948Z[0m [34mDEBUG[0m [2mhyper::proto::h1::conn[0m[2m:[0m incoming body is content-length (2396 bytes)
[2m2025-12-10T10:13:42.435952Z[0m [34mDEBUG[0m [2mhyper::proto::h1::conn[0m[2m:[0m incoming body completed
[2m2025-12-10T10:13:42.435957Z[0m [34mDEBUG[0m [2mhyper::client::pool[0m[2m:[0m pooling idle connection for ("http", 192.168.0.14:8545)
[2m2025-12-10T10:13:42.435961Z[0m [34mDEBUG[0m [2methereum_transaction_pool_monitor::eth_client[0m[2m:[0m 📡 Transaction fetch RPC completed in 4.451375ms
[2m2025-12-10T10:13:42.508088Z[0m [34mDEBUG[0m [2methereum_transaction_pool_monitor::eth_client[0m[2m:[0m ✅ Transaction 0xb73a2167fc70455cb5a21e31d5cb479655e60aa5f0814a1f4e3f5e0f8d78802e fetched and parsed in 76.576ms
[2m2025-12-10T10:13:42.508106Z[0m [34mDEBUG[0m [2methereum_transaction_pool_monitor::mempool_monitor[0m[2m:[0m 🔍 Skipping tx 0xb73a2167fc70455cb5a21e31d5cb479655e60aa5f0814a1f4e3f5e0f8d78802e - not a DEX interaction (target: 0x0439e60F02a8900a951603950d8D4527f400C3f1)
[2m2025-12-10T10:13:42.508122Z[0m [34mDEBUG[0m [2methereum_transaction_pool_monitor::mempool_monitor[0m[2m:[0m 📨 Processing new pending transaction: 0x2376667bfb6faf4a2b83456c189b39248e35fe6696162b9be21a057f0bb418d2
[2m2025-12-10T10:13:42.508127Z[0m [34mDEBUG[0m [2methereum_transaction_pool_monitor::mempool_monitor[0m[2m:[0m 🔍 Fetching transaction details for: 0x2376667bfb6faf4a2b83456c189b39248e35fe6696162b9be21a057f0bb418d2
[2m2025-12-10T10:13:42.508131Z[0m [34mDEBUG[0m [2methereum_transaction_pool_monitor::eth_client[0m[2m:[0m 🔍 Fetching transaction details for hash: 0x2376667bfb6faf4a2b83456c189b39248e35fe6696162b9be21a057f0bb418d2
[2m2025-12-10T10:13:42.508147Z[0m [34mDEBUG[0m [2mhyper::client::pool[0m[2m:[0m reuse idle connection for ("http", 192.168.0.14:8545)
[2m2025-12-10T10:13:42.508183Z[0m [34mDEBUG[0m [2mhyper::proto::h1::io[0m[2m:[0m flushed 250 bytes
[2m2025-12-10T10:13:42.508197Z[0m [34mDEBUG[0m [2mhyper::proto::h1::io[0m[2m:[0m parsed 4 headers
[2m2025-12-10T10:13:42.508200Z[0m [34mDEBUG[0m [2mhyper::proto::h1::conn[0m[2m:[0m incoming body is content-length (45 bytes)
[2m2025-12-10T10:13:42.508205Z[0m [34mDEBUG[0m [2mhyper::proto::h1::conn[0m[2m:[0m incoming body completed
[2m2025-12-10T10:13:42.508211Z[0m [34mDEBUG[0m [2mhyper::client::pool[0m[2m:[0m pooling idle connection for ("http", 192.168.0.14:8545)
[2m2025-12-10T10:13:42.508223Z[0m [34mDEBUG[0m [2mhyper::client::pool[0m[2m:[0m reuse idle connection for ("http", 192.168.0.14:8545)
[2m2025-12-10T10:13:42.508236Z[0m [34mDEBUG[0m [2mhyper::proto::h1::io[0m[2m:[0m flushed 172 bytes
[2m2025-12-10T10:13:42.513292Z[0m [34mDEBUG[0m [2mhyper::proto::h1::io[0m[2m:[0m parsed 4 headers
[2m2025-12-10T10:13:42.513297Z[0m [34mDEBUG[0m [2mhyper::proto::h1::conn[0m[2m:[0m incoming body is content-length (847 bytes)
[2m2025-12-10T10:13:42.513302Z[0m [34mDEBUG[0m [2mhyper::proto::h1::conn[0m[2m:[0m incoming body completed
[2m2025-12-10T10:13:42.513307Z[0m [34mDEBUG[0m [2mhyper::client::pool[0m[2m:[0m pooling idle connection for ("http", 192.168.0.14:8545)
[2m2025-12-10T10:13:42.513312Z[0m [34mDEBUG[0m [2methereum_transaction_pool_monitor::eth_client[0m[2m:[0m 📡 Transaction fetch RPC completed in 5.177125ms
[2m2025-12-10T10:13:42.513324Z[0m [34mDEBUG[0m [2methereum_transaction_pool_monitor::eth_client[0m[2m:[0m DeFi transaction detected - Address: 0xdac17f958d2ee523a2206206994597c13d831ec7, Type: Stablecoin, Value: 0 ETH, Gas: 2.17 Gwei
[2m2025-12-10T10:13:42.513335Z[0m [34mDEBUG[0m [2methereum_transaction_pool_monitor::eth_client[0m[2m:[0m ✅ Transaction 0x2376667bfb6faf4a2b83456c189b39248e35fe6696162b9be21a057f0bb418d2 fetched and parsed in 5.200167ms
[2m2025-12-10T10:13:42.513340Z[0m [34mDEBUG[0m [2methereum_transaction_pool_monitor::mempool_monitor[0m[2m:[0m 🔍 Skipping tx 0x2376667bfb6faf4a2b83456c189b39248e35fe6696162b9be21a057f0bb418d2 - not a DEX interaction (target: 0xdAC17F958D2ee523a2206206994597C13D831ec7)
[2m2025-12-10T10:13:42.513345Z[0m [34mDEBUG[0m [2methereum_transaction_pool_monitor::mempool_monitor[0m[2m:[0m 📨 Processing new pending transaction: 0xeacee028094b881ec5cdcdeecffbdec76762904ec4d6899c47dc593e14689fc1
[2m2025-12-10T10:13:42.513348Z[0m [34mDEBUG[0m [2methereum_transaction_pool_monitor::mempool_monitor[0m[2m:[0m 🔍 Fetching transaction details for: 0xeacee028094b881ec5cdcdeecffbdec76762904ec4d6899c47dc593e14689fc1
[2m2025-12-10T10:13:42.513350Z[0m [34mDEBUG[0m [2methereum_transaction_pool_monitor::eth_client[0m[2m:[0m 🔍 Fetching transaction details for hash: 0xeacee028094b881ec5cdcdeecffbdec76762904ec4d6899c47dc593e14689fc1
[2m2025-12-10T10:13:42.513357Z[0m [34mDEBUG[0m [2mhyper::client::pool[0m[2m:[0m reuse idle connection for ("http", 192.168.0.14:8545)
[2m2025-12-10T10:13:42.513373Z[0m [34mDEBUG[0m [2mhyper::proto::h1::io[0m[2m:[0m flushed 250 bytes
[2m2025-12-10T10:13:42.513380Z[0m [34mDEBUG[0m [2mhyper::proto::h1::io[0m[2m:[0m parsed 4 headers
[2m2025-12-10T10:13:42.513385Z[0m [34mDEBUG[0m [2mhyper::proto::h1::conn[0m[2m:[0m incoming body is content-length (45 bytes)
[2m2025-12-10T10:13:42.513389Z[0m [34mDEBUG[0m [2mhyper::proto::h1::conn[0m[2m:[0m incoming body completed
[2m2025-12-10T10:13:42.513392Z[0m [34mDEBUG[0m [2mhyper::client::pool[0m[2m:[0m pooling idle connection for ("http", 192.168.0.14:8545)
[2m2025-12-10T10:13:42.519935Z[0m [34mDEBUG[0m [2mhyper::proto::h1::io[0m[2m:[0m parsed 4 headers
[2m2025-12-10T10:13:42.519940Z[0m [34mDEBUG[0m [2mhyper::proto::h1::conn[0m[2m:[0m incoming body is content-length (841 bytes)
[2m2025-12-10T10:13:42.519943Z[0m [34mDEBUG[0m [2mhyper::proto::h1::conn[0m[2m:[0m incoming body completed
[2m2025-12-10T10:13:42.519947Z[0m [34mDEBUG[0m [2mhyper::client::pool[0m[2m:[0m pooling idle connection for ("http", 192.168.0.14:8545)
[2m2025-12-10T10:13:42.519950Z[0m [34mDEBUG[0m [2methereum_transaction_pool_monitor::eth_client[0m[2m:[0m 📡 Transaction fetch RPC completed in 6.597292ms
[2m2025-12-10T10:13:42.591257Z[0m [34mDEBUG[0m [2methereum_transaction_pool_monitor::eth_client[0m[2m:[0m ✅ Transaction 0xeacee028094b881ec5cdcdeecffbdec76762904ec4d6899c47dc593e14689fc1 fetched and parsed in 77.901084ms
[2m2025-12-10T10:13:42.591281Z[0m [34mDEBUG[0m [2methereum_transaction_pool_monitor::mempool_monitor[0m[2m:[0m 🔍 Skipping tx 0xeacee028094b881ec5cdcdeecffbdec76762904ec4d6899c47dc593e14689fc1 - not a DEX interaction (target: 0x6c3ea9036406852006290770BEdFcAbA0e23A0e8)
[2m2025-12-10T10:13:42.591291Z[0m [34mDEBUG[0m [2methereum_transaction_pool_monitor::mempool_monitor[0m[2m:[0m 📨 Processing new pending transaction: 0x1e2cd7d0d8146f0b7b5a1a56e037a8413aef53b64399454e5636688b1de97546
[2m2025-12-10T10:13:42.591300Z[0m [34mDEBUG[0m [2methereum_transaction_pool_monitor::mempool_monitor[0m[2m:[0m 🔍 Fetching transaction details for: 0x1e2cd7d0d8146f0b7b5a1a56e037a8413aef53b64399454e5636688b1de97546
[2m2025-12-10T10:13:42.591306Z[0m [34mDEBUG[0m [2methereum_transaction_pool_monitor::eth_client[0m[2m:[0m 🔍 Fetching transaction details for hash: 0x1e2cd7d0d8146f0b7b5a1a56e037a8413aef53b64399454e5636688b1de97546
[2m2025-12-10T10:13:42.591327Z[0m [34mDEBUG[0m [2mhyper::client::pool[0m[2m:[0m reuse idle connection for ("http", 192.168.0.14:8545)
[2m2025-12-10T10:13:42.591352Z[0m [34mDEBUG[0m [2mhyper::proto::h1::io[0m[2m:[0m flushed 250 bytes
[2m2025-12-10T10:13:42.597586Z[0m [34mDEBUG[0m [2mhyper::proto::h1::io[0m[2m:[0m parsed 4 headers
[2m2025-12-10T10:13:42.597592Z[0m [34mDEBUG[0m [2mhyper::proto::h1::conn[0m[2m:[0m incoming body is content-length (1291 bytes)
[2m2025-12-10T10:13:42.597598Z[0m [34mDEBUG[0m [2mhyper::proto::h1::conn[0m[2m:[0m incoming body completed
[2m2025-12-10T10:13:42.597607Z[0m [34mDEBUG[0m [2mhyper::client::pool[0m[2m:[0m pooling idle connection for ("http", 192.168.0.14:8545)
[2m2025-12-10T10:13:42.597612Z[0m [34mDEBUG[0m [2methereum_transaction_pool_monitor::eth_client[0m[2m:[0m 📡 Transaction fetch RPC completed in 6.300042ms
[2m2025-12-10T10:13:42.597626Z[0m [34mDEBUG[0m [2methereum_transaction_pool_monitor::eth_client[0m[2m:[0m DeFi transaction detected - Address: 0xe592427a0aece92de3edee1f18e0157c05861564, Type: DexRouter, Value: 0 ETH, Gas: 0.27 Gwei
[2m2025-12-10T10:13:42.597635Z[0m [34mDEBUG[0m [2methereum_transaction_pool_monitor::eth_client[0m[2m:[0m ✅ Transaction 0x1e2cd7d0d8146f0b7b5a1a56e037a8413aef53b64399454e5636688b1de97546 fetched and parsed in 6.323584ms
[2m2025-12-10T10:13:42.597641Z[0m [34mDEBUG[0m [2methereum_transaction_pool_monitor::mempool_monitor[0m[2m:[0m 🔍 Skipping tx 0x1e2cd7d0d8146f0b7b5a1a56e037a8413aef53b64399454e5636688b1de97546 - not a DEX interaction (target: 0xE592427A0AEce92De3Edee1F18E0157C05861564)
[2m2025-12-10T10:13:42.597646Z[0m [34mDEBUG[0m [2methereum_transaction_pool_monitor::mempool_monitor[0m[2m:[0m 📨 Processing new pending transaction: 0xf4898d92cbaef99d7f7ebf0b1427c0eb563714f7e056d1c6fea86623ce5a36b8
[2m2025-12-10T10:13:42.597657Z[0m [34mDEBUG[0m [2methereum_transaction_pool_monitor::mempool_monitor[0m[2m:[0m 🔍 Fetching transaction details for: 0xf4898d92cbaef99d7f7ebf0b1427c0eb563714f7e056d1c6fea86623ce5a36b8
[2m2025-12-10T10:13:42.597660Z[0m [34mDEBUG[0m [2methereum_transaction_pool_monitor::eth_client[0m[2m:[0m 🔍 Fetching transaction details for hash: 0xf4898d92cbaef99d7f7ebf0b1427c0eb563714f7e056d1c6fea86623ce5a36b8
[2m2025-12-10T10:13:42.597669Z[0m [34mDEBUG[0m [2mhyper::client::pool[0m[2m:[0m reuse idle connection for ("http", 192.168.0.14:8545)
[2m2025-12-10T10:13:42.597682Z[0m [34mDEBUG[0m [2mhyper::proto::h1::io[0m[2m:[0m flushed 250 bytes
[2m2025-12-10T10:13:42.598821Z[0m [34mDEBUG[0m [2mhyper::client::pool[0m[2m:[0m reuse idle connection for ("http", 192.168.0.14:8545)
[2m2025-12-10T10:13:42.598835Z[0m [34mDEBUG[0m [2mhyper::proto::h1::io[0m[2m:[0m flushed 172 bytes
[2m2025-12-10T10:13:42.606107Z[0m [34mDEBUG[0m [2mhyper::proto::h1::io[0m[2m:[0m parsed 4 headers
[2m2025-12-10T10:13:42.606117Z[0m [34mDEBUG[0m [2mhyper::proto::h1::conn[0m[2m:[0m incoming body is content-length (45 bytes)
[2m2025-12-10T10:13:42.606123Z[0m [34mDEBUG[0m [2mhyper::proto::h1::conn[0m[2m:[0m incoming body completed
[2m2025-12-10T10:13:42.606132Z[0m [34mDEBUG[0m [2mhyper::client::pool[0m[2m:[0m pooling idle connection for ("http", 192.168.0.14:8545)
[2m2025-12-10T10:13:42.607320Z[0m [34mDEBUG[0m [2mhyper::proto::h1::io[0m[2m:[0m parsed 4 headers
[2m2025-12-10T10:13:42.607325Z[0m [34mDEBUG[0m [2mhyper::proto::h1::conn[0m[2m:[0m incoming body is content-length (843 bytes)
[2m2025-12-10T10:13:42.607331Z[0m [34mDEBUG[0m [2mhyper::proto::h1::conn[0m[2m:[0m incoming body completed
[2m2025-12-10T10:13:42.607336Z[0m [34mDEBUG[0m [2mhyper::client::pool[0m[2m:[0m pooling idle connection for ("http", 192.168.0.14:8545)
[2m2025-12-10T10:13:42.607340Z[0m [34mDEBUG[0m [2methereum_transaction_pool_monitor::eth_client[0m[2m:[0m 📡 Transaction fetch RPC completed in 9.677875ms
[2m2025-12-10T10:13:42.674758Z[0m [34mDEBUG[0m [2methereum_transaction_pool_monitor::eth_client[0m[2m:[0m ✅ Transaction 0xf4898d92cbaef99d7f7ebf0b1427c0eb563714f7e056d1c6fea86623ce5a36b8 fetched and parsed in 77.09325ms
[2m2025-12-10T10:13:42.674771Z[0m [34mDEBUG[0m [2methereum_transaction_pool_monitor::mempool_monitor[0m[2m:[0m 🔍 Skipping tx 0xf4898d92cbaef99d7f7ebf0b1427c0eb563714f7e056d1c6fea86623ce5a36b8 - not a DEX interaction (target: 0xF56bd63Ac2D14c397A754E0bdFcE020baa44f214)
[2m2025-12-10T10:13:42.674779Z[0m [34mDEBUG[0m [2methereum_transaction_pool_monitor::mempool_monitor[0m[2m:[0m 📨 Processing new pending transaction: 0x303dd56a261bdeff50e18c328e9295e65da95d8919714948456b7cba31f5544d
[2m2025-12-10T10:13:42.674783Z[0m [34mDEBUG[0m [2methereum_transaction_pool_monitor::mempool_monitor[0m[2m:[0m 🔍 Fetching transaction details for: 0x303dd56a261bdeff50e18c328e9295e65da95d8919714948456b7cba31f5544d
[2m2025-12-10T10:13:42.674786Z[0m [34mDEBUG[0m [2methereum_transaction_pool_monitor::eth_client[0m[2m:[0m 🔍 Fetching transaction details for hash: 0x303dd56a261bdeff50e18c328e9295e65da95d8919714948456b7cba31f5544d
[2m2025-12-10T10:13:42.674801Z[0m [34mDEBUG[0m [2mhyper::client::pool[0m[2m:[0m reuse idle connection for ("http", 192.168.0.14:8545)
[2m2025-12-10T10:13:42.674825Z[0m [34mDEBUG[0m [2mhyper::proto::h1::io[0m[2m:[0m flushed 250 bytes
[2m2025-12-10T10:13:42.674840Z[0m [34mDEBUG[0m [2methereum_transaction_pool_monitor::eth_client[0m[2m:[0m 📨 Received WebSocket message: {"jsonrpc":"2.0","method":"eth_subscription","params":{"subscription":"0xbed0a0851463e895960a451075a301a9","result":"0x2fa72855d9f60863124b554483217cc161c291b0db090c201a2353b6c6823591"}}
[2m2025-12-10T10:13:42.674845Z[0m [34mDEBUG[0m [2methereum_transaction_pool_monitor::eth_client[0m[2m:[0m 📨 Received pending transaction: 0x2fa72855d9f60863124b554483217cc161c291b0db090c201a2353b6c6823591
[2m2025-12-10T10:13:42.688498Z[0m [34mDEBUG[0m [2mhyper::proto::h1::io[0m[2m:[0m parsed 4 headers
[2m2025-12-10T10:13:42.688504Z[0m [34mDEBUG[0m [2mhyper::proto::h1::conn[0m[2m:[0m incoming body is content-length (1729 bytes)
[2m2025-12-10T10:13:42.688509Z[0m [34mDEBUG[0m [2mhyper::proto::h1::conn[0m[2m:[0m incoming body completed
[2m2025-12-10T10:13:42.688517Z[0m [34mDEBUG[0m [2mhyper::client::pool[0m[2m:[0m pooling idle connection for ("http", 192.168.0.14:8545)
[2m2025-12-10T10:13:42.688522Z[0m [34mDEBUG[0m [2methereum_transaction_pool_monitor::eth_client[0m[2m:[0m 📡 Transaction fetch RPC completed in 13.732834ms
[2m2025-12-10T10:13:42.761074Z[0m [34mDEBUG[0m [2methereum_transaction_pool_monitor::eth_client[0m[2m:[0m ✅ Transaction 0x303dd56a261bdeff50e18c328e9295e65da95d8919714948456b7cba31f5544d fetched and parsed in 86.282834ms
[2m2025-12-10T10:13:42.761093Z[0m [34mDEBUG[0m [2methereum_transaction_pool_monitor::mempool_monitor[0m[2m:[0m 🔍 Skipping tx 0x303dd56a261bdeff50e18c328e9295e65da95d8919714948456b7cba31f5544d - not a DEX interaction (target: 0x601a2aD6CB5949f0529735254189Ba3194221EDF)
[2m2025-12-10T10:13:42.761102Z[0m [34mDEBUG[0m [2methereum_transaction_pool_monitor::mempool_monitor[0m[2m:[0m 📨 Processing new pending transaction: 0x3013019d19cf512782fa47d681dc3a86a843b7a58687b909f383923556d05614
[2m2025-12-10T10:13:42.761107Z[0m [34mDEBUG[0m [2methereum_transaction_pool_monitor::mempool_monitor[0m[2m:[0m 🔍 Fetching transaction details for: 0x3013019d19cf512782fa47d681dc3a86a843b7a58687b909f383923556d05614
[2m2025-12-10T10:13:42.761110Z[0m [34mDEBUG[0m [2methereum_transaction_pool_monitor::eth_client[0m[2m:[0m 🔍 Fetching transaction details for hash: 0x3013019d19cf512782fa47d681dc3a86a843b7a58687b909f383923556d05614
[2m2025-12-10T10:13:42.761128Z[0m [34mDEBUG[0m [2mhyper::client::pool[0m[2m:[0m reuse idle connection for ("http", 192.168.0.14:8545)
[2m2025-12-10T10:13:42.761168Z[0m [34mDEBUG[0m [2mhyper::proto::h1::io[0m[2m:[0m flushed 250 bytes
[2m2025-12-10T10:13:42.761184Z[0m [34mDEBUG[0m [2mhyper::client::pool[0m[2m:[0m reuse idle connection for ("http", 192.168.0.14:8545)
[2m2025-12-10T10:13:42.761195Z[0m [34mDEBUG[0m [2mhyper::proto::h1::io[0m[2m:[0m flushed 172 bytes
[2m2025-12-10T10:13:42.761195Z[0m [34mDEBUG[0m [2methereum_transaction_pool_monitor::eth_client[0m[2m:[0m 📨 Received WebSocket message: {"jsonrpc":"2.0","method":"eth_subscription","params":{"subscription":"0xbed0a0851463e895960a451075a301a9","result":"0x5002965f49f18cd10ed6b448442c3f1e2ce2679865e8ec33b329bcc255184de0"}}
[2m2025-12-10T10:13:42.761205Z[0m [34mDEBUG[0m [2methereum_transaction_pool_monitor::eth_client[0m[2m:[0m 📨 Received pending transaction: 0x5002965f49f18cd10ed6b448442c3f1e2ce2679865e8ec33b329bcc255184de0
[2m2025-12-10T10:13:42.761209Z[0m [34mDEBUG[0m [2methereum_transaction_pool_monitor::eth_client[0m[2m:[0m 📨 Received WebSocket message: {"jsonrpc":"2.0","method":"eth_subscription","params":{"subscription":"0xbed0a0851463e895960a451075a301a9","result":"0x5ce92f4f37a88922e9048c8a6a1df878e6da51c6e8cffb85ebd57c861292251a"}}
[2m2025-12-10T10:13:42.761213Z[0m [34mDEBUG[0m [2methereum_transaction_pool_monitor::eth_client[0m[2m:[0m 📨 Received pending transaction: 0x5ce92f4f37a88922e9048c8a6a1df878e6da51c6e8cffb85ebd57c861292251a
[2m2025-12-10T10:13:42.761216Z[0m [34mDEBUG[0m [2methereum_transaction_pool_monitor::eth_client[0m[2m:[0m 📨 Received WebSocket message: {"jsonrpc":"2.0","method":"eth_subscription","params":{"subscription":"0xbed0a0851463e895960a451075a301a9","result":"0x5a0d281e23d2d04b7bca1608f9464c7e3dde84a3eea63e9630beef5f1632a9ab"}}
[2m2025-12-10T10:13:42.761220Z[0m [34mDEBUG[0m [2methereum_transaction_pool_monitor::eth_client[0m[2m:[0m 📨 Received pending transaction: 0x5a0d281e23d2d04b7bca1608f9464c7e3dde84a3eea63e9630beef5f1632a9ab
[2m2025-12-10T10:13:42.773029Z[0m [34mDEBUG[0m [2mhyper::proto::h1::io[0m[2m:[0m parsed 4 headers
[2m2025-12-10T10:13:42.773040Z[0m [34mDEBUG[0m [2mhyper::proto::h1::conn[0m[2m:[0m incoming body is content-length (1670 bytes)
[2m2025-12-10T10:13:42.773047Z[0m [34mDEBUG[0m [2mhyper::proto::h1::conn[0m[2m:[0m incoming body completed
[2m2025-12-10T10:13:42.773055Z[0m [34mDEBUG[0m [2mhyper::client::pool[0m[2m:[0m pooling idle connection for ("http", 192.168.0.14:8545)
[2m2025-12-10T10:13:42.773060Z[0m [34mDEBUG[0m [2methereum_transaction_pool_monitor::eth_client[0m[2m:[0m 📡 Transaction fetch RPC completed in 11.946083ms
[2m2025-12-10T10:13:42.845528Z[0m [34mDEBUG[0m [2methereum_transaction_pool_monitor::eth_client[0m[2m:[0m ✅ Transaction 0x3013019d19cf512782fa47d681dc3a86a843b7a58687b909f383923556d05614 fetched and parsed in 84.410875ms
[2m2025-12-10T10:13:42.845547Z[0m [34mDEBUG[0m [2methereum_transaction_pool_monitor::mempool_monitor[0m[2m:[0m 🔍 Skipping tx 0x3013019d19cf512782fa47d681dc3a86a843b7a58687b909f383923556d05614 - not a DEX interaction (target: 0xEff6cb8b614999d130E537751Ee99724D01aA167)
[2m2025-12-10T10:13:42.845556Z[0m [34mDEBUG[0m [2methereum_transaction_pool_monitor::mempool_monitor[0m[2m:[0m 📨 Processing new pending transaction: 0x2eae506ea23d9d3e13defeacce0f84914861a3e0f86443d01bc3c67e03386bde
[2m2025-12-10T10:13:42.845562Z[0m [34mDEBUG[0m [2methereum_transaction_pool_monitor::mempool_monitor[0m[2m:[0m 🔍 Fetching transaction details for: 0x2eae506ea23d9d3e13defeacce0f84914861a3e0f86443d01bc3c67e03386bde
[2m2025-12-10T10:13:42.845566Z[0m [34mDEBUG[0m [2methereum_transaction_pool_monitor::eth_client[0m[2m:[0m 🔍 Fetching transaction details for hash: 0x2eae506ea23d9d3e13defeacce0f84914861a3e0f86443d01bc3c67e03386bde
[2m2025-12-10T10:13:42.845585Z[0m [34mDEBUG[0m [2mhyper::client::pool[0m[2m:[0m reuse idle connection for ("http", 192.168.0.14:8545)
[2m2025-12-10T10:13:42.845619Z[0m [34mDEBUG[0m [2mhyper::proto::h1::io[0m[2m:[0m flushed 250 bytes
[2m2025-12-10T10:13:42.845645Z[0m [34mDEBUG[0m [2methereum_transaction_pool_monitor::eth_client[0m[2m:[0m 📨 Received WebSocket message: {"jsonrpc":"2.0","method":"eth_subscription","params":{"subscription":"0xbed0a0851463e895960a451075a301a9","result":"0x2511796d5261b09d3cdfd0b3e86e1d31a5d5dd50c6ad546ad31673f743ec6978"}}
[2m2025-12-10T10:13:42.845650Z[0m [34mDEBUG[0m [2mhyper::proto::h1::io[0m[2m:[0m parsed 4 headers
[2m2025-12-10T10:13:42.845652Z[0m [34mDEBUG[0m [2methereum_transaction_pool_monitor::eth_client[0m[2m:[0m 📨 Received pending transaction: 0x2511796d5261b09d3cdfd0b3e86e1d31a5d5dd50c6ad546ad31673f743ec6978
[2m2025-12-10T10:13:42.845659Z[0m [34mDEBUG[0m [2mhyper::proto::h1::conn[0m[2m:[0m incoming body is content-length (45 bytes)
[2m2025-12-10T10:13:42.845665Z[0m [34mDEBUG[0m [2methereum_transaction_pool_monitor::eth_client[0m[2m:[0m 📨 Received WebSocket message: {"jsonrpc":"2.0","method":"eth_subscription","params":{"subscription":"0xbed0a0851463e895960a451075a301a9","result":"0x2ee390714a31f58d571f3b44a85d4e5b26512f13736815993d0868122880fcbd"}}
[2m2025-12-10T10:13:42.845670Z[0m [34mDEBUG[0m [2mhyper::proto::h1::conn[0m[2m:[0m incoming body completed
[2m2025-12-10T10:13:42.845670Z[0m [34mDEBUG[0m [2methereum_transaction_pool_monitor::eth_client[0m[2m:[0m 📨 Received pending transaction: 0x2ee390714a31f58d571f3b44a85d4e5b26512f13736815993d0868122880fcbd
[2m2025-12-10T10:13:42.845679Z[0m [34mDEBUG[0m [2mhyper::client::pool[0m[2m:[0m pooling idle connection for ("http", 192.168.0.14:8545)
[2m2025-12-10T10:13:42.845692Z[0m [34mDEBUG[0m [2mhyper::client::pool[0m[2m:[0m reuse idle connection for ("http", 192.168.0.14:8545)
[2m2025-12-10T10:13:42.845706Z[0m [34mDEBUG[0m [2mhyper::proto::h1::io[0m[2m:[0m flushed 172 bytes
[2m2025-12-10T10:13:42.849422Z[0m [34mDEBUG[0m [2mhyper::proto::h1::io[0m[2m:[0m parsed 4 headers
[2m2025-12-10T10:13:42.849426Z[0m [34mDEBUG[0m [2mhyper::proto::h1::conn[0m[2m:[0m incoming body is content-length (841 bytes)
[2m2025-12-10T10:13:42.849436Z[0m [34mDEBUG[0m [2mhyper::proto::h1::conn[0m[2m:[0m incoming body completed
[2m2025-12-10T10:13:42.849441Z[0m [34mDEBUG[0m [2mhyper::client::pool[0m[2m:[0m pooling idle connection for ("http", 192.168.0.14:8545)
[2m2025-12-10T10:13:42.849445Z[0m [34mDEBUG[0m [2methereum_transaction_pool_monitor::eth_client[0m[2m:[0m 📡 Transaction fetch RPC completed in 3.87525ms
[2m2025-12-10T10:13:42.849455Z[0m [34mDEBUG[0m [2methereum_transaction_pool_monitor::eth_client[0m[2m:[0m DeFi transaction detected - Address: 0xdac17f958d2ee523a2206206994597c13d831ec7, Type: Stablecoin, Value: 0 ETH, Gas: 0.20 Gwei
[2m2025-12-10T10:13:42.849466Z[0m [34mDEBUG[0m [2methereum_transaction_pool_monitor::eth_client[0m[2m:[0m ✅ Transaction 0x2eae506ea23d9d3e13defeacce0f84914861a3e0f86443d01bc3c67e03386bde fetched and parsed in 3.897ms
[2m2025-12-10T10:13:42.849471Z[0m [34mDEBUG[0m [2methereum_transaction_pool_monitor::mempool_monitor[0m[2m:[0m 🔍 Skipping tx 0x2eae506ea23d9d3e13defeacce0f84914861a3e0f86443d01bc3c67e03386bde - not a DEX interaction (target: 0xdAC17F958D2ee523a2206206994597C13D831ec7)
[2m2025-12-10T10:13:42.849476Z[0m [34mDEBUG[0m [2methereum_transaction_pool_monitor::mempool_monitor[0m[2m:[0m 📨 Processing new pending transaction: 0xd1d3ae5fb8a8fb23fda11490db28386e80d7aeb8a71eea361d2c84dde655a309
[2m2025-12-10T10:13:42.849478Z[0m [34mDEBUG[0m [2methereum_transaction_pool_monitor::mempool_monitor[0m[2m:[0m 🔍 Fetching transaction details for: 0xd1d3ae5fb8a8fb23fda11490db28386e80d7aeb8a71eea361d2c84dde655a309
[2m2025-12-10T10:13:42.849481Z[0m [34mDEBUG[0m [2methereum_transaction_pool_monitor::eth_client[0m[2m:[0m 🔍 Fetching transaction details for hash: 0xd1d3ae5fb8a8fb23fda11490db28386e80d7aeb8a71eea361d2c84dde655a309
[2m2025-12-10T10:13:42.849487Z[0m [34mDEBUG[0m [2mhyper::client::pool[0m[2m:[0m reuse idle connection for ("http", 192.168.0.14:8545)
[2m2025-12-10T10:13:42.849498Z[0m [34mDEBUG[0m [2mhyper::proto::h1::io[0m[2m:[0m flushed 250 bytes
[2m2025-12-10T10:13:42.850099Z[0m [34mDEBUG[0m [2mhyper::proto::h1::io[0m[2m:[0m parsed 4 headers
[2m2025-12-10T10:13:42.850103Z[0m [34mDEBUG[0m [2mhyper::proto::h1::conn[0m[2m:[0m incoming body is content-length (45 bytes)
[2m2025-12-10T10:13:42.850106Z[0m [34mDEBUG[0m [2mhyper::proto::h1::conn[0m[2m:[0m incoming body completed
[2m2025-12-10T10:13:42.850109Z[0m [34mDEBUG[0m [2mhyper::client::pool[0m[2m:[0m pooling idle connection for ("http", 192.168.0.14:8545)
[2m2025-12-10T10:13:42.853499Z[0m [34mDEBUG[0m [2mhyper::proto::h1::io[0m[2m:[0m parsed 4 headers
[2m2025-12-10T10:13:42.853503Z[0m [34mDEBUG[0m [2mhyper::proto::h1::conn[0m[2m:[0m incoming body is content-length (1228 bytes)
[2m2025-12-10T10:13:42.853506Z[0m [34mDEBUG[0m [2mhyper::proto::h1::conn[0m[2m:[0m incoming body completed
[2m2025-12-10T10:13:42.853510Z[0m [34mDEBUG[0m [2mhyper::client::pool[0m[2m:[0m pooling idle connection for ("http", 192.168.0.14:8545)
[2m2025-12-10T10:13:42.853513Z[0m [34mDEBUG[0m [2methereum_transaction_pool_monitor::eth_client[0m[2m:[0m 📡 Transaction fetch RPC completed in 4.029208ms
[2m2025-12-10T10:13:42.853521Z[0m [34mDEBUG[0m [2methereum_transaction_pool_monitor::eth_client[0m[2m:[0m DeFi transaction detected - Address: 0x7a250d5630b4cf539739df2c5dacb4c659f2488d, Type: DexRouter, Value: 0 ETH, Gas: 0.27 Gwei
[2m2025-12-10T10:13:42.853528Z[0m [34mDEBUG[0m [2methereum_transaction_pool_monitor::eth_client[0m[2m:[0m ✅ Transaction 0xd1d3ae5fb8a8fb23fda11490db28386e80d7aeb8a71eea361d2c84dde655a309 fetched and parsed in 4.044166ms
[2m2025-12-10T10:13:42.853537Z[0m [34mDEBUG[0m [2methereum_transaction_pool_monitor::mempool_monitor[0m[2m:[0m 🔍 Skipping tx 0xd1d3ae5fb8a8fb23fda11490db28386e80d7aeb8a71eea361d2c84dde655a309 - not a DEX interaction (target: 0x7a250d5630B4cF539739dF2C5dAcb4c659F2488D)
[2m2025-12-10T10:13:42.853542Z[0m [34mDEBUG[0m [2methereum_transaction_pool_monitor::mempool_monitor[0m[2m:[0m 📨 Processing new pending transaction: 0xe5b0e478261c5764d410651e627bd4647e0152a94924ef9be1c1bd22c9e11b2e
[2m2025-12-10T10:13:42.853550Z[0m [34mDEBUG[0m [2methereum_transaction_pool_monitor::mempool_monitor[0m[2m:[0m 🔍 Fetching transaction details for: 0xe5b0e478261c5764d410651e627bd4647e0152a94924ef9be1c1bd22c9e11b2e
[2m2025-12-10T10:13:42.853553Z[0m [34mDEBUG[0m [2methereum_transaction_pool_monitor::eth_client[0m[2m:[0m 🔍 Fetching transaction details for hash: 0xe5b0e478261c5764d410651e627bd4647e0152a94924ef9be1c1bd22c9e11b2e
[2m2025-12-10T10:13:42.853558Z[0m [34mDEBUG[0m [2mhyper::client::pool[0m[2m:[0m reuse idle connection for ("http", 192.168.0.14:8545)
[2m2025-12-10T10:13:42.853569Z[0m [34mDEBUG[0m [2mhyper::proto::h1::io[0m[2m:[0m flushed 250 bytes
[2m2025-12-10T10:13:42.858951Z[0m [34mDEBUG[0m [2mhyper::proto::h1::io[0m[2m:[0m parsed 4 headers
[2m2025-12-10T10:13:42.858955Z[0m [34mDEBUG[0m [2mhyper::proto::h1::conn[0m[2m:[0m incoming body is content-length (1177 bytes)
[2m2025-12-10T10:13:42.858958Z[0m [34mDEBUG[0m [2mhyper::proto::h1::conn[0m[2m:[0m incoming body completed
[2m2025-12-10T10:13:42.858962Z[0m [34mDEBUG[0m [2mhyper::client::pool[0m[2m:[0m pooling idle connection for ("http", 192.168.0.14:8545)
[2m2025-12-10T10:13:42.858965Z[0m [34mDEBUG[0m [2methereum_transaction_pool_monitor::eth_client[0m[2m:[0m 📡 Transaction fetch RPC completed in 5.409708ms
[2m2025-12-10T10:13:42.858975Z[0m [34mDEBUG[0m [2methereum_transaction_pool_monitor::eth_client[0m[2m:[0m DeFi transaction detected - Address: 0x7a250d5630b4cf539739df2c5dacb4c659f2488d, Type: DexRouter, Value: 0.0385 ETH, Gas: 0.20 Gwei
[2m2025-12-10T10:13:42.858985Z[0m [34mDEBUG[0m [2methereum_transaction_pool_monitor::eth_client[0m[2m:[0m ✅ Transaction 0xe5b0e478261c5764d410651e627bd4647e0152a94924ef9be1c1bd22c9e11b2e fetched and parsed in 5.429583ms
[2m2025-12-10T10:13:42.858989Z[0m [34mDEBUG[0m [2methereum_transaction_pool_monitor::mempool_monitor[0m[2m:[0m 🔍 Skipping tx 0xe5b0e478261c5764d410651e627bd4647e0152a94924ef9be1c1bd22c9e11b2e - not a DEX interaction (target: 0x7a250d5630B4cF539739dF2C5dAcb4c659F2488D)
[2m2025-12-10T10:13:42.858993Z[0m [34mDEBUG[0m [2methereum_transaction_pool_monitor::mempool_monitor[0m[2m:[0m 📨 Processing new pending transaction: 0xaef88651329544b03b4e1ddce93973d641f237555894f62a7e802a51c8c83f74
[2m2025-12-10T10:13:42.858996Z[0m [34mDEBUG[0m [2methereum_transaction_pool_monitor::mempool_monitor[0m[2m:[0m 🔍 Fetching transaction details for: 0xaef88651329544b03b4e1ddce93973d641f237555894f62a7e802a51c8c83f74
[2m2025-12-10T10:13:42.858998Z[0m [34mDEBUG[0m [2methereum_transaction_pool_monitor::eth_client[0m[2m:[0m 🔍 Fetching transaction details for hash: 0xaef88651329544b03b4e1ddce93973d641f237555894f62a7e802a51c8c83f74
[2m2025-12-10T10:13:42.859004Z[0m [34mDEBUG[0m [2mhyper::client::pool[0m[2m:[0m reuse idle connection for ("http", 192.168.0.14:8545)
[2m2025-12-10T10:13:42.859014Z[0m [34mDEBUG[0m [2mhyper::proto::h1::io[0m[2m:[0m flushed 250 bytes
[2m2025-12-10T10:13:42.863962Z[0m [34mDEBUG[0m [2mhyper::proto::h1::io[0m[2m:[0m parsed 4 headers
[2m2025-12-10T10:13:42.863966Z[0m [34mDEBUG[0m [2mhyper::proto::h1::conn[0m[2m:[0m incoming body is content-length (722 bytes)
[2m2025-12-10T10:13:42.863969Z[0m [34mDEBUG[0m [2mhyper::proto::h1::conn[0m[2m:[0m incoming body completed
[2m2025-12-10T10:13:42.863972Z[0m [34mDEBUG[0m [2mhyper::client::pool[0m[2m:[0m pooling idle connection for ("http", 192.168.0.14:8545)
[2m2025-12-10T10:13:42.863975Z[0m [34mDEBUG[0m [2methereum_transaction_pool_monitor::eth_client[0m[2m:[0m 📡 Transaction fetch RPC completed in 4.974ms
[2m2025-12-10T10:13:42.934337Z[0m [34mDEBUG[0m [2methereum_transaction_pool_monitor::eth_client[0m[2m:[0m ✅ Transaction 0xaef88651329544b03b4e1ddce93973d641f237555894f62a7e802a51c8c83f74 fetched and parsed in 75.3335ms
[2m2025-12-10T10:13:42.934370Z[0m [34mDEBUG[0m [2methereum_transaction_pool_monitor::mempool_monitor[0m[2m:[0m 🔍 Skipping tx 0xaef88651329544b03b4e1ddce93973d641f237555894f62a7e802a51c8c83f74 - not a DEX interaction (target: 0xb198191629FF748c28cbC2249AEB2B3e78E2ddf9)
[2m2025-12-10T10:13:42.934379Z[0m [34mDEBUG[0m [2methereum_transaction_pool_monitor::mempool_monitor[0m[2m:[0m 📨 Processing new pending transaction: 0xad22732a55d776388ebfa2ca16a648e816028c211f7f79100a2c9b234da8dde5
[2m2025-12-10T10:13:42.934385Z[0m [34mDEBUG[0m [2methereum_transaction_pool_monitor::mempool_monitor[0m[2m:[0m 🔍 Fetching transaction details for: 0xad22732a55d776388ebfa2ca16a648e816028c211f7f79100a2c9b234da8dde5
[2m2025-12-10T10:13:42.934389Z[0m [34mDEBUG[0m [2methereum_transaction_pool_monitor::eth_client[0m[2m:[0m 🔍 Fetching transaction details for hash: 0xad22732a55d776388ebfa2ca16a648e816028c211f7f79100a2c9b234da8dde5
[2m2025-12-10T10:13:42.934406Z[0m [34mDEBUG[0m [2mhyper::client::pool[0m[2m:[0m reuse idle connection for ("http", 192.168.0.14:8545)
[2m2025-12-10T10:13:42.934437Z[0m [34mDEBUG[0m [2mhyper::proto::h1::io[0m[2m:[0m flushed 250 bytes
[2m2025-12-10T10:13:42.934455Z[0m [34mDEBUG[0m [2mhyper::client::pool[0m[2m:[0m reuse idle connection for ("http", 192.168.0.14:8545)
[2m2025-12-10T10:13:42.934466Z[0m [34mDEBUG[0m [2mhyper::proto::h1::io[0m[2m:[0m flushed 172 bytes
[2m2025-12-10T10:13:42.934505Z[0m [34mDEBUG[0m [2methereum_transaction_pool_monitor::eth_client[0m[2m:[0m 📨 Received WebSocket message: {"jsonrpc":"2.0","method":"eth_subscription","params":{"subscription":"0xbed0a0851463e895960a451075a301a9","result":"0x1be567435ccaa07c98bf0128389743e24998d869fa81aaac68cc0826f487e153"}}
[2m2025-12-10T10:13:42.934515Z[0m [34mDEBUG[0m [2methereum_transaction_pool_monitor::eth_client[0m[2m:[0m 📨 Received pending transaction: 0x1be567435ccaa07c98bf0128389743e24998d869fa81aaac68cc0826f487e153
[2m2025-12-10T10:13:42.941025Z[0m [34mDEBUG[0m [2mhyper::proto::h1::io[0m[2m:[0m parsed 4 headers
[2m2025-12-10T10:13:42.941029Z[0m [34mDEBUG[0m [2mhyper::proto::h1::conn[0m[2m:[0m incoming body is content-length (749 bytes)
[2m2025-12-10T10:13:42.941034Z[0m [34mDEBUG[0m [2mhyper::proto::h1::conn[0m[2m:[0m incoming body completed
[2m2025-12-10T10:13:42.941041Z[0m [34mDEBUG[0m [2mhyper::client::pool[0m[2m:[0m pooling idle connection for ("http", 192.168.0.14:8545)
[2m2025-12-10T10:13:42.941046Z[0m [34mDEBUG[0m [2methereum_transaction_pool_monitor::eth_client[0m[2m:[0m 📡 Transaction fetch RPC completed in 6.65425ms
[2m2025-12-10T10:13:42.941059Z[0m [34mDEBUG[0m [2methereum_transaction_pool_monitor::eth_client[0m[2m:[0m DeFi transaction detected - Address: 0xdac17f958d2ee523a2206206994597c13d831ec7, Type: Stablecoin, Value: 0 ETH, Gas: 0.20 Gwei
[2m2025-12-10T10:13:42.941071Z[0m [34mDEBUG[0m [2methereum_transaction_pool_monitor::eth_client[0m[2m:[0m ✅ Transaction 0xad22732a55d776388ebfa2ca16a648e816028c211f7f79100a2c9b234da8dde5 fetched and parsed in 6.679291ms
[2m2025-12-10T10:13:42.941076Z[0m [34mDEBUG[0m [2methereum_transaction_pool_monitor::mempool_monitor[0m[2m:[0m 🔍 Skipping tx 0xad22732a55d776388ebfa2ca16a648e816028c211f7f79100a2c9b234da8dde5 - not a DEX interaction (target: 0xdAC17F958D2ee523a2206206994597C13D831ec7)
[2m2025-12-10T10:13:42.941081Z[0m [34mDEBUG[0m [2methereum_transaction_pool_monitor::mempool_monitor[0m[2m:[0m 📨 Processing new pending transaction: 0x83009458feb3a2a225717441d38ba4d98d1dd83b937107e8e1a729a414dba884
[2m2025-12-10T10:13:42.941084Z[0m [34mDEBUG[0m [2methereum_transaction_pool_monitor::mempool_monitor[0m[2m:[0m 🔍 Fetching transaction details for: 0x83009458feb3a2a225717441d38ba4d98d1dd83b937107e8e1a729a414dba884
[2m2025-12-10T10:13:42.941087Z[0m [34mDEBUG[0m [2methereum_transaction_pool_monitor::eth_client[0m[2m:[0m 🔍 Fetching transaction details for hash: 0x83009458feb3a2a225717441d38ba4d98d1dd83b937107e8e1a729a414dba884
[2m2025-12-10T10:13:42.941098Z[0m [34mDEBUG[0m [2mhyper::client::pool[0m[2m:[0m reuse idle connection for ("http", 192.168.0.14:8545)
[2m2025-12-10T10:13:42.941109Z[0m [34mDEBUG[0m [2mhyper::proto::h1::io[0m[2m:[0m flushed 250 bytes
[2m2025-12-10T10:13:42.941116Z[0m [34mDEBUG[0m [2mhyper::proto::h1::io[0m[2m:[0m parsed 4 headers
[2m2025-12-10T10:13:42.941118Z[0m [34mDEBUG[0m [2mhyper::proto::h1::conn[0m[2m:[0m incoming body is content-length (45 bytes)
[2m2025-12-10T10:13:42.941121Z[0m [34mDEBUG[0m [2mhyper::proto::h1::conn[0m[2m:[0m incoming body completed
[2m2025-12-10T10:13:42.941125Z[0m [34mDEBUG[0m [2mhyper::client::pool[0m[2m:[0m pooling idle connection for ("http", 192.168.0.14:8545)
[2m2025-12-10T10:13:42.949880Z[0m [34mDEBUG[0m [2methereum_transaction_pool_monitor::eth_client[0m[2m:[0m 📨 Received WebSocket message: {"jsonrpc":"2.0","method":"eth_subscription","params":{"subscription":"0xbed0a0851463e895960a451075a301a9","result":"0xe8bbe1d7291304658bbd4879ece5b8707dabb004a6caa8dbbf8377662f91ad2d"}}
[2m2025-12-10T10:13:42.949886Z[0m [34mDEBUG[0m [2methereum_transaction_pool_monitor::eth_client[0m[2m:[0m 📨 Received pending transaction: 0xe8bbe1d7291304658bbd4879ece5b8707dabb004a6caa8dbbf8377662f91ad2d
[2m2025-12-10T10:13:42.949931Z[0m [34mDEBUG[0m [2mhyper::proto::h1::io[0m[2m:[0m parsed 4 headers
[2m2025-12-10T10:13:42.949936Z[0m [34mDEBUG[0m [2mhyper::proto::h1::conn[0m[2m:[0m incoming body is content-length (712 bytes)
[2m2025-12-10T10:13:42.949939Z[0m [34mDEBUG[0m [2mhyper::proto::h1::conn[0m[2m:[0m incoming body completed
[2m2025-12-10T10:13:42.949943Z[0m [34mDEBUG[0m [2mhyper::client::pool[0m[2m:[0m pooling idle connection for ("http", 192.168.0.14:8545)
[2m2025-12-10T10:13:42.949946Z[0m [34mDEBUG[0m [2methereum_transaction_pool_monitor::eth_client[0m[2m:[0m 📡 Transaction fetch RPC completed in 8.85125ms
[2m2025-12-10T10:13:43.022618Z[0m [34mDEBUG[0m [2methereum_transaction_pool_monitor::eth_client[0m[2m:[0m ✅ Transaction 0x83009458feb3a2a225717441d38ba4d98d1dd83b937107e8e1a729a414dba884 fetched and parsed in 81.520709ms
[2m2025-12-10T10:13:43.022640Z[0m [34mDEBUG[0m [2methereum_transaction_pool_monitor::mempool_monitor[0m[2m:[0m 🔍 Skipping tx 0x83009458feb3a2a225717441d38ba4d98d1dd83b937107e8e1a729a414dba884 - not a DEX interaction (target: 0x966e280B422D46D93A5D7Db5b88b5Cca82ff6aAc)
[2m2025-12-10T10:13:43.022651Z[0m [34mDEBUG[0m [2methereum_transaction_pool_monitor::mempool_monitor[0m[2m:[0m 📨 Processing new pending transaction: 0x41afa8721fe305e36c5c0c5f41dfa1496fd1f877fc62d10927dcafb128d6a45f
[2m2025-12-10T10:13:43.022657Z[0m [34mDEBUG[0m [2methereum_transaction_pool_monitor::mempool_monitor[0m[2m:[0m 🔍 Fetching transaction details for: 0x41afa8721fe305e36c5c0c5f41dfa1496fd1f877fc62d10927dcafb128d6a45f
[2m2025-12-10T10:13:43.022664Z[0m [34mDEBUG[0m [2methereum_transaction_pool_monitor::eth_client[0m[2m:[0m 🔍 Fetching transaction details for hash: 0x41afa8721fe305e36c5c0c5f41dfa1496fd1f877fc62d10927dcafb128d6a45f
[2m2025-12-10T10:13:43.022683Z[0m [34mDEBUG[0m [2mhyper::client::pool[0m[2m:[0m reuse idle connection for ("http", 192.168.0.14:8545)
[2m2025-12-10T10:13:43.022724Z[0m [34mDEBUG[0m [2mhyper::proto::h1::io[0m[2m:[0m flushed 250 bytes
[2m2025-12-10T10:13:43.022742Z[0m [34mDEBUG[0m [2mhyper::client::pool[0m[2m:[0m reuse idle connection for ("http", 192.168.0.14:8545)
[2m2025-12-10T10:13:43.022753Z[0m [34mDEBUG[0m [2mhyper::proto::h1::io[0m[2m:[0m flushed 172 bytes
[2m2025-12-10T10:13:43.022765Z[0m [34mDEBUG[0m [2methereum_transaction_pool_monitor::eth_client[0m[2m:[0m 📨 Received WebSocket message: {"jsonrpc":"2.0","method":"eth_subscription","params":{"subscription":"0xbed0a0851463e895960a451075a301a9","result":"0x9f8e00f38d5fd5f0c6b0110da33f0de48461b69b39f37800c9fd6b3f0e63c4bc"}}
[2m2025-12-10T10:13:43.022772Z[0m [34mDEBUG[0m [2methereum_transaction_pool_monitor::eth_client[0m[2m:[0m 📨 Received pending transaction: 0x9f8e00f38d5fd5f0c6b0110da33f0de48461b69b39f37800c9fd6b3f0e63c4bc
[2m2025-12-10T10:13:43.026019Z[0m [34mDEBUG[0m [2mhyper::proto::h1::io[0m[2m:[0m parsed 4 headers
[2m2025-12-10T10:13:43.026023Z[0m [34mDEBUG[0m [2mhyper::proto::h1::conn[0m[2m:[0m incoming body is content-length (843 bytes)
[2m2025-12-10T10:13:43.026029Z[0m [34mDEBUG[0m [2mhyper::proto::h1::conn[0m[2m:[0m incoming body completed
[2m2025-12-10T10:13:43.026035Z[0m [34mDEBUG[0m [2mhyper::client::pool[0m[2m:[0m pooling idle connection for ("http", 192.168.0.14:8545)
[2m2025-12-10T10:13:43.026039Z[0m [34mDEBUG[0m [2methereum_transaction_pool_monitor::eth_client[0m[2m:[0m 📡 Transaction fetch RPC completed in 3.370166ms
[2m2025-12-10T10:13:43.026051Z[0m [34mDEBUG[0m [2methereum_transaction_pool_monitor::eth_client[0m[2m:[0m DeFi transaction detected - Address: 0xdac17f958d2ee523a2206206994597c13d831ec7, Type: Stablecoin, Value: 0 ETH, Gas: 0.32 Gwei
[2m2025-12-10T10:13:43.026061Z[0m [34mDEBUG[0m [2methereum_transaction_pool_monitor::eth_client[0m[2m:[0m ✅ Transaction 0x41afa8721fe305e36c5c0c5f41dfa1496fd1f877fc62d10927dcafb128d6a45f fetched and parsed in 3.392375ms
[2m2025-12-10T10:13:43.026065Z[0m [34mDEBUG[0m [2methereum_transaction_pool_monitor::mempool_monitor[0m[2m:[0m 🔍 Skipping tx 0x41afa8721fe305e36c5c0c5f41dfa1496fd1f877fc62d10927dcafb128d6a45f - not a DEX interaction (target: 0xdAC17F958D2ee523a2206206994597C13D831ec7)
[2m2025-12-10T10:13:43.026070Z[0m [34mDEBUG[0m [2methereum_transaction_pool_monitor::mempool_monitor[0m[2m:[0m 📨 Processing new pending transaction: 0xad7bc78f4338ecfef13e3f064de70ecf500a7ce400c5885513980e8c7ec2a17e
[2m2025-12-10T10:13:43.026073Z[0m [34mDEBUG[0m [2methereum_transaction_pool_monitor::mempool_monitor[0m[2m:[0m 🔍 Fetching transaction details for: 0xad7bc78f4338ecfef13e3f064de70ecf500a7ce400c5885513980e8c7ec2a17e
[2m2025-12-10T10:13:43.026076Z[0m [34mDEBUG[0m [2methereum_transaction_pool_monitor::eth_client[0m[2m:[0m 🔍 Fetching transaction details for hash: 0xad7bc78f4338ecfef13e3f064de70ecf500a7ce400c5885513980e8c7ec2a17e
[2m2025-12-10T10:13:43.026082Z[0m [34mDEBUG[0m [2mhyper::client::pool[0m[2m:[0m reuse idle connection for ("http", 192.168.0.14:8545)
[2m2025-12-10T10:13:43.026095Z[0m [34mDEBUG[0m [2mhyper::proto::h1::io[0m[2m:[0m flushed 250 bytes
[2m2025-12-10T10:13:43.026578Z[0m [34mDEBUG[0m [2mhyper::proto::h1::io[0m[2m:[0m parsed 4 headers
[2m2025-12-10T10:13:43.026582Z[0m [34mDEBUG[0m [2mhyper::proto::h1::conn[0m[2m:[0m incoming body is content-length (45 bytes)
[2m2025-12-10T10:13:43.026586Z[0m [34mDEBUG[0m [2mhyper::proto::h1::conn[0m[2m:[0m incoming body completed
[2m2025-12-10T10:13:43.026590Z[0m [34mDEBUG[0m [2mhyper::client::pool[0m[2m:[0m pooling idle connection for ("http", 192.168.0.14:8545)
[2m2025-12-10T10:13:43.028764Z[0m [34mDEBUG[0m [2methereum_transaction_pool_monitor::eth_client[0m[2m:[0m 📨 Received WebSocket message: {"jsonrpc":"2.0","method":"eth_subscription","params":{"subscription":"0xbed0a0851463e895960a451075a301a9","result":"0x1c43a040f50e2b0bf95920e231dd34ffb50293a334c56f60167cfa2da725afe3"}}
[2m2025-12-10T10:13:43.028769Z[0m [34mDEBUG[0m [2methereum_transaction_pool_monitor::eth_client[0m[2m:[0m 📨 Received pending transaction: 0x1c43a040f50e2b0bf95920e231dd34ffb50293a334c56f60167cfa2da725afe3
[2m2025-12-10T10:13:43.029739Z[0m [34mDEBUG[0m [2mhyper::proto::h1::io[0m[2m:[0m parsed 4 headers
[2m2025-12-10T10:13:43.029745Z[0m [34mDEBUG[0m [2mhyper::proto::h1::conn[0m[2m:[0m incoming body is content-length (723 bytes)
[2m2025-12-10T10:13:43.029748Z[0m [34mDEBUG[0m [2mhyper::proto::h1::conn[0m[2m:[0m incoming body completed
[2m2025-12-10T10:13:43.029751Z[0m [34mDEBUG[0m [2mhyper::client::pool[0m[2m:[0m pooling idle connection for ("http", 192.168.0.14:8545)
[2m2025-12-10T10:13:43.029754Z[0m [34mDEBUG[0m [2methereum_transaction_pool_monitor::eth_client[0m[2m:[0m 📡 Transaction fetch RPC completed in 3.675875ms
[2m2025-12-10T10:13:43.101453Z[0m [34mDEBUG[0m [2methereum_transaction_pool_monitor::eth_client[0m[2m:[0m ✅ Transaction 0xad7bc78f4338ecfef13e3f064de70ecf500a7ce400c5885513980e8c7ec2a17e fetched and parsed in 75.372667ms
[2m2025-12-10T10:13:43.104012Z[0m [34mDEBUG[0m [2methereum_transaction_pool_monitor::mempool_monitor[0m[2m:[0m 🔍 Skipping tx 0xad7bc78f4338ecfef13e3f064de70ecf500a7ce400c5885513980e8c7ec2a17e - not a DEX interaction (target: 0xE4577BFb7493cE1cC48e55f9B0d2C26032fd3cf6)
[2m2025-12-10T10:13:43.104022Z[0m [34mDEBUG[0m [2methereum_transaction_pool_monitor::mempool_monitor[0m[2m:[0m 📨 Processing new pending transaction: 0x092346125018e683516399a19056a9fd6e87c9e754c68cfc91fa455049d83bf1
[2m2025-12-10T10:13:43.104026Z[0m [34mDEBUG[0m [2methereum_transaction_pool_monitor::mempool_monitor[0m[2m:[0m 🔍 Fetching transaction details for: 0x092346125018e683516399a19056a9fd6e87c9e754c68cfc91fa455049d83bf1
[2m2025-12-10T10:13:43.104031Z[0m [34mDEBUG[0m [2methereum_transaction_pool_monitor::eth_client[0m[2m:[0m 🔍 Fetching transaction details for hash: 0x092346125018e683516399a19056a9fd6e87c9e754c68cfc91fa455049d83bf1
[2m2025-12-10T10:13:43.104050Z[0m [34mDEBUG[0m [2mhyper::client::pool[0m[2m:[0m reuse idle connection for ("http", 192.168.0.14:8545)
[2m2025-12-10T10:13:43.104071Z[0m [34mDEBUG[0m [2mhyper::proto::h1::io[0m[2m:[0m flushed 250 bytes
[2m2025-12-10T10:13:43.104086Z[0m [34mDEBUG[0m [2mhyper::client::pool[0m[2m:[0m reuse idle connection for ("http", 192.168.0.14:8545)
[2m2025-12-10T10:13:43.104098Z[0m [34mDEBUG[0m [2methereum_transaction_pool_monitor::eth_client[0m[2m:[0m 📨 Received WebSocket message: {"jsonrpc":"2.0","method":"eth_subscription","params":{"subscription":"0xbed0a0851463e895960a451075a301a9","result":"0xc3baffc120e03385d33c7e48484c352ef615c6fdc95265976dde51c63433f1e7"}}
[2m2025-12-10T10:13:43.104099Z[0m [34mDEBUG[0m [2mhyper::proto::h1::io[0m[2m:[0m flushed 172 bytes
[2m2025-12-10T10:13:43.104106Z[0m [34mDEBUG[0m [2methereum_transaction_pool_monitor::eth_client[0m[2m:[0m 📨 Received pending transaction: 0xc3baffc120e03385d33c7e48484c352ef615c6fdc95265976dde51c63433f1e7
[2m2025-12-10T10:13:43.110958Z[0m [34mDEBUG[0m [2mhyper::proto::h1::io[0m[2m:[0m parsed 4 headers
[2m2025-12-10T10:13:43.110963Z[0m [34mDEBUG[0m [2mhyper::proto::h1::conn[0m[2m:[0m incoming body is content-length (719 bytes)
[2m2025-12-10T10:13:43.110968Z[0m [34mDEBUG[0m [2mhyper::proto::h1::conn[0m[2m:[0m incoming body completed
[2m2025-12-10T10:13:43.110974Z[0m [34mDEBUG[0m [2mhyper::client::pool[0m[2m:[0m pooling idle connection for ("http", 192.168.0.14:8545)
[2m2025-12-10T10:13:43.110979Z[0m [34mDEBUG[0m [2methereum_transaction_pool_monitor::eth_client[0m[2m:[0m 📡 Transaction fetch RPC completed in 6.943042ms
[2m2025-12-10T10:13:43.182205Z[0m [34mDEBUG[0m [2methereum_transaction_pool_monitor::eth_client[0m[2m:[0m ✅ Transaction 0x092346125018e683516399a19056a9fd6e87c9e754c68cfc91fa455049d83bf1 fetched and parsed in 78.166167ms
[2m2025-12-10T10:13:43.182224Z[0m [34mDEBUG[0m [2methereum_transaction_pool_monitor::mempool_monitor[0m[2m:[0m 🔍 Skipping tx 0x092346125018e683516399a19056a9fd6e87c9e754c68cfc91fa455049d83bf1 - not a DEX interaction (target: 0x7E9437E3456cd92Bf4549Ac6D42ffA1779Bcd6D5)
[2m2025-12-10T10:13:43.182232Z[0m [34mDEBUG[0m [2methereum_transaction_pool_monitor::mempool_monitor[0m[2m:[0m 📨 Processing new pending transaction: 0x2db16c50e03f0ccd396285ae9816636869abd7459d8c8787f1fc3246361648e0
[2m2025-12-10T10:13:43.182238Z[0m [34mDEBUG[0m [2methereum_transaction_pool_monitor::mempool_monitor[0m[2m:[0m 🔍 Fetching transaction details for: 0x2db16c50e03f0ccd396285ae9816636869abd7459d8c8787f1fc3246361648e0
[2m2025-12-10T10:13:43.182242Z[0m [34mDEBUG[0m [2methereum_transaction_pool_monitor::eth_client[0m[2m:[0m 🔍 Fetching transaction details for hash: 0x2db16c50e03f0ccd396285ae9816636869abd7459d8c8787f1fc3246361648e0
[2m2025-12-10T10:13:43.182266Z[0m [34mDEBUG[0m [2mhyper::client::pool[0m[2m:[0m reuse idle connection for ("http", 192.168.0.14:8545)
[2m2025-12-10T10:13:43.182291Z[0m [34mDEBUG[0m [2mhyper::proto::h1::io[0m[2m:[0m flushed 250 bytes
[2m2025-12-10T10:13:43.182311Z[0m [34mDEBUG[0m [2methereum_transaction_pool_monitor::eth_client[0m[2m:[0m 📨 Received WebSocket message: {"jsonrpc":"2.0","method":"eth_subscription","params":{"subscription":"0xbed0a0851463e895960a451075a301a9","result":"0xada349584a7dba9fc7c6a61428465ae3b308ff4749d273126d881c554e064cc2"}}
[2m2025-12-10T10:13:43.182317Z[0m [34mDEBUG[0m [2methereum_transaction_pool_monitor::eth_client[0m[2m:[0m 📨 Received pending transaction: 0xada349584a7dba9fc7c6a61428465ae3b308ff4749d273126d881c554e064cc2
[2m2025-12-10T10:13:43.182346Z[0m [34mDEBUG[0m [2mhyper::proto::h1::io[0m[2m:[0m parsed 4 headers
[2m2025-12-10T10:13:43.182350Z[0m [34mDEBUG[0m [2mhyper::proto::h1::conn[0m[2m:[0m incoming body is content-length (45 bytes)
[2m2025-12-10T10:13:43.182355Z[0m [34mDEBUG[0m [2mhyper::proto::h1::conn[0m[2m:[0m incoming body completed
[2m2025-12-10T10:13:43.182362Z[0m [34mDEBUG[0m [2mhyper::client::pool[0m[2m:[0m pooling idle connection for ("http", 192.168.0.14:8545)
[2m2025-12-10T10:13:43.188854Z[0m [34mDEBUG[0m [2mhyper::proto::h1::io[0m[2m:[0m parsed 4 headers
[2m2025-12-10T10:13:43.188859Z[0m [34mDEBUG[0m [2mhyper::proto::h1::conn[0m[2m:[0m incoming body is content-length (715 bytes)
[2m2025-12-10T10:13:43.188864Z[0m [34mDEBUG[0m [2mhyper::proto::h1::conn[0m[2m:[0m incoming body completed
[2m2025-12-10T10:13:43.188869Z[0m [34mDEBUG[0m [2mhyper::client::pool[0m[2m:[0m pooling idle connection for ("http", 192.168.0.14:8545)
[2m2025-12-10T10:13:43.188873Z[0m [34mDEBUG[0m [2methereum_transaction_pool_monitor::eth_client[0m[2m:[0m 📡 Transaction fetch RPC completed in 6.620292ms
[2m2025-12-10T10:13:43.261067Z[0m [34mDEBUG[0m [2methereum_transaction_pool_monitor::eth_client[0m[2m:[0m ✅ Transaction 0x2db16c50e03f0ccd396285ae9816636869abd7459d8c8787f1fc3246361648e0 fetched and parsed in 78.811958ms
[2m2025-12-10T10:13:43.261087Z[0m [34mDEBUG[0m [2methereum_transaction_pool_monitor::mempool_monitor[0m[2m:[0m 🔍 Skipping tx 0x2db16c50e03f0ccd396285ae9816636869abd7459d8c8787f1fc3246361648e0 - not a DEX interaction (target: 0xBEa9f7FD27f4EE20066F18DEF0bc586eC221055A)
[2m2025-12-10T10:13:43.261096Z[0m [34mDEBUG[0m [2methereum_transaction_pool_monitor::mempool_monitor[0m[2m:[0m 📨 Processing new pending transaction: 0x55d5f21dc629da79e0c715c72e3d6619a656bf088fb98e5c0068920447e29556
[2m2025-12-10T10:13:43.261102Z[0m [34mDEBUG[0m [2methereum_transaction_pool_monitor::mempool_monitor[0m[2m:[0m 🔍 Fetching transaction details for: 0x55d5f21dc629da79e0c715c72e3d6619a656bf088fb98e5c0068920447e29556
[2m2025-12-10T10:13:43.261106Z[0m [34mDEBUG[0m [2methereum_transaction_pool_monitor::eth_client[0m[2m:[0m 🔍 Fetching transaction details for hash: 0x55d5f21dc629da79e0c715c72e3d6619a656bf088fb98e5c0068920447e29556
[2m2025-12-10T10:13:43.261123Z[0m [34mDEBUG[0m [2mhyper::client::pool[0m[2m:[0m reuse idle connection for ("http", 192.168.0.14:8545)
[2m2025-12-10T10:13:43.261168Z[0m [34mDEBUG[0m [2mhyper::proto::h1::io[0m[2m:[0m flushed 250 bytes
[2m2025-12-10T10:13:43.261198Z[0m [34mDEBUG[0m [2mhyper::client::pool[0m[2m:[0m reuse idle connection for ("http", 192.168.0.14:8545)
[2m2025-12-10T10:13:43.261211Z[0m [34mDEBUG[0m [2mhyper::proto::h1::io[0m[2m:[0m flushed 172 bytes
[2m2025-12-10T10:13:43.268513Z[0m [34mDEBUG[0m [2mhyper::proto::h1::io[0m[2m:[0m parsed 4 headers
[2m2025-12-10T10:13:43.268522Z[0m [34mDEBUG[0m [2mhyper::proto::h1::conn[0m[2m:[0m incoming body is content-length (1292 bytes)
[2m2025-12-10T10:13:43.268530Z[0m [34mDEBUG[0m [2mhyper::proto::h1::conn[0m[2m:[0m incoming body completed
[2m2025-12-10T10:13:43.268547Z[0m [34mDEBUG[0m [2mhyper::client::pool[0m[2m:[0m pooling idle connection for ("http", 192.168.0.14:8545)
[2m2025-12-10T10:13:43.268554Z[0m [34mDEBUG[0m [2methereum_transaction_pool_monitor::eth_client[0m[2m:[0m 📡 Transaction fetch RPC completed in 7.442708ms
[2m2025-12-10T10:13:43.339515Z[0m [34mDEBUG[0m [2methereum_transaction_pool_monitor::eth_client[0m[2m:[0m ✅ Transaction 0x55d5f21dc629da79e0c715c72e3d6619a656bf088fb98e5c0068920447e29556 fetched and parsed in 78.401875ms
[2m2025-12-10T10:13:43.339538Z[0m [34mDEBUG[0m [2methereum_transaction_pool_monitor::mempool_monitor[0m[2m:[0m 🔍 Skipping tx 0x55d5f21dc629da79e0c715c72e3d6619a656bf088fb98e5c0068920447e29556 - not a DEX interaction (target: 0xF6801D319497789f934ec7F83E142a9536312B08)
[2m2025-12-10T10:13:43.339546Z[0m [34mDEBUG[0m [2methereum_transaction_pool_monitor::mempool_monitor[0m[2m:[0m 📨 Processing new pending transaction: 0xa496d1245b872640ded9cfb93d056be527c8820986731396c636ef2d27957c10
[2m2025-12-10T10:13:43.339556Z[0m [34mDEBUG[0m [2methereum_transaction_pool_monitor::mempool_monitor[0m[2m:[0m 🔍 Fetching transaction details for: 0xa496d1245b872640ded9cfb93d056be527c8820986731396c636ef2d27957c10
[2m2025-12-10T10:13:43.339561Z[0m [34mDEBUG[0m [2methereum_transaction_pool_monitor::eth_client[0m[2m:[0m 🔍 Fetching transaction details for hash: 0xa496d1245b872640ded9cfb93d056be527c8820986731396c636ef2d27957c10
[2m2025-12-10T10:13:43.339579Z[0m [34mDEBUG[0m [2mhyper::client::pool[0m[2m:[0m reuse idle connection for ("http", 192.168.0.14:8545)
[2m2025-12-10T10:13:43.339619Z[0m [34mDEBUG[0m [2mhyper::proto::h1::io[0m[2m:[0m flushed 250 bytes
[2m2025-12-10T10:13:43.339635Z[0m [34mDEBUG[0m [2mhyper::proto::h1::io[0m[2m:[0m parsed 4 headers
[2m2025-12-10T10:13:43.339641Z[0m [34mDEBUG[0m [2mhyper::proto::h1::conn[0m[2m:[0m incoming body is content-length (45 bytes)
[2m2025-12-10T10:13:43.339650Z[0m [34mDEBUG[0m [2mhyper::proto::h1::conn[0m[2m:[0m incoming body completed
[2m2025-12-10T10:13:43.339660Z[0m [34mDEBUG[0m [2mhyper::client::pool[0m[2m:[0m pooling idle connection for ("http", 192.168.0.14:8545)
[2m2025-12-10T10:13:43.339676Z[0m [34mDEBUG[0m [2mhyper::client::pool[0m[2m:[0m reuse idle connection for ("http", 192.168.0.14:8545)
[2m2025-12-10T10:13:43.339691Z[0m [34mDEBUG[0m [2mhyper::proto::h1::io[0m[2m:[0m flushed 172 bytes
[2m2025-12-10T10:13:43.344154Z[0m [34mDEBUG[0m [2mhyper::proto::h1::io[0m[2m:[0m parsed 4 headers
[2m2025-12-10T10:13:43.344159Z[0m [34mDEBUG[0m [2mhyper::proto::h1::conn[0m[2m:[0m incoming body is content-length (845 bytes)
[2m2025-12-10T10:13:43.344163Z[0m [34mDEBUG[0m [2mhyper::proto::h1::conn[0m[2m:[0m incoming body completed
[2m2025-12-10T10:13:43.344168Z[0m [34mDEBUG[0m [2mhyper::client::pool[0m[2m:[0m pooling idle connection for ("http", 192.168.0.14:8545)
[2m2025-12-10T10:13:43.344172Z[0m [34mDEBUG[0m [2methereum_transaction_pool_monitor::eth_client[0m[2m:[0m 📡 Transaction fetch RPC completed in 4.60575ms
[2m2025-12-10T10:13:43.416472Z[0m [34mDEBUG[0m [2methereum_transaction_pool_monitor::eth_client[0m[2m:[0m ✅ Transaction 0xa496d1245b872640ded9cfb93d056be527c8820986731396c636ef2d27957c10 fetched and parsed in 76.903709ms
[2m2025-12-10T10:13:43.416642Z[0m [34mDEBUG[0m [2methereum_transaction_pool_monitor::mempool_monitor[0m[2m:[0m 🔍 Skipping tx 0xa496d1245b872640ded9cfb93d056be527c8820986731396c636ef2d27957c10 - not a DEX interaction (target: 0xB8f28C60dD8240141185a192fa4156A23E189305)
[2m2025-12-10T10:13:43.416650Z[0m [34mDEBUG[0m [2methereum_transaction_pool_monitor::mempool_monitor[0m[2m:[0m 📨 Processing new pending transaction: 0xc1066ec93836067f5628819fd12b99f7b3f909f48b322d1ee1d6e1c408758723
[2m2025-12-10T10:13:43.416654Z[0m [34mDEBUG[0m [2methereum_transaction_pool_monitor::mempool_monitor[0m[2m:[0m 🔍 Fetching transaction details for: 0xc1066ec93836067f5628819fd12b99f7b3f909f48b322d1ee1d6e1c408758723
[2m2025-12-10T10:13:43.416663Z[0m [34mDEBUG[0m [2methereum_transaction_pool_monitor::eth_client[0m[2m:[0m 🔍 Fetching transaction details for hash: 0xc1066ec93836067f5628819fd12b99f7b3f909f48b322d1ee1d6e1c408758723
[2m2025-12-10T10:13:43.416681Z[0m [34mDEBUG[0m [2mhyper::client::pool[0m[2m:[0m reuse idle connection for ("http", 192.168.0.14:8545)
[2m2025-12-10T10:13:43.416716Z[0m [34mDEBUG[0m [2mhyper::proto::h1::io[0m[2m:[0m flushed 250 bytes
[2m2025-12-10T10:13:43.416750Z[0m [34mDEBUG[0m [2methereum_transaction_pool_monitor::eth_client[0m[2m:[0m 📨 Received WebSocket message: {"jsonrpc":"2.0","method":"eth_subscription","params":{"subscription":"0xbed0a0851463e895960a451075a301a9","result":"0x34c20bcba4a44228a22005493e984e9aec6d161e004a424edc61214bac40c7f8"}}
[2m2025-12-10T10:13:43.416756Z[0m [34mDEBUG[0m [2methereum_transaction_pool_monitor::eth_client[0m[2m:[0m 📨 Received pending transaction: 0x34c20bcba4a44228a22005493e984e9aec6d161e004a424edc61214bac40c7f8
[2m2025-12-10T10:13:43.416802Z[0m [34mDEBUG[0m [2mhyper::proto::h1::io[0m[2m:[0m parsed 4 headers
[2m2025-12-10T10:13:43.416807Z[0m [34mDEBUG[0m [2mhyper::proto::h1::conn[0m[2m:[0m incoming body is content-length (45 bytes)
[2m2025-12-10T10:13:43.416813Z[0m [34mDEBUG[0m [2mhyper::proto::h1::conn[0m[2m:[0m incoming body completed
[2m2025-12-10T10:13:43.416820Z[0m [34mDEBUG[0m [2mhyper::client::pool[0m[2m:[0m pooling idle connection for ("http", 192.168.0.14:8545)
[2m2025-12-10T10:13:43.416834Z[0m [34mDEBUG[0m [2mhyper::client::pool[0m[2m:[0m reuse idle connection for ("http", 192.168.0.14:8545)
[2m2025-12-10T10:13:43.416845Z[0m [34mDEBUG[0m [2mhyper::proto::h1::io[0m[2m:[0m flushed 172 bytes
[2m2025-12-10T10:13:43.421927Z[0m [34mDEBUG[0m [2mhyper::proto::h1::io[0m[2m:[0m parsed 4 headers
[2m2025-12-10T10:13:43.421932Z[0m [34mDEBUG[0m [2mhyper::proto::h1::conn[0m[2m:[0m incoming body is content-length (1549 bytes)
[2m2025-12-10T10:13:43.421939Z[0m [34mDEBUG[0m [2methereum_transaction_pool_monitor::eth_client[0m[2m:[0m 📡 Transaction fetch RPC completed in 5.272125ms
[2m2025-12-10T10:13:43.424654Z[0m [34mDEBUG[0m [2mhyper::proto::h1::conn[0m[2m:[0m incoming body completed
[2m2025-12-10T10:13:43.424660Z[0m [34mDEBUG[0m [2mhyper::client::pool[0m[2m:[0m pooling idle connection for ("http", 192.168.0.14:8545)
[2m2025-12-10T10:13:43.424713Z[0m [34mDEBUG[0m [2mhyper::proto::h1::io[0m[2m:[0m parsed 4 headers
[2m2025-12-10T10:13:43.424718Z[0m [34mDEBUG[0m [2mhyper::proto::h1::conn[0m[2m:[0m incoming body is content-length (45 bytes)
[2m2025-12-10T10:13:43.424722Z[0m [34mDEBUG[0m [2mhyper::proto::h1::conn[0m[2m:[0m incoming body completed
[2m2025-12-10T10:13:43.424726Z[0m [34mDEBUG[0m [2mhyper::client::pool[0m[2m:[0m pooling idle connection for ("http", 192.168.0.14:8545)
[2m2025-12-10T10:13:43.496568Z[0m [34mDEBUG[0m [2methereum_transaction_pool_monitor::eth_client[0m[2m:[0m ✅ Transaction 0xc1066ec93836067f5628819fd12b99f7b3f909f48b322d1ee1d6e1c408758723 fetched and parsed in 79.898208ms
[2m2025-12-10T10:13:43.496593Z[0m [34mDEBUG[0m [2methereum_transaction_pool_monitor::mempool_monitor[0m[2m:[0m 🔍 Skipping tx 0xc1066ec93836067f5628819fd12b99f7b3f909f48b322d1ee1d6e1c408758723 - not a DEX interaction (target: 0x1732A1D4fa92a532567428C2370df89Ded578A97)
[2m2025-12-10T10:13:43.496601Z[0m [34mDEBUG[0m [2methereum_transaction_pool_monitor::mempool_monitor[0m[2m:[0m 📨 Processing new pending transaction: 0xf2ae0b0cfb4f727b8420f1529840c35db72629ffe9a63605aa78f378d6ae9541
[2m2025-12-10T10:13:43.496609Z[0m [34mDEBUG[0m [2methereum_transaction_pool_monitor::mempool_monitor[0m[2m:[0m 🔍 Fetching transaction details for: 0xf2ae0b0cfb4f727b8420f1529840c35db72629ffe9a63605aa78f378d6ae9541
[2m2025-12-10T10:13:43.496613Z[0m [34mDEBUG[0m [2methereum_transaction_pool_monitor::eth_client[0m[2m:[0m 🔍 Fetching transaction details for hash: 0xf2ae0b0cfb4f727b8420f1529840c35db72629ffe9a63605aa78f378d6ae9541
[2m2025-12-10T10:13:43.496641Z[0m [34mDEBUG[0m [2mhyper::client::pool[0m[2m:[0m reuse idle connection for ("http", 192.168.0.14:8545)
[2m2025-12-10T10:13:43.496673Z[0m [34mDEBUG[0m [2mhyper::proto::h1::io[0m[2m:[0m flushed 250 bytes
[2m2025-12-10T10:13:43.498545Z[0m [34mDEBUG[0m [2mhyper::client::pool[0m[2m:[0m reuse idle connection for ("http", 192.168.0.14:8545)
[2m2025-12-10T10:13:43.498583Z[0m [34mDEBUG[0m [2mhyper::proto::h1::io[0m[2m:[0m flushed 172 bytes
[2m2025-12-10T10:13:43.503729Z[0m [34mDEBUG[0m [2mhyper::proto::h1::io[0m[2m:[0m parsed 4 headers
[2m2025-12-10T10:13:43.503737Z[0m [34mDEBUG[0m [2mhyper::proto::h1::conn[0m[2m:[0m incoming body is content-length (1936 bytes)
[2m2025-12-10T10:13:43.503743Z[0m [34mDEBUG[0m [2mhyper::proto::h1::conn[0m[2m:[0m incoming body completed
[2m2025-12-10T10:13:43.503752Z[0m [34mDEBUG[0m [2mhyper::client::pool[0m[2m:[0m pooling idle connection for ("http", 192.168.0.14:8545)
[2m2025-12-10T10:13:43.503762Z[0m [34mDEBUG[0m [2methereum_transaction_pool_monitor::eth_client[0m[2m:[0m 📡 Transaction fetch RPC completed in 7.13475ms
[2m2025-12-10T10:13:43.576712Z[0m [34mDEBUG[0m [2methereum_transaction_pool_monitor::eth_client[0m[2m:[0m ✅ Transaction 0xf2ae0b0cfb4f727b8420f1529840c35db72629ffe9a63605aa78f378d6ae9541 fetched and parsed in 80.082041ms
[2m2025-12-10T10:13:43.576727Z[0m [34mDEBUG[0m [2methereum_transaction_pool_monitor::mempool_monitor[0m[2m:[0m 🔍 Skipping tx 0xf2ae0b0cfb4f727b8420f1529840c35db72629ffe9a63605aa78f378d6ae9541 - not a DEX interaction (target: 0x7Bb69f559ce50AF8e93D45c65B1C147fDA8e7031)
[2m2025-12-10T10:13:43.576737Z[0m [34mDEBUG[0m [2methereum_transaction_pool_monitor::mempool_monitor[0m[2m:[0m 📨 Processing new pending transaction: 0x27b5d1907e6862edd817d27531250f6ad3f44cb33bf45e92c25eda502bf218ef
[2m2025-12-10T10:13:43.576741Z[0m [34mDEBUG[0m [2methereum_transaction_pool_monitor::mempool_monitor[0m[2m:[0m 🔍 Fetching transaction details for: 0x27b5d1907e6862edd817d27531250f6ad3f44cb33bf45e92c25eda502bf218ef
[2m2025-12-10T10:13:43.576745Z[0m [34mDEBUG[0m [2methereum_transaction_pool_monitor::eth_client[0m[2m:[0m 🔍 Fetching transaction details for hash: 0x27b5d1907e6862edd817d27531250f6ad3f44cb33bf45e92c25eda502bf218ef
[2m2025-12-10T10:13:43.576761Z[0m [34mDEBUG[0m [2mhyper::client::pool[0m[2m:[0m reuse idle connection for ("http", 192.168.0.14:8545)
[2m2025-12-10T10:13:43.576783Z[0m [34mDEBUG[0m [2mhyper::proto::h1::io[0m[2m:[0m flushed 250 bytes
[2m2025-12-10T10:13:43.576803Z[0m [34mDEBUG[0m [2methereum_transaction_pool_monitor::eth_client[0m[2m:[0m 📨 Received WebSocket message: {"jsonrpc":"2.0","method":"eth_subscription","params":{"subscription":"0xbed0a0851463e895960a451075a301a9","result":"0xc4693358fbac4286347886d23426fa15651b63f23a55cb631c48008fef917b5b"}}
[2m2025-12-10T10:13:43.576803Z[0m [34mDEBUG[0m [2mhyper::proto::h1::io[0m[2m:[0m parsed 4 headers
[2m2025-12-10T10:13:43.576810Z[0m [34mDEBUG[0m [2methereum_transaction_pool_monitor::eth_client[0m[2m:[0m 📨 Received pending transaction: 0xc4693358fbac4286347886d23426fa15651b63f23a55cb631c48008fef917b5b
[2m2025-12-10T10:13:43.576813Z[0m [34mDEBUG[0m [2mhyper::proto::h1::conn[0m[2m:[0m incoming body is content-length (45 bytes)
[2m2025-12-10T10:13:43.576819Z[0m [34mDEBUG[0m [2mhyper::proto::h1::conn[0m[2m:[0m incoming body completed
[2m2025-12-10T10:13:43.576825Z[0m [34mDEBUG[0m [2mhyper::client::pool[0m[2m:[0m pooling idle connection for ("http", 192.168.0.14:8545)
[2m2025-12-10T10:13:43.580805Z[0m [34mDEBUG[0m [2mhyper::proto::h1::io[0m[2m:[0m parsed 4 headers
[2m2025-12-10T10:13:43.580812Z[0m [34mDEBUG[0m [2mhyper::proto::h1::conn[0m[2m:[0m incoming body is content-length (749 bytes)
[2m2025-12-10T10:13:43.580818Z[0m [34mDEBUG[0m [2mhyper::proto::h1::conn[0m[2m:[0m incoming body completed
[2m2025-12-10T10:13:43.580825Z[0m [34mDEBUG[0m [2mhyper::client::pool[0m[2m:[0m pooling idle connection for ("http", 192.168.0.14:8545)
[2m2025-12-10T10:13:43.580840Z[0m [34mDEBUG[0m [2methereum_transaction_pool_monitor::eth_client[0m[2m:[0m 📡 Transaction fetch RPC completed in 4.091875ms
[2m2025-12-10T10:13:43.580853Z[0m [34mDEBUG[0m [2methereum_transaction_pool_monitor::eth_client[0m[2m:[0m DeFi transaction detected - Address: 0xdac17f958d2ee523a2206206994597c13d831ec7, Type: Stablecoin, Value: 0 ETH, Gas: 5.00 Gwei
[2m2025-12-10T10:13:43.580865Z[0m [34mDEBUG[0m [2methereum_transaction_pool_monitor::eth_client[0m[2m:[0m ✅ Transaction 0x27b5d1907e6862edd817d27531250f6ad3f44cb33bf45e92c25eda502bf218ef fetched and parsed in 4.117417ms
[2m2025-12-10T10:13:43.580872Z[0m [34mDEBUG[0m [2methereum_transaction_pool_monitor::mempool_monitor[0m[2m:[0m 🔍 Skipping tx 0x27b5d1907e6862edd817d27531250f6ad3f44cb33bf45e92c25eda502bf218ef - not a DEX interaction (target: 0xdAC17F958D2ee523a2206206994597C13D831ec7)
[2m2025-12-10T10:13:43.580878Z[0m [34mDEBUG[0m [2methereum_transaction_pool_monitor::mempool_monitor[0m[2m:[0m 📨 Processing new pending transaction: 0x3f9ae8069303686e764530f3b3d4305f187d6e2130a3a1b2674e863d16d3e17e
[2m2025-12-10T10:13:43.580881Z[0m [34mDEBUG[0m [2methereum_transaction_pool_monitor::mempool_monitor[0m[2m:[0m 🔍 Fetching transaction details for: 0x3f9ae8069303686e764530f3b3d4305f187d6e2130a3a1b2674e863d16d3e17e
[2m2025-12-10T10:13:43.580884Z[0m [34mDEBUG[0m [2methereum_transaction_pool_monitor::eth_client[0m[2m:[0m 🔍 Fetching transaction details for hash: 0x3f9ae8069303686e764530f3b3d4305f187d6e2130a3a1b2674e863d16d3e17e
[2m2025-12-10T10:13:43.580894Z[0m [34mDEBUG[0m [2mhyper::client::pool[0m[2m:[0m reuse idle connection for ("http", 192.168.0.14:8545)
[2m2025-12-10T10:13:43.580907Z[0m [34mDEBUG[0m [2mhyper::proto::h1::io[0m[2m:[0m flushed 250 bytes
[2m2025-12-10T10:13:43.587994Z[0m [34mDEBUG[0m [2mhyper::proto::h1::io[0m[2m:[0m parsed 4 headers
[2m2025-12-10T10:13:43.588001Z[0m [34mDEBUG[0m [2mhyper::proto::h1::conn[0m[2m:[0m incoming body is content-length (751 bytes)
[2m2025-12-10T10:13:43.588007Z[0m [34mDEBUG[0m [2mhyper::proto::h1::conn[0m[2m:[0m incoming body completed
[2m2025-12-10T10:13:43.588013Z[0m [34mDEBUG[0m [2mhyper::client::pool[0m[2m:[0m pooling idle connection for ("http", 192.168.0.14:8545)
[2m2025-12-10T10:13:43.588020Z[0m [34mDEBUG[0m [2methereum_transaction_pool_monitor::eth_client[0m[2m:[0m 📡 Transaction fetch RPC completed in 7.132458ms
[2m2025-12-10T10:13:43.660002Z[0m [34mDEBUG[0m [2methereum_transaction_pool_monitor::eth_client[0m[2m:[0m ✅ Transaction 0x3f9ae8069303686e764530f3b3d4305f187d6e2130a3a1b2674e863d16d3e17e fetched and parsed in 79.112291ms
[2m2025-12-10T10:13:43.660024Z[0m [34mDEBUG[0m [2methereum_transaction_pool_monitor::mempool_monitor[0m[2m:[0m 🔍 Skipping tx 0x3f9ae8069303686e764530f3b3d4305f187d6e2130a3a1b2674e863d16d3e17e - not a DEX interaction (target: 0x98343E57F04be042d7890A64af5985126aB04E7B)
[2m2025-12-10T10:13:43.660034Z[0m [34mDEBUG[0m [2methereum_transaction_pool_monitor::mempool_monitor[0m[2m:[0m 📨 Processing new pending transaction: 0x337908b68ae04b74e79ecda29c690def4e4cacc8aeab3dbe35120c8fca878c5a
[2m2025-12-10T10:13:43.660040Z[0m [34mDEBUG[0m [2methereum_transaction_pool_monitor::mempool_monitor[0m[2m:[0m 🔍 Fetching transaction details for: 0x337908b68ae04b74e79ecda29c690def4e4cacc8aeab3dbe35120c8fca878c5a
[2m2025-12-10T10:13:43.660044Z[0m [34mDEBUG[0m [2methereum_transaction_pool_monitor::eth_client[0m[2m:[0m 🔍 Fetching transaction details for hash: 0x337908b68ae04b74e79ecda29c690def4e4cacc8aeab3dbe35120c8fca878c5a
[2m2025-12-10T10:13:43.660062Z[0m [34mDEBUG[0m [2mhyper::client::pool[0m[2m:[0m reuse idle connection for ("http", 192.168.0.14:8545)
[2m2025-12-10T10:13:43.660100Z[0m [34mDEBUG[0m [2mhyper::proto::h1::io[0m[2m:[0m flushed 250 bytes
[2m2025-12-10T10:13:43.660118Z[0m [34mDEBUG[0m [2mhyper::client::pool[0m[2m:[0m reuse idle connection for ("http", 192.168.0.14:8545)
[2m2025-12-10T10:13:43.660137Z[0m [34mDEBUG[0m [2mhyper::proto::h1::io[0m[2m:[0m flushed 172 bytes
[2m2025-12-10T10:13:43.660149Z[0m [34mDEBUG[0m [2methereum_transaction_pool_monitor::eth_client[0m[2m:[0m 📨 Received WebSocket message: {"jsonrpc":"2.0","method":"eth_subscription","params":{"subscription":"0xbed0a0851463e895960a451075a301a9","result":"0x5130fe4a82d1ee460011e30da2084b369d51ac12237023118505d7f1c938d962"}}
[2m2025-12-10T10:13:43.660156Z[0m [34mDEBUG[0m [2methereum_transaction_pool_monitor::eth_client[0m[2m:[0m 📨 Received pending transaction: 0x5130fe4a82d1ee460011e30da2084b369d51ac12237023118505d7f1c938d962
[2m2025-12-10T10:13:43.665226Z[0m [34mDEBUG[0m [2mhyper::proto::h1::io[0m[2m:[0m parsed 4 headers
[2m2025-12-10T10:13:43.665237Z[0m [34mDEBUG[0m [2mhyper::proto::h1::conn[0m[2m:[0m incoming body is content-length (721 bytes)
[2m2025-12-10T10:13:43.665244Z[0m [34mDEBUG[0m [2mhyper::proto::h1::conn[0m[2m:[0m incoming body completed
[2m2025-12-10T10:13:43.665252Z[0m [34mDEBUG[0m [2mhyper::client::pool[0m[2m:[0m pooling idle connection for ("http", 192.168.0.14:8545)
[2m2025-12-10T10:13:43.665257Z[0m [34mDEBUG[0m [2methereum_transaction_pool_monitor::eth_client[0m[2m:[0m 📡 Transaction fetch RPC completed in 5.2095ms
[2m2025-12-10T10:13:43.737810Z[0m [34mDEBUG[0m [2methereum_transaction_pool_monitor::eth_client[0m[2m:[0m ✅ Transaction 0x337908b68ae04b74e79ecda29c690def4e4cacc8aeab3dbe35120c8fca878c5a fetched and parsed in 77.759584ms
[2m2025-12-10T10:13:43.737831Z[0m [34mDEBUG[0m [2methereum_transaction_pool_monitor::mempool_monitor[0m[2m:[0m 🔍 Skipping tx 0x337908b68ae04b74e79ecda29c690def4e4cacc8aeab3dbe35120c8fca878c5a - not a DEX interaction (target: 0x427e2488b318dC13bfe8CF5fEFEC12c57dbfeDbA)
[2m2025-12-10T10:13:43.737840Z[0m [34mDEBUG[0m [2methereum_transaction_pool_monitor::mempool_monitor[0m[2m:[0m 📨 Processing new pending transaction: 0xbac013846487613c0b81743c4b657a1cb2627a9183fd54a4cc1dad5b281deca1
[2m2025-12-10T10:13:43.737846Z[0m [34mDEBUG[0m [2methereum_transaction_pool_monitor::mempool_monitor[0m[2m:[0m 🔍 Fetching transaction details for: 0xbac013846487613c0b81743c4b657a1cb2627a9183fd54a4cc1dad5b281deca1
[2m2025-12-10T10:13:43.737850Z[0m [34mDEBUG[0m [2methereum_transaction_pool_monitor::eth_client[0m[2m:[0m 🔍 Fetching transaction details for hash: 0xbac013846487613c0b81743c4b657a1cb2627a9183fd54a4cc1dad5b281deca1
[2m2025-12-10T10:13:43.737867Z[0m [34mDEBUG[0m [2mhyper::client::pool[0m[2m:[0m reuse idle connection for ("http", 192.168.0.14:8545)
[2m2025-12-10T10:13:43.737907Z[0m [34mDEBUG[0m [2mhyper::proto::h1::io[0m[2m:[0m flushed 250 bytes
[2m2025-12-10T10:13:43.737931Z[0m [34mDEBUG[0m [2methereum_transaction_pool_monitor::eth_client[0m[2m:[0m 📨 Received WebSocket message: {"jsonrpc":"2.0","method":"eth_subscription","params":{"subscription":"0xbed0a0851463e895960a451075a301a9","result":"0xbd56ccc7d3422818aea4988a173ea14dc552c5195f064b179a3d20d26c6e4e68"}}
[2m2025-12-10T10:13:43.737938Z[0m [34mDEBUG[0m [2methereum_transaction_pool_monitor::eth_client[0m[2m:[0m 📨 Received pending transaction: 0xbd56ccc7d3422818aea4988a173ea14dc552c5195f064b179a3d20d26c6e4e68
[2m2025-12-10T10:13:43.737944Z[0m [34mDEBUG[0m [2methereum_transaction_pool_monitor::eth_client[0m[2m:[0m 📨 Received WebSocket message: {"jsonrpc":"2.0","method":"eth_subscription","params":{"subscription":"0xbed0a0851463e895960a451075a301a9","result":"0xe674ae42129b1a1bb8f77354924561b8d88d1dab1adafbeb384065c7b83e8eb9"}}
[2m2025-12-10T10:13:43.737949Z[0m [34mDEBUG[0m [2methereum_transaction_pool_monitor::eth_client[0m[2m:[0m 📨 Received pending transaction: 0xe674ae42129b1a1bb8f77354924561b8d88d1dab1adafbeb384065c7b83e8eb9
[2m2025-12-10T10:13:43.737949Z[0m [34mDEBUG[0m [2mhyper::proto::h1::io[0m[2m:[0m parsed 4 headers
[2m2025-12-10T10:13:43.738000Z[0m [34mDEBUG[0m [2mhyper::proto::h1::conn[0m[2m:[0m incoming body is content-length (45 bytes)
[2m2025-12-10T10:13:43.738010Z[0m [34mDEBUG[0m [2mhyper::proto::h1::conn[0m[2m:[0m incoming body completed
[2m2025-12-10T10:13:43.738018Z[0m [34mDEBUG[0m [2mhyper::client::pool[0m[2m:[0m pooling idle connection for ("http", 192.168.0.14:8545)
[2m2025-12-10T10:13:43.738032Z[0m [34mDEBUG[0m [2mhyper::client::pool[0m[2m:[0m reuse idle connection for ("http", 192.168.0.14:8545)
[2m2025-12-10T10:13:43.738046Z[0m [34mDEBUG[0m [2mhyper::proto::h1::io[0m[2m:[0m flushed 172 bytes
[2m2025-12-10T10:13:43.749051Z[0m [34mDEBUG[0m [2mhyper::proto::h1::io[0m[2m:[0m parsed 4 headers
[2m2025-12-10T10:13:43.749065Z[0m [34mDEBUG[0m [2mhyper::proto::h1::conn[0m[2m:[0m incoming body is content-length (847 bytes)
[2m2025-12-10T10:13:43.749072Z[0m [34mDEBUG[0m [2mhyper::proto::h1::conn[0m[2m:[0m incoming body completed
[2m2025-12-10T10:13:43.749080Z[0m [34mDEBUG[0m [2mhyper::client::pool[0m[2m:[0m pooling idle connection for ("http", 192.168.0.14:8545)
[2m2025-12-10T10:13:43.749087Z[0m [34mDEBUG[0m [2methereum_transaction_pool_monitor::eth_client[0m[2m:[0m 📡 Transaction fetch RPC completed in 11.232791ms
[2m2025-12-10T10:13:43.818511Z[0m [34mDEBUG[0m [2methereum_transaction_pool_monitor::eth_client[0m[2m:[0m ✅ Transaction 0xbac013846487613c0b81743c4b657a1cb2627a9183fd54a4cc1dad5b281deca1 fetched and parsed in 80.654333ms
[2m2025-12-10T10:13:43.818530Z[0m [34mDEBUG[0m [2methereum_transaction_pool_monitor::mempool_monitor[0m[2m:[0m 🔍 Skipping tx 0xbac013846487613c0b81743c4b657a1cb2627a9183fd54a4cc1dad5b281deca1 - not a DEX interaction (target: 0xA0b86991c6218b36c1d19D4a2e9Eb0cE3606eB48)
[2m2025-12-10T10:13:43.818537Z[0m [34mDEBUG[0m [2methereum_transaction_pool_monitor::mempool_monitor[0m[2m:[0m 📨 Processing new pending transaction: 0x376965566bbeb726bfe6849fc665c192b58224ad57c3f5eef4ae0abe73ae42f6
[2m2025-12-10T10:13:43.818541Z[0m [34mDEBUG[0m [2methereum_transaction_pool_monitor::mempool_monitor[0m[2m:[0m 🔍 Fetching transaction details for: 0x376965566bbeb726bfe6849fc665c192b58224ad57c3f5eef4ae0abe73ae42f6
[2m2025-12-10T10:13:43.818544Z[0m [34mDEBUG[0m [2methereum_transaction_pool_monitor::eth_client[0m[2m:[0m 🔍 Fetching transaction details for hash: 0x376965566bbeb726bfe6849fc665c192b58224ad57c3f5eef4ae0abe73ae42f6
[2m2025-12-10T10:13:43.818560Z[0m [34mDEBUG[0m [2mhyper::client::pool[0m[2m:[0m reuse idle connection for ("http", 192.168.0.14:8545)
[2m2025-12-10T10:13:43.818597Z[0m [34mDEBUG[0m [2mhyper::proto::h1::io[0m[2m:[0m flushed 250 bytes
[2m2025-12-10T10:13:43.818616Z[0m [34mDEBUG[0m [2methereum_transaction_pool_monitor::eth_client[0m[2m:[0m 📨 Received WebSocket message: {"jsonrpc":"2.0","method":"eth_subscription","params":{"subscription":"0xbed0a0851463e895960a451075a301a9","result":"0x7854966bf9001a569bbfcded91a225f21d7a38565169072cbbff971d17dea9e6"}}
[2m2025-12-10T10:13:43.818622Z[0m [34mDEBUG[0m [2mhyper::proto::h1::io[0m[2m:[0m parsed 4 headers
[2m2025-12-10T10:13:43.818629Z[0m [34mDEBUG[0m [2mhyper::proto::h1::conn[0m[2m:[0m incoming body is content-length (45 bytes)
[2m2025-12-10T10:13:43.818622Z[0m [34mDEBUG[0m [2methereum_transaction_pool_monitor::eth_client[0m[2m:[0m 📨 Received pending transaction: 0x7854966bf9001a569bbfcded91a225f21d7a38565169072cbbff971d17dea9e6
[2m2025-12-10T10:13:43.818637Z[0m [34mDEBUG[0m [2mhyper::proto::h1::conn[0m[2m:[0m incoming body completed
[2m2025-12-10T10:13:43.818653Z[0m [34mDEBUG[0m [2mhyper::client::pool[0m[2m:[0m pooling idle connection for ("http", 192.168.0.14:8545)
[2m2025-12-10T10:13:43.818666Z[0m [34mDEBUG[0m [2mhyper::client::pool[0m[2m:[0m reuse idle connection for ("http", 192.168.0.14:8545)
[2m2025-12-10T10:13:43.818678Z[0m [34mDEBUG[0m [2mhyper::proto::h1::io[0m[2m:[0m flushed 172 bytes
[2m2025-12-10T10:13:43.824553Z[0m [34mDEBUG[0m [2methereum_transaction_pool_monitor::eth_client[0m[2m:[0m 📨 Received WebSocket message: {"jsonrpc":"2.0","method":"eth_subscription","params":{"subscription":"0xbed0a0851463e895960a451075a301a9","result":"0xfdde8120422099a48b2e109ca4a14a7a1b0ac8e4da1b116fa91804e2bf5a3a42"}}
[2m2025-12-10T10:13:43.824580Z[0m [34mDEBUG[0m [2methereum_transaction_pool_monitor::eth_client[0m[2m:[0m 📨 Received pending transaction: 0xfdde8120422099a48b2e109ca4a14a7a1b0ac8e4da1b116fa91804e2bf5a3a42
[2m2025-12-10T10:13:43.824611Z[0m [34mDEBUG[0m [2mhyper::proto::h1::io[0m[2m:[0m parsed 4 headers
[2m2025-12-10T10:13:43.824616Z[0m [34mDEBUG[0m [2mhyper::proto::h1::conn[0m[2m:[0m incoming body is content-length (2542 bytes)
[2m2025-12-10T10:13:43.824628Z[0m [34mDEBUG[0m [2methereum_transaction_pool_monitor::eth_client[0m[2m:[0m 📡 Transaction fetch RPC completed in 6.080458ms
[2m2025-12-10T10:13:43.825166Z[0m [34mDEBUG[0m [2mhyper::proto::h1::conn[0m[2m:[0m incoming body completed
[2m2025-12-10T10:13:43.825174Z[0m [34mDEBUG[0m [2mhyper::client::pool[0m[2m:[0m pooling idle connection for ("http", 192.168.0.14:8545)
[2m2025-12-10T10:13:43.825182Z[0m [34mDEBUG[0m [2mhyper::proto::h1::io[0m[2m:[0m parsed 4 headers
[2m2025-12-10T10:13:43.825185Z[0m [34mDEBUG[0m [2mhyper::proto::h1::conn[0m[2m:[0m incoming body is content-length (45 bytes)
[2m2025-12-10T10:13:43.825188Z[0m [34mDEBUG[0m [2mhyper::proto::h1::conn[0m[2m:[0m incoming body completed
[2m2025-12-10T10:13:43.825193Z[0m [34mDEBUG[0m [2mhyper::client::pool[0m[2m:[0m pooling idle connection for ("http", 192.168.0.14:8545)
[2m2025-12-10T10:13:43.897193Z[0m [34mDEBUG[0m [2methereum_transaction_pool_monitor::eth_client[0m[2m:[0m ✅ Transaction 0x376965566bbeb726bfe6849fc665c192b58224ad57c3f5eef4ae0abe73ae42f6 fetched and parsed in 78.64225ms
[2m2025-12-10T10:13:43.897216Z[0m [34mDEBUG[0m [2methereum_transaction_pool_monitor::mempool_monitor[0m[2m:[0m 🔍 Skipping tx 0x376965566bbeb726bfe6849fc665c192b58224ad57c3f5eef4ae0abe73ae42f6 - not a DEX interaction (target: 0xF955eFaD2E2aCa7f24B16A2b2bAA89b463542b26)
[2m2025-12-10T10:13:43.897226Z[0m [34mDEBUG[0m [2methereum_transaction_pool_monitor::mempool_monitor[0m[2m:[0m 📨 Processing new pending transaction: 0xadce4fb1eb4b41e041863803936168fab6cc86e0b6069e668604b04ba1bea51c
[2m2025-12-10T10:13:43.897231Z[0m [34mDEBUG[0m [2methereum_transaction_pool_monitor::mempool_monitor[0m[2m:[0m 🔍 Fetching transaction details for: 0xadce4fb1eb4b41e041863803936168fab6cc86e0b6069e668604b04ba1bea51c
[2m2025-12-10T10:13:43.897236Z[0m [34mDEBUG[0m [2methereum_transaction_pool_monitor::eth_client[0m[2m:[0m 🔍 Fetching transaction details for hash: 0xadce4fb1eb4b41e041863803936168fab6cc86e0b6069e668604b04ba1bea51c
[2m2025-12-10T10:13:43.897254Z[0m [34mDEBUG[0m [2mhyper::client::pool[0m[2m:[0m reuse idle connection for ("http", 192.168.0.14:8545)
[2m2025-12-10T10:13:43.897296Z[0m [34mDEBUG[0m [2mhyper::proto::h1::io[0m[2m:[0m flushed 250 bytes
[2m2025-12-10T10:13:43.899238Z[0m [34mDEBUG[0m [2mhyper::client::pool[0m[2m:[0m reuse idle connection for ("http", 192.168.0.14:8545)
[2m2025-12-10T10:13:43.899272Z[0m [34mDEBUG[0m [2mhyper::proto::h1::io[0m[2m:[0m flushed 172 bytes
[2m2025-12-10T10:13:43.902669Z[0m [34mDEBUG[0m [2mhyper::proto::h1::io[0m[2m:[0m parsed 4 headers
[2m2025-12-10T10:13:43.902679Z[0m [34mDEBUG[0m [2mhyper::proto::h1::conn[0m[2m:[0m incoming body is content-length (5450 bytes)
[2m2025-12-10T10:13:43.902693Z[0m [34mDEBUG[0m [2methereum_transaction_pool_monitor::eth_client[0m[2m:[0m 📡 Transaction fetch RPC completed in 5.452417ms
[2m2025-12-10T10:13:43.906541Z[0m [34mDEBUG[0m [2mhyper::proto::h1::conn[0m[2m:[0m incoming body completed
[2m2025-12-10T10:13:43.906558Z[0m [34mDEBUG[0m [2mhyper::client::pool[0m[2m:[0m pooling idle connection for ("http", 192.168.0.14:8545)
[2m2025-12-10T10:13:43.908255Z[0m [34mDEBUG[0m [2mhyper::proto::h1::io[0m[2m:[0m parsed 4 headers
[2m2025-12-10T10:13:43.908267Z[0m [34mDEBUG[0m [2mhyper::proto::h1::conn[0m[2m:[0m incoming body is content-length (45 bytes)
[2m2025-12-10T10:13:43.908272Z[0m [34mDEBUG[0m [2mhyper::proto::h1::conn[0m[2m:[0m incoming body completed
[2m2025-12-10T10:13:43.908279Z[0m [34mDEBUG[0m [2mhyper::client::pool[0m[2m:[0m pooling idle connection for ("http", 192.168.0.14:8545)
[2m2025-12-10T10:13:43.935325Z[0m [34mDEBUG[0m [2methereum_transaction_pool_monitor::eth_client[0m[2m:[0m 📨 Received WebSocket message: {"jsonrpc":"2.0","method":"eth_subscription","params":{"subscription":"0xbed0a0851463e895960a451075a301a9","result":"0x6b90ac559164ca7a70e6ae5f65a7d01cb080769438b6c1cfd136cc4bee032813"}}
[2m2025-12-10T10:13:43.935380Z[0m [34mDEBUG[0m [2methereum_transaction_pool_monitor::eth_client[0m[2m:[0m 📨 Received pending transaction: 0x6b90ac559164ca7a70e6ae5f65a7d01cb080769438b6c1cfd136cc4bee032813
[2m2025-12-10T10:13:43.935396Z[0m [34mDEBUG[0m [2methereum_transaction_pool_monitor::eth_client[0m[2m:[0m 📨 Received WebSocket message: {"jsonrpc":"2.0","method":"eth_subscription","params":{"subscription":"0xbed0a0851463e895960a451075a301a9","result":"0x330dd4a065889fe279be32a60b85f74c492e0df0fba7cdf737234b93c3240d63"}}
[2m2025-12-10T10:13:43.935406Z[0m [34mDEBUG[0m [2methereum_transaction_pool_monitor::eth_client[0m[2m:[0m 📨 Received pending transaction: 0x330dd4a065889fe279be32a60b85f74c492e0df0fba7cdf737234b93c3240d63
[2m2025-12-10T10:13:43.944886Z[0m [34mDEBUG[0m [2methereum_transaction_pool_monitor::eth_client[0m[2m:[0m 📨 Received WebSocket message: {"jsonrpc":"2.0","method":"eth_subscription","params":{"subscription":"0xbed0a0851463e895960a451075a301a9","result":"0xc866a702e8e2729fa353b50c14bac6624d5e2b90fdbd010beea8a596756a32dc"}}
[2m2025-12-10T10:13:43.944902Z[0m [34mDEBUG[0m [2methereum_transaction_pool_monitor::eth_client[0m[2m:[0m 📨 Received pending transaction: 0xc866a702e8e2729fa353b50c14bac6624d5e2b90fdbd010beea8a596756a32dc
[2m2025-12-10T10:13:43.977194Z[0m [34mDEBUG[0m [2methereum_transaction_pool_monitor::eth_client[0m[2m:[0m 📨 Received WebSocket message: {"jsonrpc":"2.0","method":"eth_subscription","params":{"subscription":"0xbed0a0851463e895960a451075a301a9","result":"0x39d30089e126081189d5280270f6d434eca43102042ec455ceffac0dfa0ac96b"}}
[2m2025-12-10T10:13:43.977214Z[0m [34mDEBUG[0m [2methereum_transaction_pool_monitor::eth_client[0m[2m:[0m 📨 Received pending transaction: 0x39d30089e126081189d5280270f6d434eca43102042ec455ceffac0dfa0ac96b
[2m2025-12-10T10:13:43.979745Z[0m [34mDEBUG[0m [2methereum_transaction_pool_monitor::eth_client[0m[2m:[0m ✅ Transaction 0xadce4fb1eb4b41e041863803936168fab6cc86e0b6069e668604b04ba1bea51c fetched and parsed in 82.50375ms
[2m2025-12-10T10:13:43.979762Z[0m [34mDEBUG[0m [2methereum_transaction_pool_monitor::mempool_monitor[0m[2m:[0m 🔍 Skipping tx 0xadce4fb1eb4b41e041863803936168fab6cc86e0b6069e668604b04ba1bea51c - not a DEX interaction (target: 0xF6801D319497789f934ec7F83E142a9536312B08)
[2m2025-12-10T10:13:43.979772Z[0m [34mDEBUG[0m [2methereum_transaction_pool_monitor::mempool_monitor[0m[2m:[0m 📨 Processing new pending transaction: 0x98f67d5c1282ed9584cbf2dc476cc99da88a600d3ec71e3f963a30131563e172
[2m2025-12-10T10:13:43.979777Z[0m [34mDEBUG[0m [2methereum_transaction_pool_monitor::mempool_monitor[0m[2m:[0m 🔍 Fetching transaction details for: 0x98f67d5c1282ed9584cbf2dc476cc99da88a600d3ec71e3f963a30131563e172
[2m2025-12-10T10:13:43.979781Z[0m [34mDEBUG[0m [2methereum_transaction_pool_monitor::eth_client[0m[2m:[0m 🔍 Fetching transaction details for hash: 0x98f67d5c1282ed9584cbf2dc476cc99da88a600d3ec71e3f963a30131563e172
[2m2025-12-10T10:13:43.979797Z[0m [34mDEBUG[0m [2mhyper::client::pool[0m[2m:[0m reuse idle connection for ("http", 192.168.0.14:8545)
[2m2025-12-10T10:13:43.979828Z[0m [34mDEBUG[0m [2mhyper::proto::h1::io[0m[2m:[0m flushed 250 bytes
[2m2025-12-10T10:13:43.984929Z[0m [34mDEBUG[0m [2mhyper::proto::h1::io[0m[2m:[0m parsed 4 headers
[2m2025-12-10T10:13:43.984946Z[0m [34mDEBUG[0m [2mhyper::proto::h1::conn[0m[2m:[0m incoming body is content-length (722 bytes)
[2m2025-12-10T10:13:43.984953Z[0m [34mDEBUG[0m [2mhyper::proto::h1::conn[0m[2m:[0m incoming body completed
[2m2025-12-10T10:13:43.984961Z[0m [34mDEBUG[0m [2mhyper::client::pool[0m[2m:[0m pooling idle connection for ("http", 192.168.0.14:8545)
[2m2025-12-10T10:13:43.984966Z[0m [34mDEBUG[0m [2methereum_transaction_pool_monitor::eth_client[0m[2m:[0m 📡 Transaction fetch RPC completed in 5.181375ms
[2m2025-12-10T10:13:44.057457Z[0m [34mDEBUG[0m [2methereum_transaction_pool_monitor::eth_client[0m[2m:[0m ✅ Transaction 0x98f67d5c1282ed9584cbf2dc476cc99da88a600d3ec71e3f963a30131563e172 fetched and parsed in 77.670125ms
[2m2025-12-10T10:13:44.057478Z[0m [34mDEBUG[0m [2methereum_transaction_pool_monitor::mempool_monitor[0m[2m:[0m 🔍 Skipping tx 0x98f67d5c1282ed9584cbf2dc476cc99da88a600d3ec71e3f963a30131563e172 - not a DEX interaction (target: 0xA229d116c3c3fB8C2348e16f184a939ce1a9d5b2)
[2m2025-12-10T10:13:44.057487Z[0m [34mDEBUG[0m [2methereum_transaction_pool_monitor::mempool_monitor[0m[2m:[0m 📨 Processing new pending transaction: 0xf9d84e82478be3c08caf56d220f2c9d3837d25ba0cab4c3e41953a41453a6ce0
[2m2025-12-10T10:13:44.057492Z[0m [34mDEBUG[0m [2methereum_transaction_pool_monitor::mempool_monitor[0m[2m:[0m 🔍 Fetching transaction details for: 0xf9d84e82478be3c08caf56d220f2c9d3837d25ba0cab4c3e41953a41453a6ce0
[2m2025-12-10T10:13:44.057497Z[0m [34mDEBUG[0m [2methereum_transaction_pool_monitor::eth_client[0m[2m:[0m 🔍 Fetching transaction details for hash: 0xf9d84e82478be3c08caf56d220f2c9d3837d25ba0cab4c3e41953a41453a6ce0
[2m2025-12-10T10:13:44.057513Z[0m [34mDEBUG[0m [2mhyper::client::pool[0m[2m:[0m reuse idle connection for ("http", 192.168.0.14:8545)
[2m2025-12-10T10:13:44.057558Z[0m [34mDEBUG[0m [2mhyper::proto::h1::io[0m[2m:[0m flushed 250 bytes
[2m2025-12-10T10:13:44.057575Z[0m [34mDEBUG[0m [2mhyper::client::pool[0m[2m:[0m reuse idle connection for ("http", 192.168.0.14:8545)
[2m2025-12-10T10:13:44.057590Z[0m [34mDEBUG[0m [2mhyper::proto::h1::io[0m[2m:[0m flushed 172 bytes
[2m2025-12-10T10:13:44.057626Z[0m [34mDEBUG[0m [2methereum_transaction_pool_monitor::eth_client[0m[2m:[0m 📨 Received WebSocket message: {"jsonrpc":"2.0","method":"eth_subscription","params":{"subscription":"0xbed0a0851463e895960a451075a301a9","result":"0xc7d8c7cfe33002ee5a29c9ce3e873da3112bc4df6714a91a6143f33202336256"}}
[2m2025-12-10T10:13:44.057634Z[0m [34mDEBUG[0m [2methereum_transaction_pool_monitor::eth_client[0m[2m:[0m 📨 Received pending transaction: 0xc7d8c7cfe33002ee5a29c9ce3e873da3112bc4df6714a91a6143f33202336256
[2m2025-12-10T10:13:44.064086Z[0m [34mDEBUG[0m [2mhyper::proto::h1::io[0m[2m:[0m parsed 4 headers
[2m2025-12-10T10:13:44.064094Z[0m [34mDEBUG[0m [2mhyper::proto::h1::conn[0m[2m:[0m incoming body is content-length (1037 bytes)
[2m2025-12-10T10:13:44.064100Z[0m [34mDEBUG[0m [2mhyper::proto::h1::conn[0m[2m:[0m incoming body completed
[2m2025-12-10T10:13:44.064108Z[0m [34mDEBUG[0m [2mhyper::client::pool[0m[2m:[0m pooling idle connection for ("http", 192.168.0.14:8545)
[2m2025-12-10T10:13:44.064114Z[0m [34mDEBUG[0m [2methereum_transaction_pool_monitor::eth_client[0m[2m:[0m 📡 Transaction fetch RPC completed in 6.613458ms
[2m2025-12-10T10:13:44.135973Z[0m [34mDEBUG[0m [2methereum_transaction_pool_monitor::eth_client[0m[2m:[0m ✅ Transaction 0xf9d84e82478be3c08caf56d220f2c9d3837d25ba0cab4c3e41953a41453a6ce0 fetched and parsed in 78.470125ms
[2m2025-12-10T10:13:44.135994Z[0m [34mDEBUG[0m [2methereum_transaction_pool_monitor::mempool_monitor[0m[2m:[0m 🔍 Skipping tx 0xf9d84e82478be3c08caf56d220f2c9d3837d25ba0cab4c3e41953a41453a6ce0 - not a DEX interaction (target: 0xb4b0Fd502D2079e4784651BF9F6a66aCd685c50D)
[2m2025-12-10T10:13:44.136002Z[0m [34mDEBUG[0m [2methereum_transaction_pool_monitor::mempool_monitor[0m[2m:[0m 📨 Processing new pending transaction: 0xf7bcf13c4046b56d645fd717914bfa31701e2085dfd3fd88472897485cc7cf2e
[2m2025-12-10T10:13:44.136013Z[0m [34mDEBUG[0m [2methereum_transaction_pool_monitor::mempool_monitor[0m[2m:[0m 🔍 Fetching transaction details for: 0xf7bcf13c4046b56d645fd717914bfa31701e2085dfd3fd88472897485cc7cf2e
[2m2025-12-10T10:13:44.136017Z[0m [34mDEBUG[0m [2methereum_transaction_pool_monitor::eth_client[0m[2m:[0m 🔍 Fetching transaction details for hash: 0xf7bcf13c4046b56d645fd717914bfa31701e2085dfd3fd88472897485cc7cf2e
[2m2025-12-10T10:13:44.136034Z[0m [34mDEBUG[0m [2mhyper::client::pool[0m[2m:[0m reuse idle connection for ("http", 192.168.0.14:8545)
[2m2025-12-10T10:13:44.136083Z[0m [34mDEBUG[0m [2mhyper::proto::h1::io[0m[2m:[0m flushed 250 bytes
[2m2025-12-10T10:13:44.136097Z[0m [34mDEBUG[0m [2mhyper::proto::h1::io[0m[2m:[0m parsed 4 headers
[2m2025-12-10T10:13:44.136102Z[0m [34mDEBUG[0m [2mhyper::proto::h1::conn[0m[2m:[0m incoming body is content-length (45 bytes)
[2m2025-12-10T10:13:44.136109Z[0m [34mDEBUG[0m [2mhyper::proto::h1::conn[0m[2m:[0m incoming body completed
[2m2025-12-10T10:13:44.136117Z[0m [34mDEBUG[0m [2mhyper::client::pool[0m[2m:[0m pooling idle connection for ("http", 192.168.0.14:8545)
[2m2025-12-10T10:13:44.136131Z[0m [34mDEBUG[0m [2mhyper::client::pool[0m[2m:[0m reuse idle connection for ("http", 192.168.0.14:8545)
[2m2025-12-10T10:13:44.136144Z[0m [34mDEBUG[0m [2mhyper::proto::h1::io[0m[2m:[0m flushed 172 bytes
[2m2025-12-10T10:13:44.139020Z[0m [34mDEBUG[0m [2mhyper::proto::h1::io[0m[2m:[0m parsed 4 headers
[2m2025-12-10T10:13:44.139030Z[0m [34mDEBUG[0m [2mhyper::proto::h1::conn[0m[2m:[0m incoming body is content-length (720 bytes)
[2m2025-12-10T10:13:44.139035Z[0m [34mDEBUG[0m [2mhyper::proto::h1::conn[0m[2m:[0m incoming body completed
[2m2025-12-10T10:13:44.139043Z[0m [34mDEBUG[0m [2mhyper::client::pool[0m[2m:[0m pooling idle connection for ("http", 192.168.0.14:8545)
[2m2025-12-10T10:13:44.139047Z[0m [34mDEBUG[0m [2methereum_transaction_pool_monitor::eth_client[0m[2m:[0m 📡 Transaction fetch RPC completed in 3.026958ms
[2m2025-12-10T10:13:44.210449Z[0m [34mDEBUG[0m [2methereum_transaction_pool_monitor::eth_client[0m[2m:[0m ✅ Transaction 0xf7bcf13c4046b56d645fd717914bfa31701e2085dfd3fd88472897485cc7cf2e fetched and parsed in 74.425125ms
[2m2025-12-10T10:13:44.210473Z[0m [34mDEBUG[0m [2methereum_transaction_pool_monitor::mempool_monitor[0m[2m:[0m 🔍 Skipping tx 0xf7bcf13c4046b56d645fd717914bfa31701e2085dfd3fd88472897485cc7cf2e - not a DEX interaction (target: 0x6D912509e01CDAf89764F306d74D4A1863306D23)
[2m2025-12-10T10:13:44.210483Z[0m [34mDEBUG[0m [2methereum_transaction_pool_monitor::mempool_monitor[0m[2m:[0m 📨 Processing new pending transaction: 0x37245a7a26889d6aa2c76e245b58fd0c1e4c4c6569c75fae936af45fd44fe8a8
[2m2025-12-10T10:13:44.210489Z[0m [34mDEBUG[0m [2methereum_transaction_pool_monitor::mempool_monitor[0m[2m:[0m 🔍 Fetching transaction details for: 0x37245a7a26889d6aa2c76e245b58fd0c1e4c4c6569c75fae936af45fd44fe8a8
[2m2025-12-10T10:13:44.210493Z[0m [34mDEBUG[0m [2methereum_transaction_pool_monitor::eth_client[0m[2m:[0m 🔍 Fetching transaction details for hash: 0x37245a7a26889d6aa2c76e245b58fd0c1e4c4c6569c75fae936af45fd44fe8a8
[2m2025-12-10T10:13:44.210511Z[0m [34mDEBUG[0m [2mhyper::client::pool[0m[2m:[0m reuse idle connection for ("http", 192.168.0.14:8545)
[2m2025-12-10T10:13:44.210561Z[0m [34mDEBUG[0m [2mhyper::proto::h1::io[0m[2m:[0m flushed 250 bytes
[2m2025-12-10T10:13:44.210577Z[0m [34mDEBUG[0m [2mhyper::proto::h1::io[0m[2m:[0m parsed 4 headers
[2m2025-12-10T10:13:44.210580Z[0m [34mDEBUG[0m [2mhyper::proto::h1::conn[0m[2m:[0m incoming body is content-length (45 bytes)
[2m2025-12-10T10:13:44.210586Z[0m [34mDEBUG[0m [2mhyper::proto::h1::conn[0m[2m:[0m incoming body completed
[2m2025-12-10T10:13:44.210594Z[0m [34mDEBUG[0m [2mhyper::client::pool[0m[2m:[0m pooling idle connection for ("http", 192.168.0.14:8545)
[2m2025-12-10T10:13:44.210625Z[0m [34mDEBUG[0m [2mhyper::client::pool[0m[2m:[0m reuse idle connection for ("http", 192.168.0.14:8545)
[2m2025-12-10T10:13:44.210647Z[0m [34mDEBUG[0m [2mhyper::proto::h1::io[0m[2m:[0m flushed 172 bytes
[2m2025-12-10T10:13:44.224586Z[0m [34mDEBUG[0m [2mhyper::proto::h1::io[0m[2m:[0m parsed 4 headers
[2m2025-12-10T10:13:44.224597Z[0m [34mDEBUG[0m [2mhyper::proto::h1::conn[0m[2m:[0m incoming body is content-length (720 bytes)
[2m2025-12-10T10:13:44.224603Z[0m [34mDEBUG[0m [2mhyper::proto::h1::conn[0m[2m:[0m incoming body completed
[2m2025-12-10T10:13:44.224612Z[0m [34mDEBUG[0m [2mhyper::client::pool[0m[2m:[0m pooling idle connection for ("http", 192.168.0.14:8545)
[2m2025-12-10T10:13:44.224617Z[0m [34mDEBUG[0m [2methereum_transaction_pool_monitor::eth_client[0m[2m:[0m 📡 Transaction fetch RPC completed in 14.118125ms
[2m2025-12-10T10:13:44.292151Z[0m [34mDEBUG[0m [2methereum_transaction_pool_monitor::eth_client[0m[2m:[0m ✅ Transaction 0x37245a7a26889d6aa2c76e245b58fd0c1e4c4c6569c75fae936af45fd44fe8a8 fetched and parsed in 81.6495ms
[2m2025-12-10T10:13:44.292173Z[0m [34mDEBUG[0m [2methereum_transaction_pool_monitor::mempool_monitor[0m[2m:[0m 🔍 Skipping tx 0x37245a7a26889d6aa2c76e245b58fd0c1e4c4c6569c75fae936af45fd44fe8a8 - not a DEX interaction (target: 0xb53F89C7a7fB4CcCE88b2009A363C58bf93F199f)
[2m2025-12-10T10:13:44.292184Z[0m [34mDEBUG[0m [2methereum_transaction_pool_monitor::mempool_monitor[0m[2m:[0m 📨 Processing new pending transaction: 0xf6d806ca98f75229858a05c0575a1349059455d782d74c6c0df3a19794bc8d5c
[2m2025-12-10T10:13:44.292190Z[0m [34mDEBUG[0m [2methereum_transaction_pool_monitor::mempool_monitor[0m[2m:[0m 🔍 Fetching transaction details for: 0xf6d806ca98f75229858a05c0575a1349059455d782d74c6c0df3a19794bc8d5c
[2m2025-12-10T10:13:44.292194Z[0m [34mDEBUG[0m [2methereum_transaction_pool_monitor::eth_client[0m[2m:[0m 🔍 Fetching transaction details for hash: 0xf6d806ca98f75229858a05c0575a1349059455d782d74c6c0df3a19794bc8d5c
[2m2025-12-10T10:13:44.292212Z[0m [34mDEBUG[0m [2mhyper::client::pool[0m[2m:[0m reuse idle connection for ("http", 192.168.0.14:8545)
[2m2025-12-10T10:13:44.292255Z[0m [34mDEBUG[0m [2mhyper::proto::h1::io[0m[2m:[0m flushed 250 bytes
[2m2025-12-10T10:13:44.292278Z[0m [34mDEBUG[0m [2methereum_transaction_pool_monitor::eth_client[0m[2m:[0m 📨 Received WebSocket message: {"jsonrpc":"2.0","method":"eth_subscription","params":{"subscription":"0xbed0a0851463e895960a451075a301a9","result":"0x787f21e727faacb9cadee4ef9efbb333fe7207f90ffd0fe13f91684e9d0830fc"}}
[2m2025-12-10T10:13:44.292285Z[0m [34mDEBUG[0m [2methereum_transaction_pool_monitor::eth_client[0m[2m:[0m 📨 Received pending transaction: 0x787f21e727faacb9cadee4ef9efbb333fe7207f90ffd0fe13f91684e9d0830fc
[2m2025-12-10T10:13:44.292303Z[0m [34mDEBUG[0m [2mhyper::proto::h1::io[0m[2m:[0m parsed 4 headers
[2m2025-12-10T10:13:44.292328Z[0m [34mDEBUG[0m [2mhyper::proto::h1::conn[0m[2m:[0m incoming body is content-length (45 bytes)
[2m2025-12-10T10:13:44.292348Z[0m [34mDEBUG[0m [2mhyper::proto::h1::conn[0m[2m:[0m incoming body completed
[2m2025-12-10T10:13:44.292358Z[0m [34mDEBUG[0m [2mhyper::client::pool[0m[2m:[0m pooling idle connection for ("http", 192.168.0.14:8545)
[2m2025-12-10T10:13:44.295941Z[0m [34mDEBUG[0m [2mhyper::proto::h1::io[0m[2m:[0m parsed 4 headers
[2m2025-12-10T10:13:44.295952Z[0m [34mDEBUG[0m [2mhyper::proto::h1::conn[0m[2m:[0m incoming body is content-length (723 bytes)
[2m2025-12-10T10:13:44.295958Z[0m [34mDEBUG[0m [2mhyper::proto::h1::conn[0m[2m:[0m incoming body completed
[2m2025-12-10T10:13:44.295966Z[0m [34mDEBUG[0m [2mhyper::client::pool[0m[2m:[0m pooling idle connection for ("http", 192.168.0.14:8545)
[2m2025-12-10T10:13:44.295971Z[0m [34mDEBUG[0m [2methereum_transaction_pool_monitor::eth_client[0m[2m:[0m 📡 Transaction fetch RPC completed in 3.772083ms
[2m2025-12-10T10:13:44.367533Z[0m [34mDEBUG[0m [2methereum_transaction_pool_monitor::eth_client[0m[2m:[0m ✅ Transaction 0xf6d806ca98f75229858a05c0575a1349059455d782d74c6c0df3a19794bc8d5c fetched and parsed in 75.331542ms
[2m2025-12-10T10:13:44.367550Z[0m [34mDEBUG[0m [2methereum_transaction_pool_monitor::mempool_monitor[0m[2m:[0m 🔍 Skipping tx 0xf6d806ca98f75229858a05c0575a1349059455d782d74c6c0df3a19794bc8d5c - not a DEX interaction (target: 0x8b4542894813c6F296e8c3d59b6c08f5AdeE90A5)
[2m2025-12-10T10:13:44.367558Z[0m [34mDEBUG[0m [2methereum_transaction_pool_monitor::mempool_monitor[0m[2m:[0m 📨 Processing new pending transaction: 0x93a95fb5d793d6fe8ced5fd2b404f4628ff5e9779901eb137db0d7c007c3ff4b
[2m2025-12-10T10:13:44.367564Z[0m [34mDEBUG[0m [2methereum_transaction_pool_monitor::mempool_monitor[0m[2m:[0m 🔍 Fetching transaction details for: 0x93a95fb5d793d6fe8ced5fd2b404f4628ff5e9779901eb137db0d7c007c3ff4b
[2m2025-12-10T10:13:44.367567Z[0m [34mDEBUG[0m [2methereum_transaction_pool_monitor::eth_client[0m[2m:[0m 🔍 Fetching transaction details for hash: 0x93a95fb5d793d6fe8ced5fd2b404f4628ff5e9779901eb137db0d7c007c3ff4b
[2m2025-12-10T10:13:44.367584Z[0m [34mDEBUG[0m [2mhyper::client::pool[0m[2m:[0m reuse idle connection for ("http", 192.168.0.14:8545)
[2m2025-12-10T10:13:44.367623Z[0m [34mDEBUG[0m [2mhyper::proto::h1::io[0m[2m:[0m flushed 250 bytes
[2m2025-12-10T10:13:44.367640Z[0m [34mDEBUG[0m [2mhyper::client::pool[0m[2m:[0m reuse idle connection for ("http", 192.168.0.14:8545)
[2m2025-12-10T10:13:44.367650Z[0m [34mDEBUG[0m [2mhyper::proto::h1::io[0m[2m:[0m flushed 172 bytes
[2m2025-12-10T10:13:44.367651Z[0m [34mDEBUG[0m [2methereum_transaction_pool_monitor::eth_client[0m[2m:[0m 📨 Received WebSocket message: {"jsonrpc":"2.0","method":"eth_subscription","params":{"subscription":"0xbed0a0851463e895960a451075a301a9","result":"0x07737ed067dfa0a4c44dcffb40db7415c2cb42e7eedeb92c717d418de0f718ed"}}
[2m2025-12-10T10:13:44.367667Z[0m [34mDEBUG[0m [2methereum_transaction_pool_monitor::eth_client[0m[2m:[0m 📨 Received pending transaction: 0x07737ed067dfa0a4c44dcffb40db7415c2cb42e7eedeb92c717d418de0f718ed
[2m2025-12-10T10:13:44.371084Z[0m [34mDEBUG[0m [2mhyper::proto::h1::io[0m[2m:[0m parsed 4 headers
[2m2025-12-10T10:13:44.371094Z[0m [34mDEBUG[0m [2mhyper::proto::h1::conn[0m[2m:[0m incoming body is content-length (1044 bytes)
[2m2025-12-10T10:13:44.371100Z[0m [34mDEBUG[0m [2mhyper::proto::h1::conn[0m[2m:[0m incoming body completed
[2m2025-12-10T10:13:44.371108Z[0m [34mDEBUG[0m [2mhyper::client::pool[0m[2m:[0m pooling idle connection for ("http", 192.168.0.14:8545)
[2m2025-12-10T10:13:44.371113Z[0m [34mDEBUG[0m [2methereum_transaction_pool_monitor::eth_client[0m[2m:[0m 📡 Transaction fetch RPC completed in 3.541709ms
[2m2025-12-10T10:13:44.443966Z[0m [34mDEBUG[0m [2methereum_transaction_pool_monitor::eth_client[0m[2m:[0m ✅ Transaction 0x93a95fb5d793d6fe8ced5fd2b404f4628ff5e9779901eb137db0d7c007c3ff4b fetched and parsed in 76.391542ms
[2m2025-12-10T10:13:44.443988Z[0m [34mDEBUG[0m [2methereum_transaction_pool_monitor::mempool_monitor[0m[2m:[0m 🔍 Skipping tx 0x93a95fb5d793d6fe8ced5fd2b404f4628ff5e9779901eb137db0d7c007c3ff4b - not a DEX interaction (target: 0xfBd4cdB413E45a52E2C8312f670e9cE67E794C37)
[2m2025-12-10T10:13:44.443996Z[0m [34mDEBUG[0m [2methereum_transaction_pool_monitor::mempool_monitor[0m[2m:[0m 📨 Processing new pending transaction: 0xba58b74f7182cefb3257f82a8d53e44f7002bda5bfbbc0750bcef4a764ba0c00
[2m2025-12-10T10:13:44.444000Z[0m [34mDEBUG[0m [2methereum_transaction_pool_monitor::mempool_monitor[0m[2m:[0m 🔍 Fetching transaction details for: 0xba58b74f7182cefb3257f82a8d53e44f7002bda5bfbbc0750bcef4a764ba0c00
[2m2025-12-10T10:13:44.444003Z[0m [34mDEBUG[0m [2methereum_transaction_pool_monitor::eth_client[0m[2m:[0m 🔍 Fetching transaction details for hash: 0xba58b74f7182cefb3257f82a8d53e44f7002bda5bfbbc0750bcef4a764ba0c00
[2m2025-12-10T10:13:44.444025Z[0m [34mDEBUG[0m [2mhyper::client::pool[0m[2m:[0m reuse idle connection for ("http", 192.168.0.14:8545)
[2m2025-12-10T10:13:44.444076Z[0m [34mDEBUG[0m [2mhyper::proto::h1::io[0m[2m:[0m flushed 250 bytes
[2m2025-12-10T10:13:44.444090Z[0m [34mDEBUG[0m [2mhyper::proto::h1::io[0m[2m:[0m parsed 4 headers
[2m2025-12-10T10:13:44.444093Z[0m [34mDEBUG[0m [2mhyper::proto::h1::conn[0m[2m:[0m incoming body is content-length (45 bytes)
[2m2025-12-10T10:13:44.444098Z[0m [34mDEBUG[0m [2mhyper::proto::h1::conn[0m[2m:[0m incoming body completed
[2m2025-12-10T10:13:44.444106Z[0m [34mDEBUG[0m [2mhyper::client::pool[0m[2m:[0m pooling idle connection for ("http", 192.168.0.14:8545)
[2m2025-12-10T10:13:44.444119Z[0m [34mDEBUG[0m [2mhyper::client::pool[0m[2m:[0m reuse idle connection for ("http", 192.168.0.14:8545)
[2m2025-12-10T10:13:44.444137Z[0m [34mDEBUG[0m [2mhyper::proto::h1::io[0m[2m:[0m flushed 172 bytes
[2m2025-12-10T10:13:44.448644Z[0m [34mDEBUG[0m [2mhyper::proto::h1::io[0m[2m:[0m parsed 4 headers
[2m2025-12-10T10:13:44.448657Z[0m [34mDEBUG[0m [2mhyper::proto::h1::conn[0m[2m:[0m incoming body is content-length (45 bytes)
[2m2025-12-10T10:13:44.448663Z[0m [34mDEBUG[0m [2mhyper::proto::h1::conn[0m[2m:[0m incoming body completed
[2m2025-12-10T10:13:44.448672Z[0m [34mDEBUG[0m [2mhyper::client::pool[0m[2m:[0m pooling idle connection for ("http", 192.168.0.14:8545)
[2m2025-12-10T10:13:44.450578Z[0m [34mDEBUG[0m [2mhyper::proto::h1::io[0m[2m:[0m parsed 4 headers
[2m2025-12-10T10:13:44.450583Z[0m [34mDEBUG[0m [2mhyper::proto::h1::conn[0m[2m:[0m incoming body is content-length (842 bytes)
[2m2025-12-10T10:13:44.450587Z[0m [34mDEBUG[0m [2mhyper::proto::h1::conn[0m[2m:[0m incoming body completed
[2m2025-12-10T10:13:44.450592Z[0m [34mDEBUG[0m [2mhyper::client::pool[0m[2m:[0m pooling idle connection for ("http", 192.168.0.14:8545)
[2m2025-12-10T10:13:44.450597Z[0m [34mDEBUG[0m [2methereum_transaction_pool_monitor::eth_client[0m[2m:[0m 📡 Transaction fetch RPC completed in 6.584667ms
[2m2025-12-10T10:13:44.522430Z[0m [34mDEBUG[0m [2methereum_transaction_pool_monitor::eth_client[0m[2m:[0m ✅ Transaction 0xba58b74f7182cefb3257f82a8d53e44f7002bda5bfbbc0750bcef4a764ba0c00 fetched and parsed in 78.414542ms
[2m2025-12-10T10:13:44.522454Z[0m [34mDEBUG[0m [2methereum_transaction_pool_monitor::mempool_monitor[0m[2m:[0m 🔍 Skipping tx 0xba58b74f7182cefb3257f82a8d53e44f7002bda5bfbbc0750bcef4a764ba0c00 - not a DEX interaction (target: 0xA0b86991c6218b36c1d19D4a2e9Eb0cE3606eB48)
[2m2025-12-10T10:13:44.522465Z[0m [34mDEBUG[0m [2methereum_transaction_pool_monitor::mempool_monitor[0m[2m:[0m 📨 Processing new pending transaction: 0x76c979712a93fdc025eec3621e3e0d1d38cf3d33a276cdec173921ee99e5c8a6
[2m2025-12-10T10:13:44.522472Z[0m [34mDEBUG[0m [2methereum_transaction_pool_monitor::mempool_monitor[0m[2m:[0m 🔍 Fetching transaction details for: 0x76c979712a93fdc025eec3621e3e0d1d38cf3d33a276cdec173921ee99e5c8a6
[2m2025-12-10T10:13:44.522477Z[0m [34mDEBUG[0m [2methereum_transaction_pool_monitor::eth_client[0m[2m:[0m 🔍 Fetching transaction details for hash: 0x76c979712a93fdc025eec3621e3e0d1d38cf3d33a276cdec173921ee99e5c8a6
[2m2025-12-10T10:13:44.522495Z[0m [34mDEBUG[0m [2mhyper::client::pool[0m[2m:[0m reuse idle connection for ("http", 192.168.0.14:8545)
[2m2025-12-10T10:13:44.522538Z[0m [34mDEBUG[0m [2mhyper::proto::h1::io[0m[2m:[0m flushed 250 bytes
[2m2025-12-10T10:13:44.522556Z[0m [34mDEBUG[0m [2mhyper::client::pool[0m[2m:[0m reuse idle connection for ("http", 192.168.0.14:8545)
[2m2025-12-10T10:13:44.522568Z[0m [34mDEBUG[0m [2mhyper::proto::h1::io[0m[2m:[0m flushed 172 bytes
[2m2025-12-10T10:13:44.522582Z[0m [34mDEBUG[0m [2methereum_transaction_pool_monitor::eth_client[0m[2m:[0m 📨 Received WebSocket message: {"jsonrpc":"2.0","method":"eth_subscription","params":{"subscription":"0xbed0a0851463e895960a451075a301a9","result":"0xbed31f25907c0acba42eb85b93bc15669e8f33936b75bcffa56d096ebabfa97a"}}
[2m2025-12-10T10:13:44.522802Z[0m [34mDEBUG[0m [2methereum_transaction_pool_monitor::eth_client[0m[2m:[0m 📨 Received pending transaction: 0xbed31f25907c0acba42eb85b93bc15669e8f33936b75bcffa56d096ebabfa97a
[2m2025-12-10T10:13:44.522810Z[0m [34mDEBUG[0m [2methereum_transaction_pool_monitor::eth_client[0m[2m:[0m 📨 Received WebSocket message: {"jsonrpc":"2.0","method":"eth_subscription","params":{"subscription":"0xbed0a0851463e895960a451075a301a9","result":"0x65a0872b15358ebc85bbbca909bf02dc5414d37af774d0d633e0b92fb8105a6e"}}
[2m2025-12-10T10:13:44.522814Z[0m [34mDEBUG[0m [2methereum_transaction_pool_monitor::eth_client[0m[2m:[0m 📨 Received pending transaction: 0x65a0872b15358ebc85bbbca909bf02dc5414d37af774d0d633e0b92fb8105a6e
[2m2025-12-10T10:13:44.528790Z[0m [34mDEBUG[0m [2mhyper::proto::h1::io[0m[2m:[0m parsed 4 headers
[2m2025-12-10T10:13:44.528801Z[0m [34mDEBUG[0m [2mhyper::proto::h1::conn[0m[2m:[0m incoming body is content-length (847 bytes)
[2m2025-12-10T10:13:44.528807Z[0m [34mDEBUG[0m [2mhyper::proto::h1::conn[0m[2m:[0m incoming body completed
[2m2025-12-10T10:13:44.528815Z[0m [34mDEBUG[0m [2mhyper::client::pool[0m[2m:[0m pooling idle connection for ("http", 192.168.0.14:8545)
[2m2025-12-10T10:13:44.528820Z[0m [34mDEBUG[0m [2methereum_transaction_pool_monitor::eth_client[0m[2m:[0m 📡 Transaction fetch RPC completed in 6.3385ms
[2m2025-12-10T10:13:44.528833Z[0m [34mDEBUG[0m [2methereum_transaction_pool_monitor::eth_client[0m[2m:[0m DeFi transaction detected - Address: 0xdac17f958d2ee523a2206206994597c13d831ec7, Type: Stablecoin, Value: 0 ETH, Gas: 1.17 Gwei
[2m2025-12-10T10:13:44.528844Z[0m [34mDEBUG[0m [2methereum_transaction_pool_monitor::eth_client[0m[2m:[0m ✅ Transaction 0x76c979712a93fdc025eec3621e3e0d1d38cf3d33a276cdec173921ee99e5c8a6 fetched and parsed in 6.362334ms
[2m2025-12-10T10:13:44.528848Z[0m [34mDEBUG[0m [2methereum_transaction_pool_monitor::mempool_monitor[0m[2m:[0m 🔍 Skipping tx 0x76c979712a93fdc025eec3621e3e0d1d38cf3d33a276cdec173921ee99e5c8a6 - not a DEX interaction (target: 0xdAC17F958D2ee523a2206206994597C13D831ec7)
[2m2025-12-10T10:13:44.528853Z[0m [34mDEBUG[0m [2methereum_transaction_pool_monitor::mempool_monitor[0m[2m:[0m 📨 Processing new pending transaction: 0xb70431dc85e255282abfef1b6c559805c4e4cb120fa01535c356a9ba34ba5cb4
[2m2025-12-10T10:13:44.528856Z[0m [34mDEBUG[0m [2methereum_transaction_pool_monitor::mempool_monitor[0m[2m:[0m 🔍 Fetching transaction details for: 0xb70431dc85e255282abfef1b6c559805c4e4cb120fa01535c356a9ba34ba5cb4
[2m2025-12-10T10:13:44.528859Z[0m [34mDEBUG[0m [2methereum_transaction_pool_monitor::eth_client[0m[2m:[0m 🔍 Fetching transaction details for hash: 0xb70431dc85e255282abfef1b6c559805c4e4cb120fa01535c356a9ba34ba5cb4
[2m2025-12-10T10:13:44.528868Z[0m [34mDEBUG[0m [2mhyper::client::pool[0m[2m:[0m reuse idle connection for ("http", 192.168.0.14:8545)
[2m2025-12-10T10:13:44.528889Z[0m [34mDEBUG[0m [2mhyper::proto::h1::io[0m[2m:[0m flushed 250 bytes
[2m2025-12-10T10:13:44.529646Z[0m [34mDEBUG[0m [2mhyper::proto::h1::io[0m[2m:[0m parsed 4 headers
[2m2025-12-10T10:13:44.529678Z[0m [34mDEBUG[0m [2mhyper::proto::h1::conn[0m[2m:[0m incoming body is content-length (45 bytes)
[2m2025-12-10T10:13:44.529686Z[0m [34mDEBUG[0m [2mhyper::proto::h1::conn[0m[2m:[0m incoming body completed
[2m2025-12-10T10:13:44.529692Z[0m [34mDEBUG[0m [2mhyper::client::pool[0m[2m:[0m pooling idle connection for ("http", 192.168.0.14:8545)
[2m2025-12-10T10:13:44.538472Z[0m [34mDEBUG[0m [2mhyper::proto::h1::io[0m[2m:[0m parsed 4 headers
[2m2025-12-10T10:13:44.538484Z[0m [34mDEBUG[0m [2mhyper::proto::h1::conn[0m[2m:[0m incoming body is content-length (2826 bytes)
[2m2025-12-10T10:13:44.538497Z[0m [34mDEBUG[0m [2methereum_transaction_pool_monitor::eth_client[0m[2m:[0m 📡 Transaction fetch RPC completed in 9.635208ms
[2m2025-12-10T10:13:44.543028Z[0m [34mDEBUG[0m [2mhyper::proto::h1::conn[0m[2m:[0m incoming body completed
[2m2025-12-10T10:13:44.543047Z[0m [34mDEBUG[0m [2mhyper::client::pool[0m[2m:[0m pooling idle connection for ("http", 192.168.0.14:8545)
[2m2025-12-10T10:13:44.598924Z[0m [34mDEBUG[0m [2mhyper::client::pool[0m[2m:[0m reuse idle connection for ("http", 192.168.0.14:8545)
[2m2025-12-10T10:13:44.598978Z[0m [34mDEBUG[0m [2mhyper::proto::h1::io[0m[2m:[0m flushed 172 bytes
[2m2025-12-10T10:13:44.603164Z[0m [34mDEBUG[0m [2mhyper::proto::h1::io[0m[2m:[0m parsed 4 headers
[2m2025-12-10T10:13:44.603172Z[0m [34mDEBUG[0m [2mhyper::proto::h1::conn[0m[2m:[0m incoming body is content-length (45 bytes)
[2m2025-12-10T10:13:44.603178Z[0m [34mDEBUG[0m [2mhyper::proto::h1::conn[0m[2m:[0m incoming body completed
[2m2025-12-10T10:13:44.603186Z[0m [34mDEBUG[0m [2mhyper::client::pool[0m[2m:[0m pooling idle connection for ("http", 192.168.0.14:8545)
[2m2025-12-10T10:13:44.614156Z[0m [34mDEBUG[0m [2methereum_transaction_pool_monitor::eth_client[0m[2m:[0m ✅ Transaction 0xb70431dc85e255282abfef1b6c559805c4e4cb120fa01535c356a9ba34ba5cb4 fetched and parsed in 85.291875ms
[2m2025-12-10T10:13:44.614173Z[0m [34mDEBUG[0m [2methereum_transaction_pool_monitor::mempool_monitor[0m[2m:[0m 🔍 Skipping tx 0xb70431dc85e255282abfef1b6c559805c4e4cb120fa01535c356a9ba34ba5cb4 - not a DEX interaction (target: 0x0000000000000068F116a894984e2DB1123eB395)
[2m2025-12-10T10:13:44.614182Z[0m [34mDEBUG[0m [2methereum_transaction_pool_monitor::mempool_monitor[0m[2m:[0m 📨 Processing new pending transaction: 0x1efddd49b9fd6108aac278fba589be0be1ef2abe4ba1102d9d46901d9ca4e2a2
[2m2025-12-10T10:13:44.614185Z[0m [34mDEBUG[0m [2methereum_transaction_pool_monitor::mempool_monitor[0m[2m:[0m 🔍 Fetching transaction details for: 0x1efddd49b9fd6108aac278fba589be0be1ef2abe4ba1102d9d46901d9ca4e2a2
[2m2025-12-10T10:13:44.614189Z[0m [34mDEBUG[0m [2methereum_transaction_pool_monitor::eth_client[0m[2m:[0m 🔍 Fetching transaction details for hash: 0x1efddd49b9fd6108aac278fba589be0be1ef2abe4ba1102d9d46901d9ca4e2a2
[2m2025-12-10T10:13:44.614206Z[0m [34mDEBUG[0m [2mhyper::client::pool[0m[2m:[0m reuse idle connection for ("http", 192.168.0.14:8545)
[2m2025-12-10T10:13:44.614252Z[0m [34mDEBUG[0m [2mhyper::proto::h1::io[0m[2m:[0m flushed 250 bytes
[2m2025-12-10T10:13:44.617875Z[0m [34mDEBUG[0m [2mhyper::proto::h1::io[0m[2m:[0m parsed 4 headers
[2m2025-12-10T10:13:44.617884Z[0m [34mDEBUG[0m [2mhyper::proto::h1::conn[0m[2m:[0m incoming body is content-length (625 bytes)
[2m2025-12-10T10:13:44.617890Z[0m [34mDEBUG[0m [2mhyper::proto::h1::conn[0m[2m:[0m incoming body completed
[2m2025-12-10T10:13:44.617899Z[0m [34mDEBUG[0m [2mhyper::client::pool[0m[2m:[0m pooling idle connection for ("http", 192.168.0.14:8545)
[2m2025-12-10T10:13:44.617905Z[0m [34mDEBUG[0m [2methereum_transaction_pool_monitor::eth_client[0m[2m:[0m 📡 Transaction fetch RPC completed in 3.713084ms
[2m2025-12-10T10:13:44.691184Z[0m [34mDEBUG[0m [2methereum_transaction_pool_monitor::eth_client[0m[2m:[0m ✅ Transaction 0x1efddd49b9fd6108aac278fba589be0be1ef2abe4ba1102d9d46901d9ca4e2a2 fetched and parsed in 76.990292ms
[2m2025-12-10T10:13:44.691210Z[0m [34mDEBUG[0m [2methereum_transaction_pool_monitor::mempool_monitor[0m[2m:[0m 🔍 Skipping tx 0x1efddd49b9fd6108aac278fba589be0be1ef2abe4ba1102d9d46901d9ca4e2a2 - not a DEX interaction (target: 0xa0D12252496988b8d71C73ff1F032fC907AA11FC)
[2m2025-12-10T10:13:44.691219Z[0m [34mDEBUG[0m [2methereum_transaction_pool_monitor::mempool_monitor[0m[2m:[0m 📨 Processing new pending transaction: 0x7b95e832769560a22be51078319ee77001c1860cc03a5675c42ecb3d0db2217f
[2m2025-12-10T10:13:44.691223Z[0m [34mDEBUG[0m [2methereum_transaction_pool_monitor::mempool_monitor[0m[2m:[0m 🔍 Fetching transaction details for: 0x7b95e832769560a22be51078319ee77001c1860cc03a5675c42ecb3d0db2217f
[2m2025-12-10T10:13:44.691234Z[0m [34mDEBUG[0m [2methereum_transaction_pool_monitor::eth_client[0m[2m:[0m 🔍 Fetching transaction details for hash: 0x7b95e832769560a22be51078319ee77001c1860cc03a5675c42ecb3d0db2217f
[2m2025-12-10T10:13:44.691254Z[0m [34mDEBUG[0m [2mhyper::client::pool[0m[2m:[0m reuse idle connection for ("http", 192.168.0.14:8545)
[2m2025-12-10T10:13:44.691302Z[0m [34mDEBUG[0m [2mhyper::proto::h1::io[0m[2m:[0m flushed 250 bytes
[2m2025-12-10T10:13:44.691321Z[0m [34mDEBUG[0m [2methereum_transaction_pool_monitor::eth_client[0m[2m:[0m 📨 Received WebSocket message: {"jsonrpc":"2.0","method":"eth_subscription","params":{"subscription":"0xbed0a0851463e895960a451075a301a9","result":"0x126bf7590d918e632f6c6e00b7bbc091efbc8396ba73115f086e7992016ff41d"}}
[2m2025-12-10T10:13:44.691328Z[0m [34mDEBUG[0m [2methereum_transaction_pool_monitor::eth_client[0m[2m:[0m 📨 Received pending transaction: 0x126bf7590d918e632f6c6e00b7bbc091efbc8396ba73115f086e7992016ff41d
[2m2025-12-10T10:13:44.696160Z[0m [34mDEBUG[0m [2mhyper::proto::h1::io[0m[2m:[0m parsed 4 headers
[2m2025-12-10T10:13:44.696172Z[0m [34mDEBUG[0m [2mhyper::proto::h1::conn[0m[2m:[0m incoming body is content-length (8538 bytes)
[2m2025-12-10T10:13:44.696188Z[0m [34mDEBUG[0m [2methereum_transaction_pool_monitor::eth_client[0m[2m:[0m 📡 Transaction fetch RPC completed in 4.950584ms
[2m2025-12-10T10:13:44.698484Z[0m [34mDEBUG[0m [2mhyper::client::pool[0m[2m:[0m reuse idle connection for ("http", 192.168.0.14:8545)
[2m2025-12-10T10:13:44.698519Z[0m [34mDEBUG[0m [2mhyper::proto::h1::io[0m[2m:[0m flushed 172 bytes
[2m2025-12-10T10:13:44.700130Z[0m [34mDEBUG[0m [2mhyper::proto::h1::conn[0m[2m:[0m incoming body completed
[2m2025-12-10T10:13:44.700143Z[0m [34mDEBUG[0m [2mhyper::client::pool[0m[2m:[0m pooling idle connection for ("http", 192.168.0.14:8545)
[2m2025-12-10T10:13:44.704760Z[0m [34mDEBUG[0m [2mhyper::proto::h1::io[0m[2m:[0m parsed 4 headers
[2m2025-12-10T10:13:44.704788Z[0m [34mDEBUG[0m [2mhyper::proto::h1::conn[0m[2m:[0m incoming body is content-length (45 bytes)
[2m2025-12-10T10:13:44.704802Z[0m [34mDEBUG[0m [2mhyper::proto::h1::conn[0m[2m:[0m incoming body completed
[2m2025-12-10T10:13:44.704819Z[0m [34mDEBUG[0m [2mhyper::client::pool[0m[2m:[0m pooling idle connection for ("http", 192.168.0.14:8545)
[2m2025-12-10T10:13:44.771143Z[0m [34mDEBUG[0m [2methereum_transaction_pool_monitor::eth_client[0m[2m:[0m ✅ Transaction 0x7b95e832769560a22be51078319ee77001c1860cc03a5675c42ecb3d0db2217f fetched and parsed in 79.903084ms
[2m2025-12-10T10:13:44.771167Z[0m [34mDEBUG[0m [2methereum_transaction_pool_monitor::mempool_monitor[0m[2m:[0m 🔍 Skipping tx 0x7b95e832769560a22be51078319ee77001c1860cc03a5675c42ecb3d0db2217f - not a DEX interaction (target: 0xF5042e6ffaC5a625D4E7848e0b01373D8eB9e222)
[2m2025-12-10T10:13:44.771178Z[0m [34mDEBUG[0m [2methereum_transaction_pool_monitor::mempool_monitor[0m[2m:[0m 📨 Processing new pending transaction: 0x6f4da25457f98a226eb0126e0c30458d7b80657e3d7d10a414a38ba3c8f55b70
[2m2025-12-10T10:13:44.771184Z[0m [34mDEBUG[0m [2methereum_transaction_pool_monitor::mempool_monitor[0m[2m:[0m 🔍 Fetching transaction details for: 0x6f4da25457f98a226eb0126e0c30458d7b80657e3d7d10a414a38ba3c8f55b70
[2m2025-12-10T10:13:44.771190Z[0m [34mDEBUG[0m [2methereum_transaction_pool_monitor::eth_client[0m[2m:[0m 🔍 Fetching transaction details for hash: 0x6f4da25457f98a226eb0126e0c30458d7b80657e3d7d10a414a38ba3c8f55b70
[2m2025-12-10T10:13:44.771209Z[0m [34mDEBUG[0m [2mhyper::client::pool[0m[2m:[0m reuse idle connection for ("http", 192.168.0.14:8545)
[2m2025-12-10T10:13:44.771257Z[0m [34mDEBUG[0m [2mhyper::proto::h1::io[0m[2m:[0m flushed 250 bytes
[2m2025-12-10T10:13:44.775469Z[0m [34mDEBUG[0m [2mhyper::proto::h1::io[0m[2m:[0m parsed 4 headers
[2m2025-12-10T10:13:44.775478Z[0m [34mDEBUG[0m [2mhyper::proto::h1::conn[0m[2m:[0m incoming body is content-length (906 bytes)
[2m2025-12-10T10:13:44.775490Z[0m [34mDEBUG[0m [2mhyper::proto::h1::conn[0m[2m:[0m incoming body completed
[2m2025-12-10T10:13:44.775500Z[0m [34mDEBUG[0m [2mhyper::client::pool[0m[2m:[0m pooling idle connection for ("http", 192.168.0.14:8545)
[2m2025-12-10T10:13:44.775505Z[0m [34mDEBUG[0m [2methereum_transaction_pool_monitor::eth_client[0m[2m:[0m 📡 Transaction fetch RPC completed in 4.309125ms
[2m2025-12-10T10:13:44.847115Z[0m [34mDEBUG[0m [2methereum_transaction_pool_monitor::eth_client[0m[2m:[0m ✅ Transaction 0x6f4da25457f98a226eb0126e0c30458d7b80657e3d7d10a414a38ba3c8f55b70 fetched and parsed in 75.915833ms
[2m2025-12-10T10:13:44.848722Z[0m [34mDEBUG[0m [2methereum_transaction_pool_monitor::mempool_monitor[0m[2m:[0m 🔍 Skipping tx 0x6f4da25457f98a226eb0126e0c30458d7b80657e3d7d10a414a38ba3c8f55b70 - not a DEX interaction (target: 0xA0b86991c6218b36c1d19D4a2e9Eb0cE3606eB48)
[2m2025-12-10T10:13:44.848735Z[0m [34mDEBUG[0m [2methereum_transaction_pool_monitor::mempool_monitor[0m[2m:[0m 📨 Processing new pending transaction: 0xcbd001119d1ef45e9d21c4cd010aeed5a514c2eeedbd52b820224a30916b906b
[2m2025-12-10T10:13:44.848739Z[0m [34mDEBUG[0m [2methereum_transaction_pool_monitor::mempool_monitor[0m[2m:[0m 🔍 Fetching transaction details for: 0xcbd001119d1ef45e9d21c4cd010aeed5a514c2eeedbd52b820224a30916b906b
[2m2025-12-10T10:13:44.848744Z[0m [34mDEBUG[0m [2methereum_transaction_pool_monitor::eth_client[0m[2m:[0m 🔍 Fetching transaction details for hash: 0xcbd001119d1ef45e9d21c4cd010aeed5a514c2eeedbd52b820224a30916b906b
[2m2025-12-10T10:13:44.848763Z[0m [34mDEBUG[0m [2mhyper::client::pool[0m[2m:[0m reuse idle connection for ("http", 192.168.0.14:8545)
[2m2025-12-10T10:13:44.848809Z[0m [34mDEBUG[0m [2mhyper::proto::h1::io[0m[2m:[0m flushed 250 bytes
[2m2025-12-10T10:13:44.848829Z[0m [34mDEBUG[0m [2mhyper::client::pool[0m[2m:[0m reuse idle connection for ("http", 192.168.0.14:8545)
[2m2025-12-10T10:13:44.848843Z[0m [34mDEBUG[0m [2mhyper::proto::h1::io[0m[2m:[0m flushed 172 bytes
[2m2025-12-10T10:13:44.848881Z[0m [34mDEBUG[0m [2methereum_transaction_pool_monitor::eth_client[0m[2m:[0m 📨 Received WebSocket message: {"jsonrpc":"2.0","method":"eth_subscription","params":{"subscription":"0xbed0a0851463e895960a451075a301a9","result":"0xe50bf31003224986ebb44effea4ea9e4390ec499cc971c8b757b04987847c6db"}}
[2m2025-12-10T10:13:44.848890Z[0m [34mDEBUG[0m [2methereum_transaction_pool_monitor::eth_client[0m[2m:[0m 📨 Received pending transaction: 0xe50bf31003224986ebb44effea4ea9e4390ec499cc971c8b757b04987847c6db
[2m2025-12-10T10:13:44.853004Z[0m [34mDEBUG[0m [2mhyper::proto::h1::io[0m[2m:[0m parsed 4 headers
[2m2025-12-10T10:13:44.853008Z[0m [34mDEBUG[0m [2mhyper::proto::h1::conn[0m[2m:[0m incoming body is content-length (840 bytes)
[2m2025-12-10T10:13:44.853013Z[0m [34mDEBUG[0m [2mhyper::proto::h1::conn[0m[2m:[0m incoming body completed
[2m2025-12-10T10:13:44.853020Z[0m [34mDEBUG[0m [2mhyper::client::pool[0m[2m:[0m pooling idle connection for ("http", 192.168.0.14:8545)
[2m2025-12-10T10:13:44.853024Z[0m [34mDEBUG[0m [2methereum_transaction_pool_monitor::eth_client[0m[2m:[0m 📡 Transaction fetch RPC completed in 4.275625ms
[2m2025-12-10T10:13:44.924818Z[0m [34mDEBUG[0m [2methereum_transaction_pool_monitor::eth_client[0m[2m:[0m ✅ Transaction 0xcbd001119d1ef45e9d21c4cd010aeed5a514c2eeedbd52b820224a30916b906b fetched and parsed in 76.066959ms
[2m2025-12-10T10:13:44.924838Z[0m [34mDEBUG[0m [2methereum_transaction_pool_monitor::mempool_monitor[0m[2m:[0m 🔍 Skipping tx 0xcbd001119d1ef45e9d21c4cd010aeed5a514c2eeedbd52b820224a30916b906b - not a DEX interaction (target: 0xA0b86991c6218b36c1d19D4a2e9Eb0cE3606eB48)
[2m2025-12-10T10:13:44.924847Z[0m [34mDEBUG[0m [2methereum_transaction_pool_monitor::mempool_monitor[0m[2m:[0m 📨 Processing new pending transaction: 0x71cbf19ae86a97b9f2fa683934a28244c4593e612569aa826ba6b6ecc6afe91c
[2m2025-12-10T10:13:44.924859Z[0m [34mDEBUG[0m [2methereum_transaction_pool_monitor::mempool_monitor[0m[2m:[0m 🔍 Fetching transaction details for: 0x71cbf19ae86a97b9f2fa683934a28244c4593e612569aa826ba6b6ecc6afe91c
[2m2025-12-10T10:13:44.924863Z[0m [34mDEBUG[0m [2methereum_transaction_pool_monitor::eth_client[0m[2m:[0m 🔍 Fetching transaction details for hash: 0x71cbf19ae86a97b9f2fa683934a28244c4593e612569aa826ba6b6ecc6afe91c
[2m2025-12-10T10:13:44.924880Z[0m [34mDEBUG[0m [2mhyper::client::pool[0m[2m:[0m reuse idle connection for ("http", 192.168.0.14:8545)
[2m2025-12-10T10:13:44.924918Z[0m [34mDEBUG[0m [2mhyper::proto::h1::io[0m[2m:[0m flushed 250 bytes
[2m2025-12-10T10:13:44.924939Z[0m [34mDEBUG[0m [2methereum_transaction_pool_monitor::eth_client[0m[2m:[0m 📨 Received WebSocket message: {"jsonrpc":"2.0","method":"eth_subscription","params":{"subscription":"0xbed0a0851463e895960a451075a301a9","result":"0xd09137dadacce80fa3ad7484d24705027ee891acb6d0fc55afc3e7d80104ee07"}}
[2m2025-12-10T10:13:44.924946Z[0m [34mDEBUG[0m [2methereum_transaction_pool_monitor::eth_client[0m[2m:[0m 📨 Received pending transaction: 0xd09137dadacce80fa3ad7484d24705027ee891acb6d0fc55afc3e7d80104ee07
[2m2025-12-10T10:13:44.924953Z[0m [34mDEBUG[0m [2methereum_transaction_pool_monitor::eth_client[0m[2m:[0m 📨 Received WebSocket message: {"jsonrpc":"2.0","method":"eth_subscription","params":{"subscription":"0xbed0a0851463e895960a451075a301a9","result":"0xc2f70a8a45114be0f54367f16018c64d9efe8e0156dca0418546870828fd47c2"}}
[2m2025-12-10T10:13:44.924958Z[0m [34mDEBUG[0m [2methereum_transaction_pool_monitor::eth_client[0m[2m:[0m 📨 Received pending transaction: 0xc2f70a8a45114be0f54367f16018c64d9efe8e0156dca0418546870828fd47c2
[2m2025-12-10T10:13:44.924997Z[0m [34mDEBUG[0m [2mhyper::proto::h1::io[0m[2m:[0m parsed 4 headers
[2m2025-12-10T10:13:44.925004Z[0m [34mDEBUG[0m [2mhyper::proto::h1::conn[0m[2m:[0m incoming body is content-length (45 bytes)
[2m2025-12-10T10:13:44.925011Z[0m [34mDEBUG[0m [2mhyper::proto::h1::conn[0m[2m:[0m incoming body completed
[2m2025-12-10T10:13:44.925019Z[0m [34mDEBUG[0m [2mhyper::client::pool[0m[2m:[0m pooling idle connection for ("http", 192.168.0.14:8545)
[2m2025-12-10T10:13:44.925038Z[0m [34mDEBUG[0m [2mhyper::client::pool[0m[2m:[0m reuse idle connection for ("http", 192.168.0.14:8545)
[2m2025-12-10T10:13:44.925054Z[0m [34mDEBUG[0m [2mhyper::proto::h1::io[0m[2m:[0m flushed 172 bytes
[2m2025-12-10T10:13:44.929706Z[0m [34mDEBUG[0m [2mhyper::proto::h1::io[0m[2m:[0m parsed 4 headers
[2m2025-12-10T10:13:44.929710Z[0m [34mDEBUG[0m [2mhyper::proto::h1::conn[0m[2m:[0m incoming body is content-length (724 bytes)
[2m2025-12-10T10:13:44.929715Z[0m [34mDEBUG[0m [2mhyper::proto::h1::conn[0m[2m:[0m incoming body completed
[2m2025-12-10T10:13:44.929720Z[0m [34mDEBUG[0m [2mhyper::client::pool[0m[2m:[0m pooling idle connection for ("http", 192.168.0.14:8545)
[2m2025-12-10T10:13:44.929723Z[0m [34mDEBUG[0m [2methereum_transaction_pool_monitor::eth_client[0m[2m:[0m 📡 Transaction fetch RPC completed in 4.856375ms
[2m2025-12-10T10:13:44.998649Z[0m [34mDEBUG[0m [2methereum_transaction_pool_monitor::eth_client[0m[2m:[0m ✅ Transaction 0x71cbf19ae86a97b9f2fa683934a28244c4593e612569aa826ba6b6ecc6afe91c fetched and parsed in 73.779208ms
[2m2025-12-10T10:13:44.998674Z[0m [34mDEBUG[0m [2methereum_transaction_pool_monitor::mempool_monitor[0m[2m:[0m 🔍 Skipping tx 0x71cbf19ae86a97b9f2fa683934a28244c4593e612569aa826ba6b6ecc6afe91c - not a DEX interaction (target: 0xb0A06A3208dA8ba4B2d409f96673b4780f849215)
[2m2025-12-10T10:13:44.998688Z[0m [34mDEBUG[0m [2methereum_transaction_pool_monitor::mempool_monitor[0m[2m:[0m 📨 Processing new pending transaction: 0x5ba34b033ac05f1a56cd4304acd673ed803244bde3c70631c8e0b425ac9e5b0d
[2m2025-12-10T10:13:44.998695Z[0m [34mDEBUG[0m [2methereum_transaction_pool_monitor::mempool_monitor[0m[2m:[0m 🔍 Fetching transaction details for: 0x5ba34b033ac05f1a56cd4304acd673ed803244bde3c70631c8e0b425ac9e5b0d
[2m2025-12-10T10:13:44.999003Z[0m [34mDEBUG[0m [2methereum_transaction_pool_monitor::eth_client[0m[2m:[0m 🔍 Fetching transaction details for hash: 0x5ba34b033ac05f1a56cd4304acd673ed803244bde3c70631c8e0b425ac9e5b0d
[2m2025-12-10T10:13:44.999025Z[0m [34mDEBUG[0m [2mhyper::client::pool[0m[2m:[0m reuse idle connection for ("http", 192.168.0.14:8545)
[2m2025-12-10T10:13:44.999052Z[0m [34mDEBUG[0m [2mhyper::proto::h1::io[0m[2m:[0m flushed 250 bytes
[2m2025-12-10T10:13:44.999074Z[0m [34mDEBUG[0m [2methereum_transaction_pool_monitor::eth_client[0m[2m:[0m 📨 Received WebSocket message: {"jsonrpc":"2.0","method":"eth_subscription","params":{"subscription":"0xbed0a0851463e895960a451075a301a9","result":"0xec4d1df28b8fd638db9cf4a803c9b64d5a668c4f3b50edf5008fc8edd6a5584a"}}
[2m2025-12-10T10:13:44.999084Z[0m [34mDEBUG[0m [2methereum_transaction_pool_monitor::eth_client[0m[2m:[0m 📨 Received pending transaction: 0xec4d1df28b8fd638db9cf4a803c9b64d5a668c4f3b50edf5008fc8edd6a5584a
[2m2025-12-10T10:13:44.999075Z[0m [34mDEBUG[0m [2mhyper::proto::h1::io[0m[2m:[0m parsed 4 headers
[2m2025-12-10T10:13:44.999115Z[0m [34mDEBUG[0m [2mhyper::proto::h1::conn[0m[2m:[0m incoming body is content-length (45 bytes)
[2m2025-12-10T10:13:44.999124Z[0m [34mDEBUG[0m [2mhyper::proto::h1::conn[0m[2m:[0m incoming body completed
[2m2025-12-10T10:13:44.999131Z[0m [34mDEBUG[0m [2mhyper::client::pool[0m[2m:[0m pooling idle connection for ("http", 192.168.0.14:8545)
[2m2025-12-10T10:13:44.999145Z[0m [34mDEBUG[0m [2mhyper::client::pool[0m[2m:[0m reuse idle connection for ("http", 192.168.0.14:8545)
[2m2025-12-10T10:13:44.999158Z[0m [34mDEBUG[0m [2mhyper::proto::h1::io[0m[2m:[0m flushed 172 bytes
[2m2025-12-10T10:13:45.003358Z[0m [34mDEBUG[0m [2mhyper::proto::h1::io[0m[2m:[0m parsed 4 headers
[2m2025-12-10T10:13:45.003364Z[0m [34mDEBUG[0m [2mhyper::proto::h1::conn[0m[2m:[0m incoming body is content-length (844 bytes)
[2m2025-12-10T10:13:45.003368Z[0m [34mDEBUG[0m [2mhyper::proto::h1::conn[0m[2m:[0m incoming body completed
[2m2025-12-10T10:13:45.003375Z[0m [34mDEBUG[0m [2mhyper::client::pool[0m[2m:[0m pooling idle connection for ("http", 192.168.0.14:8545)
[2m2025-12-10T10:13:45.003379Z[0m [34mDEBUG[0m [2methereum_transaction_pool_monitor::eth_client[0m[2m:[0m 📡 Transaction fetch RPC completed in 4.370334ms
[2m2025-12-10T10:13:45.074799Z[0m [34mDEBUG[0m [2methereum_transaction_pool_monitor::eth_client[0m[2m:[0m ✅ Transaction 0x5ba34b033ac05f1a56cd4304acd673ed803244bde3c70631c8e0b425ac9e5b0d fetched and parsed in 75.787084ms
[2m2025-12-10T10:13:45.074821Z[0m [34mDEBUG[0m [2methereum_transaction_pool_monitor::mempool_monitor[0m[2m:[0m 🔍 Skipping tx 0x5ba34b033ac05f1a56cd4304acd673ed803244bde3c70631c8e0b425ac9e5b0d - not a DEX interaction (target: 0xA0b86991c6218b36c1d19D4a2e9Eb0cE3606eB48)
[2m2025-12-10T10:13:45.074830Z[0m [34mDEBUG[0m [2methereum_transaction_pool_monitor::mempool_monitor[0m[2m:[0m 📨 Processing new pending transaction: 0x1e5a8a0ae0600f363aea00e3782d967490d785652c993106c18be74795051467
[2m2025-12-10T10:13:45.074836Z[0m [34mDEBUG[0m [2methereum_transaction_pool_monitor::mempool_monitor[0m[2m:[0m 🔍 Fetching transaction details for: 0x1e5a8a0ae0600f363aea00e3782d967490d785652c993106c18be74795051467
[2m2025-12-10T10:13:45.074843Z[0m [34mDEBUG[0m [2methereum_transaction_pool_monitor::eth_client[0m[2m:[0m 🔍 Fetching transaction details for hash: 0x1e5a8a0ae0600f363aea00e3782d967490d785652c993106c18be74795051467
[2m2025-12-10T10:13:45.074860Z[0m [34mDEBUG[0m [2mhyper::client::pool[0m[2m:[0m reuse idle connection for ("http", 192.168.0.14:8545)
[2m2025-12-10T10:13:45.074892Z[0m [34mDEBUG[0m [2mhyper::proto::h1::io[0m[2m:[0m flushed 250 bytes
[2m2025-12-10T10:13:45.074912Z[0m [34mDEBUG[0m [2methereum_transaction_pool_monitor::eth_client[0m[2m:[0m 📨 Received WebSocket message: {"jsonrpc":"2.0","method":"eth_subscription","params":{"subscription":"0xbed0a0851463e895960a451075a301a9","result":"0xd396f0160777a90e6f865be17908e5fae5b5f708e51e661fa0e1e3ec294e9a65"}}
[2m2025-12-10T10:13:45.074917Z[0m [34mDEBUG[0m [2mhyper::proto::h1::io[0m[2m:[0m parsed 4 headers
[2m2025-12-10T10:13:45.074928Z[0m [34mDEBUG[0m [2methereum_transaction_pool_monitor::eth_client[0m[2m:[0m 📨 Received pending transaction: 0xd396f0160777a90e6f865be17908e5fae5b5f708e51e661fa0e1e3ec294e9a65
[2m2025-12-10T10:13:45.074933Z[0m [34mDEBUG[0m [2mhyper::proto::h1::conn[0m[2m:[0m incoming body is content-length (45 bytes)
[2m2025-12-10T10:13:45.074940Z[0m [34mDEBUG[0m [2mhyper::proto::h1::conn[0m[2m:[0m incoming body completed
[2m2025-12-10T10:13:45.074947Z[0m [34mDEBUG[0m [2mhyper::client::pool[0m[2m:[0m pooling idle connection for ("http", 192.168.0.14:8545)
[2m2025-12-10T10:13:45.079203Z[0m [34mDEBUG[0m [2mhyper::proto::h1::io[0m[2m:[0m parsed 4 headers
[2m2025-12-10T10:13:45.079207Z[0m [34mDEBUG[0m [2mhyper::proto::h1::conn[0m[2m:[0m incoming body is content-length (2319 bytes)
[2m2025-12-10T10:13:45.079212Z[0m [34mDEBUG[0m [2mhyper::proto::h1::conn[0m[2m:[0m incoming body completed
[2m2025-12-10T10:13:45.079218Z[0m [34mDEBUG[0m [2mhyper::client::pool[0m[2m:[0m pooling idle connection for ("http", 192.168.0.14:8545)
[2m2025-12-10T10:13:45.079222Z[0m [34mDEBUG[0m [2methereum_transaction_pool_monitor::eth_client[0m[2m:[0m 📡 Transaction fetch RPC completed in 4.374917ms
[2m2025-12-10T10:13:45.079236Z[0m [34mDEBUG[0m [2methereum_transaction_pool_monitor::eth_client[0m[2m:[0m DeFi transaction detected - Address: 0x881d40237659c251811cec9c364ef91dc08d300c, Type: DexRouter, Value: 0 ETH, Gas: 2.17 Gwei
[2m2025-12-10T10:13:45.079245Z[0m [34mDEBUG[0m [2methereum_transaction_pool_monitor::eth_client[0m[2m:[0m ✅ Transaction 0x1e5a8a0ae0600f363aea00e3782d967490d785652c993106c18be74795051467 fetched and parsed in 4.398292ms
[2m2025-12-10T10:13:45.079250Z[0m [34mDEBUG[0m [2methereum_transaction_pool_monitor::mempool_monitor[0m[2m:[0m 🔍 Skipping tx 0x1e5a8a0ae0600f363aea00e3782d967490d785652c993106c18be74795051467 - not a DEX interaction (target: 0x881D40237659C251811CEC9c364ef91dC08D300C)
[2m2025-12-10T10:13:45.079256Z[0m [34mDEBUG[0m [2methereum_transaction_pool_monitor::mempool_monitor[0m[2m:[0m 📨 Processing new pending transaction: 0xda4391fa69333c9ee166f7f72a3acd2f1abf8fdedc5ecd9433191709edc593cc
[2m2025-12-10T10:13:45.079259Z[0m [34mDEBUG[0m [2methereum_transaction_pool_monitor::mempool_monitor[0m[2m:[0m 🔍 Fetching transaction details for: 0xda4391fa69333c9ee166f7f72a3acd2f1abf8fdedc5ecd9433191709edc593cc
[2m2025-12-10T10:13:45.079262Z[0m [34mDEBUG[0m [2methereum_transaction_pool_monitor::eth_client[0m[2m:[0m 🔍 Fetching transaction details for hash: 0xda4391fa69333c9ee166f7f72a3acd2f1abf8fdedc5ecd9433191709edc593cc
[2m2025-12-10T10:13:45.079273Z[0m [34mDEBUG[0m [2mhyper::client::pool[0m[2m:[0m reuse idle connection for ("http", 192.168.0.14:8545)
[2m2025-12-10T10:13:45.079283Z[0m [34mDEBUG[0m [2mhyper::proto::h1::io[0m[2m:[0m flushed 250 bytes
[2m2025-12-10T10:13:45.084895Z[0m [34mDEBUG[0m [2methereum_transaction_pool_monitor::eth_client[0m[2m:[0m 📨 Received WebSocket message: {"jsonrpc":"2.0","method":"eth_subscription","params":{"subscription":"0xbed0a0851463e895960a451075a301a9","result":"0x61ddaf9f2771b2004161544f77114138ada7ebf500f3562bd214476761b9b53a"}}
[2m2025-12-10T10:13:45.084902Z[0m [34mDEBUG[0m [2methereum_transaction_pool_monitor::eth_client[0m[2m:[0m 📨 Received pending transaction: 0x61ddaf9f2771b2004161544f77114138ada7ebf500f3562bd214476761b9b53a
[2m2025-12-10T10:13:45.085651Z[0m [34mDEBUG[0m [2mhyper::proto::h1::io[0m[2m:[0m parsed 4 headers
[2m2025-12-10T10:13:45.085656Z[0m [34mDEBUG[0m [2mhyper::proto::h1::conn[0m[2m:[0m incoming body is content-length (911 bytes)
[2m2025-12-10T10:13:45.085659Z[0m [34mDEBUG[0m [2mhyper::proto::h1::conn[0m[2m:[0m incoming body completed
[2m2025-12-10T10:13:45.085668Z[0m [34mDEBUG[0m [2mhyper::client::pool[0m[2m:[0m pooling idle connection for ("http", 192.168.0.14:8545)
[2m2025-12-10T10:13:45.085672Z[0m [34mDEBUG[0m [2methereum_transaction_pool_monitor::eth_client[0m[2m:[0m 📡 Transaction fetch RPC completed in 6.407084ms
[2m2025-12-10T10:13:45.085683Z[0m [34mDEBUG[0m [2methereum_transaction_pool_monitor::eth_client[0m[2m:[0m DeFi transaction detected - Address: 0xdac17f958d2ee523a2206206994597c13d831ec7, Type: Stablecoin, Value: 0 ETH, Gas: 0.26 Gwei
[2m2025-12-10T10:13:45.085695Z[0m [34mDEBUG[0m [2methereum_transaction_pool_monitor::eth_client[0m[2m:[0m ✅ Transaction 0xda4391fa69333c9ee166f7f72a3acd2f1abf8fdedc5ecd9433191709edc593cc fetched and parsed in 6.430667ms
[2m2025-12-10T10:13:45.085700Z[0m [34mDEBUG[0m [2methereum_transaction_pool_monitor::mempool_monitor[0m[2m:[0m 🔍 Skipping tx 0xda4391fa69333c9ee166f7f72a3acd2f1abf8fdedc5ecd9433191709edc593cc - not a DEX interaction (target: 0xdAC17F958D2ee523a2206206994597C13D831ec7)
[2m2025-12-10T10:13:45.085705Z[0m [34mDEBUG[0m [2methereum_transaction_pool_monitor::mempool_monitor[0m[2m:[0m 📨 Processing new pending transaction: 0x06981c28ef5b354135a71cdcd7e73dc8c98dac40646e80d2698be2913e2aaea7
[2m2025-12-10T10:13:45.085708Z[0m [34mDEBUG[0m [2methereum_transaction_pool_monitor::mempool_monitor[0m[2m:[0m 🔍 Fetching transaction details for: 0x06981c28ef5b354135a71cdcd7e73dc8c98dac40646e80d2698be2913e2aaea7
[2m2025-12-10T10:13:45.085712Z[0m [34mDEBUG[0m [2methereum_transaction_pool_monitor::eth_client[0m[2m:[0m 🔍 Fetching transaction details for hash: 0x06981c28ef5b354135a71cdcd7e73dc8c98dac40646e80d2698be2913e2aaea7
[2m2025-12-10T10:13:45.085721Z[0m [34mDEBUG[0m [2mhyper::client::pool[0m[2m:[0m reuse idle connection for ("http", 192.168.0.14:8545)
[2m2025-12-10T10:13:45.085732Z[0m [34mDEBUG[0m [2mhyper::proto::h1::io[0m[2m:[0m flushed 250 bytes
[2m2025-12-10T10:13:45.092013Z[0m [34mDEBUG[0m [2mhyper::proto::h1::io[0m[2m:[0m parsed 4 headers
[2m2025-12-10T10:13:45.092017Z[0m [34mDEBUG[0m [2mhyper::proto::h1::conn[0m[2m:[0m incoming body is content-length (723 bytes)
[2m2025-12-10T10:13:45.092020Z[0m [34mDEBUG[0m [2mhyper::proto::h1::conn[0m[2m:[0m incoming body completed
[2m2025-12-10T10:13:45.092024Z[0m [34mDEBUG[0m [2mhyper::client::pool[0m[2m:[0m pooling idle connection for ("http", 192.168.0.14:8545)
[2m2025-12-10T10:13:45.092027Z[0m [34mDEBUG[0m [2methereum_transaction_pool_monitor::eth_client[0m[2m:[0m 📡 Transaction fetch RPC completed in 6.312459ms
[2m2025-12-10T10:13:45.162513Z[0m [34mDEBUG[0m [2methereum_transaction_pool_monitor::eth_client[0m[2m:[0m ✅ Transaction 0x06981c28ef5b354135a71cdcd7e73dc8c98dac40646e80d2698be2913e2aaea7 fetched and parsed in 76.794959ms
[2m2025-12-10T10:13:45.162528Z[0m [34mDEBUG[0m [2methereum_transaction_pool_monitor::mempool_monitor[0m[2m:[0m 🔍 Skipping tx 0x06981c28ef5b354135a71cdcd7e73dc8c98dac40646e80d2698be2913e2aaea7 - not a DEX interaction (target: 0x61c0f91e4e25a44741c921E01397919bAb173228)
[2m2025-12-10T10:13:45.162536Z[0m [34mDEBUG[0m [2methereum_transaction_pool_monitor::mempool_monitor[0m[2m:[0m 📨 Processing new pending transaction: 0xea32ff8a6b34dc618a5639db1a5184048dadb87bfccd3c70a6415e760a31f40f
[2m2025-12-10T10:13:45.162542Z[0m [34mDEBUG[0m [2methereum_transaction_pool_monitor::mempool_monitor[0m[2m:[0m 🔍 Fetching transaction details for: 0xea32ff8a6b34dc618a5639db1a5184048dadb87bfccd3c70a6415e760a31f40f
[2m2025-12-10T10:13:45.162547Z[0m [34mDEBUG[0m [2methereum_transaction_pool_monitor::eth_client[0m[2m:[0m 🔍 Fetching transaction details for hash: 0xea32ff8a6b34dc618a5639db1a5184048dadb87bfccd3c70a6415e760a31f40f
[2m2025-12-10T10:13:45.162563Z[0m [34mDEBUG[0m [2mhyper::client::pool[0m[2m:[0m reuse idle connection for ("http", 192.168.0.14:8545)
[2m2025-12-10T10:13:45.162594Z[0m [34mDEBUG[0m [2mhyper::proto::h1::io[0m[2m:[0m flushed 250 bytes
[2m2025-12-10T10:13:45.162616Z[0m [34mDEBUG[0m [2mhyper::client::pool[0m[2m:[0m reuse idle connection for ("http", 192.168.0.14:8545)
[2m2025-12-10T10:13:45.162629Z[0m [34mDEBUG[0m [2mhyper::proto::h1::io[0m[2m:[0m flushed 172 bytes
[2m2025-12-10T10:13:45.162630Z[0m [34mDEBUG[0m [2methereum_transaction_pool_monitor::eth_client[0m[2m:[0m 📨 Received WebSocket message: {"jsonrpc":"2.0","method":"eth_subscription","params":{"subscription":"0xbed0a0851463e895960a451075a301a9","result":"0x8d96893399033acab06f5cf74942e661dc3a9239aac0334973aeb53ce332dbd6"}}
[2m2025-12-10T10:13:45.162639Z[0m [34mDEBUG[0m [2methereum_transaction_pool_monitor::eth_client[0m[2m:[0m 📨 Received pending transaction: 0x8d96893399033acab06f5cf74942e661dc3a9239aac0334973aeb53ce332dbd6
[2m2025-12-10T10:13:45.170225Z[0m [34mDEBUG[0m [2methereum_transaction_pool_monitor::eth_client[0m[2m:[0m 📨 Received WebSocket message: {"jsonrpc":"2.0","method":"eth_subscription","params":{"subscription":"0xbed0a0851463e895960a451075a301a9","result":"0x9f52c4385d31c9ad059da86f79ec3af7534f8567626d02ffa000ac5d0ebde91f"}}
[2m2025-12-10T10:13:45.170234Z[0m [34mDEBUG[0m [2methereum_transaction_pool_monitor::eth_client[0m[2m:[0m 📨 Received pending transaction: 0x9f52c4385d31c9ad059da86f79ec3af7534f8567626d02ffa000ac5d0ebde91f
[2m2025-12-10T10:13:45.170257Z[0m [34mDEBUG[0m [2mhyper::proto::h1::io[0m[2m:[0m parsed 4 headers
[2m2025-12-10T10:13:45.170263Z[0m [34mDEBUG[0m [2mhyper::proto::h1::conn[0m[2m:[0m incoming body is content-length (750 bytes)
[2m2025-12-10T10:13:45.170270Z[0m [34mDEBUG[0m [2mhyper::proto::h1::conn[0m[2m:[0m incoming body completed
[2m2025-12-10T10:13:45.170276Z[0m [34mDEBUG[0m [2mhyper::client::pool[0m[2m:[0m pooling idle connection for ("http", 192.168.0.14:8545)
[2m2025-12-10T10:13:45.170282Z[0m [34mDEBUG[0m [2methereum_transaction_pool_monitor::eth_client[0m[2m:[0m 📡 Transaction fetch RPC completed in 7.731916ms
[2m2025-12-10T10:13:45.170295Z[0m [34mDEBUG[0m [2methereum_transaction_pool_monitor::eth_client[0m[2m:[0m DeFi transaction detected - Address: 0xdac17f958d2ee523a2206206994597c13d831ec7, Type: Stablecoin, Value: 0 ETH, Gas: 0.18 Gwei
[2m2025-12-10T10:13:45.170308Z[0m [34mDEBUG[0m [2methereum_transaction_pool_monitor::eth_client[0m[2m:[0m ✅ Transaction 0xea32ff8a6b34dc618a5639db1a5184048dadb87bfccd3c70a6415e760a31f40f fetched and parsed in 7.757833ms
[2m2025-12-10T10:13:45.170313Z[0m [34mDEBUG[0m [2methereum_transaction_pool_monitor::mempool_monitor[0m[2m:[0m 🔍 Skipping tx 0xea32ff8a6b34dc618a5639db1a5184048dadb87bfccd3c70a6415e760a31f40f - not a DEX interaction (target: 0xdAC17F958D2ee523a2206206994597C13D831ec7)
[2m2025-12-10T10:13:45.170319Z[0m [34mDEBUG[0m [2methereum_transaction_pool_monitor::mempool_monitor[0m[2m:[0m 📨 Processing new pending transaction: 0xcaf81183e125aa089d65e50bf004b9d1723207a5dbeacfc575e88073ac85b785
[2m2025-12-10T10:13:45.170322Z[0m [34mDEBUG[0m [2methereum_transaction_pool_monitor::mempool_monitor[0m[2m:[0m 🔍 Fetching transaction details for: 0xcaf81183e125aa089d65e50bf004b9d1723207a5dbeacfc575e88073ac85b785
[2m2025-12-10T10:13:45.170325Z[0m [34mDEBUG[0m [2methereum_transaction_pool_monitor::eth_client[0m[2m:[0m 🔍 Fetching transaction details for hash: 0xcaf81183e125aa089d65e50bf004b9d1723207a5dbeacfc575e88073ac85b785
[2m2025-12-10T10:13:45.170335Z[0m [34mDEBUG[0m [2mhyper::client::pool[0m[2m:[0m reuse idle connection for ("http", 192.168.0.14:8545)
[2m2025-12-10T10:13:45.170350Z[0m [34mDEBUG[0m [2mhyper::proto::h1::io[0m[2m:[0m flushed 250 bytes
[2m2025-12-10T10:13:45.170357Z[0m [34mDEBUG[0m [2mhyper::proto::h1::io[0m[2m:[0m parsed 4 headers
[2m2025-12-10T10:13:45.170360Z[0m [34mDEBUG[0m [2mhyper::proto::h1::conn[0m[2m:[0m incoming body is content-length (45 bytes)
[2m2025-12-10T10:13:45.170363Z[0m [34mDEBUG[0m [2mhyper::proto::h1::conn[0m[2m:[0m incoming body completed
[2m2025-12-10T10:13:45.170375Z[0m [34mDEBUG[0m [2mhyper::client::pool[0m[2m:[0m pooling idle connection for ("http", 192.168.0.14:8545)
[2m2025-12-10T10:13:45.176796Z[0m [34mDEBUG[0m [2mhyper::proto::h1::io[0m[2m:[0m parsed 4 headers
[2m2025-12-10T10:13:45.176801Z[0m [34mDEBUG[0m [2mhyper::proto::h1::conn[0m[2m:[0m incoming body is content-length (719 bytes)
[2m2025-12-10T10:13:45.176805Z[0m [34mDEBUG[0m [2mhyper::proto::h1::conn[0m[2m:[0m incoming body completed
[2m2025-12-10T10:13:45.176809Z[0m [34mDEBUG[0m [2mhyper::client::pool[0m[2m:[0m pooling idle connection for ("http", 192.168.0.14:8545)
[2m2025-12-10T10:13:45.176813Z[0m [34mDEBUG[0m [2methereum_transaction_pool_monitor::eth_client[0m[2m:[0m 📡 Transaction fetch RPC completed in 6.483833ms
[2m2025-12-10T10:13:45.247644Z[0m [34mDEBUG[0m [2methereum_transaction_pool_monitor::eth_client[0m[2m:[0m ✅ Transaction 0xcaf81183e125aa089d65e50bf004b9d1723207a5dbeacfc575e88073ac85b785 fetched and parsed in 77.311875ms
[2m2025-12-10T10:13:45.247669Z[0m [34mDEBUG[0m [2methereum_transaction_pool_monitor::mempool_monitor[0m[2m:[0m 🔍 Skipping tx 0xcaf81183e125aa089d65e50bf004b9d1723207a5dbeacfc575e88073ac85b785 - not a DEX interaction (target: 0x63E8c787bcBe341D55328F656e93c2538da4639e)
[2m2025-12-10T10:13:45.247680Z[0m [34mDEBUG[0m [2methereum_transaction_pool_monitor::mempool_monitor[0m[2m:[0m 📨 Processing new pending transaction: 0x2859e12ed723aa19dc16f25761fdfeb98de1db2e9710ee1ce660ed5fcf0dceeb
[2m2025-12-10T10:13:45.247685Z[0m [34mDEBUG[0m [2methereum_transaction_pool_monitor::mempool_monitor[0m[2m:[0m 🔍 Fetching transaction details for: 0x2859e12ed723aa19dc16f25761fdfeb98de1db2e9710ee1ce660ed5fcf0dceeb
[2m2025-12-10T10:13:45.247690Z[0m [34mDEBUG[0m [2methereum_transaction_pool_monitor::eth_client[0m[2m:[0m 🔍 Fetching transaction details for hash: 0x2859e12ed723aa19dc16f25761fdfeb98de1db2e9710ee1ce660ed5fcf0dceeb
[2m2025-12-10T10:13:45.247714Z[0m [34mDEBUG[0m [2mhyper::client::pool[0m[2m:[0m reuse idle connection for ("http", 192.168.0.14:8545)
[2m2025-12-10T10:13:45.247758Z[0m [34mDEBUG[0m [2mhyper::proto::h1::io[0m[2m:[0m flushed 250 bytes
[2m2025-12-10T10:13:45.247779Z[0m [34mDEBUG[0m [2mhyper::client::pool[0m[2m:[0m reuse idle connection for ("http", 192.168.0.14:8545)
[2m2025-12-10T10:13:45.247791Z[0m [34mDEBUG[0m [2mhyper::proto::h1::io[0m[2m:[0m flushed 172 bytes
[2m2025-12-10T10:13:45.247829Z[0m [34mDEBUG[0m [2methereum_transaction_pool_monitor::eth_client[0m[2m:[0m 📨 Received WebSocket message: {"jsonrpc":"2.0","method":"eth_subscription","params":{"subscription":"0xbed0a0851463e895960a451075a301a9","result":"0x520d71b477be8dc7aada74c61c02ca42c5399d38461712d4d2984259000b1038"}}
[2m2025-12-10T10:13:45.247836Z[0m [34mDEBUG[0m [2methereum_transaction_pool_monitor::eth_client[0m[2m:[0m 📨 Received pending transaction: 0x520d71b477be8dc7aada74c61c02ca42c5399d38461712d4d2984259000b1038
[2m2025-12-10T10:13:45.247840Z[0m [34mDEBUG[0m [2methereum_transaction_pool_monitor::eth_client[0m[2m:[0m 📨 Received WebSocket message: {"jsonrpc":"2.0","method":"eth_subscription","params":{"subscription":"0xbed0a0851463e895960a451075a301a9","result":"0xa2343a30f58268dc4dc787c0dbeca3ea292d6753da6ae527ee04ad238cab9efe"}}
[2m2025-12-10T10:13:45.247844Z[0m [34mDEBUG[0m [2methereum_transaction_pool_monitor::eth_client[0m[2m:[0m 📨 Received pending transaction: 0xa2343a30f58268dc4dc787c0dbeca3ea292d6753da6ae527ee04ad238cab9efe
[2m2025-12-10T10:13:45.247847Z[0m [34mDEBUG[0m [2methereum_transaction_pool_monitor::eth_client[0m[2m:[0m 📨 Received WebSocket message: {"jsonrpc":"2.0","method":"eth_subscription","params":{"subscription":"0xbed0a0851463e895960a451075a301a9","result":"0xc0f085b947b4180dc288b68188b3372dfb551997d0bb4bb5b2d010eee09776c8"}}
[2m2025-12-10T10:13:45.247851Z[0m [34mDEBUG[0m [2methereum_transaction_pool_monitor::eth_client[0m[2m:[0m 📨 Received pending transaction: 0xc0f085b947b4180dc288b68188b3372dfb551997d0bb4bb5b2d010eee09776c8
[2m2025-12-10T10:13:45.253941Z[0m [34mDEBUG[0m [2mhyper::proto::h1::io[0m[2m:[0m parsed 4 headers
[2m2025-12-10T10:13:45.253945Z[0m [34mDEBUG[0m [2mhyper::proto::h1::conn[0m[2m:[0m incoming body is content-length (1042 bytes)
[2m2025-12-10T10:13:45.253950Z[0m [34mDEBUG[0m [2mhyper::proto::h1::conn[0m[2m:[0m incoming body completed
[2m2025-12-10T10:13:45.253956Z[0m [34mDEBUG[0m [2mhyper::client::pool[0m[2m:[0m pooling idle connection for ("http", 192.168.0.14:8545)
[2m2025-12-10T10:13:45.253961Z[0m [34mDEBUG[0m [2methereum_transaction_pool_monitor::eth_client[0m[2m:[0m 📡 Transaction fetch RPC completed in 6.267292ms
[2m2025-12-10T10:13:45.324223Z[0m [34mDEBUG[0m [2methereum_transaction_pool_monitor::eth_client[0m[2m:[0m ✅ Transaction 0x2859e12ed723aa19dc16f25761fdfeb98de1db2e9710ee1ce660ed5fcf0dceeb fetched and parsed in 76.527167ms
[2m2025-12-10T10:13:45.324244Z[0m [34mDEBUG[0m [2methereum_transaction_pool_monitor::mempool_monitor[0m[2m:[0m 🔍 Skipping tx 0x2859e12ed723aa19dc16f25761fdfeb98de1db2e9710ee1ce660ed5fcf0dceeb - not a DEX interaction (target: 0xfBd4cdB413E45a52E2C8312f670e9cE67E794C37)
[2m2025-12-10T10:13:45.324252Z[0m [34mDEBUG[0m [2methereum_transaction_pool_monitor::mempool_monitor[0m[2m:[0m 📨 Processing new pending transaction: 0x9d1d88c10819d1a45147f2a0d23349936e098609c509389d48c6603fafd993f4
[2m2025-12-10T10:13:45.324256Z[0m [34mDEBUG[0m [2methereum_transaction_pool_monitor::mempool_monitor[0m[2m:[0m 🔍 Fetching transaction details for: 0x9d1d88c10819d1a45147f2a0d23349936e098609c509389d48c6603fafd993f4
[2m2025-12-10T10:13:45.324260Z[0m [34mDEBUG[0m [2methereum_transaction_pool_monitor::eth_client[0m[2m:[0m 🔍 Fetching transaction details for hash: 0x9d1d88c10819d1a45147f2a0d23349936e098609c509389d48c6603fafd993f4
[2m2025-12-10T10:13:45.324278Z[0m [34mDEBUG[0m [2mhyper::client::pool[0m[2m:[0m reuse idle connection for ("http", 192.168.0.14:8545)
[2m2025-12-10T10:13:45.324317Z[0m [34mDEBUG[0m [2mhyper::proto::h1::io[0m[2m:[0m flushed 250 bytes
[2m2025-12-10T10:13:45.324338Z[0m [34mDEBUG[0m [2methereum_transaction_pool_monitor::eth_client[0m[2m:[0m 📨 Received WebSocket message: {"jsonrpc":"2.0","method":"eth_subscription","params":{"subscription":"0xbed0a0851463e895960a451075a301a9","result":"0xfd3449d5554e848b2ce5bc21d0e8f21c790905106faa77fa47e60ee5d3d1243e"}}
[2m2025-12-10T10:13:45.324345Z[0m [34mDEBUG[0m [2methereum_transaction_pool_monitor::eth_client[0m[2m:[0m 📨 Received pending transaction: 0xfd3449d5554e848b2ce5bc21d0e8f21c790905106faa77fa47e60ee5d3d1243e
[2m2025-12-10T10:13:45.324384Z[0m [34mDEBUG[0m [2mhyper::proto::h1::io[0m[2m:[0m parsed 4 headers
[2m2025-12-10T10:13:45.324388Z[0m [34mDEBUG[0m [2mhyper::proto::h1::conn[0m[2m:[0m incoming body is content-length (45 bytes)
[2m2025-12-10T10:13:45.324394Z[0m [34mDEBUG[0m [2mhyper::proto::h1::conn[0m[2m:[0m incoming body completed
[2m2025-12-10T10:13:45.324400Z[0m [34mDEBUG[0m [2mhyper::client::pool[0m[2m:[0m pooling idle connection for ("http", 192.168.0.14:8545)
[2m2025-12-10T10:13:45.324413Z[0m [34mDEBUG[0m [2mhyper::client::pool[0m[2m:[0m reuse idle connection for ("http", 192.168.0.14:8545)
[2m2025-12-10T10:13:45.324425Z[0m [34mDEBUG[0m [2mhyper::proto::h1::io[0m[2m:[0m flushed 172 bytes
[2m2025-12-10T10:13:45.327973Z[0m [34mDEBUG[0m [2mhyper::proto::h1::io[0m[2m:[0m parsed 4 headers
[2m2025-12-10T10:13:45.327977Z[0m [34mDEBUG[0m [2mhyper::proto::h1::conn[0m[2m:[0m incoming body is content-length (3470 bytes)
[2m2025-12-10T10:13:45.327985Z[0m [34mDEBUG[0m [2methereum_transaction_pool_monitor::eth_client[0m[2m:[0m 📡 Transaction fetch RPC completed in 3.72075ms
[2m2025-12-10T10:13:45.331491Z[0m [34mDEBUG[0m [2mhyper::proto::h1::conn[0m[2m:[0m incoming body completed
[2m2025-12-10T10:13:45.331497Z[0m [34mDEBUG[0m [2mhyper::client::pool[0m[2m:[0m pooling idle connection for ("http", 192.168.0.14:8545)
[2m2025-12-10T10:13:45.331571Z[0m [34mDEBUG[0m [2mhyper::proto::h1::io[0m[2m:[0m parsed 4 headers
[2m2025-12-10T10:13:45.331577Z[0m [34mDEBUG[0m [2mhyper::proto::h1::conn[0m[2m:[0m incoming body is content-length (45 bytes)
[2m2025-12-10T10:13:45.331581Z[0m [34mDEBUG[0m [2mhyper::proto::h1::conn[0m[2m:[0m incoming body completed
[2m2025-12-10T10:13:45.331586Z[0m [34mDEBUG[0m [2mhyper::client::pool[0m[2m:[0m pooling idle connection for ("http", 192.168.0.14:8545)
[2m2025-12-10T10:13:45.399005Z[0m [34mDEBUG[0m [2mhyper::client::pool[0m[2m:[0m reuse idle connection for ("http", 192.168.0.14:8545)
[2m2025-12-10T10:13:45.399062Z[0m [34mDEBUG[0m [2mhyper::proto::h1::io[0m[2m:[0m flushed 172 bytes
[2m2025-12-10T10:13:45.402126Z[0m [34mDEBUG[0m [2mhyper::proto::h1::io[0m[2m:[0m parsed 4 headers
[2m2025-12-10T10:13:45.402133Z[0m [34mDEBUG[0m [2mhyper::proto::h1::conn[0m[2m:[0m incoming body is content-length (45 bytes)
[2m2025-12-10T10:13:45.402139Z[0m [34mDEBUG[0m [2mhyper::proto::h1::conn[0m[2m:[0m incoming body completed
[2m2025-12-10T10:13:45.402147Z[0m [34mDEBUG[0m [2mhyper::client::pool[0m[2m:[0m pooling idle connection for ("http", 192.168.0.14:8545)
[2m2025-12-10T10:13:45.403715Z[0m [34mDEBUG[0m [2methereum_transaction_pool_monitor::eth_client[0m[2m:[0m ✅ Transaction 0x9d1d88c10819d1a45147f2a0d23349936e098609c509389d48c6603fafd993f4 fetched and parsed in 79.449583ms
[2m2025-12-10T10:13:45.403724Z[0m [34mDEBUG[0m [2methereum_transaction_pool_monitor::mempool_monitor[0m[2m:[0m 🔍 Skipping tx 0x9d1d88c10819d1a45147f2a0d23349936e098609c509389d48c6603fafd993f4 - not a DEX interaction (target: 0x3BF1972F51FB148a3d2AcD181188795586F37B98)
[2m2025-12-10T10:13:45.403732Z[0m [34mDEBUG[0m [2methereum_transaction_pool_monitor::mempool_monitor[0m[2m:[0m 📨 Processing new pending transaction: 0x09108cff0e0ed8036cf2b7fc13cc94fa7eccbc32afcee5284c83dfeabe41774e
[2m2025-12-10T10:13:45.403736Z[0m [34mDEBUG[0m [2methereum_transaction_pool_monitor::mempool_monitor[0m[2m:[0m 🔍 Fetching transaction details for: 0x09108cff0e0ed8036cf2b7fc13cc94fa7eccbc32afcee5284c83dfeabe41774e
[2m2025-12-10T10:13:45.403740Z[0m [34mDEBUG[0m [2methereum_transaction_pool_monitor::eth_client[0m[2m:[0m 🔍 Fetching transaction details for hash: 0x09108cff0e0ed8036cf2b7fc13cc94fa7eccbc32afcee5284c83dfeabe41774e
[2m2025-12-10T10:13:45.403751Z[0m [34mDEBUG[0m [2mhyper::client::pool[0m[2m:[0m reuse idle connection for ("http", 192.168.0.14:8545)
[2m2025-12-10T10:13:45.403776Z[0m [34mDEBUG[0m [2mhyper::proto::h1::io[0m[2m:[0m flushed 250 bytes
[2m2025-12-10T10:13:45.406862Z[0m [34mDEBUG[0m [2mhyper::proto::h1::io[0m[2m:[0m parsed 4 headers
[2m2025-12-10T10:13:45.406866Z[0m [34mDEBUG[0m [2mhyper::proto::h1::conn[0m[2m:[0m incoming body is content-length (712 bytes)
[2m2025-12-10T10:13:45.406870Z[0m [34mDEBUG[0m [2mhyper::proto::h1::conn[0m[2m:[0m incoming body completed
[2m2025-12-10T10:13:45.406875Z[0m [34mDEBUG[0m [2mhyper::client::pool[0m[2m:[0m pooling idle connection for ("http", 192.168.0.14:8545)
[2m2025-12-10T10:13:45.406879Z[0m [34mDEBUG[0m [2methereum_transaction_pool_monitor::eth_client[0m[2m:[0m 📡 Transaction fetch RPC completed in 3.135625ms
[2m2025-12-10T10:13:45.478898Z[0m [34mDEBUG[0m [2methereum_transaction_pool_monitor::eth_client[0m[2m:[0m ✅ Transaction 0x09108cff0e0ed8036cf2b7fc13cc94fa7eccbc32afcee5284c83dfeabe41774e fetched and parsed in 75.152417ms
[2m2025-12-10T10:13:45.478918Z[0m [34mDEBUG[0m [2methereum_transaction_pool_monitor::mempool_monitor[0m[2m:[0m 🔍 Skipping tx 0x09108cff0e0ed8036cf2b7fc13cc94fa7eccbc32afcee5284c83dfeabe41774e - not a DEX interaction (target: 0x1e6e6856A6Ac7237f839c055E78Fc647ef6Fb458)
[2m2025-12-10T10:13:45.478927Z[0m [34mDEBUG[0m [2methereum_transaction_pool_monitor::mempool_monitor[0m[2m:[0m 📨 Processing new pending transaction: 0xf0578560cb3b03b7b1b53f7453cc71b09b68f657bef83849c64fa3558a66efea
[2m2025-12-10T10:13:45.478938Z[0m [34mDEBUG[0m [2methereum_transaction_pool_monitor::mempool_monitor[0m[2m:[0m 🔍 Fetching transaction details for: 0xf0578560cb3b03b7b1b53f7453cc71b09b68f657bef83849c64fa3558a66efea
[2m2025-12-10T10:13:45.478944Z[0m [34mDEBUG[0m [2methereum_transaction_pool_monitor::eth_client[0m[2m:[0m 🔍 Fetching transaction details for hash: 0xf0578560cb3b03b7b1b53f7453cc71b09b68f657bef83849c64fa3558a66efea
[2m2025-12-10T10:13:45.478961Z[0m [34mDEBUG[0m [2mhyper::client::pool[0m[2m:[0m reuse idle connection for ("http", 192.168.0.14:8545)
[2m2025-12-10T10:13:45.478996Z[0m [34mDEBUG[0m [2mhyper::proto::h1::io[0m[2m:[0m flushed 250 bytes
[2m2025-12-10T10:13:45.479014Z[0m [34mDEBUG[0m [2methereum_transaction_pool_monitor::eth_client[0m[2m:[0m 📨 Received WebSocket message: {"jsonrpc":"2.0","method":"eth_subscription","params":{"subscription":"0xbed0a0851463e895960a451075a301a9","result":"0x1f2043e93a4cbbdf8bd20a4360951fccee4894b3bb9ffbd55de6d11b23c975f5"}}
[2m2025-12-10T10:13:45.479021Z[0m [34mDEBUG[0m [2methereum_transaction_pool_monitor::eth_client[0m[2m:[0m 📨 Received pending transaction: 0x1f2043e93a4cbbdf8bd20a4360951fccee4894b3bb9ffbd55de6d11b23c975f5
[2m2025-12-10T10:13:45.482246Z[0m [34mDEBUG[0m [2mhyper::proto::h1::io[0m[2m:[0m parsed 4 headers
[2m2025-12-10T10:13:45.482250Z[0m [34mDEBUG[0m [2mhyper::proto::h1::conn[0m[2m:[0m incoming body is content-length (5003 bytes)
[2m2025-12-10T10:13:45.482261Z[0m [34mDEBUG[0m [2methereum_transaction_pool_monitor::eth_client[0m[2m:[0m 📡 Transaction fetch RPC completed in 3.313167ms
[2m2025-12-10T10:13:45.484099Z[0m [34mDEBUG[0m [2mhyper::proto::h1::conn[0m[2m:[0m incoming body completed
[2m2025-12-10T10:13:45.484106Z[0m [34mDEBUG[0m [2mhyper::client::pool[0m[2m:[0m pooling idle connection for ("http", 192.168.0.14:8545)
[2m2025-12-10T10:13:45.499155Z[0m [34mDEBUG[0m [2mhyper::client::pool[0m[2m:[0m reuse idle connection for ("http", 192.168.0.14:8545)
[2m2025-12-10T10:13:45.499274Z[0m [34mDEBUG[0m [2mhyper::proto::h1::io[0m[2m:[0m flushed 172 bytes
[2m2025-12-10T10:13:45.502239Z[0m [34mDEBUG[0m [2mhyper::proto::h1::io[0m[2m:[0m parsed 4 headers
[2m2025-12-10T10:13:45.502250Z[0m [34mDEBUG[0m [2mhyper::proto::h1::conn[0m[2m:[0m incoming body is content-length (45 bytes)
[2m2025-12-10T10:13:45.502256Z[0m [34mDEBUG[0m [2mhyper::proto::h1::conn[0m[2m:[0m incoming body completed
[2m2025-12-10T10:13:45.502264Z[0m [34mDEBUG[0m [2mhyper::client::pool[0m[2m:[0m pooling idle connection for ("http", 192.168.0.14:8545)
[2m2025-12-10T10:13:45.554355Z[0m [34mDEBUG[0m [2methereum_transaction_pool_monitor::eth_client[0m[2m:[0m ✅ Transaction 0xf0578560cb3b03b7b1b53f7453cc71b09b68f657bef83849c64fa3558a66efea fetched and parsed in 75.404959ms
[2m2025-12-10T10:13:45.554375Z[0m [34mDEBUG[0m [2methereum_transaction_pool_monitor::mempool_monitor[0m[2m:[0m 🔍 Skipping tx 0xf0578560cb3b03b7b1b53f7453cc71b09b68f657bef83849c64fa3558a66efea - not a DEX interaction (target: 0xb300000b72DEAEb607a12d5f54773D1C19c7028d)
[2m2025-12-10T10:13:45.554384Z[0m [34mDEBUG[0m [2methereum_transaction_pool_monitor::mempool_monitor[0m[2m:[0m 📨 Processing new pending transaction: 0x09a4b3694dae844503f7cbca9674259e2112d47dd5b574509b29551ca6bf05ef
[2m2025-12-10T10:13:45.554389Z[0m [34mDEBUG[0m [2methereum_transaction_pool_monitor::mempool_monitor[0m[2m:[0m 🔍 Fetching transaction details for: 0x09a4b3694dae844503f7cbca9674259e2112d47dd5b574509b29551ca6bf05ef
[2m2025-12-10T10:13:45.554396Z[0m [34mDEBUG[0m [2methereum_transaction_pool_monitor::eth_client[0m[2m:[0m 🔍 Fetching transaction details for hash: 0x09a4b3694dae844503f7cbca9674259e2112d47dd5b574509b29551ca6bf05ef
[2m2025-12-10T10:13:45.554413Z[0m [34mDEBUG[0m [2mhyper::client::pool[0m[2m:[0m reuse idle connection for ("http", 192.168.0.14:8545)
[2m2025-12-10T10:13:45.554458Z[0m [34mDEBUG[0m [2mhyper::proto::h1::io[0m[2m:[0m flushed 250 bytes
[2m2025-12-10T10:13:45.559935Z[0m [34mDEBUG[0m [2mhyper::proto::h1::io[0m[2m:[0m parsed 4 headers
[2m2025-12-10T10:13:45.559940Z[0m [34mDEBUG[0m [2mhyper::proto::h1::conn[0m[2m:[0m incoming body is content-length (1136 bytes)
[2m2025-12-10T10:13:45.559946Z[0m [34mDEBUG[0m [2mhyper::proto::h1::conn[0m[2m:[0m incoming body completed
[2m2025-12-10T10:13:45.559954Z[0m [34mDEBUG[0m [2mhyper::client::pool[0m[2m:[0m pooling idle connection for ("http", 192.168.0.14:8545)
[2m2025-12-10T10:13:45.559959Z[0m [34mDEBUG[0m [2methereum_transaction_pool_monitor::eth_client[0m[2m:[0m 📡 Transaction fetch RPC completed in 5.55925ms
[2m2025-12-10T10:13:45.631277Z[0m [34mDEBUG[0m [2methereum_transaction_pool_monitor::eth_client[0m[2m:[0m ✅ Transaction 0x09a4b3694dae844503f7cbca9674259e2112d47dd5b574509b29551ca6bf05ef fetched and parsed in 76.874666ms
[2m2025-12-10T10:13:45.631296Z[0m [34mDEBUG[0m [2methereum_transaction_pool_monitor::mempool_monitor[0m[2m:[0m 🔍 Skipping tx 0x09a4b3694dae844503f7cbca9674259e2112d47dd5b574509b29551ca6bf05ef - not a DEX interaction (target: 0xA2De31EB9E3AC611d6ED4C0F778F07c36f142989)
[2m2025-12-10T10:13:45.631304Z[0m [34mDEBUG[0m [2methereum_transaction_pool_monitor::mempool_monitor[0m[2m:[0m 📨 Processing new pending transaction: 0xc6722e7560f0ca4ba700bae57a0500adfc5a64883361ad82b1c9a23c884bbc48
[2m2025-12-10T10:13:45.631309Z[0m [34mDEBUG[0m [2methereum_transaction_pool_monitor::mempool_monitor[0m[2m:[0m 🔍 Fetching transaction details for: 0xc6722e7560f0ca4ba700bae57a0500adfc5a64883361ad82b1c9a23c884bbc48
[2m2025-12-10T10:13:45.631313Z[0m [34mDEBUG[0m [2methereum_transaction_pool_monitor::eth_client[0m[2m:[0m 🔍 Fetching transaction details for hash: 0xc6722e7560f0ca4ba700bae57a0500adfc5a64883361ad82b1c9a23c884bbc48
[2m2025-12-10T10:13:45.631333Z[0m [34mDEBUG[0m [2mhyper::client::pool[0m[2m:[0m reuse idle connection for ("http", 192.168.0.14:8545)
[2m2025-12-10T10:13:45.631366Z[0m [34mDEBUG[0m [2mhyper::proto::h1::io[0m[2m:[0m flushed 250 bytes
[2m2025-12-10T10:13:45.631392Z[0m [34mDEBUG[0m [2mhyper::client::pool[0m[2m:[0m reuse idle connection for ("http", 192.168.0.14:8545)
[2m2025-12-10T10:13:45.631406Z[0m [34mDEBUG[0m [2mhyper::proto::h1::io[0m[2m:[0m flushed 172 bytes
[2m2025-12-10T10:13:45.634414Z[0m [34mDEBUG[0m [2mhyper::proto::h1::io[0m[2m:[0m parsed 4 headers
[2m2025-12-10T10:13:45.634418Z[0m [34mDEBUG[0m [2mhyper::proto::h1::conn[0m[2m:[0m incoming body is content-length (45 bytes)
[2m2025-12-10T10:13:45.634425Z[0m [34mDEBUG[0m [2mhyper::proto::h1::conn[0m[2m:[0m incoming body completed
[2m2025-12-10T10:13:45.634431Z[0m [34mDEBUG[0m [2mhyper::client::pool[0m[2m:[0m pooling idle connection for ("http", 192.168.0.14:8545)
[2m2025-12-10T10:13:45.640455Z[0m [34mDEBUG[0m [2mhyper::proto::h1::io[0m[2m:[0m parsed 4 headers
[2m2025-12-10T10:13:45.640460Z[0m [34mDEBUG[0m [2mhyper::proto::h1::conn[0m[2m:[0m incoming body is content-length (763 bytes)
[2m2025-12-10T10:13:45.640465Z[0m [34mDEBUG[0m [2mhyper::proto::h1::conn[0m[2m:[0m incoming body completed
[2m2025-12-10T10:13:45.640470Z[0m [34mDEBUG[0m [2mhyper::client::pool[0m[2m:[0m pooling idle connection for ("http", 192.168.0.14:8545)
[2m2025-12-10T10:13:45.640475Z[0m [34mDEBUG[0m [2methereum_transaction_pool_monitor::eth_client[0m[2m:[0m 📡 Transaction fetch RPC completed in 9.157583ms
[2m2025-12-10T10:13:45.640487Z[0m [34mDEBUG[0m [2methereum_transaction_pool_monitor::eth_client[0m[2m:[0m DeFi transaction detected - Address: 0xdac17f958d2ee523a2206206994597c13d831ec7, Type: Stablecoin, Value: 0 ETH, Gas: 0.33 Gwei
[2m2025-12-10T10:13:45.640497Z[0m [34mDEBUG[0m [2methereum_transaction_pool_monitor::eth_client[0m[2m:[0m ✅ Transaction 0xc6722e7560f0ca4ba700bae57a0500adfc5a64883361ad82b1c9a23c884bbc48 fetched and parsed in 9.179666ms
[2m2025-12-10T10:13:45.640502Z[0m [34mDEBUG[0m [2methereum_transaction_pool_monitor::mempool_monitor[0m[2m:[0m 🔍 Skipping tx 0xc6722e7560f0ca4ba700bae57a0500adfc5a64883361ad82b1c9a23c884bbc48 - not a DEX interaction (target: 0xdAC17F958D2ee523a2206206994597C13D831ec7)
[2m2025-12-10T10:13:45.640511Z[0m [34mDEBUG[0m [2methereum_transaction_pool_monitor::mempool_monitor[0m[2m:[0m 📨 Processing new pending transaction: 0xbc5378aac4a14a52f2a26ab5b6a4e9ae56d02a8e08785e6c220c02d2ec4beb17
[2m2025-12-10T10:13:45.640514Z[0m [34mDEBUG[0m [2methereum_transaction_pool_monitor::mempool_monitor[0m[2m:[0m 🔍 Fetching transaction details for: 0xbc5378aac4a14a52f2a26ab5b6a4e9ae56d02a8e08785e6c220c02d2ec4beb17
[2m2025-12-10T10:13:45.640517Z[0m [34mDEBUG[0m [2methereum_transaction_pool_monitor::eth_client[0m[2m:[0m 🔍 Fetching transaction details for hash: 0xbc5378aac4a14a52f2a26ab5b6a4e9ae56d02a8e08785e6c220c02d2ec4beb17
[2m2025-12-10T10:13:45.640525Z[0m [34mDEBUG[0m [2mhyper::client::pool[0m[2m:[0m reuse idle connection for ("http", 192.168.0.14:8545)
[2m2025-12-10T10:13:45.640538Z[0m [34mDEBUG[0m [2mhyper::proto::h1::io[0m[2m:[0m flushed 250 bytes
[2m2025-12-10T10:13:45.643062Z[0m [34mDEBUG[0m [2methereum_transaction_pool_monitor::eth_client[0m[2m:[0m 📨 Received WebSocket message: {"jsonrpc":"2.0","method":"eth_subscription","params":{"subscription":"0xbed0a0851463e895960a451075a301a9","result":"0x9b259174138f5c8a6f628344b93ec97dc205e54d4a99d89971b24dbac38fd379"}}
[2m2025-12-10T10:13:45.643069Z[0m [34mDEBUG[0m [2methereum_transaction_pool_monitor::eth_client[0m[2m:[0m 📨 Received pending transaction: 0x9b259174138f5c8a6f628344b93ec97dc205e54d4a99d89971b24dbac38fd379
[2m2025-12-10T10:13:45.645061Z[0m [34mDEBUG[0m [2mhyper::proto::h1::io[0m[2m:[0m parsed 4 headers
[2m2025-12-10T10:13:45.645067Z[0m [34mDEBUG[0m [2mhyper::proto::h1::conn[0m[2m:[0m incoming body is content-length (3848 bytes)
[2m2025-12-10T10:13:45.645077Z[0m [34mDEBUG[0m [2methereum_transaction_pool_monitor::eth_client[0m[2m:[0m 📡 Transaction fetch RPC completed in 4.557083ms
[2m2025-12-10T10:13:45.646305Z[0m [34mDEBUG[0m [2mhyper::proto::h1::conn[0m[2m:[0m incoming body completed
[2m2025-12-10T10:13:45.646314Z[0m [34mDEBUG[0m [2mhyper::client::pool[0m[2m:[0m pooling idle connection for ("http", 192.168.0.14:8545)
[2m2025-12-10T10:13:45.699852Z[0m [34mDEBUG[0m [2mhyper::client::pool[0m[2m:[0m reuse idle connection for ("http", 192.168.0.14:8545)
[2m2025-12-10T10:13:45.699914Z[0m [34mDEBUG[0m [2mhyper::proto::h1::io[0m[2m:[0m flushed 172 bytes
[2m2025-12-10T10:13:45.703016Z[0m [34mDEBUG[0m [2mhyper::proto::h1::io[0m[2m:[0m parsed 4 headers
[2m2025-12-10T10:13:45.703022Z[0m [34mDEBUG[0m [2mhyper::proto::h1::conn[0m[2m:[0m incoming body is content-length (45 bytes)
[2m2025-12-10T10:13:45.703028Z[0m [34mDEBUG[0m [2mhyper::proto::h1::conn[0m[2m:[0m incoming body completed
[2m2025-12-10T10:13:45.703035Z[0m [34mDEBUG[0m [2mhyper::client::pool[0m[2m:[0m pooling idle connection for ("http", 192.168.0.14:8545)
[2m2025-12-10T10:13:45.718648Z[0m [34mDEBUG[0m [2methereum_transaction_pool_monitor::eth_client[0m[2m:[0m ✅ Transaction 0xbc5378aac4a14a52f2a26ab5b6a4e9ae56d02a8e08785e6c220c02d2ec4beb17 fetched and parsed in 78.126ms
[2m2025-12-10T10:13:45.718666Z[0m [34mDEBUG[0m [2methereum_transaction_pool_monitor::mempool_monitor[0m[2m:[0m 🔍 Skipping tx 0xbc5378aac4a14a52f2a26ab5b6a4e9ae56d02a8e08785e6c220c02d2ec4beb17 - not a DEX interaction (target: 0x047669eBB4EC165d2Bd5E78706E9aede04BF095a)
[2m2025-12-10T10:13:45.718676Z[0m [34mDEBUG[0m [2methereum_transaction_pool_monitor::mempool_monitor[0m[2m:[0m 📨 Processing new pending transaction: 0xeb0d1cf567fff7df5c595f0f7154523a2dea4f4188052c0fc3263581d6892bbb
[2m2025-12-10T10:13:45.718683Z[0m [34mDEBUG[0m [2methereum_transaction_pool_monitor::mempool_monitor[0m[2m:[0m 🔍 Fetching transaction details for: 0xeb0d1cf567fff7df5c595f0f7154523a2dea4f4188052c0fc3263581d6892bbb
[2m2025-12-10T10:13:45.718689Z[0m [34mDEBUG[0m [2methereum_transaction_pool_monitor::eth_client[0m[2m:[0m 🔍 Fetching transaction details for hash: 0xeb0d1cf567fff7df5c595f0f7154523a2dea4f4188052c0fc3263581d6892bbb
[2m2025-12-10T10:13:45.718876Z[0m [34mDEBUG[0m [2mhyper::client::pool[0m[2m:[0m reuse idle connection for ("http", 192.168.0.14:8545)
[2m2025-12-10T10:13:45.718903Z[0m [34mDEBUG[0m [2mhyper::proto::h1::io[0m[2m:[0m flushed 250 bytes
[2m2025-12-10T10:13:45.723863Z[0m [34mDEBUG[0m [2mhyper::proto::h1::io[0m[2m:[0m parsed 4 headers
[2m2025-12-10T10:13:45.723867Z[0m [34mDEBUG[0m [2mhyper::proto::h1::conn[0m[2m:[0m incoming body is content-length (4364 bytes)
[2m2025-12-10T10:13:45.723877Z[0m [34mDEBUG[0m [2methereum_transaction_pool_monitor::eth_client[0m[2m:[0m 📡 Transaction fetch RPC completed in 5.012541ms
[2m2025-12-10T10:13:45.725461Z[0m [34mDEBUG[0m [2mhyper::proto::h1::conn[0m[2m:[0m incoming body completed
[2m2025-12-10T10:13:45.725468Z[0m [34mDEBUG[0m [2mhyper::client::pool[0m[2m:[0m pooling idle connection for ("http", 192.168.0.14:8545)
[2m2025-12-10T10:13:45.797697Z[0m [34mDEBUG[0m [2methereum_transaction_pool_monitor::eth_client[0m[2m:[0m ✅ Transaction 0xeb0d1cf567fff7df5c595f0f7154523a2dea4f4188052c0fc3263581d6892bbb fetched and parsed in 78.829541ms
[2m2025-12-10T10:13:45.799285Z[0m [34mDEBUG[0m [2mhyper::client::pool[0m[2m:[0m reuse idle connection for ("http", 192.168.0.14:8545)
[2m2025-12-10T10:13:45.799425Z[0m [34mDEBUG[0m [2methereum_transaction_pool_monitor::mempool_monitor[0m[2m:[0m 🔍 Skipping tx 0xeb0d1cf567fff7df5c595f0f7154523a2dea4f4188052c0fc3263581d6892bbb - not a DEX interaction (target: 0xF6801D319497789f934ec7F83E142a9536312B08)
[2m2025-12-10T10:13:45.799438Z[0m [34mDEBUG[0m [2methereum_transaction_pool_monitor::mempool_monitor[0m[2m:[0m 📨 Processing new pending transaction: 0xc16cd72be93fb01d833fb295cf5f3322eb4f21e17e6a3d72776283e84050238c
[2m2025-12-10T10:13:45.799443Z[0m [34mDEBUG[0m [2methereum_transaction_pool_monitor::mempool_monitor[0m[2m:[0m 🔍 Fetching transaction details for: 0xc16cd72be93fb01d833fb295cf5f3322eb4f21e17e6a3d72776283e84050238c
[2m2025-12-10T10:13:45.799449Z[0m [34mDEBUG[0m [2methereum_transaction_pool_monitor::eth_client[0m[2m:[0m 🔍 Fetching transaction details for hash: 0xc16cd72be93fb01d833fb295cf5f3322eb4f21e17e6a3d72776283e84050238c
[2m2025-12-10T10:13:45.799460Z[0m [34mDEBUG[0m [2mhyper::client::pool[0m[2m:[0m reuse idle connection for ("http", 192.168.0.14:8545)
[2m2025-12-10T10:13:45.799484Z[0m [34mDEBUG[0m [2mhyper::proto::h1::io[0m[2m:[0m flushed 250 bytes
[2m2025-12-10T10:13:45.799484Z[0m [34mDEBUG[0m [2mhyper::proto::h1::io[0m[2m:[0m flushed 172 bytes
[2m2025-12-10T10:13:45.803216Z[0m [34mDEBUG[0m [2mhyper::proto::h1::io[0m[2m:[0m parsed 4 headers
[2m2025-12-10T10:13:45.803220Z[0m [34mDEBUG[0m [2mhyper::proto::h1::conn[0m[2m:[0m incoming body is content-length (45 bytes)
[2m2025-12-10T10:13:45.803226Z[0m [34mDEBUG[0m [2mhyper::proto::h1::conn[0m[2m:[0m incoming body completed
[2m2025-12-10T10:13:45.803232Z[0m [34mDEBUG[0m [2mhyper::client::pool[0m[2m:[0m pooling idle connection for ("http", 192.168.0.14:8545)
[2m2025-12-10T10:13:45.804447Z[0m [34mDEBUG[0m [2mhyper::proto::h1::io[0m[2m:[0m parsed 4 headers
[2m2025-12-10T10:13:45.804451Z[0m [34mDEBUG[0m [2mhyper::proto::h1::conn[0m[2m:[0m incoming body is content-length (765 bytes)
[2m2025-12-10T10:13:45.804454Z[0m [34mDEBUG[0m [2mhyper::proto::h1::conn[0m[2m:[0m incoming body completed
[2m2025-12-10T10:13:45.804458Z[0m [34mDEBUG[0m [2mhyper::client::pool[0m[2m:[0m pooling idle connection for ("http", 192.168.0.14:8545)
[2m2025-12-10T10:13:45.804463Z[0m [34mDEBUG[0m [2methereum_transaction_pool_monitor::eth_client[0m[2m:[0m 📡 Transaction fetch RPC completed in 5.007584ms
[2m2025-12-10T10:13:45.804473Z[0m [34mDEBUG[0m [2methereum_transaction_pool_monitor::eth_client[0m[2m:[0m DeFi transaction detected - Address: 0xdac17f958d2ee523a2206206994597c13d831ec7, Type: Stablecoin, Value: 0 ETH, Gas: 0.22 Gwei
[2m2025-12-10T10:13:45.804491Z[0m [34mDEBUG[0m [2methereum_transaction_pool_monitor::eth_client[0m[2m:[0m ✅ Transaction 0xc16cd72be93fb01d833fb295cf5f3322eb4f21e17e6a3d72776283e84050238c fetched and parsed in 5.0365ms
[2m2025-12-10T10:13:45.804496Z[0m [34mDEBUG[0m [2methereum_transaction_pool_monitor::mempool_monitor[0m[2m:[0m 🔍 Skipping tx 0xc16cd72be93fb01d833fb295cf5f3322eb4f21e17e6a3d72776283e84050238c - not a DEX interaction (target: 0xdAC17F958D2ee523a2206206994597C13D831ec7)
[2m2025-12-10T10:13:45.804502Z[0m [34mDEBUG[0m [2methereum_transaction_pool_monitor::mempool_monitor[0m[2m:[0m 📨 Processing new pending transaction: 0xb5d4abab3705ce0c5d6304b28d4430a896388ba9d27d48243c0464fe523b157f
[2m2025-12-10T10:13:45.804505Z[0m [34mDEBUG[0m [2methereum_transaction_pool_monitor::mempool_monitor[0m[2m:[0m 🔍 Fetching transaction details for: 0xb5d4abab3705ce0c5d6304b28d4430a896388ba9d27d48243c0464fe523b157f
[2m2025-12-10T10:13:45.804507Z[0m [34mDEBUG[0m [2methereum_transaction_pool_monitor::eth_client[0m[2m:[0m 🔍 Fetching transaction details for hash: 0xb5d4abab3705ce0c5d6304b28d4430a896388ba9d27d48243c0464fe523b157f
[2m2025-12-10T10:13:45.804513Z[0m [34mDEBUG[0m [2mhyper::client::pool[0m[2m:[0m reuse idle connection for ("http", 192.168.0.14:8545)
[2m2025-12-10T10:13:45.804527Z[0m [34mDEBUG[0m [2mhyper::proto::h1::io[0m[2m:[0m flushed 250 bytes
[2m2025-12-10T10:13:45.810111Z[0m [34mDEBUG[0m [2mhyper::proto::h1::io[0m[2m:[0m parsed 4 headers
[2m2025-12-10T10:13:45.810115Z[0m [34mDEBUG[0m [2mhyper::proto::h1::conn[0m[2m:[0m incoming body is content-length (772 bytes)
[2m2025-12-10T10:13:45.810118Z[0m [34mDEBUG[0m [2mhyper::proto::h1::conn[0m[2m:[0m incoming body completed
[2m2025-12-10T10:13:45.810122Z[0m [34mDEBUG[0m [2mhyper::client::pool[0m[2m:[0m pooling idle connection for ("http", 192.168.0.14:8545)
[2m2025-12-10T10:13:45.810125Z[0m [34mDEBUG[0m [2methereum_transaction_pool_monitor::eth_client[0m[2m:[0m 📡 Transaction fetch RPC completed in 5.614625ms
[2m2025-12-10T10:13:45.810133Z[0m [34mDEBUG[0m [2methereum_transaction_pool_monitor::eth_client[0m[2m:[0m DeFi transaction detected - Address: 0xdac17f958d2ee523a2206206994597c13d831ec7, Type: Stablecoin, Value: 0 ETH, Gas: 2.24 Gwei
[2m2025-12-10T10:13:45.810140Z[0m [34mDEBUG[0m [2methereum_transaction_pool_monitor::eth_client[0m[2m:[0m ✅ Transaction 0xb5d4abab3705ce0c5d6304b28d4430a896388ba9d27d48243c0464fe523b157f fetched and parsed in 5.630125ms
[2m2025-12-10T10:13:45.810144Z[0m [34mDEBUG[0m [2methereum_transaction_pool_monitor::mempool_monitor[0m[2m:[0m 🔍 Skipping tx 0xb5d4abab3705ce0c5d6304b28d4430a896388ba9d27d48243c0464fe523b157f - not a DEX interaction (target: 0xdAC17F958D2ee523a2206206994597C13D831ec7)
[2m2025-12-10T10:13:45.810148Z[0m [34mDEBUG[0m [2methereum_transaction_pool_monitor::mempool_monitor[0m[2m:[0m 📨 Processing new pending transaction: 0x1a842bf8f8689523a4200dad135ed0c2a566b595fdd50b6ce5dc96e8d2cb3ad2
[2m2025-12-10T10:13:45.810151Z[0m [34mDEBUG[0m [2methereum_transaction_pool_monitor::mempool_monitor[0m[2m:[0m 🔍 Fetching transaction details for: 0x1a842bf8f8689523a4200dad135ed0c2a566b595fdd50b6ce5dc96e8d2cb3ad2
[2m2025-12-10T10:13:45.810153Z[0m [34mDEBUG[0m [2methereum_transaction_pool_monitor::eth_client[0m[2m:[0m 🔍 Fetching transaction details for hash: 0x1a842bf8f8689523a4200dad135ed0c2a566b595fdd50b6ce5dc96e8d2cb3ad2
[2m2025-12-10T10:13:45.810160Z[0m [34mDEBUG[0m [2mhyper::client::pool[0m[2m:[0m reuse idle connection for ("http", 192.168.0.14:8545)
[2m2025-12-10T10:13:45.810171Z[0m [34mDEBUG[0m [2mhyper::proto::h1::io[0m[2m:[0m flushed 250 bytes
[2m2025-12-10T10:13:45.815098Z[0m [34mDEBUG[0m [2mhyper::proto::h1::io[0m[2m:[0m parsed 4 headers
[2m2025-12-10T10:13:45.815102Z[0m [34mDEBUG[0m [2mhyper::proto::h1::conn[0m[2m:[0m incoming body is content-length (1731 bytes)
[2m2025-12-10T10:13:45.815115Z[0m [34mDEBUG[0m [2mhyper::proto::h1::conn[0m[2m:[0m incoming body completed
[2m2025-12-10T10:13:45.815120Z[0m [34mDEBUG[0m [2mhyper::client::pool[0m[2m:[0m pooling idle connection for ("http", 192.168.0.14:8545)
[2m2025-12-10T10:13:45.815124Z[0m [34mDEBUG[0m [2methereum_transaction_pool_monitor::eth_client[0m[2m:[0m 📡 Transaction fetch RPC completed in 4.965917ms
[2m2025-12-10T10:13:45.887883Z[0m [34mDEBUG[0m [2methereum_transaction_pool_monitor::eth_client[0m[2m:[0m ✅ Transaction 0x1a842bf8f8689523a4200dad135ed0c2a566b595fdd50b6ce5dc96e8d2cb3ad2 fetched and parsed in 77.722625ms
[2m2025-12-10T10:13:45.887906Z[0m [34mDEBUG[0m [2methereum_transaction_pool_monitor::mempool_monitor[0m[2m:[0m 🔍 Skipping tx 0x1a842bf8f8689523a4200dad135ed0c2a566b595fdd50b6ce5dc96e8d2cb3ad2 - not a DEX interaction (target: 0x601a2aD6CB5949f0529735254189Ba3194221EDF)
[2m2025-12-10T10:13:45.887915Z[0m [34mDEBUG[0m [2methereum_transaction_pool_monitor::mempool_monitor[0m[2m:[0m 📨 Processing new pending transaction: 0xeed1d14f71746a541d0081b266c349bb8dba73464908ae3d41df4ccd4710481a
[2m2025-12-10T10:13:45.887918Z[0m [34mDEBUG[0m [2methereum_transaction_pool_monitor::mempool_monitor[0m[2m:[0m 🔍 Fetching transaction details for: 0xeed1d14f71746a541d0081b266c349bb8dba73464908ae3d41df4ccd4710481a
[2m2025-12-10T10:13:45.887922Z[0m [34mDEBUG[0m [2methereum_transaction_pool_monitor::eth_client[0m[2m:[0m 🔍 Fetching transaction details for hash: 0xeed1d14f71746a541d0081b266c349bb8dba73464908ae3d41df4ccd4710481a
[2m2025-12-10T10:13:45.887940Z[0m [34mDEBUG[0m [2mhyper::client::pool[0m[2m:[0m reuse idle connection for ("http", 192.168.0.14:8545)
[2m2025-12-10T10:13:45.887993Z[0m [34mDEBUG[0m [2mhyper::proto::h1::io[0m[2m:[0m flushed 250 bytes
[2m2025-12-10T10:13:45.888012Z[0m [34mDEBUG[0m [2methereum_transaction_pool_monitor::eth_client[0m[2m:[0m 📨 Received WebSocket message: {"jsonrpc":"2.0","method":"eth_subscription","params":{"subscription":"0xbed0a0851463e895960a451075a301a9","result":"0xe138cea53433f859d12b26707e9b0baf857cd12ec9c04b5315d90572cb6a0fbd"}}
[2m2025-12-10T10:13:45.888018Z[0m [34mDEBUG[0m [2methereum_transaction_pool_monitor::eth_client[0m[2m:[0m 📨 Received pending transaction: 0xe138cea53433f859d12b26707e9b0baf857cd12ec9c04b5315d90572cb6a0fbd
[2m2025-12-10T10:13:45.892038Z[0m [34mDEBUG[0m [2mhyper::proto::h1::io[0m[2m:[0m parsed 4 headers
[2m2025-12-10T10:13:45.892042Z[0m [34mDEBUG[0m [2mhyper::proto::h1::conn[0m[2m:[0m incoming body is content-length (722 bytes)
[2m2025-12-10T10:13:45.892048Z[0m [34mDEBUG[0m [2mhyper::proto::h1::conn[0m[2m:[0m incoming body completed
[2m2025-12-10T10:13:45.892056Z[0m [34mDEBUG[0m [2mhyper::client::pool[0m[2m:[0m pooling idle connection for ("http", 192.168.0.14:8545)
[2m2025-12-10T10:13:45.892061Z[0m [34mDEBUG[0m [2methereum_transaction_pool_monitor::eth_client[0m[2m:[0m 📡 Transaction fetch RPC completed in 4.136459ms
[2m2025-12-10T10:13:45.963200Z[0m [34mDEBUG[0m [2methereum_transaction_pool_monitor::eth_client[0m[2m:[0m ✅ Transaction 0xeed1d14f71746a541d0081b266c349bb8dba73464908ae3d41df4ccd4710481a fetched and parsed in 75.273167ms
[2m2025-12-10T10:13:45.963227Z[0m [34mDEBUG[0m [2methereum_transaction_pool_monitor::mempool_monitor[0m[2m:[0m 🔍 Skipping tx 0xeed1d14f71746a541d0081b266c349bb8dba73464908ae3d41df4ccd4710481a - not a DEX interaction (target: 0x68B593C3a3A20beBd9d8d05AE24242192F70AFAF)
[2m2025-12-10T10:13:45.963238Z[0m [34mDEBUG[0m [2methereum_transaction_pool_monitor::mempool_monitor[0m[2m:[0m 📨 Processing new pending transaction: 0x6f3f2d6be78340ab426273957f74272fa9cdd02deadb3eab527445d2808aa173
[2m2025-12-10T10:13:45.963244Z[0m [34mDEBUG[0m [2methereum_transaction_pool_monitor::mempool_monitor[0m[2m:[0m 🔍 Fetching transaction details for: 0x6f3f2d6be78340ab426273957f74272fa9cdd02deadb3eab527445d2808aa173
[2m2025-12-10T10:13:45.963250Z[0m [34mDEBUG[0m [2methereum_transaction_pool_monitor::eth_client[0m[2m:[0m 🔍 Fetching transaction details for hash: 0x6f3f2d6be78340ab426273957f74272fa9cdd02deadb3eab527445d2808aa173
[2m2025-12-10T10:13:45.963709Z[0m [34mDEBUG[0m [2mhyper::client::pool[0m[2m:[0m reuse idle connection for ("http", 192.168.0.14:8545)
[2m2025-12-10T10:13:45.963734Z[0m [34mDEBUG[0m [2mhyper::proto::h1::io[0m[2m:[0m flushed 250 bytes
[2m2025-12-10T10:13:45.963753Z[0m [34mDEBUG[0m [2mhyper::client::pool[0m[2m:[0m reuse idle connection for ("http", 192.168.0.14:8545)
[2m2025-12-10T10:13:45.963764Z[0m [34mDEBUG[0m [2mhyper::proto::h1::io[0m[2m:[0m flushed 172 bytes
[2m2025-12-10T10:13:45.963798Z[0m [34mDEBUG[0m [2methereum_transaction_pool_monitor::eth_client[0m[2m:[0m 📨 Received WebSocket message: {"jsonrpc":"2.0","method":"eth_subscription","params":{"subscription":"0xbed0a0851463e895960a451075a301a9","result":"0x60fc87e744e677cf598393fa8b40bcb12c831f12d9d52906a795365514cba68f"}}
[2m2025-12-10T10:13:45.963806Z[0m [34mDEBUG[0m [2methereum_transaction_pool_monitor::eth_client[0m[2m:[0m 📨 Received pending transaction: 0x60fc87e744e677cf598393fa8b40bcb12c831f12d9d52906a795365514cba68f
[2m2025-12-10T10:13:45.963811Z[0m [34mDEBUG[0m [2methereum_transaction_pool_monitor::eth_client[0m[2m:[0m 📨 Received WebSocket message: {"jsonrpc":"2.0","method":"eth_subscription","params":{"subscription":"0xbed0a0851463e895960a451075a301a9","result":"0xe1eef834ce860bb66b0a28eab43d408fc8f6ba55ca12c6a2cd3dc08b904a2246"}}
[2m2025-12-10T10:13:45.963815Z[0m [34mDEBUG[0m [2methereum_transaction_pool_monitor::eth_client[0m[2m:[0m 📨 Received pending transaction: 0xe1eef834ce860bb66b0a28eab43d408fc8f6ba55ca12c6a2cd3dc08b904a2246
[2m2025-12-10T10:13:45.963818Z[0m [34mDEBUG[0m [2methereum_transaction_pool_monitor::eth_client[0m[2m:[0m 📨 Received WebSocket message: {"jsonrpc":"2.0","method":"eth_subscription","params":{"subscription":"0xbed0a0851463e895960a451075a301a9","result":"0xd716a16536c722ea26148899cfb3d969cc222dbe37dd55e782b6687ab08a8c90"}}
[2m2025-12-10T10:13:45.963822Z[0m [34mDEBUG[0m [2methereum_transaction_pool_monitor::eth_client[0m[2m:[0m 📨 Received pending transaction: 0xd716a16536c722ea26148899cfb3d969cc222dbe37dd55e782b6687ab08a8c90
[2m2025-12-10T10:13:45.969209Z[0m [34mDEBUG[0m [2mhyper::proto::h1::io[0m[2m:[0m parsed 4 headers
[2m2025-12-10T10:13:45.969217Z[0m [34mDEBUG[0m [2mhyper::proto::h1::conn[0m[2m:[0m incoming body is content-length (903 bytes)
[2m2025-12-10T10:13:45.969224Z[0m [34mDEBUG[0m [2mhyper::proto::h1::conn[0m[2m:[0m incoming body completed
[2m2025-12-10T10:13:45.969232Z[0m [34mDEBUG[0m [2mhyper::client::pool[0m[2m:[0m pooling idle connection for ("http", 192.168.0.14:8545)
[2m2025-12-10T10:13:45.969239Z[0m [34mDEBUG[0m [2methereum_transaction_pool_monitor::eth_client[0m[2m:[0m 📡 Transaction fetch RPC completed in 5.54275ms
[2m2025-12-10T10:13:46.041605Z[0m [34mDEBUG[0m [2methereum_transaction_pool_monitor::eth_client[0m[2m:[0m ✅ Transaction 0x6f3f2d6be78340ab426273957f74272fa9cdd02deadb3eab527445d2808aa173 fetched and parsed in 77.906917ms
[2m2025-12-10T10:13:46.041630Z[0m [34mDEBUG[0m [2methereum_transaction_pool_monitor::mempool_monitor[0m[2m:[0m 🔍 Skipping tx 0x6f3f2d6be78340ab426273957f74272fa9cdd02deadb3eab527445d2808aa173 - not a DEX interaction (target: 0x3B4D794a66304F130a4Db8F2551B0070dfCf5ca7)
[2m2025-12-10T10:13:46.041643Z[0m [34mDEBUG[0m [2methereum_transaction_pool_monitor::mempool_monitor[0m[2m:[0m 📨 Processing new pending transaction: 0xa1c0100e993dcf2a441165d6db7d4c7940110c451c555bebb5048e3a93a1dc97
[2m2025-12-10T10:13:46.041650Z[0m [34mDEBUG[0m [2methereum_transaction_pool_monitor::mempool_monitor[0m[2m:[0m 🔍 Fetching transaction details for: 0xa1c0100e993dcf2a441165d6db7d4c7940110c451c555bebb5048e3a93a1dc97
[2m2025-12-10T10:13:46.041656Z[0m [34mDEBUG[0m [2methereum_transaction_pool_monitor::eth_client[0m[2m:[0m 🔍 Fetching transaction details for hash: 0xa1c0100e993dcf2a441165d6db7d4c7940110c451c555bebb5048e3a93a1dc97
[2m2025-12-10T10:13:46.041821Z[0m [34mDEBUG[0m [2mhyper::client::pool[0m[2m:[0m reuse idle connection for ("http", 192.168.0.14:8545)
[2m2025-12-10T10:13:46.041843Z[0m [34mDEBUG[0m [2mhyper::proto::h1::io[0m[2m:[0m flushed 250 bytes
[2m2025-12-10T10:13:46.041855Z[0m [34mDEBUG[0m [2mhyper::proto::h1::io[0m[2m:[0m parsed 4 headers
[2m2025-12-10T10:13:46.041858Z[0m [34mDEBUG[0m [2mhyper::proto::h1::conn[0m[2m:[0m incoming body is content-length (45 bytes)
[2m2025-12-10T10:13:46.041864Z[0m [34mDEBUG[0m [2mhyper::proto::h1::conn[0m[2m:[0m incoming body completed
[2m2025-12-10T10:13:46.041870Z[0m [34mDEBUG[0m [2mhyper::client::pool[0m[2m:[0m pooling idle connection for ("http", 192.168.0.14:8545)
[2m2025-12-10T10:13:46.041883Z[0m [34mDEBUG[0m [2mhyper::client::pool[0m[2m:[0m reuse idle connection for ("http", 192.168.0.14:8545)
[2m2025-12-10T10:13:46.041896Z[0m [34mDEBUG[0m [2mhyper::proto::h1::io[0m[2m:[0m flushed 172 bytes
[2m2025-12-10T10:13:46.047245Z[0m [34mDEBUG[0m [2mhyper::proto::h1::io[0m[2m:[0m parsed 4 headers
[2m2025-12-10T10:13:46.047254Z[0m [34mDEBUG[0m [2mhyper::proto::h1::conn[0m[2m:[0m incoming body is content-length (826 bytes)
[2m2025-12-10T10:13:46.047259Z[0m [34mDEBUG[0m [2mhyper::proto::h1::conn[0m[2m:[0m incoming body completed
[2m2025-12-10T10:13:46.047267Z[0m [34mDEBUG[0m [2mhyper::client::pool[0m[2m:[0m pooling idle connection for ("http", 192.168.0.14:8545)
[2m2025-12-10T10:13:46.047272Z[0m [34mDEBUG[0m [2methereum_transaction_pool_monitor::eth_client[0m[2m:[0m 📡 Transaction fetch RPC completed in 5.463833ms
[2m2025-12-10T10:13:46.118435Z[0m [34mDEBUG[0m [2methereum_transaction_pool_monitor::eth_client[0m[2m:[0m ✅ Transaction 0xa1c0100e993dcf2a441165d6db7d4c7940110c451c555bebb5048e3a93a1dc97 fetched and parsed in 76.623625ms
[2m2025-12-10T10:13:46.118459Z[0m [34mDEBUG[0m [2methereum_transaction_pool_monitor::mempool_monitor[0m[2m:[0m 🔍 Skipping tx 0xa1c0100e993dcf2a441165d6db7d4c7940110c451c555bebb5048e3a93a1dc97 - not a DEX interaction (target: 0x40994D850ba6723118404daA51359163a0156B7C)
[2m2025-12-10T10:13:46.118467Z[0m [34mDEBUG[0m [2methereum_transaction_pool_monitor::mempool_monitor[0m[2m:[0m 📨 Processing new pending transaction: 0x841ccf7b30c3377461e77baa59e5714ef3078dc50415a2ab4468de053478aa22
[2m2025-12-10T10:13:46.118472Z[0m [34mDEBUG[0m [2methereum_transaction_pool_monitor::mempool_monitor[0m[2m:[0m 🔍 Fetching transaction details for: 0x841ccf7b30c3377461e77baa59e5714ef3078dc50415a2ab4468de053478aa22
[2m2025-12-10T10:13:46.118476Z[0m [34mDEBUG[0m [2methereum_transaction_pool_monitor::eth_client[0m[2m:[0m 🔍 Fetching transaction details for hash: 0x841ccf7b30c3377461e77baa59e5714ef3078dc50415a2ab4468de053478aa22
[2m2025-12-10T10:13:46.118495Z[0m [34mDEBUG[0m [2mhyper::client::pool[0m[2m:[0m reuse idle connection for ("http", 192.168.0.14:8545)
[2m2025-12-10T10:13:46.118541Z[0m [34mDEBUG[0m [2mhyper::proto::h1::io[0m[2m:[0m flushed 250 bytes
[2m2025-12-10T10:13:46.118556Z[0m [34mDEBUG[0m [2mhyper::proto::h1::io[0m[2m:[0m parsed 4 headers
[2m2025-12-10T10:13:46.118560Z[0m [34mDEBUG[0m [2mhyper::proto::h1::conn[0m[2m:[0m incoming body is content-length (45 bytes)
[2m2025-12-10T10:13:46.118567Z[0m [34mDEBUG[0m [2mhyper::proto::h1::conn[0m[2m:[0m incoming body completed
[2m2025-12-10T10:13:46.118575Z[0m [34mDEBUG[0m [2mhyper::client::pool[0m[2m:[0m pooling idle connection for ("http", 192.168.0.14:8545)
[2m2025-12-10T10:13:46.118589Z[0m [34mDEBUG[0m [2mhyper::client::pool[0m[2m:[0m reuse idle connection for ("http", 192.168.0.14:8545)
[2m2025-12-10T10:13:46.118605Z[0m [34mDEBUG[0m [2mhyper::proto::h1::io[0m[2m:[0m flushed 172 bytes
[2m2025-12-10T10:13:46.123444Z[0m [34mDEBUG[0m [2mhyper::proto::h1::io[0m[2m:[0m parsed 4 headers
[2m2025-12-10T10:13:46.123454Z[0m [34mDEBUG[0m [2mhyper::proto::h1::conn[0m[2m:[0m incoming body is content-length (45 bytes)
[2m2025-12-10T10:13:46.123466Z[0m [34mDEBUG[0m [2mhyper::proto::h1::conn[0m[2m:[0m incoming body completed
[2m2025-12-10T10:13:46.123474Z[0m [34mDEBUG[0m [2mhyper::client::pool[0m[2m:[0m pooling idle connection for ("http", 192.168.0.14:8545)
[2m2025-12-10T10:13:46.128812Z[0m [34mDEBUG[0m [2mhyper::proto::h1::io[0m[2m:[0m parsed 4 headers
[2m2025-12-10T10:13:46.128820Z[0m [34mDEBUG[0m [2mhyper::proto::h1::conn[0m[2m:[0m incoming body is content-length (765 bytes)
[2m2025-12-10T10:13:46.128825Z[0m [34mDEBUG[0m [2mhyper::proto::h1::conn[0m[2m:[0m incoming body completed
[2m2025-12-10T10:13:46.128833Z[0m [34mDEBUG[0m [2mhyper::client::pool[0m[2m:[0m pooling idle connection for ("http", 192.168.0.14:8545)
[2m2025-12-10T10:13:46.128838Z[0m [34mDEBUG[0m [2methereum_transaction_pool_monitor::eth_client[0m[2m:[0m 📡 Transaction fetch RPC completed in 10.3565ms
[2m2025-12-10T10:13:46.128852Z[0m [34mDEBUG[0m [2methereum_transaction_pool_monitor::eth_client[0m[2m:[0m DeFi transaction detected - Address: 0xdac17f958d2ee523a2206206994597c13d831ec7, Type: Stablecoin, Value: 0 ETH, Gas: 0.36 Gwei
[2m2025-12-10T10:13:46.128863Z[0m [34mDEBUG[0m [2methereum_transaction_pool_monitor::eth_client[0m[2m:[0m ✅ Transaction 0x841ccf7b30c3377461e77baa59e5714ef3078dc50415a2ab4468de053478aa22 fetched and parsed in 10.382208ms
[2m2025-12-10T10:13:46.128868Z[0m [34mDEBUG[0m [2methereum_transaction_pool_monitor::mempool_monitor[0m[2m:[0m 🔍 Skipping tx 0x841ccf7b30c3377461e77baa59e5714ef3078dc50415a2ab4468de053478aa22 - not a DEX interaction (target: 0xdAC17F958D2ee523a2206206994597C13D831ec7)
[2m2025-12-10T10:13:46.128874Z[0m [34mDEBUG[0m [2methereum_transaction_pool_monitor::mempool_monitor[0m[2m:[0m 📨 Processing new pending transaction: 0x590ea203f143fffe82c0fbee1d54a1753a365fa1577ed3d89b1c5cb0210b8831
[2m2025-12-10T10:13:46.128877Z[0m [34mDEBUG[0m [2methereum_transaction_pool_monitor::mempool_monitor[0m[2m:[0m 🔍 Fetching transaction details for: 0x590ea203f143fffe82c0fbee1d54a1753a365fa1577ed3d89b1c5cb0210b8831
[2m2025-12-10T10:13:46.128880Z[0m [34mDEBUG[0m [2methereum_transaction_pool_monitor::eth_client[0m[2m:[0m 🔍 Fetching transaction details for hash: 0x590ea203f143fffe82c0fbee1d54a1753a365fa1577ed3d89b1c5cb0210b8831
[2m2025-12-10T10:13:46.128892Z[0m [34mDEBUG[0m [2mhyper::client::pool[0m[2m:[0m reuse idle connection for ("http", 192.168.0.14:8545)
[2m2025-12-10T10:13:46.128919Z[0m [34mDEBUG[0m [2mhyper::proto::h1::io[0m[2m:[0m flushed 250 bytes
[2m2025-12-10T10:13:46.133248Z[0m [34mDEBUG[0m [2mhyper::proto::h1::io[0m[2m:[0m parsed 4 headers
[2m2025-12-10T10:13:46.133258Z[0m [34mDEBUG[0m [2mhyper::proto::h1::conn[0m[2m:[0m incoming body is content-length (1292 bytes)
[2m2025-12-10T10:13:46.133263Z[0m [34mDEBUG[0m [2mhyper::proto::h1::conn[0m[2m:[0m incoming body completed
[2m2025-12-10T10:13:46.133270Z[0m [34mDEBUG[0m [2mhyper::client::pool[0m[2m:[0m pooling idle connection for ("http", 192.168.0.14:8545)
[2m2025-12-10T10:13:46.133274Z[0m [34mDEBUG[0m [2methereum_transaction_pool_monitor::eth_client[0m[2m:[0m 📡 Transaction fetch RPC completed in 4.391875ms
[2m2025-12-10T10:13:46.204973Z[0m [34mDEBUG[0m [2methereum_transaction_pool_monitor::eth_client[0m[2m:[0m ✅ Transaction 0x590ea203f143fffe82c0fbee1d54a1753a365fa1577ed3d89b1c5cb0210b8831 fetched and parsed in 76.087375ms
[2m2025-12-10T10:13:46.204998Z[0m [34mDEBUG[0m [2methereum_transaction_pool_monitor::mempool_monitor[0m[2m:[0m 🔍 Skipping tx 0x590ea203f143fffe82c0fbee1d54a1753a365fa1577ed3d89b1c5cb0210b8831 - not a DEX interaction (target: 0xF6801D319497789f934ec7F83E142a9536312B08)
[2m2025-12-10T10:13:46.205012Z[0m [34mDEBUG[0m [2methereum_transaction_pool_monitor::mempool_monitor[0m[2m:[0m 📨 Processing new pending transaction: 0x9923eeba6988843bff8cbd8e80ec9442f5a45e8194c8f2e0e92ee07417e00523
[2m2025-12-10T10:13:46.205208Z[0m [34mDEBUG[0m [2methereum_transaction_pool_monitor::mempool_monitor[0m[2m:[0m 🔍 Fetching transaction details for: 0x9923eeba6988843bff8cbd8e80ec9442f5a45e8194c8f2e0e92ee07417e00523
[2m2025-12-10T10:13:46.205214Z[0m [34mDEBUG[0m [2methereum_transaction_pool_monitor::eth_client[0m[2m:[0m 🔍 Fetching transaction details for hash: 0x9923eeba6988843bff8cbd8e80ec9442f5a45e8194c8f2e0e92ee07417e00523
[2m2025-12-10T10:13:46.205230Z[0m [34mDEBUG[0m [2mhyper::client::pool[0m[2m:[0m reuse idle connection for ("http", 192.168.0.14:8545)
[2m2025-12-10T10:13:46.205268Z[0m [34mDEBUG[0m [2mhyper::proto::h1::io[0m[2m:[0m flushed 250 bytes
[2m2025-12-10T10:13:46.205292Z[0m [34mDEBUG[0m [2mhyper::client::pool[0m[2m:[0m reuse idle connection for ("http", 192.168.0.14:8545)
[2m2025-12-10T10:13:46.205304Z[0m [34mDEBUG[0m [2mhyper::proto::h1::io[0m[2m:[0m flushed 172 bytes
[2m2025-12-10T10:13:46.209582Z[0m [34mDEBUG[0m [2mhyper::proto::h1::io[0m[2m:[0m parsed 4 headers
[2m2025-12-10T10:13:46.209585Z[0m [34mDEBUG[0m [2mhyper::proto::h1::conn[0m[2m:[0m incoming body is content-length (1292 bytes)
[2m2025-12-10T10:13:46.209591Z[0m [34mDEBUG[0m [2mhyper::proto::h1::conn[0m[2m:[0m incoming body completed
[2m2025-12-10T10:13:46.209597Z[0m [34mDEBUG[0m [2mhyper::client::pool[0m[2m:[0m pooling idle connection for ("http", 192.168.0.14:8545)
[2m2025-12-10T10:13:46.209602Z[0m [34mDEBUG[0m [2methereum_transaction_pool_monitor::eth_client[0m[2m:[0m 📡 Transaction fetch RPC completed in 4.38425ms
[2m2025-12-10T10:13:46.281837Z[0m [34mDEBUG[0m [2methereum_transaction_pool_monitor::eth_client[0m[2m:[0m ✅ Transaction 0x9923eeba6988843bff8cbd8e80ec9442f5a45e8194c8f2e0e92ee07417e00523 fetched and parsed in 76.61675ms
[2m2025-12-10T10:13:46.281861Z[0m [34mDEBUG[0m [2methereum_transaction_pool_monitor::mempool_monitor[0m[2m:[0m 🔍 Skipping tx 0x9923eeba6988843bff8cbd8e80ec9442f5a45e8194c8f2e0e92ee07417e00523 - not a DEX interaction (target: 0xF6801D319497789f934ec7F83E142a9536312B08)
[2m2025-12-10T10:13:46.281870Z[0m [34mDEBUG[0m [2methereum_transaction_pool_monitor::mempool_monitor[0m[2m:[0m 📨 Processing new pending transaction: 0x2d41832a44c5ed487f4535359897e61db03e513a3e9ad39fa5f1ac5324e0be57
[2m2025-12-10T10:13:46.281876Z[0m [34mDEBUG[0m [2methereum_transaction_pool_monitor::mempool_monitor[0m[2m:[0m 🔍 Fetching transaction details for: 0x2d41832a44c5ed487f4535359897e61db03e513a3e9ad39fa5f1ac5324e0be57
[2m2025-12-10T10:13:46.281879Z[0m [34mDEBUG[0m [2methereum_transaction_pool_monitor::eth_client[0m[2m:[0m 🔍 Fetching transaction details for hash: 0x2d41832a44c5ed487f4535359897e61db03e513a3e9ad39fa5f1ac5324e0be57
[2m2025-12-10T10:13:46.281899Z[0m [34mDEBUG[0m [2mhyper::client::pool[0m[2m:[0m reuse idle connection for ("http", 192.168.0.14:8545)
[2m2025-12-10T10:13:46.281942Z[0m [34mDEBUG[0m [2mhyper::proto::h1::io[0m[2m:[0m flushed 250 bytes
[2m2025-12-10T10:13:46.281958Z[0m [34mDEBUG[0m [2mhyper::proto::h1::io[0m[2m:[0m parsed 4 headers
[2m2025-12-10T10:13:46.281964Z[0m [34mDEBUG[0m [2mhyper::proto::h1::conn[0m[2m:[0m incoming body is content-length (45 bytes)
[2m2025-12-10T10:13:46.281971Z[0m [34mDEBUG[0m [2mhyper::proto::h1::conn[0m[2m:[0m incoming body completed
[2m2025-12-10T10:13:46.281980Z[0m [34mDEBUG[0m [2mhyper::client::pool[0m[2m:[0m pooling idle connection for ("http", 192.168.0.14:8545)
[2m2025-12-10T10:13:46.294072Z[0m [34mDEBUG[0m [2mhyper::proto::h1::io[0m[2m:[0m parsed 4 headers
[2m2025-12-10T10:13:46.294082Z[0m [34mDEBUG[0m [2mhyper::proto::h1::conn[0m[2m:[0m incoming body is content-length (679 bytes)
[2m2025-12-10T10:13:46.294088Z[0m [34mDEBUG[0m [2mhyper::proto::h1::conn[0m[2m:[0m incoming body completed
[2m2025-12-10T10:13:46.294096Z[0m [34mDEBUG[0m [2mhyper::client::pool[0m[2m:[0m pooling idle connection for ("http", 192.168.0.14:8545)
[2m2025-12-10T10:13:46.294103Z[0m [34mDEBUG[0m [2methereum_transaction_pool_monitor::eth_client[0m[2m:[0m 📡 Transaction fetch RPC completed in 12.219792ms
[2m2025-12-10T10:13:46.294122Z[0m [34mDEBUG[0m [2methereum_transaction_pool_monitor::eth_client[0m[2m:[0m DeFi transaction detected - Address: 0xdac17f958d2ee523a2206206994597c13d831ec7, Type: Stablecoin, Value: 0 ETH, Gas: 2.17 Gwei
[2m2025-12-10T10:13:46.294132Z[0m [34mDEBUG[0m [2methereum_transaction_pool_monitor::eth_client[0m[2m:[0m ✅ Transaction 0x2d41832a44c5ed487f4535359897e61db03e513a3e9ad39fa5f1ac5324e0be57 fetched and parsed in 12.249375ms
[2m2025-12-10T10:13:46.294137Z[0m [34mDEBUG[0m [2methereum_transaction_pool_monitor::mempool_monitor[0m[2m:[0m 🔍 Skipping tx 0x2d41832a44c5ed487f4535359897e61db03e513a3e9ad39fa5f1ac5324e0be57 - not a DEX interaction (target: 0xdAC17F958D2ee523a2206206994597C13D831ec7)
[2m2025-12-10T10:13:46.294143Z[0m [34mDEBUG[0m [2methereum_transaction_pool_monitor::mempool_monitor[0m[2m:[0m 📨 Processing new pending transaction: 0xa9d36a99eeeb73b93011068db31080b143eb6e767945be71c2dc9733e6a13fec
[2m2025-12-10T10:13:46.294146Z[0m [34mDEBUG[0m [2methereum_transaction_pool_monitor::mempool_monitor[0m[2m:[0m 🔍 Fetching transaction details for: 0xa9d36a99eeeb73b93011068db31080b143eb6e767945be71c2dc9733e6a13fec
[2m2025-12-10T10:13:46.294149Z[0m [34mDEBUG[0m [2methereum_transaction_pool_monitor::eth_client[0m[2m:[0m 🔍 Fetching transaction details for hash: 0xa9d36a99eeeb73b93011068db31080b143eb6e767945be71c2dc9733e6a13fec
[2m2025-12-10T10:13:46.294161Z[0m [34mDEBUG[0m [2mhyper::client::pool[0m[2m:[0m reuse idle connection for ("http", 192.168.0.14:8545)
[2m2025-12-10T10:13:46.294180Z[0m [34mDEBUG[0m [2mhyper::proto::h1::io[0m[2m:[0m flushed 250 bytes
[2m2025-12-10T10:13:46.298408Z[0m [34mDEBUG[0m [2mhyper::client::pool[0m[2m:[0m reuse idle connection for ("http", 192.168.0.14:8545)
[2m2025-12-10T10:13:46.298444Z[0m [34mDEBUG[0m [2mhyper::proto::h1::io[0m[2m:[0m flushed 172 bytes
[2m2025-12-10T10:13:46.298974Z[0m [34mDEBUG[0m [2mhyper::proto::h1::io[0m[2m:[0m parsed 4 headers
[2m2025-12-10T10:13:46.298978Z[0m [34mDEBUG[0m [2mhyper::proto::h1::conn[0m[2m:[0m incoming body is content-length (551 bytes)
[2m2025-12-10T10:13:46.298984Z[0m [34mDEBUG[0m [2mhyper::proto::h1::conn[0m[2m:[0m incoming body completed
[2m2025-12-10T10:13:46.298990Z[0m [34mDEBUG[0m [2mhyper::client::pool[0m[2m:[0m pooling idle connection for ("http", 192.168.0.14:8545)
[2m2025-12-10T10:13:46.298995Z[0m [34mDEBUG[0m [2methereum_transaction_pool_monitor::eth_client[0m[2m:[0m 📡 Transaction fetch RPC completed in 4.843167ms
[2m2025-12-10T10:13:46.370762Z[0m [34mDEBUG[0m [2methereum_transaction_pool_monitor::eth_client[0m[2m:[0m ✅ Transaction 0xa9d36a99eeeb73b93011068db31080b143eb6e767945be71c2dc9733e6a13fec fetched and parsed in 76.608208ms
[2m2025-12-10T10:13:46.374023Z[0m [34mDEBUG[0m [2methereum_transaction_pool_monitor::mempool_monitor[0m[2m:[0m 🔍 Skipping tx 0xa9d36a99eeeb73b93011068db31080b143eb6e767945be71c2dc9733e6a13fec - not a DEX interaction (target: 0x13E49b480fA571757798E1B216E925260fc228f1)
[2m2025-12-10T10:13:46.374034Z[0m [34mDEBUG[0m [2methereum_transaction_pool_monitor::mempool_monitor[0m[2m:[0m 📨 Processing new pending transaction: 0x1a8d24cc641a6ae3594586d8eafda804b606f0d7bf013bda49cf99547ca3f2ce
[2m2025-12-10T10:13:46.374041Z[0m [34mDEBUG[0m [2methereum_transaction_pool_monitor::mempool_monitor[0m[2m:[0m 🔍 Fetching transaction details for: 0x1a8d24cc641a6ae3594586d8eafda804b606f0d7bf013bda49cf99547ca3f2ce
[2m2025-12-10T10:13:46.374047Z[0m [34mDEBUG[0m [2methereum_transaction_pool_monitor::eth_client[0m[2m:[0m 🔍 Fetching transaction details for hash: 0x1a8d24cc641a6ae3594586d8eafda804b606f0d7bf013bda49cf99547ca3f2ce
[2m2025-12-10T10:13:46.374065Z[0m [34mDEBUG[0m [2mhyper::client::pool[0m[2m:[0m reuse idle connection for ("http", 192.168.0.14:8545)
[2m2025-12-10T10:13:46.374106Z[0m [34mDEBUG[0m [2mhyper::proto::h1::io[0m[2m:[0m flushed 250 bytes
[2m2025-12-10T10:13:46.374378Z[0m [34mDEBUG[0m [2mhyper::proto::h1::io[0m[2m:[0m parsed 4 headers
[2m2025-12-10T10:13:46.374382Z[0m [34mDEBUG[0m [2mhyper::proto::h1::conn[0m[2m:[0m incoming body is content-length (45 bytes)
[2m2025-12-10T10:13:46.374387Z[0m [34mDEBUG[0m [2mhyper::proto::h1::conn[0m[2m:[0m incoming body completed
[2m2025-12-10T10:13:46.374393Z[0m [34mDEBUG[0m [2mhyper::client::pool[0m[2m:[0m pooling idle connection for ("http", 192.168.0.14:8545)
[2m2025-12-10T10:13:46.378527Z[0m [34mDEBUG[0m [2mhyper::proto::h1::io[0m[2m:[0m parsed 4 headers
[2m2025-12-10T10:13:46.378531Z[0m [34mDEBUG[0m [2mhyper::proto::h1::conn[0m[2m:[0m incoming body is content-length (766 bytes)
[2m2025-12-10T10:13:46.378535Z[0m [34mDEBUG[0m [2mhyper::proto::h1::conn[0m[2m:[0m incoming body completed
[2m2025-12-10T10:13:46.378540Z[0m [34mDEBUG[0m [2mhyper::client::pool[0m[2m:[0m pooling idle connection for ("http", 192.168.0.14:8545)
[2m2025-12-10T10:13:46.378544Z[0m [34mDEBUG[0m [2methereum_transaction_pool_monitor::eth_client[0m[2m:[0m 📡 Transaction fetch RPC completed in 4.491291ms
[2m2025-12-10T10:13:46.378555Z[0m [34mDEBUG[0m [2methereum_transaction_pool_monitor::eth_client[0m[2m:[0m DeFi transaction detected - Address: 0xdac17f958d2ee523a2206206994597c13d831ec7, Type: Stablecoin, Value: 0 ETH, Gas: 0.22 Gwei
[2m2025-12-10T10:13:46.378564Z[0m [34mDEBUG[0m [2methereum_transaction_pool_monitor::eth_client[0m[2m:[0m ✅ Transaction 0x1a8d24cc641a6ae3594586d8eafda804b606f0d7bf013bda49cf99547ca3f2ce fetched and parsed in 4.511958ms
[2m2025-12-10T10:13:46.378569Z[0m [34mDEBUG[0m [2methereum_transaction_pool_monitor::mempool_monitor[0m[2m:[0m 🔍 Skipping tx 0x1a8d24cc641a6ae3594586d8eafda804b606f0d7bf013bda49cf99547ca3f2ce - not a DEX interaction (target: 0xdAC17F958D2ee523a2206206994597C13D831ec7)
[2m2025-12-10T10:13:46.378573Z[0m [34mDEBUG[0m [2methereum_transaction_pool_monitor::mempool_monitor[0m[2m:[0m 📨 Processing new pending transaction: 0xd2d6a80d4787749cc3fdc65e7fef96b76a1740fde709573ec93e341934b34d14
[2m2025-12-10T10:13:46.378576Z[0m [34mDEBUG[0m [2methereum_transaction_pool_monitor::mempool_monitor[0m[2m:[0m 🔍 Fetching transaction details for: 0xd2d6a80d4787749cc3fdc65e7fef96b76a1740fde709573ec93e341934b34d14
[2m2025-12-10T10:13:46.378579Z[0m [34mDEBUG[0m [2methereum_transaction_pool_monitor::eth_client[0m[2m:[0m 🔍 Fetching transaction details for hash: 0xd2d6a80d4787749cc3fdc65e7fef96b76a1740fde709573ec93e341934b34d14
[2m2025-12-10T10:13:46.378587Z[0m [34mDEBUG[0m [2mhyper::client::pool[0m[2m:[0m reuse idle connection for ("http", 192.168.0.14:8545)
[2m2025-12-10T10:13:46.378606Z[0m [34mDEBUG[0m [2mhyper::proto::h1::io[0m[2m:[0m flushed 250 bytes
[2m2025-12-10T10:13:46.385196Z[0m [34mDEBUG[0m [2mhyper::proto::h1::io[0m[2m:[0m parsed 4 headers
[2m2025-12-10T10:13:46.385206Z[0m [34mDEBUG[0m [2mhyper::proto::h1::conn[0m[2m:[0m incoming body is content-length (8389 bytes)
[2m2025-12-10T10:13:46.385220Z[0m [34mDEBUG[0m [2methereum_transaction_pool_monitor::eth_client[0m[2m:[0m 📡 Transaction fetch RPC completed in 6.637709ms
[2m2025-12-10T10:13:46.385289Z[0m [34mDEBUG[0m [2mhyper::proto::h1::conn[0m[2m:[0m incoming body completed
[2m2025-12-10T10:13:46.385296Z[0m [34mDEBUG[0m [2mhyper::client::pool[0m[2m:[0m pooling idle connection for ("http", 192.168.0.14:8545)
[2m2025-12-10T10:13:46.399392Z[0m [34mDEBUG[0m [2mhyper::client::pool[0m[2m:[0m reuse idle connection for ("http", 192.168.0.14:8545)
[2m2025-12-10T10:13:46.399467Z[0m [34mDEBUG[0m [2mhyper::proto::h1::io[0m[2m:[0m flushed 172 bytes
[2m2025-12-10T10:13:46.403344Z[0m [34mDEBUG[0m [2mhyper::proto::h1::io[0m[2m:[0m parsed 4 headers
[2m2025-12-10T10:13:46.403367Z[0m [34mDEBUG[0m [2mhyper::proto::h1::conn[0m[2m:[0m incoming body is content-length (45 bytes)
[2m2025-12-10T10:13:46.403382Z[0m [34mDEBUG[0m [2mhyper::proto::h1::conn[0m[2m:[0m incoming body completed
[2m2025-12-10T10:13:46.403407Z[0m [34mDEBUG[0m [2mhyper::client::pool[0m[2m:[0m pooling idle connection for ("http", 192.168.0.14:8545)
[2m2025-12-10T10:13:46.458063Z[0m [34mDEBUG[0m [2methereum_transaction_pool_monitor::eth_client[0m[2m:[0m ✅ Transaction 0xd2d6a80d4787749cc3fdc65e7fef96b76a1740fde709573ec93e341934b34d14 fetched and parsed in 79.478667ms
[2m2025-12-10T10:13:46.458080Z[0m [34mDEBUG[0m [2methereum_transaction_pool_monitor::mempool_monitor[0m[2m:[0m 🔍 Skipping tx 0xd2d6a80d4787749cc3fdc65e7fef96b76a1740fde709573ec93e341934b34d14 - not a DEX interaction (target: 0x6131B5fae19EA4f9D964eAc0408E4408b66337b5)
[2m2025-12-10T10:13:46.458093Z[0m [34mDEBUG[0m [2methereum_transaction_pool_monitor::mempool_monitor[0m[2m:[0m 📨 Processing new pending transaction: 0x8af46aa620df10ffd5833896c8e7340d67bd5659c50a8879c0d7a88545b36ae3
[2m2025-12-10T10:13:46.458099Z[0m [34mDEBUG[0m [2methereum_transaction_pool_monitor::mempool_monitor[0m[2m:[0m 🔍 Fetching transaction details for: 0x8af46aa620df10ffd5833896c8e7340d67bd5659c50a8879c0d7a88545b36ae3
[2m2025-12-10T10:13:46.458104Z[0m [34mDEBUG[0m [2methereum_transaction_pool_monitor::eth_client[0m[2m:[0m 🔍 Fetching transaction details for hash: 0x8af46aa620df10ffd5833896c8e7340d67bd5659c50a8879c0d7a88545b36ae3
[2m2025-12-10T10:13:46.458126Z[0m [34mDEBUG[0m [2mhyper::client::pool[0m[2m:[0m reuse idle connection for ("http", 192.168.0.14:8545)
[2m2025-12-10T10:13:46.458153Z[0m [34mDEBUG[0m [2mhyper::proto::h1::io[0m[2m:[0m flushed 250 bytes
[2m2025-12-10T10:13:46.463810Z[0m [34mDEBUG[0m [2mhyper::proto::h1::io[0m[2m:[0m parsed 4 headers
[2m2025-12-10T10:13:46.463818Z[0m [34mDEBUG[0m [2mhyper::proto::h1::conn[0m[2m:[0m incoming body is content-length (1731 bytes)
[2m2025-12-10T10:13:46.463832Z[0m [34mDEBUG[0m [2methereum_transaction_pool_monitor::eth_client[0m[2m:[0m 📡 Transaction fetch RPC completed in 5.723ms
[2m2025-12-10T10:13:46.464370Z[0m [34mDEBUG[0m [2mhyper::proto::h1::conn[0m[2m:[0m incoming body completed
[2m2025-12-10T10:13:46.464381Z[0m [34mDEBUG[0m [2mhyper::client::pool[0m[2m:[0m pooling idle connection for ("http", 192.168.0.14:8545)
[2m2025-12-10T10:13:46.499455Z[0m [34mDEBUG[0m [2mhyper::client::pool[0m[2m:[0m reuse idle connection for ("http", 192.168.0.14:8545)
[2m2025-12-10T10:13:46.499563Z[0m [34mDEBUG[0m [2mhyper::proto::h1::io[0m[2m:[0m flushed 172 bytes
[2m2025-12-10T10:13:46.503121Z[0m [34mDEBUG[0m [2mhyper::proto::h1::io[0m[2m:[0m parsed 4 headers
[2m2025-12-10T10:13:46.503143Z[0m [34mDEBUG[0m [2mhyper::proto::h1::conn[0m[2m:[0m incoming body is content-length (45 bytes)
[2m2025-12-10T10:13:46.503199Z[0m [34mDEBUG[0m [2mhyper::proto::h1::conn[0m[2m:[0m incoming body completed
[2m2025-12-10T10:13:46.503220Z[0m [34mDEBUG[0m [2mhyper::client::pool[0m[2m:[0m pooling idle connection for ("http", 192.168.0.14:8545)
[2m2025-12-10T10:13:46.511205Z[0m [34mDEBUG[0m [2methereum_transaction_pool_monitor::eth_client[0m[2m:[0m 📨 Received WebSocket message: {"jsonrpc":"2.0","method":"eth_subscription","params":{"subscription":"0xbed0a0851463e895960a451075a301a9","result":"0x29b98723712692edb49038600f3a1e09fe51d01a3527bbc6daf0f460fcee5ce3"}}
[2m2025-12-10T10:13:46.511222Z[0m [34mDEBUG[0m [2methereum_transaction_pool_monitor::eth_client[0m[2m:[0m 📨 Received pending transaction: 0x29b98723712692edb49038600f3a1e09fe51d01a3527bbc6daf0f460fcee5ce3
[2m2025-12-10T10:13:46.537004Z[0m [34mDEBUG[0m [2methereum_transaction_pool_monitor::eth_client[0m[2m:[0m ✅ Transaction 0x8af46aa620df10ffd5833896c8e7340d67bd5659c50a8879c0d7a88545b36ae3 fetched and parsed in 78.892792ms
[2m2025-12-10T10:13:46.537025Z[0m [34mDEBUG[0m [2methereum_transaction_pool_monitor::mempool_monitor[0m[2m:[0m 🔍 Skipping tx 0x8af46aa620df10ffd5833896c8e7340d67bd5659c50a8879c0d7a88545b36ae3 - not a DEX interaction (target: 0x601a2aD6CB5949f0529735254189Ba3194221EDF)
[2m2025-12-10T10:13:46.537045Z[0m [34mDEBUG[0m [2methereum_transaction_pool_monitor::mempool_monitor[0m[2m:[0m 📨 Processing new pending transaction: 0x8e609c4b5d34f4c741e02894b9a1058a54b33a9f6181e12930291381999c6af5
[2m2025-12-10T10:13:46.537050Z[0m [34mDEBUG[0m [2methereum_transaction_pool_monitor::mempool_monitor[0m[2m:[0m 🔍 Fetching transaction details for: 0x8e609c4b5d34f4c741e02894b9a1058a54b33a9f6181e12930291381999c6af5
[2m2025-12-10T10:13:46.537054Z[0m [34mDEBUG[0m [2methereum_transaction_pool_monitor::eth_client[0m[2m:[0m 🔍 Fetching transaction details for hash: 0x8e609c4b5d34f4c741e02894b9a1058a54b33a9f6181e12930291381999c6af5
[2m2025-12-10T10:13:46.537070Z[0m [34mDEBUG[0m [2mhyper::client::pool[0m[2m:[0m reuse idle connection for ("http", 192.168.0.14:8545)
[2m2025-12-10T10:13:46.537112Z[0m [34mDEBUG[0m [2mhyper::proto::h1::io[0m[2m:[0m flushed 250 bytes
[2m2025-12-10T10:13:46.544665Z[0m [34mDEBUG[0m [2mhyper::proto::h1::io[0m[2m:[0m parsed 4 headers
[2m2025-12-10T10:13:46.544673Z[0m [34mDEBUG[0m [2mhyper::proto::h1::conn[0m[2m:[0m incoming body is content-length (761 bytes)
[2m2025-12-10T10:13:46.544680Z[0m [34mDEBUG[0m [2mhyper::proto::h1::conn[0m[2m:[0m incoming body completed
[2m2025-12-10T10:13:46.544690Z[0m [34mDEBUG[0m [2mhyper::client::pool[0m[2m:[0m pooling idle connection for ("http", 192.168.0.14:8545)
[2m2025-12-10T10:13:46.544698Z[0m [34mDEBUG[0m [2methereum_transaction_pool_monitor::eth_client[0m[2m:[0m 📡 Transaction fetch RPC completed in 7.640791ms
[2m2025-12-10T10:13:46.617064Z[0m [34mDEBUG[0m [2methereum_transaction_pool_monitor::eth_client[0m[2m:[0m ✅ Transaction 0x8e609c4b5d34f4c741e02894b9a1058a54b33a9f6181e12930291381999c6af5 fetched and parsed in 80.005125ms
[2m2025-12-10T10:13:46.617089Z[0m [34mDEBUG[0m [2methereum_transaction_pool_monitor::mempool_monitor[0m[2m:[0m 🔍 Skipping tx 0x8e609c4b5d34f4c741e02894b9a1058a54b33a9f6181e12930291381999c6af5 - not a DEX interaction (target: 0xA0b86991c6218b36c1d19D4a2e9Eb0cE3606eB48)
[2m2025-12-10T10:13:46.617099Z[0m [34mDEBUG[0m [2methereum_transaction_pool_monitor::mempool_monitor[0m[2m:[0m 📨 Processing new pending transaction: 0xd25248ada72dcbfceb2570d6b4b7bfc2eb5d24811914cfcadb01210c3b2249c2
[2m2025-12-10T10:13:46.617108Z[0m [34mDEBUG[0m [2methereum_transaction_pool_monitor::mempool_monitor[0m[2m:[0m 🔍 Fetching transaction details for: 0xd25248ada72dcbfceb2570d6b4b7bfc2eb5d24811914cfcadb01210c3b2249c2
[2m2025-12-10T10:13:46.617113Z[0m [34mDEBUG[0m [2methereum_transaction_pool_monitor::eth_client[0m[2m:[0m 🔍 Fetching transaction details for hash: 0xd25248ada72dcbfceb2570d6b4b7bfc2eb5d24811914cfcadb01210c3b2249c2
[2m2025-12-10T10:13:46.617132Z[0m [34mDEBUG[0m [2mhyper::client::pool[0m[2m:[0m reuse idle connection for ("http", 192.168.0.14:8545)
[2m2025-12-10T10:13:46.617165Z[0m [34mDEBUG[0m [2mhyper::proto::h1::io[0m[2m:[0m flushed 250 bytes
[2m2025-12-10T10:13:46.617217Z[0m [34mDEBUG[0m [2mhyper::client::pool[0m[2m:[0m reuse idle connection for ("http", 192.168.0.14:8545)
[2m2025-12-10T10:13:46.617231Z[0m [34mDEBUG[0m [2mhyper::proto::h1::io[0m[2m:[0m flushed 172 bytes
[2m2025-12-10T10:13:46.622607Z[0m [34mDEBUG[0m [2mhyper::proto::h1::io[0m[2m:[0m parsed 4 headers
[2m2025-12-10T10:13:46.622615Z[0m [34mDEBUG[0m [2mhyper::proto::h1::conn[0m[2m:[0m incoming body is content-length (45 bytes)
[2m2025-12-10T10:13:46.622622Z[0m [34mDEBUG[0m [2mhyper::proto::h1::conn[0m[2m:[0m incoming body completed
[2m2025-12-10T10:13:46.622630Z[0m [34mDEBUG[0m [2mhyper::client::pool[0m[2m:[0m pooling idle connection for ("http", 192.168.0.14:8545)
[2m2025-12-10T10:13:46.626252Z[0m [34mDEBUG[0m [2mhyper::proto::h1::io[0m[2m:[0m parsed 4 headers
[2m2025-12-10T10:13:46.626259Z[0m [34mDEBUG[0m [2mhyper::proto::h1::conn[0m[2m:[0m incoming body is content-length (750 bytes)
[2m2025-12-10T10:13:46.626265Z[0m [34mDEBUG[0m [2mhyper::proto::h1::conn[0m[2m:[0m incoming body completed
[2m2025-12-10T10:13:46.626278Z[0m [34mDEBUG[0m [2mhyper::client::pool[0m[2m:[0m pooling idle connection for ("http", 192.168.0.14:8545)
[2m2025-12-10T10:13:46.626284Z[0m [34mDEBUG[0m [2methereum_transaction_pool_monitor::eth_client[0m[2m:[0m 📡 Transaction fetch RPC completed in 9.167ms
[2m2025-12-10T10:13:46.700131Z[0m [34mDEBUG[0m [2methereum_transaction_pool_monitor::eth_client[0m[2m:[0m ✅ Transaction 0xd25248ada72dcbfceb2570d6b4b7bfc2eb5d24811914cfcadb01210c3b2249c2 fetched and parsed in 83.011167ms
[2m2025-12-10T10:13:46.700147Z[0m [34mDEBUG[0m [2methereum_transaction_pool_monitor::mempool_monitor[0m[2m:[0m 🔍 Skipping tx 0xd25248ada72dcbfceb2570d6b4b7bfc2eb5d24811914cfcadb01210c3b2249c2 - not a DEX interaction (target: 0x1b7ad2bf458047AA369478CaED5af5303EA3434A)
[2m2025-12-10T10:13:46.700154Z[0m [34mDEBUG[0m [2methereum_transaction_pool_monitor::mempool_monitor[0m[2m:[0m 📨 Processing new pending transaction: 0x314c17ba1228983b17b4c7fbc2cf781a901b05f4a598c8c3625a8d7942724874
[2m2025-12-10T10:13:46.700158Z[0m [34mDEBUG[0m [2methereum_transaction_pool_monitor::mempool_monitor[0m[2m:[0m 🔍 Fetching transaction details for: 0x314c17ba1228983b17b4c7fbc2cf781a901b05f4a598c8c3625a8d7942724874
[2m2025-12-10T10:13:46.700161Z[0m [34mDEBUG[0m [2methereum_transaction_pool_monitor::eth_client[0m[2m:[0m 🔍 Fetching transaction details for hash: 0x314c17ba1228983b17b4c7fbc2cf781a901b05f4a598c8c3625a8d7942724874
[2m2025-12-10T10:13:46.700178Z[0m [34mDEBUG[0m [2mhyper::client::pool[0m[2m:[0m reuse idle connection for ("http", 192.168.0.14:8545)
[2m2025-12-10T10:13:46.700213Z[0m [34mDEBUG[0m [2mhyper::proto::h1::io[0m[2m:[0m flushed 250 bytes
[2m2025-12-10T10:13:46.700238Z[0m [34mDEBUG[0m [2mhyper::client::pool[0m[2m:[0m reuse idle connection for ("http", 192.168.0.14:8545)
[2m2025-12-10T10:13:46.700251Z[0m [34mDEBUG[0m [2mhyper::proto::h1::io[0m[2m:[0m flushed 172 bytes
[2m2025-12-10T10:13:46.703576Z[0m [34mDEBUG[0m [2mhyper::proto::h1::io[0m[2m:[0m parsed 4 headers
[2m2025-12-10T10:13:46.703585Z[0m [34mDEBUG[0m [2mhyper::proto::h1::conn[0m[2m:[0m incoming body is content-length (644 bytes)
[2m2025-12-10T10:13:46.703592Z[0m [34mDEBUG[0m [2mhyper::proto::h1::conn[0m[2m:[0m incoming body completed
[2m2025-12-10T10:13:46.703601Z[0m [34mDEBUG[0m [2mhyper::client::pool[0m[2m:[0m pooling idle connection for ("http", 192.168.0.14:8545)
[2m2025-12-10T10:13:46.703606Z[0m [34mDEBUG[0m [2methereum_transaction_pool_monitor::eth_client[0m[2m:[0m 📡 Transaction fetch RPC completed in 3.442042ms
[2m2025-12-10T10:13:46.773862Z[0m [34mDEBUG[0m [2methereum_transaction_pool_monitor::eth_client[0m[2m:[0m ✅ Transaction 0x314c17ba1228983b17b4c7fbc2cf781a901b05f4a598c8c3625a8d7942724874 fetched and parsed in 73.695334ms
[2m2025-12-10T10:13:46.773878Z[0m [34mDEBUG[0m [2methereum_transaction_pool_monitor::mempool_monitor[0m[2m:[0m 🔍 Skipping tx 0x314c17ba1228983b17b4c7fbc2cf781a901b05f4a598c8c3625a8d7942724874 - not a DEX interaction (target: 0x17E5545B11b468072283Cee1F066a059Fb0dbF24)
[2m2025-12-10T10:13:46.773885Z[0m [34mDEBUG[0m [2methereum_transaction_pool_monitor::mempool_monitor[0m[2m:[0m 📨 Processing new pending transaction: 0x16cb3995092a4550f73c408698e8f779de878fe3daa3e0d9292ac2e5e7da44c3
[2m2025-12-10T10:13:46.773889Z[0m [34mDEBUG[0m [2methereum_transaction_pool_monitor::mempool_monitor[0m[2m:[0m 🔍 Fetching transaction details for: 0x16cb3995092a4550f73c408698e8f779de878fe3daa3e0d9292ac2e5e7da44c3
[2m2025-12-10T10:13:46.773892Z[0m [34mDEBUG[0m [2methereum_transaction_pool_monitor::eth_client[0m[2m:[0m 🔍 Fetching transaction details for hash: 0x16cb3995092a4550f73c408698e8f779de878fe3daa3e0d9292ac2e5e7da44c3
[2m2025-12-10T10:13:46.773909Z[0m [34mDEBUG[0m [2mhyper::client::pool[0m[2m:[0m reuse idle connection for ("http", 192.168.0.14:8545)
[2m2025-12-10T10:13:46.773945Z[0m [34mDEBUG[0m [2mhyper::proto::h1::io[0m[2m:[0m flushed 250 bytes
[2m2025-12-10T10:13:46.773973Z[0m [34mDEBUG[0m [2methereum_transaction_pool_monitor::eth_client[0m[2m:[0m 📨 Received WebSocket message: {"jsonrpc":"2.0","method":"eth_subscription","params":{"subscription":"0xbed0a0851463e895960a451075a301a9","result":"0xbd47c60a055bfa0f4871d4681958be4333c5e58d5e8e36a56004cede33720a82"}}
[2m2025-12-10T10:13:46.773979Z[0m [34mDEBUG[0m [2methereum_transaction_pool_monitor::eth_client[0m[2m:[0m 📨 Received pending transaction: 0xbd47c60a055bfa0f4871d4681958be4333c5e58d5e8e36a56004cede33720a82
[2m2025-12-10T10:13:46.773979Z[0m [34mDEBUG[0m [2mhyper::proto::h1::io[0m[2m:[0m parsed 4 headers
[2m2025-12-10T10:13:46.773987Z[0m [34mDEBUG[0m [2mhyper::proto::h1::conn[0m[2m:[0m incoming body is content-length (45 bytes)
[2m2025-12-10T10:13:46.773993Z[0m [34mDEBUG[0m [2mhyper::proto::h1::conn[0m[2m:[0m incoming body completed
[2m2025-12-10T10:13:46.774000Z[0m [34mDEBUG[0m [2mhyper::client::pool[0m[2m:[0m pooling idle connection for ("http", 192.168.0.14:8545)
[2m2025-12-10T10:13:46.779759Z[0m [34mDEBUG[0m [2mhyper::proto::h1::io[0m[2m:[0m parsed 4 headers
[2m2025-12-10T10:13:46.779764Z[0m [34mDEBUG[0m [2mhyper::proto::h1::conn[0m[2m:[0m incoming body is content-length (766 bytes)
[2m2025-12-10T10:13:46.779768Z[0m [34mDEBUG[0m [2mhyper::proto::h1::conn[0m[2m:[0m incoming body completed
[2m2025-12-10T10:13:46.779774Z[0m [34mDEBUG[0m [2mhyper::client::pool[0m[2m:[0m pooling idle connection for ("http", 192.168.0.14:8545)
[2m2025-12-10T10:13:46.779778Z[0m [34mDEBUG[0m [2methereum_transaction_pool_monitor::eth_client[0m[2m:[0m 📡 Transaction fetch RPC completed in 5.882709ms
[2m2025-12-10T10:13:46.779789Z[0m [34mDEBUG[0m [2methereum_transaction_pool_monitor::eth_client[0m[2m:[0m DeFi transaction detected - Address: 0xdac17f958d2ee523a2206206994597c13d831ec7, Type: Stablecoin, Value: 0 ETH, Gas: 0.22 Gwei
[2m2025-12-10T10:13:46.779799Z[0m [34mDEBUG[0m [2methereum_transaction_pool_monitor::eth_client[0m[2m:[0m ✅ Transaction 0x16cb3995092a4550f73c408698e8f779de878fe3daa3e0d9292ac2e5e7da44c3 fetched and parsed in 5.903ms
[2m2025-12-10T10:13:46.779803Z[0m [34mDEBUG[0m [2methereum_transaction_pool_monitor::mempool_monitor[0m[2m:[0m 🔍 Skipping tx 0x16cb3995092a4550f73c408698e8f779de878fe3daa3e0d9292ac2e5e7da44c3 - not a DEX interaction (target: 0xdAC17F958D2ee523a2206206994597C13D831ec7)
[2m2025-12-10T10:13:46.779808Z[0m [34mDEBUG[0m [2methereum_transaction_pool_monitor::mempool_monitor[0m[2m:[0m 📨 Processing new pending transaction: 0x07a3aaa7d691c0a70cce3067f9d98994e92a0c8eaccf87b7a4de14fd6102de0e
[2m2025-12-10T10:13:46.779811Z[0m [34mDEBUG[0m [2methereum_transaction_pool_monitor::mempool_monitor[0m[2m:[0m 🔍 Fetching transaction details for: 0x07a3aaa7d691c0a70cce3067f9d98994e92a0c8eaccf87b7a4de14fd6102de0e
[2m2025-12-10T10:13:46.779813Z[0m [34mDEBUG[0m [2methereum_transaction_pool_monitor::eth_client[0m[2m:[0m 🔍 Fetching transaction details for hash: 0x07a3aaa7d691c0a70cce3067f9d98994e92a0c8eaccf87b7a4de14fd6102de0e
[2m2025-12-10T10:13:46.779823Z[0m [34mDEBUG[0m [2mhyper::client::pool[0m[2m:[0m reuse idle connection for ("http", 192.168.0.14:8545)
[2m2025-12-10T10:13:46.779838Z[0m [34mDEBUG[0m [2mhyper::proto::h1::io[0m[2m:[0m flushed 250 bytes
[2m2025-12-10T10:13:46.786940Z[0m [34mDEBUG[0m [2mhyper::proto::h1::io[0m[2m:[0m parsed 4 headers
[2m2025-12-10T10:13:46.786947Z[0m [34mDEBUG[0m [2mhyper::proto::h1::conn[0m[2m:[0m incoming body is content-length (1037 bytes)
[2m2025-12-10T10:13:46.786953Z[0m [34mDEBUG[0m [2mhyper::proto::h1::conn[0m[2m:[0m incoming body completed
[2m2025-12-10T10:13:46.786961Z[0m [34mDEBUG[0m [2mhyper::client::pool[0m[2m:[0m pooling idle connection for ("http", 192.168.0.14:8545)
[2m2025-12-10T10:13:46.786967Z[0m [34mDEBUG[0m [2methereum_transaction_pool_monitor::eth_client[0m[2m:[0m 📡 Transaction fetch RPC completed in 7.150541ms
[2m2025-12-10T10:13:46.858746Z[0m [34mDEBUG[0m [2methereum_transaction_pool_monitor::eth_client[0m[2m:[0m ✅ Transaction 0x07a3aaa7d691c0a70cce3067f9d98994e92a0c8eaccf87b7a4de14fd6102de0e fetched and parsed in 78.9275ms
[2m2025-12-10T10:13:46.858770Z[0m [34mDEBUG[0m [2methereum_transaction_pool_monitor::mempool_monitor[0m[2m:[0m 🔍 Skipping tx 0x07a3aaa7d691c0a70cce3067f9d98994e92a0c8eaccf87b7a4de14fd6102de0e - not a DEX interaction (target: 0xC3898EA7E322B3CDC92D65CFe5a34808b7338236)
[2m2025-12-10T10:13:46.858780Z[0m [34mDEBUG[0m [2methereum_transaction_pool_monitor::mempool_monitor[0m[2m:[0m 📨 Processing new pending transaction: 0x21ca8fea3b4e4490223510da2e0a4d0d8f31c42b6e3d5b5e897e258452be877e
[2m2025-12-10T10:13:46.858784Z[0m [34mDEBUG[0m [2methereum_transaction_pool_monitor::mempool_monitor[0m[2m:[0m 🔍 Fetching transaction details for: 0x21ca8fea3b4e4490223510da2e0a4d0d8f31c42b6e3d5b5e897e258452be877e
[2m2025-12-10T10:13:46.858788Z[0m [34mDEBUG[0m [2methereum_transaction_pool_monitor::eth_client[0m[2m:[0m 🔍 Fetching transaction details for hash: 0x21ca8fea3b4e4490223510da2e0a4d0d8f31c42b6e3d5b5e897e258452be877e
[2m2025-12-10T10:13:46.858807Z[0m [34mDEBUG[0m [2mhyper::client::pool[0m[2m:[0m reuse idle connection for ("http", 192.168.0.14:8545)
[2m2025-12-10T10:13:46.858856Z[0m [34mDEBUG[0m [2mhyper::proto::h1::io[0m[2m:[0m flushed 250 bytes
[2m2025-12-10T10:13:46.858912Z[0m [34mDEBUG[0m [2mhyper::client::pool[0m[2m:[0m reuse idle connection for ("http", 192.168.0.14:8545)
[2m2025-12-10T10:13:46.858929Z[0m [34mDEBUG[0m [2mhyper::proto::h1::io[0m[2m:[0m flushed 172 bytes
[2m2025-12-10T10:13:46.864062Z[0m [34mDEBUG[0m [2mhyper::proto::h1::io[0m[2m:[0m parsed 4 headers
[2m2025-12-10T10:13:46.864070Z[0m [34mDEBUG[0m [2mhyper::proto::h1::conn[0m[2m:[0m incoming body is content-length (779 bytes)
[2m2025-12-10T10:13:46.864077Z[0m [34mDEBUG[0m [2mhyper::proto::h1::conn[0m[2m:[0m incoming body completed
[2m2025-12-10T10:13:46.864086Z[0m [34mDEBUG[0m [2mhyper::client::pool[0m[2m:[0m pooling idle connection for ("http", 192.168.0.14:8545)
[2m2025-12-10T10:13:46.864092Z[0m [34mDEBUG[0m [2methereum_transaction_pool_monitor::eth_client[0m[2m:[0m 📡 Transaction fetch RPC completed in 5.299125ms
[2m2025-12-10T10:13:46.935930Z[0m [34mDEBUG[0m [2methereum_transaction_pool_monitor::eth_client[0m[2m:[0m ✅ Transaction 0x21ca8fea3b4e4490223510da2e0a4d0d8f31c42b6e3d5b5e897e258452be877e fetched and parsed in 77.134625ms
[2m2025-12-10T10:13:46.935955Z[0m [34mDEBUG[0m [2methereum_transaction_pool_monitor::mempool_monitor[0m[2m:[0m 🔍 Skipping tx 0x21ca8fea3b4e4490223510da2e0a4d0d8f31c42b6e3d5b5e897e258452be877e - not a DEX interaction (target: 0xA0b86991c6218b36c1d19D4a2e9Eb0cE3606eB48)
[2m2025-12-10T10:13:46.935965Z[0m [34mDEBUG[0m [2methereum_transaction_pool_monitor::mempool_monitor[0m[2m:[0m 📨 Processing new pending transaction: 0xe4a2106dd60a3145eda06b4caf96c28b4170b37e5174c4336a494f701d391420
[2m2025-12-10T10:13:46.935972Z[0m [34mDEBUG[0m [2methereum_transaction_pool_monitor::mempool_monitor[0m[2m:[0m 🔍 Fetching transaction details for: 0xe4a2106dd60a3145eda06b4caf96c28b4170b37e5174c4336a494f701d391420
[2m2025-12-10T10:13:46.935977Z[0m [34mDEBUG[0m [2methereum_transaction_pool_monitor::eth_client[0m[2m:[0m 🔍 Fetching transaction details for hash: 0xe4a2106dd60a3145eda06b4caf96c28b4170b37e5174c4336a494f701d391420
[2m2025-12-10T10:13:46.935999Z[0m [34mDEBUG[0m [2mhyper::client::pool[0m[2m:[0m reuse idle connection for ("http", 192.168.0.14:8545)
[2m2025-12-10T10:13:46.936040Z[0m [34mDEBUG[0m [2mhyper::proto::h1::io[0m[2m:[0m flushed 250 bytes
[2m2025-12-10T10:13:46.936065Z[0m [34mDEBUG[0m [2methereum_transaction_pool_monitor::eth_client[0m[2m:[0m 📨 Received WebSocket message: {"jsonrpc":"2.0","method":"eth_subscription","params":{"subscription":"0xbed0a0851463e895960a451075a301a9","result":"0xf506804d4954c7ef14b6c5977282b8c3b95d381c4cb7dbe94ff5bc2ce3f416df"}}
[2m2025-12-10T10:13:46.936086Z[0m [34mDEBUG[0m [2mhyper::proto::h1::io[0m[2m:[0m parsed 4 headers
[2m2025-12-10T10:13:46.936257Z[0m [34mDEBUG[0m [2methereum_transaction_pool_monitor::eth_client[0m[2m:[0m 📨 Received pending transaction: 0xf506804d4954c7ef14b6c5977282b8c3b95d381c4cb7dbe94ff5bc2ce3f416df
[2m2025-12-10T10:13:46.936279Z[0m [34mDEBUG[0m [2mhyper::proto::h1::conn[0m[2m:[0m incoming body is content-length (45 bytes)
[2m2025-12-10T10:13:46.936284Z[0m [34mDEBUG[0m [2methereum_transaction_pool_monitor::eth_client[0m[2m:[0m 📨 Received WebSocket message: {"jsonrpc":"2.0","method":"eth_subscription","params":{"subscription":"0xbed0a0851463e895960a451075a301a9","result":"0x5d994a491c67cd7a86ca87444829d4e921bf3b2179bf45f68aa606afbf43bb83"}}
[2m2025-12-10T10:13:46.936289Z[0m [34mDEBUG[0m [2mhyper::proto::h1::conn[0m[2m:[0m incoming body completed
[2m2025-12-10T10:13:46.936290Z[0m [34mDEBUG[0m [2methereum_transaction_pool_monitor::eth_client[0m[2m:[0m 📨 Received pending transaction: 0x5d994a491c67cd7a86ca87444829d4e921bf3b2179bf45f68aa606afbf43bb83
[2m2025-12-10T10:13:46.936304Z[0m [34mDEBUG[0m [2mhyper::client::pool[0m[2m:[0m pooling idle connection for ("http", 192.168.0.14:8545)
[2m2025-12-10T10:13:46.936334Z[0m [34mDEBUG[0m [2mhyper::client::pool[0m[2m:[0m reuse idle connection for ("http", 192.168.0.14:8545)
[2m2025-12-10T10:13:46.936351Z[0m [34mDEBUG[0m [2mhyper::proto::h1::io[0m[2m:[0m flushed 172 bytes
[2m2025-12-10T10:13:46.941098Z[0m [34mDEBUG[0m [2mhyper::proto::h1::io[0m[2m:[0m parsed 4 headers
[2m2025-12-10T10:13:46.941109Z[0m [34mDEBUG[0m [2mhyper::proto::h1::conn[0m[2m:[0m incoming body is content-length (45 bytes)
[2m2025-12-10T10:13:46.941114Z[0m [34mDEBUG[0m [2mhyper::proto::h1::conn[0m[2m:[0m incoming body completed
[2m2025-12-10T10:13:46.941121Z[0m [34mDEBUG[0m [2mhyper::client::pool[0m[2m:[0m pooling idle connection for ("http", 192.168.0.14:8545)
[2m2025-12-10T10:13:46.945554Z[0m [34mDEBUG[0m [2mhyper::proto::h1::io[0m[2m:[0m parsed 4 headers
[2m2025-12-10T10:13:46.945561Z[0m [34mDEBUG[0m [2mhyper::proto::h1::conn[0m[2m:[0m incoming body is content-length (655 bytes)
[2m2025-12-10T10:13:46.945566Z[0m [34mDEBUG[0m [2mhyper::proto::h1::conn[0m[2m:[0m incoming body completed
[2m2025-12-10T10:13:46.945572Z[0m [34mDEBUG[0m [2mhyper::client::pool[0m[2m:[0m pooling idle connection for ("http", 192.168.0.14:8545)
[2m2025-12-10T10:13:46.945577Z[0m [34mDEBUG[0m [2methereum_transaction_pool_monitor::eth_client[0m[2m:[0m 📡 Transaction fetch RPC completed in 9.59475ms
[2m2025-12-10T10:13:47.017942Z[0m [34mDEBUG[0m [2methereum_transaction_pool_monitor::eth_client[0m[2m:[0m ✅ Transaction 0xe4a2106dd60a3145eda06b4caf96c28b4170b37e5174c4336a494f701d391420 fetched and parsed in 81.956292ms
[2m2025-12-10T10:13:47.017963Z[0m [34mDEBUG[0m [2methereum_transaction_pool_monitor::mempool_monitor[0m[2m:[0m 🔍 Skipping tx 0xe4a2106dd60a3145eda06b4caf96c28b4170b37e5174c4336a494f701d391420 - not a DEX interaction (target: 0x62A31fBd8cb294c67B1455b2c02584e29D7Ab906)
[2m2025-12-10T10:13:47.017971Z[0m [34mDEBUG[0m [2methereum_transaction_pool_monitor::mempool_monitor[0m[2m:[0m 📨 Processing new pending transaction: 0xb36f3b3d74c6adfa028c646ac1306107b0c382f7ec7f5cbc2f2e2644d36c326d
[2m2025-12-10T10:13:47.017976Z[0m [34mDEBUG[0m [2methereum_transaction_pool_monitor::mempool_monitor[0m[2m:[0m 🔍 Fetching transaction details for: 0xb36f3b3d74c6adfa028c646ac1306107b0c382f7ec7f5cbc2f2e2644d36c326d
[2m2025-12-10T10:13:47.017980Z[0m [34mDEBUG[0m [2methereum_transaction_pool_monitor::eth_client[0m[2m:[0m 🔍 Fetching transaction details for hash: 0xb36f3b3d74c6adfa028c646ac1306107b0c382f7ec7f5cbc2f2e2644d36c326d
[2m2025-12-10T10:13:47.017998Z[0m [34mDEBUG[0m [2mhyper::client::pool[0m[2m:[0m reuse idle connection for ("http", 192.168.0.14:8545)
[2m2025-12-10T10:13:47.018040Z[0m [34mDEBUG[0m [2mhyper::proto::h1::io[0m[2m:[0m flushed 250 bytes
[2m2025-12-10T10:13:47.018065Z[0m [34mDEBUG[0m [2mhyper::client::pool[0m[2m:[0m reuse idle connection for ("http", 192.168.0.14:8545)
[2m2025-12-10T10:13:47.018077Z[0m [34mDEBUG[0m [2mhyper::proto::h1::io[0m[2m:[0m flushed 172 bytes
[2m2025-12-10T10:13:47.018107Z[0m [34mDEBUG[0m [2methereum_transaction_pool_monitor::eth_client[0m[2m:[0m 📨 Received WebSocket message: {"jsonrpc":"2.0","method":"eth_subscription","params":{"subscription":"0xbed0a0851463e895960a451075a301a9","result":"0x9266e12fbe02e3c0cf166fdc0a118910c6b9e02f7d3f7c7eccd16c894d240450"}}
[2m2025-12-10T10:13:47.018114Z[0m [34mDEBUG[0m [2methereum_transaction_pool_monitor::eth_client[0m[2m:[0m 📨 Received pending transaction: 0x9266e12fbe02e3c0cf166fdc0a118910c6b9e02f7d3f7c7eccd16c894d240450
[2m2025-12-10T10:13:47.022666Z[0m [34mDEBUG[0m [2mhyper::proto::h1::io[0m[2m:[0m parsed 4 headers
[2m2025-12-10T10:13:47.022677Z[0m [34mDEBUG[0m [2mhyper::proto::h1::conn[0m[2m:[0m incoming body is content-length (17727 bytes)
[2m2025-12-10T10:13:47.022691Z[0m [34mDEBUG[0m [2methereum_transaction_pool_monitor::eth_client[0m[2m:[0m 📡 Transaction fetch RPC completed in 4.706541ms
[2m2025-12-10T10:13:47.025024Z[0m [34mDEBUG[0m [2mhyper::proto::h1::conn[0m[2m:[0m incoming body completed
[2m2025-12-10T10:13:47.025035Z[0m [34mDEBUG[0m [2mhyper::client::pool[0m[2m:[0m pooling idle connection for ("http", 192.168.0.14:8545)
[2m2025-12-10T10:13:47.026373Z[0m [34mDEBUG[0m [2mhyper::proto::h1::io[0m[2m:[0m parsed 4 headers
[2m2025-12-10T10:13:47.029978Z[0m [34mDEBUG[0m [2mhyper::proto::h1::conn[0m[2m:[0m incoming body is content-length (45 bytes)
[2m2025-12-10T10:13:47.029989Z[0m [34mDEBUG[0m [2mhyper::proto::h1::conn[0m[2m:[0m incoming body completed
[2m2025-12-10T10:13:47.030001Z[0m [34mDEBUG[0m [2mhyper::client::pool[0m[2m:[0m pooling idle connection for ("http", 192.168.0.14:8545)
[2m2025-12-10T10:13:47.060390Z[0m [34mDEBUG[0m [2methereum_transaction_pool_monitor::eth_client[0m[2m:[0m 📨 Received WebSocket message: {"jsonrpc":"2.0","method":"eth_subscription","params":{"subscription":"0xbed0a0851463e895960a451075a301a9","result":"0x864482599b66c6b95a659e9c693b0ba728b38b63686ba7880e0830cf2f4d8d52"}}
[2m2025-12-10T10:13:47.060426Z[0m [34mDEBUG[0m [2methereum_transaction_pool_monitor::eth_client[0m[2m:[0m 📨 Received pending transaction: 0x864482599b66c6b95a659e9c693b0ba728b38b63686ba7880e0830cf2f4d8d52
[2m2025-12-10T10:13:47.095532Z[0m [34mDEBUG[0m [2methereum_transaction_pool_monitor::eth_client[0m[2m:[0m ✅ Transaction 0xb36f3b3d74c6adfa028c646ac1306107b0c382f7ec7f5cbc2f2e2644d36c326d fetched and parsed in 77.544875ms
[2m2025-12-10T10:13:47.095552Z[0m [34mDEBUG[0m [2methereum_transaction_pool_monitor::mempool_monitor[0m[2m:[0m 🔍 Skipping tx 0xb36f3b3d74c6adfa028c646ac1306107b0c382f7ec7f5cbc2f2e2644d36c326d - not a DEX interaction (target: 0xe530d28960d48708CcF3e62Aa7B42A80bC427Aef)
[2m2025-12-10T10:13:47.095559Z[0m [34mDEBUG[0m [2methereum_transaction_pool_monitor::mempool_monitor[0m[2m:[0m 📨 Processing new pending transaction: 0x47ab386e9593c5d7083ba891d76e72ee3f2e49cb4d7f5d6d53a3455ff4c57862
[2m2025-12-10T10:13:47.095563Z[0m [34mDEBUG[0m [2methereum_transaction_pool_monitor::mempool_monitor[0m[2m:[0m 🔍 Fetching transaction details for: 0x47ab386e9593c5d7083ba891d76e72ee3f2e49cb4d7f5d6d53a3455ff4c57862
[2m2025-12-10T10:13:47.095566Z[0m [34mDEBUG[0m [2methereum_transaction_pool_monitor::eth_client[0m[2m:[0m 🔍 Fetching transaction details for hash: 0x47ab386e9593c5d7083ba891d76e72ee3f2e49cb4d7f5d6d53a3455ff4c57862
[2m2025-12-10T10:13:47.095583Z[0m [34mDEBUG[0m [2mhyper::client::pool[0m[2m:[0m reuse idle connection for ("http", 192.168.0.14:8545)
[2m2025-12-10T10:13:47.095625Z[0m [34mDEBUG[0m [2mhyper::proto::h1::io[0m[2m:[0m flushed 250 bytes
[2m2025-12-10T10:13:47.098843Z[0m [34mDEBUG[0m [2mhyper::client::pool[0m[2m:[0m reuse idle connection for ("http", 192.168.0.14:8545)
[2m2025-12-10T10:13:47.098895Z[0m [34mDEBUG[0m [2mhyper::proto::h1::io[0m[2m:[0m flushed 172 bytes
[2m2025-12-10T10:13:47.099673Z[0m [34mDEBUG[0m [2mhyper::proto::h1::io[0m[2m:[0m parsed 4 headers
[2m2025-12-10T10:13:47.099679Z[0m [34mDEBUG[0m [2mhyper::proto::h1::conn[0m[2m:[0m incoming body is content-length (13183 bytes)
[2m2025-12-10T10:13:47.099692Z[0m [34mDEBUG[0m [2methereum_transaction_pool_monitor::eth_client[0m[2m:[0m 📡 Transaction fetch RPC completed in 4.122125ms
[2m2025-12-10T10:13:47.101700Z[0m [34mDEBUG[0m [2mhyper::proto::h1::conn[0m[2m:[0m incoming body completed
[2m2025-12-10T10:13:47.101712Z[0m [34mDEBUG[0m [2mhyper::client::pool[0m[2m:[0m pooling idle connection for ("http", 192.168.0.14:8545)
[2m2025-12-10T10:13:47.101724Z[0m [34mDEBUG[0m [2mhyper::proto::h1::io[0m[2m:[0m parsed 4 headers
[2m2025-12-10T10:13:47.101728Z[0m [34mDEBUG[0m [2mhyper::proto::h1::conn[0m[2m:[0m incoming body is content-length (45 bytes)
[2m2025-12-10T10:13:47.101733Z[0m [34mDEBUG[0m [2mhyper::proto::h1::conn[0m[2m:[0m incoming body completed
[2m2025-12-10T10:13:47.101740Z[0m [34mDEBUG[0m [2mhyper::client::pool[0m[2m:[0m pooling idle connection for ("http", 192.168.0.14:8545)
[2m2025-12-10T10:13:47.172916Z[0m [34mDEBUG[0m [2methereum_transaction_pool_monitor::eth_client[0m[2m:[0m ✅ Transaction 0x47ab386e9593c5d7083ba891d76e72ee3f2e49cb4d7f5d6d53a3455ff4c57862 fetched and parsed in 77.343667ms
[2m2025-12-10T10:13:47.172941Z[0m [34mDEBUG[0m [2methereum_transaction_pool_monitor::mempool_monitor[0m[2m:[0m 🔍 Skipping tx 0x47ab386e9593c5d7083ba891d76e72ee3f2e49cb4d7f5d6d53a3455ff4c57862 - not a DEX interaction (target: 0x618892aE551eB5bB2DE8911057b3714274b5FFe1)
[2m2025-12-10T10:13:47.172951Z[0m [34mDEBUG[0m [2methereum_transaction_pool_monitor::mempool_monitor[0m[2m:[0m 📨 Processing new pending transaction: 0xa470569a8a48d15c20af7d1581173d81965f52bc8fb0ef6336782ce581bfbddc
[2m2025-12-10T10:13:47.172956Z[0m [34mDEBUG[0m [2methereum_transaction_pool_monitor::mempool_monitor[0m[2m:[0m 🔍 Fetching transaction details for: 0xa470569a8a48d15c20af7d1581173d81965f52bc8fb0ef6336782ce581bfbddc
[2m2025-12-10T10:13:47.172960Z[0m [34mDEBUG[0m [2methereum_transaction_pool_monitor::eth_client[0m[2m:[0m 🔍 Fetching transaction details for hash: 0xa470569a8a48d15c20af7d1581173d81965f52bc8fb0ef6336782ce581bfbddc
[2m2025-12-10T10:13:47.172980Z[0m [34mDEBUG[0m [2mhyper::client::pool[0m[2m:[0m reuse idle connection for ("http", 192.168.0.14:8545)
[2m2025-12-10T10:13:47.173028Z[0m [34mDEBUG[0m [2mhyper::proto::h1::io[0m[2m:[0m flushed 250 bytes
[2m2025-12-10T10:13:47.179419Z[0m [34mDEBUG[0m [2mhyper::proto::h1::io[0m[2m:[0m parsed 4 headers
[2m2025-12-10T10:13:47.179429Z[0m [34mDEBUG[0m [2mhyper::proto::h1::conn[0m[2m:[0m incoming body is content-length (770 bytes)
[2m2025-12-10T10:13:47.179437Z[0m [34mDEBUG[0m [2mhyper::proto::h1::conn[0m[2m:[0m incoming body completed
[2m2025-12-10T10:13:47.179446Z[0m [34mDEBUG[0m [2mhyper::client::pool[0m[2m:[0m pooling idle connection for ("http", 192.168.0.14:8545)
[2m2025-12-10T10:13:47.179452Z[0m [34mDEBUG[0m [2methereum_transaction_pool_monitor::eth_client[0m[2m:[0m 📡 Transaction fetch RPC completed in 6.487166ms
[2m2025-12-10T10:13:47.252334Z[0m [34mDEBUG[0m [2methereum_transaction_pool_monitor::eth_client[0m[2m:[0m ✅ Transaction 0xa470569a8a48d15c20af7d1581173d81965f52bc8fb0ef6336782ce581bfbddc fetched and parsed in 79.365958ms
[2m2025-12-10T10:13:47.252360Z[0m [34mDEBUG[0m [2methereum_transaction_pool_monitor::mempool_monitor[0m[2m:[0m 🔍 Skipping tx 0xa470569a8a48d15c20af7d1581173d81965f52bc8fb0ef6336782ce581bfbddc - not a DEX interaction (target: 0x4a220E6096B25EADb88358cb44068A3248254675)
[2m2025-12-10T10:13:47.252369Z[0m [34mDEBUG[0m [2methereum_transaction_pool_monitor::mempool_monitor[0m[2m:[0m 📨 Processing new pending transaction: 0x262e3cad628bb5ffcaf4fbf09858fe53f387e80925f98b4d78bb7a6ff68f0989
[2m2025-12-10T10:13:47.252430Z[0m [34mDEBUG[0m [2methereum_transaction_pool_monitor::mempool_monitor[0m[2m:[0m 🔍 Fetching transaction details for: 0x262e3cad628bb5ffcaf4fbf09858fe53f387e80925f98b4d78bb7a6ff68f0989
[2m2025-12-10T10:13:47.252464Z[0m [34mDEBUG[0m [2methereum_transaction_pool_monitor::eth_client[0m[2m:[0m 🔍 Fetching transaction details for hash: 0x262e3cad628bb5ffcaf4fbf09858fe53f387e80925f98b4d78bb7a6ff68f0989
[2m2025-12-10T10:13:47.252486Z[0m [34mDEBUG[0m [2mhyper::client::pool[0m[2m:[0m reuse idle connection for ("http", 192.168.0.14:8545)
[2m2025-12-10T10:13:47.252508Z[0m [34mDEBUG[0m [2mhyper::proto::h1::io[0m[2m:[0m flushed 250 bytes
[2m2025-12-10T10:13:47.252524Z[0m [34mDEBUG[0m [2mhyper::client::pool[0m[2m:[0m reuse idle connection for ("http", 192.168.0.14:8545)
[2m2025-12-10T10:13:47.252537Z[0m [34mDEBUG[0m [2mhyper::proto::h1::io[0m[2m:[0m flushed 172 bytes
[2m2025-12-10T10:13:47.252542Z[0m [34mDEBUG[0m [2methereum_transaction_pool_monitor::eth_client[0m[2m:[0m 📨 Received WebSocket message: {"jsonrpc":"2.0","method":"eth_subscription","params":{"subscription":"0xbed0a0851463e895960a451075a301a9","result":"0xf7d59bb81e87c8dd34493418c2c8feb1def64ef38f7c16d36b9fe6500fda6669"}}
[2m2025-12-10T10:13:47.252550Z[0m [34mDEBUG[0m [2methereum_transaction_pool_monitor::eth_client[0m[2m:[0m 📨 Received pending transaction: 0xf7d59bb81e87c8dd34493418c2c8feb1def64ef38f7c16d36b9fe6500fda6669
[2m2025-12-10T10:13:47.258510Z[0m [34mDEBUG[0m [2mhyper::proto::h1::io[0m[2m:[0m parsed 4 headers
[2m2025-12-10T10:13:47.258518Z[0m [34mDEBUG[0m [2mhyper::proto::h1::conn[0m[2m:[0m incoming body is content-length (45 bytes)
[2m2025-12-10T10:13:47.258525Z[0m [34mDEBUG[0m [2mhyper::proto::h1::conn[0m[2m:[0m incoming body completed
[2m2025-12-10T10:13:47.258533Z[0m [34mDEBUG[0m [2mhyper::client::pool[0m[2m:[0m pooling idle connection for ("http", 192.168.0.14:8545)
[2m2025-12-10T10:13:47.262184Z[0m [34mDEBUG[0m [2mhyper::proto::h1::io[0m[2m:[0m parsed 4 headers
[2m2025-12-10T10:13:47.262190Z[0m [34mDEBUG[0m [2mhyper::proto::h1::conn[0m[2m:[0m incoming body is content-length (772 bytes)
[2m2025-12-10T10:13:47.262195Z[0m [34mDEBUG[0m [2mhyper::proto::h1::conn[0m[2m:[0m incoming body completed
[2m2025-12-10T10:13:47.262201Z[0m [34mDEBUG[0m [2mhyper::client::pool[0m[2m:[0m pooling idle connection for ("http", 192.168.0.14:8545)
[2m2025-12-10T10:13:47.262206Z[0m [34mDEBUG[0m [2methereum_transaction_pool_monitor::eth_client[0m[2m:[0m 📡 Transaction fetch RPC completed in 9.73325ms
[2m2025-12-10T10:13:47.334065Z[0m [34mDEBUG[0m [2methereum_transaction_pool_monitor::eth_client[0m[2m:[0m ✅ Transaction 0x262e3cad628bb5ffcaf4fbf09858fe53f387e80925f98b4d78bb7a6ff68f0989 fetched and parsed in 81.589625ms
[2m2025-12-10T10:13:47.334089Z[0m [34mDEBUG[0m [2methereum_transaction_pool_monitor::mempool_monitor[0m[2m:[0m 🔍 Skipping tx 0x262e3cad628bb5ffcaf4fbf09858fe53f387e80925f98b4d78bb7a6ff68f0989 - not a DEX interaction (target: 0xe97F6dDE78b11B58cB3e394F15ab592Cb2ACd290)
[2m2025-12-10T10:13:47.334099Z[0m [34mDEBUG[0m [2methereum_transaction_pool_monitor::mempool_monitor[0m[2m:[0m 📨 Processing new pending transaction: 0x9c77e5cc8ff99f6a9e21e090f7143fdf228d44b9fc2bbe552098147e210b9649
[2m2025-12-10T10:13:47.334103Z[0m [34mDEBUG[0m [2methereum_transaction_pool_monitor::mempool_monitor[0m[2m:[0m 🔍 Fetching transaction details for: 0x9c77e5cc8ff99f6a9e21e090f7143fdf228d44b9fc2bbe552098147e210b9649
[2m2025-12-10T10:13:47.334109Z[0m [34mDEBUG[0m [2methereum_transaction_pool_monitor::eth_client[0m[2m:[0m 🔍 Fetching transaction details for hash: 0x9c77e5cc8ff99f6a9e21e090f7143fdf228d44b9fc2bbe552098147e210b9649
[2m2025-12-10T10:13:47.334128Z[0m [34mDEBUG[0m [2mhyper::client::pool[0m[2m:[0m reuse idle connection for ("http", 192.168.0.14:8545)
[2m2025-12-10T10:13:47.334166Z[0m [34mDEBUG[0m [2mhyper::proto::h1::io[0m[2m:[0m flushed 250 bytes
[2m2025-12-10T10:13:47.334425Z[0m [34mDEBUG[0m [2mhyper::client::pool[0m[2m:[0m reuse idle connection for ("http", 192.168.0.14:8545)
[2m2025-12-10T10:13:47.334446Z[0m [34mDEBUG[0m [2mhyper::proto::h1::io[0m[2m:[0m flushed 172 bytes
[2m2025-12-10T10:13:47.334494Z[0m [34mDEBUG[0m [2methereum_transaction_pool_monitor::eth_client[0m[2m:[0m 📨 Received WebSocket message: {"jsonrpc":"2.0","method":"eth_subscription","params":{"subscription":"0xbed0a0851463e895960a451075a301a9","result":"0xd7a75025b03908e10182768b1bbe2cd3f38ae853c9f16c1111aeea288b91ed07"}}
[2m2025-12-10T10:13:47.334501Z[0m [34mDEBUG[0m [2methereum_transaction_pool_monitor::eth_client[0m[2m:[0m 📨 Received pending transaction: 0xd7a75025b03908e10182768b1bbe2cd3f38ae853c9f16c1111aeea288b91ed07
[2m2025-12-10T10:13:47.334505Z[0m [34mDEBUG[0m [2methereum_transaction_pool_monitor::eth_client[0m[2m:[0m 📨 Received WebSocket message: {"jsonrpc":"2.0","method":"eth_subscription","params":{"subscription":"0xbed0a0851463e895960a451075a301a9","result":"0x13846d51ab49f98041025a2f5ca3efa834baf83adaefe4f5f40668af31bd850f"}}
[2m2025-12-10T10:13:47.334509Z[0m [34mDEBUG[0m [2methereum_transaction_pool_monitor::eth_client[0m[2m:[0m 📨 Received pending transaction: 0x13846d51ab49f98041025a2f5ca3efa834baf83adaefe4f5f40668af31bd850f
[2m2025-12-10T10:13:47.338273Z[0m [34mDEBUG[0m [2mhyper::proto::h1::io[0m[2m:[0m parsed 4 headers
[2m2025-12-10T10:13:47.338277Z[0m [34mDEBUG[0m [2mhyper::proto::h1::conn[0m[2m:[0m incoming body is content-length (760 bytes)
[2m2025-12-10T10:13:47.338284Z[0m [34mDEBUG[0m [2mhyper::proto::h1::conn[0m[2m:[0m incoming body completed
[2m2025-12-10T10:13:47.338291Z[0m [34mDEBUG[0m [2mhyper::client::pool[0m[2m:[0m pooling idle connection for ("http", 192.168.0.14:8545)
[2m2025-12-10T10:13:47.338297Z[0m [34mDEBUG[0m [2methereum_transaction_pool_monitor::eth_client[0m[2m:[0m 📡 Transaction fetch RPC completed in 4.18375ms
[2m2025-12-10T10:13:47.338310Z[0m [34mDEBUG[0m [2methereum_transaction_pool_monitor::eth_client[0m[2m:[0m DeFi transaction detected - Address: 0xdac17f958d2ee523a2206206994597c13d831ec7, Type: Stablecoin, Value: 0 ETH, Gas: 0.25 Gwei
[2m2025-12-10T10:13:47.338323Z[0m [34mDEBUG[0m [2methereum_transaction_pool_monitor::eth_client[0m[2m:[0m ✅ Transaction 0x9c77e5cc8ff99f6a9e21e090f7143fdf228d44b9fc2bbe552098147e210b9649 fetched and parsed in 4.209834ms
[2m2025-12-10T10:13:47.338328Z[0m [34mDEBUG[0m [2methereum_transaction_pool_monitor::mempool_monitor[0m[2m:[0m 🔍 Skipping tx 0x9c77e5cc8ff99f6a9e21e090f7143fdf228d44b9fc2bbe552098147e210b9649 - not a DEX interaction (target: 0xdAC17F958D2ee523a2206206994597C13D831ec7)
[2m2025-12-10T10:13:47.338332Z[0m [34mDEBUG[0m [2methereum_transaction_pool_monitor::mempool_monitor[0m[2m:[0m 📨 Processing new pending transaction: 0xb215a649d0d06c6958a103b69bae41c94337a538ec89ef7054d47444f39012e4
[2m2025-12-10T10:13:47.338335Z[0m [34mDEBUG[0m [2methereum_transaction_pool_monitor::mempool_monitor[0m[2m:[0m 🔍 Fetching transaction details for: 0xb215a649d0d06c6958a103b69bae41c94337a538ec89ef7054d47444f39012e4
[2m2025-12-10T10:13:47.338337Z[0m [34mDEBUG[0m [2methereum_transaction_pool_monitor::eth_client[0m[2m:[0m 🔍 Fetching transaction details for hash: 0xb215a649d0d06c6958a103b69bae41c94337a538ec89ef7054d47444f39012e4
[2m2025-12-10T10:13:47.338344Z[0m [34mDEBUG[0m [2mhyper::client::pool[0m[2m:[0m reuse idle connection for ("http", 192.168.0.14:8545)
[2m2025-12-10T10:13:47.338357Z[0m [34mDEBUG[0m [2mhyper::proto::h1::io[0m[2m:[0m flushed 250 bytes
[2m2025-12-10T10:13:47.338364Z[0m [34mDEBUG[0m [2mhyper::proto::h1::io[0m[2m:[0m parsed 4 headers
[2m2025-12-10T10:13:47.338366Z[0m [34mDEBUG[0m [2mhyper::proto::h1::conn[0m[2m:[0m incoming body is content-length (45 bytes)
[2m2025-12-10T10:13:47.338369Z[0m [34mDEBUG[0m [2mhyper::proto::h1::conn[0m[2m:[0m incoming body completed
[2m2025-12-10T10:13:47.338375Z[0m [34mDEBUG[0m [2mhyper::client::pool[0m[2m:[0m pooling idle connection for ("http", 192.168.0.14:8545)
[2m2025-12-10T10:13:47.342141Z[0m [34mDEBUG[0m [2mhyper::proto::h1::io[0m[2m:[0m parsed 4 headers
[2m2025-12-10T10:13:47.342145Z[0m [34mDEBUG[0m [2mhyper::proto::h1::conn[0m[2m:[0m incoming body is content-length (649 bytes)
[2m2025-12-10T10:13:47.342150Z[0m [34mDEBUG[0m [2mhyper::proto::h1::conn[0m[2m:[0m incoming body completed
[2m2025-12-10T10:13:47.342155Z[0m [34mDEBUG[0m [2mhyper::client::pool[0m[2m:[0m pooling idle connection for ("http", 192.168.0.14:8545)
[2m2025-12-10T10:13:47.342158Z[0m [34mDEBUG[0m [2methereum_transaction_pool_monitor::eth_client[0m[2m:[0m 📡 Transaction fetch RPC completed in 3.818208ms
[2m2025-12-10T10:13:47.414831Z[0m [34mDEBUG[0m [2methereum_transaction_pool_monitor::eth_client[0m[2m:[0m ✅ Transaction 0xb215a649d0d06c6958a103b69bae41c94337a538ec89ef7054d47444f39012e4 fetched and parsed in 76.488625ms
[2m2025-12-10T10:13:47.414852Z[0m [34mDEBUG[0m [2methereum_transaction_pool_monitor::mempool_monitor[0m[2m:[0m 🔍 Skipping tx 0xb215a649d0d06c6958a103b69bae41c94337a538ec89ef7054d47444f39012e4 - not a DEX interaction (target: 0xc959F6825F060b6380D0cBC24EbC4BB8fe562E8E)
[2m2025-12-10T10:13:47.414860Z[0m [34mDEBUG[0m [2methereum_transaction_pool_monitor::mempool_monitor[0m[2m:[0m 📨 Processing new pending transaction: 0xaedc4c63d70038256cbf5961e398c4a110b86ba0ffc668294d1ae68f77c714ef
[2m2025-12-10T10:13:47.414866Z[0m [34mDEBUG[0m [2methereum_transaction_pool_monitor::mempool_monitor[0m[2m:[0m 🔍 Fetching transaction details for: 0xaedc4c63d70038256cbf5961e398c4a110b86ba0ffc668294d1ae68f77c714ef
[2m2025-12-10T10:13:47.414870Z[0m [34mDEBUG[0m [2methereum_transaction_pool_monitor::eth_client[0m[2m:[0m 🔍 Fetching transaction details for hash: 0xaedc4c63d70038256cbf5961e398c4a110b86ba0ffc668294d1ae68f77c714ef
[2m2025-12-10T10:13:47.414887Z[0m [34mDEBUG[0m [2mhyper::client::pool[0m[2m:[0m reuse idle connection for ("http", 192.168.0.14:8545)
[2m2025-12-10T10:13:47.414927Z[0m [34mDEBUG[0m [2mhyper::proto::h1::io[0m[2m:[0m flushed 250 bytes
[2m2025-12-10T10:13:47.414956Z[0m [34mDEBUG[0m [2mhyper::client::pool[0m[2m:[0m reuse idle connection for ("http", 192.168.0.14:8545)
[2m2025-12-10T10:13:47.414970Z[0m [34mDEBUG[0m [2mhyper::proto::h1::io[0m[2m:[0m flushed 172 bytes
[2m2025-12-10T10:13:47.419435Z[0m [34mDEBUG[0m [2mhyper::proto::h1::io[0m[2m:[0m parsed 4 headers
[2m2025-12-10T10:13:47.419440Z[0m [34mDEBUG[0m [2mhyper::proto::h1::conn[0m[2m:[0m incoming body is content-length (45 bytes)
[2m2025-12-10T10:13:47.419445Z[0m [34mDEBUG[0m [2mhyper::proto::h1::conn[0m[2m:[0m incoming body completed
[2m2025-12-10T10:13:47.419451Z[0m [34mDEBUG[0m [2mhyper::client::pool[0m[2m:[0m pooling idle connection for ("http", 192.168.0.14:8545)
[2m2025-12-10T10:13:47.421747Z[0m [34mDEBUG[0m [2mhyper::proto::h1::io[0m[2m:[0m parsed 4 headers
[2m2025-12-10T10:13:47.421751Z[0m [34mDEBUG[0m [2mhyper::proto::h1::conn[0m[2m:[0m incoming body is content-length (1731 bytes)
[2m2025-12-10T10:13:47.421755Z[0m [34mDEBUG[0m [2mhyper::proto::h1::conn[0m[2m:[0m incoming body completed
[2m2025-12-10T10:13:47.421761Z[0m [34mDEBUG[0m [2mhyper::client::pool[0m[2m:[0m pooling idle connection for ("http", 192.168.0.14:8545)
[2m2025-12-10T10:13:47.421766Z[0m [34mDEBUG[0m [2methereum_transaction_pool_monitor::eth_client[0m[2m:[0m 📡 Transaction fetch RPC completed in 6.892083ms
[2m2025-12-10T10:13:47.494538Z[0m [34mDEBUG[0m [2methereum_transaction_pool_monitor::eth_client[0m[2m:[0m ✅ Transaction 0xaedc4c63d70038256cbf5961e398c4a110b86ba0ffc668294d1ae68f77c714ef fetched and parsed in 79.662208ms
[2m2025-12-10T10:13:47.494560Z[0m [34mDEBUG[0m [2methereum_transaction_pool_monitor::mempool_monitor[0m[2m:[0m 🔍 Skipping tx 0xaedc4c63d70038256cbf5961e398c4a110b86ba0ffc668294d1ae68f77c714ef - not a DEX interaction (target: 0x601a2aD6CB5949f0529735254189Ba3194221EDF)
[2m2025-12-10T10:13:47.494577Z[0m [34mDEBUG[0m [2methereum_transaction_pool_monitor::mempool_monitor[0m[2m:[0m 📨 Processing new pending transaction: 0xaa799e2f6b241cf60a864b7e2a95aafc040f6e39bf8c02d21eb2b4eba9f65792
[2m2025-12-10T10:13:47.494586Z[0m [34mDEBUG[0m [2methereum_transaction_pool_monitor::mempool_monitor[0m[2m:[0m 🔍 Fetching transaction details for: 0xaa799e2f6b241cf60a864b7e2a95aafc040f6e39bf8c02d21eb2b4eba9f65792
[2m2025-12-10T10:13:47.494591Z[0m [34mDEBUG[0m [2methereum_transaction_pool_monitor::eth_client[0m[2m:[0m 🔍 Fetching transaction details for hash: 0xaa799e2f6b241cf60a864b7e2a95aafc040f6e39bf8c02d21eb2b4eba9f65792
[2m2025-12-10T10:13:47.494612Z[0m [34mDEBUG[0m [2mhyper::client::pool[0m[2m:[0m reuse idle connection for ("http", 192.168.0.14:8545)
[2m2025-12-10T10:13:47.494648Z[0m [34mDEBUG[0m [2mhyper::proto::h1::io[0m[2m:[0m flushed 250 bytes
[2m2025-12-10T10:13:47.499196Z[0m [34mDEBUG[0m [2mhyper::client::pool[0m[2m:[0m reuse idle connection for ("http", 192.168.0.14:8545)
[2m2025-12-10T10:13:47.499215Z[0m [34mDEBUG[0m [2mhyper::proto::h1::io[0m[2m:[0m flushed 172 bytes
[2m2025-12-10T10:13:47.502622Z[0m [34mDEBUG[0m [2mhyper::proto::h1::io[0m[2m:[0m parsed 4 headers
[2m2025-12-10T10:13:47.502626Z[0m [34mDEBUG[0m [2mhyper::proto::h1::conn[0m[2m:[0m incoming body is content-length (45 bytes)
[2m2025-12-10T10:13:47.502631Z[0m [34mDEBUG[0m [2mhyper::proto::h1::conn[0m[2m:[0m incoming body completed
[2m2025-12-10T10:13:47.502638Z[0m [34mDEBUG[0m [2mhyper::client::pool[0m[2m:[0m pooling idle connection for ("http", 192.168.0.14:8545)
[2m2025-12-10T10:13:47.508122Z[0m [34mDEBUG[0m [2mhyper::proto::h1::io[0m[2m:[0m parsed 4 headers
[2m2025-12-10T10:13:47.508127Z[0m [34mDEBUG[0m [2mhyper::proto::h1::conn[0m[2m:[0m incoming body is content-length (1730 bytes)
[2m2025-12-10T10:13:47.508132Z[0m [34mDEBUG[0m [2mhyper::proto::h1::conn[0m[2m:[0m incoming body completed
[2m2025-12-10T10:13:47.508138Z[0m [34mDEBUG[0m [2mhyper::client::pool[0m[2m:[0m pooling idle connection for ("http", 192.168.0.14:8545)
[2m2025-12-10T10:13:47.508143Z[0m [34mDEBUG[0m [2methereum_transaction_pool_monitor::eth_client[0m[2m:[0m 📡 Transaction fetch RPC completed in 13.545875ms
[2m2025-12-10T10:13:47.580312Z[0m [34mDEBUG[0m [2methereum_transaction_pool_monitor::eth_client[0m[2m:[0m ✅ Transaction 0xaa799e2f6b241cf60a864b7e2a95aafc040f6e39bf8c02d21eb2b4eba9f65792 fetched and parsed in 85.7115ms
[2m2025-12-10T10:13:47.580331Z[0m [34mDEBUG[0m [2methereum_transaction_pool_monitor::mempool_monitor[0m[2m:[0m 🔍 Skipping tx 0xaa799e2f6b241cf60a864b7e2a95aafc040f6e39bf8c02d21eb2b4eba9f65792 - not a DEX interaction (target: 0x601a2aD6CB5949f0529735254189Ba3194221EDF)
[2m2025-12-10T10:13:47.580341Z[0m [34mDEBUG[0m [2methereum_transaction_pool_monitor::mempool_monitor[0m[2m:[0m 📨 Processing new pending transaction: 0xc9f574f050c46ac5108f3da4dd5c3ce636bee77f987f31bbaa9ea6b293c6e598
[2m2025-12-10T10:13:47.580346Z[0m [34mDEBUG[0m [2methereum_transaction_pool_monitor::mempool_monitor[0m[2m:[0m 🔍 Fetching transaction details for: 0xc9f574f050c46ac5108f3da4dd5c3ce636bee77f987f31bbaa9ea6b293c6e598
[2m2025-12-10T10:13:47.580350Z[0m [34mDEBUG[0m [2methereum_transaction_pool_monitor::eth_client[0m[2m:[0m 🔍 Fetching transaction details for hash: 0xc9f574f050c46ac5108f3da4dd5c3ce636bee77f987f31bbaa9ea6b293c6e598
[2m2025-12-10T10:13:47.580369Z[0m [34mDEBUG[0m [2mhyper::client::pool[0m[2m:[0m reuse idle connection for ("http", 192.168.0.14:8545)
[2m2025-12-10T10:13:47.580407Z[0m [34mDEBUG[0m [2mhyper::proto::h1::io[0m[2m:[0m flushed 250 bytes
[2m2025-12-10T10:13:47.580426Z[0m [34mDEBUG[0m [2methereum_transaction_pool_monitor::eth_client[0m[2m:[0m 📨 Received WebSocket message: {"jsonrpc":"2.0","method":"eth_subscription","params":{"subscription":"0xbed0a0851463e895960a451075a301a9","result":"0x2a6dc61e8d7ba90787c5b73db6826dae73a5c12f8925d84cf4013dec5c28d4ba"}}
[2m2025-12-10T10:13:47.580440Z[0m [34mDEBUG[0m [2methereum_transaction_pool_monitor::eth_client[0m[2m:[0m 📨 Received pending transaction: 0x2a6dc61e8d7ba90787c5b73db6826dae73a5c12f8925d84cf4013dec5c28d4ba
[2m2025-12-10T10:13:47.585001Z[0m [34mDEBUG[0m [2mhyper::proto::h1::io[0m[2m:[0m parsed 4 headers
[2m2025-12-10T10:13:47.585005Z[0m [34mDEBUG[0m [2mhyper::proto::h1::conn[0m[2m:[0m incoming body is content-length (678 bytes)
[2m2025-12-10T10:13:47.585012Z[0m [34mDEBUG[0m [2mhyper::proto::h1::conn[0m[2m:[0m incoming body completed
[2m2025-12-10T10:13:47.585020Z[0m [34mDEBUG[0m [2mhyper::client::pool[0m[2m:[0m pooling idle connection for ("http", 192.168.0.14:8545)
[2m2025-12-10T10:13:47.585025Z[0m [34mDEBUG[0m [2methereum_transaction_pool_monitor::eth_client[0m[2m:[0m 📡 Transaction fetch RPC completed in 4.671584ms
[2m2025-12-10T10:13:47.658669Z[0m [34mDEBUG[0m [2methereum_transaction_pool_monitor::eth_client[0m[2m:[0m ✅ Transaction 0xc9f574f050c46ac5108f3da4dd5c3ce636bee77f987f31bbaa9ea6b293c6e598 fetched and parsed in 78.313209ms
[2m2025-12-10T10:13:47.658684Z[0m [34mDEBUG[0m [2methereum_transaction_pool_monitor::mempool_monitor[0m[2m:[0m 🔍 Skipping tx 0xc9f574f050c46ac5108f3da4dd5c3ce636bee77f987f31bbaa9ea6b293c6e598 - not a DEX interaction (target: 0x68A47Fe1CF42eBa4a030a10CD4D6a1031Ca3CA0a)
[2m2025-12-10T10:13:47.658692Z[0m [34mDEBUG[0m [2methereum_transaction_pool_monitor::mempool_monitor[0m[2m:[0m 📨 Processing new pending transaction: 0xd85b813bde45d5a303e151c696821b09612064c8d509f9ddb99b5d665a98d93d
[2m2025-12-10T10:13:47.658695Z[0m [34mDEBUG[0m [2methereum_transaction_pool_monitor::mempool_monitor[0m[2m:[0m 🔍 Fetching transaction details for: 0xd85b813bde45d5a303e151c696821b09612064c8d509f9ddb99b5d665a98d93d
[2m2025-12-10T10:13:47.658698Z[0m [34mDEBUG[0m [2methereum_transaction_pool_monitor::eth_client[0m[2m:[0m 🔍 Fetching transaction details for hash: 0xd85b813bde45d5a303e151c696821b09612064c8d509f9ddb99b5d665a98d93d
[2m2025-12-10T10:13:47.658715Z[0m [34mDEBUG[0m [2mhyper::client::pool[0m[2m:[0m reuse idle connection for ("http", 192.168.0.14:8545)
[2m2025-12-10T10:13:47.658741Z[0m [34mDEBUG[0m [2mhyper::proto::h1::io[0m[2m:[0m flushed 250 bytes
[2m2025-12-10T10:13:47.658764Z[0m [34mDEBUG[0m [2mhyper::client::pool[0m[2m:[0m reuse idle connection for ("http", 192.168.0.14:8545)
[2m2025-12-10T10:13:47.658775Z[0m [34mDEBUG[0m [2mhyper::proto::h1::io[0m[2m:[0m flushed 172 bytes
[2m2025-12-10T10:13:47.662255Z[0m [34mDEBUG[0m [2mhyper::proto::h1::io[0m[2m:[0m parsed 4 headers
[2m2025-12-10T10:13:47.662261Z[0m [34mDEBUG[0m [2mhyper::proto::h1::conn[0m[2m:[0m incoming body is content-length (675 bytes)
[2m2025-12-10T10:13:47.662268Z[0m [34mDEBUG[0m [2mhyper::proto::h1::conn[0m[2m:[0m incoming body completed
[2m2025-12-10T10:13:47.662275Z[0m [34mDEBUG[0m [2mhyper::client::pool[0m[2m:[0m pooling idle connection for ("http", 192.168.0.14:8545)
[2m2025-12-10T10:13:47.662279Z[0m [34mDEBUG[0m [2methereum_transaction_pool_monitor::eth_client[0m[2m:[0m 📡 Transaction fetch RPC completed in 3.578458ms
[2m2025-12-10T10:13:47.662294Z[0m [34mDEBUG[0m [2methereum_transaction_pool_monitor::eth_client[0m[2m:[0m DeFi transaction detected - Address: 0xdac17f958d2ee523a2206206994597c13d831ec7, Type: Stablecoin, Value: 0 ETH, Gas: 1.00 Gwei
[2m2025-12-10T10:13:47.662305Z[0m [34mDEBUG[0m [2methereum_transaction_pool_monitor::eth_client[0m[2m:[0m ✅ Transaction 0xd85b813bde45d5a303e151c696821b09612064c8d509f9ddb99b5d665a98d93d fetched and parsed in 3.604292ms
[2m2025-12-10T10:13:47.662311Z[0m [34mDEBUG[0m [2methereum_transaction_pool_monitor::mempool_monitor[0m[2m:[0m 🔍 Skipping tx 0xd85b813bde45d5a303e151c696821b09612064c8d509f9ddb99b5d665a98d93d - not a DEX interaction (target: 0xdAC17F958D2ee523a2206206994597C13D831ec7)
[2m2025-12-10T10:13:47.662324Z[0m [34mDEBUG[0m [2methereum_transaction_pool_monitor::mempool_monitor[0m[2m:[0m 📨 Processing new pending transaction: 0xec7641d874b0db27d210d27bdc418630cc1b9d349f0e3a745c121aa1e416f49b
[2m2025-12-10T10:13:47.662327Z[0m [34mDEBUG[0m [2methereum_transaction_pool_monitor::mempool_monitor[0m[2m:[0m 🔍 Fetching transaction details for: 0xec7641d874b0db27d210d27bdc418630cc1b9d349f0e3a745c121aa1e416f49b
[2m2025-12-10T10:13:47.662330Z[0m [34mDEBUG[0m [2methereum_transaction_pool_monitor::eth_client[0m[2m:[0m 🔍 Fetching transaction details for hash: 0xec7641d874b0db27d210d27bdc418630cc1b9d349f0e3a745c121aa1e416f49b
[2m2025-12-10T10:13:47.662337Z[0m [34mDEBUG[0m [2mhyper::client::pool[0m[2m:[0m reuse idle connection for ("http", 192.168.0.14:8545)
[2m2025-12-10T10:13:47.662350Z[0m [34mDEBUG[0m [2mhyper::proto::h1::io[0m[2m:[0m flushed 250 bytes
[2m2025-12-10T10:13:47.662890Z[0m [34mDEBUG[0m [2mhyper::proto::h1::io[0m[2m:[0m parsed 4 headers
[2m2025-12-10T10:13:47.662894Z[0m [34mDEBUG[0m [2mhyper::proto::h1::conn[0m[2m:[0m incoming body is content-length (45 bytes)
[2m2025-12-10T10:13:47.662901Z[0m [34mDEBUG[0m [2mhyper::proto::h1::conn[0m[2m:[0m incoming body completed
[2m2025-12-10T10:13:47.662908Z[0m [34mDEBUG[0m [2mhyper::client::pool[0m[2m:[0m pooling idle connection for ("http", 192.168.0.14:8545)
[2m2025-12-10T10:13:47.666244Z[0m [34mDEBUG[0m [2mhyper::proto::h1::io[0m[2m:[0m parsed 4 headers
[2m2025-12-10T10:13:47.666251Z[0m [34mDEBUG[0m [2mhyper::proto::h1::conn[0m[2m:[0m incoming body is content-length (771 bytes)
[2m2025-12-10T10:13:47.666256Z[0m [34mDEBUG[0m [2mhyper::proto::h1::conn[0m[2m:[0m incoming body completed
[2m2025-12-10T10:13:47.666263Z[0m [34mDEBUG[0m [2mhyper::client::pool[0m[2m:[0m pooling idle connection for ("http", 192.168.0.14:8545)
[2m2025-12-10T10:13:47.666267Z[0m [34mDEBUG[0m [2methereum_transaction_pool_monitor::eth_client[0m[2m:[0m 📡 Transaction fetch RPC completed in 3.93475ms
[2m2025-12-10T10:13:47.737654Z[0m [34mDEBUG[0m [2methereum_transaction_pool_monitor::eth_client[0m[2m:[0m ✅ Transaction 0xec7641d874b0db27d210d27bdc418630cc1b9d349f0e3a745c121aa1e416f49b fetched and parsed in 75.319542ms
[2m2025-12-10T10:13:47.737674Z[0m [34mDEBUG[0m [2methereum_transaction_pool_monitor::mempool_monitor[0m[2m:[0m 🔍 Skipping tx 0xec7641d874b0db27d210d27bdc418630cc1b9d349f0e3a745c121aa1e416f49b - not a DEX interaction (target: 0xB8f28C60dD8240141185a192fa4156A23E189305)
[2m2025-12-10T10:13:47.737683Z[0m [34mDEBUG[0m [2methereum_transaction_pool_monitor::mempool_monitor[0m[2m:[0m 📨 Processing new pending transaction: 0x586b46770d145f57843d195834c8d03a3957bde61a6d86939cfcc311fb56cb3c
[2m2025-12-10T10:13:47.737688Z[0m [34mDEBUG[0m [2methereum_transaction_pool_monitor::mempool_monitor[0m[2m:[0m 🔍 Fetching transaction details for: 0x586b46770d145f57843d195834c8d03a3957bde61a6d86939cfcc311fb56cb3c
[2m2025-12-10T10:13:47.737692Z[0m [34mDEBUG[0m [2methereum_transaction_pool_monitor::eth_client[0m[2m:[0m 🔍 Fetching transaction details for hash: 0x586b46770d145f57843d195834c8d03a3957bde61a6d86939cfcc311fb56cb3c
[2m2025-12-10T10:13:47.737710Z[0m [34mDEBUG[0m [2mhyper::client::pool[0m[2m:[0m reuse idle connection for ("http", 192.168.0.14:8545)
[2m2025-12-10T10:13:47.737755Z[0m [34mDEBUG[0m [2mhyper::proto::h1::io[0m[2m:[0m flushed 250 bytes
[2m2025-12-10T10:13:47.737808Z[0m [34mDEBUG[0m [2mhyper::client::pool[0m[2m:[0m reuse idle connection for ("http", 192.168.0.14:8545)
[2m2025-12-10T10:13:47.737825Z[0m [34mDEBUG[0m [2mhyper::proto::h1::io[0m[2m:[0m flushed 172 bytes
[2m2025-12-10T10:13:47.743880Z[0m [34mDEBUG[0m [2mhyper::proto::h1::io[0m[2m:[0m parsed 4 headers
[2m2025-12-10T10:13:47.743886Z[0m [34mDEBUG[0m [2mhyper::proto::h1::conn[0m[2m:[0m incoming body is content-length (830 bytes)
[2m2025-12-10T10:13:47.743894Z[0m [34mDEBUG[0m [2mhyper::proto::h1::conn[0m[2m:[0m incoming body completed
[2m2025-12-10T10:13:47.743911Z[0m [34mDEBUG[0m [2mhyper::client::pool[0m[2m:[0m pooling idle connection for ("http", 192.168.0.14:8545)
[2m2025-12-10T10:13:47.743919Z[0m [34mDEBUG[0m [2methereum_transaction_pool_monitor::eth_client[0m[2m:[0m 📡 Transaction fetch RPC completed in 6.222458ms
[2m2025-12-10T10:13:47.816357Z[0m [34mDEBUG[0m [2methereum_transaction_pool_monitor::eth_client[0m[2m:[0m ✅ Transaction 0x586b46770d145f57843d195834c8d03a3957bde61a6d86939cfcc311fb56cb3c fetched and parsed in 78.657333ms
[2m2025-12-10T10:13:47.816381Z[0m [34mDEBUG[0m [2methereum_transaction_pool_monitor::mempool_monitor[0m[2m:[0m 🔍 Skipping tx 0x586b46770d145f57843d195834c8d03a3957bde61a6d86939cfcc311fb56cb3c - not a DEX interaction (target: 0x3B4D794a66304F130a4Db8F2551B0070dfCf5ca7)
[2m2025-12-10T10:13:47.816390Z[0m [34mDEBUG[0m [2methereum_transaction_pool_monitor::mempool_monitor[0m[2m:[0m 📨 Processing new pending transaction: 0x905badb5d809ced5ed5b753e718c9e4c0b9fd07bc070cc000b1447bc4842867a
[2m2025-12-10T10:13:47.816399Z[0m [34mDEBUG[0m [2methereum_transaction_pool_monitor::mempool_monitor[0m[2m:[0m 🔍 Fetching transaction details for: 0x905badb5d809ced5ed5b753e718c9e4c0b9fd07bc070cc000b1447bc4842867a
[2m2025-12-10T10:13:47.816406Z[0m [34mDEBUG[0m [2methereum_transaction_pool_monitor::eth_client[0m[2m:[0m 🔍 Fetching transaction details for hash: 0x905badb5d809ced5ed5b753e718c9e4c0b9fd07bc070cc000b1447bc4842867a
[2m2025-12-10T10:13:47.816424Z[0m [34mDEBUG[0m [2mhyper::client::pool[0m[2m:[0m reuse idle connection for ("http", 192.168.0.14:8545)
[2m2025-12-10T10:13:47.816464Z[0m [34mDEBUG[0m [2mhyper::proto::h1::io[0m[2m:[0m flushed 250 bytes
[2m2025-12-10T10:13:47.816488Z[0m [34mDEBUG[0m [2methereum_transaction_pool_monitor::eth_client[0m[2m:[0m 📨 Received WebSocket message: {"jsonrpc":"2.0","method":"eth_subscription","params":{"subscription":"0xbed0a0851463e895960a451075a301a9","result":"0x337351d79e424a5deccb5f5b7247459b0790d96e37d620f6f9032ff6acb140cb"}}
[2m2025-12-10T10:13:47.816496Z[0m [34mDEBUG[0m [2methereum_transaction_pool_monitor::eth_client[0m[2m:[0m 📨 Received pending transaction: 0x337351d79e424a5deccb5f5b7247459b0790d96e37d620f6f9032ff6acb140cb
[2m2025-12-10T10:13:47.816536Z[0m [34mDEBUG[0m [2mhyper::proto::h1::io[0m[2m:[0m parsed 4 headers
[2m2025-12-10T10:13:47.816540Z[0m [34mDEBUG[0m [2mhyper::proto::h1::conn[0m[2m:[0m incoming body is content-length (45 bytes)
[2m2025-12-10T10:13:47.816546Z[0m [34mDEBUG[0m [2mhyper::proto::h1::conn[0m[2m:[0m incoming body completed
[2m2025-12-10T10:13:47.816553Z[0m [34mDEBUG[0m [2mhyper::client::pool[0m[2m:[0m pooling idle connection for ("http", 192.168.0.14:8545)
[2m2025-12-10T10:13:47.816568Z[0m [34mDEBUG[0m [2mhyper::client::pool[0m[2m:[0m reuse idle connection for ("http", 192.168.0.14:8545)
[2m2025-12-10T10:13:47.816580Z[0m [34mDEBUG[0m [2mhyper::proto::h1::io[0m[2m:[0m flushed 172 bytes
[2m2025-12-10T10:13:47.822016Z[0m [34mDEBUG[0m [2mhyper::proto::h1::io[0m[2m:[0m parsed 4 headers
[2m2025-12-10T10:13:47.822021Z[0m [34mDEBUG[0m [2mhyper::proto::h1::conn[0m[2m:[0m incoming body is content-length (771 bytes)
[2m2025-12-10T10:13:47.822025Z[0m [34mDEBUG[0m [2mhyper::proto::h1::conn[0m[2m:[0m incoming body completed
[2m2025-12-10T10:13:47.822031Z[0m [34mDEBUG[0m [2mhyper::client::pool[0m[2m:[0m pooling idle connection for ("http", 192.168.0.14:8545)
[2m2025-12-10T10:13:47.822036Z[0m [34mDEBUG[0m [2methereum_transaction_pool_monitor::eth_client[0m[2m:[0m 📡 Transaction fetch RPC completed in 5.624ms
[2m2025-12-10T10:13:47.822047Z[0m [34mDEBUG[0m [2methereum_transaction_pool_monitor::eth_client[0m[2m:[0m DeFi transaction detected - Address: 0xdac17f958d2ee523a2206206994597c13d831ec7, Type: Stablecoin, Value: 0 ETH, Gas: 0.84 Gwei
[2m2025-12-10T10:13:47.822060Z[0m [34mDEBUG[0m [2methereum_transaction_pool_monitor::eth_client[0m[2m:[0m ✅ Transaction 0x905badb5d809ced5ed5b753e718c9e4c0b9fd07bc070cc000b1447bc4842867a fetched and parsed in 5.648333ms
[2m2025-12-10T10:13:47.822072Z[0m [34mDEBUG[0m [2methereum_transaction_pool_monitor::mempool_monitor[0m[2m:[0m 🔍 Skipping tx 0x905badb5d809ced5ed5b753e718c9e4c0b9fd07bc070cc000b1447bc4842867a - not a DEX interaction (target: 0xdAC17F958D2ee523a2206206994597C13D831ec7)
[2m2025-12-10T10:13:47.822078Z[0m [34mDEBUG[0m [2methereum_transaction_pool_monitor::mempool_monitor[0m[2m:[0m 📨 Processing new pending transaction: 0xc1d49027b2149b3696c17f5d0f6a57979c94d77c7354a8f11ed6f128c89fc76f
[2m2025-12-10T10:13:47.822083Z[0m [34mDEBUG[0m [2methereum_transaction_pool_monitor::mempool_monitor[0m[2m:[0m 🔍 Fetching transaction details for: 0xc1d49027b2149b3696c17f5d0f6a57979c94d77c7354a8f11ed6f128c89fc76f
[2m2025-12-10T10:13:47.822087Z[0m [34mDEBUG[0m [2methereum_transaction_pool_monitor::eth_client[0m[2m:[0m 🔍 Fetching transaction details for hash: 0xc1d49027b2149b3696c17f5d0f6a57979c94d77c7354a8f11ed6f128c89fc76f
[2m2025-12-10T10:13:47.822095Z[0m [34mDEBUG[0m [2mhyper::client::pool[0m[2m:[0m reuse idle connection for ("http", 192.168.0.14:8545)
[2m2025-12-10T10:13:47.822109Z[0m [34mDEBUG[0m [2mhyper::proto::h1::io[0m[2m:[0m flushed 250 bytes
[2m2025-12-10T10:13:47.822692Z[0m [34mDEBUG[0m [2mhyper::proto::h1::io[0m[2m:[0m parsed 4 headers
[2m2025-12-10T10:13:47.822697Z[0m [34mDEBUG[0m [2mhyper::proto::h1::conn[0m[2m:[0m incoming body is content-length (45 bytes)
[2m2025-12-10T10:13:47.822700Z[0m [34mDEBUG[0m [2mhyper::proto::h1::conn[0m[2m:[0m incoming body completed
[2m2025-12-10T10:13:47.822703Z[0m [34mDEBUG[0m [2mhyper::client::pool[0m[2m:[0m pooling idle connection for ("http", 192.168.0.14:8545)
[2m2025-12-10T10:13:47.828928Z[0m [34mDEBUG[0m [2mhyper::proto::h1::io[0m[2m:[0m parsed 4 headers
[2m2025-12-10T10:13:47.828932Z[0m [34mDEBUG[0m [2mhyper::proto::h1::conn[0m[2m:[0m incoming body is content-length (1342 bytes)
[2m2025-12-10T10:13:47.828935Z[0m [34mDEBUG[0m [2mhyper::proto::h1::conn[0m[2m:[0m incoming body completed
[2m2025-12-10T10:13:47.828940Z[0m [34mDEBUG[0m [2mhyper::client::pool[0m[2m:[0m pooling idle connection for ("http", 192.168.0.14:8545)
[2m2025-12-10T10:13:47.828943Z[0m [34mDEBUG[0m [2methereum_transaction_pool_monitor::eth_client[0m[2m:[0m 📡 Transaction fetch RPC completed in 6.853125ms
[2m2025-12-10T10:13:47.901131Z[0m [34mDEBUG[0m [2methereum_transaction_pool_monitor::eth_client[0m[2m:[0m ✅ Transaction 0xc1d49027b2149b3696c17f5d0f6a57979c94d77c7354a8f11ed6f128c89fc76f fetched and parsed in 79.038541ms
[2m2025-12-10T10:13:47.901590Z[0m [34mDEBUG[0m [2methereum_transaction_pool_monitor::mempool_monitor[0m[2m:[0m 🔍 Skipping tx 0xc1d49027b2149b3696c17f5d0f6a57979c94d77c7354a8f11ed6f128c89fc76f - not a DEX interaction (target: 0x759894Ced0e6af42c26668076Ffa84d02E3CeF60)
[2m2025-12-10T10:13:47.901601Z[0m [34mDEBUG[0m [2methereum_transaction_pool_monitor::mempool_monitor[0m[2m:[0m 📨 Processing new pending transaction: 0x4821530d31d30c7e12ffd2ecfa9dca106bfde7a25e016f959f9c4729d5b9d75f
[2m2025-12-10T10:13:47.901606Z[0m [34mDEBUG[0m [2methereum_transaction_pool_monitor::mempool_monitor[0m[2m:[0m 🔍 Fetching transaction details for: 0x4821530d31d30c7e12ffd2ecfa9dca106bfde7a25e016f959f9c4729d5b9d75f
[2m2025-12-10T10:13:47.901609Z[0m [34mDEBUG[0m [2methereum_transaction_pool_monitor::eth_client[0m[2m:[0m 🔍 Fetching transaction details for hash: 0x4821530d31d30c7e12ffd2ecfa9dca106bfde7a25e016f959f9c4729d5b9d75f
[2m2025-12-10T10:13:47.901627Z[0m [34mDEBUG[0m [2mhyper::client::pool[0m[2m:[0m reuse idle connection for ("http", 192.168.0.14:8545)
[2m2025-12-10T10:13:47.901650Z[0m [34mDEBUG[0m [2mhyper::proto::h1::io[0m[2m:[0m flushed 250 bytes
[2m2025-12-10T10:13:47.901675Z[0m [34mDEBUG[0m [2mhyper::client::pool[0m[2m:[0m reuse idle connection for ("http", 192.168.0.14:8545)
[2m2025-12-10T10:13:47.901687Z[0m [34mDEBUG[0m [2mhyper::proto::h1::io[0m[2m:[0m flushed 172 bytes
[2m2025-12-10T10:13:47.907569Z[0m [34mDEBUG[0m [2mhyper::proto::h1::io[0m[2m:[0m parsed 4 headers
[2m2025-12-10T10:13:47.907573Z[0m [34mDEBUG[0m [2mhyper::proto::h1::conn[0m[2m:[0m incoming body is content-length (3405 bytes)
[2m2025-12-10T10:13:47.907584Z[0m [34mDEBUG[0m [2methereum_transaction_pool_monitor::eth_client[0m[2m:[0m 📡 Transaction fetch RPC completed in 5.971959ms
[2m2025-12-10T10:13:47.909454Z[0m [34mDEBUG[0m [2mhyper::proto::h1::conn[0m[2m:[0m incoming body completed
[2m2025-12-10T10:13:47.909461Z[0m [34mDEBUG[0m [2mhyper::client::pool[0m[2m:[0m pooling idle connection for ("http", 192.168.0.14:8545)
[2m2025-12-10T10:13:47.909504Z[0m [34mDEBUG[0m [2mhyper::proto::h1::io[0m[2m:[0m parsed 4 headers
[2m2025-12-10T10:13:47.909508Z[0m [34mDEBUG[0m [2mhyper::proto::h1::conn[0m[2m:[0m incoming body is content-length (45 bytes)
[2m2025-12-10T10:13:47.909513Z[0m [34mDEBUG[0m [2mhyper::proto::h1::conn[0m[2m:[0m incoming body completed
[2m2025-12-10T10:13:47.909517Z[0m [34mDEBUG[0m [2mhyper::client::pool[0m[2m:[0m pooling idle connection for ("http", 192.168.0.14:8545)
[2m2025-12-10T10:13:47.966101Z[0m [34mDEBUG[0m [2methereum_transaction_pool_monitor::eth_client[0m[2m:[0m 📨 Received WebSocket message: {"jsonrpc":"2.0","method":"eth_subscription","params":{"subscription":"0xbed0a0851463e895960a451075a301a9","result":"0x170c0c2deaf07b05df16529698ddc584f03079e3fdeea76d6a200d582ec8683a"}}
[2m2025-12-10T10:13:47.966122Z[0m [34mDEBUG[0m [2methereum_transaction_pool_monitor::eth_client[0m[2m:[0m 📨 Received pending transaction: 0x170c0c2deaf07b05df16529698ddc584f03079e3fdeea76d6a200d582ec8683a
[2m2025-12-10T10:13:47.981166Z[0m [34mDEBUG[0m [2methereum_transaction_pool_monitor::eth_client[0m[2m:[0m ✅ Transaction 0x4821530d31d30c7e12ffd2ecfa9dca106bfde7a25e016f959f9c4729d5b9d75f fetched and parsed in 79.552542ms
[2m2025-12-10T10:13:47.981184Z[0m [34mDEBUG[0m [2methereum_transaction_pool_monitor::mempool_monitor[0m[2m:[0m 🔍 Skipping tx 0x4821530d31d30c7e12ffd2ecfa9dca106bfde7a25e016f959f9c4729d5b9d75f - not a DEX interaction (target: 0x1231DEB6f5749EF6cE6943a275A1D3E7486F4EaE)
[2m2025-12-10T10:13:47.981195Z[0m [34mDEBUG[0m [2methereum_transaction_pool_monitor::mempool_monitor[0m[2m:[0m 📨 Processing new pending transaction: 0x1700e6649c74c8f5d41f6ec6d0f83d03df8f96a0fb2b5bbb05b14af0fc69e137
[2m2025-12-10T10:13:47.981199Z[0m [34mDEBUG[0m [2methereum_transaction_pool_monitor::mempool_monitor[0m[2m:[0m 🔍 Fetching transaction details for: 0x1700e6649c74c8f5d41f6ec6d0f83d03df8f96a0fb2b5bbb05b14af0fc69e137
[2m2025-12-10T10:13:47.981203Z[0m [34mDEBUG[0m [2methereum_transaction_pool_monitor::eth_client[0m[2m:[0m 🔍 Fetching transaction details for hash: 0x1700e6649c74c8f5d41f6ec6d0f83d03df8f96a0fb2b5bbb05b14af0fc69e137
[2m2025-12-10T10:13:47.981223Z[0m [34mDEBUG[0m [2mhyper::client::pool[0m[2m:[0m reuse idle connection for ("http", 192.168.0.14:8545)
[2m2025-12-10T10:13:47.981258Z[0m [34mDEBUG[0m [2mhyper::proto::h1::io[0m[2m:[0m flushed 250 bytes
[2m2025-12-10T10:13:47.987691Z[0m [34mDEBUG[0m [2methereum_transaction_pool_monitor::eth_client[0m[2m:[0m 📨 Received WebSocket message: {"jsonrpc":"2.0","method":"eth_subscription","params":{"subscription":"0xbed0a0851463e895960a451075a301a9","result":"0x7a198769b5c3dfa2443857003bafac842b5ff3d57b85e983fb8ac48519988fd1"}}
[2m2025-12-10T10:13:47.987761Z[0m [34mDEBUG[0m [2methereum_transaction_pool_monitor::eth_client[0m[2m:[0m 📨 Received pending transaction: 0x7a198769b5c3dfa2443857003bafac842b5ff3d57b85e983fb8ac48519988fd1
[2m2025-12-10T10:13:47.987775Z[0m [34mDEBUG[0m [2mhyper::proto::h1::io[0m[2m:[0m parsed 4 headers
[2m2025-12-10T10:13:47.987781Z[0m [34mDEBUG[0m [2mhyper::proto::h1::conn[0m[2m:[0m incoming body is content-length (770 bytes)
[2m2025-12-10T10:13:47.987788Z[0m [34mDEBUG[0m [2mhyper::proto::h1::conn[0m[2m:[0m incoming body completed
[2m2025-12-10T10:13:47.987952Z[0m [34mDEBUG[0m [2mhyper::client::pool[0m[2m:[0m pooling idle connection for ("http", 192.168.0.14:8545)
[2m2025-12-10T10:13:47.987959Z[0m [34mDEBUG[0m [2methereum_transaction_pool_monitor::eth_client[0m[2m:[0m 📡 Transaction fetch RPC completed in 6.751542ms
[2m2025-12-10T10:13:48.060438Z[0m [34mDEBUG[0m [2methereum_transaction_pool_monitor::eth_client[0m[2m:[0m ✅ Transaction 0x1700e6649c74c8f5d41f6ec6d0f83d03df8f96a0fb2b5bbb05b14af0fc69e137 fetched and parsed in 79.227667ms
[2m2025-12-10T10:13:48.060459Z[0m [34mDEBUG[0m [2methereum_transaction_pool_monitor::mempool_monitor[0m[2m:[0m 🔍 Skipping tx 0x1700e6649c74c8f5d41f6ec6d0f83d03df8f96a0fb2b5bbb05b14af0fc69e137 - not a DEX interaction (target: 0xA0b86991c6218b36c1d19D4a2e9Eb0cE3606eB48)
[2m2025-12-10T10:13:48.060469Z[0m [34mDEBUG[0m [2methereum_transaction_pool_monitor::mempool_monitor[0m[2m:[0m 📨 Processing new pending transaction: 0xd4ad3616549f78423eb6cfe2dba1c38113aa2a7288807bc744a85da3c37865d1
[2m2025-12-10T10:13:48.060474Z[0m [34mDEBUG[0m [2methereum_transaction_pool_monitor::mempool_monitor[0m[2m:[0m 🔍 Fetching transaction details for: 0xd4ad3616549f78423eb6cfe2dba1c38113aa2a7288807bc744a85da3c37865d1
[2m2025-12-10T10:13:48.060478Z[0m [34mDEBUG[0m [2methereum_transaction_pool_monitor::eth_client[0m[2m:[0m 🔍 Fetching transaction details for hash: 0xd4ad3616549f78423eb6cfe2dba1c38113aa2a7288807bc744a85da3c37865d1
[2m2025-12-10T10:13:48.060497Z[0m [34mDEBUG[0m [2mhyper::client::pool[0m[2m:[0m reuse idle connection for ("http", 192.168.0.14:8545)
[2m2025-12-10T10:13:48.060536Z[0m [34mDEBUG[0m [2mhyper::proto::h1::io[0m[2m:[0m flushed 250 bytes
[2m2025-12-10T10:13:48.060553Z[0m [34mDEBUG[0m [2mhyper::client::pool[0m[2m:[0m reuse idle connection for ("http", 192.168.0.14:8545)
[2m2025-12-10T10:13:48.060564Z[0m [34mDEBUG[0m [2mhyper::proto::h1::io[0m[2m:[0m flushed 172 bytes
[2m2025-12-10T10:13:48.060579Z[0m [34mDEBUG[0m [2methereum_transaction_pool_monitor::eth_client[0m[2m:[0m 📨 Received WebSocket message: {"jsonrpc":"2.0","method":"eth_subscription","params":{"subscription":"0xbed0a0851463e895960a451075a301a9","result":"0xa3b8d23af787990ac05c239c7ed17d0d93ce1db563bb099652d4d2c55125d2b1"}}
[2m2025-12-10T10:13:48.060586Z[0m [34mDEBUG[0m [2methereum_transaction_pool_monitor::eth_client[0m[2m:[0m 📨 Received pending transaction: 0xa3b8d23af787990ac05c239c7ed17d0d93ce1db563bb099652d4d2c55125d2b1
[2m2025-12-10T10:13:48.064066Z[0m [34mDEBUG[0m [2mhyper::proto::h1::io[0m[2m:[0m parsed 4 headers
[2m2025-12-10T10:13:48.064071Z[0m [34mDEBUG[0m [2mhyper::proto::h1::conn[0m[2m:[0m incoming body is content-length (644 bytes)
[2m2025-12-10T10:13:48.064077Z[0m [34mDEBUG[0m [2mhyper::proto::h1::conn[0m[2m:[0m incoming body completed
[2m2025-12-10T10:13:48.064083Z[0m [34mDEBUG[0m [2mhyper::client::pool[0m[2m:[0m pooling idle connection for ("http", 192.168.0.14:8545)
[2m2025-12-10T10:13:48.064089Z[0m [34mDEBUG[0m [2methereum_transaction_pool_monitor::eth_client[0m[2m:[0m 📡 Transaction fetch RPC completed in 3.606083ms
[2m2025-12-10T10:13:48.136565Z[0m [34mDEBUG[0m [2methereum_transaction_pool_monitor::eth_client[0m[2m:[0m ✅ Transaction 0xd4ad3616549f78423eb6cfe2dba1c38113aa2a7288807bc744a85da3c37865d1 fetched and parsed in 76.079125ms
[2m2025-12-10T10:13:48.136586Z[0m [34mDEBUG[0m [2methereum_transaction_pool_monitor::mempool_monitor[0m[2m:[0m 🔍 Skipping tx 0xd4ad3616549f78423eb6cfe2dba1c38113aa2a7288807bc744a85da3c37865d1 - not a DEX interaction (target: 0x2a3B301e2e4f7145ab087C4c484405217A2F2B82)
[2m2025-12-10T10:13:48.136596Z[0m [34mDEBUG[0m [2methereum_transaction_pool_monitor::mempool_monitor[0m[2m:[0m 📨 Processing new pending transaction: 0xc74856d4ce17a06c1862e17858a5427c1c32f3f79374c1bc46167e386cebd034
[2m2025-12-10T10:13:48.136601Z[0m [34mDEBUG[0m [2methereum_transaction_pool_monitor::mempool_monitor[0m[2m:[0m 🔍 Fetching transaction details for: 0xc74856d4ce17a06c1862e17858a5427c1c32f3f79374c1bc46167e386cebd034
[2m2025-12-10T10:13:48.136610Z[0m [34mDEBUG[0m [2methereum_transaction_pool_monitor::eth_client[0m[2m:[0m 🔍 Fetching transaction details for hash: 0xc74856d4ce17a06c1862e17858a5427c1c32f3f79374c1bc46167e386cebd034
[2m2025-12-10T10:13:48.136630Z[0m [34mDEBUG[0m [2mhyper::client::pool[0m[2m:[0m reuse idle connection for ("http", 192.168.0.14:8545)
[2m2025-12-10T10:13:48.136660Z[0m [34mDEBUG[0m [2mhyper::proto::h1::io[0m[2m:[0m flushed 250 bytes
[2m2025-12-10T10:13:48.136679Z[0m [34mDEBUG[0m [2mhyper::proto::h1::io[0m[2m:[0m parsed 4 headers
[2m2025-12-10T10:13:48.136683Z[0m [34mDEBUG[0m [2mhyper::proto::h1::conn[0m[2m:[0m incoming body is content-length (45 bytes)
[2m2025-12-10T10:13:48.136690Z[0m [34mDEBUG[0m [2mhyper::proto::h1::conn[0m[2m:[0m incoming body completed
[2m2025-12-10T10:13:48.136698Z[0m [34mDEBUG[0m [2mhyper::client::pool[0m[2m:[0m pooling idle connection for ("http", 192.168.0.14:8545)
[2m2025-12-10T10:13:48.136712Z[0m [34mDEBUG[0m [2mhyper::client::pool[0m[2m:[0m reuse idle connection for ("http", 192.168.0.14:8545)
[2m2025-12-10T10:13:48.136725Z[0m [34mDEBUG[0m [2mhyper::proto::h1::io[0m[2m:[0m flushed 172 bytes
[2m2025-12-10T10:13:48.141610Z[0m [34mDEBUG[0m [2mhyper::proto::h1::io[0m[2m:[0m parsed 4 headers
[2m2025-12-10T10:13:48.141614Z[0m [34mDEBUG[0m [2mhyper::proto::h1::conn[0m[2m:[0m incoming body is content-length (583 bytes)
[2m2025-12-10T10:13:48.141619Z[0m [34mDEBUG[0m [2mhyper::proto::h1::conn[0m[2m:[0m incoming body completed
[2m2025-12-10T10:13:48.141624Z[0m [34mDEBUG[0m [2mhyper::client::pool[0m[2m:[0m pooling idle connection for ("http", 192.168.0.14:8545)
[2m2025-12-10T10:13:48.141628Z[0m [34mDEBUG[0m [2methereum_transaction_pool_monitor::eth_client[0m[2m:[0m 📡 Transaction fetch RPC completed in 5.014666ms
[2m2025-12-10T10:13:48.212996Z[0m [34mDEBUG[0m [2methereum_transaction_pool_monitor::eth_client[0m[2m:[0m ✅ Transaction 0xc74856d4ce17a06c1862e17858a5427c1c32f3f79374c1bc46167e386cebd034 fetched and parsed in 76.379791ms
[2m2025-12-10T10:13:48.213021Z[0m [34mDEBUG[0m [2methereum_transaction_pool_monitor::mempool_monitor[0m[2m:[0m 🔍 Skipping tx 0xc74856d4ce17a06c1862e17858a5427c1c32f3f79374c1bc46167e386cebd034 - not a DEX interaction (target: 0x516755968509E11e91dBE62F365600A17e27050C)
[2m2025-12-10T10:13:48.213031Z[0m [34mDEBUG[0m [2methereum_transaction_pool_monitor::mempool_monitor[0m[2m:[0m 📨 Processing new pending transaction: 0xd41da3adc35c97aeb4f81457cff9ca11e5ead0a1f237cb6493f239048afc1f61
[2m2025-12-10T10:13:48.213036Z[0m [34mDEBUG[0m [2methereum_transaction_pool_monitor::mempool_monitor[0m[2m:[0m 🔍 Fetching transaction details for: 0xd41da3adc35c97aeb4f81457cff9ca11e5ead0a1f237cb6493f239048afc1f61
[2m2025-12-10T10:13:48.213040Z[0m [34mDEBUG[0m [2methereum_transaction_pool_monitor::eth_client[0m[2m:[0m 🔍 Fetching transaction details for hash: 0xd41da3adc35c97aeb4f81457cff9ca11e5ead0a1f237cb6493f239048afc1f61
[2m2025-12-10T10:13:48.213062Z[0m [34mDEBUG[0m [2mhyper::client::pool[0m[2m:[0m reuse idle connection for ("http", 192.168.0.14:8545)
[2m2025-12-10T10:13:48.213116Z[0m [34mDEBUG[0m [2mhyper::proto::h1::io[0m[2m:[0m flushed 250 bytes
[2m2025-12-10T10:13:48.213141Z[0m [34mDEBUG[0m [2methereum_transaction_pool_monitor::eth_client[0m[2m:[0m 📨 Received WebSocket message: {"jsonrpc":"2.0","method":"eth_subscription","params":{"subscription":"0xbed0a0851463e895960a451075a301a9","result":"0x408dfb2307de7da830430c558f26be02fc418819d5a83c0727e6e90911adfdce"}}
[2m2025-12-10T10:13:48.213147Z[0m [34mDEBUG[0m [2mhyper::proto::h1::io[0m[2m:[0m parsed 4 headers
[2m2025-12-10T10:13:48.213156Z[0m [34mDEBUG[0m [2mhyper::proto::h1::conn[0m[2m:[0m incoming body is content-length (45 bytes)
[2m2025-12-10T10:13:48.213149Z[0m [34mDEBUG[0m [2methereum_transaction_pool_monitor::eth_client[0m[2m:[0m 📨 Received pending transaction: 0x408dfb2307de7da830430c558f26be02fc418819d5a83c0727e6e90911adfdce
[2m2025-12-10T10:13:48.213165Z[0m [34mDEBUG[0m [2mhyper::proto::h1::conn[0m[2m:[0m incoming body completed
[2m2025-12-10T10:13:48.213230Z[0m [34mDEBUG[0m [2mhyper::client::pool[0m[2m:[0m pooling idle connection for ("http", 192.168.0.14:8545)
[2m2025-12-10T10:13:48.213250Z[0m [34mDEBUG[0m [2mhyper::client::pool[0m[2m:[0m reuse idle connection for ("http", 192.168.0.14:8545)
[2m2025-12-10T10:13:48.213268Z[0m [34mDEBUG[0m [2mhyper::proto::h1::io[0m[2m:[0m flushed 172 bytes
[2m2025-12-10T10:13:48.219524Z[0m [34mDEBUG[0m [2mhyper::proto::h1::io[0m[2m:[0m parsed 4 headers
[2m2025-12-10T10:13:48.219528Z[0m [34mDEBUG[0m [2mhyper::proto::h1::conn[0m[2m:[0m incoming body is content-length (780 bytes)
[2m2025-12-10T10:13:48.219533Z[0m [34mDEBUG[0m [2mhyper::proto::h1::conn[0m[2m:[0m incoming body completed
[2m2025-12-10T10:13:48.219539Z[0m [34mDEBUG[0m [2mhyper::client::pool[0m[2m:[0m pooling idle connection for ("http", 192.168.0.14:8545)
[2m2025-12-10T10:13:48.219543Z[0m [34mDEBUG[0m [2methereum_transaction_pool_monitor::eth_client[0m[2m:[0m 📡 Transaction fetch RPC completed in 6.498666ms
[2m2025-12-10T10:13:48.290267Z[0m [34mDEBUG[0m [2methereum_transaction_pool_monitor::eth_client[0m[2m:[0m ✅ Transaction 0xd41da3adc35c97aeb4f81457cff9ca11e5ead0a1f237cb6493f239048afc1f61 fetched and parsed in 77.219666ms
[2m2025-12-10T10:13:48.290291Z[0m [34mDEBUG[0m [2methereum_transaction_pool_monitor::mempool_monitor[0m[2m:[0m 🔍 Skipping tx 0xd41da3adc35c97aeb4f81457cff9ca11e5ead0a1f237cb6493f239048afc1f61 - not a DEX interaction (target: 0x699Ccf919C1dfdFa4C374292f42CAdC9899BF753)
[2m2025-12-10T10:13:48.290300Z[0m [34mDEBUG[0m [2methereum_transaction_pool_monitor::mempool_monitor[0m[2m:[0m 📨 Processing new pending transaction: 0xcd89e0818b09fb7dd01d07b05c2b26a037789c0224930a39beaef4f2535815c8
[2m2025-12-10T10:13:48.290305Z[0m [34mDEBUG[0m [2methereum_transaction_pool_monitor::mempool_monitor[0m[2m:[0m 🔍 Fetching transaction details for: 0xcd89e0818b09fb7dd01d07b05c2b26a037789c0224930a39beaef4f2535815c8
[2m2025-12-10T10:13:48.290310Z[0m [34mDEBUG[0m [2methereum_transaction_pool_monitor::eth_client[0m[2m:[0m 🔍 Fetching transaction details for hash: 0xcd89e0818b09fb7dd01d07b05c2b26a037789c0224930a39beaef4f2535815c8
[2m2025-12-10T10:13:48.290329Z[0m [34mDEBUG[0m [2mhyper::client::pool[0m[2m:[0m reuse idle connection for ("http", 192.168.0.14:8545)
[2m2025-12-10T10:13:48.290371Z[0m [34mDEBUG[0m [2mhyper::proto::h1::io[0m[2m:[0m flushed 250 bytes
[2m2025-12-10T10:13:48.290386Z[0m [34mDEBUG[0m [2mhyper::proto::h1::io[0m[2m:[0m parsed 4 headers
[2m2025-12-10T10:13:48.290390Z[0m [34mDEBUG[0m [2mhyper::proto::h1::conn[0m[2m:[0m incoming body is content-length (45 bytes)
[2m2025-12-10T10:13:48.290396Z[0m [34mDEBUG[0m [2mhyper::proto::h1::conn[0m[2m:[0m incoming body completed
[2m2025-12-10T10:13:48.290404Z[0m [34mDEBUG[0m [2mhyper::client::pool[0m[2m:[0m pooling idle connection for ("http", 192.168.0.14:8545)
[2m2025-12-10T10:13:48.296552Z[0m [34mDEBUG[0m [2methereum_transaction_pool_monitor::eth_client[0m[2m:[0m 📨 Received WebSocket message: {"jsonrpc":"2.0","method":"eth_subscription","params":{"subscription":"0xbed0a0851463e895960a451075a301a9","result":"0x8ca6dc05e9d0506f6700b37f111d4f9831e00b9303d2047e32b5212522165470"}}
[2m2025-12-10T10:13:48.296560Z[0m [34mDEBUG[0m [2methereum_transaction_pool_monitor::eth_client[0m[2m:[0m 📨 Received pending transaction: 0x8ca6dc05e9d0506f6700b37f111d4f9831e00b9303d2047e32b5212522165470
[2m2025-12-10T10:13:48.297337Z[0m [34mDEBUG[0m [2mhyper::proto::h1::io[0m[2m:[0m parsed 4 headers
[2m2025-12-10T10:13:48.297344Z[0m [34mDEBUG[0m [2mhyper::proto::h1::conn[0m[2m:[0m incoming body is content-length (778 bytes)
[2m2025-12-10T10:13:48.297351Z[0m [34mDEBUG[0m [2mhyper::proto::h1::conn[0m[2m:[0m incoming body completed
[2m2025-12-10T10:13:48.297366Z[0m [34mDEBUG[0m [2mhyper::client::pool[0m[2m:[0m pooling idle connection for ("http", 192.168.0.14:8545)
[2m2025-12-10T10:13:48.297372Z[0m [34mDEBUG[0m [2methereum_transaction_pool_monitor::eth_client[0m[2m:[0m 📡 Transaction fetch RPC completed in 7.059042ms
[2m2025-12-10T10:13:48.369380Z[0m [34mDEBUG[0m [2methereum_transaction_pool_monitor::eth_client[0m[2m:[0m ✅ Transaction 0xcd89e0818b09fb7dd01d07b05c2b26a037789c0224930a39beaef4f2535815c8 fetched and parsed in 79.063333ms
[2m2025-12-10T10:13:48.369404Z[0m [34mDEBUG[0m [2methereum_transaction_pool_monitor::mempool_monitor[0m[2m:[0m 🔍 Skipping tx 0xcd89e0818b09fb7dd01d07b05c2b26a037789c0224930a39beaef4f2535815c8 - not a DEX interaction (target: 0x45804880De22913dAFE09f4980848ECE6EcbAf78)
[2m2025-12-10T10:13:48.369414Z[0m [34mDEBUG[0m [2methereum_transaction_pool_monitor::mempool_monitor[0m[2m:[0m 📨 Processing new pending transaction: 0xf4cf647653fc5fe48e6334da1ded5c7e65659db3c53278c1baf796db4d094d31
[2m2025-12-10T10:13:48.369419Z[0m [34mDEBUG[0m [2methereum_transaction_pool_monitor::mempool_monitor[0m[2m:[0m 🔍 Fetching transaction details for: 0xf4cf647653fc5fe48e6334da1ded5c7e65659db3c53278c1baf796db4d094d31
[2m2025-12-10T10:13:48.369423Z[0m [34mDEBUG[0m [2methereum_transaction_pool_monitor::eth_client[0m[2m:[0m 🔍 Fetching transaction details for hash: 0xf4cf647653fc5fe48e6334da1ded5c7e65659db3c53278c1baf796db4d094d31
[2m2025-12-10T10:13:48.369446Z[0m [34mDEBUG[0m [2mhyper::client::pool[0m[2m:[0m reuse idle connection for ("http", 192.168.0.14:8545)
[2m2025-12-10T10:13:48.369485Z[0m [34mDEBUG[0m [2mhyper::proto::h1::io[0m[2m:[0m flushed 250 bytes
[2m2025-12-10T10:13:48.369513Z[0m [34mDEBUG[0m [2mhyper::client::pool[0m[2m:[0m reuse idle connection for ("http", 192.168.0.14:8545)
[2m2025-12-10T10:13:48.369527Z[0m [34mDEBUG[0m [2mhyper::proto::h1::io[0m[2m:[0m flushed 172 bytes
[2m2025-12-10T10:13:48.370343Z[0m [34mDEBUG[0m [2methereum_transaction_pool_monitor::eth_client[0m[2m:[0m 📨 Received WebSocket message: {"jsonrpc":"2.0","method":"eth_subscription","params":{"subscription":"0xbed0a0851463e895960a451075a301a9","result":"0xfc77659c73712416d1c7bd776ce090ae3d486711159199125eb4a27c5acd80d7"}}
[2m2025-12-10T10:13:48.370350Z[0m [34mDEBUG[0m [2methereum_transaction_pool_monitor::eth_client[0m[2m:[0m 📨 Received pending transaction: 0xfc77659c73712416d1c7bd776ce090ae3d486711159199125eb4a27c5acd80d7
[2m2025-12-10T10:13:48.372291Z[0m [34mDEBUG[0m [2mhyper::proto::h1::io[0m[2m:[0m parsed 4 headers
[2m2025-12-10T10:13:48.372295Z[0m [34mDEBUG[0m [2mhyper::proto::h1::conn[0m[2m:[0m incoming body is content-length (655 bytes)
[2m2025-12-10T10:13:48.372301Z[0m [34mDEBUG[0m [2mhyper::proto::h1::conn[0m[2m:[0m incoming body completed
[2m2025-12-10T10:13:48.372308Z[0m [34mDEBUG[0m [2mhyper::client::pool[0m[2m:[0m pooling idle connection for ("http", 192.168.0.14:8545)
[2m2025-12-10T10:13:48.372313Z[0m [34mDEBUG[0m [2methereum_transaction_pool_monitor::eth_client[0m[2m:[0m 📡 Transaction fetch RPC completed in 2.886167ms
[2m2025-12-10T10:13:48.445091Z[0m [34mDEBUG[0m [2methereum_transaction_pool_monitor::eth_client[0m[2m:[0m ✅ Transaction 0xf4cf647653fc5fe48e6334da1ded5c7e65659db3c53278c1baf796db4d094d31 fetched and parsed in 75.661125ms
[2m2025-12-10T10:13:48.445116Z[0m [34mDEBUG[0m [2methereum_transaction_pool_monitor::mempool_monitor[0m[2m:[0m 🔍 Skipping tx 0xf4cf647653fc5fe48e6334da1ded5c7e65659db3c53278c1baf796db4d094d31 - not a DEX interaction (target: 0x0C151fdbf40098100AcBfe6d1374a9Cd017B052f)
[2m2025-12-10T10:13:48.445127Z[0m [34mDEBUG[0m [2methereum_transaction_pool_monitor::mempool_monitor[0m[2m:[0m 📨 Processing new pending transaction: 0x8494b7aa325d58f21bf25d6da856614a7d0978b0fb9daec1b0142b01884bcd2a
[2m2025-12-10T10:13:48.445132Z[0m [34mDEBUG[0m [2methereum_transaction_pool_monitor::mempool_monitor[0m[2m:[0m 🔍 Fetching transaction details for: 0x8494b7aa325d58f21bf25d6da856614a7d0978b0fb9daec1b0142b01884bcd2a
[2m2025-12-10T10:13:48.445147Z[0m [34mDEBUG[0m [2methereum_transaction_pool_monitor::eth_client[0m[2m:[0m 🔍 Fetching transaction details for hash: 0x8494b7aa325d58f21bf25d6da856614a7d0978b0fb9daec1b0142b01884bcd2a
[2m2025-12-10T10:13:48.445168Z[0m [34mDEBUG[0m [2mhyper::client::pool[0m[2m:[0m reuse idle connection for ("http", 192.168.0.14:8545)
[2m2025-12-10T10:13:48.445198Z[0m [34mDEBUG[0m [2mhyper::proto::h1::io[0m[2m:[0m flushed 250 bytes
[2m2025-12-10T10:13:48.445222Z[0m [34mDEBUG[0m [2methereum_transaction_pool_monitor::eth_client[0m[2m:[0m 📨 Received WebSocket message: {"jsonrpc":"2.0","method":"eth_subscription","params":{"subscription":"0xbed0a0851463e895960a451075a301a9","result":"0x4cf4d5ec995df12469509a6b4d80ec228018feccaf8c947f8b0851ec7961b5f1"}}
[2m2025-12-10T10:13:48.445230Z[0m [34mDEBUG[0m [2methereum_transaction_pool_monitor::eth_client[0m[2m:[0m 📨 Received pending transaction: 0x4cf4d5ec995df12469509a6b4d80ec228018feccaf8c947f8b0851ec7961b5f1
[2m2025-12-10T10:13:48.445236Z[0m [34mDEBUG[0m [2methereum_transaction_pool_monitor::eth_client[0m[2m:[0m 📨 Received WebSocket message: {"jsonrpc":"2.0","method":"eth_subscription","params":{"subscription":"0xbed0a0851463e895960a451075a301a9","result":"0x693649b36c485d7c08b35de64b4a64efe1a534409190a968e766aee6157ff4b4"}}
[2m2025-12-10T10:13:48.445241Z[0m [34mDEBUG[0m [2methereum_transaction_pool_monitor::eth_client[0m[2m:[0m 📨 Received pending transaction: 0x693649b36c485d7c08b35de64b4a64efe1a534409190a968e766aee6157ff4b4
[2m2025-12-10T10:13:48.445254Z[0m [34mDEBUG[0m [2mhyper::proto::h1::io[0m[2m:[0m parsed 4 headers
[2m2025-12-10T10:13:48.445259Z[0m [34mDEBUG[0m [2mhyper::proto::h1::conn[0m[2m:[0m incoming body is content-length (45 bytes)
[2m2025-12-10T10:13:48.445267Z[0m [34mDEBUG[0m [2mhyper::proto::h1::conn[0m[2m:[0m incoming body completed
[2m2025-12-10T10:13:48.445276Z[0m [34mDEBUG[0m [2mhyper::client::pool[0m[2m:[0m pooling idle connection for ("http", 192.168.0.14:8545)
[2m2025-12-10T10:13:48.445296Z[0m [34mDEBUG[0m [2mhyper::client::pool[0m[2m:[0m reuse idle connection for ("http", 192.168.0.14:8545)
[2m2025-12-10T10:13:48.445311Z[0m [34mDEBUG[0m [2mhyper::proto::h1::io[0m[2m:[0m flushed 172 bytes
[2m2025-12-10T10:13:48.451810Z[0m [34mDEBUG[0m [2mhyper::proto::h1::io[0m[2m:[0m parsed 4 headers
[2m2025-12-10T10:13:48.451813Z[0m [34mDEBUG[0m [2mhyper::proto::h1::conn[0m[2m:[0m incoming body is content-length (45 bytes)
[2m2025-12-10T10:13:48.451817Z[0m [34mDEBUG[0m [2mhyper::proto::h1::conn[0m[2m:[0m incoming body completed
[2m2025-12-10T10:13:48.451822Z[0m [34mDEBUG[0m [2mhyper::client::pool[0m[2m:[0m pooling idle connection for ("http", 192.168.0.14:8545)
[2m2025-12-10T10:13:48.451833Z[0m [34mDEBUG[0m [2mhyper::proto::h1::io[0m[2m:[0m parsed 4 headers
[2m2025-12-10T10:13:48.451836Z[0m [34mDEBUG[0m [2mhyper::proto::h1::conn[0m[2m:[0m incoming body is content-length (776 bytes)
[2m2025-12-10T10:13:48.451839Z[0m [34mDEBUG[0m [2mhyper::proto::h1::conn[0m[2m:[0m incoming body completed
[2m2025-12-10T10:13:48.451843Z[0m [34mDEBUG[0m [2mhyper::client::pool[0m[2m:[0m pooling idle connection for ("http", 192.168.0.14:8545)
[2m2025-12-10T10:13:48.451847Z[0m [34mDEBUG[0m [2methereum_transaction_pool_monitor::eth_client[0m[2m:[0m 📡 Transaction fetch RPC completed in 6.695667ms
[2m2025-12-10T10:13:48.451859Z[0m [34mDEBUG[0m [2methereum_transaction_pool_monitor::eth_client[0m[2m:[0m DeFi transaction detected - Address: 0xdac17f958d2ee523a2206206994597c13d831ec7, Type: Stablecoin, Value: 0 ETH, Gas: 127.50 Gwei
[2m2025-12-10T10:13:48.451871Z[0m [34mDEBUG[0m [2methereum_transaction_pool_monitor::eth_client[0m[2m:[0m ✅ Transaction 0x8494b7aa325d58f21bf25d6da856614a7d0978b0fb9daec1b0142b01884bcd2a fetched and parsed in 6.719833ms
[2m2025-12-10T10:13:48.451880Z[0m [34mDEBUG[0m [2methereum_transaction_pool_monitor::mempool_monitor[0m[2m:[0m 🔍 Skipping tx 0x8494b7aa325d58f21bf25d6da856614a7d0978b0fb9daec1b0142b01884bcd2a - not a DEX interaction (target: 0xdAC17F958D2ee523a2206206994597C13D831ec7)
[2m2025-12-10T10:13:48.451886Z[0m [34mDEBUG[0m [2methereum_transaction_pool_monitor::mempool_monitor[0m[2m:[0m 📨 Processing new pending transaction: 0x54937ad5e2eb8cc9934fe9ea76dff0b45b6e576bebf1b19ed4ea6aa57354c660
[2m2025-12-10T10:13:48.451891Z[0m [34mDEBUG[0m [2methereum_transaction_pool_monitor::mempool_monitor[0m[2m:[0m 🔍 Fetching transaction details for: 0x54937ad5e2eb8cc9934fe9ea76dff0b45b6e576bebf1b19ed4ea6aa57354c660
[2m2025-12-10T10:13:48.451894Z[0m [34mDEBUG[0m [2methereum_transaction_pool_monitor::eth_client[0m[2m:[0m 🔍 Fetching transaction details for hash: 0x54937ad5e2eb8cc9934fe9ea76dff0b45b6e576bebf1b19ed4ea6aa57354c660
[2m2025-12-10T10:13:48.451901Z[0m [34mDEBUG[0m [2mhyper::client::pool[0m[2m:[0m reuse idle connection for ("http", 192.168.0.14:8545)
[2m2025-12-10T10:13:48.451911Z[0m [34mDEBUG[0m [2mhyper::proto::h1::io[0m[2m:[0m flushed 250 bytes
[2m2025-12-10T10:13:48.456801Z[0m [34mDEBUG[0m [2mhyper::proto::h1::io[0m[2m:[0m parsed 4 headers
[2m2025-12-10T10:13:48.456806Z[0m [34mDEBUG[0m [2mhyper::proto::h1::conn[0m[2m:[0m incoming body is content-length (1098 bytes)
[2m2025-12-10T10:13:48.456810Z[0m [34mDEBUG[0m [2mhyper::proto::h1::conn[0m[2m:[0m incoming body completed
[2m2025-12-10T10:13:48.456814Z[0m [34mDEBUG[0m [2mhyper::client::pool[0m[2m:[0m pooling idle connection for ("http", 192.168.0.14:8545)
[2m2025-12-10T10:13:48.456819Z[0m [34mDEBUG[0m [2methereum_transaction_pool_monitor::eth_client[0m[2m:[0m 📡 Transaction fetch RPC completed in 4.922125ms
[2m2025-12-10T10:13:48.529118Z[0m [34mDEBUG[0m [2methereum_transaction_pool_monitor::eth_client[0m[2m:[0m ✅ Transaction 0x54937ad5e2eb8cc9934fe9ea76dff0b45b6e576bebf1b19ed4ea6aa57354c660 fetched and parsed in 77.21825ms
[2m2025-12-10T10:13:48.529137Z[0m [34mDEBUG[0m [2methereum_transaction_pool_monitor::mempool_monitor[0m[2m:[0m 🔍 Skipping tx 0x54937ad5e2eb8cc9934fe9ea76dff0b45b6e576bebf1b19ed4ea6aa57354c660 - not a DEX interaction (target: 0xEe7aE85f2Fe2239E27D9c1E23fFFe168D63b4055)
[2m2025-12-10T10:13:48.529148Z[0m [34mDEBUG[0m [2methereum_transaction_pool_monitor::mempool_monitor[0m[2m:[0m 📨 Processing new pending transaction: 0x550c3d160e5f71450e6e8d6c145e675fc3d43f57cbaf4a4d397976b4638c695c
[2m2025-12-10T10:13:48.529153Z[0m [34mDEBUG[0m [2methereum_transaction_pool_monitor::mempool_monitor[0m[2m:[0m 🔍 Fetching transaction details for: 0x550c3d160e5f71450e6e8d6c145e675fc3d43f57cbaf4a4d397976b4638c695c
[2m2025-12-10T10:13:48.529156Z[0m [34mDEBUG[0m [2methereum_transaction_pool_monitor::eth_client[0m[2m:[0m 🔍 Fetching transaction details for hash: 0x550c3d160e5f71450e6e8d6c145e675fc3d43f57cbaf4a4d397976b4638c695c
[2m2025-12-10T10:13:48.529179Z[0m [34mDEBUG[0m [2mhyper::client::pool[0m[2m:[0m reuse idle connection for ("http", 192.168.0.14:8545)
[2m2025-12-10T10:13:48.529211Z[0m [34mDEBUG[0m [2mhyper::proto::h1::io[0m[2m:[0m flushed 250 bytes
[2m2025-12-10T10:13:48.529262Z[0m [34mDEBUG[0m [2mhyper::client::pool[0m[2m:[0m reuse idle connection for ("http", 192.168.0.14:8545)
[2m2025-12-10T10:13:48.529275Z[0m [34mDEBUG[0m [2mhyper::proto::h1::io[0m[2m:[0m flushed 172 bytes
[2m2025-12-10T10:13:48.533268Z[0m [34mDEBUG[0m [2mhyper::proto::h1::io[0m[2m:[0m parsed 4 headers
[2m2025-12-10T10:13:48.533275Z[0m [34mDEBUG[0m [2mhyper::proto::h1::conn[0m[2m:[0m incoming body is content-length (775 bytes)
[2m2025-12-10T10:13:48.533281Z[0m [34mDEBUG[0m [2mhyper::proto::h1::conn[0m[2m:[0m incoming body completed
[2m2025-12-10T10:13:48.533288Z[0m [34mDEBUG[0m [2mhyper::client::pool[0m[2m:[0m pooling idle connection for ("http", 192.168.0.14:8545)
[2m2025-12-10T10:13:48.533294Z[0m [34mDEBUG[0m [2methereum_transaction_pool_monitor::eth_client[0m[2m:[0m 📡 Transaction fetch RPC completed in 4.134041ms
[2m2025-12-10T10:13:48.533315Z[0m [34mDEBUG[0m [2methereum_transaction_pool_monitor::eth_client[0m[2m:[0m DeFi transaction detected - Address: 0xdac17f958d2ee523a2206206994597c13d831ec7, Type: Stablecoin, Value: 0 ETH, Gas: 5.21 Gwei
[2m2025-12-10T10:13:48.533326Z[0m [34mDEBUG[0m [2methereum_transaction_pool_monitor::eth_client[0m[2m:[0m ✅ Transaction 0x550c3d160e5f71450e6e8d6c145e675fc3d43f57cbaf4a4d397976b4638c695c fetched and parsed in 4.166333ms
[2m2025-12-10T10:13:48.533331Z[0m [34mDEBUG[0m [2methereum_transaction_pool_monitor::mempool_monitor[0m[2m:[0m 🔍 Skipping tx 0x550c3d160e5f71450e6e8d6c145e675fc3d43f57cbaf4a4d397976b4638c695c - not a DEX interaction (target: 0xdAC17F958D2ee523a2206206994597C13D831ec7)
[2m2025-12-10T10:13:48.533336Z[0m [34mDEBUG[0m [2methereum_transaction_pool_monitor::mempool_monitor[0m[2m:[0m 📨 Processing new pending transaction: 0xa49a52af4c063e0b744b127c72247e94b3d278ea30e9147ad55eb82c2dd788e7
[2m2025-12-10T10:13:48.533339Z[0m [34mDEBUG[0m [2methereum_transaction_pool_monitor::mempool_monitor[0m[2m:[0m 🔍 Fetching transaction details for: 0xa49a52af4c063e0b744b127c72247e94b3d278ea30e9147ad55eb82c2dd788e7
[2m2025-12-10T10:13:48.533342Z[0m [34mDEBUG[0m [2methereum_transaction_pool_monitor::eth_client[0m[2m:[0m 🔍 Fetching transaction details for hash: 0xa49a52af4c063e0b744b127c72247e94b3d278ea30e9147ad55eb82c2dd788e7
[2m2025-12-10T10:13:48.533350Z[0m [34mDEBUG[0m [2mhyper::client::pool[0m[2m:[0m reuse idle connection for ("http", 192.168.0.14:8545)
[2m2025-12-10T10:13:48.533366Z[0m [34mDEBUG[0m [2mhyper::proto::h1::io[0m[2m:[0m flushed 250 bytes
[2m2025-12-10T10:13:48.533969Z[0m [34mDEBUG[0m [2mhyper::proto::h1::io[0m[2m:[0m parsed 4 headers
[2m2025-12-10T10:13:48.533973Z[0m [34mDEBUG[0m [2mhyper::proto::h1::conn[0m[2m:[0m incoming body is content-length (45 bytes)
[2m2025-12-10T10:13:48.533977Z[0m [34mDEBUG[0m [2mhyper::proto::h1::conn[0m[2m:[0m incoming body completed
[2m2025-12-10T10:13:48.533981Z[0m [34mDEBUG[0m [2mhyper::client::pool[0m[2m:[0m pooling idle connection for ("http", 192.168.0.14:8545)
[2m2025-12-10T10:13:48.537637Z[0m [34mDEBUG[0m [2mhyper::proto::h1::io[0m[2m:[0m parsed 4 headers
[2m2025-12-10T10:13:48.537642Z[0m [34mDEBUG[0m [2mhyper::proto::h1::conn[0m[2m:[0m incoming body is content-length (677 bytes)
[2m2025-12-10T10:13:48.537645Z[0m [34mDEBUG[0m [2mhyper::proto::h1::conn[0m[2m:[0m incoming body completed
[2m2025-12-10T10:13:48.537649Z[0m [34mDEBUG[0m [2mhyper::client::pool[0m[2m:[0m pooling idle connection for ("http", 192.168.0.14:8545)
[2m2025-12-10T10:13:48.537653Z[0m [34mDEBUG[0m [2methereum_transaction_pool_monitor::eth_client[0m[2m:[0m 📡 Transaction fetch RPC completed in 4.30825ms
[2m2025-12-10T10:13:48.537661Z[0m [34mDEBUG[0m [2methereum_transaction_pool_monitor::eth_client[0m[2m:[0m DeFi transaction detected - Address: 0xdac17f958d2ee523a2206206994597c13d831ec7, Type: Stablecoin, Value: 0 ETH, Gas: 0.80 Gwei
[2m2025-12-10T10:13:48.537668Z[0m [34mDEBUG[0m [2methereum_transaction_pool_monitor::eth_client[0m[2m:[0m ✅ Transaction 0xa49a52af4c063e0b744b127c72247e94b3d278ea30e9147ad55eb82c2dd788e7 fetched and parsed in 4.323792ms
[2m2025-12-10T10:13:48.537672Z[0m [34mDEBUG[0m [2methereum_transaction_pool_monitor::mempool_monitor[0m[2m:[0m 🔍 Skipping tx 0xa49a52af4c063e0b744b127c72247e94b3d278ea30e9147ad55eb82c2dd788e7 - not a DEX interaction (target: 0xdAC17F958D2ee523a2206206994597C13D831ec7)
[2m2025-12-10T10:13:48.537677Z[0m [34mDEBUG[0m [2methereum_transaction_pool_monitor::mempool_monitor[0m[2m:[0m 📨 Processing new pending transaction: 0x12fc348c27b043f47333ac363cb7a3378b727c8df0870206c3b3680b53da72a4
[2m2025-12-10T10:13:48.537680Z[0m [34mDEBUG[0m [2methereum_transaction_pool_monitor::mempool_monitor[0m[2m:[0m 🔍 Fetching transaction details for: 0x12fc348c27b043f47333ac363cb7a3378b727c8df0870206c3b3680b53da72a4
[2m2025-12-10T10:13:48.537686Z[0m [34mDEBUG[0m [2methereum_transaction_pool_monitor::eth_client[0m[2m:[0m 🔍 Fetching transaction details for hash: 0x12fc348c27b043f47333ac363cb7a3378b727c8df0870206c3b3680b53da72a4
[2m2025-12-10T10:13:48.537692Z[0m [34mDEBUG[0m [2mhyper::client::pool[0m[2m:[0m reuse idle connection for ("http", 192.168.0.14:8545)
[2m2025-12-10T10:13:48.537704Z[0m [34mDEBUG[0m [2mhyper::proto::h1::io[0m[2m:[0m flushed 250 bytes
[2m2025-12-10T10:13:48.542135Z[0m [34mDEBUG[0m [2mhyper::proto::h1::io[0m[2m:[0m parsed 4 headers
[2m2025-12-10T10:13:48.542144Z[0m [34mDEBUG[0m [2mhyper::proto::h1::conn[0m[2m:[0m incoming body is content-length (778 bytes)
[2m2025-12-10T10:13:48.542148Z[0m [34mDEBUG[0m [2mhyper::proto::h1::conn[0m[2m:[0m incoming body completed
[2m2025-12-10T10:13:48.542155Z[0m [34mDEBUG[0m [2mhyper::client::pool[0m[2m:[0m pooling idle connection for ("http", 192.168.0.14:8545)
[2m2025-12-10T10:13:48.542159Z[0m [34mDEBUG[0m [2methereum_transaction_pool_monitor::eth_client[0m[2m:[0m 📡 Transaction fetch RPC completed in 4.470792ms
[2m2025-12-10T10:13:48.542170Z[0m [34mDEBUG[0m [2methereum_transaction_pool_monitor::eth_client[0m[2m:[0m DeFi transaction detected - Address: 0xdac17f958d2ee523a2206206994597c13d831ec7, Type: Stablecoin, Value: 0 ETH, Gas: 127.50 Gwei
[2m2025-12-10T10:13:48.542178Z[0m [34mDEBUG[0m [2methereum_transaction_pool_monitor::eth_client[0m[2m:[0m ✅ Transaction 0x12fc348c27b043f47333ac363cb7a3378b727c8df0870206c3b3680b53da72a4 fetched and parsed in 4.490167ms
[2m2025-12-10T10:13:48.542183Z[0m [34mDEBUG[0m [2methereum_transaction_pool_monitor::mempool_monitor[0m[2m:[0m 🔍 Skipping tx 0x12fc348c27b043f47333ac363cb7a3378b727c8df0870206c3b3680b53da72a4 - not a DEX interaction (target: 0xdAC17F958D2ee523a2206206994597C13D831ec7)
[2m2025-12-10T10:13:48.542187Z[0m [34mDEBUG[0m [2methereum_transaction_pool_monitor::mempool_monitor[0m[2m:[0m 📨 Processing new pending transaction: 0x20470574abc3e4c041c1e31d31158a4bd68e905fde0a36fea419419aa269a8f9
[2m2025-12-10T10:13:48.542190Z[0m [34mDEBUG[0m [2methereum_transaction_pool_monitor::mempool_monitor[0m[2m:[0m 🔍 Fetching transaction details for: 0x20470574abc3e4c041c1e31d31158a4bd68e905fde0a36fea419419aa269a8f9
[2m2025-12-10T10:13:48.542193Z[0m [34mDEBUG[0m [2methereum_transaction_pool_monitor::eth_client[0m[2m:[0m 🔍 Fetching transaction details for hash: 0x20470574abc3e4c041c1e31d31158a4bd68e905fde0a36fea419419aa269a8f9
[2m2025-12-10T10:13:48.542201Z[0m [34mDEBUG[0m [2mhyper::client::pool[0m[2m:[0m reuse idle connection for ("http", 192.168.0.14:8545)
[2m2025-12-10T10:13:48.542222Z[0m [34mDEBUG[0m [2mhyper::proto::h1::io[0m[2m:[0m flushed 250 bytes
[2m2025-12-10T10:13:48.547069Z[0m [34mDEBUG[0m [2mhyper::proto::h1::io[0m[2m:[0m parsed 4 headers
[2m2025-12-10T10:13:48.547074Z[0m [34mDEBUG[0m [2mhyper::proto::h1::conn[0m[2m:[0m incoming body is content-length (778 bytes)
[2m2025-12-10T10:13:48.547079Z[0m [34mDEBUG[0m [2mhyper::proto::h1::conn[0m[2m:[0m incoming body completed
[2m2025-12-10T10:13:48.547085Z[0m [34mDEBUG[0m [2mhyper::client::pool[0m[2m:[0m pooling idle connection for ("http", 192.168.0.14:8545)
[2m2025-12-10T10:13:48.547089Z[0m [34mDEBUG[0m [2methereum_transaction_pool_monitor::eth_client[0m[2m:[0m 📡 Transaction fetch RPC completed in 4.893292ms
[2m2025-12-10T10:13:48.547098Z[0m [34mDEBUG[0m [2methereum_transaction_pool_monitor::eth_client[0m[2m:[0m DeFi transaction detected - Address: 0xdac17f958d2ee523a2206206994597c13d831ec7, Type: Stablecoin, Value: 0 ETH, Gas: 127.50 Gwei
[2m2025-12-10T10:13:48.547107Z[0m [34mDEBUG[0m [2methereum_transaction_pool_monitor::eth_client[0m[2m:[0m ✅ Transaction 0x20470574abc3e4c041c1e31d31158a4bd68e905fde0a36fea419419aa269a8f9 fetched and parsed in 4.911667ms
[2m2025-12-10T10:13:48.547112Z[0m [34mDEBUG[0m [2methereum_transaction_pool_monitor::mempool_monitor[0m[2m:[0m 🔍 Skipping tx 0x20470574abc3e4c041c1e31d31158a4bd68e905fde0a36fea419419aa269a8f9 - not a DEX interaction (target: 0xdAC17F958D2ee523a2206206994597C13D831ec7)
[2m2025-12-10T10:13:48.547126Z[0m [34mDEBUG[0m [2methereum_transaction_pool_monitor::mempool_monitor[0m[2m:[0m 📨 Processing new pending transaction: 0xdfa87cc01e2386979aabeecdee8b16bbdda0dca25db168ff570b26c7d696d830
[2m2025-12-10T10:13:48.547129Z[0m [34mDEBUG[0m [2methereum_transaction_pool_monitor::mempool_monitor[0m[2m:[0m 🔍 Fetching transaction details for: 0xdfa87cc01e2386979aabeecdee8b16bbdda0dca25db168ff570b26c7d696d830
[2m2025-12-10T10:13:48.547132Z[0m [34mDEBUG[0m [2methereum_transaction_pool_monitor::eth_client[0m[2m:[0m 🔍 Fetching transaction details for hash: 0xdfa87cc01e2386979aabeecdee8b16bbdda0dca25db168ff570b26c7d696d830
[2m2025-12-10T10:13:48.547141Z[0m [34mDEBUG[0m [2mhyper::client::pool[0m[2m:[0m reuse idle connection for ("http", 192.168.0.14:8545)
[2m2025-12-10T10:13:48.547157Z[0m [34mDEBUG[0m [2mhyper::proto::h1::io[0m[2m:[0m flushed 250 bytes
[2m2025-12-10T10:13:48.552118Z[0m [34mDEBUG[0m [2mhyper::proto::h1::io[0m[2m:[0m parsed 4 headers
[2m2025-12-10T10:13:48.555376Z[0m [34mDEBUG[0m [2mhyper::proto::h1::conn[0m[2m:[0m incoming body is content-length (776 bytes)
[2m2025-12-10T10:13:48.555387Z[0m [34mDEBUG[0m [2mhyper::proto::h1::conn[0m[2m:[0m incoming body completed
[2m2025-12-10T10:13:48.555398Z[0m [34mDEBUG[0m [2mhyper::client::pool[0m[2m:[0m pooling idle connection for ("http", 192.168.0.14:8545)
[2m2025-12-10T10:13:48.555406Z[0m [34mDEBUG[0m [2methereum_transaction_pool_monitor::eth_client[0m[2m:[0m 📡 Transaction fetch RPC completed in 8.271333ms
[2m2025-12-10T10:13:48.555423Z[0m [34mDEBUG[0m [2methereum_transaction_pool_monitor::eth_client[0m[2m:[0m DeFi transaction detected - Address: 0xdac17f958d2ee523a2206206994597c13d831ec7, Type: Stablecoin, Value: 0 ETH, Gas: 127.50 Gwei
[2m2025-12-10T10:13:48.555438Z[0m [34mDEBUG[0m [2methereum_transaction_pool_monitor::eth_client[0m[2m:[0m ✅ Transaction 0xdfa87cc01e2386979aabeecdee8b16bbdda0dca25db168ff570b26c7d696d830 fetched and parsed in 8.3035ms
[2m2025-12-10T10:13:48.555446Z[0m [34mDEBUG[0m [2methereum_transaction_pool_monitor::mempool_monitor[0m[2m:[0m 🔍 Skipping tx 0xdfa87cc01e2386979aabeecdee8b16bbdda0dca25db168ff570b26c7d696d830 - not a DEX interaction (target: 0xdAC17F958D2ee523a2206206994597C13D831ec7)
[2m2025-12-10T10:13:48.555452Z[0m [34mDEBUG[0m [2methereum_transaction_pool_monitor::mempool_monitor[0m[2m:[0m 📨 Processing new pending transaction: 0x0184dc12863c07f18cfb5dcd20078818e09288b7909ac2e697f19549a3399055
[2m2025-12-10T10:13:48.555456Z[0m [34mDEBUG[0m [2methereum_transaction_pool_monitor::mempool_monitor[0m[2m:[0m 🔍 Fetching transaction details for: 0x0184dc12863c07f18cfb5dcd20078818e09288b7909ac2e697f19549a3399055
[2m2025-12-10T10:13:48.555458Z[0m [34mDEBUG[0m [2methereum_transaction_pool_monitor::eth_client[0m[2m:[0m 🔍 Fetching transaction details for hash: 0x0184dc12863c07f18cfb5dcd20078818e09288b7909ac2e697f19549a3399055
[2m2025-12-10T10:13:48.555472Z[0m [34mDEBUG[0m [2mhyper::client::pool[0m[2m:[0m reuse idle connection for ("http", 192.168.0.14:8545)
[2m2025-12-10T10:13:48.555496Z[0m [34mDEBUG[0m [2mhyper::proto::h1::io[0m[2m:[0m flushed 250 bytes
[2m2025-12-10T10:13:48.560143Z[0m [34mDEBUG[0m [2mhyper::proto::h1::io[0m[2m:[0m parsed 4 headers
[2m2025-12-10T10:13:48.560151Z[0m [34mDEBUG[0m [2mhyper::proto::h1::conn[0m[2m:[0m incoming body is content-length (774 bytes)
[2m2025-12-10T10:13:48.560156Z[0m [34mDEBUG[0m [2mhyper::proto::h1::conn[0m[2m:[0m incoming body completed
[2m2025-12-10T10:13:48.560163Z[0m [34mDEBUG[0m [2mhyper::client::pool[0m[2m:[0m pooling idle connection for ("http", 192.168.0.14:8545)
[2m2025-12-10T10:13:48.560169Z[0m [34mDEBUG[0m [2methereum_transaction_pool_monitor::eth_client[0m[2m:[0m 📡 Transaction fetch RPC completed in 4.707542ms
[2m2025-12-10T10:13:48.633404Z[0m [34mDEBUG[0m [2methereum_transaction_pool_monitor::eth_client[0m[2m:[0m ✅ Transaction 0x0184dc12863c07f18cfb5dcd20078818e09288b7909ac2e697f19549a3399055 fetched and parsed in 77.9405ms
[2m2025-12-10T10:13:48.633427Z[0m [34mDEBUG[0m [2methereum_transaction_pool_monitor::mempool_monitor[0m[2m:[0m 🔍 Skipping tx 0x0184dc12863c07f18cfb5dcd20078818e09288b7909ac2e697f19549a3399055 - not a DEX interaction (target: 0xA0b86991c6218b36c1d19D4a2e9Eb0cE3606eB48)
[2m2025-12-10T10:13:48.633437Z[0m [34mDEBUG[0m [2methereum_transaction_pool_monitor::mempool_monitor[0m[2m:[0m 📨 Processing new pending transaction: 0x7e5c6d97623968fd0efd09ac15bdc154b6d459cb1b3923ab79a12c8b5d9e8824
[2m2025-12-10T10:13:48.633444Z[0m [34mDEBUG[0m [2methereum_transaction_pool_monitor::mempool_monitor[0m[2m:[0m 🔍 Fetching transaction details for: 0x7e5c6d97623968fd0efd09ac15bdc154b6d459cb1b3923ab79a12c8b5d9e8824
[2m2025-12-10T10:13:48.633449Z[0m [34mDEBUG[0m [2methereum_transaction_pool_monitor::eth_client[0m[2m:[0m 🔍 Fetching transaction details for hash: 0x7e5c6d97623968fd0efd09ac15bdc154b6d459cb1b3923ab79a12c8b5d9e8824
[2m2025-12-10T10:13:48.633468Z[0m [34mDEBUG[0m [2mhyper::client::pool[0m[2m:[0m reuse idle connection for ("http", 192.168.0.14:8545)
[2m2025-12-10T10:13:48.633501Z[0m [34mDEBUG[0m [2mhyper::proto::h1::io[0m[2m:[0m flushed 250 bytes
[2m2025-12-10T10:13:48.633560Z[0m [34mDEBUG[0m [2mhyper::client::pool[0m[2m:[0m reuse idle connection for ("http", 192.168.0.14:8545)
[2m2025-12-10T10:13:48.633572Z[0m [34mDEBUG[0m [2mhyper::proto::h1::io[0m[2m:[0m flushed 172 bytes
[2m2025-12-10T10:13:48.637521Z[0m [34mDEBUG[0m [2mhyper::proto::h1::io[0m[2m:[0m parsed 4 headers
[2m2025-12-10T10:13:48.637529Z[0m [34mDEBUG[0m [2mhyper::proto::h1::conn[0m[2m:[0m incoming body is content-length (771 bytes)
[2m2025-12-10T10:13:48.637537Z[0m [34mDEBUG[0m [2mhyper::proto::h1::conn[0m[2m:[0m incoming body completed
[2m2025-12-10T10:13:48.637547Z[0m [34mDEBUG[0m [2mhyper::client::pool[0m[2m:[0m pooling idle connection for ("http", 192.168.0.14:8545)
[2m2025-12-10T10:13:48.637553Z[0m [34mDEBUG[0m [2methereum_transaction_pool_monitor::eth_client[0m[2m:[0m 📡 Transaction fetch RPC completed in 4.100333ms
[2m2025-12-10T10:13:48.637571Z[0m [34mDEBUG[0m [2methereum_transaction_pool_monitor::eth_client[0m[2m:[0m DeFi transaction detected - Address: 0xdac17f958d2ee523a2206206994597c13d831ec7, Type: Stablecoin, Value: 0 ETH, Gas: 2.23 Gwei
[2m2025-12-10T10:13:48.637583Z[0m [34mDEBUG[0m [2methereum_transaction_pool_monitor::eth_client[0m[2m:[0m ✅ Transaction 0x7e5c6d97623968fd0efd09ac15bdc154b6d459cb1b3923ab79a12c8b5d9e8824 fetched and parsed in 4.130417ms
[2m2025-12-10T10:13:48.637590Z[0m [34mDEBUG[0m [2methereum_transaction_pool_monitor::mempool_monitor[0m[2m:[0m 🔍 Skipping tx 0x7e5c6d97623968fd0efd09ac15bdc154b6d459cb1b3923ab79a12c8b5d9e8824 - not a DEX interaction (target: 0xdAC17F958D2ee523a2206206994597C13D831ec7)
[2m2025-12-10T10:13:48.637597Z[0m [34mDEBUG[0m [2methereum_transaction_pool_monitor::mempool_monitor[0m[2m:[0m 📨 Processing new pending transaction: 0xdcc225449ba7d7bd3d78b3e961171c0cffb0f826fda4ffcd7dd5cd5bdfe6c0a9
[2m2025-12-10T10:13:48.637602Z[0m [34mDEBUG[0m [2methereum_transaction_pool_monitor::mempool_monitor[0m[2m:[0m 🔍 Fetching transaction details for: 0xdcc225449ba7d7bd3d78b3e961171c0cffb0f826fda4ffcd7dd5cd5bdfe6c0a9
[2m2025-12-10T10:13:48.637605Z[0m [34mDEBUG[0m [2methereum_transaction_pool_monitor::eth_client[0m[2m:[0m 🔍 Fetching transaction details for hash: 0xdcc225449ba7d7bd3d78b3e961171c0cffb0f826fda4ffcd7dd5cd5bdfe6c0a9
[2m2025-12-10T10:13:48.637618Z[0m [34mDEBUG[0m [2mhyper::client::pool[0m[2m:[0m reuse idle connection for ("http", 192.168.0.14:8545)
[2m2025-12-10T10:13:48.637634Z[0m [34mDEBUG[0m [2mhyper::proto::h1::io[0m[2m:[0m flushed 250 bytes
[2m2025-12-10T10:13:48.637648Z[0m [34mDEBUG[0m [2mhyper::proto::h1::io[0m[2m:[0m parsed 4 headers
[2m2025-12-10T10:13:48.637651Z[0m [34mDEBUG[0m [2mhyper::proto::h1::conn[0m[2m:[0m incoming body is content-length (45 bytes)
[2m2025-12-10T10:13:48.637655Z[0m [34mDEBUG[0m [2mhyper::proto::h1::conn[0m[2m:[0m incoming body completed
[2m2025-12-10T10:13:48.637659Z[0m [34mDEBUG[0m [2mhyper::client::pool[0m[2m:[0m pooling idle connection for ("http", 192.168.0.14:8545)
[2m2025-12-10T10:13:48.642813Z[0m [34mDEBUG[0m [2mhyper::proto::h1::io[0m[2m:[0m parsed 4 headers
[2m2025-12-10T10:13:48.642838Z[0m [34mDEBUG[0m [2mhyper::proto::h1::conn[0m[2m:[0m incoming body is content-length (903 bytes)
[2m2025-12-10T10:13:48.642851Z[0m [34mDEBUG[0m [2mhyper::proto::h1::conn[0m[2m:[0m incoming body completed
[2m2025-12-10T10:13:48.642866Z[0m [34mDEBUG[0m [2mhyper::client::pool[0m[2m:[0m pooling idle connection for ("http", 192.168.0.14:8545)
[2m2025-12-10T10:13:48.642878Z[0m [34mDEBUG[0m [2methereum_transaction_pool_monitor::eth_client[0m[2m:[0m 📡 Transaction fetch RPC completed in 5.27025ms
[2m2025-12-10T10:13:48.713976Z[0m [34mDEBUG[0m [2methereum_transaction_pool_monitor::eth_client[0m[2m:[0m ✅ Transaction 0xdcc225449ba7d7bd3d78b3e961171c0cffb0f826fda4ffcd7dd5cd5bdfe6c0a9 fetched and parsed in 76.366166ms
[2m2025-12-10T10:13:48.713999Z[0m [34mDEBUG[0m [2methereum_transaction_pool_monitor::mempool_monitor[0m[2m:[0m 🔍 Skipping tx 0xdcc225449ba7d7bd3d78b3e961171c0cffb0f826fda4ffcd7dd5cd5bdfe6c0a9 - not a DEX interaction (target: 0xff00000000000000000000000000000000000480)
[2m2025-12-10T10:13:48.714009Z[0m [34mDEBUG[0m [2methereum_transaction_pool_monitor::mempool_monitor[0m[2m:[0m 📨 Processing new pending transaction: 0x4f45571ed78039ebafeb7bbd5e8b586b930a370555545d49f0f3030866c55fb3
[2m2025-12-10T10:13:48.714014Z[0m [34mDEBUG[0m [2methereum_transaction_pool_monitor::mempool_monitor[0m[2m:[0m 🔍 Fetching transaction details for: 0x4f45571ed78039ebafeb7bbd5e8b586b930a370555545d49f0f3030866c55fb3
[2m2025-12-10T10:13:48.714019Z[0m [34mDEBUG[0m [2methereum_transaction_pool_monitor::eth_client[0m[2m:[0m 🔍 Fetching transaction details for hash: 0x4f45571ed78039ebafeb7bbd5e8b586b930a370555545d49f0f3030866c55fb3
[2m2025-12-10T10:13:48.714037Z[0m [34mDEBUG[0m [2mhyper::client::pool[0m[2m:[0m reuse idle connection for ("http", 192.168.0.14:8545)
[2m2025-12-10T10:13:48.714073Z[0m [34mDEBUG[0m [2mhyper::proto::h1::io[0m[2m:[0m flushed 250 bytes
[2m2025-12-10T10:13:48.714104Z[0m [34mDEBUG[0m [2mhyper::client::pool[0m[2m:[0m reuse idle connection for ("http", 192.168.0.14:8545)
[2m2025-12-10T10:13:48.714118Z[0m [34mDEBUG[0m [2mhyper::proto::h1::io[0m[2m:[0m flushed 172 bytes
[2m2025-12-10T10:13:48.725638Z[0m [34mDEBUG[0m [2mhyper::proto::h1::io[0m[2m:[0m parsed 4 headers
[2m2025-12-10T10:13:48.725648Z[0m [34mDEBUG[0m [2mhyper::proto::h1::conn[0m[2m:[0m incoming body is content-length (639 bytes)
[2m2025-12-10T10:13:48.725656Z[0m [34mDEBUG[0m [2mhyper::proto::h1::conn[0m[2m:[0m incoming body completed
[2m2025-12-10T10:13:48.725666Z[0m [34mDEBUG[0m [2mhyper::client::pool[0m[2m:[0m pooling idle connection for ("http", 192.168.0.14:8545)
[2m2025-12-10T10:13:48.725673Z[0m [34mDEBUG[0m [2methereum_transaction_pool_monitor::eth_client[0m[2m:[0m 📡 Transaction fetch RPC completed in 11.650875ms
[2m2025-12-10T10:13:48.798642Z[0m [34mDEBUG[0m [2methereum_transaction_pool_monitor::eth_client[0m[2m:[0m ✅ Transaction 0x4f45571ed78039ebafeb7bbd5e8b586b930a370555545d49f0f3030866c55fb3 fetched and parsed in 84.618041ms
[2m2025-12-10T10:13:48.798666Z[0m [34mDEBUG[0m [2methereum_transaction_pool_monitor::mempool_monitor[0m[2m:[0m 🔍 Skipping tx 0x4f45571ed78039ebafeb7bbd5e8b586b930a370555545d49f0f3030866c55fb3 - not a DEX interaction (target: 0x8195D3496305D2DbE43B21d51e6cC77B6C9C8364)
[2m2025-12-10T10:13:48.798675Z[0m [34mDEBUG[0m [2methereum_transaction_pool_monitor::mempool_monitor[0m[2m:[0m 📨 Processing new pending transaction: 0xc5547a5c012b746c7692a0fd5011bce7a4c15c53d928277a5be0f6b6a59dece9
[2m2025-12-10T10:13:48.798695Z[0m [34mDEBUG[0m [2methereum_transaction_pool_monitor::mempool_monitor[0m[2m:[0m 🔍 Fetching transaction details for: 0xc5547a5c012b746c7692a0fd5011bce7a4c15c53d928277a5be0f6b6a59dece9
[2m2025-12-10T10:13:48.798702Z[0m [34mDEBUG[0m [2methereum_transaction_pool_monitor::eth_client[0m[2m:[0m 🔍 Fetching transaction details for hash: 0xc5547a5c012b746c7692a0fd5011bce7a4c15c53d928277a5be0f6b6a59dece9
[2m2025-12-10T10:13:48.798723Z[0m [34mDEBUG[0m [2mhyper::client::pool[0m[2m:[0m reuse idle connection for ("http", 192.168.0.14:8545)
[2m2025-12-10T10:13:48.798760Z[0m [34mDEBUG[0m [2mhyper::proto::h1::io[0m[2m:[0m flushed 250 bytes
[2m2025-12-10T10:13:48.798775Z[0m [34mDEBUG[0m [2mhyper::proto::h1::io[0m[2m:[0m parsed 4 headers
[2m2025-12-10T10:13:48.798781Z[0m [34mDEBUG[0m [2mhyper::proto::h1::conn[0m[2m:[0m incoming body is content-length (45 bytes)
[2m2025-12-10T10:13:48.798788Z[0m [34mDEBUG[0m [2mhyper::proto::h1::conn[0m[2m:[0m incoming body completed
[2m2025-12-10T10:13:48.798797Z[0m [34mDEBUG[0m [2mhyper::client::pool[0m[2m:[0m pooling idle connection for ("http", 192.168.0.14:8545)
[2m2025-12-10T10:13:48.798812Z[0m [34mDEBUG[0m [2mhyper::client::pool[0m[2m:[0m reuse idle connection for ("http", 192.168.0.14:8545)
[2m2025-12-10T10:13:48.798828Z[0m [34mDEBUG[0m [2mhyper::proto::h1::io[0m[2m:[0m flushed 172 bytes
[2m2025-12-10T10:13:48.803335Z[0m [34mDEBUG[0m [2mhyper::proto::h1::io[0m[2m:[0m parsed 4 headers
[2m2025-12-10T10:13:48.803344Z[0m [34mDEBUG[0m [2mhyper::proto::h1::conn[0m[2m:[0m incoming body is content-length (656 bytes)
[2m2025-12-10T10:13:48.803350Z[0m [34mDEBUG[0m [2mhyper::proto::h1::conn[0m[2m:[0m incoming body completed
[2m2025-12-10T10:13:48.803357Z[0m [34mDEBUG[0m [2mhyper::client::pool[0m[2m:[0m pooling idle connection for ("http", 192.168.0.14:8545)
[2m2025-12-10T10:13:48.803363Z[0m [34mDEBUG[0m [2methereum_transaction_pool_monitor::eth_client[0m[2m:[0m 📡 Transaction fetch RPC completed in 4.655083ms
[2m2025-12-10T10:13:48.876989Z[0m [34mDEBUG[0m [2methereum_transaction_pool_monitor::eth_client[0m[2m:[0m ✅ Transaction 0xc5547a5c012b746c7692a0fd5011bce7a4c15c53d928277a5be0f6b6a59dece9 fetched and parsed in 78.278917ms
[2m2025-12-10T10:13:48.877014Z[0m [34mDEBUG[0m [2methereum_transaction_pool_monitor::mempool_monitor[0m[2m:[0m 🔍 Skipping tx 0xc5547a5c012b746c7692a0fd5011bce7a4c15c53d928277a5be0f6b6a59dece9 - not a DEX interaction (target: 0x3Fa934491233A2dbA62D319cAcc783460789Af13)
[2m2025-12-10T10:13:48.877026Z[0m [34mDEBUG[0m [2methereum_transaction_pool_monitor::mempool_monitor[0m[2m:[0m 📨 Processing new pending transaction: 0x9e460f45045e16ca2ae56715d34c2837e9aa9e97c5659edc4e6230e15b3ba0e9
[2m2025-12-10T10:13:48.877032Z[0m [34mDEBUG[0m [2methereum_transaction_pool_monitor::mempool_monitor[0m[2m:[0m 🔍 Fetching transaction details for: 0x9e460f45045e16ca2ae56715d34c2837e9aa9e97c5659edc4e6230e15b3ba0e9
[2m2025-12-10T10:13:48.877038Z[0m [34mDEBUG[0m [2methereum_transaction_pool_monitor::eth_client[0m[2m:[0m 🔍 Fetching transaction details for hash: 0x9e460f45045e16ca2ae56715d34c2837e9aa9e97c5659edc4e6230e15b3ba0e9
[2m2025-12-10T10:13:48.877055Z[0m [34mDEBUG[0m [2mhyper::client::pool[0m[2m:[0m reuse idle connection for ("http", 192.168.0.14:8545)
[2m2025-12-10T10:13:48.877098Z[0m [34mDEBUG[0m [2mhyper::proto::h1::io[0m[2m:[0m flushed 250 bytes
[2m2025-12-10T10:13:48.877118Z[0m [34mDEBUG[0m [2mhyper::proto::h1::io[0m[2m:[0m parsed 4 headers
[2m2025-12-10T10:13:48.877122Z[0m [34mDEBUG[0m [2mhyper::proto::h1::conn[0m[2m:[0m incoming body is content-length (45 bytes)
[2m2025-12-10T10:13:48.877129Z[0m [34mDEBUG[0m [2mhyper::proto::h1::conn[0m[2m:[0m incoming body completed
[2m2025-12-10T10:13:48.877135Z[0m [34mDEBUG[0m [2mhyper::client::pool[0m[2m:[0m pooling idle connection for ("http", 192.168.0.14:8545)
[2m2025-12-10T10:13:48.882882Z[0m [34mDEBUG[0m [2methereum_transaction_pool_monitor::eth_client[0m[2m:[0m 📨 Received WebSocket message: {"jsonrpc":"2.0","method":"eth_subscription","params":{"subscription":"0xbed0a0851463e895960a451075a301a9","result":"0x68204474182bf120d5ba77dd1699dcda9b9bdb24738aa4ddb24d212d95908935"}}
[2m2025-12-10T10:13:48.882894Z[0m [34mDEBUG[0m [2methereum_transaction_pool_monitor::eth_client[0m[2m:[0m 📨 Received pending transaction: 0x68204474182bf120d5ba77dd1699dcda9b9bdb24738aa4ddb24d212d95908935
[2m2025-12-10T10:13:48.886388Z[0m [34mDEBUG[0m [2mhyper::proto::h1::io[0m[2m:[0m parsed 4 headers
[2m2025-12-10T10:13:48.886395Z[0m [34mDEBUG[0m [2mhyper::proto::h1::conn[0m[2m:[0m incoming body is content-length (771 bytes)
[2m2025-12-10T10:13:48.886403Z[0m [34mDEBUG[0m [2mhyper::proto::h1::conn[0m[2m:[0m incoming body completed
[2m2025-12-10T10:13:48.886412Z[0m [34mDEBUG[0m [2mhyper::client::pool[0m[2m:[0m pooling idle connection for ("http", 192.168.0.14:8545)
[2m2025-12-10T10:13:48.886420Z[0m [34mDEBUG[0m [2methereum_transaction_pool_monitor::eth_client[0m[2m:[0m 📡 Transaction fetch RPC completed in 9.3785ms
[2m2025-12-10T10:13:48.886434Z[0m [34mDEBUG[0m [2methereum_transaction_pool_monitor::eth_client[0m[2m:[0m DeFi transaction detected - Address: 0xdac17f958d2ee523a2206206994597c13d831ec7, Type: Stablecoin, Value: 0 ETH, Gas: 1.28 Gwei
[2m2025-12-10T10:13:48.886446Z[0m [34mDEBUG[0m [2methereum_transaction_pool_monitor::eth_client[0m[2m:[0m ✅ Transaction 0x9e460f45045e16ca2ae56715d34c2837e9aa9e97c5659edc4e6230e15b3ba0e9 fetched and parsed in 9.404084ms
[2m2025-12-10T10:13:48.886451Z[0m [34mDEBUG[0m [2methereum_transaction_pool_monitor::mempool_monitor[0m[2m:[0m 🔍 Skipping tx 0x9e460f45045e16ca2ae56715d34c2837e9aa9e97c5659edc4e6230e15b3ba0e9 - not a DEX interaction (target: 0xdAC17F958D2ee523a2206206994597C13D831ec7)
[2m2025-12-10T10:13:48.886457Z[0m [34mDEBUG[0m [2methereum_transaction_pool_monitor::mempool_monitor[0m[2m:[0m 📨 Processing new pending transaction: 0x2a273eb767ca8d9046f83d31cf384f4c392284c44eb45347bd782f3f0d4d8d0d
[2m2025-12-10T10:13:48.886460Z[0m [34mDEBUG[0m [2methereum_transaction_pool_monitor::mempool_monitor[0m[2m:[0m 🔍 Fetching transaction details for: 0x2a273eb767ca8d9046f83d31cf384f4c392284c44eb45347bd782f3f0d4d8d0d
[2m2025-12-10T10:13:48.886462Z[0m [34mDEBUG[0m [2methereum_transaction_pool_monitor::eth_client[0m[2m:[0m 🔍 Fetching transaction details for hash: 0x2a273eb767ca8d9046f83d31cf384f4c392284c44eb45347bd782f3f0d4d8d0d
[2m2025-12-10T10:13:48.886477Z[0m [34mDEBUG[0m [2mhyper::client::pool[0m[2m:[0m reuse idle connection for ("http", 192.168.0.14:8545)
[2m2025-12-10T10:13:48.886495Z[0m [34mDEBUG[0m [2mhyper::proto::h1::io[0m[2m:[0m flushed 250 bytes
[2m2025-12-10T10:13:48.890975Z[0m [34mDEBUG[0m [2mhyper::proto::h1::io[0m[2m:[0m parsed 4 headers
[2m2025-12-10T10:13:48.890981Z[0m [34mDEBUG[0m [2mhyper::proto::h1::conn[0m[2m:[0m incoming body is content-length (775 bytes)
[2m2025-12-10T10:13:48.890986Z[0m [34mDEBUG[0m [2mhyper::proto::h1::conn[0m[2m:[0m incoming body completed
[2m2025-12-10T10:13:48.890992Z[0m [34mDEBUG[0m [2mhyper::client::pool[0m[2m:[0m pooling idle connection for ("http", 192.168.0.14:8545)
[2m2025-12-10T10:13:48.890998Z[0m [34mDEBUG[0m [2methereum_transaction_pool_monitor::eth_client[0m[2m:[0m 📡 Transaction fetch RPC completed in 4.532542ms
[2m2025-12-10T10:13:48.891009Z[0m [34mDEBUG[0m [2methereum_transaction_pool_monitor::eth_client[0m[2m:[0m DeFi transaction detected - Address: 0xdac17f958d2ee523a2206206994597c13d831ec7, Type: Stablecoin, Value: 0 ETH, Gas: 2.33 Gwei
[2m2025-12-10T10:13:48.891018Z[0m [34mDEBUG[0m [2methereum_transaction_pool_monitor::eth_client[0m[2m:[0m ✅ Transaction 0x2a273eb767ca8d9046f83d31cf384f4c392284c44eb45347bd782f3f0d4d8d0d fetched and parsed in 4.552792ms
[2m2025-12-10T10:13:48.891029Z[0m [34mDEBUG[0m [2methereum_transaction_pool_monitor::mempool_monitor[0m[2m:[0m 🔍 Skipping tx 0x2a273eb767ca8d9046f83d31cf384f4c392284c44eb45347bd782f3f0d4d8d0d - not a DEX interaction (target: 0xdAC17F958D2ee523a2206206994597C13D831ec7)
[2m2025-12-10T10:13:48.891035Z[0m [34mDEBUG[0m [2methereum_transaction_pool_monitor::mempool_monitor[0m[2m:[0m 📨 Processing new pending transaction: 0x8c7500ea44693fde71d9bbfd0e9b4501161581f4a5394b697aeeb83bec1897bf
[2m2025-12-10T10:13:48.891038Z[0m [34mDEBUG[0m [2methereum_transaction_pool_monitor::mempool_monitor[0m[2m:[0m 🔍 Fetching transaction details for: 0x8c7500ea44693fde71d9bbfd0e9b4501161581f4a5394b697aeeb83bec1897bf
[2m2025-12-10T10:13:48.891041Z[0m [34mDEBUG[0m [2methereum_transaction_pool_monitor::eth_client[0m[2m:[0m 🔍 Fetching transaction details for hash: 0x8c7500ea44693fde71d9bbfd0e9b4501161581f4a5394b697aeeb83bec1897bf
[2m2025-12-10T10:13:48.891053Z[0m [34mDEBUG[0m [2mhyper::client::pool[0m[2m:[0m reuse idle connection for ("http", 192.168.0.14:8545)
[2m2025-12-10T10:13:48.891069Z[0m [34mDEBUG[0m [2mhyper::proto::h1::io[0m[2m:[0m flushed 250 bytes
[2m2025-12-10T10:13:48.895986Z[0m [34mDEBUG[0m [2mhyper::proto::h1::io[0m[2m:[0m parsed 4 headers
[2m2025-12-10T10:13:48.895993Z[0m [34mDEBUG[0m [2mhyper::proto::h1::conn[0m[2m:[0m incoming body is content-length (773 bytes)
[2m2025-12-10T10:13:48.895999Z[0m [34mDEBUG[0m [2mhyper::proto::h1::conn[0m[2m:[0m incoming body completed
[2m2025-12-10T10:13:48.896007Z[0m [34mDEBUG[0m [2mhyper::client::pool[0m[2m:[0m pooling idle connection for ("http", 192.168.0.14:8545)
[2m2025-12-10T10:13:48.896012Z[0m [34mDEBUG[0m [2methereum_transaction_pool_monitor::eth_client[0m[2m:[0m 📡 Transaction fetch RPC completed in 4.968625ms
[2m2025-12-10T10:13:48.896024Z[0m [34mDEBUG[0m [2methereum_transaction_pool_monitor::eth_client[0m[2m:[0m DeFi transaction detected - Address: 0xdac17f958d2ee523a2206206994597c13d831ec7, Type: Stablecoin, Value: 0 ETH, Gas: 2.33 Gwei
[2m2025-12-10T10:13:48.896033Z[0m [34mDEBUG[0m [2methereum_transaction_pool_monitor::eth_client[0m[2m:[0m ✅ Transaction 0x8c7500ea44693fde71d9bbfd0e9b4501161581f4a5394b697aeeb83bec1897bf fetched and parsed in 4.989667ms
[2m2025-12-10T10:13:48.896038Z[0m [34mDEBUG[0m [2methereum_transaction_pool_monitor::mempool_monitor[0m[2m:[0m 🔍 Skipping tx 0x8c7500ea44693fde71d9bbfd0e9b4501161581f4a5394b697aeeb83bec1897bf - not a DEX interaction (target: 0xdAC17F958D2ee523a2206206994597C13D831ec7)
[2m2025-12-10T10:13:48.896044Z[0m [34mDEBUG[0m [2methereum_transaction_pool_monitor::mempool_monitor[0m[2m:[0m 📨 Processing new pending transaction: 0xfe254b53397811c8a5c3dd9a9108e68f9dbd2294959173b2e629059714e7589e
[2m2025-12-10T10:13:48.896047Z[0m [34mDEBUG[0m [2methereum_transaction_pool_monitor::mempool_monitor[0m[2m:[0m 🔍 Fetching transaction details for: 0xfe254b53397811c8a5c3dd9a9108e68f9dbd2294959173b2e629059714e7589e
[2m2025-12-10T10:13:48.896049Z[0m [34mDEBUG[0m [2methereum_transaction_pool_monitor::eth_client[0m[2m:[0m 🔍 Fetching transaction details for hash: 0xfe254b53397811c8a5c3dd9a9108e68f9dbd2294959173b2e629059714e7589e
[2m2025-12-10T10:13:48.896061Z[0m [34mDEBUG[0m [2mhyper::client::pool[0m[2m:[0m reuse idle connection for ("http", 192.168.0.14:8545)
[2m2025-12-10T10:13:48.896079Z[0m [34mDEBUG[0m [2mhyper::proto::h1::io[0m[2m:[0m flushed 250 bytes
[2m2025-12-10T10:13:48.898314Z[0m [34mDEBUG[0m [2mhyper::client::pool[0m[2m:[0m reuse idle connection for ("http", 192.168.0.14:8545)
[2m2025-12-10T10:13:48.898338Z[0m [34mDEBUG[0m [2mhyper::proto::h1::io[0m[2m:[0m flushed 172 bytes
[2m2025-12-10T10:13:48.899820Z[0m [34mDEBUG[0m [2mhyper::proto::h1::io[0m[2m:[0m parsed 4 headers
[2m2025-12-10T10:13:48.899824Z[0m [34mDEBUG[0m [2mhyper::proto::h1::conn[0m[2m:[0m incoming body is content-length (775 bytes)
[2m2025-12-10T10:13:48.899828Z[0m [34mDEBUG[0m [2mhyper::proto::h1::conn[0m[2m:[0m incoming body completed
[2m2025-12-10T10:13:48.899843Z[0m [34mDEBUG[0m [2mhyper::client::pool[0m[2m:[0m pooling idle connection for ("http", 192.168.0.14:8545)
[2m2025-12-10T10:13:48.899847Z[0m [34mDEBUG[0m [2methereum_transaction_pool_monitor::eth_client[0m[2m:[0m 📡 Transaction fetch RPC completed in 3.794625ms
[2m2025-12-10T10:13:48.899856Z[0m [34mDEBUG[0m [2methereum_transaction_pool_monitor::eth_client[0m[2m:[0m DeFi transaction detected - Address: 0xdac17f958d2ee523a2206206994597c13d831ec7, Type: Stablecoin, Value: 0 ETH, Gas: 2.33 Gwei
[2m2025-12-10T10:13:48.899864Z[0m [34mDEBUG[0m [2methereum_transaction_pool_monitor::eth_client[0m[2m:[0m ✅ Transaction 0xfe254b53397811c8a5c3dd9a9108e68f9dbd2294959173b2e629059714e7589e fetched and parsed in 3.811833ms
[2m2025-12-10T10:13:48.899868Z[0m [34mDEBUG[0m [2methereum_transaction_pool_monitor::mempool_monitor[0m[2m:[0m 🔍 Skipping tx 0xfe254b53397811c8a5c3dd9a9108e68f9dbd2294959173b2e629059714e7589e - not a DEX interaction (target: 0xdAC17F958D2ee523a2206206994597C13D831ec7)
[2m2025-12-10T10:13:48.899872Z[0m [34mDEBUG[0m [2methereum_transaction_pool_monitor::mempool_monitor[0m[2m:[0m 📨 Processing new pending transaction: 0x2fa72855d9f60863124b554483217cc161c291b0db090c201a2353b6c6823591
[2m2025-12-10T10:13:48.899875Z[0m [34mDEBUG[0m [2methereum_transaction_pool_monitor::mempool_monitor[0m[2m:[0m 🔍 Fetching transaction details for: 0x2fa72855d9f60863124b554483217cc161c291b0db090c201a2353b6c6823591
[2m2025-12-10T10:13:48.899878Z[0m [34mDEBUG[0m [2methereum_transaction_pool_monitor::eth_client[0m[2m:[0m 🔍 Fetching transaction details for hash: 0x2fa72855d9f60863124b554483217cc161c291b0db090c201a2353b6c6823591
[2m2025-12-10T10:13:48.899884Z[0m [34mDEBUG[0m [2mhyper::client::pool[0m[2m:[0m reuse idle connection for ("http", 192.168.0.14:8545)
[2m2025-12-10T10:13:48.899895Z[0m [34mDEBUG[0m [2mhyper::proto::h1::io[0m[2m:[0m flushed 250 bytes
[2m2025-12-10T10:13:48.900780Z[0m [34mDEBUG[0m [2mhyper::proto::h1::io[0m[2m:[0m parsed 4 headers
[2m2025-12-10T10:13:48.900784Z[0m [34mDEBUG[0m [2mhyper::proto::h1::conn[0m[2m:[0m incoming body is content-length (45 bytes)
[2m2025-12-10T10:13:48.900787Z[0m [34mDEBUG[0m [2mhyper::proto::h1::conn[0m[2m:[0m incoming body completed
[2m2025-12-10T10:13:48.900791Z[0m [34mDEBUG[0m [2mhyper::client::pool[0m[2m:[0m pooling idle connection for ("http", 192.168.0.14:8545)
[2m2025-12-10T10:13:48.904434Z[0m [34mDEBUG[0m [2mhyper::proto::h1::io[0m[2m:[0m parsed 4 headers
[2m2025-12-10T10:13:48.904440Z[0m [34mDEBUG[0m [2mhyper::proto::h1::conn[0m[2m:[0m incoming body is content-length (646 bytes)
[2m2025-12-10T10:13:48.904443Z[0m [34mDEBUG[0m [2mhyper::proto::h1::conn[0m[2m:[0m incoming body completed
[2m2025-12-10T10:13:48.904447Z[0m [34mDEBUG[0m [2mhyper::client::pool[0m[2m:[0m pooling idle connection for ("http", 192.168.0.14:8545)
[2m2025-12-10T10:13:48.904451Z[0m [34mDEBUG[0m [2methereum_transaction_pool_monitor::eth_client[0m[2m:[0m 📡 Transaction fetch RPC completed in 4.5705ms
[2m2025-12-10T10:13:48.976927Z[0m [34mDEBUG[0m [2methereum_transaction_pool_monitor::eth_client[0m[2m:[0m ✅ Transaction 0x2fa72855d9f60863124b554483217cc161c291b0db090c201a2353b6c6823591 fetched and parsed in 77.044667ms
[2m2025-12-10T10:13:48.976950Z[0m [34mDEBUG[0m [2methereum_transaction_pool_monitor::mempool_monitor[0m[2m:[0m 🔍 Skipping tx 0x2fa72855d9f60863124b554483217cc161c291b0db090c201a2353b6c6823591 - not a DEX interaction (target: 0x6966684e70a5559E0bDF549EFCD01E60bC710E75)
[2m2025-12-10T10:13:48.976959Z[0m [34mDEBUG[0m [2methereum_transaction_pool_monitor::mempool_monitor[0m[2m:[0m 📨 Processing new pending transaction: 0x5002965f49f18cd10ed6b448442c3f1e2ce2679865e8ec33b329bcc255184de0
[2m2025-12-10T10:13:48.976964Z[0m [34mDEBUG[0m [2methereum_transaction_pool_monitor::mempool_monitor[0m[2m:[0m 🔍 Fetching transaction details for: 0x5002965f49f18cd10ed6b448442c3f1e2ce2679865e8ec33b329bcc255184de0
[2m2025-12-10T10:13:48.976975Z[0m [34mDEBUG[0m [2methereum_transaction_pool_monitor::eth_client[0m[2m:[0m 🔍 Fetching transaction details for hash: 0x5002965f49f18cd10ed6b448442c3f1e2ce2679865e8ec33b329bcc255184de0
[2m2025-12-10T10:13:48.976993Z[0m [34mDEBUG[0m [2mhyper::client::pool[0m[2m:[0m reuse idle connection for ("http", 192.168.0.14:8545)
[2m2025-12-10T10:13:48.977042Z[0m [34mDEBUG[0m [2mhyper::proto::h1::io[0m[2m:[0m flushed 250 bytes
[2m2025-12-10T10:13:48.977064Z[0m [34mDEBUG[0m [2methereum_transaction_pool_monitor::eth_client[0m[2m:[0m 📨 Received WebSocket message: {"jsonrpc":"2.0","method":"eth_subscription","params":{"subscription":"0xbed0a0851463e895960a451075a301a9","result":"0x37d9b3a67c111df01f9eb2e9b105f6b77a0fce7e08d3d101b11a0520f14ede22"}}
[2m2025-12-10T10:13:48.977070Z[0m [34mDEBUG[0m [2methereum_transaction_pool_monitor::eth_client[0m[2m:[0m 📨 Received pending transaction: 0x37d9b3a67c111df01f9eb2e9b105f6b77a0fce7e08d3d101b11a0520f14ede22
[2m2025-12-10T10:13:48.981130Z[0m [34mDEBUG[0m [2mhyper::proto::h1::io[0m[2m:[0m parsed 4 headers
[2m2025-12-10T10:13:48.981142Z[0m [34mDEBUG[0m [2mhyper::proto::h1::conn[0m[2m:[0m incoming body is content-length (644 bytes)
[2m2025-12-10T10:13:48.981149Z[0m [34mDEBUG[0m [2mhyper::proto::h1::conn[0m[2m:[0m incoming body completed
[2m2025-12-10T10:13:48.981159Z[0m [34mDEBUG[0m [2mhyper::client::pool[0m[2m:[0m pooling idle connection for ("http", 192.168.0.14:8545)
[2m2025-12-10T10:13:48.981166Z[0m [34mDEBUG[0m [2methereum_transaction_pool_monitor::eth_client[0m[2m:[0m 📡 Transaction fetch RPC completed in 4.187833ms
[2m2025-12-10T10:13:49.053698Z[0m [34mDEBUG[0m [2methereum_transaction_pool_monitor::eth_client[0m[2m:[0m ✅ Transaction 0x5002965f49f18cd10ed6b448442c3f1e2ce2679865e8ec33b329bcc255184de0 fetched and parsed in 76.715542ms
[2m2025-12-10T10:13:49.053727Z[0m [34mDEBUG[0m [2methereum_transaction_pool_monitor::mempool_monitor[0m[2m:[0m 🔍 Skipping tx 0x5002965f49f18cd10ed6b448442c3f1e2ce2679865e8ec33b329bcc255184de0 - not a DEX interaction (target: 0x17E5545B11b468072283Cee1F066a059Fb0dbF24)
[2m2025-12-10T10:13:49.053737Z[0m [34mDEBUG[0m [2methereum_transaction_pool_monitor::mempool_monitor[0m[2m:[0m 📨 Processing new pending transaction: 0x5ce92f4f37a88922e9048c8a6a1df878e6da51c6e8cffb85ebd57c861292251a
[2m2025-12-10T10:13:49.053742Z[0m [34mDEBUG[0m [2methereum_transaction_pool_monitor::mempool_monitor[0m[2m:[0m 🔍 Fetching transaction details for: 0x5ce92f4f37a88922e9048c8a6a1df878e6da51c6e8cffb85ebd57c861292251a
[2m2025-12-10T10:13:49.053746Z[0m [34mDEBUG[0m [2methereum_transaction_pool_monitor::eth_client[0m[2m:[0m 🔍 Fetching transaction details for hash: 0x5ce92f4f37a88922e9048c8a6a1df878e6da51c6e8cffb85ebd57c861292251a
[2m2025-12-10T10:13:49.053765Z[0m [34mDEBUG[0m [2mhyper::client::pool[0m[2m:[0m reuse idle connection for ("http", 192.168.0.14:8545)
[2m2025-12-10T10:13:49.053810Z[0m [34mDEBUG[0m [2mhyper::proto::h1::io[0m[2m:[0m flushed 250 bytes
[2m2025-12-10T10:13:49.053840Z[0m [34mDEBUG[0m [2mhyper::client::pool[0m[2m:[0m reuse idle connection for ("http", 192.168.0.14:8545)
[2m2025-12-10T10:13:49.053856Z[0m [34mDEBUG[0m [2mhyper::proto::h1::io[0m[2m:[0m flushed 172 bytes
[2m2025-12-10T10:13:49.059937Z[0m [34mDEBUG[0m [2mhyper::proto::h1::io[0m[2m:[0m parsed 4 headers
[2m2025-12-10T10:13:49.059942Z[0m [34mDEBUG[0m [2mhyper::proto::h1::conn[0m[2m:[0m incoming body is content-length (1731 bytes)
[2m2025-12-10T10:13:49.059950Z[0m [34mDEBUG[0m [2mhyper::proto::h1::conn[0m[2m:[0m incoming body completed
[2m2025-12-10T10:13:49.059957Z[0m [34mDEBUG[0m [2mhyper::client::pool[0m[2m:[0m pooling idle connection for ("http", 192.168.0.14:8545)
[2m2025-12-10T10:13:49.059962Z[0m [34mDEBUG[0m [2methereum_transaction_pool_monitor::eth_client[0m[2m:[0m 📡 Transaction fetch RPC completed in 6.213083ms
[2m2025-12-10T10:13:49.132553Z[0m [34mDEBUG[0m [2methereum_transaction_pool_monitor::eth_client[0m[2m:[0m ✅ Transaction 0x5ce92f4f37a88922e9048c8a6a1df878e6da51c6e8cffb85ebd57c861292251a fetched and parsed in 78.801ms
[2m2025-12-10T10:13:49.132576Z[0m [34mDEBUG[0m [2methereum_transaction_pool_monitor::mempool_monitor[0m[2m:[0m 🔍 Skipping tx 0x5ce92f4f37a88922e9048c8a6a1df878e6da51c6e8cffb85ebd57c861292251a - not a DEX interaction (target: 0x601a2aD6CB5949f0529735254189Ba3194221EDF)
[2m2025-12-10T10:13:49.132586Z[0m [34mDEBUG[0m [2methereum_transaction_pool_monitor::mempool_monitor[0m[2m:[0m 📨 Processing new pending transaction: 0x5a0d281e23d2d04b7bca1608f9464c7e3dde84a3eea63e9630beef5f1632a9ab
[2m2025-12-10T10:13:49.132591Z[0m [34mDEBUG[0m [2methereum_transaction_pool_monitor::mempool_monitor[0m[2m:[0m 🔍 Fetching transaction details for: 0x5a0d281e23d2d04b7bca1608f9464c7e3dde84a3eea63e9630beef5f1632a9ab
[2m2025-12-10T10:13:49.132594Z[0m [34mDEBUG[0m [2methereum_transaction_pool_monitor::eth_client[0m[2m:[0m 🔍 Fetching transaction details for hash: 0x5a0d281e23d2d04b7bca1608f9464c7e3dde84a3eea63e9630beef5f1632a9ab
[2m2025-12-10T10:13:49.132612Z[0m [34mDEBUG[0m [2mhyper::client::pool[0m[2m:[0m reuse idle connection for ("http", 192.168.0.14:8545)
[2m2025-12-10T10:13:49.132659Z[0m [34mDEBUG[0m [2mhyper::proto::h1::io[0m[2m:[0m flushed 250 bytes
[2m2025-12-10T10:13:49.132682Z[0m [34mDEBUG[0m [2methereum_transaction_pool_monitor::eth_client[0m[2m:[0m 📨 Received WebSocket message: {"jsonrpc":"2.0","method":"eth_subscription","params":{"subscription":"0xbed0a0851463e895960a451075a301a9","result":"0xbc2a47c1203cd3b677cec90285e1f03ab7d910cfb040ad7972a0c86c45bb60e7"}}
[2m2025-12-10T10:13:49.132685Z[0m [34mDEBUG[0m [2mhyper::proto::h1::io[0m[2m:[0m parsed 4 headers
[2m2025-12-10T10:13:49.132688Z[0m [34mDEBUG[0m [2methereum_transaction_pool_monitor::eth_client[0m[2m:[0m 📨 Received pending transaction: 0xbc2a47c1203cd3b677cec90285e1f03ab7d910cfb040ad7972a0c86c45bb60e7
[2m2025-12-10T10:13:49.132690Z[0m [34mDEBUG[0m [2mhyper::proto::h1::conn[0m[2m:[0m incoming body is content-length (45 bytes)
[2m2025-12-10T10:13:49.132698Z[0m [34mDEBUG[0m [2mhyper::proto::h1::conn[0m[2m:[0m incoming body completed
[2m2025-12-10T10:13:49.132705Z[0m [34mDEBUG[0m [2mhyper::client::pool[0m[2m:[0m pooling idle connection for ("http", 192.168.0.14:8545)
[2m2025-12-10T10:13:49.132722Z[0m [34mDEBUG[0m [2mhyper::client::pool[0m[2m:[0m reuse idle connection for ("http", 192.168.0.14:8545)
[2m2025-12-10T10:13:49.132738Z[0m [34mDEBUG[0m [2mhyper::proto::h1::io[0m[2m:[0m flushed 172 bytes
[2m2025-12-10T10:13:49.137539Z[0m [34mDEBUG[0m [2mhyper::proto::h1::io[0m[2m:[0m parsed 4 headers
[2m2025-12-10T10:13:49.137549Z[0m [34mDEBUG[0m [2mhyper::proto::h1::conn[0m[2m:[0m incoming body is content-length (772 bytes)
[2m2025-12-10T10:13:49.137554Z[0m [34mDEBUG[0m [2mhyper::proto::h1::conn[0m[2m:[0m incoming body completed
[2m2025-12-10T10:13:49.137561Z[0m [34mDEBUG[0m [2mhyper::client::pool[0m[2m:[0m pooling idle connection for ("http", 192.168.0.14:8545)
[2m2025-12-10T10:13:49.137566Z[0m [34mDEBUG[0m [2methereum_transaction_pool_monitor::eth_client[0m[2m:[0m 📡 Transaction fetch RPC completed in 4.967292ms
[2m2025-12-10T10:13:49.209524Z[0m [34mDEBUG[0m [2methereum_transaction_pool_monitor::eth_client[0m[2m:[0m ✅ Transaction 0x5a0d281e23d2d04b7bca1608f9464c7e3dde84a3eea63e9630beef5f1632a9ab fetched and parsed in 76.923ms
[2m2025-12-10T10:13:49.209546Z[0m [34mDEBUG[0m [2methereum_transaction_pool_monitor::mempool_monitor[0m[2m:[0m 🔍 Skipping tx 0x5a0d281e23d2d04b7bca1608f9464c7e3dde84a3eea63e9630beef5f1632a9ab - not a DEX interaction (target: 0xA0b86991c6218b36c1d19D4a2e9Eb0cE3606eB48)
[2m2025-12-10T10:13:49.209556Z[0m [34mDEBUG[0m [2methereum_transaction_pool_monitor::mempool_monitor[0m[2m:[0m 📨 Processing new pending transaction: 0x2511796d5261b09d3cdfd0b3e86e1d31a5d5dd50c6ad546ad31673f743ec6978
[2m2025-12-10T10:13:49.209568Z[0m [34mDEBUG[0m [2methereum_transaction_pool_monitor::mempool_monitor[0m[2m:[0m 🔍 Fetching transaction details for: 0x2511796d5261b09d3cdfd0b3e86e1d31a5d5dd50c6ad546ad31673f743ec6978
[2m2025-12-10T10:13:49.209572Z[0m [34mDEBUG[0m [2methereum_transaction_pool_monitor::eth_client[0m[2m:[0m 🔍 Fetching transaction details for hash: 0x2511796d5261b09d3cdfd0b3e86e1d31a5d5dd50c6ad546ad31673f743ec6978
[2m2025-12-10T10:13:49.209590Z[0m [34mDEBUG[0m [2mhyper::client::pool[0m[2m:[0m reuse idle connection for ("http", 192.168.0.14:8545)
[2m2025-12-10T10:13:49.209637Z[0m [34mDEBUG[0m [2mhyper::proto::h1::io[0m[2m:[0m flushed 250 bytes
[2m2025-12-10T10:13:49.209652Z[0m [34mDEBUG[0m [2mhyper::proto::h1::io[0m[2m:[0m parsed 4 headers
[2m2025-12-10T10:13:49.209656Z[0m [34mDEBUG[0m [2mhyper::proto::h1::conn[0m[2m:[0m incoming body is content-length (45 bytes)
[2m2025-12-10T10:13:49.209661Z[0m [34mDEBUG[0m [2mhyper::proto::h1::conn[0m[2m:[0m incoming body completed
[2m2025-12-10T10:13:49.209668Z[0m [34mDEBUG[0m [2mhyper::client::pool[0m[2m:[0m pooling idle connection for ("http", 192.168.0.14:8545)
[2m2025-12-10T10:13:49.209682Z[0m [34mDEBUG[0m [2mhyper::client::pool[0m[2m:[0m reuse idle connection for ("http", 192.168.0.14:8545)
[2m2025-12-10T10:13:49.209696Z[0m [34mDEBUG[0m [2mhyper::proto::h1::io[0m[2m:[0m flushed 172 bytes
[2m2025-12-10T10:13:49.213680Z[0m [34mDEBUG[0m [2methereum_transaction_pool_monitor::eth_client[0m[2m:[0m 📨 Received WebSocket message: {"jsonrpc":"2.0","method":"eth_subscription","params":{"subscription":"0xbed0a0851463e895960a451075a301a9","result":"0x054bf8aa3e50707436f1133d216928760445903c56704c53f7869e1e11442fb3"}}
[2m2025-12-10T10:13:49.213688Z[0m [34mDEBUG[0m [2methereum_transaction_pool_monitor::eth_client[0m[2m:[0m 📨 Received pending transaction: 0x054bf8aa3e50707436f1133d216928760445903c56704c53f7869e1e11442fb3
[2m2025-12-10T10:13:49.213696Z[0m [34mDEBUG[0m [2mhyper::proto::h1::io[0m[2m:[0m parsed 4 headers
[2m2025-12-10T10:13:49.213699Z[0m [34mDEBUG[0m [2mhyper::proto::h1::conn[0m[2m:[0m incoming body is content-length (45 bytes)
[2m2025-12-10T10:13:49.213702Z[0m [34mDEBUG[0m [2mhyper::proto::h1::conn[0m[2m:[0m incoming body completed
[2m2025-12-10T10:13:49.213707Z[0m [34mDEBUG[0m [2mhyper::client::pool[0m[2m:[0m pooling idle connection for ("http", 192.168.0.14:8545)
[2m2025-12-10T10:13:49.218129Z[0m [34mDEBUG[0m [2mhyper::proto::h1::io[0m[2m:[0m parsed 4 headers
[2m2025-12-10T10:13:49.218134Z[0m [34mDEBUG[0m [2mhyper::proto::h1::conn[0m[2m:[0m incoming body is content-length (675 bytes)
[2m2025-12-10T10:13:49.218137Z[0m [34mDEBUG[0m [2mhyper::proto::h1::conn[0m[2m:[0m incoming body completed
[2m2025-12-10T10:13:49.218142Z[0m [34mDEBUG[0m [2mhyper::client::pool[0m[2m:[0m pooling idle connection for ("http", 192.168.0.14:8545)
[2m2025-12-10T10:13:49.218146Z[0m [34mDEBUG[0m [2methereum_transaction_pool_monitor::eth_client[0m[2m:[0m 📡 Transaction fetch RPC completed in 8.570375ms
[2m2025-12-10T10:13:49.218156Z[0m [34mDEBUG[0m [2methereum_transaction_pool_monitor::eth_client[0m[2m:[0m DeFi transaction detected - Address: 0xdac17f958d2ee523a2206206994597c13d831ec7, Type: Stablecoin, Value: 0 ETH, Gas: 1.00 Gwei
[2m2025-12-10T10:13:49.218166Z[0m [34mDEBUG[0m [2methereum_transaction_pool_monitor::eth_client[0m[2m:[0m ✅ Transaction 0x2511796d5261b09d3cdfd0b3e86e1d31a5d5dd50c6ad546ad31673f743ec6978 fetched and parsed in 8.590709ms
[2m2025-12-10T10:13:49.218171Z[0m [34mDEBUG[0m [2methereum_transaction_pool_monitor::mempool_monitor[0m[2m:[0m 🔍 Skipping tx 0x2511796d5261b09d3cdfd0b3e86e1d31a5d5dd50c6ad546ad31673f743ec6978 - not a DEX interaction (target: 0xdAC17F958D2ee523a2206206994597C13D831ec7)
[2m2025-12-10T10:13:49.218176Z[0m [34mDEBUG[0m [2methereum_transaction_pool_monitor::mempool_monitor[0m[2m:[0m 📨 Processing new pending transaction: 0x2ee390714a31f58d571f3b44a85d4e5b26512f13736815993d0868122880fcbd
[2m2025-12-10T10:13:49.218183Z[0m [34mDEBUG[0m [2methereum_transaction_pool_monitor::mempool_monitor[0m[2m:[0m 🔍 Fetching transaction details for: 0x2ee390714a31f58d571f3b44a85d4e5b26512f13736815993d0868122880fcbd
[2m2025-12-10T10:13:49.218186Z[0m [34mDEBUG[0m [2methereum_transaction_pool_monitor::eth_client[0m[2m:[0m 🔍 Fetching transaction details for hash: 0x2ee390714a31f58d571f3b44a85d4e5b26512f13736815993d0868122880fcbd
[2m2025-12-10T10:13:49.218195Z[0m [34mDEBUG[0m [2mhyper::client::pool[0m[2m:[0m reuse idle connection for ("http", 192.168.0.14:8545)
[2m2025-12-10T10:13:49.218212Z[0m [34mDEBUG[0m [2mhyper::proto::h1::io[0m[2m:[0m flushed 250 bytes
[2m2025-12-10T10:13:49.222243Z[0m [34mDEBUG[0m [2mhyper::proto::h1::io[0m[2m:[0m parsed 4 headers
[2m2025-12-10T10:13:49.222255Z[0m [34mDEBUG[0m [2mhyper::proto::h1::conn[0m[2m:[0m incoming body is content-length (552 bytes)
[2m2025-12-10T10:13:49.222260Z[0m [34mDEBUG[0m [2mhyper::proto::h1::conn[0m[2m:[0m incoming body completed
[2m2025-12-10T10:13:49.222266Z[0m [34mDEBUG[0m [2mhyper::client::pool[0m[2m:[0m pooling idle connection for ("http", 192.168.0.14:8545)
[2m2025-12-10T10:13:49.222271Z[0m [34mDEBUG[0m [2methereum_transaction_pool_monitor::eth_client[0m[2m:[0m 📡 Transaction fetch RPC completed in 4.081709ms
[2m2025-12-10T10:13:49.294778Z[0m [34mDEBUG[0m [2methereum_transaction_pool_monitor::eth_client[0m[2m:[0m ✅ Transaction 0x2ee390714a31f58d571f3b44a85d4e5b26512f13736815993d0868122880fcbd fetched and parsed in 76.586959ms
[2m2025-12-10T10:13:49.294803Z[0m [34mDEBUG[0m [2methereum_transaction_pool_monitor::mempool_monitor[0m[2m:[0m 🔍 Skipping tx 0x2ee390714a31f58d571f3b44a85d4e5b26512f13736815993d0868122880fcbd - not a DEX interaction (target: 0x9B9CFc92345FD1AaD87b1Edd61735114749Dc6C7)
[2m2025-12-10T10:13:49.294815Z[0m [34mDEBUG[0m [2methereum_transaction_pool_monitor::mempool_monitor[0m[2m:[0m 📨 Processing new pending transaction: 0x1be567435ccaa07c98bf0128389743e24998d869fa81aaac68cc0826f487e153
[2m2025-12-10T10:13:49.294821Z[0m [34mDEBUG[0m [2methereum_transaction_pool_monitor::mempool_monitor[0m[2m:[0m 🔍 Fetching transaction details for: 0x1be567435ccaa07c98bf0128389743e24998d869fa81aaac68cc0826f487e153
[2m2025-12-10T10:13:49.294828Z[0m [34mDEBUG[0m [2methereum_transaction_pool_monitor::eth_client[0m[2m:[0m 🔍 Fetching transaction details for hash: 0x1be567435ccaa07c98bf0128389743e24998d869fa81aaac68cc0826f487e153
[2m2025-12-10T10:13:49.294847Z[0m [34mDEBUG[0m [2mhyper::client::pool[0m[2m:[0m reuse idle connection for ("http", 192.168.0.14:8545)
[2m2025-12-10T10:13:49.294898Z[0m [34mDEBUG[0m [2mhyper::proto::h1::io[0m[2m:[0m flushed 250 bytes
[2m2025-12-10T10:13:49.298999Z[0m [34mDEBUG[0m [2mhyper::client::pool[0m[2m:[0m reuse idle connection for ("http", 192.168.0.14:8545)
[2m2025-12-10T10:13:49.299023Z[0m [34mDEBUG[0m [2mhyper::proto::h1::io[0m[2m:[0m flushed 172 bytes
[2m2025-12-10T10:13:49.299035Z[0m [34mDEBUG[0m [2mhyper::proto::h1::io[0m[2m:[0m parsed 4 headers
[2m2025-12-10T10:13:49.299038Z[0m [34mDEBUG[0m [2mhyper::proto::h1::conn[0m[2m:[0m incoming body is content-length (1730 bytes)
[2m2025-12-10T10:13:49.299050Z[0m [34mDEBUG[0m [2methereum_transaction_pool_monitor::eth_client[0m[2m:[0m 📡 Transaction fetch RPC completed in 4.21725ms
[2m2025-12-10T10:13:49.300666Z[0m [34mDEBUG[0m [2mhyper::proto::h1::conn[0m[2m:[0m incoming body completed
[2m2025-12-10T10:13:49.300674Z[0m [34mDEBUG[0m [2mhyper::client::pool[0m[2m:[0m pooling idle connection for ("http", 192.168.0.14:8545)
[2m2025-12-10T10:13:49.303276Z[0m [34mDEBUG[0m [2mhyper::proto::h1::io[0m[2m:[0m parsed 4 headers
[2m2025-12-10T10:13:49.303313Z[0m [34mDEBUG[0m [2mhyper::proto::h1::conn[0m[2m:[0m incoming body is content-length (45 bytes)
[2m2025-12-10T10:13:49.303349Z[0m [34mDEBUG[0m [2mhyper::proto::h1::conn[0m[2m:[0m incoming body completed
[2m2025-12-10T10:13:49.303371Z[0m [34mDEBUG[0m [2mhyper::client::pool[0m[2m:[0m pooling idle connection for ("http", 192.168.0.14:8545)
[2m2025-12-10T10:13:49.373909Z[0m [34mDEBUG[0m [2methereum_transaction_pool_monitor::eth_client[0m[2m:[0m ✅ Transaction 0x1be567435ccaa07c98bf0128389743e24998d869fa81aaac68cc0826f487e153 fetched and parsed in 79.074125ms
[2m2025-12-10T10:13:49.373930Z[0m [34mDEBUG[0m [2methereum_transaction_pool_monitor::mempool_monitor[0m[2m:[0m 🔍 Skipping tx 0x1be567435ccaa07c98bf0128389743e24998d869fa81aaac68cc0826f487e153 - not a DEX interaction (target: 0x601a2aD6CB5949f0529735254189Ba3194221EDF)
[2m2025-12-10T10:13:49.373940Z[0m [34mDEBUG[0m [2methereum_transaction_pool_monitor::mempool_monitor[0m[2m:[0m 📨 Processing new pending transaction: 0xe8bbe1d7291304658bbd4879ece5b8707dabb004a6caa8dbbf8377662f91ad2d
[2m2025-12-10T10:13:49.373945Z[0m [34mDEBUG[0m [2methereum_transaction_pool_monitor::mempool_monitor[0m[2m:[0m 🔍 Fetching transaction details for: 0xe8bbe1d7291304658bbd4879ece5b8707dabb004a6caa8dbbf8377662f91ad2d
[2m2025-12-10T10:13:49.373949Z[0m [34mDEBUG[0m [2methereum_transaction_pool_monitor::eth_client[0m[2m:[0m 🔍 Fetching transaction details for hash: 0xe8bbe1d7291304658bbd4879ece5b8707dabb004a6caa8dbbf8377662f91ad2d
[2m2025-12-10T10:13:49.373966Z[0m [34mDEBUG[0m [2mhyper::client::pool[0m[2m:[0m reuse idle connection for ("http", 192.168.0.14:8545)
[2m2025-12-10T10:13:49.374008Z[0m [34mDEBUG[0m [2mhyper::proto::h1::io[0m[2m:[0m flushed 250 bytes
[2m2025-12-10T10:13:49.379036Z[0m [34mDEBUG[0m [2mhyper::proto::h1::io[0m[2m:[0m parsed 4 headers
[2m2025-12-10T10:13:49.379052Z[0m [34mDEBUG[0m [2mhyper::proto::h1::conn[0m[2m:[0m incoming body is content-length (649 bytes)
[2m2025-12-10T10:13:49.379060Z[0m [34mDEBUG[0m [2mhyper::proto::h1::conn[0m[2m:[0m incoming body completed
[2m2025-12-10T10:13:49.379068Z[0m [34mDEBUG[0m [2mhyper::client::pool[0m[2m:[0m pooling idle connection for ("http", 192.168.0.14:8545)
[2m2025-12-10T10:13:49.379075Z[0m [34mDEBUG[0m [2methereum_transaction_pool_monitor::eth_client[0m[2m:[0m 📡 Transaction fetch RPC completed in 5.122084ms
[2m2025-12-10T10:13:49.452000Z[0m [34mDEBUG[0m [2methereum_transaction_pool_monitor::eth_client[0m[2m:[0m ✅ Transaction 0xe8bbe1d7291304658bbd4879ece5b8707dabb004a6caa8dbbf8377662f91ad2d fetched and parsed in 78.044667ms
[2m2025-12-10T10:13:49.452028Z[0m [34mDEBUG[0m [2methereum_transaction_pool_monitor::mempool_monitor[0m[2m:[0m 🔍 Skipping tx 0xe8bbe1d7291304658bbd4879ece5b8707dabb004a6caa8dbbf8377662f91ad2d - not a DEX interaction (target: 0x8AaA5d0b0968157e27579181d4f51d808cc5040c)
[2m2025-12-10T10:13:49.452038Z[0m [34mDEBUG[0m [2methereum_transaction_pool_monitor::mempool_monitor[0m[2m:[0m 📨 Processing new pending transaction: 0x9f8e00f38d5fd5f0c6b0110da33f0de48461b69b39f37800c9fd6b3f0e63c4bc
[2m2025-12-10T10:13:49.452045Z[0m [34mDEBUG[0m [2methereum_transaction_pool_monitor::mempool_monitor[0m[2m:[0m 🔍 Fetching transaction details for: 0x9f8e00f38d5fd5f0c6b0110da33f0de48461b69b39f37800c9fd6b3f0e63c4bc
[2m2025-12-10T10:13:49.452050Z[0m [34mDEBUG[0m [2methereum_transaction_pool_monitor::eth_client[0m[2m:[0m 🔍 Fetching transaction details for hash: 0x9f8e00f38d5fd5f0c6b0110da33f0de48461b69b39f37800c9fd6b3f0e63c4bc
[2m2025-12-10T10:13:49.452076Z[0m [34mDEBUG[0m [2mhyper::client::pool[0m[2m:[0m reuse idle connection for ("http", 192.168.0.14:8545)
[2m2025-12-10T10:13:49.452136Z[0m [34mDEBUG[0m [2mhyper::proto::h1::io[0m[2m:[0m flushed 250 bytes
[2m2025-12-10T10:13:49.452168Z[0m [34mDEBUG[0m [2mhyper::client::pool[0m[2m:[0m reuse idle connection for ("http", 192.168.0.14:8545)
[2m2025-12-10T10:13:49.452185Z[0m [34mDEBUG[0m [2mhyper::proto::h1::io[0m[2m:[0m flushed 172 bytes
[2m2025-12-10T10:13:49.455712Z[0m [34mDEBUG[0m [2mhyper::proto::h1::io[0m[2m:[0m parsed 4 headers
[2m2025-12-10T10:13:49.455728Z[0m [34mDEBUG[0m [2mhyper::proto::h1::conn[0m[2m:[0m incoming body is content-length (45 bytes)
[2m2025-12-10T10:13:49.455734Z[0m [34mDEBUG[0m [2mhyper::proto::h1::conn[0m[2m:[0m incoming body completed
[2m2025-12-10T10:13:49.455741Z[0m [34mDEBUG[0m [2mhyper::client::pool[0m[2m:[0m pooling idle connection for ("http", 192.168.0.14:8545)
[2m2025-12-10T10:13:49.461249Z[0m [34mDEBUG[0m [2mhyper::proto::h1::io[0m[2m:[0m parsed 4 headers
[2m2025-12-10T10:13:49.461256Z[0m [34mDEBUG[0m [2mhyper::proto::h1::conn[0m[2m:[0m incoming body is content-length (1731 bytes)
[2m2025-12-10T10:13:49.461262Z[0m [34mDEBUG[0m [2mhyper::proto::h1::conn[0m[2m:[0m incoming body completed
[2m2025-12-10T10:13:49.461269Z[0m [34mDEBUG[0m [2mhyper::client::pool[0m[2m:[0m pooling idle connection for ("http", 192.168.0.14:8545)
[2m2025-12-10T10:13:49.461274Z[0m [34mDEBUG[0m [2methereum_transaction_pool_monitor::eth_client[0m[2m:[0m 📡 Transaction fetch RPC completed in 9.213667ms
[2m2025-12-10T10:13:49.533838Z[0m [34mDEBUG[0m [2methereum_transaction_pool_monitor::eth_client[0m[2m:[0m ✅ Transaction 0x9f8e00f38d5fd5f0c6b0110da33f0de48461b69b39f37800c9fd6b3f0e63c4bc fetched and parsed in 81.774334ms
[2m2025-12-10T10:13:49.533861Z[0m [34mDEBUG[0m [2methereum_transaction_pool_monitor::mempool_monitor[0m[2m:[0m 🔍 Skipping tx 0x9f8e00f38d5fd5f0c6b0110da33f0de48461b69b39f37800c9fd6b3f0e63c4bc - not a DEX interaction (target: 0x601a2aD6CB5949f0529735254189Ba3194221EDF)
[2m2025-12-10T10:13:49.533869Z[0m [34mDEBUG[0m [2methereum_transaction_pool_monitor::mempool_monitor[0m[2m:[0m 📨 Processing new pending transaction: 0x1c43a040f50e2b0bf95920e231dd34ffb50293a334c56f60167cfa2da725afe3
[2m2025-12-10T10:13:49.533875Z[0m [34mDEBUG[0m [2methereum_transaction_pool_monitor::mempool_monitor[0m[2m:[0m 🔍 Fetching transaction details for: 0x1c43a040f50e2b0bf95920e231dd34ffb50293a334c56f60167cfa2da725afe3
[2m2025-12-10T10:13:49.533879Z[0m [34mDEBUG[0m [2methereum_transaction_pool_monitor::eth_client[0m[2m:[0m 🔍 Fetching transaction details for hash: 0x1c43a040f50e2b0bf95920e231dd34ffb50293a334c56f60167cfa2da725afe3
[2m2025-12-10T10:13:49.533896Z[0m [34mDEBUG[0m [2mhyper::client::pool[0m[2m:[0m reuse idle connection for ("http", 192.168.0.14:8545)
[2m2025-12-10T10:13:49.533938Z[0m [34mDEBUG[0m [2mhyper::proto::h1::io[0m[2m:[0m flushed 250 bytes
[2m2025-12-10T10:13:49.533965Z[0m [34mDEBUG[0m [2mhyper::client::pool[0m[2m:[0m reuse idle connection for ("http", 192.168.0.14:8545)
[2m2025-12-10T10:13:49.533978Z[0m [34mDEBUG[0m [2mhyper::proto::h1::io[0m[2m:[0m flushed 172 bytes
[2m2025-12-10T10:13:49.545356Z[0m [34mDEBUG[0m [2mhyper::proto::h1::io[0m[2m:[0m parsed 4 headers
[2m2025-12-10T10:13:49.545370Z[0m [34mDEBUG[0m [2mhyper::proto::h1::conn[0m[2m:[0m incoming body is content-length (45 bytes)
[2m2025-12-10T10:13:49.545377Z[0m [34mDEBUG[0m [2mhyper::proto::h1::conn[0m[2m:[0m incoming body completed
[2m2025-12-10T10:13:49.545385Z[0m [34mDEBUG[0m [2mhyper::client::pool[0m[2m:[0m pooling idle connection for ("http", 192.168.0.14:8545)
[2m2025-12-10T10:13:49.550338Z[0m [34mDEBUG[0m [2mhyper::proto::h1::io[0m[2m:[0m parsed 4 headers
[2m2025-12-10T10:13:49.550350Z[0m [34mDEBUG[0m [2mhyper::proto::h1::conn[0m[2m:[0m incoming body is content-length (769 bytes)
[2m2025-12-10T10:13:49.550354Z[0m [34mDEBUG[0m [2mhyper::proto::h1::conn[0m[2m:[0m incoming body completed
[2m2025-12-10T10:13:49.550362Z[0m [34mDEBUG[0m [2mhyper::client::pool[0m[2m:[0m pooling idle connection for ("http", 192.168.0.14:8545)
[2m2025-12-10T10:13:49.550367Z[0m [34mDEBUG[0m [2methereum_transaction_pool_monitor::eth_client[0m[2m:[0m 📡 Transaction fetch RPC completed in 16.483667ms
[2m2025-12-10T10:13:49.550380Z[0m [34mDEBUG[0m [2methereum_transaction_pool_monitor::eth_client[0m[2m:[0m DeFi transaction detected - Address: 0xdac17f958d2ee523a2206206994597c13d831ec7, Type: Stablecoin, Value: 0 ETH, Gas: 0.22 Gwei
[2m2025-12-10T10:13:49.550398Z[0m [34mDEBUG[0m [2methereum_transaction_pool_monitor::eth_client[0m[2m:[0m ✅ Transaction 0x1c43a040f50e2b0bf95920e231dd34ffb50293a334c56f60167cfa2da725afe3 fetched and parsed in 16.514625ms
[2m2025-12-10T10:13:49.550403Z[0m [34mDEBUG[0m [2methereum_transaction_pool_monitor::mempool_monitor[0m[2m:[0m 🔍 Skipping tx 0x1c43a040f50e2b0bf95920e231dd34ffb50293a334c56f60167cfa2da725afe3 - not a DEX interaction (target: 0xdAC17F958D2ee523a2206206994597C13D831ec7)
[2m2025-12-10T10:13:49.550408Z[0m [34mDEBUG[0m [2methereum_transaction_pool_monitor::mempool_monitor[0m[2m:[0m 📨 Processing new pending transaction: 0xc3baffc120e03385d33c7e48484c352ef615c6fdc95265976dde51c63433f1e7
[2m2025-12-10T10:13:49.550412Z[0m [34mDEBUG[0m [2methereum_transaction_pool_monitor::mempool_monitor[0m[2m:[0m 🔍 Fetching transaction details for: 0xc3baffc120e03385d33c7e48484c352ef615c6fdc95265976dde51c63433f1e7
[2m2025-12-10T10:13:49.550414Z[0m [34mDEBUG[0m [2methereum_transaction_pool_monitor::eth_client[0m[2m:[0m 🔍 Fetching transaction details for hash: 0xc3baffc120e03385d33c7e48484c352ef615c6fdc95265976dde51c63433f1e7
[2m2025-12-10T10:13:49.550425Z[0m [34mDEBUG[0m [2mhyper::client::pool[0m[2m:[0m reuse idle connection for ("http", 192.168.0.14:8545)
[2m2025-12-10T10:13:49.550455Z[0m [34mDEBUG[0m [2mhyper::proto::h1::io[0m[2m:[0m flushed 250 bytes
[2m2025-12-10T10:13:49.560432Z[0m [34mDEBUG[0m [2mhyper::proto::h1::io[0m[2m:[0m parsed 4 headers
[2m2025-12-10T10:13:49.560437Z[0m [34mDEBUG[0m [2mhyper::proto::h1::conn[0m[2m:[0m incoming body is content-length (830 bytes)
[2m2025-12-10T10:13:49.560442Z[0m [34mDEBUG[0m [2mhyper::proto::h1::conn[0m[2m:[0m incoming body completed
[2m2025-12-10T10:13:49.560449Z[0m [34mDEBUG[0m [2mhyper::client::pool[0m[2m:[0m pooling idle connection for ("http", 192.168.0.14:8545)
[2m2025-12-10T10:13:49.560453Z[0m [34mDEBUG[0m [2methereum_transaction_pool_monitor::eth_client[0m[2m:[0m 📡 Transaction fetch RPC completed in 10.035542ms
[2m2025-12-10T10:13:49.630887Z[0m [34mDEBUG[0m [2methereum_transaction_pool_monitor::eth_client[0m[2m:[0m ✅ Transaction 0xc3baffc120e03385d33c7e48484c352ef615c6fdc95265976dde51c63433f1e7 fetched and parsed in 80.467875ms
[2m2025-12-10T10:13:49.634959Z[0m [34mDEBUG[0m [2methereum_transaction_pool_monitor::mempool_monitor[0m[2m:[0m 🔍 Skipping tx 0xc3baffc120e03385d33c7e48484c352ef615c6fdc95265976dde51c63433f1e7 - not a DEX interaction (target: 0x3B4D794a66304F130a4Db8F2551B0070dfCf5ca7)
[2m2025-12-10T10:13:49.634969Z[0m [34mDEBUG[0m [2methereum_transaction_pool_monitor::mempool_monitor[0m[2m:[0m 📨 Processing new pending transaction: 0xada349584a7dba9fc7c6a61428465ae3b308ff4749d273126d881c554e064cc2
[2m2025-12-10T10:13:49.634974Z[0m [34mDEBUG[0m [2methereum_transaction_pool_monitor::mempool_monitor[0m[2m:[0m 🔍 Fetching transaction details for: 0xada349584a7dba9fc7c6a61428465ae3b308ff4749d273126d881c554e064cc2
[2m2025-12-10T10:13:49.634979Z[0m [34mDEBUG[0m [2methereum_transaction_pool_monitor::eth_client[0m[2m:[0m 🔍 Fetching transaction details for hash: 0xada349584a7dba9fc7c6a61428465ae3b308ff4749d273126d881c554e064cc2
[2m2025-12-10T10:13:49.634997Z[0m [34mDEBUG[0m [2mhyper::client::pool[0m[2m:[0m reuse idle connection for ("http", 192.168.0.14:8545)
[2m2025-12-10T10:13:49.635042Z[0m [34mDEBUG[0m [2mhyper::proto::h1::io[0m[2m:[0m flushed 250 bytes
[2m2025-12-10T10:13:49.635059Z[0m [34mDEBUG[0m [2mhyper::client::pool[0m[2m:[0m reuse idle connection for ("http", 192.168.0.14:8545)
[2m2025-12-10T10:13:49.635073Z[0m [34mDEBUG[0m [2mhyper::proto::h1::io[0m[2m:[0m flushed 172 bytes
[2m2025-12-10T10:13:49.635100Z[0m [34mDEBUG[0m [2methereum_transaction_pool_monitor::eth_client[0m[2m:[0m 📨 Received WebSocket message: {"jsonrpc":"2.0","method":"eth_subscription","params":{"subscription":"0xbed0a0851463e895960a451075a301a9","result":"0x77f8176443009c4c01f0ba1ac98093b61e8386f41443e35131617fea77abe386"}}
[2m2025-12-10T10:13:49.635358Z[0m [34mDEBUG[0m [2methereum_transaction_pool_monitor::eth_client[0m[2m:[0m 📨 Received pending transaction: 0x77f8176443009c4c01f0ba1ac98093b61e8386f41443e35131617fea77abe386
[2m2025-12-10T10:13:49.636677Z[0m [34mDEBUG[0m [2methereum_transaction_pool_monitor::eth_client[0m[2m:[0m 📨 Received WebSocket message: {"jsonrpc":"2.0","method":"eth_subscription","params":{"subscription":"0xbed0a0851463e895960a451075a301a9","result":"0xd029532ba6f3b7feb681c2e35902d7192a0f9b65c428f00513772e18d62b53bd"}}
[2m2025-12-10T10:13:49.636686Z[0m [34mDEBUG[0m [2methereum_transaction_pool_monitor::eth_client[0m[2m:[0m 📨 Received pending transaction: 0xd029532ba6f3b7feb681c2e35902d7192a0f9b65c428f00513772e18d62b53bd
[2m2025-12-10T10:13:49.638869Z[0m [34mDEBUG[0m [2mhyper::proto::h1::io[0m[2m:[0m parsed 4 headers
[2m2025-12-10T10:13:49.638880Z[0m [34mDEBUG[0m [2mhyper::proto::h1::conn[0m[2m:[0m incoming body is content-length (554 bytes)
[2m2025-12-10T10:13:49.638886Z[0m [34mDEBUG[0m [2mhyper::proto::h1::conn[0m[2m:[0m incoming body completed
[2m2025-12-10T10:13:49.638895Z[0m [34mDEBUG[0m [2mhyper::client::pool[0m[2m:[0m pooling idle connection for ("http", 192.168.0.14:8545)
[2m2025-12-10T10:13:49.638901Z[0m [34mDEBUG[0m [2methereum_transaction_pool_monitor::eth_client[0m[2m:[0m 📡 Transaction fetch RPC completed in 3.916834ms
[2m2025-12-10T10:13:49.711650Z[0m [34mDEBUG[0m [2methereum_transaction_pool_monitor::eth_client[0m[2m:[0m ✅ Transaction 0xada349584a7dba9fc7c6a61428465ae3b308ff4749d273126d881c554e064cc2 fetched and parsed in 76.663ms
[2m2025-12-10T10:13:49.714132Z[0m [34mDEBUG[0m [2methereum_transaction_pool_monitor::mempool_monitor[0m[2m:[0m 🔍 Skipping tx 0xada349584a7dba9fc7c6a61428465ae3b308ff4749d273126d881c554e064cc2 - not a DEX interaction (target: 0x48a4Cf03bd184107a7A504ceFe8C2849109E39B9)
[2m2025-12-10T10:13:49.714141Z[0m [34mDEBUG[0m [2methereum_transaction_pool_monitor::mempool_monitor[0m[2m:[0m 📨 Processing new pending transaction: 0x34c20bcba4a44228a22005493e984e9aec6d161e004a424edc61214bac40c7f8
[2m2025-12-10T10:13:49.714147Z[0m [34mDEBUG[0m [2methereum_transaction_pool_monitor::mempool_monitor[0m[2m:[0m 🔍 Fetching transaction details for: 0x34c20bcba4a44228a22005493e984e9aec6d161e004a424edc61214bac40c7f8
[2m2025-12-10T10:13:49.714151Z[0m [34mDEBUG[0m [2methereum_transaction_pool_monitor::eth_client[0m[2m:[0m 🔍 Fetching transaction details for hash: 0x34c20bcba4a44228a22005493e984e9aec6d161e004a424edc61214bac40c7f8
[2m2025-12-10T10:13:49.714171Z[0m [34mDEBUG[0m [2mhyper::client::pool[0m[2m:[0m reuse idle connection for ("http", 192.168.0.14:8545)
[2m2025-12-10T10:13:49.714223Z[0m [34mDEBUG[0m [2mhyper::proto::h1::io[0m[2m:[0m flushed 250 bytes
[2m2025-12-10T10:13:49.714246Z[0m [34mDEBUG[0m [2methereum_transaction_pool_monitor::eth_client[0m[2m:[0m 📨 Received WebSocket message: {"jsonrpc":"2.0","method":"eth_subscription","params":{"subscription":"0xbed0a0851463e895960a451075a301a9","result":"0xfc8871141d897675674be53711bbae3d64d785b14cbb1c07f7fc5cf90a0ce402"}}
[2m2025-12-10T10:13:49.714257Z[0m [34mDEBUG[0m [2methereum_transaction_pool_monitor::eth_client[0m[2m:[0m 📨 Received pending transaction: 0xfc8871141d897675674be53711bbae3d64d785b14cbb1c07f7fc5cf90a0ce402
[2m2025-12-10T10:13:49.714261Z[0m [34mDEBUG[0m [2methereum_transaction_pool_monitor::eth_client[0m[2m:[0m 📨 Received WebSocket message: {"jsonrpc":"2.0","method":"eth_subscription","params":{"subscription":"0xbed0a0851463e895960a451075a301a9","result":"0x957534ab2feeb0b354eb9349ae8a7f7ef56b67118aed25949ff127321ff9dd11"}}
[2m2025-12-10T10:13:49.714265Z[0m [34mDEBUG[0m [2methereum_transaction_pool_monitor::eth_client[0m[2m:[0m 📨 Received pending transaction: 0x957534ab2feeb0b354eb9349ae8a7f7ef56b67118aed25949ff127321ff9dd11
[2m2025-12-10T10:13:49.714298Z[0m [34mDEBUG[0m [2mhyper::proto::h1::io[0m[2m:[0m parsed 4 headers
[2m2025-12-10T10:13:49.714348Z[0m [34mDEBUG[0m [2mhyper::proto::h1::conn[0m[2m:[0m incoming body is content-length (45 bytes)
[2m2025-12-10T10:13:49.714360Z[0m [34mDEBUG[0m [2mhyper::proto::h1::conn[0m[2m:[0m incoming body completed
[2m2025-12-10T10:13:49.714368Z[0m [34mDEBUG[0m [2mhyper::client::pool[0m[2m:[0m pooling idle connection for ("http", 192.168.0.14:8545)
[2m2025-12-10T10:13:49.714386Z[0m [34mDEBUG[0m [2mhyper::client::pool[0m[2m:[0m reuse idle connection for ("http", 192.168.0.14:8545)
[2m2025-12-10T10:13:49.714402Z[0m [34mDEBUG[0m [2mhyper::proto::h1::io[0m[2m:[0m flushed 172 bytes
[2m2025-12-10T10:13:49.728055Z[0m [34mDEBUG[0m [2mhyper::proto::h1::io[0m[2m:[0m parsed 4 headers
[2m2025-12-10T10:13:49.728069Z[0m [34mDEBUG[0m [2mhyper::proto::h1::conn[0m[2m:[0m incoming body is content-length (45 bytes)
[2m2025-12-10T10:13:49.728076Z[0m [34mDEBUG[0m [2mhyper::proto::h1::conn[0m[2m:[0m incoming body completed
[2m2025-12-10T10:13:49.728085Z[0m [34mDEBUG[0m [2mhyper::client::pool[0m[2m:[0m pooling idle connection for ("http", 192.168.0.14:8545)
[2m2025-12-10T10:13:49.728625Z[0m [34mDEBUG[0m [2mhyper::proto::h1::io[0m[2m:[0m parsed 4 headers
[2m2025-12-10T10:13:49.728632Z[0m [34mDEBUG[0m [2mhyper::proto::h1::conn[0m[2m:[0m incoming body is content-length (645 bytes)
[2m2025-12-10T10:13:49.728636Z[0m [34mDEBUG[0m [2mhyper::proto::h1::conn[0m[2m:[0m incoming body completed
[2m2025-12-10T10:13:49.728641Z[0m [34mDEBUG[0m [2mhyper::client::pool[0m[2m:[0m pooling idle connection for ("http", 192.168.0.14:8545)
[2m2025-12-10T10:13:49.728645Z[0m [34mDEBUG[0m [2methereum_transaction_pool_monitor::eth_client[0m[2m:[0m 📡 Transaction fetch RPC completed in 14.489416ms
[2m2025-12-10T10:13:49.798604Z[0m [34mDEBUG[0m [2methereum_transaction_pool_monitor::eth_client[0m[2m:[0m ✅ Transaction 0x34c20bcba4a44228a22005493e984e9aec6d161e004a424edc61214bac40c7f8 fetched and parsed in 84.446333ms
[2m2025-12-10T10:13:49.798628Z[0m [34mDEBUG[0m [2methereum_transaction_pool_monitor::mempool_monitor[0m[2m:[0m 🔍 Skipping tx 0x34c20bcba4a44228a22005493e984e9aec6d161e004a424edc61214bac40c7f8 - not a DEX interaction (target: 0x47d9BDE1308CCacdC98fa071D11063923a11C5EE)
[2m2025-12-10T10:13:49.798638Z[0m [34mDEBUG[0m [2methereum_transaction_pool_monitor::mempool_monitor[0m[2m:[0m 📨 Processing new pending transaction: 0xc4693358fbac4286347886d23426fa15651b63f23a55cb631c48008fef917b5b
[2m2025-12-10T10:13:49.798642Z[0m [34mDEBUG[0m [2methereum_transaction_pool_monitor::mempool_monitor[0m[2m:[0m 🔍 Fetching transaction details for: 0xc4693358fbac4286347886d23426fa15651b63f23a55cb631c48008fef917b5b
[2m2025-12-10T10:13:49.798645Z[0m [34mDEBUG[0m [2methereum_transaction_pool_monitor::eth_client[0m[2m:[0m 🔍 Fetching transaction details for hash: 0xc4693358fbac4286347886d23426fa15651b63f23a55cb631c48008fef917b5b
[2m2025-12-10T10:13:49.798664Z[0m [34mDEBUG[0m [2mhyper::client::pool[0m[2m:[0m reuse idle connection for ("http", 192.168.0.14:8545)
[2m2025-12-10T10:13:49.798713Z[0m [34mDEBUG[0m [2mhyper::proto::h1::io[0m[2m:[0m flushed 250 bytes
[2m2025-12-10T10:13:49.798739Z[0m [34mDEBUG[0m [2mhyper::client::pool[0m[2m:[0m reuse idle connection for ("http", 192.168.0.14:8545)
[2m2025-12-10T10:13:49.798751Z[0m [34mDEBUG[0m [2mhyper::proto::h1::io[0m[2m:[0m flushed 172 bytes
[2m2025-12-10T10:13:49.803031Z[0m [34mDEBUG[0m [2mhyper::proto::h1::io[0m[2m:[0m parsed 4 headers
[2m2025-12-10T10:13:49.803042Z[0m [34mDEBUG[0m [2mhyper::proto::h1::conn[0m[2m:[0m incoming body is content-length (45 bytes)
[2m2025-12-10T10:13:49.803050Z[0m [34mDEBUG[0m [2mhyper::proto::h1::conn[0m[2m:[0m incoming body completed
[2m2025-12-10T10:13:49.803058Z[0m [34mDEBUG[0m [2mhyper::client::pool[0m[2m:[0m pooling idle connection for ("http", 192.168.0.14:8545)
[2m2025-12-10T10:13:49.806955Z[0m [34mDEBUG[0m [2mhyper::proto::h1::io[0m[2m:[0m parsed 4 headers
[2m2025-12-10T10:13:49.806967Z[0m [34mDEBUG[0m [2mhyper::proto::h1::conn[0m[2m:[0m incoming body is content-length (649 bytes)
[2m2025-12-10T10:13:49.806973Z[0m [34mDEBUG[0m [2mhyper::proto::h1::conn[0m[2m:[0m incoming body completed
[2m2025-12-10T10:13:49.806981Z[0m [34mDEBUG[0m [2mhyper::client::pool[0m[2m:[0m pooling idle connection for ("http", 192.168.0.14:8545)
[2m2025-12-10T10:13:49.806987Z[0m [34mDEBUG[0m [2methereum_transaction_pool_monitor::eth_client[0m[2m:[0m 📡 Transaction fetch RPC completed in 8.338125ms
[2m2025-12-10T10:13:49.874700Z[0m [34mDEBUG[0m [2methereum_transaction_pool_monitor::eth_client[0m[2m:[0m ✅ Transaction 0xc4693358fbac4286347886d23426fa15651b63f23a55cb631c48008fef917b5b fetched and parsed in 76.049666ms
[2m2025-12-10T10:13:49.874724Z[0m [34mDEBUG[0m [2methereum_transaction_pool_monitor::mempool_monitor[0m[2m:[0m 🔍 Skipping tx 0xc4693358fbac4286347886d23426fa15651b63f23a55cb631c48008fef917b5b - not a DEX interaction (target: 0x5CD10415b8F072a7FD2c80bE6FC199b3ef19104C)
[2m2025-12-10T10:13:49.874733Z[0m [34mDEBUG[0m [2methereum_transaction_pool_monitor::mempool_monitor[0m[2m:[0m 📨 Processing new pending transaction: 0x5130fe4a82d1ee460011e30da2084b369d51ac12237023118505d7f1c938d962
[2m2025-12-10T10:13:49.874738Z[0m [34mDEBUG[0m [2methereum_transaction_pool_monitor::mempool_monitor[0m[2m:[0m 🔍 Fetching transaction details for: 0x5130fe4a82d1ee460011e30da2084b369d51ac12237023118505d7f1c938d962
[2m2025-12-10T10:13:49.874742Z[0m [34mDEBUG[0m [2methereum_transaction_pool_monitor::eth_client[0m[2m:[0m 🔍 Fetching transaction details for hash: 0x5130fe4a82d1ee460011e30da2084b369d51ac12237023118505d7f1c938d962
[2m2025-12-10T10:13:49.874758Z[0m [34mDEBUG[0m [2mhyper::client::pool[0m[2m:[0m reuse idle connection for ("http", 192.168.0.14:8545)
[2m2025-12-10T10:13:49.874799Z[0m [34mDEBUG[0m [2mhyper::proto::h1::io[0m[2m:[0m flushed 250 bytes
[2m2025-12-10T10:13:49.874815Z[0m [34mDEBUG[0m [2methereum_transaction_pool_monitor::eth_client[0m[2m:[0m 📨 Received WebSocket message: {"jsonrpc":"2.0","method":"eth_subscription","params":{"subscription":"0xbed0a0851463e895960a451075a301a9","result":"0x8c953efd2b460d711a452ceb737d5d24f9ef6b97fa8d9e853208261322d7161c"}}
[2m2025-12-10T10:13:49.874821Z[0m [34mDEBUG[0m [2methereum_transaction_pool_monitor::eth_client[0m[2m:[0m 📨 Received pending transaction: 0x8c953efd2b460d711a452ceb737d5d24f9ef6b97fa8d9e853208261322d7161c
[2m2025-12-10T10:13:49.880584Z[0m [34mDEBUG[0m [2mhyper::proto::h1::io[0m[2m:[0m parsed 4 headers
[2m2025-12-10T10:13:49.880592Z[0m [34mDEBUG[0m [2mhyper::proto::h1::conn[0m[2m:[0m incoming body is content-length (770 bytes)
[2m2025-12-10T10:13:49.880598Z[0m [34mDEBUG[0m [2mhyper::proto::h1::conn[0m[2m:[0m incoming body completed
[2m2025-12-10T10:13:49.880606Z[0m [34mDEBUG[0m [2mhyper::client::pool[0m[2m:[0m pooling idle connection for ("http", 192.168.0.14:8545)
[2m2025-12-10T10:13:49.880612Z[0m [34mDEBUG[0m [2methereum_transaction_pool_monitor::eth_client[0m[2m:[0m 📡 Transaction fetch RPC completed in 5.866334ms
[2m2025-12-10T10:13:49.880624Z[0m [34mDEBUG[0m [2methereum_transaction_pool_monitor::eth_client[0m[2m:[0m DeFi transaction detected - Address: 0xdac17f958d2ee523a2206206994597c13d831ec7, Type: Stablecoin, Value: 0 ETH, Gas: 0.29 Gwei
[2m2025-12-10T10:13:49.880634Z[0m [34mDEBUG[0m [2methereum_transaction_pool_monitor::eth_client[0m[2m:[0m ✅ Transaction 0x5130fe4a82d1ee460011e30da2084b369d51ac12237023118505d7f1c938d962 fetched and parsed in 5.888375ms
[2m2025-12-10T10:13:49.880638Z[0m [34mDEBUG[0m [2methereum_transaction_pool_monitor::mempool_monitor[0m[2m:[0m 🔍 Skipping tx 0x5130fe4a82d1ee460011e30da2084b369d51ac12237023118505d7f1c938d962 - not a DEX interaction (target: 0xdAC17F958D2ee523a2206206994597C13D831ec7)
[2m2025-12-10T10:13:49.880643Z[0m [34mDEBUG[0m [2methereum_transaction_pool_monitor::mempool_monitor[0m[2m:[0m 📨 Processing new pending transaction: 0xbd56ccc7d3422818aea4988a173ea14dc552c5195f064b179a3d20d26c6e4e68
[2m2025-12-10T10:13:49.880652Z[0m [34mDEBUG[0m [2methereum_transaction_pool_monitor::mempool_monitor[0m[2m:[0m 🔍 Fetching transaction details for: 0xbd56ccc7d3422818aea4988a173ea14dc552c5195f064b179a3d20d26c6e4e68
[2m2025-12-10T10:13:49.880655Z[0m [34mDEBUG[0m [2methereum_transaction_pool_monitor::eth_client[0m[2m:[0m 🔍 Fetching transaction details for hash: 0xbd56ccc7d3422818aea4988a173ea14dc552c5195f064b179a3d20d26c6e4e68
[2m2025-12-10T10:13:49.880664Z[0m [34mDEBUG[0m [2mhyper::client::pool[0m[2m:[0m reuse idle connection for ("http", 192.168.0.14:8545)
[2m2025-12-10T10:13:49.880683Z[0m [34mDEBUG[0m [2mhyper::proto::h1::io[0m[2m:[0m flushed 250 bytes
[2m2025-12-10T10:13:49.897103Z[0m [34mDEBUG[0m [2mhyper::proto::h1::io[0m[2m:[0m parsed 4 headers
[2m2025-12-10T10:13:49.897118Z[0m [34mDEBUG[0m [2mhyper::proto::h1::conn[0m[2m:[0m incoming body is content-length (774 bytes)
[2m2025-12-10T10:13:49.897124Z[0m [34mDEBUG[0m [2mhyper::proto::h1::conn[0m[2m:[0m incoming body completed
[2m2025-12-10T10:13:49.897132Z[0m [34mDEBUG[0m [2mhyper::client::pool[0m[2m:[0m pooling idle connection for ("http", 192.168.0.14:8545)
[2m2025-12-10T10:13:49.897138Z[0m [34mDEBUG[0m [2methereum_transaction_pool_monitor::eth_client[0m[2m:[0m 📡 Transaction fetch RPC completed in 16.480041ms
[2m2025-12-10T10:13:49.962903Z[0m [34mDEBUG[0m [2methereum_transaction_pool_monitor::eth_client[0m[2m:[0m ✅ Transaction 0xbd56ccc7d3422818aea4988a173ea14dc552c5195f064b179a3d20d26c6e4e68 fetched and parsed in 82.242ms
[2m2025-12-10T10:13:49.962928Z[0m [34mDEBUG[0m [2methereum_transaction_pool_monitor::mempool_monitor[0m[2m:[0m 🔍 Skipping tx 0xbd56ccc7d3422818aea4988a173ea14dc552c5195f064b179a3d20d26c6e4e68 - not a DEX interaction (target: 0xA0b86991c6218b36c1d19D4a2e9Eb0cE3606eB48)
[2m2025-12-10T10:13:49.962937Z[0m [34mDEBUG[0m [2methereum_transaction_pool_monitor::mempool_monitor[0m[2m:[0m 📨 Processing new pending transaction: 0xe674ae42129b1a1bb8f77354924561b8d88d1dab1adafbeb384065c7b83e8eb9
[2m2025-12-10T10:13:49.962942Z[0m [34mDEBUG[0m [2methereum_transaction_pool_monitor::mempool_monitor[0m[2m:[0m 🔍 Fetching transaction details for: 0xe674ae42129b1a1bb8f77354924561b8d88d1dab1adafbeb384065c7b83e8eb9
[2m2025-12-10T10:13:49.962946Z[0m [34mDEBUG[0m [2methereum_transaction_pool_monitor::eth_client[0m[2m:[0m 🔍 Fetching transaction details for hash: 0xe674ae42129b1a1bb8f77354924561b8d88d1dab1adafbeb384065c7b83e8eb9
[2m2025-12-10T10:13:49.962965Z[0m [34mDEBUG[0m [2mhyper::client::pool[0m[2m:[0m reuse idle connection for ("http", 192.168.0.14:8545)
[2m2025-12-10T10:13:49.963013Z[0m [34mDEBUG[0m [2mhyper::proto::h1::io[0m[2m:[0m flushed 250 bytes
[2m2025-12-10T10:13:49.963039Z[0m [34mDEBUG[0m [2mhyper::client::pool[0m[2m:[0m reuse idle connection for ("http", 192.168.0.14:8545)
[2m2025-12-10T10:13:49.963051Z[0m [34mDEBUG[0m [2mhyper::proto::h1::io[0m[2m:[0m flushed 172 bytes
[2m2025-12-10T10:13:49.980652Z[0m [34mDEBUG[0m [2mhyper::proto::h1::io[0m[2m:[0m parsed 4 headers
[2m2025-12-10T10:13:49.980660Z[0m [34mDEBUG[0m [2mhyper::proto::h1::conn[0m[2m:[0m incoming body is content-length (45 bytes)
[2m2025-12-10T10:13:49.980666Z[0m [34mDEBUG[0m [2mhyper::proto::h1::conn[0m[2m:[0m incoming body completed
[2m2025-12-10T10:13:49.980674Z[0m [34mDEBUG[0m [2mhyper::client::pool[0m[2m:[0m pooling idle connection for ("http", 192.168.0.14:8545)
[2m2025-12-10T10:13:49.985870Z[0m [34mDEBUG[0m [2mhyper::proto::h1::io[0m[2m:[0m parsed 4 headers
[2m2025-12-10T10:13:49.985880Z[0m [34mDEBUG[0m [2mhyper::proto::h1::conn[0m[2m:[0m incoming body is content-length (768 bytes)
[2m2025-12-10T10:13:49.985886Z[0m [34mDEBUG[0m [2mhyper::proto::h1::conn[0m[2m:[0m incoming body completed
[2m2025-12-10T10:13:49.985901Z[0m [34mDEBUG[0m [2mhyper::client::pool[0m[2m:[0m pooling idle connection for ("http", 192.168.0.14:8545)
[2m2025-12-10T10:13:49.985907Z[0m [34mDEBUG[0m [2methereum_transaction_pool_monitor::eth_client[0m[2m:[0m 📡 Transaction fetch RPC completed in 22.955333ms
[2m2025-12-10T10:13:49.985921Z[0m [34mDEBUG[0m [2methereum_transaction_pool_monitor::eth_client[0m[2m:[0m DeFi transaction detected - Address: 0xdac17f958d2ee523a2206206994597c13d831ec7, Type: Stablecoin, Value: 0 ETH, Gas: 0.22 Gwei
[2m2025-12-10T10:13:49.985933Z[0m [34mDEBUG[0m [2methereum_transaction_pool_monitor::eth_client[0m[2m:[0m ✅ Transaction 0xe674ae42129b1a1bb8f77354924561b8d88d1dab1adafbeb384065c7b83e8eb9 fetched and parsed in 22.981333ms
[2m2025-12-10T10:13:49.985938Z[0m [34mDEBUG[0m [2methereum_transaction_pool_monitor::mempool_monitor[0m[2m:[0m 🔍 Skipping tx 0xe674ae42129b1a1bb8f77354924561b8d88d1dab1adafbeb384065c7b83e8eb9 - not a DEX interaction (target: 0xdAC17F958D2ee523a2206206994597C13D831ec7)
[2m2025-12-10T10:13:49.985943Z[0m [34mDEBUG[0m [2methereum_transaction_pool_monitor::mempool_monitor[0m[2m:[0m 📨 Processing new pending transaction: 0x7854966bf9001a569bbfcded91a225f21d7a38565169072cbbff971d17dea9e6
[2m2025-12-10T10:13:49.985946Z[0m [34mDEBUG[0m [2methereum_transaction_pool_monitor::mempool_monitor[0m[2m:[0m 🔍 Fetching transaction details for: 0x7854966bf9001a569bbfcded91a225f21d7a38565169072cbbff971d17dea9e6
[2m2025-12-10T10:13:49.985949Z[0m [34mDEBUG[0m [2methereum_transaction_pool_monitor::eth_client[0m[2m:[0m 🔍 Fetching transaction details for hash: 0x7854966bf9001a569bbfcded91a225f21d7a38565169072cbbff971d17dea9e6
[2m2025-12-10T10:13:49.985963Z[0m [34mDEBUG[0m [2mhyper::client::pool[0m[2m:[0m reuse idle connection for ("http", 192.168.0.14:8545)
[2m2025-12-10T10:13:49.985990Z[0m [34mDEBUG[0m [2mhyper::proto::h1::io[0m[2m:[0m flushed 250 bytes
[2m2025-12-10T10:13:50.000018Z[0m [34mDEBUG[0m [2mhyper::client::pool[0m[2m:[0m reuse idle connection for ("http", 192.168.0.14:8545)
[2m2025-12-10T10:13:50.000068Z[0m [34mDEBUG[0m [2mhyper::proto::h1::io[0m[2m:[0m flushed 172 bytes
[2m2025-12-10T10:13:50.012051Z[0m [34mDEBUG[0m [2mhyper::proto::h1::io[0m[2m:[0m parsed 4 headers
[2m2025-12-10T10:13:50.012061Z[0m [34mDEBUG[0m [2mhyper::proto::h1::conn[0m[2m:[0m incoming body is content-length (45 bytes)
[2m2025-12-10T10:13:50.012067Z[0m [34mDEBUG[0m [2mhyper::proto::h1::conn[0m[2m:[0m incoming body completed
[2m2025-12-10T10:13:50.012075Z[0m [34mDEBUG[0m [2mhyper::client::pool[0m[2m:[0m pooling idle connection for ("http", 192.168.0.14:8545)
[2m2025-12-10T10:13:50.014595Z[0m [34mDEBUG[0m [2mhyper::proto::h1::io[0m[2m:[0m parsed 4 headers
[2m2025-12-10T10:13:50.014600Z[0m [34mDEBUG[0m [2mhyper::proto::h1::conn[0m[2m:[0m incoming body is content-length (648 bytes)
[2m2025-12-10T10:13:50.014605Z[0m [34mDEBUG[0m [2mhyper::proto::h1::conn[0m[2m:[0m incoming body completed
[2m2025-12-10T10:13:50.014611Z[0m [34mDEBUG[0m [2mhyper::client::pool[0m[2m:[0m pooling idle connection for ("http", 192.168.0.14:8545)
[2m2025-12-10T10:13:50.014615Z[0m [34mDEBUG[0m [2methereum_transaction_pool_monitor::eth_client[0m[2m:[0m 📡 Transaction fetch RPC completed in 28.659833ms
[2m2025-12-10T10:13:50.081124Z[0m [34mDEBUG[0m [2methereum_transaction_pool_monitor::eth_client[0m[2m:[0m ✅ Transaction 0x7854966bf9001a569bbfcded91a225f21d7a38565169072cbbff971d17dea9e6 fetched and parsed in 95.166208ms
[2m2025-12-10T10:13:50.081146Z[0m [34mDEBUG[0m [2methereum_transaction_pool_monitor::mempool_monitor[0m[2m:[0m 🔍 Skipping tx 0x7854966bf9001a569bbfcded91a225f21d7a38565169072cbbff971d17dea9e6 - not a DEX interaction (target: 0x283C899f46870903B928dE99A65688d4430bdDd8)
[2m2025-12-10T10:13:50.081157Z[0m [34mDEBUG[0m [2methereum_transaction_pool_monitor::mempool_monitor[0m[2m:[0m 📨 Processing new pending transaction: 0xfdde8120422099a48b2e109ca4a14a7a1b0ac8e4da1b116fa91804e2bf5a3a42
[2m2025-12-10T10:13:50.081292Z[0m [34mDEBUG[0m [2methereum_transaction_pool_monitor::mempool_monitor[0m[2m:[0m 🔍 Fetching transaction details for: 0xfdde8120422099a48b2e109ca4a14a7a1b0ac8e4da1b116fa91804e2bf5a3a42
[2m2025-12-10T10:13:50.081296Z[0m [34mDEBUG[0m [2methereum_transaction_pool_monitor::eth_client[0m[2m:[0m 🔍 Fetching transaction details for hash: 0xfdde8120422099a48b2e109ca4a14a7a1b0ac8e4da1b116fa91804e2bf5a3a42
[2m2025-12-10T10:13:50.081314Z[0m [34mDEBUG[0m [2mhyper::client::pool[0m[2m:[0m reuse idle connection for ("http", 192.168.0.14:8545)
[2m2025-12-10T10:13:50.081345Z[0m [34mDEBUG[0m [2mhyper::proto::h1::io[0m[2m:[0m flushed 250 bytes
[2m2025-12-10T10:13:50.099385Z[0m [34mDEBUG[0m [2mhyper::client::pool[0m[2m:[0m reuse idle connection for ("http", 192.168.0.14:8545)
[2m2025-12-10T10:13:50.099410Z[0m [34mDEBUG[0m [2mhyper::proto::h1::io[0m[2m:[0m flushed 172 bytes
[2m2025-12-10T10:13:50.103462Z[0m [34mDEBUG[0m [2mhyper::proto::h1::io[0m[2m:[0m parsed 4 headers
[2m2025-12-10T10:13:50.103468Z[0m [34mDEBUG[0m [2mhyper::proto::h1::conn[0m[2m:[0m incoming body is content-length (830 bytes)
[2m2025-12-10T10:13:50.103480Z[0m [34mDEBUG[0m [2mhyper::proto::h1::conn[0m[2m:[0m incoming body completed
[2m2025-12-10T10:13:50.103494Z[0m [34mDEBUG[0m [2mhyper::client::pool[0m[2m:[0m pooling idle connection for ("http", 192.168.0.14:8545)
[2m2025-12-10T10:13:50.103502Z[0m [34mDEBUG[0m [2methereum_transaction_pool_monitor::eth_client[0m[2m:[0m 📡 Transaction fetch RPC completed in 22.202666ms
[2m2025-12-10T10:13:50.172269Z[0m [34mDEBUG[0m [2methereum_transaction_pool_monitor::eth_client[0m[2m:[0m ✅ Transaction 0xfdde8120422099a48b2e109ca4a14a7a1b0ac8e4da1b116fa91804e2bf5a3a42 fetched and parsed in 90.966541ms
[2m2025-12-10T10:13:50.172295Z[0m [34mDEBUG[0m [2methereum_transaction_pool_monitor::mempool_monitor[0m[2m:[0m 🔍 Skipping tx 0xfdde8120422099a48b2e109ca4a14a7a1b0ac8e4da1b116fa91804e2bf5a3a42 - not a DEX interaction (target: 0x3B4D794a66304F130a4Db8F2551B0070dfCf5ca7)
[2m2025-12-10T10:13:50.172304Z[0m [34mDEBUG[0m [2methereum_transaction_pool_monitor::mempool_monitor[0m[2m:[0m 📨 Processing new pending transaction: 0x6b90ac559164ca7a70e6ae5f65a7d01cb080769438b6c1cfd136cc4bee032813
[2m2025-12-10T10:13:50.172310Z[0m [34mDEBUG[0m [2methereum_transaction_pool_monitor::mempool_monitor[0m[2m:[0m 🔍 Fetching transaction details for: 0x6b90ac559164ca7a70e6ae5f65a7d01cb080769438b6c1cfd136cc4bee032813
[2m2025-12-10T10:13:50.172314Z[0m [34mDEBUG[0m [2methereum_transaction_pool_monitor::eth_client[0m[2m:[0m 🔍 Fetching transaction details for hash: 0x6b90ac559164ca7a70e6ae5f65a7d01cb080769438b6c1cfd136cc4bee032813
[2m2025-12-10T10:13:50.172332Z[0m [34mDEBUG[0m [2mhyper::client::pool[0m[2m:[0m reuse idle connection for ("http", 192.168.0.14:8545)
[2m2025-12-10T10:13:50.172381Z[0m [34mDEBUG[0m [2mhyper::proto::h1::io[0m[2m:[0m flushed 250 bytes
[2m2025-12-10T10:13:50.172396Z[0m [34mDEBUG[0m [2mhyper::proto::h1::io[0m[2m:[0m parsed 4 headers
[2m2025-12-10T10:13:50.172399Z[0m [34mDEBUG[0m [2mhyper::proto::h1::conn[0m[2m:[0m incoming body is content-length (45 bytes)
[2m2025-12-10T10:13:50.172405Z[0m [34mDEBUG[0m [2mhyper::proto::h1::conn[0m[2m:[0m incoming body completed
[2m2025-12-10T10:13:50.172412Z[0m [34mDEBUG[0m [2mhyper::client::pool[0m[2m:[0m pooling idle connection for ("http", 192.168.0.14:8545)
[2m2025-12-10T10:13:50.198840Z[0m [34mDEBUG[0m [2mhyper::client::pool[0m[2m:[0m reuse idle connection for ("http", 192.168.0.14:8545)
[2m2025-12-10T10:13:50.198870Z[0m [34mDEBUG[0m [2mhyper::proto::h1::io[0m[2m:[0m flushed 172 bytes
[2m2025-12-10T10:13:50.207889Z[0m [34mDEBUG[0m [2mhyper::proto::h1::io[0m[2m:[0m parsed 4 headers
[2m2025-12-10T10:13:50.207894Z[0m [34mDEBUG[0m [2mhyper::proto::h1::conn[0m[2m:[0m incoming body is content-length (45 bytes)
[2m2025-12-10T10:13:50.207909Z[0m [34mDEBUG[0m [2mhyper::proto::h1::conn[0m[2m:[0m incoming body completed
[2m2025-12-10T10:13:50.207916Z[0m [34mDEBUG[0m [2mhyper::client::pool[0m[2m:[0m pooling idle connection for ("http", 192.168.0.14:8545)
[2m2025-12-10T10:13:50.208772Z[0m [34mDEBUG[0m [2mhyper::proto::h1::io[0m[2m:[0m parsed 4 headers
[2m2025-12-10T10:13:50.208777Z[0m [34mDEBUG[0m [2mhyper::proto::h1::conn[0m[2m:[0m incoming body is content-length (553 bytes)
[2m2025-12-10T10:13:50.208781Z[0m [34mDEBUG[0m [2mhyper::proto::h1::conn[0m[2m:[0m incoming body completed
[2m2025-12-10T10:13:50.208787Z[0m [34mDEBUG[0m [2mhyper::client::pool[0m[2m:[0m pooling idle connection for ("http", 192.168.0.14:8545)
[2m2025-12-10T10:13:50.208791Z[0m [34mDEBUG[0m [2methereum_transaction_pool_monitor::eth_client[0m[2m:[0m 📡 Transaction fetch RPC completed in 36.47275ms
[2m2025-12-10T10:13:50.283491Z[0m [34mDEBUG[0m [2methereum_transaction_pool_monitor::eth_client[0m[2m:[0m ✅ Transaction 0x6b90ac559164ca7a70e6ae5f65a7d01cb080769438b6c1cfd136cc4bee032813 fetched and parsed in 111.171125ms
[2m2025-12-10T10:13:50.283512Z[0m [34mDEBUG[0m [2methereum_transaction_pool_monitor::mempool_monitor[0m[2m:[0m 🔍 Skipping tx 0x6b90ac559164ca7a70e6ae5f65a7d01cb080769438b6c1cfd136cc4bee032813 - not a DEX interaction (target: 0x612Bc82134CE657baBCd254625e2a3400C740f64)
[2m2025-12-10T10:13:50.283521Z[0m [34mDEBUG[0m [2methereum_transaction_pool_monitor::mempool_monitor[0m[2m:[0m 📨 Processing new pending transaction: 0x330dd4a065889fe279be32a60b85f74c492e0df0fba7cdf737234b93c3240d63
[2m2025-12-10T10:13:50.283527Z[0m [34mDEBUG[0m [2methereum_transaction_pool_monitor::mempool_monitor[0m[2m:[0m 🔍 Fetching transaction details for: 0x330dd4a065889fe279be32a60b85f74c492e0df0fba7cdf737234b93c3240d63
[2m2025-12-10T10:13:50.283531Z[0m [34mDEBUG[0m [2methereum_transaction_pool_monitor::eth_client[0m[2m:[0m 🔍 Fetching transaction details for hash: 0x330dd4a065889fe279be32a60b85f74c492e0df0fba7cdf737234b93c3240d63
[2m2025-12-10T10:13:50.283549Z[0m [34mDEBUG[0m [2mhyper::client::pool[0m[2m:[0m reuse idle connection for ("http", 192.168.0.14:8545)
[2m2025-12-10T10:13:50.283594Z[0m [34mDEBUG[0m [2mhyper::proto::h1::io[0m[2m:[0m flushed 250 bytes
[2m2025-12-10T10:13:50.295005Z[0m [34mDEBUG[0m [2mhyper::proto::h1::io[0m[2m:[0m parsed 4 headers
[2m2025-12-10T10:13:50.295010Z[0m [34mDEBUG[0m [2mhyper::proto::h1::conn[0m[2m:[0m incoming body is content-length (1730 bytes)
[2m2025-12-10T10:13:50.295023Z[0m [34mDEBUG[0m [2methereum_transaction_pool_monitor::eth_client[0m[2m:[0m 📡 Transaction fetch RPC completed in 11.488125ms
[2m2025-12-10T10:13:50.295829Z[0m [34mDEBUG[0m [2mhyper::proto::h1::conn[0m[2m:[0m incoming body completed
[2m2025-12-10T10:13:50.295836Z[0m [34mDEBUG[0m [2mhyper::client::pool[0m[2m:[0m pooling idle connection for ("http", 192.168.0.14:8545)
[2m2025-12-10T10:13:50.299236Z[0m [34mDEBUG[0m [2mhyper::client::pool[0m[2m:[0m reuse idle connection for ("http", 192.168.0.14:8545)
[2m2025-12-10T10:13:50.299266Z[0m [34mDEBUG[0m [2mhyper::proto::h1::io[0m[2m:[0m flushed 172 bytes
[2m2025-12-10T10:13:50.302245Z[0m [34mDEBUG[0m [2mhyper::proto::h1::io[0m[2m:[0m parsed 4 headers
[2m2025-12-10T10:13:50.306178Z[0m [34mDEBUG[0m [2mhyper::proto::h1::conn[0m[2m:[0m incoming body is content-length (45 bytes)
[2m2025-12-10T10:13:50.306185Z[0m [34mDEBUG[0m [2mhyper::proto::h1::conn[0m[2m:[0m incoming body completed
[2m2025-12-10T10:13:50.306194Z[0m [34mDEBUG[0m [2mhyper::client::pool[0m[2m:[0m pooling idle connection for ("http", 192.168.0.14:8545)
[2m2025-12-10T10:13:50.364968Z[0m [34mDEBUG[0m [2methereum_transaction_pool_monitor::eth_client[0m[2m:[0m ✅ Transaction 0x330dd4a065889fe279be32a60b85f74c492e0df0fba7cdf737234b93c3240d63 fetched and parsed in 81.430292ms
[2m2025-12-10T10:13:50.364991Z[0m [34mDEBUG[0m [2methereum_transaction_pool_monitor::mempool_monitor[0m[2m:[0m 🔍 Skipping tx 0x330dd4a065889fe279be32a60b85f74c492e0df0fba7cdf737234b93c3240d63 - not a DEX interaction (target: 0x601a2aD6CB5949f0529735254189Ba3194221EDF)
[2m2025-12-10T10:13:50.365010Z[0m [34mDEBUG[0m [2methereum_transaction_pool_monitor::mempool_monitor[0m[2m:[0m 📨 Processing new pending transaction: 0xc866a702e8e2729fa353b50c14bac6624d5e2b90fdbd010beea8a596756a32dc
[2m2025-12-10T10:13:50.365017Z[0m [34mDEBUG[0m [2methereum_transaction_pool_monitor::mempool_monitor[0m[2m:[0m 🔍 Fetching transaction details for: 0xc866a702e8e2729fa353b50c14bac6624d5e2b90fdbd010beea8a596756a32dc
[2m2025-12-10T10:13:50.365023Z[0m [34mDEBUG[0m [2methereum_transaction_pool_monitor::eth_client[0m[2m:[0m 🔍 Fetching transaction details for hash: 0xc866a702e8e2729fa353b50c14bac6624d5e2b90fdbd010beea8a596756a32dc
[2m2025-12-10T10:13:50.365041Z[0m [34mDEBUG[0m [2mhyper::client::pool[0m[2m:[0m reuse idle connection for ("http", 192.168.0.14:8545)
[2m2025-12-10T10:13:50.365077Z[0m [34mDEBUG[0m [2mhyper::proto::h1::io[0m[2m:[0m flushed 250 bytes
[2m2025-12-10T10:13:50.370574Z[0m [34mDEBUG[0m [2mhyper::proto::h1::io[0m[2m:[0m parsed 4 headers
[2m2025-12-10T10:13:50.370595Z[0m [34mDEBUG[0m [2mhyper::proto::h1::conn[0m[2m:[0m incoming body is content-length (679 bytes)
[2m2025-12-10T10:13:50.370604Z[0m [34mDEBUG[0m [2mhyper::proto::h1::conn[0m[2m:[0m incoming body completed
[2m2025-12-10T10:13:50.370613Z[0m [34mDEBUG[0m [2mhyper::client::pool[0m[2m:[0m pooling idle connection for ("http", 192.168.0.14:8545)
[2m2025-12-10T10:13:50.370618Z[0m [34mDEBUG[0m [2methereum_transaction_pool_monitor::eth_client[0m[2m:[0m 📡 Transaction fetch RPC completed in 5.590417ms
[2m2025-12-10T10:13:50.442002Z[0m [34mDEBUG[0m [2methereum_transaction_pool_monitor::eth_client[0m[2m:[0m ✅ Transaction 0xc866a702e8e2729fa353b50c14bac6624d5e2b90fdbd010beea8a596756a32dc fetched and parsed in 76.973208ms
[2m2025-12-10T10:13:50.442024Z[0m [34mDEBUG[0m [2methereum_transaction_pool_monitor::mempool_monitor[0m[2m:[0m 🔍 Skipping tx 0xc866a702e8e2729fa353b50c14bac6624d5e2b90fdbd010beea8a596756a32dc - not a DEX interaction (target: 0x12fCd6463E66974cF7bBC24FFC4d40d6bE458283)
[2m2025-12-10T10:13:50.442033Z[0m [34mDEBUG[0m [2methereum_transaction_pool_monitor::mempool_monitor[0m[2m:[0m 📨 Processing new pending transaction: 0x39d30089e126081189d5280270f6d434eca43102042ec455ceffac0dfa0ac96b
[2m2025-12-10T10:13:50.442039Z[0m [34mDEBUG[0m [2methereum_transaction_pool_monitor::mempool_monitor[0m[2m:[0m 🔍 Fetching transaction details for: 0x39d30089e126081189d5280270f6d434eca43102042ec455ceffac0dfa0ac96b
[2m2025-12-10T10:13:50.442043Z[0m [34mDEBUG[0m [2methereum_transaction_pool_monitor::eth_client[0m[2m:[0m 🔍 Fetching transaction details for hash: 0x39d30089e126081189d5280270f6d434eca43102042ec455ceffac0dfa0ac96b
[2m2025-12-10T10:13:50.442060Z[0m [34mDEBUG[0m [2mhyper::client::pool[0m[2m:[0m reuse idle connection for ("http", 192.168.0.14:8545)
[2m2025-12-10T10:13:50.442099Z[0m [34mDEBUG[0m [2mhyper::proto::h1::io[0m[2m:[0m flushed 250 bytes
[2m2025-12-10T10:13:50.442125Z[0m [34mDEBUG[0m [2mhyper::client::pool[0m[2m:[0m reuse idle connection for ("http", 192.168.0.14:8545)
[2m2025-12-10T10:13:50.442136Z[0m [34mDEBUG[0m [2mhyper::proto::h1::io[0m[2m:[0m flushed 172 bytes
[2m2025-12-10T10:13:50.456792Z[0m [34mDEBUG[0m [2mhyper::proto::h1::io[0m[2m:[0m parsed 4 headers
[2m2025-12-10T10:13:50.456798Z[0m [34mDEBUG[0m [2mhyper::proto::h1::conn[0m[2m:[0m incoming body is content-length (45 bytes)
[2m2025-12-10T10:13:50.456803Z[0m [34mDEBUG[0m [2mhyper::proto::h1::conn[0m[2m:[0m incoming body completed
[2m2025-12-10T10:13:50.456810Z[0m [34mDEBUG[0m [2mhyper::client::pool[0m[2m:[0m pooling idle connection for ("http", 192.168.0.14:8545)
[2m2025-12-10T10:13:50.460146Z[0m [34mDEBUG[0m [2mhyper::proto::h1::io[0m[2m:[0m parsed 4 headers
[2m2025-12-10T10:13:50.460152Z[0m [34mDEBUG[0m [2mhyper::proto::h1::conn[0m[2m:[0m incoming body is content-length (647 bytes)
[2m2025-12-10T10:13:50.460164Z[0m [34mDEBUG[0m [2mhyper::proto::h1::conn[0m[2m:[0m incoming body completed
[2m2025-12-10T10:13:50.460169Z[0m [34mDEBUG[0m [2mhyper::client::pool[0m[2m:[0m pooling idle connection for ("http", 192.168.0.14:8545)
[2m2025-12-10T10:13:50.460173Z[0m [34mDEBUG[0m [2methereum_transaction_pool_monitor::eth_client[0m[2m:[0m 📡 Transaction fetch RPC completed in 18.126167ms
[2m2025-12-10T10:13:50.528064Z[0m [34mDEBUG[0m [2methereum_transaction_pool_monitor::eth_client[0m[2m:[0m ✅ Transaction 0x39d30089e126081189d5280270f6d434eca43102042ec455ceffac0dfa0ac96b fetched and parsed in 86.014292ms
[2m2025-12-10T10:13:50.528079Z[0m [34mDEBUG[0m [2methereum_transaction_pool_monitor::mempool_monitor[0m[2m:[0m 🔍 Skipping tx 0x39d30089e126081189d5280270f6d434eca43102042ec455ceffac0dfa0ac96b - not a DEX interaction (target: 0x663e1731C1dB5463F294E014A00D770F154C524a)
[2m2025-12-10T10:13:50.528086Z[0m [34mDEBUG[0m [2methereum_transaction_pool_monitor::mempool_monitor[0m[2m:[0m 📨 Processing new pending transaction: 0xc7d8c7cfe33002ee5a29c9ce3e873da3112bc4df6714a91a6143f33202336256
[2m2025-12-10T10:13:50.528089Z[0m [34mDEBUG[0m [2methereum_transaction_pool_monitor::mempool_monitor[0m[2m:[0m 🔍 Fetching transaction details for: 0xc7d8c7cfe33002ee5a29c9ce3e873da3112bc4df6714a91a6143f33202336256
[2m2025-12-10T10:13:50.528093Z[0m [34mDEBUG[0m [2methereum_transaction_pool_monitor::eth_client[0m[2m:[0m 🔍 Fetching transaction details for hash: 0xc7d8c7cfe33002ee5a29c9ce3e873da3112bc4df6714a91a6143f33202336256
[2m2025-12-10T10:13:50.528109Z[0m [34mDEBUG[0m [2mhyper::client::pool[0m[2m:[0m reuse idle connection for ("http", 192.168.0.14:8545)
[2m2025-12-10T10:13:50.528133Z[0m [34mDEBUG[0m [2mhyper::proto::h1::io[0m[2m:[0m flushed 250 bytes
[2m2025-12-10T10:13:50.528157Z[0m [34mDEBUG[0m [2mhyper::client::pool[0m[2m:[0m reuse idle connection for ("http", 192.168.0.14:8545)
[2m2025-12-10T10:13:50.528168Z[0m [34mDEBUG[0m [2mhyper::proto::h1::io[0m[2m:[0m flushed 172 bytes
[2m2025-12-10T10:13:50.742782Z[0m [34mDEBUG[0m [2mhyper::proto::h1::io[0m[2m:[0m parsed 4 headers
[2m2025-12-10T10:13:50.742802Z[0m [34mDEBUG[0m [2mhyper::proto::h1::conn[0m[2m:[0m incoming body is content-length (45 bytes)
[2m2025-12-10T10:13:50.742812Z[0m [34mDEBUG[0m [2mhyper::proto::h1::conn[0m[2m:[0m incoming body completed
[2m2025-12-10T10:13:50.742823Z[0m [34mDEBUG[0m [2mhyper::client::pool[0m[2m:[0m pooling idle connection for ("http", 192.168.0.14:8545)
[2m2025-12-10T10:13:50.742848Z[0m [34mDEBUG[0m [2mhyper::client::pool[0m[2m:[0m reuse idle connection for ("http", 192.168.0.14:8545)
[2m2025-12-10T10:13:50.742873Z[0m [34mDEBUG[0m [2mhyper::proto::h1::io[0m[2m:[0m flushed 172 bytes
[2m2025-12-10T10:13:50.743481Z[0m [34mDEBUG[0m [2mhyper::proto::h1::io[0m[2m:[0m parsed 4 headers
[2m2025-12-10T10:13:50.743488Z[0m [34mDEBUG[0m [2mhyper::proto::h1::conn[0m[2m:[0m incoming body is content-length (761 bytes)
[2m2025-12-10T10:13:50.743493Z[0m [34mDEBUG[0m [2mhyper::proto::h1::conn[0m[2m:[0m incoming body completed
[2m2025-12-10T10:13:50.743498Z[0m [34mDEBUG[0m [2mhyper::client::pool[0m[2m:[0m pooling idle connection for ("http", 192.168.0.14:8545)
[2m2025-12-10T10:13:50.743503Z[0m [34mDEBUG[0m [2methereum_transaction_pool_monitor::eth_client[0m[2m:[0m 📡 Transaction fetch RPC completed in 215.404917ms
[2m2025-12-10T10:13:50.743515Z[0m [34mDEBUG[0m [2methereum_transaction_pool_monitor::eth_client[0m[2m:[0m DeFi transaction detected - Address: 0xdac17f958d2ee523a2206206994597c13d831ec7, Type: Stablecoin, Value: 0 ETH, Gas: 0.25 Gwei
[2m2025-12-10T10:13:50.743527Z[0m [34mDEBUG[0m [2methereum_transaction_pool_monitor::eth_client[0m[2m:[0m ✅ Transaction 0xc7d8c7cfe33002ee5a29c9ce3e873da3112bc4df6714a91a6143f33202336256 fetched and parsed in 215.429667ms
[2m2025-12-10T10:13:50.743541Z[0m [34mDEBUG[0m [2methereum_transaction_pool_monitor::mempool_monitor[0m[2m:[0m 🔍 Skipping tx 0xc7d8c7cfe33002ee5a29c9ce3e873da3112bc4df6714a91a6143f33202336256 - not a DEX interaction (target: 0xdAC17F958D2ee523a2206206994597C13D831ec7)
[2m2025-12-10T10:13:50.743548Z[0m [34mDEBUG[0m [2methereum_transaction_pool_monitor::mempool_monitor[0m[2m:[0m 📨 Processing new pending transaction: 0x787f21e727faacb9cadee4ef9efbb333fe7207f90ffd0fe13f91684e9d0830fc
[2m2025-12-10T10:13:50.743551Z[0m [34mDEBUG[0m [2methereum_transaction_pool_monitor::mempool_monitor[0m[2m:[0m 🔍 Fetching transaction details for: 0x787f21e727faacb9cadee4ef9efbb333fe7207f90ffd0fe13f91684e9d0830fc
[2m2025-12-10T10:13:50.743553Z[0m [34mDEBUG[0m [2methereum_transaction_pool_monitor::eth_client[0m[2m:[0m 🔍 Fetching transaction details for hash: 0x787f21e727faacb9cadee4ef9efbb333fe7207f90ffd0fe13f91684e9d0830fc
[2m2025-12-10T10:13:50.743563Z[0m [34mDEBUG[0m [2mhyper::client::pool[0m[2m:[0m reuse idle connection for ("http", 192.168.0.14:8545)
[2m2025-12-10T10:13:50.743576Z[0m [34mDEBUG[0m [2mhyper::proto::h1::io[0m[2m:[0m flushed 250 bytes
[2m2025-12-10T10:13:50.751391Z[0m [34mDEBUG[0m [2mhyper::proto::h1::io[0m[2m:[0m parsed 4 headers
[2m2025-12-10T10:13:50.751399Z[0m [34mDEBUG[0m [2mhyper::proto::h1::conn[0m[2m:[0m incoming body is content-length (45 bytes)
[2m2025-12-10T10:13:50.751404Z[0m [34mDEBUG[0m [2mhyper::proto::h1::conn[0m[2m:[0m incoming body completed
[2m2025-12-10T10:13:50.751409Z[0m [34mDEBUG[0m [2mhyper::client::pool[0m[2m:[0m pooling idle connection for ("http", 192.168.0.14:8545)
[2m2025-12-10T10:13:50.751424Z[0m [34mDEBUG[0m [2mhyper::client::pool[0m[2m:[0m reuse idle connection for ("http", 192.168.0.14:8545)
[2m2025-12-10T10:13:50.751439Z[0m [34mDEBUG[0m [2mhyper::proto::h1::io[0m[2m:[0m flushed 172 bytes
[2m2025-12-10T10:13:50.758553Z[0m [34mDEBUG[0m [2mhyper::proto::h1::io[0m[2m:[0m parsed 4 headers
[2m2025-12-10T10:13:50.758559Z[0m [34mDEBUG[0m [2mhyper::proto::h1::conn[0m[2m:[0m incoming body is content-length (45 bytes)
[2m2025-12-10T10:13:50.758564Z[0m [34mDEBUG[0m [2mhyper::proto::h1::conn[0m[2m:[0m incoming body completed
[2m2025-12-10T10:13:50.758569Z[0m [34mDEBUG[0m [2mhyper::client::pool[0m[2m:[0m pooling idle connection for ("http", 192.168.0.14:8545)
[2m2025-12-10T10:13:50.799300Z[0m [34mDEBUG[0m [2mhyper::client::pool[0m[2m:[0m reuse idle connection for ("http", 192.168.0.14:8545)
[2m2025-12-10T10:13:50.799460Z[0m [34mDEBUG[0m [2mhyper::proto::h1::io[0m[2m:[0m flushed 172 bytes
[2m2025-12-10T10:13:50.811114Z[0m [34mDEBUG[0m [2mhyper::proto::h1::io[0m[2m:[0m parsed 4 headers
[2m2025-12-10T10:13:50.811125Z[0m [34mDEBUG[0m [2mhyper::proto::h1::conn[0m[2m:[0m incoming body is content-length (836 bytes)
[2m2025-12-10T10:13:50.811132Z[0m [34mDEBUG[0m [2mhyper::proto::h1::conn[0m[2m:[0m incoming body completed
[2m2025-12-10T10:13:50.811141Z[0m [34mDEBUG[0m [2mhyper::client::pool[0m[2m:[0m pooling idle connection for ("http", 192.168.0.14:8545)
[2m2025-12-10T10:13:50.811147Z[0m [34mDEBUG[0m [2methereum_transaction_pool_monitor::eth_client[0m[2m:[0m 📡 Transaction fetch RPC completed in 67.589875ms
[2m2025-12-10T10:13:50.880931Z[0m [34mDEBUG[0m [2methereum_transaction_pool_monitor::eth_client[0m[2m:[0m ✅ Transaction 0x787f21e727faacb9cadee4ef9efbb333fe7207f90ffd0fe13f91684e9d0830fc fetched and parsed in 137.37125ms
[2m2025-12-10T10:13:50.880957Z[0m [34mDEBUG[0m [2methereum_transaction_pool_monitor::mempool_monitor[0m[2m:[0m 🔍 Skipping tx 0x787f21e727faacb9cadee4ef9efbb333fe7207f90ffd0fe13f91684e9d0830fc - not a DEX interaction (target: 0xA0b86991c6218b36c1d19D4a2e9Eb0cE3606eB48)
[2m2025-12-10T10:13:50.880966Z[0m [34mDEBUG[0m [2methereum_transaction_pool_monitor::mempool_monitor[0m[2m:[0m 📨 Processing new pending transaction: 0x07737ed067dfa0a4c44dcffb40db7415c2cb42e7eedeb92c717d418de0f718ed
[2m2025-12-10T10:13:50.880981Z[0m [34mDEBUG[0m [2methereum_transaction_pool_monitor::mempool_monitor[0m[2m:[0m 🔍 Fetching transaction details for: 0x07737ed067dfa0a4c44dcffb40db7415c2cb42e7eedeb92c717d418de0f718ed
[2m2025-12-10T10:13:50.880984Z[0m [34mDEBUG[0m [2methereum_transaction_pool_monitor::eth_client[0m[2m:[0m 🔍 Fetching transaction details for hash: 0x07737ed067dfa0a4c44dcffb40db7415c2cb42e7eedeb92c717d418de0f718ed
[2m2025-12-10T10:13:50.881002Z[0m [34mDEBUG[0m [2mhyper::client::pool[0m[2m:[0m reuse idle connection for ("http", 192.168.0.14:8545)
[2m2025-12-10T10:13:50.881046Z[0m [34mDEBUG[0m [2mhyper::proto::h1::io[0m[2m:[0m flushed 250 bytes
[2m2025-12-10T10:13:50.881061Z[0m [34mDEBUG[0m [2mhyper::proto::h1::io[0m[2m:[0m parsed 4 headers
[2m2025-12-10T10:13:50.881065Z[0m [34mDEBUG[0m [2mhyper::proto::h1::conn[0m[2m:[0m incoming body is content-length (45 bytes)
[2m2025-12-10T10:13:50.881070Z[0m [34mDEBUG[0m [2mhyper::proto::h1::conn[0m[2m:[0m incoming body completed
[2m2025-12-10T10:13:50.881078Z[0m [34mDEBUG[0m [2mhyper::client::pool[0m[2m:[0m pooling idle connection for ("http", 192.168.0.14:8545)
[2m2025-12-10T10:13:50.899426Z[0m [34mDEBUG[0m [2mhyper::client::pool[0m[2m:[0m reuse idle connection for ("http", 192.168.0.14:8545)
[2m2025-12-10T10:13:50.899478Z[0m [34mDEBUG[0m [2mhyper::proto::h1::io[0m[2m:[0m flushed 172 bytes
[2m2025-12-10T10:13:50.948591Z[0m [34mDEBUG[0m [2mhyper::proto::h1::io[0m[2m:[0m parsed 4 headers
[2m2025-12-10T10:13:50.948612Z[0m [34mDEBUG[0m [2mhyper::proto::h1::conn[0m[2m:[0m incoming body is content-length (45 bytes)
[2m2025-12-10T10:13:50.948621Z[0m [34mDEBUG[0m [2mhyper::proto::h1::conn[0m[2m:[0m incoming body completed
[2m2025-12-10T10:13:50.948631Z[0m [34mDEBUG[0m [2mhyper::client::pool[0m[2m:[0m pooling idle connection for ("http", 192.168.0.14:8545)
[2m2025-12-10T10:13:50.960469Z[0m [34mDEBUG[0m [2mhyper::proto::h1::io[0m[2m:[0m parsed 4 headers
[2m2025-12-10T10:13:50.962205Z[0m [34mDEBUG[0m [2mhyper::proto::h1::conn[0m[2m:[0m incoming body is content-length (646 bytes)
[2m2025-12-10T10:13:50.962216Z[0m [34mDEBUG[0m [2mhyper::proto::h1::conn[0m[2m:[0m incoming body completed
[2m2025-12-10T10:13:50.962229Z[0m [34mDEBUG[0m [2mhyper::client::pool[0m[2m:[0m pooling idle connection for ("http", 192.168.0.14:8545)
[2m2025-12-10T10:13:50.962238Z[0m [34mDEBUG[0m [2methereum_transaction_pool_monitor::eth_client[0m[2m:[0m 📡 Transaction fetch RPC completed in 81.249667ms
[2m2025-12-10T10:13:51.072755Z[0m [34mDEBUG[0m [2methereum_transaction_pool_monitor::eth_client[0m[2m:[0m ✅ Transaction 0x07737ed067dfa0a4c44dcffb40db7415c2cb42e7eedeb92c717d418de0f718ed fetched and parsed in 191.763583ms
[2m2025-12-10T10:13:51.072781Z[0m [34mDEBUG[0m [2methereum_transaction_pool_monitor::mempool_monitor[0m[2m:[0m 🔍 Skipping tx 0x07737ed067dfa0a4c44dcffb40db7415c2cb42e7eedeb92c717d418de0f718ed - not a DEX interaction (target: 0x6133Bd6b9b19B4579945D87905790495F983c6Db)
[2m2025-12-10T10:13:51.072792Z[0m [34mDEBUG[0m [2methereum_transaction_pool_monitor::mempool_monitor[0m[2m:[0m 📨 Processing new pending transaction: 0xbed31f25907c0acba42eb85b93bc15669e8f33936b75bcffa56d096ebabfa97a
[2m2025-12-10T10:13:51.072797Z[0m [34mDEBUG[0m [2methereum_transaction_pool_monitor::mempool_monitor[0m[2m:[0m 🔍 Fetching transaction details for: 0xbed31f25907c0acba42eb85b93bc15669e8f33936b75bcffa56d096ebabfa97a
[2m2025-12-10T10:13:51.072802Z[0m [34mDEBUG[0m [2methereum_transaction_pool_monitor::eth_client[0m[2m:[0m 🔍 Fetching transaction details for hash: 0xbed31f25907c0acba42eb85b93bc15669e8f33936b75bcffa56d096ebabfa97a
[2m2025-12-10T10:13:51.072819Z[0m [34mDEBUG[0m [2mhyper::client::pool[0m[2m:[0m reuse idle connection for ("http", 192.168.0.14:8545)
[2m2025-12-10T10:13:51.072869Z[0m [34mDEBUG[0m [2mhyper::proto::h1::io[0m[2m:[0m flushed 250 bytes
[2m2025-12-10T10:13:51.072902Z[0m [34mDEBUG[0m [2mhyper::client::pool[0m[2m:[0m reuse idle connection for ("http", 192.168.0.14:8545)
[2m2025-12-10T10:13:51.072928Z[0m [34mDEBUG[0m [2mhyper::proto::h1::io[0m[2m:[0m flushed 172 bytes
[2m2025-12-10T10:13:51.121492Z[0m [34mDEBUG[0m [2mhyper::proto::h1::io[0m[2m:[0m parsed 4 headers
[2m2025-12-10T10:13:51.121513Z[0m [34mDEBUG[0m [2mhyper::proto::h1::conn[0m[2m:[0m incoming body is content-length (45 bytes)
[2m2025-12-10T10:13:51.121521Z[0m [34mDEBUG[0m [2mhyper::proto::h1::conn[0m[2m:[0m incoming body completed
[2m2025-12-10T10:13:51.121531Z[0m [34mDEBUG[0m [2mhyper::client::pool[0m[2m:[0m pooling idle connection for ("http", 192.168.0.14:8545)
[2m2025-12-10T10:13:51.121556Z[0m [34mDEBUG[0m [2mhyper::client::pool[0m[2m:[0m reuse idle connection for ("http", 192.168.0.14:8545)
[2m2025-12-10T10:13:51.121579Z[0m [34mDEBUG[0m [2mhyper::proto::h1::io[0m[2m:[0m flushed 172 bytes
[2m2025-12-10T10:13:51.127348Z[0m [34mDEBUG[0m [2mhyper::proto::h1::io[0m[2m:[0m parsed 4 headers
[2m2025-12-10T10:13:51.127363Z[0m [34mDEBUG[0m [2mhyper::proto::h1::conn[0m[2m:[0m incoming body is content-length (773 bytes)
[2m2025-12-10T10:13:51.127371Z[0m [34mDEBUG[0m [2mhyper::proto::h1::conn[0m[2m:[0m incoming body completed
[2m2025-12-10T10:13:51.127380Z[0m [34mDEBUG[0m [2mhyper::client::pool[0m[2m:[0m pooling idle connection for ("http", 192.168.0.14:8545)
[2m2025-12-10T10:13:51.127386Z[0m [34mDEBUG[0m [2methereum_transaction_pool_monitor::eth_client[0m[2m:[0m 📡 Transaction fetch RPC completed in 54.580209ms
[2m2025-12-10T10:13:51.127402Z[0m [34mDEBUG[0m [2methereum_transaction_pool_monitor::eth_client[0m[2m:[0m DeFi transaction detected - Address: 0xdac17f958d2ee523a2206206994597c13d831ec7, Type: Stablecoin, Value: 0 ETH, Gas: 1.65 Gwei
[2m2025-12-10T10:13:51.127413Z[0m [34mDEBUG[0m [2methereum_transaction_pool_monitor::eth_client[0m[2m:[0m ✅ Transaction 0xbed31f25907c0acba42eb85b93bc15669e8f33936b75bcffa56d096ebabfa97a fetched and parsed in 54.607167ms
[2m2025-12-10T10:13:51.127418Z[0m [34mDEBUG[0m [2methereum_transaction_pool_monitor::mempool_monitor[0m[2m:[0m 🔍 Skipping tx 0xbed31f25907c0acba42eb85b93bc15669e8f33936b75bcffa56d096ebabfa97a - not a DEX interaction (target: 0xdAC17F958D2ee523a2206206994597C13D831ec7)
[2m2025-12-10T10:13:51.127425Z[0m [34mDEBUG[0m [2methereum_transaction_pool_monitor::mempool_monitor[0m[2m:[0m 📨 Processing new pending transaction: 0x65a0872b15358ebc85bbbca909bf02dc5414d37af774d0d633e0b92fb8105a6e
[2m2025-12-10T10:13:51.127429Z[0m [34mDEBUG[0m [2methereum_transaction_pool_monitor::mempool_monitor[0m[2m:[0m 🔍 Fetching transaction details for: 0x65a0872b15358ebc85bbbca909bf02dc5414d37af774d0d633e0b92fb8105a6e
[2m2025-12-10T10:13:51.127431Z[0m [34mDEBUG[0m [2methereum_transaction_pool_monitor::eth_client[0m[2m:[0m 🔍 Fetching transaction details for hash: 0x65a0872b15358ebc85bbbca909bf02dc5414d37af774d0d633e0b92fb8105a6e
[2m2025-12-10T10:13:51.127444Z[0m [34mDEBUG[0m [2mhyper::client::pool[0m[2m:[0m reuse idle connection for ("http", 192.168.0.14:8545)
[2m2025-12-10T10:13:51.127462Z[0m [34mDEBUG[0m [2mhyper::proto::h1::io[0m[2m:[0m flushed 250 bytes
[2m2025-12-10T10:13:51.155514Z[0m [34mDEBUG[0m [2mhyper::proto::h1::io[0m[2m:[0m parsed 4 headers
[2m2025-12-10T10:13:51.155531Z[0m [34mDEBUG[0m [2mhyper::proto::h1::conn[0m[2m:[0m incoming body is content-length (45 bytes)
[2m2025-12-10T10:13:51.155537Z[0m [34mDEBUG[0m [2mhyper::proto::h1::conn[0m[2m:[0m incoming body completed
[2m2025-12-10T10:13:51.155547Z[0m [34mDEBUG[0m [2mhyper::client::pool[0m[2m:[0m pooling idle connection for ("http", 192.168.0.14:8545)
[2m2025-12-10T10:13:51.199271Z[0m [34mDEBUG[0m [2mhyper::client::pool[0m[2m:[0m reuse idle connection for ("http", 192.168.0.14:8545)
[2m2025-12-10T10:13:51.199317Z[0m [34mDEBUG[0m [2mhyper::proto::h1::io[0m[2m:[0m flushed 172 bytes
[2m2025-12-10T10:13:51.276396Z[0m [34mDEBUG[0m [2mhyper::proto::h1::io[0m[2m:[0m parsed 4 headers
[2m2025-12-10T10:13:51.276419Z[0m [34mDEBUG[0m [2mhyper::proto::h1::conn[0m[2m:[0m incoming body is content-length (762 bytes)
[2m2025-12-10T10:13:51.276428Z[0m [34mDEBUG[0m [2mhyper::proto::h1::conn[0m[2m:[0m incoming body completed
[2m2025-12-10T10:13:51.276440Z[0m [34mDEBUG[0m [2mhyper::client::pool[0m[2m:[0m pooling idle connection for ("http", 192.168.0.14:8545)
[2m2025-12-10T10:13:51.276447Z[0m [34mDEBUG[0m [2methereum_transaction_pool_monitor::eth_client[0m[2m:[0m 📡 Transaction fetch RPC completed in 149.011041ms
[2m2025-12-10T10:13:51.345153Z[0m [34mDEBUG[0m [2methereum_transaction_pool_monitor::eth_client[0m[2m:[0m ✅ Transaction 0x65a0872b15358ebc85bbbca909bf02dc5414d37af774d0d633e0b92fb8105a6e fetched and parsed in 217.716208ms
[2m2025-12-10T10:13:51.345169Z[0m [34mDEBUG[0m [2methereum_transaction_pool_monitor::mempool_monitor[0m[2m:[0m 🔍 Skipping tx 0x65a0872b15358ebc85bbbca909bf02dc5414d37af774d0d633e0b92fb8105a6e - not a DEX interaction (target: 0xd50370bEE8bFf23Bbb30ca558a1d0207DBc96ef2)
[2m2025-12-10T10:13:51.345177Z[0m [34mDEBUG[0m [2methereum_transaction_pool_monitor::mempool_monitor[0m[2m:[0m 📨 Processing new pending transaction: 0x126bf7590d918e632f6c6e00b7bbc091efbc8396ba73115f086e7992016ff41d
[2m2025-12-10T10:13:51.345181Z[0m [34mDEBUG[0m [2methereum_transaction_pool_monitor::mempool_monitor[0m[2m:[0m 🔍 Fetching transaction details for: 0x126bf7590d918e632f6c6e00b7bbc091efbc8396ba73115f086e7992016ff41d
[2m2025-12-10T10:13:51.345184Z[0m [34mDEBUG[0m [2methereum_transaction_pool_monitor::eth_client[0m[2m:[0m 🔍 Fetching transaction details for hash: 0x126bf7590d918e632f6c6e00b7bbc091efbc8396ba73115f086e7992016ff41d
[2m2025-12-10T10:13:51.345204Z[0m [34mDEBUG[0m [2mhyper::client::pool[0m[2m:[0m reuse idle connection for ("http", 192.168.0.14:8545)
[2m2025-12-10T10:13:51.345229Z[0m [34mDEBUG[0m [2mhyper::proto::h1::io[0m[2m:[0m flushed 250 bytes
[2m2025-12-10T10:13:51.345246Z[0m [34mDEBUG[0m [2mhyper::proto::h1::io[0m[2m:[0m parsed 4 headers
[2m2025-12-10T10:13:51.345249Z[0m [34mDEBUG[0m [2mhyper::proto::h1::conn[0m[2m:[0m incoming body is content-length (45 bytes)
[2m2025-12-10T10:13:51.345255Z[0m [34mDEBUG[0m [2mhyper::proto::h1::conn[0m[2m:[0m incoming body completed
[2m2025-12-10T10:13:51.345262Z[0m [34mDEBUG[0m [2mhyper::client::pool[0m[2m:[0m pooling idle connection for ("http", 192.168.0.14:8545)
[2m2025-12-10T10:13:51.345275Z[0m [34mDEBUG[0m [2mhyper::client::pool[0m[2m:[0m reuse idle connection for ("http", 192.168.0.14:8545)
[2m2025-12-10T10:13:51.345287Z[0m [34mDEBUG[0m [2mhyper::proto::h1::io[0m[2m:[0m flushed 172 bytes
[2m2025-12-10T10:13:51.434974Z[0m [34mDEBUG[0m [2methereum_transaction_pool_monitor::eth_client[0m[2m:[0m 📨 Received WebSocket message: {"jsonrpc":"2.0","method":"eth_subscription","params":{"subscription":"0xbed0a0851463e895960a451075a301a9","result":"0x5ebf6b0466e59fcadd8a0d42207da1870e3f5af36d347c0572df55ef6b83479d"}}
[2m2025-12-10T10:13:51.434993Z[0m [34mDEBUG[0m [2methereum_transaction_pool_monitor::eth_client[0m[2m:[0m 📨 Received pending transaction: 0x5ebf6b0466e59fcadd8a0d42207da1870e3f5af36d347c0572df55ef6b83479d
[2m2025-12-10T10:13:51.435016Z[0m [34mDEBUG[0m [2mhyper::proto::h1::io[0m[2m:[0m parsed 4 headers
[2m2025-12-10T10:13:51.435020Z[0m [34mDEBUG[0m [2mhyper::proto::h1::conn[0m[2m:[0m incoming body is content-length (45 bytes)
[2m2025-12-10T10:13:51.435028Z[0m [34mDEBUG[0m [2mhyper::proto::h1::conn[0m[2m:[0m incoming body completed
[2m2025-12-10T10:13:51.435039Z[0m [34mDEBUG[0m [2mhyper::client::pool[0m[2m:[0m pooling idle connection for ("http", 192.168.0.14:8545)
[2m2025-12-10T10:13:51.435063Z[0m [34mDEBUG[0m [2mhyper::client::pool[0m[2m:[0m reuse idle connection for ("http", 192.168.0.14:8545)
[2m2025-12-10T10:13:51.435083Z[0m [34mDEBUG[0m [2mhyper::proto::h1::io[0m[2m:[0m flushed 172 bytes
[2m2025-12-10T10:13:51.490864Z[0m [34mDEBUG[0m [2mhyper::proto::h1::io[0m[2m:[0m parsed 4 headers
[2m2025-12-10T10:13:51.490882Z[0m [34mDEBUG[0m [2mhyper::proto::h1::conn[0m[2m:[0m incoming body is content-length (1094 bytes)
[2m2025-12-10T10:13:51.490891Z[0m [34mDEBUG[0m [2mhyper::proto::h1::conn[0m[2m:[0m incoming body completed
[2m2025-12-10T10:13:51.490902Z[0m [34mDEBUG[0m [2mhyper::client::pool[0m[2m:[0m pooling idle connection for ("http", 192.168.0.14:8545)
[2m2025-12-10T10:13:51.490910Z[0m [34mDEBUG[0m [2methereum_transaction_pool_monitor::eth_client[0m[2m:[0m 📡 Transaction fetch RPC completed in 145.720834ms
[2m2025-12-10T10:13:51.571551Z[0m [34mDEBUG[0m [2methereum_transaction_pool_monitor::eth_client[0m[2m:[0m ✅ Transaction 0x126bf7590d918e632f6c6e00b7bbc091efbc8396ba73115f086e7992016ff41d fetched and parsed in 226.359209ms
[2m2025-12-10T10:13:51.571572Z[0m [34mDEBUG[0m [2methereum_transaction_pool_monitor::mempool_monitor[0m[2m:[0m 🔍 Skipping tx 0x126bf7590d918e632f6c6e00b7bbc091efbc8396ba73115f086e7992016ff41d - not a DEX interaction (target: 0x3E368B6C95c6fEfB7A16dCc0D756389F3c658a06)
[2m2025-12-10T10:13:51.571582Z[0m [34mDEBUG[0m [2methereum_transaction_pool_monitor::mempool_monitor[0m[2m:[0m 📨 Processing new pending transaction: 0xe50bf31003224986ebb44effea4ea9e4390ec499cc971c8b757b04987847c6db
[2m2025-12-10T10:13:51.571586Z[0m [34mDEBUG[0m [2methereum_transaction_pool_monitor::mempool_monitor[0m[2m:[0m 🔍 Fetching transaction details for: 0xe50bf31003224986ebb44effea4ea9e4390ec499cc971c8b757b04987847c6db
[2m2025-12-10T10:13:51.571589Z[0m [34mDEBUG[0m [2methereum_transaction_pool_monitor::eth_client[0m[2m:[0m 🔍 Fetching transaction details for hash: 0xe50bf31003224986ebb44effea4ea9e4390ec499cc971c8b757b04987847c6db
[2m2025-12-10T10:13:51.571611Z[0m [34mDEBUG[0m [2mhyper::client::pool[0m[2m:[0m reuse idle connection for ("http", 192.168.0.14:8545)
[2m2025-12-10T10:13:51.571660Z[0m [34mDEBUG[0m [2mhyper::proto::h1::io[0m[2m:[0m flushed 250 bytes
[2m2025-12-10T10:13:51.571679Z[0m [34mDEBUG[0m [2mhyper::proto::h1::io[0m[2m:[0m parsed 4 headers
[2m2025-12-10T10:13:51.571682Z[0m [34mDEBUG[0m [2mhyper::proto::h1::conn[0m[2m:[0m incoming body is content-length (45 bytes)
[2m2025-12-10T10:13:51.571688Z[0m [34mDEBUG[0m [2mhyper::proto::h1::conn[0m[2m:[0m incoming body completed
[2m2025-12-10T10:13:51.571695Z[0m [34mDEBUG[0m [2mhyper::client::pool[0m[2m:[0m pooling idle connection for ("http", 192.168.0.14:8545)
[2m2025-12-10T10:13:51.571711Z[0m [34mDEBUG[0m [2mhyper::client::pool[0m[2m:[0m reuse idle connection for ("http", 192.168.0.14:8545)
[2m2025-12-10T10:13:51.571726Z[0m [34mDEBUG[0m [2mhyper::proto::h1::io[0m[2m:[0m flushed 172 bytes
[2m2025-12-10T10:13:51.582355Z[0m [34mDEBUG[0m [2mhyper::proto::h1::io[0m[2m:[0m parsed 4 headers
[2m2025-12-10T10:13:51.582372Z[0m [34mDEBUG[0m [2mhyper::proto::h1::conn[0m[2m:[0m incoming body is content-length (45 bytes)
[2m2025-12-10T10:13:51.582380Z[0m [34mDEBUG[0m [2mhyper::proto::h1::conn[0m[2m:[0m incoming body completed
[2m2025-12-10T10:13:51.582391Z[0m [34mDEBUG[0m [2mhyper::client::pool[0m[2m:[0m pooling idle connection for ("http", 192.168.0.14:8545)
[2m2025-12-10T10:13:51.587503Z[0m [34mDEBUG[0m [2mhyper::proto::h1::io[0m[2m:[0m parsed 4 headers
[2m2025-12-10T10:13:51.587514Z[0m [34mDEBUG[0m [2mhyper::proto::h1::conn[0m[2m:[0m incoming body is content-length (766 bytes)
[2m2025-12-10T10:13:51.587521Z[0m [34mDEBUG[0m [2mhyper::proto::h1::conn[0m[2m:[0m incoming body completed
[2m2025-12-10T10:13:51.587533Z[0m [34mDEBUG[0m [2mhyper::client::pool[0m[2m:[0m pooling idle connection for ("http", 192.168.0.14:8545)
[2m2025-12-10T10:13:51.587540Z[0m [34mDEBUG[0m [2methereum_transaction_pool_monitor::eth_client[0m[2m:[0m 📡 Transaction fetch RPC completed in 15.947416ms
[2m2025-12-10T10:13:51.666870Z[0m [34mDEBUG[0m [2methereum_transaction_pool_monitor::eth_client[0m[2m:[0m ✅ Transaction 0xe50bf31003224986ebb44effea4ea9e4390ec499cc971c8b757b04987847c6db fetched and parsed in 95.273291ms
[2m2025-12-10T10:13:51.666914Z[0m [34mDEBUG[0m [2methereum_transaction_pool_monitor::mempool_monitor[0m[2m:[0m 🔍 Skipping tx 0xe50bf31003224986ebb44effea4ea9e4390ec499cc971c8b757b04987847c6db - not a DEX interaction (target: 0xA0b86991c6218b36c1d19D4a2e9Eb0cE3606eB48)
[2m2025-12-10T10:13:51.666924Z[0m [34mDEBUG[0m [2methereum_transaction_pool_monitor::mempool_monitor[0m[2m:[0m 📨 Processing new pending transaction: 0xd09137dadacce80fa3ad7484d24705027ee891acb6d0fc55afc3e7d80104ee07
[2m2025-12-10T10:13:51.666927Z[0m [34mDEBUG[0m [2methereum_transaction_pool_monitor::mempool_monitor[0m[2m:[0m 🔍 Fetching transaction details for: 0xd09137dadacce80fa3ad7484d24705027ee891acb6d0fc55afc3e7d80104ee07
[2m2025-12-10T10:13:51.666930Z[0m [34mDEBUG[0m [2methereum_transaction_pool_monitor::eth_client[0m[2m:[0m 🔍 Fetching transaction details for hash: 0xd09137dadacce80fa3ad7484d24705027ee891acb6d0fc55afc3e7d80104ee07
[2m2025-12-10T10:13:51.666954Z[0m [34mDEBUG[0m [2mhyper::client::pool[0m[2m:[0m reuse idle connection for ("http", 192.168.0.14:8545)
[2m2025-12-10T10:13:51.667014Z[0m [34mDEBUG[0m [2mhyper::proto::h1::io[0m[2m:[0m flushed 250 bytes
[2m2025-12-10T10:13:51.667044Z[0m [34mDEBUG[0m [2mhyper::client::pool[0m[2m:[0m reuse idle connection for ("http", 192.168.0.14:8545)
[2m2025-12-10T10:13:51.667061Z[0m [34mDEBUG[0m [2mhyper::proto::h1::io[0m[2m:[0m flushed 172 bytes
[2m2025-12-10T10:13:51.691615Z[0m [34mDEBUG[0m [2mhyper::proto::h1::io[0m[2m:[0m parsed 4 headers
[2m2025-12-10T10:13:51.691634Z[0m [34mDEBUG[0m [2mhyper::proto::h1::conn[0m[2m:[0m incoming body is content-length (45 bytes)
[2m2025-12-10T10:13:51.691644Z[0m [34mDEBUG[0m [2mhyper::proto::h1::conn[0m[2m:[0m incoming body completed
[2m2025-12-10T10:13:51.691655Z[0m [34mDEBUG[0m [2mhyper::client::pool[0m[2m:[0m pooling idle connection for ("http", 192.168.0.14:8545)
[2m2025-12-10T10:13:51.695866Z[0m [34mDEBUG[0m [2mhyper::proto::h1::io[0m[2m:[0m parsed 4 headers
[2m2025-12-10T10:13:51.695884Z[0m [34mDEBUG[0m [2mhyper::proto::h1::conn[0m[2m:[0m incoming body is content-length (770 bytes)
[2m2025-12-10T10:13:51.695895Z[0m [34mDEBUG[0m [2mhyper::proto::h1::conn[0m[2m:[0m incoming body completed
[2m2025-12-10T10:13:51.695908Z[0m [34mDEBUG[0m [2mhyper::client::pool[0m[2m:[0m pooling idle connection for ("http", 192.168.0.14:8545)
[2m2025-12-10T10:13:51.695917Z[0m [34mDEBUG[0m [2methereum_transaction_pool_monitor::eth_client[0m[2m:[0m 📡 Transaction fetch RPC completed in 28.982666ms
[2m2025-12-10T10:13:51.767813Z[0m [34mDEBUG[0m [2methereum_transaction_pool_monitor::eth_client[0m[2m:[0m ✅ Transaction 0xd09137dadacce80fa3ad7484d24705027ee891acb6d0fc55afc3e7d80104ee07 fetched and parsed in 100.875958ms
[2m2025-12-10T10:13:51.767839Z[0m [34mDEBUG[0m [2methereum_transaction_pool_monitor::mempool_monitor[0m[2m:[0m 🔍 Skipping tx 0xd09137dadacce80fa3ad7484d24705027ee891acb6d0fc55afc3e7d80104ee07 - not a DEX interaction (target: 0xA0b86991c6218b36c1d19D4a2e9Eb0cE3606eB48)
[2m2025-12-10T10:13:51.767848Z[0m [34mDEBUG[0m [2methereum_transaction_pool_monitor::mempool_monitor[0m[2m:[0m 📨 Processing new pending transaction: 0xc2f70a8a45114be0f54367f16018c64d9efe8e0156dca0418546870828fd47c2
[2m2025-12-10T10:13:51.767852Z[0m [34mDEBUG[0m [2methereum_transaction_pool_monitor::mempool_monitor[0m[2m:[0m 🔍 Fetching transaction details for: 0xc2f70a8a45114be0f54367f16018c64d9efe8e0156dca0418546870828fd47c2
[2m2025-12-10T10:13:51.767855Z[0m [34mDEBUG[0m [2methereum_transaction_pool_monitor::eth_client[0m[2m:[0m 🔍 Fetching transaction details for hash: 0xc2f70a8a45114be0f54367f16018c64d9efe8e0156dca0418546870828fd47c2
[2m2025-12-10T10:13:51.767877Z[0m [34mDEBUG[0m [2mhyper::client::pool[0m[2m:[0m reuse idle connection for ("http", 192.168.0.14:8545)
[2m2025-12-10T10:13:51.767942Z[0m [34mDEBUG[0m [2mhyper::proto::h1::io[0m[2m:[0m flushed 250 bytes
[2m2025-12-10T10:13:51.767970Z[0m [34mDEBUG[0m [2mhyper::client::pool[0m[2m:[0m reuse idle connection for ("http", 192.168.0.14:8545)
[2m2025-12-10T10:13:51.767984Z[0m [34mDEBUG[0m [2mhyper::proto::h1::io[0m[2m:[0m flushed 172 bytes
[2m2025-12-10T10:13:51.783133Z[0m [34mDEBUG[0m [2mhyper::proto::h1::io[0m[2m:[0m parsed 4 headers
[2m2025-12-10T10:13:51.783156Z[0m [34mDEBUG[0m [2mhyper::proto::h1::conn[0m[2m:[0m incoming body is content-length (45 bytes)
[2m2025-12-10T10:13:51.783166Z[0m [34mDEBUG[0m [2mhyper::proto::h1::conn[0m[2m:[0m incoming body completed
[2m2025-12-10T10:13:51.783178Z[0m [34mDEBUG[0m [2mhyper::client::pool[0m[2m:[0m pooling idle connection for ("http", 192.168.0.14:8545)
[2m2025-12-10T10:13:51.795308Z[0m [34mDEBUG[0m [2mhyper::proto::h1::io[0m[2m:[0m parsed 4 headers
[2m2025-12-10T10:13:51.795334Z[0m [34mDEBUG[0m [2mhyper::proto::h1::conn[0m[2m:[0m incoming body is content-length (1731 bytes)
[2m2025-12-10T10:13:51.795354Z[0m [34mDEBUG[0m [2methereum_transaction_pool_monitor::eth_client[0m[2m:[0m 📡 Transaction fetch RPC completed in 27.4955ms
[2m2025-12-10T10:13:51.798613Z[0m [34mDEBUG[0m [2mhyper::client::pool[0m[2m:[0m reuse idle connection for ("http", 192.168.0.14:8545)
[2m2025-12-10T10:13:51.798684Z[0m [34mDEBUG[0m [2mhyper::proto::h1::io[0m[2m:[0m flushed 172 bytes
[2m2025-12-10T10:13:51.799335Z[0m [34mDEBUG[0m [2mhyper::proto::h1::conn[0m[2m:[0m incoming body completed
[2m2025-12-10T10:13:51.799348Z[0m [34mDEBUG[0m [2mhyper::client::pool[0m[2m:[0m pooling idle connection for ("http", 192.168.0.14:8545)
[2m2025-12-10T10:13:51.801995Z[0m [34mDEBUG[0m [2mhyper::proto::h1::io[0m[2m:[0m parsed 4 headers
[2m2025-12-10T10:13:51.802005Z[0m [34mDEBUG[0m [2mhyper::proto::h1::conn[0m[2m:[0m incoming body is content-length (45 bytes)
[2m2025-12-10T10:13:51.802012Z[0m [34mDEBUG[0m [2mhyper::proto::h1::conn[0m[2m:[0m incoming body completed
[2m2025-12-10T10:13:51.802020Z[0m [34mDEBUG[0m [2mhyper::client::pool[0m[2m:[0m pooling idle connection for ("http", 192.168.0.14:8545)
[2m2025-12-10T10:13:51.869918Z[0m [34mDEBUG[0m [2methereum_transaction_pool_monitor::eth_client[0m[2m:[0m ✅ Transaction 0xc2f70a8a45114be0f54367f16018c64d9efe8e0156dca0418546870828fd47c2 fetched and parsed in 102.0555ms
[2m2025-12-10T10:13:51.869937Z[0m [34mDEBUG[0m [2methereum_transaction_pool_monitor::mempool_monitor[0m[2m:[0m 🔍 Skipping tx 0xc2f70a8a45114be0f54367f16018c64d9efe8e0156dca0418546870828fd47c2 - not a DEX interaction (target: 0x601a2aD6CB5949f0529735254189Ba3194221EDF)
[2m2025-12-10T10:13:51.869946Z[0m [34mDEBUG[0m [2methereum_transaction_pool_monitor::mempool_monitor[0m[2m:[0m 📨 Processing new pending transaction: 0xec4d1df28b8fd638db9cf4a803c9b64d5a668c4f3b50edf5008fc8edd6a5584a
[2m2025-12-10T10:13:51.869950Z[0m [34mDEBUG[0m [2methereum_transaction_pool_monitor::mempool_monitor[0m[2m:[0m 🔍 Fetching transaction details for: 0xec4d1df28b8fd638db9cf4a803c9b64d5a668c4f3b50edf5008fc8edd6a5584a
[2m2025-12-10T10:13:51.869953Z[0m [34mDEBUG[0m [2methereum_transaction_pool_monitor::eth_client[0m[2m:[0m 🔍 Fetching transaction details for hash: 0xec4d1df28b8fd638db9cf4a803c9b64d5a668c4f3b50edf5008fc8edd6a5584a
[2m2025-12-10T10:13:51.869974Z[0m [34mDEBUG[0m [2mhyper::client::pool[0m[2m:[0m reuse idle connection for ("http", 192.168.0.14:8545)
[2m2025-12-10T10:13:51.870028Z[0m [34mDEBUG[0m [2mhyper::proto::h1::io[0m[2m:[0m flushed 250 bytes
[2m2025-12-10T10:13:51.874506Z[0m [34mDEBUG[0m [2mhyper::proto::h1::io[0m[2m:[0m parsed 4 headers
[2m2025-12-10T10:13:51.874525Z[0m [34mDEBUG[0m [2mhyper::proto::h1::conn[0m[2m:[0m incoming body is content-length (554 bytes)
[2m2025-12-10T10:13:51.874534Z[0m [34mDEBUG[0m [2mhyper::proto::h1::conn[0m[2m:[0m incoming body completed
[2m2025-12-10T10:13:51.874553Z[0m [34mDEBUG[0m [2mhyper::client::pool[0m[2m:[0m pooling idle connection for ("http", 192.168.0.14:8545)
[2m2025-12-10T10:13:51.874561Z[0m [34mDEBUG[0m [2methereum_transaction_pool_monitor::eth_client[0m[2m:[0m 📡 Transaction fetch RPC completed in 4.605292ms
[2m2025-12-10T10:13:51.944526Z[0m [34mDEBUG[0m [2methereum_transaction_pool_monitor::eth_client[0m[2m:[0m ✅ Transaction 0xec4d1df28b8fd638db9cf4a803c9b64d5a668c4f3b50edf5008fc8edd6a5584a fetched and parsed in 74.567ms
[2m2025-12-10T10:13:51.944545Z[0m [34mDEBUG[0m [2methereum_transaction_pool_monitor::mempool_monitor[0m[2m:[0m 🔍 Skipping tx 0xec4d1df28b8fd638db9cf4a803c9b64d5a668c4f3b50edf5008fc8edd6a5584a - not a DEX interaction (target: 0xCBD6832Ebc203e49E2B771897067fce3c58575ac)
[2m2025-12-10T10:13:51.944554Z[0m [34mDEBUG[0m [2methereum_transaction_pool_monitor::mempool_monitor[0m[2m:[0m 📨 Processing new pending transaction: 0xd396f0160777a90e6f865be17908e5fae5b5f708e51e661fa0e1e3ec294e9a65
[2m2025-12-10T10:13:51.944558Z[0m [34mDEBUG[0m [2methereum_transaction_pool_monitor::mempool_monitor[0m[2m:[0m 🔍 Fetching transaction details for: 0xd396f0160777a90e6f865be17908e5fae5b5f708e51e661fa0e1e3ec294e9a65
[2m2025-12-10T10:13:51.944561Z[0m [34mDEBUG[0m [2methereum_transaction_pool_monitor::eth_client[0m[2m:[0m 🔍 Fetching transaction details for hash: 0xd396f0160777a90e6f865be17908e5fae5b5f708e51e661fa0e1e3ec294e9a65
[2m2025-12-10T10:13:51.944583Z[0m [34mDEBUG[0m [2mhyper::client::pool[0m[2m:[0m reuse idle connection for ("http", 192.168.0.14:8545)
[2m2025-12-10T10:13:51.944638Z[0m [34mDEBUG[0m [2mhyper::proto::h1::io[0m[2m:[0m flushed 250 bytes
[2m2025-12-10T10:13:51.944666Z[0m [34mDEBUG[0m [2mhyper::client::pool[0m[2m:[0m reuse idle connection for ("http", 192.168.0.14:8545)
[2m2025-12-10T10:13:51.944682Z[0m [34mDEBUG[0m [2mhyper::proto::h1::io[0m[2m:[0m flushed 172 bytes
[2m2025-12-10T10:13:51.949056Z[0m [34mDEBUG[0m [2mhyper::proto::h1::io[0m[2m:[0m parsed 4 headers
[2m2025-12-10T10:13:51.949068Z[0m [34mDEBUG[0m [2mhyper::proto::h1::conn[0m[2m:[0m incoming body is content-length (45 bytes)
[2m2025-12-10T10:13:51.949075Z[0m [34mDEBUG[0m [2mhyper::proto::h1::conn[0m[2m:[0m incoming body completed
[2m2025-12-10T10:13:51.949083Z[0m [34mDEBUG[0m [2mhyper::client::pool[0m[2m:[0m pooling idle connection for ("http", 192.168.0.14:8545)
[2m2025-12-10T10:13:51.999514Z[0m [34mDEBUG[0m [2mhyper::client::pool[0m[2m:[0m reuse idle connection for ("http", 192.168.0.14:8545)
[2m2025-12-10T10:13:51.999574Z[0m [34mDEBUG[0m [2mhyper::proto::h1::io[0m[2m:[0m flushed 172 bytes
[2m2025-12-10T10:13:56.448374Z[0m [34mDEBUG[0m [2mhyper::proto::h1::io[0m[2m:[0m parsed 4 headers
[2m2025-12-10T10:13:56.448436Z[0m [34mDEBUG[0m [2mhyper::proto::h1::conn[0m[2m:[0m incoming body is content-length (552 bytes)
[2m2025-12-10T10:13:56.448469Z[0m [34mDEBUG[0m [2mhyper::proto::h1::conn[0m[2m:[0m incoming body completed
[2m2025-12-10T10:13:56.448509Z[0m [34mDEBUG[0m [2mhyper::client::pool[0m[2m:[0m pooling idle connection for ("http", 192.168.0.14:8545)
[2m2025-12-10T10:13:56.448539Z[0m [34mDEBUG[0m [2methereum_transaction_pool_monitor::eth_client[0m[2m:[0m 📡 Transaction fetch RPC completed in 4.503934s
[2m2025-12-10T10:13:56.627767Z[0m [34mDEBUG[0m [2methereum_transaction_pool_monitor::eth_client[0m[2m:[0m ✅ Transaction 0xd396f0160777a90e6f865be17908e5fae5b5f708e51e661fa0e1e3ec294e9a65 fetched and parsed in 4.683157292s
[2m2025-12-10T10:13:56.627794Z[0m [34mDEBUG[0m [2methereum_transaction_pool_monitor::mempool_monitor[0m[2m:[0m 🔍 Skipping tx 0xd396f0160777a90e6f865be17908e5fae5b5f708e51e661fa0e1e3ec294e9a65 - not a DEX interaction (target: 0x5fE7e1F21b15a46AAb09198772101a9C56711069)
[2m2025-12-10T10:13:56.627805Z[0m [34mDEBUG[0m [2methereum_transaction_pool_monitor::mempool_monitor[0m[2m:[0m 📨 Processing new pending transaction: 0x61ddaf9f2771b2004161544f77114138ada7ebf500f3562bd214476761b9b53a
[2m2025-12-10T10:13:56.627815Z[0m [34mDEBUG[0m [2methereum_transaction_pool_monitor::mempool_monitor[0m[2m:[0m 🔍 Fetching transaction details for: 0x61ddaf9f2771b2004161544f77114138ada7ebf500f3562bd214476761b9b53a
[2m2025-12-10T10:13:56.627819Z[0m [34mDEBUG[0m [2methereum_transaction_pool_monitor::eth_client[0m[2m:[0m 🔍 Fetching transaction details for hash: 0x61ddaf9f2771b2004161544f77114138ada7ebf500f3562bd214476761b9b53a
[2m2025-12-10T10:13:56.627843Z[0m [34mDEBUG[0m [2mhyper::client::pool[0m[2m:[0m reuse idle connection for ("http", 192.168.0.14:8545)
[2m2025-12-10T10:13:56.627906Z[0m [34mDEBUG[0m [2mhyper::proto::h1::io[0m[2m:[0m flushed 250 bytes
[2m2025-12-10T10:13:56.627924Z[0m [34mDEBUG[0m [2mhyper::proto::h1::io[0m[2m:[0m parsed 4 headers
[2m2025-12-10T10:13:56.627930Z[0m [34mDEBUG[0m [2mhyper::proto::h1::conn[0m[2m:[0m incoming body is content-length (45 bytes)
[2m2025-12-10T10:13:56.627938Z[0m [34mDEBUG[0m [2mhyper::proto::h1::conn[0m[2m:[0m incoming body completed
[2m2025-12-10T10:13:56.627948Z[0m [34mDEBUG[0m [2mhyper::client::pool[0m[2m:[0m pooling idle connection for ("http", 192.168.0.14:8545)
[2m2025-12-10T10:13:56.627967Z[0m [34mDEBUG[0m [2mhyper::client::pool[0m[2m:[0m reuse idle connection for ("http", 192.168.0.14:8545)
[2m2025-12-10T10:13:56.627983Z[0m [34mDEBUG[0m [2mhyper::proto::h1::io[0m[2m:[0m flushed 172 bytes
[2m2025-12-10T10:13:56.670574Z[0m [34mDEBUG[0m [2mhyper::proto::h1::io[0m[2m:[0m parsed 4 headers
[2m2025-12-10T10:13:56.670599Z[0m [34mDEBUG[0m [2mhyper::proto::h1::conn[0m[2m:[0m incoming body is content-length (45 bytes)
[2m2025-12-10T10:13:56.670609Z[0m [34mDEBUG[0m [2mhyper::proto::h1::conn[0m[2m:[0m incoming body completed
[2m2025-12-10T10:13:56.670622Z[0m [34mDEBUG[0m [2mhyper::client::pool[0m[2m:[0m pooling idle connection for ("http", 192.168.0.14:8545)
[2m2025-12-10T10:13:56.670656Z[0m [34mDEBUG[0m [2mhyper::client::pool[0m[2m:[0m reuse idle connection for ("http", 192.168.0.14:8545)
[2m2025-12-10T10:13:56.670696Z[0m [34mDEBUG[0m [2mhyper::proto::h1::io[0m[2m:[0m flushed 172 bytes
[2m2025-12-10T10:13:56.779160Z[0m [34mDEBUG[0m [2mhyper::proto::h1::io[0m[2m:[0m parsed 4 headers
[2m2025-12-10T10:13:56.779184Z[0m [34mDEBUG[0m [2mhyper::proto::h1::conn[0m[2m:[0m incoming body is content-length (828 bytes)
[2m2025-12-10T10:13:56.779193Z[0m [34mDEBUG[0m [2mhyper::proto::h1::conn[0m[2m:[0m incoming body completed
[2m2025-12-10T10:13:56.779206Z[0m [34mDEBUG[0m [2mhyper::client::pool[0m[2m:[0m pooling idle connection for ("http", 192.168.0.14:8545)
[2m2025-12-10T10:13:56.779214Z[0m [34mDEBUG[0m [2methereum_transaction_pool_monitor::eth_client[0m[2m:[0m 📡 Transaction fetch RPC completed in 151.390042ms
[2m2025-12-10T10:13:56.851121Z[0m [34mDEBUG[0m [2methereum_transaction_pool_monitor::eth_client[0m[2m:[0m ✅ Transaction 0x61ddaf9f2771b2004161544f77114138ada7ebf500f3562bd214476761b9b53a fetched and parsed in 223.293584ms
[2m2025-12-10T10:13:56.851153Z[0m [34mDEBUG[0m [2methereum_transaction_pool_monitor::mempool_monitor[0m[2m:[0m 🔍 Skipping tx 0x61ddaf9f2771b2004161544f77114138ada7ebf500f3562bd214476761b9b53a - not a DEX interaction (target: 0xDDaef92FA7888eb8A8a684F72F5e8e9Ee6045490)
[2m2025-12-10T10:13:56.851162Z[0m [34mDEBUG[0m [2methereum_transaction_pool_monitor::mempool_monitor[0m[2m:[0m 📨 Processing new pending transaction: 0x8d96893399033acab06f5cf74942e661dc3a9239aac0334973aeb53ce332dbd6
[2m2025-12-10T10:13:56.851168Z[0m [34mDEBUG[0m [2methereum_transaction_pool_monitor::mempool_monitor[0m[2m:[0m 🔍 Fetching transaction details for: 0x8d96893399033acab06f5cf74942e661dc3a9239aac0334973aeb53ce332dbd6
[2m2025-12-10T10:13:56.851171Z[0m [34mDEBUG[0m [2methereum_transaction_pool_monitor::eth_client[0m[2m:[0m 🔍 Fetching transaction details for hash: 0x8d96893399033acab06f5cf74942e661dc3a9239aac0334973aeb53ce332dbd6
[2m2025-12-10T10:13:56.851205Z[0m [34mDEBUG[0m [2mhyper::client::pool[0m[2m:[0m reuse idle connection for ("http", 192.168.0.14:8545)
[2m2025-12-10T10:13:56.851269Z[0m [34mDEBUG[0m [2mhyper::proto::h1::io[0m[2m:[0m flushed 250 bytes
[2m2025-12-10T10:13:56.851297Z[0m [34mDEBUG[0m [2methereum_transaction_pool_monitor::eth_client[0m[2m:[0m 📨 Received WebSocket message: {"jsonrpc":"2.0","method":"eth_subscription","params":{"subscription":"0xbed0a0851463e895960a451075a301a9","result":"0x58d32d4aeeb2e14837f69de0696e865b82b6b8246e1cc937f1bf641d06685b43"}}
[2m2025-12-10T10:13:56.851305Z[0m [34mDEBUG[0m [2methereum_transaction_pool_monitor::eth_client[0m[2m:[0m 📨 Received pending transaction: 0x58d32d4aeeb2e14837f69de0696e865b82b6b8246e1cc937f1bf641d06685b43
[2m2025-12-10T10:13:56.851309Z[0m [32m INFO[0m [2methereum_transaction_pool_monitor::eth_client[0m[2m:[0m 📊 WebSocket stats - Total: 4690 transactions, Rate: 13.1 tx/s
[2m2025-12-10T10:13:56.851343Z[0m [34mDEBUG[0m [2mhyper::proto::h1::io[0m[2m:[0m parsed 4 headers
[2m2025-12-10T10:13:56.851347Z[0m [34mDEBUG[0m [2mhyper::proto::h1::conn[0m[2m:[0m incoming body is content-length (45 bytes)
[2m2025-12-10T10:13:56.851354Z[0m [34mDEBUG[0m [2mhyper::proto::h1::conn[0m[2m:[0m incoming body completed
[2m2025-12-10T10:13:56.851362Z[0m [34mDEBUG[0m [2mhyper::client::pool[0m[2m:[0m pooling idle connection for ("http", 192.168.0.14:8545)
[2m2025-12-10T10:13:56.851380Z[0m [34mDEBUG[0m [2mhyper::client::pool[0m[2m:[0m reuse idle connection for ("http", 192.168.0.14:8545)
[2m2025-12-10T10:13:56.851395Z[0m [34mDEBUG[0m [2mhyper::proto::h1::io[0m[2m:[0m flushed 172 bytes
[2m2025-12-10T10:13:57.184224Z[0m [34mDEBUG[0m [2mhyper::proto::h1::io[0m[2m:[0m parsed 4 headers
[2m2025-12-10T10:13:57.184323Z[0m [34mDEBUG[0m [2mhyper::proto::h1::conn[0m[2m:[0m incoming body is content-length (45 bytes)
[2m2025-12-10T10:13:57.184354Z[0m [34mDEBUG[0m [2mhyper::proto::h1::conn[0m[2m:[0m incoming body completed
[2m2025-12-10T10:13:57.184390Z[0m [34mDEBUG[0m [2mhyper::client::pool[0m[2m:[0m pooling idle connection for ("http", 192.168.0.14:8545)
[2m2025-12-10T10:13:57.184479Z[0m [34mDEBUG[0m [2mhyper::client::pool[0m[2m:[0m reuse idle connection for ("http", 192.168.0.14:8545)
[2m2025-12-10T10:13:57.184579Z[0m [34mDEBUG[0m [2mhyper::proto::h1::io[0m[2m:[0m flushed 172 bytes
[2m2025-12-10T10:13:57.202339Z[0m [34mDEBUG[0m [2mhyper::proto::h1::io[0m[2m:[0m parsed 4 headers
[2m2025-12-10T10:13:57.202358Z[0m [34mDEBUG[0m [2mhyper::proto::h1::conn[0m[2m:[0m incoming body is content-length (647 bytes)
[2m2025-12-10T10:13:57.202371Z[0m [34mDEBUG[0m [2mhyper::proto::h1::conn[0m[2m:[0m incoming body completed
[2m2025-12-10T10:13:57.202386Z[0m [34mDEBUG[0m [2mhyper::client::pool[0m[2m:[0m pooling idle connection for ("http", 192.168.0.14:8545)
[2m2025-12-10T10:13:57.202397Z[0m [34mDEBUG[0m [2methereum_transaction_pool_monitor::eth_client[0m[2m:[0m 📡 Transaction fetch RPC completed in 351.208625ms
[2m2025-12-10T10:13:57.278330Z[0m [34mDEBUG[0m [2methereum_transaction_pool_monitor::eth_client[0m[2m:[0m ✅ Transaction 0x8d96893399033acab06f5cf74942e661dc3a9239aac0334973aeb53ce332dbd6 fetched and parsed in 427.138167ms
[2m2025-12-10T10:13:57.278356Z[0m [34mDEBUG[0m [2methereum_transaction_pool_monitor::mempool_monitor[0m[2m:[0m 🔍 Skipping tx 0x8d96893399033acab06f5cf74942e661dc3a9239aac0334973aeb53ce332dbd6 - not a DEX interaction (target: 0x751ed103C9EDe2b8866ed9b67071f0EB2112e596)
[2m2025-12-10T10:13:57.278366Z[0m [34mDEBUG[0m [2methereum_transaction_pool_monitor::mempool_monitor[0m[2m:[0m 📨 Processing new pending transaction: 0x9f52c4385d31c9ad059da86f79ec3af7534f8567626d02ffa000ac5d0ebde91f
[2m2025-12-10T10:13:57.278371Z[0m [34mDEBUG[0m [2methereum_transaction_pool_monitor::mempool_monitor[0m[2m:[0m 🔍 Fetching transaction details for: 0x9f52c4385d31c9ad059da86f79ec3af7534f8567626d02ffa000ac5d0ebde91f
[2m2025-12-10T10:13:57.278384Z[0m [34mDEBUG[0m [2methereum_transaction_pool_monitor::eth_client[0m[2m:[0m 🔍 Fetching transaction details for hash: 0x9f52c4385d31c9ad059da86f79ec3af7534f8567626d02ffa000ac5d0ebde91f
[2m2025-12-10T10:13:57.278408Z[0m [34mDEBUG[0m [2mhyper::client::pool[0m[2m:[0m reuse idle connection for ("http", 192.168.0.14:8545)
[2m2025-12-10T10:13:57.278470Z[0m [34mDEBUG[0m [2mhyper::proto::h1::io[0m[2m:[0m flushed 250 bytes
[2m2025-12-10T10:13:57.278486Z[0m [34mDEBUG[0m [2mhyper::proto::h1::io[0m[2m:[0m parsed 4 headers
[2m2025-12-10T10:13:57.278489Z[0m [34mDEBUG[0m [2mhyper::proto::h1::conn[0m[2m:[0m incoming body is content-length (45 bytes)
[2m2025-12-10T10:13:57.278496Z[0m [34mDEBUG[0m [2mhyper::proto::h1::conn[0m[2m:[0m incoming body completed
[2m2025-12-10T10:13:57.278505Z[0m [34mDEBUG[0m [2mhyper::client::pool[0m[2m:[0m pooling idle connection for ("http", 192.168.0.14:8545)
[2m2025-12-10T10:13:57.278522Z[0m [34mDEBUG[0m [2mhyper::client::pool[0m[2m:[0m reuse idle connection for ("http", 192.168.0.14:8545)
[2m2025-12-10T10:13:57.278540Z[0m [34mDEBUG[0m [2mhyper::proto::h1::io[0m[2m:[0m flushed 172 bytes
[2m2025-12-10T10:13:57.343247Z[0m [34mDEBUG[0m [2mhyper::proto::h1::io[0m[2m:[0m parsed 4 headers
[2m2025-12-10T10:13:57.343276Z[0m [34mDEBUG[0m [2mhyper::proto::h1::conn[0m[2m:[0m incoming body is content-length (45 bytes)
[2m2025-12-10T10:13:57.343288Z[0m [34mDEBUG[0m [2mhyper::proto::h1::conn[0m[2m:[0m incoming body completed
[2m2025-12-10T10:13:57.343303Z[0m [34mDEBUG[0m [2mhyper::client::pool[0m[2m:[0m pooling idle connection for ("http", 192.168.0.14:8545)
[2m2025-12-10T10:13:57.343336Z[0m [34mDEBUG[0m [2mhyper::client::pool[0m[2m:[0m reuse idle connection for ("http", 192.168.0.14:8545)
[2m2025-12-10T10:13:57.343360Z[0m [34mDEBUG[0m [2mhyper::proto::h1::io[0m[2m:[0m flushed 172 bytes
[2m2025-12-10T10:13:57.375912Z[0m [34mDEBUG[0m [2mhyper::proto::h1::io[0m[2m:[0m parsed 4 headers
[2m2025-12-10T10:13:57.375928Z[0m [34mDEBUG[0m [2mhyper::proto::h1::conn[0m[2m:[0m incoming body is content-length (45 bytes)
[2m2025-12-10T10:13:57.375937Z[0m [34mDEBUG[0m [2mhyper::proto::h1::conn[0m[2m:[0m incoming body completed
[2m2025-12-10T10:13:57.375947Z[0m [34mDEBUG[0m [2mhyper::client::pool[0m[2m:[0m pooling idle connection for ("http", 192.168.0.14:8545)
[2m2025-12-10T10:13:57.375973Z[0m [34mDEBUG[0m [2mhyper::client::pool[0m[2m:[0m reuse idle connection for ("http", 192.168.0.14:8545)
[2m2025-12-10T10:13:57.375993Z[0m [34mDEBUG[0m [2mhyper::proto::h1::io[0m[2m:[0m flushed 172 bytes
[2m2025-12-10T10:13:57.377132Z[0m [34mDEBUG[0m [2mhyper::proto::h1::io[0m[2m:[0m parsed 4 headers
[2m2025-12-10T10:13:57.377136Z[0m [34mDEBUG[0m [2mhyper::proto::h1::conn[0m[2m:[0m incoming body is content-length (772 bytes)
[2m2025-12-10T10:13:57.377140Z[0m [34mDEBUG[0m [2mhyper::proto::h1::conn[0m[2m:[0m incoming body completed
[2m2025-12-10T10:13:57.377146Z[0m [34mDEBUG[0m [2mhyper::client::pool[0m[2m:[0m pooling idle connection for ("http", 192.168.0.14:8545)
[2m2025-12-10T10:13:57.377149Z[0m [34mDEBUG[0m [2methereum_transaction_pool_monitor::eth_client[0m[2m:[0m 📡 Transaction fetch RPC completed in 98.760542ms
[2m2025-12-10T10:13:57.377162Z[0m [34mDEBUG[0m [2methereum_transaction_pool_monitor::eth_client[0m[2m:[0m DeFi transaction detected - Address: 0xdac17f958d2ee523a2206206994597c13d831ec7, Type: Stablecoin, Value: 0 ETH, Gas: 12.00 Gwei
[2m2025-12-10T10:13:57.377173Z[0m [34mDEBUG[0m [2methereum_transaction_pool_monitor::eth_client[0m[2m:[0m ✅ Transaction 0x9f52c4385d31c9ad059da86f79ec3af7534f8567626d02ffa000ac5d0ebde91f fetched and parsed in 98.784125ms
[2m2025-12-10T10:13:57.377177Z[0m [34mDEBUG[0m [2methereum_transaction_pool_monitor::mempool_monitor[0m[2m:[0m 🔍 Skipping tx 0x9f52c4385d31c9ad059da86f79ec3af7534f8567626d02ffa000ac5d0ebde91f - not a DEX interaction (target: 0xdAC17F958D2ee523a2206206994597C13D831ec7)
[2m2025-12-10T10:13:57.377191Z[0m [34mDEBUG[0m [2methereum_transaction_pool_monitor::mempool_monitor[0m[2m:[0m 📨 Processing new pending transaction: 0x520d71b477be8dc7aada74c61c02ca42c5399d38461712d4d2984259000b1038
[2m2025-12-10T10:13:57.377194Z[0m [34mDEBUG[0m [2methereum_transaction_pool_monitor::mempool_monitor[0m[2m:[0m 🔍 Fetching transaction details for: 0x520d71b477be8dc7aada74c61c02ca42c5399d38461712d4d2984259000b1038
[2m2025-12-10T10:13:57.377196Z[0m [34mDEBUG[0m [2methereum_transaction_pool_monitor::eth_client[0m[2m:[0m 🔍 Fetching transaction details for hash: 0x520d71b477be8dc7aada74c61c02ca42c5399d38461712d4d2984259000b1038
[2m2025-12-10T10:13:57.377204Z[0m [34mDEBUG[0m [2mhyper::client::pool[0m[2m:[0m reuse idle connection for ("http", 192.168.0.14:8545)
[2m2025-12-10T10:13:57.377219Z[0m [34mDEBUG[0m [2mhyper::proto::h1::io[0m[2m:[0m flushed 250 bytes
[2m2025-12-10T10:13:57.399458Z[0m [34mDEBUG[0m [2mhyper::proto::h1::io[0m[2m:[0m parsed 4 headers
[2m2025-12-10T10:13:57.399499Z[0m [34mDEBUG[0m [2mhyper::proto::h1::conn[0m[2m:[0m incoming body is content-length (45 bytes)
[2m2025-12-10T10:13:57.399508Z[0m [34mDEBUG[0m [2mhyper::proto::h1::conn[0m[2m:[0m incoming body completed
[2m2025-12-10T10:13:57.399521Z[0m [34mDEBUG[0m [2mhyper::client::pool[0m[2m:[0m pooling idle connection for ("http", 192.168.0.14:8545)
[2m2025-12-10T10:13:57.399548Z[0m [34mDEBUG[0m [2mhyper::client::pool[0m[2m:[0m reuse idle connection for ("http", 192.168.0.14:8545)
[2m2025-12-10T10:13:57.399569Z[0m [34mDEBUG[0m [2mhyper::proto::h1::io[0m[2m:[0m flushed 172 bytes
[2m2025-12-10T10:13:57.405030Z[0m [34mDEBUG[0m [2mhyper::proto::h1::io[0m[2m:[0m parsed 4 headers
[2m2025-12-10T10:13:57.405034Z[0m [34mDEBUG[0m [2mhyper::proto::h1::conn[0m[2m:[0m incoming body is content-length (772 bytes)
[2m2025-12-10T10:13:57.405039Z[0m [34mDEBUG[0m [2mhyper::proto::h1::conn[0m[2m:[0m incoming body completed
[2m2025-12-10T10:13:57.405044Z[0m [34mDEBUG[0m [2mhyper::client::pool[0m[2m:[0m pooling idle connection for ("http", 192.168.0.14:8545)
[2m2025-12-10T10:13:57.405048Z[0m [34mDEBUG[0m [2methereum_transaction_pool_monitor::eth_client[0m[2m:[0m 📡 Transaction fetch RPC completed in 27.848375ms
[2m2025-12-10T10:13:57.475819Z[0m [34mDEBUG[0m [2methereum_transaction_pool_monitor::eth_client[0m[2m:[0m ✅ Transaction 0x520d71b477be8dc7aada74c61c02ca42c5399d38461712d4d2984259000b1038 fetched and parsed in 98.617209ms
[2m2025-12-10T10:13:57.475836Z[0m [34mDEBUG[0m [2methereum_transaction_pool_monitor::mempool_monitor[0m[2m:[0m 🔍 Skipping tx 0x520d71b477be8dc7aada74c61c02ca42c5399d38461712d4d2984259000b1038 - not a DEX interaction (target: 0xA0b86991c6218b36c1d19D4a2e9Eb0cE3606eB48)
[2m2025-12-10T10:13:57.475845Z[0m [34mDEBUG[0m [2methereum_transaction_pool_monitor::mempool_monitor[0m[2m:[0m 📨 Processing new pending transaction: 0xa2343a30f58268dc4dc787c0dbeca3ea292d6753da6ae527ee04ad238cab9efe
[2m2025-12-10T10:13:57.475849Z[0m [34mDEBUG[0m [2methereum_transaction_pool_monitor::mempool_monitor[0m[2m:[0m 🔍 Fetching transaction details for: 0xa2343a30f58268dc4dc787c0dbeca3ea292d6753da6ae527ee04ad238cab9efe
[2m2025-12-10T10:13:57.475852Z[0m [34mDEBUG[0m [2methereum_transaction_pool_monitor::eth_client[0m[2m:[0m 🔍 Fetching transaction details for hash: 0xa2343a30f58268dc4dc787c0dbeca3ea292d6753da6ae527ee04ad238cab9efe
[2m2025-12-10T10:13:57.475873Z[0m [34mDEBUG[0m [2mhyper::client::pool[0m[2m:[0m reuse idle connection for ("http", 192.168.0.14:8545)
[2m2025-12-10T10:13:57.475899Z[0m [34mDEBUG[0m [2mhyper::proto::h1::io[0m[2m:[0m flushed 250 bytes
[2m2025-12-10T10:13:57.475913Z[0m [34mDEBUG[0m [2mhyper::proto::h1::io[0m[2m:[0m parsed 4 headers
[2m2025-12-10T10:13:57.475917Z[0m [34mDEBUG[0m [2mhyper::proto::h1::conn[0m[2m:[0m incoming body is content-length (45 bytes)
[2m2025-12-10T10:13:57.475923Z[0m [34mDEBUG[0m [2mhyper::proto::h1::conn[0m[2m:[0m incoming body completed
[2m2025-12-10T10:13:57.475937Z[0m [34mDEBUG[0m [2mhyper::client::pool[0m[2m:[0m pooling idle connection for ("http", 192.168.0.14:8545)
[2m2025-12-10T10:13:57.475952Z[0m [34mDEBUG[0m [2mhyper::client::pool[0m[2m:[0m reuse idle connection for ("http", 192.168.0.14:8545)
[2m2025-12-10T10:13:57.475965Z[0m [34mDEBUG[0m [2mhyper::proto::h1::io[0m[2m:[0m flushed 172 bytes
[2m2025-12-10T10:13:57.478412Z[0m [34mDEBUG[0m [2methereum_transaction_pool_monitor::eth_client[0m[2m:[0m 📨 Received WebSocket message: {"jsonrpc":"2.0","method":"eth_subscription","params":{"subscription":"0xbed0a0851463e895960a451075a301a9","result":"0x07a9048047038e69a84f81bcbf5c732616abf3d6bd3cb93707b8cf841d096089"}}
[2m2025-12-10T10:13:57.478420Z[0m [34mDEBUG[0m [2methereum_transaction_pool_monitor::eth_client[0m[2m:[0m 📨 Received pending transaction: 0x07a9048047038e69a84f81bcbf5c732616abf3d6bd3cb93707b8cf841d096089
[2m2025-12-10T10:13:57.585466Z[0m [34mDEBUG[0m [2mhyper::proto::h1::io[0m[2m:[0m parsed 4 headers
[2m2025-12-10T10:13:57.585482Z[0m [34mDEBUG[0m [2mhyper::proto::h1::conn[0m[2m:[0m incoming body is content-length (45 bytes)
[2m2025-12-10T10:13:57.585489Z[0m [34mDEBUG[0m [2mhyper::proto::h1::conn[0m[2m:[0m incoming body completed
[2m2025-12-10T10:13:57.585500Z[0m [34mDEBUG[0m [2mhyper::client::pool[0m[2m:[0m pooling idle connection for ("http", 192.168.0.14:8545)
[2m2025-12-10T10:13:57.585525Z[0m [34mDEBUG[0m [2mhyper::client::pool[0m[2m:[0m reuse idle connection for ("http", 192.168.0.14:8545)
[2m2025-12-10T10:13:57.585556Z[0m [34mDEBUG[0m [2mhyper::proto::h1::io[0m[2m:[0m flushed 172 bytes
[2m2025-12-10T10:13:57.616711Z[0m [34mDEBUG[0m [2mhyper::proto::h1::io[0m[2m:[0m parsed 4 headers
[2m2025-12-10T10:13:57.616718Z[0m [34mDEBUG[0m [2mhyper::proto::h1::conn[0m[2m:[0m incoming body is content-length (45 bytes)
[2m2025-12-10T10:13:57.616726Z[0m [34mDEBUG[0m [2mhyper::proto::h1::conn[0m[2m:[0m incoming body completed
[2m2025-12-10T10:13:57.616733Z[0m [34mDEBUG[0m [2mhyper::client::pool[0m[2m:[0m pooling idle connection for ("http", 192.168.0.14:8545)
[2m2025-12-10T10:13:57.616752Z[0m [34mDEBUG[0m [2mhyper::client::pool[0m[2m:[0m reuse idle connection for ("http", 192.168.0.14:8545)
[2m2025-12-10T10:13:57.616771Z[0m [34mDEBUG[0m [2mhyper::proto::h1::io[0m[2m:[0m flushed 172 bytes
[2m2025-12-10T10:13:57.649454Z[0m [34mDEBUG[0m [2mhyper::proto::h1::io[0m[2m:[0m parsed 4 headers
[2m2025-12-10T10:13:57.649460Z[0m [34mDEBUG[0m [2mhyper::proto::h1::conn[0m[2m:[0m incoming body is content-length (770 bytes)
[2m2025-12-10T10:13:57.649465Z[0m [34mDEBUG[0m [2mhyper::proto::h1::conn[0m[2m:[0m incoming body completed
[2m2025-12-10T10:13:57.649472Z[0m [34mDEBUG[0m [2mhyper::client::pool[0m[2m:[0m pooling idle connection for ("http", 192.168.0.14:8545)
[2m2025-12-10T10:13:57.649477Z[0m [34mDEBUG[0m [2methereum_transaction_pool_monitor::eth_client[0m[2m:[0m 📡 Transaction fetch RPC completed in 173.620333ms
[2m2025-12-10T10:13:57.649492Z[0m [34mDEBUG[0m [2methereum_transaction_pool_monitor::eth_client[0m[2m:[0m DeFi transaction detected - Address: 0xdac17f958d2ee523a2206206994597c13d831ec7, Type: Stablecoin, Value: 0 ETH, Gas: 0.29 Gwei
[2m2025-12-10T10:13:57.649505Z[0m [34mDEBUG[0m [2methereum_transaction_pool_monitor::eth_client[0m[2m:[0m ✅ Transaction 0xa2343a30f58268dc4dc787c0dbeca3ea292d6753da6ae527ee04ad238cab9efe fetched and parsed in 173.6485ms
[2m2025-12-10T10:13:57.649513Z[0m [34mDEBUG[0m [2methereum_transaction_pool_monitor::mempool_monitor[0m[2m:[0m 🔍 Skipping tx 0xa2343a30f58268dc4dc787c0dbeca3ea292d6753da6ae527ee04ad238cab9efe - not a DEX interaction (target: 0xdAC17F958D2ee523a2206206994597C13D831ec7)
[2m2025-12-10T10:13:57.649522Z[0m [34mDEBUG[0m [2methereum_transaction_pool_monitor::mempool_monitor[0m[2m:[0m 📨 Processing new pending transaction: 0xc0f085b947b4180dc288b68188b3372dfb551997d0bb4bb5b2d010eee09776c8
[2m2025-12-10T10:13:57.649538Z[0m [34mDEBUG[0m [2methereum_transaction_pool_monitor::mempool_monitor[0m[2m:[0m 🔍 Fetching transaction details for: 0xc0f085b947b4180dc288b68188b3372dfb551997d0bb4bb5b2d010eee09776c8
[2m2025-12-10T10:13:57.649542Z[0m [34mDEBUG[0m [2methereum_transaction_pool_monitor::eth_client[0m[2m:[0m 🔍 Fetching transaction details for hash: 0xc0f085b947b4180dc288b68188b3372dfb551997d0bb4bb5b2d010eee09776c8
[2m2025-12-10T10:13:57.649552Z[0m [34mDEBUG[0m [2mhyper::client::pool[0m[2m:[0m reuse idle connection for ("http", 192.168.0.14:8545)
[2m2025-12-10T10:13:57.649565Z[0m [34mDEBUG[0m [2mhyper::proto::h1::io[0m[2m:[0m flushed 250 bytes
[2m2025-12-10T10:13:57.667805Z[0m [34mDEBUG[0m [2mhyper::proto::h1::io[0m[2m:[0m parsed 4 headers
[2m2025-12-10T10:13:57.667822Z[0m [34mDEBUG[0m [2mhyper::proto::h1::conn[0m[2m:[0m incoming body is content-length (45 bytes)
[2m2025-12-10T10:13:57.667837Z[0m [34mDEBUG[0m [2mhyper::proto::h1::conn[0m[2m:[0m incoming body completed
[2m2025-12-10T10:13:57.667855Z[0m [34mDEBUG[0m [2mhyper::client::pool[0m[2m:[0m pooling idle connection for ("http", 192.168.0.14:8545)
[2m2025-12-10T10:13:57.667872Z[0m [34mDEBUG[0m [2mhyper::client::pool[0m[2m:[0m reuse idle connection for ("http", 192.168.0.14:8545)
[2m2025-12-10T10:13:57.667902Z[0m [34mDEBUG[0m [2mhyper::proto::h1::io[0m[2m:[0m flushed 172 bytes
[2m2025-12-10T10:13:57.670917Z[0m [34mDEBUG[0m [2mhyper::proto::h1::io[0m[2m:[0m parsed 4 headers
[2m2025-12-10T10:13:57.670923Z[0m [34mDEBUG[0m [2mhyper::proto::h1::conn[0m[2m:[0m incoming body is content-length (830 bytes)
[2m2025-12-10T10:13:57.670928Z[0m [34mDEBUG[0m [2mhyper::proto::h1::conn[0m[2m:[0m incoming body completed
[2m2025-12-10T10:13:57.670934Z[0m [34mDEBUG[0m [2mhyper::client::pool[0m[2m:[0m pooling idle connection for ("http", 192.168.0.14:8545)
[2m2025-12-10T10:13:57.670939Z[0m [34mDEBUG[0m [2methereum_transaction_pool_monitor::eth_client[0m[2m:[0m 📡 Transaction fetch RPC completed in 21.394042ms
[2m2025-12-10T10:13:57.747121Z[0m [34mDEBUG[0m [2methereum_transaction_pool_monitor::eth_client[0m[2m:[0m ✅ Transaction 0xc0f085b947b4180dc288b68188b3372dfb551997d0bb4bb5b2d010eee09776c8 fetched and parsed in 97.57375ms
[2m2025-12-10T10:13:57.750118Z[0m [34mDEBUG[0m [2methereum_transaction_pool_monitor::mempool_monitor[0m[2m:[0m 🔍 Skipping tx 0xc0f085b947b4180dc288b68188b3372dfb551997d0bb4bb5b2d010eee09776c8 - not a DEX interaction (target: 0x3B4D794a66304F130a4Db8F2551B0070dfCf5ca7)
[2m2025-12-10T10:13:57.750129Z[0m [34mDEBUG[0m [2methereum_transaction_pool_monitor::mempool_monitor[0m[2m:[0m 📨 Processing new pending transaction: 0xfd3449d5554e848b2ce5bc21d0e8f21c790905106faa77fa47e60ee5d3d1243e
[2m2025-12-10T10:13:57.750134Z[0m [34mDEBUG[0m [2methereum_transaction_pool_monitor::mempool_monitor[0m[2m:[0m 🔍 Fetching transaction details for: 0xfd3449d5554e848b2ce5bc21d0e8f21c790905106faa77fa47e60ee5d3d1243e
[2m2025-12-10T10:13:57.750139Z[0m [34mDEBUG[0m [2methereum_transaction_pool_monitor::eth_client[0m[2m:[0m 🔍 Fetching transaction details for hash: 0xfd3449d5554e848b2ce5bc21d0e8f21c790905106faa77fa47e60ee5d3d1243e
[2m2025-12-10T10:13:57.750159Z[0m [34mDEBUG[0m [2mhyper::client::pool[0m[2m:[0m reuse idle connection for ("http", 192.168.0.14:8545)
[2m2025-12-10T10:13:57.750192Z[0m [34mDEBUG[0m [2mhyper::proto::h1::io[0m[2m:[0m flushed 250 bytes
[2m2025-12-10T10:13:57.750205Z[0m [34mDEBUG[0m [2mhyper::proto::h1::io[0m[2m:[0m parsed 4 headers
[2m2025-12-10T10:13:57.750209Z[0m [34mDEBUG[0m [2mhyper::proto::h1::conn[0m[2m:[0m incoming body is content-length (45 bytes)
[2m2025-12-10T10:13:57.750215Z[0m [34mDEBUG[0m [2mhyper::proto::h1::conn[0m[2m:[0m incoming body completed
[2m2025-12-10T10:13:57.750221Z[0m [34mDEBUG[0m [2mhyper::client::pool[0m[2m:[0m pooling idle connection for ("http", 192.168.0.14:8545)
[2m2025-12-10T10:13:57.750613Z[0m [34mDEBUG[0m [2mhyper::client::pool[0m[2m:[0m reuse idle connection for ("http", 192.168.0.14:8545)
[2m2025-12-10T10:13:57.750627Z[0m [34mDEBUG[0m [2mhyper::proto::h1::io[0m[2m:[0m flushed 172 bytes
[2m2025-12-10T10:13:57.766907Z[0m [34mDEBUG[0m [2mhyper::proto::h1::io[0m[2m:[0m parsed 4 headers
[2m2025-12-10T10:13:57.768296Z[0m [34mDEBUG[0m [2mhyper::proto::h1::conn[0m[2m:[0m incoming body is content-length (45 bytes)
[2m2025-12-10T10:13:57.768306Z[0m [34mDEBUG[0m [2mhyper::proto::h1::conn[0m[2m:[0m incoming body completed
[2m2025-12-10T10:13:57.768315Z[0m [34mDEBUG[0m [2mhyper::client::pool[0m[2m:[0m pooling idle connection for ("http", 192.168.0.14:8545)
[2m2025-12-10T10:13:57.768338Z[0m [34mDEBUG[0m [2mhyper::client::pool[0m[2m:[0m reuse idle connection for ("http", 192.168.0.14:8545)
[2m2025-12-10T10:13:57.768353Z[0m [34mDEBUG[0m [2mhyper::proto::h1::io[0m[2m:[0m flushed 172 bytes
[2m2025-12-10T10:13:57.768361Z[0m [34mDEBUG[0m [2mhyper::proto::h1::io[0m[2m:[0m parsed 4 headers
[2m2025-12-10T10:13:57.768367Z[0m [34mDEBUG[0m [2mhyper::proto::h1::conn[0m[2m:[0m incoming body is content-length (774 bytes)
[2m2025-12-10T10:13:57.768373Z[0m [34mDEBUG[0m [2mhyper::proto::h1::conn[0m[2m:[0m incoming body completed
[2m2025-12-10T10:13:57.768379Z[0m [34mDEBUG[0m [2mhyper::client::pool[0m[2m:[0m pooling idle connection for ("http", 192.168.0.14:8545)
[2m2025-12-10T10:13:57.768385Z[0m [34mDEBUG[0m [2methereum_transaction_pool_monitor::eth_client[0m[2m:[0m 📡 Transaction fetch RPC completed in 18.240792ms
[2m2025-12-10T10:13:57.768399Z[0m [34mDEBUG[0m [2methereum_transaction_pool_monitor::eth_client[0m[2m:[0m DeFi transaction detected - Address: 0xdac17f958d2ee523a2206206994597c13d831ec7, Type: Stablecoin, Value: 0 ETH, Gas: 12.00 Gwei
[2m2025-12-10T10:13:57.768412Z[0m [34mDEBUG[0m [2methereum_transaction_pool_monitor::eth_client[0m[2m:[0m ✅ Transaction 0xfd3449d5554e848b2ce5bc21d0e8f21c790905106faa77fa47e60ee5d3d1243e fetched and parsed in 18.267834ms
[2m2025-12-10T10:13:57.768419Z[0m [34mDEBUG[0m [2methereum_transaction_pool_monitor::mempool_monitor[0m[2m:[0m 🔍 Skipping tx 0xfd3449d5554e848b2ce5bc21d0e8f21c790905106faa77fa47e60ee5d3d1243e - not a DEX interaction (target: 0xdAC17F958D2ee523a2206206994597C13D831ec7)
[2m2025-12-10T10:13:57.768426Z[0m [34mDEBUG[0m [2methereum_transaction_pool_monitor::mempool_monitor[0m[2m:[0m 📨 Processing new pending transaction: 0x1f2043e93a4cbbdf8bd20a4360951fccee4894b3bb9ffbd55de6d11b23c975f5
[2m2025-12-10T10:13:57.768430Z[0m [34mDEBUG[0m [2methereum_transaction_pool_monitor::mempool_monitor[0m[2m:[0m 🔍 Fetching transaction details for: 0x1f2043e93a4cbbdf8bd20a4360951fccee4894b3bb9ffbd55de6d11b23c975f5
[2m2025-12-10T10:13:57.768434Z[0m [34mDEBUG[0m [2methereum_transaction_pool_monitor::eth_client[0m[2m:[0m 🔍 Fetching transaction details for hash: 0x1f2043e93a4cbbdf8bd20a4360951fccee4894b3bb9ffbd55de6d11b23c975f5
[2m2025-12-10T10:13:57.768444Z[0m [34mDEBUG[0m [2mhyper::client::pool[0m[2m:[0m reuse idle connection for ("http", 192.168.0.14:8545)
[2m2025-12-10T10:13:57.768457Z[0m [34mDEBUG[0m [2mhyper::proto::h1::io[0m[2m:[0m flushed 250 bytes
[2m2025-12-10T10:13:57.775025Z[0m [34mDEBUG[0m [2mhyper::proto::h1::io[0m[2m:[0m parsed 4 headers
[2m2025-12-10T10:13:57.775030Z[0m [34mDEBUG[0m [2mhyper::proto::h1::conn[0m[2m:[0m incoming body is content-length (45 bytes)
[2m2025-12-10T10:13:57.775033Z[0m [34mDEBUG[0m [2mhyper::proto::h1::conn[0m[2m:[0m incoming body completed
[2m2025-12-10T10:13:57.775037Z[0m [34mDEBUG[0m [2mhyper::client::pool[0m[2m:[0m pooling idle connection for ("http", 192.168.0.14:8545)
[2m2025-12-10T10:13:57.775045Z[0m [34mDEBUG[0m [2mhyper::client::pool[0m[2m:[0m reuse idle connection for ("http", 192.168.0.14:8545)
[2m2025-12-10T10:13:57.775058Z[0m [34mDEBUG[0m [2mhyper::proto::h1::io[0m[2m:[0m flushed 172 bytes
[2m2025-12-10T10:13:57.787010Z[0m [34mDEBUG[0m [2mhyper::proto::h1::io[0m[2m:[0m parsed 4 headers
[2m2025-12-10T10:13:57.787016Z[0m [34mDEBUG[0m [2mhyper::proto::h1::conn[0m[2m:[0m incoming body is content-length (1731 bytes)
[2m2025-12-10T10:13:57.787024Z[0m [34mDEBUG[0m [2methereum_transaction_pool_monitor::eth_client[0m[2m:[0m 📡 Transaction fetch RPC completed in 18.584125ms
[2m2025-12-10T10:13:57.788780Z[0m [34mDEBUG[0m [2mhyper::proto::h1::conn[0m[2m:[0m incoming body completed
[2m2025-12-10T10:13:57.788786Z[0m [34mDEBUG[0m [2mhyper::client::pool[0m[2m:[0m pooling idle connection for ("http", 192.168.0.14:8545)
[2m2025-12-10T10:13:57.788844Z[0m [34mDEBUG[0m [2mhyper::proto::h1::io[0m[2m:[0m parsed 4 headers
[2m2025-12-10T10:13:57.788849Z[0m [34mDEBUG[0m [2mhyper::proto::h1::conn[0m[2m:[0m incoming body is content-length (45 bytes)
[2m2025-12-10T10:13:57.788853Z[0m [34mDEBUG[0m [2mhyper::proto::h1::conn[0m[2m:[0m incoming body completed
[2m2025-12-10T10:13:57.788858Z[0m [34mDEBUG[0m [2mhyper::client::pool[0m[2m:[0m pooling idle connection for ("http", 192.168.0.14:8545)
[2m2025-12-10T10:13:57.788870Z[0m [34mDEBUG[0m [2mhyper::client::pool[0m[2m:[0m reuse idle connection for ("http", 192.168.0.14:8545)
[2m2025-12-10T10:13:57.788883Z[0m [34mDEBUG[0m [2mhyper::proto::h1::io[0m[2m:[0m flushed 172 bytes
[2m2025-12-10T10:13:57.814948Z[0m [34mDEBUG[0m [2mhyper::proto::h1::io[0m[2m:[0m parsed 4 headers
[2m2025-12-10T10:13:57.814957Z[0m [34mDEBUG[0m [2mhyper::proto::h1::conn[0m[2m:[0m incoming body is content-length (45 bytes)
[2m2025-12-10T10:13:57.814964Z[0m [34mDEBUG[0m [2mhyper::proto::h1::conn[0m[2m:[0m incoming body completed
[2m2025-12-10T10:13:57.814973Z[0m [34mDEBUG[0m [2mhyper::client::pool[0m[2m:[0m pooling idle connection for ("http", 192.168.0.14:8545)
[2m2025-12-10T10:13:57.814998Z[0m [34mDEBUG[0m [2mhyper::client::pool[0m[2m:[0m reuse idle connection for ("http", 192.168.0.14:8545)
[2m2025-12-10T10:13:57.815016Z[0m [34mDEBUG[0m [2mhyper::proto::h1::io[0m[2m:[0m flushed 172 bytes
[2m2025-12-10T10:13:57.821220Z[0m [34mDEBUG[0m [2mhyper::proto::h1::io[0m[2m:[0m parsed 4 headers
[2m2025-12-10T10:13:57.821256Z[0m [34mDEBUG[0m [2mhyper::proto::h1::conn[0m[2m:[0m incoming body is content-length (45 bytes)
[2m2025-12-10T10:13:57.821279Z[0m [34mDEBUG[0m [2mhyper::proto::h1::conn[0m[2m:[0m incoming body completed
[2m2025-12-10T10:13:57.821290Z[0m [34mDEBUG[0m [2mhyper::client::pool[0m[2m:[0m pooling idle connection for ("http", 192.168.0.14:8545)
[2m2025-12-10T10:13:57.821309Z[0m [34mDEBUG[0m [2mhyper::client::pool[0m[2m:[0m reuse idle connection for ("http", 192.168.0.14:8545)
[2m2025-12-10T10:13:57.821323Z[0m [34mDEBUG[0m [2mhyper::proto::h1::io[0m[2m:[0m flushed 172 bytes
[2m2025-12-10T10:13:57.861948Z[0m [34mDEBUG[0m [2methereum_transaction_pool_monitor::eth_client[0m[2m:[0m ✅ Transaction 0x1f2043e93a4cbbdf8bd20a4360951fccee4894b3bb9ffbd55de6d11b23c975f5 fetched and parsed in 93.506167ms
[2m2025-12-10T10:13:57.861968Z[0m [34mDEBUG[0m [2methereum_transaction_pool_monitor::mempool_monitor[0m[2m:[0m 🔍 Skipping tx 0x1f2043e93a4cbbdf8bd20a4360951fccee4894b3bb9ffbd55de6d11b23c975f5 - not a DEX interaction (target: 0x601a2aD6CB5949f0529735254189Ba3194221EDF)
[2m2025-12-10T10:13:57.861978Z[0m [34mDEBUG[0m [2methereum_transaction_pool_monitor::mempool_monitor[0m[2m:[0m 📨 Processing new pending transaction: 0x9b259174138f5c8a6f628344b93ec97dc205e54d4a99d89971b24dbac38fd379
[2m2025-12-10T10:13:57.861984Z[0m [34mDEBUG[0m [2methereum_transaction_pool_monitor::mempool_monitor[0m[2m:[0m 🔍 Fetching transaction details for: 0x9b259174138f5c8a6f628344b93ec97dc205e54d4a99d89971b24dbac38fd379
[2m2025-12-10T10:13:57.861989Z[0m [34mDEBUG[0m [2methereum_transaction_pool_monitor::eth_client[0m[2m:[0m 🔍 Fetching transaction details for hash: 0x9b259174138f5c8a6f628344b93ec97dc205e54d4a99d89971b24dbac38fd379
[2m2025-12-10T10:13:57.862015Z[0m [34mDEBUG[0m [2mhyper::client::pool[0m[2m:[0m reuse idle connection for ("http", 192.168.0.14:8545)
[2m2025-12-10T10:13:57.862047Z[0m [34mDEBUG[0m [2mhyper::proto::h1::io[0m[2m:[0m flushed 250 bytes
[2m2025-12-10T10:13:57.929216Z[0m [34mDEBUG[0m [2mhyper::proto::h1::io[0m[2m:[0m parsed 4 headers
[2m2025-12-10T10:13:57.929225Z[0m [34mDEBUG[0m [2mhyper::proto::h1::conn[0m[2m:[0m incoming body is content-length (45 bytes)
[2m2025-12-10T10:13:57.929239Z[0m [34mDEBUG[0m [2mhyper::proto::h1::conn[0m[2m:[0m incoming body completed
[2m2025-12-10T10:13:57.929257Z[0m [34mDEBUG[0m [2mhyper::client::pool[0m[2m:[0m pooling idle connection for ("http", 192.168.0.14:8545)
[2m2025-12-10T10:13:57.929303Z[0m [34mDEBUG[0m [2mhyper::client::pool[0m[2m:[0m reuse idle connection for ("http", 192.168.0.14:8545)
[2m2025-12-10T10:13:57.929334Z[0m [34mDEBUG[0m [2mhyper::proto::h1::io[0m[2m:[0m flushed 172 bytes
[2m2025-12-10T10:13:57.968417Z[0m [34mDEBUG[0m [2mhyper::proto::h1::io[0m[2m:[0m parsed 4 headers
[2m2025-12-10T10:13:57.972228Z[0m [34mDEBUG[0m [2mhyper::proto::h1::conn[0m[2m:[0m incoming body is content-length (45 bytes)
[2m2025-12-10T10:13:57.972236Z[0m [34mDEBUG[0m [2mhyper::proto::h1::conn[0m[2m:[0m incoming body completed
[2m2025-12-10T10:13:57.972245Z[0m [34mDEBUG[0m [2mhyper::client::pool[0m[2m:[0m pooling idle connection for ("http", 192.168.0.14:8545)
[2m2025-12-10T10:13:57.972268Z[0m [34mDEBUG[0m [2mhyper::client::pool[0m[2m:[0m reuse idle connection for ("http", 192.168.0.14:8545)
[2m2025-12-10T10:13:57.972291Z[0m [34mDEBUG[0m [2mhyper::proto::h1::io[0m[2m:[0m flushed 172 bytes
[2m2025-12-10T10:13:58.003318Z[0m [34mDEBUG[0m [2mhyper::proto::h1::io[0m[2m:[0m parsed 4 headers
[2m2025-12-10T10:13:58.003329Z[0m [34mDEBUG[0m [2mhyper::proto::h1::conn[0m[2m:[0m incoming body is content-length (646 bytes)
[2m2025-12-10T10:13:58.003336Z[0m [34mDEBUG[0m [2mhyper::proto::h1::conn[0m[2m:[0m incoming body completed
[2m2025-12-10T10:13:58.003343Z[0m [34mDEBUG[0m [2mhyper::client::pool[0m[2m:[0m pooling idle connection for ("http", 192.168.0.14:8545)
[2m2025-12-10T10:13:58.003348Z[0m [34mDEBUG[0m [2methereum_transaction_pool_monitor::eth_client[0m[2m:[0m 📡 Transaction fetch RPC completed in 141.345875ms
[2m2025-12-10T10:13:58.075174Z[0m [34mDEBUG[0m [2methereum_transaction_pool_monitor::eth_client[0m[2m:[0m ✅ Transaction 0x9b259174138f5c8a6f628344b93ec97dc205e54d4a99d89971b24dbac38fd379 fetched and parsed in 213.1695ms
[2m2025-12-10T10:13:58.075197Z[0m [34mDEBUG[0m [2methereum_transaction_pool_monitor::mempool_monitor[0m[2m:[0m 🔍 Skipping tx 0x9b259174138f5c8a6f628344b93ec97dc205e54d4a99d89971b24dbac38fd379 - not a DEX interaction (target: 0xED983Fb42a9b2b1CcBCc7a9277Be55dD6f7B8a01)
[2m2025-12-10T10:13:58.075206Z[0m [34mDEBUG[0m [2methereum_transaction_pool_monitor::mempool_monitor[0m[2m:[0m 📨 Processing new pending transaction: 0xe138cea53433f859d12b26707e9b0baf857cd12ec9c04b5315d90572cb6a0fbd
[2m2025-12-10T10:13:58.075212Z[0m [34mDEBUG[0m [2methereum_transaction_pool_monitor::mempool_monitor[0m[2m:[0m 🔍 Fetching transaction details for: 0xe138cea53433f859d12b26707e9b0baf857cd12ec9c04b5315d90572cb6a0fbd
[2m2025-12-10T10:13:58.075216Z[0m [34mDEBUG[0m [2methereum_transaction_pool_monitor::eth_client[0m[2m:[0m 🔍 Fetching transaction details for hash: 0xe138cea53433f859d12b26707e9b0baf857cd12ec9c04b5315d90572cb6a0fbd
[2m2025-12-10T10:13:58.075238Z[0m [34mDEBUG[0m [2mhyper::client::pool[0m[2m:[0m reuse idle connection for ("http", 192.168.0.14:8545)
[2m2025-12-10T10:13:58.075268Z[0m [34mDEBUG[0m [2mhyper::proto::h1::io[0m[2m:[0m flushed 250 bytes
[2m2025-12-10T10:13:58.075287Z[0m [34mDEBUG[0m [2mhyper::proto::h1::io[0m[2m:[0m parsed 4 headers
[2m2025-12-10T10:13:58.075292Z[0m [34mDEBUG[0m [2mhyper::proto::h1::conn[0m[2m:[0m incoming body is content-length (45 bytes)
[2m2025-12-10T10:13:58.075312Z[0m [34mDEBUG[0m [2mhyper::proto::h1::conn[0m[2m:[0m incoming body completed
[2m2025-12-10T10:13:58.075319Z[0m [34mDEBUG[0m [2mhyper::client::pool[0m[2m:[0m pooling idle connection for ("http", 192.168.0.14:8545)
[2m2025-12-10T10:13:58.075335Z[0m [34mDEBUG[0m [2mhyper::client::pool[0m[2m:[0m reuse idle connection for ("http", 192.168.0.14:8545)
[2m2025-12-10T10:13:58.075347Z[0m [34mDEBUG[0m [2mhyper::proto::h1::io[0m[2m:[0m flushed 172 bytes
[2m2025-12-10T10:13:58.098719Z[0m [32m INFO[0m [2methereum_transaction_pool_monitor::bot_runner[0m[2m:[0m 🤖 MEV Bot Stats | Uptime: 0.1h | Opportunities: 0 | Bundles: 0/0 (0.0%) | Profit: 0.0000 ETH | Rate: 0.00/h
[2m2025-12-10T10:13:58.109349Z[0m [34mDEBUG[0m [2mhyper::proto::h1::io[0m[2m:[0m parsed 4 headers
[2m2025-12-10T10:13:58.109356Z[0m [34mDEBUG[0m [2mhyper::proto::h1::conn[0m[2m:[0m incoming body is content-length (45 bytes)
[2m2025-12-10T10:13:58.109364Z[0m [34mDEBUG[0m [2mhyper::proto::h1::conn[0m[2m:[0m incoming body completed
[2m2025-12-10T10:13:58.109372Z[0m [34mDEBUG[0m [2mhyper::client::pool[0m[2m:[0m pooling idle connection for ("http", 192.168.0.14:8545)
[2m2025-12-10T10:13:58.109393Z[0m [34mDEBUG[0m [2mhyper::client::pool[0m[2m:[0m reuse idle connection for ("http", 192.168.0.14:8545)
[2m2025-12-10T10:13:58.109411Z[0m [34mDEBUG[0m [2mhyper::proto::h1::io[0m[2m:[0m flushed 172 bytes
[2m2025-12-10T10:13:58.120460Z[0m [34mDEBUG[0m [2mhyper::proto::h1::io[0m[2m:[0m parsed 4 headers
[2m2025-12-10T10:13:58.120467Z[0m [34mDEBUG[0m [2mhyper::proto::h1::conn[0m[2m:[0m incoming body is content-length (776 bytes)
[2m2025-12-10T10:13:58.120471Z[0m [34mDEBUG[0m [2mhyper::proto::h1::conn[0m[2m:[0m incoming body completed
[2m2025-12-10T10:13:58.120477Z[0m [34mDEBUG[0m [2mhyper::client::pool[0m[2m:[0m pooling idle connection for ("http", 192.168.0.14:8545)
[2m2025-12-10T10:13:58.120481Z[0m [34mDEBUG[0m [2methereum_transaction_pool_monitor::eth_client[0m[2m:[0m 📡 Transaction fetch RPC completed in 45.258167ms
[2m2025-12-10T10:13:58.192886Z[0m [34mDEBUG[0m [2methereum_transaction_pool_monitor::eth_client[0m[2m:[0m ✅ Transaction 0xe138cea53433f859d12b26707e9b0baf857cd12ec9c04b5315d90572cb6a0fbd fetched and parsed in 117.660459ms
[2m2025-12-10T10:13:58.192969Z[0m [34mDEBUG[0m [2methereum_transaction_pool_monitor::mempool_monitor[0m[2m:[0m 🔍 Skipping tx 0xe138cea53433f859d12b26707e9b0baf857cd12ec9c04b5315d90572cb6a0fbd - not a DEX interaction (target: 0x4c9EDD5852cd905f086C759E8383e09bff1E68B3)
[2m2025-12-10T10:13:58.192979Z[0m [34mDEBUG[0m [2methereum_transaction_pool_monitor::mempool_monitor[0m[2m:[0m 📨 Processing new pending transaction: 0x60fc87e744e677cf598393fa8b40bcb12c831f12d9d52906a795365514cba68f
[2m2025-12-10T10:13:58.192989Z[0m [34mDEBUG[0m [2methereum_transaction_pool_monitor::mempool_monitor[0m[2m:[0m 🔍 Fetching transaction details for: 0x60fc87e744e677cf598393fa8b40bcb12c831f12d9d52906a795365514cba68f
[2m2025-12-10T10:13:58.192992Z[0m [34mDEBUG[0m [2methereum_transaction_pool_monitor::eth_client[0m[2m:[0m 🔍 Fetching transaction details for hash: 0x60fc87e744e677cf598393fa8b40bcb12c831f12d9d52906a795365514cba68f
[2m2025-12-10T10:13:58.193016Z[0m [34mDEBUG[0m [2mhyper::client::pool[0m[2m:[0m reuse idle connection for ("http", 192.168.0.14:8545)
[2m2025-12-10T10:13:58.193042Z[0m [34mDEBUG[0m [2mhyper::proto::h1::io[0m[2m:[0m flushed 250 bytes
[2m2025-12-10T10:13:58.193058Z[0m [34mDEBUG[0m [2mhyper::proto::h1::io[0m[2m:[0m parsed 4 headers
[2m2025-12-10T10:13:58.193065Z[0m [34mDEBUG[0m [2mhyper::proto::h1::conn[0m[2m:[0m incoming body is content-length (45 bytes)
[2m2025-12-10T10:13:58.193072Z[0m [34mDEBUG[0m [2mhyper::proto::h1::conn[0m[2m:[0m incoming body completed
[2m2025-12-10T10:13:58.193081Z[0m [34mDEBUG[0m [2mhyper::client::pool[0m[2m:[0m pooling idle connection for ("http", 192.168.0.14:8545)
[2m2025-12-10T10:13:58.193102Z[0m [34mDEBUG[0m [2mhyper::client::pool[0m[2m:[0m reuse idle connection for ("http", 192.168.0.14:8545)
[2m2025-12-10T10:13:58.193115Z[0m [34mDEBUG[0m [2mhyper::proto::h1::io[0m[2m:[0m flushed 172 bytes
[2m2025-12-10T10:13:58.320232Z[0m [34mDEBUG[0m [2mhyper::proto::h1::io[0m[2m:[0m parsed 4 headers
[2m2025-12-10T10:13:58.320242Z[0m [34mDEBUG[0m [2mhyper::proto::h1::conn[0m[2m:[0m incoming body is content-length (45 bytes)
[2m2025-12-10T10:13:58.320250Z[0m [34mDEBUG[0m [2mhyper::proto::h1::conn[0m[2m:[0m incoming body completed
[2m2025-12-10T10:13:58.320259Z[0m [34mDEBUG[0m [2mhyper::client::pool[0m[2m:[0m pooling idle connection for ("http", 192.168.0.14:8545)
[2m2025-12-10T10:13:58.320282Z[0m [34mDEBUG[0m [2mhyper::client::pool[0m[2m:[0m reuse idle connection for ("http", 192.168.0.14:8545)
[2m2025-12-10T10:13:58.320300Z[0m [34mDEBUG[0m [2mhyper::proto::h1::io[0m[2m:[0m flushed 172 bytes
[2m2025-12-10T10:13:58.329469Z[0m [34mDEBUG[0m [2mhyper::proto::h1::io[0m[2m:[0m parsed 4 headers
[2m2025-12-10T10:13:58.329471Z[0m [34mDEBUG[0m [2mhyper::proto::h1::io[0m[2m:[0m parsed 4 headers
[2m2025-12-10T10:13:58.329481Z[0m [34mDEBUG[0m [2mhyper::proto::h1::conn[0m[2m:[0m incoming body is content-length (45 bytes)
[2m2025-12-10T10:13:58.329476Z[0m [34mDEBUG[0m [2mhyper::proto::h1::conn[0m[2m:[0m incoming body is content-length (774 bytes)
[2m2025-12-10T10:13:58.329487Z[0m [34mDEBUG[0m [2mhyper::proto::h1::conn[0m[2m:[0m incoming body completed
[2m2025-12-10T10:13:58.329490Z[0m [34mDEBUG[0m [2mhyper::proto::h1::conn[0m[2m:[0m incoming body completed
[2m2025-12-10T10:13:58.329495Z[0m [34mDEBUG[0m [2mhyper::client::pool[0m[2m:[0m pooling idle connection for ("http", 192.168.0.14:8545)
[2m2025-12-10T10:13:58.329497Z[0m [34mDEBUG[0m [2mhyper::client::pool[0m[2m:[0m pooling idle connection for ("http", 192.168.0.14:8545)
[2m2025-12-10T10:13:58.329503Z[0m [34mDEBUG[0m [2methereum_transaction_pool_monitor::eth_client[0m[2m:[0m 📡 Transaction fetch RPC completed in 136.505875ms
[2m2025-12-10T10:13:58.329512Z[0m [34mDEBUG[0m [2mhyper::client::pool[0m[2m:[0m reuse idle connection for ("http", 192.168.0.14:8545)
[2m2025-12-10T10:13:58.329529Z[0m [34mDEBUG[0m [2mhyper::proto::h1::io[0m[2m:[0m flushed 172 bytes
[2m2025-12-10T10:13:58.339195Z[0m [34mDEBUG[0m [2mhyper::proto::h1::io[0m[2m:[0m parsed 4 headers
[2m2025-12-10T10:13:58.339210Z[0m [34mDEBUG[0m [2mhyper::proto::h1::conn[0m[2m:[0m incoming body is content-length (45 bytes)
[2m2025-12-10T10:13:58.339216Z[0m [34mDEBUG[0m [2mhyper::proto::h1::conn[0m[2m:[0m incoming body completed
[2m2025-12-10T10:13:58.339224Z[0m [34mDEBUG[0m [2mhyper::client::pool[0m[2m:[0m pooling idle connection for ("http", 192.168.0.14:8545)
[2m2025-12-10T10:13:58.339243Z[0m [34mDEBUG[0m [2mhyper::client::pool[0m[2m:[0m reuse idle connection for ("http", 192.168.0.14:8545)
[2m2025-12-10T10:13:58.339272Z[0m [34mDEBUG[0m [2mhyper::proto::h1::io[0m[2m:[0m flushed 172 bytes
[2m2025-12-10T10:13:58.348779Z[0m [34mDEBUG[0m [2mhyper::proto::h1::io[0m[2m:[0m parsed 4 headers
[2m2025-12-10T10:13:58.348790Z[0m [34mDEBUG[0m [2mhyper::proto::h1::conn[0m[2m:[0m incoming body is content-length (45 bytes)
[2m2025-12-10T10:13:58.348796Z[0m [34mDEBUG[0m [2mhyper::proto::h1::conn[0m[2m:[0m incoming body completed
[2m2025-12-10T10:13:58.348804Z[0m [34mDEBUG[0m [2mhyper::client::pool[0m[2m:[0m pooling idle connection for ("http", 192.168.0.14:8545)
[2m2025-12-10T10:13:58.348823Z[0m [34mDEBUG[0m [2mhyper::client::pool[0m[2m:[0m reuse idle connection for ("http", 192.168.0.14:8545)
[2m2025-12-10T10:13:58.348851Z[0m [34mDEBUG[0m [2mhyper::proto::h1::io[0m[2m:[0m flushed 172 bytes
[2m2025-12-10T10:13:58.354947Z[0m [34mDEBUG[0m [2mhyper::proto::h1::io[0m[2m:[0m parsed 4 headers
[2m2025-12-10T10:13:58.354956Z[0m [34mDEBUG[0m [2mhyper::proto::h1::conn[0m[2m:[0m incoming body is content-length (45 bytes)
[2m2025-12-10T10:13:58.354968Z[0m [34mDEBUG[0m [2mhyper::proto::h1::conn[0m[2m:[0m incoming body completed
[2m2025-12-10T10:13:58.354974Z[0m [34mDEBUG[0m [2mhyper::client::pool[0m[2m:[0m pooling idle connection for ("http", 192.168.0.14:8545)
[2m2025-12-10T10:13:58.354989Z[0m [34mDEBUG[0m [2mhyper::client::pool[0m[2m:[0m reuse idle connection for ("http", 192.168.0.14:8545)
[2m2025-12-10T10:13:58.355012Z[0m [34mDEBUG[0m [2mhyper::proto::h1::io[0m[2m:[0m flushed 172 bytes
[2m2025-12-10T10:13:58.397443Z[0m [34mDEBUG[0m [2methereum_transaction_pool_monitor::eth_client[0m[2m:[0m ✅ Transaction 0x60fc87e744e677cf598393fa8b40bcb12c831f12d9d52906a795365514cba68f fetched and parsed in 204.443958ms
[2m2025-12-10T10:13:58.397458Z[0m [34mDEBUG[0m [2methereum_transaction_pool_monitor::mempool_monitor[0m[2m:[0m 🔍 Skipping tx 0x60fc87e744e677cf598393fa8b40bcb12c831f12d9d52906a795365514cba68f - not a DEX interaction (target: 0xA0b86991c6218b36c1d19D4a2e9Eb0cE3606eB48)
[2m2025-12-10T10:13:58.397465Z[0m [34mDEBUG[0m [2methereum_transaction_pool_monitor::mempool_monitor[0m[2m:[0m 📨 Processing new pending transaction: 0xe1eef834ce860bb66b0a28eab43d408fc8f6ba55ca12c6a2cd3dc08b904a2246
[2m2025-12-10T10:13:58.397468Z[0m [34mDEBUG[0m [2methereum_transaction_pool_monitor::mempool_monitor[0m[2m:[0m 🔍 Fetching transaction details for: 0xe1eef834ce860bb66b0a28eab43d408fc8f6ba55ca12c6a2cd3dc08b904a2246
[2m2025-12-10T10:13:58.397471Z[0m [34mDEBUG[0m [2methereum_transaction_pool_monitor::eth_client[0m[2m:[0m 🔍 Fetching transaction details for hash: 0xe1eef834ce860bb66b0a28eab43d408fc8f6ba55ca12c6a2cd3dc08b904a2246
[2m2025-12-10T10:13:58.397487Z[0m [34mDEBUG[0m [2mhyper::client::pool[0m[2m:[0m reuse idle connection for ("http", 192.168.0.14:8545)
[2m2025-12-10T10:13:58.397511Z[0m [34mDEBUG[0m [2mhyper::proto::h1::io[0m[2m:[0m flushed 250 bytes
[2m2025-12-10T10:13:58.478391Z[0m [34mDEBUG[0m [2mhyper::proto::h1::io[0m[2m:[0m parsed 4 headers
[2m2025-12-10T10:13:58.478416Z[0m [34mDEBUG[0m [2mhyper::proto::h1::conn[0m[2m:[0m incoming body is content-length (45 bytes)
[2m2025-12-10T10:13:58.478426Z[0m [34mDEBUG[0m [2mhyper::proto::h1::conn[0m[2m:[0m incoming body completed
[2m2025-12-10T10:13:58.478438Z[0m [34mDEBUG[0m [2mhyper::client::pool[0m[2m:[0m pooling idle connection for ("http", 192.168.0.14:8545)
[2m2025-12-10T10:13:58.478470Z[0m [34mDEBUG[0m [2mhyper::client::pool[0m[2m:[0m reuse idle connection for ("http", 192.168.0.14:8545)
[2m2025-12-10T10:13:58.478499Z[0m [34mDEBUG[0m [2mhyper::proto::h1::io[0m[2m:[0m flushed 172 bytes
[2m2025-12-10T10:13:58.542297Z[0m [34mDEBUG[0m [2mhyper::proto::h1::io[0m[2m:[0m parsed 4 headers
[2m2025-12-10T10:13:58.542313Z[0m [34mDEBUG[0m [2mhyper::proto::h1::conn[0m[2m:[0m incoming body is content-length (644 bytes)
[2m2025-12-10T10:13:58.542321Z[0m [34mDEBUG[0m [2mhyper::proto::h1::conn[0m[2m:[0m incoming body completed
[2m2025-12-10T10:13:58.542331Z[0m [34mDEBUG[0m [2mhyper::client::pool[0m[2m:[0m pooling idle connection for ("http", 192.168.0.14:8545)
[2m2025-12-10T10:13:58.542338Z[0m [34mDEBUG[0m [2methereum_transaction_pool_monitor::eth_client[0m[2m:[0m 📡 Transaction fetch RPC completed in 144.862958ms
[2m2025-12-10T10:13:58.611902Z[0m [34mDEBUG[0m [2methereum_transaction_pool_monitor::eth_client[0m[2m:[0m ✅ Transaction 0xe1eef834ce860bb66b0a28eab43d408fc8f6ba55ca12c6a2cd3dc08b904a2246 fetched and parsed in 214.424375ms
[2m2025-12-10T10:13:58.611925Z[0m [34mDEBUG[0m [2methereum_transaction_pool_monitor::mempool_monitor[0m[2m:[0m 🔍 Skipping tx 0xe1eef834ce860bb66b0a28eab43d408fc8f6ba55ca12c6a2cd3dc08b904a2246 - not a DEX interaction (target: 0x17E5545B11b468072283Cee1F066a059Fb0dbF24)
[2m2025-12-10T10:13:58.611933Z[0m [34mDEBUG[0m [2methereum_transaction_pool_monitor::mempool_monitor[0m[2m:[0m 📨 Processing new pending transaction: 0xd716a16536c722ea26148899cfb3d969cc222dbe37dd55e782b6687ab08a8c90
[2m2025-12-10T10:13:58.611945Z[0m [34mDEBUG[0m [2methereum_transaction_pool_monitor::mempool_monitor[0m[2m:[0m 🔍 Fetching transaction details for: 0xd716a16536c722ea26148899cfb3d969cc222dbe37dd55e782b6687ab08a8c90
[2m2025-12-10T10:13:58.611949Z[0m [34mDEBUG[0m [2methereum_transaction_pool_monitor::eth_client[0m[2m:[0m 🔍 Fetching transaction details for hash: 0xd716a16536c722ea26148899cfb3d969cc222dbe37dd55e782b6687ab08a8c90
[2m2025-12-10T10:13:58.611967Z[0m [34mDEBUG[0m [2mhyper::client::pool[0m[2m:[0m reuse idle connection for ("http", 192.168.0.14:8545)
[2m2025-12-10T10:13:58.612022Z[0m [34mDEBUG[0m [2mhyper::proto::h1::io[0m[2m:[0m flushed 250 bytes
[2m2025-12-10T10:13:58.612041Z[0m [34mDEBUG[0m [2mhyper::proto::h1::io[0m[2m:[0m parsed 4 headers
[2m2025-12-10T10:13:58.612045Z[0m [34mDEBUG[0m [2mhyper::proto::h1::conn[0m[2m:[0m incoming body is content-length (45 bytes)
[2m2025-12-10T10:13:58.612051Z[0m [34mDEBUG[0m [2mhyper::proto::h1::conn[0m[2m:[0m incoming body completed
[2m2025-12-10T10:13:58.612057Z[0m [34mDEBUG[0m [2mhyper::client::pool[0m[2m:[0m pooling idle connection for ("http", 192.168.0.14:8545)
[2m2025-12-10T10:13:58.612070Z[0m [34mDEBUG[0m [2mhyper::client::pool[0m[2m:[0m reuse idle connection for ("http", 192.168.0.14:8545)
[2m2025-12-10T10:13:58.612085Z[0m [34mDEBUG[0m [2mhyper::proto::h1::io[0m[2m:[0m flushed 172 bytes
[2m2025-12-10T10:14:01.686963Z[0m [34mDEBUG[0m [2mhyper::proto::h1::io[0m[2m:[0m parsed 4 headers
[2m2025-12-10T10:14:01.687099Z[0m [34mDEBUG[0m [2mhyper::proto::h1::conn[0m[2m:[0m incoming body is content-length (45 bytes)
[2m2025-12-10T10:14:01.687155Z[0m [34mDEBUG[0m [2mhyper::proto::h1::conn[0m[2m:[0m incoming body completed
[2m2025-12-10T10:14:01.687211Z[0m [34mDEBUG[0m [2mhyper::client::pool[0m[2m:[0m pooling idle connection for ("http", 192.168.0.14:8545)
[2m2025-12-10T10:14:01.687334Z[0m [34mDEBUG[0m [2mhyper::client::pool[0m[2m:[0m reuse idle connection for ("http", 192.168.0.14:8545)
[2m2025-12-10T10:14:01.687458Z[0m [34mDEBUG[0m [2mhyper::proto::h1::io[0m[2m:[0m flushed 172 bytes
[2m2025-12-10T10:14:01.706874Z[0m [34mDEBUG[0m [2mhyper::proto::h1::io[0m[2m:[0m parsed 4 headers
[2m2025-12-10T10:14:01.706963Z[0m [34mDEBUG[0m [2mhyper::proto::h1::conn[0m[2m:[0m incoming body is content-length (780 bytes)
[2m2025-12-10T10:14:01.707003Z[0m [34mDEBUG[0m [2mhyper::proto::h1::conn[0m[2m:[0m incoming body completed
[2m2025-12-10T10:14:01.707047Z[0m [34mDEBUG[0m [2mhyper::client::pool[0m[2m:[0m pooling idle connection for ("http", 192.168.0.14:8545)
[2m2025-12-10T10:14:01.707083Z[0m [34mDEBUG[0m [2methereum_transaction_pool_monitor::eth_client[0m[2m:[0m 📡 Transaction fetch RPC completed in 3.095101167s
[2m2025-12-10T10:14:01.786477Z[0m [34mDEBUG[0m [2methereum_transaction_pool_monitor::eth_client[0m[2m:[0m ✅ Transaction 0xd716a16536c722ea26148899cfb3d969cc222dbe37dd55e782b6687ab08a8c90 fetched and parsed in 3.174493417s
[2m2025-12-10T10:14:01.786507Z[0m [34mDEBUG[0m [2methereum_transaction_pool_monitor::mempool_monitor[0m[2m:[0m 🔍 Skipping tx 0xd716a16536c722ea26148899cfb3d969cc222dbe37dd55e782b6687ab08a8c90 - not a DEX interaction (target: 0xcf5104D094e3864CfCBDa43B82e1cEFD26A016eB)
[2m2025-12-10T10:14:01.786517Z[0m [34mDEBUG[0m [2methereum_transaction_pool_monitor::mempool_monitor[0m[2m:[0m 📨 Processing new pending transaction: 0x29b98723712692edb49038600f3a1e09fe51d01a3527bbc6daf0f460fcee5ce3
[2m2025-12-10T10:14:01.786523Z[0m [34mDEBUG[0m [2methereum_transaction_pool_monitor::mempool_monitor[0m[2m:[0m 🔍 Fetching transaction details for: 0x29b98723712692edb49038600f3a1e09fe51d01a3527bbc6daf0f460fcee5ce3
[2m2025-12-10T10:14:01.786526Z[0m [34mDEBUG[0m [2methereum_transaction_pool_monitor::eth_client[0m[2m:[0m 🔍 Fetching transaction details for hash: 0x29b98723712692edb49038600f3a1e09fe51d01a3527bbc6daf0f460fcee5ce3
[2m2025-12-10T10:14:01.786559Z[0m [34mDEBUG[0m [2mhyper::client::pool[0m[2m:[0m reuse idle connection for ("http", 192.168.0.14:8545)
[2m2025-12-10T10:14:01.786632Z[0m [34mDEBUG[0m [2mhyper::proto::h1::io[0m[2m:[0m flushed 250 bytes
[2m2025-12-10T10:14:01.786653Z[0m [34mDEBUG[0m [2mhyper::proto::h1::io[0m[2m:[0m parsed 4 headers
[2m2025-12-10T10:14:01.786657Z[0m [34mDEBUG[0m [2mhyper::proto::h1::conn[0m[2m:[0m incoming body is content-length (45 bytes)
[2m2025-12-10T10:14:01.786663Z[0m [34mDEBUG[0m [2mhyper::proto::h1::conn[0m[2m:[0m incoming body completed
[2m2025-12-10T10:14:01.786671Z[0m [34mDEBUG[0m [2mhyper::client::pool[0m[2m:[0m pooling idle connection for ("http", 192.168.0.14:8545)
[2m2025-12-10T10:14:01.786685Z[0m [34mDEBUG[0m [2mhyper::client::pool[0m[2m:[0m reuse idle connection for ("http", 192.168.0.14:8545)
[2m2025-12-10T10:14:01.786700Z[0m [34mDEBUG[0m [2mhyper::proto::h1::io[0m[2m:[0m flushed 172 bytes
[2m2025-12-10T10:14:01.993039Z[0m [34mDEBUG[0m [2mhyper::proto::h1::io[0m[2m:[0m parsed 4 headers
[2m2025-12-10T10:14:01.993136Z[0m [34mDEBUG[0m [2mhyper::proto::h1::conn[0m[2m:[0m incoming body is content-length (45 bytes)
[2m2025-12-10T10:14:01.993188Z[0m [34mDEBUG[0m [2mhyper::proto::h1::conn[0m[2m:[0m incoming body completed
[2m2025-12-10T10:14:01.993242Z[0m [34mDEBUG[0m [2mhyper::client::pool[0m[2m:[0m pooling idle connection for ("http", 192.168.0.14:8545)
[2m2025-12-10T10:14:01.993360Z[0m [34mDEBUG[0m [2mhyper::client::pool[0m[2m:[0m reuse idle connection for ("http", 192.168.0.14:8545)
[2m2025-12-10T10:14:01.993487Z[0m [34mDEBUG[0m [2mhyper::proto::h1::io[0m[2m:[0m flushed 172 bytes
[2m2025-12-10T10:14:02.005599Z[0m [34mDEBUG[0m [2mhyper::proto::h1::io[0m[2m:[0m parsed 4 headers
[2m2025-12-10T10:14:02.005599Z[0m [34mDEBUG[0m [2mhyper::proto::h1::io[0m[2m:[0m parsed 4 headers
[2m2025-12-10T10:14:02.005634Z[0m [34mDEBUG[0m [2mhyper::proto::h1::conn[0m[2m:[0m incoming body is content-length (45 bytes)
[2m2025-12-10T10:14:02.005653Z[0m [34mDEBUG[0m [2mhyper::proto::h1::conn[0m[2m:[0m incoming body is content-length (971 bytes)
[2m2025-12-10T10:14:02.005678Z[0m [34mDEBUG[0m [2mhyper::proto::h1::conn[0m[2m:[0m incoming body completed
[2m2025-12-10T10:14:02.005688Z[0m [34mDEBUG[0m [2mhyper::proto::h1::conn[0m[2m:[0m incoming body completed
[2m2025-12-10T10:14:02.005699Z[0m [34mDEBUG[0m [2mhyper::client::pool[0m[2m:[0m pooling idle connection for ("http", 192.168.0.14:8545)
[2m2025-12-10T10:14:02.005704Z[0m [34mDEBUG[0m [2mhyper::client::pool[0m[2m:[0m pooling idle connection for ("http", 192.168.0.14:8545)
[2m2025-12-10T10:14:02.005726Z[0m [34mDEBUG[0m [2methereum_transaction_pool_monitor::eth_client[0m[2m:[0m 📡 Transaction fetch RPC completed in 219.183625ms
[2m2025-12-10T10:14:02.005744Z[0m [34mDEBUG[0m [2mhyper::client::pool[0m[2m:[0m reuse idle connection for ("http", 192.168.0.14:8545)
[2m2025-12-10T10:14:02.005791Z[0m [34mDEBUG[0m [2mhyper::proto::h1::io[0m[2m:[0m flushed 172 bytes
[2m2025-12-10T10:14:02.019037Z[0m [34mDEBUG[0m [2mhyper::proto::h1::io[0m[2m:[0m parsed 4 headers
[2m2025-12-10T10:14:02.019058Z[0m [34mDEBUG[0m [2mhyper::proto::h1::conn[0m[2m:[0m incoming body is content-length (45 bytes)
[2m2025-12-10T10:14:02.019082Z[0m [34mDEBUG[0m [2mhyper::proto::h1::conn[0m[2m:[0m incoming body completed
[2m2025-12-10T10:14:02.019103Z[0m [34mDEBUG[0m [2mhyper::client::pool[0m[2m:[0m pooling idle connection for ("http", 192.168.0.14:8545)
[2m2025-12-10T10:14:02.019145Z[0m [34mDEBUG[0m [2mhyper::client::pool[0m[2m:[0m reuse idle connection for ("http", 192.168.0.14:8545)
[2m2025-12-10T10:14:02.019181Z[0m [34mDEBUG[0m [2mhyper::proto::h1::io[0m[2m:[0m flushed 172 bytes
[2m2025-12-10T10:14:02.084448Z[0m [34mDEBUG[0m [2methereum_transaction_pool_monitor::eth_client[0m[2m:[0m ✅ Transaction 0x29b98723712692edb49038600f3a1e09fe51d01a3527bbc6daf0f460fcee5ce3 fetched and parsed in 297.904125ms
[2m2025-12-10T10:14:02.084471Z[0m [34mDEBUG[0m [2methereum_transaction_pool_monitor::mempool_monitor[0m[2m:[0m 🔍 Skipping tx 0x29b98723712692edb49038600f3a1e09fe51d01a3527bbc6daf0f460fcee5ce3 - not a DEX interaction (target: 0x111111125421cA6dc452d289314280a0f8842A65)
[2m2025-12-10T10:14:02.084479Z[0m [34mDEBUG[0m [2methereum_transaction_pool_monitor::mempool_monitor[0m[2m:[0m 📨 Processing new pending transaction: 0xbd47c60a055bfa0f4871d4681958be4333c5e58d5e8e36a56004cede33720a82
[2m2025-12-10T10:14:02.084483Z[0m [34mDEBUG[0m [2methereum_transaction_pool_monitor::mempool_monitor[0m[2m:[0m 🔍 Fetching transaction details for: 0xbd47c60a055bfa0f4871d4681958be4333c5e58d5e8e36a56004cede33720a82
[2m2025-12-10T10:14:02.084486Z[0m [34mDEBUG[0m [2methereum_transaction_pool_monitor::eth_client[0m[2m:[0m 🔍 Fetching transaction details for hash: 0xbd47c60a055bfa0f4871d4681958be4333c5e58d5e8e36a56004cede33720a82
[2m2025-12-10T10:14:02.084502Z[0m [34mDEBUG[0m [2mhyper::client::pool[0m[2m:[0m reuse idle connection for ("http", 192.168.0.14:8545)
[2m2025-12-10T10:14:02.084538Z[0m [34mDEBUG[0m [2mhyper::proto::h1::io[0m[2m:[0m flushed 250 bytes
[2m2025-12-10T10:14:02.172729Z[0m [34mDEBUG[0m [2mhyper::proto::h1::io[0m[2m:[0m parsed 4 headers
[2m2025-12-10T10:14:02.172745Z[0m [34mDEBUG[0m [2mhyper::proto::h1::conn[0m[2m:[0m incoming body is content-length (653 bytes)
[2m2025-12-10T10:14:02.172754Z[0m [34mDEBUG[0m [2mhyper::proto::h1::conn[0m[2m:[0m incoming body completed
[2m2025-12-10T10:14:02.172753Z[0m [34mDEBUG[0m [2mhyper::proto::h1::io[0m[2m:[0m parsed 4 headers
[2m2025-12-10T10:14:02.172786Z[0m [34mDEBUG[0m [2mhyper::proto::h1::conn[0m[2m:[0m incoming body is content-length (45 bytes)
[2m2025-12-10T10:14:02.172769Z[0m [34mDEBUG[0m [2mhyper::client::pool[0m[2m:[0m pooling idle connection for ("http", 192.168.0.14:8545)
[2m2025-12-10T10:14:02.172792Z[0m [34mDEBUG[0m [2mhyper::proto::h1::conn[0m[2m:[0m incoming body completed
[2m2025-12-10T10:14:02.172831Z[0m [34mDEBUG[0m [2mhyper::client::pool[0m[2m:[0m pooling idle connection for ("http", 192.168.0.14:8545)
[2m2025-12-10T10:14:02.172812Z[0m [34mDEBUG[0m [2methereum_transaction_pool_monitor::eth_client[0m[2m:[0m 📡 Transaction fetch RPC completed in 88.322583ms
[2m2025-12-10T10:14:02.172862Z[0m [34mDEBUG[0m [2mhyper::client::pool[0m[2m:[0m reuse idle connection for ("http", 192.168.0.14:8545)
[2m2025-12-10T10:14:02.172887Z[0m [34mDEBUG[0m [2mhyper::proto::h1::io[0m[2m:[0m flushed 172 bytes
[2m2025-12-10T10:14:02.192169Z[0m [34mDEBUG[0m [2mhyper::proto::h1::io[0m[2m:[0m parsed 4 headers
[2m2025-12-10T10:14:02.192212Z[0m [34mDEBUG[0m [2mhyper::proto::h1::conn[0m[2m:[0m incoming body is content-length (45 bytes)
[2m2025-12-10T10:14:02.192253Z[0m [34mDEBUG[0m [2mhyper::proto::h1::conn[0m[2m:[0m incoming body completed
[2m2025-12-10T10:14:02.192287Z[0m [34mDEBUG[0m [2mhyper::client::pool[0m[2m:[0m pooling idle connection for ("http", 192.168.0.14:8545)
[2m2025-12-10T10:14:02.192341Z[0m [34mDEBUG[0m [2mhyper::client::pool[0m[2m:[0m reuse idle connection for ("http", 192.168.0.14:8545)
[2m2025-12-10T10:14:02.192391Z[0m [34mDEBUG[0m [2mhyper::proto::h1::io[0m[2m:[0m flushed 172 bytes
[2m2025-12-10T10:14:02.196719Z[0m [34mDEBUG[0m [2mhyper::proto::h1::io[0m[2m:[0m parsed 4 headers
[2m2025-12-10T10:14:02.196757Z[0m [34mDEBUG[0m [2mhyper::proto::h1::conn[0m[2m:[0m incoming body is content-length (45 bytes)
[2m2025-12-10T10:14:02.196769Z[0m [34mDEBUG[0m [2mhyper::proto::h1::conn[0m[2m:[0m incoming body completed
[2m2025-12-10T10:14:02.196782Z[0m [34mDEBUG[0m [2mhyper::client::pool[0m[2m:[0m pooling idle connection for ("http", 192.168.0.14:8545)
[2m2025-12-10T10:14:02.196824Z[0m [34mDEBUG[0m [2mhyper::client::pool[0m[2m:[0m reuse idle connection for ("http", 192.168.0.14:8545)
[2m2025-12-10T10:14:02.196865Z[0m [34mDEBUG[0m [2mhyper::proto::h1::io[0m[2m:[0m flushed 172 bytes
[2m2025-12-10T10:14:02.202630Z[0m [34mDEBUG[0m [2mhyper::proto::h1::io[0m[2m:[0m parsed 4 headers
[2m2025-12-10T10:14:02.202648Z[0m [34mDEBUG[0m [2mhyper::proto::h1::conn[0m[2m:[0m incoming body is content-length (45 bytes)
[2m2025-12-10T10:14:02.202657Z[0m [34mDEBUG[0m [2mhyper::proto::h1::conn[0m[2m:[0m incoming body completed
[2m2025-12-10T10:14:02.202666Z[0m [34mDEBUG[0m [2mhyper::client::pool[0m[2m:[0m pooling idle connection for ("http", 192.168.0.14:8545)
[2m2025-12-10T10:14:02.202687Z[0m [34mDEBUG[0m [2mhyper::client::pool[0m[2m:[0m reuse idle connection for ("http", 192.168.0.14:8545)
[2m2025-12-10T10:14:02.202722Z[0m [34mDEBUG[0m [2mhyper::proto::h1::io[0m[2m:[0m flushed 172 bytes
[2m2025-12-10T10:14:02.244937Z[0m [34mDEBUG[0m [2methereum_transaction_pool_monitor::eth_client[0m[2m:[0m ✅ Transaction 0xbd47c60a055bfa0f4871d4681958be4333c5e58d5e8e36a56004cede33720a82 fetched and parsed in 160.444416ms
[2m2025-12-10T10:14:02.244965Z[0m [34mDEBUG[0m [2methereum_transaction_pool_monitor::mempool_monitor[0m[2m:[0m 🔍 Skipping tx 0xbd47c60a055bfa0f4871d4681958be4333c5e58d5e8e36a56004cede33720a82 - not a DEX interaction (target: 0x74EA85692B87354C1439649fA934244844a1F6d3)
[2m2025-12-10T10:14:02.244975Z[0m [34mDEBUG[0m [2methereum_transaction_pool_monitor::mempool_monitor[0m[2m:[0m 📨 Processing new pending transaction: 0xf506804d4954c7ef14b6c5977282b8c3b95d381c4cb7dbe94ff5bc2ce3f416df
[2m2025-12-10T10:14:02.244979Z[0m [34mDEBUG[0m [2methereum_transaction_pool_monitor::mempool_monitor[0m[2m:[0m 🔍 Fetching transaction details for: 0xf506804d4954c7ef14b6c5977282b8c3b95d381c4cb7dbe94ff5bc2ce3f416df
[2m2025-12-10T10:14:02.244984Z[0m [34mDEBUG[0m [2methereum_transaction_pool_monitor::eth_client[0m[2m:[0m 🔍 Fetching transaction details for hash: 0xf506804d4954c7ef14b6c5977282b8c3b95d381c4cb7dbe94ff5bc2ce3f416df
[2m2025-12-10T10:14:02.245006Z[0m [34mDEBUG[0m [2mhyper::client::pool[0m[2m:[0m reuse idle connection for ("http", 192.168.0.14:8545)
[2m2025-12-10T10:14:02.245051Z[0m [34mDEBUG[0m [2mhyper::proto::h1::io[0m[2m:[0m flushed 250 bytes
[2m2025-12-10T10:14:02.253863Z[0m [34mDEBUG[0m [2mhyper::proto::h1::io[0m[2m:[0m parsed 4 headers
[2m2025-12-10T10:14:02.253922Z[0m [34mDEBUG[0m [2mhyper::proto::h1::conn[0m[2m:[0m incoming body is content-length (45 bytes)
[2m2025-12-10T10:14:02.253938Z[0m [34mDEBUG[0m [2mhyper::proto::h1::conn[0m[2m:[0m incoming body completed
[2m2025-12-10T10:14:02.253954Z[0m [34mDEBUG[0m [2mhyper::client::pool[0m[2m:[0m pooling idle connection for ("http", 192.168.0.14:8545)
[2m2025-12-10T10:14:02.253998Z[0m [34mDEBUG[0m [2mhyper::client::pool[0m[2m:[0m reuse idle connection for ("http", 192.168.0.14:8545)
[2m2025-12-10T10:14:02.254039Z[0m [34mDEBUG[0m [2mhyper::proto::h1::io[0m[2m:[0m flushed 172 bytes
[2m2025-12-10T10:14:02.274509Z[0m [34mDEBUG[0m [2mhyper::proto::h1::io[0m[2m:[0m parsed 4 headers
[2m2025-12-10T10:14:02.274528Z[0m [34mDEBUG[0m [2mhyper::proto::h1::conn[0m[2m:[0m incoming body is content-length (45 bytes)
[2m2025-12-10T10:14:02.274537Z[0m [34mDEBUG[0m [2mhyper::proto::h1::conn[0m[2m:[0m incoming body completed
[2m2025-12-10T10:14:02.274547Z[0m [34mDEBUG[0m [2mhyper::client::pool[0m[2m:[0m pooling idle connection for ("http", 192.168.0.14:8545)
[2m2025-12-10T10:14:02.274574Z[0m [34mDEBUG[0m [2mhyper::client::pool[0m[2m:[0m reuse idle connection for ("http", 192.168.0.14:8545)
[2m2025-12-10T10:14:02.274595Z[0m [34mDEBUG[0m [2mhyper::proto::h1::io[0m[2m:[0m flushed 172 bytes
[2m2025-12-10T10:14:02.336333Z[0m [34mDEBUG[0m [2mhyper::proto::h1::io[0m[2m:[0m parsed 4 headers
[2m2025-12-10T10:14:02.336357Z[0m [34mDEBUG[0m [2mhyper::proto::h1::conn[0m[2m:[0m incoming body is content-length (647 bytes)
[2m2025-12-10T10:14:02.336369Z[0m [34mDEBUG[0m [2mhyper::proto::h1::conn[0m[2m:[0m incoming body completed
[2m2025-12-10T10:14:02.336391Z[0m [34mDEBUG[0m [2mhyper::client::pool[0m[2m:[0m pooling idle connection for ("http", 192.168.0.14:8545)
[2m2025-12-10T10:14:02.336400Z[0m [34mDEBUG[0m [2methereum_transaction_pool_monitor::eth_client[0m[2m:[0m 📡 Transaction fetch RPC completed in 91.4115ms
[2m2025-12-10T10:14:02.406436Z[0m [34mDEBUG[0m [2methereum_transaction_pool_monitor::eth_client[0m[2m:[0m ✅ Transaction 0xf506804d4954c7ef14b6c5977282b8c3b95d381c4cb7dbe94ff5bc2ce3f416df fetched and parsed in 161.444625ms
[2m2025-12-10T10:14:02.406461Z[0m [34mDEBUG[0m [2methereum_transaction_pool_monitor::mempool_monitor[0m[2m:[0m 🔍 Skipping tx 0xf506804d4954c7ef14b6c5977282b8c3b95d381c4cb7dbe94ff5bc2ce3f416df - not a DEX interaction (target: 0x1E9E1987E4b0b7ED2316B1EbEf0fd61f8eDaB1D7)
[2m2025-12-10T10:14:02.406470Z[0m [34mDEBUG[0m [2methereum_transaction_pool_monitor::mempool_monitor[0m[2m:[0m 📨 Processing new pending transaction: 0x5d994a491c67cd7a86ca87444829d4e921bf3b2179bf45f68aa606afbf43bb83
[2m2025-12-10T10:14:02.406473Z[0m [34mDEBUG[0m [2methereum_transaction_pool_monitor::mempool_monitor[0m[2m:[0m 🔍 Fetching transaction details for: 0x5d994a491c67cd7a86ca87444829d4e921bf3b2179bf45f68aa606afbf43bb83
[2m2025-12-10T10:14:02.406477Z[0m [34mDEBUG[0m [2methereum_transaction_pool_monitor::eth_client[0m[2m:[0m 🔍 Fetching transaction details for hash: 0x5d994a491c67cd7a86ca87444829d4e921bf3b2179bf45f68aa606afbf43bb83
[2m2025-12-10T10:14:02.406495Z[0m [34mDEBUG[0m [2mhyper::client::pool[0m[2m:[0m reuse idle connection for ("http", 192.168.0.14:8545)
[2m2025-12-10T10:14:02.406552Z[0m [34mDEBUG[0m [2mhyper::proto::h1::io[0m[2m:[0m flushed 250 bytes
[2m2025-12-10T10:14:02.406572Z[0m [34mDEBUG[0m [2mhyper::proto::h1::io[0m[2m:[0m parsed 4 headers
[2m2025-12-10T10:14:02.406576Z[0m [34mDEBUG[0m [2mhyper::proto::h1::conn[0m[2m:[0m incoming body is content-length (45 bytes)
[2m2025-12-10T10:14:02.406582Z[0m [34mDEBUG[0m [2mhyper::proto::h1::conn[0m[2m:[0m incoming body completed
[2m2025-12-10T10:14:02.406589Z[0m [34mDEBUG[0m [2mhyper::client::pool[0m[2m:[0m pooling idle connection for ("http", 192.168.0.14:8545)
[2m2025-12-10T10:14:02.406605Z[0m [34mDEBUG[0m [2mhyper::client::pool[0m[2m:[0m reuse idle connection for ("http", 192.168.0.14:8545)
[2m2025-12-10T10:14:02.406619Z[0m [34mDEBUG[0m [2mhyper::proto::h1::io[0m[2m:[0m flushed 172 bytes
[2m2025-12-10T10:14:02.411189Z[0m [34mDEBUG[0m [2mhyper::proto::h1::io[0m[2m:[0m parsed 4 headers
[2m2025-12-10T10:14:02.411196Z[0m [34mDEBUG[0m [2mhyper::proto::h1::conn[0m[2m:[0m incoming body is content-length (45 bytes)
[2m2025-12-10T10:14:02.411200Z[0m [34mDEBUG[0m [2mhyper::proto::h1::conn[0m[2m:[0m incoming body completed
[2m2025-12-10T10:14:02.411206Z[0m [34mDEBUG[0m [2mhyper::client::pool[0m[2m:[0m pooling idle connection for ("http", 192.168.0.14:8545)
[2m2025-12-10T10:14:02.411222Z[0m [34mDEBUG[0m [2mhyper::client::pool[0m[2m:[0m reuse idle connection for ("http", 192.168.0.14:8545)
[2m2025-12-10T10:14:02.411238Z[0m [34mDEBUG[0m [2mhyper::proto::h1::io[0m[2m:[0m flushed 172 bytes
[2m2025-12-10T10:14:02.415550Z[0m [34mDEBUG[0m [2mhyper::proto::h1::io[0m[2m:[0m parsed 4 headers
[2m2025-12-10T10:14:02.415554Z[0m [34mDEBUG[0m [2mhyper::proto::h1::conn[0m[2m:[0m incoming body is content-length (45 bytes)
[2m2025-12-10T10:14:02.415558Z[0m [34mDEBUG[0m [2mhyper::proto::h1::conn[0m[2m:[0m incoming body completed
[2m2025-12-10T10:14:02.415563Z[0m [34mDEBUG[0m [2mhyper::client::pool[0m[2m:[0m pooling idle connection for ("http", 192.168.0.14:8545)
[2m2025-12-10T10:14:02.415575Z[0m [34mDEBUG[0m [2mhyper::client::pool[0m[2m:[0m reuse idle connection for ("http", 192.168.0.14:8545)
[2m2025-12-10T10:14:02.415590Z[0m [34mDEBUG[0m [2mhyper::proto::h1::io[0m[2m:[0m flushed 172 bytes
[2m2025-12-10T10:14:03.538467Z[0m [34mDEBUG[0m [2mhyper::proto::h1::io[0m[2m:[0m parsed 4 headers
[2m2025-12-10T10:14:03.538747Z[0m [34mDEBUG[0m [2mhyper::proto::h1::conn[0m[2m:[0m incoming body is content-length (45 bytes)
[2m2025-12-10T10:14:03.538778Z[0m [34mDEBUG[0m [2mhyper::proto::h1::conn[0m[2m:[0m incoming body completed
[2m2025-12-10T10:14:03.538808Z[0m [34mDEBUG[0m [2mhyper::client::pool[0m[2m:[0m pooling idle connection for ("http", 192.168.0.14:8545)
[2m2025-12-10T10:14:03.538869Z[0m [34mDEBUG[0m [2mhyper::client::pool[0m[2m:[0m reuse idle connection for ("http", 192.168.0.14:8545)
[2m2025-12-10T10:14:03.538936Z[0m [34mDEBUG[0m [2mhyper::proto::h1::io[0m[2m:[0m flushed 172 bytes
[2m2025-12-10T10:14:03.577402Z[0m [34mDEBUG[0m [2mhyper::proto::h1::io[0m[2m:[0m parsed 4 headers
[2m2025-12-10T10:14:03.577472Z[0m [34mDEBUG[0m [2mhyper::proto::h1::conn[0m[2m:[0m incoming body is content-length (45 bytes)
[2m2025-12-10T10:14:03.577498Z[0m [34mDEBUG[0m [2mhyper::proto::h1::conn[0m[2m:[0m incoming body completed
[2m2025-12-10T10:14:03.577530Z[0m [34mDEBUG[0m [2mhyper::client::pool[0m[2m:[0m pooling idle connection for ("http", 192.168.0.14:8545)
[2m2025-12-10T10:14:03.577595Z[0m [34mDEBUG[0m [2mhyper::client::pool[0m[2m:[0m reuse idle connection for ("http", 192.168.0.14:8545)
[2m2025-12-10T10:14:03.577677Z[0m [34mDEBUG[0m [2mhyper::proto::h1::io[0m[2m:[0m flushed 172 bytes
[2m2025-12-10T10:14:03.582565Z[0m [34mDEBUG[0m [2mhyper::proto::h1::io[0m[2m:[0m parsed 4 headers
[2m2025-12-10T10:14:03.582630Z[0m [34mDEBUG[0m [2mhyper::proto::h1::conn[0m[2m:[0m incoming body is content-length (45 bytes)
[2m2025-12-10T10:14:03.582654Z[0m [34mDEBUG[0m [2mhyper::proto::h1::conn[0m[2m:[0m incoming body completed
[2m2025-12-10T10:14:03.582685Z[0m [34mDEBUG[0m [2mhyper::client::pool[0m[2m:[0m pooling idle connection for ("http", 192.168.0.14:8545)
[2m2025-12-10T10:14:03.582747Z[0m [34mDEBUG[0m [2mhyper::client::pool[0m[2m:[0m reuse idle connection for ("http", 192.168.0.14:8545)
[2m2025-12-10T10:14:03.582825Z[0m [34mDEBUG[0m [2mhyper::proto::h1::io[0m[2m:[0m flushed 172 bytes
[2m2025-12-10T10:14:03.589064Z[0m [34mDEBUG[0m [2mhyper::proto::h1::io[0m[2m:[0m parsed 4 headers
[2m2025-12-10T10:14:03.589120Z[0m [34mDEBUG[0m [2mhyper::proto::h1::conn[0m[2m:[0m incoming body is content-length (45 bytes)
[2m2025-12-10T10:14:03.589140Z[0m [34mDEBUG[0m [2mhyper::proto::h1::conn[0m[2m:[0m incoming body completed
[2m2025-12-10T10:14:03.589165Z[0m [34mDEBUG[0m [2mhyper::client::pool[0m[2m:[0m pooling idle connection for ("http", 192.168.0.14:8545)
[2m2025-12-10T10:14:03.589240Z[0m [34mDEBUG[0m [2mhyper::client::pool[0m[2m:[0m reuse idle connection for ("http", 192.168.0.14:8545)
[2m2025-12-10T10:14:03.589318Z[0m [34mDEBUG[0m [2mhyper::proto::h1::io[0m[2m:[0m flushed 172 bytes
[2m2025-12-10T10:14:03.595066Z[0m [34mDEBUG[0m [2mhyper::proto::h1::io[0m[2m:[0m parsed 4 headers
[2m2025-12-10T10:14:03.595099Z[0m [34mDEBUG[0m [2mhyper::proto::h1::conn[0m[2m:[0m incoming body is content-length (45 bytes)
[2m2025-12-10T10:14:03.595110Z[0m [34mDEBUG[0m [2mhyper::proto::h1::conn[0m[2m:[0m incoming body completed
[2m2025-12-10T10:14:03.595123Z[0m [34mDEBUG[0m [2mhyper::client::pool[0m[2m:[0m pooling idle connection for ("http", 192.168.0.14:8545)
[2m2025-12-10T10:14:03.595154Z[0m [34mDEBUG[0m [2mhyper::client::pool[0m[2m:[0m reuse idle connection for ("http", 192.168.0.14:8545)
[2m2025-12-10T10:14:03.595196Z[0m [34mDEBUG[0m [2mhyper::proto::h1::io[0m[2m:[0m flushed 172 bytes
[2m2025-12-10T10:14:03.600911Z[0m [34mDEBUG[0m [2mhyper::proto::h1::io[0m[2m:[0m parsed 4 headers
[2m2025-12-10T10:14:03.600933Z[0m [34mDEBUG[0m [2mhyper::proto::h1::conn[0m[2m:[0m incoming body is content-length (45 bytes)
[2m2025-12-10T10:14:03.600942Z[0m [34mDEBUG[0m [2mhyper::proto::h1::conn[0m[2m:[0m incoming body completed
[2m2025-12-10T10:14:03.600952Z[0m [34mDEBUG[0m [2mhyper::client::pool[0m[2m:[0m pooling idle connection for ("http", 192.168.0.14:8545)
[2m2025-12-10T10:14:03.600978Z[0m [34mDEBUG[0m [2mhyper::client::pool[0m[2m:[0m reuse idle connection for ("http", 192.168.0.14:8545)
[2m2025-12-10T10:14:03.601016Z[0m [34mDEBUG[0m [2mhyper::proto::h1::io[0m[2m:[0m flushed 172 bytes
[2m2025-12-10T10:14:03.605106Z[0m [34mDEBUG[0m [2mhyper::proto::h1::io[0m[2m:[0m parsed 4 headers
[2m2025-12-10T10:14:03.605126Z[0m [34mDEBUG[0m [2mhyper::proto::h1::conn[0m[2m:[0m incoming body is content-length (45 bytes)
[2m2025-12-10T10:14:03.605135Z[0m [34mDEBUG[0m [2mhyper::proto::h1::conn[0m[2m:[0m incoming body completed
[2m2025-12-10T10:14:03.605145Z[0m [34mDEBUG[0m [2mhyper::client::pool[0m[2m:[0m pooling idle connection for ("http", 192.168.0.14:8545)
[2m2025-12-10T10:14:03.605174Z[0m [34mDEBUG[0m [2mhyper::client::pool[0m[2m:[0m reuse idle connection for ("http", 192.168.0.14:8545)
[2m2025-12-10T10:14:03.605208Z[0m [34mDEBUG[0m [2mhyper::proto::h1::io[0m[2m:[0m flushed 172 bytes
[2m2025-12-10T10:14:03.615609Z[0m [34mDEBUG[0m [2mhyper::proto::h1::io[0m[2m:[0m parsed 4 headers
[2m2025-12-10T10:14:03.615632Z[0m [34mDEBUG[0m [2mhyper::proto::h1::conn[0m[2m:[0m incoming body is content-length (45 bytes)
[2m2025-12-10T10:14:03.615640Z[0m [34mDEBUG[0m [2mhyper::proto::h1::conn[0m[2m:[0m incoming body completed
[2m2025-12-10T10:14:03.615650Z[0m [34mDEBUG[0m [2mhyper::client::pool[0m[2m:[0m pooling idle connection for ("http", 192.168.0.14:8545)
[2m2025-12-10T10:14:03.615674Z[0m [34mDEBUG[0m [2mhyper::client::pool[0m[2m:[0m reuse idle connection for ("http", 192.168.0.14:8545)
[2m2025-12-10T10:14:03.615708Z[0m [34mDEBUG[0m [2mhyper::proto::h1::io[0m[2m:[0m flushed 172 bytes
[2m2025-12-10T10:14:03.620138Z[0m [34mDEBUG[0m [2mhyper::proto::h1::io[0m[2m:[0m parsed 4 headers
[2m2025-12-10T10:14:03.620156Z[0m [34mDEBUG[0m [2mhyper::proto::h1::conn[0m[2m:[0m incoming body is content-length (45 bytes)
[2m2025-12-10T10:14:03.620164Z[0m [34mDEBUG[0m [2mhyper::proto::h1::conn[0m[2m:[0m incoming body completed
[2m2025-12-10T10:14:03.620174Z[0m [34mDEBUG[0m [2mhyper::client::pool[0m[2m:[0m pooling idle connection for ("http", 192.168.0.14:8545)
[2m2025-12-10T10:14:03.620198Z[0m [34mDEBUG[0m [2mhyper::client::pool[0m[2m:[0m reuse idle connection for ("http", 192.168.0.14:8545)
[2m2025-12-10T10:14:03.620230Z[0m [34mDEBUG[0m [2mhyper::proto::h1::io[0m[2m:[0m flushed 172 bytes
[2m2025-12-10T10:14:03.624662Z[0m [34mDEBUG[0m [2mhyper::proto::h1::io[0m[2m:[0m parsed 4 headers
[2m2025-12-10T10:14:03.624672Z[0m [34mDEBUG[0m [2mhyper::proto::h1::conn[0m[2m:[0m incoming body is content-length (45 bytes)
[2m2025-12-10T10:14:03.624678Z[0m [34mDEBUG[0m [2mhyper::proto::h1::conn[0m[2m:[0m incoming body completed
[2m2025-12-10T10:14:03.624686Z[0m [34mDEBUG[0m [2mhyper::client::pool[0m[2m:[0m pooling idle connection for ("http", 192.168.0.14:8545)
[2m2025-12-10T10:14:03.624702Z[0m [34mDEBUG[0m [2mhyper::client::pool[0m[2m:[0m reuse idle connection for ("http", 192.168.0.14:8545)
[2m2025-12-10T10:14:03.624721Z[0m [34mDEBUG[0m [2mhyper::proto::h1::io[0m[2m:[0m flushed 172 bytes
[2m2025-12-10T10:14:03.629256Z[0m [34mDEBUG[0m [2mhyper::proto::h1::io[0m[2m:[0m parsed 4 headers
[2m2025-12-10T10:14:03.630696Z[0m [34mDEBUG[0m [2mhyper::proto::h1::conn[0m[2m:[0m incoming body is content-length (45 bytes)
[2m2025-12-10T10:14:03.630709Z[0m [34mDEBUG[0m [2mhyper::proto::h1::conn[0m[2m:[0m incoming body completed
[2m2025-12-10T10:14:03.630727Z[0m [34mDEBUG[0m [2mhyper::client::pool[0m[2m:[0m pooling idle connection for ("http", 192.168.0.14:8545)
[2m2025-12-10T10:14:03.630751Z[0m [34mDEBUG[0m [2mhyper::client::pool[0m[2m:[0m reuse idle connection for ("http", 192.168.0.14:8545)
[2m2025-12-10T10:14:03.630796Z[0m [34mDEBUG[0m [2mhyper::proto::h1::io[0m[2m:[0m flushed 172 bytes
[2m2025-12-10T10:14:03.634256Z[0m [34mDEBUG[0m [2mhyper::proto::h1::io[0m[2m:[0m parsed 4 headers
[2m2025-12-10T10:14:03.634270Z[0m [34mDEBUG[0m [2mhyper::proto::h1::conn[0m[2m:[0m incoming body is content-length (45 bytes)
[2m2025-12-10T10:14:03.634278Z[0m [34mDEBUG[0m [2mhyper::proto::h1::conn[0m[2m:[0m incoming body completed
[2m2025-12-10T10:14:03.634286Z[0m [34mDEBUG[0m [2mhyper::client::pool[0m[2m:[0m pooling idle connection for ("http", 192.168.0.14:8545)
[2m2025-12-10T10:14:03.634303Z[0m [34mDEBUG[0m [2mhyper::client::pool[0m[2m:[0m reuse idle connection for ("http", 192.168.0.14:8545)
[2m2025-12-10T10:14:03.634328Z[0m [34mDEBUG[0m [2mhyper::proto::h1::io[0m[2m:[0m flushed 172 bytes
[2m2025-12-10T10:14:03.638241Z[0m [34mDEBUG[0m [2mhyper::proto::h1::io[0m[2m:[0m parsed 4 headers
[2m2025-12-10T10:14:03.638254Z[0m [34mDEBUG[0m [2mhyper::proto::h1::conn[0m[2m:[0m incoming body is content-length (45 bytes)
[2m2025-12-10T10:14:03.638264Z[0m [34mDEBUG[0m [2mhyper::proto::h1::conn[0m[2m:[0m incoming body completed
[2m2025-12-10T10:14:03.638274Z[0m [34mDEBUG[0m [2mhyper::client::pool[0m[2m:[0m pooling idle connection for ("http", 192.168.0.14:8545)
[2m2025-12-10T10:14:03.638299Z[0m [34mDEBUG[0m [2mhyper::client::pool[0m[2m:[0m reuse idle connection for ("http", 192.168.0.14:8545)
[2m2025-12-10T10:14:03.638323Z[0m [34mDEBUG[0m [2mhyper::proto::h1::io[0m[2m:[0m flushed 172 bytes
[2m2025-12-10T10:14:03.643649Z[0m [34mDEBUG[0m [2mhyper::proto::h1::io[0m[2m:[0m parsed 4 headers
[2m2025-12-10T10:14:03.643655Z[0m [34mDEBUG[0m [2mhyper::proto::h1::conn[0m[2m:[0m incoming body is content-length (45 bytes)
[2m2025-12-10T10:14:03.643661Z[0m [34mDEBUG[0m [2mhyper::proto::h1::conn[0m[2m:[0m incoming body completed
[2m2025-12-10T10:14:03.643667Z[0m [34mDEBUG[0m [2mhyper::client::pool[0m[2m:[0m pooling idle connection for ("http", 192.168.0.14:8545)
[2m2025-12-10T10:14:03.643682Z[0m [34mDEBUG[0m [2mhyper::client::pool[0m[2m:[0m reuse idle connection for ("http", 192.168.0.14:8545)
[2m2025-12-10T10:14:03.643698Z[0m [34mDEBUG[0m [2mhyper::proto::h1::io[0m[2m:[0m flushed 172 bytes
[2m2025-12-10T10:14:03.647947Z[0m [34mDEBUG[0m [2mhyper::proto::h1::io[0m[2m:[0m parsed 4 headers
[2m2025-12-10T10:14:03.647956Z[0m [34mDEBUG[0m [2mhyper::proto::h1::conn[0m[2m:[0m incoming body is content-length (45 bytes)
[2m2025-12-10T10:14:03.647961Z[0m [34mDEBUG[0m [2mhyper::proto::h1::conn[0m[2m:[0m incoming body completed
[2m2025-12-10T10:14:03.647968Z[0m [34mDEBUG[0m [2mhyper::client::pool[0m[2m:[0m pooling idle connection for ("http", 192.168.0.14:8545)
[2m2025-12-10T10:14:03.647983Z[0m [34mDEBUG[0m [2mhyper::client::pool[0m[2m:[0m reuse idle connection for ("http", 192.168.0.14:8545)
[2m2025-12-10T10:14:03.648004Z[0m [34mDEBUG[0m [2mhyper::proto::h1::io[0m[2m:[0m flushed 172 bytes
[2m2025-12-10T10:14:03.654316Z[0m [34mDEBUG[0m [2mhyper::proto::h1::io[0m[2m:[0m parsed 4 headers
[2m2025-12-10T10:14:03.654324Z[0m [34mDEBUG[0m [2mhyper::proto::h1::conn[0m[2m:[0m incoming body is content-length (45 bytes)
[2m2025-12-10T10:14:03.654330Z[0m [34mDEBUG[0m [2mhyper::proto::h1::conn[0m[2m:[0m incoming body completed
[2m2025-12-10T10:14:03.654339Z[0m [34mDEBUG[0m [2mhyper::client::pool[0m[2m:[0m pooling idle connection for ("http", 192.168.0.14:8545)
[2m2025-12-10T10:14:03.654357Z[0m [34mDEBUG[0m [2mhyper::client::pool[0m[2m:[0m reuse idle connection for ("http", 192.168.0.14:8545)
[2m2025-12-10T10:14:03.654375Z[0m [34mDEBUG[0m [2mhyper::proto::h1::io[0m[2m:[0m flushed 172 bytes
[2m2025-12-10T10:14:03.658568Z[0m [34mDEBUG[0m [2mhyper::proto::h1::io[0m[2m:[0m parsed 4 headers
[2m2025-12-10T10:14:03.658575Z[0m [34mDEBUG[0m [2mhyper::proto::h1::conn[0m[2m:[0m incoming body is content-length (45 bytes)
[2m2025-12-10T10:14:03.658580Z[0m [34mDEBUG[0m [2mhyper::proto::h1::conn[0m[2m:[0m incoming body completed
[2m2025-12-10T10:14:03.658586Z[0m [34mDEBUG[0m [2mhyper::client::pool[0m[2m:[0m pooling idle connection for ("http", 192.168.0.14:8545)
[2m2025-12-10T10:14:03.658598Z[0m [34mDEBUG[0m [2mhyper::client::pool[0m[2m:[0m reuse idle connection for ("http", 192.168.0.14:8545)
[2m2025-12-10T10:14:03.658612Z[0m [34mDEBUG[0m [2mhyper::proto::h1::io[0m[2m:[0m flushed 172 bytes
[2m2025-12-10T10:14:03.665051Z[0m [34mDEBUG[0m [2mhyper::proto::h1::io[0m[2m:[0m parsed 4 headers
[2m2025-12-10T10:14:03.665062Z[0m [34mDEBUG[0m [2mhyper::proto::h1::conn[0m[2m:[0m incoming body is content-length (45 bytes)
[2m2025-12-10T10:14:03.665068Z[0m [34mDEBUG[0m [2mhyper::proto::h1::conn[0m[2m:[0m incoming body completed
[2m2025-12-10T10:14:03.665075Z[0m [34mDEBUG[0m [2mhyper::client::pool[0m[2m:[0m pooling idle connection for ("http", 192.168.0.14:8545)
[2m2025-12-10T10:14:03.665089Z[0m [34mDEBUG[0m [2mhyper::client::pool[0m[2m:[0m reuse idle connection for ("http", 192.168.0.14:8545)
[2m2025-12-10T10:14:03.665113Z[0m [34mDEBUG[0m [2mhyper::proto::h1::io[0m[2m:[0m flushed 172 bytes
[2m2025-12-10T10:14:03.669764Z[0m [34mDEBUG[0m [2mhyper::proto::h1::io[0m[2m:[0m parsed 4 headers
[2m2025-12-10T10:14:03.669776Z[0m [34mDEBUG[0m [2mhyper::proto::h1::conn[0m[2m:[0m incoming body is content-length (45 bytes)
[2m2025-12-10T10:14:03.669783Z[0m [34mDEBUG[0m [2mhyper::proto::h1::conn[0m[2m:[0m incoming body completed
[2m2025-12-10T10:14:03.669790Z[0m [34mDEBUG[0m [2mhyper::client::pool[0m[2m:[0m pooling idle connection for ("http", 192.168.0.14:8545)
[2m2025-12-10T10:14:03.669805Z[0m [34mDEBUG[0m [2mhyper::client::pool[0m[2m:[0m reuse idle connection for ("http", 192.168.0.14:8545)
[2m2025-12-10T10:14:03.669828Z[0m [34mDEBUG[0m [2mhyper::proto::h1::io[0m[2m:[0m flushed 172 bytes
[2m2025-12-10T10:14:03.674471Z[0m [34mDEBUG[0m [2mhyper::proto::h1::io[0m[2m:[0m parsed 4 headers
[2m2025-12-10T10:14:03.674477Z[0m [34mDEBUG[0m [2mhyper::proto::h1::conn[0m[2m:[0m incoming body is content-length (45 bytes)
[2m2025-12-10T10:14:03.674482Z[0m [34mDEBUG[0m [2mhyper::proto::h1::conn[0m[2m:[0m incoming body completed
[2m2025-12-10T10:14:03.674487Z[0m [34mDEBUG[0m [2mhyper::client::pool[0m[2m:[0m pooling idle connection for ("http", 192.168.0.14:8545)
[2m2025-12-10T10:14:03.674497Z[0m [34mDEBUG[0m [2mhyper::client::pool[0m[2m:[0m reuse idle connection for ("http", 192.168.0.14:8545)
[2m2025-12-10T10:14:03.674514Z[0m [34mDEBUG[0m [2mhyper::proto::h1::io[0m[2m:[0m flushed 172 bytes
[2m2025-12-10T10:14:03.678632Z[0m [34mDEBUG[0m [2mhyper::proto::h1::io[0m[2m:[0m parsed 4 headers
[2m2025-12-10T10:14:03.678642Z[0m [34mDEBUG[0m [2mhyper::proto::h1::conn[0m[2m:[0m incoming body is content-length (45 bytes)
[2m2025-12-10T10:14:03.678647Z[0m [34mDEBUG[0m [2mhyper::proto::h1::conn[0m[2m:[0m incoming body completed
[2m2025-12-10T10:14:03.678654Z[0m [34mDEBUG[0m [2mhyper::client::pool[0m[2m:[0m pooling idle connection for ("http", 192.168.0.14:8545)
[2m2025-12-10T10:14:03.678666Z[0m [34mDEBUG[0m [2mhyper::client::pool[0m[2m:[0m reuse idle connection for ("http", 192.168.0.14:8545)
[2m2025-12-10T10:14:03.678686Z[0m [34mDEBUG[0m [2mhyper::proto::h1::io[0m[2m:[0m flushed 172 bytes
[2m2025-12-10T10:14:03.683142Z[0m [34mDEBUG[0m [2mhyper::proto::h1::io[0m[2m:[0m parsed 4 headers
[2m2025-12-10T10:14:03.683153Z[0m [34mDEBUG[0m [2mhyper::proto::h1::conn[0m[2m:[0m incoming body is content-length (45 bytes)
[2m2025-12-10T10:14:03.683160Z[0m [34mDEBUG[0m [2mhyper::proto::h1::conn[0m[2m:[0m incoming body completed
[2m2025-12-10T10:14:03.683170Z[0m [34mDEBUG[0m [2mhyper::client::pool[0m[2m:[0m pooling idle connection for ("http", 192.168.0.14:8545)
[2m2025-12-10T10:14:03.683184Z[0m [34mDEBUG[0m [2mhyper::client::pool[0m[2m:[0m reuse idle connection for ("http", 192.168.0.14:8545)
[2m2025-12-10T10:14:03.683206Z[0m [34mDEBUG[0m [2mhyper::proto::h1::io[0m[2m:[0m flushed 172 bytes
[2m2025-12-10T10:14:03.687572Z[0m [34mDEBUG[0m [2mhyper::proto::h1::io[0m[2m:[0m parsed 4 headers
[2m2025-12-10T10:14:03.687970Z[0m [34mDEBUG[0m [2mhyper::proto::h1::conn[0m[2m:[0m incoming body is content-length (45 bytes)
[2m2025-12-10T10:14:03.687981Z[0m [34mDEBUG[0m [2mhyper::proto::h1::conn[0m[2m:[0m incoming body completed
[2m2025-12-10T10:14:03.687992Z[0m [34mDEBUG[0m [2mhyper::client::pool[0m[2m:[0m pooling idle connection for ("http", 192.168.0.14:8545)
[2m2025-12-10T10:14:03.688016Z[0m [34mDEBUG[0m [2mhyper::client::pool[0m[2m:[0m reuse idle connection for ("http", 192.168.0.14:8545)
[2m2025-12-10T10:14:03.688046Z[0m [34mDEBUG[0m [2mhyper::proto::h1::io[0m[2m:[0m flushed 172 bytes
[2m2025-12-10T10:14:03.692141Z[0m [34mDEBUG[0m [2mhyper::proto::h1::io[0m[2m:[0m parsed 4 headers
[2m2025-12-10T10:14:03.692149Z[0m [34mDEBUG[0m [2mhyper::proto::h1::conn[0m[2m:[0m incoming body is content-length (45 bytes)
[2m2025-12-10T10:14:03.692156Z[0m [34mDEBUG[0m [2mhyper::proto::h1::conn[0m[2m:[0m incoming body completed
[2m2025-12-10T10:14:03.692163Z[0m [34mDEBUG[0m [2mhyper::client::pool[0m[2m:[0m pooling idle connection for ("http", 192.168.0.14:8545)
[2m2025-12-10T10:14:03.692180Z[0m [34mDEBUG[0m [2mhyper::client::pool[0m[2m:[0m reuse idle connection for ("http", 192.168.0.14:8545)
[2m2025-12-10T10:14:03.692203Z[0m [34mDEBUG[0m [2mhyper::proto::h1::io[0m[2m:[0m flushed 172 bytes
[2m2025-12-10T10:14:03.700237Z[0m [34mDEBUG[0m [2mhyper::proto::h1::io[0m[2m:[0m parsed 4 headers
[2m2025-12-10T10:14:03.700254Z[0m [34mDEBUG[0m [2mhyper::proto::h1::conn[0m[2m:[0m incoming body is content-length (45 bytes)
[2m2025-12-10T10:14:03.700261Z[0m [34mDEBUG[0m [2mhyper::proto::h1::conn[0m[2m:[0m incoming body completed
[2m2025-12-10T10:14:03.700270Z[0m [34mDEBUG[0m [2mhyper::client::pool[0m[2m:[0m pooling idle connection for ("http", 192.168.0.14:8545)
[2m2025-12-10T10:14:03.700286Z[0m [34mDEBUG[0m [2mhyper::client::pool[0m[2m:[0m reuse idle connection for ("http", 192.168.0.14:8545)
[2m2025-12-10T10:14:03.700315Z[0m [34mDEBUG[0m [2mhyper::proto::h1::io[0m[2m:[0m flushed 172 bytes
[2m2025-12-10T10:14:03.704179Z[0m [34mDEBUG[0m [2mhyper::proto::h1::io[0m[2m:[0m parsed 4 headers
[2m2025-12-10T10:14:03.704193Z[0m [34mDEBUG[0m [2mhyper::proto::h1::conn[0m[2m:[0m incoming body is content-length (45 bytes)
[2m2025-12-10T10:14:03.704202Z[0m [34mDEBUG[0m [2mhyper::proto::h1::conn[0m[2m:[0m incoming body completed
[2m2025-12-10T10:14:03.704211Z[0m [34mDEBUG[0m [2mhyper::client::pool[0m[2m:[0m pooling idle connection for ("http", 192.168.0.14:8545)
[2m2025-12-10T10:14:03.704227Z[0m [34mDEBUG[0m [2mhyper::client::pool[0m[2m:[0m reuse idle connection for ("http", 192.168.0.14:8545)
[2m2025-12-10T10:14:03.704261Z[0m [34mDEBUG[0m [2mhyper::proto::h1::io[0m[2m:[0m flushed 172 bytes
[2m2025-12-10T10:14:03.708179Z[0m [34mDEBUG[0m [2mhyper::proto::h1::io[0m[2m:[0m parsed 4 headers
[2m2025-12-10T10:14:03.708185Z[0m [34mDEBUG[0m [2mhyper::proto::h1::conn[0m[2m:[0m incoming body is content-length (45 bytes)
[2m2025-12-10T10:14:03.708190Z[0m [34mDEBUG[0m [2mhyper::proto::h1::conn[0m[2m:[0m incoming body completed
[2m2025-12-10T10:14:03.708195Z[0m [34mDEBUG[0m [2mhyper::client::pool[0m[2m:[0m pooling idle connection for ("http", 192.168.0.14:8545)
[2m2025-12-10T10:14:03.708206Z[0m [34mDEBUG[0m [2mhyper::client::pool[0m[2m:[0m reuse idle connection for ("http", 192.168.0.14:8545)
[2m2025-12-10T10:14:03.708223Z[0m [34mDEBUG[0m [2mhyper::proto::h1::io[0m[2m:[0m flushed 172 bytes
[2m2025-12-10T10:14:03.712072Z[0m [34mDEBUG[0m [2mhyper::proto::h1::io[0m[2m:[0m parsed 4 headers
[2m2025-12-10T10:14:03.712078Z[0m [34mDEBUG[0m [2mhyper::proto::h1::conn[0m[2m:[0m incoming body is content-length (45 bytes)
[2m2025-12-10T10:14:03.712083Z[0m [34mDEBUG[0m [2mhyper::proto::h1::conn[0m[2m:[0m incoming body completed
[2m2025-12-10T10:14:03.712089Z[0m [34mDEBUG[0m [2mhyper::client::pool[0m[2m:[0m pooling idle connection for ("http", 192.168.0.14:8545)
[2m2025-12-10T10:14:03.712099Z[0m [34mDEBUG[0m [2mhyper::client::pool[0m[2m:[0m reuse idle connection for ("http", 192.168.0.14:8545)
[2m2025-12-10T10:14:03.712116Z[0m [34mDEBUG[0m [2mhyper::proto::h1::io[0m[2m:[0m flushed 172 bytes
[2m2025-12-10T10:14:03.715786Z[0m [34mDEBUG[0m [2mhyper::proto::h1::io[0m[2m:[0m parsed 4 headers
[2m2025-12-10T10:14:03.715797Z[0m [34mDEBUG[0m [2mhyper::proto::h1::conn[0m[2m:[0m incoming body is content-length (45 bytes)
[2m2025-12-10T10:14:03.715802Z[0m [34mDEBUG[0m [2mhyper::proto::h1::conn[0m[2m:[0m incoming body completed
[2m2025-12-10T10:14:03.715809Z[0m [34mDEBUG[0m [2mhyper::client::pool[0m[2m:[0m pooling idle connection for ("http", 192.168.0.14:8545)
[2m2025-12-10T10:14:03.715822Z[0m [34mDEBUG[0m [2mhyper::client::pool[0m[2m:[0m reuse idle connection for ("http", 192.168.0.14:8545)
[2m2025-12-10T10:14:03.715846Z[0m [34mDEBUG[0m [2mhyper::proto::h1::io[0m[2m:[0m flushed 172 bytes
[2m2025-12-10T10:14:03.719333Z[0m [34mDEBUG[0m [2mhyper::proto::h1::io[0m[2m:[0m parsed 4 headers
[2m2025-12-10T10:14:03.719346Z[0m [34mDEBUG[0m [2mhyper::proto::h1::conn[0m[2m:[0m incoming body is content-length (45 bytes)
[2m2025-12-10T10:14:03.719352Z[0m [34mDEBUG[0m [2mhyper::proto::h1::conn[0m[2m:[0m incoming body completed
[2m2025-12-10T10:14:03.719359Z[0m [34mDEBUG[0m [2mhyper::client::pool[0m[2m:[0m pooling idle connection for ("http", 192.168.0.14:8545)
[2m2025-12-10T10:14:03.719373Z[0m [34mDEBUG[0m [2mhyper::client::pool[0m[2m:[0m reuse idle connection for ("http", 192.168.0.14:8545)
[2m2025-12-10T10:14:03.719399Z[0m [34mDEBUG[0m [2mhyper::proto::h1::io[0m[2m:[0m flushed 172 bytes
[2m2025-12-10T10:14:03.722817Z[0m [34mDEBUG[0m [2mhyper::proto::h1::io[0m[2m:[0m parsed 4 headers
[2m2025-12-10T10:14:03.722826Z[0m [34mDEBUG[0m [2mhyper::proto::h1::conn[0m[2m:[0m incoming body is content-length (45 bytes)
[2m2025-12-10T10:14:03.722832Z[0m [34mDEBUG[0m [2mhyper::proto::h1::conn[0m[2m:[0m incoming body completed
[2m2025-12-10T10:14:03.722838Z[0m [34mDEBUG[0m [2mhyper::client::pool[0m[2m:[0m pooling idle connection for ("http", 192.168.0.14:8545)
[2m2025-12-10T10:14:03.722851Z[0m [34mDEBUG[0m [2mhyper::client::pool[0m[2m:[0m reuse idle connection for ("http", 192.168.0.14:8545)
[2m2025-12-10T10:14:03.722871Z[0m [34mDEBUG[0m [2mhyper::proto::h1::io[0m[2m:[0m flushed 172 bytes
[2m2025-12-10T10:14:03.728102Z[0m [34mDEBUG[0m [2mhyper::proto::h1::io[0m[2m:[0m parsed 4 headers
[2m2025-12-10T10:14:03.728108Z[0m [34mDEBUG[0m [2mhyper::proto::h1::conn[0m[2m:[0m incoming body is content-length (45 bytes)
[2m2025-12-10T10:14:03.728114Z[0m [34mDEBUG[0m [2mhyper::proto::h1::conn[0m[2m:[0m incoming body completed
[2m2025-12-10T10:14:03.728120Z[0m [34mDEBUG[0m [2mhyper::client::pool[0m[2m:[0m pooling idle connection for ("http", 192.168.0.14:8545)
[2m2025-12-10T10:14:03.728134Z[0m [34mDEBUG[0m [2mhyper::client::pool[0m[2m:[0m reuse idle connection for ("http", 192.168.0.14:8545)
[2m2025-12-10T10:14:03.728153Z[0m [34mDEBUG[0m [2mhyper::proto::h1::io[0m[2m:[0m flushed 172 bytes
[2m2025-12-10T10:14:03.731884Z[0m [34mDEBUG[0m [2mhyper::proto::h1::io[0m[2m:[0m parsed 4 headers
[2m2025-12-10T10:14:03.731892Z[0m [34mDEBUG[0m [2mhyper::proto::h1::conn[0m[2m:[0m incoming body is content-length (45 bytes)
[2m2025-12-10T10:14:03.731897Z[0m [34mDEBUG[0m [2mhyper::proto::h1::conn[0m[2m:[0m incoming body completed
[2m2025-12-10T10:14:03.731903Z[0m [34mDEBUG[0m [2mhyper::client::pool[0m[2m:[0m pooling idle connection for ("http", 192.168.0.14:8545)
[2m2025-12-10T10:14:03.731916Z[0m [34mDEBUG[0m [2mhyper::client::pool[0m[2m:[0m reuse idle connection for ("http", 192.168.0.14:8545)
[2m2025-12-10T10:14:03.731937Z[0m [34mDEBUG[0m [2mhyper::proto::h1::io[0m[2m:[0m flushed 172 bytes
[2m2025-12-10T10:14:03.736427Z[0m [34mDEBUG[0m [2mhyper::proto::h1::io[0m[2m:[0m parsed 4 headers
[2m2025-12-10T10:14:03.736439Z[0m [34mDEBUG[0m [2mhyper::proto::h1::conn[0m[2m:[0m incoming body is content-length (45 bytes)
[2m2025-12-10T10:14:03.736444Z[0m [34mDEBUG[0m [2mhyper::proto::h1::conn[0m[2m:[0m incoming body completed
[2m2025-12-10T10:14:03.736450Z[0m [34mDEBUG[0m [2mhyper::client::pool[0m[2m:[0m pooling idle connection for ("http", 192.168.0.14:8545)
[2m2025-12-10T10:14:03.736462Z[0m [34mDEBUG[0m [2mhyper::client::pool[0m[2m:[0m reuse idle connection for ("http", 192.168.0.14:8545)
[2m2025-12-10T10:14:03.736482Z[0m [34mDEBUG[0m [2mhyper::proto::h1::io[0m[2m:[0m flushed 172 bytes
[2m2025-12-10T10:14:03.741354Z[0m [34mDEBUG[0m [2mhyper::proto::h1::io[0m[2m:[0m parsed 4 headers
[2m2025-12-10T10:14:03.741369Z[0m [34mDEBUG[0m [2mhyper::proto::h1::conn[0m[2m:[0m incoming body is content-length (45 bytes)
[2m2025-12-10T10:14:03.741378Z[0m [34mDEBUG[0m [2mhyper::proto::h1::conn[0m[2m:[0m incoming body completed
[2m2025-12-10T10:14:03.741386Z[0m [34mDEBUG[0m [2mhyper::client::pool[0m[2m:[0m pooling idle connection for ("http", 192.168.0.14:8545)
[2m2025-12-10T10:14:03.741404Z[0m [34mDEBUG[0m [2mhyper::client::pool[0m[2m:[0m reuse idle connection for ("http", 192.168.0.14:8545)
[2m2025-12-10T10:14:03.741431Z[0m [34mDEBUG[0m [2mhyper::proto::h1::io[0m[2m:[0m flushed 172 bytes
[2m2025-12-10T10:14:03.745686Z[0m [34mDEBUG[0m [2mhyper::proto::h1::io[0m[2m:[0m parsed 4 headers
[2m2025-12-10T10:14:03.745692Z[0m [34mDEBUG[0m [2mhyper::proto::h1::conn[0m[2m:[0m incoming body is content-length (45 bytes)
[2m2025-12-10T10:14:03.745697Z[0m [34mDEBUG[0m [2mhyper::proto::h1::conn[0m[2m:[0m incoming body completed
[2m2025-12-10T10:14:03.745702Z[0m [34mDEBUG[0m [2mhyper::client::pool[0m[2m:[0m pooling idle connection for ("http", 192.168.0.14:8545)
[2m2025-12-10T10:14:03.745712Z[0m [34mDEBUG[0m [2mhyper::client::pool[0m[2m:[0m reuse idle connection for ("http", 192.168.0.14:8545)
[2m2025-12-10T10:14:03.745727Z[0m [34mDEBUG[0m [2mhyper::proto::h1::io[0m[2m:[0m flushed 172 bytes
[2m2025-12-10T10:14:03.749603Z[0m [34mDEBUG[0m [2mhyper::proto::h1::io[0m[2m:[0m parsed 4 headers
[2m2025-12-10T10:14:03.749610Z[0m [34mDEBUG[0m [2mhyper::proto::h1::conn[0m[2m:[0m incoming body is content-length (45 bytes)
[2m2025-12-10T10:14:03.749616Z[0m [34mDEBUG[0m [2mhyper::proto::h1::conn[0m[2m:[0m incoming body completed
[2m2025-12-10T10:14:03.749623Z[0m [34mDEBUG[0m [2mhyper::client::pool[0m[2m:[0m pooling idle connection for ("http", 192.168.0.14:8545)
[2m2025-12-10T10:14:03.749636Z[0m [34mDEBUG[0m [2mhyper::client::pool[0m[2m:[0m reuse idle connection for ("http", 192.168.0.14:8545)
[2m2025-12-10T10:14:03.749651Z[0m [34mDEBUG[0m [2mhyper::proto::h1::io[0m[2m:[0m flushed 172 bytes
[2m2025-12-10T10:14:03.753231Z[0m [34mDEBUG[0m [2mhyper::proto::h1::io[0m[2m:[0m parsed 4 headers
[2m2025-12-10T10:14:03.753238Z[0m [34mDEBUG[0m [2mhyper::proto::h1::conn[0m[2m:[0m incoming body is content-length (45 bytes)
[2m2025-12-10T10:14:03.753243Z[0m [34mDEBUG[0m [2mhyper::proto::h1::conn[0m[2m:[0m incoming body completed
[2m2025-12-10T10:14:03.753250Z[0m [34mDEBUG[0m [2mhyper::client::pool[0m[2m:[0m pooling idle connection for ("http", 192.168.0.14:8545)
[2m2025-12-10T10:14:03.753263Z[0m [34mDEBUG[0m [2mhyper::client::pool[0m[2m:[0m reuse idle connection for ("http", 192.168.0.14:8545)
[2m2025-12-10T10:14:03.753282Z[0m [34mDEBUG[0m [2mhyper::proto::h1::io[0m[2m:[0m flushed 172 bytes
[2m2025-12-10T10:14:03.759818Z[0m [34mDEBUG[0m [2mhyper::proto::h1::io[0m[2m:[0m parsed 4 headers
[2m2025-12-10T10:14:03.759826Z[0m [34mDEBUG[0m [2mhyper::proto::h1::conn[0m[2m:[0m incoming body is content-length (45 bytes)
[2m2025-12-10T10:14:03.759831Z[0m [34mDEBUG[0m [2mhyper::proto::h1::conn[0m[2m:[0m incoming body completed
[2m2025-12-10T10:14:03.759839Z[0m [34mDEBUG[0m [2mhyper::client::pool[0m[2m:[0m pooling idle connection for ("http", 192.168.0.14:8545)
[2m2025-12-10T10:14:03.759853Z[0m [34mDEBUG[0m [2mhyper::client::pool[0m[2m:[0m reuse idle connection for ("http", 192.168.0.14:8545)
[2m2025-12-10T10:14:03.759869Z[0m [34mDEBUG[0m [2mhyper::proto::h1::io[0m[2m:[0m flushed 172 bytes
[2m2025-12-10T10:14:03.763662Z[0m [34mDEBUG[0m [2mhyper::proto::h1::io[0m[2m:[0m parsed 4 headers
[2m2025-12-10T10:14:03.763668Z[0m [34mDEBUG[0m [2mhyper::proto::h1::conn[0m[2m:[0m incoming body is content-length (45 bytes)
[2m2025-12-10T10:14:03.763673Z[0m [34mDEBUG[0m [2mhyper::proto::h1::conn[0m[2m:[0m incoming body completed
[2m2025-12-10T10:14:03.763678Z[0m [34mDEBUG[0m [2mhyper::client::pool[0m[2m:[0m pooling idle connection for ("http", 192.168.0.14:8545)
[2m2025-12-10T10:14:03.763688Z[0m [34mDEBUG[0m [2mhyper::client::pool[0m[2m:[0m reuse idle connection for ("http", 192.168.0.14:8545)
[2m2025-12-10T10:14:03.763703Z[0m [34mDEBUG[0m [2mhyper::proto::h1::io[0m[2m:[0m flushed 172 bytes
[2m2025-12-10T10:14:03.767778Z[0m [34mDEBUG[0m [2mhyper::proto::h1::io[0m[2m:[0m parsed 4 headers
[2m2025-12-10T10:14:03.767785Z[0m [34mDEBUG[0m [2mhyper::proto::h1::conn[0m[2m:[0m incoming body is content-length (45 bytes)
[2m2025-12-10T10:14:03.767791Z[0m [34mDEBUG[0m [2mhyper::proto::h1::conn[0m[2m:[0m incoming body completed
[2m2025-12-10T10:14:03.767797Z[0m [34mDEBUG[0m [2mhyper::client::pool[0m[2m:[0m pooling idle connection for ("http", 192.168.0.14:8545)
[2m2025-12-10T10:14:03.767812Z[0m [34mDEBUG[0m [2mhyper::client::pool[0m[2m:[0m reuse idle connection for ("http", 192.168.0.14:8545)
[2m2025-12-10T10:14:03.767829Z[0m [34mDEBUG[0m [2mhyper::proto::h1::io[0m[2m:[0m flushed 172 bytes
[2m2025-12-10T10:14:03.772761Z[0m [34mDEBUG[0m [2mhyper::proto::h1::io[0m[2m:[0m parsed 4 headers
[2m2025-12-10T10:14:03.772773Z[0m [34mDEBUG[0m [2mhyper::proto::h1::conn[0m[2m:[0m incoming body is content-length (45 bytes)
[2m2025-12-10T10:14:03.772780Z[0m [34mDEBUG[0m [2mhyper::proto::h1::conn[0m[2m:[0m incoming body completed
[2m2025-12-10T10:14:03.772789Z[0m [34mDEBUG[0m [2mhyper::client::pool[0m[2m:[0m pooling idle connection for ("http", 192.168.0.14:8545)
[2m2025-12-10T10:14:03.772807Z[0m [34mDEBUG[0m [2mhyper::client::pool[0m[2m:[0m reuse idle connection for ("http", 192.168.0.14:8545)
[2m2025-12-10T10:14:03.772832Z[0m [34mDEBUG[0m [2mhyper::proto::h1::io[0m[2m:[0m flushed 172 bytes
[2m2025-12-10T10:14:03.779249Z[0m [34mDEBUG[0m [2mhyper::proto::h1::io[0m[2m:[0m parsed 4 headers
[2m2025-12-10T10:14:03.779287Z[0m [34mDEBUG[0m [2mhyper::proto::h1::conn[0m[2m:[0m incoming body is content-length (45 bytes)
[2m2025-12-10T10:14:03.779300Z[0m [34mDEBUG[0m [2mhyper::proto::h1::conn[0m[2m:[0m incoming body completed
[2m2025-12-10T10:14:03.779324Z[0m [34mDEBUG[0m [2mhyper::client::pool[0m[2m:[0m pooling idle connection for ("http", 192.168.0.14:8545)
[2m2025-12-10T10:14:03.779347Z[0m [34mDEBUG[0m [2mhyper::client::pool[0m[2m:[0m reuse idle connection for ("http", 192.168.0.14:8545)
[2m2025-12-10T10:14:03.779370Z[0m [34mDEBUG[0m [2mhyper::proto::h1::io[0m[2m:[0m flushed 172 bytes
[2m2025-12-10T10:14:03.784019Z[0m [34mDEBUG[0m [2mhyper::proto::h1::io[0m[2m:[0m parsed 4 headers
[2m2025-12-10T10:14:03.784043Z[0m [34mDEBUG[0m [2mhyper::proto::h1::conn[0m[2m:[0m incoming body is content-length (45 bytes)
[2m2025-12-10T10:14:03.784060Z[0m [34mDEBUG[0m [2mhyper::proto::h1::conn[0m[2m:[0m incoming body completed
[2m2025-12-10T10:14:03.784078Z[0m [34mDEBUG[0m [2mhyper::client::pool[0m[2m:[0m pooling idle connection for ("http", 192.168.0.14:8545)
[2m2025-12-10T10:14:03.784113Z[0m [34mDEBUG[0m [2mhyper::client::pool[0m[2m:[0m reuse idle connection for ("http", 192.168.0.14:8545)
[2m2025-12-10T10:14:03.784151Z[0m [34mDEBUG[0m [2mhyper::proto::h1::io[0m[2m:[0m flushed 172 bytes
[2m2025-12-10T10:14:03.790378Z[0m [34mDEBUG[0m [2mhyper::proto::h1::io[0m[2m:[0m parsed 4 headers
[2m2025-12-10T10:14:03.790423Z[0m [34mDEBUG[0m [2mhyper::proto::h1::conn[0m[2m:[0m incoming body is content-length (45 bytes)
[2m2025-12-10T10:14:03.790444Z[0m [34mDEBUG[0m [2mhyper::proto::h1::conn[0m[2m:[0m incoming body completed
[2m2025-12-10T10:14:03.790467Z[0m [34mDEBUG[0m [2mhyper::client::pool[0m[2m:[0m pooling idle connection for ("http", 192.168.0.14:8545)
[2m2025-12-10T10:14:03.790517Z[0m [34mDEBUG[0m [2mhyper::client::pool[0m[2m:[0m reuse idle connection for ("http", 192.168.0.14:8545)
[2m2025-12-10T10:14:03.790558Z[0m [34mDEBUG[0m [2mhyper::proto::h1::io[0m[2m:[0m flushed 172 bytes
[2m2025-12-10T10:14:03.797660Z[0m [34mDEBUG[0m [2mhyper::proto::h1::io[0m[2m:[0m parsed 4 headers
[2m2025-12-10T10:14:03.797672Z[0m [34mDEBUG[0m [2mhyper::proto::h1::conn[0m[2m:[0m incoming body is content-length (45 bytes)
[2m2025-12-10T10:14:03.797679Z[0m [34mDEBUG[0m [2mhyper::proto::h1::conn[0m[2m:[0m incoming body completed
[2m2025-12-10T10:14:03.797690Z[0m [34mDEBUG[0m [2mhyper::client::pool[0m[2m:[0m pooling idle connection for ("http", 192.168.0.14:8545)
[2m2025-12-10T10:14:03.797712Z[0m [34mDEBUG[0m [2mhyper::client::pool[0m[2m:[0m reuse idle connection for ("http", 192.168.0.14:8545)
[2m2025-12-10T10:14:03.797733Z[0m [34mDEBUG[0m [2mhyper::proto::h1::io[0m[2m:[0m flushed 172 bytes
[2m2025-12-10T10:14:03.802433Z[0m [34mDEBUG[0m [2mhyper::proto::h1::io[0m[2m:[0m parsed 4 headers
[2m2025-12-10T10:14:03.802441Z[0m [34mDEBUG[0m [2mhyper::proto::h1::conn[0m[2m:[0m incoming body is content-length (45 bytes)
[2m2025-12-10T10:14:03.802448Z[0m [34mDEBUG[0m [2mhyper::proto::h1::conn[0m[2m:[0m incoming body completed
[2m2025-12-10T10:14:03.802455Z[0m [34mDEBUG[0m [2mhyper::client::pool[0m[2m:[0m pooling idle connection for ("http", 192.168.0.14:8545)
[2m2025-12-10T10:14:03.802472Z[0m [34mDEBUG[0m [2mhyper::client::pool[0m[2m:[0m reuse idle connection for ("http", 192.168.0.14:8545)
[2m2025-12-10T10:14:03.802490Z[0m [34mDEBUG[0m [2mhyper::proto::h1::io[0m[2m:[0m flushed 172 bytes
[2m2025-12-10T10:14:03.807669Z[0m [34mDEBUG[0m [2mhyper::proto::h1::io[0m[2m:[0m parsed 4 headers
[2m2025-12-10T10:14:03.807681Z[0m [34mDEBUG[0m [2mhyper::proto::h1::conn[0m[2m:[0m incoming body is content-length (45 bytes)
[2m2025-12-10T10:14:03.807690Z[0m [34mDEBUG[0m [2mhyper::proto::h1::conn[0m[2m:[0m incoming body completed
[2m2025-12-10T10:14:03.807700Z[0m [34mDEBUG[0m [2mhyper::client::pool[0m[2m:[0m pooling idle connection for ("http", 192.168.0.14:8545)
[2m2025-12-10T10:14:03.807726Z[0m [34mDEBUG[0m [2mhyper::client::pool[0m[2m:[0m reuse idle connection for ("http", 192.168.0.14:8545)
[2m2025-12-10T10:14:03.807757Z[0m [34mDEBUG[0m [2mhyper::proto::h1::io[0m[2m:[0m flushed 172 bytes
[2m2025-12-10T10:14:03.811339Z[0m [34mDEBUG[0m [2mhyper::proto::h1::io[0m[2m:[0m parsed 4 headers
[2m2025-12-10T10:14:03.811349Z[0m [34mDEBUG[0m [2mhyper::proto::h1::conn[0m[2m:[0m incoming body is content-length (45 bytes)
[2m2025-12-10T10:14:03.811356Z[0m [34mDEBUG[0m [2mhyper::proto::h1::conn[0m[2m:[0m incoming body completed
[2m2025-12-10T10:14:03.811366Z[0m [34mDEBUG[0m [2mhyper::client::pool[0m[2m:[0m pooling idle connection for ("http", 192.168.0.14:8545)
[2m2025-12-10T10:14:03.811387Z[0m [34mDEBUG[0m [2mhyper::client::pool[0m[2m:[0m reuse idle connection for ("http", 192.168.0.14:8545)
[2m2025-12-10T10:14:03.811409Z[0m [34mDEBUG[0m [2mhyper::proto::h1::io[0m[2m:[0m flushed 172 bytes
[2m2025-12-10T10:14:03.815980Z[0m [34mDEBUG[0m [2mhyper::proto::h1::io[0m[2m:[0m parsed 4 headers
[2m2025-12-10T10:14:03.815986Z[0m [34mDEBUG[0m [2mhyper::proto::h1::conn[0m[2m:[0m incoming body is content-length (45 bytes)
[2m2025-12-10T10:14:03.815991Z[0m [34mDEBUG[0m [2mhyper::proto::h1::conn[0m[2m:[0m incoming body completed
[2m2025-12-10T10:14:03.815996Z[0m [34mDEBUG[0m [2mhyper::client::pool[0m[2m:[0m pooling idle connection for ("http", 192.168.0.14:8545)
[2m2025-12-10T10:14:03.816007Z[0m [34mDEBUG[0m [2mhyper::client::pool[0m[2m:[0m reuse idle connection for ("http", 192.168.0.14:8545)
[2m2025-12-10T10:14:03.816021Z[0m [34mDEBUG[0m [2mhyper::proto::h1::io[0m[2m:[0m flushed 172 bytes
[2m2025-12-10T10:14:03.821016Z[0m [34mDEBUG[0m [2mhyper::proto::h1::io[0m[2m:[0m parsed 4 headers
[2m2025-12-10T10:14:03.821024Z[0m [34mDEBUG[0m [2mhyper::proto::h1::conn[0m[2m:[0m incoming body is content-length (45 bytes)
[2m2025-12-10T10:14:03.821030Z[0m [34mDEBUG[0m [2mhyper::proto::h1::conn[0m[2m:[0m incoming body completed
[2m2025-12-10T10:14:03.821038Z[0m [34mDEBUG[0m [2mhyper::client::pool[0m[2m:[0m pooling idle connection for ("http", 192.168.0.14:8545)
[2m2025-12-10T10:14:03.821055Z[0m [34mDEBUG[0m [2mhyper::client::pool[0m[2m:[0m reuse idle connection for ("http", 192.168.0.14:8545)
[2m2025-12-10T10:14:03.821074Z[0m [34mDEBUG[0m [2mhyper::proto::h1::io[0m[2m:[0m flushed 172 bytes
[2m2025-12-10T10:14:03.824950Z[0m [34mDEBUG[0m [2mhyper::proto::h1::io[0m[2m:[0m parsed 4 headers
[2m2025-12-10T10:14:03.824984Z[0m [34mDEBUG[0m [2mhyper::proto::h1::conn[0m[2m:[0m incoming body is content-length (45 bytes)
[2m2025-12-10T10:14:03.825002Z[0m [34mDEBUG[0m [2mhyper::proto::h1::conn[0m[2m:[0m incoming body completed
[2m2025-12-10T10:14:03.825030Z[0m [34mDEBUG[0m [2mhyper::client::pool[0m[2m:[0m pooling idle connection for ("http", 192.168.0.14:8545)
[2m2025-12-10T10:14:03.825048Z[0m [34mDEBUG[0m [2mhyper::client::pool[0m[2m:[0m reuse idle connection for ("http", 192.168.0.14:8545)
[2m2025-12-10T10:14:03.825063Z[0m [34mDEBUG[0m [2mhyper::proto::h1::io[0m[2m:[0m flushed 172 bytes
[2m2025-12-10T10:14:03.829722Z[0m [34mDEBUG[0m [2mhyper::proto::h1::io[0m[2m:[0m parsed 4 headers
[2m2025-12-10T10:14:03.829728Z[0m [34mDEBUG[0m [2mhyper::proto::h1::conn[0m[2m:[0m incoming body is content-length (45 bytes)
[2m2025-12-10T10:14:03.829735Z[0m [34mDEBUG[0m [2mhyper::proto::h1::conn[0m[2m:[0m incoming body completed
[2m2025-12-10T10:14:03.829740Z[0m [34mDEBUG[0m [2mhyper::client::pool[0m[2m:[0m pooling idle connection for ("http", 192.168.0.14:8545)
[2m2025-12-10T10:14:03.829751Z[0m [34mDEBUG[0m [2mhyper::client::pool[0m[2m:[0m reuse idle connection for ("http", 192.168.0.14:8545)
[2m2025-12-10T10:14:03.829766Z[0m [34mDEBUG[0m [2mhyper::proto::h1::io[0m[2m:[0m flushed 172 bytes
[2m2025-12-10T10:14:03.835277Z[0m [34mDEBUG[0m [2mhyper::proto::h1::io[0m[2m:[0m parsed 4 headers
[2m2025-12-10T10:14:03.835285Z[0m [34mDEBUG[0m [2mhyper::proto::h1::conn[0m[2m:[0m incoming body is content-length (45 bytes)
[2m2025-12-10T10:14:03.835292Z[0m [34mDEBUG[0m [2mhyper::proto::h1::conn[0m[2m:[0m incoming body completed
[2m2025-12-10T10:14:03.835299Z[0m [34mDEBUG[0m [2mhyper::client::pool[0m[2m:[0m pooling idle connection for ("http", 192.168.0.14:8545)
[2m2025-12-10T10:14:03.835313Z[0m [34mDEBUG[0m [2mhyper::client::pool[0m[2m:[0m reuse idle connection for ("http", 192.168.0.14:8545)
[2m2025-12-10T10:14:03.835334Z[0m [34mDEBUG[0m [2mhyper::proto::h1::io[0m[2m:[0m flushed 172 bytes
[2m2025-12-10T10:14:03.839424Z[0m [34mDEBUG[0m [2mhyper::proto::h1::io[0m[2m:[0m parsed 4 headers
[2m2025-12-10T10:14:03.839432Z[0m [34mDEBUG[0m [2mhyper::proto::h1::conn[0m[2m:[0m incoming body is content-length (45 bytes)
[2m2025-12-10T10:14:03.839438Z[0m [34mDEBUG[0m [2mhyper::proto::h1::conn[0m[2m:[0m incoming body completed
[2m2025-12-10T10:14:03.839445Z[0m [34mDEBUG[0m [2mhyper::client::pool[0m[2m:[0m pooling idle connection for ("http", 192.168.0.14:8545)
[2m2025-12-10T10:14:03.839457Z[0m [34mDEBUG[0m [2mhyper::client::pool[0m[2m:[0m reuse idle connection for ("http", 192.168.0.14:8545)
[2m2025-12-10T10:14:03.839474Z[0m [34mDEBUG[0m [2mhyper::proto::h1::io[0m[2m:[0m flushed 172 bytes
[2m2025-12-10T10:14:03.843723Z[0m [34mDEBUG[0m [2mhyper::proto::h1::io[0m[2m:[0m parsed 4 headers
[2m2025-12-10T10:14:03.843733Z[0m [34mDEBUG[0m [2mhyper::proto::h1::conn[0m[2m:[0m incoming body is content-length (45 bytes)
[2m2025-12-10T10:14:03.843739Z[0m [34mDEBUG[0m [2mhyper::proto::h1::conn[0m[2m:[0m incoming body completed
[2m2025-12-10T10:14:03.843748Z[0m [34mDEBUG[0m [2mhyper::client::pool[0m[2m:[0m pooling idle connection for ("http", 192.168.0.14:8545)
[2m2025-12-10T10:14:03.843765Z[0m [34mDEBUG[0m [2mhyper::client::pool[0m[2m:[0m reuse idle connection for ("http", 192.168.0.14:8545)
[2m2025-12-10T10:14:03.843784Z[0m [34mDEBUG[0m [2mhyper::proto::h1::io[0m[2m:[0m flushed 172 bytes
[2m2025-12-10T10:14:03.848215Z[0m [34mDEBUG[0m [2mhyper::proto::h1::io[0m[2m:[0m parsed 4 headers
[2m2025-12-10T10:14:03.849148Z[0m [34mDEBUG[0m [2mhyper::proto::h1::conn[0m[2m:[0m incoming body is content-length (45 bytes)
[2m2025-12-10T10:14:03.849161Z[0m [34mDEBUG[0m [2mhyper::proto::h1::conn[0m[2m:[0m incoming body completed
[2m2025-12-10T10:14:03.849169Z[0m [34mDEBUG[0m [2mhyper::client::pool[0m[2m:[0m pooling idle connection for ("http", 192.168.0.14:8545)
[2m2025-12-10T10:14:03.849185Z[0m [34mDEBUG[0m [2mhyper::client::pool[0m[2m:[0m reuse idle connection for ("http", 192.168.0.14:8545)
[2m2025-12-10T10:14:03.849200Z[0m [34mDEBUG[0m [2mhyper::proto::h1::io[0m[2m:[0m flushed 172 bytes
[2m2025-12-10T10:14:03.851501Z[0m [34mDEBUG[0m [2methereum_transaction_pool_monitor::eth_client[0m[2m:[0m 📨 Received WebSocket message: {"jsonrpc":"2.0","method":"eth_subscription","params":{"subscription":"0xbed0a0851463e895960a451075a301a9","result":"0x9ad7531883b97a6fc88d87c31953a2c7816964dacc56e6a0a50c80390984383c"}}
[2m2025-12-10T10:14:03.851510Z[0m [34mDEBUG[0m [2methereum_transaction_pool_monitor::eth_client[0m[2m:[0m 📨 Received pending transaction: 0x9ad7531883b97a6fc88d87c31953a2c7816964dacc56e6a0a50c80390984383c
[2m2025-12-10T10:14:03.854185Z[0m [34mDEBUG[0m [2mhyper::proto::h1::io[0m[2m:[0m parsed 4 headers
[2m2025-12-10T10:14:03.854193Z[0m [34mDEBUG[0m [2mhyper::proto::h1::conn[0m[2m:[0m incoming body is content-length (45 bytes)
[2m2025-12-10T10:14:03.854199Z[0m [34mDEBUG[0m [2mhyper::proto::h1::conn[0m[2m:[0m incoming body completed
[2m2025-12-10T10:14:03.854205Z[0m [34mDEBUG[0m [2mhyper::client::pool[0m[2m:[0m pooling idle connection for ("http", 192.168.0.14:8545)
[2m2025-12-10T10:14:03.854218Z[0m [34mDEBUG[0m [2mhyper::client::pool[0m[2m:[0m reuse idle connection for ("http", 192.168.0.14:8545)
[2m2025-12-10T10:14:03.854239Z[0m [34mDEBUG[0m [2mhyper::proto::h1::io[0m[2m:[0m flushed 172 bytes
[2m2025-12-10T10:14:03.862112Z[0m [34mDEBUG[0m [2mhyper::proto::h1::io[0m[2m:[0m parsed 4 headers
[2m2025-12-10T10:14:03.862127Z[0m [34mDEBUG[0m [2mhyper::proto::h1::conn[0m[2m:[0m incoming body is content-length (45 bytes)
[2m2025-12-10T10:14:03.862134Z[0m [34mDEBUG[0m [2mhyper::proto::h1::conn[0m[2m:[0m incoming body completed
[2m2025-12-10T10:14:03.862143Z[0m [34mDEBUG[0m [2mhyper::client::pool[0m[2m:[0m pooling idle connection for ("http", 192.168.0.14:8545)
[2m2025-12-10T10:14:03.862164Z[0m [34mDEBUG[0m [2mhyper::client::pool[0m[2m:[0m reuse idle connection for ("http", 192.168.0.14:8545)
[2m2025-12-10T10:14:03.862191Z[0m [34mDEBUG[0m [2mhyper::proto::h1::io[0m[2m:[0m flushed 172 bytes
[2m2025-12-10T10:14:03.875809Z[0m [34mDEBUG[0m [2mhyper::proto::h1::io[0m[2m:[0m parsed 4 headers
[2m2025-12-10T10:14:03.875824Z[0m [34mDEBUG[0m [2mhyper::proto::h1::conn[0m[2m:[0m incoming body is content-length (45 bytes)
[2m2025-12-10T10:14:03.875834Z[0m [34mDEBUG[0m [2mhyper::proto::h1::conn[0m[2m:[0m incoming body completed
[2m2025-12-10T10:14:03.875845Z[0m [34mDEBUG[0m [2mhyper::client::pool[0m[2m:[0m pooling idle connection for ("http", 192.168.0.14:8545)
[2m2025-12-10T10:14:03.875867Z[0m [34mDEBUG[0m [2mhyper::client::pool[0m[2m:[0m reuse idle connection for ("http", 192.168.0.14:8545)
[2m2025-12-10T10:14:03.875886Z[0m [34mDEBUG[0m [2mhyper::proto::h1::io[0m[2m:[0m flushed 172 bytes
[2m2025-12-10T10:14:03.882631Z[0m [34mDEBUG[0m [2mhyper::proto::h1::io[0m[2m:[0m parsed 4 headers
[2m2025-12-10T10:14:03.882641Z[0m [34mDEBUG[0m [2mhyper::proto::h1::conn[0m[2m:[0m incoming body is content-length (45 bytes)
[2m2025-12-10T10:14:03.882648Z[0m [34mDEBUG[0m [2mhyper::proto::h1::conn[0m[2m:[0m incoming body completed
[2m2025-12-10T10:14:03.882657Z[0m [34mDEBUG[0m [2mhyper::client::pool[0m[2m:[0m pooling idle connection for ("http", 192.168.0.14:8545)
[2m2025-12-10T10:14:03.882677Z[0m [34mDEBUG[0m [2mhyper::client::pool[0m[2m:[0m reuse idle connection for ("http", 192.168.0.14:8545)
[2m2025-12-10T10:14:03.882695Z[0m [34mDEBUG[0m [2mhyper::proto::h1::io[0m[2m:[0m flushed 172 bytes
[2m2025-12-10T10:14:03.888171Z[0m [34mDEBUG[0m [2mhyper::proto::h1::io[0m[2m:[0m parsed 4 headers
[2m2025-12-10T10:14:03.888184Z[0m [34mDEBUG[0m [2mhyper::proto::h1::conn[0m[2m:[0m incoming body is content-length (45 bytes)
[2m2025-12-10T10:14:03.888191Z[0m [34mDEBUG[0m [2mhyper::proto::h1::conn[0m[2m:[0m incoming body completed
[2m2025-12-10T10:14:03.888199Z[0m [34mDEBUG[0m [2mhyper::client::pool[0m[2m:[0m pooling idle connection for ("http", 192.168.0.14:8545)
[2m2025-12-10T10:14:03.888215Z[0m [34mDEBUG[0m [2mhyper::client::pool[0m[2m:[0m reuse idle connection for ("http", 192.168.0.14:8545)
[2m2025-12-10T10:14:03.888239Z[0m [34mDEBUG[0m [2mhyper::proto::h1::io[0m[2m:[0m flushed 172 bytes
[2m2025-12-10T10:14:03.896383Z[0m [34mDEBUG[0m [2mhyper::proto::h1::io[0m[2m:[0m parsed 4 headers
[2m2025-12-10T10:14:03.896395Z[0m [34mDEBUG[0m [2mhyper::proto::h1::conn[0m[2m:[0m incoming body is content-length (45 bytes)
[2m2025-12-10T10:14:03.896401Z[0m [34mDEBUG[0m [2mhyper::proto::h1::conn[0m[2m:[0m incoming body completed
[2m2025-12-10T10:14:03.896410Z[0m [34mDEBUG[0m [2mhyper::client::pool[0m[2m:[0m pooling idle connection for ("http", 192.168.0.14:8545)
[2m2025-12-10T10:14:03.896429Z[0m [34mDEBUG[0m [2mhyper::client::pool[0m[2m:[0m reuse idle connection for ("http", 192.168.0.14:8545)
[2m2025-12-10T10:14:03.896447Z[0m [34mDEBUG[0m [2mhyper::proto::h1::io[0m[2m:[0m flushed 172 bytes
[2m2025-12-10T10:14:03.908971Z[0m [34mDEBUG[0m [2methereum_transaction_pool_monitor::eth_client[0m[2m:[0m 📨 Received WebSocket message: {"jsonrpc":"2.0","method":"eth_subscription","params":{"subscription":"0xbed0a0851463e895960a451075a301a9","result":"0x863e8a32cde1fe3586def35957f030234873c36dda72e6bdfa3bdcb13f309594"}}
[2m2025-12-10T10:14:03.909000Z[0m [34mDEBUG[0m [2methereum_transaction_pool_monitor::eth_client[0m[2m:[0m 📨 Received pending transaction: 0x863e8a32cde1fe3586def35957f030234873c36dda72e6bdfa3bdcb13f309594
[2m2025-12-10T10:14:03.909016Z[0m [34mDEBUG[0m [2mhyper::proto::h1::io[0m[2m:[0m parsed 4 headers
[2m2025-12-10T10:14:03.909022Z[0m [34mDEBUG[0m [2mhyper::proto::h1::conn[0m[2m:[0m incoming body is content-length (45 bytes)
[2m2025-12-10T10:14:03.909029Z[0m [34mDEBUG[0m [2mhyper::proto::h1::conn[0m[2m:[0m incoming body completed
[2m2025-12-10T10:14:03.909039Z[0m [34mDEBUG[0m [2mhyper::client::pool[0m[2m:[0m pooling idle connection for ("http", 192.168.0.14:8545)
[2m2025-12-10T10:14:03.909059Z[0m [34mDEBUG[0m [2mhyper::client::pool[0m[2m:[0m reuse idle connection for ("http", 192.168.0.14:8545)
[2m2025-12-10T10:14:03.909085Z[0m [34mDEBUG[0m [2mhyper::proto::h1::io[0m[2m:[0m flushed 172 bytes
[2m2025-12-10T10:14:03.910348Z[0m [34mDEBUG[0m [2methereum_transaction_pool_monitor::eth_client[0m[2m:[0m 📨 Received WebSocket message: {"jsonrpc":"2.0","method":"eth_subscription","params":{"subscription":"0xbed0a0851463e895960a451075a301a9","result":"0xf5d8fb62a53ed704ef95993ec9df63a56b507f00c5266cdf45a2b992d5c6d56f"}}
[2m2025-12-10T10:14:03.910429Z[0m [34mDEBUG[0m [2methereum_transaction_pool_monitor::eth_client[0m[2m:[0m 📨 Received pending transaction: 0xf5d8fb62a53ed704ef95993ec9df63a56b507f00c5266cdf45a2b992d5c6d56f
[2m2025-12-10T10:14:26.448312Z[0m [34mDEBUG[0m [2mhyper::proto::h1::io[0m[2m:[0m parsed 4 headers
[2m2025-12-10T10:14:26.449520Z[0m [34mDEBUG[0m [2mhyper::proto::h1::conn[0m[2m:[0m incoming body is content-length (45 bytes)
[2m2025-12-10T10:14:26.449580Z[0m [34mDEBUG[0m [2mhyper::proto::h1::conn[0m[2m:[0m incoming body completed
[2m2025-12-10T10:14:26.449649Z[0m [34mDEBUG[0m [2mhyper::client::pool[0m[2m:[0m pooling idle connection for ("http", 192.168.0.14:8545)
[2m2025-12-10T10:14:26.449770Z[0m [34mDEBUG[0m [2mhyper::client::pool[0m[2m:[0m reuse idle connection for ("http", 192.168.0.14:8545)
[2m2025-12-10T10:14:26.449917Z[0m [34mDEBUG[0m [2mhyper::proto::h1::io[0m[2m:[0m flushed 172 bytes
[2m2025-12-10T10:14:26.450363Z[0m [34mDEBUG[0m [2mhyper::proto::h1::io[0m[2m:[0m parsed 4 headers
[2m2025-12-10T10:14:26.450409Z[0m [34mDEBUG[0m [2mhyper::proto::h1::conn[0m[2m:[0m incoming body is content-length (762 bytes)
[2m2025-12-10T10:14:26.450442Z[0m [34mDEBUG[0m [2mhyper::proto::h1::conn[0m[2m:[0m incoming body completed
[2m2025-12-10T10:14:26.450481Z[0m [34mDEBUG[0m [2mhyper::client::pool[0m[2m:[0m pooling idle connection for ("http", 192.168.0.14:8545)
[2m2025-12-10T10:14:26.450512Z[0m [34mDEBUG[0m [2methereum_transaction_pool_monitor::eth_client[0m[2m:[0m 📡 Transaction fetch RPC completed in 24.043815083s
[2m2025-12-10T10:14:26.450577Z[0m [34mDEBUG[0m [2methereum_transaction_pool_monitor::eth_client[0m[2m:[0m DeFi transaction detected - Address: 0xdac17f958d2ee523a2206206994597c13d831ec7, Type: Stablecoin, Value: 0 ETH, Gas: 0.22 Gwei
[2m2025-12-10T10:14:26.450634Z[0m [34mDEBUG[0m [2methereum_transaction_pool_monitor::eth_client[0m[2m:[0m ✅ Transaction 0x5d994a491c67cd7a86ca87444829d4e921bf3b2179bf45f68aa606afbf43bb83 fetched and parsed in 24.043937708s
[2m2025-12-10T10:14:26.450667Z[0m [34mDEBUG[0m [2methereum_transaction_pool_monitor::mempool_monitor[0m[2m:[0m 🔍 Skipping tx 0x5d994a491c67cd7a86ca87444829d4e921bf3b2179bf45f68aa606afbf43bb83 - not a DEX interaction (target: 0xdAC17F958D2ee523a2206206994597C13D831ec7)
[2m2025-12-10T10:14:26.450704Z[0m [34mDEBUG[0m [2methereum_transaction_pool_monitor::mempool_monitor[0m[2m:[0m 📨 Processing new pending transaction: 0x9266e12fbe02e3c0cf166fdc0a118910c6b9e02f7d3f7c7eccd16c894d240450
[2m2025-12-10T10:14:26.450727Z[0m [34mDEBUG[0m [2methereum_transaction_pool_monitor::mempool_monitor[0m[2m:[0m 🔍 Fetching transaction details for: 0x9266e12fbe02e3c0cf166fdc0a118910c6b9e02f7d3f7c7eccd16c894d240450
[2m2025-12-10T10:14:26.450746Z[0m [34mDEBUG[0m [2methereum_transaction_pool_monitor::eth_client[0m[2m:[0m 🔍 Fetching transaction details for hash: 0x9266e12fbe02e3c0cf166fdc0a118910c6b9e02f7d3f7c7eccd16c894d240450
[2m2025-12-10T10:14:26.450799Z[0m [34mDEBUG[0m [2mhyper::client::pool[0m[2m:[0m reuse idle connection for ("http", 192.168.0.14:8545)
[2m2025-12-10T10:14:26.450886Z[0m [34mDEBUG[0m [2mhyper::proto::h1::io[0m[2m:[0m flushed 250 bytes
[2m2025-12-10T10:14:26.458329Z[0m [34mDEBUG[0m [2methereum_transaction_pool_monitor::eth_client[0m[2m:[0m 📨 Received WebSocket message: {"jsonrpc":"2.0","method":"eth_subscription","params":{"subscription":"0xbed0a0851463e895960a451075a301a9","result":"0x535f83ea4d35d454ba7eb45ada4c081be479be48ef86a7644e420767fd9904f2"}}
[2m2025-12-10T10:14:26.458385Z[0m [34mDEBUG[0m [2methereum_transaction_pool_monitor::eth_client[0m[2m:[0m 📨 Received pending transaction: 0x535f83ea4d35d454ba7eb45ada4c081be479be48ef86a7644e420767fd9904f2
[2m2025-12-10T10:14:26.458412Z[0m [32m INFO[0m [2methereum_transaction_pool_monitor::eth_client[0m[2m:[0m 📊 WebSocket stats - Total: 4695 transactions, Rate: 12.1 tx/s
[2m2025-12-10T10:14:26.461921Z[0m [34mDEBUG[0m [2methereum_transaction_pool_monitor::eth_client[0m[2m:[0m 📨 Received WebSocket message: {"jsonrpc":"2.0","method":"eth_subscription","params":{"subscription":"0xbed0a0851463e895960a451075a301a9","result":"0x5b3b0ea47201060dbb3cb089572a38138f37195e2582b0f6cacf9996d2dfa1d1"}}
[2m2025-12-10T10:14:26.461964Z[0m [34mDEBUG[0m [2methereum_transaction_pool_monitor::eth_client[0m[2m:[0m 📨 Received pending transaction: 0x5b3b0ea47201060dbb3cb089572a38138f37195e2582b0f6cacf9996d2dfa1d1
[2m2025-12-10T10:14:26.467038Z[0m [34mDEBUG[0m [2mhyper::proto::h1::io[0m[2m:[0m parsed 4 headers
[2m2025-12-10T10:14:26.470546Z[0m [34mDEBUG[0m [2mhyper::proto::h1::conn[0m[2m:[0m incoming body is content-length (45 bytes)
[2m2025-12-10T10:14:26.470588Z[0m [34mDEBUG[0m [2mhyper::proto::h1::conn[0m[2m:[0m incoming body completed
[2m2025-12-10T10:14:26.470630Z[0m [34mDEBUG[0m [2mhyper::client::pool[0m[2m:[0m pooling idle connection for ("http", 192.168.0.14:8545)
[2m2025-12-10T10:14:26.470720Z[0m [34mDEBUG[0m [2mhyper::client::pool[0m[2m:[0m reuse idle connection for ("http", 192.168.0.14:8545)
[2m2025-12-10T10:14:26.470848Z[0m [34mDEBUG[0m [2mhyper::proto::h1::io[0m[2m:[0m flushed 172 bytes
[2m2025-12-10T10:14:26.598239Z[0m [34mDEBUG[0m [2mhyper::proto::h1::io[0m[2m:[0m parsed 4 headers
[2m2025-12-10T10:14:26.598238Z[0m [34mDEBUG[0m [2mhyper::proto::h1::io[0m[2m:[0m parsed 4 headers
[2m2025-12-10T10:14:26.598341Z[0m [34mDEBUG[0m [2mhyper::proto::h1::conn[0m[2m:[0m incoming body is content-length (45 bytes)
[2m2025-12-10T10:14:26.598380Z[0m [34mDEBUG[0m [2mhyper::proto::h1::conn[0m[2m:[0m incoming body is content-length (654 bytes)
[2m2025-12-10T10:14:26.598433Z[0m [34mDEBUG[0m [2mhyper::proto::h1::conn[0m[2m:[0m incoming body completed
[2m2025-12-10T10:14:26.598470Z[0m [34mDEBUG[0m [2mhyper::proto::h1::conn[0m[2m:[0m incoming body completed
[2m2025-12-10T10:14:26.598504Z[0m [34mDEBUG[0m [2mhyper::client::pool[0m[2m:[0m pooling idle connection for ("http", 192.168.0.14:8545)
[2m2025-12-10T10:14:26.598512Z[0m [34mDEBUG[0m [2mhyper::client::pool[0m[2m:[0m pooling idle connection for ("http", 192.168.0.14:8545)
[2m2025-12-10T10:14:26.598583Z[0m [34mDEBUG[0m [2methereum_transaction_pool_monitor::eth_client[0m[2m:[0m 📡 Transaction fetch RPC completed in 147.81575ms
[2m2025-12-10T10:14:26.598614Z[0m [34mDEBUG[0m [2mhyper::client::pool[0m[2m:[0m reuse idle connection for ("http", 192.168.0.14:8545)
[2m2025-12-10T10:14:26.598754Z[0m [34mDEBUG[0m [2mhyper::proto::h1::io[0m[2m:[0m flushed 172 bytes
[2m2025-12-10T10:14:26.805281Z[0m [34mDEBUG[0m [2methereum_transaction_pool_monitor::eth_client[0m[2m:[0m ✅ Transaction 0x9266e12fbe02e3c0cf166fdc0a118910c6b9e02f7d3f7c7eccd16c894d240450 fetched and parsed in 354.510084ms
[2m2025-12-10T10:14:26.805317Z[0m [34mDEBUG[0m [2methereum_transaction_pool_monitor::mempool_monitor[0m[2m:[0m 🔍 Skipping tx 0x9266e12fbe02e3c0cf166fdc0a118910c6b9e02f7d3f7c7eccd16c894d240450 - not a DEX interaction (target: 0x19C1E3C68aB8D0841F224524C8516c50d98Bfb1c)
[2m2025-12-10T10:14:26.805329Z[0m [34mDEBUG[0m [2methereum_transaction_pool_monitor::mempool_monitor[0m[2m:[0m 📨 Processing new pending transaction: 0x864482599b66c6b95a659e9c693b0ba728b38b63686ba7880e0830cf2f4d8d52
[2m2025-12-10T10:14:26.805342Z[0m [34mDEBUG[0m [2methereum_transaction_pool_monitor::mempool_monitor[0m[2m:[0m 🔍 Fetching transaction details for: 0x864482599b66c6b95a659e9c693b0ba728b38b63686ba7880e0830cf2f4d8d52
[2m2025-12-10T10:14:26.805348Z[0m [34mDEBUG[0m [2methereum_transaction_pool_monitor::eth_client[0m[2m:[0m 🔍 Fetching transaction details for hash: 0x864482599b66c6b95a659e9c693b0ba728b38b63686ba7880e0830cf2f4d8d52
[2m2025-12-10T10:14:26.805378Z[0m [34mDEBUG[0m [2mhyper::client::pool[0m[2m:[0m reuse idle connection for ("http", 192.168.0.14:8545)
[2m2025-12-10T10:14:26.805423Z[0m [34mDEBUG[0m [2mhyper::proto::h1::io[0m[2m:[0m flushed 250 bytes
[2m2025-12-10T10:14:28.102707Z[0m [32m INFO[0m [2methereum_transaction_pool_monitor::bot_runner[0m[2m:[0m 🤖 MEV Bot Stats | Uptime: 0.1h | Opportunities: 0 | Bundles: 0/0 (0.0%) | Profit: 0.0000 ETH | Rate: 0.00/h
[2m2025-12-10T10:14:44.185535Z[0m [34mDEBUG[0m [2mhyper::proto::h1::io[0m[2m:[0m parsed 4 headers
[2m2025-12-10T10:14:44.185586Z[0m [34mDEBUG[0m [2mhyper::proto::h1::conn[0m[2m:[0m incoming body is content-length (45 bytes)
[2m2025-12-10T10:14:44.185628Z[0m [34mDEBUG[0m [2mhyper::proto::h1::conn[0m[2m:[0m incoming body completed
[2m2025-12-10T10:14:44.185684Z[0m [34mDEBUG[0m [2mhyper::client::pool[0m[2m:[0m pooling idle connection for ("http", 192.168.0.14:8545)
[2m2025-12-10T10:14:44.185753Z[0m [34mDEBUG[0m [2mhyper::client::pool[0m[2m:[0m reuse idle connection for ("http", 192.168.0.14:8545)
[2m2025-12-10T10:14:44.185821Z[0m [34mDEBUG[0m [2mhyper::proto::h1::io[0m[2m:[0m flushed 172 bytes
[2m2025-12-10T10:14:44.209796Z[0m [34mDEBUG[0m [2methereum_transaction_pool_monitor::eth_client[0m[2m:[0m 📨 Received WebSocket message: {"jsonrpc":"2.0","method":"eth_subscription","params":{"subscription":"0xbed0a0851463e895960a451075a301a9","result":"0xf6a979522ec39c43d29a20241b4347e2f9ca42232a247daa0af330089f197b86"}}
[2m2025-12-10T10:14:44.209847Z[0m [34mDEBUG[0m [2methereum_transaction_pool_monitor::eth_client[0m[2m:[0m 📨 Received pending transaction: 0xf6a979522ec39c43d29a20241b4347e2f9ca42232a247daa0af330089f197b86
[2m2025-12-10T10:14:44.209858Z[0m [32m INFO[0m [2methereum_transaction_pool_monitor::eth_client[0m[2m:[0m 📊 WebSocket stats - Total: 4697 transactions, Rate: 11.6 tx/s
[2m2025-12-10T10:14:44.210268Z[0m [34mDEBUG[0m [2methereum_transaction_pool_monitor::eth_client[0m[2m:[0m 📨 Received WebSocket message: {"jsonrpc":"2.0","method":"eth_subscription","params":{"subscription":"0xbed0a0851463e895960a451075a301a9","result":"0xb8d2dbaf25f89ce9e230d5f141d03b2ccb7fbe59a222dc8228d112cf70a5272d"}}
[2m2025-12-10T10:14:44.210288Z[0m [34mDEBUG[0m [2methereum_transaction_pool_monitor::eth_client[0m[2m:[0m 📨 Received pending transaction: 0xb8d2dbaf25f89ce9e230d5f141d03b2ccb7fbe59a222dc8228d112cf70a5272d
[2m2025-12-10T10:14:44.306003Z[0m [34mDEBUG[0m [2mhyper::proto::h1::io[0m[2m:[0m parsed 4 headers
[2m2025-12-10T10:14:44.306037Z[0m [34mDEBUG[0m [2mhyper::proto::h1::conn[0m[2m:[0m incoming body is content-length (45 bytes)
[2m2025-12-10T10:14:44.306050Z[0m [34mDEBUG[0m [2mhyper::proto::h1::conn[0m[2m:[0m incoming body completed
[2m2025-12-10T10:14:44.306112Z[0m [34mDEBUG[0m [2mhyper::client::pool[0m[2m:[0m pooling idle connection for ("http", 192.168.0.14:8545)
[2m2025-12-10T10:14:44.306152Z[0m [34mDEBUG[0m [2mhyper::client::pool[0m[2m:[0m reuse idle connection for ("http", 192.168.0.14:8545)
[2m2025-12-10T10:14:44.306195Z[0m [34mDEBUG[0m [2mhyper::proto::h1::io[0m[2m:[0m flushed 172 bytes
[2m2025-12-10T10:14:44.416149Z[0m [34mDEBUG[0m [2mhyper::proto::h1::io[0m[2m:[0m parsed 4 headers
[2m2025-12-10T10:14:44.416193Z[0m [34mDEBUG[0m [2mhyper::proto::h1::conn[0m[2m:[0m incoming body is content-length (45 bytes)
[2m2025-12-10T10:14:44.416207Z[0m [34mDEBUG[0m [2mhyper::proto::h1::conn[0m[2m:[0m incoming body completed
[2m2025-12-10T10:14:44.416226Z[0m [34mDEBUG[0m [2mhyper::client::pool[0m[2m:[0m pooling idle connection for ("http", 192.168.0.14:8545)
[2m2025-12-10T10:14:44.416271Z[0m [34mDEBUG[0m [2mhyper::client::pool[0m[2m:[0m reuse idle connection for ("http", 192.168.0.14:8545)
[2m2025-12-10T10:14:44.416317Z[0m [34mDEBUG[0m [2mhyper::proto::h1::io[0m[2m:[0m flushed 172 bytes
[2m2025-12-10T10:14:44.519573Z[0m [34mDEBUG[0m [2mhyper::proto::h1::io[0m[2m:[0m parsed 4 headers
[2m2025-12-10T10:14:44.519604Z[0m [34mDEBUG[0m [2mhyper::proto::h1::conn[0m[2m:[0m incoming body is content-length (45 bytes)
[2m2025-12-10T10:14:44.519617Z[0m [34mDEBUG[0m [2mhyper::proto::h1::conn[0m[2m:[0m incoming body completed
[2m2025-12-10T10:14:44.519632Z[0m [34mDEBUG[0m [2mhyper::client::pool[0m[2m:[0m pooling idle connection for ("http", 192.168.0.14:8545)
[2m2025-12-10T10:14:44.519666Z[0m [34mDEBUG[0m [2mhyper::client::pool[0m[2m:[0m reuse idle connection for ("http", 192.168.0.14:8545)
[2m2025-12-10T10:14:44.519702Z[0m [34mDEBUG[0m [2mhyper::proto::h1::io[0m[2m:[0m flushed 172 bytes
[2m2025-12-10T10:14:44.538214Z[0m [34mDEBUG[0m [2methereum_transaction_pool_monitor::eth_client[0m[2m:[0m 📨 Received WebSocket message: {"jsonrpc":"2.0","method":"eth_subscription","params":{"subscription":"0xbed0a0851463e895960a451075a301a9","result":"0x46ea3fc2ac1afb49ac55a11d36d4641a74e179885d1072abfd713a21343d0291"}}
[2m2025-12-10T10:14:44.538239Z[0m [34mDEBUG[0m [2methereum_transaction_pool_monitor::eth_client[0m[2m:[0m 📨 Received pending transaction: 0x46ea3fc2ac1afb49ac55a11d36d4641a74e179885d1072abfd713a21343d0291
[2m2025-12-10T10:14:44.538254Z[0m [34mDEBUG[0m [2methereum_transaction_pool_monitor::eth_client[0m[2m:[0m 📨 Received WebSocket message: {"jsonrpc":"2.0","method":"eth_subscription","params":{"subscription":"0xbed0a0851463e895960a451075a301a9","result":"0x1407c766dc68822e5df25d80b38ea770a42ee3ea733d7ec568856b4eb7613f97"}}
[2m2025-12-10T10:14:44.538263Z[0m [34mDEBUG[0m [2methereum_transaction_pool_monitor::eth_client[0m[2m:[0m 📨 Received pending transaction: 0x1407c766dc68822e5df25d80b38ea770a42ee3ea733d7ec568856b4eb7613f97
[2m2025-12-10T10:14:44.538269Z[0m [34mDEBUG[0m [2methereum_transaction_pool_monitor::eth_client[0m[2m:[0m 📨 Received WebSocket message: {"jsonrpc":"2.0","method":"eth_subscription","params":{"subscription":"0xbed0a0851463e895960a451075a301a9","result":"0x7bb756b936ac04db1a318811bd730fb16fb86f24ab4d7ed35bf0d718700b8062"}}
[2m2025-12-10T10:14:44.538275Z[0m [34mDEBUG[0m [2methereum_transaction_pool_monitor::eth_client[0m[2m:[0m 📨 Received pending transaction: 0x7bb756b936ac04db1a318811bd730fb16fb86f24ab4d7ed35bf0d718700b8062
[2m2025-12-10T10:14:44.538312Z[0m [34mDEBUG[0m [2mhyper::proto::h1::io[0m[2m:[0m parsed 4 headers
[2m2025-12-10T10:14:44.538319Z[0m [34mDEBUG[0m [2mhyper::proto::h1::conn[0m[2m:[0m incoming body is content-length (45 bytes)
[2m2025-12-10T10:14:44.538329Z[0m [34mDEBUG[0m [2mhyper::proto::h1::conn[0m[2m:[0m incoming body completed
[2m2025-12-10T10:14:44.538342Z[0m [34mDEBUG[0m [2mhyper::client::pool[0m[2m:[0m pooling idle connection for ("http", 192.168.0.14:8545)
[2m2025-12-10T10:14:44.538378Z[0m [34mDEBUG[0m [2mhyper::client::pool[0m[2m:[0m reuse idle connection for ("http", 192.168.0.14:8545)
[2m2025-12-10T10:14:44.538405Z[0m [34mDEBUG[0m [2mhyper::proto::h1::io[0m[2m:[0m flushed 172 bytes
[2m2025-12-10T10:14:44.742904Z[0m [34mDEBUG[0m [2mhyper::proto::h1::io[0m[2m:[0m parsed 4 headers
[2m2025-12-10T10:14:44.742938Z[0m [34mDEBUG[0m [2mhyper::proto::h1::conn[0m[2m:[0m incoming body is content-length (772 bytes)
[2m2025-12-10T10:14:44.742957Z[0m [34mDEBUG[0m [2mhyper::proto::h1::conn[0m[2m:[0m incoming body completed
[2m2025-12-10T10:14:44.742977Z[0m [34mDEBUG[0m [2mhyper::client::pool[0m[2m:[0m pooling idle connection for ("http", 192.168.0.14:8545)
[2m2025-12-10T10:14:44.742988Z[0m [34mDEBUG[0m [2methereum_transaction_pool_monitor::eth_client[0m[2m:[0m 📡 Transaction fetch RPC completed in 17.937471292s
[2m2025-12-10T10:14:44.743015Z[0m [34mDEBUG[0m [2methereum_transaction_pool_monitor::eth_client[0m[2m:[0m DeFi transaction detected - Address: 0xdac17f958d2ee523a2206206994597c13d831ec7, Type: Stablecoin, Value: 0 ETH, Gas: 0.74 Gwei
[2m2025-12-10T10:14:44.743036Z[0m [34mDEBUG[0m [2methereum_transaction_pool_monitor::eth_client[0m[2m:[0m ✅ Transaction 0x864482599b66c6b95a659e9c693b0ba728b38b63686ba7880e0830cf2f4d8d52 fetched and parsed in 17.937519042s
[2m2025-12-10T10:14:44.743051Z[0m [34mDEBUG[0m [2methereum_transaction_pool_monitor::mempool_monitor[0m[2m:[0m 🔍 Skipping tx 0x864482599b66c6b95a659e9c693b0ba728b38b63686ba7880e0830cf2f4d8d52 - not a DEX interaction (target: 0xdAC17F958D2ee523a2206206994597C13D831ec7)
[2m2025-12-10T10:14:44.743064Z[0m [34mDEBUG[0m [2methereum_transaction_pool_monitor::mempool_monitor[0m[2m:[0m 📨 Processing new pending transaction: 0xf7d59bb81e87c8dd34493418c2c8feb1def64ef38f7c16d36b9fe6500fda6669
[2m2025-12-10T10:14:44.743068Z[0m [34mDEBUG[0m [2methereum_transaction_pool_monitor::mempool_monitor[0m[2m:[0m 🔍 Fetching transaction details for: 0xf7d59bb81e87c8dd34493418c2c8feb1def64ef38f7c16d36b9fe6500fda6669
[2m2025-12-10T10:14:44.743073Z[0m [34mDEBUG[0m [2methereum_transaction_pool_monitor::eth_client[0m[2m:[0m 🔍 Fetching transaction details for hash: 0xf7d59bb81e87c8dd34493418c2c8feb1def64ef38f7c16d36b9fe6500fda6669
[2m2025-12-10T10:14:44.743091Z[0m [34mDEBUG[0m [2mhyper::client::pool[0m[2m:[0m reuse idle connection for ("http", 192.168.0.14:8545)
[2m2025-12-10T10:14:44.743128Z[0m [34mDEBUG[0m [2mhyper::proto::h1::io[0m[2m:[0m flushed 250 bytes
[2m2025-12-10T10:14:44.820105Z[0m [34mDEBUG[0m [2mhyper::proto::h1::io[0m[2m:[0m parsed 4 headers
[2m2025-12-10T10:14:44.820153Z[0m [34mDEBUG[0m [2mhyper::proto::h1::conn[0m[2m:[0m incoming body is content-length (45 bytes)
[2m2025-12-10T10:14:44.820175Z[0m [34mDEBUG[0m [2mhyper::proto::h1::conn[0m[2m:[0m incoming body completed
[2m2025-12-10T10:14:44.820198Z[0m [34mDEBUG[0m [2mhyper::client::pool[0m[2m:[0m pooling idle connection for ("http", 192.168.0.14:8545)
[2m2025-12-10T10:14:44.820260Z[0m [34mDEBUG[0m [2mhyper::client::pool[0m[2m:[0m reuse idle connection for ("http", 192.168.0.14:8545)
[2m2025-12-10T10:14:44.820310Z[0m [34mDEBUG[0m [2mhyper::proto::h1::io[0m[2m:[0m flushed 172 bytes
[2m2025-12-10T10:14:44.836787Z[0m [34mDEBUG[0m [2mhyper::proto::h1::io[0m[2m:[0m parsed 4 headers
[2m2025-12-10T10:14:44.836827Z[0m [34mDEBUG[0m [2mhyper::proto::h1::conn[0m[2m:[0m incoming body is content-length (45 bytes)
[2m2025-12-10T10:14:44.836852Z[0m [34mDEBUG[0m [2mhyper::proto::h1::conn[0m[2m:[0m incoming body completed
[2m2025-12-10T10:14:44.836896Z[0m [34mDEBUG[0m [2mhyper::client::pool[0m[2m:[0m pooling idle connection for ("http", 192.168.0.14:8545)
[2m2025-12-10T10:14:44.836972Z[0m [34mDEBUG[0m [2mhyper::client::pool[0m[2m:[0m reuse idle connection for ("http", 192.168.0.14:8545)
[2m2025-12-10T10:14:44.837054Z[0m [34mDEBUG[0m [2mhyper::proto::h1::io[0m[2m:[0m flushed 172 bytes
[2m2025-12-10T10:14:44.844092Z[0m [34mDEBUG[0m [2mhyper::proto::h1::io[0m[2m:[0m parsed 4 headers
[2m2025-12-10T10:14:44.844109Z[0m [34mDEBUG[0m [2mhyper::proto::h1::conn[0m[2m:[0m incoming body is content-length (45 bytes)
[2m2025-12-10T10:14:44.844119Z[0m [34mDEBUG[0m [2mhyper::proto::h1::conn[0m[2m:[0m incoming body completed
[2m2025-12-10T10:14:44.844132Z[0m [34mDEBUG[0m [2mhyper::client::pool[0m[2m:[0m pooling idle connection for ("http", 192.168.0.14:8545)
[2m2025-12-10T10:14:44.844164Z[0m [34mDEBUG[0m [2mhyper::client::pool[0m[2m:[0m reuse idle connection for ("http", 192.168.0.14:8545)
[2m2025-12-10T10:14:44.844203Z[0m [34mDEBUG[0m [2mhyper::proto::h1::io[0m[2m:[0m flushed 172 bytes
[2m2025-12-10T10:14:44.848056Z[0m [34mDEBUG[0m [2mhyper::proto::h1::io[0m[2m:[0m parsed 4 headers
[2m2025-12-10T10:14:44.848071Z[0m [34mDEBUG[0m [2mhyper::proto::h1::conn[0m[2m:[0m incoming body is content-length (45 bytes)
[2m2025-12-10T10:14:44.848080Z[0m [34mDEBUG[0m [2mhyper::proto::h1::conn[0m[2m:[0m incoming body completed
[2m2025-12-10T10:14:44.848091Z[0m [34mDEBUG[0m [2mhyper::client::pool[0m[2m:[0m pooling idle connection for ("http", 192.168.0.14:8545)
[2m2025-12-10T10:14:44.848121Z[0m [34mDEBUG[0m [2mhyper::client::pool[0m[2m:[0m reuse idle connection for ("http", 192.168.0.14:8545)
[2m2025-12-10T10:14:44.848150Z[0m [34mDEBUG[0m [2mhyper::proto::h1::io[0m[2m:[0m flushed 172 bytes
[2m2025-12-10T10:14:44.860754Z[0m [34mDEBUG[0m [2mhyper::proto::h1::io[0m[2m:[0m parsed 4 headers
[2m2025-12-10T10:14:44.860772Z[0m [34mDEBUG[0m [2mhyper::proto::h1::conn[0m[2m:[0m incoming body is content-length (45 bytes)
[2m2025-12-10T10:14:44.860783Z[0m [34mDEBUG[0m [2mhyper::proto::h1::conn[0m[2m:[0m incoming body completed
[2m2025-12-10T10:14:44.860796Z[0m [34mDEBUG[0m [2mhyper::client::pool[0m[2m:[0m pooling idle connection for ("http", 192.168.0.14:8545)
[2m2025-12-10T10:14:44.860828Z[0m [34mDEBUG[0m [2mhyper::client::pool[0m[2m:[0m reuse idle connection for ("http", 192.168.0.14:8545)
[2m2025-12-10T10:14:44.860863Z[0m [34mDEBUG[0m [2mhyper::proto::h1::io[0m[2m:[0m flushed 172 bytes
[2m2025-12-10T10:14:44.865418Z[0m [34mDEBUG[0m [2mhyper::proto::h1::io[0m[2m:[0m parsed 4 headers
[2m2025-12-10T10:14:44.866019Z[0m [34mDEBUG[0m [2mhyper::proto::h1::conn[0m[2m:[0m incoming body is content-length (560 bytes)
[2m2025-12-10T10:14:44.866029Z[0m [34mDEBUG[0m [2mhyper::proto::h1::conn[0m[2m:[0m incoming body completed
[2m2025-12-10T10:14:44.866041Z[0m [34mDEBUG[0m [2mhyper::client::pool[0m[2m:[0m pooling idle connection for ("http", 192.168.0.14:8545)
[2m2025-12-10T10:14:44.866137Z[0m [34mDEBUG[0m [2methereum_transaction_pool_monitor::eth_client[0m[2m:[0m 📡 Transaction fetch RPC completed in 123.058917ms
[2m2025-12-10T10:14:45.190211Z[0m [34mDEBUG[0m [2methereum_transaction_pool_monitor::eth_client[0m[2m:[0m ✅ Transaction 0xf7d59bb81e87c8dd34493418c2c8feb1def64ef38f7c16d36b9fe6500fda6669 fetched and parsed in 447.127334ms
[2m2025-12-10T10:14:45.190252Z[0m [34mDEBUG[0m [2methereum_transaction_pool_monitor::mempool_monitor[0m[2m:[0m 🔍 Skipping tx 0xf7d59bb81e87c8dd34493418c2c8feb1def64ef38f7c16d36b9fe6500fda6669 - not a DEX interaction (target: 0x1e62Fc0d439E03F8c861c20098fa1725cA4b1aEd)
[2m2025-12-10T10:14:45.190270Z[0m [34mDEBUG[0m [2methereum_transaction_pool_monitor::mempool_monitor[0m[2m:[0m 📨 Processing new pending transaction: 0xd7a75025b03908e10182768b1bbe2cd3f38ae853c9f16c1111aeea288b91ed07
[2m2025-12-10T10:14:45.190278Z[0m [34mDEBUG[0m [2methereum_transaction_pool_monitor::mempool_monitor[0m[2m:[0m 🔍 Fetching transaction details for: 0xd7a75025b03908e10182768b1bbe2cd3f38ae853c9f16c1111aeea288b91ed07
[2m2025-12-10T10:14:45.190285Z[0m [34mDEBUG[0m [2methereum_transaction_pool_monitor::eth_client[0m[2m:[0m 🔍 Fetching transaction details for hash: 0xd7a75025b03908e10182768b1bbe2cd3f38ae853c9f16c1111aeea288b91ed07
[2m2025-12-10T10:14:45.190312Z[0m [34mDEBUG[0m [2mhyper::client::pool[0m[2m:[0m reuse idle connection for ("http", 192.168.0.14:8545)
[2m2025-12-10T10:14:45.190369Z[0m [34mDEBUG[0m [2mhyper::proto::h1::io[0m[2m:[0m flushed 250 bytes
[2m2025-12-10T10:14:45.190394Z[0m [34mDEBUG[0m [2mhyper::proto::h1::io[0m[2m:[0m parsed 4 headers
[2m2025-12-10T10:14:45.190401Z[0m [34mDEBUG[0m [2mhyper::proto::h1::conn[0m[2m:[0m incoming body is content-length (45 bytes)
[2m2025-12-10T10:14:45.190410Z[0m [34mDEBUG[0m [2mhyper::proto::h1::conn[0m[2m:[0m incoming body completed
[2m2025-12-10T10:14:45.190420Z[0m [34mDEBUG[0m [2mhyper::client::pool[0m[2m:[0m pooling idle connection for ("http", 192.168.0.14:8545)
[2m2025-12-10T10:14:45.190438Z[0m [34mDEBUG[0m [2mhyper::client::pool[0m[2m:[0m reuse idle connection for ("http", 192.168.0.14:8545)
[2m2025-12-10T10:14:45.190457Z[0m [34mDEBUG[0m [2mhyper::proto::h1::io[0m[2m:[0m flushed 172 bytes
[2m2025-12-10T10:14:52.273345Z[0m [34mDEBUG[0m [2mhyper::proto::h1::io[0m[2m:[0m parsed 4 headers
[2m2025-12-10T10:14:52.273592Z[0m [34mDEBUG[0m [2mhyper::proto::h1::conn[0m[2m:[0m incoming body is content-length (45 bytes)
[2m2025-12-10T10:14:52.273871Z[0m [34mDEBUG[0m [2mhyper::proto::h1::conn[0m[2m:[0m incoming body completed
[2m2025-12-10T10:14:52.274048Z[0m [34mDEBUG[0m [2mhyper::client::pool[0m[2m:[0m pooling idle connection for ("http", 192.168.0.14:8545)
[2m2025-12-10T10:14:52.274303Z[0m [34mDEBUG[0m [2mhyper::client::pool[0m[2m:[0m reuse idle connection for ("http", 192.168.0.14:8545)
[2m2025-12-10T10:14:52.274441Z[0m [34mDEBUG[0m [2mhyper::proto::h1::io[0m[2m:[0m flushed 172 bytes
[2m2025-12-10T10:14:52.583903Z[0m [34mDEBUG[0m [2mhyper::proto::h1::io[0m[2m:[0m parsed 4 headers
[2m2025-12-10T10:14:52.583935Z[0m [34mDEBUG[0m [2mhyper::proto::h1::conn[0m[2m:[0m incoming body is content-length (656 bytes)
[2m2025-12-10T10:14:52.583976Z[0m [34mDEBUG[0m [2mhyper::proto::h1::conn[0m[2m:[0m incoming body completed
[2m2025-12-10T10:14:52.584030Z[0m [34mDEBUG[0m [2mhyper::client::pool[0m[2m:[0m pooling idle connection for ("http", 192.168.0.14:8545)
[2m2025-12-10T10:14:52.584184Z[0m [34mDEBUG[0m [2methereum_transaction_pool_monitor::eth_client[0m[2m:[0m 📡 Transaction fetch RPC completed in 7.393825458s
[2m2025-12-10T10:14:53.100126Z[0m [34mDEBUG[0m [2methereum_transaction_pool_monitor::eth_client[0m[2m:[0m ✅ Transaction 0xd7a75025b03908e10182768b1bbe2cd3f38ae853c9f16c1111aeea288b91ed07 fetched and parsed in 7.909759916s
[2m2025-12-10T10:14:53.100862Z[0m [34mDEBUG[0m [2methereum_transaction_pool_monitor::mempool_monitor[0m[2m:[0m 🔍 Skipping tx 0xd7a75025b03908e10182768b1bbe2cd3f38ae853c9f16c1111aeea288b91ed07 - not a DEX interaction (target: 0xd4A8C91383714A6B2c1bD541964338E4651E328b)
[2m2025-12-10T10:14:53.100887Z[0m [34mDEBUG[0m [2methereum_transaction_pool_monitor::mempool_monitor[0m[2m:[0m 📨 Processing new pending transaction: 0x13846d51ab49f98041025a2f5ca3efa834baf83adaefe4f5f40668af31bd850f
[2m2025-12-10T10:14:53.100896Z[0m [34mDEBUG[0m [2methereum_transaction_pool_monitor::mempool_monitor[0m[2m:[0m 🔍 Fetching transaction details for: 0x13846d51ab49f98041025a2f5ca3efa834baf83adaefe4f5f40668af31bd850f
[2m2025-12-10T10:14:53.100901Z[0m [34mDEBUG[0m [2methereum_transaction_pool_monitor::eth_client[0m[2m:[0m 🔍 Fetching transaction details for hash: 0x13846d51ab49f98041025a2f5ca3efa834baf83adaefe4f5f40668af31bd850f
[2m2025-12-10T10:14:53.100932Z[0m [34mDEBUG[0m [2mhyper::client::pool[0m[2m:[0m reuse idle connection for ("http", 192.168.0.14:8545)
[2m2025-12-10T10:14:53.100997Z[0m [34mDEBUG[0m [2mhyper::proto::h1::io[0m[2m:[0m flushed 250 bytes
[2m2025-12-10T10:14:53.101137Z[0m [34mDEBUG[0m [2mhyper::proto::h1::io[0m[2m:[0m parsed 4 headers
[2m2025-12-10T10:14:53.101147Z[0m [34mDEBUG[0m [2mhyper::proto::h1::conn[0m[2m:[0m incoming body is content-length (45 bytes)
[2m2025-12-10T10:14:53.101156Z[0m [34mDEBUG[0m [2mhyper::proto::h1::conn[0m[2m:[0m incoming body completed
[2m2025-12-10T10:14:53.101167Z[0m [34mDEBUG[0m [2mhyper::client::pool[0m[2m:[0m pooling idle connection for ("http", 192.168.0.14:8545)
[2m2025-12-10T10:14:53.101188Z[0m [34mDEBUG[0m [2mhyper::client::pool[0m[2m:[0m reuse idle connection for ("http", 192.168.0.14:8545)
[2m2025-12-10T10:14:53.101217Z[0m [34mDEBUG[0m [2mhyper::proto::h1::io[0m[2m:[0m flushed 172 bytes
[2m2025-12-10T10:14:53.102050Z[0m [34mDEBUG[0m [2methereum_transaction_pool_monitor::eth_client[0m[2m:[0m 📨 Received WebSocket message: {"jsonrpc":"2.0","method":"eth_subscription","params":{"subscription":"0xbed0a0851463e895960a451075a301a9","result":"0xc1980c7a671054a3e6556d613fe66cf08b81a218cf4ee67b81a7714f6718b1e7"}}
[2m2025-12-10T10:14:53.102080Z[0m [34mDEBUG[0m [2methereum_transaction_pool_monitor::eth_client[0m[2m:[0m 📨 Received pending transaction: 0xc1980c7a671054a3e6556d613fe66cf08b81a218cf4ee67b81a7714f6718b1e7
[2m2025-12-10T10:14:53.102088Z[0m [34mDEBUG[0m [2methereum_transaction_pool_monitor::eth_client[0m[2m:[0m 📨 Received WebSocket message: {"jsonrpc":"2.0","method":"eth_subscription","params":{"subscription":"0xbed0a0851463e895960a451075a301a9","result":"0xdb75d1140e70376370a413855ad2ec71a5db656fa862bc0315c8f1f055f3bdbc"}}
[2m2025-12-10T10:14:53.102094Z[0m [34mDEBUG[0m [2methereum_transaction_pool_monitor::eth_client[0m[2m:[0m 📨 Received pending transaction: 0xdb75d1140e70376370a413855ad2ec71a5db656fa862bc0315c8f1f055f3bdbc
[2m2025-12-10T10:14:53.102099Z[0m [34mDEBUG[0m [2methereum_transaction_pool_monitor::eth_client[0m[2m:[0m 📨 Received WebSocket message: {"jsonrpc":"2.0","method":"eth_subscription","params":{"subscription":"0xbed0a0851463e895960a451075a301a9","result":"0x289069dfed465b87366ffd63ef2d47a4c9fa23c1adc5d46a0da32832cfb50aaf"}}
[2m2025-12-10T10:14:53.102108Z[0m [34mDEBUG[0m [2methereum_transaction_pool_monitor::eth_client[0m[2m:[0m 📨 Received pending transaction: 0x289069dfed465b87366ffd63ef2d47a4c9fa23c1adc5d46a0da32832cfb50aaf
[2m2025-12-10T10:14:53.102114Z[0m [34mDEBUG[0m [2methereum_transaction_pool_monitor::eth_client[0m[2m:[0m 📨 Received WebSocket message: {"jsonrpc":"2.0","method":"eth_subscription","params":{"subscription":"0xbed0a0851463e895960a451075a301a9","result":"0x9c867a5e83abfbdcbe2e4e35a8d06069aa174eeb1e87de9295bfc30fb407d52c"}}
[2m2025-12-10T10:14:53.102119Z[0m [34mDEBUG[0m [2methereum_transaction_pool_monitor::eth_client[0m[2m:[0m 📨 Received pending transaction: 0x9c867a5e83abfbdcbe2e4e35a8d06069aa174eeb1e87de9295bfc30fb407d52c
[2m2025-12-10T10:14:53.102248Z[0m [34mDEBUG[0m [2methereum_transaction_pool_monitor::eth_client[0m[2m:[0m 📨 Received WebSocket message: {"jsonrpc":"2.0","method":"eth_subscription","params":{"subscription":"0xbed0a0851463e895960a451075a301a9","result":"0x9e946d3f533981bc9e1cf3439309908e6142fe01d1d4cd66a7c395049fa606e1"}}
[2m2025-12-10T10:14:53.102263Z[0m [34mDEBUG[0m [2methereum_transaction_pool_monitor::eth_client[0m[2m:[0m 📨 Received pending transaction: 0x9e946d3f533981bc9e1cf3439309908e6142fe01d1d4cd66a7c395049fa606e1
[2m2025-12-10T10:14:53.102270Z[0m [34mDEBUG[0m [2methereum_transaction_pool_monitor::eth_client[0m[2m:[0m 📨 Received WebSocket message: {"jsonrpc":"2.0","method":"eth_subscription","params":{"subscription":"0xbed0a0851463e895960a451075a301a9","result":"0xb013ce9b76ffd04472b71c8bdda4ea4a7304b5b416c7815622bc24a857ba0e35"}}
[2m2025-12-10T10:14:53.102276Z[0m [34mDEBUG[0m [2methereum_transaction_pool_monitor::eth_client[0m[2m:[0m 📨 Received pending transaction: 0xb013ce9b76ffd04472b71c8bdda4ea4a7304b5b416c7815622bc24a857ba0e35
[2m2025-12-10T10:14:53.102281Z[0m [34mDEBUG[0m [2methereum_transaction_pool_monitor::eth_client[0m[2m:[0m 📨 Received WebSocket message: {"jsonrpc":"2.0","method":"eth_subscription","params":{"subscription":"0xbed0a0851463e895960a451075a301a9","result":"0x5ddc7c572e556f29f6491ea733f37922ce82665d45e01e4f4093cbc3a07b51b3"}}
[2m2025-12-10T10:14:53.102286Z[0m [34mDEBUG[0m [2methereum_transaction_pool_monitor::eth_client[0m[2m:[0m 📨 Received pending transaction: 0x5ddc7c572e556f29f6491ea733f37922ce82665d45e01e4f4093cbc3a07b51b3
[2m2025-12-10T10:14:53.102290Z[0m [34mDEBUG[0m [2methereum_transaction_pool_monitor::eth_client[0m[2m:[0m 📨 Received WebSocket message: {"jsonrpc":"2.0","method":"eth_subscription","params":{"subscription":"0xbed0a0851463e895960a451075a301a9","result":"0x914b4fda85b93cb9638cd75b45dba6d06c942d2507493eb64840c4885d8a0013"}}
[2m2025-12-10T10:14:53.102295Z[0m [34mDEBUG[0m [2methereum_transaction_pool_monitor::eth_client[0m[2m:[0m 📨 Received pending transaction: 0x914b4fda85b93cb9638cd75b45dba6d06c942d2507493eb64840c4885d8a0013
[2m2025-12-10T10:14:53.102299Z[0m [34mDEBUG[0m [2methereum_transaction_pool_monitor::eth_client[0m[2m:[0m 📨 Received WebSocket message: {"jsonrpc":"2.0","method":"eth_subscription","params":{"subscription":"0xbed0a0851463e895960a451075a301a9","result":"0xbbf7f139439adbc67ff3e2bf5d5833f9d2d7a4e86c7fececbc3f8cba75a9b352"}}
[2m2025-12-10T10:14:53.102306Z[0m [34mDEBUG[0m [2methereum_transaction_pool_monitor::eth_client[0m[2m:[0m 📨 Received pending transaction: 0xbbf7f139439adbc67ff3e2bf5d5833f9d2d7a4e86c7fececbc3f8cba75a9b352
[2m2025-12-10T10:14:53.102310Z[0m [34mDEBUG[0m [2methereum_transaction_pool_monitor::eth_client[0m[2m:[0m 📨 Received WebSocket message: {"jsonrpc":"2.0","method":"eth_subscription","params":{"subscription":"0xbed0a0851463e895960a451075a301a9","result":"0xd69c6d7859e9bc441a3880e98137876d795f1508a3298995f2d20be3030496c7"}}
[2m2025-12-10T10:14:53.103037Z[0m [34mDEBUG[0m [2methereum_transaction_pool_monitor::eth_client[0m[2m:[0m 📨 Received pending transaction: 0xd69c6d7859e9bc441a3880e98137876d795f1508a3298995f2d20be3030496c7
[2m2025-12-10T10:14:53.103055Z[0m [34mDEBUG[0m [2methereum_transaction_pool_monitor::eth_client[0m[2m:[0m 📨 Received WebSocket message: {"jsonrpc":"2.0","method":"eth_subscription","params":{"subscription":"0xbed0a0851463e895960a451075a301a9","result":"0x7d8a7df1dae474b66c1737051de526344107cb2c524a8237022d125ef4f0b8c9"}}
[2m2025-12-10T10:14:53.103061Z[0m [34mDEBUG[0m [2methereum_transaction_pool_monitor::eth_client[0m[2m:[0m 📨 Received pending transaction: 0x7d8a7df1dae474b66c1737051de526344107cb2c524a8237022d125ef4f0b8c9
[2m2025-12-10T10:14:53.103066Z[0m [34mDEBUG[0m [2methereum_transaction_pool_monitor::eth_client[0m[2m:[0m 📨 Received WebSocket message: {"jsonrpc":"2.0","method":"eth_subscription","params":{"subscription":"0xbed0a0851463e895960a451075a301a9","result":"0xcb3c4f5dd8bd55b8088e7ba6dded900c51ca01d231d8683a1abb92d573139c09"}}
[2m2025-12-10T10:14:53.103072Z[0m [34mDEBUG[0m [2methereum_transaction_pool_monitor::eth_client[0m[2m:[0m 📨 Received pending transaction: 0xcb3c4f5dd8bd55b8088e7ba6dded900c51ca01d231d8683a1abb92d573139c09
[2m2025-12-10T10:14:53.103078Z[0m [34mDEBUG[0m [2methereum_transaction_pool_monitor::eth_client[0m[2m:[0m 📨 Received WebSocket message: {"jsonrpc":"2.0","method":"eth_subscription","params":{"subscription":"0xbed0a0851463e895960a451075a301a9","result":"0x16b8ae8f5c9984ee0f30593c96a808212ad133b6fe7dc2a0a7c31d33535867f3"}}
[2m2025-12-10T10:14:53.103084Z[0m [34mDEBUG[0m [2methereum_transaction_pool_monitor::eth_client[0m[2m:[0m 📨 Received pending transaction: 0x16b8ae8f5c9984ee0f30593c96a808212ad133b6fe7dc2a0a7c31d33535867f3
[2m2025-12-10T10:14:53.103090Z[0m [34mDEBUG[0m [2methereum_transaction_pool_monitor::eth_client[0m[2m:[0m 📨 Received WebSocket message: {"jsonrpc":"2.0","method":"eth_subscription","params":{"subscription":"0xbed0a0851463e895960a451075a301a9","result":"0x5d4cc0307fceeadbf617905f6c8332748702c9037cf29355ed47040c57fb6984"}}
[2m2025-12-10T10:14:53.103096Z[0m [34mDEBUG[0m [2methereum_transaction_pool_monitor::eth_client[0m[2m:[0m 📨 Received pending transaction: 0x5d4cc0307fceeadbf617905f6c8332748702c9037cf29355ed47040c57fb6984
[2m2025-12-10T10:14:53.103102Z[0m [34mDEBUG[0m [2methereum_transaction_pool_monitor::eth_client[0m[2m:[0m 📨 Received WebSocket message: {"jsonrpc":"2.0","method":"eth_subscription","params":{"subscription":"0xbed0a0851463e895960a451075a301a9","result":"0x98c0506675a82a38538ff5b9cd469249ee2d58cf3ab725149e9542ba256c9a88"}}
[2m2025-12-10T10:14:53.103107Z[0m [34mDEBUG[0m [2methereum_transaction_pool_monitor::eth_client[0m[2m:[0m 📨 Received pending transaction: 0x98c0506675a82a38538ff5b9cd469249ee2d58cf3ab725149e9542ba256c9a88
[2m2025-12-10T10:14:53.103112Z[0m [34mDEBUG[0m [2methereum_transaction_pool_monitor::eth_client[0m[2m:[0m 📨 Received WebSocket message: {"jsonrpc":"2.0","method":"eth_subscription","params":{"subscription":"0xbed0a0851463e895960a451075a301a9","result":"0x5f6a987d477b9ff4687d106ffa2f2e6851ce417e61af5df55bbd23f7d023fb40"}}
[2m2025-12-10T10:14:53.103118Z[0m [34mDEBUG[0m [2methereum_transaction_pool_monitor::eth_client[0m[2m:[0m 📨 Received pending transaction: 0x5f6a987d477b9ff4687d106ffa2f2e6851ce417e61af5df55bbd23f7d023fb40
[2m2025-12-10T10:14:53.103125Z[0m [34mDEBUG[0m [2methereum_transaction_pool_monitor::eth_client[0m[2m:[0m 📨 Received WebSocket message: {"jsonrpc":"2.0","method":"eth_subscription","params":{"subscription":"0xbed0a0851463e895960a451075a301a9","result":"0xf8768d18a95b2b18bd285b41d5c8cdeff39ce9d17bfe0a176d16be9059b4f673"}}
[2m2025-12-10T10:14:53.103131Z[0m [34mDEBUG[0m [2methereum_transaction_pool_monitor::eth_client[0m[2m:[0m 📨 Received pending transaction: 0xf8768d18a95b2b18bd285b41d5c8cdeff39ce9d17bfe0a176d16be9059b4f673
[2m2025-12-10T10:14:53.103137Z[0m [34mDEBUG[0m [2methereum_transaction_pool_monitor::eth_client[0m[2m:[0m 📨 Received WebSocket message: {"jsonrpc":"2.0","method":"eth_subscription","params":{"subscription":"0xbed0a0851463e895960a451075a301a9","result":"0xd2f477228da57eaa947844689da97d8bdb6dce3c4270e5d630221e096bca5f67"}}
[2m2025-12-10T10:14:53.103143Z[0m [34mDEBUG[0m [2methereum_transaction_pool_monitor::eth_client[0m[2m:[0m 📨 Received pending transaction: 0xd2f477228da57eaa947844689da97d8bdb6dce3c4270e5d630221e096bca5f67
[2m2025-12-10T10:14:53.160925Z[0m [34mDEBUG[0m [2methereum_transaction_pool_monitor::eth_client[0m[2m:[0m 📨 Received WebSocket message: {"jsonrpc":"2.0","method":"eth_subscription","params":{"subscription":"0xbed0a0851463e895960a451075a301a9","result":"0xd4b2039bc91035837c294f46f5e7bb6079652a1d1093154fc31dd5f505ffb3fc"}}
[2m2025-12-10T10:14:53.160970Z[0m [34mDEBUG[0m [2methereum_transaction_pool_monitor::eth_client[0m[2m:[0m 📨 Received pending transaction: 0xd4b2039bc91035837c294f46f5e7bb6079652a1d1093154fc31dd5f505ffb3fc
[2m2025-12-10T10:14:53.160980Z[0m [34mDEBUG[0m [2methereum_transaction_pool_monitor::eth_client[0m[2m:[0m 📨 Received WebSocket message: {"jsonrpc":"2.0","method":"eth_subscription","params":{"subscription":"0xbed0a0851463e895960a451075a301a9","result":"0xadbb90defae32cca6c8d0aefed98e3d20c7c43841cdac0f3ba41b5d704e6a007"}}
[2m2025-12-10T10:14:53.160990Z[0m [34mDEBUG[0m [2methereum_transaction_pool_monitor::eth_client[0m[2m:[0m 📨 Received pending transaction: 0xadbb90defae32cca6c8d0aefed98e3d20c7c43841cdac0f3ba41b5d704e6a007
[2m2025-12-10T10:14:53.297372Z[0m [34mDEBUG[0m [2methereum_transaction_pool_monitor::eth_client[0m[2m:[0m 📨 Received WebSocket message: {"jsonrpc":"2.0","method":"eth_subscription","params":{"subscription":"0xbed0a0851463e895960a451075a301a9","result":"0xe345edddb97ee90a883030d282b6b1901145f4485e92eca5c916c7fa3b2ffdd5"}}
[2m2025-12-10T10:14:53.297397Z[0m [34mDEBUG[0m [2methereum_transaction_pool_monitor::eth_client[0m[2m:[0m 📨 Received pending transaction: 0xe345edddb97ee90a883030d282b6b1901145f4485e92eca5c916c7fa3b2ffdd5
[2m2025-12-10T10:14:53.297404Z[0m [34mDEBUG[0m [2methereum_transaction_pool_monitor::eth_client[0m[2m:[0m 📨 Received WebSocket message: {"jsonrpc":"2.0","method":"eth_subscription","params":{"subscription":"0xbed0a0851463e895960a451075a301a9","result":"0xcb2a5b426bace583e2ead88bb0622be6e110e69ead35ed06b5302b5aa0f7ea67"}}
[2m2025-12-10T10:14:53.297410Z[0m [34mDEBUG[0m [2methereum_transaction_pool_monitor::eth_client[0m[2m:[0m 📨 Received pending transaction: 0xcb2a5b426bace583e2ead88bb0622be6e110e69ead35ed06b5302b5aa0f7ea67
[2m2025-12-10T10:14:53.394085Z[0m [34mDEBUG[0m [2mhyper::proto::h1::io[0m[2m:[0m parsed 4 headers
[2m2025-12-10T10:14:53.399735Z[0m [34mDEBUG[0m [2mhyper::proto::h1::conn[0m[2m:[0m incoming body is content-length (45 bytes)
[2m2025-12-10T10:14:53.399765Z[0m [34mDEBUG[0m [2mhyper::proto::h1::conn[0m[2m:[0m incoming body completed
[2m2025-12-10T10:14:53.399805Z[0m [34mDEBUG[0m [2mhyper::client::pool[0m[2m:[0m pooling idle connection for ("http", 192.168.0.14:8545)
[2m2025-12-10T10:14:53.399864Z[0m [34mDEBUG[0m [2mhyper::client::pool[0m[2m:[0m reuse idle connection for ("http", 192.168.0.14:8545)
[2m2025-12-10T10:14:53.399947Z[0m [34mDEBUG[0m [2mhyper::proto::h1::io[0m[2m:[0m flushed 172 bytes
[2m2025-12-10T10:14:53.394092Z[0m [34mDEBUG[0m [2methereum_transaction_pool_monitor::eth_client[0m[2m:[0m 📨 Received WebSocket message: {"jsonrpc":"2.0","method":"eth_subscription","params":{"subscription":"0xbed0a0851463e895960a451075a301a9","result":"0xe42aa5efa59599ded6b71337d33f9b39a04cd6785dec42cd9e03487ed2a325ea"}}
[2m2025-12-10T10:14:53.400420Z[0m [34mDEBUG[0m [2methereum_transaction_pool_monitor::eth_client[0m[2m:[0m 📨 Received pending transaction: 0xe42aa5efa59599ded6b71337d33f9b39a04cd6785dec42cd9e03487ed2a325ea
[2m2025-12-10T10:14:53.400538Z[0m [34mDEBUG[0m [2methereum_transaction_pool_monitor::eth_client[0m[2m:[0m 📨 Received WebSocket message: {"jsonrpc":"2.0","method":"eth_subscription","params":{"subscription":"0xbed0a0851463e895960a451075a301a9","result":"0x561709b295e6d75272402c271438f4c10b4bbd1293e1bcce6101eac06f0d1eee"}}
[2m2025-12-10T10:14:53.400548Z[0m [34mDEBUG[0m [2methereum_transaction_pool_monitor::eth_client[0m[2m:[0m 📨 Received pending transaction: 0x561709b295e6d75272402c271438f4c10b4bbd1293e1bcce6101eac06f0d1eee
[2m2025-12-10T10:14:53.454013Z[0m [34mDEBUG[0m [2methereum_transaction_pool_monitor::eth_client[0m[2m:[0m 📨 Received WebSocket message: {"jsonrpc":"2.0","method":"eth_subscription","params":{"subscription":"0xbed0a0851463e895960a451075a301a9","result":"0xe85dbd983a0efdcc512c2873f6f99de6132023279464015b2dd502391a1fc2ca"}}
[2m2025-12-10T10:14:53.454095Z[0m [34mDEBUG[0m [2methereum_transaction_pool_monitor::eth_client[0m[2m:[0m 📨 Received pending transaction: 0xe85dbd983a0efdcc512c2873f6f99de6132023279464015b2dd502391a1fc2ca
[2m2025-12-10T10:14:53.876450Z[0m [34mDEBUG[0m [2methereum_transaction_pool_monitor::eth_client[0m[2m:[0m 📨 Received WebSocket message: {"jsonrpc":"2.0","method":"eth_subscription","params":{"subscription":"0xbed0a0851463e895960a451075a301a9","result":"0xbb200004efe3f61db666838776935898b3948fbc029f6040aa57fed00c9ef175"}}
[2m2025-12-10T10:14:53.876511Z[0m [34mDEBUG[0m [2methereum_transaction_pool_monitor::eth_client[0m[2m:[0m 📨 Received pending transaction: 0xbb200004efe3f61db666838776935898b3948fbc029f6040aa57fed00c9ef175
[2m2025-12-10T10:14:53.876984Z[0m [34mDEBUG[0m [2mhyper::proto::h1::io[0m[2m:[0m parsed 4 headers
[2m2025-12-10T10:14:53.877013Z[0m [34mDEBUG[0m [2mhyper::proto::h1::conn[0m[2m:[0m incoming body is content-length (45 bytes)
[2m2025-12-10T10:14:53.877040Z[0m [34mDEBUG[0m [2mhyper::proto::h1::conn[0m[2m:[0m incoming body completed
[2m2025-12-10T10:14:53.877088Z[0m [34mDEBUG[0m [2mhyper::client::pool[0m[2m:[0m pooling idle connection for ("http", 192.168.0.14:8545)
[2m2025-12-10T10:14:53.877155Z[0m [34mDEBUG[0m [2mhyper::client::pool[0m[2m:[0m reuse idle connection for ("http", 192.168.0.14:8545)
[2m2025-12-10T10:14:53.877226Z[0m [34mDEBUG[0m [2mhyper::proto::h1::io[0m[2m:[0m flushed 172 bytes
[2m2025-12-10T10:14:53.946615Z[0m [34mDEBUG[0m [2methereum_transaction_pool_monitor::eth_client[0m[2m:[0m 📨 Received WebSocket message: {"jsonrpc":"2.0","method":"eth_subscription","params":{"subscription":"0xbed0a0851463e895960a451075a301a9","result":"0xb48432381a0c3ddd60e39907dc2b27d49c9cddaa41ccb85d839f72c437103c3d"}}
[2m2025-12-10T10:14:53.946659Z[0m [34mDEBUG[0m [2methereum_transaction_pool_monitor::eth_client[0m[2m:[0m 📨 Received pending transaction: 0xb48432381a0c3ddd60e39907dc2b27d49c9cddaa41ccb85d839f72c437103c3d
[2m2025-12-10T10:14:53.946689Z[0m [34mDEBUG[0m [2mhyper::proto::h1::io[0m[2m:[0m parsed 4 headers
[2m2025-12-10T10:14:53.946696Z[0m [34mDEBUG[0m [2mhyper::proto::h1::conn[0m[2m:[0m incoming body is content-length (656 bytes)
[2m2025-12-10T10:14:53.947069Z[0m [34mDEBUG[0m [2mhyper::proto::h1::conn[0m[2m:[0m incoming body completed
[2m2025-12-10T10:14:53.947097Z[0m [34mDEBUG[0m [2mhyper::client::pool[0m[2m:[0m pooling idle connection for ("http", 192.168.0.14:8545)
[2m2025-12-10T10:14:53.947144Z[0m [34mDEBUG[0m [2methereum_transaction_pool_monitor::eth_client[0m[2m:[0m 📡 Transaction fetch RPC completed in 846.230542ms
[2m2025-12-10T10:14:53.947000Z[0m [34mDEBUG[0m [2mhyper::proto::h1::io[0m[2m:[0m parsed 4 headers
[2m2025-12-10T10:14:53.947215Z[0m [34mDEBUG[0m [2mhyper::proto::h1::conn[0m[2m:[0m incoming body is content-length (45 bytes)
[2m2025-12-10T10:14:53.947262Z[0m [34mDEBUG[0m [2mhyper::proto::h1::conn[0m[2m:[0m incoming body completed
[2m2025-12-10T10:14:53.947330Z[0m [34mDEBUG[0m [2mhyper::client::pool[0m[2m:[0m pooling idle connection for ("http", 192.168.0.14:8545)
[2m2025-12-10T10:14:53.947360Z[0m [34mDEBUG[0m [2mhyper::client::pool[0m[2m:[0m reuse idle connection for ("http", 192.168.0.14:8545)
[2m2025-12-10T10:14:53.947633Z[0m [34mDEBUG[0m [2mhyper::proto::h1::io[0m[2m:[0m flushed 172 bytes
[2m2025-12-10T10:14:53.996366Z[0m [34mDEBUG[0m [2mhyper::proto::h1::io[0m[2m:[0m parsed 4 headers
[2m2025-12-10T10:14:53.998346Z[0m [34mDEBUG[0m [2mhyper::proto::h1::conn[0m[2m:[0m incoming body is content-length (45 bytes)
[2m2025-12-10T10:14:53.998370Z[0m [34mDEBUG[0m [2mhyper::proto::h1::conn[0m[2m:[0m incoming body completed
[2m2025-12-10T10:14:53.998398Z[0m [34mDEBUG[0m [2mhyper::client::pool[0m[2m:[0m pooling idle connection for ("http", 192.168.0.14:8545)
[2m2025-12-10T10:14:53.998439Z[0m [34mDEBUG[0m [2mhyper::client::pool[0m[2m:[0m reuse idle connection for ("http", 192.168.0.14:8545)
[2m2025-12-10T10:14:53.998684Z[0m [34mDEBUG[0m [2mhyper::proto::h1::io[0m[2m:[0m flushed 172 bytes
[2m2025-12-10T10:14:54.004783Z[0m [34mDEBUG[0m [2mhyper::proto::h1::io[0m[2m:[0m parsed 4 headers
[2m2025-12-10T10:14:54.005856Z[0m [34mDEBUG[0m [2mhyper::proto::h1::conn[0m[2m:[0m incoming body is content-length (45 bytes)
[2m2025-12-10T10:14:54.005892Z[0m [34mDEBUG[0m [2mhyper::proto::h1::conn[0m[2m:[0m incoming body completed
[2m2025-12-10T10:14:54.005920Z[0m [34mDEBUG[0m [2mhyper::client::pool[0m[2m:[0m pooling idle connection for ("http", 192.168.0.14:8545)
[2m2025-12-10T10:14:54.005978Z[0m [34mDEBUG[0m [2mhyper::client::pool[0m[2m:[0m reuse idle connection for ("http", 192.168.0.14:8545)
[2m2025-12-10T10:14:54.006076Z[0m [34mDEBUG[0m [2mhyper::proto::h1::io[0m[2m:[0m flushed 172 bytes
[2m2025-12-10T10:14:54.005761Z[0m [34mDEBUG[0m [2methereum_transaction_pool_monitor::eth_client[0m[2m:[0m 📨 Received WebSocket message: {"jsonrpc":"2.0","method":"eth_subscription","params":{"subscription":"0xbed0a0851463e895960a451075a301a9","result":"0x20ee0b7ee633df35b90ab0aa74566a335f9f2ff00e75c714210101af51989511"}}
[2m2025-12-10T10:14:54.006469Z[0m [34mDEBUG[0m [2methereum_transaction_pool_monitor::eth_client[0m[2m:[0m 📨 Received pending transaction: 0x20ee0b7ee633df35b90ab0aa74566a335f9f2ff00e75c714210101af51989511
[2m2025-12-10T10:14:54.012556Z[0m [34mDEBUG[0m [2methereum_transaction_pool_monitor::eth_client[0m[2m:[0m 📨 Received WebSocket message: {"jsonrpc":"2.0","method":"eth_subscription","params":{"subscription":"0xbed0a0851463e895960a451075a301a9","result":"0x1e6d0c037045d1a863a76a88c8582e1cefb498cdfb0e82f77644b978a5257215"}}
[2m2025-12-10T10:14:54.012656Z[0m [34mDEBUG[0m [2methereum_transaction_pool_monitor::eth_client[0m[2m:[0m 📨 Received pending transaction: 0x1e6d0c037045d1a863a76a88c8582e1cefb498cdfb0e82f77644b978a5257215
[2m2025-12-10T10:14:54.012683Z[0m [34mDEBUG[0m [2methereum_transaction_pool_monitor::eth_client[0m[2m:[0m 📨 Received WebSocket message: {"jsonrpc":"2.0","method":"eth_subscription","params":{"subscription":"0xbed0a0851463e895960a451075a301a9","result":"0x6ad700674a1e474ff4a3c77cddb8134f1535d7d8f9d61593c8f0b2993edb6344"}}
[2m2025-12-10T10:14:54.012698Z[0m [34mDEBUG[0m [2methereum_transaction_pool_monitor::eth_client[0m[2m:[0m 📨 Received pending transaction: 0x6ad700674a1e474ff4a3c77cddb8134f1535d7d8f9d61593c8f0b2993edb6344
[2m2025-12-10T10:14:54.012709Z[0m [34mDEBUG[0m [2methereum_transaction_pool_monitor::eth_client[0m[2m:[0m 📨 Received WebSocket message: {"jsonrpc":"2.0","method":"eth_subscription","params":{"subscription":"0xbed0a0851463e895960a451075a301a9","result":"0x702df23f1d361db731a2a6d0d49ec22e57219f897bb67af4177aaacf560d95c8"}}
[2m2025-12-10T10:14:54.012724Z[0m [34mDEBUG[0m [2methereum_transaction_pool_monitor::eth_client[0m[2m:[0m 📨 Received pending transaction: 0x702df23f1d361db731a2a6d0d49ec22e57219f897bb67af4177aaacf560d95c8
[2m2025-12-10T10:14:54.012928Z[0m [34mDEBUG[0m [2methereum_transaction_pool_monitor::eth_client[0m[2m:[0m 📨 Received WebSocket message: {"jsonrpc":"2.0","method":"eth_subscription","params":{"subscription":"0xbed0a0851463e895960a451075a301a9","result":"0x7b03be5d4809b09e2737236417940c2e51a9daada2c70b13bc27395e9d94b557"}}
[2m2025-12-10T10:14:54.012955Z[0m [34mDEBUG[0m [2methereum_transaction_pool_monitor::eth_client[0m[2m:[0m 📨 Received pending transaction: 0x7b03be5d4809b09e2737236417940c2e51a9daada2c70b13bc27395e9d94b557
[2m2025-12-10T10:14:54.014495Z[0m [34mDEBUG[0m [2mhyper::proto::h1::io[0m[2m:[0m parsed 4 headers
[2m2025-12-10T10:14:54.014547Z[0m [34mDEBUG[0m [2mhyper::proto::h1::conn[0m[2m:[0m incoming body is content-length (45 bytes)
[2m2025-12-10T10:14:54.014569Z[0m [34mDEBUG[0m [2mhyper::proto::h1::conn[0m[2m:[0m incoming body completed
[2m2025-12-10T10:14:54.014642Z[0m [34mDEBUG[0m [2mhyper::client::pool[0m[2m:[0m pooling idle connection for ("http", 192.168.0.14:8545)
[2m2025-12-10T10:14:54.014683Z[0m [34mDEBUG[0m [2mhyper::client::pool[0m[2m:[0m reuse idle connection for ("http", 192.168.0.14:8545)
[2m2025-12-10T10:14:54.014734Z[0m [34mDEBUG[0m [2mhyper::proto::h1::io[0m[2m:[0m flushed 172 bytes
[2m2025-12-10T10:14:54.031889Z[0m [34mDEBUG[0m [2mhyper::proto::h1::io[0m[2m:[0m parsed 4 headers
[2m2025-12-10T10:14:54.031942Z[0m [34mDEBUG[0m [2mhyper::proto::h1::conn[0m[2m:[0m incoming body is content-length (45 bytes)
[2m2025-12-10T10:14:54.031968Z[0m [34mDEBUG[0m [2mhyper::proto::h1::conn[0m[2m:[0m incoming body completed
[2m2025-12-10T10:14:54.031997Z[0m [34mDEBUG[0m [2mhyper::client::pool[0m[2m:[0m pooling idle connection for ("http", 192.168.0.14:8545)
[2m2025-12-10T10:14:54.032059Z[0m [34mDEBUG[0m [2mhyper::client::pool[0m[2m:[0m reuse idle connection for ("http", 192.168.0.14:8545)
[2m2025-12-10T10:14:54.032130Z[0m [34mDEBUG[0m [2mhyper::proto::h1::io[0m[2m:[0m flushed 172 bytes
[2m2025-12-10T10:14:54.039096Z[0m [34mDEBUG[0m [2methereum_transaction_pool_monitor::eth_client[0m[2m:[0m 📨 Received WebSocket message: {"jsonrpc":"2.0","method":"eth_subscription","params":{"subscription":"0xbed0a0851463e895960a451075a301a9","result":"0x732d93ff9ecfc19d441d70b39d7d3725cf34049fc1b7091f1d603833500b9a2f"}}
[2m2025-12-10T10:14:54.039298Z[0m [34mDEBUG[0m [2methereum_transaction_pool_monitor::eth_client[0m[2m:[0m 📨 Received pending transaction: 0x732d93ff9ecfc19d441d70b39d7d3725cf34049fc1b7091f1d603833500b9a2f
[2m2025-12-10T10:14:54.061101Z[0m [34mDEBUG[0m [2mhyper::proto::h1::io[0m[2m:[0m parsed 4 headers
[2m2025-12-10T10:14:54.061143Z[0m [34mDEBUG[0m [2mhyper::proto::h1::conn[0m[2m:[0m incoming body is content-length (45 bytes)
[2m2025-12-10T10:14:54.061164Z[0m [34mDEBUG[0m [2mhyper::proto::h1::conn[0m[2m:[0m incoming body completed
[2m2025-12-10T10:14:54.061190Z[0m [34mDEBUG[0m [2mhyper::client::pool[0m[2m:[0m pooling idle connection for ("http", 192.168.0.14:8545)
[2m2025-12-10T10:14:54.061247Z[0m [34mDEBUG[0m [2mhyper::client::pool[0m[2m:[0m reuse idle connection for ("http", 192.168.0.14:8545)
[2m2025-12-10T10:14:54.061304Z[0m [34mDEBUG[0m [2mhyper::proto::h1::io[0m[2m:[0m flushed 172 bytes
[2m2025-12-10T10:14:54.069357Z[0m [34mDEBUG[0m [2methereum_transaction_pool_monitor::eth_client[0m[2m:[0m 📨 Received WebSocket message: {"jsonrpc":"2.0","method":"eth_subscription","params":{"subscription":"0xbed0a0851463e895960a451075a301a9","result":"0x5f19b4c2141619c56052799ba978947248e23d60bf0448c942062c0d67460534"}}
[2m2025-12-10T10:14:54.069415Z[0m [34mDEBUG[0m [2methereum_transaction_pool_monitor::eth_client[0m[2m:[0m 📨 Received pending transaction: 0x5f19b4c2141619c56052799ba978947248e23d60bf0448c942062c0d67460534
[2m2025-12-10T10:14:54.069442Z[0m [34mDEBUG[0m [2methereum_transaction_pool_monitor::eth_client[0m[2m:[0m 📨 Received WebSocket message: {"jsonrpc":"2.0","method":"eth_subscription","params":{"subscription":"0xbed0a0851463e895960a451075a301a9","result":"0xe6ecbc156047a4b46628c43fd17ff94b6ee9b1d1897c2c56430c61320621b281"}}
[2m2025-12-10T10:14:54.069456Z[0m [34mDEBUG[0m [2methereum_transaction_pool_monitor::eth_client[0m[2m:[0m 📨 Received pending transaction: 0xe6ecbc156047a4b46628c43fd17ff94b6ee9b1d1897c2c56430c61320621b281
[2m2025-12-10T10:14:54.072236Z[0m [34mDEBUG[0m [2mhyper::proto::h1::io[0m[2m:[0m parsed 4 headers
[2m2025-12-10T10:14:54.072287Z[0m [34mDEBUG[0m [2mhyper::proto::h1::conn[0m[2m:[0m incoming body is content-length (45 bytes)
[2m2025-12-10T10:14:54.072307Z[0m [34mDEBUG[0m [2mhyper::proto::h1::conn[0m[2m:[0m incoming body completed
[2m2025-12-10T10:14:54.072332Z[0m [34mDEBUG[0m [2mhyper::client::pool[0m[2m:[0m pooling idle connection for ("http", 192.168.0.14:8545)
[2m2025-12-10T10:14:54.072385Z[0m [34mDEBUG[0m [2mhyper::client::pool[0m[2m:[0m reuse idle connection for ("http", 192.168.0.14:8545)
[2m2025-12-10T10:14:54.072452Z[0m [34mDEBUG[0m [2mhyper::proto::h1::io[0m[2m:[0m flushed 172 bytes
[2m2025-12-10T10:14:54.080000Z[0m [34mDEBUG[0m [2mhyper::proto::h1::io[0m[2m:[0m parsed 4 headers
[2m2025-12-10T10:14:54.080052Z[0m [34mDEBUG[0m [2mhyper::proto::h1::conn[0m[2m:[0m incoming body is content-length (45 bytes)
[2m2025-12-10T10:14:54.080072Z[0m [34mDEBUG[0m [2mhyper::proto::h1::conn[0m[2m:[0m incoming body completed
[2m2025-12-10T10:14:54.080117Z[0m [34mDEBUG[0m [2mhyper::client::pool[0m[2m:[0m pooling idle connection for ("http", 192.168.0.14:8545)
[2m2025-12-10T10:14:54.080175Z[0m [34mDEBUG[0m [2mhyper::client::pool[0m[2m:[0m reuse idle connection for ("http", 192.168.0.14:8545)
[2m2025-12-10T10:14:54.080249Z[0m [34mDEBUG[0m [2mhyper::proto::h1::io[0m[2m:[0m flushed 172 bytes
[2m2025-12-10T10:14:54.090857Z[0m [34mDEBUG[0m [2mhyper::proto::h1::io[0m[2m:[0m parsed 4 headers
[2m2025-12-10T10:14:54.090933Z[0m [34mDEBUG[0m [2mhyper::proto::h1::conn[0m[2m:[0m incoming body is content-length (45 bytes)
[2m2025-12-10T10:14:54.090956Z[0m [34mDEBUG[0m [2mhyper::proto::h1::conn[0m[2m:[0m incoming body completed
[2m2025-12-10T10:14:54.090983Z[0m [34mDEBUG[0m [2mhyper::client::pool[0m[2m:[0m pooling idle connection for ("http", 192.168.0.14:8545)
[2m2025-12-10T10:14:54.091040Z[0m [34mDEBUG[0m [2mhyper::client::pool[0m[2m:[0m reuse idle connection for ("http", 192.168.0.14:8545)
[2m2025-12-10T10:14:54.091064Z[0m [34mDEBUG[0m [2methereum_transaction_pool_monitor::eth_client[0m[2m:[0m 📨 Received WebSocket message: {"jsonrpc":"2.0","method":"eth_subscription","params":{"subscription":"0xbed0a0851463e895960a451075a301a9","result":"0xce60f9f299ca273c0bc6832c55d2f889644327595d4a3f61a4ea8ce6a02032e6"}}
[2m2025-12-10T10:14:54.091086Z[0m [34mDEBUG[0m [2methereum_transaction_pool_monitor::eth_client[0m[2m:[0m 📨 Received pending transaction: 0xce60f9f299ca273c0bc6832c55d2f889644327595d4a3f61a4ea8ce6a02032e6
[2m2025-12-10T10:14:54.091102Z[0m [34mDEBUG[0m [2mhyper::proto::h1::io[0m[2m:[0m flushed 172 bytes
[2m2025-12-10T10:14:54.098869Z[0m [34mDEBUG[0m [2mhyper::proto::h1::io[0m[2m:[0m parsed 4 headers
[2m2025-12-10T10:14:54.098927Z[0m [34mDEBUG[0m [2mhyper::proto::h1::conn[0m[2m:[0m incoming body is content-length (45 bytes)
[2m2025-12-10T10:14:54.098950Z[0m [34mDEBUG[0m [2mhyper::proto::h1::conn[0m[2m:[0m incoming body completed
[2m2025-12-10T10:14:54.099052Z[0m [34mDEBUG[0m [2mhyper::client::pool[0m[2m:[0m pooling idle connection for ("http", 192.168.0.14:8545)
[2m2025-12-10T10:14:54.099124Z[0m [34mDEBUG[0m [2mhyper::client::pool[0m[2m:[0m reuse idle connection for ("http", 192.168.0.14:8545)
[2m2025-12-10T10:14:54.099231Z[0m [34mDEBUG[0m [2mhyper::proto::h1::io[0m[2m:[0m flushed 172 bytes
[2m2025-12-10T10:14:54.115287Z[0m [34mDEBUG[0m [2methereum_transaction_pool_monitor::eth_client[0m[2m:[0m ✅ Transaction 0x13846d51ab49f98041025a2f5ca3efa834baf83adaefe4f5f40668af31bd850f fetched and parsed in 1.014366875s
[2m2025-12-10T10:14:54.115358Z[0m [34mDEBUG[0m [2methereum_transaction_pool_monitor::mempool_monitor[0m[2m:[0m 🔍 Skipping tx 0x13846d51ab49f98041025a2f5ca3efa834baf83adaefe4f5f40668af31bd850f - not a DEX interaction (target: 0xc310a55bdD85F29e1c5f8C550977777f8F8BB027)
[2m2025-12-10T10:14:54.115380Z[0m [34mDEBUG[0m [2methereum_transaction_pool_monitor::mempool_monitor[0m[2m:[0m 📨 Processing new pending transaction: 0x2a6dc61e8d7ba90787c5b73db6826dae73a5c12f8925d84cf4013dec5c28d4ba
[2m2025-12-10T10:14:54.115391Z[0m [34mDEBUG[0m [2methereum_transaction_pool_monitor::mempool_monitor[0m[2m:[0m 🔍 Fetching transaction details for: 0x2a6dc61e8d7ba90787c5b73db6826dae73a5c12f8925d84cf4013dec5c28d4ba
[2m2025-12-10T10:14:54.115401Z[0m [34mDEBUG[0m [2methereum_transaction_pool_monitor::eth_client[0m[2m:[0m 🔍 Fetching transaction details for hash: 0x2a6dc61e8d7ba90787c5b73db6826dae73a5c12f8925d84cf4013dec5c28d4ba
[2m2025-12-10T10:14:54.115446Z[0m [34mDEBUG[0m [2mhyper::client::pool[0m[2m:[0m reuse idle connection for ("http", 192.168.0.14:8545)
[2m2025-12-10T10:14:54.115580Z[0m [34mDEBUG[0m [2mhyper::proto::h1::io[0m[2m:[0m flushed 250 bytes
[2m2025-12-10T10:14:54.134481Z[0m [34mDEBUG[0m [2mhyper::proto::h1::io[0m[2m:[0m parsed 4 headers
[2m2025-12-10T10:14:54.134536Z[0m [34mDEBUG[0m [2mhyper::proto::h1::conn[0m[2m:[0m incoming body is content-length (45 bytes)
[2m2025-12-10T10:14:54.134555Z[0m [34mDEBUG[0m [2mhyper::proto::h1::conn[0m[2m:[0m incoming body completed
[2m2025-12-10T10:14:54.134582Z[0m [34mDEBUG[0m [2mhyper::client::pool[0m[2m:[0m pooling idle connection for ("http", 192.168.0.14:8545)
[2m2025-12-10T10:14:54.134646Z[0m [34mDEBUG[0m [2mhyper::client::pool[0m[2m:[0m reuse idle connection for ("http", 192.168.0.14:8545)
[2m2025-12-10T10:14:54.134717Z[0m [34mDEBUG[0m [2mhyper::proto::h1::io[0m[2m:[0m flushed 172 bytes
[2m2025-12-10T10:14:54.136777Z[0m [34mDEBUG[0m [2methereum_transaction_pool_monitor::eth_client[0m[2m:[0m 📨 Received WebSocket message: {"jsonrpc":"2.0","method":"eth_subscription","params":{"subscription":"0xbed0a0851463e895960a451075a301a9","result":"0xf7bd2f3de58ce24db4bd83124a1007f3f4501faaeef47de9f27df0d60b0ef4e4"}}
[2m2025-12-10T10:14:54.136824Z[0m [34mDEBUG[0m [2methereum_transaction_pool_monitor::eth_client[0m[2m:[0m 📨 Received pending transaction: 0xf7bd2f3de58ce24db4bd83124a1007f3f4501faaeef47de9f27df0d60b0ef4e4
[2m2025-12-10T10:14:54.136838Z[0m [34mDEBUG[0m [2methereum_transaction_pool_monitor::eth_client[0m[2m:[0m 📨 Received WebSocket message: {"jsonrpc":"2.0","method":"eth_subscription","params":{"subscription":"0xbed0a0851463e895960a451075a301a9","result":"0x86a60494c863a20dc8b22b14b38584ac8b4ad3a3432fc0bd954fb0f1740c93bb"}}
[2m2025-12-10T10:14:54.136852Z[0m [34mDEBUG[0m [2methereum_transaction_pool_monitor::eth_client[0m[2m:[0m 📨 Received pending transaction: 0x86a60494c863a20dc8b22b14b38584ac8b4ad3a3432fc0bd954fb0f1740c93bb
[2m2025-12-10T10:14:54.136863Z[0m [34mDEBUG[0m [2methereum_transaction_pool_monitor::eth_client[0m[2m:[0m 📨 Received WebSocket message: {"jsonrpc":"2.0","method":"eth_subscription","params":{"subscription":"0xbed0a0851463e895960a451075a301a9","result":"0x1a933eabd78d5244479e54ac36fc0df3aea1ee5873335513fd6ac8d8862ebf95"}}
[2m2025-12-10T10:14:54.136876Z[0m [34mDEBUG[0m [2methereum_transaction_pool_monitor::eth_client[0m[2m:[0m 📨 Received pending transaction: 0x1a933eabd78d5244479e54ac36fc0df3aea1ee5873335513fd6ac8d8862ebf95
[2m2025-12-10T10:14:54.136888Z[0m [34mDEBUG[0m [2methereum_transaction_pool_monitor::eth_client[0m[2m:[0m 📨 Received WebSocket message: {"jsonrpc":"2.0","method":"eth_subscription","params":{"subscription":"0xbed0a0851463e895960a451075a301a9","result":"0xc54ddb55ec082162fa642b21a0c3f41eca0bab91dde7f32d08a68dfae946cc06"}}
[2m2025-12-10T10:14:54.136900Z[0m [34mDEBUG[0m [2methereum_transaction_pool_monitor::eth_client[0m[2m:[0m 📨 Received pending transaction: 0xc54ddb55ec082162fa642b21a0c3f41eca0bab91dde7f32d08a68dfae946cc06
[2m2025-12-10T10:14:54.141421Z[0m [34mDEBUG[0m [2mhyper::proto::h1::io[0m[2m:[0m parsed 4 headers
[2m2025-12-10T10:14:54.141472Z[0m [34mDEBUG[0m [2mhyper::proto::h1::conn[0m[2m:[0m incoming body is content-length (45 bytes)
[2m2025-12-10T10:14:54.141510Z[0m [34mDEBUG[0m [2mhyper::proto::h1::conn[0m[2m:[0m incoming body completed
[2m2025-12-10T10:14:54.141536Z[0m [34mDEBUG[0m [2mhyper::client::pool[0m[2m:[0m pooling idle connection for ("http", 192.168.0.14:8545)
[2m2025-12-10T10:14:54.141593Z[0m [34mDEBUG[0m [2mhyper::client::pool[0m[2m:[0m reuse idle connection for ("http", 192.168.0.14:8545)
[2m2025-12-10T10:14:54.141683Z[0m [34mDEBUG[0m [2mhyper::proto::h1::io[0m[2m:[0m flushed 172 bytes
[2m2025-12-10T10:14:54.143716Z[0m [34mDEBUG[0m [2methereum_transaction_pool_monitor::eth_client[0m[2m:[0m 📨 Received WebSocket message: {"jsonrpc":"2.0","method":"eth_subscription","params":{"subscription":"0xbed0a0851463e895960a451075a301a9","result":"0x2baef258882b197ef6745d7a9e6b61a83064f44952d891af14db4ca3a83ab126"}}
[2m2025-12-10T10:14:54.143786Z[0m [34mDEBUG[0m [2methereum_transaction_pool_monitor::eth_client[0m[2m:[0m 📨 Received pending transaction: 0x2baef258882b197ef6745d7a9e6b61a83064f44952d891af14db4ca3a83ab126
[2m2025-12-10T10:14:54.335233Z[0m [34mDEBUG[0m [2methereum_transaction_pool_monitor::eth_client[0m[2m:[0m 📨 Received WebSocket message: {"jsonrpc":"2.0","method":"eth_subscription","params":{"subscription":"0xbed0a0851463e895960a451075a301a9","result":"0x9aaab12629920143a49c66ffde857cea4498819af2319194fb37b51cc570c6ee"}}
[2m2025-12-10T10:14:54.335691Z[0m [34mDEBUG[0m [2mhyper::proto::h1::io[0m[2m:[0m parsed 4 headers
[2m2025-12-10T10:14:54.335918Z[0m [34mDEBUG[0m [2mhyper::proto::h1::conn[0m[2m:[0m incoming body is content-length (774 bytes)
[2m2025-12-10T10:14:54.335986Z[0m [34mDEBUG[0m [2mhyper::proto::h1::io[0m[2m:[0m parsed 4 headers
[2m2025-12-10T10:14:54.336024Z[0m [34mDEBUG[0m [2mhyper::proto::h1::conn[0m[2m:[0m incoming body completed
[2m2025-12-10T10:14:54.336051Z[0m [34mDEBUG[0m [2mhyper::proto::h1::conn[0m[2m:[0m incoming body is content-length (45 bytes)
[2m2025-12-10T10:14:54.336078Z[0m [34mDEBUG[0m [2mhyper::client::pool[0m[2m:[0m pooling idle connection for ("http", 192.168.0.14:8545)
[2m2025-12-10T10:14:54.336084Z[0m [34mDEBUG[0m [2mhyper::proto::h1::conn[0m[2m:[0m incoming body completed
[2m2025-12-10T10:14:54.336105Z[0m [34mDEBUG[0m [2methereum_transaction_pool_monitor::eth_client[0m[2m:[0m 📡 Transaction fetch RPC completed in 220.691583ms
[2m2025-12-10T10:14:54.336123Z[0m [34mDEBUG[0m [2mhyper::client::pool[0m[2m:[0m pooling idle connection for ("http", 192.168.0.14:8545)
[2m2025-12-10T10:14:54.336170Z[0m [34mDEBUG[0m [2mhyper::client::pool[0m[2m:[0m reuse idle connection for ("http", 192.168.0.14:8545)
[2m2025-12-10T10:14:54.336211Z[0m [34mDEBUG[0m [2methereum_transaction_pool_monitor::eth_client[0m[2m:[0m 📨 Received pending transaction: 0x9aaab12629920143a49c66ffde857cea4498819af2319194fb37b51cc570c6ee
[2m2025-12-10T10:14:54.336238Z[0m [34mDEBUG[0m [2mhyper::proto::h1::io[0m[2m:[0m flushed 172 bytes
[2m2025-12-10T10:14:54.336254Z[0m [32m INFO[0m [2methereum_transaction_pool_monitor::eth_client[0m[2m:[0m 📊 WebSocket stats - Total: 4743 transactions, Rate: 11.4 tx/s
[2m2025-12-10T10:14:54.336275Z[0m [34mDEBUG[0m [2methereum_transaction_pool_monitor::eth_client[0m[2m:[0m 📨 Received WebSocket message: {"jsonrpc":"2.0","method":"eth_subscription","params":{"subscription":"0xbed0a0851463e895960a451075a301a9","result":"0x262ded3550c06423fa046f1869f1733e7e5a59112efca9e84848ea3426ae1b9c"}}
[2m2025-12-10T10:14:54.336300Z[0m [34mDEBUG[0m [2methereum_transaction_pool_monitor::eth_client[0m[2m:[0m 📨 Received pending transaction: 0x262ded3550c06423fa046f1869f1733e7e5a59112efca9e84848ea3426ae1b9c
[2m2025-12-10T10:14:54.344252Z[0m [34mDEBUG[0m [2mhyper::proto::h1::io[0m[2m:[0m parsed 4 headers
[2m2025-12-10T10:14:54.344289Z[0m [34mDEBUG[0m [2mhyper::proto::h1::conn[0m[2m:[0m incoming body is content-length (45 bytes)
[2m2025-12-10T10:14:54.344303Z[0m [34mDEBUG[0m [2mhyper::proto::h1::conn[0m[2m:[0m incoming body completed
[2m2025-12-10T10:14:54.344335Z[0m [34mDEBUG[0m [2mhyper::client::pool[0m[2m:[0m pooling idle connection for ("http", 192.168.0.14:8545)
[2m2025-12-10T10:14:54.344380Z[0m [34mDEBUG[0m [2mhyper::client::pool[0m[2m:[0m reuse idle connection for ("http", 192.168.0.14:8545)
[2m2025-12-10T10:14:54.344806Z[0m [34mDEBUG[0m [2mhyper::proto::h1::io[0m[2m:[0m flushed 172 bytes
[2m2025-12-10T10:14:54.427672Z[0m [34mDEBUG[0m [2mhyper::proto::h1::io[0m[2m:[0m parsed 4 headers
[2m2025-12-10T10:14:54.427777Z[0m [34mDEBUG[0m [2mhyper::proto::h1::conn[0m[2m:[0m incoming body is content-length (45 bytes)
[2m2025-12-10T10:14:54.427795Z[0m [34mDEBUG[0m [2mhyper::proto::h1::conn[0m[2m:[0m incoming body completed
[2m2025-12-10T10:14:54.427813Z[0m [34mDEBUG[0m [2mhyper::client::pool[0m[2m:[0m pooling idle connection for ("http", 192.168.0.14:8545)
[2m2025-12-10T10:14:54.427852Z[0m [34mDEBUG[0m [2mhyper::client::pool[0m[2m:[0m reuse idle connection for ("http", 192.168.0.14:8545)
[2m2025-12-10T10:14:54.427896Z[0m [34mDEBUG[0m [2mhyper::proto::h1::io[0m[2m:[0m flushed 172 bytes
[2m2025-12-10T10:14:54.434331Z[0m [34mDEBUG[0m [2methereum_transaction_pool_monitor::eth_client[0m[2m:[0m 📨 Received WebSocket message: {"jsonrpc":"2.0","method":"eth_subscription","params":{"subscription":"0xbed0a0851463e895960a451075a301a9","result":"0x81feb625d85b59004b01ea64e510ef123aa947e4493e203e12878083dcf9b07b"}}
[2m2025-12-10T10:14:54.434389Z[0m [34mDEBUG[0m [2methereum_transaction_pool_monitor::eth_client[0m[2m:[0m 📨 Received pending transaction: 0x81feb625d85b59004b01ea64e510ef123aa947e4493e203e12878083dcf9b07b
[2m2025-12-10T10:14:54.434405Z[0m [34mDEBUG[0m [2methereum_transaction_pool_monitor::eth_client[0m[2m:[0m 📨 Received WebSocket message: {"jsonrpc":"2.0","method":"eth_subscription","params":{"subscription":"0xbed0a0851463e895960a451075a301a9","result":"0xa2aceaf8078399ac6f92b8b952f72c4370aff976fde45a2618e022a4373efa76"}}
[2m2025-12-10T10:14:54.434424Z[0m [34mDEBUG[0m [2methereum_transaction_pool_monitor::eth_client[0m[2m:[0m 📨 Received pending transaction: 0xa2aceaf8078399ac6f92b8b952f72c4370aff976fde45a2618e022a4373efa76
[2m2025-12-10T10:14:54.440187Z[0m [34mDEBUG[0m [2mhyper::proto::h1::io[0m[2m:[0m parsed 4 headers
[2m2025-12-10T10:14:54.440208Z[0m [34mDEBUG[0m [2mhyper::proto::h1::conn[0m[2m:[0m incoming body is content-length (45 bytes)
[2m2025-12-10T10:14:54.440221Z[0m [34mDEBUG[0m [2mhyper::proto::h1::conn[0m[2m:[0m incoming body completed
[2m2025-12-10T10:14:54.440237Z[0m [34mDEBUG[0m [2mhyper::client::pool[0m[2m:[0m pooling idle connection for ("http", 192.168.0.14:8545)
[2m2025-12-10T10:14:54.440273Z[0m [34mDEBUG[0m [2mhyper::client::pool[0m[2m:[0m reuse idle connection for ("http", 192.168.0.14:8545)
[2m2025-12-10T10:14:54.440312Z[0m [34mDEBUG[0m [2mhyper::proto::h1::io[0m[2m:[0m flushed 172 bytes
[2m2025-12-10T10:14:54.451161Z[0m [34mDEBUG[0m [2mhyper::proto::h1::io[0m[2m:[0m parsed 4 headers
[2m2025-12-10T10:14:54.454315Z[0m [34mDEBUG[0m [2mhyper::proto::h1::conn[0m[2m:[0m incoming body is content-length (45 bytes)
[2m2025-12-10T10:14:54.458773Z[0m [34mDEBUG[0m [2mhyper::proto::h1::conn[0m[2m:[0m incoming body completed
[2m2025-12-10T10:14:54.458797Z[0m [34mDEBUG[0m [2mhyper::client::pool[0m[2m:[0m pooling idle connection for ("http", 192.168.0.14:8545)
[2m2025-12-10T10:14:54.458838Z[0m [34mDEBUG[0m [2mhyper::client::pool[0m[2m:[0m reuse idle connection for ("http", 192.168.0.14:8545)
[2m2025-12-10T10:14:54.458873Z[0m [34mDEBUG[0m [2mhyper::proto::h1::io[0m[2m:[0m flushed 172 bytes
[2m2025-12-10T10:14:54.473000Z[0m [34mDEBUG[0m [2methereum_transaction_pool_monitor::eth_client[0m[2m:[0m 📨 Received WebSocket message: {"jsonrpc":"2.0","method":"eth_subscription","params":{"subscription":"0xbed0a0851463e895960a451075a301a9","result":"0xe47800f2f249df4bb1a115a3bb05c6937d890d2797db9da938b647770f6678e8"}}
[2m2025-12-10T10:14:54.473092Z[0m [34mDEBUG[0m [2methereum_transaction_pool_monitor::eth_client[0m[2m:[0m 📨 Received pending transaction: 0xe47800f2f249df4bb1a115a3bb05c6937d890d2797db9da938b647770f6678e8
[2m2025-12-10T10:14:54.475978Z[0m [34mDEBUG[0m [2methereum_transaction_pool_monitor::eth_client[0m[2m:[0m ✅ Transaction 0x2a6dc61e8d7ba90787c5b73db6826dae73a5c12f8925d84cf4013dec5c28d4ba fetched and parsed in 360.56075ms
[2m2025-12-10T10:14:54.476013Z[0m [34mDEBUG[0m [2methereum_transaction_pool_monitor::mempool_monitor[0m[2m:[0m 🔍 Skipping tx 0x2a6dc61e8d7ba90787c5b73db6826dae73a5c12f8925d84cf4013dec5c28d4ba - not a DEX interaction (target: 0xA0b86991c6218b36c1d19D4a2e9Eb0cE3606eB48)
[2m2025-12-10T10:14:54.476030Z[0m [34mDEBUG[0m [2methereum_transaction_pool_monitor::mempool_monitor[0m[2m:[0m 📨 Processing new pending transaction: 0x337351d79e424a5deccb5f5b7247459b0790d96e37d620f6f9032ff6acb140cb
[2m2025-12-10T10:14:54.476036Z[0m [34mDEBUG[0m [2methereum_transaction_pool_monitor::mempool_monitor[0m[2m:[0m 🔍 Fetching transaction details for: 0x337351d79e424a5deccb5f5b7247459b0790d96e37d620f6f9032ff6acb140cb
[2m2025-12-10T10:14:54.476042Z[0m [34mDEBUG[0m [2methereum_transaction_pool_monitor::eth_client[0m[2m:[0m 🔍 Fetching transaction details for hash: 0x337351d79e424a5deccb5f5b7247459b0790d96e37d620f6f9032ff6acb140cb
[2m2025-12-10T10:14:54.476160Z[0m [34mDEBUG[0m [2mhyper::client::pool[0m[2m:[0m reuse idle connection for ("http", 192.168.0.14:8545)
[2m2025-12-10T10:14:54.476329Z[0m [34mDEBUG[0m [2mhyper::proto::h1::io[0m[2m:[0m flushed 250 bytes
[2m2025-12-10T10:14:54.487324Z[0m [34mDEBUG[0m [2mhyper::proto::h1::io[0m[2m:[0m parsed 4 headers
[2m2025-12-10T10:14:54.487378Z[0m [34mDEBUG[0m [2mhyper::proto::h1::conn[0m[2m:[0m incoming body is content-length (830 bytes)
[2m2025-12-10T10:14:54.487403Z[0m [34mDEBUG[0m [2methereum_transaction_pool_monitor::eth_client[0m[2m:[0m 📨 Received WebSocket message: {"jsonrpc":"2.0","method":"eth_subscription","params":{"subscription":"0xbed0a0851463e895960a451075a301a9","result":"0x2cffe93d517448b1bc25e9a13aee45f310fb696d9a014e2fe0dfebc00d7a7213"}}
[2m2025-12-10T10:14:54.487459Z[0m [34mDEBUG[0m [2methereum_transaction_pool_monitor::eth_client[0m[2m:[0m 📨 Received pending transaction: 0x2cffe93d517448b1bc25e9a13aee45f310fb696d9a014e2fe0dfebc00d7a7213
[2m2025-12-10T10:14:54.487413Z[0m [34mDEBUG[0m [2mhyper::proto::h1::conn[0m[2m:[0m incoming body completed
[2m2025-12-10T10:14:54.487540Z[0m [34mDEBUG[0m [2methereum_transaction_pool_monitor::eth_client[0m[2m:[0m 📨 Received WebSocket message: {"jsonrpc":"2.0","method":"eth_subscription","params":{"subscription":"0xbed0a0851463e895960a451075a301a9","result":"0x21d5dc8229ae32e6b9ef6d002ba7f51f3c2c4b8a031a574222f9686ed43b9759"}}
[2m2025-12-10T10:14:54.487590Z[0m [34mDEBUG[0m [2mhyper::client::pool[0m[2m:[0m pooling idle connection for ("http", 192.168.0.14:8545)
[2m2025-12-10T10:14:54.487623Z[0m [34mDEBUG[0m [2methereum_transaction_pool_monitor::eth_client[0m[2m:[0m 📡 Transaction fetch RPC completed in 11.5555ms
[2m2025-12-10T10:14:54.487666Z[0m [34mDEBUG[0m [2methereum_transaction_pool_monitor::eth_client[0m[2m:[0m 📨 Received pending transaction: 0x21d5dc8229ae32e6b9ef6d002ba7f51f3c2c4b8a031a574222f9686ed43b9759
[2m2025-12-10T10:14:54.487785Z[0m [34mDEBUG[0m [2methereum_transaction_pool_monitor::eth_client[0m[2m:[0m 📨 Received WebSocket message: {"jsonrpc":"2.0","method":"eth_subscription","params":{"subscription":"0xbed0a0851463e895960a451075a301a9","result":"0x45d65cb31561faaf9508f16930ba0648b96d161f147eacde902a02fb98fba8cf"}}
[2m2025-12-10T10:14:54.487847Z[0m [34mDEBUG[0m [2methereum_transaction_pool_monitor::eth_client[0m[2m:[0m 📨 Received pending transaction: 0x45d65cb31561faaf9508f16930ba0648b96d161f147eacde902a02fb98fba8cf
[2m2025-12-10T10:14:54.492549Z[0m [34mDEBUG[0m [2methereum_transaction_pool_monitor::eth_client[0m[2m:[0m 📨 Received WebSocket message: {"jsonrpc":"2.0","method":"eth_subscription","params":{"subscription":"0xbed0a0851463e895960a451075a301a9","result":"0x370d7d510053c2a56f03c5f9f25c33a4e86cc0a21a1ffb9bad3fd822e8b7c72b"}}
[2m2025-12-10T10:14:54.492582Z[0m [34mDEBUG[0m [2methereum_transaction_pool_monitor::eth_client[0m[2m:[0m 📨 Received pending transaction: 0x370d7d510053c2a56f03c5f9f25c33a4e86cc0a21a1ffb9bad3fd822e8b7c72b
[2m2025-12-10T10:14:54.492616Z[0m [34mDEBUG[0m [2mhyper::proto::h1::io[0m[2m:[0m parsed 4 headers
[2m2025-12-10T10:14:54.492628Z[0m [34mDEBUG[0m [2mhyper::proto::h1::conn[0m[2m:[0m incoming body is content-length (45 bytes)
[2m2025-12-10T10:14:54.492639Z[0m [34mDEBUG[0m [2mhyper::proto::h1::conn[0m[2m:[0m incoming body completed
[2m2025-12-10T10:14:54.492671Z[0m [34mDEBUG[0m [2mhyper::client::pool[0m[2m:[0m pooling idle connection for ("http", 192.168.0.14:8545)
[2m2025-12-10T10:14:54.492711Z[0m [34mDEBUG[0m [2mhyper::client::pool[0m[2m:[0m reuse idle connection for ("http", 192.168.0.14:8545)
[2m2025-12-10T10:14:54.492742Z[0m [34mDEBUG[0m [2mhyper::proto::h1::io[0m[2m:[0m flushed 172 bytes
[2m2025-12-10T10:14:54.510431Z[0m [34mDEBUG[0m [2methereum_transaction_pool_monitor::eth_client[0m[2m:[0m 📨 Received WebSocket message: {"jsonrpc":"2.0","method":"eth_subscription","params":{"subscription":"0xbed0a0851463e895960a451075a301a9","result":"0x677c80025a8523d84f2752b87fa4a8590611ab9149b5a544777dccdb197c08a4"}}
[2m2025-12-10T10:14:54.510500Z[0m [34mDEBUG[0m [2methereum_transaction_pool_monitor::eth_client[0m[2m:[0m 📨 Received pending transaction: 0x677c80025a8523d84f2752b87fa4a8590611ab9149b5a544777dccdb197c08a4
[2m2025-12-10T10:14:54.512239Z[0m [34mDEBUG[0m [2methereum_transaction_pool_monitor::eth_client[0m[2m:[0m 📨 Received WebSocket message: {"jsonrpc":"2.0","method":"eth_subscription","params":{"subscription":"0xbed0a0851463e895960a451075a301a9","result":"0xe35af62ebac2115d755c437864bc013affc7c8fc6065dc9f49534adbf65e6f98"}}
[2m2025-12-10T10:14:54.512312Z[0m [34mDEBUG[0m [2methereum_transaction_pool_monitor::eth_client[0m[2m:[0m 📨 Received pending transaction: 0xe35af62ebac2115d755c437864bc013affc7c8fc6065dc9f49534adbf65e6f98
[2m2025-12-10T10:14:54.556630Z[0m [34mDEBUG[0m [2mhyper::proto::h1::io[0m[2m:[0m parsed 4 headers
[2m2025-12-10T10:14:54.556686Z[0m [34mDEBUG[0m [2mhyper::proto::h1::conn[0m[2m:[0m incoming body is content-length (45 bytes)
[2m2025-12-10T10:14:54.556712Z[0m [34mDEBUG[0m [2mhyper::proto::h1::conn[0m[2m:[0m incoming body completed
[2m2025-12-10T10:14:54.556746Z[0m [34mDEBUG[0m [2mhyper::client::pool[0m[2m:[0m pooling idle connection for ("http", 192.168.0.14:8545)
[2m2025-12-10T10:14:54.556816Z[0m [34mDEBUG[0m [2mhyper::client::pool[0m[2m:[0m reuse idle connection for ("http", 192.168.0.14:8545)
[2m2025-12-10T10:14:54.556897Z[0m [34mDEBUG[0m [2mhyper::proto::h1::io[0m[2m:[0m flushed 172 bytes
[2m2025-12-10T10:14:54.562106Z[0m [34mDEBUG[0m [2mhyper::proto::h1::io[0m[2m:[0m parsed 4 headers
[2m2025-12-10T10:14:54.562157Z[0m [34mDEBUG[0m [2mhyper::proto::h1::conn[0m[2m:[0m incoming body is content-length (45 bytes)
[2m2025-12-10T10:14:54.562205Z[0m [34mDEBUG[0m [2mhyper::proto::h1::conn[0m[2m:[0m incoming body completed
[2m2025-12-10T10:14:54.562237Z[0m [34mDEBUG[0m [2mhyper::client::pool[0m[2m:[0m pooling idle connection for ("http", 192.168.0.14:8545)
[2m2025-12-10T10:14:54.562296Z[0m [34mDEBUG[0m [2mhyper::client::pool[0m[2m:[0m reuse idle connection for ("http", 192.168.0.14:8545)
[2m2025-12-10T10:14:54.562363Z[0m [34mDEBUG[0m [2mhyper::proto::h1::io[0m[2m:[0m flushed 172 bytes
[2m2025-12-10T10:14:54.572390Z[0m [34mDEBUG[0m [2mhyper::proto::h1::io[0m[2m:[0m parsed 4 headers
[2m2025-12-10T10:14:54.572455Z[0m [34mDEBUG[0m [2mhyper::proto::h1::conn[0m[2m:[0m incoming body is content-length (45 bytes)
[2m2025-12-10T10:14:54.572485Z[0m [34mDEBUG[0m [2mhyper::proto::h1::conn[0m[2m:[0m incoming body completed
[2m2025-12-10T10:14:54.572520Z[0m [34mDEBUG[0m [2mhyper::client::pool[0m[2m:[0m pooling idle connection for ("http", 192.168.0.14:8545)
[2m2025-12-10T10:14:54.572896Z[0m [34mDEBUG[0m [2mhyper::client::pool[0m[2m:[0m reuse idle connection for ("http", 192.168.0.14:8545)
[2m2025-12-10T10:14:54.573061Z[0m [34mDEBUG[0m [2mhyper::proto::h1::io[0m[2m:[0m flushed 172 bytes
[2m2025-12-10T10:14:54.580573Z[0m [34mDEBUG[0m [2methereum_transaction_pool_monitor::eth_client[0m[2m:[0m 📨 Received WebSocket message: {"jsonrpc":"2.0","method":"eth_subscription","params":{"subscription":"0xbed0a0851463e895960a451075a301a9","result":"0x84abae048e8de566f8bbe8d44af2daf0c4a3c3c8e9e7d0a5e3c3f0b1bf165fee"}}
[2m2025-12-10T10:14:54.580622Z[0m [34mDEBUG[0m [2mhyper::proto::h1::io[0m[2m:[0m parsed 4 headers
[2m2025-12-10T10:14:54.580648Z[0m [34mDEBUG[0m [2mhyper::proto::h1::conn[0m[2m:[0m incoming body is content-length (45 bytes)
[2m2025-12-10T10:14:54.580628Z[0m [34mDEBUG[0m [2methereum_transaction_pool_monitor::eth_client[0m[2m:[0m 📨 Received pending transaction: 0x84abae048e8de566f8bbe8d44af2daf0c4a3c3c8e9e7d0a5e3c3f0b1bf165fee
[2m2025-12-10T10:14:54.580675Z[0m [34mDEBUG[0m [2mhyper::proto::h1::conn[0m[2m:[0m incoming body completed
[2m2025-12-10T10:14:54.580724Z[0m [34mDEBUG[0m [2mhyper::client::pool[0m[2m:[0m pooling idle connection for ("http", 192.168.0.14:8545)
[2m2025-12-10T10:14:54.580790Z[0m [34mDEBUG[0m [2mhyper::client::pool[0m[2m:[0m reuse idle connection for ("http", 192.168.0.14:8545)
[2m2025-12-10T10:14:54.580834Z[0m [34mDEBUG[0m [2mhyper::proto::h1::io[0m[2m:[0m flushed 172 bytes
[2m2025-12-10T10:14:54.591116Z[0m [34mDEBUG[0m [2mhyper::proto::h1::io[0m[2m:[0m parsed 4 headers
[2m2025-12-10T10:14:54.591186Z[0m [34mDEBUG[0m [2mhyper::proto::h1::conn[0m[2m:[0m incoming body is content-length (45 bytes)
[2m2025-12-10T10:14:54.591211Z[0m [34mDEBUG[0m [2mhyper::proto::h1::conn[0m[2m:[0m incoming body completed
[2m2025-12-10T10:14:54.591241Z[0m [34mDEBUG[0m [2mhyper::client::pool[0m[2m:[0m pooling idle connection for ("http", 192.168.0.14:8545)
[2m2025-12-10T10:14:54.591316Z[0m [34mDEBUG[0m [2mhyper::client::pool[0m[2m:[0m reuse idle connection for ("http", 192.168.0.14:8545)
[2m2025-12-10T10:14:54.591412Z[0m [34mDEBUG[0m [2mhyper::proto::h1::io[0m[2m:[0m flushed 172 bytes
[2m2025-12-10T10:14:54.600879Z[0m [34mDEBUG[0m [2mhyper::proto::h1::io[0m[2m:[0m parsed 4 headers
[2m2025-12-10T10:14:54.600912Z[0m [34mDEBUG[0m [2mhyper::proto::h1::conn[0m[2m:[0m incoming body is content-length (45 bytes)
[2m2025-12-10T10:14:54.600931Z[0m [34mDEBUG[0m [2mhyper::proto::h1::conn[0m[2m:[0m incoming body completed
[2m2025-12-10T10:14:54.600955Z[0m [34mDEBUG[0m [2mhyper::client::pool[0m[2m:[0m pooling idle connection for ("http", 192.168.0.14:8545)
[2m2025-12-10T10:14:54.601021Z[0m [34mDEBUG[0m [2mhyper::client::pool[0m[2m:[0m reuse idle connection for ("http", 192.168.0.14:8545)
[2m2025-12-10T10:14:54.601074Z[0m [34mDEBUG[0m [2mhyper::proto::h1::io[0m[2m:[0m flushed 172 bytes
[2m2025-12-10T10:14:54.672031Z[0m [34mDEBUG[0m [2methereum_transaction_pool_monitor::eth_client[0m[2m:[0m ✅ Transaction 0x337351d79e424a5deccb5f5b7247459b0790d96e37d620f6f9032ff6acb140cb fetched and parsed in 195.958208ms
[2m2025-12-10T10:14:54.672097Z[0m [34mDEBUG[0m [2methereum_transaction_pool_monitor::mempool_monitor[0m[2m:[0m 🔍 Skipping tx 0x337351d79e424a5deccb5f5b7247459b0790d96e37d620f6f9032ff6acb140cb - not a DEX interaction (target: 0x3B4D794a66304F130a4Db8F2551B0070dfCf5ca7)
[2m2025-12-10T10:14:54.672125Z[0m [34mDEBUG[0m [2methereum_transaction_pool_monitor::mempool_monitor[0m[2m:[0m 📨 Processing new pending transaction: 0x170c0c2deaf07b05df16529698ddc584f03079e3fdeea76d6a200d582ec8683a
[2m2025-12-10T10:14:54.672171Z[0m [34mDEBUG[0m [2methereum_transaction_pool_monitor::mempool_monitor[0m[2m:[0m 🔍 Fetching transaction details for: 0x170c0c2deaf07b05df16529698ddc584f03079e3fdeea76d6a200d582ec8683a
[2m2025-12-10T10:14:54.672186Z[0m [34mDEBUG[0m [2methereum_transaction_pool_monitor::eth_client[0m[2m:[0m 🔍 Fetching transaction details for hash: 0x170c0c2deaf07b05df16529698ddc584f03079e3fdeea76d6a200d582ec8683a
[2m2025-12-10T10:14:54.672217Z[0m [34mDEBUG[0m [2mhyper::client::pool[0m[2m:[0m reuse idle connection for ("http", 192.168.0.14:8545)
[2m2025-12-10T10:14:54.672424Z[0m [34mDEBUG[0m [2mhyper::proto::h1::io[0m[2m:[0m flushed 250 bytes
[2m2025-12-10T10:14:54.682853Z[0m [34mDEBUG[0m [2mhyper::proto::h1::io[0m[2m:[0m parsed 4 headers
[2m2025-12-10T10:14:54.686851Z[0m [34mDEBUG[0m [2mhyper::proto::h1::conn[0m[2m:[0m incoming body is content-length (45 bytes)
[2m2025-12-10T10:14:54.686883Z[0m [34mDEBUG[0m [2mhyper::proto::h1::conn[0m[2m:[0m incoming body completed
[2m2025-12-10T10:14:54.686911Z[0m [34mDEBUG[0m [2mhyper::client::pool[0m[2m:[0m pooling idle connection for ("http", 192.168.0.14:8545)
[2m2025-12-10T10:14:54.686969Z[0m [34mDEBUG[0m [2mhyper::client::pool[0m[2m:[0m reuse idle connection for ("http", 192.168.0.14:8545)
[2m2025-12-10T10:14:54.687031Z[0m [34mDEBUG[0m [2mhyper::proto::h1::io[0m[2m:[0m flushed 172 bytes
[2m2025-12-10T10:14:54.687767Z[0m [34mDEBUG[0m [2methereum_transaction_pool_monitor::eth_client[0m[2m:[0m 📨 Received WebSocket message: {"jsonrpc":"2.0","method":"eth_subscription","params":{"subscription":"0xbed0a0851463e895960a451075a301a9","result":"0xaac3e1a9339ac102e4764b12476059f766b2792dfd6472054030f843b152f4db"}}
[2m2025-12-10T10:14:54.687817Z[0m [34mDEBUG[0m [2methereum_transaction_pool_monitor::eth_client[0m[2m:[0m 📨 Received pending transaction: 0xaac3e1a9339ac102e4764b12476059f766b2792dfd6472054030f843b152f4db
[2m2025-12-10T10:14:54.699381Z[0m [34mDEBUG[0m [2mhyper::proto::h1::io[0m[2m:[0m parsed 4 headers
[2m2025-12-10T10:14:54.699427Z[0m [34mDEBUG[0m [2mhyper::proto::h1::conn[0m[2m:[0m incoming body is content-length (45 bytes)
[2m2025-12-10T10:14:54.699452Z[0m [34mDEBUG[0m [2mhyper::proto::h1::conn[0m[2m:[0m incoming body completed
[2m2025-12-10T10:14:54.699481Z[0m [34mDEBUG[0m [2mhyper::client::pool[0m[2m:[0m pooling idle connection for ("http", 192.168.0.14:8545)
[2m2025-12-10T10:14:54.699532Z[0m [34mDEBUG[0m [2mhyper::client::pool[0m[2m:[0m reuse idle connection for ("http", 192.168.0.14:8545)
[2m2025-12-10T10:14:54.699584Z[0m [34mDEBUG[0m [2mhyper::proto::h1::io[0m[2m:[0m flushed 172 bytes
[2m2025-12-10T10:14:54.704081Z[0m [34mDEBUG[0m [2mhyper::proto::h1::io[0m[2m:[0m parsed 4 headers
[2m2025-12-10T10:14:54.704131Z[0m [34mDEBUG[0m [2mhyper::proto::h1::conn[0m[2m:[0m incoming body is content-length (45 bytes)
[2m2025-12-10T10:14:54.704153Z[0m [34mDEBUG[0m [2mhyper::proto::h1::conn[0m[2m:[0m incoming body completed
[2m2025-12-10T10:14:54.704179Z[0m [34mDEBUG[0m [2mhyper::client::pool[0m[2m:[0m pooling idle connection for ("http", 192.168.0.14:8545)
[2m2025-12-10T10:14:54.704237Z[0m [34mDEBUG[0m [2mhyper::client::pool[0m[2m:[0m reuse idle connection for ("http", 192.168.0.14:8545)
[2m2025-12-10T10:14:54.704312Z[0m [34mDEBUG[0m [2mhyper::proto::h1::io[0m[2m:[0m flushed 172 bytes
[2m2025-12-10T10:14:54.715944Z[0m [34mDEBUG[0m [2mhyper::proto::h1::io[0m[2m:[0m parsed 4 headers
[2m2025-12-10T10:14:54.715973Z[0m [34mDEBUG[0m [2mhyper::proto::h1::conn[0m[2m:[0m incoming body is content-length (45 bytes)
[2m2025-12-10T10:14:54.715985Z[0m [34mDEBUG[0m [2mhyper::proto::h1::conn[0m[2m:[0m incoming body completed
[2m2025-12-10T10:14:54.716003Z[0m [34mDEBUG[0m [2mhyper::client::pool[0m[2m:[0m pooling idle connection for ("http", 192.168.0.14:8545)
[2m2025-12-10T10:14:54.716041Z[0m [34mDEBUG[0m [2mhyper::client::pool[0m[2m:[0m reuse idle connection for ("http", 192.168.0.14:8545)
[2m2025-12-10T10:14:54.716085Z[0m [34mDEBUG[0m [2mhyper::proto::h1::io[0m[2m:[0m flushed 172 bytes
[2m2025-12-10T10:14:54.719823Z[0m [34mDEBUG[0m [2methereum_transaction_pool_monitor::eth_client[0m[2m:[0m 📨 Received WebSocket message: {"jsonrpc":"2.0","method":"eth_subscription","params":{"subscription":"0xbed0a0851463e895960a451075a301a9","result":"0x34db2ce99bce0b95dc8cab0500b680f74cc812d1f46aadda43ca2f227a01646e"}}
[2m2025-12-10T10:14:54.719880Z[0m [34mDEBUG[0m [2methereum_transaction_pool_monitor::eth_client[0m[2m:[0m 📨 Received pending transaction: 0x34db2ce99bce0b95dc8cab0500b680f74cc812d1f46aadda43ca2f227a01646e
[2m2025-12-10T10:14:54.720079Z[0m [34mDEBUG[0m [2methereum_transaction_pool_monitor::eth_client[0m[2m:[0m 📨 Received WebSocket message: {"jsonrpc":"2.0","method":"eth_subscription","params":{"subscription":"0xbed0a0851463e895960a451075a301a9","result":"0x094756d1563d620451bef711ff7c777d2560f550c51dd6bc7c3858c5a2ee798b"}}
[2m2025-12-10T10:14:54.720114Z[0m [34mDEBUG[0m [2methereum_transaction_pool_monitor::eth_client[0m[2m:[0m 📨 Received pending transaction: 0x094756d1563d620451bef711ff7c777d2560f550c51dd6bc7c3858c5a2ee798b
[2m2025-12-10T10:14:54.725006Z[0m [34mDEBUG[0m [2mhyper::proto::h1::io[0m[2m:[0m parsed 4 headers
[2m2025-12-10T10:14:54.725076Z[0m [34mDEBUG[0m [2mhyper::proto::h1::conn[0m[2m:[0m incoming body is content-length (45 bytes)
[2m2025-12-10T10:14:54.725105Z[0m [34mDEBUG[0m [2mhyper::proto::h1::conn[0m[2m:[0m incoming body completed
[2m2025-12-10T10:14:54.725152Z[0m [34mDEBUG[0m [2mhyper::client::pool[0m[2m:[0m pooling idle connection for ("http", 192.168.0.14:8545)
[2m2025-12-10T10:14:54.725220Z[0m [34mDEBUG[0m [2mhyper::client::pool[0m[2m:[0m reuse idle connection for ("http", 192.168.0.14:8545)
[2m2025-12-10T10:14:54.725307Z[0m [34mDEBUG[0m [2mhyper::proto::h1::io[0m[2m:[0m flushed 172 bytes
[2m2025-12-10T10:14:54.742092Z[0m [34mDEBUG[0m [2mhyper::proto::h1::io[0m[2m:[0m parsed 4 headers
[2m2025-12-10T10:14:54.742147Z[0m [34mDEBUG[0m [2mhyper::proto::h1::conn[0m[2m:[0m incoming body is content-length (7043 bytes)
[2m2025-12-10T10:14:54.742186Z[0m [34mDEBUG[0m [2methereum_transaction_pool_monitor::eth_client[0m[2m:[0m 📡 Transaction fetch RPC completed in 69.993375ms
[2m2025-12-10T10:14:54.744677Z[0m [34mDEBUG[0m [2methereum_transaction_pool_monitor::eth_client[0m[2m:[0m 📨 Received WebSocket message: {"jsonrpc":"2.0","method":"eth_subscription","params":{"subscription":"0xbed0a0851463e895960a451075a301a9","result":"0x69b4081f524c09aacd0fe25f314a79e2faa31e624b46b69f337d0388d03a00c0"}}
[2m2025-12-10T10:14:54.744724Z[0m [34mDEBUG[0m [2mhyper::proto::h1::conn[0m[2m:[0m incoming body completed
[2m2025-12-10T10:14:54.744743Z[0m [34mDEBUG[0m [2mhyper::proto::h1::io[0m[2m:[0m parsed 4 headers
[2m2025-12-10T10:14:54.744793Z[0m [34mDEBUG[0m [2mhyper::client::pool[0m[2m:[0m pooling idle connection for ("http", 192.168.0.14:8545)
[2m2025-12-10T10:14:54.744900Z[0m [34mDEBUG[0m [2methereum_transaction_pool_monitor::eth_client[0m[2m:[0m 📨 Received pending transaction: 0x69b4081f524c09aacd0fe25f314a79e2faa31e624b46b69f337d0388d03a00c0
[2m2025-12-10T10:14:54.744978Z[0m [34mDEBUG[0m [2mhyper::proto::h1::conn[0m[2m:[0m incoming body is content-length (45 bytes)
[2m2025-12-10T10:14:54.745149Z[0m [34mDEBUG[0m [2mhyper::proto::h1::conn[0m[2m:[0m incoming body completed
[2m2025-12-10T10:14:54.745171Z[0m [34mDEBUG[0m [2mhyper::client::pool[0m[2m:[0m pooling idle connection for ("http", 192.168.0.14:8545)
[2m2025-12-10T10:14:54.745208Z[0m [34mDEBUG[0m [2mhyper::client::pool[0m[2m:[0m reuse idle connection for ("http", 192.168.0.14:8545)
[2m2025-12-10T10:14:54.745239Z[0m [34mDEBUG[0m [2mhyper::proto::h1::io[0m[2m:[0m flushed 172 bytes
[2m2025-12-10T10:14:54.752123Z[0m [34mDEBUG[0m [2methereum_transaction_pool_monitor::eth_client[0m[2m:[0m 📨 Received WebSocket message: {"jsonrpc":"2.0","method":"eth_subscription","params":{"subscription":"0xbed0a0851463e895960a451075a301a9","result":"0x3da66c04ff441dbb167ff7f3a7d73198f06605afed46f1424b178ff75bcc7e4e"}}
[2m2025-12-10T10:14:54.752168Z[0m [34mDEBUG[0m [2methereum_transaction_pool_monitor::eth_client[0m[2m:[0m 📨 Received pending transaction: 0x3da66c04ff441dbb167ff7f3a7d73198f06605afed46f1424b178ff75bcc7e4e
[2m2025-12-10T10:14:54.768751Z[0m [34mDEBUG[0m [2mhyper::proto::h1::io[0m[2m:[0m parsed 4 headers
[2m2025-12-10T10:14:54.768800Z[0m [34mDEBUG[0m [2mhyper::proto::h1::conn[0m[2m:[0m incoming body is content-length (45 bytes)
[2m2025-12-10T10:14:54.768853Z[0m [34mDEBUG[0m [2mhyper::proto::h1::conn[0m[2m:[0m incoming body completed
[2m2025-12-10T10:14:54.768881Z[0m [34mDEBUG[0m [2mhyper::client::pool[0m[2m:[0m pooling idle connection for ("http", 192.168.0.14:8545)
[2m2025-12-10T10:14:54.768939Z[0m [34mDEBUG[0m [2mhyper::client::pool[0m[2m:[0m reuse idle connection for ("http", 192.168.0.14:8545)
[2m2025-12-10T10:14:54.769014Z[0m [34mDEBUG[0m [2mhyper::proto::h1::io[0m[2m:[0m flushed 172 bytes
[2m2025-12-10T10:14:54.775888Z[0m [34mDEBUG[0m [2mhyper::proto::h1::io[0m[2m:[0m parsed 4 headers
[2m2025-12-10T10:14:54.775918Z[0m [34mDEBUG[0m [2mhyper::proto::h1::conn[0m[2m:[0m incoming body is content-length (45 bytes)
[2m2025-12-10T10:14:54.776020Z[0m [34mDEBUG[0m [2mhyper::proto::h1::conn[0m[2m:[0m incoming body completed
[2m2025-12-10T10:14:54.776059Z[0m [34mDEBUG[0m [2mhyper::client::pool[0m[2m:[0m pooling idle connection for ("http", 192.168.0.14:8545)
[2m2025-12-10T10:14:54.776119Z[0m [34mDEBUG[0m [2mhyper::client::pool[0m[2m:[0m reuse idle connection for ("http", 192.168.0.14:8545)
[2m2025-12-10T10:14:54.776217Z[0m [34mDEBUG[0m [2mhyper::proto::h1::io[0m[2m:[0m flushed 172 bytes
[2m2025-12-10T10:14:54.781110Z[0m [34mDEBUG[0m [2mhyper::proto::h1::io[0m[2m:[0m parsed 4 headers
[2m2025-12-10T10:14:54.781164Z[0m [34mDEBUG[0m [2mhyper::proto::h1::conn[0m[2m:[0m incoming body is content-length (45 bytes)
[2m2025-12-10T10:14:54.781188Z[0m [34mDEBUG[0m [2mhyper::proto::h1::conn[0m[2m:[0m incoming body completed
[2m2025-12-10T10:14:54.781220Z[0m [34mDEBUG[0m [2mhyper::client::pool[0m[2m:[0m pooling idle connection for ("http", 192.168.0.14:8545)
[2m2025-12-10T10:14:54.781281Z[0m [34mDEBUG[0m [2mhyper::client::pool[0m[2m:[0m reuse idle connection for ("http", 192.168.0.14:8545)
[2m2025-12-10T10:14:54.781359Z[0m [34mDEBUG[0m [2mhyper::proto::h1::io[0m[2m:[0m flushed 172 bytes
[2m2025-12-10T10:14:54.789239Z[0m [34mDEBUG[0m [2mhyper::proto::h1::io[0m[2m:[0m parsed 4 headers
[2m2025-12-10T10:14:54.789275Z[0m [34mDEBUG[0m [2mhyper::proto::h1::conn[0m[2m:[0m incoming body is content-length (45 bytes)
[2m2025-12-10T10:14:54.789298Z[0m [34mDEBUG[0m [2mhyper::proto::h1::conn[0m[2m:[0m incoming body completed
[2m2025-12-10T10:14:54.789324Z[0m [34mDEBUG[0m [2mhyper::client::pool[0m[2m:[0m pooling idle connection for ("http", 192.168.0.14:8545)
[2m2025-12-10T10:14:54.789376Z[0m [34mDEBUG[0m [2mhyper::client::pool[0m[2m:[0m reuse idle connection for ("http", 192.168.0.14:8545)
[2m2025-12-10T10:14:54.789453Z[0m [34mDEBUG[0m [2mhyper::proto::h1::io[0m[2m:[0m flushed 172 bytes
[2m2025-12-10T10:14:54.796160Z[0m [34mDEBUG[0m [2mhyper::proto::h1::io[0m[2m:[0m parsed 4 headers
[2m2025-12-10T10:14:54.796206Z[0m [34mDEBUG[0m [2mhyper::proto::h1::conn[0m[2m:[0m incoming body is content-length (45 bytes)
[2m2025-12-10T10:14:54.796227Z[0m [34mDEBUG[0m [2mhyper::proto::h1::conn[0m[2m:[0m incoming body completed
[2m2025-12-10T10:14:54.796358Z[0m [34mDEBUG[0m [2mhyper::client::pool[0m[2m:[0m pooling idle connection for ("http", 192.168.0.14:8545)
[2m2025-12-10T10:14:54.796398Z[0m [34mDEBUG[0m [2mhyper::client::pool[0m[2m:[0m reuse idle connection for ("http", 192.168.0.14:8545)
[2m2025-12-10T10:14:54.796479Z[0m [34mDEBUG[0m [2mhyper::proto::h1::io[0m[2m:[0m flushed 172 bytes
[2m2025-12-10T10:14:54.817923Z[0m [34mDEBUG[0m [2mhyper::proto::h1::io[0m[2m:[0m parsed 4 headers
[2m2025-12-10T10:14:54.817956Z[0m [34mDEBUG[0m [2mhyper::proto::h1::conn[0m[2m:[0m incoming body is content-length (45 bytes)
[2m2025-12-10T10:14:54.817978Z[0m [34mDEBUG[0m [2mhyper::proto::h1::conn[0m[2m:[0m incoming body completed
[2m2025-12-10T10:14:54.818002Z[0m [34mDEBUG[0m [2mhyper::client::pool[0m[2m:[0m pooling idle connection for ("http", 192.168.0.14:8545)
[2m2025-12-10T10:14:54.818057Z[0m [34mDEBUG[0m [2mhyper::client::pool[0m[2m:[0m reuse idle connection for ("http", 192.168.0.14:8545)
[2m2025-12-10T10:14:54.818121Z[0m [34mDEBUG[0m [2mhyper::proto::h1::io[0m[2m:[0m flushed 172 bytes
[2m2025-12-10T10:14:54.855727Z[0m [34mDEBUG[0m [2methereum_transaction_pool_monitor::eth_client[0m[2m:[0m ✅ Transaction 0x170c0c2deaf07b05df16529698ddc584f03079e3fdeea76d6a200d582ec8683a fetched and parsed in 183.531917ms
[2m2025-12-10T10:14:54.855757Z[0m [34mDEBUG[0m [2methereum_transaction_pool_monitor::mempool_monitor[0m[2m:[0m 🔍 Skipping tx 0x170c0c2deaf07b05df16529698ddc584f03079e3fdeea76d6a200d582ec8683a - not a DEX interaction (target: 0xF6801D319497789f934ec7F83E142a9536312B08)
[2m2025-12-10T10:14:54.855771Z[0m [34mDEBUG[0m [2methereum_transaction_pool_monitor::mempool_monitor[0m[2m:[0m 📨 Processing new pending transaction: 0x7a198769b5c3dfa2443857003bafac842b5ff3d57b85e983fb8ac48519988fd1
[2m2025-12-10T10:14:54.855777Z[0m [34mDEBUG[0m [2methereum_transaction_pool_monitor::mempool_monitor[0m[2m:[0m 🔍 Fetching transaction details for: 0x7a198769b5c3dfa2443857003bafac842b5ff3d57b85e983fb8ac48519988fd1
[2m2025-12-10T10:14:54.855782Z[0m [34mDEBUG[0m [2methereum_transaction_pool_monitor::eth_client[0m[2m:[0m 🔍 Fetching transaction details for hash: 0x7a198769b5c3dfa2443857003bafac842b5ff3d57b85e983fb8ac48519988fd1
[2m2025-12-10T10:14:54.855806Z[0m [34mDEBUG[0m [2mhyper::client::pool[0m[2m:[0m reuse idle connection for ("http", 192.168.0.14:8545)
[2m2025-12-10T10:14:54.855867Z[0m [34mDEBUG[0m [2mhyper::proto::h1::io[0m[2m:[0m flushed 250 bytes
[2m2025-12-10T10:14:54.995025Z[0m [34mDEBUG[0m [2mhyper::proto::h1::io[0m[2m:[0m parsed 4 headers
[2m2025-12-10T10:14:54.995093Z[0m [34mDEBUG[0m [2mhyper::proto::h1::conn[0m[2m:[0m incoming body is content-length (45 bytes)
[2m2025-12-10T10:14:54.995176Z[0m [34mDEBUG[0m [2mhyper::proto::h1::conn[0m[2m:[0m incoming body completed
[2m2025-12-10T10:14:54.995196Z[0m [34mDEBUG[0m [2mhyper::client::pool[0m[2m:[0m pooling idle connection for ("http", 192.168.0.14:8545)
[2m2025-12-10T10:14:54.995256Z[0m [34mDEBUG[0m [2mhyper::client::pool[0m[2m:[0m reuse idle connection for ("http", 192.168.0.14:8545)
[2m2025-12-10T10:14:54.995286Z[0m [34mDEBUG[0m [2mhyper::proto::h1::io[0m[2m:[0m flushed 172 bytes
[2m2025-12-10T10:14:55.003517Z[0m [34mDEBUG[0m [2mhyper::proto::h1::io[0m[2m:[0m parsed 4 headers
[2m2025-12-10T10:14:55.003582Z[0m [34mDEBUG[0m [2mhyper::proto::h1::conn[0m[2m:[0m incoming body is content-length (45 bytes)
[2m2025-12-10T10:14:55.003611Z[0m [34mDEBUG[0m [2mhyper::proto::h1::conn[0m[2m:[0m incoming body completed
[2m2025-12-10T10:14:55.003661Z[0m [34mDEBUG[0m [2mhyper::client::pool[0m[2m:[0m pooling idle connection for ("http", 192.168.0.14:8545)
[2m2025-12-10T10:14:55.003759Z[0m [34mDEBUG[0m [2mhyper::client::pool[0m[2m:[0m reuse idle connection for ("http", 192.168.0.14:8545)
[2m2025-12-10T10:14:55.003818Z[0m [34mDEBUG[0m [2mhyper::proto::h1::io[0m[2m:[0m flushed 172 bytes
[2m2025-12-10T10:14:55.100102Z[0m [34mDEBUG[0m [2methereum_transaction_pool_monitor::eth_client[0m[2m:[0m 📨 Received WebSocket message: {"jsonrpc":"2.0","method":"eth_subscription","params":{"subscription":"0xbed0a0851463e895960a451075a301a9","result":"0xee353cb1703729d174a3b293417ccb94b5449503005ec020c84985c8e20cc18d"}}
[2m2025-12-10T10:14:55.100108Z[0m [34mDEBUG[0m [2mhyper::proto::h1::io[0m[2m:[0m parsed 4 headers
[2m2025-12-10T10:14:55.100134Z[0m [34mDEBUG[0m [2methereum_transaction_pool_monitor::eth_client[0m[2m:[0m 📨 Received pending transaction: 0xee353cb1703729d174a3b293417ccb94b5449503005ec020c84985c8e20cc18d
[2m2025-12-10T10:14:55.100171Z[0m [34mDEBUG[0m [2mhyper::proto::h1::conn[0m[2m:[0m incoming body is content-length (45 bytes)
[2m2025-12-10T10:14:55.100221Z[0m [34mDEBUG[0m [2mhyper::proto::h1::conn[0m[2m:[0m incoming body completed
[2m2025-12-10T10:14:55.100245Z[0m [34mDEBUG[0m [2mhyper::client::pool[0m[2m:[0m pooling idle connection for ("http", 192.168.0.14:8545)
[2m2025-12-10T10:14:55.100279Z[0m [34mDEBUG[0m [2mhyper::client::pool[0m[2m:[0m reuse idle connection for ("http", 192.168.0.14:8545)
[2m2025-12-10T10:14:55.100300Z[0m [34mDEBUG[0m [2mhyper::proto::h1::io[0m[2m:[0m flushed 172 bytes
[2m2025-12-10T10:14:55.113107Z[0m [34mDEBUG[0m [2mhyper::proto::h1::io[0m[2m:[0m parsed 4 headers
[2m2025-12-10T10:14:55.115673Z[0m [34mDEBUG[0m [2mhyper::proto::h1::conn[0m[2m:[0m incoming body is content-length (45 bytes)
[2m2025-12-10T10:14:55.115696Z[0m [34mDEBUG[0m [2mhyper::proto::h1::conn[0m[2m:[0m incoming body completed
[2m2025-12-10T10:14:55.115717Z[0m [34mDEBUG[0m [2mhyper::client::pool[0m[2m:[0m pooling idle connection for ("http", 192.168.0.14:8545)
[2m2025-12-10T10:14:55.115760Z[0m [34mDEBUG[0m [2mhyper::client::pool[0m[2m:[0m reuse idle connection for ("http", 192.168.0.14:8545)
[2m2025-12-10T10:14:55.115794Z[0m [34mDEBUG[0m [2mhyper::proto::h1::io[0m[2m:[0m flushed 172 bytes
[2m2025-12-10T10:14:55.271025Z[0m [34mDEBUG[0m [2methereum_transaction_pool_monitor::eth_client[0m[2m:[0m 📨 Received WebSocket message: {"jsonrpc":"2.0","method":"eth_subscription","params":{"subscription":"0xbed0a0851463e895960a451075a301a9","result":"0x80e935e8382d911bc62c030495960fea4218d67190e4f5095607e9c331412582"}}
[2m2025-12-10T10:14:55.271090Z[0m [34mDEBUG[0m [2methereum_transaction_pool_monitor::eth_client[0m[2m:[0m 📨 Received pending transaction: 0x80e935e8382d911bc62c030495960fea4218d67190e4f5095607e9c331412582
[2m2025-12-10T10:14:55.271993Z[0m [34mDEBUG[0m [2mhyper::proto::h1::io[0m[2m:[0m parsed 4 headers
[2m2025-12-10T10:14:55.272043Z[0m [34mDEBUG[0m [2mhyper::proto::h1::conn[0m[2m:[0m incoming body is content-length (45 bytes)
[2m2025-12-10T10:14:55.272068Z[0m [34mDEBUG[0m [2mhyper::proto::h1::conn[0m[2m:[0m incoming body completed
[2m2025-12-10T10:14:55.272097Z[0m [34mDEBUG[0m [2mhyper::client::pool[0m[2m:[0m pooling idle connection for ("http", 192.168.0.14:8545)
[2m2025-12-10T10:14:55.272144Z[0m [34mDEBUG[0m [2mhyper::client::pool[0m[2m:[0m reuse idle connection for ("http", 192.168.0.14:8545)
[2m2025-12-10T10:14:55.272182Z[0m [34mDEBUG[0m [2mhyper::proto::h1::io[0m[2m:[0m flushed 172 bytes
[2m2025-12-10T10:14:55.378562Z[0m [34mDEBUG[0m [2mhyper::proto::h1::io[0m[2m:[0m parsed 4 headers
[2m2025-12-10T10:14:55.378645Z[0m [34mDEBUG[0m [2mhyper::proto::h1::conn[0m[2m:[0m incoming body is content-length (45 bytes)
[2m2025-12-10T10:14:55.378701Z[0m [34mDEBUG[0m [2mhyper::proto::h1::io[0m[2m:[0m parsed 4 headers
[2m2025-12-10T10:14:55.378729Z[0m [34mDEBUG[0m [2mhyper::proto::h1::conn[0m[2m:[0m incoming body is content-length (1731 bytes)
[2m2025-12-10T10:14:55.378784Z[0m [34mDEBUG[0m [2mhyper::proto::h1::conn[0m[2m:[0m incoming body completed
[2m2025-12-10T10:14:55.378731Z[0m [34mDEBUG[0m [2mhyper::proto::h1::conn[0m[2m:[0m incoming body completed
[2m2025-12-10T10:14:55.378663Z[0m [34mDEBUG[0m [2methereum_transaction_pool_monitor::eth_client[0m[2m:[0m 📨 Received WebSocket message: {"jsonrpc":"2.0","method":"eth_subscription","params":{"subscription":"0xbed0a0851463e895960a451075a301a9","result":"0x24eb64997084467eedd862844a8bfa951cb065baad9d8fbac9aee41ed3fcb04d"}}
[2m2025-12-10T10:14:55.379148Z[0m [34mDEBUG[0m [2mhyper::client::pool[0m[2m:[0m pooling idle connection for ("http", 192.168.0.14:8545)
[2m2025-12-10T10:14:55.379187Z[0m [34mDEBUG[0m [2methereum_transaction_pool_monitor::eth_client[0m[2m:[0m 📡 Transaction fetch RPC completed in 523.394833ms
[2m2025-12-10T10:14:55.379593Z[0m [34mDEBUG[0m [2mhyper::client::pool[0m[2m:[0m pooling idle connection for ("http", 192.168.0.14:8545)
[2m2025-12-10T10:14:55.379820Z[0m [34mDEBUG[0m [2mhyper::client::pool[0m[2m:[0m reuse idle connection for ("http", 192.168.0.14:8545)
[2m2025-12-10T10:14:55.379895Z[0m [34mDEBUG[0m [2methereum_transaction_pool_monitor::eth_client[0m[2m:[0m 📨 Received pending transaction: 0x24eb64997084467eedd862844a8bfa951cb065baad9d8fbac9aee41ed3fcb04d
[2m2025-12-10T10:14:55.379958Z[0m [34mDEBUG[0m [2mhyper::proto::h1::io[0m[2m:[0m flushed 172 bytes
[2m2025-12-10T10:14:55.380197Z[0m [34mDEBUG[0m [2methereum_transaction_pool_monitor::eth_client[0m[2m:[0m 📨 Received WebSocket message: {"jsonrpc":"2.0","method":"eth_subscription","params":{"subscription":"0xbed0a0851463e895960a451075a301a9","result":"0x92af0208d980a9272d762540373d8365037b8d38163b1d27cbf433e0b6d60f8d"}}
[2m2025-12-10T10:14:55.380236Z[0m [34mDEBUG[0m [2methereum_transaction_pool_monitor::eth_client[0m[2m:[0m 📨 Received pending transaction: 0x92af0208d980a9272d762540373d8365037b8d38163b1d27cbf433e0b6d60f8d
[2m2025-12-10T10:14:55.380254Z[0m [34mDEBUG[0m [2methereum_transaction_pool_monitor::eth_client[0m[2m:[0m 📨 Received WebSocket message: {"jsonrpc":"2.0","method":"eth_subscription","params":{"subscription":"0xbed0a0851463e895960a451075a301a9","result":"0x803b397ea7fbc4505871ceb3e94fa5d6f1d96cac2a3d8525d155ba9d42a5972b"}}
[2m2025-12-10T10:14:55.380295Z[0m [34mDEBUG[0m [2methereum_transaction_pool_monitor::eth_client[0m[2m:[0m 📨 Received pending transaction: 0x803b397ea7fbc4505871ceb3e94fa5d6f1d96cac2a3d8525d155ba9d42a5972b
[2m2025-12-10T10:14:55.386262Z[0m [34mDEBUG[0m [2mhyper::proto::h1::io[0m[2m:[0m parsed 4 headers
[2m2025-12-10T10:14:55.386318Z[0m [34mDEBUG[0m [2mhyper::proto::h1::conn[0m[2m:[0m incoming body is content-length (45 bytes)
[2m2025-12-10T10:14:55.386342Z[0m [34mDEBUG[0m [2mhyper::proto::h1::conn[0m[2m:[0m incoming body completed
[2m2025-12-10T10:14:55.386379Z[0m [34mDEBUG[0m [2mhyper::client::pool[0m[2m:[0m pooling idle connection for ("http", 192.168.0.14:8545)
[2m2025-12-10T10:14:55.386454Z[0m [34mDEBUG[0m [2mhyper::client::pool[0m[2m:[0m reuse idle connection for ("http", 192.168.0.14:8545)
[2m2025-12-10T10:14:55.386513Z[0m [34mDEBUG[0m [2mhyper::proto::h1::io[0m[2m:[0m flushed 172 bytes
[2m2025-12-10T10:14:55.392463Z[0m [34mDEBUG[0m [2methereum_transaction_pool_monitor::eth_client[0m[2m:[0m 📨 Received WebSocket message: {"jsonrpc":"2.0","method":"eth_subscription","params":{"subscription":"0xbed0a0851463e895960a451075a301a9","result":"0x4bbc08aa78066b6fb6316debff16082874428ec760ae235543631b963680382d"}}
[2m2025-12-10T10:14:55.392549Z[0m [34mDEBUG[0m [2methereum_transaction_pool_monitor::eth_client[0m[2m:[0m 📨 Received pending transaction: 0x4bbc08aa78066b6fb6316debff16082874428ec760ae235543631b963680382d
[2m2025-12-10T10:14:55.399537Z[0m [34mDEBUG[0m [2mhyper::proto::h1::io[0m[2m:[0m parsed 4 headers
[2m2025-12-10T10:14:55.399566Z[0m [34mDEBUG[0m [2mhyper::proto::h1::conn[0m[2m:[0m incoming body is content-length (45 bytes)
[2m2025-12-10T10:14:55.399637Z[0m [34mDEBUG[0m [2mhyper::proto::h1::conn[0m[2m:[0m incoming body completed
[2m2025-12-10T10:14:55.399685Z[0m [34mDEBUG[0m [2mhyper::client::pool[0m[2m:[0m pooling idle connection for ("http", 192.168.0.14:8545)
[2m2025-12-10T10:14:55.399753Z[0m [34mDEBUG[0m [2mhyper::client::pool[0m[2m:[0m reuse idle connection for ("http", 192.168.0.14:8545)
[2m2025-12-10T10:14:55.399817Z[0m [34mDEBUG[0m [2mhyper::proto::h1::io[0m[2m:[0m flushed 172 bytes
[2m2025-12-10T10:14:55.405837Z[0m [34mDEBUG[0m [2mhyper::proto::h1::io[0m[2m:[0m parsed 4 headers
[2m2025-12-10T10:14:55.405930Z[0m [34mDEBUG[0m [2mhyper::proto::h1::conn[0m[2m:[0m incoming body is content-length (45 bytes)
[2m2025-12-10T10:14:55.406004Z[0m [34mDEBUG[0m [2mhyper::proto::h1::conn[0m[2m:[0m incoming body completed
[2m2025-12-10T10:14:55.406039Z[0m [34mDEBUG[0m [2mhyper::client::pool[0m[2m:[0m pooling idle connection for ("http", 192.168.0.14:8545)
[2m2025-12-10T10:14:55.406143Z[0m [34mDEBUG[0m [2mhyper::client::pool[0m[2m:[0m reuse idle connection for ("http", 192.168.0.14:8545)
[2m2025-12-10T10:14:55.406232Z[0m [34mDEBUG[0m [2mhyper::proto::h1::io[0m[2m:[0m flushed 172 bytes
[2m2025-12-10T10:14:55.420192Z[0m [34mDEBUG[0m [2methereum_transaction_pool_monitor::eth_client[0m[2m:[0m 📨 Received WebSocket message: {"jsonrpc":"2.0","method":"eth_subscription","params":{"subscription":"0xbed0a0851463e895960a451075a301a9","result":"0x11e948a93ab7aa9aa7260c31557d9850240b0b9244070e2a6e8759c7fb511db1"}}
[2m2025-12-10T10:14:55.420232Z[0m [34mDEBUG[0m [2methereum_transaction_pool_monitor::eth_client[0m[2m:[0m 📨 Received pending transaction: 0x11e948a93ab7aa9aa7260c31557d9850240b0b9244070e2a6e8759c7fb511db1
[2m2025-12-10T10:14:55.420275Z[0m [34mDEBUG[0m [2methereum_transaction_pool_monitor::eth_client[0m[2m:[0m 📨 Received WebSocket message: {"jsonrpc":"2.0","method":"eth_subscription","params":{"subscription":"0xbed0a0851463e895960a451075a301a9","result":"0x6a25f630551d3cc4449681f1fa87664502e016c78cb9163bf5d0fe230f610592"}}
[2m2025-12-10T10:14:55.420296Z[0m [34mDEBUG[0m [2methereum_transaction_pool_monitor::eth_client[0m[2m:[0m 📨 Received pending transaction: 0x6a25f630551d3cc4449681f1fa87664502e016c78cb9163bf5d0fe230f610592
[2m2025-12-10T10:14:55.422164Z[0m [34mDEBUG[0m [2methereum_transaction_pool_monitor::eth_client[0m[2m:[0m 📨 Received WebSocket message: {"jsonrpc":"2.0","method":"eth_subscription","params":{"subscription":"0xbed0a0851463e895960a451075a301a9","result":"0x85865a0b62e940fdb534cccdcc58319102cdf14cd61dd3cf4f28c766ddfb2b82"}}
[2m2025-12-10T10:14:55.422227Z[0m [34mDEBUG[0m [2methereum_transaction_pool_monitor::eth_client[0m[2m:[0m 📨 Received pending transaction: 0x85865a0b62e940fdb534cccdcc58319102cdf14cd61dd3cf4f28c766ddfb2b82
[2m2025-12-10T10:14:55.423009Z[0m [34mDEBUG[0m [2mhyper::proto::h1::io[0m[2m:[0m parsed 4 headers
[2m2025-12-10T10:14:55.423026Z[0m [34mDEBUG[0m [2mhyper::proto::h1::conn[0m[2m:[0m incoming body is content-length (45 bytes)
[2m2025-12-10T10:14:55.423048Z[0m [34mDEBUG[0m [2mhyper::proto::h1::conn[0m[2m:[0m incoming body completed
[2m2025-12-10T10:14:55.423067Z[0m [34mDEBUG[0m [2mhyper::client::pool[0m[2m:[0m pooling idle connection for ("http", 192.168.0.14:8545)
[2m2025-12-10T10:14:55.423108Z[0m [34mDEBUG[0m [2mhyper::client::pool[0m[2m:[0m reuse idle connection for ("http", 192.168.0.14:8545)
[2m2025-12-10T10:14:55.423141Z[0m [34mDEBUG[0m [2mhyper::proto::h1::io[0m[2m:[0m flushed 172 bytes
[2m2025-12-10T10:14:55.438893Z[0m [34mDEBUG[0m [2mhyper::proto::h1::io[0m[2m:[0m parsed 4 headers
[2m2025-12-10T10:14:55.439074Z[0m [34mDEBUG[0m [2mhyper::proto::h1::conn[0m[2m:[0m incoming body is content-length (45 bytes)
[2m2025-12-10T10:14:55.439114Z[0m [34mDEBUG[0m [2mhyper::proto::h1::conn[0m[2m:[0m incoming body completed
[2m2025-12-10T10:14:55.439155Z[0m [34mDEBUG[0m [2mhyper::client::pool[0m[2m:[0m pooling idle connection for ("http", 192.168.0.14:8545)
[2m2025-12-10T10:14:55.439213Z[0m [34mDEBUG[0m [2mhyper::client::pool[0m[2m:[0m reuse idle connection for ("http", 192.168.0.14:8545)
[2m2025-12-10T10:14:55.439271Z[0m [34mDEBUG[0m [2mhyper::proto::h1::io[0m[2m:[0m flushed 172 bytes
[2m2025-12-10T10:14:55.482641Z[0m [34mDEBUG[0m [2mhyper::proto::h1::io[0m[2m:[0m parsed 4 headers
[2m2025-12-10T10:14:55.482712Z[0m [34mDEBUG[0m [2mhyper::proto::h1::conn[0m[2m:[0m incoming body is content-length (45 bytes)
[2m2025-12-10T10:14:55.482745Z[0m [34mDEBUG[0m [2mhyper::proto::h1::conn[0m[2m:[0m incoming body completed
[2m2025-12-10T10:14:55.482774Z[0m [34mDEBUG[0m [2mhyper::client::pool[0m[2m:[0m pooling idle connection for ("http", 192.168.0.14:8545)
[2m2025-12-10T10:14:55.482899Z[0m [34mDEBUG[0m [2mhyper::client::pool[0m[2m:[0m reuse idle connection for ("http", 192.168.0.14:8545)
[2m2025-12-10T10:14:55.482965Z[0m [34mDEBUG[0m [2mhyper::proto::h1::io[0m[2m:[0m flushed 172 bytes
[2m2025-12-10T10:14:55.483015Z[0m [34mDEBUG[0m [2methereum_transaction_pool_monitor::eth_client[0m[2m:[0m 📨 Received WebSocket message: {"jsonrpc":"2.0","method":"eth_subscription","params":{"subscription":"0xbed0a0851463e895960a451075a301a9","result":"0x61ffa465f14463194e3688b7e3bb5d98916b98030b17b988ffd964a2501a647c"}}
[2m2025-12-10T10:14:55.483044Z[0m [34mDEBUG[0m [2methereum_transaction_pool_monitor::eth_client[0m[2m:[0m 📨 Received pending transaction: 0x61ffa465f14463194e3688b7e3bb5d98916b98030b17b988ffd964a2501a647c
[2m2025-12-10T10:14:55.483065Z[0m [34mDEBUG[0m [2methereum_transaction_pool_monitor::eth_client[0m[2m:[0m 📨 Received WebSocket message: {"jsonrpc":"2.0","method":"eth_subscription","params":{"subscription":"0xbed0a0851463e895960a451075a301a9","result":"0x6364d8a9f69df6fd5c6de168979fd46712dc8724a6bae06ec3f9b5a115f7eb49"}}
[2m2025-12-10T10:14:55.483072Z[0m [34mDEBUG[0m [2methereum_transaction_pool_monitor::eth_client[0m[2m:[0m 📨 Received pending transaction: 0x6364d8a9f69df6fd5c6de168979fd46712dc8724a6bae06ec3f9b5a115f7eb49
[2m2025-12-10T10:14:55.488685Z[0m [34mDEBUG[0m [2mhyper::proto::h1::io[0m[2m:[0m parsed 4 headers
[2m2025-12-10T10:14:55.488712Z[0m [34mDEBUG[0m [2mhyper::proto::h1::conn[0m[2m:[0m incoming body is content-length (45 bytes)
[2m2025-12-10T10:14:55.488734Z[0m [34mDEBUG[0m [2mhyper::proto::h1::conn[0m[2m:[0m incoming body completed
[2m2025-12-10T10:14:55.488758Z[0m [34mDEBUG[0m [2mhyper::client::pool[0m[2m:[0m pooling idle connection for ("http", 192.168.0.14:8545)
[2m2025-12-10T10:14:55.488819Z[0m [34mDEBUG[0m [2mhyper::client::pool[0m[2m:[0m reuse idle connection for ("http", 192.168.0.14:8545)
[2m2025-12-10T10:14:55.488879Z[0m [34mDEBUG[0m [2mhyper::proto::h1::io[0m[2m:[0m flushed 172 bytes
[2m2025-12-10T10:14:55.492408Z[0m [34mDEBUG[0m [2methereum_transaction_pool_monitor::eth_client[0m[2m:[0m 📨 Received WebSocket message: {"jsonrpc":"2.0","method":"eth_subscription","params":{"subscription":"0xbed0a0851463e895960a451075a301a9","result":"0x680ed97d678c2de76eb6da9bab7472fcc34a4cad838f8a2c8bf1ec209c4caaba"}}
[2m2025-12-10T10:14:55.492437Z[0m [34mDEBUG[0m [2methereum_transaction_pool_monitor::eth_client[0m[2m:[0m 📨 Received pending transaction: 0x680ed97d678c2de76eb6da9bab7472fcc34a4cad838f8a2c8bf1ec209c4caaba
[2m2025-12-10T10:14:55.492809Z[0m [34mDEBUG[0m [2mhyper::proto::h1::io[0m[2m:[0m parsed 4 headers
[2m2025-12-10T10:14:55.492845Z[0m [34mDEBUG[0m [2mhyper::proto::h1::conn[0m[2m:[0m incoming body is content-length (45 bytes)
[2m2025-12-10T10:14:55.492884Z[0m [34mDEBUG[0m [2mhyper::proto::h1::conn[0m[2m:[0m incoming body completed
[2m2025-12-10T10:14:55.492922Z[0m [34mDEBUG[0m [2mhyper::client::pool[0m[2m:[0m pooling idle connection for ("http", 192.168.0.14:8545)
[2m2025-12-10T10:14:55.492976Z[0m [34mDEBUG[0m [2mhyper::client::pool[0m[2m:[0m reuse idle connection for ("http", 192.168.0.14:8545)
[2m2025-12-10T10:14:55.493008Z[0m [34mDEBUG[0m [2mhyper::proto::h1::io[0m[2m:[0m flushed 172 bytes
[2m2025-12-10T10:14:55.497397Z[0m [34mDEBUG[0m [2mhyper::proto::h1::io[0m[2m:[0m parsed 4 headers
[2m2025-12-10T10:14:55.497436Z[0m [34mDEBUG[0m [2mhyper::proto::h1::conn[0m[2m:[0m incoming body is content-length (45 bytes)
[2m2025-12-10T10:14:55.497454Z[0m [34mDEBUG[0m [2mhyper::proto::h1::conn[0m[2m:[0m incoming body completed
[2m2025-12-10T10:14:55.497475Z[0m [34mDEBUG[0m [2mhyper::client::pool[0m[2m:[0m pooling idle connection for ("http", 192.168.0.14:8545)
[2m2025-12-10T10:14:55.497518Z[0m [34mDEBUG[0m [2mhyper::client::pool[0m[2m:[0m reuse idle connection for ("http", 192.168.0.14:8545)
[2m2025-12-10T10:14:55.497574Z[0m [34mDEBUG[0m [2mhyper::proto::h1::io[0m[2m:[0m flushed 172 bytes
[2m2025-12-10T10:14:55.506129Z[0m [34mDEBUG[0m [2mhyper::proto::h1::io[0m[2m:[0m parsed 4 headers
[2m2025-12-10T10:14:55.506154Z[0m [34mDEBUG[0m [2mhyper::proto::h1::conn[0m[2m:[0m incoming body is content-length (45 bytes)
[2m2025-12-10T10:14:55.506165Z[0m [34mDEBUG[0m [2mhyper::proto::h1::conn[0m[2m:[0m incoming body completed
[2m2025-12-10T10:14:55.506180Z[0m [34mDEBUG[0m [2mhyper::client::pool[0m[2m:[0m pooling idle connection for ("http", 192.168.0.14:8545)
[2m2025-12-10T10:14:55.506234Z[0m [34mDEBUG[0m [2mhyper::client::pool[0m[2m:[0m reuse idle connection for ("http", 192.168.0.14:8545)
[2m2025-12-10T10:14:55.506269Z[0m [34mDEBUG[0m [2mhyper::proto::h1::io[0m[2m:[0m flushed 172 bytes
[2m2025-12-10T10:14:55.517726Z[0m [34mDEBUG[0m [2methereum_transaction_pool_monitor::eth_client[0m[2m:[0m 📨 Received WebSocket message: {"jsonrpc":"2.0","method":"eth_subscription","params":{"subscription":"0xbed0a0851463e895960a451075a301a9","result":"0x74be8ae6b383e1c4cfff9494effa7bc0ad02a821c11d3634b0950058061a4638"}}
[2m2025-12-10T10:14:55.517790Z[0m [34mDEBUG[0m [2methereum_transaction_pool_monitor::eth_client[0m[2m:[0m 📨 Received pending transaction: 0x74be8ae6b383e1c4cfff9494effa7bc0ad02a821c11d3634b0950058061a4638
[2m2025-12-10T10:14:55.517817Z[0m [34mDEBUG[0m [2methereum_transaction_pool_monitor::eth_client[0m[2m:[0m 📨 Received WebSocket message: {"jsonrpc":"2.0","method":"eth_subscription","params":{"subscription":"0xbed0a0851463e895960a451075a301a9","result":"0x21e914e151c4075be2c85b2b8daf3660a85ccd307064efec83a3dd263368fc06"}}
[2m2025-12-10T10:14:55.517833Z[0m [34mDEBUG[0m [2methereum_transaction_pool_monitor::eth_client[0m[2m:[0m 📨 Received pending transaction: 0x21e914e151c4075be2c85b2b8daf3660a85ccd307064efec83a3dd263368fc06
[2m2025-12-10T10:14:55.518514Z[0m [34mDEBUG[0m [2methereum_transaction_pool_monitor::eth_client[0m[2m:[0m ✅ Transaction 0x7a198769b5c3dfa2443857003bafac842b5ff3d57b85e983fb8ac48519988fd1 fetched and parsed in 662.7195ms
[2m2025-12-10T10:14:55.518577Z[0m [34mDEBUG[0m [2methereum_transaction_pool_monitor::mempool_monitor[0m[2m:[0m 🔍 Skipping tx 0x7a198769b5c3dfa2443857003bafac842b5ff3d57b85e983fb8ac48519988fd1 - not a DEX interaction (target: 0x601a2aD6CB5949f0529735254189Ba3194221EDF)
[2m2025-12-10T10:14:55.518597Z[0m [34mDEBUG[0m [2methereum_transaction_pool_monitor::mempool_monitor[0m[2m:[0m 📨 Processing new pending transaction: 0xa3b8d23af787990ac05c239c7ed17d0d93ce1db563bb099652d4d2c55125d2b1
[2m2025-12-10T10:14:55.518603Z[0m [34mDEBUG[0m [2methereum_transaction_pool_monitor::mempool_monitor[0m[2m:[0m 🔍 Fetching transaction details for: 0xa3b8d23af787990ac05c239c7ed17d0d93ce1db563bb099652d4d2c55125d2b1
[2m2025-12-10T10:14:55.518607Z[0m [34mDEBUG[0m [2methereum_transaction_pool_monitor::eth_client[0m[2m:[0m 🔍 Fetching transaction details for hash: 0xa3b8d23af787990ac05c239c7ed17d0d93ce1db563bb099652d4d2c55125d2b1
[2m2025-12-10T10:14:55.518627Z[0m [34mDEBUG[0m [2mhyper::client::pool[0m[2m:[0m reuse idle connection for ("http", 192.168.0.14:8545)
[2m2025-12-10T10:14:55.518685Z[0m [34mDEBUG[0m [2mhyper::proto::h1::io[0m[2m:[0m flushed 250 bytes
[2m2025-12-10T10:14:58.100388Z[0m [32m INFO[0m [2methereum_transaction_pool_monitor::bot_runner[0m[2m:[0m 🤖 MEV Bot Stats | Uptime: 0.1h | Opportunities: 0 | Bundles: 0/0 (0.0%) | Profit: 0.0000 ETH | Rate: 0.00/h
[2m2025-12-10T10:15:02.899610Z[0m [34mDEBUG[0m [2mhyper::proto::h1::io[0m[2m:[0m parsed 4 headers
[2m2025-12-10T10:15:02.899667Z[0m [34mDEBUG[0m [2mhyper::proto::h1::conn[0m[2m:[0m incoming body is content-length (45 bytes)
[2m2025-12-10T10:15:02.899708Z[0m [34mDEBUG[0m [2mhyper::proto::h1::conn[0m[2m:[0m incoming body completed
[2m2025-12-10T10:15:02.899756Z[0m [34mDEBUG[0m [2mhyper::client::pool[0m[2m:[0m pooling idle connection for ("http", 192.168.0.14:8545)
[2m2025-12-10T10:15:02.899818Z[0m [34mDEBUG[0m [2mhyper::client::pool[0m[2m:[0m reuse idle connection for ("http", 192.168.0.14:8545)
[2m2025-12-10T10:15:02.899870Z[0m [34mDEBUG[0m [2mhyper::proto::h1::io[0m[2m:[0m flushed 172 bytes
[2m2025-12-10T10:15:02.915646Z[0m [34mDEBUG[0m [2methereum_transaction_pool_monitor::eth_client[0m[2m:[0m 📨 Received WebSocket message: {"jsonrpc":"2.0","method":"eth_subscription","params":{"subscription":"0xbed0a0851463e895960a451075a301a9","result":"0x26d0c129da1147e4a0815019c2cc186e1cf050d1153dc3d985b3009d5032a8bb"}}
[2m2025-12-10T10:15:02.915813Z[0m [34mDEBUG[0m [2methereum_transaction_pool_monitor::eth_client[0m[2m:[0m 📨 Received pending transaction: 0x26d0c129da1147e4a0815019c2cc186e1cf050d1153dc3d985b3009d5032a8bb
[2m2025-12-10T10:15:02.915880Z[0m [34mDEBUG[0m [2methereum_transaction_pool_monitor::eth_client[0m[2m:[0m 📨 Received WebSocket message: {"jsonrpc":"2.0","method":"eth_subscription","params":{"subscription":"0xbed0a0851463e895960a451075a301a9","result":"0xd93ed78ec6616706dbbe3ca021b0334a9c7cb8cd3fdfd6436ded8399e99dd68c"}}
[2m2025-12-10T10:15:02.915913Z[0m [34mDEBUG[0m [2methereum_transaction_pool_monitor::eth_client[0m[2m:[0m 📨 Received pending transaction: 0xd93ed78ec6616706dbbe3ca021b0334a9c7cb8cd3fdfd6436ded8399e99dd68c
[2m2025-12-10T10:15:02.923326Z[0m [34mDEBUG[0m [2methereum_transaction_pool_monitor::eth_client[0m[2m:[0m 📨 Received WebSocket message: {"jsonrpc":"2.0","method":"eth_subscription","params":{"subscription":"0xbed0a0851463e895960a451075a301a9","result":"0xa78784c860349c56baf0f19606309e8f2ee58c3c4c29cbdbf355b02353f7a60f"}}
[2m2025-12-10T10:15:02.923437Z[0m [34mDEBUG[0m [2mhyper::proto::h1::io[0m[2m:[0m parsed 4 headers
[2m2025-12-10T10:15:02.923650Z[0m [34mDEBUG[0m [2mhyper::proto::h1::conn[0m[2m:[0m incoming body is content-length (770 bytes)
[2m2025-12-10T10:15:02.923754Z[0m [34mDEBUG[0m [2methereum_transaction_pool_monitor::eth_client[0m[2m:[0m 📨 Received pending transaction: 0xa78784c860349c56baf0f19606309e8f2ee58c3c4c29cbdbf355b02353f7a60f
[2m2025-12-10T10:15:02.924249Z[0m [34mDEBUG[0m [2methereum_transaction_pool_monitor::eth_client[0m[2m:[0m 📨 Received WebSocket message: {"jsonrpc":"2.0","method":"eth_subscription","params":{"subscription":"0xbed0a0851463e895960a451075a301a9","result":"0xf7019575be9343576c7c8ea22999b02300017243d12da6276feeb0c71e5ad23e"}}
[2m2025-12-10T10:15:02.924277Z[0m [34mDEBUG[0m [2methereum_transaction_pool_monitor::eth_client[0m[2m:[0m 📨 Received pending transaction: 0xf7019575be9343576c7c8ea22999b02300017243d12da6276feeb0c71e5ad23e
[2m2025-12-10T10:15:02.924283Z[0m [34mDEBUG[0m [2methereum_transaction_pool_monitor::eth_client[0m[2m:[0m 📨 Received WebSocket message: {"jsonrpc":"2.0","method":"eth_subscription","params":{"subscription":"0xbed0a0851463e895960a451075a301a9","result":"0xf25ee7e1ff3efe8bc5d00e69759e9356b376a602a74aef5da5c4eb29d967fc26"}}
[2m2025-12-10T10:15:02.924341Z[0m [34mDEBUG[0m [2methereum_transaction_pool_monitor::eth_client[0m[2m:[0m 📨 Received pending transaction: 0xf25ee7e1ff3efe8bc5d00e69759e9356b376a602a74aef5da5c4eb29d967fc26
[2m2025-12-10T10:15:02.924211Z[0m [34mDEBUG[0m [2mhyper::proto::h1::conn[0m[2m:[0m incoming body completed
[2m2025-12-10T10:15:02.924536Z[0m [34mDEBUG[0m [2mhyper::client::pool[0m[2m:[0m pooling idle connection for ("http", 192.168.0.14:8545)
[2m2025-12-10T10:15:02.924679Z[0m [34mDEBUG[0m [2methereum_transaction_pool_monitor::eth_client[0m[2m:[0m 📡 Transaction fetch RPC completed in 7.40600175s
[2m2025-12-10T10:15:02.924815Z[0m [34mDEBUG[0m [2methereum_transaction_pool_monitor::eth_client[0m[2m:[0m DeFi transaction detected - Address: 0xdac17f958d2ee523a2206206994597c13d831ec7, Type: Stablecoin, Value: 0 ETH, Gas: 2.24 Gwei
[2m2025-12-10T10:15:02.924890Z[0m [34mDEBUG[0m [2methereum_transaction_pool_monitor::eth_client[0m[2m:[0m ✅ Transaction 0xa3b8d23af787990ac05c239c7ed17d0d93ce1db563bb099652d4d2c55125d2b1 fetched and parsed in 7.406213s
[2m2025-12-10T10:15:02.924945Z[0m [34mDEBUG[0m [2methereum_transaction_pool_monitor::mempool_monitor[0m[2m:[0m 🔍 Skipping tx 0xa3b8d23af787990ac05c239c7ed17d0d93ce1db563bb099652d4d2c55125d2b1 - not a DEX interaction (target: 0xdAC17F958D2ee523a2206206994597C13D831ec7)
[2m2025-12-10T10:15:02.925562Z[0m [34mDEBUG[0m [2methereum_transaction_pool_monitor::mempool_monitor[0m[2m:[0m 📨 Processing new pending transaction: 0x408dfb2307de7da830430c558f26be02fc418819d5a83c0727e6e90911adfdce
[2m2025-12-10T10:15:02.925588Z[0m [34mDEBUG[0m [2methereum_transaction_pool_monitor::mempool_monitor[0m[2m:[0m 🔍 Fetching transaction details for: 0x408dfb2307de7da830430c558f26be02fc418819d5a83c0727e6e90911adfdce
[2m2025-12-10T10:15:02.925593Z[0m [34mDEBUG[0m [2methereum_transaction_pool_monitor::eth_client[0m[2m:[0m 🔍 Fetching transaction details for hash: 0x408dfb2307de7da830430c558f26be02fc418819d5a83c0727e6e90911adfdce
[2m2025-12-10T10:15:02.925632Z[0m [34mDEBUG[0m [2mhyper::client::pool[0m[2m:[0m reuse idle connection for ("http", 192.168.0.14:8545)
[2m2025-12-10T10:15:02.925676Z[0m [34mDEBUG[0m [2mhyper::proto::h1::io[0m[2m:[0m flushed 250 bytes
[2m2025-12-10T10:15:03.045387Z[0m [34mDEBUG[0m [2methereum_transaction_pool_monitor::eth_client[0m[2m:[0m 📨 Received WebSocket message: {"jsonrpc":"2.0","method":"eth_subscription","params":{"subscription":"0xbed0a0851463e895960a451075a301a9","result":"0xa025e176de2e84f18de9d6f1b1ecc8baec34e627e68052bb64cb8623be7b2e52"}}
[2m2025-12-10T10:15:03.045410Z[0m [34mDEBUG[0m [2methereum_transaction_pool_monitor::eth_client[0m[2m:[0m 📨 Received pending transaction: 0xa025e176de2e84f18de9d6f1b1ecc8baec34e627e68052bb64cb8623be7b2e52
[2m2025-12-10T10:15:03.118946Z[0m [34mDEBUG[0m [2methereum_transaction_pool_monitor::eth_client[0m[2m:[0m 📨 Received WebSocket message: {"jsonrpc":"2.0","method":"eth_subscription","params":{"subscription":"0xbed0a0851463e895960a451075a301a9","result":"0xeb93eb2b0e1a1380074bbda617742bd7911a13fd1a3b4e34ab50c527d99b766a"}}
[2m2025-12-10T10:15:03.144545Z[0m [34mDEBUG[0m [2methereum_transaction_pool_monitor::eth_client[0m[2m:[0m 📨 Received pending transaction: 0xeb93eb2b0e1a1380074bbda617742bd7911a13fd1a3b4e34ab50c527d99b766a
[2m2025-12-10T10:15:03.144607Z[0m [34mDEBUG[0m [2mhyper::proto::h1::io[0m[2m:[0m parsed 4 headers
[2m2025-12-10T10:15:03.144615Z[0m [34mDEBUG[0m [2mhyper::proto::h1::conn[0m[2m:[0m incoming body is content-length (2885 bytes)
[2m2025-12-10T10:15:03.144626Z[0m [34mDEBUG[0m [2mhyper::proto::h1::conn[0m[2m:[0m incoming body completed
[2m2025-12-10T10:15:03.144657Z[0m [34mDEBUG[0m [2mhyper::client::pool[0m[2m:[0m pooling idle connection for ("http", 192.168.0.14:8545)
[2m2025-12-10T10:15:03.144661Z[0m [34mDEBUG[0m [2methereum_transaction_pool_monitor::eth_client[0m[2m:[0m 📨 Received WebSocket message: {"jsonrpc":"2.0","method":"eth_subscription","params":{"subscription":"0xbed0a0851463e895960a451075a301a9","result":"0x83ba59dfe8ad16d5876fdaeae6020baf9e4ff737b31e1441643ecae55b548b15"}}
[2m2025-12-10T10:15:03.144669Z[0m [34mDEBUG[0m [2methereum_transaction_pool_monitor::eth_client[0m[2m:[0m 📡 Transaction fetch RPC completed in 219.054083ms
[2m2025-12-10T10:15:03.144729Z[0m [34mDEBUG[0m [2methereum_transaction_pool_monitor::eth_client[0m[2m:[0m 📨 Received pending transaction: 0x83ba59dfe8ad16d5876fdaeae6020baf9e4ff737b31e1441643ecae55b548b15
[2m2025-12-10T10:15:03.329058Z[0m [34mDEBUG[0m [2methereum_transaction_pool_monitor::eth_client[0m[2m:[0m 📨 Received WebSocket message: {"jsonrpc":"2.0","method":"eth_subscription","params":{"subscription":"0xbed0a0851463e895960a451075a301a9","result":"0x16858d1bba24e2981486b308e244b458e3f2be2df2be33f12fce8285379d98c4"}}
[2m2025-12-10T10:15:03.335434Z[0m [34mDEBUG[0m [2methereum_transaction_pool_monitor::eth_client[0m[2m:[0m 📨 Received pending transaction: 0x16858d1bba24e2981486b308e244b458e3f2be2df2be33f12fce8285379d98c4
[2m2025-12-10T10:15:03.820231Z[0m [34mDEBUG[0m [2methereum_transaction_pool_monitor::eth_client[0m[2m:[0m 📨 Received WebSocket message: {"jsonrpc":"2.0","method":"eth_subscription","params":{"subscription":"0xbed0a0851463e895960a451075a301a9","result":"0x9cd0745a4c3a77a6200423d853c8841c8ede365a4cda338da0ab307b32b7568f"}}
[2m2025-12-10T10:15:03.820262Z[0m [34mDEBUG[0m [2methereum_transaction_pool_monitor::eth_client[0m[2m:[0m 📨 Received pending transaction: 0x9cd0745a4c3a77a6200423d853c8841c8ede365a4cda338da0ab307b32b7568f
[2m2025-12-10T10:15:03.909295Z[0m [34mDEBUG[0m [2methereum_transaction_pool_monitor::eth_client[0m[2m:[0m ✅ Transaction 0x408dfb2307de7da830430c558f26be02fc418819d5a83c0727e6e90911adfdce fetched and parsed in 983.669958ms
[2m2025-12-10T10:15:03.909359Z[0m [34mDEBUG[0m [2methereum_transaction_pool_monitor::mempool_monitor[0m[2m:[0m 🔍 Skipping tx 0x408dfb2307de7da830430c558f26be02fc418819d5a83c0727e6e90911adfdce - not a DEX interaction (target: 0x26d3681DfC9E4c8C79cfbf461adec8A21d5d73C5)
[2m2025-12-10T10:15:03.909394Z[0m [34mDEBUG[0m [2methereum_transaction_pool_monitor::mempool_monitor[0m[2m:[0m 📨 Processing new pending transaction: 0x8ca6dc05e9d0506f6700b37f111d4f9831e00b9303d2047e32b5212522165470
[2m2025-12-10T10:15:03.909415Z[0m [34mDEBUG[0m [2methereum_transaction_pool_monitor::mempool_monitor[0m[2m:[0m 🔍 Fetching transaction details for: 0x8ca6dc05e9d0506f6700b37f111d4f9831e00b9303d2047e32b5212522165470
[2m2025-12-10T10:15:03.909419Z[0m [34mDEBUG[0m [2methereum_transaction_pool_monitor::eth_client[0m[2m:[0m 🔍 Fetching transaction details for hash: 0x8ca6dc05e9d0506f6700b37f111d4f9831e00b9303d2047e32b5212522165470
[2m2025-12-10T10:15:03.909445Z[0m [34mDEBUG[0m [2mhyper::client::pool[0m[2m:[0m reuse idle connection for ("http", 192.168.0.14:8545)
[2m2025-12-10T10:15:03.909547Z[0m [34mDEBUG[0m [2mhyper::proto::h1::io[0m[2m:[0m flushed 250 bytes
[2m2025-12-10T10:15:05.031565Z[0m [34mDEBUG[0m [2methereum_transaction_pool_monitor::eth_client[0m[2m:[0m 📨 Received WebSocket message: {"jsonrpc":"2.0","method":"eth_subscription","params":{"subscription":"0xbed0a0851463e895960a451075a301a9","result":"0xc69a1eea9e970d0d8f929ef69c0b2411cec116834315bf1d74bb5d9ee25be446"}}
[2m2025-12-10T10:15:05.032034Z[0m [34mDEBUG[0m [2methereum_transaction_pool_monitor::eth_client[0m[2m:[0m 📨 Received pending transaction: 0xc69a1eea9e970d0d8f929ef69c0b2411cec116834315bf1d74bb5d9ee25be446
[2m2025-12-10T10:15:05.032051Z[0m [32m INFO[0m [2methereum_transaction_pool_monitor::eth_client[0m[2m:[0m 📊 WebSocket stats - Total: 4784 transactions, Rate: 11.2 tx/s
[2m2025-12-10T10:15:05.279329Z[0m [34mDEBUG[0m [2methereum_transaction_pool_monitor::eth_client[0m[2m:[0m 📨 Received WebSocket message: {"jsonrpc":"2.0","method":"eth_subscription","params":{"subscription":"0xbed0a0851463e895960a451075a301a9","result":"0xcc8219923fde846cf2e72f5b2b630fbf36885665a2b7dea1fa25679b719ec255"}}
[2m2025-12-10T10:15:05.280731Z[0m [34mDEBUG[0m [2methereum_transaction_pool_monitor::eth_client[0m[2m:[0m 📨 Received pending transaction: 0xcc8219923fde846cf2e72f5b2b630fbf36885665a2b7dea1fa25679b719ec255
[2m2025-12-10T10:15:05.283391Z[0m [34mDEBUG[0m [2mhyper::proto::h1::io[0m[2m:[0m parsed 4 headers
[2m2025-12-10T10:15:05.283730Z[0m [34mDEBUG[0m [2mhyper::proto::h1::conn[0m[2m:[0m incoming body is content-length (647 bytes)
[2m2025-12-10T10:15:05.288313Z[0m [34mDEBUG[0m [2mhyper::proto::h1::conn[0m[2m:[0m incoming body completed
[2m2025-12-10T10:15:05.298887Z[0m [34mDEBUG[0m [2mhyper::client::pool[0m[2m:[0m pooling idle connection for ("http", 192.168.0.14:8545)
[2m2025-12-10T10:15:05.299839Z[0m [34mDEBUG[0m [2methereum_transaction_pool_monitor::eth_client[0m[2m:[0m 📡 Transaction fetch RPC completed in 1.390387667s
[2m2025-12-10T10:15:05.569040Z[0m [34mDEBUG[0m [2methereum_transaction_pool_monitor::eth_client[0m[2m:[0m ✅ Transaction 0x8ca6dc05e9d0506f6700b37f111d4f9831e00b9303d2047e32b5212522165470 fetched and parsed in 1.659598334s
[2m2025-12-10T10:15:05.569201Z[0m [34mDEBUG[0m [2methereum_transaction_pool_monitor::mempool_monitor[0m[2m:[0m 🔍 Skipping tx 0x8ca6dc05e9d0506f6700b37f111d4f9831e00b9303d2047e32b5212522165470 - not a DEX interaction (target: 0x8FCBe48EF1AF38e575657793F3eDC18167EF3f75)
[2m2025-12-10T10:15:05.569235Z[0m [34mDEBUG[0m [2methereum_transaction_pool_monitor::mempool_monitor[0m[2m:[0m 📨 Processing new pending transaction: 0xfc77659c73712416d1c7bd776ce090ae3d486711159199125eb4a27c5acd80d7
[2m2025-12-10T10:15:05.569242Z[0m [34mDEBUG[0m [2methereum_transaction_pool_monitor::mempool_monitor[0m[2m:[0m 🔍 Fetching transaction details for: 0xfc77659c73712416d1c7bd776ce090ae3d486711159199125eb4a27c5acd80d7
[2m2025-12-10T10:15:05.569254Z[0m [34mDEBUG[0m [2methereum_transaction_pool_monitor::eth_client[0m[2m:[0m 🔍 Fetching transaction details for hash: 0xfc77659c73712416d1c7bd776ce090ae3d486711159199125eb4a27c5acd80d7
[2m2025-12-10T10:15:05.569964Z[0m [34mDEBUG[0m [2mhyper::client::pool[0m[2m:[0m reuse idle connection for ("http", 192.168.0.14:8545)
[2m2025-12-10T10:15:05.570288Z[0m [34mDEBUG[0m [2mhyper::proto::h1::io[0m[2m:[0m flushed 250 bytes
[2m2025-12-10T10:15:05.586502Z[0m [34mDEBUG[0m [2methereum_transaction_pool_monitor::eth_client[0m[2m:[0m 📨 Received WebSocket message: {"jsonrpc":"2.0","method":"eth_subscription","params":{"subscription":"0xbed0a0851463e895960a451075a301a9","result":"0x638b2b7d94ea3f24c7ba7a672806aecd4496a4c9c79e1aebf5ead23a23e19558"}}
[2m2025-12-10T10:15:05.586539Z[0m [34mDEBUG[0m [2methereum_transaction_pool_monitor::eth_client[0m[2m:[0m 📨 Received pending transaction: 0x638b2b7d94ea3f24c7ba7a672806aecd4496a4c9c79e1aebf5ead23a23e19558
[2m2025-12-10T10:15:08.726521Z[0m [34mDEBUG[0m [2mhyper::proto::h1::io[0m[2m:[0m parsed 4 headers
[2m2025-12-10T10:15:08.726571Z[0m [34mDEBUG[0m [2mhyper::proto::h1::conn[0m[2m:[0m incoming body is content-length (1731 bytes)
[2m2025-12-10T10:15:08.726684Z[0m [34mDEBUG[0m [2methereum_transaction_pool_monitor::eth_client[0m[2m:[0m 📡 Transaction fetch RPC completed in 3.157382625s
[2m2025-12-10T10:15:08.726972Z[0m [34mDEBUG[0m [2mhyper::proto::h1::conn[0m[2m:[0m incoming body completed
[2m2025-12-10T10:15:08.727000Z[0m [34mDEBUG[0m [2mhyper::client::pool[0m[2m:[0m pooling idle connection for ("http", 192.168.0.14:8545)
[2m2025-12-10T10:15:08.730214Z[0m [34mDEBUG[0m [2methereum_transaction_pool_monitor::eth_client[0m[2m:[0m 📨 Received WebSocket message: {"jsonrpc":"2.0","method":"eth_subscription","params":{"subscription":"0xbed0a0851463e895960a451075a301a9","result":"0x01548c0230f9054059fbbb1073ac0cb1cb6ba2ad3230eb78e954190e9b3e810b"}}
[2m2025-12-10T10:15:08.730262Z[0m [34mDEBUG[0m [2methereum_transaction_pool_monitor::eth_client[0m[2m:[0m 📨 Received pending transaction: 0x01548c0230f9054059fbbb1073ac0cb1cb6ba2ad3230eb78e954190e9b3e810b
[2m2025-12-10T10:15:08.739938Z[0m [34mDEBUG[0m [2methereum_transaction_pool_monitor::eth_client[0m[2m:[0m 📨 Received WebSocket message: {"jsonrpc":"2.0","method":"eth_subscription","params":{"subscription":"0xbed0a0851463e895960a451075a301a9","result":"0x27a02c7db9d935c4d73ed4417a16bbf39313cfd1d9815589600996abb1ef6388"}}
[2m2025-12-10T10:15:08.739971Z[0m [34mDEBUG[0m [2methereum_transaction_pool_monitor::eth_client[0m[2m:[0m 📨 Received pending transaction: 0x27a02c7db9d935c4d73ed4417a16bbf39313cfd1d9815589600996abb1ef6388
[2m2025-12-10T10:15:08.756884Z[0m [34mDEBUG[0m [2methereum_transaction_pool_monitor::eth_client[0m[2m:[0m 📨 Received WebSocket message: {"jsonrpc":"2.0","method":"eth_subscription","params":{"subscription":"0xbed0a0851463e895960a451075a301a9","result":"0x4ffcc7cd70c5eb1437a25035455dd805f9439b47c45259c583bf226c6c73a6d0"}}
[2m2025-12-10T10:15:08.756923Z[0m [34mDEBUG[0m [2methereum_transaction_pool_monitor::eth_client[0m[2m:[0m 📨 Received pending transaction: 0x4ffcc7cd70c5eb1437a25035455dd805f9439b47c45259c583bf226c6c73a6d0
[2m2025-12-10T10:15:08.756932Z[0m [34mDEBUG[0m [2methereum_transaction_pool_monitor::eth_client[0m[2m:[0m 📨 Received WebSocket message: {"jsonrpc":"2.0","method":"eth_subscription","params":{"subscription":"0xbed0a0851463e895960a451075a301a9","result":"0x403124ab74e488e289b093edd9a7a775137dd7df15a8dd7f3342597a8d58c607"}}
[2m2025-12-10T10:15:08.756938Z[0m [34mDEBUG[0m [2methereum_transaction_pool_monitor::eth_client[0m[2m:[0m 📨 Received pending transaction: 0x403124ab74e488e289b093edd9a7a775137dd7df15a8dd7f3342597a8d58c607
[2m2025-12-10T10:15:08.756943Z[0m [34mDEBUG[0m [2methereum_transaction_pool_monitor::eth_client[0m[2m:[0m 📨 Received WebSocket message: {"jsonrpc":"2.0","method":"eth_subscription","params":{"subscription":"0xbed0a0851463e895960a451075a301a9","result":"0x726adc38e2159c01465e248412993579604cada05caaeace348ec05cdbfee2c4"}}
[2m2025-12-10T10:15:08.756948Z[0m [34mDEBUG[0m [2methereum_transaction_pool_monitor::eth_client[0m[2m:[0m 📨 Received pending transaction: 0x726adc38e2159c01465e248412993579604cada05caaeace348ec05cdbfee2c4
[2m2025-12-10T10:15:08.785555Z[0m [34mDEBUG[0m [2methereum_transaction_pool_monitor::eth_client[0m[2m:[0m 📨 Received WebSocket message: {"jsonrpc":"2.0","method":"eth_subscription","params":{"subscription":"0xbed0a0851463e895960a451075a301a9","result":"0x27d353706af23ef20275db2270f74f6eb563a2d102a07733de49c6f4b6d00974"}}
[2m2025-12-10T10:15:08.785589Z[0m [34mDEBUG[0m [2methereum_transaction_pool_monitor::eth_client[0m[2m:[0m 📨 Received pending transaction: 0x27d353706af23ef20275db2270f74f6eb563a2d102a07733de49c6f4b6d00974
[2m2025-12-10T10:15:08.785673Z[0m [34mDEBUG[0m [2methereum_transaction_pool_monitor::eth_client[0m[2m:[0m 📨 Received WebSocket message: {"jsonrpc":"2.0","method":"eth_subscription","params":{"subscription":"0xbed0a0851463e895960a451075a301a9","result":"0xba47a653779d050f1e57ae03e8d8d7d498ac903b4ce7c073172ce2690d426484"}}
[2m2025-12-10T10:15:08.785698Z[0m [34mDEBUG[0m [2methereum_transaction_pool_monitor::eth_client[0m[2m:[0m 📨 Received pending transaction: 0xba47a653779d050f1e57ae03e8d8d7d498ac903b4ce7c073172ce2690d426484
[2m2025-12-10T10:15:08.838392Z[0m [34mDEBUG[0m [2methereum_transaction_pool_monitor::eth_client[0m[2m:[0m ✅ Transaction 0xfc77659c73712416d1c7bd776ce090ae3d486711159199125eb4a27c5acd80d7 fetched and parsed in 3.26908675s
[2m2025-12-10T10:15:08.838437Z[0m [34mDEBUG[0m [2methereum_transaction_pool_monitor::mempool_monitor[0m[2m:[0m 🔍 Skipping tx 0xfc77659c73712416d1c7bd776ce090ae3d486711159199125eb4a27c5acd80d7 - not a DEX interaction (target: 0x601a2aD6CB5949f0529735254189Ba3194221EDF)
[2m2025-12-10T10:15:08.838455Z[0m [34mDEBUG[0m [2methereum_transaction_pool_monitor::mempool_monitor[0m[2m:[0m 📨 Processing new pending transaction: 0x4cf4d5ec995df12469509a6b4d80ec228018feccaf8c947f8b0851ec7961b5f1
[2m2025-12-10T10:15:08.838464Z[0m [34mDEBUG[0m [2methereum_transaction_pool_monitor::mempool_monitor[0m[2m:[0m 🔍 Fetching transaction details for: 0x4cf4d5ec995df12469509a6b4d80ec228018feccaf8c947f8b0851ec7961b5f1
[2m2025-12-10T10:15:08.838472Z[0m [34mDEBUG[0m [2methereum_transaction_pool_monitor::eth_client[0m[2m:[0m 🔍 Fetching transaction details for hash: 0x4cf4d5ec995df12469509a6b4d80ec228018feccaf8c947f8b0851ec7961b5f1
[2m2025-12-10T10:15:08.838501Z[0m [34mDEBUG[0m [2mhyper::client::pool[0m[2m:[0m reuse idle connection for ("http", 192.168.0.14:8545)
[2m2025-12-10T10:15:08.838580Z[0m [34mDEBUG[0m [2mhyper::proto::h1::io[0m[2m:[0m flushed 250 bytes
[2m2025-12-10T10:15:09.176436Z[0m [34mDEBUG[0m [2methereum_transaction_pool_monitor::eth_client[0m[2m:[0m 📨 Received WebSocket message: {"jsonrpc":"2.0","method":"eth_subscription","params":{"subscription":"0xbed0a0851463e895960a451075a301a9","result":"0x08a1e525d4ba79c169adc83e6e3a468c70ebd7480dc918c24b1a41305c7798a1"}}
[2m2025-12-10T10:15:09.183857Z[0m [34mDEBUG[0m [2methereum_transaction_pool_monitor::eth_client[0m[2m:[0m 📨 Received pending transaction: 0x08a1e525d4ba79c169adc83e6e3a468c70ebd7480dc918c24b1a41305c7798a1
[2m2025-12-10T10:15:09.202868Z[0m [34mDEBUG[0m [2methereum_transaction_pool_monitor::eth_client[0m[2m:[0m 📨 Received WebSocket message: {"jsonrpc":"2.0","method":"eth_subscription","params":{"subscription":"0xbed0a0851463e895960a451075a301a9","result":"0xcbb2275375d20dd0c9a04ac60ac7b6d771c9f0b029377dbfc409bc6206f02eb6"}}
[2m2025-12-10T10:15:09.202876Z[0m [34mDEBUG[0m [2mhyper::proto::h1::io[0m[2m:[0m parsed 4 headers
[2m2025-12-10T10:15:09.202925Z[0m [34mDEBUG[0m [2methereum_transaction_pool_monitor::eth_client[0m[2m:[0m 📨 Received pending transaction: 0xcbb2275375d20dd0c9a04ac60ac7b6d771c9f0b029377dbfc409bc6206f02eb6
[2m2025-12-10T10:15:09.202937Z[0m [34mDEBUG[0m [2mhyper::proto::h1::conn[0m[2m:[0m incoming body is content-length (828 bytes)
[2m2025-12-10T10:15:09.202958Z[0m [34mDEBUG[0m [2methereum_transaction_pool_monitor::eth_client[0m[2m:[0m 📨 Received WebSocket message: {"jsonrpc":"2.0","method":"eth_subscription","params":{"subscription":"0xbed0a0851463e895960a451075a301a9","result":"0x062002dd97c6e5ba761ab4cb1ab747f393f68ae386dad78fedfcfebef7f343ad"}}
[2m2025-12-10T10:15:09.202973Z[0m [34mDEBUG[0m [2mhyper::proto::h1::conn[0m[2m:[0m incoming body completed
[2m2025-12-10T10:15:09.202983Z[0m [34mDEBUG[0m [2methereum_transaction_pool_monitor::eth_client[0m[2m:[0m 📨 Received pending transaction: 0x062002dd97c6e5ba761ab4cb1ab747f393f68ae386dad78fedfcfebef7f343ad
[2m2025-12-10T10:15:09.203035Z[0m [34mDEBUG[0m [2mhyper::client::pool[0m[2m:[0m pooling idle connection for ("http", 192.168.0.14:8545)
[2m2025-12-10T10:15:09.203038Z[0m [34mDEBUG[0m [2methereum_transaction_pool_monitor::eth_client[0m[2m:[0m 📨 Received WebSocket message: {"jsonrpc":"2.0","method":"eth_subscription","params":{"subscription":"0xbed0a0851463e895960a451075a301a9","result":"0x0e38d2921c1dafbd7662d10e48bd7d68ad1ea9a55dceb0ba31e59872cbd53082"}}
[2m2025-12-10T10:15:09.203079Z[0m [34mDEBUG[0m [2methereum_transaction_pool_monitor::eth_client[0m[2m:[0m 📡 Transaction fetch RPC completed in 364.594166ms
[2m2025-12-10T10:15:09.203080Z[0m [34mDEBUG[0m [2methereum_transaction_pool_monitor::eth_client[0m[2m:[0m 📨 Received pending transaction: 0x0e38d2921c1dafbd7662d10e48bd7d68ad1ea9a55dceb0ba31e59872cbd53082
[2m2025-12-10T10:15:09.203123Z[0m [34mDEBUG[0m [2methereum_transaction_pool_monitor::eth_client[0m[2m:[0m 📨 Received WebSocket message: {"jsonrpc":"2.0","method":"eth_subscription","params":{"subscription":"0xbed0a0851463e895960a451075a301a9","result":"0x8e567e181cd6a1a0d5c20d12eddf2852044b4c56cfae3facf6e2d3b559968e5c"}}
[2m2025-12-10T10:15:09.203136Z[0m [34mDEBUG[0m [2methereum_transaction_pool_monitor::eth_client[0m[2m:[0m 📨 Received pending transaction: 0x8e567e181cd6a1a0d5c20d12eddf2852044b4c56cfae3facf6e2d3b559968e5c
[2m2025-12-10T10:15:09.203141Z[0m [34mDEBUG[0m [2methereum_transaction_pool_monitor::eth_client[0m[2m:[0m 📨 Received WebSocket message: {"jsonrpc":"2.0","method":"eth_subscription","params":{"subscription":"0xbed0a0851463e895960a451075a301a9","result":"0x44b43d771a11d76b05615e991bae6172d8503b23cbcc2b510f5f1c52cdfcc9df"}}
[2m2025-12-10T10:15:09.203148Z[0m [34mDEBUG[0m [2methereum_transaction_pool_monitor::eth_client[0m[2m:[0m 📨 Received pending transaction: 0x44b43d771a11d76b05615e991bae6172d8503b23cbcc2b510f5f1c52cdfcc9df
[2m2025-12-10T10:15:09.273269Z[0m [34mDEBUG[0m [2methereum_transaction_pool_monitor::eth_client[0m[2m:[0m 📨 Received WebSocket message: {"jsonrpc":"2.0","method":"eth_subscription","params":{"subscription":"0xbed0a0851463e895960a451075a301a9","result":"0xe6ea4ddd4f6913f87563517ba368c254ba12642bdcab3a21a1be28d6a7749097"}}
[2m2025-12-10T10:15:09.273311Z[0m [34mDEBUG[0m [2methereum_transaction_pool_monitor::eth_client[0m[2m:[0m 📨 Received pending transaction: 0xe6ea4ddd4f6913f87563517ba368c254ba12642bdcab3a21a1be28d6a7749097
[2m2025-12-10T10:15:09.287509Z[0m [34mDEBUG[0m [2methereum_transaction_pool_monitor::eth_client[0m[2m:[0m 📨 Received WebSocket message: {"jsonrpc":"2.0","method":"eth_subscription","params":{"subscription":"0xbed0a0851463e895960a451075a301a9","result":"0xef16b18e77bae20ba6e0f0dee5a85530768fb312c2c28e865122a5227bd3a756"}}
[2m2025-12-10T10:15:09.287574Z[0m [34mDEBUG[0m [2methereum_transaction_pool_monitor::eth_client[0m[2m:[0m 📨 Received pending transaction: 0xef16b18e77bae20ba6e0f0dee5a85530768fb312c2c28e865122a5227bd3a756
[2m2025-12-10T10:15:09.287606Z[0m [34mDEBUG[0m [2methereum_transaction_pool_monitor::eth_client[0m[2m:[0m 📨 Received WebSocket message: {"jsonrpc":"2.0","method":"eth_subscription","params":{"subscription":"0xbed0a0851463e895960a451075a301a9","result":"0xf68796a2fc0f0a6056f508a4d0d869b07be5c6087f6356961ab137098feda58e"}}
[2m2025-12-10T10:15:09.287636Z[0m [34mDEBUG[0m [2methereum_transaction_pool_monitor::eth_client[0m[2m:[0m 📨 Received pending transaction: 0xf68796a2fc0f0a6056f508a4d0d869b07be5c6087f6356961ab137098feda58e
[2m2025-12-10T10:15:09.293853Z[0m [34mDEBUG[0m [2methereum_transaction_pool_monitor::eth_client[0m[2m:[0m ✅ Transaction 0x4cf4d5ec995df12469509a6b4d80ec228018feccaf8c947f8b0851ec7961b5f1 fetched and parsed in 455.365041ms
[2m2025-12-10T10:15:09.293891Z[0m [34mDEBUG[0m [2methereum_transaction_pool_monitor::mempool_monitor[0m[2m:[0m 🔍 Skipping tx 0x4cf4d5ec995df12469509a6b4d80ec228018feccaf8c947f8b0851ec7961b5f1 - not a DEX interaction (target: 0xDDaef92FA7888eb8A8a684F72F5e8e9Ee6045490)
[2m2025-12-10T10:15:09.293902Z[0m [34mDEBUG[0m [2methereum_transaction_pool_monitor::mempool_monitor[0m[2m:[0m 📨 Processing new pending transaction: 0x693649b36c485d7c08b35de64b4a64efe1a534409190a968e766aee6157ff4b4
[2m2025-12-10T10:15:09.293915Z[0m [34mDEBUG[0m [2methereum_transaction_pool_monitor::mempool_monitor[0m[2m:[0m 🔍 Fetching transaction details for: 0x693649b36c485d7c08b35de64b4a64efe1a534409190a968e766aee6157ff4b4
[2m2025-12-10T10:15:09.293920Z[0m [34mDEBUG[0m [2methereum_transaction_pool_monitor::eth_client[0m[2m:[0m 🔍 Fetching transaction details for hash: 0x693649b36c485d7c08b35de64b4a64efe1a534409190a968e766aee6157ff4b4
[2m2025-12-10T10:15:09.293949Z[0m [34mDEBUG[0m [2mhyper::client::pool[0m[2m:[0m reuse idle connection for ("http", 192.168.0.14:8545)
[2m2025-12-10T10:15:09.293973Z[0m [34mDEBUG[0m [2methereum_transaction_pool_monitor::eth_client[0m[2m:[0m 📨 Received WebSocket message: {"jsonrpc":"2.0","method":"eth_subscription","params":{"subscription":"0xbed0a0851463e895960a451075a301a9","result":"0x180e027438ee3b1e6ee5ad8020cc9cc652bc3ea772bccd300b928e3e36237922"}}
[2m2025-12-10T10:15:09.293992Z[0m [34mDEBUG[0m [2mhyper::proto::h1::io[0m[2m:[0m flushed 250 bytes
[2m2025-12-10T10:15:09.294200Z[0m [34mDEBUG[0m [2methereum_transaction_pool_monitor::eth_client[0m[2m:[0m 📨 Received pending transaction: 0x180e027438ee3b1e6ee5ad8020cc9cc652bc3ea772bccd300b928e3e36237922
[2m2025-12-10T10:15:09.294259Z[0m [34mDEBUG[0m [2methereum_transaction_pool_monitor::eth_client[0m[2m:[0m 📨 Received WebSocket message: {"jsonrpc":"2.0","method":"eth_subscription","params":{"subscription":"0xbed0a0851463e895960a451075a301a9","result":"0xf5889e39a66ff7795dc9441aea6e57a01b8a1133389037e9c430919978aa9d97"}}
[2m2025-12-10T10:15:09.294278Z[0m [34mDEBUG[0m [2methereum_transaction_pool_monitor::eth_client[0m[2m:[0m 📨 Received pending transaction: 0xf5889e39a66ff7795dc9441aea6e57a01b8a1133389037e9c430919978aa9d97
[2m2025-12-10T10:15:09.294291Z[0m [34mDEBUG[0m [2methereum_transaction_pool_monitor::eth_client[0m[2m:[0m 📨 Received WebSocket message: {"jsonrpc":"2.0","method":"eth_subscription","params":{"subscription":"0xbed0a0851463e895960a451075a301a9","result":"0x7fd2d9f28e6797de4f5d00700773e0268ba9bec7d5b08bf8471eaf0483306119"}}
[2m2025-12-10T10:15:09.294304Z[0m [34mDEBUG[0m [2methereum_transaction_pool_monitor::eth_client[0m[2m:[0m 📨 Received pending transaction: 0x7fd2d9f28e6797de4f5d00700773e0268ba9bec7d5b08bf8471eaf0483306119
[2m2025-12-10T10:15:09.304404Z[0m [34mDEBUG[0m [2methereum_transaction_pool_monitor::eth_client[0m[2m:[0m 📨 Received WebSocket message: {"jsonrpc":"2.0","method":"eth_subscription","params":{"subscription":"0xbed0a0851463e895960a451075a301a9","result":"0xcc1d30221c82452f7818904d52029454a7b76facdf25ed3b157480b30a71868d"}}
[2m2025-12-10T10:15:09.304448Z[0m [34mDEBUG[0m [2methereum_transaction_pool_monitor::eth_client[0m[2m:[0m 📨 Received pending transaction: 0xcc1d30221c82452f7818904d52029454a7b76facdf25ed3b157480b30a71868d
[2m2025-12-10T10:15:09.321538Z[0m [34mDEBUG[0m [2methereum_transaction_pool_monitor::eth_client[0m[2m:[0m 📨 Received WebSocket message: {"jsonrpc":"2.0","method":"eth_subscription","params":{"subscription":"0xbed0a0851463e895960a451075a301a9","result":"0x6746a89ea657a05c0089bbb826775f55525beae630d75f89162224c5a78004a5"}}
[2m2025-12-10T10:15:09.321722Z[0m [34mDEBUG[0m [2methereum_transaction_pool_monitor::eth_client[0m[2m:[0m 📨 Received pending transaction: 0x6746a89ea657a05c0089bbb826775f55525beae630d75f89162224c5a78004a5
[2m2025-12-10T10:15:09.321779Z[0m [34mDEBUG[0m [2methereum_transaction_pool_monitor::eth_client[0m[2m:[0m 📨 Received WebSocket message: {"jsonrpc":"2.0","method":"eth_subscription","params":{"subscription":"0xbed0a0851463e895960a451075a301a9","result":"0xddea24474e6c1196c993f9509f7887f79f7cf882ee9b0375ec93407d7ba34044"}}
[2m2025-12-10T10:15:09.321812Z[0m [34mDEBUG[0m [2methereum_transaction_pool_monitor::eth_client[0m[2m:[0m 📨 Received pending transaction: 0xddea24474e6c1196c993f9509f7887f79f7cf882ee9b0375ec93407d7ba34044
[2m2025-12-10T10:15:09.342124Z[0m [34mDEBUG[0m [2mhyper::proto::h1::io[0m[2m:[0m parsed 4 headers
[2m2025-12-10T10:15:09.342181Z[0m [34mDEBUG[0m [2mhyper::proto::h1::conn[0m[2m:[0m incoming body is content-length (646 bytes)
[2m2025-12-10T10:15:09.342201Z[0m [34mDEBUG[0m [2mhyper::proto::h1::conn[0m[2m:[0m incoming body completed
[2m2025-12-10T10:15:09.342225Z[0m [34mDEBUG[0m [2mhyper::client::pool[0m[2m:[0m pooling idle connection for ("http", 192.168.0.14:8545)
[2m2025-12-10T10:15:09.342256Z[0m [34mDEBUG[0m [2methereum_transaction_pool_monitor::eth_client[0m[2m:[0m 📡 Transaction fetch RPC completed in 48.326541ms
[2m2025-12-10T10:15:09.551529Z[0m [34mDEBUG[0m [2methereum_transaction_pool_monitor::eth_client[0m[2m:[0m ✅ Transaction 0x693649b36c485d7c08b35de64b4a64efe1a534409190a968e766aee6157ff4b4 fetched and parsed in 257.596166ms
[2m2025-12-10T10:15:09.551602Z[0m [34mDEBUG[0m [2methereum_transaction_pool_monitor::mempool_monitor[0m[2m:[0m 🔍 Skipping tx 0x693649b36c485d7c08b35de64b4a64efe1a534409190a968e766aee6157ff4b4 - not a DEX interaction (target: 0xb4D689E7F26a13B23298f3b0d396Ae1f9F25f84A)
[2m2025-12-10T10:15:09.551619Z[0m [34mDEBUG[0m [2methereum_transaction_pool_monitor::mempool_monitor[0m[2m:[0m 📨 Processing new pending transaction: 0x68204474182bf120d5ba77dd1699dcda9b9bdb24738aa4ddb24d212d95908935
[2m2025-12-10T10:15:09.552938Z[0m [34mDEBUG[0m [2methereum_transaction_pool_monitor::mempool_monitor[0m[2m:[0m 🔍 Fetching transaction details for: 0x68204474182bf120d5ba77dd1699dcda9b9bdb24738aa4ddb24d212d95908935
[2m2025-12-10T10:15:09.552943Z[0m [34mDEBUG[0m [2methereum_transaction_pool_monitor::eth_client[0m[2m:[0m 🔍 Fetching transaction details for hash: 0x68204474182bf120d5ba77dd1699dcda9b9bdb24738aa4ddb24d212d95908935
[2m2025-12-10T10:15:09.552971Z[0m [34mDEBUG[0m [2mhyper::client::pool[0m[2m:[0m reuse idle connection for ("http", 192.168.0.14:8545)
[2m2025-12-10T10:15:09.553055Z[0m [34mDEBUG[0m [2mhyper::proto::h1::io[0m[2m:[0m flushed 250 bytes
[2m2025-12-10T10:15:09.553081Z[0m [34mDEBUG[0m [2methereum_transaction_pool_monitor::eth_client[0m[2m:[0m 📨 Received WebSocket message: {"jsonrpc":"2.0","method":"eth_subscription","params":{"subscription":"0xbed0a0851463e895960a451075a301a9","result":"0x87ce16e3255e3f0d7f35c33390e9ebb4d6eeb618ea1304db836aec26912050fd"}}
[2m2025-12-10T10:15:09.553089Z[0m [34mDEBUG[0m [2methereum_transaction_pool_monitor::eth_client[0m[2m:[0m 📨 Received pending transaction: 0x87ce16e3255e3f0d7f35c33390e9ebb4d6eeb618ea1304db836aec26912050fd
[2m2025-12-10T10:15:09.553096Z[0m [34mDEBUG[0m [2methereum_transaction_pool_monitor::eth_client[0m[2m:[0m 📨 Received WebSocket message: {"jsonrpc":"2.0","method":"eth_subscription","params":{"subscription":"0xbed0a0851463e895960a451075a301a9","result":"0xf11fe96e3c7fefcbc66fd7bffadead9086811838734658306e8687b3ef0892c4"}}
[2m2025-12-10T10:15:09.553101Z[0m [34mDEBUG[0m [2methereum_transaction_pool_monitor::eth_client[0m[2m:[0m 📨 Received pending transaction: 0xf11fe96e3c7fefcbc66fd7bffadead9086811838734658306e8687b3ef0892c4
[2m2025-12-10T10:15:09.553106Z[0m [34mDEBUG[0m [2methereum_transaction_pool_monitor::eth_client[0m[2m:[0m 📨 Received WebSocket message: {"jsonrpc":"2.0","method":"eth_subscription","params":{"subscription":"0xbed0a0851463e895960a451075a301a9","result":"0x28caa4260bee4c6e3b2d05544bb72142cce58e58e62eb8cc3a2f684abd07f185"}}
[2m2025-12-10T10:15:09.553111Z[0m [34mDEBUG[0m [2methereum_transaction_pool_monitor::eth_client[0m[2m:[0m 📨 Received pending transaction: 0x28caa4260bee4c6e3b2d05544bb72142cce58e58e62eb8cc3a2f684abd07f185
[2m2025-12-10T10:15:09.553115Z[0m [34mDEBUG[0m [2methereum_transaction_pool_monitor::eth_client[0m[2m:[0m 📨 Received WebSocket message: {"jsonrpc":"2.0","method":"eth_subscription","params":{"subscription":"0xbed0a0851463e895960a451075a301a9","result":"0xdcac7aa2427321151842526fdd51af1780664dbc5898e4e1e25d3f88eb57692b"}}
[2m2025-12-10T10:15:09.553121Z[0m [34mDEBUG[0m [2methereum_transaction_pool_monitor::eth_client[0m[2m:[0m 📨 Received pending transaction: 0xdcac7aa2427321151842526fdd51af1780664dbc5898e4e1e25d3f88eb57692b
[2m2025-12-10T10:15:09.553125Z[0m [34mDEBUG[0m [2methereum_transaction_pool_monitor::eth_client[0m[2m:[0m 📨 Received WebSocket message: {"jsonrpc":"2.0","method":"eth_subscription","params":{"subscription":"0xbed0a0851463e895960a451075a301a9","result":"0xdb4429381782cab37a2b50a72ae3194aedee525b7bbeab7c83c4ed1696e751cc"}}
[2m2025-12-10T10:15:09.553130Z[0m [34mDEBUG[0m [2methereum_transaction_pool_monitor::eth_client[0m[2m:[0m 📨 Received pending transaction: 0xdb4429381782cab37a2b50a72ae3194aedee525b7bbeab7c83c4ed1696e751cc
[2m2025-12-10T10:15:11.195244Z[0m [34mDEBUG[0m [2mhyper::proto::h1::io[0m[2m:[0m parsed 4 headers
[2m2025-12-10T10:15:11.195303Z[0m [34mDEBUG[0m [2mhyper::proto::h1::conn[0m[2m:[0m incoming body is content-length (712 bytes)
[2m2025-12-10T10:15:11.195342Z[0m [34mDEBUG[0m [2mhyper::proto::h1::conn[0m[2m:[0m incoming body completed
[2m2025-12-10T10:15:11.195373Z[0m [34mDEBUG[0m [2mhyper::client::pool[0m[2m:[0m pooling idle connection for ("http", 192.168.0.14:8545)
[2m2025-12-10T10:15:11.195384Z[0m [34mDEBUG[0m [2methereum_transaction_pool_monitor::eth_client[0m[2m:[0m 📡 Transaction fetch RPC completed in 1.642421292s
[2m2025-12-10T10:15:11.340825Z[0m [34mDEBUG[0m [2methereum_transaction_pool_monitor::eth_client[0m[2m:[0m ✅ Transaction 0x68204474182bf120d5ba77dd1699dcda9b9bdb24738aa4ddb24d212d95908935 fetched and parsed in 1.787847708s
[2m2025-12-10T10:15:11.340884Z[0m [34mDEBUG[0m [2methereum_transaction_pool_monitor::mempool_monitor[0m[2m:[0m 🔍 Skipping tx 0x68204474182bf120d5ba77dd1699dcda9b9bdb24738aa4ddb24d212d95908935 - not a DEX interaction (target: 0x20f2961592f5372e58A6718352990d58FB4c03EF)
[2m2025-12-10T10:15:11.340902Z[0m [34mDEBUG[0m [2methereum_transaction_pool_monitor::mempool_monitor[0m[2m:[0m 📨 Processing new pending transaction: 0x37d9b3a67c111df01f9eb2e9b105f6b77a0fce7e08d3d101b11a0520f14ede22
[2m2025-12-10T10:15:11.340910Z[0m [34mDEBUG[0m [2methereum_transaction_pool_monitor::mempool_monitor[0m[2m:[0m 🔍 Fetching transaction details for: 0x37d9b3a67c111df01f9eb2e9b105f6b77a0fce7e08d3d101b11a0520f14ede22
[2m2025-12-10T10:15:11.340915Z[0m [34mDEBUG[0m [2methereum_transaction_pool_monitor::eth_client[0m[2m:[0m 🔍 Fetching transaction details for hash: 0x37d9b3a67c111df01f9eb2e9b105f6b77a0fce7e08d3d101b11a0520f14ede22
[2m2025-12-10T10:15:11.341170Z[0m [34mDEBUG[0m [2mhyper::client::pool[0m[2m:[0m reuse idle connection for ("http", 192.168.0.14:8545)
[2m2025-12-10T10:15:11.341280Z[0m [34mDEBUG[0m [2mhyper::proto::h1::io[0m[2m:[0m flushed 250 bytes
[2m2025-12-10T10:15:11.341327Z[0m [34mDEBUG[0m [2methereum_transaction_pool_monitor::eth_client[0m[2m:[0m 📨 Received WebSocket message: {"jsonrpc":"2.0","method":"eth_subscription","params":{"subscription":"0xbed0a0851463e895960a451075a301a9","result":"0xa59f45a902747c56459396765b6facb688e59ac7e3ec6dcda750b38db6a93b33"}}
[2m2025-12-10T10:15:11.341336Z[0m [34mDEBUG[0m [2methereum_transaction_pool_monitor::eth_client[0m[2m:[0m 📨 Received pending transaction: 0xa59f45a902747c56459396765b6facb688e59ac7e3ec6dcda750b38db6a93b33
[2m2025-12-10T10:15:11.341342Z[0m [34mDEBUG[0m [2methereum_transaction_pool_monitor::eth_client[0m[2m:[0m 📨 Received WebSocket message: {"jsonrpc":"2.0","method":"eth_subscription","params":{"subscription":"0xbed0a0851463e895960a451075a301a9","result":"0x1cc6a1b759788edd600b39a74db3ea33b387e6038bd785dd50fb0af23cb601b8"}}
[2m2025-12-10T10:15:11.341347Z[0m [34mDEBUG[0m [2methereum_transaction_pool_monitor::eth_client[0m[2m:[0m 📨 Received pending transaction: 0x1cc6a1b759788edd600b39a74db3ea33b387e6038bd785dd50fb0af23cb601b8
[2m2025-12-10T10:15:11.341352Z[0m [34mDEBUG[0m [2methereum_transaction_pool_monitor::eth_client[0m[2m:[0m 📨 Received WebSocket message: {"jsonrpc":"2.0","method":"eth_subscription","params":{"subscription":"0xbed0a0851463e895960a451075a301a9","result":"0xc17af47a51e7eba8daa890b28d4fd9b9a08e46affd59a1fa2e2e62dbd9822a8a"}}
[2m2025-12-10T10:15:11.341357Z[0m [34mDEBUG[0m [2methereum_transaction_pool_monitor::eth_client[0m[2m:[0m 📨 Received pending transaction: 0xc17af47a51e7eba8daa890b28d4fd9b9a08e46affd59a1fa2e2e62dbd9822a8a
[2m2025-12-10T10:15:11.341361Z[0m [34mDEBUG[0m [2methereum_transaction_pool_monitor::eth_client[0m[2m:[0m 📨 Received WebSocket message: {"jsonrpc":"2.0","method":"eth_subscription","params":{"subscription":"0xbed0a0851463e895960a451075a301a9","result":"0x5a3cdcf70d65b6122e902ec647baf67b552da8b66b93a835b5131aff4e15c05b"}}
[2m2025-12-10T10:15:11.341366Z[0m [34mDEBUG[0m [2methereum_transaction_pool_monitor::eth_client[0m[2m:[0m 📨 Received pending transaction: 0x5a3cdcf70d65b6122e902ec647baf67b552da8b66b93a835b5131aff4e15c05b
[2m2025-12-10T10:15:11.681340Z[0m [34mDEBUG[0m [2methereum_transaction_pool_monitor::eth_client[0m[2m:[0m 📨 Received WebSocket message: {"jsonrpc":"2.0","method":"eth_subscription","params":{"subscription":"0xbed0a0851463e895960a451075a301a9","result":"0x7f087fd5fd6017c350a8b951fa5b67462d0d9e1c2e282fd8a8daf6cc3643d162"}}
[2m2025-12-10T10:15:11.681841Z[0m [34mDEBUG[0m [2methereum_transaction_pool_monitor::eth_client[0m[2m:[0m 📨 Received pending transaction: 0x7f087fd5fd6017c350a8b951fa5b67462d0d9e1c2e282fd8a8daf6cc3643d162
[2m2025-12-10T10:15:12.122747Z[0m [34mDEBUG[0m [2mhyper::proto::h1::io[0m[2m:[0m parsed 4 headers
[2m2025-12-10T10:15:12.176592Z[0m [34mDEBUG[0m [2mhyper::proto::h1::conn[0m[2m:[0m incoming body is content-length (769 bytes)
[2m2025-12-10T10:15:12.181692Z[0m [34mDEBUG[0m [2mhyper::proto::h1::conn[0m[2m:[0m incoming body completed
[2m2025-12-10T10:15:12.182290Z[0m [34mDEBUG[0m [2mhyper::client::pool[0m[2m:[0m pooling idle connection for ("http", 192.168.0.14:8545)
[2m2025-12-10T10:15:12.182347Z[0m [34mDEBUG[0m [2methereum_transaction_pool_monitor::eth_client[0m[2m:[0m 📡 Transaction fetch RPC completed in 841.416708ms
[2m2025-12-10T10:15:12.182406Z[0m [34mDEBUG[0m [2methereum_transaction_pool_monitor::eth_client[0m[2m:[0m DeFi transaction detected - Address: 0xdac17f958d2ee523a2206206994597c13d831ec7, Type: Stablecoin, Value: 0 ETH, Gas: 0.22 Gwei
[2m2025-12-10T10:15:12.182448Z[0m [34mDEBUG[0m [2methereum_transaction_pool_monitor::eth_client[0m[2m:[0m ✅ Transaction 0x37d9b3a67c111df01f9eb2e9b105f6b77a0fce7e08d3d101b11a0520f14ede22 fetched and parsed in 841.517875ms
[2m2025-12-10T10:15:12.182469Z[0m [34mDEBUG[0m [2methereum_transaction_pool_monitor::mempool_monitor[0m[2m:[0m 🔍 Skipping tx 0x37d9b3a67c111df01f9eb2e9b105f6b77a0fce7e08d3d101b11a0520f14ede22 - not a DEX interaction (target: 0xdAC17F958D2ee523a2206206994597C13D831ec7)
[2m2025-12-10T10:15:12.182488Z[0m [34mDEBUG[0m [2methereum_transaction_pool_monitor::mempool_monitor[0m[2m:[0m 📨 Processing new pending transaction: 0xbc2a47c1203cd3b677cec90285e1f03ab7d910cfb040ad7972a0c86c45bb60e7
[2m2025-12-10T10:15:12.182508Z[0m [34mDEBUG[0m [2methereum_transaction_pool_monitor::mempool_monitor[0m[2m:[0m 🔍 Fetching transaction details for: 0xbc2a47c1203cd3b677cec90285e1f03ab7d910cfb040ad7972a0c86c45bb60e7
[2m2025-12-10T10:15:12.182537Z[0m [34mDEBUG[0m [2methereum_transaction_pool_monitor::eth_client[0m[2m:[0m 🔍 Fetching transaction details for hash: 0xbc2a47c1203cd3b677cec90285e1f03ab7d910cfb040ad7972a0c86c45bb60e7
[2m2025-12-10T10:15:12.182600Z[0m [34mDEBUG[0m [2mhyper::client::pool[0m[2m:[0m reuse idle connection for ("http", 192.168.0.14:8545)
[2m2025-12-10T10:15:12.182696Z[0m [34mDEBUG[0m [2mhyper::proto::h1::io[0m[2m:[0m flushed 250 bytes
[2m2025-12-10T10:15:12.182719Z[0m [34mDEBUG[0m [2methereum_transaction_pool_monitor::eth_client[0m[2m:[0m 📨 Received WebSocket message: {"jsonrpc":"2.0","method":"eth_subscription","params":{"subscription":"0xbed0a0851463e895960a451075a301a9","result":"0x6a944d8547fea109fbd1c496886f10eb664ac17d5977c16a27d8bebf077456b8"}}
[2m2025-12-10T10:15:12.182729Z[0m [34mDEBUG[0m [2methereum_transaction_pool_monitor::eth_client[0m[2m:[0m 📨 Received pending transaction: 0x6a944d8547fea109fbd1c496886f10eb664ac17d5977c16a27d8bebf077456b8
[2m2025-12-10T10:15:12.182736Z[0m [34mDEBUG[0m [2methereum_transaction_pool_monitor::eth_client[0m[2m:[0m 📨 Received WebSocket message: {"jsonrpc":"2.0","method":"eth_subscription","params":{"subscription":"0xbed0a0851463e895960a451075a301a9","result":"0x8b66bcf1c3c3c58c603bd6c88c00302cdfc2fb849b41dcb4af8de34a365d84dc"}}
[2m2025-12-10T10:15:12.182741Z[0m [34mDEBUG[0m [2methereum_transaction_pool_monitor::eth_client[0m[2m:[0m 📨 Received pending transaction: 0x8b66bcf1c3c3c58c603bd6c88c00302cdfc2fb849b41dcb4af8de34a365d84dc
[2m2025-12-10T10:15:12.569612Z[0m [34mDEBUG[0m [2mhyper::proto::h1::io[0m[2m:[0m parsed 4 headers
[2m2025-12-10T10:15:12.569642Z[0m [34mDEBUG[0m [2mhyper::proto::h1::conn[0m[2m:[0m incoming body is content-length (45 bytes)
[2m2025-12-10T10:15:12.569668Z[0m [34mDEBUG[0m [2mhyper::proto::h1::conn[0m[2m:[0m incoming body completed
[2m2025-12-10T10:15:12.569689Z[0m [34mDEBUG[0m [2mhyper::client::pool[0m[2m:[0m pooling idle connection for ("http", 192.168.0.14:8545)
[2m2025-12-10T10:15:12.569777Z[0m [34mDEBUG[0m [2mhyper::client::pool[0m[2m:[0m reuse idle connection for ("http", 192.168.0.14:8545)
[2m2025-12-10T10:15:12.569835Z[0m [34mDEBUG[0m [2mhyper::proto::h1::io[0m[2m:[0m flushed 172 bytes
[2m2025-12-10T10:15:12.613041Z[0m [34mDEBUG[0m [2methereum_transaction_pool_monitor::eth_client[0m[2m:[0m 📨 Received WebSocket message: {"jsonrpc":"2.0","method":"eth_subscription","params":{"subscription":"0xbed0a0851463e895960a451075a301a9","result":"0x52e52b09585a73116566cce653b325f0895e7b780e6223e5054dd251296b2ff5"}}
[2m2025-12-10T10:15:12.613108Z[0m [34mDEBUG[0m [2methereum_transaction_pool_monitor::eth_client[0m[2m:[0m 📨 Received pending transaction: 0x52e52b09585a73116566cce653b325f0895e7b780e6223e5054dd251296b2ff5
[2m2025-12-10T10:15:12.613159Z[0m [34mDEBUG[0m [2methereum_transaction_pool_monitor::eth_client[0m[2m:[0m 📨 Received WebSocket message: {"jsonrpc":"2.0","method":"eth_subscription","params":{"subscription":"0xbed0a0851463e895960a451075a301a9","result":"0x7177731d9f507d5d97b65b43e89d14e941048b6ca9641047c42e03d98267a446"}}
[2m2025-12-10T10:15:12.613179Z[0m [34mDEBUG[0m [2methereum_transaction_pool_monitor::eth_client[0m[2m:[0m 📨 Received pending transaction: 0x7177731d9f507d5d97b65b43e89d14e941048b6ca9641047c42e03d98267a446
[2m2025-12-10T10:15:12.613198Z[0m [34mDEBUG[0m [2methereum_transaction_pool_monitor::eth_client[0m[2m:[0m 📨 Received WebSocket message: {"jsonrpc":"2.0","method":"eth_subscription","params":{"subscription":"0xbed0a0851463e895960a451075a301a9","result":"0xeed25986c6241b617855f69421d944ec402b784384cdcf74f01385a8f23a5176"}}
[2m2025-12-10T10:15:12.613210Z[0m [34mDEBUG[0m [2methereum_transaction_pool_monitor::eth_client[0m[2m:[0m 📨 Received pending transaction: 0xeed25986c6241b617855f69421d944ec402b784384cdcf74f01385a8f23a5176
[2m2025-12-10T10:15:12.613220Z[0m [34mDEBUG[0m [2methereum_transaction_pool_monitor::eth_client[0m[2m:[0m 📨 Received WebSocket message: {"jsonrpc":"2.0","method":"eth_subscription","params":{"subscription":"0xbed0a0851463e895960a451075a301a9","result":"0x12bd4b9e0e06a0a0a601e7f5323e092843d04db213c27bd3b97630c77db67c5c"}}
[2m2025-12-10T10:15:12.613227Z[0m [34mDEBUG[0m [2methereum_transaction_pool_monitor::eth_client[0m[2m:[0m 📨 Received pending transaction: 0x12bd4b9e0e06a0a0a601e7f5323e092843d04db213c27bd3b97630c77db67c5c
[2m2025-12-10T10:15:12.613252Z[0m [34mDEBUG[0m [2methereum_transaction_pool_monitor::eth_client[0m[2m:[0m 📨 Received WebSocket message: {"jsonrpc":"2.0","method":"eth_subscription","params":{"subscription":"0xbed0a0851463e895960a451075a301a9","result":"0x7f629f7fd79795c90e8e3556505f160b32683102e85e98e29e8826c5b6db45a2"}}
[2m2025-12-10T10:15:12.613258Z[0m [34mDEBUG[0m [2methereum_transaction_pool_monitor::eth_client[0m[2m:[0m 📨 Received pending transaction: 0x7f629f7fd79795c90e8e3556505f160b32683102e85e98e29e8826c5b6db45a2
[2m2025-12-10T10:15:12.613161Z[0m [34mDEBUG[0m [2mhyper::proto::h1::io[0m[2m:[0m parsed 4 headers
[2m2025-12-10T10:15:12.613330Z[0m [34mDEBUG[0m [2mhyper::proto::h1::conn[0m[2m:[0m incoming body is content-length (644 bytes)
[2m2025-12-10T10:15:12.613358Z[0m [34mDEBUG[0m [2mhyper::proto::h1::conn[0m[2m:[0m incoming body completed
[2m2025-12-10T10:15:12.613437Z[0m [34mDEBUG[0m [2mhyper::client::pool[0m[2m:[0m pooling idle connection for ("http", 192.168.0.14:8545)
[2m2025-12-10T10:15:12.613454Z[0m [34mDEBUG[0m [2methereum_transaction_pool_monitor::eth_client[0m[2m:[0m 📡 Transaction fetch RPC completed in 430.903833ms
[2m2025-12-10T10:15:12.703804Z[0m [34mDEBUG[0m [2methereum_transaction_pool_monitor::eth_client[0m[2m:[0m 📨 Received WebSocket message: {"jsonrpc":"2.0","method":"eth_subscription","params":{"subscription":"0xbed0a0851463e895960a451075a301a9","result":"0x12e4b3f279edc320735839b53061fbeaceb22330b1a4d69aaa46ec1529bfb2fb"}}
[2m2025-12-10T10:15:12.713970Z[0m [34mDEBUG[0m [2methereum_transaction_pool_monitor::eth_client[0m[2m:[0m 📨 Received pending transaction: 0x12e4b3f279edc320735839b53061fbeaceb22330b1a4d69aaa46ec1529bfb2fb
[2m2025-12-10T10:15:12.713984Z[0m [34mDEBUG[0m [2methereum_transaction_pool_monitor::eth_client[0m[2m:[0m 📨 Received WebSocket message: {"jsonrpc":"2.0","method":"eth_subscription","params":{"subscription":"0xbed0a0851463e895960a451075a301a9","result":"0x700a5aecb0927b2b84680159b56ae29176f44acc59b6841ae75dd6be8c296a62"}}
[2m2025-12-10T10:15:12.713992Z[0m [34mDEBUG[0m [2methereum_transaction_pool_monitor::eth_client[0m[2m:[0m 📨 Received pending transaction: 0x700a5aecb0927b2b84680159b56ae29176f44acc59b6841ae75dd6be8c296a62
[2m2025-12-10T10:15:12.768568Z[0m [34mDEBUG[0m [2methereum_transaction_pool_monitor::eth_client[0m[2m:[0m ✅ Transaction 0xbc2a47c1203cd3b677cec90285e1f03ab7d910cfb040ad7972a0c86c45bb60e7 fetched and parsed in 586.004416ms
[2m2025-12-10T10:15:12.768640Z[0m [34mDEBUG[0m [2methereum_transaction_pool_monitor::mempool_monitor[0m[2m:[0m 🔍 Skipping tx 0xbc2a47c1203cd3b677cec90285e1f03ab7d910cfb040ad7972a0c86c45bb60e7 - not a DEX interaction (target: 0x17E5545B11b468072283Cee1F066a059Fb0dbF24)
[2m2025-12-10T10:15:12.768662Z[0m [34mDEBUG[0m [2methereum_transaction_pool_monitor::mempool_monitor[0m[2m:[0m 📨 Processing new pending transaction: 0x054bf8aa3e50707436f1133d216928760445903c56704c53f7869e1e11442fb3
[2m2025-12-10T10:15:12.768682Z[0m [34mDEBUG[0m [2methereum_transaction_pool_monitor::mempool_monitor[0m[2m:[0m 🔍 Fetching transaction details for: 0x054bf8aa3e50707436f1133d216928760445903c56704c53f7869e1e11442fb3
[2m2025-12-10T10:15:12.768703Z[0m [34mDEBUG[0m [2methereum_transaction_pool_monitor::eth_client[0m[2m:[0m 🔍 Fetching transaction details for hash: 0x054bf8aa3e50707436f1133d216928760445903c56704c53f7869e1e11442fb3
[2m2025-12-10T10:15:12.768775Z[0m [34mDEBUG[0m [2mhyper::client::pool[0m[2m:[0m reuse idle connection for ("http", 192.168.0.14:8545)
[2m2025-12-10T10:15:12.768900Z[0m [34mDEBUG[0m [2mhyper::proto::h1::io[0m[2m:[0m flushed 250 bytes
[2m2025-12-10T10:15:13.195287Z[0m [34mDEBUG[0m [2mhyper::proto::h1::io[0m[2m:[0m parsed 4 headers
[2m2025-12-10T10:15:13.195564Z[0m [34mDEBUG[0m [2mhyper::proto::h1::conn[0m[2m:[0m incoming body is content-length (45 bytes)
[2m2025-12-10T10:15:13.195596Z[0m [34mDEBUG[0m [2mhyper::proto::h1::conn[0m[2m:[0m incoming body completed
[2m2025-12-10T10:15:13.195632Z[0m [34mDEBUG[0m [2mhyper::client::pool[0m[2m:[0m pooling idle connection for ("http", 192.168.0.14:8545)
[2m2025-12-10T10:15:13.196101Z[0m [34mDEBUG[0m [2mhyper::client::pool[0m[2m:[0m reuse idle connection for ("http", 192.168.0.14:8545)
[2m2025-12-10T10:15:13.197554Z[0m [34mDEBUG[0m [2mhyper::proto::h1::io[0m[2m:[0m flushed 172 bytes
[2m2025-12-10T10:15:13.340857Z[0m [34mDEBUG[0m [2mhyper::proto::h1::io[0m[2m:[0m parsed 4 headers
[2m2025-12-10T10:15:13.340924Z[0m [34mDEBUG[0m [2mhyper::proto::h1::conn[0m[2m:[0m incoming body is content-length (681 bytes)
[2m2025-12-10T10:15:13.340951Z[0m [34mDEBUG[0m [2mhyper::proto::h1::conn[0m[2m:[0m incoming body completed
[2m2025-12-10T10:15:13.340989Z[0m [34mDEBUG[0m [2mhyper::client::pool[0m[2m:[0m pooling idle connection for ("http", 192.168.0.14:8545)
[2m2025-12-10T10:15:13.341008Z[0m [34mDEBUG[0m [2methereum_transaction_pool_monitor::eth_client[0m[2m:[0m 📡 Transaction fetch RPC completed in 572.273958ms
[2m2025-12-10T10:15:13.416625Z[0m [34mDEBUG[0m [2methereum_transaction_pool_monitor::eth_client[0m[2m:[0m ✅ Transaction 0x054bf8aa3e50707436f1133d216928760445903c56704c53f7869e1e11442fb3 fetched and parsed in 647.887625ms
[2m2025-12-10T10:15:13.416668Z[0m [34mDEBUG[0m [2methereum_transaction_pool_monitor::mempool_monitor[0m[2m:[0m 🔍 Skipping tx 0x054bf8aa3e50707436f1133d216928760445903c56704c53f7869e1e11442fb3 - not a DEX interaction (target: 0xA0b86991c6218b36c1d19D4a2e9Eb0cE3606eB48)
[2m2025-12-10T10:15:13.416680Z[0m [34mDEBUG[0m [2methereum_transaction_pool_monitor::mempool_monitor[0m[2m:[0m 📨 Processing new pending transaction: 0x77f8176443009c4c01f0ba1ac98093b61e8386f41443e35131617fea77abe386
[2m2025-12-10T10:15:13.416685Z[0m [34mDEBUG[0m [2methereum_transaction_pool_monitor::mempool_monitor[0m[2m:[0m 🔍 Fetching transaction details for: 0x77f8176443009c4c01f0ba1ac98093b61e8386f41443e35131617fea77abe386
[2m2025-12-10T10:15:13.416689Z[0m [34mDEBUG[0m [2methereum_transaction_pool_monitor::eth_client[0m[2m:[0m 🔍 Fetching transaction details for hash: 0x77f8176443009c4c01f0ba1ac98093b61e8386f41443e35131617fea77abe386
[2m2025-12-10T10:15:13.416713Z[0m [34mDEBUG[0m [2mhyper::client::pool[0m[2m:[0m reuse idle connection for ("http", 192.168.0.14:8545)
[2m2025-12-10T10:15:13.416782Z[0m [34mDEBUG[0m [2mhyper::proto::h1::io[0m[2m:[0m flushed 250 bytes
[2m2025-12-10T10:15:14.498455Z[0m [34mDEBUG[0m [2methereum_transaction_pool_monitor::eth_client[0m[2m:[0m 📨 Received WebSocket message: {"jsonrpc":"2.0","method":"eth_subscription","params":{"subscription":"0xbed0a0851463e895960a451075a301a9","result":"0x32d93dfa0f7b0942f87d63770325616c0b9e6fc97f4fea3281c3b55a8c4af4d9"}}
[2m2025-12-10T10:15:14.498494Z[0m [34mDEBUG[0m [2methereum_transaction_pool_monitor::eth_client[0m[2m:[0m 📨 Received pending transaction: 0x32d93dfa0f7b0942f87d63770325616c0b9e6fc97f4fea3281c3b55a8c4af4d9
[2m2025-12-10T10:15:14.498510Z[0m [34mDEBUG[0m [2methereum_transaction_pool_monitor::eth_client[0m[2m:[0m 📨 Received WebSocket message: {"jsonrpc":"2.0","method":"eth_subscription","params":{"subscription":"0xbed0a0851463e895960a451075a301a9","result":"0xa752f36d3359e3b01196da2499622ec73ef0237c8cbe4d045820cb24171b617c"}}
[2m2025-12-10T10:15:14.498650Z[0m [34mDEBUG[0m [2methereum_transaction_pool_monitor::eth_client[0m[2m:[0m 📨 Received pending transaction: 0xa752f36d3359e3b01196da2499622ec73ef0237c8cbe4d045820cb24171b617c
[2m2025-12-10T10:15:14.498784Z[0m [34mDEBUG[0m [2methereum_transaction_pool_monitor::eth_client[0m[2m:[0m 📨 Received WebSocket message: {"jsonrpc":"2.0","method":"eth_subscription","params":{"subscription":"0xbed0a0851463e895960a451075a301a9","result":"0xd60720b627a6f1c93830d5e3b7e2964bbf79190f6ef171b398448ab5735e0474"}}
[2m2025-12-10T10:15:14.498897Z[0m [34mDEBUG[0m [2methereum_transaction_pool_monitor::eth_client[0m[2m:[0m 📨 Received pending transaction: 0xd60720b627a6f1c93830d5e3b7e2964bbf79190f6ef171b398448ab5735e0474
[2m2025-12-10T10:15:14.498903Z[0m [34mDEBUG[0m [2methereum_transaction_pool_monitor::eth_client[0m[2m:[0m 📨 Received WebSocket message: {"jsonrpc":"2.0","method":"eth_subscription","params":{"subscription":"0xbed0a0851463e895960a451075a301a9","result":"0x0885e8ebc8d0d775ba9041e58b7c16742fa177019bf4c35e6111a6dccf8edc31"}}
[2m2025-12-10T10:15:14.498911Z[0m [34mDEBUG[0m [2methereum_transaction_pool_monitor::eth_client[0m[2m:[0m 📨 Received pending transaction: 0x0885e8ebc8d0d775ba9041e58b7c16742fa177019bf4c35e6111a6dccf8edc31
[2m2025-12-10T10:15:14.498916Z[0m [34mDEBUG[0m [2methereum_transaction_pool_monitor::eth_client[0m[2m:[0m 📨 Received WebSocket message: {"jsonrpc":"2.0","method":"eth_subscription","params":{"subscription":"0xbed0a0851463e895960a451075a301a9","result":"0x01cb57c5bc4343f9adaead243484ec12729976687bb95c2e7e4e8402ba62c387"}}
[2m2025-12-10T10:15:14.498921Z[0m [34mDEBUG[0m [2methereum_transaction_pool_monitor::eth_client[0m[2m:[0m 📨 Received pending transaction: 0x01cb57c5bc4343f9adaead243484ec12729976687bb95c2e7e4e8402ba62c387
[2m2025-12-10T10:15:14.610948Z[0m [34mDEBUG[0m [2methereum_transaction_pool_monitor::eth_client[0m[2m:[0m 📨 Received WebSocket message: {"jsonrpc":"2.0","method":"eth_subscription","params":{"subscription":"0xbed0a0851463e895960a451075a301a9","result":"0x04bf7508d712050b86d59ba0dd60ab4b4ca82215f273af918f83d1e442631d28"}}
[2m2025-12-10T10:15:14.711760Z[0m [34mDEBUG[0m [2methereum_transaction_pool_monitor::eth_client[0m[2m:[0m 📨 Received pending transaction: 0x04bf7508d712050b86d59ba0dd60ab4b4ca82215f273af918f83d1e442631d28
[2m2025-12-10T10:15:14.841061Z[0m [34mDEBUG[0m [2methereum_transaction_pool_monitor::eth_client[0m[2m:[0m 📨 Received WebSocket message: {"jsonrpc":"2.0","method":"eth_subscription","params":{"subscription":"0xbed0a0851463e895960a451075a301a9","result":"0x1de58ec1b9506fdfd9747f46cffd0a49697d4fb6c3e62441b3cdd5bd7737dfea"}}
[2m2025-12-10T10:15:14.841131Z[0m [34mDEBUG[0m [2methereum_transaction_pool_monitor::eth_client[0m[2m:[0m 📨 Received pending transaction: 0x1de58ec1b9506fdfd9747f46cffd0a49697d4fb6c3e62441b3cdd5bd7737dfea
[2m2025-12-10T10:15:14.841142Z[0m [34mDEBUG[0m [2methereum_transaction_pool_monitor::eth_client[0m[2m:[0m 📨 Received WebSocket message: {"jsonrpc":"2.0","method":"eth_subscription","params":{"subscription":"0xbed0a0851463e895960a451075a301a9","result":"0xaa6eab511efedcca2d2e008b1947c9e7ff88fd2f5bb659b67934b9e6b417f0d6"}}
[2m2025-12-10T10:15:14.841152Z[0m [34mDEBUG[0m [2methereum_transaction_pool_monitor::eth_client[0m[2m:[0m 📨 Received pending transaction: 0xaa6eab511efedcca2d2e008b1947c9e7ff88fd2f5bb659b67934b9e6b417f0d6
[2m2025-12-10T10:15:14.841158Z[0m [34mDEBUG[0m [2methereum_transaction_pool_monitor::eth_client[0m[2m:[0m 📨 Received WebSocket message: {"jsonrpc":"2.0","method":"eth_subscription","params":{"subscription":"0xbed0a0851463e895960a451075a301a9","result":"0x9a9c79ea9effd8cfde474b49f67dc9d6dde0f401ae6cedbbd260fac3ab200222"}}
[2m2025-12-10T10:15:14.841163Z[0m [34mDEBUG[0m [2methereum_transaction_pool_monitor::eth_client[0m[2m:[0m 📨 Received pending transaction: 0x9a9c79ea9effd8cfde474b49f67dc9d6dde0f401ae6cedbbd260fac3ab200222
[2m2025-12-10T10:15:14.841527Z[0m [34mDEBUG[0m [2methereum_transaction_pool_monitor::eth_client[0m[2m:[0m 📨 Received WebSocket message: {"jsonrpc":"2.0","method":"eth_subscription","params":{"subscription":"0xbed0a0851463e895960a451075a301a9","result":"0x1cca83a46ebe20e369126179ca33587c86eef5e9e6af642a8d37b5ad1f3b9cbb"}}
[2m2025-12-10T10:15:14.841626Z[0m [34mDEBUG[0m [2methereum_transaction_pool_monitor::eth_client[0m[2m:[0m 📨 Received pending transaction: 0x1cca83a46ebe20e369126179ca33587c86eef5e9e6af642a8d37b5ad1f3b9cbb
[2m2025-12-10T10:15:14.841255Z[0m [34mDEBUG[0m [2mhyper::proto::h1::io[0m[2m:[0m parsed 4 headers
[2m2025-12-10T10:15:14.841515Z[0m [34mDEBUG[0m [2mhyper::proto::h1::io[0m[2m:[0m parsed 4 headers
[2m2025-12-10T10:15:14.841965Z[0m [34mDEBUG[0m [2mhyper::proto::h1::conn[0m[2m:[0m incoming body is content-length (45 bytes)
[2m2025-12-10T10:15:14.841912Z[0m [34mDEBUG[0m [2mhyper::proto::h1::conn[0m[2m:[0m incoming body is content-length (647 bytes)
[2m2025-12-10T10:15:14.841890Z[0m [34mDEBUG[0m [2methereum_transaction_pool_monitor::eth_client[0m[2m:[0m 📨 Received WebSocket message: {"jsonrpc":"2.0","method":"eth_subscription","params":{"subscription":"0xbed0a0851463e895960a451075a301a9","result":"0x9ac3831fc44ffc359bfcee27fbacc844dc69875ce892bcaede6976250419205a"}}
[2m2025-12-10T10:15:14.842238Z[0m [34mDEBUG[0m [2methereum_transaction_pool_monitor::eth_client[0m[2m:[0m 📨 Received pending transaction: 0x9ac3831fc44ffc359bfcee27fbacc844dc69875ce892bcaede6976250419205a
[2m2025-12-10T10:15:14.842160Z[0m [34mDEBUG[0m [2mhyper::proto::h1::conn[0m[2m:[0m incoming body completed
[2m2025-12-10T10:15:14.842211Z[0m [34mDEBUG[0m [2mhyper::proto::h1::conn[0m[2m:[0m incoming body completed
[2m2025-12-10T10:15:14.842836Z[0m [34mDEBUG[0m [2mhyper::client::pool[0m[2m:[0m pooling idle connection for ("http", 192.168.0.14:8545)
[2m2025-12-10T10:15:14.842502Z[0m [34mDEBUG[0m [2mhyper::client::pool[0m[2m:[0m pooling idle connection for ("http", 192.168.0.14:8545)
[2m2025-12-10T10:15:14.843118Z[0m [34mDEBUG[0m [2mhyper::client::pool[0m[2m:[0m reuse idle connection for ("http", 192.168.0.14:8545)
[2m2025-12-10T10:15:14.842544Z[0m [34mDEBUG[0m [2methereum_transaction_pool_monitor::eth_client[0m[2m:[0m 📨 Received WebSocket message: {"jsonrpc":"2.0","method":"eth_subscription","params":{"subscription":"0xbed0a0851463e895960a451075a301a9","result":"0x79435d03836ded16a6baa153741633ae22690b332e37170c5303c088b543ab96"}}
[2m2025-12-10T10:15:14.843720Z[0m [34mDEBUG[0m [2methereum_transaction_pool_monitor::eth_client[0m[2m:[0m 📡 Transaction fetch RPC completed in 1.427013208s
[2m2025-12-10T10:15:14.843750Z[0m [34mDEBUG[0m [2methereum_transaction_pool_monitor::eth_client[0m[2m:[0m 📨 Received pending transaction: 0x79435d03836ded16a6baa153741633ae22690b332e37170c5303c088b543ab96
[2m2025-12-10T10:15:14.843754Z[0m [34mDEBUG[0m [2mhyper::proto::h1::io[0m[2m:[0m flushed 172 bytes
[2m2025-12-10T10:15:15.221986Z[0m [34mDEBUG[0m [2mhyper::proto::h1::io[0m[2m:[0m parsed 4 headers
[2m2025-12-10T10:15:15.609426Z[0m [34mDEBUG[0m [2mhyper::proto::h1::conn[0m[2m:[0m incoming body is content-length (45 bytes)
[2m2025-12-10T10:15:15.609499Z[0m [34mDEBUG[0m [2mhyper::proto::h1::conn[0m[2m:[0m incoming body completed
[2m2025-12-10T10:15:15.665335Z[0m [34mDEBUG[0m [2methereum_transaction_pool_monitor::eth_client[0m[2m:[0m ✅ Transaction 0x77f8176443009c4c01f0ba1ac98093b61e8386f41443e35131617fea77abe386 fetched and parsed in 2.248618292s
[2m2025-12-10T10:15:15.835298Z[0m [34mDEBUG[0m [2mhyper::client::pool[0m[2m:[0m pooling idle connection for ("http", 192.168.0.14:8545)
[2m2025-12-10T10:15:15.835298Z[0m [34mDEBUG[0m [2methereum_transaction_pool_monitor::mempool_monitor[0m[2m:[0m 🔍 Skipping tx 0x77f8176443009c4c01f0ba1ac98093b61e8386f41443e35131617fea77abe386 - not a DEX interaction (target: 0xaf8AEc2aE12Af2CF6248185eCe29CC7142C3dB41)
[2m2025-12-10T10:15:15.838088Z[0m [34mDEBUG[0m [2methereum_transaction_pool_monitor::mempool_monitor[0m[2m:[0m 📨 Processing new pending transaction: 0xd029532ba6f3b7feb681c2e35902d7192a0f9b65c428f00513772e18d62b53bd
[2m2025-12-10T10:15:15.838105Z[0m [34mDEBUG[0m [2methereum_transaction_pool_monitor::mempool_monitor[0m[2m:[0m 🔍 Fetching transaction details for: 0xd029532ba6f3b7feb681c2e35902d7192a0f9b65c428f00513772e18d62b53bd
[2m2025-12-10T10:15:15.838110Z[0m [34mDEBUG[0m [2methereum_transaction_pool_monitor::eth_client[0m[2m:[0m 🔍 Fetching transaction details for hash: 0xd029532ba6f3b7feb681c2e35902d7192a0f9b65c428f00513772e18d62b53bd
[2m2025-12-10T10:15:15.838172Z[0m [34mDEBUG[0m [2mhyper::client::pool[0m[2m:[0m reuse idle connection for ("http", 192.168.0.14:8545)
[2m2025-12-10T10:15:15.838311Z[0m [34mDEBUG[0m [2mhyper::client::pool[0m[2m:[0m reuse idle connection for ("http", 192.168.0.14:8545)
[2m2025-12-10T10:15:15.838804Z[0m [34mDEBUG[0m [2mhyper::proto::h1::io[0m[2m:[0m flushed 172 bytes
[2m2025-12-10T10:15:15.838906Z[0m [34mDEBUG[0m [2mhyper::proto::h1::io[0m[2m:[0m flushed 250 bytes
[2m2025-12-10T10:15:19.723172Z[0m [34mDEBUG[0m [2mhyper::proto::h1::io[0m[2m:[0m parsed 4 headers
[2m2025-12-10T10:15:19.723249Z[0m [34mDEBUG[0m [2mhyper::proto::h1::conn[0m[2m:[0m incoming body is content-length (45 bytes)
[2m2025-12-10T10:15:19.723293Z[0m [34mDEBUG[0m [2mhyper::proto::h1::conn[0m[2m:[0m incoming body completed
[2m2025-12-10T10:15:19.723348Z[0m [34mDEBUG[0m [2mhyper::client::pool[0m[2m:[0m pooling idle connection for ("http", 192.168.0.14:8545)
[2m2025-12-10T10:15:19.723443Z[0m [34mDEBUG[0m [2mhyper::client::pool[0m[2m:[0m reuse idle connection for ("http", 192.168.0.14:8545)
[2m2025-12-10T10:15:19.723502Z[0m [34mDEBUG[0m [2mhyper::proto::h1::io[0m[2m:[0m flushed 172 bytes
[2m2025-12-10T10:15:19.950067Z[0m [34mDEBUG[0m [2mhyper::proto::h1::io[0m[2m:[0m parsed 4 headers
[2m2025-12-10T10:15:19.950118Z[0m [34mDEBUG[0m [2mhyper::proto::h1::conn[0m[2m:[0m incoming body is content-length (45 bytes)
[2m2025-12-10T10:15:19.950138Z[0m [34mDEBUG[0m [2mhyper::proto::h1::conn[0m[2m:[0m incoming body completed
[2m2025-12-10T10:15:19.950162Z[0m [34mDEBUG[0m [2mhyper::client::pool[0m[2m:[0m pooling idle connection for ("http", 192.168.0.14:8545)
[2m2025-12-10T10:15:19.950234Z[0m [34mDEBUG[0m [2mhyper::client::pool[0m[2m:[0m reuse idle connection for ("http", 192.168.0.14:8545)
[2m2025-12-10T10:15:19.950299Z[0m [34mDEBUG[0m [2mhyper::proto::h1::io[0m[2m:[0m flushed 172 bytes
[2m2025-12-10T10:15:20.095211Z[0m [34mDEBUG[0m [2mhyper::proto::h1::io[0m[2m:[0m parsed 4 headers
[2m2025-12-10T10:15:20.096331Z[0m [34mDEBUG[0m [2mhyper::proto::h1::conn[0m[2m:[0m incoming body is content-length (45 bytes)
[2m2025-12-10T10:15:20.096350Z[0m [34mDEBUG[0m [2mhyper::proto::h1::conn[0m[2m:[0m incoming body completed
[2m2025-12-10T10:15:20.096371Z[0m [34mDEBUG[0m [2mhyper::client::pool[0m[2m:[0m pooling idle connection for ("http", 192.168.0.14:8545)
[2m2025-12-10T10:15:20.096431Z[0m [34mDEBUG[0m [2mhyper::client::pool[0m[2m:[0m reuse idle connection for ("http", 192.168.0.14:8545)
[2m2025-12-10T10:15:20.096468Z[0m [34mDEBUG[0m [2mhyper::proto::h1::io[0m[2m:[0m flushed 172 bytes
[2m2025-12-10T10:15:20.104168Z[0m [34mDEBUG[0m [2mhyper::proto::h1::io[0m[2m:[0m parsed 4 headers
[2m2025-12-10T10:15:20.104184Z[0m [34mDEBUG[0m [2mhyper::proto::h1::conn[0m[2m:[0m incoming body is content-length (45 bytes)
[2m2025-12-10T10:15:20.104193Z[0m [34mDEBUG[0m [2mhyper::proto::h1::conn[0m[2m:[0m incoming body completed
[2m2025-12-10T10:15:20.104205Z[0m [34mDEBUG[0m [2mhyper::client::pool[0m[2m:[0m pooling idle connection for ("http", 192.168.0.14:8545)
[2m2025-12-10T10:15:20.104232Z[0m [34mDEBUG[0m [2mhyper::client::pool[0m[2m:[0m reuse idle connection for ("http", 192.168.0.14:8545)
[2m2025-12-10T10:15:20.104278Z[0m [34mDEBUG[0m [2mhyper::proto::h1::io[0m[2m:[0m flushed 172 bytes
[2m2025-12-10T10:15:20.122166Z[0m [34mDEBUG[0m [2mhyper::proto::h1::io[0m[2m:[0m parsed 4 headers
[2m2025-12-10T10:15:20.124557Z[0m [34mDEBUG[0m [2mhyper::proto::h1::conn[0m[2m:[0m incoming body is content-length (45 bytes)
[2m2025-12-10T10:15:20.124569Z[0m [34mDEBUG[0m [2mhyper::proto::h1::conn[0m[2m:[0m incoming body completed
[2m2025-12-10T10:15:20.124584Z[0m [34mDEBUG[0m [2mhyper::client::pool[0m[2m:[0m pooling idle connection for ("http", 192.168.0.14:8545)
[2m2025-12-10T10:15:20.124616Z[0m [34mDEBUG[0m [2mhyper::client::pool[0m[2m:[0m reuse idle connection for ("http", 192.168.0.14:8545)
[2m2025-12-10T10:15:20.124654Z[0m [34mDEBUG[0m [2mhyper::proto::h1::io[0m[2m:[0m flushed 172 bytes
[2m2025-12-10T10:15:20.128188Z[0m [34mDEBUG[0m [2mhyper::proto::h1::io[0m[2m:[0m parsed 4 headers
[2m2025-12-10T10:15:20.128195Z[0m [34mDEBUG[0m [2mhyper::proto::h1::conn[0m[2m:[0m incoming body is content-length (45 bytes)
[2m2025-12-10T10:15:20.128201Z[0m [34mDEBUG[0m [2mhyper::proto::h1::conn[0m[2m:[0m incoming body completed
[2m2025-12-10T10:15:20.128208Z[0m [34mDEBUG[0m [2mhyper::client::pool[0m[2m:[0m pooling idle connection for ("http", 192.168.0.14:8545)
[2m2025-12-10T10:15:20.128225Z[0m [34mDEBUG[0m [2mhyper::client::pool[0m[2m:[0m reuse idle connection for ("http", 192.168.0.14:8545)
[2m2025-12-10T10:15:20.128244Z[0m [34mDEBUG[0m [2mhyper::proto::h1::io[0m[2m:[0m flushed 172 bytes
[2m2025-12-10T10:15:20.132831Z[0m [34mDEBUG[0m [2mhyper::proto::h1::io[0m[2m:[0m parsed 4 headers
[2m2025-12-10T10:15:20.132846Z[0m [34mDEBUG[0m [2mhyper::proto::h1::conn[0m[2m:[0m incoming body is content-length (45 bytes)
[2m2025-12-10T10:15:20.132855Z[0m [34mDEBUG[0m [2mhyper::proto::h1::conn[0m[2m:[0m incoming body completed
[2m2025-12-10T10:15:20.132866Z[0m [34mDEBUG[0m [2mhyper::client::pool[0m[2m:[0m pooling idle connection for ("http", 192.168.0.14:8545)
[2m2025-12-10T10:15:20.132895Z[0m [34mDEBUG[0m [2mhyper::client::pool[0m[2m:[0m reuse idle connection for ("http", 192.168.0.14:8545)
[2m2025-12-10T10:15:20.132928Z[0m [34mDEBUG[0m [2mhyper::proto::h1::io[0m[2m:[0m flushed 172 bytes
[2m2025-12-10T10:15:20.137791Z[0m [34mDEBUG[0m [2mhyper::proto::h1::io[0m[2m:[0m parsed 4 headers
[2m2025-12-10T10:15:20.137799Z[0m [34mDEBUG[0m [2mhyper::proto::h1::conn[0m[2m:[0m incoming body is content-length (45 bytes)
[2m2025-12-10T10:15:20.137805Z[0m [34mDEBUG[0m [2mhyper::proto::h1::conn[0m[2m:[0m incoming body completed
[2m2025-12-10T10:15:20.137812Z[0m [34mDEBUG[0m [2mhyper::client::pool[0m[2m:[0m pooling idle connection for ("http", 192.168.0.14:8545)
[2m2025-12-10T10:15:20.137827Z[0m [34mDEBUG[0m [2mhyper::client::pool[0m[2m:[0m reuse idle connection for ("http", 192.168.0.14:8545)
[2m2025-12-10T10:15:20.137845Z[0m [34mDEBUG[0m [2mhyper::proto::h1::io[0m[2m:[0m flushed 172 bytes
[2m2025-12-10T10:15:20.142091Z[0m [34mDEBUG[0m [2mhyper::proto::h1::io[0m[2m:[0m parsed 4 headers
[2m2025-12-10T10:15:20.142099Z[0m [34mDEBUG[0m [2mhyper::proto::h1::conn[0m[2m:[0m incoming body is content-length (45 bytes)
[2m2025-12-10T10:15:20.142104Z[0m [34mDEBUG[0m [2mhyper::proto::h1::conn[0m[2m:[0m incoming body completed
[2m2025-12-10T10:15:20.142110Z[0m [34mDEBUG[0m [2mhyper::client::pool[0m[2m:[0m pooling idle connection for ("http", 192.168.0.14:8545)
[2m2025-12-10T10:15:20.142123Z[0m [34mDEBUG[0m [2mhyper::client::pool[0m[2m:[0m reuse idle connection for ("http", 192.168.0.14:8545)
[2m2025-12-10T10:15:20.142138Z[0m [34mDEBUG[0m [2mhyper::proto::h1::io[0m[2m:[0m flushed 172 bytes
[2m2025-12-10T10:15:20.150116Z[0m [34mDEBUG[0m [2mhyper::proto::h1::io[0m[2m:[0m parsed 4 headers
[2m2025-12-10T10:15:20.150138Z[0m [34mDEBUG[0m [2mhyper::proto::h1::conn[0m[2m:[0m incoming body is content-length (45 bytes)
[2m2025-12-10T10:15:20.150146Z[0m [34mDEBUG[0m [2mhyper::proto::h1::conn[0m[2m:[0m incoming body completed
[2m2025-12-10T10:15:20.150156Z[0m [34mDEBUG[0m [2mhyper::client::pool[0m[2m:[0m pooling idle connection for ("http", 192.168.0.14:8545)
[2m2025-12-10T10:15:20.150178Z[0m [34mDEBUG[0m [2mhyper::client::pool[0m[2m:[0m reuse idle connection for ("http", 192.168.0.14:8545)
[2m2025-12-10T10:15:20.150207Z[0m [34mDEBUG[0m [2mhyper::proto::h1::io[0m[2m:[0m flushed 172 bytes
[2m2025-12-10T10:15:20.154136Z[0m [34mDEBUG[0m [2mhyper::proto::h1::io[0m[2m:[0m parsed 4 headers
[2m2025-12-10T10:15:20.154144Z[0m [34mDEBUG[0m [2mhyper::proto::h1::conn[0m[2m:[0m incoming body is content-length (45 bytes)
[2m2025-12-10T10:15:20.154150Z[0m [34mDEBUG[0m [2mhyper::proto::h1::conn[0m[2m:[0m incoming body completed
[2m2025-12-10T10:15:20.154156Z[0m [34mDEBUG[0m [2mhyper::client::pool[0m[2m:[0m pooling idle connection for ("http", 192.168.0.14:8545)
[2m2025-12-10T10:15:20.154172Z[0m [34mDEBUG[0m [2mhyper::client::pool[0m[2m:[0m reuse idle connection for ("http", 192.168.0.14:8545)
[2m2025-12-10T10:15:20.154191Z[0m [34mDEBUG[0m [2mhyper::proto::h1::io[0m[2m:[0m flushed 172 bytes
[2m2025-12-10T10:15:20.159773Z[0m [34mDEBUG[0m [2mhyper::proto::h1::io[0m[2m:[0m parsed 4 headers
[2m2025-12-10T10:15:20.159792Z[0m [34mDEBUG[0m [2mhyper::proto::h1::conn[0m[2m:[0m incoming body is content-length (45 bytes)
[2m2025-12-10T10:15:20.159799Z[0m [34mDEBUG[0m [2mhyper::proto::h1::conn[0m[2m:[0m incoming body completed
[2m2025-12-10T10:15:20.159808Z[0m [34mDEBUG[0m [2mhyper::client::pool[0m[2m:[0m pooling idle connection for ("http", 192.168.0.14:8545)
[2m2025-12-10T10:15:20.159830Z[0m [34mDEBUG[0m [2mhyper::client::pool[0m[2m:[0m reuse idle connection for ("http", 192.168.0.14:8545)
[2m2025-12-10T10:15:20.159854Z[0m [34mDEBUG[0m [2mhyper::proto::h1::io[0m[2m:[0m flushed 172 bytes
[2m2025-12-10T10:15:20.168669Z[0m [34mDEBUG[0m [2mhyper::proto::h1::io[0m[2m:[0m parsed 4 headers
[2m2025-12-10T10:15:20.168682Z[0m [34mDEBUG[0m [2mhyper::proto::h1::conn[0m[2m:[0m incoming body is content-length (45 bytes)
[2m2025-12-10T10:15:20.168690Z[0m [34mDEBUG[0m [2mhyper::proto::h1::conn[0m[2m:[0m incoming body completed
[2m2025-12-10T10:15:20.168701Z[0m [34mDEBUG[0m [2mhyper::client::pool[0m[2m:[0m pooling idle connection for ("http", 192.168.0.14:8545)
[2m2025-12-10T10:15:20.168726Z[0m [34mDEBUG[0m [2mhyper::client::pool[0m[2m:[0m reuse idle connection for ("http", 192.168.0.14:8545)
[2m2025-12-10T10:15:20.168747Z[0m [34mDEBUG[0m [2mhyper::proto::h1::io[0m[2m:[0m flushed 172 bytes
[2m2025-12-10T10:15:20.184358Z[0m [34mDEBUG[0m [2mhyper::proto::h1::io[0m[2m:[0m parsed 4 headers
[2m2025-12-10T10:15:20.184369Z[0m [34mDEBUG[0m [2mhyper::proto::h1::conn[0m[2m:[0m incoming body is content-length (45 bytes)
[2m2025-12-10T10:15:20.184376Z[0m [34mDEBUG[0m [2mhyper::proto::h1::conn[0m[2m:[0m incoming body completed
[2m2025-12-10T10:15:20.184385Z[0m [34mDEBUG[0m [2mhyper::client::pool[0m[2m:[0m pooling idle connection for ("http", 192.168.0.14:8545)
[2m2025-12-10T10:15:20.184403Z[0m [34mDEBUG[0m [2mhyper::client::pool[0m[2m:[0m reuse idle connection for ("http", 192.168.0.14:8545)
[2m2025-12-10T10:15:20.184423Z[0m [34mDEBUG[0m [2mhyper::proto::h1::io[0m[2m:[0m flushed 172 bytes
[2m2025-12-10T10:15:20.199060Z[0m [34mDEBUG[0m [2mhyper::proto::h1::io[0m[2m:[0m parsed 4 headers
[2m2025-12-10T10:15:20.199084Z[0m [34mDEBUG[0m [2mhyper::proto::h1::conn[0m[2m:[0m incoming body is content-length (45 bytes)
[2m2025-12-10T10:15:20.199097Z[0m [34mDEBUG[0m [2mhyper::proto::h1::conn[0m[2m:[0m incoming body completed
[2m2025-12-10T10:15:20.199111Z[0m [34mDEBUG[0m [2mhyper::client::pool[0m[2m:[0m pooling idle connection for ("http", 192.168.0.14:8545)
[2m2025-12-10T10:15:20.199144Z[0m [34mDEBUG[0m [2mhyper::client::pool[0m[2m:[0m reuse idle connection for ("http", 192.168.0.14:8545)
[2m2025-12-10T10:15:20.199172Z[0m [34mDEBUG[0m [2mhyper::proto::h1::io[0m[2m:[0m flushed 172 bytes
[2m2025-12-10T10:15:20.209491Z[0m [34mDEBUG[0m [2mhyper::proto::h1::io[0m[2m:[0m parsed 4 headers
[2m2025-12-10T10:15:20.209528Z[0m [34mDEBUG[0m [2mhyper::proto::h1::conn[0m[2m:[0m incoming body is content-length (45 bytes)
[2m2025-12-10T10:15:20.209539Z[0m [34mDEBUG[0m [2mhyper::proto::h1::conn[0m[2m:[0m incoming body completed
[2m2025-12-10T10:15:20.209554Z[0m [34mDEBUG[0m [2mhyper::client::pool[0m[2m:[0m pooling idle connection for ("http", 192.168.0.14:8545)
[2m2025-12-10T10:15:20.209590Z[0m [34mDEBUG[0m [2mhyper::client::pool[0m[2m:[0m reuse idle connection for ("http", 192.168.0.14:8545)
[2m2025-12-10T10:15:20.209635Z[0m [34mDEBUG[0m [2mhyper::proto::h1::io[0m[2m:[0m flushed 172 bytes
[2m2025-12-10T10:15:20.222404Z[0m [34mDEBUG[0m [2mhyper::proto::h1::io[0m[2m:[0m parsed 4 headers
[2m2025-12-10T10:15:20.222424Z[0m [34mDEBUG[0m [2mhyper::proto::h1::conn[0m[2m:[0m incoming body is content-length (45 bytes)
[2m2025-12-10T10:15:20.222433Z[0m [34mDEBUG[0m [2mhyper::proto::h1::conn[0m[2m:[0m incoming body completed
[2m2025-12-10T10:15:20.222445Z[0m [34mDEBUG[0m [2mhyper::client::pool[0m[2m:[0m pooling idle connection for ("http", 192.168.0.14:8545)
[2m2025-12-10T10:15:20.222474Z[0m [34mDEBUG[0m [2mhyper::client::pool[0m[2m:[0m reuse idle connection for ("http", 192.168.0.14:8545)
[2m2025-12-10T10:15:20.222511Z[0m [34mDEBUG[0m [2mhyper::proto::h1::io[0m[2m:[0m flushed 172 bytes
[2m2025-12-10T10:15:20.226551Z[0m [34mDEBUG[0m [2mhyper::proto::h1::io[0m[2m:[0m parsed 4 headers
[2m2025-12-10T10:15:20.226579Z[0m [34mDEBUG[0m [2mhyper::proto::h1::conn[0m[2m:[0m incoming body is content-length (45 bytes)
[2m2025-12-10T10:15:20.226589Z[0m [34mDEBUG[0m [2mhyper::proto::h1::conn[0m[2m:[0m incoming body completed
[2m2025-12-10T10:15:20.226601Z[0m [34mDEBUG[0m [2mhyper::client::pool[0m[2m:[0m pooling idle connection for ("http", 192.168.0.14:8545)
[2m2025-12-10T10:15:20.226629Z[0m [34mDEBUG[0m [2mhyper::client::pool[0m[2m:[0m reuse idle connection for ("http", 192.168.0.14:8545)
[2m2025-12-10T10:15:20.226673Z[0m [34mDEBUG[0m [2mhyper::proto::h1::io[0m[2m:[0m flushed 172 bytes
[2m2025-12-10T10:15:20.236762Z[0m [34mDEBUG[0m [2mhyper::proto::h1::io[0m[2m:[0m parsed 4 headers
[2m2025-12-10T10:15:20.236782Z[0m [34mDEBUG[0m [2mhyper::proto::h1::conn[0m[2m:[0m incoming body is content-length (45 bytes)
[2m2025-12-10T10:15:20.236792Z[0m [34mDEBUG[0m [2mhyper::proto::h1::conn[0m[2m:[0m incoming body completed
[2m2025-12-10T10:15:20.236801Z[0m [34mDEBUG[0m [2mhyper::client::pool[0m[2m:[0m pooling idle connection for ("http", 192.168.0.14:8545)
[2m2025-12-10T10:15:20.236821Z[0m [34mDEBUG[0m [2mhyper::client::pool[0m[2m:[0m reuse idle connection for ("http", 192.168.0.14:8545)
[2m2025-12-10T10:15:20.236852Z[0m [34mDEBUG[0m [2mhyper::proto::h1::io[0m[2m:[0m flushed 172 bytes
[2m2025-12-10T10:15:20.252371Z[0m [34mDEBUG[0m [2mhyper::proto::h1::io[0m[2m:[0m parsed 4 headers
[2m2025-12-10T10:15:20.252384Z[0m [34mDEBUG[0m [2mhyper::proto::h1::conn[0m[2m:[0m incoming body is content-length (45 bytes)
[2m2025-12-10T10:15:20.252391Z[0m [34mDEBUG[0m [2mhyper::proto::h1::conn[0m[2m:[0m incoming body completed
[2m2025-12-10T10:15:20.252400Z[0m [34mDEBUG[0m [2mhyper::client::pool[0m[2m:[0m pooling idle connection for ("http", 192.168.0.14:8545)
[2m2025-12-10T10:15:20.252422Z[0m [34mDEBUG[0m [2mhyper::client::pool[0m[2m:[0m reuse idle connection for ("http", 192.168.0.14:8545)
[2m2025-12-10T10:15:20.252440Z[0m [34mDEBUG[0m [2mhyper::proto::h1::io[0m[2m:[0m flushed 172 bytes
[2m2025-12-10T10:15:20.259535Z[0m [34mDEBUG[0m [2mhyper::proto::h1::io[0m[2m:[0m parsed 4 headers
[2m2025-12-10T10:15:20.259546Z[0m [34mDEBUG[0m [2mhyper::proto::h1::conn[0m[2m:[0m incoming body is content-length (45 bytes)
[2m2025-12-10T10:15:20.259552Z[0m [34mDEBUG[0m [2mhyper::proto::h1::conn[0m[2m:[0m incoming body completed
[2m2025-12-10T10:15:20.259841Z[0m [34mDEBUG[0m [2mhyper::client::pool[0m[2m:[0m pooling idle connection for ("http", 192.168.0.14:8545)
[2m2025-12-10T10:15:20.259861Z[0m [34mDEBUG[0m [2mhyper::client::pool[0m[2m:[0m reuse idle connection for ("http", 192.168.0.14:8545)
[2m2025-12-10T10:15:20.259885Z[0m [34mDEBUG[0m [2mhyper::proto::h1::io[0m[2m:[0m flushed 172 bytes
[2m2025-12-10T10:15:20.275330Z[0m [34mDEBUG[0m [2mhyper::proto::h1::io[0m[2m:[0m parsed 4 headers
[2m2025-12-10T10:15:20.275385Z[0m [34mDEBUG[0m [2mhyper::proto::h1::conn[0m[2m:[0m incoming body is content-length (45 bytes)
[2m2025-12-10T10:15:20.275438Z[0m [34mDEBUG[0m [2mhyper::proto::h1::conn[0m[2m:[0m incoming body completed
[2m2025-12-10T10:15:20.275489Z[0m [34mDEBUG[0m [2mhyper::client::pool[0m[2m:[0m pooling idle connection for ("http", 192.168.0.14:8545)
[2m2025-12-10T10:15:20.275572Z[0m [34mDEBUG[0m [2mhyper::client::pool[0m[2m:[0m reuse idle connection for ("http", 192.168.0.14:8545)
[2m2025-12-10T10:15:20.275727Z[0m [34mDEBUG[0m [2mhyper::proto::h1::io[0m[2m:[0m flushed 172 bytes
[2m2025-12-10T10:15:20.281239Z[0m [34mDEBUG[0m [2mhyper::proto::h1::io[0m[2m:[0m parsed 4 headers
[2m2025-12-10T10:15:20.281286Z[0m [34mDEBUG[0m [2mhyper::proto::h1::conn[0m[2m:[0m incoming body is content-length (45 bytes)
[2m2025-12-10T10:15:20.281310Z[0m [34mDEBUG[0m [2mhyper::proto::h1::conn[0m[2m:[0m incoming body completed
[2m2025-12-10T10:15:20.281336Z[0m [34mDEBUG[0m [2mhyper::client::pool[0m[2m:[0m pooling idle connection for ("http", 192.168.0.14:8545)
[2m2025-12-10T10:15:20.281392Z[0m [34mDEBUG[0m [2mhyper::client::pool[0m[2m:[0m reuse idle connection for ("http", 192.168.0.14:8545)
[2m2025-12-10T10:15:20.281456Z[0m [34mDEBUG[0m [2mhyper::proto::h1::io[0m[2m:[0m flushed 172 bytes
[2m2025-12-10T10:15:20.283345Z[0m [34mDEBUG[0m [2mhyper::proto::h1::io[0m[2m:[0m parsed 4 headers
[2m2025-12-10T10:15:20.283369Z[0m [34mDEBUG[0m [2mhyper::proto::h1::conn[0m[2m:[0m incoming body is content-length (4292 bytes)
[2m2025-12-10T10:15:20.283381Z[0m [34mDEBUG[0m [2mhyper::proto::h1::conn[0m[2m:[0m incoming body completed
[2m2025-12-10T10:15:20.283397Z[0m [34mDEBUG[0m [2mhyper::client::pool[0m[2m:[0m pooling idle connection for ("http", 192.168.0.14:8545)
[2m2025-12-10T10:15:20.283407Z[0m [34mDEBUG[0m [2methereum_transaction_pool_monitor::eth_client[0m[2m:[0m 📡 Transaction fetch RPC completed in 4.445241917s
[2m2025-12-10T10:15:20.366866Z[0m [34mDEBUG[0m [2methereum_transaction_pool_monitor::eth_client[0m[2m:[0m ✅ Transaction 0xd029532ba6f3b7feb681c2e35902d7192a0f9b65c428f00513772e18d62b53bd fetched and parsed in 4.528696917s
[2m2025-12-10T10:15:20.366897Z[0m [34mDEBUG[0m [2methereum_transaction_pool_monitor::mempool_monitor[0m[2m:[0m 🔍 Skipping tx 0xd029532ba6f3b7feb681c2e35902d7192a0f9b65c428f00513772e18d62b53bd - not a DEX interaction (target: 0xF6801D319497789f934ec7F83E142a9536312B08)
[2m2025-12-10T10:15:20.366911Z[0m [34mDEBUG[0m [2methereum_transaction_pool_monitor::mempool_monitor[0m[2m:[0m 📨 Processing new pending transaction: 0xfc8871141d897675674be53711bbae3d64d785b14cbb1c07f7fc5cf90a0ce402
[2m2025-12-10T10:15:20.366916Z[0m [34mDEBUG[0m [2methereum_transaction_pool_monitor::mempool_monitor[0m[2m:[0m 🔍 Fetching transaction details for: 0xfc8871141d897675674be53711bbae3d64d785b14cbb1c07f7fc5cf90a0ce402
[2m2025-12-10T10:15:20.366920Z[0m [34mDEBUG[0m [2methereum_transaction_pool_monitor::eth_client[0m[2m:[0m 🔍 Fetching transaction details for hash: 0xfc8871141d897675674be53711bbae3d64d785b14cbb1c07f7fc5cf90a0ce402
[2m2025-12-10T10:15:20.366941Z[0m [34mDEBUG[0m [2mhyper::client::pool[0m[2m:[0m reuse idle connection for ("http", 192.168.0.14:8545)
[2m2025-12-10T10:15:20.366976Z[0m [34mDEBUG[0m [2mhyper::proto::h1::io[0m[2m:[0m flushed 250 bytes
[2m2025-12-10T10:15:20.366993Z[0m [34mDEBUG[0m [2mhyper::proto::h1::io[0m[2m:[0m parsed 4 headers
[2m2025-12-10T10:15:20.367000Z[0m [34mDEBUG[0m [2mhyper::proto::h1::conn[0m[2m:[0m incoming body is content-length (45 bytes)
[2m2025-12-10T10:15:20.367010Z[0m [34mDEBUG[0m [2mhyper::proto::h1::conn[0m[2m:[0m incoming body completed
[2m2025-12-10T10:15:20.367021Z[0m [34mDEBUG[0m [2mhyper::client::pool[0m[2m:[0m pooling idle connection for ("http", 192.168.0.14:8545)
[2m2025-12-10T10:15:20.367037Z[0m [34mDEBUG[0m [2mhyper::client::pool[0m[2m:[0m reuse idle connection for ("http", 192.168.0.14:8545)
[2m2025-12-10T10:15:20.367053Z[0m [34mDEBUG[0m [2mhyper::proto::h1::io[0m[2m:[0m flushed 172 bytes
[2m2025-12-10T10:15:20.372223Z[0m [34mDEBUG[0m [2mhyper::proto::h1::io[0m[2m:[0m parsed 4 headers
[2m2025-12-10T10:15:20.372238Z[0m [34mDEBUG[0m [2mhyper::proto::h1::conn[0m[2m:[0m incoming body is content-length (45 bytes)
[2m2025-12-10T10:15:20.372245Z[0m [34mDEBUG[0m [2mhyper::proto::h1::conn[0m[2m:[0m incoming body completed
[2m2025-12-10T10:15:20.372254Z[0m [34mDEBUG[0m [2mhyper::client::pool[0m[2m:[0m pooling idle connection for ("http", 192.168.0.14:8545)
[2m2025-12-10T10:15:20.372273Z[0m [34mDEBUG[0m [2mhyper::client::pool[0m[2m:[0m reuse idle connection for ("http", 192.168.0.14:8545)
[2m2025-12-10T10:15:20.372300Z[0m [34mDEBUG[0m [2mhyper::proto::h1::io[0m[2m:[0m flushed 172 bytes
[2m2025-12-10T10:15:20.378122Z[0m [34mDEBUG[0m [2mhyper::proto::h1::io[0m[2m:[0m parsed 4 headers
[2m2025-12-10T10:15:20.378170Z[0m [34mDEBUG[0m [2mhyper::proto::h1::conn[0m[2m:[0m incoming body is content-length (45 bytes)
[2m2025-12-10T10:15:20.378201Z[0m [34mDEBUG[0m [2mhyper::proto::h1::conn[0m[2m:[0m incoming body completed
[2m2025-12-10T10:15:20.378247Z[0m [34mDEBUG[0m [2mhyper::client::pool[0m[2m:[0m pooling idle connection for ("http", 192.168.0.14:8545)
[2m2025-12-10T10:15:20.378290Z[0m [34mDEBUG[0m [2mhyper::client::pool[0m[2m:[0m reuse idle connection for ("http", 192.168.0.14:8545)
[2m2025-12-10T10:15:20.378350Z[0m [34mDEBUG[0m [2mhyper::proto::h1::io[0m[2m:[0m flushed 172 bytes
[2m2025-12-10T10:15:20.382524Z[0m [34mDEBUG[0m [2mhyper::proto::h1::io[0m[2m:[0m parsed 4 headers
[2m2025-12-10T10:15:20.382576Z[0m [34mDEBUG[0m [2mhyper::proto::h1::conn[0m[2m:[0m incoming body is content-length (45 bytes)
[2m2025-12-10T10:15:20.382600Z[0m [34mDEBUG[0m [2mhyper::proto::h1::conn[0m[2m:[0m incoming body completed
[2m2025-12-10T10:15:20.382626Z[0m [34mDEBUG[0m [2mhyper::client::pool[0m[2m:[0m pooling idle connection for ("http", 192.168.0.14:8545)
[2m2025-12-10T10:15:20.382682Z[0m [34mDEBUG[0m [2mhyper::client::pool[0m[2m:[0m reuse idle connection for ("http", 192.168.0.14:8545)
[2m2025-12-10T10:15:20.382764Z[0m [34mDEBUG[0m [2mhyper::proto::h1::io[0m[2m:[0m flushed 172 bytes
[2m2025-12-10T10:15:20.386122Z[0m [34mDEBUG[0m [2mhyper::proto::h1::io[0m[2m:[0m parsed 4 headers
[2m2025-12-10T10:15:20.386164Z[0m [34mDEBUG[0m [2mhyper::proto::h1::conn[0m[2m:[0m incoming body is content-length (45 bytes)
[2m2025-12-10T10:15:20.386191Z[0m [34mDEBUG[0m [2mhyper::proto::h1::conn[0m[2m:[0m incoming body completed
[2m2025-12-10T10:15:20.386217Z[0m [34mDEBUG[0m [2mhyper::client::pool[0m[2m:[0m pooling idle connection for ("http", 192.168.0.14:8545)
[2m2025-12-10T10:15:20.386270Z[0m [34mDEBUG[0m [2mhyper::client::pool[0m[2m:[0m reuse idle connection for ("http", 192.168.0.14:8545)
[2m2025-12-10T10:15:20.386331Z[0m [34mDEBUG[0m [2mhyper::proto::h1::io[0m[2m:[0m flushed 172 bytes
[2m2025-12-10T10:15:20.391851Z[0m [34mDEBUG[0m [2mhyper::proto::h1::io[0m[2m:[0m parsed 4 headers
[2m2025-12-10T10:15:20.391868Z[0m [34mDEBUG[0m [2mhyper::proto::h1::conn[0m[2m:[0m incoming body is content-length (45 bytes)
[2m2025-12-10T10:15:20.391878Z[0m [34mDEBUG[0m [2mhyper::proto::h1::conn[0m[2m:[0m incoming body completed
[2m2025-12-10T10:15:20.391888Z[0m [34mDEBUG[0m [2mhyper::client::pool[0m[2m:[0m pooling idle connection for ("http", 192.168.0.14:8545)
[2m2025-12-10T10:15:20.391914Z[0m [34mDEBUG[0m [2mhyper::client::pool[0m[2m:[0m reuse idle connection for ("http", 192.168.0.14:8545)
[2m2025-12-10T10:15:20.391952Z[0m [34mDEBUG[0m [2mhyper::proto::h1::io[0m[2m:[0m flushed 172 bytes
[2m2025-12-10T10:15:20.395792Z[0m [34mDEBUG[0m [2mhyper::proto::h1::io[0m[2m:[0m parsed 4 headers
[2m2025-12-10T10:15:20.395840Z[0m [34mDEBUG[0m [2mhyper::proto::h1::conn[0m[2m:[0m incoming body is content-length (45 bytes)
[2m2025-12-10T10:15:20.395849Z[0m [34mDEBUG[0m [2mhyper::proto::h1::conn[0m[2m:[0m incoming body completed
[2m2025-12-10T10:15:20.395856Z[0m [34mDEBUG[0m [2mhyper::client::pool[0m[2m:[0m pooling idle connection for ("http", 192.168.0.14:8545)
[2m2025-12-10T10:15:20.395896Z[0m [34mDEBUG[0m [2mhyper::client::pool[0m[2m:[0m reuse idle connection for ("http", 192.168.0.14:8545)
[2m2025-12-10T10:15:20.395968Z[0m [34mDEBUG[0m [2mhyper::proto::h1::io[0m[2m:[0m flushed 172 bytes
[2m2025-12-10T10:15:20.400249Z[0m [34mDEBUG[0m [2mhyper::proto::h1::io[0m[2m:[0m parsed 4 headers
[2m2025-12-10T10:15:20.400491Z[0m [34mDEBUG[0m [2mhyper::proto::h1::conn[0m[2m:[0m incoming body is content-length (45 bytes)
[2m2025-12-10T10:15:20.401043Z[0m [34mDEBUG[0m [2mhyper::proto::h1::conn[0m[2m:[0m incoming body completed
[2m2025-12-10T10:15:20.401714Z[0m [34mDEBUG[0m [2mhyper::client::pool[0m[2m:[0m pooling idle connection for ("http", 192.168.0.14:8545)
[2m2025-12-10T10:15:20.401848Z[0m [34mDEBUG[0m [2mhyper::client::pool[0m[2m:[0m reuse idle connection for ("http", 192.168.0.14:8545)
[2m2025-12-10T10:15:20.401959Z[0m [34mDEBUG[0m [2mhyper::proto::h1::io[0m[2m:[0m flushed 172 bytes
[2m2025-12-10T10:15:20.406189Z[0m [34mDEBUG[0m [2mhyper::proto::h1::io[0m[2m:[0m parsed 4 headers
[2m2025-12-10T10:15:20.406352Z[0m [34mDEBUG[0m [2mhyper::proto::h1::conn[0m[2m:[0m incoming body is content-length (45 bytes)
[2m2025-12-10T10:15:20.406365Z[0m [34mDEBUG[0m [2mhyper::proto::h1::conn[0m[2m:[0m incoming body completed
[2m2025-12-10T10:15:20.406377Z[0m [34mDEBUG[0m [2mhyper::client::pool[0m[2m:[0m pooling idle connection for ("http", 192.168.0.14:8545)
[2m2025-12-10T10:15:20.406411Z[0m [34mDEBUG[0m [2mhyper::client::pool[0m[2m:[0m reuse idle connection for ("http", 192.168.0.14:8545)
[2m2025-12-10T10:15:20.406447Z[0m [34mDEBUG[0m [2mhyper::proto::h1::io[0m[2m:[0m flushed 172 bytes
[2m2025-12-10T10:15:20.411507Z[0m [34mDEBUG[0m [2mhyper::proto::h1::io[0m[2m:[0m parsed 4 headers
[2m2025-12-10T10:15:20.411564Z[0m [34mDEBUG[0m [2mhyper::proto::h1::conn[0m[2m:[0m incoming body is content-length (45 bytes)
[2m2025-12-10T10:15:20.411584Z[0m [34mDEBUG[0m [2mhyper::proto::h1::conn[0m[2m:[0m incoming body completed
[2m2025-12-10T10:15:20.411606Z[0m [34mDEBUG[0m [2mhyper::client::pool[0m[2m:[0m pooling idle connection for ("http", 192.168.0.14:8545)
[2m2025-12-10T10:15:20.411653Z[0m [34mDEBUG[0m [2mhyper::client::pool[0m[2m:[0m reuse idle connection for ("http", 192.168.0.14:8545)
[2m2025-12-10T10:15:20.411699Z[0m [34mDEBUG[0m [2mhyper::proto::h1::io[0m[2m:[0m flushed 172 bytes
[2m2025-12-10T10:15:20.415263Z[0m [34mDEBUG[0m [2mhyper::proto::h1::io[0m[2m:[0m parsed 4 headers
[2m2025-12-10T10:15:20.415300Z[0m [34mDEBUG[0m [2mhyper::proto::h1::conn[0m[2m:[0m incoming body is content-length (45 bytes)
[2m2025-12-10T10:15:20.415382Z[0m [34mDEBUG[0m [2mhyper::proto::h1::conn[0m[2m:[0m incoming body completed
[2m2025-12-10T10:15:20.415403Z[0m [34mDEBUG[0m [2mhyper::client::pool[0m[2m:[0m pooling idle connection for ("http", 192.168.0.14:8545)
[2m2025-12-10T10:15:20.415431Z[0m [34mDEBUG[0m [2mhyper::client::pool[0m[2m:[0m reuse idle connection for ("http", 192.168.0.14:8545)
[2m2025-12-10T10:15:20.415477Z[0m [34mDEBUG[0m [2mhyper::proto::h1::io[0m[2m:[0m flushed 172 bytes
[2m2025-12-10T10:15:20.423061Z[0m [34mDEBUG[0m [2mhyper::proto::h1::io[0m[2m:[0m parsed 4 headers
[2m2025-12-10T10:15:20.423107Z[0m [34mDEBUG[0m [2mhyper::proto::h1::conn[0m[2m:[0m incoming body is content-length (45 bytes)
[2m2025-12-10T10:15:20.423126Z[0m [34mDEBUG[0m [2mhyper::proto::h1::conn[0m[2m:[0m incoming body completed
[2m2025-12-10T10:15:20.423148Z[0m [34mDEBUG[0m [2mhyper::client::pool[0m[2m:[0m pooling idle connection for ("http", 192.168.0.14:8545)
[2m2025-12-10T10:15:20.423203Z[0m [34mDEBUG[0m [2mhyper::client::pool[0m[2m:[0m reuse idle connection for ("http", 192.168.0.14:8545)
[2m2025-12-10T10:15:20.423253Z[0m [34mDEBUG[0m [2mhyper::proto::h1::io[0m[2m:[0m flushed 172 bytes
[2m2025-12-10T10:15:20.426678Z[0m [34mDEBUG[0m [2mhyper::proto::h1::io[0m[2m:[0m parsed 4 headers
[2m2025-12-10T10:15:20.426713Z[0m [34mDEBUG[0m [2mhyper::proto::h1::conn[0m[2m:[0m incoming body is content-length (45 bytes)
[2m2025-12-10T10:15:20.426731Z[0m [34mDEBUG[0m [2mhyper::proto::h1::conn[0m[2m:[0m incoming body completed
[2m2025-12-10T10:15:20.426750Z[0m [34mDEBUG[0m [2mhyper::client::pool[0m[2m:[0m pooling idle connection for ("http", 192.168.0.14:8545)
[2m2025-12-10T10:15:20.426788Z[0m [34mDEBUG[0m [2mhyper::client::pool[0m[2m:[0m reuse idle connection for ("http", 192.168.0.14:8545)
[2m2025-12-10T10:15:20.426828Z[0m [34mDEBUG[0m [2mhyper::proto::h1::io[0m[2m:[0m flushed 172 bytes
[2m2025-12-10T10:15:20.432036Z[0m [34mDEBUG[0m [2mhyper::proto::h1::io[0m[2m:[0m parsed 4 headers
[2m2025-12-10T10:15:20.432058Z[0m [34mDEBUG[0m [2mhyper::proto::h1::conn[0m[2m:[0m incoming body is content-length (45 bytes)
[2m2025-12-10T10:15:20.432069Z[0m [34mDEBUG[0m [2mhyper::proto::h1::conn[0m[2m:[0m incoming body completed
[2m2025-12-10T10:15:20.432081Z[0m [34mDEBUG[0m [2mhyper::client::pool[0m[2m:[0m pooling idle connection for ("http", 192.168.0.14:8545)
[2m2025-12-10T10:15:20.432113Z[0m [34mDEBUG[0m [2mhyper::client::pool[0m[2m:[0m reuse idle connection for ("http", 192.168.0.14:8545)
[2m2025-12-10T10:15:20.432149Z[0m [34mDEBUG[0m [2mhyper::proto::h1::io[0m[2m:[0m flushed 172 bytes
[2m2025-12-10T10:15:20.435856Z[0m [34mDEBUG[0m [2mhyper::proto::h1::io[0m[2m:[0m parsed 4 headers
[2m2025-12-10T10:15:20.435908Z[0m [34mDEBUG[0m [2mhyper::proto::h1::conn[0m[2m:[0m incoming body is content-length (45 bytes)
[2m2025-12-10T10:15:20.435930Z[0m [34mDEBUG[0m [2mhyper::proto::h1::conn[0m[2m:[0m incoming body completed
[2m2025-12-10T10:15:20.435968Z[0m [34mDEBUG[0m [2mhyper::client::pool[0m[2m:[0m pooling idle connection for ("http", 192.168.0.14:8545)
[2m2025-12-10T10:15:20.436022Z[0m [34mDEBUG[0m [2mhyper::client::pool[0m[2m:[0m reuse idle connection for ("http", 192.168.0.14:8545)
[2m2025-12-10T10:15:20.436071Z[0m [34mDEBUG[0m [2mhyper::proto::h1::io[0m[2m:[0m flushed 172 bytes
[2m2025-12-10T10:15:20.440980Z[0m [34mDEBUG[0m [2mhyper::proto::h1::io[0m[2m:[0m parsed 4 headers
[2m2025-12-10T10:15:20.441025Z[0m [34mDEBUG[0m [2mhyper::proto::h1::conn[0m[2m:[0m incoming body is content-length (45 bytes)
[2m2025-12-10T10:15:20.441044Z[0m [34mDEBUG[0m [2mhyper::proto::h1::conn[0m[2m:[0m incoming body completed
[2m2025-12-10T10:15:20.441065Z[0m [34mDEBUG[0m [2mhyper::client::pool[0m[2m:[0m pooling idle connection for ("http", 192.168.0.14:8545)
[2m2025-12-10T10:15:20.441115Z[0m [34mDEBUG[0m [2mhyper::client::pool[0m[2m:[0m reuse idle connection for ("http", 192.168.0.14:8545)
[2m2025-12-10T10:15:20.441166Z[0m [34mDEBUG[0m [2mhyper::proto::h1::io[0m[2m:[0m flushed 172 bytes
[2m2025-12-10T10:15:20.445789Z[0m [34mDEBUG[0m [2mhyper::proto::h1::io[0m[2m:[0m parsed 4 headers
[2m2025-12-10T10:15:20.445811Z[0m [34mDEBUG[0m [2mhyper::proto::h1::conn[0m[2m:[0m incoming body is content-length (45 bytes)
[2m2025-12-10T10:15:20.445820Z[0m [34mDEBUG[0m [2mhyper::proto::h1::conn[0m[2m:[0m incoming body completed
[2m2025-12-10T10:15:20.445832Z[0m [34mDEBUG[0m [2mhyper::client::pool[0m[2m:[0m pooling idle connection for ("http", 192.168.0.14:8545)
[2m2025-12-10T10:15:20.445893Z[0m [34mDEBUG[0m [2mhyper::client::pool[0m[2m:[0m reuse idle connection for ("http", 192.168.0.14:8545)
[2m2025-12-10T10:15:20.445967Z[0m [34mDEBUG[0m [2mhyper::proto::h1::io[0m[2m:[0m flushed 172 bytes
[2m2025-12-10T10:15:20.451699Z[0m [34mDEBUG[0m [2mhyper::proto::h1::io[0m[2m:[0m parsed 4 headers
[2m2025-12-10T10:15:20.451710Z[0m [34mDEBUG[0m [2mhyper::proto::h1::conn[0m[2m:[0m incoming body is content-length (45 bytes)
[2m2025-12-10T10:15:20.451718Z[0m [34mDEBUG[0m [2mhyper::proto::h1::conn[0m[2m:[0m incoming body completed
[2m2025-12-10T10:15:20.451727Z[0m [34mDEBUG[0m [2mhyper::client::pool[0m[2m:[0m pooling idle connection for ("http", 192.168.0.14:8545)
[2m2025-12-10T10:15:20.451751Z[0m [34mDEBUG[0m [2mhyper::client::pool[0m[2m:[0m reuse idle connection for ("http", 192.168.0.14:8545)
[2m2025-12-10T10:15:20.451774Z[0m [34mDEBUG[0m [2mhyper::proto::h1::io[0m[2m:[0m flushed 172 bytes
[2m2025-12-10T10:15:20.455595Z[0m [34mDEBUG[0m [2mhyper::proto::h1::io[0m[2m:[0m parsed 4 headers
[2m2025-12-10T10:15:20.455603Z[0m [34mDEBUG[0m [2mhyper::proto::h1::conn[0m[2m:[0m incoming body is content-length (45 bytes)
[2m2025-12-10T10:15:20.455609Z[0m [34mDEBUG[0m [2mhyper::proto::h1::conn[0m[2m:[0m incoming body completed
[2m2025-12-10T10:15:20.455616Z[0m [34mDEBUG[0m [2mhyper::client::pool[0m[2m:[0m pooling idle connection for ("http", 192.168.0.14:8545)
[2m2025-12-10T10:15:20.455634Z[0m [34mDEBUG[0m [2mhyper::client::pool[0m[2m:[0m reuse idle connection for ("http", 192.168.0.14:8545)
[2m2025-12-10T10:15:20.455651Z[0m [34mDEBUG[0m [2mhyper::proto::h1::io[0m[2m:[0m flushed 172 bytes
[2m2025-12-10T10:15:20.461613Z[0m [34mDEBUG[0m [2mhyper::proto::h1::io[0m[2m:[0m parsed 4 headers
[2m2025-12-10T10:15:20.461629Z[0m [34mDEBUG[0m [2mhyper::proto::h1::conn[0m[2m:[0m incoming body is content-length (45 bytes)
[2m2025-12-10T10:15:20.461637Z[0m [34mDEBUG[0m [2mhyper::proto::h1::conn[0m[2m:[0m incoming body completed
[2m2025-12-10T10:15:20.461645Z[0m [34mDEBUG[0m [2mhyper::client::pool[0m[2m:[0m pooling idle connection for ("http", 192.168.0.14:8545)
[2m2025-12-10T10:15:20.461667Z[0m [34mDEBUG[0m [2mhyper::client::pool[0m[2m:[0m reuse idle connection for ("http", 192.168.0.14:8545)
[2m2025-12-10T10:15:20.461692Z[0m [34mDEBUG[0m [2mhyper::proto::h1::io[0m[2m:[0m flushed 172 bytes
[2m2025-12-10T10:15:20.466090Z[0m [34mDEBUG[0m [2mhyper::proto::h1::io[0m[2m:[0m parsed 4 headers
[2m2025-12-10T10:15:20.466113Z[0m [34mDEBUG[0m [2mhyper::proto::h1::conn[0m[2m:[0m incoming body is content-length (45 bytes)
[2m2025-12-10T10:15:20.466122Z[0m [34mDEBUG[0m [2mhyper::proto::h1::conn[0m[2m:[0m incoming body completed
[2m2025-12-10T10:15:20.466132Z[0m [34mDEBUG[0m [2mhyper::client::pool[0m[2m:[0m pooling idle connection for ("http", 192.168.0.14:8545)
[2m2025-12-10T10:15:20.466155Z[0m [34mDEBUG[0m [2mhyper::client::pool[0m[2m:[0m reuse idle connection for ("http", 192.168.0.14:8545)
[2m2025-12-10T10:15:20.466188Z[0m [34mDEBUG[0m [2mhyper::proto::h1::io[0m[2m:[0m flushed 172 bytes
[2m2025-12-10T10:15:20.470670Z[0m [34mDEBUG[0m [2mhyper::proto::h1::io[0m[2m:[0m parsed 4 headers
[2m2025-12-10T10:15:20.470682Z[0m [34mDEBUG[0m [2mhyper::proto::h1::conn[0m[2m:[0m incoming body is content-length (45 bytes)
[2m2025-12-10T10:15:20.470690Z[0m [34mDEBUG[0m [2mhyper::proto::h1::conn[0m[2m:[0m incoming body completed
[2m2025-12-10T10:15:20.470699Z[0m [34mDEBUG[0m [2mhyper::client::pool[0m[2m:[0m pooling idle connection for ("http", 192.168.0.14:8545)
[2m2025-12-10T10:15:20.470718Z[0m [34mDEBUG[0m [2mhyper::client::pool[0m[2m:[0m reuse idle connection for ("http", 192.168.0.14:8545)
[2m2025-12-10T10:15:20.470741Z[0m [34mDEBUG[0m [2mhyper::proto::h1::io[0m[2m:[0m flushed 172 bytes
[2m2025-12-10T10:15:20.479784Z[0m [34mDEBUG[0m [2mhyper::proto::h1::io[0m[2m:[0m parsed 4 headers
[2m2025-12-10T10:15:20.479801Z[0m [34mDEBUG[0m [2mhyper::proto::h1::conn[0m[2m:[0m incoming body is content-length (45 bytes)
[2m2025-12-10T10:15:20.479807Z[0m [34mDEBUG[0m [2mhyper::proto::h1::conn[0m[2m:[0m incoming body completed
[2m2025-12-10T10:15:20.479813Z[0m [34mDEBUG[0m [2mhyper::client::pool[0m[2m:[0m pooling idle connection for ("http", 192.168.0.14:8545)
[2m2025-12-10T10:15:20.479827Z[0m [34mDEBUG[0m [2mhyper::client::pool[0m[2m:[0m reuse idle connection for ("http", 192.168.0.14:8545)
[2m2025-12-10T10:15:20.479846Z[0m [34mDEBUG[0m [2mhyper::proto::h1::io[0m[2m:[0m flushed 172 bytes
[2m2025-12-10T10:15:20.486213Z[0m [34mDEBUG[0m [2mhyper::proto::h1::io[0m[2m:[0m parsed 4 headers
[2m2025-12-10T10:15:20.486233Z[0m [34mDEBUG[0m [2mhyper::proto::h1::conn[0m[2m:[0m incoming body is content-length (45 bytes)
[2m2025-12-10T10:15:20.486241Z[0m [34mDEBUG[0m [2mhyper::proto::h1::conn[0m[2m:[0m incoming body completed
[2m2025-12-10T10:15:20.486254Z[0m [34mDEBUG[0m [2mhyper::client::pool[0m[2m:[0m pooling idle connection for ("http", 192.168.0.14:8545)
[2m2025-12-10T10:15:20.486278Z[0m [34mDEBUG[0m [2mhyper::client::pool[0m[2m:[0m reuse idle connection for ("http", 192.168.0.14:8545)
[2m2025-12-10T10:15:20.486307Z[0m [34mDEBUG[0m [2mhyper::proto::h1::io[0m[2m:[0m flushed 172 bytes
[2m2025-12-10T10:15:20.489849Z[0m [34mDEBUG[0m [2mhyper::proto::h1::io[0m[2m:[0m parsed 4 headers
[2m2025-12-10T10:15:20.489858Z[0m [34mDEBUG[0m [2mhyper::proto::h1::conn[0m[2m:[0m incoming body is content-length (45 bytes)
[2m2025-12-10T10:15:20.489864Z[0m [34mDEBUG[0m [2mhyper::proto::h1::conn[0m[2m:[0m incoming body completed
[2m2025-12-10T10:15:20.489872Z[0m [34mDEBUG[0m [2mhyper::client::pool[0m[2m:[0m pooling idle connection for ("http", 192.168.0.14:8545)
[2m2025-12-10T10:15:20.489891Z[0m [34mDEBUG[0m [2mhyper::client::pool[0m[2m:[0m reuse idle connection for ("http", 192.168.0.14:8545)
[2m2025-12-10T10:15:20.489912Z[0m [34mDEBUG[0m [2mhyper::proto::h1::io[0m[2m:[0m flushed 172 bytes
[2m2025-12-10T10:15:20.493617Z[0m [34mDEBUG[0m [2mhyper::proto::h1::io[0m[2m:[0m parsed 4 headers
[2m2025-12-10T10:15:20.493625Z[0m [34mDEBUG[0m [2mhyper::proto::h1::conn[0m[2m:[0m incoming body is content-length (45 bytes)
[2m2025-12-10T10:15:20.493630Z[0m [34mDEBUG[0m [2mhyper::proto::h1::conn[0m[2m:[0m incoming body completed
[2m2025-12-10T10:15:20.493636Z[0m [34mDEBUG[0m [2mhyper::client::pool[0m[2m:[0m pooling idle connection for ("http", 192.168.0.14:8545)
[2m2025-12-10T10:15:20.493650Z[0m [34mDEBUG[0m [2mhyper::client::pool[0m[2m:[0m reuse idle connection for ("http", 192.168.0.14:8545)
[2m2025-12-10T10:15:20.493668Z[0m [34mDEBUG[0m [2mhyper::proto::h1::io[0m[2m:[0m flushed 172 bytes
[2m2025-12-10T10:15:20.499390Z[0m [34mDEBUG[0m [2mhyper::proto::h1::io[0m[2m:[0m parsed 4 headers
[2m2025-12-10T10:15:20.499395Z[0m [34mDEBUG[0m [2mhyper::proto::h1::conn[0m[2m:[0m incoming body is content-length (45 bytes)
[2m2025-12-10T10:15:20.499400Z[0m [34mDEBUG[0m [2mhyper::proto::h1::conn[0m[2m:[0m incoming body completed
[2m2025-12-10T10:15:20.499406Z[0m [34mDEBUG[0m [2mhyper::client::pool[0m[2m:[0m pooling idle connection for ("http", 192.168.0.14:8545)
[2m2025-12-10T10:15:20.499418Z[0m [34mDEBUG[0m [2mhyper::client::pool[0m[2m:[0m reuse idle connection for ("http", 192.168.0.14:8545)
[2m2025-12-10T10:15:20.499435Z[0m [34mDEBUG[0m [2mhyper::proto::h1::io[0m[2m:[0m flushed 172 bytes
[2m2025-12-10T10:15:20.502921Z[0m [34mDEBUG[0m [2mhyper::proto::h1::io[0m[2m:[0m parsed 4 headers
[2m2025-12-10T10:15:20.502928Z[0m [34mDEBUG[0m [2mhyper::proto::h1::conn[0m[2m:[0m incoming body is content-length (45 bytes)
[2m2025-12-10T10:15:20.502933Z[0m [34mDEBUG[0m [2mhyper::proto::h1::conn[0m[2m:[0m incoming body completed
[2m2025-12-10T10:15:20.502938Z[0m [34mDEBUG[0m [2mhyper::client::pool[0m[2m:[0m pooling idle connection for ("http", 192.168.0.14:8545)
[2m2025-12-10T10:15:20.502948Z[0m [34mDEBUG[0m [2mhyper::client::pool[0m[2m:[0m reuse idle connection for ("http", 192.168.0.14:8545)
[2m2025-12-10T10:15:20.502964Z[0m [34mDEBUG[0m [2mhyper::proto::h1::io[0m[2m:[0m flushed 172 bytes
[2m2025-12-10T10:15:20.505963Z[0m [34mDEBUG[0m [2mhyper::proto::h1::io[0m[2m:[0m parsed 4 headers
[2m2025-12-10T10:15:20.505968Z[0m [34mDEBUG[0m [2mhyper::proto::h1::conn[0m[2m:[0m incoming body is content-length (45 bytes)
[2m2025-12-10T10:15:20.505973Z[0m [34mDEBUG[0m [2mhyper::proto::h1::conn[0m[2m:[0m incoming body completed
[2m2025-12-10T10:15:20.505978Z[0m [34mDEBUG[0m [2mhyper::client::pool[0m[2m:[0m pooling idle connection for ("http", 192.168.0.14:8545)
[2m2025-12-10T10:15:20.505987Z[0m [34mDEBUG[0m [2mhyper::client::pool[0m[2m:[0m reuse idle connection for ("http", 192.168.0.14:8545)
[2m2025-12-10T10:15:20.506000Z[0m [34mDEBUG[0m [2mhyper::proto::h1::io[0m[2m:[0m flushed 172 bytes
[2m2025-12-10T10:15:20.511243Z[0m [34mDEBUG[0m [2mhyper::proto::h1::io[0m[2m:[0m parsed 4 headers
[2m2025-12-10T10:15:20.511250Z[0m [34mDEBUG[0m [2mhyper::proto::h1::conn[0m[2m:[0m incoming body is content-length (45 bytes)
[2m2025-12-10T10:15:20.511256Z[0m [34mDEBUG[0m [2mhyper::proto::h1::conn[0m[2m:[0m incoming body completed
[2m2025-12-10T10:15:20.511262Z[0m [34mDEBUG[0m [2mhyper::client::pool[0m[2m:[0m pooling idle connection for ("http", 192.168.0.14:8545)
[2m2025-12-10T10:15:20.511276Z[0m [34mDEBUG[0m [2mhyper::client::pool[0m[2m:[0m reuse idle connection for ("http", 192.168.0.14:8545)
[2m2025-12-10T10:15:20.511294Z[0m [34mDEBUG[0m [2mhyper::proto::h1::io[0m[2m:[0m flushed 172 bytes
[2m2025-12-10T10:15:20.526195Z[0m [34mDEBUG[0m [2mhyper::proto::h1::io[0m[2m:[0m parsed 4 headers
[2m2025-12-10T10:15:20.526207Z[0m [34mDEBUG[0m [2mhyper::proto::h1::conn[0m[2m:[0m incoming body is content-length (45 bytes)
[2m2025-12-10T10:15:20.526216Z[0m [34mDEBUG[0m [2mhyper::proto::h1::conn[0m[2m:[0m incoming body completed
[2m2025-12-10T10:15:20.526224Z[0m [34mDEBUG[0m [2mhyper::client::pool[0m[2m:[0m pooling idle connection for ("http", 192.168.0.14:8545)
[2m2025-12-10T10:15:20.526242Z[0m [34mDEBUG[0m [2mhyper::client::pool[0m[2m:[0m reuse idle connection for ("http", 192.168.0.14:8545)
[2m2025-12-10T10:15:20.526262Z[0m [34mDEBUG[0m [2mhyper::proto::h1::io[0m[2m:[0m flushed 172 bytes
[2m2025-12-10T10:15:20.531415Z[0m [34mDEBUG[0m [2mhyper::proto::h1::io[0m[2m:[0m parsed 4 headers
[2m2025-12-10T10:15:20.531421Z[0m [34mDEBUG[0m [2mhyper::proto::h1::conn[0m[2m:[0m incoming body is content-length (45 bytes)
[2m2025-12-10T10:15:20.531426Z[0m [34mDEBUG[0m [2mhyper::proto::h1::conn[0m[2m:[0m incoming body completed
[2m2025-12-10T10:15:20.531432Z[0m [34mDEBUG[0m [2mhyper::client::pool[0m[2m:[0m pooling idle connection for ("http", 192.168.0.14:8545)
[2m2025-12-10T10:15:20.531443Z[0m [34mDEBUG[0m [2mhyper::client::pool[0m[2m:[0m reuse idle connection for ("http", 192.168.0.14:8545)
[2m2025-12-10T10:15:20.531459Z[0m [34mDEBUG[0m [2mhyper::proto::h1::io[0m[2m:[0m flushed 172 bytes
[2m2025-12-10T10:15:20.535112Z[0m [34mDEBUG[0m [2mhyper::proto::h1::io[0m[2m:[0m parsed 4 headers
[2m2025-12-10T10:15:20.535119Z[0m [34mDEBUG[0m [2mhyper::proto::h1::conn[0m[2m:[0m incoming body is content-length (45 bytes)
[2m2025-12-10T10:15:20.535127Z[0m [34mDEBUG[0m [2mhyper::proto::h1::conn[0m[2m:[0m incoming body completed
[2m2025-12-10T10:15:20.535136Z[0m [34mDEBUG[0m [2mhyper::client::pool[0m[2m:[0m pooling idle connection for ("http", 192.168.0.14:8545)
[2m2025-12-10T10:15:20.535167Z[0m [34mDEBUG[0m [2mhyper::client::pool[0m[2m:[0m reuse idle connection for ("http", 192.168.0.14:8545)
[2m2025-12-10T10:15:20.535189Z[0m [34mDEBUG[0m [2mhyper::proto::h1::io[0m[2m:[0m flushed 172 bytes
[2m2025-12-10T10:15:20.539271Z[0m [34mDEBUG[0m [2mhyper::proto::h1::io[0m[2m:[0m parsed 4 headers
[2m2025-12-10T10:15:20.539277Z[0m [34mDEBUG[0m [2mhyper::proto::h1::conn[0m[2m:[0m incoming body is content-length (45 bytes)
[2m2025-12-10T10:15:20.539282Z[0m [34mDEBUG[0m [2mhyper::proto::h1::conn[0m[2m:[0m incoming body completed
[2m2025-12-10T10:15:20.539287Z[0m [34mDEBUG[0m [2mhyper::client::pool[0m[2m:[0m pooling idle connection for ("http", 192.168.0.14:8545)
[2m2025-12-10T10:15:20.539298Z[0m [34mDEBUG[0m [2mhyper::client::pool[0m[2m:[0m reuse idle connection for ("http", 192.168.0.14:8545)
[2m2025-12-10T10:15:20.539314Z[0m [34mDEBUG[0m [2mhyper::proto::h1::io[0m[2m:[0m flushed 172 bytes
[2m2025-12-10T10:15:20.542892Z[0m [34mDEBUG[0m [2mhyper::proto::h1::io[0m[2m:[0m parsed 4 headers
[2m2025-12-10T10:15:20.542897Z[0m [34mDEBUG[0m [2mhyper::proto::h1::conn[0m[2m:[0m incoming body is content-length (45 bytes)
[2m2025-12-10T10:15:20.542902Z[0m [34mDEBUG[0m [2mhyper::proto::h1::conn[0m[2m:[0m incoming body completed
[2m2025-12-10T10:15:20.542907Z[0m [34mDEBUG[0m [2mhyper::client::pool[0m[2m:[0m pooling idle connection for ("http", 192.168.0.14:8545)
[2m2025-12-10T10:15:20.542916Z[0m [34mDEBUG[0m [2mhyper::client::pool[0m[2m:[0m reuse idle connection for ("http", 192.168.0.14:8545)
[2m2025-12-10T10:15:20.542930Z[0m [34mDEBUG[0m [2mhyper::proto::h1::io[0m[2m:[0m flushed 172 bytes
[2m2025-12-10T10:15:20.548119Z[0m [34mDEBUG[0m [2mhyper::proto::h1::io[0m[2m:[0m parsed 4 headers
[2m2025-12-10T10:15:20.548128Z[0m [34mDEBUG[0m [2mhyper::proto::h1::conn[0m[2m:[0m incoming body is content-length (45 bytes)
[2m2025-12-10T10:15:20.548134Z[0m [34mDEBUG[0m [2mhyper::proto::h1::conn[0m[2m:[0m incoming body completed
[2m2025-12-10T10:15:20.548140Z[0m [34mDEBUG[0m [2mhyper::client::pool[0m[2m:[0m pooling idle connection for ("http", 192.168.0.14:8545)
[2m2025-12-10T10:15:20.548154Z[0m [34mDEBUG[0m [2mhyper::client::pool[0m[2m:[0m reuse idle connection for ("http", 192.168.0.14:8545)
[2m2025-12-10T10:15:20.548172Z[0m [34mDEBUG[0m [2mhyper::proto::h1::io[0m[2m:[0m flushed 172 bytes
[2m2025-12-10T10:15:20.551955Z[0m [34mDEBUG[0m [2mhyper::proto::h1::io[0m[2m:[0m parsed 4 headers
[2m2025-12-10T10:15:20.551960Z[0m [34mDEBUG[0m [2mhyper::proto::h1::conn[0m[2m:[0m incoming body is content-length (45 bytes)
[2m2025-12-10T10:15:20.551966Z[0m [34mDEBUG[0m [2mhyper::proto::h1::conn[0m[2m:[0m incoming body completed
[2m2025-12-10T10:15:20.551972Z[0m [34mDEBUG[0m [2mhyper::client::pool[0m[2m:[0m pooling idle connection for ("http", 192.168.0.14:8545)
[2m2025-12-10T10:15:20.551981Z[0m [34mDEBUG[0m [2mhyper::client::pool[0m[2m:[0m reuse idle connection for ("http", 192.168.0.14:8545)
[2m2025-12-10T10:15:20.551996Z[0m [34mDEBUG[0m [2mhyper::proto::h1::io[0m[2m:[0m flushed 172 bytes
[2m2025-12-10T10:15:20.556280Z[0m [34mDEBUG[0m [2mhyper::proto::h1::io[0m[2m:[0m parsed 4 headers
[2m2025-12-10T10:15:20.556983Z[0m [34mDEBUG[0m [2mhyper::proto::h1::conn[0m[2m:[0m incoming body is content-length (45 bytes)
[2m2025-12-10T10:15:20.556994Z[0m [34mDEBUG[0m [2mhyper::proto::h1::conn[0m[2m:[0m incoming body completed
[2m2025-12-10T10:15:20.557072Z[0m [34mDEBUG[0m [2mhyper::client::pool[0m[2m:[0m pooling idle connection for ("http", 192.168.0.14:8545)
[2m2025-12-10T10:15:20.557090Z[0m [34mDEBUG[0m [2mhyper::client::pool[0m[2m:[0m reuse idle connection for ("http", 192.168.0.14:8545)
[2m2025-12-10T10:15:20.557123Z[0m [34mDEBUG[0m [2mhyper::proto::h1::io[0m[2m:[0m flushed 172 bytes
[2m2025-12-10T10:15:20.560753Z[0m [34mDEBUG[0m [2mhyper::proto::h1::io[0m[2m:[0m parsed 4 headers
[2m2025-12-10T10:15:20.560768Z[0m [34mDEBUG[0m [2mhyper::proto::h1::conn[0m[2m:[0m incoming body is content-length (45 bytes)
[2m2025-12-10T10:15:20.560774Z[0m [34mDEBUG[0m [2mhyper::proto::h1::conn[0m[2m:[0m incoming body completed
[2m2025-12-10T10:15:20.560784Z[0m [34mDEBUG[0m [2mhyper::client::pool[0m[2m:[0m pooling idle connection for ("http", 192.168.0.14:8545)
[2m2025-12-10T10:15:20.560799Z[0m [34mDEBUG[0m [2mhyper::client::pool[0m[2m:[0m reuse idle connection for ("http", 192.168.0.14:8545)
[2m2025-12-10T10:15:20.560816Z[0m [34mDEBUG[0m [2mhyper::proto::h1::io[0m[2m:[0m flushed 172 bytes
[2m2025-12-10T10:15:20.565166Z[0m [34mDEBUG[0m [2mhyper::proto::h1::io[0m[2m:[0m parsed 4 headers
[2m2025-12-10T10:15:20.565182Z[0m [34mDEBUG[0m [2mhyper::proto::h1::conn[0m[2m:[0m incoming body is content-length (45 bytes)
[2m2025-12-10T10:15:20.565190Z[0m [34mDEBUG[0m [2mhyper::proto::h1::conn[0m[2m:[0m incoming body completed
[2m2025-12-10T10:15:20.565198Z[0m [34mDEBUG[0m [2mhyper::client::pool[0m[2m:[0m pooling idle connection for ("http", 192.168.0.14:8545)
[2m2025-12-10T10:15:20.565214Z[0m [34mDEBUG[0m [2mhyper::client::pool[0m[2m:[0m reuse idle connection for ("http", 192.168.0.14:8545)
[2m2025-12-10T10:15:20.565239Z[0m [34mDEBUG[0m [2mhyper::proto::h1::io[0m[2m:[0m flushed 172 bytes
[2m2025-12-10T10:15:20.569170Z[0m [34mDEBUG[0m [2mhyper::proto::h1::io[0m[2m:[0m parsed 4 headers
[2m2025-12-10T10:15:20.570340Z[0m [34mDEBUG[0m [2mhyper::proto::h1::conn[0m[2m:[0m incoming body is content-length (45 bytes)
[2m2025-12-10T10:15:20.570350Z[0m [34mDEBUG[0m [2mhyper::proto::h1::conn[0m[2m:[0m incoming body completed
[2m2025-12-10T10:15:20.570361Z[0m [34mDEBUG[0m [2mhyper::client::pool[0m[2m:[0m pooling idle connection for ("http", 192.168.0.14:8545)
[2m2025-12-10T10:15:20.570405Z[0m [34mDEBUG[0m [2mhyper::client::pool[0m[2m:[0m reuse idle connection for ("http", 192.168.0.14:8545)
[2m2025-12-10T10:15:20.570435Z[0m [34mDEBUG[0m [2mhyper::proto::h1::io[0m[2m:[0m flushed 172 bytes
[2m2025-12-10T10:15:20.574470Z[0m [34mDEBUG[0m [2mhyper::proto::h1::io[0m[2m:[0m parsed 4 headers
[2m2025-12-10T10:15:20.574480Z[0m [34mDEBUG[0m [2mhyper::proto::h1::conn[0m[2m:[0m incoming body is content-length (45 bytes)
[2m2025-12-10T10:15:20.574486Z[0m [34mDEBUG[0m [2mhyper::proto::h1::conn[0m[2m:[0m incoming body completed
[2m2025-12-10T10:15:20.574493Z[0m [34mDEBUG[0m [2mhyper::client::pool[0m[2m:[0m pooling idle connection for ("http", 192.168.0.14:8545)
[2m2025-12-10T10:15:20.574509Z[0m [34mDEBUG[0m [2mhyper::client::pool[0m[2m:[0m reuse idle connection for ("http", 192.168.0.14:8545)
[2m2025-12-10T10:15:20.574527Z[0m [34mDEBUG[0m [2mhyper::proto::h1::io[0m[2m:[0m flushed 172 bytes
[2m2025-12-10T10:15:20.579099Z[0m [34mDEBUG[0m [2mhyper::proto::h1::io[0m[2m:[0m parsed 4 headers
[2m2025-12-10T10:15:20.579106Z[0m [34mDEBUG[0m [2mhyper::proto::h1::conn[0m[2m:[0m incoming body is content-length (45 bytes)
[2m2025-12-10T10:15:20.579111Z[0m [34mDEBUG[0m [2mhyper::proto::h1::conn[0m[2m:[0m incoming body completed
[2m2025-12-10T10:15:20.579119Z[0m [34mDEBUG[0m [2mhyper::client::pool[0m[2m:[0m pooling idle connection for ("http", 192.168.0.14:8545)
[2m2025-12-10T10:15:20.579132Z[0m [34mDEBUG[0m [2mhyper::client::pool[0m[2m:[0m reuse idle connection for ("http", 192.168.0.14:8545)
[2m2025-12-10T10:15:20.579148Z[0m [34mDEBUG[0m [2mhyper::proto::h1::io[0m[2m:[0m flushed 172 bytes
[2m2025-12-10T10:15:20.584238Z[0m [34mDEBUG[0m [2mhyper::proto::h1::io[0m[2m:[0m parsed 4 headers
[2m2025-12-10T10:15:20.584243Z[0m [34mDEBUG[0m [2mhyper::proto::h1::conn[0m[2m:[0m incoming body is content-length (45 bytes)
[2m2025-12-10T10:15:20.584248Z[0m [34mDEBUG[0m [2mhyper::proto::h1::conn[0m[2m:[0m incoming body completed
[2m2025-12-10T10:15:20.584255Z[0m [34mDEBUG[0m [2mhyper::client::pool[0m[2m:[0m pooling idle connection for ("http", 192.168.0.14:8545)
[2m2025-12-10T10:15:20.584269Z[0m [34mDEBUG[0m [2mhyper::client::pool[0m[2m:[0m reuse idle connection for ("http", 192.168.0.14:8545)
[2m2025-12-10T10:15:20.584285Z[0m [34mDEBUG[0m [2mhyper::proto::h1::io[0m[2m:[0m flushed 172 bytes
[2m2025-12-10T10:15:20.595456Z[0m [34mDEBUG[0m [2mhyper::proto::h1::io[0m[2m:[0m parsed 4 headers
[2m2025-12-10T10:15:20.595470Z[0m [34mDEBUG[0m [2mhyper::proto::h1::conn[0m[2m:[0m incoming body is content-length (45 bytes)
[2m2025-12-10T10:15:20.595478Z[0m [34mDEBUG[0m [2mhyper::proto::h1::conn[0m[2m:[0m incoming body completed
[2m2025-12-10T10:15:20.595499Z[0m [34mDEBUG[0m [2mhyper::client::pool[0m[2m:[0m pooling idle connection for ("http", 192.168.0.14:8545)
[2m2025-12-10T10:15:20.595523Z[0m [34mDEBUG[0m [2mhyper::client::pool[0m[2m:[0m reuse idle connection for ("http", 192.168.0.14:8545)
[2m2025-12-10T10:15:20.595546Z[0m [34mDEBUG[0m [2mhyper::proto::h1::io[0m[2m:[0m flushed 172 bytes
[2m2025-12-10T10:15:20.601572Z[0m [34mDEBUG[0m [2mhyper::proto::h1::io[0m[2m:[0m parsed 4 headers
[2m2025-12-10T10:15:20.601703Z[0m [34mDEBUG[0m [2mhyper::proto::h1::conn[0m[2m:[0m incoming body is content-length (45 bytes)
[2m2025-12-10T10:15:20.601711Z[0m [34mDEBUG[0m [2mhyper::proto::h1::conn[0m[2m:[0m incoming body completed
[2m2025-12-10T10:15:20.601719Z[0m [34mDEBUG[0m [2mhyper::client::pool[0m[2m:[0m pooling idle connection for ("http", 192.168.0.14:8545)
[2m2025-12-10T10:15:20.601755Z[0m [34mDEBUG[0m [2mhyper::client::pool[0m[2m:[0m reuse idle connection for ("http", 192.168.0.14:8545)
[2m2025-12-10T10:15:20.601794Z[0m [34mDEBUG[0m [2mhyper::proto::h1::io[0m[2m:[0m flushed 172 bytes
[2m2025-12-10T10:15:20.606189Z[0m [34mDEBUG[0m [2mhyper::proto::h1::io[0m[2m:[0m parsed 4 headers
[2m2025-12-10T10:15:20.606363Z[0m [34mDEBUG[0m [2mhyper::proto::h1::conn[0m[2m:[0m incoming body is content-length (45 bytes)
[2m2025-12-10T10:15:20.606370Z[0m [34mDEBUG[0m [2mhyper::proto::h1::conn[0m[2m:[0m incoming body completed
[2m2025-12-10T10:15:20.606378Z[0m [34mDEBUG[0m [2mhyper::client::pool[0m[2m:[0m pooling idle connection for ("http", 192.168.0.14:8545)
[2m2025-12-10T10:15:20.606395Z[0m [34mDEBUG[0m [2mhyper::client::pool[0m[2m:[0m reuse idle connection for ("http", 192.168.0.14:8545)
[2m2025-12-10T10:15:20.606409Z[0m [34mDEBUG[0m [2mhyper::proto::h1::io[0m[2m:[0m flushed 172 bytes
[2m2025-12-10T10:15:20.611889Z[0m [34mDEBUG[0m [2mhyper::proto::h1::io[0m[2m:[0m parsed 4 headers
[2m2025-12-10T10:15:20.611910Z[0m [34mDEBUG[0m [2mhyper::proto::h1::conn[0m[2m:[0m incoming body is content-length (45 bytes)
[2m2025-12-10T10:15:20.611914Z[0m [34mDEBUG[0m [2mhyper::proto::h1::conn[0m[2m:[0m incoming body completed
[2m2025-12-10T10:15:20.611921Z[0m [34mDEBUG[0m [2mhyper::client::pool[0m[2m:[0m pooling idle connection for ("http", 192.168.0.14:8545)
[2m2025-12-10T10:15:20.611931Z[0m [34mDEBUG[0m [2mhyper::client::pool[0m[2m:[0m reuse idle connection for ("http", 192.168.0.14:8545)
[2m2025-12-10T10:15:20.611947Z[0m [34mDEBUG[0m [2mhyper::proto::h1::io[0m[2m:[0m flushed 172 bytes
[2m2025-12-10T10:15:20.613691Z[0m [34mDEBUG[0m [2mhyper::proto::h1::io[0m[2m:[0m parsed 4 headers
[2m2025-12-10T10:15:20.613743Z[0m [34mDEBUG[0m [2mhyper::proto::h1::conn[0m[2m:[0m incoming body is content-length (830 bytes)
[2m2025-12-10T10:15:20.613752Z[0m [34mDEBUG[0m [2mhyper::proto::h1::conn[0m[2m:[0m incoming body completed
[2m2025-12-10T10:15:20.613762Z[0m [34mDEBUG[0m [2mhyper::client::pool[0m[2m:[0m pooling idle connection for ("http", 192.168.0.14:8545)
[2m2025-12-10T10:15:20.613771Z[0m [34mDEBUG[0m [2methereum_transaction_pool_monitor::eth_client[0m[2m:[0m 📡 Transaction fetch RPC completed in 246.84425ms
[2m2025-12-10T10:15:20.799518Z[0m [34mDEBUG[0m [2methereum_transaction_pool_monitor::eth_client[0m[2m:[0m ✅ Transaction 0xfc8871141d897675674be53711bbae3d64d785b14cbb1c07f7fc5cf90a0ce402 fetched and parsed in 432.586666ms
[2m2025-12-10T10:15:20.802285Z[0m [34mDEBUG[0m [2methereum_transaction_pool_monitor::mempool_monitor[0m[2m:[0m 🔍 Skipping tx 0xfc8871141d897675674be53711bbae3d64d785b14cbb1c07f7fc5cf90a0ce402 - not a DEX interaction (target: 0x3B4D794a66304F130a4Db8F2551B0070dfCf5ca7)
[2m2025-12-10T10:15:20.802380Z[0m [34mDEBUG[0m [2methereum_transaction_pool_monitor::mempool_monitor[0m[2m:[0m 📨 Processing new pending transaction: 0x957534ab2feeb0b354eb9349ae8a7f7ef56b67118aed25949ff127321ff9dd11
[2m2025-12-10T10:15:20.802387Z[0m [34mDEBUG[0m [2methereum_transaction_pool_monitor::mempool_monitor[0m[2m:[0m 🔍 Fetching transaction details for: 0x957534ab2feeb0b354eb9349ae8a7f7ef56b67118aed25949ff127321ff9dd11
[2m2025-12-10T10:15:20.802406Z[0m [34mDEBUG[0m [2methereum_transaction_pool_monitor::eth_client[0m[2m:[0m 🔍 Fetching transaction details for hash: 0x957534ab2feeb0b354eb9349ae8a7f7ef56b67118aed25949ff127321ff9dd11
[2m2025-12-10T10:15:20.802440Z[0m [34mDEBUG[0m [2mhyper::client::pool[0m[2m:[0m reuse idle connection for ("http", 192.168.0.14:8545)
[2m2025-12-10T10:15:20.802494Z[0m [34mDEBUG[0m [2mhyper::proto::h1::io[0m[2m:[0m flushed 250 bytes
[2m2025-12-10T10:15:20.802529Z[0m [34mDEBUG[0m [2methereum_transaction_pool_monitor::eth_client[0m[2m:[0m 📨 Received WebSocket message: {"jsonrpc":"2.0","method":"eth_subscription","params":{"subscription":"0xbed0a0851463e895960a451075a301a9","result":"0xb65f93904720963ada1056cde25f213260e4fab06c9aa58dff6dc3d6ff393d34"}}
[2m2025-12-10T10:15:20.802547Z[0m [34mDEBUG[0m [2methereum_transaction_pool_monitor::eth_client[0m[2m:[0m 📨 Received pending transaction: 0xb65f93904720963ada1056cde25f213260e4fab06c9aa58dff6dc3d6ff393d34
[2m2025-12-10T10:15:20.802555Z[0m [34mDEBUG[0m [2mhyper::proto::h1::io[0m[2m:[0m parsed 4 headers
[2m2025-12-10T10:15:20.802566Z[0m [32m INFO[0m [2methereum_transaction_pool_monitor::eth_client[0m[2m:[0m 📊 WebSocket stats - Total: 4840 transactions, Rate: 10.9 tx/s
[2m2025-12-10T10:15:20.802584Z[0m [34mDEBUG[0m [2mhyper::proto::h1::conn[0m[2m:[0m incoming body is content-length (45 bytes)
[2m2025-12-10T10:15:20.802622Z[0m [34mDEBUG[0m [2mhyper::proto::h1::conn[0m[2m:[0m incoming body completed
[2m2025-12-10T10:15:20.802633Z[0m [34mDEBUG[0m [2mhyper::client::pool[0m[2m:[0m pooling idle connection for ("http", 192.168.0.14:8545)
[2m2025-12-10T10:15:20.802650Z[0m [34mDEBUG[0m [2mhyper::client::pool[0m[2m:[0m reuse idle connection for ("http", 192.168.0.14:8545)
[2m2025-12-10T10:15:20.802666Z[0m [34mDEBUG[0m [2mhyper::proto::h1::io[0m[2m:[0m flushed 172 bytes
[2m2025-12-10T10:15:20.807878Z[0m [34mDEBUG[0m [2mhyper::proto::h1::io[0m[2m:[0m parsed 4 headers
[2m2025-12-10T10:15:20.807900Z[0m [34mDEBUG[0m [2mhyper::proto::h1::conn[0m[2m:[0m incoming body is content-length (45 bytes)
[2m2025-12-10T10:15:20.807910Z[0m [34mDEBUG[0m [2mhyper::proto::h1::conn[0m[2m:[0m incoming body completed
[2m2025-12-10T10:15:20.807922Z[0m [34mDEBUG[0m [2mhyper::client::pool[0m[2m:[0m pooling idle connection for ("http", 192.168.0.14:8545)
[2m2025-12-10T10:15:20.807954Z[0m [34mDEBUG[0m [2mhyper::client::pool[0m[2m:[0m reuse idle connection for ("http", 192.168.0.14:8545)
[2m2025-12-10T10:15:20.807986Z[0m [34mDEBUG[0m [2mhyper::proto::h1::io[0m[2m:[0m flushed 172 bytes
[2m2025-12-10T10:15:20.813124Z[0m [34mDEBUG[0m [2mhyper::proto::h1::io[0m[2m:[0m parsed 4 headers
[2m2025-12-10T10:15:20.813177Z[0m [34mDEBUG[0m [2mhyper::proto::h1::conn[0m[2m:[0m incoming body is content-length (45 bytes)
[2m2025-12-10T10:15:20.813211Z[0m [34mDEBUG[0m [2mhyper::proto::h1::conn[0m[2m:[0m incoming body completed
[2m2025-12-10T10:15:20.813232Z[0m [34mDEBUG[0m [2mhyper::client::pool[0m[2m:[0m pooling idle connection for ("http", 192.168.0.14:8545)
[2m2025-12-10T10:15:20.813289Z[0m [34mDEBUG[0m [2mhyper::client::pool[0m[2m:[0m reuse idle connection for ("http", 192.168.0.14:8545)
[2m2025-12-10T10:15:20.813337Z[0m [34mDEBUG[0m [2mhyper::proto::h1::io[0m[2m:[0m flushed 172 bytes
[2m2025-12-10T10:15:20.817137Z[0m [34mDEBUG[0m [2mhyper::proto::h1::io[0m[2m:[0m parsed 4 headers
[2m2025-12-10T10:15:20.817206Z[0m [34mDEBUG[0m [2mhyper::proto::h1::conn[0m[2m:[0m incoming body is content-length (45 bytes)
[2m2025-12-10T10:15:20.817236Z[0m [34mDEBUG[0m [2mhyper::proto::h1::conn[0m[2m:[0m incoming body completed
[2m2025-12-10T10:15:20.817262Z[0m [34mDEBUG[0m [2mhyper::client::pool[0m[2m:[0m pooling idle connection for ("http", 192.168.0.14:8545)
[2m2025-12-10T10:15:20.817317Z[0m [34mDEBUG[0m [2mhyper::client::pool[0m[2m:[0m reuse idle connection for ("http", 192.168.0.14:8545)
[2m2025-12-10T10:15:20.817368Z[0m [34mDEBUG[0m [2mhyper::proto::h1::io[0m[2m:[0m flushed 172 bytes
[2m2025-12-10T10:15:20.822268Z[0m [34mDEBUG[0m [2mhyper::proto::h1::io[0m[2m:[0m parsed 4 headers
[2m2025-12-10T10:15:20.822283Z[0m [34mDEBUG[0m [2mhyper::proto::h1::conn[0m[2m:[0m incoming body is content-length (45 bytes)
[2m2025-12-10T10:15:20.822292Z[0m [34mDEBUG[0m [2mhyper::proto::h1::conn[0m[2m:[0m incoming body completed
[2m2025-12-10T10:15:20.822303Z[0m [34mDEBUG[0m [2mhyper::client::pool[0m[2m:[0m pooling idle connection for ("http", 192.168.0.14:8545)
[2m2025-12-10T10:15:20.822334Z[0m [34mDEBUG[0m [2mhyper::client::pool[0m[2m:[0m reuse idle connection for ("http", 192.168.0.14:8545)
[2m2025-12-10T10:15:20.822357Z[0m [34mDEBUG[0m [2mhyper::proto::h1::io[0m[2m:[0m flushed 172 bytes
[2m2025-12-10T10:15:20.828000Z[0m [34mDEBUG[0m [2mhyper::proto::h1::io[0m[2m:[0m parsed 4 headers
[2m2025-12-10T10:15:20.828047Z[0m [34mDEBUG[0m [2mhyper::proto::h1::conn[0m[2m:[0m incoming body is content-length (45 bytes)
[2m2025-12-10T10:15:20.828066Z[0m [34mDEBUG[0m [2mhyper::proto::h1::conn[0m[2m:[0m incoming body completed
[2m2025-12-10T10:15:20.828086Z[0m [34mDEBUG[0m [2mhyper::client::pool[0m[2m:[0m pooling idle connection for ("http", 192.168.0.14:8545)
[2m2025-12-10T10:15:20.828140Z[0m [34mDEBUG[0m [2mhyper::client::pool[0m[2m:[0m reuse idle connection for ("http", 192.168.0.14:8545)
[2m2025-12-10T10:15:20.828178Z[0m [34mDEBUG[0m [2mhyper::proto::h1::io[0m[2m:[0m flushed 172 bytes
[2m2025-12-10T10:15:20.831894Z[0m [34mDEBUG[0m [2mhyper::proto::h1::io[0m[2m:[0m parsed 4 headers
[2m2025-12-10T10:15:20.831908Z[0m [34mDEBUG[0m [2mhyper::proto::h1::conn[0m[2m:[0m incoming body is content-length (45 bytes)
[2m2025-12-10T10:15:20.831917Z[0m [34mDEBUG[0m [2mhyper::proto::h1::conn[0m[2m:[0m incoming body completed
[2m2025-12-10T10:15:20.831931Z[0m [34mDEBUG[0m [2mhyper::client::pool[0m[2m:[0m pooling idle connection for ("http", 192.168.0.14:8545)
[2m2025-12-10T10:15:20.831962Z[0m [34mDEBUG[0m [2mhyper::client::pool[0m[2m:[0m reuse idle connection for ("http", 192.168.0.14:8545)
[2m2025-12-10T10:15:20.831991Z[0m [34mDEBUG[0m [2mhyper::proto::h1::io[0m[2m:[0m flushed 172 bytes
[2m2025-12-10T10:15:20.835016Z[0m [34mDEBUG[0m [2mhyper::proto::h1::io[0m[2m:[0m parsed 4 headers
[2m2025-12-10T10:15:20.835024Z[0m [34mDEBUG[0m [2mhyper::proto::h1::conn[0m[2m:[0m incoming body is content-length (45 bytes)
[2m2025-12-10T10:15:20.835031Z[0m [34mDEBUG[0m [2mhyper::proto::h1::conn[0m[2m:[0m incoming body completed
[2m2025-12-10T10:15:20.835039Z[0m [34mDEBUG[0m [2mhyper::client::pool[0m[2m:[0m pooling idle connection for ("http", 192.168.0.14:8545)
[2m2025-12-10T10:15:20.835060Z[0m [34mDEBUG[0m [2mhyper::client::pool[0m[2m:[0m reuse idle connection for ("http", 192.168.0.14:8545)
[2m2025-12-10T10:15:20.835077Z[0m [34mDEBUG[0m [2mhyper::proto::h1::io[0m[2m:[0m flushed 172 bytes
[2m2025-12-10T10:15:20.838177Z[0m [34mDEBUG[0m [2mhyper::proto::h1::io[0m[2m:[0m parsed 4 headers
[2m2025-12-10T10:15:20.838265Z[0m [34mDEBUG[0m [2mhyper::proto::h1::conn[0m[2m:[0m incoming body is content-length (45 bytes)
[2m2025-12-10T10:15:20.838278Z[0m [34mDEBUG[0m [2mhyper::proto::h1::conn[0m[2m:[0m incoming body completed
[2m2025-12-10T10:15:20.838285Z[0m [34mDEBUG[0m [2mhyper::client::pool[0m[2m:[0m pooling idle connection for ("http", 192.168.0.14:8545)
[2m2025-12-10T10:15:20.838302Z[0m [34mDEBUG[0m [2mhyper::client::pool[0m[2m:[0m reuse idle connection for ("http", 192.168.0.14:8545)
[2m2025-12-10T10:15:20.838316Z[0m [34mDEBUG[0m [2mhyper::proto::h1::io[0m[2m:[0m flushed 172 bytes
[2m2025-12-10T10:15:20.843475Z[0m [34mDEBUG[0m [2mhyper::proto::h1::io[0m[2m:[0m parsed 4 headers
[2m2025-12-10T10:15:20.843512Z[0m [34mDEBUG[0m [2mhyper::proto::h1::conn[0m[2m:[0m incoming body is content-length (45 bytes)
[2m2025-12-10T10:15:20.843528Z[0m [34mDEBUG[0m [2mhyper::proto::h1::conn[0m[2m:[0m incoming body completed
[2m2025-12-10T10:15:20.843548Z[0m [34mDEBUG[0m [2mhyper::client::pool[0m[2m:[0m pooling idle connection for ("http", 192.168.0.14:8545)
[2m2025-12-10T10:15:20.843610Z[0m [34mDEBUG[0m [2mhyper::client::pool[0m[2m:[0m reuse idle connection for ("http", 192.168.0.14:8545)
[2m2025-12-10T10:15:20.843644Z[0m [34mDEBUG[0m [2mhyper::proto::h1::io[0m[2m:[0m flushed 172 bytes
[2m2025-12-10T10:15:20.850031Z[0m [34mDEBUG[0m [2mhyper::proto::h1::io[0m[2m:[0m parsed 4 headers
[2m2025-12-10T10:15:20.850139Z[0m [34mDEBUG[0m [2mhyper::proto::h1::conn[0m[2m:[0m incoming body is content-length (45 bytes)
[2m2025-12-10T10:15:20.850152Z[0m [34mDEBUG[0m [2mhyper::proto::h1::conn[0m[2m:[0m incoming body completed
[2m2025-12-10T10:15:20.850170Z[0m [34mDEBUG[0m [2mhyper::client::pool[0m[2m:[0m pooling idle connection for ("http", 192.168.0.14:8545)
[2m2025-12-10T10:15:20.850215Z[0m [34mDEBUG[0m [2mhyper::client::pool[0m[2m:[0m reuse idle connection for ("http", 192.168.0.14:8545)
[2m2025-12-10T10:15:20.850248Z[0m [34mDEBUG[0m [2mhyper::proto::h1::io[0m[2m:[0m flushed 172 bytes
[2m2025-12-10T10:15:20.859021Z[0m [34mDEBUG[0m [2mhyper::proto::h1::io[0m[2m:[0m parsed 4 headers
[2m2025-12-10T10:15:20.859052Z[0m [34mDEBUG[0m [2mhyper::proto::h1::conn[0m[2m:[0m incoming body is content-length (45 bytes)
[2m2025-12-10T10:15:20.859067Z[0m [34mDEBUG[0m [2mhyper::proto::h1::conn[0m[2m:[0m incoming body completed
[2m2025-12-10T10:15:20.859086Z[0m [34mDEBUG[0m [2mhyper::client::pool[0m[2m:[0m pooling idle connection for ("http", 192.168.0.14:8545)
[2m2025-12-10T10:15:20.859126Z[0m [34mDEBUG[0m [2mhyper::client::pool[0m[2m:[0m reuse idle connection for ("http", 192.168.0.14:8545)
[2m2025-12-10T10:15:20.859158Z[0m [34mDEBUG[0m [2mhyper::proto::h1::io[0m[2m:[0m flushed 172 bytes
[2m2025-12-10T10:15:20.865324Z[0m [34mDEBUG[0m [2mhyper::proto::h1::io[0m[2m:[0m parsed 4 headers
[2m2025-12-10T10:15:20.865353Z[0m [34mDEBUG[0m [2mhyper::proto::h1::conn[0m[2m:[0m incoming body is content-length (45 bytes)
[2m2025-12-10T10:15:20.865365Z[0m [34mDEBUG[0m [2mhyper::proto::h1::conn[0m[2m:[0m incoming body completed
[2m2025-12-10T10:15:20.865380Z[0m [34mDEBUG[0m [2mhyper::client::pool[0m[2m:[0m pooling idle connection for ("http", 192.168.0.14:8545)
[2m2025-12-10T10:15:20.865415Z[0m [34mDEBUG[0m [2mhyper::client::pool[0m[2m:[0m reuse idle connection for ("http", 192.168.0.14:8545)
[2m2025-12-10T10:15:20.865439Z[0m [34mDEBUG[0m [2mhyper::proto::h1::io[0m[2m:[0m flushed 172 bytes
[2m2025-12-10T10:15:20.885632Z[0m [34mDEBUG[0m [2mhyper::proto::h1::io[0m[2m:[0m parsed 4 headers
[2m2025-12-10T10:15:20.885669Z[0m [34mDEBUG[0m [2mhyper::proto::h1::conn[0m[2m:[0m incoming body is content-length (763 bytes)
[2m2025-12-10T10:15:20.885707Z[0m [34mDEBUG[0m [2mhyper::proto::h1::conn[0m[2m:[0m incoming body completed
[2m2025-12-10T10:15:20.885738Z[0m [34mDEBUG[0m [2mhyper::client::pool[0m[2m:[0m pooling idle connection for ("http", 192.168.0.14:8545)
[2m2025-12-10T10:15:20.885758Z[0m [34mDEBUG[0m [2methereum_transaction_pool_monitor::eth_client[0m[2m:[0m 📡 Transaction fetch RPC completed in 83.3365ms
[2m2025-12-10T10:15:21.117563Z[0m [34mDEBUG[0m [2methereum_transaction_pool_monitor::eth_client[0m[2m:[0m ✅ Transaction 0x957534ab2feeb0b354eb9349ae8a7f7ef56b67118aed25949ff127321ff9dd11 fetched and parsed in 315.136167ms
[2m2025-12-10T10:15:21.117693Z[0m [34mDEBUG[0m [2methereum_transaction_pool_monitor::mempool_monitor[0m[2m:[0m 🔍 Skipping tx 0x957534ab2feeb0b354eb9349ae8a7f7ef56b67118aed25949ff127321ff9dd11 - not a DEX interaction (target: 0xA0b86991c6218b36c1d19D4a2e9Eb0cE3606eB48)
[2m2025-12-10T10:15:21.117707Z[0m [34mDEBUG[0m [2methereum_transaction_pool_monitor::mempool_monitor[0m[2m:[0m 📨 Processing new pending transaction: 0x8c953efd2b460d711a452ceb737d5d24f9ef6b97fa8d9e853208261322d7161c
[2m2025-12-10T10:15:21.117713Z[0m [34mDEBUG[0m [2methereum_transaction_pool_monitor::mempool_monitor[0m[2m:[0m 🔍 Fetching transaction details for: 0x8c953efd2b460d711a452ceb737d5d24f9ef6b97fa8d9e853208261322d7161c
[2m2025-12-10T10:15:21.117718Z[0m [34mDEBUG[0m [2methereum_transaction_pool_monitor::eth_client[0m[2m:[0m 🔍 Fetching transaction details for hash: 0x8c953efd2b460d711a452ceb737d5d24f9ef6b97fa8d9e853208261322d7161c
[2m2025-12-10T10:15:21.117761Z[0m [34mDEBUG[0m [2mhyper::client::pool[0m[2m:[0m reuse idle connection for ("http", 192.168.0.14:8545)
[2m2025-12-10T10:15:21.117812Z[0m [34mDEBUG[0m [2mhyper::proto::h1::io[0m[2m:[0m flushed 250 bytes
[2m2025-12-10T10:15:21.117883Z[0m [34mDEBUG[0m [2methereum_transaction_pool_monitor::eth_client[0m[2m:[0m 📨 Received WebSocket message: {"jsonrpc":"2.0","method":"eth_subscription","params":{"subscription":"0xbed0a0851463e895960a451075a301a9","result":"0x497afc47bd857395710298c6081b01894b28e953ab8e11c157b815ed322878da"}}
[2m2025-12-10T10:15:21.117915Z[0m [34mDEBUG[0m [2mhyper::proto::h1::io[0m[2m:[0m parsed 4 headers
[2m2025-12-10T10:15:21.117988Z[0m [34mDEBUG[0m [2methereum_transaction_pool_monitor::eth_client[0m[2m:[0m 📨 Received pending transaction: 0x497afc47bd857395710298c6081b01894b28e953ab8e11c157b815ed322878da
[2m2025-12-10T10:15:21.118029Z[0m [34mDEBUG[0m [2mhyper::proto::h1::conn[0m[2m:[0m incoming body is content-length (45 bytes)
[2m2025-12-10T10:15:21.118044Z[0m [34mDEBUG[0m [2methereum_transaction_pool_monitor::eth_client[0m[2m:[0m 📨 Received WebSocket message: {"jsonrpc":"2.0","method":"eth_subscription","params":{"subscription":"0xbed0a0851463e895960a451075a301a9","result":"0xe66411aca005e71eeea36e86b399c5fffd5d54486f9f03b69a70061cb474a04b"}}
[2m2025-12-10T10:15:21.118061Z[0m [34mDEBUG[0m [2mhyper::proto::h1::conn[0m[2m:[0m incoming body completed
[2m2025-12-10T10:15:21.118063Z[0m [34mDEBUG[0m [2methereum_transaction_pool_monitor::eth_client[0m[2m:[0m 📨 Received pending transaction: 0xe66411aca005e71eeea36e86b399c5fffd5d54486f9f03b69a70061cb474a04b
[2m2025-12-10T10:15:21.118095Z[0m [34mDEBUG[0m [2mhyper::client::pool[0m[2m:[0m pooling idle connection for ("http", 192.168.0.14:8545)
[2m2025-12-10T10:15:21.118162Z[0m [34mDEBUG[0m [2mhyper::client::pool[0m[2m:[0m reuse idle connection for ("http", 192.168.0.14:8545)
[2m2025-12-10T10:15:21.118221Z[0m [34mDEBUG[0m [2mhyper::proto::h1::io[0m[2m:[0m flushed 172 bytes
[2m2025-12-10T10:15:21.125513Z[0m [34mDEBUG[0m [2mhyper::proto::h1::io[0m[2m:[0m parsed 4 headers
[2m2025-12-10T10:15:21.125562Z[0m [34mDEBUG[0m [2mhyper::proto::h1::conn[0m[2m:[0m incoming body is content-length (45 bytes)
[2m2025-12-10T10:15:21.125572Z[0m [34mDEBUG[0m [2mhyper::proto::h1::conn[0m[2m:[0m incoming body completed
[2m2025-12-10T10:15:21.125586Z[0m [34mDEBUG[0m [2mhyper::client::pool[0m[2m:[0m pooling idle connection for ("http", 192.168.0.14:8545)
[2m2025-12-10T10:15:21.125618Z[0m [34mDEBUG[0m [2mhyper::client::pool[0m[2m:[0m reuse idle connection for ("http", 192.168.0.14:8545)
[2m2025-12-10T10:15:21.125649Z[0m [34mDEBUG[0m [2mhyper::proto::h1::io[0m[2m:[0m flushed 172 bytes
[2m2025-12-10T10:15:21.131471Z[0m [34mDEBUG[0m [2mhyper::proto::h1::io[0m[2m:[0m parsed 4 headers
[2m2025-12-10T10:15:21.131524Z[0m [34mDEBUG[0m [2mhyper::proto::h1::conn[0m[2m:[0m incoming body is content-length (45 bytes)
[2m2025-12-10T10:15:21.131541Z[0m [34mDEBUG[0m [2mhyper::proto::h1::conn[0m[2m:[0m incoming body completed
[2m2025-12-10T10:15:21.131557Z[0m [34mDEBUG[0m [2mhyper::client::pool[0m[2m:[0m pooling idle connection for ("http", 192.168.0.14:8545)
[2m2025-12-10T10:15:21.131590Z[0m [34mDEBUG[0m [2mhyper::client::pool[0m[2m:[0m reuse idle connection for ("http", 192.168.0.14:8545)
[2m2025-12-10T10:15:21.131626Z[0m [34mDEBUG[0m [2mhyper::proto::h1::io[0m[2m:[0m flushed 172 bytes
[2m2025-12-10T10:15:21.135277Z[0m [34mDEBUG[0m [2mhyper::proto::h1::io[0m[2m:[0m parsed 4 headers
[2m2025-12-10T10:15:21.135324Z[0m [34mDEBUG[0m [2mhyper::proto::h1::conn[0m[2m:[0m incoming body is content-length (45 bytes)
[2m2025-12-10T10:15:21.135340Z[0m [34mDEBUG[0m [2mhyper::proto::h1::conn[0m[2m:[0m incoming body completed
[2m2025-12-10T10:15:21.135360Z[0m [34mDEBUG[0m [2mhyper::client::pool[0m[2m:[0m pooling idle connection for ("http", 192.168.0.14:8545)
[2m2025-12-10T10:15:21.135403Z[0m [34mDEBUG[0m [2mhyper::client::pool[0m[2m:[0m reuse idle connection for ("http", 192.168.0.14:8545)
[2m2025-12-10T10:15:21.135472Z[0m [34mDEBUG[0m [2mhyper::proto::h1::io[0m[2m:[0m flushed 172 bytes
[2m2025-12-10T10:15:21.141165Z[0m [34mDEBUG[0m [2mhyper::proto::h1::io[0m[2m:[0m parsed 4 headers
[2m2025-12-10T10:15:21.141193Z[0m [34mDEBUG[0m [2mhyper::proto::h1::conn[0m[2m:[0m incoming body is content-length (45 bytes)
[2m2025-12-10T10:15:21.141204Z[0m [34mDEBUG[0m [2mhyper::proto::h1::conn[0m[2m:[0m incoming body completed
[2m2025-12-10T10:15:21.141216Z[0m [34mDEBUG[0m [2mhyper::client::pool[0m[2m:[0m pooling idle connection for ("http", 192.168.0.14:8545)
[2m2025-12-10T10:15:21.141247Z[0m [34mDEBUG[0m [2mhyper::client::pool[0m[2m:[0m reuse idle connection for ("http", 192.168.0.14:8545)
[2m2025-12-10T10:15:21.141312Z[0m [34mDEBUG[0m [2mhyper::proto::h1::io[0m[2m:[0m flushed 172 bytes
[2m2025-12-10T10:15:21.150824Z[0m [34mDEBUG[0m [2mhyper::proto::h1::io[0m[2m:[0m parsed 4 headers
[2m2025-12-10T10:15:21.150976Z[0m [34mDEBUG[0m [2mhyper::proto::h1::conn[0m[2m:[0m incoming body is content-length (773 bytes)
[2m2025-12-10T10:15:21.150987Z[0m [34mDEBUG[0m [2mhyper::proto::h1::conn[0m[2m:[0m incoming body completed
[2m2025-12-10T10:15:21.151000Z[0m [34mDEBUG[0m [2mhyper::client::pool[0m[2m:[0m pooling idle connection for ("http", 192.168.0.14:8545)
[2m2025-12-10T10:15:21.151021Z[0m [34mDEBUG[0m [2methereum_transaction_pool_monitor::eth_client[0m[2m:[0m 📡 Transaction fetch RPC completed in 33.29725ms
[2m2025-12-10T10:15:21.337391Z[0m [34mDEBUG[0m [2methereum_transaction_pool_monitor::eth_client[0m[2m:[0m ✅ Transaction 0x8c953efd2b460d711a452ceb737d5d24f9ef6b97fa8d9e853208261322d7161c fetched and parsed in 219.662041ms
[2m2025-12-10T10:15:21.337420Z[0m [34mDEBUG[0m [2methereum_transaction_pool_monitor::mempool_monitor[0m[2m:[0m 🔍 Skipping tx 0x8c953efd2b460d711a452ceb737d5d24f9ef6b97fa8d9e853208261322d7161c - not a DEX interaction (target: 0xA0b86991c6218b36c1d19D4a2e9Eb0cE3606eB48)
[2m2025-12-10T10:15:21.337431Z[0m [34mDEBUG[0m [2methereum_transaction_pool_monitor::mempool_monitor[0m[2m:[0m 📨 Processing new pending transaction: 0x5ebf6b0466e59fcadd8a0d42207da1870e3f5af36d347c0572df55ef6b83479d
[2m2025-12-10T10:15:21.337436Z[0m [34mDEBUG[0m [2methereum_transaction_pool_monitor::mempool_monitor[0m[2m:[0m 🔍 Fetching transaction details for: 0x5ebf6b0466e59fcadd8a0d42207da1870e3f5af36d347c0572df55ef6b83479d
[2m2025-12-10T10:15:21.337456Z[0m [34mDEBUG[0m [2methereum_transaction_pool_monitor::eth_client[0m[2m:[0m 🔍 Fetching transaction details for hash: 0x5ebf6b0466e59fcadd8a0d42207da1870e3f5af36d347c0572df55ef6b83479d
[2m2025-12-10T10:15:21.337479Z[0m [34mDEBUG[0m [2mhyper::client::pool[0m[2m:[0m reuse idle connection for ("http", 192.168.0.14:8545)
[2m2025-12-10T10:15:21.337532Z[0m [34mDEBUG[0m [2mhyper::proto::h1::io[0m[2m:[0m flushed 250 bytes
[2m2025-12-10T10:15:21.337598Z[0m [34mDEBUG[0m [2mhyper::proto::h1::io[0m[2m:[0m parsed 4 headers
[2m2025-12-10T10:15:21.337626Z[0m [34mDEBUG[0m [2mhyper::proto::h1::conn[0m[2m:[0m incoming body is content-length (45 bytes)
[2m2025-12-10T10:15:21.337644Z[0m [34mDEBUG[0m [2mhyper::proto::h1::conn[0m[2m:[0m incoming body completed
[2m2025-12-10T10:15:21.337676Z[0m [34mDEBUG[0m [2mhyper::client::pool[0m[2m:[0m pooling idle connection for ("http", 192.168.0.14:8545)
[2m2025-12-10T10:15:21.337716Z[0m [34mDEBUG[0m [2mhyper::client::pool[0m[2m:[0m reuse idle connection for ("http", 192.168.0.14:8545)
[2m2025-12-10T10:15:21.337777Z[0m [34mDEBUG[0m [2mhyper::proto::h1::io[0m[2m:[0m flushed 172 bytes
[2m2025-12-10T10:15:21.350642Z[0m [34mDEBUG[0m [2mhyper::proto::h1::io[0m[2m:[0m parsed 4 headers
[2m2025-12-10T10:15:21.350774Z[0m [34mDEBUG[0m [2mhyper::proto::h1::conn[0m[2m:[0m incoming body is content-length (45 bytes)
[2m2025-12-10T10:15:21.350809Z[0m [34mDEBUG[0m [2mhyper::proto::h1::conn[0m[2m:[0m incoming body completed
[2m2025-12-10T10:15:21.350837Z[0m [34mDEBUG[0m [2mhyper::client::pool[0m[2m:[0m pooling idle connection for ("http", 192.168.0.14:8545)
[2m2025-12-10T10:15:21.350874Z[0m [34mDEBUG[0m [2mhyper::client::pool[0m[2m:[0m reuse idle connection for ("http", 192.168.0.14:8545)
[2m2025-12-10T10:15:21.350922Z[0m [34mDEBUG[0m [2mhyper::proto::h1::io[0m[2m:[0m flushed 172 bytes
[2m2025-12-10T10:15:21.358042Z[0m [34mDEBUG[0m [2mhyper::proto::h1::io[0m[2m:[0m parsed 4 headers
[2m2025-12-10T10:15:21.358594Z[0m [34mDEBUG[0m [2mhyper::proto::h1::conn[0m[2m:[0m incoming body is content-length (45 bytes)
[2m2025-12-10T10:15:21.358606Z[0m [34mDEBUG[0m [2mhyper::proto::h1::conn[0m[2m:[0m incoming body completed
[2m2025-12-10T10:15:21.358620Z[0m [34mDEBUG[0m [2mhyper::client::pool[0m[2m:[0m pooling idle connection for ("http", 192.168.0.14:8545)
[2m2025-12-10T10:15:21.358651Z[0m [34mDEBUG[0m [2mhyper::client::pool[0m[2m:[0m reuse idle connection for ("http", 192.168.0.14:8545)
[2m2025-12-10T10:15:21.358687Z[0m [34mDEBUG[0m [2mhyper::proto::h1::io[0m[2m:[0m flushed 172 bytes
[2m2025-12-10T10:15:21.367414Z[0m [34mDEBUG[0m [2mhyper::proto::h1::io[0m[2m:[0m parsed 4 headers
[2m2025-12-10T10:15:21.367444Z[0m [34mDEBUG[0m [2mhyper::proto::h1::conn[0m[2m:[0m incoming body is content-length (905 bytes)
[2m2025-12-10T10:15:21.367456Z[0m [34mDEBUG[0m [2mhyper::proto::h1::conn[0m[2m:[0m incoming body completed
[2m2025-12-10T10:15:21.367468Z[0m [34mDEBUG[0m [2mhyper::client::pool[0m[2m:[0m pooling idle connection for ("http", 192.168.0.14:8545)
[2m2025-12-10T10:15:21.367478Z[0m [34mDEBUG[0m [2methereum_transaction_pool_monitor::eth_client[0m[2m:[0m 📡 Transaction fetch RPC completed in 30.017708ms
[2m2025-12-10T10:15:21.510431Z[0m [34mDEBUG[0m [2methereum_transaction_pool_monitor::eth_client[0m[2m:[0m ✅ Transaction 0x5ebf6b0466e59fcadd8a0d42207da1870e3f5af36d347c0572df55ef6b83479d fetched and parsed in 172.96725ms
[2m2025-12-10T10:15:21.510459Z[0m [34mDEBUG[0m [2methereum_transaction_pool_monitor::mempool_monitor[0m[2m:[0m 🔍 Skipping tx 0x5ebf6b0466e59fcadd8a0d42207da1870e3f5af36d347c0572df55ef6b83479d - not a DEX interaction (target: 0xFf00000000000000000000000000000000008453)
[2m2025-12-10T10:15:21.510473Z[0m [34mDEBUG[0m [2methereum_transaction_pool_monitor::mempool_monitor[0m[2m:[0m 📨 Processing new pending transaction: 0x58d32d4aeeb2e14837f69de0696e865b82b6b8246e1cc937f1bf641d06685b43
[2m2025-12-10T10:15:21.510481Z[0m [34mDEBUG[0m [2methereum_transaction_pool_monitor::mempool_monitor[0m[2m:[0m 🔍 Fetching transaction details for: 0x58d32d4aeeb2e14837f69de0696e865b82b6b8246e1cc937f1bf641d06685b43
[2m2025-12-10T10:15:21.510486Z[0m [34mDEBUG[0m [2methereum_transaction_pool_monitor::eth_client[0m[2m:[0m 🔍 Fetching transaction details for hash: 0x58d32d4aeeb2e14837f69de0696e865b82b6b8246e1cc937f1bf641d06685b43
[2m2025-12-10T10:15:21.510508Z[0m [34mDEBUG[0m [2mhyper::client::pool[0m[2m:[0m reuse idle connection for ("http", 192.168.0.14:8545)
[2m2025-12-10T10:15:21.510545Z[0m [34mDEBUG[0m [2mhyper::proto::h1::io[0m[2m:[0m flushed 250 bytes
[2m2025-12-10T10:15:21.510562Z[0m [34mDEBUG[0m [2mhyper::proto::h1::io[0m[2m:[0m parsed 4 headers
[2m2025-12-10T10:15:21.510567Z[0m [34mDEBUG[0m [2mhyper::proto::h1::conn[0m[2m:[0m incoming body is content-length (45 bytes)
[2m2025-12-10T10:15:21.510575Z[0m [34mDEBUG[0m [2mhyper::proto::h1::conn[0m[2m:[0m incoming body completed
[2m2025-12-10T10:15:21.510583Z[0m [34mDEBUG[0m [2mhyper::client::pool[0m[2m:[0m pooling idle connection for ("http", 192.168.0.14:8545)
[2m2025-12-10T10:15:21.510598Z[0m [34mDEBUG[0m [2mhyper::client::pool[0m[2m:[0m reuse idle connection for ("http", 192.168.0.14:8545)
[2m2025-12-10T10:15:21.510614Z[0m [34mDEBUG[0m [2mhyper::proto::h1::io[0m[2m:[0m flushed 172 bytes
[2m2025-12-10T10:15:21.514732Z[0m [34mDEBUG[0m [2mhyper::proto::h1::io[0m[2m:[0m parsed 4 headers
[2m2025-12-10T10:15:21.514766Z[0m [34mDEBUG[0m [2mhyper::proto::h1::conn[0m[2m:[0m incoming body is content-length (45 bytes)
[2m2025-12-10T10:15:21.514782Z[0m [34mDEBUG[0m [2mhyper::proto::h1::conn[0m[2m:[0m incoming body completed
[2m2025-12-10T10:15:21.514801Z[0m [34mDEBUG[0m [2mhyper::client::pool[0m[2m:[0m pooling idle connection for ("http", 192.168.0.14:8545)
[2m2025-12-10T10:15:21.514847Z[0m [34mDEBUG[0m [2mhyper::client::pool[0m[2m:[0m reuse idle connection for ("http", 192.168.0.14:8545)
[2m2025-12-10T10:15:21.514893Z[0m [34mDEBUG[0m [2mhyper::proto::h1::io[0m[2m:[0m flushed 172 bytes
[2m2025-12-10T10:15:21.521394Z[0m [34mDEBUG[0m [2mhyper::proto::h1::io[0m[2m:[0m parsed 4 headers
[2m2025-12-10T10:15:21.521463Z[0m [34mDEBUG[0m [2mhyper::proto::h1::conn[0m[2m:[0m incoming body is content-length (45 bytes)
[2m2025-12-10T10:15:21.521487Z[0m [34mDEBUG[0m [2mhyper::proto::h1::conn[0m[2m:[0m incoming body completed
[2m2025-12-10T10:15:21.521528Z[0m [34mDEBUG[0m [2mhyper::client::pool[0m[2m:[0m pooling idle connection for ("http", 192.168.0.14:8545)
[2m2025-12-10T10:15:21.521590Z[0m [34mDEBUG[0m [2mhyper::client::pool[0m[2m:[0m reuse idle connection for ("http", 192.168.0.14:8545)
[2m2025-12-10T10:15:21.521712Z[0m [34mDEBUG[0m [2mhyper::proto::h1::io[0m[2m:[0m flushed 172 bytes
[2m2025-12-10T10:15:21.523502Z[0m [34mDEBUG[0m [2methereum_transaction_pool_monitor::eth_client[0m[2m:[0m 📨 Received WebSocket message: {"jsonrpc":"2.0","method":"eth_subscription","params":{"subscription":"0xbed0a0851463e895960a451075a301a9","result":"0x5a3d8f1860c697a1d36954930692a98dbd68a4382a9fe281f8b9198641f32c32"}}
[2m2025-12-10T10:15:21.523535Z[0m [34mDEBUG[0m [2methereum_transaction_pool_monitor::eth_client[0m[2m:[0m 📨 Received pending transaction: 0x5a3d8f1860c697a1d36954930692a98dbd68a4382a9fe281f8b9198641f32c32
[2m2025-12-10T10:15:21.523557Z[0m [34mDEBUG[0m [2methereum_transaction_pool_monitor::eth_client[0m[2m:[0m 📨 Received WebSocket message: {"jsonrpc":"2.0","method":"eth_subscription","params":{"subscription":"0xbed0a0851463e895960a451075a301a9","result":"0x51da17c5818c3c747e68b823837bb10203f7d04100d7f5df84b938aefa7448dd"}}
[2m2025-12-10T10:15:21.523576Z[0m [34mDEBUG[0m [2methereum_transaction_pool_monitor::eth_client[0m[2m:[0m 📨 Received pending transaction: 0x51da17c5818c3c747e68b823837bb10203f7d04100d7f5df84b938aefa7448dd
[2m2025-12-10T10:15:21.523590Z[0m [34mDEBUG[0m [2methereum_transaction_pool_monitor::eth_client[0m[2m:[0m 📨 Received WebSocket message: {"jsonrpc":"2.0","method":"eth_subscription","params":{"subscription":"0xbed0a0851463e895960a451075a301a9","result":"0xc2e0a6e9e9609f97aa08523a33cf210e399eb6f2ab1eff1b265ebdfc0be89b01"}}
[2m2025-12-10T10:15:21.523603Z[0m [34mDEBUG[0m [2methereum_transaction_pool_monitor::eth_client[0m[2m:[0m 📨 Received pending transaction: 0xc2e0a6e9e9609f97aa08523a33cf210e399eb6f2ab1eff1b265ebdfc0be89b01
[2m2025-12-10T10:15:21.523616Z[0m [34mDEBUG[0m [2methereum_transaction_pool_monitor::eth_client[0m[2m:[0m 📨 Received WebSocket message: {"jsonrpc":"2.0","method":"eth_subscription","params":{"subscription":"0xbed0a0851463e895960a451075a301a9","result":"0xf14920060949efff7595a8f188284035576a46c2efb9e8412a3c658c29ef898a"}}
[2m2025-12-10T10:15:21.523630Z[0m [34mDEBUG[0m [2methereum_transaction_pool_monitor::eth_client[0m[2m:[0m 📨 Received pending transaction: 0xf14920060949efff7595a8f188284035576a46c2efb9e8412a3c658c29ef898a
[2m2025-12-10T10:15:21.524801Z[0m [34mDEBUG[0m [2mhyper::proto::h1::io[0m[2m:[0m parsed 4 headers
[2m2025-12-10T10:15:21.524813Z[0m [34mDEBUG[0m [2mhyper::proto::h1::conn[0m[2m:[0m incoming body is content-length (45 bytes)
[2m2025-12-10T10:15:21.524822Z[0m [34mDEBUG[0m [2mhyper::proto::h1::conn[0m[2m:[0m incoming body completed
[2m2025-12-10T10:15:21.524833Z[0m [34mDEBUG[0m [2mhyper::client::pool[0m[2m:[0m pooling idle connection for ("http", 192.168.0.14:8545)
[2m2025-12-10T10:15:21.524862Z[0m [34mDEBUG[0m [2mhyper::client::pool[0m[2m:[0m reuse idle connection for ("http", 192.168.0.14:8545)
[2m2025-12-10T10:15:21.524894Z[0m [34mDEBUG[0m [2mhyper::proto::h1::io[0m[2m:[0m flushed 172 bytes
[2m2025-12-10T10:15:21.532359Z[0m [34mDEBUG[0m [2methereum_transaction_pool_monitor::eth_client[0m[2m:[0m 📨 Received WebSocket message: {"jsonrpc":"2.0","method":"eth_subscription","params":{"subscription":"0xbed0a0851463e895960a451075a301a9","result":"0x29409cc1209168141c094f0b1f1c30c9909c9fb2de0097054b61fa2e3de325f6"}}
[2m2025-12-10T10:15:21.532396Z[0m [34mDEBUG[0m [2methereum_transaction_pool_monitor::eth_client[0m[2m:[0m 📨 Received pending transaction: 0x29409cc1209168141c094f0b1f1c30c9909c9fb2de0097054b61fa2e3de325f6
[2m2025-12-10T10:15:21.533710Z[0m [34mDEBUG[0m [2mhyper::proto::h1::io[0m[2m:[0m parsed 4 headers
[2m2025-12-10T10:15:21.533696Z[0m [34mDEBUG[0m [2methereum_transaction_pool_monitor::eth_client[0m[2m:[0m 📨 Received WebSocket message: {"jsonrpc":"2.0","method":"eth_subscription","params":{"subscription":"0xbed0a0851463e895960a451075a301a9","result":"0x97f8cef3a60a294e4aca3a6f4ce0326913b1e4424082ee9acec163aeee864f6e"}}
[2m2025-12-10T10:15:21.533750Z[0m [34mDEBUG[0m [2mhyper::proto::h1::conn[0m[2m:[0m incoming body is content-length (45 bytes)
[2m2025-12-10T10:15:21.533789Z[0m [34mDEBUG[0m [2methereum_transaction_pool_monitor::eth_client[0m[2m:[0m 📨 Received pending transaction: 0x97f8cef3a60a294e4aca3a6f4ce0326913b1e4424082ee9acec163aeee864f6e
[2m2025-12-10T10:15:21.533796Z[0m [34mDEBUG[0m [2mhyper::proto::h1::conn[0m[2m:[0m incoming body completed
[2m2025-12-10T10:15:21.533841Z[0m [34mDEBUG[0m [2mhyper::client::pool[0m[2m:[0m pooling idle connection for ("http", 192.168.0.14:8545)
[2m2025-12-10T10:15:21.533891Z[0m [34mDEBUG[0m [2mhyper::client::pool[0m[2m:[0m reuse idle connection for ("http", 192.168.0.14:8545)
[2m2025-12-10T10:15:21.533922Z[0m [34mDEBUG[0m [2mhyper::proto::h1::io[0m[2m:[0m flushed 172 bytes
[2m2025-12-10T10:15:21.537791Z[0m [34mDEBUG[0m [2mhyper::proto::h1::io[0m[2m:[0m parsed 4 headers
[2m2025-12-10T10:15:21.537820Z[0m [34mDEBUG[0m [2mhyper::proto::h1::conn[0m[2m:[0m incoming body is content-length (654 bytes)
[2m2025-12-10T10:15:21.537836Z[0m [34mDEBUG[0m [2mhyper::proto::h1::conn[0m[2m:[0m incoming body completed
[2m2025-12-10T10:15:21.537850Z[0m [34mDEBUG[0m [2mhyper::client::pool[0m[2m:[0m pooling idle connection for ("http", 192.168.0.14:8545)
[2m2025-12-10T10:15:21.537860Z[0m [34mDEBUG[0m [2methereum_transaction_pool_monitor::eth_client[0m[2m:[0m 📡 Transaction fetch RPC completed in 27.368416ms
[2m2025-12-10T10:15:21.665818Z[0m [34mDEBUG[0m [2methereum_transaction_pool_monitor::eth_client[0m[2m:[0m ✅ Transaction 0x58d32d4aeeb2e14837f69de0696e865b82b6b8246e1cc937f1bf641d06685b43 fetched and parsed in 155.323291ms
[2m2025-12-10T10:15:21.665840Z[0m [34mDEBUG[0m [2methereum_transaction_pool_monitor::mempool_monitor[0m[2m:[0m 🔍 Skipping tx 0x58d32d4aeeb2e14837f69de0696e865b82b6b8246e1cc937f1bf641d06685b43 - not a DEX interaction (target: 0xe77827D99979A864e4E265DE79b3B03678A4aB2e)
[2m2025-12-10T10:15:21.665849Z[0m [34mDEBUG[0m [2methereum_transaction_pool_monitor::mempool_monitor[0m[2m:[0m 📨 Processing new pending transaction: 0x07a9048047038e69a84f81bcbf5c732616abf3d6bd3cb93707b8cf841d096089
[2m2025-12-10T10:15:21.665862Z[0m [34mDEBUG[0m [2methereum_transaction_pool_monitor::mempool_monitor[0m[2m:[0m 🔍 Fetching transaction details for: 0x07a9048047038e69a84f81bcbf5c732616abf3d6bd3cb93707b8cf841d096089
[2m2025-12-10T10:15:21.665867Z[0m [34mDEBUG[0m [2methereum_transaction_pool_monitor::eth_client[0m[2m:[0m 🔍 Fetching transaction details for hash: 0x07a9048047038e69a84f81bcbf5c732616abf3d6bd3cb93707b8cf841d096089
[2m2025-12-10T10:15:21.665888Z[0m [34mDEBUG[0m [2mhyper::client::pool[0m[2m:[0m reuse idle connection for ("http", 192.168.0.14:8545)
[2m2025-12-10T10:15:21.665930Z[0m [34mDEBUG[0m [2mhyper::proto::h1::io[0m[2m:[0m flushed 250 bytes
[2m2025-12-10T10:15:21.665957Z[0m [34mDEBUG[0m [2methereum_transaction_pool_monitor::eth_client[0m[2m:[0m 📨 Received WebSocket message: {"jsonrpc":"2.0","method":"eth_subscription","params":{"subscription":"0xbed0a0851463e895960a451075a301a9","result":"0x0314b455fcd9ba113b58e2b4667fe8af5a7db11bc3fbe9d24ee6472a6febd680"}}
[2m2025-12-10T10:15:21.665967Z[0m [34mDEBUG[0m [2methereum_transaction_pool_monitor::eth_client[0m[2m:[0m 📨 Received pending transaction: 0x0314b455fcd9ba113b58e2b4667fe8af5a7db11bc3fbe9d24ee6472a6febd680
[2m2025-12-10T10:15:21.665972Z[0m [34mDEBUG[0m [2methereum_transaction_pool_monitor::eth_client[0m[2m:[0m 📨 Received WebSocket message: {"jsonrpc":"2.0","method":"eth_subscription","params":{"subscription":"0xbed0a0851463e895960a451075a301a9","result":"0x55da4dd7cf8e60baff0dbeab88abe80513183ac5058196b9bca902ca5775f146"}}
[2m2025-12-10T10:15:21.665978Z[0m [34mDEBUG[0m [2methereum_transaction_pool_monitor::eth_client[0m[2m:[0m 📨 Received pending transaction: 0x55da4dd7cf8e60baff0dbeab88abe80513183ac5058196b9bca902ca5775f146
[2m2025-12-10T10:15:21.665983Z[0m [34mDEBUG[0m [2methereum_transaction_pool_monitor::eth_client[0m[2m:[0m 📨 Received WebSocket message: {"jsonrpc":"2.0","method":"eth_subscription","params":{"subscription":"0xbed0a0851463e895960a451075a301a9","result":"0x7f40a82be766d11bf9a2b1dc844d18550ef6af4788788d70c5222558694a8995"}}
[2m2025-12-10T10:15:21.665987Z[0m [34mDEBUG[0m [2methereum_transaction_pool_monitor::eth_client[0m[2m:[0m 📨 Received pending transaction: 0x7f40a82be766d11bf9a2b1dc844d18550ef6af4788788d70c5222558694a8995
[2m2025-12-10T10:15:21.665992Z[0m [34mDEBUG[0m [2methereum_transaction_pool_monitor::eth_client[0m[2m:[0m 📨 Received WebSocket message: {"jsonrpc":"2.0","method":"eth_subscription","params":{"subscription":"0xbed0a0851463e895960a451075a301a9","result":"0x00a518cfeb901dd818c8fc3062cd038f0091d7a8a79d110ef8056614a8f7e3f0"}}
[2m2025-12-10T10:15:21.665997Z[0m [34mDEBUG[0m [2methereum_transaction_pool_monitor::eth_client[0m[2m:[0m 📨 Received pending transaction: 0x00a518cfeb901dd818c8fc3062cd038f0091d7a8a79d110ef8056614a8f7e3f0
[2m2025-12-10T10:15:21.666001Z[0m [34mDEBUG[0m [2methereum_transaction_pool_monitor::eth_client[0m[2m:[0m 📨 Received WebSocket message: {"jsonrpc":"2.0","method":"eth_subscription","params":{"subscription":"0xbed0a0851463e895960a451075a301a9","result":"0xf19f28d161666957367ee3a12e04b50af2efc529669f09a0e47e42abde4c6d8e"}}
[2m2025-12-10T10:15:21.666001Z[0m [34mDEBUG[0m [2mhyper::proto::h1::io[0m[2m:[0m parsed 4 headers
[2m2025-12-10T10:15:21.666006Z[0m [34mDEBUG[0m [2methereum_transaction_pool_monitor::eth_client[0m[2m:[0m 📨 Received pending transaction: 0xf19f28d161666957367ee3a12e04b50af2efc529669f09a0e47e42abde4c6d8e
[2m2025-12-10T10:15:21.666034Z[0m [34mDEBUG[0m [2mhyper::proto::h1::conn[0m[2m:[0m incoming body is content-length (45 bytes)
[2m2025-12-10T10:15:21.666067Z[0m [34mDEBUG[0m [2mhyper::proto::h1::conn[0m[2m:[0m incoming body completed
[2m2025-12-10T10:15:21.666069Z[0m [34mDEBUG[0m [2methereum_transaction_pool_monitor::eth_client[0m[2m:[0m 📨 Received WebSocket message: {"jsonrpc":"2.0","method":"eth_subscription","params":{"subscription":"0xbed0a0851463e895960a451075a301a9","result":"0x50b5ca10e6f1caccce1d229b884e1fcbe99aab0a86263b6235b5510ecbb13f35"}}
[2m2025-12-10T10:15:21.666099Z[0m [34mDEBUG[0m [2methereum_transaction_pool_monitor::eth_client[0m[2m:[0m 📨 Received pending transaction: 0x50b5ca10e6f1caccce1d229b884e1fcbe99aab0a86263b6235b5510ecbb13f35
[2m2025-12-10T10:15:21.666078Z[0m [34mDEBUG[0m [2mhyper::client::pool[0m[2m:[0m pooling idle connection for ("http", 192.168.0.14:8545)
[2m2025-12-10T10:15:21.666114Z[0m [34mDEBUG[0m [2methereum_transaction_pool_monitor::eth_client[0m[2m:[0m 📨 Received WebSocket message: {"jsonrpc":"2.0","method":"eth_subscription","params":{"subscription":"0xbed0a0851463e895960a451075a301a9","result":"0x0964d8a5e9497d528210343a6bd90d766b1453822d83f99747af0a0761678079"}}
[2m2025-12-10T10:15:21.666161Z[0m [34mDEBUG[0m [2mhyper::client::pool[0m[2m:[0m reuse idle connection for ("http", 192.168.0.14:8545)
[2m2025-12-10T10:15:21.666175Z[0m [34mDEBUG[0m [2methereum_transaction_pool_monitor::eth_client[0m[2m:[0m 📨 Received pending transaction: 0x0964d8a5e9497d528210343a6bd90d766b1453822d83f99747af0a0761678079
[2m2025-12-10T10:15:21.666195Z[0m [34mDEBUG[0m [2methereum_transaction_pool_monitor::eth_client[0m[2m:[0m 📨 Received WebSocket message: {"jsonrpc":"2.0","method":"eth_subscription","params":{"subscription":"0xbed0a0851463e895960a451075a301a9","result":"0x45cded1bc7829d428886581e79a2b4f084a58b704f698e6573d4439df9d3fd8a"}}
[2m2025-12-10T10:15:21.666207Z[0m [34mDEBUG[0m [2methereum_transaction_pool_monitor::eth_client[0m[2m:[0m 📨 Received pending transaction: 0x45cded1bc7829d428886581e79a2b4f084a58b704f698e6573d4439df9d3fd8a
[2m2025-12-10T10:15:21.666222Z[0m [34mDEBUG[0m [2mhyper::proto::h1::io[0m[2m:[0m flushed 172 bytes
[2m2025-12-10T10:15:21.666227Z[0m [34mDEBUG[0m [2methereum_transaction_pool_monitor::eth_client[0m[2m:[0m 📨 Received WebSocket message: {"jsonrpc":"2.0","method":"eth_subscription","params":{"subscription":"0xbed0a0851463e895960a451075a301a9","result":"0xa0b435e175af426132c0fec8e3e1d8f37ef2ee79b7ce469f9d582f3a9fa745e4"}}
[2m2025-12-10T10:15:21.666272Z[0m [34mDEBUG[0m [2methereum_transaction_pool_monitor::eth_client[0m[2m:[0m 📨 Received pending transaction: 0xa0b435e175af426132c0fec8e3e1d8f37ef2ee79b7ce469f9d582f3a9fa745e4
[2m2025-12-10T10:15:21.666284Z[0m [34mDEBUG[0m [2methereum_transaction_pool_monitor::eth_client[0m[2m:[0m 📨 Received WebSocket message: {"jsonrpc":"2.0","method":"eth_subscription","params":{"subscription":"0xbed0a0851463e895960a451075a301a9","result":"0x52b25d18c1b0d1cc51a0e49dce3cb9a5fb91d92cf782e5387c2904cafe769c80"}}
[2m2025-12-10T10:15:21.666296Z[0m [34mDEBUG[0m [2methereum_transaction_pool_monitor::eth_client[0m[2m:[0m 📨 Received pending transaction: 0x52b25d18c1b0d1cc51a0e49dce3cb9a5fb91d92cf782e5387c2904cafe769c80
[2m2025-12-10T10:15:21.666306Z[0m [34mDEBUG[0m [2methereum_transaction_pool_monitor::eth_client[0m[2m:[0m 📨 Received WebSocket message: {"jsonrpc":"2.0","method":"eth_subscription","params":{"subscription":"0xbed0a0851463e895960a451075a301a9","result":"0x2227820c7e7c04feac43d69c61abd01ddde02f60bb4dc6bdfa32a8750409b646"}}
[2m2025-12-10T10:15:21.666318Z[0m [34mDEBUG[0m [2methereum_transaction_pool_monitor::eth_client[0m[2m:[0m 📨 Received pending transaction: 0x2227820c7e7c04feac43d69c61abd01ddde02f60bb4dc6bdfa32a8750409b646
[2m2025-12-10T10:15:21.666328Z[0m [34mDEBUG[0m [2methereum_transaction_pool_monitor::eth_client[0m[2m:[0m 📨 Received WebSocket message: {"jsonrpc":"2.0","method":"eth_subscription","params":{"subscription":"0xbed0a0851463e895960a451075a301a9","result":"0x394258b02b10aea8459374c3019b16b1e8666764301e45fad7b3c8cc381ed8f3"}}
[2m2025-12-10T10:15:21.666339Z[0m [34mDEBUG[0m [2methereum_transaction_pool_monitor::eth_client[0m[2m:[0m 📨 Received pending transaction: 0x394258b02b10aea8459374c3019b16b1e8666764301e45fad7b3c8cc381ed8f3
[2m2025-12-10T10:15:21.666353Z[0m [34mDEBUG[0m [2methereum_transaction_pool_monitor::eth_client[0m[2m:[0m 📨 Received WebSocket message: {"jsonrpc":"2.0","method":"eth_subscription","params":{"subscription":"0xbed0a0851463e895960a451075a301a9","result":"0x058bf3eebee6d7177f4b86558710162701746b558f39e0c5d3829744696991a9"}}
[2m2025-12-10T10:15:21.666369Z[0m [34mDEBUG[0m [2methereum_transaction_pool_monitor::eth_client[0m[2m:[0m 📨 Received pending transaction: 0x058bf3eebee6d7177f4b86558710162701746b558f39e0c5d3829744696991a9
[2m2025-12-10T10:15:21.666380Z[0m [34mDEBUG[0m [2methereum_transaction_pool_monitor::eth_client[0m[2m:[0m 📨 Received WebSocket message: {"jsonrpc":"2.0","method":"eth_subscription","params":{"subscription":"0xbed0a0851463e895960a451075a301a9","result":"0x91a18107e19bb18fa28f4b76b19dad4858db29eabf18fc42f99fe683fc615ba2"}}
[2m2025-12-10T10:15:21.666391Z[0m [34mDEBUG[0m [2methereum_transaction_pool_monitor::eth_client[0m[2m:[0m 📨 Received pending transaction: 0x91a18107e19bb18fa28f4b76b19dad4858db29eabf18fc42f99fe683fc615ba2
[2m2025-12-10T10:15:21.666401Z[0m [34mDEBUG[0m [2methereum_transaction_pool_monitor::eth_client[0m[2m:[0m 📨 Received WebSocket message: {"jsonrpc":"2.0","method":"eth_subscription","params":{"subscription":"0xbed0a0851463e895960a451075a301a9","result":"0xa8a89ff796e4872a7da428fc58ee69eebc768e65b3bea260f9d8f451d6c7f5dc"}}
[2m2025-12-10T10:15:21.666412Z[0m [34mDEBUG[0m [2methereum_transaction_pool_monitor::eth_client[0m[2m:[0m 📨 Received pending transaction: 0xa8a89ff796e4872a7da428fc58ee69eebc768e65b3bea260f9d8f451d6c7f5dc
[2m2025-12-10T10:15:21.666426Z[0m [34mDEBUG[0m [2methereum_transaction_pool_monitor::eth_client[0m[2m:[0m 📨 Received WebSocket message: {"jsonrpc":"2.0","method":"eth_subscription","params":{"subscription":"0xbed0a0851463e895960a451075a301a9","result":"0x22d8d599423aad2834e0ced56f7564f97fd6676dccd6425c4d778ba64fb7531c"}}
[2m2025-12-10T10:15:21.666453Z[0m [34mDEBUG[0m [2methereum_transaction_pool_monitor::eth_client[0m[2m:[0m 📨 Received pending transaction: 0x22d8d599423aad2834e0ced56f7564f97fd6676dccd6425c4d778ba64fb7531c
[2m2025-12-10T10:15:21.666474Z[0m [34mDEBUG[0m [2methereum_transaction_pool_monitor::eth_client[0m[2m:[0m 📨 Received WebSocket message: {"jsonrpc":"2.0","method":"eth_subscription","params":{"subscription":"0xbed0a0851463e895960a451075a301a9","result":"0x2e54fac37195cfb225a1ce547b6233c8039c243129cf855c150ca6ec4b6d48c4"}}
[2m2025-12-10T10:15:21.666486Z[0m [34mDEBUG[0m [2methereum_transaction_pool_monitor::eth_client[0m[2m:[0m 📨 Received pending transaction: 0x2e54fac37195cfb225a1ce547b6233c8039c243129cf855c150ca6ec4b6d48c4
[2m2025-12-10T10:15:21.744094Z[0m [34mDEBUG[0m [2mhyper::proto::h1::io[0m[2m:[0m parsed 4 headers
[2m2025-12-10T10:15:21.744130Z[0m [34mDEBUG[0m [2mhyper::proto::h1::conn[0m[2m:[0m incoming body is content-length (45 bytes)
[2m2025-12-10T10:15:21.744147Z[0m [34mDEBUG[0m [2mhyper::proto::h1::conn[0m[2m:[0m incoming body completed
[2m2025-12-10T10:15:21.744177Z[0m [34mDEBUG[0m [2mhyper::client::pool[0m[2m:[0m pooling idle connection for ("http", 192.168.0.14:8545)
[2m2025-12-10T10:15:21.744295Z[0m [34mDEBUG[0m [2mhyper::client::pool[0m[2m:[0m reuse idle connection for ("http", 192.168.0.14:8545)
[2m2025-12-10T10:15:21.744374Z[0m [34mDEBUG[0m [2mhyper::proto::h1::io[0m[2m:[0m flushed 172 bytes
[2m2025-12-10T10:15:21.894878Z[0m [34mDEBUG[0m [2mhyper::proto::h1::io[0m[2m:[0m parsed 4 headers
[2m2025-12-10T10:15:21.894908Z[0m [34mDEBUG[0m [2mhyper::proto::h1::conn[0m[2m:[0m incoming body is content-length (771 bytes)
[2m2025-12-10T10:15:21.894919Z[0m [34mDEBUG[0m [2mhyper::proto::h1::conn[0m[2m:[0m incoming body completed
[2m2025-12-10T10:15:21.894931Z[0m [34mDEBUG[0m [2mhyper::client::pool[0m[2m:[0m pooling idle connection for ("http", 192.168.0.14:8545)
[2m2025-12-10T10:15:21.894939Z[0m [34mDEBUG[0m [2methereum_transaction_pool_monitor::eth_client[0m[2m:[0m 📡 Transaction fetch RPC completed in 229.066334ms
[2m2025-12-10T10:15:21.977471Z[0m [34mDEBUG[0m [2methereum_transaction_pool_monitor::eth_client[0m[2m:[0m ✅ Transaction 0x07a9048047038e69a84f81bcbf5c732616abf3d6bd3cb93707b8cf841d096089 fetched and parsed in 311.594709ms
[2m2025-12-10T10:15:21.977519Z[0m [34mDEBUG[0m [2methereum_transaction_pool_monitor::mempool_monitor[0m[2m:[0m 🔍 Skipping tx 0x07a9048047038e69a84f81bcbf5c732616abf3d6bd3cb93707b8cf841d096089 - not a DEX interaction (target: 0xB8f28C60dD8240141185a192fa4156A23E189305)
[2m2025-12-10T10:15:21.977532Z[0m [34mDEBUG[0m [2methereum_transaction_pool_monitor::mempool_monitor[0m[2m:[0m 📨 Processing new pending transaction: 0x9ad7531883b97a6fc88d87c31953a2c7816964dacc56e6a0a50c80390984383c
[2m2025-12-10T10:15:21.977537Z[0m [34mDEBUG[0m [2methereum_transaction_pool_monitor::mempool_monitor[0m[2m:[0m 🔍 Fetching transaction details for: 0x9ad7531883b97a6fc88d87c31953a2c7816964dacc56e6a0a50c80390984383c
[2m2025-12-10T10:15:21.977541Z[0m [34mDEBUG[0m [2methereum_transaction_pool_monitor::eth_client[0m[2m:[0m 🔍 Fetching transaction details for hash: 0x9ad7531883b97a6fc88d87c31953a2c7816964dacc56e6a0a50c80390984383c
[2m2025-12-10T10:15:21.977569Z[0m [34mDEBUG[0m [2mhyper::client::pool[0m[2m:[0m reuse idle connection for ("http", 192.168.0.14:8545)
[2m2025-12-10T10:15:21.977651Z[0m [34mDEBUG[0m [2mhyper::proto::h1::io[0m[2m:[0m flushed 250 bytes
[2m2025-12-10T10:15:21.977702Z[0m [34mDEBUG[0m [2mhyper::proto::h1::io[0m[2m:[0m parsed 4 headers
[2m2025-12-10T10:15:21.977712Z[0m [34mDEBUG[0m [2mhyper::proto::h1::conn[0m[2m:[0m incoming body is content-length (45 bytes)
[2m2025-12-10T10:15:21.977722Z[0m [34mDEBUG[0m [2mhyper::proto::h1::conn[0m[2m:[0m incoming body completed
[2m2025-12-10T10:15:21.977733Z[0m [34mDEBUG[0m [2mhyper::client::pool[0m[2m:[0m pooling idle connection for ("http", 192.168.0.14:8545)
[2m2025-12-10T10:15:21.977757Z[0m [34mDEBUG[0m [2mhyper::client::pool[0m[2m:[0m reuse idle connection for ("http", 192.168.0.14:8545)
[2m2025-12-10T10:15:21.977779Z[0m [34mDEBUG[0m [2mhyper::proto::h1::io[0m[2m:[0m flushed 172 bytes
[2m2025-12-10T10:15:22.020898Z[0m [34mDEBUG[0m [2methereum_transaction_pool_monitor::eth_client[0m[2m:[0m 📨 Received WebSocket message: {"jsonrpc":"2.0","method":"eth_subscription","params":{"subscription":"0xbed0a0851463e895960a451075a301a9","result":"0xf4cd60122bea7d9314f7dfcc543cbb9253cb17c95d03ca1533737bf0b74b9a66"}}
[2m2025-12-10T10:15:22.028636Z[0m [34mDEBUG[0m [2methereum_transaction_pool_monitor::eth_client[0m[2m:[0m 📨 Received pending transaction: 0xf4cd60122bea7d9314f7dfcc543cbb9253cb17c95d03ca1533737bf0b74b9a66
[2m2025-12-10T10:15:22.028657Z[0m [34mDEBUG[0m [2methereum_transaction_pool_monitor::eth_client[0m[2m:[0m 📨 Received WebSocket message: {"jsonrpc":"2.0","method":"eth_subscription","params":{"subscription":"0xbed0a0851463e895960a451075a301a9","result":"0x82e109ffef71686646d4bc61d5e3a3d1c16491e6ab1d741af533437d114d5eec"}}
[2m2025-12-10T10:15:22.028672Z[0m [34mDEBUG[0m [2methereum_transaction_pool_monitor::eth_client[0m[2m:[0m 📨 Received pending transaction: 0x82e109ffef71686646d4bc61d5e3a3d1c16491e6ab1d741af533437d114d5eec
[2m2025-12-10T10:15:22.028678Z[0m [34mDEBUG[0m [2methereum_transaction_pool_monitor::eth_client[0m[2m:[0m 📨 Received WebSocket message: {"jsonrpc":"2.0","method":"eth_subscription","params":{"subscription":"0xbed0a0851463e895960a451075a301a9","result":"0x09b35b441807b47126ad475d526fff29e86f1b2d05025c0a0fdccc59cfda0069"}}
[2m2025-12-10T10:15:22.028684Z[0m [34mDEBUG[0m [2methereum_transaction_pool_monitor::eth_client[0m[2m:[0m 📨 Received pending transaction: 0x09b35b441807b47126ad475d526fff29e86f1b2d05025c0a0fdccc59cfda0069
[2m2025-12-10T10:15:22.028746Z[0m [34mDEBUG[0m [2mhyper::proto::h1::io[0m[2m:[0m parsed 4 headers
[2m2025-12-10T10:15:22.028756Z[0m [34mDEBUG[0m [2mhyper::proto::h1::conn[0m[2m:[0m incoming body is content-length (45 bytes)
[2m2025-12-10T10:15:22.028767Z[0m [34mDEBUG[0m [2mhyper::proto::h1::conn[0m[2m:[0m incoming body completed
[2m2025-12-10T10:15:22.028781Z[0m [34mDEBUG[0m [2mhyper::client::pool[0m[2m:[0m pooling idle connection for ("http", 192.168.0.14:8545)
[2m2025-12-10T10:15:22.028869Z[0m [34mDEBUG[0m [2mhyper::client::pool[0m[2m:[0m reuse idle connection for ("http", 192.168.0.14:8545)
[2m2025-12-10T10:15:22.028975Z[0m [34mDEBUG[0m [2mhyper::proto::h1::io[0m[2m:[0m flushed 172 bytes
[2m2025-12-10T10:15:22.332706Z[0m [34mDEBUG[0m [2methereum_transaction_pool_monitor::eth_client[0m[2m:[0m 📨 Received WebSocket message: {"jsonrpc":"2.0","method":"eth_subscription","params":{"subscription":"0xbed0a0851463e895960a451075a301a9","result":"0x4ad4370fafe38c0e51c249da6662cbfc27ce1b50edc5739fd36512be89f3cb19"}}
[2m2025-12-10T10:15:22.332770Z[0m [34mDEBUG[0m [2methereum_transaction_pool_monitor::eth_client[0m[2m:[0m 📨 Received pending transaction: 0x4ad4370fafe38c0e51c249da6662cbfc27ce1b50edc5739fd36512be89f3cb19
[2m2025-12-10T10:15:22.332791Z[0m [34mDEBUG[0m [2methereum_transaction_pool_monitor::eth_client[0m[2m:[0m 📨 Received WebSocket message: {"jsonrpc":"2.0","method":"eth_subscription","params":{"subscription":"0xbed0a0851463e895960a451075a301a9","result":"0x5fbc21cefb73570337314b8eb35e869f26c9175491830acd6bea98191e7bfb1f"}}
[2m2025-12-10T10:15:22.332798Z[0m [34mDEBUG[0m [2methereum_transaction_pool_monitor::eth_client[0m[2m:[0m 📨 Received pending transaction: 0x5fbc21cefb73570337314b8eb35e869f26c9175491830acd6bea98191e7bfb1f
[2m2025-12-10T10:15:22.332811Z[0m [34mDEBUG[0m [2methereum_transaction_pool_monitor::eth_client[0m[2m:[0m 📨 Received WebSocket message: {"jsonrpc":"2.0","method":"eth_subscription","params":{"subscription":"0xbed0a0851463e895960a451075a301a9","result":"0x6a92599941b214aa44c688b50da5f9aece88c0be78c4f53b3c549046a9f400ef"}}
[2m2025-12-10T10:15:22.332822Z[0m [34mDEBUG[0m [2methereum_transaction_pool_monitor::eth_client[0m[2m:[0m 📨 Received pending transaction: 0x6a92599941b214aa44c688b50da5f9aece88c0be78c4f53b3c549046a9f400ef
[2m2025-12-10T10:15:22.332837Z[0m [34mDEBUG[0m [2methereum_transaction_pool_monitor::eth_client[0m[2m:[0m 📨 Received WebSocket message: {"jsonrpc":"2.0","method":"eth_subscription","params":{"subscription":"0xbed0a0851463e895960a451075a301a9","result":"0x8c155875eb76ee54f6d08506ff0ff879db1cba549261c60a0fb7fe870e471508"}}
[2m2025-12-10T10:15:22.332845Z[0m [34mDEBUG[0m [2methereum_transaction_pool_monitor::eth_client[0m[2m:[0m 📨 Received pending transaction: 0x8c155875eb76ee54f6d08506ff0ff879db1cba549261c60a0fb7fe870e471508
[2m2025-12-10T10:15:22.332850Z[0m [34mDEBUG[0m [2methereum_transaction_pool_monitor::eth_client[0m[2m:[0m 📨 Received WebSocket message: {"jsonrpc":"2.0","method":"eth_subscription","params":{"subscription":"0xbed0a0851463e895960a451075a301a9","result":"0xa515e73ccc5e2ad4032b2930f51b90f4f34e6ee7fecc4923c6a94a5a6bde7631"}}
[2m2025-12-10T10:15:22.332869Z[0m [34mDEBUG[0m [2methereum_transaction_pool_monitor::eth_client[0m[2m:[0m 📨 Received pending transaction: 0xa515e73ccc5e2ad4032b2930f51b90f4f34e6ee7fecc4923c6a94a5a6bde7631
[2m2025-12-10T10:15:22.332890Z[0m [34mDEBUG[0m [2methereum_transaction_pool_monitor::eth_client[0m[2m:[0m 📨 Received WebSocket message: {"jsonrpc":"2.0","method":"eth_subscription","params":{"subscription":"0xbed0a0851463e895960a451075a301a9","result":"0xcf1d01a41713c3f5b936002baaa4d2fe54c0947b3da512f365af41a42bc04155"}}
[2m2025-12-10T10:15:22.332896Z[0m [34mDEBUG[0m [2methereum_transaction_pool_monitor::eth_client[0m[2m:[0m 📨 Received pending transaction: 0xcf1d01a41713c3f5b936002baaa4d2fe54c0947b3da512f365af41a42bc04155
[2m2025-12-10T10:15:22.332911Z[0m [34mDEBUG[0m [2methereum_transaction_pool_monitor::eth_client[0m[2m:[0m 📨 Received WebSocket message: {"jsonrpc":"2.0","method":"eth_subscription","params":{"subscription":"0xbed0a0851463e895960a451075a301a9","result":"0x21e4e188c5265e0b4b46fbbf96ff89158dea16e392d93e790ab72aaafc213a22"}}
[2m2025-12-10T10:15:22.332926Z[0m [34mDEBUG[0m [2methereum_transaction_pool_monitor::eth_client[0m[2m:[0m 📨 Received pending transaction: 0x21e4e188c5265e0b4b46fbbf96ff89158dea16e392d93e790ab72aaafc213a22
[2m2025-12-10T10:15:22.332936Z[0m [34mDEBUG[0m [2methereum_transaction_pool_monitor::eth_client[0m[2m:[0m 📨 Received WebSocket message: {"jsonrpc":"2.0","method":"eth_subscription","params":{"subscription":"0xbed0a0851463e895960a451075a301a9","result":"0xcef037d9a5e9bbab68c4b6aeef5a4354563cbdce695542ecf2da42cf5797f50c"}}
[2m2025-12-10T10:15:22.332948Z[0m [34mDEBUG[0m [2methereum_transaction_pool_monitor::eth_client[0m[2m:[0m 📨 Received pending transaction: 0xcef037d9a5e9bbab68c4b6aeef5a4354563cbdce695542ecf2da42cf5797f50c
[2m2025-12-10T10:15:22.742560Z[0m [34mDEBUG[0m [2mhyper::proto::h1::io[0m[2m:[0m parsed 4 headers
[2m2025-12-10T10:15:22.742619Z[0m [34mDEBUG[0m [2mhyper::proto::h1::conn[0m[2m:[0m incoming body is content-length (771 bytes)
[2m2025-12-10T10:15:22.742638Z[0m [34mDEBUG[0m [2mhyper::proto::h1::conn[0m[2m:[0m incoming body completed
[2m2025-12-10T10:15:22.742668Z[0m [34mDEBUG[0m [2mhyper::client::pool[0m[2m:[0m pooling idle connection for ("http", 192.168.0.14:8545)
[2m2025-12-10T10:15:22.742690Z[0m [34mDEBUG[0m [2methereum_transaction_pool_monitor::eth_client[0m[2m:[0m 📡 Transaction fetch RPC completed in 765.136833ms
[2m2025-12-10T10:15:22.821257Z[0m [34mDEBUG[0m [2methereum_transaction_pool_monitor::eth_client[0m[2m:[0m ✅ Transaction 0x9ad7531883b97a6fc88d87c31953a2c7816964dacc56e6a0a50c80390984383c fetched and parsed in 843.699916ms
[2m2025-12-10T10:15:22.825542Z[0m [34mDEBUG[0m [2methereum_transaction_pool_monitor::mempool_monitor[0m[2m:[0m 🔍 Skipping tx 0x9ad7531883b97a6fc88d87c31953a2c7816964dacc56e6a0a50c80390984383c - not a DEX interaction (target: 0xA0b86991c6218b36c1d19D4a2e9Eb0cE3606eB48)
[2m2025-12-10T10:15:22.825556Z[0m [34mDEBUG[0m [2methereum_transaction_pool_monitor::mempool_monitor[0m[2m:[0m 📨 Processing new pending transaction: 0x863e8a32cde1fe3586def35957f030234873c36dda72e6bdfa3bdcb13f309594
[2m2025-12-10T10:15:22.825566Z[0m [34mDEBUG[0m [2methereum_transaction_pool_monitor::mempool_monitor[0m[2m:[0m 🔍 Fetching transaction details for: 0x863e8a32cde1fe3586def35957f030234873c36dda72e6bdfa3bdcb13f309594
[2m2025-12-10T10:15:22.825619Z[0m [34mDEBUG[0m [2methereum_transaction_pool_monitor::eth_client[0m[2m:[0m 🔍 Fetching transaction details for hash: 0x863e8a32cde1fe3586def35957f030234873c36dda72e6bdfa3bdcb13f309594
[2m2025-12-10T10:15:22.825651Z[0m [34mDEBUG[0m [2mhyper::client::pool[0m[2m:[0m reuse idle connection for ("http", 192.168.0.14:8545)
[2m2025-12-10T10:15:22.825688Z[0m [34mDEBUG[0m [2mhyper::proto::h1::io[0m[2m:[0m flushed 250 bytes
[2m2025-12-10T10:15:22.825716Z[0m [34mDEBUG[0m [2methereum_transaction_pool_monitor::eth_client[0m[2m:[0m 📨 Received WebSocket message: {"jsonrpc":"2.0","method":"eth_subscription","params":{"subscription":"0xbed0a0851463e895960a451075a301a9","result":"0x768e8a302c7ee672e9cc76b883a74c6a6430fc508330125414642e9dc023f5ad"}}
[2m2025-12-10T10:15:22.825717Z[0m [34mDEBUG[0m [2mhyper::proto::h1::io[0m[2m:[0m parsed 4 headers
[2m2025-12-10T10:15:22.825727Z[0m [34mDEBUG[0m [2methereum_transaction_pool_monitor::eth_client[0m[2m:[0m 📨 Received pending transaction: 0x768e8a302c7ee672e9cc76b883a74c6a6430fc508330125414642e9dc023f5ad
[2m2025-12-10T10:15:22.825731Z[0m [34mDEBUG[0m [2mhyper::proto::h1::conn[0m[2m:[0m incoming body is content-length (45 bytes)
[2m2025-12-10T10:15:22.825736Z[0m [34mDEBUG[0m [2methereum_transaction_pool_monitor::eth_client[0m[2m:[0m 📨 Received WebSocket message: {"jsonrpc":"2.0","method":"eth_subscription","params":{"subscription":"0xbed0a0851463e895960a451075a301a9","result":"0xacfcb3b93e8057e0050d51b3a199bae2f41768886a0ab2677c33c6153c310638"}}
[2m2025-12-10T10:15:22.825741Z[0m [34mDEBUG[0m [2mhyper::proto::h1::conn[0m[2m:[0m incoming body completed
[2m2025-12-10T10:15:22.825743Z[0m [34mDEBUG[0m [2methereum_transaction_pool_monitor::eth_client[0m[2m:[0m 📨 Received pending transaction: 0xacfcb3b93e8057e0050d51b3a199bae2f41768886a0ab2677c33c6153c310638
[2m2025-12-10T10:15:22.825753Z[0m [34mDEBUG[0m [2methereum_transaction_pool_monitor::eth_client[0m[2m:[0m 📨 Received WebSocket message: {"jsonrpc":"2.0","method":"eth_subscription","params":{"subscription":"0xbed0a0851463e895960a451075a301a9","result":"0x5b9865e9049618943d1b08933e94ac19d315ac5d20a29eb7700e424c34c3002b"}}
[2m2025-12-10T10:15:22.825753Z[0m [34mDEBUG[0m [2mhyper::client::pool[0m[2m:[0m pooling idle connection for ("http", 192.168.0.14:8545)
[2m2025-12-10T10:15:22.825759Z[0m [34mDEBUG[0m [2methereum_transaction_pool_monitor::eth_client[0m[2m:[0m 📨 Received pending transaction: 0x5b9865e9049618943d1b08933e94ac19d315ac5d20a29eb7700e424c34c3002b
[2m2025-12-10T10:15:22.825768Z[0m [34mDEBUG[0m [2methereum_transaction_pool_monitor::eth_client[0m[2m:[0m 📨 Received WebSocket message: {"jsonrpc":"2.0","method":"eth_subscription","params":{"subscription":"0xbed0a0851463e895960a451075a301a9","result":"0xa3765b70fc934ce0547c675ff6e3af53ff562b07d595551762998d06066e4639"}}
[2m2025-12-10T10:15:22.825773Z[0m [34mDEBUG[0m [2methereum_transaction_pool_monitor::eth_client[0m[2m:[0m 📨 Received pending transaction: 0xa3765b70fc934ce0547c675ff6e3af53ff562b07d595551762998d06066e4639
[2m2025-12-10T10:15:22.825778Z[0m [34mDEBUG[0m [2methereum_transaction_pool_monitor::eth_client[0m[2m:[0m 📨 Received WebSocket message: {"jsonrpc":"2.0","method":"eth_subscription","params":{"subscription":"0xbed0a0851463e895960a451075a301a9","result":"0xda12a5e97022cbb9193836ce262fb56fbaee33863a4f80a2a8ce80ce6faffa5d"}}
[2m2025-12-10T10:15:22.825778Z[0m [34mDEBUG[0m [2mhyper::client::pool[0m[2m:[0m reuse idle connection for ("http", 192.168.0.14:8545)
[2m2025-12-10T10:15:22.825783Z[0m [34mDEBUG[0m [2methereum_transaction_pool_monitor::eth_client[0m[2m:[0m 📨 Received pending transaction: 0xda12a5e97022cbb9193836ce262fb56fbaee33863a4f80a2a8ce80ce6faffa5d
[2m2025-12-10T10:15:22.825793Z[0m [34mDEBUG[0m [2methereum_transaction_pool_monitor::eth_client[0m[2m:[0m 📨 Received WebSocket message: {"jsonrpc":"2.0","method":"eth_subscription","params":{"subscription":"0xbed0a0851463e895960a451075a301a9","result":"0xee952634d62d74a533dbb013414e15c8192f062cd50452ab59cda855bcce8e22"}}
[2m2025-12-10T10:15:22.825798Z[0m [34mDEBUG[0m [2methereum_transaction_pool_monitor::eth_client[0m[2m:[0m 📨 Received pending transaction: 0xee952634d62d74a533dbb013414e15c8192f062cd50452ab59cda855bcce8e22
[2m2025-12-10T10:15:22.825800Z[0m [34mDEBUG[0m [2mhyper::proto::h1::io[0m[2m:[0m flushed 172 bytes
[2m2025-12-10T10:15:23.377123Z[0m [34mDEBUG[0m [2mhyper::proto::h1::io[0m[2m:[0m parsed 4 headers
[2m2025-12-10T10:15:23.377143Z[0m [34mDEBUG[0m [2mhyper::proto::h1::conn[0m[2m:[0m incoming body is content-length (45 bytes)
[2m2025-12-10T10:15:23.377153Z[0m [34mDEBUG[0m [2mhyper::proto::h1::conn[0m[2m:[0m incoming body completed
[2m2025-12-10T10:15:23.377171Z[0m [34mDEBUG[0m [2mhyper::client::pool[0m[2m:[0m pooling idle connection for ("http", 192.168.0.14:8545)
[2m2025-12-10T10:15:23.377209Z[0m [34mDEBUG[0m [2mhyper::client::pool[0m[2m:[0m reuse idle connection for ("http", 192.168.0.14:8545)
[2m2025-12-10T10:15:23.377234Z[0m [34mDEBUG[0m [2mhyper::proto::h1::io[0m[2m:[0m flushed 172 bytes
[2m2025-12-10T10:15:23.441379Z[0m [34mDEBUG[0m [2methereum_transaction_pool_monitor::eth_client[0m[2m:[0m 📨 Received WebSocket message: {"jsonrpc":"2.0","method":"eth_subscription","params":{"subscription":"0xbed0a0851463e895960a451075a301a9","result":"0x214a7f8fa87630ec863bbb8c8dc060432adf964985f3323800401dcc56d8bf5e"}}
[2m2025-12-10T10:15:23.441406Z[0m [34mDEBUG[0m [2methereum_transaction_pool_monitor::eth_client[0m[2m:[0m 📨 Received pending transaction: 0x214a7f8fa87630ec863bbb8c8dc060432adf964985f3323800401dcc56d8bf5e
[2m2025-12-10T10:15:23.443678Z[0m [34mDEBUG[0m [2methereum_transaction_pool_monitor::eth_client[0m[2m:[0m 📨 Received WebSocket message: {"jsonrpc":"2.0","method":"eth_subscription","params":{"subscription":"0xbed0a0851463e895960a451075a301a9","result":"0xe2c112dc695d49ba0ac2096f407f1bf3ee668b60510cd340ed29d8ccc7a51a8a"}}
[2m2025-12-10T10:15:23.443693Z[0m [34mDEBUG[0m [2methereum_transaction_pool_monitor::eth_client[0m[2m:[0m 📨 Received pending transaction: 0xe2c112dc695d49ba0ac2096f407f1bf3ee668b60510cd340ed29d8ccc7a51a8a
[2m2025-12-10T10:15:23.443700Z[0m [34mDEBUG[0m [2methereum_transaction_pool_monitor::eth_client[0m[2m:[0m 📨 Received WebSocket message: {"jsonrpc":"2.0","method":"eth_subscription","params":{"subscription":"0xbed0a0851463e895960a451075a301a9","result":"0x6338dd6f267315d98532a36efe5155d3eb60b29bd8101f31d91e21cb7ab428a8"}}
[2m2025-12-10T10:15:23.443708Z[0m [34mDEBUG[0m [2methereum_transaction_pool_monitor::eth_client[0m[2m:[0m 📨 Received pending transaction: 0x6338dd6f267315d98532a36efe5155d3eb60b29bd8101f31d91e21cb7ab428a8
[2m2025-12-10T10:15:23.475932Z[0m [34mDEBUG[0m [2mhyper::proto::h1::io[0m[2m:[0m parsed 4 headers
[2m2025-12-10T10:15:23.475952Z[0m [34mDEBUG[0m [2mhyper::proto::h1::conn[0m[2m:[0m incoming body is content-length (778 bytes)
[2m2025-12-10T10:15:23.475962Z[0m [34mDEBUG[0m [2mhyper::proto::h1::conn[0m[2m:[0m incoming body completed
[2m2025-12-10T10:15:23.485463Z[0m [34mDEBUG[0m [2mhyper::client::pool[0m[2m:[0m pooling idle connection for ("http", 192.168.0.14:8545)
[2m2025-12-10T10:15:23.485478Z[0m [34mDEBUG[0m [2methereum_transaction_pool_monitor::eth_client[0m[2m:[0m 📡 Transaction fetch RPC completed in 659.843208ms
[2m2025-12-10T10:15:23.485503Z[0m [34mDEBUG[0m [2methereum_transaction_pool_monitor::eth_client[0m[2m:[0m DeFi transaction detected - Address: 0xdac17f958d2ee523a2206206994597c13d831ec7, Type: Stablecoin, Value: 0 ETH, Gas: 200.00 Gwei
[2m2025-12-10T10:15:23.485623Z[0m [34mDEBUG[0m [2methereum_transaction_pool_monitor::eth_client[0m[2m:[0m ✅ Transaction 0x863e8a32cde1fe3586def35957f030234873c36dda72e6bdfa3bdcb13f309594 fetched and parsed in 659.988958ms
[2m2025-12-10T10:15:23.485634Z[0m [34mDEBUG[0m [2methereum_transaction_pool_monitor::mempool_monitor[0m[2m:[0m 🔍 Skipping tx 0x863e8a32cde1fe3586def35957f030234873c36dda72e6bdfa3bdcb13f309594 - not a DEX interaction (target: 0xdAC17F958D2ee523a2206206994597C13D831ec7)
[2m2025-12-10T10:15:23.485645Z[0m [34mDEBUG[0m [2methereum_transaction_pool_monitor::mempool_monitor[0m[2m:[0m 📨 Processing new pending transaction: 0xf5d8fb62a53ed704ef95993ec9df63a56b507f00c5266cdf45a2b992d5c6d56f
[2m2025-12-10T10:15:23.485650Z[0m [34mDEBUG[0m [2methereum_transaction_pool_monitor::mempool_monitor[0m[2m:[0m 🔍 Fetching transaction details for: 0xf5d8fb62a53ed704ef95993ec9df63a56b507f00c5266cdf45a2b992d5c6d56f
[2m2025-12-10T10:15:23.485656Z[0m [34mDEBUG[0m [2methereum_transaction_pool_monitor::eth_client[0m[2m:[0m 🔍 Fetching transaction details for hash: 0xf5d8fb62a53ed704ef95993ec9df63a56b507f00c5266cdf45a2b992d5c6d56f
[2m2025-12-10T10:15:23.485676Z[0m [34mDEBUG[0m [2mhyper::client::pool[0m[2m:[0m reuse idle connection for ("http", 192.168.0.14:8545)
[2m2025-12-10T10:15:23.485740Z[0m [34mDEBUG[0m [2mhyper::proto::h1::io[0m[2m:[0m flushed 250 bytes
[2m2025-12-10T10:15:23.631857Z[0m [34mDEBUG[0m [2methereum_transaction_pool_monitor::eth_client[0m[2m:[0m 📨 Received WebSocket message: {"jsonrpc":"2.0","method":"eth_subscription","params":{"subscription":"0xbed0a0851463e895960a451075a301a9","result":"0x5beaf000b539e1711cc4618e4aa1f70f6898ead98929e29dcb8302032428d28a"}}
[2m2025-12-10T10:15:23.637928Z[0m [34mDEBUG[0m [2methereum_transaction_pool_monitor::eth_client[0m[2m:[0m 📨 Received pending transaction: 0x5beaf000b539e1711cc4618e4aa1f70f6898ead98929e29dcb8302032428d28a
[2m2025-12-10T10:15:23.637940Z[0m [34mDEBUG[0m [2methereum_transaction_pool_monitor::eth_client[0m[2m:[0m 📨 Received WebSocket message: {"jsonrpc":"2.0","method":"eth_subscription","params":{"subscription":"0xbed0a0851463e895960a451075a301a9","result":"0xccef02536d745cc66f905ce55536b29ec4d77292b9ba31bc02e5fb7885ea2830"}}
[2m2025-12-10T10:15:23.637947Z[0m [34mDEBUG[0m [2methereum_transaction_pool_monitor::eth_client[0m[2m:[0m 📨 Received pending transaction: 0xccef02536d745cc66f905ce55536b29ec4d77292b9ba31bc02e5fb7885ea2830
[2m2025-12-10T10:15:23.637953Z[0m [34mDEBUG[0m [2methereum_transaction_pool_monitor::eth_client[0m[2m:[0m 📨 Received WebSocket message: {"jsonrpc":"2.0","method":"eth_subscription","params":{"subscription":"0xbed0a0851463e895960a451075a301a9","result":"0xb9b75be7d5fff72ae486fd7bdc190313209eaba8176b07a6b3ef0049d3c933e1"}}
[2m2025-12-10T10:15:23.637958Z[0m [34mDEBUG[0m [2methereum_transaction_pool_monitor::eth_client[0m[2m:[0m 📨 Received pending transaction: 0xb9b75be7d5fff72ae486fd7bdc190313209eaba8176b07a6b3ef0049d3c933e1
[2m2025-12-10T10:15:23.637964Z[0m [34mDEBUG[0m [2methereum_transaction_pool_monitor::eth_client[0m[2m:[0m 📨 Received WebSocket message: {"jsonrpc":"2.0","method":"eth_subscription","params":{"subscription":"0xbed0a0851463e895960a451075a301a9","result":"0x3f87f55a5d8ac9504a26e11703e4c9cada9032750f3def3bfcfbccacf1b48876"}}
[2m2025-12-10T10:15:23.637969Z[0m [34mDEBUG[0m [2methereum_transaction_pool_monitor::eth_client[0m[2m:[0m 📨 Received pending transaction: 0x3f87f55a5d8ac9504a26e11703e4c9cada9032750f3def3bfcfbccacf1b48876
[2m2025-12-10T10:15:23.841008Z[0m [34mDEBUG[0m [2methereum_transaction_pool_monitor::eth_client[0m[2m:[0m 📨 Received WebSocket message: {"jsonrpc":"2.0","method":"eth_subscription","params":{"subscription":"0xbed0a0851463e895960a451075a301a9","result":"0x2985de21bda06f3a926b9876d362021f109bdec8e27417289188338b6ac711c1"}}
[2m2025-12-10T10:15:23.841076Z[0m [34mDEBUG[0m [2methereum_transaction_pool_monitor::eth_client[0m[2m:[0m 📨 Received pending transaction: 0x2985de21bda06f3a926b9876d362021f109bdec8e27417289188338b6ac711c1
[2m2025-12-10T10:15:23.841091Z[0m [34mDEBUG[0m [2methereum_transaction_pool_monitor::eth_client[0m[2m:[0m 📨 Received WebSocket message: {"jsonrpc":"2.0","method":"eth_subscription","params":{"subscription":"0xbed0a0851463e895960a451075a301a9","result":"0x5d41770eee7f223db06cff904722115364cf30ede3e25a88cfe8773de7ef4cfb"}}
[2m2025-12-10T10:15:23.841120Z[0m [34mDEBUG[0m [2methereum_transaction_pool_monitor::eth_client[0m[2m:[0m 📨 Received pending transaction: 0x5d41770eee7f223db06cff904722115364cf30ede3e25a88cfe8773de7ef4cfb
[2m2025-12-10T10:15:23.841141Z[0m [34mDEBUG[0m [2methereum_transaction_pool_monitor::eth_client[0m[2m:[0m 📨 Received WebSocket message: {"jsonrpc":"2.0","method":"eth_subscription","params":{"subscription":"0xbed0a0851463e895960a451075a301a9","result":"0xc3457fcd5fd3f4e9489a9c110ed4eb7874d77e90eddd53b4eb611932a01dffab"}}
[2m2025-12-10T10:15:23.841164Z[0m [34mDEBUG[0m [2methereum_transaction_pool_monitor::eth_client[0m[2m:[0m 📨 Received pending transaction: 0xc3457fcd5fd3f4e9489a9c110ed4eb7874d77e90eddd53b4eb611932a01dffab
[2m2025-12-10T10:15:23.841184Z[0m [34mDEBUG[0m [2methereum_transaction_pool_monitor::eth_client[0m[2m:[0m 📨 Received WebSocket message: {"jsonrpc":"2.0","method":"eth_subscription","params":{"subscription":"0xbed0a0851463e895960a451075a301a9","result":"0xa7c162d8fdeb5bb03d4ce0f3e2fc00dfc6284799f2d05880cf4128b6332be8c6"}}
[2m2025-12-10T10:15:23.841217Z[0m [34mDEBUG[0m [2methereum_transaction_pool_monitor::eth_client[0m[2m:[0m 📨 Received pending transaction: 0xa7c162d8fdeb5bb03d4ce0f3e2fc00dfc6284799f2d05880cf4128b6332be8c6
[2m2025-12-10T10:15:24.262294Z[0m [34mDEBUG[0m [2mhyper::proto::h1::io[0m[2m:[0m parsed 4 headers
[2m2025-12-10T10:15:24.262350Z[0m [34mDEBUG[0m [2methereum_transaction_pool_monitor::eth_client[0m[2m:[0m 📨 Received WebSocket message: {"jsonrpc":"2.0","method":"eth_subscription","params":{"subscription":"0xbed0a0851463e895960a451075a301a9","result":"0xfdd7ba87e77989bd28ae2be16bcc289b982f615466a37cae9f807bc5c2d16483"}}
[2m2025-12-10T10:15:24.262378Z[0m [34mDEBUG[0m [2methereum_transaction_pool_monitor::eth_client[0m[2m:[0m 📨 Received pending transaction: 0xfdd7ba87e77989bd28ae2be16bcc289b982f615466a37cae9f807bc5c2d16483
[2m2025-12-10T10:15:24.262395Z[0m [34mDEBUG[0m [2methereum_transaction_pool_monitor::eth_client[0m[2m:[0m 📨 Received WebSocket message: {"jsonrpc":"2.0","method":"eth_subscription","params":{"subscription":"0xbed0a0851463e895960a451075a301a9","result":"0x095ac932d2dd2334c04cefe8e9c3d44683ea7d258316f581ff9825d58ab2856f"}}
[2m2025-12-10T10:15:24.262404Z[0m [34mDEBUG[0m [2methereum_transaction_pool_monitor::eth_client[0m[2m:[0m 📨 Received pending transaction: 0x095ac932d2dd2334c04cefe8e9c3d44683ea7d258316f581ff9825d58ab2856f
[2m2025-12-10T10:15:24.262411Z[0m [34mDEBUG[0m [2methereum_transaction_pool_monitor::eth_client[0m[2m:[0m 📨 Received WebSocket message: {"jsonrpc":"2.0","method":"eth_subscription","params":{"subscription":"0xbed0a0851463e895960a451075a301a9","result":"0x215757fb3df9913991d700bb0a678bdc710543a6050ed9331e81be230778f767"}}
[2m2025-12-10T10:15:24.262418Z[0m [34mDEBUG[0m [2methereum_transaction_pool_monitor::eth_client[0m[2m:[0m 📨 Received pending transaction: 0x215757fb3df9913991d700bb0a678bdc710543a6050ed9331e81be230778f767
[2m2025-12-10T10:15:24.262424Z[0m [34mDEBUG[0m [2methereum_transaction_pool_monitor::eth_client[0m[2m:[0m 📨 Received WebSocket message: {"jsonrpc":"2.0","method":"eth_subscription","params":{"subscription":"0xbed0a0851463e895960a451075a301a9","result":"0x2316903eeeff7240a9f50ccc035f401a2016ef9298b12d85a2d367c1c87fb464"}}
[2m2025-12-10T10:15:24.262431Z[0m [34mDEBUG[0m [2methereum_transaction_pool_monitor::eth_client[0m[2m:[0m 📨 Received pending transaction: 0x2316903eeeff7240a9f50ccc035f401a2016ef9298b12d85a2d367c1c87fb464
[2m2025-12-10T10:15:24.262445Z[0m [34mDEBUG[0m [2methereum_transaction_pool_monitor::eth_client[0m[2m:[0m 📨 Received WebSocket message: {"jsonrpc":"2.0","method":"eth_subscription","params":{"subscription":"0xbed0a0851463e895960a451075a301a9","result":"0x63405e408e40314bfaa87c3b15c46654d2e2c871f01317fde708cb8c3b8e48d4"}}
[2m2025-12-10T10:15:24.262453Z[0m [34mDEBUG[0m [2methereum_transaction_pool_monitor::eth_client[0m[2m:[0m 📨 Received pending transaction: 0x63405e408e40314bfaa87c3b15c46654d2e2c871f01317fde708cb8c3b8e48d4
[2m2025-12-10T10:15:24.262464Z[0m [34mDEBUG[0m [2methereum_transaction_pool_monitor::eth_client[0m[2m:[0m 📨 Received WebSocket message: {"jsonrpc":"2.0","method":"eth_subscription","params":{"subscription":"0xbed0a0851463e895960a451075a301a9","result":"0x962fb053e092eda4a4376381f9b9376f087602011be2cdd1357326ce655d918a"}}
[2m2025-12-10T10:15:24.262470Z[0m [34mDEBUG[0m [2methereum_transaction_pool_monitor::eth_client[0m[2m:[0m 📨 Received pending transaction: 0x962fb053e092eda4a4376381f9b9376f087602011be2cdd1357326ce655d918a
[2m2025-12-10T10:15:24.262475Z[0m [34mDEBUG[0m [2methereum_transaction_pool_monitor::eth_client[0m[2m:[0m 📨 Received WebSocket message: {"jsonrpc":"2.0","method":"eth_subscription","params":{"subscription":"0xbed0a0851463e895960a451075a301a9","result":"0x9e64ab21425a6b3f1ef3fe82909ae1eafa7b5a5675a1c90ee2fb84c30ecdd58d"}}
[2m2025-12-10T10:15:24.262481Z[0m [34mDEBUG[0m [2methereum_transaction_pool_monitor::eth_client[0m[2m:[0m 📨 Received pending transaction: 0x9e64ab21425a6b3f1ef3fe82909ae1eafa7b5a5675a1c90ee2fb84c30ecdd58d
[2m2025-12-10T10:15:24.262487Z[0m [34mDEBUG[0m [2methereum_transaction_pool_monitor::eth_client[0m[2m:[0m 📨 Received WebSocket message: {"jsonrpc":"2.0","method":"eth_subscription","params":{"subscription":"0xbed0a0851463e895960a451075a301a9","result":"0xa31a231d4408188bc8e4318787ced4ab610b8becc2500b74d920f990b3cccba0"}}
[2m2025-12-10T10:15:24.262492Z[0m [34mDEBUG[0m [2methereum_transaction_pool_monitor::eth_client[0m[2m:[0m 📨 Received pending transaction: 0xa31a231d4408188bc8e4318787ced4ab610b8becc2500b74d920f990b3cccba0
[2m2025-12-10T10:15:24.262497Z[0m [34mDEBUG[0m [2methereum_transaction_pool_monitor::eth_client[0m[2m:[0m 📨 Received WebSocket message: {"jsonrpc":"2.0","method":"eth_subscription","params":{"subscription":"0xbed0a0851463e895960a451075a301a9","result":"0xa537a5415b19667f676f666d9eb8b9fe7a57cfb67a7614049613fede9475363a"}}
[2m2025-12-10T10:15:24.262503Z[0m [34mDEBUG[0m [2methereum_transaction_pool_monitor::eth_client[0m[2m:[0m 📨 Received pending transaction: 0xa537a5415b19667f676f666d9eb8b9fe7a57cfb67a7614049613fede9475363a
[2m2025-12-10T10:15:24.262509Z[0m [34mDEBUG[0m [2methereum_transaction_pool_monitor::eth_client[0m[2m:[0m 📨 Received WebSocket message: {"jsonrpc":"2.0","method":"eth_subscription","params":{"subscription":"0xbed0a0851463e895960a451075a301a9","result":"0xac7116fc8959aa8ddfd3eea77543fac1d1bb2ba6e3542268ef403f1dc566b93f"}}
[2m2025-12-10T10:15:24.262514Z[0m [34mDEBUG[0m [2methereum_transaction_pool_monitor::eth_client[0m[2m:[0m 📨 Received pending transaction: 0xac7116fc8959aa8ddfd3eea77543fac1d1bb2ba6e3542268ef403f1dc566b93f
[2m2025-12-10T10:15:24.262518Z[0m [34mDEBUG[0m [2methereum_transaction_pool_monitor::eth_client[0m[2m:[0m 📨 Received WebSocket message: {"jsonrpc":"2.0","method":"eth_subscription","params":{"subscription":"0xbed0a0851463e895960a451075a301a9","result":"0xade5c1fed6b526885e90b5275180827ef0eb12f665e99b690f4f4840ec7a632c"}}
[2m2025-12-10T10:15:24.262524Z[0m [34mDEBUG[0m [2methereum_transaction_pool_monitor::eth_client[0m[2m:[0m 📨 Received pending transaction: 0xade5c1fed6b526885e90b5275180827ef0eb12f665e99b690f4f4840ec7a632c
[2m2025-12-10T10:15:24.262529Z[0m [34mDEBUG[0m [2methereum_transaction_pool_monitor::eth_client[0m[2m:[0m 📨 Received WebSocket message: {"jsonrpc":"2.0","method":"eth_subscription","params":{"subscription":"0xbed0a0851463e895960a451075a301a9","result":"0xbdd26c4dc5292175688f67199c92539af1c27b8fa3d6eafb44a1fe93dc586767"}}
[2m2025-12-10T10:15:24.262534Z[0m [34mDEBUG[0m [2methereum_transaction_pool_monitor::eth_client[0m[2m:[0m 📨 Received pending transaction: 0xbdd26c4dc5292175688f67199c92539af1c27b8fa3d6eafb44a1fe93dc586767
[2m2025-12-10T10:15:24.262539Z[0m [34mDEBUG[0m [2methereum_transaction_pool_monitor::eth_client[0m[2m:[0m 📨 Received WebSocket message: {"jsonrpc":"2.0","method":"eth_subscription","params":{"subscription":"0xbed0a0851463e895960a451075a301a9","result":"0xcb17b9f2cc1c7271ae0db2d17edacf9763eba8197a9cf29d1e6e4d42085fcbb1"}}
[2m2025-12-10T10:15:24.262544Z[0m [34mDEBUG[0m [2methereum_transaction_pool_monitor::eth_client[0m[2m:[0m 📨 Received pending transaction: 0xcb17b9f2cc1c7271ae0db2d17edacf9763eba8197a9cf29d1e6e4d42085fcbb1
[2m2025-12-10T10:15:24.262549Z[0m [34mDEBUG[0m [2methereum_transaction_pool_monitor::eth_client[0m[2m:[0m 📨 Received WebSocket message: {"jsonrpc":"2.0","method":"eth_subscription","params":{"subscription":"0xbed0a0851463e895960a451075a301a9","result":"0xd56d7d65666750b38d91635eeb7476f902199bc6cce0a77e4dfd531ae14b7cb8"}}
[2m2025-12-10T10:15:24.262555Z[0m [34mDEBUG[0m [2methereum_transaction_pool_monitor::eth_client[0m[2m:[0m 📨 Received pending transaction: 0xd56d7d65666750b38d91635eeb7476f902199bc6cce0a77e4dfd531ae14b7cb8
[2m2025-12-10T10:15:24.262559Z[0m [34mDEBUG[0m [2methereum_transaction_pool_monitor::eth_client[0m[2m:[0m 📨 Received WebSocket message: {"jsonrpc":"2.0","method":"eth_subscription","params":{"subscription":"0xbed0a0851463e895960a451075a301a9","result":"0x9cba6aefb0a02b4c92c3da87d4f2704f56ad9f371adc8fbc183d499157d0ab10"}}
[2m2025-12-10T10:15:24.262564Z[0m [34mDEBUG[0m [2methereum_transaction_pool_monitor::eth_client[0m[2m:[0m 📨 Received pending transaction: 0x9cba6aefb0a02b4c92c3da87d4f2704f56ad9f371adc8fbc183d499157d0ab10
[2m2025-12-10T10:15:24.262354Z[0m [34mDEBUG[0m [2mhyper::proto::h1::conn[0m[2m:[0m incoming body is content-length (45 bytes)
[2m2025-12-10T10:15:24.262873Z[0m [34mDEBUG[0m [2mhyper::proto::h1::conn[0m[2m:[0m incoming body completed
[2m2025-12-10T10:15:24.262968Z[0m [34mDEBUG[0m [2mhyper::client::pool[0m[2m:[0m pooling idle connection for ("http", 192.168.0.14:8545)
[2m2025-12-10T10:15:24.263024Z[0m [34mDEBUG[0m [2mhyper::client::pool[0m[2m:[0m reuse idle connection for ("http", 192.168.0.14:8545)
[2m2025-12-10T10:15:24.263230Z[0m [34mDEBUG[0m [2mhyper::proto::h1::io[0m[2m:[0m flushed 172 bytes
[2m2025-12-10T10:15:24.621056Z[0m [34mDEBUG[0m [2mhyper::proto::h1::io[0m[2m:[0m parsed 4 headers
[2m2025-12-10T10:15:24.621092Z[0m [34mDEBUG[0m [2mhyper::proto::h1::conn[0m[2m:[0m incoming body is content-length (554 bytes)
[2m2025-12-10T10:15:24.621125Z[0m [34mDEBUG[0m [2mhyper::proto::h1::conn[0m[2m:[0m incoming body completed
[2m2025-12-10T10:15:24.621380Z[0m [34mDEBUG[0m [2mhyper::client::pool[0m[2m:[0m pooling idle connection for ("http", 192.168.0.14:8545)
[2m2025-12-10T10:15:24.621401Z[0m [34mDEBUG[0m [2methereum_transaction_pool_monitor::eth_client[0m[2m:[0m 📡 Transaction fetch RPC completed in 1.135731s
[2m2025-12-10T10:15:24.714483Z[0m [34mDEBUG[0m [2methereum_transaction_pool_monitor::eth_client[0m[2m:[0m ✅ Transaction 0xf5d8fb62a53ed704ef95993ec9df63a56b507f00c5266cdf45a2b992d5c6d56f fetched and parsed in 1.228809792s
[2m2025-12-10T10:15:24.714523Z[0m [34mDEBUG[0m [2methereum_transaction_pool_monitor::mempool_monitor[0m[2m:[0m 🔍 Skipping tx 0xf5d8fb62a53ed704ef95993ec9df63a56b507f00c5266cdf45a2b992d5c6d56f - not a DEX interaction (target: 0x748B4F4C3BF781878166A614e6f69D62e9CbB67B)
[2m2025-12-10T10:15:24.714538Z[0m [34mDEBUG[0m [2methereum_transaction_pool_monitor::mempool_monitor[0m[2m:[0m 📨 Processing new pending transaction: 0x535f83ea4d35d454ba7eb45ada4c081be479be48ef86a7644e420767fd9904f2
[2m2025-12-10T10:15:24.714544Z[0m [34mDEBUG[0m [2methereum_transaction_pool_monitor::mempool_monitor[0m[2m:[0m 🔍 Fetching transaction details for: 0x535f83ea4d35d454ba7eb45ada4c081be479be48ef86a7644e420767fd9904f2
[2m2025-12-10T10:15:24.714548Z[0m [34mDEBUG[0m [2methereum_transaction_pool_monitor::eth_client[0m[2m:[0m 🔍 Fetching transaction details for hash: 0x535f83ea4d35d454ba7eb45ada4c081be479be48ef86a7644e420767fd9904f2
[2m2025-12-10T10:15:24.714574Z[0m [34mDEBUG[0m [2mhyper::client::pool[0m[2m:[0m reuse idle connection for ("http", 192.168.0.14:8545)
[2m2025-12-10T10:15:24.714646Z[0m [34mDEBUG[0m [2mhyper::proto::h1::io[0m[2m:[0m flushed 250 bytes
[2m2025-12-10T10:15:24.714676Z[0m [34mDEBUG[0m [2mhyper::proto::h1::io[0m[2m:[0m parsed 4 headers
[2m2025-12-10T10:15:24.714682Z[0m [34mDEBUG[0m [2mhyper::proto::h1::conn[0m[2m:[0m incoming body is content-length (45 bytes)
[2m2025-12-10T10:15:24.714690Z[0m [34mDEBUG[0m [2mhyper::proto::h1::conn[0m[2m:[0m incoming body completed
[2m2025-12-10T10:15:24.714691Z[0m [34mDEBUG[0m [2methereum_transaction_pool_monitor::eth_client[0m[2m:[0m 📨 Received WebSocket message: {"jsonrpc":"2.0","method":"eth_subscription","params":{"subscription":"0xbed0a0851463e895960a451075a301a9","result":"0xb320dd5fd23719313269dfa1d7e5f5755c2675564d7ab462771795c39ae8bb94"}}
[2m2025-12-10T10:15:24.714701Z[0m [34mDEBUG[0m [2mhyper::client::pool[0m[2m:[0m pooling idle connection for ("http", 192.168.0.14:8545)
[2m2025-12-10T10:15:24.714703Z[0m [34mDEBUG[0m [2methereum_transaction_pool_monitor::eth_client[0m[2m:[0m 📨 Received pending transaction: 0xb320dd5fd23719313269dfa1d7e5f5755c2675564d7ab462771795c39ae8bb94
[2m2025-12-10T10:15:24.714713Z[0m [34mDEBUG[0m [2methereum_transaction_pool_monitor::eth_client[0m[2m:[0m 📨 Received WebSocket message: {"jsonrpc":"2.0","method":"eth_subscription","params":{"subscription":"0xbed0a0851463e895960a451075a301a9","result":"0xb05f5f8a34dcaf4e78293e0fb2fba0bc05d1519de56c839edb221f6c67fe1bab"}}
[2m2025-12-10T10:15:24.714719Z[0m [34mDEBUG[0m [2methereum_transaction_pool_monitor::eth_client[0m[2m:[0m 📨 Received pending transaction: 0xb05f5f8a34dcaf4e78293e0fb2fba0bc05d1519de56c839edb221f6c67fe1bab
[2m2025-12-10T10:15:24.714722Z[0m [34mDEBUG[0m [2mhyper::client::pool[0m[2m:[0m reuse idle connection for ("http", 192.168.0.14:8545)
[2m2025-12-10T10:15:24.714723Z[0m [34mDEBUG[0m [2methereum_transaction_pool_monitor::eth_client[0m[2m:[0m 📨 Received WebSocket message: {"jsonrpc":"2.0","method":"eth_subscription","params":{"subscription":"0xbed0a0851463e895960a451075a301a9","result":"0x04e0ae0a93ce830294870f4705c3cc5b21465a5fbe3774e6a778b1728a23f654"}}
[2m2025-12-10T10:15:24.714740Z[0m [34mDEBUG[0m [2mhyper::proto::h1::io[0m[2m:[0m flushed 172 bytes
[2m2025-12-10T10:15:24.714743Z[0m [34mDEBUG[0m [2methereum_transaction_pool_monitor::eth_client[0m[2m:[0m 📨 Received pending transaction: 0x04e0ae0a93ce830294870f4705c3cc5b21465a5fbe3774e6a778b1728a23f654
[2m2025-12-10T10:15:24.714752Z[0m [34mDEBUG[0m [2methereum_transaction_pool_monitor::eth_client[0m[2m:[0m 📨 Received WebSocket message: {"jsonrpc":"2.0","method":"eth_subscription","params":{"subscription":"0xbed0a0851463e895960a451075a301a9","result":"0x676840cbc305ca87ff2979be4bd014d49b6f597f61e48197b6c8e85c4eb3c0c7"}}
[2m2025-12-10T10:15:24.714758Z[0m [34mDEBUG[0m [2methereum_transaction_pool_monitor::eth_client[0m[2m:[0m 📨 Received pending transaction: 0x676840cbc305ca87ff2979be4bd014d49b6f597f61e48197b6c8e85c4eb3c0c7
[2m2025-12-10T10:15:24.714763Z[0m [34mDEBUG[0m [2methereum_transaction_pool_monitor::eth_client[0m[2m:[0m 📨 Received WebSocket message: {"jsonrpc":"2.0","method":"eth_subscription","params":{"subscription":"0xbed0a0851463e895960a451075a301a9","result":"0x4588e8e84d8e06ded5a8ca0146b00713ecdaa0e5224a914b1ae3dfca7552bc7a"}}
[2m2025-12-10T10:15:24.714768Z[0m [34mDEBUG[0m [2methereum_transaction_pool_monitor::eth_client[0m[2m:[0m 📨 Received pending transaction: 0x4588e8e84d8e06ded5a8ca0146b00713ecdaa0e5224a914b1ae3dfca7552bc7a
[2m2025-12-10T10:15:24.714773Z[0m [34mDEBUG[0m [2methereum_transaction_pool_monitor::eth_client[0m[2m:[0m 📨 Received WebSocket message: {"jsonrpc":"2.0","method":"eth_subscription","params":{"subscription":"0xbed0a0851463e895960a451075a301a9","result":"0x6a2e7ad4fa0f598709343737ef35842db0d42ff09f709fd9c5a427e03911c67b"}}
[2m2025-12-10T10:15:24.714778Z[0m [34mDEBUG[0m [2methereum_transaction_pool_monitor::eth_client[0m[2m:[0m 📨 Received pending transaction: 0x6a2e7ad4fa0f598709343737ef35842db0d42ff09f709fd9c5a427e03911c67b
[2m2025-12-10T10:15:24.714782Z[0m [34mDEBUG[0m [2methereum_transaction_pool_monitor::eth_client[0m[2m:[0m 📨 Received WebSocket message: {"jsonrpc":"2.0","method":"eth_subscription","params":{"subscription":"0xbed0a0851463e895960a451075a301a9","result":"0xb9cf875d4f2ce7428d9beac6321b6098a848537b303a0585e3431597df12ee63"}}
[2m2025-12-10T10:15:24.714787Z[0m [34mDEBUG[0m [2methereum_transaction_pool_monitor::eth_client[0m[2m:[0m 📨 Received pending transaction: 0xb9cf875d4f2ce7428d9beac6321b6098a848537b303a0585e3431597df12ee63
[2m2025-12-10T10:15:24.714791Z[0m [34mDEBUG[0m [2methereum_transaction_pool_monitor::eth_client[0m[2m:[0m 📨 Received WebSocket message: {"jsonrpc":"2.0","method":"eth_subscription","params":{"subscription":"0xbed0a0851463e895960a451075a301a9","result":"0x6bccf6c91e86782f1bb8dd68e941d7a3a217184ffd047c73117f97055da2e420"}}
[2m2025-12-10T10:15:24.714796Z[0m [34mDEBUG[0m [2methereum_transaction_pool_monitor::eth_client[0m[2m:[0m 📨 Received pending transaction: 0x6bccf6c91e86782f1bb8dd68e941d7a3a217184ffd047c73117f97055da2e420
[2m2025-12-10T10:15:24.714800Z[0m [34mDEBUG[0m [2methereum_transaction_pool_monitor::eth_client[0m[2m:[0m 📨 Received WebSocket message: {"jsonrpc":"2.0","method":"eth_subscription","params":{"subscription":"0xbed0a0851463e895960a451075a301a9","result":"0xaa9b6ae4d5be1167279acdeb226dc2220d9637d5ec4ad93e1ca5ff2ff4f01681"}}
[2m2025-12-10T10:15:24.714805Z[0m [34mDEBUG[0m [2methereum_transaction_pool_monitor::eth_client[0m[2m:[0m 📨 Received pending transaction: 0xaa9b6ae4d5be1167279acdeb226dc2220d9637d5ec4ad93e1ca5ff2ff4f01681
[2m2025-12-10T10:15:24.714809Z[0m [34mDEBUG[0m [2methereum_transaction_pool_monitor::eth_client[0m[2m:[0m 📨 Received WebSocket message: {"jsonrpc":"2.0","method":"eth_subscription","params":{"subscription":"0xbed0a0851463e895960a451075a301a9","result":"0xb4fe7c1861da15b8ccbdcecc7fca3a683dce171f989655d0710fb252edbde31a"}}
[2m2025-12-10T10:15:24.714813Z[0m [34mDEBUG[0m [2methereum_transaction_pool_monitor::eth_client[0m[2m:[0m 📨 Received pending transaction: 0xb4fe7c1861da15b8ccbdcecc7fca3a683dce171f989655d0710fb252edbde31a
[2m2025-12-10T10:15:24.714817Z[0m [34mDEBUG[0m [2methereum_transaction_pool_monitor::eth_client[0m[2m:[0m 📨 Received WebSocket message: {"jsonrpc":"2.0","method":"eth_subscription","params":{"subscription":"0xbed0a0851463e895960a451075a301a9","result":"0xccf2f47889006a6802a4a4a6bdd0dde67752ff4bec456d1c56dc6101e1737474"}}
[2m2025-12-10T10:15:24.714822Z[0m [34mDEBUG[0m [2methereum_transaction_pool_monitor::eth_client[0m[2m:[0m 📨 Received pending transaction: 0xccf2f47889006a6802a4a4a6bdd0dde67752ff4bec456d1c56dc6101e1737474
[2m2025-12-10T10:15:24.714826Z[0m [34mDEBUG[0m [2methereum_transaction_pool_monitor::eth_client[0m[2m:[0m 📨 Received WebSocket message: {"jsonrpc":"2.0","method":"eth_subscription","params":{"subscription":"0xbed0a0851463e895960a451075a301a9","result":"0xfe5a9501963ff98842de1d4c9348c30ddaaa6c6c8681edacee841d839b784deb"}}
[2m2025-12-10T10:15:24.714831Z[0m [34mDEBUG[0m [2methereum_transaction_pool_monitor::eth_client[0m[2m:[0m 📨 Received pending transaction: 0xfe5a9501963ff98842de1d4c9348c30ddaaa6c6c8681edacee841d839b784deb
[2m2025-12-10T10:15:24.714835Z[0m [34mDEBUG[0m [2methereum_transaction_pool_monitor::eth_client[0m[2m:[0m 📨 Received WebSocket message: {"jsonrpc":"2.0","method":"eth_subscription","params":{"subscription":"0xbed0a0851463e895960a451075a301a9","result":"0xa2e0d04319463952308b2161e530c1a1310de3b14346c1c9660765a8ce7780a9"}}
[2m2025-12-10T10:15:24.714841Z[0m [34mDEBUG[0m [2methereum_transaction_pool_monitor::eth_client[0m[2m:[0m 📨 Received pending transaction: 0xa2e0d04319463952308b2161e530c1a1310de3b14346c1c9660765a8ce7780a9
[2m2025-12-10T10:15:24.714845Z[0m [34mDEBUG[0m [2methereum_transaction_pool_monitor::eth_client[0m[2m:[0m 📨 Received WebSocket message: {"jsonrpc":"2.0","method":"eth_subscription","params":{"subscription":"0xbed0a0851463e895960a451075a301a9","result":"0x0964fe4aa0e55abdda47bbe16cda16a022900f9f0974a8c9ce1f3f6296f41f1d"}}
[2m2025-12-10T10:15:24.714850Z[0m [34mDEBUG[0m [2methereum_transaction_pool_monitor::eth_client[0m[2m:[0m 📨 Received pending transaction: 0x0964fe4aa0e55abdda47bbe16cda16a022900f9f0974a8c9ce1f3f6296f41f1d
[2m2025-12-10T10:15:24.714854Z[0m [34mDEBUG[0m [2methereum_transaction_pool_monitor::eth_client[0m[2m:[0m 📨 Received WebSocket message: {"jsonrpc":"2.0","method":"eth_subscription","params":{"subscription":"0xbed0a0851463e895960a451075a301a9","result":"0x9dbb6dda108d19853c3faf08894998201f184704f9c32125cdbe7fb5b305ee0e"}}
[2m2025-12-10T10:15:24.714858Z[0m [34mDEBUG[0m [2methereum_transaction_pool_monitor::eth_client[0m[2m:[0m 📨 Received pending transaction: 0x9dbb6dda108d19853c3faf08894998201f184704f9c32125cdbe7fb5b305ee0e
[2m2025-12-10T10:15:24.714862Z[0m [34mDEBUG[0m [2methereum_transaction_pool_monitor::eth_client[0m[2m:[0m 📨 Received WebSocket message: {"jsonrpc":"2.0","method":"eth_subscription","params":{"subscription":"0xbed0a0851463e895960a451075a301a9","result":"0x1158f018f4b1354d664162e105fe7cbbe428d3733480a73fc066f8a43fe4abd5"}}
[2m2025-12-10T10:15:24.714867Z[0m [34mDEBUG[0m [2methereum_transaction_pool_monitor::eth_client[0m[2m:[0m 📨 Received pending transaction: 0x1158f018f4b1354d664162e105fe7cbbe428d3733480a73fc066f8a43fe4abd5
[2m2025-12-10T10:15:24.714871Z[0m [34mDEBUG[0m [2methereum_transaction_pool_monitor::eth_client[0m[2m:[0m 📨 Received WebSocket message: {"jsonrpc":"2.0","method":"eth_subscription","params":{"subscription":"0xbed0a0851463e895960a451075a301a9","result":"0x293399da3d1383710f6f0e2c1fffd3bab936b207f16564e36d7ee8d497eca721"}}
[2m2025-12-10T10:15:24.714875Z[0m [34mDEBUG[0m [2methereum_transaction_pool_monitor::eth_client[0m[2m:[0m 📨 Received pending transaction: 0x293399da3d1383710f6f0e2c1fffd3bab936b207f16564e36d7ee8d497eca721
[2m2025-12-10T10:15:24.714879Z[0m [34mDEBUG[0m [2methereum_transaction_pool_monitor::eth_client[0m[2m:[0m 📨 Received WebSocket message: {"jsonrpc":"2.0","method":"eth_subscription","params":{"subscription":"0xbed0a0851463e895960a451075a301a9","result":"0x6f64bf6a64bb0d3ddeae1539d2f93f181d34ac118f9dfb56d086af782e196096"}}
[2m2025-12-10T10:15:24.714884Z[0m [34mDEBUG[0m [2methereum_transaction_pool_monitor::eth_client[0m[2m:[0m 📨 Received pending transaction: 0x6f64bf6a64bb0d3ddeae1539d2f93f181d34ac118f9dfb56d086af782e196096
[2m2025-12-10T10:15:24.714888Z[0m [34mDEBUG[0m [2methereum_transaction_pool_monitor::eth_client[0m[2m:[0m 📨 Received WebSocket message: {"jsonrpc":"2.0","method":"eth_subscription","params":{"subscription":"0xbed0a0851463e895960a451075a301a9","result":"0xddb8a08363d942d30051847bc811f89f855c65a847fb6c6779366a30eae363af"}}
[2m2025-12-10T10:15:24.714892Z[0m [34mDEBUG[0m [2methereum_transaction_pool_monitor::eth_client[0m[2m:[0m 📨 Received pending transaction: 0xddb8a08363d942d30051847bc811f89f855c65a847fb6c6779366a30eae363af
[2m2025-12-10T10:15:25.646872Z[0m [34mDEBUG[0m [2mhyper::proto::h1::io[0m[2m:[0m parsed 4 headers
[2m2025-12-10T10:15:25.646937Z[0m [34mDEBUG[0m [2mhyper::proto::h1::conn[0m[2m:[0m incoming body is content-length (45 bytes)
[2m2025-12-10T10:15:25.646960Z[0m [34mDEBUG[0m [2mhyper::proto::h1::conn[0m[2m:[0m incoming body completed
[2m2025-12-10T10:15:25.646994Z[0m [34mDEBUG[0m [2mhyper::client::pool[0m[2m:[0m pooling idle connection for ("http", 192.168.0.14:8545)
[2m2025-12-10T10:15:25.647057Z[0m [34mDEBUG[0m [2mhyper::client::pool[0m[2m:[0m reuse idle connection for ("http", 192.168.0.14:8545)
[2m2025-12-10T10:15:25.647137Z[0m [34mDEBUG[0m [2mhyper::proto::h1::io[0m[2m:[0m flushed 172 bytes
[2m2025-12-10T10:15:26.013729Z[0m [34mDEBUG[0m [2mhyper::proto::h1::io[0m[2m:[0m parsed 4 headers
[2m2025-12-10T10:15:26.013770Z[0m [34mDEBUG[0m [2mhyper::proto::h1::conn[0m[2m:[0m incoming body is content-length (45 bytes)
[2m2025-12-10T10:15:26.013787Z[0m [34mDEBUG[0m [2mhyper::proto::h1::conn[0m[2m:[0m incoming body completed
[2m2025-12-10T10:15:26.013806Z[0m [34mDEBUG[0m [2mhyper::client::pool[0m[2m:[0m pooling idle connection for ("http", 192.168.0.14:8545)
[2m2025-12-10T10:15:26.013844Z[0m [34mDEBUG[0m [2mhyper::client::pool[0m[2m:[0m reuse idle connection for ("http", 192.168.0.14:8545)
[2m2025-12-10T10:15:26.013885Z[0m [34mDEBUG[0m [2mhyper::proto::h1::io[0m[2m:[0m flushed 172 bytes
[2m2025-12-10T10:15:26.236446Z[0m [34mDEBUG[0m [2mhyper::proto::h1::io[0m[2m:[0m parsed 4 headers
[2m2025-12-10T10:15:26.236580Z[0m [34mDEBUG[0m [2mhyper::proto::h1::conn[0m[2m:[0m incoming body is content-length (774 bytes)
[2m2025-12-10T10:15:26.236592Z[0m [34mDEBUG[0m [2mhyper::proto::h1::conn[0m[2m:[0m incoming body completed
[2m2025-12-10T10:15:26.236609Z[0m [34mDEBUG[0m [2mhyper::client::pool[0m[2m:[0m pooling idle connection for ("http", 192.168.0.14:8545)
[2m2025-12-10T10:15:26.236626Z[0m [34mDEBUG[0m [2methereum_transaction_pool_monitor::eth_client[0m[2m:[0m 📡 Transaction fetch RPC completed in 1.522059875s
[2m2025-12-10T10:15:26.463874Z[0m [34mDEBUG[0m [2methereum_transaction_pool_monitor::eth_client[0m[2m:[0m ✅ Transaction 0x535f83ea4d35d454ba7eb45ada4c081be479be48ef86a7644e420767fd9904f2 fetched and parsed in 1.749302833s
[2m2025-12-10T10:15:26.463917Z[0m [34mDEBUG[0m [2methereum_transaction_pool_monitor::mempool_monitor[0m[2m:[0m 🔍 Skipping tx 0x535f83ea4d35d454ba7eb45ada4c081be479be48ef86a7644e420767fd9904f2 - not a DEX interaction (target: 0xA0b86991c6218b36c1d19D4a2e9Eb0cE3606eB48)
[2m2025-12-10T10:15:26.463932Z[0m [34mDEBUG[0m [2methereum_transaction_pool_monitor::mempool_monitor[0m[2m:[0m 📨 Processing new pending transaction: 0x5b3b0ea47201060dbb3cb089572a38138f37195e2582b0f6cacf9996d2dfa1d1
[2m2025-12-10T10:15:26.463940Z[0m [34mDEBUG[0m [2methereum_transaction_pool_monitor::mempool_monitor[0m[2m:[0m 🔍 Fetching transaction details for: 0x5b3b0ea47201060dbb3cb089572a38138f37195e2582b0f6cacf9996d2dfa1d1
[2m2025-12-10T10:15:26.463947Z[0m [34mDEBUG[0m [2methereum_transaction_pool_monitor::eth_client[0m[2m:[0m 🔍 Fetching transaction details for hash: 0x5b3b0ea47201060dbb3cb089572a38138f37195e2582b0f6cacf9996d2dfa1d1
[2m2025-12-10T10:15:26.463976Z[0m [34mDEBUG[0m [2mhyper::client::pool[0m[2m:[0m reuse idle connection for ("http", 192.168.0.14:8545)
[2m2025-12-10T10:15:26.464031Z[0m [34mDEBUG[0m [2mhyper::proto::h1::io[0m[2m:[0m flushed 250 bytes
[2m2025-12-10T10:15:26.464076Z[0m [34mDEBUG[0m [2methereum_transaction_pool_monitor::eth_client[0m[2m:[0m 📨 Received WebSocket message: {"jsonrpc":"2.0","method":"eth_subscription","params":{"subscription":"0xbed0a0851463e895960a451075a301a9","result":"0x6c16dc0b8501e09faa580c07705b8922b1935cdf7147f27a633aa7d94e6f246f"}}
[2m2025-12-10T10:15:26.464086Z[0m [34mDEBUG[0m [2methereum_transaction_pool_monitor::eth_client[0m[2m:[0m 📨 Received pending transaction: 0x6c16dc0b8501e09faa580c07705b8922b1935cdf7147f27a633aa7d94e6f246f
[2m2025-12-10T10:15:26.464097Z[0m [34mDEBUG[0m [2methereum_transaction_pool_monitor::eth_client[0m[2m:[0m 📨 Received WebSocket message: {"jsonrpc":"2.0","method":"eth_subscription","params":{"subscription":"0xbed0a0851463e895960a451075a301a9","result":"0x519f2c7e10a22182378ded8c912b84396767b1cf8316ad76726f57340abdb171"}}
[2m2025-12-10T10:15:26.464104Z[0m [34mDEBUG[0m [2methereum_transaction_pool_monitor::eth_client[0m[2m:[0m 📨 Received pending transaction: 0x519f2c7e10a22182378ded8c912b84396767b1cf8316ad76726f57340abdb171
[2m2025-12-10T10:15:26.464109Z[0m [34mDEBUG[0m [2methereum_transaction_pool_monitor::eth_client[0m[2m:[0m 📨 Received WebSocket message: {"jsonrpc":"2.0","method":"eth_subscription","params":{"subscription":"0xbed0a0851463e895960a451075a301a9","result":"0xe7920574f7659c27c32bf449c49cc30f62c96f78dbecf5f00b1505e012038f65"}}
[2m2025-12-10T10:15:26.464114Z[0m [34mDEBUG[0m [2methereum_transaction_pool_monitor::eth_client[0m[2m:[0m 📨 Received pending transaction: 0xe7920574f7659c27c32bf449c49cc30f62c96f78dbecf5f00b1505e012038f65
[2m2025-12-10T10:15:26.849176Z[0m [34mDEBUG[0m [2mhyper::proto::h1::io[0m[2m:[0m parsed 4 headers
[2m2025-12-10T10:15:26.849225Z[0m [34mDEBUG[0m [2mhyper::proto::h1::conn[0m[2m:[0m incoming body is content-length (45 bytes)
[2m2025-12-10T10:15:26.849251Z[0m [34mDEBUG[0m [2mhyper::proto::h1::conn[0m[2m:[0m incoming body completed
[2m2025-12-10T10:15:26.849287Z[0m [34mDEBUG[0m [2mhyper::client::pool[0m[2m:[0m pooling idle connection for ("http", 192.168.0.14:8545)
[2m2025-12-10T10:15:26.849374Z[0m [34mDEBUG[0m [2mhyper::client::pool[0m[2m:[0m reuse idle connection for ("http", 192.168.0.14:8545)
[2m2025-12-10T10:15:26.849471Z[0m [34mDEBUG[0m [2mhyper::proto::h1::io[0m[2m:[0m flushed 172 bytes
[2m2025-12-10T10:15:26.850364Z[0m [34mDEBUG[0m [2mhyper::proto::h1::io[0m[2m:[0m parsed 4 headers
[2m2025-12-10T10:15:26.850377Z[0m [34mDEBUG[0m [2mhyper::proto::h1::conn[0m[2m:[0m incoming body is content-length (770 bytes)
[2m2025-12-10T10:15:26.850386Z[0m [34mDEBUG[0m [2mhyper::proto::h1::conn[0m[2m:[0m incoming body completed
[2m2025-12-10T10:15:26.850404Z[0m [34mDEBUG[0m [2mhyper::client::pool[0m[2m:[0m pooling idle connection for ("http", 192.168.0.14:8545)
[2m2025-12-10T10:15:26.850419Z[0m [34mDEBUG[0m [2methereum_transaction_pool_monitor::eth_client[0m[2m:[0m 📡 Transaction fetch RPC completed in 386.460708ms
[2m2025-12-10T10:15:27.019605Z[0m [34mDEBUG[0m [2methereum_transaction_pool_monitor::eth_client[0m[2m:[0m ✅ Transaction 0x5b3b0ea47201060dbb3cb089572a38138f37195e2582b0f6cacf9996d2dfa1d1 fetched and parsed in 555.641792ms
[2m2025-12-10T10:15:27.019647Z[0m [34mDEBUG[0m [2methereum_transaction_pool_monitor::mempool_monitor[0m[2m:[0m 🔍 Skipping tx 0x5b3b0ea47201060dbb3cb089572a38138f37195e2582b0f6cacf9996d2dfa1d1 - not a DEX interaction (target: 0xA0b86991c6218b36c1d19D4a2e9Eb0cE3606eB48)
[2m2025-12-10T10:15:27.019658Z[0m [34mDEBUG[0m [2methereum_transaction_pool_monitor::mempool_monitor[0m[2m:[0m 📨 Processing new pending transaction: 0xf6a979522ec39c43d29a20241b4347e2f9ca42232a247daa0af330089f197b86
[2m2025-12-10T10:15:27.019666Z[0m [34mDEBUG[0m [2methereum_transaction_pool_monitor::mempool_monitor[0m[2m:[0m 🔍 Fetching transaction details for: 0xf6a979522ec39c43d29a20241b4347e2f9ca42232a247daa0af330089f197b86
[2m2025-12-10T10:15:27.019670Z[0m [34mDEBUG[0m [2methereum_transaction_pool_monitor::eth_client[0m[2m:[0m 🔍 Fetching transaction details for hash: 0xf6a979522ec39c43d29a20241b4347e2f9ca42232a247daa0af330089f197b86
[2m2025-12-10T10:15:27.019698Z[0m [34mDEBUG[0m [2mhyper::client::pool[0m[2m:[0m reuse idle connection for ("http", 192.168.0.14:8545)
[2m2025-12-10T10:15:27.019795Z[0m [34mDEBUG[0m [2mhyper::proto::h1::io[0m[2m:[0m flushed 250 bytes
[2m2025-12-10T10:15:27.019833Z[0m [34mDEBUG[0m [2methereum_transaction_pool_monitor::eth_client[0m[2m:[0m 📨 Received WebSocket message: {"jsonrpc":"2.0","method":"eth_subscription","params":{"subscription":"0xbed0a0851463e895960a451075a301a9","result":"0x41911d3f7604f7637d51a5411f55b3dfe0765e09a10a1999b81efbb771a83ff1"}}
[2m2025-12-10T10:15:27.019844Z[0m [34mDEBUG[0m [2methereum_transaction_pool_monitor::eth_client[0m[2m:[0m 📨 Received pending transaction: 0x41911d3f7604f7637d51a5411f55b3dfe0765e09a10a1999b81efbb771a83ff1
[2m2025-12-10T10:15:27.019850Z[0m [34mDEBUG[0m [2methereum_transaction_pool_monitor::eth_client[0m[2m:[0m 📨 Received WebSocket message: {"jsonrpc":"2.0","method":"eth_subscription","params":{"subscription":"0xbed0a0851463e895960a451075a301a9","result":"0x7e08d9306ede7096013e39cf0b2cbc4c27dedc5fb9b9a0730fe696b70d52e56b"}}
[2m2025-12-10T10:15:27.019856Z[0m [34mDEBUG[0m [2methereum_transaction_pool_monitor::eth_client[0m[2m:[0m 📨 Received pending transaction: 0x7e08d9306ede7096013e39cf0b2cbc4c27dedc5fb9b9a0730fe696b70d52e56b
[2m2025-12-10T10:15:27.019868Z[0m [34mDEBUG[0m [2mhyper::proto::h1::io[0m[2m:[0m parsed 4 headers
[2m2025-12-10T10:15:27.019873Z[0m [34mDEBUG[0m [2mhyper::proto::h1::conn[0m[2m:[0m incoming body is content-length (45 bytes)
[2m2025-12-10T10:15:27.019881Z[0m [34mDEBUG[0m [2mhyper::proto::h1::conn[0m[2m:[0m incoming body completed
[2m2025-12-10T10:15:27.019892Z[0m [34mDEBUG[0m [2mhyper::client::pool[0m[2m:[0m pooling idle connection for ("http", 192.168.0.14:8545)
[2m2025-12-10T10:15:27.019913Z[0m [34mDEBUG[0m [2mhyper::client::pool[0m[2m:[0m reuse idle connection for ("http", 192.168.0.14:8545)
[2m2025-12-10T10:15:27.019931Z[0m [34mDEBUG[0m [2mhyper::proto::h1::io[0m[2m:[0m flushed 172 bytes
[2m2025-12-10T10:15:27.054464Z[0m [34mDEBUG[0m [2methereum_transaction_pool_monitor::eth_client[0m[2m:[0m 📨 Received WebSocket message: {"jsonrpc":"2.0","method":"eth_subscription","params":{"subscription":"0xbed0a0851463e895960a451075a301a9","result":"0x1e4d8b677a012ad5a180c2e817221a2ae894f0c18383baa8228f7d8ccae7a0a8"}}
[2m2025-12-10T10:15:27.054761Z[0m [34mDEBUG[0m [2methereum_transaction_pool_monitor::eth_client[0m[2m:[0m 📨 Received pending transaction: 0x1e4d8b677a012ad5a180c2e817221a2ae894f0c18383baa8228f7d8ccae7a0a8
[2m2025-12-10T10:15:27.054825Z[0m [34mDEBUG[0m [2methereum_transaction_pool_monitor::eth_client[0m[2m:[0m 📨 Received WebSocket message: {"jsonrpc":"2.0","method":"eth_subscription","params":{"subscription":"0xbed0a0851463e895960a451075a301a9","result":"0xee7b6107f5a16bd5d3d30df9e6b705d254ffc10442f6b74aac928f717f652eb0"}}
[2m2025-12-10T10:15:27.054845Z[0m [34mDEBUG[0m [2methereum_transaction_pool_monitor::eth_client[0m[2m:[0m 📨 Received pending transaction: 0xee7b6107f5a16bd5d3d30df9e6b705d254ffc10442f6b74aac928f717f652eb0
[2m2025-12-10T10:15:27.057533Z[0m [34mDEBUG[0m [2methereum_transaction_pool_monitor::eth_client[0m[2m:[0m 📨 Received WebSocket message: {"jsonrpc":"2.0","method":"eth_subscription","params":{"subscription":"0xbed0a0851463e895960a451075a301a9","result":"0x04ac012f80d7494272e21a20fe7f9baf49400d1cc306d1df9452bc89c66c2a2a"}}
[2m2025-12-10T10:15:27.057557Z[0m [34mDEBUG[0m [2methereum_transaction_pool_monitor::eth_client[0m[2m:[0m 📨 Received pending transaction: 0x04ac012f80d7494272e21a20fe7f9baf49400d1cc306d1df9452bc89c66c2a2a
[2m2025-12-10T10:15:27.058478Z[0m [34mDEBUG[0m [2methereum_transaction_pool_monitor::eth_client[0m[2m:[0m 📨 Received WebSocket message: {"jsonrpc":"2.0","method":"eth_subscription","params":{"subscription":"0xbed0a0851463e895960a451075a301a9","result":"0x7802688aa9a5cf54aad31c36242d6e72c3cc7cffb25270800f236971d541fb99"}}
[2m2025-12-10T10:15:27.058494Z[0m [34mDEBUG[0m [2methereum_transaction_pool_monitor::eth_client[0m[2m:[0m 📨 Received pending transaction: 0x7802688aa9a5cf54aad31c36242d6e72c3cc7cffb25270800f236971d541fb99
[2m2025-12-10T10:15:27.058501Z[0m [34mDEBUG[0m [2methereum_transaction_pool_monitor::eth_client[0m[2m:[0m 📨 Received WebSocket message: {"jsonrpc":"2.0","method":"eth_subscription","params":{"subscription":"0xbed0a0851463e895960a451075a301a9","result":"0x4b53cc67488412bbd08391b3b4d6099beef09653ccd4b74820ed88d34f08e20d"}}
[2m2025-12-10T10:15:27.058506Z[0m [34mDEBUG[0m [2methereum_transaction_pool_monitor::eth_client[0m[2m:[0m 📨 Received pending transaction: 0x4b53cc67488412bbd08391b3b4d6099beef09653ccd4b74820ed88d34f08e20d
[2m2025-12-10T10:15:27.058511Z[0m [34mDEBUG[0m [2methereum_transaction_pool_monitor::eth_client[0m[2m:[0m 📨 Received WebSocket message: {"jsonrpc":"2.0","method":"eth_subscription","params":{"subscription":"0xbed0a0851463e895960a451075a301a9","result":"0x032ba4c5dedf70c19774247fc711e3342905b4ce7cb5f6ca0e5da7eee8f9db95"}}
[2m2025-12-10T10:15:27.058518Z[0m [34mDEBUG[0m [2methereum_transaction_pool_monitor::eth_client[0m[2m:[0m 📨 Received pending transaction: 0x032ba4c5dedf70c19774247fc711e3342905b4ce7cb5f6ca0e5da7eee8f9db95
[2m2025-12-10T10:15:27.058523Z[0m [34mDEBUG[0m [2methereum_transaction_pool_monitor::eth_client[0m[2m:[0m 📨 Received WebSocket message: {"jsonrpc":"2.0","method":"eth_subscription","params":{"subscription":"0xbed0a0851463e895960a451075a301a9","result":"0x6f1ab02907b774fa8369d38e17d0b2c5eb75908e082c0a0ad36f8dfc37ebc110"}}
[2m2025-12-10T10:15:27.058528Z[0m [34mDEBUG[0m [2methereum_transaction_pool_monitor::eth_client[0m[2m:[0m 📨 Received pending transaction: 0x6f1ab02907b774fa8369d38e17d0b2c5eb75908e082c0a0ad36f8dfc37ebc110
[2m2025-12-10T10:15:27.058533Z[0m [34mDEBUG[0m [2methereum_transaction_pool_monitor::eth_client[0m[2m:[0m 📨 Received WebSocket message: {"jsonrpc":"2.0","method":"eth_subscription","params":{"subscription":"0xbed0a0851463e895960a451075a301a9","result":"0xa3db9d752e7e7c9c0ae68794adab157c0439e0c82b673aba0dad17c34d390edc"}}
[2m2025-12-10T10:15:27.058538Z[0m [34mDEBUG[0m [2methereum_transaction_pool_monitor::eth_client[0m[2m:[0m 📨 Received pending transaction: 0xa3db9d752e7e7c9c0ae68794adab157c0439e0c82b673aba0dad17c34d390edc
[2m2025-12-10T10:15:27.058542Z[0m [34mDEBUG[0m [2methereum_transaction_pool_monitor::eth_client[0m[2m:[0m 📨 Received WebSocket message: {"jsonrpc":"2.0","method":"eth_subscription","params":{"subscription":"0xbed0a0851463e895960a451075a301a9","result":"0x6172a56d45e7706a81c17ccf70fb11407c8982b7302818b9a89b34c5fb371428"}}
[2m2025-12-10T10:15:27.058571Z[0m [34mDEBUG[0m [2methereum_transaction_pool_monitor::eth_client[0m[2m:[0m 📨 Received pending transaction: 0x6172a56d45e7706a81c17ccf70fb11407c8982b7302818b9a89b34c5fb371428
[2m2025-12-10T10:15:27.058578Z[0m [34mDEBUG[0m [2methereum_transaction_pool_monitor::eth_client[0m[2m:[0m 📨 Received WebSocket message: {"jsonrpc":"2.0","method":"eth_subscription","params":{"subscription":"0xbed0a0851463e895960a451075a301a9","result":"0xac7aad00111bf80928efd6831f1ff836fd9bbce4ca768aa521343666321b3c96"}}
[2m2025-12-10T10:15:27.058592Z[0m [34mDEBUG[0m [2methereum_transaction_pool_monitor::eth_client[0m[2m:[0m 📨 Received pending transaction: 0xac7aad00111bf80928efd6831f1ff836fd9bbce4ca768aa521343666321b3c96
[2m2025-12-10T10:15:27.058597Z[0m [34mDEBUG[0m [2methereum_transaction_pool_monitor::eth_client[0m[2m:[0m 📨 Received WebSocket message: {"jsonrpc":"2.0","method":"eth_subscription","params":{"subscription":"0xbed0a0851463e895960a451075a301a9","result":"0x99907081de5804b7fdfbac62fe0c2461787b7acbb00ea7c716f4c8fc1e3e2119"}}
[2m2025-12-10T10:15:27.058611Z[0m [34mDEBUG[0m [2methereum_transaction_pool_monitor::eth_client[0m[2m:[0m 📨 Received pending transaction: 0x99907081de5804b7fdfbac62fe0c2461787b7acbb00ea7c716f4c8fc1e3e2119
[2m2025-12-10T10:15:27.061883Z[0m [34mDEBUG[0m [2mhyper::proto::h1::io[0m[2m:[0m parsed 4 headers
[2m2025-12-10T10:15:27.062042Z[0m [34mDEBUG[0m [2mhyper::proto::h1::conn[0m[2m:[0m incoming body is content-length (45 bytes)
[2m2025-12-10T10:15:27.062461Z[0m [34mDEBUG[0m [2mhyper::proto::h1::conn[0m[2m:[0m incoming body completed
[2m2025-12-10T10:15:27.062610Z[0m [34mDEBUG[0m [2mhyper::client::pool[0m[2m:[0m pooling idle connection for ("http", 192.168.0.14:8545)
[2m2025-12-10T10:15:27.063014Z[0m [34mDEBUG[0m [2mhyper::client::pool[0m[2m:[0m reuse idle connection for ("http", 192.168.0.14:8545)
[2m2025-12-10T10:15:27.063195Z[0m [34mDEBUG[0m [2mhyper::proto::h1::io[0m[2m:[0m flushed 172 bytes
[2m2025-12-10T10:15:27.063213Z[0m [34mDEBUG[0m [2methereum_transaction_pool_monitor::eth_client[0m[2m:[0m 📨 Received WebSocket message: {"jsonrpc":"2.0","method":"eth_subscription","params":{"subscription":"0xbed0a0851463e895960a451075a301a9","result":"0xc055e312b8ce31025fc2c245262e36f70baee7fc129175bc90df747b8959ad89"}}
[2m2025-12-10T10:15:27.063232Z[0m [34mDEBUG[0m [2methereum_transaction_pool_monitor::eth_client[0m[2m:[0m 📨 Received pending transaction: 0xc055e312b8ce31025fc2c245262e36f70baee7fc129175bc90df747b8959ad89
[2m2025-12-10T10:15:27.063562Z[0m [34mDEBUG[0m [2methereum_transaction_pool_monitor::eth_client[0m[2m:[0m 📨 Received WebSocket message: {"jsonrpc":"2.0","method":"eth_subscription","params":{"subscription":"0xbed0a0851463e895960a451075a301a9","result":"0x8716f023902ac73c4ebbc6f9440d2d7b0389936b04a60ea666c5ed6169ebdda3"}}
[2m2025-12-10T10:15:27.064566Z[0m [34mDEBUG[0m [2methereum_transaction_pool_monitor::eth_client[0m[2m:[0m 📨 Received pending transaction: 0x8716f023902ac73c4ebbc6f9440d2d7b0389936b04a60ea666c5ed6169ebdda3
[2m2025-12-10T10:15:27.064590Z[0m [34mDEBUG[0m [2methereum_transaction_pool_monitor::eth_client[0m[2m:[0m 📨 Received WebSocket message: {"jsonrpc":"2.0","method":"eth_subscription","params":{"subscription":"0xbed0a0851463e895960a451075a301a9","result":"0x37bfec1ea79d2a177e8d9dc91b080d9d71dbbb1ccdb605414fdfa45fa487185f"}}
[2m2025-12-10T10:15:27.064603Z[0m [34mDEBUG[0m [2methereum_transaction_pool_monitor::eth_client[0m[2m:[0m 📨 Received pending transaction: 0x37bfec1ea79d2a177e8d9dc91b080d9d71dbbb1ccdb605414fdfa45fa487185f
[2m2025-12-10T10:15:27.064614Z[0m [34mDEBUG[0m [2methereum_transaction_pool_monitor::eth_client[0m[2m:[0m 📨 Received WebSocket message: {"jsonrpc":"2.0","method":"eth_subscription","params":{"subscription":"0xbed0a0851463e895960a451075a301a9","result":"0x92a7017a96fce18f235aa1902871b566d1d8ea9be463c99552f40f993015522a"}}
[2m2025-12-10T10:15:27.064624Z[0m [34mDEBUG[0m [2methereum_transaction_pool_monitor::eth_client[0m[2m:[0m 📨 Received pending transaction: 0x92a7017a96fce18f235aa1902871b566d1d8ea9be463c99552f40f993015522a
[2m2025-12-10T10:15:27.064634Z[0m [34mDEBUG[0m [2methereum_transaction_pool_monitor::eth_client[0m[2m:[0m 📨 Received WebSocket message: {"jsonrpc":"2.0","method":"eth_subscription","params":{"subscription":"0xbed0a0851463e895960a451075a301a9","result":"0x2ccc0473251232374be84608ab25b9203bd1177c46238ec880625baf7d375319"}}
[2m2025-12-10T10:15:27.064989Z[0m [34mDEBUG[0m [2methereum_transaction_pool_monitor::eth_client[0m[2m:[0m 📨 Received pending transaction: 0x2ccc0473251232374be84608ab25b9203bd1177c46238ec880625baf7d375319
[2m2025-12-10T10:15:27.065027Z[0m [34mDEBUG[0m [2methereum_transaction_pool_monitor::eth_client[0m[2m:[0m 📨 Received WebSocket message: {"jsonrpc":"2.0","method":"eth_subscription","params":{"subscription":"0xbed0a0851463e895960a451075a301a9","result":"0xbfd1ef8e95f02f1c0ff08a69bb00986f990841a5bcff4e55a4b087096a38cbc9"}}
[2m2025-12-10T10:15:27.065046Z[0m [34mDEBUG[0m [2methereum_transaction_pool_monitor::eth_client[0m[2m:[0m 📨 Received pending transaction: 0xbfd1ef8e95f02f1c0ff08a69bb00986f990841a5bcff4e55a4b087096a38cbc9
[2m2025-12-10T10:15:27.065056Z[0m [34mDEBUG[0m [2methereum_transaction_pool_monitor::eth_client[0m[2m:[0m 📨 Received WebSocket message: {"jsonrpc":"2.0","method":"eth_subscription","params":{"subscription":"0xbed0a0851463e895960a451075a301a9","result":"0xf37c1614c33d54780996525c0a73d77c723e036c8e996ebac52963101b84ac14"}}
[2m2025-12-10T10:15:27.065067Z[0m [34mDEBUG[0m [2methereum_transaction_pool_monitor::eth_client[0m[2m:[0m 📨 Received pending transaction: 0xf37c1614c33d54780996525c0a73d77c723e036c8e996ebac52963101b84ac14
[2m2025-12-10T10:15:27.065076Z[0m [34mDEBUG[0m [2methereum_transaction_pool_monitor::eth_client[0m[2m:[0m 📨 Received WebSocket message: {"jsonrpc":"2.0","method":"eth_subscription","params":{"subscription":"0xbed0a0851463e895960a451075a301a9","result":"0x0af8da060732815748add63ed717d80c78f7f249004bcabad7c35d86cf0c5cc7"}}
[2m2025-12-10T10:15:27.065092Z[0m [34mDEBUG[0m [2methereum_transaction_pool_monitor::eth_client[0m[2m:[0m 📨 Received pending transaction: 0x0af8da060732815748add63ed717d80c78f7f249004bcabad7c35d86cf0c5cc7
[2m2025-12-10T10:15:27.065117Z[0m [34mDEBUG[0m [2methereum_transaction_pool_monitor::eth_client[0m[2m:[0m 📨 Received WebSocket message: {"jsonrpc":"2.0","method":"eth_subscription","params":{"subscription":"0xbed0a0851463e895960a451075a301a9","result":"0x3ab9681ced6f1fb33f8634a6618e59fd241d71a4ad6ae316801d2703db9cd1ef"}}
[2m2025-12-10T10:15:27.065132Z[0m [34mDEBUG[0m [2methereum_transaction_pool_monitor::eth_client[0m[2m:[0m 📨 Received pending transaction: 0x3ab9681ced6f1fb33f8634a6618e59fd241d71a4ad6ae316801d2703db9cd1ef
[2m2025-12-10T10:15:27.065141Z[0m [34mDEBUG[0m [2methereum_transaction_pool_monitor::eth_client[0m[2m:[0m 📨 Received WebSocket message: {"jsonrpc":"2.0","method":"eth_subscription","params":{"subscription":"0xbed0a0851463e895960a451075a301a9","result":"0xcb41d6bd86d76896ee28098df75ce149c14508879281c4ead4aad53c29c86015"}}
[2m2025-12-10T10:15:27.065158Z[0m [34mDEBUG[0m [2methereum_transaction_pool_monitor::eth_client[0m[2m:[0m 📨 Received pending transaction: 0xcb41d6bd86d76896ee28098df75ce149c14508879281c4ead4aad53c29c86015
[2m2025-12-10T10:15:27.065168Z[0m [34mDEBUG[0m [2methereum_transaction_pool_monitor::eth_client[0m[2m:[0m 📨 Received WebSocket message: {"jsonrpc":"2.0","method":"eth_subscription","params":{"subscription":"0xbed0a0851463e895960a451075a301a9","result":"0x66d248c5349022dfc8a2303b7465888c48c86a9ea23809d69f3774618570184f"}}
[2m2025-12-10T10:15:27.065178Z[0m [34mDEBUG[0m [2methereum_transaction_pool_monitor::eth_client[0m[2m:[0m 📨 Received pending transaction: 0x66d248c5349022dfc8a2303b7465888c48c86a9ea23809d69f3774618570184f
[2m2025-12-10T10:15:27.071245Z[0m [34mDEBUG[0m [2mhyper::proto::h1::io[0m[2m:[0m parsed 4 headers
[2m2025-12-10T10:15:27.071301Z[0m [34mDEBUG[0m [2mhyper::proto::h1::conn[0m[2m:[0m incoming body is content-length (45 bytes)
[2m2025-12-10T10:15:27.071322Z[0m [34mDEBUG[0m [2mhyper::proto::h1::conn[0m[2m:[0m incoming body completed
[2m2025-12-10T10:15:27.071348Z[0m [34mDEBUG[0m [2mhyper::client::pool[0m[2m:[0m pooling idle connection for ("http", 192.168.0.14:8545)
[2m2025-12-10T10:15:27.071406Z[0m [34mDEBUG[0m [2mhyper::client::pool[0m[2m:[0m reuse idle connection for ("http", 192.168.0.14:8545)
[2m2025-12-10T10:15:27.071504Z[0m [34mDEBUG[0m [2mhyper::proto::h1::io[0m[2m:[0m flushed 172 bytes
[2m2025-12-10T10:15:28.046590Z[0m [34mDEBUG[0m [2mhyper::proto::h1::io[0m[2m:[0m parsed 4 headers
[2m2025-12-10T10:15:28.046637Z[0m [34mDEBUG[0m [2mhyper::proto::h1::conn[0m[2m:[0m incoming body is content-length (45 bytes)
[2m2025-12-10T10:15:28.046672Z[0m [34mDEBUG[0m [2mhyper::proto::h1::conn[0m[2m:[0m incoming body completed
[2m2025-12-10T10:15:28.046701Z[0m [34mDEBUG[0m [2mhyper::client::pool[0m[2m:[0m pooling idle connection for ("http", 192.168.0.14:8545)
[2m2025-12-10T10:15:28.046968Z[0m [34mDEBUG[0m [2mhyper::client::pool[0m[2m:[0m reuse idle connection for ("http", 192.168.0.14:8545)
[2m2025-12-10T10:15:28.047081Z[0m [34mDEBUG[0m [2mhyper::proto::h1::io[0m[2m:[0m flushed 172 bytes
[2m2025-12-10T10:15:28.099518Z[0m [32m INFO[0m [2methereum_transaction_pool_monitor::bot_runner[0m[2m:[0m 🤖 MEV Bot Stats | Uptime: 0.1h | Opportunities: 0 | Bundles: 0/0 (0.0%) | Profit: 0.0000 ETH | Rate: 0.00/h
[2m2025-12-10T10:15:28.431084Z[0m [34mDEBUG[0m [2mhyper::proto::h1::io[0m[2m:[0m parsed 4 headers
[2m2025-12-10T10:15:28.431115Z[0m [34mDEBUG[0m [2mhyper::proto::h1::conn[0m[2m:[0m incoming body is content-length (681 bytes)
[2m2025-12-10T10:15:28.431133Z[0m [34mDEBUG[0m [2mhyper::proto::h1::conn[0m[2m:[0m incoming body completed
[2m2025-12-10T10:15:28.431152Z[0m [34mDEBUG[0m [2mhyper::client::pool[0m[2m:[0m pooling idle connection for ("http", 192.168.0.14:8545)
[2m2025-12-10T10:15:28.431162Z[0m [34mDEBUG[0m [2methereum_transaction_pool_monitor::eth_client[0m[2m:[0m 📡 Transaction fetch RPC completed in 1.41147425s
[2m2025-12-10T10:15:28.431192Z[0m [34mDEBUG[0m [2methereum_transaction_pool_monitor::eth_client[0m[2m:[0m DeFi transaction detected - Address: 0xdac17f958d2ee523a2206206994597c13d831ec7, Type: Stablecoin, Value: 0 ETH, Gas: 0.18 Gwei
[2m2025-12-10T10:15:28.431213Z[0m [34mDEBUG[0m [2methereum_transaction_pool_monitor::eth_client[0m[2m:[0m ✅ Transaction 0xf6a979522ec39c43d29a20241b4347e2f9ca42232a247daa0af330089f197b86 fetched and parsed in 1.411525917s
[2m2025-12-10T10:15:28.431221Z[0m [34mDEBUG[0m [2methereum_transaction_pool_monitor::mempool_monitor[0m[2m:[0m 🔍 Skipping tx 0xf6a979522ec39c43d29a20241b4347e2f9ca42232a247daa0af330089f197b86 - not a DEX interaction (target: 0xdAC17F958D2ee523a2206206994597C13D831ec7)
[2m2025-12-10T10:15:28.431229Z[0m [34mDEBUG[0m [2methereum_transaction_pool_monitor::mempool_monitor[0m[2m:[0m 📨 Processing new pending transaction: 0xb8d2dbaf25f89ce9e230d5f141d03b2ccb7fbe59a222dc8228d112cf70a5272d
[2m2025-12-10T10:15:28.431233Z[0m [34mDEBUG[0m [2methereum_transaction_pool_monitor::mempool_monitor[0m[2m:[0m 🔍 Fetching transaction details for: 0xb8d2dbaf25f89ce9e230d5f141d03b2ccb7fbe59a222dc8228d112cf70a5272d
[2m2025-12-10T10:15:28.431237Z[0m [34mDEBUG[0m [2methereum_transaction_pool_monitor::eth_client[0m[2m:[0m 🔍 Fetching transaction details for hash: 0xb8d2dbaf25f89ce9e230d5f141d03b2ccb7fbe59a222dc8228d112cf70a5272d
[2m2025-12-10T10:15:28.431256Z[0m [34mDEBUG[0m [2mhyper::client::pool[0m[2m:[0m reuse idle connection for ("http", 192.168.0.14:8545)
[2m2025-12-10T10:15:28.431304Z[0m [34mDEBUG[0m [2mhyper::proto::h1::io[0m[2m:[0m flushed 250 bytes
[2m2025-12-10T10:15:28.433320Z[0m [34mDEBUG[0m [2mhyper::proto::h1::io[0m[2m:[0m parsed 4 headers
[2m2025-12-10T10:15:28.433388Z[0m [34mDEBUG[0m [2mhyper::proto::h1::conn[0m[2m:[0m incoming body is content-length (45 bytes)
[2m2025-12-10T10:15:28.433420Z[0m [34mDEBUG[0m [2mhyper::proto::h1::conn[0m[2m:[0m incoming body completed
[2m2025-12-10T10:15:28.433457Z[0m [34mDEBUG[0m [2mhyper::client::pool[0m[2m:[0m pooling idle connection for ("http", 192.168.0.14:8545)
[2m2025-12-10T10:15:28.433483Z[0m [34mDEBUG[0m [2mhyper::client::pool[0m[2m:[0m reuse idle connection for ("http", 192.168.0.14:8545)
[2m2025-12-10T10:15:28.433507Z[0m [34mDEBUG[0m [2mhyper::proto::h1::io[0m[2m:[0m flushed 172 bytes
[2m2025-12-10T10:15:28.452020Z[0m [34mDEBUG[0m [2mhyper::proto::h1::io[0m[2m:[0m parsed 4 headers
[2m2025-12-10T10:15:28.452038Z[0m [34mDEBUG[0m [2mhyper::proto::h1::conn[0m[2m:[0m incoming body is content-length (45 bytes)
[2m2025-12-10T10:15:28.452047Z[0m [34mDEBUG[0m [2mhyper::proto::h1::conn[0m[2m:[0m incoming body completed
[2m2025-12-10T10:15:28.452060Z[0m [34mDEBUG[0m [2mhyper::client::pool[0m[2m:[0m pooling idle connection for ("http", 192.168.0.14:8545)
[2m2025-12-10T10:15:28.452092Z[0m [34mDEBUG[0m [2mhyper::client::pool[0m[2m:[0m reuse idle connection for ("http", 192.168.0.14:8545)
[2m2025-12-10T10:15:28.452118Z[0m [34mDEBUG[0m [2mhyper::proto::h1::io[0m[2m:[0m flushed 172 bytes
[2m2025-12-10T10:15:28.456549Z[0m [34mDEBUG[0m [2mhyper::proto::h1::io[0m[2m:[0m parsed 4 headers
[2m2025-12-10T10:15:28.456568Z[0m [34mDEBUG[0m [2mhyper::proto::h1::conn[0m[2m:[0m incoming body is content-length (45 bytes)
[2m2025-12-10T10:15:28.456579Z[0m [34mDEBUG[0m [2mhyper::proto::h1::conn[0m[2m:[0m incoming body completed
[2m2025-12-10T10:15:28.456590Z[0m [34mDEBUG[0m [2mhyper::client::pool[0m[2m:[0m pooling idle connection for ("http", 192.168.0.14:8545)
[2m2025-12-10T10:15:28.456619Z[0m [34mDEBUG[0m [2mhyper::client::pool[0m[2m:[0m reuse idle connection for ("http", 192.168.0.14:8545)
[2m2025-12-10T10:15:28.456651Z[0m [34mDEBUG[0m [2mhyper::proto::h1::io[0m[2m:[0m flushed 172 bytes
[2m2025-12-10T10:15:28.459979Z[0m [34mDEBUG[0m [2mhyper::proto::h1::io[0m[2m:[0m parsed 4 headers
[2m2025-12-10T10:15:28.463261Z[0m [34mDEBUG[0m [2mhyper::proto::h1::conn[0m[2m:[0m incoming body is content-length (45 bytes)
[2m2025-12-10T10:15:28.463281Z[0m [34mDEBUG[0m [2mhyper::proto::h1::conn[0m[2m:[0m incoming body completed
[2m2025-12-10T10:15:28.463303Z[0m [34mDEBUG[0m [2mhyper::client::pool[0m[2m:[0m pooling idle connection for ("http", 192.168.0.14:8545)
[2m2025-12-10T10:15:28.463638Z[0m [34mDEBUG[0m [2mhyper::client::pool[0m[2m:[0m reuse idle connection for ("http", 192.168.0.14:8545)
[2m2025-12-10T10:15:28.463665Z[0m [34mDEBUG[0m [2mhyper::proto::h1::io[0m[2m:[0m flushed 172 bytes
[2m2025-12-10T10:15:28.467862Z[0m [34mDEBUG[0m [2mhyper::proto::h1::io[0m[2m:[0m parsed 4 headers
[2m2025-12-10T10:15:28.467877Z[0m [34mDEBUG[0m [2mhyper::proto::h1::conn[0m[2m:[0m incoming body is content-length (45 bytes)
[2m2025-12-10T10:15:28.467886Z[0m [34mDEBUG[0m [2mhyper::proto::h1::conn[0m[2m:[0m incoming body completed
[2m2025-12-10T10:15:28.468343Z[0m [34mDEBUG[0m [2mhyper::client::pool[0m[2m:[0m pooling idle connection for ("http", 192.168.0.14:8545)
[2m2025-12-10T10:15:28.468398Z[0m [34mDEBUG[0m [2mhyper::client::pool[0m[2m:[0m reuse idle connection for ("http", 192.168.0.14:8545)
[2m2025-12-10T10:15:28.468440Z[0m [34mDEBUG[0m [2mhyper::proto::h1::io[0m[2m:[0m flushed 172 bytes
[2m2025-12-10T10:15:28.471668Z[0m [34mDEBUG[0m [2mhyper::proto::h1::io[0m[2m:[0m parsed 4 headers
[2m2025-12-10T10:15:28.471679Z[0m [34mDEBUG[0m [2mhyper::proto::h1::conn[0m[2m:[0m incoming body is content-length (45 bytes)
[2m2025-12-10T10:15:28.471689Z[0m [34mDEBUG[0m [2mhyper::proto::h1::conn[0m[2m:[0m incoming body completed
[2m2025-12-10T10:15:28.471701Z[0m [34mDEBUG[0m [2mhyper::client::pool[0m[2m:[0m pooling idle connection for ("http", 192.168.0.14:8545)
[2m2025-12-10T10:15:28.471727Z[0m [34mDEBUG[0m [2mhyper::client::pool[0m[2m:[0m reuse idle connection for ("http", 192.168.0.14:8545)
[2m2025-12-10T10:15:28.471748Z[0m [34mDEBUG[0m [2mhyper::proto::h1::io[0m[2m:[0m flushed 172 bytes
[2m2025-12-10T10:15:28.477250Z[0m [34mDEBUG[0m [2mhyper::proto::h1::io[0m[2m:[0m parsed 4 headers
[2m2025-12-10T10:15:28.477263Z[0m [34mDEBUG[0m [2mhyper::proto::h1::conn[0m[2m:[0m incoming body is content-length (45 bytes)
[2m2025-12-10T10:15:28.477271Z[0m [34mDEBUG[0m [2mhyper::proto::h1::conn[0m[2m:[0m incoming body completed
[2m2025-12-10T10:15:28.477282Z[0m [34mDEBUG[0m [2mhyper::client::pool[0m[2m:[0m pooling idle connection for ("http", 192.168.0.14:8545)
[2m2025-12-10T10:15:28.477307Z[0m [34mDEBUG[0m [2mhyper::client::pool[0m[2m:[0m reuse idle connection for ("http", 192.168.0.14:8545)
[2m2025-12-10T10:15:28.477332Z[0m [34mDEBUG[0m [2mhyper::proto::h1::io[0m[2m:[0m flushed 172 bytes
[2m2025-12-10T10:15:28.481434Z[0m [34mDEBUG[0m [2mhyper::proto::h1::io[0m[2m:[0m parsed 4 headers
[2m2025-12-10T10:15:28.481445Z[0m [34mDEBUG[0m [2mhyper::proto::h1::conn[0m[2m:[0m incoming body is content-length (45 bytes)
[2m2025-12-10T10:15:28.481452Z[0m [34mDEBUG[0m [2mhyper::proto::h1::conn[0m[2m:[0m incoming body completed
[2m2025-12-10T10:15:28.481463Z[0m [34mDEBUG[0m [2mhyper::client::pool[0m[2m:[0m pooling idle connection for ("http", 192.168.0.14:8545)
[2m2025-12-10T10:15:28.481493Z[0m [34mDEBUG[0m [2mhyper::client::pool[0m[2m:[0m reuse idle connection for ("http", 192.168.0.14:8545)
[2m2025-12-10T10:15:28.481515Z[0m [34mDEBUG[0m [2mhyper::proto::h1::io[0m[2m:[0m flushed 172 bytes
[2m2025-12-10T10:15:28.487215Z[0m [34mDEBUG[0m [2mhyper::proto::h1::io[0m[2m:[0m parsed 4 headers
[2m2025-12-10T10:15:28.487231Z[0m [34mDEBUG[0m [2mhyper::proto::h1::conn[0m[2m:[0m incoming body is content-length (45 bytes)
[2m2025-12-10T10:15:28.487241Z[0m [34mDEBUG[0m [2mhyper::proto::h1::conn[0m[2m:[0m incoming body completed
[2m2025-12-10T10:15:28.487253Z[0m [34mDEBUG[0m [2mhyper::client::pool[0m[2m:[0m pooling idle connection for ("http", 192.168.0.14:8545)
[2m2025-12-10T10:15:28.487292Z[0m [34mDEBUG[0m [2mhyper::client::pool[0m[2m:[0m reuse idle connection for ("http", 192.168.0.14:8545)
[2m2025-12-10T10:15:28.487329Z[0m [34mDEBUG[0m [2mhyper::proto::h1::io[0m[2m:[0m flushed 172 bytes
[2m2025-12-10T10:15:28.491223Z[0m [34mDEBUG[0m [2mhyper::proto::h1::io[0m[2m:[0m parsed 4 headers
[2m2025-12-10T10:15:28.491235Z[0m [34mDEBUG[0m [2mhyper::proto::h1::conn[0m[2m:[0m incoming body is content-length (45 bytes)
[2m2025-12-10T10:15:28.491243Z[0m [34mDEBUG[0m [2mhyper::proto::h1::conn[0m[2m:[0m incoming body completed
[2m2025-12-10T10:15:28.491254Z[0m [34mDEBUG[0m [2mhyper::client::pool[0m[2m:[0m pooling idle connection for ("http", 192.168.0.14:8545)
[2m2025-12-10T10:15:28.491283Z[0m [34mDEBUG[0m [2mhyper::client::pool[0m[2m:[0m reuse idle connection for ("http", 192.168.0.14:8545)
[2m2025-12-10T10:15:28.491310Z[0m [34mDEBUG[0m [2mhyper::proto::h1::io[0m[2m:[0m flushed 172 bytes
[2m2025-12-10T10:15:28.497202Z[0m [34mDEBUG[0m [2mhyper::proto::h1::io[0m[2m:[0m parsed 4 headers
[2m2025-12-10T10:15:28.497252Z[0m [34mDEBUG[0m [2mhyper::proto::h1::conn[0m[2m:[0m incoming body is content-length (45 bytes)
[2m2025-12-10T10:15:28.497276Z[0m [34mDEBUG[0m [2mhyper::proto::h1::conn[0m[2m:[0m incoming body completed
[2m2025-12-10T10:15:28.497303Z[0m [34mDEBUG[0m [2mhyper::client::pool[0m[2m:[0m pooling idle connection for ("http", 192.168.0.14:8545)
[2m2025-12-10T10:15:28.497363Z[0m [34mDEBUG[0m [2mhyper::client::pool[0m[2m:[0m reuse idle connection for ("http", 192.168.0.14:8545)
[2m2025-12-10T10:15:28.497427Z[0m [34mDEBUG[0m [2mhyper::proto::h1::io[0m[2m:[0m flushed 172 bytes
[2m2025-12-10T10:15:28.501508Z[0m [34mDEBUG[0m [2mhyper::proto::h1::io[0m[2m:[0m parsed 4 headers
[2m2025-12-10T10:15:28.501522Z[0m [34mDEBUG[0m [2mhyper::proto::h1::conn[0m[2m:[0m incoming body is content-length (45 bytes)
[2m2025-12-10T10:15:28.501531Z[0m [34mDEBUG[0m [2mhyper::proto::h1::conn[0m[2m:[0m incoming body completed
[2m2025-12-10T10:15:28.501541Z[0m [34mDEBUG[0m [2mhyper::client::pool[0m[2m:[0m pooling idle connection for ("http", 192.168.0.14:8545)
[2m2025-12-10T10:15:28.501570Z[0m [34mDEBUG[0m [2mhyper::client::pool[0m[2m:[0m reuse idle connection for ("http", 192.168.0.14:8545)
[2m2025-12-10T10:15:28.501602Z[0m [34mDEBUG[0m [2mhyper::proto::h1::io[0m[2m:[0m flushed 172 bytes
[2m2025-12-10T10:15:28.506237Z[0m [34mDEBUG[0m [2mhyper::proto::h1::io[0m[2m:[0m parsed 4 headers
[2m2025-12-10T10:15:28.506267Z[0m [34mDEBUG[0m [2mhyper::proto::h1::conn[0m[2m:[0m incoming body is content-length (45 bytes)
[2m2025-12-10T10:15:28.506287Z[0m [34mDEBUG[0m [2mhyper::proto::h1::conn[0m[2m:[0m incoming body completed
[2m2025-12-10T10:15:28.506311Z[0m [34mDEBUG[0m [2mhyper::client::pool[0m[2m:[0m pooling idle connection for ("http", 192.168.0.14:8545)
[2m2025-12-10T10:15:28.506364Z[0m [34mDEBUG[0m [2mhyper::client::pool[0m[2m:[0m reuse idle connection for ("http", 192.168.0.14:8545)
[2m2025-12-10T10:15:28.506412Z[0m [34mDEBUG[0m [2mhyper::proto::h1::io[0m[2m:[0m flushed 172 bytes
[2m2025-12-10T10:15:28.510435Z[0m [34mDEBUG[0m [2mhyper::proto::h1::io[0m[2m:[0m parsed 4 headers
[2m2025-12-10T10:15:28.510474Z[0m [34mDEBUG[0m [2mhyper::proto::h1::conn[0m[2m:[0m incoming body is content-length (45 bytes)
[2m2025-12-10T10:15:28.510492Z[0m [34mDEBUG[0m [2mhyper::proto::h1::conn[0m[2m:[0m incoming body completed
[2m2025-12-10T10:15:28.510514Z[0m [34mDEBUG[0m [2mhyper::client::pool[0m[2m:[0m pooling idle connection for ("http", 192.168.0.14:8545)
[2m2025-12-10T10:15:28.510565Z[0m [34mDEBUG[0m [2mhyper::client::pool[0m[2m:[0m reuse idle connection for ("http", 192.168.0.14:8545)
[2m2025-12-10T10:15:28.510604Z[0m [34mDEBUG[0m [2mhyper::proto::h1::io[0m[2m:[0m flushed 172 bytes
[2m2025-12-10T10:15:28.514852Z[0m [34mDEBUG[0m [2mhyper::proto::h1::io[0m[2m:[0m parsed 4 headers
[2m2025-12-10T10:15:28.514881Z[0m [34mDEBUG[0m [2mhyper::proto::h1::conn[0m[2m:[0m incoming body is content-length (45 bytes)
[2m2025-12-10T10:15:28.514900Z[0m [34mDEBUG[0m [2mhyper::proto::h1::conn[0m[2m:[0m incoming body completed
[2m2025-12-10T10:15:28.514922Z[0m [34mDEBUG[0m [2mhyper::client::pool[0m[2m:[0m pooling idle connection for ("http", 192.168.0.14:8545)
[2m2025-12-10T10:15:28.514974Z[0m [34mDEBUG[0m [2mhyper::client::pool[0m[2m:[0m reuse idle connection for ("http", 192.168.0.14:8545)
[2m2025-12-10T10:15:28.515018Z[0m [34mDEBUG[0m [2mhyper::proto::h1::io[0m[2m:[0m flushed 172 bytes
[2m2025-12-10T10:15:28.520735Z[0m [34mDEBUG[0m [2mhyper::proto::h1::io[0m[2m:[0m parsed 4 headers
[2m2025-12-10T10:15:28.520773Z[0m [34mDEBUG[0m [2mhyper::proto::h1::conn[0m[2m:[0m incoming body is content-length (45 bytes)
[2m2025-12-10T10:15:28.520793Z[0m [34mDEBUG[0m [2mhyper::proto::h1::conn[0m[2m:[0m incoming body completed
[2m2025-12-10T10:15:28.520816Z[0m [34mDEBUG[0m [2mhyper::client::pool[0m[2m:[0m pooling idle connection for ("http", 192.168.0.14:8545)
[2m2025-12-10T10:15:28.520868Z[0m [34mDEBUG[0m [2mhyper::client::pool[0m[2m:[0m reuse idle connection for ("http", 192.168.0.14:8545)
[2m2025-12-10T10:15:28.520919Z[0m [34mDEBUG[0m [2mhyper::proto::h1::io[0m[2m:[0m flushed 172 bytes
[2m2025-12-10T10:15:28.525341Z[0m [34mDEBUG[0m [2mhyper::proto::h1::io[0m[2m:[0m parsed 4 headers
[2m2025-12-10T10:15:28.525370Z[0m [34mDEBUG[0m [2mhyper::proto::h1::conn[0m[2m:[0m incoming body is content-length (45 bytes)
[2m2025-12-10T10:15:28.525391Z[0m [34mDEBUG[0m [2mhyper::proto::h1::conn[0m[2m:[0m incoming body completed
[2m2025-12-10T10:15:28.525413Z[0m [34mDEBUG[0m [2mhyper::client::pool[0m[2m:[0m pooling idle connection for ("http", 192.168.0.14:8545)
[2m2025-12-10T10:15:28.525467Z[0m [34mDEBUG[0m [2mhyper::client::pool[0m[2m:[0m reuse idle connection for ("http", 192.168.0.14:8545)
[2m2025-12-10T10:15:28.525517Z[0m [34mDEBUG[0m [2mhyper::proto::h1::io[0m[2m:[0m flushed 172 bytes
[2m2025-12-10T10:15:28.649322Z[0m [34mDEBUG[0m [2mhyper::proto::h1::io[0m[2m:[0m parsed 4 headers
[2m2025-12-10T10:15:28.649367Z[0m [34mDEBUG[0m [2mhyper::proto::h1::conn[0m[2m:[0m incoming body is content-length (45 bytes)
[2m2025-12-10T10:15:28.649385Z[0m [34mDEBUG[0m [2mhyper::proto::h1::conn[0m[2m:[0m incoming body completed
[2m2025-12-10T10:15:28.649412Z[0m [34mDEBUG[0m [2mhyper::client::pool[0m[2m:[0m pooling idle connection for ("http", 192.168.0.14:8545)
[2m2025-12-10T10:15:28.649505Z[0m [34mDEBUG[0m [2mhyper::client::pool[0m[2m:[0m reuse idle connection for ("http", 192.168.0.14:8545)
[2m2025-12-10T10:15:28.649572Z[0m [34mDEBUG[0m [2mhyper::proto::h1::io[0m[2m:[0m flushed 172 bytes
[2m2025-12-10T10:15:28.655904Z[0m [34mDEBUG[0m [2mhyper::proto::h1::io[0m[2m:[0m parsed 4 headers
[2m2025-12-10T10:15:28.655953Z[0m [34mDEBUG[0m [2mhyper::proto::h1::conn[0m[2m:[0m incoming body is content-length (45 bytes)
[2m2025-12-10T10:15:28.655971Z[0m [34mDEBUG[0m [2mhyper::proto::h1::conn[0m[2m:[0m incoming body completed
[2m2025-12-10T10:15:28.655994Z[0m [34mDEBUG[0m [2mhyper::client::pool[0m[2m:[0m pooling idle connection for ("http", 192.168.0.14:8545)
[2m2025-12-10T10:15:28.656022Z[0m [34mDEBUG[0m [2mhyper::client::pool[0m[2m:[0m reuse idle connection for ("http", 192.168.0.14:8545)
[2m2025-12-10T10:15:28.656060Z[0m [34mDEBUG[0m [2mhyper::proto::h1::io[0m[2m:[0m flushed 172 bytes
[2m2025-12-10T10:15:28.663715Z[0m [34mDEBUG[0m [2mhyper::proto::h1::io[0m[2m:[0m parsed 4 headers
[2m2025-12-10T10:15:28.663739Z[0m [34mDEBUG[0m [2mhyper::proto::h1::conn[0m[2m:[0m incoming body is content-length (45 bytes)
[2m2025-12-10T10:15:28.663748Z[0m [34mDEBUG[0m [2mhyper::proto::h1::conn[0m[2m:[0m incoming body completed
[2m2025-12-10T10:15:28.663759Z[0m [34mDEBUG[0m [2mhyper::client::pool[0m[2m:[0m pooling idle connection for ("http", 192.168.0.14:8545)
[2m2025-12-10T10:15:28.663785Z[0m [34mDEBUG[0m [2mhyper::client::pool[0m[2m:[0m reuse idle connection for ("http", 192.168.0.14:8545)
[2m2025-12-10T10:15:28.663819Z[0m [34mDEBUG[0m [2mhyper::proto::h1::io[0m[2m:[0m flushed 172 bytes
[2m2025-12-10T10:15:28.668215Z[0m [34mDEBUG[0m [2mhyper::proto::h1::io[0m[2m:[0m parsed 4 headers
[2m2025-12-10T10:15:28.668259Z[0m [34mDEBUG[0m [2mhyper::proto::h1::conn[0m[2m:[0m incoming body is content-length (45 bytes)
[2m2025-12-10T10:15:28.668278Z[0m [34mDEBUG[0m [2mhyper::proto::h1::conn[0m[2m:[0m incoming body completed
[2m2025-12-10T10:15:28.668308Z[0m [34mDEBUG[0m [2mhyper::client::pool[0m[2m:[0m pooling idle connection for ("http", 192.168.0.14:8545)
[2m2025-12-10T10:15:28.668384Z[0m [34mDEBUG[0m [2mhyper::client::pool[0m[2m:[0m reuse idle connection for ("http", 192.168.0.14:8545)
[2m2025-12-10T10:15:28.668449Z[0m [34mDEBUG[0m [2mhyper::proto::h1::io[0m[2m:[0m flushed 172 bytes
[2m2025-12-10T10:15:28.675742Z[0m [34mDEBUG[0m [2mhyper::proto::h1::io[0m[2m:[0m parsed 4 headers
[2m2025-12-10T10:15:28.675784Z[0m [34mDEBUG[0m [2mhyper::proto::h1::conn[0m[2m:[0m incoming body is content-length (45 bytes)
[2m2025-12-10T10:15:28.675804Z[0m [34mDEBUG[0m [2mhyper::proto::h1::conn[0m[2m:[0m incoming body completed
[2m2025-12-10T10:15:28.675835Z[0m [34mDEBUG[0m [2mhyper::client::pool[0m[2m:[0m pooling idle connection for ("http", 192.168.0.14:8545)
[2m2025-12-10T10:15:28.675898Z[0m [34mDEBUG[0m [2mhyper::client::pool[0m[2m:[0m reuse idle connection for ("http", 192.168.0.14:8545)
[2m2025-12-10T10:15:28.675947Z[0m [34mDEBUG[0m [2mhyper::proto::h1::io[0m[2m:[0m flushed 172 bytes
[2m2025-12-10T10:15:28.679701Z[0m [34mDEBUG[0m [2mhyper::proto::h1::io[0m[2m:[0m parsed 4 headers
[2m2025-12-10T10:15:28.679724Z[0m [34mDEBUG[0m [2mhyper::proto::h1::conn[0m[2m:[0m incoming body is content-length (681 bytes)
[2m2025-12-10T10:15:28.679734Z[0m [34mDEBUG[0m [2mhyper::proto::h1::conn[0m[2m:[0m incoming body completed
[2m2025-12-10T10:15:28.679747Z[0m [34mDEBUG[0m [2mhyper::client::pool[0m[2m:[0m pooling idle connection for ("http", 192.168.0.14:8545)
[2m2025-12-10T10:15:28.679756Z[0m [34mDEBUG[0m [2methereum_transaction_pool_monitor::eth_client[0m[2m:[0m 📡 Transaction fetch RPC completed in 248.513167ms
[2m2025-12-10T10:15:28.679848Z[0m [34mDEBUG[0m [2methereum_transaction_pool_monitor::eth_client[0m[2m:[0m DeFi transaction detected - Address: 0xdac17f958d2ee523a2206206994597c13d831ec7, Type: Stablecoin, Value: 0 ETH, Gas: 2.00 Gwei
[2m2025-12-10T10:15:28.679895Z[0m [34mDEBUG[0m [2methereum_transaction_pool_monitor::eth_client[0m[2m:[0m ✅ Transaction 0xb8d2dbaf25f89ce9e230d5f141d03b2ccb7fbe59a222dc8228d112cf70a5272d fetched and parsed in 248.651917ms
[2m2025-12-10T10:15:28.679952Z[0m [34mDEBUG[0m [2methereum_transaction_pool_monitor::mempool_monitor[0m[2m:[0m 🔍 Skipping tx 0xb8d2dbaf25f89ce9e230d5f141d03b2ccb7fbe59a222dc8228d112cf70a5272d - not a DEX interaction (target: 0xdAC17F958D2ee523a2206206994597C13D831ec7)
[2m2025-12-10T10:15:28.679972Z[0m [34mDEBUG[0m [2methereum_transaction_pool_monitor::mempool_monitor[0m[2m:[0m 📨 Processing new pending transaction: 0x46ea3fc2ac1afb49ac55a11d36d4641a74e179885d1072abfd713a21343d0291
[2m2025-12-10T10:15:28.680016Z[0m [34mDEBUG[0m [2methereum_transaction_pool_monitor::mempool_monitor[0m[2m:[0m 🔍 Fetching transaction details for: 0x46ea3fc2ac1afb49ac55a11d36d4641a74e179885d1072abfd713a21343d0291
[2m2025-12-10T10:15:28.680028Z[0m [34mDEBUG[0m [2methereum_transaction_pool_monitor::eth_client[0m[2m:[0m 🔍 Fetching transaction details for hash: 0x46ea3fc2ac1afb49ac55a11d36d4641a74e179885d1072abfd713a21343d0291
[2m2025-12-10T10:15:28.680075Z[0m [34mDEBUG[0m [2mhyper::client::pool[0m[2m:[0m reuse idle connection for ("http", 192.168.0.14:8545)
[2m2025-12-10T10:15:28.680159Z[0m [34mDEBUG[0m [2mhyper::proto::h1::io[0m[2m:[0m flushed 250 bytes
[2m2025-12-10T10:15:28.683046Z[0m [34mDEBUG[0m [2mhyper::proto::h1::io[0m[2m:[0m parsed 4 headers
[2m2025-12-10T10:15:28.683099Z[0m [34mDEBUG[0m [2mhyper::proto::h1::conn[0m[2m:[0m incoming body is content-length (45 bytes)
[2m2025-12-10T10:15:28.683117Z[0m [34mDEBUG[0m [2mhyper::proto::h1::conn[0m[2m:[0m incoming body completed
[2m2025-12-10T10:15:28.684816Z[0m [34mDEBUG[0m [2mhyper::client::pool[0m[2m:[0m pooling idle connection for ("http", 192.168.0.14:8545)
[2m2025-12-10T10:15:28.685039Z[0m [34mDEBUG[0m [2mhyper::client::pool[0m[2m:[0m reuse idle connection for ("http", 192.168.0.14:8545)
[2m2025-12-10T10:15:28.685067Z[0m [34mDEBUG[0m [2mhyper::proto::h1::io[0m[2m:[0m flushed 172 bytes
[2m2025-12-10T10:15:28.693826Z[0m [34mDEBUG[0m [2mhyper::proto::h1::io[0m[2m:[0m parsed 4 headers
[2m2025-12-10T10:15:28.693878Z[0m [34mDEBUG[0m [2mhyper::proto::h1::conn[0m[2m:[0m incoming body is content-length (773 bytes)
[2m2025-12-10T10:15:28.693919Z[0m [34mDEBUG[0m [2mhyper::proto::h1::conn[0m[2m:[0m incoming body completed
[2m2025-12-10T10:15:28.693995Z[0m [34mDEBUG[0m [2mhyper::client::pool[0m[2m:[0m pooling idle connection for ("http", 192.168.0.14:8545)
[2m2025-12-10T10:15:28.694020Z[0m [34mDEBUG[0m [2methereum_transaction_pool_monitor::eth_client[0m[2m:[0m 📡 Transaction fetch RPC completed in 13.982292ms
[2m2025-12-10T10:15:28.907469Z[0m [34mDEBUG[0m [2methereum_transaction_pool_monitor::eth_client[0m[2m:[0m ✅ Transaction 0x46ea3fc2ac1afb49ac55a11d36d4641a74e179885d1072abfd713a21343d0291 fetched and parsed in 227.424167ms
[2m2025-12-10T10:15:28.907528Z[0m [34mDEBUG[0m [2methereum_transaction_pool_monitor::mempool_monitor[0m[2m:[0m 🔍 Skipping tx 0x46ea3fc2ac1afb49ac55a11d36d4641a74e179885d1072abfd713a21343d0291 - not a DEX interaction (target: 0xDF3C068d2f42d08C10f2Bc56bce69599869530B4)
[2m2025-12-10T10:15:28.907551Z[0m [34mDEBUG[0m [2methereum_transaction_pool_monitor::mempool_monitor[0m[2m:[0m 📨 Processing new pending transaction: 0x1407c766dc68822e5df25d80b38ea770a42ee3ea733d7ec568856b4eb7613f97
[2m2025-12-10T10:15:28.907563Z[0m [34mDEBUG[0m [2methereum_transaction_pool_monitor::mempool_monitor[0m[2m:[0m 🔍 Fetching transaction details for: 0x1407c766dc68822e5df25d80b38ea770a42ee3ea733d7ec568856b4eb7613f97
[2m2025-12-10T10:15:28.907572Z[0m [34mDEBUG[0m [2methereum_transaction_pool_monitor::eth_client[0m[2m:[0m 🔍 Fetching transaction details for hash: 0x1407c766dc68822e5df25d80b38ea770a42ee3ea733d7ec568856b4eb7613f97
[2m2025-12-10T10:15:28.907642Z[0m [34mDEBUG[0m [2mhyper::client::pool[0m[2m:[0m reuse idle connection for ("http", 192.168.0.14:8545)
[2m2025-12-10T10:15:28.907882Z[0m [34mDEBUG[0m [2mhyper::proto::h1::io[0m[2m:[0m flushed 250 bytes
[2m2025-12-10T10:15:28.908285Z[0m [34mDEBUG[0m [2mhyper::proto::h1::io[0m[2m:[0m parsed 4 headers
[2m2025-12-10T10:15:28.908307Z[0m [34mDEBUG[0m [2mhyper::proto::h1::conn[0m[2m:[0m incoming body is content-length (45 bytes)
[2m2025-12-10T10:15:28.908411Z[0m [34mDEBUG[0m [2mhyper::proto::h1::conn[0m[2m:[0m incoming body completed
[2m2025-12-10T10:15:28.908483Z[0m [34mDEBUG[0m [2methereum_transaction_pool_monitor::eth_client[0m[2m:[0m 📨 Received WebSocket message: {"jsonrpc":"2.0","method":"eth_subscription","params":{"subscription":"0xbed0a0851463e895960a451075a301a9","result":"0x8b8c4b020e62a1c94a2f64cb7d4e0a63ee4e8d6633b9a512fc7278ba656b8de3"}}
[2m2025-12-10T10:15:28.908488Z[0m [34mDEBUG[0m [2mhyper::client::pool[0m[2m:[0m pooling idle connection for ("http", 192.168.0.14:8545)
[2m2025-12-10T10:15:28.908504Z[0m [34mDEBUG[0m [2methereum_transaction_pool_monitor::eth_client[0m[2m:[0m 📨 Received pending transaction: 0x8b8c4b020e62a1c94a2f64cb7d4e0a63ee4e8d6633b9a512fc7278ba656b8de3
[2m2025-12-10T10:15:28.908540Z[0m [34mDEBUG[0m [2methereum_transaction_pool_monitor::eth_client[0m[2m:[0m 📨 Received WebSocket message: {"jsonrpc":"2.0","method":"eth_subscription","params":{"subscription":"0xbed0a0851463e895960a451075a301a9","result":"0x10633375eefbef5b4a3b25a2bdbb021ed9dce349828f5bb4088aca37403c43e3"}}
[2m2025-12-10T10:15:28.908554Z[0m [34mDEBUG[0m [2methereum_transaction_pool_monitor::eth_client[0m[2m:[0m 📨 Received pending transaction: 0x10633375eefbef5b4a3b25a2bdbb021ed9dce349828f5bb4088aca37403c43e3
[2m2025-12-10T10:15:28.908579Z[0m [34mDEBUG[0m [2mhyper::client::pool[0m[2m:[0m reuse idle connection for ("http", 192.168.0.14:8545)
[2m2025-12-10T10:15:28.908657Z[0m [34mDEBUG[0m [2mhyper::proto::h1::io[0m[2m:[0m flushed 172 bytes
[2m2025-12-10T10:15:28.911932Z[0m [34mDEBUG[0m [2mhyper::proto::h1::io[0m[2m:[0m parsed 4 headers
[2m2025-12-10T10:15:28.912000Z[0m [34mDEBUG[0m [2mhyper::proto::h1::conn[0m[2m:[0m incoming body is content-length (3711 bytes)
[2m2025-12-10T10:15:28.912022Z[0m [34mDEBUG[0m [2mhyper::proto::h1::conn[0m[2m:[0m incoming body completed
[2m2025-12-10T10:15:28.912048Z[0m [34mDEBUG[0m [2mhyper::client::pool[0m[2m:[0m pooling idle connection for ("http", 192.168.0.14:8545)
[2m2025-12-10T10:15:28.912068Z[0m [34mDEBUG[0m [2methereum_transaction_pool_monitor::eth_client[0m[2m:[0m 📡 Transaction fetch RPC completed in 4.486333ms
[2m2025-12-10T10:15:29.064976Z[0m [34mDEBUG[0m [2methereum_transaction_pool_monitor::eth_client[0m[2m:[0m ✅ Transaction 0x1407c766dc68822e5df25d80b38ea770a42ee3ea733d7ec568856b4eb7613f97 fetched and parsed in 157.390792ms
[2m2025-12-10T10:15:29.065006Z[0m [34mDEBUG[0m [2methereum_transaction_pool_monitor::mempool_monitor[0m[2m:[0m 🔍 Skipping tx 0x1407c766dc68822e5df25d80b38ea770a42ee3ea733d7ec568856b4eb7613f97 - not a DEX interaction (target: 0x618892aE551eB5bB2DE8911057b3714274b5FFe1)
[2m2025-12-10T10:15:29.065017Z[0m [34mDEBUG[0m [2methereum_transaction_pool_monitor::mempool_monitor[0m[2m:[0m 📨 Processing new pending transaction: 0x7bb756b936ac04db1a318811bd730fb16fb86f24ab4d7ed35bf0d718700b8062
[2m2025-12-10T10:15:29.065022Z[0m [34mDEBUG[0m [2methereum_transaction_pool_monitor::mempool_monitor[0m[2m:[0m 🔍 Fetching transaction details for: 0x7bb756b936ac04db1a318811bd730fb16fb86f24ab4d7ed35bf0d718700b8062
[2m2025-12-10T10:15:29.065026Z[0m [34mDEBUG[0m [2methereum_transaction_pool_monitor::eth_client[0m[2m:[0m 🔍 Fetching transaction details for hash: 0x7bb756b936ac04db1a318811bd730fb16fb86f24ab4d7ed35bf0d718700b8062
[2m2025-12-10T10:15:29.065054Z[0m [34mDEBUG[0m [2mhyper::client::pool[0m[2m:[0m reuse idle connection for ("http", 192.168.0.14:8545)
[2m2025-12-10T10:15:29.065112Z[0m [34mDEBUG[0m [2mhyper::proto::h1::io[0m[2m:[0m flushed 250 bytes
[2m2025-12-10T10:15:29.065133Z[0m [34mDEBUG[0m [2methereum_transaction_pool_monitor::eth_client[0m[2m:[0m 📨 Received WebSocket message: {"jsonrpc":"2.0","method":"eth_subscription","params":{"subscription":"0xbed0a0851463e895960a451075a301a9","result":"0xe1b62ba0ef9220929bafc4c487558b447c8c11c0116424186a8ba7ab355feb0b"}}
[2m2025-12-10T10:15:29.065141Z[0m [34mDEBUG[0m [2methereum_transaction_pool_monitor::eth_client[0m[2m:[0m 📨 Received pending transaction: 0xe1b62ba0ef9220929bafc4c487558b447c8c11c0116424186a8ba7ab355feb0b
[2m2025-12-10T10:15:29.065145Z[0m [34mDEBUG[0m [2mhyper::proto::h1::io[0m[2m:[0m parsed 4 headers
[2m2025-12-10T10:15:29.065205Z[0m [34mDEBUG[0m [2mhyper::proto::h1::conn[0m[2m:[0m incoming body is content-length (45 bytes)
[2m2025-12-10T10:15:29.065241Z[0m [34mDEBUG[0m [2mhyper::proto::h1::conn[0m[2m:[0m incoming body completed
[2m2025-12-10T10:15:29.065265Z[0m [34mDEBUG[0m [2mhyper::client::pool[0m[2m:[0m pooling idle connection for ("http", 192.168.0.14:8545)
[2m2025-12-10T10:15:29.065316Z[0m [34mDEBUG[0m [2mhyper::client::pool[0m[2m:[0m reuse idle connection for ("http", 192.168.0.14:8545)
[2m2025-12-10T10:15:29.065376Z[0m [34mDEBUG[0m [2mhyper::proto::h1::io[0m[2m:[0m flushed 172 bytes
[2m2025-12-10T10:15:29.073289Z[0m [34mDEBUG[0m [2mhyper::proto::h1::io[0m[2m:[0m parsed 4 headers
[2m2025-12-10T10:15:29.073365Z[0m [34mDEBUG[0m [2mhyper::proto::h1::conn[0m[2m:[0m incoming body is content-length (656 bytes)
[2m2025-12-10T10:15:29.073392Z[0m [34mDEBUG[0m [2mhyper::proto::h1::conn[0m[2m:[0m incoming body completed
[2m2025-12-10T10:15:29.073406Z[0m [34mDEBUG[0m [2mhyper::client::pool[0m[2m:[0m pooling idle connection for ("http", 192.168.0.14:8545)
[2m2025-12-10T10:15:29.073416Z[0m [34mDEBUG[0m [2methereum_transaction_pool_monitor::eth_client[0m[2m:[0m 📡 Transaction fetch RPC completed in 8.385584ms
[2m2025-12-10T10:15:29.231211Z[0m [34mDEBUG[0m [2methereum_transaction_pool_monitor::eth_client[0m[2m:[0m ✅ Transaction 0x7bb756b936ac04db1a318811bd730fb16fb86f24ab4d7ed35bf0d718700b8062 fetched and parsed in 166.176167ms
[2m2025-12-10T10:15:29.231254Z[0m [34mDEBUG[0m [2methereum_transaction_pool_monitor::mempool_monitor[0m[2m:[0m 🔍 Skipping tx 0x7bb756b936ac04db1a318811bd730fb16fb86f24ab4d7ed35bf0d718700b8062 - not a DEX interaction (target: 0xa1abfA21f80ecf401bd41365adBb6fEF6fEfDF09)
[2m2025-12-10T10:15:29.231266Z[0m [34mDEBUG[0m [2methereum_transaction_pool_monitor::mempool_monitor[0m[2m:[0m 📨 Processing new pending transaction: 0xc1980c7a671054a3e6556d613fe66cf08b81a218cf4ee67b81a7714f6718b1e7
[2m2025-12-10T10:15:29.231280Z[0m [34mDEBUG[0m [2methereum_transaction_pool_monitor::mempool_monitor[0m[2m:[0m 🔍 Fetching transaction details for: 0xc1980c7a671054a3e6556d613fe66cf08b81a218cf4ee67b81a7714f6718b1e7
[2m2025-12-10T10:15:29.231284Z[0m [34mDEBUG[0m [2methereum_transaction_pool_monitor::eth_client[0m[2m:[0m 🔍 Fetching transaction details for hash: 0xc1980c7a671054a3e6556d613fe66cf08b81a218cf4ee67b81a7714f6718b1e7
[2m2025-12-10T10:15:29.231309Z[0m [34mDEBUG[0m [2mhyper::client::pool[0m[2m:[0m reuse idle connection for ("http", 192.168.0.14:8545)
[2m2025-12-10T10:15:29.231367Z[0m [34mDEBUG[0m [2mhyper::proto::h1::io[0m[2m:[0m flushed 250 bytes
[2m2025-12-10T10:15:29.231388Z[0m [34mDEBUG[0m [2mhyper::proto::h1::io[0m[2m:[0m parsed 4 headers
[2m2025-12-10T10:15:29.231392Z[0m [34mDEBUG[0m [2mhyper::proto::h1::conn[0m[2m:[0m incoming body is content-length (45 bytes)
[2m2025-12-10T10:15:29.231400Z[0m [34mDEBUG[0m [2mhyper::proto::h1::conn[0m[2m:[0m incoming body completed
[2m2025-12-10T10:15:29.231409Z[0m [34mDEBUG[0m [2mhyper::client::pool[0m[2m:[0m pooling idle connection for ("http", 192.168.0.14:8545)
[2m2025-12-10T10:15:29.231426Z[0m [34mDEBUG[0m [2mhyper::client::pool[0m[2m:[0m reuse idle connection for ("http", 192.168.0.14:8545)
[2m2025-12-10T10:15:29.231448Z[0m [34mDEBUG[0m [2mhyper::proto::h1::io[0m[2m:[0m flushed 172 bytes
[2m2025-12-10T10:15:30.342509Z[0m [34mDEBUG[0m [2mhyper::proto::h1::io[0m[2m:[0m parsed 4 headers
[2m2025-12-10T10:15:30.342574Z[0m [34mDEBUG[0m [2mhyper::proto::h1::conn[0m[2m:[0m incoming body is content-length (45 bytes)
[2m2025-12-10T10:15:30.342739Z[0m [34mDEBUG[0m [2mhyper::proto::h1::conn[0m[2m:[0m incoming body completed
[2m2025-12-10T10:15:30.342856Z[0m [34mDEBUG[0m [2mhyper::client::pool[0m[2m:[0m pooling idle connection for ("http", 192.168.0.14:8545)
[2m2025-12-10T10:15:30.342971Z[0m [34mDEBUG[0m [2mhyper::client::pool[0m[2m:[0m reuse idle connection for ("http", 192.168.0.14:8545)
[2m2025-12-10T10:15:30.343056Z[0m [34mDEBUG[0m [2mhyper::proto::h1::io[0m[2m:[0m flushed 172 bytes
[2m2025-12-10T10:15:30.363763Z[0m [34mDEBUG[0m [2mhyper::proto::h1::io[0m[2m:[0m parsed 4 headers
[2m2025-12-10T10:15:30.363807Z[0m [34mDEBUG[0m [2mhyper::proto::h1::conn[0m[2m:[0m incoming body is content-length (45 bytes)
[2m2025-12-10T10:15:30.363824Z[0m [34mDEBUG[0m [2mhyper::proto::h1::conn[0m[2m:[0m incoming body completed
[2m2025-12-10T10:15:30.363848Z[0m [34mDEBUG[0m [2mhyper::client::pool[0m[2m:[0m pooling idle connection for ("http", 192.168.0.14:8545)
[2m2025-12-10T10:15:30.363901Z[0m [34mDEBUG[0m [2mhyper::client::pool[0m[2m:[0m reuse idle connection for ("http", 192.168.0.14:8545)
[2m2025-12-10T10:15:30.363952Z[0m [34mDEBUG[0m [2mhyper::proto::h1::io[0m[2m:[0m flushed 172 bytes
[2m2025-12-10T10:15:30.369488Z[0m [34mDEBUG[0m [2mhyper::proto::h1::io[0m[2m:[0m parsed 4 headers
[2m2025-12-10T10:15:30.369519Z[0m [34mDEBUG[0m [2mhyper::proto::h1::conn[0m[2m:[0m incoming body is content-length (45 bytes)
[2m2025-12-10T10:15:30.369537Z[0m [34mDEBUG[0m [2mhyper::proto::h1::conn[0m[2m:[0m incoming body completed
[2m2025-12-10T10:15:30.369557Z[0m [34mDEBUG[0m [2mhyper::client::pool[0m[2m:[0m pooling idle connection for ("http", 192.168.0.14:8545)
[2m2025-12-10T10:15:30.369613Z[0m [34mDEBUG[0m [2mhyper::client::pool[0m[2m:[0m reuse idle connection for ("http", 192.168.0.14:8545)
[2m2025-12-10T10:15:30.369672Z[0m [34mDEBUG[0m [2mhyper::proto::h1::io[0m[2m:[0m flushed 172 bytes
[2m2025-12-10T10:15:30.369678Z[0m [34mDEBUG[0m [2mhyper::proto::h1::io[0m[2m:[0m parsed 4 headers
[2m2025-12-10T10:15:30.369695Z[0m [34mDEBUG[0m [2mhyper::proto::h1::conn[0m[2m:[0m incoming body is content-length (552 bytes)
[2m2025-12-10T10:15:30.369720Z[0m [34mDEBUG[0m [2mhyper::proto::h1::conn[0m[2m:[0m incoming body completed
[2m2025-12-10T10:15:30.369750Z[0m [34mDEBUG[0m [2mhyper::client::pool[0m[2m:[0m pooling idle connection for ("http", 192.168.0.14:8545)
[2m2025-12-10T10:15:30.369770Z[0m [34mDEBUG[0m [2methereum_transaction_pool_monitor::eth_client[0m[2m:[0m 📡 Transaction fetch RPC completed in 1.138471292s
[2m2025-12-10T10:15:30.378607Z[0m [34mDEBUG[0m [2methereum_transaction_pool_monitor::eth_client[0m[2m:[0m 📨 Received WebSocket message: {"jsonrpc":"2.0","method":"eth_subscription","params":{"subscription":"0xbed0a0851463e895960a451075a301a9","result":"0xc88bba78243d4c2810e6ccd9e6eb50a725d84dd31f0ea3360999a896fc91e72c"}}
[2m2025-12-10T10:15:30.378668Z[0m [34mDEBUG[0m [2methereum_transaction_pool_monitor::eth_client[0m[2m:[0m 📨 Received pending transaction: 0xc88bba78243d4c2810e6ccd9e6eb50a725d84dd31f0ea3360999a896fc91e72c
[2m2025-12-10T10:15:30.378695Z[0m [34mDEBUG[0m [2methereum_transaction_pool_monitor::eth_client[0m[2m:[0m 📨 Received WebSocket message: {"jsonrpc":"2.0","method":"eth_subscription","params":{"subscription":"0xbed0a0851463e895960a451075a301a9","result":"0x07316128f65662900f5c645bd8023617d8c17b83c9bf02e22e7318e6b79ec95d"}}
[2m2025-12-10T10:15:30.378711Z[0m [34mDEBUG[0m [2methereum_transaction_pool_monitor::eth_client[0m[2m:[0m 📨 Received pending transaction: 0x07316128f65662900f5c645bd8023617d8c17b83c9bf02e22e7318e6b79ec95d
[2m2025-12-10T10:15:30.378742Z[0m [34mDEBUG[0m [2mhyper::proto::h1::io[0m[2m:[0m parsed 4 headers
[2m2025-12-10T10:15:30.378757Z[0m [34mDEBUG[0m [2mhyper::proto::h1::conn[0m[2m:[0m incoming body is content-length (45 bytes)
[2m2025-12-10T10:15:30.378774Z[0m [34mDEBUG[0m [2mhyper::proto::h1::conn[0m[2m:[0m incoming body completed
[2m2025-12-10T10:15:30.378792Z[0m [34mDEBUG[0m [2mhyper::client::pool[0m[2m:[0m pooling idle connection for ("http", 192.168.0.14:8545)
[2m2025-12-10T10:15:30.378835Z[0m [34mDEBUG[0m [2mhyper::client::pool[0m[2m:[0m reuse idle connection for ("http", 192.168.0.14:8545)
[2m2025-12-10T10:15:30.378884Z[0m [34mDEBUG[0m [2mhyper::proto::h1::io[0m[2m:[0m flushed 172 bytes
[2m2025-12-10T10:15:30.389945Z[0m [34mDEBUG[0m [2mhyper::proto::h1::io[0m[2m:[0m parsed 4 headers
[2m2025-12-10T10:15:30.389963Z[0m [34mDEBUG[0m [2mhyper::proto::h1::conn[0m[2m:[0m incoming body is content-length (45 bytes)
[2m2025-12-10T10:15:30.389972Z[0m [34mDEBUG[0m [2mhyper::proto::h1::conn[0m[2m:[0m incoming body completed
[2m2025-12-10T10:15:30.389985Z[0m [34mDEBUG[0m [2mhyper::client::pool[0m[2m:[0m pooling idle connection for ("http", 192.168.0.14:8545)
[2m2025-12-10T10:15:30.390019Z[0m [34mDEBUG[0m [2mhyper::client::pool[0m[2m:[0m reuse idle connection for ("http", 192.168.0.14:8545)
[2m2025-12-10T10:15:30.390045Z[0m [34mDEBUG[0m [2mhyper::proto::h1::io[0m[2m:[0m flushed 172 bytes
[2m2025-12-10T10:15:30.403340Z[0m [34mDEBUG[0m [2methereum_transaction_pool_monitor::eth_client[0m[2m:[0m 📨 Received WebSocket message: {"jsonrpc":"2.0","method":"eth_subscription","params":{"subscription":"0xbed0a0851463e895960a451075a301a9","result":"0xcf544c1056bde0fdf3df96a1110e055d3cd11362d9deaf005c01c57473d09dc9"}}
[2m2025-12-10T10:15:30.403621Z[0m [34mDEBUG[0m [2methereum_transaction_pool_monitor::eth_client[0m[2m:[0m 📨 Received pending transaction: 0xcf544c1056bde0fdf3df96a1110e055d3cd11362d9deaf005c01c57473d09dc9
[2m2025-12-10T10:15:30.403658Z[0m [34mDEBUG[0m [2mhyper::proto::h1::io[0m[2m:[0m parsed 4 headers
[2m2025-12-10T10:15:30.403664Z[0m [34mDEBUG[0m [2mhyper::proto::h1::conn[0m[2m:[0m incoming body is content-length (45 bytes)
[2m2025-12-10T10:15:30.403674Z[0m [34mDEBUG[0m [2mhyper::proto::h1::conn[0m[2m:[0m incoming body completed
[2m2025-12-10T10:15:30.403688Z[0m [34mDEBUG[0m [2mhyper::client::pool[0m[2m:[0m pooling idle connection for ("http", 192.168.0.14:8545)
[2m2025-12-10T10:15:30.403721Z[0m [34mDEBUG[0m [2mhyper::client::pool[0m[2m:[0m reuse idle connection for ("http", 192.168.0.14:8545)
[2m2025-12-10T10:15:30.403761Z[0m [34mDEBUG[0m [2mhyper::proto::h1::io[0m[2m:[0m flushed 172 bytes
[2m2025-12-10T10:15:30.407639Z[0m [34mDEBUG[0m [2mhyper::proto::h1::io[0m[2m:[0m parsed 4 headers
[2m2025-12-10T10:15:30.407693Z[0m [34mDEBUG[0m [2mhyper::proto::h1::conn[0m[2m:[0m incoming body is content-length (45 bytes)
[2m2025-12-10T10:15:30.407714Z[0m [34mDEBUG[0m [2mhyper::proto::h1::conn[0m[2m:[0m incoming body completed
[2m2025-12-10T10:15:30.407738Z[0m [34mDEBUG[0m [2mhyper::client::pool[0m[2m:[0m pooling idle connection for ("http", 192.168.0.14:8545)
[2m2025-12-10T10:15:30.407810Z[0m [34mDEBUG[0m [2mhyper::client::pool[0m[2m:[0m reuse idle connection for ("http", 192.168.0.14:8545)
[2m2025-12-10T10:15:30.407864Z[0m [34mDEBUG[0m [2mhyper::proto::h1::io[0m[2m:[0m flushed 172 bytes
[2m2025-12-10T10:15:30.411716Z[0m [34mDEBUG[0m [2mhyper::proto::h1::io[0m[2m:[0m parsed 4 headers
[2m2025-12-10T10:15:30.411746Z[0m [34mDEBUG[0m [2mhyper::proto::h1::conn[0m[2m:[0m incoming body is content-length (45 bytes)
[2m2025-12-10T10:15:30.411757Z[0m [34mDEBUG[0m [2mhyper::proto::h1::conn[0m[2m:[0m incoming body completed
[2m2025-12-10T10:15:30.411768Z[0m [34mDEBUG[0m [2mhyper::client::pool[0m[2m:[0m pooling idle connection for ("http", 192.168.0.14:8545)
[2m2025-12-10T10:15:30.411803Z[0m [34mDEBUG[0m [2mhyper::client::pool[0m[2m:[0m reuse idle connection for ("http", 192.168.0.14:8545)
[2m2025-12-10T10:15:30.411840Z[0m [34mDEBUG[0m [2mhyper::proto::h1::io[0m[2m:[0m flushed 172 bytes
[2m2025-12-10T10:15:30.415873Z[0m [34mDEBUG[0m [2mhyper::proto::h1::io[0m[2m:[0m parsed 4 headers
[2m2025-12-10T10:15:30.415890Z[0m [34mDEBUG[0m [2mhyper::proto::h1::conn[0m[2m:[0m incoming body is content-length (45 bytes)
[2m2025-12-10T10:15:30.415898Z[0m [34mDEBUG[0m [2mhyper::proto::h1::conn[0m[2m:[0m incoming body completed
[2m2025-12-10T10:15:30.415908Z[0m [34mDEBUG[0m [2mhyper::client::pool[0m[2m:[0m pooling idle connection for ("http", 192.168.0.14:8545)
[2m2025-12-10T10:15:30.415947Z[0m [34mDEBUG[0m [2mhyper::client::pool[0m[2m:[0m reuse idle connection for ("http", 192.168.0.14:8545)
[2m2025-12-10T10:15:30.415970Z[0m [34mDEBUG[0m [2mhyper::proto::h1::io[0m[2m:[0m flushed 172 bytes
[2m2025-12-10T10:15:30.420331Z[0m [34mDEBUG[0m [2mhyper::proto::h1::io[0m[2m:[0m parsed 4 headers
[2m2025-12-10T10:15:30.420365Z[0m [34mDEBUG[0m [2mhyper::proto::h1::conn[0m[2m:[0m incoming body is content-length (45 bytes)
[2m2025-12-10T10:15:30.420378Z[0m [34mDEBUG[0m [2mhyper::proto::h1::conn[0m[2m:[0m incoming body completed
[2m2025-12-10T10:15:30.420394Z[0m [34mDEBUG[0m [2mhyper::client::pool[0m[2m:[0m pooling idle connection for ("http", 192.168.0.14:8545)
[2m2025-12-10T10:15:30.420430Z[0m [34mDEBUG[0m [2mhyper::client::pool[0m[2m:[0m reuse idle connection for ("http", 192.168.0.14:8545)
[2m2025-12-10T10:15:30.420468Z[0m [34mDEBUG[0m [2mhyper::proto::h1::io[0m[2m:[0m flushed 172 bytes
[2m2025-12-10T10:15:30.424918Z[0m [34mDEBUG[0m [2mhyper::proto::h1::io[0m[2m:[0m parsed 4 headers
[2m2025-12-10T10:15:30.424982Z[0m [34mDEBUG[0m [2mhyper::proto::h1::conn[0m[2m:[0m incoming body is content-length (45 bytes)
[2m2025-12-10T10:15:30.425004Z[0m [34mDEBUG[0m [2mhyper::proto::h1::conn[0m[2m:[0m incoming body completed
[2m2025-12-10T10:15:30.425048Z[0m [34mDEBUG[0m [2mhyper::client::pool[0m[2m:[0m pooling idle connection for ("http", 192.168.0.14:8545)
[2m2025-12-10T10:15:30.425076Z[0m [34mDEBUG[0m [2mhyper::client::pool[0m[2m:[0m reuse idle connection for ("http", 192.168.0.14:8545)
[2m2025-12-10T10:15:30.425229Z[0m [34mDEBUG[0m [2mhyper::proto::h1::io[0m[2m:[0m flushed 172 bytes
[2m2025-12-10T10:15:30.429161Z[0m [34mDEBUG[0m [2mhyper::proto::h1::io[0m[2m:[0m parsed 4 headers
[2m2025-12-10T10:15:30.429185Z[0m [34mDEBUG[0m [2mhyper::proto::h1::conn[0m[2m:[0m incoming body is content-length (45 bytes)
[2m2025-12-10T10:15:30.429192Z[0m [34mDEBUG[0m [2mhyper::proto::h1::conn[0m[2m:[0m incoming body completed
[2m2025-12-10T10:15:30.429201Z[0m [34mDEBUG[0m [2mhyper::client::pool[0m[2m:[0m pooling idle connection for ("http", 192.168.0.14:8545)
[2m2025-12-10T10:15:30.429226Z[0m [34mDEBUG[0m [2mhyper::client::pool[0m[2m:[0m reuse idle connection for ("http", 192.168.0.14:8545)
[2m2025-12-10T10:15:30.429254Z[0m [34mDEBUG[0m [2mhyper::proto::h1::io[0m[2m:[0m flushed 172 bytes
[2m2025-12-10T10:15:30.434031Z[0m [34mDEBUG[0m [2mhyper::proto::h1::io[0m[2m:[0m parsed 4 headers
[2m2025-12-10T10:15:30.434092Z[0m [34mDEBUG[0m [2mhyper::proto::h1::conn[0m[2m:[0m incoming body is content-length (45 bytes)
[2m2025-12-10T10:15:30.434114Z[0m [34mDEBUG[0m [2mhyper::proto::h1::conn[0m[2m:[0m incoming body completed
[2m2025-12-10T10:15:30.434140Z[0m [34mDEBUG[0m [2mhyper::client::pool[0m[2m:[0m pooling idle connection for ("http", 192.168.0.14:8545)
[2m2025-12-10T10:15:30.434208Z[0m [34mDEBUG[0m [2mhyper::client::pool[0m[2m:[0m reuse idle connection for ("http", 192.168.0.14:8545)
[2m2025-12-10T10:15:30.434280Z[0m [34mDEBUG[0m [2mhyper::proto::h1::io[0m[2m:[0m flushed 172 bytes
[2m2025-12-10T10:15:30.441658Z[0m [34mDEBUG[0m [2mhyper::proto::h1::io[0m[2m:[0m parsed 4 headers
[2m2025-12-10T10:15:30.441683Z[0m [34mDEBUG[0m [2mhyper::proto::h1::conn[0m[2m:[0m incoming body is content-length (45 bytes)
[2m2025-12-10T10:15:30.441694Z[0m [34mDEBUG[0m [2mhyper::proto::h1::conn[0m[2m:[0m incoming body completed
[2m2025-12-10T10:15:30.441708Z[0m [34mDEBUG[0m [2mhyper::client::pool[0m[2m:[0m pooling idle connection for ("http", 192.168.0.14:8545)
[2m2025-12-10T10:15:30.441741Z[0m [34mDEBUG[0m [2mhyper::client::pool[0m[2m:[0m reuse idle connection for ("http", 192.168.0.14:8545)
[2m2025-12-10T10:15:30.441774Z[0m [34mDEBUG[0m [2mhyper::proto::h1::io[0m[2m:[0m flushed 172 bytes
[2m2025-12-10T10:15:30.446538Z[0m [34mDEBUG[0m [2mhyper::proto::h1::io[0m[2m:[0m parsed 4 headers
[2m2025-12-10T10:15:30.446555Z[0m [34mDEBUG[0m [2mhyper::proto::h1::conn[0m[2m:[0m incoming body is content-length (45 bytes)
[2m2025-12-10T10:15:30.446564Z[0m [34mDEBUG[0m [2mhyper::proto::h1::conn[0m[2m:[0m incoming body completed
[2m2025-12-10T10:15:30.446577Z[0m [34mDEBUG[0m [2mhyper::client::pool[0m[2m:[0m pooling idle connection for ("http", 192.168.0.14:8545)
[2m2025-12-10T10:15:30.446611Z[0m [34mDEBUG[0m [2mhyper::client::pool[0m[2m:[0m reuse idle connection for ("http", 192.168.0.14:8545)
[2m2025-12-10T10:15:30.446639Z[0m [34mDEBUG[0m [2mhyper::proto::h1::io[0m[2m:[0m flushed 172 bytes
[2m2025-12-10T10:15:30.453214Z[0m [34mDEBUG[0m [2mhyper::proto::h1::io[0m[2m:[0m parsed 4 headers
[2m2025-12-10T10:15:30.453253Z[0m [34mDEBUG[0m [2mhyper::proto::h1::conn[0m[2m:[0m incoming body is content-length (45 bytes)
[2m2025-12-10T10:15:30.453273Z[0m [34mDEBUG[0m [2mhyper::proto::h1::conn[0m[2m:[0m incoming body completed
[2m2025-12-10T10:15:30.453296Z[0m [34mDEBUG[0m [2mhyper::client::pool[0m[2m:[0m pooling idle connection for ("http", 192.168.0.14:8545)
[2m2025-12-10T10:15:30.453377Z[0m [34mDEBUG[0m [2mhyper::client::pool[0m[2m:[0m reuse idle connection for ("http", 192.168.0.14:8545)
[2m2025-12-10T10:15:30.453426Z[0m [34mDEBUG[0m [2mhyper::proto::h1::io[0m[2m:[0m flushed 172 bytes
[2m2025-12-10T10:15:30.457693Z[0m [34mDEBUG[0m [2mhyper::proto::h1::io[0m[2m:[0m parsed 4 headers
[2m2025-12-10T10:15:30.457731Z[0m [34mDEBUG[0m [2mhyper::proto::h1::conn[0m[2m:[0m incoming body is content-length (45 bytes)
[2m2025-12-10T10:15:30.457753Z[0m [34mDEBUG[0m [2mhyper::proto::h1::conn[0m[2m:[0m incoming body completed
[2m2025-12-10T10:15:30.457778Z[0m [34mDEBUG[0m [2mhyper::client::pool[0m[2m:[0m pooling idle connection for ("http", 192.168.0.14:8545)
[2m2025-12-10T10:15:30.457832Z[0m [34mDEBUG[0m [2mhyper::client::pool[0m[2m:[0m reuse idle connection for ("http", 192.168.0.14:8545)
[2m2025-12-10T10:15:30.457887Z[0m [34mDEBUG[0m [2mhyper::proto::h1::io[0m[2m:[0m flushed 172 bytes
[2m2025-12-10T10:15:30.462444Z[0m [34mDEBUG[0m [2mhyper::proto::h1::io[0m[2m:[0m parsed 4 headers
[2m2025-12-10T10:15:30.462468Z[0m [34mDEBUG[0m [2mhyper::proto::h1::conn[0m[2m:[0m incoming body is content-length (45 bytes)
[2m2025-12-10T10:15:30.462477Z[0m [34mDEBUG[0m [2mhyper::proto::h1::conn[0m[2m:[0m incoming body completed
[2m2025-12-10T10:15:30.462489Z[0m [34mDEBUG[0m [2mhyper::client::pool[0m[2m:[0m pooling idle connection for ("http", 192.168.0.14:8545)
[2m2025-12-10T10:15:30.462517Z[0m [34mDEBUG[0m [2mhyper::client::pool[0m[2m:[0m reuse idle connection for ("http", 192.168.0.14:8545)
[2m2025-12-10T10:15:30.462553Z[0m [34mDEBUG[0m [2mhyper::proto::h1::io[0m[2m:[0m flushed 172 bytes
[2m2025-12-10T10:15:30.466842Z[0m [34mDEBUG[0m [2mhyper::proto::h1::io[0m[2m:[0m parsed 4 headers
[2m2025-12-10T10:15:30.466850Z[0m [34mDEBUG[0m [2mhyper::proto::h1::conn[0m[2m:[0m incoming body is content-length (45 bytes)
[2m2025-12-10T10:15:30.466856Z[0m [34mDEBUG[0m [2mhyper::proto::h1::conn[0m[2m:[0m incoming body completed
[2m2025-12-10T10:15:30.466863Z[0m [34mDEBUG[0m [2mhyper::client::pool[0m[2m:[0m pooling idle connection for ("http", 192.168.0.14:8545)
[2m2025-12-10T10:15:30.466880Z[0m [34mDEBUG[0m [2mhyper::client::pool[0m[2m:[0m reuse idle connection for ("http", 192.168.0.14:8545)
[2m2025-12-10T10:15:30.466901Z[0m [34mDEBUG[0m [2mhyper::proto::h1::io[0m[2m:[0m flushed 172 bytes
[2m2025-12-10T10:15:30.470678Z[0m [34mDEBUG[0m [2mhyper::proto::h1::io[0m[2m:[0m parsed 4 headers
[2m2025-12-10T10:15:30.470699Z[0m [34mDEBUG[0m [2mhyper::proto::h1::conn[0m[2m:[0m incoming body is content-length (45 bytes)
[2m2025-12-10T10:15:30.470707Z[0m [34mDEBUG[0m [2mhyper::proto::h1::conn[0m[2m:[0m incoming body completed
[2m2025-12-10T10:15:30.470717Z[0m [34mDEBUG[0m [2mhyper::client::pool[0m[2m:[0m pooling idle connection for ("http", 192.168.0.14:8545)
[2m2025-12-10T10:15:30.470739Z[0m [34mDEBUG[0m [2mhyper::client::pool[0m[2m:[0m reuse idle connection for ("http", 192.168.0.14:8545)
[2m2025-12-10T10:15:30.470770Z[0m [34mDEBUG[0m [2mhyper::proto::h1::io[0m[2m:[0m flushed 172 bytes
[2m2025-12-10T10:15:30.474142Z[0m [34mDEBUG[0m [2mhyper::proto::h1::io[0m[2m:[0m parsed 4 headers
[2m2025-12-10T10:15:30.474155Z[0m [34mDEBUG[0m [2mhyper::proto::h1::conn[0m[2m:[0m incoming body is content-length (45 bytes)
[2m2025-12-10T10:15:30.474161Z[0m [34mDEBUG[0m [2mhyper::proto::h1::conn[0m[2m:[0m incoming body completed
[2m2025-12-10T10:15:30.474170Z[0m [34mDEBUG[0m [2mhyper::client::pool[0m[2m:[0m pooling idle connection for ("http", 192.168.0.14:8545)
[2m2025-12-10T10:15:30.474189Z[0m [34mDEBUG[0m [2mhyper::client::pool[0m[2m:[0m reuse idle connection for ("http", 192.168.0.14:8545)
[2m2025-12-10T10:15:30.474214Z[0m [34mDEBUG[0m [2mhyper::proto::h1::io[0m[2m:[0m flushed 172 bytes
[2m2025-12-10T10:15:30.477480Z[0m [34mDEBUG[0m [2methereum_transaction_pool_monitor::eth_client[0m[2m:[0m ✅ Transaction 0xc1980c7a671054a3e6556d613fe66cf08b81a218cf4ee67b81a7714f6718b1e7 fetched and parsed in 1.246180209s
[2m2025-12-10T10:15:30.477495Z[0m [34mDEBUG[0m [2methereum_transaction_pool_monitor::mempool_monitor[0m[2m:[0m 🔍 Skipping tx 0xc1980c7a671054a3e6556d613fe66cf08b81a218cf4ee67b81a7714f6718b1e7 - not a DEX interaction (target: 0xbc206193aC5D9034DA11d34425b9C87761cAe940)
[2m2025-12-10T10:15:30.477504Z[0m [34mDEBUG[0m [2methereum_transaction_pool_monitor::mempool_monitor[0m[2m:[0m 📨 Processing new pending transaction: 0xdb75d1140e70376370a413855ad2ec71a5db656fa862bc0315c8f1f055f3bdbc
[2m2025-12-10T10:15:30.477509Z[0m [34mDEBUG[0m [2methereum_transaction_pool_monitor::mempool_monitor[0m[2m:[0m 🔍 Fetching transaction details for: 0xdb75d1140e70376370a413855ad2ec71a5db656fa862bc0315c8f1f055f3bdbc
[2m2025-12-10T10:15:30.477513Z[0m [34mDEBUG[0m [2methereum_transaction_pool_monitor::eth_client[0m[2m:[0m 🔍 Fetching transaction details for hash: 0xdb75d1140e70376370a413855ad2ec71a5db656fa862bc0315c8f1f055f3bdbc
[2m2025-12-10T10:15:30.477525Z[0m [34mDEBUG[0m [2mhyper::client::pool[0m[2m:[0m reuse idle connection for ("http", 192.168.0.14:8545)
[2m2025-12-10T10:15:30.477553Z[0m [34mDEBUG[0m [2mhyper::proto::h1::io[0m[2m:[0m flushed 250 bytes
[2m2025-12-10T10:15:30.478213Z[0m [34mDEBUG[0m [2mhyper::proto::h1::io[0m[2m:[0m parsed 4 headers
[2m2025-12-10T10:15:30.478218Z[0m [34mDEBUG[0m [2mhyper::proto::h1::conn[0m[2m:[0m incoming body is content-length (45 bytes)
[2m2025-12-10T10:15:30.478223Z[0m [34mDEBUG[0m [2mhyper::proto::h1::conn[0m[2m:[0m incoming body completed
[2m2025-12-10T10:15:30.478229Z[0m [34mDEBUG[0m [2mhyper::client::pool[0m[2m:[0m pooling idle connection for ("http", 192.168.0.14:8545)
[2m2025-12-10T10:15:30.478241Z[0m [34mDEBUG[0m [2mhyper::client::pool[0m[2m:[0m reuse idle connection for ("http", 192.168.0.14:8545)
[2m2025-12-10T10:15:30.478255Z[0m [34mDEBUG[0m [2mhyper::proto::h1::io[0m[2m:[0m flushed 172 bytes
[2m2025-12-10T10:15:30.484997Z[0m [34mDEBUG[0m [2mhyper::proto::h1::io[0m[2m:[0m parsed 4 headers
[2m2025-12-10T10:15:30.485042Z[0m [34mDEBUG[0m [2mhyper::proto::h1::conn[0m[2m:[0m incoming body is content-length (1731 bytes)
[2m2025-12-10T10:15:30.485059Z[0m [34mDEBUG[0m [2mhyper::proto::h1::conn[0m[2m:[0m incoming body completed
[2m2025-12-10T10:15:30.485080Z[0m [34mDEBUG[0m [2mhyper::client::pool[0m[2m:[0m pooling idle connection for ("http", 192.168.0.14:8545)
[2m2025-12-10T10:15:30.485096Z[0m [34mDEBUG[0m [2methereum_transaction_pool_monitor::eth_client[0m[2m:[0m 📡 Transaction fetch RPC completed in 7.578667ms
[2m2025-12-10T10:15:30.559279Z[0m [34mDEBUG[0m [2methereum_transaction_pool_monitor::eth_client[0m[2m:[0m ✅ Transaction 0xdb75d1140e70376370a413855ad2ec71a5db656fa862bc0315c8f1f055f3bdbc fetched and parsed in 81.759583ms
[2m2025-12-10T10:15:30.559305Z[0m [34mDEBUG[0m [2methereum_transaction_pool_monitor::mempool_monitor[0m[2m:[0m 🔍 Skipping tx 0xdb75d1140e70376370a413855ad2ec71a5db656fa862bc0315c8f1f055f3bdbc - not a DEX interaction (target: 0x601a2aD6CB5949f0529735254189Ba3194221EDF)
[2m2025-12-10T10:15:30.559318Z[0m [34mDEBUG[0m [2methereum_transaction_pool_monitor::mempool_monitor[0m[2m:[0m 📨 Processing new pending transaction: 0x289069dfed465b87366ffd63ef2d47a4c9fa23c1adc5d46a0da32832cfb50aaf
[2m2025-12-10T10:15:30.559328Z[0m [34mDEBUG[0m [2methereum_transaction_pool_monitor::mempool_monitor[0m[2m:[0m 🔍 Fetching transaction details for: 0x289069dfed465b87366ffd63ef2d47a4c9fa23c1adc5d46a0da32832cfb50aaf
[2m2025-12-10T10:15:30.559337Z[0m [34mDEBUG[0m [2methereum_transaction_pool_monitor::eth_client[0m[2m:[0m 🔍 Fetching transaction details for hash: 0x289069dfed465b87366ffd63ef2d47a4c9fa23c1adc5d46a0da32832cfb50aaf
[2m2025-12-10T10:15:30.559358Z[0m [34mDEBUG[0m [2mhyper::client::pool[0m[2m:[0m reuse idle connection for ("http", 192.168.0.14:8545)
[2m2025-12-10T10:15:30.559576Z[0m [34mDEBUG[0m [2mhyper::proto::h1::io[0m[2m:[0m flushed 250 bytes
[2m2025-12-10T10:15:30.559606Z[0m [34mDEBUG[0m [2methereum_transaction_pool_monitor::eth_client[0m[2m:[0m 📨 Received WebSocket message: {"jsonrpc":"2.0","method":"eth_subscription","params":{"subscription":"0xbed0a0851463e895960a451075a301a9","result":"0x0f09fe4fae28f26d992d7526a513337f0d2667e2eed54544613953af2cf99ec7"}}
[2m2025-12-10T10:15:30.559615Z[0m [34mDEBUG[0m [2methereum_transaction_pool_monitor::eth_client[0m[2m:[0m 📨 Received pending transaction: 0x0f09fe4fae28f26d992d7526a513337f0d2667e2eed54544613953af2cf99ec7
[2m2025-12-10T10:15:30.559620Z[0m [34mDEBUG[0m [2methereum_transaction_pool_monitor::eth_client[0m[2m:[0m 📨 Received WebSocket message: {"jsonrpc":"2.0","method":"eth_subscription","params":{"subscription":"0xbed0a0851463e895960a451075a301a9","result":"0x46c1c82dcdc69751b5e05cf831082fd981c1af122e6e0e9645d49112bf74c1e7"}}
[2m2025-12-10T10:15:30.559628Z[0m [34mDEBUG[0m [2mhyper::proto::h1::io[0m[2m:[0m parsed 4 headers
[2m2025-12-10T10:15:30.559655Z[0m [34mDEBUG[0m [2methereum_transaction_pool_monitor::eth_client[0m[2m:[0m 📨 Received pending transaction: 0x46c1c82dcdc69751b5e05cf831082fd981c1af122e6e0e9645d49112bf74c1e7
[2m2025-12-10T10:15:30.559672Z[0m [34mDEBUG[0m [2mhyper::proto::h1::conn[0m[2m:[0m incoming body is content-length (45 bytes)
[2m2025-12-10T10:15:30.559690Z[0m [34mDEBUG[0m [2mhyper::proto::h1::conn[0m[2m:[0m incoming body completed
[2m2025-12-10T10:15:30.559708Z[0m [34mDEBUG[0m [2mhyper::client::pool[0m[2m:[0m pooling idle connection for ("http", 192.168.0.14:8545)
[2m2025-12-10T10:15:30.559725Z[0m [34mDEBUG[0m [2mhyper::client::pool[0m[2m:[0m reuse idle connection for ("http", 192.168.0.14:8545)
[2m2025-12-10T10:15:30.559737Z[0m [34mDEBUG[0m [2mhyper::proto::h1::io[0m[2m:[0m flushed 172 bytes
[2m2025-12-10T10:15:30.566221Z[0m [34mDEBUG[0m [2mhyper::proto::h1::io[0m[2m:[0m parsed 4 headers
[2m2025-12-10T10:15:30.566228Z[0m [34mDEBUG[0m [2mhyper::proto::h1::conn[0m[2m:[0m incoming body is content-length (45 bytes)
[2m2025-12-10T10:15:30.566233Z[0m [34mDEBUG[0m [2mhyper::proto::h1::conn[0m[2m:[0m incoming body completed
[2m2025-12-10T10:15:30.566239Z[0m [34mDEBUG[0m [2mhyper::client::pool[0m[2m:[0m pooling idle connection for ("http", 192.168.0.14:8545)
[2m2025-12-10T10:15:30.566258Z[0m [34mDEBUG[0m [2mhyper::client::pool[0m[2m:[0m reuse idle connection for ("http", 192.168.0.14:8545)
[2m2025-12-10T10:15:30.566275Z[0m [34mDEBUG[0m [2mhyper::proto::h1::io[0m[2m:[0m flushed 172 bytes
[2m2025-12-10T10:15:30.570301Z[0m [34mDEBUG[0m [2mhyper::proto::h1::io[0m[2m:[0m parsed 4 headers
[2m2025-12-10T10:15:30.570308Z[0m [34mDEBUG[0m [2mhyper::proto::h1::conn[0m[2m:[0m incoming body is content-length (45 bytes)
[2m2025-12-10T10:15:30.570314Z[0m [34mDEBUG[0m [2mhyper::proto::h1::conn[0m[2m:[0m incoming body completed
[2m2025-12-10T10:15:30.570319Z[0m [34mDEBUG[0m [2mhyper::client::pool[0m[2m:[0m pooling idle connection for ("http", 192.168.0.14:8545)
[2m2025-12-10T10:15:30.570330Z[0m [34mDEBUG[0m [2mhyper::client::pool[0m[2m:[0m reuse idle connection for ("http", 192.168.0.14:8545)
[2m2025-12-10T10:15:30.570346Z[0m [34mDEBUG[0m [2mhyper::proto::h1::io[0m[2m:[0m flushed 172 bytes
[2m2025-12-10T10:15:30.574270Z[0m [34mDEBUG[0m [2mhyper::proto::h1::io[0m[2m:[0m parsed 4 headers
[2m2025-12-10T10:15:30.574277Z[0m [34mDEBUG[0m [2mhyper::proto::h1::conn[0m[2m:[0m incoming body is content-length (45 bytes)
[2m2025-12-10T10:15:30.574282Z[0m [34mDEBUG[0m [2mhyper::proto::h1::conn[0m[2m:[0m incoming body completed
[2m2025-12-10T10:15:30.574288Z[0m [34mDEBUG[0m [2mhyper::client::pool[0m[2m:[0m pooling idle connection for ("http", 192.168.0.14:8545)
[2m2025-12-10T10:15:30.574303Z[0m [34mDEBUG[0m [2mhyper::client::pool[0m[2m:[0m reuse idle connection for ("http", 192.168.0.14:8545)
[2m2025-12-10T10:15:30.574318Z[0m [34mDEBUG[0m [2mhyper::proto::h1::io[0m[2m:[0m flushed 172 bytes
[2m2025-12-10T10:15:30.579205Z[0m [34mDEBUG[0m [2mhyper::proto::h1::io[0m[2m:[0m parsed 4 headers
[2m2025-12-10T10:15:30.579235Z[0m [34mDEBUG[0m [2mhyper::proto::h1::conn[0m[2m:[0m incoming body is content-length (45 bytes)
[2m2025-12-10T10:15:30.579255Z[0m [34mDEBUG[0m [2mhyper::proto::h1::conn[0m[2m:[0m incoming body completed
[2m2025-12-10T10:15:30.579277Z[0m [34mDEBUG[0m [2mhyper::client::pool[0m[2m:[0m pooling idle connection for ("http", 192.168.0.14:8545)
[2m2025-12-10T10:15:30.579326Z[0m [34mDEBUG[0m [2mhyper::client::pool[0m[2m:[0m reuse idle connection for ("http", 192.168.0.14:8545)
[2m2025-12-10T10:15:30.579384Z[0m [34mDEBUG[0m [2mhyper::proto::h1::io[0m[2m:[0m flushed 172 bytes
[2m2025-12-10T10:15:30.584858Z[0m [34mDEBUG[0m [2mhyper::proto::h1::io[0m[2m:[0m parsed 4 headers
[2m2025-12-10T10:15:30.584905Z[0m [34mDEBUG[0m [2mhyper::proto::h1::conn[0m[2m:[0m incoming body is content-length (45 bytes)
[2m2025-12-10T10:15:30.584930Z[0m [34mDEBUG[0m [2mhyper::proto::h1::conn[0m[2m:[0m incoming body completed
[2m2025-12-10T10:15:30.584951Z[0m [34mDEBUG[0m [2mhyper::client::pool[0m[2m:[0m pooling idle connection for ("http", 192.168.0.14:8545)
[2m2025-12-10T10:15:30.585003Z[0m [34mDEBUG[0m [2mhyper::client::pool[0m[2m:[0m reuse idle connection for ("http", 192.168.0.14:8545)
[2m2025-12-10T10:15:30.585053Z[0m [34mDEBUG[0m [2mhyper::proto::h1::io[0m[2m:[0m flushed 172 bytes
[2m2025-12-10T10:15:30.589784Z[0m [34mDEBUG[0m [2mhyper::proto::h1::io[0m[2m:[0m parsed 4 headers
[2m2025-12-10T10:15:30.589827Z[0m [34mDEBUG[0m [2mhyper::proto::h1::conn[0m[2m:[0m incoming body is content-length (45 bytes)
[2m2025-12-10T10:15:30.589837Z[0m [34mDEBUG[0m [2mhyper::proto::h1::conn[0m[2m:[0m incoming body completed
[2m2025-12-10T10:15:30.589848Z[0m [34mDEBUG[0m [2mhyper::client::pool[0m[2m:[0m pooling idle connection for ("http", 192.168.0.14:8545)
[2m2025-12-10T10:15:30.589877Z[0m [34mDEBUG[0m [2mhyper::client::pool[0m[2m:[0m reuse idle connection for ("http", 192.168.0.14:8545)
[2m2025-12-10T10:15:30.589913Z[0m [34mDEBUG[0m [2mhyper::proto::h1::io[0m[2m:[0m flushed 172 bytes
[2m2025-12-10T10:15:30.595689Z[0m [34mDEBUG[0m [2mhyper::proto::h1::io[0m[2m:[0m parsed 4 headers
[2m2025-12-10T10:15:30.595713Z[0m [34mDEBUG[0m [2mhyper::proto::h1::conn[0m[2m:[0m incoming body is content-length (45 bytes)
[2m2025-12-10T10:15:30.595730Z[0m [34mDEBUG[0m [2mhyper::proto::h1::conn[0m[2m:[0m incoming body completed
[2m2025-12-10T10:15:30.595750Z[0m [34mDEBUG[0m [2mhyper::client::pool[0m[2m:[0m pooling idle connection for ("http", 192.168.0.14:8545)
[2m2025-12-10T10:15:30.595799Z[0m [34mDEBUG[0m [2mhyper::client::pool[0m[2m:[0m reuse idle connection for ("http", 192.168.0.14:8545)
[2m2025-12-10T10:15:30.595846Z[0m [34mDEBUG[0m [2mhyper::proto::h1::io[0m[2m:[0m flushed 172 bytes
[2m2025-12-10T10:15:30.601151Z[0m [34mDEBUG[0m [2mhyper::proto::h1::io[0m[2m:[0m parsed 4 headers
[2m2025-12-10T10:15:30.601187Z[0m [34mDEBUG[0m [2mhyper::proto::h1::conn[0m[2m:[0m incoming body is content-length (45 bytes)
[2m2025-12-10T10:15:30.601204Z[0m [34mDEBUG[0m [2mhyper::proto::h1::conn[0m[2m:[0m incoming body completed
[2m2025-12-10T10:15:30.601226Z[0m [34mDEBUG[0m [2mhyper::client::pool[0m[2m:[0m pooling idle connection for ("http", 192.168.0.14:8545)
[2m2025-12-10T10:15:30.601277Z[0m [34mDEBUG[0m [2mhyper::client::pool[0m[2m:[0m reuse idle connection for ("http", 192.168.0.14:8545)
[2m2025-12-10T10:15:30.601334Z[0m [34mDEBUG[0m [2mhyper::proto::h1::io[0m[2m:[0m flushed 172 bytes
[2m2025-12-10T10:15:30.692665Z[0m [34mDEBUG[0m [2mhyper::proto::h1::io[0m[2m:[0m parsed 4 headers
[2m2025-12-10T10:15:30.692709Z[0m [34mDEBUG[0m [2mhyper::proto::h1::conn[0m[2m:[0m incoming body is content-length (45 bytes)
[2m2025-12-10T10:15:30.692730Z[0m [34mDEBUG[0m [2mhyper::proto::h1::conn[0m[2m:[0m incoming body completed
[2m2025-12-10T10:15:30.692757Z[0m [34mDEBUG[0m [2mhyper::client::pool[0m[2m:[0m pooling idle connection for ("http", 192.168.0.14:8545)
[2m2025-12-10T10:15:30.692817Z[0m [34mDEBUG[0m [2mhyper::client::pool[0m[2m:[0m reuse idle connection for ("http", 192.168.0.14:8545)
[2m2025-12-10T10:15:30.692880Z[0m [34mDEBUG[0m [2mhyper::proto::h1::io[0m[2m:[0m flushed 172 bytes
[2m2025-12-10T10:15:30.699976Z[0m [34mDEBUG[0m [2mhyper::proto::h1::io[0m[2m:[0m parsed 4 headers
[2m2025-12-10T10:15:30.700007Z[0m [34mDEBUG[0m [2mhyper::proto::h1::conn[0m[2m:[0m incoming body is content-length (550 bytes)
[2m2025-12-10T10:15:30.700016Z[0m [34mDEBUG[0m [2mhyper::proto::h1::conn[0m[2m:[0m incoming body completed
[2m2025-12-10T10:15:30.700028Z[0m [34mDEBUG[0m [2mhyper::client::pool[0m[2m:[0m pooling idle connection for ("http", 192.168.0.14:8545)
[2m2025-12-10T10:15:30.700037Z[0m [34mDEBUG[0m [2methereum_transaction_pool_monitor::eth_client[0m[2m:[0m 📡 Transaction fetch RPC completed in 140.693042ms
[2m2025-12-10T10:15:30.824409Z[0m [34mDEBUG[0m [2methereum_transaction_pool_monitor::eth_client[0m[2m:[0m ✅ Transaction 0x289069dfed465b87366ffd63ef2d47a4c9fa23c1adc5d46a0da32832cfb50aaf fetched and parsed in 265.061667ms
[2m2025-12-10T10:15:30.824439Z[0m [34mDEBUG[0m [2methereum_transaction_pool_monitor::mempool_monitor[0m[2m:[0m 🔍 Skipping tx 0x289069dfed465b87366ffd63ef2d47a4c9fa23c1adc5d46a0da32832cfb50aaf - not a DEX interaction (target: 0xfc6267193162d1C366439858351Df3823f2d2CeE)
[2m2025-12-10T10:15:30.824454Z[0m [34mDEBUG[0m [2methereum_transaction_pool_monitor::mempool_monitor[0m[2m:[0m 📨 Processing new pending transaction: 0x9c867a5e83abfbdcbe2e4e35a8d06069aa174eeb1e87de9295bfc30fb407d52c
[2m2025-12-10T10:15:30.824465Z[0m [34mDEBUG[0m [2methereum_transaction_pool_monitor::mempool_monitor[0m[2m:[0m 🔍 Fetching transaction details for: 0x9c867a5e83abfbdcbe2e4e35a8d06069aa174eeb1e87de9295bfc30fb407d52c
[2m2025-12-10T10:15:30.824472Z[0m [34mDEBUG[0m [2methereum_transaction_pool_monitor::eth_client[0m[2m:[0m 🔍 Fetching transaction details for hash: 0x9c867a5e83abfbdcbe2e4e35a8d06069aa174eeb1e87de9295bfc30fb407d52c
[2m2025-12-10T10:15:30.824497Z[0m [34mDEBUG[0m [2mhyper::client::pool[0m[2m:[0m reuse idle connection for ("http", 192.168.0.14:8545)
[2m2025-12-10T10:15:30.824526Z[0m [34mDEBUG[0m [2mhyper::proto::h1::io[0m[2m:[0m flushed 250 bytes
[2m2025-12-10T10:15:30.824547Z[0m [34mDEBUG[0m [2mhyper::proto::h1::io[0m[2m:[0m parsed 4 headers
[2m2025-12-10T10:15:30.824555Z[0m [34mDEBUG[0m [2mhyper::proto::h1::conn[0m[2m:[0m incoming body is content-length (45 bytes)
[2m2025-12-10T10:15:30.824566Z[0m [34mDEBUG[0m [2mhyper::proto::h1::conn[0m[2m:[0m incoming body completed
[2m2025-12-10T10:15:30.824577Z[0m [34mDEBUG[0m [2mhyper::client::pool[0m[2m:[0m pooling idle connection for ("http", 192.168.0.14:8545)
[2m2025-12-10T10:15:30.824593Z[0m [34mDEBUG[0m [2methereum_transaction_pool_monitor::eth_client[0m[2m:[0m 📨 Received WebSocket message: {"jsonrpc":"2.0","method":"eth_subscription","params":{"subscription":"0xbed0a0851463e895960a451075a301a9","result":"0xd07edc0c5b5059bc2177cce3ad7ba126a2a39acb2930c52fb9c1e59fb53d36c8"}}
[2m2025-12-10T10:15:30.824595Z[0m [34mDEBUG[0m [2mhyper::client::pool[0m[2m:[0m reuse idle connection for ("http", 192.168.0.14:8545)
[2m2025-12-10T10:15:30.824619Z[0m [34mDEBUG[0m [2methereum_transaction_pool_monitor::eth_client[0m[2m:[0m 📨 Received pending transaction: 0xd07edc0c5b5059bc2177cce3ad7ba126a2a39acb2930c52fb9c1e59fb53d36c8
[2m2025-12-10T10:15:30.824626Z[0m [32m INFO[0m [2methereum_transaction_pool_monitor::eth_client[0m[2m:[0m 📊 WebSocket stats - Total: 4963 transactions, Rate: 11.0 tx/s
[2m2025-12-10T10:15:30.824635Z[0m [34mDEBUG[0m [2mhyper::proto::h1::io[0m[2m:[0m flushed 172 bytes
[2m2025-12-10T10:15:30.830401Z[0m [34mDEBUG[0m [2mhyper::proto::h1::io[0m[2m:[0m parsed 4 headers
[2m2025-12-10T10:15:30.830407Z[0m [34mDEBUG[0m [2mhyper::proto::h1::conn[0m[2m:[0m incoming body is content-length (830 bytes)
[2m2025-12-10T10:15:30.830412Z[0m [34mDEBUG[0m [2mhyper::proto::h1::conn[0m[2m:[0m incoming body completed
[2m2025-12-10T10:15:30.830418Z[0m [34mDEBUG[0m [2mhyper::client::pool[0m[2m:[0m pooling idle connection for ("http", 192.168.0.14:8545)
[2m2025-12-10T10:15:30.830423Z[0m [34mDEBUG[0m [2methereum_transaction_pool_monitor::eth_client[0m[2m:[0m 📡 Transaction fetch RPC completed in 5.944958ms
[2m2025-12-10T10:15:30.942791Z[0m [34mDEBUG[0m [2methereum_transaction_pool_monitor::eth_client[0m[2m:[0m ✅ Transaction 0x9c867a5e83abfbdcbe2e4e35a8d06069aa174eeb1e87de9295bfc30fb407d52c fetched and parsed in 118.309166ms
[2m2025-12-10T10:15:30.942813Z[0m [34mDEBUG[0m [2methereum_transaction_pool_monitor::mempool_monitor[0m[2m:[0m 🔍 Skipping tx 0x9c867a5e83abfbdcbe2e4e35a8d06069aa174eeb1e87de9295bfc30fb407d52c - not a DEX interaction (target: 0xDDaef92FA7888eb8A8a684F72F5e8e9Ee6045490)
[2m2025-12-10T10:15:30.942824Z[0m [34mDEBUG[0m [2methereum_transaction_pool_monitor::mempool_monitor[0m[2m:[0m 📨 Processing new pending transaction: 0x9e946d3f533981bc9e1cf3439309908e6142fe01d1d4cd66a7c395049fa606e1
[2m2025-12-10T10:15:30.942829Z[0m [34mDEBUG[0m [2methereum_transaction_pool_monitor::mempool_monitor[0m[2m:[0m 🔍 Fetching transaction details for: 0x9e946d3f533981bc9e1cf3439309908e6142fe01d1d4cd66a7c395049fa606e1
[2m2025-12-10T10:15:30.942834Z[0m [34mDEBUG[0m [2methereum_transaction_pool_monitor::eth_client[0m[2m:[0m 🔍 Fetching transaction details for hash: 0x9e946d3f533981bc9e1cf3439309908e6142fe01d1d4cd66a7c395049fa606e1
[2m2025-12-10T10:15:30.942859Z[0m [34mDEBUG[0m [2mhyper::client::pool[0m[2m:[0m reuse idle connection for ("http", 192.168.0.14:8545)
[2m2025-12-10T10:15:30.942901Z[0m [34mDEBUG[0m [2mhyper::proto::h1::io[0m[2m:[0m flushed 250 bytes
[2m2025-12-10T10:15:30.942919Z[0m [34mDEBUG[0m [2mhyper::proto::h1::io[0m[2m:[0m parsed 4 headers
[2m2025-12-10T10:15:30.942926Z[0m [34mDEBUG[0m [2mhyper::proto::h1::conn[0m[2m:[0m incoming body is content-length (45 bytes)
[2m2025-12-10T10:15:30.942934Z[0m [34mDEBUG[0m [2mhyper::proto::h1::conn[0m[2m:[0m incoming body completed
[2m2025-12-10T10:15:30.942943Z[0m [34mDEBUG[0m [2mhyper::client::pool[0m[2m:[0m pooling idle connection for ("http", 192.168.0.14:8545)
[2m2025-12-10T10:15:30.942961Z[0m [34mDEBUG[0m [2mhyper::client::pool[0m[2m:[0m reuse idle connection for ("http", 192.168.0.14:8545)
[2m2025-12-10T10:15:30.942976Z[0m [34mDEBUG[0m [2mhyper::proto::h1::io[0m[2m:[0m flushed 172 bytes
[2m2025-12-10T10:15:30.951013Z[0m [34mDEBUG[0m [2mhyper::proto::h1::io[0m[2m:[0m parsed 4 headers
[2m2025-12-10T10:15:30.951040Z[0m [34mDEBUG[0m [2mhyper::proto::h1::conn[0m[2m:[0m incoming body is content-length (552 bytes)
[2m2025-12-10T10:15:30.951049Z[0m [34mDEBUG[0m [2mhyper::proto::h1::conn[0m[2m:[0m incoming body completed
[2m2025-12-10T10:15:30.951059Z[0m [34mDEBUG[0m [2mhyper::client::pool[0m[2m:[0m pooling idle connection for ("http", 192.168.0.14:8545)
[2m2025-12-10T10:15:30.951067Z[0m [34mDEBUG[0m [2methereum_transaction_pool_monitor::eth_client[0m[2m:[0m 📡 Transaction fetch RPC completed in 8.227125ms
[2m2025-12-10T10:15:31.039884Z[0m [34mDEBUG[0m [2methereum_transaction_pool_monitor::eth_client[0m[2m:[0m ✅ Transaction 0x9e946d3f533981bc9e1cf3439309908e6142fe01d1d4cd66a7c395049fa606e1 fetched and parsed in 97.041208ms
[2m2025-12-10T10:15:31.039915Z[0m [34mDEBUG[0m [2methereum_transaction_pool_monitor::mempool_monitor[0m[2m:[0m 🔍 Skipping tx 0x9e946d3f533981bc9e1cf3439309908e6142fe01d1d4cd66a7c395049fa606e1 - not a DEX interaction (target: 0x122D7099aE5B9589a8a760FFe3fD161fA29cEc86)
[2m2025-12-10T10:15:31.040154Z[0m [34mDEBUG[0m [2methereum_transaction_pool_monitor::mempool_monitor[0m[2m:[0m 📨 Processing new pending transaction: 0xb013ce9b76ffd04472b71c8bdda4ea4a7304b5b416c7815622bc24a857ba0e35
[2m2025-12-10T10:15:31.040164Z[0m [34mDEBUG[0m [2methereum_transaction_pool_monitor::mempool_monitor[0m[2m:[0m 🔍 Fetching transaction details for: 0xb013ce9b76ffd04472b71c8bdda4ea4a7304b5b416c7815622bc24a857ba0e35
[2m2025-12-10T10:15:31.040168Z[0m [34mDEBUG[0m [2methereum_transaction_pool_monitor::eth_client[0m[2m:[0m 🔍 Fetching transaction details for hash: 0xb013ce9b76ffd04472b71c8bdda4ea4a7304b5b416c7815622bc24a857ba0e35
[2m2025-12-10T10:15:31.040187Z[0m [34mDEBUG[0m [2mhyper::client::pool[0m[2m:[0m reuse idle connection for ("http", 192.168.0.14:8545)
[2m2025-12-10T10:15:31.040228Z[0m [34mDEBUG[0m [2mhyper::proto::h1::io[0m[2m:[0m flushed 250 bytes
[2m2025-12-10T10:15:31.040245Z[0m [34mDEBUG[0m [2mhyper::proto::h1::io[0m[2m:[0m parsed 4 headers
[2m2025-12-10T10:15:31.040249Z[0m [34mDEBUG[0m [2mhyper::proto::h1::conn[0m[2m:[0m incoming body is content-length (45 bytes)
[2m2025-12-10T10:15:31.040256Z[0m [34mDEBUG[0m [2mhyper::proto::h1::conn[0m[2m:[0m incoming body completed
[2m2025-12-10T10:15:31.040263Z[0m [34mDEBUG[0m [2mhyper::client::pool[0m[2m:[0m pooling idle connection for ("http", 192.168.0.14:8545)
[2m2025-12-10T10:15:31.040278Z[0m [34mDEBUG[0m [2mhyper::client::pool[0m[2m:[0m reuse idle connection for ("http", 192.168.0.14:8545)
[2m2025-12-10T10:15:31.040292Z[0m [34mDEBUG[0m [2mhyper::proto::h1::io[0m[2m:[0m flushed 172 bytes
[2m2025-12-10T10:15:31.044940Z[0m [34mDEBUG[0m [2mhyper::proto::h1::io[0m[2m:[0m parsed 4 headers
[2m2025-12-10T10:15:31.044988Z[0m [34mDEBUG[0m [2mhyper::proto::h1::conn[0m[2m:[0m incoming body is content-length (648 bytes)
[2m2025-12-10T10:15:31.045006Z[0m [34mDEBUG[0m [2mhyper::proto::h1::conn[0m[2m:[0m incoming body completed
[2m2025-12-10T10:15:31.045027Z[0m [34mDEBUG[0m [2mhyper::client::pool[0m[2m:[0m pooling idle connection for ("http", 192.168.0.14:8545)
[2m2025-12-10T10:15:31.045054Z[0m [34mDEBUG[0m [2methereum_transaction_pool_monitor::eth_client[0m[2m:[0m 📡 Transaction fetch RPC completed in 4.881291ms
[2m2025-12-10T10:15:31.120018Z[0m [34mDEBUG[0m [2methereum_transaction_pool_monitor::eth_client[0m[2m:[0m ✅ Transaction 0xb013ce9b76ffd04472b71c8bdda4ea4a7304b5b416c7815622bc24a857ba0e35 fetched and parsed in 79.842458ms
[2m2025-12-10T10:15:31.120042Z[0m [34mDEBUG[0m [2methereum_transaction_pool_monitor::mempool_monitor[0m[2m:[0m 🔍 Skipping tx 0xb013ce9b76ffd04472b71c8bdda4ea4a7304b5b416c7815622bc24a857ba0e35 - not a DEX interaction (target: 0xCAB0E6aA867088DCB0f4bDa52971268CC7457C5a)
[2m2025-12-10T10:15:31.120052Z[0m [34mDEBUG[0m [2methereum_transaction_pool_monitor::mempool_monitor[0m[2m:[0m 📨 Processing new pending transaction: 0x5ddc7c572e556f29f6491ea733f37922ce82665d45e01e4f4093cbc3a07b51b3
[2m2025-12-10T10:15:31.120056Z[0m [34mDEBUG[0m [2methereum_transaction_pool_monitor::mempool_monitor[0m[2m:[0m 🔍 Fetching transaction details for: 0x5ddc7c572e556f29f6491ea733f37922ce82665d45e01e4f4093cbc3a07b51b3
[2m2025-12-10T10:15:31.120061Z[0m [34mDEBUG[0m [2methereum_transaction_pool_monitor::eth_client[0m[2m:[0m 🔍 Fetching transaction details for hash: 0x5ddc7c572e556f29f6491ea733f37922ce82665d45e01e4f4093cbc3a07b51b3
[2m2025-12-10T10:15:31.120082Z[0m [34mDEBUG[0m [2mhyper::client::pool[0m[2m:[0m reuse idle connection for ("http", 192.168.0.14:8545)
[2m2025-12-10T10:15:31.120121Z[0m [34mDEBUG[0m [2mhyper::proto::h1::io[0m[2m:[0m flushed 250 bytes
[2m2025-12-10T10:15:31.120138Z[0m [34mDEBUG[0m [2mhyper::proto::h1::io[0m[2m:[0m parsed 4 headers
[2m2025-12-10T10:15:31.120142Z[0m [34mDEBUG[0m [2mhyper::proto::h1::conn[0m[2m:[0m incoming body is content-length (45 bytes)
[2m2025-12-10T10:15:31.120150Z[0m [34mDEBUG[0m [2mhyper::proto::h1::conn[0m[2m:[0m incoming body completed
[2m2025-12-10T10:15:31.120159Z[0m [34mDEBUG[0m [2mhyper::client::pool[0m[2m:[0m pooling idle connection for ("http", 192.168.0.14:8545)
[2m2025-12-10T10:15:31.120177Z[0m [34mDEBUG[0m [2mhyper::client::pool[0m[2m:[0m reuse idle connection for ("http", 192.168.0.14:8545)
[2m2025-12-10T10:15:31.120194Z[0m [34mDEBUG[0m [2mhyper::proto::h1::io[0m[2m:[0m flushed 172 bytes
[2m2025-12-10T10:15:31.124047Z[0m [34mDEBUG[0m [2mhyper::proto::h1::io[0m[2m:[0m parsed 4 headers
[2m2025-12-10T10:15:31.124085Z[0m [34mDEBUG[0m [2mhyper::proto::h1::conn[0m[2m:[0m incoming body is content-length (774 bytes)
[2m2025-12-10T10:15:31.124102Z[0m [34mDEBUG[0m [2mhyper::proto::h1::conn[0m[2m:[0m incoming body completed
[2m2025-12-10T10:15:31.124124Z[0m [34mDEBUG[0m [2mhyper::client::pool[0m[2m:[0m pooling idle connection for ("http", 192.168.0.14:8545)
[2m2025-12-10T10:15:31.124141Z[0m [34mDEBUG[0m [2methereum_transaction_pool_monitor::eth_client[0m[2m:[0m 📡 Transaction fetch RPC completed in 4.075708ms
[2m2025-12-10T10:15:31.124179Z[0m [34mDEBUG[0m [2methereum_transaction_pool_monitor::eth_client[0m[2m:[0m DeFi transaction detected - Address: 0xdac17f958d2ee523a2206206994597c13d831ec7, Type: Stablecoin, Value: 0 ETH, Gas: 2.20 Gwei
[2m2025-12-10T10:15:31.124215Z[0m [34mDEBUG[0m [2methereum_transaction_pool_monitor::eth_client[0m[2m:[0m ✅ Transaction 0x5ddc7c572e556f29f6491ea733f37922ce82665d45e01e4f4093cbc3a07b51b3 fetched and parsed in 4.150125ms
[2m2025-12-10T10:15:31.124229Z[0m [34mDEBUG[0m [2methereum_transaction_pool_monitor::mempool_monitor[0m[2m:[0m 🔍 Skipping tx 0x5ddc7c572e556f29f6491ea733f37922ce82665d45e01e4f4093cbc3a07b51b3 - not a DEX interaction (target: 0xdAC17F958D2ee523a2206206994597C13D831ec7)
[2m2025-12-10T10:15:31.124244Z[0m [34mDEBUG[0m [2methereum_transaction_pool_monitor::mempool_monitor[0m[2m:[0m 📨 Processing new pending transaction: 0x914b4fda85b93cb9638cd75b45dba6d06c942d2507493eb64840c4885d8a0013
[2m2025-12-10T10:15:31.124253Z[0m [34mDEBUG[0m [2methereum_transaction_pool_monitor::mempool_monitor[0m[2m:[0m 🔍 Fetching transaction details for: 0x914b4fda85b93cb9638cd75b45dba6d06c942d2507493eb64840c4885d8a0013
[2m2025-12-10T10:15:31.124261Z[0m [34mDEBUG[0m [2methereum_transaction_pool_monitor::eth_client[0m[2m:[0m 🔍 Fetching transaction details for hash: 0x914b4fda85b93cb9638cd75b45dba6d06c942d2507493eb64840c4885d8a0013
[2m2025-12-10T10:15:31.124288Z[0m [34mDEBUG[0m [2mhyper::client::pool[0m[2m:[0m reuse idle connection for ("http", 192.168.0.14:8545)
[2m2025-12-10T10:15:31.124334Z[0m [34mDEBUG[0m [2mhyper::proto::h1::io[0m[2m:[0m flushed 250 bytes
[2m2025-12-10T10:15:31.125901Z[0m [34mDEBUG[0m [2mhyper::proto::h1::io[0m[2m:[0m parsed 4 headers
[2m2025-12-10T10:15:31.125918Z[0m [34mDEBUG[0m [2mhyper::proto::h1::conn[0m[2m:[0m incoming body is content-length (45 bytes)
[2m2025-12-10T10:15:31.125925Z[0m [34mDEBUG[0m [2mhyper::proto::h1::conn[0m[2m:[0m incoming body completed
[2m2025-12-10T10:15:31.125933Z[0m [34mDEBUG[0m [2mhyper::client::pool[0m[2m:[0m pooling idle connection for ("http", 192.168.0.14:8545)
[2m2025-12-10T10:15:31.125954Z[0m [34mDEBUG[0m [2mhyper::client::pool[0m[2m:[0m reuse idle connection for ("http", 192.168.0.14:8545)
[2m2025-12-10T10:15:31.125981Z[0m [34mDEBUG[0m [2mhyper::proto::h1::io[0m[2m:[0m flushed 172 bytes
[2m2025-12-10T10:15:31.128487Z[0m [34mDEBUG[0m [2mhyper::proto::h1::io[0m[2m:[0m parsed 4 headers
[2m2025-12-10T10:15:31.128502Z[0m [34mDEBUG[0m [2mhyper::proto::h1::conn[0m[2m:[0m incoming body is content-length (761 bytes)
[2m2025-12-10T10:15:31.128511Z[0m [34mDEBUG[0m [2mhyper::proto::h1::conn[0m[2m:[0m incoming body completed
[2m2025-12-10T10:15:31.128522Z[0m [34mDEBUG[0m [2mhyper::client::pool[0m[2m:[0m pooling idle connection for ("http", 192.168.0.14:8545)
[2m2025-12-10T10:15:31.128530Z[0m [34mDEBUG[0m [2methereum_transaction_pool_monitor::eth_client[0m[2m:[0m 📡 Transaction fetch RPC completed in 4.260875ms
[2m2025-12-10T10:15:31.201249Z[0m [34mDEBUG[0m [2methereum_transaction_pool_monitor::eth_client[0m[2m:[0m ✅ Transaction 0x914b4fda85b93cb9638cd75b45dba6d06c942d2507493eb64840c4885d8a0013 fetched and parsed in 76.977209ms
[2m2025-12-10T10:15:31.201285Z[0m [34mDEBUG[0m [2methereum_transaction_pool_monitor::mempool_monitor[0m[2m:[0m 🔍 Skipping tx 0x914b4fda85b93cb9638cd75b45dba6d06c942d2507493eb64840c4885d8a0013 - not a DEX interaction (target: 0xA0b86991c6218b36c1d19D4a2e9Eb0cE3606eB48)
[2m2025-12-10T10:15:31.201295Z[0m [34mDEBUG[0m [2methereum_transaction_pool_monitor::mempool_monitor[0m[2m:[0m 📨 Processing new pending transaction: 0xbbf7f139439adbc67ff3e2bf5d5833f9d2d7a4e86c7fececbc3f8cba75a9b352
[2m2025-12-10T10:15:31.201300Z[0m [34mDEBUG[0m [2methereum_transaction_pool_monitor::mempool_monitor[0m[2m:[0m 🔍 Fetching transaction details for: 0xbbf7f139439adbc67ff3e2bf5d5833f9d2d7a4e86c7fececbc3f8cba75a9b352
[2m2025-12-10T10:15:31.201304Z[0m [34mDEBUG[0m [2methereum_transaction_pool_monitor::eth_client[0m[2m:[0m 🔍 Fetching transaction details for hash: 0xbbf7f139439adbc67ff3e2bf5d5833f9d2d7a4e86c7fececbc3f8cba75a9b352
[2m2025-12-10T10:15:31.201326Z[0m [34mDEBUG[0m [2mhyper::client::pool[0m[2m:[0m reuse idle connection for ("http", 192.168.0.14:8545)
[2m2025-12-10T10:15:31.201385Z[0m [34mDEBUG[0m [2mhyper::proto::h1::io[0m[2m:[0m flushed 250 bytes
[2m2025-12-10T10:15:31.201404Z[0m [34mDEBUG[0m [2mhyper::proto::h1::io[0m[2m:[0m parsed 4 headers
[2m2025-12-10T10:15:31.201408Z[0m [34mDEBUG[0m [2mhyper::proto::h1::conn[0m[2m:[0m incoming body is content-length (45 bytes)
[2m2025-12-10T10:15:31.201415Z[0m [34mDEBUG[0m [2mhyper::proto::h1::conn[0m[2m:[0m incoming body completed
[2m2025-12-10T10:15:31.201423Z[0m [34mDEBUG[0m [2mhyper::client::pool[0m[2m:[0m pooling idle connection for ("http", 192.168.0.14:8545)
[2m2025-12-10T10:15:31.201438Z[0m [34mDEBUG[0m [2mhyper::client::pool[0m[2m:[0m reuse idle connection for ("http", 192.168.0.14:8545)
[2m2025-12-10T10:15:31.201457Z[0m [34mDEBUG[0m [2mhyper::proto::h1::io[0m[2m:[0m flushed 172 bytes
[2m2025-12-10T10:15:31.757058Z[0m [34mDEBUG[0m [2methereum_transaction_pool_monitor::eth_client[0m[2m:[0m 📨 Received WebSocket message: {"jsonrpc":"2.0","method":"eth_subscription","params":{"subscription":"0xbed0a0851463e895960a451075a301a9","result":"0x705c09730c882d188f128724e6598b16f5fe3e7f22e2d4a0932db1906648fb99"}}
[2m2025-12-10T10:15:31.758436Z[0m [34mDEBUG[0m [2methereum_transaction_pool_monitor::eth_client[0m[2m:[0m 📨 Received pending transaction: 0x705c09730c882d188f128724e6598b16f5fe3e7f22e2d4a0932db1906648fb99
[2m2025-12-10T10:15:32.104045Z[0m [34mDEBUG[0m [2methereum_transaction_pool_monitor::eth_client[0m[2m:[0m 📨 Received WebSocket message: {"jsonrpc":"2.0","method":"eth_subscription","params":{"subscription":"0xbed0a0851463e895960a451075a301a9","result":"0x33550dc3277ac1a824b8d41640982751d316eb2459b86c413f6b6b1e2f7ad171"}}
[2m2025-12-10T10:15:32.104098Z[0m [34mDEBUG[0m [2methereum_transaction_pool_monitor::eth_client[0m[2m:[0m 📨 Received pending transaction: 0x33550dc3277ac1a824b8d41640982751d316eb2459b86c413f6b6b1e2f7ad171
[2m2025-12-10T10:15:32.126648Z[0m [34mDEBUG[0m [2methereum_transaction_pool_monitor::eth_client[0m[2m:[0m 📨 Received WebSocket message: {"jsonrpc":"2.0","method":"eth_subscription","params":{"subscription":"0xbed0a0851463e895960a451075a301a9","result":"0x4378ad8882bf96b761deab47506282ab6c2b13e223d930302374dccd82c30423"}}
[2m2025-12-10T10:15:32.128949Z[0m [34mDEBUG[0m [2methereum_transaction_pool_monitor::eth_client[0m[2m:[0m 📨 Received pending transaction: 0x4378ad8882bf96b761deab47506282ab6c2b13e223d930302374dccd82c30423
[2m2025-12-10T10:15:32.128977Z[0m [34mDEBUG[0m [2methereum_transaction_pool_monitor::eth_client[0m[2m:[0m 📨 Received WebSocket message: {"jsonrpc":"2.0","method":"eth_subscription","params":{"subscription":"0xbed0a0851463e895960a451075a301a9","result":"0xc9f8f55b1b2bcc588325708d987e3d9d7e2e8d1b21f43a14d762f8400e4f6766"}}
[2m2025-12-10T10:15:32.128992Z[0m [34mDEBUG[0m [2methereum_transaction_pool_monitor::eth_client[0m[2m:[0m 📨 Received pending transaction: 0xc9f8f55b1b2bcc588325708d987e3d9d7e2e8d1b21f43a14d762f8400e4f6766
[2m2025-12-10T10:15:32.129004Z[0m [34mDEBUG[0m [2methereum_transaction_pool_monitor::eth_client[0m[2m:[0m 📨 Received WebSocket message: {"jsonrpc":"2.0","method":"eth_subscription","params":{"subscription":"0xbed0a0851463e895960a451075a301a9","result":"0xade9766c67ad6668d1fc3951abc1c39315489ac5cea265198a376419af684264"}}
[2m2025-12-10T10:15:32.129017Z[0m [34mDEBUG[0m [2methereum_transaction_pool_monitor::eth_client[0m[2m:[0m 📨 Received pending transaction: 0xade9766c67ad6668d1fc3951abc1c39315489ac5cea265198a376419af684264
[2m2025-12-10T10:15:32.129049Z[0m [34mDEBUG[0m [2methereum_transaction_pool_monitor::eth_client[0m[2m:[0m 📨 Received WebSocket message: {"jsonrpc":"2.0","method":"eth_subscription","params":{"subscription":"0xbed0a0851463e895960a451075a301a9","result":"0x8cad10e7ee9e889fb33af86ddb0a8a39d5059d386f726d9fa23744a7768504e1"}}
[2m2025-12-10T10:15:32.129070Z[0m [34mDEBUG[0m [2methereum_transaction_pool_monitor::eth_client[0m[2m:[0m 📨 Received pending transaction: 0x8cad10e7ee9e889fb33af86ddb0a8a39d5059d386f726d9fa23744a7768504e1
[2m2025-12-10T10:15:32.129097Z[0m [34mDEBUG[0m [2mhyper::proto::h1::io[0m[2m:[0m parsed 4 headers
[2m2025-12-10T10:15:32.129114Z[0m [34mDEBUG[0m [2mhyper::proto::h1::conn[0m[2m:[0m incoming body is content-length (45 bytes)
[2m2025-12-10T10:15:32.129140Z[0m [34mDEBUG[0m [2mhyper::proto::h1::conn[0m[2m:[0m incoming body completed
[2m2025-12-10T10:15:32.129167Z[0m [34mDEBUG[0m [2mhyper::client::pool[0m[2m:[0m pooling idle connection for ("http", 192.168.0.14:8545)
[2m2025-12-10T10:15:32.129225Z[0m [34mDEBUG[0m [2mhyper::client::pool[0m[2m:[0m reuse idle connection for ("http", 192.168.0.14:8545)
[2m2025-12-10T10:15:32.129274Z[0m [34mDEBUG[0m [2mhyper::proto::h1::io[0m[2m:[0m flushed 172 bytes
[2m2025-12-10T10:15:32.129359Z[0m [34mDEBUG[0m [2mhyper::proto::h1::io[0m[2m:[0m parsed 4 headers
[2m2025-12-10T10:15:32.129520Z[0m [34mDEBUG[0m [2mhyper::proto::h1::conn[0m[2m:[0m incoming body is content-length (766 bytes)
[2m2025-12-10T10:15:32.129537Z[0m [34mDEBUG[0m [2mhyper::proto::h1::conn[0m[2m:[0m incoming body completed
[2m2025-12-10T10:15:32.129571Z[0m [34mDEBUG[0m [2mhyper::client::pool[0m[2m:[0m pooling idle connection for ("http", 192.168.0.14:8545)
[2m2025-12-10T10:15:32.129596Z[0m [34mDEBUG[0m [2methereum_transaction_pool_monitor::eth_client[0m[2m:[0m 📡 Transaction fetch RPC completed in 928.28ms
[2m2025-12-10T10:15:32.129622Z[0m [34mDEBUG[0m [2methereum_transaction_pool_monitor::eth_client[0m[2m:[0m DeFi transaction detected - Address: 0xdac17f958d2ee523a2206206994597c13d831ec7, Type: Stablecoin, Value: 0 ETH, Gas: 0.22 Gwei
[2m2025-12-10T10:15:32.129639Z[0m [34mDEBUG[0m [2methereum_transaction_pool_monitor::eth_client[0m[2m:[0m ✅ Transaction 0xbbf7f139439adbc67ff3e2bf5d5833f9d2d7a4e86c7fececbc3f8cba75a9b352 fetched and parsed in 928.322375ms
[2m2025-12-10T10:15:32.129646Z[0m [34mDEBUG[0m [2methereum_transaction_pool_monitor::mempool_monitor[0m[2m:[0m 🔍 Skipping tx 0xbbf7f139439adbc67ff3e2bf5d5833f9d2d7a4e86c7fececbc3f8cba75a9b352 - not a DEX interaction (target: 0xdAC17F958D2ee523a2206206994597C13D831ec7)
[2m2025-12-10T10:15:32.129661Z[0m [34mDEBUG[0m [2methereum_transaction_pool_monitor::mempool_monitor[0m[2m:[0m 📨 Processing new pending transaction: 0xd69c6d7859e9bc441a3880e98137876d795f1508a3298995f2d20be3030496c7
[2m2025-12-10T10:15:32.129668Z[0m [34mDEBUG[0m [2methereum_transaction_pool_monitor::mempool_monitor[0m[2m:[0m 🔍 Fetching transaction details for: 0xd69c6d7859e9bc441a3880e98137876d795f1508a3298995f2d20be3030496c7
[2m2025-12-10T10:15:32.131203Z[0m [34mDEBUG[0m [2methereum_transaction_pool_monitor::eth_client[0m[2m:[0m 🔍 Fetching transaction details for hash: 0xd69c6d7859e9bc441a3880e98137876d795f1508a3298995f2d20be3030496c7
[2m2025-12-10T10:15:32.131263Z[0m [34mDEBUG[0m [2mhyper::client::pool[0m[2m:[0m reuse idle connection for ("http", 192.168.0.14:8545)
[2m2025-12-10T10:15:32.131339Z[0m [34mDEBUG[0m [2mhyper::proto::h1::io[0m[2m:[0m flushed 250 bytes
[2m2025-12-10T10:15:32.365512Z[0m [34mDEBUG[0m [2mhyper::proto::h1::io[0m[2m:[0m parsed 4 headers
[2m2025-12-10T10:15:32.365545Z[0m [34mDEBUG[0m [2mhyper::proto::h1::conn[0m[2m:[0m incoming body is content-length (45 bytes)
[2m2025-12-10T10:15:32.365557Z[0m [34mDEBUG[0m [2mhyper::proto::h1::conn[0m[2m:[0m incoming body completed
[2m2025-12-10T10:15:32.365572Z[0m [34mDEBUG[0m [2mhyper::client::pool[0m[2m:[0m pooling idle connection for ("http", 192.168.0.14:8545)
[2m2025-12-10T10:15:32.365605Z[0m [34mDEBUG[0m [2mhyper::client::pool[0m[2m:[0m reuse idle connection for ("http", 192.168.0.14:8545)
[2m2025-12-10T10:15:32.365646Z[0m [34mDEBUG[0m [2mhyper::proto::h1::io[0m[2m:[0m flushed 172 bytes
[2m2025-12-10T10:15:32.414214Z[0m [34mDEBUG[0m [2mhyper::proto::h1::io[0m[2m:[0m parsed 4 headers
[2m2025-12-10T10:15:32.414273Z[0m [34mDEBUG[0m [2mhyper::proto::h1::conn[0m[2m:[0m incoming body is content-length (644 bytes)
[2m2025-12-10T10:15:32.414296Z[0m [34mDEBUG[0m [2mhyper::proto::h1::conn[0m[2m:[0m incoming body completed
[2m2025-12-10T10:15:32.414332Z[0m [34mDEBUG[0m [2mhyper::client::pool[0m[2m:[0m pooling idle connection for ("http", 192.168.0.14:8545)
[2m2025-12-10T10:15:32.414352Z[0m [34mDEBUG[0m [2methereum_transaction_pool_monitor::eth_client[0m[2m:[0m 📡 Transaction fetch RPC completed in 283.11475ms
[2m2025-12-10T10:15:32.493403Z[0m [34mDEBUG[0m [2methereum_transaction_pool_monitor::eth_client[0m[2m:[0m ✅ Transaction 0xd69c6d7859e9bc441a3880e98137876d795f1508a3298995f2d20be3030496c7 fetched and parsed in 362.163833ms
[2m2025-12-10T10:15:32.493425Z[0m [34mDEBUG[0m [2methereum_transaction_pool_monitor::mempool_monitor[0m[2m:[0m 🔍 Skipping tx 0xd69c6d7859e9bc441a3880e98137876d795f1508a3298995f2d20be3030496c7 - not a DEX interaction (target: 0x17E5545B11b468072283Cee1F066a059Fb0dbF24)
[2m2025-12-10T10:15:32.493435Z[0m [34mDEBUG[0m [2methereum_transaction_pool_monitor::mempool_monitor[0m[2m:[0m 📨 Processing new pending transaction: 0x7d8a7df1dae474b66c1737051de526344107cb2c524a8237022d125ef4f0b8c9
[2m2025-12-10T10:15:32.493440Z[0m [34mDEBUG[0m [2methereum_transaction_pool_monitor::mempool_monitor[0m[2m:[0m 🔍 Fetching transaction details for: 0x7d8a7df1dae474b66c1737051de526344107cb2c524a8237022d125ef4f0b8c9
[2m2025-12-10T10:15:32.493445Z[0m [34mDEBUG[0m [2methereum_transaction_pool_monitor::eth_client[0m[2m:[0m 🔍 Fetching transaction details for hash: 0x7d8a7df1dae474b66c1737051de526344107cb2c524a8237022d125ef4f0b8c9
[2m2025-12-10T10:15:32.493465Z[0m [34mDEBUG[0m [2mhyper::client::pool[0m[2m:[0m reuse idle connection for ("http", 192.168.0.14:8545)
[2m2025-12-10T10:15:32.493502Z[0m [34mDEBUG[0m [2mhyper::proto::h1::io[0m[2m:[0m flushed 250 bytes
[2m2025-12-10T10:15:32.493518Z[0m [34mDEBUG[0m [2methereum_transaction_pool_monitor::eth_client[0m[2m:[0m 📨 Received WebSocket message: {"jsonrpc":"2.0","method":"eth_subscription","params":{"subscription":"0xbed0a0851463e895960a451075a301a9","result":"0x1d3947863e82bbd17523fa056eca4cd703e050fe3ab049aa99d29a014060f279"}}
[2m2025-12-10T10:15:32.493526Z[0m [34mDEBUG[0m [2methereum_transaction_pool_monitor::eth_client[0m[2m:[0m 📨 Received pending transaction: 0x1d3947863e82bbd17523fa056eca4cd703e050fe3ab049aa99d29a014060f279
[2m2025-12-10T10:15:32.773557Z[0m [34mDEBUG[0m [2methereum_transaction_pool_monitor::eth_client[0m[2m:[0m 📨 Received WebSocket message: {"jsonrpc":"2.0","method":"eth_subscription","params":{"subscription":"0xbed0a0851463e895960a451075a301a9","result":"0x0c9f110e04115f95176e74f373fb4a724c0ae181b948ef6c6524440cb9ecf7c6"}}
[2m2025-12-10T10:15:32.773604Z[0m [34mDEBUG[0m [2methereum_transaction_pool_monitor::eth_client[0m[2m:[0m 📨 Received pending transaction: 0x0c9f110e04115f95176e74f373fb4a724c0ae181b948ef6c6524440cb9ecf7c6
[2m2025-12-10T10:15:32.773614Z[0m [34mDEBUG[0m [2methereum_transaction_pool_monitor::eth_client[0m[2m:[0m 📨 Received WebSocket message: {"jsonrpc":"2.0","method":"eth_subscription","params":{"subscription":"0xbed0a0851463e895960a451075a301a9","result":"0xac7454a444eb0f5faa89647e24d81c18b31655a81f1266fd9449ee774284b27a"}}
[2m2025-12-10T10:15:32.773621Z[0m [34mDEBUG[0m [2methereum_transaction_pool_monitor::eth_client[0m[2m:[0m 📨 Received pending transaction: 0xac7454a444eb0f5faa89647e24d81c18b31655a81f1266fd9449ee774284b27a
[2m2025-12-10T10:15:32.859613Z[0m [34mDEBUG[0m [2methereum_transaction_pool_monitor::eth_client[0m[2m:[0m 📨 Received WebSocket message: {"jsonrpc":"2.0","method":"eth_subscription","params":{"subscription":"0xbed0a0851463e895960a451075a301a9","result":"0x41945030e88885d42b95070cb0a59bffd5610f43ade134598a9f9d93d3adaafd"}}
[2m2025-12-10T10:15:32.859682Z[0m [34mDEBUG[0m [2methereum_transaction_pool_monitor::eth_client[0m[2m:[0m 📨 Received pending transaction: 0x41945030e88885d42b95070cb0a59bffd5610f43ade134598a9f9d93d3adaafd
[2m2025-12-10T10:15:33.093251Z[0m [34mDEBUG[0m [2methereum_transaction_pool_monitor::eth_client[0m[2m:[0m 📨 Received WebSocket message: {"jsonrpc":"2.0","method":"eth_subscription","params":{"subscription":"0xbed0a0851463e895960a451075a301a9","result":"0x0a7e2b2e13482d93b869033cad1b8c9dd4aaf1320987cf0167a6f833dfc1b1de"}}
[2m2025-12-10T10:15:33.093329Z[0m [34mDEBUG[0m [2methereum_transaction_pool_monitor::eth_client[0m[2m:[0m 📨 Received pending transaction: 0x0a7e2b2e13482d93b869033cad1b8c9dd4aaf1320987cf0167a6f833dfc1b1de
[2m2025-12-10T10:15:33.093351Z[0m [34mDEBUG[0m [2methereum_transaction_pool_monitor::eth_client[0m[2m:[0m 📨 Received WebSocket message: {"jsonrpc":"2.0","method":"eth_subscription","params":{"subscription":"0xbed0a0851463e895960a451075a301a9","result":"0x6f7acc6557e962b4db8ea7ad85277b7c163dca4412c79735c54888ebccbf5447"}}
[2m2025-12-10T10:15:33.093368Z[0m [34mDEBUG[0m [2methereum_transaction_pool_monitor::eth_client[0m[2m:[0m 📨 Received pending transaction: 0x6f7acc6557e962b4db8ea7ad85277b7c163dca4412c79735c54888ebccbf5447
[2m2025-12-10T10:15:33.093383Z[0m [34mDEBUG[0m [2methereum_transaction_pool_monitor::eth_client[0m[2m:[0m 📨 Received WebSocket message: {"jsonrpc":"2.0","method":"eth_subscription","params":{"subscription":"0xbed0a0851463e895960a451075a301a9","result":"0x7c5b4ef71c7dfc609deee0a39f952acbaa334ce0f9ecb586d57acbf09e95d31b"}}
[2m2025-12-10T10:15:33.093402Z[0m [34mDEBUG[0m [2methereum_transaction_pool_monitor::eth_client[0m[2m:[0m 📨 Received pending transaction: 0x7c5b4ef71c7dfc609deee0a39f952acbaa334ce0f9ecb586d57acbf09e95d31b
[2m2025-12-10T10:15:33.410106Z[0m [34mDEBUG[0m [2mhyper::proto::h1::io[0m[2m:[0m parsed 4 headers
[2m2025-12-10T10:15:33.410144Z[0m [34mDEBUG[0m [2mhyper::proto::h1::conn[0m[2m:[0m incoming body is content-length (45 bytes)
[2m2025-12-10T10:15:33.410170Z[0m [34mDEBUG[0m [2mhyper::proto::h1::conn[0m[2m:[0m incoming body completed
[2m2025-12-10T10:15:33.410206Z[0m [34mDEBUG[0m [2mhyper::client::pool[0m[2m:[0m pooling idle connection for ("http", 192.168.0.14:8545)
[2m2025-12-10T10:15:33.410268Z[0m [34mDEBUG[0m [2mhyper::client::pool[0m[2m:[0m reuse idle connection for ("http", 192.168.0.14:8545)
[2m2025-12-10T10:15:33.410324Z[0m [34mDEBUG[0m [2mhyper::proto::h1::io[0m[2m:[0m flushed 172 bytes
[2m2025-12-10T10:15:33.460463Z[0m [34mDEBUG[0m [2mhyper::proto::h1::io[0m[2m:[0m parsed 4 headers
[2m2025-12-10T10:15:33.460496Z[0m [34mDEBUG[0m [2mhyper::proto::h1::conn[0m[2m:[0m incoming body is content-length (830 bytes)
[2m2025-12-10T10:15:33.460511Z[0m [34mDEBUG[0m [2mhyper::proto::h1::conn[0m[2m:[0m incoming body completed
[2m2025-12-10T10:15:33.460528Z[0m [34mDEBUG[0m [2mhyper::client::pool[0m[2m:[0m pooling idle connection for ("http", 192.168.0.14:8545)
[2m2025-12-10T10:15:33.460538Z[0m [34mDEBUG[0m [2methereum_transaction_pool_monitor::eth_client[0m[2m:[0m 📡 Transaction fetch RPC completed in 967.080584ms
[2m2025-12-10T10:15:33.578884Z[0m [34mDEBUG[0m [2methereum_transaction_pool_monitor::eth_client[0m[2m:[0m ✅ Transaction 0x7d8a7df1dae474b66c1737051de526344107cb2c524a8237022d125ef4f0b8c9 fetched and parsed in 1.085422834s
[2m2025-12-10T10:15:33.578940Z[0m [34mDEBUG[0m [2methereum_transaction_pool_monitor::mempool_monitor[0m[2m:[0m 🔍 Skipping tx 0x7d8a7df1dae474b66c1737051de526344107cb2c524a8237022d125ef4f0b8c9 - not a DEX interaction (target: 0x3B4D794a66304F130a4Db8F2551B0070dfCf5ca7)
[2m2025-12-10T10:15:33.578955Z[0m [34mDEBUG[0m [2methereum_transaction_pool_monitor::mempool_monitor[0m[2m:[0m 📨 Processing new pending transaction: 0xcb3c4f5dd8bd55b8088e7ba6dded900c51ca01d231d8683a1abb92d573139c09
[2m2025-12-10T10:15:33.578961Z[0m [34mDEBUG[0m [2methereum_transaction_pool_monitor::mempool_monitor[0m[2m:[0m 🔍 Fetching transaction details for: 0xcb3c4f5dd8bd55b8088e7ba6dded900c51ca01d231d8683a1abb92d573139c09
[2m2025-12-10T10:15:33.578966Z[0m [34mDEBUG[0m [2methereum_transaction_pool_monitor::eth_client[0m[2m:[0m 🔍 Fetching transaction details for hash: 0xcb3c4f5dd8bd55b8088e7ba6dded900c51ca01d231d8683a1abb92d573139c09
[2m2025-12-10T10:15:33.578995Z[0m [34mDEBUG[0m [2mhyper::client::pool[0m[2m:[0m reuse idle connection for ("http", 192.168.0.14:8545)
[2m2025-12-10T10:15:33.579077Z[0m [34mDEBUG[0m [2mhyper::proto::h1::io[0m[2m:[0m flushed 250 bytes
[2m2025-12-10T10:15:33.579136Z[0m [34mDEBUG[0m [2methereum_transaction_pool_monitor::eth_client[0m[2m:[0m 📨 Received WebSocket message: {"jsonrpc":"2.0","method":"eth_subscription","params":{"subscription":"0xbed0a0851463e895960a451075a301a9","result":"0xf6725fd74b57d1f5f754791c04e6d4a02f420c86c9e38a753d7530a3b0e5e1c5"}}
[2m2025-12-10T10:15:33.579158Z[0m [34mDEBUG[0m [2methereum_transaction_pool_monitor::eth_client[0m[2m:[0m 📨 Received pending transaction: 0xf6725fd74b57d1f5f754791c04e6d4a02f420c86c9e38a753d7530a3b0e5e1c5
[2m2025-12-10T10:15:33.579164Z[0m [34mDEBUG[0m [2methereum_transaction_pool_monitor::eth_client[0m[2m:[0m 📨 Received WebSocket message: {"jsonrpc":"2.0","method":"eth_subscription","params":{"subscription":"0xbed0a0851463e895960a451075a301a9","result":"0x00501b0a2159dc4f345399d6f328792791d2228e48a18fa01da33b02f2863150"}}
[2m2025-12-10T10:15:33.579170Z[0m [34mDEBUG[0m [2methereum_transaction_pool_monitor::eth_client[0m[2m:[0m 📨 Received pending transaction: 0x00501b0a2159dc4f345399d6f328792791d2228e48a18fa01da33b02f2863150
[2m2025-12-10T10:15:33.579174Z[0m [34mDEBUG[0m [2methereum_transaction_pool_monitor::eth_client[0m[2m:[0m 📨 Received WebSocket message: {"jsonrpc":"2.0","method":"eth_subscription","params":{"subscription":"0xbed0a0851463e895960a451075a301a9","result":"0xa60ad01da1a2fd30d04c41dee3009a6952545f59db5f0b1ede9b938afc210676"}}
[2m2025-12-10T10:15:33.579179Z[0m [34mDEBUG[0m [2methereum_transaction_pool_monitor::eth_client[0m[2m:[0m 📨 Received pending transaction: 0xa60ad01da1a2fd30d04c41dee3009a6952545f59db5f0b1ede9b938afc210676
[2m2025-12-10T10:15:53.507548Z[0m [34mDEBUG[0m [2mhyper::proto::h1::io[0m[2m:[0m parsed 4 headers
[2m2025-12-10T10:15:53.507905Z[0m [34mDEBUG[0m [2mhyper::proto::h1::conn[0m[2m:[0m incoming body is content-length (45 bytes)
[2m2025-12-10T10:15:53.507959Z[0m [34mDEBUG[0m [2mhyper::proto::h1::conn[0m[2m:[0m incoming body completed
[2m2025-12-10T10:15:53.508007Z[0m [34mDEBUG[0m [2mhyper::client::pool[0m[2m:[0m pooling idle connection for ("http", 192.168.0.14:8545)
[2m2025-12-10T10:15:53.508425Z[0m [34mDEBUG[0m [2mhyper::client::pool[0m[2m:[0m reuse idle connection for ("http", 192.168.0.14:8545)
[2m2025-12-10T10:15:53.508490Z[0m [34mDEBUG[0m [2mhyper::proto::h1::io[0m[2m:[0m flushed 172 bytes
[2m2025-12-10T10:15:53.523893Z[0m [34mDEBUG[0m [2methereum_transaction_pool_monitor::eth_client[0m[2m:[0m 📨 Received WebSocket message: {"jsonrpc":"2.0","method":"eth_subscription","params":{"subscription":"0xbed0a0851463e895960a451075a301a9","result":"0xe1c6ecfd15b1466428c723451402ddb895012921bd4da0abf865e8c43b5d6703"}}
[2m2025-12-10T10:15:53.524009Z[0m [34mDEBUG[0m [2methereum_transaction_pool_monitor::eth_client[0m[2m:[0m 📨 Received pending transaction: 0xe1c6ecfd15b1466428c723451402ddb895012921bd4da0abf865e8c43b5d6703
[2m2025-12-10T10:15:53.524072Z[0m [32m INFO[0m [2methereum_transaction_pool_monitor::eth_client[0m[2m:[0m 📊 WebSocket stats - Total: 4980 transactions, Rate: 10.5 tx/s
[2m2025-12-10T10:15:53.524087Z[0m [34mDEBUG[0m [2methereum_transaction_pool_monitor::eth_client[0m[2m:[0m 📨 Received WebSocket message: {"jsonrpc":"2.0","method":"eth_subscription","params":{"subscription":"0xbed0a0851463e895960a451075a301a9","result":"0x7b698c4f55d367674885fb814e15b2cafed78c1dfc050ccaade4f06529d0d642"}}
[2m2025-12-10T10:15:53.524093Z[0m [34mDEBUG[0m [2methereum_transaction_pool_monitor::eth_client[0m[2m:[0m 📨 Received pending transaction: 0x7b698c4f55d367674885fb814e15b2cafed78c1dfc050ccaade4f06529d0d642
[2m2025-12-10T10:15:53.524098Z[0m [34mDEBUG[0m [2methereum_transaction_pool_monitor::eth_client[0m[2m:[0m 📨 Received WebSocket message: {"jsonrpc":"2.0","method":"eth_subscription","params":{"subscription":"0xbed0a0851463e895960a451075a301a9","result":"0x47d3ff7a405782d985c91380cf03b5a3b1acbf8ae8003a6c8f1d2f6e543893be"}}
[2m2025-12-10T10:15:53.524103Z[0m [34mDEBUG[0m [2methereum_transaction_pool_monitor::eth_client[0m[2m:[0m 📨 Received pending transaction: 0x47d3ff7a405782d985c91380cf03b5a3b1acbf8ae8003a6c8f1d2f6e543893be
[2m2025-12-10T10:15:54.117725Z[0m [34mDEBUG[0m [2methereum_transaction_pool_monitor::eth_client[0m[2m:[0m 📨 Received WebSocket message: {"jsonrpc":"2.0","method":"eth_subscription","params":{"subscription":"0xbed0a0851463e895960a451075a301a9","result":"0x898bb55fe2689ce31f4afda5a3bef9ee0819b6adf5294c69298466f976cb3897"}}
[2m2025-12-10T10:15:54.117763Z[0m [34mDEBUG[0m [2methereum_transaction_pool_monitor::eth_client[0m[2m:[0m 📨 Received pending transaction: 0x898bb55fe2689ce31f4afda5a3bef9ee0819b6adf5294c69298466f976cb3897
[2m2025-12-10T10:15:54.117776Z[0m [34mDEBUG[0m [2methereum_transaction_pool_monitor::eth_client[0m[2m:[0m 📨 Received WebSocket message: {"jsonrpc":"2.0","method":"eth_subscription","params":{"subscription":"0xbed0a0851463e895960a451075a301a9","result":"0xea0cbc51095720f5b315f4e62b756b9ac5fd1b37e264e81fdc2ad7cc86d6f2b5"}}
[2m2025-12-10T10:15:54.117786Z[0m [34mDEBUG[0m [2methereum_transaction_pool_monitor::eth_client[0m[2m:[0m 📨 Received pending transaction: 0xea0cbc51095720f5b315f4e62b756b9ac5fd1b37e264e81fdc2ad7cc86d6f2b5
[2m2025-12-10T10:15:54.653690Z[0m [34mDEBUG[0m [2mhyper::proto::h1::io[0m[2m:[0m parsed 4 headers
[2m2025-12-10T10:15:54.653733Z[0m [34mDEBUG[0m [2mhyper::proto::h1::conn[0m[2m:[0m incoming body is content-length (45 bytes)
[2m2025-12-10T10:15:54.653747Z[0m [34mDEBUG[0m [2mhyper::proto::h1::conn[0m[2m:[0m incoming body completed
[2m2025-12-10T10:15:54.653772Z[0m [34mDEBUG[0m [2mhyper::client::pool[0m[2m:[0m pooling idle connection for ("http", 192.168.0.14:8545)
[2m2025-12-10T10:15:54.653808Z[0m [34mDEBUG[0m [2mhyper::client::pool[0m[2m:[0m reuse idle connection for ("http", 192.168.0.14:8545)
[2m2025-12-10T10:15:54.653841Z[0m [34mDEBUG[0m [2mhyper::proto::h1::io[0m[2m:[0m flushed 172 bytes
[2m2025-12-10T10:15:54.657860Z[0m [34mDEBUG[0m [2methereum_transaction_pool_monitor::eth_client[0m[2m:[0m 📨 Received WebSocket message: {"jsonrpc":"2.0","method":"eth_subscription","params":{"subscription":"0xbed0a0851463e895960a451075a301a9","result":"0x855b51f24866e1d3191046827934595102b77e653fcc0a3965b3955d9bb28228"}}
[2m2025-12-10T10:15:54.658068Z[0m [34mDEBUG[0m [2methereum_transaction_pool_monitor::eth_client[0m[2m:[0m 📨 Received pending transaction: 0x855b51f24866e1d3191046827934595102b77e653fcc0a3965b3955d9bb28228
[2m2025-12-10T10:15:54.658827Z[0m [34mDEBUG[0m [2mhyper::proto::h1::io[0m[2m:[0m parsed 4 headers
[2m2025-12-10T10:15:54.658834Z[0m [34mDEBUG[0m [2mhyper::proto::h1::conn[0m[2m:[0m incoming body is content-length (2820 bytes)
[2m2025-12-10T10:15:54.658858Z[0m [34mDEBUG[0m [2methereum_transaction_pool_monitor::eth_client[0m[2m:[0m 📡 Transaction fetch RPC completed in 21.079697542s
[2m2025-12-10T10:15:54.659752Z[0m [34mDEBUG[0m [2mhyper::proto::h1::conn[0m[2m:[0m incoming body completed
[2m2025-12-10T10:15:54.659779Z[0m [34mDEBUG[0m [2mhyper::client::pool[0m[2m:[0m pooling idle connection for ("http", 192.168.0.14:8545)
[2m2025-12-10T10:15:54.681842Z[0m [34mDEBUG[0m [2methereum_transaction_pool_monitor::eth_client[0m[2m:[0m 📨 Received WebSocket message: {"jsonrpc":"2.0","method":"eth_subscription","params":{"subscription":"0xbed0a0851463e895960a451075a301a9","result":"0x4d1694565a39e81faf39e2befc37044e7c92870ebb4b115bccc51a534bbee20f"}}
[2m2025-12-10T10:15:54.681870Z[0m [34mDEBUG[0m [2methereum_transaction_pool_monitor::eth_client[0m[2m:[0m 📨 Received pending transaction: 0x4d1694565a39e81faf39e2befc37044e7c92870ebb4b115bccc51a534bbee20f
[2m2025-12-10T10:15:54.845663Z[0m [34mDEBUG[0m [2methereum_transaction_pool_monitor::eth_client[0m[2m:[0m ✅ Transaction 0xcb3c4f5dd8bd55b8088e7ba6dded900c51ca01d231d8683a1abb92d573139c09 fetched and parsed in 21.266498042s
[2m2025-12-10T10:15:54.845702Z[0m [34mDEBUG[0m [2methereum_transaction_pool_monitor::mempool_monitor[0m[2m:[0m 🔍 Skipping tx 0xcb3c4f5dd8bd55b8088e7ba6dded900c51ca01d231d8683a1abb92d573139c09 - not a DEX interaction (target: 0x3ee18B2214AFF97000D974cf647E7C347E8fa585)
[2m2025-12-10T10:15:54.845717Z[0m [34mDEBUG[0m [2methereum_transaction_pool_monitor::mempool_monitor[0m[2m:[0m 📨 Processing new pending transaction: 0x16b8ae8f5c9984ee0f30593c96a808212ad133b6fe7dc2a0a7c31d33535867f3
[2m2025-12-10T10:15:54.845730Z[0m [34mDEBUG[0m [2methereum_transaction_pool_monitor::mempool_monitor[0m[2m:[0m 🔍 Fetching transaction details for: 0x16b8ae8f5c9984ee0f30593c96a808212ad133b6fe7dc2a0a7c31d33535867f3
[2m2025-12-10T10:15:54.845735Z[0m [34mDEBUG[0m [2methereum_transaction_pool_monitor::eth_client[0m[2m:[0m 🔍 Fetching transaction details for hash: 0x16b8ae8f5c9984ee0f30593c96a808212ad133b6fe7dc2a0a7c31d33535867f3
[2m2025-12-10T10:15:54.845761Z[0m [34mDEBUG[0m [2mhyper::client::pool[0m[2m:[0m reuse idle connection for ("http", 192.168.0.14:8545)
[2m2025-12-10T10:15:54.845830Z[0m [34mDEBUG[0m [2mhyper::proto::h1::io[0m[2m:[0m flushed 250 bytes
[2m2025-12-10T10:15:56.916113Z[0m [34mDEBUG[0m [2methereum_transaction_pool_monitor::eth_client[0m[2m:[0m 📨 Received WebSocket message: {"jsonrpc":"2.0","method":"eth_subscription","params":{"subscription":"0xbed0a0851463e895960a451075a301a9","result":"0x82f801ba47a6392210e38be57508a799b11d1afe939cf488fd59262d37c8dc34"}}
[2m2025-12-10T10:15:56.916279Z[0m [34mDEBUG[0m [2methereum_transaction_pool_monitor::eth_client[0m[2m:[0m 📨 Received pending transaction: 0x82f801ba47a6392210e38be57508a799b11d1afe939cf488fd59262d37c8dc34
[2m2025-12-10T10:15:56.916303Z[0m [34mDEBUG[0m [2methereum_transaction_pool_monitor::eth_client[0m[2m:[0m 📨 Received WebSocket message: {"jsonrpc":"2.0","method":"eth_subscription","params":{"subscription":"0xbed0a0851463e895960a451075a301a9","result":"0x04b47365d6207f2d490b39cc2d2741eedece9c2eaebe2442a8f002899c65ada0"}}
[2m2025-12-10T10:15:56.916317Z[0m [34mDEBUG[0m [2methereum_transaction_pool_monitor::eth_client[0m[2m:[0m 📨 Received pending transaction: 0x04b47365d6207f2d490b39cc2d2741eedece9c2eaebe2442a8f002899c65ada0
[2m2025-12-10T10:15:56.994520Z[0m [34mDEBUG[0m [2methereum_transaction_pool_monitor::eth_client[0m[2m:[0m 📨 Received WebSocket message: {"jsonrpc":"2.0","method":"eth_subscription","params":{"subscription":"0xbed0a0851463e895960a451075a301a9","result":"0xb5ac451c78925a4cfcdee1f755e2a6d415735df744beab93dd44b8163621ebdf"}}
[2m2025-12-10T10:15:56.994550Z[0m [34mDEBUG[0m [2methereum_transaction_pool_monitor::eth_client[0m[2m:[0m 📨 Received pending transaction: 0xb5ac451c78925a4cfcdee1f755e2a6d415735df744beab93dd44b8163621ebdf
[2m2025-12-10T10:15:57.057663Z[0m [34mDEBUG[0m [2mhyper::proto::h1::io[0m[2m:[0m parsed 4 headers
[2m2025-12-10T10:15:57.057730Z[0m [34mDEBUG[0m [2mhyper::proto::h1::conn[0m[2m:[0m incoming body is content-length (45 bytes)
[2m2025-12-10T10:15:57.057771Z[0m [34mDEBUG[0m [2mhyper::proto::h1::conn[0m[2m:[0m incoming body completed
[2m2025-12-10T10:15:57.057842Z[0m [34mDEBUG[0m [2mhyper::client::pool[0m[2m:[0m pooling idle connection for ("http", 192.168.0.14:8545)
[2m2025-12-10T10:15:57.057954Z[0m [34mDEBUG[0m [2mhyper::client::pool[0m[2m:[0m reuse idle connection for ("http", 192.168.0.14:8545)
[2m2025-12-10T10:15:57.058047Z[0m [34mDEBUG[0m [2mhyper::proto::h1::io[0m[2m:[0m flushed 172 bytes
[2m2025-12-10T10:15:57.073938Z[0m [34mDEBUG[0m [2mhyper::proto::h1::io[0m[2m:[0m parsed 4 headers
[2m2025-12-10T10:15:57.073979Z[0m [34mDEBUG[0m [2mhyper::proto::h1::conn[0m[2m:[0m incoming body is content-length (45 bytes)
[2m2025-12-10T10:15:57.073990Z[0m [34mDEBUG[0m [2mhyper::proto::h1::conn[0m[2m:[0m incoming body completed
[2m2025-12-10T10:15:57.074004Z[0m [34mDEBUG[0m [2mhyper::client::pool[0m[2m:[0m pooling idle connection for ("http", 192.168.0.14:8545)
[2m2025-12-10T10:15:57.074038Z[0m [34mDEBUG[0m [2mhyper::client::pool[0m[2m:[0m reuse idle connection for ("http", 192.168.0.14:8545)
[2m2025-12-10T10:15:57.074087Z[0m [34mDEBUG[0m [2mhyper::proto::h1::io[0m[2m:[0m flushed 172 bytes
[2m2025-12-10T10:15:57.093808Z[0m [34mDEBUG[0m [2mhyper::proto::h1::io[0m[2m:[0m parsed 4 headers
[2m2025-12-10T10:15:57.093855Z[0m [34mDEBUG[0m [2mhyper::proto::h1::conn[0m[2m:[0m incoming body is content-length (45 bytes)
[2m2025-12-10T10:15:57.093877Z[0m [34mDEBUG[0m [2mhyper::proto::h1::conn[0m[2m:[0m incoming body completed
[2m2025-12-10T10:15:57.093906Z[0m [34mDEBUG[0m [2mhyper::client::pool[0m[2m:[0m pooling idle connection for ("http", 192.168.0.14:8545)
[2m2025-12-10T10:15:57.093967Z[0m [34mDEBUG[0m [2mhyper::client::pool[0m[2m:[0m reuse idle connection for ("http", 192.168.0.14:8545)
[2m2025-12-10T10:15:57.094029Z[0m [34mDEBUG[0m [2mhyper::proto::h1::io[0m[2m:[0m flushed 172 bytes
[2m2025-12-10T10:15:57.104779Z[0m [34mDEBUG[0m [2mhyper::proto::h1::io[0m[2m:[0m parsed 4 headers
[2m2025-12-10T10:15:57.104854Z[0m [34mDEBUG[0m [2mhyper::proto::h1::conn[0m[2m:[0m incoming body is content-length (45 bytes)
[2m2025-12-10T10:15:57.104877Z[0m [34mDEBUG[0m [2mhyper::proto::h1::conn[0m[2m:[0m incoming body completed
[2m2025-12-10T10:15:57.104903Z[0m [34mDEBUG[0m [2mhyper::client::pool[0m[2m:[0m pooling idle connection for ("http", 192.168.0.14:8545)
[2m2025-12-10T10:15:57.104972Z[0m [34mDEBUG[0m [2mhyper::client::pool[0m[2m:[0m reuse idle connection for ("http", 192.168.0.14:8545)
[2m2025-12-10T10:15:57.105046Z[0m [34mDEBUG[0m [2mhyper::proto::h1::io[0m[2m:[0m flushed 172 bytes
[2m2025-12-10T10:15:57.110986Z[0m [34mDEBUG[0m [2mhyper::proto::h1::io[0m[2m:[0m parsed 4 headers
[2m2025-12-10T10:15:57.111038Z[0m [34mDEBUG[0m [2mhyper::proto::h1::conn[0m[2m:[0m incoming body is content-length (45 bytes)
[2m2025-12-10T10:15:57.111068Z[0m [34mDEBUG[0m [2mhyper::proto::h1::conn[0m[2m:[0m incoming body completed
[2m2025-12-10T10:15:57.111149Z[0m [34mDEBUG[0m [2mhyper::client::pool[0m[2m:[0m pooling idle connection for ("http", 192.168.0.14:8545)
[2m2025-12-10T10:15:57.111220Z[0m [34mDEBUG[0m [2mhyper::client::pool[0m[2m:[0m reuse idle connection for ("http", 192.168.0.14:8545)
[2m2025-12-10T10:15:57.111282Z[0m [34mDEBUG[0m [2mhyper::proto::h1::io[0m[2m:[0m flushed 172 bytes
[2m2025-12-10T10:15:57.116139Z[0m [34mDEBUG[0m [2mhyper::proto::h1::io[0m[2m:[0m parsed 4 headers
[2m2025-12-10T10:15:57.116219Z[0m [34mDEBUG[0m [2mhyper::proto::h1::conn[0m[2m:[0m incoming body is content-length (45 bytes)
[2m2025-12-10T10:15:57.116257Z[0m [34mDEBUG[0m [2mhyper::proto::h1::conn[0m[2m:[0m incoming body completed
[2m2025-12-10T10:15:57.116286Z[0m [34mDEBUG[0m [2mhyper::client::pool[0m[2m:[0m pooling idle connection for ("http", 192.168.0.14:8545)
[2m2025-12-10T10:15:57.116347Z[0m [34mDEBUG[0m [2mhyper::client::pool[0m[2m:[0m reuse idle connection for ("http", 192.168.0.14:8545)
[2m2025-12-10T10:15:57.116420Z[0m [34mDEBUG[0m [2mhyper::proto::h1::io[0m[2m:[0m flushed 172 bytes
[2m2025-12-10T10:15:57.120289Z[0m [34mDEBUG[0m [2mhyper::proto::h1::io[0m[2m:[0m parsed 4 headers
[2m2025-12-10T10:15:57.120335Z[0m [34mDEBUG[0m [2mhyper::proto::h1::conn[0m[2m:[0m incoming body is content-length (45 bytes)
[2m2025-12-10T10:15:57.120365Z[0m [34mDEBUG[0m [2mhyper::proto::h1::conn[0m[2m:[0m incoming body completed
[2m2025-12-10T10:15:57.120399Z[0m [34mDEBUG[0m [2mhyper::client::pool[0m[2m:[0m pooling idle connection for ("http", 192.168.0.14:8545)
[2m2025-12-10T10:15:57.120465Z[0m [34mDEBUG[0m [2mhyper::client::pool[0m[2m:[0m reuse idle connection for ("http", 192.168.0.14:8545)
[2m2025-12-10T10:15:57.120528Z[0m [34mDEBUG[0m [2mhyper::proto::h1::io[0m[2m:[0m flushed 172 bytes
[2m2025-12-10T10:15:57.124590Z[0m [34mDEBUG[0m [2mhyper::proto::h1::io[0m[2m:[0m parsed 4 headers
[2m2025-12-10T10:15:57.124638Z[0m [34mDEBUG[0m [2mhyper::proto::h1::conn[0m[2m:[0m incoming body is content-length (45 bytes)
[2m2025-12-10T10:15:57.124689Z[0m [34mDEBUG[0m [2mhyper::proto::h1::conn[0m[2m:[0m incoming body completed
[2m2025-12-10T10:15:57.124725Z[0m [34mDEBUG[0m [2mhyper::client::pool[0m[2m:[0m pooling idle connection for ("http", 192.168.0.14:8545)
[2m2025-12-10T10:15:57.124814Z[0m [34mDEBUG[0m [2mhyper::client::pool[0m[2m:[0m reuse idle connection for ("http", 192.168.0.14:8545)
[2m2025-12-10T10:15:57.124881Z[0m [34mDEBUG[0m [2mhyper::proto::h1::io[0m[2m:[0m flushed 172 bytes
[2m2025-12-10T10:15:57.127796Z[0m [34mDEBUG[0m [2mhyper::proto::h1::io[0m[2m:[0m parsed 4 headers
[2m2025-12-10T10:15:57.127839Z[0m [34mDEBUG[0m [2mhyper::proto::h1::conn[0m[2m:[0m incoming body is content-length (45 bytes)
[2m2025-12-10T10:15:57.127856Z[0m [34mDEBUG[0m [2mhyper::proto::h1::conn[0m[2m:[0m incoming body completed
[2m2025-12-10T10:15:57.127879Z[0m [34mDEBUG[0m [2mhyper::client::pool[0m[2m:[0m pooling idle connection for ("http", 192.168.0.14:8545)
[2m2025-12-10T10:15:57.127932Z[0m [34mDEBUG[0m [2mhyper::client::pool[0m[2m:[0m reuse idle connection for ("http", 192.168.0.14:8545)
[2m2025-12-10T10:15:57.127975Z[0m [34mDEBUG[0m [2mhyper::proto::h1::io[0m[2m:[0m flushed 172 bytes
[2m2025-12-10T10:15:57.131517Z[0m [34mDEBUG[0m [2mhyper::proto::h1::io[0m[2m:[0m parsed 4 headers
[2m2025-12-10T10:15:57.131574Z[0m [34mDEBUG[0m [2mhyper::proto::h1::conn[0m[2m:[0m incoming body is content-length (45 bytes)
[2m2025-12-10T10:15:57.131594Z[0m [34mDEBUG[0m [2mhyper::proto::h1::conn[0m[2m:[0m incoming body completed
[2m2025-12-10T10:15:57.131643Z[0m [34mDEBUG[0m [2mhyper::client::pool[0m[2m:[0m pooling idle connection for ("http", 192.168.0.14:8545)
[2m2025-12-10T10:15:57.131702Z[0m [34mDEBUG[0m [2mhyper::client::pool[0m[2m:[0m reuse idle connection for ("http", 192.168.0.14:8545)
[2m2025-12-10T10:15:57.131777Z[0m [34mDEBUG[0m [2mhyper::proto::h1::io[0m[2m:[0m flushed 172 bytes
[2m2025-12-10T10:15:57.511044Z[0m [34mDEBUG[0m [2mhyper::proto::h1::io[0m[2m:[0m parsed 4 headers
[2m2025-12-10T10:15:57.511060Z[0m [34mDEBUG[0m [2methereum_transaction_pool_monitor::eth_client[0m[2m:[0m 📨 Received WebSocket message: {"jsonrpc":"2.0","method":"eth_subscription","params":{"subscription":"0xbed0a0851463e895960a451075a301a9","result":"0xbbdf9d315d2835179bcbdd7c788d2573b0e31a612aac30b96c6b068d9e2234f8"}}
[2m2025-12-10T10:15:57.511066Z[0m [34mDEBUG[0m [2mhyper::proto::h1::conn[0m[2m:[0m incoming body is content-length (635 bytes)
[2m2025-12-10T10:15:57.511044Z[0m [34mDEBUG[0m [2mhyper::proto::h1::io[0m[2m:[0m parsed 4 headers
[2m2025-12-10T10:15:57.511104Z[0m [34mDEBUG[0m [2methereum_transaction_pool_monitor::eth_client[0m[2m:[0m 📨 Received pending transaction: 0xbbdf9d315d2835179bcbdd7c788d2573b0e31a612aac30b96c6b068d9e2234f8
[2m2025-12-10T10:15:57.511131Z[0m [34mDEBUG[0m [2mhyper::proto::h1::conn[0m[2m:[0m incoming body completed
[2m2025-12-10T10:15:57.511162Z[0m [34mDEBUG[0m [2mhyper::proto::h1::conn[0m[2m:[0m incoming body is content-length (45 bytes)
[2m2025-12-10T10:15:57.511199Z[0m [34mDEBUG[0m [2mhyper::client::pool[0m[2m:[0m pooling idle connection for ("http", 192.168.0.14:8545)
[2m2025-12-10T10:15:57.511215Z[0m [34mDEBUG[0m [2mhyper::proto::h1::conn[0m[2m:[0m incoming body completed
[2m2025-12-10T10:15:57.511218Z[0m [34mDEBUG[0m [2methereum_transaction_pool_monitor::eth_client[0m[2m:[0m 📡 Transaction fetch RPC completed in 2.6654525s
[2m2025-12-10T10:15:57.511241Z[0m [34mDEBUG[0m [2mhyper::client::pool[0m[2m:[0m pooling idle connection for ("http", 192.168.0.14:8545)
[2m2025-12-10T10:15:57.511319Z[0m [34mDEBUG[0m [2mhyper::client::pool[0m[2m:[0m reuse idle connection for ("http", 192.168.0.14:8545)
[2m2025-12-10T10:15:57.511367Z[0m [34mDEBUG[0m [2mhyper::proto::h1::io[0m[2m:[0m flushed 172 bytes
[2m2025-12-10T10:15:57.589893Z[0m [34mDEBUG[0m [2methereum_transaction_pool_monitor::eth_client[0m[2m:[0m ✅ Transaction 0x16b8ae8f5c9984ee0f30593c96a808212ad133b6fe7dc2a0a7c31d33535867f3 fetched and parsed in 2.744123417s
[2m2025-12-10T10:15:57.589921Z[0m [34mDEBUG[0m [2methereum_transaction_pool_monitor::mempool_monitor[0m[2m:[0m 🔍 Skipping tx 0x16b8ae8f5c9984ee0f30593c96a808212ad133b6fe7dc2a0a7c31d33535867f3 - not a DEX interaction (target: 0x3Ad80458D58fb3a779Ba0779F83203a4Cf4a49d8)
[2m2025-12-10T10:15:57.589937Z[0m [34mDEBUG[0m [2methereum_transaction_pool_monitor::mempool_monitor[0m[2m:[0m 📨 Processing new pending transaction: 0x5d4cc0307fceeadbf617905f6c8332748702c9037cf29355ed47040c57fb6984
[2m2025-12-10T10:15:57.589944Z[0m [34mDEBUG[0m [2methereum_transaction_pool_monitor::mempool_monitor[0m[2m:[0m 🔍 Fetching transaction details for: 0x5d4cc0307fceeadbf617905f6c8332748702c9037cf29355ed47040c57fb6984
[2m2025-12-10T10:15:57.589948Z[0m [34mDEBUG[0m [2methereum_transaction_pool_monitor::eth_client[0m[2m:[0m 🔍 Fetching transaction details for hash: 0x5d4cc0307fceeadbf617905f6c8332748702c9037cf29355ed47040c57fb6984
[2m2025-12-10T10:15:57.589973Z[0m [34mDEBUG[0m [2mhyper::client::pool[0m[2m:[0m reuse idle connection for ("http", 192.168.0.14:8545)
[2m2025-12-10T10:15:57.590026Z[0m [34mDEBUG[0m [2mhyper::proto::h1::io[0m[2m:[0m flushed 250 bytes
[2m2025-12-10T10:15:58.100416Z[0m [32m INFO[0m [2methereum_transaction_pool_monitor::bot_runner[0m[2m:[0m 🤖 MEV Bot Stats | Uptime: 0.1h | Opportunities: 0 | Bundles: 0/0 (0.0%) | Profit: 0.0000 ETH | Rate: 0.00/h
[2m2025-12-10T10:15:58.612940Z[0m [34mDEBUG[0m [2mhyper::proto::h1::io[0m[2m:[0m parsed 4 headers
[2m2025-12-10T10:15:58.612990Z[0m [34mDEBUG[0m [2mhyper::proto::h1::conn[0m[2m:[0m incoming body is content-length (45 bytes)
[2m2025-12-10T10:15:58.613006Z[0m [34mDEBUG[0m [2mhyper::proto::h1::conn[0m[2m:[0m incoming body completed
[2m2025-12-10T10:15:58.613024Z[0m [34mDEBUG[0m [2mhyper::client::pool[0m[2m:[0m pooling idle connection for ("http", 192.168.0.14:8545)
[2m2025-12-10T10:15:58.613063Z[0m [34mDEBUG[0m [2mhyper::client::pool[0m[2m:[0m reuse idle connection for ("http", 192.168.0.14:8545)
[2m2025-12-10T10:15:58.613102Z[0m [34mDEBUG[0m [2mhyper::proto::h1::io[0m[2m:[0m flushed 172 bytes
[2m2025-12-10T10:15:58.616645Z[0m [34mDEBUG[0m [2mhyper::proto::h1::io[0m[2m:[0m parsed 4 headers
[2m2025-12-10T10:15:58.616672Z[0m [34mDEBUG[0m [2mhyper::proto::h1::conn[0m[2m:[0m incoming body is content-length (776 bytes)
[2m2025-12-10T10:15:58.616689Z[0m [34mDEBUG[0m [2mhyper::proto::h1::conn[0m[2m:[0m incoming body completed
[2m2025-12-10T10:15:58.616762Z[0m [34mDEBUG[0m [2mhyper::client::pool[0m[2m:[0m pooling idle connection for ("http", 192.168.0.14:8545)
[2m2025-12-10T10:15:58.616794Z[0m [34mDEBUG[0m [2methereum_transaction_pool_monitor::eth_client[0m[2m:[0m 📡 Transaction fetch RPC completed in 1.026831709s
[2m2025-12-10T10:15:58.719314Z[0m [34mDEBUG[0m [2methereum_transaction_pool_monitor::eth_client[0m[2m:[0m ✅ Transaction 0x5d4cc0307fceeadbf617905f6c8332748702c9037cf29355ed47040c57fb6984 fetched and parsed in 1.129346959s
[2m2025-12-10T10:15:58.719350Z[0m [34mDEBUG[0m [2methereum_transaction_pool_monitor::mempool_monitor[0m[2m:[0m 🔍 Skipping tx 0x5d4cc0307fceeadbf617905f6c8332748702c9037cf29355ed47040c57fb6984 - not a DEX interaction (target: 0x61DBbBb552dc893ab3aAd09F289f811E67cEf285)
[2m2025-12-10T10:15:58.719367Z[0m [34mDEBUG[0m [2methereum_transaction_pool_monitor::mempool_monitor[0m[2m:[0m 📨 Processing new pending transaction: 0x98c0506675a82a38538ff5b9cd469249ee2d58cf3ab725149e9542ba256c9a88
[2m2025-12-10T10:15:58.719374Z[0m [34mDEBUG[0m [2methereum_transaction_pool_monitor::mempool_monitor[0m[2m:[0m 🔍 Fetching transaction details for: 0x98c0506675a82a38538ff5b9cd469249ee2d58cf3ab725149e9542ba256c9a88
[2m2025-12-10T10:15:58.719378Z[0m [34mDEBUG[0m [2methereum_transaction_pool_monitor::eth_client[0m[2m:[0m 🔍 Fetching transaction details for hash: 0x98c0506675a82a38538ff5b9cd469249ee2d58cf3ab725149e9542ba256c9a88
[2m2025-12-10T10:15:58.719406Z[0m [34mDEBUG[0m [2mhyper::client::pool[0m[2m:[0m reuse idle connection for ("http", 192.168.0.14:8545)
[2m2025-12-10T10:15:58.719449Z[0m [34mDEBUG[0m [2mhyper::proto::h1::io[0m[2m:[0m flushed 250 bytes
[2m2025-12-10T10:15:58.719470Z[0m [34mDEBUG[0m [2methereum_transaction_pool_monitor::eth_client[0m[2m:[0m 📨 Received WebSocket message: {"jsonrpc":"2.0","method":"eth_subscription","params":{"subscription":"0xbed0a0851463e895960a451075a301a9","result":"0x86667ba21c9ce5838054872cc2b2b9901767cd7c652bd618087fb193827abe3b"}}
[2m2025-12-10T10:15:58.719479Z[0m [34mDEBUG[0m [2methereum_transaction_pool_monitor::eth_client[0m[2m:[0m 📨 Received pending transaction: 0x86667ba21c9ce5838054872cc2b2b9901767cd7c652bd618087fb193827abe3b
[2m2025-12-10T10:15:58.719486Z[0m [34mDEBUG[0m [2methereum_transaction_pool_monitor::eth_client[0m[2m:[0m 📨 Received WebSocket message: {"jsonrpc":"2.0","method":"eth_subscription","params":{"subscription":"0xbed0a0851463e895960a451075a301a9","result":"0xc6c763a1b6b412732c8cb027fc4cb467c7b31434fd73a0597a86ae6e9443ed3f"}}
[2m2025-12-10T10:15:58.719491Z[0m [34mDEBUG[0m [2methereum_transaction_pool_monitor::eth_client[0m[2m:[0m 📨 Received pending transaction: 0xc6c763a1b6b412732c8cb027fc4cb467c7b31434fd73a0597a86ae6e9443ed3f
[2m2025-12-10T10:15:59.687462Z[0m [34mDEBUG[0m [2methereum_transaction_pool_monitor::eth_client[0m[2m:[0m 📨 Received WebSocket message: {"jsonrpc":"2.0","method":"eth_subscription","params":{"subscription":"0xbed0a0851463e895960a451075a301a9","result":"0x2eda477b42e470bda71d32925300c3ce7e116d19cb99e054cd1a74ac75c64632"}}
[2m2025-12-10T10:15:59.687775Z[0m [34mDEBUG[0m [2methereum_transaction_pool_monitor::eth_client[0m[2m:[0m 📨 Received pending transaction: 0x2eda477b42e470bda71d32925300c3ce7e116d19cb99e054cd1a74ac75c64632
[2m2025-12-10T10:15:59.900295Z[0m [34mDEBUG[0m [2methereum_transaction_pool_monitor::eth_client[0m[2m:[0m 📨 Received WebSocket message: {"jsonrpc":"2.0","method":"eth_subscription","params":{"subscription":"0xbed0a0851463e895960a451075a301a9","result":"0xb0a96bd0e786a12f414e9f3623080cc964fbfa4c6ab9465bd37b35906b245865"}}
[2m2025-12-10T10:15:59.903976Z[0m [34mDEBUG[0m [2methereum_transaction_pool_monitor::eth_client[0m[2m:[0m 📨 Received pending transaction: 0xb0a96bd0e786a12f414e9f3623080cc964fbfa4c6ab9465bd37b35906b245865
[2m2025-12-10T10:15:59.904074Z[0m [34mDEBUG[0m [2mhyper::proto::h1::io[0m[2m:[0m parsed 4 headers
[2m2025-12-10T10:15:59.904086Z[0m [34mDEBUG[0m [2mhyper::proto::h1::conn[0m[2m:[0m incoming body is content-length (45 bytes)
[2m2025-12-10T10:15:59.904106Z[0m [34mDEBUG[0m [2mhyper::proto::h1::conn[0m[2m:[0m incoming body completed
[2m2025-12-10T10:15:59.904153Z[0m [34mDEBUG[0m [2mhyper::client::pool[0m[2m:[0m pooling idle connection for ("http", 192.168.0.14:8545)
[2m2025-12-10T10:15:59.904215Z[0m [34mDEBUG[0m [2mhyper::client::pool[0m[2m:[0m reuse idle connection for ("http", 192.168.0.14:8545)
[2m2025-12-10T10:15:59.904259Z[0m [34mDEBUG[0m [2mhyper::proto::h1::io[0m[2m:[0m flushed 172 bytes
[2m2025-12-10T10:16:01.675138Z[0m [34mDEBUG[0m [2mhyper::proto::h1::io[0m[2m:[0m parsed 4 headers
[2m2025-12-10T10:16:01.675194Z[0m [34mDEBUG[0m [2mhyper::proto::h1::conn[0m[2m:[0m incoming body is content-length (45 bytes)
[2m2025-12-10T10:16:01.675251Z[0m [34mDEBUG[0m [2mhyper::proto::h1::conn[0m[2m:[0m incoming body completed
[2m2025-12-10T10:16:01.675394Z[0m [34mDEBUG[0m [2mhyper::client::pool[0m[2m:[0m pooling idle connection for ("http", 192.168.0.14:8545)
[2m2025-12-10T10:16:01.675453Z[0m [34mDEBUG[0m [2mhyper::client::pool[0m[2m:[0m reuse idle connection for ("http", 192.168.0.14:8545)
[2m2025-12-10T10:16:01.675506Z[0m [34mDEBUG[0m [2mhyper::proto::h1::io[0m[2m:[0m flushed 172 bytes
[2m2025-12-10T10:16:01.680819Z[0m [34mDEBUG[0m [2mhyper::proto::h1::io[0m[2m:[0m parsed 4 headers
[2m2025-12-10T10:16:01.680819Z[0m [34mDEBUG[0m [2methereum_transaction_pool_monitor::eth_client[0m[2m:[0m 📨 Received WebSocket message: {"jsonrpc":"2.0","method":"eth_subscription","params":{"subscription":"0xbed0a0851463e895960a451075a301a9","result":"0x901010f45359c305ecb0c64e0b816a4496048729f37441c16e96ca8cb34f55b7"}}
[2m2025-12-10T10:16:01.680885Z[0m [34mDEBUG[0m [2mhyper::proto::h1::conn[0m[2m:[0m incoming body is content-length (830 bytes)
[2m2025-12-10T10:16:01.680926Z[0m [34mDEBUG[0m [2methereum_transaction_pool_monitor::eth_client[0m[2m:[0m 📨 Received pending transaction: 0x901010f45359c305ecb0c64e0b816a4496048729f37441c16e96ca8cb34f55b7
[2m2025-12-10T10:16:01.680981Z[0m [34mDEBUG[0m [2mhyper::proto::h1::conn[0m[2m:[0m incoming body completed
[2m2025-12-10T10:16:01.681026Z[0m [34mDEBUG[0m [2mhyper::client::pool[0m[2m:[0m pooling idle connection for ("http", 192.168.0.14:8545)
[2m2025-12-10T10:16:01.681039Z[0m [34mDEBUG[0m [2methereum_transaction_pool_monitor::eth_client[0m[2m:[0m 📡 Transaction fetch RPC completed in 2.96162925s
[2m2025-12-10T10:16:01.936560Z[0m [34mDEBUG[0m [2methereum_transaction_pool_monitor::eth_client[0m[2m:[0m ✅ Transaction 0x98c0506675a82a38538ff5b9cd469249ee2d58cf3ab725149e9542ba256c9a88 fetched and parsed in 3.217144292s
[2m2025-12-10T10:16:01.936684Z[0m [34mDEBUG[0m [2methereum_transaction_pool_monitor::mempool_monitor[0m[2m:[0m 🔍 Skipping tx 0x98c0506675a82a38538ff5b9cd469249ee2d58cf3ab725149e9542ba256c9a88 - not a DEX interaction (target: 0x3B4D794a66304F130a4Db8F2551B0070dfCf5ca7)
[2m2025-12-10T10:16:01.936824Z[0m [34mDEBUG[0m [2methereum_transaction_pool_monitor::mempool_monitor[0m[2m:[0m 📨 Processing new pending transaction: 0x5f6a987d477b9ff4687d106ffa2f2e6851ce417e61af5df55bbd23f7d023fb40
[2m2025-12-10T10:16:01.936861Z[0m [34mDEBUG[0m [2methereum_transaction_pool_monitor::mempool_monitor[0m[2m:[0m 🔍 Fetching transaction details for: 0x5f6a987d477b9ff4687d106ffa2f2e6851ce417e61af5df55bbd23f7d023fb40
[2m2025-12-10T10:16:01.936866Z[0m [34mDEBUG[0m [2methereum_transaction_pool_monitor::eth_client[0m[2m:[0m 🔍 Fetching transaction details for hash: 0x5f6a987d477b9ff4687d106ffa2f2e6851ce417e61af5df55bbd23f7d023fb40
[2m2025-12-10T10:16:01.936896Z[0m [34mDEBUG[0m [2mhyper::client::pool[0m[2m:[0m reuse idle connection for ("http", 192.168.0.14:8545)
[2m2025-12-10T10:16:01.936988Z[0m [34mDEBUG[0m [2mhyper::proto::h1::io[0m[2m:[0m flushed 250 bytes
[2m2025-12-10T10:16:02.897606Z[0m [34mDEBUG[0m [2methereum_transaction_pool_monitor::eth_client[0m[2m:[0m 📨 Received WebSocket message: {"jsonrpc":"2.0","method":"eth_subscription","params":{"subscription":"0xbed0a0851463e895960a451075a301a9","result":"0xc88305e4e02af3256982b7ef4543228f9f1c3454eaccfad0b607a137694c823c"}}
[2m2025-12-10T10:16:02.897635Z[0m [34mDEBUG[0m [2methereum_transaction_pool_monitor::eth_client[0m[2m:[0m 📨 Received pending transaction: 0xc88305e4e02af3256982b7ef4543228f9f1c3454eaccfad0b607a137694c823c
[2m2025-12-10T10:16:02.897649Z[0m [34mDEBUG[0m [2methereum_transaction_pool_monitor::eth_client[0m[2m:[0m 📨 Received WebSocket message: {"jsonrpc":"2.0","method":"eth_subscription","params":{"subscription":"0xbed0a0851463e895960a451075a301a9","result":"0xc2fb7b6965f85135564b53a600214d83e87f369bb79c632e94bb93bc96d900ff"}}
[2m2025-12-10T10:16:02.897657Z[0m [34mDEBUG[0m [2methereum_transaction_pool_monitor::eth_client[0m[2m:[0m 📨 Received pending transaction: 0xc2fb7b6965f85135564b53a600214d83e87f369bb79c632e94bb93bc96d900ff
[2m2025-12-10T10:16:02.897663Z[0m [34mDEBUG[0m [2methereum_transaction_pool_monitor::eth_client[0m[2m:[0m 📨 Received WebSocket message: {"jsonrpc":"2.0","method":"eth_subscription","params":{"subscription":"0xbed0a0851463e895960a451075a301a9","result":"0x130e2288655f868c8a2f96ebb4df3cbb7ac3c272172c35f5e37c67e4dfbe388e"}}
[2m2025-12-10T10:16:02.897669Z[0m [34mDEBUG[0m [2methereum_transaction_pool_monitor::eth_client[0m[2m:[0m 📨 Received pending transaction: 0x130e2288655f868c8a2f96ebb4df3cbb7ac3c272172c35f5e37c67e4dfbe388e
[2m2025-12-10T10:16:02.957758Z[0m [34mDEBUG[0m [2methereum_transaction_pool_monitor::eth_client[0m[2m:[0m 📨 Received WebSocket message: {"jsonrpc":"2.0","method":"eth_subscription","params":{"subscription":"0xbed0a0851463e895960a451075a301a9","result":"0xec2471b7652adad1b4a010adb8b7aefb9efad8f4daa51de2a31cd616d0d1718b"}}
[2m2025-12-10T10:16:02.957825Z[0m [34mDEBUG[0m [2methereum_transaction_pool_monitor::eth_client[0m[2m:[0m 📨 Received pending transaction: 0xec2471b7652adad1b4a010adb8b7aefb9efad8f4daa51de2a31cd616d0d1718b
[2m2025-12-10T10:16:02.957842Z[0m [34mDEBUG[0m [2methereum_transaction_pool_monitor::eth_client[0m[2m:[0m 📨 Received WebSocket message: {"jsonrpc":"2.0","method":"eth_subscription","params":{"subscription":"0xbed0a0851463e895960a451075a301a9","result":"0x8979214c90b9afb4f4903b160bdcfcb716de6de704bb1d4e04186b5af0c00e65"}}
[2m2025-12-10T10:16:02.957860Z[0m [34mDEBUG[0m [2methereum_transaction_pool_monitor::eth_client[0m[2m:[0m 📨 Received pending transaction: 0x8979214c90b9afb4f4903b160bdcfcb716de6de704bb1d4e04186b5af0c00e65
[2m2025-12-10T10:16:06.055811Z[0m [34mDEBUG[0m [2methereum_transaction_pool_monitor::eth_client[0m[2m:[0m 📨 Received WebSocket message: {"jsonrpc":"2.0","method":"eth_subscription","params":{"subscription":"0xbed0a0851463e895960a451075a301a9","result":"0xa6fce1ab10a9962728ce0f306340138319bcd8103e006c6a5dff44662eb84929"}}
[2m2025-12-10T10:16:06.056459Z[0m [34mDEBUG[0m [2methereum_transaction_pool_monitor::eth_client[0m[2m:[0m 📨 Received pending transaction: 0xa6fce1ab10a9962728ce0f306340138319bcd8103e006c6a5dff44662eb84929
[2m2025-12-10T10:16:06.056529Z[0m [32m INFO[0m [2methereum_transaction_pool_monitor::eth_client[0m[2m:[0m 📊 WebSocket stats - Total: 5001 transactions, Rate: 10.2 tx/s
[2m2025-12-10T10:16:06.105222Z[0m [34mDEBUG[0m [2mhyper::proto::h1::io[0m[2m:[0m parsed 4 headers
[2m2025-12-10T10:16:06.105282Z[0m [34mDEBUG[0m [2mhyper::proto::h1::conn[0m[2m:[0m incoming body is content-length (45 bytes)
[2m2025-12-10T10:16:06.105321Z[0m [34mDEBUG[0m [2mhyper::proto::h1::conn[0m[2m:[0m incoming body completed
[2m2025-12-10T10:16:06.105447Z[0m [34mDEBUG[0m [2mhyper::client::pool[0m[2m:[0m pooling idle connection for ("http", 192.168.0.14:8545)
[2m2025-12-10T10:16:06.105607Z[0m [34mDEBUG[0m [2mhyper::client::pool[0m[2m:[0m reuse idle connection for ("http", 192.168.0.14:8545)
[2m2025-12-10T10:16:06.105703Z[0m [34mDEBUG[0m [2mhyper::proto::h1::io[0m[2m:[0m flushed 172 bytes
[2m2025-12-10T10:16:06.175033Z[0m [34mDEBUG[0m [2mhyper::proto::h1::io[0m[2m:[0m parsed 4 headers
[2m2025-12-10T10:16:06.175075Z[0m [34mDEBUG[0m [2mhyper::proto::h1::conn[0m[2m:[0m incoming body is content-length (830 bytes)
[2m2025-12-10T10:16:06.175177Z[0m [34mDEBUG[0m [2mhyper::proto::h1::conn[0m[2m:[0m incoming body completed
[2m2025-12-10T10:16:06.175212Z[0m [34mDEBUG[0m [2mhyper::client::pool[0m[2m:[0m pooling idle connection for ("http", 192.168.0.14:8545)
[2m2025-12-10T10:16:06.175230Z[0m [34mDEBUG[0m [2methereum_transaction_pool_monitor::eth_client[0m[2m:[0m 📡 Transaction fetch RPC completed in 4.238320959s
[2m2025-12-10T10:16:06.303679Z[0m [34mDEBUG[0m [2methereum_transaction_pool_monitor::eth_client[0m[2m:[0m ✅ Transaction 0x5f6a987d477b9ff4687d106ffa2f2e6851ce417e61af5df55bbd23f7d023fb40 fetched and parsed in 4.366765959s
[2m2025-12-10T10:16:06.303724Z[0m [34mDEBUG[0m [2methereum_transaction_pool_monitor::mempool_monitor[0m[2m:[0m 🔍 Skipping tx 0x5f6a987d477b9ff4687d106ffa2f2e6851ce417e61af5df55bbd23f7d023fb40 - not a DEX interaction (target: 0xDDaef92FA7888eb8A8a684F72F5e8e9Ee6045490)
[2m2025-12-10T10:16:06.303739Z[0m [34mDEBUG[0m [2methereum_transaction_pool_monitor::mempool_monitor[0m[2m:[0m 📨 Processing new pending transaction: 0xf8768d18a95b2b18bd285b41d5c8cdeff39ce9d17bfe0a176d16be9059b4f673
[2m2025-12-10T10:16:06.303745Z[0m [34mDEBUG[0m [2methereum_transaction_pool_monitor::mempool_monitor[0m[2m:[0m 🔍 Fetching transaction details for: 0xf8768d18a95b2b18bd285b41d5c8cdeff39ce9d17bfe0a176d16be9059b4f673
[2m2025-12-10T10:16:06.303749Z[0m [34mDEBUG[0m [2methereum_transaction_pool_monitor::eth_client[0m[2m:[0m 🔍 Fetching transaction details for hash: 0xf8768d18a95b2b18bd285b41d5c8cdeff39ce9d17bfe0a176d16be9059b4f673
[2m2025-12-10T10:16:06.303775Z[0m [34mDEBUG[0m [2mhyper::client::pool[0m[2m:[0m reuse idle connection for ("http", 192.168.0.14:8545)
[2m2025-12-10T10:16:06.303863Z[0m [34mDEBUG[0m [2mhyper::proto::h1::io[0m[2m:[0m flushed 250 bytes
[2m2025-12-10T10:16:06.303892Z[0m [34mDEBUG[0m [2mhyper::proto::h1::io[0m[2m:[0m parsed 4 headers
[2m2025-12-10T10:16:06.303898Z[0m [34mDEBUG[0m [2mhyper::proto::h1::conn[0m[2m:[0m incoming body is content-length (45 bytes)
[2m2025-12-10T10:16:06.303908Z[0m [34mDEBUG[0m [2mhyper::proto::h1::conn[0m[2m:[0m incoming body completed
[2m2025-12-10T10:16:06.303920Z[0m [34mDEBUG[0m [2mhyper::client::pool[0m[2m:[0m pooling idle connection for ("http", 192.168.0.14:8545)
[2m2025-12-10T10:16:06.303943Z[0m [34mDEBUG[0m [2mhyper::client::pool[0m[2m:[0m reuse idle connection for ("http", 192.168.0.14:8545)
[2m2025-12-10T10:16:06.303967Z[0m [34mDEBUG[0m [2mhyper::proto::h1::io[0m[2m:[0m flushed 172 bytes
[2m2025-12-10T10:16:07.098863Z[0m [34mDEBUG[0m [2methereum_transaction_pool_monitor::eth_client[0m[2m:[0m 📨 Received WebSocket message: {"jsonrpc":"2.0","method":"eth_subscription","params":{"subscription":"0xbed0a0851463e895960a451075a301a9","result":"0xfd838afa6552239e4adbf1aa7a0c8d0bfc6ddd8971c845489be68a554add7dcd"}}
[2m2025-12-10T10:16:07.098923Z[0m [34mDEBUG[0m [2methereum_transaction_pool_monitor::eth_client[0m[2m:[0m 📨 Received pending transaction: 0xfd838afa6552239e4adbf1aa7a0c8d0bfc6ddd8971c845489be68a554add7dcd
[2m2025-12-10T10:16:07.150429Z[0m [34mDEBUG[0m [2mhyper::proto::h1::io[0m[2m:[0m parsed 4 headers
[2m2025-12-10T10:16:07.150466Z[0m [34mDEBUG[0m [2mhyper::proto::h1::conn[0m[2m:[0m incoming body is content-length (45 bytes)
[2m2025-12-10T10:16:07.150644Z[0m [34mDEBUG[0m [2mhyper::proto::h1::conn[0m[2m:[0m incoming body completed
[2m2025-12-10T10:16:07.150666Z[0m [34mDEBUG[0m [2mhyper::client::pool[0m[2m:[0m pooling idle connection for ("http", 192.168.0.14:8545)
[2m2025-12-10T10:16:07.150700Z[0m [34mDEBUG[0m [2mhyper::client::pool[0m[2m:[0m reuse idle connection for ("http", 192.168.0.14:8545)
[2m2025-12-10T10:16:07.150743Z[0m [34mDEBUG[0m [2mhyper::proto::h1::io[0m[2m:[0m flushed 172 bytes
[2m2025-12-10T10:16:07.158285Z[0m [34mDEBUG[0m [2methereum_transaction_pool_monitor::eth_client[0m[2m:[0m 📨 Received WebSocket message: {"jsonrpc":"2.0","method":"eth_subscription","params":{"subscription":"0xbed0a0851463e895960a451075a301a9","result":"0x7f2ca042e367207e020704519bb3149dda3eacad4e977cde0d692c0fdce53c9c"}}
[2m2025-12-10T10:16:07.158342Z[0m [34mDEBUG[0m [2methereum_transaction_pool_monitor::eth_client[0m[2m:[0m 📨 Received pending transaction: 0x7f2ca042e367207e020704519bb3149dda3eacad4e977cde0d692c0fdce53c9c
[2m2025-12-10T10:16:07.158361Z[0m [34mDEBUG[0m [2methereum_transaction_pool_monitor::eth_client[0m[2m:[0m 📨 Received WebSocket message: {"jsonrpc":"2.0","method":"eth_subscription","params":{"subscription":"0xbed0a0851463e895960a451075a301a9","result":"0xb9eb6cce5b0695ac0be7cc7748062c3dd08a58f0bce48e24d1f0a29624977c2e"}}
[2m2025-12-10T10:16:07.158367Z[0m [34mDEBUG[0m [2methereum_transaction_pool_monitor::eth_client[0m[2m:[0m 📨 Received pending transaction: 0xb9eb6cce5b0695ac0be7cc7748062c3dd08a58f0bce48e24d1f0a29624977c2e
[2m2025-12-10T10:16:07.161138Z[0m [34mDEBUG[0m [2mhyper::proto::h1::io[0m[2m:[0m parsed 4 headers
[2m2025-12-10T10:16:07.161157Z[0m [34mDEBUG[0m [2mhyper::proto::h1::conn[0m[2m:[0m incoming body is content-length (45 bytes)
[2m2025-12-10T10:16:07.161168Z[0m [34mDEBUG[0m [2mhyper::proto::h1::conn[0m[2m:[0m incoming body completed
[2m2025-12-10T10:16:07.161182Z[0m [34mDEBUG[0m [2mhyper::client::pool[0m[2m:[0m pooling idle connection for ("http", 192.168.0.14:8545)
[2m2025-12-10T10:16:07.161216Z[0m [34mDEBUG[0m [2mhyper::client::pool[0m[2m:[0m reuse idle connection for ("http", 192.168.0.14:8545)
[2m2025-12-10T10:16:07.161250Z[0m [34mDEBUG[0m [2mhyper::proto::h1::io[0m[2m:[0m flushed 172 bytes
[2m2025-12-10T10:16:07.161286Z[0m [34mDEBUG[0m [2methereum_transaction_pool_monitor::eth_client[0m[2m:[0m 📨 Received WebSocket message: {"jsonrpc":"2.0","method":"eth_subscription","params":{"subscription":"0xbed0a0851463e895960a451075a301a9","result":"0xa730a2183c2b3e4b0d56a15d32baff65a5f2294102d2c9ba4b608801ce21f8fb"}}
[2m2025-12-10T10:16:07.161309Z[0m [34mDEBUG[0m [2methereum_transaction_pool_monitor::eth_client[0m[2m:[0m 📨 Received pending transaction: 0xa730a2183c2b3e4b0d56a15d32baff65a5f2294102d2c9ba4b608801ce21f8fb
[2m2025-12-10T10:16:07.161348Z[0m [34mDEBUG[0m [2methereum_transaction_pool_monitor::eth_client[0m[2m:[0m 📨 Received WebSocket message: {"jsonrpc":"2.0","method":"eth_subscription","params":{"subscription":"0xbed0a0851463e895960a451075a301a9","result":"0xd1782c7fbcb9fe17e398848b9cef0ce87b5635d84653f20be07c64c6f0c7b362"}}
[2m2025-12-10T10:16:07.161354Z[0m [34mDEBUG[0m [2methereum_transaction_pool_monitor::eth_client[0m[2m:[0m 📨 Received pending transaction: 0xd1782c7fbcb9fe17e398848b9cef0ce87b5635d84653f20be07c64c6f0c7b362
[2m2025-12-10T10:16:07.222142Z[0m [34mDEBUG[0m [2mhyper::proto::h1::io[0m[2m:[0m parsed 4 headers
[2m2025-12-10T10:16:07.222161Z[0m [34mDEBUG[0m [2mhyper::proto::h1::conn[0m[2m:[0m incoming body is content-length (45 bytes)
[2m2025-12-10T10:16:07.222172Z[0m [34mDEBUG[0m [2mhyper::proto::h1::conn[0m[2m:[0m incoming body completed
[2m2025-12-10T10:16:07.222191Z[0m [34mDEBUG[0m [2mhyper::client::pool[0m[2m:[0m pooling idle connection for ("http", 192.168.0.14:8545)
[2m2025-12-10T10:16:07.222230Z[0m [34mDEBUG[0m [2mhyper::client::pool[0m[2m:[0m reuse idle connection for ("http", 192.168.0.14:8545)
[2m2025-12-10T10:16:07.222263Z[0m [34mDEBUG[0m [2mhyper::proto::h1::io[0m[2m:[0m flushed 172 bytes
[2m2025-12-10T10:16:07.234455Z[0m [34mDEBUG[0m [2mhyper::proto::h1::io[0m[2m:[0m parsed 4 headers
[2m2025-12-10T10:16:07.235023Z[0m [34mDEBUG[0m [2mhyper::proto::h1::conn[0m[2m:[0m incoming body is content-length (45 bytes)
[2m2025-12-10T10:16:07.235041Z[0m [34mDEBUG[0m [2mhyper::proto::h1::conn[0m[2m:[0m incoming body completed
[2m2025-12-10T10:16:07.235063Z[0m [34mDEBUG[0m [2mhyper::client::pool[0m[2m:[0m pooling idle connection for ("http", 192.168.0.14:8545)
[2m2025-12-10T10:16:07.235103Z[0m [34mDEBUG[0m [2mhyper::client::pool[0m[2m:[0m reuse idle connection for ("http", 192.168.0.14:8545)
[2m2025-12-10T10:16:07.235179Z[0m [34mDEBUG[0m [2mhyper::proto::h1::io[0m[2m:[0m flushed 172 bytes
[2m2025-12-10T10:16:07.241906Z[0m [34mDEBUG[0m [2mhyper::proto::h1::io[0m[2m:[0m parsed 4 headers
[2m2025-12-10T10:16:07.242464Z[0m [34mDEBUG[0m [2mhyper::proto::h1::conn[0m[2m:[0m incoming body is content-length (45 bytes)
[2m2025-12-10T10:16:07.242480Z[0m [34mDEBUG[0m [2mhyper::proto::h1::conn[0m[2m:[0m incoming body completed
[2m2025-12-10T10:16:07.242501Z[0m [34mDEBUG[0m [2mhyper::client::pool[0m[2m:[0m pooling idle connection for ("http", 192.168.0.14:8545)
[2m2025-12-10T10:16:07.242541Z[0m [34mDEBUG[0m [2mhyper::client::pool[0m[2m:[0m reuse idle connection for ("http", 192.168.0.14:8545)
[2m2025-12-10T10:16:07.242579Z[0m [34mDEBUG[0m [2mhyper::proto::h1::io[0m[2m:[0m flushed 172 bytes
[2m2025-12-10T10:16:07.249370Z[0m [34mDEBUG[0m [2mhyper::proto::h1::io[0m[2m:[0m parsed 4 headers
[2m2025-12-10T10:16:07.249402Z[0m [34mDEBUG[0m [2mhyper::proto::h1::conn[0m[2m:[0m incoming body is content-length (45 bytes)
[2m2025-12-10T10:16:07.249413Z[0m [34mDEBUG[0m [2mhyper::proto::h1::conn[0m[2m:[0m incoming body completed
[2m2025-12-10T10:16:07.249425Z[0m [34mDEBUG[0m [2mhyper::client::pool[0m[2m:[0m pooling idle connection for ("http", 192.168.0.14:8545)
[2m2025-12-10T10:16:07.249456Z[0m [34mDEBUG[0m [2mhyper::client::pool[0m[2m:[0m reuse idle connection for ("http", 192.168.0.14:8545)
[2m2025-12-10T10:16:07.249490Z[0m [34mDEBUG[0m [2mhyper::proto::h1::io[0m[2m:[0m flushed 172 bytes
[2m2025-12-10T10:16:07.257082Z[0m [34mDEBUG[0m [2mhyper::proto::h1::io[0m[2m:[0m parsed 4 headers
[2m2025-12-10T10:16:07.257146Z[0m [34mDEBUG[0m [2mhyper::proto::h1::conn[0m[2m:[0m incoming body is content-length (45 bytes)
[2m2025-12-10T10:16:07.257182Z[0m [34mDEBUG[0m [2mhyper::proto::h1::conn[0m[2m:[0m incoming body completed
[2m2025-12-10T10:16:07.257209Z[0m [34mDEBUG[0m [2mhyper::client::pool[0m[2m:[0m pooling idle connection for ("http", 192.168.0.14:8545)
[2m2025-12-10T10:16:07.257267Z[0m [34mDEBUG[0m [2mhyper::client::pool[0m[2m:[0m reuse idle connection for ("http", 192.168.0.14:8545)
[2m2025-12-10T10:16:07.257399Z[0m [34mDEBUG[0m [2mhyper::proto::h1::io[0m[2m:[0m flushed 172 bytes
[2m2025-12-10T10:16:07.266202Z[0m [34mDEBUG[0m [2mhyper::proto::h1::io[0m[2m:[0m parsed 4 headers
[2m2025-12-10T10:16:07.266237Z[0m [34mDEBUG[0m [2mhyper::proto::h1::conn[0m[2m:[0m incoming body is content-length (45 bytes)
[2m2025-12-10T10:16:07.266251Z[0m [34mDEBUG[0m [2mhyper::proto::h1::conn[0m[2m:[0m incoming body completed
[2m2025-12-10T10:16:07.266267Z[0m [34mDEBUG[0m [2mhyper::client::pool[0m[2m:[0m pooling idle connection for ("http", 192.168.0.14:8545)
[2m2025-12-10T10:16:07.266306Z[0m [34mDEBUG[0m [2mhyper::client::pool[0m[2m:[0m reuse idle connection for ("http", 192.168.0.14:8545)
[2m2025-12-10T10:16:07.266358Z[0m [34mDEBUG[0m [2mhyper::proto::h1::io[0m[2m:[0m flushed 172 bytes
[2m2025-12-10T10:16:07.271108Z[0m [34mDEBUG[0m [2mhyper::proto::h1::io[0m[2m:[0m parsed 4 headers
[2m2025-12-10T10:16:07.271143Z[0m [34mDEBUG[0m [2mhyper::proto::h1::conn[0m[2m:[0m incoming body is content-length (45 bytes)
[2m2025-12-10T10:16:07.271154Z[0m [34mDEBUG[0m [2mhyper::proto::h1::conn[0m[2m:[0m incoming body completed
[2m2025-12-10T10:16:07.271170Z[0m [34mDEBUG[0m [2mhyper::client::pool[0m[2m:[0m pooling idle connection for ("http", 192.168.0.14:8545)
[2m2025-12-10T10:16:07.271207Z[0m [34mDEBUG[0m [2mhyper::client::pool[0m[2m:[0m reuse idle connection for ("http", 192.168.0.14:8545)
[2m2025-12-10T10:16:07.271248Z[0m [34mDEBUG[0m [2mhyper::proto::h1::io[0m[2m:[0m flushed 172 bytes
[2m2025-12-10T10:16:07.276540Z[0m [34mDEBUG[0m [2mhyper::proto::h1::io[0m[2m:[0m parsed 4 headers
[2m2025-12-10T10:16:07.276598Z[0m [34mDEBUG[0m [2mhyper::proto::h1::conn[0m[2m:[0m incoming body is content-length (45 bytes)
[2m2025-12-10T10:16:07.276633Z[0m [34mDEBUG[0m [2mhyper::proto::h1::conn[0m[2m:[0m incoming body completed
[2m2025-12-10T10:16:07.276654Z[0m [34mDEBUG[0m [2mhyper::client::pool[0m[2m:[0m pooling idle connection for ("http", 192.168.0.14:8545)
[2m2025-12-10T10:16:07.276725Z[0m [34mDEBUG[0m [2mhyper::client::pool[0m[2m:[0m reuse idle connection for ("http", 192.168.0.14:8545)
[2m2025-12-10T10:16:07.276767Z[0m [34mDEBUG[0m [2mhyper::proto::h1::io[0m[2m:[0m flushed 172 bytes
[2m2025-12-10T10:16:07.281948Z[0m [34mDEBUG[0m [2mhyper::proto::h1::io[0m[2m:[0m parsed 4 headers
[2m2025-12-10T10:16:07.281978Z[0m [34mDEBUG[0m [2mhyper::proto::h1::conn[0m[2m:[0m incoming body is content-length (45 bytes)
[2m2025-12-10T10:16:07.281987Z[0m [34mDEBUG[0m [2mhyper::proto::h1::conn[0m[2m:[0m incoming body completed
[2m2025-12-10T10:16:07.282002Z[0m [34mDEBUG[0m [2mhyper::client::pool[0m[2m:[0m pooling idle connection for ("http", 192.168.0.14:8545)
[2m2025-12-10T10:16:07.282032Z[0m [34mDEBUG[0m [2mhyper::client::pool[0m[2m:[0m reuse idle connection for ("http", 192.168.0.14:8545)
[2m2025-12-10T10:16:07.282066Z[0m [34mDEBUG[0m [2mhyper::proto::h1::io[0m[2m:[0m flushed 172 bytes
[2m2025-12-10T10:16:07.335552Z[0m [34mDEBUG[0m [2mhyper::proto::h1::io[0m[2m:[0m parsed 4 headers
[2m2025-12-10T10:16:07.335581Z[0m [34mDEBUG[0m [2mhyper::proto::h1::conn[0m[2m:[0m incoming body is content-length (712 bytes)
[2m2025-12-10T10:16:07.335590Z[0m [34mDEBUG[0m [2mhyper::proto::h1::conn[0m[2m:[0m incoming body completed
[2m2025-12-10T10:16:07.335603Z[0m [34mDEBUG[0m [2mhyper::client::pool[0m[2m:[0m pooling idle connection for ("http", 192.168.0.14:8545)
[2m2025-12-10T10:16:07.335628Z[0m [34mDEBUG[0m [2methereum_transaction_pool_monitor::eth_client[0m[2m:[0m 📡 Transaction fetch RPC completed in 1.03186225s
[2m2025-12-10T10:16:07.481751Z[0m [34mDEBUG[0m [2methereum_transaction_pool_monitor::eth_client[0m[2m:[0m ✅ Transaction 0xf8768d18a95b2b18bd285b41d5c8cdeff39ce9d17bfe0a176d16be9059b4f673 fetched and parsed in 1.177983792s
[2m2025-12-10T10:16:07.481784Z[0m [34mDEBUG[0m [2methereum_transaction_pool_monitor::mempool_monitor[0m[2m:[0m 🔍 Skipping tx 0xf8768d18a95b2b18bd285b41d5c8cdeff39ce9d17bfe0a176d16be9059b4f673 - not a DEX interaction (target: 0xf3bf27942ED559D97f6Be80Cd5b8148cc560936f)
[2m2025-12-10T10:16:07.481801Z[0m [34mDEBUG[0m [2methereum_transaction_pool_monitor::mempool_monitor[0m[2m:[0m 📨 Processing new pending transaction: 0xd2f477228da57eaa947844689da97d8bdb6dce3c4270e5d630221e096bca5f67
[2m2025-12-10T10:16:07.481809Z[0m [34mDEBUG[0m [2methereum_transaction_pool_monitor::mempool_monitor[0m[2m:[0m 🔍 Fetching transaction details for: 0xd2f477228da57eaa947844689da97d8bdb6dce3c4270e5d630221e096bca5f67
[2m2025-12-10T10:16:07.481816Z[0m [34mDEBUG[0m [2methereum_transaction_pool_monitor::eth_client[0m[2m:[0m 🔍 Fetching transaction details for hash: 0xd2f477228da57eaa947844689da97d8bdb6dce3c4270e5d630221e096bca5f67
[2m2025-12-10T10:16:07.481841Z[0m [34mDEBUG[0m [2mhyper::client::pool[0m[2m:[0m reuse idle connection for ("http", 192.168.0.14:8545)
[2m2025-12-10T10:16:07.481876Z[0m [34mDEBUG[0m [2mhyper::proto::h1::io[0m[2m:[0m flushed 250 bytes
[2m2025-12-10T10:16:07.481896Z[0m [34mDEBUG[0m [2mhyper::proto::h1::io[0m[2m:[0m parsed 4 headers
[2m2025-12-10T10:16:07.481904Z[0m [34mDEBUG[0m [2mhyper::proto::h1::conn[0m[2m:[0m incoming body is content-length (45 bytes)
[2m2025-12-10T10:16:07.481916Z[0m [34mDEBUG[0m [2mhyper::proto::h1::conn[0m[2m:[0m incoming body completed
[2m2025-12-10T10:16:07.481929Z[0m [34mDEBUG[0m [2mhyper::client::pool[0m[2m:[0m pooling idle connection for ("http", 192.168.0.14:8545)
[2m2025-12-10T10:16:07.481947Z[0m [34mDEBUG[0m [2mhyper::client::pool[0m[2m:[0m reuse idle connection for ("http", 192.168.0.14:8545)
[2m2025-12-10T10:16:07.481963Z[0m [34mDEBUG[0m [2mhyper::proto::h1::io[0m[2m:[0m flushed 172 bytes
[2m2025-12-10T10:16:08.029878Z[0m [34mDEBUG[0m [2methereum_transaction_pool_monitor::eth_client[0m[2m:[0m 📨 Received WebSocket message: {"jsonrpc":"2.0","method":"eth_subscription","params":{"subscription":"0xbed0a0851463e895960a451075a301a9","result":"0xb41b36ec25502ce44d407214d127a73110032676b82730f478e90d544f6a7c57"}}
[2m2025-12-10T10:16:08.029919Z[0m [34mDEBUG[0m [2methereum_transaction_pool_monitor::eth_client[0m[2m:[0m 📨 Received pending transaction: 0xb41b36ec25502ce44d407214d127a73110032676b82730f478e90d544f6a7c57
[2m2025-12-10T10:16:08.032411Z[0m [34mDEBUG[0m [2methereum_transaction_pool_monitor::eth_client[0m[2m:[0m 📨 Received WebSocket message: {"jsonrpc":"2.0","method":"eth_subscription","params":{"subscription":"0xbed0a0851463e895960a451075a301a9","result":"0xd8f1a7d7ee69110ed932d84af23d55dda4205e4fd6d9f2cad0ed347f0932553d"}}
[2m2025-12-10T10:16:08.032497Z[0m [34mDEBUG[0m [2methereum_transaction_pool_monitor::eth_client[0m[2m:[0m 📨 Received pending transaction: 0xd8f1a7d7ee69110ed932d84af23d55dda4205e4fd6d9f2cad0ed347f0932553d
[2m2025-12-10T10:16:08.034057Z[0m [34mDEBUG[0m [2methereum_transaction_pool_monitor::eth_client[0m[2m:[0m 📨 Received WebSocket message: {"jsonrpc":"2.0","method":"eth_subscription","params":{"subscription":"0xbed0a0851463e895960a451075a301a9","result":"0x56a2d816ed382b198e12be5572a35965de539b656d542691460fc3ac71363526"}}
[2m2025-12-10T10:16:08.034121Z[0m [34mDEBUG[0m [2methereum_transaction_pool_monitor::eth_client[0m[2m:[0m 📨 Received pending transaction: 0x56a2d816ed382b198e12be5572a35965de539b656d542691460fc3ac71363526
[2m2025-12-10T10:16:08.035857Z[0m [34mDEBUG[0m [2methereum_transaction_pool_monitor::eth_client[0m[2m:[0m 📨 Received WebSocket message: {"jsonrpc":"2.0","method":"eth_subscription","params":{"subscription":"0xbed0a0851463e895960a451075a301a9","result":"0xbf4b0ef55944878ff8ec308b2c84869019fb0e51006a1651d2db90b2296f8efc"}}
[2m2025-12-10T10:16:08.035912Z[0m [34mDEBUG[0m [2methereum_transaction_pool_monitor::eth_client[0m[2m:[0m 📨 Received pending transaction: 0xbf4b0ef55944878ff8ec308b2c84869019fb0e51006a1651d2db90b2296f8efc
[2m2025-12-10T10:16:08.035927Z[0m [34mDEBUG[0m [2methereum_transaction_pool_monitor::eth_client[0m[2m:[0m 📨 Received WebSocket message: {"jsonrpc":"2.0","method":"eth_subscription","params":{"subscription":"0xbed0a0851463e895960a451075a301a9","result":"0xa1a4c12555937452470d588b06c33540e2c42deba0bf9f1f3780ddd8b8349f32"}}
[2m2025-12-10T10:16:08.035947Z[0m [34mDEBUG[0m [2methereum_transaction_pool_monitor::eth_client[0m[2m:[0m 📨 Received pending transaction: 0xa1a4c12555937452470d588b06c33540e2c42deba0bf9f1f3780ddd8b8349f32
[2m2025-12-10T10:16:08.112324Z[0m [34mDEBUG[0m [2mhyper::proto::h1::io[0m[2m:[0m parsed 4 headers
[2m2025-12-10T10:16:08.112347Z[0m [34mDEBUG[0m [2mhyper::proto::h1::conn[0m[2m:[0m incoming body is content-length (45 bytes)
[2m2025-12-10T10:16:08.112378Z[0m [34mDEBUG[0m [2mhyper::proto::h1::conn[0m[2m:[0m incoming body completed
[2m2025-12-10T10:16:08.112411Z[0m [34mDEBUG[0m [2mhyper::client::pool[0m[2m:[0m pooling idle connection for ("http", 192.168.0.14:8545)
[2m2025-12-10T10:16:08.112461Z[0m [34mDEBUG[0m [2mhyper::client::pool[0m[2m:[0m reuse idle connection for ("http", 192.168.0.14:8545)
[2m2025-12-10T10:16:08.114877Z[0m [34mDEBUG[0m [2mhyper::proto::h1::io[0m[2m:[0m flushed 172 bytes
[2m2025-12-10T10:16:08.115018Z[0m [34mDEBUG[0m [2mhyper::proto::h1::io[0m[2m:[0m parsed 4 headers
[2m2025-12-10T10:16:08.115026Z[0m [34mDEBUG[0m [2mhyper::proto::h1::conn[0m[2m:[0m incoming body is content-length (765 bytes)
[2m2025-12-10T10:16:08.115029Z[0m [34mDEBUG[0m [2methereum_transaction_pool_monitor::eth_client[0m[2m:[0m 📨 Received WebSocket message: {"jsonrpc":"2.0","method":"eth_subscription","params":{"subscription":"0xbed0a0851463e895960a451075a301a9","result":"0xe38afa2ccbd8ad5ee7d1a78efb3bd458dacb11e3c4de6c41976c9a23125ad8d7"}}
[2m2025-12-10T10:16:08.115033Z[0m [34mDEBUG[0m [2mhyper::proto::h1::conn[0m[2m:[0m incoming body completed
[2m2025-12-10T10:16:08.115048Z[0m [34mDEBUG[0m [2methereum_transaction_pool_monitor::eth_client[0m[2m:[0m 📨 Received pending transaction: 0xe38afa2ccbd8ad5ee7d1a78efb3bd458dacb11e3c4de6c41976c9a23125ad8d7
[2m2025-12-10T10:16:08.115055Z[0m [34mDEBUG[0m [2mhyper::client::pool[0m[2m:[0m pooling idle connection for ("http", 192.168.0.14:8545)
[2m2025-12-10T10:16:08.115064Z[0m [34mDEBUG[0m [2methereum_transaction_pool_monitor::eth_client[0m[2m:[0m 📡 Transaction fetch RPC completed in 633.237125ms
[2m2025-12-10T10:16:08.115091Z[0m [34mDEBUG[0m [2methereum_transaction_pool_monitor::eth_client[0m[2m:[0m DeFi transaction detected - Address: 0xdac17f958d2ee523a2206206994597c13d831ec7, Type: Stablecoin, Value: 0 ETH, Gas: 0.36 Gwei
[2m2025-12-10T10:16:08.115207Z[0m [34mDEBUG[0m [2methereum_transaction_pool_monitor::eth_client[0m[2m:[0m ✅ Transaction 0xd2f477228da57eaa947844689da97d8bdb6dce3c4270e5d630221e096bca5f67 fetched and parsed in 633.381ms
[2m2025-12-10T10:16:08.115217Z[0m [34mDEBUG[0m [2methereum_transaction_pool_monitor::mempool_monitor[0m[2m:[0m 🔍 Skipping tx 0xd2f477228da57eaa947844689da97d8bdb6dce3c4270e5d630221e096bca5f67 - not a DEX interaction (target: 0xdAC17F958D2ee523a2206206994597C13D831ec7)
[2m2025-12-10T10:16:08.115227Z[0m [34mDEBUG[0m [2methereum_transaction_pool_monitor::mempool_monitor[0m[2m:[0m 📨 Processing new pending transaction: 0xd4b2039bc91035837c294f46f5e7bb6079652a1d1093154fc31dd5f505ffb3fc
[2m2025-12-10T10:16:08.115232Z[0m [34mDEBUG[0m [2methereum_transaction_pool_monitor::mempool_monitor[0m[2m:[0m 🔍 Fetching transaction details for: 0xd4b2039bc91035837c294f46f5e7bb6079652a1d1093154fc31dd5f505ffb3fc
[2m2025-12-10T10:16:08.115236Z[0m [34mDEBUG[0m [2methereum_transaction_pool_monitor::eth_client[0m[2m:[0m 🔍 Fetching transaction details for hash: 0xd4b2039bc91035837c294f46f5e7bb6079652a1d1093154fc31dd5f505ffb3fc
[2m2025-12-10T10:16:08.115250Z[0m [34mDEBUG[0m [2mhyper::client::pool[0m[2m:[0m reuse idle connection for ("http", 192.168.0.14:8545)
[2m2025-12-10T10:16:08.115266Z[0m [34mDEBUG[0m [2mhyper::proto::h1::io[0m[2m:[0m flushed 250 bytes
[2m2025-12-10T10:16:08.121378Z[0m [34mDEBUG[0m [2mhyper::proto::h1::io[0m[2m:[0m parsed 4 headers
[2m2025-12-10T10:16:08.122426Z[0m [34mDEBUG[0m [2mhyper::proto::h1::conn[0m[2m:[0m incoming body is content-length (45 bytes)
[2m2025-12-10T10:16:08.122441Z[0m [34mDEBUG[0m [2mhyper::proto::h1::conn[0m[2m:[0m incoming body completed
[2m2025-12-10T10:16:08.122460Z[0m [34mDEBUG[0m [2mhyper::client::pool[0m[2m:[0m pooling idle connection for ("http", 192.168.0.14:8545)
[2m2025-12-10T10:16:08.122497Z[0m [34mDEBUG[0m [2mhyper::client::pool[0m[2m:[0m reuse idle connection for ("http", 192.168.0.14:8545)
[2m2025-12-10T10:16:08.122528Z[0m [34mDEBUG[0m [2mhyper::proto::h1::io[0m[2m:[0m flushed 172 bytes
[2m2025-12-10T10:16:08.123540Z[0m [34mDEBUG[0m [2mhyper::proto::h1::io[0m[2m:[0m parsed 4 headers
[2m2025-12-10T10:16:08.123550Z[0m [34mDEBUG[0m [2mhyper::proto::h1::conn[0m[2m:[0m incoming body is content-length (772 bytes)
[2m2025-12-10T10:16:08.123556Z[0m [34mDEBUG[0m [2mhyper::proto::h1::conn[0m[2m:[0m incoming body completed
[2m2025-12-10T10:16:08.123564Z[0m [34mDEBUG[0m [2mhyper::client::pool[0m[2m:[0m pooling idle connection for ("http", 192.168.0.14:8545)
[2m2025-12-10T10:16:08.123570Z[0m [34mDEBUG[0m [2methereum_transaction_pool_monitor::eth_client[0m[2m:[0m 📡 Transaction fetch RPC completed in 8.329959ms
[2m2025-12-10T10:16:08.123586Z[0m [34mDEBUG[0m [2methereum_transaction_pool_monitor::eth_client[0m[2m:[0m DeFi transaction detected - Address: 0xdac17f958d2ee523a2206206994597c13d831ec7, Type: Stablecoin, Value: 0 ETH, Gas: 0.74 Gwei
[2m2025-12-10T10:16:08.123633Z[0m [34mDEBUG[0m [2methereum_transaction_pool_monitor::eth_client[0m[2m:[0m ✅ Transaction 0xd4b2039bc91035837c294f46f5e7bb6079652a1d1093154fc31dd5f505ffb3fc fetched and parsed in 8.3935ms
[2m2025-12-10T10:16:08.123646Z[0m [34mDEBUG[0m [2methereum_transaction_pool_monitor::mempool_monitor[0m[2m:[0m 🔍 Skipping tx 0xd4b2039bc91035837c294f46f5e7bb6079652a1d1093154fc31dd5f505ffb3fc - not a DEX interaction (target: 0xdAC17F958D2ee523a2206206994597C13D831ec7)
[2m2025-12-10T10:16:08.123656Z[0m [34mDEBUG[0m [2methereum_transaction_pool_monitor::mempool_monitor[0m[2m:[0m 📨 Processing new pending transaction: 0xadbb90defae32cca6c8d0aefed98e3d20c7c43841cdac0f3ba41b5d704e6a007
[2m2025-12-10T10:16:08.123661Z[0m [34mDEBUG[0m [2methereum_transaction_pool_monitor::mempool_monitor[0m[2m:[0m 🔍 Fetching transaction details for: 0xadbb90defae32cca6c8d0aefed98e3d20c7c43841cdac0f3ba41b5d704e6a007
[2m2025-12-10T10:16:08.123665Z[0m [34mDEBUG[0m [2methereum_transaction_pool_monitor::eth_client[0m[2m:[0m 🔍 Fetching transaction details for hash: 0xadbb90defae32cca6c8d0aefed98e3d20c7c43841cdac0f3ba41b5d704e6a007
[2m2025-12-10T10:16:08.123681Z[0m [34mDEBUG[0m [2mhyper::client::pool[0m[2m:[0m reuse idle connection for ("http", 192.168.0.14:8545)
[2m2025-12-10T10:16:08.123706Z[0m [34mDEBUG[0m [2mhyper::proto::h1::io[0m[2m:[0m flushed 250 bytes
[2m2025-12-10T10:16:08.131450Z[0m [34mDEBUG[0m [2mhyper::proto::h1::io[0m[2m:[0m parsed 4 headers
[2m2025-12-10T10:16:08.133829Z[0m [34mDEBUG[0m [2mhyper::proto::h1::conn[0m[2m:[0m incoming body is content-length (45 bytes)
[2m2025-12-10T10:16:08.133873Z[0m [34mDEBUG[0m [2mhyper::proto::h1::conn[0m[2m:[0m incoming body completed
[2m2025-12-10T10:16:08.133894Z[0m [34mDEBUG[0m [2mhyper::client::pool[0m[2m:[0m pooling idle connection for ("http", 192.168.0.14:8545)
[2m2025-12-10T10:16:08.133930Z[0m [34mDEBUG[0m [2mhyper::client::pool[0m[2m:[0m reuse idle connection for ("http", 192.168.0.14:8545)
[2m2025-12-10T10:16:08.133963Z[0m [34mDEBUG[0m [2mhyper::proto::h1::io[0m[2m:[0m parsed 4 headers
[2m2025-12-10T10:16:08.133972Z[0m [34mDEBUG[0m [2mhyper::proto::h1::conn[0m[2m:[0m incoming body is content-length (1791 bytes)
[2m2025-12-10T10:16:08.133973Z[0m [34mDEBUG[0m [2mhyper::proto::h1::io[0m[2m:[0m flushed 172 bytes
[2m2025-12-10T10:16:08.133982Z[0m [34mDEBUG[0m [2mhyper::proto::h1::conn[0m[2m:[0m incoming body completed
[2m2025-12-10T10:16:08.133998Z[0m [34mDEBUG[0m [2mhyper::client::pool[0m[2m:[0m pooling idle connection for ("http", 192.168.0.14:8545)
[2m2025-12-10T10:16:08.134004Z[0m [34mDEBUG[0m [2methereum_transaction_pool_monitor::eth_client[0m[2m:[0m 📡 Transaction fetch RPC completed in 10.333542ms
[2m2025-12-10T10:16:08.139020Z[0m [34mDEBUG[0m [2mhyper::proto::h1::io[0m[2m:[0m parsed 4 headers
[2m2025-12-10T10:16:08.139065Z[0m [34mDEBUG[0m [2mhyper::proto::h1::conn[0m[2m:[0m incoming body is content-length (45 bytes)
[2m2025-12-10T10:16:08.139076Z[0m [34mDEBUG[0m [2mhyper::proto::h1::conn[0m[2m:[0m incoming body completed
[2m2025-12-10T10:16:08.139093Z[0m [34mDEBUG[0m [2mhyper::client::pool[0m[2m:[0m pooling idle connection for ("http", 192.168.0.14:8545)
[2m2025-12-10T10:16:08.139123Z[0m [34mDEBUG[0m [2mhyper::client::pool[0m[2m:[0m reuse idle connection for ("http", 192.168.0.14:8545)
[2m2025-12-10T10:16:08.139156Z[0m [34mDEBUG[0m [2mhyper::proto::h1::io[0m[2m:[0m flushed 172 bytes
[2m2025-12-10T10:16:08.142644Z[0m [34mDEBUG[0m [2mhyper::proto::h1::io[0m[2m:[0m parsed 4 headers
[2m2025-12-10T10:16:08.142661Z[0m [34mDEBUG[0m [2mhyper::proto::h1::conn[0m[2m:[0m incoming body is content-length (45 bytes)
[2m2025-12-10T10:16:08.142671Z[0m [34mDEBUG[0m [2mhyper::proto::h1::conn[0m[2m:[0m incoming body completed
[2m2025-12-10T10:16:08.142683Z[0m [34mDEBUG[0m [2mhyper::client::pool[0m[2m:[0m pooling idle connection for ("http", 192.168.0.14:8545)
[2m2025-12-10T10:16:08.142712Z[0m [34mDEBUG[0m [2mhyper::client::pool[0m[2m:[0m reuse idle connection for ("http", 192.168.0.14:8545)
[2m2025-12-10T10:16:08.142743Z[0m [34mDEBUG[0m [2mhyper::proto::h1::io[0m[2m:[0m flushed 172 bytes
[2m2025-12-10T10:16:08.147034Z[0m [34mDEBUG[0m [2mhyper::proto::h1::io[0m[2m:[0m parsed 4 headers
[2m2025-12-10T10:16:08.147077Z[0m [34mDEBUG[0m [2mhyper::proto::h1::conn[0m[2m:[0m incoming body is content-length (45 bytes)
[2m2025-12-10T10:16:08.147102Z[0m [34mDEBUG[0m [2mhyper::proto::h1::conn[0m[2m:[0m incoming body completed
[2m2025-12-10T10:16:08.147130Z[0m [34mDEBUG[0m [2mhyper::client::pool[0m[2m:[0m pooling idle connection for ("http", 192.168.0.14:8545)
[2m2025-12-10T10:16:08.147188Z[0m [34mDEBUG[0m [2mhyper::client::pool[0m[2m:[0m reuse idle connection for ("http", 192.168.0.14:8545)
[2m2025-12-10T10:16:08.147237Z[0m [34mDEBUG[0m [2mhyper::proto::h1::io[0m[2m:[0m flushed 172 bytes
[2m2025-12-10T10:16:08.152017Z[0m [34mDEBUG[0m [2mhyper::proto::h1::io[0m[2m:[0m parsed 4 headers
[2m2025-12-10T10:16:08.152057Z[0m [34mDEBUG[0m [2mhyper::proto::h1::conn[0m[2m:[0m incoming body is content-length (45 bytes)
[2m2025-12-10T10:16:08.152077Z[0m [34mDEBUG[0m [2mhyper::proto::h1::conn[0m[2m:[0m incoming body completed
[2m2025-12-10T10:16:08.152113Z[0m [34mDEBUG[0m [2mhyper::client::pool[0m[2m:[0m pooling idle connection for ("http", 192.168.0.14:8545)
[2m2025-12-10T10:16:08.152170Z[0m [34mDEBUG[0m [2mhyper::client::pool[0m[2m:[0m reuse idle connection for ("http", 192.168.0.14:8545)
[2m2025-12-10T10:16:08.152234Z[0m [34mDEBUG[0m [2mhyper::proto::h1::io[0m[2m:[0m flushed 172 bytes
[2m2025-12-10T10:16:08.157653Z[0m [34mDEBUG[0m [2mhyper::proto::h1::io[0m[2m:[0m parsed 4 headers
[2m2025-12-10T10:16:08.157709Z[0m [34mDEBUG[0m [2mhyper::proto::h1::conn[0m[2m:[0m incoming body is content-length (45 bytes)
[2m2025-12-10T10:16:08.157756Z[0m [34mDEBUG[0m [2mhyper::proto::h1::conn[0m[2m:[0m incoming body completed
[2m2025-12-10T10:16:08.157787Z[0m [34mDEBUG[0m [2mhyper::client::pool[0m[2m:[0m pooling idle connection for ("http", 192.168.0.14:8545)
[2m2025-12-10T10:16:08.157854Z[0m [34mDEBUG[0m [2mhyper::client::pool[0m[2m:[0m reuse idle connection for ("http", 192.168.0.14:8545)
[2m2025-12-10T10:16:08.157944Z[0m [34mDEBUG[0m [2mhyper::proto::h1::io[0m[2m:[0m flushed 172 bytes
[2m2025-12-10T10:16:08.162161Z[0m [34mDEBUG[0m [2mhyper::proto::h1::io[0m[2m:[0m parsed 4 headers
[2m2025-12-10T10:16:08.162225Z[0m [34mDEBUG[0m [2mhyper::proto::h1::conn[0m[2m:[0m incoming body is content-length (45 bytes)
[2m2025-12-10T10:16:08.162247Z[0m [34mDEBUG[0m [2mhyper::proto::h1::conn[0m[2m:[0m incoming body completed
[2m2025-12-10T10:16:08.162276Z[0m [34mDEBUG[0m [2mhyper::client::pool[0m[2m:[0m pooling idle connection for ("http", 192.168.0.14:8545)
[2m2025-12-10T10:16:08.162343Z[0m [34mDEBUG[0m [2mhyper::client::pool[0m[2m:[0m reuse idle connection for ("http", 192.168.0.14:8545)
[2m2025-12-10T10:16:08.162406Z[0m [34mDEBUG[0m [2mhyper::proto::h1::io[0m[2m:[0m flushed 172 bytes
[2m2025-12-10T10:16:08.166856Z[0m [34mDEBUG[0m [2mhyper::proto::h1::io[0m[2m:[0m parsed 4 headers
[2m2025-12-10T10:16:08.166919Z[0m [34mDEBUG[0m [2mhyper::proto::h1::conn[0m[2m:[0m incoming body is content-length (45 bytes)
[2m2025-12-10T10:16:08.166941Z[0m [34mDEBUG[0m [2mhyper::proto::h1::conn[0m[2m:[0m incoming body completed
[2m2025-12-10T10:16:08.166983Z[0m [34mDEBUG[0m [2mhyper::client::pool[0m[2m:[0m pooling idle connection for ("http", 192.168.0.14:8545)
[2m2025-12-10T10:16:08.167025Z[0m [34mDEBUG[0m [2mhyper::client::pool[0m[2m:[0m reuse idle connection for ("http", 192.168.0.14:8545)
[2m2025-12-10T10:16:08.167063Z[0m [34mDEBUG[0m [2mhyper::proto::h1::io[0m[2m:[0m flushed 172 bytes
[2m2025-12-10T10:16:08.222237Z[0m [34mDEBUG[0m [2methereum_transaction_pool_monitor::eth_client[0m[2m:[0m ✅ Transaction 0xadbb90defae32cca6c8d0aefed98e3d20c7c43841cdac0f3ba41b5d704e6a007 fetched and parsed in 98.563709ms
[2m2025-12-10T10:16:08.222268Z[0m [34mDEBUG[0m [2methereum_transaction_pool_monitor::mempool_monitor[0m[2m:[0m 🔍 Skipping tx 0xadbb90defae32cca6c8d0aefed98e3d20c7c43841cdac0f3ba41b5d704e6a007 - not a DEX interaction (target: 0xe8070a4FE798C0569e20729573DDec558e91a68a)
[2m2025-12-10T10:16:08.222278Z[0m [34mDEBUG[0m [2methereum_transaction_pool_monitor::mempool_monitor[0m[2m:[0m 📨 Processing new pending transaction: 0xe345edddb97ee90a883030d282b6b1901145f4485e92eca5c916c7fa3b2ffdd5
[2m2025-12-10T10:16:08.222283Z[0m [34mDEBUG[0m [2methereum_transaction_pool_monitor::mempool_monitor[0m[2m:[0m 🔍 Fetching transaction details for: 0xe345edddb97ee90a883030d282b6b1901145f4485e92eca5c916c7fa3b2ffdd5
[2m2025-12-10T10:16:08.222287Z[0m [34mDEBUG[0m [2methereum_transaction_pool_monitor::eth_client[0m[2m:[0m 🔍 Fetching transaction details for hash: 0xe345edddb97ee90a883030d282b6b1901145f4485e92eca5c916c7fa3b2ffdd5
[2m2025-12-10T10:16:08.222309Z[0m [34mDEBUG[0m [2mhyper::client::pool[0m[2m:[0m reuse idle connection for ("http", 192.168.0.14:8545)
[2m2025-12-10T10:16:08.222367Z[0m [34mDEBUG[0m [2mhyper::proto::h1::io[0m[2m:[0m flushed 250 bytes
[2m2025-12-10T10:16:08.380527Z[0m [34mDEBUG[0m [2methereum_transaction_pool_monitor::eth_client[0m[2m:[0m 📨 Received WebSocket message: {"jsonrpc":"2.0","method":"eth_subscription","params":{"subscription":"0xbed0a0851463e895960a451075a301a9","result":"0x12f22a310ca8414614d0fe87dfce65c44f248cdd3ea9f0f4f4192689755ecaf8"}}
[2m2025-12-10T10:16:08.382660Z[0m [34mDEBUG[0m [2methereum_transaction_pool_monitor::eth_client[0m[2m:[0m 📨 Received pending transaction: 0x12f22a310ca8414614d0fe87dfce65c44f248cdd3ea9f0f4f4192689755ecaf8
[2m2025-12-10T10:16:08.781301Z[0m [34mDEBUG[0m [2mhyper::proto::h1::io[0m[2m:[0m parsed 4 headers
[2m2025-12-10T10:16:08.781390Z[0m [34mDEBUG[0m [2mhyper::proto::h1::conn[0m[2m:[0m incoming body is content-length (45 bytes)
[2m2025-12-10T10:16:08.781486Z[0m [34mDEBUG[0m [2mhyper::proto::h1::conn[0m[2m:[0m incoming body completed
[2m2025-12-10T10:16:08.781587Z[0m [34mDEBUG[0m [2mhyper::client::pool[0m[2m:[0m pooling idle connection for ("http", 192.168.0.14:8545)
[2m2025-12-10T10:16:08.781751Z[0m [34mDEBUG[0m [2mhyper::client::pool[0m[2m:[0m reuse idle connection for ("http", 192.168.0.14:8545)
[2m2025-12-10T10:16:08.781871Z[0m [34mDEBUG[0m [2mhyper::proto::h1::io[0m[2m:[0m flushed 172 bytes
[2m2025-12-10T10:16:08.786160Z[0m [34mDEBUG[0m [2methereum_transaction_pool_monitor::eth_client[0m[2m:[0m 📨 Received WebSocket message: {"jsonrpc":"2.0","method":"eth_subscription","params":{"subscription":"0xbed0a0851463e895960a451075a301a9","result":"0x27ac837ed65dc37908de90afd35e9c9477d40e51be1a592cc24c54252f436c3a"}}
[2m2025-12-10T10:16:08.786202Z[0m [34mDEBUG[0m [2methereum_transaction_pool_monitor::eth_client[0m[2m:[0m 📨 Received pending transaction: 0x27ac837ed65dc37908de90afd35e9c9477d40e51be1a592cc24c54252f436c3a
[2m2025-12-10T10:16:09.080524Z[0m [34mDEBUG[0m [2mhyper::proto::h1::io[0m[2m:[0m parsed 4 headers
[2m2025-12-10T10:16:09.080542Z[0m [34mDEBUG[0m [2mhyper::proto::h1::conn[0m[2m:[0m incoming body is content-length (679 bytes)
[2m2025-12-10T10:16:09.080921Z[0m [34mDEBUG[0m [2mhyper::proto::h1::conn[0m[2m:[0m incoming body completed
[2m2025-12-10T10:16:09.082084Z[0m [34mDEBUG[0m [2mhyper::client::pool[0m[2m:[0m pooling idle connection for ("http", 192.168.0.14:8545)
[2m2025-12-10T10:16:09.082145Z[0m [34mDEBUG[0m [2methereum_transaction_pool_monitor::eth_client[0m[2m:[0m 📡 Transaction fetch RPC completed in 859.844875ms
[2m2025-12-10T10:16:09.219074Z[0m [34mDEBUG[0m [2methereum_transaction_pool_monitor::eth_client[0m[2m:[0m ✅ Transaction 0xe345edddb97ee90a883030d282b6b1901145f4485e92eca5c916c7fa3b2ffdd5 fetched and parsed in 996.770875ms
[2m2025-12-10T10:16:09.219113Z[0m [34mDEBUG[0m [2methereum_transaction_pool_monitor::mempool_monitor[0m[2m:[0m 🔍 Skipping tx 0xe345edddb97ee90a883030d282b6b1901145f4485e92eca5c916c7fa3b2ffdd5 - not a DEX interaction (target: 0xA0b86991c6218b36c1d19D4a2e9Eb0cE3606eB48)
[2m2025-12-10T10:16:09.219131Z[0m [34mDEBUG[0m [2methereum_transaction_pool_monitor::mempool_monitor[0m[2m:[0m 📨 Processing new pending transaction: 0xcb2a5b426bace583e2ead88bb0622be6e110e69ead35ed06b5302b5aa0f7ea67
[2m2025-12-10T10:16:09.219137Z[0m [34mDEBUG[0m [2methereum_transaction_pool_monitor::mempool_monitor[0m[2m:[0m 🔍 Fetching transaction details for: 0xcb2a5b426bace583e2ead88bb0622be6e110e69ead35ed06b5302b5aa0f7ea67
[2m2025-12-10T10:16:09.219141Z[0m [34mDEBUG[0m [2methereum_transaction_pool_monitor::eth_client[0m[2m:[0m 🔍 Fetching transaction details for hash: 0xcb2a5b426bace583e2ead88bb0622be6e110e69ead35ed06b5302b5aa0f7ea67
[2m2025-12-10T10:16:09.219167Z[0m [34mDEBUG[0m [2mhyper::client::pool[0m[2m:[0m reuse idle connection for ("http", 192.168.0.14:8545)
[2m2025-12-10T10:16:09.219214Z[0m [34mDEBUG[0m [2mhyper::proto::h1::io[0m[2m:[0m flushed 250 bytes
[2m2025-12-10T10:16:09.219237Z[0m [34mDEBUG[0m [2mhyper::proto::h1::io[0m[2m:[0m parsed 4 headers
[2m2025-12-10T10:16:09.219242Z[0m [34mDEBUG[0m [2mhyper::proto::h1::conn[0m[2m:[0m incoming body is content-length (45 bytes)
[2m2025-12-10T10:16:09.219250Z[0m [34mDEBUG[0m [2mhyper::proto::h1::conn[0m[2m:[0m incoming body completed
[2m2025-12-10T10:16:09.219259Z[0m [34mDEBUG[0m [2mhyper::client::pool[0m[2m:[0m pooling idle connection for ("http", 192.168.0.14:8545)
[2m2025-12-10T10:16:09.219276Z[0m [34mDEBUG[0m [2mhyper::client::pool[0m[2m:[0m reuse idle connection for ("http", 192.168.0.14:8545)
[2m2025-12-10T10:16:09.219277Z[0m [34mDEBUG[0m [2methereum_transaction_pool_monitor::eth_client[0m[2m:[0m 📨 Received WebSocket message: {"jsonrpc":"2.0","method":"eth_subscription","params":{"subscription":"0xbed0a0851463e895960a451075a301a9","result":"0x78579a4458b2e2a34251d4550d3847c2cc16e73922baff3cadfbc33555c16039"}}
[2m2025-12-10T10:16:09.219295Z[0m [34mDEBUG[0m [2mhyper::proto::h1::io[0m[2m:[0m flushed 172 bytes
[2m2025-12-10T10:16:09.219328Z[0m [34mDEBUG[0m [2methereum_transaction_pool_monitor::eth_client[0m[2m:[0m 📨 Received pending transaction: 0x78579a4458b2e2a34251d4550d3847c2cc16e73922baff3cadfbc33555c16039
[2m2025-12-10T10:16:09.219345Z[0m [34mDEBUG[0m [2methereum_transaction_pool_monitor::eth_client[0m[2m:[0m 📨 Received WebSocket message: {"jsonrpc":"2.0","method":"eth_subscription","params":{"subscription":"0xbed0a0851463e895960a451075a301a9","result":"0x520866750c8ace7098cfd022d3bfcf7405149297fa86273282777ed930e2b0cf"}}
[2m2025-12-10T10:16:09.219360Z[0m [34mDEBUG[0m [2methereum_transaction_pool_monitor::eth_client[0m[2m:[0m 📨 Received pending transaction: 0x520866750c8ace7098cfd022d3bfcf7405149297fa86273282777ed930e2b0cf
[2m2025-12-10T10:16:09.219372Z[0m [34mDEBUG[0m [2methereum_transaction_pool_monitor::eth_client[0m[2m:[0m 📨 Received WebSocket message: {"jsonrpc":"2.0","method":"eth_subscription","params":{"subscription":"0xbed0a0851463e895960a451075a301a9","result":"0xfef05057cfdd2059b8dc53dcd91403c7188b0414f36780408fb7d0bd0115cccd"}}
[2m2025-12-10T10:16:09.219385Z[0m [34mDEBUG[0m [2methereum_transaction_pool_monitor::eth_client[0m[2m:[0m 📨 Received pending transaction: 0xfef05057cfdd2059b8dc53dcd91403c7188b0414f36780408fb7d0bd0115cccd
[2m2025-12-10T10:16:09.224049Z[0m [34mDEBUG[0m [2mhyper::proto::h1::io[0m[2m:[0m parsed 4 headers
[2m2025-12-10T10:16:09.224087Z[0m [34mDEBUG[0m [2mhyper::proto::h1::conn[0m[2m:[0m incoming body is content-length (45 bytes)
[2m2025-12-10T10:16:09.224098Z[0m [34mDEBUG[0m [2mhyper::proto::h1::conn[0m[2m:[0m incoming body completed
[2m2025-12-10T10:16:09.224113Z[0m [34mDEBUG[0m [2mhyper::client::pool[0m[2m:[0m pooling idle connection for ("http", 192.168.0.14:8545)
[2m2025-12-10T10:16:09.224148Z[0m [34mDEBUG[0m [2mhyper::client::pool[0m[2m:[0m reuse idle connection for ("http", 192.168.0.14:8545)
[2m2025-12-10T10:16:09.224192Z[0m [34mDEBUG[0m [2mhyper::proto::h1::io[0m[2m:[0m flushed 172 bytes
[2m2025-12-10T10:16:09.224190Z[0m [34mDEBUG[0m [2mhyper::proto::h1::io[0m[2m:[0m parsed 4 headers
[2m2025-12-10T10:16:09.224237Z[0m [34mDEBUG[0m [2mhyper::proto::h1::conn[0m[2m:[0m incoming body is content-length (772 bytes)
[2m2025-12-10T10:16:09.224254Z[0m [34mDEBUG[0m [2mhyper::proto::h1::conn[0m[2m:[0m incoming body completed
[2m2025-12-10T10:16:09.224277Z[0m [34mDEBUG[0m [2mhyper::client::pool[0m[2m:[0m pooling idle connection for ("http", 192.168.0.14:8545)
[2m2025-12-10T10:16:09.224286Z[0m [34mDEBUG[0m [2methereum_transaction_pool_monitor::eth_client[0m[2m:[0m 📡 Transaction fetch RPC completed in 5.139958ms
[2m2025-12-10T10:16:09.224302Z[0m [34mDEBUG[0m [2methereum_transaction_pool_monitor::eth_client[0m[2m:[0m DeFi transaction detected - Address: 0xdac17f958d2ee523a2206206994597c13d831ec7, Type: Stablecoin, Value: 0 ETH, Gas: 50.00 Gwei
[2m2025-12-10T10:16:09.224315Z[0m [34mDEBUG[0m [2methereum_transaction_pool_monitor::eth_client[0m[2m:[0m ✅ Transaction 0xcb2a5b426bace583e2ead88bb0622be6e110e69ead35ed06b5302b5aa0f7ea67 fetched and parsed in 5.168958ms
[2m2025-12-10T10:16:09.224326Z[0m [34mDEBUG[0m [2methereum_transaction_pool_monitor::mempool_monitor[0m[2m:[0m 🔍 Skipping tx 0xcb2a5b426bace583e2ead88bb0622be6e110e69ead35ed06b5302b5aa0f7ea67 - not a DEX interaction (target: 0xdAC17F958D2ee523a2206206994597C13D831ec7)
[2m2025-12-10T10:16:09.224335Z[0m [34mDEBUG[0m [2methereum_transaction_pool_monitor::mempool_monitor[0m[2m:[0m 📨 Processing new pending transaction: 0xe42aa5efa59599ded6b71337d33f9b39a04cd6785dec42cd9e03487ed2a325ea
[2m2025-12-10T10:16:09.224339Z[0m [34mDEBUG[0m [2methereum_transaction_pool_monitor::mempool_monitor[0m[2m:[0m 🔍 Fetching transaction details for: 0xe42aa5efa59599ded6b71337d33f9b39a04cd6785dec42cd9e03487ed2a325ea
[2m2025-12-10T10:16:09.224343Z[0m [34mDEBUG[0m [2methereum_transaction_pool_monitor::eth_client[0m[2m:[0m 🔍 Fetching transaction details for hash: 0xe42aa5efa59599ded6b71337d33f9b39a04cd6785dec42cd9e03487ed2a325ea
[2m2025-12-10T10:16:09.224354Z[0m [34mDEBUG[0m [2mhyper::client::pool[0m[2m:[0m reuse idle connection for ("http", 192.168.0.14:8545)
[2m2025-12-10T10:16:09.224375Z[0m [34mDEBUG[0m [2mhyper::proto::h1::io[0m[2m:[0m flushed 250 bytes
[2m2025-12-10T10:16:09.228326Z[0m [34mDEBUG[0m [2mhyper::proto::h1::io[0m[2m:[0m parsed 4 headers
[2m2025-12-10T10:16:09.228349Z[0m [34mDEBUG[0m [2mhyper::proto::h1::conn[0m[2m:[0m incoming body is content-length (45 bytes)
[2m2025-12-10T10:16:09.228359Z[0m [34mDEBUG[0m [2mhyper::proto::h1::conn[0m[2m:[0m incoming body completed
[2m2025-12-10T10:16:09.228370Z[0m [34mDEBUG[0m [2mhyper::client::pool[0m[2m:[0m pooling idle connection for ("http", 192.168.0.14:8545)
[2m2025-12-10T10:16:09.228399Z[0m [34mDEBUG[0m [2mhyper::client::pool[0m[2m:[0m reuse idle connection for ("http", 192.168.0.14:8545)
[2m2025-12-10T10:16:09.228441Z[0m [34mDEBUG[0m [2mhyper::proto::h1::io[0m[2m:[0m flushed 172 bytes
[2m2025-12-10T10:16:09.229572Z[0m [34mDEBUG[0m [2mhyper::proto::h1::io[0m[2m:[0m parsed 4 headers
[2m2025-12-10T10:16:09.229581Z[0m [34mDEBUG[0m [2mhyper::proto::h1::conn[0m[2m:[0m incoming body is content-length (654 bytes)
[2m2025-12-10T10:16:09.229587Z[0m [34mDEBUG[0m [2mhyper::proto::h1::conn[0m[2m:[0m incoming body completed
[2m2025-12-10T10:16:09.229596Z[0m [34mDEBUG[0m [2mhyper::client::pool[0m[2m:[0m pooling idle connection for ("http", 192.168.0.14:8545)
[2m2025-12-10T10:16:09.229602Z[0m [34mDEBUG[0m [2methereum_transaction_pool_monitor::eth_client[0m[2m:[0m 📡 Transaction fetch RPC completed in 5.255209ms
[2m2025-12-10T10:16:09.311959Z[0m [34mDEBUG[0m [2methereum_transaction_pool_monitor::eth_client[0m[2m:[0m ✅ Transaction 0xe42aa5efa59599ded6b71337d33f9b39a04cd6785dec42cd9e03487ed2a325ea fetched and parsed in 87.608ms
[2m2025-12-10T10:16:09.311994Z[0m [34mDEBUG[0m [2methereum_transaction_pool_monitor::mempool_monitor[0m[2m:[0m 🔍 Skipping tx 0xe42aa5efa59599ded6b71337d33f9b39a04cd6785dec42cd9e03487ed2a325ea - not a DEX interaction (target: 0xDCbd08F4494289aAA86ec06f147FdA37C25D4316)
[2m2025-12-10T10:16:09.312008Z[0m [34mDEBUG[0m [2methereum_transaction_pool_monitor::mempool_monitor[0m[2m:[0m 📨 Processing new pending transaction: 0x561709b295e6d75272402c271438f4c10b4bbd1293e1bcce6101eac06f0d1eee
[2m2025-12-10T10:16:09.312013Z[0m [34mDEBUG[0m [2methereum_transaction_pool_monitor::mempool_monitor[0m[2m:[0m 🔍 Fetching transaction details for: 0x561709b295e6d75272402c271438f4c10b4bbd1293e1bcce6101eac06f0d1eee
[2m2025-12-10T10:16:09.312018Z[0m [34mDEBUG[0m [2methereum_transaction_pool_monitor::eth_client[0m[2m:[0m 🔍 Fetching transaction details for hash: 0x561709b295e6d75272402c271438f4c10b4bbd1293e1bcce6101eac06f0d1eee
[2m2025-12-10T10:16:09.312041Z[0m [34mDEBUG[0m [2mhyper::client::pool[0m[2m:[0m reuse idle connection for ("http", 192.168.0.14:8545)
[2m2025-12-10T10:16:09.312097Z[0m [34mDEBUG[0m [2mhyper::proto::h1::io[0m[2m:[0m flushed 250 bytes
[2m2025-12-10T10:16:09.312120Z[0m [34mDEBUG[0m [2mhyper::proto::h1::io[0m[2m:[0m parsed 4 headers
[2m2025-12-10T10:16:09.312126Z[0m [34mDEBUG[0m [2mhyper::proto::h1::conn[0m[2m:[0m incoming body is content-length (45 bytes)
[2m2025-12-10T10:16:09.312134Z[0m [34mDEBUG[0m [2mhyper::proto::h1::conn[0m[2m:[0m incoming body completed
[2m2025-12-10T10:16:09.312142Z[0m [34mDEBUG[0m [2mhyper::client::pool[0m[2m:[0m pooling idle connection for ("http", 192.168.0.14:8545)
[2m2025-12-10T10:16:09.312161Z[0m [34mDEBUG[0m [2mhyper::client::pool[0m[2m:[0m reuse idle connection for ("http", 192.168.0.14:8545)
[2m2025-12-10T10:16:09.312181Z[0m [34mDEBUG[0m [2mhyper::proto::h1::io[0m[2m:[0m flushed 172 bytes
[2m2025-12-10T10:16:09.317915Z[0m [34mDEBUG[0m [2mhyper::proto::h1::io[0m[2m:[0m parsed 4 headers
[2m2025-12-10T10:16:09.317934Z[0m [34mDEBUG[0m [2mhyper::proto::h1::conn[0m[2m:[0m incoming body is content-length (646 bytes)
[2m2025-12-10T10:16:09.317943Z[0m [34mDEBUG[0m [2mhyper::proto::h1::conn[0m[2m:[0m incoming body completed
[2m2025-12-10T10:16:09.317956Z[0m [34mDEBUG[0m [2mhyper::client::pool[0m[2m:[0m pooling idle connection for ("http", 192.168.0.14:8545)
[2m2025-12-10T10:16:09.317965Z[0m [34mDEBUG[0m [2methereum_transaction_pool_monitor::eth_client[0m[2m:[0m 📡 Transaction fetch RPC completed in 5.942125ms
[2m2025-12-10T10:16:09.465596Z[0m [34mDEBUG[0m [2methereum_transaction_pool_monitor::eth_client[0m[2m:[0m ✅ Transaction 0x561709b295e6d75272402c271438f4c10b4bbd1293e1bcce6101eac06f0d1eee fetched and parsed in 153.569333ms
[2m2025-12-10T10:16:09.465623Z[0m [34mDEBUG[0m [2methereum_transaction_pool_monitor::mempool_monitor[0m[2m:[0m 🔍 Skipping tx 0x561709b295e6d75272402c271438f4c10b4bbd1293e1bcce6101eac06f0d1eee - not a DEX interaction (target: 0x97B972d1b10a3608D71Ef38Ab367B4D9BB89fe79)
[2m2025-12-10T10:16:09.465634Z[0m [34mDEBUG[0m [2methereum_transaction_pool_monitor::mempool_monitor[0m[2m:[0m 📨 Processing new pending transaction: 0xe85dbd983a0efdcc512c2873f6f99de6132023279464015b2dd502391a1fc2ca
[2m2025-12-10T10:16:09.465639Z[0m [34mDEBUG[0m [2methereum_transaction_pool_monitor::mempool_monitor[0m[2m:[0m 🔍 Fetching transaction details for: 0xe85dbd983a0efdcc512c2873f6f99de6132023279464015b2dd502391a1fc2ca
[2m2025-12-10T10:16:09.465643Z[0m [34mDEBUG[0m [2methereum_transaction_pool_monitor::eth_client[0m[2m:[0m 🔍 Fetching transaction details for hash: 0xe85dbd983a0efdcc512c2873f6f99de6132023279464015b2dd502391a1fc2ca
[2m2025-12-10T10:16:09.465665Z[0m [34mDEBUG[0m [2mhyper::client::pool[0m[2m:[0m reuse idle connection for ("http", 192.168.0.14:8545)
[2m2025-12-10T10:16:09.465713Z[0m [34mDEBUG[0m [2mhyper::proto::h1::io[0m[2m:[0m flushed 250 bytes
[2m2025-12-10T10:16:09.465736Z[0m [34mDEBUG[0m [2methereum_transaction_pool_monitor::eth_client[0m[2m:[0m 📨 Received WebSocket message: {"jsonrpc":"2.0","method":"eth_subscription","params":{"subscription":"0xbed0a0851463e895960a451075a301a9","result":"0xa90043a6aa3afc7716d76fba6e8486335bca51454485f265d9149afdddd8add1"}}
[2m2025-12-10T10:16:09.465744Z[0m [34mDEBUG[0m [2methereum_transaction_pool_monitor::eth_client[0m[2m:[0m 📨 Received pending transaction: 0xa90043a6aa3afc7716d76fba6e8486335bca51454485f265d9149afdddd8add1
[2m2025-12-10T10:16:09.465750Z[0m [34mDEBUG[0m [2methereum_transaction_pool_monitor::eth_client[0m[2m:[0m 📨 Received WebSocket message: {"jsonrpc":"2.0","method":"eth_subscription","params":{"subscription":"0xbed0a0851463e895960a451075a301a9","result":"0x4f98b6e16871b43825296e8d0f33bef866f9da89d4f962eef3f3a8d11c729226"}}
[2m2025-12-10T10:16:09.465755Z[0m [34mDEBUG[0m [2methereum_transaction_pool_monitor::eth_client[0m[2m:[0m 📨 Received pending transaction: 0x4f98b6e16871b43825296e8d0f33bef866f9da89d4f962eef3f3a8d11c729226
[2m2025-12-10T10:16:09.465760Z[0m [34mDEBUG[0m [2methereum_transaction_pool_monitor::eth_client[0m[2m:[0m 📨 Received WebSocket message: {"jsonrpc":"2.0","method":"eth_subscription","params":{"subscription":"0xbed0a0851463e895960a451075a301a9","result":"0x715e0dfe80da5cf6edc42d5dbce8d42ba722dfd2d8b6aac7b546ea61912fab3b"}}
[2m2025-12-10T10:16:09.465765Z[0m [34mDEBUG[0m [2methereum_transaction_pool_monitor::eth_client[0m[2m:[0m 📨 Received pending transaction: 0x715e0dfe80da5cf6edc42d5dbce8d42ba722dfd2d8b6aac7b546ea61912fab3b
[2m2025-12-10T10:16:09.465769Z[0m [34mDEBUG[0m [2methereum_transaction_pool_monitor::eth_client[0m[2m:[0m 📨 Received WebSocket message: {"jsonrpc":"2.0","method":"eth_subscription","params":{"subscription":"0xbed0a0851463e895960a451075a301a9","result":"0xecef9c85605ddb310bbf57c25355cd6ec7002cfca39e7429ac836927b63ff729"}}
[2m2025-12-10T10:16:09.465774Z[0m [34mDEBUG[0m [2methereum_transaction_pool_monitor::eth_client[0m[2m:[0m 📨 Received pending transaction: 0xecef9c85605ddb310bbf57c25355cd6ec7002cfca39e7429ac836927b63ff729
[2m2025-12-10T10:16:09.465774Z[0m [34mDEBUG[0m [2mhyper::proto::h1::io[0m[2m:[0m parsed 4 headers
[2m2025-12-10T10:16:09.465811Z[0m [34mDEBUG[0m [2mhyper::proto::h1::conn[0m[2m:[0m incoming body is content-length (45 bytes)
[2m2025-12-10T10:16:09.465829Z[0m [34mDEBUG[0m [2mhyper::proto::h1::conn[0m[2m:[0m incoming body completed
[2m2025-12-10T10:16:09.465849Z[0m [34mDEBUG[0m [2mhyper::client::pool[0m[2m:[0m pooling idle connection for ("http", 192.168.0.14:8545)
[2m2025-12-10T10:16:09.465888Z[0m [34mDEBUG[0m [2mhyper::client::pool[0m[2m:[0m reuse idle connection for ("http", 192.168.0.14:8545)
[2m2025-12-10T10:16:09.465955Z[0m [34mDEBUG[0m [2mhyper::proto::h1::io[0m[2m:[0m flushed 172 bytes
[2m2025-12-10T10:16:09.469845Z[0m [34mDEBUG[0m [2mhyper::proto::h1::io[0m[2m:[0m parsed 4 headers
[2m2025-12-10T10:16:09.474942Z[0m [34mDEBUG[0m [2mhyper::proto::h1::conn[0m[2m:[0m incoming body is content-length (773 bytes)
[2m2025-12-10T10:16:09.474961Z[0m [34mDEBUG[0m [2mhyper::proto::h1::conn[0m[2m:[0m incoming body completed
[2m2025-12-10T10:16:09.474978Z[0m [34mDEBUG[0m [2mhyper::client::pool[0m[2m:[0m pooling idle connection for ("http", 192.168.0.14:8545)
[2m2025-12-10T10:16:09.475185Z[0m [34mDEBUG[0m [2methereum_transaction_pool_monitor::eth_client[0m[2m:[0m 📡 Transaction fetch RPC completed in 9.536542ms
[2m2025-12-10T10:16:09.570886Z[0m [34mDEBUG[0m [2methereum_transaction_pool_monitor::eth_client[0m[2m:[0m ✅ Transaction 0xe85dbd983a0efdcc512c2873f6f99de6132023279464015b2dd502391a1fc2ca fetched and parsed in 105.234459ms
[2m2025-12-10T10:16:09.570924Z[0m [34mDEBUG[0m [2methereum_transaction_pool_monitor::mempool_monitor[0m[2m:[0m 🔍 Skipping tx 0xe85dbd983a0efdcc512c2873f6f99de6132023279464015b2dd502391a1fc2ca - not a DEX interaction (target: 0xBa3335588D9403515223F109EdC4eB7269a9Ab5D)
[2m2025-12-10T10:16:09.570935Z[0m [34mDEBUG[0m [2methereum_transaction_pool_monitor::mempool_monitor[0m[2m:[0m 📨 Processing new pending transaction: 0xbb200004efe3f61db666838776935898b3948fbc029f6040aa57fed00c9ef175
[2m2025-12-10T10:16:09.570940Z[0m [34mDEBUG[0m [2methereum_transaction_pool_monitor::mempool_monitor[0m[2m:[0m 🔍 Fetching transaction details for: 0xbb200004efe3f61db666838776935898b3948fbc029f6040aa57fed00c9ef175
[2m2025-12-10T10:16:09.570944Z[0m [34mDEBUG[0m [2methereum_transaction_pool_monitor::eth_client[0m[2m:[0m 🔍 Fetching transaction details for hash: 0xbb200004efe3f61db666838776935898b3948fbc029f6040aa57fed00c9ef175
[2m2025-12-10T10:16:09.570967Z[0m [34mDEBUG[0m [2mhyper::client::pool[0m[2m:[0m reuse idle connection for ("http", 192.168.0.14:8545)
[2m2025-12-10T10:16:09.571027Z[0m [34mDEBUG[0m [2mhyper::proto::h1::io[0m[2m:[0m flushed 250 bytes
[2m2025-12-10T10:16:09.571047Z[0m [34mDEBUG[0m [2mhyper::proto::h1::io[0m[2m:[0m parsed 4 headers
[2m2025-12-10T10:16:09.571052Z[0m [34mDEBUG[0m [2mhyper::proto::h1::conn[0m[2m:[0m incoming body is content-length (45 bytes)
[2m2025-12-10T10:16:09.571061Z[0m [34mDEBUG[0m [2mhyper::proto::h1::conn[0m[2m:[0m incoming body completed
[2m2025-12-10T10:16:09.571070Z[0m [34mDEBUG[0m [2mhyper::client::pool[0m[2m:[0m pooling idle connection for ("http", 192.168.0.14:8545)
[2m2025-12-10T10:16:09.571088Z[0m [34mDEBUG[0m [2mhyper::client::pool[0m[2m:[0m reuse idle connection for ("http", 192.168.0.14:8545)
[2m2025-12-10T10:16:09.571107Z[0m [34mDEBUG[0m [2mhyper::proto::h1::io[0m[2m:[0m flushed 172 bytes
[2m2025-12-10T10:16:09.573848Z[0m [34mDEBUG[0m [2mhyper::proto::h1::io[0m[2m:[0m parsed 4 headers
[2m2025-12-10T10:16:09.573887Z[0m [34mDEBUG[0m [2mhyper::proto::h1::conn[0m[2m:[0m incoming body is content-length (1730 bytes)
[2m2025-12-10T10:16:09.573914Z[0m [34mDEBUG[0m [2methereum_transaction_pool_monitor::eth_client[0m[2m:[0m 📡 Transaction fetch RPC completed in 2.965542ms
[2m2025-12-10T10:16:09.574495Z[0m [34mDEBUG[0m [2mhyper::proto::h1::conn[0m[2m:[0m incoming body completed
[2m2025-12-10T10:16:09.574525Z[0m [34mDEBUG[0m [2mhyper::client::pool[0m[2m:[0m pooling idle connection for ("http", 192.168.0.14:8545)
[2m2025-12-10T10:16:09.575197Z[0m [34mDEBUG[0m [2mhyper::proto::h1::io[0m[2m:[0m parsed 4 headers
[2m2025-12-10T10:16:09.575217Z[0m [34mDEBUG[0m [2mhyper::proto::h1::conn[0m[2m:[0m incoming body is content-length (45 bytes)
[2m2025-12-10T10:16:09.575231Z[0m [34mDEBUG[0m [2mhyper::proto::h1::conn[0m[2m:[0m incoming body completed
[2m2025-12-10T10:16:09.575247Z[0m [34mDEBUG[0m [2mhyper::client::pool[0m[2m:[0m pooling idle connection for ("http", 192.168.0.14:8545)
[2m2025-12-10T10:16:09.575284Z[0m [34mDEBUG[0m [2mhyper::client::pool[0m[2m:[0m reuse idle connection for ("http", 192.168.0.14:8545)
[2m2025-12-10T10:16:09.575331Z[0m [34mDEBUG[0m [2mhyper::proto::h1::io[0m[2m:[0m flushed 172 bytes
[2m2025-12-10T10:16:09.578933Z[0m [34mDEBUG[0m [2mhyper::proto::h1::io[0m[2m:[0m parsed 4 headers
[2m2025-12-10T10:16:09.578965Z[0m [34mDEBUG[0m [2mhyper::proto::h1::conn[0m[2m:[0m incoming body is content-length (45 bytes)
[2m2025-12-10T10:16:09.578979Z[0m [34mDEBUG[0m [2mhyper::proto::h1::conn[0m[2m:[0m incoming body completed
[2m2025-12-10T10:16:09.578997Z[0m [34mDEBUG[0m [2mhyper::client::pool[0m[2m:[0m pooling idle connection for ("http", 192.168.0.14:8545)
[2m2025-12-10T10:16:09.579032Z[0m [34mDEBUG[0m [2mhyper::client::pool[0m[2m:[0m reuse idle connection for ("http", 192.168.0.14:8545)
[2m2025-12-10T10:16:09.579074Z[0m [34mDEBUG[0m [2mhyper::proto::h1::io[0m[2m:[0m flushed 172 bytes
[2m2025-12-10T10:16:09.583929Z[0m [34mDEBUG[0m [2mhyper::proto::h1::io[0m[2m:[0m parsed 4 headers
[2m2025-12-10T10:16:09.583975Z[0m [34mDEBUG[0m [2mhyper::proto::h1::conn[0m[2m:[0m incoming body is content-length (45 bytes)
[2m2025-12-10T10:16:09.583992Z[0m [34mDEBUG[0m [2mhyper::proto::h1::conn[0m[2m:[0m incoming body completed
[2m2025-12-10T10:16:09.584013Z[0m [34mDEBUG[0m [2mhyper::client::pool[0m[2m:[0m pooling idle connection for ("http", 192.168.0.14:8545)
[2m2025-12-10T10:16:09.584055Z[0m [34mDEBUG[0m [2mhyper::client::pool[0m[2m:[0m reuse idle connection for ("http", 192.168.0.14:8545)
[2m2025-12-10T10:16:09.584100Z[0m [34mDEBUG[0m [2mhyper::proto::h1::io[0m[2m:[0m flushed 172 bytes
[2m2025-12-10T10:16:09.599689Z[0m [34mDEBUG[0m [2mhyper::proto::h1::io[0m[2m:[0m parsed 4 headers
[2m2025-12-10T10:16:09.599739Z[0m [34mDEBUG[0m [2mhyper::proto::h1::conn[0m[2m:[0m incoming body is content-length (45 bytes)
[2m2025-12-10T10:16:09.599759Z[0m [34mDEBUG[0m [2mhyper::proto::h1::conn[0m[2m:[0m incoming body completed
[2m2025-12-10T10:16:09.599782Z[0m [34mDEBUG[0m [2mhyper::client::pool[0m[2m:[0m pooling idle connection for ("http", 192.168.0.14:8545)
[2m2025-12-10T10:16:09.599848Z[0m [34mDEBUG[0m [2mhyper::client::pool[0m[2m:[0m reuse idle connection for ("http", 192.168.0.14:8545)
[2m2025-12-10T10:16:09.599908Z[0m [34mDEBUG[0m [2mhyper::proto::h1::io[0m[2m:[0m flushed 172 bytes
[2m2025-12-10T10:16:09.603468Z[0m [34mDEBUG[0m [2mhyper::proto::h1::io[0m[2m:[0m parsed 4 headers
[2m2025-12-10T10:16:09.603518Z[0m [34mDEBUG[0m [2mhyper::proto::h1::conn[0m[2m:[0m incoming body is content-length (45 bytes)
[2m2025-12-10T10:16:09.603536Z[0m [34mDEBUG[0m [2mhyper::proto::h1::conn[0m[2m:[0m incoming body completed
[2m2025-12-10T10:16:09.603559Z[0m [34mDEBUG[0m [2mhyper::client::pool[0m[2m:[0m pooling idle connection for ("http", 192.168.0.14:8545)
[2m2025-12-10T10:16:09.603605Z[0m [34mDEBUG[0m [2mhyper::client::pool[0m[2m:[0m reuse idle connection for ("http", 192.168.0.14:8545)
[2m2025-12-10T10:16:09.603656Z[0m [34mDEBUG[0m [2mhyper::proto::h1::io[0m[2m:[0m flushed 172 bytes
[2m2025-12-10T10:16:09.607112Z[0m [34mDEBUG[0m [2mhyper::proto::h1::io[0m[2m:[0m parsed 4 headers
[2m2025-12-10T10:16:09.607147Z[0m [34mDEBUG[0m [2mhyper::proto::h1::conn[0m[2m:[0m incoming body is content-length (45 bytes)
[2m2025-12-10T10:16:09.607164Z[0m [34mDEBUG[0m [2mhyper::proto::h1::conn[0m[2m:[0m incoming body completed
[2m2025-12-10T10:16:09.607181Z[0m [34mDEBUG[0m [2mhyper::client::pool[0m[2m:[0m pooling idle connection for ("http", 192.168.0.14:8545)
[2m2025-12-10T10:16:09.607219Z[0m [34mDEBUG[0m [2mhyper::client::pool[0m[2m:[0m reuse idle connection for ("http", 192.168.0.14:8545)
[2m2025-12-10T10:16:09.607261Z[0m [34mDEBUG[0m [2mhyper::proto::h1::io[0m[2m:[0m flushed 172 bytes
[2m2025-12-10T10:16:09.617294Z[0m [34mDEBUG[0m [2mhyper::proto::h1::io[0m[2m:[0m parsed 4 headers
[2m2025-12-10T10:16:09.617343Z[0m [34mDEBUG[0m [2mhyper::proto::h1::conn[0m[2m:[0m incoming body is content-length (45 bytes)
[2m2025-12-10T10:16:09.617362Z[0m [34mDEBUG[0m [2mhyper::proto::h1::conn[0m[2m:[0m incoming body completed
[2m2025-12-10T10:16:09.617383Z[0m [34mDEBUG[0m [2mhyper::client::pool[0m[2m:[0m pooling idle connection for ("http", 192.168.0.14:8545)
[2m2025-12-10T10:16:09.617428Z[0m [34mDEBUG[0m [2mhyper::client::pool[0m[2m:[0m reuse idle connection for ("http", 192.168.0.14:8545)
[2m2025-12-10T10:16:09.617485Z[0m [34mDEBUG[0m [2mhyper::proto::h1::io[0m[2m:[0m flushed 172 bytes
[2m2025-12-10T10:16:09.621022Z[0m [34mDEBUG[0m [2mhyper::proto::h1::io[0m[2m:[0m parsed 4 headers
[2m2025-12-10T10:16:09.621076Z[0m [34mDEBUG[0m [2mhyper::proto::h1::conn[0m[2m:[0m incoming body is content-length (45 bytes)
[2m2025-12-10T10:16:09.621095Z[0m [34mDEBUG[0m [2mhyper::proto::h1::conn[0m[2m:[0m incoming body completed
[2m2025-12-10T10:16:09.621119Z[0m [34mDEBUG[0m [2mhyper::client::pool[0m[2m:[0m pooling idle connection for ("http", 192.168.0.14:8545)
[2m2025-12-10T10:16:09.621167Z[0m [34mDEBUG[0m [2mhyper::client::pool[0m[2m:[0m reuse idle connection for ("http", 192.168.0.14:8545)
[2m2025-12-10T10:16:09.621223Z[0m [34mDEBUG[0m [2mhyper::proto::h1::io[0m[2m:[0m flushed 172 bytes
[2m2025-12-10T10:16:09.624675Z[0m [34mDEBUG[0m [2mhyper::proto::h1::io[0m[2m:[0m parsed 4 headers
[2m2025-12-10T10:16:09.624720Z[0m [34mDEBUG[0m [2mhyper::proto::h1::conn[0m[2m:[0m incoming body is content-length (45 bytes)
[2m2025-12-10T10:16:09.624739Z[0m [34mDEBUG[0m [2mhyper::proto::h1::conn[0m[2m:[0m incoming body completed
[2m2025-12-10T10:16:09.624760Z[0m [34mDEBUG[0m [2mhyper::client::pool[0m[2m:[0m pooling idle connection for ("http", 192.168.0.14:8545)
[2m2025-12-10T10:16:09.624808Z[0m [34mDEBUG[0m [2mhyper::client::pool[0m[2m:[0m reuse idle connection for ("http", 192.168.0.14:8545)
[2m2025-12-10T10:16:09.624856Z[0m [34mDEBUG[0m [2mhyper::proto::h1::io[0m[2m:[0m flushed 172 bytes
[2m2025-12-10T10:16:09.628161Z[0m [34mDEBUG[0m [2mhyper::proto::h1::io[0m[2m:[0m parsed 4 headers
[2m2025-12-10T10:16:09.628184Z[0m [34mDEBUG[0m [2mhyper::proto::h1::conn[0m[2m:[0m incoming body is content-length (45 bytes)
[2m2025-12-10T10:16:09.628199Z[0m [34mDEBUG[0m [2mhyper::proto::h1::conn[0m[2m:[0m incoming body completed
[2m2025-12-10T10:16:09.628216Z[0m [34mDEBUG[0m [2mhyper::client::pool[0m[2m:[0m pooling idle connection for ("http", 192.168.0.14:8545)
[2m2025-12-10T10:16:09.628251Z[0m [34mDEBUG[0m [2mhyper::client::pool[0m[2m:[0m reuse idle connection for ("http", 192.168.0.14:8545)
[2m2025-12-10T10:16:09.628288Z[0m [34mDEBUG[0m [2mhyper::proto::h1::io[0m[2m:[0m flushed 172 bytes
[2m2025-12-10T10:16:09.641210Z[0m [34mDEBUG[0m [2mhyper::proto::h1::io[0m[2m:[0m parsed 4 headers
[2m2025-12-10T10:16:09.641249Z[0m [34mDEBUG[0m [2mhyper::proto::h1::conn[0m[2m:[0m incoming body is content-length (45 bytes)
[2m2025-12-10T10:16:09.641268Z[0m [34mDEBUG[0m [2mhyper::proto::h1::conn[0m[2m:[0m incoming body completed
[2m2025-12-10T10:16:09.641289Z[0m [34mDEBUG[0m [2mhyper::client::pool[0m[2m:[0m pooling idle connection for ("http", 192.168.0.14:8545)
[2m2025-12-10T10:16:09.641334Z[0m [34mDEBUG[0m [2mhyper::client::pool[0m[2m:[0m reuse idle connection for ("http", 192.168.0.14:8545)
[2m2025-12-10T10:16:09.641381Z[0m [34mDEBUG[0m [2mhyper::proto::h1::io[0m[2m:[0m flushed 172 bytes
[2m2025-12-10T10:16:09.645262Z[0m [34mDEBUG[0m [2methereum_transaction_pool_monitor::eth_client[0m[2m:[0m 📨 Received WebSocket message: {"jsonrpc":"2.0","method":"eth_subscription","params":{"subscription":"0xbed0a0851463e895960a451075a301a9","result":"0x2e4215b4935970bd772df6e834e620293d01f79b2249f9259d42498941887caa"}}
[2m2025-12-10T10:16:09.645304Z[0m [34mDEBUG[0m [2methereum_transaction_pool_monitor::eth_client[0m[2m:[0m 📨 Received pending transaction: 0x2e4215b4935970bd772df6e834e620293d01f79b2249f9259d42498941887caa
[2m2025-12-10T10:16:09.649203Z[0m [34mDEBUG[0m [2mhyper::proto::h1::io[0m[2m:[0m parsed 4 headers
[2m2025-12-10T10:16:09.649230Z[0m [34mDEBUG[0m [2mhyper::proto::h1::conn[0m[2m:[0m incoming body is content-length (45 bytes)
[2m2025-12-10T10:16:09.649246Z[0m [34mDEBUG[0m [2mhyper::proto::h1::conn[0m[2m:[0m incoming body completed
[2m2025-12-10T10:16:09.649266Z[0m [34mDEBUG[0m [2mhyper::client::pool[0m[2m:[0m pooling idle connection for ("http", 192.168.0.14:8545)
[2m2025-12-10T10:16:09.649305Z[0m [34mDEBUG[0m [2mhyper::client::pool[0m[2m:[0m reuse idle connection for ("http", 192.168.0.14:8545)
[2m2025-12-10T10:16:09.649340Z[0m [34mDEBUG[0m [2mhyper::proto::h1::io[0m[2m:[0m flushed 172 bytes
[2m2025-12-10T10:16:09.653529Z[0m [34mDEBUG[0m [2mhyper::proto::h1::io[0m[2m:[0m parsed 4 headers
[2m2025-12-10T10:16:09.653555Z[0m [34mDEBUG[0m [2mhyper::proto::h1::conn[0m[2m:[0m incoming body is content-length (45 bytes)
[2m2025-12-10T10:16:09.653571Z[0m [34mDEBUG[0m [2mhyper::proto::h1::conn[0m[2m:[0m incoming body completed
[2m2025-12-10T10:16:09.653589Z[0m [34mDEBUG[0m [2mhyper::client::pool[0m[2m:[0m pooling idle connection for ("http", 192.168.0.14:8545)
[2m2025-12-10T10:16:09.653629Z[0m [34mDEBUG[0m [2mhyper::client::pool[0m[2m:[0m reuse idle connection for ("http", 192.168.0.14:8545)
[2m2025-12-10T10:16:09.653670Z[0m [34mDEBUG[0m [2mhyper::proto::h1::io[0m[2m:[0m flushed 172 bytes
[2m2025-12-10T10:16:09.661407Z[0m [34mDEBUG[0m [2mhyper::proto::h1::io[0m[2m:[0m parsed 4 headers
[2m2025-12-10T10:16:09.661461Z[0m [34mDEBUG[0m [2mhyper::proto::h1::conn[0m[2m:[0m incoming body is content-length (45 bytes)
[2m2025-12-10T10:16:09.661481Z[0m [34mDEBUG[0m [2mhyper::proto::h1::conn[0m[2m:[0m incoming body completed
[2m2025-12-10T10:16:09.661505Z[0m [34mDEBUG[0m [2mhyper::client::pool[0m[2m:[0m pooling idle connection for ("http", 192.168.0.14:8545)
[2m2025-12-10T10:16:09.661555Z[0m [34mDEBUG[0m [2mhyper::client::pool[0m[2m:[0m reuse idle connection for ("http", 192.168.0.14:8545)
[2m2025-12-10T10:16:09.661613Z[0m [34mDEBUG[0m [2mhyper::proto::h1::io[0m[2m:[0m flushed 172 bytes
[2m2025-12-10T10:16:09.662715Z[0m [34mDEBUG[0m [2methereum_transaction_pool_monitor::eth_client[0m[2m:[0m ✅ Transaction 0xbb200004efe3f61db666838776935898b3948fbc029f6040aa57fed00c9ef175 fetched and parsed in 91.764417ms
[2m2025-12-10T10:16:09.662741Z[0m [34mDEBUG[0m [2methereum_transaction_pool_monitor::mempool_monitor[0m[2m:[0m 🔍 Skipping tx 0xbb200004efe3f61db666838776935898b3948fbc029f6040aa57fed00c9ef175 - not a DEX interaction (target: 0x601a2aD6CB5949f0529735254189Ba3194221EDF)
[2m2025-12-10T10:16:09.662750Z[0m [34mDEBUG[0m [2methereum_transaction_pool_monitor::mempool_monitor[0m[2m:[0m 📨 Processing new pending transaction: 0xb48432381a0c3ddd60e39907dc2b27d49c9cddaa41ccb85d839f72c437103c3d
[2m2025-12-10T10:16:09.662755Z[0m [34mDEBUG[0m [2methereum_transaction_pool_monitor::mempool_monitor[0m[2m:[0m 🔍 Fetching transaction details for: 0xb48432381a0c3ddd60e39907dc2b27d49c9cddaa41ccb85d839f72c437103c3d
[2m2025-12-10T10:16:09.662760Z[0m [34mDEBUG[0m [2methereum_transaction_pool_monitor::eth_client[0m[2m:[0m 🔍 Fetching transaction details for hash: 0xb48432381a0c3ddd60e39907dc2b27d49c9cddaa41ccb85d839f72c437103c3d
[2m2025-12-10T10:16:09.662778Z[0m [34mDEBUG[0m [2mhyper::client::pool[0m[2m:[0m reuse idle connection for ("http", 192.168.0.14:8545)
[2m2025-12-10T10:16:09.662821Z[0m [34mDEBUG[0m [2mhyper::proto::h1::io[0m[2m:[0m flushed 250 bytes
[2m2025-12-10T10:16:09.665174Z[0m [34mDEBUG[0m [2mhyper::proto::h1::io[0m[2m:[0m parsed 4 headers
[2m2025-12-10T10:16:09.665209Z[0m [34mDEBUG[0m [2mhyper::proto::h1::conn[0m[2m:[0m incoming body is content-length (45 bytes)
[2m2025-12-10T10:16:09.665225Z[0m [34mDEBUG[0m [2mhyper::proto::h1::conn[0m[2m:[0m incoming body completed
[2m2025-12-10T10:16:09.665243Z[0m [34mDEBUG[0m [2mhyper::client::pool[0m[2m:[0m pooling idle connection for ("http", 192.168.0.14:8545)
[2m2025-12-10T10:16:09.665285Z[0m [34mDEBUG[0m [2mhyper::client::pool[0m[2m:[0m reuse idle connection for ("http", 192.168.0.14:8545)
[2m2025-12-10T10:16:09.665331Z[0m [34mDEBUG[0m [2mhyper::proto::h1::io[0m[2m:[0m flushed 172 bytes
[2m2025-12-10T10:16:09.669380Z[0m [34mDEBUG[0m [2mhyper::proto::h1::io[0m[2m:[0m parsed 4 headers
[2m2025-12-10T10:16:09.669663Z[0m [34mDEBUG[0m [2mhyper::proto::h1::conn[0m[2m:[0m incoming body is content-length (45 bytes)
[2m2025-12-10T10:16:09.669683Z[0m [34mDEBUG[0m [2mhyper::proto::h1::conn[0m[2m:[0m incoming body completed
[2m2025-12-10T10:16:09.669695Z[0m [34mDEBUG[0m [2mhyper::client::pool[0m[2m:[0m pooling idle connection for ("http", 192.168.0.14:8545)
[2m2025-12-10T10:16:09.669719Z[0m [34mDEBUG[0m [2mhyper::client::pool[0m[2m:[0m reuse idle connection for ("http", 192.168.0.14:8545)
[2m2025-12-10T10:16:09.669751Z[0m [34mDEBUG[0m [2mhyper::proto::h1::io[0m[2m:[0m flushed 172 bytes
[2m2025-12-10T10:16:09.674210Z[0m [34mDEBUG[0m [2mhyper::proto::h1::io[0m[2m:[0m parsed 4 headers
[2m2025-12-10T10:16:09.674264Z[0m [34mDEBUG[0m [2mhyper::proto::h1::conn[0m[2m:[0m incoming body is content-length (45 bytes)
[2m2025-12-10T10:16:09.674285Z[0m [34mDEBUG[0m [2mhyper::proto::h1::conn[0m[2m:[0m incoming body completed
[2m2025-12-10T10:16:09.674309Z[0m [34mDEBUG[0m [2mhyper::client::pool[0m[2m:[0m pooling idle connection for ("http", 192.168.0.14:8545)
[2m2025-12-10T10:16:09.674362Z[0m [34mDEBUG[0m [2mhyper::client::pool[0m[2m:[0m reuse idle connection for ("http", 192.168.0.14:8545)
[2m2025-12-10T10:16:09.674430Z[0m [34mDEBUG[0m [2mhyper::proto::h1::io[0m[2m:[0m flushed 172 bytes
[2m2025-12-10T10:16:09.677329Z[0m [34mDEBUG[0m [2mhyper::proto::h1::io[0m[2m:[0m parsed 4 headers
[2m2025-12-10T10:16:09.677381Z[0m [34mDEBUG[0m [2mhyper::proto::h1::conn[0m[2m:[0m incoming body is content-length (1097 bytes)
[2m2025-12-10T10:16:09.677399Z[0m [34mDEBUG[0m [2mhyper::proto::h1::conn[0m[2m:[0m incoming body completed
[2m2025-12-10T10:16:09.677420Z[0m [34mDEBUG[0m [2mhyper::client::pool[0m[2m:[0m pooling idle connection for ("http", 192.168.0.14:8545)
[2m2025-12-10T10:16:09.677436Z[0m [34mDEBUG[0m [2methereum_transaction_pool_monitor::eth_client[0m[2m:[0m 📡 Transaction fetch RPC completed in 14.671959ms
[2m2025-12-10T10:16:09.816416Z[0m [34mDEBUG[0m [2methereum_transaction_pool_monitor::eth_client[0m[2m:[0m ✅ Transaction 0xb48432381a0c3ddd60e39907dc2b27d49c9cddaa41ccb85d839f72c437103c3d fetched and parsed in 153.647667ms
[2m2025-12-10T10:16:09.816447Z[0m [34mDEBUG[0m [2methereum_transaction_pool_monitor::mempool_monitor[0m[2m:[0m 🔍 Skipping tx 0xb48432381a0c3ddd60e39907dc2b27d49c9cddaa41ccb85d839f72c437103c3d - not a DEX interaction (target: 0xEe7aE85f2Fe2239E27D9c1E23fFFe168D63b4055)
[2m2025-12-10T10:16:09.816458Z[0m [34mDEBUG[0m [2methereum_transaction_pool_monitor::mempool_monitor[0m[2m:[0m 📨 Processing new pending transaction: 0x20ee0b7ee633df35b90ab0aa74566a335f9f2ff00e75c714210101af51989511
[2m2025-12-10T10:16:09.816463Z[0m [34mDEBUG[0m [2methereum_transaction_pool_monitor::mempool_monitor[0m[2m:[0m 🔍 Fetching transaction details for: 0x20ee0b7ee633df35b90ab0aa74566a335f9f2ff00e75c714210101af51989511
[2m2025-12-10T10:16:09.816468Z[0m [34mDEBUG[0m [2methereum_transaction_pool_monitor::eth_client[0m[2m:[0m 🔍 Fetching transaction details for hash: 0x20ee0b7ee633df35b90ab0aa74566a335f9f2ff00e75c714210101af51989511
[2m2025-12-10T10:16:09.816491Z[0m [34mDEBUG[0m [2mhyper::client::pool[0m[2m:[0m reuse idle connection for ("http", 192.168.0.14:8545)
[2m2025-12-10T10:16:09.816546Z[0m [34mDEBUG[0m [2mhyper::proto::h1::io[0m[2m:[0m flushed 250 bytes
[2m2025-12-10T10:16:09.816580Z[0m [34mDEBUG[0m [2mhyper::proto::h1::io[0m[2m:[0m parsed 4 headers
[2m2025-12-10T10:16:09.816641Z[0m [34mDEBUG[0m [2mhyper::proto::h1::conn[0m[2m:[0m incoming body is content-length (45 bytes)
[2m2025-12-10T10:16:09.816653Z[0m [34mDEBUG[0m [2mhyper::proto::h1::conn[0m[2m:[0m incoming body completed
[2m2025-12-10T10:16:09.816666Z[0m [34mDEBUG[0m [2mhyper::client::pool[0m[2m:[0m pooling idle connection for ("http", 192.168.0.14:8545)
[2m2025-12-10T10:16:09.816690Z[0m [34mDEBUG[0m [2mhyper::client::pool[0m[2m:[0m reuse idle connection for ("http", 192.168.0.14:8545)
[2m2025-12-10T10:16:09.816716Z[0m [34mDEBUG[0m [2mhyper::proto::h1::io[0m[2m:[0m flushed 172 bytes
[2m2025-12-10T10:16:09.829074Z[0m [34mDEBUG[0m [2mhyper::proto::h1::io[0m[2m:[0m parsed 4 headers
[2m2025-12-10T10:16:09.829107Z[0m [34mDEBUG[0m [2mhyper::proto::h1::conn[0m[2m:[0m incoming body is content-length (45 bytes)
[2m2025-12-10T10:16:09.829119Z[0m [34mDEBUG[0m [2mhyper::proto::h1::conn[0m[2m:[0m incoming body completed
[2m2025-12-10T10:16:09.829283Z[0m [34mDEBUG[0m [2mhyper::client::pool[0m[2m:[0m pooling idle connection for ("http", 192.168.0.14:8545)
[2m2025-12-10T10:16:09.829317Z[0m [34mDEBUG[0m [2mhyper::client::pool[0m[2m:[0m reuse idle connection for ("http", 192.168.0.14:8545)
[2m2025-12-10T10:16:09.829353Z[0m [34mDEBUG[0m [2mhyper::proto::h1::io[0m[2m:[0m flushed 172 bytes
[2m2025-12-10T10:16:09.829762Z[0m [34mDEBUG[0m [2mhyper::proto::h1::io[0m[2m:[0m parsed 4 headers
[2m2025-12-10T10:16:09.829798Z[0m [34mDEBUG[0m [2mhyper::proto::h1::conn[0m[2m:[0m incoming body is content-length (830 bytes)
[2m2025-12-10T10:16:09.829819Z[0m [34mDEBUG[0m [2mhyper::proto::h1::conn[0m[2m:[0m incoming body completed
[2m2025-12-10T10:16:09.829842Z[0m [34mDEBUG[0m [2mhyper::client::pool[0m[2m:[0m pooling idle connection for ("http", 192.168.0.14:8545)
[2m2025-12-10T10:16:09.829864Z[0m [34mDEBUG[0m [2methereum_transaction_pool_monitor::eth_client[0m[2m:[0m 📡 Transaction fetch RPC completed in 13.390917ms
[2m2025-12-10T10:16:09.923076Z[0m [34mDEBUG[0m [2methereum_transaction_pool_monitor::eth_client[0m[2m:[0m ✅ Transaction 0x20ee0b7ee633df35b90ab0aa74566a335f9f2ff00e75c714210101af51989511 fetched and parsed in 106.600667ms
[2m2025-12-10T10:16:09.923104Z[0m [34mDEBUG[0m [2methereum_transaction_pool_monitor::mempool_monitor[0m[2m:[0m 🔍 Skipping tx 0x20ee0b7ee633df35b90ab0aa74566a335f9f2ff00e75c714210101af51989511 - not a DEX interaction (target: 0x3B4D794a66304F130a4Db8F2551B0070dfCf5ca7)
[2m2025-12-10T10:16:09.923115Z[0m [34mDEBUG[0m [2methereum_transaction_pool_monitor::mempool_monitor[0m[2m:[0m 📨 Processing new pending transaction: 0x1e6d0c037045d1a863a76a88c8582e1cefb498cdfb0e82f77644b978a5257215
[2m2025-12-10T10:16:09.923121Z[0m [34mDEBUG[0m [2methereum_transaction_pool_monitor::mempool_monitor[0m[2m:[0m 🔍 Fetching transaction details for: 0x1e6d0c037045d1a863a76a88c8582e1cefb498cdfb0e82f77644b978a5257215
[2m2025-12-10T10:16:09.923128Z[0m [34mDEBUG[0m [2methereum_transaction_pool_monitor::eth_client[0m[2m:[0m 🔍 Fetching transaction details for hash: 0x1e6d0c037045d1a863a76a88c8582e1cefb498cdfb0e82f77644b978a5257215
[2m2025-12-10T10:16:09.923148Z[0m [34mDEBUG[0m [2mhyper::client::pool[0m[2m:[0m reuse idle connection for ("http", 192.168.0.14:8545)
[2m2025-12-10T10:16:09.923193Z[0m [34mDEBUG[0m [2mhyper::proto::h1::io[0m[2m:[0m flushed 250 bytes
[2m2025-12-10T10:16:09.923211Z[0m [34mDEBUG[0m [2mhyper::proto::h1::io[0m[2m:[0m parsed 4 headers
[2m2025-12-10T10:16:09.923216Z[0m [34mDEBUG[0m [2mhyper::proto::h1::conn[0m[2m:[0m incoming body is content-length (45 bytes)
[2m2025-12-10T10:16:09.923223Z[0m [34mDEBUG[0m [2mhyper::proto::h1::conn[0m[2m:[0m incoming body completed
[2m2025-12-10T10:16:09.923232Z[0m [34mDEBUG[0m [2mhyper::client::pool[0m[2m:[0m pooling idle connection for ("http", 192.168.0.14:8545)
[2m2025-12-10T10:16:09.923250Z[0m [34mDEBUG[0m [2mhyper::client::pool[0m[2m:[0m reuse idle connection for ("http", 192.168.0.14:8545)
[2m2025-12-10T10:16:09.923266Z[0m [34mDEBUG[0m [2mhyper::proto::h1::io[0m[2m:[0m flushed 172 bytes
[2m2025-12-10T10:16:09.926438Z[0m [34mDEBUG[0m [2mhyper::proto::h1::io[0m[2m:[0m parsed 4 headers
[2m2025-12-10T10:16:09.926445Z[0m [34mDEBUG[0m [2mhyper::proto::h1::conn[0m[2m:[0m incoming body is content-length (648 bytes)
[2m2025-12-10T10:16:09.926450Z[0m [34mDEBUG[0m [2mhyper::proto::h1::conn[0m[2m:[0m incoming body completed
[2m2025-12-10T10:16:09.926457Z[0m [34mDEBUG[0m [2mhyper::client::pool[0m[2m:[0m pooling idle connection for ("http", 192.168.0.14:8545)
[2m2025-12-10T10:16:09.926462Z[0m [34mDEBUG[0m [2methereum_transaction_pool_monitor::eth_client[0m[2m:[0m 📡 Transaction fetch RPC completed in 3.328292ms
[2m2025-12-10T10:16:10.006157Z[0m [34mDEBUG[0m [2methereum_transaction_pool_monitor::eth_client[0m[2m:[0m ✅ Transaction 0x1e6d0c037045d1a863a76a88c8582e1cefb498cdfb0e82f77644b978a5257215 fetched and parsed in 83.019084ms
[2m2025-12-10T10:16:10.006195Z[0m [34mDEBUG[0m [2methereum_transaction_pool_monitor::mempool_monitor[0m[2m:[0m 🔍 Skipping tx 0x1e6d0c037045d1a863a76a88c8582e1cefb498cdfb0e82f77644b978a5257215 - not a DEX interaction (target: 0x65E9a805e84cc76C2398931C91DFc5C025481f66)
[2m2025-12-10T10:16:10.006206Z[0m [34mDEBUG[0m [2methereum_transaction_pool_monitor::mempool_monitor[0m[2m:[0m 📨 Processing new pending transaction: 0x6ad700674a1e474ff4a3c77cddb8134f1535d7d8f9d61593c8f0b2993edb6344
[2m2025-12-10T10:16:10.006211Z[0m [34mDEBUG[0m [2methereum_transaction_pool_monitor::mempool_monitor[0m[2m:[0m 🔍 Fetching transaction details for: 0x6ad700674a1e474ff4a3c77cddb8134f1535d7d8f9d61593c8f0b2993edb6344
[2m2025-12-10T10:16:10.006216Z[0m [34mDEBUG[0m [2methereum_transaction_pool_monitor::eth_client[0m[2m:[0m 🔍 Fetching transaction details for hash: 0x6ad700674a1e474ff4a3c77cddb8134f1535d7d8f9d61593c8f0b2993edb6344
[2m2025-12-10T10:16:10.006238Z[0m [34mDEBUG[0m [2mhyper::client::pool[0m[2m:[0m reuse idle connection for ("http", 192.168.0.14:8545)
[2m2025-12-10T10:16:10.006299Z[0m [34mDEBUG[0m [2mhyper::proto::h1::io[0m[2m:[0m flushed 250 bytes
[2m2025-12-10T10:16:10.006325Z[0m [34mDEBUG[0m [2methereum_transaction_pool_monitor::eth_client[0m[2m:[0m 📨 Received WebSocket message: {"jsonrpc":"2.0","method":"eth_subscription","params":{"subscription":"0xbed0a0851463e895960a451075a301a9","result":"0xbeb0f04efe3c030bac3a1f4ea7c0119044053eb6e70603703f18a441e53c21f6"}}
[2m2025-12-10T10:16:10.006334Z[0m [34mDEBUG[0m [2methereum_transaction_pool_monitor::eth_client[0m[2m:[0m 📨 Received pending transaction: 0xbeb0f04efe3c030bac3a1f4ea7c0119044053eb6e70603703f18a441e53c21f6
[2m2025-12-10T10:16:10.006340Z[0m [34mDEBUG[0m [2methereum_transaction_pool_monitor::eth_client[0m[2m:[0m 📨 Received WebSocket message: {"jsonrpc":"2.0","method":"eth_subscription","params":{"subscription":"0xbed0a0851463e895960a451075a301a9","result":"0x71b9aa6433d9f1c73499310d3d6e33b706ca44935056335caf41c0eee4394e9e"}}
[2m2025-12-10T10:16:10.006346Z[0m [34mDEBUG[0m [2methereum_transaction_pool_monitor::eth_client[0m[2m:[0m 📨 Received pending transaction: 0x71b9aa6433d9f1c73499310d3d6e33b706ca44935056335caf41c0eee4394e9e
[2m2025-12-10T10:16:10.006353Z[0m [34mDEBUG[0m [2mhyper::proto::h1::io[0m[2m:[0m parsed 4 headers
[2m2025-12-10T10:16:10.006398Z[0m [34mDEBUG[0m [2mhyper::proto::h1::conn[0m[2m:[0m incoming body is content-length (45 bytes)
[2m2025-12-10T10:16:10.006416Z[0m [34mDEBUG[0m [2mhyper::proto::h1::conn[0m[2m:[0m incoming body completed
[2m2025-12-10T10:16:10.006435Z[0m [34mDEBUG[0m [2mhyper::client::pool[0m[2m:[0m pooling idle connection for ("http", 192.168.0.14:8545)
[2m2025-12-10T10:16:10.006472Z[0m [34mDEBUG[0m [2mhyper::client::pool[0m[2m:[0m reuse idle connection for ("http", 192.168.0.14:8545)
[2m2025-12-10T10:16:10.006526Z[0m [34mDEBUG[0m [2mhyper::proto::h1::io[0m[2m:[0m flushed 172 bytes
[2m2025-12-10T10:16:10.015137Z[0m [34mDEBUG[0m [2mhyper::proto::h1::io[0m[2m:[0m parsed 4 headers
[2m2025-12-10T10:16:10.015174Z[0m [34mDEBUG[0m [2mhyper::proto::h1::conn[0m[2m:[0m incoming body is content-length (45 bytes)
[2m2025-12-10T10:16:10.015192Z[0m [34mDEBUG[0m [2mhyper::proto::h1::conn[0m[2m:[0m incoming body completed
[2m2025-12-10T10:16:10.015215Z[0m [34mDEBUG[0m [2mhyper::client::pool[0m[2m:[0m pooling idle connection for ("http", 192.168.0.14:8545)
[2m2025-12-10T10:16:10.015267Z[0m [34mDEBUG[0m [2mhyper::client::pool[0m[2m:[0m reuse idle connection for ("http", 192.168.0.14:8545)
[2m2025-12-10T10:16:10.015314Z[0m [34mDEBUG[0m [2mhyper::proto::h1::io[0m[2m:[0m flushed 172 bytes
[2m2025-12-10T10:16:10.020230Z[0m [34mDEBUG[0m [2mhyper::proto::h1::io[0m[2m:[0m parsed 4 headers
[2m2025-12-10T10:16:10.020257Z[0m [34mDEBUG[0m [2mhyper::proto::h1::conn[0m[2m:[0m incoming body is content-length (45 bytes)
[2m2025-12-10T10:16:10.020267Z[0m [34mDEBUG[0m [2mhyper::proto::h1::conn[0m[2m:[0m incoming body completed
[2m2025-12-10T10:16:10.020280Z[0m [34mDEBUG[0m [2mhyper::client::pool[0m[2m:[0m pooling idle connection for ("http", 192.168.0.14:8545)
[2m2025-12-10T10:16:10.020308Z[0m [34mDEBUG[0m [2mhyper::client::pool[0m[2m:[0m reuse idle connection for ("http", 192.168.0.14:8545)
[2m2025-12-10T10:16:10.020342Z[0m [34mDEBUG[0m [2mhyper::proto::h1::io[0m[2m:[0m flushed 172 bytes
[2m2025-12-10T10:16:10.023794Z[0m [34mDEBUG[0m [2mhyper::proto::h1::io[0m[2m:[0m parsed 4 headers
[2m2025-12-10T10:16:10.023825Z[0m [34mDEBUG[0m [2mhyper::proto::h1::conn[0m[2m:[0m incoming body is content-length (45 bytes)
[2m2025-12-10T10:16:10.023845Z[0m [34mDEBUG[0m [2mhyper::proto::h1::conn[0m[2m:[0m incoming body completed
[2m2025-12-10T10:16:10.023868Z[0m [34mDEBUG[0m [2mhyper::client::pool[0m[2m:[0m pooling idle connection for ("http", 192.168.0.14:8545)
[2m2025-12-10T10:16:10.023917Z[0m [34mDEBUG[0m [2mhyper::client::pool[0m[2m:[0m reuse idle connection for ("http", 192.168.0.14:8545)
[2m2025-12-10T10:16:10.023975Z[0m [34mDEBUG[0m [2mhyper::proto::h1::io[0m[2m:[0m flushed 172 bytes
[2m2025-12-10T10:16:10.027260Z[0m [34mDEBUG[0m [2mhyper::proto::h1::io[0m[2m:[0m parsed 4 headers
[2m2025-12-10T10:16:10.027297Z[0m [34mDEBUG[0m [2mhyper::proto::h1::conn[0m[2m:[0m incoming body is content-length (45 bytes)
[2m2025-12-10T10:16:10.027314Z[0m [34mDEBUG[0m [2mhyper::proto::h1::conn[0m[2m:[0m incoming body completed
[2m2025-12-10T10:16:10.027333Z[0m [34mDEBUG[0m [2mhyper::client::pool[0m[2m:[0m pooling idle connection for ("http", 192.168.0.14:8545)
[2m2025-12-10T10:16:10.027377Z[0m [34mDEBUG[0m [2mhyper::client::pool[0m[2m:[0m reuse idle connection for ("http", 192.168.0.14:8545)
[2m2025-12-10T10:16:10.027421Z[0m [34mDEBUG[0m [2mhyper::proto::h1::io[0m[2m:[0m flushed 172 bytes
[2m2025-12-10T10:16:10.031156Z[0m [34mDEBUG[0m [2mhyper::proto::h1::io[0m[2m:[0m parsed 4 headers
[2m2025-12-10T10:16:10.031207Z[0m [34mDEBUG[0m [2mhyper::proto::h1::conn[0m[2m:[0m incoming body is content-length (45 bytes)
[2m2025-12-10T10:16:10.031225Z[0m [34mDEBUG[0m [2mhyper::proto::h1::conn[0m[2m:[0m incoming body completed
[2m2025-12-10T10:16:10.031247Z[0m [34mDEBUG[0m [2mhyper::client::pool[0m[2m:[0m pooling idle connection for ("http", 192.168.0.14:8545)
[2m2025-12-10T10:16:10.031293Z[0m [34mDEBUG[0m [2mhyper::client::pool[0m[2m:[0m reuse idle connection for ("http", 192.168.0.14:8545)
[2m2025-12-10T10:16:10.031344Z[0m [34mDEBUG[0m [2mhyper::proto::h1::io[0m[2m:[0m flushed 172 bytes
[2m2025-12-10T10:16:10.036831Z[0m [34mDEBUG[0m [2mhyper::proto::h1::io[0m[2m:[0m parsed 4 headers
[2m2025-12-10T10:16:10.036854Z[0m [34mDEBUG[0m [2mhyper::proto::h1::conn[0m[2m:[0m incoming body is content-length (45 bytes)
[2m2025-12-10T10:16:10.036862Z[0m [34mDEBUG[0m [2mhyper::proto::h1::conn[0m[2m:[0m incoming body completed
[2m2025-12-10T10:16:10.036873Z[0m [34mDEBUG[0m [2mhyper::client::pool[0m[2m:[0m pooling idle connection for ("http", 192.168.0.14:8545)
[2m2025-12-10T10:16:10.036900Z[0m [34mDEBUG[0m [2mhyper::client::pool[0m[2m:[0m reuse idle connection for ("http", 192.168.0.14:8545)
[2m2025-12-10T10:16:10.036930Z[0m [34mDEBUG[0m [2mhyper::proto::h1::io[0m[2m:[0m flushed 172 bytes
[2m2025-12-10T10:16:10.045696Z[0m [34mDEBUG[0m [2mhyper::proto::h1::io[0m[2m:[0m parsed 4 headers
[2m2025-12-10T10:16:10.046150Z[0m [34mDEBUG[0m [2mhyper::proto::h1::conn[0m[2m:[0m incoming body is content-length (45 bytes)
[2m2025-12-10T10:16:10.046167Z[0m [34mDEBUG[0m [2mhyper::proto::h1::conn[0m[2m:[0m incoming body completed
[2m2025-12-10T10:16:10.046180Z[0m [34mDEBUG[0m [2mhyper::client::pool[0m[2m:[0m pooling idle connection for ("http", 192.168.0.14:8545)
[2m2025-12-10T10:16:10.046213Z[0m [34mDEBUG[0m [2mhyper::client::pool[0m[2m:[0m reuse idle connection for ("http", 192.168.0.14:8545)
[2m2025-12-10T10:16:10.046248Z[0m [34mDEBUG[0m [2mhyper::proto::h1::io[0m[2m:[0m flushed 172 bytes
[2m2025-12-10T10:16:10.057386Z[0m [34mDEBUG[0m [2mhyper::proto::h1::io[0m[2m:[0m parsed 4 headers
[2m2025-12-10T10:16:10.057403Z[0m [34mDEBUG[0m [2mhyper::proto::h1::conn[0m[2m:[0m incoming body is content-length (45 bytes)
[2m2025-12-10T10:16:10.057415Z[0m [34mDEBUG[0m [2mhyper::proto::h1::conn[0m[2m:[0m incoming body completed
[2m2025-12-10T10:16:10.057430Z[0m [34mDEBUG[0m [2mhyper::client::pool[0m[2m:[0m pooling idle connection for ("http", 192.168.0.14:8545)
[2m2025-12-10T10:16:10.057463Z[0m [34mDEBUG[0m [2mhyper::client::pool[0m[2m:[0m reuse idle connection for ("http", 192.168.0.14:8545)
[2m2025-12-10T10:16:10.057486Z[0m [34mDEBUG[0m [2mhyper::proto::h1::io[0m[2m:[0m flushed 172 bytes
[2m2025-12-10T10:16:10.065503Z[0m [34mDEBUG[0m [2mhyper::proto::h1::io[0m[2m:[0m parsed 4 headers
[2m2025-12-10T10:16:10.065538Z[0m [34mDEBUG[0m [2mhyper::proto::h1::conn[0m[2m:[0m incoming body is content-length (45 bytes)
[2m2025-12-10T10:16:10.065550Z[0m [34mDEBUG[0m [2mhyper::proto::h1::conn[0m[2m:[0m incoming body completed
[2m2025-12-10T10:16:10.065566Z[0m [34mDEBUG[0m [2mhyper::client::pool[0m[2m:[0m pooling idle connection for ("http", 192.168.0.14:8545)
[2m2025-12-10T10:16:10.065629Z[0m [34mDEBUG[0m [2mhyper::client::pool[0m[2m:[0m reuse idle connection for ("http", 192.168.0.14:8545)
[2m2025-12-10T10:16:10.065678Z[0m [34mDEBUG[0m [2mhyper::proto::h1::io[0m[2m:[0m flushed 172 bytes
[2m2025-12-10T10:16:10.071653Z[0m [34mDEBUG[0m [2mhyper::proto::h1::io[0m[2m:[0m parsed 4 headers
[2m2025-12-10T10:16:10.071684Z[0m [34mDEBUG[0m [2mhyper::proto::h1::conn[0m[2m:[0m incoming body is content-length (45 bytes)
[2m2025-12-10T10:16:10.071694Z[0m [34mDEBUG[0m [2mhyper::proto::h1::conn[0m[2m:[0m incoming body completed
[2m2025-12-10T10:16:10.071705Z[0m [34mDEBUG[0m [2mhyper::client::pool[0m[2m:[0m pooling idle connection for ("http", 192.168.0.14:8545)
[2m2025-12-10T10:16:10.071735Z[0m [34mDEBUG[0m [2mhyper::client::pool[0m[2m:[0m reuse idle connection for ("http", 192.168.0.14:8545)
[2m2025-12-10T10:16:10.071771Z[0m [34mDEBUG[0m [2mhyper::proto::h1::io[0m[2m:[0m flushed 172 bytes
[2m2025-12-10T10:16:10.077174Z[0m [34mDEBUG[0m [2mhyper::proto::h1::io[0m[2m:[0m parsed 4 headers
[2m2025-12-10T10:16:10.077246Z[0m [34mDEBUG[0m [2mhyper::proto::h1::conn[0m[2m:[0m incoming body is content-length (45 bytes)
[2m2025-12-10T10:16:10.077314Z[0m [34mDEBUG[0m [2mhyper::proto::h1::conn[0m[2m:[0m incoming body completed
[2m2025-12-10T10:16:10.077342Z[0m [34mDEBUG[0m [2mhyper::client::pool[0m[2m:[0m pooling idle connection for ("http", 192.168.0.14:8545)
[2m2025-12-10T10:16:10.077397Z[0m [34mDEBUG[0m [2mhyper::client::pool[0m[2m:[0m reuse idle connection for ("http", 192.168.0.14:8545)
[2m2025-12-10T10:16:10.077464Z[0m [34mDEBUG[0m [2mhyper::proto::h1::io[0m[2m:[0m flushed 172 bytes
[2m2025-12-10T10:16:10.084911Z[0m [34mDEBUG[0m [2mhyper::proto::h1::io[0m[2m:[0m parsed 4 headers
[2m2025-12-10T10:16:10.084953Z[0m [34mDEBUG[0m [2mhyper::proto::h1::conn[0m[2m:[0m incoming body is content-length (45 bytes)
[2m2025-12-10T10:16:10.084974Z[0m [34mDEBUG[0m [2mhyper::proto::h1::conn[0m[2m:[0m incoming body completed
[2m2025-12-10T10:16:10.085016Z[0m [34mDEBUG[0m [2mhyper::client::pool[0m[2m:[0m pooling idle connection for ("http", 192.168.0.14:8545)
[2m2025-12-10T10:16:10.085074Z[0m [34mDEBUG[0m [2mhyper::client::pool[0m[2m:[0m reuse idle connection for ("http", 192.168.0.14:8545)
[2m2025-12-10T10:16:10.085129Z[0m [34mDEBUG[0m [2mhyper::proto::h1::io[0m[2m:[0m flushed 172 bytes
[2m2025-12-10T10:16:10.099347Z[0m [34mDEBUG[0m [2mhyper::proto::h1::io[0m[2m:[0m parsed 4 headers
[2m2025-12-10T10:16:10.099408Z[0m [34mDEBUG[0m [2mhyper::proto::h1::conn[0m[2m:[0m incoming body is content-length (45 bytes)
[2m2025-12-10T10:16:10.099423Z[0m [34mDEBUG[0m [2mhyper::proto::h1::conn[0m[2m:[0m incoming body completed
[2m2025-12-10T10:16:10.099440Z[0m [34mDEBUG[0m [2mhyper::client::pool[0m[2m:[0m pooling idle connection for ("http", 192.168.0.14:8545)
[2m2025-12-10T10:16:10.099475Z[0m [34mDEBUG[0m [2mhyper::client::pool[0m[2m:[0m reuse idle connection for ("http", 192.168.0.14:8545)
[2m2025-12-10T10:16:10.099510Z[0m [34mDEBUG[0m [2mhyper::proto::h1::io[0m[2m:[0m flushed 172 bytes
[2m2025-12-10T10:16:10.104009Z[0m [34mDEBUG[0m [2mhyper::proto::h1::io[0m[2m:[0m parsed 4 headers
[2m2025-12-10T10:16:10.104024Z[0m [34mDEBUG[0m [2mhyper::proto::h1::conn[0m[2m:[0m incoming body is content-length (45 bytes)
[2m2025-12-10T10:16:10.104034Z[0m [34mDEBUG[0m [2mhyper::proto::h1::conn[0m[2m:[0m incoming body completed
[2m2025-12-10T10:16:10.104044Z[0m [34mDEBUG[0m [2mhyper::client::pool[0m[2m:[0m pooling idle connection for ("http", 192.168.0.14:8545)
[2m2025-12-10T10:16:10.104071Z[0m [34mDEBUG[0m [2mhyper::client::pool[0m[2m:[0m reuse idle connection for ("http", 192.168.0.14:8545)
[2m2025-12-10T10:16:10.104094Z[0m [34mDEBUG[0m [2mhyper::proto::h1::io[0m[2m:[0m flushed 172 bytes
[2m2025-12-10T10:16:10.108170Z[0m [34mDEBUG[0m [2mhyper::proto::h1::io[0m[2m:[0m parsed 4 headers
[2m2025-12-10T10:16:10.108183Z[0m [34mDEBUG[0m [2mhyper::proto::h1::conn[0m[2m:[0m incoming body is content-length (45 bytes)
[2m2025-12-10T10:16:10.108192Z[0m [34mDEBUG[0m [2mhyper::proto::h1::conn[0m[2m:[0m incoming body completed
[2m2025-12-10T10:16:10.108203Z[0m [34mDEBUG[0m [2mhyper::client::pool[0m[2m:[0m pooling idle connection for ("http", 192.168.0.14:8545)
[2m2025-12-10T10:16:10.108231Z[0m [34mDEBUG[0m [2mhyper::client::pool[0m[2m:[0m reuse idle connection for ("http", 192.168.0.14:8545)
[2m2025-12-10T10:16:10.108256Z[0m [34mDEBUG[0m [2mhyper::proto::h1::io[0m[2m:[0m flushed 172 bytes
[2m2025-12-10T10:16:10.111571Z[0m [34mDEBUG[0m [2mhyper::proto::h1::io[0m[2m:[0m parsed 4 headers
[2m2025-12-10T10:16:10.111600Z[0m [34mDEBUG[0m [2mhyper::proto::h1::conn[0m[2m:[0m incoming body is content-length (45 bytes)
[2m2025-12-10T10:16:10.111622Z[0m [34mDEBUG[0m [2mhyper::proto::h1::conn[0m[2m:[0m incoming body completed
[2m2025-12-10T10:16:10.111649Z[0m [34mDEBUG[0m [2mhyper::client::pool[0m[2m:[0m pooling idle connection for ("http", 192.168.0.14:8545)
[2m2025-12-10T10:16:10.111706Z[0m [34mDEBUG[0m [2mhyper::client::pool[0m[2m:[0m reuse idle connection for ("http", 192.168.0.14:8545)
[2m2025-12-10T10:16:10.111748Z[0m [34mDEBUG[0m [2mhyper::proto::h1::io[0m[2m:[0m flushed 172 bytes
[2m2025-12-10T10:16:10.116127Z[0m [34mDEBUG[0m [2mhyper::proto::h1::io[0m[2m:[0m parsed 4 headers
[2m2025-12-10T10:16:10.116159Z[0m [34mDEBUG[0m [2mhyper::proto::h1::conn[0m[2m:[0m incoming body is content-length (45 bytes)
[2m2025-12-10T10:16:10.116171Z[0m [34mDEBUG[0m [2mhyper::proto::h1::conn[0m[2m:[0m incoming body completed
[2m2025-12-10T10:16:10.116184Z[0m [34mDEBUG[0m [2mhyper::client::pool[0m[2m:[0m pooling idle connection for ("http", 192.168.0.14:8545)
[2m2025-12-10T10:16:10.116214Z[0m [34mDEBUG[0m [2mhyper::client::pool[0m[2m:[0m reuse idle connection for ("http", 192.168.0.14:8545)
[2m2025-12-10T10:16:10.116258Z[0m [34mDEBUG[0m [2mhyper::proto::h1::io[0m[2m:[0m flushed 172 bytes
[2m2025-12-10T10:16:10.120086Z[0m [34mDEBUG[0m [2mhyper::proto::h1::io[0m[2m:[0m parsed 4 headers
[2m2025-12-10T10:16:10.120151Z[0m [34mDEBUG[0m [2mhyper::proto::h1::conn[0m[2m:[0m incoming body is content-length (45 bytes)
[2m2025-12-10T10:16:10.120187Z[0m [34mDEBUG[0m [2mhyper::proto::h1::conn[0m[2m:[0m incoming body completed
[2m2025-12-10T10:16:10.120231Z[0m [34mDEBUG[0m [2mhyper::client::pool[0m[2m:[0m pooling idle connection for ("http", 192.168.0.14:8545)
[2m2025-12-10T10:16:10.120266Z[0m [34mDEBUG[0m [2mhyper::client::pool[0m[2m:[0m reuse idle connection for ("http", 192.168.0.14:8545)
[2m2025-12-10T10:16:10.120306Z[0m [34mDEBUG[0m [2mhyper::proto::h1::io[0m[2m:[0m flushed 172 bytes
[2m2025-12-10T10:16:10.124403Z[0m [34mDEBUG[0m [2mhyper::proto::h1::io[0m[2m:[0m parsed 4 headers
[2m2025-12-10T10:16:10.124423Z[0m [34mDEBUG[0m [2mhyper::proto::h1::conn[0m[2m:[0m incoming body is content-length (45 bytes)
[2m2025-12-10T10:16:10.124431Z[0m [34mDEBUG[0m [2mhyper::proto::h1::conn[0m[2m:[0m incoming body completed
[2m2025-12-10T10:16:10.124444Z[0m [34mDEBUG[0m [2mhyper::client::pool[0m[2m:[0m pooling idle connection for ("http", 192.168.0.14:8545)
[2m2025-12-10T10:16:10.124471Z[0m [34mDEBUG[0m [2mhyper::client::pool[0m[2m:[0m reuse idle connection for ("http", 192.168.0.14:8545)
[2m2025-12-10T10:16:10.124501Z[0m [34mDEBUG[0m [2mhyper::proto::h1::io[0m[2m:[0m flushed 172 bytes
[2m2025-12-10T10:16:10.138105Z[0m [34mDEBUG[0m [2mhyper::proto::h1::io[0m[2m:[0m parsed 4 headers
[2m2025-12-10T10:16:10.138142Z[0m [34mDEBUG[0m [2mhyper::proto::h1::conn[0m[2m:[0m incoming body is content-length (45 bytes)
[2m2025-12-10T10:16:10.138155Z[0m [34mDEBUG[0m [2mhyper::proto::h1::conn[0m[2m:[0m incoming body completed
[2m2025-12-10T10:16:10.138170Z[0m [34mDEBUG[0m [2mhyper::client::pool[0m[2m:[0m pooling idle connection for ("http", 192.168.0.14:8545)
[2m2025-12-10T10:16:10.138230Z[0m [34mDEBUG[0m [2mhyper::client::pool[0m[2m:[0m reuse idle connection for ("http", 192.168.0.14:8545)
[2m2025-12-10T10:16:10.138341Z[0m [34mDEBUG[0m [2mhyper::proto::h1::io[0m[2m:[0m flushed 172 bytes
[2m2025-12-10T10:16:10.144689Z[0m [34mDEBUG[0m [2mhyper::proto::h1::io[0m[2m:[0m parsed 4 headers
[2m2025-12-10T10:16:10.144807Z[0m [34mDEBUG[0m [2mhyper::proto::h1::conn[0m[2m:[0m incoming body is content-length (45 bytes)
[2m2025-12-10T10:16:10.144824Z[0m [34mDEBUG[0m [2mhyper::proto::h1::conn[0m[2m:[0m incoming body completed
[2m2025-12-10T10:16:10.144840Z[0m [34mDEBUG[0m [2mhyper::client::pool[0m[2m:[0m pooling idle connection for ("http", 192.168.0.14:8545)
[2m2025-12-10T10:16:10.144879Z[0m [34mDEBUG[0m [2mhyper::client::pool[0m[2m:[0m reuse idle connection for ("http", 192.168.0.14:8545)
[2m2025-12-10T10:16:10.144911Z[0m [34mDEBUG[0m [2mhyper::proto::h1::io[0m[2m:[0m flushed 172 bytes
[2m2025-12-10T10:16:10.149581Z[0m [34mDEBUG[0m [2mhyper::proto::h1::io[0m[2m:[0m parsed 4 headers
[2m2025-12-10T10:16:10.149596Z[0m [34mDEBUG[0m [2mhyper::proto::h1::conn[0m[2m:[0m incoming body is content-length (45 bytes)
[2m2025-12-10T10:16:10.149604Z[0m [34mDEBUG[0m [2mhyper::proto::h1::conn[0m[2m:[0m incoming body completed
[2m2025-12-10T10:16:10.149615Z[0m [34mDEBUG[0m [2mhyper::client::pool[0m[2m:[0m pooling idle connection for ("http", 192.168.0.14:8545)
[2m2025-12-10T10:16:10.149642Z[0m [34mDEBUG[0m [2mhyper::client::pool[0m[2m:[0m reuse idle connection for ("http", 192.168.0.14:8545)
[2m2025-12-10T10:16:10.149671Z[0m [34mDEBUG[0m [2mhyper::proto::h1::io[0m[2m:[0m flushed 172 bytes
[2m2025-12-10T10:16:10.152706Z[0m [34mDEBUG[0m [2mhyper::proto::h1::io[0m[2m:[0m parsed 4 headers
[2m2025-12-10T10:16:10.152750Z[0m [34mDEBUG[0m [2mhyper::proto::h1::conn[0m[2m:[0m incoming body is content-length (45 bytes)
[2m2025-12-10T10:16:10.152781Z[0m [34mDEBUG[0m [2mhyper::proto::h1::conn[0m[2m:[0m incoming body completed
[2m2025-12-10T10:16:10.152795Z[0m [34mDEBUG[0m [2mhyper::client::pool[0m[2m:[0m pooling idle connection for ("http", 192.168.0.14:8545)
[2m2025-12-10T10:16:10.152816Z[0m [34mDEBUG[0m [2mhyper::client::pool[0m[2m:[0m reuse idle connection for ("http", 192.168.0.14:8545)
[2m2025-12-10T10:16:10.152834Z[0m [34mDEBUG[0m [2mhyper::proto::h1::io[0m[2m:[0m flushed 172 bytes
[2m2025-12-10T10:16:10.156424Z[0m [34mDEBUG[0m [2mhyper::proto::h1::io[0m[2m:[0m parsed 4 headers
[2m2025-12-10T10:16:10.156446Z[0m [34mDEBUG[0m [2mhyper::proto::h1::conn[0m[2m:[0m incoming body is content-length (45 bytes)
[2m2025-12-10T10:16:10.156454Z[0m [34mDEBUG[0m [2mhyper::proto::h1::conn[0m[2m:[0m incoming body completed
[2m2025-12-10T10:16:10.156463Z[0m [34mDEBUG[0m [2mhyper::client::pool[0m[2m:[0m pooling idle connection for ("http", 192.168.0.14:8545)
[2m2025-12-10T10:16:10.156482Z[0m [34mDEBUG[0m [2mhyper::client::pool[0m[2m:[0m reuse idle connection for ("http", 192.168.0.14:8545)
[2m2025-12-10T10:16:10.156512Z[0m [34mDEBUG[0m [2mhyper::proto::h1::io[0m[2m:[0m flushed 172 bytes
[2m2025-12-10T10:16:10.160544Z[0m [34mDEBUG[0m [2mhyper::proto::h1::io[0m[2m:[0m parsed 4 headers
[2m2025-12-10T10:16:10.161947Z[0m [34mDEBUG[0m [2mhyper::proto::h1::conn[0m[2m:[0m incoming body is content-length (45 bytes)
[2m2025-12-10T10:16:10.161962Z[0m [34mDEBUG[0m [2mhyper::proto::h1::conn[0m[2m:[0m incoming body completed
[2m2025-12-10T10:16:10.161975Z[0m [34mDEBUG[0m [2mhyper::client::pool[0m[2m:[0m pooling idle connection for ("http", 192.168.0.14:8545)
[2m2025-12-10T10:16:10.162003Z[0m [34mDEBUG[0m [2mhyper::client::pool[0m[2m:[0m reuse idle connection for ("http", 192.168.0.14:8545)
[2m2025-12-10T10:16:10.162046Z[0m [34mDEBUG[0m [2mhyper::proto::h1::io[0m[2m:[0m flushed 172 bytes
[2m2025-12-10T10:16:10.166802Z[0m [34mDEBUG[0m [2mhyper::proto::h1::io[0m[2m:[0m parsed 4 headers
[2m2025-12-10T10:16:10.166832Z[0m [34mDEBUG[0m [2mhyper::proto::h1::conn[0m[2m:[0m incoming body is content-length (45 bytes)
[2m2025-12-10T10:16:10.166840Z[0m [34mDEBUG[0m [2mhyper::proto::h1::conn[0m[2m:[0m incoming body completed
[2m2025-12-10T10:16:10.166850Z[0m [34mDEBUG[0m [2mhyper::client::pool[0m[2m:[0m pooling idle connection for ("http", 192.168.0.14:8545)
[2m2025-12-10T10:16:10.166875Z[0m [34mDEBUG[0m [2mhyper::client::pool[0m[2m:[0m reuse idle connection for ("http", 192.168.0.14:8545)
[2m2025-12-10T10:16:10.166908Z[0m [34mDEBUG[0m [2mhyper::proto::h1::io[0m[2m:[0m flushed 172 bytes
[2m2025-12-10T10:16:10.169856Z[0m [34mDEBUG[0m [2mhyper::proto::h1::io[0m[2m:[0m parsed 4 headers
[2m2025-12-10T10:16:10.169910Z[0m [34mDEBUG[0m [2mhyper::proto::h1::conn[0m[2m:[0m incoming body is content-length (45 bytes)
[2m2025-12-10T10:16:10.169931Z[0m [34mDEBUG[0m [2mhyper::proto::h1::conn[0m[2m:[0m incoming body completed
[2m2025-12-10T10:16:10.169954Z[0m [34mDEBUG[0m [2mhyper::client::pool[0m[2m:[0m pooling idle connection for ("http", 192.168.0.14:8545)
[2m2025-12-10T10:16:10.170006Z[0m [34mDEBUG[0m [2mhyper::client::pool[0m[2m:[0m reuse idle connection for ("http", 192.168.0.14:8545)
[2m2025-12-10T10:16:10.170065Z[0m [34mDEBUG[0m [2mhyper::proto::h1::io[0m[2m:[0m flushed 172 bytes
[2m2025-12-10T10:16:10.173424Z[0m [34mDEBUG[0m [2mhyper::proto::h1::io[0m[2m:[0m parsed 4 headers
[2m2025-12-10T10:16:10.173470Z[0m [34mDEBUG[0m [2mhyper::proto::h1::conn[0m[2m:[0m incoming body is content-length (45 bytes)
[2m2025-12-10T10:16:10.173490Z[0m [34mDEBUG[0m [2mhyper::proto::h1::conn[0m[2m:[0m incoming body completed
[2m2025-12-10T10:16:10.173519Z[0m [34mDEBUG[0m [2mhyper::client::pool[0m[2m:[0m pooling idle connection for ("http", 192.168.0.14:8545)
[2m2025-12-10T10:16:10.173575Z[0m [34mDEBUG[0m [2mhyper::client::pool[0m[2m:[0m reuse idle connection for ("http", 192.168.0.14:8545)
[2m2025-12-10T10:16:10.173637Z[0m [34mDEBUG[0m [2mhyper::proto::h1::io[0m[2m:[0m flushed 172 bytes
[2m2025-12-10T10:16:10.178128Z[0m [34mDEBUG[0m [2mhyper::proto::h1::io[0m[2m:[0m parsed 4 headers
[2m2025-12-10T10:16:10.178712Z[0m [34mDEBUG[0m [2mhyper::proto::h1::conn[0m[2m:[0m incoming body is content-length (45 bytes)
[2m2025-12-10T10:16:10.178728Z[0m [34mDEBUG[0m [2mhyper::proto::h1::conn[0m[2m:[0m incoming body completed
[2m2025-12-10T10:16:10.178742Z[0m [34mDEBUG[0m [2mhyper::client::pool[0m[2m:[0m pooling idle connection for ("http", 192.168.0.14:8545)
[2m2025-12-10T10:16:10.178769Z[0m [34mDEBUG[0m [2mhyper::client::pool[0m[2m:[0m reuse idle connection for ("http", 192.168.0.14:8545)
[2m2025-12-10T10:16:10.178818Z[0m [34mDEBUG[0m [2mhyper::proto::h1::io[0m[2m:[0m flushed 172 bytes
[2m2025-12-10T10:16:10.181700Z[0m [34mDEBUG[0m [2mhyper::proto::h1::io[0m[2m:[0m parsed 4 headers
[2m2025-12-10T10:16:10.181711Z[0m [34mDEBUG[0m [2mhyper::proto::h1::conn[0m[2m:[0m incoming body is content-length (45 bytes)
[2m2025-12-10T10:16:10.181717Z[0m [34mDEBUG[0m [2mhyper::proto::h1::conn[0m[2m:[0m incoming body completed
[2m2025-12-10T10:16:10.181725Z[0m [34mDEBUG[0m [2mhyper::client::pool[0m[2m:[0m pooling idle connection for ("http", 192.168.0.14:8545)
[2m2025-12-10T10:16:10.181747Z[0m [34mDEBUG[0m [2mhyper::client::pool[0m[2m:[0m reuse idle connection for ("http", 192.168.0.14:8545)
[2m2025-12-10T10:16:10.181776Z[0m [34mDEBUG[0m [2mhyper::proto::h1::io[0m[2m:[0m flushed 172 bytes
[2m2025-12-10T10:16:10.185283Z[0m [34mDEBUG[0m [2mhyper::proto::h1::io[0m[2m:[0m parsed 4 headers
[2m2025-12-10T10:16:10.185289Z[0m [34mDEBUG[0m [2mhyper::proto::h1::conn[0m[2m:[0m incoming body is content-length (45 bytes)
[2m2025-12-10T10:16:10.185293Z[0m [34mDEBUG[0m [2mhyper::proto::h1::conn[0m[2m:[0m incoming body completed
[2m2025-12-10T10:16:10.185299Z[0m [34mDEBUG[0m [2mhyper::client::pool[0m[2m:[0m pooling idle connection for ("http", 192.168.0.14:8545)
[2m2025-12-10T10:16:10.185311Z[0m [34mDEBUG[0m [2mhyper::client::pool[0m[2m:[0m reuse idle connection for ("http", 192.168.0.14:8545)
[2m2025-12-10T10:16:10.185327Z[0m [34mDEBUG[0m [2mhyper::proto::h1::io[0m[2m:[0m flushed 172 bytes
[2m2025-12-10T10:16:10.188632Z[0m [34mDEBUG[0m [2mhyper::proto::h1::io[0m[2m:[0m parsed 4 headers
[2m2025-12-10T10:16:10.188639Z[0m [34mDEBUG[0m [2mhyper::proto::h1::conn[0m[2m:[0m incoming body is content-length (45 bytes)
[2m2025-12-10T10:16:10.188644Z[0m [34mDEBUG[0m [2mhyper::proto::h1::conn[0m[2m:[0m incoming body completed
[2m2025-12-10T10:16:10.188650Z[0m [34mDEBUG[0m [2mhyper::client::pool[0m[2m:[0m pooling idle connection for ("http", 192.168.0.14:8545)
[2m2025-12-10T10:16:10.188664Z[0m [34mDEBUG[0m [2mhyper::client::pool[0m[2m:[0m reuse idle connection for ("http", 192.168.0.14:8545)
[2m2025-12-10T10:16:10.188680Z[0m [34mDEBUG[0m [2mhyper::proto::h1::io[0m[2m:[0m flushed 172 bytes
[2m2025-12-10T10:16:10.192150Z[0m [34mDEBUG[0m [2mhyper::proto::h1::io[0m[2m:[0m parsed 4 headers
[2m2025-12-10T10:16:10.192191Z[0m [34mDEBUG[0m [2mhyper::proto::h1::conn[0m[2m:[0m incoming body is content-length (45 bytes)
[2m2025-12-10T10:16:10.192205Z[0m [34mDEBUG[0m [2mhyper::proto::h1::conn[0m[2m:[0m incoming body completed
[2m2025-12-10T10:16:10.192232Z[0m [34mDEBUG[0m [2mhyper::client::pool[0m[2m:[0m pooling idle connection for ("http", 192.168.0.14:8545)
[2m2025-12-10T10:16:10.192287Z[0m [34mDEBUG[0m [2mhyper::client::pool[0m[2m:[0m reuse idle connection for ("http", 192.168.0.14:8545)
[2m2025-12-10T10:16:10.192335Z[0m [34mDEBUG[0m [2mhyper::proto::h1::io[0m[2m:[0m flushed 172 bytes
[2m2025-12-10T10:16:10.195357Z[0m [34mDEBUG[0m [2mhyper::proto::h1::io[0m[2m:[0m parsed 4 headers
[2m2025-12-10T10:16:10.195372Z[0m [34mDEBUG[0m [2mhyper::proto::h1::conn[0m[2m:[0m incoming body is content-length (766 bytes)
[2m2025-12-10T10:16:10.195380Z[0m [34mDEBUG[0m [2mhyper::proto::h1::conn[0m[2m:[0m incoming body completed
[2m2025-12-10T10:16:10.195390Z[0m [34mDEBUG[0m [2mhyper::client::pool[0m[2m:[0m pooling idle connection for ("http", 192.168.0.14:8545)
[2m2025-12-10T10:16:10.195397Z[0m [34mDEBUG[0m [2methereum_transaction_pool_monitor::eth_client[0m[2m:[0m 📡 Transaction fetch RPC completed in 189.175083ms
[2m2025-12-10T10:16:10.287733Z[0m [34mDEBUG[0m [2methereum_transaction_pool_monitor::eth_client[0m[2m:[0m ✅ Transaction 0x6ad700674a1e474ff4a3c77cddb8134f1535d7d8f9d61593c8f0b2993edb6344 fetched and parsed in 281.500875ms
[2m2025-12-10T10:16:10.287774Z[0m [34mDEBUG[0m [2methereum_transaction_pool_monitor::mempool_monitor[0m[2m:[0m 🔍 Skipping tx 0x6ad700674a1e474ff4a3c77cddb8134f1535d7d8f9d61593c8f0b2993edb6344 - not a DEX interaction (target: 0x66761Fa41377003622aEE3c7675Fc7b5c1C2FaC5)
[2m2025-12-10T10:16:10.287787Z[0m [34mDEBUG[0m [2methereum_transaction_pool_monitor::mempool_monitor[0m[2m:[0m 📨 Processing new pending transaction: 0x702df23f1d361db731a2a6d0d49ec22e57219f897bb67af4177aaacf560d95c8
[2m2025-12-10T10:16:10.287794Z[0m [34mDEBUG[0m [2methereum_transaction_pool_monitor::mempool_monitor[0m[2m:[0m 🔍 Fetching transaction details for: 0x702df23f1d361db731a2a6d0d49ec22e57219f897bb67af4177aaacf560d95c8
[2m2025-12-10T10:16:10.287800Z[0m [34mDEBUG[0m [2methereum_transaction_pool_monitor::eth_client[0m[2m:[0m 🔍 Fetching transaction details for hash: 0x702df23f1d361db731a2a6d0d49ec22e57219f897bb67af4177aaacf560d95c8
[2m2025-12-10T10:16:10.287825Z[0m [34mDEBUG[0m [2mhyper::client::pool[0m[2m:[0m reuse idle connection for ("http", 192.168.0.14:8545)
[2m2025-12-10T10:16:10.287876Z[0m [34mDEBUG[0m [2mhyper::proto::h1::io[0m[2m:[0m flushed 250 bytes
[2m2025-12-10T10:16:10.287897Z[0m [34mDEBUG[0m [2mhyper::proto::h1::io[0m[2m:[0m parsed 4 headers
[2m2025-12-10T10:16:10.287904Z[0m [34mDEBUG[0m [2mhyper::proto::h1::conn[0m[2m:[0m incoming body is content-length (45 bytes)
[2m2025-12-10T10:16:10.287915Z[0m [34mDEBUG[0m [2mhyper::proto::h1::conn[0m[2m:[0m incoming body completed
[2m2025-12-10T10:16:10.287924Z[0m [34mDEBUG[0m [2mhyper::client::pool[0m[2m:[0m pooling idle connection for ("http", 192.168.0.14:8545)
[2m2025-12-10T10:16:10.287943Z[0m [34mDEBUG[0m [2mhyper::client::pool[0m[2m:[0m reuse idle connection for ("http", 192.168.0.14:8545)
[2m2025-12-10T10:16:10.287958Z[0m [34mDEBUG[0m [2mhyper::proto::h1::io[0m[2m:[0m flushed 172 bytes
[2m2025-12-10T10:16:10.297520Z[0m [34mDEBUG[0m [2mhyper::proto::h1::io[0m[2m:[0m parsed 4 headers
[2m2025-12-10T10:16:10.297550Z[0m [34mDEBUG[0m [2mhyper::proto::h1::conn[0m[2m:[0m incoming body is content-length (45 bytes)
[2m2025-12-10T10:16:10.297559Z[0m [34mDEBUG[0m [2mhyper::proto::h1::conn[0m[2m:[0m incoming body completed
[2m2025-12-10T10:16:10.297571Z[0m [34mDEBUG[0m [2mhyper::client::pool[0m[2m:[0m pooling idle connection for ("http", 192.168.0.14:8545)
[2m2025-12-10T10:16:10.297600Z[0m [34mDEBUG[0m [2mhyper::client::pool[0m[2m:[0m reuse idle connection for ("http", 192.168.0.14:8545)
[2m2025-12-10T10:16:10.297638Z[0m [34mDEBUG[0m [2mhyper::proto::h1::io[0m[2m:[0m flushed 172 bytes
[2m2025-12-10T10:16:10.301264Z[0m [34mDEBUG[0m [2mhyper::proto::h1::io[0m[2m:[0m parsed 4 headers
[2m2025-12-10T10:16:10.301310Z[0m [34mDEBUG[0m [2mhyper::proto::h1::conn[0m[2m:[0m incoming body is content-length (45 bytes)
[2m2025-12-10T10:16:10.301329Z[0m [34mDEBUG[0m [2mhyper::proto::h1::conn[0m[2m:[0m incoming body completed
[2m2025-12-10T10:16:10.301350Z[0m [34mDEBUG[0m [2mhyper::client::pool[0m[2m:[0m pooling idle connection for ("http", 192.168.0.14:8545)
[2m2025-12-10T10:16:10.301398Z[0m [34mDEBUG[0m [2mhyper::client::pool[0m[2m:[0m reuse idle connection for ("http", 192.168.0.14:8545)
[2m2025-12-10T10:16:10.301452Z[0m [34mDEBUG[0m [2mhyper::proto::h1::io[0m[2m:[0m flushed 172 bytes
[2m2025-12-10T10:16:10.305155Z[0m [34mDEBUG[0m [2mhyper::proto::h1::io[0m[2m:[0m parsed 4 headers
[2m2025-12-10T10:16:10.305181Z[0m [34mDEBUG[0m [2mhyper::proto::h1::conn[0m[2m:[0m incoming body is content-length (45 bytes)
[2m2025-12-10T10:16:10.305191Z[0m [34mDEBUG[0m [2mhyper::proto::h1::conn[0m[2m:[0m incoming body completed
[2m2025-12-10T10:16:10.305203Z[0m [34mDEBUG[0m [2mhyper::client::pool[0m[2m:[0m pooling idle connection for ("http", 192.168.0.14:8545)
[2m2025-12-10T10:16:10.305234Z[0m [34mDEBUG[0m [2mhyper::client::pool[0m[2m:[0m reuse idle connection for ("http", 192.168.0.14:8545)
[2m2025-12-10T10:16:10.305268Z[0m [34mDEBUG[0m [2mhyper::proto::h1::io[0m[2m:[0m flushed 172 bytes
[2m2025-12-10T10:16:10.308827Z[0m [34mDEBUG[0m [2mhyper::proto::h1::io[0m[2m:[0m parsed 4 headers
[2m2025-12-10T10:16:10.308839Z[0m [34mDEBUG[0m [2mhyper::proto::h1::conn[0m[2m:[0m incoming body is content-length (45 bytes)
[2m2025-12-10T10:16:10.308848Z[0m [34mDEBUG[0m [2mhyper::proto::h1::conn[0m[2m:[0m incoming body completed
[2m2025-12-10T10:16:10.308857Z[0m [34mDEBUG[0m [2mhyper::client::pool[0m[2m:[0m pooling idle connection for ("http", 192.168.0.14:8545)
[2m2025-12-10T10:16:10.308880Z[0m [34mDEBUG[0m [2mhyper::client::pool[0m[2m:[0m reuse idle connection for ("http", 192.168.0.14:8545)
[2m2025-12-10T10:16:10.308906Z[0m [34mDEBUG[0m [2mhyper::proto::h1::io[0m[2m:[0m flushed 172 bytes
[2m2025-12-10T10:16:10.312847Z[0m [34mDEBUG[0m [2mhyper::proto::h1::io[0m[2m:[0m parsed 4 headers
[2m2025-12-10T10:16:10.312854Z[0m [34mDEBUG[0m [2mhyper::proto::h1::conn[0m[2m:[0m incoming body is content-length (45 bytes)
[2m2025-12-10T10:16:10.312859Z[0m [34mDEBUG[0m [2mhyper::proto::h1::conn[0m[2m:[0m incoming body completed
[2m2025-12-10T10:16:10.312864Z[0m [34mDEBUG[0m [2mhyper::client::pool[0m[2m:[0m pooling idle connection for ("http", 192.168.0.14:8545)
[2m2025-12-10T10:16:10.312879Z[0m [34mDEBUG[0m [2mhyper::client::pool[0m[2m:[0m reuse idle connection for ("http", 192.168.0.14:8545)
[2m2025-12-10T10:16:10.312898Z[0m [34mDEBUG[0m [2mhyper::proto::h1::io[0m[2m:[0m flushed 172 bytes
[2m2025-12-10T10:16:10.317198Z[0m [34mDEBUG[0m [2mhyper::proto::h1::io[0m[2m:[0m parsed 4 headers
[2m2025-12-10T10:16:10.317205Z[0m [34mDEBUG[0m [2mhyper::proto::h1::conn[0m[2m:[0m incoming body is content-length (45 bytes)
[2m2025-12-10T10:16:10.317209Z[0m [34mDEBUG[0m [2mhyper::proto::h1::conn[0m[2m:[0m incoming body completed
[2m2025-12-10T10:16:10.317214Z[0m [34mDEBUG[0m [2mhyper::client::pool[0m[2m:[0m pooling idle connection for ("http", 192.168.0.14:8545)
[2m2025-12-10T10:16:10.317226Z[0m [34mDEBUG[0m [2mhyper::client::pool[0m[2m:[0m reuse idle connection for ("http", 192.168.0.14:8545)
[2m2025-12-10T10:16:10.317240Z[0m [34mDEBUG[0m [2mhyper::proto::h1::io[0m[2m:[0m flushed 172 bytes
[2m2025-12-10T10:16:10.322022Z[0m [34mDEBUG[0m [2mhyper::proto::h1::io[0m[2m:[0m parsed 4 headers
[2m2025-12-10T10:16:10.322068Z[0m [34mDEBUG[0m [2mhyper::proto::h1::conn[0m[2m:[0m incoming body is content-length (45 bytes)
[2m2025-12-10T10:16:10.322085Z[0m [34mDEBUG[0m [2mhyper::proto::h1::conn[0m[2m:[0m incoming body completed
[2m2025-12-10T10:16:10.322106Z[0m [34mDEBUG[0m [2mhyper::client::pool[0m[2m:[0m pooling idle connection for ("http", 192.168.0.14:8545)
[2m2025-12-10T10:16:10.322147Z[0m [34mDEBUG[0m [2mhyper::client::pool[0m[2m:[0m reuse idle connection for ("http", 192.168.0.14:8545)
[2m2025-12-10T10:16:10.322203Z[0m [34mDEBUG[0m [2mhyper::proto::h1::io[0m[2m:[0m flushed 172 bytes
[2m2025-12-10T10:16:10.325789Z[0m [34mDEBUG[0m [2mhyper::proto::h1::io[0m[2m:[0m parsed 4 headers
[2m2025-12-10T10:16:10.325835Z[0m [34mDEBUG[0m [2mhyper::proto::h1::conn[0m[2m:[0m incoming body is content-length (45 bytes)
[2m2025-12-10T10:16:10.325862Z[0m [34mDEBUG[0m [2mhyper::proto::h1::conn[0m[2m:[0m incoming body completed
[2m2025-12-10T10:16:10.325890Z[0m [34mDEBUG[0m [2mhyper::client::pool[0m[2m:[0m pooling idle connection for ("http", 192.168.0.14:8545)
[2m2025-12-10T10:16:10.325963Z[0m [34mDEBUG[0m [2mhyper::client::pool[0m[2m:[0m reuse idle connection for ("http", 192.168.0.14:8545)
[2m2025-12-10T10:16:10.326023Z[0m [34mDEBUG[0m [2mhyper::proto::h1::io[0m[2m:[0m flushed 172 bytes
[2m2025-12-10T10:16:10.329552Z[0m [34mDEBUG[0m [2mhyper::proto::h1::io[0m[2m:[0m parsed 4 headers
[2m2025-12-10T10:16:10.329564Z[0m [34mDEBUG[0m [2mhyper::proto::h1::conn[0m[2m:[0m incoming body is content-length (45 bytes)
[2m2025-12-10T10:16:10.329571Z[0m [34mDEBUG[0m [2mhyper::proto::h1::conn[0m[2m:[0m incoming body completed
[2m2025-12-10T10:16:10.329580Z[0m [34mDEBUG[0m [2mhyper::client::pool[0m[2m:[0m pooling idle connection for ("http", 192.168.0.14:8545)
[2m2025-12-10T10:16:10.329597Z[0m [34mDEBUG[0m [2mhyper::client::pool[0m[2m:[0m reuse idle connection for ("http", 192.168.0.14:8545)
[2m2025-12-10T10:16:10.329619Z[0m [34mDEBUG[0m [2mhyper::proto::h1::io[0m[2m:[0m flushed 172 bytes
[2m2025-12-10T10:16:10.333426Z[0m [34mDEBUG[0m [2mhyper::proto::h1::io[0m[2m:[0m parsed 4 headers
[2m2025-12-10T10:16:10.333495Z[0m [34mDEBUG[0m [2mhyper::proto::h1::conn[0m[2m:[0m incoming body is content-length (45 bytes)
[2m2025-12-10T10:16:10.333516Z[0m [34mDEBUG[0m [2mhyper::proto::h1::conn[0m[2m:[0m incoming body completed
[2m2025-12-10T10:16:10.333532Z[0m [34mDEBUG[0m [2mhyper::client::pool[0m[2m:[0m pooling idle connection for ("http", 192.168.0.14:8545)
[2m2025-12-10T10:16:10.333558Z[0m [34mDEBUG[0m [2mhyper::client::pool[0m[2m:[0m reuse idle connection for ("http", 192.168.0.14:8545)
[2m2025-12-10T10:16:10.333597Z[0m [34mDEBUG[0m [2mhyper::proto::h1::io[0m[2m:[0m flushed 172 bytes
[2m2025-12-10T10:16:10.338789Z[0m [34mDEBUG[0m [2mhyper::proto::h1::io[0m[2m:[0m parsed 4 headers
[2m2025-12-10T10:16:10.338820Z[0m [34mDEBUG[0m [2mhyper::proto::h1::conn[0m[2m:[0m incoming body is content-length (45 bytes)
[2m2025-12-10T10:16:10.338838Z[0m [34mDEBUG[0m [2mhyper::proto::h1::conn[0m[2m:[0m incoming body completed
[2m2025-12-10T10:16:10.338860Z[0m [34mDEBUG[0m [2mhyper::client::pool[0m[2m:[0m pooling idle connection for ("http", 192.168.0.14:8545)
[2m2025-12-10T10:16:10.338914Z[0m [34mDEBUG[0m [2mhyper::client::pool[0m[2m:[0m reuse idle connection for ("http", 192.168.0.14:8545)
[2m2025-12-10T10:16:10.338958Z[0m [34mDEBUG[0m [2mhyper::proto::h1::io[0m[2m:[0m flushed 172 bytes
[2m2025-12-10T10:16:10.344782Z[0m [34mDEBUG[0m [2mhyper::proto::h1::io[0m[2m:[0m parsed 4 headers
[2m2025-12-10T10:16:10.344808Z[0m [34mDEBUG[0m [2mhyper::proto::h1::conn[0m[2m:[0m incoming body is content-length (45 bytes)
[2m2025-12-10T10:16:10.344817Z[0m [34mDEBUG[0m [2mhyper::proto::h1::conn[0m[2m:[0m incoming body completed
[2m2025-12-10T10:16:10.344828Z[0m [34mDEBUG[0m [2mhyper::client::pool[0m[2m:[0m pooling idle connection for ("http", 192.168.0.14:8545)
[2m2025-12-10T10:16:10.344852Z[0m [34mDEBUG[0m [2mhyper::client::pool[0m[2m:[0m reuse idle connection for ("http", 192.168.0.14:8545)
[2m2025-12-10T10:16:10.344882Z[0m [34mDEBUG[0m [2mhyper::proto::h1::io[0m[2m:[0m flushed 172 bytes
[2m2025-12-10T10:16:10.350344Z[0m [34mDEBUG[0m [2mhyper::proto::h1::io[0m[2m:[0m parsed 4 headers
[2m2025-12-10T10:16:10.350354Z[0m [34mDEBUG[0m [2mhyper::proto::h1::conn[0m[2m:[0m incoming body is content-length (45 bytes)
[2m2025-12-10T10:16:10.350361Z[0m [34mDEBUG[0m [2mhyper::proto::h1::conn[0m[2m:[0m incoming body completed
[2m2025-12-10T10:16:10.350367Z[0m [34mDEBUG[0m [2mhyper::client::pool[0m[2m:[0m pooling idle connection for ("http", 192.168.0.14:8545)
[2m2025-12-10T10:16:10.350387Z[0m [34mDEBUG[0m [2mhyper::client::pool[0m[2m:[0m reuse idle connection for ("http", 192.168.0.14:8545)
[2m2025-12-10T10:16:10.350405Z[0m [34mDEBUG[0m [2mhyper::proto::h1::io[0m[2m:[0m flushed 172 bytes
[2m2025-12-10T10:16:10.354103Z[0m [34mDEBUG[0m [2mhyper::proto::h1::io[0m[2m:[0m parsed 4 headers
[2m2025-12-10T10:16:10.354246Z[0m [34mDEBUG[0m [2mhyper::proto::h1::conn[0m[2m:[0m incoming body is content-length (45 bytes)
[2m2025-12-10T10:16:10.354291Z[0m [34mDEBUG[0m [2mhyper::proto::h1::conn[0m[2m:[0m incoming body completed
[2m2025-12-10T10:16:10.354327Z[0m [34mDEBUG[0m [2mhyper::client::pool[0m[2m:[0m pooling idle connection for ("http", 192.168.0.14:8545)
[2m2025-12-10T10:16:10.354343Z[0m [34mDEBUG[0m [2mhyper::client::pool[0m[2m:[0m reuse idle connection for ("http", 192.168.0.14:8545)
[2m2025-12-10T10:16:10.354358Z[0m [34mDEBUG[0m [2mhyper::proto::h1::io[0m[2m:[0m flushed 172 bytes
[2m2025-12-10T10:16:10.358244Z[0m [34mDEBUG[0m [2mhyper::proto::h1::io[0m[2m:[0m parsed 4 headers
[2m2025-12-10T10:16:10.360246Z[0m [34mDEBUG[0m [2mhyper::proto::h1::conn[0m[2m:[0m incoming body is content-length (45 bytes)
[2m2025-12-10T10:16:10.360261Z[0m [34mDEBUG[0m [2mhyper::proto::h1::conn[0m[2m:[0m incoming body completed
[2m2025-12-10T10:16:10.360276Z[0m [34mDEBUG[0m [2mhyper::client::pool[0m[2m:[0m pooling idle connection for ("http", 192.168.0.14:8545)
[2m2025-12-10T10:16:10.360307Z[0m [34mDEBUG[0m [2mhyper::client::pool[0m[2m:[0m reuse idle connection for ("http", 192.168.0.14:8545)
[2m2025-12-10T10:16:10.360344Z[0m [34mDEBUG[0m [2mhyper::proto::h1::io[0m[2m:[0m flushed 172 bytes
[2m2025-12-10T10:16:10.363921Z[0m [34mDEBUG[0m [2mhyper::proto::h1::io[0m[2m:[0m parsed 4 headers
[2m2025-12-10T10:16:10.363964Z[0m [34mDEBUG[0m [2mhyper::proto::h1::conn[0m[2m:[0m incoming body is content-length (45 bytes)
[2m2025-12-10T10:16:10.363983Z[0m [34mDEBUG[0m [2mhyper::proto::h1::conn[0m[2m:[0m incoming body completed
[2m2025-12-10T10:16:10.364008Z[0m [34mDEBUG[0m [2mhyper::client::pool[0m[2m:[0m pooling idle connection for ("http", 192.168.0.14:8545)
[2m2025-12-10T10:16:10.364040Z[0m [34mDEBUG[0m [2mhyper::client::pool[0m[2m:[0m reuse idle connection for ("http", 192.168.0.14:8545)
[2m2025-12-10T10:16:10.364062Z[0m [34mDEBUG[0m [2mhyper::proto::h1::io[0m[2m:[0m flushed 172 bytes
[2m2025-12-10T10:16:10.368874Z[0m [34mDEBUG[0m [2mhyper::proto::h1::io[0m[2m:[0m parsed 4 headers
[2m2025-12-10T10:16:10.368890Z[0m [34mDEBUG[0m [2mhyper::proto::h1::conn[0m[2m:[0m incoming body is content-length (45 bytes)
[2m2025-12-10T10:16:10.368899Z[0m [34mDEBUG[0m [2mhyper::proto::h1::conn[0m[2m:[0m incoming body completed
[2m2025-12-10T10:16:10.368910Z[0m [34mDEBUG[0m [2mhyper::client::pool[0m[2m:[0m pooling idle connection for ("http", 192.168.0.14:8545)
[2m2025-12-10T10:16:10.368936Z[0m [34mDEBUG[0m [2mhyper::client::pool[0m[2m:[0m reuse idle connection for ("http", 192.168.0.14:8545)
[2m2025-12-10T10:16:10.368962Z[0m [34mDEBUG[0m [2mhyper::proto::h1::io[0m[2m:[0m flushed 172 bytes
[2m2025-12-10T10:16:10.374846Z[0m [34mDEBUG[0m [2mhyper::proto::h1::io[0m[2m:[0m parsed 4 headers
[2m2025-12-10T10:16:10.374894Z[0m [34mDEBUG[0m [2mhyper::proto::h1::conn[0m[2m:[0m incoming body is content-length (45 bytes)
[2m2025-12-10T10:16:10.374924Z[0m [34mDEBUG[0m [2mhyper::proto::h1::conn[0m[2m:[0m incoming body completed
[2m2025-12-10T10:16:10.374958Z[0m [34mDEBUG[0m [2mhyper::client::pool[0m[2m:[0m pooling idle connection for ("http", 192.168.0.14:8545)
[2m2025-12-10T10:16:10.375011Z[0m [34mDEBUG[0m [2mhyper::client::pool[0m[2m:[0m reuse idle connection for ("http", 192.168.0.14:8545)
[2m2025-12-10T10:16:10.375075Z[0m [34mDEBUG[0m [2mhyper::proto::h1::io[0m[2m:[0m flushed 172 bytes
[2m2025-12-10T10:16:10.380300Z[0m [34mDEBUG[0m [2mhyper::proto::h1::io[0m[2m:[0m parsed 4 headers
[2m2025-12-10T10:16:10.380345Z[0m [34mDEBUG[0m [2mhyper::proto::h1::conn[0m[2m:[0m incoming body is content-length (45 bytes)
[2m2025-12-10T10:16:10.380366Z[0m [34mDEBUG[0m [2mhyper::proto::h1::conn[0m[2m:[0m incoming body completed
[2m2025-12-10T10:16:10.380391Z[0m [34mDEBUG[0m [2mhyper::client::pool[0m[2m:[0m pooling idle connection for ("http", 192.168.0.14:8545)
[2m2025-12-10T10:16:10.380450Z[0m [34mDEBUG[0m [2mhyper::client::pool[0m[2m:[0m reuse idle connection for ("http", 192.168.0.14:8545)
[2m2025-12-10T10:16:10.380514Z[0m [34mDEBUG[0m [2mhyper::proto::h1::io[0m[2m:[0m flushed 172 bytes
[2m2025-12-10T10:16:10.385033Z[0m [34mDEBUG[0m [2mhyper::proto::h1::io[0m[2m:[0m parsed 4 headers
[2m2025-12-10T10:16:10.385734Z[0m [34mDEBUG[0m [2mhyper::proto::h1::conn[0m[2m:[0m incoming body is content-length (45 bytes)
[2m2025-12-10T10:16:10.385758Z[0m [34mDEBUG[0m [2mhyper::proto::h1::conn[0m[2m:[0m incoming body completed
[2m2025-12-10T10:16:10.385779Z[0m [34mDEBUG[0m [2mhyper::client::pool[0m[2m:[0m pooling idle connection for ("http", 192.168.0.14:8545)
[2m2025-12-10T10:16:10.385830Z[0m [34mDEBUG[0m [2mhyper::client::pool[0m[2m:[0m reuse idle connection for ("http", 192.168.0.14:8545)
[2m2025-12-10T10:16:10.385882Z[0m [34mDEBUG[0m [2mhyper::proto::h1::io[0m[2m:[0m flushed 172 bytes
[2m2025-12-10T10:16:10.390540Z[0m [34mDEBUG[0m [2mhyper::proto::h1::io[0m[2m:[0m parsed 4 headers
[2m2025-12-10T10:16:10.390553Z[0m [34mDEBUG[0m [2mhyper::proto::h1::conn[0m[2m:[0m incoming body is content-length (45 bytes)
[2m2025-12-10T10:16:10.390561Z[0m [34mDEBUG[0m [2mhyper::proto::h1::conn[0m[2m:[0m incoming body completed
[2m2025-12-10T10:16:10.390571Z[0m [34mDEBUG[0m [2mhyper::client::pool[0m[2m:[0m pooling idle connection for ("http", 192.168.0.14:8545)
[2m2025-12-10T10:16:10.390594Z[0m [34mDEBUG[0m [2mhyper::client::pool[0m[2m:[0m reuse idle connection for ("http", 192.168.0.14:8545)
[2m2025-12-10T10:16:10.390618Z[0m [34mDEBUG[0m [2mhyper::proto::h1::io[0m[2m:[0m flushed 172 bytes
[2m2025-12-10T10:16:10.394864Z[0m [34mDEBUG[0m [2mhyper::proto::h1::io[0m[2m:[0m parsed 4 headers
[2m2025-12-10T10:16:10.394921Z[0m [34mDEBUG[0m [2mhyper::proto::h1::conn[0m[2m:[0m incoming body is content-length (45 bytes)
[2m2025-12-10T10:16:10.394942Z[0m [34mDEBUG[0m [2mhyper::proto::h1::conn[0m[2m:[0m incoming body completed
[2m2025-12-10T10:16:10.394969Z[0m [34mDEBUG[0m [2mhyper::client::pool[0m[2m:[0m pooling idle connection for ("http", 192.168.0.14:8545)
[2m2025-12-10T10:16:10.395024Z[0m [34mDEBUG[0m [2mhyper::client::pool[0m[2m:[0m reuse idle connection for ("http", 192.168.0.14:8545)
[2m2025-12-10T10:16:10.395079Z[0m [34mDEBUG[0m [2mhyper::proto::h1::io[0m[2m:[0m flushed 172 bytes
[2m2025-12-10T10:16:10.398709Z[0m [34mDEBUG[0m [2mhyper::proto::h1::io[0m[2m:[0m parsed 4 headers
[2m2025-12-10T10:16:10.398731Z[0m [34mDEBUG[0m [2mhyper::proto::h1::conn[0m[2m:[0m incoming body is content-length (45 bytes)
[2m2025-12-10T10:16:10.398743Z[0m [34mDEBUG[0m [2mhyper::proto::h1::conn[0m[2m:[0m incoming body completed
[2m2025-12-10T10:16:10.398773Z[0m [34mDEBUG[0m [2mhyper::client::pool[0m[2m:[0m pooling idle connection for ("http", 192.168.0.14:8545)
[2m2025-12-10T10:16:10.398815Z[0m [34mDEBUG[0m [2mhyper::client::pool[0m[2m:[0m reuse idle connection for ("http", 192.168.0.14:8545)
[2m2025-12-10T10:16:10.398861Z[0m [34mDEBUG[0m [2mhyper::proto::h1::io[0m[2m:[0m flushed 172 bytes
[2m2025-12-10T10:16:10.402676Z[0m [34mDEBUG[0m [2mhyper::proto::h1::io[0m[2m:[0m parsed 4 headers
[2m2025-12-10T10:16:10.402705Z[0m [34mDEBUG[0m [2mhyper::proto::h1::conn[0m[2m:[0m incoming body is content-length (45 bytes)
[2m2025-12-10T10:16:10.402730Z[0m [34mDEBUG[0m [2mhyper::proto::h1::conn[0m[2m:[0m incoming body completed
[2m2025-12-10T10:16:10.402761Z[0m [34mDEBUG[0m [2mhyper::client::pool[0m[2m:[0m pooling idle connection for ("http", 192.168.0.14:8545)
[2m2025-12-10T10:16:10.402821Z[0m [34mDEBUG[0m [2mhyper::client::pool[0m[2m:[0m reuse idle connection for ("http", 192.168.0.14:8545)
[2m2025-12-10T10:16:10.402869Z[0m [34mDEBUG[0m [2mhyper::proto::h1::io[0m[2m:[0m flushed 172 bytes
[2m2025-12-10T10:16:10.407829Z[0m [34mDEBUG[0m [2mhyper::proto::h1::io[0m[2m:[0m parsed 4 headers
[2m2025-12-10T10:16:10.407885Z[0m [34mDEBUG[0m [2mhyper::proto::h1::conn[0m[2m:[0m incoming body is content-length (45 bytes)
[2m2025-12-10T10:16:10.407901Z[0m [34mDEBUG[0m [2mhyper::proto::h1::conn[0m[2m:[0m incoming body completed
[2m2025-12-10T10:16:10.407923Z[0m [34mDEBUG[0m [2mhyper::client::pool[0m[2m:[0m pooling idle connection for ("http", 192.168.0.14:8545)
[2m2025-12-10T10:16:10.407980Z[0m [34mDEBUG[0m [2mhyper::client::pool[0m[2m:[0m reuse idle connection for ("http", 192.168.0.14:8545)
[2m2025-12-10T10:16:10.408015Z[0m [34mDEBUG[0m [2mhyper::proto::h1::io[0m[2m:[0m flushed 172 bytes
[2m2025-12-10T10:16:10.414863Z[0m [34mDEBUG[0m [2mhyper::proto::h1::io[0m[2m:[0m parsed 4 headers
[2m2025-12-10T10:16:10.414931Z[0m [34mDEBUG[0m [2mhyper::proto::h1::conn[0m[2m:[0m incoming body is content-length (45 bytes)
[2m2025-12-10T10:16:10.414952Z[0m [34mDEBUG[0m [2mhyper::proto::h1::conn[0m[2m:[0m incoming body completed
[2m2025-12-10T10:16:10.414978Z[0m [34mDEBUG[0m [2mhyper::client::pool[0m[2m:[0m pooling idle connection for ("http", 192.168.0.14:8545)
[2m2025-12-10T10:16:10.415037Z[0m [34mDEBUG[0m [2mhyper::client::pool[0m[2m:[0m reuse idle connection for ("http", 192.168.0.14:8545)
[2m2025-12-10T10:16:10.415102Z[0m [34mDEBUG[0m [2mhyper::proto::h1::io[0m[2m:[0m flushed 172 bytes
[2m2025-12-10T10:16:10.418768Z[0m [34mDEBUG[0m [2mhyper::proto::h1::io[0m[2m:[0m parsed 4 headers
[2m2025-12-10T10:16:10.418799Z[0m [34mDEBUG[0m [2mhyper::proto::h1::conn[0m[2m:[0m incoming body is content-length (45 bytes)
[2m2025-12-10T10:16:10.418817Z[0m [34mDEBUG[0m [2mhyper::proto::h1::conn[0m[2m:[0m incoming body completed
[2m2025-12-10T10:16:10.418831Z[0m [34mDEBUG[0m [2mhyper::client::pool[0m[2m:[0m pooling idle connection for ("http", 192.168.0.14:8545)
[2m2025-12-10T10:16:10.418866Z[0m [34mDEBUG[0m [2mhyper::client::pool[0m[2m:[0m reuse idle connection for ("http", 192.168.0.14:8545)
[2m2025-12-10T10:16:10.418902Z[0m [34mDEBUG[0m [2mhyper::proto::h1::io[0m[2m:[0m flushed 172 bytes
[2m2025-12-10T10:16:10.425244Z[0m [34mDEBUG[0m [2mhyper::proto::h1::io[0m[2m:[0m parsed 4 headers
[2m2025-12-10T10:16:10.425259Z[0m [34mDEBUG[0m [2mhyper::proto::h1::conn[0m[2m:[0m incoming body is content-length (45 bytes)
[2m2025-12-10T10:16:10.425270Z[0m [34mDEBUG[0m [2mhyper::proto::h1::conn[0m[2m:[0m incoming body completed
[2m2025-12-10T10:16:10.425281Z[0m [34mDEBUG[0m [2mhyper::client::pool[0m[2m:[0m pooling idle connection for ("http", 192.168.0.14:8545)
[2m2025-12-10T10:16:10.425307Z[0m [34mDEBUG[0m [2mhyper::client::pool[0m[2m:[0m reuse idle connection for ("http", 192.168.0.14:8545)
[2m2025-12-10T10:16:10.425330Z[0m [34mDEBUG[0m [2mhyper::proto::h1::io[0m[2m:[0m flushed 172 bytes
[2m2025-12-10T10:16:10.432238Z[0m [34mDEBUG[0m [2mhyper::proto::h1::io[0m[2m:[0m parsed 4 headers
[2m2025-12-10T10:16:10.432297Z[0m [34mDEBUG[0m [2mhyper::proto::h1::conn[0m[2m:[0m incoming body is content-length (45 bytes)
[2m2025-12-10T10:16:10.432319Z[0m [34mDEBUG[0m [2mhyper::proto::h1::conn[0m[2m:[0m incoming body completed
[2m2025-12-10T10:16:10.432347Z[0m [34mDEBUG[0m [2mhyper::client::pool[0m[2m:[0m pooling idle connection for ("http", 192.168.0.14:8545)
[2m2025-12-10T10:16:10.432406Z[0m [34mDEBUG[0m [2mhyper::client::pool[0m[2m:[0m reuse idle connection for ("http", 192.168.0.14:8545)
[2m2025-12-10T10:16:10.432478Z[0m [34mDEBUG[0m [2mhyper::proto::h1::io[0m[2m:[0m flushed 172 bytes
[2m2025-12-10T10:16:10.436132Z[0m [34mDEBUG[0m [2mhyper::proto::h1::io[0m[2m:[0m parsed 4 headers
[2m2025-12-10T10:16:10.436164Z[0m [34mDEBUG[0m [2mhyper::proto::h1::conn[0m[2m:[0m incoming body is content-length (45 bytes)
[2m2025-12-10T10:16:10.436174Z[0m [34mDEBUG[0m [2mhyper::proto::h1::conn[0m[2m:[0m incoming body completed
[2m2025-12-10T10:16:10.436187Z[0m [34mDEBUG[0m [2mhyper::client::pool[0m[2m:[0m pooling idle connection for ("http", 192.168.0.14:8545)
[2m2025-12-10T10:16:10.436217Z[0m [34mDEBUG[0m [2mhyper::client::pool[0m[2m:[0m reuse idle connection for ("http", 192.168.0.14:8545)
[2m2025-12-10T10:16:10.436251Z[0m [34mDEBUG[0m [2mhyper::proto::h1::io[0m[2m:[0m flushed 172 bytes
[2m2025-12-10T10:16:10.441748Z[0m [34mDEBUG[0m [2mhyper::proto::h1::io[0m[2m:[0m parsed 4 headers
[2m2025-12-10T10:16:10.441792Z[0m [34mDEBUG[0m [2mhyper::proto::h1::conn[0m[2m:[0m incoming body is content-length (45 bytes)
[2m2025-12-10T10:16:10.441846Z[0m [34mDEBUG[0m [2mhyper::proto::h1::conn[0m[2m:[0m incoming body completed
[2m2025-12-10T10:16:10.441863Z[0m [34mDEBUG[0m [2mhyper::client::pool[0m[2m:[0m pooling idle connection for ("http", 192.168.0.14:8545)
[2m2025-12-10T10:16:10.441891Z[0m [34mDEBUG[0m [2mhyper::client::pool[0m[2m:[0m reuse idle connection for ("http", 192.168.0.14:8545)
[2m2025-12-10T10:16:10.441912Z[0m [34mDEBUG[0m [2mhyper::proto::h1::io[0m[2m:[0m flushed 172 bytes
[2m2025-12-10T10:16:10.445900Z[0m [34mDEBUG[0m [2mhyper::proto::h1::io[0m[2m:[0m parsed 4 headers
[2m2025-12-10T10:16:10.445915Z[0m [34mDEBUG[0m [2mhyper::proto::h1::conn[0m[2m:[0m incoming body is content-length (45 bytes)
[2m2025-12-10T10:16:10.445925Z[0m [34mDEBUG[0m [2mhyper::proto::h1::conn[0m[2m:[0m incoming body completed
[2m2025-12-10T10:16:10.445937Z[0m [34mDEBUG[0m [2mhyper::client::pool[0m[2m:[0m pooling idle connection for ("http", 192.168.0.14:8545)
[2m2025-12-10T10:16:10.445965Z[0m [34mDEBUG[0m [2mhyper::client::pool[0m[2m:[0m reuse idle connection for ("http", 192.168.0.14:8545)
[2m2025-12-10T10:16:10.445992Z[0m [34mDEBUG[0m [2mhyper::proto::h1::io[0m[2m:[0m flushed 172 bytes
[2m2025-12-10T10:16:10.454877Z[0m [34mDEBUG[0m [2mhyper::proto::h1::io[0m[2m:[0m parsed 4 headers
[2m2025-12-10T10:16:10.454909Z[0m [34mDEBUG[0m [2mhyper::proto::h1::conn[0m[2m:[0m incoming body is content-length (45 bytes)
[2m2025-12-10T10:16:10.454921Z[0m [34mDEBUG[0m [2mhyper::proto::h1::conn[0m[2m:[0m incoming body completed
[2m2025-12-10T10:16:10.454934Z[0m [34mDEBUG[0m [2mhyper::client::pool[0m[2m:[0m pooling idle connection for ("http", 192.168.0.14:8545)
[2m2025-12-10T10:16:10.454965Z[0m [34mDEBUG[0m [2mhyper::client::pool[0m[2m:[0m reuse idle connection for ("http", 192.168.0.14:8545)
[2m2025-12-10T10:16:10.455001Z[0m [34mDEBUG[0m [2mhyper::proto::h1::io[0m[2m:[0m flushed 172 bytes
[2m2025-12-10T10:16:10.460704Z[0m [34mDEBUG[0m [2mhyper::proto::h1::io[0m[2m:[0m parsed 4 headers
[2m2025-12-10T10:16:10.460724Z[0m [34mDEBUG[0m [2mhyper::proto::h1::conn[0m[2m:[0m incoming body is content-length (45 bytes)
[2m2025-12-10T10:16:10.460733Z[0m [34mDEBUG[0m [2mhyper::proto::h1::conn[0m[2m:[0m incoming body completed
[2m2025-12-10T10:16:10.460745Z[0m [34mDEBUG[0m [2mhyper::client::pool[0m[2m:[0m pooling idle connection for ("http", 192.168.0.14:8545)
[2m2025-12-10T10:16:10.460774Z[0m [34mDEBUG[0m [2mhyper::client::pool[0m[2m:[0m reuse idle connection for ("http", 192.168.0.14:8545)
[2m2025-12-10T10:16:10.460803Z[0m [34mDEBUG[0m [2mhyper::proto::h1::io[0m[2m:[0m flushed 172 bytes
[2m2025-12-10T10:16:10.465190Z[0m [34mDEBUG[0m [2mhyper::proto::h1::io[0m[2m:[0m parsed 4 headers
[2m2025-12-10T10:16:10.465214Z[0m [34mDEBUG[0m [2mhyper::proto::h1::conn[0m[2m:[0m incoming body is content-length (45 bytes)
[2m2025-12-10T10:16:10.465225Z[0m [34mDEBUG[0m [2mhyper::proto::h1::conn[0m[2m:[0m incoming body completed
[2m2025-12-10T10:16:10.465245Z[0m [34mDEBUG[0m [2mhyper::client::pool[0m[2m:[0m pooling idle connection for ("http", 192.168.0.14:8545)
[2m2025-12-10T10:16:10.465275Z[0m [34mDEBUG[0m [2mhyper::client::pool[0m[2m:[0m reuse idle connection for ("http", 192.168.0.14:8545)
[2m2025-12-10T10:16:10.465304Z[0m [34mDEBUG[0m [2mhyper::proto::h1::io[0m[2m:[0m flushed 172 bytes
[2m2025-12-10T10:16:10.469154Z[0m [34mDEBUG[0m [2mhyper::proto::h1::io[0m[2m:[0m parsed 4 headers
[2m2025-12-10T10:16:10.469359Z[0m [34mDEBUG[0m [2mhyper::proto::h1::conn[0m[2m:[0m incoming body is content-length (45 bytes)
[2m2025-12-10T10:16:10.469371Z[0m [34mDEBUG[0m [2mhyper::proto::h1::conn[0m[2m:[0m incoming body completed
[2m2025-12-10T10:16:10.469383Z[0m [34mDEBUG[0m [2mhyper::client::pool[0m[2m:[0m pooling idle connection for ("http", 192.168.0.14:8545)
[2m2025-12-10T10:16:10.469410Z[0m [34mDEBUG[0m [2mhyper::client::pool[0m[2m:[0m reuse idle connection for ("http", 192.168.0.14:8545)
[2m2025-12-10T10:16:10.469441Z[0m [34mDEBUG[0m [2mhyper::proto::h1::io[0m[2m:[0m flushed 172 bytes
[2m2025-12-10T10:16:10.473234Z[0m [34mDEBUG[0m [2mhyper::proto::h1::io[0m[2m:[0m parsed 4 headers
[2m2025-12-10T10:16:10.473267Z[0m [34mDEBUG[0m [2mhyper::proto::h1::conn[0m[2m:[0m incoming body is content-length (45 bytes)
[2m2025-12-10T10:16:10.473287Z[0m [34mDEBUG[0m [2mhyper::proto::h1::conn[0m[2m:[0m incoming body completed
[2m2025-12-10T10:16:10.473312Z[0m [34mDEBUG[0m [2mhyper::client::pool[0m[2m:[0m pooling idle connection for ("http", 192.168.0.14:8545)
[2m2025-12-10T10:16:10.473364Z[0m [34mDEBUG[0m [2mhyper::client::pool[0m[2m:[0m reuse idle connection for ("http", 192.168.0.14:8545)
[2m2025-12-10T10:16:10.473410Z[0m [34mDEBUG[0m [2mhyper::proto::h1::io[0m[2m:[0m flushed 172 bytes
[2m2025-12-10T10:16:10.476192Z[0m [34mDEBUG[0m [2mhyper::proto::h1::io[0m[2m:[0m parsed 4 headers
[2m2025-12-10T10:16:10.476207Z[0m [34mDEBUG[0m [2mhyper::proto::h1::conn[0m[2m:[0m incoming body is content-length (45 bytes)
[2m2025-12-10T10:16:10.476216Z[0m [34mDEBUG[0m [2mhyper::proto::h1::conn[0m[2m:[0m incoming body completed
[2m2025-12-10T10:16:10.476228Z[0m [34mDEBUG[0m [2mhyper::client::pool[0m[2m:[0m pooling idle connection for ("http", 192.168.0.14:8545)
[2m2025-12-10T10:16:10.476263Z[0m [34mDEBUG[0m [2mhyper::client::pool[0m[2m:[0m reuse idle connection for ("http", 192.168.0.14:8545)
[2m2025-12-10T10:16:10.476289Z[0m [34mDEBUG[0m [2mhyper::proto::h1::io[0m[2m:[0m flushed 172 bytes
[2m2025-12-10T10:16:10.480933Z[0m [34mDEBUG[0m [2mhyper::proto::h1::io[0m[2m:[0m parsed 4 headers
[2m2025-12-10T10:16:10.480940Z[0m [34mDEBUG[0m [2mhyper::proto::h1::conn[0m[2m:[0m incoming body is content-length (45 bytes)
[2m2025-12-10T10:16:10.480947Z[0m [34mDEBUG[0m [2mhyper::proto::h1::conn[0m[2m:[0m incoming body completed
[2m2025-12-10T10:16:10.480953Z[0m [34mDEBUG[0m [2mhyper::client::pool[0m[2m:[0m pooling idle connection for ("http", 192.168.0.14:8545)
[2m2025-12-10T10:16:10.480975Z[0m [34mDEBUG[0m [2mhyper::client::pool[0m[2m:[0m reuse idle connection for ("http", 192.168.0.14:8545)
[2m2025-12-10T10:16:10.480993Z[0m [34mDEBUG[0m [2mhyper::proto::h1::io[0m[2m:[0m flushed 172 bytes
[2m2025-12-10T10:16:10.485871Z[0m [34mDEBUG[0m [2mhyper::proto::h1::io[0m[2m:[0m parsed 4 headers
[2m2025-12-10T10:16:10.485923Z[0m [34mDEBUG[0m [2mhyper::proto::h1::conn[0m[2m:[0m incoming body is content-length (45 bytes)
[2m2025-12-10T10:16:10.485957Z[0m [34mDEBUG[0m [2mhyper::proto::h1::conn[0m[2m:[0m incoming body completed
[2m2025-12-10T10:16:10.485990Z[0m [34mDEBUG[0m [2mhyper::client::pool[0m[2m:[0m pooling idle connection for ("http", 192.168.0.14:8545)
[2m2025-12-10T10:16:10.486055Z[0m [34mDEBUG[0m [2mhyper::client::pool[0m[2m:[0m reuse idle connection for ("http", 192.168.0.14:8545)
[2m2025-12-10T10:16:10.486082Z[0m [34mDEBUG[0m [2mhyper::proto::h1::io[0m[2m:[0m parsed 4 headers
[2m2025-12-10T10:16:10.486093Z[0m [34mDEBUG[0m [2mhyper::proto::h1::conn[0m[2m:[0m incoming body is content-length (774 bytes)
[2m2025-12-10T10:16:10.486105Z[0m [34mDEBUG[0m [2mhyper::proto::h1::conn[0m[2m:[0m incoming body completed
[2m2025-12-10T10:16:10.486115Z[0m [34mDEBUG[0m [2mhyper::proto::h1::io[0m[2m:[0m flushed 172 bytes
[2m2025-12-10T10:16:10.486134Z[0m [34mDEBUG[0m [2mhyper::client::pool[0m[2m:[0m pooling idle connection for ("http", 192.168.0.14:8545)
[2m2025-12-10T10:16:10.486156Z[0m [34mDEBUG[0m [2methereum_transaction_pool_monitor::eth_client[0m[2m:[0m 📡 Transaction fetch RPC completed in 198.349375ms
[2m2025-12-10T10:16:10.486176Z[0m [34mDEBUG[0m [2methereum_transaction_pool_monitor::eth_client[0m[2m:[0m DeFi transaction detected - Address: 0xdac17f958d2ee523a2206206994597c13d831ec7, Type: Stablecoin, Value: 0 ETH, Gas: 2.20 Gwei
[2m2025-12-10T10:16:10.486203Z[0m [34mDEBUG[0m [2methereum_transaction_pool_monitor::eth_client[0m[2m:[0m ✅ Transaction 0x702df23f1d361db731a2a6d0d49ec22e57219f897bb67af4177aaacf560d95c8 fetched and parsed in 198.396ms
[2m2025-12-10T10:16:10.486216Z[0m [34mDEBUG[0m [2methereum_transaction_pool_monitor::mempool_monitor[0m[2m:[0m 🔍 Skipping tx 0x702df23f1d361db731a2a6d0d49ec22e57219f897bb67af4177aaacf560d95c8 - not a DEX interaction (target: 0xdAC17F958D2ee523a2206206994597C13D831ec7)
[2m2025-12-10T10:16:10.486238Z[0m [34mDEBUG[0m [2methereum_transaction_pool_monitor::mempool_monitor[0m[2m:[0m 📨 Processing new pending transaction: 0x7b03be5d4809b09e2737236417940c2e51a9daada2c70b13bc27395e9d94b557
[2m2025-12-10T10:16:10.486244Z[0m [34mDEBUG[0m [2methereum_transaction_pool_monitor::mempool_monitor[0m[2m:[0m 🔍 Fetching transaction details for: 0x7b03be5d4809b09e2737236417940c2e51a9daada2c70b13bc27395e9d94b557
[2m2025-12-10T10:16:10.486249Z[0m [34mDEBUG[0m [2methereum_transaction_pool_monitor::eth_client[0m[2m:[0m 🔍 Fetching transaction details for hash: 0x7b03be5d4809b09e2737236417940c2e51a9daada2c70b13bc27395e9d94b557
[2m2025-12-10T10:16:10.486271Z[0m [34mDEBUG[0m [2mhyper::client::pool[0m[2m:[0m reuse idle connection for ("http", 192.168.0.14:8545)
[2m2025-12-10T10:16:10.486300Z[0m [34mDEBUG[0m [2mhyper::proto::h1::io[0m[2m:[0m flushed 250 bytes
[2m2025-12-10T10:16:10.493517Z[0m [34mDEBUG[0m [2mhyper::proto::h1::io[0m[2m:[0m parsed 4 headers
[2m2025-12-10T10:16:10.493556Z[0m [34mDEBUG[0m [2mhyper::proto::h1::conn[0m[2m:[0m incoming body is content-length (45 bytes)
[2m2025-12-10T10:16:10.493584Z[0m [34mDEBUG[0m [2mhyper::proto::h1::conn[0m[2m:[0m incoming body completed
[2m2025-12-10T10:16:10.493612Z[0m [34mDEBUG[0m [2mhyper::client::pool[0m[2m:[0m pooling idle connection for ("http", 192.168.0.14:8545)
[2m2025-12-10T10:16:10.493706Z[0m [34mDEBUG[0m [2mhyper::client::pool[0m[2m:[0m reuse idle connection for ("http", 192.168.0.14:8545)
[2m2025-12-10T10:16:10.493758Z[0m [34mDEBUG[0m [2mhyper::proto::h1::io[0m[2m:[0m flushed 172 bytes
[2m2025-12-10T10:16:10.497476Z[0m [34mDEBUG[0m [2mhyper::proto::h1::io[0m[2m:[0m parsed 4 headers
[2m2025-12-10T10:16:10.497493Z[0m [34mDEBUG[0m [2mhyper::proto::h1::conn[0m[2m:[0m incoming body is content-length (45 bytes)
[2m2025-12-10T10:16:10.497502Z[0m [34mDEBUG[0m [2mhyper::proto::h1::conn[0m[2m:[0m incoming body completed
[2m2025-12-10T10:16:10.497513Z[0m [34mDEBUG[0m [2mhyper::client::pool[0m[2m:[0m pooling idle connection for ("http", 192.168.0.14:8545)
[2m2025-12-10T10:16:10.497571Z[0m [34mDEBUG[0m [2mhyper::client::pool[0m[2m:[0m reuse idle connection for ("http", 192.168.0.14:8545)
[2m2025-12-10T10:16:10.497644Z[0m [34mDEBUG[0m [2mhyper::proto::h1::io[0m[2m:[0m flushed 172 bytes
[2m2025-12-10T10:16:10.506167Z[0m [34mDEBUG[0m [2mhyper::proto::h1::io[0m[2m:[0m parsed 4 headers
[2m2025-12-10T10:16:10.506185Z[0m [34mDEBUG[0m [2mhyper::proto::h1::conn[0m[2m:[0m incoming body is content-length (45 bytes)
[2m2025-12-10T10:16:10.506197Z[0m [34mDEBUG[0m [2mhyper::proto::h1::conn[0m[2m:[0m incoming body completed
[2m2025-12-10T10:16:10.506211Z[0m [34mDEBUG[0m [2mhyper::client::pool[0m[2m:[0m pooling idle connection for ("http", 192.168.0.14:8545)
[2m2025-12-10T10:16:10.506244Z[0m [34mDEBUG[0m [2mhyper::client::pool[0m[2m:[0m reuse idle connection for ("http", 192.168.0.14:8545)
[2m2025-12-10T10:16:10.506290Z[0m [34mDEBUG[0m [2mhyper::proto::h1::io[0m[2m:[0m flushed 172 bytes
[2m2025-12-10T10:16:10.513455Z[0m [34mDEBUG[0m [2mhyper::proto::h1::io[0m[2m:[0m parsed 4 headers
[2m2025-12-10T10:16:10.513473Z[0m [34mDEBUG[0m [2mhyper::proto::h1::conn[0m[2m:[0m incoming body is content-length (45 bytes)
[2m2025-12-10T10:16:10.513482Z[0m [34mDEBUG[0m [2mhyper::proto::h1::conn[0m[2m:[0m incoming body completed
[2m2025-12-10T10:16:10.513494Z[0m [34mDEBUG[0m [2mhyper::client::pool[0m[2m:[0m pooling idle connection for ("http", 192.168.0.14:8545)
[2m2025-12-10T10:16:10.513521Z[0m [34mDEBUG[0m [2mhyper::client::pool[0m[2m:[0m reuse idle connection for ("http", 192.168.0.14:8545)
[2m2025-12-10T10:16:10.513557Z[0m [34mDEBUG[0m [2mhyper::proto::h1::io[0m[2m:[0m flushed 172 bytes
[2m2025-12-10T10:16:10.518460Z[0m [34mDEBUG[0m [2mhyper::proto::h1::io[0m[2m:[0m parsed 4 headers
[2m2025-12-10T10:16:10.518473Z[0m [34mDEBUG[0m [2mhyper::proto::h1::conn[0m[2m:[0m incoming body is content-length (45 bytes)
[2m2025-12-10T10:16:10.518481Z[0m [34mDEBUG[0m [2mhyper::proto::h1::conn[0m[2m:[0m incoming body completed
[2m2025-12-10T10:16:10.518490Z[0m [34mDEBUG[0m [2mhyper::client::pool[0m[2m:[0m pooling idle connection for ("http", 192.168.0.14:8545)
[2m2025-12-10T10:16:10.518514Z[0m [34mDEBUG[0m [2mhyper::client::pool[0m[2m:[0m reuse idle connection for ("http", 192.168.0.14:8545)
[2m2025-12-10T10:16:10.518537Z[0m [34mDEBUG[0m [2mhyper::proto::h1::io[0m[2m:[0m flushed 172 bytes
[2m2025-12-10T10:16:10.525796Z[0m [34mDEBUG[0m [2mhyper::proto::h1::io[0m[2m:[0m parsed 4 headers
[2m2025-12-10T10:16:10.525837Z[0m [34mDEBUG[0m [2mhyper::proto::h1::conn[0m[2m:[0m incoming body is content-length (45 bytes)
[2m2025-12-10T10:16:10.525858Z[0m [34mDEBUG[0m [2mhyper::proto::h1::conn[0m[2m:[0m incoming body completed
[2m2025-12-10T10:16:10.525885Z[0m [34mDEBUG[0m [2mhyper::client::pool[0m[2m:[0m pooling idle connection for ("http", 192.168.0.14:8545)
[2m2025-12-10T10:16:10.525940Z[0m [34mDEBUG[0m [2mhyper::client::pool[0m[2m:[0m reuse idle connection for ("http", 192.168.0.14:8545)
[2m2025-12-10T10:16:10.525985Z[0m [34mDEBUG[0m [2mhyper::proto::h1::io[0m[2m:[0m flushed 172 bytes
[2m2025-12-10T10:16:10.529359Z[0m [34mDEBUG[0m [2mhyper::proto::h1::io[0m[2m:[0m parsed 4 headers
[2m2025-12-10T10:16:10.529404Z[0m [34mDEBUG[0m [2mhyper::proto::h1::conn[0m[2m:[0m incoming body is content-length (45 bytes)
[2m2025-12-10T10:16:10.529424Z[0m [34mDEBUG[0m [2mhyper::proto::h1::conn[0m[2m:[0m incoming body completed
[2m2025-12-10T10:16:10.529447Z[0m [34mDEBUG[0m [2mhyper::client::pool[0m[2m:[0m pooling idle connection for ("http", 192.168.0.14:8545)
[2m2025-12-10T10:16:10.529502Z[0m [34mDEBUG[0m [2mhyper::client::pool[0m[2m:[0m reuse idle connection for ("http", 192.168.0.14:8545)
[2m2025-12-10T10:16:10.529561Z[0m [34mDEBUG[0m [2mhyper::proto::h1::io[0m[2m:[0m flushed 172 bytes
[2m2025-12-10T10:16:10.533292Z[0m [34mDEBUG[0m [2mhyper::proto::h1::io[0m[2m:[0m parsed 4 headers
[2m2025-12-10T10:16:10.533376Z[0m [34mDEBUG[0m [2mhyper::proto::h1::conn[0m[2m:[0m incoming body is content-length (45 bytes)
[2m2025-12-10T10:16:10.533391Z[0m [34mDEBUG[0m [2mhyper::proto::h1::conn[0m[2m:[0m incoming body completed
[2m2025-12-10T10:16:10.533402Z[0m [34mDEBUG[0m [2mhyper::client::pool[0m[2m:[0m pooling idle connection for ("http", 192.168.0.14:8545)
[2m2025-12-10T10:16:10.533430Z[0m [34mDEBUG[0m [2mhyper::client::pool[0m[2m:[0m reuse idle connection for ("http", 192.168.0.14:8545)
[2m2025-12-10T10:16:10.533477Z[0m [34mDEBUG[0m [2mhyper::proto::h1::io[0m[2m:[0m flushed 172 bytes
[2m2025-12-10T10:16:10.540041Z[0m [34mDEBUG[0m [2mhyper::proto::h1::io[0m[2m:[0m parsed 4 headers
[2m2025-12-10T10:16:10.540087Z[0m [34mDEBUG[0m [2mhyper::proto::h1::conn[0m[2m:[0m incoming body is content-length (45 bytes)
[2m2025-12-10T10:16:10.540132Z[0m [34mDEBUG[0m [2mhyper::proto::h1::conn[0m[2m:[0m incoming body completed
[2m2025-12-10T10:16:10.540162Z[0m [34mDEBUG[0m [2mhyper::client::pool[0m[2m:[0m pooling idle connection for ("http", 192.168.0.14:8545)
[2m2025-12-10T10:16:10.540229Z[0m [34mDEBUG[0m [2mhyper::client::pool[0m[2m:[0m reuse idle connection for ("http", 192.168.0.14:8545)
[2m2025-12-10T10:16:10.540286Z[0m [34mDEBUG[0m [2mhyper::proto::h1::io[0m[2m:[0m flushed 172 bytes
[2m2025-12-10T10:16:10.545911Z[0m [34mDEBUG[0m [2mhyper::proto::h1::io[0m[2m:[0m parsed 4 headers
[2m2025-12-10T10:16:10.545940Z[0m [34mDEBUG[0m [2mhyper::proto::h1::conn[0m[2m:[0m incoming body is content-length (45 bytes)
[2m2025-12-10T10:16:10.545949Z[0m [34mDEBUG[0m [2mhyper::proto::h1::conn[0m[2m:[0m incoming body completed
[2m2025-12-10T10:16:10.545961Z[0m [34mDEBUG[0m [2mhyper::client::pool[0m[2m:[0m pooling idle connection for ("http", 192.168.0.14:8545)
[2m2025-12-10T10:16:10.545989Z[0m [34mDEBUG[0m [2mhyper::client::pool[0m[2m:[0m reuse idle connection for ("http", 192.168.0.14:8545)
[2m2025-12-10T10:16:10.546011Z[0m [34mDEBUG[0m [2mhyper::proto::h1::io[0m[2m:[0m flushed 172 bytes
[2m2025-12-10T10:16:10.553749Z[0m [34mDEBUG[0m [2mhyper::proto::h1::io[0m[2m:[0m parsed 4 headers
[2m2025-12-10T10:16:10.553763Z[0m [34mDEBUG[0m [2mhyper::proto::h1::conn[0m[2m:[0m incoming body is content-length (45 bytes)
[2m2025-12-10T10:16:10.553771Z[0m [34mDEBUG[0m [2mhyper::proto::h1::conn[0m[2m:[0m incoming body completed
[2m2025-12-10T10:16:10.553781Z[0m [34mDEBUG[0m [2mhyper::client::pool[0m[2m:[0m pooling idle connection for ("http", 192.168.0.14:8545)
[2m2025-12-10T10:16:10.553805Z[0m [34mDEBUG[0m [2mhyper::client::pool[0m[2m:[0m reuse idle connection for ("http", 192.168.0.14:8545)
[2m2025-12-10T10:16:10.553826Z[0m [34mDEBUG[0m [2mhyper::proto::h1::io[0m[2m:[0m flushed 172 bytes
[2m2025-12-10T10:16:10.557478Z[0m [34mDEBUG[0m [2mhyper::proto::h1::io[0m[2m:[0m parsed 4 headers
[2m2025-12-10T10:16:10.557487Z[0m [34mDEBUG[0m [2mhyper::proto::h1::conn[0m[2m:[0m incoming body is content-length (45 bytes)
[2m2025-12-10T10:16:10.557494Z[0m [34mDEBUG[0m [2mhyper::proto::h1::conn[0m[2m:[0m incoming body completed
[2m2025-12-10T10:16:10.557501Z[0m [34mDEBUG[0m [2mhyper::client::pool[0m[2m:[0m pooling idle connection for ("http", 192.168.0.14:8545)
[2m2025-12-10T10:16:10.557521Z[0m [34mDEBUG[0m [2mhyper::client::pool[0m[2m:[0m reuse idle connection for ("http", 192.168.0.14:8545)
[2m2025-12-10T10:16:10.557540Z[0m [34mDEBUG[0m [2mhyper::proto::h1::io[0m[2m:[0m flushed 172 bytes
[2m2025-12-10T10:16:10.561649Z[0m [34mDEBUG[0m [2mhyper::proto::h1::io[0m[2m:[0m parsed 4 headers
[2m2025-12-10T10:16:10.561657Z[0m [34mDEBUG[0m [2mhyper::proto::h1::conn[0m[2m:[0m incoming body is content-length (45 bytes)
[2m2025-12-10T10:16:10.561665Z[0m [34mDEBUG[0m [2mhyper::proto::h1::conn[0m[2m:[0m incoming body completed
[2m2025-12-10T10:16:10.561674Z[0m [34mDEBUG[0m [2mhyper::client::pool[0m[2m:[0m pooling idle connection for ("http", 192.168.0.14:8545)
[2m2025-12-10T10:16:10.561694Z[0m [34mDEBUG[0m [2mhyper::client::pool[0m[2m:[0m reuse idle connection for ("http", 192.168.0.14:8545)
[2m2025-12-10T10:16:10.561716Z[0m [34mDEBUG[0m [2mhyper::proto::h1::io[0m[2m:[0m flushed 172 bytes
[2m2025-12-10T10:16:10.565184Z[0m [34mDEBUG[0m [2mhyper::proto::h1::io[0m[2m:[0m parsed 4 headers
[2m2025-12-10T10:16:10.565193Z[0m [34mDEBUG[0m [2mhyper::proto::h1::conn[0m[2m:[0m incoming body is content-length (45 bytes)
[2m2025-12-10T10:16:10.565202Z[0m [34mDEBUG[0m [2mhyper::proto::h1::conn[0m[2m:[0m incoming body completed
[2m2025-12-10T10:16:10.565211Z[0m [34mDEBUG[0m [2mhyper::client::pool[0m[2m:[0m pooling idle connection for ("http", 192.168.0.14:8545)
[2m2025-12-10T10:16:10.565228Z[0m [34mDEBUG[0m [2mhyper::client::pool[0m[2m:[0m reuse idle connection for ("http", 192.168.0.14:8545)
[2m2025-12-10T10:16:10.565413Z[0m [34mDEBUG[0m [2mhyper::proto::h1::io[0m[2m:[0m flushed 172 bytes
[2m2025-12-10T10:16:10.581297Z[0m [34mDEBUG[0m [2mhyper::proto::h1::io[0m[2m:[0m parsed 4 headers
[2m2025-12-10T10:16:10.585072Z[0m [34mDEBUG[0m [2mhyper::proto::h1::conn[0m[2m:[0m incoming body is content-length (45 bytes)
[2m2025-12-10T10:16:10.585084Z[0m [34mDEBUG[0m [2mhyper::proto::h1::conn[0m[2m:[0m incoming body completed
[2m2025-12-10T10:16:10.585101Z[0m [34mDEBUG[0m [2mhyper::client::pool[0m[2m:[0m pooling idle connection for ("http", 192.168.0.14:8545)
[2m2025-12-10T10:16:10.585127Z[0m [34mDEBUG[0m [2mhyper::client::pool[0m[2m:[0m reuse idle connection for ("http", 192.168.0.14:8545)
[2m2025-12-10T10:16:10.585171Z[0m [34mDEBUG[0m [2mhyper::proto::h1::io[0m[2m:[0m flushed 172 bytes
[2m2025-12-10T10:16:10.593578Z[0m [34mDEBUG[0m [2mhyper::proto::h1::io[0m[2m:[0m parsed 4 headers
[2m2025-12-10T10:16:10.593627Z[0m [34mDEBUG[0m [2mhyper::proto::h1::conn[0m[2m:[0m incoming body is content-length (45 bytes)
[2m2025-12-10T10:16:10.593652Z[0m [34mDEBUG[0m [2mhyper::proto::h1::conn[0m[2m:[0m incoming body completed
[2m2025-12-10T10:16:10.593681Z[0m [34mDEBUG[0m [2mhyper::client::pool[0m[2m:[0m pooling idle connection for ("http", 192.168.0.14:8545)
[2m2025-12-10T10:16:10.593744Z[0m [34mDEBUG[0m [2mhyper::client::pool[0m[2m:[0m reuse idle connection for ("http", 192.168.0.14:8545)
[2m2025-12-10T10:16:10.593808Z[0m [34mDEBUG[0m [2mhyper::proto::h1::io[0m[2m:[0m flushed 172 bytes
[2m2025-12-10T10:16:10.598156Z[0m [34mDEBUG[0m [2mhyper::proto::h1::io[0m[2m:[0m parsed 4 headers
[2m2025-12-10T10:16:10.598163Z[0m [34mDEBUG[0m [2mhyper::proto::h1::conn[0m[2m:[0m incoming body is content-length (45 bytes)
[2m2025-12-10T10:16:10.598169Z[0m [34mDEBUG[0m [2mhyper::proto::h1::conn[0m[2m:[0m incoming body completed
[2m2025-12-10T10:16:10.598177Z[0m [34mDEBUG[0m [2mhyper::client::pool[0m[2m:[0m pooling idle connection for ("http", 192.168.0.14:8545)
[2m2025-12-10T10:16:10.598195Z[0m [34mDEBUG[0m [2mhyper::client::pool[0m[2m:[0m reuse idle connection for ("http", 192.168.0.14:8545)
[2m2025-12-10T10:16:10.598211Z[0m [34mDEBUG[0m [2mhyper::proto::h1::io[0m[2m:[0m flushed 172 bytes
[2m2025-12-10T10:16:10.607204Z[0m [34mDEBUG[0m [2mhyper::proto::h1::io[0m[2m:[0m parsed 4 headers
[2m2025-12-10T10:16:10.607219Z[0m [34mDEBUG[0m [2mhyper::proto::h1::conn[0m[2m:[0m incoming body is content-length (45 bytes)
[2m2025-12-10T10:16:10.607228Z[0m [34mDEBUG[0m [2mhyper::proto::h1::conn[0m[2m:[0m incoming body completed
[2m2025-12-10T10:16:10.607241Z[0m [34mDEBUG[0m [2mhyper::client::pool[0m[2m:[0m pooling idle connection for ("http", 192.168.0.14:8545)
[2m2025-12-10T10:16:10.607267Z[0m [34mDEBUG[0m [2mhyper::client::pool[0m[2m:[0m reuse idle connection for ("http", 192.168.0.14:8545)
[2m2025-12-10T10:16:10.607362Z[0m [34mDEBUG[0m [2mhyper::proto::h1::io[0m[2m:[0m flushed 172 bytes
[2m2025-12-10T10:16:10.612520Z[0m [34mDEBUG[0m [2mhyper::proto::h1::io[0m[2m:[0m parsed 4 headers
[2m2025-12-10T10:16:10.612562Z[0m [34mDEBUG[0m [2mhyper::proto::h1::conn[0m[2m:[0m incoming body is content-length (45 bytes)
[2m2025-12-10T10:16:10.612584Z[0m [34mDEBUG[0m [2mhyper::proto::h1::conn[0m[2m:[0m incoming body completed
[2m2025-12-10T10:16:10.612592Z[0m [34mDEBUG[0m [2mhyper::client::pool[0m[2m:[0m pooling idle connection for ("http", 192.168.0.14:8545)
[2m2025-12-10T10:16:10.612607Z[0m [34mDEBUG[0m [2mhyper::client::pool[0m[2m:[0m reuse idle connection for ("http", 192.168.0.14:8545)
[2m2025-12-10T10:16:10.612624Z[0m [34mDEBUG[0m [2mhyper::proto::h1::io[0m[2m:[0m flushed 172 bytes
[2m2025-12-10T10:16:10.627150Z[0m [34mDEBUG[0m [2mhyper::proto::h1::io[0m[2m:[0m parsed 4 headers
[2m2025-12-10T10:16:10.627158Z[0m [34mDEBUG[0m [2mhyper::proto::h1::conn[0m[2m:[0m incoming body is content-length (45 bytes)
[2m2025-12-10T10:16:10.627164Z[0m [34mDEBUG[0m [2mhyper::proto::h1::conn[0m[2m:[0m incoming body completed
[2m2025-12-10T10:16:10.627170Z[0m [34mDEBUG[0m [2mhyper::client::pool[0m[2m:[0m pooling idle connection for ("http", 192.168.0.14:8545)
[2m2025-12-10T10:16:10.627186Z[0m [34mDEBUG[0m [2mhyper::client::pool[0m[2m:[0m reuse idle connection for ("http", 192.168.0.14:8545)
[2m2025-12-10T10:16:10.627208Z[0m [34mDEBUG[0m [2mhyper::proto::h1::io[0m[2m:[0m flushed 172 bytes
[2m2025-12-10T10:16:10.633445Z[0m [34mDEBUG[0m [2mhyper::proto::h1::io[0m[2m:[0m parsed 4 headers
[2m2025-12-10T10:16:10.633451Z[0m [34mDEBUG[0m [2mhyper::proto::h1::conn[0m[2m:[0m incoming body is content-length (45 bytes)
[2m2025-12-10T10:16:10.633457Z[0m [34mDEBUG[0m [2mhyper::proto::h1::conn[0m[2m:[0m incoming body completed
[2m2025-12-10T10:16:10.633463Z[0m [34mDEBUG[0m [2mhyper::client::pool[0m[2m:[0m pooling idle connection for ("http", 192.168.0.14:8545)
[2m2025-12-10T10:16:10.633475Z[0m [34mDEBUG[0m [2mhyper::client::pool[0m[2m:[0m reuse idle connection for ("http", 192.168.0.14:8545)
[2m2025-12-10T10:16:10.633489Z[0m [34mDEBUG[0m [2mhyper::proto::h1::io[0m[2m:[0m flushed 172 bytes
[2m2025-12-10T10:16:10.681646Z[0m [34mDEBUG[0m [2mhyper::proto::h1::io[0m[2m:[0m parsed 4 headers
[2m2025-12-10T10:16:10.681672Z[0m [34mDEBUG[0m [2mhyper::proto::h1::conn[0m[2m:[0m incoming body is content-length (45 bytes)
[2m2025-12-10T10:16:10.681684Z[0m [34mDEBUG[0m [2mhyper::proto::h1::conn[0m[2m:[0m incoming body completed
[2m2025-12-10T10:16:10.681696Z[0m [34mDEBUG[0m [2mhyper::client::pool[0m[2m:[0m pooling idle connection for ("http", 192.168.0.14:8545)
[2m2025-12-10T10:16:10.681727Z[0m [34mDEBUG[0m [2mhyper::client::pool[0m[2m:[0m reuse idle connection for ("http", 192.168.0.14:8545)
[2m2025-12-10T10:16:10.681759Z[0m [34mDEBUG[0m [2mhyper::proto::h1::io[0m[2m:[0m flushed 172 bytes
[2m2025-12-10T10:16:10.689453Z[0m [34mDEBUG[0m [2mhyper::proto::h1::io[0m[2m:[0m parsed 4 headers
[2m2025-12-10T10:16:10.689461Z[0m [34mDEBUG[0m [2mhyper::proto::h1::conn[0m[2m:[0m incoming body is content-length (45 bytes)
[2m2025-12-10T10:16:10.689468Z[0m [34mDEBUG[0m [2mhyper::proto::h1::conn[0m[2m:[0m incoming body completed
[2m2025-12-10T10:16:10.689477Z[0m [34mDEBUG[0m [2mhyper::client::pool[0m[2m:[0m pooling idle connection for ("http", 192.168.0.14:8545)
[2m2025-12-10T10:16:10.689495Z[0m [34mDEBUG[0m [2mhyper::client::pool[0m[2m:[0m reuse idle connection for ("http", 192.168.0.14:8545)
[2m2025-12-10T10:16:10.689510Z[0m [34mDEBUG[0m [2mhyper::proto::h1::io[0m[2m:[0m flushed 172 bytes
[2m2025-12-10T10:16:10.695224Z[0m [34mDEBUG[0m [2mhyper::proto::h1::io[0m[2m:[0m parsed 4 headers
[2m2025-12-10T10:16:10.695232Z[0m [34mDEBUG[0m [2mhyper::proto::h1::conn[0m[2m:[0m incoming body is content-length (45 bytes)
[2m2025-12-10T10:16:10.695239Z[0m [34mDEBUG[0m [2mhyper::proto::h1::conn[0m[2m:[0m incoming body completed
[2m2025-12-10T10:16:10.695244Z[0m [34mDEBUG[0m [2mhyper::client::pool[0m[2m:[0m pooling idle connection for ("http", 192.168.0.14:8545)
[2m2025-12-10T10:16:10.695259Z[0m [34mDEBUG[0m [2mhyper::client::pool[0m[2m:[0m reuse idle connection for ("http", 192.168.0.14:8545)
[2m2025-12-10T10:16:10.695276Z[0m [34mDEBUG[0m [2mhyper::proto::h1::io[0m[2m:[0m flushed 172 bytes
[2m2025-12-10T10:16:10.700375Z[0m [34mDEBUG[0m [2mhyper::proto::h1::io[0m[2m:[0m parsed 4 headers
[2m2025-12-10T10:16:10.700384Z[0m [34mDEBUG[0m [2mhyper::proto::h1::conn[0m[2m:[0m incoming body is content-length (45 bytes)
[2m2025-12-10T10:16:10.700390Z[0m [34mDEBUG[0m [2mhyper::proto::h1::conn[0m[2m:[0m incoming body completed
[2m2025-12-10T10:16:10.700397Z[0m [34mDEBUG[0m [2mhyper::client::pool[0m[2m:[0m pooling idle connection for ("http", 192.168.0.14:8545)
[2m2025-12-10T10:16:10.700414Z[0m [34mDEBUG[0m [2mhyper::client::pool[0m[2m:[0m reuse idle connection for ("http", 192.168.0.14:8545)
[2m2025-12-10T10:16:10.700434Z[0m [34mDEBUG[0m [2mhyper::proto::h1::io[0m[2m:[0m flushed 172 bytes
[2m2025-12-10T10:16:10.703885Z[0m [34mDEBUG[0m [2mhyper::proto::h1::io[0m[2m:[0m parsed 4 headers
[2m2025-12-10T10:16:10.703895Z[0m [34mDEBUG[0m [2mhyper::proto::h1::conn[0m[2m:[0m incoming body is content-length (45 bytes)
[2m2025-12-10T10:16:10.703901Z[0m [34mDEBUG[0m [2mhyper::proto::h1::conn[0m[2m:[0m incoming body completed
[2m2025-12-10T10:16:10.703907Z[0m [34mDEBUG[0m [2mhyper::client::pool[0m[2m:[0m pooling idle connection for ("http", 192.168.0.14:8545)
[2m2025-12-10T10:16:10.703924Z[0m [34mDEBUG[0m [2mhyper::client::pool[0m[2m:[0m reuse idle connection for ("http", 192.168.0.14:8545)
[2m2025-12-10T10:16:10.703940Z[0m [34mDEBUG[0m [2mhyper::proto::h1::io[0m[2m:[0m flushed 172 bytes
[2m2025-12-10T10:16:10.708043Z[0m [34mDEBUG[0m [2mhyper::proto::h1::io[0m[2m:[0m parsed 4 headers
[2m2025-12-10T10:16:10.708055Z[0m [34mDEBUG[0m [2mhyper::proto::h1::conn[0m[2m:[0m incoming body is content-length (45 bytes)
[2m2025-12-10T10:16:10.708061Z[0m [34mDEBUG[0m [2mhyper::proto::h1::conn[0m[2m:[0m incoming body completed
[2m2025-12-10T10:16:10.708070Z[0m [34mDEBUG[0m [2mhyper::client::pool[0m[2m:[0m pooling idle connection for ("http", 192.168.0.14:8545)
[2m2025-12-10T10:16:10.708085Z[0m [34mDEBUG[0m [2mhyper::client::pool[0m[2m:[0m reuse idle connection for ("http", 192.168.0.14:8545)
[2m2025-12-10T10:16:10.708102Z[0m [34mDEBUG[0m [2mhyper::proto::h1::io[0m[2m:[0m flushed 172 bytes
[2m2025-12-10T10:16:10.733153Z[0m [34mDEBUG[0m [2mhyper::proto::h1::io[0m[2m:[0m parsed 4 headers
[2m2025-12-10T10:16:10.733204Z[0m [34mDEBUG[0m [2mhyper::proto::h1::conn[0m[2m:[0m incoming body is content-length (45 bytes)
[2m2025-12-10T10:16:10.733236Z[0m [34mDEBUG[0m [2mhyper::proto::h1::conn[0m[2m:[0m incoming body completed
[2m2025-12-10T10:16:10.733269Z[0m [34mDEBUG[0m [2mhyper::client::pool[0m[2m:[0m pooling idle connection for ("http", 192.168.0.14:8545)
[2m2025-12-10T10:16:10.733327Z[0m [34mDEBUG[0m [2mhyper::client::pool[0m[2m:[0m reuse idle connection for ("http", 192.168.0.14:8545)
[2m2025-12-10T10:16:10.733390Z[0m [34mDEBUG[0m [2mhyper::proto::h1::io[0m[2m:[0m flushed 172 bytes
[2m2025-12-10T10:16:10.737323Z[0m [34mDEBUG[0m [2mhyper::proto::h1::io[0m[2m:[0m parsed 4 headers
[2m2025-12-10T10:16:10.737339Z[0m [34mDEBUG[0m [2mhyper::proto::h1::conn[0m[2m:[0m incoming body is content-length (45 bytes)
[2m2025-12-10T10:16:10.737348Z[0m [34mDEBUG[0m [2mhyper::proto::h1::conn[0m[2m:[0m incoming body completed
[2m2025-12-10T10:16:10.737401Z[0m [34mDEBUG[0m [2mhyper::client::pool[0m[2m:[0m pooling idle connection for ("http", 192.168.0.14:8545)
[2m2025-12-10T10:16:10.737428Z[0m [34mDEBUG[0m [2mhyper::client::pool[0m[2m:[0m reuse idle connection for ("http", 192.168.0.14:8545)
[2m2025-12-10T10:16:10.737452Z[0m [34mDEBUG[0m [2mhyper::proto::h1::io[0m[2m:[0m flushed 172 bytes
[2m2025-12-10T10:16:10.743185Z[0m [34mDEBUG[0m [2mhyper::proto::h1::io[0m[2m:[0m parsed 4 headers
[2m2025-12-10T10:16:10.743208Z[0m [34mDEBUG[0m [2mhyper::proto::h1::conn[0m[2m:[0m incoming body is content-length (45 bytes)
[2m2025-12-10T10:16:10.743217Z[0m [34mDEBUG[0m [2mhyper::proto::h1::conn[0m[2m:[0m incoming body completed
[2m2025-12-10T10:16:10.743226Z[0m [34mDEBUG[0m [2mhyper::client::pool[0m[2m:[0m pooling idle connection for ("http", 192.168.0.14:8545)
[2m2025-12-10T10:16:10.743251Z[0m [34mDEBUG[0m [2mhyper::client::pool[0m[2m:[0m reuse idle connection for ("http", 192.168.0.14:8545)
[2m2025-12-10T10:16:10.743280Z[0m [34mDEBUG[0m [2mhyper::proto::h1::io[0m[2m:[0m flushed 172 bytes
[2m2025-12-10T10:16:10.747580Z[0m [34mDEBUG[0m [2mhyper::proto::h1::io[0m[2m:[0m parsed 4 headers
[2m2025-12-10T10:16:10.747611Z[0m [34mDEBUG[0m [2mhyper::proto::h1::conn[0m[2m:[0m incoming body is content-length (45 bytes)
[2m2025-12-10T10:16:10.747620Z[0m [34mDEBUG[0m [2mhyper::proto::h1::conn[0m[2m:[0m incoming body completed
[2m2025-12-10T10:16:10.747632Z[0m [34mDEBUG[0m [2mhyper::client::pool[0m[2m:[0m pooling idle connection for ("http", 192.168.0.14:8545)
[2m2025-12-10T10:16:10.747659Z[0m [34mDEBUG[0m [2mhyper::client::pool[0m[2m:[0m reuse idle connection for ("http", 192.168.0.14:8545)
[2m2025-12-10T10:16:10.747703Z[0m [34mDEBUG[0m [2mhyper::proto::h1::io[0m[2m:[0m flushed 172 bytes
[2m2025-12-10T10:16:10.751039Z[0m [34mDEBUG[0m [2mhyper::proto::h1::io[0m[2m:[0m parsed 4 headers
[2m2025-12-10T10:16:10.751102Z[0m [34mDEBUG[0m [2mhyper::proto::h1::conn[0m[2m:[0m incoming body is content-length (45 bytes)
[2m2025-12-10T10:16:10.751144Z[0m [34mDEBUG[0m [2mhyper::proto::h1::conn[0m[2m:[0m incoming body completed
[2m2025-12-10T10:16:10.751166Z[0m [34mDEBUG[0m [2mhyper::client::pool[0m[2m:[0m pooling idle connection for ("http", 192.168.0.14:8545)
[2m2025-12-10T10:16:10.751200Z[0m [34mDEBUG[0m [2mhyper::client::pool[0m[2m:[0m reuse idle connection for ("http", 192.168.0.14:8545)
[2m2025-12-10T10:16:10.751236Z[0m [34mDEBUG[0m [2mhyper::proto::h1::io[0m[2m:[0m flushed 172 bytes
[2m2025-12-10T10:16:10.754404Z[0m [34mDEBUG[0m [2mhyper::proto::h1::io[0m[2m:[0m parsed 4 headers
[2m2025-12-10T10:16:10.754419Z[0m [34mDEBUG[0m [2mhyper::proto::h1::conn[0m[2m:[0m incoming body is content-length (45 bytes)
[2m2025-12-10T10:16:10.754428Z[0m [34mDEBUG[0m [2mhyper::proto::h1::conn[0m[2m:[0m incoming body completed
[2m2025-12-10T10:16:10.754440Z[0m [34mDEBUG[0m [2mhyper::client::pool[0m[2m:[0m pooling idle connection for ("http", 192.168.0.14:8545)
[2m2025-12-10T10:16:10.754468Z[0m [34mDEBUG[0m [2mhyper::client::pool[0m[2m:[0m reuse idle connection for ("http", 192.168.0.14:8545)
[2m2025-12-10T10:16:10.754492Z[0m [34mDEBUG[0m [2mhyper::proto::h1::io[0m[2m:[0m flushed 172 bytes
[2m2025-12-10T10:16:10.758641Z[0m [34mDEBUG[0m [2mhyper::proto::h1::io[0m[2m:[0m parsed 4 headers
[2m2025-12-10T10:16:10.758659Z[0m [34mDEBUG[0m [2mhyper::proto::h1::conn[0m[2m:[0m incoming body is content-length (45 bytes)
[2m2025-12-10T10:16:10.758666Z[0m [34mDEBUG[0m [2mhyper::proto::h1::conn[0m[2m:[0m incoming body completed
[2m2025-12-10T10:16:10.758677Z[0m [34mDEBUG[0m [2mhyper::client::pool[0m[2m:[0m pooling idle connection for ("http", 192.168.0.14:8545)
[2m2025-12-10T10:16:10.758701Z[0m [34mDEBUG[0m [2mhyper::client::pool[0m[2m:[0m reuse idle connection for ("http", 192.168.0.14:8545)
[2m2025-12-10T10:16:10.758723Z[0m [34mDEBUG[0m [2mhyper::proto::h1::io[0m[2m:[0m flushed 172 bytes
[2m2025-12-10T10:16:10.762218Z[0m [34mDEBUG[0m [2mhyper::proto::h1::io[0m[2m:[0m parsed 4 headers
[2m2025-12-10T10:16:10.762230Z[0m [34mDEBUG[0m [2mhyper::proto::h1::conn[0m[2m:[0m incoming body is content-length (45 bytes)
[2m2025-12-10T10:16:10.762238Z[0m [34mDEBUG[0m [2mhyper::proto::h1::conn[0m[2m:[0m incoming body completed
[2m2025-12-10T10:16:10.762246Z[0m [34mDEBUG[0m [2mhyper::client::pool[0m[2m:[0m pooling idle connection for ("http", 192.168.0.14:8545)
[2m2025-12-10T10:16:10.762267Z[0m [34mDEBUG[0m [2mhyper::client::pool[0m[2m:[0m reuse idle connection for ("http", 192.168.0.14:8545)
[2m2025-12-10T10:16:10.762286Z[0m [34mDEBUG[0m [2mhyper::proto::h1::io[0m[2m:[0m flushed 172 bytes
[2m2025-12-10T10:16:10.766719Z[0m [34mDEBUG[0m [2mhyper::proto::h1::io[0m[2m:[0m parsed 4 headers
[2m2025-12-10T10:16:10.767220Z[0m [34mDEBUG[0m [2mhyper::proto::h1::conn[0m[2m:[0m incoming body is content-length (45 bytes)
[2m2025-12-10T10:16:10.767230Z[0m [34mDEBUG[0m [2mhyper::proto::h1::conn[0m[2m:[0m incoming body completed
[2m2025-12-10T10:16:10.767240Z[0m [34mDEBUG[0m [2mhyper::client::pool[0m[2m:[0m pooling idle connection for ("http", 192.168.0.14:8545)
[2m2025-12-10T10:16:10.767263Z[0m [34mDEBUG[0m [2mhyper::client::pool[0m[2m:[0m reuse idle connection for ("http", 192.168.0.14:8545)
[2m2025-12-10T10:16:10.767595Z[0m [34mDEBUG[0m [2mhyper::proto::h1::io[0m[2m:[0m flushed 172 bytes
[2m2025-12-10T10:16:10.771286Z[0m [34mDEBUG[0m [2mhyper::proto::h1::io[0m[2m:[0m parsed 4 headers
[2m2025-12-10T10:16:10.771347Z[0m [34mDEBUG[0m [2mhyper::proto::h1::conn[0m[2m:[0m incoming body is content-length (45 bytes)
[2m2025-12-10T10:16:10.771371Z[0m [34mDEBUG[0m [2mhyper::proto::h1::conn[0m[2m:[0m incoming body completed
[2m2025-12-10T10:16:10.771406Z[0m [34mDEBUG[0m [2mhyper::client::pool[0m[2m:[0m pooling idle connection for ("http", 192.168.0.14:8545)
[2m2025-12-10T10:16:10.771509Z[0m [34mDEBUG[0m [2mhyper::client::pool[0m[2m:[0m reuse idle connection for ("http", 192.168.0.14:8545)
[2m2025-12-10T10:16:10.771563Z[0m [34mDEBUG[0m [2mhyper::proto::h1::io[0m[2m:[0m flushed 172 bytes
[2m2025-12-10T10:16:10.794777Z[0m [34mDEBUG[0m [2mhyper::proto::h1::io[0m[2m:[0m parsed 4 headers
[2m2025-12-10T10:16:10.794825Z[0m [34mDEBUG[0m [2mhyper::proto::h1::conn[0m[2m:[0m incoming body is content-length (654 bytes)
[2m2025-12-10T10:16:10.794870Z[0m [34mDEBUG[0m [2mhyper::proto::h1::conn[0m[2m:[0m incoming body completed
[2m2025-12-10T10:16:10.794904Z[0m [34mDEBUG[0m [2mhyper::client::pool[0m[2m:[0m pooling idle connection for ("http", 192.168.0.14:8545)
[2m2025-12-10T10:16:10.794921Z[0m [34mDEBUG[0m [2methereum_transaction_pool_monitor::eth_client[0m[2m:[0m 📡 Transaction fetch RPC completed in 308.653875ms
[2m2025-12-10T10:16:10.903417Z[0m [34mDEBUG[0m [2methereum_transaction_pool_monitor::eth_client[0m[2m:[0m ✅ Transaction 0x7b03be5d4809b09e2737236417940c2e51a9daada2c70b13bc27395e9d94b557 fetched and parsed in 417.14675ms
[2m2025-12-10T10:16:10.903528Z[0m [34mDEBUG[0m [2methereum_transaction_pool_monitor::mempool_monitor[0m[2m:[0m 🔍 Skipping tx 0x7b03be5d4809b09e2737236417940c2e51a9daada2c70b13bc27395e9d94b557 - not a DEX interaction (target: 0x872c0859a8122E1528E8A9aeE57E32F7797b07D8)
[2m2025-12-10T10:16:10.903539Z[0m [34mDEBUG[0m [2methereum_transaction_pool_monitor::mempool_monitor[0m[2m:[0m 📨 Processing new pending transaction: 0x732d93ff9ecfc19d441d70b39d7d3725cf34049fc1b7091f1d603833500b9a2f
[2m2025-12-10T10:16:10.903545Z[0m [34mDEBUG[0m [2methereum_transaction_pool_monitor::mempool_monitor[0m[2m:[0m 🔍 Fetching transaction details for: 0x732d93ff9ecfc19d441d70b39d7d3725cf34049fc1b7091f1d603833500b9a2f
[2m2025-12-10T10:16:10.903549Z[0m [34mDEBUG[0m [2methereum_transaction_pool_monitor::eth_client[0m[2m:[0m 🔍 Fetching transaction details for hash: 0x732d93ff9ecfc19d441d70b39d7d3725cf34049fc1b7091f1d603833500b9a2f
[2m2025-12-10T10:16:10.903570Z[0m [34mDEBUG[0m [2mhyper::client::pool[0m[2m:[0m reuse idle connection for ("http", 192.168.0.14:8545)
[2m2025-12-10T10:16:10.903617Z[0m [34mDEBUG[0m [2mhyper::proto::h1::io[0m[2m:[0m flushed 250 bytes
[2m2025-12-10T10:16:10.903632Z[0m [34mDEBUG[0m [2mhyper::proto::h1::io[0m[2m:[0m parsed 4 headers
[2m2025-12-10T10:16:10.903636Z[0m [34mDEBUG[0m [2mhyper::proto::h1::conn[0m[2m:[0m incoming body is content-length (45 bytes)
[2m2025-12-10T10:16:10.903643Z[0m [34mDEBUG[0m [2mhyper::proto::h1::conn[0m[2m:[0m incoming body completed
[2m2025-12-10T10:16:10.903652Z[0m [34mDEBUG[0m [2mhyper::client::pool[0m[2m:[0m pooling idle connection for ("http", 192.168.0.14:8545)
[2m2025-12-10T10:16:10.903667Z[0m [34mDEBUG[0m [2mhyper::client::pool[0m[2m:[0m reuse idle connection for ("http", 192.168.0.14:8545)
[2m2025-12-10T10:16:10.903682Z[0m [34mDEBUG[0m [2mhyper::proto::h1::io[0m[2m:[0m flushed 172 bytes
[2m2025-12-10T10:16:10.907570Z[0m [34mDEBUG[0m [2mhyper::proto::h1::io[0m[2m:[0m parsed 4 headers
[2m2025-12-10T10:16:10.907587Z[0m [34mDEBUG[0m [2mhyper::proto::h1::conn[0m[2m:[0m incoming body is content-length (45 bytes)
[2m2025-12-10T10:16:10.907596Z[0m [34mDEBUG[0m [2mhyper::proto::h1::conn[0m[2m:[0m incoming body completed
[2m2025-12-10T10:16:10.907607Z[0m [34mDEBUG[0m [2mhyper::client::pool[0m[2m:[0m pooling idle connection for ("http", 192.168.0.14:8545)
[2m2025-12-10T10:16:10.907631Z[0m [34mDEBUG[0m [2mhyper::client::pool[0m[2m:[0m reuse idle connection for ("http", 192.168.0.14:8545)
[2m2025-12-10T10:16:10.907660Z[0m [34mDEBUG[0m [2mhyper::proto::h1::io[0m[2m:[0m flushed 172 bytes
[2m2025-12-10T10:16:10.911249Z[0m [34mDEBUG[0m [2mhyper::proto::h1::io[0m[2m:[0m parsed 4 headers
[2m2025-12-10T10:16:10.911267Z[0m [34mDEBUG[0m [2mhyper::proto::h1::conn[0m[2m:[0m incoming body is content-length (45 bytes)
[2m2025-12-10T10:16:10.911274Z[0m [34mDEBUG[0m [2mhyper::proto::h1::conn[0m[2m:[0m incoming body completed
[2m2025-12-10T10:16:10.911284Z[0m [34mDEBUG[0m [2mhyper::client::pool[0m[2m:[0m pooling idle connection for ("http", 192.168.0.14:8545)
[2m2025-12-10T10:16:10.911313Z[0m [34mDEBUG[0m [2mhyper::client::pool[0m[2m:[0m reuse idle connection for ("http", 192.168.0.14:8545)
[2m2025-12-10T10:16:10.911349Z[0m [34mDEBUG[0m [2mhyper::proto::h1::io[0m[2m:[0m flushed 172 bytes
[2m2025-12-10T10:16:10.914875Z[0m [34mDEBUG[0m [2mhyper::proto::h1::io[0m[2m:[0m parsed 4 headers
[2m2025-12-10T10:16:10.914883Z[0m [34mDEBUG[0m [2mhyper::proto::h1::conn[0m[2m:[0m incoming body is content-length (45 bytes)
[2m2025-12-10T10:16:10.914890Z[0m [34mDEBUG[0m [2mhyper::proto::h1::conn[0m[2m:[0m incoming body completed
[2m2025-12-10T10:16:10.914899Z[0m [34mDEBUG[0m [2mhyper::client::pool[0m[2m:[0m pooling idle connection for ("http", 192.168.0.14:8545)
[2m2025-12-10T10:16:10.914915Z[0m [34mDEBUG[0m [2mhyper::client::pool[0m[2m:[0m reuse idle connection for ("http", 192.168.0.14:8545)
[2m2025-12-10T10:16:10.914932Z[0m [34mDEBUG[0m [2mhyper::proto::h1::io[0m[2m:[0m flushed 172 bytes
[2m2025-12-10T10:16:10.921684Z[0m [34mDEBUG[0m [2mhyper::proto::h1::io[0m[2m:[0m parsed 4 headers
[2m2025-12-10T10:16:10.921740Z[0m [34mDEBUG[0m [2mhyper::proto::h1::conn[0m[2m:[0m incoming body is content-length (45 bytes)
[2m2025-12-10T10:16:10.921760Z[0m [34mDEBUG[0m [2mhyper::proto::h1::conn[0m[2m:[0m incoming body completed
[2m2025-12-10T10:16:10.921798Z[0m [34mDEBUG[0m [2mhyper::client::pool[0m[2m:[0m pooling idle connection for ("http", 192.168.0.14:8545)
[2m2025-12-10T10:16:10.921843Z[0m [34mDEBUG[0m [2mhyper::client::pool[0m[2m:[0m reuse idle connection for ("http", 192.168.0.14:8545)
[2m2025-12-10T10:16:10.921882Z[0m [34mDEBUG[0m [2mhyper::proto::h1::io[0m[2m:[0m flushed 172 bytes
[2m2025-12-10T10:16:10.925376Z[0m [34mDEBUG[0m [2mhyper::proto::h1::io[0m[2m:[0m parsed 4 headers
[2m2025-12-10T10:16:10.925393Z[0m [34mDEBUG[0m [2mhyper::proto::h1::conn[0m[2m:[0m incoming body is content-length (45 bytes)
[2m2025-12-10T10:16:10.925402Z[0m [34mDEBUG[0m [2mhyper::proto::h1::conn[0m[2m:[0m incoming body completed
[2m2025-12-10T10:16:10.925413Z[0m [34mDEBUG[0m [2mhyper::client::pool[0m[2m:[0m pooling idle connection for ("http", 192.168.0.14:8545)
[2m2025-12-10T10:16:10.925436Z[0m [34mDEBUG[0m [2mhyper::client::pool[0m[2m:[0m reuse idle connection for ("http", 192.168.0.14:8545)
[2m2025-12-10T10:16:10.925464Z[0m [34mDEBUG[0m [2mhyper::proto::h1::io[0m[2m:[0m flushed 172 bytes
[2m2025-12-10T10:16:10.933986Z[0m [34mDEBUG[0m [2mhyper::proto::h1::io[0m[2m:[0m parsed 4 headers
[2m2025-12-10T10:16:10.934004Z[0m [34mDEBUG[0m [2mhyper::proto::h1::conn[0m[2m:[0m incoming body is content-length (45 bytes)
[2m2025-12-10T10:16:10.934014Z[0m [34mDEBUG[0m [2mhyper::proto::h1::conn[0m[2m:[0m incoming body completed
[2m2025-12-10T10:16:10.934027Z[0m [34mDEBUG[0m [2mhyper::client::pool[0m[2m:[0m pooling idle connection for ("http", 192.168.0.14:8545)
[2m2025-12-10T10:16:10.934056Z[0m [34mDEBUG[0m [2mhyper::client::pool[0m[2m:[0m reuse idle connection for ("http", 192.168.0.14:8545)
[2m2025-12-10T10:16:10.934079Z[0m [34mDEBUG[0m [2mhyper::proto::h1::io[0m[2m:[0m flushed 172 bytes
[2m2025-12-10T10:16:10.937845Z[0m [34mDEBUG[0m [2mhyper::proto::h1::io[0m[2m:[0m parsed 4 headers
[2m2025-12-10T10:16:10.937854Z[0m [34mDEBUG[0m [2mhyper::proto::h1::conn[0m[2m:[0m incoming body is content-length (45 bytes)
[2m2025-12-10T10:16:10.937861Z[0m [34mDEBUG[0m [2mhyper::proto::h1::conn[0m[2m:[0m incoming body completed
[2m2025-12-10T10:16:10.937869Z[0m [34mDEBUG[0m [2mhyper::client::pool[0m[2m:[0m pooling idle connection for ("http", 192.168.0.14:8545)
[2m2025-12-10T10:16:10.937888Z[0m [34mDEBUG[0m [2mhyper::client::pool[0m[2m:[0m reuse idle connection for ("http", 192.168.0.14:8545)
[2m2025-12-10T10:16:10.937909Z[0m [34mDEBUG[0m [2mhyper::proto::h1::io[0m[2m:[0m flushed 172 bytes
[2m2025-12-10T10:16:10.941640Z[0m [34mDEBUG[0m [2mhyper::proto::h1::io[0m[2m:[0m parsed 4 headers
[2m2025-12-10T10:16:10.941646Z[0m [34mDEBUG[0m [2mhyper::proto::h1::conn[0m[2m:[0m incoming body is content-length (45 bytes)
[2m2025-12-10T10:16:10.941652Z[0m [34mDEBUG[0m [2mhyper::proto::h1::conn[0m[2m:[0m incoming body completed
[2m2025-12-10T10:16:10.941658Z[0m [34mDEBUG[0m [2mhyper::client::pool[0m[2m:[0m pooling idle connection for ("http", 192.168.0.14:8545)
[2m2025-12-10T10:16:10.941676Z[0m [34mDEBUG[0m [2mhyper::client::pool[0m[2m:[0m reuse idle connection for ("http", 192.168.0.14:8545)
[2m2025-12-10T10:16:10.941696Z[0m [34mDEBUG[0m [2mhyper::proto::h1::io[0m[2m:[0m flushed 172 bytes
[2m2025-12-10T10:16:10.944930Z[0m [34mDEBUG[0m [2mhyper::proto::h1::io[0m[2m:[0m parsed 4 headers
[2m2025-12-10T10:16:10.944937Z[0m [34mDEBUG[0m [2mhyper::proto::h1::conn[0m[2m:[0m incoming body is content-length (45 bytes)
[2m2025-12-10T10:16:10.944942Z[0m [34mDEBUG[0m [2mhyper::proto::h1::conn[0m[2m:[0m incoming body completed
[2m2025-12-10T10:16:10.944948Z[0m [34mDEBUG[0m [2mhyper::client::pool[0m[2m:[0m pooling idle connection for ("http", 192.168.0.14:8545)
[2m2025-12-10T10:16:10.944960Z[0m [34mDEBUG[0m [2mhyper::client::pool[0m[2m:[0m reuse idle connection for ("http", 192.168.0.14:8545)
[2m2025-12-10T10:16:10.944976Z[0m [34mDEBUG[0m [2mhyper::proto::h1::io[0m[2m:[0m flushed 172 bytes
[2m2025-12-10T10:16:10.950080Z[0m [34mDEBUG[0m [2mhyper::proto::h1::io[0m[2m:[0m parsed 4 headers
[2m2025-12-10T10:16:10.950104Z[0m [34mDEBUG[0m [2mhyper::proto::h1::conn[0m[2m:[0m incoming body is content-length (45 bytes)
[2m2025-12-10T10:16:10.950109Z[0m [34mDEBUG[0m [2mhyper::proto::h1::conn[0m[2m:[0m incoming body completed
[2m2025-12-10T10:16:10.950114Z[0m [34mDEBUG[0m [2mhyper::client::pool[0m[2m:[0m pooling idle connection for ("http", 192.168.0.14:8545)
[2m2025-12-10T10:16:10.950124Z[0m [34mDEBUG[0m [2mhyper::client::pool[0m[2m:[0m reuse idle connection for ("http", 192.168.0.14:8545)
[2m2025-12-10T10:16:10.950136Z[0m [34mDEBUG[0m [2mhyper::proto::h1::io[0m[2m:[0m flushed 172 bytes
[2m2025-12-10T10:16:10.957051Z[0m [34mDEBUG[0m [2mhyper::proto::h1::io[0m[2m:[0m parsed 4 headers
[2m2025-12-10T10:16:10.957080Z[0m [34mDEBUG[0m [2mhyper::proto::h1::conn[0m[2m:[0m incoming body is content-length (45 bytes)
[2m2025-12-10T10:16:10.957089Z[0m [34mDEBUG[0m [2mhyper::proto::h1::conn[0m[2m:[0m incoming body completed
[2m2025-12-10T10:16:10.957101Z[0m [34mDEBUG[0m [2mhyper::client::pool[0m[2m:[0m pooling idle connection for ("http", 192.168.0.14:8545)
[2m2025-12-10T10:16:10.957125Z[0m [34mDEBUG[0m [2mhyper::client::pool[0m[2m:[0m reuse idle connection for ("http", 192.168.0.14:8545)
[2m2025-12-10T10:16:10.957154Z[0m [34mDEBUG[0m [2mhyper::proto::h1::io[0m[2m:[0m flushed 172 bytes
[2m2025-12-10T10:16:10.960904Z[0m [34mDEBUG[0m [2mhyper::proto::h1::io[0m[2m:[0m parsed 4 headers
[2m2025-12-10T10:16:10.960930Z[0m [34mDEBUG[0m [2mhyper::proto::h1::conn[0m[2m:[0m incoming body is content-length (45 bytes)
[2m2025-12-10T10:16:10.960939Z[0m [34mDEBUG[0m [2mhyper::proto::h1::conn[0m[2m:[0m incoming body completed
[2m2025-12-10T10:16:10.960949Z[0m [34mDEBUG[0m [2mhyper::client::pool[0m[2m:[0m pooling idle connection for ("http", 192.168.0.14:8545)
[2m2025-12-10T10:16:10.960995Z[0m [34mDEBUG[0m [2mhyper::client::pool[0m[2m:[0m reuse idle connection for ("http", 192.168.0.14:8545)
[2m2025-12-10T10:16:10.961036Z[0m [34mDEBUG[0m [2mhyper::proto::h1::io[0m[2m:[0m flushed 172 bytes
[2m2025-12-10T10:16:10.964376Z[0m [34mDEBUG[0m [2mhyper::proto::h1::io[0m[2m:[0m parsed 4 headers
[2m2025-12-10T10:16:10.964390Z[0m [34mDEBUG[0m [2mhyper::proto::h1::conn[0m[2m:[0m incoming body is content-length (45 bytes)
[2m2025-12-10T10:16:10.964397Z[0m [34mDEBUG[0m [2mhyper::proto::h1::conn[0m[2m:[0m incoming body completed
[2m2025-12-10T10:16:10.964405Z[0m [34mDEBUG[0m [2mhyper::client::pool[0m[2m:[0m pooling idle connection for ("http", 192.168.0.14:8545)
[2m2025-12-10T10:16:10.964423Z[0m [34mDEBUG[0m [2mhyper::client::pool[0m[2m:[0m reuse idle connection for ("http", 192.168.0.14:8545)
[2m2025-12-10T10:16:10.964447Z[0m [34mDEBUG[0m [2mhyper::proto::h1::io[0m[2m:[0m flushed 172 bytes
[2m2025-12-10T10:16:10.968297Z[0m [34mDEBUG[0m [2mhyper::proto::h1::io[0m[2m:[0m parsed 4 headers
[2m2025-12-10T10:16:10.968348Z[0m [34mDEBUG[0m [2mhyper::proto::h1::conn[0m[2m:[0m incoming body is content-length (45 bytes)
[2m2025-12-10T10:16:10.968368Z[0m [34mDEBUG[0m [2mhyper::proto::h1::conn[0m[2m:[0m incoming body completed
[2m2025-12-10T10:16:10.968393Z[0m [34mDEBUG[0m [2mhyper::client::pool[0m[2m:[0m pooling idle connection for ("http", 192.168.0.14:8545)
[2m2025-12-10T10:16:10.968444Z[0m [34mDEBUG[0m [2mhyper::client::pool[0m[2m:[0m reuse idle connection for ("http", 192.168.0.14:8545)
[2m2025-12-10T10:16:10.968491Z[0m [34mDEBUG[0m [2mhyper::proto::h1::io[0m[2m:[0m flushed 172 bytes
[2m2025-12-10T10:16:10.972104Z[0m [34mDEBUG[0m [2mhyper::proto::h1::io[0m[2m:[0m parsed 4 headers
[2m2025-12-10T10:16:10.972254Z[0m [34mDEBUG[0m [2mhyper::proto::h1::conn[0m[2m:[0m incoming body is content-length (45 bytes)
[2m2025-12-10T10:16:10.972265Z[0m [34mDEBUG[0m [2mhyper::proto::h1::conn[0m[2m:[0m incoming body completed
[2m2025-12-10T10:16:10.972278Z[0m [34mDEBUG[0m [2mhyper::client::pool[0m[2m:[0m pooling idle connection for ("http", 192.168.0.14:8545)
[2m2025-12-10T10:16:10.972307Z[0m [34mDEBUG[0m [2mhyper::client::pool[0m[2m:[0m reuse idle connection for ("http", 192.168.0.14:8545)
[2m2025-12-10T10:16:10.972332Z[0m [34mDEBUG[0m [2mhyper::proto::h1::io[0m[2m:[0m flushed 172 bytes
[2m2025-12-10T10:16:10.976023Z[0m [34mDEBUG[0m [2mhyper::proto::h1::io[0m[2m:[0m parsed 4 headers
[2m2025-12-10T10:16:10.976066Z[0m [34mDEBUG[0m [2mhyper::proto::h1::conn[0m[2m:[0m incoming body is content-length (45 bytes)
[2m2025-12-10T10:16:10.976084Z[0m [34mDEBUG[0m [2mhyper::proto::h1::conn[0m[2m:[0m incoming body completed
[2m2025-12-10T10:16:10.976111Z[0m [34mDEBUG[0m [2mhyper::client::pool[0m[2m:[0m pooling idle connection for ("http", 192.168.0.14:8545)
[2m2025-12-10T10:16:10.976170Z[0m [34mDEBUG[0m [2mhyper::client::pool[0m[2m:[0m reuse idle connection for ("http", 192.168.0.14:8545)
[2m2025-12-10T10:16:10.976218Z[0m [34mDEBUG[0m [2mhyper::proto::h1::io[0m[2m:[0m flushed 172 bytes
[2m2025-12-10T10:16:10.979782Z[0m [34mDEBUG[0m [2mhyper::proto::h1::io[0m[2m:[0m parsed 4 headers
[2m2025-12-10T10:16:10.979826Z[0m [34mDEBUG[0m [2mhyper::proto::h1::conn[0m[2m:[0m incoming body is content-length (45 bytes)
[2m2025-12-10T10:16:10.979849Z[0m [34mDEBUG[0m [2mhyper::proto::h1::conn[0m[2m:[0m incoming body completed
[2m2025-12-10T10:16:10.979871Z[0m [34mDEBUG[0m [2mhyper::client::pool[0m[2m:[0m pooling idle connection for ("http", 192.168.0.14:8545)
[2m2025-12-10T10:16:10.979918Z[0m [34mDEBUG[0m [2mhyper::client::pool[0m[2m:[0m reuse idle connection for ("http", 192.168.0.14:8545)
[2m2025-12-10T10:16:10.980599Z[0m [34mDEBUG[0m [2mhyper::proto::h1::io[0m[2m:[0m flushed 172 bytes
[2m2025-12-10T10:16:10.985290Z[0m [34mDEBUG[0m [2mhyper::proto::h1::io[0m[2m:[0m parsed 4 headers
[2m2025-12-10T10:16:10.985331Z[0m [34mDEBUG[0m [2mhyper::proto::h1::conn[0m[2m:[0m incoming body is content-length (45 bytes)
[2m2025-12-10T10:16:10.985350Z[0m [34mDEBUG[0m [2mhyper::proto::h1::conn[0m[2m:[0m incoming body completed
[2m2025-12-10T10:16:10.985372Z[0m [34mDEBUG[0m [2mhyper::client::pool[0m[2m:[0m pooling idle connection for ("http", 192.168.0.14:8545)
[2m2025-12-10T10:16:10.985418Z[0m [34mDEBUG[0m [2mhyper::client::pool[0m[2m:[0m reuse idle connection for ("http", 192.168.0.14:8545)
[2m2025-12-10T10:16:10.985461Z[0m [34mDEBUG[0m [2mhyper::proto::h1::io[0m[2m:[0m flushed 172 bytes
[2m2025-12-10T10:16:10.989307Z[0m [34mDEBUG[0m [2mhyper::proto::h1::io[0m[2m:[0m parsed 4 headers
[2m2025-12-10T10:16:10.989318Z[0m [34mDEBUG[0m [2mhyper::proto::h1::conn[0m[2m:[0m incoming body is content-length (45 bytes)
[2m2025-12-10T10:16:10.989325Z[0m [34mDEBUG[0m [2mhyper::proto::h1::conn[0m[2m:[0m incoming body completed
[2m2025-12-10T10:16:10.989334Z[0m [34mDEBUG[0m [2mhyper::client::pool[0m[2m:[0m pooling idle connection for ("http", 192.168.0.14:8545)
[2m2025-12-10T10:16:10.989352Z[0m [34mDEBUG[0m [2mhyper::client::pool[0m[2m:[0m reuse idle connection for ("http", 192.168.0.14:8545)
[2m2025-12-10T10:16:10.989377Z[0m [34mDEBUG[0m [2mhyper::proto::h1::io[0m[2m:[0m flushed 172 bytes
[2m2025-12-10T10:16:10.993050Z[0m [34mDEBUG[0m [2mhyper::proto::h1::io[0m[2m:[0m parsed 4 headers
[2m2025-12-10T10:16:10.993066Z[0m [34mDEBUG[0m [2mhyper::proto::h1::conn[0m[2m:[0m incoming body is content-length (45 bytes)
[2m2025-12-10T10:16:10.993073Z[0m [34mDEBUG[0m [2mhyper::proto::h1::conn[0m[2m:[0m incoming body completed
[2m2025-12-10T10:16:10.993082Z[0m [34mDEBUG[0m [2mhyper::client::pool[0m[2m:[0m pooling idle connection for ("http", 192.168.0.14:8545)
[2m2025-12-10T10:16:10.993103Z[0m [34mDEBUG[0m [2mhyper::client::pool[0m[2m:[0m reuse idle connection for ("http", 192.168.0.14:8545)
[2m2025-12-10T10:16:10.993133Z[0m [34mDEBUG[0m [2mhyper::proto::h1::io[0m[2m:[0m flushed 172 bytes
[2m2025-12-10T10:16:10.997314Z[0m [34mDEBUG[0m [2mhyper::proto::h1::io[0m[2m:[0m parsed 4 headers
[2m2025-12-10T10:16:10.997321Z[0m [34mDEBUG[0m [2mhyper::proto::h1::conn[0m[2m:[0m incoming body is content-length (45 bytes)
[2m2025-12-10T10:16:10.997328Z[0m [34mDEBUG[0m [2mhyper::proto::h1::conn[0m[2m:[0m incoming body completed
[2m2025-12-10T10:16:10.997336Z[0m [34mDEBUG[0m [2mhyper::client::pool[0m[2m:[0m pooling idle connection for ("http", 192.168.0.14:8545)
[2m2025-12-10T10:16:10.997356Z[0m [34mDEBUG[0m [2mhyper::client::pool[0m[2m:[0m reuse idle connection for ("http", 192.168.0.14:8545)
[2m2025-12-10T10:16:10.997375Z[0m [34mDEBUG[0m [2mhyper::proto::h1::io[0m[2m:[0m flushed 172 bytes
[2m2025-12-10T10:16:11.002914Z[0m [34mDEBUG[0m [2mhyper::proto::h1::io[0m[2m:[0m parsed 4 headers
[2m2025-12-10T10:16:11.002969Z[0m [34mDEBUG[0m [2mhyper::proto::h1::conn[0m[2m:[0m incoming body is content-length (45 bytes)
[2m2025-12-10T10:16:11.002990Z[0m [34mDEBUG[0m [2mhyper::proto::h1::conn[0m[2m:[0m incoming body completed
[2m2025-12-10T10:16:11.003015Z[0m [34mDEBUG[0m [2mhyper::client::pool[0m[2m:[0m pooling idle connection for ("http", 192.168.0.14:8545)
[2m2025-12-10T10:16:11.003067Z[0m [34mDEBUG[0m [2mhyper::client::pool[0m[2m:[0m reuse idle connection for ("http", 192.168.0.14:8545)
[2m2025-12-10T10:16:11.003121Z[0m [34mDEBUG[0m [2mhyper::proto::h1::io[0m[2m:[0m flushed 172 bytes
[2m2025-12-10T10:16:11.019834Z[0m [34mDEBUG[0m [2mhyper::proto::h1::io[0m[2m:[0m parsed 4 headers
[2m2025-12-10T10:16:11.035508Z[0m [34mDEBUG[0m [2mhyper::proto::h1::conn[0m[2m:[0m incoming body is content-length (45 bytes)
[2m2025-12-10T10:16:11.035525Z[0m [34mDEBUG[0m [2mhyper::proto::h1::conn[0m[2m:[0m incoming body completed
[2m2025-12-10T10:16:11.035539Z[0m [34mDEBUG[0m [2mhyper::client::pool[0m[2m:[0m pooling idle connection for ("http", 192.168.0.14:8545)
[2m2025-12-10T10:16:11.036085Z[0m [34mDEBUG[0m [2mhyper::client::pool[0m[2m:[0m reuse idle connection for ("http", 192.168.0.14:8545)
[2m2025-12-10T10:16:11.036150Z[0m [34mDEBUG[0m [2mhyper::proto::h1::io[0m[2m:[0m flushed 172 bytes
[2m2025-12-10T10:16:11.042333Z[0m [34mDEBUG[0m [2mhyper::proto::h1::io[0m[2m:[0m parsed 4 headers
[2m2025-12-10T10:16:11.042353Z[0m [34mDEBUG[0m [2mhyper::proto::h1::conn[0m[2m:[0m incoming body is content-length (45 bytes)
[2m2025-12-10T10:16:11.042366Z[0m [34mDEBUG[0m [2mhyper::proto::h1::conn[0m[2m:[0m incoming body completed
[2m2025-12-10T10:16:11.042380Z[0m [34mDEBUG[0m [2mhyper::client::pool[0m[2m:[0m pooling idle connection for ("http", 192.168.0.14:8545)
[2m2025-12-10T10:16:11.042412Z[0m [34mDEBUG[0m [2mhyper::client::pool[0m[2m:[0m reuse idle connection for ("http", 192.168.0.14:8545)
[2m2025-12-10T10:16:11.042440Z[0m [34mDEBUG[0m [2mhyper::proto::h1::io[0m[2m:[0m flushed 172 bytes
[2m2025-12-10T10:16:11.048860Z[0m [34mDEBUG[0m [2mhyper::proto::h1::io[0m[2m:[0m parsed 4 headers
[2m2025-12-10T10:16:11.048881Z[0m [34mDEBUG[0m [2mhyper::proto::h1::conn[0m[2m:[0m incoming body is content-length (45 bytes)
[2m2025-12-10T10:16:11.048890Z[0m [34mDEBUG[0m [2mhyper::proto::h1::conn[0m[2m:[0m incoming body completed
[2m2025-12-10T10:16:11.048902Z[0m [34mDEBUG[0m [2mhyper::client::pool[0m[2m:[0m pooling idle connection for ("http", 192.168.0.14:8545)
[2m2025-12-10T10:16:11.048992Z[0m [34mDEBUG[0m [2mhyper::client::pool[0m[2m:[0m reuse idle connection for ("http", 192.168.0.14:8545)
[2m2025-12-10T10:16:11.049072Z[0m [34mDEBUG[0m [2mhyper::proto::h1::io[0m[2m:[0m flushed 172 bytes
[2m2025-12-10T10:16:11.053302Z[0m [34mDEBUG[0m [2mhyper::proto::h1::io[0m[2m:[0m parsed 4 headers
[2m2025-12-10T10:16:11.053353Z[0m [34mDEBUG[0m [2mhyper::proto::h1::conn[0m[2m:[0m incoming body is content-length (45 bytes)
[2m2025-12-10T10:16:11.053372Z[0m [34mDEBUG[0m [2mhyper::proto::h1::conn[0m[2m:[0m incoming body completed
[2m2025-12-10T10:16:11.053395Z[0m [34mDEBUG[0m [2mhyper::client::pool[0m[2m:[0m pooling idle connection for ("http", 192.168.0.14:8545)
[2m2025-12-10T10:16:11.053445Z[0m [34mDEBUG[0m [2mhyper::client::pool[0m[2m:[0m reuse idle connection for ("http", 192.168.0.14:8545)
[2m2025-12-10T10:16:11.053496Z[0m [34mDEBUG[0m [2mhyper::proto::h1::io[0m[2m:[0m flushed 172 bytes
[2m2025-12-10T10:16:11.057298Z[0m [34mDEBUG[0m [2mhyper::proto::h1::io[0m[2m:[0m parsed 4 headers
[2m2025-12-10T10:16:11.057316Z[0m [34mDEBUG[0m [2mhyper::proto::h1::conn[0m[2m:[0m incoming body is content-length (45 bytes)
[2m2025-12-10T10:16:11.057324Z[0m [34mDEBUG[0m [2mhyper::proto::h1::conn[0m[2m:[0m incoming body completed
[2m2025-12-10T10:16:11.057334Z[0m [34mDEBUG[0m [2mhyper::client::pool[0m[2m:[0m pooling idle connection for ("http", 192.168.0.14:8545)
[2m2025-12-10T10:16:11.057360Z[0m [34mDEBUG[0m [2mhyper::client::pool[0m[2m:[0m reuse idle connection for ("http", 192.168.0.14:8545)
[2m2025-12-10T10:16:11.057388Z[0m [34mDEBUG[0m [2mhyper::proto::h1::io[0m[2m:[0m flushed 172 bytes
[2m2025-12-10T10:16:11.060753Z[0m [34mDEBUG[0m [2mhyper::proto::h1::io[0m[2m:[0m parsed 4 headers
[2m2025-12-10T10:16:11.060794Z[0m [34mDEBUG[0m [2mhyper::proto::h1::conn[0m[2m:[0m incoming body is content-length (45 bytes)
[2m2025-12-10T10:16:11.060814Z[0m [34mDEBUG[0m [2mhyper::proto::h1::conn[0m[2m:[0m incoming body completed
[2m2025-12-10T10:16:11.060836Z[0m [34mDEBUG[0m [2mhyper::client::pool[0m[2m:[0m pooling idle connection for ("http", 192.168.0.14:8545)
[2m2025-12-10T10:16:11.060886Z[0m [34mDEBUG[0m [2mhyper::client::pool[0m[2m:[0m reuse idle connection for ("http", 192.168.0.14:8545)
[2m2025-12-10T10:16:11.060928Z[0m [34mDEBUG[0m [2mhyper::proto::h1::io[0m[2m:[0m flushed 172 bytes
[2m2025-12-10T10:16:11.065438Z[0m [34mDEBUG[0m [2mhyper::proto::h1::io[0m[2m:[0m parsed 4 headers
[2m2025-12-10T10:16:11.065463Z[0m [34mDEBUG[0m [2mhyper::proto::h1::conn[0m[2m:[0m incoming body is content-length (45 bytes)
[2m2025-12-10T10:16:11.065474Z[0m [34mDEBUG[0m [2mhyper::proto::h1::conn[0m[2m:[0m incoming body completed
[2m2025-12-10T10:16:11.065587Z[0m [34mDEBUG[0m [2mhyper::client::pool[0m[2m:[0m pooling idle connection for ("http", 192.168.0.14:8545)
[2m2025-12-10T10:16:11.065617Z[0m [34mDEBUG[0m [2mhyper::client::pool[0m[2m:[0m reuse idle connection for ("http", 192.168.0.14:8545)
[2m2025-12-10T10:16:11.065649Z[0m [34mDEBUG[0m [2mhyper::proto::h1::io[0m[2m:[0m flushed 172 bytes
[2m2025-12-10T10:16:11.069304Z[0m [34mDEBUG[0m [2mhyper::proto::h1::io[0m[2m:[0m parsed 4 headers
[2m2025-12-10T10:16:11.071150Z[0m [34mDEBUG[0m [2mhyper::proto::h1::conn[0m[2m:[0m incoming body is content-length (45 bytes)
[2m2025-12-10T10:16:11.071168Z[0m [34mDEBUG[0m [2mhyper::proto::h1::conn[0m[2m:[0m incoming body completed
[2m2025-12-10T10:16:11.071185Z[0m [34mDEBUG[0m [2mhyper::client::pool[0m[2m:[0m pooling idle connection for ("http", 192.168.0.14:8545)
[2m2025-12-10T10:16:11.071236Z[0m [34mDEBUG[0m [2mhyper::client::pool[0m[2m:[0m reuse idle connection for ("http", 192.168.0.14:8545)
[2m2025-12-10T10:16:11.071305Z[0m [34mDEBUG[0m [2mhyper::proto::h1::io[0m[2m:[0m flushed 172 bytes
[2m2025-12-10T10:16:11.073968Z[0m [34mDEBUG[0m [2mhyper::proto::h1::io[0m[2m:[0m parsed 4 headers
[2m2025-12-10T10:16:11.074031Z[0m [34mDEBUG[0m [2mhyper::proto::h1::conn[0m[2m:[0m incoming body is content-length (45 bytes)
[2m2025-12-10T10:16:11.074063Z[0m [34mDEBUG[0m [2mhyper::proto::h1::conn[0m[2m:[0m incoming body completed
[2m2025-12-10T10:16:11.074090Z[0m [34mDEBUG[0m [2mhyper::client::pool[0m[2m:[0m pooling idle connection for ("http", 192.168.0.14:8545)
[2m2025-12-10T10:16:11.074149Z[0m [34mDEBUG[0m [2mhyper::client::pool[0m[2m:[0m reuse idle connection for ("http", 192.168.0.14:8545)
[2m2025-12-10T10:16:11.074276Z[0m [34mDEBUG[0m [2mhyper::proto::h1::io[0m[2m:[0m flushed 172 bytes
[2m2025-12-10T10:16:11.077313Z[0m [34mDEBUG[0m [2mhyper::proto::h1::io[0m[2m:[0m parsed 4 headers
[2m2025-12-10T10:16:11.077339Z[0m [34mDEBUG[0m [2mhyper::proto::h1::conn[0m[2m:[0m incoming body is content-length (45 bytes)
[2m2025-12-10T10:16:11.077350Z[0m [34mDEBUG[0m [2mhyper::proto::h1::conn[0m[2m:[0m incoming body completed
[2m2025-12-10T10:16:11.077361Z[0m [34mDEBUG[0m [2mhyper::client::pool[0m[2m:[0m pooling idle connection for ("http", 192.168.0.14:8545)
[2m2025-12-10T10:16:11.077391Z[0m [34mDEBUG[0m [2mhyper::client::pool[0m[2m:[0m reuse idle connection for ("http", 192.168.0.14:8545)
[2m2025-12-10T10:16:11.077421Z[0m [34mDEBUG[0m [2mhyper::proto::h1::io[0m[2m:[0m flushed 172 bytes
[2m2025-12-10T10:16:11.080515Z[0m [34mDEBUG[0m [2mhyper::proto::h1::io[0m[2m:[0m parsed 4 headers
[2m2025-12-10T10:16:11.080556Z[0m [34mDEBUG[0m [2mhyper::proto::h1::conn[0m[2m:[0m incoming body is content-length (45 bytes)
[2m2025-12-10T10:16:11.080575Z[0m [34mDEBUG[0m [2mhyper::proto::h1::conn[0m[2m:[0m incoming body completed
[2m2025-12-10T10:16:11.080598Z[0m [34mDEBUG[0m [2mhyper::client::pool[0m[2m:[0m pooling idle connection for ("http", 192.168.0.14:8545)
[2m2025-12-10T10:16:11.080650Z[0m [34mDEBUG[0m [2mhyper::client::pool[0m[2m:[0m reuse idle connection for ("http", 192.168.0.14:8545)
[2m2025-12-10T10:16:11.080693Z[0m [34mDEBUG[0m [2mhyper::proto::h1::io[0m[2m:[0m flushed 172 bytes
[2m2025-12-10T10:16:11.083712Z[0m [34mDEBUG[0m [2mhyper::proto::h1::io[0m[2m:[0m parsed 4 headers
[2m2025-12-10T10:16:11.083761Z[0m [34mDEBUG[0m [2mhyper::proto::h1::conn[0m[2m:[0m incoming body is content-length (45 bytes)
[2m2025-12-10T10:16:11.083783Z[0m [34mDEBUG[0m [2mhyper::proto::h1::conn[0m[2m:[0m incoming body completed
[2m2025-12-10T10:16:11.083811Z[0m [34mDEBUG[0m [2mhyper::client::pool[0m[2m:[0m pooling idle connection for ("http", 192.168.0.14:8545)
[2m2025-12-10T10:16:11.083861Z[0m [34mDEBUG[0m [2mhyper::client::pool[0m[2m:[0m reuse idle connection for ("http", 192.168.0.14:8545)
[2m2025-12-10T10:16:11.083895Z[0m [34mDEBUG[0m [2mhyper::proto::h1::io[0m[2m:[0m flushed 172 bytes
[2m2025-12-10T10:16:11.088593Z[0m [34mDEBUG[0m [2mhyper::proto::h1::io[0m[2m:[0m parsed 4 headers
[2m2025-12-10T10:16:11.088631Z[0m [34mDEBUG[0m [2mhyper::proto::h1::conn[0m[2m:[0m incoming body is content-length (45 bytes)
[2m2025-12-10T10:16:11.088648Z[0m [34mDEBUG[0m [2mhyper::proto::h1::conn[0m[2m:[0m incoming body completed
[2m2025-12-10T10:16:11.088668Z[0m [34mDEBUG[0m [2mhyper::client::pool[0m[2m:[0m pooling idle connection for ("http", 192.168.0.14:8545)
[2m2025-12-10T10:16:11.088716Z[0m [34mDEBUG[0m [2mhyper::client::pool[0m[2m:[0m reuse idle connection for ("http", 192.168.0.14:8545)
[2m2025-12-10T10:16:11.088761Z[0m [34mDEBUG[0m [2mhyper::proto::h1::io[0m[2m:[0m flushed 172 bytes
[2m2025-12-10T10:16:11.093844Z[0m [34mDEBUG[0m [2mhyper::proto::h1::io[0m[2m:[0m parsed 4 headers
[2m2025-12-10T10:16:11.093877Z[0m [34mDEBUG[0m [2mhyper::proto::h1::conn[0m[2m:[0m incoming body is content-length (45 bytes)
[2m2025-12-10T10:16:11.093888Z[0m [34mDEBUG[0m [2mhyper::proto::h1::conn[0m[2m:[0m incoming body completed
[2m2025-12-10T10:16:11.093902Z[0m [34mDEBUG[0m [2mhyper::client::pool[0m[2m:[0m pooling idle connection for ("http", 192.168.0.14:8545)
[2m2025-12-10T10:16:11.093935Z[0m [34mDEBUG[0m [2mhyper::client::pool[0m[2m:[0m reuse idle connection for ("http", 192.168.0.14:8545)
[2m2025-12-10T10:16:11.093973Z[0m [34mDEBUG[0m [2mhyper::proto::h1::io[0m[2m:[0m flushed 172 bytes
[2m2025-12-10T10:16:11.099254Z[0m [34mDEBUG[0m [2mhyper::proto::h1::io[0m[2m:[0m parsed 4 headers
[2m2025-12-10T10:16:11.099317Z[0m [34mDEBUG[0m [2mhyper::proto::h1::conn[0m[2m:[0m incoming body is content-length (45 bytes)
[2m2025-12-10T10:16:11.099342Z[0m [34mDEBUG[0m [2mhyper::proto::h1::conn[0m[2m:[0m incoming body completed
[2m2025-12-10T10:16:11.099371Z[0m [34mDEBUG[0m [2mhyper::client::pool[0m[2m:[0m pooling idle connection for ("http", 192.168.0.14:8545)
[2m2025-12-10T10:16:11.099436Z[0m [34mDEBUG[0m [2mhyper::client::pool[0m[2m:[0m reuse idle connection for ("http", 192.168.0.14:8545)
[2m2025-12-10T10:16:11.099520Z[0m [34mDEBUG[0m [2mhyper::proto::h1::io[0m[2m:[0m flushed 172 bytes
[2m2025-12-10T10:16:11.103210Z[0m [34mDEBUG[0m [2mhyper::proto::h1::io[0m[2m:[0m parsed 4 headers
[2m2025-12-10T10:16:11.103235Z[0m [34mDEBUG[0m [2mhyper::proto::h1::conn[0m[2m:[0m incoming body is content-length (45 bytes)
[2m2025-12-10T10:16:11.103245Z[0m [34mDEBUG[0m [2mhyper::proto::h1::conn[0m[2m:[0m incoming body completed
[2m2025-12-10T10:16:11.103259Z[0m [34mDEBUG[0m [2mhyper::client::pool[0m[2m:[0m pooling idle connection for ("http", 192.168.0.14:8545)
[2m2025-12-10T10:16:11.103290Z[0m [34mDEBUG[0m [2mhyper::client::pool[0m[2m:[0m reuse idle connection for ("http", 192.168.0.14:8545)
[2m2025-12-10T10:16:11.103326Z[0m [34mDEBUG[0m [2mhyper::proto::h1::io[0m[2m:[0m flushed 172 bytes
[2m2025-12-10T10:16:11.108761Z[0m [34mDEBUG[0m [2mhyper::proto::h1::io[0m[2m:[0m parsed 4 headers
[2m2025-12-10T10:16:11.108824Z[0m [34mDEBUG[0m [2mhyper::proto::h1::conn[0m[2m:[0m incoming body is content-length (45 bytes)
[2m2025-12-10T10:16:11.108848Z[0m [34mDEBUG[0m [2mhyper::proto::h1::conn[0m[2m:[0m incoming body completed
[2m2025-12-10T10:16:11.108877Z[0m [34mDEBUG[0m [2mhyper::client::pool[0m[2m:[0m pooling idle connection for ("http", 192.168.0.14:8545)
[2m2025-12-10T10:16:11.108938Z[0m [34mDEBUG[0m [2mhyper::client::pool[0m[2m:[0m reuse idle connection for ("http", 192.168.0.14:8545)
[2m2025-12-10T10:16:11.109227Z[0m [34mDEBUG[0m [2mhyper::proto::h1::io[0m[2m:[0m flushed 172 bytes
[2m2025-12-10T10:16:11.123013Z[0m [34mDEBUG[0m [2mhyper::proto::h1::io[0m[2m:[0m parsed 4 headers
[2m2025-12-10T10:16:11.123033Z[0m [34mDEBUG[0m [2mhyper::proto::h1::conn[0m[2m:[0m incoming body is content-length (45 bytes)
[2m2025-12-10T10:16:11.123044Z[0m [34mDEBUG[0m [2mhyper::proto::h1::conn[0m[2m:[0m incoming body completed
[2m2025-12-10T10:16:11.123059Z[0m [34mDEBUG[0m [2mhyper::client::pool[0m[2m:[0m pooling idle connection for ("http", 192.168.0.14:8545)
[2m2025-12-10T10:16:11.123091Z[0m [34mDEBUG[0m [2mhyper::client::pool[0m[2m:[0m reuse idle connection for ("http", 192.168.0.14:8545)
[2m2025-12-10T10:16:11.123124Z[0m [34mDEBUG[0m [2mhyper::proto::h1::io[0m[2m:[0m flushed 172 bytes
[2m2025-12-10T10:16:11.128338Z[0m [34mDEBUG[0m [2mhyper::proto::h1::io[0m[2m:[0m parsed 4 headers
[2m2025-12-10T10:16:11.128383Z[0m [34mDEBUG[0m [2mhyper::proto::h1::conn[0m[2m:[0m incoming body is content-length (45 bytes)
[2m2025-12-10T10:16:11.128402Z[0m [34mDEBUG[0m [2mhyper::proto::h1::conn[0m[2m:[0m incoming body completed
[2m2025-12-10T10:16:11.128425Z[0m [34mDEBUG[0m [2mhyper::client::pool[0m[2m:[0m pooling idle connection for ("http", 192.168.0.14:8545)
[2m2025-12-10T10:16:11.128477Z[0m [34mDEBUG[0m [2mhyper::client::pool[0m[2m:[0m reuse idle connection for ("http", 192.168.0.14:8545)
[2m2025-12-10T10:16:11.128526Z[0m [34mDEBUG[0m [2mhyper::proto::h1::io[0m[2m:[0m flushed 172 bytes
[2m2025-12-10T10:16:11.134840Z[0m [34mDEBUG[0m [2mhyper::proto::h1::io[0m[2m:[0m parsed 4 headers
[2m2025-12-10T10:16:11.134857Z[0m [34mDEBUG[0m [2mhyper::proto::h1::conn[0m[2m:[0m incoming body is content-length (45 bytes)
[2m2025-12-10T10:16:11.134869Z[0m [34mDEBUG[0m [2mhyper::proto::h1::conn[0m[2m:[0m incoming body completed
[2m2025-12-10T10:16:11.134879Z[0m [34mDEBUG[0m [2mhyper::client::pool[0m[2m:[0m pooling idle connection for ("http", 192.168.0.14:8545)
[2m2025-12-10T10:16:11.134902Z[0m [34mDEBUG[0m [2mhyper::client::pool[0m[2m:[0m reuse idle connection for ("http", 192.168.0.14:8545)
[2m2025-12-10T10:16:11.134928Z[0m [34mDEBUG[0m [2mhyper::proto::h1::io[0m[2m:[0m flushed 172 bytes
[2m2025-12-10T10:16:11.138979Z[0m [34mDEBUG[0m [2mhyper::proto::h1::io[0m[2m:[0m parsed 4 headers
[2m2025-12-10T10:16:11.138994Z[0m [34mDEBUG[0m [2mhyper::proto::h1::conn[0m[2m:[0m incoming body is content-length (45 bytes)
[2m2025-12-10T10:16:11.139004Z[0m [34mDEBUG[0m [2mhyper::proto::h1::conn[0m[2m:[0m incoming body completed
[2m2025-12-10T10:16:11.139016Z[0m [34mDEBUG[0m [2mhyper::client::pool[0m[2m:[0m pooling idle connection for ("http", 192.168.0.14:8545)
[2m2025-12-10T10:16:11.139039Z[0m [34mDEBUG[0m [2mhyper::client::pool[0m[2m:[0m reuse idle connection for ("http", 192.168.0.14:8545)
[2m2025-12-10T10:16:11.139063Z[0m [34mDEBUG[0m [2mhyper::proto::h1::io[0m[2m:[0m flushed 172 bytes
[2m2025-12-10T10:16:11.144839Z[0m [34mDEBUG[0m [2mhyper::proto::h1::io[0m[2m:[0m parsed 4 headers
[2m2025-12-10T10:16:11.144877Z[0m [34mDEBUG[0m [2mhyper::proto::h1::conn[0m[2m:[0m incoming body is content-length (45 bytes)
[2m2025-12-10T10:16:11.144896Z[0m [34mDEBUG[0m [2mhyper::proto::h1::conn[0m[2m:[0m incoming body completed
[2m2025-12-10T10:16:11.144920Z[0m [34mDEBUG[0m [2mhyper::client::pool[0m[2m:[0m pooling idle connection for ("http", 192.168.0.14:8545)
[2m2025-12-10T10:16:11.144974Z[0m [34mDEBUG[0m [2mhyper::client::pool[0m[2m:[0m reuse idle connection for ("http", 192.168.0.14:8545)
[2m2025-12-10T10:16:11.145024Z[0m [34mDEBUG[0m [2mhyper::proto::h1::io[0m[2m:[0m flushed 172 bytes
[2m2025-12-10T10:16:11.150222Z[0m [34mDEBUG[0m [2mhyper::proto::h1::io[0m[2m:[0m parsed 4 headers
[2m2025-12-10T10:16:11.150267Z[0m [34mDEBUG[0m [2mhyper::proto::h1::conn[0m[2m:[0m incoming body is content-length (45 bytes)
[2m2025-12-10T10:16:11.150291Z[0m [34mDEBUG[0m [2mhyper::proto::h1::conn[0m[2m:[0m incoming body completed
[2m2025-12-10T10:16:11.150342Z[0m [34mDEBUG[0m [2mhyper::client::pool[0m[2m:[0m pooling idle connection for ("http", 192.168.0.14:8545)
[2m2025-12-10T10:16:11.150371Z[0m [34mDEBUG[0m [2mhyper::client::pool[0m[2m:[0m reuse idle connection for ("http", 192.168.0.14:8545)
[2m2025-12-10T10:16:11.150391Z[0m [34mDEBUG[0m [2mhyper::proto::h1::io[0m[2m:[0m flushed 172 bytes
[2m2025-12-10T10:16:11.157927Z[0m [34mDEBUG[0m [2mhyper::proto::h1::io[0m[2m:[0m parsed 4 headers
[2m2025-12-10T10:16:11.157943Z[0m [34mDEBUG[0m [2mhyper::proto::h1::conn[0m[2m:[0m incoming body is content-length (45 bytes)
[2m2025-12-10T10:16:11.157952Z[0m [34mDEBUG[0m [2mhyper::proto::h1::conn[0m[2m:[0m incoming body completed
[2m2025-12-10T10:16:11.157964Z[0m [34mDEBUG[0m [2mhyper::client::pool[0m[2m:[0m pooling idle connection for ("http", 192.168.0.14:8545)
[2m2025-12-10T10:16:11.157988Z[0m [34mDEBUG[0m [2mhyper::client::pool[0m[2m:[0m reuse idle connection for ("http", 192.168.0.14:8545)
[2m2025-12-10T10:16:11.158009Z[0m [34mDEBUG[0m [2mhyper::proto::h1::io[0m[2m:[0m flushed 172 bytes
[2m2025-12-10T10:16:11.163863Z[0m [34mDEBUG[0m [2mhyper::proto::h1::io[0m[2m:[0m parsed 4 headers
[2m2025-12-10T10:16:11.163895Z[0m [34mDEBUG[0m [2mhyper::proto::h1::conn[0m[2m:[0m incoming body is content-length (45 bytes)
[2m2025-12-10T10:16:11.163919Z[0m [34mDEBUG[0m [2mhyper::proto::h1::conn[0m[2m:[0m incoming body completed
[2m2025-12-10T10:16:11.163944Z[0m [34mDEBUG[0m [2mhyper::client::pool[0m[2m:[0m pooling idle connection for ("http", 192.168.0.14:8545)
[2m2025-12-10T10:16:11.163994Z[0m [34mDEBUG[0m [2mhyper::client::pool[0m[2m:[0m reuse idle connection for ("http", 192.168.0.14:8545)
[2m2025-12-10T10:16:11.164036Z[0m [34mDEBUG[0m [2mhyper::proto::h1::io[0m[2m:[0m flushed 172 bytes
[2m2025-12-10T10:16:11.170448Z[0m [34mDEBUG[0m [2mhyper::proto::h1::io[0m[2m:[0m parsed 4 headers
[2m2025-12-10T10:16:11.170461Z[0m [34mDEBUG[0m [2mhyper::proto::h1::conn[0m[2m:[0m incoming body is content-length (45 bytes)
[2m2025-12-10T10:16:11.170470Z[0m [34mDEBUG[0m [2mhyper::proto::h1::conn[0m[2m:[0m incoming body completed
[2m2025-12-10T10:16:11.170482Z[0m [34mDEBUG[0m [2mhyper::client::pool[0m[2m:[0m pooling idle connection for ("http", 192.168.0.14:8545)
[2m2025-12-10T10:16:11.170504Z[0m [34mDEBUG[0m [2mhyper::client::pool[0m[2m:[0m reuse idle connection for ("http", 192.168.0.14:8545)
[2m2025-12-10T10:16:11.170522Z[0m [34mDEBUG[0m [2mhyper::proto::h1::io[0m[2m:[0m flushed 172 bytes
[2m2025-12-10T10:16:11.178369Z[0m [34mDEBUG[0m [2mhyper::proto::h1::io[0m[2m:[0m parsed 4 headers
[2m2025-12-10T10:16:11.178384Z[0m [34mDEBUG[0m [2mhyper::proto::h1::conn[0m[2m:[0m incoming body is content-length (45 bytes)
[2m2025-12-10T10:16:11.178394Z[0m [34mDEBUG[0m [2mhyper::proto::h1::conn[0m[2m:[0m incoming body completed
[2m2025-12-10T10:16:11.178405Z[0m [34mDEBUG[0m [2mhyper::client::pool[0m[2m:[0m pooling idle connection for ("http", 192.168.0.14:8545)
[2m2025-12-10T10:16:11.178432Z[0m [34mDEBUG[0m [2mhyper::client::pool[0m[2m:[0m reuse idle connection for ("http", 192.168.0.14:8545)
[2m2025-12-10T10:16:11.178452Z[0m [34mDEBUG[0m [2mhyper::proto::h1::io[0m[2m:[0m flushed 172 bytes
[2m2025-12-10T10:16:11.184686Z[0m [34mDEBUG[0m [2mhyper::proto::h1::io[0m[2m:[0m parsed 4 headers
[2m2025-12-10T10:16:11.184721Z[0m [34mDEBUG[0m [2mhyper::proto::h1::conn[0m[2m:[0m incoming body is content-length (45 bytes)
[2m2025-12-10T10:16:11.184740Z[0m [34mDEBUG[0m [2mhyper::proto::h1::conn[0m[2m:[0m incoming body completed
[2m2025-12-10T10:16:11.184763Z[0m [34mDEBUG[0m [2mhyper::client::pool[0m[2m:[0m pooling idle connection for ("http", 192.168.0.14:8545)
[2m2025-12-10T10:16:11.184811Z[0m [34mDEBUG[0m [2mhyper::client::pool[0m[2m:[0m reuse idle connection for ("http", 192.168.0.14:8545)
[2m2025-12-10T10:16:11.184863Z[0m [34mDEBUG[0m [2mhyper::proto::h1::io[0m[2m:[0m flushed 172 bytes
[2m2025-12-10T10:16:11.188658Z[0m [34mDEBUG[0m [2mhyper::proto::h1::io[0m[2m:[0m parsed 4 headers
[2m2025-12-10T10:16:11.188689Z[0m [34mDEBUG[0m [2mhyper::proto::h1::conn[0m[2m:[0m incoming body is content-length (45 bytes)
[2m2025-12-10T10:16:11.188707Z[0m [34mDEBUG[0m [2mhyper::proto::h1::conn[0m[2m:[0m incoming body completed
[2m2025-12-10T10:16:11.188727Z[0m [34mDEBUG[0m [2mhyper::client::pool[0m[2m:[0m pooling idle connection for ("http", 192.168.0.14:8545)
[2m2025-12-10T10:16:11.188775Z[0m [34mDEBUG[0m [2mhyper::client::pool[0m[2m:[0m reuse idle connection for ("http", 192.168.0.14:8545)
[2m2025-12-10T10:16:11.188825Z[0m [34mDEBUG[0m [2mhyper::proto::h1::io[0m[2m:[0m flushed 172 bytes
[2m2025-12-10T10:16:11.193432Z[0m [34mDEBUG[0m [2mhyper::proto::h1::io[0m[2m:[0m parsed 4 headers
[2m2025-12-10T10:16:11.193448Z[0m [34mDEBUG[0m [2mhyper::proto::h1::conn[0m[2m:[0m incoming body is content-length (45 bytes)
[2m2025-12-10T10:16:11.193456Z[0m [34mDEBUG[0m [2mhyper::proto::h1::conn[0m[2m:[0m incoming body completed
[2m2025-12-10T10:16:11.193467Z[0m [34mDEBUG[0m [2mhyper::client::pool[0m[2m:[0m pooling idle connection for ("http", 192.168.0.14:8545)
[2m2025-12-10T10:16:11.193492Z[0m [34mDEBUG[0m [2mhyper::client::pool[0m[2m:[0m reuse idle connection for ("http", 192.168.0.14:8545)
[2m2025-12-10T10:16:11.193519Z[0m [34mDEBUG[0m [2mhyper::proto::h1::io[0m[2m:[0m flushed 172 bytes
[2m2025-12-10T10:16:11.199466Z[0m [34mDEBUG[0m [2mhyper::proto::h1::io[0m[2m:[0m parsed 4 headers
[2m2025-12-10T10:16:11.199476Z[0m [34mDEBUG[0m [2mhyper::proto::h1::conn[0m[2m:[0m incoming body is content-length (45 bytes)
[2m2025-12-10T10:16:11.199483Z[0m [34mDEBUG[0m [2mhyper::proto::h1::conn[0m[2m:[0m incoming body completed
[2m2025-12-10T10:16:11.199494Z[0m [34mDEBUG[0m [2mhyper::client::pool[0m[2m:[0m pooling idle connection for ("http", 192.168.0.14:8545)
[2m2025-12-10T10:16:11.199516Z[0m [34mDEBUG[0m [2mhyper::client::pool[0m[2m:[0m reuse idle connection for ("http", 192.168.0.14:8545)
[2m2025-12-10T10:16:11.199541Z[0m [34mDEBUG[0m [2mhyper::proto::h1::io[0m[2m:[0m flushed 172 bytes
[2m2025-12-10T10:16:11.206275Z[0m [34mDEBUG[0m [2mhyper::proto::h1::io[0m[2m:[0m parsed 4 headers
[2m2025-12-10T10:16:11.206294Z[0m [34mDEBUG[0m [2mhyper::proto::h1::conn[0m[2m:[0m incoming body is content-length (45 bytes)
[2m2025-12-10T10:16:11.206304Z[0m [34mDEBUG[0m [2mhyper::proto::h1::conn[0m[2m:[0m incoming body completed
[2m2025-12-10T10:16:11.206314Z[0m [34mDEBUG[0m [2mhyper::client::pool[0m[2m:[0m pooling idle connection for ("http", 192.168.0.14:8545)
[2m2025-12-10T10:16:11.206339Z[0m [34mDEBUG[0m [2mhyper::client::pool[0m[2m:[0m reuse idle connection for ("http", 192.168.0.14:8545)
[2m2025-12-10T10:16:11.206368Z[0m [34mDEBUG[0m [2mhyper::proto::h1::io[0m[2m:[0m flushed 172 bytes
[2m2025-12-10T10:16:11.213686Z[0m [34mDEBUG[0m [2mhyper::proto::h1::io[0m[2m:[0m parsed 4 headers
[2m2025-12-10T10:16:11.213721Z[0m [34mDEBUG[0m [2mhyper::proto::h1::conn[0m[2m:[0m incoming body is content-length (45 bytes)
[2m2025-12-10T10:16:11.213739Z[0m [34mDEBUG[0m [2mhyper::proto::h1::conn[0m[2m:[0m incoming body completed
[2m2025-12-10T10:16:11.213758Z[0m [34mDEBUG[0m [2mhyper::client::pool[0m[2m:[0m pooling idle connection for ("http", 192.168.0.14:8545)
[2m2025-12-10T10:16:11.213801Z[0m [34mDEBUG[0m [2mhyper::client::pool[0m[2m:[0m reuse idle connection for ("http", 192.168.0.14:8545)
[2m2025-12-10T10:16:11.213853Z[0m [34mDEBUG[0m [2mhyper::proto::h1::io[0m[2m:[0m flushed 172 bytes
[2m2025-12-10T10:16:11.218857Z[0m [34mDEBUG[0m [2mhyper::proto::h1::io[0m[2m:[0m parsed 4 headers
[2m2025-12-10T10:16:11.218878Z[0m [34mDEBUG[0m [2mhyper::proto::h1::conn[0m[2m:[0m incoming body is content-length (45 bytes)
[2m2025-12-10T10:16:11.218886Z[0m [34mDEBUG[0m [2mhyper::proto::h1::conn[0m[2m:[0m incoming body completed
[2m2025-12-10T10:16:11.218896Z[0m [34mDEBUG[0m [2mhyper::client::pool[0m[2m:[0m pooling idle connection for ("http", 192.168.0.14:8545)
[2m2025-12-10T10:16:11.218919Z[0m [34mDEBUG[0m [2mhyper::client::pool[0m[2m:[0m reuse idle connection for ("http", 192.168.0.14:8545)
[2m2025-12-10T10:16:11.218947Z[0m [34mDEBUG[0m [2mhyper::proto::h1::io[0m[2m:[0m flushed 172 bytes
[2m2025-12-10T10:16:11.224337Z[0m [34mDEBUG[0m [2mhyper::proto::h1::io[0m[2m:[0m parsed 4 headers
[2m2025-12-10T10:16:11.224349Z[0m [34mDEBUG[0m [2mhyper::proto::h1::conn[0m[2m:[0m incoming body is content-length (45 bytes)
[2m2025-12-10T10:16:11.224358Z[0m [34mDEBUG[0m [2mhyper::proto::h1::conn[0m[2m:[0m incoming body completed
[2m2025-12-10T10:16:11.224367Z[0m [34mDEBUG[0m [2mhyper::client::pool[0m[2m:[0m pooling idle connection for ("http", 192.168.0.14:8545)
[2m2025-12-10T10:16:11.224389Z[0m [34mDEBUG[0m [2mhyper::client::pool[0m[2m:[0m reuse idle connection for ("http", 192.168.0.14:8545)
[2m2025-12-10T10:16:11.224409Z[0m [34mDEBUG[0m [2mhyper::proto::h1::io[0m[2m:[0m flushed 172 bytes
[2m2025-12-10T10:16:11.229051Z[0m [34mDEBUG[0m [2mhyper::proto::h1::io[0m[2m:[0m parsed 4 headers
[2m2025-12-10T10:16:11.229061Z[0m [34mDEBUG[0m [2mhyper::proto::h1::conn[0m[2m:[0m incoming body is content-length (45 bytes)
[2m2025-12-10T10:16:11.229068Z[0m [34mDEBUG[0m [2mhyper::proto::h1::conn[0m[2m:[0m incoming body completed
[2m2025-12-10T10:16:11.229077Z[0m [34mDEBUG[0m [2mhyper::client::pool[0m[2m:[0m pooling idle connection for ("http", 192.168.0.14:8545)
[2m2025-12-10T10:16:11.229096Z[0m [34mDEBUG[0m [2mhyper::client::pool[0m[2m:[0m reuse idle connection for ("http", 192.168.0.14:8545)
[2m2025-12-10T10:16:11.229117Z[0m [34mDEBUG[0m [2mhyper::proto::h1::io[0m[2m:[0m flushed 172 bytes
[2m2025-12-10T10:16:11.235603Z[0m [34mDEBUG[0m [2mhyper::proto::h1::io[0m[2m:[0m parsed 4 headers
[2m2025-12-10T10:16:11.235613Z[0m [34mDEBUG[0m [2mhyper::proto::h1::conn[0m[2m:[0m incoming body is content-length (45 bytes)
[2m2025-12-10T10:16:11.235621Z[0m [34mDEBUG[0m [2mhyper::proto::h1::conn[0m[2m:[0m incoming body completed
[2m2025-12-10T10:16:11.235629Z[0m [34mDEBUG[0m [2mhyper::client::pool[0m[2m:[0m pooling idle connection for ("http", 192.168.0.14:8545)
[2m2025-12-10T10:16:11.235649Z[0m [34mDEBUG[0m [2mhyper::client::pool[0m[2m:[0m reuse idle connection for ("http", 192.168.0.14:8545)
[2m2025-12-10T10:16:11.235671Z[0m [34mDEBUG[0m [2mhyper::proto::h1::io[0m[2m:[0m flushed 172 bytes
[2m2025-12-10T10:16:11.240680Z[0m [34mDEBUG[0m [2mhyper::proto::h1::io[0m[2m:[0m parsed 4 headers
[2m2025-12-10T10:16:11.240708Z[0m [34mDEBUG[0m [2mhyper::proto::h1::conn[0m[2m:[0m incoming body is content-length (45 bytes)
[2m2025-12-10T10:16:11.240725Z[0m [34mDEBUG[0m [2mhyper::proto::h1::conn[0m[2m:[0m incoming body completed
[2m2025-12-10T10:16:11.240747Z[0m [34mDEBUG[0m [2mhyper::client::pool[0m[2m:[0m pooling idle connection for ("http", 192.168.0.14:8545)
[2m2025-12-10T10:16:11.240795Z[0m [34mDEBUG[0m [2mhyper::client::pool[0m[2m:[0m reuse idle connection for ("http", 192.168.0.14:8545)
[2m2025-12-10T10:16:11.240841Z[0m [34mDEBUG[0m [2mhyper::proto::h1::io[0m[2m:[0m flushed 172 bytes
[2m2025-12-10T10:16:11.245391Z[0m [34mDEBUG[0m [2mhyper::proto::h1::io[0m[2m:[0m parsed 4 headers
[2m2025-12-10T10:16:11.245405Z[0m [34mDEBUG[0m [2mhyper::proto::h1::conn[0m[2m:[0m incoming body is content-length (45 bytes)
[2m2025-12-10T10:16:11.245413Z[0m [34mDEBUG[0m [2mhyper::proto::h1::conn[0m[2m:[0m incoming body completed
[2m2025-12-10T10:16:11.245423Z[0m [34mDEBUG[0m [2mhyper::client::pool[0m[2m:[0m pooling idle connection for ("http", 192.168.0.14:8545)
[2m2025-12-10T10:16:11.245668Z[0m [34mDEBUG[0m [2mhyper::client::pool[0m[2m:[0m reuse idle connection for ("http", 192.168.0.14:8545)
[2m2025-12-10T10:16:11.245763Z[0m [34mDEBUG[0m [2mhyper::proto::h1::io[0m[2m:[0m flushed 172 bytes
[2m2025-12-10T10:16:11.251761Z[0m [34mDEBUG[0m [2mhyper::proto::h1::io[0m[2m:[0m parsed 4 headers
[2m2025-12-10T10:16:11.251778Z[0m [34mDEBUG[0m [2mhyper::proto::h1::conn[0m[2m:[0m incoming body is content-length (45 bytes)
[2m2025-12-10T10:16:11.251787Z[0m [34mDEBUG[0m [2mhyper::proto::h1::conn[0m[2m:[0m incoming body completed
[2m2025-12-10T10:16:11.251796Z[0m [34mDEBUG[0m [2mhyper::client::pool[0m[2m:[0m pooling idle connection for ("http", 192.168.0.14:8545)
[2m2025-12-10T10:16:11.251821Z[0m [34mDEBUG[0m [2mhyper::client::pool[0m[2m:[0m reuse idle connection for ("http", 192.168.0.14:8545)
[2m2025-12-10T10:16:11.251850Z[0m [34mDEBUG[0m [2mhyper::proto::h1::io[0m[2m:[0m flushed 172 bytes
[2m2025-12-10T10:16:11.256366Z[0m [34mDEBUG[0m [2mhyper::proto::h1::io[0m[2m:[0m parsed 4 headers
[2m2025-12-10T10:16:11.256409Z[0m [34mDEBUG[0m [2mhyper::proto::h1::conn[0m[2m:[0m incoming body is content-length (45 bytes)
[2m2025-12-10T10:16:11.256427Z[0m [34mDEBUG[0m [2mhyper::proto::h1::conn[0m[2m:[0m incoming body completed
[2m2025-12-10T10:16:11.256447Z[0m [34mDEBUG[0m [2mhyper::client::pool[0m[2m:[0m pooling idle connection for ("http", 192.168.0.14:8545)
[2m2025-12-10T10:16:11.256495Z[0m [34mDEBUG[0m [2mhyper::client::pool[0m[2m:[0m reuse idle connection for ("http", 192.168.0.14:8545)
[2m2025-12-10T10:16:11.256539Z[0m [34mDEBUG[0m [2mhyper::proto::h1::io[0m[2m:[0m flushed 172 bytes
[2m2025-12-10T10:16:11.263043Z[0m [34mDEBUG[0m [2mhyper::proto::h1::io[0m[2m:[0m parsed 4 headers
[2m2025-12-10T10:16:11.263084Z[0m [34mDEBUG[0m [2mhyper::proto::h1::conn[0m[2m:[0m incoming body is content-length (45 bytes)
[2m2025-12-10T10:16:11.263101Z[0m [34mDEBUG[0m [2mhyper::proto::h1::conn[0m[2m:[0m incoming body completed
[2m2025-12-10T10:16:11.263123Z[0m [34mDEBUG[0m [2mhyper::client::pool[0m[2m:[0m pooling idle connection for ("http", 192.168.0.14:8545)
[2m2025-12-10T10:16:11.263170Z[0m [34mDEBUG[0m [2mhyper::client::pool[0m[2m:[0m reuse idle connection for ("http", 192.168.0.14:8545)
[2m2025-12-10T10:16:11.263216Z[0m [34mDEBUG[0m [2mhyper::proto::h1::io[0m[2m:[0m flushed 172 bytes
[2m2025-12-10T10:16:11.266332Z[0m [34mDEBUG[0m [2mhyper::proto::h1::io[0m[2m:[0m parsed 4 headers
[2m2025-12-10T10:16:11.266363Z[0m [34mDEBUG[0m [2mhyper::proto::h1::conn[0m[2m:[0m incoming body is content-length (45 bytes)
[2m2025-12-10T10:16:11.266381Z[0m [34mDEBUG[0m [2mhyper::proto::h1::conn[0m[2m:[0m incoming body completed
[2m2025-12-10T10:16:11.266402Z[0m [34mDEBUG[0m [2mhyper::client::pool[0m[2m:[0m pooling idle connection for ("http", 192.168.0.14:8545)
[2m2025-12-10T10:16:11.266450Z[0m [34mDEBUG[0m [2mhyper::client::pool[0m[2m:[0m reuse idle connection for ("http", 192.168.0.14:8545)
[2m2025-12-10T10:16:11.266493Z[0m [34mDEBUG[0m [2mhyper::proto::h1::io[0m[2m:[0m flushed 172 bytes
[2m2025-12-10T10:16:11.271185Z[0m [34mDEBUG[0m [2mhyper::proto::h1::io[0m[2m:[0m parsed 4 headers
[2m2025-12-10T10:16:11.271197Z[0m [34mDEBUG[0m [2mhyper::proto::h1::conn[0m[2m:[0m incoming body is content-length (45 bytes)
[2m2025-12-10T10:16:11.271205Z[0m [34mDEBUG[0m [2mhyper::proto::h1::conn[0m[2m:[0m incoming body completed
[2m2025-12-10T10:16:11.271213Z[0m [34mDEBUG[0m [2mhyper::client::pool[0m[2m:[0m pooling idle connection for ("http", 192.168.0.14:8545)
[2m2025-12-10T10:16:11.271234Z[0m [34mDEBUG[0m [2mhyper::client::pool[0m[2m:[0m reuse idle connection for ("http", 192.168.0.14:8545)
[2m2025-12-10T10:16:11.271259Z[0m [34mDEBUG[0m [2mhyper::proto::h1::io[0m[2m:[0m flushed 172 bytes
[2m2025-12-10T10:16:11.276078Z[0m [34mDEBUG[0m [2mhyper::proto::h1::io[0m[2m:[0m parsed 4 headers
[2m2025-12-10T10:16:11.276127Z[0m [34mDEBUG[0m [2mhyper::proto::h1::conn[0m[2m:[0m incoming body is content-length (45 bytes)
[2m2025-12-10T10:16:11.276148Z[0m [34mDEBUG[0m [2mhyper::proto::h1::conn[0m[2m:[0m incoming body completed
[2m2025-12-10T10:16:11.276169Z[0m [34mDEBUG[0m [2mhyper::client::pool[0m[2m:[0m pooling idle connection for ("http", 192.168.0.14:8545)
[2m2025-12-10T10:16:11.276220Z[0m [34mDEBUG[0m [2mhyper::client::pool[0m[2m:[0m reuse idle connection for ("http", 192.168.0.14:8545)
[2m2025-12-10T10:16:11.276285Z[0m [34mDEBUG[0m [2mhyper::proto::h1::io[0m[2m:[0m flushed 172 bytes
[2m2025-12-10T10:16:11.281105Z[0m [34mDEBUG[0m [2mhyper::proto::h1::io[0m[2m:[0m parsed 4 headers
[2m2025-12-10T10:16:11.281160Z[0m [34mDEBUG[0m [2mhyper::proto::h1::conn[0m[2m:[0m incoming body is content-length (45 bytes)
[2m2025-12-10T10:16:11.281182Z[0m [34mDEBUG[0m [2mhyper::proto::h1::conn[0m[2m:[0m incoming body completed
[2m2025-12-10T10:16:11.281206Z[0m [34mDEBUG[0m [2mhyper::client::pool[0m[2m:[0m pooling idle connection for ("http", 192.168.0.14:8545)
[2m2025-12-10T10:16:11.281259Z[0m [34mDEBUG[0m [2mhyper::client::pool[0m[2m:[0m reuse idle connection for ("http", 192.168.0.14:8545)
[2m2025-12-10T10:16:11.281313Z[0m [34mDEBUG[0m [2mhyper::proto::h1::io[0m[2m:[0m flushed 172 bytes
[2m2025-12-10T10:16:11.285162Z[0m [34mDEBUG[0m [2mhyper::proto::h1::io[0m[2m:[0m parsed 4 headers
[2m2025-12-10T10:16:11.285230Z[0m [34mDEBUG[0m [2mhyper::proto::h1::conn[0m[2m:[0m incoming body is content-length (45 bytes)
[2m2025-12-10T10:16:11.285253Z[0m [34mDEBUG[0m [2mhyper::proto::h1::conn[0m[2m:[0m incoming body completed
[2m2025-12-10T10:16:11.285280Z[0m [34mDEBUG[0m [2mhyper::client::pool[0m[2m:[0m pooling idle connection for ("http", 192.168.0.14:8545)
[2m2025-12-10T10:16:11.285341Z[0m [34mDEBUG[0m [2mhyper::client::pool[0m[2m:[0m reuse idle connection for ("http", 192.168.0.14:8545)
[2m2025-12-10T10:16:11.285403Z[0m [34mDEBUG[0m [2mhyper::proto::h1::io[0m[2m:[0m flushed 172 bytes
[2m2025-12-10T10:16:11.289461Z[0m [34mDEBUG[0m [2mhyper::proto::h1::io[0m[2m:[0m parsed 4 headers
[2m2025-12-10T10:16:11.292809Z[0m [34mDEBUG[0m [2mhyper::proto::h1::conn[0m[2m:[0m incoming body is content-length (45 bytes)
[2m2025-12-10T10:16:11.292829Z[0m [34mDEBUG[0m [2mhyper::proto::h1::conn[0m[2m:[0m incoming body completed
[2m2025-12-10T10:16:11.292846Z[0m [34mDEBUG[0m [2mhyper::client::pool[0m[2m:[0m pooling idle connection for ("http", 192.168.0.14:8545)
[2m2025-12-10T10:16:11.292878Z[0m [34mDEBUG[0m [2mhyper::client::pool[0m[2m:[0m reuse idle connection for ("http", 192.168.0.14:8545)
[2m2025-12-10T10:16:11.292904Z[0m [34mDEBUG[0m [2mhyper::proto::h1::io[0m[2m:[0m flushed 172 bytes
[2m2025-12-10T10:16:11.297220Z[0m [34mDEBUG[0m [2mhyper::proto::h1::io[0m[2m:[0m parsed 4 headers
[2m2025-12-10T10:16:11.297228Z[0m [34mDEBUG[0m [2mhyper::proto::h1::conn[0m[2m:[0m incoming body is content-length (45 bytes)
[2m2025-12-10T10:16:11.297234Z[0m [34mDEBUG[0m [2mhyper::proto::h1::conn[0m[2m:[0m incoming body completed
[2m2025-12-10T10:16:11.297241Z[0m [34mDEBUG[0m [2mhyper::client::pool[0m[2m:[0m pooling idle connection for ("http", 192.168.0.14:8545)
[2m2025-12-10T10:16:11.297259Z[0m [34mDEBUG[0m [2mhyper::client::pool[0m[2m:[0m reuse idle connection for ("http", 192.168.0.14:8545)
[2m2025-12-10T10:16:11.297279Z[0m [34mDEBUG[0m [2mhyper::proto::h1::io[0m[2m:[0m flushed 172 bytes
[2m2025-12-10T10:16:11.643086Z[0m [34mDEBUG[0m [2mhyper::proto::h1::io[0m[2m:[0m parsed 4 headers
[2m2025-12-10T10:16:11.643086Z[0m [34mDEBUG[0m [2mhyper::proto::h1::io[0m[2m:[0m parsed 4 headers
[2m2025-12-10T10:16:11.643118Z[0m [34mDEBUG[0m [2mhyper::proto::h1::conn[0m[2m:[0m incoming body is content-length (45 bytes)
[2m2025-12-10T10:16:11.643134Z[0m [34mDEBUG[0m [2methereum_transaction_pool_monitor::eth_client[0m[2m:[0m 📨 Received WebSocket message: {"jsonrpc":"2.0","method":"eth_subscription","params":{"subscription":"0xbed0a0851463e895960a451075a301a9","result":"0x93452603bb61aae0c3fe71a0d2a3904261be51f21e7be7c8ad67a532d21cac9d"}}
[2m2025-12-10T10:16:11.643194Z[0m [34mDEBUG[0m [2mhyper::proto::h1::conn[0m[2m:[0m incoming body completed
[2m2025-12-10T10:16:11.643165Z[0m [34mDEBUG[0m [2mhyper::proto::h1::conn[0m[2m:[0m incoming body is content-length (765 bytes)
[2m2025-12-10T10:16:11.643214Z[0m [34mDEBUG[0m [2methereum_transaction_pool_monitor::eth_client[0m[2m:[0m 📨 Received pending transaction: 0x93452603bb61aae0c3fe71a0d2a3904261be51f21e7be7c8ad67a532d21cac9d
[2m2025-12-10T10:16:11.643225Z[0m [34mDEBUG[0m [2mhyper::client::pool[0m[2m:[0m pooling idle connection for ("http", 192.168.0.14:8545)
[2m2025-12-10T10:16:11.643237Z[0m [34mDEBUG[0m [2mhyper::proto::h1::conn[0m[2m:[0m incoming body completed
[2m2025-12-10T10:16:11.643267Z[0m [34mDEBUG[0m [2mhyper::client::pool[0m[2m:[0m reuse idle connection for ("http", 192.168.0.14:8545)
[2m2025-12-10T10:16:11.643266Z[0m [34mDEBUG[0m [2mhyper::client::pool[0m[2m:[0m pooling idle connection for ("http", 192.168.0.14:8545)
[2m2025-12-10T10:16:11.643303Z[0m [34mDEBUG[0m [2mhyper::proto::h1::io[0m[2m:[0m flushed 172 bytes
[2m2025-12-10T10:16:11.643308Z[0m [34mDEBUG[0m [2methereum_transaction_pool_monitor::eth_client[0m[2m:[0m 📡 Transaction fetch RPC completed in 739.747333ms
[2m2025-12-10T10:16:11.651103Z[0m [34mDEBUG[0m [2mhyper::proto::h1::io[0m[2m:[0m parsed 4 headers
[2m2025-12-10T10:16:11.651161Z[0m [34mDEBUG[0m [2mhyper::proto::h1::conn[0m[2m:[0m incoming body is content-length (45 bytes)
[2m2025-12-10T10:16:11.651182Z[0m [34mDEBUG[0m [2mhyper::proto::h1::conn[0m[2m:[0m incoming body completed
[2m2025-12-10T10:16:11.651212Z[0m [34mDEBUG[0m [2mhyper::client::pool[0m[2m:[0m pooling idle connection for ("http", 192.168.0.14:8545)
[2m2025-12-10T10:16:11.651294Z[0m [34mDEBUG[0m [2mhyper::client::pool[0m[2m:[0m reuse idle connection for ("http", 192.168.0.14:8545)
[2m2025-12-10T10:16:11.651448Z[0m [34mDEBUG[0m [2mhyper::proto::h1::io[0m[2m:[0m flushed 172 bytes
[2m2025-12-10T10:16:11.654929Z[0m [34mDEBUG[0m [2mhyper::proto::h1::io[0m[2m:[0m parsed 4 headers
[2m2025-12-10T10:16:11.654970Z[0m [34mDEBUG[0m [2mhyper::proto::h1::conn[0m[2m:[0m incoming body is content-length (45 bytes)
[2m2025-12-10T10:16:11.654988Z[0m [34mDEBUG[0m [2mhyper::proto::h1::conn[0m[2m:[0m incoming body completed
[2m2025-12-10T10:16:11.655010Z[0m [34mDEBUG[0m [2mhyper::client::pool[0m[2m:[0m pooling idle connection for ("http", 192.168.0.14:8545)
[2m2025-12-10T10:16:11.655071Z[0m [34mDEBUG[0m [2mhyper::client::pool[0m[2m:[0m reuse idle connection for ("http", 192.168.0.14:8545)
[2m2025-12-10T10:16:11.655118Z[0m [34mDEBUG[0m [2mhyper::proto::h1::io[0m[2m:[0m flushed 172 bytes
[2m2025-12-10T10:16:11.667163Z[0m [34mDEBUG[0m [2mhyper::proto::h1::io[0m[2m:[0m parsed 4 headers
[2m2025-12-10T10:16:11.667222Z[0m [34mDEBUG[0m [2mhyper::proto::h1::conn[0m[2m:[0m incoming body is content-length (45 bytes)
[2m2025-12-10T10:16:11.667240Z[0m [34mDEBUG[0m [2mhyper::proto::h1::conn[0m[2m:[0m incoming body completed
[2m2025-12-10T10:16:11.667258Z[0m [34mDEBUG[0m [2mhyper::client::pool[0m[2m:[0m pooling idle connection for ("http", 192.168.0.14:8545)
[2m2025-12-10T10:16:11.667289Z[0m [34mDEBUG[0m [2mhyper::client::pool[0m[2m:[0m reuse idle connection for ("http", 192.168.0.14:8545)
[2m2025-12-10T10:16:11.667330Z[0m [34mDEBUG[0m [2mhyper::proto::h1::io[0m[2m:[0m flushed 172 bytes
[2m2025-12-10T10:16:11.670946Z[0m [34mDEBUG[0m [2mhyper::proto::h1::io[0m[2m:[0m parsed 4 headers
[2m2025-12-10T10:16:11.670996Z[0m [34mDEBUG[0m [2mhyper::proto::h1::conn[0m[2m:[0m incoming body is content-length (45 bytes)
[2m2025-12-10T10:16:11.671031Z[0m [34mDEBUG[0m [2mhyper::proto::h1::conn[0m[2m:[0m incoming body completed
[2m2025-12-10T10:16:11.671076Z[0m [34mDEBUG[0m [2mhyper::client::pool[0m[2m:[0m pooling idle connection for ("http", 192.168.0.14:8545)
[2m2025-12-10T10:16:11.671128Z[0m [34mDEBUG[0m [2mhyper::client::pool[0m[2m:[0m reuse idle connection for ("http", 192.168.0.14:8545)
[2m2025-12-10T10:16:11.671173Z[0m [34mDEBUG[0m [2mhyper::proto::h1::io[0m[2m:[0m flushed 172 bytes
[2m2025-12-10T10:16:11.674985Z[0m [34mDEBUG[0m [2mhyper::proto::h1::io[0m[2m:[0m parsed 4 headers
[2m2025-12-10T10:16:11.675008Z[0m [34mDEBUG[0m [2mhyper::proto::h1::conn[0m[2m:[0m incoming body is content-length (45 bytes)
[2m2025-12-10T10:16:11.675019Z[0m [34mDEBUG[0m [2mhyper::proto::h1::conn[0m[2m:[0m incoming body completed
[2m2025-12-10T10:16:11.675032Z[0m [34mDEBUG[0m [2mhyper::client::pool[0m[2m:[0m pooling idle connection for ("http", 192.168.0.14:8545)
[2m2025-12-10T10:16:11.675058Z[0m [34mDEBUG[0m [2mhyper::client::pool[0m[2m:[0m reuse idle connection for ("http", 192.168.0.14:8545)
[2m2025-12-10T10:16:11.675093Z[0m [34mDEBUG[0m [2mhyper::proto::h1::io[0m[2m:[0m flushed 172 bytes
[2m2025-12-10T10:16:11.678743Z[0m [34mDEBUG[0m [2mhyper::proto::h1::io[0m[2m:[0m parsed 4 headers
[2m2025-12-10T10:16:11.678762Z[0m [34mDEBUG[0m [2mhyper::proto::h1::conn[0m[2m:[0m incoming body is content-length (45 bytes)
[2m2025-12-10T10:16:11.678771Z[0m [34mDEBUG[0m [2mhyper::proto::h1::conn[0m[2m:[0m incoming body completed
[2m2025-12-10T10:16:11.678782Z[0m [34mDEBUG[0m [2mhyper::client::pool[0m[2m:[0m pooling idle connection for ("http", 192.168.0.14:8545)
[2m2025-12-10T10:16:11.678805Z[0m [34mDEBUG[0m [2mhyper::client::pool[0m[2m:[0m reuse idle connection for ("http", 192.168.0.14:8545)
[2m2025-12-10T10:16:11.678835Z[0m [34mDEBUG[0m [2mhyper::proto::h1::io[0m[2m:[0m flushed 172 bytes
[2m2025-12-10T10:16:11.684036Z[0m [34mDEBUG[0m [2mhyper::proto::h1::io[0m[2m:[0m parsed 4 headers
[2m2025-12-10T10:16:11.684053Z[0m [34mDEBUG[0m [2mhyper::proto::h1::conn[0m[2m:[0m incoming body is content-length (45 bytes)
[2m2025-12-10T10:16:11.684063Z[0m [34mDEBUG[0m [2mhyper::proto::h1::conn[0m[2m:[0m incoming body completed
[2m2025-12-10T10:16:11.684075Z[0m [34mDEBUG[0m [2mhyper::client::pool[0m[2m:[0m pooling idle connection for ("http", 192.168.0.14:8545)
[2m2025-12-10T10:16:11.684100Z[0m [34mDEBUG[0m [2mhyper::client::pool[0m[2m:[0m reuse idle connection for ("http", 192.168.0.14:8545)
[2m2025-12-10T10:16:11.684125Z[0m [34mDEBUG[0m [2mhyper::proto::h1::io[0m[2m:[0m flushed 172 bytes
[2m2025-12-10T10:16:11.687239Z[0m [34mDEBUG[0m [2mhyper::proto::h1::io[0m[2m:[0m parsed 4 headers
[2m2025-12-10T10:16:11.687252Z[0m [34mDEBUG[0m [2mhyper::proto::h1::conn[0m[2m:[0m incoming body is content-length (45 bytes)
[2m2025-12-10T10:16:11.687259Z[0m [34mDEBUG[0m [2mhyper::proto::h1::conn[0m[2m:[0m incoming body completed
[2m2025-12-10T10:16:11.687268Z[0m [34mDEBUG[0m [2mhyper::client::pool[0m[2m:[0m pooling idle connection for ("http", 192.168.0.14:8545)
[2m2025-12-10T10:16:11.687288Z[0m [34mDEBUG[0m [2mhyper::client::pool[0m[2m:[0m reuse idle connection for ("http", 192.168.0.14:8545)
[2m2025-12-10T10:16:11.687309Z[0m [34mDEBUG[0m [2mhyper::proto::h1::io[0m[2m:[0m flushed 172 bytes
[2m2025-12-10T10:16:11.690994Z[0m [34mDEBUG[0m [2mhyper::proto::h1::io[0m[2m:[0m parsed 4 headers
[2m2025-12-10T10:16:11.691016Z[0m [34mDEBUG[0m [2mhyper::proto::h1::conn[0m[2m:[0m incoming body is content-length (45 bytes)
[2m2025-12-10T10:16:11.691951Z[0m [34mDEBUG[0m [2mhyper::proto::h1::conn[0m[2m:[0m incoming body completed
[2m2025-12-10T10:16:11.691993Z[0m [34mDEBUG[0m [2mhyper::client::pool[0m[2m:[0m pooling idle connection for ("http", 192.168.0.14:8545)
[2m2025-12-10T10:16:11.692093Z[0m [34mDEBUG[0m [2mhyper::client::pool[0m[2m:[0m reuse idle connection for ("http", 192.168.0.14:8545)
[2m2025-12-10T10:16:11.692179Z[0m [34mDEBUG[0m [2mhyper::proto::h1::io[0m[2m:[0m flushed 172 bytes
[2m2025-12-10T10:16:11.694795Z[0m [34mDEBUG[0m [2mhyper::proto::h1::io[0m[2m:[0m parsed 4 headers
[2m2025-12-10T10:16:11.694861Z[0m [34mDEBUG[0m [2mhyper::proto::h1::conn[0m[2m:[0m incoming body is content-length (45 bytes)
[2m2025-12-10T10:16:11.694898Z[0m [34mDEBUG[0m [2mhyper::proto::h1::conn[0m[2m:[0m incoming body completed
[2m2025-12-10T10:16:11.694943Z[0m [34mDEBUG[0m [2mhyper::client::pool[0m[2m:[0m pooling idle connection for ("http", 192.168.0.14:8545)
[2m2025-12-10T10:16:11.695006Z[0m [34mDEBUG[0m [2mhyper::client::pool[0m[2m:[0m reuse idle connection for ("http", 192.168.0.14:8545)
[2m2025-12-10T10:16:11.695075Z[0m [34mDEBUG[0m [2mhyper::proto::h1::io[0m[2m:[0m flushed 172 bytes
[2m2025-12-10T10:16:11.698830Z[0m [34mDEBUG[0m [2mhyper::proto::h1::io[0m[2m:[0m parsed 4 headers
[2m2025-12-10T10:16:11.698887Z[0m [34mDEBUG[0m [2mhyper::proto::h1::conn[0m[2m:[0m incoming body is content-length (45 bytes)
[2m2025-12-10T10:16:11.698922Z[0m [34mDEBUG[0m [2mhyper::proto::h1::conn[0m[2m:[0m incoming body completed
[2m2025-12-10T10:16:11.698988Z[0m [34mDEBUG[0m [2mhyper::client::pool[0m[2m:[0m pooling idle connection for ("http", 192.168.0.14:8545)
[2m2025-12-10T10:16:11.699047Z[0m [34mDEBUG[0m [2mhyper::client::pool[0m[2m:[0m reuse idle connection for ("http", 192.168.0.14:8545)
[2m2025-12-10T10:16:11.699092Z[0m [34mDEBUG[0m [2mhyper::proto::h1::io[0m[2m:[0m flushed 172 bytes
[2m2025-12-10T10:16:11.702484Z[0m [34mDEBUG[0m [2mhyper::proto::h1::io[0m[2m:[0m parsed 4 headers
[2m2025-12-10T10:16:11.738836Z[0m [34mDEBUG[0m [2mhyper::proto::h1::conn[0m[2m:[0m incoming body is content-length (45 bytes)
[2m2025-12-10T10:16:11.738856Z[0m [34mDEBUG[0m [2mhyper::proto::h1::conn[0m[2m:[0m incoming body completed
[2m2025-12-10T10:16:11.738873Z[0m [34mDEBUG[0m [2mhyper::client::pool[0m[2m:[0m pooling idle connection for ("http", 192.168.0.14:8545)
[2m2025-12-10T10:16:11.738992Z[0m [34mDEBUG[0m [2mhyper::client::pool[0m[2m:[0m reuse idle connection for ("http", 192.168.0.14:8545)
[2m2025-12-10T10:16:11.739108Z[0m [34mDEBUG[0m [2mhyper::proto::h1::io[0m[2m:[0m flushed 172 bytes
[2m2025-12-10T10:16:11.745305Z[0m [34mDEBUG[0m [2mhyper::proto::h1::io[0m[2m:[0m parsed 4 headers
[2m2025-12-10T10:16:11.745358Z[0m [34mDEBUG[0m [2mhyper::proto::h1::conn[0m[2m:[0m incoming body is content-length (45 bytes)
[2m2025-12-10T10:16:11.745383Z[0m [34mDEBUG[0m [2mhyper::proto::h1::conn[0m[2m:[0m incoming body completed
[2m2025-12-10T10:16:11.745483Z[0m [34mDEBUG[0m [2mhyper::client::pool[0m[2m:[0m pooling idle connection for ("http", 192.168.0.14:8545)
[2m2025-12-10T10:16:11.745536Z[0m [34mDEBUG[0m [2mhyper::client::pool[0m[2m:[0m reuse idle connection for ("http", 192.168.0.14:8545)
[2m2025-12-10T10:16:11.745608Z[0m [34mDEBUG[0m [2mhyper::proto::h1::io[0m[2m:[0m flushed 172 bytes
[2m2025-12-10T10:16:11.750724Z[0m [34mDEBUG[0m [2mhyper::proto::h1::io[0m[2m:[0m parsed 4 headers
[2m2025-12-10T10:16:11.869361Z[0m [34mDEBUG[0m [2mhyper::proto::h1::conn[0m[2m:[0m incoming body is content-length (45 bytes)
[2m2025-12-10T10:16:11.838977Z[0m [34mDEBUG[0m [2methereum_transaction_pool_monitor::eth_client[0m[2m:[0m ✅ Transaction 0x732d93ff9ecfc19d441d70b39d7d3725cf34049fc1b7091f1d603833500b9a2f fetched and parsed in 935.411542ms
[2m2025-12-10T10:16:11.869482Z[0m [34mDEBUG[0m [2methereum_transaction_pool_monitor::mempool_monitor[0m[2m:[0m 🔍 Skipping tx 0x732d93ff9ecfc19d441d70b39d7d3725cf34049fc1b7091f1d603833500b9a2f - not a DEX interaction (target: 0xc314b0E758D5FF74f63e307A86EbfE183C95767b)
[2m2025-12-10T10:16:11.869521Z[0m [34mDEBUG[0m [2methereum_transaction_pool_monitor::mempool_monitor[0m[2m:[0m 📨 Processing new pending transaction: 0x5f19b4c2141619c56052799ba978947248e23d60bf0448c942062c0d67460534
[2m2025-12-10T10:16:11.869536Z[0m [34mDEBUG[0m [2methereum_transaction_pool_monitor::mempool_monitor[0m[2m:[0m 🔍 Fetching transaction details for: 0x5f19b4c2141619c56052799ba978947248e23d60bf0448c942062c0d67460534
[2m2025-12-10T10:16:11.869541Z[0m [34mDEBUG[0m [2methereum_transaction_pool_monitor::eth_client[0m[2m:[0m 🔍 Fetching transaction details for hash: 0x5f19b4c2141619c56052799ba978947248e23d60bf0448c942062c0d67460534
[2m2025-12-10T10:16:11.869393Z[0m [34mDEBUG[0m [2mhyper::proto::h1::conn[0m[2m:[0m incoming body completed
[2m2025-12-10T10:16:11.869575Z[0m [34mDEBUG[0m [2mhyper::client::pool[0m[2m:[0m reuse idle connection for ("http", 192.168.0.14:8545)
[2m2025-12-10T10:16:11.869595Z[0m [34mDEBUG[0m [2mhyper::client::pool[0m[2m:[0m pooling idle connection for ("http", 192.168.0.14:8545)
[2m2025-12-10T10:16:11.869648Z[0m [34mDEBUG[0m [2mhyper::client::pool[0m[2m:[0m reuse idle connection for ("http", 192.168.0.14:8545)
[2m2025-12-10T10:16:11.869657Z[0m [34mDEBUG[0m [2mhyper::proto::h1::io[0m[2m:[0m flushed 250 bytes
[2m2025-12-10T10:16:11.869713Z[0m [34mDEBUG[0m [2mhyper::proto::h1::io[0m[2m:[0m flushed 172 bytes
[2m2025-12-10T10:16:12.036788Z[0m [34mDEBUG[0m [2mhyper::proto::h1::io[0m[2m:[0m parsed 4 headers
[2m2025-12-10T10:16:12.036826Z[0m [34mDEBUG[0m [2mhyper::proto::h1::conn[0m[2m:[0m incoming body is content-length (45 bytes)
[2m2025-12-10T10:16:12.036843Z[0m [34mDEBUG[0m [2mhyper::proto::h1::conn[0m[2m:[0m incoming body completed
[2m2025-12-10T10:16:12.036860Z[0m [34mDEBUG[0m [2mhyper::client::pool[0m[2m:[0m pooling idle connection for ("http", 192.168.0.14:8545)
[2m2025-12-10T10:16:12.036898Z[0m [34mDEBUG[0m [2mhyper::client::pool[0m[2m:[0m reuse idle connection for ("http", 192.168.0.14:8545)
[2m2025-12-10T10:16:12.036929Z[0m [34mDEBUG[0m [2mhyper::proto::h1::io[0m[2m:[0m flushed 172 bytes
[2m2025-12-10T10:16:12.037491Z[0m [34mDEBUG[0m [2mhyper::proto::h1::io[0m[2m:[0m parsed 4 headers
[2m2025-12-10T10:16:12.037503Z[0m [34mDEBUG[0m [2mhyper::proto::h1::conn[0m[2m:[0m incoming body is content-length (778 bytes)
[2m2025-12-10T10:16:12.037669Z[0m [34mDEBUG[0m [2mhyper::proto::h1::conn[0m[2m:[0m incoming body completed
[2m2025-12-10T10:16:12.037689Z[0m [34mDEBUG[0m [2mhyper::client::pool[0m[2m:[0m pooling idle connection for ("http", 192.168.0.14:8545)
[2m2025-12-10T10:16:12.037723Z[0m [34mDEBUG[0m [2methereum_transaction_pool_monitor::eth_client[0m[2m:[0m 📡 Transaction fetch RPC completed in 168.176375ms
[2m2025-12-10T10:16:12.037756Z[0m [34mDEBUG[0m [2methereum_transaction_pool_monitor::eth_client[0m[2m:[0m DeFi transaction detected - Address: 0xdac17f958d2ee523a2206206994597c13d831ec7, Type: Stablecoin, Value: 0 ETH, Gas: 127.50 Gwei
[2m2025-12-10T10:16:12.037786Z[0m [34mDEBUG[0m [2methereum_transaction_pool_monitor::eth_client[0m[2m:[0m ✅ Transaction 0x5f19b4c2141619c56052799ba978947248e23d60bf0448c942062c0d67460534 fetched and parsed in 168.239042ms
[2m2025-12-10T10:16:12.037794Z[0m [34mDEBUG[0m [2methereum_transaction_pool_monitor::mempool_monitor[0m[2m:[0m 🔍 Skipping tx 0x5f19b4c2141619c56052799ba978947248e23d60bf0448c942062c0d67460534 - not a DEX interaction (target: 0xdAC17F958D2ee523a2206206994597C13D831ec7)
[2m2025-12-10T10:16:12.037805Z[0m [34mDEBUG[0m [2methereum_transaction_pool_monitor::mempool_monitor[0m[2m:[0m 📨 Processing new pending transaction: 0xe6ecbc156047a4b46628c43fd17ff94b6ee9b1d1897c2c56430c61320621b281
[2m2025-12-10T10:16:12.037810Z[0m [34mDEBUG[0m [2methereum_transaction_pool_monitor::mempool_monitor[0m[2m:[0m 🔍 Fetching transaction details for: 0xe6ecbc156047a4b46628c43fd17ff94b6ee9b1d1897c2c56430c61320621b281
[2m2025-12-10T10:16:12.037826Z[0m [34mDEBUG[0m [2methereum_transaction_pool_monitor::eth_client[0m[2m:[0m 🔍 Fetching transaction details for hash: 0xe6ecbc156047a4b46628c43fd17ff94b6ee9b1d1897c2c56430c61320621b281
[2m2025-12-10T10:16:12.037899Z[0m [34mDEBUG[0m [2mhyper::client::pool[0m[2m:[0m reuse idle connection for ("http", 192.168.0.14:8545)
[2m2025-12-10T10:16:12.037976Z[0m [34mDEBUG[0m [2mhyper::proto::h1::io[0m[2m:[0m flushed 250 bytes
[2m2025-12-10T10:16:12.047698Z[0m [34mDEBUG[0m [2mhyper::proto::h1::io[0m[2m:[0m parsed 4 headers
[2m2025-12-10T10:16:12.047728Z[0m [34mDEBUG[0m [2mhyper::proto::h1::conn[0m[2m:[0m incoming body is content-length (45 bytes)
[2m2025-12-10T10:16:12.047742Z[0m [34mDEBUG[0m [2mhyper::proto::h1::conn[0m[2m:[0m incoming body completed
[2m2025-12-10T10:16:12.047756Z[0m [34mDEBUG[0m [2mhyper::client::pool[0m[2m:[0m pooling idle connection for ("http", 192.168.0.14:8545)
[2m2025-12-10T10:16:12.047789Z[0m [34mDEBUG[0m [2mhyper::client::pool[0m[2m:[0m reuse idle connection for ("http", 192.168.0.14:8545)
[2m2025-12-10T10:16:12.047820Z[0m [34mDEBUG[0m [2mhyper::proto::h1::io[0m[2m:[0m flushed 172 bytes
[2m2025-12-10T10:16:12.053261Z[0m [34mDEBUG[0m [2mhyper::proto::h1::io[0m[2m:[0m parsed 4 headers
[2m2025-12-10T10:16:12.053298Z[0m [34mDEBUG[0m [2mhyper::proto::h1::conn[0m[2m:[0m incoming body is content-length (45 bytes)
[2m2025-12-10T10:16:12.053310Z[0m [34mDEBUG[0m [2mhyper::proto::h1::conn[0m[2m:[0m incoming body completed
[2m2025-12-10T10:16:12.053325Z[0m [34mDEBUG[0m [2mhyper::client::pool[0m[2m:[0m pooling idle connection for ("http", 192.168.0.14:8545)
[2m2025-12-10T10:16:12.053362Z[0m [34mDEBUG[0m [2mhyper::client::pool[0m[2m:[0m reuse idle connection for ("http", 192.168.0.14:8545)
[2m2025-12-10T10:16:12.053406Z[0m [34mDEBUG[0m [2mhyper::proto::h1::io[0m[2m:[0m flushed 172 bytes
[2m2025-12-10T10:16:12.061461Z[0m [34mDEBUG[0m [2mhyper::proto::h1::io[0m[2m:[0m parsed 4 headers
[2m2025-12-10T10:16:12.061516Z[0m [34mDEBUG[0m [2mhyper::proto::h1::conn[0m[2m:[0m incoming body is content-length (45 bytes)
[2m2025-12-10T10:16:12.061537Z[0m [34mDEBUG[0m [2mhyper::proto::h1::conn[0m[2m:[0m incoming body completed
[2m2025-12-10T10:16:12.061595Z[0m [34mDEBUG[0m [2mhyper::client::pool[0m[2m:[0m pooling idle connection for ("http", 192.168.0.14:8545)
[2m2025-12-10T10:16:12.061662Z[0m [34mDEBUG[0m [2mhyper::client::pool[0m[2m:[0m reuse idle connection for ("http", 192.168.0.14:8545)
[2m2025-12-10T10:16:12.061706Z[0m [34mDEBUG[0m [2mhyper::proto::h1::io[0m[2m:[0m flushed 172 bytes
[2m2025-12-10T10:16:12.067747Z[0m [34mDEBUG[0m [2mhyper::proto::h1::io[0m[2m:[0m parsed 4 headers
[2m2025-12-10T10:16:12.067800Z[0m [34mDEBUG[0m [2mhyper::proto::h1::conn[0m[2m:[0m incoming body is content-length (45 bytes)
[2m2025-12-10T10:16:12.067826Z[0m [34mDEBUG[0m [2mhyper::proto::h1::conn[0m[2m:[0m incoming body completed
[2m2025-12-10T10:16:12.067854Z[0m [34mDEBUG[0m [2mhyper::client::pool[0m[2m:[0m pooling idle connection for ("http", 192.168.0.14:8545)
[2m2025-12-10T10:16:12.067940Z[0m [34mDEBUG[0m [2mhyper::client::pool[0m[2m:[0m reuse idle connection for ("http", 192.168.0.14:8545)
[2m2025-12-10T10:16:12.067978Z[0m [34mDEBUG[0m [2mhyper::proto::h1::io[0m[2m:[0m flushed 172 bytes
[2m2025-12-10T10:16:12.071385Z[0m [34mDEBUG[0m [2mhyper::proto::h1::io[0m[2m:[0m parsed 4 headers
[2m2025-12-10T10:16:12.071436Z[0m [34mDEBUG[0m [2mhyper::proto::h1::conn[0m[2m:[0m incoming body is content-length (45 bytes)
[2m2025-12-10T10:16:12.071464Z[0m [34mDEBUG[0m [2mhyper::proto::h1::conn[0m[2m:[0m incoming body completed
[2m2025-12-10T10:16:12.071490Z[0m [34mDEBUG[0m [2mhyper::client::pool[0m[2m:[0m pooling idle connection for ("http", 192.168.0.14:8545)
[2m2025-12-10T10:16:12.071547Z[0m [34mDEBUG[0m [2mhyper::client::pool[0m[2m:[0m reuse idle connection for ("http", 192.168.0.14:8545)
[2m2025-12-10T10:16:12.071601Z[0m [34mDEBUG[0m [2mhyper::proto::h1::io[0m[2m:[0m flushed 172 bytes
[2m2025-12-10T10:16:12.075479Z[0m [34mDEBUG[0m [2mhyper::proto::h1::io[0m[2m:[0m parsed 4 headers
[2m2025-12-10T10:16:12.075539Z[0m [34mDEBUG[0m [2mhyper::proto::h1::conn[0m[2m:[0m incoming body is content-length (45 bytes)
[2m2025-12-10T10:16:12.075565Z[0m [34mDEBUG[0m [2mhyper::proto::h1::conn[0m[2m:[0m incoming body completed
[2m2025-12-10T10:16:12.075582Z[0m [34mDEBUG[0m [2mhyper::client::pool[0m[2m:[0m pooling idle connection for ("http", 192.168.0.14:8545)
[2m2025-12-10T10:16:12.075618Z[0m [34mDEBUG[0m [2mhyper::client::pool[0m[2m:[0m reuse idle connection for ("http", 192.168.0.14:8545)
[2m2025-12-10T10:16:12.075655Z[0m [34mDEBUG[0m [2mhyper::proto::h1::io[0m[2m:[0m flushed 172 bytes
[2m2025-12-10T10:16:12.079126Z[0m [34mDEBUG[0m [2mhyper::proto::h1::io[0m[2m:[0m parsed 4 headers
[2m2025-12-10T10:16:12.079185Z[0m [34mDEBUG[0m [2mhyper::proto::h1::conn[0m[2m:[0m incoming body is content-length (45 bytes)
[2m2025-12-10T10:16:12.079205Z[0m [34mDEBUG[0m [2mhyper::proto::h1::conn[0m[2m:[0m incoming body completed
[2m2025-12-10T10:16:12.079228Z[0m [34mDEBUG[0m [2mhyper::client::pool[0m[2m:[0m pooling idle connection for ("http", 192.168.0.14:8545)
[2m2025-12-10T10:16:12.079278Z[0m [34mDEBUG[0m [2mhyper::client::pool[0m[2m:[0m reuse idle connection for ("http", 192.168.0.14:8545)
[2m2025-12-10T10:16:12.079323Z[0m [34mDEBUG[0m [2mhyper::proto::h1::io[0m[2m:[0m flushed 172 bytes
[2m2025-12-10T10:16:12.083084Z[0m [34mDEBUG[0m [2mhyper::proto::h1::io[0m[2m:[0m parsed 4 headers
[2m2025-12-10T10:16:12.083117Z[0m [34mDEBUG[0m [2mhyper::proto::h1::conn[0m[2m:[0m incoming body is content-length (45 bytes)
[2m2025-12-10T10:16:12.083128Z[0m [34mDEBUG[0m [2mhyper::proto::h1::conn[0m[2m:[0m incoming body completed
[2m2025-12-10T10:16:12.083143Z[0m [34mDEBUG[0m [2mhyper::client::pool[0m[2m:[0m pooling idle connection for ("http", 192.168.0.14:8545)
[2m2025-12-10T10:16:12.083178Z[0m [34mDEBUG[0m [2mhyper::client::pool[0m[2m:[0m reuse idle connection for ("http", 192.168.0.14:8545)
[2m2025-12-10T10:16:12.083212Z[0m [34mDEBUG[0m [2mhyper::proto::h1::io[0m[2m:[0m flushed 172 bytes
[2m2025-12-10T10:16:12.087175Z[0m [34mDEBUG[0m [2mhyper::proto::h1::io[0m[2m:[0m parsed 4 headers
[2m2025-12-10T10:16:12.087259Z[0m [34mDEBUG[0m [2mhyper::proto::h1::conn[0m[2m:[0m incoming body is content-length (45 bytes)
[2m2025-12-10T10:16:12.087285Z[0m [34mDEBUG[0m [2mhyper::proto::h1::conn[0m[2m:[0m incoming body completed
[2m2025-12-10T10:16:12.087300Z[0m [34mDEBUG[0m [2mhyper::client::pool[0m[2m:[0m pooling idle connection for ("http", 192.168.0.14:8545)
[2m2025-12-10T10:16:12.087339Z[0m [34mDEBUG[0m [2mhyper::client::pool[0m[2m:[0m reuse idle connection for ("http", 192.168.0.14:8545)
[2m2025-12-10T10:16:12.087376Z[0m [34mDEBUG[0m [2mhyper::proto::h1::io[0m[2m:[0m flushed 172 bytes
[2m2025-12-10T10:16:12.090961Z[0m [34mDEBUG[0m [2mhyper::proto::h1::io[0m[2m:[0m parsed 4 headers
[2m2025-12-10T10:16:12.090988Z[0m [34mDEBUG[0m [2mhyper::proto::h1::conn[0m[2m:[0m incoming body is content-length (45 bytes)
[2m2025-12-10T10:16:12.090999Z[0m [34mDEBUG[0m [2mhyper::proto::h1::conn[0m[2m:[0m incoming body completed
[2m2025-12-10T10:16:12.091012Z[0m [34mDEBUG[0m [2mhyper::client::pool[0m[2m:[0m pooling idle connection for ("http", 192.168.0.14:8545)
[2m2025-12-10T10:16:12.091044Z[0m [34mDEBUG[0m [2mhyper::client::pool[0m[2m:[0m reuse idle connection for ("http", 192.168.0.14:8545)
[2m2025-12-10T10:16:12.091076Z[0m [34mDEBUG[0m [2mhyper::proto::h1::io[0m[2m:[0m flushed 172 bytes
[2m2025-12-10T10:16:12.100363Z[0m [34mDEBUG[0m [2mhyper::proto::h1::io[0m[2m:[0m parsed 4 headers
[2m2025-12-10T10:16:12.100427Z[0m [34mDEBUG[0m [2mhyper::proto::h1::conn[0m[2m:[0m incoming body is content-length (45 bytes)
[2m2025-12-10T10:16:12.100455Z[0m [34mDEBUG[0m [2mhyper::proto::h1::conn[0m[2m:[0m incoming body completed
[2m2025-12-10T10:16:12.100482Z[0m [34mDEBUG[0m [2mhyper::client::pool[0m[2m:[0m pooling idle connection for ("http", 192.168.0.14:8545)
[2m2025-12-10T10:16:12.100544Z[0m [34mDEBUG[0m [2mhyper::client::pool[0m[2m:[0m reuse idle connection for ("http", 192.168.0.14:8545)
[2m2025-12-10T10:16:12.100826Z[0m [34mDEBUG[0m [2mhyper::proto::h1::io[0m[2m:[0m flushed 172 bytes
[2m2025-12-10T10:16:12.104965Z[0m [34mDEBUG[0m [2mhyper::proto::h1::io[0m[2m:[0m parsed 4 headers
[2m2025-12-10T10:16:12.104993Z[0m [34mDEBUG[0m [2mhyper::proto::h1::conn[0m[2m:[0m incoming body is content-length (45 bytes)
[2m2025-12-10T10:16:12.105006Z[0m [34mDEBUG[0m [2mhyper::proto::h1::conn[0m[2m:[0m incoming body completed
[2m2025-12-10T10:16:12.105020Z[0m [34mDEBUG[0m [2mhyper::client::pool[0m[2m:[0m pooling idle connection for ("http", 192.168.0.14:8545)
[2m2025-12-10T10:16:12.105055Z[0m [34mDEBUG[0m [2mhyper::client::pool[0m[2m:[0m reuse idle connection for ("http", 192.168.0.14:8545)
[2m2025-12-10T10:16:12.105080Z[0m [34mDEBUG[0m [2mhyper::proto::h1::io[0m[2m:[0m flushed 172 bytes
[2m2025-12-10T10:16:12.108421Z[0m [34mDEBUG[0m [2mhyper::proto::h1::io[0m[2m:[0m parsed 4 headers
[2m2025-12-10T10:16:12.108491Z[0m [34mDEBUG[0m [2mhyper::proto::h1::conn[0m[2m:[0m incoming body is content-length (45 bytes)
[2m2025-12-10T10:16:12.108515Z[0m [34mDEBUG[0m [2mhyper::proto::h1::conn[0m[2m:[0m incoming body completed
[2m2025-12-10T10:16:12.108546Z[0m [34mDEBUG[0m [2mhyper::client::pool[0m[2m:[0m pooling idle connection for ("http", 192.168.0.14:8545)
[2m2025-12-10T10:16:12.108613Z[0m [34mDEBUG[0m [2mhyper::client::pool[0m[2m:[0m reuse idle connection for ("http", 192.168.0.14:8545)
[2m2025-12-10T10:16:12.108688Z[0m [34mDEBUG[0m [2mhyper::proto::h1::io[0m[2m:[0m flushed 172 bytes
[2m2025-12-10T10:16:12.112503Z[0m [34mDEBUG[0m [2mhyper::proto::h1::io[0m[2m:[0m parsed 4 headers
[2m2025-12-10T10:16:12.112576Z[0m [34mDEBUG[0m [2mhyper::proto::h1::conn[0m[2m:[0m incoming body is content-length (45 bytes)
[2m2025-12-10T10:16:12.112626Z[0m [34mDEBUG[0m [2mhyper::proto::h1::conn[0m[2m:[0m incoming body completed
[2m2025-12-10T10:16:12.112666Z[0m [34mDEBUG[0m [2mhyper::client::pool[0m[2m:[0m pooling idle connection for ("http", 192.168.0.14:8545)
[2m2025-12-10T10:16:12.112758Z[0m [34mDEBUG[0m [2mhyper::client::pool[0m[2m:[0m reuse idle connection for ("http", 192.168.0.14:8545)
[2m2025-12-10T10:16:12.112820Z[0m [34mDEBUG[0m [2mhyper::proto::h1::io[0m[2m:[0m flushed 172 bytes
[2m2025-12-10T10:16:12.116923Z[0m [34mDEBUG[0m [2mhyper::proto::h1::io[0m[2m:[0m parsed 4 headers
[2m2025-12-10T10:16:12.116956Z[0m [34mDEBUG[0m [2mhyper::proto::h1::conn[0m[2m:[0m incoming body is content-length (45 bytes)
[2m2025-12-10T10:16:12.117011Z[0m [34mDEBUG[0m [2mhyper::proto::h1::conn[0m[2m:[0m incoming body completed
[2m2025-12-10T10:16:12.117046Z[0m [34mDEBUG[0m [2mhyper::client::pool[0m[2m:[0m pooling idle connection for ("http", 192.168.0.14:8545)
[2m2025-12-10T10:16:12.117128Z[0m [34mDEBUG[0m [2mhyper::client::pool[0m[2m:[0m reuse idle connection for ("http", 192.168.0.14:8545)
[2m2025-12-10T10:16:12.117182Z[0m [34mDEBUG[0m [2mhyper::proto::h1::io[0m[2m:[0m flushed 172 bytes
[2m2025-12-10T10:16:12.121129Z[0m [34mDEBUG[0m [2mhyper::proto::h1::io[0m[2m:[0m parsed 4 headers
[2m2025-12-10T10:16:12.127267Z[0m [34mDEBUG[0m [2mhyper::proto::h1::conn[0m[2m:[0m incoming body is content-length (45 bytes)
[2m2025-12-10T10:16:12.127302Z[0m [34mDEBUG[0m [2mhyper::proto::h1::conn[0m[2m:[0m incoming body completed
[2m2025-12-10T10:16:12.127329Z[0m [34mDEBUG[0m [2mhyper::client::pool[0m[2m:[0m pooling idle connection for ("http", 192.168.0.14:8545)
[2m2025-12-10T10:16:12.127387Z[0m [34mDEBUG[0m [2mhyper::client::pool[0m[2m:[0m reuse idle connection for ("http", 192.168.0.14:8545)
[2m2025-12-10T10:16:12.127484Z[0m [34mDEBUG[0m [2mhyper::proto::h1::io[0m[2m:[0m flushed 172 bytes
[2m2025-12-10T10:16:12.131060Z[0m [34mDEBUG[0m [2mhyper::proto::h1::io[0m[2m:[0m parsed 4 headers
[2m2025-12-10T10:16:12.131115Z[0m [34mDEBUG[0m [2mhyper::proto::h1::conn[0m[2m:[0m incoming body is content-length (45 bytes)
[2m2025-12-10T10:16:12.131135Z[0m [34mDEBUG[0m [2mhyper::proto::h1::conn[0m[2m:[0m incoming body completed
[2m2025-12-10T10:16:12.131158Z[0m [34mDEBUG[0m [2mhyper::client::pool[0m[2m:[0m pooling idle connection for ("http", 192.168.0.14:8545)
[2m2025-12-10T10:16:12.131212Z[0m [34mDEBUG[0m [2mhyper::client::pool[0m[2m:[0m reuse idle connection for ("http", 192.168.0.14:8545)
[2m2025-12-10T10:16:12.131267Z[0m [34mDEBUG[0m [2mhyper::proto::h1::io[0m[2m:[0m flushed 172 bytes
[2m2025-12-10T10:16:12.135862Z[0m [34mDEBUG[0m [2mhyper::proto::h1::io[0m[2m:[0m parsed 4 headers
[2m2025-12-10T10:16:12.135896Z[0m [34mDEBUG[0m [2mhyper::proto::h1::conn[0m[2m:[0m incoming body is content-length (45 bytes)
[2m2025-12-10T10:16:12.135907Z[0m [34mDEBUG[0m [2mhyper::proto::h1::conn[0m[2m:[0m incoming body completed
[2m2025-12-10T10:16:12.135918Z[0m [34mDEBUG[0m [2mhyper::client::pool[0m[2m:[0m pooling idle connection for ("http", 192.168.0.14:8545)
[2m2025-12-10T10:16:12.135950Z[0m [34mDEBUG[0m [2mhyper::client::pool[0m[2m:[0m reuse idle connection for ("http", 192.168.0.14:8545)
[2m2025-12-10T10:16:12.135985Z[0m [34mDEBUG[0m [2mhyper::proto::h1::io[0m[2m:[0m flushed 172 bytes
[2m2025-12-10T10:16:12.143560Z[0m [34mDEBUG[0m [2mhyper::proto::h1::io[0m[2m:[0m parsed 4 headers
[2m2025-12-10T10:16:12.143586Z[0m [34mDEBUG[0m [2mhyper::proto::h1::conn[0m[2m:[0m incoming body is content-length (45 bytes)
[2m2025-12-10T10:16:12.143596Z[0m [34mDEBUG[0m [2mhyper::proto::h1::conn[0m[2m:[0m incoming body completed
[2m2025-12-10T10:16:12.143607Z[0m [34mDEBUG[0m [2mhyper::client::pool[0m[2m:[0m pooling idle connection for ("http", 192.168.0.14:8545)
[2m2025-12-10T10:16:12.143635Z[0m [34mDEBUG[0m [2mhyper::client::pool[0m[2m:[0m reuse idle connection for ("http", 192.168.0.14:8545)
[2m2025-12-10T10:16:12.143674Z[0m [34mDEBUG[0m [2mhyper::proto::h1::io[0m[2m:[0m flushed 172 bytes
[2m2025-12-10T10:16:12.150023Z[0m [34mDEBUG[0m [2mhyper::proto::h1::io[0m[2m:[0m parsed 4 headers
[2m2025-12-10T10:16:12.150063Z[0m [34mDEBUG[0m [2mhyper::proto::h1::conn[0m[2m:[0m incoming body is content-length (45 bytes)
[2m2025-12-10T10:16:12.150096Z[0m [34mDEBUG[0m [2mhyper::proto::h1::conn[0m[2m:[0m incoming body completed
[2m2025-12-10T10:16:12.150146Z[0m [34mDEBUG[0m [2mhyper::client::pool[0m[2m:[0m pooling idle connection for ("http", 192.168.0.14:8545)
[2m2025-12-10T10:16:12.150222Z[0m [34mDEBUG[0m [2mhyper::client::pool[0m[2m:[0m reuse idle connection for ("http", 192.168.0.14:8545)
[2m2025-12-10T10:16:12.150254Z[0m [34mDEBUG[0m [2mhyper::proto::h1::io[0m[2m:[0m flushed 172 bytes
[2m2025-12-10T10:16:12.155269Z[0m [34mDEBUG[0m [2mhyper::proto::h1::io[0m[2m:[0m parsed 4 headers
[2m2025-12-10T10:16:12.155315Z[0m [34mDEBUG[0m [2mhyper::proto::h1::conn[0m[2m:[0m incoming body is content-length (45 bytes)
[2m2025-12-10T10:16:12.155336Z[0m [34mDEBUG[0m [2mhyper::proto::h1::conn[0m[2m:[0m incoming body completed
[2m2025-12-10T10:16:12.155360Z[0m [34mDEBUG[0m [2mhyper::client::pool[0m[2m:[0m pooling idle connection for ("http", 192.168.0.14:8545)
[2m2025-12-10T10:16:12.155418Z[0m [34mDEBUG[0m [2mhyper::client::pool[0m[2m:[0m reuse idle connection for ("http", 192.168.0.14:8545)
[2m2025-12-10T10:16:12.155485Z[0m [34mDEBUG[0m [2mhyper::proto::h1::io[0m[2m:[0m flushed 172 bytes
[2m2025-12-10T10:16:12.161767Z[0m [34mDEBUG[0m [2mhyper::proto::h1::io[0m[2m:[0m parsed 4 headers
[2m2025-12-10T10:16:12.161783Z[0m [34mDEBUG[0m [2mhyper::proto::h1::conn[0m[2m:[0m incoming body is content-length (45 bytes)
[2m2025-12-10T10:16:12.161793Z[0m [34mDEBUG[0m [2mhyper::proto::h1::conn[0m[2m:[0m incoming body completed
[2m2025-12-10T10:16:12.161805Z[0m [34mDEBUG[0m [2mhyper::client::pool[0m[2m:[0m pooling idle connection for ("http", 192.168.0.14:8545)
[2m2025-12-10T10:16:12.161833Z[0m [34mDEBUG[0m [2mhyper::client::pool[0m[2m:[0m reuse idle connection for ("http", 192.168.0.14:8545)
[2m2025-12-10T10:16:12.161859Z[0m [34mDEBUG[0m [2mhyper::proto::h1::io[0m[2m:[0m flushed 172 bytes
[2m2025-12-10T10:16:12.169708Z[0m [34mDEBUG[0m [2mhyper::proto::h1::io[0m[2m:[0m parsed 4 headers
[2m2025-12-10T10:16:12.169749Z[0m [34mDEBUG[0m [2mhyper::proto::h1::conn[0m[2m:[0m incoming body is content-length (45 bytes)
[2m2025-12-10T10:16:12.169768Z[0m [34mDEBUG[0m [2mhyper::proto::h1::conn[0m[2m:[0m incoming body completed
[2m2025-12-10T10:16:12.169796Z[0m [34mDEBUG[0m [2mhyper::client::pool[0m[2m:[0m pooling idle connection for ("http", 192.168.0.14:8545)
[2m2025-12-10T10:16:12.169849Z[0m [34mDEBUG[0m [2mhyper::client::pool[0m[2m:[0m reuse idle connection for ("http", 192.168.0.14:8545)
[2m2025-12-10T10:16:12.169877Z[0m [34mDEBUG[0m [2mhyper::proto::h1::io[0m[2m:[0m flushed 172 bytes
[2m2025-12-10T10:16:12.173734Z[0m [34mDEBUG[0m [2mhyper::proto::h1::io[0m[2m:[0m parsed 4 headers
[2m2025-12-10T10:16:12.173745Z[0m [34mDEBUG[0m [2mhyper::proto::h1::conn[0m[2m:[0m incoming body is content-length (45 bytes)
[2m2025-12-10T10:16:12.173754Z[0m [34mDEBUG[0m [2mhyper::proto::h1::conn[0m[2m:[0m incoming body completed
[2m2025-12-10T10:16:12.173765Z[0m [34mDEBUG[0m [2mhyper::client::pool[0m[2m:[0m pooling idle connection for ("http", 192.168.0.14:8545)
[2m2025-12-10T10:16:12.173787Z[0m [34mDEBUG[0m [2mhyper::client::pool[0m[2m:[0m reuse idle connection for ("http", 192.168.0.14:8545)
[2m2025-12-10T10:16:12.173806Z[0m [34mDEBUG[0m [2mhyper::proto::h1::io[0m[2m:[0m flushed 172 bytes
[2m2025-12-10T10:16:12.177709Z[0m [34mDEBUG[0m [2mhyper::proto::h1::io[0m[2m:[0m parsed 4 headers
[2m2025-12-10T10:16:12.177719Z[0m [34mDEBUG[0m [2mhyper::proto::h1::conn[0m[2m:[0m incoming body is content-length (45 bytes)
[2m2025-12-10T10:16:12.177726Z[0m [34mDEBUG[0m [2mhyper::proto::h1::conn[0m[2m:[0m incoming body completed
[2m2025-12-10T10:16:12.177735Z[0m [34mDEBUG[0m [2mhyper::client::pool[0m[2m:[0m pooling idle connection for ("http", 192.168.0.14:8545)
[2m2025-12-10T10:16:12.177753Z[0m [34mDEBUG[0m [2mhyper::client::pool[0m[2m:[0m reuse idle connection for ("http", 192.168.0.14:8545)
[2m2025-12-10T10:16:12.177771Z[0m [34mDEBUG[0m [2mhyper::proto::h1::io[0m[2m:[0m flushed 172 bytes
[2m2025-12-10T10:16:12.183543Z[0m [34mDEBUG[0m [2mhyper::proto::h1::io[0m[2m:[0m parsed 4 headers
[2m2025-12-10T10:16:12.183556Z[0m [34mDEBUG[0m [2mhyper::proto::h1::conn[0m[2m:[0m incoming body is content-length (45 bytes)
[2m2025-12-10T10:16:12.183567Z[0m [34mDEBUG[0m [2mhyper::proto::h1::conn[0m[2m:[0m incoming body completed
[2m2025-12-10T10:16:12.183578Z[0m [34mDEBUG[0m [2mhyper::client::pool[0m[2m:[0m pooling idle connection for ("http", 192.168.0.14:8545)
[2m2025-12-10T10:16:12.183603Z[0m [34mDEBUG[0m [2mhyper::client::pool[0m[2m:[0m reuse idle connection for ("http", 192.168.0.14:8545)
[2m2025-12-10T10:16:12.183622Z[0m [34mDEBUG[0m [2mhyper::proto::h1::io[0m[2m:[0m flushed 172 bytes
[2m2025-12-10T10:16:12.188056Z[0m [34mDEBUG[0m [2mhyper::proto::h1::io[0m[2m:[0m parsed 4 headers
[2m2025-12-10T10:16:12.188063Z[0m [34mDEBUG[0m [2mhyper::proto::h1::conn[0m[2m:[0m incoming body is content-length (45 bytes)
[2m2025-12-10T10:16:12.188069Z[0m [34mDEBUG[0m [2mhyper::proto::h1::conn[0m[2m:[0m incoming body completed
[2m2025-12-10T10:16:12.188075Z[0m [34mDEBUG[0m [2mhyper::client::pool[0m[2m:[0m pooling idle connection for ("http", 192.168.0.14:8545)
[2m2025-12-10T10:16:12.188089Z[0m [34mDEBUG[0m [2mhyper::client::pool[0m[2m:[0m reuse idle connection for ("http", 192.168.0.14:8545)
[2m2025-12-10T10:16:12.188108Z[0m [34mDEBUG[0m [2mhyper::proto::h1::io[0m[2m:[0m flushed 172 bytes
[2m2025-12-10T10:16:12.195348Z[0m [34mDEBUG[0m [2mhyper::proto::h1::io[0m[2m:[0m parsed 4 headers
[2m2025-12-10T10:16:12.195408Z[0m [34mDEBUG[0m [2mhyper::proto::h1::conn[0m[2m:[0m incoming body is content-length (45 bytes)
[2m2025-12-10T10:16:12.195433Z[0m [34mDEBUG[0m [2mhyper::proto::h1::conn[0m[2m:[0m incoming body completed
[2m2025-12-10T10:16:12.195458Z[0m [34mDEBUG[0m [2mhyper::client::pool[0m[2m:[0m pooling idle connection for ("http", 192.168.0.14:8545)
[2m2025-12-10T10:16:12.195517Z[0m [34mDEBUG[0m [2mhyper::client::pool[0m[2m:[0m reuse idle connection for ("http", 192.168.0.14:8545)
[2m2025-12-10T10:16:12.195584Z[0m [34mDEBUG[0m [2mhyper::proto::h1::io[0m[2m:[0m flushed 172 bytes
[2m2025-12-10T10:16:12.199811Z[0m [34mDEBUG[0m [2mhyper::proto::h1::io[0m[2m:[0m parsed 4 headers
[2m2025-12-10T10:16:12.199854Z[0m [34mDEBUG[0m [2mhyper::proto::h1::conn[0m[2m:[0m incoming body is content-length (45 bytes)
[2m2025-12-10T10:16:12.199875Z[0m [34mDEBUG[0m [2mhyper::proto::h1::conn[0m[2m:[0m incoming body completed
[2m2025-12-10T10:16:12.199899Z[0m [34mDEBUG[0m [2mhyper::client::pool[0m[2m:[0m pooling idle connection for ("http", 192.168.0.14:8545)
[2m2025-12-10T10:16:12.199952Z[0m [34mDEBUG[0m [2mhyper::client::pool[0m[2m:[0m reuse idle connection for ("http", 192.168.0.14:8545)
[2m2025-12-10T10:16:12.200010Z[0m [34mDEBUG[0m [2mhyper::proto::h1::io[0m[2m:[0m flushed 172 bytes
[2m2025-12-10T10:16:12.207515Z[0m [34mDEBUG[0m [2mhyper::proto::h1::io[0m[2m:[0m parsed 4 headers
[2m2025-12-10T10:16:12.207529Z[0m [34mDEBUG[0m [2mhyper::proto::h1::conn[0m[2m:[0m incoming body is content-length (45 bytes)
[2m2025-12-10T10:16:12.207537Z[0m [34mDEBUG[0m [2mhyper::proto::h1::conn[0m[2m:[0m incoming body completed
[2m2025-12-10T10:16:12.207548Z[0m [34mDEBUG[0m [2mhyper::client::pool[0m[2m:[0m pooling idle connection for ("http", 192.168.0.14:8545)
[2m2025-12-10T10:16:12.207570Z[0m [34mDEBUG[0m [2mhyper::client::pool[0m[2m:[0m reuse idle connection for ("http", 192.168.0.14:8545)
[2m2025-12-10T10:16:12.207597Z[0m [34mDEBUG[0m [2mhyper::proto::h1::io[0m[2m:[0m flushed 172 bytes
[2m2025-12-10T10:16:12.212488Z[0m [34mDEBUG[0m [2mhyper::proto::h1::io[0m[2m:[0m parsed 4 headers
[2m2025-12-10T10:16:12.216732Z[0m [34mDEBUG[0m [2mhyper::proto::h1::conn[0m[2m:[0m incoming body is content-length (45 bytes)
[2m2025-12-10T10:16:12.216769Z[0m [34mDEBUG[0m [2mhyper::proto::h1::conn[0m[2m:[0m incoming body completed
[2m2025-12-10T10:16:12.216804Z[0m [34mDEBUG[0m [2mhyper::client::pool[0m[2m:[0m pooling idle connection for ("http", 192.168.0.14:8545)
[2m2025-12-10T10:16:12.216871Z[0m [34mDEBUG[0m [2mhyper::client::pool[0m[2m:[0m reuse idle connection for ("http", 192.168.0.14:8545)
[2m2025-12-10T10:16:12.216903Z[0m [34mDEBUG[0m [2mhyper::proto::h1::io[0m[2m:[0m flushed 172 bytes
[2m2025-12-10T10:16:12.229615Z[0m [34mDEBUG[0m [2mhyper::proto::h1::io[0m[2m:[0m parsed 4 headers
[2m2025-12-10T10:16:12.229654Z[0m [34mDEBUG[0m [2mhyper::proto::h1::conn[0m[2m:[0m incoming body is content-length (45 bytes)
[2m2025-12-10T10:16:12.229675Z[0m [34mDEBUG[0m [2mhyper::proto::h1::conn[0m[2m:[0m incoming body completed
[2m2025-12-10T10:16:12.229699Z[0m [34mDEBUG[0m [2mhyper::client::pool[0m[2m:[0m pooling idle connection for ("http", 192.168.0.14:8545)
[2m2025-12-10T10:16:12.229750Z[0m [34mDEBUG[0m [2mhyper::client::pool[0m[2m:[0m reuse idle connection for ("http", 192.168.0.14:8545)
[2m2025-12-10T10:16:12.229792Z[0m [34mDEBUG[0m [2mhyper::proto::h1::io[0m[2m:[0m flushed 172 bytes
[2m2025-12-10T10:16:12.241273Z[0m [34mDEBUG[0m [2mhyper::proto::h1::io[0m[2m:[0m parsed 4 headers
[2m2025-12-10T10:16:12.241304Z[0m [34mDEBUG[0m [2mhyper::proto::h1::conn[0m[2m:[0m incoming body is content-length (45 bytes)
[2m2025-12-10T10:16:12.241314Z[0m [34mDEBUG[0m [2mhyper::proto::h1::conn[0m[2m:[0m incoming body completed
[2m2025-12-10T10:16:12.241325Z[0m [34mDEBUG[0m [2mhyper::client::pool[0m[2m:[0m pooling idle connection for ("http", 192.168.0.14:8545)
[2m2025-12-10T10:16:12.241493Z[0m [34mDEBUG[0m [2mhyper::client::pool[0m[2m:[0m reuse idle connection for ("http", 192.168.0.14:8545)
[2m2025-12-10T10:16:12.241530Z[0m [34mDEBUG[0m [2mhyper::proto::h1::io[0m[2m:[0m flushed 172 bytes
[2m2025-12-10T10:16:12.245228Z[0m [34mDEBUG[0m [2mhyper::proto::h1::io[0m[2m:[0m parsed 4 headers
[2m2025-12-10T10:16:12.245237Z[0m [34mDEBUG[0m [2mhyper::proto::h1::conn[0m[2m:[0m incoming body is content-length (45 bytes)
[2m2025-12-10T10:16:12.245243Z[0m [34mDEBUG[0m [2mhyper::proto::h1::conn[0m[2m:[0m incoming body completed
[2m2025-12-10T10:16:12.245250Z[0m [34mDEBUG[0m [2mhyper::client::pool[0m[2m:[0m pooling idle connection for ("http", 192.168.0.14:8545)
[2m2025-12-10T10:16:12.245267Z[0m [34mDEBUG[0m [2mhyper::client::pool[0m[2m:[0m reuse idle connection for ("http", 192.168.0.14:8545)
[2m2025-12-10T10:16:12.245285Z[0m [34mDEBUG[0m [2mhyper::proto::h1::io[0m[2m:[0m flushed 172 bytes
[2m2025-12-10T10:16:12.249334Z[0m [34mDEBUG[0m [2mhyper::proto::h1::io[0m[2m:[0m parsed 4 headers
[2m2025-12-10T10:16:12.249355Z[0m [34mDEBUG[0m [2mhyper::proto::h1::conn[0m[2m:[0m incoming body is content-length (45 bytes)
[2m2025-12-10T10:16:12.249364Z[0m [34mDEBUG[0m [2mhyper::proto::h1::conn[0m[2m:[0m incoming body completed
[2m2025-12-10T10:16:12.249373Z[0m [34mDEBUG[0m [2mhyper::client::pool[0m[2m:[0m pooling idle connection for ("http", 192.168.0.14:8545)
[2m2025-12-10T10:16:12.249395Z[0m [34mDEBUG[0m [2mhyper::client::pool[0m[2m:[0m reuse idle connection for ("http", 192.168.0.14:8545)
[2m2025-12-10T10:16:12.249428Z[0m [34mDEBUG[0m [2mhyper::proto::h1::io[0m[2m:[0m flushed 172 bytes
[2m2025-12-10T10:16:12.253434Z[0m [34mDEBUG[0m [2mhyper::proto::h1::io[0m[2m:[0m parsed 4 headers
[2m2025-12-10T10:16:12.253451Z[0m [34mDEBUG[0m [2mhyper::proto::h1::conn[0m[2m:[0m incoming body is content-length (45 bytes)
[2m2025-12-10T10:16:12.253457Z[0m [34mDEBUG[0m [2mhyper::proto::h1::conn[0m[2m:[0m incoming body completed
[2m2025-12-10T10:16:12.253465Z[0m [34mDEBUG[0m [2mhyper::client::pool[0m[2m:[0m pooling idle connection for ("http", 192.168.0.14:8545)
[2m2025-12-10T10:16:12.253484Z[0m [34mDEBUG[0m [2mhyper::client::pool[0m[2m:[0m reuse idle connection for ("http", 192.168.0.14:8545)
[2m2025-12-10T10:16:12.253508Z[0m [34mDEBUG[0m [2mhyper::proto::h1::io[0m[2m:[0m flushed 172 bytes
[2m2025-12-10T10:16:12.257336Z[0m [34mDEBUG[0m [2mhyper::proto::h1::io[0m[2m:[0m parsed 4 headers
[2m2025-12-10T10:16:12.257388Z[0m [34mDEBUG[0m [2mhyper::proto::h1::conn[0m[2m:[0m incoming body is content-length (45 bytes)
[2m2025-12-10T10:16:12.257406Z[0m [34mDEBUG[0m [2mhyper::proto::h1::conn[0m[2m:[0m incoming body completed
[2m2025-12-10T10:16:12.257428Z[0m [34mDEBUG[0m [2mhyper::client::pool[0m[2m:[0m pooling idle connection for ("http", 192.168.0.14:8545)
[2m2025-12-10T10:16:12.257477Z[0m [34mDEBUG[0m [2mhyper::client::pool[0m[2m:[0m reuse idle connection for ("http", 192.168.0.14:8545)
[2m2025-12-10T10:16:12.257529Z[0m [34mDEBUG[0m [2mhyper::proto::h1::io[0m[2m:[0m flushed 172 bytes
[2m2025-12-10T10:16:12.261358Z[0m [34mDEBUG[0m [2mhyper::proto::h1::io[0m[2m:[0m parsed 4 headers
[2m2025-12-10T10:16:12.261373Z[0m [34mDEBUG[0m [2mhyper::proto::h1::conn[0m[2m:[0m incoming body is content-length (45 bytes)
[2m2025-12-10T10:16:12.261380Z[0m [34mDEBUG[0m [2mhyper::proto::h1::conn[0m[2m:[0m incoming body completed
[2m2025-12-10T10:16:12.261390Z[0m [34mDEBUG[0m [2mhyper::client::pool[0m[2m:[0m pooling idle connection for ("http", 192.168.0.14:8545)
[2m2025-12-10T10:16:12.261411Z[0m [34mDEBUG[0m [2mhyper::client::pool[0m[2m:[0m reuse idle connection for ("http", 192.168.0.14:8545)
[2m2025-12-10T10:16:12.261436Z[0m [34mDEBUG[0m [2mhyper::proto::h1::io[0m[2m:[0m flushed 172 bytes
[2m2025-12-10T10:16:12.265416Z[0m [34mDEBUG[0m [2mhyper::proto::h1::io[0m[2m:[0m parsed 4 headers
[2m2025-12-10T10:16:12.265471Z[0m [34mDEBUG[0m [2mhyper::proto::h1::conn[0m[2m:[0m incoming body is content-length (45 bytes)
[2m2025-12-10T10:16:12.265491Z[0m [34mDEBUG[0m [2mhyper::proto::h1::conn[0m[2m:[0m incoming body completed
[2m2025-12-10T10:16:12.265512Z[0m [34mDEBUG[0m [2mhyper::client::pool[0m[2m:[0m pooling idle connection for ("http", 192.168.0.14:8545)
[2m2025-12-10T10:16:12.265560Z[0m [34mDEBUG[0m [2mhyper::client::pool[0m[2m:[0m reuse idle connection for ("http", 192.168.0.14:8545)
[2m2025-12-10T10:16:12.265614Z[0m [34mDEBUG[0m [2mhyper::proto::h1::io[0m[2m:[0m flushed 172 bytes
[2m2025-12-10T10:16:12.269453Z[0m [34mDEBUG[0m [2mhyper::proto::h1::io[0m[2m:[0m parsed 4 headers
[2m2025-12-10T10:16:12.269475Z[0m [34mDEBUG[0m [2mhyper::proto::h1::conn[0m[2m:[0m incoming body is content-length (45 bytes)
[2m2025-12-10T10:16:12.269484Z[0m [34mDEBUG[0m [2mhyper::proto::h1::conn[0m[2m:[0m incoming body completed
[2m2025-12-10T10:16:12.269495Z[0m [34mDEBUG[0m [2mhyper::client::pool[0m[2m:[0m pooling idle connection for ("http", 192.168.0.14:8545)
[2m2025-12-10T10:16:12.269518Z[0m [34mDEBUG[0m [2mhyper::client::pool[0m[2m:[0m reuse idle connection for ("http", 192.168.0.14:8545)
[2m2025-12-10T10:16:12.269549Z[0m [34mDEBUG[0m [2mhyper::proto::h1::io[0m[2m:[0m flushed 172 bytes
[2m2025-12-10T10:16:12.274928Z[0m [34mDEBUG[0m [2mhyper::proto::h1::io[0m[2m:[0m parsed 4 headers
[2m2025-12-10T10:16:12.274984Z[0m [34mDEBUG[0m [2mhyper::proto::h1::conn[0m[2m:[0m incoming body is content-length (45 bytes)
[2m2025-12-10T10:16:12.275004Z[0m [34mDEBUG[0m [2mhyper::proto::h1::conn[0m[2m:[0m incoming body completed
[2m2025-12-10T10:16:12.275028Z[0m [34mDEBUG[0m [2mhyper::client::pool[0m[2m:[0m pooling idle connection for ("http", 192.168.0.14:8545)
[2m2025-12-10T10:16:12.275078Z[0m [34mDEBUG[0m [2mhyper::client::pool[0m[2m:[0m reuse idle connection for ("http", 192.168.0.14:8545)
[2m2025-12-10T10:16:12.275140Z[0m [34mDEBUG[0m [2mhyper::proto::h1::io[0m[2m:[0m flushed 172 bytes
[2m2025-12-10T10:16:12.279359Z[0m [34mDEBUG[0m [2mhyper::proto::h1::io[0m[2m:[0m parsed 4 headers
[2m2025-12-10T10:16:12.279380Z[0m [34mDEBUG[0m [2mhyper::proto::h1::conn[0m[2m:[0m incoming body is content-length (45 bytes)
[2m2025-12-10T10:16:12.279388Z[0m [34mDEBUG[0m [2mhyper::proto::h1::conn[0m[2m:[0m incoming body completed
[2m2025-12-10T10:16:12.279398Z[0m [34mDEBUG[0m [2mhyper::client::pool[0m[2m:[0m pooling idle connection for ("http", 192.168.0.14:8545)
[2m2025-12-10T10:16:12.279419Z[0m [34mDEBUG[0m [2mhyper::client::pool[0m[2m:[0m reuse idle connection for ("http", 192.168.0.14:8545)
[2m2025-12-10T10:16:12.279448Z[0m [34mDEBUG[0m [2mhyper::proto::h1::io[0m[2m:[0m flushed 172 bytes
[2m2025-12-10T10:16:12.283539Z[0m [34mDEBUG[0m [2mhyper::proto::h1::io[0m[2m:[0m parsed 4 headers
[2m2025-12-10T10:16:12.283570Z[0m [34mDEBUG[0m [2mhyper::proto::h1::conn[0m[2m:[0m incoming body is content-length (45 bytes)
[2m2025-12-10T10:16:12.283605Z[0m [34mDEBUG[0m [2mhyper::proto::h1::conn[0m[2m:[0m incoming body completed
[2m2025-12-10T10:16:12.283623Z[0m [34mDEBUG[0m [2mhyper::client::pool[0m[2m:[0m pooling idle connection for ("http", 192.168.0.14:8545)
[2m2025-12-10T10:16:12.283657Z[0m [34mDEBUG[0m [2mhyper::client::pool[0m[2m:[0m reuse idle connection for ("http", 192.168.0.14:8545)
[2m2025-12-10T10:16:12.283693Z[0m [34mDEBUG[0m [2mhyper::proto::h1::io[0m[2m:[0m flushed 172 bytes
[2m2025-12-10T10:16:12.287354Z[0m [34mDEBUG[0m [2mhyper::proto::h1::io[0m[2m:[0m parsed 4 headers
[2m2025-12-10T10:16:12.287375Z[0m [34mDEBUG[0m [2mhyper::proto::h1::conn[0m[2m:[0m incoming body is content-length (45 bytes)
[2m2025-12-10T10:16:12.287383Z[0m [34mDEBUG[0m [2mhyper::proto::h1::conn[0m[2m:[0m incoming body completed
[2m2025-12-10T10:16:12.287393Z[0m [34mDEBUG[0m [2mhyper::client::pool[0m[2m:[0m pooling idle connection for ("http", 192.168.0.14:8545)
[2m2025-12-10T10:16:12.287416Z[0m [34mDEBUG[0m [2mhyper::client::pool[0m[2m:[0m reuse idle connection for ("http", 192.168.0.14:8545)
[2m2025-12-10T10:16:12.287447Z[0m [34mDEBUG[0m [2mhyper::proto::h1::io[0m[2m:[0m flushed 172 bytes
[2m2025-12-10T10:16:12.291365Z[0m [34mDEBUG[0m [2mhyper::proto::h1::io[0m[2m:[0m parsed 4 headers
[2m2025-12-10T10:16:12.291416Z[0m [34mDEBUG[0m [2mhyper::proto::h1::conn[0m[2m:[0m incoming body is content-length (45 bytes)
[2m2025-12-10T10:16:12.291435Z[0m [34mDEBUG[0m [2mhyper::proto::h1::conn[0m[2m:[0m incoming body completed
[2m2025-12-10T10:16:12.291458Z[0m [34mDEBUG[0m [2mhyper::client::pool[0m[2m:[0m pooling idle connection for ("http", 192.168.0.14:8545)
[2m2025-12-10T10:16:12.291515Z[0m [34mDEBUG[0m [2mhyper::client::pool[0m[2m:[0m reuse idle connection for ("http", 192.168.0.14:8545)
[2m2025-12-10T10:16:12.291579Z[0m [34mDEBUG[0m [2mhyper::proto::h1::io[0m[2m:[0m flushed 172 bytes
[2m2025-12-10T10:16:12.295778Z[0m [34mDEBUG[0m [2mhyper::proto::h1::io[0m[2m:[0m parsed 4 headers
[2m2025-12-10T10:16:12.295801Z[0m [34mDEBUG[0m [2mhyper::proto::h1::conn[0m[2m:[0m incoming body is content-length (45 bytes)
[2m2025-12-10T10:16:12.295810Z[0m [34mDEBUG[0m [2mhyper::proto::h1::conn[0m[2m:[0m incoming body completed
[2m2025-12-10T10:16:12.295820Z[0m [34mDEBUG[0m [2mhyper::client::pool[0m[2m:[0m pooling idle connection for ("http", 192.168.0.14:8545)
[2m2025-12-10T10:16:12.295844Z[0m [34mDEBUG[0m [2mhyper::client::pool[0m[2m:[0m reuse idle connection for ("http", 192.168.0.14:8545)
[2m2025-12-10T10:16:12.295871Z[0m [34mDEBUG[0m [2mhyper::proto::h1::io[0m[2m:[0m flushed 172 bytes
[2m2025-12-10T10:16:12.316474Z[0m [34mDEBUG[0m [2mhyper::proto::h1::io[0m[2m:[0m parsed 4 headers
[2m2025-12-10T10:16:12.316509Z[0m [34mDEBUG[0m [2mhyper::proto::h1::conn[0m[2m:[0m incoming body is content-length (45 bytes)
[2m2025-12-10T10:16:12.316521Z[0m [34mDEBUG[0m [2mhyper::proto::h1::conn[0m[2m:[0m incoming body completed
[2m2025-12-10T10:16:12.316534Z[0m [34mDEBUG[0m [2mhyper::client::pool[0m[2m:[0m pooling idle connection for ("http", 192.168.0.14:8545)
[2m2025-12-10T10:16:12.316569Z[0m [34mDEBUG[0m [2mhyper::client::pool[0m[2m:[0m reuse idle connection for ("http", 192.168.0.14:8545)
[2m2025-12-10T10:16:12.316605Z[0m [34mDEBUG[0m [2mhyper::proto::h1::io[0m[2m:[0m flushed 172 bytes
[2m2025-12-10T10:16:12.320926Z[0m [34mDEBUG[0m [2mhyper::proto::h1::io[0m[2m:[0m parsed 4 headers
[2m2025-12-10T10:16:12.320939Z[0m [34mDEBUG[0m [2mhyper::proto::h1::conn[0m[2m:[0m incoming body is content-length (45 bytes)
[2m2025-12-10T10:16:12.320946Z[0m [34mDEBUG[0m [2mhyper::proto::h1::conn[0m[2m:[0m incoming body completed
[2m2025-12-10T10:16:12.320959Z[0m [34mDEBUG[0m [2mhyper::client::pool[0m[2m:[0m pooling idle connection for ("http", 192.168.0.14:8545)
[2m2025-12-10T10:16:12.320984Z[0m [34mDEBUG[0m [2mhyper::client::pool[0m[2m:[0m reuse idle connection for ("http", 192.168.0.14:8545)
[2m2025-12-10T10:16:12.321009Z[0m [34mDEBUG[0m [2mhyper::proto::h1::io[0m[2m:[0m flushed 172 bytes
[2m2025-12-10T10:16:12.324839Z[0m [34mDEBUG[0m [2mhyper::proto::h1::io[0m[2m:[0m parsed 4 headers
[2m2025-12-10T10:16:12.324887Z[0m [34mDEBUG[0m [2mhyper::proto::h1::conn[0m[2m:[0m incoming body is content-length (45 bytes)
[2m2025-12-10T10:16:12.324909Z[0m [34mDEBUG[0m [2mhyper::proto::h1::conn[0m[2m:[0m incoming body completed
[2m2025-12-10T10:16:12.324933Z[0m [34mDEBUG[0m [2mhyper::client::pool[0m[2m:[0m pooling idle connection for ("http", 192.168.0.14:8545)
[2m2025-12-10T10:16:12.324989Z[0m [34mDEBUG[0m [2mhyper::client::pool[0m[2m:[0m reuse idle connection for ("http", 192.168.0.14:8545)
[2m2025-12-10T10:16:12.325049Z[0m [34mDEBUG[0m [2mhyper::proto::h1::io[0m[2m:[0m flushed 172 bytes
[2m2025-12-10T10:16:12.329265Z[0m [34mDEBUG[0m [2mhyper::proto::h1::io[0m[2m:[0m parsed 4 headers
[2m2025-12-10T10:16:12.329299Z[0m [34mDEBUG[0m [2mhyper::proto::h1::conn[0m[2m:[0m incoming body is content-length (45 bytes)
[2m2025-12-10T10:16:12.329320Z[0m [34mDEBUG[0m [2mhyper::proto::h1::conn[0m[2m:[0m incoming body completed
[2m2025-12-10T10:16:12.329343Z[0m [34mDEBUG[0m [2mhyper::client::pool[0m[2m:[0m pooling idle connection for ("http", 192.168.0.14:8545)
[2m2025-12-10T10:16:12.329400Z[0m [34mDEBUG[0m [2mhyper::client::pool[0m[2m:[0m reuse idle connection for ("http", 192.168.0.14:8545)
[2m2025-12-10T10:16:12.329454Z[0m [34mDEBUG[0m [2mhyper::proto::h1::io[0m[2m:[0m flushed 172 bytes
[2m2025-12-10T10:16:12.332823Z[0m [34mDEBUG[0m [2mhyper::proto::h1::io[0m[2m:[0m parsed 4 headers
[2m2025-12-10T10:16:12.332861Z[0m [34mDEBUG[0m [2mhyper::proto::h1::conn[0m[2m:[0m incoming body is content-length (45 bytes)
[2m2025-12-10T10:16:12.332881Z[0m [34mDEBUG[0m [2mhyper::proto::h1::conn[0m[2m:[0m incoming body completed
[2m2025-12-10T10:16:12.332904Z[0m [34mDEBUG[0m [2mhyper::client::pool[0m[2m:[0m pooling idle connection for ("http", 192.168.0.14:8545)
[2m2025-12-10T10:16:12.332955Z[0m [34mDEBUG[0m [2mhyper::client::pool[0m[2m:[0m reuse idle connection for ("http", 192.168.0.14:8545)
[2m2025-12-10T10:16:12.332999Z[0m [34mDEBUG[0m [2mhyper::proto::h1::io[0m[2m:[0m flushed 172 bytes
[2m2025-12-10T10:16:12.338245Z[0m [34mDEBUG[0m [2mhyper::proto::h1::io[0m[2m:[0m parsed 4 headers
[2m2025-12-10T10:16:12.338275Z[0m [34mDEBUG[0m [2mhyper::proto::h1::conn[0m[2m:[0m incoming body is content-length (45 bytes)
[2m2025-12-10T10:16:12.338286Z[0m [34mDEBUG[0m [2mhyper::proto::h1::conn[0m[2m:[0m incoming body completed
[2m2025-12-10T10:16:12.338298Z[0m [34mDEBUG[0m [2mhyper::client::pool[0m[2m:[0m pooling idle connection for ("http", 192.168.0.14:8545)
[2m2025-12-10T10:16:12.338345Z[0m [34mDEBUG[0m [2mhyper::client::pool[0m[2m:[0m reuse idle connection for ("http", 192.168.0.14:8545)
[2m2025-12-10T10:16:12.338383Z[0m [34mDEBUG[0m [2mhyper::proto::h1::io[0m[2m:[0m flushed 172 bytes
[2m2025-12-10T10:16:12.342084Z[0m [34mDEBUG[0m [2mhyper::proto::h1::io[0m[2m:[0m parsed 4 headers
[2m2025-12-10T10:16:12.342149Z[0m [34mDEBUG[0m [2mhyper::proto::h1::conn[0m[2m:[0m incoming body is content-length (45 bytes)
[2m2025-12-10T10:16:12.342173Z[0m [34mDEBUG[0m [2mhyper::proto::h1::conn[0m[2m:[0m incoming body completed
[2m2025-12-10T10:16:12.342198Z[0m [34mDEBUG[0m [2mhyper::client::pool[0m[2m:[0m pooling idle connection for ("http", 192.168.0.14:8545)
[2m2025-12-10T10:16:12.342280Z[0m [34mDEBUG[0m [2mhyper::client::pool[0m[2m:[0m reuse idle connection for ("http", 192.168.0.14:8545)
[2m2025-12-10T10:16:12.342362Z[0m [34mDEBUG[0m [2mhyper::proto::h1::io[0m[2m:[0m flushed 172 bytes
[2m2025-12-10T10:16:12.352443Z[0m [34mDEBUG[0m [2mhyper::proto::h1::io[0m[2m:[0m parsed 4 headers
[2m2025-12-10T10:16:12.352474Z[0m [34mDEBUG[0m [2mhyper::proto::h1::conn[0m[2m:[0m incoming body is content-length (45 bytes)
[2m2025-12-10T10:16:12.352484Z[0m [34mDEBUG[0m [2mhyper::proto::h1::conn[0m[2m:[0m incoming body completed
[2m2025-12-10T10:16:12.352498Z[0m [34mDEBUG[0m [2mhyper::client::pool[0m[2m:[0m pooling idle connection for ("http", 192.168.0.14:8545)
[2m2025-12-10T10:16:12.352523Z[0m [34mDEBUG[0m [2mhyper::client::pool[0m[2m:[0m reuse idle connection for ("http", 192.168.0.14:8545)
[2m2025-12-10T10:16:12.352552Z[0m [34mDEBUG[0m [2mhyper::proto::h1::io[0m[2m:[0m flushed 172 bytes
[2m2025-12-10T10:16:12.359970Z[0m [34mDEBUG[0m [2mhyper::proto::h1::io[0m[2m:[0m parsed 4 headers
[2m2025-12-10T10:16:12.359988Z[0m [34mDEBUG[0m [2mhyper::proto::h1::conn[0m[2m:[0m incoming body is content-length (45 bytes)
[2m2025-12-10T10:16:12.359999Z[0m [34mDEBUG[0m [2mhyper::proto::h1::conn[0m[2m:[0m incoming body completed
[2m2025-12-10T10:16:12.360013Z[0m [34mDEBUG[0m [2mhyper::client::pool[0m[2m:[0m pooling idle connection for ("http", 192.168.0.14:8545)
[2m2025-12-10T10:16:12.360317Z[0m [34mDEBUG[0m [2mhyper::client::pool[0m[2m:[0m reuse idle connection for ("http", 192.168.0.14:8545)
[2m2025-12-10T10:16:12.360344Z[0m [34mDEBUG[0m [2mhyper::proto::h1::io[0m[2m:[0m flushed 172 bytes
[2m2025-12-10T10:16:12.363904Z[0m [34mDEBUG[0m [2mhyper::proto::h1::io[0m[2m:[0m parsed 4 headers
[2m2025-12-10T10:16:12.363914Z[0m [34mDEBUG[0m [2mhyper::proto::h1::conn[0m[2m:[0m incoming body is content-length (45 bytes)
[2m2025-12-10T10:16:12.363924Z[0m [34mDEBUG[0m [2mhyper::proto::h1::conn[0m[2m:[0m incoming body completed
[2m2025-12-10T10:16:12.363935Z[0m [34mDEBUG[0m [2mhyper::client::pool[0m[2m:[0m pooling idle connection for ("http", 192.168.0.14:8545)
[2m2025-12-10T10:16:12.363961Z[0m [34mDEBUG[0m [2mhyper::client::pool[0m[2m:[0m reuse idle connection for ("http", 192.168.0.14:8545)
[2m2025-12-10T10:16:12.363989Z[0m [34mDEBUG[0m [2mhyper::proto::h1::io[0m[2m:[0m flushed 172 bytes
[2m2025-12-10T10:16:12.367715Z[0m [34mDEBUG[0m [2mhyper::proto::h1::io[0m[2m:[0m parsed 4 headers
[2m2025-12-10T10:16:12.367732Z[0m [34mDEBUG[0m [2mhyper::proto::h1::conn[0m[2m:[0m incoming body is content-length (45 bytes)
[2m2025-12-10T10:16:12.367741Z[0m [34mDEBUG[0m [2mhyper::proto::h1::conn[0m[2m:[0m incoming body completed
[2m2025-12-10T10:16:12.367772Z[0m [34mDEBUG[0m [2mhyper::client::pool[0m[2m:[0m pooling idle connection for ("http", 192.168.0.14:8545)
[2m2025-12-10T10:16:12.367806Z[0m [34mDEBUG[0m [2mhyper::client::pool[0m[2m:[0m reuse idle connection for ("http", 192.168.0.14:8545)
[2m2025-12-10T10:16:12.367844Z[0m [34mDEBUG[0m [2mhyper::proto::h1::io[0m[2m:[0m flushed 172 bytes
[2m2025-12-10T10:16:12.371815Z[0m [34mDEBUG[0m [2mhyper::proto::h1::io[0m[2m:[0m parsed 4 headers
[2m2025-12-10T10:16:12.371849Z[0m [34mDEBUG[0m [2mhyper::proto::h1::conn[0m[2m:[0m incoming body is content-length (45 bytes)
[2m2025-12-10T10:16:12.371863Z[0m [34mDEBUG[0m [2mhyper::proto::h1::conn[0m[2m:[0m incoming body completed
[2m2025-12-10T10:16:12.371876Z[0m [34mDEBUG[0m [2mhyper::client::pool[0m[2m:[0m pooling idle connection for ("http", 192.168.0.14:8545)
[2m2025-12-10T10:16:12.371912Z[0m [34mDEBUG[0m [2mhyper::client::pool[0m[2m:[0m reuse idle connection for ("http", 192.168.0.14:8545)
[2m2025-12-10T10:16:12.371941Z[0m [34mDEBUG[0m [2mhyper::proto::h1::io[0m[2m:[0m flushed 172 bytes
[2m2025-12-10T10:16:12.376737Z[0m [34mDEBUG[0m [2mhyper::proto::h1::io[0m[2m:[0m parsed 4 headers
[2m2025-12-10T10:16:12.376750Z[0m [34mDEBUG[0m [2mhyper::proto::h1::conn[0m[2m:[0m incoming body is content-length (45 bytes)
[2m2025-12-10T10:16:12.376758Z[0m [34mDEBUG[0m [2mhyper::proto::h1::conn[0m[2m:[0m incoming body completed
[2m2025-12-10T10:16:12.376768Z[0m [34mDEBUG[0m [2mhyper::client::pool[0m[2m:[0m pooling idle connection for ("http", 192.168.0.14:8545)
[2m2025-12-10T10:16:12.376802Z[0m [34mDEBUG[0m [2mhyper::client::pool[0m[2m:[0m reuse idle connection for ("http", 192.168.0.14:8545)
[2m2025-12-10T10:16:12.376831Z[0m [34mDEBUG[0m [2mhyper::proto::h1::io[0m[2m:[0m flushed 172 bytes
[2m2025-12-10T10:16:12.382001Z[0m [34mDEBUG[0m [2mhyper::proto::h1::io[0m[2m:[0m parsed 4 headers
[2m2025-12-10T10:16:12.382035Z[0m [34mDEBUG[0m [2mhyper::proto::h1::conn[0m[2m:[0m incoming body is content-length (45 bytes)
[2m2025-12-10T10:16:12.382057Z[0m [34mDEBUG[0m [2mhyper::proto::h1::conn[0m[2m:[0m incoming body completed
[2m2025-12-10T10:16:12.382081Z[0m [34mDEBUG[0m [2mhyper::client::pool[0m[2m:[0m pooling idle connection for ("http", 192.168.0.14:8545)
[2m2025-12-10T10:16:12.382141Z[0m [34mDEBUG[0m [2mhyper::client::pool[0m[2m:[0m reuse idle connection for ("http", 192.168.0.14:8545)
[2m2025-12-10T10:16:12.382191Z[0m [34mDEBUG[0m [2mhyper::proto::h1::io[0m[2m:[0m flushed 172 bytes
[2m2025-12-10T10:16:12.388365Z[0m [34mDEBUG[0m [2mhyper::proto::h1::io[0m[2m:[0m parsed 4 headers
[2m2025-12-10T10:16:12.388394Z[0m [34mDEBUG[0m [2mhyper::proto::h1::conn[0m[2m:[0m incoming body is content-length (45 bytes)
[2m2025-12-10T10:16:12.388431Z[0m [34mDEBUG[0m [2mhyper::proto::h1::conn[0m[2m:[0m incoming body completed
[2m2025-12-10T10:16:12.388470Z[0m [34mDEBUG[0m [2mhyper::client::pool[0m[2m:[0m pooling idle connection for ("http", 192.168.0.14:8545)
[2m2025-12-10T10:16:12.388508Z[0m [34mDEBUG[0m [2mhyper::client::pool[0m[2m:[0m reuse idle connection for ("http", 192.168.0.14:8545)
[2m2025-12-10T10:16:12.388538Z[0m [34mDEBUG[0m [2mhyper::proto::h1::io[0m[2m:[0m flushed 172 bytes
[2m2025-12-10T10:16:12.394225Z[0m [34mDEBUG[0m [2mhyper::proto::h1::io[0m[2m:[0m parsed 4 headers
[2m2025-12-10T10:16:12.394243Z[0m [34mDEBUG[0m [2mhyper::proto::h1::conn[0m[2m:[0m incoming body is content-length (45 bytes)
[2m2025-12-10T10:16:12.394252Z[0m [34mDEBUG[0m [2mhyper::proto::h1::conn[0m[2m:[0m incoming body completed
[2m2025-12-10T10:16:12.394265Z[0m [34mDEBUG[0m [2mhyper::client::pool[0m[2m:[0m pooling idle connection for ("http", 192.168.0.14:8545)
[2m2025-12-10T10:16:12.394296Z[0m [34mDEBUG[0m [2mhyper::client::pool[0m[2m:[0m reuse idle connection for ("http", 192.168.0.14:8545)
[2m2025-12-10T10:16:12.394323Z[0m [34mDEBUG[0m [2mhyper::proto::h1::io[0m[2m:[0m flushed 172 bytes
[2m2025-12-10T10:16:12.400213Z[0m [34mDEBUG[0m [2mhyper::proto::h1::io[0m[2m:[0m parsed 4 headers
[2m2025-12-10T10:16:12.400229Z[0m [34mDEBUG[0m [2mhyper::proto::h1::conn[0m[2m:[0m incoming body is content-length (45 bytes)
[2m2025-12-10T10:16:12.400238Z[0m [34mDEBUG[0m [2mhyper::proto::h1::conn[0m[2m:[0m incoming body completed
[2m2025-12-10T10:16:12.400249Z[0m [34mDEBUG[0m [2mhyper::client::pool[0m[2m:[0m pooling idle connection for ("http", 192.168.0.14:8545)
[2m2025-12-10T10:16:12.400274Z[0m [34mDEBUG[0m [2mhyper::client::pool[0m[2m:[0m reuse idle connection for ("http", 192.168.0.14:8545)
[2m2025-12-10T10:16:12.400300Z[0m [34mDEBUG[0m [2mhyper::proto::h1::io[0m[2m:[0m flushed 172 bytes
[2m2025-12-10T10:16:12.404349Z[0m [34mDEBUG[0m [2mhyper::proto::h1::io[0m[2m:[0m parsed 4 headers
[2m2025-12-10T10:16:12.404357Z[0m [34mDEBUG[0m [2mhyper::proto::h1::conn[0m[2m:[0m incoming body is content-length (45 bytes)
[2m2025-12-10T10:16:12.404364Z[0m [34mDEBUG[0m [2mhyper::proto::h1::conn[0m[2m:[0m incoming body completed
[2m2025-12-10T10:16:12.404370Z[0m [34mDEBUG[0m [2mhyper::client::pool[0m[2m:[0m pooling idle connection for ("http", 192.168.0.14:8545)
[2m2025-12-10T10:16:12.404387Z[0m [34mDEBUG[0m [2mhyper::client::pool[0m[2m:[0m reuse idle connection for ("http", 192.168.0.14:8545)
[2m2025-12-10T10:16:12.404404Z[0m [34mDEBUG[0m [2mhyper::proto::h1::io[0m[2m:[0m flushed 172 bytes
[2m2025-12-10T10:16:12.408122Z[0m [34mDEBUG[0m [2mhyper::proto::h1::io[0m[2m:[0m parsed 4 headers
[2m2025-12-10T10:16:12.408131Z[0m [34mDEBUG[0m [2mhyper::proto::h1::conn[0m[2m:[0m incoming body is content-length (45 bytes)
[2m2025-12-10T10:16:12.408141Z[0m [34mDEBUG[0m [2mhyper::proto::h1::conn[0m[2m:[0m incoming body completed
[2m2025-12-10T10:16:12.408157Z[0m [34mDEBUG[0m [2mhyper::client::pool[0m[2m:[0m pooling idle connection for ("http", 192.168.0.14:8545)
[2m2025-12-10T10:16:12.408187Z[0m [34mDEBUG[0m [2mhyper::client::pool[0m[2m:[0m reuse idle connection for ("http", 192.168.0.14:8545)
[2m2025-12-10T10:16:12.408208Z[0m [34mDEBUG[0m [2mhyper::proto::h1::io[0m[2m:[0m flushed 172 bytes
[2m2025-12-10T10:16:12.413737Z[0m [34mDEBUG[0m [2mhyper::proto::h1::io[0m[2m:[0m parsed 4 headers
[2m2025-12-10T10:16:12.413748Z[0m [34mDEBUG[0m [2mhyper::proto::h1::conn[0m[2m:[0m incoming body is content-length (45 bytes)
[2m2025-12-10T10:16:12.413755Z[0m [34mDEBUG[0m [2mhyper::proto::h1::conn[0m[2m:[0m incoming body completed
[2m2025-12-10T10:16:12.413764Z[0m [34mDEBUG[0m [2mhyper::client::pool[0m[2m:[0m pooling idle connection for ("http", 192.168.0.14:8545)
[2m2025-12-10T10:16:12.413787Z[0m [34mDEBUG[0m [2mhyper::client::pool[0m[2m:[0m reuse idle connection for ("http", 192.168.0.14:8545)
[2m2025-12-10T10:16:12.413810Z[0m [34mDEBUG[0m [2mhyper::proto::h1::io[0m[2m:[0m flushed 172 bytes
[2m2025-12-10T10:16:12.417886Z[0m [34mDEBUG[0m [2mhyper::proto::h1::io[0m[2m:[0m parsed 4 headers
[2m2025-12-10T10:16:12.417898Z[0m [34mDEBUG[0m [2mhyper::proto::h1::conn[0m[2m:[0m incoming body is content-length (45 bytes)
[2m2025-12-10T10:16:12.417907Z[0m [34mDEBUG[0m [2mhyper::proto::h1::conn[0m[2m:[0m incoming body completed
[2m2025-12-10T10:16:12.417917Z[0m [34mDEBUG[0m [2mhyper::client::pool[0m[2m:[0m pooling idle connection for ("http", 192.168.0.14:8545)
[2m2025-12-10T10:16:12.417952Z[0m [34mDEBUG[0m [2mhyper::client::pool[0m[2m:[0m reuse idle connection for ("http", 192.168.0.14:8545)
[2m2025-12-10T10:16:12.418042Z[0m [34mDEBUG[0m [2mhyper::proto::h1::io[0m[2m:[0m flushed 172 bytes
[2m2025-12-10T10:16:12.424492Z[0m [34mDEBUG[0m [2mhyper::proto::h1::io[0m[2m:[0m parsed 4 headers
[2m2025-12-10T10:16:12.424511Z[0m [34mDEBUG[0m [2mhyper::proto::h1::conn[0m[2m:[0m incoming body is content-length (45 bytes)
[2m2025-12-10T10:16:12.424520Z[0m [34mDEBUG[0m [2mhyper::proto::h1::conn[0m[2m:[0m incoming body completed
[2m2025-12-10T10:16:12.424532Z[0m [34mDEBUG[0m [2mhyper::client::pool[0m[2m:[0m pooling idle connection for ("http", 192.168.0.14:8545)
[2m2025-12-10T10:16:12.424557Z[0m [34mDEBUG[0m [2mhyper::client::pool[0m[2m:[0m reuse idle connection for ("http", 192.168.0.14:8545)
[2m2025-12-10T10:16:12.424583Z[0m [34mDEBUG[0m [2mhyper::proto::h1::io[0m[2m:[0m flushed 172 bytes
[2m2025-12-10T10:16:12.433442Z[0m [34mDEBUG[0m [2mhyper::proto::h1::io[0m[2m:[0m parsed 4 headers
[2m2025-12-10T10:16:12.433462Z[0m [34mDEBUG[0m [2mhyper::proto::h1::conn[0m[2m:[0m incoming body is content-length (45 bytes)
[2m2025-12-10T10:16:12.433472Z[0m [34mDEBUG[0m [2mhyper::proto::h1::conn[0m[2m:[0m incoming body completed
[2m2025-12-10T10:16:12.433485Z[0m [34mDEBUG[0m [2mhyper::client::pool[0m[2m:[0m pooling idle connection for ("http", 192.168.0.14:8545)
[2m2025-12-10T10:16:12.433524Z[0m [34mDEBUG[0m [2mhyper::client::pool[0m[2m:[0m reuse idle connection for ("http", 192.168.0.14:8545)
[2m2025-12-10T10:16:12.433562Z[0m [34mDEBUG[0m [2mhyper::proto::h1::io[0m[2m:[0m flushed 172 bytes
[2m2025-12-10T10:16:12.440014Z[0m [34mDEBUG[0m [2mhyper::proto::h1::io[0m[2m:[0m parsed 4 headers
[2m2025-12-10T10:16:12.440039Z[0m [34mDEBUG[0m [2mhyper::proto::h1::conn[0m[2m:[0m incoming body is content-length (45 bytes)
[2m2025-12-10T10:16:12.440051Z[0m [34mDEBUG[0m [2mhyper::proto::h1::conn[0m[2m:[0m incoming body completed
[2m2025-12-10T10:16:12.440063Z[0m [34mDEBUG[0m [2mhyper::client::pool[0m[2m:[0m pooling idle connection for ("http", 192.168.0.14:8545)
[2m2025-12-10T10:16:12.440091Z[0m [34mDEBUG[0m [2mhyper::client::pool[0m[2m:[0m reuse idle connection for ("http", 192.168.0.14:8545)
[2m2025-12-10T10:16:12.440131Z[0m [34mDEBUG[0m [2mhyper::proto::h1::io[0m[2m:[0m flushed 172 bytes
[2m2025-12-10T10:16:12.443733Z[0m [34mDEBUG[0m [2mhyper::proto::h1::io[0m[2m:[0m parsed 4 headers
[2m2025-12-10T10:16:12.443764Z[0m [34mDEBUG[0m [2mhyper::proto::h1::conn[0m[2m:[0m incoming body is content-length (45 bytes)
[2m2025-12-10T10:16:12.443774Z[0m [34mDEBUG[0m [2mhyper::proto::h1::conn[0m[2m:[0m incoming body completed
[2m2025-12-10T10:16:12.443788Z[0m [34mDEBUG[0m [2mhyper::client::pool[0m[2m:[0m pooling idle connection for ("http", 192.168.0.14:8545)
[2m2025-12-10T10:16:12.443824Z[0m [34mDEBUG[0m [2mhyper::client::pool[0m[2m:[0m reuse idle connection for ("http", 192.168.0.14:8545)
[2m2025-12-10T10:16:12.443868Z[0m [34mDEBUG[0m [2mhyper::proto::h1::io[0m[2m:[0m flushed 172 bytes
[2m2025-12-10T10:16:12.449531Z[0m [34mDEBUG[0m [2mhyper::proto::h1::io[0m[2m:[0m parsed 4 headers
[2m2025-12-10T10:16:12.449601Z[0m [34mDEBUG[0m [2mhyper::proto::h1::conn[0m[2m:[0m incoming body is content-length (45 bytes)
[2m2025-12-10T10:16:12.449617Z[0m [34mDEBUG[0m [2mhyper::proto::h1::conn[0m[2m:[0m incoming body completed
[2m2025-12-10T10:16:12.449637Z[0m [34mDEBUG[0m [2mhyper::client::pool[0m[2m:[0m pooling idle connection for ("http", 192.168.0.14:8545)
[2m2025-12-10T10:16:12.449693Z[0m [34mDEBUG[0m [2mhyper::client::pool[0m[2m:[0m reuse idle connection for ("http", 192.168.0.14:8545)
[2m2025-12-10T10:16:12.449748Z[0m [34mDEBUG[0m [2mhyper::proto::h1::io[0m[2m:[0m flushed 172 bytes
[2m2025-12-10T10:16:12.454201Z[0m [34mDEBUG[0m [2mhyper::proto::h1::io[0m[2m:[0m parsed 4 headers
[2m2025-12-10T10:16:12.454240Z[0m [34mDEBUG[0m [2mhyper::proto::h1::conn[0m[2m:[0m incoming body is content-length (45 bytes)
[2m2025-12-10T10:16:12.454258Z[0m [34mDEBUG[0m [2mhyper::proto::h1::conn[0m[2m:[0m incoming body completed
[2m2025-12-10T10:16:12.454281Z[0m [34mDEBUG[0m [2mhyper::client::pool[0m[2m:[0m pooling idle connection for ("http", 192.168.0.14:8545)
[2m2025-12-10T10:16:12.454330Z[0m [34mDEBUG[0m [2mhyper::client::pool[0m[2m:[0m reuse idle connection for ("http", 192.168.0.14:8545)
[2m2025-12-10T10:16:12.454381Z[0m [34mDEBUG[0m [2mhyper::proto::h1::io[0m[2m:[0m flushed 172 bytes
[2m2025-12-10T10:16:12.459177Z[0m [34mDEBUG[0m [2mhyper::proto::h1::io[0m[2m:[0m parsed 4 headers
[2m2025-12-10T10:16:12.459200Z[0m [34mDEBUG[0m [2mhyper::proto::h1::conn[0m[2m:[0m incoming body is content-length (45 bytes)
[2m2025-12-10T10:16:12.459209Z[0m [34mDEBUG[0m [2mhyper::proto::h1::conn[0m[2m:[0m incoming body completed
[2m2025-12-10T10:16:12.459219Z[0m [34mDEBUG[0m [2mhyper::client::pool[0m[2m:[0m pooling idle connection for ("http", 192.168.0.14:8545)
[2m2025-12-10T10:16:12.459242Z[0m [34mDEBUG[0m [2mhyper::client::pool[0m[2m:[0m reuse idle connection for ("http", 192.168.0.14:8545)
[2m2025-12-10T10:16:12.459276Z[0m [34mDEBUG[0m [2mhyper::proto::h1::io[0m[2m:[0m flushed 172 bytes
[2m2025-12-10T10:16:12.462684Z[0m [34mDEBUG[0m [2mhyper::proto::h1::io[0m[2m:[0m parsed 4 headers
[2m2025-12-10T10:16:12.462696Z[0m [34mDEBUG[0m [2mhyper::proto::h1::conn[0m[2m:[0m incoming body is content-length (45 bytes)
[2m2025-12-10T10:16:12.462705Z[0m [34mDEBUG[0m [2mhyper::proto::h1::conn[0m[2m:[0m incoming body completed
[2m2025-12-10T10:16:12.462713Z[0m [34mDEBUG[0m [2mhyper::client::pool[0m[2m:[0m pooling idle connection for ("http", 192.168.0.14:8545)
[2m2025-12-10T10:16:12.462735Z[0m [34mDEBUG[0m [2mhyper::client::pool[0m[2m:[0m reuse idle connection for ("http", 192.168.0.14:8545)
[2m2025-12-10T10:16:12.462760Z[0m [34mDEBUG[0m [2mhyper::proto::h1::io[0m[2m:[0m flushed 172 bytes
[2m2025-12-10T10:16:12.466524Z[0m [34mDEBUG[0m [2mhyper::proto::h1::io[0m[2m:[0m parsed 4 headers
[2m2025-12-10T10:16:12.466561Z[0m [34mDEBUG[0m [2mhyper::proto::h1::conn[0m[2m:[0m incoming body is content-length (45 bytes)
[2m2025-12-10T10:16:12.466578Z[0m [34mDEBUG[0m [2mhyper::proto::h1::conn[0m[2m:[0m incoming body completed
[2m2025-12-10T10:16:12.466598Z[0m [34mDEBUG[0m [2mhyper::client::pool[0m[2m:[0m pooling idle connection for ("http", 192.168.0.14:8545)
[2m2025-12-10T10:16:12.466646Z[0m [34mDEBUG[0m [2mhyper::client::pool[0m[2m:[0m reuse idle connection for ("http", 192.168.0.14:8545)
[2m2025-12-10T10:16:12.466696Z[0m [34mDEBUG[0m [2mhyper::proto::h1::io[0m[2m:[0m flushed 172 bytes
[2m2025-12-10T10:16:12.470074Z[0m [34mDEBUG[0m [2mhyper::proto::h1::io[0m[2m:[0m parsed 4 headers
[2m2025-12-10T10:16:12.470116Z[0m [34mDEBUG[0m [2mhyper::proto::h1::conn[0m[2m:[0m incoming body is content-length (45 bytes)
[2m2025-12-10T10:16:12.470136Z[0m [34mDEBUG[0m [2mhyper::proto::h1::conn[0m[2m:[0m incoming body completed
[2m2025-12-10T10:16:12.470315Z[0m [34mDEBUG[0m [2mhyper::client::pool[0m[2m:[0m pooling idle connection for ("http", 192.168.0.14:8545)
[2m2025-12-10T10:16:12.470353Z[0m [34mDEBUG[0m [2mhyper::client::pool[0m[2m:[0m reuse idle connection for ("http", 192.168.0.14:8545)
[2m2025-12-10T10:16:12.470386Z[0m [34mDEBUG[0m [2mhyper::proto::h1::io[0m[2m:[0m flushed 172 bytes
[2m2025-12-10T10:16:12.473113Z[0m [34mDEBUG[0m [2mhyper::proto::h1::io[0m[2m:[0m parsed 4 headers
[2m2025-12-10T10:16:12.473129Z[0m [34mDEBUG[0m [2mhyper::proto::h1::conn[0m[2m:[0m incoming body is content-length (45 bytes)
[2m2025-12-10T10:16:12.473137Z[0m [34mDEBUG[0m [2mhyper::proto::h1::conn[0m[2m:[0m incoming body completed
[2m2025-12-10T10:16:12.473147Z[0m [34mDEBUG[0m [2mhyper::client::pool[0m[2m:[0m pooling idle connection for ("http", 192.168.0.14:8545)
[2m2025-12-10T10:16:12.473169Z[0m [34mDEBUG[0m [2mhyper::client::pool[0m[2m:[0m reuse idle connection for ("http", 192.168.0.14:8545)
[2m2025-12-10T10:16:12.473191Z[0m [34mDEBUG[0m [2mhyper::proto::h1::io[0m[2m:[0m flushed 172 bytes
[2m2025-12-10T10:16:12.476643Z[0m [34mDEBUG[0m [2mhyper::proto::h1::io[0m[2m:[0m parsed 4 headers
[2m2025-12-10T10:16:12.476652Z[0m [34mDEBUG[0m [2mhyper::proto::h1::conn[0m[2m:[0m incoming body is content-length (45 bytes)
[2m2025-12-10T10:16:12.476660Z[0m [34mDEBUG[0m [2mhyper::proto::h1::conn[0m[2m:[0m incoming body completed
[2m2025-12-10T10:16:12.476667Z[0m [34mDEBUG[0m [2mhyper::client::pool[0m[2m:[0m pooling idle connection for ("http", 192.168.0.14:8545)
[2m2025-12-10T10:16:12.476684Z[0m [34mDEBUG[0m [2mhyper::client::pool[0m[2m:[0m reuse idle connection for ("http", 192.168.0.14:8545)
[2m2025-12-10T10:16:12.476702Z[0m [34mDEBUG[0m [2mhyper::proto::h1::io[0m[2m:[0m flushed 172 bytes
[2m2025-12-10T10:16:12.482528Z[0m [34mDEBUG[0m [2mhyper::proto::h1::io[0m[2m:[0m parsed 4 headers
[2m2025-12-10T10:16:12.482568Z[0m [34mDEBUG[0m [2mhyper::proto::h1::conn[0m[2m:[0m incoming body is content-length (45 bytes)
[2m2025-12-10T10:16:12.482602Z[0m [34mDEBUG[0m [2mhyper::proto::h1::conn[0m[2m:[0m incoming body completed
[2m2025-12-10T10:16:12.482624Z[0m [34mDEBUG[0m [2mhyper::client::pool[0m[2m:[0m pooling idle connection for ("http", 192.168.0.14:8545)
[2m2025-12-10T10:16:12.482672Z[0m [34mDEBUG[0m [2mhyper::client::pool[0m[2m:[0m reuse idle connection for ("http", 192.168.0.14:8545)
[2m2025-12-10T10:16:12.482720Z[0m [34mDEBUG[0m [2mhyper::proto::h1::io[0m[2m:[0m flushed 172 bytes
[2m2025-12-10T10:16:12.486284Z[0m [34mDEBUG[0m [2mhyper::proto::h1::io[0m[2m:[0m parsed 4 headers
[2m2025-12-10T10:16:12.486299Z[0m [34mDEBUG[0m [2mhyper::proto::h1::conn[0m[2m:[0m incoming body is content-length (45 bytes)
[2m2025-12-10T10:16:12.486307Z[0m [34mDEBUG[0m [2mhyper::proto::h1::conn[0m[2m:[0m incoming body completed
[2m2025-12-10T10:16:12.486316Z[0m [34mDEBUG[0m [2mhyper::client::pool[0m[2m:[0m pooling idle connection for ("http", 192.168.0.14:8545)
[2m2025-12-10T10:16:12.486337Z[0m [34mDEBUG[0m [2mhyper::client::pool[0m[2m:[0m reuse idle connection for ("http", 192.168.0.14:8545)
[2m2025-12-10T10:16:12.486357Z[0m [34mDEBUG[0m [2mhyper::proto::h1::io[0m[2m:[0m flushed 172 bytes
[2m2025-12-10T10:16:12.491304Z[0m [34mDEBUG[0m [2mhyper::proto::h1::io[0m[2m:[0m parsed 4 headers
[2m2025-12-10T10:16:12.491354Z[0m [34mDEBUG[0m [2mhyper::proto::h1::conn[0m[2m:[0m incoming body is content-length (45 bytes)
[2m2025-12-10T10:16:12.491375Z[0m [34mDEBUG[0m [2mhyper::proto::h1::conn[0m[2m:[0m incoming body completed
[2m2025-12-10T10:16:12.491401Z[0m [34mDEBUG[0m [2mhyper::client::pool[0m[2m:[0m pooling idle connection for ("http", 192.168.0.14:8545)
[2m2025-12-10T10:16:12.491455Z[0m [34mDEBUG[0m [2mhyper::client::pool[0m[2m:[0m reuse idle connection for ("http", 192.168.0.14:8545)
[2m2025-12-10T10:16:12.491513Z[0m [34mDEBUG[0m [2mhyper::proto::h1::io[0m[2m:[0m flushed 172 bytes
[2m2025-12-10T10:16:12.495288Z[0m [34mDEBUG[0m [2mhyper::proto::h1::io[0m[2m:[0m parsed 4 headers
[2m2025-12-10T10:16:12.495300Z[0m [34mDEBUG[0m [2mhyper::proto::h1::conn[0m[2m:[0m incoming body is content-length (45 bytes)
[2m2025-12-10T10:16:12.495307Z[0m [34mDEBUG[0m [2mhyper::proto::h1::conn[0m[2m:[0m incoming body completed
[2m2025-12-10T10:16:12.495315Z[0m [34mDEBUG[0m [2mhyper::client::pool[0m[2m:[0m pooling idle connection for ("http", 192.168.0.14:8545)
[2m2025-12-10T10:16:12.495330Z[0m [34mDEBUG[0m [2mhyper::client::pool[0m[2m:[0m reuse idle connection for ("http", 192.168.0.14:8545)
[2m2025-12-10T10:16:12.495352Z[0m [34mDEBUG[0m [2mhyper::proto::h1::io[0m[2m:[0m flushed 172 bytes
[2m2025-12-10T10:16:12.499310Z[0m [34mDEBUG[0m [2mhyper::proto::h1::io[0m[2m:[0m parsed 4 headers
[2m2025-12-10T10:16:12.499335Z[0m [34mDEBUG[0m [2mhyper::proto::h1::conn[0m[2m:[0m incoming body is content-length (45 bytes)
[2m2025-12-10T10:16:12.499348Z[0m [34mDEBUG[0m [2mhyper::proto::h1::conn[0m[2m:[0m incoming body completed
[2m2025-12-10T10:16:12.499365Z[0m [34mDEBUG[0m [2mhyper::client::pool[0m[2m:[0m pooling idle connection for ("http", 192.168.0.14:8545)
[2m2025-12-10T10:16:12.499403Z[0m [34mDEBUG[0m [2mhyper::client::pool[0m[2m:[0m reuse idle connection for ("http", 192.168.0.14:8545)
[2m2025-12-10T10:16:12.499446Z[0m [34mDEBUG[0m [2mhyper::proto::h1::io[0m[2m:[0m flushed 172 bytes
[2m2025-12-10T10:16:12.504709Z[0m [34mDEBUG[0m [2mhyper::proto::h1::io[0m[2m:[0m parsed 4 headers
[2m2025-12-10T10:16:12.504729Z[0m [34mDEBUG[0m [2mhyper::proto::h1::conn[0m[2m:[0m incoming body is content-length (45 bytes)
[2m2025-12-10T10:16:12.504737Z[0m [34mDEBUG[0m [2mhyper::proto::h1::conn[0m[2m:[0m incoming body completed
[2m2025-12-10T10:16:12.504747Z[0m [34mDEBUG[0m [2mhyper::client::pool[0m[2m:[0m pooling idle connection for ("http", 192.168.0.14:8545)
[2m2025-12-10T10:16:12.504768Z[0m [34mDEBUG[0m [2mhyper::client::pool[0m[2m:[0m reuse idle connection for ("http", 192.168.0.14:8545)
[2m2025-12-10T10:16:12.504799Z[0m [34mDEBUG[0m [2mhyper::proto::h1::io[0m[2m:[0m flushed 172 bytes
[2m2025-12-10T10:16:12.510121Z[0m [34mDEBUG[0m [2mhyper::proto::h1::io[0m[2m:[0m parsed 4 headers
[2m2025-12-10T10:16:12.510153Z[0m [34mDEBUG[0m [2mhyper::proto::h1::conn[0m[2m:[0m incoming body is content-length (45 bytes)
[2m2025-12-10T10:16:12.510162Z[0m [34mDEBUG[0m [2mhyper::proto::h1::conn[0m[2m:[0m incoming body completed
[2m2025-12-10T10:16:12.510174Z[0m [34mDEBUG[0m [2mhyper::client::pool[0m[2m:[0m pooling idle connection for ("http", 192.168.0.14:8545)
[2m2025-12-10T10:16:12.510202Z[0m [34mDEBUG[0m [2mhyper::client::pool[0m[2m:[0m reuse idle connection for ("http", 192.168.0.14:8545)
[2m2025-12-10T10:16:12.510239Z[0m [34mDEBUG[0m [2mhyper::proto::h1::io[0m[2m:[0m flushed 172 bytes
[2m2025-12-10T10:16:12.516233Z[0m [34mDEBUG[0m [2mhyper::proto::h1::io[0m[2m:[0m parsed 4 headers
[2m2025-12-10T10:16:12.516246Z[0m [34mDEBUG[0m [2mhyper::proto::h1::conn[0m[2m:[0m incoming body is content-length (45 bytes)
[2m2025-12-10T10:16:12.516254Z[0m [34mDEBUG[0m [2mhyper::proto::h1::conn[0m[2m:[0m incoming body completed
[2m2025-12-10T10:16:12.516262Z[0m [34mDEBUG[0m [2mhyper::client::pool[0m[2m:[0m pooling idle connection for ("http", 192.168.0.14:8545)
[2m2025-12-10T10:16:12.516279Z[0m [34mDEBUG[0m [2mhyper::client::pool[0m[2m:[0m reuse idle connection for ("http", 192.168.0.14:8545)
[2m2025-12-10T10:16:12.516303Z[0m [34mDEBUG[0m [2mhyper::proto::h1::io[0m[2m:[0m flushed 172 bytes
[2m2025-12-10T10:16:12.521904Z[0m [34mDEBUG[0m [2mhyper::proto::h1::io[0m[2m:[0m parsed 4 headers
[2m2025-12-10T10:16:12.521925Z[0m [34mDEBUG[0m [2mhyper::proto::h1::conn[0m[2m:[0m incoming body is content-length (45 bytes)
[2m2025-12-10T10:16:12.521932Z[0m [34mDEBUG[0m [2mhyper::proto::h1::conn[0m[2m:[0m incoming body completed
[2m2025-12-10T10:16:12.521941Z[0m [34mDEBUG[0m [2mhyper::client::pool[0m[2m:[0m pooling idle connection for ("http", 192.168.0.14:8545)
[2m2025-12-10T10:16:12.521960Z[0m [34mDEBUG[0m [2mhyper::client::pool[0m[2m:[0m reuse idle connection for ("http", 192.168.0.14:8545)
[2m2025-12-10T10:16:12.521991Z[0m [34mDEBUG[0m [2mhyper::proto::h1::io[0m[2m:[0m flushed 172 bytes
[2m2025-12-10T10:16:12.527076Z[0m [34mDEBUG[0m [2mhyper::proto::h1::io[0m[2m:[0m parsed 4 headers
[2m2025-12-10T10:16:12.527100Z[0m [34mDEBUG[0m [2mhyper::proto::h1::conn[0m[2m:[0m incoming body is content-length (45 bytes)
[2m2025-12-10T10:16:12.527108Z[0m [34mDEBUG[0m [2mhyper::proto::h1::conn[0m[2m:[0m incoming body completed
[2m2025-12-10T10:16:12.527118Z[0m [34mDEBUG[0m [2mhyper::client::pool[0m[2m:[0m pooling idle connection for ("http", 192.168.0.14:8545)
[2m2025-12-10T10:16:12.527140Z[0m [34mDEBUG[0m [2mhyper::client::pool[0m[2m:[0m reuse idle connection for ("http", 192.168.0.14:8545)
[2m2025-12-10T10:16:12.527167Z[0m [34mDEBUG[0m [2mhyper::proto::h1::io[0m[2m:[0m flushed 172 bytes
[2m2025-12-10T10:16:12.532458Z[0m [34mDEBUG[0m [2mhyper::proto::h1::io[0m[2m:[0m parsed 4 headers
[2m2025-12-10T10:16:12.532474Z[0m [34mDEBUG[0m [2mhyper::proto::h1::conn[0m[2m:[0m incoming body is content-length (45 bytes)
[2m2025-12-10T10:16:12.532481Z[0m [34mDEBUG[0m [2mhyper::proto::h1::conn[0m[2m:[0m incoming body completed
[2m2025-12-10T10:16:12.532489Z[0m [34mDEBUG[0m [2mhyper::client::pool[0m[2m:[0m pooling idle connection for ("http", 192.168.0.14:8545)
[2m2025-12-10T10:16:12.532507Z[0m [34mDEBUG[0m [2mhyper::client::pool[0m[2m:[0m reuse idle connection for ("http", 192.168.0.14:8545)
[2m2025-12-10T10:16:12.532530Z[0m [34mDEBUG[0m [2mhyper::proto::h1::io[0m[2m:[0m flushed 172 bytes
[2m2025-12-10T10:16:12.538018Z[0m [34mDEBUG[0m [2mhyper::proto::h1::io[0m[2m:[0m parsed 4 headers
[2m2025-12-10T10:16:12.538058Z[0m [34mDEBUG[0m [2mhyper::proto::h1::conn[0m[2m:[0m incoming body is content-length (45 bytes)
[2m2025-12-10T10:16:12.538074Z[0m [34mDEBUG[0m [2mhyper::proto::h1::conn[0m[2m:[0m incoming body completed
[2m2025-12-10T10:16:12.538094Z[0m [34mDEBUG[0m [2mhyper::client::pool[0m[2m:[0m pooling idle connection for ("http", 192.168.0.14:8545)
[2m2025-12-10T10:16:12.538136Z[0m [34mDEBUG[0m [2mhyper::client::pool[0m[2m:[0m reuse idle connection for ("http", 192.168.0.14:8545)
[2m2025-12-10T10:16:12.538178Z[0m [34mDEBUG[0m [2mhyper::proto::h1::io[0m[2m:[0m flushed 172 bytes
[2m2025-12-10T10:16:12.543171Z[0m [34mDEBUG[0m [2mhyper::proto::h1::io[0m[2m:[0m parsed 4 headers
[2m2025-12-10T10:16:12.543194Z[0m [34mDEBUG[0m [2mhyper::proto::h1::conn[0m[2m:[0m incoming body is content-length (45 bytes)
[2m2025-12-10T10:16:12.543202Z[0m [34mDEBUG[0m [2mhyper::proto::h1::conn[0m[2m:[0m incoming body completed
[2m2025-12-10T10:16:12.543212Z[0m [34mDEBUG[0m [2mhyper::client::pool[0m[2m:[0m pooling idle connection for ("http", 192.168.0.14:8545)
[2m2025-12-10T10:16:12.543232Z[0m [34mDEBUG[0m [2mhyper::client::pool[0m[2m:[0m reuse idle connection for ("http", 192.168.0.14:8545)
[2m2025-12-10T10:16:12.543262Z[0m [34mDEBUG[0m [2mhyper::proto::h1::io[0m[2m:[0m flushed 172 bytes
[2m2025-12-10T10:16:12.547532Z[0m [34mDEBUG[0m [2mhyper::proto::h1::io[0m[2m:[0m parsed 4 headers
[2m2025-12-10T10:16:12.547547Z[0m [34mDEBUG[0m [2mhyper::proto::h1::conn[0m[2m:[0m incoming body is content-length (45 bytes)
[2m2025-12-10T10:16:12.547555Z[0m [34mDEBUG[0m [2mhyper::proto::h1::conn[0m[2m:[0m incoming body completed
[2m2025-12-10T10:16:12.547563Z[0m [34mDEBUG[0m [2mhyper::client::pool[0m[2m:[0m pooling idle connection for ("http", 192.168.0.14:8545)
[2m2025-12-10T10:16:12.547582Z[0m [34mDEBUG[0m [2mhyper::client::pool[0m[2m:[0m reuse idle connection for ("http", 192.168.0.14:8545)
[2m2025-12-10T10:16:12.547609Z[0m [34mDEBUG[0m [2mhyper::proto::h1::io[0m[2m:[0m flushed 172 bytes
[2m2025-12-10T10:16:12.551301Z[0m [34mDEBUG[0m [2mhyper::proto::h1::io[0m[2m:[0m parsed 4 headers
[2m2025-12-10T10:16:12.551310Z[0m [34mDEBUG[0m [2mhyper::proto::h1::conn[0m[2m:[0m incoming body is content-length (45 bytes)
[2m2025-12-10T10:16:12.551317Z[0m [34mDEBUG[0m [2mhyper::proto::h1::conn[0m[2m:[0m incoming body completed
[2m2025-12-10T10:16:12.551325Z[0m [34mDEBUG[0m [2mhyper::client::pool[0m[2m:[0m pooling idle connection for ("http", 192.168.0.14:8545)
[2m2025-12-10T10:16:12.551342Z[0m [34mDEBUG[0m [2mhyper::client::pool[0m[2m:[0m reuse idle connection for ("http", 192.168.0.14:8545)
[2m2025-12-10T10:16:12.551362Z[0m [34mDEBUG[0m [2mhyper::proto::h1::io[0m[2m:[0m flushed 172 bytes
[2m2025-12-10T10:16:12.556012Z[0m [34mDEBUG[0m [2mhyper::proto::h1::io[0m[2m:[0m parsed 4 headers
[2m2025-12-10T10:16:12.556018Z[0m [34mDEBUG[0m [2mhyper::proto::h1::conn[0m[2m:[0m incoming body is content-length (45 bytes)
[2m2025-12-10T10:16:12.556023Z[0m [34mDEBUG[0m [2mhyper::proto::h1::conn[0m[2m:[0m incoming body completed
[2m2025-12-10T10:16:12.556028Z[0m [34mDEBUG[0m [2mhyper::client::pool[0m[2m:[0m pooling idle connection for ("http", 192.168.0.14:8545)
[2m2025-12-10T10:16:12.556039Z[0m [34mDEBUG[0m [2mhyper::client::pool[0m[2m:[0m reuse idle connection for ("http", 192.168.0.14:8545)
[2m2025-12-10T10:16:12.556055Z[0m [34mDEBUG[0m [2mhyper::proto::h1::io[0m[2m:[0m flushed 172 bytes
[2m2025-12-10T10:16:12.560408Z[0m [34mDEBUG[0m [2mhyper::proto::h1::io[0m[2m:[0m parsed 4 headers
[2m2025-12-10T10:16:12.560449Z[0m [34mDEBUG[0m [2mhyper::proto::h1::conn[0m[2m:[0m incoming body is content-length (45 bytes)
[2m2025-12-10T10:16:12.560465Z[0m [34mDEBUG[0m [2mhyper::proto::h1::conn[0m[2m:[0m incoming body completed
[2m2025-12-10T10:16:12.560483Z[0m [34mDEBUG[0m [2mhyper::client::pool[0m[2m:[0m pooling idle connection for ("http", 192.168.0.14:8545)
[2m2025-12-10T10:16:12.560522Z[0m [34mDEBUG[0m [2mhyper::client::pool[0m[2m:[0m reuse idle connection for ("http", 192.168.0.14:8545)
[2m2025-12-10T10:16:12.560571Z[0m [34mDEBUG[0m [2mhyper::proto::h1::io[0m[2m:[0m flushed 172 bytes
[2m2025-12-10T10:16:12.564712Z[0m [34mDEBUG[0m [2mhyper::proto::h1::io[0m[2m:[0m parsed 4 headers
[2m2025-12-10T10:16:12.564746Z[0m [34mDEBUG[0m [2mhyper::proto::h1::conn[0m[2m:[0m incoming body is content-length (45 bytes)
[2m2025-12-10T10:16:12.564764Z[0m [34mDEBUG[0m [2mhyper::proto::h1::conn[0m[2m:[0m incoming body completed
[2m2025-12-10T10:16:12.564786Z[0m [34mDEBUG[0m [2mhyper::client::pool[0m[2m:[0m pooling idle connection for ("http", 192.168.0.14:8545)
[2m2025-12-10T10:16:12.564831Z[0m [34mDEBUG[0m [2mhyper::client::pool[0m[2m:[0m reuse idle connection for ("http", 192.168.0.14:8545)
[2m2025-12-10T10:16:12.564879Z[0m [34mDEBUG[0m [2mhyper::proto::h1::io[0m[2m:[0m flushed 172 bytes
[2m2025-12-10T10:16:12.570183Z[0m [34mDEBUG[0m [2mhyper::proto::h1::io[0m[2m:[0m parsed 4 headers
[2m2025-12-10T10:16:12.570195Z[0m [34mDEBUG[0m [2mhyper::proto::h1::conn[0m[2m:[0m incoming body is content-length (45 bytes)
[2m2025-12-10T10:16:12.570202Z[0m [34mDEBUG[0m [2mhyper::proto::h1::conn[0m[2m:[0m incoming body completed
[2m2025-12-10T10:16:12.570211Z[0m [34mDEBUG[0m [2mhyper::client::pool[0m[2m:[0m pooling idle connection for ("http", 192.168.0.14:8545)
[2m2025-12-10T10:16:12.570232Z[0m [34mDEBUG[0m [2mhyper::client::pool[0m[2m:[0m reuse idle connection for ("http", 192.168.0.14:8545)
[2m2025-12-10T10:16:12.570253Z[0m [34mDEBUG[0m [2mhyper::proto::h1::io[0m[2m:[0m flushed 172 bytes
[2m2025-12-10T10:16:12.574206Z[0m [34mDEBUG[0m [2mhyper::proto::h1::io[0m[2m:[0m parsed 4 headers
[2m2025-12-10T10:16:12.574212Z[0m [34mDEBUG[0m [2mhyper::proto::h1::conn[0m[2m:[0m incoming body is content-length (45 bytes)
[2m2025-12-10T10:16:12.574220Z[0m [34mDEBUG[0m [2mhyper::proto::h1::conn[0m[2m:[0m incoming body completed
[2m2025-12-10T10:16:12.574599Z[0m [34mDEBUG[0m [2mhyper::client::pool[0m[2m:[0m pooling idle connection for ("http", 192.168.0.14:8545)
[2m2025-12-10T10:16:12.574616Z[0m [34mDEBUG[0m [2mhyper::client::pool[0m[2m:[0m reuse idle connection for ("http", 192.168.0.14:8545)
[2m2025-12-10T10:16:12.574631Z[0m [34mDEBUG[0m [2mhyper::proto::h1::io[0m[2m:[0m flushed 172 bytes
[2m2025-12-10T10:16:12.578528Z[0m [34mDEBUG[0m [2mhyper::proto::h1::io[0m[2m:[0m parsed 4 headers
[2m2025-12-10T10:16:12.578561Z[0m [34mDEBUG[0m [2mhyper::proto::h1::conn[0m[2m:[0m incoming body is content-length (45 bytes)
[2m2025-12-10T10:16:12.578577Z[0m [34mDEBUG[0m [2mhyper::proto::h1::conn[0m[2m:[0m incoming body completed
[2m2025-12-10T10:16:12.578596Z[0m [34mDEBUG[0m [2mhyper::client::pool[0m[2m:[0m pooling idle connection for ("http", 192.168.0.14:8545)
[2m2025-12-10T10:16:12.578642Z[0m [34mDEBUG[0m [2mhyper::client::pool[0m[2m:[0m reuse idle connection for ("http", 192.168.0.14:8545)
[2m2025-12-10T10:16:12.578686Z[0m [34mDEBUG[0m [2mhyper::proto::h1::io[0m[2m:[0m flushed 172 bytes
[2m2025-12-10T10:16:12.582745Z[0m [34mDEBUG[0m [2mhyper::proto::h1::io[0m[2m:[0m parsed 4 headers
[2m2025-12-10T10:16:12.582759Z[0m [34mDEBUG[0m [2mhyper::proto::h1::conn[0m[2m:[0m incoming body is content-length (45 bytes)
[2m2025-12-10T10:16:12.582765Z[0m [34mDEBUG[0m [2mhyper::proto::h1::conn[0m[2m:[0m incoming body completed
[2m2025-12-10T10:16:12.582774Z[0m [34mDEBUG[0m [2mhyper::client::pool[0m[2m:[0m pooling idle connection for ("http", 192.168.0.14:8545)
[2m2025-12-10T10:16:12.582794Z[0m [34mDEBUG[0m [2mhyper::client::pool[0m[2m:[0m reuse idle connection for ("http", 192.168.0.14:8545)
[2m2025-12-10T10:16:12.582814Z[0m [34mDEBUG[0m [2mhyper::proto::h1::io[0m[2m:[0m flushed 172 bytes
[2m2025-12-10T10:16:12.592550Z[0m [34mDEBUG[0m [2mhyper::proto::h1::io[0m[2m:[0m parsed 4 headers
[2m2025-12-10T10:16:12.592571Z[0m [34mDEBUG[0m [2mhyper::proto::h1::conn[0m[2m:[0m incoming body is content-length (45 bytes)
[2m2025-12-10T10:16:12.592585Z[0m [34mDEBUG[0m [2mhyper::proto::h1::conn[0m[2m:[0m incoming body completed
[2m2025-12-10T10:16:12.592597Z[0m [34mDEBUG[0m [2mhyper::client::pool[0m[2m:[0m pooling idle connection for ("http", 192.168.0.14:8545)
[2m2025-12-10T10:16:12.592625Z[0m [34mDEBUG[0m [2mhyper::client::pool[0m[2m:[0m reuse idle connection for ("http", 192.168.0.14:8545)
[2m2025-12-10T10:16:12.592655Z[0m [34mDEBUG[0m [2mhyper::proto::h1::io[0m[2m:[0m flushed 172 bytes
[2m2025-12-10T10:16:12.597832Z[0m [34mDEBUG[0m [2mhyper::proto::h1::io[0m[2m:[0m parsed 4 headers
[2m2025-12-10T10:16:12.597841Z[0m [34mDEBUG[0m [2mhyper::proto::h1::conn[0m[2m:[0m incoming body is content-length (45 bytes)
[2m2025-12-10T10:16:12.597848Z[0m [34mDEBUG[0m [2mhyper::proto::h1::conn[0m[2m:[0m incoming body completed
[2m2025-12-10T10:16:12.597856Z[0m [34mDEBUG[0m [2mhyper::client::pool[0m[2m:[0m pooling idle connection for ("http", 192.168.0.14:8545)
[2m2025-12-10T10:16:12.597877Z[0m [34mDEBUG[0m [2mhyper::client::pool[0m[2m:[0m reuse idle connection for ("http", 192.168.0.14:8545)
[2m2025-12-10T10:16:12.597897Z[0m [34mDEBUG[0m [2mhyper::proto::h1::io[0m[2m:[0m flushed 172 bytes
[2m2025-12-10T10:16:12.604163Z[0m [34mDEBUG[0m [2mhyper::proto::h1::io[0m[2m:[0m parsed 4 headers
[2m2025-12-10T10:16:12.604170Z[0m [34mDEBUG[0m [2mhyper::proto::h1::conn[0m[2m:[0m incoming body is content-length (45 bytes)
[2m2025-12-10T10:16:12.604176Z[0m [34mDEBUG[0m [2mhyper::proto::h1::conn[0m[2m:[0m incoming body completed
[2m2025-12-10T10:16:12.604182Z[0m [34mDEBUG[0m [2mhyper::client::pool[0m[2m:[0m pooling idle connection for ("http", 192.168.0.14:8545)
[2m2025-12-10T10:16:12.604198Z[0m [34mDEBUG[0m [2mhyper::client::pool[0m[2m:[0m reuse idle connection for ("http", 192.168.0.14:8545)
[2m2025-12-10T10:16:12.604214Z[0m [34mDEBUG[0m [2mhyper::proto::h1::io[0m[2m:[0m flushed 172 bytes
[2m2025-12-10T10:16:12.608469Z[0m [34mDEBUG[0m [2mhyper::proto::h1::io[0m[2m:[0m parsed 4 headers
[2m2025-12-10T10:16:12.608479Z[0m [34mDEBUG[0m [2mhyper::proto::h1::conn[0m[2m:[0m incoming body is content-length (45 bytes)
[2m2025-12-10T10:16:12.608486Z[0m [34mDEBUG[0m [2mhyper::proto::h1::conn[0m[2m:[0m incoming body completed
[2m2025-12-10T10:16:12.608494Z[0m [34mDEBUG[0m [2mhyper::client::pool[0m[2m:[0m pooling idle connection for ("http", 192.168.0.14:8545)
[2m2025-12-10T10:16:12.608512Z[0m [34mDEBUG[0m [2mhyper::client::pool[0m[2m:[0m reuse idle connection for ("http", 192.168.0.14:8545)
[2m2025-12-10T10:16:12.608530Z[0m [34mDEBUG[0m [2mhyper::proto::h1::io[0m[2m:[0m flushed 172 bytes
[2m2025-12-10T10:16:12.614031Z[0m [34mDEBUG[0m [2mhyper::proto::h1::io[0m[2m:[0m parsed 4 headers
[2m2025-12-10T10:16:12.614074Z[0m [34mDEBUG[0m [2mhyper::proto::h1::conn[0m[2m:[0m incoming body is content-length (45 bytes)
[2m2025-12-10T10:16:12.614095Z[0m [34mDEBUG[0m [2mhyper::proto::h1::conn[0m[2m:[0m incoming body completed
[2m2025-12-10T10:16:12.614117Z[0m [34mDEBUG[0m [2mhyper::client::pool[0m[2m:[0m pooling idle connection for ("http", 192.168.0.14:8545)
[2m2025-12-10T10:16:12.614170Z[0m [34mDEBUG[0m [2mhyper::client::pool[0m[2m:[0m reuse idle connection for ("http", 192.168.0.14:8545)
[2m2025-12-10T10:16:12.614222Z[0m [34mDEBUG[0m [2mhyper::proto::h1::io[0m[2m:[0m flushed 172 bytes
[2m2025-12-10T10:16:12.620993Z[0m [34mDEBUG[0m [2mhyper::proto::h1::io[0m[2m:[0m parsed 4 headers
[2m2025-12-10T10:16:12.621011Z[0m [34mDEBUG[0m [2mhyper::proto::h1::conn[0m[2m:[0m incoming body is content-length (45 bytes)
[2m2025-12-10T10:16:12.621022Z[0m [34mDEBUG[0m [2mhyper::proto::h1::conn[0m[2m:[0m incoming body completed
[2m2025-12-10T10:16:12.621036Z[0m [34mDEBUG[0m [2mhyper::client::pool[0m[2m:[0m pooling idle connection for ("http", 192.168.0.14:8545)
[2m2025-12-10T10:16:12.621068Z[0m [34mDEBUG[0m [2mhyper::client::pool[0m[2m:[0m reuse idle connection for ("http", 192.168.0.14:8545)
[2m2025-12-10T10:16:12.621093Z[0m [34mDEBUG[0m [2mhyper::proto::h1::io[0m[2m:[0m flushed 172 bytes
[2m2025-12-10T10:16:12.628368Z[0m [34mDEBUG[0m [2mhyper::proto::h1::io[0m[2m:[0m parsed 4 headers
[2m2025-12-10T10:16:12.628437Z[0m [34mDEBUG[0m [2mhyper::proto::h1::conn[0m[2m:[0m incoming body is content-length (45 bytes)
[2m2025-12-10T10:16:12.628467Z[0m [34mDEBUG[0m [2mhyper::proto::h1::conn[0m[2m:[0m incoming body completed
[2m2025-12-10T10:16:12.628510Z[0m [34mDEBUG[0m [2mhyper::client::pool[0m[2m:[0m pooling idle connection for ("http", 192.168.0.14:8545)
[2m2025-12-10T10:16:12.628546Z[0m [34mDEBUG[0m [2mhyper::client::pool[0m[2m:[0m reuse idle connection for ("http", 192.168.0.14:8545)
[2m2025-12-10T10:16:12.628569Z[0m [34mDEBUG[0m [2mhyper::proto::h1::io[0m[2m:[0m flushed 172 bytes
[2m2025-12-10T10:16:12.633214Z[0m [34mDEBUG[0m [2mhyper::proto::h1::io[0m[2m:[0m parsed 4 headers
[2m2025-12-10T10:16:12.633249Z[0m [34mDEBUG[0m [2mhyper::proto::h1::conn[0m[2m:[0m incoming body is content-length (45 bytes)
[2m2025-12-10T10:16:12.633313Z[0m [34mDEBUG[0m [2mhyper::proto::h1::conn[0m[2m:[0m incoming body completed
[2m2025-12-10T10:16:12.633363Z[0m [34mDEBUG[0m [2mhyper::client::pool[0m[2m:[0m pooling idle connection for ("http", 192.168.0.14:8545)
[2m2025-12-10T10:16:12.633437Z[0m [34mDEBUG[0m [2mhyper::client::pool[0m[2m:[0m reuse idle connection for ("http", 192.168.0.14:8545)
[2m2025-12-10T10:16:12.633547Z[0m [34mDEBUG[0m [2mhyper::proto::h1::io[0m[2m:[0m flushed 172 bytes
[2m2025-12-10T10:16:12.637515Z[0m [34mDEBUG[0m [2mhyper::proto::h1::io[0m[2m:[0m parsed 4 headers
[2m2025-12-10T10:16:12.637531Z[0m [34mDEBUG[0m [2mhyper::proto::h1::conn[0m[2m:[0m incoming body is content-length (45 bytes)
[2m2025-12-10T10:16:12.637540Z[0m [34mDEBUG[0m [2mhyper::proto::h1::conn[0m[2m:[0m incoming body completed
[2m2025-12-10T10:16:12.637551Z[0m [34mDEBUG[0m [2mhyper::client::pool[0m[2m:[0m pooling idle connection for ("http", 192.168.0.14:8545)
[2m2025-12-10T10:16:12.637581Z[0m [34mDEBUG[0m [2mhyper::client::pool[0m[2m:[0m reuse idle connection for ("http", 192.168.0.14:8545)
[2m2025-12-10T10:16:12.637604Z[0m [34mDEBUG[0m [2mhyper::proto::h1::io[0m[2m:[0m flushed 172 bytes
[2m2025-12-10T10:16:12.641916Z[0m [34mDEBUG[0m [2mhyper::proto::h1::io[0m[2m:[0m parsed 4 headers
[2m2025-12-10T10:16:12.641951Z[0m [34mDEBUG[0m [2mhyper::proto::h1::conn[0m[2m:[0m incoming body is content-length (45 bytes)
[2m2025-12-10T10:16:12.641976Z[0m [34mDEBUG[0m [2mhyper::proto::h1::conn[0m[2m:[0m incoming body completed
[2m2025-12-10T10:16:12.642020Z[0m [34mDEBUG[0m [2mhyper::client::pool[0m[2m:[0m pooling idle connection for ("http", 192.168.0.14:8545)
[2m2025-12-10T10:16:12.642061Z[0m [34mDEBUG[0m [2mhyper::client::pool[0m[2m:[0m reuse idle connection for ("http", 192.168.0.14:8545)
[2m2025-12-10T10:16:12.642086Z[0m [34mDEBUG[0m [2mhyper::proto::h1::io[0m[2m:[0m flushed 172 bytes
[2m2025-12-10T10:16:12.647233Z[0m [34mDEBUG[0m [2mhyper::proto::h1::io[0m[2m:[0m parsed 4 headers
[2m2025-12-10T10:16:12.649826Z[0m [34mDEBUG[0m [2mhyper::proto::h1::conn[0m[2m:[0m incoming body is content-length (45 bytes)
[2m2025-12-10T10:16:12.649843Z[0m [34mDEBUG[0m [2mhyper::proto::h1::conn[0m[2m:[0m incoming body completed
[2m2025-12-10T10:16:12.649858Z[0m [34mDEBUG[0m [2mhyper::client::pool[0m[2m:[0m pooling idle connection for ("http", 192.168.0.14:8545)
[2m2025-12-10T10:16:12.649894Z[0m [34mDEBUG[0m [2mhyper::client::pool[0m[2m:[0m reuse idle connection for ("http", 192.168.0.14:8545)
[2m2025-12-10T10:16:12.649939Z[0m [34mDEBUG[0m [2mhyper::proto::h1::io[0m[2m:[0m flushed 172 bytes
[2m2025-12-10T10:16:12.652764Z[0m [34mDEBUG[0m [2mhyper::proto::h1::io[0m[2m:[0m parsed 4 headers
[2m2025-12-10T10:16:12.652849Z[0m [34mDEBUG[0m [2mhyper::proto::h1::conn[0m[2m:[0m incoming body is content-length (45 bytes)
[2m2025-12-10T10:16:12.652870Z[0m [34mDEBUG[0m [2mhyper::proto::h1::conn[0m[2m:[0m incoming body completed
[2m2025-12-10T10:16:12.652897Z[0m [34mDEBUG[0m [2mhyper::client::pool[0m[2m:[0m pooling idle connection for ("http", 192.168.0.14:8545)
[2m2025-12-10T10:16:12.652988Z[0m [34mDEBUG[0m [2mhyper::client::pool[0m[2m:[0m reuse idle connection for ("http", 192.168.0.14:8545)
[2m2025-12-10T10:16:12.653104Z[0m [34mDEBUG[0m [2mhyper::proto::h1::io[0m[2m:[0m flushed 172 bytes
[2m2025-12-10T10:16:12.657108Z[0m [34mDEBUG[0m [2mhyper::proto::h1::io[0m[2m:[0m parsed 4 headers
[2m2025-12-10T10:16:12.657127Z[0m [34mDEBUG[0m [2mhyper::proto::h1::conn[0m[2m:[0m incoming body is content-length (45 bytes)
[2m2025-12-10T10:16:12.657136Z[0m [34mDEBUG[0m [2mhyper::proto::h1::conn[0m[2m:[0m incoming body completed
[2m2025-12-10T10:16:12.657147Z[0m [34mDEBUG[0m [2mhyper::client::pool[0m[2m:[0m pooling idle connection for ("http", 192.168.0.14:8545)
[2m2025-12-10T10:16:12.657172Z[0m [34mDEBUG[0m [2mhyper::client::pool[0m[2m:[0m reuse idle connection for ("http", 192.168.0.14:8545)
[2m2025-12-10T10:16:12.657196Z[0m [34mDEBUG[0m [2mhyper::proto::h1::io[0m[2m:[0m flushed 172 bytes
[2m2025-12-10T10:16:12.667156Z[0m [34mDEBUG[0m [2mhyper::proto::h1::io[0m[2m:[0m parsed 4 headers
[2m2025-12-10T10:16:12.667165Z[0m [34mDEBUG[0m [2mhyper::proto::h1::conn[0m[2m:[0m incoming body is content-length (45 bytes)
[2m2025-12-10T10:16:12.667173Z[0m [34mDEBUG[0m [2mhyper::proto::h1::conn[0m[2m:[0m incoming body completed
[2m2025-12-10T10:16:12.667181Z[0m [34mDEBUG[0m [2mhyper::client::pool[0m[2m:[0m pooling idle connection for ("http", 192.168.0.14:8545)
[2m2025-12-10T10:16:12.667204Z[0m [34mDEBUG[0m [2mhyper::client::pool[0m[2m:[0m reuse idle connection for ("http", 192.168.0.14:8545)
[2m2025-12-10T10:16:12.667227Z[0m [34mDEBUG[0m [2mhyper::proto::h1::io[0m[2m:[0m flushed 172 bytes
[2m2025-12-10T10:16:16.001653Z[0m [34mDEBUG[0m [2mhyper::proto::h1::io[0m[2m:[0m parsed 4 headers
[2m2025-12-10T10:16:16.001682Z[0m [34mDEBUG[0m [2mhyper::proto::h1::conn[0m[2m:[0m incoming body is content-length (45 bytes)
[2m2025-12-10T10:16:16.001735Z[0m [34mDEBUG[0m [2mhyper::proto::h1::conn[0m[2m:[0m incoming body completed
[2m2025-12-10T10:16:16.001943Z[0m [34mDEBUG[0m [2mhyper::client::pool[0m[2m:[0m pooling idle connection for ("http", 192.168.0.14:8545)
[2m2025-12-10T10:16:16.004810Z[0m [34mDEBUG[0m [2mhyper::client::pool[0m[2m:[0m reuse idle connection for ("http", 192.168.0.14:8545)
[2m2025-12-10T10:16:16.004919Z[0m [34mDEBUG[0m [2mhyper::proto::h1::io[0m[2m:[0m flushed 172 bytes
[2m2025-12-10T10:16:23.023671Z[0m [34mDEBUG[0m [2mhyper::proto::h1::io[0m[2m:[0m parsed 4 headers
[2m2025-12-10T10:16:23.025011Z[0m [34mDEBUG[0m [2mhyper::proto::h1::conn[0m[2m:[0m incoming body is content-length (778 bytes)
[2m2025-12-10T10:16:23.025575Z[0m [34mDEBUG[0m [2mhyper::proto::h1::conn[0m[2m:[0m incoming body completed
[2m2025-12-10T10:16:23.025790Z[0m [34mDEBUG[0m [2mhyper::client::pool[0m[2m:[0m pooling idle connection for ("http", 192.168.0.14:8545)
[2m2025-12-10T10:16:23.025845Z[0m [34mDEBUG[0m [2methereum_transaction_pool_monitor::eth_client[0m[2m:[0m 📡 Transaction fetch RPC completed in 10.987914917s
[2m2025-12-10T10:16:23.132765Z[0m [34mDEBUG[0m [2methereum_transaction_pool_monitor::eth_client[0m[2m:[0m ✅ Transaction 0xe6ecbc156047a4b46628c43fd17ff94b6ee9b1d1897c2c56430c61320621b281 fetched and parsed in 11.094831167s
[2m2025-12-10T10:16:23.132812Z[0m [34mDEBUG[0m [2methereum_transaction_pool_monitor::mempool_monitor[0m[2m:[0m 🔍 Skipping tx 0xe6ecbc156047a4b46628c43fd17ff94b6ee9b1d1897c2c56430c61320621b281 - not a DEX interaction (target: 0x5Cf04716BA20127F1E2297AdDCf4B5035000c9eb)
[2m2025-12-10T10:16:23.132840Z[0m [34mDEBUG[0m [2methereum_transaction_pool_monitor::mempool_monitor[0m[2m:[0m 📨 Processing new pending transaction: 0xce60f9f299ca273c0bc6832c55d2f889644327595d4a3f61a4ea8ce6a02032e6
[2m2025-12-10T10:16:23.132850Z[0m [34mDEBUG[0m [2methereum_transaction_pool_monitor::mempool_monitor[0m[2m:[0m 🔍 Fetching transaction details for: 0xce60f9f299ca273c0bc6832c55d2f889644327595d4a3f61a4ea8ce6a02032e6
[2m2025-12-10T10:16:23.132854Z[0m [34mDEBUG[0m [2methereum_transaction_pool_monitor::eth_client[0m[2m:[0m 🔍 Fetching transaction details for hash: 0xce60f9f299ca273c0bc6832c55d2f889644327595d4a3f61a4ea8ce6a02032e6
[2m2025-12-10T10:16:23.132888Z[0m [34mDEBUG[0m [2mhyper::client::pool[0m[2m:[0m reuse idle connection for ("http", 192.168.0.14:8545)
[2m2025-12-10T10:16:23.133010Z[0m [34mDEBUG[0m [2mhyper::proto::h1::io[0m[2m:[0m flushed 250 bytes
[2m2025-12-10T10:16:23.133050Z[0m [34mDEBUG[0m [2methereum_transaction_pool_monitor::eth_client[0m[2m:[0m 📨 Received WebSocket message: {"jsonrpc":"2.0","method":"eth_subscription","params":{"subscription":"0xbed0a0851463e895960a451075a301a9","result":"0xce44da6741d3a339d7cc485577f1bcfafa16d3d12647a278026b3f93afae8f7d"}}
[2m2025-12-10T10:16:23.133060Z[0m [34mDEBUG[0m [2methereum_transaction_pool_monitor::eth_client[0m[2m:[0m 📨 Received pending transaction: 0xce44da6741d3a339d7cc485577f1bcfafa16d3d12647a278026b3f93afae8f7d
[2m2025-12-10T10:16:23.133070Z[0m [32m INFO[0m [2methereum_transaction_pool_monitor::eth_client[0m[2m:[0m 📊 WebSocket stats - Total: 5026 transactions, Rate: 10.0 tx/s
[2m2025-12-10T10:16:23.133081Z[0m [34mDEBUG[0m [2methereum_transaction_pool_monitor::eth_client[0m[2m:[0m 📨 Received WebSocket message: {"jsonrpc":"2.0","method":"eth_subscription","params":{"subscription":"0xbed0a0851463e895960a451075a301a9","result":"0xb46c1f274b3d38db137a54b7bec6922c173a126bb468638ecaea11869a6fefd8"}}
[2m2025-12-10T10:16:23.133229Z[0m [34mDEBUG[0m [2methereum_transaction_pool_monitor::eth_client[0m[2m:[0m 📨 Received pending transaction: 0xb46c1f274b3d38db137a54b7bec6922c173a126bb468638ecaea11869a6fefd8
[2m2025-12-10T10:16:25.154650Z[0m [34mDEBUG[0m [2methereum_transaction_pool_monitor::eth_client[0m[2m:[0m 📨 Received WebSocket message: {"jsonrpc":"2.0","method":"eth_subscription","params":{"subscription":"0xbed0a0851463e895960a451075a301a9","result":"0x290d5e51ee3a3750c6bf695ef9876711baa9ed299c2fbd8ab049462b40fdc91c"}}
[2m2025-12-10T10:16:25.154711Z[0m [34mDEBUG[0m [2methereum_transaction_pool_monitor::eth_client[0m[2m:[0m 📨 Received pending transaction: 0x290d5e51ee3a3750c6bf695ef9876711baa9ed299c2fbd8ab049462b40fdc91c
[2m2025-12-10T10:16:25.154721Z[0m [34mDEBUG[0m [2methereum_transaction_pool_monitor::eth_client[0m[2m:[0m 📨 Received WebSocket message: {"jsonrpc":"2.0","method":"eth_subscription","params":{"subscription":"0xbed0a0851463e895960a451075a301a9","result":"0x6b8a3b562a53c542b4f7992c000c61129e458490c9ab8f5c68f6647d2ec8d546"}}
[2m2025-12-10T10:16:25.154728Z[0m [34mDEBUG[0m [2methereum_transaction_pool_monitor::eth_client[0m[2m:[0m 📨 Received pending transaction: 0x6b8a3b562a53c542b4f7992c000c61129e458490c9ab8f5c68f6647d2ec8d546
[2m2025-12-10T10:16:25.256511Z[0m [34mDEBUG[0m [2mhyper::proto::h1::io[0m[2m:[0m parsed 4 headers
[2m2025-12-10T10:16:25.256550Z[0m [34mDEBUG[0m [2mhyper::proto::h1::conn[0m[2m:[0m incoming body is content-length (45 bytes)
[2m2025-12-10T10:16:25.256573Z[0m [34mDEBUG[0m [2mhyper::proto::h1::conn[0m[2m:[0m incoming body completed
[2m2025-12-10T10:16:25.256628Z[0m [34mDEBUG[0m [2mhyper::client::pool[0m[2m:[0m pooling idle connection for ("http", 192.168.0.14:8545)
[2m2025-12-10T10:16:25.256719Z[0m [34mDEBUG[0m [2mhyper::client::pool[0m[2m:[0m reuse idle connection for ("http", 192.168.0.14:8545)
[2m2025-12-10T10:16:25.256788Z[0m [34mDEBUG[0m [2mhyper::proto::h1::io[0m[2m:[0m flushed 172 bytes
[2m2025-12-10T10:16:27.972948Z[0m [34mDEBUG[0m [2mhyper::proto::h1::io[0m[2m:[0m parsed 4 headers
[2m2025-12-10T10:16:28.068407Z[0m [34mDEBUG[0m [2mhyper::proto::h1::conn[0m[2m:[0m incoming body is content-length (830 bytes)
[2m2025-12-10T10:16:28.068645Z[0m [34mDEBUG[0m [2mhyper::proto::h1::conn[0m[2m:[0m incoming body completed
[2m2025-12-10T10:16:28.069068Z[0m [34mDEBUG[0m [2mhyper::client::pool[0m[2m:[0m pooling idle connection for ("http", 192.168.0.14:8545)
[2m2025-12-10T10:16:28.069228Z[0m [34mDEBUG[0m [2methereum_transaction_pool_monitor::eth_client[0m[2m:[0m 📡 Transaction fetch RPC completed in 4.93632275s
[2m2025-12-10T10:16:28.348453Z[0m [34mDEBUG[0m [2methereum_transaction_pool_monitor::eth_client[0m[2m:[0m ✅ Transaction 0xce60f9f299ca273c0bc6832c55d2f889644327595d4a3f61a4ea8ce6a02032e6 fetched and parsed in 5.215541542s
[2m2025-12-10T10:16:28.348506Z[0m [34mDEBUG[0m [2methereum_transaction_pool_monitor::mempool_monitor[0m[2m:[0m 🔍 Skipping tx 0xce60f9f299ca273c0bc6832c55d2f889644327595d4a3f61a4ea8ce6a02032e6 - not a DEX interaction (target: 0x3B4D794a66304F130a4Db8F2551B0070dfCf5ca7)
[2m2025-12-10T10:16:28.348525Z[0m [34mDEBUG[0m [2methereum_transaction_pool_monitor::mempool_monitor[0m[2m:[0m 📨 Processing new pending transaction: 0xf7bd2f3de58ce24db4bd83124a1007f3f4501faaeef47de9f27df0d60b0ef4e4
[2m2025-12-10T10:16:28.348536Z[0m [34mDEBUG[0m [2methereum_transaction_pool_monitor::mempool_monitor[0m[2m:[0m 🔍 Fetching transaction details for: 0xf7bd2f3de58ce24db4bd83124a1007f3f4501faaeef47de9f27df0d60b0ef4e4
[2m2025-12-10T10:16:28.348542Z[0m [34mDEBUG[0m [2methereum_transaction_pool_monitor::eth_client[0m[2m:[0m 🔍 Fetching transaction details for hash: 0xf7bd2f3de58ce24db4bd83124a1007f3f4501faaeef47de9f27df0d60b0ef4e4
[2m2025-12-10T10:16:28.348570Z[0m [34mDEBUG[0m [2mhyper::client::pool[0m[2m:[0m reuse idle connection for ("http", 192.168.0.14:8545)
[2m2025-12-10T10:16:28.348691Z[0m [34mDEBUG[0m [2mhyper::proto::h1::io[0m[2m:[0m flushed 250 bytes
[2m2025-12-10T10:16:28.348744Z[0m [32m INFO[0m [2methereum_transaction_pool_monitor::bot_runner[0m[2m:[0m 🤖 MEV Bot Stats | Uptime: 0.1h | Opportunities: 0 | Bundles: 0/0 (0.0%) | Profit: 0.0000 ETH | Rate: 0.00/h
[2m2025-12-10T10:16:28.531149Z[0m [34mDEBUG[0m [2mhyper::proto::h1::io[0m[2m:[0m parsed 4 headers
[2m2025-12-10T10:16:28.531184Z[0m [34mDEBUG[0m [2mhyper::proto::h1::conn[0m[2m:[0m incoming body is content-length (45 bytes)
[2m2025-12-10T10:16:28.531199Z[0m [34mDEBUG[0m [2mhyper::proto::h1::conn[0m[2m:[0m incoming body completed
[2m2025-12-10T10:16:28.531220Z[0m [34mDEBUG[0m [2mhyper::client::pool[0m[2m:[0m pooling idle connection for ("http", 192.168.0.14:8545)
[2m2025-12-10T10:16:28.531263Z[0m [34mDEBUG[0m [2mhyper::client::pool[0m[2m:[0m reuse idle connection for ("http", 192.168.0.14:8545)
[2m2025-12-10T10:16:28.531318Z[0m [34mDEBUG[0m [2mhyper::proto::h1::io[0m[2m:[0m flushed 172 bytes
[2m2025-12-10T10:16:28.533495Z[0m [34mDEBUG[0m [2methereum_transaction_pool_monitor::eth_client[0m[2m:[0m 📨 Received WebSocket message: {"jsonrpc":"2.0","method":"eth_subscription","params":{"subscription":"0xbed0a0851463e895960a451075a301a9","result":"0xaf82896032c9303a4528ee0ccac6ff1cc1d35906ea97d6f817cdb1645c48c879"}}
[2m2025-12-10T10:16:28.533510Z[0m [34mDEBUG[0m [2methereum_transaction_pool_monitor::eth_client[0m[2m:[0m 📨 Received pending transaction: 0xaf82896032c9303a4528ee0ccac6ff1cc1d35906ea97d6f817cdb1645c48c879
[2m2025-12-10T10:16:28.828624Z[0m [34mDEBUG[0m [2methereum_transaction_pool_monitor::eth_client[0m[2m:[0m 📨 Received WebSocket message: {"jsonrpc":"2.0","method":"eth_subscription","params":{"subscription":"0xbed0a0851463e895960a451075a301a9","result":"0x2d30b29cc5a2b2eaa08e71db9c4af6b997f583c615a542437e78f82a2aa736ff"}}
[2m2025-12-10T10:16:28.828759Z[0m [34mDEBUG[0m [2methereum_transaction_pool_monitor::eth_client[0m[2m:[0m 📨 Received pending transaction: 0x2d30b29cc5a2b2eaa08e71db9c4af6b997f583c615a542437e78f82a2aa736ff
[2m2025-12-10T10:16:28.828773Z[0m [34mDEBUG[0m [2methereum_transaction_pool_monitor::eth_client[0m[2m:[0m 📨 Received WebSocket message: {"jsonrpc":"2.0","method":"eth_subscription","params":{"subscription":"0xbed0a0851463e895960a451075a301a9","result":"0xbdbd4f02b609b31d0b292e7ad55a51d56e16819fc7f2060ff4cbe9a01034ef1c"}}
[2m2025-12-10T10:16:28.828786Z[0m [34mDEBUG[0m [2methereum_transaction_pool_monitor::eth_client[0m[2m:[0m 📨 Received pending transaction: 0xbdbd4f02b609b31d0b292e7ad55a51d56e16819fc7f2060ff4cbe9a01034ef1c
[2m2025-12-10T10:16:28.828792Z[0m [34mDEBUG[0m [2methereum_transaction_pool_monitor::eth_client[0m[2m:[0m 📨 Received WebSocket message: {"jsonrpc":"2.0","method":"eth_subscription","params":{"subscription":"0xbed0a0851463e895960a451075a301a9","result":"0x694ecc215c8a901f2aee3441fb461a0e5c87e47c54826833d16ac04784b519f0"}}
[2m2025-12-10T10:16:28.836366Z[0m [34mDEBUG[0m [2methereum_transaction_pool_monitor::eth_client[0m[2m:[0m 📨 Received pending transaction: 0x694ecc215c8a901f2aee3441fb461a0e5c87e47c54826833d16ac04784b519f0
[2m2025-12-10T10:16:28.836622Z[0m [34mDEBUG[0m [2mhyper::proto::h1::io[0m[2m:[0m parsed 4 headers
[2m2025-12-10T10:16:28.836641Z[0m [34mDEBUG[0m [2mhyper::proto::h1::conn[0m[2m:[0m incoming body is content-length (1227 bytes)
[2m2025-12-10T10:16:28.836660Z[0m [34mDEBUG[0m [2mhyper::proto::h1::conn[0m[2m:[0m incoming body completed
[2m2025-12-10T10:16:28.836688Z[0m [34mDEBUG[0m [2mhyper::client::pool[0m[2m:[0m pooling idle connection for ("http", 192.168.0.14:8545)
[2m2025-12-10T10:16:28.836716Z[0m [34mDEBUG[0m [2methereum_transaction_pool_monitor::eth_client[0m[2m:[0m 📡 Transaction fetch RPC completed in 488.165041ms
[2m2025-12-10T10:16:28.838078Z[0m [34mDEBUG[0m [2mhyper::proto::h1::io[0m[2m:[0m parsed 4 headers
[2m2025-12-10T10:16:28.838095Z[0m [34mDEBUG[0m [2mhyper::proto::h1::conn[0m[2m:[0m incoming body is content-length (45 bytes)
[2m2025-12-10T10:16:28.838108Z[0m [34mDEBUG[0m [2mhyper::proto::h1::conn[0m[2m:[0m incoming body completed
[2m2025-12-10T10:16:28.838128Z[0m [34mDEBUG[0m [2mhyper::client::pool[0m[2m:[0m pooling idle connection for ("http", 192.168.0.14:8545)
[2m2025-12-10T10:16:28.839655Z[0m [34mDEBUG[0m [2mhyper::client::pool[0m[2m:[0m reuse idle connection for ("http", 192.168.0.14:8545)
[2m2025-12-10T10:16:28.840037Z[0m [34mDEBUG[0m [2mhyper::proto::h1::io[0m[2m:[0m flushed 172 bytes
[2m2025-12-10T10:16:29.011206Z[0m [34mDEBUG[0m [2methereum_transaction_pool_monitor::eth_client[0m[2m:[0m 📨 Received WebSocket message: {"jsonrpc":"2.0","method":"eth_subscription","params":{"subscription":"0xbed0a0851463e895960a451075a301a9","result":"0xc6908d9014f69c5d6ed531b7dc73fbfe079c8ab18c4187927f4618dd3e88f18f"}}
[2m2025-12-10T10:16:29.011247Z[0m [34mDEBUG[0m [2methereum_transaction_pool_monitor::eth_client[0m[2m:[0m 📨 Received pending transaction: 0xc6908d9014f69c5d6ed531b7dc73fbfe079c8ab18c4187927f4618dd3e88f18f
[2m2025-12-10T10:16:29.012339Z[0m [34mDEBUG[0m [2methereum_transaction_pool_monitor::eth_client[0m[2m:[0m 📨 Received WebSocket message: {"jsonrpc":"2.0","method":"eth_subscription","params":{"subscription":"0xbed0a0851463e895960a451075a301a9","result":"0xc4bb9d04da48352863d1ddbffab23498e8382735b9c27b8517c0d9118c9ded26"}}
[2m2025-12-10T10:16:29.012377Z[0m [34mDEBUG[0m [2methereum_transaction_pool_monitor::eth_client[0m[2m:[0m 📨 Received pending transaction: 0xc4bb9d04da48352863d1ddbffab23498e8382735b9c27b8517c0d9118c9ded26
[2m2025-12-10T10:16:29.012647Z[0m [34mDEBUG[0m [2mhyper::proto::h1::io[0m[2m:[0m parsed 4 headers
[2m2025-12-10T10:16:29.012657Z[0m [34mDEBUG[0m [2mhyper::proto::h1::conn[0m[2m:[0m incoming body is content-length (45 bytes)
[2m2025-12-10T10:16:29.012669Z[0m [34mDEBUG[0m [2mhyper::proto::h1::conn[0m[2m:[0m incoming body completed
[2m2025-12-10T10:16:29.012695Z[0m [34mDEBUG[0m [2mhyper::client::pool[0m[2m:[0m pooling idle connection for ("http", 192.168.0.14:8545)
[2m2025-12-10T10:16:29.013754Z[0m [34mDEBUG[0m [2mhyper::client::pool[0m[2m:[0m reuse idle connection for ("http", 192.168.0.14:8545)
[2m2025-12-10T10:16:29.013903Z[0m [34mDEBUG[0m [2mhyper::proto::h1::io[0m[2m:[0m flushed 172 bytes
[2m2025-12-10T10:16:29.045542Z[0m [34mDEBUG[0m [2methereum_transaction_pool_monitor::eth_client[0m[2m:[0m 📨 Received WebSocket message: {"jsonrpc":"2.0","method":"eth_subscription","params":{"subscription":"0xbed0a0851463e895960a451075a301a9","result":"0x41601fbfc33155abe6d50a9e63f67e62e97217b9f2c2eaedd46636b70522fc40"}}
[2m2025-12-10T10:16:29.045580Z[0m [34mDEBUG[0m [2methereum_transaction_pool_monitor::eth_client[0m[2m:[0m 📨 Received pending transaction: 0x41601fbfc33155abe6d50a9e63f67e62e97217b9f2c2eaedd46636b70522fc40
[2m2025-12-10T10:16:29.045587Z[0m [34mDEBUG[0m [2methereum_transaction_pool_monitor::eth_client[0m[2m:[0m 📨 Received WebSocket message: {"jsonrpc":"2.0","method":"eth_subscription","params":{"subscription":"0xbed0a0851463e895960a451075a301a9","result":"0x1e992d556ba04fe7bb0b3b69784f12063a6d7300945ceebfbb8f30399ed6d002"}}
[2m2025-12-10T10:16:29.045593Z[0m [34mDEBUG[0m [2methereum_transaction_pool_monitor::eth_client[0m[2m:[0m 📨 Received pending transaction: 0x1e992d556ba04fe7bb0b3b69784f12063a6d7300945ceebfbb8f30399ed6d002
[2m2025-12-10T10:16:29.045598Z[0m [34mDEBUG[0m [2methereum_transaction_pool_monitor::eth_client[0m[2m:[0m 📨 Received WebSocket message: {"jsonrpc":"2.0","method":"eth_subscription","params":{"subscription":"0xbed0a0851463e895960a451075a301a9","result":"0x2f9030b00fa9f1cf1551164de2302c2fd7342acabbaa56706b04dc39575c0841"}}
[2m2025-12-10T10:16:29.045603Z[0m [34mDEBUG[0m [2methereum_transaction_pool_monitor::eth_client[0m[2m:[0m 📨 Received pending transaction: 0x2f9030b00fa9f1cf1551164de2302c2fd7342acabbaa56706b04dc39575c0841
[2m2025-12-10T10:16:29.045608Z[0m [34mDEBUG[0m [2methereum_transaction_pool_monitor::eth_client[0m[2m:[0m 📨 Received WebSocket message: {"jsonrpc":"2.0","method":"eth_subscription","params":{"subscription":"0xbed0a0851463e895960a451075a301a9","result":"0x25b4016d82c4e593f6379d15e332bf540c5a93f57ebb7d108bf1acbe6692dcca"}}
[2m2025-12-10T10:16:29.045613Z[0m [34mDEBUG[0m [2methereum_transaction_pool_monitor::eth_client[0m[2m:[0m 📨 Received pending transaction: 0x25b4016d82c4e593f6379d15e332bf540c5a93f57ebb7d108bf1acbe6692dcca
[2m2025-12-10T10:16:29.045635Z[0m [34mDEBUG[0m [2mhyper::proto::h1::io[0m[2m:[0m parsed 4 headers
[2m2025-12-10T10:16:29.045648Z[0m [34mDEBUG[0m [2mhyper::proto::h1::conn[0m[2m:[0m incoming body is content-length (45 bytes)
[2m2025-12-10T10:16:29.045658Z[0m [34mDEBUG[0m [2mhyper::proto::h1::conn[0m[2m:[0m incoming body completed
[2m2025-12-10T10:16:29.045679Z[0m [34mDEBUG[0m [2mhyper::client::pool[0m[2m:[0m pooling idle connection for ("http", 192.168.0.14:8545)
[2m2025-12-10T10:16:29.045729Z[0m [34mDEBUG[0m [2mhyper::client::pool[0m[2m:[0m reuse idle connection for ("http", 192.168.0.14:8545)
[2m2025-12-10T10:16:29.045758Z[0m [34mDEBUG[0m [2mhyper::proto::h1::io[0m[2m:[0m flushed 172 bytes
[2m2025-12-10T10:16:29.066153Z[0m [34mDEBUG[0m [2methereum_transaction_pool_monitor::eth_client[0m[2m:[0m 📨 Received WebSocket message: {"jsonrpc":"2.0","method":"eth_subscription","params":{"subscription":"0xbed0a0851463e895960a451075a301a9","result":"0x1218fe26f9d2cfaa615eb1c7e232945c14a8b5671d83a4a95fbfe47f8d8eb87e"}}
[2m2025-12-10T10:16:29.066179Z[0m [34mDEBUG[0m [2methereum_transaction_pool_monitor::eth_client[0m[2m:[0m 📨 Received pending transaction: 0x1218fe26f9d2cfaa615eb1c7e232945c14a8b5671d83a4a95fbfe47f8d8eb87e
[2m2025-12-10T10:16:29.066187Z[0m [34mDEBUG[0m [2methereum_transaction_pool_monitor::eth_client[0m[2m:[0m 📨 Received WebSocket message: {"jsonrpc":"2.0","method":"eth_subscription","params":{"subscription":"0xbed0a0851463e895960a451075a301a9","result":"0xd7d3d0c56b85d95cce51b84259499c5d802ce87243e51fd2dadde79d95b90d64"}}
[2m2025-12-10T10:16:29.066193Z[0m [34mDEBUG[0m [2methereum_transaction_pool_monitor::eth_client[0m[2m:[0m 📨 Received pending transaction: 0xd7d3d0c56b85d95cce51b84259499c5d802ce87243e51fd2dadde79d95b90d64
[2m2025-12-10T10:16:29.066198Z[0m [34mDEBUG[0m [2methereum_transaction_pool_monitor::eth_client[0m[2m:[0m 📨 Received WebSocket message: {"jsonrpc":"2.0","method":"eth_subscription","params":{"subscription":"0xbed0a0851463e895960a451075a301a9","result":"0xc33f62ce479872c75fe4ab41de2753dbf9b189635106ce84b1aa4e258b02574e"}}
[2m2025-12-10T10:16:29.066203Z[0m [34mDEBUG[0m [2methereum_transaction_pool_monitor::eth_client[0m[2m:[0m 📨 Received pending transaction: 0xc33f62ce479872c75fe4ab41de2753dbf9b189635106ce84b1aa4e258b02574e
[2m2025-12-10T10:16:29.066207Z[0m [34mDEBUG[0m [2methereum_transaction_pool_monitor::eth_client[0m[2m:[0m 📨 Received WebSocket message: {"jsonrpc":"2.0","method":"eth_subscription","params":{"subscription":"0xbed0a0851463e895960a451075a301a9","result":"0xa6c534166e75b76f7687549ac1481907f74f2b7dd9d28be53e6ddf671fe22c5c"}}
[2m2025-12-10T10:16:29.066213Z[0m [34mDEBUG[0m [2methereum_transaction_pool_monitor::eth_client[0m[2m:[0m 📨 Received pending transaction: 0xa6c534166e75b76f7687549ac1481907f74f2b7dd9d28be53e6ddf671fe22c5c
[2m2025-12-10T10:16:29.067340Z[0m [34mDEBUG[0m [2mhyper::proto::h1::io[0m[2m:[0m parsed 4 headers
[2m2025-12-10T10:16:29.067395Z[0m [34mDEBUG[0m [2mhyper::proto::h1::conn[0m[2m:[0m incoming body is content-length (45 bytes)
[2m2025-12-10T10:16:29.067507Z[0m [34mDEBUG[0m [2mhyper::proto::h1::conn[0m[2m:[0m incoming body completed
[2m2025-12-10T10:16:29.067596Z[0m [34mDEBUG[0m [2mhyper::client::pool[0m[2m:[0m pooling idle connection for ("http", 192.168.0.14:8545)
[2m2025-12-10T10:16:29.067655Z[0m [34mDEBUG[0m [2mhyper::client::pool[0m[2m:[0m reuse idle connection for ("http", 192.168.0.14:8545)
[2m2025-12-10T10:16:29.067925Z[0m [34mDEBUG[0m [2mhyper::proto::h1::io[0m[2m:[0m flushed 172 bytes
[2m2025-12-10T10:16:29.133838Z[0m [34mDEBUG[0m [2methereum_transaction_pool_monitor::eth_client[0m[2m:[0m ✅ Transaction 0xf7bd2f3de58ce24db4bd83124a1007f3f4501faaeef47de9f27df0d60b0ef4e4 fetched and parsed in 785.282708ms
[2m2025-12-10T10:16:29.133873Z[0m [34mDEBUG[0m [2methereum_transaction_pool_monitor::mempool_monitor[0m[2m:[0m 🔍 Skipping tx 0xf7bd2f3de58ce24db4bd83124a1007f3f4501faaeef47de9f27df0d60b0ef4e4 - not a DEX interaction (target: 0x4Dbd4fc535Ac27206064B68FfCf827b0A60BAB3f)
[2m2025-12-10T10:16:29.133886Z[0m [34mDEBUG[0m [2methereum_transaction_pool_monitor::mempool_monitor[0m[2m:[0m 📨 Processing new pending transaction: 0x86a60494c863a20dc8b22b14b38584ac8b4ad3a3432fc0bd954fb0f1740c93bb
[2m2025-12-10T10:16:29.133892Z[0m [34mDEBUG[0m [2methereum_transaction_pool_monitor::mempool_monitor[0m[2m:[0m 🔍 Fetching transaction details for: 0x86a60494c863a20dc8b22b14b38584ac8b4ad3a3432fc0bd954fb0f1740c93bb
[2m2025-12-10T10:16:29.133896Z[0m [34mDEBUG[0m [2methereum_transaction_pool_monitor::eth_client[0m[2m:[0m 🔍 Fetching transaction details for hash: 0x86a60494c863a20dc8b22b14b38584ac8b4ad3a3432fc0bd954fb0f1740c93bb
[2m2025-12-10T10:16:29.133919Z[0m [34mDEBUG[0m [2mhyper::client::pool[0m[2m:[0m reuse idle connection for ("http", 192.168.0.14:8545)
[2m2025-12-10T10:16:29.133982Z[0m [34mDEBUG[0m [2mhyper::proto::h1::io[0m[2m:[0m flushed 250 bytes
[2m2025-12-10T10:16:29.162515Z[0m [34mDEBUG[0m [2mhyper::proto::h1::io[0m[2m:[0m parsed 4 headers
[2m2025-12-10T10:16:29.162546Z[0m [34mDEBUG[0m [2mhyper::proto::h1::conn[0m[2m:[0m incoming body is content-length (45 bytes)
[2m2025-12-10T10:16:29.162555Z[0m [34mDEBUG[0m [2mhyper::proto::h1::conn[0m[2m:[0m incoming body completed
[2m2025-12-10T10:16:29.162569Z[0m [34mDEBUG[0m [2mhyper::client::pool[0m[2m:[0m pooling idle connection for ("http", 192.168.0.14:8545)
[2m2025-12-10T10:16:29.162599Z[0m [34mDEBUG[0m [2mhyper::client::pool[0m[2m:[0m reuse idle connection for ("http", 192.168.0.14:8545)
[2m2025-12-10T10:16:29.162637Z[0m [34mDEBUG[0m [2mhyper::proto::h1::io[0m[2m:[0m flushed 172 bytes
[2m2025-12-10T10:16:29.162666Z[0m [34mDEBUG[0m [2methereum_transaction_pool_monitor::eth_client[0m[2m:[0m 📨 Received WebSocket message: {"jsonrpc":"2.0","method":"eth_subscription","params":{"subscription":"0xbed0a0851463e895960a451075a301a9","result":"0x529aec05588772c6617cebe7dc3f3cd41a8ecb01533f46a31c9eb3c0e93b81ad"}}
[2m2025-12-10T10:16:29.162698Z[0m [34mDEBUG[0m [2methereum_transaction_pool_monitor::eth_client[0m[2m:[0m 📨 Received pending transaction: 0x529aec05588772c6617cebe7dc3f3cd41a8ecb01533f46a31c9eb3c0e93b81ad
[2m2025-12-10T10:16:29.162715Z[0m [34mDEBUG[0m [2methereum_transaction_pool_monitor::eth_client[0m[2m:[0m 📨 Received WebSocket message: {"jsonrpc":"2.0","method":"eth_subscription","params":{"subscription":"0xbed0a0851463e895960a451075a301a9","result":"0x06d93a689ccde742bbf4e46110ae9a59d0fd54eed67f18e5799e4aa8aafe87ad"}}
[2m2025-12-10T10:16:29.162729Z[0m [34mDEBUG[0m [2methereum_transaction_pool_monitor::eth_client[0m[2m:[0m 📨 Received pending transaction: 0x06d93a689ccde742bbf4e46110ae9a59d0fd54eed67f18e5799e4aa8aafe87ad
[2m2025-12-10T10:16:29.162742Z[0m [34mDEBUG[0m [2methereum_transaction_pool_monitor::eth_client[0m[2m:[0m 📨 Received WebSocket message: {"jsonrpc":"2.0","method":"eth_subscription","params":{"subscription":"0xbed0a0851463e895960a451075a301a9","result":"0x3ec3cce7f32808fe3225e8dbf13d0e1c0e173908ee6e7f90125f14de8997d665"}}
[2m2025-12-10T10:16:29.162754Z[0m [34mDEBUG[0m [2methereum_transaction_pool_monitor::eth_client[0m[2m:[0m 📨 Received pending transaction: 0x3ec3cce7f32808fe3225e8dbf13d0e1c0e173908ee6e7f90125f14de8997d665
[2m2025-12-10T10:16:29.278134Z[0m [34mDEBUG[0m [2mhyper::proto::h1::io[0m[2m:[0m parsed 4 headers
[2m2025-12-10T10:16:29.278158Z[0m [34mDEBUG[0m [2mhyper::proto::h1::conn[0m[2m:[0m incoming body is content-length (771 bytes)
[2m2025-12-10T10:16:29.278168Z[0m [34mDEBUG[0m [2mhyper::proto::h1::conn[0m[2m:[0m incoming body completed
[2m2025-12-10T10:16:29.278182Z[0m [34mDEBUG[0m [2mhyper::client::pool[0m[2m:[0m pooling idle connection for ("http", 192.168.0.14:8545)
[2m2025-12-10T10:16:29.278192Z[0m [34mDEBUG[0m [2methereum_transaction_pool_monitor::eth_client[0m[2m:[0m 📡 Transaction fetch RPC completed in 144.289625ms
[2m2025-12-10T10:16:29.507629Z[0m [34mDEBUG[0m [2methereum_transaction_pool_monitor::eth_client[0m[2m:[0m ✅ Transaction 0x86a60494c863a20dc8b22b14b38584ac8b4ad3a3432fc0bd954fb0f1740c93bb fetched and parsed in 373.719792ms
[2m2025-12-10T10:16:29.507696Z[0m [34mDEBUG[0m [2methereum_transaction_pool_monitor::mempool_monitor[0m[2m:[0m 🔍 Skipping tx 0x86a60494c863a20dc8b22b14b38584ac8b4ad3a3432fc0bd954fb0f1740c93bb - not a DEX interaction (target: 0xB8f28C60dD8240141185a192fa4156A23E189305)
[2m2025-12-10T10:16:29.507716Z[0m [34mDEBUG[0m [2methereum_transaction_pool_monitor::mempool_monitor[0m[2m:[0m 📨 Processing new pending transaction: 0x1a933eabd78d5244479e54ac36fc0df3aea1ee5873335513fd6ac8d8862ebf95
[2m2025-12-10T10:16:29.507728Z[0m [34mDEBUG[0m [2methereum_transaction_pool_monitor::mempool_monitor[0m[2m:[0m 🔍 Fetching transaction details for: 0x1a933eabd78d5244479e54ac36fc0df3aea1ee5873335513fd6ac8d8862ebf95
[2m2025-12-10T10:16:29.507741Z[0m [34mDEBUG[0m [2methereum_transaction_pool_monitor::eth_client[0m[2m:[0m 🔍 Fetching transaction details for hash: 0x1a933eabd78d5244479e54ac36fc0df3aea1ee5873335513fd6ac8d8862ebf95
[2m2025-12-10T10:16:29.507781Z[0m [34mDEBUG[0m [2mhyper::client::pool[0m[2m:[0m reuse idle connection for ("http", 192.168.0.14:8545)
[2m2025-12-10T10:16:29.507896Z[0m [34mDEBUG[0m [2mhyper::proto::h1::io[0m[2m:[0m flushed 250 bytes
[2m2025-12-10T10:16:29.507935Z[0m [34mDEBUG[0m [2methereum_transaction_pool_monitor::eth_client[0m[2m:[0m 📨 Received WebSocket message: {"jsonrpc":"2.0","method":"eth_subscription","params":{"subscription":"0xbed0a0851463e895960a451075a301a9","result":"0x30fbdabbbdbc69aa89338fc929b6f95495946ce08a4b936e7228771fce1f5184"}}
[2m2025-12-10T10:16:29.507952Z[0m [34mDEBUG[0m [2methereum_transaction_pool_monitor::eth_client[0m[2m:[0m 📨 Received pending transaction: 0x30fbdabbbdbc69aa89338fc929b6f95495946ce08a4b936e7228771fce1f5184
[2m2025-12-10T10:16:29.507965Z[0m [34mDEBUG[0m [2methereum_transaction_pool_monitor::eth_client[0m[2m:[0m 📨 Received WebSocket message: {"jsonrpc":"2.0","method":"eth_subscription","params":{"subscription":"0xbed0a0851463e895960a451075a301a9","result":"0xc24f8418da9b852994b223d73e367a794d5bf6d3ddcad8a0a316061a8251da54"}}
[2m2025-12-10T10:16:29.507978Z[0m [34mDEBUG[0m [2methereum_transaction_pool_monitor::eth_client[0m[2m:[0m 📨 Received pending transaction: 0xc24f8418da9b852994b223d73e367a794d5bf6d3ddcad8a0a316061a8251da54
[2m2025-12-10T10:16:29.507982Z[0m [34mDEBUG[0m [2mhyper::proto::h1::io[0m[2m:[0m parsed 4 headers
[2m2025-12-10T10:16:29.507989Z[0m [34mDEBUG[0m [2methereum_transaction_pool_monitor::eth_client[0m[2m:[0m 📨 Received WebSocket message: {"jsonrpc":"2.0","method":"eth_subscription","params":{"subscription":"0xbed0a0851463e895960a451075a301a9","result":"0x92b6ff214b25e8ffc31f4c03f4233df7a3700e6d37c7c2e2aa58addfa28b8d24"}}
[2m2025-12-10T10:16:29.508007Z[0m [34mDEBUG[0m [2mhyper::proto::h1::conn[0m[2m:[0m incoming body is content-length (45 bytes)
[2m2025-12-10T10:16:29.508019Z[0m [34mDEBUG[0m [2methereum_transaction_pool_monitor::eth_client[0m[2m:[0m 📨 Received pending transaction: 0x92b6ff214b25e8ffc31f4c03f4233df7a3700e6d37c7c2e2aa58addfa28b8d24
[2m2025-12-10T10:16:29.508036Z[0m [34mDEBUG[0m [2mhyper::proto::h1::conn[0m[2m:[0m incoming body completed
[2m2025-12-10T10:16:29.508058Z[0m [34mDEBUG[0m [2mhyper::client::pool[0m[2m:[0m pooling idle connection for ("http", 192.168.0.14:8545)
[2m2025-12-10T10:16:29.508040Z[0m [34mDEBUG[0m [2methereum_transaction_pool_monitor::eth_client[0m[2m:[0m 📨 Received WebSocket message: {"jsonrpc":"2.0","method":"eth_subscription","params":{"subscription":"0xbed0a0851463e895960a451075a301a9","result":"0x57b2583d6b52918232164eb9b40498629823f3fe961e1c8e258796cf82ffdd6c"}}
[2m2025-12-10T10:16:29.508095Z[0m [34mDEBUG[0m [2mhyper::client::pool[0m[2m:[0m reuse idle connection for ("http", 192.168.0.14:8545)
[2m2025-12-10T10:16:29.508133Z[0m [34mDEBUG[0m [2methereum_transaction_pool_monitor::eth_client[0m[2m:[0m 📨 Received pending transaction: 0x57b2583d6b52918232164eb9b40498629823f3fe961e1c8e258796cf82ffdd6c
[2m2025-12-10T10:16:29.508187Z[0m [34mDEBUG[0m [2mhyper::proto::h1::io[0m[2m:[0m flushed 172 bytes
[2m2025-12-10T10:16:29.599272Z[0m [34mDEBUG[0m [2mhyper::proto::h1::io[0m[2m:[0m parsed 4 headers
[2m2025-12-10T10:16:29.599322Z[0m [34mDEBUG[0m [2mhyper::proto::h1::conn[0m[2m:[0m incoming body is content-length (45 bytes)
[2m2025-12-10T10:16:29.599342Z[0m [34mDEBUG[0m [2mhyper::proto::h1::conn[0m[2m:[0m incoming body completed
[2m2025-12-10T10:16:29.599367Z[0m [34mDEBUG[0m [2mhyper::client::pool[0m[2m:[0m pooling idle connection for ("http", 192.168.0.14:8545)
[2m2025-12-10T10:16:29.599418Z[0m [34mDEBUG[0m [2mhyper::client::pool[0m[2m:[0m reuse idle connection for ("http", 192.168.0.14:8545)
[2m2025-12-10T10:16:29.599488Z[0m [34mDEBUG[0m [2mhyper::proto::h1::io[0m[2m:[0m flushed 172 bytes
[2m2025-12-10T10:16:29.599511Z[0m [34mDEBUG[0m [2methereum_transaction_pool_monitor::eth_client[0m[2m:[0m 📨 Received WebSocket message: {"jsonrpc":"2.0","method":"eth_subscription","params":{"subscription":"0xbed0a0851463e895960a451075a301a9","result":"0x00ccc085fa0409f4af989965e585223b9350da3ef5b5d3ae6521e78377cffef5"}}
[2m2025-12-10T10:16:29.599527Z[0m [34mDEBUG[0m [2methereum_transaction_pool_monitor::eth_client[0m[2m:[0m 📨 Received pending transaction: 0x00ccc085fa0409f4af989965e585223b9350da3ef5b5d3ae6521e78377cffef5
[2m2025-12-10T10:16:30.234642Z[0m [34mDEBUG[0m [2mhyper::proto::h1::io[0m[2m:[0m parsed 4 headers
[2m2025-12-10T10:16:30.235069Z[0m [34mDEBUG[0m [2mhyper::proto::h1::conn[0m[2m:[0m incoming body is content-length (830 bytes)
[2m2025-12-10T10:16:30.235278Z[0m [34mDEBUG[0m [2mhyper::proto::h1::conn[0m[2m:[0m incoming body completed
[2m2025-12-10T10:16:30.235561Z[0m [34mDEBUG[0m [2mhyper::client::pool[0m[2m:[0m pooling idle connection for ("http", 192.168.0.14:8545)
[2m2025-12-10T10:16:30.235665Z[0m [34mDEBUG[0m [2methereum_transaction_pool_monitor::eth_client[0m[2m:[0m 📡 Transaction fetch RPC completed in 727.905375ms
[2m2025-12-10T10:16:30.440170Z[0m [34mDEBUG[0m [2methereum_transaction_pool_monitor::eth_client[0m[2m:[0m ✅ Transaction 0x1a933eabd78d5244479e54ac36fc0df3aea1ee5873335513fd6ac8d8862ebf95 fetched and parsed in 932.405875ms
[2m2025-12-10T10:16:30.440219Z[0m [34mDEBUG[0m [2methereum_transaction_pool_monitor::mempool_monitor[0m[2m:[0m 🔍 Skipping tx 0x1a933eabd78d5244479e54ac36fc0df3aea1ee5873335513fd6ac8d8862ebf95 - not a DEX interaction (target: 0x7a01AB844767469e321109D0b465ABaF1E774d26)
[2m2025-12-10T10:16:30.440240Z[0m [34mDEBUG[0m [2methereum_transaction_pool_monitor::mempool_monitor[0m[2m:[0m 📨 Processing new pending transaction: 0xc54ddb55ec082162fa642b21a0c3f41eca0bab91dde7f32d08a68dfae946cc06
[2m2025-12-10T10:16:30.440247Z[0m [34mDEBUG[0m [2methereum_transaction_pool_monitor::mempool_monitor[0m[2m:[0m 🔍 Fetching transaction details for: 0xc54ddb55ec082162fa642b21a0c3f41eca0bab91dde7f32d08a68dfae946cc06
[2m2025-12-10T10:16:30.440251Z[0m [34mDEBUG[0m [2methereum_transaction_pool_monitor::eth_client[0m[2m:[0m 🔍 Fetching transaction details for hash: 0xc54ddb55ec082162fa642b21a0c3f41eca0bab91dde7f32d08a68dfae946cc06
[2m2025-12-10T10:16:30.440277Z[0m [34mDEBUG[0m [2mhyper::client::pool[0m[2m:[0m reuse idle connection for ("http", 192.168.0.14:8545)
[2m2025-12-10T10:16:30.440367Z[0m [34mDEBUG[0m [2mhyper::proto::h1::io[0m[2m:[0m flushed 250 bytes
[2m2025-12-10T10:16:30.440406Z[0m [34mDEBUG[0m [2methereum_transaction_pool_monitor::eth_client[0m[2m:[0m 📨 Received WebSocket message: {"jsonrpc":"2.0","method":"eth_subscription","params":{"subscription":"0xbed0a0851463e895960a451075a301a9","result":"0xf65f6bda02ad4d9b877cb064c616192f0f08724a62193334aa6f8bd2da394a85"}}
[2m2025-12-10T10:16:30.440415Z[0m [34mDEBUG[0m [2methereum_transaction_pool_monitor::eth_client[0m[2m:[0m 📨 Received pending transaction: 0xf65f6bda02ad4d9b877cb064c616192f0f08724a62193334aa6f8bd2da394a85
[2m2025-12-10T10:16:30.440433Z[0m [34mDEBUG[0m [2mhyper::proto::h1::io[0m[2m:[0m parsed 4 headers
[2m2025-12-10T10:16:30.440471Z[0m [34mDEBUG[0m [2mhyper::proto::h1::conn[0m[2m:[0m incoming body is content-length (45 bytes)
[2m2025-12-10T10:16:30.440489Z[0m [34mDEBUG[0m [2mhyper::proto::h1::conn[0m[2m:[0m incoming body completed
[2m2025-12-10T10:16:30.440509Z[0m [34mDEBUG[0m [2mhyper::client::pool[0m[2m:[0m pooling idle connection for ("http", 192.168.0.14:8545)
[2m2025-12-10T10:16:30.440554Z[0m [34mDEBUG[0m [2mhyper::client::pool[0m[2m:[0m reuse idle connection for ("http", 192.168.0.14:8545)
[2m2025-12-10T10:16:30.440627Z[0m [34mDEBUG[0m [2mhyper::proto::h1::io[0m[2m:[0m flushed 172 bytes
[2m2025-12-10T10:16:58.100701Z[0m [32m INFO[0m [2methereum_transaction_pool_monitor::bot_runner[0m[2m:[0m 🤖 MEV Bot Stats | Uptime: 0.2h | Opportunities: 0 | Bundles: 0/0 (0.0%) | Profit: 0.0000 ETH | Rate: 0.00/h
[2m2025-12-10T10:17:28.101446Z[0m [32m INFO[0m [2methereum_transaction_pool_monitor::bot_runner[0m[2m:[0m 🤖 MEV Bot Stats | Uptime: 0.2h | Opportunities: 0 | Bundles: 0/0 (0.0%) | Profit: 0.0000 ETH | Rate: 0.00/h
[2m2025-12-10T10:17:58.111627Z[0m [32m INFO[0m [2methereum_transaction_pool_monitor::bot_runner[0m[2m:[0m 🤖 MEV Bot Stats | Uptime: 0.2h | Opportunities: 0 | Bundles: 0/0 (0.0%) | Profit: 0.0000 ETH | Rate: 0.00/h
[2m2025-12-10T10:18:28.160642Z[0m [32m INFO[0m [2methereum_transaction_pool_monitor::bot_runner[0m[2m:[0m 🤖 MEV Bot Stats | Uptime: 0.2h | Opportunities: 0 | Bundles: 0/0 (0.0%) | Profit: 0.0000 ETH | Rate: 0.00/h
[2m2025-12-10T10:18:58.719449Z[0m [34mDEBUG[0m [2mhyper::proto::h1::io[0m[2m:[0m parsed 4 headers
[2m2025-12-10T10:18:58.816379Z[0m [34mDEBUG[0m [2mhyper::proto::h1::conn[0m[2m:[0m incoming body is content-length (655 bytes)
[2m2025-12-10T10:18:58.822394Z[0m [34mDEBUG[0m [2mhyper::proto::h1::conn[0m[2m:[0m incoming body completed
[2m2025-12-10T10:18:58.826580Z[0m [34mDEBUG[0m [2mhyper::client::pool[0m[2m:[0m pooling idle connection for ("http", 192.168.0.14:8545)
[2m2025-12-10T10:18:58.827787Z[0m [34mDEBUG[0m [2methereum_transaction_pool_monitor::eth_client[0m[2m:[0m 📡 Transaction fetch RPC completed in 148.387567125s
[2m2025-12-10T10:19:03.788054Z[0m [34mDEBUG[0m [2methereum_transaction_pool_monitor::eth_client[0m[2m:[0m ✅ Transaction 0xc54ddb55ec082162fa642b21a0c3f41eca0bab91dde7f32d08a68dfae946cc06 fetched and parsed in 153.320035958s
[2m2025-12-10T10:19:03.991399Z[0m [34mDEBUG[0m [2methereum_transaction_pool_monitor::mempool_monitor[0m[2m:[0m 🔍 Skipping tx 0xc54ddb55ec082162fa642b21a0c3f41eca0bab91dde7f32d08a68dfae946cc06 - not a DEX interaction (target: 0x766aBa73036B59f8e5d2420f59C741A49dF99dBA)
[2m2025-12-10T10:19:03.997470Z[0m [34mDEBUG[0m [2methereum_transaction_pool_monitor::mempool_monitor[0m[2m:[0m 📨 Processing new pending transaction: 0x2baef258882b197ef6745d7a9e6b61a83064f44952d891af14db4ca3a83ab126
[2m2025-12-10T10:19:03.999095Z[0m [34mDEBUG[0m [2methereum_transaction_pool_monitor::mempool_monitor[0m[2m:[0m 🔍 Fetching transaction details for: 0x2baef258882b197ef6745d7a9e6b61a83064f44952d891af14db4ca3a83ab126
[2m2025-12-10T10:19:03.999157Z[0m [34mDEBUG[0m [2methereum_transaction_pool_monitor::eth_client[0m[2m:[0m 🔍 Fetching transaction details for hash: 0x2baef258882b197ef6745d7a9e6b61a83064f44952d891af14db4ca3a83ab126
[2m2025-12-10T10:19:04.018501Z[0m [34mDEBUG[0m [2mhyper::client::pool[0m[2m:[0m reuse idle connection for ("http", 192.168.0.14:8545)
[2m2025-12-10T10:19:04.022754Z[0m [34mDEBUG[0m [2mhyper::proto::h1::io[0m[2m:[0m flushed 250 bytes
[2m2025-12-10T10:19:04.023624Z[0m [32m INFO[0m [2methereum_transaction_pool_monitor::bot_runner[0m[2m:[0m 🤖 MEV Bot Stats | Uptime: 0.2h | Opportunities: 0 | Bundles: 0/0 (0.0%) | Profit: 0.0000 ETH | Rate: 0.00/h
[2m2025-12-10T10:19:04.046023Z[0m [34mDEBUG[0m [2mhyper::proto::h1::io[0m[2m:[0m parsed 4 headers
[2m2025-12-10T10:19:04.046052Z[0m [34mDEBUG[0m [2mhyper::proto::h1::conn[0m[2m:[0m incoming body is content-length (1804 bytes)
[2m2025-12-10T10:19:04.046586Z[0m [34mDEBUG[0m [2methereum_transaction_pool_monitor::eth_client[0m[2m:[0m 📡 Transaction fetch RPC completed in 47.2355ms
[2m2025-12-10T10:19:04.046865Z[0m [34mDEBUG[0m [2mhyper::proto::h1::conn[0m[2m:[0m incoming body completed
[2m2025-12-10T10:19:04.047081Z[0m [34mDEBUG[0m [2mhyper::client::pool[0m[2m:[0m pooling idle connection for ("http", 192.168.0.14:8545)
[2m2025-12-10T10:19:04.199598Z[0m [34mDEBUG[0m [2mhyper::proto::h1::io[0m[2m:[0m parsed 4 headers
[2m2025-12-10T10:19:04.199629Z[0m [34mDEBUG[0m [2mhyper::proto::h1::conn[0m[2m:[0m incoming body is content-length (45 bytes)
[2m2025-12-10T10:19:04.215581Z[0m [34mDEBUG[0m [2mhyper::proto::h1::conn[0m[2m:[0m incoming body completed
[2m2025-12-10T10:19:04.215813Z[0m [34mDEBUG[0m [2mhyper::client::pool[0m[2m:[0m pooling idle connection for ("http", 192.168.0.14:8545)
[2m2025-12-10T10:19:04.215913Z[0m [34mDEBUG[0m [2mhyper::client::pool[0m[2m:[0m reuse idle connection for ("http", 192.168.0.14:8545)
[2m2025-12-10T10:19:04.215992Z[0m [34mDEBUG[0m [2mhyper::proto::h1::io[0m[2m:[0m flushed 172 bytes
[2m2025-12-10T10:19:04.223002Z[0m [34mDEBUG[0m [2mhyper::proto::h1::io[0m[2m:[0m parsed 4 headers
[2m2025-12-10T10:19:04.223039Z[0m [34mDEBUG[0m [2mhyper::proto::h1::conn[0m[2m:[0m incoming body is content-length (45 bytes)
[2m2025-12-10T10:19:04.223072Z[0m [34mDEBUG[0m [2mhyper::proto::h1::conn[0m[2m:[0m incoming body completed
[2m2025-12-10T10:19:04.223143Z[0m [34mDEBUG[0m [2mhyper::client::pool[0m[2m:[0m pooling idle connection for ("http", 192.168.0.14:8545)
[2m2025-12-10T10:19:04.223198Z[0m [34mDEBUG[0m [2mhyper::client::pool[0m[2m:[0m reuse idle connection for ("http", 192.168.0.14:8545)
[2m2025-12-10T10:19:04.223264Z[0m [34mDEBUG[0m [2mhyper::proto::h1::io[0m[2m:[0m flushed 172 bytes
[2m2025-12-10T10:19:04.226584Z[0m [34mDEBUG[0m [2mhyper::proto::h1::io[0m[2m:[0m parsed 4 headers
[2m2025-12-10T10:19:04.226591Z[0m [34mDEBUG[0m [2mhyper::proto::h1::conn[0m[2m:[0m incoming body is content-length (45 bytes)
[2m2025-12-10T10:19:04.226598Z[0m [34mDEBUG[0m [2mhyper::proto::h1::conn[0m[2m:[0m incoming body completed
[2m2025-12-10T10:19:04.226605Z[0m [34mDEBUG[0m [2mhyper::client::pool[0m[2m:[0m pooling idle connection for ("http", 192.168.0.14:8545)
[2m2025-12-10T10:19:04.226620Z[0m [34mDEBUG[0m [2mhyper::client::pool[0m[2m:[0m reuse idle connection for ("http", 192.168.0.14:8545)
[2m2025-12-10T10:19:04.226643Z[0m [34mDEBUG[0m [2mhyper::proto::h1::io[0m[2m:[0m flushed 172 bytes
[2m2025-12-10T10:19:04.230325Z[0m [34mDEBUG[0m [2mhyper::proto::h1::io[0m[2m:[0m parsed 4 headers
[2m2025-12-10T10:19:04.230332Z[0m [34mDEBUG[0m [2mhyper::proto::h1::conn[0m[2m:[0m incoming body is content-length (45 bytes)
[2m2025-12-10T10:19:04.230337Z[0m [34mDEBUG[0m [2mhyper::proto::h1::conn[0m[2m:[0m incoming body completed
[2m2025-12-10T10:19:04.230343Z[0m [34mDEBUG[0m [2mhyper::client::pool[0m[2m:[0m pooling idle connection for ("http", 192.168.0.14:8545)
[2m2025-12-10T10:19:04.230355Z[0m [34mDEBUG[0m [2mhyper::client::pool[0m[2m:[0m reuse idle connection for ("http", 192.168.0.14:8545)
[2m2025-12-10T10:19:04.230373Z[0m [34mDEBUG[0m [2mhyper::proto::h1::io[0m[2m:[0m flushed 172 bytes
[2m2025-12-10T10:19:04.234230Z[0m [34mDEBUG[0m [2mhyper::proto::h1::io[0m[2m:[0m parsed 4 headers
[2m2025-12-10T10:19:04.234257Z[0m [34mDEBUG[0m [2mhyper::proto::h1::conn[0m[2m:[0m incoming body is content-length (45 bytes)
[2m2025-12-10T10:19:04.234269Z[0m [34mDEBUG[0m [2mhyper::proto::h1::conn[0m[2m:[0m incoming body completed
[2m2025-12-10T10:19:04.234282Z[0m [34mDEBUG[0m [2mhyper::client::pool[0m[2m:[0m pooling idle connection for ("http", 192.168.0.14:8545)
[2m2025-12-10T10:19:04.234311Z[0m [34mDEBUG[0m [2mhyper::client::pool[0m[2m:[0m reuse idle connection for ("http", 192.168.0.14:8545)
[2m2025-12-10T10:19:04.234422Z[0m [34mDEBUG[0m [2mhyper::proto::h1::io[0m[2m:[0m flushed 172 bytes
[2m2025-12-10T10:19:04.238569Z[0m [34mDEBUG[0m [2mhyper::proto::h1::io[0m[2m:[0m parsed 4 headers
[2m2025-12-10T10:19:04.238585Z[0m [34mDEBUG[0m [2mhyper::proto::h1::conn[0m[2m:[0m incoming body is content-length (45 bytes)
[2m2025-12-10T10:19:04.238593Z[0m [34mDEBUG[0m [2mhyper::proto::h1::conn[0m[2m:[0m incoming body completed
[2m2025-12-10T10:19:04.238602Z[0m [34mDEBUG[0m [2mhyper::client::pool[0m[2m:[0m pooling idle connection for ("http", 192.168.0.14:8545)
[2m2025-12-10T10:19:04.238623Z[0m [34mDEBUG[0m [2mhyper::client::pool[0m[2m:[0m reuse idle connection for ("http", 192.168.0.14:8545)
[2m2025-12-10T10:19:04.238652Z[0m [34mDEBUG[0m [2mhyper::proto::h1::io[0m[2m:[0m flushed 172 bytes
[2m2025-12-10T10:19:04.243212Z[0m [34mDEBUG[0m [2mhyper::proto::h1::io[0m[2m:[0m parsed 4 headers
[2m2025-12-10T10:19:04.243219Z[0m [34mDEBUG[0m [2mhyper::proto::h1::conn[0m[2m:[0m incoming body is content-length (45 bytes)
[2m2025-12-10T10:19:04.243225Z[0m [34mDEBUG[0m [2mhyper::proto::h1::conn[0m[2m:[0m incoming body completed
[2m2025-12-10T10:19:04.243231Z[0m [34mDEBUG[0m [2mhyper::client::pool[0m[2m:[0m pooling idle connection for ("http", 192.168.0.14:8545)
[2m2025-12-10T10:19:04.243247Z[0m [34mDEBUG[0m [2mhyper::client::pool[0m[2m:[0m reuse idle connection for ("http", 192.168.0.14:8545)
[2m2025-12-10T10:19:04.243269Z[0m [34mDEBUG[0m [2mhyper::proto::h1::io[0m[2m:[0m flushed 172 bytes
[2m2025-12-10T10:19:04.247583Z[0m [34mDEBUG[0m [2mhyper::proto::h1::io[0m[2m:[0m parsed 4 headers
[2m2025-12-10T10:19:04.247592Z[0m [34mDEBUG[0m [2mhyper::proto::h1::conn[0m[2m:[0m incoming body is content-length (45 bytes)
[2m2025-12-10T10:19:04.247671Z[0m [34mDEBUG[0m [2mhyper::proto::h1::conn[0m[2m:[0m incoming body completed
[2m2025-12-10T10:19:04.247681Z[0m [34mDEBUG[0m [2mhyper::client::pool[0m[2m:[0m pooling idle connection for ("http", 192.168.0.14:8545)
[2m2025-12-10T10:19:04.247700Z[0m [34mDEBUG[0m [2mhyper::client::pool[0m[2m:[0m reuse idle connection for ("http", 192.168.0.14:8545)
[2m2025-12-10T10:19:04.247728Z[0m [34mDEBUG[0m [2mhyper::proto::h1::io[0m[2m:[0m flushed 172 bytes
[2m2025-12-10T10:19:04.251327Z[0m [34mDEBUG[0m [2mhyper::proto::h1::io[0m[2m:[0m parsed 4 headers
[2m2025-12-10T10:19:04.251334Z[0m [34mDEBUG[0m [2mhyper::proto::h1::conn[0m[2m:[0m incoming body is content-length (45 bytes)
[2m2025-12-10T10:19:04.251340Z[0m [34mDEBUG[0m [2mhyper::proto::h1::conn[0m[2m:[0m incoming body completed
[2m2025-12-10T10:19:04.251345Z[0m [34mDEBUG[0m [2mhyper::client::pool[0m[2m:[0m pooling idle connection for ("http", 192.168.0.14:8545)
[2m2025-12-10T10:19:04.251357Z[0m [34mDEBUG[0m [2mhyper::client::pool[0m[2m:[0m reuse idle connection for ("http", 192.168.0.14:8545)
[2m2025-12-10T10:19:04.251375Z[0m [34mDEBUG[0m [2mhyper::proto::h1::io[0m[2m:[0m flushed 172 bytes
[2m2025-12-10T10:19:04.255530Z[0m [34mDEBUG[0m [2mhyper::proto::h1::io[0m[2m:[0m parsed 4 headers
[2m2025-12-10T10:19:04.255537Z[0m [34mDEBUG[0m [2mhyper::proto::h1::conn[0m[2m:[0m incoming body is content-length (45 bytes)
[2m2025-12-10T10:19:04.255543Z[0m [34mDEBUG[0m [2mhyper::proto::h1::conn[0m[2m:[0m incoming body completed
[2m2025-12-10T10:19:04.255548Z[0m [34mDEBUG[0m [2mhyper::client::pool[0m[2m:[0m pooling idle connection for ("http", 192.168.0.14:8545)
[2m2025-12-10T10:19:04.255560Z[0m [34mDEBUG[0m [2mhyper::client::pool[0m[2m:[0m reuse idle connection for ("http", 192.168.0.14:8545)
[2m2025-12-10T10:19:04.255578Z[0m [34mDEBUG[0m [2mhyper::proto::h1::io[0m[2m:[0m flushed 172 bytes
[2m2025-12-10T10:19:04.260034Z[0m [34mDEBUG[0m [2mhyper::proto::h1::io[0m[2m:[0m parsed 4 headers
[2m2025-12-10T10:19:04.260042Z[0m [34mDEBUG[0m [2mhyper::proto::h1::conn[0m[2m:[0m incoming body is content-length (45 bytes)
[2m2025-12-10T10:19:04.260047Z[0m [34mDEBUG[0m [2mhyper::proto::h1::conn[0m[2m:[0m incoming body completed
[2m2025-12-10T10:19:04.260054Z[0m [34mDEBUG[0m [2mhyper::client::pool[0m[2m:[0m pooling idle connection for ("http", 192.168.0.14:8545)
[2m2025-12-10T10:19:04.260065Z[0m [34mDEBUG[0m [2mhyper::client::pool[0m[2m:[0m reuse idle connection for ("http", 192.168.0.14:8545)
[2m2025-12-10T10:19:04.260082Z[0m [34mDEBUG[0m [2mhyper::proto::h1::io[0m[2m:[0m flushed 172 bytes
[2m2025-12-10T10:19:04.264176Z[0m [34mDEBUG[0m [2mhyper::proto::h1::io[0m[2m:[0m parsed 4 headers
[2m2025-12-10T10:19:04.264184Z[0m [34mDEBUG[0m [2mhyper::proto::h1::conn[0m[2m:[0m incoming body is content-length (45 bytes)
[2m2025-12-10T10:19:04.264189Z[0m [34mDEBUG[0m [2mhyper::proto::h1::conn[0m[2m:[0m incoming body completed
[2m2025-12-10T10:19:04.264194Z[0m [34mDEBUG[0m [2mhyper::client::pool[0m[2m:[0m pooling idle connection for ("http", 192.168.0.14:8545)
[2m2025-12-10T10:19:04.264204Z[0m [34mDEBUG[0m [2mhyper::client::pool[0m[2m:[0m reuse idle connection for ("http", 192.168.0.14:8545)
[2m2025-12-10T10:19:04.264246Z[0m [34mDEBUG[0m [2mhyper::proto::h1::io[0m[2m:[0m flushed 172 bytes
[2m2025-12-10T10:19:04.270701Z[0m [34mDEBUG[0m [2mhyper::proto::h1::io[0m[2m:[0m parsed 4 headers
[2m2025-12-10T10:19:04.270743Z[0m [34mDEBUG[0m [2mhyper::proto::h1::conn[0m[2m:[0m incoming body is content-length (45 bytes)
[2m2025-12-10T10:19:04.270778Z[0m [34mDEBUG[0m [2mhyper::proto::h1::conn[0m[2m:[0m incoming body completed
[2m2025-12-10T10:19:04.270786Z[0m [34mDEBUG[0m [2mhyper::client::pool[0m[2m:[0m pooling idle connection for ("http", 192.168.0.14:8545)
[2m2025-12-10T10:19:04.270833Z[0m [34mDEBUG[0m [2mhyper::client::pool[0m[2m:[0m reuse idle connection for ("http", 192.168.0.14:8545)
[2m2025-12-10T10:19:04.270876Z[0m [34mDEBUG[0m [2mhyper::proto::h1::io[0m[2m:[0m flushed 172 bytes
[2m2025-12-10T10:19:04.274311Z[0m [34mDEBUG[0m [2mhyper::proto::h1::io[0m[2m:[0m parsed 4 headers
[2m2025-12-10T10:19:04.274353Z[0m [34mDEBUG[0m [2mhyper::proto::h1::conn[0m[2m:[0m incoming body is content-length (45 bytes)
[2m2025-12-10T10:19:04.274372Z[0m [34mDEBUG[0m [2mhyper::proto::h1::conn[0m[2m:[0m incoming body completed
[2m2025-12-10T10:19:04.274394Z[0m [34mDEBUG[0m [2mhyper::client::pool[0m[2m:[0m pooling idle connection for ("http", 192.168.0.14:8545)
[2m2025-12-10T10:19:04.274483Z[0m [34mDEBUG[0m [2mhyper::client::pool[0m[2m:[0m reuse idle connection for ("http", 192.168.0.14:8545)
[2m2025-12-10T10:19:04.274545Z[0m [34mDEBUG[0m [2mhyper::proto::h1::io[0m[2m:[0m flushed 172 bytes
[2m2025-12-10T10:19:04.277886Z[0m [34mDEBUG[0m [2mhyper::proto::h1::io[0m[2m:[0m parsed 4 headers
[2m2025-12-10T10:19:04.277947Z[0m [34mDEBUG[0m [2mhyper::proto::h1::conn[0m[2m:[0m incoming body is content-length (45 bytes)
[2m2025-12-10T10:19:04.277969Z[0m [34mDEBUG[0m [2mhyper::proto::h1::conn[0m[2m:[0m incoming body completed
[2m2025-12-10T10:19:04.277980Z[0m [34mDEBUG[0m [2mhyper::client::pool[0m[2m:[0m pooling idle connection for ("http", 192.168.0.14:8545)
[2m2025-12-10T10:19:04.278005Z[0m [34mDEBUG[0m [2mhyper::client::pool[0m[2m:[0m reuse idle connection for ("http", 192.168.0.14:8545)
[2m2025-12-10T10:19:04.278037Z[0m [34mDEBUG[0m [2mhyper::proto::h1::io[0m[2m:[0m flushed 172 bytes
[2m2025-12-10T10:19:04.281725Z[0m [34mDEBUG[0m [2mhyper::proto::h1::io[0m[2m:[0m parsed 4 headers
[2m2025-12-10T10:19:04.282904Z[0m [34mDEBUG[0m [2mhyper::proto::h1::conn[0m[2m:[0m incoming body is content-length (45 bytes)
[2m2025-12-10T10:19:04.282918Z[0m [34mDEBUG[0m [2mhyper::proto::h1::conn[0m[2m:[0m incoming body completed
[2m2025-12-10T10:19:04.282931Z[0m [34mDEBUG[0m [2mhyper::client::pool[0m[2m:[0m pooling idle connection for ("http", 192.168.0.14:8545)
[2m2025-12-10T10:19:04.282957Z[0m [34mDEBUG[0m [2mhyper::client::pool[0m[2m:[0m reuse idle connection for ("http", 192.168.0.14:8545)
[2m2025-12-10T10:19:04.282997Z[0m [34mDEBUG[0m [2mhyper::proto::h1::io[0m[2m:[0m flushed 172 bytes
[2m2025-12-10T10:19:04.289493Z[0m [34mDEBUG[0m [2mhyper::proto::h1::io[0m[2m:[0m parsed 4 headers
[2m2025-12-10T10:19:04.289507Z[0m [34mDEBUG[0m [2mhyper::proto::h1::conn[0m[2m:[0m incoming body is content-length (45 bytes)
[2m2025-12-10T10:19:04.289513Z[0m [34mDEBUG[0m [2mhyper::proto::h1::conn[0m[2m:[0m incoming body completed
[2m2025-12-10T10:19:04.289605Z[0m [34mDEBUG[0m [2mhyper::client::pool[0m[2m:[0m pooling idle connection for ("http", 192.168.0.14:8545)
[2m2025-12-10T10:19:04.289662Z[0m [34mDEBUG[0m [2mhyper::client::pool[0m[2m:[0m reuse idle connection for ("http", 192.168.0.14:8545)
[2m2025-12-10T10:19:04.289714Z[0m [34mDEBUG[0m [2mhyper::proto::h1::io[0m[2m:[0m flushed 172 bytes
[2m2025-12-10T10:19:04.297169Z[0m [34mDEBUG[0m [2mhyper::proto::h1::io[0m[2m:[0m parsed 4 headers
[2m2025-12-10T10:19:04.297245Z[0m [34mDEBUG[0m [2mhyper::proto::h1::conn[0m[2m:[0m incoming body is content-length (45 bytes)
[2m2025-12-10T10:19:04.297289Z[0m [34mDEBUG[0m [2mhyper::proto::h1::conn[0m[2m:[0m incoming body completed
[2m2025-12-10T10:19:04.297315Z[0m [34mDEBUG[0m [2mhyper::client::pool[0m[2m:[0m pooling idle connection for ("http", 192.168.0.14:8545)
[2m2025-12-10T10:19:04.297454Z[0m [34mDEBUG[0m [2mhyper::client::pool[0m[2m:[0m reuse idle connection for ("http", 192.168.0.14:8545)
[2m2025-12-10T10:19:04.297529Z[0m [34mDEBUG[0m [2mhyper::proto::h1::io[0m[2m:[0m flushed 172 bytes
[2m2025-12-10T10:19:04.302584Z[0m [34mDEBUG[0m [2mhyper::proto::h1::io[0m[2m:[0m parsed 4 headers
[2m2025-12-10T10:19:04.302606Z[0m [34mDEBUG[0m [2mhyper::proto::h1::conn[0m[2m:[0m incoming body is content-length (45 bytes)
[2m2025-12-10T10:19:04.302629Z[0m [34mDEBUG[0m [2mhyper::proto::h1::conn[0m[2m:[0m incoming body completed
[2m2025-12-10T10:19:04.302641Z[0m [34mDEBUG[0m [2mhyper::client::pool[0m[2m:[0m pooling idle connection for ("http", 192.168.0.14:8545)
[2m2025-12-10T10:19:04.302666Z[0m [34mDEBUG[0m [2mhyper::client::pool[0m[2m:[0m reuse idle connection for ("http", 192.168.0.14:8545)
[2m2025-12-10T10:19:04.302699Z[0m [34mDEBUG[0m [2mhyper::proto::h1::io[0m[2m:[0m flushed 172 bytes
[2m2025-12-10T10:19:04.308963Z[0m [34mDEBUG[0m [2mhyper::proto::h1::io[0m[2m:[0m parsed 4 headers
[2m2025-12-10T10:19:04.309010Z[0m [34mDEBUG[0m [2mhyper::proto::h1::conn[0m[2m:[0m incoming body is content-length (45 bytes)
[2m2025-12-10T10:19:04.309019Z[0m [34mDEBUG[0m [2mhyper::proto::h1::conn[0m[2m:[0m incoming body completed
[2m2025-12-10T10:19:04.309031Z[0m [34mDEBUG[0m [2mhyper::client::pool[0m[2m:[0m pooling idle connection for ("http", 192.168.0.14:8545)
[2m2025-12-10T10:19:04.309101Z[0m [34mDEBUG[0m [2mhyper::client::pool[0m[2m:[0m reuse idle connection for ("http", 192.168.0.14:8545)
[2m2025-12-10T10:19:04.309181Z[0m [34mDEBUG[0m [2mhyper::proto::h1::io[0m[2m:[0m flushed 172 bytes
[2m2025-12-10T10:19:04.313197Z[0m [34mDEBUG[0m [2mhyper::proto::h1::io[0m[2m:[0m parsed 4 headers
[2m2025-12-10T10:19:04.317514Z[0m [34mDEBUG[0m [2mhyper::proto::h1::conn[0m[2m:[0m incoming body is content-length (45 bytes)
[2m2025-12-10T10:19:04.317858Z[0m [34mDEBUG[0m [2mhyper::proto::h1::conn[0m[2m:[0m incoming body completed
[2m2025-12-10T10:19:04.317932Z[0m [34mDEBUG[0m [2mhyper::client::pool[0m[2m:[0m pooling idle connection for ("http", 192.168.0.14:8545)
[2m2025-12-10T10:19:04.318101Z[0m [34mDEBUG[0m [2mhyper::client::pool[0m[2m:[0m reuse idle connection for ("http", 192.168.0.14:8545)
[2m2025-12-10T10:19:04.318216Z[0m [34mDEBUG[0m [2mhyper::proto::h1::io[0m[2m:[0m flushed 172 bytes
[2m2025-12-10T10:19:04.321565Z[0m [34mDEBUG[0m [2mhyper::proto::h1::io[0m[2m:[0m parsed 4 headers
[2m2025-12-10T10:19:04.321617Z[0m [34mDEBUG[0m [2mhyper::proto::h1::conn[0m[2m:[0m incoming body is content-length (45 bytes)
[2m2025-12-10T10:19:04.321638Z[0m [34mDEBUG[0m [2mhyper::proto::h1::conn[0m[2m:[0m incoming body completed
[2m2025-12-10T10:19:04.321696Z[0m [34mDEBUG[0m [2mhyper::client::pool[0m[2m:[0m pooling idle connection for ("http", 192.168.0.14:8545)
[2m2025-12-10T10:19:04.321725Z[0m [34mDEBUG[0m [2mhyper::client::pool[0m[2m:[0m reuse idle connection for ("http", 192.168.0.14:8545)
[2m2025-12-10T10:19:04.321783Z[0m [34mDEBUG[0m [2mhyper::proto::h1::io[0m[2m:[0m flushed 172 bytes
[2m2025-12-10T10:19:04.326862Z[0m [34mDEBUG[0m [2mhyper::proto::h1::io[0m[2m:[0m parsed 4 headers
[2m2025-12-10T10:19:04.326881Z[0m [34mDEBUG[0m [2mhyper::proto::h1::conn[0m[2m:[0m incoming body is content-length (45 bytes)
[2m2025-12-10T10:19:04.326930Z[0m [34mDEBUG[0m [2mhyper::proto::h1::conn[0m[2m:[0m incoming body completed
[2m2025-12-10T10:19:04.326946Z[0m [34mDEBUG[0m [2mhyper::client::pool[0m[2m:[0m pooling idle connection for ("http", 192.168.0.14:8545)
[2m2025-12-10T10:19:04.327037Z[0m [34mDEBUG[0m [2mhyper::client::pool[0m[2m:[0m reuse idle connection for ("http", 192.168.0.14:8545)
[2m2025-12-10T10:19:04.327093Z[0m [34mDEBUG[0m [2mhyper::proto::h1::io[0m[2m:[0m flushed 172 bytes
[2m2025-12-10T10:19:04.330777Z[0m [34mDEBUG[0m [2mhyper::proto::h1::io[0m[2m:[0m parsed 4 headers
[2m2025-12-10T10:19:04.330840Z[0m [34mDEBUG[0m [2mhyper::proto::h1::conn[0m[2m:[0m incoming body is content-length (45 bytes)
[2m2025-12-10T10:19:04.330895Z[0m [34mDEBUG[0m [2mhyper::proto::h1::conn[0m[2m:[0m incoming body completed
[2m2025-12-10T10:19:04.330926Z[0m [34mDEBUG[0m [2mhyper::client::pool[0m[2m:[0m pooling idle connection for ("http", 192.168.0.14:8545)
[2m2025-12-10T10:19:04.330989Z[0m [34mDEBUG[0m [2mhyper::client::pool[0m[2m:[0m reuse idle connection for ("http", 192.168.0.14:8545)
[2m2025-12-10T10:19:04.331066Z[0m [34mDEBUG[0m [2mhyper::proto::h1::io[0m[2m:[0m flushed 172 bytes
[2m2025-12-10T10:19:04.334438Z[0m [34mDEBUG[0m [2mhyper::proto::h1::io[0m[2m:[0m parsed 4 headers
[2m2025-12-10T10:19:04.334470Z[0m [34mDEBUG[0m [2mhyper::proto::h1::conn[0m[2m:[0m incoming body is content-length (45 bytes)
[2m2025-12-10T10:19:04.334524Z[0m [34mDEBUG[0m [2mhyper::proto::h1::conn[0m[2m:[0m incoming body completed
[2m2025-12-10T10:19:04.334547Z[0m [34mDEBUG[0m [2mhyper::client::pool[0m[2m:[0m pooling idle connection for ("http", 192.168.0.14:8545)
[2m2025-12-10T10:19:04.334577Z[0m [34mDEBUG[0m [2mhyper::client::pool[0m[2m:[0m reuse idle connection for ("http", 192.168.0.14:8545)
[2m2025-12-10T10:19:04.334613Z[0m [34mDEBUG[0m [2mhyper::proto::h1::io[0m[2m:[0m flushed 172 bytes
[2m2025-12-10T10:19:04.338580Z[0m [34mDEBUG[0m [2mhyper::proto::h1::io[0m[2m:[0m parsed 4 headers
[2m2025-12-10T10:19:04.338601Z[0m [34mDEBUG[0m [2mhyper::proto::h1::conn[0m[2m:[0m incoming body is content-length (45 bytes)
[2m2025-12-10T10:19:04.338611Z[0m [34mDEBUG[0m [2mhyper::proto::h1::conn[0m[2m:[0m incoming body completed
[2m2025-12-10T10:19:04.338624Z[0m [34mDEBUG[0m [2mhyper::client::pool[0m[2m:[0m pooling idle connection for ("http", 192.168.0.14:8545)
[2m2025-12-10T10:19:04.338659Z[0m [34mDEBUG[0m [2mhyper::client::pool[0m[2m:[0m reuse idle connection for ("http", 192.168.0.14:8545)
[2m2025-12-10T10:19:04.338691Z[0m [34mDEBUG[0m [2mhyper::proto::h1::io[0m[2m:[0m flushed 172 bytes
[2m2025-12-10T10:19:04.343701Z[0m [34mDEBUG[0m [2mhyper::proto::h1::io[0m[2m:[0m parsed 4 headers
[2m2025-12-10T10:19:04.343726Z[0m [34mDEBUG[0m [2mhyper::proto::h1::conn[0m[2m:[0m incoming body is content-length (45 bytes)
[2m2025-12-10T10:19:04.343738Z[0m [34mDEBUG[0m [2mhyper::proto::h1::conn[0m[2m:[0m incoming body completed
[2m2025-12-10T10:19:04.343774Z[0m [34mDEBUG[0m [2mhyper::client::pool[0m[2m:[0m pooling idle connection for ("http", 192.168.0.14:8545)
[2m2025-12-10T10:19:04.343857Z[0m [34mDEBUG[0m [2mhyper::client::pool[0m[2m:[0m reuse idle connection for ("http", 192.168.0.14:8545)
[2m2025-12-10T10:19:04.344046Z[0m [34mDEBUG[0m [2mhyper::proto::h1::io[0m[2m:[0m flushed 172 bytes
[2m2025-12-10T10:19:04.348510Z[0m [34mDEBUG[0m [2mhyper::proto::h1::io[0m[2m:[0m parsed 4 headers
[2m2025-12-10T10:19:04.348550Z[0m [34mDEBUG[0m [2mhyper::proto::h1::conn[0m[2m:[0m incoming body is content-length (45 bytes)
[2m2025-12-10T10:19:04.348567Z[0m [34mDEBUG[0m [2mhyper::proto::h1::conn[0m[2m:[0m incoming body completed
[2m2025-12-10T10:19:04.348581Z[0m [34mDEBUG[0m [2mhyper::client::pool[0m[2m:[0m pooling idle connection for ("http", 192.168.0.14:8545)
[2m2025-12-10T10:19:04.348611Z[0m [34mDEBUG[0m [2mhyper::client::pool[0m[2m:[0m reuse idle connection for ("http", 192.168.0.14:8545)
[2m2025-12-10T10:19:04.348672Z[0m [34mDEBUG[0m [2mhyper::proto::h1::io[0m[2m:[0m flushed 172 bytes
[2m2025-12-10T10:19:04.352049Z[0m [34mDEBUG[0m [2mhyper::proto::h1::io[0m[2m:[0m parsed 4 headers
[2m2025-12-10T10:19:04.352105Z[0m [34mDEBUG[0m [2mhyper::proto::h1::conn[0m[2m:[0m incoming body is content-length (45 bytes)
[2m2025-12-10T10:19:04.352125Z[0m [34mDEBUG[0m [2mhyper::proto::h1::conn[0m[2m:[0m incoming body completed
[2m2025-12-10T10:19:04.352171Z[0m [34mDEBUG[0m [2mhyper::client::pool[0m[2m:[0m pooling idle connection for ("http", 192.168.0.14:8545)
[2m2025-12-10T10:19:04.352220Z[0m [34mDEBUG[0m [2mhyper::client::pool[0m[2m:[0m reuse idle connection for ("http", 192.168.0.14:8545)
[2m2025-12-10T10:19:04.352293Z[0m [34mDEBUG[0m [2mhyper::proto::h1::io[0m[2m:[0m flushed 172 bytes
[2m2025-12-10T10:19:04.355857Z[0m [34mDEBUG[0m [2mhyper::proto::h1::io[0m[2m:[0m parsed 4 headers
[2m2025-12-10T10:19:04.355904Z[0m [34mDEBUG[0m [2mhyper::proto::h1::conn[0m[2m:[0m incoming body is content-length (45 bytes)
[2m2025-12-10T10:19:04.355924Z[0m [34mDEBUG[0m [2mhyper::proto::h1::conn[0m[2m:[0m incoming body completed
[2m2025-12-10T10:19:04.355950Z[0m [34mDEBUG[0m [2mhyper::client::pool[0m[2m:[0m pooling idle connection for ("http", 192.168.0.14:8545)
[2m2025-12-10T10:19:04.356045Z[0m [34mDEBUG[0m [2mhyper::client::pool[0m[2m:[0m reuse idle connection for ("http", 192.168.0.14:8545)
[2m2025-12-10T10:19:04.356182Z[0m [34mDEBUG[0m [2mhyper::proto::h1::io[0m[2m:[0m flushed 172 bytes
[2m2025-12-10T10:19:04.360505Z[0m [34mDEBUG[0m [2mhyper::proto::h1::io[0m[2m:[0m parsed 4 headers
[2m2025-12-10T10:19:04.360562Z[0m [34mDEBUG[0m [2mhyper::proto::h1::conn[0m[2m:[0m incoming body is content-length (45 bytes)
[2m2025-12-10T10:19:04.360585Z[0m [34mDEBUG[0m [2mhyper::proto::h1::conn[0m[2m:[0m incoming body completed
[2m2025-12-10T10:19:04.360625Z[0m [34mDEBUG[0m [2mhyper::client::pool[0m[2m:[0m pooling idle connection for ("http", 192.168.0.14:8545)
[2m2025-12-10T10:19:04.360665Z[0m [34mDEBUG[0m [2mhyper::client::pool[0m[2m:[0m reuse idle connection for ("http", 192.168.0.14:8545)
[2m2025-12-10T10:19:04.360715Z[0m [34mDEBUG[0m [2mhyper::proto::h1::io[0m[2m:[0m flushed 172 bytes
[2m2025-12-10T10:19:04.364637Z[0m [34mDEBUG[0m [2mhyper::proto::h1::io[0m[2m:[0m parsed 4 headers
[2m2025-12-10T10:19:04.364655Z[0m [34mDEBUG[0m [2mhyper::proto::h1::conn[0m[2m:[0m incoming body is content-length (45 bytes)
[2m2025-12-10T10:19:04.364665Z[0m [34mDEBUG[0m [2mhyper::proto::h1::conn[0m[2m:[0m incoming body completed
[2m2025-12-10T10:19:04.364676Z[0m [34mDEBUG[0m [2mhyper::client::pool[0m[2m:[0m pooling idle connection for ("http", 192.168.0.14:8545)
[2m2025-12-10T10:19:04.364703Z[0m [34mDEBUG[0m [2mhyper::client::pool[0m[2m:[0m reuse idle connection for ("http", 192.168.0.14:8545)
[2m2025-12-10T10:19:04.364740Z[0m [34mDEBUG[0m [2mhyper::proto::h1::io[0m[2m:[0m flushed 172 bytes
[2m2025-12-10T10:19:04.370734Z[0m [34mDEBUG[0m [2mhyper::proto::h1::io[0m[2m:[0m parsed 4 headers
[2m2025-12-10T10:19:04.370752Z[0m [34mDEBUG[0m [2mhyper::proto::h1::conn[0m[2m:[0m incoming body is content-length (45 bytes)
[2m2025-12-10T10:19:04.370761Z[0m [34mDEBUG[0m [2mhyper::proto::h1::conn[0m[2m:[0m incoming body completed
[2m2025-12-10T10:19:04.370772Z[0m [34mDEBUG[0m [2mhyper::client::pool[0m[2m:[0m pooling idle connection for ("http", 192.168.0.14:8545)
[2m2025-12-10T10:19:04.370811Z[0m [34mDEBUG[0m [2mhyper::client::pool[0m[2m:[0m reuse idle connection for ("http", 192.168.0.14:8545)
[2m2025-12-10T10:19:04.370852Z[0m [34mDEBUG[0m [2mhyper::proto::h1::io[0m[2m:[0m flushed 172 bytes
[2m2025-12-10T10:19:04.374690Z[0m [34mDEBUG[0m [2mhyper::proto::h1::io[0m[2m:[0m parsed 4 headers
[2m2025-12-10T10:19:04.374711Z[0m [34mDEBUG[0m [2mhyper::proto::h1::conn[0m[2m:[0m incoming body is content-length (45 bytes)
[2m2025-12-10T10:19:04.374720Z[0m [34mDEBUG[0m [2mhyper::proto::h1::conn[0m[2m:[0m incoming body completed
[2m2025-12-10T10:19:04.374730Z[0m [34mDEBUG[0m [2mhyper::client::pool[0m[2m:[0m pooling idle connection for ("http", 192.168.0.14:8545)
[2m2025-12-10T10:19:04.374760Z[0m [34mDEBUG[0m [2mhyper::client::pool[0m[2m:[0m reuse idle connection for ("http", 192.168.0.14:8545)
[2m2025-12-10T10:19:04.374798Z[0m [34mDEBUG[0m [2mhyper::proto::h1::io[0m[2m:[0m flushed 172 bytes
[2m2025-12-10T10:19:04.379580Z[0m [34mDEBUG[0m [2mhyper::proto::h1::io[0m[2m:[0m parsed 4 headers
[2m2025-12-10T10:19:04.379601Z[0m [34mDEBUG[0m [2mhyper::proto::h1::conn[0m[2m:[0m incoming body is content-length (45 bytes)
[2m2025-12-10T10:19:04.379610Z[0m [34mDEBUG[0m [2mhyper::proto::h1::conn[0m[2m:[0m incoming body completed
[2m2025-12-10T10:19:04.379620Z[0m [34mDEBUG[0m [2mhyper::client::pool[0m[2m:[0m pooling idle connection for ("http", 192.168.0.14:8545)
[2m2025-12-10T10:19:04.379646Z[0m [34mDEBUG[0m [2mhyper::client::pool[0m[2m:[0m reuse idle connection for ("http", 192.168.0.14:8545)
[2m2025-12-10T10:19:04.379679Z[0m [34mDEBUG[0m [2mhyper::proto::h1::io[0m[2m:[0m flushed 172 bytes
[2m2025-12-10T10:19:04.387092Z[0m [34mDEBUG[0m [2mhyper::proto::h1::io[0m[2m:[0m parsed 4 headers
[2m2025-12-10T10:19:04.387132Z[0m [34mDEBUG[0m [2mhyper::proto::h1::conn[0m[2m:[0m incoming body is content-length (45 bytes)
[2m2025-12-10T10:19:04.387286Z[0m [34mDEBUG[0m [2mhyper::proto::h1::conn[0m[2m:[0m incoming body completed
[2m2025-12-10T10:19:04.387300Z[0m [34mDEBUG[0m [2mhyper::client::pool[0m[2m:[0m pooling idle connection for ("http", 192.168.0.14:8545)
[2m2025-12-10T10:19:04.387334Z[0m [34mDEBUG[0m [2mhyper::client::pool[0m[2m:[0m reuse idle connection for ("http", 192.168.0.14:8545)
[2m2025-12-10T10:19:04.387410Z[0m [34mDEBUG[0m [2mhyper::proto::h1::io[0m[2m:[0m flushed 172 bytes
[2m2025-12-10T10:19:04.391300Z[0m [34mDEBUG[0m [2mhyper::proto::h1::io[0m[2m:[0m parsed 4 headers
[2m2025-12-10T10:19:04.391329Z[0m [34mDEBUG[0m [2mhyper::proto::h1::conn[0m[2m:[0m incoming body is content-length (45 bytes)
[2m2025-12-10T10:19:04.391340Z[0m [34mDEBUG[0m [2mhyper::proto::h1::conn[0m[2m:[0m incoming body completed
[2m2025-12-10T10:19:04.391352Z[0m [34mDEBUG[0m [2mhyper::client::pool[0m[2m:[0m pooling idle connection for ("http", 192.168.0.14:8545)
[2m2025-12-10T10:19:04.391382Z[0m [34mDEBUG[0m [2mhyper::client::pool[0m[2m:[0m reuse idle connection for ("http", 192.168.0.14:8545)
[2m2025-12-10T10:19:04.391420Z[0m [34mDEBUG[0m [2mhyper::proto::h1::io[0m[2m:[0m flushed 172 bytes
[2m2025-12-10T10:19:04.395338Z[0m [34mDEBUG[0m [2mhyper::proto::h1::io[0m[2m:[0m parsed 4 headers
[2m2025-12-10T10:19:04.395383Z[0m [34mDEBUG[0m [2mhyper::proto::h1::conn[0m[2m:[0m incoming body is content-length (45 bytes)
[2m2025-12-10T10:19:04.395397Z[0m [34mDEBUG[0m [2mhyper::proto::h1::conn[0m[2m:[0m incoming body completed
[2m2025-12-10T10:19:04.395512Z[0m [34mDEBUG[0m [2mhyper::client::pool[0m[2m:[0m pooling idle connection for ("http", 192.168.0.14:8545)
[2m2025-12-10T10:19:04.395607Z[0m [34mDEBUG[0m [2mhyper::client::pool[0m[2m:[0m reuse idle connection for ("http", 192.168.0.14:8545)
[2m2025-12-10T10:19:04.395857Z[0m [34mDEBUG[0m [2mhyper::proto::h1::io[0m[2m:[0m flushed 172 bytes
[2m2025-12-10T10:19:04.399150Z[0m [34mDEBUG[0m [2mhyper::proto::h1::io[0m[2m:[0m parsed 4 headers
[2m2025-12-10T10:19:04.399167Z[0m [34mDEBUG[0m [2mhyper::proto::h1::conn[0m[2m:[0m incoming body is content-length (45 bytes)
[2m2025-12-10T10:19:04.399199Z[0m [34mDEBUG[0m [2mhyper::proto::h1::conn[0m[2m:[0m incoming body completed
[2m2025-12-10T10:19:04.399210Z[0m [34mDEBUG[0m [2mhyper::client::pool[0m[2m:[0m pooling idle connection for ("http", 192.168.0.14:8545)
[2m2025-12-10T10:19:04.399253Z[0m [34mDEBUG[0m [2mhyper::client::pool[0m[2m:[0m reuse idle connection for ("http", 192.168.0.14:8545)
[2m2025-12-10T10:19:04.399286Z[0m [34mDEBUG[0m [2mhyper::proto::h1::io[0m[2m:[0m flushed 172 bytes
[2m2025-12-10T10:19:04.403027Z[0m [34mDEBUG[0m [2mhyper::proto::h1::io[0m[2m:[0m parsed 4 headers
[2m2025-12-10T10:19:04.403048Z[0m [34mDEBUG[0m [2mhyper::proto::h1::conn[0m[2m:[0m incoming body is content-length (45 bytes)
[2m2025-12-10T10:19:04.403058Z[0m [34mDEBUG[0m [2mhyper::proto::h1::conn[0m[2m:[0m incoming body completed
[2m2025-12-10T10:19:04.403070Z[0m [34mDEBUG[0m [2mhyper::client::pool[0m[2m:[0m pooling idle connection for ("http", 192.168.0.14:8545)
[2m2025-12-10T10:19:04.403226Z[0m [34mDEBUG[0m [2mhyper::client::pool[0m[2m:[0m reuse idle connection for ("http", 192.168.0.14:8545)
[2m2025-12-10T10:19:04.403358Z[0m [34mDEBUG[0m [2mhyper::proto::h1::io[0m[2m:[0m flushed 172 bytes
[2m2025-12-10T10:19:04.408417Z[0m [34mDEBUG[0m [2mhyper::proto::h1::io[0m[2m:[0m parsed 4 headers
[2m2025-12-10T10:19:04.408441Z[0m [34mDEBUG[0m [2mhyper::proto::h1::conn[0m[2m:[0m incoming body is content-length (45 bytes)
[2m2025-12-10T10:19:04.408452Z[0m [34mDEBUG[0m [2mhyper::proto::h1::conn[0m[2m:[0m incoming body completed
[2m2025-12-10T10:19:04.408467Z[0m [34mDEBUG[0m [2mhyper::client::pool[0m[2m:[0m pooling idle connection for ("http", 192.168.0.14:8545)
[2m2025-12-10T10:19:04.408533Z[0m [34mDEBUG[0m [2mhyper::client::pool[0m[2m:[0m reuse idle connection for ("http", 192.168.0.14:8545)
[2m2025-12-10T10:19:04.408576Z[0m [34mDEBUG[0m [2mhyper::proto::h1::io[0m[2m:[0m flushed 172 bytes
[2m2025-12-10T10:19:04.412554Z[0m [34mDEBUG[0m [2mhyper::proto::h1::io[0m[2m:[0m parsed 4 headers
[2m2025-12-10T10:19:04.412582Z[0m [34mDEBUG[0m [2mhyper::proto::h1::conn[0m[2m:[0m incoming body is content-length (45 bytes)
[2m2025-12-10T10:19:04.412627Z[0m [34mDEBUG[0m [2mhyper::proto::h1::conn[0m[2m:[0m incoming body completed
[2m2025-12-10T10:19:04.412732Z[0m [34mDEBUG[0m [2mhyper::client::pool[0m[2m:[0m pooling idle connection for ("http", 192.168.0.14:8545)
[2m2025-12-10T10:19:04.413491Z[0m [34mDEBUG[0m [2mhyper::client::pool[0m[2m:[0m reuse idle connection for ("http", 192.168.0.14:8545)
[2m2025-12-10T10:19:04.413533Z[0m [34mDEBUG[0m [2mhyper::proto::h1::io[0m[2m:[0m flushed 172 bytes
[2m2025-12-10T10:19:04.418291Z[0m [34mDEBUG[0m [2mhyper::proto::h1::io[0m[2m:[0m parsed 4 headers
[2m2025-12-10T10:19:04.418310Z[0m [34mDEBUG[0m [2mhyper::proto::h1::conn[0m[2m:[0m incoming body is content-length (45 bytes)
[2m2025-12-10T10:19:04.418496Z[0m [34mDEBUG[0m [2mhyper::proto::h1::conn[0m[2m:[0m incoming body completed
[2m2025-12-10T10:19:04.418567Z[0m [34mDEBUG[0m [2mhyper::client::pool[0m[2m:[0m pooling idle connection for ("http", 192.168.0.14:8545)
[2m2025-12-10T10:19:04.418672Z[0m [34mDEBUG[0m [2mhyper::client::pool[0m[2m:[0m reuse idle connection for ("http", 192.168.0.14:8545)
[2m2025-12-10T10:19:04.418740Z[0m [34mDEBUG[0m [2mhyper::proto::h1::io[0m[2m:[0m flushed 172 bytes
[2m2025-12-10T10:19:04.421799Z[0m [34mDEBUG[0m [2mhyper::proto::h1::io[0m[2m:[0m parsed 4 headers
[2m2025-12-10T10:19:04.421824Z[0m [34mDEBUG[0m [2mhyper::proto::h1::conn[0m[2m:[0m incoming body is content-length (45 bytes)
[2m2025-12-10T10:19:04.421876Z[0m [34mDEBUG[0m [2mhyper::proto::h1::conn[0m[2m:[0m incoming body completed
[2m2025-12-10T10:19:04.421897Z[0m [34mDEBUG[0m [2mhyper::client::pool[0m[2m:[0m pooling idle connection for ("http", 192.168.0.14:8545)
[2m2025-12-10T10:19:04.421955Z[0m [34mDEBUG[0m [2mhyper::client::pool[0m[2m:[0m reuse idle connection for ("http", 192.168.0.14:8545)
[2m2025-12-10T10:19:04.421996Z[0m [34mDEBUG[0m [2mhyper::proto::h1::io[0m[2m:[0m flushed 172 bytes
[2m2025-12-10T10:19:04.426262Z[0m [34mDEBUG[0m [2mhyper::proto::h1::io[0m[2m:[0m parsed 4 headers
[2m2025-12-10T10:19:04.426361Z[0m [34mDEBUG[0m [2mhyper::proto::h1::conn[0m[2m:[0m incoming body is content-length (45 bytes)
[2m2025-12-10T10:19:04.426413Z[0m [34mDEBUG[0m [2mhyper::proto::h1::conn[0m[2m:[0m incoming body completed
[2m2025-12-10T10:19:04.426697Z[0m [34mDEBUG[0m [2mhyper::client::pool[0m[2m:[0m pooling idle connection for ("http", 192.168.0.14:8545)
[2m2025-12-10T10:19:04.426783Z[0m [34mDEBUG[0m [2mhyper::client::pool[0m[2m:[0m reuse idle connection for ("http", 192.168.0.14:8545)
[2m2025-12-10T10:19:04.426930Z[0m [34mDEBUG[0m [2mhyper::proto::h1::io[0m[2m:[0m flushed 172 bytes
[2m2025-12-10T10:19:04.430925Z[0m [34mDEBUG[0m [2mhyper::proto::h1::io[0m[2m:[0m parsed 4 headers
[2m2025-12-10T10:19:04.430974Z[0m [34mDEBUG[0m [2mhyper::proto::h1::conn[0m[2m:[0m incoming body is content-length (45 bytes)
[2m2025-12-10T10:19:04.430993Z[0m [34mDEBUG[0m [2mhyper::proto::h1::conn[0m[2m:[0m incoming body completed
[2m2025-12-10T10:19:04.431025Z[0m [34mDEBUG[0m [2mhyper::client::pool[0m[2m:[0m pooling idle connection for ("http", 192.168.0.14:8545)
[2m2025-12-10T10:19:04.431050Z[0m [34mDEBUG[0m [2mhyper::client::pool[0m[2m:[0m reuse idle connection for ("http", 192.168.0.14:8545)
[2m2025-12-10T10:19:04.431097Z[0m [34mDEBUG[0m [2mhyper::proto::h1::io[0m[2m:[0m flushed 172 bytes
[2m2025-12-10T10:19:04.435445Z[0m [34mDEBUG[0m [2mhyper::proto::h1::io[0m[2m:[0m parsed 4 headers
[2m2025-12-10T10:19:04.435452Z[0m [34mDEBUG[0m [2mhyper::proto::h1::conn[0m[2m:[0m incoming body is content-length (45 bytes)
[2m2025-12-10T10:19:04.435460Z[0m [34mDEBUG[0m [2mhyper::proto::h1::conn[0m[2m:[0m incoming body completed
[2m2025-12-10T10:19:04.435467Z[0m [34mDEBUG[0m [2mhyper::client::pool[0m[2m:[0m pooling idle connection for ("http", 192.168.0.14:8545)
[2m2025-12-10T10:19:04.435482Z[0m [34mDEBUG[0m [2mhyper::client::pool[0m[2m:[0m reuse idle connection for ("http", 192.168.0.14:8545)
[2m2025-12-10T10:19:04.435510Z[0m [34mDEBUG[0m [2mhyper::proto::h1::io[0m[2m:[0m flushed 172 bytes
[2m2025-12-10T10:19:04.439345Z[0m [34mDEBUG[0m [2mhyper::proto::h1::io[0m[2m:[0m parsed 4 headers
[2m2025-12-10T10:19:04.439353Z[0m [34mDEBUG[0m [2mhyper::proto::h1::conn[0m[2m:[0m incoming body is content-length (45 bytes)
[2m2025-12-10T10:19:04.439359Z[0m [34mDEBUG[0m [2mhyper::proto::h1::conn[0m[2m:[0m incoming body completed
[2m2025-12-10T10:19:04.439366Z[0m [34mDEBUG[0m [2mhyper::client::pool[0m[2m:[0m pooling idle connection for ("http", 192.168.0.14:8545)
[2m2025-12-10T10:19:04.439382Z[0m [34mDEBUG[0m [2mhyper::client::pool[0m[2m:[0m reuse idle connection for ("http", 192.168.0.14:8545)
[2m2025-12-10T10:19:04.439402Z[0m [34mDEBUG[0m [2mhyper::proto::h1::io[0m[2m:[0m flushed 172 bytes
[2m2025-12-10T10:19:04.444711Z[0m [34mDEBUG[0m [2mhyper::proto::h1::io[0m[2m:[0m parsed 4 headers
[2m2025-12-10T10:19:04.444723Z[0m [34mDEBUG[0m [2mhyper::proto::h1::conn[0m[2m:[0m incoming body is content-length (45 bytes)
[2m2025-12-10T10:19:04.444730Z[0m [34mDEBUG[0m [2mhyper::proto::h1::conn[0m[2m:[0m incoming body completed
[2m2025-12-10T10:19:04.444738Z[0m [34mDEBUG[0m [2mhyper::client::pool[0m[2m:[0m pooling idle connection for ("http", 192.168.0.14:8545)
[2m2025-12-10T10:19:04.444758Z[0m [34mDEBUG[0m [2mhyper::client::pool[0m[2m:[0m reuse idle connection for ("http", 192.168.0.14:8545)
[2m2025-12-10T10:19:04.444783Z[0m [34mDEBUG[0m [2mhyper::proto::h1::io[0m[2m:[0m flushed 172 bytes
[2m2025-12-10T10:19:04.448508Z[0m [34mDEBUG[0m [2mhyper::proto::h1::io[0m[2m:[0m parsed 4 headers
[2m2025-12-10T10:19:04.448515Z[0m [34mDEBUG[0m [2mhyper::proto::h1::conn[0m[2m:[0m incoming body is content-length (45 bytes)
[2m2025-12-10T10:19:04.448520Z[0m [34mDEBUG[0m [2mhyper::proto::h1::conn[0m[2m:[0m incoming body completed
[2m2025-12-10T10:19:04.448526Z[0m [34mDEBUG[0m [2mhyper::client::pool[0m[2m:[0m pooling idle connection for ("http", 192.168.0.14:8545)
[2m2025-12-10T10:19:04.448538Z[0m [34mDEBUG[0m [2mhyper::client::pool[0m[2m:[0m reuse idle connection for ("http", 192.168.0.14:8545)
[2m2025-12-10T10:19:04.448556Z[0m [34mDEBUG[0m [2mhyper::proto::h1::io[0m[2m:[0m flushed 172 bytes
[2m2025-12-10T10:19:04.454055Z[0m [34mDEBUG[0m [2mhyper::proto::h1::io[0m[2m:[0m parsed 4 headers
[2m2025-12-10T10:19:04.454063Z[0m [34mDEBUG[0m [2mhyper::proto::h1::conn[0m[2m:[0m incoming body is content-length (45 bytes)
[2m2025-12-10T10:19:04.454069Z[0m [34mDEBUG[0m [2mhyper::proto::h1::conn[0m[2m:[0m incoming body completed
[2m2025-12-10T10:19:04.454075Z[0m [34mDEBUG[0m [2mhyper::client::pool[0m[2m:[0m pooling idle connection for ("http", 192.168.0.14:8545)
[2m2025-12-10T10:19:04.454087Z[0m [34mDEBUG[0m [2mhyper::client::pool[0m[2m:[0m reuse idle connection for ("http", 192.168.0.14:8545)
[2m2025-12-10T10:19:04.454115Z[0m [34mDEBUG[0m [2mhyper::proto::h1::io[0m[2m:[0m flushed 172 bytes
[2m2025-12-10T10:19:04.457964Z[0m [34mDEBUG[0m [2mhyper::proto::h1::io[0m[2m:[0m parsed 4 headers
[2m2025-12-10T10:19:04.457971Z[0m [34mDEBUG[0m [2mhyper::proto::h1::conn[0m[2m:[0m incoming body is content-length (45 bytes)
[2m2025-12-10T10:19:04.457976Z[0m [34mDEBUG[0m [2mhyper::proto::h1::conn[0m[2m:[0m incoming body completed
[2m2025-12-10T10:19:04.457982Z[0m [34mDEBUG[0m [2mhyper::client::pool[0m[2m:[0m pooling idle connection for ("http", 192.168.0.14:8545)
[2m2025-12-10T10:19:04.457994Z[0m [34mDEBUG[0m [2mhyper::client::pool[0m[2m:[0m reuse idle connection for ("http", 192.168.0.14:8545)
[2m2025-12-10T10:19:04.458011Z[0m [34mDEBUG[0m [2mhyper::proto::h1::io[0m[2m:[0m flushed 172 bytes
[2m2025-12-10T10:19:04.462627Z[0m [34mDEBUG[0m [2mhyper::proto::h1::io[0m[2m:[0m parsed 4 headers
[2m2025-12-10T10:19:04.462663Z[0m [34mDEBUG[0m [2mhyper::proto::h1::conn[0m[2m:[0m incoming body is content-length (45 bytes)
[2m2025-12-10T10:19:04.462669Z[0m [34mDEBUG[0m [2mhyper::proto::h1::conn[0m[2m:[0m incoming body completed
[2m2025-12-10T10:19:04.462676Z[0m [34mDEBUG[0m [2mhyper::client::pool[0m[2m:[0m pooling idle connection for ("http", 192.168.0.14:8545)
[2m2025-12-10T10:19:04.462688Z[0m [34mDEBUG[0m [2mhyper::client::pool[0m[2m:[0m reuse idle connection for ("http", 192.168.0.14:8545)
[2m2025-12-10T10:19:04.462705Z[0m [34mDEBUG[0m [2mhyper::proto::h1::io[0m[2m:[0m flushed 172 bytes
[2m2025-12-10T10:19:04.467811Z[0m [34mDEBUG[0m [2mhyper::proto::h1::io[0m[2m:[0m parsed 4 headers
[2m2025-12-10T10:19:04.467825Z[0m [34mDEBUG[0m [2mhyper::proto::h1::conn[0m[2m:[0m incoming body is content-length (45 bytes)
[2m2025-12-10T10:19:04.467832Z[0m [34mDEBUG[0m [2mhyper::proto::h1::conn[0m[2m:[0m incoming body completed
[2m2025-12-10T10:19:04.467840Z[0m [34mDEBUG[0m [2mhyper::client::pool[0m[2m:[0m pooling idle connection for ("http", 192.168.0.14:8545)
[2m2025-12-10T10:19:04.467859Z[0m [34mDEBUG[0m [2mhyper::client::pool[0m[2m:[0m reuse idle connection for ("http", 192.168.0.14:8545)
[2m2025-12-10T10:19:04.467886Z[0m [34mDEBUG[0m [2mhyper::proto::h1::io[0m[2m:[0m flushed 172 bytes
[2m2025-12-10T10:19:04.472482Z[0m [34mDEBUG[0m [2mhyper::proto::h1::io[0m[2m:[0m parsed 4 headers
[2m2025-12-10T10:19:04.472500Z[0m [34mDEBUG[0m [2mhyper::proto::h1::conn[0m[2m:[0m incoming body is content-length (45 bytes)
[2m2025-12-10T10:19:04.472509Z[0m [34mDEBUG[0m [2mhyper::proto::h1::conn[0m[2m:[0m incoming body completed
[2m2025-12-10T10:19:04.472519Z[0m [34mDEBUG[0m [2mhyper::client::pool[0m[2m:[0m pooling idle connection for ("http", 192.168.0.14:8545)
[2m2025-12-10T10:19:04.472539Z[0m [34mDEBUG[0m [2mhyper::client::pool[0m[2m:[0m reuse idle connection for ("http", 192.168.0.14:8545)
[2m2025-12-10T10:19:04.472620Z[0m [34mDEBUG[0m [2mhyper::proto::h1::io[0m[2m:[0m flushed 172 bytes
[2m2025-12-10T10:19:04.476332Z[0m [34mDEBUG[0m [2mhyper::proto::h1::io[0m[2m:[0m parsed 4 headers
[2m2025-12-10T10:19:04.476378Z[0m [34mDEBUG[0m [2mhyper::proto::h1::conn[0m[2m:[0m incoming body is content-length (45 bytes)
[2m2025-12-10T10:19:04.476433Z[0m [34mDEBUG[0m [2mhyper::proto::h1::conn[0m[2m:[0m incoming body completed
[2m2025-12-10T10:19:04.476478Z[0m [34mDEBUG[0m [2mhyper::client::pool[0m[2m:[0m pooling idle connection for ("http", 192.168.0.14:8545)
[2m2025-12-10T10:19:04.476596Z[0m [34mDEBUG[0m [2mhyper::client::pool[0m[2m:[0m reuse idle connection for ("http", 192.168.0.14:8545)
[2m2025-12-10T10:19:04.476677Z[0m [34mDEBUG[0m [2mhyper::proto::h1::io[0m[2m:[0m flushed 172 bytes
[2m2025-12-10T10:19:04.481680Z[0m [34mDEBUG[0m [2mhyper::proto::h1::io[0m[2m:[0m parsed 4 headers
[2m2025-12-10T10:19:04.481731Z[0m [34mDEBUG[0m [2mhyper::proto::h1::conn[0m[2m:[0m incoming body is content-length (45 bytes)
[2m2025-12-10T10:19:04.481744Z[0m [34mDEBUG[0m [2mhyper::proto::h1::conn[0m[2m:[0m incoming body completed
[2m2025-12-10T10:19:04.481763Z[0m [34mDEBUG[0m [2mhyper::client::pool[0m[2m:[0m pooling idle connection for ("http", 192.168.0.14:8545)
[2m2025-12-10T10:19:04.481801Z[0m [34mDEBUG[0m [2mhyper::client::pool[0m[2m:[0m reuse idle connection for ("http", 192.168.0.14:8545)
[2m2025-12-10T10:19:04.481848Z[0m [34mDEBUG[0m [2mhyper::proto::h1::io[0m[2m:[0m flushed 172 bytes
[2m2025-12-10T10:19:04.486493Z[0m [34mDEBUG[0m [2mhyper::proto::h1::io[0m[2m:[0m parsed 4 headers
[2m2025-12-10T10:19:04.486501Z[0m [34mDEBUG[0m [2mhyper::proto::h1::conn[0m[2m:[0m incoming body is content-length (45 bytes)
[2m2025-12-10T10:19:04.486509Z[0m [34mDEBUG[0m [2mhyper::proto::h1::conn[0m[2m:[0m incoming body completed
[2m2025-12-10T10:19:04.486518Z[0m [34mDEBUG[0m [2mhyper::client::pool[0m[2m:[0m pooling idle connection for ("http", 192.168.0.14:8545)
[2m2025-12-10T10:19:04.486538Z[0m [34mDEBUG[0m [2mhyper::client::pool[0m[2m:[0m reuse idle connection for ("http", 192.168.0.14:8545)
[2m2025-12-10T10:19:04.486562Z[0m [34mDEBUG[0m [2mhyper::proto::h1::io[0m[2m:[0m flushed 172 bytes
[2m2025-12-10T10:19:04.490748Z[0m [34mDEBUG[0m [2mhyper::proto::h1::io[0m[2m:[0m parsed 4 headers
[2m2025-12-10T10:19:04.490755Z[0m [34mDEBUG[0m [2mhyper::proto::h1::conn[0m[2m:[0m incoming body is content-length (45 bytes)
[2m2025-12-10T10:19:04.490761Z[0m [34mDEBUG[0m [2mhyper::proto::h1::conn[0m[2m:[0m incoming body completed
[2m2025-12-10T10:19:04.490766Z[0m [34mDEBUG[0m [2mhyper::client::pool[0m[2m:[0m pooling idle connection for ("http", 192.168.0.14:8545)
[2m2025-12-10T10:19:04.490779Z[0m [34mDEBUG[0m [2mhyper::client::pool[0m[2m:[0m reuse idle connection for ("http", 192.168.0.14:8545)
[2m2025-12-10T10:19:04.490797Z[0m [34mDEBUG[0m [2mhyper::proto::h1::io[0m[2m:[0m flushed 172 bytes
[2m2025-12-10T10:19:04.494636Z[0m [34mDEBUG[0m [2mhyper::proto::h1::io[0m[2m:[0m parsed 4 headers
[2m2025-12-10T10:19:04.494692Z[0m [34mDEBUG[0m [2mhyper::proto::h1::conn[0m[2m:[0m incoming body is content-length (45 bytes)
[2m2025-12-10T10:19:04.494738Z[0m [34mDEBUG[0m [2mhyper::proto::h1::conn[0m[2m:[0m incoming body completed
[2m2025-12-10T10:19:04.494805Z[0m [34mDEBUG[0m [2mhyper::client::pool[0m[2m:[0m pooling idle connection for ("http", 192.168.0.14:8545)
[2m2025-12-10T10:19:04.494898Z[0m [34mDEBUG[0m [2mhyper::client::pool[0m[2m:[0m reuse idle connection for ("http", 192.168.0.14:8545)
[2m2025-12-10T10:19:04.494991Z[0m [34mDEBUG[0m [2mhyper::proto::h1::io[0m[2m:[0m flushed 172 bytes
[2m2025-12-10T10:19:04.499737Z[0m [34mDEBUG[0m [2mhyper::proto::h1::io[0m[2m:[0m parsed 4 headers
[2m2025-12-10T10:19:04.499748Z[0m [34mDEBUG[0m [2mhyper::proto::h1::conn[0m[2m:[0m incoming body is content-length (45 bytes)
[2m2025-12-10T10:19:04.499755Z[0m [34mDEBUG[0m [2mhyper::proto::h1::conn[0m[2m:[0m incoming body completed
[2m2025-12-10T10:19:04.499765Z[0m [34mDEBUG[0m [2mhyper::client::pool[0m[2m:[0m pooling idle connection for ("http", 192.168.0.14:8545)
[2m2025-12-10T10:19:04.499784Z[0m [34mDEBUG[0m [2mhyper::client::pool[0m[2m:[0m reuse idle connection for ("http", 192.168.0.14:8545)
[2m2025-12-10T10:19:04.499816Z[0m [34mDEBUG[0m [2mhyper::proto::h1::io[0m[2m:[0m flushed 172 bytes
[2m2025-12-10T10:19:04.503636Z[0m [34mDEBUG[0m [2mhyper::proto::h1::io[0m[2m:[0m parsed 4 headers
[2m2025-12-10T10:19:04.503643Z[0m [34mDEBUG[0m [2mhyper::proto::h1::conn[0m[2m:[0m incoming body is content-length (45 bytes)
[2m2025-12-10T10:19:04.503650Z[0m [34mDEBUG[0m [2mhyper::proto::h1::conn[0m[2m:[0m incoming body completed
[2m2025-12-10T10:19:04.503656Z[0m [34mDEBUG[0m [2mhyper::client::pool[0m[2m:[0m pooling idle connection for ("http", 192.168.0.14:8545)
[2m2025-12-10T10:19:04.503672Z[0m [34mDEBUG[0m [2mhyper::client::pool[0m[2m:[0m reuse idle connection for ("http", 192.168.0.14:8545)
[2m2025-12-10T10:19:04.503696Z[0m [34mDEBUG[0m [2mhyper::proto::h1::io[0m[2m:[0m flushed 172 bytes
[2m2025-12-10T10:19:04.517209Z[0m [34mDEBUG[0m [2mhyper::proto::h1::io[0m[2m:[0m parsed 4 headers
[2m2025-12-10T10:19:04.517681Z[0m [34mDEBUG[0m [2mhyper::proto::h1::conn[0m[2m:[0m incoming body is content-length (45 bytes)
[2m2025-12-10T10:19:04.517702Z[0m [34mDEBUG[0m [2mhyper::proto::h1::conn[0m[2m:[0m incoming body completed
[2m2025-12-10T10:19:04.517724Z[0m [34mDEBUG[0m [2mhyper::client::pool[0m[2m:[0m pooling idle connection for ("http", 192.168.0.14:8545)
[2m2025-12-10T10:19:04.517756Z[0m [34mDEBUG[0m [2mhyper::client::pool[0m[2m:[0m reuse idle connection for ("http", 192.168.0.14:8545)
[2m2025-12-10T10:19:04.517823Z[0m [34mDEBUG[0m [2mhyper::proto::h1::io[0m[2m:[0m flushed 172 bytes
[2m2025-12-10T10:19:04.521951Z[0m [34mDEBUG[0m [2mhyper::proto::h1::io[0m[2m:[0m parsed 4 headers
[2m2025-12-10T10:19:04.521972Z[0m [34mDEBUG[0m [2mhyper::proto::h1::conn[0m[2m:[0m incoming body is content-length (45 bytes)
[2m2025-12-10T10:19:04.521983Z[0m [34mDEBUG[0m [2mhyper::proto::h1::conn[0m[2m:[0m incoming body completed
[2m2025-12-10T10:19:04.521996Z[0m [34mDEBUG[0m [2mhyper::client::pool[0m[2m:[0m pooling idle connection for ("http", 192.168.0.14:8545)
[2m2025-12-10T10:19:04.522019Z[0m [34mDEBUG[0m [2mhyper::client::pool[0m[2m:[0m reuse idle connection for ("http", 192.168.0.14:8545)
[2m2025-12-10T10:19:04.522508Z[0m [34mDEBUG[0m [2mhyper::proto::h1::io[0m[2m:[0m flushed 172 bytes
[2m2025-12-10T10:19:04.527447Z[0m [34mDEBUG[0m [2mhyper::proto::h1::io[0m[2m:[0m parsed 4 headers
[2m2025-12-10T10:19:04.537336Z[0m [34mDEBUG[0m [2mhyper::proto::h1::conn[0m[2m:[0m incoming body is content-length (45 bytes)
[2m2025-12-10T10:19:04.537358Z[0m [34mDEBUG[0m [2mhyper::proto::h1::conn[0m[2m:[0m incoming body completed
[2m2025-12-10T10:19:04.537373Z[0m [34mDEBUG[0m [2mhyper::client::pool[0m[2m:[0m pooling idle connection for ("http", 192.168.0.14:8545)
[2m2025-12-10T10:19:04.537427Z[0m [34mDEBUG[0m [2mhyper::client::pool[0m[2m:[0m reuse idle connection for ("http", 192.168.0.14:8545)
[2m2025-12-10T10:19:04.537491Z[0m [34mDEBUG[0m [2mhyper::proto::h1::io[0m[2m:[0m flushed 172 bytes
[2m2025-12-10T10:19:04.541666Z[0m [34mDEBUG[0m [2mhyper::proto::h1::io[0m[2m:[0m parsed 4 headers
[2m2025-12-10T10:19:04.541688Z[0m [34mDEBUG[0m [2mhyper::proto::h1::conn[0m[2m:[0m incoming body is content-length (45 bytes)
[2m2025-12-10T10:19:04.541700Z[0m [34mDEBUG[0m [2mhyper::proto::h1::conn[0m[2m:[0m incoming body completed
[2m2025-12-10T10:19:04.541713Z[0m [34mDEBUG[0m [2mhyper::client::pool[0m[2m:[0m pooling idle connection for ("http", 192.168.0.14:8545)
[2m2025-12-10T10:19:04.541789Z[0m [34mDEBUG[0m [2mhyper::client::pool[0m[2m:[0m reuse idle connection for ("http", 192.168.0.14:8545)
[2m2025-12-10T10:19:04.541832Z[0m [34mDEBUG[0m [2mhyper::proto::h1::io[0m[2m:[0m flushed 172 bytes
[2m2025-12-10T10:19:04.546720Z[0m [34mDEBUG[0m [2mhyper::proto::h1::io[0m[2m:[0m parsed 4 headers
[2m2025-12-10T10:19:04.546954Z[0m [34mDEBUG[0m [2mhyper::proto::h1::conn[0m[2m:[0m incoming body is content-length (45 bytes)
[2m2025-12-10T10:19:04.546980Z[0m [34mDEBUG[0m [2mhyper::proto::h1::conn[0m[2m:[0m incoming body completed
[2m2025-12-10T10:19:04.546997Z[0m [34mDEBUG[0m [2mhyper::client::pool[0m[2m:[0m pooling idle connection for ("http", 192.168.0.14:8545)
[2m2025-12-10T10:19:04.547136Z[0m [34mDEBUG[0m [2mhyper::client::pool[0m[2m:[0m reuse idle connection for ("http", 192.168.0.14:8545)
[2m2025-12-10T10:19:04.547216Z[0m [34mDEBUG[0m [2mhyper::proto::h1::io[0m[2m:[0m flushed 172 bytes
[2m2025-12-10T10:19:04.550612Z[0m [34mDEBUG[0m [2mhyper::proto::h1::io[0m[2m:[0m parsed 4 headers
[2m2025-12-10T10:19:04.551459Z[0m [34mDEBUG[0m [2mhyper::proto::h1::conn[0m[2m:[0m incoming body is content-length (45 bytes)
[2m2025-12-10T10:19:04.551476Z[0m [34mDEBUG[0m [2mhyper::proto::h1::conn[0m[2m:[0m incoming body completed
[2m2025-12-10T10:19:04.551496Z[0m [34mDEBUG[0m [2mhyper::client::pool[0m[2m:[0m pooling idle connection for ("http", 192.168.0.14:8545)
[2m2025-12-10T10:19:04.551526Z[0m [34mDEBUG[0m [2mhyper::client::pool[0m[2m:[0m reuse idle connection for ("http", 192.168.0.14:8545)
[2m2025-12-10T10:19:04.551574Z[0m [34mDEBUG[0m [2mhyper::proto::h1::io[0m[2m:[0m flushed 172 bytes
[2m2025-12-10T10:19:04.556171Z[0m [34mDEBUG[0m [2mhyper::proto::h1::io[0m[2m:[0m parsed 4 headers
[2m2025-12-10T10:19:04.556178Z[0m [34mDEBUG[0m [2mhyper::proto::h1::conn[0m[2m:[0m incoming body is content-length (45 bytes)
[2m2025-12-10T10:19:04.556184Z[0m [34mDEBUG[0m [2mhyper::proto::h1::conn[0m[2m:[0m incoming body completed
[2m2025-12-10T10:19:04.556191Z[0m [34mDEBUG[0m [2mhyper::client::pool[0m[2m:[0m pooling idle connection for ("http", 192.168.0.14:8545)
[2m2025-12-10T10:19:04.556209Z[0m [34mDEBUG[0m [2mhyper::client::pool[0m[2m:[0m reuse idle connection for ("http", 192.168.0.14:8545)
[2m2025-12-10T10:19:04.556229Z[0m [34mDEBUG[0m [2mhyper::proto::h1::io[0m[2m:[0m flushed 172 bytes
[2m2025-12-10T10:19:04.559740Z[0m [34mDEBUG[0m [2mhyper::proto::h1::io[0m[2m:[0m parsed 4 headers
[2m2025-12-10T10:19:04.559748Z[0m [34mDEBUG[0m [2mhyper::proto::h1::conn[0m[2m:[0m incoming body is content-length (45 bytes)
[2m2025-12-10T10:19:04.559754Z[0m [34mDEBUG[0m [2mhyper::proto::h1::conn[0m[2m:[0m incoming body completed
[2m2025-12-10T10:19:04.559760Z[0m [34mDEBUG[0m [2mhyper::client::pool[0m[2m:[0m pooling idle connection for ("http", 192.168.0.14:8545)
[2m2025-12-10T10:19:04.559774Z[0m [34mDEBUG[0m [2mhyper::client::pool[0m[2m:[0m reuse idle connection for ("http", 192.168.0.14:8545)
[2m2025-12-10T10:19:04.559795Z[0m [34mDEBUG[0m [2mhyper::proto::h1::io[0m[2m:[0m flushed 172 bytes
[2m2025-12-10T10:19:04.565782Z[0m [34mDEBUG[0m [2mhyper::proto::h1::io[0m[2m:[0m parsed 4 headers
[2m2025-12-10T10:19:04.565789Z[0m [34mDEBUG[0m [2mhyper::proto::h1::conn[0m[2m:[0m incoming body is content-length (45 bytes)
[2m2025-12-10T10:19:04.565794Z[0m [34mDEBUG[0m [2mhyper::proto::h1::conn[0m[2m:[0m incoming body completed
[2m2025-12-10T10:19:04.565800Z[0m [34mDEBUG[0m [2mhyper::client::pool[0m[2m:[0m pooling idle connection for ("http", 192.168.0.14:8545)
[2m2025-12-10T10:19:04.565811Z[0m [34mDEBUG[0m [2mhyper::client::pool[0m[2m:[0m reuse idle connection for ("http", 192.168.0.14:8545)
[2m2025-12-10T10:19:04.565826Z[0m [34mDEBUG[0m [2mhyper::proto::h1::io[0m[2m:[0m flushed 172 bytes
[2m2025-12-10T10:19:04.569607Z[0m [34mDEBUG[0m [2mhyper::proto::h1::io[0m[2m:[0m parsed 4 headers
[2m2025-12-10T10:19:04.569614Z[0m [34mDEBUG[0m [2mhyper::proto::h1::conn[0m[2m:[0m incoming body is content-length (45 bytes)
[2m2025-12-10T10:19:04.569619Z[0m [34mDEBUG[0m [2mhyper::proto::h1::conn[0m[2m:[0m incoming body completed
[2m2025-12-10T10:19:04.569624Z[0m [34mDEBUG[0m [2mhyper::client::pool[0m[2m:[0m pooling idle connection for ("http", 192.168.0.14:8545)
[2m2025-12-10T10:19:04.569634Z[0m [34mDEBUG[0m [2mhyper::client::pool[0m[2m:[0m reuse idle connection for ("http", 192.168.0.14:8545)
[2m2025-12-10T10:19:04.569650Z[0m [34mDEBUG[0m [2mhyper::proto::h1::io[0m[2m:[0m flushed 172 bytes
[2m2025-12-10T10:19:04.574951Z[0m [34mDEBUG[0m [2mhyper::proto::h1::io[0m[2m:[0m parsed 4 headers
[2m2025-12-10T10:19:04.574957Z[0m [34mDEBUG[0m [2mhyper::proto::h1::conn[0m[2m:[0m incoming body is content-length (45 bytes)
[2m2025-12-10T10:19:04.574962Z[0m [34mDEBUG[0m [2mhyper::proto::h1::conn[0m[2m:[0m incoming body completed
[2m2025-12-10T10:19:04.574967Z[0m [34mDEBUG[0m [2mhyper::client::pool[0m[2m:[0m pooling idle connection for ("http", 192.168.0.14:8545)
[2m2025-12-10T10:19:04.574976Z[0m [34mDEBUG[0m [2mhyper::client::pool[0m[2m:[0m reuse idle connection for ("http", 192.168.0.14:8545)
[2m2025-12-10T10:19:04.574990Z[0m [34mDEBUG[0m [2mhyper::proto::h1::io[0m[2m:[0m flushed 172 bytes
[2m2025-12-10T10:19:04.579119Z[0m [34mDEBUG[0m [2mhyper::proto::h1::io[0m[2m:[0m parsed 4 headers
[2m2025-12-10T10:19:04.579124Z[0m [34mDEBUG[0m [2mhyper::proto::h1::conn[0m[2m:[0m incoming body is content-length (45 bytes)
[2m2025-12-10T10:19:04.579128Z[0m [34mDEBUG[0m [2mhyper::proto::h1::conn[0m[2m:[0m incoming body completed
[2m2025-12-10T10:19:04.579133Z[0m [34mDEBUG[0m [2mhyper::client::pool[0m[2m:[0m pooling idle connection for ("http", 192.168.0.14:8545)
[2m2025-12-10T10:19:04.579141Z[0m [34mDEBUG[0m [2mhyper::client::pool[0m[2m:[0m reuse idle connection for ("http", 192.168.0.14:8545)
[2m2025-12-10T10:19:04.579154Z[0m [34mDEBUG[0m [2mhyper::proto::h1::io[0m[2m:[0m flushed 172 bytes
[2m2025-12-10T10:19:04.583266Z[0m [34mDEBUG[0m [2mhyper::proto::h1::io[0m[2m:[0m parsed 4 headers
[2m2025-12-10T10:19:04.583272Z[0m [34mDEBUG[0m [2mhyper::proto::h1::conn[0m[2m:[0m incoming body is content-length (45 bytes)
[2m2025-12-10T10:19:04.583277Z[0m [34mDEBUG[0m [2mhyper::proto::h1::conn[0m[2m:[0m incoming body completed
[2m2025-12-10T10:19:04.583282Z[0m [34mDEBUG[0m [2mhyper::client::pool[0m[2m:[0m pooling idle connection for ("http", 192.168.0.14:8545)
[2m2025-12-10T10:19:04.583291Z[0m [34mDEBUG[0m [2mhyper::client::pool[0m[2m:[0m reuse idle connection for ("http", 192.168.0.14:8545)
[2m2025-12-10T10:19:04.583309Z[0m [34mDEBUG[0m [2mhyper::proto::h1::io[0m[2m:[0m flushed 172 bytes
[2m2025-12-10T10:19:04.586747Z[0m [34mDEBUG[0m [2mhyper::proto::h1::io[0m[2m:[0m parsed 4 headers
[2m2025-12-10T10:19:04.586753Z[0m [34mDEBUG[0m [2mhyper::proto::h1::conn[0m[2m:[0m incoming body is content-length (45 bytes)
[2m2025-12-10T10:19:04.586759Z[0m [34mDEBUG[0m [2mhyper::proto::h1::conn[0m[2m:[0m incoming body completed
[2m2025-12-10T10:19:04.586765Z[0m [34mDEBUG[0m [2mhyper::client::pool[0m[2m:[0m pooling idle connection for ("http", 192.168.0.14:8545)
[2m2025-12-10T10:19:04.586777Z[0m [34mDEBUG[0m [2mhyper::client::pool[0m[2m:[0m reuse idle connection for ("http", 192.168.0.14:8545)
[2m2025-12-10T10:19:04.586791Z[0m [34mDEBUG[0m [2mhyper::proto::h1::io[0m[2m:[0m flushed 172 bytes
[2m2025-12-10T10:19:04.590247Z[0m [34mDEBUG[0m [2mhyper::proto::h1::io[0m[2m:[0m parsed 4 headers
[2m2025-12-10T10:19:04.590252Z[0m [34mDEBUG[0m [2mhyper::proto::h1::conn[0m[2m:[0m incoming body is content-length (45 bytes)
[2m2025-12-10T10:19:04.590256Z[0m [34mDEBUG[0m [2mhyper::proto::h1::conn[0m[2m:[0m incoming body completed
[2m2025-12-10T10:19:04.590261Z[0m [34mDEBUG[0m [2mhyper::client::pool[0m[2m:[0m pooling idle connection for ("http", 192.168.0.14:8545)
[2m2025-12-10T10:19:04.590269Z[0m [34mDEBUG[0m [2mhyper::client::pool[0m[2m:[0m reuse idle connection for ("http", 192.168.0.14:8545)
[2m2025-12-10T10:19:04.590289Z[0m [34mDEBUG[0m [2mhyper::proto::h1::io[0m[2m:[0m flushed 172 bytes
[2m2025-12-10T10:19:04.593758Z[0m [34mDEBUG[0m [2mhyper::proto::h1::io[0m[2m:[0m parsed 4 headers
[2m2025-12-10T10:19:04.593765Z[0m [34mDEBUG[0m [2mhyper::proto::h1::conn[0m[2m:[0m incoming body is content-length (45 bytes)
[2m2025-12-10T10:19:04.593770Z[0m [34mDEBUG[0m [2mhyper::proto::h1::conn[0m[2m:[0m incoming body completed
[2m2025-12-10T10:19:04.593776Z[0m [34mDEBUG[0m [2mhyper::client::pool[0m[2m:[0m pooling idle connection for ("http", 192.168.0.14:8545)
[2m2025-12-10T10:19:04.593785Z[0m [34mDEBUG[0m [2mhyper::client::pool[0m[2m:[0m reuse idle connection for ("http", 192.168.0.14:8545)
[2m2025-12-10T10:19:04.593802Z[0m [34mDEBUG[0m [2mhyper::proto::h1::io[0m[2m:[0m flushed 172 bytes
[2m2025-12-10T10:19:04.598075Z[0m [34mDEBUG[0m [2mhyper::proto::h1::io[0m[2m:[0m parsed 4 headers
[2m2025-12-10T10:19:04.598122Z[0m [34mDEBUG[0m [2mhyper::proto::h1::conn[0m[2m:[0m incoming body is content-length (45 bytes)
[2m2025-12-10T10:19:04.598133Z[0m [34mDEBUG[0m [2mhyper::proto::h1::conn[0m[2m:[0m incoming body completed
[2m2025-12-10T10:19:04.598138Z[0m [34mDEBUG[0m [2mhyper::client::pool[0m[2m:[0m pooling idle connection for ("http", 192.168.0.14:8545)
[2m2025-12-10T10:19:04.598149Z[0m [34mDEBUG[0m [2mhyper::client::pool[0m[2m:[0m reuse idle connection for ("http", 192.168.0.14:8545)
[2m2025-12-10T10:19:04.598165Z[0m [34mDEBUG[0m [2mhyper::proto::h1::io[0m[2m:[0m flushed 172 bytes
[2m2025-12-10T10:19:04.601811Z[0m [34mDEBUG[0m [2mhyper::proto::h1::io[0m[2m:[0m parsed 4 headers
[2m2025-12-10T10:19:04.601818Z[0m [34mDEBUG[0m [2mhyper::proto::h1::conn[0m[2m:[0m incoming body is content-length (45 bytes)
[2m2025-12-10T10:19:04.601822Z[0m [34mDEBUG[0m [2mhyper::proto::h1::conn[0m[2m:[0m incoming body completed
[2m2025-12-10T10:19:04.601827Z[0m [34mDEBUG[0m [2mhyper::client::pool[0m[2m:[0m pooling idle connection for ("http", 192.168.0.14:8545)
[2m2025-12-10T10:19:04.601836Z[0m [34mDEBUG[0m [2mhyper::client::pool[0m[2m:[0m reuse idle connection for ("http", 192.168.0.14:8545)
[2m2025-12-10T10:19:04.601849Z[0m [34mDEBUG[0m [2mhyper::proto::h1::io[0m[2m:[0m flushed 172 bytes
[2m2025-12-10T10:19:04.605719Z[0m [34mDEBUG[0m [2mhyper::proto::h1::io[0m[2m:[0m parsed 4 headers
[2m2025-12-10T10:19:04.605727Z[0m [34mDEBUG[0m [2mhyper::proto::h1::conn[0m[2m:[0m incoming body is content-length (45 bytes)
[2m2025-12-10T10:19:04.605732Z[0m [34mDEBUG[0m [2mhyper::proto::h1::conn[0m[2m:[0m incoming body completed
[2m2025-12-10T10:19:04.605737Z[0m [34mDEBUG[0m [2mhyper::client::pool[0m[2m:[0m pooling idle connection for ("http", 192.168.0.14:8545)
[2m2025-12-10T10:19:04.605746Z[0m [34mDEBUG[0m [2mhyper::client::pool[0m[2m:[0m reuse idle connection for ("http", 192.168.0.14:8545)
[2m2025-12-10T10:19:04.605760Z[0m [34mDEBUG[0m [2mhyper::proto::h1::io[0m[2m:[0m flushed 172 bytes
[2m2025-12-10T10:19:04.609366Z[0m [34mDEBUG[0m [2mhyper::proto::h1::io[0m[2m:[0m parsed 4 headers
[2m2025-12-10T10:19:04.609372Z[0m [34mDEBUG[0m [2mhyper::proto::h1::conn[0m[2m:[0m incoming body is content-length (45 bytes)
[2m2025-12-10T10:19:04.609376Z[0m [34mDEBUG[0m [2mhyper::proto::h1::conn[0m[2m:[0m incoming body completed
[2m2025-12-10T10:19:04.609381Z[0m [34mDEBUG[0m [2mhyper::client::pool[0m[2m:[0m pooling idle connection for ("http", 192.168.0.14:8545)
[2m2025-12-10T10:19:04.609388Z[0m [34mDEBUG[0m [2mhyper::client::pool[0m[2m:[0m reuse idle connection for ("http", 192.168.0.14:8545)
[2m2025-12-10T10:19:04.609401Z[0m [34mDEBUG[0m [2mhyper::proto::h1::io[0m[2m:[0m flushed 172 bytes
[2m2025-12-10T10:19:04.614238Z[0m [34mDEBUG[0m [2mhyper::proto::h1::io[0m[2m:[0m parsed 4 headers
[2m2025-12-10T10:19:04.614247Z[0m [34mDEBUG[0m [2mhyper::proto::h1::conn[0m[2m:[0m incoming body is content-length (45 bytes)
[2m2025-12-10T10:19:04.614287Z[0m [34mDEBUG[0m [2mhyper::proto::h1::conn[0m[2m:[0m incoming body completed
[2m2025-12-10T10:19:04.614319Z[0m [34mDEBUG[0m [2mhyper::client::pool[0m[2m:[0m pooling idle connection for ("http", 192.168.0.14:8545)
[2m2025-12-10T10:19:04.614340Z[0m [34mDEBUG[0m [2mhyper::client::pool[0m[2m:[0m reuse idle connection for ("http", 192.168.0.14:8545)
[2m2025-12-10T10:19:04.614359Z[0m [34mDEBUG[0m [2mhyper::proto::h1::io[0m[2m:[0m flushed 172 bytes
[2m2025-12-10T10:19:04.618304Z[0m [34mDEBUG[0m [2mhyper::proto::h1::io[0m[2m:[0m parsed 4 headers
[2m2025-12-10T10:19:04.618311Z[0m [34mDEBUG[0m [2mhyper::proto::h1::conn[0m[2m:[0m incoming body is content-length (45 bytes)
[2m2025-12-10T10:19:04.618316Z[0m [34mDEBUG[0m [2mhyper::proto::h1::conn[0m[2m:[0m incoming body completed
[2m2025-12-10T10:19:04.618321Z[0m [34mDEBUG[0m [2mhyper::client::pool[0m[2m:[0m pooling idle connection for ("http", 192.168.0.14:8545)
[2m2025-12-10T10:19:04.618330Z[0m [34mDEBUG[0m [2mhyper::client::pool[0m[2m:[0m reuse idle connection for ("http", 192.168.0.14:8545)
[2m2025-12-10T10:19:04.618346Z[0m [34mDEBUG[0m [2mhyper::proto::h1::io[0m[2m:[0m flushed 172 bytes
[2m2025-12-10T10:19:04.623529Z[0m [34mDEBUG[0m [2mhyper::proto::h1::io[0m[2m:[0m parsed 4 headers
[2m2025-12-10T10:19:04.623539Z[0m [34mDEBUG[0m [2mhyper::proto::h1::conn[0m[2m:[0m incoming body is content-length (45 bytes)
[2m2025-12-10T10:19:04.623544Z[0m [34mDEBUG[0m [2mhyper::proto::h1::conn[0m[2m:[0m incoming body completed
[2m2025-12-10T10:19:04.623551Z[0m [34mDEBUG[0m [2mhyper::client::pool[0m[2m:[0m pooling idle connection for ("http", 192.168.0.14:8545)
[2m2025-12-10T10:19:04.623564Z[0m [34mDEBUG[0m [2mhyper::client::pool[0m[2m:[0m reuse idle connection for ("http", 192.168.0.14:8545)
[2m2025-12-10T10:19:04.623583Z[0m [34mDEBUG[0m [2mhyper::proto::h1::io[0m[2m:[0m flushed 172 bytes
[2m2025-12-10T10:19:04.637532Z[0m [34mDEBUG[0m [2mhyper::proto::h1::io[0m[2m:[0m parsed 4 headers
[2m2025-12-10T10:19:04.637574Z[0m [34mDEBUG[0m [2mhyper::proto::h1::conn[0m[2m:[0m incoming body is content-length (45 bytes)
[2m2025-12-10T10:19:04.637591Z[0m [34mDEBUG[0m [2mhyper::proto::h1::conn[0m[2m:[0m incoming body completed
[2m2025-12-10T10:19:04.637703Z[0m [34mDEBUG[0m [2mhyper::client::pool[0m[2m:[0m pooling idle connection for ("http", 192.168.0.14:8545)
[2m2025-12-10T10:19:04.638400Z[0m [34mDEBUG[0m [2mhyper::client::pool[0m[2m:[0m reuse idle connection for ("http", 192.168.0.14:8545)
[2m2025-12-10T10:19:04.638494Z[0m [34mDEBUG[0m [2mhyper::proto::h1::io[0m[2m:[0m flushed 172 bytes
[2m2025-12-10T10:19:04.644412Z[0m [34mDEBUG[0m [2mhyper::proto::h1::io[0m[2m:[0m parsed 4 headers
[2m2025-12-10T10:19:04.644609Z[0m [34mDEBUG[0m [2mhyper::proto::h1::conn[0m[2m:[0m incoming body is content-length (45 bytes)
[2m2025-12-10T10:19:04.644617Z[0m [34mDEBUG[0m [2mhyper::proto::h1::conn[0m[2m:[0m incoming body completed
[2m2025-12-10T10:19:04.644628Z[0m [34mDEBUG[0m [2mhyper::client::pool[0m[2m:[0m pooling idle connection for ("http", 192.168.0.14:8545)
[2m2025-12-10T10:19:04.644657Z[0m [34mDEBUG[0m [2mhyper::client::pool[0m[2m:[0m reuse idle connection for ("http", 192.168.0.14:8545)
[2m2025-12-10T10:19:04.644762Z[0m [34mDEBUG[0m [2mhyper::proto::h1::io[0m[2m:[0m flushed 172 bytes
[2m2025-12-10T10:19:04.653908Z[0m [34mDEBUG[0m [2mhyper::proto::h1::io[0m[2m:[0m parsed 4 headers
[2m2025-12-10T10:19:04.653957Z[0m [34mDEBUG[0m [2mhyper::proto::h1::conn[0m[2m:[0m incoming body is content-length (45 bytes)
[2m2025-12-10T10:19:04.653972Z[0m [34mDEBUG[0m [2mhyper::proto::h1::conn[0m[2m:[0m incoming body completed
[2m2025-12-10T10:19:04.654074Z[0m [34mDEBUG[0m [2mhyper::client::pool[0m[2m:[0m pooling idle connection for ("http", 192.168.0.14:8545)
[2m2025-12-10T10:19:04.654126Z[0m [34mDEBUG[0m [2mhyper::client::pool[0m[2m:[0m reuse idle connection for ("http", 192.168.0.14:8545)
[2m2025-12-10T10:19:04.654199Z[0m [34mDEBUG[0m [2mhyper::proto::h1::io[0m[2m:[0m flushed 172 bytes
[2m2025-12-10T10:19:04.657737Z[0m [34mDEBUG[0m [2mhyper::proto::h1::io[0m[2m:[0m parsed 4 headers
[2m2025-12-10T10:19:04.657768Z[0m [34mDEBUG[0m [2mhyper::proto::h1::conn[0m[2m:[0m incoming body is content-length (45 bytes)
[2m2025-12-10T10:19:04.657778Z[0m [34mDEBUG[0m [2mhyper::proto::h1::conn[0m[2m:[0m incoming body completed
[2m2025-12-10T10:19:04.657788Z[0m [34mDEBUG[0m [2mhyper::client::pool[0m[2m:[0m pooling idle connection for ("http", 192.168.0.14:8545)
[2m2025-12-10T10:19:04.657821Z[0m [34mDEBUG[0m [2mhyper::client::pool[0m[2m:[0m reuse idle connection for ("http", 192.168.0.14:8545)
[2m2025-12-10T10:19:04.657916Z[0m [34mDEBUG[0m [2mhyper::proto::h1::io[0m[2m:[0m flushed 172 bytes
[2m2025-12-10T10:19:04.661463Z[0m [34mDEBUG[0m [2mhyper::proto::h1::io[0m[2m:[0m parsed 4 headers
[2m2025-12-10T10:19:04.661485Z[0m [34mDEBUG[0m [2mhyper::proto::h1::conn[0m[2m:[0m incoming body is content-length (45 bytes)
[2m2025-12-10T10:19:04.661495Z[0m [34mDEBUG[0m [2mhyper::proto::h1::conn[0m[2m:[0m incoming body completed
[2m2025-12-10T10:19:04.661507Z[0m [34mDEBUG[0m [2mhyper::client::pool[0m[2m:[0m pooling idle connection for ("http", 192.168.0.14:8545)
[2m2025-12-10T10:19:04.661542Z[0m [34mDEBUG[0m [2mhyper::client::pool[0m[2m:[0m reuse idle connection for ("http", 192.168.0.14:8545)
[2m2025-12-10T10:19:04.661592Z[0m [34mDEBUG[0m [2mhyper::proto::h1::io[0m[2m:[0m flushed 172 bytes
[2m2025-12-10T10:19:04.666072Z[0m [34mDEBUG[0m [2mhyper::proto::h1::io[0m[2m:[0m parsed 4 headers
[2m2025-12-10T10:19:04.666114Z[0m [34mDEBUG[0m [2mhyper::proto::h1::conn[0m[2m:[0m incoming body is content-length (45 bytes)
[2m2025-12-10T10:19:04.666130Z[0m [34mDEBUG[0m [2mhyper::proto::h1::conn[0m[2m:[0m incoming body completed
[2m2025-12-10T10:19:04.666141Z[0m [34mDEBUG[0m [2mhyper::client::pool[0m[2m:[0m pooling idle connection for ("http", 192.168.0.14:8545)
[2m2025-12-10T10:19:04.666166Z[0m [34mDEBUG[0m [2mhyper::client::pool[0m[2m:[0m reuse idle connection for ("http", 192.168.0.14:8545)
[2m2025-12-10T10:19:04.666207Z[0m [34mDEBUG[0m [2mhyper::proto::h1::io[0m[2m:[0m flushed 172 bytes
[2m2025-12-10T10:19:04.675527Z[0m [34mDEBUG[0m [2mhyper::proto::h1::io[0m[2m:[0m parsed 4 headers
[2m2025-12-10T10:19:04.675558Z[0m [34mDEBUG[0m [2mhyper::proto::h1::conn[0m[2m:[0m incoming body is content-length (45 bytes)
[2m2025-12-10T10:19:04.675568Z[0m [34mDEBUG[0m [2mhyper::proto::h1::conn[0m[2m:[0m incoming body completed
[2m2025-12-10T10:19:04.675581Z[0m [34mDEBUG[0m [2mhyper::client::pool[0m[2m:[0m pooling idle connection for ("http", 192.168.0.14:8545)
[2m2025-12-10T10:19:04.675811Z[0m [34mDEBUG[0m [2mhyper::client::pool[0m[2m:[0m reuse idle connection for ("http", 192.168.0.14:8545)
[2m2025-12-10T10:19:04.675860Z[0m [34mDEBUG[0m [2mhyper::proto::h1::io[0m[2m:[0m flushed 172 bytes
[2m2025-12-10T10:19:04.679205Z[0m [34mDEBUG[0m [2mhyper::proto::h1::io[0m[2m:[0m parsed 4 headers
[2m2025-12-10T10:19:04.679274Z[0m [34mDEBUG[0m [2mhyper::proto::h1::conn[0m[2m:[0m incoming body is content-length (45 bytes)
[2m2025-12-10T10:19:04.679296Z[0m [34mDEBUG[0m [2mhyper::proto::h1::conn[0m[2m:[0m incoming body completed
[2m2025-12-10T10:19:04.679307Z[0m [34mDEBUG[0m [2mhyper::client::pool[0m[2m:[0m pooling idle connection for ("http", 192.168.0.14:8545)
[2m2025-12-10T10:19:04.679404Z[0m [34mDEBUG[0m [2mhyper::client::pool[0m[2m:[0m reuse idle connection for ("http", 192.168.0.14:8545)
[2m2025-12-10T10:19:04.679548Z[0m [34mDEBUG[0m [2mhyper::proto::h1::io[0m[2m:[0m flushed 172 bytes
[2m2025-12-10T10:19:04.683689Z[0m [34mDEBUG[0m [2mhyper::proto::h1::io[0m[2m:[0m parsed 4 headers
[2m2025-12-10T10:19:04.683792Z[0m [34mDEBUG[0m [2mhyper::proto::h1::conn[0m[2m:[0m incoming body is content-length (45 bytes)
[2m2025-12-10T10:19:04.683820Z[0m [34mDEBUG[0m [2mhyper::proto::h1::conn[0m[2m:[0m incoming body completed
[2m2025-12-10T10:19:04.683851Z[0m [34mDEBUG[0m [2mhyper::client::pool[0m[2m:[0m pooling idle connection for ("http", 192.168.0.14:8545)
[2m2025-12-10T10:19:04.683904Z[0m [34mDEBUG[0m [2mhyper::client::pool[0m[2m:[0m reuse idle connection for ("http", 192.168.0.14:8545)
[2m2025-12-10T10:19:04.683965Z[0m [34mDEBUG[0m [2mhyper::proto::h1::io[0m[2m:[0m flushed 172 bytes
[2m2025-12-10T10:19:04.689601Z[0m [34mDEBUG[0m [2mhyper::proto::h1::io[0m[2m:[0m parsed 4 headers
[2m2025-12-10T10:19:04.689627Z[0m [34mDEBUG[0m [2mhyper::proto::h1::conn[0m[2m:[0m incoming body is content-length (45 bytes)
[2m2025-12-10T10:19:04.689637Z[0m [34mDEBUG[0m [2mhyper::proto::h1::conn[0m[2m:[0m incoming body completed
[2m2025-12-10T10:19:04.689650Z[0m [34mDEBUG[0m [2mhyper::client::pool[0m[2m:[0m pooling idle connection for ("http", 192.168.0.14:8545)
[2m2025-12-10T10:19:04.689725Z[0m [34mDEBUG[0m [2mhyper::client::pool[0m[2m:[0m reuse idle connection for ("http", 192.168.0.14:8545)
[2m2025-12-10T10:19:04.689803Z[0m [34mDEBUG[0m [2mhyper::proto::h1::io[0m[2m:[0m flushed 172 bytes
[2m2025-12-10T10:19:04.693204Z[0m [34mDEBUG[0m [2mhyper::proto::h1::io[0m[2m:[0m parsed 4 headers
[2m2025-12-10T10:19:04.693250Z[0m [34mDEBUG[0m [2mhyper::proto::h1::conn[0m[2m:[0m incoming body is content-length (45 bytes)
[2m2025-12-10T10:19:04.693267Z[0m [34mDEBUG[0m [2mhyper::proto::h1::conn[0m[2m:[0m incoming body completed
[2m2025-12-10T10:19:04.693295Z[0m [34mDEBUG[0m [2mhyper::client::pool[0m[2m:[0m pooling idle connection for ("http", 192.168.0.14:8545)
[2m2025-12-10T10:19:04.693527Z[0m [34mDEBUG[0m [2mhyper::client::pool[0m[2m:[0m reuse idle connection for ("http", 192.168.0.14:8545)
[2m2025-12-10T10:19:04.693658Z[0m [34mDEBUG[0m [2mhyper::proto::h1::io[0m[2m:[0m flushed 172 bytes
[2m2025-12-10T10:19:04.696970Z[0m [34mDEBUG[0m [2mhyper::proto::h1::io[0m[2m:[0m parsed 4 headers
[2m2025-12-10T10:19:04.696989Z[0m [34mDEBUG[0m [2mhyper::proto::h1::conn[0m[2m:[0m incoming body is content-length (45 bytes)
[2m2025-12-10T10:19:04.697084Z[0m [34mDEBUG[0m [2mhyper::proto::h1::conn[0m[2m:[0m incoming body completed
[2m2025-12-10T10:19:04.697098Z[0m [34mDEBUG[0m [2mhyper::client::pool[0m[2m:[0m pooling idle connection for ("http", 192.168.0.14:8545)
[2m2025-12-10T10:19:04.697123Z[0m [34mDEBUG[0m [2mhyper::client::pool[0m[2m:[0m reuse idle connection for ("http", 192.168.0.14:8545)
[2m2025-12-10T10:19:04.697159Z[0m [34mDEBUG[0m [2mhyper::proto::h1::io[0m[2m:[0m flushed 172 bytes
[2m2025-12-10T10:19:04.704976Z[0m [34mDEBUG[0m [2mhyper::proto::h1::io[0m[2m:[0m parsed 4 headers
[2m2025-12-10T10:19:04.707617Z[0m [34mDEBUG[0m [2mhyper::proto::h1::conn[0m[2m:[0m incoming body is content-length (45 bytes)
[2m2025-12-10T10:19:04.707646Z[0m [34mDEBUG[0m [2mhyper::proto::h1::conn[0m[2m:[0m incoming body completed
[2m2025-12-10T10:19:04.707668Z[0m [34mDEBUG[0m [2mhyper::client::pool[0m[2m:[0m pooling idle connection for ("http", 192.168.0.14:8545)
[2m2025-12-10T10:19:04.707699Z[0m [34mDEBUG[0m [2mhyper::client::pool[0m[2m:[0m reuse idle connection for ("http", 192.168.0.14:8545)
[2m2025-12-10T10:19:04.707764Z[0m [34mDEBUG[0m [2mhyper::proto::h1::io[0m[2m:[0m flushed 172 bytes
[2m2025-12-10T10:19:04.715782Z[0m [34mDEBUG[0m [2mhyper::proto::h1::io[0m[2m:[0m parsed 4 headers
[2m2025-12-10T10:19:04.715824Z[0m [34mDEBUG[0m [2mhyper::proto::h1::conn[0m[2m:[0m incoming body is content-length (45 bytes)
[2m2025-12-10T10:19:04.715852Z[0m [34mDEBUG[0m [2mhyper::proto::h1::conn[0m[2m:[0m incoming body completed
[2m2025-12-10T10:19:04.715864Z[0m [34mDEBUG[0m [2mhyper::client::pool[0m[2m:[0m pooling idle connection for ("http", 192.168.0.14:8545)
[2m2025-12-10T10:19:04.715890Z[0m [34mDEBUG[0m [2mhyper::client::pool[0m[2m:[0m reuse idle connection for ("http", 192.168.0.14:8545)
[2m2025-12-10T10:19:04.715942Z[0m [34mDEBUG[0m [2mhyper::proto::h1::io[0m[2m:[0m flushed 172 bytes
[2m2025-12-10T10:19:04.719888Z[0m [34mDEBUG[0m [2mhyper::proto::h1::io[0m[2m:[0m parsed 4 headers
[2m2025-12-10T10:19:04.719917Z[0m [34mDEBUG[0m [2mhyper::proto::h1::conn[0m[2m:[0m incoming body is content-length (45 bytes)
[2m2025-12-10T10:19:04.719939Z[0m [34mDEBUG[0m [2mhyper::proto::h1::conn[0m[2m:[0m incoming body completed
[2m2025-12-10T10:19:04.719993Z[0m [34mDEBUG[0m [2mhyper::client::pool[0m[2m:[0m pooling idle connection for ("http", 192.168.0.14:8545)
[2m2025-12-10T10:19:04.720078Z[0m [34mDEBUG[0m [2mhyper::client::pool[0m[2m:[0m reuse idle connection for ("http", 192.168.0.14:8545)
[2m2025-12-10T10:19:04.720122Z[0m [34mDEBUG[0m [2mhyper::proto::h1::io[0m[2m:[0m flushed 172 bytes
[2m2025-12-10T10:19:04.723787Z[0m [34mDEBUG[0m [2mhyper::proto::h1::io[0m[2m:[0m parsed 4 headers
[2m2025-12-10T10:19:04.723839Z[0m [34mDEBUG[0m [2mhyper::proto::h1::conn[0m[2m:[0m incoming body is content-length (45 bytes)
[2m2025-12-10T10:19:04.723882Z[0m [34mDEBUG[0m [2mhyper::proto::h1::conn[0m[2m:[0m incoming body completed
[2m2025-12-10T10:19:04.723899Z[0m [34mDEBUG[0m [2mhyper::client::pool[0m[2m:[0m pooling idle connection for ("http", 192.168.0.14:8545)
[2m2025-12-10T10:19:04.723930Z[0m [34mDEBUG[0m [2mhyper::client::pool[0m[2m:[0m reuse idle connection for ("http", 192.168.0.14:8545)
[2m2025-12-10T10:19:04.724005Z[0m [34mDEBUG[0m [2mhyper::proto::h1::io[0m[2m:[0m flushed 172 bytes
[2m2025-12-10T10:19:04.730086Z[0m [34mDEBUG[0m [2mhyper::proto::h1::io[0m[2m:[0m parsed 4 headers
[2m2025-12-10T10:19:04.730106Z[0m [34mDEBUG[0m [2mhyper::proto::h1::conn[0m[2m:[0m incoming body is content-length (45 bytes)
[2m2025-12-10T10:19:04.730115Z[0m [34mDEBUG[0m [2mhyper::proto::h1::conn[0m[2m:[0m incoming body completed
[2m2025-12-10T10:19:04.730126Z[0m [34mDEBUG[0m [2mhyper::client::pool[0m[2m:[0m pooling idle connection for ("http", 192.168.0.14:8545)
[2m2025-12-10T10:19:04.730154Z[0m [34mDEBUG[0m [2mhyper::client::pool[0m[2m:[0m reuse idle connection for ("http", 192.168.0.14:8545)
[2m2025-12-10T10:19:04.730199Z[0m [34mDEBUG[0m [2mhyper::proto::h1::io[0m[2m:[0m flushed 172 bytes
[2m2025-12-10T10:19:04.737327Z[0m [34mDEBUG[0m [2mhyper::proto::h1::io[0m[2m:[0m parsed 4 headers
[2m2025-12-10T10:19:04.737371Z[0m [34mDEBUG[0m [2mhyper::proto::h1::conn[0m[2m:[0m incoming body is content-length (45 bytes)
[2m2025-12-10T10:19:04.737487Z[0m [34mDEBUG[0m [2mhyper::proto::h1::conn[0m[2m:[0m incoming body completed
[2m2025-12-10T10:19:04.737499Z[0m [34mDEBUG[0m [2mhyper::client::pool[0m[2m:[0m pooling idle connection for ("http", 192.168.0.14:8545)
[2m2025-12-10T10:19:04.737537Z[0m [34mDEBUG[0m [2mhyper::client::pool[0m[2m:[0m reuse idle connection for ("http", 192.168.0.14:8545)
[2m2025-12-10T10:19:04.737585Z[0m [34mDEBUG[0m [2mhyper::proto::h1::io[0m[2m:[0m flushed 172 bytes
[2m2025-12-10T10:19:04.745181Z[0m [34mDEBUG[0m [2mhyper::proto::h1::io[0m[2m:[0m parsed 4 headers
[2m2025-12-10T10:19:04.745203Z[0m [34mDEBUG[0m [2mhyper::proto::h1::conn[0m[2m:[0m incoming body is content-length (45 bytes)
[2m2025-12-10T10:19:04.745213Z[0m [34mDEBUG[0m [2mhyper::proto::h1::conn[0m[2m:[0m incoming body completed
[2m2025-12-10T10:19:04.745224Z[0m [34mDEBUG[0m [2mhyper::client::pool[0m[2m:[0m pooling idle connection for ("http", 192.168.0.14:8545)
[2m2025-12-10T10:19:04.745249Z[0m [34mDEBUG[0m [2mhyper::client::pool[0m[2m:[0m reuse idle connection for ("http", 192.168.0.14:8545)
[2m2025-12-10T10:19:04.745418Z[0m [34mDEBUG[0m [2mhyper::proto::h1::io[0m[2m:[0m flushed 172 bytes
[2m2025-12-10T10:19:04.748409Z[0m [34mDEBUG[0m [2mhyper::proto::h1::io[0m[2m:[0m parsed 4 headers
[2m2025-12-10T10:19:04.748427Z[0m [34mDEBUG[0m [2mhyper::proto::h1::conn[0m[2m:[0m incoming body is content-length (45 bytes)
[2m2025-12-10T10:19:04.748438Z[0m [34mDEBUG[0m [2mhyper::proto::h1::conn[0m[2m:[0m incoming body completed
[2m2025-12-10T10:19:04.748451Z[0m [34mDEBUG[0m [2mhyper::client::pool[0m[2m:[0m pooling idle connection for ("http", 192.168.0.14:8545)
[2m2025-12-10T10:19:04.748475Z[0m [34mDEBUG[0m [2mhyper::client::pool[0m[2m:[0m reuse idle connection for ("http", 192.168.0.14:8545)
[2m2025-12-10T10:19:04.748508Z[0m [34mDEBUG[0m [2mhyper::proto::h1::io[0m[2m:[0m flushed 172 bytes
[2m2025-12-10T10:19:04.755068Z[0m [34mDEBUG[0m [2mhyper::proto::h1::io[0m[2m:[0m parsed 4 headers
[2m2025-12-10T10:19:04.755092Z[0m [34mDEBUG[0m [2mhyper::proto::h1::conn[0m[2m:[0m incoming body is content-length (45 bytes)
[2m2025-12-10T10:19:04.755102Z[0m [34mDEBUG[0m [2mhyper::proto::h1::conn[0m[2m:[0m incoming body completed
[2m2025-12-10T10:19:04.755114Z[0m [34mDEBUG[0m [2mhyper::client::pool[0m[2m:[0m pooling idle connection for ("http", 192.168.0.14:8545)
[2m2025-12-10T10:19:04.755142Z[0m [34mDEBUG[0m [2mhyper::client::pool[0m[2m:[0m reuse idle connection for ("http", 192.168.0.14:8545)
[2m2025-12-10T10:19:04.756111Z[0m [34mDEBUG[0m [2mhyper::proto::h1::io[0m[2m:[0m flushed 172 bytes
[2m2025-12-10T10:19:04.760585Z[0m [34mDEBUG[0m [2mhyper::proto::h1::io[0m[2m:[0m parsed 4 headers
[2m2025-12-10T10:19:04.760608Z[0m [34mDEBUG[0m [2mhyper::proto::h1::conn[0m[2m:[0m incoming body is content-length (45 bytes)
[2m2025-12-10T10:19:04.760617Z[0m [34mDEBUG[0m [2mhyper::proto::h1::conn[0m[2m:[0m incoming body completed
[2m2025-12-10T10:19:04.760628Z[0m [34mDEBUG[0m [2mhyper::client::pool[0m[2m:[0m pooling idle connection for ("http", 192.168.0.14:8545)
[2m2025-12-10T10:19:04.760674Z[0m [34mDEBUG[0m [2mhyper::client::pool[0m[2m:[0m reuse idle connection for ("http", 192.168.0.14:8545)
[2m2025-12-10T10:19:04.760716Z[0m [34mDEBUG[0m [2mhyper::proto::h1::io[0m[2m:[0m flushed 172 bytes
[2m2025-12-10T10:19:04.776474Z[0m [34mDEBUG[0m [2mhyper::proto::h1::io[0m[2m:[0m parsed 4 headers
[2m2025-12-10T10:19:04.776569Z[0m [34mDEBUG[0m [2mhyper::proto::h1::conn[0m[2m:[0m incoming body is content-length (45 bytes)
[2m2025-12-10T10:19:04.776593Z[0m [34mDEBUG[0m [2mhyper::proto::h1::conn[0m[2m:[0m incoming body completed
[2m2025-12-10T10:19:04.776607Z[0m [34mDEBUG[0m [2mhyper::client::pool[0m[2m:[0m pooling idle connection for ("http", 192.168.0.14:8545)
[2m2025-12-10T10:19:04.776637Z[0m [34mDEBUG[0m [2mhyper::client::pool[0m[2m:[0m reuse idle connection for ("http", 192.168.0.14:8545)
[2m2025-12-10T10:19:04.776706Z[0m [34mDEBUG[0m [2mhyper::proto::h1::io[0m[2m:[0m flushed 172 bytes
[2m2025-12-10T10:19:04.779738Z[0m [34mDEBUG[0m [2mhyper::proto::h1::io[0m[2m:[0m parsed 4 headers
[2m2025-12-10T10:19:04.785078Z[0m [34mDEBUG[0m [2mhyper::proto::h1::conn[0m[2m:[0m incoming body is content-length (45 bytes)
[2m2025-12-10T10:19:04.785256Z[0m [34mDEBUG[0m [2mhyper::proto::h1::conn[0m[2m:[0m incoming body completed
[2m2025-12-10T10:19:04.785795Z[0m [34mDEBUG[0m [2mhyper::client::pool[0m[2m:[0m pooling idle connection for ("http", 192.168.0.14:8545)
[2m2025-12-10T10:19:04.785939Z[0m [34mDEBUG[0m [2mhyper::client::pool[0m[2m:[0m reuse idle connection for ("http", 192.168.0.14:8545)
[2m2025-12-10T10:19:04.786042Z[0m [34mDEBUG[0m [2mhyper::proto::h1::io[0m[2m:[0m flushed 172 bytes
[2m2025-12-10T10:19:04.791959Z[0m [34mDEBUG[0m [2mhyper::proto::h1::io[0m[2m:[0m parsed 4 headers
[2m2025-12-10T10:19:04.796908Z[0m [34mDEBUG[0m [2mhyper::proto::h1::conn[0m[2m:[0m incoming body is content-length (45 bytes)
[2m2025-12-10T10:19:04.796925Z[0m [34mDEBUG[0m [2mhyper::proto::h1::conn[0m[2m:[0m incoming body completed
[2m2025-12-10T10:19:04.797202Z[0m [34mDEBUG[0m [2mhyper::client::pool[0m[2m:[0m pooling idle connection for ("http", 192.168.0.14:8545)
[2m2025-12-10T10:19:04.797238Z[0m [34mDEBUG[0m [2mhyper::client::pool[0m[2m:[0m reuse idle connection for ("http", 192.168.0.14:8545)
[2m2025-12-10T10:19:04.797312Z[0m [34mDEBUG[0m [2mhyper::proto::h1::io[0m[2m:[0m flushed 172 bytes
[2m2025-12-10T10:19:04.801352Z[0m [34mDEBUG[0m [2mhyper::proto::h1::io[0m[2m:[0m parsed 4 headers
[2m2025-12-10T10:19:04.801375Z[0m [34mDEBUG[0m [2mhyper::proto::h1::conn[0m[2m:[0m incoming body is content-length (45 bytes)
[2m2025-12-10T10:19:04.801386Z[0m [34mDEBUG[0m [2mhyper::proto::h1::conn[0m[2m:[0m incoming body completed
[2m2025-12-10T10:19:04.801430Z[0m [34mDEBUG[0m [2mhyper::client::pool[0m[2m:[0m pooling idle connection for ("http", 192.168.0.14:8545)
[2m2025-12-10T10:19:04.801469Z[0m [34mDEBUG[0m [2mhyper::client::pool[0m[2m:[0m reuse idle connection for ("http", 192.168.0.14:8545)
[2m2025-12-10T10:19:04.801519Z[0m [34mDEBUG[0m [2mhyper::proto::h1::io[0m[2m:[0m flushed 172 bytes
[2m2025-12-10T10:19:04.808155Z[0m [34mDEBUG[0m [2mhyper::proto::h1::io[0m[2m:[0m parsed 4 headers
[2m2025-12-10T10:19:04.808176Z[0m [34mDEBUG[0m [2mhyper::proto::h1::conn[0m[2m:[0m incoming body is content-length (45 bytes)
[2m2025-12-10T10:19:04.808185Z[0m [34mDEBUG[0m [2mhyper::proto::h1::conn[0m[2m:[0m incoming body completed
[2m2025-12-10T10:19:04.808196Z[0m [34mDEBUG[0m [2mhyper::client::pool[0m[2m:[0m pooling idle connection for ("http", 192.168.0.14:8545)
[2m2025-12-10T10:19:04.808224Z[0m [34mDEBUG[0m [2mhyper::client::pool[0m[2m:[0m reuse idle connection for ("http", 192.168.0.14:8545)
[2m2025-12-10T10:19:04.808289Z[0m [34mDEBUG[0m [2mhyper::proto::h1::io[0m[2m:[0m flushed 172 bytes
[2m2025-12-10T10:19:04.812470Z[0m [34mDEBUG[0m [2mhyper::proto::h1::io[0m[2m:[0m parsed 4 headers
[2m2025-12-10T10:19:04.812486Z[0m [34mDEBUG[0m [2mhyper::proto::h1::conn[0m[2m:[0m incoming body is content-length (45 bytes)
[2m2025-12-10T10:19:04.812504Z[0m [34mDEBUG[0m [2mhyper::proto::h1::conn[0m[2m:[0m incoming body completed
[2m2025-12-10T10:19:04.812596Z[0m [34mDEBUG[0m [2mhyper::client::pool[0m[2m:[0m pooling idle connection for ("http", 192.168.0.14:8545)
[2m2025-12-10T10:19:04.812621Z[0m [34mDEBUG[0m [2mhyper::client::pool[0m[2m:[0m reuse idle connection for ("http", 192.168.0.14:8545)
[2m2025-12-10T10:19:04.812652Z[0m [34mDEBUG[0m [2mhyper::proto::h1::io[0m[2m:[0m flushed 172 bytes
[2m2025-12-10T10:19:04.818247Z[0m [34mDEBUG[0m [2mhyper::proto::h1::io[0m[2m:[0m parsed 4 headers
[2m2025-12-10T10:19:04.818262Z[0m [34mDEBUG[0m [2mhyper::proto::h1::conn[0m[2m:[0m incoming body is content-length (45 bytes)
[2m2025-12-10T10:19:04.818271Z[0m [34mDEBUG[0m [2mhyper::proto::h1::conn[0m[2m:[0m incoming body completed
[2m2025-12-10T10:19:04.818281Z[0m [34mDEBUG[0m [2mhyper::client::pool[0m[2m:[0m pooling idle connection for ("http", 192.168.0.14:8545)
[2m2025-12-10T10:19:04.818430Z[0m [34mDEBUG[0m [2mhyper::client::pool[0m[2m:[0m reuse idle connection for ("http", 192.168.0.14:8545)
[2m2025-12-10T10:19:04.818479Z[0m [34mDEBUG[0m [2mhyper::proto::h1::io[0m[2m:[0m flushed 172 bytes
[2m2025-12-10T10:19:04.821498Z[0m [34mDEBUG[0m [2mhyper::proto::h1::io[0m[2m:[0m parsed 4 headers
[2m2025-12-10T10:19:04.821513Z[0m [34mDEBUG[0m [2mhyper::proto::h1::conn[0m[2m:[0m incoming body is content-length (45 bytes)
[2m2025-12-10T10:19:04.821522Z[0m [34mDEBUG[0m [2mhyper::proto::h1::conn[0m[2m:[0m incoming body completed
[2m2025-12-10T10:19:04.821534Z[0m [34mDEBUG[0m [2mhyper::client::pool[0m[2m:[0m pooling idle connection for ("http", 192.168.0.14:8545)
[2m2025-12-10T10:19:04.821565Z[0m [34mDEBUG[0m [2mhyper::client::pool[0m[2m:[0m reuse idle connection for ("http", 192.168.0.14:8545)
[2m2025-12-10T10:19:04.821592Z[0m [34mDEBUG[0m [2mhyper::proto::h1::io[0m[2m:[0m flushed 172 bytes
[2m2025-12-10T10:19:04.825738Z[0m [34mDEBUG[0m [2mhyper::proto::h1::io[0m[2m:[0m parsed 4 headers
[2m2025-12-10T10:19:04.825746Z[0m [34mDEBUG[0m [2mhyper::proto::h1::conn[0m[2m:[0m incoming body is content-length (45 bytes)
[2m2025-12-10T10:19:04.825754Z[0m [34mDEBUG[0m [2mhyper::proto::h1::conn[0m[2m:[0m incoming body completed
[2m2025-12-10T10:19:04.825761Z[0m [34mDEBUG[0m [2mhyper::client::pool[0m[2m:[0m pooling idle connection for ("http", 192.168.0.14:8545)
[2m2025-12-10T10:19:04.825780Z[0m [34mDEBUG[0m [2mhyper::client::pool[0m[2m:[0m reuse idle connection for ("http", 192.168.0.14:8545)
[2m2025-12-10T10:19:04.825800Z[0m [34mDEBUG[0m [2mhyper::proto::h1::io[0m[2m:[0m flushed 172 bytes
[2m2025-12-10T10:19:04.829946Z[0m [34mDEBUG[0m [2mhyper::proto::h1::io[0m[2m:[0m parsed 4 headers
[2m2025-12-10T10:19:04.829957Z[0m [34mDEBUG[0m [2mhyper::proto::h1::conn[0m[2m:[0m incoming body is content-length (45 bytes)
[2m2025-12-10T10:19:04.829965Z[0m [34mDEBUG[0m [2mhyper::proto::h1::conn[0m[2m:[0m incoming body completed
[2m2025-12-10T10:19:04.830026Z[0m [34mDEBUG[0m [2mhyper::client::pool[0m[2m:[0m pooling idle connection for ("http", 192.168.0.14:8545)
[2m2025-12-10T10:19:04.830146Z[0m [34mDEBUG[0m [2mhyper::client::pool[0m[2m:[0m reuse idle connection for ("http", 192.168.0.14:8545)
[2m2025-12-10T10:19:04.830168Z[0m [34mDEBUG[0m [2mhyper::proto::h1::io[0m[2m:[0m flushed 172 bytes
[2m2025-12-10T10:19:04.836393Z[0m [34mDEBUG[0m [2mhyper::proto::h1::io[0m[2m:[0m parsed 4 headers
[2m2025-12-10T10:19:04.836435Z[0m [34mDEBUG[0m [2mhyper::proto::h1::conn[0m[2m:[0m incoming body is content-length (45 bytes)
[2m2025-12-10T10:19:04.836445Z[0m [34mDEBUG[0m [2mhyper::proto::h1::conn[0m[2m:[0m incoming body completed
[2m2025-12-10T10:19:04.836458Z[0m [34mDEBUG[0m [2mhyper::client::pool[0m[2m:[0m pooling idle connection for ("http", 192.168.0.14:8545)
[2m2025-12-10T10:19:04.836514Z[0m [34mDEBUG[0m [2mhyper::client::pool[0m[2m:[0m reuse idle connection for ("http", 192.168.0.14:8545)
[2m2025-12-10T10:19:04.836536Z[0m [34mDEBUG[0m [2mhyper::proto::h1::io[0m[2m:[0m flushed 172 bytes
[2m2025-12-10T10:19:04.840130Z[0m [34mDEBUG[0m [2mhyper::proto::h1::io[0m[2m:[0m parsed 4 headers
[2m2025-12-10T10:19:04.840147Z[0m [34mDEBUG[0m [2mhyper::proto::h1::conn[0m[2m:[0m incoming body is content-length (45 bytes)
[2m2025-12-10T10:19:04.840154Z[0m [34mDEBUG[0m [2mhyper::proto::h1::conn[0m[2m:[0m incoming body completed
[2m2025-12-10T10:19:04.840165Z[0m [34mDEBUG[0m [2mhyper::client::pool[0m[2m:[0m pooling idle connection for ("http", 192.168.0.14:8545)
[2m2025-12-10T10:19:04.840188Z[0m [34mDEBUG[0m [2mhyper::client::pool[0m[2m:[0m reuse idle connection for ("http", 192.168.0.14:8545)
[2m2025-12-10T10:19:04.840210Z[0m [34mDEBUG[0m [2mhyper::proto::h1::io[0m[2m:[0m flushed 172 bytes
[2m2025-12-10T10:19:04.845040Z[0m [34mDEBUG[0m [2mhyper::proto::h1::io[0m[2m:[0m parsed 4 headers
[2m2025-12-10T10:19:04.845054Z[0m [34mDEBUG[0m [2mhyper::proto::h1::conn[0m[2m:[0m incoming body is content-length (45 bytes)
[2m2025-12-10T10:19:04.845067Z[0m [34mDEBUG[0m [2mhyper::proto::h1::conn[0m[2m:[0m incoming body completed
[2m2025-12-10T10:19:04.845081Z[0m [34mDEBUG[0m [2mhyper::client::pool[0m[2m:[0m pooling idle connection for ("http", 192.168.0.14:8545)
[2m2025-12-10T10:19:04.845105Z[0m [34mDEBUG[0m [2mhyper::client::pool[0m[2m:[0m reuse idle connection for ("http", 192.168.0.14:8545)
[2m2025-12-10T10:19:04.845123Z[0m [34mDEBUG[0m [2mhyper::proto::h1::io[0m[2m:[0m flushed 172 bytes
[2m2025-12-10T10:19:04.849085Z[0m [34mDEBUG[0m [2mhyper::proto::h1::io[0m[2m:[0m parsed 4 headers
[2m2025-12-10T10:19:04.849096Z[0m [34mDEBUG[0m [2mhyper::proto::h1::conn[0m[2m:[0m incoming body is content-length (45 bytes)
[2m2025-12-10T10:19:04.849102Z[0m [34mDEBUG[0m [2mhyper::proto::h1::conn[0m[2m:[0m incoming body completed
[2m2025-12-10T10:19:04.849108Z[0m [34mDEBUG[0m [2mhyper::client::pool[0m[2m:[0m pooling idle connection for ("http", 192.168.0.14:8545)
[2m2025-12-10T10:19:04.849126Z[0m [34mDEBUG[0m [2mhyper::client::pool[0m[2m:[0m reuse idle connection for ("http", 192.168.0.14:8545)
[2m2025-12-10T10:19:04.849144Z[0m [34mDEBUG[0m [2mhyper::proto::h1::io[0m[2m:[0m flushed 172 bytes
[2m2025-12-10T10:19:04.853208Z[0m [34mDEBUG[0m [2mhyper::proto::h1::io[0m[2m:[0m parsed 4 headers
[2m2025-12-10T10:19:04.853219Z[0m [34mDEBUG[0m [2mhyper::proto::h1::conn[0m[2m:[0m incoming body is content-length (45 bytes)
[2m2025-12-10T10:19:04.853227Z[0m [34mDEBUG[0m [2mhyper::proto::h1::conn[0m[2m:[0m incoming body completed
[2m2025-12-10T10:19:04.853235Z[0m [34mDEBUG[0m [2mhyper::client::pool[0m[2m:[0m pooling idle connection for ("http", 192.168.0.14:8545)
[2m2025-12-10T10:19:04.853254Z[0m [34mDEBUG[0m [2mhyper::client::pool[0m[2m:[0m reuse idle connection for ("http", 192.168.0.14:8545)
[2m2025-12-10T10:19:04.853277Z[0m [34mDEBUG[0m [2mhyper::proto::h1::io[0m[2m:[0m flushed 172 bytes
[2m2025-12-10T10:19:04.857067Z[0m [34mDEBUG[0m [2mhyper::proto::h1::io[0m[2m:[0m parsed 4 headers
[2m2025-12-10T10:19:04.857078Z[0m [34mDEBUG[0m [2mhyper::proto::h1::conn[0m[2m:[0m incoming body is content-length (45 bytes)
[2m2025-12-10T10:19:04.857085Z[0m [34mDEBUG[0m [2mhyper::proto::h1::conn[0m[2m:[0m incoming body completed
[2m2025-12-10T10:19:04.857093Z[0m [34mDEBUG[0m [2mhyper::client::pool[0m[2m:[0m pooling idle connection for ("http", 192.168.0.14:8545)
[2m2025-12-10T10:19:04.857113Z[0m [34mDEBUG[0m [2mhyper::client::pool[0m[2m:[0m reuse idle connection for ("http", 192.168.0.14:8545)
[2m2025-12-10T10:19:04.857135Z[0m [34mDEBUG[0m [2mhyper::proto::h1::io[0m[2m:[0m flushed 172 bytes
[2m2025-12-10T10:19:04.861154Z[0m [34mDEBUG[0m [2mhyper::proto::h1::io[0m[2m:[0m parsed 4 headers
[2m2025-12-10T10:19:04.861170Z[0m [34mDEBUG[0m [2mhyper::proto::h1::conn[0m[2m:[0m incoming body is content-length (45 bytes)
[2m2025-12-10T10:19:04.861187Z[0m [34mDEBUG[0m [2mhyper::proto::h1::conn[0m[2m:[0m incoming body completed
[2m2025-12-10T10:19:04.861198Z[0m [34mDEBUG[0m [2mhyper::client::pool[0m[2m:[0m pooling idle connection for ("http", 192.168.0.14:8545)
[2m2025-12-10T10:19:04.861221Z[0m [34mDEBUG[0m [2mhyper::client::pool[0m[2m:[0m reuse idle connection for ("http", 192.168.0.14:8545)
[2m2025-12-10T10:19:04.861249Z[0m [34mDEBUG[0m [2mhyper::proto::h1::io[0m[2m:[0m flushed 172 bytes
[2m2025-12-10T10:19:04.865242Z[0m [34mDEBUG[0m [2mhyper::proto::h1::io[0m[2m:[0m parsed 4 headers
[2m2025-12-10T10:19:04.865254Z[0m [34mDEBUG[0m [2mhyper::proto::h1::conn[0m[2m:[0m incoming body is content-length (45 bytes)
[2m2025-12-10T10:19:04.865261Z[0m [34mDEBUG[0m [2mhyper::proto::h1::conn[0m[2m:[0m incoming body completed
[2m2025-12-10T10:19:04.865270Z[0m [34mDEBUG[0m [2mhyper::client::pool[0m[2m:[0m pooling idle connection for ("http", 192.168.0.14:8545)
[2m2025-12-10T10:19:04.865291Z[0m [34mDEBUG[0m [2mhyper::client::pool[0m[2m:[0m reuse idle connection for ("http", 192.168.0.14:8545)
[2m2025-12-10T10:19:04.865315Z[0m [34mDEBUG[0m [2mhyper::proto::h1::io[0m[2m:[0m flushed 172 bytes
[2m2025-12-10T10:19:04.869472Z[0m [34mDEBUG[0m [2mhyper::proto::h1::io[0m[2m:[0m parsed 4 headers
[2m2025-12-10T10:19:04.869532Z[0m [34mDEBUG[0m [2mhyper::proto::h1::conn[0m[2m:[0m incoming body is content-length (45 bytes)
[2m2025-12-10T10:19:04.869561Z[0m [34mDEBUG[0m [2mhyper::proto::h1::conn[0m[2m:[0m incoming body completed
[2m2025-12-10T10:19:04.869603Z[0m [34mDEBUG[0m [2mhyper::client::pool[0m[2m:[0m pooling idle connection for ("http", 192.168.0.14:8545)
[2m2025-12-10T10:19:04.869628Z[0m [34mDEBUG[0m [2mhyper::client::pool[0m[2m:[0m reuse idle connection for ("http", 192.168.0.14:8545)
[2m2025-12-10T10:19:04.869650Z[0m [34mDEBUG[0m [2mhyper::proto::h1::io[0m[2m:[0m flushed 172 bytes
[2m2025-12-10T10:19:04.877427Z[0m [34mDEBUG[0m [2mhyper::proto::h1::io[0m[2m:[0m parsed 4 headers
[2m2025-12-10T10:19:04.877437Z[0m [34mDEBUG[0m [2mhyper::proto::h1::conn[0m[2m:[0m incoming body is content-length (45 bytes)
[2m2025-12-10T10:19:04.877446Z[0m [34mDEBUG[0m [2mhyper::proto::h1::conn[0m[2m:[0m incoming body completed
[2m2025-12-10T10:19:04.877455Z[0m [34mDEBUG[0m [2mhyper::client::pool[0m[2m:[0m pooling idle connection for ("http", 192.168.0.14:8545)
[2m2025-12-10T10:19:04.877475Z[0m [34mDEBUG[0m [2mhyper::client::pool[0m[2m:[0m reuse idle connection for ("http", 192.168.0.14:8545)
[2m2025-12-10T10:19:04.877502Z[0m [34mDEBUG[0m [2mhyper::proto::h1::io[0m[2m:[0m flushed 172 bytes
[2m2025-12-10T10:19:04.881606Z[0m [34mDEBUG[0m [2mhyper::proto::h1::io[0m[2m:[0m parsed 4 headers
[2m2025-12-10T10:19:04.881614Z[0m [34mDEBUG[0m [2mhyper::proto::h1::conn[0m[2m:[0m incoming body is content-length (45 bytes)
[2m2025-12-10T10:19:04.881620Z[0m [34mDEBUG[0m [2mhyper::proto::h1::conn[0m[2m:[0m incoming body completed
[2m2025-12-10T10:19:04.881626Z[0m [34mDEBUG[0m [2mhyper::client::pool[0m[2m:[0m pooling idle connection for ("http", 192.168.0.14:8545)
[2m2025-12-10T10:19:04.881642Z[0m [34mDEBUG[0m [2mhyper::client::pool[0m[2m:[0m reuse idle connection for ("http", 192.168.0.14:8545)
[2m2025-12-10T10:19:04.881659Z[0m [34mDEBUG[0m [2mhyper::proto::h1::io[0m[2m:[0m flushed 172 bytes
[2m2025-12-10T10:19:04.886942Z[0m [34mDEBUG[0m [2mhyper::proto::h1::io[0m[2m:[0m parsed 4 headers
[2m2025-12-10T10:19:04.886954Z[0m [34mDEBUG[0m [2mhyper::proto::h1::conn[0m[2m:[0m incoming body is content-length (45 bytes)
[2m2025-12-10T10:19:04.886980Z[0m [34mDEBUG[0m [2mhyper::proto::h1::conn[0m[2m:[0m incoming body completed
[2m2025-12-10T10:19:04.887005Z[0m [34mDEBUG[0m [2mhyper::client::pool[0m[2m:[0m pooling idle connection for ("http", 192.168.0.14:8545)
[2m2025-12-10T10:19:04.887035Z[0m [34mDEBUG[0m [2mhyper::client::pool[0m[2m:[0m reuse idle connection for ("http", 192.168.0.14:8545)
[2m2025-12-10T10:19:04.887059Z[0m [34mDEBUG[0m [2mhyper::proto::h1::io[0m[2m:[0m flushed 172 bytes
[2m2025-12-10T10:19:04.890920Z[0m [34mDEBUG[0m [2mhyper::proto::h1::io[0m[2m:[0m parsed 4 headers
[2m2025-12-10T10:19:04.890940Z[0m [34mDEBUG[0m [2mhyper::proto::h1::conn[0m[2m:[0m incoming body is content-length (45 bytes)
[2m2025-12-10T10:19:04.890964Z[0m [34mDEBUG[0m [2mhyper::proto::h1::conn[0m[2m:[0m incoming body completed
[2m2025-12-10T10:19:04.890971Z[0m [34mDEBUG[0m [2mhyper::client::pool[0m[2m:[0m pooling idle connection for ("http", 192.168.0.14:8545)
[2m2025-12-10T10:19:04.890985Z[0m [34mDEBUG[0m [2mhyper::client::pool[0m[2m:[0m reuse idle connection for ("http", 192.168.0.14:8545)
[2m2025-12-10T10:19:04.891279Z[0m [34mDEBUG[0m [2mhyper::proto::h1::io[0m[2m:[0m flushed 172 bytes
[2m2025-12-10T10:19:04.895055Z[0m [34mDEBUG[0m [2mhyper::proto::h1::io[0m[2m:[0m parsed 4 headers
[2m2025-12-10T10:19:04.895065Z[0m [34mDEBUG[0m [2mhyper::proto::h1::conn[0m[2m:[0m incoming body is content-length (45 bytes)
[2m2025-12-10T10:19:04.895077Z[0m [34mDEBUG[0m [2mhyper::proto::h1::conn[0m[2m:[0m incoming body completed
[2m2025-12-10T10:19:04.895089Z[0m [34mDEBUG[0m [2mhyper::client::pool[0m[2m:[0m pooling idle connection for ("http", 192.168.0.14:8545)
[2m2025-12-10T10:19:04.895108Z[0m [34mDEBUG[0m [2mhyper::client::pool[0m[2m:[0m reuse idle connection for ("http", 192.168.0.14:8545)
[2m2025-12-10T10:19:04.895133Z[0m [34mDEBUG[0m [2mhyper::proto::h1::io[0m[2m:[0m flushed 172 bytes
[2m2025-12-10T10:19:04.899155Z[0m [34mDEBUG[0m [2mhyper::proto::h1::io[0m[2m:[0m parsed 4 headers
[2m2025-12-10T10:19:04.899167Z[0m [34mDEBUG[0m [2mhyper::proto::h1::conn[0m[2m:[0m incoming body is content-length (45 bytes)
[2m2025-12-10T10:19:04.899174Z[0m [34mDEBUG[0m [2mhyper::proto::h1::conn[0m[2m:[0m incoming body completed
[2m2025-12-10T10:19:04.899181Z[0m [34mDEBUG[0m [2mhyper::client::pool[0m[2m:[0m pooling idle connection for ("http", 192.168.0.14:8545)
[2m2025-12-10T10:19:04.899221Z[0m [34mDEBUG[0m [2mhyper::client::pool[0m[2m:[0m reuse idle connection for ("http", 192.168.0.14:8545)
[2m2025-12-10T10:19:04.899244Z[0m [34mDEBUG[0m [2mhyper::proto::h1::io[0m[2m:[0m flushed 172 bytes
[2m2025-12-10T10:19:04.902797Z[0m [34mDEBUG[0m [2mhyper::proto::h1::io[0m[2m:[0m parsed 4 headers
[2m2025-12-10T10:19:04.902835Z[0m [34mDEBUG[0m [2mhyper::proto::h1::conn[0m[2m:[0m incoming body is content-length (45 bytes)
[2m2025-12-10T10:19:04.902841Z[0m [34mDEBUG[0m [2mhyper::proto::h1::conn[0m[2m:[0m incoming body completed
[2m2025-12-10T10:19:04.902856Z[0m [34mDEBUG[0m [2mhyper::client::pool[0m[2m:[0m pooling idle connection for ("http", 192.168.0.14:8545)
[2m2025-12-10T10:19:04.902875Z[0m [34mDEBUG[0m [2mhyper::client::pool[0m[2m:[0m reuse idle connection for ("http", 192.168.0.14:8545)
[2m2025-12-10T10:19:04.902897Z[0m [34mDEBUG[0m [2mhyper::proto::h1::io[0m[2m:[0m flushed 172 bytes
[2m2025-12-10T10:19:04.909051Z[0m [34mDEBUG[0m [2mhyper::proto::h1::io[0m[2m:[0m parsed 4 headers
[2m2025-12-10T10:19:04.909063Z[0m [34mDEBUG[0m [2mhyper::proto::h1::conn[0m[2m:[0m incoming body is content-length (45 bytes)
[2m2025-12-10T10:19:04.909073Z[0m [34mDEBUG[0m [2mhyper::proto::h1::conn[0m[2m:[0m incoming body completed
[2m2025-12-10T10:19:04.909082Z[0m [34mDEBUG[0m [2mhyper::client::pool[0m[2m:[0m pooling idle connection for ("http", 192.168.0.14:8545)
[2m2025-12-10T10:19:04.909099Z[0m [34mDEBUG[0m [2mhyper::client::pool[0m[2m:[0m reuse idle connection for ("http", 192.168.0.14:8545)
[2m2025-12-10T10:19:04.909123Z[0m [34mDEBUG[0m [2mhyper::proto::h1::io[0m[2m:[0m flushed 172 bytes
[2m2025-12-10T10:19:04.912970Z[0m [34mDEBUG[0m [2mhyper::proto::h1::io[0m[2m:[0m parsed 4 headers
[2m2025-12-10T10:19:04.912978Z[0m [34mDEBUG[0m [2mhyper::proto::h1::conn[0m[2m:[0m incoming body is content-length (45 bytes)
[2m2025-12-10T10:19:04.912983Z[0m [34mDEBUG[0m [2mhyper::proto::h1::conn[0m[2m:[0m incoming body completed
[2m2025-12-10T10:19:04.912990Z[0m [34mDEBUG[0m [2mhyper::client::pool[0m[2m:[0m pooling idle connection for ("http", 192.168.0.14:8545)
[2m2025-12-10T10:19:04.913004Z[0m [34mDEBUG[0m [2mhyper::client::pool[0m[2m:[0m reuse idle connection for ("http", 192.168.0.14:8545)
[2m2025-12-10T10:19:04.913049Z[0m [34mDEBUG[0m [2mhyper::proto::h1::io[0m[2m:[0m flushed 172 bytes
[2m2025-12-10T10:19:04.918538Z[0m [34mDEBUG[0m [2mhyper::proto::h1::io[0m[2m:[0m parsed 4 headers
[2m2025-12-10T10:19:04.918559Z[0m [34mDEBUG[0m [2mhyper::proto::h1::conn[0m[2m:[0m incoming body is content-length (45 bytes)
[2m2025-12-10T10:19:04.918566Z[0m [34mDEBUG[0m [2mhyper::proto::h1::conn[0m[2m:[0m incoming body completed
[2m2025-12-10T10:19:04.918573Z[0m [34mDEBUG[0m [2mhyper::client::pool[0m[2m:[0m pooling idle connection for ("http", 192.168.0.14:8545)
[2m2025-12-10T10:19:04.918614Z[0m [34mDEBUG[0m [2mhyper::client::pool[0m[2m:[0m reuse idle connection for ("http", 192.168.0.14:8545)
[2m2025-12-10T10:19:04.918696Z[0m [34mDEBUG[0m [2mhyper::proto::h1::io[0m[2m:[0m flushed 172 bytes
[2m2025-12-10T10:19:04.922311Z[0m [34mDEBUG[0m [2mhyper::proto::h1::io[0m[2m:[0m parsed 4 headers
[2m2025-12-10T10:19:04.922326Z[0m [34mDEBUG[0m [2mhyper::proto::h1::conn[0m[2m:[0m incoming body is content-length (45 bytes)
[2m2025-12-10T10:19:04.922343Z[0m [34mDEBUG[0m [2mhyper::proto::h1::conn[0m[2m:[0m incoming body completed
[2m2025-12-10T10:19:04.922369Z[0m [34mDEBUG[0m [2mhyper::client::pool[0m[2m:[0m pooling idle connection for ("http", 192.168.0.14:8545)
[2m2025-12-10T10:19:04.922386Z[0m [34mDEBUG[0m [2mhyper::client::pool[0m[2m:[0m reuse idle connection for ("http", 192.168.0.14:8545)
[2m2025-12-10T10:19:04.922406Z[0m [34mDEBUG[0m [2mhyper::proto::h1::io[0m[2m:[0m flushed 172 bytes
[2m2025-12-10T10:19:04.927527Z[0m [34mDEBUG[0m [2mhyper::proto::h1::io[0m[2m:[0m parsed 4 headers
[2m2025-12-10T10:19:04.927582Z[0m [34mDEBUG[0m [2mhyper::proto::h1::conn[0m[2m:[0m incoming body is content-length (45 bytes)
[2m2025-12-10T10:19:04.927589Z[0m [34mDEBUG[0m [2mhyper::proto::h1::conn[0m[2m:[0m incoming body completed
[2m2025-12-10T10:19:04.927597Z[0m [34mDEBUG[0m [2mhyper::client::pool[0m[2m:[0m pooling idle connection for ("http", 192.168.0.14:8545)
[2m2025-12-10T10:19:04.927703Z[0m [34mDEBUG[0m [2mhyper::client::pool[0m[2m:[0m reuse idle connection for ("http", 192.168.0.14:8545)
[2m2025-12-10T10:19:04.927731Z[0m [34mDEBUG[0m [2mhyper::proto::h1::io[0m[2m:[0m flushed 172 bytes
[2m2025-12-10T10:19:04.931740Z[0m [34mDEBUG[0m [2mhyper::proto::h1::io[0m[2m:[0m parsed 4 headers
[2m2025-12-10T10:19:04.931770Z[0m [34mDEBUG[0m [2mhyper::proto::h1::conn[0m[2m:[0m incoming body is content-length (45 bytes)
[2m2025-12-10T10:19:04.931779Z[0m [34mDEBUG[0m [2mhyper::proto::h1::conn[0m[2m:[0m incoming body completed
[2m2025-12-10T10:19:04.931793Z[0m [34mDEBUG[0m [2mhyper::client::pool[0m[2m:[0m pooling idle connection for ("http", 192.168.0.14:8545)
[2m2025-12-10T10:19:04.931825Z[0m [34mDEBUG[0m [2mhyper::client::pool[0m[2m:[0m reuse idle connection for ("http", 192.168.0.14:8545)
[2m2025-12-10T10:19:04.931879Z[0m [34mDEBUG[0m [2mhyper::proto::h1::io[0m[2m:[0m flushed 172 bytes
[2m2025-12-10T10:19:04.935666Z[0m [34mDEBUG[0m [2mhyper::proto::h1::io[0m[2m:[0m parsed 4 headers
[2m2025-12-10T10:19:04.935687Z[0m [34mDEBUG[0m [2mhyper::proto::h1::conn[0m[2m:[0m incoming body is content-length (45 bytes)
[2m2025-12-10T10:19:04.935692Z[0m [34mDEBUG[0m [2mhyper::proto::h1::conn[0m[2m:[0m incoming body completed
[2m2025-12-10T10:19:04.935712Z[0m [34mDEBUG[0m [2mhyper::client::pool[0m[2m:[0m pooling idle connection for ("http", 192.168.0.14:8545)
[2m2025-12-10T10:19:04.935748Z[0m [34mDEBUG[0m [2mhyper::client::pool[0m[2m:[0m reuse idle connection for ("http", 192.168.0.14:8545)
[2m2025-12-10T10:19:04.935849Z[0m [34mDEBUG[0m [2mhyper::proto::h1::io[0m[2m:[0m flushed 172 bytes
[2m2025-12-10T10:19:04.939934Z[0m [34mDEBUG[0m [2mhyper::proto::h1::io[0m[2m:[0m parsed 4 headers
[2m2025-12-10T10:19:04.939944Z[0m [34mDEBUG[0m [2mhyper::proto::h1::conn[0m[2m:[0m incoming body is content-length (45 bytes)
[2m2025-12-10T10:19:04.939950Z[0m [34mDEBUG[0m [2mhyper::proto::h1::conn[0m[2m:[0m incoming body completed
[2m2025-12-10T10:19:04.939956Z[0m [34mDEBUG[0m [2mhyper::client::pool[0m[2m:[0m pooling idle connection for ("http", 192.168.0.14:8545)
[2m2025-12-10T10:19:04.939969Z[0m [34mDEBUG[0m [2mhyper::client::pool[0m[2m:[0m reuse idle connection for ("http", 192.168.0.14:8545)
[2m2025-12-10T10:19:04.939991Z[0m [34mDEBUG[0m [2mhyper::proto::h1::io[0m[2m:[0m flushed 172 bytes
[2m2025-12-10T10:19:04.943740Z[0m [34mDEBUG[0m [2mhyper::proto::h1::io[0m[2m:[0m parsed 4 headers
[2m2025-12-10T10:19:04.943768Z[0m [34mDEBUG[0m [2mhyper::proto::h1::conn[0m[2m:[0m incoming body is content-length (45 bytes)
[2m2025-12-10T10:19:04.943774Z[0m [34mDEBUG[0m [2mhyper::proto::h1::conn[0m[2m:[0m incoming body completed
[2m2025-12-10T10:19:04.943780Z[0m [34mDEBUG[0m [2mhyper::client::pool[0m[2m:[0m pooling idle connection for ("http", 192.168.0.14:8545)
[2m2025-12-10T10:19:04.943792Z[0m [34mDEBUG[0m [2mhyper::client::pool[0m[2m:[0m reuse idle connection for ("http", 192.168.0.14:8545)
[2m2025-12-10T10:19:04.943810Z[0m [34mDEBUG[0m [2mhyper::proto::h1::io[0m[2m:[0m flushed 172 bytes
[2m2025-12-10T10:19:04.950699Z[0m [34mDEBUG[0m [2mhyper::proto::h1::io[0m[2m:[0m parsed 4 headers
[2m2025-12-10T10:19:04.950718Z[0m [34mDEBUG[0m [2mhyper::proto::h1::conn[0m[2m:[0m incoming body is content-length (45 bytes)
[2m2025-12-10T10:19:04.950734Z[0m [34mDEBUG[0m [2mhyper::proto::h1::conn[0m[2m:[0m incoming body completed
[2m2025-12-10T10:19:04.950745Z[0m [34mDEBUG[0m [2mhyper::client::pool[0m[2m:[0m pooling idle connection for ("http", 192.168.0.14:8545)
[2m2025-12-10T10:19:04.950767Z[0m [34mDEBUG[0m [2mhyper::client::pool[0m[2m:[0m reuse idle connection for ("http", 192.168.0.14:8545)
[2m2025-12-10T10:19:04.950800Z[0m [34mDEBUG[0m [2mhyper::proto::h1::io[0m[2m:[0m flushed 172 bytes
[2m2025-12-10T10:19:04.954506Z[0m [34mDEBUG[0m [2mhyper::proto::h1::io[0m[2m:[0m parsed 4 headers
[2m2025-12-10T10:19:04.954526Z[0m [34mDEBUG[0m [2mhyper::proto::h1::conn[0m[2m:[0m incoming body is content-length (45 bytes)
[2m2025-12-10T10:19:04.954544Z[0m [34mDEBUG[0m [2mhyper::proto::h1::conn[0m[2m:[0m incoming body completed
[2m2025-12-10T10:19:04.954552Z[0m [34mDEBUG[0m [2mhyper::client::pool[0m[2m:[0m pooling idle connection for ("http", 192.168.0.14:8545)
[2m2025-12-10T10:19:04.954635Z[0m [34mDEBUG[0m [2mhyper::client::pool[0m[2m:[0m reuse idle connection for ("http", 192.168.0.14:8545)
[2m2025-12-10T10:19:04.954666Z[0m [34mDEBUG[0m [2mhyper::proto::h1::io[0m[2m:[0m flushed 172 bytes
[2m2025-12-10T10:19:04.959128Z[0m [34mDEBUG[0m [2mhyper::proto::h1::io[0m[2m:[0m parsed 4 headers
[2m2025-12-10T10:19:04.959137Z[0m [34mDEBUG[0m [2mhyper::proto::h1::conn[0m[2m:[0m incoming body is content-length (45 bytes)
[2m2025-12-10T10:19:04.959144Z[0m [34mDEBUG[0m [2mhyper::proto::h1::conn[0m[2m:[0m incoming body completed
[2m2025-12-10T10:19:04.959160Z[0m [34mDEBUG[0m [2mhyper::client::pool[0m[2m:[0m pooling idle connection for ("http", 192.168.0.14:8545)
[2m2025-12-10T10:19:04.959188Z[0m [34mDEBUG[0m [2mhyper::client::pool[0m[2m:[0m reuse idle connection for ("http", 192.168.0.14:8545)
[2m2025-12-10T10:19:04.959219Z[0m [34mDEBUG[0m [2mhyper::proto::h1::io[0m[2m:[0m flushed 172 bytes
[2m2025-12-10T10:19:04.963266Z[0m [34mDEBUG[0m [2mhyper::proto::h1::io[0m[2m:[0m parsed 4 headers
[2m2025-12-10T10:19:04.963291Z[0m [34mDEBUG[0m [2mhyper::proto::h1::conn[0m[2m:[0m incoming body is content-length (45 bytes)
[2m2025-12-10T10:19:04.963300Z[0m [34mDEBUG[0m [2mhyper::proto::h1::conn[0m[2m:[0m incoming body completed
[2m2025-12-10T10:19:04.963312Z[0m [34mDEBUG[0m [2mhyper::client::pool[0m[2m:[0m pooling idle connection for ("http", 192.168.0.14:8545)
[2m2025-12-10T10:19:04.963340Z[0m [34mDEBUG[0m [2mhyper::client::pool[0m[2m:[0m reuse idle connection for ("http", 192.168.0.14:8545)
[2m2025-12-10T10:19:04.963789Z[0m [34mDEBUG[0m [2mhyper::proto::h1::io[0m[2m:[0m flushed 172 bytes
[2m2025-12-10T10:19:04.966730Z[0m [34mDEBUG[0m [2mhyper::proto::h1::io[0m[2m:[0m parsed 4 headers
[2m2025-12-10T10:19:04.966767Z[0m [34mDEBUG[0m [2mhyper::proto::h1::conn[0m[2m:[0m incoming body is content-length (45 bytes)
[2m2025-12-10T10:19:04.966786Z[0m [34mDEBUG[0m [2mhyper::proto::h1::conn[0m[2m:[0m incoming body completed
[2m2025-12-10T10:19:04.966795Z[0m [34mDEBUG[0m [2mhyper::client::pool[0m[2m:[0m pooling idle connection for ("http", 192.168.0.14:8545)
[2m2025-12-10T10:19:04.966814Z[0m [34mDEBUG[0m [2mhyper::client::pool[0m[2m:[0m reuse idle connection for ("http", 192.168.0.14:8545)
[2m2025-12-10T10:19:04.966838Z[0m [34mDEBUG[0m [2mhyper::proto::h1::io[0m[2m:[0m flushed 172 bytes
[2m2025-12-10T10:19:04.972164Z[0m [34mDEBUG[0m [2mhyper::proto::h1::io[0m[2m:[0m parsed 4 headers
[2m2025-12-10T10:19:04.972252Z[0m [34mDEBUG[0m [2mhyper::proto::h1::conn[0m[2m:[0m incoming body is content-length (45 bytes)
[2m2025-12-10T10:19:04.972263Z[0m [34mDEBUG[0m [2mhyper::proto::h1::conn[0m[2m:[0m incoming body completed
[2m2025-12-10T10:19:04.972284Z[0m [34mDEBUG[0m [2mhyper::client::pool[0m[2m:[0m pooling idle connection for ("http", 192.168.0.14:8545)
[2m2025-12-10T10:19:04.972314Z[0m [34mDEBUG[0m [2mhyper::client::pool[0m[2m:[0m reuse idle connection for ("http", 192.168.0.14:8545)
[2m2025-12-10T10:19:04.972361Z[0m [34mDEBUG[0m [2mhyper::proto::h1::io[0m[2m:[0m flushed 172 bytes
[2m2025-12-10T10:19:04.976362Z[0m [34mDEBUG[0m [2mhyper::proto::h1::io[0m[2m:[0m parsed 4 headers
[2m2025-12-10T10:19:04.976372Z[0m [34mDEBUG[0m [2mhyper::proto::h1::conn[0m[2m:[0m incoming body is content-length (45 bytes)
[2m2025-12-10T10:19:04.976380Z[0m [34mDEBUG[0m [2mhyper::proto::h1::conn[0m[2m:[0m incoming body completed
[2m2025-12-10T10:19:04.976394Z[0m [34mDEBUG[0m [2mhyper::client::pool[0m[2m:[0m pooling idle connection for ("http", 192.168.0.14:8545)
[2m2025-12-10T10:19:04.976461Z[0m [34mDEBUG[0m [2mhyper::client::pool[0m[2m:[0m reuse idle connection for ("http", 192.168.0.14:8545)
[2m2025-12-10T10:19:04.976506Z[0m [34mDEBUG[0m [2mhyper::proto::h1::io[0m[2m:[0m flushed 172 bytes
[2m2025-12-10T10:19:04.983802Z[0m [34mDEBUG[0m [2mhyper::proto::h1::io[0m[2m:[0m parsed 4 headers
[2m2025-12-10T10:19:04.983855Z[0m [34mDEBUG[0m [2mhyper::proto::h1::conn[0m[2m:[0m incoming body is content-length (45 bytes)
[2m2025-12-10T10:19:04.983881Z[0m [34mDEBUG[0m [2mhyper::proto::h1::conn[0m[2m:[0m incoming body completed
[2m2025-12-10T10:19:04.983914Z[0m [34mDEBUG[0m [2mhyper::client::pool[0m[2m:[0m pooling idle connection for ("http", 192.168.0.14:8545)
[2m2025-12-10T10:19:04.984004Z[0m [34mDEBUG[0m [2mhyper::client::pool[0m[2m:[0m reuse idle connection for ("http", 192.168.0.14:8545)
[2m2025-12-10T10:19:04.984030Z[0m [34mDEBUG[0m [2mhyper::proto::h1::io[0m[2m:[0m flushed 172 bytes
[2m2025-12-10T10:19:04.988562Z[0m [34mDEBUG[0m [2mhyper::proto::h1::io[0m[2m:[0m parsed 4 headers
[2m2025-12-10T10:19:04.988572Z[0m [34mDEBUG[0m [2mhyper::proto::h1::conn[0m[2m:[0m incoming body is content-length (45 bytes)
[2m2025-12-10T10:19:04.988579Z[0m [34mDEBUG[0m [2mhyper::proto::h1::conn[0m[2m:[0m incoming body completed
[2m2025-12-10T10:19:04.988586Z[0m [34mDEBUG[0m [2mhyper::client::pool[0m[2m:[0m pooling idle connection for ("http", 192.168.0.14:8545)
[2m2025-12-10T10:19:04.988608Z[0m [34mDEBUG[0m [2mhyper::client::pool[0m[2m:[0m reuse idle connection for ("http", 192.168.0.14:8545)
[2m2025-12-10T10:19:04.988630Z[0m [34mDEBUG[0m [2mhyper::proto::h1::io[0m[2m:[0m flushed 172 bytes
[2m2025-12-10T10:19:04.993038Z[0m [34mDEBUG[0m [2mhyper::proto::h1::io[0m[2m:[0m parsed 4 headers
[2m2025-12-10T10:19:04.994096Z[0m [34mDEBUG[0m [2mhyper::proto::h1::conn[0m[2m:[0m incoming body is content-length (45 bytes)
[2m2025-12-10T10:19:04.994107Z[0m [34mDEBUG[0m [2mhyper::proto::h1::conn[0m[2m:[0m incoming body completed
[2m2025-12-10T10:19:04.994116Z[0m [34mDEBUG[0m [2mhyper::client::pool[0m[2m:[0m pooling idle connection for ("http", 192.168.0.14:8545)
[2m2025-12-10T10:19:04.994137Z[0m [34mDEBUG[0m [2mhyper::client::pool[0m[2m:[0m reuse idle connection for ("http", 192.168.0.14:8545)
[2m2025-12-10T10:19:04.995110Z[0m [34mDEBUG[0m [2mhyper::proto::h1::io[0m[2m:[0m flushed 172 bytes
[2m2025-12-10T10:19:04.998048Z[0m [34mDEBUG[0m [2mhyper::proto::h1::io[0m[2m:[0m parsed 4 headers
[2m2025-12-10T10:19:04.998067Z[0m [34mDEBUG[0m [2mhyper::proto::h1::conn[0m[2m:[0m incoming body is content-length (45 bytes)
[2m2025-12-10T10:19:04.998075Z[0m [34mDEBUG[0m [2mhyper::proto::h1::conn[0m[2m:[0m incoming body completed
[2m2025-12-10T10:19:04.998085Z[0m [34mDEBUG[0m [2mhyper::client::pool[0m[2m:[0m pooling idle connection for ("http", 192.168.0.14:8545)
[2m2025-12-10T10:19:04.998132Z[0m [34mDEBUG[0m [2mhyper::client::pool[0m[2m:[0m reuse idle connection for ("http", 192.168.0.14:8545)
[2m2025-12-10T10:19:04.998184Z[0m [34mDEBUG[0m [2mhyper::proto::h1::io[0m[2m:[0m flushed 172 bytes
[2m2025-12-10T10:19:05.014930Z[0m [34mDEBUG[0m [2mhyper::proto::h1::io[0m[2m:[0m parsed 4 headers
[2m2025-12-10T10:19:05.015213Z[0m [34mDEBUG[0m [2mhyper::proto::h1::conn[0m[2m:[0m incoming body is content-length (45 bytes)
[2m2025-12-10T10:19:05.015311Z[0m [34mDEBUG[0m [2mhyper::proto::h1::conn[0m[2m:[0m incoming body completed
[2m2025-12-10T10:19:05.015342Z[0m [34mDEBUG[0m [2mhyper::client::pool[0m[2m:[0m pooling idle connection for ("http", 192.168.0.14:8545)
[2m2025-12-10T10:19:05.015499Z[0m [34mDEBUG[0m [2mhyper::client::pool[0m[2m:[0m reuse idle connection for ("http", 192.168.0.14:8545)
[2m2025-12-10T10:19:05.015722Z[0m [34mDEBUG[0m [2mhyper::proto::h1::io[0m[2m:[0m flushed 172 bytes
[2m2025-12-10T10:19:05.019920Z[0m [34mDEBUG[0m [2mhyper::proto::h1::io[0m[2m:[0m parsed 4 headers
[2m2025-12-10T10:19:05.019951Z[0m [34mDEBUG[0m [2mhyper::proto::h1::conn[0m[2m:[0m incoming body is content-length (45 bytes)
[2m2025-12-10T10:19:05.019963Z[0m [34mDEBUG[0m [2mhyper::proto::h1::conn[0m[2m:[0m incoming body completed
[2m2025-12-10T10:19:05.019976Z[0m [34mDEBUG[0m [2mhyper::client::pool[0m[2m:[0m pooling idle connection for ("http", 192.168.0.14:8545)
[2m2025-12-10T10:19:05.020014Z[0m [34mDEBUG[0m [2mhyper::client::pool[0m[2m:[0m reuse idle connection for ("http", 192.168.0.14:8545)
[2m2025-12-10T10:19:05.020129Z[0m [34mDEBUG[0m [2mhyper::proto::h1::io[0m[2m:[0m flushed 172 bytes
[2m2025-12-10T10:19:05.024516Z[0m [34mDEBUG[0m [2mhyper::proto::h1::io[0m[2m:[0m parsed 4 headers
[2m2025-12-10T10:19:05.024526Z[0m [34mDEBUG[0m [2mhyper::proto::h1::conn[0m[2m:[0m incoming body is content-length (45 bytes)
[2m2025-12-10T10:19:05.024560Z[0m [34mDEBUG[0m [2mhyper::proto::h1::conn[0m[2m:[0m incoming body completed
[2m2025-12-10T10:19:05.024617Z[0m [34mDEBUG[0m [2mhyper::client::pool[0m[2m:[0m pooling idle connection for ("http", 192.168.0.14:8545)
[2m2025-12-10T10:19:05.024641Z[0m [34mDEBUG[0m [2mhyper::client::pool[0m[2m:[0m reuse idle connection for ("http", 192.168.0.14:8545)
[2m2025-12-10T10:19:05.024689Z[0m [34mDEBUG[0m [2mhyper::proto::h1::io[0m[2m:[0m flushed 172 bytes
[2m2025-12-10T10:19:05.030802Z[0m [34mDEBUG[0m [2mhyper::proto::h1::io[0m[2m:[0m parsed 4 headers
[2m2025-12-10T10:19:05.030824Z[0m [34mDEBUG[0m [2mhyper::proto::h1::conn[0m[2m:[0m incoming body is content-length (45 bytes)
[2m2025-12-10T10:19:05.030833Z[0m [34mDEBUG[0m [2mhyper::proto::h1::conn[0m[2m:[0m incoming body completed
[2m2025-12-10T10:19:05.030842Z[0m [34mDEBUG[0m [2mhyper::client::pool[0m[2m:[0m pooling idle connection for ("http", 192.168.0.14:8545)
[2m2025-12-10T10:19:05.030865Z[0m [34mDEBUG[0m [2mhyper::client::pool[0m[2m:[0m reuse idle connection for ("http", 192.168.0.14:8545)
[2m2025-12-10T10:19:05.030896Z[0m [34mDEBUG[0m [2mhyper::proto::h1::io[0m[2m:[0m flushed 172 bytes
[2m2025-12-10T10:19:05.034453Z[0m [34mDEBUG[0m [2mhyper::proto::h1::io[0m[2m:[0m parsed 4 headers
[2m2025-12-10T10:19:05.034461Z[0m [34mDEBUG[0m [2mhyper::proto::h1::conn[0m[2m:[0m incoming body is content-length (45 bytes)
[2m2025-12-10T10:19:05.034469Z[0m [34mDEBUG[0m [2mhyper::proto::h1::conn[0m[2m:[0m incoming body completed
[2m2025-12-10T10:19:05.034477Z[0m [34mDEBUG[0m [2mhyper::client::pool[0m[2m:[0m pooling idle connection for ("http", 192.168.0.14:8545)
[2m2025-12-10T10:19:05.034524Z[0m [34mDEBUG[0m [2mhyper::client::pool[0m[2m:[0m reuse idle connection for ("http", 192.168.0.14:8545)
[2m2025-12-10T10:19:05.034556Z[0m [34mDEBUG[0m [2mhyper::proto::h1::io[0m[2m:[0m flushed 172 bytes
[2m2025-12-10T10:19:05.038419Z[0m [34mDEBUG[0m [2mhyper::proto::h1::io[0m[2m:[0m parsed 4 headers
[2m2025-12-10T10:19:05.040478Z[0m [34mDEBUG[0m [2mhyper::proto::h1::conn[0m[2m:[0m incoming body is content-length (45 bytes)
[2m2025-12-10T10:19:05.040484Z[0m [34mDEBUG[0m [2mhyper::proto::h1::conn[0m[2m:[0m incoming body completed
[2m2025-12-10T10:19:05.040491Z[0m [34mDEBUG[0m [2mhyper::client::pool[0m[2m:[0m pooling idle connection for ("http", 192.168.0.14:8545)
[2m2025-12-10T10:19:05.040507Z[0m [34mDEBUG[0m [2mhyper::client::pool[0m[2m:[0m reuse idle connection for ("http", 192.168.0.14:8545)
[2m2025-12-10T10:19:05.040539Z[0m [34mDEBUG[0m [2mhyper::proto::h1::io[0m[2m:[0m flushed 172 bytes
[2m2025-12-10T10:19:05.043781Z[0m [34mDEBUG[0m [2mhyper::proto::h1::io[0m[2m:[0m parsed 4 headers
[2m2025-12-10T10:19:05.043790Z[0m [34mDEBUG[0m [2mhyper::proto::h1::conn[0m[2m:[0m incoming body is content-length (45 bytes)
[2m2025-12-10T10:19:05.043797Z[0m [34mDEBUG[0m [2mhyper::proto::h1::conn[0m[2m:[0m incoming body completed
[2m2025-12-10T10:19:05.043805Z[0m [34mDEBUG[0m [2mhyper::client::pool[0m[2m:[0m pooling idle connection for ("http", 192.168.0.14:8545)
[2m2025-12-10T10:19:05.043820Z[0m [34mDEBUG[0m [2mhyper::client::pool[0m[2m:[0m reuse idle connection for ("http", 192.168.0.14:8545)
[2m2025-12-10T10:19:05.043926Z[0m [34mDEBUG[0m [2mhyper::proto::h1::io[0m[2m:[0m flushed 172 bytes
[2m2025-12-10T10:19:05.048116Z[0m [34mDEBUG[0m [2mhyper::proto::h1::io[0m[2m:[0m parsed 4 headers
[2m2025-12-10T10:19:05.049728Z[0m [34mDEBUG[0m [2mhyper::proto::h1::conn[0m[2m:[0m incoming body is content-length (45 bytes)
[2m2025-12-10T10:19:05.049782Z[0m [34mDEBUG[0m [2mhyper::proto::h1::conn[0m[2m:[0m incoming body completed
[2m2025-12-10T10:19:05.049804Z[0m [34mDEBUG[0m [2mhyper::client::pool[0m[2m:[0m pooling idle connection for ("http", 192.168.0.14:8545)
[2m2025-12-10T10:19:05.049885Z[0m [34mDEBUG[0m [2mhyper::client::pool[0m[2m:[0m reuse idle connection for ("http", 192.168.0.14:8545)
[2m2025-12-10T10:19:05.049923Z[0m [34mDEBUG[0m [2mhyper::proto::h1::io[0m[2m:[0m flushed 172 bytes
[2m2025-12-10T10:19:05.056437Z[0m [34mDEBUG[0m [2mhyper::proto::h1::io[0m[2m:[0m parsed 4 headers
[2m2025-12-10T10:19:05.056446Z[0m [34mDEBUG[0m [2mhyper::proto::h1::conn[0m[2m:[0m incoming body is content-length (45 bytes)
[2m2025-12-10T10:19:05.056453Z[0m [34mDEBUG[0m [2mhyper::proto::h1::conn[0m[2m:[0m incoming body completed
[2m2025-12-10T10:19:05.056460Z[0m [34mDEBUG[0m [2mhyper::client::pool[0m[2m:[0m pooling idle connection for ("http", 192.168.0.14:8545)
[2m2025-12-10T10:19:05.056476Z[0m [34mDEBUG[0m [2mhyper::client::pool[0m[2m:[0m reuse idle connection for ("http", 192.168.0.14:8545)
[2m2025-12-10T10:19:05.056494Z[0m [34mDEBUG[0m [2mhyper::proto::h1::io[0m[2m:[0m flushed 172 bytes
[2m2025-12-10T10:19:05.061851Z[0m [34mDEBUG[0m [2mhyper::proto::h1::io[0m[2m:[0m parsed 4 headers
[2m2025-12-10T10:19:05.061859Z[0m [34mDEBUG[0m [2mhyper::proto::h1::conn[0m[2m:[0m incoming body is content-length (45 bytes)
[2m2025-12-10T10:19:05.061864Z[0m [34mDEBUG[0m [2mhyper::proto::h1::conn[0m[2m:[0m incoming body completed
[2m2025-12-10T10:19:05.061870Z[0m [34mDEBUG[0m [2mhyper::client::pool[0m[2m:[0m pooling idle connection for ("http", 192.168.0.14:8545)
[2m2025-12-10T10:19:05.061885Z[0m [34mDEBUG[0m [2mhyper::client::pool[0m[2m:[0m reuse idle connection for ("http", 192.168.0.14:8545)
[2m2025-12-10T10:19:05.061899Z[0m [34mDEBUG[0m [2mhyper::proto::h1::io[0m[2m:[0m flushed 172 bytes
[2m2025-12-10T10:19:05.065364Z[0m [34mDEBUG[0m [2mhyper::proto::h1::io[0m[2m:[0m parsed 4 headers
[2m2025-12-10T10:19:05.065371Z[0m [34mDEBUG[0m [2mhyper::proto::h1::conn[0m[2m:[0m incoming body is content-length (45 bytes)
[2m2025-12-10T10:19:05.065377Z[0m [34mDEBUG[0m [2mhyper::proto::h1::conn[0m[2m:[0m incoming body completed
[2m2025-12-10T10:19:05.065383Z[0m [34mDEBUG[0m [2mhyper::client::pool[0m[2m:[0m pooling idle connection for ("http", 192.168.0.14:8545)
[2m2025-12-10T10:19:05.065395Z[0m [34mDEBUG[0m [2mhyper::client::pool[0m[2m:[0m reuse idle connection for ("http", 192.168.0.14:8545)
[2m2025-12-10T10:19:05.065410Z[0m [34mDEBUG[0m [2mhyper::proto::h1::io[0m[2m:[0m flushed 172 bytes
[2m2025-12-10T10:19:05.071574Z[0m [34mDEBUG[0m [2mhyper::proto::h1::io[0m[2m:[0m parsed 4 headers
[2m2025-12-10T10:19:05.071580Z[0m [34mDEBUG[0m [2mhyper::proto::h1::conn[0m[2m:[0m incoming body is content-length (45 bytes)
[2m2025-12-10T10:19:05.071585Z[0m [34mDEBUG[0m [2mhyper::proto::h1::conn[0m[2m:[0m incoming body completed
[2m2025-12-10T10:19:05.071599Z[0m [34mDEBUG[0m [2mhyper::client::pool[0m[2m:[0m pooling idle connection for ("http", 192.168.0.14:8545)
[2m2025-12-10T10:19:05.071611Z[0m [34mDEBUG[0m [2mhyper::client::pool[0m[2m:[0m reuse idle connection for ("http", 192.168.0.14:8545)
[2m2025-12-10T10:19:05.071622Z[0m [34mDEBUG[0m [2mhyper::proto::h1::io[0m[2m:[0m flushed 172 bytes
[2m2025-12-10T10:19:05.075448Z[0m [34mDEBUG[0m [2mhyper::proto::h1::io[0m[2m:[0m parsed 4 headers
[2m2025-12-10T10:19:05.075457Z[0m [34mDEBUG[0m [2mhyper::proto::h1::conn[0m[2m:[0m incoming body is content-length (45 bytes)
[2m2025-12-10T10:19:05.075464Z[0m [34mDEBUG[0m [2mhyper::proto::h1::conn[0m[2m:[0m incoming body completed
[2m2025-12-10T10:19:05.075472Z[0m [34mDEBUG[0m [2mhyper::client::pool[0m[2m:[0m pooling idle connection for ("http", 192.168.0.14:8545)
[2m2025-12-10T10:19:05.075485Z[0m [34mDEBUG[0m [2mhyper::client::pool[0m[2m:[0m reuse idle connection for ("http", 192.168.0.14:8545)
[2m2025-12-10T10:19:05.075499Z[0m [34mDEBUG[0m [2mhyper::proto::h1::io[0m[2m:[0m flushed 172 bytes
[2m2025-12-10T10:19:05.079012Z[0m [34mDEBUG[0m [2mhyper::proto::h1::io[0m[2m:[0m parsed 4 headers
[2m2025-12-10T10:19:05.079019Z[0m [34mDEBUG[0m [2mhyper::proto::h1::conn[0m[2m:[0m incoming body is content-length (45 bytes)
[2m2025-12-10T10:19:05.079025Z[0m [34mDEBUG[0m [2mhyper::proto::h1::conn[0m[2m:[0m incoming body completed
[2m2025-12-10T10:19:05.079030Z[0m [34mDEBUG[0m [2mhyper::client::pool[0m[2m:[0m pooling idle connection for ("http", 192.168.0.14:8545)
[2m2025-12-10T10:19:05.079039Z[0m [34mDEBUG[0m [2mhyper::client::pool[0m[2m:[0m reuse idle connection for ("http", 192.168.0.14:8545)
[2m2025-12-10T10:19:05.079051Z[0m [34mDEBUG[0m [2mhyper::proto::h1::io[0m[2m:[0m flushed 172 bytes
[2m2025-12-10T10:19:05.083115Z[0m [34mDEBUG[0m [2mhyper::proto::h1::io[0m[2m:[0m parsed 4 headers
[2m2025-12-10T10:19:05.083123Z[0m [34mDEBUG[0m [2mhyper::proto::h1::conn[0m[2m:[0m incoming body is content-length (45 bytes)
[2m2025-12-10T10:19:05.083128Z[0m [34mDEBUG[0m [2mhyper::proto::h1::conn[0m[2m:[0m incoming body completed
[2m2025-12-10T10:19:05.083133Z[0m [34mDEBUG[0m [2mhyper::client::pool[0m[2m:[0m pooling idle connection for ("http", 192.168.0.14:8545)
[2m2025-12-10T10:19:05.083160Z[0m [34mDEBUG[0m [2mhyper::client::pool[0m[2m:[0m reuse idle connection for ("http", 192.168.0.14:8545)
[2m2025-12-10T10:19:05.083173Z[0m [34mDEBUG[0m [2mhyper::proto::h1::io[0m[2m:[0m flushed 172 bytes
[2m2025-12-10T10:19:05.092130Z[0m [34mDEBUG[0m [2mhyper::proto::h1::io[0m[2m:[0m parsed 4 headers
[2m2025-12-10T10:19:05.092141Z[0m [34mDEBUG[0m [2mhyper::proto::h1::conn[0m[2m:[0m incoming body is content-length (45 bytes)
[2m2025-12-10T10:19:05.092149Z[0m [34mDEBUG[0m [2mhyper::proto::h1::conn[0m[2m:[0m incoming body completed
[2m2025-12-10T10:19:05.092161Z[0m [34mDEBUG[0m [2mhyper::client::pool[0m[2m:[0m pooling idle connection for ("http", 192.168.0.14:8545)
[2m2025-12-10T10:19:05.092186Z[0m [34mDEBUG[0m [2mhyper::client::pool[0m[2m:[0m reuse idle connection for ("http", 192.168.0.14:8545)
[2m2025-12-10T10:19:05.092208Z[0m [34mDEBUG[0m [2mhyper::proto::h1::io[0m[2m:[0m flushed 172 bytes
[2m2025-12-10T10:19:05.095564Z[0m [34mDEBUG[0m [2mhyper::proto::h1::io[0m[2m:[0m parsed 4 headers
[2m2025-12-10T10:19:05.095571Z[0m [34mDEBUG[0m [2mhyper::proto::h1::conn[0m[2m:[0m incoming body is content-length (45 bytes)
[2m2025-12-10T10:19:05.095576Z[0m [34mDEBUG[0m [2mhyper::proto::h1::conn[0m[2m:[0m incoming body completed
[2m2025-12-10T10:19:05.095590Z[0m [34mDEBUG[0m [2mhyper::client::pool[0m[2m:[0m pooling idle connection for ("http", 192.168.0.14:8545)
[2m2025-12-10T10:19:05.095630Z[0m [34mDEBUG[0m [2mhyper::client::pool[0m[2m:[0m reuse idle connection for ("http", 192.168.0.14:8545)
[2m2025-12-10T10:19:05.095646Z[0m [34mDEBUG[0m [2mhyper::proto::h1::io[0m[2m:[0m flushed 172 bytes
[2m2025-12-10T10:19:05.101116Z[0m [34mDEBUG[0m [2mhyper::proto::h1::io[0m[2m:[0m parsed 4 headers
[2m2025-12-10T10:19:05.101127Z[0m [34mDEBUG[0m [2mhyper::proto::h1::conn[0m[2m:[0m incoming body is content-length (45 bytes)
[2m2025-12-10T10:19:05.101159Z[0m [34mDEBUG[0m [2mhyper::proto::h1::conn[0m[2m:[0m incoming body completed
[2m2025-12-10T10:19:05.101165Z[0m [34mDEBUG[0m [2mhyper::client::pool[0m[2m:[0m pooling idle connection for ("http", 192.168.0.14:8545)
[2m2025-12-10T10:19:05.101180Z[0m [34mDEBUG[0m [2mhyper::client::pool[0m[2m:[0m reuse idle connection for ("http", 192.168.0.14:8545)
[2m2025-12-10T10:19:05.101196Z[0m [34mDEBUG[0m [2mhyper::proto::h1::io[0m[2m:[0m flushed 172 bytes
[2m2025-12-10T10:19:05.106866Z[0m [34mDEBUG[0m [2mhyper::proto::h1::io[0m[2m:[0m parsed 4 headers
[2m2025-12-10T10:19:05.106874Z[0m [34mDEBUG[0m [2mhyper::proto::h1::conn[0m[2m:[0m incoming body is content-length (45 bytes)
[2m2025-12-10T10:19:05.106879Z[0m [34mDEBUG[0m [2mhyper::proto::h1::conn[0m[2m:[0m incoming body completed
[2m2025-12-10T10:19:05.106885Z[0m [34mDEBUG[0m [2mhyper::client::pool[0m[2m:[0m pooling idle connection for ("http", 192.168.0.14:8545)
[2m2025-12-10T10:19:05.106897Z[0m [34mDEBUG[0m [2mhyper::client::pool[0m[2m:[0m reuse idle connection for ("http", 192.168.0.14:8545)
[2m2025-12-10T10:19:05.106913Z[0m [34mDEBUG[0m [2mhyper::proto::h1::io[0m[2m:[0m flushed 172 bytes
[2m2025-12-10T10:19:05.110937Z[0m [34mDEBUG[0m [2mhyper::proto::h1::io[0m[2m:[0m parsed 4 headers
[2m2025-12-10T10:19:05.110949Z[0m [34mDEBUG[0m [2mhyper::proto::h1::conn[0m[2m:[0m incoming body is content-length (45 bytes)
[2m2025-12-10T10:19:05.110956Z[0m [34mDEBUG[0m [2mhyper::proto::h1::conn[0m[2m:[0m incoming body completed
[2m2025-12-10T10:19:05.110963Z[0m [34mDEBUG[0m [2mhyper::client::pool[0m[2m:[0m pooling idle connection for ("http", 192.168.0.14:8545)
[2m2025-12-10T10:19:05.110978Z[0m [34mDEBUG[0m [2mhyper::client::pool[0m[2m:[0m reuse idle connection for ("http", 192.168.0.14:8545)
[2m2025-12-10T10:19:05.111000Z[0m [34mDEBUG[0m [2mhyper::proto::h1::io[0m[2m:[0m flushed 172 bytes
[2m2025-12-10T10:19:05.116496Z[0m [34mDEBUG[0m [2mhyper::proto::h1::io[0m[2m:[0m parsed 4 headers
[2m2025-12-10T10:19:05.116508Z[0m [34mDEBUG[0m [2mhyper::proto::h1::conn[0m[2m:[0m incoming body is content-length (45 bytes)
[2m2025-12-10T10:19:05.116516Z[0m [34mDEBUG[0m [2mhyper::proto::h1::conn[0m[2m:[0m incoming body completed
[2m2025-12-10T10:19:05.116525Z[0m [34mDEBUG[0m [2mhyper::client::pool[0m[2m:[0m pooling idle connection for ("http", 192.168.0.14:8545)
[2m2025-12-10T10:19:05.116758Z[0m [34mDEBUG[0m [2mhyper::client::pool[0m[2m:[0m reuse idle connection for ("http", 192.168.0.14:8545)
[2m2025-12-10T10:19:05.116842Z[0m [34mDEBUG[0m [2mhyper::proto::h1::io[0m[2m:[0m flushed 172 bytes
[2m2025-12-10T10:19:05.121570Z[0m [34mDEBUG[0m [2mhyper::proto::h1::io[0m[2m:[0m parsed 4 headers
[2m2025-12-10T10:19:05.121587Z[0m [34mDEBUG[0m [2mhyper::proto::h1::conn[0m[2m:[0m incoming body is content-length (45 bytes)
[2m2025-12-10T10:19:05.121595Z[0m [34mDEBUG[0m [2mhyper::proto::h1::conn[0m[2m:[0m incoming body completed
[2m2025-12-10T10:19:05.121614Z[0m [34mDEBUG[0m [2mhyper::client::pool[0m[2m:[0m pooling idle connection for ("http", 192.168.0.14:8545)
[2m2025-12-10T10:19:05.121644Z[0m [34mDEBUG[0m [2mhyper::client::pool[0m[2m:[0m reuse idle connection for ("http", 192.168.0.14:8545)
[2m2025-12-10T10:19:05.121666Z[0m [34mDEBUG[0m [2mhyper::proto::h1::io[0m[2m:[0m flushed 172 bytes
[2m2025-12-10T10:19:05.125387Z[0m [34mDEBUG[0m [2mhyper::proto::h1::io[0m[2m:[0m parsed 4 headers
[2m2025-12-10T10:19:05.125408Z[0m [34mDEBUG[0m [2mhyper::proto::h1::conn[0m[2m:[0m incoming body is content-length (45 bytes)
[2m2025-12-10T10:19:05.125413Z[0m [34mDEBUG[0m [2mhyper::proto::h1::conn[0m[2m:[0m incoming body completed
[2m2025-12-10T10:19:05.125538Z[0m [34mDEBUG[0m [2mhyper::client::pool[0m[2m:[0m pooling idle connection for ("http", 192.168.0.14:8545)
[2m2025-12-10T10:19:05.125561Z[0m [34mDEBUG[0m [2mhyper::client::pool[0m[2m:[0m reuse idle connection for ("http", 192.168.0.14:8545)
[2m2025-12-10T10:19:05.125587Z[0m [34mDEBUG[0m [2mhyper::proto::h1::io[0m[2m:[0m flushed 172 bytes
[2m2025-12-10T10:19:05.131945Z[0m [34mDEBUG[0m [2mhyper::proto::h1::io[0m[2m:[0m parsed 4 headers
[2m2025-12-10T10:19:05.131959Z[0m [34mDEBUG[0m [2mhyper::proto::h1::conn[0m[2m:[0m incoming body is content-length (45 bytes)
[2m2025-12-10T10:19:05.131966Z[0m [34mDEBUG[0m [2mhyper::proto::h1::conn[0m[2m:[0m incoming body completed
[2m2025-12-10T10:19:05.131976Z[0m [34mDEBUG[0m [2mhyper::client::pool[0m[2m:[0m pooling idle connection for ("http", 192.168.0.14:8545)
[2m2025-12-10T10:19:05.131996Z[0m [34mDEBUG[0m [2mhyper::client::pool[0m[2m:[0m reuse idle connection for ("http", 192.168.0.14:8545)
[2m2025-12-10T10:19:05.132022Z[0m [34mDEBUG[0m [2mhyper::proto::h1::io[0m[2m:[0m flushed 172 bytes
[2m2025-12-10T10:19:05.135939Z[0m [34mDEBUG[0m [2mhyper::proto::h1::io[0m[2m:[0m parsed 4 headers
[2m2025-12-10T10:19:05.135946Z[0m [34mDEBUG[0m [2mhyper::proto::h1::conn[0m[2m:[0m incoming body is content-length (45 bytes)
[2m2025-12-10T10:19:05.135952Z[0m [34mDEBUG[0m [2mhyper::proto::h1::conn[0m[2m:[0m incoming body completed
[2m2025-12-10T10:19:05.136021Z[0m [34mDEBUG[0m [2mhyper::client::pool[0m[2m:[0m pooling idle connection for ("http", 192.168.0.14:8545)
[2m2025-12-10T10:19:05.136041Z[0m [34mDEBUG[0m [2mhyper::client::pool[0m[2m:[0m reuse idle connection for ("http", 192.168.0.14:8545)
[2m2025-12-10T10:19:05.136058Z[0m [34mDEBUG[0m [2mhyper::proto::h1::io[0m[2m:[0m flushed 172 bytes
[2m2025-12-10T10:19:05.139282Z[0m [34mDEBUG[0m [2mhyper::proto::h1::io[0m[2m:[0m parsed 4 headers
[2m2025-12-10T10:19:05.139306Z[0m [34mDEBUG[0m [2mhyper::proto::h1::conn[0m[2m:[0m incoming body is content-length (45 bytes)
[2m2025-12-10T10:19:05.139355Z[0m [34mDEBUG[0m [2mhyper::proto::h1::conn[0m[2m:[0m incoming body completed
[2m2025-12-10T10:19:05.139365Z[0m [34mDEBUG[0m [2mhyper::client::pool[0m[2m:[0m pooling idle connection for ("http", 192.168.0.14:8545)
[2m2025-12-10T10:19:05.139381Z[0m [34mDEBUG[0m [2mhyper::client::pool[0m[2m:[0m reuse idle connection for ("http", 192.168.0.14:8545)
[2m2025-12-10T10:19:05.139405Z[0m [34mDEBUG[0m [2mhyper::proto::h1::io[0m[2m:[0m flushed 172 bytes
[2m2025-12-10T10:19:05.143037Z[0m [34mDEBUG[0m [2mhyper::proto::h1::io[0m[2m:[0m parsed 4 headers
[2m2025-12-10T10:19:05.143045Z[0m [34mDEBUG[0m [2mhyper::proto::h1::conn[0m[2m:[0m incoming body is content-length (45 bytes)
[2m2025-12-10T10:19:05.143073Z[0m [34mDEBUG[0m [2mhyper::proto::h1::conn[0m[2m:[0m incoming body completed
[2m2025-12-10T10:19:05.143079Z[0m [34mDEBUG[0m [2mhyper::client::pool[0m[2m:[0m pooling idle connection for ("http", 192.168.0.14:8545)
[2m2025-12-10T10:19:05.143093Z[0m [34mDEBUG[0m [2mhyper::client::pool[0m[2m:[0m reuse idle connection for ("http", 192.168.0.14:8545)
[2m2025-12-10T10:19:05.143107Z[0m [34mDEBUG[0m [2mhyper::proto::h1::io[0m[2m:[0m flushed 172 bytes
[2m2025-12-10T10:19:05.146453Z[0m [34mDEBUG[0m [2mhyper::proto::h1::io[0m[2m:[0m parsed 4 headers
[2m2025-12-10T10:19:05.146461Z[0m [34mDEBUG[0m [2mhyper::proto::h1::conn[0m[2m:[0m incoming body is content-length (45 bytes)
[2m2025-12-10T10:19:05.146467Z[0m [34mDEBUG[0m [2mhyper::proto::h1::conn[0m[2m:[0m incoming body completed
[2m2025-12-10T10:19:05.146484Z[0m [34mDEBUG[0m [2mhyper::client::pool[0m[2m:[0m pooling idle connection for ("http", 192.168.0.14:8545)
[2m2025-12-10T10:19:05.146498Z[0m [34mDEBUG[0m [2mhyper::client::pool[0m[2m:[0m reuse idle connection for ("http", 192.168.0.14:8545)
[2m2025-12-10T10:19:05.146513Z[0m [34mDEBUG[0m [2mhyper::proto::h1::io[0m[2m:[0m flushed 172 bytes
[2m2025-12-10T10:19:05.151292Z[0m [34mDEBUG[0m [2mhyper::proto::h1::io[0m[2m:[0m parsed 4 headers
[2m2025-12-10T10:19:05.151419Z[0m [34mDEBUG[0m [2mhyper::proto::h1::conn[0m[2m:[0m incoming body is content-length (45 bytes)
[2m2025-12-10T10:19:05.151426Z[0m [34mDEBUG[0m [2mhyper::proto::h1::conn[0m[2m:[0m incoming body completed
[2m2025-12-10T10:19:05.151435Z[0m [34mDEBUG[0m [2mhyper::client::pool[0m[2m:[0m pooling idle connection for ("http", 192.168.0.14:8545)
[2m2025-12-10T10:19:05.151450Z[0m [34mDEBUG[0m [2mhyper::client::pool[0m[2m:[0m reuse idle connection for ("http", 192.168.0.14:8545)
[2m2025-12-10T10:19:05.151489Z[0m [34mDEBUG[0m [2mhyper::proto::h1::io[0m[2m:[0m flushed 172 bytes
[2m2025-12-10T10:19:05.157416Z[0m [34mDEBUG[0m [2mhyper::proto::h1::io[0m[2m:[0m parsed 4 headers
[2m2025-12-10T10:19:05.157489Z[0m [34mDEBUG[0m [2mhyper::proto::h1::conn[0m[2m:[0m incoming body is content-length (45 bytes)
[2m2025-12-10T10:19:05.157512Z[0m [34mDEBUG[0m [2mhyper::proto::h1::conn[0m[2m:[0m incoming body completed
[2m2025-12-10T10:19:05.157523Z[0m [34mDEBUG[0m [2mhyper::client::pool[0m[2m:[0m pooling idle connection for ("http", 192.168.0.14:8545)
[2m2025-12-10T10:19:05.157550Z[0m [34mDEBUG[0m [2mhyper::client::pool[0m[2m:[0m reuse idle connection for ("http", 192.168.0.14:8545)
[2m2025-12-10T10:19:05.157597Z[0m [34mDEBUG[0m [2mhyper::proto::h1::io[0m[2m:[0m flushed 172 bytes
[2m2025-12-10T10:19:05.162118Z[0m [34mDEBUG[0m [2mhyper::proto::h1::io[0m[2m:[0m parsed 4 headers
[2m2025-12-10T10:19:05.162134Z[0m [34mDEBUG[0m [2mhyper::proto::h1::conn[0m[2m:[0m incoming body is content-length (45 bytes)
[2m2025-12-10T10:19:05.162144Z[0m [34mDEBUG[0m [2mhyper::proto::h1::conn[0m[2m:[0m incoming body completed
[2m2025-12-10T10:19:05.162190Z[0m [34mDEBUG[0m [2mhyper::client::pool[0m[2m:[0m pooling idle connection for ("http", 192.168.0.14:8545)
[2m2025-12-10T10:19:05.162297Z[0m [34mDEBUG[0m [2mhyper::client::pool[0m[2m:[0m reuse idle connection for ("http", 192.168.0.14:8545)
[2m2025-12-10T10:19:05.162344Z[0m [34mDEBUG[0m [2mhyper::proto::h1::io[0m[2m:[0m flushed 172 bytes
[2m2025-12-10T10:19:05.167882Z[0m [34mDEBUG[0m [2mhyper::proto::h1::io[0m[2m:[0m parsed 4 headers
[2m2025-12-10T10:19:05.167894Z[0m [34mDEBUG[0m [2mhyper::proto::h1::conn[0m[2m:[0m incoming body is content-length (45 bytes)
[2m2025-12-10T10:19:05.167902Z[0m [34mDEBUG[0m [2mhyper::proto::h1::conn[0m[2m:[0m incoming body completed
[2m2025-12-10T10:19:05.167994Z[0m [34mDEBUG[0m [2mhyper::client::pool[0m[2m:[0m pooling idle connection for ("http", 192.168.0.14:8545)
[2m2025-12-10T10:19:05.168061Z[0m [34mDEBUG[0m [2mhyper::client::pool[0m[2m:[0m reuse idle connection for ("http", 192.168.0.14:8545)
[2m2025-12-10T10:19:05.168120Z[0m [34mDEBUG[0m [2mhyper::proto::h1::io[0m[2m:[0m flushed 172 bytes
[2m2025-12-10T10:19:05.173011Z[0m [34mDEBUG[0m [2mhyper::proto::h1::io[0m[2m:[0m parsed 4 headers
[2m2025-12-10T10:19:05.173021Z[0m [34mDEBUG[0m [2mhyper::proto::h1::conn[0m[2m:[0m incoming body is content-length (45 bytes)
[2m2025-12-10T10:19:05.173028Z[0m [34mDEBUG[0m [2mhyper::proto::h1::conn[0m[2m:[0m incoming body completed
[2m2025-12-10T10:19:05.173037Z[0m [34mDEBUG[0m [2mhyper::client::pool[0m[2m:[0m pooling idle connection for ("http", 192.168.0.14:8545)
[2m2025-12-10T10:19:05.173059Z[0m [34mDEBUG[0m [2mhyper::client::pool[0m[2m:[0m reuse idle connection for ("http", 192.168.0.14:8545)
[2m2025-12-10T10:19:05.173082Z[0m [34mDEBUG[0m [2mhyper::proto::h1::io[0m[2m:[0m flushed 172 bytes
[2m2025-12-10T10:19:05.177552Z[0m [34mDEBUG[0m [2mhyper::proto::h1::io[0m[2m:[0m parsed 4 headers
[2m2025-12-10T10:19:05.177567Z[0m [34mDEBUG[0m [2mhyper::proto::h1::conn[0m[2m:[0m incoming body is content-length (45 bytes)
[2m2025-12-10T10:19:05.177573Z[0m [34mDEBUG[0m [2mhyper::proto::h1::conn[0m[2m:[0m incoming body completed
[2m2025-12-10T10:19:05.177580Z[0m [34mDEBUG[0m [2mhyper::client::pool[0m[2m:[0m pooling idle connection for ("http", 192.168.0.14:8545)
[2m2025-12-10T10:19:05.177598Z[0m [34mDEBUG[0m [2mhyper::client::pool[0m[2m:[0m reuse idle connection for ("http", 192.168.0.14:8545)
[2m2025-12-10T10:19:05.177614Z[0m [34mDEBUG[0m [2mhyper::proto::h1::io[0m[2m:[0m flushed 172 bytes
[2m2025-12-10T10:19:05.181016Z[0m [34mDEBUG[0m [2mhyper::proto::h1::io[0m[2m:[0m parsed 4 headers
[2m2025-12-10T10:19:05.181088Z[0m [34mDEBUG[0m [2mhyper::proto::h1::conn[0m[2m:[0m incoming body is content-length (45 bytes)
[2m2025-12-10T10:19:05.181094Z[0m [34mDEBUG[0m [2mhyper::proto::h1::conn[0m[2m:[0m incoming body completed
[2m2025-12-10T10:19:05.181100Z[0m [34mDEBUG[0m [2mhyper::client::pool[0m[2m:[0m pooling idle connection for ("http", 192.168.0.14:8545)
[2m2025-12-10T10:19:05.181146Z[0m [34mDEBUG[0m [2mhyper::client::pool[0m[2m:[0m reuse idle connection for ("http", 192.168.0.14:8545)
[2m2025-12-10T10:19:05.181165Z[0m [34mDEBUG[0m [2mhyper::proto::h1::io[0m[2m:[0m flushed 172 bytes
[2m2025-12-10T10:19:05.187172Z[0m [34mDEBUG[0m [2mhyper::proto::h1::io[0m[2m:[0m parsed 4 headers
[2m2025-12-10T10:19:05.187180Z[0m [34mDEBUG[0m [2mhyper::proto::h1::conn[0m[2m:[0m incoming body is content-length (45 bytes)
[2m2025-12-10T10:19:05.187187Z[0m [34mDEBUG[0m [2mhyper::proto::h1::conn[0m[2m:[0m incoming body completed
[2m2025-12-10T10:19:05.187195Z[0m [34mDEBUG[0m [2mhyper::client::pool[0m[2m:[0m pooling idle connection for ("http", 192.168.0.14:8545)
[2m2025-12-10T10:19:05.187213Z[0m [34mDEBUG[0m [2mhyper::client::pool[0m[2m:[0m reuse idle connection for ("http", 192.168.0.14:8545)
[2m2025-12-10T10:19:05.187264Z[0m [34mDEBUG[0m [2mhyper::proto::h1::io[0m[2m:[0m flushed 172 bytes
[2m2025-12-10T10:19:05.191941Z[0m [34mDEBUG[0m [2mhyper::proto::h1::io[0m[2m:[0m parsed 4 headers
[2m2025-12-10T10:19:05.191949Z[0m [34mDEBUG[0m [2mhyper::proto::h1::conn[0m[2m:[0m incoming body is content-length (45 bytes)
[2m2025-12-10T10:19:05.191954Z[0m [34mDEBUG[0m [2mhyper::proto::h1::conn[0m[2m:[0m incoming body completed
[2m2025-12-10T10:19:05.191960Z[0m [34mDEBUG[0m [2mhyper::client::pool[0m[2m:[0m pooling idle connection for ("http", 192.168.0.14:8545)
[2m2025-12-10T10:19:05.191973Z[0m [34mDEBUG[0m [2mhyper::client::pool[0m[2m:[0m reuse idle connection for ("http", 192.168.0.14:8545)
[2m2025-12-10T10:19:05.191990Z[0m [34mDEBUG[0m [2mhyper::proto::h1::io[0m[2m:[0m flushed 172 bytes
[2m2025-12-10T10:19:05.196853Z[0m [34mDEBUG[0m [2mhyper::proto::h1::io[0m[2m:[0m parsed 4 headers
[2m2025-12-10T10:19:05.196863Z[0m [34mDEBUG[0m [2mhyper::proto::h1::conn[0m[2m:[0m incoming body is content-length (45 bytes)
[2m2025-12-10T10:19:05.196868Z[0m [34mDEBUG[0m [2mhyper::proto::h1::conn[0m[2m:[0m incoming body completed
[2m2025-12-10T10:19:05.196875Z[0m [34mDEBUG[0m [2mhyper::client::pool[0m[2m:[0m pooling idle connection for ("http", 192.168.0.14:8545)
[2m2025-12-10T10:19:05.196888Z[0m [34mDEBUG[0m [2mhyper::client::pool[0m[2m:[0m reuse idle connection for ("http", 192.168.0.14:8545)
[2m2025-12-10T10:19:05.196907Z[0m [34mDEBUG[0m [2mhyper::proto::h1::io[0m[2m:[0m flushed 172 bytes
[2m2025-12-10T10:19:05.200669Z[0m [34mDEBUG[0m [2mhyper::proto::h1::io[0m[2m:[0m parsed 4 headers
[2m2025-12-10T10:19:05.200676Z[0m [34mDEBUG[0m [2mhyper::proto::h1::conn[0m[2m:[0m incoming body is content-length (45 bytes)
[2m2025-12-10T10:19:05.200681Z[0m [34mDEBUG[0m [2mhyper::proto::h1::conn[0m[2m:[0m incoming body completed
[2m2025-12-10T10:19:05.200686Z[0m [34mDEBUG[0m [2mhyper::client::pool[0m[2m:[0m pooling idle connection for ("http", 192.168.0.14:8545)
[2m2025-12-10T10:19:05.200696Z[0m [34mDEBUG[0m [2mhyper::client::pool[0m[2m:[0m reuse idle connection for ("http", 192.168.0.14:8545)
[2m2025-12-10T10:19:05.200710Z[0m [34mDEBUG[0m [2mhyper::proto::h1::io[0m[2m:[0m flushed 172 bytes
[2m2025-12-10T10:19:05.204952Z[0m [34mDEBUG[0m [2mhyper::proto::h1::io[0m[2m:[0m parsed 4 headers
[2m2025-12-10T10:19:05.204962Z[0m [34mDEBUG[0m [2mhyper::proto::h1::conn[0m[2m:[0m incoming body is content-length (45 bytes)
[2m2025-12-10T10:19:05.204969Z[0m [34mDEBUG[0m [2mhyper::proto::h1::conn[0m[2m:[0m incoming body completed
[2m2025-12-10T10:19:05.204976Z[0m [34mDEBUG[0m [2mhyper::client::pool[0m[2m:[0m pooling idle connection for ("http", 192.168.0.14:8545)
[2m2025-12-10T10:19:05.204992Z[0m [34mDEBUG[0m [2mhyper::client::pool[0m[2m:[0m reuse idle connection for ("http", 192.168.0.14:8545)
[2m2025-12-10T10:19:05.205018Z[0m [34mDEBUG[0m [2mhyper::proto::h1::io[0m[2m:[0m flushed 172 bytes
[2m2025-12-10T10:19:05.208980Z[0m [34mDEBUG[0m [2mhyper::proto::h1::io[0m[2m:[0m parsed 4 headers
[2m2025-12-10T10:19:05.208990Z[0m [34mDEBUG[0m [2mhyper::proto::h1::conn[0m[2m:[0m incoming body is content-length (45 bytes)
[2m2025-12-10T10:19:05.208996Z[0m [34mDEBUG[0m [2mhyper::proto::h1::conn[0m[2m:[0m incoming body completed
[2m2025-12-10T10:19:05.209003Z[0m [34mDEBUG[0m [2mhyper::client::pool[0m[2m:[0m pooling idle connection for ("http", 192.168.0.14:8545)
[2m2025-12-10T10:19:05.209015Z[0m [34mDEBUG[0m [2mhyper::client::pool[0m[2m:[0m reuse idle connection for ("http", 192.168.0.14:8545)
[2m2025-12-10T10:19:05.209035Z[0m [34mDEBUG[0m [2mhyper::proto::h1::io[0m[2m:[0m flushed 172 bytes
[2m2025-12-10T10:19:05.214329Z[0m [34mDEBUG[0m [2mhyper::proto::h1::io[0m[2m:[0m parsed 4 headers
[2m2025-12-10T10:19:05.214354Z[0m [34mDEBUG[0m [2mhyper::proto::h1::conn[0m[2m:[0m incoming body is content-length (45 bytes)
[2m2025-12-10T10:19:05.214361Z[0m [34mDEBUG[0m [2mhyper::proto::h1::conn[0m[2m:[0m incoming body completed
[2m2025-12-10T10:19:05.214397Z[0m [34mDEBUG[0m [2mhyper::client::pool[0m[2m:[0m pooling idle connection for ("http", 192.168.0.14:8545)
[2m2025-12-10T10:19:05.214446Z[0m [34mDEBUG[0m [2mhyper::client::pool[0m[2m:[0m reuse idle connection for ("http", 192.168.0.14:8545)
[2m2025-12-10T10:19:05.214485Z[0m [34mDEBUG[0m [2mhyper::proto::h1::io[0m[2m:[0m flushed 172 bytes
[2m2025-12-10T10:19:05.219054Z[0m [34mDEBUG[0m [2mhyper::proto::h1::io[0m[2m:[0m parsed 4 headers
[2m2025-12-10T10:19:05.219062Z[0m [34mDEBUG[0m [2mhyper::proto::h1::conn[0m[2m:[0m incoming body is content-length (45 bytes)
[2m2025-12-10T10:19:05.219068Z[0m [34mDEBUG[0m [2mhyper::proto::h1::conn[0m[2m:[0m incoming body completed
[2m2025-12-10T10:19:05.219075Z[0m [34mDEBUG[0m [2mhyper::client::pool[0m[2m:[0m pooling idle connection for ("http", 192.168.0.14:8545)
[2m2025-12-10T10:19:05.219359Z[0m [34mDEBUG[0m [2mhyper::client::pool[0m[2m:[0m reuse idle connection for ("http", 192.168.0.14:8545)
[2m2025-12-10T10:19:05.219390Z[0m [34mDEBUG[0m [2mhyper::proto::h1::io[0m[2m:[0m flushed 172 bytes
[2m2025-12-10T10:19:05.224520Z[0m [34mDEBUG[0m [2mhyper::proto::h1::io[0m[2m:[0m parsed 4 headers
[2m2025-12-10T10:19:05.224534Z[0m [34mDEBUG[0m [2mhyper::proto::h1::conn[0m[2m:[0m incoming body is content-length (45 bytes)
[2m2025-12-10T10:19:05.224541Z[0m [34mDEBUG[0m [2mhyper::proto::h1::conn[0m[2m:[0m incoming body completed
[2m2025-12-10T10:19:05.224549Z[0m [34mDEBUG[0m [2mhyper::client::pool[0m[2m:[0m pooling idle connection for ("http", 192.168.0.14:8545)
[2m2025-12-10T10:19:05.224573Z[0m [34mDEBUG[0m [2mhyper::client::pool[0m[2m:[0m reuse idle connection for ("http", 192.168.0.14:8545)
[2m2025-12-10T10:19:05.224616Z[0m [34mDEBUG[0m [2mhyper::proto::h1::io[0m[2m:[0m flushed 172 bytes
[2m2025-12-10T10:19:05.230461Z[0m [34mDEBUG[0m [2mhyper::proto::h1::io[0m[2m:[0m parsed 4 headers
[2m2025-12-10T10:19:05.230566Z[0m [34mDEBUG[0m [2mhyper::proto::h1::conn[0m[2m:[0m incoming body is content-length (45 bytes)
[2m2025-12-10T10:19:05.230577Z[0m [34mDEBUG[0m [2mhyper::proto::h1::conn[0m[2m:[0m incoming body completed
[2m2025-12-10T10:19:05.230636Z[0m [34mDEBUG[0m [2mhyper::client::pool[0m[2m:[0m pooling idle connection for ("http", 192.168.0.14:8545)
[2m2025-12-10T10:19:05.230677Z[0m [34mDEBUG[0m [2mhyper::client::pool[0m[2m:[0m reuse idle connection for ("http", 192.168.0.14:8545)
[2m2025-12-10T10:19:05.230699Z[0m [34mDEBUG[0m [2mhyper::proto::h1::io[0m[2m:[0m flushed 172 bytes
[2m2025-12-10T10:19:05.234125Z[0m [34mDEBUG[0m [2mhyper::proto::h1::io[0m[2m:[0m parsed 4 headers
[2m2025-12-10T10:19:05.234134Z[0m [34mDEBUG[0m [2mhyper::proto::h1::conn[0m[2m:[0m incoming body is content-length (45 bytes)
[2m2025-12-10T10:19:05.234143Z[0m [34mDEBUG[0m [2mhyper::proto::h1::conn[0m[2m:[0m incoming body completed
[2m2025-12-10T10:19:05.234151Z[0m [34mDEBUG[0m [2mhyper::client::pool[0m[2m:[0m pooling idle connection for ("http", 192.168.0.14:8545)
[2m2025-12-10T10:19:05.234171Z[0m [34mDEBUG[0m [2mhyper::client::pool[0m[2m:[0m reuse idle connection for ("http", 192.168.0.14:8545)
[2m2025-12-10T10:19:05.234189Z[0m [34mDEBUG[0m [2mhyper::proto::h1::io[0m[2m:[0m flushed 172 bytes
[2m2025-12-10T10:19:05.238549Z[0m [34mDEBUG[0m [2mhyper::proto::h1::io[0m[2m:[0m parsed 4 headers
[2m2025-12-10T10:19:05.238554Z[0m [34mDEBUG[0m [2mhyper::proto::h1::conn[0m[2m:[0m incoming body is content-length (45 bytes)
[2m2025-12-10T10:19:05.238559Z[0m [34mDEBUG[0m [2mhyper::proto::h1::conn[0m[2m:[0m incoming body completed
[2m2025-12-10T10:19:05.238565Z[0m [34mDEBUG[0m [2mhyper::client::pool[0m[2m:[0m pooling idle connection for ("http", 192.168.0.14:8545)
[2m2025-12-10T10:19:05.238576Z[0m [34mDEBUG[0m [2mhyper::client::pool[0m[2m:[0m reuse idle connection for ("http", 192.168.0.14:8545)
[2m2025-12-10T10:19:05.238591Z[0m [34mDEBUG[0m [2mhyper::proto::h1::io[0m[2m:[0m flushed 172 bytes
[2m2025-12-10T10:19:05.243607Z[0m [34mDEBUG[0m [2mhyper::proto::h1::io[0m[2m:[0m parsed 4 headers
[2m2025-12-10T10:19:05.243615Z[0m [34mDEBUG[0m [2mhyper::proto::h1::conn[0m[2m:[0m incoming body is content-length (45 bytes)
[2m2025-12-10T10:19:05.243621Z[0m [34mDEBUG[0m [2mhyper::proto::h1::conn[0m[2m:[0m incoming body completed
[2m2025-12-10T10:19:05.243628Z[0m [34mDEBUG[0m [2mhyper::client::pool[0m[2m:[0m pooling idle connection for ("http", 192.168.0.14:8545)
[2m2025-12-10T10:19:05.243643Z[0m [34mDEBUG[0m [2mhyper::client::pool[0m[2m:[0m reuse idle connection for ("http", 192.168.0.14:8545)
[2m2025-12-10T10:19:05.243661Z[0m [34mDEBUG[0m [2mhyper::proto::h1::io[0m[2m:[0m flushed 172 bytes
[2m2025-12-10T10:19:05.247877Z[0m [34mDEBUG[0m [2mhyper::proto::h1::io[0m[2m:[0m parsed 4 headers
[2m2025-12-10T10:19:05.247883Z[0m [34mDEBUG[0m [2mhyper::proto::h1::conn[0m[2m:[0m incoming body is content-length (45 bytes)
[2m2025-12-10T10:19:05.247888Z[0m [34mDEBUG[0m [2mhyper::proto::h1::conn[0m[2m:[0m incoming body completed
[2m2025-12-10T10:19:05.247948Z[0m [34mDEBUG[0m [2mhyper::client::pool[0m[2m:[0m pooling idle connection for ("http", 192.168.0.14:8545)
[2m2025-12-10T10:19:05.248036Z[0m [34mDEBUG[0m [2mhyper::client::pool[0m[2m:[0m reuse idle connection for ("http", 192.168.0.14:8545)
[2m2025-12-10T10:19:05.248079Z[0m [34mDEBUG[0m [2mhyper::proto::h1::io[0m[2m:[0m flushed 172 bytes
[2m2025-12-10T10:19:05.255414Z[0m [34mDEBUG[0m [2mhyper::proto::h1::io[0m[2m:[0m parsed 4 headers
[2m2025-12-10T10:19:05.258565Z[0m [34mDEBUG[0m [2mhyper::proto::h1::conn[0m[2m:[0m incoming body is content-length (45 bytes)
[2m2025-12-10T10:19:05.258600Z[0m [34mDEBUG[0m [2mhyper::proto::h1::conn[0m[2m:[0m incoming body completed
[2m2025-12-10T10:19:05.258613Z[0m [34mDEBUG[0m [2mhyper::client::pool[0m[2m:[0m pooling idle connection for ("http", 192.168.0.14:8545)
[2m2025-12-10T10:19:05.258676Z[0m [34mDEBUG[0m [2mhyper::client::pool[0m[2m:[0m reuse idle connection for ("http", 192.168.0.14:8545)
[2m2025-12-10T10:19:05.258724Z[0m [34mDEBUG[0m [2mhyper::proto::h1::io[0m[2m:[0m flushed 172 bytes
[2m2025-12-10T10:19:05.261570Z[0m [34mDEBUG[0m [2mhyper::proto::h1::io[0m[2m:[0m parsed 4 headers
[2m2025-12-10T10:19:05.261619Z[0m [34mDEBUG[0m [2mhyper::proto::h1::conn[0m[2m:[0m incoming body is content-length (45 bytes)
[2m2025-12-10T10:19:05.261627Z[0m [34mDEBUG[0m [2mhyper::proto::h1::conn[0m[2m:[0m incoming body completed
[2m2025-12-10T10:19:05.261642Z[0m [34mDEBUG[0m [2mhyper::client::pool[0m[2m:[0m pooling idle connection for ("http", 192.168.0.14:8545)
[2m2025-12-10T10:19:05.261679Z[0m [34mDEBUG[0m [2mhyper::client::pool[0m[2m:[0m reuse idle connection for ("http", 192.168.0.14:8545)
[2m2025-12-10T10:19:05.261843Z[0m [34mDEBUG[0m [2mhyper::proto::h1::io[0m[2m:[0m flushed 172 bytes
[2m2025-12-10T10:19:05.267115Z[0m [34mDEBUG[0m [2mhyper::proto::h1::io[0m[2m:[0m parsed 4 headers
[2m2025-12-10T10:19:05.267126Z[0m [34mDEBUG[0m [2mhyper::proto::h1::conn[0m[2m:[0m incoming body is content-length (45 bytes)
[2m2025-12-10T10:19:05.267322Z[0m [34mDEBUG[0m [2mhyper::proto::h1::conn[0m[2m:[0m incoming body completed
[2m2025-12-10T10:19:05.267329Z[0m [34mDEBUG[0m [2mhyper::client::pool[0m[2m:[0m pooling idle connection for ("http", 192.168.0.14:8545)
[2m2025-12-10T10:19:05.267348Z[0m [34mDEBUG[0m [2mhyper::client::pool[0m[2m:[0m reuse idle connection for ("http", 192.168.0.14:8545)
[2m2025-12-10T10:19:05.267367Z[0m [34mDEBUG[0m [2mhyper::proto::h1::io[0m[2m:[0m flushed 172 bytes
[2m2025-12-10T10:19:05.272809Z[0m [34mDEBUG[0m [2mhyper::proto::h1::io[0m[2m:[0m parsed 4 headers
[2m2025-12-10T10:19:05.272819Z[0m [34mDEBUG[0m [2mhyper::proto::h1::conn[0m[2m:[0m incoming body is content-length (45 bytes)
[2m2025-12-10T10:19:05.272828Z[0m [34mDEBUG[0m [2mhyper::proto::h1::conn[0m[2m:[0m incoming body completed
[2m2025-12-10T10:19:05.272841Z[0m [34mDEBUG[0m [2mhyper::client::pool[0m[2m:[0m pooling idle connection for ("http", 192.168.0.14:8545)
[2m2025-12-10T10:19:05.272860Z[0m [34mDEBUG[0m [2mhyper::client::pool[0m[2m:[0m reuse idle connection for ("http", 192.168.0.14:8545)
[2m2025-12-10T10:19:05.272879Z[0m [34mDEBUG[0m [2mhyper::proto::h1::io[0m[2m:[0m flushed 172 bytes
[2m2025-12-10T10:19:05.277469Z[0m [34mDEBUG[0m [2mhyper::proto::h1::io[0m[2m:[0m parsed 4 headers
[2m2025-12-10T10:19:05.277479Z[0m [34mDEBUG[0m [2mhyper::proto::h1::conn[0m[2m:[0m incoming body is content-length (45 bytes)
[2m2025-12-10T10:19:05.277485Z[0m [34mDEBUG[0m [2mhyper::proto::h1::conn[0m[2m:[0m incoming body completed
[2m2025-12-10T10:19:05.277491Z[0m [34mDEBUG[0m [2mhyper::client::pool[0m[2m:[0m pooling idle connection for ("http", 192.168.0.14:8545)
[2m2025-12-10T10:19:05.277523Z[0m [34mDEBUG[0m [2mhyper::client::pool[0m[2m:[0m reuse idle connection for ("http", 192.168.0.14:8545)
[2m2025-12-10T10:19:05.277555Z[0m [34mDEBUG[0m [2mhyper::proto::h1::io[0m[2m:[0m flushed 172 bytes
[2m2025-12-10T10:19:05.281740Z[0m [34mDEBUG[0m [2mhyper::proto::h1::io[0m[2m:[0m parsed 4 headers
[2m2025-12-10T10:19:05.281749Z[0m [34mDEBUG[0m [2mhyper::proto::h1::conn[0m[2m:[0m incoming body is content-length (45 bytes)
[2m2025-12-10T10:19:05.281755Z[0m [34mDEBUG[0m [2mhyper::proto::h1::conn[0m[2m:[0m incoming body completed
[2m2025-12-10T10:19:05.281761Z[0m [34mDEBUG[0m [2mhyper::client::pool[0m[2m:[0m pooling idle connection for ("http", 192.168.0.14:8545)
[2m2025-12-10T10:19:05.281785Z[0m [34mDEBUG[0m [2mhyper::client::pool[0m[2m:[0m reuse idle connection for ("http", 192.168.0.14:8545)
[2m2025-12-10T10:19:05.281804Z[0m [34mDEBUG[0m [2mhyper::proto::h1::io[0m[2m:[0m flushed 172 bytes
[2m2025-12-10T10:19:05.286649Z[0m [34mDEBUG[0m [2mhyper::proto::h1::io[0m[2m:[0m parsed 4 headers
[2m2025-12-10T10:19:05.287282Z[0m [34mDEBUG[0m [2mhyper::proto::h1::conn[0m[2m:[0m incoming body is content-length (45 bytes)
[2m2025-12-10T10:19:05.287291Z[0m [34mDEBUG[0m [2mhyper::proto::h1::conn[0m[2m:[0m incoming body completed
[2m2025-12-10T10:19:05.287297Z[0m [34mDEBUG[0m [2mhyper::client::pool[0m[2m:[0m pooling idle connection for ("http", 192.168.0.14:8545)
[2m2025-12-10T10:19:05.287451Z[0m [34mDEBUG[0m [2mhyper::client::pool[0m[2m:[0m reuse idle connection for ("http", 192.168.0.14:8545)
[2m2025-12-10T10:19:05.287470Z[0m [34mDEBUG[0m [2mhyper::proto::h1::io[0m[2m:[0m flushed 172 bytes
[2m2025-12-10T10:19:05.294466Z[0m [34mDEBUG[0m [2mhyper::proto::h1::io[0m[2m:[0m parsed 4 headers
[2m2025-12-10T10:19:05.296116Z[0m [34mDEBUG[0m [2mhyper::proto::h1::conn[0m[2m:[0m incoming body is content-length (45 bytes)
[2m2025-12-10T10:19:05.296130Z[0m [34mDEBUG[0m [2mhyper::proto::h1::conn[0m[2m:[0m incoming body completed
[2m2025-12-10T10:19:05.296158Z[0m [34mDEBUG[0m [2mhyper::client::pool[0m[2m:[0m pooling idle connection for ("http", 192.168.0.14:8545)
[2m2025-12-10T10:19:05.296188Z[0m [34mDEBUG[0m [2mhyper::client::pool[0m[2m:[0m reuse idle connection for ("http", 192.168.0.14:8545)
[2m2025-12-10T10:19:05.296333Z[0m [34mDEBUG[0m [2mhyper::proto::h1::io[0m[2m:[0m flushed 172 bytes
[2m2025-12-10T10:19:05.311572Z[0m [34mDEBUG[0m [2mhyper::proto::h1::io[0m[2m:[0m parsed 4 headers
[2m2025-12-10T10:19:05.311596Z[0m [34mDEBUG[0m [2mhyper::proto::h1::conn[0m[2m:[0m incoming body is content-length (45 bytes)
[2m2025-12-10T10:19:05.311619Z[0m [34mDEBUG[0m [2mhyper::proto::h1::conn[0m[2m:[0m incoming body completed
[2m2025-12-10T10:19:05.311649Z[0m [34mDEBUG[0m [2mhyper::client::pool[0m[2m:[0m pooling idle connection for ("http", 192.168.0.14:8545)
[2m2025-12-10T10:19:05.311716Z[0m [34mDEBUG[0m [2mhyper::client::pool[0m[2m:[0m reuse idle connection for ("http", 192.168.0.14:8545)
[2m2025-12-10T10:19:05.311760Z[0m [34mDEBUG[0m [2mhyper::proto::h1::io[0m[2m:[0m flushed 172 bytes
[2m2025-12-10T10:19:05.315622Z[0m [34mDEBUG[0m [2mhyper::proto::h1::io[0m[2m:[0m parsed 4 headers
[2m2025-12-10T10:19:05.315931Z[0m [34mDEBUG[0m [2mhyper::proto::h1::conn[0m[2m:[0m incoming body is content-length (45 bytes)
[2m2025-12-10T10:19:05.315977Z[0m [34mDEBUG[0m [2mhyper::proto::h1::conn[0m[2m:[0m incoming body completed
[2m2025-12-10T10:19:05.315991Z[0m [34mDEBUG[0m [2mhyper::client::pool[0m[2m:[0m pooling idle connection for ("http", 192.168.0.14:8545)
[2m2025-12-10T10:19:05.316048Z[0m [34mDEBUG[0m [2mhyper::client::pool[0m[2m:[0m reuse idle connection for ("http", 192.168.0.14:8545)
[2m2025-12-10T10:19:05.316130Z[0m [34mDEBUG[0m [2mhyper::proto::h1::io[0m[2m:[0m flushed 172 bytes
[2m2025-12-10T10:19:05.320129Z[0m [34mDEBUG[0m [2mhyper::proto::h1::io[0m[2m:[0m parsed 4 headers
[2m2025-12-10T10:19:05.320995Z[0m [34mDEBUG[0m [2mhyper::proto::h1::conn[0m[2m:[0m incoming body is content-length (45 bytes)
[2m2025-12-10T10:19:05.321004Z[0m [34mDEBUG[0m [2mhyper::proto::h1::conn[0m[2m:[0m incoming body completed
[2m2025-12-10T10:19:05.321015Z[0m [34mDEBUG[0m [2mhyper::client::pool[0m[2m:[0m pooling idle connection for ("http", 192.168.0.14:8545)
[2m2025-12-10T10:19:05.322132Z[0m [34mDEBUG[0m [2mhyper::client::pool[0m[2m:[0m reuse idle connection for ("http", 192.168.0.14:8545)
[2m2025-12-10T10:19:05.322331Z[0m [34mDEBUG[0m [2mhyper::proto::h1::io[0m[2m:[0m flushed 172 bytes
[2m2025-12-10T10:19:05.327130Z[0m [34mDEBUG[0m [2mhyper::proto::h1::io[0m[2m:[0m parsed 4 headers
[2m2025-12-10T10:19:05.327140Z[0m [34mDEBUG[0m [2mhyper::proto::h1::conn[0m[2m:[0m incoming body is content-length (45 bytes)
[2m2025-12-10T10:19:05.327154Z[0m [34mDEBUG[0m [2mhyper::proto::h1::conn[0m[2m:[0m incoming body completed
[2m2025-12-10T10:19:05.327165Z[0m [34mDEBUG[0m [2mhyper::client::pool[0m[2m:[0m pooling idle connection for ("http", 192.168.0.14:8545)
[2m2025-12-10T10:19:05.327195Z[0m [34mDEBUG[0m [2mhyper::client::pool[0m[2m:[0m reuse idle connection for ("http", 192.168.0.14:8545)
[2m2025-12-10T10:19:05.327218Z[0m [34mDEBUG[0m [2mhyper::proto::h1::io[0m[2m:[0m flushed 172 bytes
[2m2025-12-10T10:19:05.330631Z[0m [34mDEBUG[0m [2mhyper::proto::h1::io[0m[2m:[0m parsed 4 headers
[2m2025-12-10T10:19:05.330639Z[0m [34mDEBUG[0m [2mhyper::proto::h1::conn[0m[2m:[0m incoming body is content-length (45 bytes)
[2m2025-12-10T10:19:05.330649Z[0m [34mDEBUG[0m [2mhyper::proto::h1::conn[0m[2m:[0m incoming body completed
[2m2025-12-10T10:19:05.330663Z[0m [34mDEBUG[0m [2mhyper::client::pool[0m[2m:[0m pooling idle connection for ("http", 192.168.0.14:8545)
[2m2025-12-10T10:19:05.330684Z[0m [34mDEBUG[0m [2mhyper::client::pool[0m[2m:[0m reuse idle connection for ("http", 192.168.0.14:8545)
[2m2025-12-10T10:19:05.330708Z[0m [34mDEBUG[0m [2mhyper::proto::h1::io[0m[2m:[0m flushed 172 bytes
[2m2025-12-10T10:19:05.334791Z[0m [34mDEBUG[0m [2mhyper::proto::h1::io[0m[2m:[0m parsed 4 headers
[2m2025-12-10T10:19:05.334840Z[0m [34mDEBUG[0m [2mhyper::proto::h1::conn[0m[2m:[0m incoming body is content-length (45 bytes)
[2m2025-12-10T10:19:05.334854Z[0m [34mDEBUG[0m [2mhyper::proto::h1::conn[0m[2m:[0m incoming body completed
[2m2025-12-10T10:19:05.334861Z[0m [34mDEBUG[0m [2mhyper::client::pool[0m[2m:[0m pooling idle connection for ("http", 192.168.0.14:8545)
[2m2025-12-10T10:19:05.334877Z[0m [34mDEBUG[0m [2mhyper::client::pool[0m[2m:[0m reuse idle connection for ("http", 192.168.0.14:8545)
[2m2025-12-10T10:19:05.334899Z[0m [34mDEBUG[0m [2mhyper::proto::h1::io[0m[2m:[0m flushed 172 bytes
[2m2025-12-10T10:19:05.338424Z[0m [34mDEBUG[0m [2mhyper::proto::h1::io[0m[2m:[0m parsed 4 headers
[2m2025-12-10T10:19:05.338430Z[0m [34mDEBUG[0m [2mhyper::proto::h1::conn[0m[2m:[0m incoming body is content-length (45 bytes)
[2m2025-12-10T10:19:05.338435Z[0m [34mDEBUG[0m [2mhyper::proto::h1::conn[0m[2m:[0m incoming body completed
[2m2025-12-10T10:19:05.338440Z[0m [34mDEBUG[0m [2mhyper::client::pool[0m[2m:[0m pooling idle connection for ("http", 192.168.0.14:8545)
[2m2025-12-10T10:19:05.338465Z[0m [34mDEBUG[0m [2mhyper::client::pool[0m[2m:[0m reuse idle connection for ("http", 192.168.0.14:8545)
[2m2025-12-10T10:19:05.347099Z[0m [34mDEBUG[0m [2mhyper::proto::h1::io[0m[2m:[0m flushed 172 bytes
[2m2025-12-10T10:19:05.349979Z[0m [34mDEBUG[0m [2mhyper::proto::h1::io[0m[2m:[0m parsed 4 headers
[2m2025-12-10T10:19:05.349986Z[0m [34mDEBUG[0m [2mhyper::proto::h1::conn[0m[2m:[0m incoming body is content-length (45 bytes)
[2m2025-12-10T10:19:05.350188Z[0m [34mDEBUG[0m [2mhyper::proto::h1::conn[0m[2m:[0m incoming body completed
[2m2025-12-10T10:19:05.350333Z[0m [34mDEBUG[0m [2mhyper::client::pool[0m[2m:[0m pooling idle connection for ("http", 192.168.0.14:8545)
[2m2025-12-10T10:19:05.350353Z[0m [34mDEBUG[0m [2mhyper::client::pool[0m[2m:[0m reuse idle connection for ("http", 192.168.0.14:8545)
[2m2025-12-10T10:19:05.350369Z[0m [34mDEBUG[0m [2mhyper::proto::h1::io[0m[2m:[0m flushed 172 bytes
[2m2025-12-10T10:19:05.367193Z[0m [34mDEBUG[0m [2mhyper::proto::h1::io[0m[2m:[0m parsed 4 headers
[2m2025-12-10T10:19:05.367208Z[0m [34mDEBUG[0m [2mhyper::proto::h1::conn[0m[2m:[0m incoming body is content-length (45 bytes)
[2m2025-12-10T10:19:05.367227Z[0m [34mDEBUG[0m [2mhyper::proto::h1::conn[0m[2m:[0m incoming body completed
[2m2025-12-10T10:19:05.367247Z[0m [34mDEBUG[0m [2mhyper::client::pool[0m[2m:[0m pooling idle connection for ("http", 192.168.0.14:8545)
[2m2025-12-10T10:19:05.367283Z[0m [34mDEBUG[0m [2mhyper::client::pool[0m[2m:[0m reuse idle connection for ("http", 192.168.0.14:8545)
[2m2025-12-10T10:19:05.367405Z[0m [34mDEBUG[0m [2mhyper::proto::h1::io[0m[2m:[0m flushed 172 bytes
[2m2025-12-10T10:19:05.371528Z[0m [34mDEBUG[0m [2mhyper::proto::h1::io[0m[2m:[0m parsed 4 headers
[2m2025-12-10T10:19:05.371535Z[0m [34mDEBUG[0m [2mhyper::proto::h1::conn[0m[2m:[0m incoming body is content-length (45 bytes)
[2m2025-12-10T10:19:05.371541Z[0m [34mDEBUG[0m [2mhyper::proto::h1::conn[0m[2m:[0m incoming body completed
[2m2025-12-10T10:19:05.371549Z[0m [34mDEBUG[0m [2mhyper::client::pool[0m[2m:[0m pooling idle connection for ("http", 192.168.0.14:8545)
[2m2025-12-10T10:19:05.371569Z[0m [34mDEBUG[0m [2mhyper::client::pool[0m[2m:[0m reuse idle connection for ("http", 192.168.0.14:8545)
[2m2025-12-10T10:19:05.371589Z[0m [34mDEBUG[0m [2mhyper::proto::h1::io[0m[2m:[0m flushed 172 bytes
[2m2025-12-10T10:19:05.375757Z[0m [34mDEBUG[0m [2mhyper::proto::h1::io[0m[2m:[0m parsed 4 headers
[2m2025-12-10T10:19:05.375764Z[0m [34mDEBUG[0m [2mhyper::proto::h1::conn[0m[2m:[0m incoming body is content-length (45 bytes)
[2m2025-12-10T10:19:05.375770Z[0m [34mDEBUG[0m [2mhyper::proto::h1::conn[0m[2m:[0m incoming body completed
[2m2025-12-10T10:19:05.375776Z[0m [34mDEBUG[0m [2mhyper::client::pool[0m[2m:[0m pooling idle connection for ("http", 192.168.0.14:8545)
[2m2025-12-10T10:19:05.375789Z[0m [34mDEBUG[0m [2mhyper::client::pool[0m[2m:[0m reuse idle connection for ("http", 192.168.0.14:8545)
[2m2025-12-10T10:19:05.375805Z[0m [34mDEBUG[0m [2mhyper::proto::h1::io[0m[2m:[0m flushed 172 bytes
[2m2025-12-10T10:19:05.379996Z[0m [34mDEBUG[0m [2mhyper::proto::h1::io[0m[2m:[0m parsed 4 headers
[2m2025-12-10T10:19:05.380006Z[0m [34mDEBUG[0m [2mhyper::proto::h1::conn[0m[2m:[0m incoming body is content-length (45 bytes)
[2m2025-12-10T10:19:05.380013Z[0m [34mDEBUG[0m [2mhyper::proto::h1::conn[0m[2m:[0m incoming body completed
[2m2025-12-10T10:19:05.380019Z[0m [34mDEBUG[0m [2mhyper::client::pool[0m[2m:[0m pooling idle connection for ("http", 192.168.0.14:8545)
[2m2025-12-10T10:19:05.380030Z[0m [34mDEBUG[0m [2mhyper::client::pool[0m[2m:[0m reuse idle connection for ("http", 192.168.0.14:8545)
[2m2025-12-10T10:19:05.380045Z[0m [34mDEBUG[0m [2mhyper::proto::h1::io[0m[2m:[0m flushed 172 bytes
[2m2025-12-10T10:19:05.385350Z[0m [34mDEBUG[0m [2mhyper::proto::h1::io[0m[2m:[0m parsed 4 headers
[2m2025-12-10T10:19:05.385356Z[0m [34mDEBUG[0m [2mhyper::proto::h1::conn[0m[2m:[0m incoming body is content-length (45 bytes)
[2m2025-12-10T10:19:05.385361Z[0m [34mDEBUG[0m [2mhyper::proto::h1::conn[0m[2m:[0m incoming body completed
[2m2025-12-10T10:19:05.385367Z[0m [34mDEBUG[0m [2mhyper::client::pool[0m[2m:[0m pooling idle connection for ("http", 192.168.0.14:8545)
[2m2025-12-10T10:19:05.385378Z[0m [34mDEBUG[0m [2mhyper::client::pool[0m[2m:[0m reuse idle connection for ("http", 192.168.0.14:8545)
[2m2025-12-10T10:19:05.385393Z[0m [34mDEBUG[0m [2mhyper::proto::h1::io[0m[2m:[0m flushed 172 bytes
[2m2025-12-10T10:19:05.389294Z[0m [34mDEBUG[0m [2mhyper::proto::h1::io[0m[2m:[0m parsed 4 headers
[2m2025-12-10T10:19:05.393268Z[0m [34mDEBUG[0m [2mhyper::proto::h1::conn[0m[2m:[0m incoming body is content-length (45 bytes)
[2m2025-12-10T10:19:05.393275Z[0m [34mDEBUG[0m [2mhyper::proto::h1::conn[0m[2m:[0m incoming body completed
[2m2025-12-10T10:19:05.393288Z[0m [34mDEBUG[0m [2mhyper::client::pool[0m[2m:[0m pooling idle connection for ("http", 192.168.0.14:8545)
[2m2025-12-10T10:19:05.393302Z[0m [34mDEBUG[0m [2mhyper::client::pool[0m[2m:[0m reuse idle connection for ("http", 192.168.0.14:8545)
[2m2025-12-10T10:19:05.393318Z[0m [34mDEBUG[0m [2mhyper::proto::h1::io[0m[2m:[0m flushed 172 bytes
[2m2025-12-10T10:19:05.398411Z[0m [34mDEBUG[0m [2mhyper::proto::h1::io[0m[2m:[0m parsed 4 headers
[2m2025-12-10T10:19:05.398416Z[0m [34mDEBUG[0m [2mhyper::proto::h1::conn[0m[2m:[0m incoming body is content-length (45 bytes)
[2m2025-12-10T10:19:05.398421Z[0m [34mDEBUG[0m [2mhyper::proto::h1::conn[0m[2m:[0m incoming body completed
[2m2025-12-10T10:19:05.398426Z[0m [34mDEBUG[0m [2mhyper::client::pool[0m[2m:[0m pooling idle connection for ("http", 192.168.0.14:8545)
[2m2025-12-10T10:19:05.398436Z[0m [34mDEBUG[0m [2mhyper::client::pool[0m[2m:[0m reuse idle connection for ("http", 192.168.0.14:8545)
[2m2025-12-10T10:19:05.398450Z[0m [34mDEBUG[0m [2mhyper::proto::h1::io[0m[2m:[0m flushed 172 bytes
[2m2025-12-10T10:19:05.402382Z[0m [34mDEBUG[0m [2mhyper::proto::h1::io[0m[2m:[0m parsed 4 headers
[2m2025-12-10T10:19:05.402389Z[0m [34mDEBUG[0m [2mhyper::proto::h1::conn[0m[2m:[0m incoming body is content-length (45 bytes)
[2m2025-12-10T10:19:05.402396Z[0m [34mDEBUG[0m [2mhyper::proto::h1::conn[0m[2m:[0m incoming body completed
[2m2025-12-10T10:19:05.402402Z[0m [34mDEBUG[0m [2mhyper::client::pool[0m[2m:[0m pooling idle connection for ("http", 192.168.0.14:8545)
[2m2025-12-10T10:19:05.402411Z[0m [34mDEBUG[0m [2mhyper::client::pool[0m[2m:[0m reuse idle connection for ("http", 192.168.0.14:8545)
[2m2025-12-10T10:19:05.402425Z[0m [34mDEBUG[0m [2mhyper::proto::h1::io[0m[2m:[0m flushed 172 bytes
[2m2025-12-10T10:19:05.407768Z[0m [34mDEBUG[0m [2mhyper::proto::h1::io[0m[2m:[0m parsed 4 headers
[2m2025-12-10T10:19:05.410514Z[0m [34mDEBUG[0m [2mhyper::proto::h1::conn[0m[2m:[0m incoming body is content-length (45 bytes)
[2m2025-12-10T10:19:05.428537Z[0m [34mDEBUG[0m [2mhyper::proto::h1::conn[0m[2m:[0m incoming body completed
[2m2025-12-10T10:19:05.429735Z[0m [34mDEBUG[0m [2mhyper::client::pool[0m[2m:[0m pooling idle connection for ("http", 192.168.0.14:8545)
[2m2025-12-10T10:19:05.518614Z[0m [34mDEBUG[0m [2mhyper::client::pool[0m[2m:[0m reuse idle connection for ("http", 192.168.0.14:8545)
[2m2025-12-10T10:19:05.523716Z[0m [34mDEBUG[0m [2mhyper::proto::h1::io[0m[2m:[0m flushed 172 bytes
[2m2025-12-10T10:19:05.530937Z[0m [34mDEBUG[0m [2mhyper::proto::h1::io[0m[2m:[0m parsed 4 headers
[2m2025-12-10T10:19:05.531013Z[0m [34mDEBUG[0m [2mhyper::proto::h1::conn[0m[2m:[0m incoming body is content-length (45 bytes)
[2m2025-12-10T10:19:05.532361Z[0m [34mDEBUG[0m [2mhyper::proto::h1::conn[0m[2m:[0m incoming body completed
[2m2025-12-10T10:19:05.534087Z[0m [34mDEBUG[0m [2mhyper::client::pool[0m[2m:[0m pooling idle connection for ("http", 192.168.0.14:8545)
[2m2025-12-10T10:19:05.537861Z[0m [34mDEBUG[0m [2mhyper::client::pool[0m[2m:[0m reuse idle connection for ("http", 192.168.0.14:8545)
[2m2025-12-10T10:19:05.538072Z[0m [34mDEBUG[0m [2mhyper::proto::h1::io[0m[2m:[0m flushed 172 bytes
[2m2025-12-10T10:19:05.544923Z[0m [34mDEBUG[0m [2mhyper::proto::h1::io[0m[2m:[0m parsed 4 headers
[2m2025-12-10T10:19:05.544953Z[0m [34mDEBUG[0m [2mhyper::proto::h1::conn[0m[2m:[0m incoming body is content-length (45 bytes)
[2m2025-12-10T10:19:05.544970Z[0m [34mDEBUG[0m [2mhyper::proto::h1::conn[0m[2m:[0m incoming body completed
[2m2025-12-10T10:19:05.544992Z[0m [34mDEBUG[0m [2mhyper::client::pool[0m[2m:[0m pooling idle connection for ("http", 192.168.0.14:8545)
[2m2025-12-10T10:19:05.545125Z[0m [34mDEBUG[0m [2mhyper::client::pool[0m[2m:[0m reuse idle connection for ("http", 192.168.0.14:8545)
[2m2025-12-10T10:19:05.545156Z[0m [34mDEBUG[0m [2mhyper::proto::h1::io[0m[2m:[0m flushed 172 bytes
[2m2025-12-10T10:19:05.549617Z[0m [34mDEBUG[0m [2mhyper::proto::h1::io[0m[2m:[0m parsed 4 headers
[2m2025-12-10T10:19:05.549653Z[0m [34mDEBUG[0m [2mhyper::proto::h1::conn[0m[2m:[0m incoming body is content-length (45 bytes)
[2m2025-12-10T10:19:05.549666Z[0m [34mDEBUG[0m [2mhyper::proto::h1::conn[0m[2m:[0m incoming body completed
[2m2025-12-10T10:19:05.549704Z[0m [34mDEBUG[0m [2mhyper::client::pool[0m[2m:[0m pooling idle connection for ("http", 192.168.0.14:8545)
[2m2025-12-10T10:19:05.549731Z[0m [34mDEBUG[0m [2mhyper::client::pool[0m[2m:[0m reuse idle connection for ("http", 192.168.0.14:8545)
[2m2025-12-10T10:19:05.549754Z[0m [34mDEBUG[0m [2mhyper::proto::h1::io[0m[2m:[0m flushed 172 bytes
[2m2025-12-10T10:19:05.557412Z[0m [34mDEBUG[0m [2mhyper::proto::h1::io[0m[2m:[0m parsed 4 headers
[2m2025-12-10T10:19:05.557433Z[0m [34mDEBUG[0m [2mhyper::proto::h1::conn[0m[2m:[0m incoming body is content-length (45 bytes)
[2m2025-12-10T10:19:05.557447Z[0m [34mDEBUG[0m [2mhyper::proto::h1::conn[0m[2m:[0m incoming body completed
[2m2025-12-10T10:19:05.557463Z[0m [34mDEBUG[0m [2mhyper::client::pool[0m[2m:[0m pooling idle connection for ("http", 192.168.0.14:8545)
[2m2025-12-10T10:19:05.557697Z[0m [34mDEBUG[0m [2mhyper::client::pool[0m[2m:[0m reuse idle connection for ("http", 192.168.0.14:8545)
[2m2025-12-10T10:19:05.557727Z[0m [34mDEBUG[0m [2mhyper::proto::h1::io[0m[2m:[0m flushed 172 bytes
[2m2025-12-10T10:19:05.563857Z[0m [34mDEBUG[0m [2mhyper::proto::h1::io[0m[2m:[0m parsed 4 headers
[2m2025-12-10T10:19:05.564143Z[0m [34mDEBUG[0m [2mhyper::proto::h1::conn[0m[2m:[0m incoming body is content-length (45 bytes)
[2m2025-12-10T10:19:05.564246Z[0m [34mDEBUG[0m [2mhyper::proto::h1::conn[0m[2m:[0m incoming body completed
[2m2025-12-10T10:19:05.564271Z[0m [34mDEBUG[0m [2mhyper::client::pool[0m[2m:[0m pooling idle connection for ("http", 192.168.0.14:8545)
[2m2025-12-10T10:19:05.564312Z[0m [34mDEBUG[0m [2mhyper::client::pool[0m[2m:[0m reuse idle connection for ("http", 192.168.0.14:8545)
[2m2025-12-10T10:19:05.564400Z[0m [34mDEBUG[0m [2mhyper::proto::h1::io[0m[2m:[0m flushed 172 bytes
[2m2025-12-10T10:19:05.567860Z[0m [34mDEBUG[0m [2mhyper::proto::h1::io[0m[2m:[0m parsed 4 headers
[2m2025-12-10T10:19:05.571224Z[0m [34mDEBUG[0m [2mhyper::proto::h1::conn[0m[2m:[0m incoming body is content-length (45 bytes)
[2m2025-12-10T10:19:05.571235Z[0m [34mDEBUG[0m [2mhyper::proto::h1::conn[0m[2m:[0m incoming body completed
[2m2025-12-10T10:19:05.571247Z[0m [34mDEBUG[0m [2mhyper::client::pool[0m[2m:[0m pooling idle connection for ("http", 192.168.0.14:8545)
[2m2025-12-10T10:19:05.571293Z[0m [34mDEBUG[0m [2mhyper::client::pool[0m[2m:[0m reuse idle connection for ("http", 192.168.0.14:8545)
[2m2025-12-10T10:19:05.571440Z[0m [34mDEBUG[0m [2mhyper::proto::h1::io[0m[2m:[0m flushed 172 bytes
[2m2025-12-10T10:19:05.575284Z[0m [34mDEBUG[0m [2mhyper::proto::h1::io[0m[2m:[0m parsed 4 headers
[2m2025-12-10T10:19:05.575291Z[0m [34mDEBUG[0m [2mhyper::proto::h1::conn[0m[2m:[0m incoming body is content-length (45 bytes)
[2m2025-12-10T10:19:05.575299Z[0m [34mDEBUG[0m [2mhyper::proto::h1::conn[0m[2m:[0m incoming body completed
[2m2025-12-10T10:19:05.575307Z[0m [34mDEBUG[0m [2mhyper::client::pool[0m[2m:[0m pooling idle connection for ("http", 192.168.0.14:8545)
[2m2025-12-10T10:19:05.575325Z[0m [34mDEBUG[0m [2mhyper::client::pool[0m[2m:[0m reuse idle connection for ("http", 192.168.0.14:8545)
[2m2025-12-10T10:19:05.575341Z[0m [34mDEBUG[0m [2mhyper::proto::h1::io[0m[2m:[0m flushed 172 bytes
[2m2025-12-10T10:19:05.578764Z[0m [34mDEBUG[0m [2mhyper::proto::h1::io[0m[2m:[0m parsed 4 headers
[2m2025-12-10T10:19:05.578771Z[0m [34mDEBUG[0m [2mhyper::proto::h1::conn[0m[2m:[0m incoming body is content-length (45 bytes)
[2m2025-12-10T10:19:05.578780Z[0m [34mDEBUG[0m [2mhyper::proto::h1::conn[0m[2m:[0m incoming body completed
[2m2025-12-10T10:19:05.578788Z[0m [34mDEBUG[0m [2mhyper::client::pool[0m[2m:[0m pooling idle connection for ("http", 192.168.0.14:8545)
[2m2025-12-10T10:19:05.578804Z[0m [34mDEBUG[0m [2mhyper::client::pool[0m[2m:[0m reuse idle connection for ("http", 192.168.0.14:8545)
[2m2025-12-10T10:19:05.578820Z[0m [34mDEBUG[0m [2mhyper::proto::h1::io[0m[2m:[0m flushed 172 bytes
[2m2025-12-10T10:19:05.582941Z[0m [34mDEBUG[0m [2mhyper::proto::h1::io[0m[2m:[0m parsed 4 headers
[2m2025-12-10T10:19:05.582947Z[0m [34mDEBUG[0m [2mhyper::proto::h1::conn[0m[2m:[0m incoming body is content-length (45 bytes)
[2m2025-12-10T10:19:05.582953Z[0m [34mDEBUG[0m [2mhyper::proto::h1::conn[0m[2m:[0m incoming body completed
[2m2025-12-10T10:19:05.582963Z[0m [34mDEBUG[0m [2mhyper::client::pool[0m[2m:[0m pooling idle connection for ("http", 192.168.0.14:8545)
[2m2025-12-10T10:19:05.582979Z[0m [34mDEBUG[0m [2mhyper::client::pool[0m[2m:[0m reuse idle connection for ("http", 192.168.0.14:8545)
[2m2025-12-10T10:19:05.582992Z[0m [34mDEBUG[0m [2mhyper::proto::h1::io[0m[2m:[0m flushed 172 bytes
[2m2025-12-10T10:19:05.586821Z[0m [34mDEBUG[0m [2mhyper::proto::h1::io[0m[2m:[0m parsed 4 headers
[2m2025-12-10T10:19:05.586826Z[0m [34mDEBUG[0m [2mhyper::proto::h1::conn[0m[2m:[0m incoming body is content-length (45 bytes)
[2m2025-12-10T10:19:05.586832Z[0m [34mDEBUG[0m [2mhyper::proto::h1::conn[0m[2m:[0m incoming body completed
[2m2025-12-10T10:19:05.586838Z[0m [34mDEBUG[0m [2mhyper::client::pool[0m[2m:[0m pooling idle connection for ("http", 192.168.0.14:8545)
[2m2025-12-10T10:19:05.586849Z[0m [34mDEBUG[0m [2mhyper::client::pool[0m[2m:[0m reuse idle connection for ("http", 192.168.0.14:8545)
[2m2025-12-10T10:19:05.586864Z[0m [34mDEBUG[0m [2mhyper::proto::h1::io[0m[2m:[0m flushed 172 bytes
[2m2025-12-10T10:19:05.592452Z[0m [34mDEBUG[0m [2mhyper::proto::h1::io[0m[2m:[0m parsed 4 headers
[2m2025-12-10T10:19:05.592464Z[0m [34mDEBUG[0m [2mhyper::proto::h1::conn[0m[2m:[0m incoming body is content-length (45 bytes)
[2m2025-12-10T10:19:05.592473Z[0m [34mDEBUG[0m [2mhyper::proto::h1::conn[0m[2m:[0m incoming body completed
[2m2025-12-10T10:19:05.592483Z[0m [34mDEBUG[0m [2mhyper::client::pool[0m[2m:[0m pooling idle connection for ("http", 192.168.0.14:8545)
[2m2025-12-10T10:19:05.592509Z[0m [34mDEBUG[0m [2mhyper::client::pool[0m[2m:[0m reuse idle connection for ("http", 192.168.0.14:8545)
[2m2025-12-10T10:19:05.592528Z[0m [34mDEBUG[0m [2mhyper::proto::h1::io[0m[2m:[0m flushed 172 bytes
[2m2025-12-10T10:19:05.596986Z[0m [34mDEBUG[0m [2mhyper::proto::h1::io[0m[2m:[0m parsed 4 headers
[2m2025-12-10T10:19:05.597000Z[0m [34mDEBUG[0m [2mhyper::proto::h1::conn[0m[2m:[0m incoming body is content-length (45 bytes)
[2m2025-12-10T10:19:05.597006Z[0m [34mDEBUG[0m [2mhyper::proto::h1::conn[0m[2m:[0m incoming body completed
[2m2025-12-10T10:19:05.597015Z[0m [34mDEBUG[0m [2mhyper::client::pool[0m[2m:[0m pooling idle connection for ("http", 192.168.0.14:8545)
[2m2025-12-10T10:19:05.597032Z[0m [34mDEBUG[0m [2mhyper::client::pool[0m[2m:[0m reuse idle connection for ("http", 192.168.0.14:8545)
[2m2025-12-10T10:19:05.597049Z[0m [34mDEBUG[0m [2mhyper::proto::h1::io[0m[2m:[0m flushed 172 bytes
[2m2025-12-10T10:19:05.603102Z[0m [34mDEBUG[0m [2mhyper::proto::h1::io[0m[2m:[0m parsed 4 headers
[2m2025-12-10T10:19:05.603113Z[0m [34mDEBUG[0m [2mhyper::proto::h1::conn[0m[2m:[0m incoming body is content-length (45 bytes)
[2m2025-12-10T10:19:05.603421Z[0m [34mDEBUG[0m [2mhyper::proto::h1::conn[0m[2m:[0m incoming body completed
[2m2025-12-10T10:19:05.603440Z[0m [34mDEBUG[0m [2mhyper::client::pool[0m[2m:[0m pooling idle connection for ("http", 192.168.0.14:8545)
[2m2025-12-10T10:19:05.603460Z[0m [34mDEBUG[0m [2mhyper::client::pool[0m[2m:[0m reuse idle connection for ("http", 192.168.0.14:8545)
[2m2025-12-10T10:19:05.603480Z[0m [34mDEBUG[0m [2mhyper::proto::h1::io[0m[2m:[0m flushed 172 bytes
[2m2025-12-10T10:19:05.606837Z[0m [34mDEBUG[0m [2mhyper::proto::h1::io[0m[2m:[0m parsed 4 headers
[2m2025-12-10T10:19:05.606935Z[0m [34mDEBUG[0m [2mhyper::proto::h1::conn[0m[2m:[0m incoming body is content-length (45 bytes)
[2m2025-12-10T10:19:05.606957Z[0m [34mDEBUG[0m [2mhyper::proto::h1::conn[0m[2m:[0m incoming body completed
[2m2025-12-10T10:19:05.606976Z[0m [34mDEBUG[0m [2mhyper::client::pool[0m[2m:[0m pooling idle connection for ("http", 192.168.0.14:8545)
[2m2025-12-10T10:19:05.607014Z[0m [34mDEBUG[0m [2mhyper::client::pool[0m[2m:[0m reuse idle connection for ("http", 192.168.0.14:8545)
[2m2025-12-10T10:19:05.607032Z[0m [34mDEBUG[0m [2mhyper::proto::h1::io[0m[2m:[0m flushed 172 bytes
[2m2025-12-10T10:19:05.612799Z[0m [34mDEBUG[0m [2mhyper::proto::h1::io[0m[2m:[0m parsed 4 headers
[2m2025-12-10T10:19:05.612805Z[0m [34mDEBUG[0m [2mhyper::proto::h1::conn[0m[2m:[0m incoming body is content-length (45 bytes)
[2m2025-12-10T10:19:05.612810Z[0m [34mDEBUG[0m [2mhyper::proto::h1::conn[0m[2m:[0m incoming body completed
[2m2025-12-10T10:19:05.612816Z[0m [34mDEBUG[0m [2mhyper::client::pool[0m[2m:[0m pooling idle connection for ("http", 192.168.0.14:8545)
[2m2025-12-10T10:19:05.612830Z[0m [34mDEBUG[0m [2mhyper::client::pool[0m[2m:[0m reuse idle connection for ("http", 192.168.0.14:8545)
[2m2025-12-10T10:19:05.612845Z[0m [34mDEBUG[0m [2mhyper::proto::h1::io[0m[2m:[0m flushed 172 bytes
[2m2025-12-10T10:19:05.618143Z[0m [34mDEBUG[0m [2mhyper::proto::h1::io[0m[2m:[0m parsed 4 headers
[2m2025-12-10T10:19:05.618154Z[0m [34mDEBUG[0m [2mhyper::proto::h1::conn[0m[2m:[0m incoming body is content-length (45 bytes)
[2m2025-12-10T10:19:05.618162Z[0m [34mDEBUG[0m [2mhyper::proto::h1::conn[0m[2m:[0m incoming body completed
[2m2025-12-10T10:19:05.618171Z[0m [34mDEBUG[0m [2mhyper::client::pool[0m[2m:[0m pooling idle connection for ("http", 192.168.0.14:8545)
[2m2025-12-10T10:19:05.618209Z[0m [34mDEBUG[0m [2mhyper::client::pool[0m[2m:[0m reuse idle connection for ("http", 192.168.0.14:8545)
[2m2025-12-10T10:19:05.618262Z[0m [34mDEBUG[0m [2mhyper::proto::h1::io[0m[2m:[0m flushed 172 bytes
[2m2025-12-10T10:19:05.622769Z[0m [34mDEBUG[0m [2mhyper::proto::h1::io[0m[2m:[0m parsed 4 headers
[2m2025-12-10T10:19:05.622779Z[0m [34mDEBUG[0m [2mhyper::proto::h1::conn[0m[2m:[0m incoming body is content-length (45 bytes)
[2m2025-12-10T10:19:05.622794Z[0m [34mDEBUG[0m [2mhyper::proto::h1::conn[0m[2m:[0m incoming body completed
[2m2025-12-10T10:19:05.622802Z[0m [34mDEBUG[0m [2mhyper::client::pool[0m[2m:[0m pooling idle connection for ("http", 192.168.0.14:8545)
[2m2025-12-10T10:19:05.622855Z[0m [34mDEBUG[0m [2mhyper::client::pool[0m[2m:[0m reuse idle connection for ("http", 192.168.0.14:8545)
[2m2025-12-10T10:19:05.622890Z[0m [34mDEBUG[0m [2mhyper::proto::h1::io[0m[2m:[0m flushed 172 bytes
[2m2025-12-10T10:19:05.626751Z[0m [34mDEBUG[0m [2mhyper::proto::h1::io[0m[2m:[0m parsed 4 headers
[2m2025-12-10T10:19:05.626760Z[0m [34mDEBUG[0m [2mhyper::proto::h1::conn[0m[2m:[0m incoming body is content-length (45 bytes)
[2m2025-12-10T10:19:05.626769Z[0m [34mDEBUG[0m [2mhyper::proto::h1::conn[0m[2m:[0m incoming body completed
[2m2025-12-10T10:19:05.626775Z[0m [34mDEBUG[0m [2mhyper::client::pool[0m[2m:[0m pooling idle connection for ("http", 192.168.0.14:8545)
[2m2025-12-10T10:19:05.626791Z[0m [34mDEBUG[0m [2mhyper::client::pool[0m[2m:[0m reuse idle connection for ("http", 192.168.0.14:8545)
[2m2025-12-10T10:19:05.626809Z[0m [34mDEBUG[0m [2mhyper::proto::h1::io[0m[2m:[0m flushed 172 bytes
[2m2025-12-10T10:19:05.632156Z[0m [34mDEBUG[0m [2mhyper::proto::h1::io[0m[2m:[0m parsed 4 headers
[2m2025-12-10T10:19:05.632196Z[0m [34mDEBUG[0m [2mhyper::proto::h1::conn[0m[2m:[0m incoming body is content-length (45 bytes)
[2m2025-12-10T10:19:05.632203Z[0m [34mDEBUG[0m [2mhyper::proto::h1::conn[0m[2m:[0m incoming body completed
[2m2025-12-10T10:19:05.632211Z[0m [34mDEBUG[0m [2mhyper::client::pool[0m[2m:[0m pooling idle connection for ("http", 192.168.0.14:8545)
[2m2025-12-10T10:19:05.632263Z[0m [34mDEBUG[0m [2mhyper::client::pool[0m[2m:[0m reuse idle connection for ("http", 192.168.0.14:8545)
[2m2025-12-10T10:19:05.632455Z[0m [34mDEBUG[0m [2mhyper::proto::h1::io[0m[2m:[0m flushed 172 bytes
[2m2025-12-10T10:19:05.639488Z[0m [34mDEBUG[0m [2mhyper::proto::h1::io[0m[2m:[0m parsed 4 headers
[2m2025-12-10T10:19:05.639517Z[0m [34mDEBUG[0m [2mhyper::proto::h1::conn[0m[2m:[0m incoming body is content-length (45 bytes)
[2m2025-12-10T10:19:05.639525Z[0m [34mDEBUG[0m [2mhyper::proto::h1::conn[0m[2m:[0m incoming body completed
[2m2025-12-10T10:19:05.639534Z[0m [34mDEBUG[0m [2mhyper::client::pool[0m[2m:[0m pooling idle connection for ("http", 192.168.0.14:8545)
[2m2025-12-10T10:19:05.639556Z[0m [34mDEBUG[0m [2mhyper::client::pool[0m[2m:[0m reuse idle connection for ("http", 192.168.0.14:8545)
[2m2025-12-10T10:19:05.639578Z[0m [34mDEBUG[0m [2mhyper::proto::h1::io[0m[2m:[0m flushed 172 bytes
[2m2025-12-10T10:19:05.643434Z[0m [34mDEBUG[0m [2mhyper::proto::h1::io[0m[2m:[0m parsed 4 headers
[2m2025-12-10T10:19:05.643444Z[0m [34mDEBUG[0m [2mhyper::proto::h1::conn[0m[2m:[0m incoming body is content-length (45 bytes)
[2m2025-12-10T10:19:05.643451Z[0m [34mDEBUG[0m [2mhyper::proto::h1::conn[0m[2m:[0m incoming body completed
[2m2025-12-10T10:19:05.643459Z[0m [34mDEBUG[0m [2mhyper::client::pool[0m[2m:[0m pooling idle connection for ("http", 192.168.0.14:8545)
[2m2025-12-10T10:19:05.643478Z[0m [34mDEBUG[0m [2mhyper::client::pool[0m[2m:[0m reuse idle connection for ("http", 192.168.0.14:8545)
[2m2025-12-10T10:19:05.643506Z[0m [34mDEBUG[0m [2mhyper::proto::h1::io[0m[2m:[0m flushed 172 bytes
[2m2025-12-10T10:19:05.648840Z[0m [34mDEBUG[0m [2mhyper::proto::h1::io[0m[2m:[0m parsed 4 headers
[2m2025-12-10T10:19:05.648857Z[0m [34mDEBUG[0m [2mhyper::proto::h1::conn[0m[2m:[0m incoming body is content-length (45 bytes)
[2m2025-12-10T10:19:05.648869Z[0m [34mDEBUG[0m [2mhyper::proto::h1::conn[0m[2m:[0m incoming body completed
[2m2025-12-10T10:19:05.648885Z[0m [34mDEBUG[0m [2mhyper::client::pool[0m[2m:[0m pooling idle connection for ("http", 192.168.0.14:8545)
[2m2025-12-10T10:19:05.648913Z[0m [34mDEBUG[0m [2mhyper::client::pool[0m[2m:[0m reuse idle connection for ("http", 192.168.0.14:8545)
[2m2025-12-10T10:19:05.649026Z[0m [34mDEBUG[0m [2mhyper::proto::h1::io[0m[2m:[0m flushed 172 bytes
[2m2025-12-10T10:19:05.653094Z[0m [34mDEBUG[0m [2mhyper::proto::h1::io[0m[2m:[0m parsed 4 headers
[2m2025-12-10T10:19:05.653103Z[0m [34mDEBUG[0m [2mhyper::proto::h1::conn[0m[2m:[0m incoming body is content-length (45 bytes)
[2m2025-12-10T10:19:05.653110Z[0m [34mDEBUG[0m [2mhyper::proto::h1::conn[0m[2m:[0m incoming body completed
[2m2025-12-10T10:19:05.653119Z[0m [34mDEBUG[0m [2mhyper::client::pool[0m[2m:[0m pooling idle connection for ("http", 192.168.0.14:8545)
[2m2025-12-10T10:19:05.653140Z[0m [34mDEBUG[0m [2mhyper::client::pool[0m[2m:[0m reuse idle connection for ("http", 192.168.0.14:8545)
[2m2025-12-10T10:19:05.653159Z[0m [34mDEBUG[0m [2mhyper::proto::h1::io[0m[2m:[0m flushed 172 bytes
[2m2025-12-10T10:19:05.660377Z[0m [34mDEBUG[0m [2mhyper::proto::h1::io[0m[2m:[0m parsed 4 headers
[2m2025-12-10T10:19:05.660394Z[0m [34mDEBUG[0m [2mhyper::proto::h1::conn[0m[2m:[0m incoming body is content-length (45 bytes)
[2m2025-12-10T10:19:05.660405Z[0m [34mDEBUG[0m [2mhyper::proto::h1::conn[0m[2m:[0m incoming body completed
[2m2025-12-10T10:19:05.660420Z[0m [34mDEBUG[0m [2mhyper::client::pool[0m[2m:[0m pooling idle connection for ("http", 192.168.0.14:8545)
[2m2025-12-10T10:19:05.660450Z[0m [34mDEBUG[0m [2mhyper::client::pool[0m[2m:[0m reuse idle connection for ("http", 192.168.0.14:8545)
[2m2025-12-10T10:19:05.660510Z[0m [34mDEBUG[0m [2mhyper::proto::h1::io[0m[2m:[0m flushed 172 bytes
[2m2025-12-10T10:19:05.665548Z[0m [34mDEBUG[0m [2mhyper::proto::h1::io[0m[2m:[0m parsed 4 headers
[2m2025-12-10T10:19:05.665605Z[0m [34mDEBUG[0m [2mhyper::proto::h1::conn[0m[2m:[0m incoming body is content-length (45 bytes)
[2m2025-12-10T10:19:05.665623Z[0m [34mDEBUG[0m [2mhyper::proto::h1::conn[0m[2m:[0m incoming body completed
[2m2025-12-10T10:19:05.665655Z[0m [34mDEBUG[0m [2mhyper::client::pool[0m[2m:[0m pooling idle connection for ("http", 192.168.0.14:8545)
[2m2025-12-10T10:19:05.665729Z[0m [34mDEBUG[0m [2mhyper::client::pool[0m[2m:[0m reuse idle connection for ("http", 192.168.0.14:8545)
[2m2025-12-10T10:19:05.665887Z[0m [34mDEBUG[0m [2mhyper::proto::h1::io[0m[2m:[0m flushed 172 bytes
[2m2025-12-10T10:19:05.669361Z[0m [34mDEBUG[0m [2mhyper::proto::h1::io[0m[2m:[0m parsed 4 headers
[2m2025-12-10T10:19:05.669403Z[0m [34mDEBUG[0m [2mhyper::proto::h1::conn[0m[2m:[0m incoming body is content-length (45 bytes)
[2m2025-12-10T10:19:05.669460Z[0m [34mDEBUG[0m [2mhyper::proto::h1::conn[0m[2m:[0m incoming body completed
[2m2025-12-10T10:19:05.669475Z[0m [34mDEBUG[0m [2mhyper::client::pool[0m[2m:[0m pooling idle connection for ("http", 192.168.0.14:8545)
[2m2025-12-10T10:19:05.669518Z[0m [34mDEBUG[0m [2mhyper::client::pool[0m[2m:[0m reuse idle connection for ("http", 192.168.0.14:8545)
[2m2025-12-10T10:19:05.669596Z[0m [34mDEBUG[0m [2mhyper::proto::h1::io[0m[2m:[0m flushed 172 bytes
[2m2025-12-10T10:19:05.673317Z[0m [34mDEBUG[0m [2mhyper::proto::h1::io[0m[2m:[0m parsed 4 headers
[2m2025-12-10T10:19:05.673341Z[0m [34mDEBUG[0m [2mhyper::proto::h1::conn[0m[2m:[0m incoming body is content-length (45 bytes)
[2m2025-12-10T10:19:05.673368Z[0m [34mDEBUG[0m [2mhyper::proto::h1::conn[0m[2m:[0m incoming body completed
[2m2025-12-10T10:19:05.673423Z[0m [34mDEBUG[0m [2mhyper::client::pool[0m[2m:[0m pooling idle connection for ("http", 192.168.0.14:8545)
[2m2025-12-10T10:19:05.673471Z[0m [34mDEBUG[0m [2mhyper::client::pool[0m[2m:[0m reuse idle connection for ("http", 192.168.0.14:8545)
[2m2025-12-10T10:19:05.673502Z[0m [34mDEBUG[0m [2mhyper::proto::h1::io[0m[2m:[0m flushed 172 bytes
[2m2025-12-10T10:19:05.678063Z[0m [34mDEBUG[0m [2mhyper::proto::h1::io[0m[2m:[0m parsed 4 headers
[2m2025-12-10T10:19:05.678101Z[0m [34mDEBUG[0m [2mhyper::proto::h1::conn[0m[2m:[0m incoming body is content-length (45 bytes)
[2m2025-12-10T10:19:05.678138Z[0m [34mDEBUG[0m [2mhyper::proto::h1::conn[0m[2m:[0m incoming body completed
[2m2025-12-10T10:19:05.678188Z[0m [34mDEBUG[0m [2mhyper::client::pool[0m[2m:[0m pooling idle connection for ("http", 192.168.0.14:8545)
[2m2025-12-10T10:19:05.678229Z[0m [34mDEBUG[0m [2mhyper::client::pool[0m[2m:[0m reuse idle connection for ("http", 192.168.0.14:8545)
[2m2025-12-10T10:19:05.678538Z[0m [34mDEBUG[0m [2mhyper::proto::h1::io[0m[2m:[0m flushed 172 bytes
[2m2025-12-10T10:19:05.682952Z[0m [34mDEBUG[0m [2mhyper::proto::h1::io[0m[2m:[0m parsed 4 headers
[2m2025-12-10T10:19:05.682981Z[0m [34mDEBUG[0m [2mhyper::proto::h1::conn[0m[2m:[0m incoming body is content-length (45 bytes)
[2m2025-12-10T10:19:05.682989Z[0m [34mDEBUG[0m [2mhyper::proto::h1::conn[0m[2m:[0m incoming body completed
[2m2025-12-10T10:19:05.683009Z[0m [34mDEBUG[0m [2mhyper::client::pool[0m[2m:[0m pooling idle connection for ("http", 192.168.0.14:8545)
[2m2025-12-10T10:19:05.683030Z[0m [34mDEBUG[0m [2mhyper::client::pool[0m[2m:[0m reuse idle connection for ("http", 192.168.0.14:8545)
[2m2025-12-10T10:19:05.683050Z[0m [34mDEBUG[0m [2mhyper::proto::h1::io[0m[2m:[0m flushed 172 bytes
[2m2025-12-10T10:19:05.687046Z[0m [34mDEBUG[0m [2mhyper::proto::h1::io[0m[2m:[0m parsed 4 headers
[2m2025-12-10T10:19:05.687054Z[0m [34mDEBUG[0m [2mhyper::proto::h1::conn[0m[2m:[0m incoming body is content-length (45 bytes)
[2m2025-12-10T10:19:05.687061Z[0m [34mDEBUG[0m [2mhyper::proto::h1::conn[0m[2m:[0m incoming body completed
[2m2025-12-10T10:19:05.687070Z[0m [34mDEBUG[0m [2mhyper::client::pool[0m[2m:[0m pooling idle connection for ("http", 192.168.0.14:8545)
[2m2025-12-10T10:19:05.687089Z[0m [34mDEBUG[0m [2mhyper::client::pool[0m[2m:[0m reuse idle connection for ("http", 192.168.0.14:8545)
[2m2025-12-10T10:19:05.687109Z[0m [34mDEBUG[0m [2mhyper::proto::h1::io[0m[2m:[0m flushed 172 bytes
[2m2025-12-10T10:19:05.691165Z[0m [34mDEBUG[0m [2mhyper::proto::h1::io[0m[2m:[0m parsed 4 headers
[2m2025-12-10T10:19:05.691175Z[0m [34mDEBUG[0m [2mhyper::proto::h1::conn[0m[2m:[0m incoming body is content-length (45 bytes)
[2m2025-12-10T10:19:05.691204Z[0m [34mDEBUG[0m [2mhyper::proto::h1::conn[0m[2m:[0m incoming body completed
[2m2025-12-10T10:19:05.691345Z[0m [34mDEBUG[0m [2mhyper::client::pool[0m[2m:[0m pooling idle connection for ("http", 192.168.0.14:8545)
[2m2025-12-10T10:19:05.691367Z[0m [34mDEBUG[0m [2mhyper::client::pool[0m[2m:[0m reuse idle connection for ("http", 192.168.0.14:8545)
[2m2025-12-10T10:19:05.691389Z[0m [34mDEBUG[0m [2mhyper::proto::h1::io[0m[2m:[0m flushed 172 bytes
[2m2025-12-10T10:19:05.694554Z[0m [34mDEBUG[0m [2mhyper::proto::h1::io[0m[2m:[0m parsed 4 headers
[2m2025-12-10T10:19:05.694562Z[0m [34mDEBUG[0m [2mhyper::proto::h1::conn[0m[2m:[0m incoming body is content-length (45 bytes)
[2m2025-12-10T10:19:05.694567Z[0m [34mDEBUG[0m [2mhyper::proto::h1::conn[0m[2m:[0m incoming body completed
[2m2025-12-10T10:19:05.694573Z[0m [34mDEBUG[0m [2mhyper::client::pool[0m[2m:[0m pooling idle connection for ("http", 192.168.0.14:8545)
[2m2025-12-10T10:19:05.694586Z[0m [34mDEBUG[0m [2mhyper::client::pool[0m[2m:[0m reuse idle connection for ("http", 192.168.0.14:8545)
[2m2025-12-10T10:19:05.694658Z[0m [34mDEBUG[0m [2mhyper::proto::h1::io[0m[2m:[0m flushed 172 bytes
[2m2025-12-10T10:19:05.698290Z[0m [34mDEBUG[0m [2mhyper::proto::h1::io[0m[2m:[0m parsed 4 headers
[2m2025-12-10T10:19:05.698302Z[0m [34mDEBUG[0m [2mhyper::proto::h1::conn[0m[2m:[0m incoming body is content-length (45 bytes)
[2m2025-12-10T10:19:05.698310Z[0m [34mDEBUG[0m [2mhyper::proto::h1::conn[0m[2m:[0m incoming body completed
[2m2025-12-10T10:19:05.698318Z[0m [34mDEBUG[0m [2mhyper::client::pool[0m[2m:[0m pooling idle connection for ("http", 192.168.0.14:8545)
[2m2025-12-10T10:19:05.698335Z[0m [34mDEBUG[0m [2mhyper::client::pool[0m[2m:[0m reuse idle connection for ("http", 192.168.0.14:8545)
[2m2025-12-10T10:19:05.698361Z[0m [34mDEBUG[0m [2mhyper::proto::h1::io[0m[2m:[0m flushed 172 bytes
[2m2025-12-10T10:19:05.703571Z[0m [34mDEBUG[0m [2mhyper::proto::h1::io[0m[2m:[0m parsed 4 headers
[2m2025-12-10T10:19:05.703579Z[0m [34mDEBUG[0m [2mhyper::proto::h1::conn[0m[2m:[0m incoming body is content-length (45 bytes)
[2m2025-12-10T10:19:05.703585Z[0m [34mDEBUG[0m [2mhyper::proto::h1::conn[0m[2m:[0m incoming body completed
[2m2025-12-10T10:19:05.703591Z[0m [34mDEBUG[0m [2mhyper::client::pool[0m[2m:[0m pooling idle connection for ("http", 192.168.0.14:8545)
[2m2025-12-10T10:19:05.703614Z[0m [34mDEBUG[0m [2mhyper::client::pool[0m[2m:[0m reuse idle connection for ("http", 192.168.0.14:8545)
[2m2025-12-10T10:19:05.703631Z[0m [34mDEBUG[0m [2mhyper::proto::h1::io[0m[2m:[0m flushed 172 bytes
[2m2025-12-10T10:19:05.707868Z[0m [34mDEBUG[0m [2mhyper::proto::h1::io[0m[2m:[0m parsed 4 headers
[2m2025-12-10T10:19:05.707876Z[0m [34mDEBUG[0m [2mhyper::proto::h1::conn[0m[2m:[0m incoming body is content-length (45 bytes)
[2m2025-12-10T10:19:05.729660Z[0m [34mDEBUG[0m [2mhyper::proto::h1::conn[0m[2m:[0m incoming body completed
[2m2025-12-10T10:19:05.729698Z[0m [34mDEBUG[0m [2mhyper::client::pool[0m[2m:[0m pooling idle connection for ("http", 192.168.0.14:8545)
[2m2025-12-10T10:19:05.729728Z[0m [34mDEBUG[0m [2mhyper::client::pool[0m[2m:[0m reuse idle connection for ("http", 192.168.0.14:8545)
[2m2025-12-10T10:19:05.729765Z[0m [34mDEBUG[0m [2mhyper::proto::h1::io[0m[2m:[0m flushed 172 bytes
[2m2025-12-10T10:19:05.732906Z[0m [34mDEBUG[0m [2mhyper::proto::h1::io[0m[2m:[0m parsed 4 headers
[2m2025-12-10T10:19:05.732925Z[0m [34mDEBUG[0m [2mhyper::proto::h1::conn[0m[2m:[0m incoming body is content-length (45 bytes)
[2m2025-12-10T10:19:05.732946Z[0m [34mDEBUG[0m [2mhyper::proto::h1::conn[0m[2m:[0m incoming body completed
[2m2025-12-10T10:19:05.732952Z[0m [34mDEBUG[0m [2mhyper::client::pool[0m[2m:[0m pooling idle connection for ("http", 192.168.0.14:8545)
[2m2025-12-10T10:19:05.732969Z[0m [34mDEBUG[0m [2mhyper::client::pool[0m[2m:[0m reuse idle connection for ("http", 192.168.0.14:8545)
[2m2025-12-10T10:19:05.732986Z[0m [34mDEBUG[0m [2mhyper::proto::h1::io[0m[2m:[0m flushed 172 bytes
[2m2025-12-10T10:19:05.736837Z[0m [34mDEBUG[0m [2mhyper::proto::h1::io[0m[2m:[0m parsed 4 headers
[2m2025-12-10T10:19:05.736843Z[0m [34mDEBUG[0m [2mhyper::proto::h1::conn[0m[2m:[0m incoming body is content-length (45 bytes)
[2m2025-12-10T10:19:05.736849Z[0m [34mDEBUG[0m [2mhyper::proto::h1::conn[0m[2m:[0m incoming body completed
[2m2025-12-10T10:19:05.736856Z[0m [34mDEBUG[0m [2mhyper::client::pool[0m[2m:[0m pooling idle connection for ("http", 192.168.0.14:8545)
[2m2025-12-10T10:19:05.736869Z[0m [34mDEBUG[0m [2mhyper::client::pool[0m[2m:[0m reuse idle connection for ("http", 192.168.0.14:8545)
[2m2025-12-10T10:19:05.736885Z[0m [34mDEBUG[0m [2mhyper::proto::h1::io[0m[2m:[0m flushed 172 bytes
[2m2025-12-10T10:19:05.742605Z[0m [34mDEBUG[0m [2mhyper::proto::h1::io[0m[2m:[0m parsed 4 headers
[2m2025-12-10T10:19:05.742612Z[0m [34mDEBUG[0m [2mhyper::proto::h1::conn[0m[2m:[0m incoming body is content-length (45 bytes)
[2m2025-12-10T10:19:05.742617Z[0m [34mDEBUG[0m [2mhyper::proto::h1::conn[0m[2m:[0m incoming body completed
[2m2025-12-10T10:19:05.742625Z[0m [34mDEBUG[0m [2mhyper::client::pool[0m[2m:[0m pooling idle connection for ("http", 192.168.0.14:8545)
[2m2025-12-10T10:19:05.742638Z[0m [34mDEBUG[0m [2mhyper::client::pool[0m[2m:[0m reuse idle connection for ("http", 192.168.0.14:8545)
[2m2025-12-10T10:19:05.742653Z[0m [34mDEBUG[0m [2mhyper::proto::h1::io[0m[2m:[0m flushed 172 bytes
[2m2025-12-10T10:19:05.746820Z[0m [34mDEBUG[0m [2mhyper::proto::h1::io[0m[2m:[0m parsed 4 headers
[2m2025-12-10T10:19:05.746826Z[0m [34mDEBUG[0m [2mhyper::proto::h1::conn[0m[2m:[0m incoming body is content-length (45 bytes)
[2m2025-12-10T10:19:05.746831Z[0m [34mDEBUG[0m [2mhyper::proto::h1::conn[0m[2m:[0m incoming body completed
[2m2025-12-10T10:19:05.746836Z[0m [34mDEBUG[0m [2mhyper::client::pool[0m[2m:[0m pooling idle connection for ("http", 192.168.0.14:8545)
[2m2025-12-10T10:19:05.746845Z[0m [34mDEBUG[0m [2mhyper::client::pool[0m[2m:[0m reuse idle connection for ("http", 192.168.0.14:8545)
[2m2025-12-10T10:19:05.746858Z[0m [34mDEBUG[0m [2mhyper::proto::h1::io[0m[2m:[0m flushed 172 bytes
[2m2025-12-10T10:19:05.751817Z[0m [34mDEBUG[0m [2mhyper::proto::h1::io[0m[2m:[0m parsed 4 headers
[2m2025-12-10T10:19:05.751825Z[0m [34mDEBUG[0m [2mhyper::proto::h1::conn[0m[2m:[0m incoming body is content-length (45 bytes)
[2m2025-12-10T10:19:05.751830Z[0m [34mDEBUG[0m [2mhyper::proto::h1::conn[0m[2m:[0m incoming body completed
[2m2025-12-10T10:19:05.751835Z[0m [34mDEBUG[0m [2mhyper::client::pool[0m[2m:[0m pooling idle connection for ("http", 192.168.0.14:8545)
[2m2025-12-10T10:19:05.751845Z[0m [34mDEBUG[0m [2mhyper::client::pool[0m[2m:[0m reuse idle connection for ("http", 192.168.0.14:8545)
[2m2025-12-10T10:19:05.751860Z[0m [34mDEBUG[0m [2mhyper::proto::h1::io[0m[2m:[0m flushed 172 bytes
[2m2025-12-10T10:19:05.755717Z[0m [34mDEBUG[0m [2mhyper::proto::h1::io[0m[2m:[0m parsed 4 headers
[2m2025-12-10T10:19:05.755723Z[0m [34mDEBUG[0m [2mhyper::proto::h1::conn[0m[2m:[0m incoming body is content-length (45 bytes)
[2m2025-12-10T10:19:05.755728Z[0m [34mDEBUG[0m [2mhyper::proto::h1::conn[0m[2m:[0m incoming body completed
[2m2025-12-10T10:19:05.755733Z[0m [34mDEBUG[0m [2mhyper::client::pool[0m[2m:[0m pooling idle connection for ("http", 192.168.0.14:8545)
[2m2025-12-10T10:19:05.755742Z[0m [34mDEBUG[0m [2mhyper::client::pool[0m[2m:[0m reuse idle connection for ("http", 192.168.0.14:8545)
[2m2025-12-10T10:19:05.755756Z[0m [34mDEBUG[0m [2mhyper::proto::h1::io[0m[2m:[0m flushed 172 bytes
[2m2025-12-10T10:19:05.761400Z[0m [34mDEBUG[0m [2mhyper::proto::h1::io[0m[2m:[0m parsed 4 headers
[2m2025-12-10T10:19:05.761407Z[0m [34mDEBUG[0m [2mhyper::proto::h1::conn[0m[2m:[0m incoming body is content-length (45 bytes)
[2m2025-12-10T10:19:05.761412Z[0m [34mDEBUG[0m [2mhyper::proto::h1::conn[0m[2m:[0m incoming body completed
[2m2025-12-10T10:19:05.761417Z[0m [34mDEBUG[0m [2mhyper::client::pool[0m[2m:[0m pooling idle connection for ("http", 192.168.0.14:8545)
[2m2025-12-10T10:19:05.761428Z[0m [34mDEBUG[0m [2mhyper::client::pool[0m[2m:[0m reuse idle connection for ("http", 192.168.0.14:8545)
[2m2025-12-10T10:19:05.761442Z[0m [34mDEBUG[0m [2mhyper::proto::h1::io[0m[2m:[0m flushed 172 bytes
[2m2025-12-10T10:19:05.765548Z[0m [34mDEBUG[0m [2mhyper::proto::h1::io[0m[2m:[0m parsed 4 headers
[2m2025-12-10T10:19:05.765554Z[0m [34mDEBUG[0m [2mhyper::proto::h1::conn[0m[2m:[0m incoming body is content-length (45 bytes)
[2m2025-12-10T10:19:05.765559Z[0m [34mDEBUG[0m [2mhyper::proto::h1::conn[0m[2m:[0m incoming body completed
[2m2025-12-10T10:19:05.765565Z[0m [34mDEBUG[0m [2mhyper::client::pool[0m[2m:[0m pooling idle connection for ("http", 192.168.0.14:8545)
[2m2025-12-10T10:19:05.765579Z[0m [34mDEBUG[0m [2mhyper::client::pool[0m[2m:[0m reuse idle connection for ("http", 192.168.0.14:8545)
[2m2025-12-10T10:19:05.765593Z[0m [34mDEBUG[0m [2mhyper::proto::h1::io[0m[2m:[0m flushed 172 bytes
[2m2025-12-10T10:19:05.772478Z[0m [34mDEBUG[0m [2mhyper::proto::h1::io[0m[2m:[0m parsed 4 headers
[2m2025-12-10T10:19:05.772493Z[0m [34mDEBUG[0m [2mhyper::proto::h1::conn[0m[2m:[0m incoming body is content-length (45 bytes)
[2m2025-12-10T10:19:05.772503Z[0m [34mDEBUG[0m [2mhyper::proto::h1::conn[0m[2m:[0m incoming body completed
[2m2025-12-10T10:19:05.772512Z[0m [34mDEBUG[0m [2mhyper::client::pool[0m[2m:[0m pooling idle connection for ("http", 192.168.0.14:8545)
[2m2025-12-10T10:19:05.772536Z[0m [34mDEBUG[0m [2mhyper::client::pool[0m[2m:[0m reuse idle connection for ("http", 192.168.0.14:8545)
[2m2025-12-10T10:19:05.772600Z[0m [34mDEBUG[0m [2mhyper::proto::h1::io[0m[2m:[0m flushed 172 bytes
[2m2025-12-10T10:19:05.778021Z[0m [34mDEBUG[0m [2mhyper::proto::h1::io[0m[2m:[0m parsed 4 headers
[2m2025-12-10T10:19:05.778037Z[0m [34mDEBUG[0m [2mhyper::proto::h1::conn[0m[2m:[0m incoming body is content-length (45 bytes)
[2m2025-12-10T10:19:05.778045Z[0m [34mDEBUG[0m [2mhyper::proto::h1::conn[0m[2m:[0m incoming body completed
[2m2025-12-10T10:19:05.778053Z[0m [34mDEBUG[0m [2mhyper::client::pool[0m[2m:[0m pooling idle connection for ("http", 192.168.0.14:8545)
[2m2025-12-10T10:19:05.778076Z[0m [34mDEBUG[0m [2mhyper::client::pool[0m[2m:[0m reuse idle connection for ("http", 192.168.0.14:8545)
[2m2025-12-10T10:19:05.778108Z[0m [34mDEBUG[0m [2mhyper::proto::h1::io[0m[2m:[0m flushed 172 bytes
[2m2025-12-10T10:19:05.783030Z[0m [34mDEBUG[0m [2mhyper::proto::h1::io[0m[2m:[0m parsed 4 headers
[2m2025-12-10T10:19:05.783038Z[0m [34mDEBUG[0m [2mhyper::proto::h1::conn[0m[2m:[0m incoming body is content-length (45 bytes)
[2m2025-12-10T10:19:05.783044Z[0m [34mDEBUG[0m [2mhyper::proto::h1::conn[0m[2m:[0m incoming body completed
[2m2025-12-10T10:19:05.783050Z[0m [34mDEBUG[0m [2mhyper::client::pool[0m[2m:[0m pooling idle connection for ("http", 192.168.0.14:8545)
[2m2025-12-10T10:19:05.783067Z[0m [34mDEBUG[0m [2mhyper::client::pool[0m[2m:[0m reuse idle connection for ("http", 192.168.0.14:8545)
[2m2025-12-10T10:19:05.783085Z[0m [34mDEBUG[0m [2mhyper::proto::h1::io[0m[2m:[0m flushed 172 bytes
[2m2025-12-10T10:19:05.786778Z[0m [34mDEBUG[0m [2mhyper::proto::h1::io[0m[2m:[0m parsed 4 headers
[2m2025-12-10T10:19:05.786785Z[0m [34mDEBUG[0m [2mhyper::proto::h1::conn[0m[2m:[0m incoming body is content-length (45 bytes)
[2m2025-12-10T10:19:05.786790Z[0m [34mDEBUG[0m [2mhyper::proto::h1::conn[0m[2m:[0m incoming body completed
[2m2025-12-10T10:19:05.786796Z[0m [34mDEBUG[0m [2mhyper::client::pool[0m[2m:[0m pooling idle connection for ("http", 192.168.0.14:8545)
[2m2025-12-10T10:19:05.786807Z[0m [34mDEBUG[0m [2mhyper::client::pool[0m[2m:[0m reuse idle connection for ("http", 192.168.0.14:8545)
[2m2025-12-10T10:19:05.786822Z[0m [34mDEBUG[0m [2mhyper::proto::h1::io[0m[2m:[0m flushed 172 bytes
[2m2025-12-10T10:19:05.790654Z[0m [34mDEBUG[0m [2mhyper::proto::h1::io[0m[2m:[0m parsed 4 headers
[2m2025-12-10T10:19:05.790661Z[0m [34mDEBUG[0m [2mhyper::proto::h1::conn[0m[2m:[0m incoming body is content-length (45 bytes)
[2m2025-12-10T10:19:05.790666Z[0m [34mDEBUG[0m [2mhyper::proto::h1::conn[0m[2m:[0m incoming body completed
[2m2025-12-10T10:19:05.790672Z[0m [34mDEBUG[0m [2mhyper::client::pool[0m[2m:[0m pooling idle connection for ("http", 192.168.0.14:8545)
[2m2025-12-10T10:19:05.790709Z[0m [34mDEBUG[0m [2mhyper::client::pool[0m[2m:[0m reuse idle connection for ("http", 192.168.0.14:8545)
[2m2025-12-10T10:19:05.790725Z[0m [34mDEBUG[0m [2mhyper::proto::h1::io[0m[2m:[0m flushed 172 bytes
[2m2025-12-10T10:19:05.794680Z[0m [34mDEBUG[0m [2mhyper::proto::h1::io[0m[2m:[0m parsed 4 headers
[2m2025-12-10T10:19:05.794686Z[0m [34mDEBUG[0m [2mhyper::proto::h1::conn[0m[2m:[0m incoming body is content-length (45 bytes)
[2m2025-12-10T10:19:05.794691Z[0m [34mDEBUG[0m [2mhyper::proto::h1::conn[0m[2m:[0m incoming body completed
[2m2025-12-10T10:19:05.794697Z[0m [34mDEBUG[0m [2mhyper::client::pool[0m[2m:[0m pooling idle connection for ("http", 192.168.0.14:8545)
[2m2025-12-10T10:19:05.794707Z[0m [34mDEBUG[0m [2mhyper::client::pool[0m[2m:[0m reuse idle connection for ("http", 192.168.0.14:8545)
[2m2025-12-10T10:19:05.794721Z[0m [34mDEBUG[0m [2mhyper::proto::h1::io[0m[2m:[0m flushed 172 bytes
[2m2025-12-10T10:19:05.801546Z[0m [34mDEBUG[0m [2mhyper::proto::h1::io[0m[2m:[0m parsed 4 headers
[2m2025-12-10T10:19:05.801552Z[0m [34mDEBUG[0m [2mhyper::proto::h1::conn[0m[2m:[0m incoming body is content-length (45 bytes)
[2m2025-12-10T10:19:05.801558Z[0m [34mDEBUG[0m [2mhyper::proto::h1::conn[0m[2m:[0m incoming body completed
[2m2025-12-10T10:19:05.801583Z[0m [34mDEBUG[0m [2mhyper::client::pool[0m[2m:[0m pooling idle connection for ("http", 192.168.0.14:8545)
[2m2025-12-10T10:19:05.801655Z[0m [34mDEBUG[0m [2mhyper::client::pool[0m[2m:[0m reuse idle connection for ("http", 192.168.0.14:8545)
[2m2025-12-10T10:19:05.801670Z[0m [34mDEBUG[0m [2mhyper::proto::h1::io[0m[2m:[0m flushed 172 bytes
[2m2025-12-10T10:19:05.805882Z[0m [34mDEBUG[0m [2mhyper::proto::h1::io[0m[2m:[0m parsed 4 headers
[2m2025-12-10T10:19:05.805910Z[0m [34mDEBUG[0m [2mhyper::proto::h1::conn[0m[2m:[0m incoming body is content-length (45 bytes)
[2m2025-12-10T10:19:05.805925Z[0m [34mDEBUG[0m [2mhyper::proto::h1::conn[0m[2m:[0m incoming body completed
[2m2025-12-10T10:19:05.805975Z[0m [34mDEBUG[0m [2mhyper::client::pool[0m[2m:[0m pooling idle connection for ("http", 192.168.0.14:8545)
[2m2025-12-10T10:19:05.806023Z[0m [34mDEBUG[0m [2mhyper::client::pool[0m[2m:[0m reuse idle connection for ("http", 192.168.0.14:8545)
[2m2025-12-10T10:19:05.806063Z[0m [34mDEBUG[0m [2mhyper::proto::h1::io[0m[2m:[0m flushed 172 bytes
[2m2025-12-10T10:19:05.810912Z[0m [34mDEBUG[0m [2mhyper::proto::h1::io[0m[2m:[0m parsed 4 headers
[2m2025-12-10T10:19:05.810922Z[0m [34mDEBUG[0m [2mhyper::proto::h1::conn[0m[2m:[0m incoming body is content-length (45 bytes)
[2m2025-12-10T10:19:05.810930Z[0m [34mDEBUG[0m [2mhyper::proto::h1::conn[0m[2m:[0m incoming body completed
[2m2025-12-10T10:19:05.810939Z[0m [34mDEBUG[0m [2mhyper::client::pool[0m[2m:[0m pooling idle connection for ("http", 192.168.0.14:8545)
[2m2025-12-10T10:19:05.810959Z[0m [34mDEBUG[0m [2mhyper::client::pool[0m[2m:[0m reuse idle connection for ("http", 192.168.0.14:8545)
[2m2025-12-10T10:19:05.810976Z[0m [34mDEBUG[0m [2mhyper::proto::h1::io[0m[2m:[0m flushed 172 bytes
[2m2025-12-10T10:19:05.815652Z[0m [34mDEBUG[0m [2mhyper::proto::h1::io[0m[2m:[0m parsed 4 headers
[2m2025-12-10T10:19:05.815778Z[0m [34mDEBUG[0m [2mhyper::proto::h1::conn[0m[2m:[0m incoming body is content-length (45 bytes)
[2m2025-12-10T10:19:05.815852Z[0m [34mDEBUG[0m [2mhyper::proto::h1::conn[0m[2m:[0m incoming body completed
[2m2025-12-10T10:19:05.815862Z[0m [34mDEBUG[0m [2mhyper::client::pool[0m[2m:[0m pooling idle connection for ("http", 192.168.0.14:8545)
[2m2025-12-10T10:19:05.815881Z[0m [34mDEBUG[0m [2mhyper::client::pool[0m[2m:[0m reuse idle connection for ("http", 192.168.0.14:8545)
[2m2025-12-10T10:19:05.815921Z[0m [34mDEBUG[0m [2mhyper::proto::h1::io[0m[2m:[0m flushed 172 bytes
[2m2025-12-10T10:19:05.821109Z[0m [34mDEBUG[0m [2mhyper::proto::h1::io[0m[2m:[0m parsed 4 headers
[2m2025-12-10T10:19:05.821195Z[0m [34mDEBUG[0m [2mhyper::proto::h1::conn[0m[2m:[0m incoming body is content-length (45 bytes)
[2m2025-12-10T10:19:05.821258Z[0m [34mDEBUG[0m [2mhyper::proto::h1::conn[0m[2m:[0m incoming body completed
[2m2025-12-10T10:19:05.821275Z[0m [34mDEBUG[0m [2mhyper::client::pool[0m[2m:[0m pooling idle connection for ("http", 192.168.0.14:8545)
[2m2025-12-10T10:19:05.821341Z[0m [34mDEBUG[0m [2mhyper::client::pool[0m[2m:[0m reuse idle connection for ("http", 192.168.0.14:8545)
[2m2025-12-10T10:19:05.821478Z[0m [34mDEBUG[0m [2mhyper::proto::h1::io[0m[2m:[0m flushed 172 bytes
[2m2025-12-10T10:19:05.826314Z[0m [34mDEBUG[0m [2mhyper::proto::h1::io[0m[2m:[0m parsed 4 headers
[2m2025-12-10T10:19:05.826355Z[0m [34mDEBUG[0m [2mhyper::proto::h1::conn[0m[2m:[0m incoming body is content-length (45 bytes)
[2m2025-12-10T10:19:05.826384Z[0m [34mDEBUG[0m [2mhyper::proto::h1::conn[0m[2m:[0m incoming body completed
[2m2025-12-10T10:19:05.826426Z[0m [34mDEBUG[0m [2mhyper::client::pool[0m[2m:[0m pooling idle connection for ("http", 192.168.0.14:8545)
[2m2025-12-10T10:19:05.826516Z[0m [34mDEBUG[0m [2mhyper::client::pool[0m[2m:[0m reuse idle connection for ("http", 192.168.0.14:8545)
[2m2025-12-10T10:19:05.826563Z[0m [34mDEBUG[0m [2mhyper::proto::h1::io[0m[2m:[0m flushed 172 bytes
[2m2025-12-10T10:19:05.835323Z[0m [34mDEBUG[0m [2mhyper::proto::h1::io[0m[2m:[0m parsed 4 headers
[2m2025-12-10T10:19:05.835358Z[0m [34mDEBUG[0m [2mhyper::proto::h1::conn[0m[2m:[0m incoming body is content-length (45 bytes)
[2m2025-12-10T10:19:05.835378Z[0m [34mDEBUG[0m [2mhyper::proto::h1::conn[0m[2m:[0m incoming body completed
[2m2025-12-10T10:19:05.835432Z[0m [34mDEBUG[0m [2mhyper::client::pool[0m[2m:[0m pooling idle connection for ("http", 192.168.0.14:8545)
[2m2025-12-10T10:19:05.835473Z[0m [34mDEBUG[0m [2mhyper::client::pool[0m[2m:[0m reuse idle connection for ("http", 192.168.0.14:8545)
[2m2025-12-10T10:19:05.835520Z[0m [34mDEBUG[0m [2mhyper::proto::h1::io[0m[2m:[0m flushed 172 bytes
[2m2025-12-10T10:19:05.842150Z[0m [34mDEBUG[0m [2mhyper::proto::h1::io[0m[2m:[0m parsed 4 headers
[2m2025-12-10T10:19:05.842656Z[0m [34mDEBUG[0m [2mhyper::proto::h1::conn[0m[2m:[0m incoming body is content-length (45 bytes)
[2m2025-12-10T10:19:05.842750Z[0m [34mDEBUG[0m [2mhyper::proto::h1::conn[0m[2m:[0m incoming body completed
[2m2025-12-10T10:19:05.842885Z[0m [34mDEBUG[0m [2mhyper::client::pool[0m[2m:[0m pooling idle connection for ("http", 192.168.0.14:8545)
[2m2025-12-10T10:19:05.843327Z[0m [34mDEBUG[0m [2mhyper::client::pool[0m[2m:[0m reuse idle connection for ("http", 192.168.0.14:8545)
[2m2025-12-10T10:19:05.844078Z[0m [34mDEBUG[0m [2mhyper::proto::h1::io[0m[2m:[0m flushed 172 bytes
[2m2025-12-10T10:19:05.848887Z[0m [34mDEBUG[0m [2mhyper::proto::h1::io[0m[2m:[0m parsed 4 headers
[2m2025-12-10T10:19:05.849367Z[0m [34mDEBUG[0m [2mhyper::proto::h1::conn[0m[2m:[0m incoming body is content-length (45 bytes)
[2m2025-12-10T10:19:05.853739Z[0m [34mDEBUG[0m [2mhyper::proto::h1::conn[0m[2m:[0m incoming body completed
[2m2025-12-10T10:19:05.853758Z[0m [34mDEBUG[0m [2mhyper::client::pool[0m[2m:[0m pooling idle connection for ("http", 192.168.0.14:8545)
[2m2025-12-10T10:19:05.853833Z[0m [34mDEBUG[0m [2mhyper::client::pool[0m[2m:[0m reuse idle connection for ("http", 192.168.0.14:8545)
[2m2025-12-10T10:19:05.853856Z[0m [34mDEBUG[0m [2mhyper::proto::h1::io[0m[2m:[0m flushed 172 bytes
[2m2025-12-10T10:19:05.859643Z[0m [34mDEBUG[0m [2mhyper::proto::h1::io[0m[2m:[0m parsed 4 headers
[2m2025-12-10T10:19:05.859651Z[0m [34mDEBUG[0m [2mhyper::proto::h1::conn[0m[2m:[0m incoming body is content-length (45 bytes)
[2m2025-12-10T10:19:05.859659Z[0m [34mDEBUG[0m [2mhyper::proto::h1::conn[0m[2m:[0m incoming body completed
[2m2025-12-10T10:19:05.859667Z[0m [34mDEBUG[0m [2mhyper::client::pool[0m[2m:[0m pooling idle connection for ("http", 192.168.0.14:8545)
[2m2025-12-10T10:19:05.859688Z[0m [34mDEBUG[0m [2mhyper::client::pool[0m[2m:[0m reuse idle connection for ("http", 192.168.0.14:8545)
[2m2025-12-10T10:19:05.859707Z[0m [34mDEBUG[0m [2mhyper::proto::h1::io[0m[2m:[0m flushed 172 bytes
[2m2025-12-10T10:19:05.863489Z[0m [34mDEBUG[0m [2mhyper::proto::h1::io[0m[2m:[0m parsed 4 headers
[2m2025-12-10T10:19:05.863500Z[0m [34mDEBUG[0m [2mhyper::proto::h1::conn[0m[2m:[0m incoming body is content-length (45 bytes)
[2m2025-12-10T10:19:05.863508Z[0m [34mDEBUG[0m [2mhyper::proto::h1::conn[0m[2m:[0m incoming body completed
[2m2025-12-10T10:19:05.863515Z[0m [34mDEBUG[0m [2mhyper::client::pool[0m[2m:[0m pooling idle connection for ("http", 192.168.0.14:8545)
[2m2025-12-10T10:19:05.863535Z[0m [34mDEBUG[0m [2mhyper::client::pool[0m[2m:[0m reuse idle connection for ("http", 192.168.0.14:8545)
[2m2025-12-10T10:19:05.863560Z[0m [34mDEBUG[0m [2mhyper::proto::h1::io[0m[2m:[0m flushed 172 bytes
[2m2025-12-10T10:19:05.868868Z[0m [34mDEBUG[0m [2mhyper::proto::h1::io[0m[2m:[0m parsed 4 headers
[2m2025-12-10T10:19:05.868908Z[0m [34mDEBUG[0m [2mhyper::proto::h1::conn[0m[2m:[0m incoming body is content-length (45 bytes)
[2m2025-12-10T10:19:05.868917Z[0m [34mDEBUG[0m [2mhyper::proto::h1::conn[0m[2m:[0m incoming body completed
[2m2025-12-10T10:19:05.868924Z[0m [34mDEBUG[0m [2mhyper::client::pool[0m[2m:[0m pooling idle connection for ("http", 192.168.0.14:8545)
[2m2025-12-10T10:19:05.868939Z[0m [34mDEBUG[0m [2mhyper::client::pool[0m[2m:[0m reuse idle connection for ("http", 192.168.0.14:8545)
[2m2025-12-10T10:19:05.868957Z[0m [34mDEBUG[0m [2mhyper::proto::h1::io[0m[2m:[0m flushed 172 bytes
[2m2025-12-10T10:19:05.872921Z[0m [34mDEBUG[0m [2mhyper::proto::h1::io[0m[2m:[0m parsed 4 headers
[2m2025-12-10T10:19:05.872930Z[0m [34mDEBUG[0m [2mhyper::proto::h1::conn[0m[2m:[0m incoming body is content-length (45 bytes)
[2m2025-12-10T10:19:05.872936Z[0m [34mDEBUG[0m [2mhyper::proto::h1::conn[0m[2m:[0m incoming body completed
[2m2025-12-10T10:19:05.872943Z[0m [34mDEBUG[0m [2mhyper::client::pool[0m[2m:[0m pooling idle connection for ("http", 192.168.0.14:8545)
[2m2025-12-10T10:19:05.872959Z[0m [34mDEBUG[0m [2mhyper::client::pool[0m[2m:[0m reuse idle connection for ("http", 192.168.0.14:8545)
[2m2025-12-10T10:19:05.872980Z[0m [34mDEBUG[0m [2mhyper::proto::h1::io[0m[2m:[0m flushed 172 bytes
[2m2025-12-10T10:19:05.878951Z[0m [34mDEBUG[0m [2mhyper::proto::h1::io[0m[2m:[0m parsed 4 headers
[2m2025-12-10T10:19:05.878958Z[0m [34mDEBUG[0m [2mhyper::proto::h1::conn[0m[2m:[0m incoming body is content-length (45 bytes)
[2m2025-12-10T10:19:05.878964Z[0m [34mDEBUG[0m [2mhyper::proto::h1::conn[0m[2m:[0m incoming body completed
[2m2025-12-10T10:19:05.878970Z[0m [34mDEBUG[0m [2mhyper::client::pool[0m[2m:[0m pooling idle connection for ("http", 192.168.0.14:8545)
[2m2025-12-10T10:19:05.878982Z[0m [34mDEBUG[0m [2mhyper::client::pool[0m[2m:[0m reuse idle connection for ("http", 192.168.0.14:8545)
[2m2025-12-10T10:19:05.878998Z[0m [34mDEBUG[0m [2mhyper::proto::h1::io[0m[2m:[0m flushed 172 bytes
[2m2025-12-10T10:19:05.882555Z[0m [34mDEBUG[0m [2mhyper::proto::h1::io[0m[2m:[0m parsed 4 headers
[2m2025-12-10T10:19:05.884077Z[0m [34mDEBUG[0m [2mhyper::proto::h1::conn[0m[2m:[0m incoming body is content-length (45 bytes)
[2m2025-12-10T10:19:05.884087Z[0m [34mDEBUG[0m [2mhyper::proto::h1::conn[0m[2m:[0m incoming body completed
[2m2025-12-10T10:19:05.884093Z[0m [34mDEBUG[0m [2mhyper::client::pool[0m[2m:[0m pooling idle connection for ("http", 192.168.0.14:8545)
[2m2025-12-10T10:19:05.884105Z[0m [34mDEBUG[0m [2mhyper::client::pool[0m[2m:[0m reuse idle connection for ("http", 192.168.0.14:8545)
[2m2025-12-10T10:19:05.884120Z[0m [34mDEBUG[0m [2mhyper::proto::h1::io[0m[2m:[0m flushed 172 bytes
[2m2025-12-10T10:19:05.888784Z[0m [34mDEBUG[0m [2mhyper::proto::h1::io[0m[2m:[0m parsed 4 headers
[2m2025-12-10T10:19:05.888791Z[0m [34mDEBUG[0m [2mhyper::proto::h1::conn[0m[2m:[0m incoming body is content-length (45 bytes)
[2m2025-12-10T10:19:05.888797Z[0m [34mDEBUG[0m [2mhyper::proto::h1::conn[0m[2m:[0m incoming body completed
[2m2025-12-10T10:19:05.888803Z[0m [34mDEBUG[0m [2mhyper::client::pool[0m[2m:[0m pooling idle connection for ("http", 192.168.0.14:8545)
[2m2025-12-10T10:19:05.888816Z[0m [34mDEBUG[0m [2mhyper::client::pool[0m[2m:[0m reuse idle connection for ("http", 192.168.0.14:8545)
[2m2025-12-10T10:19:05.888832Z[0m [34mDEBUG[0m [2mhyper::proto::h1::io[0m[2m:[0m flushed 172 bytes
[2m2025-12-10T10:19:05.892932Z[0m [34mDEBUG[0m [2mhyper::proto::h1::io[0m[2m:[0m parsed 4 headers
[2m2025-12-10T10:19:05.892942Z[0m [34mDEBUG[0m [2mhyper::proto::h1::conn[0m[2m:[0m incoming body is content-length (45 bytes)
[2m2025-12-10T10:19:05.892948Z[0m [34mDEBUG[0m [2mhyper::proto::h1::conn[0m[2m:[0m incoming body completed
[2m2025-12-10T10:19:05.892954Z[0m [34mDEBUG[0m [2mhyper::client::pool[0m[2m:[0m pooling idle connection for ("http", 192.168.0.14:8545)
[2m2025-12-10T10:19:05.892964Z[0m [34mDEBUG[0m [2mhyper::client::pool[0m[2m:[0m reuse idle connection for ("http", 192.168.0.14:8545)
[2m2025-12-10T10:19:05.892980Z[0m [34mDEBUG[0m [2mhyper::proto::h1::io[0m[2m:[0m flushed 172 bytes
[2m2025-12-10T10:19:05.898337Z[0m [34mDEBUG[0m [2mhyper::proto::h1::io[0m[2m:[0m parsed 4 headers
[2m2025-12-10T10:19:05.898344Z[0m [34mDEBUG[0m [2mhyper::proto::h1::conn[0m[2m:[0m incoming body is content-length (45 bytes)
[2m2025-12-10T10:19:05.898350Z[0m [34mDEBUG[0m [2mhyper::proto::h1::conn[0m[2m:[0m incoming body completed
[2m2025-12-10T10:19:05.898356Z[0m [34mDEBUG[0m [2mhyper::client::pool[0m[2m:[0m pooling idle connection for ("http", 192.168.0.14:8545)
[2m2025-12-10T10:19:05.898367Z[0m [34mDEBUG[0m [2mhyper::client::pool[0m[2m:[0m reuse idle connection for ("http", 192.168.0.14:8545)
[2m2025-12-10T10:19:05.898383Z[0m [34mDEBUG[0m [2mhyper::proto::h1::io[0m[2m:[0m flushed 172 bytes
[2m2025-12-10T10:19:05.902110Z[0m [34mDEBUG[0m [2mhyper::proto::h1::io[0m[2m:[0m parsed 4 headers
[2m2025-12-10T10:19:05.902116Z[0m [34mDEBUG[0m [2mhyper::proto::h1::conn[0m[2m:[0m incoming body is content-length (45 bytes)
[2m2025-12-10T10:19:05.902121Z[0m [34mDEBUG[0m [2mhyper::proto::h1::conn[0m[2m:[0m incoming body completed
[2m2025-12-10T10:19:05.902127Z[0m [34mDEBUG[0m [2mhyper::client::pool[0m[2m:[0m pooling idle connection for ("http", 192.168.0.14:8545)
[2m2025-12-10T10:19:05.902139Z[0m [34mDEBUG[0m [2mhyper::client::pool[0m[2m:[0m reuse idle connection for ("http", 192.168.0.14:8545)
[2m2025-12-10T10:19:05.902154Z[0m [34mDEBUG[0m [2mhyper::proto::h1::io[0m[2m:[0m flushed 172 bytes
[2m2025-12-10T10:19:05.907513Z[0m [34mDEBUG[0m [2mhyper::proto::h1::io[0m[2m:[0m parsed 4 headers
[2m2025-12-10T10:19:05.907520Z[0m [34mDEBUG[0m [2mhyper::proto::h1::conn[0m[2m:[0m incoming body is content-length (45 bytes)
[2m2025-12-10T10:19:05.907525Z[0m [34mDEBUG[0m [2mhyper::proto::h1::conn[0m[2m:[0m incoming body completed
[2m2025-12-10T10:19:05.907530Z[0m [34mDEBUG[0m [2mhyper::client::pool[0m[2m:[0m pooling idle connection for ("http", 192.168.0.14:8545)
[2m2025-12-10T10:19:05.907541Z[0m [34mDEBUG[0m [2mhyper::client::pool[0m[2m:[0m reuse idle connection for ("http", 192.168.0.14:8545)
[2m2025-12-10T10:19:05.907556Z[0m [34mDEBUG[0m [2mhyper::proto::h1::io[0m[2m:[0m flushed 172 bytes
[2m2025-12-10T10:19:05.912099Z[0m [34mDEBUG[0m [2mhyper::proto::h1::io[0m[2m:[0m parsed 4 headers
[2m2025-12-10T10:19:05.912106Z[0m [34mDEBUG[0m [2mhyper::proto::h1::conn[0m[2m:[0m incoming body is content-length (45 bytes)
[2m2025-12-10T10:19:05.912112Z[0m [34mDEBUG[0m [2mhyper::proto::h1::conn[0m[2m:[0m incoming body completed
[2m2025-12-10T10:19:05.912118Z[0m [34mDEBUG[0m [2mhyper::client::pool[0m[2m:[0m pooling idle connection for ("http", 192.168.0.14:8545)
[2m2025-12-10T10:19:05.912128Z[0m [34mDEBUG[0m [2mhyper::client::pool[0m[2m:[0m reuse idle connection for ("http", 192.168.0.14:8545)
[2m2025-12-10T10:19:05.912150Z[0m [34mDEBUG[0m [2mhyper::proto::h1::io[0m[2m:[0m flushed 172 bytes
[2m2025-12-10T10:19:05.916406Z[0m [34mDEBUG[0m [2mhyper::proto::h1::io[0m[2m:[0m parsed 4 headers
[2m2025-12-10T10:19:05.916413Z[0m [34mDEBUG[0m [2mhyper::proto::h1::conn[0m[2m:[0m incoming body is content-length (45 bytes)
[2m2025-12-10T10:19:05.916418Z[0m [34mDEBUG[0m [2mhyper::proto::h1::conn[0m[2m:[0m incoming body completed
[2m2025-12-10T10:19:05.916423Z[0m [34mDEBUG[0m [2mhyper::client::pool[0m[2m:[0m pooling idle connection for ("http", 192.168.0.14:8545)
[2m2025-12-10T10:19:05.916433Z[0m [34mDEBUG[0m [2mhyper::client::pool[0m[2m:[0m reuse idle connection for ("http", 192.168.0.14:8545)
[2m2025-12-10T10:19:05.916447Z[0m [34mDEBUG[0m [2mhyper::proto::h1::io[0m[2m:[0m flushed 172 bytes
[2m2025-12-10T10:19:05.920981Z[0m [34mDEBUG[0m [2mhyper::proto::h1::io[0m[2m:[0m parsed 4 headers
[2m2025-12-10T10:19:05.920987Z[0m [34mDEBUG[0m [2mhyper::proto::h1::conn[0m[2m:[0m incoming body is content-length (45 bytes)
[2m2025-12-10T10:19:05.920992Z[0m [34mDEBUG[0m [2mhyper::proto::h1::conn[0m[2m:[0m incoming body completed
[2m2025-12-10T10:19:05.920997Z[0m [34mDEBUG[0m [2mhyper::client::pool[0m[2m:[0m pooling idle connection for ("http", 192.168.0.14:8545)
[2m2025-12-10T10:19:05.921006Z[0m [34mDEBUG[0m [2mhyper::client::pool[0m[2m:[0m reuse idle connection for ("http", 192.168.0.14:8545)
[2m2025-12-10T10:19:05.921020Z[0m [34mDEBUG[0m [2mhyper::proto::h1::io[0m[2m:[0m flushed 172 bytes
[2m2025-12-10T10:19:05.925048Z[0m [34mDEBUG[0m [2mhyper::proto::h1::io[0m[2m:[0m parsed 4 headers
[2m2025-12-10T10:19:05.925055Z[0m [34mDEBUG[0m [2mhyper::proto::h1::conn[0m[2m:[0m incoming body is content-length (45 bytes)
[2m2025-12-10T10:19:05.925060Z[0m [34mDEBUG[0m [2mhyper::proto::h1::conn[0m[2m:[0m incoming body completed
[2m2025-12-10T10:19:05.925065Z[0m [34mDEBUG[0m [2mhyper::client::pool[0m[2m:[0m pooling idle connection for ("http", 192.168.0.14:8545)
[2m2025-12-10T10:19:05.925074Z[0m [34mDEBUG[0m [2mhyper::client::pool[0m[2m:[0m reuse idle connection for ("http", 192.168.0.14:8545)
[2m2025-12-10T10:19:05.925086Z[0m [34mDEBUG[0m [2mhyper::proto::h1::io[0m[2m:[0m flushed 172 bytes
[2m2025-12-10T10:19:05.989797Z[0m [34mDEBUG[0m [2mhyper::proto::h1::io[0m[2m:[0m parsed 4 headers
[2m2025-12-10T10:19:05.989841Z[0m [34mDEBUG[0m [2mhyper::proto::h1::conn[0m[2m:[0m incoming body is content-length (45 bytes)
[2m2025-12-10T10:19:05.989871Z[0m [34mDEBUG[0m [2mhyper::proto::h1::conn[0m[2m:[0m incoming body completed
[2m2025-12-10T10:19:05.989897Z[0m [34mDEBUG[0m [2mhyper::client::pool[0m[2m:[0m pooling idle connection for ("http", 192.168.0.14:8545)
[2m2025-12-10T10:19:05.989926Z[0m [34mDEBUG[0m [2mhyper::client::pool[0m[2m:[0m reuse idle connection for ("http", 192.168.0.14:8545)
[2m2025-12-10T10:19:05.989958Z[0m [34mDEBUG[0m [2mhyper::proto::h1::io[0m[2m:[0m flushed 172 bytes
[2m2025-12-10T10:19:05.995548Z[0m [34mDEBUG[0m [2mhyper::proto::h1::io[0m[2m:[0m parsed 4 headers
[2m2025-12-10T10:19:05.995555Z[0m [34mDEBUG[0m [2mhyper::proto::h1::conn[0m[2m:[0m incoming body is content-length (45 bytes)
[2m2025-12-10T10:19:05.995561Z[0m [34mDEBUG[0m [2mhyper::proto::h1::conn[0m[2m:[0m incoming body completed
[2m2025-12-10T10:19:05.995568Z[0m [34mDEBUG[0m [2mhyper::client::pool[0m[2m:[0m pooling idle connection for ("http", 192.168.0.14:8545)
[2m2025-12-10T10:19:05.995585Z[0m [34mDEBUG[0m [2mhyper::client::pool[0m[2m:[0m reuse idle connection for ("http", 192.168.0.14:8545)
[2m2025-12-10T10:19:05.995603Z[0m [34mDEBUG[0m [2mhyper::proto::h1::io[0m[2m:[0m flushed 172 bytes
[2m2025-12-10T10:19:06.002788Z[0m [34mDEBUG[0m [2mhyper::proto::h1::io[0m[2m:[0m parsed 4 headers
[2m2025-12-10T10:19:06.002794Z[0m [34mDEBUG[0m [2mhyper::proto::h1::conn[0m[2m:[0m incoming body is content-length (45 bytes)
[2m2025-12-10T10:19:06.002799Z[0m [34mDEBUG[0m [2mhyper::proto::h1::conn[0m[2m:[0m incoming body completed
[2m2025-12-10T10:19:06.002804Z[0m [34mDEBUG[0m [2mhyper::client::pool[0m[2m:[0m pooling idle connection for ("http", 192.168.0.14:8545)
[2m2025-12-10T10:19:06.002818Z[0m [34mDEBUG[0m [2mhyper::client::pool[0m[2m:[0m reuse idle connection for ("http", 192.168.0.14:8545)
[2m2025-12-10T10:19:06.002833Z[0m [34mDEBUG[0m [2mhyper::proto::h1::io[0m[2m:[0m flushed 172 bytes
[2m2025-12-10T10:19:06.007209Z[0m [34mDEBUG[0m [2mhyper::proto::h1::io[0m[2m:[0m parsed 4 headers
[2m2025-12-10T10:19:06.007230Z[0m [34mDEBUG[0m [2mhyper::proto::h1::conn[0m[2m:[0m incoming body is content-length (45 bytes)
[2m2025-12-10T10:19:06.007236Z[0m [34mDEBUG[0m [2mhyper::proto::h1::conn[0m[2m:[0m incoming body completed
[2m2025-12-10T10:19:06.007265Z[0m [34mDEBUG[0m [2mhyper::client::pool[0m[2m:[0m pooling idle connection for ("http", 192.168.0.14:8545)
[2m2025-12-10T10:19:06.007296Z[0m [34mDEBUG[0m [2mhyper::client::pool[0m[2m:[0m reuse idle connection for ("http", 192.168.0.14:8545)
[2m2025-12-10T10:19:06.007335Z[0m [34mDEBUG[0m [2mhyper::proto::h1::io[0m[2m:[0m flushed 172 bytes
[2m2025-12-10T10:19:06.012102Z[0m [34mDEBUG[0m [2mhyper::proto::h1::io[0m[2m:[0m parsed 4 headers
[2m2025-12-10T10:19:06.012109Z[0m [34mDEBUG[0m [2mhyper::proto::h1::conn[0m[2m:[0m incoming body is content-length (45 bytes)
[2m2025-12-10T10:19:06.012115Z[0m [34mDEBUG[0m [2mhyper::proto::h1::conn[0m[2m:[0m incoming body completed
[2m2025-12-10T10:19:06.014957Z[0m [34mDEBUG[0m [2mhyper::client::pool[0m[2m:[0m pooling idle connection for ("http", 192.168.0.14:8545)
[2m2025-12-10T10:19:06.014982Z[0m [34mDEBUG[0m [2mhyper::client::pool[0m[2m:[0m reuse idle connection for ("http", 192.168.0.14:8545)
[2m2025-12-10T10:19:06.015023Z[0m [34mDEBUG[0m [2mhyper::proto::h1::io[0m[2m:[0m flushed 172 bytes
[2m2025-12-10T10:19:06.019634Z[0m [34mDEBUG[0m [2mhyper::proto::h1::io[0m[2m:[0m parsed 4 headers
[2m2025-12-10T10:19:06.019874Z[0m [34mDEBUG[0m [2mhyper::proto::h1::conn[0m[2m:[0m incoming body is content-length (45 bytes)
[2m2025-12-10T10:19:06.019886Z[0m [34mDEBUG[0m [2mhyper::proto::h1::conn[0m[2m:[0m incoming body completed
[2m2025-12-10T10:19:06.019906Z[0m [34mDEBUG[0m [2mhyper::client::pool[0m[2m:[0m pooling idle connection for ("http", 192.168.0.14:8545)
[2m2025-12-10T10:19:06.020034Z[0m [34mDEBUG[0m [2mhyper::client::pool[0m[2m:[0m reuse idle connection for ("http", 192.168.0.14:8545)
[2m2025-12-10T10:19:06.020169Z[0m [34mDEBUG[0m [2mhyper::proto::h1::io[0m[2m:[0m flushed 172 bytes
[2m2025-12-10T10:19:06.041381Z[0m [34mDEBUG[0m [2mhyper::proto::h1::io[0m[2m:[0m parsed 4 headers
[2m2025-12-10T10:19:06.041446Z[0m [34mDEBUG[0m [2mhyper::proto::h1::conn[0m[2m:[0m incoming body is content-length (45 bytes)
[2m2025-12-10T10:19:06.041496Z[0m [34mDEBUG[0m [2mhyper::proto::h1::conn[0m[2m:[0m incoming body completed
[2m2025-12-10T10:19:06.041527Z[0m [34mDEBUG[0m [2mhyper::client::pool[0m[2m:[0m pooling idle connection for ("http", 192.168.0.14:8545)
[2m2025-12-10T10:19:06.041575Z[0m [34mDEBUG[0m [2mhyper::client::pool[0m[2m:[0m reuse idle connection for ("http", 192.168.0.14:8545)
[2m2025-12-10T10:19:06.041616Z[0m [34mDEBUG[0m [2mhyper::proto::h1::io[0m[2m:[0m flushed 172 bytes
[2m2025-12-10T10:19:06.045726Z[0m [34mDEBUG[0m [2mhyper::proto::h1::io[0m[2m:[0m parsed 4 headers
[2m2025-12-10T10:19:06.045765Z[0m [34mDEBUG[0m [2mhyper::proto::h1::conn[0m[2m:[0m incoming body is content-length (45 bytes)
[2m2025-12-10T10:19:06.045783Z[0m [34mDEBUG[0m [2mhyper::proto::h1::conn[0m[2m:[0m incoming body completed
[2m2025-12-10T10:19:06.045811Z[0m [34mDEBUG[0m [2mhyper::client::pool[0m[2m:[0m pooling idle connection for ("http", 192.168.0.14:8545)
[2m2025-12-10T10:19:06.045843Z[0m [34mDEBUG[0m [2mhyper::client::pool[0m[2m:[0m reuse idle connection for ("http", 192.168.0.14:8545)
[2m2025-12-10T10:19:06.045892Z[0m [34mDEBUG[0m [2mhyper::proto::h1::io[0m[2m:[0m flushed 172 bytes
[2m2025-12-10T10:19:06.049837Z[0m [34mDEBUG[0m [2mhyper::proto::h1::io[0m[2m:[0m parsed 4 headers
[2m2025-12-10T10:19:06.049887Z[0m [34mDEBUG[0m [2mhyper::proto::h1::conn[0m[2m:[0m incoming body is content-length (45 bytes)
[2m2025-12-10T10:19:06.049897Z[0m [34mDEBUG[0m [2mhyper::proto::h1::conn[0m[2m:[0m incoming body completed
[2m2025-12-10T10:19:06.049905Z[0m [34mDEBUG[0m [2mhyper::client::pool[0m[2m:[0m pooling idle connection for ("http", 192.168.0.14:8545)
[2m2025-12-10T10:19:06.049921Z[0m [34mDEBUG[0m [2mhyper::client::pool[0m[2m:[0m reuse idle connection for ("http", 192.168.0.14:8545)
[2m2025-12-10T10:19:06.049940Z[0m [34mDEBUG[0m [2mhyper::proto::h1::io[0m[2m:[0m flushed 172 bytes
[2m2025-12-10T10:19:06.055445Z[0m [34mDEBUG[0m [2mhyper::proto::h1::io[0m[2m:[0m parsed 4 headers
[2m2025-12-10T10:19:06.055454Z[0m [34mDEBUG[0m [2mhyper::proto::h1::conn[0m[2m:[0m incoming body is content-length (45 bytes)
[2m2025-12-10T10:19:06.055461Z[0m [34mDEBUG[0m [2mhyper::proto::h1::conn[0m[2m:[0m incoming body completed
[2m2025-12-10T10:19:06.055468Z[0m [34mDEBUG[0m [2mhyper::client::pool[0m[2m:[0m pooling idle connection for ("http", 192.168.0.14:8545)
[2m2025-12-10T10:19:06.055484Z[0m [34mDEBUG[0m [2mhyper::client::pool[0m[2m:[0m reuse idle connection for ("http", 192.168.0.14:8545)
[2m2025-12-10T10:19:06.055505Z[0m [34mDEBUG[0m [2mhyper::proto::h1::io[0m[2m:[0m flushed 172 bytes
[2m2025-12-10T10:19:06.059874Z[0m [34mDEBUG[0m [2mhyper::proto::h1::io[0m[2m:[0m parsed 4 headers
[2m2025-12-10T10:19:06.059887Z[0m [34mDEBUG[0m [2mhyper::proto::h1::conn[0m[2m:[0m incoming body is content-length (45 bytes)
[2m2025-12-10T10:19:06.059893Z[0m [34mDEBUG[0m [2mhyper::proto::h1::conn[0m[2m:[0m incoming body completed
[2m2025-12-10T10:19:06.059901Z[0m [34mDEBUG[0m [2mhyper::client::pool[0m[2m:[0m pooling idle connection for ("http", 192.168.0.14:8545)
[2m2025-12-10T10:19:06.060300Z[0m [34mDEBUG[0m [2mhyper::client::pool[0m[2m:[0m reuse idle connection for ("http", 192.168.0.14:8545)
[2m2025-12-10T10:19:06.060743Z[0m [34mDEBUG[0m [2mhyper::proto::h1::io[0m[2m:[0m flushed 172 bytes
[2m2025-12-10T10:19:06.065378Z[0m [34mDEBUG[0m [2mhyper::proto::h1::io[0m[2m:[0m parsed 4 headers
[2m2025-12-10T10:19:06.067157Z[0m [34mDEBUG[0m [2mhyper::proto::h1::conn[0m[2m:[0m incoming body is content-length (45 bytes)
[2m2025-12-10T10:19:06.067194Z[0m [34mDEBUG[0m [2mhyper::proto::h1::conn[0m[2m:[0m incoming body completed
[2m2025-12-10T10:19:06.067281Z[0m [34mDEBUG[0m [2mhyper::client::pool[0m[2m:[0m pooling idle connection for ("http", 192.168.0.14:8545)
[2m2025-12-10T10:19:06.067319Z[0m [34mDEBUG[0m [2mhyper::client::pool[0m[2m:[0m reuse idle connection for ("http", 192.168.0.14:8545)
[2m2025-12-10T10:19:06.067404Z[0m [34mDEBUG[0m [2mhyper::proto::h1::io[0m[2m:[0m flushed 172 bytes
[2m2025-12-10T10:19:06.071926Z[0m [34mDEBUG[0m [2mhyper::proto::h1::io[0m[2m:[0m parsed 4 headers
[2m2025-12-10T10:19:06.071941Z[0m [34mDEBUG[0m [2mhyper::proto::h1::conn[0m[2m:[0m incoming body is content-length (45 bytes)
[2m2025-12-10T10:19:06.071967Z[0m [34mDEBUG[0m [2mhyper::proto::h1::conn[0m[2m:[0m incoming body completed
[2m2025-12-10T10:19:06.071977Z[0m [34mDEBUG[0m [2mhyper::client::pool[0m[2m:[0m pooling idle connection for ("http", 192.168.0.14:8545)
[2m2025-12-10T10:19:06.071993Z[0m [34mDEBUG[0m [2mhyper::client::pool[0m[2m:[0m reuse idle connection for ("http", 192.168.0.14:8545)
[2m2025-12-10T10:19:06.072022Z[0m [34mDEBUG[0m [2mhyper::proto::h1::io[0m[2m:[0m flushed 172 bytes
[2m2025-12-10T10:19:06.078521Z[0m [34mDEBUG[0m [2mhyper::proto::h1::io[0m[2m:[0m parsed 4 headers
[2m2025-12-10T10:19:06.078533Z[0m [34mDEBUG[0m [2mhyper::proto::h1::conn[0m[2m:[0m incoming body is content-length (45 bytes)
[2m2025-12-10T10:19:06.078540Z[0m [34mDEBUG[0m [2mhyper::proto::h1::conn[0m[2m:[0m incoming body completed
[2m2025-12-10T10:19:06.078548Z[0m [34mDEBUG[0m [2mhyper::client::pool[0m[2m:[0m pooling idle connection for ("http", 192.168.0.14:8545)
[2m2025-12-10T10:19:06.078565Z[0m [34mDEBUG[0m [2mhyper::client::pool[0m[2m:[0m reuse idle connection for ("http", 192.168.0.14:8545)
[2m2025-12-10T10:19:06.078591Z[0m [34mDEBUG[0m [2mhyper::proto::h1::io[0m[2m:[0m flushed 172 bytes
[2m2025-12-10T10:19:06.082310Z[0m [34mDEBUG[0m [2mhyper::proto::h1::io[0m[2m:[0m parsed 4 headers
[2m2025-12-10T10:19:06.082318Z[0m [34mDEBUG[0m [2mhyper::proto::h1::conn[0m[2m:[0m incoming body is content-length (45 bytes)
[2m2025-12-10T10:19:06.082324Z[0m [34mDEBUG[0m [2mhyper::proto::h1::conn[0m[2m:[0m incoming body completed
[2m2025-12-10T10:19:06.082330Z[0m [34mDEBUG[0m [2mhyper::client::pool[0m[2m:[0m pooling idle connection for ("http", 192.168.0.14:8545)
[2m2025-12-10T10:19:06.082344Z[0m [34mDEBUG[0m [2mhyper::client::pool[0m[2m:[0m reuse idle connection for ("http", 192.168.0.14:8545)
[2m2025-12-10T10:19:06.082364Z[0m [34mDEBUG[0m [2mhyper::proto::h1::io[0m[2m:[0m flushed 172 bytes
[2m2025-12-10T10:19:06.086150Z[0m [34mDEBUG[0m [2mhyper::proto::h1::io[0m[2m:[0m parsed 4 headers
[2m2025-12-10T10:19:06.086159Z[0m [34mDEBUG[0m [2mhyper::proto::h1::conn[0m[2m:[0m incoming body is content-length (45 bytes)
[2m2025-12-10T10:19:06.086165Z[0m [34mDEBUG[0m [2mhyper::proto::h1::conn[0m[2m:[0m incoming body completed
[2m2025-12-10T10:19:06.086171Z[0m [34mDEBUG[0m [2mhyper::client::pool[0m[2m:[0m pooling idle connection for ("http", 192.168.0.14:8545)
[2m2025-12-10T10:19:06.086183Z[0m [34mDEBUG[0m [2mhyper::client::pool[0m[2m:[0m reuse idle connection for ("http", 192.168.0.14:8545)
[2m2025-12-10T10:19:06.086202Z[0m [34mDEBUG[0m [2mhyper::proto::h1::io[0m[2m:[0m flushed 172 bytes
[2m2025-12-10T10:19:06.095114Z[0m [34mDEBUG[0m [2mhyper::proto::h1::io[0m[2m:[0m parsed 4 headers
[2m2025-12-10T10:19:06.095122Z[0m [34mDEBUG[0m [2mhyper::proto::h1::conn[0m[2m:[0m incoming body is content-length (45 bytes)
[2m2025-12-10T10:19:06.095128Z[0m [34mDEBUG[0m [2mhyper::proto::h1::conn[0m[2m:[0m incoming body completed
[2m2025-12-10T10:19:06.095135Z[0m [34mDEBUG[0m [2mhyper::client::pool[0m[2m:[0m pooling idle connection for ("http", 192.168.0.14:8545)
[2m2025-12-10T10:19:06.095147Z[0m [34mDEBUG[0m [2mhyper::client::pool[0m[2m:[0m reuse idle connection for ("http", 192.168.0.14:8545)
[2m2025-12-10T10:19:06.095167Z[0m [34mDEBUG[0m [2mhyper::proto::h1::io[0m[2m:[0m flushed 172 bytes
[2m2025-12-10T10:19:06.099945Z[0m [34mDEBUG[0m [2mhyper::proto::h1::io[0m[2m:[0m parsed 4 headers
[2m2025-12-10T10:19:06.099953Z[0m [34mDEBUG[0m [2mhyper::proto::h1::conn[0m[2m:[0m incoming body is content-length (45 bytes)
[2m2025-12-10T10:19:06.099959Z[0m [34mDEBUG[0m [2mhyper::proto::h1::conn[0m[2m:[0m incoming body completed
[2m2025-12-10T10:19:06.099964Z[0m [34mDEBUG[0m [2mhyper::client::pool[0m[2m:[0m pooling idle connection for ("http", 192.168.0.14:8545)
[2m2025-12-10T10:19:06.099995Z[0m [34mDEBUG[0m [2mhyper::client::pool[0m[2m:[0m reuse idle connection for ("http", 192.168.0.14:8545)
[2m2025-12-10T10:19:06.100058Z[0m [34mDEBUG[0m [2mhyper::proto::h1::io[0m[2m:[0m flushed 172 bytes
[2m2025-12-10T10:19:06.104270Z[0m [34mDEBUG[0m [2mhyper::proto::h1::io[0m[2m:[0m parsed 4 headers
[2m2025-12-10T10:19:06.104278Z[0m [34mDEBUG[0m [2mhyper::proto::h1::conn[0m[2m:[0m incoming body is content-length (45 bytes)
[2m2025-12-10T10:19:06.104284Z[0m [34mDEBUG[0m [2mhyper::proto::h1::conn[0m[2m:[0m incoming body completed
[2m2025-12-10T10:19:06.104289Z[0m [34mDEBUG[0m [2mhyper::client::pool[0m[2m:[0m pooling idle connection for ("http", 192.168.0.14:8545)
[2m2025-12-10T10:19:06.104300Z[0m [34mDEBUG[0m [2mhyper::client::pool[0m[2m:[0m reuse idle connection for ("http", 192.168.0.14:8545)
[2m2025-12-10T10:19:06.104317Z[0m [34mDEBUG[0m [2mhyper::proto::h1::io[0m[2m:[0m flushed 172 bytes
[2m2025-12-10T10:19:06.126532Z[0m [34mDEBUG[0m [2mhyper::proto::h1::io[0m[2m:[0m parsed 4 headers
[2m2025-12-10T10:19:06.126546Z[0m [34mDEBUG[0m [2mhyper::proto::h1::conn[0m[2m:[0m incoming body is content-length (45 bytes)
[2m2025-12-10T10:19:06.126559Z[0m [34mDEBUG[0m [2mhyper::proto::h1::conn[0m[2m:[0m incoming body completed
[2m2025-12-10T10:19:06.126615Z[0m [34mDEBUG[0m [2mhyper::client::pool[0m[2m:[0m pooling idle connection for ("http", 192.168.0.14:8545)
[2m2025-12-10T10:19:06.126668Z[0m [34mDEBUG[0m [2mhyper::client::pool[0m[2m:[0m reuse idle connection for ("http", 192.168.0.14:8545)
[2m2025-12-10T10:19:06.126697Z[0m [34mDEBUG[0m [2mhyper::proto::h1::io[0m[2m:[0m flushed 172 bytes
[2m2025-12-10T10:19:06.134781Z[0m [34mDEBUG[0m [2mhyper::proto::h1::io[0m[2m:[0m parsed 4 headers
[2m2025-12-10T10:19:06.134795Z[0m [34mDEBUG[0m [2mhyper::proto::h1::conn[0m[2m:[0m incoming body is content-length (45 bytes)
[2m2025-12-10T10:19:06.134813Z[0m [34mDEBUG[0m [2mhyper::proto::h1::conn[0m[2m:[0m incoming body completed
[2m2025-12-10T10:19:06.134827Z[0m [34mDEBUG[0m [2mhyper::client::pool[0m[2m:[0m pooling idle connection for ("http", 192.168.0.14:8545)
[2m2025-12-10T10:19:06.134857Z[0m [34mDEBUG[0m [2mhyper::client::pool[0m[2m:[0m reuse idle connection for ("http", 192.168.0.14:8545)
[2m2025-12-10T10:19:06.134880Z[0m [34mDEBUG[0m [2mhyper::proto::h1::io[0m[2m:[0m flushed 172 bytes
[2m2025-12-10T10:19:06.139549Z[0m [34mDEBUG[0m [2mhyper::proto::h1::io[0m[2m:[0m parsed 4 headers
[2m2025-12-10T10:19:06.139563Z[0m [34mDEBUG[0m [2mhyper::proto::h1::conn[0m[2m:[0m incoming body is content-length (45 bytes)
[2m2025-12-10T10:19:06.139572Z[0m [34mDEBUG[0m [2mhyper::proto::h1::conn[0m[2m:[0m incoming body completed
[2m2025-12-10T10:19:06.139582Z[0m [34mDEBUG[0m [2mhyper::client::pool[0m[2m:[0m pooling idle connection for ("http", 192.168.0.14:8545)
[2m2025-12-10T10:19:06.139646Z[0m [34mDEBUG[0m [2mhyper::client::pool[0m[2m:[0m reuse idle connection for ("http", 192.168.0.14:8545)
[2m2025-12-10T10:19:06.139680Z[0m [34mDEBUG[0m [2mhyper::proto::h1::io[0m[2m:[0m flushed 172 bytes
[2m2025-12-10T10:19:06.147134Z[0m [34mDEBUG[0m [2mhyper::proto::h1::io[0m[2m:[0m parsed 4 headers
[2m2025-12-10T10:19:06.147149Z[0m [34mDEBUG[0m [2mhyper::proto::h1::conn[0m[2m:[0m incoming body is content-length (45 bytes)
[2m2025-12-10T10:19:06.147318Z[0m [34mDEBUG[0m [2mhyper::proto::h1::conn[0m[2m:[0m incoming body completed
[2m2025-12-10T10:19:06.147377Z[0m [34mDEBUG[0m [2mhyper::client::pool[0m[2m:[0m pooling idle connection for ("http", 192.168.0.14:8545)
[2m2025-12-10T10:19:06.147447Z[0m [34mDEBUG[0m [2mhyper::client::pool[0m[2m:[0m reuse idle connection for ("http", 192.168.0.14:8545)
[2m2025-12-10T10:19:06.147585Z[0m [34mDEBUG[0m [2mhyper::proto::h1::io[0m[2m:[0m flushed 172 bytes
[2m2025-12-10T10:19:06.158672Z[0m [34mDEBUG[0m [2mhyper::proto::h1::io[0m[2m:[0m parsed 4 headers
[2m2025-12-10T10:19:06.158693Z[0m [34mDEBUG[0m [2mhyper::proto::h1::conn[0m[2m:[0m incoming body is content-length (45 bytes)
[2m2025-12-10T10:19:06.158705Z[0m [34mDEBUG[0m [2mhyper::proto::h1::conn[0m[2m:[0m incoming body completed
[2m2025-12-10T10:19:06.158717Z[0m [34mDEBUG[0m [2mhyper::client::pool[0m[2m:[0m pooling idle connection for ("http", 192.168.0.14:8545)
[2m2025-12-10T10:19:06.158751Z[0m [34mDEBUG[0m [2mhyper::client::pool[0m[2m:[0m reuse idle connection for ("http", 192.168.0.14:8545)
[2m2025-12-10T10:19:06.158814Z[0m [34mDEBUG[0m [2mhyper::proto::h1::io[0m[2m:[0m flushed 172 bytes
[2m2025-12-10T10:19:06.164717Z[0m [34mDEBUG[0m [2mhyper::proto::h1::io[0m[2m:[0m parsed 4 headers
[2m2025-12-10T10:19:06.167063Z[0m [34mDEBUG[0m [2mhyper::proto::h1::conn[0m[2m:[0m incoming body is content-length (45 bytes)
[2m2025-12-10T10:19:06.167078Z[0m [34mDEBUG[0m [2mhyper::proto::h1::conn[0m[2m:[0m incoming body completed
[2m2025-12-10T10:19:06.167094Z[0m [34mDEBUG[0m [2mhyper::client::pool[0m[2m:[0m pooling idle connection for ("http", 192.168.0.14:8545)
[2m2025-12-10T10:19:06.167147Z[0m [34mDEBUG[0m [2mhyper::client::pool[0m[2m:[0m reuse idle connection for ("http", 192.168.0.14:8545)
[2m2025-12-10T10:19:06.167195Z[0m [34mDEBUG[0m [2mhyper::proto::h1::io[0m[2m:[0m flushed 172 bytes
[2m2025-12-10T10:19:06.172560Z[0m [34mDEBUG[0m [2mhyper::proto::h1::io[0m[2m:[0m parsed 4 headers
[2m2025-12-10T10:19:06.172573Z[0m [34mDEBUG[0m [2mhyper::proto::h1::conn[0m[2m:[0m incoming body is content-length (45 bytes)
[2m2025-12-10T10:19:06.172586Z[0m [34mDEBUG[0m [2mhyper::proto::h1::conn[0m[2m:[0m incoming body completed
[2m2025-12-10T10:19:06.172601Z[0m [34mDEBUG[0m [2mhyper::client::pool[0m[2m:[0m pooling idle connection for ("http", 192.168.0.14:8545)
[2m2025-12-10T10:19:06.172628Z[0m [34mDEBUG[0m [2mhyper::client::pool[0m[2m:[0m reuse idle connection for ("http", 192.168.0.14:8545)
[2m2025-12-10T10:19:06.172705Z[0m [34mDEBUG[0m [2mhyper::proto::h1::io[0m[2m:[0m flushed 172 bytes
[2m2025-12-10T10:19:06.176936Z[0m [34mDEBUG[0m [2mhyper::proto::h1::io[0m[2m:[0m parsed 4 headers
[2m2025-12-10T10:19:06.176984Z[0m [34mDEBUG[0m [2mhyper::proto::h1::conn[0m[2m:[0m incoming body is content-length (45 bytes)
[2m2025-12-10T10:19:06.177381Z[0m [34mDEBUG[0m [2mhyper::proto::h1::conn[0m[2m:[0m incoming body completed
[2m2025-12-10T10:19:06.177635Z[0m [34mDEBUG[0m [2mhyper::client::pool[0m[2m:[0m pooling idle connection for ("http", 192.168.0.14:8545)
[2m2025-12-10T10:19:06.177710Z[0m [34mDEBUG[0m [2mhyper::client::pool[0m[2m:[0m reuse idle connection for ("http", 192.168.0.14:8545)
[2m2025-12-10T10:19:06.177797Z[0m [34mDEBUG[0m [2mhyper::proto::h1::io[0m[2m:[0m flushed 172 bytes
[2m2025-12-10T10:19:06.181667Z[0m [34mDEBUG[0m [2mhyper::proto::h1::io[0m[2m:[0m parsed 4 headers
[2m2025-12-10T10:19:06.192409Z[0m [34mDEBUG[0m [2mhyper::proto::h1::conn[0m[2m:[0m incoming body is content-length (45 bytes)
[2m2025-12-10T10:19:06.192425Z[0m [34mDEBUG[0m [2mhyper::proto::h1::conn[0m[2m:[0m incoming body completed
[2m2025-12-10T10:19:06.192437Z[0m [34mDEBUG[0m [2mhyper::client::pool[0m[2m:[0m pooling idle connection for ("http", 192.168.0.14:8545)
[2m2025-12-10T10:19:06.192466Z[0m [34mDEBUG[0m [2mhyper::client::pool[0m[2m:[0m reuse idle connection for ("http", 192.168.0.14:8545)
[2m2025-12-10T10:19:06.192494Z[0m [34mDEBUG[0m [2mhyper::proto::h1::io[0m[2m:[0m flushed 172 bytes
[2m2025-12-10T10:19:06.196096Z[0m [34mDEBUG[0m [2mhyper::proto::h1::io[0m[2m:[0m parsed 4 headers
[2m2025-12-10T10:19:06.196103Z[0m [34mDEBUG[0m [2mhyper::proto::h1::conn[0m[2m:[0m incoming body is content-length (45 bytes)
[2m2025-12-10T10:19:06.196110Z[0m [34mDEBUG[0m [2mhyper::proto::h1::conn[0m[2m:[0m incoming body completed
[2m2025-12-10T10:19:06.196117Z[0m [34mDEBUG[0m [2mhyper::client::pool[0m[2m:[0m pooling idle connection for ("http", 192.168.0.14:8545)
[2m2025-12-10T10:19:06.196136Z[0m [34mDEBUG[0m [2mhyper::client::pool[0m[2m:[0m reuse idle connection for ("http", 192.168.0.14:8545)
[2m2025-12-10T10:19:06.196156Z[0m [34mDEBUG[0m [2mhyper::proto::h1::io[0m[2m:[0m flushed 172 bytes
[2m2025-12-10T10:19:06.203910Z[0m [34mDEBUG[0m [2mhyper::proto::h1::io[0m[2m:[0m parsed 4 headers
[2m2025-12-10T10:19:06.203944Z[0m [34mDEBUG[0m [2mhyper::proto::h1::conn[0m[2m:[0m incoming body is content-length (45 bytes)
[2m2025-12-10T10:19:06.203965Z[0m [34mDEBUG[0m [2mhyper::proto::h1::conn[0m[2m:[0m incoming body completed
[2m2025-12-10T10:19:06.203987Z[0m [34mDEBUG[0m [2mhyper::client::pool[0m[2m:[0m pooling idle connection for ("http", 192.168.0.14:8545)
[2m2025-12-10T10:19:06.204046Z[0m [34mDEBUG[0m [2mhyper::client::pool[0m[2m:[0m reuse idle connection for ("http", 192.168.0.14:8545)
[2m2025-12-10T10:19:06.204103Z[0m [34mDEBUG[0m [2mhyper::proto::h1::io[0m[2m:[0m flushed 172 bytes
[2m2025-12-10T10:19:06.209596Z[0m [34mDEBUG[0m [2mhyper::proto::h1::io[0m[2m:[0m parsed 4 headers
[2m2025-12-10T10:19:06.209635Z[0m [34mDEBUG[0m [2mhyper::proto::h1::conn[0m[2m:[0m incoming body is content-length (45 bytes)
[2m2025-12-10T10:19:06.209648Z[0m [34mDEBUG[0m [2mhyper::proto::h1::conn[0m[2m:[0m incoming body completed
[2m2025-12-10T10:19:06.209660Z[0m [34mDEBUG[0m [2mhyper::client::pool[0m[2m:[0m pooling idle connection for ("http", 192.168.0.14:8545)
[2m2025-12-10T10:19:06.209687Z[0m [34mDEBUG[0m [2mhyper::client::pool[0m[2m:[0m reuse idle connection for ("http", 192.168.0.14:8545)
[2m2025-12-10T10:19:06.209707Z[0m [34mDEBUG[0m [2mhyper::proto::h1::io[0m[2m:[0m flushed 172 bytes
[2m2025-12-10T10:19:06.214289Z[0m [34mDEBUG[0m [2mhyper::proto::h1::io[0m[2m:[0m parsed 4 headers
[2m2025-12-10T10:19:06.214303Z[0m [34mDEBUG[0m [2mhyper::proto::h1::conn[0m[2m:[0m incoming body is content-length (45 bytes)
[2m2025-12-10T10:19:06.214342Z[0m [34mDEBUG[0m [2mhyper::proto::h1::conn[0m[2m:[0m incoming body completed
[2m2025-12-10T10:19:06.214356Z[0m [34mDEBUG[0m [2mhyper::client::pool[0m[2m:[0m pooling idle connection for ("http", 192.168.0.14:8545)
[2m2025-12-10T10:19:06.214415Z[0m [34mDEBUG[0m [2mhyper::client::pool[0m[2m:[0m reuse idle connection for ("http", 192.168.0.14:8545)
[2m2025-12-10T10:19:06.214522Z[0m [34mDEBUG[0m [2mhyper::proto::h1::io[0m[2m:[0m flushed 172 bytes
[2m2025-12-10T10:19:06.218926Z[0m [34mDEBUG[0m [2mhyper::proto::h1::io[0m[2m:[0m parsed 4 headers
[2m2025-12-10T10:19:06.218935Z[0m [34mDEBUG[0m [2mhyper::proto::h1::conn[0m[2m:[0m incoming body is content-length (45 bytes)
[2m2025-12-10T10:19:06.218942Z[0m [34mDEBUG[0m [2mhyper::proto::h1::conn[0m[2m:[0m incoming body completed
[2m2025-12-10T10:19:06.218949Z[0m [34mDEBUG[0m [2mhyper::client::pool[0m[2m:[0m pooling idle connection for ("http", 192.168.0.14:8545)
[2m2025-12-10T10:19:06.218965Z[0m [34mDEBUG[0m [2mhyper::client::pool[0m[2m:[0m reuse idle connection for ("http", 192.168.0.14:8545)
[2m2025-12-10T10:19:06.218988Z[0m [34mDEBUG[0m [2mhyper::proto::h1::io[0m[2m:[0m flushed 172 bytes
[2m2025-12-10T10:19:06.222884Z[0m [34mDEBUG[0m [2mhyper::proto::h1::io[0m[2m:[0m parsed 4 headers
[2m2025-12-10T10:19:06.222891Z[0m [34mDEBUG[0m [2mhyper::proto::h1::conn[0m[2m:[0m incoming body is content-length (45 bytes)
[2m2025-12-10T10:19:06.222946Z[0m [34mDEBUG[0m [2mhyper::proto::h1::conn[0m[2m:[0m incoming body completed
[2m2025-12-10T10:19:06.222960Z[0m [34mDEBUG[0m [2mhyper::client::pool[0m[2m:[0m pooling idle connection for ("http", 192.168.0.14:8545)
[2m2025-12-10T10:19:06.222976Z[0m [34mDEBUG[0m [2mhyper::client::pool[0m[2m:[0m reuse idle connection for ("http", 192.168.0.14:8545)
[2m2025-12-10T10:19:06.222995Z[0m [34mDEBUG[0m [2mhyper::proto::h1::io[0m[2m:[0m flushed 172 bytes
[2m2025-12-10T10:19:06.230641Z[0m [34mDEBUG[0m [2mhyper::proto::h1::io[0m[2m:[0m parsed 4 headers
[2m2025-12-10T10:19:06.230691Z[0m [34mDEBUG[0m [2mhyper::proto::h1::conn[0m[2m:[0m incoming body is content-length (45 bytes)
[2m2025-12-10T10:19:06.230703Z[0m [34mDEBUG[0m [2mhyper::proto::h1::conn[0m[2m:[0m incoming body completed
[2m2025-12-10T10:19:06.230710Z[0m [34mDEBUG[0m [2mhyper::client::pool[0m[2m:[0m pooling idle connection for ("http", 192.168.0.14:8545)
[2m2025-12-10T10:19:06.230727Z[0m [34mDEBUG[0m [2mhyper::client::pool[0m[2m:[0m reuse idle connection for ("http", 192.168.0.14:8545)
[2m2025-12-10T10:19:06.230745Z[0m [34mDEBUG[0m [2mhyper::proto::h1::io[0m[2m:[0m flushed 172 bytes
[2m2025-12-10T10:19:06.234606Z[0m [34mDEBUG[0m [2mhyper::proto::h1::io[0m[2m:[0m parsed 4 headers
[2m2025-12-10T10:19:06.234617Z[0m [34mDEBUG[0m [2mhyper::proto::h1::conn[0m[2m:[0m incoming body is content-length (45 bytes)
[2m2025-12-10T10:19:06.234623Z[0m [34mDEBUG[0m [2mhyper::proto::h1::conn[0m[2m:[0m incoming body completed
[2m2025-12-10T10:19:06.234629Z[0m [34mDEBUG[0m [2mhyper::client::pool[0m[2m:[0m pooling idle connection for ("http", 192.168.0.14:8545)
[2m2025-12-10T10:19:06.234642Z[0m [34mDEBUG[0m [2mhyper::client::pool[0m[2m:[0m reuse idle connection for ("http", 192.168.0.14:8545)
[2m2025-12-10T10:19:06.234666Z[0m [34mDEBUG[0m [2mhyper::proto::h1::io[0m[2m:[0m flushed 172 bytes
[2m2025-12-10T10:19:06.238624Z[0m [34mDEBUG[0m [2mhyper::proto::h1::io[0m[2m:[0m parsed 4 headers
[2m2025-12-10T10:19:06.238632Z[0m [34mDEBUG[0m [2mhyper::proto::h1::conn[0m[2m:[0m incoming body is content-length (45 bytes)
[2m2025-12-10T10:19:06.238638Z[0m [34mDEBUG[0m [2mhyper::proto::h1::conn[0m[2m:[0m incoming body completed
[2m2025-12-10T10:19:06.238644Z[0m [34mDEBUG[0m [2mhyper::client::pool[0m[2m:[0m pooling idle connection for ("http", 192.168.0.14:8545)
[2m2025-12-10T10:19:06.238657Z[0m [34mDEBUG[0m [2mhyper::client::pool[0m[2m:[0m reuse idle connection for ("http", 192.168.0.14:8545)
[2m2025-12-10T10:19:06.238672Z[0m [34mDEBUG[0m [2mhyper::proto::h1::io[0m[2m:[0m flushed 172 bytes
[2m2025-12-10T10:19:06.242657Z[0m [34mDEBUG[0m [2mhyper::proto::h1::io[0m[2m:[0m parsed 4 headers
[2m2025-12-10T10:19:06.242664Z[0m [34mDEBUG[0m [2mhyper::proto::h1::conn[0m[2m:[0m incoming body is content-length (45 bytes)
[2m2025-12-10T10:19:06.242670Z[0m [34mDEBUG[0m [2mhyper::proto::h1::conn[0m[2m:[0m incoming body completed
[2m2025-12-10T10:19:06.242675Z[0m [34mDEBUG[0m [2mhyper::client::pool[0m[2m:[0m pooling idle connection for ("http", 192.168.0.14:8545)
[2m2025-12-10T10:19:06.242695Z[0m [34mDEBUG[0m [2mhyper::client::pool[0m[2m:[0m reuse idle connection for ("http", 192.168.0.14:8545)
[2m2025-12-10T10:19:06.242729Z[0m [34mDEBUG[0m [2mhyper::proto::h1::io[0m[2m:[0m flushed 172 bytes
[2m2025-12-10T10:19:06.249759Z[0m [34mDEBUG[0m [2mhyper::proto::h1::io[0m[2m:[0m parsed 4 headers
[2m2025-12-10T10:19:06.249772Z[0m [34mDEBUG[0m [2mhyper::proto::h1::conn[0m[2m:[0m incoming body is content-length (45 bytes)
[2m2025-12-10T10:19:06.249779Z[0m [34mDEBUG[0m [2mhyper::proto::h1::conn[0m[2m:[0m incoming body completed
[2m2025-12-10T10:19:06.249805Z[0m [34mDEBUG[0m [2mhyper::client::pool[0m[2m:[0m pooling idle connection for ("http", 192.168.0.14:8545)
[2m2025-12-10T10:19:06.249827Z[0m [34mDEBUG[0m [2mhyper::client::pool[0m[2m:[0m reuse idle connection for ("http", 192.168.0.14:8545)
[2m2025-12-10T10:19:06.249852Z[0m [34mDEBUG[0m [2mhyper::proto::h1::io[0m[2m:[0m flushed 172 bytes
[2m2025-12-10T10:19:06.257943Z[0m [34mDEBUG[0m [2mhyper::proto::h1::io[0m[2m:[0m parsed 4 headers
[2m2025-12-10T10:19:06.257953Z[0m [34mDEBUG[0m [2mhyper::proto::h1::conn[0m[2m:[0m incoming body is content-length (45 bytes)
[2m2025-12-10T10:19:06.257987Z[0m [34mDEBUG[0m [2mhyper::proto::h1::conn[0m[2m:[0m incoming body completed
[2m2025-12-10T10:19:06.258035Z[0m [34mDEBUG[0m [2mhyper::client::pool[0m[2m:[0m pooling idle connection for ("http", 192.168.0.14:8545)
[2m2025-12-10T10:19:06.258082Z[0m [34mDEBUG[0m [2mhyper::client::pool[0m[2m:[0m reuse idle connection for ("http", 192.168.0.14:8545)
[2m2025-12-10T10:19:06.258100Z[0m [34mDEBUG[0m [2mhyper::proto::h1::io[0m[2m:[0m flushed 172 bytes
[2m2025-12-10T10:19:06.263342Z[0m [34mDEBUG[0m [2mhyper::proto::h1::io[0m[2m:[0m parsed 4 headers
[2m2025-12-10T10:19:06.263350Z[0m [34mDEBUG[0m [2mhyper::proto::h1::conn[0m[2m:[0m incoming body is content-length (45 bytes)
[2m2025-12-10T10:19:06.263358Z[0m [34mDEBUG[0m [2mhyper::proto::h1::conn[0m[2m:[0m incoming body completed
[2m2025-12-10T10:19:06.263364Z[0m [34mDEBUG[0m [2mhyper::client::pool[0m[2m:[0m pooling idle connection for ("http", 192.168.0.14:8545)
[2m2025-12-10T10:19:06.263378Z[0m [34mDEBUG[0m [2mhyper::client::pool[0m[2m:[0m reuse idle connection for ("http", 192.168.0.14:8545)
[2m2025-12-10T10:19:06.263395Z[0m [34mDEBUG[0m [2mhyper::proto::h1::io[0m[2m:[0m flushed 172 bytes
[2m2025-12-10T10:19:06.289846Z[0m [34mDEBUG[0m [2mhyper::proto::h1::io[0m[2m:[0m parsed 4 headers
[2m2025-12-10T10:19:06.289888Z[0m [34mDEBUG[0m [2mhyper::proto::h1::conn[0m[2m:[0m incoming body is content-length (45 bytes)
[2m2025-12-10T10:19:06.289900Z[0m [34mDEBUG[0m [2mhyper::proto::h1::conn[0m[2m:[0m incoming body completed
[2m2025-12-10T10:19:06.289932Z[0m [34mDEBUG[0m [2mhyper::client::pool[0m[2m:[0m pooling idle connection for ("http", 192.168.0.14:8545)
[2m2025-12-10T10:19:06.289959Z[0m [34mDEBUG[0m [2mhyper::client::pool[0m[2m:[0m reuse idle connection for ("http", 192.168.0.14:8545)
[2m2025-12-10T10:19:06.289981Z[0m [34mDEBUG[0m [2mhyper::proto::h1::io[0m[2m:[0m flushed 172 bytes
[2m2025-12-10T10:19:06.298092Z[0m [34mDEBUG[0m [2mhyper::proto::h1::io[0m[2m:[0m parsed 4 headers
[2m2025-12-10T10:19:06.298102Z[0m [34mDEBUG[0m [2mhyper::proto::h1::conn[0m[2m:[0m incoming body is content-length (45 bytes)
[2m2025-12-10T10:19:06.298111Z[0m [34mDEBUG[0m [2mhyper::proto::h1::conn[0m[2m:[0m incoming body completed
[2m2025-12-10T10:19:06.298120Z[0m [34mDEBUG[0m [2mhyper::client::pool[0m[2m:[0m pooling idle connection for ("http", 192.168.0.14:8545)
[2m2025-12-10T10:19:06.298176Z[0m [34mDEBUG[0m [2mhyper::client::pool[0m[2m:[0m reuse idle connection for ("http", 192.168.0.14:8545)
[2m2025-12-10T10:19:06.298246Z[0m [34mDEBUG[0m [2mhyper::proto::h1::io[0m[2m:[0m flushed 172 bytes
[2m2025-12-10T10:19:06.322957Z[0m [34mDEBUG[0m [2methereum_transaction_pool_monitor::eth_client[0m[2m:[0m ✅ Transaction 0x2baef258882b197ef6745d7a9e6b61a83064f44952d891af14db4ca3a83ab126 fetched and parsed in 2.323581833s
[2m2025-12-10T10:19:06.324011Z[0m [34mDEBUG[0m [2methereum_transaction_pool_monitor::mempool_monitor[0m[2m:[0m 🔍 Skipping tx 0x2baef258882b197ef6745d7a9e6b61a83064f44952d891af14db4ca3a83ab126 - not a DEX interaction (target: 0x601a2aD6CB5949f0529735254189Ba3194221EDF)
[2m2025-12-10T10:19:06.325034Z[0m [34mDEBUG[0m [2methereum_transaction_pool_monitor::mempool_monitor[0m[2m:[0m 📨 Processing new pending transaction: 0x9aaab12629920143a49c66ffde857cea4498819af2319194fb37b51cc570c6ee
[2m2025-12-10T10:19:06.325077Z[0m [34mDEBUG[0m [2methereum_transaction_pool_monitor::mempool_monitor[0m[2m:[0m 🔍 Fetching transaction details for: 0x9aaab12629920143a49c66ffde857cea4498819af2319194fb37b51cc570c6ee
[2m2025-12-10T10:19:06.325083Z[0m [34mDEBUG[0m [2methereum_transaction_pool_monitor::eth_client[0m[2m:[0m 🔍 Fetching transaction details for hash: 0x9aaab12629920143a49c66ffde857cea4498819af2319194fb37b51cc570c6ee
[2m2025-12-10T10:19:06.325245Z[0m [34mDEBUG[0m [2mhyper::client::pool[0m[2m:[0m reuse idle connection for ("http", 192.168.0.14:8545)
[2m2025-12-10T10:19:06.325323Z[0m [34mDEBUG[0m [2mhyper::proto::h1::io[0m[2m:[0m flushed 250 bytes
[2m2025-12-10T10:19:06.327095Z[0m [34mDEBUG[0m [2mhyper::proto::h1::io[0m[2m:[0m parsed 4 headers
[2m2025-12-10T10:19:06.327110Z[0m [34mDEBUG[0m [2mhyper::proto::h1::conn[0m[2m:[0m incoming body is content-length (45 bytes)
[2m2025-12-10T10:19:06.327120Z[0m [34mDEBUG[0m [2mhyper::proto::h1::conn[0m[2m:[0m incoming body completed
[2m2025-12-10T10:19:06.327130Z[0m [34mDEBUG[0m [2mhyper::client::pool[0m[2m:[0m pooling idle connection for ("http", 192.168.0.14:8545)
[2m2025-12-10T10:19:06.327224Z[0m [34mDEBUG[0m [2mhyper::client::pool[0m[2m:[0m reuse idle connection for ("http", 192.168.0.14:8545)
[2m2025-12-10T10:19:06.327257Z[0m [34mDEBUG[0m [2mhyper::proto::h1::io[0m[2m:[0m flushed 172 bytes
[2m2025-12-10T10:19:06.357363Z[0m [34mDEBUG[0m [2mhyper::proto::h1::io[0m[2m:[0m parsed 4 headers
[2m2025-12-10T10:19:06.357387Z[0m [34mDEBUG[0m [2mhyper::proto::h1::conn[0m[2m:[0m incoming body is content-length (45 bytes)
[2m2025-12-10T10:19:06.357397Z[0m [34mDEBUG[0m [2mhyper::proto::h1::conn[0m[2m:[0m incoming body completed
[2m2025-12-10T10:19:06.357415Z[0m [34mDEBUG[0m [2mhyper::client::pool[0m[2m:[0m pooling idle connection for ("http", 192.168.0.14:8545)
[2m2025-12-10T10:19:06.357452Z[0m [34mDEBUG[0m [2mhyper::client::pool[0m[2m:[0m reuse idle connection for ("http", 192.168.0.14:8545)
[2m2025-12-10T10:19:06.357594Z[0m [34mDEBUG[0m [2mhyper::proto::h1::io[0m[2m:[0m flushed 172 bytes
[2m2025-12-10T10:19:06.357607Z[0m [34mDEBUG[0m [2mhyper::proto::h1::io[0m[2m:[0m parsed 4 headers
[2m2025-12-10T10:19:06.357612Z[0m [34mDEBUG[0m [2mhyper::proto::h1::conn[0m[2m:[0m incoming body is content-length (836 bytes)
[2m2025-12-10T10:19:06.357634Z[0m [34mDEBUG[0m [2mhyper::proto::h1::conn[0m[2m:[0m incoming body completed
[2m2025-12-10T10:19:06.357650Z[0m [34mDEBUG[0m [2mhyper::client::pool[0m[2m:[0m pooling idle connection for ("http", 192.168.0.14:8545)
[2m2025-12-10T10:19:06.357667Z[0m [34mDEBUG[0m [2methereum_transaction_pool_monitor::eth_client[0m[2m:[0m 📡 Transaction fetch RPC completed in 32.578125ms
[2m2025-12-10T10:19:06.362803Z[0m [34mDEBUG[0m [2mhyper::proto::h1::io[0m[2m:[0m parsed 4 headers
[2m2025-12-10T10:19:06.362847Z[0m [34mDEBUG[0m [2mhyper::proto::h1::conn[0m[2m:[0m incoming body is content-length (45 bytes)
[2m2025-12-10T10:19:06.362860Z[0m [34mDEBUG[0m [2mhyper::proto::h1::conn[0m[2m:[0m incoming body completed
[2m2025-12-10T10:19:06.362880Z[0m [34mDEBUG[0m [2mhyper::client::pool[0m[2m:[0m pooling idle connection for ("http", 192.168.0.14:8545)
[2m2025-12-10T10:19:06.362940Z[0m [34mDEBUG[0m [2mhyper::client::pool[0m[2m:[0m reuse idle connection for ("http", 192.168.0.14:8545)
[2m2025-12-10T10:19:06.363105Z[0m [34mDEBUG[0m [2mhyper::proto::h1::io[0m[2m:[0m flushed 172 bytes
[2m2025-12-10T10:19:06.367271Z[0m [34mDEBUG[0m [2mhyper::proto::h1::io[0m[2m:[0m parsed 4 headers
[2m2025-12-10T10:19:06.367440Z[0m [34mDEBUG[0m [2mhyper::proto::h1::conn[0m[2m:[0m incoming body is content-length (45 bytes)
[2m2025-12-10T10:19:06.367466Z[0m [34mDEBUG[0m [2mhyper::proto::h1::conn[0m[2m:[0m incoming body completed
[2m2025-12-10T10:19:06.367492Z[0m [34mDEBUG[0m [2mhyper::client::pool[0m[2m:[0m pooling idle connection for ("http", 192.168.0.14:8545)
[2m2025-12-10T10:19:06.368418Z[0m [34mDEBUG[0m [2mhyper::client::pool[0m[2m:[0m reuse idle connection for ("http", 192.168.0.14:8545)
[2m2025-12-10T10:19:06.368478Z[0m [34mDEBUG[0m [2mhyper::proto::h1::io[0m[2m:[0m flushed 172 bytes
[2m2025-12-10T10:19:06.373313Z[0m [34mDEBUG[0m [2mhyper::proto::h1::io[0m[2m:[0m parsed 4 headers
[2m2025-12-10T10:19:06.373343Z[0m [34mDEBUG[0m [2mhyper::proto::h1::conn[0m[2m:[0m incoming body is content-length (45 bytes)
[2m2025-12-10T10:19:06.373378Z[0m [34mDEBUG[0m [2mhyper::proto::h1::conn[0m[2m:[0m incoming body completed
[2m2025-12-10T10:19:06.373426Z[0m [34mDEBUG[0m [2mhyper::client::pool[0m[2m:[0m pooling idle connection for ("http", 192.168.0.14:8545)
[2m2025-12-10T10:19:06.373511Z[0m [34mDEBUG[0m [2mhyper::client::pool[0m[2m:[0m reuse idle connection for ("http", 192.168.0.14:8545)
[2m2025-12-10T10:19:06.373555Z[0m [34mDEBUG[0m [2mhyper::proto::h1::io[0m[2m:[0m flushed 172 bytes
[2m2025-12-10T10:19:06.378952Z[0m [34mDEBUG[0m [2mhyper::proto::h1::io[0m[2m:[0m parsed 4 headers
[2m2025-12-10T10:19:06.378960Z[0m [34mDEBUG[0m [2mhyper::proto::h1::conn[0m[2m:[0m incoming body is content-length (45 bytes)
[2m2025-12-10T10:19:06.378966Z[0m [34mDEBUG[0m [2mhyper::proto::h1::conn[0m[2m:[0m incoming body completed
[2m2025-12-10T10:19:06.378972Z[0m [34mDEBUG[0m [2mhyper::client::pool[0m[2m:[0m pooling idle connection for ("http", 192.168.0.14:8545)
[2m2025-12-10T10:19:06.378990Z[0m [34mDEBUG[0m [2mhyper::client::pool[0m[2m:[0m reuse idle connection for ("http", 192.168.0.14:8545)
[2m2025-12-10T10:19:06.379009Z[0m [34mDEBUG[0m [2mhyper::proto::h1::io[0m[2m:[0m flushed 172 bytes
[2m2025-12-10T10:19:06.384692Z[0m [34mDEBUG[0m [2mhyper::proto::h1::io[0m[2m:[0m parsed 4 headers
[2m2025-12-10T10:19:06.384701Z[0m [34mDEBUG[0m [2mhyper::proto::h1::conn[0m[2m:[0m incoming body is content-length (45 bytes)
[2m2025-12-10T10:19:06.384708Z[0m [34mDEBUG[0m [2mhyper::proto::h1::conn[0m[2m:[0m incoming body completed
[2m2025-12-10T10:19:06.384715Z[0m [34mDEBUG[0m [2mhyper::client::pool[0m[2m:[0m pooling idle connection for ("http", 192.168.0.14:8545)
[2m2025-12-10T10:19:06.384793Z[0m [34mDEBUG[0m [2mhyper::client::pool[0m[2m:[0m reuse idle connection for ("http", 192.168.0.14:8545)
[2m2025-12-10T10:19:06.384944Z[0m [34mDEBUG[0m [2mhyper::proto::h1::io[0m[2m:[0m flushed 172 bytes
[2m2025-12-10T10:19:06.388641Z[0m [34mDEBUG[0m [2mhyper::proto::h1::io[0m[2m:[0m parsed 4 headers
[2m2025-12-10T10:19:06.388650Z[0m [34mDEBUG[0m [2mhyper::proto::h1::conn[0m[2m:[0m incoming body is content-length (45 bytes)
[2m2025-12-10T10:19:06.388656Z[0m [34mDEBUG[0m [2mhyper::proto::h1::conn[0m[2m:[0m incoming body completed
[2m2025-12-10T10:19:06.388662Z[0m [34mDEBUG[0m [2mhyper::client::pool[0m[2m:[0m pooling idle connection for ("http", 192.168.0.14:8545)
[2m2025-12-10T10:19:06.388678Z[0m [34mDEBUG[0m [2mhyper::client::pool[0m[2m:[0m reuse idle connection for ("http", 192.168.0.14:8545)
[2m2025-12-10T10:19:06.388699Z[0m [34mDEBUG[0m [2mhyper::proto::h1::io[0m[2m:[0m flushed 172 bytes
[2m2025-12-10T10:19:06.393221Z[0m [34mDEBUG[0m [2mhyper::proto::h1::io[0m[2m:[0m parsed 4 headers
[2m2025-12-10T10:19:06.396366Z[0m [34mDEBUG[0m [2mhyper::proto::h1::conn[0m[2m:[0m incoming body is content-length (45 bytes)
[2m2025-12-10T10:19:06.396381Z[0m [34mDEBUG[0m [2mhyper::proto::h1::conn[0m[2m:[0m incoming body completed
[2m2025-12-10T10:19:06.396392Z[0m [34mDEBUG[0m [2mhyper::client::pool[0m[2m:[0m pooling idle connection for ("http", 192.168.0.14:8545)
[2m2025-12-10T10:19:06.396423Z[0m [34mDEBUG[0m [2mhyper::client::pool[0m[2m:[0m reuse idle connection for ("http", 192.168.0.14:8545)
[2m2025-12-10T10:19:06.396450Z[0m [34mDEBUG[0m [2mhyper::proto::h1::io[0m[2m:[0m flushed 172 bytes
[2m2025-12-10T10:19:06.399285Z[0m [34mDEBUG[0m [2mhyper::proto::h1::io[0m[2m:[0m parsed 4 headers
[2m2025-12-10T10:19:06.399292Z[0m [34mDEBUG[0m [2mhyper::proto::h1::conn[0m[2m:[0m incoming body is content-length (45 bytes)
[2m2025-12-10T10:19:06.399298Z[0m [34mDEBUG[0m [2mhyper::proto::h1::conn[0m[2m:[0m incoming body completed
[2m2025-12-10T10:19:06.399304Z[0m [34mDEBUG[0m [2mhyper::client::pool[0m[2m:[0m pooling idle connection for ("http", 192.168.0.14:8545)
[2m2025-12-10T10:19:06.399373Z[0m [34mDEBUG[0m [2mhyper::client::pool[0m[2m:[0m reuse idle connection for ("http", 192.168.0.14:8545)
[2m2025-12-10T10:19:06.399390Z[0m [34mDEBUG[0m [2mhyper::proto::h1::io[0m[2m:[0m flushed 172 bytes
[2m2025-12-10T10:19:06.404574Z[0m [34mDEBUG[0m [2mhyper::proto::h1::io[0m[2m:[0m parsed 4 headers
[2m2025-12-10T10:19:06.404585Z[0m [34mDEBUG[0m [2mhyper::proto::h1::conn[0m[2m:[0m incoming body is content-length (45 bytes)
[2m2025-12-10T10:19:06.404591Z[0m [34mDEBUG[0m [2mhyper::proto::h1::conn[0m[2m:[0m incoming body completed
[2m2025-12-10T10:19:06.404608Z[0m [34mDEBUG[0m [2mhyper::client::pool[0m[2m:[0m pooling idle connection for ("http", 192.168.0.14:8545)
[2m2025-12-10T10:19:06.404627Z[0m [34mDEBUG[0m [2mhyper::client::pool[0m[2m:[0m reuse idle connection for ("http", 192.168.0.14:8545)
[2m2025-12-10T10:19:06.404647Z[0m [34mDEBUG[0m [2mhyper::proto::h1::io[0m[2m:[0m flushed 172 bytes
[2m2025-12-10T10:19:06.408376Z[0m [34mDEBUG[0m [2mhyper::proto::h1::io[0m[2m:[0m parsed 4 headers
[2m2025-12-10T10:19:06.408386Z[0m [34mDEBUG[0m [2mhyper::proto::h1::conn[0m[2m:[0m incoming body is content-length (45 bytes)
[2m2025-12-10T10:19:06.408392Z[0m [34mDEBUG[0m [2mhyper::proto::h1::conn[0m[2m:[0m incoming body completed
[2m2025-12-10T10:19:06.408401Z[0m [34mDEBUG[0m [2mhyper::client::pool[0m[2m:[0m pooling idle connection for ("http", 192.168.0.14:8545)
[2m2025-12-10T10:19:06.408416Z[0m [34mDEBUG[0m [2mhyper::client::pool[0m[2m:[0m reuse idle connection for ("http", 192.168.0.14:8545)
[2m2025-12-10T10:19:06.408432Z[0m [34mDEBUG[0m [2mhyper::proto::h1::io[0m[2m:[0m flushed 172 bytes
[2m2025-12-10T10:19:06.412538Z[0m [34mDEBUG[0m [2mhyper::proto::h1::io[0m[2m:[0m parsed 4 headers
[2m2025-12-10T10:19:06.412557Z[0m [34mDEBUG[0m [2mhyper::proto::h1::conn[0m[2m:[0m incoming body is content-length (45 bytes)
[2m2025-12-10T10:19:06.412566Z[0m [34mDEBUG[0m [2mhyper::proto::h1::conn[0m[2m:[0m incoming body completed
[2m2025-12-10T10:19:06.412575Z[0m [34mDEBUG[0m [2mhyper::client::pool[0m[2m:[0m pooling idle connection for ("http", 192.168.0.14:8545)
[2m2025-12-10T10:19:06.412596Z[0m [34mDEBUG[0m [2mhyper::client::pool[0m[2m:[0m reuse idle connection for ("http", 192.168.0.14:8545)
[2m2025-12-10T10:19:06.412619Z[0m [34mDEBUG[0m [2mhyper::proto::h1::io[0m[2m:[0m flushed 172 bytes
[2m2025-12-10T10:19:06.416868Z[0m [34mDEBUG[0m [2mhyper::proto::h1::io[0m[2m:[0m parsed 4 headers
[2m2025-12-10T10:19:06.416877Z[0m [34mDEBUG[0m [2mhyper::proto::h1::conn[0m[2m:[0m incoming body is content-length (45 bytes)
[2m2025-12-10T10:19:06.416884Z[0m [34mDEBUG[0m [2mhyper::proto::h1::conn[0m[2m:[0m incoming body completed
[2m2025-12-10T10:19:06.416891Z[0m [34mDEBUG[0m [2mhyper::client::pool[0m[2m:[0m pooling idle connection for ("http", 192.168.0.14:8545)
[2m2025-12-10T10:19:06.416907Z[0m [34mDEBUG[0m [2mhyper::client::pool[0m[2m:[0m reuse idle connection for ("http", 192.168.0.14:8545)
[2m2025-12-10T10:19:06.416954Z[0m [34mDEBUG[0m [2mhyper::proto::h1::io[0m[2m:[0m flushed 172 bytes
[2m2025-12-10T10:19:06.420703Z[0m [34mDEBUG[0m [2mhyper::proto::h1::io[0m[2m:[0m parsed 4 headers
[2m2025-12-10T10:19:06.421008Z[0m [34mDEBUG[0m [2mhyper::proto::h1::conn[0m[2m:[0m incoming body is content-length (45 bytes)
[2m2025-12-10T10:19:06.421015Z[0m [34mDEBUG[0m [2mhyper::proto::h1::conn[0m[2m:[0m incoming body completed
[2m2025-12-10T10:19:06.421021Z[0m [34mDEBUG[0m [2mhyper::client::pool[0m[2m:[0m pooling idle connection for ("http", 192.168.0.14:8545)
[2m2025-12-10T10:19:06.421033Z[0m [34mDEBUG[0m [2mhyper::client::pool[0m[2m:[0m reuse idle connection for ("http", 192.168.0.14:8545)
[2m2025-12-10T10:19:06.421053Z[0m [34mDEBUG[0m [2mhyper::proto::h1::io[0m[2m:[0m flushed 172 bytes
[2m2025-12-10T10:19:06.424856Z[0m [34mDEBUG[0m [2mhyper::proto::h1::io[0m[2m:[0m parsed 4 headers
[2m2025-12-10T10:19:06.424865Z[0m [34mDEBUG[0m [2mhyper::proto::h1::conn[0m[2m:[0m incoming body is content-length (45 bytes)
[2m2025-12-10T10:19:06.424870Z[0m [34mDEBUG[0m [2mhyper::proto::h1::conn[0m[2m:[0m incoming body completed
[2m2025-12-10T10:19:06.424877Z[0m [34mDEBUG[0m [2mhyper::client::pool[0m[2m:[0m pooling idle connection for ("http", 192.168.0.14:8545)
[2m2025-12-10T10:19:06.424888Z[0m [34mDEBUG[0m [2mhyper::client::pool[0m[2m:[0m reuse idle connection for ("http", 192.168.0.14:8545)
[2m2025-12-10T10:19:06.424904Z[0m [34mDEBUG[0m [2mhyper::proto::h1::io[0m[2m:[0m flushed 172 bytes
[2m2025-12-10T10:19:06.430562Z[0m [34mDEBUG[0m [2mhyper::proto::h1::io[0m[2m:[0m parsed 4 headers
[2m2025-12-10T10:19:06.430575Z[0m [34mDEBUG[0m [2mhyper::proto::h1::conn[0m[2m:[0m incoming body is content-length (45 bytes)
[2m2025-12-10T10:19:06.430581Z[0m [34mDEBUG[0m [2mhyper::proto::h1::conn[0m[2m:[0m incoming body completed
[2m2025-12-10T10:19:06.430589Z[0m [34mDEBUG[0m [2mhyper::client::pool[0m[2m:[0m pooling idle connection for ("http", 192.168.0.14:8545)
[2m2025-12-10T10:19:06.430604Z[0m [34mDEBUG[0m [2mhyper::client::pool[0m[2m:[0m reuse idle connection for ("http", 192.168.0.14:8545)
[2m2025-12-10T10:19:06.430625Z[0m [34mDEBUG[0m [2mhyper::proto::h1::io[0m[2m:[0m flushed 172 bytes
[2m2025-12-10T10:19:06.434448Z[0m [34mDEBUG[0m [2mhyper::proto::h1::io[0m[2m:[0m parsed 4 headers
[2m2025-12-10T10:19:06.434459Z[0m [34mDEBUG[0m [2mhyper::proto::h1::conn[0m[2m:[0m incoming body is content-length (45 bytes)
[2m2025-12-10T10:19:06.434466Z[0m [34mDEBUG[0m [2mhyper::proto::h1::conn[0m[2m:[0m incoming body completed
[2m2025-12-10T10:19:06.434473Z[0m [34mDEBUG[0m [2mhyper::client::pool[0m[2m:[0m pooling idle connection for ("http", 192.168.0.14:8545)
[2m2025-12-10T10:19:06.434490Z[0m [34mDEBUG[0m [2mhyper::client::pool[0m[2m:[0m reuse idle connection for ("http", 192.168.0.14:8545)
[2m2025-12-10T10:19:06.434515Z[0m [34mDEBUG[0m [2mhyper::proto::h1::io[0m[2m:[0m flushed 172 bytes
[2m2025-12-10T10:19:06.440270Z[0m [34mDEBUG[0m [2mhyper::proto::h1::io[0m[2m:[0m parsed 4 headers
[2m2025-12-10T10:19:06.440277Z[0m [34mDEBUG[0m [2mhyper::proto::h1::conn[0m[2m:[0m incoming body is content-length (45 bytes)
[2m2025-12-10T10:19:06.440282Z[0m [34mDEBUG[0m [2mhyper::proto::h1::conn[0m[2m:[0m incoming body completed
[2m2025-12-10T10:19:06.440288Z[0m [34mDEBUG[0m [2mhyper::client::pool[0m[2m:[0m pooling idle connection for ("http", 192.168.0.14:8545)
[2m2025-12-10T10:19:06.440299Z[0m [34mDEBUG[0m [2mhyper::client::pool[0m[2m:[0m reuse idle connection for ("http", 192.168.0.14:8545)
[2m2025-12-10T10:19:06.440317Z[0m [34mDEBUG[0m [2mhyper::proto::h1::io[0m[2m:[0m flushed 172 bytes
[2m2025-12-10T10:19:06.444312Z[0m [34mDEBUG[0m [2mhyper::proto::h1::io[0m[2m:[0m parsed 4 headers
[2m2025-12-10T10:19:06.444320Z[0m [34mDEBUG[0m [2mhyper::proto::h1::conn[0m[2m:[0m incoming body is content-length (45 bytes)
[2m2025-12-10T10:19:06.444326Z[0m [34mDEBUG[0m [2mhyper::proto::h1::conn[0m[2m:[0m incoming body completed
[2m2025-12-10T10:19:06.444331Z[0m [34mDEBUG[0m [2mhyper::client::pool[0m[2m:[0m pooling idle connection for ("http", 192.168.0.14:8545)
[2m2025-12-10T10:19:06.444342Z[0m [34mDEBUG[0m [2mhyper::client::pool[0m[2m:[0m reuse idle connection for ("http", 192.168.0.14:8545)
[2m2025-12-10T10:19:06.444372Z[0m [34mDEBUG[0m [2mhyper::proto::h1::io[0m[2m:[0m flushed 172 bytes
[2m2025-12-10T10:19:06.448335Z[0m [34mDEBUG[0m [2mhyper::proto::h1::io[0m[2m:[0m parsed 4 headers
[2m2025-12-10T10:19:06.448344Z[0m [34mDEBUG[0m [2mhyper::proto::h1::conn[0m[2m:[0m incoming body is content-length (45 bytes)
[2m2025-12-10T10:19:06.448349Z[0m [34mDEBUG[0m [2mhyper::proto::h1::conn[0m[2m:[0m incoming body completed
[2m2025-12-10T10:19:06.448355Z[0m [34mDEBUG[0m [2mhyper::client::pool[0m[2m:[0m pooling idle connection for ("http", 192.168.0.14:8545)
[2m2025-12-10T10:19:06.448367Z[0m [34mDEBUG[0m [2mhyper::client::pool[0m[2m:[0m reuse idle connection for ("http", 192.168.0.14:8545)
[2m2025-12-10T10:19:06.448387Z[0m [34mDEBUG[0m [2mhyper::proto::h1::io[0m[2m:[0m flushed 172 bytes
[2m2025-12-10T10:19:06.452335Z[0m [34mDEBUG[0m [2mhyper::proto::h1::io[0m[2m:[0m parsed 4 headers
[2m2025-12-10T10:19:06.452342Z[0m [34mDEBUG[0m [2mhyper::proto::h1::conn[0m[2m:[0m incoming body is content-length (45 bytes)
[2m2025-12-10T10:19:06.452346Z[0m [34mDEBUG[0m [2mhyper::proto::h1::conn[0m[2m:[0m incoming body completed
[2m2025-12-10T10:19:06.452352Z[0m [34mDEBUG[0m [2mhyper::client::pool[0m[2m:[0m pooling idle connection for ("http", 192.168.0.14:8545)
[2m2025-12-10T10:19:06.452362Z[0m [34mDEBUG[0m [2mhyper::client::pool[0m[2m:[0m reuse idle connection for ("http", 192.168.0.14:8545)
[2m2025-12-10T10:19:06.452379Z[0m [34mDEBUG[0m [2mhyper::proto::h1::io[0m[2m:[0m flushed 172 bytes
[2m2025-12-10T10:19:06.456495Z[0m [34mDEBUG[0m [2mhyper::proto::h1::io[0m[2m:[0m parsed 4 headers
[2m2025-12-10T10:19:06.456506Z[0m [34mDEBUG[0m [2mhyper::proto::h1::conn[0m[2m:[0m incoming body is content-length (45 bytes)
[2m2025-12-10T10:19:06.456512Z[0m [34mDEBUG[0m [2mhyper::proto::h1::conn[0m[2m:[0m incoming body completed
[2m2025-12-10T10:19:06.456518Z[0m [34mDEBUG[0m [2mhyper::client::pool[0m[2m:[0m pooling idle connection for ("http", 192.168.0.14:8545)
[2m2025-12-10T10:19:06.456532Z[0m [34mDEBUG[0m [2mhyper::client::pool[0m[2m:[0m reuse idle connection for ("http", 192.168.0.14:8545)
[2m2025-12-10T10:19:06.456553Z[0m [34mDEBUG[0m [2mhyper::proto::h1::io[0m[2m:[0m flushed 172 bytes
[2m2025-12-10T10:19:06.460623Z[0m [34mDEBUG[0m [2mhyper::proto::h1::io[0m[2m:[0m parsed 4 headers
[2m2025-12-10T10:19:06.460633Z[0m [34mDEBUG[0m [2mhyper::proto::h1::conn[0m[2m:[0m incoming body is content-length (45 bytes)
[2m2025-12-10T10:19:06.460639Z[0m [34mDEBUG[0m [2mhyper::proto::h1::conn[0m[2m:[0m incoming body completed
[2m2025-12-10T10:19:06.460646Z[0m [34mDEBUG[0m [2mhyper::client::pool[0m[2m:[0m pooling idle connection for ("http", 192.168.0.14:8545)
[2m2025-12-10T10:19:06.460686Z[0m [34mDEBUG[0m [2mhyper::client::pool[0m[2m:[0m reuse idle connection for ("http", 192.168.0.14:8545)
[2m2025-12-10T10:19:06.460762Z[0m [34mDEBUG[0m [2mhyper::proto::h1::io[0m[2m:[0m flushed 172 bytes
[2m2025-12-10T10:19:06.464679Z[0m [34mDEBUG[0m [2mhyper::proto::h1::io[0m[2m:[0m parsed 4 headers
[2m2025-12-10T10:19:06.464688Z[0m [34mDEBUG[0m [2mhyper::proto::h1::conn[0m[2m:[0m incoming body is content-length (45 bytes)
[2m2025-12-10T10:19:06.466860Z[0m [34mDEBUG[0m [2mhyper::proto::h1::conn[0m[2m:[0m incoming body completed
[2m2025-12-10T10:19:06.466874Z[0m [34mDEBUG[0m [2mhyper::client::pool[0m[2m:[0m pooling idle connection for ("http", 192.168.0.14:8545)
[2m2025-12-10T10:19:06.466923Z[0m [34mDEBUG[0m [2mhyper::client::pool[0m[2m:[0m reuse idle connection for ("http", 192.168.0.14:8545)
[2m2025-12-10T10:19:06.466962Z[0m [34mDEBUG[0m [2mhyper::proto::h1::io[0m[2m:[0m flushed 172 bytes
[2m2025-12-10T10:19:06.470902Z[0m [34mDEBUG[0m [2mhyper::proto::h1::io[0m[2m:[0m parsed 4 headers
[2m2025-12-10T10:19:06.470910Z[0m [34mDEBUG[0m [2mhyper::proto::h1::conn[0m[2m:[0m incoming body is content-length (45 bytes)
[2m2025-12-10T10:19:06.470916Z[0m [34mDEBUG[0m [2mhyper::proto::h1::conn[0m[2m:[0m incoming body completed
[2m2025-12-10T10:19:06.470921Z[0m [34mDEBUG[0m [2mhyper::client::pool[0m[2m:[0m pooling idle connection for ("http", 192.168.0.14:8545)
[2m2025-12-10T10:19:06.470932Z[0m [34mDEBUG[0m [2mhyper::client::pool[0m[2m:[0m reuse idle connection for ("http", 192.168.0.14:8545)
[2m2025-12-10T10:19:06.470950Z[0m [34mDEBUG[0m [2mhyper::proto::h1::io[0m[2m:[0m flushed 172 bytes
[2m2025-12-10T10:19:06.474731Z[0m [34mDEBUG[0m [2mhyper::proto::h1::io[0m[2m:[0m parsed 4 headers
[2m2025-12-10T10:19:06.474744Z[0m [34mDEBUG[0m [2mhyper::proto::h1::conn[0m[2m:[0m incoming body is content-length (45 bytes)
[2m2025-12-10T10:19:06.474751Z[0m [34mDEBUG[0m [2mhyper::proto::h1::conn[0m[2m:[0m incoming body completed
[2m2025-12-10T10:19:06.474758Z[0m [34mDEBUG[0m [2mhyper::client::pool[0m[2m:[0m pooling idle connection for ("http", 192.168.0.14:8545)
[2m2025-12-10T10:19:06.474771Z[0m [34mDEBUG[0m [2mhyper::client::pool[0m[2m:[0m reuse idle connection for ("http", 192.168.0.14:8545)
[2m2025-12-10T10:19:06.474793Z[0m [34mDEBUG[0m [2mhyper::proto::h1::io[0m[2m:[0m flushed 172 bytes
[2m2025-12-10T10:19:06.478511Z[0m [34mDEBUG[0m [2mhyper::proto::h1::io[0m[2m:[0m parsed 4 headers
[2m2025-12-10T10:19:06.478519Z[0m [34mDEBUG[0m [2mhyper::proto::h1::conn[0m[2m:[0m incoming body is content-length (45 bytes)
[2m2025-12-10T10:19:06.478525Z[0m [34mDEBUG[0m [2mhyper::proto::h1::conn[0m[2m:[0m incoming body completed
[2m2025-12-10T10:19:06.478531Z[0m [34mDEBUG[0m [2mhyper::client::pool[0m[2m:[0m pooling idle connection for ("http", 192.168.0.14:8545)
[2m2025-12-10T10:19:06.478543Z[0m [34mDEBUG[0m [2mhyper::client::pool[0m[2m:[0m reuse idle connection for ("http", 192.168.0.14:8545)
[2m2025-12-10T10:19:06.478564Z[0m [34mDEBUG[0m [2mhyper::proto::h1::io[0m[2m:[0m flushed 172 bytes
[2m2025-12-10T10:19:06.483542Z[0m [34mDEBUG[0m [2mhyper::proto::h1::io[0m[2m:[0m parsed 4 headers
[2m2025-12-10T10:19:06.483551Z[0m [34mDEBUG[0m [2mhyper::proto::h1::conn[0m[2m:[0m incoming body is content-length (45 bytes)
[2m2025-12-10T10:19:06.483559Z[0m [34mDEBUG[0m [2mhyper::proto::h1::conn[0m[2m:[0m incoming body completed
[2m2025-12-10T10:19:06.483565Z[0m [34mDEBUG[0m [2mhyper::client::pool[0m[2m:[0m pooling idle connection for ("http", 192.168.0.14:8545)
[2m2025-12-10T10:19:06.483577Z[0m [34mDEBUG[0m [2mhyper::client::pool[0m[2m:[0m reuse idle connection for ("http", 192.168.0.14:8545)
[2m2025-12-10T10:19:06.483598Z[0m [34mDEBUG[0m [2mhyper::proto::h1::io[0m[2m:[0m flushed 172 bytes
[2m2025-12-10T10:19:06.488537Z[0m [34mDEBUG[0m [2mhyper::proto::h1::io[0m[2m:[0m parsed 4 headers
[2m2025-12-10T10:19:06.488604Z[0m [34mDEBUG[0m [2mhyper::proto::h1::conn[0m[2m:[0m incoming body is content-length (45 bytes)
[2m2025-12-10T10:19:06.488644Z[0m [34mDEBUG[0m [2mhyper::proto::h1::conn[0m[2m:[0m incoming body completed
[2m2025-12-10T10:19:06.488654Z[0m [34mDEBUG[0m [2mhyper::client::pool[0m[2m:[0m pooling idle connection for ("http", 192.168.0.14:8545)
[2m2025-12-10T10:19:06.488673Z[0m [34mDEBUG[0m [2mhyper::client::pool[0m[2m:[0m reuse idle connection for ("http", 192.168.0.14:8545)
[2m2025-12-10T10:19:06.488734Z[0m [34mDEBUG[0m [2mhyper::proto::h1::io[0m[2m:[0m flushed 172 bytes
[2m2025-12-10T10:19:06.495332Z[0m [34mDEBUG[0m [2mhyper::proto::h1::io[0m[2m:[0m parsed 4 headers
[2m2025-12-10T10:19:06.495364Z[0m [34mDEBUG[0m [2mhyper::proto::h1::conn[0m[2m:[0m incoming body is content-length (45 bytes)
[2m2025-12-10T10:19:06.495395Z[0m [34mDEBUG[0m [2mhyper::proto::h1::conn[0m[2m:[0m incoming body completed
[2m2025-12-10T10:19:06.495422Z[0m [34mDEBUG[0m [2mhyper::client::pool[0m[2m:[0m pooling idle connection for ("http", 192.168.0.14:8545)
[2m2025-12-10T10:19:06.495458Z[0m [34mDEBUG[0m [2mhyper::client::pool[0m[2m:[0m reuse idle connection for ("http", 192.168.0.14:8545)
[2m2025-12-10T10:19:06.495500Z[0m [34mDEBUG[0m [2mhyper::proto::h1::io[0m[2m:[0m flushed 172 bytes
[2m2025-12-10T10:19:06.498567Z[0m [34mDEBUG[0m [2mhyper::proto::h1::io[0m[2m:[0m parsed 4 headers
[2m2025-12-10T10:19:06.498579Z[0m [34mDEBUG[0m [2mhyper::proto::h1::conn[0m[2m:[0m incoming body is content-length (45 bytes)
[2m2025-12-10T10:19:06.498591Z[0m [34mDEBUG[0m [2mhyper::proto::h1::conn[0m[2m:[0m incoming body completed
[2m2025-12-10T10:19:06.498602Z[0m [34mDEBUG[0m [2mhyper::client::pool[0m[2m:[0m pooling idle connection for ("http", 192.168.0.14:8545)
[2m2025-12-10T10:19:06.498633Z[0m [34mDEBUG[0m [2mhyper::client::pool[0m[2m:[0m reuse idle connection for ("http", 192.168.0.14:8545)
[2m2025-12-10T10:19:06.498665Z[0m [34mDEBUG[0m [2mhyper::proto::h1::io[0m[2m:[0m flushed 172 bytes
[2m2025-12-10T10:19:06.502705Z[0m [34mDEBUG[0m [2mhyper::proto::h1::io[0m[2m:[0m parsed 4 headers
[2m2025-12-10T10:19:06.502713Z[0m [34mDEBUG[0m [2mhyper::proto::h1::conn[0m[2m:[0m incoming body is content-length (45 bytes)
[2m2025-12-10T10:19:06.502719Z[0m [34mDEBUG[0m [2mhyper::proto::h1::conn[0m[2m:[0m incoming body completed
[2m2025-12-10T10:19:06.502724Z[0m [34mDEBUG[0m [2mhyper::client::pool[0m[2m:[0m pooling idle connection for ("http", 192.168.0.14:8545)
[2m2025-12-10T10:19:06.502738Z[0m [34mDEBUG[0m [2mhyper::client::pool[0m[2m:[0m reuse idle connection for ("http", 192.168.0.14:8545)
[2m2025-12-10T10:19:06.502759Z[0m [34mDEBUG[0m [2mhyper::proto::h1::io[0m[2m:[0m flushed 172 bytes
[2m2025-12-10T10:19:06.508485Z[0m [34mDEBUG[0m [2mhyper::proto::h1::io[0m[2m:[0m parsed 4 headers
[2m2025-12-10T10:19:06.508505Z[0m [34mDEBUG[0m [2mhyper::proto::h1::conn[0m[2m:[0m incoming body is content-length (45 bytes)
[2m2025-12-10T10:19:06.508513Z[0m [34mDEBUG[0m [2mhyper::proto::h1::conn[0m[2m:[0m incoming body completed
[2m2025-12-10T10:19:06.508523Z[0m [34mDEBUG[0m [2mhyper::client::pool[0m[2m:[0m pooling idle connection for ("http", 192.168.0.14:8545)
[2m2025-12-10T10:19:06.508544Z[0m [34mDEBUG[0m [2mhyper::client::pool[0m[2m:[0m reuse idle connection for ("http", 192.168.0.14:8545)
[2m2025-12-10T10:19:06.508575Z[0m [34mDEBUG[0m [2mhyper::proto::h1::io[0m[2m:[0m flushed 172 bytes
[2m2025-12-10T10:19:06.512512Z[0m [34mDEBUG[0m [2mhyper::proto::h1::io[0m[2m:[0m parsed 4 headers
[2m2025-12-10T10:19:06.512521Z[0m [34mDEBUG[0m [2mhyper::proto::h1::conn[0m[2m:[0m incoming body is content-length (45 bytes)
[2m2025-12-10T10:19:06.512527Z[0m [34mDEBUG[0m [2mhyper::proto::h1::conn[0m[2m:[0m incoming body completed
[2m2025-12-10T10:19:06.512533Z[0m [34mDEBUG[0m [2mhyper::client::pool[0m[2m:[0m pooling idle connection for ("http", 192.168.0.14:8545)
[2m2025-12-10T10:19:06.512549Z[0m [34mDEBUG[0m [2mhyper::client::pool[0m[2m:[0m reuse idle connection for ("http", 192.168.0.14:8545)
[2m2025-12-10T10:19:06.512569Z[0m [34mDEBUG[0m [2mhyper::proto::h1::io[0m[2m:[0m flushed 172 bytes
[2m2025-12-10T10:19:06.516678Z[0m [34mDEBUG[0m [2mhyper::proto::h1::io[0m[2m:[0m parsed 4 headers
[2m2025-12-10T10:19:06.516705Z[0m [34mDEBUG[0m [2mhyper::proto::h1::conn[0m[2m:[0m incoming body is content-length (45 bytes)
[2m2025-12-10T10:19:06.516734Z[0m [34mDEBUG[0m [2mhyper::proto::h1::conn[0m[2m:[0m incoming body completed
[2m2025-12-10T10:19:06.516755Z[0m [34mDEBUG[0m [2mhyper::client::pool[0m[2m:[0m pooling idle connection for ("http", 192.168.0.14:8545)
[2m2025-12-10T10:19:06.516789Z[0m [34mDEBUG[0m [2mhyper::client::pool[0m[2m:[0m reuse idle connection for ("http", 192.168.0.14:8545)
[2m2025-12-10T10:19:06.516854Z[0m [34mDEBUG[0m [2mhyper::proto::h1::io[0m[2m:[0m flushed 172 bytes
[2m2025-12-10T10:19:06.520962Z[0m [34mDEBUG[0m [2mhyper::proto::h1::io[0m[2m:[0m parsed 4 headers
[2m2025-12-10T10:19:06.520971Z[0m [34mDEBUG[0m [2mhyper::proto::h1::conn[0m[2m:[0m incoming body is content-length (45 bytes)
[2m2025-12-10T10:19:06.520977Z[0m [34mDEBUG[0m [2mhyper::proto::h1::conn[0m[2m:[0m incoming body completed
[2m2025-12-10T10:19:06.520982Z[0m [34mDEBUG[0m [2mhyper::client::pool[0m[2m:[0m pooling idle connection for ("http", 192.168.0.14:8545)
[2m2025-12-10T10:19:06.521028Z[0m [34mDEBUG[0m [2mhyper::client::pool[0m[2m:[0m reuse idle connection for ("http", 192.168.0.14:8545)
[2m2025-12-10T10:19:06.521048Z[0m [34mDEBUG[0m [2mhyper::proto::h1::io[0m[2m:[0m flushed 172 bytes
[2m2025-12-10T10:19:06.524811Z[0m [34mDEBUG[0m [2mhyper::proto::h1::io[0m[2m:[0m parsed 4 headers
[2m2025-12-10T10:19:06.524822Z[0m [34mDEBUG[0m [2mhyper::proto::h1::conn[0m[2m:[0m incoming body is content-length (45 bytes)
[2m2025-12-10T10:19:06.524829Z[0m [34mDEBUG[0m [2mhyper::proto::h1::conn[0m[2m:[0m incoming body completed
[2m2025-12-10T10:19:06.524836Z[0m [34mDEBUG[0m [2mhyper::client::pool[0m[2m:[0m pooling idle connection for ("http", 192.168.0.14:8545)
[2m2025-12-10T10:19:06.524852Z[0m [34mDEBUG[0m [2mhyper::client::pool[0m[2m:[0m reuse idle connection for ("http", 192.168.0.14:8545)
[2m2025-12-10T10:19:06.524876Z[0m [34mDEBUG[0m [2mhyper::proto::h1::io[0m[2m:[0m flushed 172 bytes
[2m2025-12-10T10:19:06.528935Z[0m [34mDEBUG[0m [2mhyper::proto::h1::io[0m[2m:[0m parsed 4 headers
[2m2025-12-10T10:19:06.528942Z[0m [34mDEBUG[0m [2mhyper::proto::h1::conn[0m[2m:[0m incoming body is content-length (45 bytes)
[2m2025-12-10T10:19:06.528948Z[0m [34mDEBUG[0m [2mhyper::proto::h1::conn[0m[2m:[0m incoming body completed
[2m2025-12-10T10:19:06.528953Z[0m [34mDEBUG[0m [2mhyper::client::pool[0m[2m:[0m pooling idle connection for ("http", 192.168.0.14:8545)
[2m2025-12-10T10:19:06.528965Z[0m [34mDEBUG[0m [2mhyper::client::pool[0m[2m:[0m reuse idle connection for ("http", 192.168.0.14:8545)
[2m2025-12-10T10:19:06.528983Z[0m [34mDEBUG[0m [2mhyper::proto::h1::io[0m[2m:[0m flushed 172 bytes
[2m2025-12-10T10:19:06.532801Z[0m [34mDEBUG[0m [2mhyper::proto::h1::io[0m[2m:[0m parsed 4 headers
[2m2025-12-10T10:19:06.532809Z[0m [34mDEBUG[0m [2mhyper::proto::h1::conn[0m[2m:[0m incoming body is content-length (45 bytes)
[2m2025-12-10T10:19:06.532815Z[0m [34mDEBUG[0m [2mhyper::proto::h1::conn[0m[2m:[0m incoming body completed
[2m2025-12-10T10:19:06.532820Z[0m [34mDEBUG[0m [2mhyper::client::pool[0m[2m:[0m pooling idle connection for ("http", 192.168.0.14:8545)
[2m2025-12-10T10:19:06.532830Z[0m [34mDEBUG[0m [2mhyper::client::pool[0m[2m:[0m reuse idle connection for ("http", 192.168.0.14:8545)
[2m2025-12-10T10:19:06.532845Z[0m [34mDEBUG[0m [2mhyper::proto::h1::io[0m[2m:[0m flushed 172 bytes
[2m2025-12-10T10:19:06.542355Z[0m [34mDEBUG[0m [2mhyper::proto::h1::io[0m[2m:[0m parsed 4 headers
[2m2025-12-10T10:19:06.542366Z[0m [34mDEBUG[0m [2mhyper::proto::h1::conn[0m[2m:[0m incoming body is content-length (45 bytes)
[2m2025-12-10T10:19:06.542372Z[0m [34mDEBUG[0m [2mhyper::proto::h1::conn[0m[2m:[0m incoming body completed
[2m2025-12-10T10:19:06.542378Z[0m [34mDEBUG[0m [2mhyper::client::pool[0m[2m:[0m pooling idle connection for ("http", 192.168.0.14:8545)
[2m2025-12-10T10:19:06.542393Z[0m [34mDEBUG[0m [2mhyper::client::pool[0m[2m:[0m reuse idle connection for ("http", 192.168.0.14:8545)
[2m2025-12-10T10:19:06.542415Z[0m [34mDEBUG[0m [2mhyper::proto::h1::io[0m[2m:[0m flushed 172 bytes
[2m2025-12-10T10:19:06.546779Z[0m [34mDEBUG[0m [2mhyper::proto::h1::io[0m[2m:[0m parsed 4 headers
[2m2025-12-10T10:19:06.546787Z[0m [34mDEBUG[0m [2mhyper::proto::h1::conn[0m[2m:[0m incoming body is content-length (45 bytes)
[2m2025-12-10T10:19:06.546794Z[0m [34mDEBUG[0m [2mhyper::proto::h1::conn[0m[2m:[0m incoming body completed
[2m2025-12-10T10:19:06.546805Z[0m [34mDEBUG[0m [2mhyper::client::pool[0m[2m:[0m pooling idle connection for ("http", 192.168.0.14:8545)
[2m2025-12-10T10:19:06.546819Z[0m [34mDEBUG[0m [2mhyper::client::pool[0m[2m:[0m reuse idle connection for ("http", 192.168.0.14:8545)
[2m2025-12-10T10:19:06.546842Z[0m [34mDEBUG[0m [2mhyper::proto::h1::io[0m[2m:[0m flushed 172 bytes
[2m2025-12-10T10:19:06.551005Z[0m [34mDEBUG[0m [2mhyper::proto::h1::io[0m[2m:[0m parsed 4 headers
[2m2025-12-10T10:19:06.551024Z[0m [34mDEBUG[0m [2mhyper::proto::h1::conn[0m[2m:[0m incoming body is content-length (45 bytes)
[2m2025-12-10T10:19:06.551132Z[0m [34mDEBUG[0m [2mhyper::proto::h1::conn[0m[2m:[0m incoming body completed
[2m2025-12-10T10:19:06.551149Z[0m [34mDEBUG[0m [2mhyper::client::pool[0m[2m:[0m pooling idle connection for ("http", 192.168.0.14:8545)
[2m2025-12-10T10:19:06.551264Z[0m [34mDEBUG[0m [2mhyper::client::pool[0m[2m:[0m reuse idle connection for ("http", 192.168.0.14:8545)
[2m2025-12-10T10:19:06.551718Z[0m [34mDEBUG[0m [2mhyper::proto::h1::io[0m[2m:[0m flushed 172 bytes
[2m2025-12-10T10:19:06.558884Z[0m [34mDEBUG[0m [2mhyper::proto::h1::io[0m[2m:[0m parsed 4 headers
[2m2025-12-10T10:19:06.558932Z[0m [34mDEBUG[0m [2mhyper::proto::h1::conn[0m[2m:[0m incoming body is content-length (45 bytes)
[2m2025-12-10T10:19:06.558959Z[0m [34mDEBUG[0m [2mhyper::proto::h1::conn[0m[2m:[0m incoming body completed
[2m2025-12-10T10:19:06.558973Z[0m [34mDEBUG[0m [2mhyper::client::pool[0m[2m:[0m pooling idle connection for ("http", 192.168.0.14:8545)
[2m2025-12-10T10:19:06.559136Z[0m [34mDEBUG[0m [2mhyper::client::pool[0m[2m:[0m reuse idle connection for ("http", 192.168.0.14:8545)
[2m2025-12-10T10:19:06.559182Z[0m [34mDEBUG[0m [2mhyper::proto::h1::io[0m[2m:[0m flushed 172 bytes
[2m2025-12-10T10:19:06.562775Z[0m [34mDEBUG[0m [2mhyper::proto::h1::io[0m[2m:[0m parsed 4 headers
[2m2025-12-10T10:19:06.562792Z[0m [34mDEBUG[0m [2mhyper::proto::h1::conn[0m[2m:[0m incoming body is content-length (45 bytes)
[2m2025-12-10T10:19:06.562801Z[0m [34mDEBUG[0m [2mhyper::proto::h1::conn[0m[2m:[0m incoming body completed
[2m2025-12-10T10:19:06.562812Z[0m [34mDEBUG[0m [2mhyper::client::pool[0m[2m:[0m pooling idle connection for ("http", 192.168.0.14:8545)
[2m2025-12-10T10:19:06.562836Z[0m [34mDEBUG[0m [2mhyper::client::pool[0m[2m:[0m reuse idle connection for ("http", 192.168.0.14:8545)
[2m2025-12-10T10:19:06.562868Z[0m [34mDEBUG[0m [2mhyper::proto::h1::io[0m[2m:[0m flushed 172 bytes
[2m2025-12-10T10:19:06.568682Z[0m [34mDEBUG[0m [2mhyper::proto::h1::io[0m[2m:[0m parsed 4 headers
[2m2025-12-10T10:19:06.568704Z[0m [34mDEBUG[0m [2mhyper::proto::h1::conn[0m[2m:[0m incoming body is content-length (45 bytes)
[2m2025-12-10T10:19:06.568714Z[0m [34mDEBUG[0m [2mhyper::proto::h1::conn[0m[2m:[0m incoming body completed
[2m2025-12-10T10:19:06.568724Z[0m [34mDEBUG[0m [2mhyper::client::pool[0m[2m:[0m pooling idle connection for ("http", 192.168.0.14:8545)
[2m2025-12-10T10:19:06.568750Z[0m [34mDEBUG[0m [2mhyper::client::pool[0m[2m:[0m reuse idle connection for ("http", 192.168.0.14:8545)
[2m2025-12-10T10:19:06.568785Z[0m [34mDEBUG[0m [2mhyper::proto::h1::io[0m[2m:[0m flushed 172 bytes
[2m2025-12-10T10:19:06.572573Z[0m [34mDEBUG[0m [2mhyper::proto::h1::io[0m[2m:[0m parsed 4 headers
[2m2025-12-10T10:19:06.572591Z[0m [34mDEBUG[0m [2mhyper::proto::h1::conn[0m[2m:[0m incoming body is content-length (45 bytes)
[2m2025-12-10T10:19:06.577529Z[0m [34mDEBUG[0m [2mhyper::proto::h1::conn[0m[2m:[0m incoming body completed
[2m2025-12-10T10:19:06.577542Z[0m [34mDEBUG[0m [2mhyper::client::pool[0m[2m:[0m pooling idle connection for ("http", 192.168.0.14:8545)
[2m2025-12-10T10:19:06.577566Z[0m [34mDEBUG[0m [2mhyper::client::pool[0m[2m:[0m reuse idle connection for ("http", 192.168.0.14:8545)
[2m2025-12-10T10:19:06.596897Z[0m [34mDEBUG[0m [2mhyper::proto::h1::io[0m[2m:[0m flushed 172 bytes
[2m2025-12-10T10:19:06.602275Z[0m [34mDEBUG[0m [2mhyper::proto::h1::io[0m[2m:[0m parsed 4 headers
[2m2025-12-10T10:19:06.602297Z[0m [34mDEBUG[0m [2mhyper::proto::h1::conn[0m[2m:[0m incoming body is content-length (45 bytes)
[2m2025-12-10T10:19:06.602306Z[0m [34mDEBUG[0m [2mhyper::proto::h1::conn[0m[2m:[0m incoming body completed
[2m2025-12-10T10:19:06.602317Z[0m [34mDEBUG[0m [2mhyper::client::pool[0m[2m:[0m pooling idle connection for ("http", 192.168.0.14:8545)
[2m2025-12-10T10:19:06.602427Z[0m [34mDEBUG[0m [2mhyper::client::pool[0m[2m:[0m reuse idle connection for ("http", 192.168.0.14:8545)
[2m2025-12-10T10:19:06.602480Z[0m [34mDEBUG[0m [2mhyper::proto::h1::io[0m[2m:[0m flushed 172 bytes
[2m2025-12-10T10:19:06.623352Z[0m [34mDEBUG[0m [2mhyper::proto::h1::io[0m[2m:[0m parsed 4 headers
[2m2025-12-10T10:19:06.623371Z[0m [34mDEBUG[0m [2mhyper::proto::h1::conn[0m[2m:[0m incoming body is content-length (45 bytes)
[2m2025-12-10T10:19:06.623382Z[0m [34mDEBUG[0m [2mhyper::proto::h1::conn[0m[2m:[0m incoming body completed
[2m2025-12-10T10:19:06.623394Z[0m [34mDEBUG[0m [2mhyper::client::pool[0m[2m:[0m pooling idle connection for ("http", 192.168.0.14:8545)
[2m2025-12-10T10:19:06.623423Z[0m [34mDEBUG[0m [2mhyper::client::pool[0m[2m:[0m reuse idle connection for ("http", 192.168.0.14:8545)
[2m2025-12-10T10:19:06.623489Z[0m [34mDEBUG[0m [2mhyper::proto::h1::io[0m[2m:[0m flushed 172 bytes
[2m2025-12-10T10:19:06.628290Z[0m [34mDEBUG[0m [2mhyper::proto::h1::io[0m[2m:[0m parsed 4 headers
[2m2025-12-10T10:19:06.628307Z[0m [34mDEBUG[0m [2mhyper::proto::h1::conn[0m[2m:[0m incoming body is content-length (45 bytes)
[2m2025-12-10T10:19:06.628318Z[0m [34mDEBUG[0m [2mhyper::proto::h1::conn[0m[2m:[0m incoming body completed
[2m2025-12-10T10:19:06.628331Z[0m [34mDEBUG[0m [2mhyper::client::pool[0m[2m:[0m pooling idle connection for ("http", 192.168.0.14:8545)
[2m2025-12-10T10:19:06.628439Z[0m [34mDEBUG[0m [2mhyper::client::pool[0m[2m:[0m reuse idle connection for ("http", 192.168.0.14:8545)
[2m2025-12-10T10:19:06.628489Z[0m [34mDEBUG[0m [2mhyper::proto::h1::io[0m[2m:[0m flushed 172 bytes
[2m2025-12-10T10:19:06.632543Z[0m [34mDEBUG[0m [2mhyper::proto::h1::io[0m[2m:[0m parsed 4 headers
[2m2025-12-10T10:19:06.632567Z[0m [34mDEBUG[0m [2mhyper::proto::h1::conn[0m[2m:[0m incoming body is content-length (45 bytes)
[2m2025-12-10T10:19:06.632592Z[0m [34mDEBUG[0m [2mhyper::proto::h1::conn[0m[2m:[0m incoming body completed
[2m2025-12-10T10:19:06.632804Z[0m [34mDEBUG[0m [2mhyper::client::pool[0m[2m:[0m pooling idle connection for ("http", 192.168.0.14:8545)
[2m2025-12-10T10:19:06.632847Z[0m [34mDEBUG[0m [2mhyper::client::pool[0m[2m:[0m reuse idle connection for ("http", 192.168.0.14:8545)
[2m2025-12-10T10:19:06.632884Z[0m [34mDEBUG[0m [2mhyper::proto::h1::io[0m[2m:[0m flushed 172 bytes
[2m2025-12-10T10:19:06.643968Z[0m [34mDEBUG[0m [2mhyper::proto::h1::io[0m[2m:[0m parsed 4 headers
[2m2025-12-10T10:19:06.644006Z[0m [34mDEBUG[0m [2mhyper::proto::h1::conn[0m[2m:[0m incoming body is content-length (45 bytes)
[2m2025-12-10T10:19:06.644017Z[0m [34mDEBUG[0m [2mhyper::proto::h1::conn[0m[2m:[0m incoming body completed
[2m2025-12-10T10:19:06.644029Z[0m [34mDEBUG[0m [2mhyper::client::pool[0m[2m:[0m pooling idle connection for ("http", 192.168.0.14:8545)
[2m2025-12-10T10:19:06.644061Z[0m [34mDEBUG[0m [2mhyper::client::pool[0m[2m:[0m reuse idle connection for ("http", 192.168.0.14:8545)
[2m2025-12-10T10:19:06.644958Z[0m [34mDEBUG[0m [2mhyper::proto::h1::io[0m[2m:[0m flushed 172 bytes
[2m2025-12-10T10:19:06.649240Z[0m [34mDEBUG[0m [2mhyper::proto::h1::io[0m[2m:[0m parsed 4 headers
[2m2025-12-10T10:19:06.649259Z[0m [34mDEBUG[0m [2mhyper::proto::h1::conn[0m[2m:[0m incoming body is content-length (45 bytes)
[2m2025-12-10T10:19:06.649270Z[0m [34mDEBUG[0m [2mhyper::proto::h1::conn[0m[2m:[0m incoming body completed
[2m2025-12-10T10:19:06.649282Z[0m [34mDEBUG[0m [2mhyper::client::pool[0m[2m:[0m pooling idle connection for ("http", 192.168.0.14:8545)
[2m2025-12-10T10:19:06.649315Z[0m [34mDEBUG[0m [2mhyper::client::pool[0m[2m:[0m reuse idle connection for ("http", 192.168.0.14:8545)
[2m2025-12-10T10:19:06.649373Z[0m [34mDEBUG[0m [2mhyper::proto::h1::io[0m[2m:[0m flushed 172 bytes
[2m2025-12-10T10:19:06.655996Z[0m [34mDEBUG[0m [2mhyper::proto::h1::io[0m[2m:[0m parsed 4 headers
[2m2025-12-10T10:19:06.656017Z[0m [34mDEBUG[0m [2mhyper::proto::h1::conn[0m[2m:[0m incoming body is content-length (45 bytes)
[2m2025-12-10T10:19:06.656034Z[0m [34mDEBUG[0m [2mhyper::proto::h1::conn[0m[2m:[0m incoming body completed
[2m2025-12-10T10:19:06.656098Z[0m [34mDEBUG[0m [2mhyper::client::pool[0m[2m:[0m pooling idle connection for ("http", 192.168.0.14:8545)
[2m2025-12-10T10:19:06.656131Z[0m [34mDEBUG[0m [2mhyper::client::pool[0m[2m:[0m reuse idle connection for ("http", 192.168.0.14:8545)
[2m2025-12-10T10:19:06.656208Z[0m [34mDEBUG[0m [2mhyper::proto::h1::io[0m[2m:[0m flushed 172 bytes
[2m2025-12-10T10:19:06.662487Z[0m [34mDEBUG[0m [2mhyper::proto::h1::io[0m[2m:[0m parsed 4 headers
[2m2025-12-10T10:19:06.662503Z[0m [34mDEBUG[0m [2mhyper::proto::h1::conn[0m[2m:[0m incoming body is content-length (45 bytes)
[2m2025-12-10T10:19:06.662513Z[0m [34mDEBUG[0m [2mhyper::proto::h1::conn[0m[2m:[0m incoming body completed
[2m2025-12-10T10:19:06.662545Z[0m [34mDEBUG[0m [2mhyper::client::pool[0m[2m:[0m pooling idle connection for ("http", 192.168.0.14:8545)
[2m2025-12-10T10:19:06.662582Z[0m [34mDEBUG[0m [2mhyper::client::pool[0m[2m:[0m reuse idle connection for ("http", 192.168.0.14:8545)
[2m2025-12-10T10:19:06.662624Z[0m [34mDEBUG[0m [2mhyper::proto::h1::io[0m[2m:[0m flushed 172 bytes
[2m2025-12-10T10:19:06.700464Z[0m [34mDEBUG[0m [2mhyper::proto::h1::io[0m[2m:[0m parsed 4 headers
[2m2025-12-10T10:19:06.700492Z[0m [34mDEBUG[0m [2mhyper::proto::h1::conn[0m[2m:[0m incoming body is content-length (45 bytes)
[2m2025-12-10T10:19:06.700504Z[0m [34mDEBUG[0m [2mhyper::proto::h1::conn[0m[2m:[0m incoming body completed
[2m2025-12-10T10:19:06.700517Z[0m [34mDEBUG[0m [2mhyper::client::pool[0m[2m:[0m pooling idle connection for ("http", 192.168.0.14:8545)
[2m2025-12-10T10:19:06.700578Z[0m [34mDEBUG[0m [2mhyper::client::pool[0m[2m:[0m reuse idle connection for ("http", 192.168.0.14:8545)
[2m2025-12-10T10:19:06.701238Z[0m [34mDEBUG[0m [2mhyper::proto::h1::io[0m[2m:[0m flushed 172 bytes
[2m2025-12-10T10:19:06.704049Z[0m [34mDEBUG[0m [2mhyper::proto::h1::io[0m[2m:[0m parsed 4 headers
[2m2025-12-10T10:19:06.704060Z[0m [34mDEBUG[0m [2mhyper::proto::h1::conn[0m[2m:[0m incoming body is content-length (45 bytes)
[2m2025-12-10T10:19:06.704069Z[0m [34mDEBUG[0m [2mhyper::proto::h1::conn[0m[2m:[0m incoming body completed
[2m2025-12-10T10:19:06.704078Z[0m [34mDEBUG[0m [2mhyper::client::pool[0m[2m:[0m pooling idle connection for ("http", 192.168.0.14:8545)
[2m2025-12-10T10:19:06.704104Z[0m [34mDEBUG[0m [2mhyper::client::pool[0m[2m:[0m reuse idle connection for ("http", 192.168.0.14:8545)
[2m2025-12-10T10:19:06.704129Z[0m [34mDEBUG[0m [2mhyper::proto::h1::io[0m[2m:[0m flushed 172 bytes
[2m2025-12-10T10:19:06.708671Z[0m [34mDEBUG[0m [2mhyper::proto::h1::io[0m[2m:[0m parsed 4 headers
[2m2025-12-10T10:19:06.708703Z[0m [34mDEBUG[0m [2mhyper::proto::h1::conn[0m[2m:[0m incoming body is content-length (45 bytes)
[2m2025-12-10T10:19:06.708785Z[0m [34mDEBUG[0m [2mhyper::proto::h1::conn[0m[2m:[0m incoming body completed
[2m2025-12-10T10:19:06.708801Z[0m [34mDEBUG[0m [2mhyper::client::pool[0m[2m:[0m pooling idle connection for ("http", 192.168.0.14:8545)
[2m2025-12-10T10:19:06.708834Z[0m [34mDEBUG[0m [2mhyper::client::pool[0m[2m:[0m reuse idle connection for ("http", 192.168.0.14:8545)
[2m2025-12-10T10:19:06.708871Z[0m [34mDEBUG[0m [2mhyper::proto::h1::io[0m[2m:[0m flushed 172 bytes
[2m2025-12-10T10:19:06.719249Z[0m [34mDEBUG[0m [2mhyper::proto::h1::io[0m[2m:[0m parsed 4 headers
[2m2025-12-10T10:19:06.719288Z[0m [34mDEBUG[0m [2mhyper::proto::h1::conn[0m[2m:[0m incoming body is content-length (45 bytes)
[2m2025-12-10T10:19:06.719308Z[0m [34mDEBUG[0m [2mhyper::proto::h1::conn[0m[2m:[0m incoming body completed
[2m2025-12-10T10:19:06.719326Z[0m [34mDEBUG[0m [2mhyper::client::pool[0m[2m:[0m pooling idle connection for ("http", 192.168.0.14:8545)
[2m2025-12-10T10:19:06.719440Z[0m [34mDEBUG[0m [2mhyper::client::pool[0m[2m:[0m reuse idle connection for ("http", 192.168.0.14:8545)
[2m2025-12-10T10:19:06.721847Z[0m [34mDEBUG[0m [2mhyper::proto::h1::io[0m[2m:[0m flushed 172 bytes
[2m2025-12-10T10:19:06.722907Z[0m [34mDEBUG[0m [2mhyper::proto::h1::io[0m[2m:[0m parsed 4 headers
[2m2025-12-10T10:19:06.722918Z[0m [34mDEBUG[0m [2mhyper::proto::h1::conn[0m[2m:[0m incoming body is content-length (45 bytes)
[2m2025-12-10T10:19:06.722928Z[0m [34mDEBUG[0m [2mhyper::proto::h1::conn[0m[2m:[0m incoming body completed
[2m2025-12-10T10:19:06.722938Z[0m [34mDEBUG[0m [2mhyper::client::pool[0m[2m:[0m pooling idle connection for ("http", 192.168.0.14:8545)
[2m2025-12-10T10:19:06.722965Z[0m [34mDEBUG[0m [2mhyper::client::pool[0m[2m:[0m reuse idle connection for ("http", 192.168.0.14:8545)
[2m2025-12-10T10:19:06.723005Z[0m [34mDEBUG[0m [2mhyper::proto::h1::io[0m[2m:[0m flushed 172 bytes
[2m2025-12-10T10:19:06.734383Z[0m [34mDEBUG[0m [2mhyper::proto::h1::io[0m[2m:[0m parsed 4 headers
[2m2025-12-10T10:19:06.734404Z[0m [34mDEBUG[0m [2mhyper::proto::h1::conn[0m[2m:[0m incoming body is content-length (45 bytes)
[2m2025-12-10T10:19:06.734417Z[0m [34mDEBUG[0m [2mhyper::proto::h1::conn[0m[2m:[0m incoming body completed
[2m2025-12-10T10:19:06.734430Z[0m [34mDEBUG[0m [2mhyper::client::pool[0m[2m:[0m pooling idle connection for ("http", 192.168.0.14:8545)
[2m2025-12-10T10:19:06.734507Z[0m [34mDEBUG[0m [2mhyper::client::pool[0m[2m:[0m reuse idle connection for ("http", 192.168.0.14:8545)
[2m2025-12-10T10:19:06.734560Z[0m [34mDEBUG[0m [2mhyper::proto::h1::io[0m[2m:[0m flushed 172 bytes
[2m2025-12-10T10:19:06.737544Z[0m [34mDEBUG[0m [2mhyper::proto::h1::io[0m[2m:[0m parsed 4 headers
[2m2025-12-10T10:19:06.737559Z[0m [34mDEBUG[0m [2mhyper::proto::h1::conn[0m[2m:[0m incoming body is content-length (45 bytes)
[2m2025-12-10T10:19:06.737571Z[0m [34mDEBUG[0m [2mhyper::proto::h1::conn[0m[2m:[0m incoming body completed
[2m2025-12-10T10:19:06.737584Z[0m [34mDEBUG[0m [2mhyper::client::pool[0m[2m:[0m pooling idle connection for ("http", 192.168.0.14:8545)
[2m2025-12-10T10:19:06.737616Z[0m [34mDEBUG[0m [2mhyper::client::pool[0m[2m:[0m reuse idle connection for ("http", 192.168.0.14:8545)
[2m2025-12-10T10:19:06.737656Z[0m [34mDEBUG[0m [2mhyper::proto::h1::io[0m[2m:[0m flushed 172 bytes
[2m2025-12-10T10:19:06.741286Z[0m [34mDEBUG[0m [2mhyper::proto::h1::io[0m[2m:[0m parsed 4 headers
[2m2025-12-10T10:19:06.741300Z[0m [34mDEBUG[0m [2mhyper::proto::h1::conn[0m[2m:[0m incoming body is content-length (45 bytes)
[2m2025-12-10T10:19:06.741309Z[0m [34mDEBUG[0m [2mhyper::proto::h1::conn[0m[2m:[0m incoming body completed
[2m2025-12-10T10:19:06.741326Z[0m [34mDEBUG[0m [2mhyper::client::pool[0m[2m:[0m pooling idle connection for ("http", 192.168.0.14:8545)
[2m2025-12-10T10:19:06.741355Z[0m [34mDEBUG[0m [2mhyper::client::pool[0m[2m:[0m reuse idle connection for ("http", 192.168.0.14:8545)
[2m2025-12-10T10:19:06.741408Z[0m [34mDEBUG[0m [2mhyper::proto::h1::io[0m[2m:[0m flushed 172 bytes
[2m2025-12-10T10:19:06.747199Z[0m [34mDEBUG[0m [2mhyper::proto::h1::io[0m[2m:[0m parsed 4 headers
[2m2025-12-10T10:19:06.747217Z[0m [34mDEBUG[0m [2mhyper::proto::h1::conn[0m[2m:[0m incoming body is content-length (45 bytes)
[2m2025-12-10T10:19:06.747227Z[0m [34mDEBUG[0m [2mhyper::proto::h1::conn[0m[2m:[0m incoming body completed
[2m2025-12-10T10:19:06.747240Z[0m [34mDEBUG[0m [2mhyper::client::pool[0m[2m:[0m pooling idle connection for ("http", 192.168.0.14:8545)
[2m2025-12-10T10:19:06.747269Z[0m [34mDEBUG[0m [2mhyper::client::pool[0m[2m:[0m reuse idle connection for ("http", 192.168.0.14:8545)
[2m2025-12-10T10:19:06.747312Z[0m [34mDEBUG[0m [2mhyper::proto::h1::io[0m[2m:[0m flushed 172 bytes
[2m2025-12-10T10:19:06.754046Z[0m [34mDEBUG[0m [2mhyper::proto::h1::io[0m[2m:[0m parsed 4 headers
[2m2025-12-10T10:19:06.754065Z[0m [34mDEBUG[0m [2mhyper::proto::h1::conn[0m[2m:[0m incoming body is content-length (45 bytes)
[2m2025-12-10T10:19:06.754077Z[0m [34mDEBUG[0m [2mhyper::proto::h1::conn[0m[2m:[0m incoming body completed
[2m2025-12-10T10:19:06.754092Z[0m [34mDEBUG[0m [2mhyper::client::pool[0m[2m:[0m pooling idle connection for ("http", 192.168.0.14:8545)
[2m2025-12-10T10:19:06.754133Z[0m [34mDEBUG[0m [2mhyper::client::pool[0m[2m:[0m reuse idle connection for ("http", 192.168.0.14:8545)
[2m2025-12-10T10:19:06.754183Z[0m [34mDEBUG[0m [2mhyper::proto::h1::io[0m[2m:[0m flushed 172 bytes
[2m2025-12-10T10:19:06.759209Z[0m [34mDEBUG[0m [2mhyper::proto::h1::io[0m[2m:[0m parsed 4 headers
[2m2025-12-10T10:19:06.759225Z[0m [34mDEBUG[0m [2mhyper::proto::h1::conn[0m[2m:[0m incoming body is content-length (45 bytes)
[2m2025-12-10T10:19:06.759236Z[0m [34mDEBUG[0m [2mhyper::proto::h1::conn[0m[2m:[0m incoming body completed
[2m2025-12-10T10:19:06.759286Z[0m [34mDEBUG[0m [2mhyper::client::pool[0m[2m:[0m pooling idle connection for ("http", 192.168.0.14:8545)
[2m2025-12-10T10:19:06.759317Z[0m [34mDEBUG[0m [2mhyper::client::pool[0m[2m:[0m reuse idle connection for ("http", 192.168.0.14:8545)
[2m2025-12-10T10:19:06.759340Z[0m [34mDEBUG[0m [2mhyper::proto::h1::io[0m[2m:[0m flushed 172 bytes
[2m2025-12-10T10:19:06.763497Z[0m [34mDEBUG[0m [2mhyper::proto::h1::io[0m[2m:[0m parsed 4 headers
[2m2025-12-10T10:19:06.763519Z[0m [34mDEBUG[0m [2mhyper::proto::h1::conn[0m[2m:[0m incoming body is content-length (45 bytes)
[2m2025-12-10T10:19:06.763533Z[0m [34mDEBUG[0m [2mhyper::proto::h1::conn[0m[2m:[0m incoming body completed
[2m2025-12-10T10:19:06.763570Z[0m [34mDEBUG[0m [2mhyper::client::pool[0m[2m:[0m pooling idle connection for ("http", 192.168.0.14:8545)
[2m2025-12-10T10:19:06.763671Z[0m [34mDEBUG[0m [2mhyper::client::pool[0m[2m:[0m reuse idle connection for ("http", 192.168.0.14:8545)
[2m2025-12-10T10:19:06.763720Z[0m [34mDEBUG[0m [2mhyper::proto::h1::io[0m[2m:[0m flushed 172 bytes
[2m2025-12-10T10:19:06.768926Z[0m [34mDEBUG[0m [2mhyper::proto::h1::io[0m[2m:[0m parsed 4 headers
[2m2025-12-10T10:19:06.768940Z[0m [34mDEBUG[0m [2mhyper::proto::h1::conn[0m[2m:[0m incoming body is content-length (45 bytes)
[2m2025-12-10T10:19:06.768949Z[0m [34mDEBUG[0m [2mhyper::proto::h1::conn[0m[2m:[0m incoming body completed
[2m2025-12-10T10:19:06.768961Z[0m [34mDEBUG[0m [2mhyper::client::pool[0m[2m:[0m pooling idle connection for ("http", 192.168.0.14:8545)
[2m2025-12-10T10:19:06.769017Z[0m [34mDEBUG[0m [2mhyper::client::pool[0m[2m:[0m reuse idle connection for ("http", 192.168.0.14:8545)
[2m2025-12-10T10:19:06.769041Z[0m [34mDEBUG[0m [2mhyper::proto::h1::io[0m[2m:[0m flushed 172 bytes
[2m2025-12-10T10:19:06.773417Z[0m [34mDEBUG[0m [2mhyper::proto::h1::io[0m[2m:[0m parsed 4 headers
[2m2025-12-10T10:19:06.773444Z[0m [34mDEBUG[0m [2mhyper::proto::h1::conn[0m[2m:[0m incoming body is content-length (45 bytes)
[2m2025-12-10T10:19:06.773459Z[0m [34mDEBUG[0m [2mhyper::proto::h1::conn[0m[2m:[0m incoming body completed
[2m2025-12-10T10:19:06.773471Z[0m [34mDEBUG[0m [2mhyper::client::pool[0m[2m:[0m pooling idle connection for ("http", 192.168.0.14:8545)
[2m2025-12-10T10:19:06.773558Z[0m [34mDEBUG[0m [2mhyper::client::pool[0m[2m:[0m reuse idle connection for ("http", 192.168.0.14:8545)
[2m2025-12-10T10:19:06.774079Z[0m [34mDEBUG[0m [2mhyper::proto::h1::io[0m[2m:[0m flushed 172 bytes
[2m2025-12-10T10:19:06.776900Z[0m [34mDEBUG[0m [2mhyper::proto::h1::io[0m[2m:[0m parsed 4 headers
[2m2025-12-10T10:19:06.776912Z[0m [34mDEBUG[0m [2mhyper::proto::h1::conn[0m[2m:[0m incoming body is content-length (45 bytes)
[2m2025-12-10T10:19:06.776919Z[0m [34mDEBUG[0m [2mhyper::proto::h1::conn[0m[2m:[0m incoming body completed
[2m2025-12-10T10:19:06.776929Z[0m [34mDEBUG[0m [2mhyper::client::pool[0m[2m:[0m pooling idle connection for ("http", 192.168.0.14:8545)
[2m2025-12-10T10:19:06.776949Z[0m [34mDEBUG[0m [2mhyper::client::pool[0m[2m:[0m reuse idle connection for ("http", 192.168.0.14:8545)
[2m2025-12-10T10:19:06.776966Z[0m [34mDEBUG[0m [2mhyper::proto::h1::io[0m[2m:[0m flushed 172 bytes
[2m2025-12-10T10:19:06.782134Z[0m [34mDEBUG[0m [2mhyper::proto::h1::io[0m[2m:[0m parsed 4 headers
[2m2025-12-10T10:19:06.782151Z[0m [34mDEBUG[0m [2mhyper::proto::h1::conn[0m[2m:[0m incoming body is content-length (45 bytes)
[2m2025-12-10T10:19:06.782160Z[0m [34mDEBUG[0m [2mhyper::proto::h1::conn[0m[2m:[0m incoming body completed
[2m2025-12-10T10:19:06.782184Z[0m [34mDEBUG[0m [2mhyper::client::pool[0m[2m:[0m pooling idle connection for ("http", 192.168.0.14:8545)
[2m2025-12-10T10:19:06.782275Z[0m [34mDEBUG[0m [2mhyper::client::pool[0m[2m:[0m reuse idle connection for ("http", 192.168.0.14:8545)
[2m2025-12-10T10:19:06.782326Z[0m [34mDEBUG[0m [2mhyper::proto::h1::io[0m[2m:[0m flushed 172 bytes
[2m2025-12-10T10:19:06.786825Z[0m [34mDEBUG[0m [2mhyper::proto::h1::io[0m[2m:[0m parsed 4 headers
[2m2025-12-10T10:19:06.786839Z[0m [34mDEBUG[0m [2mhyper::proto::h1::conn[0m[2m:[0m incoming body is content-length (45 bytes)
[2m2025-12-10T10:19:06.786848Z[0m [34mDEBUG[0m [2mhyper::proto::h1::conn[0m[2m:[0m incoming body completed
[2m2025-12-10T10:19:06.786859Z[0m [34mDEBUG[0m [2mhyper::client::pool[0m[2m:[0m pooling idle connection for ("http", 192.168.0.14:8545)
[2m2025-12-10T10:19:06.786885Z[0m [34mDEBUG[0m [2mhyper::client::pool[0m[2m:[0m reuse idle connection for ("http", 192.168.0.14:8545)
[2m2025-12-10T10:19:06.786907Z[0m [34mDEBUG[0m [2mhyper::proto::h1::io[0m[2m:[0m flushed 172 bytes
[2m2025-12-10T10:19:06.793053Z[0m [34mDEBUG[0m [2mhyper::proto::h1::io[0m[2m:[0m parsed 4 headers
[2m2025-12-10T10:19:06.793094Z[0m [34mDEBUG[0m [2mhyper::proto::h1::conn[0m[2m:[0m incoming body is content-length (45 bytes)
[2m2025-12-10T10:19:06.793121Z[0m [34mDEBUG[0m [2mhyper::proto::h1::conn[0m[2m:[0m incoming body completed
[2m2025-12-10T10:19:06.793151Z[0m [34mDEBUG[0m [2mhyper::client::pool[0m[2m:[0m pooling idle connection for ("http", 192.168.0.14:8545)
[2m2025-12-10T10:19:06.793175Z[0m [34mDEBUG[0m [2mhyper::client::pool[0m[2m:[0m reuse idle connection for ("http", 192.168.0.14:8545)
[2m2025-12-10T10:19:06.793219Z[0m [34mDEBUG[0m [2mhyper::proto::h1::io[0m[2m:[0m flushed 172 bytes
[2m2025-12-10T10:19:06.798594Z[0m [34mDEBUG[0m [2mhyper::proto::h1::io[0m[2m:[0m parsed 4 headers
[2m2025-12-10T10:19:06.798614Z[0m [34mDEBUG[0m [2mhyper::proto::h1::conn[0m[2m:[0m incoming body is content-length (45 bytes)
[2m2025-12-10T10:19:06.798623Z[0m [34mDEBUG[0m [2mhyper::proto::h1::conn[0m[2m:[0m incoming body completed
[2m2025-12-10T10:19:06.798663Z[0m [34mDEBUG[0m [2mhyper::client::pool[0m[2m:[0m pooling idle connection for ("http", 192.168.0.14:8545)
[2m2025-12-10T10:19:06.798768Z[0m [34mDEBUG[0m [2mhyper::client::pool[0m[2m:[0m reuse idle connection for ("http", 192.168.0.14:8545)
[2m2025-12-10T10:19:06.798812Z[0m [34mDEBUG[0m [2mhyper::proto::h1::io[0m[2m:[0m flushed 172 bytes
[2m2025-12-10T10:19:06.805572Z[0m [34mDEBUG[0m [2mhyper::proto::h1::io[0m[2m:[0m parsed 4 headers
[2m2025-12-10T10:19:06.805596Z[0m [34mDEBUG[0m [2mhyper::proto::h1::conn[0m[2m:[0m incoming body is content-length (45 bytes)
[2m2025-12-10T10:19:06.805652Z[0m [34mDEBUG[0m [2mhyper::proto::h1::conn[0m[2m:[0m incoming body completed
[2m2025-12-10T10:19:06.805669Z[0m [34mDEBUG[0m [2mhyper::client::pool[0m[2m:[0m pooling idle connection for ("http", 192.168.0.14:8545)
[2m2025-12-10T10:19:06.805799Z[0m [34mDEBUG[0m [2mhyper::client::pool[0m[2m:[0m reuse idle connection for ("http", 192.168.0.14:8545)
[2m2025-12-10T10:19:06.805829Z[0m [34mDEBUG[0m [2mhyper::proto::h1::io[0m[2m:[0m flushed 172 bytes
[2m2025-12-10T10:19:06.810707Z[0m [34mDEBUG[0m [2mhyper::proto::h1::io[0m[2m:[0m parsed 4 headers
[2m2025-12-10T10:19:06.810736Z[0m [34mDEBUG[0m [2mhyper::proto::h1::conn[0m[2m:[0m incoming body is content-length (45 bytes)
[2m2025-12-10T10:19:06.810774Z[0m [34mDEBUG[0m [2mhyper::proto::h1::conn[0m[2m:[0m incoming body completed
[2m2025-12-10T10:19:06.810860Z[0m [34mDEBUG[0m [2mhyper::client::pool[0m[2m:[0m pooling idle connection for ("http", 192.168.0.14:8545)
[2m2025-12-10T10:19:06.810915Z[0m [34mDEBUG[0m [2mhyper::client::pool[0m[2m:[0m reuse idle connection for ("http", 192.168.0.14:8545)
[2m2025-12-10T10:19:06.810946Z[0m [34mDEBUG[0m [2mhyper::proto::h1::io[0m[2m:[0m flushed 172 bytes
[2m2025-12-10T10:19:06.815784Z[0m [34mDEBUG[0m [2mhyper::proto::h1::io[0m[2m:[0m parsed 4 headers
[2m2025-12-10T10:19:06.815815Z[0m [34mDEBUG[0m [2mhyper::proto::h1::conn[0m[2m:[0m incoming body is content-length (45 bytes)
[2m2025-12-10T10:19:06.815879Z[0m [34mDEBUG[0m [2mhyper::proto::h1::conn[0m[2m:[0m incoming body completed
[2m2025-12-10T10:19:06.815894Z[0m [34mDEBUG[0m [2mhyper::client::pool[0m[2m:[0m pooling idle connection for ("http", 192.168.0.14:8545)
[2m2025-12-10T10:19:06.815927Z[0m [34mDEBUG[0m [2mhyper::client::pool[0m[2m:[0m reuse idle connection for ("http", 192.168.0.14:8545)
[2m2025-12-10T10:19:06.816106Z[0m [34mDEBUG[0m [2mhyper::proto::h1::io[0m[2m:[0m flushed 172 bytes
[2m2025-12-10T10:19:06.819502Z[0m [34mDEBUG[0m [2mhyper::proto::h1::io[0m[2m:[0m parsed 4 headers
[2m2025-12-10T10:19:06.819515Z[0m [34mDEBUG[0m [2mhyper::proto::h1::conn[0m[2m:[0m incoming body is content-length (45 bytes)
[2m2025-12-10T10:19:06.819523Z[0m [34mDEBUG[0m [2mhyper::proto::h1::conn[0m[2m:[0m incoming body completed
[2m2025-12-10T10:19:06.819534Z[0m [34mDEBUG[0m [2mhyper::client::pool[0m[2m:[0m pooling idle connection for ("http", 192.168.0.14:8545)
[2m2025-12-10T10:19:06.819560Z[0m [34mDEBUG[0m [2mhyper::client::pool[0m[2m:[0m reuse idle connection for ("http", 192.168.0.14:8545)
[2m2025-12-10T10:19:06.819600Z[0m [34mDEBUG[0m [2mhyper::proto::h1::io[0m[2m:[0m flushed 172 bytes
[2m2025-12-10T10:19:06.825906Z[0m [34mDEBUG[0m [2mhyper::proto::h1::io[0m[2m:[0m parsed 4 headers
[2m2025-12-10T10:19:06.825938Z[0m [34mDEBUG[0m [2mhyper::proto::h1::conn[0m[2m:[0m incoming body is content-length (45 bytes)
[2m2025-12-10T10:19:06.825949Z[0m [34mDEBUG[0m [2mhyper::proto::h1::conn[0m[2m:[0m incoming body completed
[2m2025-12-10T10:19:06.825963Z[0m [34mDEBUG[0m [2mhyper::client::pool[0m[2m:[0m pooling idle connection for ("http", 192.168.0.14:8545)
[2m2025-12-10T10:19:06.825993Z[0m [34mDEBUG[0m [2mhyper::client::pool[0m[2m:[0m reuse idle connection for ("http", 192.168.0.14:8545)
[2m2025-12-10T10:19:06.826046Z[0m [34mDEBUG[0m [2mhyper::proto::h1::io[0m[2m:[0m flushed 172 bytes
[2m2025-12-10T10:19:06.836772Z[0m [34mDEBUG[0m [2mhyper::proto::h1::io[0m[2m:[0m parsed 4 headers
[2m2025-12-10T10:19:06.836794Z[0m [34mDEBUG[0m [2mhyper::proto::h1::conn[0m[2m:[0m incoming body is content-length (45 bytes)
[2m2025-12-10T10:19:06.836807Z[0m [34mDEBUG[0m [2mhyper::proto::h1::conn[0m[2m:[0m incoming body completed
[2m2025-12-10T10:19:06.836820Z[0m [34mDEBUG[0m [2mhyper::client::pool[0m[2m:[0m pooling idle connection for ("http", 192.168.0.14:8545)
[2m2025-12-10T10:19:06.836855Z[0m [34mDEBUG[0m [2mhyper::client::pool[0m[2m:[0m reuse idle connection for ("http", 192.168.0.14:8545)
[2m2025-12-10T10:19:06.836877Z[0m [34mDEBUG[0m [2mhyper::proto::h1::io[0m[2m:[0m flushed 172 bytes
[2m2025-12-10T10:19:06.864911Z[0m [34mDEBUG[0m [2mhyper::proto::h1::io[0m[2m:[0m parsed 4 headers
[2m2025-12-10T10:19:06.864932Z[0m [34mDEBUG[0m [2mhyper::proto::h1::conn[0m[2m:[0m incoming body is content-length (45 bytes)
[2m2025-12-10T10:19:06.864946Z[0m [34mDEBUG[0m [2mhyper::proto::h1::conn[0m[2m:[0m incoming body completed
[2m2025-12-10T10:19:06.864961Z[0m [34mDEBUG[0m [2mhyper::client::pool[0m[2m:[0m pooling idle connection for ("http", 192.168.0.14:8545)
[2m2025-12-10T10:19:06.864997Z[0m [34mDEBUG[0m [2mhyper::client::pool[0m[2m:[0m reuse idle connection for ("http", 192.168.0.14:8545)
[2m2025-12-10T10:19:06.865060Z[0m [34mDEBUG[0m [2mhyper::proto::h1::io[0m[2m:[0m flushed 172 bytes
[2m2025-12-10T10:19:06.869834Z[0m [34mDEBUG[0m [2mhyper::proto::h1::io[0m[2m:[0m parsed 4 headers
[2m2025-12-10T10:19:06.869868Z[0m [34mDEBUG[0m [2mhyper::proto::h1::conn[0m[2m:[0m incoming body is content-length (45 bytes)
[2m2025-12-10T10:19:06.869878Z[0m [34mDEBUG[0m [2mhyper::proto::h1::conn[0m[2m:[0m incoming body completed
[2m2025-12-10T10:19:06.869889Z[0m [34mDEBUG[0m [2mhyper::client::pool[0m[2m:[0m pooling idle connection for ("http", 192.168.0.14:8545)
[2m2025-12-10T10:19:06.869919Z[0m [34mDEBUG[0m [2mhyper::client::pool[0m[2m:[0m reuse idle connection for ("http", 192.168.0.14:8545)
[2m2025-12-10T10:19:06.869952Z[0m [34mDEBUG[0m [2mhyper::proto::h1::io[0m[2m:[0m flushed 172 bytes
[2m2025-12-10T10:19:06.875570Z[0m [34mDEBUG[0m [2mhyper::proto::h1::io[0m[2m:[0m parsed 4 headers
[2m2025-12-10T10:19:06.875590Z[0m [34mDEBUG[0m [2mhyper::proto::h1::conn[0m[2m:[0m incoming body is content-length (45 bytes)
[2m2025-12-10T10:19:06.875604Z[0m [34mDEBUG[0m [2mhyper::proto::h1::conn[0m[2m:[0m incoming body completed
[2m2025-12-10T10:19:06.875620Z[0m [34mDEBUG[0m [2mhyper::client::pool[0m[2m:[0m pooling idle connection for ("http", 192.168.0.14:8545)
[2m2025-12-10T10:19:06.875653Z[0m [34mDEBUG[0m [2mhyper::client::pool[0m[2m:[0m reuse idle connection for ("http", 192.168.0.14:8545)
[2m2025-12-10T10:19:06.875686Z[0m [34mDEBUG[0m [2mhyper::proto::h1::io[0m[2m:[0m flushed 172 bytes
[2m2025-12-10T10:19:06.882398Z[0m [34mDEBUG[0m [2mhyper::proto::h1::io[0m[2m:[0m parsed 4 headers
[2m2025-12-10T10:19:06.882419Z[0m [34mDEBUG[0m [2mhyper::proto::h1::conn[0m[2m:[0m incoming body is content-length (45 bytes)
[2m2025-12-10T10:19:06.882429Z[0m [34mDEBUG[0m [2mhyper::proto::h1::conn[0m[2m:[0m incoming body completed
[2m2025-12-10T10:19:06.886421Z[0m [34mDEBUG[0m [2mhyper::client::pool[0m[2m:[0m pooling idle connection for ("http", 192.168.0.14:8545)
[2m2025-12-10T10:19:06.886470Z[0m [34mDEBUG[0m [2mhyper::client::pool[0m[2m:[0m reuse idle connection for ("http", 192.168.0.14:8545)
[2m2025-12-10T10:19:06.886529Z[0m [34mDEBUG[0m [2mhyper::proto::h1::io[0m[2m:[0m flushed 172 bytes
[2m2025-12-10T10:19:06.889581Z[0m [34mDEBUG[0m [2mhyper::proto::h1::io[0m[2m:[0m parsed 4 headers
[2m2025-12-10T10:19:06.889594Z[0m [34mDEBUG[0m [2mhyper::proto::h1::conn[0m[2m:[0m incoming body is content-length (45 bytes)
[2m2025-12-10T10:19:06.889605Z[0m [34mDEBUG[0m [2mhyper::proto::h1::conn[0m[2m:[0m incoming body completed
[2m2025-12-10T10:19:06.889616Z[0m [34mDEBUG[0m [2mhyper::client::pool[0m[2m:[0m pooling idle connection for ("http", 192.168.0.14:8545)
[2m2025-12-10T10:19:06.889642Z[0m [34mDEBUG[0m [2mhyper::client::pool[0m[2m:[0m reuse idle connection for ("http", 192.168.0.14:8545)
[2m2025-12-10T10:19:06.889680Z[0m [34mDEBUG[0m [2mhyper::proto::h1::io[0m[2m:[0m flushed 172 bytes
[2m2025-12-10T10:19:06.894443Z[0m [34mDEBUG[0m [2mhyper::proto::h1::io[0m[2m:[0m parsed 4 headers
[2m2025-12-10T10:19:06.894512Z[0m [34mDEBUG[0m [2mhyper::proto::h1::conn[0m[2m:[0m incoming body is content-length (45 bytes)
[2m2025-12-10T10:19:06.894529Z[0m [34mDEBUG[0m [2mhyper::proto::h1::conn[0m[2m:[0m incoming body completed
[2m2025-12-10T10:19:06.894544Z[0m [34mDEBUG[0m [2mhyper::client::pool[0m[2m:[0m pooling idle connection for ("http", 192.168.0.14:8545)
[2m2025-12-10T10:19:06.894574Z[0m [34mDEBUG[0m [2mhyper::client::pool[0m[2m:[0m reuse idle connection for ("http", 192.168.0.14:8545)
[2m2025-12-10T10:19:06.894618Z[0m [34mDEBUG[0m [2mhyper::proto::h1::io[0m[2m:[0m flushed 172 bytes
[2m2025-12-10T10:19:06.900971Z[0m [34mDEBUG[0m [2mhyper::proto::h1::io[0m[2m:[0m parsed 4 headers
[2m2025-12-10T10:19:06.900990Z[0m [34mDEBUG[0m [2mhyper::proto::h1::conn[0m[2m:[0m incoming body is content-length (45 bytes)
[2m2025-12-10T10:19:06.901002Z[0m [34mDEBUG[0m [2mhyper::proto::h1::conn[0m[2m:[0m incoming body completed
[2m2025-12-10T10:19:06.901016Z[0m [34mDEBUG[0m [2mhyper::client::pool[0m[2m:[0m pooling idle connection for ("http", 192.168.0.14:8545)
[2m2025-12-10T10:19:06.901056Z[0m [34mDEBUG[0m [2mhyper::client::pool[0m[2m:[0m reuse idle connection for ("http", 192.168.0.14:8545)
[2m2025-12-10T10:19:06.902529Z[0m [34mDEBUG[0m [2mhyper::proto::h1::io[0m[2m:[0m flushed 172 bytes
[2m2025-12-10T10:19:06.905752Z[0m [34mDEBUG[0m [2mhyper::proto::h1::io[0m[2m:[0m parsed 4 headers
[2m2025-12-10T10:19:06.905766Z[0m [34mDEBUG[0m [2mhyper::proto::h1::conn[0m[2m:[0m incoming body is content-length (45 bytes)
[2m2025-12-10T10:19:06.905775Z[0m [34mDEBUG[0m [2mhyper::proto::h1::conn[0m[2m:[0m incoming body completed
[2m2025-12-10T10:19:06.905843Z[0m [34mDEBUG[0m [2mhyper::client::pool[0m[2m:[0m pooling idle connection for ("http", 192.168.0.14:8545)
[2m2025-12-10T10:19:06.905875Z[0m [34mDEBUG[0m [2mhyper::client::pool[0m[2m:[0m reuse idle connection for ("http", 192.168.0.14:8545)
[2m2025-12-10T10:19:06.905899Z[0m [34mDEBUG[0m [2mhyper::proto::h1::io[0m[2m:[0m flushed 172 bytes
[2m2025-12-10T10:19:06.913981Z[0m [34mDEBUG[0m [2mhyper::proto::h1::io[0m[2m:[0m parsed 4 headers
[2m2025-12-10T10:19:06.914002Z[0m [34mDEBUG[0m [2mhyper::proto::h1::conn[0m[2m:[0m incoming body is content-length (45 bytes)
[2m2025-12-10T10:19:06.914013Z[0m [34mDEBUG[0m [2mhyper::proto::h1::conn[0m[2m:[0m incoming body completed
[2m2025-12-10T10:19:06.914026Z[0m [34mDEBUG[0m [2mhyper::client::pool[0m[2m:[0m pooling idle connection for ("http", 192.168.0.14:8545)
[2m2025-12-10T10:19:06.914062Z[0m [34mDEBUG[0m [2mhyper::client::pool[0m[2m:[0m reuse idle connection for ("http", 192.168.0.14:8545)
[2m2025-12-10T10:19:06.914109Z[0m [34mDEBUG[0m [2mhyper::proto::h1::io[0m[2m:[0m flushed 172 bytes
[2m2025-12-10T10:19:06.918885Z[0m [34mDEBUG[0m [2mhyper::proto::h1::io[0m[2m:[0m parsed 4 headers
[2m2025-12-10T10:19:06.918901Z[0m [34mDEBUG[0m [2mhyper::proto::h1::conn[0m[2m:[0m incoming body is content-length (45 bytes)
[2m2025-12-10T10:19:06.918916Z[0m [34mDEBUG[0m [2mhyper::proto::h1::conn[0m[2m:[0m incoming body completed
[2m2025-12-10T10:19:06.918929Z[0m [34mDEBUG[0m [2mhyper::client::pool[0m[2m:[0m pooling idle connection for ("http", 192.168.0.14:8545)
[2m2025-12-10T10:19:06.918956Z[0m [34mDEBUG[0m [2mhyper::client::pool[0m[2m:[0m reuse idle connection for ("http", 192.168.0.14:8545)
[2m2025-12-10T10:19:06.918986Z[0m [34mDEBUG[0m [2mhyper::proto::h1::io[0m[2m:[0m flushed 172 bytes
[2m2025-12-10T10:19:06.923676Z[0m [34mDEBUG[0m [2mhyper::proto::h1::io[0m[2m:[0m parsed 4 headers
[2m2025-12-10T10:19:06.923701Z[0m [34mDEBUG[0m [2mhyper::proto::h1::conn[0m[2m:[0m incoming body is content-length (45 bytes)
[2m2025-12-10T10:19:06.923711Z[0m [34mDEBUG[0m [2mhyper::proto::h1::conn[0m[2m:[0m incoming body completed
[2m2025-12-10T10:19:06.923724Z[0m [34mDEBUG[0m [2mhyper::client::pool[0m[2m:[0m pooling idle connection for ("http", 192.168.0.14:8545)
[2m2025-12-10T10:19:06.928574Z[0m [34mDEBUG[0m [2mhyper::client::pool[0m[2m:[0m reuse idle connection for ("http", 192.168.0.14:8545)
[2m2025-12-10T10:19:06.928623Z[0m [34mDEBUG[0m [2mhyper::proto::h1::io[0m[2m:[0m flushed 172 bytes
[2m2025-12-10T10:19:06.933769Z[0m [34mDEBUG[0m [2mhyper::proto::h1::io[0m[2m:[0m parsed 4 headers
[2m2025-12-10T10:19:06.933787Z[0m [34mDEBUG[0m [2mhyper::proto::h1::conn[0m[2m:[0m incoming body is content-length (45 bytes)
[2m2025-12-10T10:19:06.933803Z[0m [34mDEBUG[0m [2mhyper::proto::h1::conn[0m[2m:[0m incoming body completed
[2m2025-12-10T10:19:06.933817Z[0m [34mDEBUG[0m [2mhyper::client::pool[0m[2m:[0m pooling idle connection for ("http", 192.168.0.14:8545)
[2m2025-12-10T10:19:06.933850Z[0m [34mDEBUG[0m [2mhyper::client::pool[0m[2m:[0m reuse idle connection for ("http", 192.168.0.14:8545)
[2m2025-12-10T10:19:06.934105Z[0m [34mDEBUG[0m [2mhyper::proto::h1::io[0m[2m:[0m flushed 172 bytes
[2m2025-12-10T10:19:06.938590Z[0m [34mDEBUG[0m [2mhyper::proto::h1::io[0m[2m:[0m parsed 4 headers
[2m2025-12-10T10:19:06.938609Z[0m [34mDEBUG[0m [2mhyper::proto::h1::conn[0m[2m:[0m incoming body is content-length (45 bytes)
[2m2025-12-10T10:19:06.938619Z[0m [34mDEBUG[0m [2mhyper::proto::h1::conn[0m[2m:[0m incoming body completed
[2m2025-12-10T10:19:06.938631Z[0m [34mDEBUG[0m [2mhyper::client::pool[0m[2m:[0m pooling idle connection for ("http", 192.168.0.14:8545)
[2m2025-12-10T10:19:06.938698Z[0m [34mDEBUG[0m [2mhyper::client::pool[0m[2m:[0m reuse idle connection for ("http", 192.168.0.14:8545)
[2m2025-12-10T10:19:06.938734Z[0m [34mDEBUG[0m [2mhyper::proto::h1::io[0m[2m:[0m flushed 172 bytes
[2m2025-12-10T10:19:06.943235Z[0m [34mDEBUG[0m [2mhyper::proto::h1::io[0m[2m:[0m parsed 4 headers
[2m2025-12-10T10:19:06.943263Z[0m [34mDEBUG[0m [2mhyper::proto::h1::conn[0m[2m:[0m incoming body is content-length (45 bytes)
[2m2025-12-10T10:19:06.943272Z[0m [34mDEBUG[0m [2mhyper::proto::h1::conn[0m[2m:[0m incoming body completed
[2m2025-12-10T10:19:06.943283Z[0m [34mDEBUG[0m [2mhyper::client::pool[0m[2m:[0m pooling idle connection for ("http", 192.168.0.14:8545)
[2m2025-12-10T10:19:06.943320Z[0m [34mDEBUG[0m [2mhyper::client::pool[0m[2m:[0m reuse idle connection for ("http", 192.168.0.14:8545)
[2m2025-12-10T10:19:06.943342Z[0m [34mDEBUG[0m [2mhyper::proto::h1::io[0m[2m:[0m flushed 172 bytes
[2m2025-12-10T10:19:06.947651Z[0m [34mDEBUG[0m [2mhyper::proto::h1::io[0m[2m:[0m parsed 4 headers
[2m2025-12-10T10:19:06.947668Z[0m [34mDEBUG[0m [2mhyper::proto::h1::conn[0m[2m:[0m incoming body is content-length (45 bytes)
[2m2025-12-10T10:19:06.947678Z[0m [34mDEBUG[0m [2mhyper::proto::h1::conn[0m[2m:[0m incoming body completed
[2m2025-12-10T10:19:06.947689Z[0m [34mDEBUG[0m [2mhyper::client::pool[0m[2m:[0m pooling idle connection for ("http", 192.168.0.14:8545)
[2m2025-12-10T10:19:06.947728Z[0m [34mDEBUG[0m [2mhyper::client::pool[0m[2m:[0m reuse idle connection for ("http", 192.168.0.14:8545)
[2m2025-12-10T10:19:06.947757Z[0m [34mDEBUG[0m [2mhyper::proto::h1::io[0m[2m:[0m flushed 172 bytes
[2m2025-12-10T10:19:06.954633Z[0m [34mDEBUG[0m [2mhyper::proto::h1::io[0m[2m:[0m parsed 4 headers
[2m2025-12-10T10:19:06.954653Z[0m [34mDEBUG[0m [2mhyper::proto::h1::conn[0m[2m:[0m incoming body is content-length (45 bytes)
[2m2025-12-10T10:19:06.954665Z[0m [34mDEBUG[0m [2mhyper::proto::h1::conn[0m[2m:[0m incoming body completed
[2m2025-12-10T10:19:06.954680Z[0m [34mDEBUG[0m [2mhyper::client::pool[0m[2m:[0m pooling idle connection for ("http", 192.168.0.14:8545)
[2m2025-12-10T10:19:06.954713Z[0m [34mDEBUG[0m [2mhyper::client::pool[0m[2m:[0m reuse idle connection for ("http", 192.168.0.14:8545)
[2m2025-12-10T10:19:06.954890Z[0m [34mDEBUG[0m [2mhyper::proto::h1::io[0m[2m:[0m flushed 172 bytes
[2m2025-12-10T10:19:06.958348Z[0m [34mDEBUG[0m [2mhyper::proto::h1::io[0m[2m:[0m parsed 4 headers
[2m2025-12-10T10:19:06.958363Z[0m [34mDEBUG[0m [2mhyper::proto::h1::conn[0m[2m:[0m incoming body is content-length (45 bytes)
[2m2025-12-10T10:19:06.958375Z[0m [34mDEBUG[0m [2mhyper::proto::h1::conn[0m[2m:[0m incoming body completed
[2m2025-12-10T10:19:06.958386Z[0m [34mDEBUG[0m [2mhyper::client::pool[0m[2m:[0m pooling idle connection for ("http", 192.168.0.14:8545)
[2m2025-12-10T10:19:06.958415Z[0m [34mDEBUG[0m [2mhyper::client::pool[0m[2m:[0m reuse idle connection for ("http", 192.168.0.14:8545)
[2m2025-12-10T10:19:06.958439Z[0m [34mDEBUG[0m [2mhyper::proto::h1::io[0m[2m:[0m flushed 172 bytes
[2m2025-12-10T10:19:06.963293Z[0m [34mDEBUG[0m [2mhyper::proto::h1::io[0m[2m:[0m parsed 4 headers
[2m2025-12-10T10:19:06.963307Z[0m [34mDEBUG[0m [2mhyper::proto::h1::conn[0m[2m:[0m incoming body is content-length (45 bytes)
[2m2025-12-10T10:19:06.963324Z[0m [34mDEBUG[0m [2mhyper::proto::h1::conn[0m[2m:[0m incoming body completed
[2m2025-12-10T10:19:06.963338Z[0m [34mDEBUG[0m [2mhyper::client::pool[0m[2m:[0m pooling idle connection for ("http", 192.168.0.14:8545)
[2m2025-12-10T10:19:06.963387Z[0m [34mDEBUG[0m [2mhyper::client::pool[0m[2m:[0m reuse idle connection for ("http", 192.168.0.14:8545)
[2m2025-12-10T10:19:06.963429Z[0m [34mDEBUG[0m [2mhyper::proto::h1::io[0m[2m:[0m flushed 172 bytes
[2m2025-12-10T10:19:06.966840Z[0m [34mDEBUG[0m [2mhyper::proto::h1::io[0m[2m:[0m parsed 4 headers
[2m2025-12-10T10:19:06.966882Z[0m [34mDEBUG[0m [2mhyper::proto::h1::conn[0m[2m:[0m incoming body is content-length (45 bytes)
[2m2025-12-10T10:19:06.966891Z[0m [34mDEBUG[0m [2mhyper::proto::h1::conn[0m[2m:[0m incoming body completed
[2m2025-12-10T10:19:06.966902Z[0m [34mDEBUG[0m [2mhyper::client::pool[0m[2m:[0m pooling idle connection for ("http", 192.168.0.14:8545)
[2m2025-12-10T10:19:06.966927Z[0m [34mDEBUG[0m [2mhyper::client::pool[0m[2m:[0m reuse idle connection for ("http", 192.168.0.14:8545)
[2m2025-12-10T10:19:06.966957Z[0m [34mDEBUG[0m [2mhyper::proto::h1::io[0m[2m:[0m flushed 172 bytes
[2m2025-12-10T10:19:06.972567Z[0m [34mDEBUG[0m [2mhyper::proto::h1::io[0m[2m:[0m parsed 4 headers
[2m2025-12-10T10:19:06.972590Z[0m [34mDEBUG[0m [2mhyper::proto::h1::conn[0m[2m:[0m incoming body is content-length (45 bytes)
[2m2025-12-10T10:19:06.972600Z[0m [34mDEBUG[0m [2mhyper::proto::h1::conn[0m[2m:[0m incoming body completed
[2m2025-12-10T10:19:06.972612Z[0m [34mDEBUG[0m [2mhyper::client::pool[0m[2m:[0m pooling idle connection for ("http", 192.168.0.14:8545)
[2m2025-12-10T10:19:06.972642Z[0m [34mDEBUG[0m [2mhyper::client::pool[0m[2m:[0m reuse idle connection for ("http", 192.168.0.14:8545)
[2m2025-12-10T10:19:06.972693Z[0m [34mDEBUG[0m [2mhyper::proto::h1::io[0m[2m:[0m flushed 172 bytes
[2m2025-12-10T10:19:06.977313Z[0m [34mDEBUG[0m [2mhyper::proto::h1::io[0m[2m:[0m parsed 4 headers
[2m2025-12-10T10:19:06.977406Z[0m [34mDEBUG[0m [2mhyper::proto::h1::conn[0m[2m:[0m incoming body is content-length (45 bytes)
[2m2025-12-10T10:19:06.977434Z[0m [34mDEBUG[0m [2mhyper::proto::h1::conn[0m[2m:[0m incoming body completed
[2m2025-12-10T10:19:06.977453Z[0m [34mDEBUG[0m [2mhyper::client::pool[0m[2m:[0m pooling idle connection for ("http", 192.168.0.14:8545)
[2m2025-12-10T10:19:06.977556Z[0m [34mDEBUG[0m [2mhyper::client::pool[0m[2m:[0m reuse idle connection for ("http", 192.168.0.14:8545)
[2m2025-12-10T10:19:06.977823Z[0m [34mDEBUG[0m [2mhyper::proto::h1::io[0m[2m:[0m flushed 172 bytes
[2m2025-12-10T10:19:06.982216Z[0m [34mDEBUG[0m [2mhyper::proto::h1::io[0m[2m:[0m parsed 4 headers
[2m2025-12-10T10:19:06.982254Z[0m [34mDEBUG[0m [2mhyper::proto::h1::conn[0m[2m:[0m incoming body is content-length (45 bytes)
[2m2025-12-10T10:19:06.982262Z[0m [34mDEBUG[0m [2mhyper::proto::h1::conn[0m[2m:[0m incoming body completed
[2m2025-12-10T10:19:06.982273Z[0m [34mDEBUG[0m [2mhyper::client::pool[0m[2m:[0m pooling idle connection for ("http", 192.168.0.14:8545)
[2m2025-12-10T10:19:06.982300Z[0m [34mDEBUG[0m [2mhyper::client::pool[0m[2m:[0m reuse idle connection for ("http", 192.168.0.14:8545)
[2m2025-12-10T10:19:06.982359Z[0m [34mDEBUG[0m [2mhyper::proto::h1::io[0m[2m:[0m flushed 172 bytes
[2m2025-12-10T10:19:06.985795Z[0m [34mDEBUG[0m [2mhyper::proto::h1::io[0m[2m:[0m parsed 4 headers
[2m2025-12-10T10:19:06.985843Z[0m [34mDEBUG[0m [2mhyper::proto::h1::conn[0m[2m:[0m incoming body is content-length (45 bytes)
[2m2025-12-10T10:19:06.985886Z[0m [34mDEBUG[0m [2mhyper::proto::h1::conn[0m[2m:[0m incoming body completed
[2m2025-12-10T10:19:06.985928Z[0m [34mDEBUG[0m [2mhyper::client::pool[0m[2m:[0m pooling idle connection for ("http", 192.168.0.14:8545)
[2m2025-12-10T10:19:06.985975Z[0m [34mDEBUG[0m [2mhyper::client::pool[0m[2m:[0m reuse idle connection for ("http", 192.168.0.14:8545)
[2m2025-12-10T10:19:06.986002Z[0m [34mDEBUG[0m [2mhyper::proto::h1::io[0m[2m:[0m flushed 172 bytes
[2m2025-12-10T10:19:06.990579Z[0m [34mDEBUG[0m [2mhyper::proto::h1::io[0m[2m:[0m parsed 4 headers
[2m2025-12-10T10:19:06.990588Z[0m [34mDEBUG[0m [2mhyper::proto::h1::conn[0m[2m:[0m incoming body is content-length (45 bytes)
[2m2025-12-10T10:19:06.990604Z[0m [34mDEBUG[0m [2mhyper::proto::h1::conn[0m[2m:[0m incoming body completed
[2m2025-12-10T10:19:06.990615Z[0m [34mDEBUG[0m [2mhyper::client::pool[0m[2m:[0m pooling idle connection for ("http", 192.168.0.14:8545)
[2m2025-12-10T10:19:06.990634Z[0m [34mDEBUG[0m [2mhyper::client::pool[0m[2m:[0m reuse idle connection for ("http", 192.168.0.14:8545)
[2m2025-12-10T10:19:06.990652Z[0m [34mDEBUG[0m [2mhyper::proto::h1::io[0m[2m:[0m flushed 172 bytes
[2m2025-12-10T10:19:06.994437Z[0m [34mDEBUG[0m [2mhyper::proto::h1::io[0m[2m:[0m parsed 4 headers
[2m2025-12-10T10:19:06.994444Z[0m [34mDEBUG[0m [2mhyper::proto::h1::conn[0m[2m:[0m incoming body is content-length (45 bytes)
[2m2025-12-10T10:19:06.994450Z[0m [34mDEBUG[0m [2mhyper::proto::h1::conn[0m[2m:[0m incoming body completed
[2m2025-12-10T10:19:06.994456Z[0m [34mDEBUG[0m [2mhyper::client::pool[0m[2m:[0m pooling idle connection for ("http", 192.168.0.14:8545)
[2m2025-12-10T10:19:06.994470Z[0m [34mDEBUG[0m [2mhyper::client::pool[0m[2m:[0m reuse idle connection for ("http", 192.168.0.14:8545)
[2m2025-12-10T10:19:06.994500Z[0m [34mDEBUG[0m [2mhyper::proto::h1::io[0m[2m:[0m flushed 172 bytes
[2m2025-12-10T10:19:06.998567Z[0m [34mDEBUG[0m [2mhyper::proto::h1::io[0m[2m:[0m parsed 4 headers
[2m2025-12-10T10:19:06.998576Z[0m [34mDEBUG[0m [2mhyper::proto::h1::conn[0m[2m:[0m incoming body is content-length (45 bytes)
[2m2025-12-10T10:19:06.998582Z[0m [34mDEBUG[0m [2mhyper::proto::h1::conn[0m[2m:[0m incoming body completed
[2m2025-12-10T10:19:06.998590Z[0m [34mDEBUG[0m [2mhyper::client::pool[0m[2m:[0m pooling idle connection for ("http", 192.168.0.14:8545)
[2m2025-12-10T10:19:06.998603Z[0m [34mDEBUG[0m [2mhyper::client::pool[0m[2m:[0m reuse idle connection for ("http", 192.168.0.14:8545)
[2m2025-12-10T10:19:06.998621Z[0m [34mDEBUG[0m [2mhyper::proto::h1::io[0m[2m:[0m flushed 172 bytes
[2m2025-12-10T10:19:07.002467Z[0m [34mDEBUG[0m [2mhyper::proto::h1::io[0m[2m:[0m parsed 4 headers
[2m2025-12-10T10:19:07.002475Z[0m [34mDEBUG[0m [2mhyper::proto::h1::conn[0m[2m:[0m incoming body is content-length (45 bytes)
[2m2025-12-10T10:19:07.002481Z[0m [34mDEBUG[0m [2mhyper::proto::h1::conn[0m[2m:[0m incoming body completed
[2m2025-12-10T10:19:07.002487Z[0m [34mDEBUG[0m [2mhyper::client::pool[0m[2m:[0m pooling idle connection for ("http", 192.168.0.14:8545)
[2m2025-12-10T10:19:07.002498Z[0m [34mDEBUG[0m [2mhyper::client::pool[0m[2m:[0m reuse idle connection for ("http", 192.168.0.14:8545)
[2m2025-12-10T10:19:07.002512Z[0m [34mDEBUG[0m [2mhyper::proto::h1::io[0m[2m:[0m flushed 172 bytes
[2m2025-12-10T10:19:07.006412Z[0m [34mDEBUG[0m [2mhyper::proto::h1::io[0m[2m:[0m parsed 4 headers
[2m2025-12-10T10:19:07.006458Z[0m [34mDEBUG[0m [2mhyper::proto::h1::conn[0m[2m:[0m incoming body is content-length (45 bytes)
[2m2025-12-10T10:19:07.006561Z[0m [34mDEBUG[0m [2mhyper::proto::h1::conn[0m[2m:[0m incoming body completed
[2m2025-12-10T10:19:07.006591Z[0m [34mDEBUG[0m [2mhyper::client::pool[0m[2m:[0m pooling idle connection for ("http", 192.168.0.14:8545)
[2m2025-12-10T10:19:07.006631Z[0m [34mDEBUG[0m [2mhyper::client::pool[0m[2m:[0m reuse idle connection for ("http", 192.168.0.14:8545)
[2m2025-12-10T10:19:07.006681Z[0m [34mDEBUG[0m [2mhyper::proto::h1::io[0m[2m:[0m flushed 172 bytes
[2m2025-12-10T10:19:07.010796Z[0m [34mDEBUG[0m [2mhyper::proto::h1::io[0m[2m:[0m parsed 4 headers
[2m2025-12-10T10:19:07.010868Z[0m [34mDEBUG[0m [2mhyper::proto::h1::conn[0m[2m:[0m incoming body is content-length (45 bytes)
[2m2025-12-10T10:19:07.010880Z[0m [34mDEBUG[0m [2mhyper::proto::h1::conn[0m[2m:[0m incoming body completed
[2m2025-12-10T10:19:07.010906Z[0m [34mDEBUG[0m [2mhyper::client::pool[0m[2m:[0m pooling idle connection for ("http", 192.168.0.14:8545)
[2m2025-12-10T10:19:07.010929Z[0m [34mDEBUG[0m [2mhyper::client::pool[0m[2m:[0m reuse idle connection for ("http", 192.168.0.14:8545)
[2m2025-12-10T10:19:07.010960Z[0m [34mDEBUG[0m [2mhyper::proto::h1::io[0m[2m:[0m flushed 172 bytes
[2m2025-12-10T10:19:07.014384Z[0m [34mDEBUG[0m [2mhyper::proto::h1::io[0m[2m:[0m parsed 4 headers
[2m2025-12-10T10:19:07.014391Z[0m [34mDEBUG[0m [2mhyper::proto::h1::conn[0m[2m:[0m incoming body is content-length (45 bytes)
[2m2025-12-10T10:19:07.014398Z[0m [34mDEBUG[0m [2mhyper::proto::h1::conn[0m[2m:[0m incoming body completed
[2m2025-12-10T10:19:07.014404Z[0m [34mDEBUG[0m [2mhyper::client::pool[0m[2m:[0m pooling idle connection for ("http", 192.168.0.14:8545)
[2m2025-12-10T10:19:07.014418Z[0m [34mDEBUG[0m [2mhyper::client::pool[0m[2m:[0m reuse idle connection for ("http", 192.168.0.14:8545)
[2m2025-12-10T10:19:07.014435Z[0m [34mDEBUG[0m [2mhyper::proto::h1::io[0m[2m:[0m flushed 172 bytes
[2m2025-12-10T10:19:07.019621Z[0m [34mDEBUG[0m [2mhyper::proto::h1::io[0m[2m:[0m parsed 4 headers
[2m2025-12-10T10:19:07.023675Z[0m [34mDEBUG[0m [2mhyper::proto::h1::conn[0m[2m:[0m incoming body is content-length (45 bytes)
[2m2025-12-10T10:19:07.023701Z[0m [34mDEBUG[0m [2mhyper::proto::h1::conn[0m[2m:[0m incoming body completed
[2m2025-12-10T10:19:07.023729Z[0m [34mDEBUG[0m [2mhyper::client::pool[0m[2m:[0m pooling idle connection for ("http", 192.168.0.14:8545)
[2m2025-12-10T10:19:07.023782Z[0m [34mDEBUG[0m [2mhyper::client::pool[0m[2m:[0m reuse idle connection for ("http", 192.168.0.14:8545)
[2m2025-12-10T10:19:07.023849Z[0m [34mDEBUG[0m [2mhyper::proto::h1::io[0m[2m:[0m flushed 172 bytes
[2m2025-12-10T10:19:07.028093Z[0m [34mDEBUG[0m [2mhyper::proto::h1::io[0m[2m:[0m parsed 4 headers
[2m2025-12-10T10:19:07.028143Z[0m [34mDEBUG[0m [2mhyper::proto::h1::conn[0m[2m:[0m incoming body is content-length (45 bytes)
[2m2025-12-10T10:19:07.028189Z[0m [34mDEBUG[0m [2mhyper::proto::h1::conn[0m[2m:[0m incoming body completed
[2m2025-12-10T10:19:07.028239Z[0m [34mDEBUG[0m [2mhyper::client::pool[0m[2m:[0m pooling idle connection for ("http", 192.168.0.14:8545)
[2m2025-12-10T10:19:07.028310Z[0m [34mDEBUG[0m [2mhyper::client::pool[0m[2m:[0m reuse idle connection for ("http", 192.168.0.14:8545)
[2m2025-12-10T10:19:07.028344Z[0m [34mDEBUG[0m [2mhyper::proto::h1::io[0m[2m:[0m flushed 172 bytes
[2m2025-12-10T10:19:07.033027Z[0m [34mDEBUG[0m [2mhyper::proto::h1::io[0m[2m:[0m parsed 4 headers
[2m2025-12-10T10:19:07.033078Z[0m [34mDEBUG[0m [2mhyper::proto::h1::conn[0m[2m:[0m incoming body is content-length (45 bytes)
[2m2025-12-10T10:19:07.033102Z[0m [34mDEBUG[0m [2mhyper::proto::h1::conn[0m[2m:[0m incoming body completed
[2m2025-12-10T10:19:07.033133Z[0m [34mDEBUG[0m [2mhyper::client::pool[0m[2m:[0m pooling idle connection for ("http", 192.168.0.14:8545)
[2m2025-12-10T10:19:07.041634Z[0m [34mDEBUG[0m [2mhyper::client::pool[0m[2m:[0m reuse idle connection for ("http", 192.168.0.14:8545)
[2m2025-12-10T10:19:07.041696Z[0m [34mDEBUG[0m [2mhyper::proto::h1::io[0m[2m:[0m flushed 172 bytes
[2m2025-12-10T10:19:07.044801Z[0m [34mDEBUG[0m [2mhyper::proto::h1::io[0m[2m:[0m parsed 4 headers
[2m2025-12-10T10:19:07.044842Z[0m [34mDEBUG[0m [2mhyper::proto::h1::conn[0m[2m:[0m incoming body is content-length (45 bytes)
[2m2025-12-10T10:19:07.044856Z[0m [34mDEBUG[0m [2mhyper::proto::h1::conn[0m[2m:[0m incoming body completed
[2m2025-12-10T10:19:07.044870Z[0m [34mDEBUG[0m [2mhyper::client::pool[0m[2m:[0m pooling idle connection for ("http", 192.168.0.14:8545)
[2m2025-12-10T10:19:07.044910Z[0m [34mDEBUG[0m [2mhyper::client::pool[0m[2m:[0m reuse idle connection for ("http", 192.168.0.14:8545)
[2m2025-12-10T10:19:07.045012Z[0m [34mDEBUG[0m [2mhyper::proto::h1::io[0m[2m:[0m flushed 172 bytes
[2m2025-12-10T10:19:07.048511Z[0m [34mDEBUG[0m [2mhyper::proto::h1::io[0m[2m:[0m parsed 4 headers
[2m2025-12-10T10:19:07.048528Z[0m [34mDEBUG[0m [2mhyper::proto::h1::conn[0m[2m:[0m incoming body is content-length (45 bytes)
[2m2025-12-10T10:19:07.048537Z[0m [34mDEBUG[0m [2mhyper::proto::h1::conn[0m[2m:[0m incoming body completed
[2m2025-12-10T10:19:07.048547Z[0m [34mDEBUG[0m [2mhyper::client::pool[0m[2m:[0m pooling idle connection for ("http", 192.168.0.14:8545)
[2m2025-12-10T10:19:07.048573Z[0m [34mDEBUG[0m [2mhyper::client::pool[0m[2m:[0m reuse idle connection for ("http", 192.168.0.14:8545)
[2m2025-12-10T10:19:07.048605Z[0m [34mDEBUG[0m [2mhyper::proto::h1::io[0m[2m:[0m flushed 172 bytes
[2m2025-12-10T10:19:07.053199Z[0m [34mDEBUG[0m [2mhyper::proto::h1::io[0m[2m:[0m parsed 4 headers
[2m2025-12-10T10:19:07.053210Z[0m [34mDEBUG[0m [2mhyper::proto::h1::conn[0m[2m:[0m incoming body is content-length (45 bytes)
[2m2025-12-10T10:19:07.053217Z[0m [34mDEBUG[0m [2mhyper::proto::h1::conn[0m[2m:[0m incoming body completed
[2m2025-12-10T10:19:07.053224Z[0m [34mDEBUG[0m [2mhyper::client::pool[0m[2m:[0m pooling idle connection for ("http", 192.168.0.14:8545)
[2m2025-12-10T10:19:07.053242Z[0m [34mDEBUG[0m [2mhyper::client::pool[0m[2m:[0m reuse idle connection for ("http", 192.168.0.14:8545)
[2m2025-12-10T10:19:07.053302Z[0m [34mDEBUG[0m [2mhyper::proto::h1::io[0m[2m:[0m flushed 172 bytes
[2m2025-12-10T10:19:07.057131Z[0m [34mDEBUG[0m [2mhyper::proto::h1::io[0m[2m:[0m parsed 4 headers
[2m2025-12-10T10:19:07.057169Z[0m [34mDEBUG[0m [2mhyper::proto::h1::conn[0m[2m:[0m incoming body is content-length (45 bytes)
[2m2025-12-10T10:19:07.057203Z[0m [34mDEBUG[0m [2mhyper::proto::h1::conn[0m[2m:[0m incoming body completed
[2m2025-12-10T10:19:07.057218Z[0m [34mDEBUG[0m [2mhyper::client::pool[0m[2m:[0m pooling idle connection for ("http", 192.168.0.14:8545)
[2m2025-12-10T10:19:07.057242Z[0m [34mDEBUG[0m [2mhyper::client::pool[0m[2m:[0m reuse idle connection for ("http", 192.168.0.14:8545)
[2m2025-12-10T10:19:07.057274Z[0m [34mDEBUG[0m [2mhyper::proto::h1::io[0m[2m:[0m flushed 172 bytes
[2m2025-12-10T10:19:07.062383Z[0m [34mDEBUG[0m [2mhyper::proto::h1::io[0m[2m:[0m parsed 4 headers
[2m2025-12-10T10:19:07.066681Z[0m [34mDEBUG[0m [2mhyper::proto::h1::conn[0m[2m:[0m incoming body is content-length (45 bytes)
[2m2025-12-10T10:19:07.066692Z[0m [34mDEBUG[0m [2mhyper::proto::h1::conn[0m[2m:[0m incoming body completed
[2m2025-12-10T10:19:07.066704Z[0m [34mDEBUG[0m [2mhyper::client::pool[0m[2m:[0m pooling idle connection for ("http", 192.168.0.14:8545)
[2m2025-12-10T10:19:07.066751Z[0m [34mDEBUG[0m [2mhyper::client::pool[0m[2m:[0m reuse idle connection for ("http", 192.168.0.14:8545)
[2m2025-12-10T10:19:07.066809Z[0m [34mDEBUG[0m [2mhyper::proto::h1::io[0m[2m:[0m flushed 172 bytes
[2m2025-12-10T10:19:07.071258Z[0m [34mDEBUG[0m [2mhyper::proto::h1::io[0m[2m:[0m parsed 4 headers
[2m2025-12-10T10:19:07.071392Z[0m [34mDEBUG[0m [2mhyper::proto::h1::conn[0m[2m:[0m incoming body is content-length (45 bytes)
[2m2025-12-10T10:19:07.071404Z[0m [34mDEBUG[0m [2mhyper::proto::h1::conn[0m[2m:[0m incoming body completed
[2m2025-12-10T10:19:07.071415Z[0m [34mDEBUG[0m [2mhyper::client::pool[0m[2m:[0m pooling idle connection for ("http", 192.168.0.14:8545)
[2m2025-12-10T10:19:07.071483Z[0m [34mDEBUG[0m [2mhyper::client::pool[0m[2m:[0m reuse idle connection for ("http", 192.168.0.14:8545)
[2m2025-12-10T10:19:07.071573Z[0m [34mDEBUG[0m [2mhyper::proto::h1::io[0m[2m:[0m flushed 172 bytes
[2m2025-12-10T10:19:07.074823Z[0m [34mDEBUG[0m [2mhyper::proto::h1::io[0m[2m:[0m parsed 4 headers
[2m2025-12-10T10:19:07.074951Z[0m [34mDEBUG[0m [2mhyper::proto::h1::conn[0m[2m:[0m incoming body is content-length (45 bytes)
[2m2025-12-10T10:19:07.074979Z[0m [34mDEBUG[0m [2mhyper::proto::h1::conn[0m[2m:[0m incoming body completed
[2m2025-12-10T10:19:07.075002Z[0m [34mDEBUG[0m [2mhyper::client::pool[0m[2m:[0m pooling idle connection for ("http", 192.168.0.14:8545)
[2m2025-12-10T10:19:07.075138Z[0m [34mDEBUG[0m [2mhyper::client::pool[0m[2m:[0m reuse idle connection for ("http", 192.168.0.14:8545)
[2m2025-12-10T10:19:07.075223Z[0m [34mDEBUG[0m [2mhyper::proto::h1::io[0m[2m:[0m flushed 172 bytes
[2m2025-12-10T10:19:07.080020Z[0m [34mDEBUG[0m [2mhyper::proto::h1::io[0m[2m:[0m parsed 4 headers
[2m2025-12-10T10:19:07.080036Z[0m [34mDEBUG[0m [2mhyper::proto::h1::conn[0m[2m:[0m incoming body is content-length (45 bytes)
[2m2025-12-10T10:19:07.080044Z[0m [34mDEBUG[0m [2mhyper::proto::h1::conn[0m[2m:[0m incoming body completed
[2m2025-12-10T10:19:07.080054Z[0m [34mDEBUG[0m [2mhyper::client::pool[0m[2m:[0m pooling idle connection for ("http", 192.168.0.14:8545)
[2m2025-12-10T10:19:07.080077Z[0m [34mDEBUG[0m [2mhyper::client::pool[0m[2m:[0m reuse idle connection for ("http", 192.168.0.14:8545)
[2m2025-12-10T10:19:07.080109Z[0m [34mDEBUG[0m [2mhyper::proto::h1::io[0m[2m:[0m flushed 172 bytes
[2m2025-12-10T10:19:07.084132Z[0m [34mDEBUG[0m [2mhyper::proto::h1::io[0m[2m:[0m parsed 4 headers
[2m2025-12-10T10:19:07.084149Z[0m [34mDEBUG[0m [2mhyper::proto::h1::conn[0m[2m:[0m incoming body is content-length (45 bytes)
[2m2025-12-10T10:19:07.084194Z[0m [34mDEBUG[0m [2mhyper::proto::h1::conn[0m[2m:[0m incoming body completed
[2m2025-12-10T10:19:07.084208Z[0m [34mDEBUG[0m [2mhyper::client::pool[0m[2m:[0m pooling idle connection for ("http", 192.168.0.14:8545)
[2m2025-12-10T10:19:07.084254Z[0m [34mDEBUG[0m [2mhyper::client::pool[0m[2m:[0m reuse idle connection for ("http", 192.168.0.14:8545)
[2m2025-12-10T10:19:07.084327Z[0m [34mDEBUG[0m [2mhyper::proto::h1::io[0m[2m:[0m flushed 172 bytes
[2m2025-12-10T10:19:07.089511Z[0m [34mDEBUG[0m [2mhyper::proto::h1::io[0m[2m:[0m parsed 4 headers
[2m2025-12-10T10:19:07.089524Z[0m [34mDEBUG[0m [2mhyper::proto::h1::conn[0m[2m:[0m incoming body is content-length (45 bytes)
[2m2025-12-10T10:19:07.089532Z[0m [34mDEBUG[0m [2mhyper::proto::h1::conn[0m[2m:[0m incoming body completed
[2m2025-12-10T10:19:07.089544Z[0m [34mDEBUG[0m [2mhyper::client::pool[0m[2m:[0m pooling idle connection for ("http", 192.168.0.14:8545)
[2m2025-12-10T10:19:07.089567Z[0m [34mDEBUG[0m [2mhyper::client::pool[0m[2m:[0m reuse idle connection for ("http", 192.168.0.14:8545)
[2m2025-12-10T10:19:07.089594Z[0m [34mDEBUG[0m [2mhyper::proto::h1::io[0m[2m:[0m flushed 172 bytes
[2m2025-12-10T10:19:07.093523Z[0m [34mDEBUG[0m [2mhyper::proto::h1::io[0m[2m:[0m parsed 4 headers
[2m2025-12-10T10:19:07.093567Z[0m [34mDEBUG[0m [2mhyper::proto::h1::conn[0m[2m:[0m incoming body is content-length (45 bytes)
[2m2025-12-10T10:19:07.093579Z[0m [34mDEBUG[0m [2mhyper::proto::h1::conn[0m[2m:[0m incoming body completed
[2m2025-12-10T10:19:07.093589Z[0m [34mDEBUG[0m [2mhyper::client::pool[0m[2m:[0m pooling idle connection for ("http", 192.168.0.14:8545)
[2m2025-12-10T10:19:07.093612Z[0m [34mDEBUG[0m [2mhyper::client::pool[0m[2m:[0m reuse idle connection for ("http", 192.168.0.14:8545)
[2m2025-12-10T10:19:07.093643Z[0m [34mDEBUG[0m [2mhyper::proto::h1::io[0m[2m:[0m flushed 172 bytes
[2m2025-12-10T10:19:07.101030Z[0m [34mDEBUG[0m [2mhyper::proto::h1::io[0m[2m:[0m parsed 4 headers
[2m2025-12-10T10:19:07.101111Z[0m [34mDEBUG[0m [2mhyper::proto::h1::conn[0m[2m:[0m incoming body is content-length (45 bytes)
[2m2025-12-10T10:19:07.101160Z[0m [34mDEBUG[0m [2mhyper::proto::h1::conn[0m[2m:[0m incoming body completed
[2m2025-12-10T10:19:07.101191Z[0m [34mDEBUG[0m [2mhyper::client::pool[0m[2m:[0m pooling idle connection for ("http", 192.168.0.14:8545)
[2m2025-12-10T10:19:07.101258Z[0m [34mDEBUG[0m [2mhyper::client::pool[0m[2m:[0m reuse idle connection for ("http", 192.168.0.14:8545)
[2m2025-12-10T10:19:07.101320Z[0m [34mDEBUG[0m [2mhyper::proto::h1::io[0m[2m:[0m flushed 172 bytes
[2m2025-12-10T10:19:07.105918Z[0m [34mDEBUG[0m [2mhyper::proto::h1::io[0m[2m:[0m parsed 4 headers
[2m2025-12-10T10:19:07.105939Z[0m [34mDEBUG[0m [2mhyper::proto::h1::conn[0m[2m:[0m incoming body is content-length (45 bytes)
[2m2025-12-10T10:19:07.105952Z[0m [34mDEBUG[0m [2mhyper::proto::h1::conn[0m[2m:[0m incoming body completed
[2m2025-12-10T10:19:07.105997Z[0m [34mDEBUG[0m [2mhyper::client::pool[0m[2m:[0m pooling idle connection for ("http", 192.168.0.14:8545)
[2m2025-12-10T10:19:07.106027Z[0m [34mDEBUG[0m [2mhyper::client::pool[0m[2m:[0m reuse idle connection for ("http", 192.168.0.14:8545)
[2m2025-12-10T10:19:07.106063Z[0m [34mDEBUG[0m [2mhyper::proto::h1::io[0m[2m:[0m flushed 172 bytes
[2m2025-12-10T10:19:07.110135Z[0m [34mDEBUG[0m [2mhyper::proto::h1::io[0m[2m:[0m parsed 4 headers
[2m2025-12-10T10:19:07.110141Z[0m [34mDEBUG[0m [2mhyper::proto::h1::conn[0m[2m:[0m incoming body is content-length (45 bytes)
[2m2025-12-10T10:19:07.110147Z[0m [34mDEBUG[0m [2mhyper::proto::h1::conn[0m[2m:[0m incoming body completed
[2m2025-12-10T10:19:07.110153Z[0m [34mDEBUG[0m [2mhyper::client::pool[0m[2m:[0m pooling idle connection for ("http", 192.168.0.14:8545)
[2m2025-12-10T10:19:07.110169Z[0m [34mDEBUG[0m [2mhyper::client::pool[0m[2m:[0m reuse idle connection for ("http", 192.168.0.14:8545)
[2m2025-12-10T10:19:07.110188Z[0m [34mDEBUG[0m [2mhyper::proto::h1::io[0m[2m:[0m flushed 172 bytes
[2m2025-12-10T10:19:07.114540Z[0m [34mDEBUG[0m [2mhyper::proto::h1::io[0m[2m:[0m parsed 4 headers
[2m2025-12-10T10:19:07.114548Z[0m [34mDEBUG[0m [2mhyper::proto::h1::conn[0m[2m:[0m incoming body is content-length (45 bytes)
[2m2025-12-10T10:19:07.114553Z[0m [34mDEBUG[0m [2mhyper::proto::h1::conn[0m[2m:[0m incoming body completed
[2m2025-12-10T10:19:07.114559Z[0m [34mDEBUG[0m [2mhyper::client::pool[0m[2m:[0m pooling idle connection for ("http", 192.168.0.14:8545)
[2m2025-12-10T10:19:07.114576Z[0m [34mDEBUG[0m [2mhyper::client::pool[0m[2m:[0m reuse idle connection for ("http", 192.168.0.14:8545)
[2m2025-12-10T10:19:07.114596Z[0m [34mDEBUG[0m [2mhyper::proto::h1::io[0m[2m:[0m flushed 172 bytes
[2m2025-12-10T10:19:07.118672Z[0m [34mDEBUG[0m [2mhyper::proto::h1::io[0m[2m:[0m parsed 4 headers
[2m2025-12-10T10:19:07.118678Z[0m [34mDEBUG[0m [2mhyper::proto::h1::conn[0m[2m:[0m incoming body is content-length (45 bytes)
[2m2025-12-10T10:19:07.118683Z[0m [34mDEBUG[0m [2mhyper::proto::h1::conn[0m[2m:[0m incoming body completed
[2m2025-12-10T10:19:07.118688Z[0m [34mDEBUG[0m [2mhyper::client::pool[0m[2m:[0m pooling idle connection for ("http", 192.168.0.14:8545)
[2m2025-12-10T10:19:07.118698Z[0m [34mDEBUG[0m [2mhyper::client::pool[0m[2m:[0m reuse idle connection for ("http", 192.168.0.14:8545)
[2m2025-12-10T10:19:07.118713Z[0m [34mDEBUG[0m [2mhyper::proto::h1::io[0m[2m:[0m flushed 172 bytes
[2m2025-12-10T10:19:07.122382Z[0m [34mDEBUG[0m [2mhyper::proto::h1::io[0m[2m:[0m parsed 4 headers
[2m2025-12-10T10:19:07.122390Z[0m [34mDEBUG[0m [2mhyper::proto::h1::conn[0m[2m:[0m incoming body is content-length (45 bytes)
[2m2025-12-10T10:19:07.122395Z[0m [34mDEBUG[0m [2mhyper::proto::h1::conn[0m[2m:[0m incoming body completed
[2m2025-12-10T10:19:07.122401Z[0m [34mDEBUG[0m [2mhyper::client::pool[0m[2m:[0m pooling idle connection for ("http", 192.168.0.14:8545)
[2m2025-12-10T10:19:07.122411Z[0m [34mDEBUG[0m [2mhyper::client::pool[0m[2m:[0m reuse idle connection for ("http", 192.168.0.14:8545)
[2m2025-12-10T10:19:07.122429Z[0m [34mDEBUG[0m [2mhyper::proto::h1::io[0m[2m:[0m flushed 172 bytes
[2m2025-12-10T10:19:07.127962Z[0m [34mDEBUG[0m [2mhyper::proto::h1::io[0m[2m:[0m parsed 4 headers
[2m2025-12-10T10:19:07.127977Z[0m [34mDEBUG[0m [2mhyper::proto::h1::conn[0m[2m:[0m incoming body is content-length (45 bytes)
[2m2025-12-10T10:19:07.127984Z[0m [34mDEBUG[0m [2mhyper::proto::h1::conn[0m[2m:[0m incoming body completed
[2m2025-12-10T10:19:07.127994Z[0m [34mDEBUG[0m [2mhyper::client::pool[0m[2m:[0m pooling idle connection for ("http", 192.168.0.14:8545)
[2m2025-12-10T10:19:07.128079Z[0m [34mDEBUG[0m [2mhyper::client::pool[0m[2m:[0m reuse idle connection for ("http", 192.168.0.14:8545)
[2m2025-12-10T10:19:07.128152Z[0m [34mDEBUG[0m [2mhyper::proto::h1::io[0m[2m:[0m flushed 172 bytes
[2m2025-12-10T10:19:07.131745Z[0m [34mDEBUG[0m [2mhyper::proto::h1::io[0m[2m:[0m parsed 4 headers
[2m2025-12-10T10:19:07.131757Z[0m [34mDEBUG[0m [2mhyper::proto::h1::conn[0m[2m:[0m incoming body is content-length (45 bytes)
[2m2025-12-10T10:19:07.131764Z[0m [34mDEBUG[0m [2mhyper::proto::h1::conn[0m[2m:[0m incoming body completed
[2m2025-12-10T10:19:07.131774Z[0m [34mDEBUG[0m [2mhyper::client::pool[0m[2m:[0m pooling idle connection for ("http", 192.168.0.14:8545)
[2m2025-12-10T10:19:07.131795Z[0m [34mDEBUG[0m [2mhyper::client::pool[0m[2m:[0m reuse idle connection for ("http", 192.168.0.14:8545)
[2m2025-12-10T10:19:07.131821Z[0m [34mDEBUG[0m [2mhyper::proto::h1::io[0m[2m:[0m flushed 172 bytes
[2m2025-12-10T10:19:07.137510Z[0m [34mDEBUG[0m [2mhyper::proto::h1::io[0m[2m:[0m parsed 4 headers
[2m2025-12-10T10:19:07.137517Z[0m [34mDEBUG[0m [2mhyper::proto::h1::conn[0m[2m:[0m incoming body is content-length (45 bytes)
[2m2025-12-10T10:19:07.137523Z[0m [34mDEBUG[0m [2mhyper::proto::h1::conn[0m[2m:[0m incoming body completed
[2m2025-12-10T10:19:07.137528Z[0m [34mDEBUG[0m [2mhyper::client::pool[0m[2m:[0m pooling idle connection for ("http", 192.168.0.14:8545)
[2m2025-12-10T10:19:07.137541Z[0m [34mDEBUG[0m [2mhyper::client::pool[0m[2m:[0m reuse idle connection for ("http", 192.168.0.14:8545)
[2m2025-12-10T10:19:07.137563Z[0m [34mDEBUG[0m [2mhyper::proto::h1::io[0m[2m:[0m flushed 172 bytes
[2m2025-12-10T10:19:07.141336Z[0m [34mDEBUG[0m [2mhyper::proto::h1::io[0m[2m:[0m parsed 4 headers
[2m2025-12-10T10:19:07.141342Z[0m [34mDEBUG[0m [2mhyper::proto::h1::conn[0m[2m:[0m incoming body is content-length (45 bytes)
[2m2025-12-10T10:19:07.141348Z[0m [34mDEBUG[0m [2mhyper::proto::h1::conn[0m[2m:[0m incoming body completed
[2m2025-12-10T10:19:07.141353Z[0m [34mDEBUG[0m [2mhyper::client::pool[0m[2m:[0m pooling idle connection for ("http", 192.168.0.14:8545)
[2m2025-12-10T10:19:07.141368Z[0m [34mDEBUG[0m [2mhyper::client::pool[0m[2m:[0m reuse idle connection for ("http", 192.168.0.14:8545)
[2m2025-12-10T10:19:07.141389Z[0m [34mDEBUG[0m [2mhyper::proto::h1::io[0m[2m:[0m flushed 172 bytes
[2m2025-12-10T10:19:07.146598Z[0m [34mDEBUG[0m [2mhyper::proto::h1::io[0m[2m:[0m parsed 4 headers
[2m2025-12-10T10:19:07.146606Z[0m [34mDEBUG[0m [2mhyper::proto::h1::conn[0m[2m:[0m incoming body is content-length (45 bytes)
[2m2025-12-10T10:19:07.146611Z[0m [34mDEBUG[0m [2mhyper::proto::h1::conn[0m[2m:[0m incoming body completed
[2m2025-12-10T10:19:07.151362Z[0m [34mDEBUG[0m [2mhyper::client::pool[0m[2m:[0m pooling idle connection for ("http", 192.168.0.14:8545)
[2m2025-12-10T10:19:07.151390Z[0m [34mDEBUG[0m [2mhyper::client::pool[0m[2m:[0m reuse idle connection for ("http", 192.168.0.14:8545)
[2m2025-12-10T10:19:07.151415Z[0m [34mDEBUG[0m [2mhyper::proto::h1::io[0m[2m:[0m flushed 172 bytes
[2m2025-12-10T10:19:07.156439Z[0m [34mDEBUG[0m [2mhyper::proto::h1::io[0m[2m:[0m parsed 4 headers
[2m2025-12-10T10:19:07.156452Z[0m [34mDEBUG[0m [2mhyper::proto::h1::conn[0m[2m:[0m incoming body is content-length (45 bytes)
[2m2025-12-10T10:19:07.156460Z[0m [34mDEBUG[0m [2mhyper::proto::h1::conn[0m[2m:[0m incoming body completed
[2m2025-12-10T10:19:07.156471Z[0m [34mDEBUG[0m [2mhyper::client::pool[0m[2m:[0m pooling idle connection for ("http", 192.168.0.14:8545)
[2m2025-12-10T10:19:07.156493Z[0m [34mDEBUG[0m [2mhyper::client::pool[0m[2m:[0m reuse idle connection for ("http", 192.168.0.14:8545)
[2m2025-12-10T10:19:07.156519Z[0m [34mDEBUG[0m [2mhyper::proto::h1::io[0m[2m:[0m flushed 172 bytes
[2m2025-12-10T10:19:07.160032Z[0m [34mDEBUG[0m [2mhyper::proto::h1::io[0m[2m:[0m parsed 4 headers
[2m2025-12-10T10:19:07.160039Z[0m [34mDEBUG[0m [2mhyper::proto::h1::conn[0m[2m:[0m incoming body is content-length (45 bytes)
[2m2025-12-10T10:19:07.160045Z[0m [34mDEBUG[0m [2mhyper::proto::h1::conn[0m[2m:[0m incoming body completed
[2m2025-12-10T10:19:07.160051Z[0m [34mDEBUG[0m [2mhyper::client::pool[0m[2m:[0m pooling idle connection for ("http", 192.168.0.14:8545)
[2m2025-12-10T10:19:07.160069Z[0m [34mDEBUG[0m [2mhyper::client::pool[0m[2m:[0m reuse idle connection for ("http", 192.168.0.14:8545)
[2m2025-12-10T10:19:07.160091Z[0m [34mDEBUG[0m [2mhyper::proto::h1::io[0m[2m:[0m flushed 172 bytes
[2m2025-12-10T10:19:07.164378Z[0m [34mDEBUG[0m [2mhyper::proto::h1::io[0m[2m:[0m parsed 4 headers
[2m2025-12-10T10:19:07.164387Z[0m [34mDEBUG[0m [2mhyper::proto::h1::conn[0m[2m:[0m incoming body is content-length (45 bytes)
[2m2025-12-10T10:19:07.164393Z[0m [34mDEBUG[0m [2mhyper::proto::h1::conn[0m[2m:[0m incoming body completed
[2m2025-12-10T10:19:07.164399Z[0m [34mDEBUG[0m [2mhyper::client::pool[0m[2m:[0m pooling idle connection for ("http", 192.168.0.14:8545)
[2m2025-12-10T10:19:07.164415Z[0m [34mDEBUG[0m [2mhyper::client::pool[0m[2m:[0m reuse idle connection for ("http", 192.168.0.14:8545)
[2m2025-12-10T10:19:07.164432Z[0m [34mDEBUG[0m [2mhyper::proto::h1::io[0m[2m:[0m flushed 172 bytes
[2m2025-12-10T10:19:07.168436Z[0m [34mDEBUG[0m [2mhyper::proto::h1::io[0m[2m:[0m parsed 4 headers
[2m2025-12-10T10:19:07.168446Z[0m [34mDEBUG[0m [2mhyper::proto::h1::conn[0m[2m:[0m incoming body is content-length (45 bytes)
[2m2025-12-10T10:19:07.168452Z[0m [34mDEBUG[0m [2mhyper::proto::h1::conn[0m[2m:[0m incoming body completed
[2m2025-12-10T10:19:07.168458Z[0m [34mDEBUG[0m [2mhyper::client::pool[0m[2m:[0m pooling idle connection for ("http", 192.168.0.14:8545)
[2m2025-12-10T10:19:07.168473Z[0m [34mDEBUG[0m [2mhyper::client::pool[0m[2m:[0m reuse idle connection for ("http", 192.168.0.14:8545)
[2m2025-12-10T10:19:07.168493Z[0m [34mDEBUG[0m [2mhyper::proto::h1::io[0m[2m:[0m flushed 172 bytes
[2m2025-12-10T10:19:07.172242Z[0m [34mDEBUG[0m [2mhyper::proto::h1::io[0m[2m:[0m parsed 4 headers
[2m2025-12-10T10:19:07.172249Z[0m [34mDEBUG[0m [2mhyper::proto::h1::conn[0m[2m:[0m incoming body is content-length (45 bytes)
[2m2025-12-10T10:19:07.172255Z[0m [34mDEBUG[0m [2mhyper::proto::h1::conn[0m[2m:[0m incoming body completed
[2m2025-12-10T10:19:07.172261Z[0m [34mDEBUG[0m [2mhyper::client::pool[0m[2m:[0m pooling idle connection for ("http", 192.168.0.14:8545)
[2m2025-12-10T10:19:07.172272Z[0m [34mDEBUG[0m [2mhyper::client::pool[0m[2m:[0m reuse idle connection for ("http", 192.168.0.14:8545)
[2m2025-12-10T10:19:07.172289Z[0m [34mDEBUG[0m [2mhyper::proto::h1::io[0m[2m:[0m flushed 172 bytes
[2m2025-12-10T10:19:07.175983Z[0m [34mDEBUG[0m [2mhyper::proto::h1::io[0m[2m:[0m parsed 4 headers
[2m2025-12-10T10:19:07.175990Z[0m [34mDEBUG[0m [2mhyper::proto::h1::conn[0m[2m:[0m incoming body is content-length (45 bytes)
[2m2025-12-10T10:19:07.175997Z[0m [34mDEBUG[0m [2mhyper::proto::h1::conn[0m[2m:[0m incoming body completed
[2m2025-12-10T10:19:07.176003Z[0m [34mDEBUG[0m [2mhyper::client::pool[0m[2m:[0m pooling idle connection for ("http", 192.168.0.14:8545)
[2m2025-12-10T10:19:07.176013Z[0m [34mDEBUG[0m [2mhyper::client::pool[0m[2m:[0m reuse idle connection for ("http", 192.168.0.14:8545)
[2m2025-12-10T10:19:07.176026Z[0m [34mDEBUG[0m [2mhyper::proto::h1::io[0m[2m:[0m flushed 172 bytes
[2m2025-12-10T10:19:07.180105Z[0m [34mDEBUG[0m [2mhyper::proto::h1::io[0m[2m:[0m parsed 4 headers
[2m2025-12-10T10:19:07.180112Z[0m [34mDEBUG[0m [2mhyper::proto::h1::conn[0m[2m:[0m incoming body is content-length (45 bytes)
[2m2025-12-10T10:19:07.180118Z[0m [34mDEBUG[0m [2mhyper::proto::h1::conn[0m[2m:[0m incoming body completed
[2m2025-12-10T10:19:07.180124Z[0m [34mDEBUG[0m [2mhyper::client::pool[0m[2m:[0m pooling idle connection for ("http", 192.168.0.14:8545)
[2m2025-12-10T10:19:07.180134Z[0m [34mDEBUG[0m [2mhyper::client::pool[0m[2m:[0m reuse idle connection for ("http", 192.168.0.14:8545)
[2m2025-12-10T10:19:07.180147Z[0m [34mDEBUG[0m [2mhyper::proto::h1::io[0m[2m:[0m flushed 172 bytes
[2m2025-12-10T10:19:07.183960Z[0m [34mDEBUG[0m [2mhyper::proto::h1::io[0m[2m:[0m parsed 4 headers
[2m2025-12-10T10:19:07.183968Z[0m [34mDEBUG[0m [2mhyper::proto::h1::conn[0m[2m:[0m incoming body is content-length (45 bytes)
[2m2025-12-10T10:19:07.183974Z[0m [34mDEBUG[0m [2mhyper::proto::h1::conn[0m[2m:[0m incoming body completed
[2m2025-12-10T10:19:07.183980Z[0m [34mDEBUG[0m [2mhyper::client::pool[0m[2m:[0m pooling idle connection for ("http", 192.168.0.14:8545)
[2m2025-12-10T10:19:07.183992Z[0m [34mDEBUG[0m [2mhyper::client::pool[0m[2m:[0m reuse idle connection for ("http", 192.168.0.14:8545)
[2m2025-12-10T10:19:07.184010Z[0m [34mDEBUG[0m [2mhyper::proto::h1::io[0m[2m:[0m flushed 172 bytes
[2m2025-12-10T10:19:07.187998Z[0m [34mDEBUG[0m [2mhyper::proto::h1::io[0m[2m:[0m parsed 4 headers
[2m2025-12-10T10:19:07.188006Z[0m [34mDEBUG[0m [2mhyper::proto::h1::conn[0m[2m:[0m incoming body is content-length (45 bytes)
[2m2025-12-10T10:19:07.188011Z[0m [34mDEBUG[0m [2mhyper::proto::h1::conn[0m[2m:[0m incoming body completed
[2m2025-12-10T10:19:07.188017Z[0m [34mDEBUG[0m [2mhyper::client::pool[0m[2m:[0m pooling idle connection for ("http", 192.168.0.14:8545)
[2m2025-12-10T10:19:07.188027Z[0m [34mDEBUG[0m [2mhyper::client::pool[0m[2m:[0m reuse idle connection for ("http", 192.168.0.14:8545)
[2m2025-12-10T10:19:07.188041Z[0m [34mDEBUG[0m [2mhyper::proto::h1::io[0m[2m:[0m flushed 172 bytes
[2m2025-12-10T10:19:07.192438Z[0m [34mDEBUG[0m [2mhyper::proto::h1::io[0m[2m:[0m parsed 4 headers
[2m2025-12-10T10:19:07.192521Z[0m [34mDEBUG[0m [2mhyper::proto::h1::conn[0m[2m:[0m incoming body is content-length (45 bytes)
[2m2025-12-10T10:19:07.192536Z[0m [34mDEBUG[0m [2mhyper::proto::h1::conn[0m[2m:[0m incoming body completed
[2m2025-12-10T10:19:07.192545Z[0m [34mDEBUG[0m [2mhyper::client::pool[0m[2m:[0m pooling idle connection for ("http", 192.168.0.14:8545)
[2m2025-12-10T10:19:07.192559Z[0m [34mDEBUG[0m [2mhyper::client::pool[0m[2m:[0m reuse idle connection for ("http", 192.168.0.14:8545)
[2m2025-12-10T10:19:07.192577Z[0m [34mDEBUG[0m [2mhyper::proto::h1::io[0m[2m:[0m flushed 172 bytes
[2m2025-12-10T10:19:07.196829Z[0m [34mDEBUG[0m [2mhyper::proto::h1::io[0m[2m:[0m parsed 4 headers
[2m2025-12-10T10:19:07.196836Z[0m [34mDEBUG[0m [2mhyper::proto::h1::conn[0m[2m:[0m incoming body is content-length (45 bytes)
[2m2025-12-10T10:19:07.196841Z[0m [34mDEBUG[0m [2mhyper::proto::h1::conn[0m[2m:[0m incoming body completed
[2m2025-12-10T10:19:07.196847Z[0m [34mDEBUG[0m [2mhyper::client::pool[0m[2m:[0m pooling idle connection for ("http", 192.168.0.14:8545)
[2m2025-12-10T10:19:07.196857Z[0m [34mDEBUG[0m [2mhyper::client::pool[0m[2m:[0m reuse idle connection for ("http", 192.168.0.14:8545)
[2m2025-12-10T10:19:07.196872Z[0m [34mDEBUG[0m [2mhyper::proto::h1::io[0m[2m:[0m flushed 172 bytes
[2m2025-12-10T10:19:07.202071Z[0m [34mDEBUG[0m [2mhyper::proto::h1::io[0m[2m:[0m parsed 4 headers
[2m2025-12-10T10:19:07.202083Z[0m [34mDEBUG[0m [2mhyper::proto::h1::conn[0m[2m:[0m incoming body is content-length (45 bytes)
[2m2025-12-10T10:19:07.202088Z[0m [34mDEBUG[0m [2mhyper::proto::h1::conn[0m[2m:[0m incoming body completed
[2m2025-12-10T10:19:07.202094Z[0m [34mDEBUG[0m [2mhyper::client::pool[0m[2m:[0m pooling idle connection for ("http", 192.168.0.14:8545)
[2m2025-12-10T10:19:07.202105Z[0m [34mDEBUG[0m [2mhyper::client::pool[0m[2m:[0m reuse idle connection for ("http", 192.168.0.14:8545)
[2m2025-12-10T10:19:07.202127Z[0m [34mDEBUG[0m [2mhyper::proto::h1::io[0m[2m:[0m flushed 172 bytes
[2m2025-12-10T10:19:07.205391Z[0m [34mDEBUG[0m [2mhyper::proto::h1::io[0m[2m:[0m parsed 4 headers
[2m2025-12-10T10:19:07.205404Z[0m [34mDEBUG[0m [2mhyper::proto::h1::conn[0m[2m:[0m incoming body is content-length (45 bytes)
[2m2025-12-10T10:19:07.205412Z[0m [34mDEBUG[0m [2mhyper::proto::h1::conn[0m[2m:[0m incoming body completed
[2m2025-12-10T10:19:07.205425Z[0m [34mDEBUG[0m [2mhyper::client::pool[0m[2m:[0m pooling idle connection for ("http", 192.168.0.14:8545)
[2m2025-12-10T10:19:07.205440Z[0m [34mDEBUG[0m [2mhyper::client::pool[0m[2m:[0m reuse idle connection for ("http", 192.168.0.14:8545)
[2m2025-12-10T10:19:07.205478Z[0m [34mDEBUG[0m [2mhyper::proto::h1::io[0m[2m:[0m flushed 172 bytes
[2m2025-12-10T10:19:07.210675Z[0m [34mDEBUG[0m [2mhyper::proto::h1::io[0m[2m:[0m parsed 4 headers
[2m2025-12-10T10:19:07.210686Z[0m [34mDEBUG[0m [2mhyper::proto::h1::conn[0m[2m:[0m incoming body is content-length (45 bytes)
[2m2025-12-10T10:19:07.210692Z[0m [34mDEBUG[0m [2mhyper::proto::h1::conn[0m[2m:[0m incoming body completed
[2m2025-12-10T10:19:07.210707Z[0m [34mDEBUG[0m [2mhyper::client::pool[0m[2m:[0m pooling idle connection for ("http", 192.168.0.14:8545)
[2m2025-12-10T10:19:07.210723Z[0m [34mDEBUG[0m [2mhyper::client::pool[0m[2m:[0m reuse idle connection for ("http", 192.168.0.14:8545)
[2m2025-12-10T10:19:07.210745Z[0m [34mDEBUG[0m [2mhyper::proto::h1::io[0m[2m:[0m flushed 172 bytes
[2m2025-12-10T10:19:07.229277Z[0m [34mDEBUG[0m [2mhyper::proto::h1::io[0m[2m:[0m parsed 4 headers
[2m2025-12-10T10:19:07.229292Z[0m [34mDEBUG[0m [2mhyper::proto::h1::conn[0m[2m:[0m incoming body is content-length (45 bytes)
[2m2025-12-10T10:19:07.229308Z[0m [34mDEBUG[0m [2mhyper::proto::h1::conn[0m[2m:[0m incoming body completed
[2m2025-12-10T10:19:07.229321Z[0m [34mDEBUG[0m [2mhyper::client::pool[0m[2m:[0m pooling idle connection for ("http", 192.168.0.14:8545)
[2m2025-12-10T10:19:07.229347Z[0m [34mDEBUG[0m [2mhyper::client::pool[0m[2m:[0m reuse idle connection for ("http", 192.168.0.14:8545)
[2m2025-12-10T10:19:07.229378Z[0m [34mDEBUG[0m [2mhyper::proto::h1::io[0m[2m:[0m flushed 172 bytes
[2m2025-12-10T10:19:07.234580Z[0m [34mDEBUG[0m [2mhyper::proto::h1::io[0m[2m:[0m parsed 4 headers
[2m2025-12-10T10:19:07.234594Z[0m [34mDEBUG[0m [2mhyper::proto::h1::conn[0m[2m:[0m incoming body is content-length (45 bytes)
[2m2025-12-10T10:19:07.234602Z[0m [34mDEBUG[0m [2mhyper::proto::h1::conn[0m[2m:[0m incoming body completed
[2m2025-12-10T10:19:07.234612Z[0m [34mDEBUG[0m [2mhyper::client::pool[0m[2m:[0m pooling idle connection for ("http", 192.168.0.14:8545)
[2m2025-12-10T10:19:07.234637Z[0m [34mDEBUG[0m [2mhyper::client::pool[0m[2m:[0m reuse idle connection for ("http", 192.168.0.14:8545)
[2m2025-12-10T10:19:07.234665Z[0m [34mDEBUG[0m [2mhyper::proto::h1::io[0m[2m:[0m flushed 172 bytes
[2m2025-12-10T10:19:07.238054Z[0m [34mDEBUG[0m [2mhyper::proto::h1::io[0m[2m:[0m parsed 4 headers
[2m2025-12-10T10:19:07.238067Z[0m [34mDEBUG[0m [2mhyper::proto::h1::conn[0m[2m:[0m incoming body is content-length (45 bytes)
[2m2025-12-10T10:19:07.238079Z[0m [34mDEBUG[0m [2mhyper::proto::h1::conn[0m[2m:[0m incoming body completed
[2m2025-12-10T10:19:07.238087Z[0m [34mDEBUG[0m [2mhyper::client::pool[0m[2m:[0m pooling idle connection for ("http", 192.168.0.14:8545)
[2m2025-12-10T10:19:07.238105Z[0m [34mDEBUG[0m [2mhyper::client::pool[0m[2m:[0m reuse idle connection for ("http", 192.168.0.14:8545)
[2m2025-12-10T10:19:07.238128Z[0m [34mDEBUG[0m [2mhyper::proto::h1::io[0m[2m:[0m flushed 172 bytes
[2m2025-12-10T10:19:07.242773Z[0m [34mDEBUG[0m [2mhyper::proto::h1::io[0m[2m:[0m parsed 4 headers
[2m2025-12-10T10:19:07.242785Z[0m [34mDEBUG[0m [2mhyper::proto::h1::conn[0m[2m:[0m incoming body is content-length (45 bytes)
[2m2025-12-10T10:19:07.242792Z[0m [34mDEBUG[0m [2mhyper::proto::h1::conn[0m[2m:[0m incoming body completed
[2m2025-12-10T10:19:07.242800Z[0m [34mDEBUG[0m [2mhyper::client::pool[0m[2m:[0m pooling idle connection for ("http", 192.168.0.14:8545)
[2m2025-12-10T10:19:07.242814Z[0m [34mDEBUG[0m [2mhyper::client::pool[0m[2m:[0m reuse idle connection for ("http", 192.168.0.14:8545)
[2m2025-12-10T10:19:07.242832Z[0m [34mDEBUG[0m [2mhyper::proto::h1::io[0m[2m:[0m flushed 172 bytes
[2m2025-12-10T10:19:07.247898Z[0m [34mDEBUG[0m [2mhyper::proto::h1::io[0m[2m:[0m parsed 4 headers
[2m2025-12-10T10:19:07.247910Z[0m [34mDEBUG[0m [2mhyper::proto::h1::conn[0m[2m:[0m incoming body is content-length (45 bytes)
[2m2025-12-10T10:19:07.247917Z[0m [34mDEBUG[0m [2mhyper::proto::h1::conn[0m[2m:[0m incoming body completed
[2m2025-12-10T10:19:07.247924Z[0m [34mDEBUG[0m [2mhyper::client::pool[0m[2m:[0m pooling idle connection for ("http", 192.168.0.14:8545)
[2m2025-12-10T10:19:07.247942Z[0m [34mDEBUG[0m [2mhyper::client::pool[0m[2m:[0m reuse idle connection for ("http", 192.168.0.14:8545)
[2m2025-12-10T10:19:07.247967Z[0m [34mDEBUG[0m [2mhyper::proto::h1::io[0m[2m:[0m flushed 172 bytes
[2m2025-12-10T10:19:07.251617Z[0m [34mDEBUG[0m [2mhyper::proto::h1::io[0m[2m:[0m parsed 4 headers
[2m2025-12-10T10:19:07.251624Z[0m [34mDEBUG[0m [2mhyper::proto::h1::conn[0m[2m:[0m incoming body is content-length (45 bytes)
[2m2025-12-10T10:19:07.251629Z[0m [34mDEBUG[0m [2mhyper::proto::h1::conn[0m[2m:[0m incoming body completed
[2m2025-12-10T10:19:07.251635Z[0m [34mDEBUG[0m [2mhyper::client::pool[0m[2m:[0m pooling idle connection for ("http", 192.168.0.14:8545)
[2m2025-12-10T10:19:07.251647Z[0m [34mDEBUG[0m [2mhyper::client::pool[0m[2m:[0m reuse idle connection for ("http", 192.168.0.14:8545)
[2m2025-12-10T10:19:07.251669Z[0m [34mDEBUG[0m [2mhyper::proto::h1::io[0m[2m:[0m flushed 172 bytes
[2m2025-12-10T10:19:07.264682Z[0m [34mDEBUG[0m [2mhyper::proto::h1::io[0m[2m:[0m parsed 4 headers
[2m2025-12-10T10:19:07.264692Z[0m [34mDEBUG[0m [2mhyper::proto::h1::conn[0m[2m:[0m incoming body is content-length (45 bytes)
[2m2025-12-10T10:19:07.264698Z[0m [34mDEBUG[0m [2mhyper::proto::h1::conn[0m[2m:[0m incoming body completed
[2m2025-12-10T10:19:07.264708Z[0m [34mDEBUG[0m [2mhyper::client::pool[0m[2m:[0m pooling idle connection for ("http", 192.168.0.14:8545)
[2m2025-12-10T10:19:07.264727Z[0m [34mDEBUG[0m [2mhyper::client::pool[0m[2m:[0m reuse idle connection for ("http", 192.168.0.14:8545)
[2m2025-12-10T10:19:07.273395Z[0m [34mDEBUG[0m [2mhyper::proto::h1::io[0m[2m:[0m flushed 172 bytes
[2m2025-12-10T10:19:07.277316Z[0m [34mDEBUG[0m [2mhyper::proto::h1::io[0m[2m:[0m parsed 4 headers
[2m2025-12-10T10:19:07.277398Z[0m [34mDEBUG[0m [2mhyper::proto::h1::conn[0m[2m:[0m incoming body is content-length (45 bytes)
[2m2025-12-10T10:19:07.277420Z[0m [34mDEBUG[0m [2mhyper::proto::h1::conn[0m[2m:[0m incoming body completed
[2m2025-12-10T10:19:07.284296Z[0m [34mDEBUG[0m [2mhyper::client::pool[0m[2m:[0m pooling idle connection for ("http", 192.168.0.14:8545)
[2m2025-12-10T10:19:07.284448Z[0m [34mDEBUG[0m [2mhyper::client::pool[0m[2m:[0m reuse idle connection for ("http", 192.168.0.14:8545)
[2m2025-12-10T10:19:07.284502Z[0m [34mDEBUG[0m [2mhyper::proto::h1::io[0m[2m:[0m flushed 172 bytes
[2m2025-12-10T10:19:07.288904Z[0m [34mDEBUG[0m [2mhyper::proto::h1::io[0m[2m:[0m parsed 4 headers
[2m2025-12-10T10:19:07.288920Z[0m [34mDEBUG[0m [2mhyper::proto::h1::conn[0m[2m:[0m incoming body is content-length (45 bytes)
[2m2025-12-10T10:19:07.288928Z[0m [34mDEBUG[0m [2mhyper::proto::h1::conn[0m[2m:[0m incoming body completed
[2m2025-12-10T10:19:07.288938Z[0m [34mDEBUG[0m [2mhyper::client::pool[0m[2m:[0m pooling idle connection for ("http", 192.168.0.14:8545)
[2m2025-12-10T10:19:07.288962Z[0m [34mDEBUG[0m [2mhyper::client::pool[0m[2m:[0m reuse idle connection for ("http", 192.168.0.14:8545)
[2m2025-12-10T10:19:07.288988Z[0m [34mDEBUG[0m [2mhyper::proto::h1::io[0m[2m:[0m flushed 172 bytes
[2m2025-12-10T10:19:07.294958Z[0m [34mDEBUG[0m [2mhyper::proto::h1::io[0m[2m:[0m parsed 4 headers
[2m2025-12-10T10:19:07.296160Z[0m [34mDEBUG[0m [2mhyper::proto::h1::conn[0m[2m:[0m incoming body is content-length (45 bytes)
[2m2025-12-10T10:19:07.296182Z[0m [34mDEBUG[0m [2mhyper::proto::h1::conn[0m[2m:[0m incoming body completed
[2m2025-12-10T10:19:07.296204Z[0m [34mDEBUG[0m [2mhyper::client::pool[0m[2m:[0m pooling idle connection for ("http", 192.168.0.14:8545)
[2m2025-12-10T10:19:07.296259Z[0m [34mDEBUG[0m [2mhyper::client::pool[0m[2m:[0m reuse idle connection for ("http", 192.168.0.14:8545)
[2m2025-12-10T10:19:07.296390Z[0m [34mDEBUG[0m [2mhyper::proto::h1::io[0m[2m:[0m flushed 172 bytes
[2m2025-12-10T10:19:07.300730Z[0m [34mDEBUG[0m [2mhyper::proto::h1::io[0m[2m:[0m parsed 4 headers
[2m2025-12-10T10:19:07.300746Z[0m [34mDEBUG[0m [2mhyper::proto::h1::conn[0m[2m:[0m incoming body is content-length (45 bytes)
[2m2025-12-10T10:19:07.300754Z[0m [34mDEBUG[0m [2mhyper::proto::h1::conn[0m[2m:[0m incoming body completed
[2m2025-12-10T10:19:07.300764Z[0m [34mDEBUG[0m [2mhyper::client::pool[0m[2m:[0m pooling idle connection for ("http", 192.168.0.14:8545)
[2m2025-12-10T10:19:07.300789Z[0m [34mDEBUG[0m [2mhyper::client::pool[0m[2m:[0m reuse idle connection for ("http", 192.168.0.14:8545)
[2m2025-12-10T10:19:07.300937Z[0m [34mDEBUG[0m [2mhyper::proto::h1::io[0m[2m:[0m flushed 172 bytes
[2m2025-12-10T10:19:07.305604Z[0m [34mDEBUG[0m [2mhyper::proto::h1::io[0m[2m:[0m parsed 4 headers
[2m2025-12-10T10:19:07.305611Z[0m [34mDEBUG[0m [2mhyper::proto::h1::conn[0m[2m:[0m incoming body is content-length (45 bytes)
[2m2025-12-10T10:19:07.305617Z[0m [34mDEBUG[0m [2mhyper::proto::h1::conn[0m[2m:[0m incoming body completed
[2m2025-12-10T10:19:07.305623Z[0m [34mDEBUG[0m [2mhyper::client::pool[0m[2m:[0m pooling idle connection for ("http", 192.168.0.14:8545)
[2m2025-12-10T10:19:07.305641Z[0m [34mDEBUG[0m [2mhyper::client::pool[0m[2m:[0m reuse idle connection for ("http", 192.168.0.14:8545)
[2m2025-12-10T10:19:07.305664Z[0m [34mDEBUG[0m [2mhyper::proto::h1::io[0m[2m:[0m flushed 172 bytes
[2m2025-12-10T10:19:07.310611Z[0m [34mDEBUG[0m [2mhyper::proto::h1::io[0m[2m:[0m parsed 4 headers
[2m2025-12-10T10:19:07.310618Z[0m [34mDEBUG[0m [2mhyper::proto::h1::conn[0m[2m:[0m incoming body is content-length (45 bytes)
[2m2025-12-10T10:19:07.310623Z[0m [34mDEBUG[0m [2mhyper::proto::h1::conn[0m[2m:[0m incoming body completed
[2m2025-12-10T10:19:07.310630Z[0m [34mDEBUG[0m [2mhyper::client::pool[0m[2m:[0m pooling idle connection for ("http", 192.168.0.14:8545)
[2m2025-12-10T10:19:07.310643Z[0m [34mDEBUG[0m [2mhyper::client::pool[0m[2m:[0m reuse idle connection for ("http", 192.168.0.14:8545)
[2m2025-12-10T10:19:07.310660Z[0m [34mDEBUG[0m [2mhyper::proto::h1::io[0m[2m:[0m flushed 172 bytes
[2m2025-12-10T10:19:07.313595Z[0m [34mDEBUG[0m [2mhyper::proto::h1::io[0m[2m:[0m parsed 4 headers
[2m2025-12-10T10:19:07.313601Z[0m [34mDEBUG[0m [2mhyper::proto::h1::conn[0m[2m:[0m incoming body is content-length (45 bytes)
[2m2025-12-10T10:19:07.313606Z[0m [34mDEBUG[0m [2mhyper::proto::h1::conn[0m[2m:[0m incoming body completed
[2m2025-12-10T10:19:07.313612Z[0m [34mDEBUG[0m [2mhyper::client::pool[0m[2m:[0m pooling idle connection for ("http", 192.168.0.14:8545)
[2m2025-12-10T10:19:07.313623Z[0m [34mDEBUG[0m [2mhyper::client::pool[0m[2m:[0m reuse idle connection for ("http", 192.168.0.14:8545)
[2m2025-12-10T10:19:07.313639Z[0m [34mDEBUG[0m [2mhyper::proto::h1::io[0m[2m:[0m flushed 172 bytes
[2m2025-12-10T10:19:07.318360Z[0m [34mDEBUG[0m [2mhyper::proto::h1::io[0m[2m:[0m parsed 4 headers
[2m2025-12-10T10:19:07.318365Z[0m [34mDEBUG[0m [2mhyper::proto::h1::conn[0m[2m:[0m incoming body is content-length (45 bytes)
[2m2025-12-10T10:19:07.318370Z[0m [34mDEBUG[0m [2mhyper::proto::h1::conn[0m[2m:[0m incoming body completed
[2m2025-12-10T10:19:07.318376Z[0m [34mDEBUG[0m [2mhyper::client::pool[0m[2m:[0m pooling idle connection for ("http", 192.168.0.14:8545)
[2m2025-12-10T10:19:07.318387Z[0m [34mDEBUG[0m [2mhyper::client::pool[0m[2m:[0m reuse idle connection for ("http", 192.168.0.14:8545)
[2m2025-12-10T10:19:07.318402Z[0m [34mDEBUG[0m [2mhyper::proto::h1::io[0m[2m:[0m flushed 172 bytes
[2m2025-12-10T10:19:07.326353Z[0m [34mDEBUG[0m [2mhyper::proto::h1::io[0m[2m:[0m parsed 4 headers
[2m2025-12-10T10:19:07.326361Z[0m [34mDEBUG[0m [2mhyper::proto::h1::conn[0m[2m:[0m incoming body is content-length (45 bytes)
[2m2025-12-10T10:19:07.326365Z[0m [34mDEBUG[0m [2mhyper::proto::h1::conn[0m[2m:[0m incoming body completed
[2m2025-12-10T10:19:07.326371Z[0m [34mDEBUG[0m [2mhyper::client::pool[0m[2m:[0m pooling idle connection for ("http", 192.168.0.14:8545)
[2m2025-12-10T10:19:07.326381Z[0m [34mDEBUG[0m [2mhyper::client::pool[0m[2m:[0m reuse idle connection for ("http", 192.168.0.14:8545)
[2m2025-12-10T10:19:07.326396Z[0m [34mDEBUG[0m [2mhyper::proto::h1::io[0m[2m:[0m flushed 172 bytes
[2m2025-12-10T10:19:07.331969Z[0m [34mDEBUG[0m [2mhyper::proto::h1::io[0m[2m:[0m parsed 4 headers
[2m2025-12-10T10:19:07.331975Z[0m [34mDEBUG[0m [2mhyper::proto::h1::conn[0m[2m:[0m incoming body is content-length (45 bytes)
[2m2025-12-10T10:19:07.331980Z[0m [34mDEBUG[0m [2mhyper::proto::h1::conn[0m[2m:[0m incoming body completed
[2m2025-12-10T10:19:07.331985Z[0m [34mDEBUG[0m [2mhyper::client::pool[0m[2m:[0m pooling idle connection for ("http", 192.168.0.14:8545)
[2m2025-12-10T10:19:07.331993Z[0m [34mDEBUG[0m [2mhyper::client::pool[0m[2m:[0m reuse idle connection for ("http", 192.168.0.14:8545)
[2m2025-12-10T10:19:07.332007Z[0m [34mDEBUG[0m [2mhyper::proto::h1::io[0m[2m:[0m flushed 172 bytes
[2m2025-12-10T10:19:07.338682Z[0m [34mDEBUG[0m [2mhyper::proto::h1::io[0m[2m:[0m parsed 4 headers
[2m2025-12-10T10:19:07.338696Z[0m [34mDEBUG[0m [2mhyper::proto::h1::conn[0m[2m:[0m incoming body is content-length (45 bytes)
[2m2025-12-10T10:19:07.338706Z[0m [34mDEBUG[0m [2mhyper::proto::h1::conn[0m[2m:[0m incoming body completed
[2m2025-12-10T10:19:07.338726Z[0m [34mDEBUG[0m [2mhyper::client::pool[0m[2m:[0m pooling idle connection for ("http", 192.168.0.14:8545)
[2m2025-12-10T10:19:07.338755Z[0m [34mDEBUG[0m [2mhyper::client::pool[0m[2m:[0m reuse idle connection for ("http", 192.168.0.14:8545)
[2m2025-12-10T10:19:07.338784Z[0m [34mDEBUG[0m [2mhyper::proto::h1::io[0m[2m:[0m flushed 172 bytes
[2m2025-12-10T10:19:07.343778Z[0m [34mDEBUG[0m [2mhyper::proto::h1::io[0m[2m:[0m parsed 4 headers
[2m2025-12-10T10:19:07.343791Z[0m [34mDEBUG[0m [2mhyper::proto::h1::conn[0m[2m:[0m incoming body is content-length (45 bytes)
[2m2025-12-10T10:19:07.343798Z[0m [34mDEBUG[0m [2mhyper::proto::h1::conn[0m[2m:[0m incoming body completed
[2m2025-12-10T10:19:07.343805Z[0m [34mDEBUG[0m [2mhyper::client::pool[0m[2m:[0m pooling idle connection for ("http", 192.168.0.14:8545)
[2m2025-12-10T10:19:07.343824Z[0m [34mDEBUG[0m [2mhyper::client::pool[0m[2m:[0m reuse idle connection for ("http", 192.168.0.14:8545)
[2m2025-12-10T10:19:07.343845Z[0m [34mDEBUG[0m [2mhyper::proto::h1::io[0m[2m:[0m flushed 172 bytes
[2m2025-12-10T10:19:07.349730Z[0m [34mDEBUG[0m [2mhyper::proto::h1::io[0m[2m:[0m parsed 4 headers
[2m2025-12-10T10:19:07.349760Z[0m [34mDEBUG[0m [2mhyper::proto::h1::conn[0m[2m:[0m incoming body is content-length (45 bytes)
[2m2025-12-10T10:19:07.349767Z[0m [34mDEBUG[0m [2mhyper::proto::h1::conn[0m[2m:[0m incoming body completed
[2m2025-12-10T10:19:07.349778Z[0m [34mDEBUG[0m [2mhyper::client::pool[0m[2m:[0m pooling idle connection for ("http", 192.168.0.14:8545)
[2m2025-12-10T10:19:07.349801Z[0m [34mDEBUG[0m [2mhyper::client::pool[0m[2m:[0m reuse idle connection for ("http", 192.168.0.14:8545)
[2m2025-12-10T10:19:07.349824Z[0m [34mDEBUG[0m [2mhyper::proto::h1::io[0m[2m:[0m flushed 172 bytes
[2m2025-12-10T10:19:07.357118Z[0m [34mDEBUG[0m [2mhyper::proto::h1::io[0m[2m:[0m parsed 4 headers
[2m2025-12-10T10:19:07.357140Z[0m [34mDEBUG[0m [2mhyper::proto::h1::conn[0m[2m:[0m incoming body is content-length (45 bytes)
[2m2025-12-10T10:19:07.357148Z[0m [34mDEBUG[0m [2mhyper::proto::h1::conn[0m[2m:[0m incoming body completed
[2m2025-12-10T10:19:07.357158Z[0m [34mDEBUG[0m [2mhyper::client::pool[0m[2m:[0m pooling idle connection for ("http", 192.168.0.14:8545)
[2m2025-12-10T10:19:07.357179Z[0m [34mDEBUG[0m [2mhyper::client::pool[0m[2m:[0m reuse idle connection for ("http", 192.168.0.14:8545)
[2m2025-12-10T10:19:07.357206Z[0m [34mDEBUG[0m [2mhyper::proto::h1::io[0m[2m:[0m flushed 172 bytes
[2m2025-12-10T10:19:07.361376Z[0m [34mDEBUG[0m [2mhyper::proto::h1::io[0m[2m:[0m parsed 4 headers
[2m2025-12-10T10:19:07.361383Z[0m [34mDEBUG[0m [2mhyper::proto::h1::conn[0m[2m:[0m incoming body is content-length (45 bytes)
[2m2025-12-10T10:19:07.361389Z[0m [34mDEBUG[0m [2mhyper::proto::h1::conn[0m[2m:[0m incoming body completed
[2m2025-12-10T10:19:07.361396Z[0m [34mDEBUG[0m [2mhyper::client::pool[0m[2m:[0m pooling idle connection for ("http", 192.168.0.14:8545)
[2m2025-12-10T10:19:07.361410Z[0m [34mDEBUG[0m [2mhyper::client::pool[0m[2m:[0m reuse idle connection for ("http", 192.168.0.14:8545)
[2m2025-12-10T10:19:07.361429Z[0m [34mDEBUG[0m [2mhyper::proto::h1::io[0m[2m:[0m flushed 172 bytes
[2m2025-12-10T10:19:07.367095Z[0m [34mDEBUG[0m [2mhyper::proto::h1::io[0m[2m:[0m parsed 4 headers
[2m2025-12-10T10:19:07.367105Z[0m [34mDEBUG[0m [2mhyper::proto::h1::conn[0m[2m:[0m incoming body is content-length (45 bytes)
[2m2025-12-10T10:19:07.367111Z[0m [34mDEBUG[0m [2mhyper::proto::h1::conn[0m[2m:[0m incoming body completed
[2m2025-12-10T10:19:07.367117Z[0m [34mDEBUG[0m [2mhyper::client::pool[0m[2m:[0m pooling idle connection for ("http", 192.168.0.14:8545)
[2m2025-12-10T10:19:07.367133Z[0m [34mDEBUG[0m [2mhyper::client::pool[0m[2m:[0m reuse idle connection for ("http", 192.168.0.14:8545)
[2m2025-12-10T10:19:07.367196Z[0m [34mDEBUG[0m [2mhyper::proto::h1::io[0m[2m:[0m flushed 172 bytes
[2m2025-12-10T10:19:07.465497Z[0m [34mDEBUG[0m [2mhyper::proto::h1::io[0m[2m:[0m parsed 4 headers
[2m2025-12-10T10:19:07.465572Z[0m [34mDEBUG[0m [2mhyper::proto::h1::conn[0m[2m:[0m incoming body is content-length (45 bytes)
[2m2025-12-10T10:19:07.465618Z[0m [34mDEBUG[0m [2mhyper::proto::h1::conn[0m[2m:[0m incoming body completed
[2m2025-12-10T10:19:07.465658Z[0m [34mDEBUG[0m [2mhyper::client::pool[0m[2m:[0m pooling idle connection for ("http", 192.168.0.14:8545)
[2m2025-12-10T10:19:07.465731Z[0m [34mDEBUG[0m [2mhyper::client::pool[0m[2m:[0m reuse idle connection for ("http", 192.168.0.14:8545)
[2m2025-12-10T10:19:07.466184Z[0m [34mDEBUG[0m [2mhyper::proto::h1::io[0m[2m:[0m flushed 172 bytes
[2m2025-12-10T10:19:07.485524Z[0m [34mDEBUG[0m [2mhyper::proto::h1::io[0m[2m:[0m parsed 4 headers
[2m2025-12-10T10:19:07.485567Z[0m [34mDEBUG[0m [2mhyper::proto::h1::conn[0m[2m:[0m incoming body is content-length (45 bytes)
[2m2025-12-10T10:19:07.485587Z[0m [34mDEBUG[0m [2mhyper::proto::h1::conn[0m[2m:[0m incoming body completed
[2m2025-12-10T10:19:07.485612Z[0m [34mDEBUG[0m [2mhyper::client::pool[0m[2m:[0m pooling idle connection for ("http", 192.168.0.14:8545)
[2m2025-12-10T10:19:07.485663Z[0m [34mDEBUG[0m [2mhyper::client::pool[0m[2m:[0m reuse idle connection for ("http", 192.168.0.14:8545)
[2m2025-12-10T10:19:07.485772Z[0m [34mDEBUG[0m [2mhyper::proto::h1::io[0m[2m:[0m flushed 172 bytes
[2m2025-12-10T10:19:07.521253Z[0m [34mDEBUG[0m [2mhyper::proto::h1::io[0m[2m:[0m parsed 4 headers
[2m2025-12-10T10:19:07.521307Z[0m [34mDEBUG[0m [2mhyper::proto::h1::conn[0m[2m:[0m incoming body is content-length (45 bytes)
[2m2025-12-10T10:19:07.521329Z[0m [34mDEBUG[0m [2mhyper::proto::h1::conn[0m[2m:[0m incoming body completed
[2m2025-12-10T10:19:07.521356Z[0m [34mDEBUG[0m [2mhyper::client::pool[0m[2m:[0m pooling idle connection for ("http", 192.168.0.14:8545)
[2m2025-12-10T10:19:07.538027Z[0m [34mDEBUG[0m [2mhyper::client::pool[0m[2m:[0m reuse idle connection for ("http", 192.168.0.14:8545)
[2m2025-12-10T10:19:07.541313Z[0m [34mDEBUG[0m [2mhyper::proto::h1::io[0m[2m:[0m flushed 172 bytes
[2m2025-12-10T10:19:07.543445Z[0m [34mDEBUG[0m [2mhyper::proto::h1::io[0m[2m:[0m parsed 4 headers
[2m2025-12-10T10:19:07.543457Z[0m [34mDEBUG[0m [2mhyper::proto::h1::conn[0m[2m:[0m incoming body is content-length (45 bytes)
[2m2025-12-10T10:19:07.543466Z[0m [34mDEBUG[0m [2mhyper::proto::h1::conn[0m[2m:[0m incoming body completed
[2m2025-12-10T10:19:07.543475Z[0m [34mDEBUG[0m [2mhyper::client::pool[0m[2m:[0m pooling idle connection for ("http", 192.168.0.14:8545)
[2m2025-12-10T10:19:07.543531Z[0m [34mDEBUG[0m [2mhyper::client::pool[0m[2m:[0m reuse idle connection for ("http", 192.168.0.14:8545)
[2m2025-12-10T10:19:07.543634Z[0m [34mDEBUG[0m [2mhyper::proto::h1::io[0m[2m:[0m flushed 172 bytes
[2m2025-12-10T10:19:07.554477Z[0m [34mDEBUG[0m [2mhyper::proto::h1::io[0m[2m:[0m parsed 4 headers
[2m2025-12-10T10:19:07.554519Z[0m [34mDEBUG[0m [2mhyper::proto::h1::conn[0m[2m:[0m incoming body is content-length (45 bytes)
[2m2025-12-10T10:19:07.554542Z[0m [34mDEBUG[0m [2mhyper::proto::h1::conn[0m[2m:[0m incoming body completed
[2m2025-12-10T10:19:07.554560Z[0m [34mDEBUG[0m [2mhyper::client::pool[0m[2m:[0m pooling idle connection for ("http", 192.168.0.14:8545)
[2m2025-12-10T10:19:07.554610Z[0m [34mDEBUG[0m [2mhyper::client::pool[0m[2m:[0m reuse idle connection for ("http", 192.168.0.14:8545)
[2m2025-12-10T10:19:07.555353Z[0m [34mDEBUG[0m [2mhyper::proto::h1::io[0m[2m:[0m flushed 172 bytes
[2m2025-12-10T10:19:07.558908Z[0m [34mDEBUG[0m [2mhyper::proto::h1::io[0m[2m:[0m parsed 4 headers
[2m2025-12-10T10:19:07.558936Z[0m [34mDEBUG[0m [2mhyper::proto::h1::conn[0m[2m:[0m incoming body is content-length (45 bytes)
[2m2025-12-10T10:19:07.558946Z[0m [34mDEBUG[0m [2mhyper::proto::h1::conn[0m[2m:[0m incoming body completed
[2m2025-12-10T10:19:07.558956Z[0m [34mDEBUG[0m [2mhyper::client::pool[0m[2m:[0m pooling idle connection for ("http", 192.168.0.14:8545)
[2m2025-12-10T10:19:07.559324Z[0m [34mDEBUG[0m [2mhyper::client::pool[0m[2m:[0m reuse idle connection for ("http", 192.168.0.14:8545)
[2m2025-12-10T10:19:07.559381Z[0m [34mDEBUG[0m [2mhyper::proto::h1::io[0m[2m:[0m flushed 172 bytes
[2m2025-12-10T10:19:07.564381Z[0m [34mDEBUG[0m [2mhyper::proto::h1::io[0m[2m:[0m parsed 4 headers
[2m2025-12-10T10:19:07.564405Z[0m [34mDEBUG[0m [2mhyper::proto::h1::conn[0m[2m:[0m incoming body is content-length (45 bytes)
[2m2025-12-10T10:19:07.564563Z[0m [34mDEBUG[0m [2mhyper::proto::h1::conn[0m[2m:[0m incoming body completed
[2m2025-12-10T10:19:07.564579Z[0m [34mDEBUG[0m [2mhyper::client::pool[0m[2m:[0m pooling idle connection for ("http", 192.168.0.14:8545)
[2m2025-12-10T10:19:07.564607Z[0m [34mDEBUG[0m [2mhyper::client::pool[0m[2m:[0m reuse idle connection for ("http", 192.168.0.14:8545)
[2m2025-12-10T10:19:07.564651Z[0m [34mDEBUG[0m [2mhyper::proto::h1::io[0m[2m:[0m flushed 172 bytes
[2m2025-12-10T10:19:07.576717Z[0m [34mDEBUG[0m [2mhyper::proto::h1::io[0m[2m:[0m parsed 4 headers
[2m2025-12-10T10:19:07.576731Z[0m [34mDEBUG[0m [2mhyper::proto::h1::conn[0m[2m:[0m incoming body is content-length (45 bytes)
[2m2025-12-10T10:19:07.576742Z[0m [34mDEBUG[0m [2mhyper::proto::h1::conn[0m[2m:[0m incoming body completed
[2m2025-12-10T10:19:07.576754Z[0m [34mDEBUG[0m [2mhyper::client::pool[0m[2m:[0m pooling idle connection for ("http", 192.168.0.14:8545)
[2m2025-12-10T10:19:07.576781Z[0m [34mDEBUG[0m [2mhyper::client::pool[0m[2m:[0m reuse idle connection for ("http", 192.168.0.14:8545)
[2m2025-12-10T10:19:07.576863Z[0m [34mDEBUG[0m [2mhyper::proto::h1::io[0m[2m:[0m flushed 172 bytes
[2m2025-12-10T10:19:07.580325Z[0m [34mDEBUG[0m [2mhyper::proto::h1::io[0m[2m:[0m parsed 4 headers
[2m2025-12-10T10:19:07.580364Z[0m [34mDEBUG[0m [2mhyper::proto::h1::conn[0m[2m:[0m incoming body is content-length (45 bytes)
[2m2025-12-10T10:19:07.580383Z[0m [34mDEBUG[0m [2mhyper::proto::h1::conn[0m[2m:[0m incoming body completed
[2m2025-12-10T10:19:07.580391Z[0m [34mDEBUG[0m [2mhyper::client::pool[0m[2m:[0m pooling idle connection for ("http", 192.168.0.14:8545)
[2m2025-12-10T10:19:07.580408Z[0m [34mDEBUG[0m [2mhyper::client::pool[0m[2m:[0m reuse idle connection for ("http", 192.168.0.14:8545)
[2m2025-12-10T10:19:07.580449Z[0m [34mDEBUG[0m [2mhyper::proto::h1::io[0m[2m:[0m flushed 172 bytes
[2m2025-12-10T10:19:07.584076Z[0m [34mDEBUG[0m [2mhyper::proto::h1::io[0m[2m:[0m parsed 4 headers
[2m2025-12-10T10:19:07.584086Z[0m [34mDEBUG[0m [2mhyper::proto::h1::conn[0m[2m:[0m incoming body is content-length (45 bytes)
[2m2025-12-10T10:19:07.584092Z[0m [34mDEBUG[0m [2mhyper::proto::h1::conn[0m[2m:[0m incoming body completed
[2m2025-12-10T10:19:07.584099Z[0m [34mDEBUG[0m [2mhyper::client::pool[0m[2m:[0m pooling idle connection for ("http", 192.168.0.14:8545)
[2m2025-12-10T10:19:07.584113Z[0m [34mDEBUG[0m [2mhyper::client::pool[0m[2m:[0m reuse idle connection for ("http", 192.168.0.14:8545)
[2m2025-12-10T10:19:07.584131Z[0m [34mDEBUG[0m [2mhyper::proto::h1::io[0m[2m:[0m flushed 172 bytes
[2m2025-12-10T10:19:07.593248Z[0m [34mDEBUG[0m [2mhyper::proto::h1::io[0m[2m:[0m parsed 4 headers
[2m2025-12-10T10:19:07.593280Z[0m [34mDEBUG[0m [2mhyper::proto::h1::conn[0m[2m:[0m incoming body is content-length (45 bytes)
[2m2025-12-10T10:19:07.593300Z[0m [34mDEBUG[0m [2mhyper::proto::h1::conn[0m[2m:[0m incoming body completed
[2m2025-12-10T10:19:07.593325Z[0m [34mDEBUG[0m [2mhyper::client::pool[0m[2m:[0m pooling idle connection for ("http", 192.168.0.14:8545)
[2m2025-12-10T10:19:07.593469Z[0m [34mDEBUG[0m [2mhyper::client::pool[0m[2m:[0m reuse idle connection for ("http", 192.168.0.14:8545)
[2m2025-12-10T10:19:07.595658Z[0m [34mDEBUG[0m [2mhyper::proto::h1::io[0m[2m:[0m flushed 172 bytes
[2m2025-12-10T10:19:07.672686Z[0m [34mDEBUG[0m [2mhyper::proto::h1::io[0m[2m:[0m parsed 4 headers
[2m2025-12-10T10:19:07.672729Z[0m [34mDEBUG[0m [2mhyper::proto::h1::conn[0m[2m:[0m incoming body is content-length (45 bytes)
[2m2025-12-10T10:19:07.672751Z[0m [34mDEBUG[0m [2mhyper::proto::h1::conn[0m[2m:[0m incoming body completed
[2m2025-12-10T10:19:07.672773Z[0m [34mDEBUG[0m [2mhyper::client::pool[0m[2m:[0m pooling idle connection for ("http", 192.168.0.14:8545)
[2m2025-12-10T10:19:07.672827Z[0m [34mDEBUG[0m [2mhyper::client::pool[0m[2m:[0m reuse idle connection for ("http", 192.168.0.14:8545)
[2m2025-12-10T10:19:07.672871Z[0m [34mDEBUG[0m [2mhyper::proto::h1::io[0m[2m:[0m flushed 172 bytes
[2m2025-12-10T10:19:07.676841Z[0m [34mDEBUG[0m [2mhyper::proto::h1::io[0m[2m:[0m parsed 4 headers
[2m2025-12-10T10:19:07.676889Z[0m [34mDEBUG[0m [2mhyper::proto::h1::conn[0m[2m:[0m incoming body is content-length (45 bytes)
[2m2025-12-10T10:19:07.676922Z[0m [34mDEBUG[0m [2mhyper::proto::h1::conn[0m[2m:[0m incoming body completed
[2m2025-12-10T10:19:07.676947Z[0m [34mDEBUG[0m [2mhyper::client::pool[0m[2m:[0m pooling idle connection for ("http", 192.168.0.14:8545)
[2m2025-12-10T10:19:07.676998Z[0m [34mDEBUG[0m [2mhyper::client::pool[0m[2m:[0m reuse idle connection for ("http", 192.168.0.14:8545)
[2m2025-12-10T10:19:07.677063Z[0m [34mDEBUG[0m [2mhyper::proto::h1::io[0m[2m:[0m flushed 172 bytes
[2m2025-12-10T10:19:07.680462Z[0m [34mDEBUG[0m [2mhyper::proto::h1::io[0m[2m:[0m parsed 4 headers
[2m2025-12-10T10:19:07.680490Z[0m [34mDEBUG[0m [2mhyper::proto::h1::conn[0m[2m:[0m incoming body is content-length (45 bytes)
[2m2025-12-10T10:19:07.680512Z[0m [34mDEBUG[0m [2mhyper::proto::h1::conn[0m[2m:[0m incoming body completed
[2m2025-12-10T10:19:07.680578Z[0m [34mDEBUG[0m [2mhyper::client::pool[0m[2m:[0m pooling idle connection for ("http", 192.168.0.14:8545)
[2m2025-12-10T10:19:07.680939Z[0m [34mDEBUG[0m [2mhyper::client::pool[0m[2m:[0m reuse idle connection for ("http", 192.168.0.14:8545)
[2m2025-12-10T10:19:07.680994Z[0m [34mDEBUG[0m [2mhyper::proto::h1::io[0m[2m:[0m flushed 172 bytes
[2m2025-12-10T10:19:07.684047Z[0m [34mDEBUG[0m [2mhyper::proto::h1::io[0m[2m:[0m parsed 4 headers
[2m2025-12-10T10:19:07.684069Z[0m [34mDEBUG[0m [2mhyper::proto::h1::conn[0m[2m:[0m incoming body is content-length (45 bytes)
[2m2025-12-10T10:19:07.684087Z[0m [34mDEBUG[0m [2mhyper::proto::h1::conn[0m[2m:[0m incoming body completed
[2m2025-12-10T10:19:07.684103Z[0m [34mDEBUG[0m [2mhyper::client::pool[0m[2m:[0m pooling idle connection for ("http", 192.168.0.14:8545)
[2m2025-12-10T10:19:07.684140Z[0m [34mDEBUG[0m [2mhyper::client::pool[0m[2m:[0m reuse idle connection for ("http", 192.168.0.14:8545)
[2m2025-12-10T10:19:07.684176Z[0m [34mDEBUG[0m [2mhyper::proto::h1::io[0m[2m:[0m flushed 172 bytes
[2m2025-12-10T10:19:07.687543Z[0m [34mDEBUG[0m [2mhyper::proto::h1::io[0m[2m:[0m parsed 4 headers
[2m2025-12-10T10:19:07.687568Z[0m [34mDEBUG[0m [2mhyper::proto::h1::conn[0m[2m:[0m incoming body is content-length (45 bytes)
[2m2025-12-10T10:19:07.687583Z[0m [34mDEBUG[0m [2mhyper::proto::h1::conn[0m[2m:[0m incoming body completed
[2m2025-12-10T10:19:07.687600Z[0m [34mDEBUG[0m [2mhyper::client::pool[0m[2m:[0m pooling idle connection for ("http", 192.168.0.14:8545)
[2m2025-12-10T10:19:07.687639Z[0m [34mDEBUG[0m [2mhyper::client::pool[0m[2m:[0m reuse idle connection for ("http", 192.168.0.14:8545)
[2m2025-12-10T10:19:07.687679Z[0m [34mDEBUG[0m [2mhyper::proto::h1::io[0m[2m:[0m flushed 172 bytes
[2m2025-12-10T10:19:07.691924Z[0m [34mDEBUG[0m [2mhyper::proto::h1::io[0m[2m:[0m parsed 4 headers
[2m2025-12-10T10:19:07.691957Z[0m [34mDEBUG[0m [2mhyper::proto::h1::conn[0m[2m:[0m incoming body is content-length (45 bytes)
[2m2025-12-10T10:19:07.691973Z[0m [34mDEBUG[0m [2mhyper::proto::h1::conn[0m[2m:[0m incoming body completed
[2m2025-12-10T10:19:07.691992Z[0m [34mDEBUG[0m [2mhyper::client::pool[0m[2m:[0m pooling idle connection for ("http", 192.168.0.14:8545)
[2m2025-12-10T10:19:07.692032Z[0m [34mDEBUG[0m [2mhyper::client::pool[0m[2m:[0m reuse idle connection for ("http", 192.168.0.14:8545)
[2m2025-12-10T10:19:07.692074Z[0m [34mDEBUG[0m [2mhyper::proto::h1::io[0m[2m:[0m flushed 172 bytes
[2m2025-12-10T10:19:07.696588Z[0m [34mDEBUG[0m [2mhyper::proto::h1::io[0m[2m:[0m parsed 4 headers
[2m2025-12-10T10:19:07.696619Z[0m [34mDEBUG[0m [2mhyper::proto::h1::conn[0m[2m:[0m incoming body is content-length (45 bytes)
[2m2025-12-10T10:19:07.696637Z[0m [34mDEBUG[0m [2mhyper::proto::h1::conn[0m[2m:[0m incoming body completed
[2m2025-12-10T10:19:07.696727Z[0m [34mDEBUG[0m [2mhyper::client::pool[0m[2m:[0m pooling idle connection for ("http", 192.168.0.14:8545)
[2m2025-12-10T10:19:07.696794Z[0m [34mDEBUG[0m [2mhyper::client::pool[0m[2m:[0m reuse idle connection for ("http", 192.168.0.14:8545)
[2m2025-12-10T10:19:07.696895Z[0m [34mDEBUG[0m [2mhyper::proto::h1::io[0m[2m:[0m flushed 172 bytes
[2m2025-12-10T10:19:07.701588Z[0m [34mDEBUG[0m [2mhyper::proto::h1::io[0m[2m:[0m parsed 4 headers
[2m2025-12-10T10:19:07.701616Z[0m [34mDEBUG[0m [2mhyper::proto::h1::conn[0m[2m:[0m incoming body is content-length (45 bytes)
[2m2025-12-10T10:19:07.701636Z[0m [34mDEBUG[0m [2mhyper::proto::h1::conn[0m[2m:[0m incoming body completed
[2m2025-12-10T10:19:07.701661Z[0m [34mDEBUG[0m [2mhyper::client::pool[0m[2m:[0m pooling idle connection for ("http", 192.168.0.14:8545)
[2m2025-12-10T10:19:07.701731Z[0m [34mDEBUG[0m [2mhyper::client::pool[0m[2m:[0m reuse idle connection for ("http", 192.168.0.14:8545)
[2m2025-12-10T10:19:07.701816Z[0m [34mDEBUG[0m [2mhyper::proto::h1::io[0m[2m:[0m flushed 172 bytes
[2m2025-12-10T10:19:07.707269Z[0m [34mDEBUG[0m [2mhyper::proto::h1::io[0m[2m:[0m parsed 4 headers
[2m2025-12-10T10:19:07.707310Z[0m [34mDEBUG[0m [2mhyper::proto::h1::conn[0m[2m:[0m incoming body is content-length (45 bytes)
[2m2025-12-10T10:19:07.707331Z[0m [34mDEBUG[0m [2mhyper::proto::h1::conn[0m[2m:[0m incoming body completed
[2m2025-12-10T10:19:07.707355Z[0m [34mDEBUG[0m [2mhyper::client::pool[0m[2m:[0m pooling idle connection for ("http", 192.168.0.14:8545)
[2m2025-12-10T10:19:07.707401Z[0m [34mDEBUG[0m [2mhyper::client::pool[0m[2m:[0m reuse idle connection for ("http", 192.168.0.14:8545)
[2m2025-12-10T10:19:07.707684Z[0m [34mDEBUG[0m [2mhyper::proto::h1::io[0m[2m:[0m flushed 172 bytes
[2m2025-12-10T10:19:07.711515Z[0m [34mDEBUG[0m [2mhyper::proto::h1::io[0m[2m:[0m parsed 4 headers
[2m2025-12-10T10:19:07.711616Z[0m [34mDEBUG[0m [2mhyper::proto::h1::conn[0m[2m:[0m incoming body is content-length (45 bytes)
[2m2025-12-10T10:19:07.711639Z[0m [34mDEBUG[0m [2mhyper::proto::h1::conn[0m[2m:[0m incoming body completed
[2m2025-12-10T10:19:07.711660Z[0m [34mDEBUG[0m [2mhyper::client::pool[0m[2m:[0m pooling idle connection for ("http", 192.168.0.14:8545)
[2m2025-12-10T10:19:07.711706Z[0m [34mDEBUG[0m [2mhyper::client::pool[0m[2m:[0m reuse idle connection for ("http", 192.168.0.14:8545)
[2m2025-12-10T10:19:07.711758Z[0m [34mDEBUG[0m [2mhyper::proto::h1::io[0m[2m:[0m flushed 172 bytes
[2m2025-12-10T10:19:07.715174Z[0m [34mDEBUG[0m [2mhyper::proto::h1::io[0m[2m:[0m parsed 4 headers
[2m2025-12-10T10:19:07.715239Z[0m [34mDEBUG[0m [2mhyper::proto::h1::conn[0m[2m:[0m incoming body is content-length (45 bytes)
[2m2025-12-10T10:19:07.715264Z[0m [34mDEBUG[0m [2mhyper::proto::h1::conn[0m[2m:[0m incoming body completed
[2m2025-12-10T10:19:07.715291Z[0m [34mDEBUG[0m [2mhyper::client::pool[0m[2m:[0m pooling idle connection for ("http", 192.168.0.14:8545)
[2m2025-12-10T10:19:07.715339Z[0m [34mDEBUG[0m [2mhyper::client::pool[0m[2m:[0m reuse idle connection for ("http", 192.168.0.14:8545)
[2m2025-12-10T10:19:07.715524Z[0m [34mDEBUG[0m [2mhyper::proto::h1::io[0m[2m:[0m flushed 172 bytes
[2m2025-12-10T10:19:07.720212Z[0m [34mDEBUG[0m [2mhyper::proto::h1::io[0m[2m:[0m parsed 4 headers
[2m2025-12-10T10:19:07.720235Z[0m [34mDEBUG[0m [2mhyper::proto::h1::conn[0m[2m:[0m incoming body is content-length (45 bytes)
[2m2025-12-10T10:19:07.720244Z[0m [34mDEBUG[0m [2mhyper::proto::h1::conn[0m[2m:[0m incoming body completed
[2m2025-12-10T10:19:07.720303Z[0m [34mDEBUG[0m [2mhyper::client::pool[0m[2m:[0m pooling idle connection for ("http", 192.168.0.14:8545)
[2m2025-12-10T10:19:07.720331Z[0m [34mDEBUG[0m [2mhyper::client::pool[0m[2m:[0m reuse idle connection for ("http", 192.168.0.14:8545)
[2m2025-12-10T10:19:07.720365Z[0m [34mDEBUG[0m [2mhyper::proto::h1::io[0m[2m:[0m flushed 172 bytes
[2m2025-12-10T10:19:07.734510Z[0m [34mDEBUG[0m [2mhyper::proto::h1::io[0m[2m:[0m parsed 4 headers
[2m2025-12-10T10:19:07.734524Z[0m [34mDEBUG[0m [2mhyper::proto::h1::conn[0m[2m:[0m incoming body is content-length (45 bytes)
[2m2025-12-10T10:19:07.734534Z[0m [34mDEBUG[0m [2mhyper::proto::h1::conn[0m[2m:[0m incoming body completed
[2m2025-12-10T10:19:07.734545Z[0m [34mDEBUG[0m [2mhyper::client::pool[0m[2m:[0m pooling idle connection for ("http", 192.168.0.14:8545)
[2m2025-12-10T10:19:07.734572Z[0m [34mDEBUG[0m [2mhyper::client::pool[0m[2m:[0m reuse idle connection for ("http", 192.168.0.14:8545)
[2m2025-12-10T10:19:07.734602Z[0m [34mDEBUG[0m [2mhyper::proto::h1::io[0m[2m:[0m flushed 172 bytes
[2m2025-12-10T10:19:07.737370Z[0m [34mDEBUG[0m [2mhyper::proto::h1::io[0m[2m:[0m parsed 4 headers
[2m2025-12-10T10:19:07.737376Z[0m [34mDEBUG[0m [2mhyper::proto::h1::conn[0m[2m:[0m incoming body is content-length (45 bytes)
[2m2025-12-10T10:19:07.737382Z[0m [34mDEBUG[0m [2mhyper::proto::h1::conn[0m[2m:[0m incoming body completed
[2m2025-12-10T10:19:07.737388Z[0m [34mDEBUG[0m [2mhyper::client::pool[0m[2m:[0m pooling idle connection for ("http", 192.168.0.14:8545)
[2m2025-12-10T10:19:07.737403Z[0m [34mDEBUG[0m [2mhyper::client::pool[0m[2m:[0m reuse idle connection for ("http", 192.168.0.14:8545)
[2m2025-12-10T10:19:07.737419Z[0m [34mDEBUG[0m [2mhyper::proto::h1::io[0m[2m:[0m flushed 172 bytes
[2m2025-12-10T10:19:07.742540Z[0m [34mDEBUG[0m [2mhyper::proto::h1::io[0m[2m:[0m parsed 4 headers
[2m2025-12-10T10:19:07.742575Z[0m [34mDEBUG[0m [2mhyper::proto::h1::conn[0m[2m:[0m incoming body is content-length (45 bytes)
[2m2025-12-10T10:19:07.742590Z[0m [34mDEBUG[0m [2mhyper::proto::h1::conn[0m[2m:[0m incoming body completed
[2m2025-12-10T10:19:07.742610Z[0m [34mDEBUG[0m [2mhyper::client::pool[0m[2m:[0m pooling idle connection for ("http", 192.168.0.14:8545)
[2m2025-12-10T10:19:07.742657Z[0m [34mDEBUG[0m [2mhyper::client::pool[0m[2m:[0m reuse idle connection for ("http", 192.168.0.14:8545)
[2m2025-12-10T10:19:07.742726Z[0m [34mDEBUG[0m [2mhyper::proto::h1::io[0m[2m:[0m flushed 172 bytes
[2m2025-12-10T10:19:07.746103Z[0m [34mDEBUG[0m [2mhyper::proto::h1::io[0m[2m:[0m parsed 4 headers
[2m2025-12-10T10:19:07.746132Z[0m [34mDEBUG[0m [2mhyper::proto::h1::conn[0m[2m:[0m incoming body is content-length (45 bytes)
[2m2025-12-10T10:19:07.746149Z[0m [34mDEBUG[0m [2mhyper::proto::h1::conn[0m[2m:[0m incoming body completed
[2m2025-12-10T10:19:07.746169Z[0m [34mDEBUG[0m [2mhyper::client::pool[0m[2m:[0m pooling idle connection for ("http", 192.168.0.14:8545)
[2m2025-12-10T10:19:07.746210Z[0m [34mDEBUG[0m [2mhyper::client::pool[0m[2m:[0m reuse idle connection for ("http", 192.168.0.14:8545)
[2m2025-12-10T10:19:07.746251Z[0m [34mDEBUG[0m [2mhyper::proto::h1::io[0m[2m:[0m flushed 172 bytes
[2m2025-12-10T10:19:07.750149Z[0m [34mDEBUG[0m [2mhyper::proto::h1::io[0m[2m:[0m parsed 4 headers
[2m2025-12-10T10:19:07.750175Z[0m [34mDEBUG[0m [2mhyper::proto::h1::conn[0m[2m:[0m incoming body is content-length (45 bytes)
[2m2025-12-10T10:19:07.750191Z[0m [34mDEBUG[0m [2mhyper::proto::h1::conn[0m[2m:[0m incoming body completed
[2m2025-12-10T10:19:07.750210Z[0m [34mDEBUG[0m [2mhyper::client::pool[0m[2m:[0m pooling idle connection for ("http", 192.168.0.14:8545)
[2m2025-12-10T10:19:07.755043Z[0m [34mDEBUG[0m [2mhyper::client::pool[0m[2m:[0m reuse idle connection for ("http", 192.168.0.14:8545)
[2m2025-12-10T10:19:07.755197Z[0m [34mDEBUG[0m [2mhyper::proto::h1::io[0m[2m:[0m flushed 172 bytes
[2m2025-12-10T10:19:07.758003Z[0m [34mDEBUG[0m [2mhyper::proto::h1::io[0m[2m:[0m parsed 4 headers
[2m2025-12-10T10:19:07.758038Z[0m [34mDEBUG[0m [2mhyper::proto::h1::conn[0m[2m:[0m incoming body is content-length (45 bytes)
[2m2025-12-10T10:19:07.764015Z[0m [34mDEBUG[0m [2mhyper::proto::h1::conn[0m[2m:[0m incoming body completed
[2m2025-12-10T10:19:07.764097Z[0m [34mDEBUG[0m [2mhyper::client::pool[0m[2m:[0m pooling idle connection for ("http", 192.168.0.14:8545)
[2m2025-12-10T10:19:07.764153Z[0m [34mDEBUG[0m [2mhyper::client::pool[0m[2m:[0m reuse idle connection for ("http", 192.168.0.14:8545)
[2m2025-12-10T10:19:07.764206Z[0m [34mDEBUG[0m [2mhyper::proto::h1::io[0m[2m:[0m flushed 172 bytes
[2m2025-12-10T10:19:07.768327Z[0m [34mDEBUG[0m [2mhyper::proto::h1::io[0m[2m:[0m parsed 4 headers
[2m2025-12-10T10:19:07.768352Z[0m [34mDEBUG[0m [2mhyper::proto::h1::conn[0m[2m:[0m incoming body is content-length (45 bytes)
[2m2025-12-10T10:19:07.768369Z[0m [34mDEBUG[0m [2mhyper::proto::h1::conn[0m[2m:[0m incoming body completed
[2m2025-12-10T10:19:07.768390Z[0m [34mDEBUG[0m [2mhyper::client::pool[0m[2m:[0m pooling idle connection for ("http", 192.168.0.14:8545)
[2m2025-12-10T10:19:07.768435Z[0m [34mDEBUG[0m [2mhyper::client::pool[0m[2m:[0m reuse idle connection for ("http", 192.168.0.14:8545)
[2m2025-12-10T10:19:07.768474Z[0m [34mDEBUG[0m [2mhyper::proto::h1::io[0m[2m:[0m flushed 172 bytes
[2m2025-12-10T10:19:07.772646Z[0m [34mDEBUG[0m [2mhyper::proto::h1::io[0m[2m:[0m parsed 4 headers
[2m2025-12-10T10:19:07.772995Z[0m [34mDEBUG[0m [2mhyper::proto::h1::conn[0m[2m:[0m incoming body is content-length (45 bytes)
[2m2025-12-10T10:19:07.773036Z[0m [34mDEBUG[0m [2mhyper::proto::h1::conn[0m[2m:[0m incoming body completed
[2m2025-12-10T10:19:07.773066Z[0m [34mDEBUG[0m [2mhyper::client::pool[0m[2m:[0m pooling idle connection for ("http", 192.168.0.14:8545)
[2m2025-12-10T10:19:07.773119Z[0m [34mDEBUG[0m [2mhyper::client::pool[0m[2m:[0m reuse idle connection for ("http", 192.168.0.14:8545)
[2m2025-12-10T10:19:07.773185Z[0m [34mDEBUG[0m [2mhyper::proto::h1::io[0m[2m:[0m flushed 172 bytes
[2m2025-12-10T10:19:07.776032Z[0m [34mDEBUG[0m [2mhyper::proto::h1::io[0m[2m:[0m parsed 4 headers
[2m2025-12-10T10:19:07.776057Z[0m [34mDEBUG[0m [2mhyper::proto::h1::conn[0m[2m:[0m incoming body is content-length (45 bytes)
[2m2025-12-10T10:19:07.776071Z[0m [34mDEBUG[0m [2mhyper::proto::h1::conn[0m[2m:[0m incoming body completed
[2m2025-12-10T10:19:07.776087Z[0m [34mDEBUG[0m [2mhyper::client::pool[0m[2m:[0m pooling idle connection for ("http", 192.168.0.14:8545)
[2m2025-12-10T10:19:07.776124Z[0m [34mDEBUG[0m [2mhyper::client::pool[0m[2m:[0m reuse idle connection for ("http", 192.168.0.14:8545)
[2m2025-12-10T10:19:07.776162Z[0m [34mDEBUG[0m [2mhyper::proto::h1::io[0m[2m:[0m flushed 172 bytes
[2m2025-12-10T10:19:07.779946Z[0m [34mDEBUG[0m [2mhyper::proto::h1::io[0m[2m:[0m parsed 4 headers
[2m2025-12-10T10:19:07.779979Z[0m [34mDEBUG[0m [2mhyper::proto::h1::conn[0m[2m:[0m incoming body is content-length (45 bytes)
[2m2025-12-10T10:19:07.779995Z[0m [34mDEBUG[0m [2mhyper::proto::h1::conn[0m[2m:[0m incoming body completed
[2m2025-12-10T10:19:07.780016Z[0m [34mDEBUG[0m [2mhyper::client::pool[0m[2m:[0m pooling idle connection for ("http", 192.168.0.14:8545)
[2m2025-12-10T10:19:07.780062Z[0m [34mDEBUG[0m [2mhyper::client::pool[0m[2m:[0m reuse idle connection for ("http", 192.168.0.14:8545)
[2m2025-12-10T10:19:07.780109Z[0m [34mDEBUG[0m [2mhyper::proto::h1::io[0m[2m:[0m flushed 172 bytes
[2m2025-12-10T10:19:07.791413Z[0m [34mDEBUG[0m [2mhyper::proto::h1::io[0m[2m:[0m parsed 4 headers
[2m2025-12-10T10:19:07.791457Z[0m [34mDEBUG[0m [2mhyper::proto::h1::conn[0m[2m:[0m incoming body is content-length (45 bytes)
[2m2025-12-10T10:19:07.791475Z[0m [34mDEBUG[0m [2mhyper::proto::h1::conn[0m[2m:[0m incoming body completed
[2m2025-12-10T10:19:07.791498Z[0m [34mDEBUG[0m [2mhyper::client::pool[0m[2m:[0m pooling idle connection for ("http", 192.168.0.14:8545)
[2m2025-12-10T10:19:07.791547Z[0m [34mDEBUG[0m [2mhyper::client::pool[0m[2m:[0m reuse idle connection for ("http", 192.168.0.14:8545)
[2m2025-12-10T10:19:07.791636Z[0m [34mDEBUG[0m [2mhyper::proto::h1::io[0m[2m:[0m flushed 172 bytes
[2m2025-12-10T10:19:07.889364Z[0m [34mDEBUG[0m [2mhyper::proto::h1::io[0m[2m:[0m parsed 4 headers
[2m2025-12-10T10:19:07.892124Z[0m [34mDEBUG[0m [2mhyper::proto::h1::conn[0m[2m:[0m incoming body is content-length (45 bytes)
[2m2025-12-10T10:19:07.892576Z[0m [34mDEBUG[0m [2mhyper::proto::h1::conn[0m[2m:[0m incoming body completed
[2m2025-12-10T10:19:07.892594Z[0m [34mDEBUG[0m [2mhyper::client::pool[0m[2m:[0m pooling idle connection for ("http", 192.168.0.14:8545)
[2m2025-12-10T10:19:07.892678Z[0m [34mDEBUG[0m [2mhyper::client::pool[0m[2m:[0m reuse idle connection for ("http", 192.168.0.14:8545)
[2m2025-12-10T10:19:07.892811Z[0m [34mDEBUG[0m [2mhyper::proto::h1::io[0m[2m:[0m flushed 172 bytes
[2m2025-12-10T10:19:07.905157Z[0m [34mDEBUG[0m [2mhyper::proto::h1::io[0m[2m:[0m parsed 4 headers
[2m2025-12-10T10:19:07.905168Z[0m [34mDEBUG[0m [2mhyper::proto::h1::conn[0m[2m:[0m incoming body is content-length (45 bytes)
[2m2025-12-10T10:19:07.905179Z[0m [34mDEBUG[0m [2mhyper::proto::h1::conn[0m[2m:[0m incoming body completed
[2m2025-12-10T10:19:07.905191Z[0m [34mDEBUG[0m [2mhyper::client::pool[0m[2m:[0m pooling idle connection for ("http", 192.168.0.14:8545)
[2m2025-12-10T10:19:07.905250Z[0m [34mDEBUG[0m [2mhyper::client::pool[0m[2m:[0m reuse idle connection for ("http", 192.168.0.14:8545)
[2m2025-12-10T10:19:07.905585Z[0m [34mDEBUG[0m [2mhyper::proto::h1::io[0m[2m:[0m flushed 172 bytes
[2m2025-12-10T10:19:07.909904Z[0m [34mDEBUG[0m [2mhyper::proto::h1::io[0m[2m:[0m parsed 4 headers
[2m2025-12-10T10:19:07.909960Z[0m [34mDEBUG[0m [2mhyper::proto::h1::conn[0m[2m:[0m incoming body is content-length (45 bytes)
[2m2025-12-10T10:19:07.909971Z[0m [34mDEBUG[0m [2mhyper::proto::h1::conn[0m[2m:[0m incoming body completed
[2m2025-12-10T10:19:07.909983Z[0m [34mDEBUG[0m [2mhyper::client::pool[0m[2m:[0m pooling idle connection for ("http", 192.168.0.14:8545)
[2m2025-12-10T10:19:07.910008Z[0m [34mDEBUG[0m [2mhyper::client::pool[0m[2m:[0m reuse idle connection for ("http", 192.168.0.14:8545)
[2m2025-12-10T10:19:07.910109Z[0m [34mDEBUG[0m [2mhyper::proto::h1::io[0m[2m:[0m flushed 172 bytes
[2m2025-12-10T10:19:07.913768Z[0m [34mDEBUG[0m [2mhyper::proto::h1::io[0m[2m:[0m parsed 4 headers
[2m2025-12-10T10:19:07.913781Z[0m [34mDEBUG[0m [2mhyper::proto::h1::conn[0m[2m:[0m incoming body is content-length (45 bytes)
[2m2025-12-10T10:19:07.913791Z[0m [34mDEBUG[0m [2mhyper::proto::h1::conn[0m[2m:[0m incoming body completed
[2m2025-12-10T10:19:07.913799Z[0m [34mDEBUG[0m [2mhyper::client::pool[0m[2m:[0m pooling idle connection for ("http", 192.168.0.14:8545)
[2m2025-12-10T10:19:07.913883Z[0m [34mDEBUG[0m [2mhyper::client::pool[0m[2m:[0m reuse idle connection for ("http", 192.168.0.14:8545)
[2m2025-12-10T10:19:07.913933Z[0m [34mDEBUG[0m [2mhyper::proto::h1::io[0m[2m:[0m flushed 172 bytes
[2m2025-12-10T10:19:07.917743Z[0m [34mDEBUG[0m [2mhyper::proto::h1::io[0m[2m:[0m parsed 4 headers
[2m2025-12-10T10:19:07.917751Z[0m [34mDEBUG[0m [2mhyper::proto::h1::conn[0m[2m:[0m incoming body is content-length (45 bytes)
[2m2025-12-10T10:19:07.917757Z[0m [34mDEBUG[0m [2mhyper::proto::h1::conn[0m[2m:[0m incoming body completed
[2m2025-12-10T10:19:07.917763Z[0m [34mDEBUG[0m [2mhyper::client::pool[0m[2m:[0m pooling idle connection for ("http", 192.168.0.14:8545)
[2m2025-12-10T10:19:07.917779Z[0m [34mDEBUG[0m [2mhyper::client::pool[0m[2m:[0m reuse idle connection for ("http", 192.168.0.14:8545)
[2m2025-12-10T10:19:07.917802Z[0m [34mDEBUG[0m [2mhyper::proto::h1::io[0m[2m:[0m flushed 172 bytes
[2m2025-12-10T10:19:07.923533Z[0m [34mDEBUG[0m [2mhyper::proto::h1::io[0m[2m:[0m parsed 4 headers
[2m2025-12-10T10:19:07.923543Z[0m [34mDEBUG[0m [2mhyper::proto::h1::conn[0m[2m:[0m incoming body is content-length (45 bytes)
[2m2025-12-10T10:19:07.923550Z[0m [34mDEBUG[0m [2mhyper::proto::h1::conn[0m[2m:[0m incoming body completed
[2m2025-12-10T10:19:07.923557Z[0m [34mDEBUG[0m [2mhyper::client::pool[0m[2m:[0m pooling idle connection for ("http", 192.168.0.14:8545)
[2m2025-12-10T10:19:07.923573Z[0m [34mDEBUG[0m [2mhyper::client::pool[0m[2m:[0m reuse idle connection for ("http", 192.168.0.14:8545)
[2m2025-12-10T10:19:07.923594Z[0m [34mDEBUG[0m [2mhyper::proto::h1::io[0m[2m:[0m flushed 172 bytes
[2m2025-12-10T10:19:07.928667Z[0m [34mDEBUG[0m [2mhyper::proto::h1::io[0m[2m:[0m parsed 4 headers
[2m2025-12-10T10:19:07.928678Z[0m [34mDEBUG[0m [2mhyper::proto::h1::conn[0m[2m:[0m incoming body is content-length (45 bytes)
[2m2025-12-10T10:19:07.928683Z[0m [34mDEBUG[0m [2mhyper::proto::h1::conn[0m[2m:[0m incoming body completed
[2m2025-12-10T10:19:07.955863Z[0m [34mDEBUG[0m [2mhyper::client::pool[0m[2m:[0m pooling idle connection for ("http", 192.168.0.14:8545)
[2m2025-12-10T10:19:07.955952Z[0m [34mDEBUG[0m [2mhyper::client::pool[0m[2m:[0m reuse idle connection for ("http", 192.168.0.14:8545)
[2m2025-12-10T10:19:07.956087Z[0m [34mDEBUG[0m [2mhyper::proto::h1::io[0m[2m:[0m flushed 172 bytes
[2m2025-12-10T10:19:07.977143Z[0m [34mDEBUG[0m [2mhyper::proto::h1::io[0m[2m:[0m parsed 4 headers
[2m2025-12-10T10:19:07.977186Z[0m [34mDEBUG[0m [2mhyper::proto::h1::conn[0m[2m:[0m incoming body is content-length (45 bytes)
[2m2025-12-10T10:19:07.977204Z[0m [34mDEBUG[0m [2mhyper::proto::h1::conn[0m[2m:[0m incoming body completed
[2m2025-12-10T10:19:07.977228Z[0m [34mDEBUG[0m [2mhyper::client::pool[0m[2m:[0m pooling idle connection for ("http", 192.168.0.14:8545)
[2m2025-12-10T10:19:07.977275Z[0m [34mDEBUG[0m [2mhyper::client::pool[0m[2m:[0m reuse idle connection for ("http", 192.168.0.14:8545)
[2m2025-12-10T10:19:07.977375Z[0m [34mDEBUG[0m [2mhyper::proto::h1::io[0m[2m:[0m flushed 172 bytes
[2m2025-12-10T10:19:08.000403Z[0m [34mDEBUG[0m [2mhyper::proto::h1::io[0m[2m:[0m parsed 4 headers
[2m2025-12-10T10:19:08.000427Z[0m [34mDEBUG[0m [2mhyper::proto::h1::conn[0m[2m:[0m incoming body is content-length (45 bytes)
[2m2025-12-10T10:19:08.000444Z[0m [34mDEBUG[0m [2mhyper::proto::h1::conn[0m[2m:[0m incoming body completed
[2m2025-12-10T10:19:08.000463Z[0m [34mDEBUG[0m [2mhyper::client::pool[0m[2m:[0m pooling idle connection for ("http", 192.168.0.14:8545)
[2m2025-12-10T10:19:08.000502Z[0m [34mDEBUG[0m [2mhyper::client::pool[0m[2m:[0m reuse idle connection for ("http", 192.168.0.14:8545)
[2m2025-12-10T10:19:08.000543Z[0m [34mDEBUG[0m [2mhyper::proto::h1::io[0m[2m:[0m flushed 172 bytes
[2m2025-12-10T10:19:08.006799Z[0m [34mDEBUG[0m [2mhyper::proto::h1::io[0m[2m:[0m parsed 4 headers
[2m2025-12-10T10:19:08.006847Z[0m [34mDEBUG[0m [2mhyper::proto::h1::conn[0m[2m:[0m incoming body is content-length (45 bytes)
[2m2025-12-10T10:19:08.006867Z[0m [34mDEBUG[0m [2mhyper::proto::h1::conn[0m[2m:[0m incoming body completed
[2m2025-12-10T10:19:08.006880Z[0m [34mDEBUG[0m [2mhyper::client::pool[0m[2m:[0m pooling idle connection for ("http", 192.168.0.14:8545)
[2m2025-12-10T10:19:08.006942Z[0m [34mDEBUG[0m [2mhyper::client::pool[0m[2m:[0m reuse idle connection for ("http", 192.168.0.14:8545)
[2m2025-12-10T10:19:08.006980Z[0m [34mDEBUG[0m [2mhyper::proto::h1::io[0m[2m:[0m flushed 172 bytes
[2m2025-12-10T10:19:08.012921Z[0m [34mDEBUG[0m [2mhyper::proto::h1::io[0m[2m:[0m parsed 4 headers
[2m2025-12-10T10:19:08.012958Z[0m [34mDEBUG[0m [2mhyper::proto::h1::conn[0m[2m:[0m incoming body is content-length (45 bytes)
[2m2025-12-10T10:19:08.012974Z[0m [34mDEBUG[0m [2mhyper::proto::h1::conn[0m[2m:[0m incoming body completed
[2m2025-12-10T10:19:08.012994Z[0m [34mDEBUG[0m [2mhyper::client::pool[0m[2m:[0m pooling idle connection for ("http", 192.168.0.14:8545)
[2m2025-12-10T10:19:08.013150Z[0m [34mDEBUG[0m [2mhyper::client::pool[0m[2m:[0m reuse idle connection for ("http", 192.168.0.14:8545)
[2m2025-12-10T10:19:08.013228Z[0m [34mDEBUG[0m [2mhyper::proto::h1::io[0m[2m:[0m flushed 172 bytes
[2m2025-12-10T10:19:08.017398Z[0m [34mDEBUG[0m [2mhyper::proto::h1::io[0m[2m:[0m parsed 4 headers
[2m2025-12-10T10:19:08.017444Z[0m [34mDEBUG[0m [2mhyper::proto::h1::conn[0m[2m:[0m incoming body is content-length (45 bytes)
[2m2025-12-10T10:19:08.017502Z[0m [34mDEBUG[0m [2mhyper::proto::h1::conn[0m[2m:[0m incoming body completed
[2m2025-12-10T10:19:08.017531Z[0m [34mDEBUG[0m [2mhyper::client::pool[0m[2m:[0m pooling idle connection for ("http", 192.168.0.14:8545)
[2m2025-12-10T10:19:08.017578Z[0m [34mDEBUG[0m [2mhyper::client::pool[0m[2m:[0m reuse idle connection for ("http", 192.168.0.14:8545)
[2m2025-12-10T10:19:08.017658Z[0m [34mDEBUG[0m [2mhyper::proto::h1::io[0m[2m:[0m flushed 172 bytes
[2m2025-12-10T10:19:08.044535Z[0m [34mDEBUG[0m [2mhyper::proto::h1::io[0m[2m:[0m parsed 4 headers
[2m2025-12-10T10:19:08.044601Z[0m [34mDEBUG[0m [2mhyper::proto::h1::conn[0m[2m:[0m incoming body is content-length (45 bytes)
[2m2025-12-10T10:19:08.044622Z[0m [34mDEBUG[0m [2mhyper::proto::h1::conn[0m[2m:[0m incoming body completed
[2m2025-12-10T10:19:08.044650Z[0m [34mDEBUG[0m [2mhyper::client::pool[0m[2m:[0m pooling idle connection for ("http", 192.168.0.14:8545)
[2m2025-12-10T10:19:08.044702Z[0m [34mDEBUG[0m [2mhyper::client::pool[0m[2m:[0m reuse idle connection for ("http", 192.168.0.14:8545)
[2m2025-12-10T10:19:08.044783Z[0m [34mDEBUG[0m [2mhyper::proto::h1::io[0m[2m:[0m flushed 172 bytes
[2m2025-12-10T10:19:08.049029Z[0m [34mDEBUG[0m [2mhyper::proto::h1::io[0m[2m:[0m parsed 4 headers
[2m2025-12-10T10:19:08.049043Z[0m [34mDEBUG[0m [2mhyper::proto::h1::conn[0m[2m:[0m incoming body is content-length (45 bytes)
[2m2025-12-10T10:19:08.049053Z[0m [34mDEBUG[0m [2mhyper::proto::h1::conn[0m[2m:[0m incoming body completed
[2m2025-12-10T10:19:08.049065Z[0m [34mDEBUG[0m [2mhyper::client::pool[0m[2m:[0m pooling idle connection for ("http", 192.168.0.14:8545)
[2m2025-12-10T10:19:08.049152Z[0m [34mDEBUG[0m [2mhyper::client::pool[0m[2m:[0m reuse idle connection for ("http", 192.168.0.14:8545)
[2m2025-12-10T10:19:08.049179Z[0m [34mDEBUG[0m [2mhyper::proto::h1::io[0m[2m:[0m flushed 172 bytes
[2m2025-12-10T10:19:08.054413Z[0m [34mDEBUG[0m [2mhyper::proto::h1::io[0m[2m:[0m parsed 4 headers
[2m2025-12-10T10:19:08.054425Z[0m [34mDEBUG[0m [2mhyper::proto::h1::conn[0m[2m:[0m incoming body is content-length (45 bytes)
[2m2025-12-10T10:19:08.054432Z[0m [34mDEBUG[0m [2mhyper::proto::h1::conn[0m[2m:[0m incoming body completed
[2m2025-12-10T10:19:08.054441Z[0m [34mDEBUG[0m [2mhyper::client::pool[0m[2m:[0m pooling idle connection for ("http", 192.168.0.14:8545)
[2m2025-12-10T10:19:08.054463Z[0m [34mDEBUG[0m [2mhyper::client::pool[0m[2m:[0m reuse idle connection for ("http", 192.168.0.14:8545)
[2m2025-12-10T10:19:08.054486Z[0m [34mDEBUG[0m [2mhyper::proto::h1::io[0m[2m:[0m flushed 172 bytes
[2m2025-12-10T10:19:08.060686Z[0m [34mDEBUG[0m [2mhyper::proto::h1::io[0m[2m:[0m parsed 4 headers
[2m2025-12-10T10:19:08.060699Z[0m [34mDEBUG[0m [2mhyper::proto::h1::conn[0m[2m:[0m incoming body is content-length (45 bytes)
[2m2025-12-10T10:19:08.060755Z[0m [34mDEBUG[0m [2mhyper::proto::h1::conn[0m[2m:[0m incoming body completed
[2m2025-12-10T10:19:08.060791Z[0m [34mDEBUG[0m [2mhyper::client::pool[0m[2m:[0m pooling idle connection for ("http", 192.168.0.14:8545)
[2m2025-12-10T10:19:08.060838Z[0m [34mDEBUG[0m [2mhyper::client::pool[0m[2m:[0m reuse idle connection for ("http", 192.168.0.14:8545)
[2m2025-12-10T10:19:08.060865Z[0m [34mDEBUG[0m [2mhyper::proto::h1::io[0m[2m:[0m flushed 172 bytes
[2m2025-12-10T10:19:08.066506Z[0m [34mDEBUG[0m [2mhyper::proto::h1::io[0m[2m:[0m parsed 4 headers
[2m2025-12-10T10:19:08.066634Z[0m [34mDEBUG[0m [2mhyper::proto::h1::conn[0m[2m:[0m incoming body is content-length (45 bytes)
[2m2025-12-10T10:19:08.066661Z[0m [34mDEBUG[0m [2mhyper::proto::h1::conn[0m[2m:[0m incoming body completed
[2m2025-12-10T10:19:08.066669Z[0m [34mDEBUG[0m [2mhyper::client::pool[0m[2m:[0m pooling idle connection for ("http", 192.168.0.14:8545)
[2m2025-12-10T10:19:08.066688Z[0m [34mDEBUG[0m [2mhyper::client::pool[0m[2m:[0m reuse idle connection for ("http", 192.168.0.14:8545)
[2m2025-12-10T10:19:08.066707Z[0m [34mDEBUG[0m [2mhyper::proto::h1::io[0m[2m:[0m flushed 172 bytes
[2m2025-12-10T10:19:08.071945Z[0m [34mDEBUG[0m [2mhyper::proto::h1::io[0m[2m:[0m parsed 4 headers
[2m2025-12-10T10:19:08.071958Z[0m [34mDEBUG[0m [2mhyper::proto::h1::conn[0m[2m:[0m incoming body is content-length (45 bytes)
[2m2025-12-10T10:19:08.071969Z[0m [34mDEBUG[0m [2mhyper::proto::h1::conn[0m[2m:[0m incoming body completed
[2m2025-12-10T10:19:08.071987Z[0m [34mDEBUG[0m [2mhyper::client::pool[0m[2m:[0m pooling idle connection for ("http", 192.168.0.14:8545)
[2m2025-12-10T10:19:08.072010Z[0m [34mDEBUG[0m [2mhyper::client::pool[0m[2m:[0m reuse idle connection for ("http", 192.168.0.14:8545)
[2m2025-12-10T10:19:08.072031Z[0m [34mDEBUG[0m [2mhyper::proto::h1::io[0m[2m:[0m flushed 172 bytes
[2m2025-12-10T10:19:08.076782Z[0m [34mDEBUG[0m [2mhyper::proto::h1::io[0m[2m:[0m parsed 4 headers
[2m2025-12-10T10:19:08.076796Z[0m [34mDEBUG[0m [2mhyper::proto::h1::conn[0m[2m:[0m incoming body is content-length (45 bytes)
[2m2025-12-10T10:19:08.076803Z[0m [34mDEBUG[0m [2mhyper::proto::h1::conn[0m[2m:[0m incoming body completed
[2m2025-12-10T10:19:08.076811Z[0m [34mDEBUG[0m [2mhyper::client::pool[0m[2m:[0m pooling idle connection for ("http", 192.168.0.14:8545)
[2m2025-12-10T10:19:08.076829Z[0m [34mDEBUG[0m [2mhyper::client::pool[0m[2m:[0m reuse idle connection for ("http", 192.168.0.14:8545)
[2m2025-12-10T10:19:08.076852Z[0m [34mDEBUG[0m [2mhyper::proto::h1::io[0m[2m:[0m flushed 172 bytes
[2m2025-12-10T10:19:08.081086Z[0m [34mDEBUG[0m [2mhyper::proto::h1::io[0m[2m:[0m parsed 4 headers
[2m2025-12-10T10:19:08.081126Z[0m [34mDEBUG[0m [2mhyper::proto::h1::conn[0m[2m:[0m incoming body is content-length (45 bytes)
[2m2025-12-10T10:19:08.081144Z[0m [34mDEBUG[0m [2mhyper::proto::h1::conn[0m[2m:[0m incoming body completed
[2m2025-12-10T10:19:08.081167Z[0m [34mDEBUG[0m [2mhyper::client::pool[0m[2m:[0m pooling idle connection for ("http", 192.168.0.14:8545)
[2m2025-12-10T10:19:08.081220Z[0m [34mDEBUG[0m [2mhyper::client::pool[0m[2m:[0m reuse idle connection for ("http", 192.168.0.14:8545)
[2m2025-12-10T10:19:08.081279Z[0m [34mDEBUG[0m [2mhyper::proto::h1::io[0m[2m:[0m flushed 172 bytes
[2m2025-12-10T10:19:08.085541Z[0m [34mDEBUG[0m [2mhyper::proto::h1::io[0m[2m:[0m parsed 4 headers
[2m2025-12-10T10:19:08.085581Z[0m [34mDEBUG[0m [2mhyper::proto::h1::conn[0m[2m:[0m incoming body is content-length (45 bytes)
[2m2025-12-10T10:19:08.085600Z[0m [34mDEBUG[0m [2mhyper::proto::h1::conn[0m[2m:[0m incoming body completed
[2m2025-12-10T10:19:08.085622Z[0m [34mDEBUG[0m [2mhyper::client::pool[0m[2m:[0m pooling idle connection for ("http", 192.168.0.14:8545)
[2m2025-12-10T10:19:08.177444Z[0m [34mDEBUG[0m [2mhyper::client::pool[0m[2m:[0m reuse idle connection for ("http", 192.168.0.14:8545)
[2m2025-12-10T10:19:08.177944Z[0m [34mDEBUG[0m [2mhyper::proto::h1::io[0m[2m:[0m flushed 172 bytes
[2m2025-12-10T10:19:08.224701Z[0m [34mDEBUG[0m [2mhyper::proto::h1::io[0m[2m:[0m parsed 4 headers
[2m2025-12-10T10:19:08.224793Z[0m [34mDEBUG[0m [2mhyper::proto::h1::conn[0m[2m:[0m incoming body is content-length (45 bytes)
[2m2025-12-10T10:19:08.224819Z[0m [34mDEBUG[0m [2mhyper::proto::h1::conn[0m[2m:[0m incoming body completed
[2m2025-12-10T10:19:08.225025Z[0m [34mDEBUG[0m [2mhyper::client::pool[0m[2m:[0m pooling idle connection for ("http", 192.168.0.14:8545)
[2m2025-12-10T10:19:08.225275Z[0m [34mDEBUG[0m [2mhyper::client::pool[0m[2m:[0m reuse idle connection for ("http", 192.168.0.14:8545)
[2m2025-12-10T10:19:08.225400Z[0m [34mDEBUG[0m [2mhyper::proto::h1::io[0m[2m:[0m flushed 172 bytes
[2m2025-12-10T10:19:08.228510Z[0m [34mDEBUG[0m [2mhyper::proto::h1::io[0m[2m:[0m parsed 4 headers
[2m2025-12-10T10:19:08.228547Z[0m [34mDEBUG[0m [2mhyper::proto::h1::conn[0m[2m:[0m incoming body is content-length (45 bytes)
[2m2025-12-10T10:19:08.228602Z[0m [34mDEBUG[0m [2mhyper::proto::h1::conn[0m[2m:[0m incoming body completed
[2m2025-12-10T10:19:08.228626Z[0m [34mDEBUG[0m [2mhyper::client::pool[0m[2m:[0m pooling idle connection for ("http", 192.168.0.14:8545)
[2m2025-12-10T10:19:08.228695Z[0m [34mDEBUG[0m [2mhyper::client::pool[0m[2m:[0m reuse idle connection for ("http", 192.168.0.14:8545)
[2m2025-12-10T10:19:08.228742Z[0m [34mDEBUG[0m [2mhyper::proto::h1::io[0m[2m:[0m flushed 172 bytes
[2m2025-12-10T10:19:08.234046Z[0m [34mDEBUG[0m [2mhyper::proto::h1::io[0m[2m:[0m parsed 4 headers
[2m2025-12-10T10:19:08.234087Z[0m [34mDEBUG[0m [2mhyper::proto::h1::conn[0m[2m:[0m incoming body is content-length (45 bytes)
[2m2025-12-10T10:19:08.234188Z[0m [34mDEBUG[0m [2mhyper::proto::h1::conn[0m[2m:[0m incoming body completed
[2m2025-12-10T10:19:08.234213Z[0m [34mDEBUG[0m [2mhyper::client::pool[0m[2m:[0m pooling idle connection for ("http", 192.168.0.14:8545)
[2m2025-12-10T10:19:08.234261Z[0m [34mDEBUG[0m [2mhyper::client::pool[0m[2m:[0m reuse idle connection for ("http", 192.168.0.14:8545)
[2m2025-12-10T10:19:08.234309Z[0m [34mDEBUG[0m [2mhyper::proto::h1::io[0m[2m:[0m flushed 172 bytes
[2m2025-12-10T10:19:08.238748Z[0m [34mDEBUG[0m [2mhyper::proto::h1::io[0m[2m:[0m parsed 4 headers
[2m2025-12-10T10:19:08.238779Z[0m [34mDEBUG[0m [2mhyper::proto::h1::conn[0m[2m:[0m incoming body is content-length (45 bytes)
[2m2025-12-10T10:19:08.238798Z[0m [34mDEBUG[0m [2mhyper::proto::h1::conn[0m[2m:[0m incoming body completed
[2m2025-12-10T10:19:08.238823Z[0m [34mDEBUG[0m [2mhyper::client::pool[0m[2m:[0m pooling idle connection for ("http", 192.168.0.14:8545)
[2m2025-12-10T10:19:08.238871Z[0m [34mDEBUG[0m [2mhyper::client::pool[0m[2m:[0m reuse idle connection for ("http", 192.168.0.14:8545)
[2m2025-12-10T10:19:08.238917Z[0m [34mDEBUG[0m [2mhyper::proto::h1::io[0m[2m:[0m flushed 172 bytes
[2m2025-12-10T10:19:08.244801Z[0m [34mDEBUG[0m [2mhyper::proto::h1::io[0m[2m:[0m parsed 4 headers
[2m2025-12-10T10:19:08.244824Z[0m [34mDEBUG[0m [2mhyper::proto::h1::conn[0m[2m:[0m incoming body is content-length (45 bytes)
[2m2025-12-10T10:19:08.244838Z[0m [34mDEBUG[0m [2mhyper::proto::h1::conn[0m[2m:[0m incoming body completed
[2m2025-12-10T10:19:08.244855Z[0m [34mDEBUG[0m [2mhyper::client::pool[0m[2m:[0m pooling idle connection for ("http", 192.168.0.14:8545)
[2m2025-12-10T10:19:08.244889Z[0m [34mDEBUG[0m [2mhyper::client::pool[0m[2m:[0m reuse idle connection for ("http", 192.168.0.14:8545)
[2m2025-12-10T10:19:08.244928Z[0m [34mDEBUG[0m [2mhyper::proto::h1::io[0m[2m:[0m flushed 172 bytes
[2m2025-12-10T10:19:08.252276Z[0m [34mDEBUG[0m [2mhyper::proto::h1::io[0m[2m:[0m parsed 4 headers
[2m2025-12-10T10:19:08.253988Z[0m [34mDEBUG[0m [2mhyper::proto::h1::conn[0m[2m:[0m incoming body is content-length (45 bytes)
[2m2025-12-10T10:19:08.254008Z[0m [34mDEBUG[0m [2mhyper::proto::h1::conn[0m[2m:[0m incoming body completed
[2m2025-12-10T10:19:08.254034Z[0m [34mDEBUG[0m [2mhyper::client::pool[0m[2m:[0m pooling idle connection for ("http", 192.168.0.14:8545)
[2m2025-12-10T10:19:08.254084Z[0m [34mDEBUG[0m [2mhyper::client::pool[0m[2m:[0m reuse idle connection for ("http", 192.168.0.14:8545)
[2m2025-12-10T10:19:08.254138Z[0m [34mDEBUG[0m [2mhyper::proto::h1::io[0m[2m:[0m flushed 172 bytes
[2m2025-12-10T10:19:08.261944Z[0m [34mDEBUG[0m [2mhyper::proto::h1::io[0m[2m:[0m parsed 4 headers
[2m2025-12-10T10:19:08.261986Z[0m [34mDEBUG[0m [2mhyper::proto::h1::conn[0m[2m:[0m incoming body is content-length (45 bytes)
[2m2025-12-10T10:19:08.262005Z[0m [34mDEBUG[0m [2mhyper::proto::h1::conn[0m[2m:[0m incoming body completed
[2m2025-12-10T10:19:08.262028Z[0m [34mDEBUG[0m [2mhyper::client::pool[0m[2m:[0m pooling idle connection for ("http", 192.168.0.14:8545)
[2m2025-12-10T10:19:08.262076Z[0m [34mDEBUG[0m [2mhyper::client::pool[0m[2m:[0m reuse idle connection for ("http", 192.168.0.14:8545)
[2m2025-12-10T10:19:08.262140Z[0m [34mDEBUG[0m [2mhyper::proto::h1::io[0m[2m:[0m flushed 172 bytes
[2m2025-12-10T10:19:08.266313Z[0m [34mDEBUG[0m [2mhyper::proto::h1::io[0m[2m:[0m parsed 4 headers
[2m2025-12-10T10:19:08.266355Z[0m [34mDEBUG[0m [2mhyper::proto::h1::conn[0m[2m:[0m incoming body is content-length (45 bytes)
[2m2025-12-10T10:19:08.266384Z[0m [34mDEBUG[0m [2mhyper::proto::h1::conn[0m[2m:[0m incoming body completed
[2m2025-12-10T10:19:08.266408Z[0m [34mDEBUG[0m [2mhyper::client::pool[0m[2m:[0m pooling idle connection for ("http", 192.168.0.14:8545)
[2m2025-12-10T10:19:08.266544Z[0m [34mDEBUG[0m [2mhyper::client::pool[0m[2m:[0m reuse idle connection for ("http", 192.168.0.14:8545)
[2m2025-12-10T10:19:08.266698Z[0m [34mDEBUG[0m [2mhyper::proto::h1::io[0m[2m:[0m flushed 172 bytes
[2m2025-12-10T10:19:08.271030Z[0m [34mDEBUG[0m [2mhyper::proto::h1::io[0m[2m:[0m parsed 4 headers
[2m2025-12-10T10:19:08.271074Z[0m [34mDEBUG[0m [2mhyper::proto::h1::conn[0m[2m:[0m incoming body is content-length (45 bytes)
[2m2025-12-10T10:19:08.271093Z[0m [34mDEBUG[0m [2mhyper::proto::h1::conn[0m[2m:[0m incoming body completed
[2m2025-12-10T10:19:08.271120Z[0m [34mDEBUG[0m [2mhyper::client::pool[0m[2m:[0m pooling idle connection for ("http", 192.168.0.14:8545)
[2m2025-12-10T10:19:08.271172Z[0m [34mDEBUG[0m [2mhyper::client::pool[0m[2m:[0m reuse idle connection for ("http", 192.168.0.14:8545)
[2m2025-12-10T10:19:08.271235Z[0m [34mDEBUG[0m [2mhyper::proto::h1::io[0m[2m:[0m flushed 172 bytes
[2m2025-12-10T10:19:08.276138Z[0m [34mDEBUG[0m [2mhyper::proto::h1::io[0m[2m:[0m parsed 4 headers
[2m2025-12-10T10:19:08.276177Z[0m [34mDEBUG[0m [2mhyper::proto::h1::conn[0m[2m:[0m incoming body is content-length (45 bytes)
[2m2025-12-10T10:19:08.276195Z[0m [34mDEBUG[0m [2mhyper::proto::h1::conn[0m[2m:[0m incoming body completed
[2m2025-12-10T10:19:08.276217Z[0m [34mDEBUG[0m [2mhyper::client::pool[0m[2m:[0m pooling idle connection for ("http", 192.168.0.14:8545)
[2m2025-12-10T10:19:08.276264Z[0m [34mDEBUG[0m [2mhyper::client::pool[0m[2m:[0m reuse idle connection for ("http", 192.168.0.14:8545)
[2m2025-12-10T10:19:08.276313Z[0m [34mDEBUG[0m [2mhyper::proto::h1::io[0m[2m:[0m flushed 172 bytes
[2m2025-12-10T10:19:08.281271Z[0m [34mDEBUG[0m [2mhyper::proto::h1::io[0m[2m:[0m parsed 4 headers
[2m2025-12-10T10:19:08.281317Z[0m [34mDEBUG[0m [2mhyper::proto::h1::conn[0m[2m:[0m incoming body is content-length (45 bytes)
[2m2025-12-10T10:19:08.281334Z[0m [34mDEBUG[0m [2mhyper::proto::h1::conn[0m[2m:[0m incoming body completed
[2m2025-12-10T10:19:08.281356Z[0m [34mDEBUG[0m [2mhyper::client::pool[0m[2m:[0m pooling idle connection for ("http", 192.168.0.14:8545)
[2m2025-12-10T10:19:08.281401Z[0m [34mDEBUG[0m [2mhyper::client::pool[0m[2m:[0m reuse idle connection for ("http", 192.168.0.14:8545)
[2m2025-12-10T10:19:08.281451Z[0m [34mDEBUG[0m [2mhyper::proto::h1::io[0m[2m:[0m flushed 172 bytes
[2m2025-12-10T10:19:08.286814Z[0m [34mDEBUG[0m [2mhyper::proto::h1::io[0m[2m:[0m parsed 4 headers
[2m2025-12-10T10:19:08.286858Z[0m [34mDEBUG[0m [2mhyper::proto::h1::conn[0m[2m:[0m incoming body is content-length (45 bytes)
[2m2025-12-10T10:19:08.286875Z[0m [34mDEBUG[0m [2mhyper::proto::h1::conn[0m[2m:[0m incoming body completed
[2m2025-12-10T10:19:08.286897Z[0m [34mDEBUG[0m [2mhyper::client::pool[0m[2m:[0m pooling idle connection for ("http", 192.168.0.14:8545)
[2m2025-12-10T10:19:08.286944Z[0m [34mDEBUG[0m [2mhyper::client::pool[0m[2m:[0m reuse idle connection for ("http", 192.168.0.14:8545)
[2m2025-12-10T10:19:08.286991Z[0m [34mDEBUG[0m [2mhyper::proto::h1::io[0m[2m:[0m flushed 172 bytes
[2m2025-12-10T10:19:08.292781Z[0m [34mDEBUG[0m [2mhyper::proto::h1::io[0m[2m:[0m parsed 4 headers
[2m2025-12-10T10:19:08.292822Z[0m [34mDEBUG[0m [2mhyper::proto::h1::conn[0m[2m:[0m incoming body is content-length (45 bytes)
[2m2025-12-10T10:19:08.292839Z[0m [34mDEBUG[0m [2mhyper::proto::h1::conn[0m[2m:[0m incoming body completed
[2m2025-12-10T10:19:08.292861Z[0m [34mDEBUG[0m [2mhyper::client::pool[0m[2m:[0m pooling idle connection for ("http", 192.168.0.14:8545)
[2m2025-12-10T10:19:08.292905Z[0m [34mDEBUG[0m [2mhyper::client::pool[0m[2m:[0m reuse idle connection for ("http", 192.168.0.14:8545)
[2m2025-12-10T10:19:08.292953Z[0m [34mDEBUG[0m [2mhyper::proto::h1::io[0m[2m:[0m flushed 172 bytes
[2m2025-12-10T10:19:08.314991Z[0m [34mDEBUG[0m [2mhyper::proto::h1::io[0m[2m:[0m parsed 4 headers
[2m2025-12-10T10:19:08.315234Z[0m [34mDEBUG[0m [2mhyper::proto::h1::conn[0m[2m:[0m incoming body is content-length (45 bytes)
[2m2025-12-10T10:19:08.315345Z[0m [34mDEBUG[0m [2mhyper::proto::h1::conn[0m[2m:[0m incoming body completed
[2m2025-12-10T10:19:08.315377Z[0m [34mDEBUG[0m [2mhyper::client::pool[0m[2m:[0m pooling idle connection for ("http", 192.168.0.14:8545)
[2m2025-12-10T10:19:08.315459Z[0m [34mDEBUG[0m [2mhyper::client::pool[0m[2m:[0m reuse idle connection for ("http", 192.168.0.14:8545)
[2m2025-12-10T10:19:08.315572Z[0m [34mDEBUG[0m [2mhyper::proto::h1::io[0m[2m:[0m flushed 172 bytes
[2m2025-12-10T10:19:08.360358Z[0m [34mDEBUG[0m [2mhyper::proto::h1::io[0m[2m:[0m parsed 4 headers
[2m2025-12-10T10:19:08.361729Z[0m [34mDEBUG[0m [2mhyper::proto::h1::conn[0m[2m:[0m incoming body is content-length (45 bytes)
[2m2025-12-10T10:19:08.361846Z[0m [34mDEBUG[0m [2mhyper::proto::h1::conn[0m[2m:[0m incoming body completed
[2m2025-12-10T10:19:08.362931Z[0m [34mDEBUG[0m [2mhyper::client::pool[0m[2m:[0m pooling idle connection for ("http", 192.168.0.14:8545)
[2m2025-12-10T10:19:08.365188Z[0m [34mDEBUG[0m [2mhyper::client::pool[0m[2m:[0m reuse idle connection for ("http", 192.168.0.14:8545)
[2m2025-12-10T10:19:08.365293Z[0m [34mDEBUG[0m [2mhyper::proto::h1::io[0m[2m:[0m flushed 172 bytes
[2m2025-12-10T10:19:08.368660Z[0m [34mDEBUG[0m [2mhyper::proto::h1::io[0m[2m:[0m parsed 4 headers
[2m2025-12-10T10:19:08.368715Z[0m [34mDEBUG[0m [2mhyper::proto::h1::conn[0m[2m:[0m incoming body is content-length (45 bytes)
[2m2025-12-10T10:19:08.368863Z[0m [34mDEBUG[0m [2mhyper::proto::h1::conn[0m[2m:[0m incoming body completed
[2m2025-12-10T10:19:08.368880Z[0m [34mDEBUG[0m [2mhyper::client::pool[0m[2m:[0m pooling idle connection for ("http", 192.168.0.14:8545)
[2m2025-12-10T10:19:08.368914Z[0m [34mDEBUG[0m [2mhyper::client::pool[0m[2m:[0m reuse idle connection for ("http", 192.168.0.14:8545)
[2m2025-12-10T10:19:08.368955Z[0m [34mDEBUG[0m [2mhyper::proto::h1::io[0m[2m:[0m flushed 172 bytes
[2m2025-12-10T10:19:08.375938Z[0m [34mDEBUG[0m [2mhyper::proto::h1::io[0m[2m:[0m parsed 4 headers
[2m2025-12-10T10:19:08.375955Z[0m [34mDEBUG[0m [2mhyper::proto::h1::conn[0m[2m:[0m incoming body is content-length (45 bytes)
[2m2025-12-10T10:19:08.375971Z[0m [34mDEBUG[0m [2mhyper::proto::h1::conn[0m[2m:[0m incoming body completed
[2m2025-12-10T10:19:08.376029Z[0m [34mDEBUG[0m [2mhyper::client::pool[0m[2m:[0m pooling idle connection for ("http", 192.168.0.14:8545)
[2m2025-12-10T10:19:08.376069Z[0m [34mDEBUG[0m [2mhyper::client::pool[0m[2m:[0m reuse idle connection for ("http", 192.168.0.14:8545)
[2m2025-12-10T10:19:08.376100Z[0m [34mDEBUG[0m [2mhyper::proto::h1::io[0m[2m:[0m flushed 172 bytes
[2m2025-12-10T10:19:08.381123Z[0m [34mDEBUG[0m [2mhyper::proto::h1::io[0m[2m:[0m parsed 4 headers
[2m2025-12-10T10:19:08.381155Z[0m [34mDEBUG[0m [2mhyper::proto::h1::conn[0m[2m:[0m incoming body is content-length (45 bytes)
[2m2025-12-10T10:19:08.381165Z[0m [34mDEBUG[0m [2mhyper::proto::h1::conn[0m[2m:[0m incoming body completed
[2m2025-12-10T10:19:08.381180Z[0m [34mDEBUG[0m [2mhyper::client::pool[0m[2m:[0m pooling idle connection for ("http", 192.168.0.14:8545)
[2m2025-12-10T10:19:08.381214Z[0m [34mDEBUG[0m [2mhyper::client::pool[0m[2m:[0m reuse idle connection for ("http", 192.168.0.14:8545)
[2m2025-12-10T10:19:08.381365Z[0m [34mDEBUG[0m [2mhyper::proto::h1::io[0m[2m:[0m flushed 172 bytes
[2m2025-12-10T10:19:08.387030Z[0m [34mDEBUG[0m [2mhyper::proto::h1::io[0m[2m:[0m parsed 4 headers
[2m2025-12-10T10:19:08.387056Z[0m [34mDEBUG[0m [2mhyper::proto::h1::conn[0m[2m:[0m incoming body is content-length (45 bytes)
[2m2025-12-10T10:19:08.387067Z[0m [34mDEBUG[0m [2mhyper::proto::h1::conn[0m[2m:[0m incoming body completed
[2m2025-12-10T10:19:08.387081Z[0m [34mDEBUG[0m [2mhyper::client::pool[0m[2m:[0m pooling idle connection for ("http", 192.168.0.14:8545)
[2m2025-12-10T10:19:08.387111Z[0m [34mDEBUG[0m [2mhyper::client::pool[0m[2m:[0m reuse idle connection for ("http", 192.168.0.14:8545)
[2m2025-12-10T10:19:08.387165Z[0m [34mDEBUG[0m [2mhyper::proto::h1::io[0m[2m:[0m flushed 172 bytes
[2m2025-12-10T10:19:08.391706Z[0m [34mDEBUG[0m [2mhyper::proto::h1::io[0m[2m:[0m parsed 4 headers
[2m2025-12-10T10:19:08.391721Z[0m [34mDEBUG[0m [2mhyper::proto::h1::conn[0m[2m:[0m incoming body is content-length (45 bytes)
[2m2025-12-10T10:19:08.391730Z[0m [34mDEBUG[0m [2mhyper::proto::h1::conn[0m[2m:[0m incoming body completed
[2m2025-12-10T10:19:08.391771Z[0m [34mDEBUG[0m [2mhyper::client::pool[0m[2m:[0m pooling idle connection for ("http", 192.168.0.14:8545)
[2m2025-12-10T10:19:08.391862Z[0m [34mDEBUG[0m [2mhyper::client::pool[0m[2m:[0m reuse idle connection for ("http", 192.168.0.14:8545)
[2m2025-12-10T10:19:08.391909Z[0m [34mDEBUG[0m [2mhyper::proto::h1::io[0m[2m:[0m flushed 172 bytes
[2m2025-12-10T10:19:08.395055Z[0m [34mDEBUG[0m [2mhyper::proto::h1::io[0m[2m:[0m parsed 4 headers
[2m2025-12-10T10:19:08.395071Z[0m [34mDEBUG[0m [2mhyper::proto::h1::conn[0m[2m:[0m incoming body is content-length (45 bytes)
[2m2025-12-10T10:19:08.395085Z[0m [34mDEBUG[0m [2mhyper::proto::h1::conn[0m[2m:[0m incoming body completed
[2m2025-12-10T10:19:08.395114Z[0m [34mDEBUG[0m [2mhyper::client::pool[0m[2m:[0m pooling idle connection for ("http", 192.168.0.14:8545)
[2m2025-12-10T10:19:08.395352Z[0m [34mDEBUG[0m [2mhyper::client::pool[0m[2m:[0m reuse idle connection for ("http", 192.168.0.14:8545)
[2m2025-12-10T10:19:08.395396Z[0m [34mDEBUG[0m [2mhyper::proto::h1::io[0m[2m:[0m flushed 172 bytes
[2m2025-12-10T10:19:08.398668Z[0m [34mDEBUG[0m [2mhyper::proto::h1::io[0m[2m:[0m parsed 4 headers
[2m2025-12-10T10:19:08.398678Z[0m [34mDEBUG[0m [2mhyper::proto::h1::conn[0m[2m:[0m incoming body is content-length (45 bytes)
[2m2025-12-10T10:19:08.398686Z[0m [34mDEBUG[0m [2mhyper::proto::h1::conn[0m[2m:[0m incoming body completed
[2m2025-12-10T10:19:08.398694Z[0m [34mDEBUG[0m [2mhyper::client::pool[0m[2m:[0m pooling idle connection for ("http", 192.168.0.14:8545)
[2m2025-12-10T10:19:08.401335Z[0m [34mDEBUG[0m [2mhyper::client::pool[0m[2m:[0m reuse idle connection for ("http", 192.168.0.14:8545)
[2m2025-12-10T10:19:08.401392Z[0m [34mDEBUG[0m [2mhyper::proto::h1::io[0m[2m:[0m flushed 172 bytes
[2m2025-12-10T10:19:08.405018Z[0m [34mDEBUG[0m [2mhyper::proto::h1::io[0m[2m:[0m parsed 4 headers
[2m2025-12-10T10:19:08.405033Z[0m [34mDEBUG[0m [2mhyper::proto::h1::conn[0m[2m:[0m incoming body is content-length (45 bytes)
[2m2025-12-10T10:19:08.405082Z[0m [34mDEBUG[0m [2mhyper::proto::h1::conn[0m[2m:[0m incoming body completed
[2m2025-12-10T10:19:08.405106Z[0m [34mDEBUG[0m [2mhyper::client::pool[0m[2m:[0m pooling idle connection for ("http", 192.168.0.14:8545)
[2m2025-12-10T10:19:08.405526Z[0m [34mDEBUG[0m [2mhyper::client::pool[0m[2m:[0m reuse idle connection for ("http", 192.168.0.14:8545)
[2m2025-12-10T10:19:08.405567Z[0m [34mDEBUG[0m [2mhyper::proto::h1::io[0m[2m:[0m flushed 172 bytes
[2m2025-12-10T10:19:08.409315Z[0m [34mDEBUG[0m [2mhyper::proto::h1::io[0m[2m:[0m parsed 4 headers
[2m2025-12-10T10:19:08.409328Z[0m [34mDEBUG[0m [2mhyper::proto::h1::conn[0m[2m:[0m incoming body is content-length (45 bytes)
[2m2025-12-10T10:19:08.409336Z[0m [34mDEBUG[0m [2mhyper::proto::h1::conn[0m[2m:[0m incoming body completed
[2m2025-12-10T10:19:08.409345Z[0m [34mDEBUG[0m [2mhyper::client::pool[0m[2m:[0m pooling idle connection for ("http", 192.168.0.14:8545)
[2m2025-12-10T10:19:08.409366Z[0m [34mDEBUG[0m [2mhyper::client::pool[0m[2m:[0m reuse idle connection for ("http", 192.168.0.14:8545)
[2m2025-12-10T10:19:08.409396Z[0m [34mDEBUG[0m [2mhyper::proto::h1::io[0m[2m:[0m flushed 172 bytes
[2m2025-12-10T10:19:08.414410Z[0m [34mDEBUG[0m [2mhyper::proto::h1::io[0m[2m:[0m parsed 4 headers
[2m2025-12-10T10:19:08.414418Z[0m [34mDEBUG[0m [2mhyper::proto::h1::conn[0m[2m:[0m incoming body is content-length (45 bytes)
[2m2025-12-10T10:19:08.414423Z[0m [34mDEBUG[0m [2mhyper::proto::h1::conn[0m[2m:[0m incoming body completed
[2m2025-12-10T10:19:08.414430Z[0m [34mDEBUG[0m [2mhyper::client::pool[0m[2m:[0m pooling idle connection for ("http", 192.168.0.14:8545)
[2m2025-12-10T10:19:08.414445Z[0m [34mDEBUG[0m [2mhyper::client::pool[0m[2m:[0m reuse idle connection for ("http", 192.168.0.14:8545)
[2m2025-12-10T10:19:08.414466Z[0m [34mDEBUG[0m [2mhyper::proto::h1::io[0m[2m:[0m flushed 172 bytes
[2m2025-12-10T10:19:08.420033Z[0m [34mDEBUG[0m [2mhyper::proto::h1::io[0m[2m:[0m parsed 4 headers
[2m2025-12-10T10:19:08.420042Z[0m [34mDEBUG[0m [2mhyper::proto::h1::conn[0m[2m:[0m incoming body is content-length (45 bytes)
[2m2025-12-10T10:19:08.420048Z[0m [34mDEBUG[0m [2mhyper::proto::h1::conn[0m[2m:[0m incoming body completed
[2m2025-12-10T10:19:08.420055Z[0m [34mDEBUG[0m [2mhyper::client::pool[0m[2m:[0m pooling idle connection for ("http", 192.168.0.14:8545)
[2m2025-12-10T10:19:08.420070Z[0m [34mDEBUG[0m [2mhyper::client::pool[0m[2m:[0m reuse idle connection for ("http", 192.168.0.14:8545)
[2m2025-12-10T10:19:08.420094Z[0m [34mDEBUG[0m [2mhyper::proto::h1::io[0m[2m:[0m flushed 172 bytes
[2m2025-12-10T10:19:08.425681Z[0m [34mDEBUG[0m [2mhyper::proto::h1::io[0m[2m:[0m parsed 4 headers
[2m2025-12-10T10:19:08.426138Z[0m [34mDEBUG[0m [2mhyper::proto::h1::conn[0m[2m:[0m incoming body is content-length (45 bytes)
[2m2025-12-10T10:19:08.426146Z[0m [34mDEBUG[0m [2mhyper::proto::h1::conn[0m[2m:[0m incoming body completed
[2m2025-12-10T10:19:08.426152Z[0m [34mDEBUG[0m [2mhyper::client::pool[0m[2m:[0m pooling idle connection for ("http", 192.168.0.14:8545)
[2m2025-12-10T10:19:08.426168Z[0m [34mDEBUG[0m [2mhyper::client::pool[0m[2m:[0m reuse idle connection for ("http", 192.168.0.14:8545)
[2m2025-12-10T10:19:08.426193Z[0m [34mDEBUG[0m [2mhyper::proto::h1::io[0m[2m:[0m flushed 172 bytes
[2m2025-12-10T10:19:08.432729Z[0m [34mDEBUG[0m [2mhyper::proto::h1::io[0m[2m:[0m parsed 4 headers
[2m2025-12-10T10:19:08.432737Z[0m [34mDEBUG[0m [2mhyper::proto::h1::conn[0m[2m:[0m incoming body is content-length (45 bytes)
[2m2025-12-10T10:19:08.432743Z[0m [34mDEBUG[0m [2mhyper::proto::h1::conn[0m[2m:[0m incoming body completed
[2m2025-12-10T10:19:08.432749Z[0m [34mDEBUG[0m [2mhyper::client::pool[0m[2m:[0m pooling idle connection for ("http", 192.168.0.14:8545)
[2m2025-12-10T10:19:08.440782Z[0m [34mDEBUG[0m [2mhyper::client::pool[0m[2m:[0m reuse idle connection for ("http", 192.168.0.14:8545)
[2m2025-12-10T10:19:08.440958Z[0m [34mDEBUG[0m [2mhyper::proto::h1::io[0m[2m:[0m flushed 172 bytes
[2m2025-12-10T10:19:08.444349Z[0m [34mDEBUG[0m [2mhyper::proto::h1::io[0m[2m:[0m parsed 4 headers
[2m2025-12-10T10:19:08.444469Z[0m [34mDEBUG[0m [2mhyper::proto::h1::conn[0m[2m:[0m incoming body is content-length (45 bytes)
[2m2025-12-10T10:19:08.444481Z[0m [34mDEBUG[0m [2mhyper::proto::h1::conn[0m[2m:[0m incoming body completed
[2m2025-12-10T10:19:08.445160Z[0m [34mDEBUG[0m [2mhyper::client::pool[0m[2m:[0m pooling idle connection for ("http", 192.168.0.14:8545)
[2m2025-12-10T10:19:08.446881Z[0m [34mDEBUG[0m [2mhyper::client::pool[0m[2m:[0m reuse idle connection for ("http", 192.168.0.14:8545)
[2m2025-12-10T10:19:08.447024Z[0m [34mDEBUG[0m [2mhyper::proto::h1::io[0m[2m:[0m flushed 172 bytes
[2m2025-12-10T10:19:08.451602Z[0m [34mDEBUG[0m [2mhyper::proto::h1::io[0m[2m:[0m parsed 4 headers
[2m2025-12-10T10:19:08.452051Z[0m [34mDEBUG[0m [2mhyper::proto::h1::conn[0m[2m:[0m incoming body is content-length (45 bytes)
[2m2025-12-10T10:19:08.452079Z[0m [34mDEBUG[0m [2mhyper::proto::h1::conn[0m[2m:[0m incoming body completed
[2m2025-12-10T10:19:08.452093Z[0m [34mDEBUG[0m [2mhyper::client::pool[0m[2m:[0m pooling idle connection for ("http", 192.168.0.14:8545)
[2m2025-12-10T10:19:08.452124Z[0m [34mDEBUG[0m [2mhyper::client::pool[0m[2m:[0m reuse idle connection for ("http", 192.168.0.14:8545)
[2m2025-12-10T10:19:08.452328Z[0m [34mDEBUG[0m [2mhyper::proto::h1::io[0m[2m:[0m flushed 172 bytes
[2m2025-12-10T10:19:08.457038Z[0m [34mDEBUG[0m [2mhyper::proto::h1::io[0m[2m:[0m parsed 4 headers
[2m2025-12-10T10:19:08.457051Z[0m [34mDEBUG[0m [2mhyper::proto::h1::conn[0m[2m:[0m incoming body is content-length (45 bytes)
[2m2025-12-10T10:19:08.461845Z[0m [34mDEBUG[0m [2mhyper::proto::h1::conn[0m[2m:[0m incoming body completed
[2m2025-12-10T10:19:08.461865Z[0m [34mDEBUG[0m [2mhyper::client::pool[0m[2m:[0m pooling idle connection for ("http", 192.168.0.14:8545)
[2m2025-12-10T10:19:08.461893Z[0m [34mDEBUG[0m [2mhyper::client::pool[0m[2m:[0m reuse idle connection for ("http", 192.168.0.14:8545)
[2m2025-12-10T10:19:08.461921Z[0m [34mDEBUG[0m [2mhyper::proto::h1::io[0m[2m:[0m flushed 172 bytes
[2m2025-12-10T10:19:08.465268Z[0m [34mDEBUG[0m [2mhyper::proto::h1::io[0m[2m:[0m parsed 4 headers
[2m2025-12-10T10:19:08.465276Z[0m [34mDEBUG[0m [2mhyper::proto::h1::conn[0m[2m:[0m incoming body is content-length (45 bytes)
[2m2025-12-10T10:19:08.465286Z[0m [34mDEBUG[0m [2mhyper::proto::h1::conn[0m[2m:[0m incoming body completed
[2m2025-12-10T10:19:08.465294Z[0m [34mDEBUG[0m [2mhyper::client::pool[0m[2m:[0m pooling idle connection for ("http", 192.168.0.14:8545)
[2m2025-12-10T10:19:08.465335Z[0m [34mDEBUG[0m [2mhyper::client::pool[0m[2m:[0m reuse idle connection for ("http", 192.168.0.14:8545)
[2m2025-12-10T10:19:08.465416Z[0m [34mDEBUG[0m [2mhyper::proto::h1::io[0m[2m:[0m flushed 172 bytes
[2m2025-12-10T10:19:08.471702Z[0m [34mDEBUG[0m [2mhyper::proto::h1::io[0m[2m:[0m parsed 4 headers
[2m2025-12-10T10:19:08.471816Z[0m [34mDEBUG[0m [2mhyper::proto::h1::conn[0m[2m:[0m incoming body is content-length (45 bytes)
[2m2025-12-10T10:19:08.471867Z[0m [34mDEBUG[0m [2mhyper::proto::h1::conn[0m[2m:[0m incoming body completed
[2m2025-12-10T10:19:08.472269Z[0m [34mDEBUG[0m [2mhyper::client::pool[0m[2m:[0m pooling idle connection for ("http", 192.168.0.14:8545)
[2m2025-12-10T10:19:08.472318Z[0m [34mDEBUG[0m [2mhyper::client::pool[0m[2m:[0m reuse idle connection for ("http", 192.168.0.14:8545)
[2m2025-12-10T10:19:08.472427Z[0m [34mDEBUG[0m [2mhyper::proto::h1::io[0m[2m:[0m flushed 172 bytes
[2m2025-12-10T10:19:08.477002Z[0m [34mDEBUG[0m [2mhyper::proto::h1::io[0m[2m:[0m parsed 4 headers
[2m2025-12-10T10:19:08.479619Z[0m [34mDEBUG[0m [2mhyper::proto::h1::conn[0m[2m:[0m incoming body is content-length (45 bytes)
[2m2025-12-10T10:19:08.480089Z[0m [34mDEBUG[0m [2mhyper::proto::h1::conn[0m[2m:[0m incoming body completed
[2m2025-12-10T10:19:08.480105Z[0m [34mDEBUG[0m [2mhyper::client::pool[0m[2m:[0m pooling idle connection for ("http", 192.168.0.14:8545)
[2m2025-12-10T10:19:08.480409Z[0m [34mDEBUG[0m [2mhyper::client::pool[0m[2m:[0m reuse idle connection for ("http", 192.168.0.14:8545)
[2m2025-12-10T10:19:08.480454Z[0m [34mDEBUG[0m [2mhyper::proto::h1::io[0m[2m:[0m flushed 172 bytes
[2m2025-12-10T10:19:08.484065Z[0m [34mDEBUG[0m [2mhyper::proto::h1::io[0m[2m:[0m parsed 4 headers
[2m2025-12-10T10:19:08.484072Z[0m [34mDEBUG[0m [2mhyper::proto::h1::conn[0m[2m:[0m incoming body is content-length (45 bytes)
[2m2025-12-10T10:19:08.484079Z[0m [34mDEBUG[0m [2mhyper::proto::h1::conn[0m[2m:[0m incoming body completed
[2m2025-12-10T10:19:08.484088Z[0m [34mDEBUG[0m [2mhyper::client::pool[0m[2m:[0m pooling idle connection for ("http", 192.168.0.14:8545)
[2m2025-12-10T10:19:08.484109Z[0m [34mDEBUG[0m [2mhyper::client::pool[0m[2m:[0m reuse idle connection for ("http", 192.168.0.14:8545)
[2m2025-12-10T10:19:08.484127Z[0m [34mDEBUG[0m [2mhyper::proto::h1::io[0m[2m:[0m flushed 172 bytes
[2m2025-12-10T10:19:08.494153Z[0m [34mDEBUG[0m [2mhyper::proto::h1::io[0m[2m:[0m parsed 4 headers
[2m2025-12-10T10:19:08.494623Z[0m [34mDEBUG[0m [2mhyper::proto::h1::conn[0m[2m:[0m incoming body is content-length (45 bytes)
[2m2025-12-10T10:19:08.495765Z[0m [34mDEBUG[0m [2mhyper::proto::h1::conn[0m[2m:[0m incoming body completed
[2m2025-12-10T10:19:08.498408Z[0m [34mDEBUG[0m [2mhyper::client::pool[0m[2m:[0m pooling idle connection for ("http", 192.168.0.14:8545)
[2m2025-12-10T10:19:08.498787Z[0m [34mDEBUG[0m [2mhyper::client::pool[0m[2m:[0m reuse idle connection for ("http", 192.168.0.14:8545)
[2m2025-12-10T10:19:08.499250Z[0m [34mDEBUG[0m [2mhyper::proto::h1::io[0m[2m:[0m flushed 172 bytes
[2m2025-12-10T10:19:08.535493Z[0m [34mDEBUG[0m [2mhyper::proto::h1::io[0m[2m:[0m parsed 4 headers
[2m2025-12-10T10:19:08.535728Z[0m [34mDEBUG[0m [2mhyper::proto::h1::conn[0m[2m:[0m incoming body is content-length (45 bytes)
[2m2025-12-10T10:19:08.536725Z[0m [34mDEBUG[0m [2mhyper::proto::h1::conn[0m[2m:[0m incoming body completed
[2m2025-12-10T10:19:08.538645Z[0m [34mDEBUG[0m [2mhyper::client::pool[0m[2m:[0m pooling idle connection for ("http", 192.168.0.14:8545)
[2m2025-12-10T10:19:08.540151Z[0m [34mDEBUG[0m [2mhyper::client::pool[0m[2m:[0m reuse idle connection for ("http", 192.168.0.14:8545)
[2m2025-12-10T10:19:08.540905Z[0m [34mDEBUG[0m [2mhyper::proto::h1::io[0m[2m:[0m flushed 172 bytes
[2m2025-12-10T10:19:08.545016Z[0m [34mDEBUG[0m [2mhyper::proto::h1::io[0m[2m:[0m parsed 4 headers
[2m2025-12-10T10:19:08.545038Z[0m [34mDEBUG[0m [2mhyper::proto::h1::conn[0m[2m:[0m incoming body is content-length (45 bytes)
[2m2025-12-10T10:19:08.545054Z[0m [34mDEBUG[0m [2mhyper::proto::h1::conn[0m[2m:[0m incoming body completed
[2m2025-12-10T10:19:08.545075Z[0m [34mDEBUG[0m [2mhyper::client::pool[0m[2m:[0m pooling idle connection for ("http", 192.168.0.14:8545)
[2m2025-12-10T10:19:08.545136Z[0m [34mDEBUG[0m [2mhyper::client::pool[0m[2m:[0m reuse idle connection for ("http", 192.168.0.14:8545)
[2m2025-12-10T10:19:08.545167Z[0m [34mDEBUG[0m [2mhyper::proto::h1::io[0m[2m:[0m flushed 172 bytes
[2m2025-12-10T10:19:08.556610Z[0m [34mDEBUG[0m [2mhyper::proto::h1::io[0m[2m:[0m parsed 4 headers
[2m2025-12-10T10:19:08.556634Z[0m [34mDEBUG[0m [2mhyper::proto::h1::conn[0m[2m:[0m incoming body is content-length (45 bytes)
[2m2025-12-10T10:19:08.556646Z[0m [34mDEBUG[0m [2mhyper::proto::h1::conn[0m[2m:[0m incoming body completed
[2m2025-12-10T10:19:08.556660Z[0m [34mDEBUG[0m [2mhyper::client::pool[0m[2m:[0m pooling idle connection for ("http", 192.168.0.14:8545)
[2m2025-12-10T10:19:08.556950Z[0m [34mDEBUG[0m [2mhyper::client::pool[0m[2m:[0m reuse idle connection for ("http", 192.168.0.14:8545)
[2m2025-12-10T10:19:08.557749Z[0m [34mDEBUG[0m [2mhyper::proto::h1::io[0m[2m:[0m flushed 172 bytes
[2m2025-12-10T10:19:08.566900Z[0m [34mDEBUG[0m [2mhyper::proto::h1::io[0m[2m:[0m parsed 4 headers
[2m2025-12-10T10:19:08.566983Z[0m [34mDEBUG[0m [2mhyper::proto::h1::conn[0m[2m:[0m incoming body is content-length (45 bytes)
[2m2025-12-10T10:19:08.567003Z[0m [34mDEBUG[0m [2mhyper::proto::h1::conn[0m[2m:[0m incoming body completed
[2m2025-12-10T10:19:08.567021Z[0m [34mDEBUG[0m [2mhyper::client::pool[0m[2m:[0m pooling idle connection for ("http", 192.168.0.14:8545)
[2m2025-12-10T10:19:08.567606Z[0m [34mDEBUG[0m [2mhyper::client::pool[0m[2m:[0m reuse idle connection for ("http", 192.168.0.14:8545)
[2m2025-12-10T10:19:08.567660Z[0m [34mDEBUG[0m [2mhyper::proto::h1::io[0m[2m:[0m flushed 172 bytes
[2m2025-12-10T10:19:08.575881Z[0m [34mDEBUG[0m [2mhyper::proto::h1::io[0m[2m:[0m parsed 4 headers
[2m2025-12-10T10:19:08.575909Z[0m [34mDEBUG[0m [2mhyper::proto::h1::conn[0m[2m:[0m incoming body is content-length (45 bytes)
[2m2025-12-10T10:19:08.575920Z[0m [34mDEBUG[0m [2mhyper::proto::h1::conn[0m[2m:[0m incoming body completed
[2m2025-12-10T10:19:08.575967Z[0m [34mDEBUG[0m [2mhyper::client::pool[0m[2m:[0m pooling idle connection for ("http", 192.168.0.14:8545)
[2m2025-12-10T10:19:08.576002Z[0m [34mDEBUG[0m [2mhyper::client::pool[0m[2m:[0m reuse idle connection for ("http", 192.168.0.14:8545)
[2m2025-12-10T10:19:08.576064Z[0m [34mDEBUG[0m [2mhyper::proto::h1::io[0m[2m:[0m flushed 172 bytes
[2m2025-12-10T10:19:08.580079Z[0m [34mDEBUG[0m [2mhyper::proto::h1::io[0m[2m:[0m parsed 4 headers
[2m2025-12-10T10:19:08.580108Z[0m [34mDEBUG[0m [2mhyper::proto::h1::conn[0m[2m:[0m incoming body is content-length (45 bytes)
[2m2025-12-10T10:19:08.580119Z[0m [34mDEBUG[0m [2mhyper::proto::h1::conn[0m[2m:[0m incoming body completed
[2m2025-12-10T10:19:08.580131Z[0m [34mDEBUG[0m [2mhyper::client::pool[0m[2m:[0m pooling idle connection for ("http", 192.168.0.14:8545)
[2m2025-12-10T10:19:08.580163Z[0m [34mDEBUG[0m [2mhyper::client::pool[0m[2m:[0m reuse idle connection for ("http", 192.168.0.14:8545)
[2m2025-12-10T10:19:08.580202Z[0m [34mDEBUG[0m [2mhyper::proto::h1::io[0m[2m:[0m flushed 172 bytes
[2m2025-12-10T10:19:08.586722Z[0m [34mDEBUG[0m [2mhyper::proto::h1::io[0m[2m:[0m parsed 4 headers
[2m2025-12-10T10:19:08.586767Z[0m [34mDEBUG[0m [2mhyper::proto::h1::conn[0m[2m:[0m incoming body is content-length (45 bytes)
[2m2025-12-10T10:19:08.586779Z[0m [34mDEBUG[0m [2mhyper::proto::h1::conn[0m[2m:[0m incoming body completed
[2m2025-12-10T10:19:08.586792Z[0m [34mDEBUG[0m [2mhyper::client::pool[0m[2m:[0m pooling idle connection for ("http", 192.168.0.14:8545)
[2m2025-12-10T10:19:08.586821Z[0m [34mDEBUG[0m [2mhyper::client::pool[0m[2m:[0m reuse idle connection for ("http", 192.168.0.14:8545)
[2m2025-12-10T10:19:08.586865Z[0m [34mDEBUG[0m [2mhyper::proto::h1::io[0m[2m:[0m flushed 172 bytes
[2m2025-12-10T10:19:08.593058Z[0m [34mDEBUG[0m [2mhyper::proto::h1::io[0m[2m:[0m parsed 4 headers
[2m2025-12-10T10:19:08.593080Z[0m [34mDEBUG[0m [2mhyper::proto::h1::conn[0m[2m:[0m incoming body is content-length (45 bytes)
[2m2025-12-10T10:19:08.593091Z[0m [34mDEBUG[0m [2mhyper::proto::h1::conn[0m[2m:[0m incoming body completed
[2m2025-12-10T10:19:08.593115Z[0m [34mDEBUG[0m [2mhyper::client::pool[0m[2m:[0m pooling idle connection for ("http", 192.168.0.14:8545)
[2m2025-12-10T10:19:08.593192Z[0m [34mDEBUG[0m [2mhyper::client::pool[0m[2m:[0m reuse idle connection for ("http", 192.168.0.14:8545)
[2m2025-12-10T10:19:08.593250Z[0m [34mDEBUG[0m [2mhyper::proto::h1::io[0m[2m:[0m flushed 172 bytes
[2m2025-12-10T10:19:08.599034Z[0m [34mDEBUG[0m [2mhyper::proto::h1::io[0m[2m:[0m parsed 4 headers
[2m2025-12-10T10:19:08.599065Z[0m [34mDEBUG[0m [2mhyper::proto::h1::conn[0m[2m:[0m incoming body is content-length (45 bytes)
[2m2025-12-10T10:19:08.599078Z[0m [34mDEBUG[0m [2mhyper::proto::h1::conn[0m[2m:[0m incoming body completed
[2m2025-12-10T10:19:08.599093Z[0m [34mDEBUG[0m [2mhyper::client::pool[0m[2m:[0m pooling idle connection for ("http", 192.168.0.14:8545)
[2m2025-12-10T10:19:08.599138Z[0m [34mDEBUG[0m [2mhyper::client::pool[0m[2m:[0m reuse idle connection for ("http", 192.168.0.14:8545)
[2m2025-12-10T10:19:08.599171Z[0m [34mDEBUG[0m [2mhyper::proto::h1::io[0m[2m:[0m flushed 172 bytes
[2m2025-12-10T10:19:08.603170Z[0m [34mDEBUG[0m [2mhyper::proto::h1::io[0m[2m:[0m parsed 4 headers
[2m2025-12-10T10:19:08.603188Z[0m [34mDEBUG[0m [2mhyper::proto::h1::conn[0m[2m:[0m incoming body is content-length (45 bytes)
[2m2025-12-10T10:19:08.603198Z[0m [34mDEBUG[0m [2mhyper::proto::h1::conn[0m[2m:[0m incoming body completed
[2m2025-12-10T10:19:08.603217Z[0m [34mDEBUG[0m [2mhyper::client::pool[0m[2m:[0m pooling idle connection for ("http", 192.168.0.14:8545)
[2m2025-12-10T10:19:08.603386Z[0m [34mDEBUG[0m [2mhyper::client::pool[0m[2m:[0m reuse idle connection for ("http", 192.168.0.14:8545)
[2m2025-12-10T10:19:08.603425Z[0m [34mDEBUG[0m [2mhyper::proto::h1::io[0m[2m:[0m flushed 172 bytes
[2m2025-12-10T10:19:08.612481Z[0m [34mDEBUG[0m [2mhyper::proto::h1::io[0m[2m:[0m parsed 4 headers
[2m2025-12-10T10:19:08.614359Z[0m [34mDEBUG[0m [2mhyper::proto::h1::conn[0m[2m:[0m incoming body is content-length (45 bytes)
[2m2025-12-10T10:19:08.614372Z[0m [34mDEBUG[0m [2mhyper::proto::h1::conn[0m[2m:[0m incoming body completed
[2m2025-12-10T10:19:08.614387Z[0m [34mDEBUG[0m [2mhyper::client::pool[0m[2m:[0m pooling idle connection for ("http", 192.168.0.14:8545)
[2m2025-12-10T10:19:08.614442Z[0m [34mDEBUG[0m [2mhyper::client::pool[0m[2m:[0m reuse idle connection for ("http", 192.168.0.14:8545)
[2m2025-12-10T10:19:08.614487Z[0m [34mDEBUG[0m [2mhyper::proto::h1::io[0m[2m:[0m flushed 172 bytes
[2m2025-12-10T10:19:08.619799Z[0m [34mDEBUG[0m [2mhyper::proto::h1::io[0m[2m:[0m parsed 4 headers
[2m2025-12-10T10:19:08.619822Z[0m [34mDEBUG[0m [2mhyper::proto::h1::conn[0m[2m:[0m incoming body is content-length (45 bytes)
[2m2025-12-10T10:19:08.619834Z[0m [34mDEBUG[0m [2mhyper::proto::h1::conn[0m[2m:[0m incoming body completed
[2m2025-12-10T10:19:08.619873Z[0m [34mDEBUG[0m [2mhyper::client::pool[0m[2m:[0m pooling idle connection for ("http", 192.168.0.14:8545)
[2m2025-12-10T10:19:08.619909Z[0m [34mDEBUG[0m [2mhyper::client::pool[0m[2m:[0m reuse idle connection for ("http", 192.168.0.14:8545)
[2m2025-12-10T10:19:08.619950Z[0m [34mDEBUG[0m [2mhyper::proto::h1::io[0m[2m:[0m flushed 172 bytes
[2m2025-12-10T10:19:08.626951Z[0m [34mDEBUG[0m [2mhyper::proto::h1::io[0m[2m:[0m parsed 4 headers
[2m2025-12-10T10:19:08.626969Z[0m [34mDEBUG[0m [2mhyper::proto::h1::conn[0m[2m:[0m incoming body is content-length (45 bytes)
[2m2025-12-10T10:19:08.626978Z[0m [34mDEBUG[0m [2mhyper::proto::h1::conn[0m[2m:[0m incoming body completed
[2m2025-12-10T10:19:08.626989Z[0m [34mDEBUG[0m [2mhyper::client::pool[0m[2m:[0m pooling idle connection for ("http", 192.168.0.14:8545)
[2m2025-12-10T10:19:08.627051Z[0m [34mDEBUG[0m [2mhyper::client::pool[0m[2m:[0m reuse idle connection for ("http", 192.168.0.14:8545)
[2m2025-12-10T10:19:08.627077Z[0m [34mDEBUG[0m [2mhyper::proto::h1::io[0m[2m:[0m flushed 172 bytes
[2m2025-12-10T10:19:08.630411Z[0m [34mDEBUG[0m [2mhyper::proto::h1::io[0m[2m:[0m parsed 4 headers
[2m2025-12-10T10:19:08.630427Z[0m [34mDEBUG[0m [2mhyper::proto::h1::conn[0m[2m:[0m incoming body is content-length (45 bytes)
[2m2025-12-10T10:19:08.630438Z[0m [34mDEBUG[0m [2mhyper::proto::h1::conn[0m[2m:[0m incoming body completed
[2m2025-12-10T10:19:08.630450Z[0m [34mDEBUG[0m [2mhyper::client::pool[0m[2m:[0m pooling idle connection for ("http", 192.168.0.14:8545)
[2m2025-12-10T10:19:08.630479Z[0m [34mDEBUG[0m [2mhyper::client::pool[0m[2m:[0m reuse idle connection for ("http", 192.168.0.14:8545)
[2m2025-12-10T10:19:08.630510Z[0m [34mDEBUG[0m [2mhyper::proto::h1::io[0m[2m:[0m flushed 172 bytes
[2m2025-12-10T10:19:08.636139Z[0m [34mDEBUG[0m [2mhyper::proto::h1::io[0m[2m:[0m parsed 4 headers
[2m2025-12-10T10:19:08.636157Z[0m [34mDEBUG[0m [2mhyper::proto::h1::conn[0m[2m:[0m incoming body is content-length (45 bytes)
[2m2025-12-10T10:19:08.636167Z[0m [34mDEBUG[0m [2mhyper::proto::h1::conn[0m[2m:[0m incoming body completed
[2m2025-12-10T10:19:08.636178Z[0m [34mDEBUG[0m [2mhyper::client::pool[0m[2m:[0m pooling idle connection for ("http", 192.168.0.14:8545)
[2m2025-12-10T10:19:08.636206Z[0m [34mDEBUG[0m [2mhyper::client::pool[0m[2m:[0m reuse idle connection for ("http", 192.168.0.14:8545)
[2m2025-12-10T10:19:08.636239Z[0m [34mDEBUG[0m [2mhyper::proto::h1::io[0m[2m:[0m flushed 172 bytes
[2m2025-12-10T10:19:08.641758Z[0m [34mDEBUG[0m [2mhyper::proto::h1::io[0m[2m:[0m parsed 4 headers
[2m2025-12-10T10:19:08.641778Z[0m [34mDEBUG[0m [2mhyper::proto::h1::conn[0m[2m:[0m incoming body is content-length (45 bytes)
[2m2025-12-10T10:19:08.641796Z[0m [34mDEBUG[0m [2mhyper::proto::h1::conn[0m[2m:[0m incoming body completed
[2m2025-12-10T10:19:08.641956Z[0m [34mDEBUG[0m [2mhyper::client::pool[0m[2m:[0m pooling idle connection for ("http", 192.168.0.14:8545)
[2m2025-12-10T10:19:08.641992Z[0m [34mDEBUG[0m [2mhyper::client::pool[0m[2m:[0m reuse idle connection for ("http", 192.168.0.14:8545)
[2m2025-12-10T10:19:08.642522Z[0m [34mDEBUG[0m [2mhyper::proto::h1::io[0m[2m:[0m flushed 172 bytes
[2m2025-12-10T10:19:08.648203Z[0m [34mDEBUG[0m [2mhyper::proto::h1::io[0m[2m:[0m parsed 4 headers
[2m2025-12-10T10:19:08.648224Z[0m [34mDEBUG[0m [2mhyper::proto::h1::conn[0m[2m:[0m incoming body is content-length (45 bytes)
[2m2025-12-10T10:19:08.648236Z[0m [34mDEBUG[0m [2mhyper::proto::h1::conn[0m[2m:[0m incoming body completed
[2m2025-12-10T10:19:08.648250Z[0m [34mDEBUG[0m [2mhyper::client::pool[0m[2m:[0m pooling idle connection for ("http", 192.168.0.14:8545)
[2m2025-12-10T10:19:08.648316Z[0m [34mDEBUG[0m [2mhyper::client::pool[0m[2m:[0m reuse idle connection for ("http", 192.168.0.14:8545)
[2m2025-12-10T10:19:08.648353Z[0m [34mDEBUG[0m [2mhyper::proto::h1::io[0m[2m:[0m flushed 172 bytes
[2m2025-12-10T10:19:08.651937Z[0m [34mDEBUG[0m [2mhyper::proto::h1::io[0m[2m:[0m parsed 4 headers
[2m2025-12-10T10:19:08.651970Z[0m [34mDEBUG[0m [2mhyper::proto::h1::conn[0m[2m:[0m incoming body is content-length (45 bytes)
[2m2025-12-10T10:19:08.651983Z[0m [34mDEBUG[0m [2mhyper::proto::h1::conn[0m[2m:[0m incoming body completed
[2m2025-12-10T10:19:08.651999Z[0m [34mDEBUG[0m [2mhyper::client::pool[0m[2m:[0m pooling idle connection for ("http", 192.168.0.14:8545)
[2m2025-12-10T10:19:08.652039Z[0m [34mDEBUG[0m [2mhyper::client::pool[0m[2m:[0m reuse idle connection for ("http", 192.168.0.14:8545)
[2m2025-12-10T10:19:08.652094Z[0m [34mDEBUG[0m [2mhyper::proto::h1::io[0m[2m:[0m flushed 172 bytes
[2m2025-12-10T10:19:08.656177Z[0m [34mDEBUG[0m [2mhyper::proto::h1::io[0m[2m:[0m parsed 4 headers
[2m2025-12-10T10:19:08.656197Z[0m [34mDEBUG[0m [2mhyper::proto::h1::conn[0m[2m:[0m incoming body is content-length (45 bytes)
[2m2025-12-10T10:19:08.656207Z[0m [34mDEBUG[0m [2mhyper::proto::h1::conn[0m[2m:[0m incoming body completed
[2m2025-12-10T10:19:08.656217Z[0m [34mDEBUG[0m [2mhyper::client::pool[0m[2m:[0m pooling idle connection for ("http", 192.168.0.14:8545)
[2m2025-12-10T10:19:08.656245Z[0m [34mDEBUG[0m [2mhyper::client::pool[0m[2m:[0m reuse idle connection for ("http", 192.168.0.14:8545)
[2m2025-12-10T10:19:08.656290Z[0m [34mDEBUG[0m [2mhyper::proto::h1::io[0m[2m:[0m flushed 172 bytes
[2m2025-12-10T10:19:08.661030Z[0m [34mDEBUG[0m [2mhyper::proto::h1::io[0m[2m:[0m parsed 4 headers
[2m2025-12-10T10:19:08.661128Z[0m [34mDEBUG[0m [2mhyper::proto::h1::conn[0m[2m:[0m incoming body is content-length (45 bytes)
[2m2025-12-10T10:19:08.661139Z[0m [34mDEBUG[0m [2mhyper::proto::h1::conn[0m[2m:[0m incoming body completed
[2m2025-12-10T10:19:08.661153Z[0m [34mDEBUG[0m [2mhyper::client::pool[0m[2m:[0m pooling idle connection for ("http", 192.168.0.14:8545)
[2m2025-12-10T10:19:08.661184Z[0m [34mDEBUG[0m [2mhyper::client::pool[0m[2m:[0m reuse idle connection for ("http", 192.168.0.14:8545)
[2m2025-12-10T10:19:08.661223Z[0m [34mDEBUG[0m [2mhyper::proto::h1::io[0m[2m:[0m flushed 172 bytes
[2m2025-12-10T10:19:08.667162Z[0m [34mDEBUG[0m [2mhyper::proto::h1::io[0m[2m:[0m parsed 4 headers
[2m2025-12-10T10:19:08.667192Z[0m [34mDEBUG[0m [2mhyper::proto::h1::conn[0m[2m:[0m incoming body is content-length (45 bytes)
[2m2025-12-10T10:19:08.667204Z[0m [34mDEBUG[0m [2mhyper::proto::h1::conn[0m[2m:[0m incoming body completed
[2m2025-12-10T10:19:08.667219Z[0m [34mDEBUG[0m [2mhyper::client::pool[0m[2m:[0m pooling idle connection for ("http", 192.168.0.14:8545)
[2m2025-12-10T10:19:08.667257Z[0m [34mDEBUG[0m [2mhyper::client::pool[0m[2m:[0m reuse idle connection for ("http", 192.168.0.14:8545)
[2m2025-12-10T10:19:08.667297Z[0m [34mDEBUG[0m [2mhyper::proto::h1::io[0m[2m:[0m flushed 172 bytes
[2m2025-12-10T10:19:08.672991Z[0m [34mDEBUG[0m [2mhyper::proto::h1::io[0m[2m:[0m parsed 4 headers
[2m2025-12-10T10:19:08.673119Z[0m [34mDEBUG[0m [2mhyper::proto::h1::conn[0m[2m:[0m incoming body is content-length (45 bytes)
[2m2025-12-10T10:19:08.673132Z[0m [34mDEBUG[0m [2mhyper::proto::h1::conn[0m[2m:[0m incoming body completed
[2m2025-12-10T10:19:08.673144Z[0m [34mDEBUG[0m [2mhyper::client::pool[0m[2m:[0m pooling idle connection for ("http", 192.168.0.14:8545)
[2m2025-12-10T10:19:08.673198Z[0m [34mDEBUG[0m [2mhyper::client::pool[0m[2m:[0m reuse idle connection for ("http", 192.168.0.14:8545)
[2m2025-12-10T10:19:08.673239Z[0m [34mDEBUG[0m [2mhyper::proto::h1::io[0m[2m:[0m flushed 172 bytes
[2m2025-12-10T10:19:08.678615Z[0m [34mDEBUG[0m [2mhyper::proto::h1::io[0m[2m:[0m parsed 4 headers
[2m2025-12-10T10:19:08.678656Z[0m [34mDEBUG[0m [2mhyper::proto::h1::conn[0m[2m:[0m incoming body is content-length (45 bytes)
[2m2025-12-10T10:19:08.678667Z[0m [34mDEBUG[0m [2mhyper::proto::h1::conn[0m[2m:[0m incoming body completed
[2m2025-12-10T10:19:08.678681Z[0m [34mDEBUG[0m [2mhyper::client::pool[0m[2m:[0m pooling idle connection for ("http", 192.168.0.14:8545)
[2m2025-12-10T10:19:08.678710Z[0m [34mDEBUG[0m [2mhyper::client::pool[0m[2m:[0m reuse idle connection for ("http", 192.168.0.14:8545)
[2m2025-12-10T10:19:08.678758Z[0m [34mDEBUG[0m [2mhyper::proto::h1::io[0m[2m:[0m flushed 172 bytes
[2m2025-12-10T10:19:08.684540Z[0m [34mDEBUG[0m [2mhyper::proto::h1::io[0m[2m:[0m parsed 4 headers
[2m2025-12-10T10:19:08.684568Z[0m [34mDEBUG[0m [2mhyper::proto::h1::conn[0m[2m:[0m incoming body is content-length (45 bytes)
[2m2025-12-10T10:19:08.684585Z[0m [34mDEBUG[0m [2mhyper::proto::h1::conn[0m[2m:[0m incoming body completed
[2m2025-12-10T10:19:08.684600Z[0m [34mDEBUG[0m [2mhyper::client::pool[0m[2m:[0m pooling idle connection for ("http", 192.168.0.14:8545)
[2m2025-12-10T10:19:08.684630Z[0m [34mDEBUG[0m [2mhyper::client::pool[0m[2m:[0m reuse idle connection for ("http", 192.168.0.14:8545)
[2m2025-12-10T10:19:08.684684Z[0m [34mDEBUG[0m [2mhyper::proto::h1::io[0m[2m:[0m flushed 172 bytes
[2m2025-12-10T10:19:08.690880Z[0m [34mDEBUG[0m [2mhyper::proto::h1::io[0m[2m:[0m parsed 4 headers
[2m2025-12-10T10:19:08.690936Z[0m [34mDEBUG[0m [2mhyper::proto::h1::conn[0m[2m:[0m incoming body is content-length (45 bytes)
[2m2025-12-10T10:19:08.690969Z[0m [34mDEBUG[0m [2mhyper::proto::h1::conn[0m[2m:[0m incoming body completed
[2m2025-12-10T10:19:08.690981Z[0m [34mDEBUG[0m [2mhyper::client::pool[0m[2m:[0m pooling idle connection for ("http", 192.168.0.14:8545)
[2m2025-12-10T10:19:08.691010Z[0m [34mDEBUG[0m [2mhyper::client::pool[0m[2m:[0m reuse idle connection for ("http", 192.168.0.14:8545)
[2m2025-12-10T10:19:08.691932Z[0m [34mDEBUG[0m [2mhyper::proto::h1::io[0m[2m:[0m flushed 172 bytes
[2m2025-12-10T10:19:08.695307Z[0m [34mDEBUG[0m [2mhyper::proto::h1::io[0m[2m:[0m parsed 4 headers
[2m2025-12-10T10:19:08.695319Z[0m [34mDEBUG[0m [2mhyper::proto::h1::conn[0m[2m:[0m incoming body is content-length (45 bytes)
[2m2025-12-10T10:19:08.695328Z[0m [34mDEBUG[0m [2mhyper::proto::h1::conn[0m[2m:[0m incoming body completed
[2m2025-12-10T10:19:08.695337Z[0m [34mDEBUG[0m [2mhyper::client::pool[0m[2m:[0m pooling idle connection for ("http", 192.168.0.14:8545)
[2m2025-12-10T10:19:08.695363Z[0m [34mDEBUG[0m [2mhyper::client::pool[0m[2m:[0m reuse idle connection for ("http", 192.168.0.14:8545)
[2m2025-12-10T10:19:08.695392Z[0m [34mDEBUG[0m [2mhyper::proto::h1::io[0m[2m:[0m flushed 172 bytes
[2m2025-12-10T10:19:08.699625Z[0m [34mDEBUG[0m [2mhyper::proto::h1::io[0m[2m:[0m parsed 4 headers
[2m2025-12-10T10:19:08.699646Z[0m [34mDEBUG[0m [2mhyper::proto::h1::conn[0m[2m:[0m incoming body is content-length (45 bytes)
[2m2025-12-10T10:19:08.699656Z[0m [34mDEBUG[0m [2mhyper::proto::h1::conn[0m[2m:[0m incoming body completed
[2m2025-12-10T10:19:08.699671Z[0m [34mDEBUG[0m [2mhyper::client::pool[0m[2m:[0m pooling idle connection for ("http", 192.168.0.14:8545)
[2m2025-12-10T10:19:08.699699Z[0m [34mDEBUG[0m [2mhyper::client::pool[0m[2m:[0m reuse idle connection for ("http", 192.168.0.14:8545)
[2m2025-12-10T10:19:08.699735Z[0m [34mDEBUG[0m [2mhyper::proto::h1::io[0m[2m:[0m flushed 172 bytes
[2m2025-12-10T10:19:08.714901Z[0m [34mDEBUG[0m [2mhyper::proto::h1::io[0m[2m:[0m parsed 4 headers
[2m2025-12-10T10:19:08.719526Z[0m [34mDEBUG[0m [2mhyper::proto::h1::conn[0m[2m:[0m incoming body is content-length (45 bytes)
[2m2025-12-10T10:19:08.719539Z[0m [34mDEBUG[0m [2mhyper::proto::h1::conn[0m[2m:[0m incoming body completed
[2m2025-12-10T10:19:08.719553Z[0m [34mDEBUG[0m [2mhyper::client::pool[0m[2m:[0m pooling idle connection for ("http", 192.168.0.14:8545)
[2m2025-12-10T10:19:08.719580Z[0m [34mDEBUG[0m [2mhyper::client::pool[0m[2m:[0m reuse idle connection for ("http", 192.168.0.14:8545)
[2m2025-12-10T10:19:08.719609Z[0m [34mDEBUG[0m [2mhyper::proto::h1::io[0m[2m:[0m flushed 172 bytes
[2m2025-12-10T10:19:08.722922Z[0m [34mDEBUG[0m [2mhyper::proto::h1::io[0m[2m:[0m parsed 4 headers
[2m2025-12-10T10:19:08.722929Z[0m [34mDEBUG[0m [2mhyper::proto::h1::conn[0m[2m:[0m incoming body is content-length (45 bytes)
[2m2025-12-10T10:19:08.722935Z[0m [34mDEBUG[0m [2mhyper::proto::h1::conn[0m[2m:[0m incoming body completed
[2m2025-12-10T10:19:08.722942Z[0m [34mDEBUG[0m [2mhyper::client::pool[0m[2m:[0m pooling idle connection for ("http", 192.168.0.14:8545)
[2m2025-12-10T10:19:08.722962Z[0m [34mDEBUG[0m [2mhyper::client::pool[0m[2m:[0m reuse idle connection for ("http", 192.168.0.14:8545)
[2m2025-12-10T10:19:08.722980Z[0m [34mDEBUG[0m [2mhyper::proto::h1::io[0m[2m:[0m flushed 172 bytes
[2m2025-12-10T10:19:08.727546Z[0m [34mDEBUG[0m [2mhyper::proto::h1::io[0m[2m:[0m parsed 4 headers
[2m2025-12-10T10:19:08.727553Z[0m [34mDEBUG[0m [2mhyper::proto::h1::conn[0m[2m:[0m incoming body is content-length (45 bytes)
[2m2025-12-10T10:19:08.727558Z[0m [34mDEBUG[0m [2mhyper::proto::h1::conn[0m[2m:[0m incoming body completed
[2m2025-12-10T10:19:08.727564Z[0m [34mDEBUG[0m [2mhyper::client::pool[0m[2m:[0m pooling idle connection for ("http", 192.168.0.14:8545)
[2m2025-12-10T10:19:08.727578Z[0m [34mDEBUG[0m [2mhyper::client::pool[0m[2m:[0m reuse idle connection for ("http", 192.168.0.14:8545)
[2m2025-12-10T10:19:08.727593Z[0m [34mDEBUG[0m [2mhyper::proto::h1::io[0m[2m:[0m flushed 172 bytes
[2m2025-12-10T10:19:08.732200Z[0m [34mDEBUG[0m [2mhyper::proto::h1::io[0m[2m:[0m parsed 4 headers
[2m2025-12-10T10:19:08.732313Z[0m [34mDEBUG[0m [2mhyper::proto::h1::conn[0m[2m:[0m incoming body is content-length (45 bytes)
[2m2025-12-10T10:19:08.732319Z[0m [34mDEBUG[0m [2mhyper::proto::h1::conn[0m[2m:[0m incoming body completed
[2m2025-12-10T10:19:08.732346Z[0m [34mDEBUG[0m [2mhyper::client::pool[0m[2m:[0m pooling idle connection for ("http", 192.168.0.14:8545)
[2m2025-12-10T10:19:08.732361Z[0m [34mDEBUG[0m [2mhyper::client::pool[0m[2m:[0m reuse idle connection for ("http", 192.168.0.14:8545)
[2m2025-12-10T10:19:08.732376Z[0m [34mDEBUG[0m [2mhyper::proto::h1::io[0m[2m:[0m flushed 172 bytes
[2m2025-12-10T10:19:08.736318Z[0m [34mDEBUG[0m [2mhyper::proto::h1::io[0m[2m:[0m parsed 4 headers
[2m2025-12-10T10:19:08.736324Z[0m [34mDEBUG[0m [2mhyper::proto::h1::conn[0m[2m:[0m incoming body is content-length (45 bytes)
[2m2025-12-10T10:19:08.736329Z[0m [34mDEBUG[0m [2mhyper::proto::h1::conn[0m[2m:[0m incoming body completed
[2m2025-12-10T10:19:08.736335Z[0m [34mDEBUG[0m [2mhyper::client::pool[0m[2m:[0m pooling idle connection for ("http", 192.168.0.14:8545)
[2m2025-12-10T10:19:08.736346Z[0m [34mDEBUG[0m [2mhyper::client::pool[0m[2m:[0m reuse idle connection for ("http", 192.168.0.14:8545)
[2m2025-12-10T10:19:08.736360Z[0m [34mDEBUG[0m [2mhyper::proto::h1::io[0m[2m:[0m flushed 172 bytes
[2m2025-12-10T10:19:08.740949Z[0m [34mDEBUG[0m [2mhyper::proto::h1::io[0m[2m:[0m parsed 4 headers
[2m2025-12-10T10:19:08.740984Z[0m [34mDEBUG[0m [2mhyper::proto::h1::conn[0m[2m:[0m incoming body is content-length (45 bytes)
[2m2025-12-10T10:19:08.741002Z[0m [34mDEBUG[0m [2mhyper::proto::h1::conn[0m[2m:[0m incoming body completed
[2m2025-12-10T10:19:08.741027Z[0m [34mDEBUG[0m [2mhyper::client::pool[0m[2m:[0m pooling idle connection for ("http", 192.168.0.14:8545)
[2m2025-12-10T10:19:08.741070Z[0m [34mDEBUG[0m [2mhyper::client::pool[0m[2m:[0m reuse idle connection for ("http", 192.168.0.14:8545)
[2m2025-12-10T10:19:08.741136Z[0m [34mDEBUG[0m [2mhyper::proto::h1::io[0m[2m:[0m flushed 172 bytes
[2m2025-12-10T10:19:08.746529Z[0m [34mDEBUG[0m [2mhyper::proto::h1::io[0m[2m:[0m parsed 4 headers
[2m2025-12-10T10:19:08.746574Z[0m [34mDEBUG[0m [2mhyper::proto::h1::conn[0m[2m:[0m incoming body is content-length (45 bytes)
[2m2025-12-10T10:19:08.746584Z[0m [34mDEBUG[0m [2mhyper::proto::h1::conn[0m[2m:[0m incoming body completed
[2m2025-12-10T10:19:08.746595Z[0m [34mDEBUG[0m [2mhyper::client::pool[0m[2m:[0m pooling idle connection for ("http", 192.168.0.14:8545)
[2m2025-12-10T10:19:08.746624Z[0m [34mDEBUG[0m [2mhyper::client::pool[0m[2m:[0m reuse idle connection for ("http", 192.168.0.14:8545)
[2m2025-12-10T10:19:08.746655Z[0m [34mDEBUG[0m [2mhyper::proto::h1::io[0m[2m:[0m flushed 172 bytes
[2m2025-12-10T10:19:08.750723Z[0m [34mDEBUG[0m [2mhyper::proto::h1::io[0m[2m:[0m parsed 4 headers
[2m2025-12-10T10:19:08.750731Z[0m [34mDEBUG[0m [2mhyper::proto::h1::conn[0m[2m:[0m incoming body is content-length (45 bytes)
[2m2025-12-10T10:19:08.750737Z[0m [34mDEBUG[0m [2mhyper::proto::h1::conn[0m[2m:[0m incoming body completed
[2m2025-12-10T10:19:08.750744Z[0m [34mDEBUG[0m [2mhyper::client::pool[0m[2m:[0m pooling idle connection for ("http", 192.168.0.14:8545)
[2m2025-12-10T10:19:08.750761Z[0m [34mDEBUG[0m [2mhyper::client::pool[0m[2m:[0m reuse idle connection for ("http", 192.168.0.14:8545)
[2m2025-12-10T10:19:08.750784Z[0m [34mDEBUG[0m [2mhyper::proto::h1::io[0m[2m:[0m flushed 172 bytes
[2m2025-12-10T10:19:08.758960Z[0m [34mDEBUG[0m [2mhyper::proto::h1::io[0m[2m:[0m parsed 4 headers
[2m2025-12-10T10:19:08.759118Z[0m [34mDEBUG[0m [2mhyper::proto::h1::conn[0m[2m:[0m incoming body is content-length (45 bytes)
[2m2025-12-10T10:19:08.759155Z[0m [34mDEBUG[0m [2mhyper::proto::h1::conn[0m[2m:[0m incoming body completed
[2m2025-12-10T10:19:08.759185Z[0m [34mDEBUG[0m [2mhyper::client::pool[0m[2m:[0m pooling idle connection for ("http", 192.168.0.14:8545)
[2m2025-12-10T10:19:08.759272Z[0m [34mDEBUG[0m [2mhyper::client::pool[0m[2m:[0m reuse idle connection for ("http", 192.168.0.14:8545)
[2m2025-12-10T10:19:08.759521Z[0m [34mDEBUG[0m [2mhyper::proto::h1::io[0m[2m:[0m flushed 172 bytes
[2m2025-12-10T10:19:08.762811Z[0m [34mDEBUG[0m [2mhyper::proto::h1::io[0m[2m:[0m parsed 4 headers
[2m2025-12-10T10:19:08.762859Z[0m [34mDEBUG[0m [2mhyper::proto::h1::conn[0m[2m:[0m incoming body is content-length (45 bytes)
[2m2025-12-10T10:19:08.762877Z[0m [34mDEBUG[0m [2mhyper::proto::h1::conn[0m[2m:[0m incoming body completed
[2m2025-12-10T10:19:08.762902Z[0m [34mDEBUG[0m [2mhyper::client::pool[0m[2m:[0m pooling idle connection for ("http", 192.168.0.14:8545)
[2m2025-12-10T10:19:08.762950Z[0m [34mDEBUG[0m [2mhyper::client::pool[0m[2m:[0m reuse idle connection for ("http", 192.168.0.14:8545)
[2m2025-12-10T10:19:08.763014Z[0m [34mDEBUG[0m [2mhyper::proto::h1::io[0m[2m:[0m flushed 172 bytes
[2m2025-12-10T10:19:08.766701Z[0m [34mDEBUG[0m [2mhyper::proto::h1::io[0m[2m:[0m parsed 4 headers
[2m2025-12-10T10:19:08.766715Z[0m [34mDEBUG[0m [2mhyper::proto::h1::conn[0m[2m:[0m incoming body is content-length (45 bytes)
[2m2025-12-10T10:19:08.766724Z[0m [34mDEBUG[0m [2mhyper::proto::h1::conn[0m[2m:[0m incoming body completed
[2m2025-12-10T10:19:08.766734Z[0m [34mDEBUG[0m [2mhyper::client::pool[0m[2m:[0m pooling idle connection for ("http", 192.168.0.14:8545)
[2m2025-12-10T10:19:08.766765Z[0m [34mDEBUG[0m [2mhyper::client::pool[0m[2m:[0m reuse idle connection for ("http", 192.168.0.14:8545)
[2m2025-12-10T10:19:08.766788Z[0m [34mDEBUG[0m [2mhyper::proto::h1::io[0m[2m:[0m flushed 172 bytes
[2m2025-12-10T10:19:08.771577Z[0m [34mDEBUG[0m [2mhyper::proto::h1::io[0m[2m:[0m parsed 4 headers
[2m2025-12-10T10:19:08.771587Z[0m [34mDEBUG[0m [2mhyper::proto::h1::conn[0m[2m:[0m incoming body is content-length (45 bytes)
[2m2025-12-10T10:19:08.771594Z[0m [34mDEBUG[0m [2mhyper::proto::h1::conn[0m[2m:[0m incoming body completed
[2m2025-12-10T10:19:08.771602Z[0m [34mDEBUG[0m [2mhyper::client::pool[0m[2m:[0m pooling idle connection for ("http", 192.168.0.14:8545)
[2m2025-12-10T10:19:08.771621Z[0m [34mDEBUG[0m [2mhyper::client::pool[0m[2m:[0m reuse idle connection for ("http", 192.168.0.14:8545)
[2m2025-12-10T10:19:08.771640Z[0m [34mDEBUG[0m [2mhyper::proto::h1::io[0m[2m:[0m flushed 172 bytes
[2m2025-12-10T10:19:08.775642Z[0m [34mDEBUG[0m [2mhyper::proto::h1::io[0m[2m:[0m parsed 4 headers
[2m2025-12-10T10:19:08.775654Z[0m [34mDEBUG[0m [2mhyper::proto::h1::conn[0m[2m:[0m incoming body is content-length (45 bytes)
[2m2025-12-10T10:19:08.775661Z[0m [34mDEBUG[0m [2mhyper::proto::h1::conn[0m[2m:[0m incoming body completed
[2m2025-12-10T10:19:08.775674Z[0m [34mDEBUG[0m [2mhyper::client::pool[0m[2m:[0m pooling idle connection for ("http", 192.168.0.14:8545)
[2m2025-12-10T10:19:08.775719Z[0m [34mDEBUG[0m [2mhyper::client::pool[0m[2m:[0m reuse idle connection for ("http", 192.168.0.14:8545)
[2m2025-12-10T10:19:08.775757Z[0m [34mDEBUG[0m [2mhyper::proto::h1::io[0m[2m:[0m flushed 172 bytes
[2m2025-12-10T10:19:08.780075Z[0m [34mDEBUG[0m [2mhyper::proto::h1::io[0m[2m:[0m parsed 4 headers
[2m2025-12-10T10:19:08.780091Z[0m [34mDEBUG[0m [2mhyper::proto::h1::conn[0m[2m:[0m incoming body is content-length (45 bytes)
[2m2025-12-10T10:19:08.780101Z[0m [34mDEBUG[0m [2mhyper::proto::h1::conn[0m[2m:[0m incoming body completed
[2m2025-12-10T10:19:08.780113Z[0m [34mDEBUG[0m [2mhyper::client::pool[0m[2m:[0m pooling idle connection for ("http", 192.168.0.14:8545)
[2m2025-12-10T10:19:08.780136Z[0m [34mDEBUG[0m [2mhyper::client::pool[0m[2m:[0m reuse idle connection for ("http", 192.168.0.14:8545)
[2m2025-12-10T10:19:08.780165Z[0m [34mDEBUG[0m [2mhyper::proto::h1::io[0m[2m:[0m flushed 172 bytes
[2m2025-12-10T10:19:08.783492Z[0m [34mDEBUG[0m [2mhyper::proto::h1::io[0m[2m:[0m parsed 4 headers
[2m2025-12-10T10:19:08.783506Z[0m [34mDEBUG[0m [2mhyper::proto::h1::conn[0m[2m:[0m incoming body is content-length (45 bytes)
[2m2025-12-10T10:19:08.783513Z[0m [34mDEBUG[0m [2mhyper::proto::h1::conn[0m[2m:[0m incoming body completed
[2m2025-12-10T10:19:08.783523Z[0m [34mDEBUG[0m [2mhyper::client::pool[0m[2m:[0m pooling idle connection for ("http", 192.168.0.14:8545)
[2m2025-12-10T10:19:08.783542Z[0m [34mDEBUG[0m [2mhyper::client::pool[0m[2m:[0m reuse idle connection for ("http", 192.168.0.14:8545)
[2m2025-12-10T10:19:08.783568Z[0m [34mDEBUG[0m [2mhyper::proto::h1::io[0m[2m:[0m flushed 172 bytes
[2m2025-12-10T10:19:08.787622Z[0m [34mDEBUG[0m [2mhyper::proto::h1::io[0m[2m:[0m parsed 4 headers
[2m2025-12-10T10:19:08.787652Z[0m [34mDEBUG[0m [2mhyper::proto::h1::conn[0m[2m:[0m incoming body is content-length (45 bytes)
[2m2025-12-10T10:19:08.787670Z[0m [34mDEBUG[0m [2mhyper::proto::h1::conn[0m[2m:[0m incoming body completed
[2m2025-12-10T10:19:08.787689Z[0m [34mDEBUG[0m [2mhyper::client::pool[0m[2m:[0m pooling idle connection for ("http", 192.168.0.14:8545)
[2m2025-12-10T10:19:08.787731Z[0m [34mDEBUG[0m [2mhyper::client::pool[0m[2m:[0m reuse idle connection for ("http", 192.168.0.14:8545)
[2m2025-12-10T10:19:08.787793Z[0m [34mDEBUG[0m [2mhyper::proto::h1::io[0m[2m:[0m flushed 172 bytes
[2m2025-12-10T10:19:08.791993Z[0m [34mDEBUG[0m [2mhyper::proto::h1::io[0m[2m:[0m parsed 4 headers
[2m2025-12-10T10:19:08.792029Z[0m [34mDEBUG[0m [2mhyper::proto::h1::conn[0m[2m:[0m incoming body is content-length (45 bytes)
[2m2025-12-10T10:19:08.792051Z[0m [34mDEBUG[0m [2mhyper::proto::h1::conn[0m[2m:[0m incoming body completed
[2m2025-12-10T10:19:08.792092Z[0m [34mDEBUG[0m [2mhyper::client::pool[0m[2m:[0m pooling idle connection for ("http", 192.168.0.14:8545)
[2m2025-12-10T10:19:08.792120Z[0m [34mDEBUG[0m [2mhyper::client::pool[0m[2m:[0m reuse idle connection for ("http", 192.168.0.14:8545)
[2m2025-12-10T10:19:08.792149Z[0m [34mDEBUG[0m [2mhyper::proto::h1::io[0m[2m:[0m flushed 172 bytes
[2m2025-12-10T10:19:08.796047Z[0m [34mDEBUG[0m [2mhyper::proto::h1::io[0m[2m:[0m parsed 4 headers
[2m2025-12-10T10:19:08.796102Z[0m [34mDEBUG[0m [2mhyper::proto::h1::conn[0m[2m:[0m incoming body is content-length (45 bytes)
[2m2025-12-10T10:19:08.796118Z[0m [34mDEBUG[0m [2mhyper::proto::h1::conn[0m[2m:[0m incoming body completed
[2m2025-12-10T10:19:08.796128Z[0m [34mDEBUG[0m [2mhyper::client::pool[0m[2m:[0m pooling idle connection for ("http", 192.168.0.14:8545)
[2m2025-12-10T10:19:08.796212Z[0m [34mDEBUG[0m [2mhyper::client::pool[0m[2m:[0m reuse idle connection for ("http", 192.168.0.14:8545)
[2m2025-12-10T10:19:08.796277Z[0m [34mDEBUG[0m [2mhyper::proto::h1::io[0m[2m:[0m flushed 172 bytes
[2m2025-12-10T10:19:08.802014Z[0m [34mDEBUG[0m [2mhyper::proto::h1::io[0m[2m:[0m parsed 4 headers
[2m2025-12-10T10:19:08.802025Z[0m [34mDEBUG[0m [2mhyper::proto::h1::conn[0m[2m:[0m incoming body is content-length (45 bytes)
[2m2025-12-10T10:19:08.802032Z[0m [34mDEBUG[0m [2mhyper::proto::h1::conn[0m[2m:[0m incoming body completed
[2m2025-12-10T10:19:08.802040Z[0m [34mDEBUG[0m [2mhyper::client::pool[0m[2m:[0m pooling idle connection for ("http", 192.168.0.14:8545)
[2m2025-12-10T10:19:08.802061Z[0m [34mDEBUG[0m [2mhyper::client::pool[0m[2m:[0m reuse idle connection for ("http", 192.168.0.14:8545)
[2m2025-12-10T10:19:08.802082Z[0m [34mDEBUG[0m [2mhyper::proto::h1::io[0m[2m:[0m flushed 172 bytes
[2m2025-12-10T10:19:08.808438Z[0m [34mDEBUG[0m [2mhyper::proto::h1::io[0m[2m:[0m parsed 4 headers
[2m2025-12-10T10:19:08.808451Z[0m [34mDEBUG[0m [2mhyper::proto::h1::conn[0m[2m:[0m incoming body is content-length (45 bytes)
[2m2025-12-10T10:19:08.808457Z[0m [34mDEBUG[0m [2mhyper::proto::h1::conn[0m[2m:[0m incoming body completed
[2m2025-12-10T10:19:08.808465Z[0m [34mDEBUG[0m [2mhyper::client::pool[0m[2m:[0m pooling idle connection for ("http", 192.168.0.14:8545)
[2m2025-12-10T10:19:08.808664Z[0m [34mDEBUG[0m [2mhyper::client::pool[0m[2m:[0m reuse idle connection for ("http", 192.168.0.14:8545)
[2m2025-12-10T10:19:08.808683Z[0m [34mDEBUG[0m [2mhyper::proto::h1::io[0m[2m:[0m flushed 172 bytes
[2m2025-12-10T10:19:08.812087Z[0m [34mDEBUG[0m [2mhyper::proto::h1::io[0m[2m:[0m parsed 4 headers
[2m2025-12-10T10:19:08.812093Z[0m [34mDEBUG[0m [2mhyper::proto::h1::conn[0m[2m:[0m incoming body is content-length (45 bytes)
[2m2025-12-10T10:19:08.812099Z[0m [34mDEBUG[0m [2mhyper::proto::h1::conn[0m[2m:[0m incoming body completed
[2m2025-12-10T10:19:08.812105Z[0m [34mDEBUG[0m [2mhyper::client::pool[0m[2m:[0m pooling idle connection for ("http", 192.168.0.14:8545)
[2m2025-12-10T10:19:08.812120Z[0m [34mDEBUG[0m [2mhyper::client::pool[0m[2m:[0m reuse idle connection for ("http", 192.168.0.14:8545)
[2m2025-12-10T10:19:08.812135Z[0m [34mDEBUG[0m [2mhyper::proto::h1::io[0m[2m:[0m flushed 172 bytes
[2m2025-12-10T10:19:08.815686Z[0m [34mDEBUG[0m [2mhyper::proto::h1::io[0m[2m:[0m parsed 4 headers
[2m2025-12-10T10:19:08.818470Z[0m [34mDEBUG[0m [2mhyper::proto::h1::conn[0m[2m:[0m incoming body is content-length (45 bytes)
[2m2025-12-10T10:19:08.818477Z[0m [34mDEBUG[0m [2mhyper::proto::h1::conn[0m[2m:[0m incoming body completed
[2m2025-12-10T10:19:08.818484Z[0m [34mDEBUG[0m [2mhyper::client::pool[0m[2m:[0m pooling idle connection for ("http", 192.168.0.14:8545)
[2m2025-12-10T10:19:08.818497Z[0m [34mDEBUG[0m [2mhyper::client::pool[0m[2m:[0m reuse idle connection for ("http", 192.168.0.14:8545)
[2m2025-12-10T10:19:08.818524Z[0m [34mDEBUG[0m [2mhyper::proto::h1::io[0m[2m:[0m flushed 172 bytes
[2m2025-12-10T10:19:08.822429Z[0m [34mDEBUG[0m [2mhyper::proto::h1::io[0m[2m:[0m parsed 4 headers
[2m2025-12-10T10:19:08.822436Z[0m [34mDEBUG[0m [2mhyper::proto::h1::conn[0m[2m:[0m incoming body is content-length (45 bytes)
[2m2025-12-10T10:19:08.822441Z[0m [34mDEBUG[0m [2mhyper::proto::h1::conn[0m[2m:[0m incoming body completed
[2m2025-12-10T10:19:08.822447Z[0m [34mDEBUG[0m [2mhyper::client::pool[0m[2m:[0m pooling idle connection for ("http", 192.168.0.14:8545)
[2m2025-12-10T10:19:08.822458Z[0m [34mDEBUG[0m [2mhyper::client::pool[0m[2m:[0m reuse idle connection for ("http", 192.168.0.14:8545)
[2m2025-12-10T10:19:08.822473Z[0m [34mDEBUG[0m [2mhyper::proto::h1::io[0m[2m:[0m flushed 172 bytes
[2m2025-12-10T10:19:08.829907Z[0m [34mDEBUG[0m [2mhyper::proto::h1::io[0m[2m:[0m parsed 4 headers
[2m2025-12-10T10:19:08.829915Z[0m [34mDEBUG[0m [2mhyper::proto::h1::conn[0m[2m:[0m incoming body is content-length (45 bytes)
[2m2025-12-10T10:19:08.829921Z[0m [34mDEBUG[0m [2mhyper::proto::h1::conn[0m[2m:[0m incoming body completed
[2m2025-12-10T10:19:08.829927Z[0m [34mDEBUG[0m [2mhyper::client::pool[0m[2m:[0m pooling idle connection for ("http", 192.168.0.14:8545)
[2m2025-12-10T10:19:08.829943Z[0m [34mDEBUG[0m [2mhyper::client::pool[0m[2m:[0m reuse idle connection for ("http", 192.168.0.14:8545)
[2m2025-12-10T10:19:08.829959Z[0m [34mDEBUG[0m [2mhyper::proto::h1::io[0m[2m:[0m flushed 172 bytes
[2m2025-12-10T10:19:08.833185Z[0m [34mDEBUG[0m [2mhyper::proto::h1::io[0m[2m:[0m parsed 4 headers
[2m2025-12-10T10:19:08.833225Z[0m [34mDEBUG[0m [2mhyper::proto::h1::conn[0m[2m:[0m incoming body is content-length (45 bytes)
[2m2025-12-10T10:19:08.833248Z[0m [34mDEBUG[0m [2mhyper::proto::h1::conn[0m[2m:[0m incoming body completed
[2m2025-12-10T10:19:08.833260Z[0m [34mDEBUG[0m [2mhyper::client::pool[0m[2m:[0m pooling idle connection for ("http", 192.168.0.14:8545)
[2m2025-12-10T10:19:08.833278Z[0m [34mDEBUG[0m [2mhyper::client::pool[0m[2m:[0m reuse idle connection for ("http", 192.168.0.14:8545)
[2m2025-12-10T10:19:08.833297Z[0m [34mDEBUG[0m [2mhyper::proto::h1::io[0m[2m:[0m flushed 172 bytes
[2m2025-12-10T10:19:08.838586Z[0m [34mDEBUG[0m [2mhyper::proto::h1::io[0m[2m:[0m parsed 4 headers
[2m2025-12-10T10:19:08.838632Z[0m [34mDEBUG[0m [2mhyper::proto::h1::conn[0m[2m:[0m incoming body is content-length (45 bytes)
[2m2025-12-10T10:19:08.838650Z[0m [34mDEBUG[0m [2mhyper::proto::h1::conn[0m[2m:[0m incoming body completed
[2m2025-12-10T10:19:08.838672Z[0m [34mDEBUG[0m [2mhyper::client::pool[0m[2m:[0m pooling idle connection for ("http", 192.168.0.14:8545)
[2m2025-12-10T10:19:08.838730Z[0m [34mDEBUG[0m [2mhyper::client::pool[0m[2m:[0m reuse idle connection for ("http", 192.168.0.14:8545)
[2m2025-12-10T10:19:08.838772Z[0m [34mDEBUG[0m [2mhyper::proto::h1::io[0m[2m:[0m flushed 172 bytes
[2m2025-12-10T10:19:08.844632Z[0m [34mDEBUG[0m [2mhyper::proto::h1::io[0m[2m:[0m parsed 4 headers
[2m2025-12-10T10:19:08.844646Z[0m [34mDEBUG[0m [2mhyper::proto::h1::conn[0m[2m:[0m incoming body is content-length (45 bytes)
[2m2025-12-10T10:19:08.844654Z[0m [34mDEBUG[0m [2mhyper::proto::h1::conn[0m[2m:[0m incoming body completed
[2m2025-12-10T10:19:08.844666Z[0m [34mDEBUG[0m [2mhyper::client::pool[0m[2m:[0m pooling idle connection for ("http", 192.168.0.14:8545)
[2m2025-12-10T10:19:08.844692Z[0m [34mDEBUG[0m [2mhyper::client::pool[0m[2m:[0m reuse idle connection for ("http", 192.168.0.14:8545)
[2m2025-12-10T10:19:08.844713Z[0m [34mDEBUG[0m [2mhyper::proto::h1::io[0m[2m:[0m flushed 172 bytes
[2m2025-12-10T10:19:08.849635Z[0m [34mDEBUG[0m [2mhyper::proto::h1::io[0m[2m:[0m parsed 4 headers
[2m2025-12-10T10:19:08.849645Z[0m [34mDEBUG[0m [2mhyper::proto::h1::conn[0m[2m:[0m incoming body is content-length (45 bytes)
[2m2025-12-10T10:19:08.849654Z[0m [34mDEBUG[0m [2mhyper::proto::h1::conn[0m[2m:[0m incoming body completed
[2m2025-12-10T10:19:08.849661Z[0m [34mDEBUG[0m [2mhyper::client::pool[0m[2m:[0m pooling idle connection for ("http", 192.168.0.14:8545)
[2m2025-12-10T10:19:08.849679Z[0m [34mDEBUG[0m [2mhyper::client::pool[0m[2m:[0m reuse idle connection for ("http", 192.168.0.14:8545)
[2m2025-12-10T10:19:08.849712Z[0m [34mDEBUG[0m [2mhyper::proto::h1::io[0m[2m:[0m flushed 172 bytes
[2m2025-12-10T10:19:08.854650Z[0m [34mDEBUG[0m [2mhyper::proto::h1::io[0m[2m:[0m parsed 4 headers
[2m2025-12-10T10:19:08.854661Z[0m [34mDEBUG[0m [2mhyper::proto::h1::conn[0m[2m:[0m incoming body is content-length (45 bytes)
[2m2025-12-10T10:19:08.854668Z[0m [34mDEBUG[0m [2mhyper::proto::h1::conn[0m[2m:[0m incoming body completed
[2m2025-12-10T10:19:08.854676Z[0m [34mDEBUG[0m [2mhyper::client::pool[0m[2m:[0m pooling idle connection for ("http", 192.168.0.14:8545)
[2m2025-12-10T10:19:08.854696Z[0m [34mDEBUG[0m [2mhyper::client::pool[0m[2m:[0m reuse idle connection for ("http", 192.168.0.14:8545)
[2m2025-12-10T10:19:08.854713Z[0m [34mDEBUG[0m [2mhyper::proto::h1::io[0m[2m:[0m flushed 172 bytes
[2m2025-12-10T10:19:08.874713Z[0m [34mDEBUG[0m [2mhyper::proto::h1::io[0m[2m:[0m parsed 4 headers
[2m2025-12-10T10:19:08.874733Z[0m [34mDEBUG[0m [2mhyper::proto::h1::conn[0m[2m:[0m incoming body is content-length (45 bytes)
[2m2025-12-10T10:19:08.874745Z[0m [34mDEBUG[0m [2mhyper::proto::h1::conn[0m[2m:[0m incoming body completed
[2m2025-12-10T10:19:08.874756Z[0m [34mDEBUG[0m [2mhyper::client::pool[0m[2m:[0m pooling idle connection for ("http", 192.168.0.14:8545)
[2m2025-12-10T10:19:08.874785Z[0m [34mDEBUG[0m [2mhyper::client::pool[0m[2m:[0m reuse idle connection for ("http", 192.168.0.14:8545)
[2m2025-12-10T10:19:08.874924Z[0m [34mDEBUG[0m [2mhyper::proto::h1::io[0m[2m:[0m flushed 172 bytes
[2m2025-12-10T10:19:08.878997Z[0m [34mDEBUG[0m [2mhyper::proto::h1::io[0m[2m:[0m parsed 4 headers
[2m2025-12-10T10:19:08.879024Z[0m [34mDEBUG[0m [2mhyper::proto::h1::conn[0m[2m:[0m incoming body is content-length (45 bytes)
[2m2025-12-10T10:19:08.879034Z[0m [34mDEBUG[0m [2mhyper::proto::h1::conn[0m[2m:[0m incoming body completed
[2m2025-12-10T10:19:08.879048Z[0m [34mDEBUG[0m [2mhyper::client::pool[0m[2m:[0m pooling idle connection for ("http", 192.168.0.14:8545)
[2m2025-12-10T10:19:08.879095Z[0m [34mDEBUG[0m [2mhyper::client::pool[0m[2m:[0m reuse idle connection for ("http", 192.168.0.14:8545)
[2m2025-12-10T10:19:08.879159Z[0m [34mDEBUG[0m [2mhyper::proto::h1::io[0m[2m:[0m flushed 172 bytes
[2m2025-12-10T10:19:08.883106Z[0m [34mDEBUG[0m [2mhyper::proto::h1::io[0m[2m:[0m parsed 4 headers
[2m2025-12-10T10:19:08.883133Z[0m [34mDEBUG[0m [2mhyper::proto::h1::conn[0m[2m:[0m incoming body is content-length (45 bytes)
[2m2025-12-10T10:19:08.883146Z[0m [34mDEBUG[0m [2mhyper::proto::h1::conn[0m[2m:[0m incoming body completed
[2m2025-12-10T10:19:08.883161Z[0m [34mDEBUG[0m [2mhyper::client::pool[0m[2m:[0m pooling idle connection for ("http", 192.168.0.14:8545)
[2m2025-12-10T10:19:08.883192Z[0m [34mDEBUG[0m [2mhyper::client::pool[0m[2m:[0m reuse idle connection for ("http", 192.168.0.14:8545)
[2m2025-12-10T10:19:08.883578Z[0m [34mDEBUG[0m [2mhyper::proto::h1::io[0m[2m:[0m flushed 172 bytes
[2m2025-12-10T10:19:08.895466Z[0m [34mDEBUG[0m [2mhyper::proto::h1::io[0m[2m:[0m parsed 4 headers
[2m2025-12-10T10:19:08.895492Z[0m [34mDEBUG[0m [2mhyper::proto::h1::conn[0m[2m:[0m incoming body is content-length (45 bytes)
[2m2025-12-10T10:19:08.895503Z[0m [34mDEBUG[0m [2mhyper::proto::h1::conn[0m[2m:[0m incoming body completed
[2m2025-12-10T10:19:08.895523Z[0m [34mDEBUG[0m [2mhyper::client::pool[0m[2m:[0m pooling idle connection for ("http", 192.168.0.14:8545)
[2m2025-12-10T10:19:08.895555Z[0m [34mDEBUG[0m [2mhyper::client::pool[0m[2m:[0m reuse idle connection for ("http", 192.168.0.14:8545)
[2m2025-12-10T10:19:08.895598Z[0m [34mDEBUG[0m [2mhyper::proto::h1::io[0m[2m:[0m flushed 172 bytes
[2m2025-12-10T10:19:08.900539Z[0m [34mDEBUG[0m [2mhyper::proto::h1::io[0m[2m:[0m parsed 4 headers
[2m2025-12-10T10:19:08.900596Z[0m [34mDEBUG[0m [2mhyper::proto::h1::conn[0m[2m:[0m incoming body is content-length (45 bytes)
[2m2025-12-10T10:19:08.900611Z[0m [34mDEBUG[0m [2mhyper::proto::h1::conn[0m[2m:[0m incoming body completed
[2m2025-12-10T10:19:08.900623Z[0m [34mDEBUG[0m [2mhyper::client::pool[0m[2m:[0m pooling idle connection for ("http", 192.168.0.14:8545)
[2m2025-12-10T10:19:08.900664Z[0m [34mDEBUG[0m [2mhyper::client::pool[0m[2m:[0m reuse idle connection for ("http", 192.168.0.14:8545)
[2m2025-12-10T10:19:08.900697Z[0m [34mDEBUG[0m [2mhyper::proto::h1::io[0m[2m:[0m flushed 172 bytes
[2m2025-12-10T10:19:08.905200Z[0m [34mDEBUG[0m [2mhyper::proto::h1::io[0m[2m:[0m parsed 4 headers
[2m2025-12-10T10:19:08.905214Z[0m [34mDEBUG[0m [2mhyper::proto::h1::conn[0m[2m:[0m incoming body is content-length (45 bytes)
[2m2025-12-10T10:19:08.905226Z[0m [34mDEBUG[0m [2mhyper::proto::h1::conn[0m[2m:[0m incoming body completed
[2m2025-12-10T10:19:08.905243Z[0m [34mDEBUG[0m [2mhyper::client::pool[0m[2m:[0m pooling idle connection for ("http", 192.168.0.14:8545)
[2m2025-12-10T10:19:08.905273Z[0m [34mDEBUG[0m [2mhyper::client::pool[0m[2m:[0m reuse idle connection for ("http", 192.168.0.14:8545)
[2m2025-12-10T10:19:08.905304Z[0m [34mDEBUG[0m [2mhyper::proto::h1::io[0m[2m:[0m flushed 172 bytes
[2m2025-12-10T10:19:08.913300Z[0m [34mDEBUG[0m [2mhyper::proto::h1::io[0m[2m:[0m parsed 4 headers
[2m2025-12-10T10:19:08.913327Z[0m [34mDEBUG[0m [2mhyper::proto::h1::conn[0m[2m:[0m incoming body is content-length (45 bytes)
[2m2025-12-10T10:19:08.913349Z[0m [34mDEBUG[0m [2mhyper::proto::h1::conn[0m[2m:[0m incoming body completed
[2m2025-12-10T10:19:08.913389Z[0m [34mDEBUG[0m [2mhyper::client::pool[0m[2m:[0m pooling idle connection for ("http", 192.168.0.14:8545)
[2m2025-12-10T10:19:08.913456Z[0m [34mDEBUG[0m [2mhyper::client::pool[0m[2m:[0m reuse idle connection for ("http", 192.168.0.14:8545)
[2m2025-12-10T10:19:08.913488Z[0m [34mDEBUG[0m [2mhyper::proto::h1::io[0m[2m:[0m flushed 172 bytes
[2m2025-12-10T10:19:08.921328Z[0m [34mDEBUG[0m [2mhyper::proto::h1::io[0m[2m:[0m parsed 4 headers
[2m2025-12-10T10:19:08.921351Z[0m [34mDEBUG[0m [2mhyper::proto::h1::conn[0m[2m:[0m incoming body is content-length (45 bytes)
[2m2025-12-10T10:19:08.921405Z[0m [34mDEBUG[0m [2mhyper::proto::h1::conn[0m[2m:[0m incoming body completed
[2m2025-12-10T10:19:08.921437Z[0m [34mDEBUG[0m [2mhyper::client::pool[0m[2m:[0m pooling idle connection for ("http", 192.168.0.14:8545)
[2m2025-12-10T10:19:08.921491Z[0m [34mDEBUG[0m [2mhyper::client::pool[0m[2m:[0m reuse idle connection for ("http", 192.168.0.14:8545)
[2m2025-12-10T10:19:08.921566Z[0m [34mDEBUG[0m [2mhyper::proto::h1::io[0m[2m:[0m flushed 172 bytes
[2m2025-12-10T10:19:08.934295Z[0m [34mDEBUG[0m [2mhyper::proto::h1::io[0m[2m:[0m parsed 4 headers
[2m2025-12-10T10:19:08.934313Z[0m [34mDEBUG[0m [2mhyper::proto::h1::conn[0m[2m:[0m incoming body is content-length (45 bytes)
[2m2025-12-10T10:19:08.934322Z[0m [34mDEBUG[0m [2mhyper::proto::h1::conn[0m[2m:[0m incoming body completed
[2m2025-12-10T10:19:08.934334Z[0m [34mDEBUG[0m [2mhyper::client::pool[0m[2m:[0m pooling idle connection for ("http", 192.168.0.14:8545)
[2m2025-12-10T10:19:08.934363Z[0m [34mDEBUG[0m [2mhyper::client::pool[0m[2m:[0m reuse idle connection for ("http", 192.168.0.14:8545)
[2m2025-12-10T10:19:08.934402Z[0m [34mDEBUG[0m [2mhyper::proto::h1::io[0m[2m:[0m flushed 172 bytes
[2m2025-12-10T10:19:08.942226Z[0m [34mDEBUG[0m [2mhyper::proto::h1::io[0m[2m:[0m parsed 4 headers
[2m2025-12-10T10:19:08.942266Z[0m [34mDEBUG[0m [2mhyper::proto::h1::conn[0m[2m:[0m incoming body is content-length (45 bytes)
[2m2025-12-10T10:19:08.942325Z[0m [34mDEBUG[0m [2mhyper::proto::h1::conn[0m[2m:[0m incoming body completed
[2m2025-12-10T10:19:08.942379Z[0m [34mDEBUG[0m [2mhyper::client::pool[0m[2m:[0m pooling idle connection for ("http", 192.168.0.14:8545)
[2m2025-12-10T10:19:08.942496Z[0m [34mDEBUG[0m [2mhyper::client::pool[0m[2m:[0m reuse idle connection for ("http", 192.168.0.14:8545)
[2m2025-12-10T10:19:08.942551Z[0m [34mDEBUG[0m [2mhyper::proto::h1::io[0m[2m:[0m flushed 172 bytes
[2m2025-12-10T10:19:08.945726Z[0m [34mDEBUG[0m [2mhyper::proto::h1::io[0m[2m:[0m parsed 4 headers
[2m2025-12-10T10:19:08.945771Z[0m [34mDEBUG[0m [2mhyper::proto::h1::conn[0m[2m:[0m incoming body is content-length (45 bytes)
[2m2025-12-10T10:19:08.945781Z[0m [34mDEBUG[0m [2mhyper::proto::h1::conn[0m[2m:[0m incoming body completed
[2m2025-12-10T10:19:08.945792Z[0m [34mDEBUG[0m [2mhyper::client::pool[0m[2m:[0m pooling idle connection for ("http", 192.168.0.14:8545)
[2m2025-12-10T10:19:08.945825Z[0m [34mDEBUG[0m [2mhyper::client::pool[0m[2m:[0m reuse idle connection for ("http", 192.168.0.14:8545)
[2m2025-12-10T10:19:08.945880Z[0m [34mDEBUG[0m [2mhyper::proto::h1::io[0m[2m:[0m flushed 172 bytes
[2m2025-12-10T10:19:08.952188Z[0m [34mDEBUG[0m [2mhyper::proto::h1::io[0m[2m:[0m parsed 4 headers
[2m2025-12-10T10:19:08.952209Z[0m [34mDEBUG[0m [2mhyper::proto::h1::conn[0m[2m:[0m incoming body is content-length (45 bytes)
[2m2025-12-10T10:19:08.952218Z[0m [34mDEBUG[0m [2mhyper::proto::h1::conn[0m[2m:[0m incoming body completed
[2m2025-12-10T10:19:08.952230Z[0m [34mDEBUG[0m [2mhyper::client::pool[0m[2m:[0m pooling idle connection for ("http", 192.168.0.14:8545)
[2m2025-12-10T10:19:08.952257Z[0m [34mDEBUG[0m [2mhyper::client::pool[0m[2m:[0m reuse idle connection for ("http", 192.168.0.14:8545)
[2m2025-12-10T10:19:08.952288Z[0m [34mDEBUG[0m [2mhyper::proto::h1::io[0m[2m:[0m flushed 172 bytes
[2m2025-12-10T10:19:08.960921Z[0m [34mDEBUG[0m [2mhyper::proto::h1::io[0m[2m:[0m parsed 4 headers
[2m2025-12-10T10:19:08.961013Z[0m [34mDEBUG[0m [2mhyper::proto::h1::conn[0m[2m:[0m incoming body is content-length (45 bytes)
[2m2025-12-10T10:19:08.961030Z[0m [34mDEBUG[0m [2mhyper::proto::h1::conn[0m[2m:[0m incoming body completed
[2m2025-12-10T10:19:08.961059Z[0m [34mDEBUG[0m [2mhyper::client::pool[0m[2m:[0m pooling idle connection for ("http", 192.168.0.14:8545)
[2m2025-12-10T10:19:08.961370Z[0m [34mDEBUG[0m [2mhyper::client::pool[0m[2m:[0m reuse idle connection for ("http", 192.168.0.14:8545)
[2m2025-12-10T10:19:08.961425Z[0m [34mDEBUG[0m [2mhyper::proto::h1::io[0m[2m:[0m flushed 172 bytes
[2m2025-12-10T10:19:08.965200Z[0m [34mDEBUG[0m [2mhyper::proto::h1::io[0m[2m:[0m parsed 4 headers
[2m2025-12-10T10:19:08.965241Z[0m [34mDEBUG[0m [2mhyper::proto::h1::conn[0m[2m:[0m incoming body is content-length (45 bytes)
[2m2025-12-10T10:19:08.965266Z[0m [34mDEBUG[0m [2mhyper::proto::h1::conn[0m[2m:[0m incoming body completed
[2m2025-12-10T10:19:08.965531Z[0m [34mDEBUG[0m [2mhyper::client::pool[0m[2m:[0m pooling idle connection for ("http", 192.168.0.14:8545)
[2m2025-12-10T10:19:08.965607Z[0m [34mDEBUG[0m [2mhyper::client::pool[0m[2m:[0m reuse idle connection for ("http", 192.168.0.14:8545)
[2m2025-12-10T10:19:08.965684Z[0m [34mDEBUG[0m [2mhyper::proto::h1::io[0m[2m:[0m flushed 172 bytes
[2m2025-12-10T10:19:08.970476Z[0m [34mDEBUG[0m [2mhyper::proto::h1::io[0m[2m:[0m parsed 4 headers
[2m2025-12-10T10:19:08.970496Z[0m [34mDEBUG[0m [2mhyper::proto::h1::conn[0m[2m:[0m incoming body is content-length (45 bytes)
[2m2025-12-10T10:19:08.970511Z[0m [34mDEBUG[0m [2mhyper::proto::h1::conn[0m[2m:[0m incoming body completed
[2m2025-12-10T10:19:08.970522Z[0m [34mDEBUG[0m [2mhyper::client::pool[0m[2m:[0m pooling idle connection for ("http", 192.168.0.14:8545)
[2m2025-12-10T10:19:08.970670Z[0m [34mDEBUG[0m [2mhyper::client::pool[0m[2m:[0m reuse idle connection for ("http", 192.168.0.14:8545)
[2m2025-12-10T10:19:08.970722Z[0m [34mDEBUG[0m [2mhyper::proto::h1::io[0m[2m:[0m flushed 172 bytes
[2m2025-12-10T10:19:08.978623Z[0m [34mDEBUG[0m [2mhyper::proto::h1::io[0m[2m:[0m parsed 4 headers
[2m2025-12-10T10:19:08.978685Z[0m [34mDEBUG[0m [2mhyper::proto::h1::conn[0m[2m:[0m incoming body is content-length (45 bytes)
[2m2025-12-10T10:19:08.978717Z[0m [34mDEBUG[0m [2mhyper::proto::h1::conn[0m[2m:[0m incoming body completed
[2m2025-12-10T10:19:08.978774Z[0m [34mDEBUG[0m [2mhyper::client::pool[0m[2m:[0m pooling idle connection for ("http", 192.168.0.14:8545)
[2m2025-12-10T10:19:08.978853Z[0m [34mDEBUG[0m [2mhyper::client::pool[0m[2m:[0m reuse idle connection for ("http", 192.168.0.14:8545)
[2m2025-12-10T10:19:08.978905Z[0m [34mDEBUG[0m [2mhyper::proto::h1::io[0m[2m:[0m flushed 172 bytes
[2m2025-12-10T10:19:08.987078Z[0m [34mDEBUG[0m [2mhyper::proto::h1::io[0m[2m:[0m parsed 4 headers
[2m2025-12-10T10:19:08.987100Z[0m [34mDEBUG[0m [2mhyper::proto::h1::conn[0m[2m:[0m incoming body is content-length (45 bytes)
[2m2025-12-10T10:19:08.987108Z[0m [34mDEBUG[0m [2mhyper::proto::h1::conn[0m[2m:[0m incoming body completed
[2m2025-12-10T10:19:08.987119Z[0m [34mDEBUG[0m [2mhyper::client::pool[0m[2m:[0m pooling idle connection for ("http", 192.168.0.14:8545)
[2m2025-12-10T10:19:08.987207Z[0m [34mDEBUG[0m [2mhyper::client::pool[0m[2m:[0m reuse idle connection for ("http", 192.168.0.14:8545)
[2m2025-12-10T10:19:08.987248Z[0m [34mDEBUG[0m [2mhyper::proto::h1::io[0m[2m:[0m flushed 172 bytes
[2m2025-12-10T10:19:08.991814Z[0m [34mDEBUG[0m [2mhyper::proto::h1::io[0m[2m:[0m parsed 4 headers
[2m2025-12-10T10:19:08.991847Z[0m [34mDEBUG[0m [2mhyper::proto::h1::conn[0m[2m:[0m incoming body is content-length (45 bytes)
[2m2025-12-10T10:19:08.991869Z[0m [34mDEBUG[0m [2mhyper::proto::h1::conn[0m[2m:[0m incoming body completed
[2m2025-12-10T10:19:08.991895Z[0m [34mDEBUG[0m [2mhyper::client::pool[0m[2m:[0m pooling idle connection for ("http", 192.168.0.14:8545)
[2m2025-12-10T10:19:08.991960Z[0m [34mDEBUG[0m [2mhyper::client::pool[0m[2m:[0m reuse idle connection for ("http", 192.168.0.14:8545)
[2m2025-12-10T10:19:08.992065Z[0m [34mDEBUG[0m [2mhyper::proto::h1::io[0m[2m:[0m flushed 172 bytes
[2m2025-12-10T10:19:08.995417Z[0m [34mDEBUG[0m [2mhyper::proto::h1::io[0m[2m:[0m parsed 4 headers
[2m2025-12-10T10:19:08.995466Z[0m [34mDEBUG[0m [2mhyper::proto::h1::conn[0m[2m:[0m incoming body is content-length (45 bytes)
[2m2025-12-10T10:19:08.995528Z[0m [34mDEBUG[0m [2mhyper::proto::h1::conn[0m[2m:[0m incoming body completed
[2m2025-12-10T10:19:08.995540Z[0m [34mDEBUG[0m [2mhyper::client::pool[0m[2m:[0m pooling idle connection for ("http", 192.168.0.14:8545)
[2m2025-12-10T10:19:08.995565Z[0m [34mDEBUG[0m [2mhyper::client::pool[0m[2m:[0m reuse idle connection for ("http", 192.168.0.14:8545)
[2m2025-12-10T10:19:08.995593Z[0m [34mDEBUG[0m [2mhyper::proto::h1::io[0m[2m:[0m flushed 172 bytes
[2m2025-12-10T10:19:09.002622Z[0m [34mDEBUG[0m [2mhyper::proto::h1::io[0m[2m:[0m parsed 4 headers
[2m2025-12-10T10:19:09.006593Z[0m [34mDEBUG[0m [2mhyper::proto::h1::conn[0m[2m:[0m incoming body is content-length (45 bytes)
[2m2025-12-10T10:19:09.006612Z[0m [34mDEBUG[0m [2mhyper::proto::h1::conn[0m[2m:[0m incoming body completed
[2m2025-12-10T10:19:09.006630Z[0m [34mDEBUG[0m [2mhyper::client::pool[0m[2m:[0m pooling idle connection for ("http", 192.168.0.14:8545)
[2m2025-12-10T10:19:09.006661Z[0m [34mDEBUG[0m [2mhyper::client::pool[0m[2m:[0m reuse idle connection for ("http", 192.168.0.14:8545)
[2m2025-12-10T10:19:09.006781Z[0m [34mDEBUG[0m [2mhyper::proto::h1::io[0m[2m:[0m flushed 172 bytes
[2m2025-12-10T10:19:09.009951Z[0m [34mDEBUG[0m [2mhyper::proto::h1::io[0m[2m:[0m parsed 4 headers
[2m2025-12-10T10:19:09.009972Z[0m [34mDEBUG[0m [2mhyper::proto::h1::conn[0m[2m:[0m incoming body is content-length (45 bytes)
[2m2025-12-10T10:19:09.009983Z[0m [34mDEBUG[0m [2mhyper::proto::h1::conn[0m[2m:[0m incoming body completed
[2m2025-12-10T10:19:09.009996Z[0m [34mDEBUG[0m [2mhyper::client::pool[0m[2m:[0m pooling idle connection for ("http", 192.168.0.14:8545)
[2m2025-12-10T10:19:09.010029Z[0m [34mDEBUG[0m [2mhyper::client::pool[0m[2m:[0m reuse idle connection for ("http", 192.168.0.14:8545)
[2m2025-12-10T10:19:09.010060Z[0m [34mDEBUG[0m [2mhyper::proto::h1::io[0m[2m:[0m flushed 172 bytes
[2m2025-12-10T10:19:09.013527Z[0m [34mDEBUG[0m [2mhyper::proto::h1::io[0m[2m:[0m parsed 4 headers
[2m2025-12-10T10:19:09.013544Z[0m [34mDEBUG[0m [2mhyper::proto::h1::conn[0m[2m:[0m incoming body is content-length (45 bytes)
[2m2025-12-10T10:19:09.013553Z[0m [34mDEBUG[0m [2mhyper::proto::h1::conn[0m[2m:[0m incoming body completed
[2m2025-12-10T10:19:09.013564Z[0m [34mDEBUG[0m [2mhyper::client::pool[0m[2m:[0m pooling idle connection for ("http", 192.168.0.14:8545)
[2m2025-12-10T10:19:09.013589Z[0m [34mDEBUG[0m [2mhyper::client::pool[0m[2m:[0m reuse idle connection for ("http", 192.168.0.14:8545)
[2m2025-12-10T10:19:09.013657Z[0m [34mDEBUG[0m [2mhyper::proto::h1::io[0m[2m:[0m flushed 172 bytes
[2m2025-12-10T10:19:09.017795Z[0m [34mDEBUG[0m [2mhyper::proto::h1::io[0m[2m:[0m parsed 4 headers
[2m2025-12-10T10:19:09.017867Z[0m [34mDEBUG[0m [2mhyper::proto::h1::conn[0m[2m:[0m incoming body is content-length (45 bytes)
[2m2025-12-10T10:19:09.017891Z[0m [34mDEBUG[0m [2mhyper::proto::h1::conn[0m[2m:[0m incoming body completed
[2m2025-12-10T10:19:09.017920Z[0m [34mDEBUG[0m [2mhyper::client::pool[0m[2m:[0m pooling idle connection for ("http", 192.168.0.14:8545)
[2m2025-12-10T10:19:09.018082Z[0m [34mDEBUG[0m [2mhyper::client::pool[0m[2m:[0m reuse idle connection for ("http", 192.168.0.14:8545)
[2m2025-12-10T10:19:09.018144Z[0m [34mDEBUG[0m [2mhyper::proto::h1::io[0m[2m:[0m flushed 172 bytes
[2m2025-12-10T10:19:09.021969Z[0m [34mDEBUG[0m [2mhyper::proto::h1::io[0m[2m:[0m parsed 4 headers
[2m2025-12-10T10:19:09.021982Z[0m [34mDEBUG[0m [2mhyper::proto::h1::conn[0m[2m:[0m incoming body is content-length (45 bytes)
[2m2025-12-10T10:19:09.021991Z[0m [34mDEBUG[0m [2mhyper::proto::h1::conn[0m[2m:[0m incoming body completed
[2m2025-12-10T10:19:09.022002Z[0m [34mDEBUG[0m [2mhyper::client::pool[0m[2m:[0m pooling idle connection for ("http", 192.168.0.14:8545)
[2m2025-12-10T10:19:09.022033Z[0m [34mDEBUG[0m [2mhyper::client::pool[0m[2m:[0m reuse idle connection for ("http", 192.168.0.14:8545)
[2m2025-12-10T10:19:09.022177Z[0m [34mDEBUG[0m [2mhyper::proto::h1::io[0m[2m:[0m flushed 172 bytes
[2m2025-12-10T10:19:09.028067Z[0m [34mDEBUG[0m [2mhyper::proto::h1::io[0m[2m:[0m parsed 4 headers
[2m2025-12-10T10:19:09.028092Z[0m [34mDEBUG[0m [2mhyper::proto::h1::conn[0m[2m:[0m incoming body is content-length (45 bytes)
[2m2025-12-10T10:19:09.028105Z[0m [34mDEBUG[0m [2mhyper::proto::h1::conn[0m[2m:[0m incoming body completed
[2m2025-12-10T10:19:09.028123Z[0m [34mDEBUG[0m [2mhyper::client::pool[0m[2m:[0m pooling idle connection for ("http", 192.168.0.14:8545)
[2m2025-12-10T10:19:09.028171Z[0m [34mDEBUG[0m [2mhyper::client::pool[0m[2m:[0m reuse idle connection for ("http", 192.168.0.14:8545)
[2m2025-12-10T10:19:09.028204Z[0m [34mDEBUG[0m [2mhyper::proto::h1::io[0m[2m:[0m flushed 172 bytes
[2m2025-12-10T10:19:09.035585Z[0m [34mDEBUG[0m [2mhyper::proto::h1::io[0m[2m:[0m parsed 4 headers
[2m2025-12-10T10:19:09.035651Z[0m [34mDEBUG[0m [2mhyper::proto::h1::conn[0m[2m:[0m incoming body is content-length (45 bytes)
[2m2025-12-10T10:19:09.035695Z[0m [34mDEBUG[0m [2mhyper::proto::h1::conn[0m[2m:[0m incoming body completed
[2m2025-12-10T10:19:09.035747Z[0m [34mDEBUG[0m [2mhyper::client::pool[0m[2m:[0m pooling idle connection for ("http", 192.168.0.14:8545)
[2m2025-12-10T10:19:09.035806Z[0m [34mDEBUG[0m [2mhyper::client::pool[0m[2m:[0m reuse idle connection for ("http", 192.168.0.14:8545)
[2m2025-12-10T10:19:09.035924Z[0m [34mDEBUG[0m [2mhyper::proto::h1::io[0m[2m:[0m flushed 172 bytes
[2m2025-12-10T10:19:09.040371Z[0m [34mDEBUG[0m [2mhyper::proto::h1::io[0m[2m:[0m parsed 4 headers
[2m2025-12-10T10:19:09.040393Z[0m [34mDEBUG[0m [2mhyper::proto::h1::conn[0m[2m:[0m incoming body is content-length (45 bytes)
[2m2025-12-10T10:19:09.040405Z[0m [34mDEBUG[0m [2mhyper::proto::h1::conn[0m[2m:[0m incoming body completed
[2m2025-12-10T10:19:09.040419Z[0m [34mDEBUG[0m [2mhyper::client::pool[0m[2m:[0m pooling idle connection for ("http", 192.168.0.14:8545)
[2m2025-12-10T10:19:09.040449Z[0m [34mDEBUG[0m [2mhyper::client::pool[0m[2m:[0m reuse idle connection for ("http", 192.168.0.14:8545)
[2m2025-12-10T10:19:09.040507Z[0m [34mDEBUG[0m [2mhyper::proto::h1::io[0m[2m:[0m flushed 172 bytes
[2m2025-12-10T10:19:09.044257Z[0m [34mDEBUG[0m [2mhyper::proto::h1::io[0m[2m:[0m parsed 4 headers
[2m2025-12-10T10:19:09.044295Z[0m [34mDEBUG[0m [2mhyper::proto::h1::conn[0m[2m:[0m incoming body is content-length (45 bytes)
[2m2025-12-10T10:19:09.044309Z[0m [34mDEBUG[0m [2mhyper::proto::h1::conn[0m[2m:[0m incoming body completed
[2m2025-12-10T10:19:09.044319Z[0m [34mDEBUG[0m [2mhyper::client::pool[0m[2m:[0m pooling idle connection for ("http", 192.168.0.14:8545)
[2m2025-12-10T10:19:09.044340Z[0m [34mDEBUG[0m [2mhyper::client::pool[0m[2m:[0m reuse idle connection for ("http", 192.168.0.14:8545)
[2m2025-12-10T10:19:09.044396Z[0m [34mDEBUG[0m [2mhyper::proto::h1::io[0m[2m:[0m flushed 172 bytes
[2m2025-12-10T10:19:09.048999Z[0m [34mDEBUG[0m [2mhyper::proto::h1::io[0m[2m:[0m parsed 4 headers
[2m2025-12-10T10:19:09.049033Z[0m [34mDEBUG[0m [2mhyper::proto::h1::conn[0m[2m:[0m incoming body is content-length (45 bytes)
[2m2025-12-10T10:19:09.049082Z[0m [34mDEBUG[0m [2mhyper::proto::h1::conn[0m[2m:[0m incoming body completed
[2m2025-12-10T10:19:09.049121Z[0m [34mDEBUG[0m [2mhyper::client::pool[0m[2m:[0m pooling idle connection for ("http", 192.168.0.14:8545)
[2m2025-12-10T10:19:09.049182Z[0m [34mDEBUG[0m [2mhyper::client::pool[0m[2m:[0m reuse idle connection for ("http", 192.168.0.14:8545)
[2m2025-12-10T10:19:09.049247Z[0m [34mDEBUG[0m [2mhyper::proto::h1::io[0m[2m:[0m flushed 172 bytes
[2m2025-12-10T10:19:09.052081Z[0m [34mDEBUG[0m [2mhyper::proto::h1::io[0m[2m:[0m parsed 4 headers
[2m2025-12-10T10:19:09.052116Z[0m [34mDEBUG[0m [2mhyper::proto::h1::conn[0m[2m:[0m incoming body is content-length (45 bytes)
[2m2025-12-10T10:19:09.052149Z[0m [34mDEBUG[0m [2mhyper::proto::h1::conn[0m[2m:[0m incoming body completed
[2m2025-12-10T10:19:09.052178Z[0m [34mDEBUG[0m [2mhyper::client::pool[0m[2m:[0m pooling idle connection for ("http", 192.168.0.14:8545)
[2m2025-12-10T10:19:09.052233Z[0m [34mDEBUG[0m [2mhyper::client::pool[0m[2m:[0m reuse idle connection for ("http", 192.168.0.14:8545)
[2m2025-12-10T10:19:09.052297Z[0m [34mDEBUG[0m [2mhyper::proto::h1::io[0m[2m:[0m flushed 172 bytes
[2m2025-12-10T10:19:09.055829Z[0m [34mDEBUG[0m [2mhyper::proto::h1::io[0m[2m:[0m parsed 4 headers
[2m2025-12-10T10:19:09.055886Z[0m [34mDEBUG[0m [2mhyper::proto::h1::conn[0m[2m:[0m incoming body is content-length (45 bytes)
[2m2025-12-10T10:19:09.055907Z[0m [34mDEBUG[0m [2mhyper::proto::h1::conn[0m[2m:[0m incoming body completed
[2m2025-12-10T10:19:09.055918Z[0m [34mDEBUG[0m [2mhyper::client::pool[0m[2m:[0m pooling idle connection for ("http", 192.168.0.14:8545)
[2m2025-12-10T10:19:09.055946Z[0m [34mDEBUG[0m [2mhyper::client::pool[0m[2m:[0m reuse idle connection for ("http", 192.168.0.14:8545)
[2m2025-12-10T10:19:09.056015Z[0m [34mDEBUG[0m [2mhyper::proto::h1::io[0m[2m:[0m flushed 172 bytes
[2m2025-12-10T10:19:09.059792Z[0m [34mDEBUG[0m [2mhyper::proto::h1::io[0m[2m:[0m parsed 4 headers
[2m2025-12-10T10:19:09.059820Z[0m [34mDEBUG[0m [2mhyper::proto::h1::conn[0m[2m:[0m incoming body is content-length (45 bytes)
[2m2025-12-10T10:19:09.059837Z[0m [34mDEBUG[0m [2mhyper::proto::h1::conn[0m[2m:[0m incoming body completed
[2m2025-12-10T10:19:09.059873Z[0m [34mDEBUG[0m [2mhyper::client::pool[0m[2m:[0m pooling idle connection for ("http", 192.168.0.14:8545)
[2m2025-12-10T10:19:09.059931Z[0m [34mDEBUG[0m [2mhyper::client::pool[0m[2m:[0m reuse idle connection for ("http", 192.168.0.14:8545)
[2m2025-12-10T10:19:09.060003Z[0m [34mDEBUG[0m [2mhyper::proto::h1::io[0m[2m:[0m flushed 172 bytes
[2m2025-12-10T10:19:09.063283Z[0m [34mDEBUG[0m [2mhyper::proto::h1::io[0m[2m:[0m parsed 4 headers
[2m2025-12-10T10:19:09.063329Z[0m [34mDEBUG[0m [2mhyper::proto::h1::conn[0m[2m:[0m incoming body is content-length (45 bytes)
[2m2025-12-10T10:19:09.063349Z[0m [34mDEBUG[0m [2mhyper::proto::h1::conn[0m[2m:[0m incoming body completed
[2m2025-12-10T10:19:09.063384Z[0m [34mDEBUG[0m [2mhyper::client::pool[0m[2m:[0m pooling idle connection for ("http", 192.168.0.14:8545)
[2m2025-12-10T10:19:09.063463Z[0m [34mDEBUG[0m [2mhyper::client::pool[0m[2m:[0m reuse idle connection for ("http", 192.168.0.14:8545)
[2m2025-12-10T10:19:09.063548Z[0m [34mDEBUG[0m [2mhyper::proto::h1::io[0m[2m:[0m flushed 172 bytes
[2m2025-12-10T10:19:09.067751Z[0m [34mDEBUG[0m [2mhyper::proto::h1::io[0m[2m:[0m parsed 4 headers
[2m2025-12-10T10:19:09.067804Z[0m [34mDEBUG[0m [2mhyper::proto::h1::conn[0m[2m:[0m incoming body is content-length (45 bytes)
[2m2025-12-10T10:19:09.067861Z[0m [34mDEBUG[0m [2mhyper::proto::h1::conn[0m[2m:[0m incoming body completed
[2m2025-12-10T10:19:09.067897Z[0m [34mDEBUG[0m [2mhyper::client::pool[0m[2m:[0m pooling idle connection for ("http", 192.168.0.14:8545)
[2m2025-12-10T10:19:09.067930Z[0m [34mDEBUG[0m [2mhyper::client::pool[0m[2m:[0m reuse idle connection for ("http", 192.168.0.14:8545)
[2m2025-12-10T10:19:09.067981Z[0m [34mDEBUG[0m [2mhyper::proto::h1::io[0m[2m:[0m flushed 172 bytes
[2m2025-12-10T10:19:09.073373Z[0m [34mDEBUG[0m [2mhyper::proto::h1::io[0m[2m:[0m parsed 4 headers
[2m2025-12-10T10:19:09.073395Z[0m [34mDEBUG[0m [2mhyper::proto::h1::conn[0m[2m:[0m incoming body is content-length (45 bytes)
[2m2025-12-10T10:19:09.073446Z[0m [34mDEBUG[0m [2mhyper::proto::h1::conn[0m[2m:[0m incoming body completed
[2m2025-12-10T10:19:09.079963Z[0m [34mDEBUG[0m [2mhyper::client::pool[0m[2m:[0m pooling idle connection for ("http", 192.168.0.14:8545)
[2m2025-12-10T10:19:09.080013Z[0m [34mDEBUG[0m [2mhyper::client::pool[0m[2m:[0m reuse idle connection for ("http", 192.168.0.14:8545)
[2m2025-12-10T10:19:09.080715Z[0m [34mDEBUG[0m [2mhyper::proto::h1::io[0m[2m:[0m flushed 172 bytes
[2m2025-12-10T10:19:09.083639Z[0m [34mDEBUG[0m [2mhyper::proto::h1::io[0m[2m:[0m parsed 4 headers
[2m2025-12-10T10:19:09.083654Z[0m [34mDEBUG[0m [2mhyper::proto::h1::conn[0m[2m:[0m incoming body is content-length (45 bytes)
[2m2025-12-10T10:19:09.083663Z[0m [34mDEBUG[0m [2mhyper::proto::h1::conn[0m[2m:[0m incoming body completed
[2m2025-12-10T10:19:09.083672Z[0m [34mDEBUG[0m [2mhyper::client::pool[0m[2m:[0m pooling idle connection for ("http", 192.168.0.14:8545)
[2m2025-12-10T10:19:09.083734Z[0m [34mDEBUG[0m [2mhyper::client::pool[0m[2m:[0m reuse idle connection for ("http", 192.168.0.14:8545)
[2m2025-12-10T10:19:09.083776Z[0m [34mDEBUG[0m [2mhyper::proto::h1::io[0m[2m:[0m flushed 172 bytes
[2m2025-12-10T10:19:09.088944Z[0m [34mDEBUG[0m [2mhyper::proto::h1::io[0m[2m:[0m parsed 4 headers
[2m2025-12-10T10:19:09.088996Z[0m [34mDEBUG[0m [2mhyper::proto::h1::conn[0m[2m:[0m incoming body is content-length (45 bytes)
[2m2025-12-10T10:19:09.089007Z[0m [34mDEBUG[0m [2mhyper::proto::h1::conn[0m[2m:[0m incoming body completed
[2m2025-12-10T10:19:09.089024Z[0m [34mDEBUG[0m [2mhyper::client::pool[0m[2m:[0m pooling idle connection for ("http", 192.168.0.14:8545)
[2m2025-12-10T10:19:09.089099Z[0m [34mDEBUG[0m [2mhyper::client::pool[0m[2m:[0m reuse idle connection for ("http", 192.168.0.14:8545)
[2m2025-12-10T10:19:09.089124Z[0m [34mDEBUG[0m [2mhyper::proto::h1::io[0m[2m:[0m flushed 172 bytes
[2m2025-12-10T10:19:09.093915Z[0m [34mDEBUG[0m [2mhyper::proto::h1::io[0m[2m:[0m parsed 4 headers
[2m2025-12-10T10:19:09.093939Z[0m [34mDEBUG[0m [2mhyper::proto::h1::conn[0m[2m:[0m incoming body is content-length (45 bytes)
[2m2025-12-10T10:19:09.093951Z[0m [34mDEBUG[0m [2mhyper::proto::h1::conn[0m[2m:[0m incoming body completed
[2m2025-12-10T10:19:09.093964Z[0m [34mDEBUG[0m [2mhyper::client::pool[0m[2m:[0m pooling idle connection for ("http", 192.168.0.14:8545)
[2m2025-12-10T10:19:09.094614Z[0m [34mDEBUG[0m [2mhyper::client::pool[0m[2m:[0m reuse idle connection for ("http", 192.168.0.14:8545)
[2m2025-12-10T10:19:09.094663Z[0m [34mDEBUG[0m [2mhyper::proto::h1::io[0m[2m:[0m flushed 172 bytes
[2m2025-12-10T10:19:09.098921Z[0m [34mDEBUG[0m [2mhyper::proto::h1::io[0m[2m:[0m parsed 4 headers
[2m2025-12-10T10:19:09.098936Z[0m [34mDEBUG[0m [2mhyper::proto::h1::conn[0m[2m:[0m incoming body is content-length (45 bytes)
[2m2025-12-10T10:19:09.098946Z[0m [34mDEBUG[0m [2mhyper::proto::h1::conn[0m[2m:[0m incoming body completed
[2m2025-12-10T10:19:09.098956Z[0m [34mDEBUG[0m [2mhyper::client::pool[0m[2m:[0m pooling idle connection for ("http", 192.168.0.14:8545)
[2m2025-12-10T10:19:09.098980Z[0m [34mDEBUG[0m [2mhyper::client::pool[0m[2m:[0m reuse idle connection for ("http", 192.168.0.14:8545)
[2m2025-12-10T10:19:09.099007Z[0m [34mDEBUG[0m [2mhyper::proto::h1::io[0m[2m:[0m flushed 172 bytes
[2m2025-12-10T10:19:09.102428Z[0m [34mDEBUG[0m [2mhyper::proto::h1::io[0m[2m:[0m parsed 4 headers
[2m2025-12-10T10:19:09.106586Z[0m [34mDEBUG[0m [2mhyper::proto::h1::conn[0m[2m:[0m incoming body is content-length (45 bytes)
[2m2025-12-10T10:19:09.106659Z[0m [34mDEBUG[0m [2mhyper::proto::h1::conn[0m[2m:[0m incoming body completed
[2m2025-12-10T10:19:09.106679Z[0m [34mDEBUG[0m [2mhyper::client::pool[0m[2m:[0m pooling idle connection for ("http", 192.168.0.14:8545)
[2m2025-12-10T10:19:09.106726Z[0m [34mDEBUG[0m [2mhyper::client::pool[0m[2m:[0m reuse idle connection for ("http", 192.168.0.14:8545)
[2m2025-12-10T10:19:09.106764Z[0m [34mDEBUG[0m [2mhyper::proto::h1::io[0m[2m:[0m flushed 172 bytes
[2m2025-12-10T10:19:09.110559Z[0m [34mDEBUG[0m [2mhyper::proto::h1::io[0m[2m:[0m parsed 4 headers
[2m2025-12-10T10:19:09.110595Z[0m [34mDEBUG[0m [2mhyper::proto::h1::conn[0m[2m:[0m incoming body is content-length (45 bytes)
[2m2025-12-10T10:19:09.110642Z[0m [34mDEBUG[0m [2mhyper::proto::h1::conn[0m[2m:[0m incoming body completed
[2m2025-12-10T10:19:09.110707Z[0m [34mDEBUG[0m [2mhyper::client::pool[0m[2m:[0m pooling idle connection for ("http", 192.168.0.14:8545)
[2m2025-12-10T10:19:09.110839Z[0m [34mDEBUG[0m [2mhyper::client::pool[0m[2m:[0m reuse idle connection for ("http", 192.168.0.14:8545)
[2m2025-12-10T10:19:09.110881Z[0m [34mDEBUG[0m [2mhyper::proto::h1::io[0m[2m:[0m flushed 172 bytes
[2m2025-12-10T10:19:09.113769Z[0m [34mDEBUG[0m [2mhyper::proto::h1::io[0m[2m:[0m parsed 4 headers
[2m2025-12-10T10:19:09.113784Z[0m [34mDEBUG[0m [2mhyper::proto::h1::conn[0m[2m:[0m incoming body is content-length (45 bytes)
[2m2025-12-10T10:19:09.113795Z[0m [34mDEBUG[0m [2mhyper::proto::h1::conn[0m[2m:[0m incoming body completed
[2m2025-12-10T10:19:09.113807Z[0m [34mDEBUG[0m [2mhyper::client::pool[0m[2m:[0m pooling idle connection for ("http", 192.168.0.14:8545)
[2m2025-12-10T10:19:09.113837Z[0m [34mDEBUG[0m [2mhyper::client::pool[0m[2m:[0m reuse idle connection for ("http", 192.168.0.14:8545)
[2m2025-12-10T10:19:09.113868Z[0m [34mDEBUG[0m [2mhyper::proto::h1::io[0m[2m:[0m flushed 172 bytes
[2m2025-12-10T10:19:09.117370Z[0m [34mDEBUG[0m [2mhyper::proto::h1::io[0m[2m:[0m parsed 4 headers
[2m2025-12-10T10:19:09.117468Z[0m [34mDEBUG[0m [2mhyper::proto::h1::conn[0m[2m:[0m incoming body is content-length (45 bytes)
[2m2025-12-10T10:19:09.117535Z[0m [34mDEBUG[0m [2mhyper::proto::h1::conn[0m[2m:[0m incoming body completed
[2m2025-12-10T10:19:09.117549Z[0m [34mDEBUG[0m [2mhyper::client::pool[0m[2m:[0m pooling idle connection for ("http", 192.168.0.14:8545)
[2m2025-12-10T10:19:09.117577Z[0m [34mDEBUG[0m [2mhyper::client::pool[0m[2m:[0m reuse idle connection for ("http", 192.168.0.14:8545)
[2m2025-12-10T10:19:09.117601Z[0m [34mDEBUG[0m [2mhyper::proto::h1::io[0m[2m:[0m flushed 172 bytes
[2m2025-12-10T10:19:09.120080Z[0m [34mDEBUG[0m [2mhyper::proto::h1::io[0m[2m:[0m parsed 4 headers
[2m2025-12-10T10:19:09.120122Z[0m [34mDEBUG[0m [2mhyper::proto::h1::conn[0m[2m:[0m incoming body is content-length (45 bytes)
[2m2025-12-10T10:19:09.120145Z[0m [34mDEBUG[0m [2mhyper::proto::h1::conn[0m[2m:[0m incoming body completed
[2m2025-12-10T10:19:09.120156Z[0m [34mDEBUG[0m [2mhyper::client::pool[0m[2m:[0m pooling idle connection for ("http", 192.168.0.14:8545)
[2m2025-12-10T10:19:09.120175Z[0m [34mDEBUG[0m [2mhyper::client::pool[0m[2m:[0m reuse idle connection for ("http", 192.168.0.14:8545)
[2m2025-12-10T10:19:09.120192Z[0m [34mDEBUG[0m [2mhyper::proto::h1::io[0m[2m:[0m flushed 172 bytes
[2m2025-12-10T10:19:09.123475Z[0m [34mDEBUG[0m [2mhyper::proto::h1::io[0m[2m:[0m parsed 4 headers
[2m2025-12-10T10:19:09.123493Z[0m [34mDEBUG[0m [2mhyper::proto::h1::conn[0m[2m:[0m incoming body is content-length (45 bytes)
[2m2025-12-10T10:19:09.123569Z[0m [34mDEBUG[0m [2mhyper::proto::h1::conn[0m[2m:[0m incoming body completed
[2m2025-12-10T10:19:09.123642Z[0m [34mDEBUG[0m [2mhyper::client::pool[0m[2m:[0m pooling idle connection for ("http", 192.168.0.14:8545)
[2m2025-12-10T10:19:09.123711Z[0m [34mDEBUG[0m [2mhyper::client::pool[0m[2m:[0m reuse idle connection for ("http", 192.168.0.14:8545)
[2m2025-12-10T10:19:09.123844Z[0m [34mDEBUG[0m [2mhyper::proto::h1::io[0m[2m:[0m flushed 172 bytes
[2m2025-12-10T10:19:09.128237Z[0m [34mDEBUG[0m [2mhyper::proto::h1::io[0m[2m:[0m parsed 4 headers
[2m2025-12-10T10:19:09.128254Z[0m [34mDEBUG[0m [2mhyper::proto::h1::conn[0m[2m:[0m incoming body is content-length (45 bytes)
[2m2025-12-10T10:19:09.128264Z[0m [34mDEBUG[0m [2mhyper::proto::h1::conn[0m[2m:[0m incoming body completed
[2m2025-12-10T10:19:09.128274Z[0m [34mDEBUG[0m [2mhyper::client::pool[0m[2m:[0m pooling idle connection for ("http", 192.168.0.14:8545)
[2m2025-12-10T10:19:09.128317Z[0m [34mDEBUG[0m [2mhyper::client::pool[0m[2m:[0m reuse idle connection for ("http", 192.168.0.14:8545)
[2m2025-12-10T10:19:09.128355Z[0m [34mDEBUG[0m [2mhyper::proto::h1::io[0m[2m:[0m flushed 172 bytes
[2m2025-12-10T10:19:09.132048Z[0m [34mDEBUG[0m [2mhyper::proto::h1::io[0m[2m:[0m parsed 4 headers
[2m2025-12-10T10:19:09.132065Z[0m [34mDEBUG[0m [2mhyper::proto::h1::conn[0m[2m:[0m incoming body is content-length (45 bytes)
[2m2025-12-10T10:19:09.132073Z[0m [34mDEBUG[0m [2mhyper::proto::h1::conn[0m[2m:[0m incoming body completed
[2m2025-12-10T10:19:09.132085Z[0m [34mDEBUG[0m [2mhyper::client::pool[0m[2m:[0m pooling idle connection for ("http", 192.168.0.14:8545)
[2m2025-12-10T10:19:09.132163Z[0m [34mDEBUG[0m [2mhyper::client::pool[0m[2m:[0m reuse idle connection for ("http", 192.168.0.14:8545)
[2m2025-12-10T10:19:09.132240Z[0m [34mDEBUG[0m [2mhyper::proto::h1::io[0m[2m:[0m flushed 172 bytes
[2m2025-12-10T10:19:09.136558Z[0m [34mDEBUG[0m [2mhyper::proto::h1::io[0m[2m:[0m parsed 4 headers
[2m2025-12-10T10:19:09.136588Z[0m [34mDEBUG[0m [2mhyper::proto::h1::conn[0m[2m:[0m incoming body is content-length (45 bytes)
[2m2025-12-10T10:19:09.136607Z[0m [34mDEBUG[0m [2mhyper::proto::h1::conn[0m[2m:[0m incoming body completed
[2m2025-12-10T10:19:09.136753Z[0m [34mDEBUG[0m [2mhyper::client::pool[0m[2m:[0m pooling idle connection for ("http", 192.168.0.14:8545)
[2m2025-12-10T10:19:09.136779Z[0m [34mDEBUG[0m [2mhyper::client::pool[0m[2m:[0m reuse idle connection for ("http", 192.168.0.14:8545)
[2m2025-12-10T10:19:09.136817Z[0m [34mDEBUG[0m [2mhyper::proto::h1::io[0m[2m:[0m flushed 172 bytes
[2m2025-12-10T10:19:09.142014Z[0m [34mDEBUG[0m [2mhyper::proto::h1::io[0m[2m:[0m parsed 4 headers
[2m2025-12-10T10:19:09.142112Z[0m [34mDEBUG[0m [2mhyper::proto::h1::conn[0m[2m:[0m incoming body is content-length (45 bytes)
[2m2025-12-10T10:19:09.142135Z[0m [34mDEBUG[0m [2mhyper::proto::h1::conn[0m[2m:[0m incoming body completed
[2m2025-12-10T10:19:09.142146Z[0m [34mDEBUG[0m [2mhyper::client::pool[0m[2m:[0m pooling idle connection for ("http", 192.168.0.14:8545)
[2m2025-12-10T10:19:09.142170Z[0m [34mDEBUG[0m [2mhyper::client::pool[0m[2m:[0m reuse idle connection for ("http", 192.168.0.14:8545)
[2m2025-12-10T10:19:09.142269Z[0m [34mDEBUG[0m [2mhyper::proto::h1::io[0m[2m:[0m flushed 172 bytes
[2m2025-12-10T10:19:09.148244Z[0m [34mDEBUG[0m [2mhyper::proto::h1::io[0m[2m:[0m parsed 4 headers
[2m2025-12-10T10:19:09.148319Z[0m [34mDEBUG[0m [2mhyper::proto::h1::conn[0m[2m:[0m incoming body is content-length (45 bytes)
[2m2025-12-10T10:19:09.148328Z[0m [34mDEBUG[0m [2mhyper::proto::h1::conn[0m[2m:[0m incoming body completed
[2m2025-12-10T10:19:09.148339Z[0m [34mDEBUG[0m [2mhyper::client::pool[0m[2m:[0m pooling idle connection for ("http", 192.168.0.14:8545)
[2m2025-12-10T10:19:09.148364Z[0m [34mDEBUG[0m [2mhyper::client::pool[0m[2m:[0m reuse idle connection for ("http", 192.168.0.14:8545)
[2m2025-12-10T10:19:09.148458Z[0m [34mDEBUG[0m [2mhyper::proto::h1::io[0m[2m:[0m flushed 172 bytes
[2m2025-12-10T10:19:09.154579Z[0m [34mDEBUG[0m [2mhyper::proto::h1::io[0m[2m:[0m parsed 4 headers
[2m2025-12-10T10:19:09.154601Z[0m [34mDEBUG[0m [2mhyper::proto::h1::conn[0m[2m:[0m incoming body is content-length (45 bytes)
[2m2025-12-10T10:19:09.154610Z[0m [34mDEBUG[0m [2mhyper::proto::h1::conn[0m[2m:[0m incoming body completed
[2m2025-12-10T10:19:09.154622Z[0m [34mDEBUG[0m [2mhyper::client::pool[0m[2m:[0m pooling idle connection for ("http", 192.168.0.14:8545)
[2m2025-12-10T10:19:09.154648Z[0m [34mDEBUG[0m [2mhyper::client::pool[0m[2m:[0m reuse idle connection for ("http", 192.168.0.14:8545)
[2m2025-12-10T10:19:09.154677Z[0m [34mDEBUG[0m [2mhyper::proto::h1::io[0m[2m:[0m flushed 172 bytes
[2m2025-12-10T10:19:09.161254Z[0m [34mDEBUG[0m [2mhyper::proto::h1::io[0m[2m:[0m parsed 4 headers
[2m2025-12-10T10:19:09.161309Z[0m [34mDEBUG[0m [2mhyper::proto::h1::conn[0m[2m:[0m incoming body is content-length (45 bytes)
[2m2025-12-10T10:19:09.161331Z[0m [34mDEBUG[0m [2mhyper::proto::h1::conn[0m[2m:[0m incoming body completed
[2m2025-12-10T10:19:09.161362Z[0m [34mDEBUG[0m [2mhyper::client::pool[0m[2m:[0m pooling idle connection for ("http", 192.168.0.14:8545)
[2m2025-12-10T10:19:09.161398Z[0m [34mDEBUG[0m [2mhyper::client::pool[0m[2m:[0m reuse idle connection for ("http", 192.168.0.14:8545)
[2m2025-12-10T10:19:09.161437Z[0m [34mDEBUG[0m [2mhyper::proto::h1::io[0m[2m:[0m flushed 172 bytes
[2m2025-12-10T10:19:09.164622Z[0m [34mDEBUG[0m [2mhyper::proto::h1::io[0m[2m:[0m parsed 4 headers
[2m2025-12-10T10:19:09.164669Z[0m [34mDEBUG[0m [2mhyper::proto::h1::conn[0m[2m:[0m incoming body is content-length (45 bytes)
[2m2025-12-10T10:19:09.164715Z[0m [34mDEBUG[0m [2mhyper::proto::h1::conn[0m[2m:[0m incoming body completed
[2m2025-12-10T10:19:09.164747Z[0m [34mDEBUG[0m [2mhyper::client::pool[0m[2m:[0m pooling idle connection for ("http", 192.168.0.14:8545)
[2m2025-12-10T10:19:09.164925Z[0m [34mDEBUG[0m [2mhyper::client::pool[0m[2m:[0m reuse idle connection for ("http", 192.168.0.14:8545)
[2m2025-12-10T10:19:09.165154Z[0m [34mDEBUG[0m [2mhyper::proto::h1::io[0m[2m:[0m flushed 172 bytes
[2m2025-12-10T10:19:09.169393Z[0m [34mDEBUG[0m [2mhyper::proto::h1::io[0m[2m:[0m parsed 4 headers
[2m2025-12-10T10:19:09.169411Z[0m [34mDEBUG[0m [2mhyper::proto::h1::conn[0m[2m:[0m incoming body is content-length (45 bytes)
[2m2025-12-10T10:19:09.169428Z[0m [34mDEBUG[0m [2mhyper::proto::h1::conn[0m[2m:[0m incoming body completed
[2m2025-12-10T10:19:09.169440Z[0m [34mDEBUG[0m [2mhyper::client::pool[0m[2m:[0m pooling idle connection for ("http", 192.168.0.14:8545)
[2m2025-12-10T10:19:09.169480Z[0m [34mDEBUG[0m [2mhyper::client::pool[0m[2m:[0m reuse idle connection for ("http", 192.168.0.14:8545)
[2m2025-12-10T10:19:09.169573Z[0m [34mDEBUG[0m [2mhyper::proto::h1::io[0m[2m:[0m flushed 172 bytes
[2m2025-12-10T10:19:09.172701Z[0m [34mDEBUG[0m [2mhyper::proto::h1::io[0m[2m:[0m parsed 4 headers
[2m2025-12-10T10:19:09.172717Z[0m [34mDEBUG[0m [2mhyper::proto::h1::conn[0m[2m:[0m incoming body is content-length (45 bytes)
[2m2025-12-10T10:19:09.172728Z[0m [34mDEBUG[0m [2mhyper::proto::h1::conn[0m[2m:[0m incoming body completed
[2m2025-12-10T10:19:09.172746Z[0m [34mDEBUG[0m [2mhyper::client::pool[0m[2m:[0m pooling idle connection for ("http", 192.168.0.14:8545)
[2m2025-12-10T10:19:09.172785Z[0m [34mDEBUG[0m [2mhyper::client::pool[0m[2m:[0m reuse idle connection for ("http", 192.168.0.14:8545)
[2m2025-12-10T10:19:09.172834Z[0m [34mDEBUG[0m [2mhyper::proto::h1::io[0m[2m:[0m flushed 172 bytes
[2m2025-12-10T10:19:09.176152Z[0m [34mDEBUG[0m [2mhyper::proto::h1::io[0m[2m:[0m parsed 4 headers
[2m2025-12-10T10:19:09.176180Z[0m [34mDEBUG[0m [2mhyper::proto::h1::conn[0m[2m:[0m incoming body is content-length (45 bytes)
[2m2025-12-10T10:19:09.176189Z[0m [34mDEBUG[0m [2mhyper::proto::h1::conn[0m[2m:[0m incoming body completed
[2m2025-12-10T10:19:09.176199Z[0m [34mDEBUG[0m [2mhyper::client::pool[0m[2m:[0m pooling idle connection for ("http", 192.168.0.14:8545)
[2m2025-12-10T10:19:09.176225Z[0m [34mDEBUG[0m [2mhyper::client::pool[0m[2m:[0m reuse idle connection for ("http", 192.168.0.14:8545)
[2m2025-12-10T10:19:09.176274Z[0m [34mDEBUG[0m [2mhyper::proto::h1::io[0m[2m:[0m flushed 172 bytes
[2m2025-12-10T10:19:09.179657Z[0m [34mDEBUG[0m [2mhyper::proto::h1::io[0m[2m:[0m parsed 4 headers
[2m2025-12-10T10:19:09.179735Z[0m [34mDEBUG[0m [2mhyper::proto::h1::conn[0m[2m:[0m incoming body is content-length (45 bytes)
[2m2025-12-10T10:19:09.179749Z[0m [34mDEBUG[0m [2mhyper::proto::h1::conn[0m[2m:[0m incoming body completed
[2m2025-12-10T10:19:09.179981Z[0m [34mDEBUG[0m [2mhyper::client::pool[0m[2m:[0m pooling idle connection for ("http", 192.168.0.14:8545)
[2m2025-12-10T10:19:09.180032Z[0m [34mDEBUG[0m [2mhyper::client::pool[0m[2m:[0m reuse idle connection for ("http", 192.168.0.14:8545)
[2m2025-12-10T10:19:09.180109Z[0m [34mDEBUG[0m [2mhyper::proto::h1::io[0m[2m:[0m flushed 172 bytes
[2m2025-12-10T10:19:09.185422Z[0m [34mDEBUG[0m [2mhyper::proto::h1::io[0m[2m:[0m parsed 4 headers
[2m2025-12-10T10:19:09.185445Z[0m [34mDEBUG[0m [2mhyper::proto::h1::conn[0m[2m:[0m incoming body is content-length (45 bytes)
[2m2025-12-10T10:19:09.185455Z[0m [34mDEBUG[0m [2mhyper::proto::h1::conn[0m[2m:[0m incoming body completed
[2m2025-12-10T10:19:09.185466Z[0m [34mDEBUG[0m [2mhyper::client::pool[0m[2m:[0m pooling idle connection for ("http", 192.168.0.14:8545)
[2m2025-12-10T10:19:09.185496Z[0m [34mDEBUG[0m [2mhyper::client::pool[0m[2m:[0m reuse idle connection for ("http", 192.168.0.14:8545)
[2m2025-12-10T10:19:09.185562Z[0m [34mDEBUG[0m [2mhyper::proto::h1::io[0m[2m:[0m flushed 172 bytes
[2m2025-12-10T10:19:09.188688Z[0m [34mDEBUG[0m [2mhyper::proto::h1::io[0m[2m:[0m parsed 4 headers
[2m2025-12-10T10:19:09.188701Z[0m [34mDEBUG[0m [2mhyper::proto::h1::conn[0m[2m:[0m incoming body is content-length (45 bytes)
[2m2025-12-10T10:19:09.188745Z[0m [34mDEBUG[0m [2mhyper::proto::h1::conn[0m[2m:[0m incoming body completed
[2m2025-12-10T10:19:09.188758Z[0m [34mDEBUG[0m [2mhyper::client::pool[0m[2m:[0m pooling idle connection for ("http", 192.168.0.14:8545)
[2m2025-12-10T10:19:09.188786Z[0m [34mDEBUG[0m [2mhyper::client::pool[0m[2m:[0m reuse idle connection for ("http", 192.168.0.14:8545)
[2m2025-12-10T10:19:09.188916Z[0m [34mDEBUG[0m [2mhyper::proto::h1::io[0m[2m:[0m flushed 172 bytes
[2m2025-12-10T10:19:09.192485Z[0m [34mDEBUG[0m [2mhyper::proto::h1::io[0m[2m:[0m parsed 4 headers
[2m2025-12-10T10:19:09.192554Z[0m [34mDEBUG[0m [2mhyper::proto::h1::conn[0m[2m:[0m incoming body is content-length (45 bytes)
[2m2025-12-10T10:19:09.192580Z[0m [34mDEBUG[0m [2mhyper::proto::h1::conn[0m[2m:[0m incoming body completed
[2m2025-12-10T10:19:09.192591Z[0m [34mDEBUG[0m [2mhyper::client::pool[0m[2m:[0m pooling idle connection for ("http", 192.168.0.14:8545)
[2m2025-12-10T10:19:09.192614Z[0m [34mDEBUG[0m [2mhyper::client::pool[0m[2m:[0m reuse idle connection for ("http", 192.168.0.14:8545)
[2m2025-12-10T10:19:09.192679Z[0m [34mDEBUG[0m [2mhyper::proto::h1::io[0m[2m:[0m flushed 172 bytes
[2m2025-12-10T10:19:09.196332Z[0m [34mDEBUG[0m [2mhyper::proto::h1::io[0m[2m:[0m parsed 4 headers
[2m2025-12-10T10:19:09.196517Z[0m [34mDEBUG[0m [2mhyper::proto::h1::conn[0m[2m:[0m incoming body is content-length (45 bytes)
[2m2025-12-10T10:19:09.196533Z[0m [34mDEBUG[0m [2mhyper::proto::h1::conn[0m[2m:[0m incoming body completed
[2m2025-12-10T10:19:09.196547Z[0m [34mDEBUG[0m [2mhyper::client::pool[0m[2m:[0m pooling idle connection for ("http", 192.168.0.14:8545)
[2m2025-12-10T10:19:09.196604Z[0m [34mDEBUG[0m [2mhyper::client::pool[0m[2m:[0m reuse idle connection for ("http", 192.168.0.14:8545)
[2m2025-12-10T10:19:09.196642Z[0m [34mDEBUG[0m [2mhyper::proto::h1::io[0m[2m:[0m flushed 172 bytes
[2m2025-12-10T10:19:09.200239Z[0m [34mDEBUG[0m [2mhyper::proto::h1::io[0m[2m:[0m parsed 4 headers
[2m2025-12-10T10:19:09.200265Z[0m [34mDEBUG[0m [2mhyper::proto::h1::conn[0m[2m:[0m incoming body is content-length (45 bytes)
[2m2025-12-10T10:19:09.200290Z[0m [34mDEBUG[0m [2mhyper::proto::h1::conn[0m[2m:[0m incoming body completed
[2m2025-12-10T10:19:09.200303Z[0m [34mDEBUG[0m [2mhyper::client::pool[0m[2m:[0m pooling idle connection for ("http", 192.168.0.14:8545)
[2m2025-12-10T10:19:09.200335Z[0m [34mDEBUG[0m [2mhyper::client::pool[0m[2m:[0m reuse idle connection for ("http", 192.168.0.14:8545)
[2m2025-12-10T10:19:09.200383Z[0m [34mDEBUG[0m [2mhyper::proto::h1::io[0m[2m:[0m flushed 172 bytes
[2m2025-12-10T10:19:09.203361Z[0m [34mDEBUG[0m [2mhyper::proto::h1::io[0m[2m:[0m parsed 4 headers
[2m2025-12-10T10:19:09.203399Z[0m [34mDEBUG[0m [2mhyper::proto::h1::conn[0m[2m:[0m incoming body is content-length (45 bytes)
[2m2025-12-10T10:19:09.203416Z[0m [34mDEBUG[0m [2mhyper::proto::h1::conn[0m[2m:[0m incoming body completed
[2m2025-12-10T10:19:09.203439Z[0m [34mDEBUG[0m [2mhyper::client::pool[0m[2m:[0m pooling idle connection for ("http", 192.168.0.14:8545)
[2m2025-12-10T10:19:09.203488Z[0m [34mDEBUG[0m [2mhyper::client::pool[0m[2m:[0m reuse idle connection for ("http", 192.168.0.14:8545)
[2m2025-12-10T10:19:09.203553Z[0m [34mDEBUG[0m [2mhyper::proto::h1::io[0m[2m:[0m flushed 172 bytes
[2m2025-12-10T10:19:09.207328Z[0m [34mDEBUG[0m [2mhyper::proto::h1::io[0m[2m:[0m parsed 4 headers
[2m2025-12-10T10:19:09.207354Z[0m [34mDEBUG[0m [2mhyper::proto::h1::conn[0m[2m:[0m incoming body is content-length (45 bytes)
[2m2025-12-10T10:19:09.207385Z[0m [34mDEBUG[0m [2mhyper::proto::h1::conn[0m[2m:[0m incoming body completed
[2m2025-12-10T10:19:09.207427Z[0m [34mDEBUG[0m [2mhyper::client::pool[0m[2m:[0m pooling idle connection for ("http", 192.168.0.14:8545)
[2m2025-12-10T10:19:09.207458Z[0m [34mDEBUG[0m [2mhyper::client::pool[0m[2m:[0m reuse idle connection for ("http", 192.168.0.14:8545)
[2m2025-12-10T10:19:09.207495Z[0m [34mDEBUG[0m [2mhyper::proto::h1::io[0m[2m:[0m flushed 172 bytes
[2m2025-12-10T10:19:09.212624Z[0m [34mDEBUG[0m [2mhyper::proto::h1::io[0m[2m:[0m parsed 4 headers
[2m2025-12-10T10:19:09.212650Z[0m [34mDEBUG[0m [2mhyper::proto::h1::conn[0m[2m:[0m incoming body is content-length (45 bytes)
[2m2025-12-10T10:19:09.212665Z[0m [34mDEBUG[0m [2mhyper::proto::h1::conn[0m[2m:[0m incoming body completed
[2m2025-12-10T10:19:09.212701Z[0m [34mDEBUG[0m [2mhyper::client::pool[0m[2m:[0m pooling idle connection for ("http", 192.168.0.14:8545)
[2m2025-12-10T10:19:09.212762Z[0m [34mDEBUG[0m [2mhyper::client::pool[0m[2m:[0m reuse idle connection for ("http", 192.168.0.14:8545)
[2m2025-12-10T10:19:09.213042Z[0m [34mDEBUG[0m [2mhyper::proto::h1::io[0m[2m:[0m flushed 172 bytes
[2m2025-12-10T10:19:09.217073Z[0m [34mDEBUG[0m [2mhyper::proto::h1::io[0m[2m:[0m parsed 4 headers
[2m2025-12-10T10:19:09.217092Z[0m [34mDEBUG[0m [2mhyper::proto::h1::conn[0m[2m:[0m incoming body is content-length (45 bytes)
[2m2025-12-10T10:19:09.217103Z[0m [34mDEBUG[0m [2mhyper::proto::h1::conn[0m[2m:[0m incoming body completed
[2m2025-12-10T10:19:09.217114Z[0m [34mDEBUG[0m [2mhyper::client::pool[0m[2m:[0m pooling idle connection for ("http", 192.168.0.14:8545)
[2m2025-12-10T10:19:09.217174Z[0m [34mDEBUG[0m [2mhyper::client::pool[0m[2m:[0m reuse idle connection for ("http", 192.168.0.14:8545)
[2m2025-12-10T10:19:09.217200Z[0m [34mDEBUG[0m [2mhyper::proto::h1::io[0m[2m:[0m flushed 172 bytes
[2m2025-12-10T10:19:09.220659Z[0m [34mDEBUG[0m [2mhyper::proto::h1::io[0m[2m:[0m parsed 4 headers
[2m2025-12-10T10:19:09.220675Z[0m [34mDEBUG[0m [2mhyper::proto::h1::conn[0m[2m:[0m incoming body is content-length (45 bytes)
[2m2025-12-10T10:19:09.220684Z[0m [34mDEBUG[0m [2mhyper::proto::h1::conn[0m[2m:[0m incoming body completed
[2m2025-12-10T10:19:09.220695Z[0m [34mDEBUG[0m [2mhyper::client::pool[0m[2m:[0m pooling idle connection for ("http", 192.168.0.14:8545)
[2m2025-12-10T10:19:09.220719Z[0m [34mDEBUG[0m [2mhyper::client::pool[0m[2m:[0m reuse idle connection for ("http", 192.168.0.14:8545)
[2m2025-12-10T10:19:09.220747Z[0m [34mDEBUG[0m [2mhyper::proto::h1::io[0m[2m:[0m flushed 172 bytes
[2m2025-12-10T10:19:09.224086Z[0m [34mDEBUG[0m [2mhyper::proto::h1::io[0m[2m:[0m parsed 4 headers
[2m2025-12-10T10:19:09.224099Z[0m [34mDEBUG[0m [2mhyper::proto::h1::conn[0m[2m:[0m incoming body is content-length (45 bytes)
[2m2025-12-10T10:19:09.224106Z[0m [34mDEBUG[0m [2mhyper::proto::h1::conn[0m[2m:[0m incoming body completed
[2m2025-12-10T10:19:09.224116Z[0m [34mDEBUG[0m [2mhyper::client::pool[0m[2m:[0m pooling idle connection for ("http", 192.168.0.14:8545)
[2m2025-12-10T10:19:09.224170Z[0m [34mDEBUG[0m [2mhyper::client::pool[0m[2m:[0m reuse idle connection for ("http", 192.168.0.14:8545)
[2m2025-12-10T10:19:09.224282Z[0m [34mDEBUG[0m [2mhyper::proto::h1::io[0m[2m:[0m flushed 172 bytes
[2m2025-12-10T10:19:09.227391Z[0m [34mDEBUG[0m [2mhyper::proto::h1::io[0m[2m:[0m parsed 4 headers
[2m2025-12-10T10:19:09.227447Z[0m [34mDEBUG[0m [2mhyper::proto::h1::conn[0m[2m:[0m incoming body is content-length (45 bytes)
[2m2025-12-10T10:19:09.227470Z[0m [34mDEBUG[0m [2mhyper::proto::h1::conn[0m[2m:[0m incoming body completed
[2m2025-12-10T10:19:09.227527Z[0m [34mDEBUG[0m [2mhyper::client::pool[0m[2m:[0m pooling idle connection for ("http", 192.168.0.14:8545)
[2m2025-12-10T10:19:09.227578Z[0m [34mDEBUG[0m [2mhyper::client::pool[0m[2m:[0m reuse idle connection for ("http", 192.168.0.14:8545)
[2m2025-12-10T10:19:09.227630Z[0m [34mDEBUG[0m [2mhyper::proto::h1::io[0m[2m:[0m flushed 172 bytes
[2m2025-12-10T10:19:09.231440Z[0m [34mDEBUG[0m [2mhyper::proto::h1::io[0m[2m:[0m parsed 4 headers
[2m2025-12-10T10:19:09.231493Z[0m [34mDEBUG[0m [2mhyper::proto::h1::conn[0m[2m:[0m incoming body is content-length (45 bytes)
[2m2025-12-10T10:19:09.231516Z[0m [34mDEBUG[0m [2mhyper::proto::h1::conn[0m[2m:[0m incoming body completed
[2m2025-12-10T10:19:09.231538Z[0m [34mDEBUG[0m [2mhyper::client::pool[0m[2m:[0m pooling idle connection for ("http", 192.168.0.14:8545)
[2m2025-12-10T10:19:09.231609Z[0m [34mDEBUG[0m [2mhyper::client::pool[0m[2m:[0m reuse idle connection for ("http", 192.168.0.14:8545)
[2m2025-12-10T10:19:09.231683Z[0m [34mDEBUG[0m [2mhyper::proto::h1::io[0m[2m:[0m flushed 172 bytes
[2m2025-12-10T10:19:09.235758Z[0m [34mDEBUG[0m [2mhyper::proto::h1::io[0m[2m:[0m parsed 4 headers
[2m2025-12-10T10:19:09.235773Z[0m [34mDEBUG[0m [2mhyper::proto::h1::conn[0m[2m:[0m incoming body is content-length (45 bytes)
[2m2025-12-10T10:19:09.235784Z[0m [34mDEBUG[0m [2mhyper::proto::h1::conn[0m[2m:[0m incoming body completed
[2m2025-12-10T10:19:09.235796Z[0m [34mDEBUG[0m [2mhyper::client::pool[0m[2m:[0m pooling idle connection for ("http", 192.168.0.14:8545)
[2m2025-12-10T10:19:09.235823Z[0m [34mDEBUG[0m [2mhyper::client::pool[0m[2m:[0m reuse idle connection for ("http", 192.168.0.14:8545)
[2m2025-12-10T10:19:09.235900Z[0m [34mDEBUG[0m [2mhyper::proto::h1::io[0m[2m:[0m flushed 172 bytes
[2m2025-12-10T10:19:09.240340Z[0m [34mDEBUG[0m [2mhyper::proto::h1::io[0m[2m:[0m parsed 4 headers
[2m2025-12-10T10:19:09.240375Z[0m [34mDEBUG[0m [2mhyper::proto::h1::conn[0m[2m:[0m incoming body is content-length (45 bytes)
[2m2025-12-10T10:19:09.240432Z[0m [34mDEBUG[0m [2mhyper::proto::h1::conn[0m[2m:[0m incoming body completed
[2m2025-12-10T10:19:09.240503Z[0m [34mDEBUG[0m [2mhyper::client::pool[0m[2m:[0m pooling idle connection for ("http", 192.168.0.14:8545)
[2m2025-12-10T10:19:09.240632Z[0m [34mDEBUG[0m [2mhyper::client::pool[0m[2m:[0m reuse idle connection for ("http", 192.168.0.14:8545)
[2m2025-12-10T10:19:09.240688Z[0m [34mDEBUG[0m [2mhyper::proto::h1::io[0m[2m:[0m flushed 172 bytes
[2m2025-12-10T10:19:09.244402Z[0m [34mDEBUG[0m [2mhyper::proto::h1::io[0m[2m:[0m parsed 4 headers
[2m2025-12-10T10:19:09.244413Z[0m [34mDEBUG[0m [2mhyper::proto::h1::conn[0m[2m:[0m incoming body is content-length (45 bytes)
[2m2025-12-10T10:19:09.244421Z[0m [34mDEBUG[0m [2mhyper::proto::h1::conn[0m[2m:[0m incoming body completed
[2m2025-12-10T10:19:09.244466Z[0m [34mDEBUG[0m [2mhyper::client::pool[0m[2m:[0m pooling idle connection for ("http", 192.168.0.14:8545)
[2m2025-12-10T10:19:09.244513Z[0m [34mDEBUG[0m [2mhyper::client::pool[0m[2m:[0m reuse idle connection for ("http", 192.168.0.14:8545)
[2m2025-12-10T10:19:09.244533Z[0m [34mDEBUG[0m [2mhyper::proto::h1::io[0m[2m:[0m flushed 172 bytes
[2m2025-12-10T10:19:09.247705Z[0m [34mDEBUG[0m [2mhyper::proto::h1::io[0m[2m:[0m parsed 4 headers
[2m2025-12-10T10:19:09.247737Z[0m [34mDEBUG[0m [2mhyper::proto::h1::conn[0m[2m:[0m incoming body is content-length (45 bytes)
[2m2025-12-10T10:19:09.247747Z[0m [34mDEBUG[0m [2mhyper::proto::h1::conn[0m[2m:[0m incoming body completed
[2m2025-12-10T10:19:09.247757Z[0m [34mDEBUG[0m [2mhyper::client::pool[0m[2m:[0m pooling idle connection for ("http", 192.168.0.14:8545)
[2m2025-12-10T10:19:09.247788Z[0m [34mDEBUG[0m [2mhyper::client::pool[0m[2m:[0m reuse idle connection for ("http", 192.168.0.14:8545)
[2m2025-12-10T10:19:09.247850Z[0m [34mDEBUG[0m [2mhyper::proto::h1::io[0m[2m:[0m flushed 172 bytes
[2m2025-12-10T10:19:09.251823Z[0m [34mDEBUG[0m [2mhyper::proto::h1::io[0m[2m:[0m parsed 4 headers
[2m2025-12-10T10:19:09.251848Z[0m [34mDEBUG[0m [2mhyper::proto::h1::conn[0m[2m:[0m incoming body is content-length (45 bytes)
[2m2025-12-10T10:19:09.251878Z[0m [34mDEBUG[0m [2mhyper::proto::h1::conn[0m[2m:[0m incoming body completed
[2m2025-12-10T10:19:09.251901Z[0m [34mDEBUG[0m [2mhyper::client::pool[0m[2m:[0m pooling idle connection for ("http", 192.168.0.14:8545)
[2m2025-12-10T10:19:09.251942Z[0m [34mDEBUG[0m [2mhyper::client::pool[0m[2m:[0m reuse idle connection for ("http", 192.168.0.14:8545)
[2m2025-12-10T10:19:09.252029Z[0m [34mDEBUG[0m [2mhyper::proto::h1::io[0m[2m:[0m flushed 172 bytes
[2m2025-12-10T10:19:09.258086Z[0m [34mDEBUG[0m [2mhyper::proto::h1::io[0m[2m:[0m parsed 4 headers
[2m2025-12-10T10:19:09.258106Z[0m [34mDEBUG[0m [2mhyper::proto::h1::conn[0m[2m:[0m incoming body is content-length (45 bytes)
[2m2025-12-10T10:19:09.258115Z[0m [34mDEBUG[0m [2mhyper::proto::h1::conn[0m[2m:[0m incoming body completed
[2m2025-12-10T10:19:09.258126Z[0m [34mDEBUG[0m [2mhyper::client::pool[0m[2m:[0m pooling idle connection for ("http", 192.168.0.14:8545)
[2m2025-12-10T10:19:09.258205Z[0m [34mDEBUG[0m [2mhyper::client::pool[0m[2m:[0m reuse idle connection for ("http", 192.168.0.14:8545)
[2m2025-12-10T10:19:09.258267Z[0m [34mDEBUG[0m [2mhyper::proto::h1::io[0m[2m:[0m flushed 172 bytes
[2m2025-12-10T10:19:09.262610Z[0m [34mDEBUG[0m [2mhyper::proto::h1::io[0m[2m:[0m parsed 4 headers
[2m2025-12-10T10:19:09.262619Z[0m [34mDEBUG[0m [2mhyper::proto::h1::conn[0m[2m:[0m incoming body is content-length (45 bytes)
[2m2025-12-10T10:19:09.262626Z[0m [34mDEBUG[0m [2mhyper::proto::h1::conn[0m[2m:[0m incoming body completed
[2m2025-12-10T10:19:09.262635Z[0m [34mDEBUG[0m [2mhyper::client::pool[0m[2m:[0m pooling idle connection for ("http", 192.168.0.14:8545)
[2m2025-12-10T10:19:09.262657Z[0m [34mDEBUG[0m [2mhyper::client::pool[0m[2m:[0m reuse idle connection for ("http", 192.168.0.14:8545)
[2m2025-12-10T10:19:09.262677Z[0m [34mDEBUG[0m [2mhyper::proto::h1::io[0m[2m:[0m flushed 172 bytes
[2m2025-12-10T10:19:09.267172Z[0m [34mDEBUG[0m [2mhyper::proto::h1::io[0m[2m:[0m parsed 4 headers
[2m2025-12-10T10:19:09.267185Z[0m [34mDEBUG[0m [2mhyper::proto::h1::conn[0m[2m:[0m incoming body is content-length (45 bytes)
[2m2025-12-10T10:19:09.267193Z[0m [34mDEBUG[0m [2mhyper::proto::h1::conn[0m[2m:[0m incoming body completed
[2m2025-12-10T10:19:09.267226Z[0m [34mDEBUG[0m [2mhyper::client::pool[0m[2m:[0m pooling idle connection for ("http", 192.168.0.14:8545)
[2m2025-12-10T10:19:09.267308Z[0m [34mDEBUG[0m [2mhyper::client::pool[0m[2m:[0m reuse idle connection for ("http", 192.168.0.14:8545)
[2m2025-12-10T10:19:09.267345Z[0m [34mDEBUG[0m [2mhyper::proto::h1::io[0m[2m:[0m flushed 172 bytes
[2m2025-12-10T10:19:09.272188Z[0m [34mDEBUG[0m [2mhyper::proto::h1::io[0m[2m:[0m parsed 4 headers
[2m2025-12-10T10:19:09.272214Z[0m [34mDEBUG[0m [2mhyper::proto::h1::conn[0m[2m:[0m incoming body is content-length (45 bytes)
[2m2025-12-10T10:19:09.272465Z[0m [34mDEBUG[0m [2mhyper::proto::h1::conn[0m[2m:[0m incoming body completed
[2m2025-12-10T10:19:09.272478Z[0m [34mDEBUG[0m [2mhyper::client::pool[0m[2m:[0m pooling idle connection for ("http", 192.168.0.14:8545)
[2m2025-12-10T10:19:09.272603Z[0m [34mDEBUG[0m [2mhyper::client::pool[0m[2m:[0m reuse idle connection for ("http", 192.168.0.14:8545)
[2m2025-12-10T10:19:09.272646Z[0m [34mDEBUG[0m [2mhyper::proto::h1::io[0m[2m:[0m flushed 172 bytes
[2m2025-12-10T10:19:09.276380Z[0m [34mDEBUG[0m [2mhyper::proto::h1::io[0m[2m:[0m parsed 4 headers
[2m2025-12-10T10:19:09.276955Z[0m [34mDEBUG[0m [2mhyper::proto::h1::conn[0m[2m:[0m incoming body is content-length (45 bytes)
[2m2025-12-10T10:19:09.276966Z[0m [34mDEBUG[0m [2mhyper::proto::h1::conn[0m[2m:[0m incoming body completed
[2m2025-12-10T10:19:09.276979Z[0m [34mDEBUG[0m [2mhyper::client::pool[0m[2m:[0m pooling idle connection for ("http", 192.168.0.14:8545)
[2m2025-12-10T10:19:09.277019Z[0m [34mDEBUG[0m [2mhyper::client::pool[0m[2m:[0m reuse idle connection for ("http", 192.168.0.14:8545)
[2m2025-12-10T10:19:09.277118Z[0m [34mDEBUG[0m [2mhyper::proto::h1::io[0m[2m:[0m flushed 172 bytes
[2m2025-12-10T10:19:09.282125Z[0m [34mDEBUG[0m [2mhyper::proto::h1::io[0m[2m:[0m parsed 4 headers
[2m2025-12-10T10:19:09.282153Z[0m [34mDEBUG[0m [2mhyper::proto::h1::conn[0m[2m:[0m incoming body is content-length (45 bytes)
[2m2025-12-10T10:19:09.282163Z[0m [34mDEBUG[0m [2mhyper::proto::h1::conn[0m[2m:[0m incoming body completed
[2m2025-12-10T10:19:09.282176Z[0m [34mDEBUG[0m [2mhyper::client::pool[0m[2m:[0m pooling idle connection for ("http", 192.168.0.14:8545)
[2m2025-12-10T10:19:09.282234Z[0m [34mDEBUG[0m [2mhyper::client::pool[0m[2m:[0m reuse idle connection for ("http", 192.168.0.14:8545)
[2m2025-12-10T10:19:09.282260Z[0m [34mDEBUG[0m [2mhyper::proto::h1::io[0m[2m:[0m flushed 172 bytes
[2m2025-12-10T10:19:09.286858Z[0m [34mDEBUG[0m [2mhyper::proto::h1::io[0m[2m:[0m parsed 4 headers
[2m2025-12-10T10:19:09.290141Z[0m [34mDEBUG[0m [2mhyper::proto::h1::conn[0m[2m:[0m incoming body is content-length (45 bytes)
[2m2025-12-10T10:19:09.290166Z[0m [34mDEBUG[0m [2mhyper::proto::h1::conn[0m[2m:[0m incoming body completed
[2m2025-12-10T10:19:09.290217Z[0m [34mDEBUG[0m [2mhyper::client::pool[0m[2m:[0m pooling idle connection for ("http", 192.168.0.14:8545)
[2m2025-12-10T10:19:09.290279Z[0m [34mDEBUG[0m [2mhyper::client::pool[0m[2m:[0m reuse idle connection for ("http", 192.168.0.14:8545)
[2m2025-12-10T10:19:09.290326Z[0m [34mDEBUG[0m [2mhyper::proto::h1::io[0m[2m:[0m flushed 172 bytes
[2m2025-12-10T10:19:09.292954Z[0m [34mDEBUG[0m [2mhyper::proto::h1::io[0m[2m:[0m parsed 4 headers
[2m2025-12-10T10:19:09.292964Z[0m [34mDEBUG[0m [2mhyper::proto::h1::conn[0m[2m:[0m incoming body is content-length (45 bytes)
[2m2025-12-10T10:19:09.292972Z[0m [34mDEBUG[0m [2mhyper::proto::h1::conn[0m[2m:[0m incoming body completed
[2m2025-12-10T10:19:09.292989Z[0m [34mDEBUG[0m [2mhyper::client::pool[0m[2m:[0m pooling idle connection for ("http", 192.168.0.14:8545)
[2m2025-12-10T10:19:09.293019Z[0m [34mDEBUG[0m [2mhyper::client::pool[0m[2m:[0m reuse idle connection for ("http", 192.168.0.14:8545)
[2m2025-12-10T10:19:09.293198Z[0m [34mDEBUG[0m [2mhyper::proto::h1::io[0m[2m:[0m flushed 172 bytes
[2m2025-12-10T10:19:09.295476Z[0m [34mDEBUG[0m [2mhyper::proto::h1::io[0m[2m:[0m parsed 4 headers
[2m2025-12-10T10:19:09.295486Z[0m [34mDEBUG[0m [2mhyper::proto::h1::conn[0m[2m:[0m incoming body is content-length (45 bytes)
[2m2025-12-10T10:19:09.295493Z[0m [34mDEBUG[0m [2mhyper::proto::h1::conn[0m[2m:[0m incoming body completed
[2m2025-12-10T10:19:09.295501Z[0m [34mDEBUG[0m [2mhyper::client::pool[0m[2m:[0m pooling idle connection for ("http", 192.168.0.14:8545)
[2m2025-12-10T10:19:09.295522Z[0m [34mDEBUG[0m [2mhyper::client::pool[0m[2m:[0m reuse idle connection for ("http", 192.168.0.14:8545)
[2m2025-12-10T10:19:09.295608Z[0m [34mDEBUG[0m [2mhyper::proto::h1::io[0m[2m:[0m flushed 172 bytes
[2m2025-12-10T10:19:09.299755Z[0m [34mDEBUG[0m [2mhyper::proto::h1::io[0m[2m:[0m parsed 4 headers
[2m2025-12-10T10:19:09.299772Z[0m [34mDEBUG[0m [2mhyper::proto::h1::conn[0m[2m:[0m incoming body is content-length (45 bytes)
[2m2025-12-10T10:19:09.299781Z[0m [34mDEBUG[0m [2mhyper::proto::h1::conn[0m[2m:[0m incoming body completed
[2m2025-12-10T10:19:09.299794Z[0m [34mDEBUG[0m [2mhyper::client::pool[0m[2m:[0m pooling idle connection for ("http", 192.168.0.14:8545)
[2m2025-12-10T10:19:09.299824Z[0m [34mDEBUG[0m [2mhyper::client::pool[0m[2m:[0m reuse idle connection for ("http", 192.168.0.14:8545)
[2m2025-12-10T10:19:09.299852Z[0m [34mDEBUG[0m [2mhyper::proto::h1::io[0m[2m:[0m flushed 172 bytes
[2m2025-12-10T10:19:09.303674Z[0m [34mDEBUG[0m [2mhyper::proto::h1::io[0m[2m:[0m parsed 4 headers
[2m2025-12-10T10:19:09.303688Z[0m [34mDEBUG[0m [2mhyper::proto::h1::conn[0m[2m:[0m incoming body is content-length (45 bytes)
[2m2025-12-10T10:19:09.303697Z[0m [34mDEBUG[0m [2mhyper::proto::h1::conn[0m[2m:[0m incoming body completed
[2m2025-12-10T10:19:09.303708Z[0m [34mDEBUG[0m [2mhyper::client::pool[0m[2m:[0m pooling idle connection for ("http", 192.168.0.14:8545)
[2m2025-12-10T10:19:09.303735Z[0m [34mDEBUG[0m [2mhyper::client::pool[0m[2m:[0m reuse idle connection for ("http", 192.168.0.14:8545)
[2m2025-12-10T10:19:09.303799Z[0m [34mDEBUG[0m [2mhyper::proto::h1::io[0m[2m:[0m flushed 172 bytes
[2m2025-12-10T10:19:09.307878Z[0m [34mDEBUG[0m [2mhyper::proto::h1::io[0m[2m:[0m parsed 4 headers
[2m2025-12-10T10:19:09.307961Z[0m [34mDEBUG[0m [2mhyper::proto::h1::conn[0m[2m:[0m incoming body is content-length (45 bytes)
[2m2025-12-10T10:19:09.307972Z[0m [34mDEBUG[0m [2mhyper::proto::h1::conn[0m[2m:[0m incoming body completed
[2m2025-12-10T10:19:09.307993Z[0m [34mDEBUG[0m [2mhyper::client::pool[0m[2m:[0m pooling idle connection for ("http", 192.168.0.14:8545)
[2m2025-12-10T10:19:09.308054Z[0m [34mDEBUG[0m [2mhyper::client::pool[0m[2m:[0m reuse idle connection for ("http", 192.168.0.14:8545)
[2m2025-12-10T10:19:09.308183Z[0m [34mDEBUG[0m [2mhyper::proto::h1::io[0m[2m:[0m flushed 172 bytes
[2m2025-12-10T10:19:09.312150Z[0m [34mDEBUG[0m [2mhyper::proto::h1::io[0m[2m:[0m parsed 4 headers
[2m2025-12-10T10:19:09.312157Z[0m [34mDEBUG[0m [2mhyper::proto::h1::conn[0m[2m:[0m incoming body is content-length (45 bytes)
[2m2025-12-10T10:19:09.312161Z[0m [34mDEBUG[0m [2mhyper::proto::h1::conn[0m[2m:[0m incoming body completed
[2m2025-12-10T10:19:09.312167Z[0m [34mDEBUG[0m [2mhyper::client::pool[0m[2m:[0m pooling idle connection for ("http", 192.168.0.14:8545)
[2m2025-12-10T10:19:09.312181Z[0m [34mDEBUG[0m [2mhyper::client::pool[0m[2m:[0m reuse idle connection for ("http", 192.168.0.14:8545)
[2m2025-12-10T10:19:09.312199Z[0m [34mDEBUG[0m [2mhyper::proto::h1::io[0m[2m:[0m flushed 172 bytes
[2m2025-12-10T10:19:09.316497Z[0m [34mDEBUG[0m [2mhyper::proto::h1::io[0m[2m:[0m parsed 4 headers
[2m2025-12-10T10:19:09.316505Z[0m [34mDEBUG[0m [2mhyper::proto::h1::conn[0m[2m:[0m incoming body is content-length (45 bytes)
[2m2025-12-10T10:19:09.316511Z[0m [34mDEBUG[0m [2mhyper::proto::h1::conn[0m[2m:[0m incoming body completed
[2m2025-12-10T10:19:09.316517Z[0m [34mDEBUG[0m [2mhyper::client::pool[0m[2m:[0m pooling idle connection for ("http", 192.168.0.14:8545)
[2m2025-12-10T10:19:09.316533Z[0m [34mDEBUG[0m [2mhyper::client::pool[0m[2m:[0m reuse idle connection for ("http", 192.168.0.14:8545)
[2m2025-12-10T10:19:09.316550Z[0m [34mDEBUG[0m [2mhyper::proto::h1::io[0m[2m:[0m flushed 172 bytes
[2m2025-12-10T10:19:09.342149Z[0m [34mDEBUG[0m [2mhyper::proto::h1::io[0m[2m:[0m parsed 4 headers
[2m2025-12-10T10:19:09.342413Z[0m [34mDEBUG[0m [2mhyper::proto::h1::conn[0m[2m:[0m incoming body is content-length (45 bytes)
[2m2025-12-10T10:19:09.342522Z[0m [34mDEBUG[0m [2mhyper::proto::h1::conn[0m[2m:[0m incoming body completed
[2m2025-12-10T10:19:09.342651Z[0m [34mDEBUG[0m [2mhyper::client::pool[0m[2m:[0m pooling idle connection for ("http", 192.168.0.14:8545)
[2m2025-12-10T10:19:09.342716Z[0m [34mDEBUG[0m [2mhyper::client::pool[0m[2m:[0m reuse idle connection for ("http", 192.168.0.14:8545)
[2m2025-12-10T10:19:09.342760Z[0m [34mDEBUG[0m [2mhyper::proto::h1::io[0m[2m:[0m flushed 172 bytes
[2m2025-12-10T10:19:09.347310Z[0m [34mDEBUG[0m [2mhyper::proto::h1::io[0m[2m:[0m parsed 4 headers
[2m2025-12-10T10:19:09.347978Z[0m [34mDEBUG[0m [2mhyper::proto::h1::conn[0m[2m:[0m incoming body is content-length (45 bytes)
[2m2025-12-10T10:19:09.348070Z[0m [34mDEBUG[0m [2mhyper::proto::h1::conn[0m[2m:[0m incoming body completed
[2m2025-12-10T10:19:09.348109Z[0m [34mDEBUG[0m [2mhyper::client::pool[0m[2m:[0m pooling idle connection for ("http", 192.168.0.14:8545)
[2m2025-12-10T10:19:09.348138Z[0m [34mDEBUG[0m [2mhyper::client::pool[0m[2m:[0m reuse idle connection for ("http", 192.168.0.14:8545)
[2m2025-12-10T10:19:09.348168Z[0m [34mDEBUG[0m [2mhyper::proto::h1::io[0m[2m:[0m flushed 172 bytes
[2m2025-12-10T10:19:09.355023Z[0m [34mDEBUG[0m [2mhyper::proto::h1::io[0m[2m:[0m parsed 4 headers
[2m2025-12-10T10:19:09.355040Z[0m [34mDEBUG[0m [2mhyper::proto::h1::conn[0m[2m:[0m incoming body is content-length (45 bytes)
[2m2025-12-10T10:19:09.355049Z[0m [34mDEBUG[0m [2mhyper::proto::h1::conn[0m[2m:[0m incoming body completed
[2m2025-12-10T10:19:09.355060Z[0m [34mDEBUG[0m [2mhyper::client::pool[0m[2m:[0m pooling idle connection for ("http", 192.168.0.14:8545)
[2m2025-12-10T10:19:09.355146Z[0m [34mDEBUG[0m [2mhyper::client::pool[0m[2m:[0m reuse idle connection for ("http", 192.168.0.14:8545)
[2m2025-12-10T10:19:09.355187Z[0m [34mDEBUG[0m [2mhyper::proto::h1::io[0m[2m:[0m flushed 172 bytes
[2m2025-12-10T10:19:09.359504Z[0m [34mDEBUG[0m [2mhyper::proto::h1::io[0m[2m:[0m parsed 4 headers
[2m2025-12-10T10:19:09.359525Z[0m [34mDEBUG[0m [2mhyper::proto::h1::conn[0m[2m:[0m incoming body is content-length (45 bytes)
[2m2025-12-10T10:19:09.359533Z[0m [34mDEBUG[0m [2mhyper::proto::h1::conn[0m[2m:[0m incoming body completed
[2m2025-12-10T10:19:09.359609Z[0m [34mDEBUG[0m [2mhyper::client::pool[0m[2m:[0m pooling idle connection for ("http", 192.168.0.14:8545)
[2m2025-12-10T10:19:09.359638Z[0m [34mDEBUG[0m [2mhyper::client::pool[0m[2m:[0m reuse idle connection for ("http", 192.168.0.14:8545)
[2m2025-12-10T10:19:09.359686Z[0m [34mDEBUG[0m [2mhyper::proto::h1::io[0m[2m:[0m flushed 172 bytes
[2m2025-12-10T10:19:09.363566Z[0m [34mDEBUG[0m [2mhyper::proto::h1::io[0m[2m:[0m parsed 4 headers
[2m2025-12-10T10:19:09.363576Z[0m [34mDEBUG[0m [2mhyper::proto::h1::conn[0m[2m:[0m incoming body is content-length (45 bytes)
[2m2025-12-10T10:19:09.363584Z[0m [34mDEBUG[0m [2mhyper::proto::h1::conn[0m[2m:[0m incoming body completed
[2m2025-12-10T10:19:09.363592Z[0m [34mDEBUG[0m [2mhyper::client::pool[0m[2m:[0m pooling idle connection for ("http", 192.168.0.14:8545)
[2m2025-12-10T10:19:09.363613Z[0m [34mDEBUG[0m [2mhyper::client::pool[0m[2m:[0m reuse idle connection for ("http", 192.168.0.14:8545)
[2m2025-12-10T10:19:09.363651Z[0m [34mDEBUG[0m [2mhyper::proto::h1::io[0m[2m:[0m flushed 172 bytes
[2m2025-12-10T10:19:09.367269Z[0m [34mDEBUG[0m [2mhyper::proto::h1::io[0m[2m:[0m parsed 4 headers
[2m2025-12-10T10:19:09.367281Z[0m [34mDEBUG[0m [2mhyper::proto::h1::conn[0m[2m:[0m incoming body is content-length (45 bytes)
[2m2025-12-10T10:19:09.367288Z[0m [34mDEBUG[0m [2mhyper::proto::h1::conn[0m[2m:[0m incoming body completed
[2m2025-12-10T10:19:09.367297Z[0m [34mDEBUG[0m [2mhyper::client::pool[0m[2m:[0m pooling idle connection for ("http", 192.168.0.14:8545)
[2m2025-12-10T10:19:09.367320Z[0m [34mDEBUG[0m [2mhyper::client::pool[0m[2m:[0m reuse idle connection for ("http", 192.168.0.14:8545)
[2m2025-12-10T10:19:09.367341Z[0m [34mDEBUG[0m [2mhyper::proto::h1::io[0m[2m:[0m flushed 172 bytes
[2m2025-12-10T10:19:09.372577Z[0m [34mDEBUG[0m [2mhyper::proto::h1::io[0m[2m:[0m parsed 4 headers
[2m2025-12-10T10:19:09.372611Z[0m [34mDEBUG[0m [2mhyper::proto::h1::conn[0m[2m:[0m incoming body is content-length (45 bytes)
[2m2025-12-10T10:19:09.372621Z[0m [34mDEBUG[0m [2mhyper::proto::h1::conn[0m[2m:[0m incoming body completed
[2m2025-12-10T10:19:09.372632Z[0m [34mDEBUG[0m [2mhyper::client::pool[0m[2m:[0m pooling idle connection for ("http", 192.168.0.14:8545)
[2m2025-12-10T10:19:09.372658Z[0m [34mDEBUG[0m [2mhyper::client::pool[0m[2m:[0m reuse idle connection for ("http", 192.168.0.14:8545)
[2m2025-12-10T10:19:09.372758Z[0m [34mDEBUG[0m [2mhyper::proto::h1::io[0m[2m:[0m flushed 172 bytes
[2m2025-12-10T10:19:09.376612Z[0m [34mDEBUG[0m [2mhyper::proto::h1::io[0m[2m:[0m parsed 4 headers
[2m2025-12-10T10:19:09.376657Z[0m [34mDEBUG[0m [2mhyper::proto::h1::conn[0m[2m:[0m incoming body is content-length (45 bytes)
[2m2025-12-10T10:19:09.376730Z[0m [34mDEBUG[0m [2mhyper::proto::h1::conn[0m[2m:[0m incoming body completed
[2m2025-12-10T10:19:09.376743Z[0m [34mDEBUG[0m [2mhyper::client::pool[0m[2m:[0m pooling idle connection for ("http", 192.168.0.14:8545)
[2m2025-12-10T10:19:09.376798Z[0m [34mDEBUG[0m [2mhyper::client::pool[0m[2m:[0m reuse idle connection for ("http", 192.168.0.14:8545)
[2m2025-12-10T10:19:09.376834Z[0m [34mDEBUG[0m [2mhyper::proto::h1::io[0m[2m:[0m flushed 172 bytes
[2m2025-12-10T10:19:09.380311Z[0m [34mDEBUG[0m [2mhyper::proto::h1::io[0m[2m:[0m parsed 4 headers
[2m2025-12-10T10:19:09.380325Z[0m [34mDEBUG[0m [2mhyper::proto::h1::conn[0m[2m:[0m incoming body is content-length (45 bytes)
[2m2025-12-10T10:19:09.380366Z[0m [34mDEBUG[0m [2mhyper::proto::h1::conn[0m[2m:[0m incoming body completed
[2m2025-12-10T10:19:09.380427Z[0m [34mDEBUG[0m [2mhyper::client::pool[0m[2m:[0m pooling idle connection for ("http", 192.168.0.14:8545)
[2m2025-12-10T10:19:09.380475Z[0m [34mDEBUG[0m [2mhyper::client::pool[0m[2m:[0m reuse idle connection for ("http", 192.168.0.14:8545)
[2m2025-12-10T10:19:09.380505Z[0m [34mDEBUG[0m [2mhyper::proto::h1::io[0m[2m:[0m flushed 172 bytes
[2m2025-12-10T10:19:09.384252Z[0m [34mDEBUG[0m [2mhyper::proto::h1::io[0m[2m:[0m parsed 4 headers
[2m2025-12-10T10:19:09.384285Z[0m [34mDEBUG[0m [2mhyper::proto::h1::conn[0m[2m:[0m incoming body is content-length (45 bytes)
[2m2025-12-10T10:19:09.384333Z[0m [34mDEBUG[0m [2mhyper::proto::h1::conn[0m[2m:[0m incoming body completed
[2m2025-12-10T10:19:09.384366Z[0m [34mDEBUG[0m [2mhyper::client::pool[0m[2m:[0m pooling idle connection for ("http", 192.168.0.14:8545)
[2m2025-12-10T10:19:09.384392Z[0m [34mDEBUG[0m [2mhyper::client::pool[0m[2m:[0m reuse idle connection for ("http", 192.168.0.14:8545)
[2m2025-12-10T10:19:09.384439Z[0m [34mDEBUG[0m [2mhyper::proto::h1::io[0m[2m:[0m flushed 172 bytes
[2m2025-12-10T10:19:09.389310Z[0m [34mDEBUG[0m [2mhyper::proto::h1::io[0m[2m:[0m parsed 4 headers
[2m2025-12-10T10:19:09.392640Z[0m [34mDEBUG[0m [2mhyper::proto::h1::conn[0m[2m:[0m incoming body is content-length (45 bytes)
[2m2025-12-10T10:19:09.392652Z[0m [34mDEBUG[0m [2mhyper::proto::h1::conn[0m[2m:[0m incoming body completed
[2m2025-12-10T10:19:09.392709Z[0m [34mDEBUG[0m [2mhyper::client::pool[0m[2m:[0m pooling idle connection for ("http", 192.168.0.14:8545)
[2m2025-12-10T10:19:09.392756Z[0m [34mDEBUG[0m [2mhyper::client::pool[0m[2m:[0m reuse idle connection for ("http", 192.168.0.14:8545)
[2m2025-12-10T10:19:09.392797Z[0m [34mDEBUG[0m [2mhyper::proto::h1::io[0m[2m:[0m flushed 172 bytes
[2m2025-12-10T10:19:09.395812Z[0m [34mDEBUG[0m [2mhyper::proto::h1::io[0m[2m:[0m parsed 4 headers
[2m2025-12-10T10:19:09.395821Z[0m [34mDEBUG[0m [2mhyper::proto::h1::conn[0m[2m:[0m incoming body is content-length (45 bytes)
[2m2025-12-10T10:19:09.395962Z[0m [34mDEBUG[0m [2mhyper::proto::h1::conn[0m[2m:[0m incoming body completed
[2m2025-12-10T10:19:09.395991Z[0m [34mDEBUG[0m [2mhyper::client::pool[0m[2m:[0m pooling idle connection for ("http", 192.168.0.14:8545)
[2m2025-12-10T10:19:09.396014Z[0m [34mDEBUG[0m [2mhyper::client::pool[0m[2m:[0m reuse idle connection for ("http", 192.168.0.14:8545)
[2m2025-12-10T10:19:09.396071Z[0m [34mDEBUG[0m [2mhyper::proto::h1::io[0m[2m:[0m flushed 172 bytes
[2m2025-12-10T10:19:09.399890Z[0m [34mDEBUG[0m [2mhyper::proto::h1::io[0m[2m:[0m parsed 4 headers
[2m2025-12-10T10:19:09.399906Z[0m [34mDEBUG[0m [2mhyper::proto::h1::conn[0m[2m:[0m incoming body is content-length (45 bytes)
[2m2025-12-10T10:19:09.399914Z[0m [34mDEBUG[0m [2mhyper::proto::h1::conn[0m[2m:[0m incoming body completed
[2m2025-12-10T10:19:09.399979Z[0m [34mDEBUG[0m [2mhyper::client::pool[0m[2m:[0m pooling idle connection for ("http", 192.168.0.14:8545)
[2m2025-12-10T10:19:09.400055Z[0m [34mDEBUG[0m [2mhyper::client::pool[0m[2m:[0m reuse idle connection for ("http", 192.168.0.14:8545)
[2m2025-12-10T10:19:09.400148Z[0m [34mDEBUG[0m [2mhyper::proto::h1::io[0m[2m:[0m flushed 172 bytes
[2m2025-12-10T10:19:09.403153Z[0m [34mDEBUG[0m [2mhyper::proto::h1::io[0m[2m:[0m parsed 4 headers
[2m2025-12-10T10:19:09.403177Z[0m [34mDEBUG[0m [2mhyper::proto::h1::conn[0m[2m:[0m incoming body is content-length (45 bytes)
[2m2025-12-10T10:19:09.403186Z[0m [34mDEBUG[0m [2mhyper::proto::h1::conn[0m[2m:[0m incoming body completed
[2m2025-12-10T10:19:09.403195Z[0m [34mDEBUG[0m [2mhyper::client::pool[0m[2m:[0m pooling idle connection for ("http", 192.168.0.14:8545)
[2m2025-12-10T10:19:09.403300Z[0m [34mDEBUG[0m [2mhyper::client::pool[0m[2m:[0m reuse idle connection for ("http", 192.168.0.14:8545)
[2m2025-12-10T10:19:09.403323Z[0m [34mDEBUG[0m [2mhyper::proto::h1::io[0m[2m:[0m flushed 172 bytes
[2m2025-12-10T10:19:09.406389Z[0m [34mDEBUG[0m [2mhyper::proto::h1::io[0m[2m:[0m parsed 4 headers
[2m2025-12-10T10:19:09.406401Z[0m [34mDEBUG[0m [2mhyper::proto::h1::conn[0m[2m:[0m incoming body is content-length (45 bytes)
[2m2025-12-10T10:19:09.406412Z[0m [34mDEBUG[0m [2mhyper::proto::h1::conn[0m[2m:[0m incoming body completed
[2m2025-12-10T10:19:09.406422Z[0m [34mDEBUG[0m [2mhyper::client::pool[0m[2m:[0m pooling idle connection for ("http", 192.168.0.14:8545)
[2m2025-12-10T10:19:09.406445Z[0m [34mDEBUG[0m [2mhyper::client::pool[0m[2m:[0m reuse idle connection for ("http", 192.168.0.14:8545)
[2m2025-12-10T10:19:09.406503Z[0m [34mDEBUG[0m [2mhyper::proto::h1::io[0m[2m:[0m flushed 172 bytes
[2m2025-12-10T10:19:09.410832Z[0m [34mDEBUG[0m [2mhyper::proto::h1::io[0m[2m:[0m parsed 4 headers
[2m2025-12-10T10:19:09.410845Z[0m [34mDEBUG[0m [2mhyper::proto::h1::conn[0m[2m:[0m incoming body is content-length (45 bytes)
[2m2025-12-10T10:19:09.410870Z[0m [34mDEBUG[0m [2mhyper::proto::h1::conn[0m[2m:[0m incoming body completed
[2m2025-12-10T10:19:09.410883Z[0m [34mDEBUG[0m [2mhyper::client::pool[0m[2m:[0m pooling idle connection for ("http", 192.168.0.14:8545)
[2m2025-12-10T10:19:09.410907Z[0m [34mDEBUG[0m [2mhyper::client::pool[0m[2m:[0m reuse idle connection for ("http", 192.168.0.14:8545)
[2m2025-12-10T10:19:09.410931Z[0m [34mDEBUG[0m [2mhyper::proto::h1::io[0m[2m:[0m flushed 172 bytes
[2m2025-12-10T10:19:09.415767Z[0m [34mDEBUG[0m [2mhyper::proto::h1::io[0m[2m:[0m parsed 4 headers
[2m2025-12-10T10:19:09.415779Z[0m [34mDEBUG[0m [2mhyper::proto::h1::conn[0m[2m:[0m incoming body is content-length (45 bytes)
[2m2025-12-10T10:19:09.415787Z[0m [34mDEBUG[0m [2mhyper::proto::h1::conn[0m[2m:[0m incoming body completed
[2m2025-12-10T10:19:09.415797Z[0m [34mDEBUG[0m [2mhyper::client::pool[0m[2m:[0m pooling idle connection for ("http", 192.168.0.14:8545)
[2m2025-12-10T10:19:09.415834Z[0m [34mDEBUG[0m [2mhyper::client::pool[0m[2m:[0m reuse idle connection for ("http", 192.168.0.14:8545)
[2m2025-12-10T10:19:09.415911Z[0m [34mDEBUG[0m [2mhyper::proto::h1::io[0m[2m:[0m flushed 172 bytes
[2m2025-12-10T10:19:09.425832Z[0m [34mDEBUG[0m [2mhyper::proto::h1::io[0m[2m:[0m parsed 4 headers
[2m2025-12-10T10:19:09.425898Z[0m [34mDEBUG[0m [2mhyper::proto::h1::conn[0m[2m:[0m incoming body is content-length (45 bytes)
[2m2025-12-10T10:19:09.425918Z[0m [34mDEBUG[0m [2mhyper::proto::h1::conn[0m[2m:[0m incoming body completed
[2m2025-12-10T10:19:09.426043Z[0m [34mDEBUG[0m [2mhyper::client::pool[0m[2m:[0m pooling idle connection for ("http", 192.168.0.14:8545)
[2m2025-12-10T10:19:09.427027Z[0m [34mDEBUG[0m [2mhyper::client::pool[0m[2m:[0m reuse idle connection for ("http", 192.168.0.14:8545)
[2m2025-12-10T10:19:09.428719Z[0m [34mDEBUG[0m [2mhyper::proto::h1::io[0m[2m:[0m flushed 172 bytes
[2m2025-12-10T10:19:09.433624Z[0m [34mDEBUG[0m [2mhyper::proto::h1::io[0m[2m:[0m parsed 4 headers
[2m2025-12-10T10:19:09.433655Z[0m [34mDEBUG[0m [2mhyper::proto::h1::conn[0m[2m:[0m incoming body is content-length (45 bytes)
[2m2025-12-10T10:19:09.433666Z[0m [34mDEBUG[0m [2mhyper::proto::h1::conn[0m[2m:[0m incoming body completed
[2m2025-12-10T10:19:09.433677Z[0m [34mDEBUG[0m [2mhyper::client::pool[0m[2m:[0m pooling idle connection for ("http", 192.168.0.14:8545)
[2m2025-12-10T10:19:09.433707Z[0m [34mDEBUG[0m [2mhyper::client::pool[0m[2m:[0m reuse idle connection for ("http", 192.168.0.14:8545)
[2m2025-12-10T10:19:09.433783Z[0m [34mDEBUG[0m [2mhyper::proto::h1::io[0m[2m:[0m flushed 172 bytes
[2m2025-12-10T10:19:09.436421Z[0m [34mDEBUG[0m [2mhyper::proto::h1::io[0m[2m:[0m parsed 4 headers
[2m2025-12-10T10:19:09.436502Z[0m [34mDEBUG[0m [2mhyper::proto::h1::conn[0m[2m:[0m incoming body is content-length (45 bytes)
[2m2025-12-10T10:19:09.436525Z[0m [34mDEBUG[0m [2mhyper::proto::h1::conn[0m[2m:[0m incoming body completed
[2m2025-12-10T10:19:09.436825Z[0m [34mDEBUG[0m [2mhyper::client::pool[0m[2m:[0m pooling idle connection for ("http", 192.168.0.14:8545)
[2m2025-12-10T10:19:09.436854Z[0m [34mDEBUG[0m [2mhyper::client::pool[0m[2m:[0m reuse idle connection for ("http", 192.168.0.14:8545)
[2m2025-12-10T10:19:09.436897Z[0m [34mDEBUG[0m [2mhyper::proto::h1::io[0m[2m:[0m flushed 172 bytes
[2m2025-12-10T10:19:09.442463Z[0m [34mDEBUG[0m [2mhyper::proto::h1::io[0m[2m:[0m parsed 4 headers
[2m2025-12-10T10:19:09.442587Z[0m [34mDEBUG[0m [2mhyper::proto::h1::conn[0m[2m:[0m incoming body is content-length (45 bytes)
[2m2025-12-10T10:19:09.442603Z[0m [34mDEBUG[0m [2mhyper::proto::h1::conn[0m[2m:[0m incoming body completed
[2m2025-12-10T10:19:09.442615Z[0m [34mDEBUG[0m [2mhyper::client::pool[0m[2m:[0m pooling idle connection for ("http", 192.168.0.14:8545)
[2m2025-12-10T10:19:09.442678Z[0m [34mDEBUG[0m [2mhyper::client::pool[0m[2m:[0m reuse idle connection for ("http", 192.168.0.14:8545)
[2m2025-12-10T10:19:09.442806Z[0m [34mDEBUG[0m [2mhyper::proto::h1::io[0m[2m:[0m flushed 172 bytes
[2m2025-12-10T10:19:09.445567Z[0m [34mDEBUG[0m [2mhyper::proto::h1::io[0m[2m:[0m parsed 4 headers
[2m2025-12-10T10:19:09.445576Z[0m [34mDEBUG[0m [2mhyper::proto::h1::conn[0m[2m:[0m incoming body is content-length (45 bytes)
[2m2025-12-10T10:19:09.445583Z[0m [34mDEBUG[0m [2mhyper::proto::h1::conn[0m[2m:[0m incoming body completed
[2m2025-12-10T10:19:09.445591Z[0m [34mDEBUG[0m [2mhyper::client::pool[0m[2m:[0m pooling idle connection for ("http", 192.168.0.14:8545)
[2m2025-12-10T10:19:09.445613Z[0m [34mDEBUG[0m [2mhyper::client::pool[0m[2m:[0m reuse idle connection for ("http", 192.168.0.14:8545)
[2m2025-12-10T10:19:09.445633Z[0m [34mDEBUG[0m [2mhyper::proto::h1::io[0m[2m:[0m flushed 172 bytes
[2m2025-12-10T10:19:09.449743Z[0m [34mDEBUG[0m [2mhyper::proto::h1::io[0m[2m:[0m parsed 4 headers
[2m2025-12-10T10:19:09.449754Z[0m [34mDEBUG[0m [2mhyper::proto::h1::conn[0m[2m:[0m incoming body is content-length (45 bytes)
[2m2025-12-10T10:19:09.449762Z[0m [34mDEBUG[0m [2mhyper::proto::h1::conn[0m[2m:[0m incoming body completed
[2m2025-12-10T10:19:09.449769Z[0m [34mDEBUG[0m [2mhyper::client::pool[0m[2m:[0m pooling idle connection for ("http", 192.168.0.14:8545)
[2m2025-12-10T10:19:09.449789Z[0m [34mDEBUG[0m [2mhyper::client::pool[0m[2m:[0m reuse idle connection for ("http", 192.168.0.14:8545)
[2m2025-12-10T10:19:09.449808Z[0m [34mDEBUG[0m [2mhyper::proto::h1::io[0m[2m:[0m flushed 172 bytes
[2m2025-12-10T10:19:09.466302Z[0m [34mDEBUG[0m [2mhyper::proto::h1::io[0m[2m:[0m parsed 4 headers
[2m2025-12-10T10:19:09.466320Z[0m [34mDEBUG[0m [2mhyper::proto::h1::conn[0m[2m:[0m incoming body is content-length (45 bytes)
[2m2025-12-10T10:19:09.466341Z[0m [34mDEBUG[0m [2mhyper::proto::h1::conn[0m[2m:[0m incoming body completed
[2m2025-12-10T10:19:09.466357Z[0m [34mDEBUG[0m [2mhyper::client::pool[0m[2m:[0m pooling idle connection for ("http", 192.168.0.14:8545)
[2m2025-12-10T10:19:09.466385Z[0m [34mDEBUG[0m [2mhyper::client::pool[0m[2m:[0m reuse idle connection for ("http", 192.168.0.14:8545)
[2m2025-12-10T10:19:09.466414Z[0m [34mDEBUG[0m [2mhyper::proto::h1::io[0m[2m:[0m flushed 172 bytes
[2m2025-12-10T10:19:09.471151Z[0m [34mDEBUG[0m [2mhyper::proto::h1::io[0m[2m:[0m parsed 4 headers
[2m2025-12-10T10:19:09.471186Z[0m [34mDEBUG[0m [2mhyper::proto::h1::conn[0m[2m:[0m incoming body is content-length (45 bytes)
[2m2025-12-10T10:19:09.471277Z[0m [34mDEBUG[0m [2mhyper::proto::h1::conn[0m[2m:[0m incoming body completed
[2m2025-12-10T10:19:09.471297Z[0m [34mDEBUG[0m [2mhyper::client::pool[0m[2m:[0m pooling idle connection for ("http", 192.168.0.14:8545)
[2m2025-12-10T10:19:09.471325Z[0m [34mDEBUG[0m [2mhyper::client::pool[0m[2m:[0m reuse idle connection for ("http", 192.168.0.14:8545)
[2m2025-12-10T10:19:09.471346Z[0m [34mDEBUG[0m [2mhyper::proto::h1::io[0m[2m:[0m flushed 172 bytes
[2m2025-12-10T10:19:09.475237Z[0m [34mDEBUG[0m [2mhyper::proto::h1::io[0m[2m:[0m parsed 4 headers
[2m2025-12-10T10:19:09.475255Z[0m [34mDEBUG[0m [2mhyper::proto::h1::conn[0m[2m:[0m incoming body is content-length (45 bytes)
[2m2025-12-10T10:19:09.475274Z[0m [34mDEBUG[0m [2mhyper::proto::h1::conn[0m[2m:[0m incoming body completed
[2m2025-12-10T10:19:09.475344Z[0m [34mDEBUG[0m [2mhyper::client::pool[0m[2m:[0m pooling idle connection for ("http", 192.168.0.14:8545)
[2m2025-12-10T10:19:09.475402Z[0m [34mDEBUG[0m [2mhyper::client::pool[0m[2m:[0m reuse idle connection for ("http", 192.168.0.14:8545)
[2m2025-12-10T10:19:09.475463Z[0m [34mDEBUG[0m [2mhyper::proto::h1::io[0m[2m:[0m flushed 172 bytes
[2m2025-12-10T10:19:09.478727Z[0m [34mDEBUG[0m [2mhyper::proto::h1::io[0m[2m:[0m parsed 4 headers
[2m2025-12-10T10:19:09.478739Z[0m [34mDEBUG[0m [2mhyper::proto::h1::conn[0m[2m:[0m incoming body is content-length (45 bytes)
[2m2025-12-10T10:19:09.478748Z[0m [34mDEBUG[0m [2mhyper::proto::h1::conn[0m[2m:[0m incoming body completed
[2m2025-12-10T10:19:09.478758Z[0m [34mDEBUG[0m [2mhyper::client::pool[0m[2m:[0m pooling idle connection for ("http", 192.168.0.14:8545)
[2m2025-12-10T10:19:09.478782Z[0m [34mDEBUG[0m [2mhyper::client::pool[0m[2m:[0m reuse idle connection for ("http", 192.168.0.14:8545)
[2m2025-12-10T10:19:09.478811Z[0m [34mDEBUG[0m [2mhyper::proto::h1::io[0m[2m:[0m flushed 172 bytes
[2m2025-12-10T10:19:09.482586Z[0m [34mDEBUG[0m [2mhyper::proto::h1::io[0m[2m:[0m parsed 4 headers
[2m2025-12-10T10:19:09.482607Z[0m [34mDEBUG[0m [2mhyper::proto::h1::conn[0m[2m:[0m incoming body is content-length (45 bytes)
[2m2025-12-10T10:19:09.482686Z[0m [34mDEBUG[0m [2mhyper::proto::h1::conn[0m[2m:[0m incoming body completed
[2m2025-12-10T10:19:09.482697Z[0m [34mDEBUG[0m [2mhyper::client::pool[0m[2m:[0m pooling idle connection for ("http", 192.168.0.14:8545)
[2m2025-12-10T10:19:09.482718Z[0m [34mDEBUG[0m [2mhyper::client::pool[0m[2m:[0m reuse idle connection for ("http", 192.168.0.14:8545)
[2m2025-12-10T10:19:09.482888Z[0m [34mDEBUG[0m [2mhyper::proto::h1::io[0m[2m:[0m flushed 172 bytes
[2m2025-12-10T10:19:09.489224Z[0m [34mDEBUG[0m [2mhyper::proto::h1::io[0m[2m:[0m parsed 4 headers
[2m2025-12-10T10:19:09.489242Z[0m [34mDEBUG[0m [2mhyper::proto::h1::conn[0m[2m:[0m incoming body is content-length (45 bytes)
[2m2025-12-10T10:19:09.489250Z[0m [34mDEBUG[0m [2mhyper::proto::h1::conn[0m[2m:[0m incoming body completed
[2m2025-12-10T10:19:09.489259Z[0m [34mDEBUG[0m [2mhyper::client::pool[0m[2m:[0m pooling idle connection for ("http", 192.168.0.14:8545)
[2m2025-12-10T10:19:09.489281Z[0m [34mDEBUG[0m [2mhyper::client::pool[0m[2m:[0m reuse idle connection for ("http", 192.168.0.14:8545)
[2m2025-12-10T10:19:09.489308Z[0m [34mDEBUG[0m [2mhyper::proto::h1::io[0m[2m:[0m flushed 172 bytes
[2m2025-12-10T10:19:09.496851Z[0m [34mDEBUG[0m [2mhyper::proto::h1::io[0m[2m:[0m parsed 4 headers
[2m2025-12-10T10:19:09.496901Z[0m [34mDEBUG[0m [2mhyper::proto::h1::conn[0m[2m:[0m incoming body is content-length (45 bytes)
[2m2025-12-10T10:19:09.496931Z[0m [34mDEBUG[0m [2mhyper::proto::h1::conn[0m[2m:[0m incoming body completed
[2m2025-12-10T10:19:09.496980Z[0m [34mDEBUG[0m [2mhyper::client::pool[0m[2m:[0m pooling idle connection for ("http", 192.168.0.14:8545)
[2m2025-12-10T10:19:09.497082Z[0m [34mDEBUG[0m [2mhyper::client::pool[0m[2m:[0m reuse idle connection for ("http", 192.168.0.14:8545)
[2m2025-12-10T10:19:09.497150Z[0m [34mDEBUG[0m [2mhyper::proto::h1::io[0m[2m:[0m flushed 172 bytes
[2m2025-12-10T10:19:09.500448Z[0m [34mDEBUG[0m [2mhyper::proto::h1::io[0m[2m:[0m parsed 4 headers
[2m2025-12-10T10:19:09.500459Z[0m [34mDEBUG[0m [2mhyper::proto::h1::conn[0m[2m:[0m incoming body is content-length (45 bytes)
[2m2025-12-10T10:19:09.500466Z[0m [34mDEBUG[0m [2mhyper::proto::h1::conn[0m[2m:[0m incoming body completed
[2m2025-12-10T10:19:09.500474Z[0m [34mDEBUG[0m [2mhyper::client::pool[0m[2m:[0m pooling idle connection for ("http", 192.168.0.14:8545)
[2m2025-12-10T10:19:09.500495Z[0m [34mDEBUG[0m [2mhyper::client::pool[0m[2m:[0m reuse idle connection for ("http", 192.168.0.14:8545)
[2m2025-12-10T10:19:09.500526Z[0m [34mDEBUG[0m [2mhyper::proto::h1::io[0m[2m:[0m flushed 172 bytes
[2m2025-12-10T10:19:09.504733Z[0m [34mDEBUG[0m [2mhyper::proto::h1::io[0m[2m:[0m parsed 4 headers
[2m2025-12-10T10:19:09.504798Z[0m [34mDEBUG[0m [2mhyper::proto::h1::conn[0m[2m:[0m incoming body is content-length (45 bytes)
[2m2025-12-10T10:19:09.504844Z[0m [34mDEBUG[0m [2mhyper::proto::h1::conn[0m[2m:[0m incoming body completed
[2m2025-12-10T10:19:09.504854Z[0m [34mDEBUG[0m [2mhyper::client::pool[0m[2m:[0m pooling idle connection for ("http", 192.168.0.14:8545)
[2m2025-12-10T10:19:09.504879Z[0m [34mDEBUG[0m [2mhyper::client::pool[0m[2m:[0m reuse idle connection for ("http", 192.168.0.14:8545)
[2m2025-12-10T10:19:09.504897Z[0m [34mDEBUG[0m [2mhyper::proto::h1::io[0m[2m:[0m flushed 172 bytes
[2m2025-12-10T10:19:09.509313Z[0m [34mDEBUG[0m [2mhyper::proto::h1::io[0m[2m:[0m parsed 4 headers
[2m2025-12-10T10:19:09.509322Z[0m [34mDEBUG[0m [2mhyper::proto::h1::conn[0m[2m:[0m incoming body is content-length (45 bytes)
[2m2025-12-10T10:19:09.509328Z[0m [34mDEBUG[0m [2mhyper::proto::h1::conn[0m[2m:[0m incoming body completed
[2m2025-12-10T10:19:09.515669Z[0m [34mDEBUG[0m [2mhyper::client::pool[0m[2m:[0m pooling idle connection for ("http", 192.168.0.14:8545)
[2m2025-12-10T10:19:09.515696Z[0m [34mDEBUG[0m [2mhyper::client::pool[0m[2m:[0m reuse idle connection for ("http", 192.168.0.14:8545)
[2m2025-12-10T10:19:09.515722Z[0m [34mDEBUG[0m [2mhyper::proto::h1::io[0m[2m:[0m flushed 172 bytes
[2m2025-12-10T10:19:09.519817Z[0m [34mDEBUG[0m [2mhyper::proto::h1::io[0m[2m:[0m parsed 4 headers
[2m2025-12-10T10:19:09.519997Z[0m [34mDEBUG[0m [2mhyper::proto::h1::conn[0m[2m:[0m incoming body is content-length (45 bytes)
[2m2025-12-10T10:19:09.520007Z[0m [34mDEBUG[0m [2mhyper::proto::h1::conn[0m[2m:[0m incoming body completed
[2m2025-12-10T10:19:09.520015Z[0m [34mDEBUG[0m [2mhyper::client::pool[0m[2m:[0m pooling idle connection for ("http", 192.168.0.14:8545)
[2m2025-12-10T10:19:09.520043Z[0m [34mDEBUG[0m [2mhyper::client::pool[0m[2m:[0m reuse idle connection for ("http", 192.168.0.14:8545)
[2m2025-12-10T10:19:09.520085Z[0m [34mDEBUG[0m [2mhyper::proto::h1::io[0m[2m:[0m flushed 172 bytes
[2m2025-12-10T10:19:09.524028Z[0m [34mDEBUG[0m [2mhyper::proto::h1::io[0m[2m:[0m parsed 4 headers
[2m2025-12-10T10:19:09.528019Z[0m [34mDEBUG[0m [2mhyper::proto::h1::conn[0m[2m:[0m incoming body is content-length (45 bytes)
[2m2025-12-10T10:19:09.528031Z[0m [34mDEBUG[0m [2mhyper::proto::h1::conn[0m[2m:[0m incoming body completed
[2m2025-12-10T10:19:09.528058Z[0m [34mDEBUG[0m [2mhyper::client::pool[0m[2m:[0m pooling idle connection for ("http", 192.168.0.14:8545)
[2m2025-12-10T10:19:09.528139Z[0m [34mDEBUG[0m [2mhyper::client::pool[0m[2m:[0m reuse idle connection for ("http", 192.168.0.14:8545)
[2m2025-12-10T10:19:09.528231Z[0m [34mDEBUG[0m [2mhyper::proto::h1::io[0m[2m:[0m flushed 172 bytes
[2m2025-12-10T10:19:09.531795Z[0m [34mDEBUG[0m [2mhyper::proto::h1::io[0m[2m:[0m parsed 4 headers
[2m2025-12-10T10:19:09.531813Z[0m [34mDEBUG[0m [2mhyper::proto::h1::conn[0m[2m:[0m incoming body is content-length (45 bytes)
[2m2025-12-10T10:19:09.531818Z[0m [34mDEBUG[0m [2mhyper::proto::h1::conn[0m[2m:[0m incoming body completed
[2m2025-12-10T10:19:09.531824Z[0m [34mDEBUG[0m [2mhyper::client::pool[0m[2m:[0m pooling idle connection for ("http", 192.168.0.14:8545)
[2m2025-12-10T10:19:09.531843Z[0m [34mDEBUG[0m [2mhyper::client::pool[0m[2m:[0m reuse idle connection for ("http", 192.168.0.14:8545)
[2m2025-12-10T10:19:09.531882Z[0m [34mDEBUG[0m [2mhyper::proto::h1::io[0m[2m:[0m flushed 172 bytes
[2m2025-12-10T10:19:09.536956Z[0m [34mDEBUG[0m [2mhyper::proto::h1::io[0m[2m:[0m parsed 4 headers
[2m2025-12-10T10:19:09.536976Z[0m [34mDEBUG[0m [2mhyper::proto::h1::conn[0m[2m:[0m incoming body is content-length (45 bytes)
[2m2025-12-10T10:19:09.537006Z[0m [34mDEBUG[0m [2mhyper::proto::h1::conn[0m[2m:[0m incoming body completed
[2m2025-12-10T10:19:09.537013Z[0m [34mDEBUG[0m [2mhyper::client::pool[0m[2m:[0m pooling idle connection for ("http", 192.168.0.14:8545)
[2m2025-12-10T10:19:09.537035Z[0m [34mDEBUG[0m [2mhyper::client::pool[0m[2m:[0m reuse idle connection for ("http", 192.168.0.14:8545)
[2m2025-12-10T10:19:09.537062Z[0m [34mDEBUG[0m [2mhyper::proto::h1::io[0m[2m:[0m flushed 172 bytes
[2m2025-12-10T10:19:09.542024Z[0m [34mDEBUG[0m [2mhyper::proto::h1::io[0m[2m:[0m parsed 4 headers
[2m2025-12-10T10:19:09.542058Z[0m [34mDEBUG[0m [2mhyper::proto::h1::conn[0m[2m:[0m incoming body is content-length (45 bytes)
[2m2025-12-10T10:19:09.542067Z[0m [34mDEBUG[0m [2mhyper::proto::h1::conn[0m[2m:[0m incoming body completed
[2m2025-12-10T10:19:09.542090Z[0m [34mDEBUG[0m [2mhyper::client::pool[0m[2m:[0m pooling idle connection for ("http", 192.168.0.14:8545)
[2m2025-12-10T10:19:09.542137Z[0m [34mDEBUG[0m [2mhyper::client::pool[0m[2m:[0m reuse idle connection for ("http", 192.168.0.14:8545)
[2m2025-12-10T10:19:09.542171Z[0m [34mDEBUG[0m [2mhyper::proto::h1::io[0m[2m:[0m flushed 172 bytes
[2m2025-12-10T10:19:09.545775Z[0m [34mDEBUG[0m [2mhyper::proto::h1::io[0m[2m:[0m parsed 4 headers
[2m2025-12-10T10:19:09.545797Z[0m [34mDEBUG[0m [2mhyper::proto::h1::conn[0m[2m:[0m incoming body is content-length (45 bytes)
[2m2025-12-10T10:19:09.545805Z[0m [34mDEBUG[0m [2mhyper::proto::h1::conn[0m[2m:[0m incoming body completed
[2m2025-12-10T10:19:09.545813Z[0m [34mDEBUG[0m [2mhyper::client::pool[0m[2m:[0m pooling idle connection for ("http", 192.168.0.14:8545)
[2m2025-12-10T10:19:09.545834Z[0m [34mDEBUG[0m [2mhyper::client::pool[0m[2m:[0m reuse idle connection for ("http", 192.168.0.14:8545)
[2m2025-12-10T10:19:09.545902Z[0m [34mDEBUG[0m [2mhyper::proto::h1::io[0m[2m:[0m flushed 172 bytes
[2m2025-12-10T10:19:09.549805Z[0m [34mDEBUG[0m [2mhyper::proto::h1::io[0m[2m:[0m parsed 4 headers
[2m2025-12-10T10:19:09.549830Z[0m [34mDEBUG[0m [2mhyper::proto::h1::conn[0m[2m:[0m incoming body is content-length (45 bytes)
[2m2025-12-10T10:19:09.549837Z[0m [34mDEBUG[0m [2mhyper::proto::h1::conn[0m[2m:[0m incoming body completed
[2m2025-12-10T10:19:09.549852Z[0m [34mDEBUG[0m [2mhyper::client::pool[0m[2m:[0m pooling idle connection for ("http", 192.168.0.14:8545)
[2m2025-12-10T10:19:09.550009Z[0m [34mDEBUG[0m [2mhyper::client::pool[0m[2m:[0m reuse idle connection for ("http", 192.168.0.14:8545)
[2m2025-12-10T10:19:09.550041Z[0m [34mDEBUG[0m [2mhyper::proto::h1::io[0m[2m:[0m flushed 172 bytes
[2m2025-12-10T10:19:09.553881Z[0m [34mDEBUG[0m [2mhyper::proto::h1::io[0m[2m:[0m parsed 4 headers
[2m2025-12-10T10:19:09.553918Z[0m [34mDEBUG[0m [2mhyper::proto::h1::conn[0m[2m:[0m incoming body is content-length (45 bytes)
[2m2025-12-10T10:19:09.553926Z[0m [34mDEBUG[0m [2mhyper::proto::h1::conn[0m[2m:[0m incoming body completed
[2m2025-12-10T10:19:09.553976Z[0m [34mDEBUG[0m [2mhyper::client::pool[0m[2m:[0m pooling idle connection for ("http", 192.168.0.14:8545)
[2m2025-12-10T10:19:09.554108Z[0m [34mDEBUG[0m [2mhyper::client::pool[0m[2m:[0m reuse idle connection for ("http", 192.168.0.14:8545)
[2m2025-12-10T10:19:09.554144Z[0m [34mDEBUG[0m [2mhyper::proto::h1::io[0m[2m:[0m flushed 172 bytes
[2m2025-12-10T10:19:09.558048Z[0m [34mDEBUG[0m [2mhyper::proto::h1::io[0m[2m:[0m parsed 4 headers
[2m2025-12-10T10:19:09.558063Z[0m [34mDEBUG[0m [2mhyper::proto::h1::conn[0m[2m:[0m incoming body is content-length (45 bytes)
[2m2025-12-10T10:19:09.558071Z[0m [34mDEBUG[0m [2mhyper::proto::h1::conn[0m[2m:[0m incoming body completed
[2m2025-12-10T10:19:09.558124Z[0m [34mDEBUG[0m [2mhyper::client::pool[0m[2m:[0m pooling idle connection for ("http", 192.168.0.14:8545)
[2m2025-12-10T10:19:09.558409Z[0m [34mDEBUG[0m [2mhyper::client::pool[0m[2m:[0m reuse idle connection for ("http", 192.168.0.14:8545)
[2m2025-12-10T10:19:09.558461Z[0m [34mDEBUG[0m [2mhyper::proto::h1::io[0m[2m:[0m flushed 172 bytes
[2m2025-12-10T10:19:09.563529Z[0m [34mDEBUG[0m [2mhyper::proto::h1::io[0m[2m:[0m parsed 4 headers
[2m2025-12-10T10:19:09.563557Z[0m [34mDEBUG[0m [2mhyper::proto::h1::conn[0m[2m:[0m incoming body is content-length (45 bytes)
[2m2025-12-10T10:19:09.563566Z[0m [34mDEBUG[0m [2mhyper::proto::h1::conn[0m[2m:[0m incoming body completed
[2m2025-12-10T10:19:09.563576Z[0m [34mDEBUG[0m [2mhyper::client::pool[0m[2m:[0m pooling idle connection for ("http", 192.168.0.14:8545)
[2m2025-12-10T10:19:09.563601Z[0m [34mDEBUG[0m [2mhyper::client::pool[0m[2m:[0m reuse idle connection for ("http", 192.168.0.14:8545)
[2m2025-12-10T10:19:09.563880Z[0m [34mDEBUG[0m [2mhyper::proto::h1::io[0m[2m:[0m flushed 172 bytes
[2m2025-12-10T10:19:09.567796Z[0m [34mDEBUG[0m [2mhyper::proto::h1::io[0m[2m:[0m parsed 4 headers
[2m2025-12-10T10:19:09.567812Z[0m [34mDEBUG[0m [2mhyper::proto::h1::conn[0m[2m:[0m incoming body is content-length (45 bytes)
[2m2025-12-10T10:19:09.567821Z[0m [34mDEBUG[0m [2mhyper::proto::h1::conn[0m[2m:[0m incoming body completed
[2m2025-12-10T10:19:09.567831Z[0m [34mDEBUG[0m [2mhyper::client::pool[0m[2m:[0m pooling idle connection for ("http", 192.168.0.14:8545)
[2m2025-12-10T10:19:09.567854Z[0m [34mDEBUG[0m [2mhyper::client::pool[0m[2m:[0m reuse idle connection for ("http", 192.168.0.14:8545)
[2m2025-12-10T10:19:09.567885Z[0m [34mDEBUG[0m [2mhyper::proto::h1::io[0m[2m:[0m flushed 172 bytes
[2m2025-12-10T10:19:09.572510Z[0m [34mDEBUG[0m [2mhyper::proto::h1::io[0m[2m:[0m parsed 4 headers
[2m2025-12-10T10:19:09.572560Z[0m [34mDEBUG[0m [2mhyper::proto::h1::conn[0m[2m:[0m incoming body is content-length (45 bytes)
[2m2025-12-10T10:19:09.572574Z[0m [34mDEBUG[0m [2mhyper::proto::h1::conn[0m[2m:[0m incoming body completed
[2m2025-12-10T10:19:09.572626Z[0m [34mDEBUG[0m [2mhyper::client::pool[0m[2m:[0m pooling idle connection for ("http", 192.168.0.14:8545)
[2m2025-12-10T10:19:09.572652Z[0m [34mDEBUG[0m [2mhyper::client::pool[0m[2m:[0m reuse idle connection for ("http", 192.168.0.14:8545)
[2m2025-12-10T10:19:09.572772Z[0m [34mDEBUG[0m [2mhyper::proto::h1::io[0m[2m:[0m flushed 172 bytes
[2m2025-12-10T10:19:09.583495Z[0m [34mDEBUG[0m [2mhyper::proto::h1::io[0m[2m:[0m parsed 4 headers
[2m2025-12-10T10:19:09.583515Z[0m [34mDEBUG[0m [2mhyper::proto::h1::conn[0m[2m:[0m incoming body is content-length (45 bytes)
[2m2025-12-10T10:19:09.583523Z[0m [34mDEBUG[0m [2mhyper::proto::h1::conn[0m[2m:[0m incoming body completed
[2m2025-12-10T10:19:09.583533Z[0m [34mDEBUG[0m [2mhyper::client::pool[0m[2m:[0m pooling idle connection for ("http", 192.168.0.14:8545)
[2m2025-12-10T10:19:09.583629Z[0m [34mDEBUG[0m [2mhyper::client::pool[0m[2m:[0m reuse idle connection for ("http", 192.168.0.14:8545)
[2m2025-12-10T10:19:09.583869Z[0m [34mDEBUG[0m [2mhyper::proto::h1::io[0m[2m:[0m flushed 172 bytes
[2m2025-12-10T10:19:09.587594Z[0m [34mDEBUG[0m [2mhyper::proto::h1::io[0m[2m:[0m parsed 4 headers
[2m2025-12-10T10:19:09.587605Z[0m [34mDEBUG[0m [2mhyper::proto::h1::conn[0m[2m:[0m incoming body is content-length (45 bytes)
[2m2025-12-10T10:19:09.587625Z[0m [34mDEBUG[0m [2mhyper::proto::h1::conn[0m[2m:[0m incoming body completed
[2m2025-12-10T10:19:09.587635Z[0m [34mDEBUG[0m [2mhyper::client::pool[0m[2m:[0m pooling idle connection for ("http", 192.168.0.14:8545)
[2m2025-12-10T10:19:09.587654Z[0m [34mDEBUG[0m [2mhyper::client::pool[0m[2m:[0m reuse idle connection for ("http", 192.168.0.14:8545)
[2m2025-12-10T10:19:09.587677Z[0m [34mDEBUG[0m [2mhyper::proto::h1::io[0m[2m:[0m flushed 172 bytes
[2m2025-12-10T10:19:09.592510Z[0m [34mDEBUG[0m [2mhyper::proto::h1::io[0m[2m:[0m parsed 4 headers
[2m2025-12-10T10:19:09.592518Z[0m [34mDEBUG[0m [2mhyper::proto::h1::conn[0m[2m:[0m incoming body is content-length (45 bytes)
[2m2025-12-10T10:19:09.592524Z[0m [34mDEBUG[0m [2mhyper::proto::h1::conn[0m[2m:[0m incoming body completed
[2m2025-12-10T10:19:09.592533Z[0m [34mDEBUG[0m [2mhyper::client::pool[0m[2m:[0m pooling idle connection for ("http", 192.168.0.14:8545)
[2m2025-12-10T10:19:09.592552Z[0m [34mDEBUG[0m [2mhyper::client::pool[0m[2m:[0m reuse idle connection for ("http", 192.168.0.14:8545)
[2m2025-12-10T10:19:09.592575Z[0m [34mDEBUG[0m [2mhyper::proto::h1::io[0m[2m:[0m flushed 172 bytes
[2m2025-12-10T10:19:09.597008Z[0m [34mDEBUG[0m [2mhyper::proto::h1::io[0m[2m:[0m parsed 4 headers
[2m2025-12-10T10:19:09.597313Z[0m [34mDEBUG[0m [2mhyper::proto::h1::conn[0m[2m:[0m incoming body is content-length (45 bytes)
[2m2025-12-10T10:19:09.597322Z[0m [34mDEBUG[0m [2mhyper::proto::h1::conn[0m[2m:[0m incoming body completed
[2m2025-12-10T10:19:09.597371Z[0m [34mDEBUG[0m [2mhyper::client::pool[0m[2m:[0m pooling idle connection for ("http", 192.168.0.14:8545)
[2m2025-12-10T10:19:09.597426Z[0m [34mDEBUG[0m [2mhyper::client::pool[0m[2m:[0m reuse idle connection for ("http", 192.168.0.14:8545)
[2m2025-12-10T10:19:09.597453Z[0m [34mDEBUG[0m [2mhyper::proto::h1::io[0m[2m:[0m flushed 172 bytes
[2m2025-12-10T10:19:09.603060Z[0m [34mDEBUG[0m [2mhyper::proto::h1::io[0m[2m:[0m parsed 4 headers
[2m2025-12-10T10:19:09.603077Z[0m [34mDEBUG[0m [2mhyper::proto::h1::conn[0m[2m:[0m incoming body is content-length (45 bytes)
[2m2025-12-10T10:19:09.603084Z[0m [34mDEBUG[0m [2mhyper::proto::h1::conn[0m[2m:[0m incoming body completed
[2m2025-12-10T10:19:09.603118Z[0m [34mDEBUG[0m [2mhyper::client::pool[0m[2m:[0m pooling idle connection for ("http", 192.168.0.14:8545)
[2m2025-12-10T10:19:09.603343Z[0m [34mDEBUG[0m [2mhyper::client::pool[0m[2m:[0m reuse idle connection for ("http", 192.168.0.14:8545)
[2m2025-12-10T10:19:09.603381Z[0m [34mDEBUG[0m [2mhyper::proto::h1::io[0m[2m:[0m flushed 172 bytes
[2m2025-12-10T10:19:09.608152Z[0m [34mDEBUG[0m [2mhyper::proto::h1::io[0m[2m:[0m parsed 4 headers
[2m2025-12-10T10:19:09.608435Z[0m [34mDEBUG[0m [2mhyper::proto::h1::conn[0m[2m:[0m incoming body is content-length (45 bytes)
[2m2025-12-10T10:19:09.608445Z[0m [34mDEBUG[0m [2mhyper::proto::h1::conn[0m[2m:[0m incoming body completed
[2m2025-12-10T10:19:09.608478Z[0m [34mDEBUG[0m [2mhyper::client::pool[0m[2m:[0m pooling idle connection for ("http", 192.168.0.14:8545)
[2m2025-12-10T10:19:09.608500Z[0m [34mDEBUG[0m [2mhyper::client::pool[0m[2m:[0m reuse idle connection for ("http", 192.168.0.14:8545)
[2m2025-12-10T10:19:09.608541Z[0m [34mDEBUG[0m [2mhyper::proto::h1::io[0m[2m:[0m flushed 172 bytes
[2m2025-12-10T10:19:09.611887Z[0m [34mDEBUG[0m [2mhyper::proto::h1::io[0m[2m:[0m parsed 4 headers
[2m2025-12-10T10:19:09.611906Z[0m [34mDEBUG[0m [2mhyper::proto::h1::conn[0m[2m:[0m incoming body is content-length (45 bytes)
[2m2025-12-10T10:19:09.611915Z[0m [34mDEBUG[0m [2mhyper::proto::h1::conn[0m[2m:[0m incoming body completed
[2m2025-12-10T10:19:09.611927Z[0m [34mDEBUG[0m [2mhyper::client::pool[0m[2m:[0m pooling idle connection for ("http", 192.168.0.14:8545)
[2m2025-12-10T10:19:09.611954Z[0m [34mDEBUG[0m [2mhyper::client::pool[0m[2m:[0m reuse idle connection for ("http", 192.168.0.14:8545)
[2m2025-12-10T10:19:09.612040Z[0m [34mDEBUG[0m [2mhyper::proto::h1::io[0m[2m:[0m flushed 172 bytes
[2m2025-12-10T10:19:09.616143Z[0m [34mDEBUG[0m [2mhyper::proto::h1::io[0m[2m:[0m parsed 4 headers
[2m2025-12-10T10:19:09.616155Z[0m [34mDEBUG[0m [2mhyper::proto::h1::conn[0m[2m:[0m incoming body is content-length (45 bytes)
[2m2025-12-10T10:19:09.616291Z[0m [34mDEBUG[0m [2mhyper::proto::h1::conn[0m[2m:[0m incoming body completed
[2m2025-12-10T10:19:09.616306Z[0m [34mDEBUG[0m [2mhyper::client::pool[0m[2m:[0m pooling idle connection for ("http", 192.168.0.14:8545)
[2m2025-12-10T10:19:09.616330Z[0m [34mDEBUG[0m [2mhyper::client::pool[0m[2m:[0m reuse idle connection for ("http", 192.168.0.14:8545)
[2m2025-12-10T10:19:09.616427Z[0m [34mDEBUG[0m [2mhyper::proto::h1::io[0m[2m:[0m flushed 172 bytes
[2m2025-12-10T10:19:09.621558Z[0m [34mDEBUG[0m [2mhyper::proto::h1::io[0m[2m:[0m parsed 4 headers
[2m2025-12-10T10:19:09.621589Z[0m [34mDEBUG[0m [2mhyper::proto::h1::conn[0m[2m:[0m incoming body is content-length (45 bytes)
[2m2025-12-10T10:19:09.621609Z[0m [34mDEBUG[0m [2mhyper::proto::h1::conn[0m[2m:[0m incoming body completed
[2m2025-12-10T10:19:09.621634Z[0m [34mDEBUG[0m [2mhyper::client::pool[0m[2m:[0m pooling idle connection for ("http", 192.168.0.14:8545)
[2m2025-12-10T10:19:09.621659Z[0m [34mDEBUG[0m [2mhyper::client::pool[0m[2m:[0m reuse idle connection for ("http", 192.168.0.14:8545)
[2m2025-12-10T10:19:09.621747Z[0m [34mDEBUG[0m [2mhyper::proto::h1::io[0m[2m:[0m flushed 172 bytes
[2m2025-12-10T10:19:09.625079Z[0m [34mDEBUG[0m [2mhyper::proto::h1::io[0m[2m:[0m parsed 4 headers
[2m2025-12-10T10:19:09.625096Z[0m [34mDEBUG[0m [2mhyper::proto::h1::conn[0m[2m:[0m incoming body is content-length (45 bytes)
[2m2025-12-10T10:19:09.625105Z[0m [34mDEBUG[0m [2mhyper::proto::h1::conn[0m[2m:[0m incoming body completed
[2m2025-12-10T10:19:09.626039Z[0m [34mDEBUG[0m [2mhyper::client::pool[0m[2m:[0m pooling idle connection for ("http", 192.168.0.14:8545)
[2m2025-12-10T10:19:09.626069Z[0m [34mDEBUG[0m [2mhyper::client::pool[0m[2m:[0m reuse idle connection for ("http", 192.168.0.14:8545)
[2m2025-12-10T10:19:09.626181Z[0m [34mDEBUG[0m [2mhyper::proto::h1::io[0m[2m:[0m flushed 172 bytes
[2m2025-12-10T10:19:09.638336Z[0m [34mDEBUG[0m [2mhyper::proto::h1::io[0m[2m:[0m parsed 4 headers
[2m2025-12-10T10:19:09.638351Z[0m [34mDEBUG[0m [2mhyper::proto::h1::conn[0m[2m:[0m incoming body is content-length (45 bytes)
[2m2025-12-10T10:19:09.638359Z[0m [34mDEBUG[0m [2mhyper::proto::h1::conn[0m[2m:[0m incoming body completed
[2m2025-12-10T10:19:09.638370Z[0m [34mDEBUG[0m [2mhyper::client::pool[0m[2m:[0m pooling idle connection for ("http", 192.168.0.14:8545)
[2m2025-12-10T10:19:09.638568Z[0m [34mDEBUG[0m [2mhyper::client::pool[0m[2m:[0m reuse idle connection for ("http", 192.168.0.14:8545)
[2m2025-12-10T10:19:09.638620Z[0m [34mDEBUG[0m [2mhyper::proto::h1::io[0m[2m:[0m flushed 172 bytes
[2m2025-12-10T10:19:09.641645Z[0m [34mDEBUG[0m [2mhyper::proto::h1::io[0m[2m:[0m parsed 4 headers
[2m2025-12-10T10:19:09.641653Z[0m [34mDEBUG[0m [2mhyper::proto::h1::conn[0m[2m:[0m incoming body is content-length (45 bytes)
[2m2025-12-10T10:19:09.641660Z[0m [34mDEBUG[0m [2mhyper::proto::h1::conn[0m[2m:[0m incoming body completed
[2m2025-12-10T10:19:09.641666Z[0m [34mDEBUG[0m [2mhyper::client::pool[0m[2m:[0m pooling idle connection for ("http", 192.168.0.14:8545)
[2m2025-12-10T10:19:09.641681Z[0m [34mDEBUG[0m [2mhyper::client::pool[0m[2m:[0m reuse idle connection for ("http", 192.168.0.14:8545)
[2m2025-12-10T10:19:09.641698Z[0m [34mDEBUG[0m [2mhyper::proto::h1::io[0m[2m:[0m flushed 172 bytes
[2m2025-12-10T10:19:09.645422Z[0m [34mDEBUG[0m [2mhyper::proto::h1::io[0m[2m:[0m parsed 4 headers
[2m2025-12-10T10:19:09.645431Z[0m [34mDEBUG[0m [2mhyper::proto::h1::conn[0m[2m:[0m incoming body is content-length (45 bytes)
[2m2025-12-10T10:19:09.645437Z[0m [34mDEBUG[0m [2mhyper::proto::h1::conn[0m[2m:[0m incoming body completed
[2m2025-12-10T10:19:09.645444Z[0m [34mDEBUG[0m [2mhyper::client::pool[0m[2m:[0m pooling idle connection for ("http", 192.168.0.14:8545)
[2m2025-12-10T10:19:09.645461Z[0m [34mDEBUG[0m [2mhyper::client::pool[0m[2m:[0m reuse idle connection for ("http", 192.168.0.14:8545)
[2m2025-12-10T10:19:09.645483Z[0m [34mDEBUG[0m [2mhyper::proto::h1::io[0m[2m:[0m flushed 172 bytes
[2m2025-12-10T10:19:09.649095Z[0m [34mDEBUG[0m [2mhyper::proto::h1::io[0m[2m:[0m parsed 4 headers
[2m2025-12-10T10:19:09.649103Z[0m [34mDEBUG[0m [2mhyper::proto::h1::conn[0m[2m:[0m incoming body is content-length (45 bytes)
[2m2025-12-10T10:19:09.649108Z[0m [34mDEBUG[0m [2mhyper::proto::h1::conn[0m[2m:[0m incoming body completed
[2m2025-12-10T10:19:09.649114Z[0m [34mDEBUG[0m [2mhyper::client::pool[0m[2m:[0m pooling idle connection for ("http", 192.168.0.14:8545)
[2m2025-12-10T10:19:09.649133Z[0m [34mDEBUG[0m [2mhyper::client::pool[0m[2m:[0m reuse idle connection for ("http", 192.168.0.14:8545)
[2m2025-12-10T10:19:09.649171Z[0m [34mDEBUG[0m [2mhyper::proto::h1::io[0m[2m:[0m flushed 172 bytes
[2m2025-12-10T10:19:09.653053Z[0m [34mDEBUG[0m [2mhyper::proto::h1::io[0m[2m:[0m parsed 4 headers
[2m2025-12-10T10:19:09.653069Z[0m [34mDEBUG[0m [2mhyper::proto::h1::conn[0m[2m:[0m incoming body is content-length (45 bytes)
[2m2025-12-10T10:19:09.653075Z[0m [34mDEBUG[0m [2mhyper::proto::h1::conn[0m[2m:[0m incoming body completed
[2m2025-12-10T10:19:09.653087Z[0m [34mDEBUG[0m [2mhyper::client::pool[0m[2m:[0m pooling idle connection for ("http", 192.168.0.14:8545)
[2m2025-12-10T10:19:09.653144Z[0m [34mDEBUG[0m [2mhyper::client::pool[0m[2m:[0m reuse idle connection for ("http", 192.168.0.14:8545)
[2m2025-12-10T10:19:09.653195Z[0m [34mDEBUG[0m [2mhyper::proto::h1::io[0m[2m:[0m flushed 172 bytes
[2m2025-12-10T10:19:09.657684Z[0m [34mDEBUG[0m [2mhyper::proto::h1::io[0m[2m:[0m parsed 4 headers
[2m2025-12-10T10:19:09.657695Z[0m [34mDEBUG[0m [2mhyper::proto::h1::conn[0m[2m:[0m incoming body is content-length (45 bytes)
[2m2025-12-10T10:19:09.657703Z[0m [34mDEBUG[0m [2mhyper::proto::h1::conn[0m[2m:[0m incoming body completed
[2m2025-12-10T10:19:09.657713Z[0m [34mDEBUG[0m [2mhyper::client::pool[0m[2m:[0m pooling idle connection for ("http", 192.168.0.14:8545)
[2m2025-12-10T10:19:09.657735Z[0m [34mDEBUG[0m [2mhyper::client::pool[0m[2m:[0m reuse idle connection for ("http", 192.168.0.14:8545)
[2m2025-12-10T10:19:09.657792Z[0m [34mDEBUG[0m [2mhyper::proto::h1::io[0m[2m:[0m flushed 172 bytes
[2m2025-12-10T10:19:09.662005Z[0m [34mDEBUG[0m [2mhyper::proto::h1::io[0m[2m:[0m parsed 4 headers
[2m2025-12-10T10:19:09.662012Z[0m [34mDEBUG[0m [2mhyper::proto::h1::conn[0m[2m:[0m incoming body is content-length (45 bytes)
[2m2025-12-10T10:19:09.662018Z[0m [34mDEBUG[0m [2mhyper::proto::h1::conn[0m[2m:[0m incoming body completed
[2m2025-12-10T10:19:09.662024Z[0m [34mDEBUG[0m [2mhyper::client::pool[0m[2m:[0m pooling idle connection for ("http", 192.168.0.14:8545)
[2m2025-12-10T10:19:09.662041Z[0m [34mDEBUG[0m [2mhyper::client::pool[0m[2m:[0m reuse idle connection for ("http", 192.168.0.14:8545)
[2m2025-12-10T10:19:09.662061Z[0m [34mDEBUG[0m [2mhyper::proto::h1::io[0m[2m:[0m flushed 172 bytes
[2m2025-12-10T10:19:09.698914Z[0m [34mDEBUG[0m [2mhyper::proto::h1::io[0m[2m:[0m parsed 4 headers
[2m2025-12-10T10:19:09.699140Z[0m [34mDEBUG[0m [2mhyper::proto::h1::conn[0m[2m:[0m incoming body is content-length (45 bytes)
[2m2025-12-10T10:19:09.699195Z[0m [34mDEBUG[0m [2mhyper::proto::h1::conn[0m[2m:[0m incoming body completed
[2m2025-12-10T10:19:09.699215Z[0m [34mDEBUG[0m [2mhyper::client::pool[0m[2m:[0m pooling idle connection for ("http", 192.168.0.14:8545)
[2m2025-12-10T10:19:09.699922Z[0m [34mDEBUG[0m [2mhyper::client::pool[0m[2m:[0m reuse idle connection for ("http", 192.168.0.14:8545)
[2m2025-12-10T10:19:09.700010Z[0m [34mDEBUG[0m [2mhyper::proto::h1::io[0m[2m:[0m flushed 172 bytes
[2m2025-12-10T10:19:09.705063Z[0m [34mDEBUG[0m [2mhyper::proto::h1::io[0m[2m:[0m parsed 4 headers
[2m2025-12-10T10:19:09.705089Z[0m [34mDEBUG[0m [2mhyper::proto::h1::conn[0m[2m:[0m incoming body is content-length (45 bytes)
[2m2025-12-10T10:19:09.705097Z[0m [34mDEBUG[0m [2mhyper::proto::h1::conn[0m[2m:[0m incoming body completed
[2m2025-12-10T10:19:09.705128Z[0m [34mDEBUG[0m [2mhyper::client::pool[0m[2m:[0m pooling idle connection for ("http", 192.168.0.14:8545)
[2m2025-12-10T10:19:09.705219Z[0m [34mDEBUG[0m [2mhyper::client::pool[0m[2m:[0m reuse idle connection for ("http", 192.168.0.14:8545)
[2m2025-12-10T10:19:09.705297Z[0m [34mDEBUG[0m [2mhyper::proto::h1::io[0m[2m:[0m flushed 172 bytes
[2m2025-12-10T10:19:09.713467Z[0m [34mDEBUG[0m [2mhyper::proto::h1::io[0m[2m:[0m parsed 4 headers
[2m2025-12-10T10:19:09.713632Z[0m [34mDEBUG[0m [2mhyper::proto::h1::conn[0m[2m:[0m incoming body is content-length (45 bytes)
[2m2025-12-10T10:19:09.715468Z[0m [34mDEBUG[0m [2mhyper::proto::h1::conn[0m[2m:[0m incoming body completed
[2m2025-12-10T10:19:09.715485Z[0m [34mDEBUG[0m [2mhyper::client::pool[0m[2m:[0m pooling idle connection for ("http", 192.168.0.14:8545)
[2m2025-12-10T10:19:09.715513Z[0m [34mDEBUG[0m [2mhyper::client::pool[0m[2m:[0m reuse idle connection for ("http", 192.168.0.14:8545)
[2m2025-12-10T10:19:09.716187Z[0m [34mDEBUG[0m [2mhyper::proto::h1::io[0m[2m:[0m flushed 172 bytes
[2m2025-12-10T10:19:09.720902Z[0m [34mDEBUG[0m [2mhyper::proto::h1::io[0m[2m:[0m parsed 4 headers
[2m2025-12-10T10:19:09.720915Z[0m [34mDEBUG[0m [2mhyper::proto::h1::conn[0m[2m:[0m incoming body is content-length (45 bytes)
[2m2025-12-10T10:19:09.720924Z[0m [34mDEBUG[0m [2mhyper::proto::h1::conn[0m[2m:[0m incoming body completed
[2m2025-12-10T10:19:09.720936Z[0m [34mDEBUG[0m [2mhyper::client::pool[0m[2m:[0m pooling idle connection for ("http", 192.168.0.14:8545)
[2m2025-12-10T10:19:09.720973Z[0m [34mDEBUG[0m [2mhyper::client::pool[0m[2m:[0m reuse idle connection for ("http", 192.168.0.14:8545)
[2m2025-12-10T10:19:09.721005Z[0m [34mDEBUG[0m [2mhyper::proto::h1::io[0m[2m:[0m flushed 172 bytes
[2m2025-12-10T10:19:09.726303Z[0m [34mDEBUG[0m [2mhyper::proto::h1::io[0m[2m:[0m parsed 4 headers
[2m2025-12-10T10:19:09.730739Z[0m [34mDEBUG[0m [2mhyper::proto::h1::conn[0m[2m:[0m incoming body is content-length (45 bytes)
[2m2025-12-10T10:19:09.730753Z[0m [34mDEBUG[0m [2mhyper::proto::h1::conn[0m[2m:[0m incoming body completed
[2m2025-12-10T10:19:09.730769Z[0m [34mDEBUG[0m [2mhyper::client::pool[0m[2m:[0m pooling idle connection for ("http", 192.168.0.14:8545)
[2m2025-12-10T10:19:09.730800Z[0m [34mDEBUG[0m [2mhyper::client::pool[0m[2m:[0m reuse idle connection for ("http", 192.168.0.14:8545)
[2m2025-12-10T10:19:09.730840Z[0m [34mDEBUG[0m [2mhyper::proto::h1::io[0m[2m:[0m flushed 172 bytes
[2m2025-12-10T10:19:09.735358Z[0m [34mDEBUG[0m [2mhyper::proto::h1::io[0m[2m:[0m parsed 4 headers
[2m2025-12-10T10:19:09.735364Z[0m [34mDEBUG[0m [2mhyper::proto::h1::conn[0m[2m:[0m incoming body is content-length (45 bytes)
[2m2025-12-10T10:19:09.735370Z[0m [34mDEBUG[0m [2mhyper::proto::h1::conn[0m[2m:[0m incoming body completed
[2m2025-12-10T10:19:09.735377Z[0m [34mDEBUG[0m [2mhyper::client::pool[0m[2m:[0m pooling idle connection for ("http", 192.168.0.14:8545)
[2m2025-12-10T10:19:09.735394Z[0m [34mDEBUG[0m [2mhyper::client::pool[0m[2m:[0m reuse idle connection for ("http", 192.168.0.14:8545)
[2m2025-12-10T10:19:09.735412Z[0m [34mDEBUG[0m [2mhyper::proto::h1::io[0m[2m:[0m flushed 172 bytes
[2m2025-12-10T10:19:09.741499Z[0m [34mDEBUG[0m [2mhyper::proto::h1::io[0m[2m:[0m parsed 4 headers
[2m2025-12-10T10:19:09.741509Z[0m [34mDEBUG[0m [2mhyper::proto::h1::conn[0m[2m:[0m incoming body is content-length (45 bytes)
[2m2025-12-10T10:19:09.741517Z[0m [34mDEBUG[0m [2mhyper::proto::h1::conn[0m[2m:[0m incoming body completed
[2m2025-12-10T10:19:09.741526Z[0m [34mDEBUG[0m [2mhyper::client::pool[0m[2m:[0m pooling idle connection for ("http", 192.168.0.14:8545)
[2m2025-12-10T10:19:09.741544Z[0m [34mDEBUG[0m [2mhyper::client::pool[0m[2m:[0m reuse idle connection for ("http", 192.168.0.14:8545)
[2m2025-12-10T10:19:09.741565Z[0m [34mDEBUG[0m [2mhyper::proto::h1::io[0m[2m:[0m flushed 172 bytes
[2m2025-12-10T10:19:09.748357Z[0m [34mDEBUG[0m [2mhyper::proto::h1::io[0m[2m:[0m parsed 4 headers
[2m2025-12-10T10:19:09.748374Z[0m [34mDEBUG[0m [2mhyper::proto::h1::conn[0m[2m:[0m incoming body is content-length (45 bytes)
[2m2025-12-10T10:19:09.748381Z[0m [34mDEBUG[0m [2mhyper::proto::h1::conn[0m[2m:[0m incoming body completed
[2m2025-12-10T10:19:09.748392Z[0m [34mDEBUG[0m [2mhyper::client::pool[0m[2m:[0m pooling idle connection for ("http", 192.168.0.14:8545)
[2m2025-12-10T10:19:09.748414Z[0m [34mDEBUG[0m [2mhyper::client::pool[0m[2m:[0m reuse idle connection for ("http", 192.168.0.14:8545)
[2m2025-12-10T10:19:09.748441Z[0m [34mDEBUG[0m [2mhyper::proto::h1::io[0m[2m:[0m flushed 172 bytes
[2m2025-12-10T10:19:09.753987Z[0m [34mDEBUG[0m [2mhyper::proto::h1::io[0m[2m:[0m parsed 4 headers
[2m2025-12-10T10:19:09.753996Z[0m [34mDEBUG[0m [2mhyper::proto::h1::conn[0m[2m:[0m incoming body is content-length (45 bytes)
[2m2025-12-10T10:19:09.754002Z[0m [34mDEBUG[0m [2mhyper::proto::h1::conn[0m[2m:[0m incoming body completed
[2m2025-12-10T10:19:09.754010Z[0m [34mDEBUG[0m [2mhyper::client::pool[0m[2m:[0m pooling idle connection for ("http", 192.168.0.14:8545)
[2m2025-12-10T10:19:09.754029Z[0m [34mDEBUG[0m [2mhyper::client::pool[0m[2m:[0m reuse idle connection for ("http", 192.168.0.14:8545)
[2m2025-12-10T10:19:09.754050Z[0m [34mDEBUG[0m [2mhyper::proto::h1::io[0m[2m:[0m flushed 172 bytes
[2m2025-12-10T10:19:09.757948Z[0m [34mDEBUG[0m [2mhyper::proto::h1::io[0m[2m:[0m parsed 4 headers
[2m2025-12-10T10:19:09.757954Z[0m [34mDEBUG[0m [2mhyper::proto::h1::conn[0m[2m:[0m incoming body is content-length (45 bytes)
[2m2025-12-10T10:19:09.757960Z[0m [34mDEBUG[0m [2mhyper::proto::h1::conn[0m[2m:[0m incoming body completed
[2m2025-12-10T10:19:09.757965Z[0m [34mDEBUG[0m [2mhyper::client::pool[0m[2m:[0m pooling idle connection for ("http", 192.168.0.14:8545)
[2m2025-12-10T10:19:09.757979Z[0m [34mDEBUG[0m [2mhyper::client::pool[0m[2m:[0m reuse idle connection for ("http", 192.168.0.14:8545)
[2m2025-12-10T10:19:09.757995Z[0m [34mDEBUG[0m [2mhyper::proto::h1::io[0m[2m:[0m flushed 172 bytes
[2m2025-12-10T10:19:09.761736Z[0m [34mDEBUG[0m [2mhyper::proto::h1::io[0m[2m:[0m parsed 4 headers
[2m2025-12-10T10:19:09.761743Z[0m [34mDEBUG[0m [2mhyper::proto::h1::conn[0m[2m:[0m incoming body is content-length (45 bytes)
[2m2025-12-10T10:19:09.761748Z[0m [34mDEBUG[0m [2mhyper::proto::h1::conn[0m[2m:[0m incoming body completed
[2m2025-12-10T10:19:09.761753Z[0m [34mDEBUG[0m [2mhyper::client::pool[0m[2m:[0m pooling idle connection for ("http", 192.168.0.14:8545)
[2m2025-12-10T10:19:09.761765Z[0m [34mDEBUG[0m [2mhyper::client::pool[0m[2m:[0m reuse idle connection for ("http", 192.168.0.14:8545)
[2m2025-12-10T10:19:09.761780Z[0m [34mDEBUG[0m [2mhyper::proto::h1::io[0m[2m:[0m flushed 172 bytes
[2m2025-12-10T10:19:09.768341Z[0m [34mDEBUG[0m [2mhyper::proto::h1::io[0m[2m:[0m parsed 4 headers
[2m2025-12-10T10:19:09.768349Z[0m [34mDEBUG[0m [2mhyper::proto::h1::conn[0m[2m:[0m incoming body is content-length (45 bytes)
[2m2025-12-10T10:19:09.768355Z[0m [34mDEBUG[0m [2mhyper::proto::h1::conn[0m[2m:[0m incoming body completed
[2m2025-12-10T10:19:09.768361Z[0m [34mDEBUG[0m [2mhyper::client::pool[0m[2m:[0m pooling idle connection for ("http", 192.168.0.14:8545)
[2m2025-12-10T10:19:09.768374Z[0m [34mDEBUG[0m [2mhyper::client::pool[0m[2m:[0m reuse idle connection for ("http", 192.168.0.14:8545)
[2m2025-12-10T10:19:09.768391Z[0m [34mDEBUG[0m [2mhyper::proto::h1::io[0m[2m:[0m flushed 172 bytes
[2m2025-12-10T10:19:09.782548Z[0m [34mDEBUG[0m [2mhyper::proto::h1::io[0m[2m:[0m parsed 4 headers
[2m2025-12-10T10:19:09.783238Z[0m [34mDEBUG[0m [2mhyper::proto::h1::conn[0m[2m:[0m incoming body is content-length (45 bytes)
[2m2025-12-10T10:19:09.783257Z[0m [34mDEBUG[0m [2mhyper::proto::h1::conn[0m[2m:[0m incoming body completed
[2m2025-12-10T10:19:09.783273Z[0m [34mDEBUG[0m [2mhyper::client::pool[0m[2m:[0m pooling idle connection for ("http", 192.168.0.14:8545)
[2m2025-12-10T10:19:09.783305Z[0m [34mDEBUG[0m [2mhyper::client::pool[0m[2m:[0m reuse idle connection for ("http", 192.168.0.14:8545)
[2m2025-12-10T10:19:09.783355Z[0m [34mDEBUG[0m [2mhyper::proto::h1::io[0m[2m:[0m flushed 172 bytes
[2m2025-12-10T10:19:09.786493Z[0m [34mDEBUG[0m [2mhyper::proto::h1::io[0m[2m:[0m parsed 4 headers
[2m2025-12-10T10:19:09.786508Z[0m [34mDEBUG[0m [2mhyper::proto::h1::conn[0m[2m:[0m incoming body is content-length (45 bytes)
[2m2025-12-10T10:19:09.786518Z[0m [34mDEBUG[0m [2mhyper::proto::h1::conn[0m[2m:[0m incoming body completed
[2m2025-12-10T10:19:09.786528Z[0m [34mDEBUG[0m [2mhyper::client::pool[0m[2m:[0m pooling idle connection for ("http", 192.168.0.14:8545)
[2m2025-12-10T10:19:09.786555Z[0m [34mDEBUG[0m [2mhyper::client::pool[0m[2m:[0m reuse idle connection for ("http", 192.168.0.14:8545)
[2m2025-12-10T10:19:09.786581Z[0m [34mDEBUG[0m [2mhyper::proto::h1::io[0m[2m:[0m flushed 172 bytes
[2m2025-12-10T10:19:09.790198Z[0m [34mDEBUG[0m [2mhyper::proto::h1::io[0m[2m:[0m parsed 4 headers
[2m2025-12-10T10:19:09.790211Z[0m [34mDEBUG[0m [2mhyper::proto::h1::conn[0m[2m:[0m incoming body is content-length (45 bytes)
[2m2025-12-10T10:19:09.799558Z[0m [34mDEBUG[0m [2mhyper::proto::h1::conn[0m[2m:[0m incoming body completed
[2m2025-12-10T10:19:09.799573Z[0m [34mDEBUG[0m [2mhyper::client::pool[0m[2m:[0m pooling idle connection for ("http", 192.168.0.14:8545)
[2m2025-12-10T10:19:09.799626Z[0m [34mDEBUG[0m [2mhyper::client::pool[0m[2m:[0m reuse idle connection for ("http", 192.168.0.14:8545)
[2m2025-12-10T10:19:09.799726Z[0m [34mDEBUG[0m [2mhyper::proto::h1::io[0m[2m:[0m flushed 172 bytes
[2m2025-12-10T10:19:09.804605Z[0m [34mDEBUG[0m [2mhyper::proto::h1::io[0m[2m:[0m parsed 4 headers
[2m2025-12-10T10:19:09.804615Z[0m [34mDEBUG[0m [2mhyper::proto::h1::conn[0m[2m:[0m incoming body is content-length (45 bytes)
[2m2025-12-10T10:19:09.804622Z[0m [34mDEBUG[0m [2mhyper::proto::h1::conn[0m[2m:[0m incoming body completed
[2m2025-12-10T10:19:09.804631Z[0m [34mDEBUG[0m [2mhyper::client::pool[0m[2m:[0m pooling idle connection for ("http", 192.168.0.14:8545)
[2m2025-12-10T10:19:09.804651Z[0m [34mDEBUG[0m [2mhyper::client::pool[0m[2m:[0m reuse idle connection for ("http", 192.168.0.14:8545)
[2m2025-12-10T10:19:09.804669Z[0m [34mDEBUG[0m [2mhyper::proto::h1::io[0m[2m:[0m flushed 172 bytes
[2m2025-12-10T10:19:09.808394Z[0m [34mDEBUG[0m [2mhyper::proto::h1::io[0m[2m:[0m parsed 4 headers
[2m2025-12-10T10:19:09.808401Z[0m [34mDEBUG[0m [2mhyper::proto::h1::conn[0m[2m:[0m incoming body is content-length (45 bytes)
[2m2025-12-10T10:19:09.808407Z[0m [34mDEBUG[0m [2mhyper::proto::h1::conn[0m[2m:[0m incoming body completed
[2m2025-12-10T10:19:09.808413Z[0m [34mDEBUG[0m [2mhyper::client::pool[0m[2m:[0m pooling idle connection for ("http", 192.168.0.14:8545)
[2m2025-12-10T10:19:09.808468Z[0m [34mDEBUG[0m [2mhyper::client::pool[0m[2m:[0m reuse idle connection for ("http", 192.168.0.14:8545)
[2m2025-12-10T10:19:09.808506Z[0m [34mDEBUG[0m [2mhyper::proto::h1::io[0m[2m:[0m flushed 172 bytes
[2m2025-12-10T10:19:09.812132Z[0m [34mDEBUG[0m [2mhyper::proto::h1::io[0m[2m:[0m parsed 4 headers
[2m2025-12-10T10:19:09.812163Z[0m [34mDEBUG[0m [2mhyper::proto::h1::conn[0m[2m:[0m incoming body is content-length (45 bytes)
[2m2025-12-10T10:19:09.812182Z[0m [34mDEBUG[0m [2mhyper::proto::h1::conn[0m[2m:[0m incoming body completed
[2m2025-12-10T10:19:09.812194Z[0m [34mDEBUG[0m [2mhyper::client::pool[0m[2m:[0m pooling idle connection for ("http", 192.168.0.14:8545)
[2m2025-12-10T10:19:09.812210Z[0m [34mDEBUG[0m [2mhyper::client::pool[0m[2m:[0m reuse idle connection for ("http", 192.168.0.14:8545)
[2m2025-12-10T10:19:09.812225Z[0m [34mDEBUG[0m [2mhyper::proto::h1::io[0m[2m:[0m flushed 172 bytes
[2m2025-12-10T10:19:09.815495Z[0m [34mDEBUG[0m [2mhyper::proto::h1::io[0m[2m:[0m parsed 4 headers
[2m2025-12-10T10:19:09.815509Z[0m [34mDEBUG[0m [2mhyper::proto::h1::conn[0m[2m:[0m incoming body is content-length (45 bytes)
[2m2025-12-10T10:19:09.815516Z[0m [34mDEBUG[0m [2mhyper::proto::h1::conn[0m[2m:[0m incoming body completed
[2m2025-12-10T10:19:09.815522Z[0m [34mDEBUG[0m [2mhyper::client::pool[0m[2m:[0m pooling idle connection for ("http", 192.168.0.14:8545)
[2m2025-12-10T10:19:09.815534Z[0m [34mDEBUG[0m [2mhyper::client::pool[0m[2m:[0m reuse idle connection for ("http", 192.168.0.14:8545)
[2m2025-12-10T10:19:09.815551Z[0m [34mDEBUG[0m [2mhyper::proto::h1::io[0m[2m:[0m flushed 172 bytes
[2m2025-12-10T10:19:09.819071Z[0m [34mDEBUG[0m [2mhyper::proto::h1::io[0m[2m:[0m parsed 4 headers
[2m2025-12-10T10:19:09.819076Z[0m [34mDEBUG[0m [2mhyper::proto::h1::conn[0m[2m:[0m incoming body is content-length (45 bytes)
[2m2025-12-10T10:19:09.819080Z[0m [34mDEBUG[0m [2mhyper::proto::h1::conn[0m[2m:[0m incoming body completed
[2m2025-12-10T10:19:09.819085Z[0m [34mDEBUG[0m [2mhyper::client::pool[0m[2m:[0m pooling idle connection for ("http", 192.168.0.14:8545)
[2m2025-12-10T10:19:09.819094Z[0m [34mDEBUG[0m [2mhyper::client::pool[0m[2m:[0m reuse idle connection for ("http", 192.168.0.14:8545)
[2m2025-12-10T10:19:09.819109Z[0m [34mDEBUG[0m [2mhyper::proto::h1::io[0m[2m:[0m flushed 172 bytes
[2m2025-12-10T10:19:09.822939Z[0m [34mDEBUG[0m [2mhyper::proto::h1::io[0m[2m:[0m parsed 4 headers
[2m2025-12-10T10:19:09.822962Z[0m [34mDEBUG[0m [2mhyper::proto::h1::conn[0m[2m:[0m incoming body is content-length (45 bytes)
[2m2025-12-10T10:19:09.822974Z[0m [34mDEBUG[0m [2mhyper::proto::h1::conn[0m[2m:[0m incoming body completed
[2m2025-12-10T10:19:09.822983Z[0m [34mDEBUG[0m [2mhyper::client::pool[0m[2m:[0m pooling idle connection for ("http", 192.168.0.14:8545)
[2m2025-12-10T10:19:09.822999Z[0m [34mDEBUG[0m [2mhyper::client::pool[0m[2m:[0m reuse idle connection for ("http", 192.168.0.14:8545)
[2m2025-12-10T10:19:09.823019Z[0m [34mDEBUG[0m [2mhyper::proto::h1::io[0m[2m:[0m flushed 172 bytes
[2m2025-12-10T10:19:09.827055Z[0m [34mDEBUG[0m [2mhyper::proto::h1::io[0m[2m:[0m parsed 4 headers
[2m2025-12-10T10:19:09.827065Z[0m [34mDEBUG[0m [2mhyper::proto::h1::conn[0m[2m:[0m incoming body is content-length (45 bytes)
[2m2025-12-10T10:19:09.827093Z[0m [34mDEBUG[0m [2mhyper::proto::h1::conn[0m[2m:[0m incoming body completed
[2m2025-12-10T10:19:09.827099Z[0m [34mDEBUG[0m [2mhyper::client::pool[0m[2m:[0m pooling idle connection for ("http", 192.168.0.14:8545)
[2m2025-12-10T10:19:09.827109Z[0m [34mDEBUG[0m [2mhyper::client::pool[0m[2m:[0m reuse idle connection for ("http", 192.168.0.14:8545)
[2m2025-12-10T10:19:09.827124Z[0m [34mDEBUG[0m [2mhyper::proto::h1::io[0m[2m:[0m flushed 172 bytes
[2m2025-12-10T10:19:09.832445Z[0m [34mDEBUG[0m [2mhyper::proto::h1::io[0m[2m:[0m parsed 4 headers
[2m2025-12-10T10:19:09.832452Z[0m [34mDEBUG[0m [2mhyper::proto::h1::conn[0m[2m:[0m incoming body is content-length (45 bytes)
[2m2025-12-10T10:19:09.832458Z[0m [34mDEBUG[0m [2mhyper::proto::h1::conn[0m[2m:[0m incoming body completed
[2m2025-12-10T10:19:09.832464Z[0m [34mDEBUG[0m [2mhyper::client::pool[0m[2m:[0m pooling idle connection for ("http", 192.168.0.14:8545)
[2m2025-12-10T10:19:09.832476Z[0m [34mDEBUG[0m [2mhyper::client::pool[0m[2m:[0m reuse idle connection for ("http", 192.168.0.14:8545)
[2m2025-12-10T10:19:09.832495Z[0m [34mDEBUG[0m [2mhyper::proto::h1::io[0m[2m:[0m flushed 172 bytes
[2m2025-12-10T10:19:09.836007Z[0m [34mDEBUG[0m [2mhyper::proto::h1::io[0m[2m:[0m parsed 4 headers
[2m2025-12-10T10:19:09.836019Z[0m [34mDEBUG[0m [2mhyper::proto::h1::conn[0m[2m:[0m incoming body is content-length (45 bytes)
[2m2025-12-10T10:19:09.836055Z[0m [34mDEBUG[0m [2mhyper::proto::h1::conn[0m[2m:[0m incoming body completed
[2m2025-12-10T10:19:09.836105Z[0m [34mDEBUG[0m [2mhyper::client::pool[0m[2m:[0m pooling idle connection for ("http", 192.168.0.14:8545)
[2m2025-12-10T10:19:09.836160Z[0m [34mDEBUG[0m [2mhyper::client::pool[0m[2m:[0m reuse idle connection for ("http", 192.168.0.14:8545)
[2m2025-12-10T10:19:09.836315Z[0m [34mDEBUG[0m [2mhyper::proto::h1::io[0m[2m:[0m flushed 172 bytes
[2m2025-12-10T10:19:09.843518Z[0m [34mDEBUG[0m [2mhyper::proto::h1::io[0m[2m:[0m parsed 4 headers
[2m2025-12-10T10:19:09.847141Z[0m [34mDEBUG[0m [2mhyper::proto::h1::conn[0m[2m:[0m incoming body is content-length (45 bytes)
[2m2025-12-10T10:19:09.847158Z[0m [34mDEBUG[0m [2mhyper::proto::h1::conn[0m[2m:[0m incoming body completed
[2m2025-12-10T10:19:09.848332Z[0m [34mDEBUG[0m [2mhyper::client::pool[0m[2m:[0m pooling idle connection for ("http", 192.168.0.14:8545)
[2m2025-12-10T10:19:09.850741Z[0m [34mDEBUG[0m [2mhyper::client::pool[0m[2m:[0m reuse idle connection for ("http", 192.168.0.14:8545)
[2m2025-12-10T10:19:09.850852Z[0m [34mDEBUG[0m [2mhyper::proto::h1::io[0m[2m:[0m flushed 172 bytes
[2m2025-12-10T10:19:09.854054Z[0m [34mDEBUG[0m [2mhyper::proto::h1::io[0m[2m:[0m parsed 4 headers
[2m2025-12-10T10:19:09.854072Z[0m [34mDEBUG[0m [2mhyper::proto::h1::conn[0m[2m:[0m incoming body is content-length (45 bytes)
[2m2025-12-10T10:19:09.854082Z[0m [34mDEBUG[0m [2mhyper::proto::h1::conn[0m[2m:[0m incoming body completed
[2m2025-12-10T10:19:09.854093Z[0m [34mDEBUG[0m [2mhyper::client::pool[0m[2m:[0m pooling idle connection for ("http", 192.168.0.14:8545)
[2m2025-12-10T10:19:09.854136Z[0m [34mDEBUG[0m [2mhyper::client::pool[0m[2m:[0m reuse idle connection for ("http", 192.168.0.14:8545)
[2m2025-12-10T10:19:09.854181Z[0m [34mDEBUG[0m [2mhyper::proto::h1::io[0m[2m:[0m flushed 172 bytes
[2m2025-12-10T10:19:09.860240Z[0m [34mDEBUG[0m [2mhyper::proto::h1::io[0m[2m:[0m parsed 4 headers
[2m2025-12-10T10:19:09.860261Z[0m [34mDEBUG[0m [2mhyper::proto::h1::conn[0m[2m:[0m incoming body is content-length (45 bytes)
[2m2025-12-10T10:19:09.860270Z[0m [34mDEBUG[0m [2mhyper::proto::h1::conn[0m[2m:[0m incoming body completed
[2m2025-12-10T10:19:09.860307Z[0m [34mDEBUG[0m [2mhyper::client::pool[0m[2m:[0m pooling idle connection for ("http", 192.168.0.14:8545)
[2m2025-12-10T10:19:09.860353Z[0m [34mDEBUG[0m [2mhyper::client::pool[0m[2m:[0m reuse idle connection for ("http", 192.168.0.14:8545)
[2m2025-12-10T10:19:09.860396Z[0m [34mDEBUG[0m [2mhyper::proto::h1::io[0m[2m:[0m flushed 172 bytes
[2m2025-12-10T10:19:09.864309Z[0m [34mDEBUG[0m [2mhyper::proto::h1::io[0m[2m:[0m parsed 4 headers
[2m2025-12-10T10:19:09.864329Z[0m [34mDEBUG[0m [2mhyper::proto::h1::conn[0m[2m:[0m incoming body is content-length (45 bytes)
[2m2025-12-10T10:19:09.864339Z[0m [34mDEBUG[0m [2mhyper::proto::h1::conn[0m[2m:[0m incoming body completed
[2m2025-12-10T10:19:09.864351Z[0m [34mDEBUG[0m [2mhyper::client::pool[0m[2m:[0m pooling idle connection for ("http", 192.168.0.14:8545)
[2m2025-12-10T10:19:09.864402Z[0m [34mDEBUG[0m [2mhyper::client::pool[0m[2m:[0m reuse idle connection for ("http", 192.168.0.14:8545)
[2m2025-12-10T10:19:09.864450Z[0m [34mDEBUG[0m [2mhyper::proto::h1::io[0m[2m:[0m flushed 172 bytes
[2m2025-12-10T10:19:09.868600Z[0m [34mDEBUG[0m [2mhyper::proto::h1::io[0m[2m:[0m parsed 4 headers
[2m2025-12-10T10:19:09.868626Z[0m [34mDEBUG[0m [2mhyper::proto::h1::conn[0m[2m:[0m incoming body is content-length (45 bytes)
[2m2025-12-10T10:19:09.868635Z[0m [34mDEBUG[0m [2mhyper::proto::h1::conn[0m[2m:[0m incoming body completed
[2m2025-12-10T10:19:09.868646Z[0m [34mDEBUG[0m [2mhyper::client::pool[0m[2m:[0m pooling idle connection for ("http", 192.168.0.14:8545)
[2m2025-12-10T10:19:09.868675Z[0m [34mDEBUG[0m [2mhyper::client::pool[0m[2m:[0m reuse idle connection for ("http", 192.168.0.14:8545)
[2m2025-12-10T10:19:09.868712Z[0m [34mDEBUG[0m [2mhyper::proto::h1::io[0m[2m:[0m flushed 172 bytes
[2m2025-12-10T10:19:09.873878Z[0m [34mDEBUG[0m [2mhyper::proto::h1::io[0m[2m:[0m parsed 4 headers
[2m2025-12-10T10:19:09.873958Z[0m [34mDEBUG[0m [2mhyper::proto::h1::conn[0m[2m:[0m incoming body is content-length (45 bytes)
[2m2025-12-10T10:19:09.873971Z[0m [34mDEBUG[0m [2mhyper::proto::h1::conn[0m[2m:[0m incoming body completed
[2m2025-12-10T10:19:09.874015Z[0m [34mDEBUG[0m [2mhyper::client::pool[0m[2m:[0m pooling idle connection for ("http", 192.168.0.14:8545)
[2m2025-12-10T10:19:09.874045Z[0m [34mDEBUG[0m [2mhyper::client::pool[0m[2m:[0m reuse idle connection for ("http", 192.168.0.14:8545)
[2m2025-12-10T10:19:09.874119Z[0m [34mDEBUG[0m [2mhyper::proto::h1::io[0m[2m:[0m flushed 172 bytes
[2m2025-12-10T10:19:09.877775Z[0m [34mDEBUG[0m [2mhyper::proto::h1::io[0m[2m:[0m parsed 4 headers
[2m2025-12-10T10:19:09.877812Z[0m [34mDEBUG[0m [2mhyper::proto::h1::conn[0m[2m:[0m incoming body is content-length (45 bytes)
[2m2025-12-10T10:19:09.877821Z[0m [34mDEBUG[0m [2mhyper::proto::h1::conn[0m[2m:[0m incoming body completed
[2m2025-12-10T10:19:09.877832Z[0m [34mDEBUG[0m [2mhyper::client::pool[0m[2m:[0m pooling idle connection for ("http", 192.168.0.14:8545)
[2m2025-12-10T10:19:09.877858Z[0m [34mDEBUG[0m [2mhyper::client::pool[0m[2m:[0m reuse idle connection for ("http", 192.168.0.14:8545)
[2m2025-12-10T10:19:09.877892Z[0m [34mDEBUG[0m [2mhyper::proto::h1::io[0m[2m:[0m flushed 172 bytes
[2m2025-12-10T10:19:09.881634Z[0m [34mDEBUG[0m [2mhyper::proto::h1::io[0m[2m:[0m parsed 4 headers
[2m2025-12-10T10:19:09.881645Z[0m [34mDEBUG[0m [2mhyper::proto::h1::conn[0m[2m:[0m incoming body is content-length (45 bytes)
[2m2025-12-10T10:19:09.881652Z[0m [34mDEBUG[0m [2mhyper::proto::h1::conn[0m[2m:[0m incoming body completed
[2m2025-12-10T10:19:09.881691Z[0m [34mDEBUG[0m [2mhyper::client::pool[0m[2m:[0m pooling idle connection for ("http", 192.168.0.14:8545)
[2m2025-12-10T10:19:09.881788Z[0m [34mDEBUG[0m [2mhyper::client::pool[0m[2m:[0m reuse idle connection for ("http", 192.168.0.14:8545)
[2m2025-12-10T10:19:09.881813Z[0m [34mDEBUG[0m [2mhyper::proto::h1::io[0m[2m:[0m flushed 172 bytes
[2m2025-12-10T10:19:09.890281Z[0m [34mDEBUG[0m [2mhyper::proto::h1::io[0m[2m:[0m parsed 4 headers
[2m2025-12-10T10:19:09.890778Z[0m [34mDEBUG[0m [2mhyper::proto::h1::conn[0m[2m:[0m incoming body is content-length (45 bytes)
[2m2025-12-10T10:19:09.890790Z[0m [34mDEBUG[0m [2mhyper::proto::h1::conn[0m[2m:[0m incoming body completed
[2m2025-12-10T10:19:09.890837Z[0m [34mDEBUG[0m [2mhyper::client::pool[0m[2m:[0m pooling idle connection for ("http", 192.168.0.14:8545)
[2m2025-12-10T10:19:09.891015Z[0m [34mDEBUG[0m [2mhyper::client::pool[0m[2m:[0m reuse idle connection for ("http", 192.168.0.14:8545)
[2m2025-12-10T10:19:09.891054Z[0m [34mDEBUG[0m [2mhyper::proto::h1::io[0m[2m:[0m flushed 172 bytes
[2m2025-12-10T10:19:09.899059Z[0m [34mDEBUG[0m [2mhyper::proto::h1::io[0m[2m:[0m parsed 4 headers
[2m2025-12-10T10:19:09.899085Z[0m [34mDEBUG[0m [2mhyper::proto::h1::conn[0m[2m:[0m incoming body is content-length (45 bytes)
[2m2025-12-10T10:19:09.899216Z[0m [34mDEBUG[0m [2mhyper::proto::h1::conn[0m[2m:[0m incoming body completed
[2m2025-12-10T10:19:09.899234Z[0m [34mDEBUG[0m [2mhyper::client::pool[0m[2m:[0m pooling idle connection for ("http", 192.168.0.14:8545)
[2m2025-12-10T10:19:09.899267Z[0m [34mDEBUG[0m [2mhyper::client::pool[0m[2m:[0m reuse idle connection for ("http", 192.168.0.14:8545)
[2m2025-12-10T10:19:09.899611Z[0m [34mDEBUG[0m [2mhyper::proto::h1::io[0m[2m:[0m flushed 172 bytes
[2m2025-12-10T10:19:09.903236Z[0m [34mDEBUG[0m [2mhyper::proto::h1::io[0m[2m:[0m parsed 4 headers
[2m2025-12-10T10:19:09.903254Z[0m [34mDEBUG[0m [2mhyper::proto::h1::conn[0m[2m:[0m incoming body is content-length (45 bytes)
[2m2025-12-10T10:19:09.903290Z[0m [34mDEBUG[0m [2mhyper::proto::h1::conn[0m[2m:[0m incoming body completed
[2m2025-12-10T10:19:09.903322Z[0m [34mDEBUG[0m [2mhyper::client::pool[0m[2m:[0m pooling idle connection for ("http", 192.168.0.14:8545)
[2m2025-12-10T10:19:09.903370Z[0m [34mDEBUG[0m [2mhyper::client::pool[0m[2m:[0m reuse idle connection for ("http", 192.168.0.14:8545)
[2m2025-12-10T10:19:09.903721Z[0m [34mDEBUG[0m [2mhyper::proto::h1::io[0m[2m:[0m flushed 172 bytes
[2m2025-12-10T10:19:09.938003Z[0m [34mDEBUG[0m [2mhyper::proto::h1::io[0m[2m:[0m parsed 4 headers
[2m2025-12-10T10:19:09.938021Z[0m [34mDEBUG[0m [2mhyper::proto::h1::conn[0m[2m:[0m incoming body is content-length (45 bytes)
[2m2025-12-10T10:19:09.938031Z[0m [34mDEBUG[0m [2mhyper::proto::h1::conn[0m[2m:[0m incoming body completed
[2m2025-12-10T10:19:09.938044Z[0m [34mDEBUG[0m [2mhyper::client::pool[0m[2m:[0m pooling idle connection for ("http", 192.168.0.14:8545)
[2m2025-12-10T10:19:09.938098Z[0m [34mDEBUG[0m [2mhyper::client::pool[0m[2m:[0m reuse idle connection for ("http", 192.168.0.14:8545)
[2m2025-12-10T10:19:09.939070Z[0m [34mDEBUG[0m [2mhyper::proto::h1::io[0m[2m:[0m flushed 172 bytes
[2m2025-12-10T10:19:09.941843Z[0m [34mDEBUG[0m [2mhyper::proto::h1::io[0m[2m:[0m parsed 4 headers
[2m2025-12-10T10:19:09.941856Z[0m [34mDEBUG[0m [2mhyper::proto::h1::conn[0m[2m:[0m incoming body is content-length (45 bytes)
[2m2025-12-10T10:19:09.941867Z[0m [34mDEBUG[0m [2mhyper::proto::h1::conn[0m[2m:[0m incoming body completed
[2m2025-12-10T10:19:09.941877Z[0m [34mDEBUG[0m [2mhyper::client::pool[0m[2m:[0m pooling idle connection for ("http", 192.168.0.14:8545)
[2m2025-12-10T10:19:09.941936Z[0m [34mDEBUG[0m [2mhyper::client::pool[0m[2m:[0m reuse idle connection for ("http", 192.168.0.14:8545)
[2m2025-12-10T10:19:09.942098Z[0m [34mDEBUG[0m [2mhyper::proto::h1::io[0m[2m:[0m flushed 172 bytes
[2m2025-12-10T10:19:09.945844Z[0m [34mDEBUG[0m [2mhyper::proto::h1::io[0m[2m:[0m parsed 4 headers
[2m2025-12-10T10:19:09.945979Z[0m [34mDEBUG[0m [2mhyper::proto::h1::conn[0m[2m:[0m incoming body is content-length (45 bytes)
[2m2025-12-10T10:19:09.946011Z[0m [34mDEBUG[0m [2mhyper::proto::h1::conn[0m[2m:[0m incoming body completed
[2m2025-12-10T10:19:09.946023Z[0m [34mDEBUG[0m [2mhyper::client::pool[0m[2m:[0m pooling idle connection for ("http", 192.168.0.14:8545)
[2m2025-12-10T10:19:09.946044Z[0m [34mDEBUG[0m [2mhyper::client::pool[0m[2m:[0m reuse idle connection for ("http", 192.168.0.14:8545)
[2m2025-12-10T10:19:09.951351Z[0m [34mDEBUG[0m [2mhyper::proto::h1::io[0m[2m:[0m flushed 172 bytes
[2m2025-12-10T10:19:09.955451Z[0m [34mDEBUG[0m [2mhyper::proto::h1::io[0m[2m:[0m parsed 4 headers
[2m2025-12-10T10:19:09.955460Z[0m [34mDEBUG[0m [2mhyper::proto::h1::conn[0m[2m:[0m incoming body is content-length (45 bytes)
[2m2025-12-10T10:19:09.955468Z[0m [34mDEBUG[0m [2mhyper::proto::h1::conn[0m[2m:[0m incoming body completed
[2m2025-12-10T10:19:09.955477Z[0m [34mDEBUG[0m [2mhyper::client::pool[0m[2m:[0m pooling idle connection for ("http", 192.168.0.14:8545)
[2m2025-12-10T10:19:09.955502Z[0m [34mDEBUG[0m [2mhyper::client::pool[0m[2m:[0m reuse idle connection for ("http", 192.168.0.14:8545)
[2m2025-12-10T10:19:09.955519Z[0m [34mDEBUG[0m [2mhyper::proto::h1::io[0m[2m:[0m flushed 172 bytes
[2m2025-12-10T10:19:09.960341Z[0m [34mDEBUG[0m [2mhyper::proto::h1::io[0m[2m:[0m parsed 4 headers
[2m2025-12-10T10:19:09.960349Z[0m [34mDEBUG[0m [2mhyper::proto::h1::conn[0m[2m:[0m incoming body is content-length (45 bytes)
[2m2025-12-10T10:19:09.960359Z[0m [34mDEBUG[0m [2mhyper::proto::h1::conn[0m[2m:[0m incoming body completed
[2m2025-12-10T10:19:09.960372Z[0m [34mDEBUG[0m [2mhyper::client::pool[0m[2m:[0m pooling idle connection for ("http", 192.168.0.14:8545)
[2m2025-12-10T10:19:09.960389Z[0m [34mDEBUG[0m [2mhyper::client::pool[0m[2m:[0m reuse idle connection for ("http", 192.168.0.14:8545)
[2m2025-12-10T10:19:09.960403Z[0m [34mDEBUG[0m [2mhyper::proto::h1::io[0m[2m:[0m flushed 172 bytes
[2m2025-12-10T10:19:09.964407Z[0m [34mDEBUG[0m [2mhyper::proto::h1::io[0m[2m:[0m parsed 4 headers
[2m2025-12-10T10:19:09.964413Z[0m [34mDEBUG[0m [2mhyper::proto::h1::conn[0m[2m:[0m incoming body is content-length (45 bytes)
[2m2025-12-10T10:19:09.964419Z[0m [34mDEBUG[0m [2mhyper::proto::h1::conn[0m[2m:[0m incoming body completed
[2m2025-12-10T10:19:09.964424Z[0m [34mDEBUG[0m [2mhyper::client::pool[0m[2m:[0m pooling idle connection for ("http", 192.168.0.14:8545)
[2m2025-12-10T10:19:09.964438Z[0m [34mDEBUG[0m [2mhyper::client::pool[0m[2m:[0m reuse idle connection for ("http", 192.168.0.14:8545)
[2m2025-12-10T10:19:09.964452Z[0m [34mDEBUG[0m [2mhyper::proto::h1::io[0m[2m:[0m flushed 172 bytes
[2m2025-12-10T10:19:09.968090Z[0m [34mDEBUG[0m [2mhyper::proto::h1::io[0m[2m:[0m parsed 4 headers
[2m2025-12-10T10:19:09.968098Z[0m [34mDEBUG[0m [2mhyper::proto::h1::conn[0m[2m:[0m incoming body is content-length (45 bytes)
[2m2025-12-10T10:19:09.968113Z[0m [34mDEBUG[0m [2mhyper::proto::h1::conn[0m[2m:[0m incoming body completed
[2m2025-12-10T10:19:09.968124Z[0m [34mDEBUG[0m [2mhyper::client::pool[0m[2m:[0m pooling idle connection for ("http", 192.168.0.14:8545)
[2m2025-12-10T10:19:09.968149Z[0m [34mDEBUG[0m [2mhyper::client::pool[0m[2m:[0m reuse idle connection for ("http", 192.168.0.14:8545)
[2m2025-12-10T10:19:09.968174Z[0m [34mDEBUG[0m [2mhyper::proto::h1::io[0m[2m:[0m flushed 172 bytes
[2m2025-12-10T10:19:09.972490Z[0m [34mDEBUG[0m [2mhyper::proto::h1::io[0m[2m:[0m parsed 4 headers
[2m2025-12-10T10:19:09.972526Z[0m [34mDEBUG[0m [2mhyper::proto::h1::conn[0m[2m:[0m incoming body is content-length (45 bytes)
[2m2025-12-10T10:19:09.972539Z[0m [34mDEBUG[0m [2mhyper::proto::h1::conn[0m[2m:[0m incoming body completed
[2m2025-12-10T10:19:09.972553Z[0m [34mDEBUG[0m [2mhyper::client::pool[0m[2m:[0m pooling idle connection for ("http", 192.168.0.14:8545)
[2m2025-12-10T10:19:09.972591Z[0m [34mDEBUG[0m [2mhyper::client::pool[0m[2m:[0m reuse idle connection for ("http", 192.168.0.14:8545)
[2m2025-12-10T10:19:09.972640Z[0m [34mDEBUG[0m [2mhyper::proto::h1::io[0m[2m:[0m flushed 172 bytes
[2m2025-12-10T10:19:09.978971Z[0m [34mDEBUG[0m [2mhyper::proto::h1::io[0m[2m:[0m parsed 4 headers
[2m2025-12-10T10:19:09.978997Z[0m [34mDEBUG[0m [2mhyper::proto::h1::conn[0m[2m:[0m incoming body is content-length (45 bytes)
[2m2025-12-10T10:19:09.979040Z[0m [34mDEBUG[0m [2mhyper::proto::h1::conn[0m[2m:[0m incoming body completed
[2m2025-12-10T10:19:09.979065Z[0m [34mDEBUG[0m [2mhyper::client::pool[0m[2m:[0m pooling idle connection for ("http", 192.168.0.14:8545)
[2m2025-12-10T10:19:09.979108Z[0m [34mDEBUG[0m [2mhyper::client::pool[0m[2m:[0m reuse idle connection for ("http", 192.168.0.14:8545)
[2m2025-12-10T10:19:09.979201Z[0m [34mDEBUG[0m [2mhyper::proto::h1::io[0m[2m:[0m flushed 172 bytes
[2m2025-12-10T10:19:09.984873Z[0m [34mDEBUG[0m [2mhyper::proto::h1::io[0m[2m:[0m parsed 4 headers
[2m2025-12-10T10:19:09.984896Z[0m [34mDEBUG[0m [2mhyper::proto::h1::conn[0m[2m:[0m incoming body is content-length (45 bytes)
[2m2025-12-10T10:19:09.984906Z[0m [34mDEBUG[0m [2mhyper::proto::h1::conn[0m[2m:[0m incoming body completed
[2m2025-12-10T10:19:09.984931Z[0m [34mDEBUG[0m [2mhyper::client::pool[0m[2m:[0m pooling idle connection for ("http", 192.168.0.14:8545)
[2m2025-12-10T10:19:09.984986Z[0m [34mDEBUG[0m [2mhyper::client::pool[0m[2m:[0m reuse idle connection for ("http", 192.168.0.14:8545)
[2m2025-12-10T10:19:09.985049Z[0m [34mDEBUG[0m [2mhyper::proto::h1::io[0m[2m:[0m flushed 172 bytes
[2m2025-12-10T10:19:09.989219Z[0m [34mDEBUG[0m [2mhyper::proto::h1::io[0m[2m:[0m parsed 4 headers
[2m2025-12-10T10:19:09.989233Z[0m [34mDEBUG[0m [2mhyper::proto::h1::conn[0m[2m:[0m incoming body is content-length (45 bytes)
[2m2025-12-10T10:19:09.989241Z[0m [34mDEBUG[0m [2mhyper::proto::h1::conn[0m[2m:[0m incoming body completed
[2m2025-12-10T10:19:09.989266Z[0m [34mDEBUG[0m [2mhyper::client::pool[0m[2m:[0m pooling idle connection for ("http", 192.168.0.14:8545)
[2m2025-12-10T10:19:09.989322Z[0m [34mDEBUG[0m [2mhyper::client::pool[0m[2m:[0m reuse idle connection for ("http", 192.168.0.14:8545)
[2m2025-12-10T10:19:09.989396Z[0m [34mDEBUG[0m [2mhyper::proto::h1::io[0m[2m:[0m flushed 172 bytes
[2m2025-12-10T10:19:09.993965Z[0m [34mDEBUG[0m [2mhyper::proto::h1::io[0m[2m:[0m parsed 4 headers
[2m2025-12-10T10:19:09.993988Z[0m [34mDEBUG[0m [2mhyper::proto::h1::conn[0m[2m:[0m incoming body is content-length (45 bytes)
[2m2025-12-10T10:19:09.994045Z[0m [34mDEBUG[0m [2mhyper::proto::h1::conn[0m[2m:[0m incoming body completed
[2m2025-12-10T10:19:09.994115Z[0m [34mDEBUG[0m [2mhyper::client::pool[0m[2m:[0m pooling idle connection for ("http", 192.168.0.14:8545)
[2m2025-12-10T10:19:09.994135Z[0m [34mDEBUG[0m [2mhyper::client::pool[0m[2m:[0m reuse idle connection for ("http", 192.168.0.14:8545)
[2m2025-12-10T10:19:09.994159Z[0m [34mDEBUG[0m [2mhyper::proto::h1::io[0m[2m:[0m flushed 172 bytes
[2m2025-12-10T10:19:09.997560Z[0m [34mDEBUG[0m [2mhyper::proto::h1::io[0m[2m:[0m parsed 4 headers
[2m2025-12-10T10:19:09.997568Z[0m [34mDEBUG[0m [2mhyper::proto::h1::conn[0m[2m:[0m incoming body is content-length (45 bytes)
[2m2025-12-10T10:19:09.997575Z[0m [34mDEBUG[0m [2mhyper::proto::h1::conn[0m[2m:[0m incoming body completed
[2m2025-12-10T10:19:09.997582Z[0m [34mDEBUG[0m [2mhyper::client::pool[0m[2m:[0m pooling idle connection for ("http", 192.168.0.14:8545)
[2m2025-12-10T10:19:09.997654Z[0m [34mDEBUG[0m [2mhyper::client::pool[0m[2m:[0m reuse idle connection for ("http", 192.168.0.14:8545)
[2m2025-12-10T10:19:09.997678Z[0m [34mDEBUG[0m [2mhyper::proto::h1::io[0m[2m:[0m flushed 172 bytes
[2m2025-12-10T10:19:10.002499Z[0m [34mDEBUG[0m [2mhyper::proto::h1::io[0m[2m:[0m parsed 4 headers
[2m2025-12-10T10:19:10.002508Z[0m [34mDEBUG[0m [2mhyper::proto::h1::conn[0m[2m:[0m incoming body is content-length (45 bytes)
[2m2025-12-10T10:19:10.002514Z[0m [34mDEBUG[0m [2mhyper::proto::h1::conn[0m[2m:[0m incoming body completed
[2m2025-12-10T10:19:10.002520Z[0m [34mDEBUG[0m [2mhyper::client::pool[0m[2m:[0m pooling idle connection for ("http", 192.168.0.14:8545)
[2m2025-12-10T10:19:10.002537Z[0m [34mDEBUG[0m [2mhyper::client::pool[0m[2m:[0m reuse idle connection for ("http", 192.168.0.14:8545)
[2m2025-12-10T10:19:10.002557Z[0m [34mDEBUG[0m [2mhyper::proto::h1::io[0m[2m:[0m flushed 172 bytes
[2m2025-12-10T10:19:10.006978Z[0m [34mDEBUG[0m [2mhyper::proto::h1::io[0m[2m:[0m parsed 4 headers
[2m2025-12-10T10:19:10.006986Z[0m [34mDEBUG[0m [2mhyper::proto::h1::conn[0m[2m:[0m incoming body is content-length (45 bytes)
[2m2025-12-10T10:19:10.007013Z[0m [34mDEBUG[0m [2mhyper::proto::h1::conn[0m[2m:[0m incoming body completed
[2m2025-12-10T10:19:10.007029Z[0m [34mDEBUG[0m [2mhyper::client::pool[0m[2m:[0m pooling idle connection for ("http", 192.168.0.14:8545)
[2m2025-12-10T10:19:10.007059Z[0m [34mDEBUG[0m [2mhyper::client::pool[0m[2m:[0m reuse idle connection for ("http", 192.168.0.14:8545)
[2m2025-12-10T10:19:10.007089Z[0m [34mDEBUG[0m [2mhyper::proto::h1::io[0m[2m:[0m flushed 172 bytes
[2m2025-12-10T10:19:10.011672Z[0m [34mDEBUG[0m [2mhyper::proto::h1::io[0m[2m:[0m parsed 4 headers
[2m2025-12-10T10:19:10.011688Z[0m [34mDEBUG[0m [2mhyper::proto::h1::conn[0m[2m:[0m incoming body is content-length (45 bytes)
[2m2025-12-10T10:19:10.011694Z[0m [34mDEBUG[0m [2mhyper::proto::h1::conn[0m[2m:[0m incoming body completed
[2m2025-12-10T10:19:10.011700Z[0m [34mDEBUG[0m [2mhyper::client::pool[0m[2m:[0m pooling idle connection for ("http", 192.168.0.14:8545)
[2m2025-12-10T10:19:10.011723Z[0m [34mDEBUG[0m [2mhyper::client::pool[0m[2m:[0m reuse idle connection for ("http", 192.168.0.14:8545)
[2m2025-12-10T10:19:10.011740Z[0m [34mDEBUG[0m [2mhyper::proto::h1::io[0m[2m:[0m flushed 172 bytes
[2m2025-12-10T10:19:10.016592Z[0m [34mDEBUG[0m [2mhyper::proto::h1::io[0m[2m:[0m parsed 4 headers
[2m2025-12-10T10:19:10.016605Z[0m [34mDEBUG[0m [2mhyper::proto::h1::conn[0m[2m:[0m incoming body is content-length (45 bytes)
[2m2025-12-10T10:19:10.016613Z[0m [34mDEBUG[0m [2mhyper::proto::h1::conn[0m[2m:[0m incoming body completed
[2m2025-12-10T10:19:10.016624Z[0m [34mDEBUG[0m [2mhyper::client::pool[0m[2m:[0m pooling idle connection for ("http", 192.168.0.14:8545)
[2m2025-12-10T10:19:10.016647Z[0m [34mDEBUG[0m [2mhyper::client::pool[0m[2m:[0m reuse idle connection for ("http", 192.168.0.14:8545)
[2m2025-12-10T10:19:10.016674Z[0m [34mDEBUG[0m [2mhyper::proto::h1::io[0m[2m:[0m flushed 172 bytes
[2m2025-12-10T10:19:10.020690Z[0m [34mDEBUG[0m [2mhyper::proto::h1::io[0m[2m:[0m parsed 4 headers
[2m2025-12-10T10:19:10.020709Z[0m [34mDEBUG[0m [2mhyper::proto::h1::conn[0m[2m:[0m incoming body is content-length (45 bytes)
[2m2025-12-10T10:19:10.020719Z[0m [34mDEBUG[0m [2mhyper::proto::h1::conn[0m[2m:[0m incoming body completed
[2m2025-12-10T10:19:10.020730Z[0m [34mDEBUG[0m [2mhyper::client::pool[0m[2m:[0m pooling idle connection for ("http", 192.168.0.14:8545)
[2m2025-12-10T10:19:10.020757Z[0m [34mDEBUG[0m [2mhyper::client::pool[0m[2m:[0m reuse idle connection for ("http", 192.168.0.14:8545)
[2m2025-12-10T10:19:10.020792Z[0m [34mDEBUG[0m [2mhyper::proto::h1::io[0m[2m:[0m flushed 172 bytes
[2m2025-12-10T10:19:10.027185Z[0m [34mDEBUG[0m [2mhyper::proto::h1::io[0m[2m:[0m parsed 4 headers
[2m2025-12-10T10:19:10.027356Z[0m [34mDEBUG[0m [2mhyper::proto::h1::conn[0m[2m:[0m incoming body is content-length (45 bytes)
[2m2025-12-10T10:19:10.027367Z[0m [34mDEBUG[0m [2mhyper::proto::h1::conn[0m[2m:[0m incoming body completed
[2m2025-12-10T10:19:10.027386Z[0m [34mDEBUG[0m [2mhyper::client::pool[0m[2m:[0m pooling idle connection for ("http", 192.168.0.14:8545)
[2m2025-12-10T10:19:10.027416Z[0m [34mDEBUG[0m [2mhyper::client::pool[0m[2m:[0m reuse idle connection for ("http", 192.168.0.14:8545)
[2m2025-12-10T10:19:10.027454Z[0m [34mDEBUG[0m [2mhyper::proto::h1::io[0m[2m:[0m flushed 172 bytes
[2m2025-12-10T10:19:10.036801Z[0m [34mDEBUG[0m [2mhyper::proto::h1::io[0m[2m:[0m parsed 4 headers
[2m2025-12-10T10:19:10.036815Z[0m [34mDEBUG[0m [2mhyper::proto::h1::conn[0m[2m:[0m incoming body is content-length (45 bytes)
[2m2025-12-10T10:19:10.036824Z[0m [34mDEBUG[0m [2mhyper::proto::h1::conn[0m[2m:[0m incoming body completed
[2m2025-12-10T10:19:10.036836Z[0m [34mDEBUG[0m [2mhyper::client::pool[0m[2m:[0m pooling idle connection for ("http", 192.168.0.14:8545)
[2m2025-12-10T10:19:10.036863Z[0m [34mDEBUG[0m [2mhyper::client::pool[0m[2m:[0m reuse idle connection for ("http", 192.168.0.14:8545)
[2m2025-12-10T10:19:10.036896Z[0m [34mDEBUG[0m [2mhyper::proto::h1::io[0m[2m:[0m flushed 172 bytes
[2m2025-12-10T10:19:10.041561Z[0m [34mDEBUG[0m [2mhyper::proto::h1::io[0m[2m:[0m parsed 4 headers
[2m2025-12-10T10:19:10.041572Z[0m [34mDEBUG[0m [2mhyper::proto::h1::conn[0m[2m:[0m incoming body is content-length (45 bytes)
[2m2025-12-10T10:19:10.041580Z[0m [34mDEBUG[0m [2mhyper::proto::h1::conn[0m[2m:[0m incoming body completed
[2m2025-12-10T10:19:10.041589Z[0m [34mDEBUG[0m [2mhyper::client::pool[0m[2m:[0m pooling idle connection for ("http", 192.168.0.14:8545)
[2m2025-12-10T10:19:10.041613Z[0m [34mDEBUG[0m [2mhyper::client::pool[0m[2m:[0m reuse idle connection for ("http", 192.168.0.14:8545)
[2m2025-12-10T10:19:10.041673Z[0m [34mDEBUG[0m [2mhyper::proto::h1::io[0m[2m:[0m flushed 172 bytes
[2m2025-12-10T10:19:10.045303Z[0m [34mDEBUG[0m [2mhyper::proto::h1::io[0m[2m:[0m parsed 4 headers
[2m2025-12-10T10:19:10.045310Z[0m [34mDEBUG[0m [2mhyper::proto::h1::conn[0m[2m:[0m incoming body is content-length (45 bytes)
[2m2025-12-10T10:19:10.045316Z[0m [34mDEBUG[0m [2mhyper::proto::h1::conn[0m[2m:[0m incoming body completed
[2m2025-12-10T10:19:10.045323Z[0m [34mDEBUG[0m [2mhyper::client::pool[0m[2m:[0m pooling idle connection for ("http", 192.168.0.14:8545)
[2m2025-12-10T10:19:10.045353Z[0m [34mDEBUG[0m [2mhyper::client::pool[0m[2m:[0m reuse idle connection for ("http", 192.168.0.14:8545)
[2m2025-12-10T10:19:10.045410Z[0m [34mDEBUG[0m [2mhyper::proto::h1::io[0m[2m:[0m flushed 172 bytes
[2m2025-12-10T10:19:10.049667Z[0m [34mDEBUG[0m [2mhyper::proto::h1::io[0m[2m:[0m parsed 4 headers
[2m2025-12-10T10:19:10.049684Z[0m [34mDEBUG[0m [2mhyper::proto::h1::conn[0m[2m:[0m incoming body is content-length (45 bytes)
[2m2025-12-10T10:19:10.049691Z[0m [34mDEBUG[0m [2mhyper::proto::h1::conn[0m[2m:[0m incoming body completed
[2m2025-12-10T10:19:10.049698Z[0m [34mDEBUG[0m [2mhyper::client::pool[0m[2m:[0m pooling idle connection for ("http", 192.168.0.14:8545)
[2m2025-12-10T10:19:10.049753Z[0m [34mDEBUG[0m [2mhyper::client::pool[0m[2m:[0m reuse idle connection for ("http", 192.168.0.14:8545)
[2m2025-12-10T10:19:10.049809Z[0m [34mDEBUG[0m [2mhyper::proto::h1::io[0m[2m:[0m flushed 172 bytes
[2m2025-12-10T10:19:10.053941Z[0m [34mDEBUG[0m [2mhyper::proto::h1::io[0m[2m:[0m parsed 4 headers
[2m2025-12-10T10:19:10.053952Z[0m [34mDEBUG[0m [2mhyper::proto::h1::conn[0m[2m:[0m incoming body is content-length (45 bytes)
[2m2025-12-10T10:19:10.053961Z[0m [34mDEBUG[0m [2mhyper::proto::h1::conn[0m[2m:[0m incoming body completed
[2m2025-12-10T10:19:10.053969Z[0m [34mDEBUG[0m [2mhyper::client::pool[0m[2m:[0m pooling idle connection for ("http", 192.168.0.14:8545)
[2m2025-12-10T10:19:10.053995Z[0m [34mDEBUG[0m [2mhyper::client::pool[0m[2m:[0m reuse idle connection for ("http", 192.168.0.14:8545)
[2m2025-12-10T10:19:10.054293Z[0m [34mDEBUG[0m [2mhyper::proto::h1::io[0m[2m:[0m flushed 172 bytes
[2m2025-12-10T10:19:10.054960Z[0m [34mDEBUG[0m [2methereum_transaction_pool_monitor::eth_client[0m[2m:[0m ✅ Transaction 0x9aaab12629920143a49c66ffde857cea4498819af2319194fb37b51cc570c6ee fetched and parsed in 3.72984075s
[2m2025-12-10T10:19:10.055497Z[0m [34mDEBUG[0m [2methereum_transaction_pool_monitor::mempool_monitor[0m[2m:[0m 🔍 Skipping tx 0x9aaab12629920143a49c66ffde857cea4498819af2319194fb37b51cc570c6ee - not a DEX interaction (target: 0xd50370bEE8bFf23Bbb30ca558a1d0207DBc96ef2)
[2m2025-12-10T10:19:10.056470Z[0m [34mDEBUG[0m [2methereum_transaction_pool_monitor::mempool_monitor[0m[2m:[0m 📨 Processing new pending transaction: 0x262ded3550c06423fa046f1869f1733e7e5a59112efca9e84848ea3426ae1b9c
[2m2025-12-10T10:19:10.056477Z[0m [34mDEBUG[0m [2methereum_transaction_pool_monitor::mempool_monitor[0m[2m:[0m 🔍 Fetching transaction details for: 0x262ded3550c06423fa046f1869f1733e7e5a59112efca9e84848ea3426ae1b9c
[2m2025-12-10T10:19:10.056482Z[0m [34mDEBUG[0m [2methereum_transaction_pool_monitor::eth_client[0m[2m:[0m 🔍 Fetching transaction details for hash: 0x262ded3550c06423fa046f1869f1733e7e5a59112efca9e84848ea3426ae1b9c
[2m2025-12-10T10:19:10.056670Z[0m [34mDEBUG[0m [2mhyper::client::pool[0m[2m:[0m reuse idle connection for ("http", 192.168.0.14:8545)
[2m2025-12-10T10:19:10.056726Z[0m [34mDEBUG[0m [2mhyper::proto::h1::io[0m[2m:[0m flushed 250 bytes
[2m2025-12-10T10:19:10.057958Z[0m [34mDEBUG[0m [2mhyper::proto::h1::io[0m[2m:[0m parsed 4 headers
[2m2025-12-10T10:19:10.057964Z[0m [34mDEBUG[0m [2mhyper::proto::h1::conn[0m[2m:[0m incoming body is content-length (45 bytes)
[2m2025-12-10T10:19:10.057970Z[0m [34mDEBUG[0m [2mhyper::proto::h1::conn[0m[2m:[0m incoming body completed
[2m2025-12-10T10:19:10.057975Z[0m [34mDEBUG[0m [2mhyper::client::pool[0m[2m:[0m pooling idle connection for ("http", 192.168.0.14:8545)
[2m2025-12-10T10:19:10.057988Z[0m [34mDEBUG[0m [2mhyper::client::pool[0m[2m:[0m reuse idle connection for ("http", 192.168.0.14:8545)
[2m2025-12-10T10:19:10.058003Z[0m [34mDEBUG[0m [2mhyper::proto::h1::io[0m[2m:[0m flushed 172 bytes
[2m2025-12-10T10:19:10.062948Z[0m [34mDEBUG[0m [2mhyper::proto::h1::io[0m[2m:[0m parsed 4 headers
[2m2025-12-10T10:19:10.062955Z[0m [34mDEBUG[0m [2mhyper::proto::h1::conn[0m[2m:[0m incoming body is content-length (45 bytes)
[2m2025-12-10T10:19:10.062961Z[0m [34mDEBUG[0m [2mhyper::proto::h1::conn[0m[2m:[0m incoming body completed
[2m2025-12-10T10:19:10.062968Z[0m [34mDEBUG[0m [2mhyper::client::pool[0m[2m:[0m pooling idle connection for ("http", 192.168.0.14:8545)
[2m2025-12-10T10:19:10.062983Z[0m [34mDEBUG[0m [2mhyper::client::pool[0m[2m:[0m reuse idle connection for ("http", 192.168.0.14:8545)
[2m2025-12-10T10:19:10.062999Z[0m [34mDEBUG[0m [2mhyper::proto::h1::io[0m[2m:[0m flushed 172 bytes
[2m2025-12-10T10:19:10.069932Z[0m [34mDEBUG[0m [2mhyper::proto::h1::io[0m[2m:[0m parsed 4 headers
[2m2025-12-10T10:19:10.069942Z[0m [34mDEBUG[0m [2mhyper::proto::h1::conn[0m[2m:[0m incoming body is content-length (45 bytes)
[2m2025-12-10T10:19:10.069951Z[0m [34mDEBUG[0m [2mhyper::proto::h1::conn[0m[2m:[0m incoming body completed
[2m2025-12-10T10:19:10.069962Z[0m [34mDEBUG[0m [2mhyper::client::pool[0m[2m:[0m pooling idle connection for ("http", 192.168.0.14:8545)
[2m2025-12-10T10:19:10.070037Z[0m [34mDEBUG[0m [2mhyper::client::pool[0m[2m:[0m reuse idle connection for ("http", 192.168.0.14:8545)
[2m2025-12-10T10:19:10.070080Z[0m [34mDEBUG[0m [2mhyper::proto::h1::io[0m[2m:[0m flushed 172 bytes
[2m2025-12-10T10:19:10.076067Z[0m [34mDEBUG[0m [2mhyper::proto::h1::io[0m[2m:[0m parsed 4 headers
[2m2025-12-10T10:19:10.076074Z[0m [34mDEBUG[0m [2mhyper::proto::h1::conn[0m[2m:[0m incoming body is content-length (45 bytes)
[2m2025-12-10T10:19:10.076081Z[0m [34mDEBUG[0m [2mhyper::proto::h1::conn[0m[2m:[0m incoming body completed
[2m2025-12-10T10:19:10.076089Z[0m [34mDEBUG[0m [2mhyper::client::pool[0m[2m:[0m pooling idle connection for ("http", 192.168.0.14:8545)
[2m2025-12-10T10:19:10.076171Z[0m [34mDEBUG[0m [2mhyper::client::pool[0m[2m:[0m reuse idle connection for ("http", 192.168.0.14:8545)
[2m2025-12-10T10:19:10.076201Z[0m [34mDEBUG[0m [2mhyper::proto::h1::io[0m[2m:[0m flushed 172 bytes
[2m2025-12-10T10:19:10.078758Z[0m [34mDEBUG[0m [2mhyper::proto::h1::io[0m[2m:[0m parsed 4 headers
[2m2025-12-10T10:19:10.078764Z[0m [34mDEBUG[0m [2mhyper::proto::h1::conn[0m[2m:[0m incoming body is content-length (843 bytes)
[2m2025-12-10T10:19:10.078769Z[0m [34mDEBUG[0m [2mhyper::proto::h1::conn[0m[2m:[0m incoming body completed
[2m2025-12-10T10:19:10.078776Z[0m [34mDEBUG[0m [2mhyper::client::pool[0m[2m:[0m pooling idle connection for ("http", 192.168.0.14:8545)
[2m2025-12-10T10:19:10.078783Z[0m [34mDEBUG[0m [2methereum_transaction_pool_monitor::eth_client[0m[2m:[0m 📡 Transaction fetch RPC completed in 22.296291ms
[2m2025-12-10T10:19:10.078799Z[0m [34mDEBUG[0m [2methereum_transaction_pool_monitor::eth_client[0m[2m:[0m DeFi transaction detected - Address: 0xdac17f958d2ee523a2206206994597c13d831ec7, Type: Stablecoin, Value: 0 ETH, Gas: 0.33 Gwei
[2m2025-12-10T10:19:10.080260Z[0m [34mDEBUG[0m [2methereum_transaction_pool_monitor::eth_client[0m[2m:[0m ✅ Transaction 0x262ded3550c06423fa046f1869f1733e7e5a59112efca9e84848ea3426ae1b9c fetched and parsed in 23.772416ms
[2m2025-12-10T10:19:10.080454Z[0m [34mDEBUG[0m [2methereum_transaction_pool_monitor::mempool_monitor[0m[2m:[0m 🔍 Skipping tx 0x262ded3550c06423fa046f1869f1733e7e5a59112efca9e84848ea3426ae1b9c - not a DEX interaction (target: 0xdAC17F958D2ee523a2206206994597C13D831ec7)
[2m2025-12-10T10:19:10.080466Z[0m [34mDEBUG[0m [2methereum_transaction_pool_monitor::mempool_monitor[0m[2m:[0m 📨 Processing new pending transaction: 0x81feb625d85b59004b01ea64e510ef123aa947e4493e203e12878083dcf9b07b
[2m2025-12-10T10:19:10.080477Z[0m [34mDEBUG[0m [2methereum_transaction_pool_monitor::mempool_monitor[0m[2m:[0m 🔍 Fetching transaction details for: 0x81feb625d85b59004b01ea64e510ef123aa947e4493e203e12878083dcf9b07b
[2m2025-12-10T10:19:10.080483Z[0m [34mDEBUG[0m [2methereum_transaction_pool_monitor::eth_client[0m[2m:[0m 🔍 Fetching transaction details for hash: 0x81feb625d85b59004b01ea64e510ef123aa947e4493e203e12878083dcf9b07b
[2m2025-12-10T10:19:10.080500Z[0m [34mDEBUG[0m [2mhyper::client::pool[0m[2m:[0m reuse idle connection for ("http", 192.168.0.14:8545)
[2m2025-12-10T10:19:10.080526Z[0m [34mDEBUG[0m [2mhyper::proto::h1::io[0m[2m:[0m flushed 250 bytes
[2m2025-12-10T10:19:10.082386Z[0m [34mDEBUG[0m [2mhyper::proto::h1::io[0m[2m:[0m parsed 4 headers
[2m2025-12-10T10:19:10.082394Z[0m [34mDEBUG[0m [2mhyper::proto::h1::conn[0m[2m:[0m incoming body is content-length (45 bytes)
[2m2025-12-10T10:19:10.082402Z[0m [34mDEBUG[0m [2mhyper::proto::h1::conn[0m[2m:[0m incoming body completed
[2m2025-12-10T10:19:10.082411Z[0m [34mDEBUG[0m [2mhyper::client::pool[0m[2m:[0m pooling idle connection for ("http", 192.168.0.14:8545)
[2m2025-12-10T10:19:10.082432Z[0m [34mDEBUG[0m [2mhyper::client::pool[0m[2m:[0m reuse idle connection for ("http", 192.168.0.14:8545)
[2m2025-12-10T10:19:10.082452Z[0m [34mDEBUG[0m [2mhyper::proto::h1::io[0m[2m:[0m flushed 172 bytes
[2m2025-12-10T10:19:10.087601Z[0m [34mDEBUG[0m [2mhyper::proto::h1::io[0m[2m:[0m parsed 4 headers
[2m2025-12-10T10:19:10.087616Z[0m [34mDEBUG[0m [2mhyper::proto::h1::conn[0m[2m:[0m incoming body is content-length (713 bytes)
[2m2025-12-10T10:19:10.087624Z[0m [34mDEBUG[0m [2mhyper::proto::h1::conn[0m[2m:[0m incoming body completed
[2m2025-12-10T10:19:10.087635Z[0m [34mDEBUG[0m [2mhyper::client::pool[0m[2m:[0m pooling idle connection for ("http", 192.168.0.14:8545)
[2m2025-12-10T10:19:10.087643Z[0m [34mDEBUG[0m [2methereum_transaction_pool_monitor::eth_client[0m[2m:[0m 📡 Transaction fetch RPC completed in 7.155042ms
[2m2025-12-10T10:19:12.893457Z[0m [34mDEBUG[0m [2methereum_transaction_pool_monitor::eth_client[0m[2m:[0m ✅ Transaction 0x81feb625d85b59004b01ea64e510ef123aa947e4493e203e12878083dcf9b07b fetched and parsed in 2.808890292s
[2m2025-12-10T10:19:12.897418Z[0m [34mDEBUG[0m [2methereum_transaction_pool_monitor::mempool_monitor[0m[2m:[0m 🔍 Skipping tx 0x81feb625d85b59004b01ea64e510ef123aa947e4493e203e12878083dcf9b07b - not a DEX interaction (target: 0xB70F98e53BEE56A2E18A15bcd826579f495076F0)
[2m2025-12-10T10:19:12.904106Z[0m [34mDEBUG[0m [2methereum_transaction_pool_monitor::mempool_monitor[0m[2m:[0m 📨 Processing new pending transaction: 0xa2aceaf8078399ac6f92b8b952f72c4370aff976fde45a2618e022a4373efa76
[2m2025-12-10T10:19:12.904753Z[0m [34mDEBUG[0m [2methereum_transaction_pool_monitor::mempool_monitor[0m[2m:[0m 🔍 Fetching transaction details for: 0xa2aceaf8078399ac6f92b8b952f72c4370aff976fde45a2618e022a4373efa76
[2m2025-12-10T10:19:12.904957Z[0m [34mDEBUG[0m [2methereum_transaction_pool_monitor::eth_client[0m[2m:[0m 🔍 Fetching transaction details for hash: 0xa2aceaf8078399ac6f92b8b952f72c4370aff976fde45a2618e022a4373efa76
[2m2025-12-10T10:19:12.925914Z[0m [34mDEBUG[0m [2mhyper::client::pool[0m[2m:[0m reuse idle connection for ("http", 192.168.0.14:8545)
[2m2025-12-10T10:19:12.940361Z[0m [34mDEBUG[0m [2mhyper::proto::h1::io[0m[2m:[0m flushed 250 bytes
[2m2025-12-10T10:19:12.942201Z[0m [34mDEBUG[0m [2mhyper::proto::h1::io[0m[2m:[0m parsed 4 headers
[2m2025-12-10T10:19:12.942218Z[0m [34mDEBUG[0m [2mhyper::proto::h1::conn[0m[2m:[0m incoming body is content-length (45 bytes)
[2m2025-12-10T10:19:12.942542Z[0m [34mDEBUG[0m [2mhyper::proto::h1::conn[0m[2m:[0m incoming body completed
[2m2025-12-10T10:19:12.943230Z[0m [34mDEBUG[0m [2mhyper::client::pool[0m[2m:[0m pooling idle connection for ("http", 192.168.0.14:8545)
[2m2025-12-10T10:19:12.943453Z[0m [34mDEBUG[0m [2methereum_transaction_pool_monitor::eth_client[0m[2m:[0m 📨 Received WebSocket message: {"jsonrpc":"2.0","method":"eth_subscription","params":{"subscription":"0xbed0a0851463e895960a451075a301a9","result":"0x903aa6e964196eb75bbcd7aef244af10fd022fb53ddd1c047a4e19d8546b2aba"}}
[2m2025-12-10T10:19:12.944332Z[0m [34mDEBUG[0m [2methereum_transaction_pool_monitor::eth_client[0m[2m:[0m 📨 Received pending transaction: 0x903aa6e964196eb75bbcd7aef244af10fd022fb53ddd1c047a4e19d8546b2aba
[2m2025-12-10T10:19:12.945029Z[0m [32m INFO[0m [2methereum_transaction_pool_monitor::eth_client[0m[2m:[0m 📊 WebSocket stats - Total: 5053 transactions, Rate: 7.5 tx/s
[2m2025-12-10T10:19:12.945037Z[0m [34mDEBUG[0m [2methereum_transaction_pool_monitor::eth_client[0m[2m:[0m 📨 Received WebSocket message: {"jsonrpc":"2.0","method":"eth_subscription","params":{"subscription":"0xbed0a0851463e895960a451075a301a9","result":"0xbcd19c384a4b813725d3ca47216e9203dd679e6ae1c6294c027fe39e6962c234"}}
[2m2025-12-10T10:19:12.945051Z[0m [34mDEBUG[0m [2methereum_transaction_pool_monitor::eth_client[0m[2m:[0m 📨 Received pending transaction: 0xbcd19c384a4b813725d3ca47216e9203dd679e6ae1c6294c027fe39e6962c234
[2m2025-12-10T10:19:12.945164Z[0m [34mDEBUG[0m [2methereum_transaction_pool_monitor::eth_client[0m[2m:[0m 📨 Received WebSocket message: {"jsonrpc":"2.0","method":"eth_subscription","params":{"subscription":"0xbed0a0851463e895960a451075a301a9","result":"0x7cc3bece2245a3422c5df129974106fcf15340701fabd2aa3a8afca8a0a2d13c"}}
[2m2025-12-10T10:19:12.945170Z[0m [34mDEBUG[0m [2methereum_transaction_pool_monitor::eth_client[0m[2m:[0m 📨 Received pending transaction: 0x7cc3bece2245a3422c5df129974106fcf15340701fabd2aa3a8afca8a0a2d13c
[2m2025-12-10T10:19:12.945174Z[0m [34mDEBUG[0m [2methereum_transaction_pool_monitor::eth_client[0m[2m:[0m 📨 Received WebSocket message: {"jsonrpc":"2.0","method":"eth_subscription","params":{"subscription":"0xbed0a0851463e895960a451075a301a9","result":"0x2de8e7ac1e19a797fc48e494af302c246a2b32eaf4e686d3bc2e8627f68b4353"}}
[2m2025-12-10T10:19:12.945179Z[0m [34mDEBUG[0m [2methereum_transaction_pool_monitor::eth_client[0m[2m:[0m 📨 Received pending transaction: 0x2de8e7ac1e19a797fc48e494af302c246a2b32eaf4e686d3bc2e8627f68b4353
[2m2025-12-10T10:19:12.945183Z[0m [34mDEBUG[0m [2methereum_transaction_pool_monitor::eth_client[0m[2m:[0m 📨 Received WebSocket message: {"jsonrpc":"2.0","method":"eth_subscription","params":{"subscription":"0xbed0a0851463e895960a451075a301a9","result":"0x44c77b48800164421b732be33bfa372296a4e4e5b83c71e110596b952ffbcb34"}}
[2m2025-12-10T10:19:12.945187Z[0m [34mDEBUG[0m [2methereum_transaction_pool_monitor::eth_client[0m[2m:[0m 📨 Received pending transaction: 0x44c77b48800164421b732be33bfa372296a4e4e5b83c71e110596b952ffbcb34
[2m2025-12-10T10:19:12.945191Z[0m [34mDEBUG[0m [2methereum_transaction_pool_monitor::eth_client[0m[2m:[0m 📨 Received WebSocket message: {"jsonrpc":"2.0","method":"eth_subscription","params":{"subscription":"0xbed0a0851463e895960a451075a301a9","result":"0x80fa51e00055a35a01ea76758e76514dde2f1003be394d61e33a3429b6743745"}}
[2m2025-12-10T10:19:12.945196Z[0m [34mDEBUG[0m [2methereum_transaction_pool_monitor::eth_client[0m[2m:[0m 📨 Received pending transaction: 0x80fa51e00055a35a01ea76758e76514dde2f1003be394d61e33a3429b6743745
[2m2025-12-10T10:19:12.945200Z[0m [34mDEBUG[0m [2methereum_transaction_pool_monitor::eth_client[0m[2m:[0m 📨 Received WebSocket message: {"jsonrpc":"2.0","method":"eth_subscription","params":{"subscription":"0xbed0a0851463e895960a451075a301a9","result":"0x18c8774d60451769489fee86f6d61bf4a7c4ba75c68e46ed46f39faa5e53fbb3"}}
[2m2025-12-10T10:19:12.945204Z[0m [34mDEBUG[0m [2methereum_transaction_pool_monitor::eth_client[0m[2m:[0m 📨 Received pending transaction: 0x18c8774d60451769489fee86f6d61bf4a7c4ba75c68e46ed46f39faa5e53fbb3
[2m2025-12-10T10:19:12.945208Z[0m [34mDEBUG[0m [2methereum_transaction_pool_monitor::eth_client[0m[2m:[0m 📨 Received WebSocket message: {"jsonrpc":"2.0","method":"eth_subscription","params":{"subscription":"0xbed0a0851463e895960a451075a301a9","result":"0x2a1d59d41ab7f91fb42cf26cc570e80ea5770e018d1c9e09615f7f0f08fe062d"}}
[2m2025-12-10T10:19:12.945212Z[0m [34mDEBUG[0m [2methereum_transaction_pool_monitor::eth_client[0m[2m:[0m 📨 Received pending transaction: 0x2a1d59d41ab7f91fb42cf26cc570e80ea5770e018d1c9e09615f7f0f08fe062d
[2m2025-12-10T10:19:12.945216Z[0m [34mDEBUG[0m [2methereum_transaction_pool_monitor::eth_client[0m[2m:[0m 📨 Received WebSocket message: {"jsonrpc":"2.0","method":"eth_subscription","params":{"subscription":"0xbed0a0851463e895960a451075a301a9","result":"0x3341060f3c7da8fba677aa7c9a2f128dedfbed8cbf4d1af62e93f1922a4adb1b"}}
[2m2025-12-10T10:19:12.945220Z[0m [34mDEBUG[0m [2methereum_transaction_pool_monitor::eth_client[0m[2m:[0m 📨 Received pending transaction: 0x3341060f3c7da8fba677aa7c9a2f128dedfbed8cbf4d1af62e93f1922a4adb1b
[2m2025-12-10T10:19:12.945223Z[0m [34mDEBUG[0m [2methereum_transaction_pool_monitor::eth_client[0m[2m:[0m 📨 Received WebSocket message: {"jsonrpc":"2.0","method":"eth_subscription","params":{"subscription":"0xbed0a0851463e895960a451075a301a9","result":"0x24be0c1f9617820658e23a1a6cd5720d4a27b0d20c9f6a2aac7afe058a627672"}}
[2m2025-12-10T10:19:12.945228Z[0m [34mDEBUG[0m [2methereum_transaction_pool_monitor::eth_client[0m[2m:[0m 📨 Received pending transaction: 0x24be0c1f9617820658e23a1a6cd5720d4a27b0d20c9f6a2aac7afe058a627672
[2m2025-12-10T10:19:12.945330Z[0m [34mDEBUG[0m [2mhyper::client::pool[0m[2m:[0m reuse idle connection for ("http", 192.168.0.14:8545)
[2m2025-12-10T10:19:12.945541Z[0m [34mDEBUG[0m [2mhyper::proto::h1::io[0m[2m:[0m flushed 172 bytes
[2m2025-12-10T10:19:12.945553Z[0m [34mDEBUG[0m [2methereum_transaction_pool_monitor::eth_client[0m[2m:[0m 📨 Received WebSocket message: {"jsonrpc":"2.0","method":"eth_subscription","params":{"subscription":"0xbed0a0851463e895960a451075a301a9","result":"0x1080c5b45116b457ccf7bda58b41aa5a802300d311625fc5c940ae15d059ac06"}}
[2m2025-12-10T10:19:12.946251Z[0m [34mDEBUG[0m [2methereum_transaction_pool_monitor::eth_client[0m[2m:[0m 📨 Received pending transaction: 0x1080c5b45116b457ccf7bda58b41aa5a802300d311625fc5c940ae15d059ac06
[2m2025-12-10T10:19:12.946258Z[0m [34mDEBUG[0m [2methereum_transaction_pool_monitor::eth_client[0m[2m:[0m 📨 Received WebSocket message: {"jsonrpc":"2.0","method":"eth_subscription","params":{"subscription":"0xbed0a0851463e895960a451075a301a9","result":"0xf19785f66829ddd578c7d4b2baf40937084c980df8f8254c4343c6cc6d32fce2"}}
[2m2025-12-10T10:19:12.946263Z[0m [34mDEBUG[0m [2methereum_transaction_pool_monitor::eth_client[0m[2m:[0m 📨 Received pending transaction: 0xf19785f66829ddd578c7d4b2baf40937084c980df8f8254c4343c6cc6d32fce2
[2m2025-12-10T10:19:12.946267Z[0m [34mDEBUG[0m [2methereum_transaction_pool_monitor::eth_client[0m[2m:[0m 📨 Received WebSocket message: {"jsonrpc":"2.0","method":"eth_subscription","params":{"subscription":"0xbed0a0851463e895960a451075a301a9","result":"0x2b6604263b61ecf51bfb3979e99c73b20510d4337d9510e3abeb0dfcf1a2c362"}}
[2m2025-12-10T10:19:12.946271Z[0m [34mDEBUG[0m [2methereum_transaction_pool_monitor::eth_client[0m[2m:[0m 📨 Received pending transaction: 0x2b6604263b61ecf51bfb3979e99c73b20510d4337d9510e3abeb0dfcf1a2c362
[2m2025-12-10T10:19:12.946275Z[0m [34mDEBUG[0m [2methereum_transaction_pool_monitor::eth_client[0m[2m:[0m 📨 Received WebSocket message: {"jsonrpc":"2.0","method":"eth_subscription","params":{"subscription":"0xbed0a0851463e895960a451075a301a9","result":"0xdba3975cd29e451d880d3299b2c2f08a78b1de0e25dc299fd1828318b3c61057"}}
[2m2025-12-10T10:19:12.946280Z[0m [34mDEBUG[0m [2methereum_transaction_pool_monitor::eth_client[0m[2m:[0m 📨 Received pending transaction: 0xdba3975cd29e451d880d3299b2c2f08a78b1de0e25dc299fd1828318b3c61057
[2m2025-12-10T10:19:12.946283Z[0m [34mDEBUG[0m [2methereum_transaction_pool_monitor::eth_client[0m[2m:[0m 📨 Received WebSocket message: {"jsonrpc":"2.0","method":"eth_subscription","params":{"subscription":"0xbed0a0851463e895960a451075a301a9","result":"0xfba7aa97ed36c49921920e91bb05aae8a78c74ab8b49761f17a8039e88e67b99"}}
[2m2025-12-10T10:19:12.946288Z[0m [34mDEBUG[0m [2methereum_transaction_pool_monitor::eth_client[0m[2m:[0m 📨 Received pending transaction: 0xfba7aa97ed36c49921920e91bb05aae8a78c74ab8b49761f17a8039e88e67b99
[2m2025-12-10T10:19:12.946297Z[0m [34mDEBUG[0m [2methereum_transaction_pool_monitor::eth_client[0m[2m:[0m 📨 Received WebSocket message: {"jsonrpc":"2.0","method":"eth_subscription","params":{"subscription":"0xbed0a0851463e895960a451075a301a9","result":"0x80ad69f712cad23643fc72163a888d107fac830323eee2cc0fd31cec90afbe00"}}
[2m2025-12-10T10:19:12.946306Z[0m [34mDEBUG[0m [2methereum_transaction_pool_monitor::eth_client[0m[2m:[0m 📨 Received pending transaction: 0x80ad69f712cad23643fc72163a888d107fac830323eee2cc0fd31cec90afbe00
[2m2025-12-10T10:19:12.946337Z[0m [34mDEBUG[0m [2methereum_transaction_pool_monitor::eth_client[0m[2m:[0m 📨 Received WebSocket message: {"jsonrpc":"2.0","method":"eth_subscription","params":{"subscription":"0xbed0a0851463e895960a451075a301a9","result":"0xb1621ce5518699125d82fe9643ee2e2c3d0a6e9400ca4f98921435ca44bec15e"}}
[2m2025-12-10T10:19:12.946342Z[0m [34mDEBUG[0m [2methereum_transaction_pool_monitor::eth_client[0m[2m:[0m 📨 Received pending transaction: 0xb1621ce5518699125d82fe9643ee2e2c3d0a6e9400ca4f98921435ca44bec15e
[2m2025-12-10T10:19:12.946347Z[0m [34mDEBUG[0m [2methereum_transaction_pool_monitor::eth_client[0m[2m:[0m 📨 Received WebSocket message: {"jsonrpc":"2.0","method":"eth_subscription","params":{"subscription":"0xbed0a0851463e895960a451075a301a9","result":"0x9f36dcbf3bc6439bd8b15f6424ae9e5ada09ba9eebcb37e54e8690ed5ba71d0e"}}
[2m2025-12-10T10:19:12.946351Z[0m [34mDEBUG[0m [2methereum_transaction_pool_monitor::eth_client[0m[2m:[0m 📨 Received pending transaction: 0x9f36dcbf3bc6439bd8b15f6424ae9e5ada09ba9eebcb37e54e8690ed5ba71d0e
[2m2025-12-10T10:19:12.946355Z[0m [34mDEBUG[0m [2methereum_transaction_pool_monitor::eth_client[0m[2m:[0m 📨 Received WebSocket message: {"jsonrpc":"2.0","method":"eth_subscription","params":{"subscription":"0xbed0a0851463e895960a451075a301a9","result":"0x36fcbf93f2bcd65074911d62007b584f59ee17f53f66230d985e73ffc7b58dca"}}
[2m2025-12-10T10:19:12.946360Z[0m [34mDEBUG[0m [2methereum_transaction_pool_monitor::eth_client[0m[2m:[0m 📨 Received pending transaction: 0x36fcbf93f2bcd65074911d62007b584f59ee17f53f66230d985e73ffc7b58dca
[2m2025-12-10T10:19:12.946364Z[0m [34mDEBUG[0m [2methereum_transaction_pool_monitor::eth_client[0m[2m:[0m 📨 Received WebSocket message: {"jsonrpc":"2.0","method":"eth_subscription","params":{"subscription":"0xbed0a0851463e895960a451075a301a9","result":"0x34c4ca04396328bd25e72160243786a1b35327065c4879e7bf5eacaf6373b033"}}
[2m2025-12-10T10:19:12.946369Z[0m [34mDEBUG[0m [2methereum_transaction_pool_monitor::eth_client[0m[2m:[0m 📨 Received pending transaction: 0x34c4ca04396328bd25e72160243786a1b35327065c4879e7bf5eacaf6373b033
[2m2025-12-10T10:19:12.946372Z[0m [34mDEBUG[0m [2methereum_transaction_pool_monitor::eth_client[0m[2m:[0m 📨 Received WebSocket message: {"jsonrpc":"2.0","method":"eth_subscription","params":{"subscription":"0xbed0a0851463e895960a451075a301a9","result":"0xbb7307d9d492f00e604eb9d58c06842db64e2ffa621011dce90f19d9233d8a15"}}
[2m2025-12-10T10:19:12.946377Z[0m [34mDEBUG[0m [2methereum_transaction_pool_monitor::eth_client[0m[2m:[0m 📨 Received pending transaction: 0xbb7307d9d492f00e604eb9d58c06842db64e2ffa621011dce90f19d9233d8a15
[2m2025-12-10T10:19:12.946383Z[0m [34mDEBUG[0m [2methereum_transaction_pool_monitor::eth_client[0m[2m:[0m 📨 Received WebSocket message: {"jsonrpc":"2.0","method":"eth_subscription","params":{"subscription":"0xbed0a0851463e895960a451075a301a9","result":"0x02b75756425a0b9118a32b62eb4ce46b1dc0e343fd3e7adfa8a10c4eb4069368"}}
[2m2025-12-10T10:19:12.946388Z[0m [34mDEBUG[0m [2methereum_transaction_pool_monitor::eth_client[0m[2m:[0m 📨 Received pending transaction: 0x02b75756425a0b9118a32b62eb4ce46b1dc0e343fd3e7adfa8a10c4eb4069368
[2m2025-12-10T10:19:12.946391Z[0m [34mDEBUG[0m [2methereum_transaction_pool_monitor::eth_client[0m[2m:[0m 📨 Received WebSocket message: {"jsonrpc":"2.0","method":"eth_subscription","params":{"subscription":"0xbed0a0851463e895960a451075a301a9","result":"0x28425f1ee60b9574fc6e567e397c4f4d0d81ba6f18eb1a3e07c1c9a8cd6e86d5"}}
[2m2025-12-10T10:19:12.946396Z[0m [34mDEBUG[0m [2methereum_transaction_pool_monitor::eth_client[0m[2m:[0m 📨 Received pending transaction: 0x28425f1ee60b9574fc6e567e397c4f4d0d81ba6f18eb1a3e07c1c9a8cd6e86d5
[2m2025-12-10T10:19:12.946399Z[0m [34mDEBUG[0m [2methereum_transaction_pool_monitor::eth_client[0m[2m:[0m 📨 Received WebSocket message: {"jsonrpc":"2.0","method":"eth_subscription","params":{"subscription":"0xbed0a0851463e895960a451075a301a9","result":"0x635b0cd7fcda8715482a3467ca5f52ba90429ad4d421374f9d26e84e4e77088e"}}
[2m2025-12-10T10:19:12.946403Z[0m [34mDEBUG[0m [2methereum_transaction_pool_monitor::eth_client[0m[2m:[0m 📨 Received pending transaction: 0x635b0cd7fcda8715482a3467ca5f52ba90429ad4d421374f9d26e84e4e77088e
[2m2025-12-10T10:19:12.946407Z[0m [34mDEBUG[0m [2methereum_transaction_pool_monitor::eth_client[0m[2m:[0m 📨 Received WebSocket message: {"jsonrpc":"2.0","method":"eth_subscription","params":{"subscription":"0xbed0a0851463e895960a451075a301a9","result":"0x70044fa67ee604d096faa852a39a2ec085af44bbe421897d3d3796194878c4fb"}}
[2m2025-12-10T10:19:12.946464Z[0m [34mDEBUG[0m [2methereum_transaction_pool_monitor::eth_client[0m[2m:[0m 📨 Received pending transaction: 0x70044fa67ee604d096faa852a39a2ec085af44bbe421897d3d3796194878c4fb
[2m2025-12-10T10:19:12.946470Z[0m [34mDEBUG[0m [2methereum_transaction_pool_monitor::eth_client[0m[2m:[0m 📨 Received WebSocket message: {"jsonrpc":"2.0","method":"eth_subscription","params":{"subscription":"0xbed0a0851463e895960a451075a301a9","result":"0x65649851dd98ce6afae79de5a14679f72e6e802a1f26a18c72c2abed72cc51d3"}}
[2m2025-12-10T10:19:12.946786Z[0m [34mDEBUG[0m [2methereum_transaction_pool_monitor::eth_client[0m[2m:[0m 📨 Received pending transaction: 0x65649851dd98ce6afae79de5a14679f72e6e802a1f26a18c72c2abed72cc51d3
[2m2025-12-10T10:19:12.946826Z[0m [34mDEBUG[0m [2methereum_transaction_pool_monitor::eth_client[0m[2m:[0m 📨 Received WebSocket message: {"jsonrpc":"2.0","method":"eth_subscription","params":{"subscription":"0xbed0a0851463e895960a451075a301a9","result":"0x2af40c401681f9951572b9c423fe9cbc6b0b365033f2b1b836ed049704f60c30"}}
[2m2025-12-10T10:19:12.946831Z[0m [34mDEBUG[0m [2methereum_transaction_pool_monitor::eth_client[0m[2m:[0m 📨 Received pending transaction: 0x2af40c401681f9951572b9c423fe9cbc6b0b365033f2b1b836ed049704f60c30
[2m2025-12-10T10:19:12.946841Z[0m [34mDEBUG[0m [2methereum_transaction_pool_monitor::eth_client[0m[2m:[0m 📨 Received WebSocket message: {"jsonrpc":"2.0","method":"eth_subscription","params":{"subscription":"0xbed0a0851463e895960a451075a301a9","result":"0x4b959ef3f00153aed8e3332705cd74e5227e7e7227153418d7b0f50ec1d7b450"}}
[2m2025-12-10T10:19:12.946846Z[0m [34mDEBUG[0m [2methereum_transaction_pool_monitor::eth_client[0m[2m:[0m 📨 Received pending transaction: 0x4b959ef3f00153aed8e3332705cd74e5227e7e7227153418d7b0f50ec1d7b450
[2m2025-12-10T10:19:12.946933Z[0m [34mDEBUG[0m [2methereum_transaction_pool_monitor::eth_client[0m[2m:[0m 📨 Received WebSocket message: {"jsonrpc":"2.0","method":"eth_subscription","params":{"subscription":"0xbed0a0851463e895960a451075a301a9","result":"0xabda1f760575190fd83834c69ff4e9391b083dfd9ca72d80773f2bf529d86357"}}
[2m2025-12-10T10:19:12.947012Z[0m [34mDEBUG[0m [2methereum_transaction_pool_monitor::eth_client[0m[2m:[0m 📨 Received pending transaction: 0xabda1f760575190fd83834c69ff4e9391b083dfd9ca72d80773f2bf529d86357
[2m2025-12-10T10:19:12.947019Z[0m [34mDEBUG[0m [2methereum_transaction_pool_monitor::eth_client[0m[2m:[0m 📨 Received WebSocket message: {"jsonrpc":"2.0","method":"eth_subscription","params":{"subscription":"0xbed0a0851463e895960a451075a301a9","result":"0x699b5174a6e50a65e509d4792ee4f0b112ea5cc330091136dbfadfadc6df7682"}}
[2m2025-12-10T10:19:12.947025Z[0m [34mDEBUG[0m [2methereum_transaction_pool_monitor::eth_client[0m[2m:[0m 📨 Received pending transaction: 0x699b5174a6e50a65e509d4792ee4f0b112ea5cc330091136dbfadfadc6df7682
[2m2025-12-10T10:19:12.947029Z[0m [34mDEBUG[0m [2methereum_transaction_pool_monitor::eth_client[0m[2m:[0m 📨 Received WebSocket message: {"jsonrpc":"2.0","method":"eth_subscription","params":{"subscription":"0xbed0a0851463e895960a451075a301a9","result":"0xb1ea67037d7920ecf26fc5eda049a07e144a76778a994bb565e7fe5672d52167"}}
[2m2025-12-10T10:19:12.947034Z[0m [34mDEBUG[0m [2methereum_transaction_pool_monitor::eth_client[0m[2m:[0m 📨 Received pending transaction: 0xb1ea67037d7920ecf26fc5eda049a07e144a76778a994bb565e7fe5672d52167
[2m2025-12-10T10:19:12.947038Z[0m [34mDEBUG[0m [2methereum_transaction_pool_monitor::eth_client[0m[2m:[0m 📨 Received WebSocket message: {"jsonrpc":"2.0","method":"eth_subscription","params":{"subscription":"0xbed0a0851463e895960a451075a301a9","result":"0x56f334e1a71e2c5387f710921d25770ede34fc16fe13df27260ea12e93c33b39"}}
[2m2025-12-10T10:19:12.947043Z[0m [34mDEBUG[0m [2methereum_transaction_pool_monitor::eth_client[0m[2m:[0m 📨 Received pending transaction: 0x56f334e1a71e2c5387f710921d25770ede34fc16fe13df27260ea12e93c33b39
[2m2025-12-10T10:19:12.947047Z[0m [34mDEBUG[0m [2methereum_transaction_pool_monitor::eth_client[0m[2m:[0m 📨 Received WebSocket message: {"jsonrpc":"2.0","method":"eth_subscription","params":{"subscription":"0xbed0a0851463e895960a451075a301a9","result":"0x6553b8c955288e0305dbfb1477e5c9ea3157ce993237e13ecbdff4c002ed1caf"}}
[2m2025-12-10T10:19:12.947052Z[0m [34mDEBUG[0m [2methereum_transaction_pool_monitor::eth_client[0m[2m:[0m 📨 Received pending transaction: 0x6553b8c955288e0305dbfb1477e5c9ea3157ce993237e13ecbdff4c002ed1caf
[2m2025-12-10T10:19:12.947056Z[0m [34mDEBUG[0m [2methereum_transaction_pool_monitor::eth_client[0m[2m:[0m 📨 Received WebSocket message: {"jsonrpc":"2.0","method":"eth_subscription","params":{"subscription":"0xbed0a0851463e895960a451075a301a9","result":"0x932610896bc7feb942eaeb05ec0095c8f7d5563ed925482c5188d659bb62685a"}}
[2m2025-12-10T10:19:12.947060Z[0m [34mDEBUG[0m [2methereum_transaction_pool_monitor::eth_client[0m[2m:[0m 📨 Received pending transaction: 0x932610896bc7feb942eaeb05ec0095c8f7d5563ed925482c5188d659bb62685a
[2m2025-12-10T10:19:12.947064Z[0m [34mDEBUG[0m [2methereum_transaction_pool_monitor::eth_client[0m[2m:[0m 📨 Received WebSocket message: {"jsonrpc":"2.0","method":"eth_subscription","params":{"subscription":"0xbed0a0851463e895960a451075a301a9","result":"0x23f13bb8dbb59fed2959f709a55e5325e39f03756d80edad39986efc55fb1e50"}}
[2m2025-12-10T10:19:12.947068Z[0m [34mDEBUG[0m [2methereum_transaction_pool_monitor::eth_client[0m[2m:[0m 📨 Received pending transaction: 0x23f13bb8dbb59fed2959f709a55e5325e39f03756d80edad39986efc55fb1e50
[2m2025-12-10T10:19:12.947072Z[0m [34mDEBUG[0m [2methereum_transaction_pool_monitor::eth_client[0m[2m:[0m 📨 Received WebSocket message: {"jsonrpc":"2.0","method":"eth_subscription","params":{"subscription":"0xbed0a0851463e895960a451075a301a9","result":"0xf19ee95d5d9f1bcb78abd9fca25c2e2c7b48e1c0d14f268bc47af7524aef783e"}}
[2m2025-12-10T10:19:12.947076Z[0m [34mDEBUG[0m [2methereum_transaction_pool_monitor::eth_client[0m[2m:[0m 📨 Received pending transaction: 0xf19ee95d5d9f1bcb78abd9fca25c2e2c7b48e1c0d14f268bc47af7524aef783e
[2m2025-12-10T10:19:12.947080Z[0m [34mDEBUG[0m [2methereum_transaction_pool_monitor::eth_client[0m[2m:[0m 📨 Received WebSocket message: {"jsonrpc":"2.0","method":"eth_subscription","params":{"subscription":"0xbed0a0851463e895960a451075a301a9","result":"0x787c2f8bc7f64768153eb9bb31cb178d3a6a5eab161339703f407530b2be1675"}}
[2m2025-12-10T10:19:12.947163Z[0m [34mDEBUG[0m [2methereum_transaction_pool_monitor::eth_client[0m[2m:[0m 📨 Received pending transaction: 0x787c2f8bc7f64768153eb9bb31cb178d3a6a5eab161339703f407530b2be1675
[2m2025-12-10T10:19:12.947170Z[0m [34mDEBUG[0m [2methereum_transaction_pool_monitor::eth_client[0m[2m:[0m 📨 Received WebSocket message: {"jsonrpc":"2.0","method":"eth_subscription","params":{"subscription":"0xbed0a0851463e895960a451075a301a9","result":"0xa3aef09038a8b22cd581fb204e7dae210b267fdd810c8d46876a502f522431dd"}}
[2m2025-12-10T10:19:12.947175Z[0m [34mDEBUG[0m [2methereum_transaction_pool_monitor::eth_client[0m[2m:[0m 📨 Received pending transaction: 0xa3aef09038a8b22cd581fb204e7dae210b267fdd810c8d46876a502f522431dd
[2m2025-12-10T10:19:12.947179Z[0m [34mDEBUG[0m [2methereum_transaction_pool_monitor::eth_client[0m[2m:[0m 📨 Received WebSocket message: {"jsonrpc":"2.0","method":"eth_subscription","params":{"subscription":"0xbed0a0851463e895960a451075a301a9","result":"0xe186d09fca0da3ed1ff46c7020515655bda8b4c11092a9adb6fea085cc36e1bb"}}
[2m2025-12-10T10:19:12.947184Z[0m [34mDEBUG[0m [2methereum_transaction_pool_monitor::eth_client[0m[2m:[0m 📨 Received pending transaction: 0xe186d09fca0da3ed1ff46c7020515655bda8b4c11092a9adb6fea085cc36e1bb
[2m2025-12-10T10:19:12.947188Z[0m [34mDEBUG[0m [2methereum_transaction_pool_monitor::eth_client[0m[2m:[0m 📨 Received WebSocket message: {"jsonrpc":"2.0","method":"eth_subscription","params":{"subscription":"0xbed0a0851463e895960a451075a301a9","result":"0xd0bbbba4446c0cc57bd64cd71938bcb955c1c7e1f4614a92e4e544f592144b21"}}
[2m2025-12-10T10:19:12.947194Z[0m [34mDEBUG[0m [2methereum_transaction_pool_monitor::eth_client[0m[2m:[0m 📨 Received pending transaction: 0xd0bbbba4446c0cc57bd64cd71938bcb955c1c7e1f4614a92e4e544f592144b21
[2m2025-12-10T10:19:12.946328Z[0m [34mDEBUG[0m [2mhyper::proto::h1::io[0m[2m:[0m parsed 4 headers
[2m2025-12-10T10:19:12.947327Z[0m [34mDEBUG[0m [2methereum_transaction_pool_monitor::eth_client[0m[2m:[0m 📨 Received WebSocket message: {"jsonrpc":"2.0","method":"eth_subscription","params":{"subscription":"0xbed0a0851463e895960a451075a301a9","result":"0xf76887ed0e1d1d6c36ed5b9f9fe8ec4421990233b76101b2bfef444506e189e1"}}
[2m2025-12-10T10:19:12.947333Z[0m [34mDEBUG[0m [2methereum_transaction_pool_monitor::eth_client[0m[2m:[0m 📨 Received pending transaction: 0xf76887ed0e1d1d6c36ed5b9f9fe8ec4421990233b76101b2bfef444506e189e1
[2m2025-12-10T10:19:12.947340Z[0m [34mDEBUG[0m [2methereum_transaction_pool_monitor::eth_client[0m[2m:[0m 📨 Received WebSocket message: {"jsonrpc":"2.0","method":"eth_subscription","params":{"subscription":"0xbed0a0851463e895960a451075a301a9","result":"0x1378a0e8782db62a9f749eff89773854a770549842fea75b63ef0c0909a468eb"}}
[2m2025-12-10T10:19:12.947345Z[0m [34mDEBUG[0m [2methereum_transaction_pool_monitor::eth_client[0m[2m:[0m 📨 Received pending transaction: 0x1378a0e8782db62a9f749eff89773854a770549842fea75b63ef0c0909a468eb
[2m2025-12-10T10:19:12.947348Z[0m [34mDEBUG[0m [2methereum_transaction_pool_monitor::eth_client[0m[2m:[0m 📨 Received WebSocket message: {"jsonrpc":"2.0","method":"eth_subscription","params":{"subscription":"0xbed0a0851463e895960a451075a301a9","result":"0x9e30ae4e72cf0aacd0762785b8d35c3b1e50533c67a0a36688320a62f19ec369"}}
[2m2025-12-10T10:19:12.947352Z[0m [34mDEBUG[0m [2methereum_transaction_pool_monitor::eth_client[0m[2m:[0m 📨 Received pending transaction: 0x9e30ae4e72cf0aacd0762785b8d35c3b1e50533c67a0a36688320a62f19ec369
[2m2025-12-10T10:19:12.947360Z[0m [34mDEBUG[0m [2methereum_transaction_pool_monitor::eth_client[0m[2m:[0m 📨 Received WebSocket message: {"jsonrpc":"2.0","method":"eth_subscription","params":{"subscription":"0xbed0a0851463e895960a451075a301a9","result":"0x306328efa265067499c75f8cea76187468146c19dcc774fb137312105aa1d5fa"}}
[2m2025-12-10T10:19:12.947365Z[0m [34mDEBUG[0m [2methereum_transaction_pool_monitor::eth_client[0m[2m:[0m 📨 Received pending transaction: 0x306328efa265067499c75f8cea76187468146c19dcc774fb137312105aa1d5fa
[2m2025-12-10T10:19:12.947370Z[0m [34mDEBUG[0m [2methereum_transaction_pool_monitor::eth_client[0m[2m:[0m 📨 Received WebSocket message: {"jsonrpc":"2.0","method":"eth_subscription","params":{"subscription":"0xbed0a0851463e895960a451075a301a9","result":"0x54b8af670054486fea7f3113da10347348a6e4a4ac9d92ff9c70fdf2fe4db544"}}
[2m2025-12-10T10:19:12.947376Z[0m [34mDEBUG[0m [2methereum_transaction_pool_monitor::eth_client[0m[2m:[0m 📨 Received pending transaction: 0x54b8af670054486fea7f3113da10347348a6e4a4ac9d92ff9c70fdf2fe4db544
[2m2025-12-10T10:19:12.947379Z[0m [34mDEBUG[0m [2methereum_transaction_pool_monitor::eth_client[0m[2m:[0m 📨 Received WebSocket message: {"jsonrpc":"2.0","method":"eth_subscription","params":{"subscription":"0xbed0a0851463e895960a451075a301a9","result":"0x925474e891ee88c7fb50dc5d7c955fd65a06d5a0760000fddccd7ba11344543e"}}
[2m2025-12-10T10:19:12.947384Z[0m [34mDEBUG[0m [2methereum_transaction_pool_monitor::eth_client[0m[2m:[0m 📨 Received pending transaction: 0x925474e891ee88c7fb50dc5d7c955fd65a06d5a0760000fddccd7ba11344543e
[2m2025-12-10T10:19:12.947388Z[0m [34mDEBUG[0m [2methereum_transaction_pool_monitor::eth_client[0m[2m:[0m 📨 Received WebSocket message: {"jsonrpc":"2.0","method":"eth_subscription","params":{"subscription":"0xbed0a0851463e895960a451075a301a9","result":"0x6b1c2d7c52e58f0c700eab9d453a753bdce9e2215d66c9e3bfd01ec9cb151007"}}
[2m2025-12-10T10:19:12.947392Z[0m [34mDEBUG[0m [2methereum_transaction_pool_monitor::eth_client[0m[2m:[0m 📨 Received pending transaction: 0x6b1c2d7c52e58f0c700eab9d453a753bdce9e2215d66c9e3bfd01ec9cb151007
[2m2025-12-10T10:19:12.947396Z[0m [34mDEBUG[0m [2methereum_transaction_pool_monitor::eth_client[0m[2m:[0m 📨 Received WebSocket message: {"jsonrpc":"2.0","method":"eth_subscription","params":{"subscription":"0xbed0a0851463e895960a451075a301a9","result":"0xa8fecf2d3ec32579895a1f7ac129481263c904a9b2f9560e2dde07c1fa2a6ffc"}}
[2m2025-12-10T10:19:12.947400Z[0m [34mDEBUG[0m [2methereum_transaction_pool_monitor::eth_client[0m[2m:[0m 📨 Received pending transaction: 0xa8fecf2d3ec32579895a1f7ac129481263c904a9b2f9560e2dde07c1fa2a6ffc
[2m2025-12-10T10:19:12.947404Z[0m [34mDEBUG[0m [2methereum_transaction_pool_monitor::eth_client[0m[2m:[0m 📨 Received WebSocket message: {"jsonrpc":"2.0","method":"eth_subscription","params":{"subscription":"0xbed0a0851463e895960a451075a301a9","result":"0x69da0b978ce747104cfe17c072152c53fd3a9da98b27d4b6e1e149fac67b92b6"}}
[2m2025-12-10T10:19:12.947408Z[0m [34mDEBUG[0m [2mhyper::proto::h1::conn[0m[2m:[0m incoming body is content-length (712 bytes)
[2m2025-12-10T10:19:12.947423Z[0m [34mDEBUG[0m [2mhyper::proto::h1::conn[0m[2m:[0m incoming body completed
[2m2025-12-10T10:19:12.947450Z[0m [34mDEBUG[0m [2methereum_transaction_pool_monitor::eth_client[0m[2m:[0m 📨 Received pending transaction: 0x69da0b978ce747104cfe17c072152c53fd3a9da98b27d4b6e1e149fac67b92b6
[2m2025-12-10T10:19:12.947455Z[0m [34mDEBUG[0m [2methereum_transaction_pool_monitor::eth_client[0m[2m:[0m 📨 Received WebSocket message: {"jsonrpc":"2.0","method":"eth_subscription","params":{"subscription":"0xbed0a0851463e895960a451075a301a9","result":"0xd9b7c46320abeed60f4277c2f8ff24ed3c285760d21d5100ec2cb4d0dfa27149"}}
[2m2025-12-10T10:19:12.947459Z[0m [34mDEBUG[0m [2methereum_transaction_pool_monitor::eth_client[0m[2m:[0m 📨 Received pending transaction: 0xd9b7c46320abeed60f4277c2f8ff24ed3c285760d21d5100ec2cb4d0dfa27149
[2m2025-12-10T10:19:12.947463Z[0m [34mDEBUG[0m [2methereum_transaction_pool_monitor::eth_client[0m[2m:[0m 📨 Received WebSocket message: {"jsonrpc":"2.0","method":"eth_subscription","params":{"subscription":"0xbed0a0851463e895960a451075a301a9","result":"0xbfe8edb374e5dc7b56bb580e05798786c49147751fe8a0729b1f70ee525774ce"}}
[2m2025-12-10T10:19:12.947467Z[0m [34mDEBUG[0m [2methereum_transaction_pool_monitor::eth_client[0m[2m:[0m 📨 Received pending transaction: 0xbfe8edb374e5dc7b56bb580e05798786c49147751fe8a0729b1f70ee525774ce
[2m2025-12-10T10:19:12.947471Z[0m [34mDEBUG[0m [2methereum_transaction_pool_monitor::eth_client[0m[2m:[0m 📨 Received WebSocket message: {"jsonrpc":"2.0","method":"eth_subscription","params":{"subscription":"0xbed0a0851463e895960a451075a301a9","result":"0xb2b59461493b70cd3833873e3d000727c5c87dc7cc73c6b91962f0020811d5a8"}}
[2m2025-12-10T10:19:12.947475Z[0m [34mDEBUG[0m [2methereum_transaction_pool_monitor::eth_client[0m[2m:[0m 📨 Received pending transaction: 0xb2b59461493b70cd3833873e3d000727c5c87dc7cc73c6b91962f0020811d5a8
[2m2025-12-10T10:19:12.947479Z[0m [34mDEBUG[0m [2methereum_transaction_pool_monitor::eth_client[0m[2m:[0m 📨 Received WebSocket message: {"jsonrpc":"2.0","method":"eth_subscription","params":{"subscription":"0xbed0a0851463e895960a451075a301a9","result":"0xd6367920c5de008a0cf6ad2d0cfed89de03a3cff49d0778d1dcf09d45c3dce51"}}
[2m2025-12-10T10:19:12.947483Z[0m [34mDEBUG[0m [2methereum_transaction_pool_monitor::eth_client[0m[2m:[0m 📨 Received pending transaction: 0xd6367920c5de008a0cf6ad2d0cfed89de03a3cff49d0778d1dcf09d45c3dce51
[2m2025-12-10T10:19:12.947487Z[0m [34mDEBUG[0m [2methereum_transaction_pool_monitor::eth_client[0m[2m:[0m 📨 Received WebSocket message: {"jsonrpc":"2.0","method":"eth_subscription","params":{"subscription":"0xbed0a0851463e895960a451075a301a9","result":"0x795ef4b97ac438baefeea89ce8eaf804ccfcda488b5b36886514cd4b1f727004"}}
[2m2025-12-10T10:19:12.947491Z[0m [34mDEBUG[0m [2methereum_transaction_pool_monitor::eth_client[0m[2m:[0m 📨 Received pending transaction: 0x795ef4b97ac438baefeea89ce8eaf804ccfcda488b5b36886514cd4b1f727004
[2m2025-12-10T10:19:12.947495Z[0m [34mDEBUG[0m [2methereum_transaction_pool_monitor::eth_client[0m[2m:[0m 📨 Received WebSocket message: {"jsonrpc":"2.0","method":"eth_subscription","params":{"subscription":"0xbed0a0851463e895960a451075a301a9","result":"0x81855061c2688f2ce07ee3c0757d35919f67812f59477d1bdfdc793bee63852c"}}
[2m2025-12-10T10:19:12.947500Z[0m [34mDEBUG[0m [2methereum_transaction_pool_monitor::eth_client[0m[2m:[0m 📨 Received pending transaction: 0x81855061c2688f2ce07ee3c0757d35919f67812f59477d1bdfdc793bee63852c
[2m2025-12-10T10:19:12.947503Z[0m [34mDEBUG[0m [2methereum_transaction_pool_monitor::eth_client[0m[2m:[0m 📨 Received WebSocket message: {"jsonrpc":"2.0","method":"eth_subscription","params":{"subscription":"0xbed0a0851463e895960a451075a301a9","result":"0x0b37e7861392b599ec2d4518280821d01d9ad1b913fc87c337e42f565de8515c"}}
[2m2025-12-10T10:19:12.947509Z[0m [34mDEBUG[0m [2methereum_transaction_pool_monitor::eth_client[0m[2m:[0m 📨 Received pending transaction: 0x0b37e7861392b599ec2d4518280821d01d9ad1b913fc87c337e42f565de8515c
[2m2025-12-10T10:19:12.947513Z[0m [34mDEBUG[0m [2methereum_transaction_pool_monitor::eth_client[0m[2m:[0m 📨 Received WebSocket message: {"jsonrpc":"2.0","method":"eth_subscription","params":{"subscription":"0xbed0a0851463e895960a451075a301a9","result":"0x7fdf964ca1f28e7f9d2e12d35d598335c79912b58bfd20e5d7e26aafcea4a490"}}
[2m2025-12-10T10:19:12.947517Z[0m [34mDEBUG[0m [2methereum_transaction_pool_monitor::eth_client[0m[2m:[0m 📨 Received pending transaction: 0x7fdf964ca1f28e7f9d2e12d35d598335c79912b58bfd20e5d7e26aafcea4a490
[2m2025-12-10T10:19:12.947520Z[0m [34mDEBUG[0m [2methereum_transaction_pool_monitor::eth_client[0m[2m:[0m 📨 Received WebSocket message: {"jsonrpc":"2.0","method":"eth_subscription","params":{"subscription":"0xbed0a0851463e895960a451075a301a9","result":"0xd19b981a829a4d2e1ae420a5e1174b0b3ad42b24c4fc3a74fa839285d4f5174b"}}
[2m2025-12-10T10:19:12.947525Z[0m [34mDEBUG[0m [2methereum_transaction_pool_monitor::eth_client[0m[2m:[0m 📨 Received pending transaction: 0xd19b981a829a4d2e1ae420a5e1174b0b3ad42b24c4fc3a74fa839285d4f5174b
[2m2025-12-10T10:19:12.947528Z[0m [34mDEBUG[0m [2methereum_transaction_pool_monitor::eth_client[0m[2m:[0m 📨 Received WebSocket message: {"jsonrpc":"2.0","method":"eth_subscription","params":{"subscription":"0xbed0a0851463e895960a451075a301a9","result":"0xa31168a1958cc80cfc124780e36bff41ff2d6f2231c22d2fd831bd1e58e0b484"}}
[2m2025-12-10T10:19:12.947532Z[0m [34mDEBUG[0m [2methereum_transaction_pool_monitor::eth_client[0m[2m:[0m 📨 Received pending transaction: 0xa31168a1958cc80cfc124780e36bff41ff2d6f2231c22d2fd831bd1e58e0b484
[2m2025-12-10T10:19:12.947536Z[0m [34mDEBUG[0m [2methereum_transaction_pool_monitor::eth_client[0m[2m:[0m 📨 Received WebSocket message: {"jsonrpc":"2.0","method":"eth_subscription","params":{"subscription":"0xbed0a0851463e895960a451075a301a9","result":"0x4d6b2b029221fc03ddcd72b786c20e082e432bc78c878754b30a10472a901c91"}}
[2m2025-12-10T10:19:12.947540Z[0m [34mDEBUG[0m [2methereum_transaction_pool_monitor::eth_client[0m[2m:[0m 📨 Received pending transaction: 0x4d6b2b029221fc03ddcd72b786c20e082e432bc78c878754b30a10472a901c91
[2m2025-12-10T10:19:12.947544Z[0m [34mDEBUG[0m [2methereum_transaction_pool_monitor::eth_client[0m[2m:[0m 📨 Received WebSocket message: {"jsonrpc":"2.0","method":"eth_subscription","params":{"subscription":"0xbed0a0851463e895960a451075a301a9","result":"0x2622bd11242c9bc8262f0b108bcb5ebc9a3acddc9a247aed8331b3eee1a804ee"}}
[2m2025-12-10T10:19:12.947548Z[0m [34mDEBUG[0m [2methereum_transaction_pool_monitor::eth_client[0m[2m:[0m 📨 Received pending transaction: 0x2622bd11242c9bc8262f0b108bcb5ebc9a3acddc9a247aed8331b3eee1a804ee
[2m2025-12-10T10:19:12.947552Z[0m [34mDEBUG[0m [2methereum_transaction_pool_monitor::eth_client[0m[2m:[0m 📨 Received WebSocket message: {"jsonrpc":"2.0","method":"eth_subscription","params":{"subscription":"0xbed0a0851463e895960a451075a301a9","result":"0xf38d5f92a98b53ca07554813bf7e380978a0216e00f6e78febf6ee36687a7cf6"}}
[2m2025-12-10T10:19:12.947556Z[0m [34mDEBUG[0m [2methereum_transaction_pool_monitor::eth_client[0m[2m:[0m 📨 Received pending transaction: 0xf38d5f92a98b53ca07554813bf7e380978a0216e00f6e78febf6ee36687a7cf6
[2m2025-12-10T10:19:12.947560Z[0m [34mDEBUG[0m [2methereum_transaction_pool_monitor::eth_client[0m[2m:[0m 📨 Received WebSocket message: {"jsonrpc":"2.0","method":"eth_subscription","params":{"subscription":"0xbed0a0851463e895960a451075a301a9","result":"0x55b6e17801baaa5a830060c3ed8b404178ecf64a34630998f9570ac00b60e26f"}}
[2m2025-12-10T10:19:12.947564Z[0m [34mDEBUG[0m [2methereum_transaction_pool_monitor::eth_client[0m[2m:[0m 📨 Received pending transaction: 0x55b6e17801baaa5a830060c3ed8b404178ecf64a34630998f9570ac00b60e26f
[2m2025-12-10T10:19:12.947567Z[0m [34mDEBUG[0m [2methereum_transaction_pool_monitor::eth_client[0m[2m:[0m 📨 Received WebSocket message: {"jsonrpc":"2.0","method":"eth_subscription","params":{"subscription":"0xbed0a0851463e895960a451075a301a9","result":"0xa5fb109e2cb58d1784f152d7aeeec3baf4b9a0fcadbb67e6b277d9f1c2a2e8d7"}}
[2m2025-12-10T10:19:12.947571Z[0m [34mDEBUG[0m [2methereum_transaction_pool_monitor::eth_client[0m[2m:[0m 📨 Received pending transaction: 0xa5fb109e2cb58d1784f152d7aeeec3baf4b9a0fcadbb67e6b277d9f1c2a2e8d7
[2m2025-12-10T10:19:12.947577Z[0m [34mDEBUG[0m [2methereum_transaction_pool_monitor::eth_client[0m[2m:[0m 📨 Received WebSocket message: {"jsonrpc":"2.0","method":"eth_subscription","params":{"subscription":"0xbed0a0851463e895960a451075a301a9","result":"0xb683fed2d21853ccf2a6ac32cae5f131c427c35ffa1727f94d291edcc877d814"}}
[2m2025-12-10T10:19:12.947582Z[0m [34mDEBUG[0m [2methereum_transaction_pool_monitor::eth_client[0m[2m:[0m 📨 Received pending transaction: 0xb683fed2d21853ccf2a6ac32cae5f131c427c35ffa1727f94d291edcc877d814
[2m2025-12-10T10:19:12.947585Z[0m [34mDEBUG[0m [2methereum_transaction_pool_monitor::eth_client[0m[2m:[0m 📨 Received WebSocket message: {"jsonrpc":"2.0","method":"eth_subscription","params":{"subscription":"0xbed0a0851463e895960a451075a301a9","result":"0xd07545b11c0494550c62f3b8f462f1a0c87405c4df816fb349de580036692250"}}
[2m2025-12-10T10:19:12.947590Z[0m [34mDEBUG[0m [2methereum_transaction_pool_monitor::eth_client[0m[2m:[0m 📨 Received pending transaction: 0xd07545b11c0494550c62f3b8f462f1a0c87405c4df816fb349de580036692250
[2m2025-12-10T10:19:12.947593Z[0m [34mDEBUG[0m [2methereum_transaction_pool_monitor::eth_client[0m[2m:[0m 📨 Received WebSocket message: {"jsonrpc":"2.0","method":"eth_subscription","params":{"subscription":"0xbed0a0851463e895960a451075a301a9","result":"0x5b867625b286ccd53f3c3d8d2f300dd1106eafa7be78e7f1c85c2064608f166e"}}
[2m2025-12-10T10:19:12.947598Z[0m [34mDEBUG[0m [2methereum_transaction_pool_monitor::eth_client[0m[2m:[0m 📨 Received pending transaction: 0x5b867625b286ccd53f3c3d8d2f300dd1106eafa7be78e7f1c85c2064608f166e
[2m2025-12-10T10:19:12.947601Z[0m [34mDEBUG[0m [2methereum_transaction_pool_monitor::eth_client[0m[2m:[0m 📨 Received WebSocket message: {"jsonrpc":"2.0","method":"eth_subscription","params":{"subscription":"0xbed0a0851463e895960a451075a301a9","result":"0x8510302b7a4a07a1fdbfa10d89061770863939bd1ba4b56a48545aef727482bb"}}
[2m2025-12-10T10:19:12.947606Z[0m [34mDEBUG[0m [2methereum_transaction_pool_monitor::eth_client[0m[2m:[0m 📨 Received pending transaction: 0x8510302b7a4a07a1fdbfa10d89061770863939bd1ba4b56a48545aef727482bb
[2m2025-12-10T10:19:12.947609Z[0m [34mDEBUG[0m [2methereum_transaction_pool_monitor::eth_client[0m[2m:[0m 📨 Received WebSocket message: {"jsonrpc":"2.0","method":"eth_subscription","params":{"subscription":"0xbed0a0851463e895960a451075a301a9","result":"0xe5aefde2d4d956569168e234338ea5132821df571b1d95e0e8717cc99697f9a9"}}
[2m2025-12-10T10:19:12.947630Z[0m [34mDEBUG[0m [2methereum_transaction_pool_monitor::eth_client[0m[2m:[0m 📨 Received pending transaction: 0xe5aefde2d4d956569168e234338ea5132821df571b1d95e0e8717cc99697f9a9
[2m2025-12-10T10:19:12.947674Z[0m [34mDEBUG[0m [2methereum_transaction_pool_monitor::eth_client[0m[2m:[0m 📨 Received WebSocket message: {"jsonrpc":"2.0","method":"eth_subscription","params":{"subscription":"0xbed0a0851463e895960a451075a301a9","result":"0x10f93de417b6140f16ea4c914dd824674cce1f99d4773a06488ea1b03f49352b"}}
[2m2025-12-10T10:19:12.947734Z[0m [34mDEBUG[0m [2mhyper::client::pool[0m[2m:[0m pooling idle connection for ("http", 192.168.0.14:8545)
[2m2025-12-10T10:19:12.947876Z[0m [34mDEBUG[0m [2methereum_transaction_pool_monitor::eth_client[0m[2m:[0m 📨 Received pending transaction: 0x10f93de417b6140f16ea4c914dd824674cce1f99d4773a06488ea1b03f49352b
[2m2025-12-10T10:19:12.947881Z[0m [34mDEBUG[0m [2methereum_transaction_pool_monitor::eth_client[0m[2m:[0m 📨 Received WebSocket message: {"jsonrpc":"2.0","method":"eth_subscription","params":{"subscription":"0xbed0a0851463e895960a451075a301a9","result":"0x52339b59c79579df983df212dbc1563bf34d5179e8a882a5d64635a6f836576a"}}
[2m2025-12-10T10:19:12.947946Z[0m [34mDEBUG[0m [2methereum_transaction_pool_monitor::eth_client[0m[2m:[0m 📡 Transaction fetch RPC completed in 42.948334ms
[2m2025-12-10T10:19:12.947886Z[0m [34mDEBUG[0m [2methereum_transaction_pool_monitor::eth_client[0m[2m:[0m 📨 Received pending transaction: 0x52339b59c79579df983df212dbc1563bf34d5179e8a882a5d64635a6f836576a
[2m2025-12-10T10:19:12.948009Z[0m [34mDEBUG[0m [2methereum_transaction_pool_monitor::eth_client[0m[2m:[0m 📨 Received WebSocket message: {"jsonrpc":"2.0","method":"eth_subscription","params":{"subscription":"0xbed0a0851463e895960a451075a301a9","result":"0x7c7e8a86037818d3cb1a0e690572b3daa8d38a270940549735d379fde71c04d6"}}
[2m2025-12-10T10:19:12.948014Z[0m [34mDEBUG[0m [2methereum_transaction_pool_monitor::eth_client[0m[2m:[0m 📨 Received pending transaction: 0x7c7e8a86037818d3cb1a0e690572b3daa8d38a270940549735d379fde71c04d6
[2m2025-12-10T10:19:12.948027Z[0m [34mDEBUG[0m [2methereum_transaction_pool_monitor::eth_client[0m[2m:[0m 📨 Received WebSocket message: {"jsonrpc":"2.0","method":"eth_subscription","params":{"subscription":"0xbed0a0851463e895960a451075a301a9","result":"0xcc1e4c1aa41b401947c04da87d1deff4f9363b5939dc364b0baf2b000c8ded4f"}}
[2m2025-12-10T10:19:12.948042Z[0m [34mDEBUG[0m [2methereum_transaction_pool_monitor::eth_client[0m[2m:[0m 📨 Received pending transaction: 0xcc1e4c1aa41b401947c04da87d1deff4f9363b5939dc364b0baf2b000c8ded4f
[2m2025-12-10T10:19:12.948047Z[0m [34mDEBUG[0m [2methereum_transaction_pool_monitor::eth_client[0m[2m:[0m 📨 Received WebSocket message: {"jsonrpc":"2.0","method":"eth_subscription","params":{"subscription":"0xbed0a0851463e895960a451075a301a9","result":"0xbeb045b3b0ce3de4282215778e3a410f2857ff195da72778c0c04d284c296532"}}
[2m2025-12-10T10:19:12.948056Z[0m [34mDEBUG[0m [2methereum_transaction_pool_monitor::eth_client[0m[2m:[0m 📨 Received pending transaction: 0xbeb045b3b0ce3de4282215778e3a410f2857ff195da72778c0c04d284c296532
[2m2025-12-10T10:19:12.948060Z[0m [34mDEBUG[0m [2methereum_transaction_pool_monitor::eth_client[0m[2m:[0m 📨 Received WebSocket message: {"jsonrpc":"2.0","method":"eth_subscription","params":{"subscription":"0xbed0a0851463e895960a451075a301a9","result":"0xd6dedfcda6ad87223bc570e9659846daa6bd9f4c05f17e0e5b13b3654cb85270"}}
[2m2025-12-10T10:19:12.948068Z[0m [34mDEBUG[0m [2methereum_transaction_pool_monitor::eth_client[0m[2m:[0m 📨 Received pending transaction: 0xd6dedfcda6ad87223bc570e9659846daa6bd9f4c05f17e0e5b13b3654cb85270
[2m2025-12-10T10:19:12.948072Z[0m [34mDEBUG[0m [2methereum_transaction_pool_monitor::eth_client[0m[2m:[0m 📨 Received WebSocket message: {"jsonrpc":"2.0","method":"eth_subscription","params":{"subscription":"0xbed0a0851463e895960a451075a301a9","result":"0x281857589cbecefcbbdb79316b2a37e7a55dddd3abf930aeee3976c472d65fbe"}}
[2m2025-12-10T10:19:12.948076Z[0m [34mDEBUG[0m [2methereum_transaction_pool_monitor::eth_client[0m[2m:[0m 📨 Received pending transaction: 0x281857589cbecefcbbdb79316b2a37e7a55dddd3abf930aeee3976c472d65fbe
[2m2025-12-10T10:19:12.948080Z[0m [34mDEBUG[0m [2methereum_transaction_pool_monitor::eth_client[0m[2m:[0m 📨 Received WebSocket message: {"jsonrpc":"2.0","method":"eth_subscription","params":{"subscription":"0xbed0a0851463e895960a451075a301a9","result":"0xf28a54e75daebd9204d44e2c0fbe25c5f691117058f536811f4fd8bba41d03fb"}}
[2m2025-12-10T10:19:12.948124Z[0m [34mDEBUG[0m [2methereum_transaction_pool_monitor::eth_client[0m[2m:[0m 📨 Received pending transaction: 0xf28a54e75daebd9204d44e2c0fbe25c5f691117058f536811f4fd8bba41d03fb
[2m2025-12-10T10:19:12.948129Z[0m [34mDEBUG[0m [2methereum_transaction_pool_monitor::eth_client[0m[2m:[0m 📨 Received WebSocket message: {"jsonrpc":"2.0","method":"eth_subscription","params":{"subscription":"0xbed0a0851463e895960a451075a301a9","result":"0x30bdfc99a518b5ba26bb56facc83427409a3a64cb051ecc6b44468f322283a73"}}
[2m2025-12-10T10:19:12.948134Z[0m [34mDEBUG[0m [2methereum_transaction_pool_monitor::eth_client[0m[2m:[0m 📨 Received pending transaction: 0x30bdfc99a518b5ba26bb56facc83427409a3a64cb051ecc6b44468f322283a73
[2m2025-12-10T10:19:12.948139Z[0m [34mDEBUG[0m [2methereum_transaction_pool_monitor::eth_client[0m[2m:[0m 📨 Received WebSocket message: {"jsonrpc":"2.0","method":"eth_subscription","params":{"subscription":"0xbed0a0851463e895960a451075a301a9","result":"0xfc5a0909f794b5e6b826c127583aa951b0808677977e0efff115a3676a1fbff6"}}
[2m2025-12-10T10:19:12.948144Z[0m [34mDEBUG[0m [2methereum_transaction_pool_monitor::eth_client[0m[2m:[0m 📨 Received pending transaction: 0xfc5a0909f794b5e6b826c127583aa951b0808677977e0efff115a3676a1fbff6
[2m2025-12-10T10:19:12.948147Z[0m [34mDEBUG[0m [2methereum_transaction_pool_monitor::eth_client[0m[2m:[0m 📨 Received WebSocket message: {"jsonrpc":"2.0","method":"eth_subscription","params":{"subscription":"0xbed0a0851463e895960a451075a301a9","result":"0xfdfff418eee5f2be8c118b7454113083ea5062ac96b532760df674523e5dca21"}}
[2m2025-12-10T10:19:12.948152Z[0m [34mDEBUG[0m [2methereum_transaction_pool_monitor::eth_client[0m[2m:[0m 📨 Received pending transaction: 0xfdfff418eee5f2be8c118b7454113083ea5062ac96b532760df674523e5dca21
[2m2025-12-10T10:19:12.948156Z[0m [34mDEBUG[0m [2methereum_transaction_pool_monitor::eth_client[0m[2m:[0m 📨 Received WebSocket message: {"jsonrpc":"2.0","method":"eth_subscription","params":{"subscription":"0xbed0a0851463e895960a451075a301a9","result":"0x9643159feaa3f40a72589e491e9606b05d127c26c8e154fc6ef2c97da4436838"}}
[2m2025-12-10T10:19:12.948160Z[0m [34mDEBUG[0m [2methereum_transaction_pool_monitor::eth_client[0m[2m:[0m 📨 Received pending transaction: 0x9643159feaa3f40a72589e491e9606b05d127c26c8e154fc6ef2c97da4436838
[2m2025-12-10T10:19:12.948164Z[0m [34mDEBUG[0m [2methereum_transaction_pool_monitor::eth_client[0m[2m:[0m 📨 Received WebSocket message: {"jsonrpc":"2.0","method":"eth_subscription","params":{"subscription":"0xbed0a0851463e895960a451075a301a9","result":"0x9b099fd4cb570967fead52db86c5eeca4fbca0342eaac59bb47363e53728fb7d"}}
[2m2025-12-10T10:19:12.948168Z[0m [34mDEBUG[0m [2methereum_transaction_pool_monitor::eth_client[0m[2m:[0m 📨 Received pending transaction: 0x9b099fd4cb570967fead52db86c5eeca4fbca0342eaac59bb47363e53728fb7d
[2m2025-12-10T10:19:12.948172Z[0m [34mDEBUG[0m [2methereum_transaction_pool_monitor::eth_client[0m[2m:[0m 📨 Received WebSocket message: {"jsonrpc":"2.0","method":"eth_subscription","params":{"subscription":"0xbed0a0851463e895960a451075a301a9","result":"0x4c0e6b5b5bf5d61317b356ea7b005d1b88ad01ec3188f8fc7c30ba94434241e2"}}
[2m2025-12-10T10:19:12.948176Z[0m [34mDEBUG[0m [2methereum_transaction_pool_monitor::eth_client[0m[2m:[0m 📨 Received pending transaction: 0x4c0e6b5b5bf5d61317b356ea7b005d1b88ad01ec3188f8fc7c30ba94434241e2
[2m2025-12-10T10:19:12.948180Z[0m [34mDEBUG[0m [2methereum_transaction_pool_monitor::eth_client[0m[2m:[0m 📨 Received WebSocket message: {"jsonrpc":"2.0","method":"eth_subscription","params":{"subscription":"0xbed0a0851463e895960a451075a301a9","result":"0x8120d5db510a81163d97243884aa20670b120e62d5e5e9cea32fc26e1d340b32"}}
[2m2025-12-10T10:19:12.948929Z[0m [34mDEBUG[0m [2methereum_transaction_pool_monitor::eth_client[0m[2m:[0m 📨 Received pending transaction: 0x8120d5db510a81163d97243884aa20670b120e62d5e5e9cea32fc26e1d340b32
[2m2025-12-10T10:19:12.948936Z[0m [34mDEBUG[0m [2methereum_transaction_pool_monitor::eth_client[0m[2m:[0m 📨 Received WebSocket message: {"jsonrpc":"2.0","method":"eth_subscription","params":{"subscription":"0xbed0a0851463e895960a451075a301a9","result":"0x2164f4a6ec24f96d14405044cfdbed6f72e0d5f42f832ff4c60c89cbeab37dfa"}}
[2m2025-12-10T10:19:12.948946Z[0m [34mDEBUG[0m [2methereum_transaction_pool_monitor::eth_client[0m[2m:[0m 📨 Received pending transaction: 0x2164f4a6ec24f96d14405044cfdbed6f72e0d5f42f832ff4c60c89cbeab37dfa
[2m2025-12-10T10:19:12.949357Z[0m [34mDEBUG[0m [2methereum_transaction_pool_monitor::eth_client[0m[2m:[0m 📨 Received WebSocket message: {"jsonrpc":"2.0","method":"eth_subscription","params":{"subscription":"0xbed0a0851463e895960a451075a301a9","result":"0xc94284aaa4e16fe1406f00fa7e0ab796bd8574ce50b3205efc7a5bf20d436a72"}}
[2m2025-12-10T10:19:12.949368Z[0m [34mDEBUG[0m [2methereum_transaction_pool_monitor::eth_client[0m[2m:[0m 📨 Received pending transaction: 0xc94284aaa4e16fe1406f00fa7e0ab796bd8574ce50b3205efc7a5bf20d436a72
[2m2025-12-10T10:19:12.949394Z[0m [34mDEBUG[0m [2methereum_transaction_pool_monitor::eth_client[0m[2m:[0m 📨 Received WebSocket message: {"jsonrpc":"2.0","method":"eth_subscription","params":{"subscription":"0xbed0a0851463e895960a451075a301a9","result":"0x193ae8ac5c385d5c1a8d2a2a82a4b4267a1eb297d34b782d84917428edccbab7"}}
[2m2025-12-10T10:19:12.949498Z[0m [34mDEBUG[0m [2methereum_transaction_pool_monitor::eth_client[0m[2m:[0m 📨 Received pending transaction: 0x193ae8ac5c385d5c1a8d2a2a82a4b4267a1eb297d34b782d84917428edccbab7
[2m2025-12-10T10:19:12.949504Z[0m [34mDEBUG[0m [2methereum_transaction_pool_monitor::eth_client[0m[2m:[0m 📨 Received WebSocket message: {"jsonrpc":"2.0","method":"eth_subscription","params":{"subscription":"0xbed0a0851463e895960a451075a301a9","result":"0x9ae77dd2c3221a19041ed13e8a16dd101f610630e33e85854b055660493f7a46"}}
[2m2025-12-10T10:19:12.949511Z[0m [34mDEBUG[0m [2methereum_transaction_pool_monitor::eth_client[0m[2m:[0m 📨 Received pending transaction: 0x9ae77dd2c3221a19041ed13e8a16dd101f610630e33e85854b055660493f7a46
[2m2025-12-10T10:19:12.949516Z[0m [34mDEBUG[0m [2methereum_transaction_pool_monitor::eth_client[0m[2m:[0m 📨 Received WebSocket message: {"jsonrpc":"2.0","method":"eth_subscription","params":{"subscription":"0xbed0a0851463e895960a451075a301a9","result":"0xd362fec1a6ba70fd5a4045fc6b6ff965d2962d84490a74d1c999fd6a6e8be85a"}}
[2m2025-12-10T10:19:12.949549Z[0m [34mDEBUG[0m [2methereum_transaction_pool_monitor::eth_client[0m[2m:[0m 📨 Received pending transaction: 0xd362fec1a6ba70fd5a4045fc6b6ff965d2962d84490a74d1c999fd6a6e8be85a
[2m2025-12-10T10:19:12.949554Z[0m [34mDEBUG[0m [2methereum_transaction_pool_monitor::eth_client[0m[2m:[0m 📨 Received WebSocket message: {"jsonrpc":"2.0","method":"eth_subscription","params":{"subscription":"0xbed0a0851463e895960a451075a301a9","result":"0x027771d8d936d7ed8fd5f3a3e0dae6758a49157bf75af9d3e272a3752f6f0d97"}}
[2m2025-12-10T10:19:12.949559Z[0m [34mDEBUG[0m [2methereum_transaction_pool_monitor::eth_client[0m[2m:[0m 📨 Received pending transaction: 0x027771d8d936d7ed8fd5f3a3e0dae6758a49157bf75af9d3e272a3752f6f0d97
[2m2025-12-10T10:19:12.949563Z[0m [34mDEBUG[0m [2methereum_transaction_pool_monitor::eth_client[0m[2m:[0m 📨 Received WebSocket message: {"jsonrpc":"2.0","method":"eth_subscription","params":{"subscription":"0xbed0a0851463e895960a451075a301a9","result":"0xb2a4d3f659dc62a63eff744801e60322f6842a22b0dc8fa55c68e163c767e1fa"}}
[2m2025-12-10T10:19:12.949568Z[0m [34mDEBUG[0m [2methereum_transaction_pool_monitor::eth_client[0m[2m:[0m 📨 Received pending transaction: 0xb2a4d3f659dc62a63eff744801e60322f6842a22b0dc8fa55c68e163c767e1fa
[2m2025-12-10T10:19:12.949572Z[0m [34mDEBUG[0m [2methereum_transaction_pool_monitor::eth_client[0m[2m:[0m 📨 Received WebSocket message: {"jsonrpc":"2.0","method":"eth_subscription","params":{"subscription":"0xbed0a0851463e895960a451075a301a9","result":"0xea92755054b5111ee9bf64edde89b8cedcd9ccc4e28d2a9f95338b4f01c94a7d"}}
[2m2025-12-10T10:19:12.949577Z[0m [34mDEBUG[0m [2methereum_transaction_pool_monitor::eth_client[0m[2m:[0m 📨 Received pending transaction: 0xea92755054b5111ee9bf64edde89b8cedcd9ccc4e28d2a9f95338b4f01c94a7d
[2m2025-12-10T10:19:12.949581Z[0m [34mDEBUG[0m [2methereum_transaction_pool_monitor::eth_client[0m[2m:[0m 📨 Received WebSocket message: {"jsonrpc":"2.0","method":"eth_subscription","params":{"subscription":"0xbed0a0851463e895960a451075a301a9","result":"0x5f64fe15fd851c5d06f2ba4094030d366e286603d85a5df4c431a467c7ff20e3"}}
[2m2025-12-10T10:19:12.949586Z[0m [34mDEBUG[0m [2methereum_transaction_pool_monitor::eth_client[0m[2m:[0m 📨 Received pending transaction: 0x5f64fe15fd851c5d06f2ba4094030d366e286603d85a5df4c431a467c7ff20e3
[2m2025-12-10T10:19:12.949589Z[0m [34mDEBUG[0m [2methereum_transaction_pool_monitor::eth_client[0m[2m:[0m 📨 Received WebSocket message: {"jsonrpc":"2.0","method":"eth_subscription","params":{"subscription":"0xbed0a0851463e895960a451075a301a9","result":"0x6c7b6f7a5902b2ae8dfff129b7704093202021931a3c93bf293d780147797a5e"}}
[2m2025-12-10T10:19:12.949594Z[0m [34mDEBUG[0m [2methereum_transaction_pool_monitor::eth_client[0m[2m:[0m 📨 Received pending transaction: 0x6c7b6f7a5902b2ae8dfff129b7704093202021931a3c93bf293d780147797a5e
[2m2025-12-10T10:19:12.949600Z[0m [34mDEBUG[0m [2methereum_transaction_pool_monitor::eth_client[0m[2m:[0m 📨 Received WebSocket message: {"jsonrpc":"2.0","method":"eth_subscription","params":{"subscription":"0xbed0a0851463e895960a451075a301a9","result":"0x1e0326ac4fbc11106ed57faba27ed953baba302fe64441813a11d0de3226e01c"}}
[2m2025-12-10T10:19:12.949606Z[0m [34mDEBUG[0m [2methereum_transaction_pool_monitor::eth_client[0m[2m:[0m 📨 Received pending transaction: 0x1e0326ac4fbc11106ed57faba27ed953baba302fe64441813a11d0de3226e01c
[2m2025-12-10T10:19:12.949611Z[0m [34mDEBUG[0m [2methereum_transaction_pool_monitor::eth_client[0m[2m:[0m 📨 Received WebSocket message: {"jsonrpc":"2.0","method":"eth_subscription","params":{"subscription":"0xbed0a0851463e895960a451075a301a9","result":"0xcc8490585fd003d8434e13d57f17b0eddd57fd7802c64d961bdf06c6b6a90839"}}
[2m2025-12-10T10:19:12.949617Z[0m [34mDEBUG[0m [2methereum_transaction_pool_monitor::eth_client[0m[2m:[0m 📨 Received pending transaction: 0xcc8490585fd003d8434e13d57f17b0eddd57fd7802c64d961bdf06c6b6a90839
[2m2025-12-10T10:19:12.949621Z[0m [34mDEBUG[0m [2methereum_transaction_pool_monitor::eth_client[0m[2m:[0m 📨 Received WebSocket message: {"jsonrpc":"2.0","method":"eth_subscription","params":{"subscription":"0xbed0a0851463e895960a451075a301a9","result":"0x13c41e75b7db02eae0320ec5ae6b0816ce345bec5d744be25da02ed1bc5ba8ca"}}
[2m2025-12-10T10:19:12.949626Z[0m [34mDEBUG[0m [2methereum_transaction_pool_monitor::eth_client[0m[2m:[0m 📨 Received pending transaction: 0x13c41e75b7db02eae0320ec5ae6b0816ce345bec5d744be25da02ed1bc5ba8ca
[2m2025-12-10T10:19:12.949638Z[0m [34mDEBUG[0m [2methereum_transaction_pool_monitor::eth_client[0m[2m:[0m 📨 Received WebSocket message: {"jsonrpc":"2.0","method":"eth_subscription","params":{"subscription":"0xbed0a0851463e895960a451075a301a9","result":"0x728c5d3f8d5348b1f36ccd1e83aec52c611ddce5eab6012c44c3b576e1b2c992"}}
[2m2025-12-10T10:19:12.949949Z[0m [34mDEBUG[0m [2methereum_transaction_pool_monitor::eth_client[0m[2m:[0m 📨 Received pending transaction: 0x728c5d3f8d5348b1f36ccd1e83aec52c611ddce5eab6012c44c3b576e1b2c992
[2m2025-12-10T10:19:12.949954Z[0m [34mDEBUG[0m [2methereum_transaction_pool_monitor::eth_client[0m[2m:[0m 📨 Received WebSocket message: {"jsonrpc":"2.0","method":"eth_subscription","params":{"subscription":"0xbed0a0851463e895960a451075a301a9","result":"0x0546ee7091caa612284c4a6179aa684a7b24e9607ddef105086daa7e23811238"}}
[2m2025-12-10T10:19:12.950152Z[0m [34mDEBUG[0m [2methereum_transaction_pool_monitor::eth_client[0m[2m:[0m 📨 Received pending transaction: 0x0546ee7091caa612284c4a6179aa684a7b24e9607ddef105086daa7e23811238
[2m2025-12-10T10:19:12.950159Z[0m [34mDEBUG[0m [2methereum_transaction_pool_monitor::eth_client[0m[2m:[0m 📨 Received WebSocket message: {"jsonrpc":"2.0","method":"eth_subscription","params":{"subscription":"0xbed0a0851463e895960a451075a301a9","result":"0x950773e3e3e5c5b97467abf1e52f56ae3e726d2cff408ec9cf55d9d1cbc17990"}}
[2m2025-12-10T10:19:12.950163Z[0m [34mDEBUG[0m [2methereum_transaction_pool_monitor::eth_client[0m[2m:[0m 📨 Received pending transaction: 0x950773e3e3e5c5b97467abf1e52f56ae3e726d2cff408ec9cf55d9d1cbc17990
[2m2025-12-10T10:19:12.950167Z[0m [34mDEBUG[0m [2methereum_transaction_pool_monitor::eth_client[0m[2m:[0m 📨 Received WebSocket message: {"jsonrpc":"2.0","method":"eth_subscription","params":{"subscription":"0xbed0a0851463e895960a451075a301a9","result":"0x422ab506acdee101a033f91ec3d20e28bde8f0e4d9ea00a8d0248a462c2a1c70"}}
[2m2025-12-10T10:19:12.950172Z[0m [34mDEBUG[0m [2methereum_transaction_pool_monitor::eth_client[0m[2m:[0m 📨 Received pending transaction: 0x422ab506acdee101a033f91ec3d20e28bde8f0e4d9ea00a8d0248a462c2a1c70
[2m2025-12-10T10:19:12.950176Z[0m [34mDEBUG[0m [2methereum_transaction_pool_monitor::eth_client[0m[2m:[0m 📨 Received WebSocket message: {"jsonrpc":"2.0","method":"eth_subscription","params":{"subscription":"0xbed0a0851463e895960a451075a301a9","result":"0x43c07f203ea0944b8c81486b869e53bd83df39f388f50690f10eaf82acec65bd"}}
[2m2025-12-10T10:19:12.950181Z[0m [34mDEBUG[0m [2methereum_transaction_pool_monitor::eth_client[0m[2m:[0m 📨 Received pending transaction: 0x43c07f203ea0944b8c81486b869e53bd83df39f388f50690f10eaf82acec65bd
[2m2025-12-10T10:19:12.950186Z[0m [34mDEBUG[0m [2methereum_transaction_pool_monitor::eth_client[0m[2m:[0m 📨 Received WebSocket message: {"jsonrpc":"2.0","method":"eth_subscription","params":{"subscription":"0xbed0a0851463e895960a451075a301a9","result":"0xb9af79aaabd8c758fb635d3adc838a9c90561856a808de6f19a0cd4dc9689232"}}
[2m2025-12-10T10:19:12.950190Z[0m [34mDEBUG[0m [2methereum_transaction_pool_monitor::eth_client[0m[2m:[0m 📨 Received pending transaction: 0xb9af79aaabd8c758fb635d3adc838a9c90561856a808de6f19a0cd4dc9689232
[2m2025-12-10T10:19:12.950195Z[0m [34mDEBUG[0m [2methereum_transaction_pool_monitor::eth_client[0m[2m:[0m 📨 Received WebSocket message: {"jsonrpc":"2.0","method":"eth_subscription","params":{"subscription":"0xbed0a0851463e895960a451075a301a9","result":"0x097b619539c5f1901353ab9c56462c662bb3cfca81e61080694c45139d8fbe86"}}
[2m2025-12-10T10:19:12.950200Z[0m [34mDEBUG[0m [2methereum_transaction_pool_monitor::eth_client[0m[2m:[0m 📨 Received pending transaction: 0x097b619539c5f1901353ab9c56462c662bb3cfca81e61080694c45139d8fbe86
[2m2025-12-10T10:19:12.950204Z[0m [34mDEBUG[0m [2methereum_transaction_pool_monitor::eth_client[0m[2m:[0m 📨 Received WebSocket message: {"jsonrpc":"2.0","method":"eth_subscription","params":{"subscription":"0xbed0a0851463e895960a451075a301a9","result":"0xf37cf27cb8c89d02655ea624a6fb10685b5291654105e7a0d4c8bb1c879aabf1"}}
[2m2025-12-10T10:19:12.950208Z[0m [34mDEBUG[0m [2methereum_transaction_pool_monitor::eth_client[0m[2m:[0m 📨 Received pending transaction: 0xf37cf27cb8c89d02655ea624a6fb10685b5291654105e7a0d4c8bb1c879aabf1
[2m2025-12-10T10:19:12.950212Z[0m [34mDEBUG[0m [2methereum_transaction_pool_monitor::eth_client[0m[2m:[0m 📨 Received WebSocket message: {"jsonrpc":"2.0","method":"eth_subscription","params":{"subscription":"0xbed0a0851463e895960a451075a301a9","result":"0x9c73e398ad66b11cf6d3d0e8e24db2892c4333be5179322e8996e376e48ee63b"}}
[2m2025-12-10T10:19:12.950217Z[0m [34mDEBUG[0m [2methereum_transaction_pool_monitor::eth_client[0m[2m:[0m 📨 Received pending transaction: 0x9c73e398ad66b11cf6d3d0e8e24db2892c4333be5179322e8996e376e48ee63b
[2m2025-12-10T10:19:12.950221Z[0m [34mDEBUG[0m [2methereum_transaction_pool_monitor::eth_client[0m[2m:[0m 📨 Received WebSocket message: {"jsonrpc":"2.0","method":"eth_subscription","params":{"subscription":"0xbed0a0851463e895960a451075a301a9","result":"0x4dc74cce7c3dd94748c1a552f917cf7c71510fe332af2d0c1db997788de038d8"}}
[2m2025-12-10T10:19:12.950225Z[0m [34mDEBUG[0m [2methereum_transaction_pool_monitor::eth_client[0m[2m:[0m 📨 Received pending transaction: 0x4dc74cce7c3dd94748c1a552f917cf7c71510fe332af2d0c1db997788de038d8
[2m2025-12-10T10:19:12.950232Z[0m [34mDEBUG[0m [2methereum_transaction_pool_monitor::eth_client[0m[2m:[0m 📨 Received WebSocket message: {"jsonrpc":"2.0","method":"eth_subscription","params":{"subscription":"0xbed0a0851463e895960a451075a301a9","result":"0x4457ef31b0fbc093be67d05225582f42c88bdb1067efb2ad942c79a632db2cc6"}}
[2m2025-12-10T10:19:12.950236Z[0m [34mDEBUG[0m [2methereum_transaction_pool_monitor::eth_client[0m[2m:[0m 📨 Received pending transaction: 0x4457ef31b0fbc093be67d05225582f42c88bdb1067efb2ad942c79a632db2cc6
[2m2025-12-10T10:19:12.950240Z[0m [34mDEBUG[0m [2methereum_transaction_pool_monitor::eth_client[0m[2m:[0m 📨 Received WebSocket message: {"jsonrpc":"2.0","method":"eth_subscription","params":{"subscription":"0xbed0a0851463e895960a451075a301a9","result":"0x33429cf6d7fcbdc5348ecec8f07edd41f64adcc8817f3c78044529efa6c44e4c"}}
[2m2025-12-10T10:19:12.950245Z[0m [34mDEBUG[0m [2methereum_transaction_pool_monitor::eth_client[0m[2m:[0m 📨 Received pending transaction: 0x33429cf6d7fcbdc5348ecec8f07edd41f64adcc8817f3c78044529efa6c44e4c
[2m2025-12-10T10:19:12.950249Z[0m [34mDEBUG[0m [2methereum_transaction_pool_monitor::eth_client[0m[2m:[0m 📨 Received WebSocket message: {"jsonrpc":"2.0","method":"eth_subscription","params":{"subscription":"0xbed0a0851463e895960a451075a301a9","result":"0xdb699c94d1d0e8d9a67bc1ec2e24d2ab65199843b2570378f09e698fc67817fc"}}
[2m2025-12-10T10:19:12.950253Z[0m [34mDEBUG[0m [2methereum_transaction_pool_monitor::eth_client[0m[2m:[0m 📨 Received pending transaction: 0xdb699c94d1d0e8d9a67bc1ec2e24d2ab65199843b2570378f09e698fc67817fc
[2m2025-12-10T10:19:12.950257Z[0m [34mDEBUG[0m [2methereum_transaction_pool_monitor::eth_client[0m[2m:[0m 📨 Received WebSocket message: {"jsonrpc":"2.0","method":"eth_subscription","params":{"subscription":"0xbed0a0851463e895960a451075a301a9","result":"0x1ee09b15c414e08c8fc16a9f5c70af6e3cbdc1bdb6f09816af7979b84d8d9c81"}}
[2m2025-12-10T10:19:12.950262Z[0m [34mDEBUG[0m [2methereum_transaction_pool_monitor::eth_client[0m[2m:[0m 📨 Received pending transaction: 0x1ee09b15c414e08c8fc16a9f5c70af6e3cbdc1bdb6f09816af7979b84d8d9c81
[2m2025-12-10T10:19:12.950266Z[0m [34mDEBUG[0m [2methereum_transaction_pool_monitor::eth_client[0m[2m:[0m 📨 Received WebSocket message: {"jsonrpc":"2.0","method":"eth_subscription","params":{"subscription":"0xbed0a0851463e895960a451075a301a9","result":"0xaebf9fa41af302ddf8527ef3c16c9779fdcf10eb9301cd8849a39b3ebd25b5af"}}
[2m2025-12-10T10:19:12.950270Z[0m [34mDEBUG[0m [2methereum_transaction_pool_monitor::eth_client[0m[2m:[0m 📨 Received pending transaction: 0xaebf9fa41af302ddf8527ef3c16c9779fdcf10eb9301cd8849a39b3ebd25b5af
[2m2025-12-10T10:19:12.950274Z[0m [34mDEBUG[0m [2methereum_transaction_pool_monitor::eth_client[0m[2m:[0m 📨 Received WebSocket message: {"jsonrpc":"2.0","method":"eth_subscription","params":{"subscription":"0xbed0a0851463e895960a451075a301a9","result":"0x3d371be69b885135b0503f694cd5a966657213b64b3e2388b67301525b444e98"}}
[2m2025-12-10T10:19:12.950278Z[0m [34mDEBUG[0m [2methereum_transaction_pool_monitor::eth_client[0m[2m:[0m 📨 Received pending transaction: 0x3d371be69b885135b0503f694cd5a966657213b64b3e2388b67301525b444e98
[2m2025-12-10T10:19:12.950282Z[0m [34mDEBUG[0m [2methereum_transaction_pool_monitor::eth_client[0m[2m:[0m 📨 Received WebSocket message: {"jsonrpc":"2.0","method":"eth_subscription","params":{"subscription":"0xbed0a0851463e895960a451075a301a9","result":"0xf947cbb5041f73886bc6439627c38535c0c74fb8497d0cfdf2c6a0f96bdfb0df"}}
[2m2025-12-10T10:19:12.950287Z[0m [34mDEBUG[0m [2methereum_transaction_pool_monitor::eth_client[0m[2m:[0m 📨 Received pending transaction: 0xf947cbb5041f73886bc6439627c38535c0c74fb8497d0cfdf2c6a0f96bdfb0df
[2m2025-12-10T10:19:12.950290Z[0m [34mDEBUG[0m [2methereum_transaction_pool_monitor::eth_client[0m[2m:[0m 📨 Received WebSocket message: {"jsonrpc":"2.0","method":"eth_subscription","params":{"subscription":"0xbed0a0851463e895960a451075a301a9","result":"0x7ae39336fb205f6b9d86ea5872d7f4b85b5e10986192e7d4350e75dd7e8e421f"}}
[2m2025-12-10T10:19:12.950295Z[0m [34mDEBUG[0m [2methereum_transaction_pool_monitor::eth_client[0m[2m:[0m 📨 Received pending transaction: 0x7ae39336fb205f6b9d86ea5872d7f4b85b5e10986192e7d4350e75dd7e8e421f
[2m2025-12-10T10:19:12.950687Z[0m [34mDEBUG[0m [2methereum_transaction_pool_monitor::eth_client[0m[2m:[0m 📨 Received WebSocket message: {"jsonrpc":"2.0","method":"eth_subscription","params":{"subscription":"0xbed0a0851463e895960a451075a301a9","result":"0x36cc71313be3a741dbfe2e92c8881314e56cb570b38cbddea5b507977cb4237a"}}
[2m2025-12-10T10:19:12.950694Z[0m [34mDEBUG[0m [2methereum_transaction_pool_monitor::eth_client[0m[2m:[0m 📨 Received pending transaction: 0x36cc71313be3a741dbfe2e92c8881314e56cb570b38cbddea5b507977cb4237a
[2m2025-12-10T10:19:12.950698Z[0m [34mDEBUG[0m [2methereum_transaction_pool_monitor::eth_client[0m[2m:[0m 📨 Received WebSocket message: {"jsonrpc":"2.0","method":"eth_subscription","params":{"subscription":"0xbed0a0851463e895960a451075a301a9","result":"0xb3ecabcb5d23745b6726625b02e9a52de1a8083e8a73dfb02bd829250dedb580"}}
[2m2025-12-10T10:19:12.950703Z[0m [34mDEBUG[0m [2methereum_transaction_pool_monitor::eth_client[0m[2m:[0m 📨 Received pending transaction: 0xb3ecabcb5d23745b6726625b02e9a52de1a8083e8a73dfb02bd829250dedb580
[2m2025-12-10T10:19:12.950707Z[0m [34mDEBUG[0m [2methereum_transaction_pool_monitor::eth_client[0m[2m:[0m 📨 Received WebSocket message: {"jsonrpc":"2.0","method":"eth_subscription","params":{"subscription":"0xbed0a0851463e895960a451075a301a9","result":"0x1efc774cbdacc73e717a062c5cc4c95519a12e26cb037c339488a0655963c73e"}}
[2m2025-12-10T10:19:12.950711Z[0m [34mDEBUG[0m [2methereum_transaction_pool_monitor::eth_client[0m[2m:[0m 📨 Received pending transaction: 0x1efc774cbdacc73e717a062c5cc4c95519a12e26cb037c339488a0655963c73e
[2m2025-12-10T10:19:12.950715Z[0m [34mDEBUG[0m [2methereum_transaction_pool_monitor::eth_client[0m[2m:[0m 📨 Received WebSocket message: {"jsonrpc":"2.0","method":"eth_subscription","params":{"subscription":"0xbed0a0851463e895960a451075a301a9","result":"0xfc7e39ac33fb0158ef79cfd11905fd60d6990bcf15222944e1af961768244ab2"}}
[2m2025-12-10T10:19:12.950725Z[0m [34mDEBUG[0m [2methereum_transaction_pool_monitor::eth_client[0m[2m:[0m 📨 Received pending transaction: 0xfc7e39ac33fb0158ef79cfd11905fd60d6990bcf15222944e1af961768244ab2
[2m2025-12-10T10:19:12.950739Z[0m [34mDEBUG[0m [2methereum_transaction_pool_monitor::eth_client[0m[2m:[0m 📨 Received WebSocket message: {"jsonrpc":"2.0","method":"eth_subscription","params":{"subscription":"0xbed0a0851463e895960a451075a301a9","result":"0xb27d5ca67407918f49b0cf1d341b3a13f17babd4a27c500e7491c29f42fc52f1"}}
[2m2025-12-10T10:19:12.950744Z[0m [34mDEBUG[0m [2methereum_transaction_pool_monitor::eth_client[0m[2m:[0m 📨 Received pending transaction: 0xb27d5ca67407918f49b0cf1d341b3a13f17babd4a27c500e7491c29f42fc52f1
[2m2025-12-10T10:19:12.950892Z[0m [34mDEBUG[0m [2methereum_transaction_pool_monitor::eth_client[0m[2m:[0m 📨 Received WebSocket message: {"jsonrpc":"2.0","method":"eth_subscription","params":{"subscription":"0xbed0a0851463e895960a451075a301a9","result":"0xf4095566e37d29687c70783a67b5865eb82e6c75901b8434f7910a2347695f91"}}
[2m2025-12-10T10:19:12.950899Z[0m [34mDEBUG[0m [2methereum_transaction_pool_monitor::eth_client[0m[2m:[0m 📨 Received pending transaction: 0xf4095566e37d29687c70783a67b5865eb82e6c75901b8434f7910a2347695f91
[2m2025-12-10T10:19:12.950903Z[0m [34mDEBUG[0m [2methereum_transaction_pool_monitor::eth_client[0m[2m:[0m 📨 Received WebSocket message: {"jsonrpc":"2.0","method":"eth_subscription","params":{"subscription":"0xbed0a0851463e895960a451075a301a9","result":"0x84378ff071b03097ce87a7ae211ef575855be0466fcc5276106e43ad7c2a7306"}}
[2m2025-12-10T10:19:12.950908Z[0m [34mDEBUG[0m [2methereum_transaction_pool_monitor::eth_client[0m[2m:[0m 📨 Received pending transaction: 0x84378ff071b03097ce87a7ae211ef575855be0466fcc5276106e43ad7c2a7306
[2m2025-12-10T10:19:12.950912Z[0m [34mDEBUG[0m [2methereum_transaction_pool_monitor::eth_client[0m[2m:[0m 📨 Received WebSocket message: {"jsonrpc":"2.0","method":"eth_subscription","params":{"subscription":"0xbed0a0851463e895960a451075a301a9","result":"0x743596c35df342e0ad2d37f5ace93a036b50ebbc5690cffe1637615ba853993d"}}
[2m2025-12-10T10:19:12.950917Z[0m [34mDEBUG[0m [2methereum_transaction_pool_monitor::eth_client[0m[2m:[0m 📨 Received pending transaction: 0x743596c35df342e0ad2d37f5ace93a036b50ebbc5690cffe1637615ba853993d
[2m2025-12-10T10:19:12.950921Z[0m [34mDEBUG[0m [2methereum_transaction_pool_monitor::eth_client[0m[2m:[0m 📨 Received WebSocket message: {"jsonrpc":"2.0","method":"eth_subscription","params":{"subscription":"0xbed0a0851463e895960a451075a301a9","result":"0xc75404f73221b679cd930f15d96625f3bba276aecd80b338657572e441681f6e"}}
[2m2025-12-10T10:19:12.950926Z[0m [34mDEBUG[0m [2methereum_transaction_pool_monitor::eth_client[0m[2m:[0m 📨 Received pending transaction: 0xc75404f73221b679cd930f15d96625f3bba276aecd80b338657572e441681f6e
[2m2025-12-10T10:19:12.950930Z[0m [34mDEBUG[0m [2methereum_transaction_pool_monitor::eth_client[0m[2m:[0m 📨 Received WebSocket message: {"jsonrpc":"2.0","method":"eth_subscription","params":{"subscription":"0xbed0a0851463e895960a451075a301a9","result":"0x1ecac7acb1dd4ff25f10ea6563c5994371ae61c3366845010dbefafccda9277a"}}
[2m2025-12-10T10:19:12.950935Z[0m [34mDEBUG[0m [2methereum_transaction_pool_monitor::eth_client[0m[2m:[0m 📨 Received pending transaction: 0x1ecac7acb1dd4ff25f10ea6563c5994371ae61c3366845010dbefafccda9277a
[2m2025-12-10T10:19:12.950939Z[0m [34mDEBUG[0m [2methereum_transaction_pool_monitor::eth_client[0m[2m:[0m 📨 Received WebSocket message: {"jsonrpc":"2.0","method":"eth_subscription","params":{"subscription":"0xbed0a0851463e895960a451075a301a9","result":"0xf21b7f54c6ed967c9ce6463238577525db54cc553b0bb50d649d29f5bcdeb767"}}
[2m2025-12-10T10:19:12.950944Z[0m [34mDEBUG[0m [2methereum_transaction_pool_monitor::eth_client[0m[2m:[0m 📨 Received pending transaction: 0xf21b7f54c6ed967c9ce6463238577525db54cc553b0bb50d649d29f5bcdeb767
[2m2025-12-10T10:19:12.950948Z[0m [34mDEBUG[0m [2methereum_transaction_pool_monitor::eth_client[0m[2m:[0m 📨 Received WebSocket message: {"jsonrpc":"2.0","method":"eth_subscription","params":{"subscription":"0xbed0a0851463e895960a451075a301a9","result":"0xcf934fe137df2ab5c2da07e7d1de9efdd4dd2985649fa8daf282d288657e91ed"}}
[2m2025-12-10T10:19:12.950952Z[0m [34mDEBUG[0m [2methereum_transaction_pool_monitor::eth_client[0m[2m:[0m 📨 Received pending transaction: 0xcf934fe137df2ab5c2da07e7d1de9efdd4dd2985649fa8daf282d288657e91ed
[2m2025-12-10T10:19:12.950956Z[0m [34mDEBUG[0m [2methereum_transaction_pool_monitor::eth_client[0m[2m:[0m 📨 Received WebSocket message: {"jsonrpc":"2.0","method":"eth_subscription","params":{"subscription":"0xbed0a0851463e895960a451075a301a9","result":"0xe185e2b89c0df0f564b1dbf70305cf9d44191173b26821fa952cbfb501f51735"}}
[2m2025-12-10T10:19:12.950962Z[0m [34mDEBUG[0m [2methereum_transaction_pool_monitor::eth_client[0m[2m:[0m 📨 Received pending transaction: 0xe185e2b89c0df0f564b1dbf70305cf9d44191173b26821fa952cbfb501f51735
[2m2025-12-10T10:19:12.950966Z[0m [34mDEBUG[0m [2methereum_transaction_pool_monitor::eth_client[0m[2m:[0m 📨 Received WebSocket message: {"jsonrpc":"2.0","method":"eth_subscription","params":{"subscription":"0xbed0a0851463e895960a451075a301a9","result":"0x38ed66aa4a5baf67e621483b8094edbfcd5c3228712d60679526478630b8e4c2"}}
[2m2025-12-10T10:19:12.951418Z[0m [34mDEBUG[0m [2methereum_transaction_pool_monitor::eth_client[0m[2m:[0m 📨 Received pending transaction: 0x38ed66aa4a5baf67e621483b8094edbfcd5c3228712d60679526478630b8e4c2
[2m2025-12-10T10:19:12.951427Z[0m [34mDEBUG[0m [2methereum_transaction_pool_monitor::eth_client[0m[2m:[0m 📨 Received WebSocket message: {"jsonrpc":"2.0","method":"eth_subscription","params":{"subscription":"0xbed0a0851463e895960a451075a301a9","result":"0x6d49345685e4e50653d5798b43fb57e6dac928ff81245b3832fa14bb20c1e160"}}
[2m2025-12-10T10:19:12.951432Z[0m [34mDEBUG[0m [2methereum_transaction_pool_monitor::eth_client[0m[2m:[0m 📨 Received pending transaction: 0x6d49345685e4e50653d5798b43fb57e6dac928ff81245b3832fa14bb20c1e160
[2m2025-12-10T10:19:12.951436Z[0m [34mDEBUG[0m [2methereum_transaction_pool_monitor::eth_client[0m[2m:[0m 📨 Received WebSocket message: {"jsonrpc":"2.0","method":"eth_subscription","params":{"subscription":"0xbed0a0851463e895960a451075a301a9","result":"0x2d7fc0416544c580da842bb173c9939c0ce5f18c3d54b85b46a213b7513797e3"}}
[2m2025-12-10T10:19:12.951441Z[0m [34mDEBUG[0m [2methereum_transaction_pool_monitor::eth_client[0m[2m:[0m 📨 Received pending transaction: 0x2d7fc0416544c580da842bb173c9939c0ce5f18c3d54b85b46a213b7513797e3
[2m2025-12-10T10:19:12.951445Z[0m [34mDEBUG[0m [2methereum_transaction_pool_monitor::eth_client[0m[2m:[0m 📨 Received WebSocket message: {"jsonrpc":"2.0","method":"eth_subscription","params":{"subscription":"0xbed0a0851463e895960a451075a301a9","result":"0xa2ec62261c8da18e0a632eb4647696af7497f952d075cf524306e10f55ad83bc"}}
[2m2025-12-10T10:19:12.951449Z[0m [34mDEBUG[0m [2methereum_transaction_pool_monitor::eth_client[0m[2m:[0m 📨 Received pending transaction: 0xa2ec62261c8da18e0a632eb4647696af7497f952d075cf524306e10f55ad83bc
[2m2025-12-10T10:19:12.951453Z[0m [34mDEBUG[0m [2methereum_transaction_pool_monitor::eth_client[0m[2m:[0m 📨 Received WebSocket message: {"jsonrpc":"2.0","method":"eth_subscription","params":{"subscription":"0xbed0a0851463e895960a451075a301a9","result":"0x8d672ef3e68cebccfa91e116c5105eaae3ecff0d2ea086b2f45e494e74ea4e39"}}
[2m2025-12-10T10:19:12.951458Z[0m [34mDEBUG[0m [2methereum_transaction_pool_monitor::eth_client[0m[2m:[0m 📨 Received pending transaction: 0x8d672ef3e68cebccfa91e116c5105eaae3ecff0d2ea086b2f45e494e74ea4e39
[2m2025-12-10T10:19:12.951462Z[0m [34mDEBUG[0m [2methereum_transaction_pool_monitor::eth_client[0m[2m:[0m 📨 Received WebSocket message: {"jsonrpc":"2.0","method":"eth_subscription","params":{"subscription":"0xbed0a0851463e895960a451075a301a9","result":"0xb492b1a889afca74d9f80cff9cfa68e74b0ded9cbb423c304fbcc2576e895d89"}}
[2m2025-12-10T10:19:12.951488Z[0m [34mDEBUG[0m [2methereum_transaction_pool_monitor::eth_client[0m[2m:[0m 📨 Received pending transaction: 0xb492b1a889afca74d9f80cff9cfa68e74b0ded9cbb423c304fbcc2576e895d89
[2m2025-12-10T10:19:12.951493Z[0m [34mDEBUG[0m [2methereum_transaction_pool_monitor::eth_client[0m[2m:[0m 📨 Received WebSocket message: {"jsonrpc":"2.0","method":"eth_subscription","params":{"subscription":"0xbed0a0851463e895960a451075a301a9","result":"0x301b74a279f98c363a74315b9f705520452d75dbedbb92871a300cfe38eb7713"}}
[2m2025-12-10T10:19:12.951518Z[0m [34mDEBUG[0m [2methereum_transaction_pool_monitor::eth_client[0m[2m:[0m 📨 Received pending transaction: 0x301b74a279f98c363a74315b9f705520452d75dbedbb92871a300cfe38eb7713
[2m2025-12-10T10:19:12.951524Z[0m [34mDEBUG[0m [2methereum_transaction_pool_monitor::eth_client[0m[2m:[0m 📨 Received WebSocket message: {"jsonrpc":"2.0","method":"eth_subscription","params":{"subscription":"0xbed0a0851463e895960a451075a301a9","result":"0x60ef2d35ae72342dadd695bfa07208d70899122dbb1db3bdbd625442f23aa5ce"}}
[2m2025-12-10T10:19:12.951546Z[0m [34mDEBUG[0m [2methereum_transaction_pool_monitor::eth_client[0m[2m:[0m 📨 Received pending transaction: 0x60ef2d35ae72342dadd695bfa07208d70899122dbb1db3bdbd625442f23aa5ce
[2m2025-12-10T10:19:12.951551Z[0m [34mDEBUG[0m [2methereum_transaction_pool_monitor::eth_client[0m[2m:[0m 📨 Received WebSocket message: {"jsonrpc":"2.0","method":"eth_subscription","params":{"subscription":"0xbed0a0851463e895960a451075a301a9","result":"0x6c81e5b2faf276a3ffd337aa47d7972cdcc913064ca738227059c2abd5996734"}}
[2m2025-12-10T10:19:12.951558Z[0m [34mDEBUG[0m [2methereum_transaction_pool_monitor::eth_client[0m[2m:[0m 📨 Received pending transaction: 0x6c81e5b2faf276a3ffd337aa47d7972cdcc913064ca738227059c2abd5996734
[2m2025-12-10T10:19:12.951597Z[0m [34mDEBUG[0m [2methereum_transaction_pool_monitor::eth_client[0m[2m:[0m 📨 Received WebSocket message: {"jsonrpc":"2.0","method":"eth_subscription","params":{"subscription":"0xbed0a0851463e895960a451075a301a9","result":"0x9bf8f9fdd69d99dd36c0a06db10debb94f48960af00cae7b4dc19dfaa3937881"}}
[2m2025-12-10T10:19:12.951634Z[0m [34mDEBUG[0m [2methereum_transaction_pool_monitor::eth_client[0m[2m:[0m 📨 Received pending transaction: 0x9bf8f9fdd69d99dd36c0a06db10debb94f48960af00cae7b4dc19dfaa3937881
[2m2025-12-10T10:19:12.951640Z[0m [34mDEBUG[0m [2methereum_transaction_pool_monitor::eth_client[0m[2m:[0m 📨 Received WebSocket message: {"jsonrpc":"2.0","method":"eth_subscription","params":{"subscription":"0xbed0a0851463e895960a451075a301a9","result":"0x86a3f4267dcfc22deceeb8355d990ff573c066c8fa91ffe858d35d3cd0625992"}}
[2m2025-12-10T10:19:12.951645Z[0m [34mDEBUG[0m [2methereum_transaction_pool_monitor::eth_client[0m[2m:[0m 📨 Received pending transaction: 0x86a3f4267dcfc22deceeb8355d990ff573c066c8fa91ffe858d35d3cd0625992
[2m2025-12-10T10:19:12.951649Z[0m [34mDEBUG[0m [2methereum_transaction_pool_monitor::eth_client[0m[2m:[0m 📨 Received WebSocket message: {"jsonrpc":"2.0","method":"eth_subscription","params":{"subscription":"0xbed0a0851463e895960a451075a301a9","result":"0x3d79c82fde571c5c1a166088eb8a5341d178ba904601667e925d2d8fc5a64f8e"}}
[2m2025-12-10T10:19:12.951653Z[0m [34mDEBUG[0m [2methereum_transaction_pool_monitor::eth_client[0m[2m:[0m 📨 Received pending transaction: 0x3d79c82fde571c5c1a166088eb8a5341d178ba904601667e925d2d8fc5a64f8e
[2m2025-12-10T10:19:12.951657Z[0m [34mDEBUG[0m [2methereum_transaction_pool_monitor::eth_client[0m[2m:[0m 📨 Received WebSocket message: {"jsonrpc":"2.0","method":"eth_subscription","params":{"subscription":"0xbed0a0851463e895960a451075a301a9","result":"0x869d43e7dfe54715c6a13b8dc88725331867356b7e7cc085f6439f6122c5fa8c"}}
[2m2025-12-10T10:19:12.951859Z[0m [34mDEBUG[0m [2methereum_transaction_pool_monitor::eth_client[0m[2m:[0m 📨 Received pending transaction: 0x869d43e7dfe54715c6a13b8dc88725331867356b7e7cc085f6439f6122c5fa8c
[2m2025-12-10T10:19:12.951866Z[0m [34mDEBUG[0m [2methereum_transaction_pool_monitor::eth_client[0m[2m:[0m 📨 Received WebSocket message: {"jsonrpc":"2.0","method":"eth_subscription","params":{"subscription":"0xbed0a0851463e895960a451075a301a9","result":"0x0ab1426435f0689ca496731d8902858f44b04c0f2679eca97e29dba4b1ecc5af"}}
[2m2025-12-10T10:19:12.951918Z[0m [34mDEBUG[0m [2methereum_transaction_pool_monitor::eth_client[0m[2m:[0m 📨 Received pending transaction: 0x0ab1426435f0689ca496731d8902858f44b04c0f2679eca97e29dba4b1ecc5af
[2m2025-12-10T10:19:12.951963Z[0m [34mDEBUG[0m [2methereum_transaction_pool_monitor::eth_client[0m[2m:[0m 📨 Received WebSocket message: {"jsonrpc":"2.0","method":"eth_subscription","params":{"subscription":"0xbed0a0851463e895960a451075a301a9","result":"0xafee5a781f286f4e24c0e98b17bc7f874804a912cb16d68d03ac1b600c9ee845"}}
[2m2025-12-10T10:19:12.952018Z[0m [34mDEBUG[0m [2methereum_transaction_pool_monitor::eth_client[0m[2m:[0m 📨 Received pending transaction: 0xafee5a781f286f4e24c0e98b17bc7f874804a912cb16d68d03ac1b600c9ee845
[2m2025-12-10T10:19:12.952051Z[0m [34mDEBUG[0m [2methereum_transaction_pool_monitor::eth_client[0m[2m:[0m 📨 Received WebSocket message: {"jsonrpc":"2.0","method":"eth_subscription","params":{"subscription":"0xbed0a0851463e895960a451075a301a9","result":"0xc70e7cefbb8c7b5ae126634a5dd61efceaed785213cb25ecb4f0e969fbd92c37"}}
[2m2025-12-10T10:19:12.952056Z[0m [34mDEBUG[0m [2methereum_transaction_pool_monitor::eth_client[0m[2m:[0m 📨 Received pending transaction: 0xc70e7cefbb8c7b5ae126634a5dd61efceaed785213cb25ecb4f0e969fbd92c37
[2m2025-12-10T10:19:12.952069Z[0m [34mDEBUG[0m [2methereum_transaction_pool_monitor::eth_client[0m[2m:[0m 📨 Received WebSocket message: {"jsonrpc":"2.0","method":"eth_subscription","params":{"subscription":"0xbed0a0851463e895960a451075a301a9","result":"0x328456a2dce737e9766b3a7830cedb2ae13a106875bda049c3d0c155679fc953"}}
[2m2025-12-10T10:19:12.952078Z[0m [34mDEBUG[0m [2methereum_transaction_pool_monitor::eth_client[0m[2m:[0m 📨 Received pending transaction: 0x328456a2dce737e9766b3a7830cedb2ae13a106875bda049c3d0c155679fc953
[2m2025-12-10T10:19:12.952083Z[0m [34mDEBUG[0m [2methereum_transaction_pool_monitor::eth_client[0m[2m:[0m 📨 Received WebSocket message: {"jsonrpc":"2.0","method":"eth_subscription","params":{"subscription":"0xbed0a0851463e895960a451075a301a9","result":"0xb54721a38b7ccf80715036f1350369cd1b93cfd922565734aefcac9a4d948122"}}
[2m2025-12-10T10:19:12.952151Z[0m [34mDEBUG[0m [2methereum_transaction_pool_monitor::eth_client[0m[2m:[0m 📨 Received pending transaction: 0xb54721a38b7ccf80715036f1350369cd1b93cfd922565734aefcac9a4d948122
[2m2025-12-10T10:19:12.952174Z[0m [34mDEBUG[0m [2methereum_transaction_pool_monitor::eth_client[0m[2m:[0m 📨 Received WebSocket message: {"jsonrpc":"2.0","method":"eth_subscription","params":{"subscription":"0xbed0a0851463e895960a451075a301a9","result":"0x815424904c57a749e3d0e0d4ae1120f69110a807d28ca896bbbf3ecb8f0deb73"}}
[2m2025-12-10T10:19:12.952179Z[0m [34mDEBUG[0m [2methereum_transaction_pool_monitor::eth_client[0m[2m:[0m 📨 Received pending transaction: 0x815424904c57a749e3d0e0d4ae1120f69110a807d28ca896bbbf3ecb8f0deb73
[2m2025-12-10T10:19:12.952183Z[0m [34mDEBUG[0m [2methereum_transaction_pool_monitor::eth_client[0m[2m:[0m 📨 Received WebSocket message: {"jsonrpc":"2.0","method":"eth_subscription","params":{"subscription":"0xbed0a0851463e895960a451075a301a9","result":"0xb59683d9a9964a6be13f285035f0ff374cbe5a134bc2835fb9160556998e6171"}}
[2m2025-12-10T10:19:12.952188Z[0m [34mDEBUG[0m [2methereum_transaction_pool_monitor::eth_client[0m[2m:[0m 📨 Received pending transaction: 0xb59683d9a9964a6be13f285035f0ff374cbe5a134bc2835fb9160556998e6171
[2m2025-12-10T10:19:12.952199Z[0m [34mDEBUG[0m [2methereum_transaction_pool_monitor::eth_client[0m[2m:[0m 📨 Received WebSocket message: {"jsonrpc":"2.0","method":"eth_subscription","params":{"subscription":"0xbed0a0851463e895960a451075a301a9","result":"0x25af49df13ae208cc427d9edc1f442257998f9717106606dfb1996a820db43e5"}}
[2m2025-12-10T10:19:12.952205Z[0m [34mDEBUG[0m [2methereum_transaction_pool_monitor::eth_client[0m[2m:[0m 📨 Received pending transaction: 0x25af49df13ae208cc427d9edc1f442257998f9717106606dfb1996a820db43e5
[2m2025-12-10T10:19:12.952210Z[0m [34mDEBUG[0m [2methereum_transaction_pool_monitor::eth_client[0m[2m:[0m 📨 Received WebSocket message: {"jsonrpc":"2.0","method":"eth_subscription","params":{"subscription":"0xbed0a0851463e895960a451075a301a9","result":"0x3cc2fb68fa5c587aca7c75a1c4fc98e642ee29cfaa440bb24fc72bce6e76ee2b"}}
[2m2025-12-10T10:19:12.952215Z[0m [34mDEBUG[0m [2methereum_transaction_pool_monitor::eth_client[0m[2m:[0m 📨 Received pending transaction: 0x3cc2fb68fa5c587aca7c75a1c4fc98e642ee29cfaa440bb24fc72bce6e76ee2b
[2m2025-12-10T10:19:12.952222Z[0m [34mDEBUG[0m [2methereum_transaction_pool_monitor::eth_client[0m[2m:[0m 📨 Received WebSocket message: {"jsonrpc":"2.0","method":"eth_subscription","params":{"subscription":"0xbed0a0851463e895960a451075a301a9","result":"0x4b8382502369bf3d96d37d31e1ce0f2896ccdf77127f76aab1e44065d4fd9f24"}}
[2m2025-12-10T10:19:12.952229Z[0m [34mDEBUG[0m [2methereum_transaction_pool_monitor::eth_client[0m[2m:[0m 📨 Received pending transaction: 0x4b8382502369bf3d96d37d31e1ce0f2896ccdf77127f76aab1e44065d4fd9f24
[2m2025-12-10T10:19:12.952233Z[0m [34mDEBUG[0m [2methereum_transaction_pool_monitor::eth_client[0m[2m:[0m 📨 Received WebSocket message: {"jsonrpc":"2.0","method":"eth_subscription","params":{"subscription":"0xbed0a0851463e895960a451075a301a9","result":"0x98e88ba25326a5611267d941602814c165fe280d9fb0dcf569db36fa7a7d3a9a"}}
[2m2025-12-10T10:19:12.952621Z[0m [34mDEBUG[0m [2methereum_transaction_pool_monitor::eth_client[0m[2m:[0m 📨 Received pending transaction: 0x98e88ba25326a5611267d941602814c165fe280d9fb0dcf569db36fa7a7d3a9a
[2m2025-12-10T10:19:12.952626Z[0m [34mDEBUG[0m [2methereum_transaction_pool_monitor::eth_client[0m[2m:[0m 📨 Received WebSocket message: {"jsonrpc":"2.0","method":"eth_subscription","params":{"subscription":"0xbed0a0851463e895960a451075a301a9","result":"0xe3437bc2d19e4d3455b138594acf08fb53d361ce06fdb63c2429837f0df6976a"}}
[2m2025-12-10T10:19:12.952632Z[0m [34mDEBUG[0m [2methereum_transaction_pool_monitor::eth_client[0m[2m:[0m 📨 Received pending transaction: 0xe3437bc2d19e4d3455b138594acf08fb53d361ce06fdb63c2429837f0df6976a
[2m2025-12-10T10:19:12.952637Z[0m [34mDEBUG[0m [2methereum_transaction_pool_monitor::eth_client[0m[2m:[0m 📨 Received WebSocket message: {"jsonrpc":"2.0","method":"eth_subscription","params":{"subscription":"0xbed0a0851463e895960a451075a301a9","result":"0xc5dd91eb97915764dc6282e34e493fec8cf17dc03dfb7dc3c39af83ebd042f29"}}
[2m2025-12-10T10:19:12.952643Z[0m [34mDEBUG[0m [2methereum_transaction_pool_monitor::eth_client[0m[2m:[0m 📨 Received pending transaction: 0xc5dd91eb97915764dc6282e34e493fec8cf17dc03dfb7dc3c39af83ebd042f29
[2m2025-12-10T10:19:12.952647Z[0m [34mDEBUG[0m [2methereum_transaction_pool_monitor::eth_client[0m[2m:[0m 📨 Received WebSocket message: {"jsonrpc":"2.0","method":"eth_subscription","params":{"subscription":"0xbed0a0851463e895960a451075a301a9","result":"0x00c6f402029750d9b294fa7ede1e4ed17dbfccc90ed06c8136623f88c42ce684"}}
[2m2025-12-10T10:19:12.952652Z[0m [34mDEBUG[0m [2methereum_transaction_pool_monitor::eth_client[0m[2m:[0m 📨 Received pending transaction: 0x00c6f402029750d9b294fa7ede1e4ed17dbfccc90ed06c8136623f88c42ce684
[2m2025-12-10T10:19:12.952656Z[0m [34mDEBUG[0m [2methereum_transaction_pool_monitor::eth_client[0m[2m:[0m 📨 Received WebSocket message: {"jsonrpc":"2.0","method":"eth_subscription","params":{"subscription":"0xbed0a0851463e895960a451075a301a9","result":"0xf3d06382ee3e7bee36da59a3c492bc989fd3acb976da0a7a8ce4b75860a074df"}}
[2m2025-12-10T10:19:12.952661Z[0m [34mDEBUG[0m [2methereum_transaction_pool_monitor::eth_client[0m[2m:[0m 📨 Received pending transaction: 0xf3d06382ee3e7bee36da59a3c492bc989fd3acb976da0a7a8ce4b75860a074df
[2m2025-12-10T10:19:12.952665Z[0m [34mDEBUG[0m [2methereum_transaction_pool_monitor::eth_client[0m[2m:[0m 📨 Received WebSocket message: {"jsonrpc":"2.0","method":"eth_subscription","params":{"subscription":"0xbed0a0851463e895960a451075a301a9","result":"0xf0d032ae32b81be4aa03234527703fe9b8c0b1cd24720aeab8c00633e6837601"}}
[2m2025-12-10T10:19:12.952670Z[0m [34mDEBUG[0m [2methereum_transaction_pool_monitor::eth_client[0m[2m:[0m 📨 Received pending transaction: 0xf0d032ae32b81be4aa03234527703fe9b8c0b1cd24720aeab8c00633e6837601
[2m2025-12-10T10:19:12.952674Z[0m [34mDEBUG[0m [2methereum_transaction_pool_monitor::eth_client[0m[2m:[0m 📨 Received WebSocket message: {"jsonrpc":"2.0","method":"eth_subscription","params":{"subscription":"0xbed0a0851463e895960a451075a301a9","result":"0x08dceef4a3448fd618f300b0834fcafa8273e69ffb4460f8f102441981b325cd"}}
[2m2025-12-10T10:19:12.952680Z[0m [34mDEBUG[0m [2methereum_transaction_pool_monitor::eth_client[0m[2m:[0m 📨 Received pending transaction: 0x08dceef4a3448fd618f300b0834fcafa8273e69ffb4460f8f102441981b325cd
[2m2025-12-10T10:19:12.952810Z[0m [34mDEBUG[0m [2methereum_transaction_pool_monitor::eth_client[0m[2m:[0m 📨 Received WebSocket message: {"jsonrpc":"2.0","method":"eth_subscription","params":{"subscription":"0xbed0a0851463e895960a451075a301a9","result":"0xcce582b86630cd7e1c17c7b19874e953f66c65b6716c15a2e30f556b17bfa667"}}
[2m2025-12-10T10:19:12.952817Z[0m [34mDEBUG[0m [2methereum_transaction_pool_monitor::eth_client[0m[2m:[0m 📨 Received pending transaction: 0xcce582b86630cd7e1c17c7b19874e953f66c65b6716c15a2e30f556b17bfa667
[2m2025-12-10T10:19:12.952821Z[0m [34mDEBUG[0m [2methereum_transaction_pool_monitor::eth_client[0m[2m:[0m 📨 Received WebSocket message: {"jsonrpc":"2.0","method":"eth_subscription","params":{"subscription":"0xbed0a0851463e895960a451075a301a9","result":"0x06f367a41e85a413b67c270d2c451614324066df2df1d7deb85b94d2735a95eb"}}
[2m2025-12-10T10:19:12.952826Z[0m [34mDEBUG[0m [2methereum_transaction_pool_monitor::eth_client[0m[2m:[0m 📨 Received pending transaction: 0x06f367a41e85a413b67c270d2c451614324066df2df1d7deb85b94d2735a95eb
[2m2025-12-10T10:19:12.952830Z[0m [34mDEBUG[0m [2methereum_transaction_pool_monitor::eth_client[0m[2m:[0m 📨 Received WebSocket message: {"jsonrpc":"2.0","method":"eth_subscription","params":{"subscription":"0xbed0a0851463e895960a451075a301a9","result":"0x46d676330306bd70287b19ad5acd966574d6a86ab6d46478c1eb58c183acf5c2"}}
[2m2025-12-10T10:19:12.953072Z[0m [34mDEBUG[0m [2methereum_transaction_pool_monitor::eth_client[0m[2m:[0m 📨 Received pending transaction: 0x46d676330306bd70287b19ad5acd966574d6a86ab6d46478c1eb58c183acf5c2
[2m2025-12-10T10:19:12.953078Z[0m [34mDEBUG[0m [2methereum_transaction_pool_monitor::eth_client[0m[2m:[0m 📨 Received WebSocket message: {"jsonrpc":"2.0","method":"eth_subscription","params":{"subscription":"0xbed0a0851463e895960a451075a301a9","result":"0x1456d0e74475b922e8db6908399b8dbb5d43a3e63791f21d55e2b5c56802f31b"}}
[2m2025-12-10T10:19:12.953084Z[0m [34mDEBUG[0m [2methereum_transaction_pool_monitor::eth_client[0m[2m:[0m 📨 Received pending transaction: 0x1456d0e74475b922e8db6908399b8dbb5d43a3e63791f21d55e2b5c56802f31b
[2m2025-12-10T10:19:12.953088Z[0m [34mDEBUG[0m [2methereum_transaction_pool_monitor::eth_client[0m[2m:[0m 📨 Received WebSocket message: {"jsonrpc":"2.0","method":"eth_subscription","params":{"subscription":"0xbed0a0851463e895960a451075a301a9","result":"0xa630902af150b602148fc3abd15c0b3cce0dcbb53ada1ec0796eac1e88d21301"}}
[2m2025-12-10T10:19:12.953092Z[0m [34mDEBUG[0m [2methereum_transaction_pool_monitor::eth_client[0m[2m:[0m 📨 Received pending transaction: 0xa630902af150b602148fc3abd15c0b3cce0dcbb53ada1ec0796eac1e88d21301
[2m2025-12-10T10:19:12.953097Z[0m [34mDEBUG[0m [2methereum_transaction_pool_monitor::eth_client[0m[2m:[0m 📨 Received WebSocket message: {"jsonrpc":"2.0","method":"eth_subscription","params":{"subscription":"0xbed0a0851463e895960a451075a301a9","result":"0x00a531764cd6f78fe9115bd93eef44a65f0ff1515dd6ed6cf87a4b15c3b7acde"}}
[2m2025-12-10T10:19:12.953103Z[0m [34mDEBUG[0m [2methereum_transaction_pool_monitor::eth_client[0m[2m:[0m 📨 Received pending transaction: 0x00a531764cd6f78fe9115bd93eef44a65f0ff1515dd6ed6cf87a4b15c3b7acde
[2m2025-12-10T10:19:12.953108Z[0m [34mDEBUG[0m [2methereum_transaction_pool_monitor::eth_client[0m[2m:[0m 📨 Received WebSocket message: {"jsonrpc":"2.0","method":"eth_subscription","params":{"subscription":"0xbed0a0851463e895960a451075a301a9","result":"0x3ec521165c09df2a6427d63e25bcdd0cb09facaa2c879778c5c1deec14f1ad93"}}
[2m2025-12-10T10:19:12.953114Z[0m [34mDEBUG[0m [2methereum_transaction_pool_monitor::eth_client[0m[2m:[0m 📨 Received pending transaction: 0x3ec521165c09df2a6427d63e25bcdd0cb09facaa2c879778c5c1deec14f1ad93
[2m2025-12-10T10:19:12.953119Z[0m [34mDEBUG[0m [2methereum_transaction_pool_monitor::eth_client[0m[2m:[0m 📨 Received WebSocket message: {"jsonrpc":"2.0","method":"eth_subscription","params":{"subscription":"0xbed0a0851463e895960a451075a301a9","result":"0xbc41e6e4e417dbbec523e053e105f2fcf1e0a04fa32e46d41365eceb2d555bb6"}}
[2m2025-12-10T10:19:12.953124Z[0m [34mDEBUG[0m [2methereum_transaction_pool_monitor::eth_client[0m[2m:[0m 📨 Received pending transaction: 0xbc41e6e4e417dbbec523e053e105f2fcf1e0a04fa32e46d41365eceb2d555bb6
[2m2025-12-10T10:19:12.953128Z[0m [34mDEBUG[0m [2methereum_transaction_pool_monitor::eth_client[0m[2m:[0m 📨 Received WebSocket message: {"jsonrpc":"2.0","method":"eth_subscription","params":{"subscription":"0xbed0a0851463e895960a451075a301a9","result":"0x8a738065bfa3a521e6ab8a0a704eaa179acf4ff082aad133ca22c1df35ec92b1"}}
[2m2025-12-10T10:19:12.953133Z[0m [34mDEBUG[0m [2methereum_transaction_pool_monitor::eth_client[0m[2m:[0m 📨 Received pending transaction: 0x8a738065bfa3a521e6ab8a0a704eaa179acf4ff082aad133ca22c1df35ec92b1
[2m2025-12-10T10:19:12.953137Z[0m [34mDEBUG[0m [2methereum_transaction_pool_monitor::eth_client[0m[2m:[0m 📨 Received WebSocket message: {"jsonrpc":"2.0","method":"eth_subscription","params":{"subscription":"0xbed0a0851463e895960a451075a301a9","result":"0x0376c034c7b295913e57bfda85542baf67ad50647cf1fa03e2a8c0c582825e8a"}}
[2m2025-12-10T10:19:12.953141Z[0m [34mDEBUG[0m [2methereum_transaction_pool_monitor::eth_client[0m[2m:[0m 📨 Received pending transaction: 0x0376c034c7b295913e57bfda85542baf67ad50647cf1fa03e2a8c0c582825e8a
[2m2025-12-10T10:19:12.953146Z[0m [34mDEBUG[0m [2methereum_transaction_pool_monitor::eth_client[0m[2m:[0m 📨 Received WebSocket message: {"jsonrpc":"2.0","method":"eth_subscription","params":{"subscription":"0xbed0a0851463e895960a451075a301a9","result":"0x6e05bb3c1b0dfb871fdf12c3c7d3fe89f134866bb4d13ba078549ad3a9162836"}}
[2m2025-12-10T10:19:12.953151Z[0m [34mDEBUG[0m [2methereum_transaction_pool_monitor::eth_client[0m[2m:[0m 📨 Received pending transaction: 0x6e05bb3c1b0dfb871fdf12c3c7d3fe89f134866bb4d13ba078549ad3a9162836
[2m2025-12-10T10:19:12.953155Z[0m [34mDEBUG[0m [2methereum_transaction_pool_monitor::eth_client[0m[2m:[0m 📨 Received WebSocket message: {"jsonrpc":"2.0","method":"eth_subscription","params":{"subscription":"0xbed0a0851463e895960a451075a301a9","result":"0x517fc233ad787d038f76f4559cc86c319f124dd69984f2165b318da9fc28022e"}}
[2m2025-12-10T10:19:12.953159Z[0m [34mDEBUG[0m [2methereum_transaction_pool_monitor::eth_client[0m[2m:[0m 📨 Received pending transaction: 0x517fc233ad787d038f76f4559cc86c319f124dd69984f2165b318da9fc28022e
[2m2025-12-10T10:19:12.953163Z[0m [34mDEBUG[0m [2methereum_transaction_pool_monitor::eth_client[0m[2m:[0m 📨 Received WebSocket message: {"jsonrpc":"2.0","method":"eth_subscription","params":{"subscription":"0xbed0a0851463e895960a451075a301a9","result":"0x4bafb13faa29128a52f9b4125c8b9655d65608c070470cc57da9aba5eb0d1bab"}}
[2m2025-12-10T10:19:12.953168Z[0m [34mDEBUG[0m [2methereum_transaction_pool_monitor::eth_client[0m[2m:[0m 📨 Received pending transaction: 0x4bafb13faa29128a52f9b4125c8b9655d65608c070470cc57da9aba5eb0d1bab
[2m2025-12-10T10:19:12.953171Z[0m [34mDEBUG[0m [2methereum_transaction_pool_monitor::eth_client[0m[2m:[0m 📨 Received WebSocket message: {"jsonrpc":"2.0","method":"eth_subscription","params":{"subscription":"0xbed0a0851463e895960a451075a301a9","result":"0xe5ea50ee5d3a97da5d02465edfc5a60fbbaba726bb03b2c6351d67fbf657a7c9"}}
[2m2025-12-10T10:19:12.953181Z[0m [34mDEBUG[0m [2methereum_transaction_pool_monitor::eth_client[0m[2m:[0m 📨 Received pending transaction: 0xe5ea50ee5d3a97da5d02465edfc5a60fbbaba726bb03b2c6351d67fbf657a7c9
[2m2025-12-10T10:19:12.953188Z[0m [34mDEBUG[0m [2methereum_transaction_pool_monitor::eth_client[0m[2m:[0m 📨 Received WebSocket message: {"jsonrpc":"2.0","method":"eth_subscription","params":{"subscription":"0xbed0a0851463e895960a451075a301a9","result":"0x4efdf3e06b40935445a0d519c3cb55221c56fd3dd84c90342e2d59cdb7335feb"}}
[2m2025-12-10T10:19:12.953214Z[0m [34mDEBUG[0m [2methereum_transaction_pool_monitor::eth_client[0m[2m:[0m 📨 Received pending transaction: 0x4efdf3e06b40935445a0d519c3cb55221c56fd3dd84c90342e2d59cdb7335feb
[2m2025-12-10T10:19:12.953218Z[0m [34mDEBUG[0m [2methereum_transaction_pool_monitor::eth_client[0m[2m:[0m 📨 Received WebSocket message: {"jsonrpc":"2.0","method":"eth_subscription","params":{"subscription":"0xbed0a0851463e895960a451075a301a9","result":"0x59b9a8bd9dad94875ec72991ac94a995e088147756bb78e4e5371332b571f1b6"}}
[2m2025-12-10T10:19:12.953274Z[0m [34mDEBUG[0m [2methereum_transaction_pool_monitor::eth_client[0m[2m:[0m 📨 Received pending transaction: 0x59b9a8bd9dad94875ec72991ac94a995e088147756bb78e4e5371332b571f1b6
[2m2025-12-10T10:19:12.953307Z[0m [34mDEBUG[0m [2methereum_transaction_pool_monitor::eth_client[0m[2m:[0m 📨 Received WebSocket message: {"jsonrpc":"2.0","method":"eth_subscription","params":{"subscription":"0xbed0a0851463e895960a451075a301a9","result":"0x4170e602ae9f380fa092047dcf8c5f05aa11f8ec2dacea9a454948d335bf4ff2"}}
[2m2025-12-10T10:19:12.953312Z[0m [34mDEBUG[0m [2methereum_transaction_pool_monitor::eth_client[0m[2m:[0m 📨 Received pending transaction: 0x4170e602ae9f380fa092047dcf8c5f05aa11f8ec2dacea9a454948d335bf4ff2
[2m2025-12-10T10:19:12.953376Z[0m [34mDEBUG[0m [2methereum_transaction_pool_monitor::eth_client[0m[2m:[0m 📨 Received WebSocket message: {"jsonrpc":"2.0","method":"eth_subscription","params":{"subscription":"0xbed0a0851463e895960a451075a301a9","result":"0xaad56ec59cf5fe17fec40c2ffb1e4f0a6349688a20b5cea1b747fa4417a02156"}}
[2m2025-12-10T10:19:12.953383Z[0m [34mDEBUG[0m [2methereum_transaction_pool_monitor::eth_client[0m[2m:[0m 📨 Received pending transaction: 0xaad56ec59cf5fe17fec40c2ffb1e4f0a6349688a20b5cea1b747fa4417a02156
[2m2025-12-10T10:19:12.953387Z[0m [34mDEBUG[0m [2methereum_transaction_pool_monitor::eth_client[0m[2m:[0m 📨 Received WebSocket message: {"jsonrpc":"2.0","method":"eth_subscription","params":{"subscription":"0xbed0a0851463e895960a451075a301a9","result":"0xbe15b684d6756c535c739945300f074a2418043ba7b1c07aed61f96bbdc1857c"}}
[2m2025-12-10T10:19:12.953392Z[0m [34mDEBUG[0m [2methereum_transaction_pool_monitor::eth_client[0m[2m:[0m 📨 Received pending transaction: 0xbe15b684d6756c535c739945300f074a2418043ba7b1c07aed61f96bbdc1857c
[2m2025-12-10T10:19:12.953396Z[0m [34mDEBUG[0m [2methereum_transaction_pool_monitor::eth_client[0m[2m:[0m 📨 Received WebSocket message: {"jsonrpc":"2.0","method":"eth_subscription","params":{"subscription":"0xbed0a0851463e895960a451075a301a9","result":"0xe0d38485393c600ee9e07654858be46c1a0f8f486730d92f5b91b71306a30ea6"}}
[2m2025-12-10T10:19:12.953400Z[0m [34mDEBUG[0m [2methereum_transaction_pool_monitor::eth_client[0m[2m:[0m 📨 Received pending transaction: 0xe0d38485393c600ee9e07654858be46c1a0f8f486730d92f5b91b71306a30ea6
[2m2025-12-10T10:19:12.953404Z[0m [34mDEBUG[0m [2methereum_transaction_pool_monitor::eth_client[0m[2m:[0m 📨 Received WebSocket message: {"jsonrpc":"2.0","method":"eth_subscription","params":{"subscription":"0xbed0a0851463e895960a451075a301a9","result":"0xc37ca1a5603b738f60823999e912f3a8d7536928f20bca85f3791a7b5c7a4fec"}}
[2m2025-12-10T10:19:12.953408Z[0m [34mDEBUG[0m [2methereum_transaction_pool_monitor::eth_client[0m[2m:[0m 📨 Received pending transaction: 0xc37ca1a5603b738f60823999e912f3a8d7536928f20bca85f3791a7b5c7a4fec
[2m2025-12-10T10:19:12.953412Z[0m [34mDEBUG[0m [2methereum_transaction_pool_monitor::eth_client[0m[2m:[0m 📨 Received WebSocket message: {"jsonrpc":"2.0","method":"eth_subscription","params":{"subscription":"0xbed0a0851463e895960a451075a301a9","result":"0xebb8bf341710d8fb1da34e24abfef7951c5293c9e80de8f4e26e7ee8dc5132a1"}}
[2m2025-12-10T10:19:12.953416Z[0m [34mDEBUG[0m [2methereum_transaction_pool_monitor::eth_client[0m[2m:[0m 📨 Received pending transaction: 0xebb8bf341710d8fb1da34e24abfef7951c5293c9e80de8f4e26e7ee8dc5132a1
[2m2025-12-10T10:19:12.953419Z[0m [34mDEBUG[0m [2methereum_transaction_pool_monitor::eth_client[0m[2m:[0m 📨 Received WebSocket message: {"jsonrpc":"2.0","method":"eth_subscription","params":{"subscription":"0xbed0a0851463e895960a451075a301a9","result":"0x77fb54217a53a68c4361a116ec5c346678bc7ae53985696b49d7e258fefda03b"}}
[2m2025-12-10T10:19:12.953424Z[0m [34mDEBUG[0m [2methereum_transaction_pool_monitor::eth_client[0m[2m:[0m 📨 Received pending transaction: 0x77fb54217a53a68c4361a116ec5c346678bc7ae53985696b49d7e258fefda03b
[2m2025-12-10T10:19:12.953427Z[0m [34mDEBUG[0m [2methereum_transaction_pool_monitor::eth_client[0m[2m:[0m 📨 Received WebSocket message: {"jsonrpc":"2.0","method":"eth_subscription","params":{"subscription":"0xbed0a0851463e895960a451075a301a9","result":"0x6cd87eacdf7f7d11ea19e6be0d93e6392fdc205859f000fc35bf31d6e55634b4"}}
[2m2025-12-10T10:19:12.953432Z[0m [34mDEBUG[0m [2methereum_transaction_pool_monitor::eth_client[0m[2m:[0m 📨 Received pending transaction: 0x6cd87eacdf7f7d11ea19e6be0d93e6392fdc205859f000fc35bf31d6e55634b4
[2m2025-12-10T10:19:12.953436Z[0m [34mDEBUG[0m [2methereum_transaction_pool_monitor::eth_client[0m[2m:[0m 📨 Received WebSocket message: {"jsonrpc":"2.0","method":"eth_subscription","params":{"subscription":"0xbed0a0851463e895960a451075a301a9","result":"0xd2ed31da1ad6c4d629ea15bad150df72c849249dbae75f151f9aa37f9e79fb39"}}
[2m2025-12-10T10:19:12.953440Z[0m [34mDEBUG[0m [2methereum_transaction_pool_monitor::eth_client[0m[2m:[0m 📨 Received pending transaction: 0xd2ed31da1ad6c4d629ea15bad150df72c849249dbae75f151f9aa37f9e79fb39
[2m2025-12-10T10:19:12.953454Z[0m [34mDEBUG[0m [2methereum_transaction_pool_monitor::eth_client[0m[2m:[0m 📨 Received WebSocket message: {"jsonrpc":"2.0","method":"eth_subscription","params":{"subscription":"0xbed0a0851463e895960a451075a301a9","result":"0x3e159db5ae79a2fd29ea77b5e8925fac7393587b319eb6ce07fbf02397996084"}}
[2m2025-12-10T10:19:12.953459Z[0m [34mDEBUG[0m [2methereum_transaction_pool_monitor::eth_client[0m[2m:[0m 📨 Received pending transaction: 0x3e159db5ae79a2fd29ea77b5e8925fac7393587b319eb6ce07fbf02397996084
[2m2025-12-10T10:19:12.953463Z[0m [34mDEBUG[0m [2methereum_transaction_pool_monitor::eth_client[0m[2m:[0m 📨 Received WebSocket message: {"jsonrpc":"2.0","method":"eth_subscription","params":{"subscription":"0xbed0a0851463e895960a451075a301a9","result":"0x9473ee88598c3490f2d6563b2b04e6372e356b861570a9b1ebceab0deeaa6950"}}
[2m2025-12-10T10:19:12.953467Z[0m [34mDEBUG[0m [2methereum_transaction_pool_monitor::eth_client[0m[2m:[0m 📨 Received pending transaction: 0x9473ee88598c3490f2d6563b2b04e6372e356b861570a9b1ebceab0deeaa6950
[2m2025-12-10T10:19:12.953471Z[0m [34mDEBUG[0m [2methereum_transaction_pool_monitor::eth_client[0m[2m:[0m 📨 Received WebSocket message: {"jsonrpc":"2.0","method":"eth_subscription","params":{"subscription":"0xbed0a0851463e895960a451075a301a9","result":"0x4b1dbe2d57b2c86b0ce1e28cefde7ac7c9ea3e8f4b777dc108bf1ea315abf2f3"}}
[2m2025-12-10T10:19:12.953475Z[0m [34mDEBUG[0m [2methereum_transaction_pool_monitor::eth_client[0m[2m:[0m 📨 Received pending transaction: 0x4b1dbe2d57b2c86b0ce1e28cefde7ac7c9ea3e8f4b777dc108bf1ea315abf2f3
[2m2025-12-10T10:19:12.953479Z[0m [34mDEBUG[0m [2methereum_transaction_pool_monitor::eth_client[0m[2m:[0m 📨 Received WebSocket message: {"jsonrpc":"2.0","method":"eth_subscription","params":{"subscription":"0xbed0a0851463e895960a451075a301a9","result":"0x409bbc0c4d2fec42e1c8e878dc114e5240ed0809da855af0620ee978ee7594d9"}}
[2m2025-12-10T10:19:12.953483Z[0m [34mDEBUG[0m [2methereum_transaction_pool_monitor::eth_client[0m[2m:[0m 📨 Received pending transaction: 0x409bbc0c4d2fec42e1c8e878dc114e5240ed0809da855af0620ee978ee7594d9
[2m2025-12-10T10:19:12.953642Z[0m [34mDEBUG[0m [2methereum_transaction_pool_monitor::eth_client[0m[2m:[0m 📨 Received WebSocket message: {"jsonrpc":"2.0","method":"eth_subscription","params":{"subscription":"0xbed0a0851463e895960a451075a301a9","result":"0x9b0089114216358d914f9aa0f66caefa4732a0d242d9e94bb69211f1eee6d303"}}
[2m2025-12-10T10:19:12.953647Z[0m [34mDEBUG[0m [2methereum_transaction_pool_monitor::eth_client[0m[2m:[0m 📨 Received pending transaction: 0x9b0089114216358d914f9aa0f66caefa4732a0d242d9e94bb69211f1eee6d303
[2m2025-12-10T10:19:12.954531Z[0m [34mDEBUG[0m [2methereum_transaction_pool_monitor::eth_client[0m[2m:[0m 📨 Received WebSocket message: {"jsonrpc":"2.0","method":"eth_subscription","params":{"subscription":"0xbed0a0851463e895960a451075a301a9","result":"0x88d0a0ce02d79b50d323ca3dc9004e9cf55d5d38caa71458da02a1da76d3be5a"}}
[2m2025-12-10T10:19:12.954554Z[0m [34mDEBUG[0m [2methereum_transaction_pool_monitor::eth_client[0m[2m:[0m 📨 Received pending transaction: 0x88d0a0ce02d79b50d323ca3dc9004e9cf55d5d38caa71458da02a1da76d3be5a
[2m2025-12-10T10:19:12.954615Z[0m [34mDEBUG[0m [2methereum_transaction_pool_monitor::eth_client[0m[2m:[0m 📨 Received WebSocket message: {"jsonrpc":"2.0","method":"eth_subscription","params":{"subscription":"0xbed0a0851463e895960a451075a301a9","result":"0xd40b905440df745b886e1070e68cc75ced32edd2a66bf23678d0e3254df3b30a"}}
[2m2025-12-10T10:19:12.954620Z[0m [34mDEBUG[0m [2methereum_transaction_pool_monitor::eth_client[0m[2m:[0m 📨 Received pending transaction: 0xd40b905440df745b886e1070e68cc75ced32edd2a66bf23678d0e3254df3b30a
[2m2025-12-10T10:19:12.954685Z[0m [34mDEBUG[0m [2methereum_transaction_pool_monitor::eth_client[0m[2m:[0m 📨 Received WebSocket message: {"jsonrpc":"2.0","method":"eth_subscription","params":{"subscription":"0xbed0a0851463e895960a451075a301a9","result":"0x908fd11e93d80afa80a895e1819772bbde4f63c5a88683f5d69d119380b992a1"}}
[2m2025-12-10T10:19:12.954690Z[0m [34mDEBUG[0m [2methereum_transaction_pool_monitor::eth_client[0m[2m:[0m 📨 Received pending transaction: 0x908fd11e93d80afa80a895e1819772bbde4f63c5a88683f5d69d119380b992a1
[2m2025-12-10T10:19:12.954760Z[0m [34mDEBUG[0m [2methereum_transaction_pool_monitor::eth_client[0m[2m:[0m 📨 Received WebSocket message: {"jsonrpc":"2.0","method":"eth_subscription","params":{"subscription":"0xbed0a0851463e895960a451075a301a9","result":"0x1021098239295a9c9abc1a18005290666cfa02431fc8a3c0a5423420a7934ac9"}}
[2m2025-12-10T10:19:12.954766Z[0m [34mDEBUG[0m [2methereum_transaction_pool_monitor::eth_client[0m[2m:[0m 📨 Received pending transaction: 0x1021098239295a9c9abc1a18005290666cfa02431fc8a3c0a5423420a7934ac9
[2m2025-12-10T10:19:12.954774Z[0m [34mDEBUG[0m [2methereum_transaction_pool_monitor::eth_client[0m[2m:[0m 📨 Received WebSocket message: {"jsonrpc":"2.0","method":"eth_subscription","params":{"subscription":"0xbed0a0851463e895960a451075a301a9","result":"0xba444e60a0c82bd2b4e33e12448e1043346486bfe409bf3ee1e6a71bbc11f25b"}}
[2m2025-12-10T10:19:12.954779Z[0m [34mDEBUG[0m [2methereum_transaction_pool_monitor::eth_client[0m[2m:[0m 📨 Received pending transaction: 0xba444e60a0c82bd2b4e33e12448e1043346486bfe409bf3ee1e6a71bbc11f25b
[2m2025-12-10T10:19:12.954787Z[0m [34mDEBUG[0m [2methereum_transaction_pool_monitor::eth_client[0m[2m:[0m 📨 Received WebSocket message: {"jsonrpc":"2.0","method":"eth_subscription","params":{"subscription":"0xbed0a0851463e895960a451075a301a9","result":"0x2655358055c1ec692b3e8c62a28ddcb01fc31afbf6a660307b809ec9ed38258b"}}
[2m2025-12-10T10:19:12.954792Z[0m [34mDEBUG[0m [2methereum_transaction_pool_monitor::eth_client[0m[2m:[0m 📨 Received pending transaction: 0x2655358055c1ec692b3e8c62a28ddcb01fc31afbf6a660307b809ec9ed38258b
[2m2025-12-10T10:19:12.954801Z[0m [34mDEBUG[0m [2methereum_transaction_pool_monitor::eth_client[0m[2m:[0m 📨 Received WebSocket message: {"jsonrpc":"2.0","method":"eth_subscription","params":{"subscription":"0xbed0a0851463e895960a451075a301a9","result":"0xa056b67e61258ee12300525314c6734cb35313a5369ceb4d765e255e3f222141"}}
[2m2025-12-10T10:19:12.954806Z[0m [34mDEBUG[0m [2methereum_transaction_pool_monitor::eth_client[0m[2m:[0m 📨 Received pending transaction: 0xa056b67e61258ee12300525314c6734cb35313a5369ceb4d765e255e3f222141
[2m2025-12-10T10:19:12.954814Z[0m [34mDEBUG[0m [2methereum_transaction_pool_monitor::eth_client[0m[2m:[0m 📨 Received WebSocket message: {"jsonrpc":"2.0","method":"eth_subscription","params":{"subscription":"0xbed0a0851463e895960a451075a301a9","result":"0x185987034aff829e761c77f57162463c9b22c8933c9aacfcf6058723091e21d6"}}
[2m2025-12-10T10:19:12.954819Z[0m [34mDEBUG[0m [2methereum_transaction_pool_monitor::eth_client[0m[2m:[0m 📨 Received pending transaction: 0x185987034aff829e761c77f57162463c9b22c8933c9aacfcf6058723091e21d6
[2m2025-12-10T10:19:12.954822Z[0m [34mDEBUG[0m [2methereum_transaction_pool_monitor::eth_client[0m[2m:[0m 📨 Received WebSocket message: {"jsonrpc":"2.0","method":"eth_subscription","params":{"subscription":"0xbed0a0851463e895960a451075a301a9","result":"0x08474cbc541f8ecf7ee01b2b56e248cea9e49ea31bcec96f66c94b033b3d1f30"}}
[2m2025-12-10T10:19:12.954827Z[0m [34mDEBUG[0m [2methereum_transaction_pool_monitor::eth_client[0m[2m:[0m 📨 Received pending transaction: 0x08474cbc541f8ecf7ee01b2b56e248cea9e49ea31bcec96f66c94b033b3d1f30
[2m2025-12-10T10:19:12.954831Z[0m [34mDEBUG[0m [2methereum_transaction_pool_monitor::eth_client[0m[2m:[0m 📨 Received WebSocket message: {"jsonrpc":"2.0","method":"eth_subscription","params":{"subscription":"0xbed0a0851463e895960a451075a301a9","result":"0x973a329e6094e260b67c16e9e24c3dfd17ea52893201a29dbcc0657399b22db0"}}
[2m2025-12-10T10:19:12.954835Z[0m [34mDEBUG[0m [2methereum_transaction_pool_monitor::eth_client[0m[2m:[0m 📨 Received pending transaction: 0x973a329e6094e260b67c16e9e24c3dfd17ea52893201a29dbcc0657399b22db0
[2m2025-12-10T10:19:12.954838Z[0m [34mDEBUG[0m [2methereum_transaction_pool_monitor::eth_client[0m[2m:[0m 📨 Received WebSocket message: {"jsonrpc":"2.0","method":"eth_subscription","params":{"subscription":"0xbed0a0851463e895960a451075a301a9","result":"0x9afc8d61c8de606523c5a0f8a8c554b3400a734339a98a66ec1a80f91e41324f"}}
[2m2025-12-10T10:19:12.954842Z[0m [34mDEBUG[0m [2methereum_transaction_pool_monitor::eth_client[0m[2m:[0m 📨 Received pending transaction: 0x9afc8d61c8de606523c5a0f8a8c554b3400a734339a98a66ec1a80f91e41324f
[2m2025-12-10T10:19:12.954846Z[0m [34mDEBUG[0m [2methereum_transaction_pool_monitor::eth_client[0m[2m:[0m 📨 Received WebSocket message: {"jsonrpc":"2.0","method":"eth_subscription","params":{"subscription":"0xbed0a0851463e895960a451075a301a9","result":"0xb732a0c6681ac62dfd2000c2f37141ec19281fd29b29a61dc34769c490bff745"}}
[2m2025-12-10T10:19:12.954850Z[0m [34mDEBUG[0m [2methereum_transaction_pool_monitor::eth_client[0m[2m:[0m 📨 Received pending transaction: 0xb732a0c6681ac62dfd2000c2f37141ec19281fd29b29a61dc34769c490bff745
[2m2025-12-10T10:19:12.954854Z[0m [34mDEBUG[0m [2methereum_transaction_pool_monitor::eth_client[0m[2m:[0m 📨 Received WebSocket message: {"jsonrpc":"2.0","method":"eth_subscription","params":{"subscription":"0xbed0a0851463e895960a451075a301a9","result":"0x501ef6f4140a06ee997dc6081175b712c01bf94cf311c675d398eb639f78c013"}}
[2m2025-12-10T10:19:12.954858Z[0m [34mDEBUG[0m [2methereum_transaction_pool_monitor::eth_client[0m[2m:[0m 📨 Received pending transaction: 0x501ef6f4140a06ee997dc6081175b712c01bf94cf311c675d398eb639f78c013
[2m2025-12-10T10:19:12.954861Z[0m [34mDEBUG[0m [2methereum_transaction_pool_monitor::eth_client[0m[2m:[0m 📨 Received WebSocket message: {"jsonrpc":"2.0","method":"eth_subscription","params":{"subscription":"0xbed0a0851463e895960a451075a301a9","result":"0xd67cc5a18fee1a082245971d4185cdfb123bb4a3ec3e78175912af4f5991e3fa"}}
[2m2025-12-10T10:19:12.954866Z[0m [34mDEBUG[0m [2methereum_transaction_pool_monitor::eth_client[0m[2m:[0m 📨 Received pending transaction: 0xd67cc5a18fee1a082245971d4185cdfb123bb4a3ec3e78175912af4f5991e3fa
[2m2025-12-10T10:19:12.954869Z[0m [34mDEBUG[0m [2methereum_transaction_pool_monitor::eth_client[0m[2m:[0m 📨 Received WebSocket message: {"jsonrpc":"2.0","method":"eth_subscription","params":{"subscription":"0xbed0a0851463e895960a451075a301a9","result":"0x2abf77161f61de8ac74c7a88a491d8f154a27a87912210eb4e230eee82217695"}}
[2m2025-12-10T10:19:12.954873Z[0m [34mDEBUG[0m [2methereum_transaction_pool_monitor::eth_client[0m[2m:[0m 📨 Received pending transaction: 0x2abf77161f61de8ac74c7a88a491d8f154a27a87912210eb4e230eee82217695
[2m2025-12-10T10:19:12.954877Z[0m [34mDEBUG[0m [2methereum_transaction_pool_monitor::eth_client[0m[2m:[0m 📨 Received WebSocket message: {"jsonrpc":"2.0","method":"eth_subscription","params":{"subscription":"0xbed0a0851463e895960a451075a301a9","result":"0xc34034cc47a810b3447d90ee22dfc3be8c00471721433a71acf427f612a441f4"}}
[2m2025-12-10T10:19:12.954881Z[0m [34mDEBUG[0m [2methereum_transaction_pool_monitor::eth_client[0m[2m:[0m 📨 Received pending transaction: 0xc34034cc47a810b3447d90ee22dfc3be8c00471721433a71acf427f612a441f4
[2m2025-12-10T10:19:12.954885Z[0m [34mDEBUG[0m [2methereum_transaction_pool_monitor::eth_client[0m[2m:[0m 📨 Received WebSocket message: {"jsonrpc":"2.0","method":"eth_subscription","params":{"subscription":"0xbed0a0851463e895960a451075a301a9","result":"0xffb10a37431398c52f5cefdec111495ead10fe90897d9794da1a887365e3c8d6"}}
[2m2025-12-10T10:19:12.954889Z[0m [34mDEBUG[0m [2methereum_transaction_pool_monitor::eth_client[0m[2m:[0m 📨 Received pending transaction: 0xffb10a37431398c52f5cefdec111495ead10fe90897d9794da1a887365e3c8d6
[2m2025-12-10T10:19:12.954892Z[0m [34mDEBUG[0m [2methereum_transaction_pool_monitor::eth_client[0m[2m:[0m 📨 Received WebSocket message: {"jsonrpc":"2.0","method":"eth_subscription","params":{"subscription":"0xbed0a0851463e895960a451075a301a9","result":"0x68488c72b4b48a12c88ae1b867eb14d8b331e212399793008c7c16f082df8d2c"}}
[2m2025-12-10T10:19:12.954940Z[0m [34mDEBUG[0m [2methereum_transaction_pool_monitor::eth_client[0m[2m:[0m 📨 Received pending transaction: 0x68488c72b4b48a12c88ae1b867eb14d8b331e212399793008c7c16f082df8d2c
[2m2025-12-10T10:19:12.954958Z[0m [34mDEBUG[0m [2methereum_transaction_pool_monitor::eth_client[0m[2m:[0m 📨 Received WebSocket message: {"jsonrpc":"2.0","method":"eth_subscription","params":{"subscription":"0xbed0a0851463e895960a451075a301a9","result":"0x64e31eadebe5e8ae70f6f673663df94ee57329646ecf1687f73797f2e01a7bc4"}}
[2m2025-12-10T10:19:12.954963Z[0m [34mDEBUG[0m [2methereum_transaction_pool_monitor::eth_client[0m[2m:[0m 📨 Received pending transaction: 0x64e31eadebe5e8ae70f6f673663df94ee57329646ecf1687f73797f2e01a7bc4
[2m2025-12-10T10:19:12.954967Z[0m [34mDEBUG[0m [2methereum_transaction_pool_monitor::eth_client[0m[2m:[0m 📨 Received WebSocket message: {"jsonrpc":"2.0","method":"eth_subscription","params":{"subscription":"0xbed0a0851463e895960a451075a301a9","result":"0x2e321edac1530ee2659f462928ab5ab3faa626e7a7c03c22c6f9fefefbe8fed2"}}
[2m2025-12-10T10:19:12.955057Z[0m [34mDEBUG[0m [2methereum_transaction_pool_monitor::eth_client[0m[2m:[0m 📨 Received pending transaction: 0x2e321edac1530ee2659f462928ab5ab3faa626e7a7c03c22c6f9fefefbe8fed2
[2m2025-12-10T10:19:12.955061Z[0m [34mDEBUG[0m [2methereum_transaction_pool_monitor::eth_client[0m[2m:[0m 📨 Received WebSocket message: {"jsonrpc":"2.0","method":"eth_subscription","params":{"subscription":"0xbed0a0851463e895960a451075a301a9","result":"0xc6df3ac052cce1040882de15671d7f0893cc864b00664dd0ec0884e06893c57d"}}
[2m2025-12-10T10:19:12.955065Z[0m [34mDEBUG[0m [2methereum_transaction_pool_monitor::eth_client[0m[2m:[0m 📨 Received pending transaction: 0xc6df3ac052cce1040882de15671d7f0893cc864b00664dd0ec0884e06893c57d
[2m2025-12-10T10:19:12.955069Z[0m [34mDEBUG[0m [2methereum_transaction_pool_monitor::eth_client[0m[2m:[0m 📨 Received WebSocket message: {"jsonrpc":"2.0","method":"eth_subscription","params":{"subscription":"0xbed0a0851463e895960a451075a301a9","result":"0x27b5e04923672b00f444082ce98ef7292d33a0db8958f46773aaa8ebb0b97cbb"}}
[2m2025-12-10T10:19:12.955073Z[0m [34mDEBUG[0m [2methereum_transaction_pool_monitor::eth_client[0m[2m:[0m 📨 Received pending transaction: 0x27b5e04923672b00f444082ce98ef7292d33a0db8958f46773aaa8ebb0b97cbb
[2m2025-12-10T10:19:12.955077Z[0m [34mDEBUG[0m [2methereum_transaction_pool_monitor::eth_client[0m[2m:[0m 📨 Received WebSocket message: {"jsonrpc":"2.0","method":"eth_subscription","params":{"subscription":"0xbed0a0851463e895960a451075a301a9","result":"0xe035faf12f8ede65a8b2272c00fd19817b63e71dc7a0d06550943b24b73b4e9c"}}
[2m2025-12-10T10:19:12.955081Z[0m [34mDEBUG[0m [2methereum_transaction_pool_monitor::eth_client[0m[2m:[0m 📨 Received pending transaction: 0xe035faf12f8ede65a8b2272c00fd19817b63e71dc7a0d06550943b24b73b4e9c
[2m2025-12-10T10:19:12.955085Z[0m [34mDEBUG[0m [2methereum_transaction_pool_monitor::eth_client[0m[2m:[0m 📨 Received WebSocket message: {"jsonrpc":"2.0","method":"eth_subscription","params":{"subscription":"0xbed0a0851463e895960a451075a301a9","result":"0xd071bab6d49f8947f4534432cb913a3a2061923a0b95f56af292a8da41dcd93b"}}
[2m2025-12-10T10:19:12.955089Z[0m [34mDEBUG[0m [2methereum_transaction_pool_monitor::eth_client[0m[2m:[0m 📨 Received pending transaction: 0xd071bab6d49f8947f4534432cb913a3a2061923a0b95f56af292a8da41dcd93b
[2m2025-12-10T10:19:12.955093Z[0m [34mDEBUG[0m [2methereum_transaction_pool_monitor::eth_client[0m[2m:[0m 📨 Received WebSocket message: {"jsonrpc":"2.0","method":"eth_subscription","params":{"subscription":"0xbed0a0851463e895960a451075a301a9","result":"0x3c123356577a676540d7db8fbb353c9e24029a829b74aa951231bc32528a2d47"}}
[2m2025-12-10T10:19:12.955097Z[0m [34mDEBUG[0m [2methereum_transaction_pool_monitor::eth_client[0m[2m:[0m 📨 Received pending transaction: 0x3c123356577a676540d7db8fbb353c9e24029a829b74aa951231bc32528a2d47
[2m2025-12-10T10:19:12.955100Z[0m [34mDEBUG[0m [2methereum_transaction_pool_monitor::eth_client[0m[2m:[0m 📨 Received WebSocket message: {"jsonrpc":"2.0","method":"eth_subscription","params":{"subscription":"0xbed0a0851463e895960a451075a301a9","result":"0x7bc4a677b387e84dcec6d5b1c2eac1c52c18e1717dd4201a4439958370b2596a"}}
[2m2025-12-10T10:19:12.955104Z[0m [34mDEBUG[0m [2methereum_transaction_pool_monitor::eth_client[0m[2m:[0m 📨 Received pending transaction: 0x7bc4a677b387e84dcec6d5b1c2eac1c52c18e1717dd4201a4439958370b2596a
[2m2025-12-10T10:19:12.955108Z[0m [34mDEBUG[0m [2methereum_transaction_pool_monitor::eth_client[0m[2m:[0m 📨 Received WebSocket message: {"jsonrpc":"2.0","method":"eth_subscription","params":{"subscription":"0xbed0a0851463e895960a451075a301a9","result":"0xa2afded263416ef3fd0c6bfdef879c039d6bf2b7fb093a9f1e85277f94c76e69"}}
[2m2025-12-10T10:19:12.955112Z[0m [34mDEBUG[0m [2methereum_transaction_pool_monitor::eth_client[0m[2m:[0m 📨 Received pending transaction: 0xa2afded263416ef3fd0c6bfdef879c039d6bf2b7fb093a9f1e85277f94c76e69
[2m2025-12-10T10:19:12.955255Z[0m [34mDEBUG[0m [2methereum_transaction_pool_monitor::eth_client[0m[2m:[0m 📨 Received WebSocket message: {"jsonrpc":"2.0","method":"eth_subscription","params":{"subscription":"0xbed0a0851463e895960a451075a301a9","result":"0x65eb8cc9f047ea57aba003c7b7f0026c2d6026bb3db81039824649d5e326f15b"}}
[2m2025-12-10T10:19:12.955265Z[0m [34mDEBUG[0m [2methereum_transaction_pool_monitor::eth_client[0m[2m:[0m 📨 Received pending transaction: 0x65eb8cc9f047ea57aba003c7b7f0026c2d6026bb3db81039824649d5e326f15b
[2m2025-12-10T10:19:12.955273Z[0m [34mDEBUG[0m [2methereum_transaction_pool_monitor::eth_client[0m[2m:[0m 📨 Received WebSocket message: {"jsonrpc":"2.0","method":"eth_subscription","params":{"subscription":"0xbed0a0851463e895960a451075a301a9","result":"0x1f61883c406efd3e5623f29f6a6cf8921a3f75ea25eded70df0b309aa8171255"}}
[2m2025-12-10T10:19:12.955282Z[0m [34mDEBUG[0m [2methereum_transaction_pool_monitor::eth_client[0m[2m:[0m 📨 Received pending transaction: 0x1f61883c406efd3e5623f29f6a6cf8921a3f75ea25eded70df0b309aa8171255
[2m2025-12-10T10:19:12.956396Z[0m [34mDEBUG[0m [2methereum_transaction_pool_monitor::eth_client[0m[2m:[0m 📨 Received WebSocket message: {"jsonrpc":"2.0","method":"eth_subscription","params":{"subscription":"0xbed0a0851463e895960a451075a301a9","result":"0xe07990fbe32f3dc7bfe220da67f738b21dabd9dda90aa86f67bb24c5bcf77f56"}}
[2m2025-12-10T10:19:12.956679Z[0m [34mDEBUG[0m [2methereum_transaction_pool_monitor::eth_client[0m[2m:[0m 📨 Received pending transaction: 0xe07990fbe32f3dc7bfe220da67f738b21dabd9dda90aa86f67bb24c5bcf77f56
[2m2025-12-10T10:19:12.956685Z[0m [34mDEBUG[0m [2methereum_transaction_pool_monitor::eth_client[0m[2m:[0m 📨 Received WebSocket message: {"jsonrpc":"2.0","method":"eth_subscription","params":{"subscription":"0xbed0a0851463e895960a451075a301a9","result":"0x3cdea091fbae8beb49b52a41a46eb2a4f3dbe89dcae3e6f6f1f538c3b9f80db2"}}
[2m2025-12-10T10:19:12.956699Z[0m [34mDEBUG[0m [2methereum_transaction_pool_monitor::eth_client[0m[2m:[0m 📨 Received pending transaction: 0x3cdea091fbae8beb49b52a41a46eb2a4f3dbe89dcae3e6f6f1f538c3b9f80db2
[2m2025-12-10T10:19:12.956707Z[0m [34mDEBUG[0m [2methereum_transaction_pool_monitor::eth_client[0m[2m:[0m 📨 Received WebSocket message: {"jsonrpc":"2.0","method":"eth_subscription","params":{"subscription":"0xbed0a0851463e895960a451075a301a9","result":"0x4892aa66818f4a1fa44e43af0bd2fbd3194bb2614e79d6bceb9e838405ff3ba6"}}
[2m2025-12-10T10:19:12.956730Z[0m [34mDEBUG[0m [2methereum_transaction_pool_monitor::eth_client[0m[2m:[0m 📨 Received pending transaction: 0x4892aa66818f4a1fa44e43af0bd2fbd3194bb2614e79d6bceb9e838405ff3ba6
[2m2025-12-10T10:19:12.956748Z[0m [34mDEBUG[0m [2methereum_transaction_pool_monitor::eth_client[0m[2m:[0m 📨 Received WebSocket message: {"jsonrpc":"2.0","method":"eth_subscription","params":{"subscription":"0xbed0a0851463e895960a451075a301a9","result":"0xb802924876ec58b99634ddbad84cf3f04625a539d8385e475834649a3be8cba4"}}
[2m2025-12-10T10:19:12.956758Z[0m [34mDEBUG[0m [2methereum_transaction_pool_monitor::eth_client[0m[2m:[0m 📨 Received pending transaction: 0xb802924876ec58b99634ddbad84cf3f04625a539d8385e475834649a3be8cba4
[2m2025-12-10T10:19:12.956764Z[0m [34mDEBUG[0m [2methereum_transaction_pool_monitor::eth_client[0m[2m:[0m 📨 Received WebSocket message: {"jsonrpc":"2.0","method":"eth_subscription","params":{"subscription":"0xbed0a0851463e895960a451075a301a9","result":"0x67b228cebb9d7aba5cb104910bf40e5a72f8bd88a77f749cebb70455fa04d868"}}
[2m2025-12-10T10:19:12.956768Z[0m [34mDEBUG[0m [2methereum_transaction_pool_monitor::eth_client[0m[2m:[0m 📨 Received pending transaction: 0x67b228cebb9d7aba5cb104910bf40e5a72f8bd88a77f749cebb70455fa04d868
[2m2025-12-10T10:19:12.956772Z[0m [34mDEBUG[0m [2methereum_transaction_pool_monitor::eth_client[0m[2m:[0m 📨 Received WebSocket message: {"jsonrpc":"2.0","method":"eth_subscription","params":{"subscription":"0xbed0a0851463e895960a451075a301a9","result":"0x666dc16c72547f2328288fbe10a28608257bc3b5b9bc49ef15165b6531447941"}}
[2m2025-12-10T10:19:12.956776Z[0m [34mDEBUG[0m [2methereum_transaction_pool_monitor::eth_client[0m[2m:[0m 📨 Received pending transaction: 0x666dc16c72547f2328288fbe10a28608257bc3b5b9bc49ef15165b6531447941
[2m2025-12-10T10:19:12.956780Z[0m [34mDEBUG[0m [2methereum_transaction_pool_monitor::eth_client[0m[2m:[0m 📨 Received WebSocket message: {"jsonrpc":"2.0","method":"eth_subscription","params":{"subscription":"0xbed0a0851463e895960a451075a301a9","result":"0xbd05155cd87eb37e5d6c069dc585c7c3c3bd6036b20e07dd686f886fc5b49617"}}
[2m2025-12-10T10:19:12.956785Z[0m [34mDEBUG[0m [2methereum_transaction_pool_monitor::eth_client[0m[2m:[0m 📨 Received pending transaction: 0xbd05155cd87eb37e5d6c069dc585c7c3c3bd6036b20e07dd686f886fc5b49617
[2m2025-12-10T10:19:12.956789Z[0m [34mDEBUG[0m [2methereum_transaction_pool_monitor::eth_client[0m[2m:[0m 📨 Received WebSocket message: {"jsonrpc":"2.0","method":"eth_subscription","params":{"subscription":"0xbed0a0851463e895960a451075a301a9","result":"0xf1333de836182db9420d4a9247f1479f4fedf5e01765028e0495d52f87a067b3"}}
[2m2025-12-10T10:19:12.956793Z[0m [34mDEBUG[0m [2methereum_transaction_pool_monitor::eth_client[0m[2m:[0m 📨 Received pending transaction: 0xf1333de836182db9420d4a9247f1479f4fedf5e01765028e0495d52f87a067b3
[2m2025-12-10T10:19:12.956797Z[0m [34mDEBUG[0m [2methereum_transaction_pool_monitor::eth_client[0m[2m:[0m 📨 Received WebSocket message: {"jsonrpc":"2.0","method":"eth_subscription","params":{"subscription":"0xbed0a0851463e895960a451075a301a9","result":"0x87675c0bc80b34b2b904908e6abbe60c29070554b07ac1e32ab65c8d65f04a15"}}
[2m2025-12-10T10:19:12.956801Z[0m [34mDEBUG[0m [2methereum_transaction_pool_monitor::eth_client[0m[2m:[0m 📨 Received pending transaction: 0x87675c0bc80b34b2b904908e6abbe60c29070554b07ac1e32ab65c8d65f04a15
[2m2025-12-10T10:19:12.956810Z[0m [34mDEBUG[0m [2methereum_transaction_pool_monitor::eth_client[0m[2m:[0m 📨 Received WebSocket message: {"jsonrpc":"2.0","method":"eth_subscription","params":{"subscription":"0xbed0a0851463e895960a451075a301a9","result":"0x0a9617f8a5af9a1868b53fea1fea4fda155fd4de98419ae55642d531ca90f8b0"}}
[2m2025-12-10T10:19:12.956821Z[0m [34mDEBUG[0m [2methereum_transaction_pool_monitor::eth_client[0m[2m:[0m 📨 Received pending transaction: 0x0a9617f8a5af9a1868b53fea1fea4fda155fd4de98419ae55642d531ca90f8b0
[2m2025-12-10T10:19:12.956825Z[0m [34mDEBUG[0m [2methereum_transaction_pool_monitor::eth_client[0m[2m:[0m 📨 Received WebSocket message: {"jsonrpc":"2.0","method":"eth_subscription","params":{"subscription":"0xbed0a0851463e895960a451075a301a9","result":"0x3cb7a8301566ca1b1917bc29abafdc8b76aac52eec73df059c881eed64697bf7"}}
[2m2025-12-10T10:19:12.956836Z[0m [34mDEBUG[0m [2methereum_transaction_pool_monitor::eth_client[0m[2m:[0m 📨 Received pending transaction: 0x3cb7a8301566ca1b1917bc29abafdc8b76aac52eec73df059c881eed64697bf7
[2m2025-12-10T10:19:12.956841Z[0m [34mDEBUG[0m [2methereum_transaction_pool_monitor::eth_client[0m[2m:[0m 📨 Received WebSocket message: {"jsonrpc":"2.0","method":"eth_subscription","params":{"subscription":"0xbed0a0851463e895960a451075a301a9","result":"0x5a71292fde7ae48fb5e55bc034b3b1bede5e886cfee3b1706f720404af563245"}}
[2m2025-12-10T10:19:12.956845Z[0m [34mDEBUG[0m [2methereum_transaction_pool_monitor::eth_client[0m[2m:[0m 📨 Received pending transaction: 0x5a71292fde7ae48fb5e55bc034b3b1bede5e886cfee3b1706f720404af563245
[2m2025-12-10T10:19:12.956849Z[0m [34mDEBUG[0m [2methereum_transaction_pool_monitor::eth_client[0m[2m:[0m 📨 Received WebSocket message: {"jsonrpc":"2.0","method":"eth_subscription","params":{"subscription":"0xbed0a0851463e895960a451075a301a9","result":"0x82cde8a949b1e6659bb8304b87b7b743215290607ade136fb2d3732ffba52938"}}
[2m2025-12-10T10:19:12.956855Z[0m [34mDEBUG[0m [2methereum_transaction_pool_monitor::eth_client[0m[2m:[0m 📨 Received pending transaction: 0x82cde8a949b1e6659bb8304b87b7b743215290607ade136fb2d3732ffba52938
[2m2025-12-10T10:19:12.956859Z[0m [34mDEBUG[0m [2methereum_transaction_pool_monitor::eth_client[0m[2m:[0m 📨 Received WebSocket message: {"jsonrpc":"2.0","method":"eth_subscription","params":{"subscription":"0xbed0a0851463e895960a451075a301a9","result":"0x9459ea1c7f79384ebbea42b3005a196f4c2002ccb024fbbcff1d8f836eb1b02c"}}
[2m2025-12-10T10:19:12.956863Z[0m [34mDEBUG[0m [2methereum_transaction_pool_monitor::eth_client[0m[2m:[0m 📨 Received pending transaction: 0x9459ea1c7f79384ebbea42b3005a196f4c2002ccb024fbbcff1d8f836eb1b02c
[2m2025-12-10T10:19:12.956867Z[0m [34mDEBUG[0m [2methereum_transaction_pool_monitor::eth_client[0m[2m:[0m 📨 Received WebSocket message: {"jsonrpc":"2.0","method":"eth_subscription","params":{"subscription":"0xbed0a0851463e895960a451075a301a9","result":"0xe4b8b65d007e503f8b5f5bc8661a1d08a6e7bc1ae9343e2fa604ef45fca9bacc"}}
[2m2025-12-10T10:19:12.956871Z[0m [34mDEBUG[0m [2methereum_transaction_pool_monitor::eth_client[0m[2m:[0m 📨 Received pending transaction: 0xe4b8b65d007e503f8b5f5bc8661a1d08a6e7bc1ae9343e2fa604ef45fca9bacc
[2m2025-12-10T10:19:12.956875Z[0m [34mDEBUG[0m [2methereum_transaction_pool_monitor::eth_client[0m[2m:[0m 📨 Received WebSocket message: {"jsonrpc":"2.0","method":"eth_subscription","params":{"subscription":"0xbed0a0851463e895960a451075a301a9","result":"0x8468649f449e5e2f7e676a30e4d26450e6973c7fda4c20119185ffa0232afa14"}}
[2m2025-12-10T10:19:12.956879Z[0m [34mDEBUG[0m [2methereum_transaction_pool_monitor::eth_client[0m[2m:[0m 📨 Received pending transaction: 0x8468649f449e5e2f7e676a30e4d26450e6973c7fda4c20119185ffa0232afa14
[2m2025-12-10T10:19:12.956883Z[0m [34mDEBUG[0m [2methereum_transaction_pool_monitor::eth_client[0m[2m:[0m 📨 Received WebSocket message: {"jsonrpc":"2.0","method":"eth_subscription","params":{"subscription":"0xbed0a0851463e895960a451075a301a9","result":"0x01109b97e8f5936dc6ba264b285ecaa86bf916999182d4ee74d07d05f3a4d8c0"}}
[2m2025-12-10T10:19:12.956888Z[0m [34mDEBUG[0m [2methereum_transaction_pool_monitor::eth_client[0m[2m:[0m 📨 Received pending transaction: 0x01109b97e8f5936dc6ba264b285ecaa86bf916999182d4ee74d07d05f3a4d8c0
[2m2025-12-10T10:19:12.956891Z[0m [34mDEBUG[0m [2methereum_transaction_pool_monitor::eth_client[0m[2m:[0m 📨 Received WebSocket message: {"jsonrpc":"2.0","method":"eth_subscription","params":{"subscription":"0xbed0a0851463e895960a451075a301a9","result":"0x32a46773f36959f98466ae447cae088993533ae41e39a0a799903fe2cdac8da8"}}
[2m2025-12-10T10:19:12.956905Z[0m [34mDEBUG[0m [2methereum_transaction_pool_monitor::eth_client[0m[2m:[0m 📨 Received pending transaction: 0x32a46773f36959f98466ae447cae088993533ae41e39a0a799903fe2cdac8da8
[2m2025-12-10T10:19:12.956910Z[0m [34mDEBUG[0m [2methereum_transaction_pool_monitor::eth_client[0m[2m:[0m 📨 Received WebSocket message: {"jsonrpc":"2.0","method":"eth_subscription","params":{"subscription":"0xbed0a0851463e895960a451075a301a9","result":"0xb6b63681cf25596b26bb2f7e1db027dcdc79b6959b35a7d0450fa1c5bed32a9c"}}
[2m2025-12-10T10:19:12.956919Z[0m [34mDEBUG[0m [2methereum_transaction_pool_monitor::eth_client[0m[2m:[0m 📨 Received pending transaction: 0xb6b63681cf25596b26bb2f7e1db027dcdc79b6959b35a7d0450fa1c5bed32a9c
[2m2025-12-10T10:19:12.956925Z[0m [34mDEBUG[0m [2methereum_transaction_pool_monitor::eth_client[0m[2m:[0m 📨 Received WebSocket message: {"jsonrpc":"2.0","method":"eth_subscription","params":{"subscription":"0xbed0a0851463e895960a451075a301a9","result":"0xe28bbea94f3a8054ef30f45f64dd3e73cd7afe6199bd8ec95f7be64559f812ad"}}
[2m2025-12-10T10:19:12.956929Z[0m [34mDEBUG[0m [2methereum_transaction_pool_monitor::eth_client[0m[2m:[0m 📨 Received pending transaction: 0xe28bbea94f3a8054ef30f45f64dd3e73cd7afe6199bd8ec95f7be64559f812ad
[2m2025-12-10T10:19:12.956935Z[0m [34mDEBUG[0m [2methereum_transaction_pool_monitor::eth_client[0m[2m:[0m 📨 Received WebSocket message: {"jsonrpc":"2.0","method":"eth_subscription","params":{"subscription":"0xbed0a0851463e895960a451075a301a9","result":"0x2a9d0d8e689cb75d8b726d6a7c1c17800501fe390068423b97709791d0e4f2d9"}}
[2m2025-12-10T10:19:12.956939Z[0m [34mDEBUG[0m [2methereum_transaction_pool_monitor::eth_client[0m[2m:[0m 📨 Received pending transaction: 0x2a9d0d8e689cb75d8b726d6a7c1c17800501fe390068423b97709791d0e4f2d9
[2m2025-12-10T10:19:12.956943Z[0m [34mDEBUG[0m [2methereum_transaction_pool_monitor::eth_client[0m[2m:[0m 📨 Received WebSocket message: {"jsonrpc":"2.0","method":"eth_subscription","params":{"subscription":"0xbed0a0851463e895960a451075a301a9","result":"0x5ae77ec5cdeba7e17e65f5fbe392274ca74679776288187d19323860fec6d071"}}
[2m2025-12-10T10:19:12.956947Z[0m [34mDEBUG[0m [2methereum_transaction_pool_monitor::eth_client[0m[2m:[0m 📨 Received pending transaction: 0x5ae77ec5cdeba7e17e65f5fbe392274ca74679776288187d19323860fec6d071
[2m2025-12-10T10:19:12.956951Z[0m [34mDEBUG[0m [2methereum_transaction_pool_monitor::eth_client[0m[2m:[0m 📨 Received WebSocket message: {"jsonrpc":"2.0","method":"eth_subscription","params":{"subscription":"0xbed0a0851463e895960a451075a301a9","result":"0x9e09c7a8eb60458570968c5cd8e62dbcb4989c657e717be311873e14c7c7f8d3"}}
[2m2025-12-10T10:19:12.956955Z[0m [34mDEBUG[0m [2methereum_transaction_pool_monitor::eth_client[0m[2m:[0m 📨 Received pending transaction: 0x9e09c7a8eb60458570968c5cd8e62dbcb4989c657e717be311873e14c7c7f8d3
[2m2025-12-10T10:19:12.956959Z[0m [34mDEBUG[0m [2methereum_transaction_pool_monitor::eth_client[0m[2m:[0m 📨 Received WebSocket message: {"jsonrpc":"2.0","method":"eth_subscription","params":{"subscription":"0xbed0a0851463e895960a451075a301a9","result":"0x0328b4b596717fa77ec304d9ae3e7170c5148359abf0066bd90552a441fca8a9"}}
[2m2025-12-10T10:19:12.956963Z[0m [34mDEBUG[0m [2methereum_transaction_pool_monitor::eth_client[0m[2m:[0m 📨 Received pending transaction: 0x0328b4b596717fa77ec304d9ae3e7170c5148359abf0066bd90552a441fca8a9
[2m2025-12-10T10:19:12.956966Z[0m [34mDEBUG[0m [2methereum_transaction_pool_monitor::eth_client[0m[2m:[0m 📨 Received WebSocket message: {"jsonrpc":"2.0","method":"eth_subscription","params":{"subscription":"0xbed0a0851463e895960a451075a301a9","result":"0x4fff4b1a9451e77002296c64b7eb828c2246a6f174adf725c7a7851eb3d9c9f5"}}
[2m2025-12-10T10:19:12.956975Z[0m [34mDEBUG[0m [2methereum_transaction_pool_monitor::eth_client[0m[2m:[0m 📨 Received pending transaction: 0x4fff4b1a9451e77002296c64b7eb828c2246a6f174adf725c7a7851eb3d9c9f5
[2m2025-12-10T10:19:12.956979Z[0m [34mDEBUG[0m [2methereum_transaction_pool_monitor::eth_client[0m[2m:[0m 📨 Received WebSocket message: {"jsonrpc":"2.0","method":"eth_subscription","params":{"subscription":"0xbed0a0851463e895960a451075a301a9","result":"0xf969cf7548badd1d06caa6d5e731e9d635679d49ad7a1b12c321c56714a5786c"}}
[2m2025-12-10T10:19:12.956983Z[0m [34mDEBUG[0m [2methereum_transaction_pool_monitor::eth_client[0m[2m:[0m 📨 Received pending transaction: 0xf969cf7548badd1d06caa6d5e731e9d635679d49ad7a1b12c321c56714a5786c
[2m2025-12-10T10:19:12.956987Z[0m [34mDEBUG[0m [2methereum_transaction_pool_monitor::eth_client[0m[2m:[0m 📨 Received WebSocket message: {"jsonrpc":"2.0","method":"eth_subscription","params":{"subscription":"0xbed0a0851463e895960a451075a301a9","result":"0xb7c03f257ce1851eeede5f0926cb9089ddc461ff3d325972344109000ac9d37b"}}
[2m2025-12-10T10:19:12.956991Z[0m [34mDEBUG[0m [2methereum_transaction_pool_monitor::eth_client[0m[2m:[0m 📨 Received pending transaction: 0xb7c03f257ce1851eeede5f0926cb9089ddc461ff3d325972344109000ac9d37b
[2m2025-12-10T10:19:12.956994Z[0m [34mDEBUG[0m [2methereum_transaction_pool_monitor::eth_client[0m[2m:[0m 📨 Received WebSocket message: {"jsonrpc":"2.0","method":"eth_subscription","params":{"subscription":"0xbed0a0851463e895960a451075a301a9","result":"0x071b3b4861ba9826d53ade72e9e3916830dfc9d3ce3b76f45793d5999f9d558f"}}
[2m2025-12-10T10:19:12.956999Z[0m [34mDEBUG[0m [2methereum_transaction_pool_monitor::eth_client[0m[2m:[0m 📨 Received pending transaction: 0x071b3b4861ba9826d53ade72e9e3916830dfc9d3ce3b76f45793d5999f9d558f
[2m2025-12-10T10:19:12.957002Z[0m [34mDEBUG[0m [2methereum_transaction_pool_monitor::eth_client[0m[2m:[0m 📨 Received WebSocket message: {"jsonrpc":"2.0","method":"eth_subscription","params":{"subscription":"0xbed0a0851463e895960a451075a301a9","result":"0xd4422b095e28e32e9bd99a119df3a1d3e42cd2429c19bb24c9c493e9ca2228c8"}}
[2m2025-12-10T10:19:12.957006Z[0m [34mDEBUG[0m [2methereum_transaction_pool_monitor::eth_client[0m[2m:[0m 📨 Received pending transaction: 0xd4422b095e28e32e9bd99a119df3a1d3e42cd2429c19bb24c9c493e9ca2228c8
[2m2025-12-10T10:19:12.957010Z[0m [34mDEBUG[0m [2methereum_transaction_pool_monitor::eth_client[0m[2m:[0m 📨 Received WebSocket message: {"jsonrpc":"2.0","method":"eth_subscription","params":{"subscription":"0xbed0a0851463e895960a451075a301a9","result":"0xa4bc0b24a8913fba953be1b34173e851eb783280e57155c0a6f00e0812b6557f"}}
[2m2025-12-10T10:19:12.960516Z[0m [34mDEBUG[0m [2methereum_transaction_pool_monitor::eth_client[0m[2m:[0m 📨 Received pending transaction: 0xa4bc0b24a8913fba953be1b34173e851eb783280e57155c0a6f00e0812b6557f
[2m2025-12-10T10:19:12.960523Z[0m [34mDEBUG[0m [2methereum_transaction_pool_monitor::eth_client[0m[2m:[0m 📨 Received WebSocket message: {"jsonrpc":"2.0","method":"eth_subscription","params":{"subscription":"0xbed0a0851463e895960a451075a301a9","result":"0xb0e7d2faf91051dd002b14a29b81ec6a39e605b3baaf1011fb0cd0618127b7a6"}}
[2m2025-12-10T10:19:12.960675Z[0m [34mDEBUG[0m [2methereum_transaction_pool_monitor::eth_client[0m[2m:[0m 📨 Received pending transaction: 0xb0e7d2faf91051dd002b14a29b81ec6a39e605b3baaf1011fb0cd0618127b7a6
[2m2025-12-10T10:19:12.960775Z[0m [34mDEBUG[0m [2methereum_transaction_pool_monitor::eth_client[0m[2m:[0m 📨 Received WebSocket message: {"jsonrpc":"2.0","method":"eth_subscription","params":{"subscription":"0xbed0a0851463e895960a451075a301a9","result":"0xb1e4395d93feffe03a46e3b1c39a739b34fea0682f3dc04da032bb088a7d442c"}}
[2m2025-12-10T10:19:12.960781Z[0m [34mDEBUG[0m [2methereum_transaction_pool_monitor::eth_client[0m[2m:[0m 📨 Received pending transaction: 0xb1e4395d93feffe03a46e3b1c39a739b34fea0682f3dc04da032bb088a7d442c
[2m2025-12-10T10:19:12.960785Z[0m [34mDEBUG[0m [2methereum_transaction_pool_monitor::eth_client[0m[2m:[0m 📨 Received WebSocket message: {"jsonrpc":"2.0","method":"eth_subscription","params":{"subscription":"0xbed0a0851463e895960a451075a301a9","result":"0x4dc473b89cb89a7b42fbc94f0b905cdfaa369bc2076d67ca7d74ae2e57743178"}}
[2m2025-12-10T10:19:12.960790Z[0m [34mDEBUG[0m [2methereum_transaction_pool_monitor::eth_client[0m[2m:[0m 📨 Received pending transaction: 0x4dc473b89cb89a7b42fbc94f0b905cdfaa369bc2076d67ca7d74ae2e57743178
[2m2025-12-10T10:19:12.960795Z[0m [34mDEBUG[0m [2methereum_transaction_pool_monitor::eth_client[0m[2m:[0m 📨 Received WebSocket message: {"jsonrpc":"2.0","method":"eth_subscription","params":{"subscription":"0xbed0a0851463e895960a451075a301a9","result":"0xa9d58a5a86f7295a096a0eb3cc1db25df3c93d79a984f05bd8df71ae67996efc"}}
[2m2025-12-10T10:19:12.960800Z[0m [34mDEBUG[0m [2methereum_transaction_pool_monitor::eth_client[0m[2m:[0m 📨 Received pending transaction: 0xa9d58a5a86f7295a096a0eb3cc1db25df3c93d79a984f05bd8df71ae67996efc
[2m2025-12-10T10:19:12.960804Z[0m [34mDEBUG[0m [2methereum_transaction_pool_monitor::eth_client[0m[2m:[0m 📨 Received WebSocket message: {"jsonrpc":"2.0","method":"eth_subscription","params":{"subscription":"0xbed0a0851463e895960a451075a301a9","result":"0xda51619c16e1dd33e5d94772092e5de47e43843e0dd0dad763d0478039f2b4e8"}}
[2m2025-12-10T10:19:12.960903Z[0m [34mDEBUG[0m [2methereum_transaction_pool_monitor::eth_client[0m[2m:[0m 📨 Received pending transaction: 0xda51619c16e1dd33e5d94772092e5de47e43843e0dd0dad763d0478039f2b4e8
[2m2025-12-10T10:19:12.960911Z[0m [34mDEBUG[0m [2methereum_transaction_pool_monitor::eth_client[0m[2m:[0m 📨 Received WebSocket message: {"jsonrpc":"2.0","method":"eth_subscription","params":{"subscription":"0xbed0a0851463e895960a451075a301a9","result":"0x3d8850c2459c4b6acb43dffe1cd06c135d8bb8adf033cc24aa079743aa3c7333"}}
[2m2025-12-10T10:19:12.960916Z[0m [34mDEBUG[0m [2methereum_transaction_pool_monitor::eth_client[0m[2m:[0m 📨 Received pending transaction: 0x3d8850c2459c4b6acb43dffe1cd06c135d8bb8adf033cc24aa079743aa3c7333
[2m2025-12-10T10:19:12.960920Z[0m [34mDEBUG[0m [2methereum_transaction_pool_monitor::eth_client[0m[2m:[0m 📨 Received WebSocket message: {"jsonrpc":"2.0","method":"eth_subscription","params":{"subscription":"0xbed0a0851463e895960a451075a301a9","result":"0xb8b04658edce72dbefe193415a4e757382d0f13a914853eeeec89e5cc8051a22"}}
[2m2025-12-10T10:19:12.960926Z[0m [34mDEBUG[0m [2methereum_transaction_pool_monitor::eth_client[0m[2m:[0m 📨 Received pending transaction: 0xb8b04658edce72dbefe193415a4e757382d0f13a914853eeeec89e5cc8051a22
[2m2025-12-10T10:19:12.960930Z[0m [34mDEBUG[0m [2methereum_transaction_pool_monitor::eth_client[0m[2m:[0m 📨 Received WebSocket message: {"jsonrpc":"2.0","method":"eth_subscription","params":{"subscription":"0xbed0a0851463e895960a451075a301a9","result":"0xf964147c2499eca8bd412047862c0a7c16192f43380e403ad59a1ee805bb5336"}}
[2m2025-12-10T10:19:12.960937Z[0m [34mDEBUG[0m [2methereum_transaction_pool_monitor::eth_client[0m[2m:[0m 📨 Received pending transaction: 0xf964147c2499eca8bd412047862c0a7c16192f43380e403ad59a1ee805bb5336
[2m2025-12-10T10:19:12.960942Z[0m [34mDEBUG[0m [2methereum_transaction_pool_monitor::eth_client[0m[2m:[0m 📨 Received WebSocket message: {"jsonrpc":"2.0","method":"eth_subscription","params":{"subscription":"0xbed0a0851463e895960a451075a301a9","result":"0xd40807613ed8df5e9b8137bcfdcf3fed494d97e73b6ce0af2f56c70ee699bcb7"}}
[2m2025-12-10T10:19:12.960947Z[0m [34mDEBUG[0m [2methereum_transaction_pool_monitor::eth_client[0m[2m:[0m 📨 Received pending transaction: 0xd40807613ed8df5e9b8137bcfdcf3fed494d97e73b6ce0af2f56c70ee699bcb7
[2m2025-12-10T10:19:12.960951Z[0m [34mDEBUG[0m [2methereum_transaction_pool_monitor::eth_client[0m[2m:[0m 📨 Received WebSocket message: {"jsonrpc":"2.0","method":"eth_subscription","params":{"subscription":"0xbed0a0851463e895960a451075a301a9","result":"0x746029ed6b749941aa51889eaecfa97121378925bc521f5c233048feddfa2613"}}
[2m2025-12-10T10:19:12.960955Z[0m [34mDEBUG[0m [2methereum_transaction_pool_monitor::eth_client[0m[2m:[0m 📨 Received pending transaction: 0x746029ed6b749941aa51889eaecfa97121378925bc521f5c233048feddfa2613
[2m2025-12-10T10:19:12.960960Z[0m [34mDEBUG[0m [2methereum_transaction_pool_monitor::eth_client[0m[2m:[0m 📨 Received WebSocket message: {"jsonrpc":"2.0","method":"eth_subscription","params":{"subscription":"0xbed0a0851463e895960a451075a301a9","result":"0x94d485c4f2eea74bb59649138a69a14c501163b4f3f8db3ce15addaa7528bd75"}}
[2m2025-12-10T10:19:12.960964Z[0m [34mDEBUG[0m [2methereum_transaction_pool_monitor::eth_client[0m[2m:[0m 📨 Received pending transaction: 0x94d485c4f2eea74bb59649138a69a14c501163b4f3f8db3ce15addaa7528bd75
[2m2025-12-10T10:19:12.960971Z[0m [34mDEBUG[0m [2methereum_transaction_pool_monitor::eth_client[0m[2m:[0m 📨 Received WebSocket message: {"jsonrpc":"2.0","method":"eth_subscription","params":{"subscription":"0xbed0a0851463e895960a451075a301a9","result":"0x192af4a69f9371812736bba91253ea209fcb412d78a9696582d17240019ac3d5"}}
[2m2025-12-10T10:19:12.960976Z[0m [34mDEBUG[0m [2methereum_transaction_pool_monitor::eth_client[0m[2m:[0m 📨 Received pending transaction: 0x192af4a69f9371812736bba91253ea209fcb412d78a9696582d17240019ac3d5
[2m2025-12-10T10:19:12.960981Z[0m [34mDEBUG[0m [2methereum_transaction_pool_monitor::eth_client[0m[2m:[0m 📨 Received WebSocket message: {"jsonrpc":"2.0","method":"eth_subscription","params":{"subscription":"0xbed0a0851463e895960a451075a301a9","result":"0xc2ca910496ab0cf6dd4461aa11227f3bf43fe8e294036267460856231ea8bd2d"}}
[2m2025-12-10T10:19:12.960985Z[0m [34mDEBUG[0m [2methereum_transaction_pool_monitor::eth_client[0m[2m:[0m 📨 Received pending transaction: 0xc2ca910496ab0cf6dd4461aa11227f3bf43fe8e294036267460856231ea8bd2d
[2m2025-12-10T10:19:12.960989Z[0m [34mDEBUG[0m [2methereum_transaction_pool_monitor::eth_client[0m[2m:[0m 📨 Received WebSocket message: {"jsonrpc":"2.0","method":"eth_subscription","params":{"subscription":"0xbed0a0851463e895960a451075a301a9","result":"0x0f01cfde81cabc25256828993c9ce526a0316d810fdb523d2a41fc153344dd76"}}
[2m2025-12-10T10:19:12.960994Z[0m [34mDEBUG[0m [2methereum_transaction_pool_monitor::eth_client[0m[2m:[0m 📨 Received pending transaction: 0x0f01cfde81cabc25256828993c9ce526a0316d810fdb523d2a41fc153344dd76
[2m2025-12-10T10:19:12.960998Z[0m [34mDEBUG[0m [2methereum_transaction_pool_monitor::eth_client[0m[2m:[0m 📨 Received WebSocket message: {"jsonrpc":"2.0","method":"eth_subscription","params":{"subscription":"0xbed0a0851463e895960a451075a301a9","result":"0xd6616c033c802aea2ecca3a68597061b4e7dce0e9711bec1d8e5da6e7e216a6d"}}
[2m2025-12-10T10:19:12.961003Z[0m [34mDEBUG[0m [2methereum_transaction_pool_monitor::eth_client[0m[2m:[0m 📨 Received pending transaction: 0xd6616c033c802aea2ecca3a68597061b4e7dce0e9711bec1d8e5da6e7e216a6d
[2m2025-12-10T10:19:12.961008Z[0m [34mDEBUG[0m [2methereum_transaction_pool_monitor::eth_client[0m[2m:[0m 📨 Received WebSocket message: {"jsonrpc":"2.0","method":"eth_subscription","params":{"subscription":"0xbed0a0851463e895960a451075a301a9","result":"0xf529df5223d7a6fcd807bb9ee4e78f50384589474886b41da449fc30ae1b4019"}}
[2m2025-12-10T10:19:12.961013Z[0m [34mDEBUG[0m [2methereum_transaction_pool_monitor::eth_client[0m[2m:[0m 📨 Received pending transaction: 0xf529df5223d7a6fcd807bb9ee4e78f50384589474886b41da449fc30ae1b4019
[2m2025-12-10T10:19:12.961017Z[0m [34mDEBUG[0m [2methereum_transaction_pool_monitor::eth_client[0m[2m:[0m 📨 Received WebSocket message: {"jsonrpc":"2.0","method":"eth_subscription","params":{"subscription":"0xbed0a0851463e895960a451075a301a9","result":"0x75683453c1c7bdc4a9a3ce9e06d5d23d6906637b08333bce31c8369a6a5ba77b"}}
[2m2025-12-10T10:19:12.961044Z[0m [34mDEBUG[0m [2methereum_transaction_pool_monitor::eth_client[0m[2m:[0m 📨 Received pending transaction: 0x75683453c1c7bdc4a9a3ce9e06d5d23d6906637b08333bce31c8369a6a5ba77b
[2m2025-12-10T10:19:12.961051Z[0m [34mDEBUG[0m [2methereum_transaction_pool_monitor::eth_client[0m[2m:[0m 📨 Received WebSocket message: {"jsonrpc":"2.0","method":"eth_subscription","params":{"subscription":"0xbed0a0851463e895960a451075a301a9","result":"0x791fe5730619c3674b76729a026a43b53476d531a95d1405100bca067c47f36c"}}
[2m2025-12-10T10:19:12.961056Z[0m [34mDEBUG[0m [2methereum_transaction_pool_monitor::eth_client[0m[2m:[0m 📨 Received pending transaction: 0x791fe5730619c3674b76729a026a43b53476d531a95d1405100bca067c47f36c
[2m2025-12-10T10:19:12.961094Z[0m [34mDEBUG[0m [2methereum_transaction_pool_monitor::eth_client[0m[2m:[0m 📨 Received WebSocket message: {"jsonrpc":"2.0","method":"eth_subscription","params":{"subscription":"0xbed0a0851463e895960a451075a301a9","result":"0x9044f8e724818be3b8bcfa15a5e3eaeb0d0cea7b8ef419af5be4d3d68dea5837"}}
[2m2025-12-10T10:19:12.961126Z[0m [34mDEBUG[0m [2methereum_transaction_pool_monitor::eth_client[0m[2m:[0m 📨 Received pending transaction: 0x9044f8e724818be3b8bcfa15a5e3eaeb0d0cea7b8ef419af5be4d3d68dea5837
[2m2025-12-10T10:19:12.961131Z[0m [34mDEBUG[0m [2methereum_transaction_pool_monitor::eth_client[0m[2m:[0m 📨 Received WebSocket message: {"jsonrpc":"2.0","method":"eth_subscription","params":{"subscription":"0xbed0a0851463e895960a451075a301a9","result":"0xa54e1a4cb9e20498f3544fb6bbb886b97bf427b74f0a290225a9372244192966"}}
[2m2025-12-10T10:19:12.961138Z[0m [34mDEBUG[0m [2methereum_transaction_pool_monitor::eth_client[0m[2m:[0m 📨 Received pending transaction: 0xa54e1a4cb9e20498f3544fb6bbb886b97bf427b74f0a290225a9372244192966
[2m2025-12-10T10:19:12.961143Z[0m [34mDEBUG[0m [2methereum_transaction_pool_monitor::eth_client[0m[2m:[0m 📨 Received WebSocket message: {"jsonrpc":"2.0","method":"eth_subscription","params":{"subscription":"0xbed0a0851463e895960a451075a301a9","result":"0xc1fc7daedac440327c83f0583ac8d9dee99e848b6de962f39577ab43b00a0bfd"}}
[2m2025-12-10T10:19:12.961150Z[0m [34mDEBUG[0m [2methereum_transaction_pool_monitor::eth_client[0m[2m:[0m 📨 Received pending transaction: 0xc1fc7daedac440327c83f0583ac8d9dee99e848b6de962f39577ab43b00a0bfd
[2m2025-12-10T10:19:12.961155Z[0m [34mDEBUG[0m [2methereum_transaction_pool_monitor::eth_client[0m[2m:[0m 📨 Received WebSocket message: {"jsonrpc":"2.0","method":"eth_subscription","params":{"subscription":"0xbed0a0851463e895960a451075a301a9","result":"0x395d3f2acf4e960f4681267bbaf4151cf4919c645714bf572d50e4d968fa7a8c"}}
[2m2025-12-10T10:19:12.961161Z[0m [34mDEBUG[0m [2methereum_transaction_pool_monitor::eth_client[0m[2m:[0m 📨 Received pending transaction: 0x395d3f2acf4e960f4681267bbaf4151cf4919c645714bf572d50e4d968fa7a8c
[2m2025-12-10T10:19:12.961165Z[0m [34mDEBUG[0m [2methereum_transaction_pool_monitor::eth_client[0m[2m:[0m 📨 Received WebSocket message: {"jsonrpc":"2.0","method":"eth_subscription","params":{"subscription":"0xbed0a0851463e895960a451075a301a9","result":"0x3c1e3e0d5c75d40f37b7070b3a73525fa2d782fdd82d9ea9e47a8d242c95c418"}}
[2m2025-12-10T10:19:12.961170Z[0m [34mDEBUG[0m [2methereum_transaction_pool_monitor::eth_client[0m[2m:[0m 📨 Received pending transaction: 0x3c1e3e0d5c75d40f37b7070b3a73525fa2d782fdd82d9ea9e47a8d242c95c418
[2m2025-12-10T10:19:12.961174Z[0m [34mDEBUG[0m [2methereum_transaction_pool_monitor::eth_client[0m[2m:[0m 📨 Received WebSocket message: {"jsonrpc":"2.0","method":"eth_subscription","params":{"subscription":"0xbed0a0851463e895960a451075a301a9","result":"0x78d8c3f0f630eb796c887c40c697aee2a062dc8f57ae0937f6d363b4417de80b"}}
[2m2025-12-10T10:19:12.961179Z[0m [34mDEBUG[0m [2methereum_transaction_pool_monitor::eth_client[0m[2m:[0m 📨 Received pending transaction: 0x78d8c3f0f630eb796c887c40c697aee2a062dc8f57ae0937f6d363b4417de80b
[2m2025-12-10T10:19:12.961183Z[0m [34mDEBUG[0m [2methereum_transaction_pool_monitor::eth_client[0m[2m:[0m 📨 Received WebSocket message: {"jsonrpc":"2.0","method":"eth_subscription","params":{"subscription":"0xbed0a0851463e895960a451075a301a9","result":"0x09265f1104145dec8443ff267afc6680ff8641fe02277b29ec9e16f04a2a3e4e"}}
[2m2025-12-10T10:19:12.961188Z[0m [34mDEBUG[0m [2methereum_transaction_pool_monitor::eth_client[0m[2m:[0m 📨 Received pending transaction: 0x09265f1104145dec8443ff267afc6680ff8641fe02277b29ec9e16f04a2a3e4e
[2m2025-12-10T10:19:12.961197Z[0m [34mDEBUG[0m [2methereum_transaction_pool_monitor::eth_client[0m[2m:[0m 📨 Received WebSocket message: {"jsonrpc":"2.0","method":"eth_subscription","params":{"subscription":"0xbed0a0851463e895960a451075a301a9","result":"0x4c619a65381b681e637cf85474999f198a6f1a61389a1872631ed63de63f776a"}}
[2m2025-12-10T10:19:12.961202Z[0m [34mDEBUG[0m [2methereum_transaction_pool_monitor::eth_client[0m[2m:[0m 📨 Received pending transaction: 0x4c619a65381b681e637cf85474999f198a6f1a61389a1872631ed63de63f776a
[2m2025-12-10T10:19:12.961221Z[0m [34mDEBUG[0m [2methereum_transaction_pool_monitor::eth_client[0m[2m:[0m 📨 Received WebSocket message: {"jsonrpc":"2.0","method":"eth_subscription","params":{"subscription":"0xbed0a0851463e895960a451075a301a9","result":"0x0f67c9ddbd4b6ab651674416020050f402970642470444c7fc9aaf0b55c57c7e"}}
[2m2025-12-10T10:19:12.961228Z[0m [34mDEBUG[0m [2methereum_transaction_pool_monitor::eth_client[0m[2m:[0m 📨 Received pending transaction: 0x0f67c9ddbd4b6ab651674416020050f402970642470444c7fc9aaf0b55c57c7e
[2m2025-12-10T10:19:12.961232Z[0m [34mDEBUG[0m [2methereum_transaction_pool_monitor::eth_client[0m[2m:[0m 📨 Received WebSocket message: {"jsonrpc":"2.0","method":"eth_subscription","params":{"subscription":"0xbed0a0851463e895960a451075a301a9","result":"0x5261daf81aa706aab73989b9e587f61f8d67365bbcf631ba4425a8dd500b7f43"}}
[2m2025-12-10T10:19:12.961239Z[0m [34mDEBUG[0m [2methereum_transaction_pool_monitor::eth_client[0m[2m:[0m 📨 Received pending transaction: 0x5261daf81aa706aab73989b9e587f61f8d67365bbcf631ba4425a8dd500b7f43
[2m2025-12-10T10:19:12.961246Z[0m [34mDEBUG[0m [2methereum_transaction_pool_monitor::eth_client[0m[2m:[0m 📨 Received WebSocket message: {"jsonrpc":"2.0","method":"eth_subscription","params":{"subscription":"0xbed0a0851463e895960a451075a301a9","result":"0x07145df3359c962587077f2ce9b2c22838c7cbca244ed3245aa8aba2e3e4ea92"}}
[2m2025-12-10T10:19:12.961269Z[0m [34mDEBUG[0m [2methereum_transaction_pool_monitor::eth_client[0m[2m:[0m 📨 Received pending transaction: 0x07145df3359c962587077f2ce9b2c22838c7cbca244ed3245aa8aba2e3e4ea92
[2m2025-12-10T10:19:12.961275Z[0m [34mDEBUG[0m [2methereum_transaction_pool_monitor::eth_client[0m[2m:[0m 📨 Received WebSocket message: {"jsonrpc":"2.0","method":"eth_subscription","params":{"subscription":"0xbed0a0851463e895960a451075a301a9","result":"0x77c7e62a53d329f06ff6614207e51e7a9f9b3e2c66ccea08b379b2843b995d65"}}
[2m2025-12-10T10:19:12.961579Z[0m [34mDEBUG[0m [2methereum_transaction_pool_monitor::eth_client[0m[2m:[0m 📨 Received pending transaction: 0x77c7e62a53d329f06ff6614207e51e7a9f9b3e2c66ccea08b379b2843b995d65
[2m2025-12-10T10:19:12.961585Z[0m [34mDEBUG[0m [2methereum_transaction_pool_monitor::eth_client[0m[2m:[0m 📨 Received WebSocket message: {"jsonrpc":"2.0","method":"eth_subscription","params":{"subscription":"0xbed0a0851463e895960a451075a301a9","result":"0x607ff0398fcd40f0308dd66d77f59acac183d10ed27071ae0aa0826377819087"}}
[2m2025-12-10T10:19:12.962258Z[0m [34mDEBUG[0m [2methereum_transaction_pool_monitor::eth_client[0m[2m:[0m 📨 Received pending transaction: 0x607ff0398fcd40f0308dd66d77f59acac183d10ed27071ae0aa0826377819087
[2m2025-12-10T10:19:12.962297Z[0m [34mDEBUG[0m [2methereum_transaction_pool_monitor::eth_client[0m[2m:[0m 📨 Received WebSocket message: {"jsonrpc":"2.0","method":"eth_subscription","params":{"subscription":"0xbed0a0851463e895960a451075a301a9","result":"0xf8061b2ffcb46fc61cb7ab1deeec024d28b4d61daca989b6e8ac146286dcd93a"}}
[2m2025-12-10T10:19:12.962304Z[0m [34mDEBUG[0m [2methereum_transaction_pool_monitor::eth_client[0m[2m:[0m 📨 Received pending transaction: 0xf8061b2ffcb46fc61cb7ab1deeec024d28b4d61daca989b6e8ac146286dcd93a
[2m2025-12-10T10:19:12.962310Z[0m [34mDEBUG[0m [2methereum_transaction_pool_monitor::eth_client[0m[2m:[0m 📨 Received WebSocket message: {"jsonrpc":"2.0","method":"eth_subscription","params":{"subscription":"0xbed0a0851463e895960a451075a301a9","result":"0x77547ce73d7b9952e362265587b29691d0e89555ae6b0a813be0e912cfca1a41"}}
[2m2025-12-10T10:19:12.962315Z[0m [34mDEBUG[0m [2methereum_transaction_pool_monitor::eth_client[0m[2m:[0m 📨 Received pending transaction: 0x77547ce73d7b9952e362265587b29691d0e89555ae6b0a813be0e912cfca1a41
[2m2025-12-10T10:19:12.962322Z[0m [34mDEBUG[0m [2methereum_transaction_pool_monitor::eth_client[0m[2m:[0m 📨 Received WebSocket message: {"jsonrpc":"2.0","method":"eth_subscription","params":{"subscription":"0xbed0a0851463e895960a451075a301a9","result":"0xddaf0de46a8f46ac57c0997741a3bc08f4a14db4279ca4d0f31b361d4ba1c343"}}
[2m2025-12-10T10:19:12.962327Z[0m [34mDEBUG[0m [2methereum_transaction_pool_monitor::eth_client[0m[2m:[0m 📨 Received pending transaction: 0xddaf0de46a8f46ac57c0997741a3bc08f4a14db4279ca4d0f31b361d4ba1c343
[2m2025-12-10T10:19:12.962331Z[0m [34mDEBUG[0m [2methereum_transaction_pool_monitor::eth_client[0m[2m:[0m 📨 Received WebSocket message: {"jsonrpc":"2.0","method":"eth_subscription","params":{"subscription":"0xbed0a0851463e895960a451075a301a9","result":"0xf2d179741a0934f73bc972baafef4e906d107a83ef3fbe202e39cdf196a583f2"}}
[2m2025-12-10T10:19:12.962337Z[0m [34mDEBUG[0m [2methereum_transaction_pool_monitor::eth_client[0m[2m:[0m 📨 Received pending transaction: 0xf2d179741a0934f73bc972baafef4e906d107a83ef3fbe202e39cdf196a583f2
[2m2025-12-10T10:19:12.962342Z[0m [34mDEBUG[0m [2methereum_transaction_pool_monitor::eth_client[0m[2m:[0m 📨 Received WebSocket message: {"jsonrpc":"2.0","method":"eth_subscription","params":{"subscription":"0xbed0a0851463e895960a451075a301a9","result":"0x2fe2dc75a2b4fbd50953d279f9ead37996f402aa74aa3fd054fb62e0fc54d3d2"}}
[2m2025-12-10T10:19:12.962348Z[0m [34mDEBUG[0m [2methereum_transaction_pool_monitor::eth_client[0m[2m:[0m 📨 Received pending transaction: 0x2fe2dc75a2b4fbd50953d279f9ead37996f402aa74aa3fd054fb62e0fc54d3d2
[2m2025-12-10T10:19:12.962354Z[0m [34mDEBUG[0m [2methereum_transaction_pool_monitor::eth_client[0m[2m:[0m 📨 Received WebSocket message: {"jsonrpc":"2.0","method":"eth_subscription","params":{"subscription":"0xbed0a0851463e895960a451075a301a9","result":"0xf6d080b8a51ea8d0a2ae16ef8a72b86ae4e3fe866317f8046d08706ce8c8d17b"}}
[2m2025-12-10T10:19:12.962362Z[0m [34mDEBUG[0m [2methereum_transaction_pool_monitor::eth_client[0m[2m:[0m 📨 Received pending transaction: 0xf6d080b8a51ea8d0a2ae16ef8a72b86ae4e3fe866317f8046d08706ce8c8d17b
[2m2025-12-10T10:19:12.962373Z[0m [34mDEBUG[0m [2methereum_transaction_pool_monitor::eth_client[0m[2m:[0m 📨 Received WebSocket message: {"jsonrpc":"2.0","method":"eth_subscription","params":{"subscription":"0xbed0a0851463e895960a451075a301a9","result":"0x5a62b7226e8c66d08cbd364b6e9f7f4970346ed86006ac57148c0ac90e92d78a"}}
[2m2025-12-10T10:19:12.962382Z[0m [34mDEBUG[0m [2methereum_transaction_pool_monitor::eth_client[0m[2m:[0m 📨 Received pending transaction: 0x5a62b7226e8c66d08cbd364b6e9f7f4970346ed86006ac57148c0ac90e92d78a
[2m2025-12-10T10:19:12.962393Z[0m [34mDEBUG[0m [2methereum_transaction_pool_monitor::eth_client[0m[2m:[0m 📨 Received WebSocket message: {"jsonrpc":"2.0","method":"eth_subscription","params":{"subscription":"0xbed0a0851463e895960a451075a301a9","result":"0x9673714f9ee549bd11bb4a783ce50cc38b2c76c2394dfa663f5735956d2df2da"}}
[2m2025-12-10T10:19:12.962411Z[0m [34mDEBUG[0m [2methereum_transaction_pool_monitor::eth_client[0m[2m:[0m 📨 Received pending transaction: 0x9673714f9ee549bd11bb4a783ce50cc38b2c76c2394dfa663f5735956d2df2da
[2m2025-12-10T10:19:12.962433Z[0m [34mDEBUG[0m [2methereum_transaction_pool_monitor::eth_client[0m[2m:[0m 📨 Received WebSocket message: {"jsonrpc":"2.0","method":"eth_subscription","params":{"subscription":"0xbed0a0851463e895960a451075a301a9","result":"0x7498535876a4ed61e52d0f6d5e2b826d1381a080fc4cf015bcd7429c703fcf33"}}
[2m2025-12-10T10:19:12.962475Z[0m [34mDEBUG[0m [2methereum_transaction_pool_monitor::eth_client[0m[2m:[0m 📨 Received pending transaction: 0x7498535876a4ed61e52d0f6d5e2b826d1381a080fc4cf015bcd7429c703fcf33
[2m2025-12-10T10:19:12.962484Z[0m [34mDEBUG[0m [2methereum_transaction_pool_monitor::eth_client[0m[2m:[0m 📨 Received WebSocket message: {"jsonrpc":"2.0","method":"eth_subscription","params":{"subscription":"0xbed0a0851463e895960a451075a301a9","result":"0xf739c89f9a0beeef9ccf61d96346bb27184d8ed4bba7d4be0d54009bd9bf41c3"}}
[2m2025-12-10T10:19:12.962491Z[0m [34mDEBUG[0m [2methereum_transaction_pool_monitor::eth_client[0m[2m:[0m 📨 Received pending transaction: 0xf739c89f9a0beeef9ccf61d96346bb27184d8ed4bba7d4be0d54009bd9bf41c3
[2m2025-12-10T10:19:12.962495Z[0m [34mDEBUG[0m [2methereum_transaction_pool_monitor::eth_client[0m[2m:[0m 📨 Received WebSocket message: {"jsonrpc":"2.0","method":"eth_subscription","params":{"subscription":"0xbed0a0851463e895960a451075a301a9","result":"0x98b26fe9c2fdc40f06696326e82bff21ddba627f4f124fb0a2c6661461187bf8"}}
[2m2025-12-10T10:19:12.962500Z[0m [34mDEBUG[0m [2methereum_transaction_pool_monitor::eth_client[0m[2m:[0m 📨 Received pending transaction: 0x98b26fe9c2fdc40f06696326e82bff21ddba627f4f124fb0a2c6661461187bf8
[2m2025-12-10T10:19:12.962505Z[0m [34mDEBUG[0m [2methereum_transaction_pool_monitor::eth_client[0m[2m:[0m 📨 Received WebSocket message: {"jsonrpc":"2.0","method":"eth_subscription","params":{"subscription":"0xbed0a0851463e895960a451075a301a9","result":"0xff1e17aa350b3c2a4be593107c2ebeef30b01661c0f6b29295a9528ec248c6b2"}}
[2m2025-12-10T10:19:12.962510Z[0m [34mDEBUG[0m [2methereum_transaction_pool_monitor::eth_client[0m[2m:[0m 📨 Received pending transaction: 0xff1e17aa350b3c2a4be593107c2ebeef30b01661c0f6b29295a9528ec248c6b2
[2m2025-12-10T10:19:12.962515Z[0m [34mDEBUG[0m [2methereum_transaction_pool_monitor::eth_client[0m[2m:[0m 📨 Received WebSocket message: {"jsonrpc":"2.0","method":"eth_subscription","params":{"subscription":"0xbed0a0851463e895960a451075a301a9","result":"0x7a7c6c9ed83d5031f610665b8baa3f968bb1769c191fb398b11391c4665a9e0c"}}
[2m2025-12-10T10:19:12.962520Z[0m [34mDEBUG[0m [2methereum_transaction_pool_monitor::eth_client[0m[2m:[0m 📨 Received pending transaction: 0x7a7c6c9ed83d5031f610665b8baa3f968bb1769c191fb398b11391c4665a9e0c
[2m2025-12-10T10:19:12.962524Z[0m [34mDEBUG[0m [2methereum_transaction_pool_monitor::eth_client[0m[2m:[0m 📨 Received WebSocket message: {"jsonrpc":"2.0","method":"eth_subscription","params":{"subscription":"0xbed0a0851463e895960a451075a301a9","result":"0xe97c1f0f758dde279ded72d60dd193f1a8ee48dfe1f4be94a25332b84da8818b"}}
[2m2025-12-10T10:19:12.962529Z[0m [34mDEBUG[0m [2methereum_transaction_pool_monitor::eth_client[0m[2m:[0m 📨 Received pending transaction: 0xe97c1f0f758dde279ded72d60dd193f1a8ee48dfe1f4be94a25332b84da8818b
[2m2025-12-10T10:19:12.962533Z[0m [34mDEBUG[0m [2methereum_transaction_pool_monitor::eth_client[0m[2m:[0m 📨 Received WebSocket message: {"jsonrpc":"2.0","method":"eth_subscription","params":{"subscription":"0xbed0a0851463e895960a451075a301a9","result":"0xf2b325b8d325bb445bf50d3719dea38dcd1095e63128c91c674ce44c6c4b52fe"}}
[2m2025-12-10T10:19:12.962538Z[0m [34mDEBUG[0m [2methereum_transaction_pool_monitor::eth_client[0m[2m:[0m 📨 Received pending transaction: 0xf2b325b8d325bb445bf50d3719dea38dcd1095e63128c91c674ce44c6c4b52fe
[2m2025-12-10T10:19:12.962542Z[0m [34mDEBUG[0m [2methereum_transaction_pool_monitor::eth_client[0m[2m:[0m 📨 Received WebSocket message: {"jsonrpc":"2.0","method":"eth_subscription","params":{"subscription":"0xbed0a0851463e895960a451075a301a9","result":"0x4461b0a91ecd7a0b7cb3c6e9f2eb74ac7cb0b97d5f453783f6c0f764b572f69c"}}
[2m2025-12-10T10:19:12.962547Z[0m [34mDEBUG[0m [2methereum_transaction_pool_monitor::eth_client[0m[2m:[0m 📨 Received pending transaction: 0x4461b0a91ecd7a0b7cb3c6e9f2eb74ac7cb0b97d5f453783f6c0f764b572f69c
[2m2025-12-10T10:19:12.962551Z[0m [34mDEBUG[0m [2methereum_transaction_pool_monitor::eth_client[0m[2m:[0m 📨 Received WebSocket message: {"jsonrpc":"2.0","method":"eth_subscription","params":{"subscription":"0xbed0a0851463e895960a451075a301a9","result":"0xe23850030b8cabf89028de6835100379dbb1451fb8e7c7e5e7988c4f02c12322"}}
[2m2025-12-10T10:19:12.962556Z[0m [34mDEBUG[0m [2methereum_transaction_pool_monitor::eth_client[0m[2m:[0m 📨 Received pending transaction: 0xe23850030b8cabf89028de6835100379dbb1451fb8e7c7e5e7988c4f02c12322
[2m2025-12-10T10:19:12.962560Z[0m [34mDEBUG[0m [2methereum_transaction_pool_monitor::eth_client[0m[2m:[0m 📨 Received WebSocket message: {"jsonrpc":"2.0","method":"eth_subscription","params":{"subscription":"0xbed0a0851463e895960a451075a301a9","result":"0x067d02740219f4a4fcef8b50d285a77a08c31e162773e8a8a0eb931ca46bcd0d"}}
[2m2025-12-10T10:19:12.962566Z[0m [34mDEBUG[0m [2methereum_transaction_pool_monitor::eth_client[0m[2m:[0m 📨 Received pending transaction: 0x067d02740219f4a4fcef8b50d285a77a08c31e162773e8a8a0eb931ca46bcd0d
[2m2025-12-10T10:19:12.962572Z[0m [34mDEBUG[0m [2methereum_transaction_pool_monitor::eth_client[0m[2m:[0m 📨 Received WebSocket message: {"jsonrpc":"2.0","method":"eth_subscription","params":{"subscription":"0xbed0a0851463e895960a451075a301a9","result":"0x2de0c5c64eb92c32e503c50992fabe07994e9c8cab1b3dbb7bfacd2e07b2c955"}}
[2m2025-12-10T10:19:12.962581Z[0m [34mDEBUG[0m [2methereum_transaction_pool_monitor::eth_client[0m[2m:[0m 📨 Received pending transaction: 0x2de0c5c64eb92c32e503c50992fabe07994e9c8cab1b3dbb7bfacd2e07b2c955
[2m2025-12-10T10:19:12.962587Z[0m [34mDEBUG[0m [2methereum_transaction_pool_monitor::eth_client[0m[2m:[0m 📨 Received WebSocket message: {"jsonrpc":"2.0","method":"eth_subscription","params":{"subscription":"0xbed0a0851463e895960a451075a301a9","result":"0x9ba1957564e391af196de42d00bcad962704b66c12e9d61cd391f69885d4d43f"}}
[2m2025-12-10T10:19:12.962594Z[0m [34mDEBUG[0m [2methereum_transaction_pool_monitor::eth_client[0m[2m:[0m 📨 Received pending transaction: 0x9ba1957564e391af196de42d00bcad962704b66c12e9d61cd391f69885d4d43f
[2m2025-12-10T10:19:12.962600Z[0m [34mDEBUG[0m [2methereum_transaction_pool_monitor::eth_client[0m[2m:[0m 📨 Received WebSocket message: {"jsonrpc":"2.0","method":"eth_subscription","params":{"subscription":"0xbed0a0851463e895960a451075a301a9","result":"0xe1f3a05ab47faa6e3cd52ce20a860a5c268b1e054f680be67a18574f7b7482af"}}
[2m2025-12-10T10:19:12.962607Z[0m [34mDEBUG[0m [2methereum_transaction_pool_monitor::eth_client[0m[2m:[0m 📨 Received pending transaction: 0xe1f3a05ab47faa6e3cd52ce20a860a5c268b1e054f680be67a18574f7b7482af
[2m2025-12-10T10:19:12.962612Z[0m [34mDEBUG[0m [2methereum_transaction_pool_monitor::eth_client[0m[2m:[0m 📨 Received WebSocket message: {"jsonrpc":"2.0","method":"eth_subscription","params":{"subscription":"0xbed0a0851463e895960a451075a301a9","result":"0x98877bb564454a8416fced4c43fd7f4eae4946a553e4a93a96850813347bb65b"}}
[2m2025-12-10T10:19:12.962619Z[0m [34mDEBUG[0m [2methereum_transaction_pool_monitor::eth_client[0m[2m:[0m 📨 Received pending transaction: 0x98877bb564454a8416fced4c43fd7f4eae4946a553e4a93a96850813347bb65b
[2m2025-12-10T10:19:12.962625Z[0m [34mDEBUG[0m [2methereum_transaction_pool_monitor::eth_client[0m[2m:[0m 📨 Received WebSocket message: {"jsonrpc":"2.0","method":"eth_subscription","params":{"subscription":"0xbed0a0851463e895960a451075a301a9","result":"0x71fde380ebac44417e18dd409c7abcafebbb7667977ad9372b39234d5d608424"}}
[2m2025-12-10T10:19:12.962631Z[0m [34mDEBUG[0m [2methereum_transaction_pool_monitor::eth_client[0m[2m:[0m 📨 Received pending transaction: 0x71fde380ebac44417e18dd409c7abcafebbb7667977ad9372b39234d5d608424
[2m2025-12-10T10:19:12.962639Z[0m [34mDEBUG[0m [2methereum_transaction_pool_monitor::eth_client[0m[2m:[0m 📨 Received WebSocket message: {"jsonrpc":"2.0","method":"eth_subscription","params":{"subscription":"0xbed0a0851463e895960a451075a301a9","result":"0xf18dc6610e9d83da4e3d0acb9640c740808f2d2c765dc65b10ce029ba17e711e"}}
[2m2025-12-10T10:19:12.962646Z[0m [34mDEBUG[0m [2methereum_transaction_pool_monitor::eth_client[0m[2m:[0m 📨 Received pending transaction: 0xf18dc6610e9d83da4e3d0acb9640c740808f2d2c765dc65b10ce029ba17e711e
[2m2025-12-10T10:19:12.962652Z[0m [34mDEBUG[0m [2methereum_transaction_pool_monitor::eth_client[0m[2m:[0m 📨 Received WebSocket message: {"jsonrpc":"2.0","method":"eth_subscription","params":{"subscription":"0xbed0a0851463e895960a451075a301a9","result":"0x82c37c98bed9e813e4de7246e3343ebce2b6871631522323b3e4e7f577e19e5f"}}
[2m2025-12-10T10:19:12.962659Z[0m [34mDEBUG[0m [2methereum_transaction_pool_monitor::eth_client[0m[2m:[0m 📨 Received pending transaction: 0x82c37c98bed9e813e4de7246e3343ebce2b6871631522323b3e4e7f577e19e5f
[2m2025-12-10T10:19:12.962665Z[0m [34mDEBUG[0m [2methereum_transaction_pool_monitor::eth_client[0m[2m:[0m 📨 Received WebSocket message: {"jsonrpc":"2.0","method":"eth_subscription","params":{"subscription":"0xbed0a0851463e895960a451075a301a9","result":"0xe0e8829fc24ea889409b37ff510813d481abffe1817fbdee56eed6e6058c75fd"}}
[2m2025-12-10T10:19:12.962671Z[0m [34mDEBUG[0m [2methereum_transaction_pool_monitor::eth_client[0m[2m:[0m 📨 Received pending transaction: 0xe0e8829fc24ea889409b37ff510813d481abffe1817fbdee56eed6e6058c75fd
[2m2025-12-10T10:19:12.962677Z[0m [34mDEBUG[0m [2methereum_transaction_pool_monitor::eth_client[0m[2m:[0m 📨 Received WebSocket message: {"jsonrpc":"2.0","method":"eth_subscription","params":{"subscription":"0xbed0a0851463e895960a451075a301a9","result":"0x18c4a64e0d1585a6af26db94dec680f2f0ff170da9f992a8ba17c7add627878a"}}
[2m2025-12-10T10:19:12.962683Z[0m [34mDEBUG[0m [2methereum_transaction_pool_monitor::eth_client[0m[2m:[0m 📨 Received pending transaction: 0x18c4a64e0d1585a6af26db94dec680f2f0ff170da9f992a8ba17c7add627878a
[2m2025-12-10T10:19:12.962690Z[0m [34mDEBUG[0m [2methereum_transaction_pool_monitor::eth_client[0m[2m:[0m 📨 Received WebSocket message: {"jsonrpc":"2.0","method":"eth_subscription","params":{"subscription":"0xbed0a0851463e895960a451075a301a9","result":"0xe8e852bcf81166fb2db8a05743762e961635f3ab9765fda23e6e2c7711238cdf"}}
[2m2025-12-10T10:19:12.962697Z[0m [34mDEBUG[0m [2methereum_transaction_pool_monitor::eth_client[0m[2m:[0m 📨 Received pending transaction: 0xe8e852bcf81166fb2db8a05743762e961635f3ab9765fda23e6e2c7711238cdf
[2m2025-12-10T10:19:12.962708Z[0m [34mDEBUG[0m [2methereum_transaction_pool_monitor::eth_client[0m[2m:[0m 📨 Received WebSocket message: {"jsonrpc":"2.0","method":"eth_subscription","params":{"subscription":"0xbed0a0851463e895960a451075a301a9","result":"0x827e0d53591ec1594c31fd79d573fb19360779f821b6af7328cd7a9d5c46ab9e"}}
[2m2025-12-10T10:19:12.963123Z[0m [34mDEBUG[0m [2methereum_transaction_pool_monitor::eth_client[0m[2m:[0m 📨 Received pending transaction: 0x827e0d53591ec1594c31fd79d573fb19360779f821b6af7328cd7a9d5c46ab9e
[2m2025-12-10T10:19:12.963458Z[0m [34mDEBUG[0m [2methereum_transaction_pool_monitor::eth_client[0m[2m:[0m 📨 Received WebSocket message: {"jsonrpc":"2.0","method":"eth_subscription","params":{"subscription":"0xbed0a0851463e895960a451075a301a9","result":"0xe2d86b63518aefcb39efa38d33704401b75daf069cae37387d7f8b21de0639a1"}}
[2m2025-12-10T10:19:12.963464Z[0m [34mDEBUG[0m [2methereum_transaction_pool_monitor::eth_client[0m[2m:[0m 📨 Received pending transaction: 0xe2d86b63518aefcb39efa38d33704401b75daf069cae37387d7f8b21de0639a1
[2m2025-12-10T10:19:12.963469Z[0m [34mDEBUG[0m [2methereum_transaction_pool_monitor::eth_client[0m[2m:[0m 📨 Received WebSocket message: {"jsonrpc":"2.0","method":"eth_subscription","params":{"subscription":"0xbed0a0851463e895960a451075a301a9","result":"0x7ddf01107e572cc589632d3ac5a526f67255f95aae74638fcb4452f0313a476a"}}
[2m2025-12-10T10:19:12.963473Z[0m [34mDEBUG[0m [2methereum_transaction_pool_monitor::eth_client[0m[2m:[0m 📨 Received pending transaction: 0x7ddf01107e572cc589632d3ac5a526f67255f95aae74638fcb4452f0313a476a
[2m2025-12-10T10:19:12.963477Z[0m [34mDEBUG[0m [2methereum_transaction_pool_monitor::eth_client[0m[2m:[0m 📨 Received WebSocket message: {"jsonrpc":"2.0","method":"eth_subscription","params":{"subscription":"0xbed0a0851463e895960a451075a301a9","result":"0xe8750f2345847bfb0b9b0d433e5eeabe95336fe9f8cddc52446baca406183d36"}}
[2m2025-12-10T10:19:12.963506Z[0m [34mDEBUG[0m [2methereum_transaction_pool_monitor::eth_client[0m[2m:[0m 📨 Received pending transaction: 0xe8750f2345847bfb0b9b0d433e5eeabe95336fe9f8cddc52446baca406183d36
[2m2025-12-10T10:19:12.963523Z[0m [34mDEBUG[0m [2methereum_transaction_pool_monitor::eth_client[0m[2m:[0m 📨 Received WebSocket message: {"jsonrpc":"2.0","method":"eth_subscription","params":{"subscription":"0xbed0a0851463e895960a451075a301a9","result":"0x825d21fcee63b9508594d61abd56bf19dc3715fff9e4a3653fa4675f27a8b13a"}}
[2m2025-12-10T10:19:12.963528Z[0m [34mDEBUG[0m [2methereum_transaction_pool_monitor::eth_client[0m[2m:[0m 📨 Received pending transaction: 0x825d21fcee63b9508594d61abd56bf19dc3715fff9e4a3653fa4675f27a8b13a
[2m2025-12-10T10:19:12.963532Z[0m [34mDEBUG[0m [2methereum_transaction_pool_monitor::eth_client[0m[2m:[0m 📨 Received WebSocket message: {"jsonrpc":"2.0","method":"eth_subscription","params":{"subscription":"0xbed0a0851463e895960a451075a301a9","result":"0xd33acb21cb8d69a60e8a3593ec811d77f2e63e38c2c5e47bdcca36a22e1142d1"}}
[2m2025-12-10T10:19:12.963536Z[0m [34mDEBUG[0m [2methereum_transaction_pool_monitor::eth_client[0m[2m:[0m 📨 Received pending transaction: 0xd33acb21cb8d69a60e8a3593ec811d77f2e63e38c2c5e47bdcca36a22e1142d1
[2m2025-12-10T10:19:12.963540Z[0m [34mDEBUG[0m [2methereum_transaction_pool_monitor::eth_client[0m[2m:[0m 📨 Received WebSocket message: {"jsonrpc":"2.0","method":"eth_subscription","params":{"subscription":"0xbed0a0851463e895960a451075a301a9","result":"0x317962f1cd62e63ff11a3b90eab5ca53cf99c52053804505172f39741f3800de"}}
[2m2025-12-10T10:19:12.963545Z[0m [34mDEBUG[0m [2methereum_transaction_pool_monitor::eth_client[0m[2m:[0m 📨 Received pending transaction: 0x317962f1cd62e63ff11a3b90eab5ca53cf99c52053804505172f39741f3800de
[2m2025-12-10T10:19:12.963549Z[0m [34mDEBUG[0m [2methereum_transaction_pool_monitor::eth_client[0m[2m:[0m 📨 Received WebSocket message: {"jsonrpc":"2.0","method":"eth_subscription","params":{"subscription":"0xbed0a0851463e895960a451075a301a9","result":"0xe18230c86de91268441db302d3b85aa1b1b609ed1d37eb3d0d9a486be0eebb3e"}}
[2m2025-12-10T10:19:12.963579Z[0m [34mDEBUG[0m [2methereum_transaction_pool_monitor::eth_client[0m[2m:[0m 📨 Received pending transaction: 0xe18230c86de91268441db302d3b85aa1b1b609ed1d37eb3d0d9a486be0eebb3e
[2m2025-12-10T10:19:12.963585Z[0m [34mDEBUG[0m [2methereum_transaction_pool_monitor::eth_client[0m[2m:[0m 📨 Received WebSocket message: {"jsonrpc":"2.0","method":"eth_subscription","params":{"subscription":"0xbed0a0851463e895960a451075a301a9","result":"0x679a9b66200b12d3cddf5e8112e7f150045887c4dae777d97c7ba12f5d5439f6"}}
[2m2025-12-10T10:19:12.963589Z[0m [34mDEBUG[0m [2methereum_transaction_pool_monitor::eth_client[0m[2m:[0m 📨 Received pending transaction: 0x679a9b66200b12d3cddf5e8112e7f150045887c4dae777d97c7ba12f5d5439f6
[2m2025-12-10T10:19:12.963593Z[0m [34mDEBUG[0m [2methereum_transaction_pool_monitor::eth_client[0m[2m:[0m 📨 Received WebSocket message: {"jsonrpc":"2.0","method":"eth_subscription","params":{"subscription":"0xbed0a0851463e895960a451075a301a9","result":"0xbc0d9f954c5b1ca0378e371013b8f88b044c23da5750f0bd5514483a4b9233d6"}}
[2m2025-12-10T10:19:12.963598Z[0m [34mDEBUG[0m [2methereum_transaction_pool_monitor::eth_client[0m[2m:[0m 📨 Received pending transaction: 0xbc0d9f954c5b1ca0378e371013b8f88b044c23da5750f0bd5514483a4b9233d6
[2m2025-12-10T10:19:12.963602Z[0m [34mDEBUG[0m [2methereum_transaction_pool_monitor::eth_client[0m[2m:[0m 📨 Received WebSocket message: {"jsonrpc":"2.0","method":"eth_subscription","params":{"subscription":"0xbed0a0851463e895960a451075a301a9","result":"0xfd850cd21710e1d9c0ba6e8b597325693e924f0ca9be53851953ad345ef070e3"}}
[2m2025-12-10T10:19:12.963606Z[0m [34mDEBUG[0m [2methereum_transaction_pool_monitor::eth_client[0m[2m:[0m 📨 Received pending transaction: 0xfd850cd21710e1d9c0ba6e8b597325693e924f0ca9be53851953ad345ef070e3
[2m2025-12-10T10:19:12.963610Z[0m [34mDEBUG[0m [2methereum_transaction_pool_monitor::eth_client[0m[2m:[0m 📨 Received WebSocket message: {"jsonrpc":"2.0","method":"eth_subscription","params":{"subscription":"0xbed0a0851463e895960a451075a301a9","result":"0xbf3db90f18a99a5502ad26e6dfc3c5b5f0f3ba68176dc4bfca51fb29eb7e9f53"}}
[2m2025-12-10T10:19:12.963615Z[0m [34mDEBUG[0m [2methereum_transaction_pool_monitor::eth_client[0m[2m:[0m 📨 Received pending transaction: 0xbf3db90f18a99a5502ad26e6dfc3c5b5f0f3ba68176dc4bfca51fb29eb7e9f53
[2m2025-12-10T10:19:12.963618Z[0m [34mDEBUG[0m [2methereum_transaction_pool_monitor::eth_client[0m[2m:[0m 📨 Received WebSocket message: {"jsonrpc":"2.0","method":"eth_subscription","params":{"subscription":"0xbed0a0851463e895960a451075a301a9","result":"0xec54373a2353b3820d89aa487a155e3ac842344ace53bca1f9724d8ca32daa46"}}
[2m2025-12-10T10:19:12.963623Z[0m [34mDEBUG[0m [2methereum_transaction_pool_monitor::eth_client[0m[2m:[0m 📨 Received pending transaction: 0xec54373a2353b3820d89aa487a155e3ac842344ace53bca1f9724d8ca32daa46
[2m2025-12-10T10:19:12.963645Z[0m [34mDEBUG[0m [2methereum_transaction_pool_monitor::eth_client[0m[2m:[0m 📨 Received WebSocket message: {"jsonrpc":"2.0","method":"eth_subscription","params":{"subscription":"0xbed0a0851463e895960a451075a301a9","result":"0xb20b27ca2ea2c25d6b3aa481b68628963e442e9c2aa8050717fe3d94305746b6"}}
[2m2025-12-10T10:19:12.963650Z[0m [34mDEBUG[0m [2methereum_transaction_pool_monitor::eth_client[0m[2m:[0m 📨 Received pending transaction: 0xb20b27ca2ea2c25d6b3aa481b68628963e442e9c2aa8050717fe3d94305746b6
[2m2025-12-10T10:19:12.963654Z[0m [34mDEBUG[0m [2methereum_transaction_pool_monitor::eth_client[0m[2m:[0m 📨 Received WebSocket message: {"jsonrpc":"2.0","method":"eth_subscription","params":{"subscription":"0xbed0a0851463e895960a451075a301a9","result":"0x7753d082a1921f0b2fdeac6c9b82367a50aedc900f75baa7f68057857f45f60c"}}
[2m2025-12-10T10:19:12.963760Z[0m [34mDEBUG[0m [2methereum_transaction_pool_monitor::eth_client[0m[2m:[0m 📨 Received pending transaction: 0x7753d082a1921f0b2fdeac6c9b82367a50aedc900f75baa7f68057857f45f60c
[2m2025-12-10T10:19:12.963765Z[0m [34mDEBUG[0m [2methereum_transaction_pool_monitor::eth_client[0m[2m:[0m 📨 Received WebSocket message: {"jsonrpc":"2.0","method":"eth_subscription","params":{"subscription":"0xbed0a0851463e895960a451075a301a9","result":"0xb1e1536278ae6e7e9b5e5cc912ebfafa89caae4d9982e89fbcf6816bb21fd589"}}
[2m2025-12-10T10:19:12.963776Z[0m [34mDEBUG[0m [2methereum_transaction_pool_monitor::eth_client[0m[2m:[0m 📨 Received pending transaction: 0xb1e1536278ae6e7e9b5e5cc912ebfafa89caae4d9982e89fbcf6816bb21fd589
[2m2025-12-10T10:19:12.963780Z[0m [34mDEBUG[0m [2methereum_transaction_pool_monitor::eth_client[0m[2m:[0m 📨 Received WebSocket message: {"jsonrpc":"2.0","method":"eth_subscription","params":{"subscription":"0xbed0a0851463e895960a451075a301a9","result":"0x77ee34e5ad83cd830a22d8a3bfcb413d5ca3ba72f9c67328678af884fa5fc354"}}
[2m2025-12-10T10:19:12.963785Z[0m [34mDEBUG[0m [2methereum_transaction_pool_monitor::eth_client[0m[2m:[0m 📨 Received pending transaction: 0x77ee34e5ad83cd830a22d8a3bfcb413d5ca3ba72f9c67328678af884fa5fc354
[2m2025-12-10T10:19:12.964654Z[0m [34mDEBUG[0m [2methereum_transaction_pool_monitor::eth_client[0m[2m:[0m 📨 Received WebSocket message: {"jsonrpc":"2.0","method":"eth_subscription","params":{"subscription":"0xbed0a0851463e895960a451075a301a9","result":"0x1232a11ab0291da033d9a19196e4c1a3ea529e523c309f86ce9ff1de6151c858"}}
[2m2025-12-10T10:19:12.964672Z[0m [34mDEBUG[0m [2methereum_transaction_pool_monitor::eth_client[0m[2m:[0m 📨 Received pending transaction: 0x1232a11ab0291da033d9a19196e4c1a3ea529e523c309f86ce9ff1de6151c858
[2m2025-12-10T10:19:12.964676Z[0m [34mDEBUG[0m [2methereum_transaction_pool_monitor::eth_client[0m[2m:[0m 📨 Received WebSocket message: {"jsonrpc":"2.0","method":"eth_subscription","params":{"subscription":"0xbed0a0851463e895960a451075a301a9","result":"0xa2d4cfce87fbf49f08274935111d0b52d9887c75a33ac1e027f33c5c37130400"}}
[2m2025-12-10T10:19:12.964690Z[0m [34mDEBUG[0m [2methereum_transaction_pool_monitor::eth_client[0m[2m:[0m 📨 Received pending transaction: 0xa2d4cfce87fbf49f08274935111d0b52d9887c75a33ac1e027f33c5c37130400
[2m2025-12-10T10:19:12.964695Z[0m [34mDEBUG[0m [2methereum_transaction_pool_monitor::eth_client[0m[2m:[0m 📨 Received WebSocket message: {"jsonrpc":"2.0","method":"eth_subscription","params":{"subscription":"0xbed0a0851463e895960a451075a301a9","result":"0x02d33cde6eaedec89454596fd61c02308df86e195c9908b74edb42b6dc75be64"}}
[2m2025-12-10T10:19:12.964707Z[0m [34mDEBUG[0m [2methereum_transaction_pool_monitor::eth_client[0m[2m:[0m 📨 Received pending transaction: 0x02d33cde6eaedec89454596fd61c02308df86e195c9908b74edb42b6dc75be64
[2m2025-12-10T10:19:12.964711Z[0m [34mDEBUG[0m [2methereum_transaction_pool_monitor::eth_client[0m[2m:[0m 📨 Received WebSocket message: {"jsonrpc":"2.0","method":"eth_subscription","params":{"subscription":"0xbed0a0851463e895960a451075a301a9","result":"0xa75daddc82fa0d2dbe203737b3ee07180005fbd352e1830c582e8d22d58c7012"}}
[2m2025-12-10T10:19:12.964753Z[0m [34mDEBUG[0m [2methereum_transaction_pool_monitor::eth_client[0m[2m:[0m 📨 Received pending transaction: 0xa75daddc82fa0d2dbe203737b3ee07180005fbd352e1830c582e8d22d58c7012
[2m2025-12-10T10:19:12.964757Z[0m [34mDEBUG[0m [2methereum_transaction_pool_monitor::eth_client[0m[2m:[0m 📨 Received WebSocket message: {"jsonrpc":"2.0","method":"eth_subscription","params":{"subscription":"0xbed0a0851463e895960a451075a301a9","result":"0xae50fd272c948667ebed27eedc665291526104c7fda6675762224e247649dfc5"}}
[2m2025-12-10T10:19:12.964762Z[0m [34mDEBUG[0m [2methereum_transaction_pool_monitor::eth_client[0m[2m:[0m 📨 Received pending transaction: 0xae50fd272c948667ebed27eedc665291526104c7fda6675762224e247649dfc5
[2m2025-12-10T10:19:12.964773Z[0m [34mDEBUG[0m [2methereum_transaction_pool_monitor::eth_client[0m[2m:[0m 📨 Received WebSocket message: {"jsonrpc":"2.0","method":"eth_subscription","params":{"subscription":"0xbed0a0851463e895960a451075a301a9","result":"0xea97032b8f9f74cc813be2b225c1cc2a3271a53ab14aee29ef367ce5cc5f8534"}}
[2m2025-12-10T10:19:12.964778Z[0m [34mDEBUG[0m [2methereum_transaction_pool_monitor::eth_client[0m[2m:[0m 📨 Received pending transaction: 0xea97032b8f9f74cc813be2b225c1cc2a3271a53ab14aee29ef367ce5cc5f8534
[2m2025-12-10T10:19:12.964782Z[0m [34mDEBUG[0m [2methereum_transaction_pool_monitor::eth_client[0m[2m:[0m 📨 Received WebSocket message: {"jsonrpc":"2.0","method":"eth_subscription","params":{"subscription":"0xbed0a0851463e895960a451075a301a9","result":"0x37a517934c1dce81888eb81fb2d74a7a9e8d014bf5de862513fd94c3330dfe49"}}
[2m2025-12-10T10:19:12.964787Z[0m [34mDEBUG[0m [2methereum_transaction_pool_monitor::eth_client[0m[2m:[0m 📨 Received pending transaction: 0x37a517934c1dce81888eb81fb2d74a7a9e8d014bf5de862513fd94c3330dfe49
[2m2025-12-10T10:19:12.964790Z[0m [34mDEBUG[0m [2methereum_transaction_pool_monitor::eth_client[0m[2m:[0m 📨 Received WebSocket message: {"jsonrpc":"2.0","method":"eth_subscription","params":{"subscription":"0xbed0a0851463e895960a451075a301a9","result":"0x3fa5c4dff0342a889901eb46546d644e8b45119ccdfecea5e11df6e8a44bff72"}}
[2m2025-12-10T10:19:12.964795Z[0m [34mDEBUG[0m [2methereum_transaction_pool_monitor::eth_client[0m[2m:[0m 📨 Received pending transaction: 0x3fa5c4dff0342a889901eb46546d644e8b45119ccdfecea5e11df6e8a44bff72
[2m2025-12-10T10:19:12.964799Z[0m [34mDEBUG[0m [2methereum_transaction_pool_monitor::eth_client[0m[2m:[0m 📨 Received WebSocket message: {"jsonrpc":"2.0","method":"eth_subscription","params":{"subscription":"0xbed0a0851463e895960a451075a301a9","result":"0x2b95ed06eda6c1f0262a9f36fa631c26f8cb58499b7e2ffc36d5313410061f41"}}
[2m2025-12-10T10:19:12.964803Z[0m [34mDEBUG[0m [2methereum_transaction_pool_monitor::eth_client[0m[2m:[0m 📨 Received pending transaction: 0x2b95ed06eda6c1f0262a9f36fa631c26f8cb58499b7e2ffc36d5313410061f41
[2m2025-12-10T10:19:12.964815Z[0m [34mDEBUG[0m [2methereum_transaction_pool_monitor::eth_client[0m[2m:[0m 📨 Received WebSocket message: {"jsonrpc":"2.0","method":"eth_subscription","params":{"subscription":"0xbed0a0851463e895960a451075a301a9","result":"0xd7d0490de762641d71e2a6f3b52d33e4d38fb053f076c38735ebd92855afc7c2"}}
[2m2025-12-10T10:19:12.964819Z[0m [34mDEBUG[0m [2methereum_transaction_pool_monitor::eth_client[0m[2m:[0m 📨 Received pending transaction: 0xd7d0490de762641d71e2a6f3b52d33e4d38fb053f076c38735ebd92855afc7c2
[2m2025-12-10T10:19:12.964823Z[0m [34mDEBUG[0m [2methereum_transaction_pool_monitor::eth_client[0m[2m:[0m 📨 Received WebSocket message: {"jsonrpc":"2.0","method":"eth_subscription","params":{"subscription":"0xbed0a0851463e895960a451075a301a9","result":"0x4128650cf8c6e73f6982d9f813badb10df426d0f67e253d18eac34536e42b0cc"}}
[2m2025-12-10T10:19:12.964828Z[0m [34mDEBUG[0m [2methereum_transaction_pool_monitor::eth_client[0m[2m:[0m 📨 Received pending transaction: 0x4128650cf8c6e73f6982d9f813badb10df426d0f67e253d18eac34536e42b0cc
[2m2025-12-10T10:19:12.964831Z[0m [34mDEBUG[0m [2methereum_transaction_pool_monitor::eth_client[0m[2m:[0m 📨 Received WebSocket message: {"jsonrpc":"2.0","method":"eth_subscription","params":{"subscription":"0xbed0a0851463e895960a451075a301a9","result":"0x61c2d0a35a99c2b370785b1e8ef890c7a0d6e5c23d769844f5b8f8e5e1a18781"}}
[2m2025-12-10T10:19:12.964836Z[0m [34mDEBUG[0m [2methereum_transaction_pool_monitor::eth_client[0m[2m:[0m 📨 Received pending transaction: 0x61c2d0a35a99c2b370785b1e8ef890c7a0d6e5c23d769844f5b8f8e5e1a18781
[2m2025-12-10T10:19:12.964839Z[0m [34mDEBUG[0m [2methereum_transaction_pool_monitor::eth_client[0m[2m:[0m 📨 Received WebSocket message: {"jsonrpc":"2.0","method":"eth_subscription","params":{"subscription":"0xbed0a0851463e895960a451075a301a9","result":"0xb8606f7a9c22adeb0dd5d094a7af0bb8982fd78adcfe871b350d31d6391e8f49"}}
[2m2025-12-10T10:19:12.964844Z[0m [34mDEBUG[0m [2methereum_transaction_pool_monitor::eth_client[0m[2m:[0m 📨 Received pending transaction: 0xb8606f7a9c22adeb0dd5d094a7af0bb8982fd78adcfe871b350d31d6391e8f49
[2m2025-12-10T10:19:12.965465Z[0m [34mDEBUG[0m [2methereum_transaction_pool_monitor::eth_client[0m[2m:[0m 📨 Received WebSocket message: {"jsonrpc":"2.0","method":"eth_subscription","params":{"subscription":"0xbed0a0851463e895960a451075a301a9","result":"0xa05ccf022094b8adc18b1fc5597215618542be1e90f8c42de0fb599b7dca06d5"}}
[2m2025-12-10T10:19:12.965470Z[0m [34mDEBUG[0m [2methereum_transaction_pool_monitor::eth_client[0m[2m:[0m 📨 Received pending transaction: 0xa05ccf022094b8adc18b1fc5597215618542be1e90f8c42de0fb599b7dca06d5
[2m2025-12-10T10:19:12.966279Z[0m [34mDEBUG[0m [2methereum_transaction_pool_monitor::eth_client[0m[2m:[0m 📨 Received WebSocket message: {"jsonrpc":"2.0","method":"eth_subscription","params":{"subscription":"0xbed0a0851463e895960a451075a301a9","result":"0xe71cd0da21cb90ff2a6ec72504fabb78974b32a6cd02ab0711efef66aeca1dad"}}
[2m2025-12-10T10:19:12.966288Z[0m [34mDEBUG[0m [2methereum_transaction_pool_monitor::eth_client[0m[2m:[0m 📨 Received pending transaction: 0xe71cd0da21cb90ff2a6ec72504fabb78974b32a6cd02ab0711efef66aeca1dad
[2m2025-12-10T10:19:12.966292Z[0m [34mDEBUG[0m [2methereum_transaction_pool_monitor::eth_client[0m[2m:[0m 📨 Received WebSocket message: {"jsonrpc":"2.0","method":"eth_subscription","params":{"subscription":"0xbed0a0851463e895960a451075a301a9","result":"0xe102e44915983dbbe63bdcb89cd4a5887afbccc420e73bf8a0efa1694a7a7aaf"}}
[2m2025-12-10T10:19:12.966297Z[0m [34mDEBUG[0m [2methereum_transaction_pool_monitor::eth_client[0m[2m:[0m 📨 Received pending transaction: 0xe102e44915983dbbe63bdcb89cd4a5887afbccc420e73bf8a0efa1694a7a7aaf
[2m2025-12-10T10:19:12.966301Z[0m [34mDEBUG[0m [2methereum_transaction_pool_monitor::eth_client[0m[2m:[0m 📨 Received WebSocket message: {"jsonrpc":"2.0","method":"eth_subscription","params":{"subscription":"0xbed0a0851463e895960a451075a301a9","result":"0x34ec27cc1782290fad381171de7247c5acf114ab64153f286f1bdcce2d2cde3e"}}
[2m2025-12-10T10:19:12.966305Z[0m [34mDEBUG[0m [2methereum_transaction_pool_monitor::eth_client[0m[2m:[0m 📨 Received pending transaction: 0x34ec27cc1782290fad381171de7247c5acf114ab64153f286f1bdcce2d2cde3e
[2m2025-12-10T10:19:12.966309Z[0m [34mDEBUG[0m [2methereum_transaction_pool_monitor::eth_client[0m[2m:[0m 📨 Received WebSocket message: {"jsonrpc":"2.0","method":"eth_subscription","params":{"subscription":"0xbed0a0851463e895960a451075a301a9","result":"0xf1657bcb4f6ad0e30af007084a09853575a1b2f81744d0dbe792169775c7395f"}}
[2m2025-12-10T10:19:12.966314Z[0m [34mDEBUG[0m [2methereum_transaction_pool_monitor::eth_client[0m[2m:[0m 📨 Received pending transaction: 0xf1657bcb4f6ad0e30af007084a09853575a1b2f81744d0dbe792169775c7395f
[2m2025-12-10T10:19:12.966317Z[0m [34mDEBUG[0m [2methereum_transaction_pool_monitor::eth_client[0m[2m:[0m 📨 Received WebSocket message: {"jsonrpc":"2.0","method":"eth_subscription","params":{"subscription":"0xbed0a0851463e895960a451075a301a9","result":"0xd33db065283c4fbd079a2e34aa2f9b809156eb32ce21526815475559735c07a4"}}
[2m2025-12-10T10:19:12.966322Z[0m [34mDEBUG[0m [2methereum_transaction_pool_monitor::eth_client[0m[2m:[0m 📨 Received pending transaction: 0xd33db065283c4fbd079a2e34aa2f9b809156eb32ce21526815475559735c07a4
[2m2025-12-10T10:19:12.966377Z[0m [34mDEBUG[0m [2methereum_transaction_pool_monitor::eth_client[0m[2m:[0m 📨 Received WebSocket message: {"jsonrpc":"2.0","method":"eth_subscription","params":{"subscription":"0xbed0a0851463e895960a451075a301a9","result":"0x0a643587cba1779d0bfc0e93c1922cb06b7d83774b9041991c18cff2ebb3a484"}}
[2m2025-12-10T10:19:12.966437Z[0m [34mDEBUG[0m [2methereum_transaction_pool_monitor::eth_client[0m[2m:[0m 📨 Received pending transaction: 0x0a643587cba1779d0bfc0e93c1922cb06b7d83774b9041991c18cff2ebb3a484
[2m2025-12-10T10:19:12.966442Z[0m [34mDEBUG[0m [2methereum_transaction_pool_monitor::eth_client[0m[2m:[0m 📨 Received WebSocket message: {"jsonrpc":"2.0","method":"eth_subscription","params":{"subscription":"0xbed0a0851463e895960a451075a301a9","result":"0xcd20bf8df94a380daecce1d89b0d31dd276685bb79fdf1337774821258751410"}}
[2m2025-12-10T10:19:12.966556Z[0m [34mDEBUG[0m [2methereum_transaction_pool_monitor::eth_client[0m[2m:[0m 📨 Received pending transaction: 0xcd20bf8df94a380daecce1d89b0d31dd276685bb79fdf1337774821258751410
[2m2025-12-10T10:19:12.966564Z[0m [34mDEBUG[0m [2methereum_transaction_pool_monitor::eth_client[0m[2m:[0m 📨 Received WebSocket message: {"jsonrpc":"2.0","method":"eth_subscription","params":{"subscription":"0xbed0a0851463e895960a451075a301a9","result":"0x38b3629ffd2e868791b5b53f487598d2ac971297364afe954edc867ac3832818"}}
[2m2025-12-10T10:19:12.966569Z[0m [34mDEBUG[0m [2methereum_transaction_pool_monitor::eth_client[0m[2m:[0m 📨 Received pending transaction: 0x38b3629ffd2e868791b5b53f487598d2ac971297364afe954edc867ac3832818
[2m2025-12-10T10:19:12.966573Z[0m [34mDEBUG[0m [2methereum_transaction_pool_monitor::eth_client[0m[2m:[0m 📨 Received WebSocket message: {"jsonrpc":"2.0","method":"eth_subscription","params":{"subscription":"0xbed0a0851463e895960a451075a301a9","result":"0xf96972c2d62a96129d57dddd5de324d3f6c834b0d9c1c02cf4e39cbc81817901"}}
[2m2025-12-10T10:19:12.966578Z[0m [34mDEBUG[0m [2methereum_transaction_pool_monitor::eth_client[0m[2m:[0m 📨 Received pending transaction: 0xf96972c2d62a96129d57dddd5de324d3f6c834b0d9c1c02cf4e39cbc81817901
[2m2025-12-10T10:19:12.966582Z[0m [34mDEBUG[0m [2methereum_transaction_pool_monitor::eth_client[0m[2m:[0m 📨 Received WebSocket message: {"jsonrpc":"2.0","method":"eth_subscription","params":{"subscription":"0xbed0a0851463e895960a451075a301a9","result":"0xaea5f8d3fad36e5b05434adf129a245704a599a79004e0e1fcbe0c67a453cf60"}}
[2m2025-12-10T10:19:12.966586Z[0m [34mDEBUG[0m [2methereum_transaction_pool_monitor::eth_client[0m[2m:[0m 📨 Received pending transaction: 0xaea5f8d3fad36e5b05434adf129a245704a599a79004e0e1fcbe0c67a453cf60
[2m2025-12-10T10:19:12.966590Z[0m [34mDEBUG[0m [2methereum_transaction_pool_monitor::eth_client[0m[2m:[0m 📨 Received WebSocket message: {"jsonrpc":"2.0","method":"eth_subscription","params":{"subscription":"0xbed0a0851463e895960a451075a301a9","result":"0x27e53f306d5bfc98d29d96e4aab9eab744a71967c77932c459340fba7a1e2d94"}}
[2m2025-12-10T10:19:12.966594Z[0m [34mDEBUG[0m [2methereum_transaction_pool_monitor::eth_client[0m[2m:[0m 📨 Received pending transaction: 0x27e53f306d5bfc98d29d96e4aab9eab744a71967c77932c459340fba7a1e2d94
[2m2025-12-10T10:19:12.966598Z[0m [34mDEBUG[0m [2methereum_transaction_pool_monitor::eth_client[0m[2m:[0m 📨 Received WebSocket message: {"jsonrpc":"2.0","method":"eth_subscription","params":{"subscription":"0xbed0a0851463e895960a451075a301a9","result":"0x5671a6d17ecf7bde8d69c723a6bf361b07e4e9abb3317f5b3ad043af06649d3c"}}
[2m2025-12-10T10:19:12.966602Z[0m [34mDEBUG[0m [2methereum_transaction_pool_monitor::eth_client[0m[2m:[0m 📨 Received pending transaction: 0x5671a6d17ecf7bde8d69c723a6bf361b07e4e9abb3317f5b3ad043af06649d3c
[2m2025-12-10T10:19:12.966606Z[0m [34mDEBUG[0m [2methereum_transaction_pool_monitor::eth_client[0m[2m:[0m 📨 Received WebSocket message: {"jsonrpc":"2.0","method":"eth_subscription","params":{"subscription":"0xbed0a0851463e895960a451075a301a9","result":"0x2282038fd069993d36372b934644a3a06e8ef57c269ac2d9d6d876fc98a8d295"}}
[2m2025-12-10T10:19:12.966610Z[0m [34mDEBUG[0m [2methereum_transaction_pool_monitor::eth_client[0m[2m:[0m 📨 Received pending transaction: 0x2282038fd069993d36372b934644a3a06e8ef57c269ac2d9d6d876fc98a8d295
[2m2025-12-10T10:19:12.966614Z[0m [34mDEBUG[0m [2methereum_transaction_pool_monitor::eth_client[0m[2m:[0m 📨 Received WebSocket message: {"jsonrpc":"2.0","method":"eth_subscription","params":{"subscription":"0xbed0a0851463e895960a451075a301a9","result":"0x6d8f189d98fe49c11c6d6a071ad8872dd95e4b058a08b4269bec9cdffe8e1598"}}
[2m2025-12-10T10:19:12.966618Z[0m [34mDEBUG[0m [2methereum_transaction_pool_monitor::eth_client[0m[2m:[0m 📨 Received pending transaction: 0x6d8f189d98fe49c11c6d6a071ad8872dd95e4b058a08b4269bec9cdffe8e1598
[2m2025-12-10T10:19:12.966622Z[0m [34mDEBUG[0m [2methereum_transaction_pool_monitor::eth_client[0m[2m:[0m 📨 Received WebSocket message: {"jsonrpc":"2.0","method":"eth_subscription","params":{"subscription":"0xbed0a0851463e895960a451075a301a9","result":"0xa1db603c17b908e72c582dd853280b37382d8ab5a4dce9743dc55bf11d04a5b0"}}
[2m2025-12-10T10:19:12.966627Z[0m [34mDEBUG[0m [2methereum_transaction_pool_monitor::eth_client[0m[2m:[0m 📨 Received pending transaction: 0xa1db603c17b908e72c582dd853280b37382d8ab5a4dce9743dc55bf11d04a5b0
[2m2025-12-10T10:19:12.966630Z[0m [34mDEBUG[0m [2methereum_transaction_pool_monitor::eth_client[0m[2m:[0m 📨 Received WebSocket message: {"jsonrpc":"2.0","method":"eth_subscription","params":{"subscription":"0xbed0a0851463e895960a451075a301a9","result":"0x3b852ffafdded9837e2987f0dcead2085999c157965f2d6c926416b874f74479"}}
[2m2025-12-10T10:19:12.966635Z[0m [34mDEBUG[0m [2methereum_transaction_pool_monitor::eth_client[0m[2m:[0m 📨 Received pending transaction: 0x3b852ffafdded9837e2987f0dcead2085999c157965f2d6c926416b874f74479
[2m2025-12-10T10:19:12.966639Z[0m [34mDEBUG[0m [2methereum_transaction_pool_monitor::eth_client[0m[2m:[0m 📨 Received WebSocket message: {"jsonrpc":"2.0","method":"eth_subscription","params":{"subscription":"0xbed0a0851463e895960a451075a301a9","result":"0x80142a4ce75e53d01919abdebd199f607f9698373daa4a314469477e5267ec84"}}
[2m2025-12-10T10:19:12.966643Z[0m [34mDEBUG[0m [2methereum_transaction_pool_monitor::eth_client[0m[2m:[0m 📨 Received pending transaction: 0x80142a4ce75e53d01919abdebd199f607f9698373daa4a314469477e5267ec84
[2m2025-12-10T10:19:12.966647Z[0m [34mDEBUG[0m [2methereum_transaction_pool_monitor::eth_client[0m[2m:[0m 📨 Received WebSocket message: {"jsonrpc":"2.0","method":"eth_subscription","params":{"subscription":"0xbed0a0851463e895960a451075a301a9","result":"0x83296d6590700d48c5be4d27fda737f9a2e4573958ea408ea4db8e767c0e23d7"}}
[2m2025-12-10T10:19:12.966651Z[0m [34mDEBUG[0m [2methereum_transaction_pool_monitor::eth_client[0m[2m:[0m 📨 Received pending transaction: 0x83296d6590700d48c5be4d27fda737f9a2e4573958ea408ea4db8e767c0e23d7
[2m2025-12-10T10:19:12.966655Z[0m [34mDEBUG[0m [2methereum_transaction_pool_monitor::eth_client[0m[2m:[0m 📨 Received WebSocket message: {"jsonrpc":"2.0","method":"eth_subscription","params":{"subscription":"0xbed0a0851463e895960a451075a301a9","result":"0x0b8a3e77d8c702698a0e759190d9eb20a8cd5d0b4cbc5deb3f94f34c7802d5e4"}}
[2m2025-12-10T10:19:12.966659Z[0m [34mDEBUG[0m [2methereum_transaction_pool_monitor::eth_client[0m[2m:[0m 📨 Received pending transaction: 0x0b8a3e77d8c702698a0e759190d9eb20a8cd5d0b4cbc5deb3f94f34c7802d5e4
[2m2025-12-10T10:19:12.966663Z[0m [34mDEBUG[0m [2methereum_transaction_pool_monitor::eth_client[0m[2m:[0m 📨 Received WebSocket message: {"jsonrpc":"2.0","method":"eth_subscription","params":{"subscription":"0xbed0a0851463e895960a451075a301a9","result":"0x078471d816890201029f69e3f4ffc2d62ee397890350c55d386cc5717eee057a"}}
[2m2025-12-10T10:19:12.966668Z[0m [34mDEBUG[0m [2methereum_transaction_pool_monitor::eth_client[0m[2m:[0m 📨 Received pending transaction: 0x078471d816890201029f69e3f4ffc2d62ee397890350c55d386cc5717eee057a
[2m2025-12-10T10:19:12.966672Z[0m [34mDEBUG[0m [2methereum_transaction_pool_monitor::eth_client[0m[2m:[0m 📨 Received WebSocket message: {"jsonrpc":"2.0","method":"eth_subscription","params":{"subscription":"0xbed0a0851463e895960a451075a301a9","result":"0x362287910082885ef10c29bd837f39652eca3064da58a132125d6d335c07f9f1"}}
[2m2025-12-10T10:19:12.966807Z[0m [34mDEBUG[0m [2methereum_transaction_pool_monitor::eth_client[0m[2m:[0m 📨 Received pending transaction: 0x362287910082885ef10c29bd837f39652eca3064da58a132125d6d335c07f9f1
[2m2025-12-10T10:19:12.966833Z[0m [34mDEBUG[0m [2methereum_transaction_pool_monitor::eth_client[0m[2m:[0m 📨 Received WebSocket message: {"jsonrpc":"2.0","method":"eth_subscription","params":{"subscription":"0xbed0a0851463e895960a451075a301a9","result":"0x7b7bddd987833a4343cc7dfd81346039e97a8aab7489026a1be8e640232ea165"}}
[2m2025-12-10T10:19:12.966838Z[0m [34mDEBUG[0m [2methereum_transaction_pool_monitor::eth_client[0m[2m:[0m 📨 Received pending transaction: 0x7b7bddd987833a4343cc7dfd81346039e97a8aab7489026a1be8e640232ea165
[2m2025-12-10T10:19:12.966842Z[0m [34mDEBUG[0m [2methereum_transaction_pool_monitor::eth_client[0m[2m:[0m 📨 Received WebSocket message: {"jsonrpc":"2.0","method":"eth_subscription","params":{"subscription":"0xbed0a0851463e895960a451075a301a9","result":"0x93358461c51e0c58e11e20d8260f6cea384a48881535c5f25671eec563f7a369"}}
[2m2025-12-10T10:19:12.966847Z[0m [34mDEBUG[0m [2methereum_transaction_pool_monitor::eth_client[0m[2m:[0m 📨 Received pending transaction: 0x93358461c51e0c58e11e20d8260f6cea384a48881535c5f25671eec563f7a369
[2m2025-12-10T10:19:12.966851Z[0m [34mDEBUG[0m [2methereum_transaction_pool_monitor::eth_client[0m[2m:[0m 📨 Received WebSocket message: {"jsonrpc":"2.0","method":"eth_subscription","params":{"subscription":"0xbed0a0851463e895960a451075a301a9","result":"0x522e3b98810beadb824a3d1a27c33bc890db0aa078dafd8c33148b6fdcd86054"}}
[2m2025-12-10T10:19:12.966855Z[0m [34mDEBUG[0m [2methereum_transaction_pool_monitor::eth_client[0m[2m:[0m 📨 Received pending transaction: 0x522e3b98810beadb824a3d1a27c33bc890db0aa078dafd8c33148b6fdcd86054
[2m2025-12-10T10:19:12.966859Z[0m [34mDEBUG[0m [2methereum_transaction_pool_monitor::eth_client[0m[2m:[0m 📨 Received WebSocket message: {"jsonrpc":"2.0","method":"eth_subscription","params":{"subscription":"0xbed0a0851463e895960a451075a301a9","result":"0x16260e5a4b6d3d9ff499c04bac5531b5ff9e362a2c085bbc1684c726609aaa32"}}
[2m2025-12-10T10:19:12.966964Z[0m [34mDEBUG[0m [2methereum_transaction_pool_monitor::eth_client[0m[2m:[0m 📨 Received pending transaction: 0x16260e5a4b6d3d9ff499c04bac5531b5ff9e362a2c085bbc1684c726609aaa32
[2m2025-12-10T10:19:12.966968Z[0m [34mDEBUG[0m [2methereum_transaction_pool_monitor::eth_client[0m[2m:[0m 📨 Received WebSocket message: {"jsonrpc":"2.0","method":"eth_subscription","params":{"subscription":"0xbed0a0851463e895960a451075a301a9","result":"0x7632ffbbccefd0e92d41b42cc3a51e7426cbed20c43589f10b5f89db5adb7ecd"}}
[2m2025-12-10T10:19:12.966972Z[0m [34mDEBUG[0m [2methereum_transaction_pool_monitor::eth_client[0m[2m:[0m 📨 Received pending transaction: 0x7632ffbbccefd0e92d41b42cc3a51e7426cbed20c43589f10b5f89db5adb7ecd
[2m2025-12-10T10:19:12.966976Z[0m [34mDEBUG[0m [2methereum_transaction_pool_monitor::eth_client[0m[2m:[0m 📨 Received WebSocket message: {"jsonrpc":"2.0","method":"eth_subscription","params":{"subscription":"0xbed0a0851463e895960a451075a301a9","result":"0x3b166f6dfe7363ad0e6c2ee1699b256cba79f89c8a92dd297cb61aa8296b8a28"}}
[2m2025-12-10T10:19:12.966981Z[0m [34mDEBUG[0m [2methereum_transaction_pool_monitor::eth_client[0m[2m:[0m 📨 Received pending transaction: 0x3b166f6dfe7363ad0e6c2ee1699b256cba79f89c8a92dd297cb61aa8296b8a28
[2m2025-12-10T10:19:12.966985Z[0m [34mDEBUG[0m [2methereum_transaction_pool_monitor::eth_client[0m[2m:[0m 📨 Received WebSocket message: {"jsonrpc":"2.0","method":"eth_subscription","params":{"subscription":"0xbed0a0851463e895960a451075a301a9","result":"0x8df5313f4b12d033cd8d9770b149e4995bf3d5ccf03084bef39b558158bb0c3d"}}
[2m2025-12-10T10:19:12.966990Z[0m [34mDEBUG[0m [2methereum_transaction_pool_monitor::eth_client[0m[2m:[0m 📨 Received pending transaction: 0x8df5313f4b12d033cd8d9770b149e4995bf3d5ccf03084bef39b558158bb0c3d
[2m2025-12-10T10:19:12.966999Z[0m [34mDEBUG[0m [2methereum_transaction_pool_monitor::eth_client[0m[2m:[0m 📨 Received WebSocket message: {"jsonrpc":"2.0","method":"eth_subscription","params":{"subscription":"0xbed0a0851463e895960a451075a301a9","result":"0xcaf2513d9261d07b0a8552bd48f06376c0536edea8f9d71305bb2066733cbcce"}}
[2m2025-12-10T10:19:12.967006Z[0m [34mDEBUG[0m [2methereum_transaction_pool_monitor::eth_client[0m[2m:[0m 📨 Received pending transaction: 0xcaf2513d9261d07b0a8552bd48f06376c0536edea8f9d71305bb2066733cbcce
[2m2025-12-10T10:19:12.974411Z[0m [34mDEBUG[0m [2methereum_transaction_pool_monitor::eth_client[0m[2m:[0m 📨 Received WebSocket message: {"jsonrpc":"2.0","method":"eth_subscription","params":{"subscription":"0xbed0a0851463e895960a451075a301a9","result":"0x4f3e3eb0949ca673f1867f120c048146f60860243a8255b91a5aef75e001d3b2"}}
[2m2025-12-10T10:19:12.974582Z[0m [34mDEBUG[0m [2methereum_transaction_pool_monitor::eth_client[0m[2m:[0m 📨 Received pending transaction: 0x4f3e3eb0949ca673f1867f120c048146f60860243a8255b91a5aef75e001d3b2
[2m2025-12-10T10:19:12.974589Z[0m [34mDEBUG[0m [2methereum_transaction_pool_monitor::eth_client[0m[2m:[0m 📨 Received WebSocket message: {"jsonrpc":"2.0","method":"eth_subscription","params":{"subscription":"0xbed0a0851463e895960a451075a301a9","result":"0x01db8c754952d212fab461d9c06a5023cf4ec6cecb119119eafea9f0b56eee7c"}}
[2m2025-12-10T10:19:12.974595Z[0m [34mDEBUG[0m [2methereum_transaction_pool_monitor::eth_client[0m[2m:[0m 📨 Received pending transaction: 0x01db8c754952d212fab461d9c06a5023cf4ec6cecb119119eafea9f0b56eee7c
[2m2025-12-10T10:19:12.974600Z[0m [34mDEBUG[0m [2methereum_transaction_pool_monitor::eth_client[0m[2m:[0m 📨 Received WebSocket message: {"jsonrpc":"2.0","method":"eth_subscription","params":{"subscription":"0xbed0a0851463e895960a451075a301a9","result":"0x56afc95467b16e15cb89710fed5adf61b0da924f8f914427ff84e16cc4637895"}}
[2m2025-12-10T10:19:12.974605Z[0m [34mDEBUG[0m [2methereum_transaction_pool_monitor::eth_client[0m[2m:[0m 📨 Received pending transaction: 0x56afc95467b16e15cb89710fed5adf61b0da924f8f914427ff84e16cc4637895
[2m2025-12-10T10:19:12.974610Z[0m [34mDEBUG[0m [2methereum_transaction_pool_monitor::eth_client[0m[2m:[0m 📨 Received WebSocket message: {"jsonrpc":"2.0","method":"eth_subscription","params":{"subscription":"0xbed0a0851463e895960a451075a301a9","result":"0x97a9fe6c6782653db371c1a66098a90003cd46b2e18d280aee74a6f7baada7d3"}}
[2m2025-12-10T10:19:12.974615Z[0m [34mDEBUG[0m [2methereum_transaction_pool_monitor::eth_client[0m[2m:[0m 📨 Received pending transaction: 0x97a9fe6c6782653db371c1a66098a90003cd46b2e18d280aee74a6f7baada7d3
[2m2025-12-10T10:19:12.974619Z[0m [34mDEBUG[0m [2methereum_transaction_pool_monitor::eth_client[0m[2m:[0m 📨 Received WebSocket message: {"jsonrpc":"2.0","method":"eth_subscription","params":{"subscription":"0xbed0a0851463e895960a451075a301a9","result":"0xf9821f5675753ea8de8670ad208dc06f563c99a7ae532dd2533e0d1da917e797"}}
[2m2025-12-10T10:19:12.974624Z[0m [34mDEBUG[0m [2methereum_transaction_pool_monitor::eth_client[0m[2m:[0m 📨 Received pending transaction: 0xf9821f5675753ea8de8670ad208dc06f563c99a7ae532dd2533e0d1da917e797
[2m2025-12-10T10:19:12.974628Z[0m [34mDEBUG[0m [2methereum_transaction_pool_monitor::eth_client[0m[2m:[0m 📨 Received WebSocket message: {"jsonrpc":"2.0","method":"eth_subscription","params":{"subscription":"0xbed0a0851463e895960a451075a301a9","result":"0x82b4e84fe25fa41f8fedcdde3cb359a3799dc25cc35e7a578600bb13d667082a"}}
[2m2025-12-10T10:19:12.974633Z[0m [34mDEBUG[0m [2methereum_transaction_pool_monitor::eth_client[0m[2m:[0m 📨 Received pending transaction: 0x82b4e84fe25fa41f8fedcdde3cb359a3799dc25cc35e7a578600bb13d667082a
[2m2025-12-10T10:19:12.974638Z[0m [34mDEBUG[0m [2methereum_transaction_pool_monitor::eth_client[0m[2m:[0m 📨 Received WebSocket message: {"jsonrpc":"2.0","method":"eth_subscription","params":{"subscription":"0xbed0a0851463e895960a451075a301a9","result":"0xd731e9defdd14703176e772d7ee5c399213e7f2518827c4cf9a3757fe0717415"}}
[2m2025-12-10T10:19:12.974642Z[0m [34mDEBUG[0m [2methereum_transaction_pool_monitor::eth_client[0m[2m:[0m 📨 Received pending transaction: 0xd731e9defdd14703176e772d7ee5c399213e7f2518827c4cf9a3757fe0717415
[2m2025-12-10T10:19:12.974647Z[0m [34mDEBUG[0m [2methereum_transaction_pool_monitor::eth_client[0m[2m:[0m 📨 Received WebSocket message: {"jsonrpc":"2.0","method":"eth_subscription","params":{"subscription":"0xbed0a0851463e895960a451075a301a9","result":"0xd7119e8c6d5d1db8b39ae148eaaa1dd9c84d3979ba51627b3b3e18ea4d0912cf"}}
[2m2025-12-10T10:19:12.974651Z[0m [34mDEBUG[0m [2methereum_transaction_pool_monitor::eth_client[0m[2m:[0m 📨 Received pending transaction: 0xd7119e8c6d5d1db8b39ae148eaaa1dd9c84d3979ba51627b3b3e18ea4d0912cf
[2m2025-12-10T10:19:12.974656Z[0m [34mDEBUG[0m [2methereum_transaction_pool_monitor::eth_client[0m[2m:[0m 📨 Received WebSocket message: {"jsonrpc":"2.0","method":"eth_subscription","params":{"subscription":"0xbed0a0851463e895960a451075a301a9","result":"0xc6502c11fdf1c6a7230468ce9f2959e327c961e91e97dfda6012663d50e20fe6"}}
[2m2025-12-10T10:19:12.974660Z[0m [34mDEBUG[0m [2methereum_transaction_pool_monitor::eth_client[0m[2m:[0m 📨 Received pending transaction: 0xc6502c11fdf1c6a7230468ce9f2959e327c961e91e97dfda6012663d50e20fe6
[2m2025-12-10T10:19:12.974664Z[0m [34mDEBUG[0m [2methereum_transaction_pool_monitor::eth_client[0m[2m:[0m 📨 Received WebSocket message: {"jsonrpc":"2.0","method":"eth_subscription","params":{"subscription":"0xbed0a0851463e895960a451075a301a9","result":"0xa3a029635eca39a48284fb733713ac9fbbe2b5e9463b1a2a894a08e5db0e765c"}}
[2m2025-12-10T10:19:12.974670Z[0m [34mDEBUG[0m [2methereum_transaction_pool_monitor::eth_client[0m[2m:[0m 📨 Received pending transaction: 0xa3a029635eca39a48284fb733713ac9fbbe2b5e9463b1a2a894a08e5db0e765c
[2m2025-12-10T10:19:12.974674Z[0m [34mDEBUG[0m [2methereum_transaction_pool_monitor::eth_client[0m[2m:[0m 📨 Received WebSocket message: {"jsonrpc":"2.0","method":"eth_subscription","params":{"subscription":"0xbed0a0851463e895960a451075a301a9","result":"0x6ef813f9fe05f4c6d27826dda4f97f4ff1988e0f7d5ef2df1c443e0cb50219f8"}}
[2m2025-12-10T10:19:12.974679Z[0m [34mDEBUG[0m [2methereum_transaction_pool_monitor::eth_client[0m[2m:[0m 📨 Received pending transaction: 0x6ef813f9fe05f4c6d27826dda4f97f4ff1988e0f7d5ef2df1c443e0cb50219f8
[2m2025-12-10T10:19:12.974683Z[0m [34mDEBUG[0m [2methereum_transaction_pool_monitor::eth_client[0m[2m:[0m 📨 Received WebSocket message: {"jsonrpc":"2.0","method":"eth_subscription","params":{"subscription":"0xbed0a0851463e895960a451075a301a9","result":"0x39b0a0fec595d4e2e5af354ea9a68cbdd47bf7613d29468cdcbef672061e9395"}}
[2m2025-12-10T10:19:12.974687Z[0m [34mDEBUG[0m [2methereum_transaction_pool_monitor::eth_client[0m[2m:[0m 📨 Received pending transaction: 0x39b0a0fec595d4e2e5af354ea9a68cbdd47bf7613d29468cdcbef672061e9395
[2m2025-12-10T10:19:12.974692Z[0m [34mDEBUG[0m [2methereum_transaction_pool_monitor::eth_client[0m[2m:[0m 📨 Received WebSocket message: {"jsonrpc":"2.0","method":"eth_subscription","params":{"subscription":"0xbed0a0851463e895960a451075a301a9","result":"0xfcf52c405d8317d8eac6e0610bc91dd51f34da740d4191ea23d57bb3b13fabef"}}
[2m2025-12-10T10:19:12.974696Z[0m [34mDEBUG[0m [2methereum_transaction_pool_monitor::eth_client[0m[2m:[0m 📨 Received pending transaction: 0xfcf52c405d8317d8eac6e0610bc91dd51f34da740d4191ea23d57bb3b13fabef
[2m2025-12-10T10:19:12.974700Z[0m [34mDEBUG[0m [2methereum_transaction_pool_monitor::eth_client[0m[2m:[0m 📨 Received WebSocket message: {"jsonrpc":"2.0","method":"eth_subscription","params":{"subscription":"0xbed0a0851463e895960a451075a301a9","result":"0x8f64e0f9d6f12a2f62cf5b05aeffa386a3c9af413749fe9c8f8c6a6a81f2c6d8"}}
[2m2025-12-10T10:19:12.974705Z[0m [34mDEBUG[0m [2methereum_transaction_pool_monitor::eth_client[0m[2m:[0m 📨 Received pending transaction: 0x8f64e0f9d6f12a2f62cf5b05aeffa386a3c9af413749fe9c8f8c6a6a81f2c6d8
[2m2025-12-10T10:19:12.974709Z[0m [34mDEBUG[0m [2methereum_transaction_pool_monitor::eth_client[0m[2m:[0m 📨 Received WebSocket message: {"jsonrpc":"2.0","method":"eth_subscription","params":{"subscription":"0xbed0a0851463e895960a451075a301a9","result":"0x61702ff2477b13b8f38666ea49dae1725d29aa6147ac834f36debf82ac6e6514"}}
[2m2025-12-10T10:19:12.974713Z[0m [34mDEBUG[0m [2methereum_transaction_pool_monitor::eth_client[0m[2m:[0m 📨 Received pending transaction: 0x61702ff2477b13b8f38666ea49dae1725d29aa6147ac834f36debf82ac6e6514
[2m2025-12-10T10:19:12.974717Z[0m [34mDEBUG[0m [2methereum_transaction_pool_monitor::eth_client[0m[2m:[0m 📨 Received WebSocket message: {"jsonrpc":"2.0","method":"eth_subscription","params":{"subscription":"0xbed0a0851463e895960a451075a301a9","result":"0x10598b09a940e3ffcca7feb1867bada4c1372dc40ff4bf14f428e9c17fbe4dc2"}}
[2m2025-12-10T10:19:12.974722Z[0m [34mDEBUG[0m [2methereum_transaction_pool_monitor::eth_client[0m[2m:[0m 📨 Received pending transaction: 0x10598b09a940e3ffcca7feb1867bada4c1372dc40ff4bf14f428e9c17fbe4dc2
[2m2025-12-10T10:19:12.974726Z[0m [34mDEBUG[0m [2methereum_transaction_pool_monitor::eth_client[0m[2m:[0m 📨 Received WebSocket message: {"jsonrpc":"2.0","method":"eth_subscription","params":{"subscription":"0xbed0a0851463e895960a451075a301a9","result":"0x698b07a11698af7cce06261049531926f9087b155da5bf8625e4944c3f764a91"}}
[2m2025-12-10T10:19:12.974730Z[0m [34mDEBUG[0m [2methereum_transaction_pool_monitor::eth_client[0m[2m:[0m 📨 Received pending transaction: 0x698b07a11698af7cce06261049531926f9087b155da5bf8625e4944c3f764a91
[2m2025-12-10T10:19:12.974734Z[0m [34mDEBUG[0m [2methereum_transaction_pool_monitor::eth_client[0m[2m:[0m 📨 Received WebSocket message: {"jsonrpc":"2.0","method":"eth_subscription","params":{"subscription":"0xbed0a0851463e895960a451075a301a9","result":"0xdff28c1086b22aad03259b188e2ad70984528c1165aba37e7a97671d37e07062"}}
[2m2025-12-10T10:19:12.974738Z[0m [34mDEBUG[0m [2methereum_transaction_pool_monitor::eth_client[0m[2m:[0m 📨 Received pending transaction: 0xdff28c1086b22aad03259b188e2ad70984528c1165aba37e7a97671d37e07062
[2m2025-12-10T10:19:12.974745Z[0m [34mDEBUG[0m [2methereum_transaction_pool_monitor::eth_client[0m[2m:[0m 📨 Received WebSocket message: {"jsonrpc":"2.0","method":"eth_subscription","params":{"subscription":"0xbed0a0851463e895960a451075a301a9","result":"0x8845a8a80e881cc9b0c87866bfd41c6d3b9e4e62f8ba1ae7771101c72dae493b"}}
[2m2025-12-10T10:19:12.974750Z[0m [34mDEBUG[0m [2methereum_transaction_pool_monitor::eth_client[0m[2m:[0m 📨 Received pending transaction: 0x8845a8a80e881cc9b0c87866bfd41c6d3b9e4e62f8ba1ae7771101c72dae493b
[2m2025-12-10T10:19:12.974754Z[0m [34mDEBUG[0m [2methereum_transaction_pool_monitor::eth_client[0m[2m:[0m 📨 Received WebSocket message: {"jsonrpc":"2.0","method":"eth_subscription","params":{"subscription":"0xbed0a0851463e895960a451075a301a9","result":"0x4b4e07637cef6d179b86f29edfd3dc439da79d75e358fa1e540e5047d92ad024"}}
[2m2025-12-10T10:19:12.974758Z[0m [34mDEBUG[0m [2methereum_transaction_pool_monitor::eth_client[0m[2m:[0m 📨 Received pending transaction: 0x4b4e07637cef6d179b86f29edfd3dc439da79d75e358fa1e540e5047d92ad024
[2m2025-12-10T10:19:12.974762Z[0m [34mDEBUG[0m [2methereum_transaction_pool_monitor::eth_client[0m[2m:[0m 📨 Received WebSocket message: {"jsonrpc":"2.0","method":"eth_subscription","params":{"subscription":"0xbed0a0851463e895960a451075a301a9","result":"0xfe9a93be9cb9e4743484123e7b3cf2903d5fd515d307720dfcdf55452afc95a2"}}
[2m2025-12-10T10:19:12.974768Z[0m [34mDEBUG[0m [2methereum_transaction_pool_monitor::eth_client[0m[2m:[0m 📨 Received pending transaction: 0xfe9a93be9cb9e4743484123e7b3cf2903d5fd515d307720dfcdf55452afc95a2
[2m2025-12-10T10:19:12.974773Z[0m [34mDEBUG[0m [2methereum_transaction_pool_monitor::eth_client[0m[2m:[0m 📨 Received WebSocket message: {"jsonrpc":"2.0","method":"eth_subscription","params":{"subscription":"0xbed0a0851463e895960a451075a301a9","result":"0x900d722b551c4d68e06e5e3ad93d3f3bdc2fd72ea9cd97422de95a8430bc43e0"}}
[2m2025-12-10T10:19:12.974778Z[0m [34mDEBUG[0m [2methereum_transaction_pool_monitor::eth_client[0m[2m:[0m 📨 Received pending transaction: 0x900d722b551c4d68e06e5e3ad93d3f3bdc2fd72ea9cd97422de95a8430bc43e0
[2m2025-12-10T10:19:12.974784Z[0m [34mDEBUG[0m [2methereum_transaction_pool_monitor::eth_client[0m[2m:[0m 📨 Received WebSocket message: {"jsonrpc":"2.0","method":"eth_subscription","params":{"subscription":"0xbed0a0851463e895960a451075a301a9","result":"0x555582f4223722b36e67e3ce378d262c6514eed5cca2a095e58b16387a3bf61a"}}
[2m2025-12-10T10:19:12.974789Z[0m [34mDEBUG[0m [2methereum_transaction_pool_monitor::eth_client[0m[2m:[0m 📨 Received pending transaction: 0x555582f4223722b36e67e3ce378d262c6514eed5cca2a095e58b16387a3bf61a
[2m2025-12-10T10:19:12.997227Z[0m [34mDEBUG[0m [2methereum_transaction_pool_monitor::eth_client[0m[2m:[0m 📨 Received WebSocket message: {"jsonrpc":"2.0","method":"eth_subscription","params":{"subscription":"0xbed0a0851463e895960a451075a301a9","result":"0xc8950fb0697090ed219c57724b59c90a931eb3621c6c8f63b52f7b837e1f7763"}}
[2m2025-12-10T10:19:12.997241Z[0m [34mDEBUG[0m [2methereum_transaction_pool_monitor::eth_client[0m[2m:[0m 📨 Received pending transaction: 0xc8950fb0697090ed219c57724b59c90a931eb3621c6c8f63b52f7b837e1f7763
[2m2025-12-10T10:19:12.997245Z[0m [34mDEBUG[0m [2methereum_transaction_pool_monitor::eth_client[0m[2m:[0m 📨 Received WebSocket message: {"jsonrpc":"2.0","method":"eth_subscription","params":{"subscription":"0xbed0a0851463e895960a451075a301a9","result":"0x6b52396048376be682362ce09198c0638900ebbb62c4cbe34ceb0b451081ed24"}}
[2m2025-12-10T10:19:12.997250Z[0m [34mDEBUG[0m [2methereum_transaction_pool_monitor::eth_client[0m[2m:[0m 📨 Received pending transaction: 0x6b52396048376be682362ce09198c0638900ebbb62c4cbe34ceb0b451081ed24
[2m2025-12-10T10:19:12.997254Z[0m [34mDEBUG[0m [2methereum_transaction_pool_monitor::eth_client[0m[2m:[0m 📨 Received WebSocket message: {"jsonrpc":"2.0","method":"eth_subscription","params":{"subscription":"0xbed0a0851463e895960a451075a301a9","result":"0x2a915039df885d9c59bffaefa8cbdd7b452b12a657cd36666abc5f58e85d411d"}}
[2m2025-12-10T10:19:12.997259Z[0m [34mDEBUG[0m [2methereum_transaction_pool_monitor::eth_client[0m[2m:[0m 📨 Received pending transaction: 0x2a915039df885d9c59bffaefa8cbdd7b452b12a657cd36666abc5f58e85d411d
[2m2025-12-10T10:19:12.997263Z[0m [34mDEBUG[0m [2methereum_transaction_pool_monitor::eth_client[0m[2m:[0m 📨 Received WebSocket message: {"jsonrpc":"2.0","method":"eth_subscription","params":{"subscription":"0xbed0a0851463e895960a451075a301a9","result":"0xfbbbe446894576204d01d4b02f3af19a632d6c8e89a7373f047be0f61009837f"}}
[2m2025-12-10T10:19:12.997268Z[0m [34mDEBUG[0m [2methereum_transaction_pool_monitor::eth_client[0m[2m:[0m 📨 Received pending transaction: 0xfbbbe446894576204d01d4b02f3af19a632d6c8e89a7373f047be0f61009837f
[2m2025-12-10T10:19:12.997272Z[0m [34mDEBUG[0m [2methereum_transaction_pool_monitor::eth_client[0m[2m:[0m 📨 Received WebSocket message: {"jsonrpc":"2.0","method":"eth_subscription","params":{"subscription":"0xbed0a0851463e895960a451075a301a9","result":"0xb3d5970208314e4249be2def2dcd093c6358949f88559e73a2ee34378a8c780c"}}
[2m2025-12-10T10:19:12.997277Z[0m [34mDEBUG[0m [2methereum_transaction_pool_monitor::eth_client[0m[2m:[0m 📨 Received pending transaction: 0xb3d5970208314e4249be2def2dcd093c6358949f88559e73a2ee34378a8c780c
[2m2025-12-10T10:19:12.997280Z[0m [34mDEBUG[0m [2methereum_transaction_pool_monitor::eth_client[0m[2m:[0m 📨 Received WebSocket message: {"jsonrpc":"2.0","method":"eth_subscription","params":{"subscription":"0xbed0a0851463e895960a451075a301a9","result":"0x32782f4067b654669dd278052ca80eebf2f6e2e35db1c9ef8543f59f84d8b91c"}}
[2m2025-12-10T10:19:12.997285Z[0m [34mDEBUG[0m [2methereum_transaction_pool_monitor::eth_client[0m[2m:[0m 📨 Received pending transaction: 0x32782f4067b654669dd278052ca80eebf2f6e2e35db1c9ef8543f59f84d8b91c
[2m2025-12-10T10:19:12.997289Z[0m [34mDEBUG[0m [2methereum_transaction_pool_monitor::eth_client[0m[2m:[0m 📨 Received WebSocket message: {"jsonrpc":"2.0","method":"eth_subscription","params":{"subscription":"0xbed0a0851463e895960a451075a301a9","result":"0xe7e8cd35fdebfcb430c81fb11c7ba0d3269580e14e1b4c49996e0a568fd77473"}}
[2m2025-12-10T10:19:12.997309Z[0m [34mDEBUG[0m [2methereum_transaction_pool_monitor::eth_client[0m[2m:[0m 📨 Received pending transaction: 0xe7e8cd35fdebfcb430c81fb11c7ba0d3269580e14e1b4c49996e0a568fd77473
[2m2025-12-10T10:19:12.997313Z[0m [34mDEBUG[0m [2methereum_transaction_pool_monitor::eth_client[0m[2m:[0m 📨 Received WebSocket message: {"jsonrpc":"2.0","method":"eth_subscription","params":{"subscription":"0xbed0a0851463e895960a451075a301a9","result":"0x8e76cd5ab8d4459fdf73b9ad42ca57791d2b12cd39474535f762bce492546e8d"}}
[2m2025-12-10T10:19:13.003459Z[0m [34mDEBUG[0m [2methereum_transaction_pool_monitor::eth_client[0m[2m:[0m 📨 Received pending transaction: 0x8e76cd5ab8d4459fdf73b9ad42ca57791d2b12cd39474535f762bce492546e8d
[2m2025-12-10T10:19:13.003490Z[0m [34mDEBUG[0m [2methereum_transaction_pool_monitor::eth_client[0m[2m:[0m 📨 Received WebSocket message: {"jsonrpc":"2.0","method":"eth_subscription","params":{"subscription":"0xbed0a0851463e895960a451075a301a9","result":"0x43cf07f4b7643355ccd2dfb0ce56e69a1a0529384900a6ec272e5212dcd0f30a"}}
[2m2025-12-10T10:19:13.003503Z[0m [34mDEBUG[0m [2methereum_transaction_pool_monitor::eth_client[0m[2m:[0m 📨 Received pending transaction: 0x43cf07f4b7643355ccd2dfb0ce56e69a1a0529384900a6ec272e5212dcd0f30a
[2m2025-12-10T10:19:13.003508Z[0m [34mDEBUG[0m [2methereum_transaction_pool_monitor::eth_client[0m[2m:[0m 📨 Received WebSocket message: {"jsonrpc":"2.0","method":"eth_subscription","params":{"subscription":"0xbed0a0851463e895960a451075a301a9","result":"0xe6b52d27c72ddac79a34f58bafd6e4d8d0291b9bc4f3adf8c7532a9e571c0b86"}}
[2m2025-12-10T10:19:13.003560Z[0m [34mDEBUG[0m [2methereum_transaction_pool_monitor::eth_client[0m[2m:[0m 📨 Received pending transaction: 0xe6b52d27c72ddac79a34f58bafd6e4d8d0291b9bc4f3adf8c7532a9e571c0b86
[2m2025-12-10T10:19:13.003567Z[0m [34mDEBUG[0m [2methereum_transaction_pool_monitor::eth_client[0m[2m:[0m 📨 Received WebSocket message: {"jsonrpc":"2.0","method":"eth_subscription","params":{"subscription":"0xbed0a0851463e895960a451075a301a9","result":"0x3a91290d66aa7c0c949a2ed25776a1bf28331f8049ed0b9d54be9ff48fdbcd8b"}}
[2m2025-12-10T10:19:13.003572Z[0m [34mDEBUG[0m [2methereum_transaction_pool_monitor::eth_client[0m[2m:[0m 📨 Received pending transaction: 0x3a91290d66aa7c0c949a2ed25776a1bf28331f8049ed0b9d54be9ff48fdbcd8b
[2m2025-12-10T10:19:13.003576Z[0m [34mDEBUG[0m [2methereum_transaction_pool_monitor::eth_client[0m[2m:[0m 📨 Received WebSocket message: {"jsonrpc":"2.0","method":"eth_subscription","params":{"subscription":"0xbed0a0851463e895960a451075a301a9","result":"0x840ede1a02bc520174e25498725c8bdc70eeb567ea240f6fdf4ea426dc120d51"}}
[2m2025-12-10T10:19:13.003581Z[0m [34mDEBUG[0m [2methereum_transaction_pool_monitor::eth_client[0m[2m:[0m 📨 Received pending transaction: 0x840ede1a02bc520174e25498725c8bdc70eeb567ea240f6fdf4ea426dc120d51
[2m2025-12-10T10:19:13.003584Z[0m [34mDEBUG[0m [2methereum_transaction_pool_monitor::eth_client[0m[2m:[0m 📨 Received WebSocket message: {"jsonrpc":"2.0","method":"eth_subscription","params":{"subscription":"0xbed0a0851463e895960a451075a301a9","result":"0x66bbba9e6d746ae63e88633db124e05dc4f5679021e70f988d1503fc0f30b0ae"}}
[2m2025-12-10T10:19:13.003589Z[0m [34mDEBUG[0m [2methereum_transaction_pool_monitor::eth_client[0m[2m:[0m 📨 Received pending transaction: 0x66bbba9e6d746ae63e88633db124e05dc4f5679021e70f988d1503fc0f30b0ae
[2m2025-12-10T10:19:13.003593Z[0m [34mDEBUG[0m [2methereum_transaction_pool_monitor::eth_client[0m[2m:[0m 📨 Received WebSocket message: {"jsonrpc":"2.0","method":"eth_subscription","params":{"subscription":"0xbed0a0851463e895960a451075a301a9","result":"0x873666689641e399047e29d505cbfcad41bfea4980e604be50571a41ff8db9e0"}}
[2m2025-12-10T10:19:13.003597Z[0m [34mDEBUG[0m [2methereum_transaction_pool_monitor::eth_client[0m[2m:[0m 📨 Received pending transaction: 0x873666689641e399047e29d505cbfcad41bfea4980e604be50571a41ff8db9e0
[2m2025-12-10T10:19:13.003601Z[0m [34mDEBUG[0m [2methereum_transaction_pool_monitor::eth_client[0m[2m:[0m 📨 Received WebSocket message: {"jsonrpc":"2.0","method":"eth_subscription","params":{"subscription":"0xbed0a0851463e895960a451075a301a9","result":"0xd03c2d8092aa5ae79d61d831cdcecbf7c00f16cf884d1196dee174c3e475843c"}}
[2m2025-12-10T10:19:13.003606Z[0m [34mDEBUG[0m [2methereum_transaction_pool_monitor::eth_client[0m[2m:[0m 📨 Received pending transaction: 0xd03c2d8092aa5ae79d61d831cdcecbf7c00f16cf884d1196dee174c3e475843c
[2m2025-12-10T10:19:13.003610Z[0m [34mDEBUG[0m [2methereum_transaction_pool_monitor::eth_client[0m[2m:[0m 📨 Received WebSocket message: {"jsonrpc":"2.0","method":"eth_subscription","params":{"subscription":"0xbed0a0851463e895960a451075a301a9","result":"0xbd319af85a812c328122c597e3b53f2768abd261974474f91a95c5b146966016"}}
[2m2025-12-10T10:19:13.003614Z[0m [34mDEBUG[0m [2methereum_transaction_pool_monitor::eth_client[0m[2m:[0m 📨 Received pending transaction: 0xbd319af85a812c328122c597e3b53f2768abd261974474f91a95c5b146966016
[2m2025-12-10T10:19:13.003618Z[0m [34mDEBUG[0m [2methereum_transaction_pool_monitor::eth_client[0m[2m:[0m 📨 Received WebSocket message: {"jsonrpc":"2.0","method":"eth_subscription","params":{"subscription":"0xbed0a0851463e895960a451075a301a9","result":"0x5fa35af8bd745129de85ede85d649356378b74bd94aae9687b23f6ced00b8611"}}
[2m2025-12-10T10:19:13.003623Z[0m [34mDEBUG[0m [2methereum_transaction_pool_monitor::eth_client[0m[2m:[0m 📨 Received pending transaction: 0x5fa35af8bd745129de85ede85d649356378b74bd94aae9687b23f6ced00b8611
[2m2025-12-10T10:19:13.003627Z[0m [34mDEBUG[0m [2methereum_transaction_pool_monitor::eth_client[0m[2m:[0m 📨 Received WebSocket message: {"jsonrpc":"2.0","method":"eth_subscription","params":{"subscription":"0xbed0a0851463e895960a451075a301a9","result":"0x82c4952061235c9ab023a4aa5686986275c1f214c9ba115fefddc4dac07addf5"}}
[2m2025-12-10T10:19:13.003631Z[0m [34mDEBUG[0m [2methereum_transaction_pool_monitor::eth_client[0m[2m:[0m 📨 Received pending transaction: 0x82c4952061235c9ab023a4aa5686986275c1f214c9ba115fefddc4dac07addf5
[2m2025-12-10T10:19:13.003635Z[0m [34mDEBUG[0m [2methereum_transaction_pool_monitor::eth_client[0m[2m:[0m 📨 Received WebSocket message: {"jsonrpc":"2.0","method":"eth_subscription","params":{"subscription":"0xbed0a0851463e895960a451075a301a9","result":"0x728735e116c4ff68c340f0dc51ed76061949b6b2bc378ae9d937f7885fac9308"}}
[2m2025-12-10T10:19:13.003639Z[0m [34mDEBUG[0m [2methereum_transaction_pool_monitor::eth_client[0m[2m:[0m 📨 Received pending transaction: 0x728735e116c4ff68c340f0dc51ed76061949b6b2bc378ae9d937f7885fac9308
[2m2025-12-10T10:19:13.003643Z[0m [34mDEBUG[0m [2methereum_transaction_pool_monitor::eth_client[0m[2m:[0m 📨 Received WebSocket message: {"jsonrpc":"2.0","method":"eth_subscription","params":{"subscription":"0xbed0a0851463e895960a451075a301a9","result":"0x200c91d5f2717be18ddb5f37a5f0899673b26783659d87f1e39431584a13f63b"}}
[2m2025-12-10T10:19:13.003648Z[0m [34mDEBUG[0m [2methereum_transaction_pool_monitor::eth_client[0m[2m:[0m 📨 Received pending transaction: 0x200c91d5f2717be18ddb5f37a5f0899673b26783659d87f1e39431584a13f63b
[2m2025-12-10T10:19:13.003656Z[0m [34mDEBUG[0m [2methereum_transaction_pool_monitor::eth_client[0m[2m:[0m 📨 Received WebSocket message: {"jsonrpc":"2.0","method":"eth_subscription","params":{"subscription":"0xbed0a0851463e895960a451075a301a9","result":"0x9ba336e306bc709a93c4ba5ff1ca6aac2239cc3388a1ef912c031df6bbd01dec"}}
[2m2025-12-10T10:19:13.003661Z[0m [34mDEBUG[0m [2methereum_transaction_pool_monitor::eth_client[0m[2m:[0m 📨 Received pending transaction: 0x9ba336e306bc709a93c4ba5ff1ca6aac2239cc3388a1ef912c031df6bbd01dec
[2m2025-12-10T10:19:13.003665Z[0m [34mDEBUG[0m [2methereum_transaction_pool_monitor::eth_client[0m[2m:[0m 📨 Received WebSocket message: {"jsonrpc":"2.0","method":"eth_subscription","params":{"subscription":"0xbed0a0851463e895960a451075a301a9","result":"0x39c72ff41d01562575def98377768ff57053dbacc2fe34de6c672899421e759a"}}
[2m2025-12-10T10:19:13.003669Z[0m [34mDEBUG[0m [2methereum_transaction_pool_monitor::eth_client[0m[2m:[0m 📨 Received pending transaction: 0x39c72ff41d01562575def98377768ff57053dbacc2fe34de6c672899421e759a
[2m2025-12-10T10:19:13.003673Z[0m [34mDEBUG[0m [2methereum_transaction_pool_monitor::eth_client[0m[2m:[0m 📨 Received WebSocket message: {"jsonrpc":"2.0","method":"eth_subscription","params":{"subscription":"0xbed0a0851463e895960a451075a301a9","result":"0xf319cd9a7854d727050914c30bf8061b76b382d4dfa7559c2d22a7fcc1f46219"}}
[2m2025-12-10T10:19:13.003678Z[0m [34mDEBUG[0m [2methereum_transaction_pool_monitor::eth_client[0m[2m:[0m 📨 Received pending transaction: 0xf319cd9a7854d727050914c30bf8061b76b382d4dfa7559c2d22a7fcc1f46219
[2m2025-12-10T10:19:13.003682Z[0m [34mDEBUG[0m [2methereum_transaction_pool_monitor::eth_client[0m[2m:[0m 📨 Received WebSocket message: {"jsonrpc":"2.0","method":"eth_subscription","params":{"subscription":"0xbed0a0851463e895960a451075a301a9","result":"0x4f47748e59c987b9a09fcf5384a096b20dfee5901fe53e0aa83a5688bf4a8073"}}
[2m2025-12-10T10:19:13.003686Z[0m [34mDEBUG[0m [2methereum_transaction_pool_monitor::eth_client[0m[2m:[0m 📨 Received pending transaction: 0x4f47748e59c987b9a09fcf5384a096b20dfee5901fe53e0aa83a5688bf4a8073
[2m2025-12-10T10:19:13.003690Z[0m [34mDEBUG[0m [2methereum_transaction_pool_monitor::eth_client[0m[2m:[0m 📨 Received WebSocket message: {"jsonrpc":"2.0","method":"eth_subscription","params":{"subscription":"0xbed0a0851463e895960a451075a301a9","result":"0xec74d2e5e8abb349f17ed606c824d911c6d1fcb54ca44b207eace4c20a213e13"}}
[2m2025-12-10T10:19:13.003694Z[0m [34mDEBUG[0m [2methereum_transaction_pool_monitor::eth_client[0m[2m:[0m 📨 Received pending transaction: 0xec74d2e5e8abb349f17ed606c824d911c6d1fcb54ca44b207eace4c20a213e13
[2m2025-12-10T10:19:13.003698Z[0m [34mDEBUG[0m [2methereum_transaction_pool_monitor::eth_client[0m[2m:[0m 📨 Received WebSocket message: {"jsonrpc":"2.0","method":"eth_subscription","params":{"subscription":"0xbed0a0851463e895960a451075a301a9","result":"0xd57b690d64e9a8c4425782d220b0164aff336f6cdb2d2ded93184799d3f7fe87"}}
[2m2025-12-10T10:19:13.003703Z[0m [34mDEBUG[0m [2methereum_transaction_pool_monitor::eth_client[0m[2m:[0m 📨 Received pending transaction: 0xd57b690d64e9a8c4425782d220b0164aff336f6cdb2d2ded93184799d3f7fe87
[2m2025-12-10T10:19:13.003707Z[0m [34mDEBUG[0m [2methereum_transaction_pool_monitor::eth_client[0m[2m:[0m 📨 Received WebSocket message: {"jsonrpc":"2.0","method":"eth_subscription","params":{"subscription":"0xbed0a0851463e895960a451075a301a9","result":"0x845e36dfa9f5f5a1813bf3571c06f4c0fc519216d046bbf66c31cc79400f4466"}}
[2m2025-12-10T10:19:13.003711Z[0m [34mDEBUG[0m [2methereum_transaction_pool_monitor::eth_client[0m[2m:[0m 📨 Received pending transaction: 0x845e36dfa9f5f5a1813bf3571c06f4c0fc519216d046bbf66c31cc79400f4466
[2m2025-12-10T10:19:13.003715Z[0m [34mDEBUG[0m [2methereum_transaction_pool_monitor::eth_client[0m[2m:[0m 📨 Received WebSocket message: {"jsonrpc":"2.0","method":"eth_subscription","params":{"subscription":"0xbed0a0851463e895960a451075a301a9","result":"0x64c223a2eed3724c8357b9fc5f5790f6891f98a5b7bb2b08e2e76bff2d3716c6"}}
[2m2025-12-10T10:19:13.003719Z[0m [34mDEBUG[0m [2methereum_transaction_pool_monitor::eth_client[0m[2m:[0m 📨 Received pending transaction: 0x64c223a2eed3724c8357b9fc5f5790f6891f98a5b7bb2b08e2e76bff2d3716c6
[2m2025-12-10T10:19:13.003723Z[0m [34mDEBUG[0m [2methereum_transaction_pool_monitor::eth_client[0m[2m:[0m 📨 Received WebSocket message: {"jsonrpc":"2.0","method":"eth_subscription","params":{"subscription":"0xbed0a0851463e895960a451075a301a9","result":"0x1afa4d7d3347b7aae41c7b1d2b8148ba8d6b0d45b2ced2011831d36fbbeb35d6"}}
[2m2025-12-10T10:19:13.003728Z[0m [34mDEBUG[0m [2methereum_transaction_pool_monitor::eth_client[0m[2m:[0m 📨 Received pending transaction: 0x1afa4d7d3347b7aae41c7b1d2b8148ba8d6b0d45b2ced2011831d36fbbeb35d6
[2m2025-12-10T10:19:13.003731Z[0m [34mDEBUG[0m [2methereum_transaction_pool_monitor::eth_client[0m[2m:[0m 📨 Received WebSocket message: {"jsonrpc":"2.0","method":"eth_subscription","params":{"subscription":"0xbed0a0851463e895960a451075a301a9","result":"0x92d65468bac0ccc7953f02a876042ae6215321779eea54e8215c049c69bb037d"}}
[2m2025-12-10T10:19:13.003736Z[0m [34mDEBUG[0m [2methereum_transaction_pool_monitor::eth_client[0m[2m:[0m 📨 Received pending transaction: 0x92d65468bac0ccc7953f02a876042ae6215321779eea54e8215c049c69bb037d
[2m2025-12-10T10:19:13.003740Z[0m [34mDEBUG[0m [2methereum_transaction_pool_monitor::eth_client[0m[2m:[0m 📨 Received WebSocket message: {"jsonrpc":"2.0","method":"eth_subscription","params":{"subscription":"0xbed0a0851463e895960a451075a301a9","result":"0xefa93fe3a1687f3f9be348411905880a395e109360619ac82da89b0e81d34cfa"}}
[2m2025-12-10T10:19:13.003744Z[0m [34mDEBUG[0m [2methereum_transaction_pool_monitor::eth_client[0m[2m:[0m 📨 Received pending transaction: 0xefa93fe3a1687f3f9be348411905880a395e109360619ac82da89b0e81d34cfa
[2m2025-12-10T10:19:13.003748Z[0m [34mDEBUG[0m [2methereum_transaction_pool_monitor::eth_client[0m[2m:[0m 📨 Received WebSocket message: {"jsonrpc":"2.0","method":"eth_subscription","params":{"subscription":"0xbed0a0851463e895960a451075a301a9","result":"0x26bf46a7deac6a37079ed429f4c07fd3e7a1774f98d0666da5c06df7572faa3b"}}
[2m2025-12-10T10:19:13.003752Z[0m [34mDEBUG[0m [2methereum_transaction_pool_monitor::eth_client[0m[2m:[0m 📨 Received pending transaction: 0x26bf46a7deac6a37079ed429f4c07fd3e7a1774f98d0666da5c06df7572faa3b
[2m2025-12-10T10:19:13.003756Z[0m [34mDEBUG[0m [2methereum_transaction_pool_monitor::eth_client[0m[2m:[0m 📨 Received WebSocket message: {"jsonrpc":"2.0","method":"eth_subscription","params":{"subscription":"0xbed0a0851463e895960a451075a301a9","result":"0x23ac0892569087de632459180e1eba80717f5a7e6a6769853597dd920a0cae46"}}
[2m2025-12-10T10:19:13.003761Z[0m [34mDEBUG[0m [2methereum_transaction_pool_monitor::eth_client[0m[2m:[0m 📨 Received pending transaction: 0x23ac0892569087de632459180e1eba80717f5a7e6a6769853597dd920a0cae46
[2m2025-12-10T10:19:13.003765Z[0m [34mDEBUG[0m [2methereum_transaction_pool_monitor::eth_client[0m[2m:[0m 📨 Received WebSocket message: {"jsonrpc":"2.0","method":"eth_subscription","params":{"subscription":"0xbed0a0851463e895960a451075a301a9","result":"0xf373d06383811b6c5ac75dab46da3e31745720763fb264a715dd5a404d4e213e"}}
[2m2025-12-10T10:19:13.003769Z[0m [34mDEBUG[0m [2methereum_transaction_pool_monitor::eth_client[0m[2m:[0m 📨 Received pending transaction: 0xf373d06383811b6c5ac75dab46da3e31745720763fb264a715dd5a404d4e213e
[2m2025-12-10T10:19:13.003773Z[0m [34mDEBUG[0m [2methereum_transaction_pool_monitor::eth_client[0m[2m:[0m 📨 Received WebSocket message: {"jsonrpc":"2.0","method":"eth_subscription","params":{"subscription":"0xbed0a0851463e895960a451075a301a9","result":"0xfd2d8616f650bee1d06f619cdc0973005a46c11844f01735759c70a7eb321982"}}
[2m2025-12-10T10:19:13.003777Z[0m [34mDEBUG[0m [2methereum_transaction_pool_monitor::eth_client[0m[2m:[0m 📨 Received pending transaction: 0xfd2d8616f650bee1d06f619cdc0973005a46c11844f01735759c70a7eb321982
[2m2025-12-10T10:19:13.003781Z[0m [34mDEBUG[0m [2methereum_transaction_pool_monitor::eth_client[0m[2m:[0m 📨 Received WebSocket message: {"jsonrpc":"2.0","method":"eth_subscription","params":{"subscription":"0xbed0a0851463e895960a451075a301a9","result":"0xb67296a4734e1adadbe60e0133442a87aa260eb88efa6a99e24c0bc205ea55a9"}}
[2m2025-12-10T10:19:13.003785Z[0m [34mDEBUG[0m [2methereum_transaction_pool_monitor::eth_client[0m[2m:[0m 📨 Received pending transaction: 0xb67296a4734e1adadbe60e0133442a87aa260eb88efa6a99e24c0bc205ea55a9
[2m2025-12-10T10:19:13.003789Z[0m [34mDEBUG[0m [2methereum_transaction_pool_monitor::eth_client[0m[2m:[0m 📨 Received WebSocket message: {"jsonrpc":"2.0","method":"eth_subscription","params":{"subscription":"0xbed0a0851463e895960a451075a301a9","result":"0x1d915a92b4b8336ce5a7d4adb33057a903c0b7ed551f597aa4cb81a998a92557"}}
[2m2025-12-10T10:19:13.003795Z[0m [34mDEBUG[0m [2methereum_transaction_pool_monitor::eth_client[0m[2m:[0m 📨 Received pending transaction: 0x1d915a92b4b8336ce5a7d4adb33057a903c0b7ed551f597aa4cb81a998a92557
[2m2025-12-10T10:19:13.003799Z[0m [34mDEBUG[0m [2methereum_transaction_pool_monitor::eth_client[0m[2m:[0m 📨 Received WebSocket message: {"jsonrpc":"2.0","method":"eth_subscription","params":{"subscription":"0xbed0a0851463e895960a451075a301a9","result":"0xeaff0e6f68c5cf90c018153af35fe58d4ee208632e5cc68b68db394a6d668176"}}
[2m2025-12-10T10:19:13.012976Z[0m [34mDEBUG[0m [2methereum_transaction_pool_monitor::eth_client[0m[2m:[0m 📨 Received pending transaction: 0xeaff0e6f68c5cf90c018153af35fe58d4ee208632e5cc68b68db394a6d668176
[2m2025-12-10T10:19:13.013094Z[0m [34mDEBUG[0m [2methereum_transaction_pool_monitor::eth_client[0m[2m:[0m 📨 Received WebSocket message: {"jsonrpc":"2.0","method":"eth_subscription","params":{"subscription":"0xbed0a0851463e895960a451075a301a9","result":"0xf4380bea079e4965f5357fb0809a7d877cdbe8324f2c9bc89994d4ba39ed3cb8"}}
[2m2025-12-10T10:19:13.013100Z[0m [34mDEBUG[0m [2methereum_transaction_pool_monitor::eth_client[0m[2m:[0m 📨 Received pending transaction: 0xf4380bea079e4965f5357fb0809a7d877cdbe8324f2c9bc89994d4ba39ed3cb8
[2m2025-12-10T10:19:13.013104Z[0m [34mDEBUG[0m [2methereum_transaction_pool_monitor::eth_client[0m[2m:[0m 📨 Received WebSocket message: {"jsonrpc":"2.0","method":"eth_subscription","params":{"subscription":"0xbed0a0851463e895960a451075a301a9","result":"0xd97158265af291c68eedd7ce74bb454e658ea2f5418dc65a97e3ae4c124bd83c"}}
[2m2025-12-10T10:19:13.013109Z[0m [34mDEBUG[0m [2methereum_transaction_pool_monitor::eth_client[0m[2m:[0m 📨 Received pending transaction: 0xd97158265af291c68eedd7ce74bb454e658ea2f5418dc65a97e3ae4c124bd83c
[2m2025-12-10T10:19:13.013113Z[0m [34mDEBUG[0m [2methereum_transaction_pool_monitor::eth_client[0m[2m:[0m 📨 Received WebSocket message: {"jsonrpc":"2.0","method":"eth_subscription","params":{"subscription":"0xbed0a0851463e895960a451075a301a9","result":"0xc16f66d2004d17a9f6983e0f23689a99b111655db3e7e5d6119eba574ae4a6d3"}}
[2m2025-12-10T10:19:13.013117Z[0m [34mDEBUG[0m [2methereum_transaction_pool_monitor::eth_client[0m[2m:[0m 📨 Received pending transaction: 0xc16f66d2004d17a9f6983e0f23689a99b111655db3e7e5d6119eba574ae4a6d3
[2m2025-12-10T10:19:13.013121Z[0m [34mDEBUG[0m [2methereum_transaction_pool_monitor::eth_client[0m[2m:[0m 📨 Received WebSocket message: {"jsonrpc":"2.0","method":"eth_subscription","params":{"subscription":"0xbed0a0851463e895960a451075a301a9","result":"0x7fd4b775017c32241d3abee96bc039af50e8ffa3a720d96b97e620340aa8044f"}}
[2m2025-12-10T10:19:13.013125Z[0m [34mDEBUG[0m [2methereum_transaction_pool_monitor::eth_client[0m[2m:[0m 📨 Received pending transaction: 0x7fd4b775017c32241d3abee96bc039af50e8ffa3a720d96b97e620340aa8044f
[2m2025-12-10T10:19:13.013132Z[0m [34mDEBUG[0m [2methereum_transaction_pool_monitor::eth_client[0m[2m:[0m 📨 Received WebSocket message: {"jsonrpc":"2.0","method":"eth_subscription","params":{"subscription":"0xbed0a0851463e895960a451075a301a9","result":"0x1ffc9cad6928342084bcbe48cf4328601672d48dea9c782f2d6f5c8502671b09"}}
[2m2025-12-10T10:19:13.013139Z[0m [34mDEBUG[0m [2methereum_transaction_pool_monitor::eth_client[0m[2m:[0m 📨 Received pending transaction: 0x1ffc9cad6928342084bcbe48cf4328601672d48dea9c782f2d6f5c8502671b09
[2m2025-12-10T10:19:13.013144Z[0m [34mDEBUG[0m [2methereum_transaction_pool_monitor::eth_client[0m[2m:[0m 📨 Received WebSocket message: {"jsonrpc":"2.0","method":"eth_subscription","params":{"subscription":"0xbed0a0851463e895960a451075a301a9","result":"0x1d335fe74854062a07efeac2a8918e3a4a7139034c4c943a068a8151c9731cd9"}}
[2m2025-12-10T10:19:13.013148Z[0m [34mDEBUG[0m [2methereum_transaction_pool_monitor::eth_client[0m[2m:[0m 📨 Received pending transaction: 0x1d335fe74854062a07efeac2a8918e3a4a7139034c4c943a068a8151c9731cd9
[2m2025-12-10T10:19:13.013152Z[0m [34mDEBUG[0m [2methereum_transaction_pool_monitor::eth_client[0m[2m:[0m 📨 Received WebSocket message: {"jsonrpc":"2.0","method":"eth_subscription","params":{"subscription":"0xbed0a0851463e895960a451075a301a9","result":"0x3d8e37c0b26291f3efd26405d0eda57cbb198396f29e0d0ba1743f4eb04ac4ca"}}
[2m2025-12-10T10:19:13.013157Z[0m [34mDEBUG[0m [2methereum_transaction_pool_monitor::eth_client[0m[2m:[0m 📨 Received pending transaction: 0x3d8e37c0b26291f3efd26405d0eda57cbb198396f29e0d0ba1743f4eb04ac4ca
[2m2025-12-10T10:19:13.013161Z[0m [34mDEBUG[0m [2methereum_transaction_pool_monitor::eth_client[0m[2m:[0m 📨 Received WebSocket message: {"jsonrpc":"2.0","method":"eth_subscription","params":{"subscription":"0xbed0a0851463e895960a451075a301a9","result":"0xfbea31c6c45b22bd4485902e571dc3cadf99f89ad4193c2a0fd81fc173ef2694"}}
[2m2025-12-10T10:19:13.013165Z[0m [34mDEBUG[0m [2methereum_transaction_pool_monitor::eth_client[0m[2m:[0m 📨 Received pending transaction: 0xfbea31c6c45b22bd4485902e571dc3cadf99f89ad4193c2a0fd81fc173ef2694
[2m2025-12-10T10:19:13.013169Z[0m [34mDEBUG[0m [2methereum_transaction_pool_monitor::eth_client[0m[2m:[0m 📨 Received WebSocket message: {"jsonrpc":"2.0","method":"eth_subscription","params":{"subscription":"0xbed0a0851463e895960a451075a301a9","result":"0x1fc4c3bb64bd6578efa94fbe9a4a7ea428794ca985a0b5f0beb85dccabbc17bf"}}
[2m2025-12-10T10:19:13.013173Z[0m [34mDEBUG[0m [2methereum_transaction_pool_monitor::eth_client[0m[2m:[0m 📨 Received pending transaction: 0x1fc4c3bb64bd6578efa94fbe9a4a7ea428794ca985a0b5f0beb85dccabbc17bf
[2m2025-12-10T10:19:13.013177Z[0m [34mDEBUG[0m [2methereum_transaction_pool_monitor::eth_client[0m[2m:[0m 📨 Received WebSocket message: {"jsonrpc":"2.0","method":"eth_subscription","params":{"subscription":"0xbed0a0851463e895960a451075a301a9","result":"0x577f0da6960d9738fd33dedcaf0c7ff545a0fafdc40d63936ed02183184a0458"}}
[2m2025-12-10T10:19:13.013181Z[0m [34mDEBUG[0m [2methereum_transaction_pool_monitor::eth_client[0m[2m:[0m 📨 Received pending transaction: 0x577f0da6960d9738fd33dedcaf0c7ff545a0fafdc40d63936ed02183184a0458
[2m2025-12-10T10:19:13.013185Z[0m [34mDEBUG[0m [2methereum_transaction_pool_monitor::eth_client[0m[2m:[0m 📨 Received WebSocket message: {"jsonrpc":"2.0","method":"eth_subscription","params":{"subscription":"0xbed0a0851463e895960a451075a301a9","result":"0xf02f9331e797347483a093b817bbb8f7d7ae013e3e568dbec8b2a43f5d7b66d4"}}
[2m2025-12-10T10:19:13.013190Z[0m [34mDEBUG[0m [2methereum_transaction_pool_monitor::eth_client[0m[2m:[0m 📨 Received pending transaction: 0xf02f9331e797347483a093b817bbb8f7d7ae013e3e568dbec8b2a43f5d7b66d4
[2m2025-12-10T10:19:13.013194Z[0m [34mDEBUG[0m [2methereum_transaction_pool_monitor::eth_client[0m[2m:[0m 📨 Received WebSocket message: {"jsonrpc":"2.0","method":"eth_subscription","params":{"subscription":"0xbed0a0851463e895960a451075a301a9","result":"0x4ef1cd5482a9424d1665f51f96a8963bfae283133f793d4c226eb464794b0097"}}
[2m2025-12-10T10:19:13.013198Z[0m [34mDEBUG[0m [2methereum_transaction_pool_monitor::eth_client[0m[2m:[0m 📨 Received pending transaction: 0x4ef1cd5482a9424d1665f51f96a8963bfae283133f793d4c226eb464794b0097
[2m2025-12-10T10:19:13.013202Z[0m [34mDEBUG[0m [2methereum_transaction_pool_monitor::eth_client[0m[2m:[0m 📨 Received WebSocket message: {"jsonrpc":"2.0","method":"eth_subscription","params":{"subscription":"0xbed0a0851463e895960a451075a301a9","result":"0xd474437b391e21db9baa8742a931a469d26880929b7c1e84a5cd46e187b364c8"}}
[2m2025-12-10T10:19:13.013207Z[0m [34mDEBUG[0m [2methereum_transaction_pool_monitor::eth_client[0m[2m:[0m 📨 Received pending transaction: 0xd474437b391e21db9baa8742a931a469d26880929b7c1e84a5cd46e187b364c8
[2m2025-12-10T10:19:13.013211Z[0m [34mDEBUG[0m [2methereum_transaction_pool_monitor::eth_client[0m[2m:[0m 📨 Received WebSocket message: {"jsonrpc":"2.0","method":"eth_subscription","params":{"subscription":"0xbed0a0851463e895960a451075a301a9","result":"0x4cd2f2d434f360251c36d4bb2ca589a3a2c82fc07d76d00054e0943735966102"}}
[2m2025-12-10T10:19:13.013216Z[0m [34mDEBUG[0m [2methereum_transaction_pool_monitor::eth_client[0m[2m:[0m 📨 Received pending transaction: 0x4cd2f2d434f360251c36d4bb2ca589a3a2c82fc07d76d00054e0943735966102
[2m2025-12-10T10:19:13.013220Z[0m [34mDEBUG[0m [2methereum_transaction_pool_monitor::eth_client[0m[2m:[0m 📨 Received WebSocket message: {"jsonrpc":"2.0","method":"eth_subscription","params":{"subscription":"0xbed0a0851463e895960a451075a301a9","result":"0x88221aab6f700c735ff874f3f67711113485d623a3d7c70917699302448a9351"}}
[2m2025-12-10T10:19:13.013224Z[0m [34mDEBUG[0m [2methereum_transaction_pool_monitor::eth_client[0m[2m:[0m 📨 Received pending transaction: 0x88221aab6f700c735ff874f3f67711113485d623a3d7c70917699302448a9351
[2m2025-12-10T10:19:13.013228Z[0m [34mDEBUG[0m [2methereum_transaction_pool_monitor::eth_client[0m[2m:[0m 📨 Received WebSocket message: {"jsonrpc":"2.0","method":"eth_subscription","params":{"subscription":"0xbed0a0851463e895960a451075a301a9","result":"0xaa695ec199366d7170027742e2fb5fa3129b5ac5e7a8bf884dfe11f1dd1d3cc3"}}
[2m2025-12-10T10:19:13.013233Z[0m [34mDEBUG[0m [2methereum_transaction_pool_monitor::eth_client[0m[2m:[0m 📨 Received pending transaction: 0xaa695ec199366d7170027742e2fb5fa3129b5ac5e7a8bf884dfe11f1dd1d3cc3
[2m2025-12-10T10:19:13.013237Z[0m [34mDEBUG[0m [2methereum_transaction_pool_monitor::eth_client[0m[2m:[0m 📨 Received WebSocket message: {"jsonrpc":"2.0","method":"eth_subscription","params":{"subscription":"0xbed0a0851463e895960a451075a301a9","result":"0xf9de02919c06fd65f3a80e4651424cd047a6c64acbe81fd9184e7f5b59e3aefc"}}
[2m2025-12-10T10:19:13.013242Z[0m [34mDEBUG[0m [2methereum_transaction_pool_monitor::eth_client[0m[2m:[0m 📨 Received pending transaction: 0xf9de02919c06fd65f3a80e4651424cd047a6c64acbe81fd9184e7f5b59e3aefc
[2m2025-12-10T10:19:13.013246Z[0m [34mDEBUG[0m [2methereum_transaction_pool_monitor::eth_client[0m[2m:[0m 📨 Received WebSocket message: {"jsonrpc":"2.0","method":"eth_subscription","params":{"subscription":"0xbed0a0851463e895960a451075a301a9","result":"0x1124b77253fe7445602e92214d8b37a716f08129812f054ad7f4f3cf44ed8661"}}
[2m2025-12-10T10:19:13.013250Z[0m [34mDEBUG[0m [2methereum_transaction_pool_monitor::eth_client[0m[2m:[0m 📨 Received pending transaction: 0x1124b77253fe7445602e92214d8b37a716f08129812f054ad7f4f3cf44ed8661
[2m2025-12-10T10:19:13.013254Z[0m [34mDEBUG[0m [2methereum_transaction_pool_monitor::eth_client[0m[2m:[0m 📨 Received WebSocket message: {"jsonrpc":"2.0","method":"eth_subscription","params":{"subscription":"0xbed0a0851463e895960a451075a301a9","result":"0xa881135ae3fdf1688610c3aaa284f49a96e3c0f84790a222fc1e7c474748f1a6"}}
[2m2025-12-10T10:19:13.013271Z[0m [34mDEBUG[0m [2methereum_transaction_pool_monitor::eth_client[0m[2m:[0m 📨 Received pending transaction: 0xa881135ae3fdf1688610c3aaa284f49a96e3c0f84790a222fc1e7c474748f1a6
[2m2025-12-10T10:19:13.013276Z[0m [34mDEBUG[0m [2methereum_transaction_pool_monitor::eth_client[0m[2m:[0m 📨 Received WebSocket message: {"jsonrpc":"2.0","method":"eth_subscription","params":{"subscription":"0xbed0a0851463e895960a451075a301a9","result":"0x110cc9a6da3f7d201751b3f93a723b3d069a4ad69f98b6fd07f2d08c07ced597"}}
[2m2025-12-10T10:19:13.013280Z[0m [34mDEBUG[0m [2methereum_transaction_pool_monitor::eth_client[0m[2m:[0m 📨 Received pending transaction: 0x110cc9a6da3f7d201751b3f93a723b3d069a4ad69f98b6fd07f2d08c07ced597
[2m2025-12-10T10:19:13.013284Z[0m [34mDEBUG[0m [2methereum_transaction_pool_monitor::eth_client[0m[2m:[0m 📨 Received WebSocket message: {"jsonrpc":"2.0","method":"eth_subscription","params":{"subscription":"0xbed0a0851463e895960a451075a301a9","result":"0x3c3ff6d7ca672a955a12031c5257fdbe43dbeb3a76a5523296da232142823835"}}
[2m2025-12-10T10:19:13.013289Z[0m [34mDEBUG[0m [2methereum_transaction_pool_monitor::eth_client[0m[2m:[0m 📨 Received pending transaction: 0x3c3ff6d7ca672a955a12031c5257fdbe43dbeb3a76a5523296da232142823835
[2m2025-12-10T10:19:13.013292Z[0m [34mDEBUG[0m [2methereum_transaction_pool_monitor::eth_client[0m[2m:[0m 📨 Received WebSocket message: {"jsonrpc":"2.0","method":"eth_subscription","params":{"subscription":"0xbed0a0851463e895960a451075a301a9","result":"0x39919e6296a541747902fcb94a04b1d0b12d7dc2d7774cfbc76d3171874c395c"}}
[2m2025-12-10T10:19:13.013297Z[0m [34mDEBUG[0m [2methereum_transaction_pool_monitor::eth_client[0m[2m:[0m 📨 Received pending transaction: 0x39919e6296a541747902fcb94a04b1d0b12d7dc2d7774cfbc76d3171874c395c
[2m2025-12-10T10:19:13.013300Z[0m [34mDEBUG[0m [2methereum_transaction_pool_monitor::eth_client[0m[2m:[0m 📨 Received WebSocket message: {"jsonrpc":"2.0","method":"eth_subscription","params":{"subscription":"0xbed0a0851463e895960a451075a301a9","result":"0x98d3ce8a9c107969635c86ac859a8478aa0b14186f9f20423e224991d33f8dea"}}
[2m2025-12-10T10:19:13.013304Z[0m [34mDEBUG[0m [2methereum_transaction_pool_monitor::eth_client[0m[2m:[0m 📨 Received pending transaction: 0x98d3ce8a9c107969635c86ac859a8478aa0b14186f9f20423e224991d33f8dea
[2m2025-12-10T10:19:13.013308Z[0m [34mDEBUG[0m [2methereum_transaction_pool_monitor::eth_client[0m[2m:[0m 📨 Received WebSocket message: {"jsonrpc":"2.0","method":"eth_subscription","params":{"subscription":"0xbed0a0851463e895960a451075a301a9","result":"0xde375c868a124dcd1bf15ef4b3e31b5cdfb362cd0fff149a0484855664f85537"}}
[2m2025-12-10T10:19:13.013313Z[0m [34mDEBUG[0m [2methereum_transaction_pool_monitor::eth_client[0m[2m:[0m 📨 Received pending transaction: 0xde375c868a124dcd1bf15ef4b3e31b5cdfb362cd0fff149a0484855664f85537
[2m2025-12-10T10:19:13.013317Z[0m [34mDEBUG[0m [2methereum_transaction_pool_monitor::eth_client[0m[2m:[0m 📨 Received WebSocket message: {"jsonrpc":"2.0","method":"eth_subscription","params":{"subscription":"0xbed0a0851463e895960a451075a301a9","result":"0xc639fa74aa5700bd6c504f6e54ae5b3474a3042de09407ac947030f52363742d"}}
[2m2025-12-10T10:19:13.013322Z[0m [34mDEBUG[0m [2methereum_transaction_pool_monitor::eth_client[0m[2m:[0m 📨 Received pending transaction: 0xc639fa74aa5700bd6c504f6e54ae5b3474a3042de09407ac947030f52363742d
[2m2025-12-10T10:19:13.013328Z[0m [34mDEBUG[0m [2methereum_transaction_pool_monitor::eth_client[0m[2m:[0m 📨 Received WebSocket message: {"jsonrpc":"2.0","method":"eth_subscription","params":{"subscription":"0xbed0a0851463e895960a451075a301a9","result":"0x3110ebf98684fc1c5241aa55cd9f4e6a04c7373b31b6cac4ed3196753c6bfab9"}}
[2m2025-12-10T10:19:13.013332Z[0m [34mDEBUG[0m [2methereum_transaction_pool_monitor::eth_client[0m[2m:[0m 📨 Received pending transaction: 0x3110ebf98684fc1c5241aa55cd9f4e6a04c7373b31b6cac4ed3196753c6bfab9
[2m2025-12-10T10:19:13.013336Z[0m [34mDEBUG[0m [2methereum_transaction_pool_monitor::eth_client[0m[2m:[0m 📨 Received WebSocket message: {"jsonrpc":"2.0","method":"eth_subscription","params":{"subscription":"0xbed0a0851463e895960a451075a301a9","result":"0x97c330cd7b856fe7e23f82299932e63433a8ddb37c40bcec3c18866cf0051475"}}
[2m2025-12-10T10:19:13.013341Z[0m [34mDEBUG[0m [2methereum_transaction_pool_monitor::eth_client[0m[2m:[0m 📨 Received pending transaction: 0x97c330cd7b856fe7e23f82299932e63433a8ddb37c40bcec3c18866cf0051475
[2m2025-12-10T10:19:13.013345Z[0m [34mDEBUG[0m [2methereum_transaction_pool_monitor::eth_client[0m[2m:[0m 📨 Received WebSocket message: {"jsonrpc":"2.0","method":"eth_subscription","params":{"subscription":"0xbed0a0851463e895960a451075a301a9","result":"0x8d177cf6f72d9b48e51c342132a549c48538779ebbf6fa606683c5563731494f"}}
[2m2025-12-10T10:19:13.013352Z[0m [34mDEBUG[0m [2methereum_transaction_pool_monitor::eth_client[0m[2m:[0m 📨 Received pending transaction: 0x8d177cf6f72d9b48e51c342132a549c48538779ebbf6fa606683c5563731494f
[2m2025-12-10T10:19:13.015251Z[0m [34mDEBUG[0m [2methereum_transaction_pool_monitor::eth_client[0m[2m:[0m 📨 Received WebSocket message: {"jsonrpc":"2.0","method":"eth_subscription","params":{"subscription":"0xbed0a0851463e895960a451075a301a9","result":"0x6c4500583835042bdc45f889b4cdfc56385aeb7d74c5fe9b73c9d5ddd4ab3024"}}
[2m2025-12-10T10:19:13.015286Z[0m [34mDEBUG[0m [2methereum_transaction_pool_monitor::eth_client[0m[2m:[0m 📨 Received pending transaction: 0x6c4500583835042bdc45f889b4cdfc56385aeb7d74c5fe9b73c9d5ddd4ab3024
[2m2025-12-10T10:19:13.017173Z[0m [34mDEBUG[0m [2methereum_transaction_pool_monitor::eth_client[0m[2m:[0m 📨 Received WebSocket message: {"jsonrpc":"2.0","method":"eth_subscription","params":{"subscription":"0xbed0a0851463e895960a451075a301a9","result":"0xf45029c03cba5a40b6ec28924de74d57fa18de3a63f944cf7e69137c8fc2a70b"}}
[2m2025-12-10T10:19:13.017180Z[0m [34mDEBUG[0m [2methereum_transaction_pool_monitor::eth_client[0m[2m:[0m 📨 Received pending transaction: 0xf45029c03cba5a40b6ec28924de74d57fa18de3a63f944cf7e69137c8fc2a70b
[2m2025-12-10T10:19:13.017191Z[0m [34mDEBUG[0m [2methereum_transaction_pool_monitor::eth_client[0m[2m:[0m 📨 Received WebSocket message: {"jsonrpc":"2.0","method":"eth_subscription","params":{"subscription":"0xbed0a0851463e895960a451075a301a9","result":"0xbd4decd92c3ddb7359ee331635853e8cb7575cf77fd00226a1cf3c1d5dd87798"}}
[2m2025-12-10T10:19:13.017197Z[0m [34mDEBUG[0m [2methereum_transaction_pool_monitor::eth_client[0m[2m:[0m 📨 Received pending transaction: 0xbd4decd92c3ddb7359ee331635853e8cb7575cf77fd00226a1cf3c1d5dd87798
[2m2025-12-10T10:19:13.017207Z[0m [34mDEBUG[0m [2methereum_transaction_pool_monitor::eth_client[0m[2m:[0m 📨 Received WebSocket message: {"jsonrpc":"2.0","method":"eth_subscription","params":{"subscription":"0xbed0a0851463e895960a451075a301a9","result":"0xfa26f4e00e47bba9861c26d098e17bb190eb49349fcd0a85c477b773f10433c6"}}
[2m2025-12-10T10:19:13.017212Z[0m [34mDEBUG[0m [2methereum_transaction_pool_monitor::eth_client[0m[2m:[0m 📨 Received pending transaction: 0xfa26f4e00e47bba9861c26d098e17bb190eb49349fcd0a85c477b773f10433c6
[2m2025-12-10T10:19:13.017222Z[0m [34mDEBUG[0m [2methereum_transaction_pool_monitor::eth_client[0m[2m:[0m 📨 Received WebSocket message: {"jsonrpc":"2.0","method":"eth_subscription","params":{"subscription":"0xbed0a0851463e895960a451075a301a9","result":"0x13e2fc7d7777949809e21dd5abdfd877fed1f5a3597020716cfaca95b2ff6b64"}}
[2m2025-12-10T10:19:13.017228Z[0m [34mDEBUG[0m [2methereum_transaction_pool_monitor::eth_client[0m[2m:[0m 📨 Received pending transaction: 0x13e2fc7d7777949809e21dd5abdfd877fed1f5a3597020716cfaca95b2ff6b64
[2m2025-12-10T10:19:13.017232Z[0m [34mDEBUG[0m [2methereum_transaction_pool_monitor::eth_client[0m[2m:[0m 📨 Received WebSocket message: {"jsonrpc":"2.0","method":"eth_subscription","params":{"subscription":"0xbed0a0851463e895960a451075a301a9","result":"0x8be52fcb98dcc4b02e814d08323db1b12030b83bcc34ecd3ee6a6227c684807e"}}
[2m2025-12-10T10:19:13.017268Z[0m [34mDEBUG[0m [2methereum_transaction_pool_monitor::eth_client[0m[2m:[0m 📨 Received pending transaction: 0x8be52fcb98dcc4b02e814d08323db1b12030b83bcc34ecd3ee6a6227c684807e
[2m2025-12-10T10:19:13.017273Z[0m [34mDEBUG[0m [2methereum_transaction_pool_monitor::eth_client[0m[2m:[0m 📨 Received WebSocket message: {"jsonrpc":"2.0","method":"eth_subscription","params":{"subscription":"0xbed0a0851463e895960a451075a301a9","result":"0x512c93d65929904b81c7feaaf27416740e502eedd799011a9841e9efb8d3e6b3"}}
[2m2025-12-10T10:19:13.017279Z[0m [34mDEBUG[0m [2methereum_transaction_pool_monitor::eth_client[0m[2m:[0m 📨 Received pending transaction: 0x512c93d65929904b81c7feaaf27416740e502eedd799011a9841e9efb8d3e6b3
[2m2025-12-10T10:19:13.017283Z[0m [34mDEBUG[0m [2methereum_transaction_pool_monitor::eth_client[0m[2m:[0m 📨 Received WebSocket message: {"jsonrpc":"2.0","method":"eth_subscription","params":{"subscription":"0xbed0a0851463e895960a451075a301a9","result":"0x54eb8d80b000e9f2b33ab2312f60efd3508f42fc30cc9f74cb7d0877d10ea72a"}}
[2m2025-12-10T10:19:13.017288Z[0m [34mDEBUG[0m [2methereum_transaction_pool_monitor::eth_client[0m[2m:[0m 📨 Received pending transaction: 0x54eb8d80b000e9f2b33ab2312f60efd3508f42fc30cc9f74cb7d0877d10ea72a
[2m2025-12-10T10:19:13.017292Z[0m [34mDEBUG[0m [2methereum_transaction_pool_monitor::eth_client[0m[2m:[0m 📨 Received WebSocket message: {"jsonrpc":"2.0","method":"eth_subscription","params":{"subscription":"0xbed0a0851463e895960a451075a301a9","result":"0x9069075cacfe8634d91ef0fb78afce429032ed15ee13acae7c67e06522f0217b"}}
[2m2025-12-10T10:19:13.017297Z[0m [34mDEBUG[0m [2methereum_transaction_pool_monitor::eth_client[0m[2m:[0m 📨 Received pending transaction: 0x9069075cacfe8634d91ef0fb78afce429032ed15ee13acae7c67e06522f0217b
[2m2025-12-10T10:19:13.017301Z[0m [34mDEBUG[0m [2methereum_transaction_pool_monitor::eth_client[0m[2m:[0m 📨 Received WebSocket message: {"jsonrpc":"2.0","method":"eth_subscription","params":{"subscription":"0xbed0a0851463e895960a451075a301a9","result":"0xba06a9c9fe295a068682604baad8de1d2df4e40c6fa98c02403a2b7ef76d13ab"}}
[2m2025-12-10T10:19:13.017305Z[0m [34mDEBUG[0m [2methereum_transaction_pool_monitor::eth_client[0m[2m:[0m 📨 Received pending transaction: 0xba06a9c9fe295a068682604baad8de1d2df4e40c6fa98c02403a2b7ef76d13ab
[2m2025-12-10T10:19:13.017309Z[0m [34mDEBUG[0m [2methereum_transaction_pool_monitor::eth_client[0m[2m:[0m 📨 Received WebSocket message: {"jsonrpc":"2.0","method":"eth_subscription","params":{"subscription":"0xbed0a0851463e895960a451075a301a9","result":"0x657b12ad77c58a65b80e89add25b2787328a40e562172a587a78359acb1f0128"}}
[2m2025-12-10T10:19:13.017314Z[0m [34mDEBUG[0m [2methereum_transaction_pool_monitor::eth_client[0m[2m:[0m 📨 Received pending transaction: 0x657b12ad77c58a65b80e89add25b2787328a40e562172a587a78359acb1f0128
[2m2025-12-10T10:19:13.017318Z[0m [34mDEBUG[0m [2methereum_transaction_pool_monitor::eth_client[0m[2m:[0m 📨 Received WebSocket message: {"jsonrpc":"2.0","method":"eth_subscription","params":{"subscription":"0xbed0a0851463e895960a451075a301a9","result":"0x7c22d529bae293d0bbc18def1a13d28b6ec59c01ef0fad712070c9b79977edc3"}}
[2m2025-12-10T10:19:13.017323Z[0m [34mDEBUG[0m [2methereum_transaction_pool_monitor::eth_client[0m[2m:[0m 📨 Received pending transaction: 0x7c22d529bae293d0bbc18def1a13d28b6ec59c01ef0fad712070c9b79977edc3
[2m2025-12-10T10:19:13.017326Z[0m [34mDEBUG[0m [2methereum_transaction_pool_monitor::eth_client[0m[2m:[0m 📨 Received WebSocket message: {"jsonrpc":"2.0","method":"eth_subscription","params":{"subscription":"0xbed0a0851463e895960a451075a301a9","result":"0xf13f1d728901f08709ad9b4b09b72e358903fd9a90331631adb1f4ebbb441bdf"}}
[2m2025-12-10T10:19:13.017331Z[0m [34mDEBUG[0m [2methereum_transaction_pool_monitor::eth_client[0m[2m:[0m 📨 Received pending transaction: 0xf13f1d728901f08709ad9b4b09b72e358903fd9a90331631adb1f4ebbb441bdf
[2m2025-12-10T10:19:13.017335Z[0m [34mDEBUG[0m [2methereum_transaction_pool_monitor::eth_client[0m[2m:[0m 📨 Received WebSocket message: {"jsonrpc":"2.0","method":"eth_subscription","params":{"subscription":"0xbed0a0851463e895960a451075a301a9","result":"0xda4dc93e564cac4d674e6a4c8bc665d9f063553f1b973bbfa750161553c4b990"}}
[2m2025-12-10T10:19:13.017339Z[0m [34mDEBUG[0m [2methereum_transaction_pool_monitor::eth_client[0m[2m:[0m 📨 Received pending transaction: 0xda4dc93e564cac4d674e6a4c8bc665d9f063553f1b973bbfa750161553c4b990
[2m2025-12-10T10:19:13.017343Z[0m [34mDEBUG[0m [2methereum_transaction_pool_monitor::eth_client[0m[2m:[0m 📨 Received WebSocket message: {"jsonrpc":"2.0","method":"eth_subscription","params":{"subscription":"0xbed0a0851463e895960a451075a301a9","result":"0xe94fe2503e667cf2ab0f4b03a8c8082ec0999f1a4cce57da29fcfe4cbe15b1fa"}}
[2m2025-12-10T10:19:13.017348Z[0m [34mDEBUG[0m [2methereum_transaction_pool_monitor::eth_client[0m[2m:[0m 📨 Received pending transaction: 0xe94fe2503e667cf2ab0f4b03a8c8082ec0999f1a4cce57da29fcfe4cbe15b1fa
[2m2025-12-10T10:19:13.017352Z[0m [34mDEBUG[0m [2methereum_transaction_pool_monitor::eth_client[0m[2m:[0m 📨 Received WebSocket message: {"jsonrpc":"2.0","method":"eth_subscription","params":{"subscription":"0xbed0a0851463e895960a451075a301a9","result":"0x6439a058936a944c84bd50a9a58b41b4d46a0e24996d152de3dd3c045a4f3674"}}
[2m2025-12-10T10:19:13.017356Z[0m [34mDEBUG[0m [2methereum_transaction_pool_monitor::eth_client[0m[2m:[0m 📨 Received pending transaction: 0x6439a058936a944c84bd50a9a58b41b4d46a0e24996d152de3dd3c045a4f3674
[2m2025-12-10T10:19:13.017360Z[0m [34mDEBUG[0m [2methereum_transaction_pool_monitor::eth_client[0m[2m:[0m 📨 Received WebSocket message: {"jsonrpc":"2.0","method":"eth_subscription","params":{"subscription":"0xbed0a0851463e895960a451075a301a9","result":"0x5da71895f21540e52d3daa2bbd0d4a07c160d39dd855467cffca4f555cb9cc93"}}
[2m2025-12-10T10:19:13.017365Z[0m [34mDEBUG[0m [2methereum_transaction_pool_monitor::eth_client[0m[2m:[0m 📨 Received pending transaction: 0x5da71895f21540e52d3daa2bbd0d4a07c160d39dd855467cffca4f555cb9cc93
[2m2025-12-10T10:19:13.017369Z[0m [34mDEBUG[0m [2methereum_transaction_pool_monitor::eth_client[0m[2m:[0m 📨 Received WebSocket message: {"jsonrpc":"2.0","method":"eth_subscription","params":{"subscription":"0xbed0a0851463e895960a451075a301a9","result":"0xf30b1407ff22c7162ad0f3dcb5017ab9b5daa1535c9d03fa9f88063a5c51a872"}}
[2m2025-12-10T10:19:13.017373Z[0m [34mDEBUG[0m [2methereum_transaction_pool_monitor::eth_client[0m[2m:[0m 📨 Received pending transaction: 0xf30b1407ff22c7162ad0f3dcb5017ab9b5daa1535c9d03fa9f88063a5c51a872
[2m2025-12-10T10:19:13.017377Z[0m [34mDEBUG[0m [2methereum_transaction_pool_monitor::eth_client[0m[2m:[0m 📨 Received WebSocket message: {"jsonrpc":"2.0","method":"eth_subscription","params":{"subscription":"0xbed0a0851463e895960a451075a301a9","result":"0x47898bd7386b05d972cf0451bbbb4da83ecd81e3569585188f9de42600571958"}}
[2m2025-12-10T10:19:13.017382Z[0m [34mDEBUG[0m [2methereum_transaction_pool_monitor::eth_client[0m[2m:[0m 📨 Received pending transaction: 0x47898bd7386b05d972cf0451bbbb4da83ecd81e3569585188f9de42600571958
[2m2025-12-10T10:19:13.017389Z[0m [34mDEBUG[0m [2methereum_transaction_pool_monitor::eth_client[0m[2m:[0m 📨 Received WebSocket message: {"jsonrpc":"2.0","method":"eth_subscription","params":{"subscription":"0xbed0a0851463e895960a451075a301a9","result":"0x1ae8932514b22f254ac825badef6ab1e72067bc799ef32cd581220d098b91d3a"}}
[2m2025-12-10T10:19:13.017394Z[0m [34mDEBUG[0m [2methereum_transaction_pool_monitor::eth_client[0m[2m:[0m 📨 Received pending transaction: 0x1ae8932514b22f254ac825badef6ab1e72067bc799ef32cd581220d098b91d3a
[2m2025-12-10T10:19:13.017398Z[0m [34mDEBUG[0m [2methereum_transaction_pool_monitor::eth_client[0m[2m:[0m 📨 Received WebSocket message: {"jsonrpc":"2.0","method":"eth_subscription","params":{"subscription":"0xbed0a0851463e895960a451075a301a9","result":"0x86c2616627d255b81b77a5593d7fdc85753164c6e12b4e136332d9fda77c569a"}}
[2m2025-12-10T10:19:13.017403Z[0m [34mDEBUG[0m [2methereum_transaction_pool_monitor::eth_client[0m[2m:[0m 📨 Received pending transaction: 0x86c2616627d255b81b77a5593d7fdc85753164c6e12b4e136332d9fda77c569a
[2m2025-12-10T10:19:13.017407Z[0m [34mDEBUG[0m [2methereum_transaction_pool_monitor::eth_client[0m[2m:[0m 📨 Received WebSocket message: {"jsonrpc":"2.0","method":"eth_subscription","params":{"subscription":"0xbed0a0851463e895960a451075a301a9","result":"0x7bc3790a7962d6fee246e45dd7ca289680a4b518d0b753c7fc51e0e4e9e7388d"}}
[2m2025-12-10T10:19:13.017411Z[0m [34mDEBUG[0m [2methereum_transaction_pool_monitor::eth_client[0m[2m:[0m 📨 Received pending transaction: 0x7bc3790a7962d6fee246e45dd7ca289680a4b518d0b753c7fc51e0e4e9e7388d
[2m2025-12-10T10:19:13.017415Z[0m [34mDEBUG[0m [2methereum_transaction_pool_monitor::eth_client[0m[2m:[0m 📨 Received WebSocket message: {"jsonrpc":"2.0","method":"eth_subscription","params":{"subscription":"0xbed0a0851463e895960a451075a301a9","result":"0x5491f7327ea9401634b42506339503756886588af4a418af4805656cfab153cb"}}
[2m2025-12-10T10:19:13.017419Z[0m [34mDEBUG[0m [2methereum_transaction_pool_monitor::eth_client[0m[2m:[0m 📨 Received pending transaction: 0x5491f7327ea9401634b42506339503756886588af4a418af4805656cfab153cb
[2m2025-12-10T10:19:13.017424Z[0m [34mDEBUG[0m [2methereum_transaction_pool_monitor::eth_client[0m[2m:[0m 📨 Received WebSocket message: {"jsonrpc":"2.0","method":"eth_subscription","params":{"subscription":"0xbed0a0851463e895960a451075a301a9","result":"0x354ac406c37442f8e199449245324ad8b68c29717aa787530e8405e53a93b972"}}
[2m2025-12-10T10:19:13.017428Z[0m [34mDEBUG[0m [2methereum_transaction_pool_monitor::eth_client[0m[2m:[0m 📨 Received pending transaction: 0x354ac406c37442f8e199449245324ad8b68c29717aa787530e8405e53a93b972
[2m2025-12-10T10:19:13.017432Z[0m [34mDEBUG[0m [2methereum_transaction_pool_monitor::eth_client[0m[2m:[0m 📨 Received WebSocket message: {"jsonrpc":"2.0","method":"eth_subscription","params":{"subscription":"0xbed0a0851463e895960a451075a301a9","result":"0x10e0de325e6a428879649b1f6b938a4ae918c0c7cf8b2cff71e52d172cf5c677"}}
[2m2025-12-10T10:19:13.017436Z[0m [34mDEBUG[0m [2methereum_transaction_pool_monitor::eth_client[0m[2m:[0m 📨 Received pending transaction: 0x10e0de325e6a428879649b1f6b938a4ae918c0c7cf8b2cff71e52d172cf5c677
[2m2025-12-10T10:19:13.017440Z[0m [34mDEBUG[0m [2methereum_transaction_pool_monitor::eth_client[0m[2m:[0m 📨 Received WebSocket message: {"jsonrpc":"2.0","method":"eth_subscription","params":{"subscription":"0xbed0a0851463e895960a451075a301a9","result":"0x042165db434b491062ea56f49b586f8ab8302cefca3de21007c491639836be4b"}}
[2m2025-12-10T10:19:13.017445Z[0m [34mDEBUG[0m [2methereum_transaction_pool_monitor::eth_client[0m[2m:[0m 📨 Received pending transaction: 0x042165db434b491062ea56f49b586f8ab8302cefca3de21007c491639836be4b
[2m2025-12-10T10:19:13.017449Z[0m [34mDEBUG[0m [2methereum_transaction_pool_monitor::eth_client[0m[2m:[0m 📨 Received WebSocket message: {"jsonrpc":"2.0","method":"eth_subscription","params":{"subscription":"0xbed0a0851463e895960a451075a301a9","result":"0xe0cf91b34d1478d5e6ce4df78d6e01b2d6f201fcf924fde993cc83f8b46cad7e"}}
[2m2025-12-10T10:19:13.017454Z[0m [34mDEBUG[0m [2methereum_transaction_pool_monitor::eth_client[0m[2m:[0m 📨 Received pending transaction: 0xe0cf91b34d1478d5e6ce4df78d6e01b2d6f201fcf924fde993cc83f8b46cad7e
[2m2025-12-10T10:19:13.017457Z[0m [34mDEBUG[0m [2methereum_transaction_pool_monitor::eth_client[0m[2m:[0m 📨 Received WebSocket message: {"jsonrpc":"2.0","method":"eth_subscription","params":{"subscription":"0xbed0a0851463e895960a451075a301a9","result":"0xeab745513f09e3ebf3364cd79ca9ddfa0126a9161e584337ed479e1fdee3fa1b"}}
[2m2025-12-10T10:19:13.017462Z[0m [34mDEBUG[0m [2methereum_transaction_pool_monitor::eth_client[0m[2m:[0m 📨 Received pending transaction: 0xeab745513f09e3ebf3364cd79ca9ddfa0126a9161e584337ed479e1fdee3fa1b
[2m2025-12-10T10:19:13.017466Z[0m [34mDEBUG[0m [2methereum_transaction_pool_monitor::eth_client[0m[2m:[0m 📨 Received WebSocket message: {"jsonrpc":"2.0","method":"eth_subscription","params":{"subscription":"0xbed0a0851463e895960a451075a301a9","result":"0x43ae20cec48fd554c3df0f2e348cb209aa3ef7ec80c0ad179a112cb12323263f"}}
[2m2025-12-10T10:19:13.017471Z[0m [34mDEBUG[0m [2methereum_transaction_pool_monitor::eth_client[0m[2m:[0m 📨 Received pending transaction: 0x43ae20cec48fd554c3df0f2e348cb209aa3ef7ec80c0ad179a112cb12323263f
[2m2025-12-10T10:19:13.017475Z[0m [34mDEBUG[0m [2methereum_transaction_pool_monitor::eth_client[0m[2m:[0m 📨 Received WebSocket message: {"jsonrpc":"2.0","method":"eth_subscription","params":{"subscription":"0xbed0a0851463e895960a451075a301a9","result":"0x8e935a7e60a7332b289a6be9326c42522204ce1edbb2a2e6f62b02dfaf03cf15"}}
[2m2025-12-10T10:19:13.017480Z[0m [34mDEBUG[0m [2methereum_transaction_pool_monitor::eth_client[0m[2m:[0m 📨 Received pending transaction: 0x8e935a7e60a7332b289a6be9326c42522204ce1edbb2a2e6f62b02dfaf03cf15
[2m2025-12-10T10:19:13.017516Z[0m [34mDEBUG[0m [2methereum_transaction_pool_monitor::eth_client[0m[2m:[0m 📨 Received WebSocket message: {"jsonrpc":"2.0","method":"eth_subscription","params":{"subscription":"0xbed0a0851463e895960a451075a301a9","result":"0x561b9ce5f6aff45304091ddfcd244c71042bd1b107ff2562c286f284b1ee115e"}}
[2m2025-12-10T10:19:13.017520Z[0m [34mDEBUG[0m [2methereum_transaction_pool_monitor::eth_client[0m[2m:[0m 📨 Received pending transaction: 0x561b9ce5f6aff45304091ddfcd244c71042bd1b107ff2562c286f284b1ee115e
[2m2025-12-10T10:19:13.017706Z[0m [34mDEBUG[0m [2methereum_transaction_pool_monitor::eth_client[0m[2m:[0m 📨 Received WebSocket message: {"jsonrpc":"2.0","method":"eth_subscription","params":{"subscription":"0xbed0a0851463e895960a451075a301a9","result":"0x747bd733054f585574bce321c51496b28e13eefee1e88e9ae746c3793c476463"}}
[2m2025-12-10T10:19:13.018179Z[0m [34mDEBUG[0m [2methereum_transaction_pool_monitor::eth_client[0m[2m:[0m 📨 Received pending transaction: 0x747bd733054f585574bce321c51496b28e13eefee1e88e9ae746c3793c476463
[2m2025-12-10T10:19:13.018184Z[0m [34mDEBUG[0m [2methereum_transaction_pool_monitor::eth_client[0m[2m:[0m 📨 Received WebSocket message: {"jsonrpc":"2.0","method":"eth_subscription","params":{"subscription":"0xbed0a0851463e895960a451075a301a9","result":"0x927da1e957fb4cf65a20aaefc3c631dd6c6d80f64ffeec07bc6f8c3d5a31231d"}}
[2m2025-12-10T10:19:13.018191Z[0m [34mDEBUG[0m [2methereum_transaction_pool_monitor::eth_client[0m[2m:[0m 📨 Received pending transaction: 0x927da1e957fb4cf65a20aaefc3c631dd6c6d80f64ffeec07bc6f8c3d5a31231d
[2m2025-12-10T10:19:13.018195Z[0m [34mDEBUG[0m [2methereum_transaction_pool_monitor::eth_client[0m[2m:[0m 📨 Received WebSocket message: {"jsonrpc":"2.0","method":"eth_subscription","params":{"subscription":"0xbed0a0851463e895960a451075a301a9","result":"0xfe546bf215a534051f6c470e4b2bc76e3e9bd4929951bf15ff56c5144c1a4c76"}}
[2m2025-12-10T10:19:13.018200Z[0m [34mDEBUG[0m [2methereum_transaction_pool_monitor::eth_client[0m[2m:[0m 📨 Received pending transaction: 0xfe546bf215a534051f6c470e4b2bc76e3e9bd4929951bf15ff56c5144c1a4c76
[2m2025-12-10T10:19:13.018204Z[0m [34mDEBUG[0m [2methereum_transaction_pool_monitor::eth_client[0m[2m:[0m 📨 Received WebSocket message: {"jsonrpc":"2.0","method":"eth_subscription","params":{"subscription":"0xbed0a0851463e895960a451075a301a9","result":"0xaccb2d1a0d13e0dd6a8493548ce2405ac9ce0d8aa93834fdd38a63b0a562ac3c"}}
[2m2025-12-10T10:19:13.018209Z[0m [34mDEBUG[0m [2methereum_transaction_pool_monitor::eth_client[0m[2m:[0m 📨 Received pending transaction: 0xaccb2d1a0d13e0dd6a8493548ce2405ac9ce0d8aa93834fdd38a63b0a562ac3c
[2m2025-12-10T10:19:13.018214Z[0m [34mDEBUG[0m [2methereum_transaction_pool_monitor::eth_client[0m[2m:[0m 📨 Received WebSocket message: {"jsonrpc":"2.0","method":"eth_subscription","params":{"subscription":"0xbed0a0851463e895960a451075a301a9","result":"0x4fa307cab986694b10f393da7aec84ba06b3799d8c8b974aa61cd42272211893"}}
[2m2025-12-10T10:19:13.018220Z[0m [34mDEBUG[0m [2methereum_transaction_pool_monitor::eth_client[0m[2m:[0m 📨 Received pending transaction: 0x4fa307cab986694b10f393da7aec84ba06b3799d8c8b974aa61cd42272211893
[2m2025-12-10T10:19:13.018225Z[0m [34mDEBUG[0m [2methereum_transaction_pool_monitor::eth_client[0m[2m:[0m 📨 Received WebSocket message: {"jsonrpc":"2.0","method":"eth_subscription","params":{"subscription":"0xbed0a0851463e895960a451075a301a9","result":"0x3951425baf70dec6e6f7500439a50b4085d235dec50c0735f3a00b0138878f54"}}
[2m2025-12-10T10:19:13.018231Z[0m [34mDEBUG[0m [2methereum_transaction_pool_monitor::eth_client[0m[2m:[0m 📨 Received pending transaction: 0x3951425baf70dec6e6f7500439a50b4085d235dec50c0735f3a00b0138878f54
[2m2025-12-10T10:19:13.018236Z[0m [34mDEBUG[0m [2methereum_transaction_pool_monitor::eth_client[0m[2m:[0m 📨 Received WebSocket message: {"jsonrpc":"2.0","method":"eth_subscription","params":{"subscription":"0xbed0a0851463e895960a451075a301a9","result":"0xbff298050de046b41b20b95badcbe16d8a4ff5ce5253d09103bd10b20b9db094"}}
[2m2025-12-10T10:19:13.018241Z[0m [34mDEBUG[0m [2methereum_transaction_pool_monitor::eth_client[0m[2m:[0m 📨 Received pending transaction: 0xbff298050de046b41b20b95badcbe16d8a4ff5ce5253d09103bd10b20b9db094
[2m2025-12-10T10:19:13.018245Z[0m [34mDEBUG[0m [2methereum_transaction_pool_monitor::eth_client[0m[2m:[0m 📨 Received WebSocket message: {"jsonrpc":"2.0","method":"eth_subscription","params":{"subscription":"0xbed0a0851463e895960a451075a301a9","result":"0xa77161380d5e71381f899b60dd0a8141aeabaebfc09314cb7a08522092810964"}}
[2m2025-12-10T10:19:13.018250Z[0m [34mDEBUG[0m [2methereum_transaction_pool_monitor::eth_client[0m[2m:[0m 📨 Received pending transaction: 0xa77161380d5e71381f899b60dd0a8141aeabaebfc09314cb7a08522092810964
[2m2025-12-10T10:19:13.018254Z[0m [34mDEBUG[0m [2methereum_transaction_pool_monitor::eth_client[0m[2m:[0m 📨 Received WebSocket message: {"jsonrpc":"2.0","method":"eth_subscription","params":{"subscription":"0xbed0a0851463e895960a451075a301a9","result":"0xeeead88cee32577f623c5bf7c1af947448e9920783806125837616730fb4f42b"}}
[2m2025-12-10T10:19:13.018259Z[0m [34mDEBUG[0m [2methereum_transaction_pool_monitor::eth_client[0m[2m:[0m 📨 Received pending transaction: 0xeeead88cee32577f623c5bf7c1af947448e9920783806125837616730fb4f42b
[2m2025-12-10T10:19:13.018275Z[0m [34mDEBUG[0m [2methereum_transaction_pool_monitor::eth_client[0m[2m:[0m 📨 Received WebSocket message: {"jsonrpc":"2.0","method":"eth_subscription","params":{"subscription":"0xbed0a0851463e895960a451075a301a9","result":"0x86856c547cb37b942db7c13a420b66dbb7dc2d9eb8bcf5c7cfb2c8b229d32209"}}
[2m2025-12-10T10:19:13.018281Z[0m [34mDEBUG[0m [2methereum_transaction_pool_monitor::eth_client[0m[2m:[0m 📨 Received pending transaction: 0x86856c547cb37b942db7c13a420b66dbb7dc2d9eb8bcf5c7cfb2c8b229d32209
[2m2025-12-10T10:19:13.018285Z[0m [34mDEBUG[0m [2methereum_transaction_pool_monitor::eth_client[0m[2m:[0m 📨 Received WebSocket message: {"jsonrpc":"2.0","method":"eth_subscription","params":{"subscription":"0xbed0a0851463e895960a451075a301a9","result":"0xb5c7c7b27b51a40af4c511c6a26c362eb57d82ef8fc7db10da4b6ba85423998b"}}
[2m2025-12-10T10:19:13.018290Z[0m [34mDEBUG[0m [2methereum_transaction_pool_monitor::eth_client[0m[2m:[0m 📨 Received pending transaction: 0xb5c7c7b27b51a40af4c511c6a26c362eb57d82ef8fc7db10da4b6ba85423998b
[2m2025-12-10T10:19:13.018294Z[0m [34mDEBUG[0m [2methereum_transaction_pool_monitor::eth_client[0m[2m:[0m 📨 Received WebSocket message: {"jsonrpc":"2.0","method":"eth_subscription","params":{"subscription":"0xbed0a0851463e895960a451075a301a9","result":"0x91b70a36d84e520444d4d9bc9e936937b89bb266127d7a69f9159ad72b3363bf"}}
[2m2025-12-10T10:19:13.018298Z[0m [34mDEBUG[0m [2methereum_transaction_pool_monitor::eth_client[0m[2m:[0m 📨 Received pending transaction: 0x91b70a36d84e520444d4d9bc9e936937b89bb266127d7a69f9159ad72b3363bf
[2m2025-12-10T10:19:13.018302Z[0m [34mDEBUG[0m [2methereum_transaction_pool_monitor::eth_client[0m[2m:[0m 📨 Received WebSocket message: {"jsonrpc":"2.0","method":"eth_subscription","params":{"subscription":"0xbed0a0851463e895960a451075a301a9","result":"0xd04cc37f2f7d16c490d1c2c903ee579f85638fe90de107db86a6d51b45f71432"}}
[2m2025-12-10T10:19:13.018307Z[0m [34mDEBUG[0m [2methereum_transaction_pool_monitor::eth_client[0m[2m:[0m 📨 Received pending transaction: 0xd04cc37f2f7d16c490d1c2c903ee579f85638fe90de107db86a6d51b45f71432
[2m2025-12-10T10:19:13.018311Z[0m [34mDEBUG[0m [2methereum_transaction_pool_monitor::eth_client[0m[2m:[0m 📨 Received WebSocket message: {"jsonrpc":"2.0","method":"eth_subscription","params":{"subscription":"0xbed0a0851463e895960a451075a301a9","result":"0x3b7ef052401cbdcc24e4f4e4a8860f41701d28bb0a33cab370b6f4f3f58b5eeb"}}
[2m2025-12-10T10:19:13.018316Z[0m [34mDEBUG[0m [2methereum_transaction_pool_monitor::eth_client[0m[2m:[0m 📨 Received pending transaction: 0x3b7ef052401cbdcc24e4f4e4a8860f41701d28bb0a33cab370b6f4f3f58b5eeb
[2m2025-12-10T10:19:13.018320Z[0m [34mDEBUG[0m [2methereum_transaction_pool_monitor::eth_client[0m[2m:[0m 📨 Received WebSocket message: {"jsonrpc":"2.0","method":"eth_subscription","params":{"subscription":"0xbed0a0851463e895960a451075a301a9","result":"0x946883cdf47bb22a158829e55bac7a5110b65026b8b61ed90bbea24eda926510"}}
[2m2025-12-10T10:19:13.018325Z[0m [34mDEBUG[0m [2methereum_transaction_pool_monitor::eth_client[0m[2m:[0m 📨 Received pending transaction: 0x946883cdf47bb22a158829e55bac7a5110b65026b8b61ed90bbea24eda926510
[2m2025-12-10T10:19:13.018329Z[0m [34mDEBUG[0m [2methereum_transaction_pool_monitor::eth_client[0m[2m:[0m 📨 Received WebSocket message: {"jsonrpc":"2.0","method":"eth_subscription","params":{"subscription":"0xbed0a0851463e895960a451075a301a9","result":"0xec923cd8edca65015f8c721c8c031ca96eef7e3cdf71c1d524eadb706051db4b"}}
[2m2025-12-10T10:19:13.018334Z[0m [34mDEBUG[0m [2methereum_transaction_pool_monitor::eth_client[0m[2m:[0m 📨 Received pending transaction: 0xec923cd8edca65015f8c721c8c031ca96eef7e3cdf71c1d524eadb706051db4b
[2m2025-12-10T10:19:13.018339Z[0m [34mDEBUG[0m [2methereum_transaction_pool_monitor::eth_client[0m[2m:[0m 📨 Received WebSocket message: {"jsonrpc":"2.0","method":"eth_subscription","params":{"subscription":"0xbed0a0851463e895960a451075a301a9","result":"0xc69d965997ac1194e1919b1b8408ddfe84842f5003d575e275529f2dbae2e960"}}
[2m2025-12-10T10:19:13.018344Z[0m [34mDEBUG[0m [2methereum_transaction_pool_monitor::eth_client[0m[2m:[0m 📨 Received pending transaction: 0xc69d965997ac1194e1919b1b8408ddfe84842f5003d575e275529f2dbae2e960
[2m2025-12-10T10:19:13.018348Z[0m [34mDEBUG[0m [2methereum_transaction_pool_monitor::eth_client[0m[2m:[0m 📨 Received WebSocket message: {"jsonrpc":"2.0","method":"eth_subscription","params":{"subscription":"0xbed0a0851463e895960a451075a301a9","result":"0x73cb119afa442b729c3b94839c21a451d5d07e17708505ae8a188eff42d4cfef"}}
[2m2025-12-10T10:19:13.018353Z[0m [34mDEBUG[0m [2methereum_transaction_pool_monitor::eth_client[0m[2m:[0m 📨 Received pending transaction: 0x73cb119afa442b729c3b94839c21a451d5d07e17708505ae8a188eff42d4cfef
[2m2025-12-10T10:19:13.018357Z[0m [34mDEBUG[0m [2methereum_transaction_pool_monitor::eth_client[0m[2m:[0m 📨 Received WebSocket message: {"jsonrpc":"2.0","method":"eth_subscription","params":{"subscription":"0xbed0a0851463e895960a451075a301a9","result":"0x86b080fcc6e7514c638cf89720c3c7ff696bf10aaa53d426b44d1728caa6410c"}}
[2m2025-12-10T10:19:13.018361Z[0m [34mDEBUG[0m [2methereum_transaction_pool_monitor::eth_client[0m[2m:[0m 📨 Received pending transaction: 0x86b080fcc6e7514c638cf89720c3c7ff696bf10aaa53d426b44d1728caa6410c
[2m2025-12-10T10:19:13.018365Z[0m [34mDEBUG[0m [2methereum_transaction_pool_monitor::eth_client[0m[2m:[0m 📨 Received WebSocket message: {"jsonrpc":"2.0","method":"eth_subscription","params":{"subscription":"0xbed0a0851463e895960a451075a301a9","result":"0xea8ab4594794f8fe6268c92fb88f29b60b0a0afda75150bc3054c3f5c2b69703"}}
[2m2025-12-10T10:19:13.018370Z[0m [34mDEBUG[0m [2methereum_transaction_pool_monitor::eth_client[0m[2m:[0m 📨 Received pending transaction: 0xea8ab4594794f8fe6268c92fb88f29b60b0a0afda75150bc3054c3f5c2b69703
[2m2025-12-10T10:19:13.018374Z[0m [34mDEBUG[0m [2methereum_transaction_pool_monitor::eth_client[0m[2m:[0m 📨 Received WebSocket message: {"jsonrpc":"2.0","method":"eth_subscription","params":{"subscription":"0xbed0a0851463e895960a451075a301a9","result":"0x2187efaae307e54e41298044e10d6b271dcb82cd887f382d3872f888861e2828"}}
[2m2025-12-10T10:19:13.018379Z[0m [34mDEBUG[0m [2methereum_transaction_pool_monitor::eth_client[0m[2m:[0m 📨 Received pending transaction: 0x2187efaae307e54e41298044e10d6b271dcb82cd887f382d3872f888861e2828
[2m2025-12-10T10:19:13.018383Z[0m [34mDEBUG[0m [2methereum_transaction_pool_monitor::eth_client[0m[2m:[0m 📨 Received WebSocket message: {"jsonrpc":"2.0","method":"eth_subscription","params":{"subscription":"0xbed0a0851463e895960a451075a301a9","result":"0x5e6757edb8cc557e4f85e1a97cf15c4f0b8818e09df5e5c0161853453b587699"}}
[2m2025-12-10T10:19:13.018388Z[0m [34mDEBUG[0m [2methereum_transaction_pool_monitor::eth_client[0m[2m:[0m 📨 Received pending transaction: 0x5e6757edb8cc557e4f85e1a97cf15c4f0b8818e09df5e5c0161853453b587699
[2m2025-12-10T10:19:13.018391Z[0m [34mDEBUG[0m [2methereum_transaction_pool_monitor::eth_client[0m[2m:[0m 📨 Received WebSocket message: {"jsonrpc":"2.0","method":"eth_subscription","params":{"subscription":"0xbed0a0851463e895960a451075a301a9","result":"0x1c3b35ef7a0ae98749841cca4b993ee3dabda168db9fdde6080239f0c7fb3fef"}}
[2m2025-12-10T10:19:13.018396Z[0m [34mDEBUG[0m [2methereum_transaction_pool_monitor::eth_client[0m[2m:[0m 📨 Received pending transaction: 0x1c3b35ef7a0ae98749841cca4b993ee3dabda168db9fdde6080239f0c7fb3fef
[2m2025-12-10T10:19:13.018400Z[0m [34mDEBUG[0m [2methereum_transaction_pool_monitor::eth_client[0m[2m:[0m 📨 Received WebSocket message: {"jsonrpc":"2.0","method":"eth_subscription","params":{"subscription":"0xbed0a0851463e895960a451075a301a9","result":"0x9945162174d771f91c8590844ef066a0c11cb24e927eb37a27a9869b26d3d521"}}
[2m2025-12-10T10:19:13.018404Z[0m [34mDEBUG[0m [2methereum_transaction_pool_monitor::eth_client[0m[2m:[0m 📨 Received pending transaction: 0x9945162174d771f91c8590844ef066a0c11cb24e927eb37a27a9869b26d3d521
[2m2025-12-10T10:19:13.018408Z[0m [34mDEBUG[0m [2methereum_transaction_pool_monitor::eth_client[0m[2m:[0m 📨 Received WebSocket message: {"jsonrpc":"2.0","method":"eth_subscription","params":{"subscription":"0xbed0a0851463e895960a451075a301a9","result":"0xe2617c1fa6e63afbac121e466bab70f26beacc6840fa4469e941bf2370edabd8"}}
[2m2025-12-10T10:19:13.018412Z[0m [34mDEBUG[0m [2methereum_transaction_pool_monitor::eth_client[0m[2m:[0m 📨 Received pending transaction: 0xe2617c1fa6e63afbac121e466bab70f26beacc6840fa4469e941bf2370edabd8
[2m2025-12-10T10:19:13.018416Z[0m [34mDEBUG[0m [2methereum_transaction_pool_monitor::eth_client[0m[2m:[0m 📨 Received WebSocket message: {"jsonrpc":"2.0","method":"eth_subscription","params":{"subscription":"0xbed0a0851463e895960a451075a301a9","result":"0xf13a6920488ef2687b7f549cd1b016721f9572933b865de8c6c22cbb903046b3"}}
[2m2025-12-10T10:19:13.018421Z[0m [34mDEBUG[0m [2methereum_transaction_pool_monitor::eth_client[0m[2m:[0m 📨 Received pending transaction: 0xf13a6920488ef2687b7f549cd1b016721f9572933b865de8c6c22cbb903046b3
[2m2025-12-10T10:19:13.018424Z[0m [34mDEBUG[0m [2methereum_transaction_pool_monitor::eth_client[0m[2m:[0m 📨 Received WebSocket message: {"jsonrpc":"2.0","method":"eth_subscription","params":{"subscription":"0xbed0a0851463e895960a451075a301a9","result":"0xb7397629e74341b97e5f6e6f1dc53aadff27bc93bd6fe3b8ccf45a89baebb71f"}}
[2m2025-12-10T10:19:13.018429Z[0m [34mDEBUG[0m [2methereum_transaction_pool_monitor::eth_client[0m[2m:[0m 📨 Received pending transaction: 0xb7397629e74341b97e5f6e6f1dc53aadff27bc93bd6fe3b8ccf45a89baebb71f
[2m2025-12-10T10:19:13.018433Z[0m [34mDEBUG[0m [2methereum_transaction_pool_monitor::eth_client[0m[2m:[0m 📨 Received WebSocket message: {"jsonrpc":"2.0","method":"eth_subscription","params":{"subscription":"0xbed0a0851463e895960a451075a301a9","result":"0x34235aa727230014de33a755984a964d431d257e175aeb1ad102b6867d159868"}}
[2m2025-12-10T10:19:13.018437Z[0m [34mDEBUG[0m [2methereum_transaction_pool_monitor::eth_client[0m[2m:[0m 📨 Received pending transaction: 0x34235aa727230014de33a755984a964d431d257e175aeb1ad102b6867d159868
[2m2025-12-10T10:19:13.018441Z[0m [34mDEBUG[0m [2methereum_transaction_pool_monitor::eth_client[0m[2m:[0m 📨 Received WebSocket message: {"jsonrpc":"2.0","method":"eth_subscription","params":{"subscription":"0xbed0a0851463e895960a451075a301a9","result":"0x950ba3006188a8b3a5079eafeac668aad84d33ee5ee0807ddff983dc2a2757d4"}}
[2m2025-12-10T10:19:13.022712Z[0m [34mDEBUG[0m [2methereum_transaction_pool_monitor::eth_client[0m[2m:[0m 📨 Received pending transaction: 0x950ba3006188a8b3a5079eafeac668aad84d33ee5ee0807ddff983dc2a2757d4
[2m2025-12-10T10:19:13.022717Z[0m [34mDEBUG[0m [2methereum_transaction_pool_monitor::eth_client[0m[2m:[0m 📨 Received WebSocket message: {"jsonrpc":"2.0","method":"eth_subscription","params":{"subscription":"0xbed0a0851463e895960a451075a301a9","result":"0x469bc3cebe3c0c391615eb2a3148a5b19f5afd2d1515fac3a93ba61187566181"}}
[2m2025-12-10T10:19:13.022891Z[0m [34mDEBUG[0m [2methereum_transaction_pool_monitor::eth_client[0m[2m:[0m 📨 Received pending transaction: 0x469bc3cebe3c0c391615eb2a3148a5b19f5afd2d1515fac3a93ba61187566181
[2m2025-12-10T10:19:13.022898Z[0m [34mDEBUG[0m [2methereum_transaction_pool_monitor::eth_client[0m[2m:[0m 📨 Received WebSocket message: {"jsonrpc":"2.0","method":"eth_subscription","params":{"subscription":"0xbed0a0851463e895960a451075a301a9","result":"0x7d87ea52a274a297e15c8d8853a0fabebee549195ed2a2d7f829c7221d5e4589"}}
[2m2025-12-10T10:19:13.022903Z[0m [34mDEBUG[0m [2methereum_transaction_pool_monitor::eth_client[0m[2m:[0m 📨 Received pending transaction: 0x7d87ea52a274a297e15c8d8853a0fabebee549195ed2a2d7f829c7221d5e4589
[2m2025-12-10T10:19:13.022909Z[0m [34mDEBUG[0m [2methereum_transaction_pool_monitor::eth_client[0m[2m:[0m 📨 Received WebSocket message: {"jsonrpc":"2.0","method":"eth_subscription","params":{"subscription":"0xbed0a0851463e895960a451075a301a9","result":"0x3778bfbddc1aed6c48a00b73a9101066703425dd192123ba79cbb7c4bbaab6c5"}}
[2m2025-12-10T10:19:13.022913Z[0m [34mDEBUG[0m [2methereum_transaction_pool_monitor::eth_client[0m[2m:[0m 📨 Received pending transaction: 0x3778bfbddc1aed6c48a00b73a9101066703425dd192123ba79cbb7c4bbaab6c5
[2m2025-12-10T10:19:13.022917Z[0m [34mDEBUG[0m [2methereum_transaction_pool_monitor::eth_client[0m[2m:[0m 📨 Received WebSocket message: {"jsonrpc":"2.0","method":"eth_subscription","params":{"subscription":"0xbed0a0851463e895960a451075a301a9","result":"0x2e70656c1fc5765940f5ca96d6bc2e301381c42ffddc97f0ee6c9d8c79ce8eb2"}}
[2m2025-12-10T10:19:13.022922Z[0m [34mDEBUG[0m [2methereum_transaction_pool_monitor::eth_client[0m[2m:[0m 📨 Received pending transaction: 0x2e70656c1fc5765940f5ca96d6bc2e301381c42ffddc97f0ee6c9d8c79ce8eb2
[2m2025-12-10T10:19:13.022925Z[0m [34mDEBUG[0m [2methereum_transaction_pool_monitor::eth_client[0m[2m:[0m 📨 Received WebSocket message: {"jsonrpc":"2.0","method":"eth_subscription","params":{"subscription":"0xbed0a0851463e895960a451075a301a9","result":"0x1e3bc6c34da03aa71c12c61a56118b7e047bd7522cae50e75fbe7eba7a824279"}}
[2m2025-12-10T10:19:13.022930Z[0m [34mDEBUG[0m [2methereum_transaction_pool_monitor::eth_client[0m[2m:[0m 📨 Received pending transaction: 0x1e3bc6c34da03aa71c12c61a56118b7e047bd7522cae50e75fbe7eba7a824279
[2m2025-12-10T10:19:13.022933Z[0m [34mDEBUG[0m [2methereum_transaction_pool_monitor::eth_client[0m[2m:[0m 📨 Received WebSocket message: {"jsonrpc":"2.0","method":"eth_subscription","params":{"subscription":"0xbed0a0851463e895960a451075a301a9","result":"0x488f7d4f4f05657da8503c1f65751f8dc7f428455ce4deb3d964b6da5451d34c"}}
[2m2025-12-10T10:19:13.022938Z[0m [34mDEBUG[0m [2methereum_transaction_pool_monitor::eth_client[0m[2m:[0m 📨 Received pending transaction: 0x488f7d4f4f05657da8503c1f65751f8dc7f428455ce4deb3d964b6da5451d34c
[2m2025-12-10T10:19:13.022941Z[0m [34mDEBUG[0m [2methereum_transaction_pool_monitor::eth_client[0m[2m:[0m 📨 Received WebSocket message: {"jsonrpc":"2.0","method":"eth_subscription","params":{"subscription":"0xbed0a0851463e895960a451075a301a9","result":"0x24b646de872ae75d5817c2e8f098d2e7d9cc981f791370dda1ccc22b2d9ff704"}}
[2m2025-12-10T10:19:13.022946Z[0m [34mDEBUG[0m [2methereum_transaction_pool_monitor::eth_client[0m[2m:[0m 📨 Received pending transaction: 0x24b646de872ae75d5817c2e8f098d2e7d9cc981f791370dda1ccc22b2d9ff704
[2m2025-12-10T10:19:13.022949Z[0m [34mDEBUG[0m [2methereum_transaction_pool_monitor::eth_client[0m[2m:[0m 📨 Received WebSocket message: {"jsonrpc":"2.0","method":"eth_subscription","params":{"subscription":"0xbed0a0851463e895960a451075a301a9","result":"0x95418ccc73cebea7a967677ba70e3aa8bdb9d99267d573c8e7c5669b44003d5d"}}
[2m2025-12-10T10:19:13.022954Z[0m [34mDEBUG[0m [2methereum_transaction_pool_monitor::eth_client[0m[2m:[0m 📨 Received pending transaction: 0x95418ccc73cebea7a967677ba70e3aa8bdb9d99267d573c8e7c5669b44003d5d
[2m2025-12-10T10:19:13.027217Z[0m [34mDEBUG[0m [2methereum_transaction_pool_monitor::eth_client[0m[2m:[0m 📨 Received WebSocket message: {"jsonrpc":"2.0","method":"eth_subscription","params":{"subscription":"0xbed0a0851463e895960a451075a301a9","result":"0x2002a664f1674281b8695e285fe3287f53f6f4f7baba9a8b271e3ee74abee970"}}
[2m2025-12-10T10:19:13.027247Z[0m [34mDEBUG[0m [2methereum_transaction_pool_monitor::eth_client[0m[2m:[0m 📨 Received pending transaction: 0x2002a664f1674281b8695e285fe3287f53f6f4f7baba9a8b271e3ee74abee970
[2m2025-12-10T10:19:13.027276Z[0m [34mDEBUG[0m [2methereum_transaction_pool_monitor::eth_client[0m[2m:[0m 📨 Received WebSocket message: {"jsonrpc":"2.0","method":"eth_subscription","params":{"subscription":"0xbed0a0851463e895960a451075a301a9","result":"0x9f23147ae9b9b65b334680ef99e2e467f14c281b14d9036309a42b230a902ced"}}
[2m2025-12-10T10:19:13.027289Z[0m [34mDEBUG[0m [2methereum_transaction_pool_monitor::eth_client[0m[2m:[0m 📨 Received pending transaction: 0x9f23147ae9b9b65b334680ef99e2e467f14c281b14d9036309a42b230a902ced
[2m2025-12-10T10:19:13.027294Z[0m [34mDEBUG[0m [2methereum_transaction_pool_monitor::eth_client[0m[2m:[0m 📨 Received WebSocket message: {"jsonrpc":"2.0","method":"eth_subscription","params":{"subscription":"0xbed0a0851463e895960a451075a301a9","result":"0x161938fa51015d511a7a518a061cc203f19c85648870e7c3b471045473b1c59a"}}
[2m2025-12-10T10:19:13.027395Z[0m [34mDEBUG[0m [2methereum_transaction_pool_monitor::eth_client[0m[2m:[0m 📨 Received pending transaction: 0x161938fa51015d511a7a518a061cc203f19c85648870e7c3b471045473b1c59a
[2m2025-12-10T10:19:13.027405Z[0m [34mDEBUG[0m [2methereum_transaction_pool_monitor::eth_client[0m[2m:[0m 📨 Received WebSocket message: {"jsonrpc":"2.0","method":"eth_subscription","params":{"subscription":"0xbed0a0851463e895960a451075a301a9","result":"0x25728b6842e42241c114724a379a14f61300b1442fa347c8da03b2b2f7c43e82"}}
[2m2025-12-10T10:19:13.027412Z[0m [34mDEBUG[0m [2methereum_transaction_pool_monitor::eth_client[0m[2m:[0m 📨 Received pending transaction: 0x25728b6842e42241c114724a379a14f61300b1442fa347c8da03b2b2f7c43e82
[2m2025-12-10T10:19:13.027417Z[0m [34mDEBUG[0m [2methereum_transaction_pool_monitor::eth_client[0m[2m:[0m 📨 Received WebSocket message: {"jsonrpc":"2.0","method":"eth_subscription","params":{"subscription":"0xbed0a0851463e895960a451075a301a9","result":"0x5b2adfd9b4fff9e37880863102c516b7a44077edad3f2d86966982a4ea6f00fd"}}
[2m2025-12-10T10:19:13.027422Z[0m [34mDEBUG[0m [2methereum_transaction_pool_monitor::eth_client[0m[2m:[0m 📨 Received pending transaction: 0x5b2adfd9b4fff9e37880863102c516b7a44077edad3f2d86966982a4ea6f00fd
[2m2025-12-10T10:19:13.027427Z[0m [34mDEBUG[0m [2methereum_transaction_pool_monitor::eth_client[0m[2m:[0m 📨 Received WebSocket message: {"jsonrpc":"2.0","method":"eth_subscription","params":{"subscription":"0xbed0a0851463e895960a451075a301a9","result":"0x7245f5aa0f1c91aa58e4e35df9b3016fda6c611e89b7c110456d5d3526f80690"}}
[2m2025-12-10T10:19:13.027432Z[0m [34mDEBUG[0m [2methereum_transaction_pool_monitor::eth_client[0m[2m:[0m 📨 Received pending transaction: 0x7245f5aa0f1c91aa58e4e35df9b3016fda6c611e89b7c110456d5d3526f80690
[2m2025-12-10T10:19:13.027437Z[0m [34mDEBUG[0m [2methereum_transaction_pool_monitor::eth_client[0m[2m:[0m 📨 Received WebSocket message: {"jsonrpc":"2.0","method":"eth_subscription","params":{"subscription":"0xbed0a0851463e895960a451075a301a9","result":"0xc5cb732c793eae07d6744dacaa87d987969196c775f7dec611127fbb8a786767"}}
[2m2025-12-10T10:19:13.027442Z[0m [34mDEBUG[0m [2methereum_transaction_pool_monitor::eth_client[0m[2m:[0m 📨 Received pending transaction: 0xc5cb732c793eae07d6744dacaa87d987969196c775f7dec611127fbb8a786767
[2m2025-12-10T10:19:13.027447Z[0m [34mDEBUG[0m [2methereum_transaction_pool_monitor::eth_client[0m[2m:[0m 📨 Received WebSocket message: {"jsonrpc":"2.0","method":"eth_subscription","params":{"subscription":"0xbed0a0851463e895960a451075a301a9","result":"0x80b71f9ffcfc843843d3caf9f4a877fc01e1292a9976954029659ae5b26be461"}}
[2m2025-12-10T10:19:13.027517Z[0m [34mDEBUG[0m [2methereum_transaction_pool_monitor::eth_client[0m[2m:[0m 📨 Received pending transaction: 0x80b71f9ffcfc843843d3caf9f4a877fc01e1292a9976954029659ae5b26be461
[2m2025-12-10T10:19:13.027525Z[0m [34mDEBUG[0m [2methereum_transaction_pool_monitor::eth_client[0m[2m:[0m 📨 Received WebSocket message: {"jsonrpc":"2.0","method":"eth_subscription","params":{"subscription":"0xbed0a0851463e895960a451075a301a9","result":"0x5ed81ce7dd60e46ee16b68c899d3b86d9c03dff32a9f7f817020537e21a0e4f6"}}
[2m2025-12-10T10:19:13.027559Z[0m [34mDEBUG[0m [2methereum_transaction_pool_monitor::eth_client[0m[2m:[0m 📨 Received pending transaction: 0x5ed81ce7dd60e46ee16b68c899d3b86d9c03dff32a9f7f817020537e21a0e4f6
[2m2025-12-10T10:19:13.027564Z[0m [34mDEBUG[0m [2methereum_transaction_pool_monitor::eth_client[0m[2m:[0m 📨 Received WebSocket message: {"jsonrpc":"2.0","method":"eth_subscription","params":{"subscription":"0xbed0a0851463e895960a451075a301a9","result":"0x141e1c6b54f1022a8f9cd9d28394e96a92ebdf915c812b40d817e1750ce760aa"}}
[2m2025-12-10T10:19:13.027657Z[0m [34mDEBUG[0m [2methereum_transaction_pool_monitor::eth_client[0m[2m:[0m 📨 Received pending transaction: 0x141e1c6b54f1022a8f9cd9d28394e96a92ebdf915c812b40d817e1750ce760aa
[2m2025-12-10T10:19:13.027661Z[0m [34mDEBUG[0m [2methereum_transaction_pool_monitor::eth_client[0m[2m:[0m 📨 Received WebSocket message: {"jsonrpc":"2.0","method":"eth_subscription","params":{"subscription":"0xbed0a0851463e895960a451075a301a9","result":"0x4f7be43270ece07e873e4a5df72519fe92b220e470d7ccf2aaf6f3b3282b1488"}}
[2m2025-12-10T10:19:13.027666Z[0m [34mDEBUG[0m [2methereum_transaction_pool_monitor::eth_client[0m[2m:[0m 📨 Received pending transaction: 0x4f7be43270ece07e873e4a5df72519fe92b220e470d7ccf2aaf6f3b3282b1488
[2m2025-12-10T10:19:13.027670Z[0m [34mDEBUG[0m [2methereum_transaction_pool_monitor::eth_client[0m[2m:[0m 📨 Received WebSocket message: {"jsonrpc":"2.0","method":"eth_subscription","params":{"subscription":"0xbed0a0851463e895960a451075a301a9","result":"0x3cd9f866ba2719480d3619a03eec246f04908f41d6d87a6fe06c176d9006d526"}}
[2m2025-12-10T10:19:13.027676Z[0m [34mDEBUG[0m [2methereum_transaction_pool_monitor::eth_client[0m[2m:[0m 📨 Received pending transaction: 0x3cd9f866ba2719480d3619a03eec246f04908f41d6d87a6fe06c176d9006d526
[2m2025-12-10T10:19:13.027680Z[0m [34mDEBUG[0m [2methereum_transaction_pool_monitor::eth_client[0m[2m:[0m 📨 Received WebSocket message: {"jsonrpc":"2.0","method":"eth_subscription","params":{"subscription":"0xbed0a0851463e895960a451075a301a9","result":"0xf7ab32f736f8fa145ee7992791dd3ed04398cbbdd3d7e8131335210fd11e6f07"}}
[2m2025-12-10T10:19:13.027685Z[0m [34mDEBUG[0m [2methereum_transaction_pool_monitor::eth_client[0m[2m:[0m 📨 Received pending transaction: 0xf7ab32f736f8fa145ee7992791dd3ed04398cbbdd3d7e8131335210fd11e6f07
[2m2025-12-10T10:19:13.027688Z[0m [34mDEBUG[0m [2methereum_transaction_pool_monitor::eth_client[0m[2m:[0m 📨 Received WebSocket message: {"jsonrpc":"2.0","method":"eth_subscription","params":{"subscription":"0xbed0a0851463e895960a451075a301a9","result":"0xf305b542febeb949d31b440473905e2587d27dea980217e620699bdebb9e2499"}}
[2m2025-12-10T10:19:13.027693Z[0m [34mDEBUG[0m [2methereum_transaction_pool_monitor::eth_client[0m[2m:[0m 📨 Received pending transaction: 0xf305b542febeb949d31b440473905e2587d27dea980217e620699bdebb9e2499
[2m2025-12-10T10:19:13.027697Z[0m [34mDEBUG[0m [2methereum_transaction_pool_monitor::eth_client[0m[2m:[0m 📨 Received WebSocket message: {"jsonrpc":"2.0","method":"eth_subscription","params":{"subscription":"0xbed0a0851463e895960a451075a301a9","result":"0x31c9bfd71b68f1ebb04473e79122b6eccfd0216f42fd8539be3056318c2f3f9b"}}
[2m2025-12-10T10:19:13.027701Z[0m [34mDEBUG[0m [2methereum_transaction_pool_monitor::eth_client[0m[2m:[0m 📨 Received pending transaction: 0x31c9bfd71b68f1ebb04473e79122b6eccfd0216f42fd8539be3056318c2f3f9b
[2m2025-12-10T10:19:13.027714Z[0m [34mDEBUG[0m [2methereum_transaction_pool_monitor::eth_client[0m[2m:[0m 📨 Received WebSocket message: {"jsonrpc":"2.0","method":"eth_subscription","params":{"subscription":"0xbed0a0851463e895960a451075a301a9","result":"0x3a61489e881f7aa5693849e0ac887c0872e5473525b659f05b12c90414298967"}}
[2m2025-12-10T10:19:13.027720Z[0m [34mDEBUG[0m [2methereum_transaction_pool_monitor::eth_client[0m[2m:[0m 📨 Received pending transaction: 0x3a61489e881f7aa5693849e0ac887c0872e5473525b659f05b12c90414298967
[2m2025-12-10T10:19:13.027724Z[0m [34mDEBUG[0m [2methereum_transaction_pool_monitor::eth_client[0m[2m:[0m 📨 Received WebSocket message: {"jsonrpc":"2.0","method":"eth_subscription","params":{"subscription":"0xbed0a0851463e895960a451075a301a9","result":"0x269e37ecf256825a207e986d60434db827cdbd603765317ee714388da200c862"}}
[2m2025-12-10T10:19:13.027759Z[0m [34mDEBUG[0m [2methereum_transaction_pool_monitor::eth_client[0m[2m:[0m 📨 Received pending transaction: 0x269e37ecf256825a207e986d60434db827cdbd603765317ee714388da200c862
[2m2025-12-10T10:19:13.027766Z[0m [34mDEBUG[0m [2methereum_transaction_pool_monitor::eth_client[0m[2m:[0m 📨 Received WebSocket message: {"jsonrpc":"2.0","method":"eth_subscription","params":{"subscription":"0xbed0a0851463e895960a451075a301a9","result":"0x8051246f9061267ed18490a8bace1ccfd309fb0d2415ad7fd31a5a9446751cf2"}}
[2m2025-12-10T10:19:13.027770Z[0m [34mDEBUG[0m [2methereum_transaction_pool_monitor::eth_client[0m[2m:[0m 📨 Received pending transaction: 0x8051246f9061267ed18490a8bace1ccfd309fb0d2415ad7fd31a5a9446751cf2
[2m2025-12-10T10:19:13.027774Z[0m [34mDEBUG[0m [2methereum_transaction_pool_monitor::eth_client[0m[2m:[0m 📨 Received WebSocket message: {"jsonrpc":"2.0","method":"eth_subscription","params":{"subscription":"0xbed0a0851463e895960a451075a301a9","result":"0x26cf56f772c9b3b748102926d3a13f4ccc47d4862cb9cf1704b62ef749b19b06"}}
[2m2025-12-10T10:19:13.027779Z[0m [34mDEBUG[0m [2methereum_transaction_pool_monitor::eth_client[0m[2m:[0m 📨 Received pending transaction: 0x26cf56f772c9b3b748102926d3a13f4ccc47d4862cb9cf1704b62ef749b19b06
[2m2025-12-10T10:19:13.027783Z[0m [34mDEBUG[0m [2methereum_transaction_pool_monitor::eth_client[0m[2m:[0m 📨 Received WebSocket message: {"jsonrpc":"2.0","method":"eth_subscription","params":{"subscription":"0xbed0a0851463e895960a451075a301a9","result":"0x66483066b9eb4ccc48a668fe42c78702905980fc985b11af5e6f51964642642a"}}
[2m2025-12-10T10:19:13.027787Z[0m [34mDEBUG[0m [2methereum_transaction_pool_monitor::eth_client[0m[2m:[0m 📨 Received pending transaction: 0x66483066b9eb4ccc48a668fe42c78702905980fc985b11af5e6f51964642642a
[2m2025-12-10T10:19:13.027791Z[0m [34mDEBUG[0m [2methereum_transaction_pool_monitor::eth_client[0m[2m:[0m 📨 Received WebSocket message: {"jsonrpc":"2.0","method":"eth_subscription","params":{"subscription":"0xbed0a0851463e895960a451075a301a9","result":"0x3defc8c3bffc643bbaa6ec0b2d44a5118374fbb66112a9fdfc6030df5ee825a6"}}
[2m2025-12-10T10:19:13.027796Z[0m [34mDEBUG[0m [2methereum_transaction_pool_monitor::eth_client[0m[2m:[0m 📨 Received pending transaction: 0x3defc8c3bffc643bbaa6ec0b2d44a5118374fbb66112a9fdfc6030df5ee825a6
[2m2025-12-10T10:19:13.027800Z[0m [34mDEBUG[0m [2methereum_transaction_pool_monitor::eth_client[0m[2m:[0m 📨 Received WebSocket message: {"jsonrpc":"2.0","method":"eth_subscription","params":{"subscription":"0xbed0a0851463e895960a451075a301a9","result":"0x8ee31aa4720d22df8659118f2793337bc4a9b30f6f18bfb640c62d68ee9b6934"}}
[2m2025-12-10T10:19:13.027807Z[0m [34mDEBUG[0m [2methereum_transaction_pool_monitor::eth_client[0m[2m:[0m 📨 Received pending transaction: 0x8ee31aa4720d22df8659118f2793337bc4a9b30f6f18bfb640c62d68ee9b6934
[2m2025-12-10T10:19:13.027811Z[0m [34mDEBUG[0m [2methereum_transaction_pool_monitor::eth_client[0m[2m:[0m 📨 Received WebSocket message: {"jsonrpc":"2.0","method":"eth_subscription","params":{"subscription":"0xbed0a0851463e895960a451075a301a9","result":"0x4ee290049cc971cb15417cea59f559532500ea12eb92b9f098af7347adae8798"}}
[2m2025-12-10T10:19:13.028175Z[0m [34mDEBUG[0m [2methereum_transaction_pool_monitor::eth_client[0m[2m:[0m 📨 Received pending transaction: 0x4ee290049cc971cb15417cea59f559532500ea12eb92b9f098af7347adae8798
[2m2025-12-10T10:19:13.028184Z[0m [34mDEBUG[0m [2methereum_transaction_pool_monitor::eth_client[0m[2m:[0m 📨 Received WebSocket message: {"jsonrpc":"2.0","method":"eth_subscription","params":{"subscription":"0xbed0a0851463e895960a451075a301a9","result":"0xf2f0ce1dd246371ad22d5c70195a57fb8c67f807db8193cf84b7f203418a220d"}}
[2m2025-12-10T10:19:13.028189Z[0m [34mDEBUG[0m [2methereum_transaction_pool_monitor::eth_client[0m[2m:[0m 📨 Received pending transaction: 0xf2f0ce1dd246371ad22d5c70195a57fb8c67f807db8193cf84b7f203418a220d
[2m2025-12-10T10:19:13.028194Z[0m [34mDEBUG[0m [2methereum_transaction_pool_monitor::eth_client[0m[2m:[0m 📨 Received WebSocket message: {"jsonrpc":"2.0","method":"eth_subscription","params":{"subscription":"0xbed0a0851463e895960a451075a301a9","result":"0xfa344bcdd9d672665fa46be48404e67dc7080408804050ada1ad02d36031eb21"}}
[2m2025-12-10T10:19:13.028198Z[0m [34mDEBUG[0m [2methereum_transaction_pool_monitor::eth_client[0m[2m:[0m 📨 Received pending transaction: 0xfa344bcdd9d672665fa46be48404e67dc7080408804050ada1ad02d36031eb21
[2m2025-12-10T10:19:13.028203Z[0m [34mDEBUG[0m [2methereum_transaction_pool_monitor::eth_client[0m[2m:[0m 📨 Received WebSocket message: {"jsonrpc":"2.0","method":"eth_subscription","params":{"subscription":"0xbed0a0851463e895960a451075a301a9","result":"0x4176f5c05e755c8159639c95fa2ac6db3ef97f91855ac0b67dbc059693bcd726"}}
[2m2025-12-10T10:19:13.028207Z[0m [34mDEBUG[0m [2methereum_transaction_pool_monitor::eth_client[0m[2m:[0m 📨 Received pending transaction: 0x4176f5c05e755c8159639c95fa2ac6db3ef97f91855ac0b67dbc059693bcd726
[2m2025-12-10T10:19:13.028211Z[0m [34mDEBUG[0m [2methereum_transaction_pool_monitor::eth_client[0m[2m:[0m 📨 Received WebSocket message: {"jsonrpc":"2.0","method":"eth_subscription","params":{"subscription":"0xbed0a0851463e895960a451075a301a9","result":"0x66ec7123b4436b9fe4f97142192f25d4670506541965c622c381dd47fa225b8c"}}
[2m2025-12-10T10:19:13.028216Z[0m [34mDEBUG[0m [2methereum_transaction_pool_monitor::eth_client[0m[2m:[0m 📨 Received pending transaction: 0x66ec7123b4436b9fe4f97142192f25d4670506541965c622c381dd47fa225b8c
[2m2025-12-10T10:19:13.028220Z[0m [34mDEBUG[0m [2methereum_transaction_pool_monitor::eth_client[0m[2m:[0m 📨 Received WebSocket message: {"jsonrpc":"2.0","method":"eth_subscription","params":{"subscription":"0xbed0a0851463e895960a451075a301a9","result":"0x7521092e7f977c4f1fe44b393860df6151f04eb57d2ea3006441a1c4c7af72b0"}}
[2m2025-12-10T10:19:13.028225Z[0m [34mDEBUG[0m [2methereum_transaction_pool_monitor::eth_client[0m[2m:[0m 📨 Received pending transaction: 0x7521092e7f977c4f1fe44b393860df6151f04eb57d2ea3006441a1c4c7af72b0
[2m2025-12-10T10:19:13.028229Z[0m [34mDEBUG[0m [2methereum_transaction_pool_monitor::eth_client[0m[2m:[0m 📨 Received WebSocket message: {"jsonrpc":"2.0","method":"eth_subscription","params":{"subscription":"0xbed0a0851463e895960a451075a301a9","result":"0x74727f674ef7ea3c68ab11f5eb3a17ded92a29c5590ede409dc69f32973344c0"}}
[2m2025-12-10T10:19:13.028233Z[0m [34mDEBUG[0m [2methereum_transaction_pool_monitor::eth_client[0m[2m:[0m 📨 Received pending transaction: 0x74727f674ef7ea3c68ab11f5eb3a17ded92a29c5590ede409dc69f32973344c0
[2m2025-12-10T10:19:13.028237Z[0m [34mDEBUG[0m [2methereum_transaction_pool_monitor::eth_client[0m[2m:[0m 📨 Received WebSocket message: {"jsonrpc":"2.0","method":"eth_subscription","params":{"subscription":"0xbed0a0851463e895960a451075a301a9","result":"0x97884d603b96da059cabc78650142e660237c046fe86a7b8660c96400ad55503"}}
[2m2025-12-10T10:19:13.028242Z[0m [34mDEBUG[0m [2methereum_transaction_pool_monitor::eth_client[0m[2m:[0m 📨 Received pending transaction: 0x97884d603b96da059cabc78650142e660237c046fe86a7b8660c96400ad55503
[2m2025-12-10T10:19:13.028245Z[0m [34mDEBUG[0m [2methereum_transaction_pool_monitor::eth_client[0m[2m:[0m 📨 Received WebSocket message: {"jsonrpc":"2.0","method":"eth_subscription","params":{"subscription":"0xbed0a0851463e895960a451075a301a9","result":"0xe5bd138ce1682f9d60d286b67297a1c004f9bb62d6058b3c2a9275a116a1089c"}}
[2m2025-12-10T10:19:13.028256Z[0m [34mDEBUG[0m [2methereum_transaction_pool_monitor::eth_client[0m[2m:[0m 📨 Received pending transaction: 0xe5bd138ce1682f9d60d286b67297a1c004f9bb62d6058b3c2a9275a116a1089c
[2m2025-12-10T10:19:13.028260Z[0m [34mDEBUG[0m [2methereum_transaction_pool_monitor::eth_client[0m[2m:[0m 📨 Received WebSocket message: {"jsonrpc":"2.0","method":"eth_subscription","params":{"subscription":"0xbed0a0851463e895960a451075a301a9","result":"0x47a92ee1757c4857d605f2bca46be2b56e8ffc23c58a37c5ca4e70d6a1d2b3f0"}}
[2m2025-12-10T10:19:13.028288Z[0m [34mDEBUG[0m [2methereum_transaction_pool_monitor::eth_client[0m[2m:[0m 📨 Received pending transaction: 0x47a92ee1757c4857d605f2bca46be2b56e8ffc23c58a37c5ca4e70d6a1d2b3f0
[2m2025-12-10T10:19:13.028292Z[0m [34mDEBUG[0m [2methereum_transaction_pool_monitor::eth_client[0m[2m:[0m 📨 Received WebSocket message: {"jsonrpc":"2.0","method":"eth_subscription","params":{"subscription":"0xbed0a0851463e895960a451075a301a9","result":"0x41367c65f2cbd4b3a92455a4db2f3b0ce8961608834b977cc54a70e81be1ce9f"}}
[2m2025-12-10T10:19:13.028314Z[0m [34mDEBUG[0m [2methereum_transaction_pool_monitor::eth_client[0m[2m:[0m 📨 Received pending transaction: 0x41367c65f2cbd4b3a92455a4db2f3b0ce8961608834b977cc54a70e81be1ce9f
[2m2025-12-10T10:19:13.028319Z[0m [34mDEBUG[0m [2methereum_transaction_pool_monitor::eth_client[0m[2m:[0m 📨 Received WebSocket message: {"jsonrpc":"2.0","method":"eth_subscription","params":{"subscription":"0xbed0a0851463e895960a451075a301a9","result":"0x28f1a5c799608deedec42c78b3a2b54783bfa310444156c31e66fecd52742638"}}
[2m2025-12-10T10:19:13.028341Z[0m [34mDEBUG[0m [2methereum_transaction_pool_monitor::eth_client[0m[2m:[0m 📨 Received pending transaction: 0x28f1a5c799608deedec42c78b3a2b54783bfa310444156c31e66fecd52742638
[2m2025-12-10T10:19:13.028346Z[0m [34mDEBUG[0m [2methereum_transaction_pool_monitor::eth_client[0m[2m:[0m 📨 Received WebSocket message: {"jsonrpc":"2.0","method":"eth_subscription","params":{"subscription":"0xbed0a0851463e895960a451075a301a9","result":"0x78ff4deb0fd865587ff7cb72eb7aa835dc04eaf63c1321182d1e7dc1e204327b"}}
[2m2025-12-10T10:19:13.028351Z[0m [34mDEBUG[0m [2methereum_transaction_pool_monitor::eth_client[0m[2m:[0m 📨 Received pending transaction: 0x78ff4deb0fd865587ff7cb72eb7aa835dc04eaf63c1321182d1e7dc1e204327b
[2m2025-12-10T10:19:13.028355Z[0m [34mDEBUG[0m [2methereum_transaction_pool_monitor::eth_client[0m[2m:[0m 📨 Received WebSocket message: {"jsonrpc":"2.0","method":"eth_subscription","params":{"subscription":"0xbed0a0851463e895960a451075a301a9","result":"0x57ffd7db28de83633c7ebf386c81e25ebeae191080d13e89ac21a483cd1b6b85"}}
[2m2025-12-10T10:19:13.028360Z[0m [34mDEBUG[0m [2methereum_transaction_pool_monitor::eth_client[0m[2m:[0m 📨 Received pending transaction: 0x57ffd7db28de83633c7ebf386c81e25ebeae191080d13e89ac21a483cd1b6b85
[2m2025-12-10T10:19:13.028364Z[0m [34mDEBUG[0m [2methereum_transaction_pool_monitor::eth_client[0m[2m:[0m 📨 Received WebSocket message: {"jsonrpc":"2.0","method":"eth_subscription","params":{"subscription":"0xbed0a0851463e895960a451075a301a9","result":"0xfe3dc6e5315379ef998b45c14e25fce5b07ebcc08e1dc243c2e0b2a5235df254"}}
[2m2025-12-10T10:19:13.028368Z[0m [34mDEBUG[0m [2methereum_transaction_pool_monitor::eth_client[0m[2m:[0m 📨 Received pending transaction: 0xfe3dc6e5315379ef998b45c14e25fce5b07ebcc08e1dc243c2e0b2a5235df254
[2m2025-12-10T10:19:13.028375Z[0m [34mDEBUG[0m [2methereum_transaction_pool_monitor::eth_client[0m[2m:[0m 📨 Received WebSocket message: {"jsonrpc":"2.0","method":"eth_subscription","params":{"subscription":"0xbed0a0851463e895960a451075a301a9","result":"0x08b75396e09bd9a14086bcbf2185a42c31eccff85e7dd5202da77e3c9562f421"}}
[2m2025-12-10T10:19:13.028380Z[0m [34mDEBUG[0m [2methereum_transaction_pool_monitor::eth_client[0m[2m:[0m 📨 Received pending transaction: 0x08b75396e09bd9a14086bcbf2185a42c31eccff85e7dd5202da77e3c9562f421
[2m2025-12-10T10:19:13.028384Z[0m [34mDEBUG[0m [2methereum_transaction_pool_monitor::eth_client[0m[2m:[0m 📨 Received WebSocket message: {"jsonrpc":"2.0","method":"eth_subscription","params":{"subscription":"0xbed0a0851463e895960a451075a301a9","result":"0xfebc99cf965f1b52ffef19a19fc46dfd80f67e438cf2d5691404ed7e245b49a4"}}
[2m2025-12-10T10:19:13.028389Z[0m [34mDEBUG[0m [2methereum_transaction_pool_monitor::eth_client[0m[2m:[0m 📨 Received pending transaction: 0xfebc99cf965f1b52ffef19a19fc46dfd80f67e438cf2d5691404ed7e245b49a4
[2m2025-12-10T10:19:13.028393Z[0m [34mDEBUG[0m [2methereum_transaction_pool_monitor::eth_client[0m[2m:[0m 📨 Received WebSocket message: {"jsonrpc":"2.0","method":"eth_subscription","params":{"subscription":"0xbed0a0851463e895960a451075a301a9","result":"0xe57a0a1a6f3bfbbaca0e7477329753477b69f6a8efa67783a6c793295248f368"}}
[2m2025-12-10T10:19:13.028399Z[0m [34mDEBUG[0m [2methereum_transaction_pool_monitor::eth_client[0m[2m:[0m 📨 Received pending transaction: 0xe57a0a1a6f3bfbbaca0e7477329753477b69f6a8efa67783a6c793295248f368
[2m2025-12-10T10:19:13.028403Z[0m [34mDEBUG[0m [2methereum_transaction_pool_monitor::eth_client[0m[2m:[0m 📨 Received WebSocket message: {"jsonrpc":"2.0","method":"eth_subscription","params":{"subscription":"0xbed0a0851463e895960a451075a301a9","result":"0xf305b542febeb949d31b440473905e2587d27dea980217e620699bdebb9e2499"}}
[2m2025-12-10T10:19:13.028408Z[0m [34mDEBUG[0m [2methereum_transaction_pool_monitor::eth_client[0m[2m:[0m 📨 Received pending transaction: 0xf305b542febeb949d31b440473905e2587d27dea980217e620699bdebb9e2499
[2m2025-12-10T10:19:13.028412Z[0m [34mDEBUG[0m [2methereum_transaction_pool_monitor::eth_client[0m[2m:[0m 📨 Received WebSocket message: {"jsonrpc":"2.0","method":"eth_subscription","params":{"subscription":"0xbed0a0851463e895960a451075a301a9","result":"0x31c9bfd71b68f1ebb04473e79122b6eccfd0216f42fd8539be3056318c2f3f9b"}}
[2m2025-12-10T10:19:13.028416Z[0m [34mDEBUG[0m [2methereum_transaction_pool_monitor::eth_client[0m[2m:[0m 📨 Received pending transaction: 0x31c9bfd71b68f1ebb04473e79122b6eccfd0216f42fd8539be3056318c2f3f9b
[2m2025-12-10T10:19:13.028420Z[0m [34mDEBUG[0m [2methereum_transaction_pool_monitor::eth_client[0m[2m:[0m 📨 Received WebSocket message: {"jsonrpc":"2.0","method":"eth_subscription","params":{"subscription":"0xbed0a0851463e895960a451075a301a9","result":"0x3a61489e881f7aa5693849e0ac887c0872e5473525b659f05b12c90414298967"}}
[2m2025-12-10T10:19:13.028425Z[0m [34mDEBUG[0m [2methereum_transaction_pool_monitor::eth_client[0m[2m:[0m 📨 Received pending transaction: 0x3a61489e881f7aa5693849e0ac887c0872e5473525b659f05b12c90414298967
[2m2025-12-10T10:19:13.028429Z[0m [34mDEBUG[0m [2methereum_transaction_pool_monitor::eth_client[0m[2m:[0m 📨 Received WebSocket message: {"jsonrpc":"2.0","method":"eth_subscription","params":{"subscription":"0xbed0a0851463e895960a451075a301a9","result":"0xb4dfdf9c17ad3638ce1ecd15ead054f6583c31e78246102bc1db145ddd96a598"}}
[2m2025-12-10T10:19:13.028433Z[0m [34mDEBUG[0m [2methereum_transaction_pool_monitor::eth_client[0m[2m:[0m 📨 Received pending transaction: 0xb4dfdf9c17ad3638ce1ecd15ead054f6583c31e78246102bc1db145ddd96a598
[2m2025-12-10T10:19:13.028437Z[0m [34mDEBUG[0m [2methereum_transaction_pool_monitor::eth_client[0m[2m:[0m 📨 Received WebSocket message: {"jsonrpc":"2.0","method":"eth_subscription","params":{"subscription":"0xbed0a0851463e895960a451075a301a9","result":"0x5cb860056fb190337ebda07f7821aa41c0e89cb9b682359eb61a7d4c8d46f53a"}}
[2m2025-12-10T10:19:13.028442Z[0m [34mDEBUG[0m [2methereum_transaction_pool_monitor::eth_client[0m[2m:[0m 📨 Received pending transaction: 0x5cb860056fb190337ebda07f7821aa41c0e89cb9b682359eb61a7d4c8d46f53a
[2m2025-12-10T10:19:13.028446Z[0m [34mDEBUG[0m [2methereum_transaction_pool_monitor::eth_client[0m[2m:[0m 📨 Received WebSocket message: {"jsonrpc":"2.0","method":"eth_subscription","params":{"subscription":"0xbed0a0851463e895960a451075a301a9","result":"0xf437b9346397f921bcda1bee7154fb32c91c2af8579dc2d2dc3b11d8667acc1f"}}
[2m2025-12-10T10:19:13.028450Z[0m [34mDEBUG[0m [2methereum_transaction_pool_monitor::eth_client[0m[2m:[0m 📨 Received pending transaction: 0xf437b9346397f921bcda1bee7154fb32c91c2af8579dc2d2dc3b11d8667acc1f
[2m2025-12-10T10:19:13.028454Z[0m [34mDEBUG[0m [2methereum_transaction_pool_monitor::eth_client[0m[2m:[0m 📨 Received WebSocket message: {"jsonrpc":"2.0","method":"eth_subscription","params":{"subscription":"0xbed0a0851463e895960a451075a301a9","result":"0xdc52131a1031e4f98503b7c9ae9b360754c0e0c8352f1ec437b2d0152a579c47"}}
[2m2025-12-10T10:19:13.028458Z[0m [34mDEBUG[0m [2methereum_transaction_pool_monitor::eth_client[0m[2m:[0m 📨 Received pending transaction: 0xdc52131a1031e4f98503b7c9ae9b360754c0e0c8352f1ec437b2d0152a579c47
[2m2025-12-10T10:19:13.028462Z[0m [34mDEBUG[0m [2methereum_transaction_pool_monitor::eth_client[0m[2m:[0m 📨 Received WebSocket message: {"jsonrpc":"2.0","method":"eth_subscription","params":{"subscription":"0xbed0a0851463e895960a451075a301a9","result":"0xb948bd9cf93ce857548202bd2e52f15add047dcc076b96a2ac2d3f45a7cd58b7"}}
[2m2025-12-10T10:19:13.028467Z[0m [34mDEBUG[0m [2methereum_transaction_pool_monitor::eth_client[0m[2m:[0m 📨 Received pending transaction: 0xb948bd9cf93ce857548202bd2e52f15add047dcc076b96a2ac2d3f45a7cd58b7
[2m2025-12-10T10:19:13.028472Z[0m [34mDEBUG[0m [2methereum_transaction_pool_monitor::eth_client[0m[2m:[0m 📨 Received WebSocket message: {"jsonrpc":"2.0","method":"eth_subscription","params":{"subscription":"0xbed0a0851463e895960a451075a301a9","result":"0x0511bbd532cc367ed260feb26806627eef6dfb2456a77cf4404694568a901ce6"}}
[2m2025-12-10T10:19:13.028476Z[0m [34mDEBUG[0m [2methereum_transaction_pool_monitor::eth_client[0m[2m:[0m 📨 Received pending transaction: 0x0511bbd532cc367ed260feb26806627eef6dfb2456a77cf4404694568a901ce6
[2m2025-12-10T10:19:13.028480Z[0m [34mDEBUG[0m [2methereum_transaction_pool_monitor::eth_client[0m[2m:[0m 📨 Received WebSocket message: {"jsonrpc":"2.0","method":"eth_subscription","params":{"subscription":"0xbed0a0851463e895960a451075a301a9","result":"0x4ce73a6ba4130f3cc1979824fddd1cf82b245e69781179968aabdb38fb127996"}}
[2m2025-12-10T10:19:13.028484Z[0m [34mDEBUG[0m [2methereum_transaction_pool_monitor::eth_client[0m[2m:[0m 📨 Received pending transaction: 0x4ce73a6ba4130f3cc1979824fddd1cf82b245e69781179968aabdb38fb127996
[2m2025-12-10T10:19:13.028489Z[0m [34mDEBUG[0m [2methereum_transaction_pool_monitor::eth_client[0m[2m:[0m 📨 Received WebSocket message: {"jsonrpc":"2.0","method":"eth_subscription","params":{"subscription":"0xbed0a0851463e895960a451075a301a9","result":"0x9787b39822114fd59f3295f0d59f017148d62278d791934fb5be7ff5882b1413"}}
[2m2025-12-10T10:19:13.028493Z[0m [34mDEBUG[0m [2methereum_transaction_pool_monitor::eth_client[0m[2m:[0m 📨 Received pending transaction: 0x9787b39822114fd59f3295f0d59f017148d62278d791934fb5be7ff5882b1413
[2m2025-12-10T10:19:13.028497Z[0m [34mDEBUG[0m [2methereum_transaction_pool_monitor::eth_client[0m[2m:[0m 📨 Received WebSocket message: {"jsonrpc":"2.0","method":"eth_subscription","params":{"subscription":"0xbed0a0851463e895960a451075a301a9","result":"0x6dffe0f871996e5d829342c753ac669b63a6bc5608da386336f0c82df3423693"}}
[2m2025-12-10T10:19:13.029079Z[0m [34mDEBUG[0m [2methereum_transaction_pool_monitor::eth_client[0m[2m:[0m 📨 Received pending transaction: 0x6dffe0f871996e5d829342c753ac669b63a6bc5608da386336f0c82df3423693
[2m2025-12-10T10:19:13.029234Z[0m [34mDEBUG[0m [2methereum_transaction_pool_monitor::eth_client[0m[2m:[0m 📨 Received WebSocket message: {"jsonrpc":"2.0","method":"eth_subscription","params":{"subscription":"0xbed0a0851463e895960a451075a301a9","result":"0x56fcb39b466d922c57a560e290f8b613f3ee250b2cac397f02dddc42b6d39957"}}
[2m2025-12-10T10:19:13.029262Z[0m [34mDEBUG[0m [2methereum_transaction_pool_monitor::eth_client[0m[2m:[0m 📨 Received pending transaction: 0x56fcb39b466d922c57a560e290f8b613f3ee250b2cac397f02dddc42b6d39957
[2m2025-12-10T10:19:13.029267Z[0m [34mDEBUG[0m [2methereum_transaction_pool_monitor::eth_client[0m[2m:[0m 📨 Received WebSocket message: {"jsonrpc":"2.0","method":"eth_subscription","params":{"subscription":"0xbed0a0851463e895960a451075a301a9","result":"0xeb3641d22d7b6cbad8da4088925db87f284fe605d15b32ef012a348f775f2fc9"}}
[2m2025-12-10T10:19:13.029272Z[0m [34mDEBUG[0m [2methereum_transaction_pool_monitor::eth_client[0m[2m:[0m 📨 Received pending transaction: 0xeb3641d22d7b6cbad8da4088925db87f284fe605d15b32ef012a348f775f2fc9
[2m2025-12-10T10:19:13.029276Z[0m [34mDEBUG[0m [2methereum_transaction_pool_monitor::eth_client[0m[2m:[0m 📨 Received WebSocket message: {"jsonrpc":"2.0","method":"eth_subscription","params":{"subscription":"0xbed0a0851463e895960a451075a301a9","result":"0x2d9964d2b355ce92193016c350e33cf89620cf38df71f783f087b7fef500762a"}}
[2m2025-12-10T10:19:13.029282Z[0m [34mDEBUG[0m [2methereum_transaction_pool_monitor::eth_client[0m[2m:[0m 📨 Received pending transaction: 0x2d9964d2b355ce92193016c350e33cf89620cf38df71f783f087b7fef500762a
[2m2025-12-10T10:19:13.029287Z[0m [34mDEBUG[0m [2methereum_transaction_pool_monitor::eth_client[0m[2m:[0m 📨 Received WebSocket message: {"jsonrpc":"2.0","method":"eth_subscription","params":{"subscription":"0xbed0a0851463e895960a451075a301a9","result":"0xd0c3ab77d03d679eba8b6f441d869e63a14324225263329160e6129cb779a579"}}
[2m2025-12-10T10:19:13.029293Z[0m [34mDEBUG[0m [2methereum_transaction_pool_monitor::eth_client[0m[2m:[0m 📨 Received pending transaction: 0xd0c3ab77d03d679eba8b6f441d869e63a14324225263329160e6129cb779a579
[2m2025-12-10T10:19:13.029298Z[0m [34mDEBUG[0m [2methereum_transaction_pool_monitor::eth_client[0m[2m:[0m 📨 Received WebSocket message: {"jsonrpc":"2.0","method":"eth_subscription","params":{"subscription":"0xbed0a0851463e895960a451075a301a9","result":"0xdf34156965a76785c17dbd86b323c4172c2478a490ee09cbf0529b874814b165"}}
[2m2025-12-10T10:19:13.029302Z[0m [34mDEBUG[0m [2methereum_transaction_pool_monitor::eth_client[0m[2m:[0m 📨 Received pending transaction: 0xdf34156965a76785c17dbd86b323c4172c2478a490ee09cbf0529b874814b165
[2m2025-12-10T10:19:13.029306Z[0m [34mDEBUG[0m [2methereum_transaction_pool_monitor::eth_client[0m[2m:[0m 📨 Received WebSocket message: {"jsonrpc":"2.0","method":"eth_subscription","params":{"subscription":"0xbed0a0851463e895960a451075a301a9","result":"0x3fb73d63ed41df754fd2270382df7e78d0ff77f39c357e6479bfa86b21b69a38"}}
[2m2025-12-10T10:19:13.029310Z[0m [34mDEBUG[0m [2methereum_transaction_pool_monitor::eth_client[0m[2m:[0m 📨 Received pending transaction: 0x3fb73d63ed41df754fd2270382df7e78d0ff77f39c357e6479bfa86b21b69a38
[2m2025-12-10T10:19:13.029314Z[0m [34mDEBUG[0m [2methereum_transaction_pool_monitor::eth_client[0m[2m:[0m 📨 Received WebSocket message: {"jsonrpc":"2.0","method":"eth_subscription","params":{"subscription":"0xbed0a0851463e895960a451075a301a9","result":"0x6252d2a847d1a170463ac0734206a16ffae4c24ed52dc1fb1c6f774e00fe82e5"}}
[2m2025-12-10T10:19:13.029340Z[0m [34mDEBUG[0m [2methereum_transaction_pool_monitor::eth_client[0m[2m:[0m 📨 Received pending transaction: 0x6252d2a847d1a170463ac0734206a16ffae4c24ed52dc1fb1c6f774e00fe82e5
[2m2025-12-10T10:19:13.029347Z[0m [34mDEBUG[0m [2methereum_transaction_pool_monitor::eth_client[0m[2m:[0m 📨 Received WebSocket message: {"jsonrpc":"2.0","method":"eth_subscription","params":{"subscription":"0xbed0a0851463e895960a451075a301a9","result":"0x8425fccbc2ae9a106fc90e214c3cd833ca0501774754dc107c16b3c817e828ba"}}
[2m2025-12-10T10:19:13.029352Z[0m [34mDEBUG[0m [2methereum_transaction_pool_monitor::eth_client[0m[2m:[0m 📨 Received pending transaction: 0x8425fccbc2ae9a106fc90e214c3cd833ca0501774754dc107c16b3c817e828ba
[2m2025-12-10T10:19:13.029356Z[0m [34mDEBUG[0m [2methereum_transaction_pool_monitor::eth_client[0m[2m:[0m 📨 Received WebSocket message: {"jsonrpc":"2.0","method":"eth_subscription","params":{"subscription":"0xbed0a0851463e895960a451075a301a9","result":"0xc714a68e8ce8a1c28f67c757b76b00d848bf06749ed404860724927be9624fe7"}}
[2m2025-12-10T10:19:13.029369Z[0m [34mDEBUG[0m [2methereum_transaction_pool_monitor::eth_client[0m[2m:[0m 📨 Received pending transaction: 0xc714a68e8ce8a1c28f67c757b76b00d848bf06749ed404860724927be9624fe7
[2m2025-12-10T10:19:13.029379Z[0m [34mDEBUG[0m [2methereum_transaction_pool_monitor::eth_client[0m[2m:[0m 📨 Received WebSocket message: {"jsonrpc":"2.0","method":"eth_subscription","params":{"subscription":"0xbed0a0851463e895960a451075a301a9","result":"0x340418636e4d60a12739be7de8186b8e5d92437b0f39e2115e621a2b2c571b36"}}
[2m2025-12-10T10:19:13.029385Z[0m [34mDEBUG[0m [2methereum_transaction_pool_monitor::eth_client[0m[2m:[0m 📨 Received pending transaction: 0x340418636e4d60a12739be7de8186b8e5d92437b0f39e2115e621a2b2c571b36
[2m2025-12-10T10:19:13.029389Z[0m [34mDEBUG[0m [2methereum_transaction_pool_monitor::eth_client[0m[2m:[0m 📨 Received WebSocket message: {"jsonrpc":"2.0","method":"eth_subscription","params":{"subscription":"0xbed0a0851463e895960a451075a301a9","result":"0x545d1e0f76aecfcb2152a926cd421ef7f3d82667aa9665da063696e9b979b742"}}
[2m2025-12-10T10:19:13.029394Z[0m [34mDEBUG[0m [2methereum_transaction_pool_monitor::eth_client[0m[2m:[0m 📨 Received pending transaction: 0x545d1e0f76aecfcb2152a926cd421ef7f3d82667aa9665da063696e9b979b742
[2m2025-12-10T10:19:13.029398Z[0m [34mDEBUG[0m [2methereum_transaction_pool_monitor::eth_client[0m[2m:[0m 📨 Received WebSocket message: {"jsonrpc":"2.0","method":"eth_subscription","params":{"subscription":"0xbed0a0851463e895960a451075a301a9","result":"0x7c8b9ff9f97ff73aadacf258cbfbad765971da83f8d3c9f237458e4a0411a728"}}
[2m2025-12-10T10:19:13.029402Z[0m [34mDEBUG[0m [2methereum_transaction_pool_monitor::eth_client[0m[2m:[0m 📨 Received pending transaction: 0x7c8b9ff9f97ff73aadacf258cbfbad765971da83f8d3c9f237458e4a0411a728
[2m2025-12-10T10:19:13.029413Z[0m [34mDEBUG[0m [2methereum_transaction_pool_monitor::eth_client[0m[2m:[0m 📨 Received WebSocket message: {"jsonrpc":"2.0","method":"eth_subscription","params":{"subscription":"0xbed0a0851463e895960a451075a301a9","result":"0xbedfffb855814d7572a1c0658a0c2c00406d806ac9d59cf533700325a6933616"}}
[2m2025-12-10T10:19:13.029418Z[0m [34mDEBUG[0m [2methereum_transaction_pool_monitor::eth_client[0m[2m:[0m 📨 Received pending transaction: 0xbedfffb855814d7572a1c0658a0c2c00406d806ac9d59cf533700325a6933616
[2m2025-12-10T10:19:13.029441Z[0m [34mDEBUG[0m [2methereum_transaction_pool_monitor::eth_client[0m[2m:[0m 📨 Received WebSocket message: {"jsonrpc":"2.0","method":"eth_subscription","params":{"subscription":"0xbed0a0851463e895960a451075a301a9","result":"0x300901bcefb345dfbbe3331f8edec39537407aeec1c7fe6facbe503b50de12f9"}}
[2m2025-12-10T10:19:13.029446Z[0m [34mDEBUG[0m [2methereum_transaction_pool_monitor::eth_client[0m[2m:[0m 📨 Received pending transaction: 0x300901bcefb345dfbbe3331f8edec39537407aeec1c7fe6facbe503b50de12f9
[2m2025-12-10T10:19:13.029450Z[0m [34mDEBUG[0m [2methereum_transaction_pool_monitor::eth_client[0m[2m:[0m 📨 Received WebSocket message: {"jsonrpc":"2.0","method":"eth_subscription","params":{"subscription":"0xbed0a0851463e895960a451075a301a9","result":"0x78b3353eb038531952e5075badde6f9d3ff4bf19b7036af32e90f155c383ad37"}}
[2m2025-12-10T10:19:13.029455Z[0m [34mDEBUG[0m [2methereum_transaction_pool_monitor::eth_client[0m[2m:[0m 📨 Received pending transaction: 0x78b3353eb038531952e5075badde6f9d3ff4bf19b7036af32e90f155c383ad37
[2m2025-12-10T10:19:13.029460Z[0m [34mDEBUG[0m [2methereum_transaction_pool_monitor::eth_client[0m[2m:[0m 📨 Received WebSocket message: {"jsonrpc":"2.0","method":"eth_subscription","params":{"subscription":"0xbed0a0851463e895960a451075a301a9","result":"0xbbc595dd773efbbe371cb8f6ca9b02c42aa6f91e6c233776042be16c35b588bc"}}
[2m2025-12-10T10:19:13.029465Z[0m [34mDEBUG[0m [2methereum_transaction_pool_monitor::eth_client[0m[2m:[0m 📨 Received pending transaction: 0xbbc595dd773efbbe371cb8f6ca9b02c42aa6f91e6c233776042be16c35b588bc
[2m2025-12-10T10:19:13.029469Z[0m [34mDEBUG[0m [2methereum_transaction_pool_monitor::eth_client[0m[2m:[0m 📨 Received WebSocket message: {"jsonrpc":"2.0","method":"eth_subscription","params":{"subscription":"0xbed0a0851463e895960a451075a301a9","result":"0x8089e6fa42d39da2e85037fbeaf381684271335a22dd659e05bfc2b7ea8481ad"}}
[2m2025-12-10T10:19:13.029473Z[0m [34mDEBUG[0m [2methereum_transaction_pool_monitor::eth_client[0m[2m:[0m 📨 Received pending transaction: 0x8089e6fa42d39da2e85037fbeaf381684271335a22dd659e05bfc2b7ea8481ad
[2m2025-12-10T10:19:13.029477Z[0m [34mDEBUG[0m [2methereum_transaction_pool_monitor::eth_client[0m[2m:[0m 📨 Received WebSocket message: {"jsonrpc":"2.0","method":"eth_subscription","params":{"subscription":"0xbed0a0851463e895960a451075a301a9","result":"0xfd10e3708a973d35fec16815c472269283eb8fc50676f5197aefcc05df1eeb92"}}
[2m2025-12-10T10:19:13.029506Z[0m [34mDEBUG[0m [2methereum_transaction_pool_monitor::eth_client[0m[2m:[0m 📨 Received pending transaction: 0xfd10e3708a973d35fec16815c472269283eb8fc50676f5197aefcc05df1eeb92
[2m2025-12-10T10:19:13.029511Z[0m [34mDEBUG[0m [2methereum_transaction_pool_monitor::eth_client[0m[2m:[0m 📨 Received WebSocket message: {"jsonrpc":"2.0","method":"eth_subscription","params":{"subscription":"0xbed0a0851463e895960a451075a301a9","result":"0xd9024a281ac43b18bfd8ad5dc5dfde5a0b7788e2c965efc78e6a59174f58acbc"}}
[2m2025-12-10T10:19:13.029516Z[0m [34mDEBUG[0m [2methereum_transaction_pool_monitor::eth_client[0m[2m:[0m 📨 Received pending transaction: 0xd9024a281ac43b18bfd8ad5dc5dfde5a0b7788e2c965efc78e6a59174f58acbc
[2m2025-12-10T10:19:13.029521Z[0m [34mDEBUG[0m [2methereum_transaction_pool_monitor::eth_client[0m[2m:[0m 📨 Received WebSocket message: {"jsonrpc":"2.0","method":"eth_subscription","params":{"subscription":"0xbed0a0851463e895960a451075a301a9","result":"0x2f8e7391374b8de8e3bce12dc97a758ed5d955093d3a40dbbf487c75d2991d8a"}}
[2m2025-12-10T10:19:13.029525Z[0m [34mDEBUG[0m [2methereum_transaction_pool_monitor::eth_client[0m[2m:[0m 📨 Received pending transaction: 0x2f8e7391374b8de8e3bce12dc97a758ed5d955093d3a40dbbf487c75d2991d8a
[2m2025-12-10T10:19:13.029529Z[0m [34mDEBUG[0m [2methereum_transaction_pool_monitor::eth_client[0m[2m:[0m 📨 Received WebSocket message: {"jsonrpc":"2.0","method":"eth_subscription","params":{"subscription":"0xbed0a0851463e895960a451075a301a9","result":"0xe665bd179f4f1e1e7be7969f5afa11b515016d0187ff82a4ada7370dfefb6304"}}
[2m2025-12-10T10:19:13.029534Z[0m [34mDEBUG[0m [2methereum_transaction_pool_monitor::eth_client[0m[2m:[0m 📨 Received pending transaction: 0xe665bd179f4f1e1e7be7969f5afa11b515016d0187ff82a4ada7370dfefb6304
[2m2025-12-10T10:19:13.029538Z[0m [34mDEBUG[0m [2methereum_transaction_pool_monitor::eth_client[0m[2m:[0m 📨 Received WebSocket message: {"jsonrpc":"2.0","method":"eth_subscription","params":{"subscription":"0xbed0a0851463e895960a451075a301a9","result":"0x7714f4279c4cf4ea5cab7bdee6ca7c345d5086ab197da453a6771aec7ba199b1"}}
[2m2025-12-10T10:19:13.029542Z[0m [34mDEBUG[0m [2methereum_transaction_pool_monitor::eth_client[0m[2m:[0m 📨 Received pending transaction: 0x7714f4279c4cf4ea5cab7bdee6ca7c345d5086ab197da453a6771aec7ba199b1
[2m2025-12-10T10:19:13.029546Z[0m [34mDEBUG[0m [2methereum_transaction_pool_monitor::eth_client[0m[2m:[0m 📨 Received WebSocket message: {"jsonrpc":"2.0","method":"eth_subscription","params":{"subscription":"0xbed0a0851463e895960a451075a301a9","result":"0xf4598d1e2870b225fd58b0b2d25f9e3996a731c4bee9ff535e3bf5748e217bbc"}}
[2m2025-12-10T10:19:13.029550Z[0m [34mDEBUG[0m [2methereum_transaction_pool_monitor::eth_client[0m[2m:[0m 📨 Received pending transaction: 0xf4598d1e2870b225fd58b0b2d25f9e3996a731c4bee9ff535e3bf5748e217bbc
[2m2025-12-10T10:19:13.029577Z[0m [34mDEBUG[0m [2methereum_transaction_pool_monitor::eth_client[0m[2m:[0m 📨 Received WebSocket message: {"jsonrpc":"2.0","method":"eth_subscription","params":{"subscription":"0xbed0a0851463e895960a451075a301a9","result":"0xa4f20e667386e6b14aa98ec31253046ce97f5d43b820ab5366fdf574d087a92d"}}
[2m2025-12-10T10:19:13.029584Z[0m [34mDEBUG[0m [2methereum_transaction_pool_monitor::eth_client[0m[2m:[0m 📨 Received pending transaction: 0xa4f20e667386e6b14aa98ec31253046ce97f5d43b820ab5366fdf574d087a92d
[2m2025-12-10T10:19:13.029589Z[0m [34mDEBUG[0m [2methereum_transaction_pool_monitor::eth_client[0m[2m:[0m 📨 Received WebSocket message: {"jsonrpc":"2.0","method":"eth_subscription","params":{"subscription":"0xbed0a0851463e895960a451075a301a9","result":"0xd10b83187a13ac00d65045182114304ddb4dd686b0749772a81f026276f4bcb7"}}
[2m2025-12-10T10:19:13.029593Z[0m [34mDEBUG[0m [2methereum_transaction_pool_monitor::eth_client[0m[2m:[0m 📨 Received pending transaction: 0xd10b83187a13ac00d65045182114304ddb4dd686b0749772a81f026276f4bcb7
[2m2025-12-10T10:19:13.029597Z[0m [34mDEBUG[0m [2methereum_transaction_pool_monitor::eth_client[0m[2m:[0m 📨 Received WebSocket message: {"jsonrpc":"2.0","method":"eth_subscription","params":{"subscription":"0xbed0a0851463e895960a451075a301a9","result":"0xb948bd9cf93ce857548202bd2e52f15add047dcc076b96a2ac2d3f45a7cd58b7"}}
[2m2025-12-10T10:19:13.029601Z[0m [34mDEBUG[0m [2methereum_transaction_pool_monitor::eth_client[0m[2m:[0m 📨 Received pending transaction: 0xb948bd9cf93ce857548202bd2e52f15add047dcc076b96a2ac2d3f45a7cd58b7
[2m2025-12-10T10:19:13.029607Z[0m [34mDEBUG[0m [2methereum_transaction_pool_monitor::eth_client[0m[2m:[0m 📨 Received WebSocket message: {"jsonrpc":"2.0","method":"eth_subscription","params":{"subscription":"0xbed0a0851463e895960a451075a301a9","result":"0x0511bbd532cc367ed260feb26806627eef6dfb2456a77cf4404694568a901ce6"}}
[2m2025-12-10T10:19:13.029611Z[0m [34mDEBUG[0m [2methereum_transaction_pool_monitor::eth_client[0m[2m:[0m 📨 Received pending transaction: 0x0511bbd532cc367ed260feb26806627eef6dfb2456a77cf4404694568a901ce6
[2m2025-12-10T10:19:13.029615Z[0m [34mDEBUG[0m [2methereum_transaction_pool_monitor::eth_client[0m[2m:[0m 📨 Received WebSocket message: {"jsonrpc":"2.0","method":"eth_subscription","params":{"subscription":"0xbed0a0851463e895960a451075a301a9","result":"0xc404039bd796e79a038e0cfecdf517aff09af6cd31f3e58cd845dc9227a334fe"}}
[2m2025-12-10T10:19:13.029619Z[0m [34mDEBUG[0m [2methereum_transaction_pool_monitor::eth_client[0m[2m:[0m 📨 Received pending transaction: 0xc404039bd796e79a038e0cfecdf517aff09af6cd31f3e58cd845dc9227a334fe
[2m2025-12-10T10:19:13.029624Z[0m [34mDEBUG[0m [2methereum_transaction_pool_monitor::eth_client[0m[2m:[0m 📨 Received WebSocket message: {"jsonrpc":"2.0","method":"eth_subscription","params":{"subscription":"0xbed0a0851463e895960a451075a301a9","result":"0x9890a7e9bbc7dc1056ff7ce189309cfd5a576fda8ba9e86b328f4d910bbed492"}}
[2m2025-12-10T10:19:13.029629Z[0m [34mDEBUG[0m [2methereum_transaction_pool_monitor::eth_client[0m[2m:[0m 📨 Received pending transaction: 0x9890a7e9bbc7dc1056ff7ce189309cfd5a576fda8ba9e86b328f4d910bbed492
[2m2025-12-10T10:19:13.029635Z[0m [34mDEBUG[0m [2methereum_transaction_pool_monitor::eth_client[0m[2m:[0m 📨 Received WebSocket message: {"jsonrpc":"2.0","method":"eth_subscription","params":{"subscription":"0xbed0a0851463e895960a451075a301a9","result":"0x51a97a381e19beaade2b781cde9df6f8860993bbc7a3a6722cd00d0e3b130e2d"}}
[2m2025-12-10T10:19:13.029640Z[0m [34mDEBUG[0m [2methereum_transaction_pool_monitor::eth_client[0m[2m:[0m 📨 Received pending transaction: 0x51a97a381e19beaade2b781cde9df6f8860993bbc7a3a6722cd00d0e3b130e2d
[2m2025-12-10T10:19:13.029793Z[0m [34mDEBUG[0m [2methereum_transaction_pool_monitor::eth_client[0m[2m:[0m 📨 Received WebSocket message: {"jsonrpc":"2.0","method":"eth_subscription","params":{"subscription":"0xbed0a0851463e895960a451075a301a9","result":"0x488cc3a5e875a4cc14a0552a2145358dd63873d7ee4db18725a822bd7fb2ab87"}}
[2m2025-12-10T10:19:13.029979Z[0m [34mDEBUG[0m [2methereum_transaction_pool_monitor::eth_client[0m[2m:[0m 📨 Received pending transaction: 0x488cc3a5e875a4cc14a0552a2145358dd63873d7ee4db18725a822bd7fb2ab87
[2m2025-12-10T10:19:13.029985Z[0m [34mDEBUG[0m [2methereum_transaction_pool_monitor::eth_client[0m[2m:[0m 📨 Received WebSocket message: {"jsonrpc":"2.0","method":"eth_subscription","params":{"subscription":"0xbed0a0851463e895960a451075a301a9","result":"0x23cb57cb70c0b62ae98e72e504b3fd807c2672cb35308766078dc59eac274e87"}}
[2m2025-12-10T10:19:13.030015Z[0m [34mDEBUG[0m [2methereum_transaction_pool_monitor::eth_client[0m[2m:[0m 📨 Received pending transaction: 0x23cb57cb70c0b62ae98e72e504b3fd807c2672cb35308766078dc59eac274e87
[2m2025-12-10T10:19:13.030039Z[0m [34mDEBUG[0m [2methereum_transaction_pool_monitor::eth_client[0m[2m:[0m 📨 Received WebSocket message: {"jsonrpc":"2.0","method":"eth_subscription","params":{"subscription":"0xbed0a0851463e895960a451075a301a9","result":"0xa14ae7a47f348990bf1376023cbf565177f4e43ef4bcb924143f186736cb992d"}}
[2m2025-12-10T10:19:13.030045Z[0m [34mDEBUG[0m [2methereum_transaction_pool_monitor::eth_client[0m[2m:[0m 📨 Received pending transaction: 0xa14ae7a47f348990bf1376023cbf565177f4e43ef4bcb924143f186736cb992d
[2m2025-12-10T10:19:13.030062Z[0m [34mDEBUG[0m [2methereum_transaction_pool_monitor::eth_client[0m[2m:[0m 📨 Received WebSocket message: {"jsonrpc":"2.0","method":"eth_subscription","params":{"subscription":"0xbed0a0851463e895960a451075a301a9","result":"0x2c61ba0f08a72cacf6a88ff1ab336b2b4a09b883eccd4d7bee85fcf5885875c2"}}
[2m2025-12-10T10:19:13.030067Z[0m [34mDEBUG[0m [2methereum_transaction_pool_monitor::eth_client[0m[2m:[0m 📨 Received pending transaction: 0x2c61ba0f08a72cacf6a88ff1ab336b2b4a09b883eccd4d7bee85fcf5885875c2
[2m2025-12-10T10:19:13.030074Z[0m [34mDEBUG[0m [2methereum_transaction_pool_monitor::eth_client[0m[2m:[0m 📨 Received WebSocket message: {"jsonrpc":"2.0","method":"eth_subscription","params":{"subscription":"0xbed0a0851463e895960a451075a301a9","result":"0x33edc44f361160a88353505c2faae7112f298e7d60d53cf6a31710b9a3664f19"}}
[2m2025-12-10T10:19:13.030079Z[0m [34mDEBUG[0m [2methereum_transaction_pool_monitor::eth_client[0m[2m:[0m 📨 Received pending transaction: 0x33edc44f361160a88353505c2faae7112f298e7d60d53cf6a31710b9a3664f19
[2m2025-12-10T10:19:13.030083Z[0m [34mDEBUG[0m [2methereum_transaction_pool_monitor::eth_client[0m[2m:[0m 📨 Received WebSocket message: {"jsonrpc":"2.0","method":"eth_subscription","params":{"subscription":"0xbed0a0851463e895960a451075a301a9","result":"0x3778bfbddc1aed6c48a00b73a9101066703425dd192123ba79cbb7c4bbaab6c5"}}
[2m2025-12-10T10:19:13.030087Z[0m [34mDEBUG[0m [2methereum_transaction_pool_monitor::eth_client[0m[2m:[0m 📨 Received pending transaction: 0x3778bfbddc1aed6c48a00b73a9101066703425dd192123ba79cbb7c4bbaab6c5
[2m2025-12-10T10:19:13.030091Z[0m [34mDEBUG[0m [2methereum_transaction_pool_monitor::eth_client[0m[2m:[0m 📨 Received WebSocket message: {"jsonrpc":"2.0","method":"eth_subscription","params":{"subscription":"0xbed0a0851463e895960a451075a301a9","result":"0xadc65e3b9b55bfead67f36cdbb33812595390da67cae64f5f72367a311bd7241"}}
[2m2025-12-10T10:19:13.030095Z[0m [34mDEBUG[0m [2methereum_transaction_pool_monitor::eth_client[0m[2m:[0m 📨 Received pending transaction: 0xadc65e3b9b55bfead67f36cdbb33812595390da67cae64f5f72367a311bd7241
[2m2025-12-10T10:19:13.030099Z[0m [34mDEBUG[0m [2methereum_transaction_pool_monitor::eth_client[0m[2m:[0m 📨 Received WebSocket message: {"jsonrpc":"2.0","method":"eth_subscription","params":{"subscription":"0xbed0a0851463e895960a451075a301a9","result":"0x1e3bc6c34da03aa71c12c61a56118b7e047bd7522cae50e75fbe7eba7a824279"}}
[2m2025-12-10T10:19:13.030104Z[0m [34mDEBUG[0m [2methereum_transaction_pool_monitor::eth_client[0m[2m:[0m 📨 Received pending transaction: 0x1e3bc6c34da03aa71c12c61a56118b7e047bd7522cae50e75fbe7eba7a824279
[2m2025-12-10T10:19:13.030108Z[0m [34mDEBUG[0m [2methereum_transaction_pool_monitor::eth_client[0m[2m:[0m 📨 Received WebSocket message: {"jsonrpc":"2.0","method":"eth_subscription","params":{"subscription":"0xbed0a0851463e895960a451075a301a9","result":"0x3f12d958a3c87431e246a5e96ba7c5a0ed7b6c8484b341a1475cc69f52544a2f"}}
[2m2025-12-10T10:19:13.030113Z[0m [34mDEBUG[0m [2methereum_transaction_pool_monitor::eth_client[0m[2m:[0m 📨 Received pending transaction: 0x3f12d958a3c87431e246a5e96ba7c5a0ed7b6c8484b341a1475cc69f52544a2f
[2m2025-12-10T10:19:13.030116Z[0m [34mDEBUG[0m [2methereum_transaction_pool_monitor::eth_client[0m[2m:[0m 📨 Received WebSocket message: {"jsonrpc":"2.0","method":"eth_subscription","params":{"subscription":"0xbed0a0851463e895960a451075a301a9","result":"0x9bce48d4784cae7d0a2924945062bb6540092b4fdd8db69e79f14003bee8b421"}}
[2m2025-12-10T10:19:13.030121Z[0m [34mDEBUG[0m [2methereum_transaction_pool_monitor::eth_client[0m[2m:[0m 📨 Received pending transaction: 0x9bce48d4784cae7d0a2924945062bb6540092b4fdd8db69e79f14003bee8b421
[2m2025-12-10T10:19:13.030127Z[0m [34mDEBUG[0m [2methereum_transaction_pool_monitor::eth_client[0m[2m:[0m 📨 Received WebSocket message: {"jsonrpc":"2.0","method":"eth_subscription","params":{"subscription":"0xbed0a0851463e895960a451075a301a9","result":"0x02e808c4f6465474b3b8c860c6aae103250688c56434b8508441ec5032d7c36f"}}
[2m2025-12-10T10:19:13.030132Z[0m [34mDEBUG[0m [2methereum_transaction_pool_monitor::eth_client[0m[2m:[0m 📨 Received pending transaction: 0x02e808c4f6465474b3b8c860c6aae103250688c56434b8508441ec5032d7c36f
[2m2025-12-10T10:19:13.030136Z[0m [34mDEBUG[0m [2methereum_transaction_pool_monitor::eth_client[0m[2m:[0m 📨 Received WebSocket message: {"jsonrpc":"2.0","method":"eth_subscription","params":{"subscription":"0xbed0a0851463e895960a451075a301a9","result":"0x0c2cf41c1a89701310a755152644b3903b440bb384f3cd5466490b6dce55aab6"}}
[2m2025-12-10T10:19:13.030140Z[0m [34mDEBUG[0m [2methereum_transaction_pool_monitor::eth_client[0m[2m:[0m 📨 Received pending transaction: 0x0c2cf41c1a89701310a755152644b3903b440bb384f3cd5466490b6dce55aab6
[2m2025-12-10T10:19:13.030144Z[0m [34mDEBUG[0m [2methereum_transaction_pool_monitor::eth_client[0m[2m:[0m 📨 Received WebSocket message: {"jsonrpc":"2.0","method":"eth_subscription","params":{"subscription":"0xbed0a0851463e895960a451075a301a9","result":"0x99907081de5804b7fdfbac62fe0c2461787b7acbb00ea7c716f4c8fc1e3e2119"}}
[2m2025-12-10T10:19:13.030167Z[0m [34mDEBUG[0m [2methereum_transaction_pool_monitor::eth_client[0m[2m:[0m 📨 Received pending transaction: 0x99907081de5804b7fdfbac62fe0c2461787b7acbb00ea7c716f4c8fc1e3e2119
[2m2025-12-10T10:19:13.030172Z[0m [34mDEBUG[0m [2methereum_transaction_pool_monitor::eth_client[0m[2m:[0m 📨 Received WebSocket message: {"jsonrpc":"2.0","method":"eth_subscription","params":{"subscription":"0xbed0a0851463e895960a451075a301a9","result":"0x95418ccc73cebea7a967677ba70e3aa8bdb9d99267d573c8e7c5669b44003d5d"}}
[2m2025-12-10T10:19:13.030177Z[0m [34mDEBUG[0m [2methereum_transaction_pool_monitor::eth_client[0m[2m:[0m 📨 Received pending transaction: 0x95418ccc73cebea7a967677ba70e3aa8bdb9d99267d573c8e7c5669b44003d5d
[2m2025-12-10T10:19:13.030198Z[0m [34mDEBUG[0m [2methereum_transaction_pool_monitor::eth_client[0m[2m:[0m 📨 Received WebSocket message: {"jsonrpc":"2.0","method":"eth_subscription","params":{"subscription":"0xbed0a0851463e895960a451075a301a9","result":"0x161938fa51015d511a7a518a061cc203f19c85648870e7c3b471045473b1c59a"}}
[2m2025-12-10T10:19:13.030204Z[0m [34mDEBUG[0m [2methereum_transaction_pool_monitor::eth_client[0m[2m:[0m 📨 Received pending transaction: 0x161938fa51015d511a7a518a061cc203f19c85648870e7c3b471045473b1c59a
[2m2025-12-10T10:19:13.030278Z[0m [34mDEBUG[0m [2methereum_transaction_pool_monitor::eth_client[0m[2m:[0m 📨 Received WebSocket message: {"jsonrpc":"2.0","method":"eth_subscription","params":{"subscription":"0xbed0a0851463e895960a451075a301a9","result":"0x666dc16c72547f2328288fbe10a28608257bc3b5b9bc49ef15165b6531447941"}}
[2m2025-12-10T10:19:13.030285Z[0m [34mDEBUG[0m [2methereum_transaction_pool_monitor::eth_client[0m[2m:[0m 📨 Received pending transaction: 0x666dc16c72547f2328288fbe10a28608257bc3b5b9bc49ef15165b6531447941
[2m2025-12-10T10:19:13.030333Z[0m [34mDEBUG[0m [2methereum_transaction_pool_monitor::eth_client[0m[2m:[0m 📨 Received WebSocket message: {"jsonrpc":"2.0","method":"eth_subscription","params":{"subscription":"0xbed0a0851463e895960a451075a301a9","result":"0x5ed81ce7dd60e46ee16b68c899d3b86d9c03dff32a9f7f817020537e21a0e4f6"}}
[2m2025-12-10T10:19:13.030338Z[0m [34mDEBUG[0m [2methereum_transaction_pool_monitor::eth_client[0m[2m:[0m 📨 Received pending transaction: 0x5ed81ce7dd60e46ee16b68c899d3b86d9c03dff32a9f7f817020537e21a0e4f6
[2m2025-12-10T10:19:13.030391Z[0m [34mDEBUG[0m [2methereum_transaction_pool_monitor::eth_client[0m[2m:[0m 📨 Received WebSocket message: {"jsonrpc":"2.0","method":"eth_subscription","params":{"subscription":"0xbed0a0851463e895960a451075a301a9","result":"0x141e1c6b54f1022a8f9cd9d28394e96a92ebdf915c812b40d817e1750ce760aa"}}
[2m2025-12-10T10:19:13.030396Z[0m [34mDEBUG[0m [2methereum_transaction_pool_monitor::eth_client[0m[2m:[0m 📨 Received pending transaction: 0x141e1c6b54f1022a8f9cd9d28394e96a92ebdf915c812b40d817e1750ce760aa
[2m2025-12-10T10:19:13.030418Z[0m [34mDEBUG[0m [2methereum_transaction_pool_monitor::eth_client[0m[2m:[0m 📨 Received WebSocket message: {"jsonrpc":"2.0","method":"eth_subscription","params":{"subscription":"0xbed0a0851463e895960a451075a301a9","result":"0xc968081abc9911420295f950dab64036ec5a69764aa216fc040f969ff4286bc4"}}
[2m2025-12-10T10:19:13.030428Z[0m [34mDEBUG[0m [2methereum_transaction_pool_monitor::eth_client[0m[2m:[0m 📨 Received pending transaction: 0xc968081abc9911420295f950dab64036ec5a69764aa216fc040f969ff4286bc4
[2m2025-12-10T10:19:13.030435Z[0m [34mDEBUG[0m [2methereum_transaction_pool_monitor::eth_client[0m[2m:[0m 📨 Received WebSocket message: {"jsonrpc":"2.0","method":"eth_subscription","params":{"subscription":"0xbed0a0851463e895960a451075a301a9","result":"0xd191ff47f3830f5fabc85a2c20ac561731a3dac31612534e3676589f4d903b0a"}}
[2m2025-12-10T10:19:13.030440Z[0m [34mDEBUG[0m [2methereum_transaction_pool_monitor::eth_client[0m[2m:[0m 📨 Received pending transaction: 0xd191ff47f3830f5fabc85a2c20ac561731a3dac31612534e3676589f4d903b0a
[2m2025-12-10T10:19:13.030445Z[0m [34mDEBUG[0m [2methereum_transaction_pool_monitor::eth_client[0m[2m:[0m 📨 Received WebSocket message: {"jsonrpc":"2.0","method":"eth_subscription","params":{"subscription":"0xbed0a0851463e895960a451075a301a9","result":"0x528c901df1ac2633e82285655f522f3b0dc17387ea41954de6c0738e9885ca4e"}}
[2m2025-12-10T10:19:13.030450Z[0m [34mDEBUG[0m [2methereum_transaction_pool_monitor::eth_client[0m[2m:[0m 📨 Received pending transaction: 0x528c901df1ac2633e82285655f522f3b0dc17387ea41954de6c0738e9885ca4e
[2m2025-12-10T10:19:13.030454Z[0m [34mDEBUG[0m [2methereum_transaction_pool_monitor::eth_client[0m[2m:[0m 📨 Received WebSocket message: {"jsonrpc":"2.0","method":"eth_subscription","params":{"subscription":"0xbed0a0851463e895960a451075a301a9","result":"0x24366fd6d2c3db39ff37d35abb3e17da06127d51345a60e840151a80622dc1ce"}}
[2m2025-12-10T10:19:13.030458Z[0m [34mDEBUG[0m [2methereum_transaction_pool_monitor::eth_client[0m[2m:[0m 📨 Received pending transaction: 0x24366fd6d2c3db39ff37d35abb3e17da06127d51345a60e840151a80622dc1ce
[2m2025-12-10T10:19:13.030462Z[0m [34mDEBUG[0m [2methereum_transaction_pool_monitor::eth_client[0m[2m:[0m 📨 Received WebSocket message: {"jsonrpc":"2.0","method":"eth_subscription","params":{"subscription":"0xbed0a0851463e895960a451075a301a9","result":"0xebc3da2046bdd43ef92fa1c1a6b32b33b137eee197367adaf943ea7c7a4013fd"}}
[2m2025-12-10T10:19:13.030466Z[0m [34mDEBUG[0m [2methereum_transaction_pool_monitor::eth_client[0m[2m:[0m 📨 Received pending transaction: 0xebc3da2046bdd43ef92fa1c1a6b32b33b137eee197367adaf943ea7c7a4013fd
[2m2025-12-10T10:19:13.030470Z[0m [34mDEBUG[0m [2methereum_transaction_pool_monitor::eth_client[0m[2m:[0m 📨 Received WebSocket message: {"jsonrpc":"2.0","method":"eth_subscription","params":{"subscription":"0xbed0a0851463e895960a451075a301a9","result":"0xbd00d3dbb4dc0252195693d793f8a7488cdda5d57ed6cd9dc17e63eb489327c1"}}
[2m2025-12-10T10:19:13.030475Z[0m [34mDEBUG[0m [2methereum_transaction_pool_monitor::eth_client[0m[2m:[0m 📨 Received pending transaction: 0xbd00d3dbb4dc0252195693d793f8a7488cdda5d57ed6cd9dc17e63eb489327c1
[2m2025-12-10T10:19:13.030478Z[0m [34mDEBUG[0m [2methereum_transaction_pool_monitor::eth_client[0m[2m:[0m 📨 Received WebSocket message: {"jsonrpc":"2.0","method":"eth_subscription","params":{"subscription":"0xbed0a0851463e895960a451075a301a9","result":"0xb5621cce326392e18bddac474ca533031cca764007ca669a561f3d8c4876a1f4"}}
[2m2025-12-10T10:19:13.030483Z[0m [34mDEBUG[0m [2methereum_transaction_pool_monitor::eth_client[0m[2m:[0m 📨 Received pending transaction: 0xb5621cce326392e18bddac474ca533031cca764007ca669a561f3d8c4876a1f4
[2m2025-12-10T10:19:13.030486Z[0m [34mDEBUG[0m [2methereum_transaction_pool_monitor::eth_client[0m[2m:[0m 📨 Received WebSocket message: {"jsonrpc":"2.0","method":"eth_subscription","params":{"subscription":"0xbed0a0851463e895960a451075a301a9","result":"0x7fe7f0dc07ea518d6e45e32ecace4c746b30e3ef3efa6b76565eeb2ba55414fe"}}
[2m2025-12-10T10:19:13.030490Z[0m [34mDEBUG[0m [2methereum_transaction_pool_monitor::eth_client[0m[2m:[0m 📨 Received pending transaction: 0x7fe7f0dc07ea518d6e45e32ecace4c746b30e3ef3efa6b76565eeb2ba55414fe
[2m2025-12-10T10:19:13.030494Z[0m [34mDEBUG[0m [2methereum_transaction_pool_monitor::eth_client[0m[2m:[0m 📨 Received WebSocket message: {"jsonrpc":"2.0","method":"eth_subscription","params":{"subscription":"0xbed0a0851463e895960a451075a301a9","result":"0x81d31df73923d3ed80d3577521b0bf11f2f2cc43183aa078f9c4470b7e9d0ff9"}}
[2m2025-12-10T10:19:13.030499Z[0m [34mDEBUG[0m [2methereum_transaction_pool_monitor::eth_client[0m[2m:[0m 📨 Received pending transaction: 0x81d31df73923d3ed80d3577521b0bf11f2f2cc43183aa078f9c4470b7e9d0ff9
[2m2025-12-10T10:19:13.030502Z[0m [34mDEBUG[0m [2methereum_transaction_pool_monitor::eth_client[0m[2m:[0m 📨 Received WebSocket message: {"jsonrpc":"2.0","method":"eth_subscription","params":{"subscription":"0xbed0a0851463e895960a451075a301a9","result":"0x0e0753b5c2f745155d1d02b886153252a18a16d8c893d5c9c8598c5b295302d9"}}
[2m2025-12-10T10:19:13.030507Z[0m [34mDEBUG[0m [2methereum_transaction_pool_monitor::eth_client[0m[2m:[0m 📨 Received pending transaction: 0x0e0753b5c2f745155d1d02b886153252a18a16d8c893d5c9c8598c5b295302d9
[2m2025-12-10T10:19:13.030510Z[0m [34mDEBUG[0m [2methereum_transaction_pool_monitor::eth_client[0m[2m:[0m 📨 Received WebSocket message: {"jsonrpc":"2.0","method":"eth_subscription","params":{"subscription":"0xbed0a0851463e895960a451075a301a9","result":"0x034df42551d72a227bff58db06349291279403735a356fae1147c7d585f965b9"}}
[2m2025-12-10T10:19:13.030515Z[0m [34mDEBUG[0m [2methereum_transaction_pool_monitor::eth_client[0m[2m:[0m 📨 Received pending transaction: 0x034df42551d72a227bff58db06349291279403735a356fae1147c7d585f965b9
[2m2025-12-10T10:19:13.030522Z[0m [34mDEBUG[0m [2methereum_transaction_pool_monitor::eth_client[0m[2m:[0m 📨 Received WebSocket message: {"jsonrpc":"2.0","method":"eth_subscription","params":{"subscription":"0xbed0a0851463e895960a451075a301a9","result":"0x4c7e002da7dacb98f6ab608e1737dc4cbcb76609b10c3ada850a14e7d401a754"}}
[2m2025-12-10T10:19:13.030709Z[0m [34mDEBUG[0m [2methereum_transaction_pool_monitor::eth_client[0m[2m:[0m 📨 Received pending transaction: 0x4c7e002da7dacb98f6ab608e1737dc4cbcb76609b10c3ada850a14e7d401a754
[2m2025-12-10T10:19:13.030716Z[0m [34mDEBUG[0m [2methereum_transaction_pool_monitor::eth_client[0m[2m:[0m 📨 Received WebSocket message: {"jsonrpc":"2.0","method":"eth_subscription","params":{"subscription":"0xbed0a0851463e895960a451075a301a9","result":"0x26a62e34be0c4f1ea5d6ffb9ea7375caa2acbec523791e1f4344c462ffb4e42c"}}
[2m2025-12-10T10:19:13.030721Z[0m [34mDEBUG[0m [2methereum_transaction_pool_monitor::eth_client[0m[2m:[0m 📨 Received pending transaction: 0x26a62e34be0c4f1ea5d6ffb9ea7375caa2acbec523791e1f4344c462ffb4e42c
[2m2025-12-10T10:19:13.030725Z[0m [34mDEBUG[0m [2methereum_transaction_pool_monitor::eth_client[0m[2m:[0m 📨 Received WebSocket message: {"jsonrpc":"2.0","method":"eth_subscription","params":{"subscription":"0xbed0a0851463e895960a451075a301a9","result":"0x2e70656c1fc5765940f5ca96d6bc2e301381c42ffddc97f0ee6c9d8c79ce8eb2"}}
[2m2025-12-10T10:19:13.030729Z[0m [34mDEBUG[0m [2methereum_transaction_pool_monitor::eth_client[0m[2m:[0m 📨 Received pending transaction: 0x2e70656c1fc5765940f5ca96d6bc2e301381c42ffddc97f0ee6c9d8c79ce8eb2
[2m2025-12-10T10:19:13.030733Z[0m [34mDEBUG[0m [2methereum_transaction_pool_monitor::eth_client[0m[2m:[0m 📨 Received WebSocket message: {"jsonrpc":"2.0","method":"eth_subscription","params":{"subscription":"0xbed0a0851463e895960a451075a301a9","result":"0xa69567f59b332852eaa50ad82016ac385ac488b0081838cf9045694c0696f0f1"}}
[2m2025-12-10T10:19:13.030738Z[0m [34mDEBUG[0m [2methereum_transaction_pool_monitor::eth_client[0m[2m:[0m 📨 Received pending transaction: 0xa69567f59b332852eaa50ad82016ac385ac488b0081838cf9045694c0696f0f1
[2m2025-12-10T10:19:13.030742Z[0m [34mDEBUG[0m [2methereum_transaction_pool_monitor::eth_client[0m[2m:[0m 📨 Received WebSocket message: {"jsonrpc":"2.0","method":"eth_subscription","params":{"subscription":"0xbed0a0851463e895960a451075a301a9","result":"0x920048d8f6b796dabd755557973a359df25f6c152f2f65a616e022d355c15e2c"}}
[2m2025-12-10T10:19:13.030746Z[0m [34mDEBUG[0m [2methereum_transaction_pool_monitor::eth_client[0m[2m:[0m 📨 Received pending transaction: 0x920048d8f6b796dabd755557973a359df25f6c152f2f65a616e022d355c15e2c
[2m2025-12-10T10:19:13.030750Z[0m [34mDEBUG[0m [2methereum_transaction_pool_monitor::eth_client[0m[2m:[0m 📨 Received WebSocket message: {"jsonrpc":"2.0","method":"eth_subscription","params":{"subscription":"0xbed0a0851463e895960a451075a301a9","result":"0xcac70a6dd4732f90b4b17a61234e44191a11ce08a48f207339d4ce4c9384deec"}}
[2m2025-12-10T10:19:13.030754Z[0m [34mDEBUG[0m [2methereum_transaction_pool_monitor::eth_client[0m[2m:[0m 📨 Received pending transaction: 0xcac70a6dd4732f90b4b17a61234e44191a11ce08a48f207339d4ce4c9384deec
[2m2025-12-10T10:19:13.030758Z[0m [34mDEBUG[0m [2methereum_transaction_pool_monitor::eth_client[0m[2m:[0m 📨 Received WebSocket message: {"jsonrpc":"2.0","method":"eth_subscription","params":{"subscription":"0xbed0a0851463e895960a451075a301a9","result":"0x80b71f9ffcfc843843d3caf9f4a877fc01e1292a9976954029659ae5b26be461"}}
[2m2025-12-10T10:19:13.030762Z[0m [34mDEBUG[0m [2methereum_transaction_pool_monitor::eth_client[0m[2m:[0m 📨 Received pending transaction: 0x80b71f9ffcfc843843d3caf9f4a877fc01e1292a9976954029659ae5b26be461
[2m2025-12-10T10:19:13.030826Z[0m [34mDEBUG[0m [2methereum_transaction_pool_monitor::eth_client[0m[2m:[0m 📨 Received WebSocket message: {"jsonrpc":"2.0","method":"eth_subscription","params":{"subscription":"0xbed0a0851463e895960a451075a301a9","result":"0x906a563f08002eb53395ecd392964f6f93d7a48d170d7037ca61dbde96438989"}}
[2m2025-12-10T10:19:13.030896Z[0m [34mDEBUG[0m [2methereum_transaction_pool_monitor::eth_client[0m[2m:[0m 📨 Received pending transaction: 0x906a563f08002eb53395ecd392964f6f93d7a48d170d7037ca61dbde96438989
[2m2025-12-10T10:19:13.030950Z[0m [34mDEBUG[0m [2methereum_transaction_pool_monitor::eth_client[0m[2m:[0m 📨 Received WebSocket message: {"jsonrpc":"2.0","method":"eth_subscription","params":{"subscription":"0xbed0a0851463e895960a451075a301a9","result":"0x81a4e3d91bf4107e98232990f3448aad838513cc9876a3ac68f26d708f051764"}}
[2m2025-12-10T10:19:13.030996Z[0m [34mDEBUG[0m [2methereum_transaction_pool_monitor::eth_client[0m[2m:[0m 📨 Received pending transaction: 0x81a4e3d91bf4107e98232990f3448aad838513cc9876a3ac68f26d708f051764
[2m2025-12-10T10:19:13.031009Z[0m [34mDEBUG[0m [2methereum_transaction_pool_monitor::eth_client[0m[2m:[0m 📨 Received WebSocket message: {"jsonrpc":"2.0","method":"eth_subscription","params":{"subscription":"0xbed0a0851463e895960a451075a301a9","result":"0x8bc55a2f1576ac765edb5aa1bf0b01ba44391fce9f3cfca0ed66984ee4eb3577"}}
[2m2025-12-10T10:19:13.031021Z[0m [34mDEBUG[0m [2methereum_transaction_pool_monitor::eth_client[0m[2m:[0m 📨 Received pending transaction: 0x8bc55a2f1576ac765edb5aa1bf0b01ba44391fce9f3cfca0ed66984ee4eb3577
[2m2025-12-10T10:19:13.031031Z[0m [34mDEBUG[0m [2methereum_transaction_pool_monitor::eth_client[0m[2m:[0m 📨 Received WebSocket message: {"jsonrpc":"2.0","method":"eth_subscription","params":{"subscription":"0xbed0a0851463e895960a451075a301a9","result":"0x15f0ec29330b389b391485642a5d5c9b8b6cfa1c9d975650f61945f6fd77f883"}}
[2m2025-12-10T10:19:13.031138Z[0m [34mDEBUG[0m [2methereum_transaction_pool_monitor::eth_client[0m[2m:[0m 📨 Received pending transaction: 0x15f0ec29330b389b391485642a5d5c9b8b6cfa1c9d975650f61945f6fd77f883
[2m2025-12-10T10:19:13.031144Z[0m [34mDEBUG[0m [2methereum_transaction_pool_monitor::eth_client[0m[2m:[0m 📨 Received WebSocket message: {"jsonrpc":"2.0","method":"eth_subscription","params":{"subscription":"0xbed0a0851463e895960a451075a301a9","result":"0xa85d7ba5194cd5775fc236c3cfde5c7eb01518c1d5ab73521bf3a09c9001b18a"}}
[2m2025-12-10T10:19:13.031178Z[0m [34mDEBUG[0m [2methereum_transaction_pool_monitor::eth_client[0m[2m:[0m 📨 Received pending transaction: 0xa85d7ba5194cd5775fc236c3cfde5c7eb01518c1d5ab73521bf3a09c9001b18a
[2m2025-12-10T10:19:13.031208Z[0m [34mDEBUG[0m [2methereum_transaction_pool_monitor::eth_client[0m[2m:[0m 📨 Received WebSocket message: {"jsonrpc":"2.0","method":"eth_subscription","params":{"subscription":"0xbed0a0851463e895960a451075a301a9","result":"0xba3db95279b517bf02620080c703f78400c03198e23c4d17fced1c0f53611953"}}
[2m2025-12-10T10:19:13.031238Z[0m [34mDEBUG[0m [2methereum_transaction_pool_monitor::eth_client[0m[2m:[0m 📨 Received pending transaction: 0xba3db95279b517bf02620080c703f78400c03198e23c4d17fced1c0f53611953
[2m2025-12-10T10:19:13.031273Z[0m [34mDEBUG[0m [2methereum_transaction_pool_monitor::eth_client[0m[2m:[0m 📨 Received WebSocket message: {"jsonrpc":"2.0","method":"eth_subscription","params":{"subscription":"0xbed0a0851463e895960a451075a301a9","result":"0x25e96d9784e5ce82306db3ee5f57d6dd57eefe81e57bd048280ab4dfb1cf36b3"}}
[2m2025-12-10T10:19:13.031302Z[0m [34mDEBUG[0m [2methereum_transaction_pool_monitor::eth_client[0m[2m:[0m 📨 Received pending transaction: 0x25e96d9784e5ce82306db3ee5f57d6dd57eefe81e57bd048280ab4dfb1cf36b3
[2m2025-12-10T10:19:13.031313Z[0m [34mDEBUG[0m [2methereum_transaction_pool_monitor::eth_client[0m[2m:[0m 📨 Received WebSocket message: {"jsonrpc":"2.0","method":"eth_subscription","params":{"subscription":"0xbed0a0851463e895960a451075a301a9","result":"0xbbb2c4705f8751395ce77dced9d9d79233b75e8af7df78bab7e94ccc1555f228"}}
[2m2025-12-10T10:19:13.031324Z[0m [34mDEBUG[0m [2methereum_transaction_pool_monitor::eth_client[0m[2m:[0m 📨 Received pending transaction: 0xbbb2c4705f8751395ce77dced9d9d79233b75e8af7df78bab7e94ccc1555f228
[2m2025-12-10T10:19:13.031334Z[0m [34mDEBUG[0m [2methereum_transaction_pool_monitor::eth_client[0m[2m:[0m 📨 Received WebSocket message: {"jsonrpc":"2.0","method":"eth_subscription","params":{"subscription":"0xbed0a0851463e895960a451075a301a9","result":"0xde8516fc14dee1f8c74dc6bdc0db7c97f50228c20711058888380daaee13bf98"}}
[2m2025-12-10T10:19:13.031388Z[0m [34mDEBUG[0m [2methereum_transaction_pool_monitor::eth_client[0m[2m:[0m 📨 Received pending transaction: 0xde8516fc14dee1f8c74dc6bdc0db7c97f50228c20711058888380daaee13bf98
[2m2025-12-10T10:19:13.031395Z[0m [34mDEBUG[0m [2methereum_transaction_pool_monitor::eth_client[0m[2m:[0m 📨 Received WebSocket message: {"jsonrpc":"2.0","method":"eth_subscription","params":{"subscription":"0xbed0a0851463e895960a451075a301a9","result":"0x822f7eb0e31924e280f550d6b78925e61c0777d2a38d254b744776d7b66d45d0"}}
[2m2025-12-10T10:19:13.031503Z[0m [34mDEBUG[0m [2methereum_transaction_pool_monitor::eth_client[0m[2m:[0m 📨 Received pending transaction: 0x822f7eb0e31924e280f550d6b78925e61c0777d2a38d254b744776d7b66d45d0
[2m2025-12-10T10:19:13.031531Z[0m [34mDEBUG[0m [2methereum_transaction_pool_monitor::eth_client[0m[2m:[0m 📨 Received WebSocket message: {"jsonrpc":"2.0","method":"eth_subscription","params":{"subscription":"0xbed0a0851463e895960a451075a301a9","result":"0x35d64bd575b6f8149c5d6d32583572b1bf5d6ac4f48521bb2d02f5c281335f96"}}
[2m2025-12-10T10:19:13.031537Z[0m [34mDEBUG[0m [2methereum_transaction_pool_monitor::eth_client[0m[2m:[0m 📨 Received pending transaction: 0x35d64bd575b6f8149c5d6d32583572b1bf5d6ac4f48521bb2d02f5c281335f96
[2m2025-12-10T10:19:13.031557Z[0m [34mDEBUG[0m [2methereum_transaction_pool_monitor::eth_client[0m[2m:[0m 📨 Received WebSocket message: {"jsonrpc":"2.0","method":"eth_subscription","params":{"subscription":"0xbed0a0851463e895960a451075a301a9","result":"0xba7f004b8632ab15c8704d930d0e4f59d02979e3099dd49ec7b83aa2f4212ea1"}}
[2m2025-12-10T10:19:13.031565Z[0m [34mDEBUG[0m [2methereum_transaction_pool_monitor::eth_client[0m[2m:[0m 📨 Received pending transaction: 0xba7f004b8632ab15c8704d930d0e4f59d02979e3099dd49ec7b83aa2f4212ea1
[2m2025-12-10T10:19:13.031570Z[0m [34mDEBUG[0m [2methereum_transaction_pool_monitor::eth_client[0m[2m:[0m 📨 Received WebSocket message: {"jsonrpc":"2.0","method":"eth_subscription","params":{"subscription":"0xbed0a0851463e895960a451075a301a9","result":"0x768a79d22743cf7ad3a935be6df2d4e678b61b2d9c290e1175db5ce2e7ef5225"}}
[2m2025-12-10T10:19:13.031574Z[0m [34mDEBUG[0m [2methereum_transaction_pool_monitor::eth_client[0m[2m:[0m 📨 Received pending transaction: 0x768a79d22743cf7ad3a935be6df2d4e678b61b2d9c290e1175db5ce2e7ef5225
[2m2025-12-10T10:19:13.031579Z[0m [34mDEBUG[0m [2methereum_transaction_pool_monitor::eth_client[0m[2m:[0m 📨 Received WebSocket message: {"jsonrpc":"2.0","method":"eth_subscription","params":{"subscription":"0xbed0a0851463e895960a451075a301a9","result":"0xe34fb1ae05a9bbe3dfdae5239d418d66f891954ade55eb65fa0b4f61519a000a"}}
[2m2025-12-10T10:19:13.031583Z[0m [34mDEBUG[0m [2methereum_transaction_pool_monitor::eth_client[0m[2m:[0m 📨 Received pending transaction: 0xe34fb1ae05a9bbe3dfdae5239d418d66f891954ade55eb65fa0b4f61519a000a
[2m2025-12-10T10:19:13.031601Z[0m [34mDEBUG[0m [2methereum_transaction_pool_monitor::eth_client[0m[2m:[0m 📨 Received WebSocket message: {"jsonrpc":"2.0","method":"eth_subscription","params":{"subscription":"0xbed0a0851463e895960a451075a301a9","result":"0x3a8a4a71fb6ed32e85e53d96f8f593738c17041ad1f45f0d7290c4fc4d5b231a"}}
[2m2025-12-10T10:19:13.031606Z[0m [34mDEBUG[0m [2methereum_transaction_pool_monitor::eth_client[0m[2m:[0m 📨 Received pending transaction: 0x3a8a4a71fb6ed32e85e53d96f8f593738c17041ad1f45f0d7290c4fc4d5b231a
[2m2025-12-10T10:19:13.031611Z[0m [34mDEBUG[0m [2methereum_transaction_pool_monitor::eth_client[0m[2m:[0m 📨 Received WebSocket message: {"jsonrpc":"2.0","method":"eth_subscription","params":{"subscription":"0xbed0a0851463e895960a451075a301a9","result":"0x2a94e5fe0411c107a63fb6b8bbd078a438bb6c881bd3bcae7cfbcb0c4722f9c7"}}
[2m2025-12-10T10:19:13.031620Z[0m [34mDEBUG[0m [2methereum_transaction_pool_monitor::eth_client[0m[2m:[0m 📨 Received pending transaction: 0x2a94e5fe0411c107a63fb6b8bbd078a438bb6c881bd3bcae7cfbcb0c4722f9c7
[2m2025-12-10T10:19:13.031626Z[0m [34mDEBUG[0m [2methereum_transaction_pool_monitor::eth_client[0m[2m:[0m 📨 Received WebSocket message: {"jsonrpc":"2.0","method":"eth_subscription","params":{"subscription":"0xbed0a0851463e895960a451075a301a9","result":"0xfe72c9bcee53eab17b6c1f8a92e290550eba22c359fd5292911e970d67438d52"}}
[2m2025-12-10T10:19:13.031685Z[0m [34mDEBUG[0m [2methereum_transaction_pool_monitor::eth_client[0m[2m:[0m 📨 Received pending transaction: 0xfe72c9bcee53eab17b6c1f8a92e290550eba22c359fd5292911e970d67438d52
[2m2025-12-10T10:19:13.031691Z[0m [34mDEBUG[0m [2methereum_transaction_pool_monitor::eth_client[0m[2m:[0m 📨 Received WebSocket message: {"jsonrpc":"2.0","method":"eth_subscription","params":{"subscription":"0xbed0a0851463e895960a451075a301a9","result":"0x04b511605d8c5b792f69c4587fdb58667b338ce986018e749b51fcaaa3106252"}}
[2m2025-12-10T10:19:13.031713Z[0m [34mDEBUG[0m [2methereum_transaction_pool_monitor::eth_client[0m[2m:[0m 📨 Received pending transaction: 0x04b511605d8c5b792f69c4587fdb58667b338ce986018e749b51fcaaa3106252
[2m2025-12-10T10:19:13.031717Z[0m [34mDEBUG[0m [2methereum_transaction_pool_monitor::eth_client[0m[2m:[0m 📨 Received WebSocket message: {"jsonrpc":"2.0","method":"eth_subscription","params":{"subscription":"0xbed0a0851463e895960a451075a301a9","result":"0xa5b9bb5c05c12b06b77ef97611c7dc18e5f1a6c2b3c099955e622e690ab8a7e1"}}
[2m2025-12-10T10:19:13.031742Z[0m [34mDEBUG[0m [2methereum_transaction_pool_monitor::eth_client[0m[2m:[0m 📨 Received pending transaction: 0xa5b9bb5c05c12b06b77ef97611c7dc18e5f1a6c2b3c099955e622e690ab8a7e1
[2m2025-12-10T10:19:13.031747Z[0m [34mDEBUG[0m [2methereum_transaction_pool_monitor::eth_client[0m[2m:[0m 📨 Received WebSocket message: {"jsonrpc":"2.0","method":"eth_subscription","params":{"subscription":"0xbed0a0851463e895960a451075a301a9","result":"0x2e70656c1fc5765940f5ca96d6bc2e301381c42ffddc97f0ee6c9d8c79ce8eb2"}}
[2m2025-12-10T10:19:13.031752Z[0m [34mDEBUG[0m [2methereum_transaction_pool_monitor::eth_client[0m[2m:[0m 📨 Received pending transaction: 0x2e70656c1fc5765940f5ca96d6bc2e301381c42ffddc97f0ee6c9d8c79ce8eb2
[2m2025-12-10T10:19:13.031779Z[0m [34mDEBUG[0m [2methereum_transaction_pool_monitor::eth_client[0m[2m:[0m 📨 Received WebSocket message: {"jsonrpc":"2.0","method":"eth_subscription","params":{"subscription":"0xbed0a0851463e895960a451075a301a9","result":"0xa6c08af684f01cef342f8918e5474772a4cb2558599437c475db76a42016b398"}}
[2m2025-12-10T10:19:13.031783Z[0m [34mDEBUG[0m [2methereum_transaction_pool_monitor::eth_client[0m[2m:[0m 📨 Received pending transaction: 0xa6c08af684f01cef342f8918e5474772a4cb2558599437c475db76a42016b398
[2m2025-12-10T10:19:13.031805Z[0m [34mDEBUG[0m [2methereum_transaction_pool_monitor::eth_client[0m[2m:[0m 📨 Received WebSocket message: {"jsonrpc":"2.0","method":"eth_subscription","params":{"subscription":"0xbed0a0851463e895960a451075a301a9","result":"0x773dc7515891002e6d77475e11ff715c332779d007f2bbdedf5d7d48599b0954"}}
[2m2025-12-10T10:19:13.031809Z[0m [34mDEBUG[0m [2methereum_transaction_pool_monitor::eth_client[0m[2m:[0m 📨 Received pending transaction: 0x773dc7515891002e6d77475e11ff715c332779d007f2bbdedf5d7d48599b0954
[2m2025-12-10T10:19:13.031826Z[0m [34mDEBUG[0m [2methereum_transaction_pool_monitor::eth_client[0m[2m:[0m 📨 Received WebSocket message: {"jsonrpc":"2.0","method":"eth_subscription","params":{"subscription":"0xbed0a0851463e895960a451075a301a9","result":"0xdcc5270949b5d9c4f811bb00e3664cd2e1838a55a4d59b414c0f06e4e04bc1a1"}}
[2m2025-12-10T10:19:13.031871Z[0m [34mDEBUG[0m [2methereum_transaction_pool_monitor::eth_client[0m[2m:[0m 📨 Received pending transaction: 0xdcc5270949b5d9c4f811bb00e3664cd2e1838a55a4d59b414c0f06e4e04bc1a1
[2m2025-12-10T10:19:13.031875Z[0m [34mDEBUG[0m [2methereum_transaction_pool_monitor::eth_client[0m[2m:[0m 📨 Received WebSocket message: {"jsonrpc":"2.0","method":"eth_subscription","params":{"subscription":"0xbed0a0851463e895960a451075a301a9","result":"0x4d9f8cf688eb374f155d5c0fc7afe1f40fb11161b5e3b508f9e0ba168810b57f"}}
[2m2025-12-10T10:19:13.032029Z[0m [34mDEBUG[0m [2methereum_transaction_pool_monitor::eth_client[0m[2m:[0m 📨 Received pending transaction: 0x4d9f8cf688eb374f155d5c0fc7afe1f40fb11161b5e3b508f9e0ba168810b57f
[2m2025-12-10T10:19:13.032034Z[0m [34mDEBUG[0m [2methereum_transaction_pool_monitor::eth_client[0m[2m:[0m 📨 Received WebSocket message: {"jsonrpc":"2.0","method":"eth_subscription","params":{"subscription":"0xbed0a0851463e895960a451075a301a9","result":"0xc23780b1fc869aa08645ed41fe9ab44e2e254b4e30a9516e7f42695df8d9ca51"}}
[2m2025-12-10T10:19:13.032039Z[0m [34mDEBUG[0m [2methereum_transaction_pool_monitor::eth_client[0m[2m:[0m 📨 Received pending transaction: 0xc23780b1fc869aa08645ed41fe9ab44e2e254b4e30a9516e7f42695df8d9ca51
[2m2025-12-10T10:19:13.032043Z[0m [34mDEBUG[0m [2methereum_transaction_pool_monitor::eth_client[0m[2m:[0m 📨 Received WebSocket message: {"jsonrpc":"2.0","method":"eth_subscription","params":{"subscription":"0xbed0a0851463e895960a451075a301a9","result":"0x97884d603b96da059cabc78650142e660237c046fe86a7b8660c96400ad55503"}}
[2m2025-12-10T10:19:13.032048Z[0m [34mDEBUG[0m [2methereum_transaction_pool_monitor::eth_client[0m[2m:[0m 📨 Received pending transaction: 0x97884d603b96da059cabc78650142e660237c046fe86a7b8660c96400ad55503
[2m2025-12-10T10:19:13.032072Z[0m [34mDEBUG[0m [2methereum_transaction_pool_monitor::eth_client[0m[2m:[0m 📨 Received WebSocket message: {"jsonrpc":"2.0","method":"eth_subscription","params":{"subscription":"0xbed0a0851463e895960a451075a301a9","result":"0xe5bd138ce1682f9d60d286b67297a1c004f9bb62d6058b3c2a9275a116a1089c"}}
[2m2025-12-10T10:19:13.032078Z[0m [34mDEBUG[0m [2methereum_transaction_pool_monitor::eth_client[0m[2m:[0m 📨 Received pending transaction: 0xe5bd138ce1682f9d60d286b67297a1c004f9bb62d6058b3c2a9275a116a1089c
[2m2025-12-10T10:19:13.032141Z[0m [34mDEBUG[0m [2methereum_transaction_pool_monitor::eth_client[0m[2m:[0m 📨 Received WebSocket message: {"jsonrpc":"2.0","method":"eth_subscription","params":{"subscription":"0xbed0a0851463e895960a451075a301a9","result":"0xe3f358c355ea6b47c781184a2d1b52ecb13410252c0144abe6c3bf3913f874da"}}
[2m2025-12-10T10:19:13.032146Z[0m [34mDEBUG[0m [2methereum_transaction_pool_monitor::eth_client[0m[2m:[0m 📨 Received pending transaction: 0xe3f358c355ea6b47c781184a2d1b52ecb13410252c0144abe6c3bf3913f874da
[2m2025-12-10T10:19:13.032150Z[0m [34mDEBUG[0m [2methereum_transaction_pool_monitor::eth_client[0m[2m:[0m 📨 Received WebSocket message: {"jsonrpc":"2.0","method":"eth_subscription","params":{"subscription":"0xbed0a0851463e895960a451075a301a9","result":"0x5f39a7d13a78a71ca773ad3a434459b633938a59a92cc4acf80689abdc8febfc"}}
[2m2025-12-10T10:19:13.032155Z[0m [34mDEBUG[0m [2methereum_transaction_pool_monitor::eth_client[0m[2m:[0m 📨 Received pending transaction: 0x5f39a7d13a78a71ca773ad3a434459b633938a59a92cc4acf80689abdc8febfc
[2m2025-12-10T10:19:13.032179Z[0m [34mDEBUG[0m [2methereum_transaction_pool_monitor::eth_client[0m[2m:[0m 📨 Received WebSocket message: {"jsonrpc":"2.0","method":"eth_subscription","params":{"subscription":"0xbed0a0851463e895960a451075a301a9","result":"0x576fad6b99c48a6f4805ea0437cdb3faceeba16706f50d6587a2fa7b9b0327a8"}}
[2m2025-12-10T10:19:13.032184Z[0m [34mDEBUG[0m [2methereum_transaction_pool_monitor::eth_client[0m[2m:[0m 📨 Received pending transaction: 0x576fad6b99c48a6f4805ea0437cdb3faceeba16706f50d6587a2fa7b9b0327a8
[2m2025-12-10T10:19:13.032217Z[0m [34mDEBUG[0m [2methereum_transaction_pool_monitor::eth_client[0m[2m:[0m 📨 Received WebSocket message: {"jsonrpc":"2.0","method":"eth_subscription","params":{"subscription":"0xbed0a0851463e895960a451075a301a9","result":"0xf305b542febeb949d31b440473905e2587d27dea980217e620699bdebb9e2499"}}
[2m2025-12-10T10:19:13.032222Z[0m [34mDEBUG[0m [2methereum_transaction_pool_monitor::eth_client[0m[2m:[0m 📨 Received pending transaction: 0xf305b542febeb949d31b440473905e2587d27dea980217e620699bdebb9e2499
[2m2025-12-10T10:19:13.032226Z[0m [34mDEBUG[0m [2methereum_transaction_pool_monitor::eth_client[0m[2m:[0m 📨 Received WebSocket message: {"jsonrpc":"2.0","method":"eth_subscription","params":{"subscription":"0xbed0a0851463e895960a451075a301a9","result":"0x31c9bfd71b68f1ebb04473e79122b6eccfd0216f42fd8539be3056318c2f3f9b"}}
[2m2025-12-10T10:19:13.032255Z[0m [34mDEBUG[0m [2methereum_transaction_pool_monitor::eth_client[0m[2m:[0m 📨 Received pending transaction: 0x31c9bfd71b68f1ebb04473e79122b6eccfd0216f42fd8539be3056318c2f3f9b
[2m2025-12-10T10:19:13.032260Z[0m [34mDEBUG[0m [2methereum_transaction_pool_monitor::eth_client[0m[2m:[0m 📨 Received WebSocket message: {"jsonrpc":"2.0","method":"eth_subscription","params":{"subscription":"0xbed0a0851463e895960a451075a301a9","result":"0x3a61489e881f7aa5693849e0ac887c0872e5473525b659f05b12c90414298967"}}
[2m2025-12-10T10:19:13.032265Z[0m [34mDEBUG[0m [2methereum_transaction_pool_monitor::eth_client[0m[2m:[0m 📨 Received pending transaction: 0x3a61489e881f7aa5693849e0ac887c0872e5473525b659f05b12c90414298967
[2m2025-12-10T10:19:13.032269Z[0m [34mDEBUG[0m [2methereum_transaction_pool_monitor::eth_client[0m[2m:[0m 📨 Received WebSocket message: {"jsonrpc":"2.0","method":"eth_subscription","params":{"subscription":"0xbed0a0851463e895960a451075a301a9","result":"0x5cb860056fb190337ebda07f7821aa41c0e89cb9b682359eb61a7d4c8d46f53a"}}
[2m2025-12-10T10:19:13.032274Z[0m [34mDEBUG[0m [2methereum_transaction_pool_monitor::eth_client[0m[2m:[0m 📨 Received pending transaction: 0x5cb860056fb190337ebda07f7821aa41c0e89cb9b682359eb61a7d4c8d46f53a
[2m2025-12-10T10:19:13.032277Z[0m [34mDEBUG[0m [2methereum_transaction_pool_monitor::eth_client[0m[2m:[0m 📨 Received WebSocket message: {"jsonrpc":"2.0","method":"eth_subscription","params":{"subscription":"0xbed0a0851463e895960a451075a301a9","result":"0x492b786d3548b056164eb2c4e1e73cd594af55f1029f7c4842e4797ddeb66b70"}}
[2m2025-12-10T10:19:13.032282Z[0m [34mDEBUG[0m [2methereum_transaction_pool_monitor::eth_client[0m[2m:[0m 📨 Received pending transaction: 0x492b786d3548b056164eb2c4e1e73cd594af55f1029f7c4842e4797ddeb66b70
[2m2025-12-10T10:19:13.032285Z[0m [34mDEBUG[0m [2methereum_transaction_pool_monitor::eth_client[0m[2m:[0m 📨 Received WebSocket message: {"jsonrpc":"2.0","method":"eth_subscription","params":{"subscription":"0xbed0a0851463e895960a451075a301a9","result":"0x829990c0ee0aa491c081eba851941b3b6717b85df03f516922e2b22c5343001c"}}
[2m2025-12-10T10:19:13.032290Z[0m [34mDEBUG[0m [2methereum_transaction_pool_monitor::eth_client[0m[2m:[0m 📨 Received pending transaction: 0x829990c0ee0aa491c081eba851941b3b6717b85df03f516922e2b22c5343001c
[2m2025-12-10T10:19:13.032294Z[0m [34mDEBUG[0m [2methereum_transaction_pool_monitor::eth_client[0m[2m:[0m 📨 Received WebSocket message: {"jsonrpc":"2.0","method":"eth_subscription","params":{"subscription":"0xbed0a0851463e895960a451075a301a9","result":"0x4fee6a2e2cf9b03cfd92a9922b2466c98ade872739ae21b749cbb9fcd6ba8a41"}}
[2m2025-12-10T10:19:13.032298Z[0m [34mDEBUG[0m [2methereum_transaction_pool_monitor::eth_client[0m[2m:[0m 📨 Received pending transaction: 0x4fee6a2e2cf9b03cfd92a9922b2466c98ade872739ae21b749cbb9fcd6ba8a41
[2m2025-12-10T10:19:13.032302Z[0m [34mDEBUG[0m [2methereum_transaction_pool_monitor::eth_client[0m[2m:[0m 📨 Received WebSocket message: {"jsonrpc":"2.0","method":"eth_subscription","params":{"subscription":"0xbed0a0851463e895960a451075a301a9","result":"0x7cb95f76c43d84c737f6fc09b41a36ac4663caaebde8d9cbcb6e79ed9b9a56dc"}}
[2m2025-12-10T10:19:13.032306Z[0m [34mDEBUG[0m [2methereum_transaction_pool_monitor::eth_client[0m[2m:[0m 📨 Received pending transaction: 0x7cb95f76c43d84c737f6fc09b41a36ac4663caaebde8d9cbcb6e79ed9b9a56dc
[2m2025-12-10T10:19:13.032310Z[0m [34mDEBUG[0m [2methereum_transaction_pool_monitor::eth_client[0m[2m:[0m 📨 Received WebSocket message: {"jsonrpc":"2.0","method":"eth_subscription","params":{"subscription":"0xbed0a0851463e895960a451075a301a9","result":"0x8390759cb59e90f6b0b91c5a8be9cb536b7caf4310927460fffab4c5581da111"}}
[2m2025-12-10T10:19:13.032314Z[0m [34mDEBUG[0m [2methereum_transaction_pool_monitor::eth_client[0m[2m:[0m 📨 Received pending transaction: 0x8390759cb59e90f6b0b91c5a8be9cb536b7caf4310927460fffab4c5581da111
[2m2025-12-10T10:19:13.032318Z[0m [34mDEBUG[0m [2methereum_transaction_pool_monitor::eth_client[0m[2m:[0m 📨 Received WebSocket message: {"jsonrpc":"2.0","method":"eth_subscription","params":{"subscription":"0xbed0a0851463e895960a451075a301a9","result":"0x0714eea41527a12a12eca23715dd2b71588a9ebc7cffd16a6979dd762a35f9ae"}}
[2m2025-12-10T10:19:13.032322Z[0m [34mDEBUG[0m [2methereum_transaction_pool_monitor::eth_client[0m[2m:[0m 📨 Received pending transaction: 0x0714eea41527a12a12eca23715dd2b71588a9ebc7cffd16a6979dd762a35f9ae
[2m2025-12-10T10:19:13.032326Z[0m [34mDEBUG[0m [2methereum_transaction_pool_monitor::eth_client[0m[2m:[0m 📨 Received WebSocket message: {"jsonrpc":"2.0","method":"eth_subscription","params":{"subscription":"0xbed0a0851463e895960a451075a301a9","result":"0xc0535b183853f1075f8d219e2dbdbfe06b78afead666f29fcd3fa3f9ae6f1741"}}
[2m2025-12-10T10:19:13.032330Z[0m [34mDEBUG[0m [2methereum_transaction_pool_monitor::eth_client[0m[2m:[0m 📨 Received pending transaction: 0xc0535b183853f1075f8d219e2dbdbfe06b78afead666f29fcd3fa3f9ae6f1741
[2m2025-12-10T10:19:13.032334Z[0m [34mDEBUG[0m [2methereum_transaction_pool_monitor::eth_client[0m[2m:[0m 📨 Received WebSocket message: {"jsonrpc":"2.0","method":"eth_subscription","params":{"subscription":"0xbed0a0851463e895960a451075a301a9","result":"0xcc0786dcd8fce811783911f4bc9d4cecaf6312b28cf893fd24aa6d3f87660f86"}}
[2m2025-12-10T10:19:13.032338Z[0m [34mDEBUG[0m [2methereum_transaction_pool_monitor::eth_client[0m[2m:[0m 📨 Received pending transaction: 0xcc0786dcd8fce811783911f4bc9d4cecaf6312b28cf893fd24aa6d3f87660f86
[2m2025-12-10T10:19:13.032342Z[0m [34mDEBUG[0m [2methereum_transaction_pool_monitor::eth_client[0m[2m:[0m 📨 Received WebSocket message: {"jsonrpc":"2.0","method":"eth_subscription","params":{"subscription":"0xbed0a0851463e895960a451075a301a9","result":"0xd9f09cfa37c3b07ccdb0b2eaf962e8642ef48eca577303a9d573737cc45a478c"}}
[2m2025-12-10T10:19:13.032346Z[0m [34mDEBUG[0m [2methereum_transaction_pool_monitor::eth_client[0m[2m:[0m 📨 Received pending transaction: 0xd9f09cfa37c3b07ccdb0b2eaf962e8642ef48eca577303a9d573737cc45a478c
[2m2025-12-10T10:19:13.032350Z[0m [34mDEBUG[0m [2methereum_transaction_pool_monitor::eth_client[0m[2m:[0m 📨 Received WebSocket message: {"jsonrpc":"2.0","method":"eth_subscription","params":{"subscription":"0xbed0a0851463e895960a451075a301a9","result":"0x7b526812fa72419392b21147bffab09c33919f6cfeb6be4df335ba6530218f9a"}}
[2m2025-12-10T10:19:13.032354Z[0m [34mDEBUG[0m [2methereum_transaction_pool_monitor::eth_client[0m[2m:[0m 📨 Received pending transaction: 0x7b526812fa72419392b21147bffab09c33919f6cfeb6be4df335ba6530218f9a
[2m2025-12-10T10:19:13.032358Z[0m [34mDEBUG[0m [2methereum_transaction_pool_monitor::eth_client[0m[2m:[0m 📨 Received WebSocket message: {"jsonrpc":"2.0","method":"eth_subscription","params":{"subscription":"0xbed0a0851463e895960a451075a301a9","result":"0x31d1c0684adc016f47b4a368d3601f8b4dd9f92c702e484e9d44eb252e466252"}}
[2m2025-12-10T10:19:13.032362Z[0m [34mDEBUG[0m [2methereum_transaction_pool_monitor::eth_client[0m[2m:[0m 📨 Received pending transaction: 0x31d1c0684adc016f47b4a368d3601f8b4dd9f92c702e484e9d44eb252e466252
[2m2025-12-10T10:19:13.032366Z[0m [34mDEBUG[0m [2methereum_transaction_pool_monitor::eth_client[0m[2m:[0m 📨 Received WebSocket message: {"jsonrpc":"2.0","method":"eth_subscription","params":{"subscription":"0xbed0a0851463e895960a451075a301a9","result":"0xcde8b9ba249f6d460b4aa028db3eab81873130cfc9d905267b3c3e210733ced4"}}
[2m2025-12-10T10:19:13.032370Z[0m [34mDEBUG[0m [2methereum_transaction_pool_monitor::eth_client[0m[2m:[0m 📨 Received pending transaction: 0xcde8b9ba249f6d460b4aa028db3eab81873130cfc9d905267b3c3e210733ced4
[2m2025-12-10T10:19:13.032374Z[0m [34mDEBUG[0m [2methereum_transaction_pool_monitor::eth_client[0m[2m:[0m 📨 Received WebSocket message: {"jsonrpc":"2.0","method":"eth_subscription","params":{"subscription":"0xbed0a0851463e895960a451075a301a9","result":"0x8b5b5ad99b0ca08cfd249c8ffeecf3f507aae259a84ab0f1dcac38a92735d23e"}}
[2m2025-12-10T10:19:13.032378Z[0m [34mDEBUG[0m [2methereum_transaction_pool_monitor::eth_client[0m[2m:[0m 📨 Received pending transaction: 0x8b5b5ad99b0ca08cfd249c8ffeecf3f507aae259a84ab0f1dcac38a92735d23e
[2m2025-12-10T10:19:13.032382Z[0m [34mDEBUG[0m [2methereum_transaction_pool_monitor::eth_client[0m[2m:[0m 📨 Received WebSocket message: {"jsonrpc":"2.0","method":"eth_subscription","params":{"subscription":"0xbed0a0851463e895960a451075a301a9","result":"0xe49ca20fb434ea1eea2c1c3180c1fc0a5ecb75f1f29c4ec4c1121e70fe960e11"}}
[2m2025-12-10T10:19:13.032386Z[0m [34mDEBUG[0m [2methereum_transaction_pool_monitor::eth_client[0m[2m:[0m 📨 Received pending transaction: 0xe49ca20fb434ea1eea2c1c3180c1fc0a5ecb75f1f29c4ec4c1121e70fe960e11
[2m2025-12-10T10:19:13.032391Z[0m [34mDEBUG[0m [2methereum_transaction_pool_monitor::eth_client[0m[2m:[0m 📨 Received WebSocket message: {"jsonrpc":"2.0","method":"eth_subscription","params":{"subscription":"0xbed0a0851463e895960a451075a301a9","result":"0x839864dc04cf6aa47c7f053acd0c813ba745c1b75f6396a69c405150ae774847"}}
[2m2025-12-10T10:19:13.032396Z[0m [34mDEBUG[0m [2methereum_transaction_pool_monitor::eth_client[0m[2m:[0m 📨 Received pending transaction: 0x839864dc04cf6aa47c7f053acd0c813ba745c1b75f6396a69c405150ae774847
[2m2025-12-10T10:19:13.032400Z[0m [34mDEBUG[0m [2methereum_transaction_pool_monitor::eth_client[0m[2m:[0m 📨 Received WebSocket message: {"jsonrpc":"2.0","method":"eth_subscription","params":{"subscription":"0xbed0a0851463e895960a451075a301a9","result":"0xd96a50536000d4c626eb8eeb951fb4b11b8e17119e50d2f27b86f22231924625"}}
[2m2025-12-10T10:19:13.032430Z[0m [34mDEBUG[0m [2methereum_transaction_pool_monitor::eth_client[0m[2m:[0m 📨 Received pending transaction: 0xd96a50536000d4c626eb8eeb951fb4b11b8e17119e50d2f27b86f22231924625
[2m2025-12-10T10:19:13.032434Z[0m [34mDEBUG[0m [2methereum_transaction_pool_monitor::eth_client[0m[2m:[0m 📨 Received WebSocket message: {"jsonrpc":"2.0","method":"eth_subscription","params":{"subscription":"0xbed0a0851463e895960a451075a301a9","result":"0x21f4b54699951a0ae72b5b84cddf8c6a33656f07708ac60436a22fad6e6be3a6"}}
[2m2025-12-10T10:19:13.032482Z[0m [34mDEBUG[0m [2methereum_transaction_pool_monitor::eth_client[0m[2m:[0m 📨 Received pending transaction: 0x21f4b54699951a0ae72b5b84cddf8c6a33656f07708ac60436a22fad6e6be3a6
[2m2025-12-10T10:19:13.032486Z[0m [34mDEBUG[0m [2methereum_transaction_pool_monitor::eth_client[0m[2m:[0m 📨 Received WebSocket message: {"jsonrpc":"2.0","method":"eth_subscription","params":{"subscription":"0xbed0a0851463e895960a451075a301a9","result":"0xd83ee4378e97907028553110e6eeae9d4e46e08a0a9525cfd014dfe82e2e00bc"}}
[2m2025-12-10T10:19:13.032508Z[0m [34mDEBUG[0m [2methereum_transaction_pool_monitor::eth_client[0m[2m:[0m 📨 Received pending transaction: 0xd83ee4378e97907028553110e6eeae9d4e46e08a0a9525cfd014dfe82e2e00bc
[2m2025-12-10T10:19:13.032512Z[0m [34mDEBUG[0m [2methereum_transaction_pool_monitor::eth_client[0m[2m:[0m 📨 Received WebSocket message: {"jsonrpc":"2.0","method":"eth_subscription","params":{"subscription":"0xbed0a0851463e895960a451075a301a9","result":"0xb4dfdf9c17ad3638ce1ecd15ead054f6583c31e78246102bc1db145ddd96a598"}}
[2m2025-12-10T10:19:13.032526Z[0m [34mDEBUG[0m [2methereum_transaction_pool_monitor::eth_client[0m[2m:[0m 📨 Received pending transaction: 0xb4dfdf9c17ad3638ce1ecd15ead054f6583c31e78246102bc1db145ddd96a598
[2m2025-12-10T10:19:13.032531Z[0m [34mDEBUG[0m [2methereum_transaction_pool_monitor::eth_client[0m[2m:[0m 📨 Received WebSocket message: {"jsonrpc":"2.0","method":"eth_subscription","params":{"subscription":"0xbed0a0851463e895960a451075a301a9","result":"0x4d04786c1dc2ab3e911fffd5afb46790d66db9280d7fc8a15eb4cf9d001a78a9"}}
[2m2025-12-10T10:19:13.032857Z[0m [34mDEBUG[0m [2methereum_transaction_pool_monitor::eth_client[0m[2m:[0m 📨 Received pending transaction: 0x4d04786c1dc2ab3e911fffd5afb46790d66db9280d7fc8a15eb4cf9d001a78a9
[2m2025-12-10T10:19:13.032864Z[0m [34mDEBUG[0m [2methereum_transaction_pool_monitor::eth_client[0m[2m:[0m 📨 Received WebSocket message: {"jsonrpc":"2.0","method":"eth_subscription","params":{"subscription":"0xbed0a0851463e895960a451075a301a9","result":"0x97884d603b96da059cabc78650142e660237c046fe86a7b8660c96400ad55503"}}
[2m2025-12-10T10:19:13.032891Z[0m [34mDEBUG[0m [2methereum_transaction_pool_monitor::eth_client[0m[2m:[0m 📨 Received pending transaction: 0x97884d603b96da059cabc78650142e660237c046fe86a7b8660c96400ad55503
[2m2025-12-10T10:19:13.032895Z[0m [34mDEBUG[0m [2methereum_transaction_pool_monitor::eth_client[0m[2m:[0m 📨 Received WebSocket message: {"jsonrpc":"2.0","method":"eth_subscription","params":{"subscription":"0xbed0a0851463e895960a451075a301a9","result":"0xe5bd138ce1682f9d60d286b67297a1c004f9bb62d6058b3c2a9275a116a1089c"}}
[2m2025-12-10T10:19:13.032908Z[0m [34mDEBUG[0m [2methereum_transaction_pool_monitor::eth_client[0m[2m:[0m 📨 Received pending transaction: 0xe5bd138ce1682f9d60d286b67297a1c004f9bb62d6058b3c2a9275a116a1089c
[2m2025-12-10T10:19:13.032912Z[0m [34mDEBUG[0m [2methereum_transaction_pool_monitor::eth_client[0m[2m:[0m 📨 Received WebSocket message: {"jsonrpc":"2.0","method":"eth_subscription","params":{"subscription":"0xbed0a0851463e895960a451075a301a9","result":"0xe3f358c355ea6b47c781184a2d1b52ecb13410252c0144abe6c3bf3913f874da"}}
[2m2025-12-10T10:19:13.032940Z[0m [34mDEBUG[0m [2methereum_transaction_pool_monitor::eth_client[0m[2m:[0m 📨 Received pending transaction: 0xe3f358c355ea6b47c781184a2d1b52ecb13410252c0144abe6c3bf3913f874da
[2m2025-12-10T10:19:13.032945Z[0m [34mDEBUG[0m [2methereum_transaction_pool_monitor::eth_client[0m[2m:[0m 📨 Received WebSocket message: {"jsonrpc":"2.0","method":"eth_subscription","params":{"subscription":"0xbed0a0851463e895960a451075a301a9","result":"0x5f39a7d13a78a71ca773ad3a434459b633938a59a92cc4acf80689abdc8febfc"}}
[2m2025-12-10T10:19:13.033013Z[0m [34mDEBUG[0m [2methereum_transaction_pool_monitor::eth_client[0m[2m:[0m 📨 Received pending transaction: 0x5f39a7d13a78a71ca773ad3a434459b633938a59a92cc4acf80689abdc8febfc
[2m2025-12-10T10:19:13.033019Z[0m [34mDEBUG[0m [2methereum_transaction_pool_monitor::eth_client[0m[2m:[0m 📨 Received WebSocket message: {"jsonrpc":"2.0","method":"eth_subscription","params":{"subscription":"0xbed0a0851463e895960a451075a301a9","result":"0x2e70656c1fc5765940f5ca96d6bc2e301381c42ffddc97f0ee6c9d8c79ce8eb2"}}
[2m2025-12-10T10:19:13.033031Z[0m [34mDEBUG[0m [2methereum_transaction_pool_monitor::eth_client[0m[2m:[0m 📨 Received pending transaction: 0x2e70656c1fc5765940f5ca96d6bc2e301381c42ffddc97f0ee6c9d8c79ce8eb2
[2m2025-12-10T10:19:13.033036Z[0m [34mDEBUG[0m [2methereum_transaction_pool_monitor::eth_client[0m[2m:[0m 📨 Received WebSocket message: {"jsonrpc":"2.0","method":"eth_subscription","params":{"subscription":"0xbed0a0851463e895960a451075a301a9","result":"0xf305b542febeb949d31b440473905e2587d27dea980217e620699bdebb9e2499"}}
[2m2025-12-10T10:19:13.033040Z[0m [34mDEBUG[0m [2methereum_transaction_pool_monitor::eth_client[0m[2m:[0m 📨 Received pending transaction: 0xf305b542febeb949d31b440473905e2587d27dea980217e620699bdebb9e2499
[2m2025-12-10T10:19:13.033060Z[0m [34mDEBUG[0m [2methereum_transaction_pool_monitor::eth_client[0m[2m:[0m 📨 Received WebSocket message: {"jsonrpc":"2.0","method":"eth_subscription","params":{"subscription":"0xbed0a0851463e895960a451075a301a9","result":"0x31c9bfd71b68f1ebb04473e79122b6eccfd0216f42fd8539be3056318c2f3f9b"}}
[2m2025-12-10T10:19:13.033064Z[0m [34mDEBUG[0m [2methereum_transaction_pool_monitor::eth_client[0m[2m:[0m 📨 Received pending transaction: 0x31c9bfd71b68f1ebb04473e79122b6eccfd0216f42fd8539be3056318c2f3f9b
[2m2025-12-10T10:19:13.033084Z[0m [34mDEBUG[0m [2methereum_transaction_pool_monitor::eth_client[0m[2m:[0m 📨 Received WebSocket message: {"jsonrpc":"2.0","method":"eth_subscription","params":{"subscription":"0xbed0a0851463e895960a451075a301a9","result":"0x3a61489e881f7aa5693849e0ac887c0872e5473525b659f05b12c90414298967"}}
[2m2025-12-10T10:19:13.033089Z[0m [34mDEBUG[0m [2methereum_transaction_pool_monitor::eth_client[0m[2m:[0m 📨 Received pending transaction: 0x3a61489e881f7aa5693849e0ac887c0872e5473525b659f05b12c90414298967
[2m2025-12-10T10:19:13.033093Z[0m [34mDEBUG[0m [2methereum_transaction_pool_monitor::eth_client[0m[2m:[0m 📨 Received WebSocket message: {"jsonrpc":"2.0","method":"eth_subscription","params":{"subscription":"0xbed0a0851463e895960a451075a301a9","result":"0xb4dfdf9c17ad3638ce1ecd15ead054f6583c31e78246102bc1db145ddd96a598"}}
[2m2025-12-10T10:19:13.033146Z[0m [34mDEBUG[0m [2methereum_transaction_pool_monitor::eth_client[0m[2m:[0m 📨 Received pending transaction: 0xb4dfdf9c17ad3638ce1ecd15ead054f6583c31e78246102bc1db145ddd96a598
[2m2025-12-10T10:19:13.033190Z[0m [34mDEBUG[0m [2methereum_transaction_pool_monitor::eth_client[0m[2m:[0m 📨 Received WebSocket message: {"jsonrpc":"2.0","method":"eth_subscription","params":{"subscription":"0xbed0a0851463e895960a451075a301a9","result":"0x5ed81ce7dd60e46ee16b68c899d3b86d9c03dff32a9f7f817020537e21a0e4f6"}}
[2m2025-12-10T10:19:13.033195Z[0m [34mDEBUG[0m [2methereum_transaction_pool_monitor::eth_client[0m[2m:[0m 📨 Received pending transaction: 0x5ed81ce7dd60e46ee16b68c899d3b86d9c03dff32a9f7f817020537e21a0e4f6
[2m2025-12-10T10:19:13.033201Z[0m [34mDEBUG[0m [2methereum_transaction_pool_monitor::eth_client[0m[2m:[0m 📨 Received WebSocket message: {"jsonrpc":"2.0","method":"eth_subscription","params":{"subscription":"0xbed0a0851463e895960a451075a301a9","result":"0x5cb860056fb190337ebda07f7821aa41c0e89cb9b682359eb61a7d4c8d46f53a"}}
[2m2025-12-10T10:19:13.033207Z[0m [34mDEBUG[0m [2methereum_transaction_pool_monitor::eth_client[0m[2m:[0m 📨 Received pending transaction: 0x5cb860056fb190337ebda07f7821aa41c0e89cb9b682359eb61a7d4c8d46f53a
[2m2025-12-10T10:19:13.033214Z[0m [34mDEBUG[0m [2methereum_transaction_pool_monitor::eth_client[0m[2m:[0m 📨 Received WebSocket message: {"jsonrpc":"2.0","method":"eth_subscription","params":{"subscription":"0xbed0a0851463e895960a451075a301a9","result":"0xfcb046c0ac75d0da86252d35031e82ade67b64458dc60031b4e6ff9f08c78dce"}}
[2m2025-12-10T10:19:13.033219Z[0m [34mDEBUG[0m [2methereum_transaction_pool_monitor::eth_client[0m[2m:[0m 📨 Received pending transaction: 0xfcb046c0ac75d0da86252d35031e82ade67b64458dc60031b4e6ff9f08c78dce
[2m2025-12-10T10:19:13.033223Z[0m [34mDEBUG[0m [2methereum_transaction_pool_monitor::eth_client[0m[2m:[0m 📨 Received WebSocket message: {"jsonrpc":"2.0","method":"eth_subscription","params":{"subscription":"0xbed0a0851463e895960a451075a301a9","result":"0x4b09b50cf75fc15ca288c362a29b24469478580839f57680bc6cd45bf25191d8"}}
[2m2025-12-10T10:19:13.033227Z[0m [34mDEBUG[0m [2methereum_transaction_pool_monitor::eth_client[0m[2m:[0m 📨 Received pending transaction: 0x4b09b50cf75fc15ca288c362a29b24469478580839f57680bc6cd45bf25191d8
[2m2025-12-10T10:19:13.033231Z[0m [34mDEBUG[0m [2methereum_transaction_pool_monitor::eth_client[0m[2m:[0m 📨 Received WebSocket message: {"jsonrpc":"2.0","method":"eth_subscription","params":{"subscription":"0xbed0a0851463e895960a451075a301a9","result":"0x44f49a06fe4f2ac3a580d12484b9705a42ef3ebd8f352dfacf47875d07cab78a"}}
[2m2025-12-10T10:19:13.033258Z[0m [34mDEBUG[0m [2methereum_transaction_pool_monitor::eth_client[0m[2m:[0m 📨 Received pending transaction: 0x44f49a06fe4f2ac3a580d12484b9705a42ef3ebd8f352dfacf47875d07cab78a
[2m2025-12-10T10:19:13.033263Z[0m [34mDEBUG[0m [2methereum_transaction_pool_monitor::eth_client[0m[2m:[0m 📨 Received WebSocket message: {"jsonrpc":"2.0","method":"eth_subscription","params":{"subscription":"0xbed0a0851463e895960a451075a301a9","result":"0xe2729954e9fdf6e5730abd4bb4207e440135eb485ff74fa3d00e7ba5cbcb9624"}}
[2m2025-12-10T10:19:13.033293Z[0m [34mDEBUG[0m [2methereum_transaction_pool_monitor::eth_client[0m[2m:[0m 📨 Received pending transaction: 0xe2729954e9fdf6e5730abd4bb4207e440135eb485ff74fa3d00e7ba5cbcb9624
[2m2025-12-10T10:19:13.033297Z[0m [34mDEBUG[0m [2methereum_transaction_pool_monitor::eth_client[0m[2m:[0m 📨 Received WebSocket message: {"jsonrpc":"2.0","method":"eth_subscription","params":{"subscription":"0xbed0a0851463e895960a451075a301a9","result":"0xda67a02b43997245ecc7f50be7ceafeec20f3ee5cc8a8ca62a0f83f07e445803"}}
[2m2025-12-10T10:19:13.033307Z[0m [34mDEBUG[0m [2methereum_transaction_pool_monitor::eth_client[0m[2m:[0m 📨 Received pending transaction: 0xda67a02b43997245ecc7f50be7ceafeec20f3ee5cc8a8ca62a0f83f07e445803
[2m2025-12-10T10:19:13.033328Z[0m [34mDEBUG[0m [2methereum_transaction_pool_monitor::eth_client[0m[2m:[0m 📨 Received WebSocket message: {"jsonrpc":"2.0","method":"eth_subscription","params":{"subscription":"0xbed0a0851463e895960a451075a301a9","result":"0xc96f946e9825598f39a8abbb55e7692a412fca4c0d50bfb4708b90bbf1ed1e9e"}}
[2m2025-12-10T10:19:13.033333Z[0m [34mDEBUG[0m [2methereum_transaction_pool_monitor::eth_client[0m[2m:[0m 📨 Received pending transaction: 0xc96f946e9825598f39a8abbb55e7692a412fca4c0d50bfb4708b90bbf1ed1e9e
[2m2025-12-10T10:19:13.033337Z[0m [34mDEBUG[0m [2methereum_transaction_pool_monitor::eth_client[0m[2m:[0m 📨 Received WebSocket message: {"jsonrpc":"2.0","method":"eth_subscription","params":{"subscription":"0xbed0a0851463e895960a451075a301a9","result":"0x46573ffcf7b31b2ee55c1e987fa1268d5b71dab8694066f41c2fbe6b20c77d4f"}}
[2m2025-12-10T10:19:13.033375Z[0m [34mDEBUG[0m [2methereum_transaction_pool_monitor::eth_client[0m[2m:[0m 📨 Received pending transaction: 0x46573ffcf7b31b2ee55c1e987fa1268d5b71dab8694066f41c2fbe6b20c77d4f
[2m2025-12-10T10:19:13.033379Z[0m [34mDEBUG[0m [2methereum_transaction_pool_monitor::eth_client[0m[2m:[0m 📨 Received WebSocket message: {"jsonrpc":"2.0","method":"eth_subscription","params":{"subscription":"0xbed0a0851463e895960a451075a301a9","result":"0x20ba44bc65d7ee551a0d91be851ac8d426388ea7ba7f41da0285b22fdb32293b"}}
[2m2025-12-10T10:19:13.033447Z[0m [34mDEBUG[0m [2methereum_transaction_pool_monitor::eth_client[0m[2m:[0m 📨 Received pending transaction: 0x20ba44bc65d7ee551a0d91be851ac8d426388ea7ba7f41da0285b22fdb32293b
[2m2025-12-10T10:19:13.033462Z[0m [34mDEBUG[0m [2methereum_transaction_pool_monitor::eth_client[0m[2m:[0m 📨 Received WebSocket message: {"jsonrpc":"2.0","method":"eth_subscription","params":{"subscription":"0xbed0a0851463e895960a451075a301a9","result":"0xae10d9d71cc149f8ae1064024ce7e5e0a684c852250a602db895a27c104cf0de"}}
[2m2025-12-10T10:19:13.033467Z[0m [34mDEBUG[0m [2methereum_transaction_pool_monitor::eth_client[0m[2m:[0m 📨 Received pending transaction: 0xae10d9d71cc149f8ae1064024ce7e5e0a684c852250a602db895a27c104cf0de
[2m2025-12-10T10:19:13.033471Z[0m [34mDEBUG[0m [2methereum_transaction_pool_monitor::eth_client[0m[2m:[0m 📨 Received WebSocket message: {"jsonrpc":"2.0","method":"eth_subscription","params":{"subscription":"0xbed0a0851463e895960a451075a301a9","result":"0xd6431d712b7bdbb2449c39ec9f3600a0b256448fcc4941e7ab58dd649ae68ec9"}}
[2m2025-12-10T10:19:13.033486Z[0m [34mDEBUG[0m [2methereum_transaction_pool_monitor::eth_client[0m[2m:[0m 📨 Received pending transaction: 0xd6431d712b7bdbb2449c39ec9f3600a0b256448fcc4941e7ab58dd649ae68ec9
[2m2025-12-10T10:19:13.033513Z[0m [34mDEBUG[0m [2methereum_transaction_pool_monitor::eth_client[0m[2m:[0m 📨 Received WebSocket message: {"jsonrpc":"2.0","method":"eth_subscription","params":{"subscription":"0xbed0a0851463e895960a451075a301a9","result":"0x126a1007cae9aefd42f433f46efcc90dea602dfeaa31adff6b6d0c199d330c32"}}
[2m2025-12-10T10:19:13.033518Z[0m [34mDEBUG[0m [2methereum_transaction_pool_monitor::eth_client[0m[2m:[0m 📨 Received pending transaction: 0x126a1007cae9aefd42f433f46efcc90dea602dfeaa31adff6b6d0c199d330c32
[2m2025-12-10T10:19:13.033522Z[0m [34mDEBUG[0m [2methereum_transaction_pool_monitor::eth_client[0m[2m:[0m 📨 Received WebSocket message: {"jsonrpc":"2.0","method":"eth_subscription","params":{"subscription":"0xbed0a0851463e895960a451075a301a9","result":"0x8aa6c2c31be472f176535028b6c541614541c6a051e6711bc53ecd1bc7064b54"}}
[2m2025-12-10T10:19:13.033526Z[0m [34mDEBUG[0m [2methereum_transaction_pool_monitor::eth_client[0m[2m:[0m 📨 Received pending transaction: 0x8aa6c2c31be472f176535028b6c541614541c6a051e6711bc53ecd1bc7064b54
[2m2025-12-10T10:19:13.033530Z[0m [34mDEBUG[0m [2methereum_transaction_pool_monitor::eth_client[0m[2m:[0m 📨 Received WebSocket message: {"jsonrpc":"2.0","method":"eth_subscription","params":{"subscription":"0xbed0a0851463e895960a451075a301a9","result":"0x0a773fc7f766a1bd014c00ce65d6ae5449c285c553b7eb2913559cab023f767d"}}
[2m2025-12-10T10:19:13.033535Z[0m [34mDEBUG[0m [2methereum_transaction_pool_monitor::eth_client[0m[2m:[0m 📨 Received pending transaction: 0x0a773fc7f766a1bd014c00ce65d6ae5449c285c553b7eb2913559cab023f767d
[2m2025-12-10T10:19:13.033539Z[0m [34mDEBUG[0m [2methereum_transaction_pool_monitor::eth_client[0m[2m:[0m 📨 Received WebSocket message: {"jsonrpc":"2.0","method":"eth_subscription","params":{"subscription":"0xbed0a0851463e895960a451075a301a9","result":"0x4e3cad280f962eed1332baf6147f3fc0b09922079c207cd473f51bb91e66c54c"}}
[2m2025-12-10T10:19:13.033543Z[0m [34mDEBUG[0m [2methereum_transaction_pool_monitor::eth_client[0m[2m:[0m 📨 Received pending transaction: 0x4e3cad280f962eed1332baf6147f3fc0b09922079c207cd473f51bb91e66c54c
[2m2025-12-10T10:19:13.033548Z[0m [34mDEBUG[0m [2methereum_transaction_pool_monitor::eth_client[0m[2m:[0m 📨 Received WebSocket message: {"jsonrpc":"2.0","method":"eth_subscription","params":{"subscription":"0xbed0a0851463e895960a451075a301a9","result":"0xd7cdc07f88d6e9473b24fadce6f60aa10027b9b08a7446d47bbb7c85e889bef9"}}
[2m2025-12-10T10:19:13.033552Z[0m [34mDEBUG[0m [2methereum_transaction_pool_monitor::eth_client[0m[2m:[0m 📨 Received pending transaction: 0xd7cdc07f88d6e9473b24fadce6f60aa10027b9b08a7446d47bbb7c85e889bef9
[2m2025-12-10T10:19:13.033555Z[0m [34mDEBUG[0m [2methereum_transaction_pool_monitor::eth_client[0m[2m:[0m 📨 Received WebSocket message: {"jsonrpc":"2.0","method":"eth_subscription","params":{"subscription":"0xbed0a0851463e895960a451075a301a9","result":"0xc45f325955504478ac88af58063babcc9f12ee71781fdff1044a7d1f9eae457a"}}
[2m2025-12-10T10:19:13.033560Z[0m [34mDEBUG[0m [2methereum_transaction_pool_monitor::eth_client[0m[2m:[0m 📨 Received pending transaction: 0xc45f325955504478ac88af58063babcc9f12ee71781fdff1044a7d1f9eae457a
[2m2025-12-10T10:19:13.033564Z[0m [34mDEBUG[0m [2methereum_transaction_pool_monitor::eth_client[0m[2m:[0m 📨 Received WebSocket message: {"jsonrpc":"2.0","method":"eth_subscription","params":{"subscription":"0xbed0a0851463e895960a451075a301a9","result":"0x4ae188c7fdda3912d85a09dbabf555f13b5a004cffee149e2b37c796e8654c59"}}
[2m2025-12-10T10:19:13.033569Z[0m [34mDEBUG[0m [2methereum_transaction_pool_monitor::eth_client[0m[2m:[0m 📨 Received pending transaction: 0x4ae188c7fdda3912d85a09dbabf555f13b5a004cffee149e2b37c796e8654c59
[2m2025-12-10T10:19:13.033573Z[0m [34mDEBUG[0m [2methereum_transaction_pool_monitor::eth_client[0m[2m:[0m 📨 Received WebSocket message: {"jsonrpc":"2.0","method":"eth_subscription","params":{"subscription":"0xbed0a0851463e895960a451075a301a9","result":"0xe3f347b9610033e06c47df7320c7186a9d8ff3b3dd43e33c398563abe700abd8"}}
[2m2025-12-10T10:19:13.034300Z[0m [34mDEBUG[0m [2methereum_transaction_pool_monitor::eth_client[0m[2m:[0m 📨 Received pending transaction: 0xe3f347b9610033e06c47df7320c7186a9d8ff3b3dd43e33c398563abe700abd8
[2m2025-12-10T10:19:13.042254Z[0m [34mDEBUG[0m [2methereum_transaction_pool_monitor::eth_client[0m[2m:[0m 📨 Received WebSocket message: {"jsonrpc":"2.0","method":"eth_subscription","params":{"subscription":"0xbed0a0851463e895960a451075a301a9","result":"0x89942fed1f8b630433bc710490a18b015e1b7ca64acbd269d0dea56c61f41dd0"}}
[2m2025-12-10T10:19:13.042279Z[0m [34mDEBUG[0m [2methereum_transaction_pool_monitor::eth_client[0m[2m:[0m 📨 Received pending transaction: 0x89942fed1f8b630433bc710490a18b015e1b7ca64acbd269d0dea56c61f41dd0
[2m2025-12-10T10:19:13.042284Z[0m [34mDEBUG[0m [2methereum_transaction_pool_monitor::eth_client[0m[2m:[0m 📨 Received WebSocket message: {"jsonrpc":"2.0","method":"eth_subscription","params":{"subscription":"0xbed0a0851463e895960a451075a301a9","result":"0xe5eb49bbf4a386f6652c7220babeec514da3e177b6546c61b66e81917f090487"}}
[2m2025-12-10T10:19:13.042289Z[0m [34mDEBUG[0m [2methereum_transaction_pool_monitor::eth_client[0m[2m:[0m 📨 Received pending transaction: 0xe5eb49bbf4a386f6652c7220babeec514da3e177b6546c61b66e81917f090487
[2m2025-12-10T10:19:13.042293Z[0m [34mDEBUG[0m [2methereum_transaction_pool_monitor::eth_client[0m[2m:[0m 📨 Received WebSocket message: {"jsonrpc":"2.0","method":"eth_subscription","params":{"subscription":"0xbed0a0851463e895960a451075a301a9","result":"0x6c66ca29c32ca53010a668e3ab4eb712f006ba53039ba5de7ab4b1d9c1a50ee5"}}
[2m2025-12-10T10:19:13.042300Z[0m [34mDEBUG[0m [2methereum_transaction_pool_monitor::eth_client[0m[2m:[0m 📨 Received pending transaction: 0x6c66ca29c32ca53010a668e3ab4eb712f006ba53039ba5de7ab4b1d9c1a50ee5
[2m2025-12-10T10:19:13.042307Z[0m [34mDEBUG[0m [2methereum_transaction_pool_monitor::eth_client[0m[2m:[0m 📨 Received WebSocket message: {"jsonrpc":"2.0","method":"eth_subscription","params":{"subscription":"0xbed0a0851463e895960a451075a301a9","result":"0xfa4bf4c7a1ab1df10cf95c122008a47a9907ad07c80a914d8ab76855df8ce212"}}
[2m2025-12-10T10:19:13.042312Z[0m [34mDEBUG[0m [2methereum_transaction_pool_monitor::eth_client[0m[2m:[0m 📨 Received pending transaction: 0xfa4bf4c7a1ab1df10cf95c122008a47a9907ad07c80a914d8ab76855df8ce212
[2m2025-12-10T10:19:13.042316Z[0m [34mDEBUG[0m [2methereum_transaction_pool_monitor::eth_client[0m[2m:[0m 📨 Received WebSocket message: {"jsonrpc":"2.0","method":"eth_subscription","params":{"subscription":"0xbed0a0851463e895960a451075a301a9","result":"0xdc8a19704fb7460ff1b0d9be6f91e1a5b2a194f51f84efaac2cf8baf185d4e07"}}
[2m2025-12-10T10:19:13.042322Z[0m [34mDEBUG[0m [2methereum_transaction_pool_monitor::eth_client[0m[2m:[0m 📨 Received pending transaction: 0xdc8a19704fb7460ff1b0d9be6f91e1a5b2a194f51f84efaac2cf8baf185d4e07
[2m2025-12-10T10:19:13.042326Z[0m [34mDEBUG[0m [2methereum_transaction_pool_monitor::eth_client[0m[2m:[0m 📨 Received WebSocket message: {"jsonrpc":"2.0","method":"eth_subscription","params":{"subscription":"0xbed0a0851463e895960a451075a301a9","result":"0xec3c7b34d0455f942ad156155d6d2046c1582860093ab65bbc06d271c4a6b08c"}}
[2m2025-12-10T10:19:13.042333Z[0m [34mDEBUG[0m [2methereum_transaction_pool_monitor::eth_client[0m[2m:[0m 📨 Received pending transaction: 0xec3c7b34d0455f942ad156155d6d2046c1582860093ab65bbc06d271c4a6b08c
[2m2025-12-10T10:19:13.042340Z[0m [34mDEBUG[0m [2methereum_transaction_pool_monitor::eth_client[0m[2m:[0m 📨 Received WebSocket message: {"jsonrpc":"2.0","method":"eth_subscription","params":{"subscription":"0xbed0a0851463e895960a451075a301a9","result":"0x6902f798e22e0290a85d2b78cc767ae4ca3d6538168b156a96993171f3bd024a"}}
[2m2025-12-10T10:19:13.042344Z[0m [34mDEBUG[0m [2methereum_transaction_pool_monitor::eth_client[0m[2m:[0m 📨 Received pending transaction: 0x6902f798e22e0290a85d2b78cc767ae4ca3d6538168b156a96993171f3bd024a
[2m2025-12-10T10:19:13.042348Z[0m [34mDEBUG[0m [2methereum_transaction_pool_monitor::eth_client[0m[2m:[0m 📨 Received WebSocket message: {"jsonrpc":"2.0","method":"eth_subscription","params":{"subscription":"0xbed0a0851463e895960a451075a301a9","result":"0x6b08980cc69f26e2fe24bd35357223f22121ddc7983e4f2b30c296e77c2052ae"}}
[2m2025-12-10T10:19:13.042352Z[0m [34mDEBUG[0m [2methereum_transaction_pool_monitor::eth_client[0m[2m:[0m 📨 Received pending transaction: 0x6b08980cc69f26e2fe24bd35357223f22121ddc7983e4f2b30c296e77c2052ae
[2m2025-12-10T10:19:13.042361Z[0m [34mDEBUG[0m [2methereum_transaction_pool_monitor::eth_client[0m[2m:[0m 📨 Received WebSocket message: {"jsonrpc":"2.0","method":"eth_subscription","params":{"subscription":"0xbed0a0851463e895960a451075a301a9","result":"0xad657d21a38881b2c5af229648ed9f8f23f8eaed94fbd46a8e6655c742918c91"}}
[2m2025-12-10T10:19:13.042423Z[0m [34mDEBUG[0m [2methereum_transaction_pool_monitor::eth_client[0m[2m:[0m 📨 Received pending transaction: 0xad657d21a38881b2c5af229648ed9f8f23f8eaed94fbd46a8e6655c742918c91
[2m2025-12-10T10:19:13.042429Z[0m [34mDEBUG[0m [2methereum_transaction_pool_monitor::eth_client[0m[2m:[0m 📨 Received WebSocket message: {"jsonrpc":"2.0","method":"eth_subscription","params":{"subscription":"0xbed0a0851463e895960a451075a301a9","result":"0x73437518fa3f5b865833038b2cee3cdcb93229ad7b7f06b43bb383775d3926a2"}}
[2m2025-12-10T10:19:13.042434Z[0m [34mDEBUG[0m [2methereum_transaction_pool_monitor::eth_client[0m[2m:[0m 📨 Received pending transaction: 0x73437518fa3f5b865833038b2cee3cdcb93229ad7b7f06b43bb383775d3926a2
[2m2025-12-10T10:19:13.042439Z[0m [34mDEBUG[0m [2methereum_transaction_pool_monitor::eth_client[0m[2m:[0m 📨 Received WebSocket message: {"jsonrpc":"2.0","method":"eth_subscription","params":{"subscription":"0xbed0a0851463e895960a451075a301a9","result":"0x2c95a2fef7434ad49cd9ebcc2191154e97e7cdf73c8fe4a01428bb4097211e1d"}}
[2m2025-12-10T10:19:13.042443Z[0m [34mDEBUG[0m [2methereum_transaction_pool_monitor::eth_client[0m[2m:[0m 📨 Received pending transaction: 0x2c95a2fef7434ad49cd9ebcc2191154e97e7cdf73c8fe4a01428bb4097211e1d
[2m2025-12-10T10:19:13.042447Z[0m [34mDEBUG[0m [2methereum_transaction_pool_monitor::eth_client[0m[2m:[0m 📨 Received WebSocket message: {"jsonrpc":"2.0","method":"eth_subscription","params":{"subscription":"0xbed0a0851463e895960a451075a301a9","result":"0x7e20d1ce648d474c50c808a39f730f96c664252606a94e1c4bd15fa0357d5021"}}
[2m2025-12-10T10:19:13.042451Z[0m [34mDEBUG[0m [2methereum_transaction_pool_monitor::eth_client[0m[2m:[0m 📨 Received pending transaction: 0x7e20d1ce648d474c50c808a39f730f96c664252606a94e1c4bd15fa0357d5021
[2m2025-12-10T10:19:13.042456Z[0m [34mDEBUG[0m [2methereum_transaction_pool_monitor::eth_client[0m[2m:[0m 📨 Received WebSocket message: {"jsonrpc":"2.0","method":"eth_subscription","params":{"subscription":"0xbed0a0851463e895960a451075a301a9","result":"0x1ff24d88e7dff1b8a8311bbd6bcbff1dab04aac4723f3ab6da1bec7fa320150d"}}
[2m2025-12-10T10:19:13.042460Z[0m [34mDEBUG[0m [2methereum_transaction_pool_monitor::eth_client[0m[2m:[0m 📨 Received pending transaction: 0x1ff24d88e7dff1b8a8311bbd6bcbff1dab04aac4723f3ab6da1bec7fa320150d
[2m2025-12-10T10:19:13.042464Z[0m [34mDEBUG[0m [2methereum_transaction_pool_monitor::eth_client[0m[2m:[0m 📨 Received WebSocket message: {"jsonrpc":"2.0","method":"eth_subscription","params":{"subscription":"0xbed0a0851463e895960a451075a301a9","result":"0xd189c8e24042f5be8887e2211baf6b4e36bceea0c64902c9e9398d7e63212793"}}
[2m2025-12-10T10:19:13.042468Z[0m [34mDEBUG[0m [2methereum_transaction_pool_monitor::eth_client[0m[2m:[0m 📨 Received pending transaction: 0xd189c8e24042f5be8887e2211baf6b4e36bceea0c64902c9e9398d7e63212793
[2m2025-12-10T10:19:13.042472Z[0m [34mDEBUG[0m [2methereum_transaction_pool_monitor::eth_client[0m[2m:[0m 📨 Received WebSocket message: {"jsonrpc":"2.0","method":"eth_subscription","params":{"subscription":"0xbed0a0851463e895960a451075a301a9","result":"0x3ab2d4bd60b27ddaef2c595daff5d793d4dc8d5f616b26ddd5664a05860754ea"}}
[2m2025-12-10T10:19:13.042476Z[0m [34mDEBUG[0m [2methereum_transaction_pool_monitor::eth_client[0m[2m:[0m 📨 Received pending transaction: 0x3ab2d4bd60b27ddaef2c595daff5d793d4dc8d5f616b26ddd5664a05860754ea
[2m2025-12-10T10:19:13.042479Z[0m [34mDEBUG[0m [2methereum_transaction_pool_monitor::eth_client[0m[2m:[0m 📨 Received WebSocket message: {"jsonrpc":"2.0","method":"eth_subscription","params":{"subscription":"0xbed0a0851463e895960a451075a301a9","result":"0x1f11cba300ff134e28edb3034549fe8b7d6c83d462b623ee9b3734a3cd4476dc"}}
[2m2025-12-10T10:19:13.042484Z[0m [34mDEBUG[0m [2methereum_transaction_pool_monitor::eth_client[0m[2m:[0m 📨 Received pending transaction: 0x1f11cba300ff134e28edb3034549fe8b7d6c83d462b623ee9b3734a3cd4476dc
[2m2025-12-10T10:19:13.042487Z[0m [34mDEBUG[0m [2methereum_transaction_pool_monitor::eth_client[0m[2m:[0m 📨 Received WebSocket message: {"jsonrpc":"2.0","method":"eth_subscription","params":{"subscription":"0xbed0a0851463e895960a451075a301a9","result":"0xfc70d78c4a920d8d2383009499ccdf4dc1402e11ed33ed5a6c5438cd964cc4fa"}}
[2m2025-12-10T10:19:13.042493Z[0m [34mDEBUG[0m [2methereum_transaction_pool_monitor::eth_client[0m[2m:[0m 📨 Received pending transaction: 0xfc70d78c4a920d8d2383009499ccdf4dc1402e11ed33ed5a6c5438cd964cc4fa
[2m2025-12-10T10:19:13.042497Z[0m [34mDEBUG[0m [2methereum_transaction_pool_monitor::eth_client[0m[2m:[0m 📨 Received WebSocket message: {"jsonrpc":"2.0","method":"eth_subscription","params":{"subscription":"0xbed0a0851463e895960a451075a301a9","result":"0x6d16fef6f221ee48b7e31bd8dd0949a846f8ff47520a0734ec12a107fc22ffec"}}
[2m2025-12-10T10:19:13.042501Z[0m [34mDEBUG[0m [2methereum_transaction_pool_monitor::eth_client[0m[2m:[0m 📨 Received pending transaction: 0x6d16fef6f221ee48b7e31bd8dd0949a846f8ff47520a0734ec12a107fc22ffec
[2m2025-12-10T10:19:13.042504Z[0m [34mDEBUG[0m [2methereum_transaction_pool_monitor::eth_client[0m[2m:[0m 📨 Received WebSocket message: {"jsonrpc":"2.0","method":"eth_subscription","params":{"subscription":"0xbed0a0851463e895960a451075a301a9","result":"0xb062bf73c38c1548d21e2a37a4a95c6e1ee873d988032e032d4fa7247b7f469c"}}
[2m2025-12-10T10:19:13.042508Z[0m [34mDEBUG[0m [2methereum_transaction_pool_monitor::eth_client[0m[2m:[0m 📨 Received pending transaction: 0xb062bf73c38c1548d21e2a37a4a95c6e1ee873d988032e032d4fa7247b7f469c
[2m2025-12-10T10:19:13.042512Z[0m [34mDEBUG[0m [2methereum_transaction_pool_monitor::eth_client[0m[2m:[0m 📨 Received WebSocket message: {"jsonrpc":"2.0","method":"eth_subscription","params":{"subscription":"0xbed0a0851463e895960a451075a301a9","result":"0xb6d6be0bf6c1a41e39b263aeca4f3567c43e248c666b381922afa8911a2eec04"}}
[2m2025-12-10T10:19:13.042516Z[0m [34mDEBUG[0m [2methereum_transaction_pool_monitor::eth_client[0m[2m:[0m 📨 Received pending transaction: 0xb6d6be0bf6c1a41e39b263aeca4f3567c43e248c666b381922afa8911a2eec04
[2m2025-12-10T10:19:13.042519Z[0m [34mDEBUG[0m [2methereum_transaction_pool_monitor::eth_client[0m[2m:[0m 📨 Received WebSocket message: {"jsonrpc":"2.0","method":"eth_subscription","params":{"subscription":"0xbed0a0851463e895960a451075a301a9","result":"0x29cf8e0da778a37dec1c2bed29149c36f2d9ff0398dce829d859b4df401a071c"}}
[2m2025-12-10T10:19:13.042523Z[0m [34mDEBUG[0m [2methereum_transaction_pool_monitor::eth_client[0m[2m:[0m 📨 Received pending transaction: 0x29cf8e0da778a37dec1c2bed29149c36f2d9ff0398dce829d859b4df401a071c
[2m2025-12-10T10:19:13.042527Z[0m [34mDEBUG[0m [2methereum_transaction_pool_monitor::eth_client[0m[2m:[0m 📨 Received WebSocket message: {"jsonrpc":"2.0","method":"eth_subscription","params":{"subscription":"0xbed0a0851463e895960a451075a301a9","result":"0x476d5cb582ead39a6c41f51a4d230807116e2a30bd5e9933ca67c4e9d6b63a53"}}
[2m2025-12-10T10:19:13.042531Z[0m [34mDEBUG[0m [2methereum_transaction_pool_monitor::eth_client[0m[2m:[0m 📨 Received pending transaction: 0x476d5cb582ead39a6c41f51a4d230807116e2a30bd5e9933ca67c4e9d6b63a53
[2m2025-12-10T10:19:13.042534Z[0m [34mDEBUG[0m [2methereum_transaction_pool_monitor::eth_client[0m[2m:[0m 📨 Received WebSocket message: {"jsonrpc":"2.0","method":"eth_subscription","params":{"subscription":"0xbed0a0851463e895960a451075a301a9","result":"0xa872892b7ab0c5f01b28b1dc0b7636015181c3aecedc00aac92572c48ee6fc2e"}}
[2m2025-12-10T10:19:13.042543Z[0m [34mDEBUG[0m [2methereum_transaction_pool_monitor::eth_client[0m[2m:[0m 📨 Received pending transaction: 0xa872892b7ab0c5f01b28b1dc0b7636015181c3aecedc00aac92572c48ee6fc2e
[2m2025-12-10T10:19:13.042559Z[0m [34mDEBUG[0m [2methereum_transaction_pool_monitor::eth_client[0m[2m:[0m 📨 Received WebSocket message: {"jsonrpc":"2.0","method":"eth_subscription","params":{"subscription":"0xbed0a0851463e895960a451075a301a9","result":"0xbdc3234d73fe9cd6d240ab6780fe4428d32d9be5b7ae049bdeb26a5018cde6df"}}
[2m2025-12-10T10:19:13.042563Z[0m [34mDEBUG[0m [2methereum_transaction_pool_monitor::eth_client[0m[2m:[0m 📨 Received pending transaction: 0xbdc3234d73fe9cd6d240ab6780fe4428d32d9be5b7ae049bdeb26a5018cde6df
[2m2025-12-10T10:19:13.042571Z[0m [34mDEBUG[0m [2methereum_transaction_pool_monitor::eth_client[0m[2m:[0m 📨 Received WebSocket message: {"jsonrpc":"2.0","method":"eth_subscription","params":{"subscription":"0xbed0a0851463e895960a451075a301a9","result":"0x14d13bdfdff8d317ef890409d181175395a1237a8366615302af59770f7a387b"}}
[2m2025-12-10T10:19:13.042576Z[0m [34mDEBUG[0m [2methereum_transaction_pool_monitor::eth_client[0m[2m:[0m 📨 Received pending transaction: 0x14d13bdfdff8d317ef890409d181175395a1237a8366615302af59770f7a387b
[2m2025-12-10T10:19:13.042579Z[0m [34mDEBUG[0m [2methereum_transaction_pool_monitor::eth_client[0m[2m:[0m 📨 Received WebSocket message: {"jsonrpc":"2.0","method":"eth_subscription","params":{"subscription":"0xbed0a0851463e895960a451075a301a9","result":"0xa81512d8e3d3840a7fed06852c68409f0d1814d2495102d58b3d4a57bd9a6742"}}
[2m2025-12-10T10:19:13.042626Z[0m [34mDEBUG[0m [2methereum_transaction_pool_monitor::eth_client[0m[2m:[0m 📨 Received pending transaction: 0xa81512d8e3d3840a7fed06852c68409f0d1814d2495102d58b3d4a57bd9a6742
[2m2025-12-10T10:19:13.042640Z[0m [34mDEBUG[0m [2methereum_transaction_pool_monitor::eth_client[0m[2m:[0m 📨 Received WebSocket message: {"jsonrpc":"2.0","method":"eth_subscription","params":{"subscription":"0xbed0a0851463e895960a451075a301a9","result":"0x4b28e6dade9b3e324a6d21d3e6a78ff1fbe4eded728c528823b7ec49d38b0461"}}
[2m2025-12-10T10:19:13.042652Z[0m [34mDEBUG[0m [2methereum_transaction_pool_monitor::eth_client[0m[2m:[0m 📨 Received pending transaction: 0x4b28e6dade9b3e324a6d21d3e6a78ff1fbe4eded728c528823b7ec49d38b0461
[2m2025-12-10T10:19:13.042670Z[0m [34mDEBUG[0m [2methereum_transaction_pool_monitor::eth_client[0m[2m:[0m 📨 Received WebSocket message: {"jsonrpc":"2.0","method":"eth_subscription","params":{"subscription":"0xbed0a0851463e895960a451075a301a9","result":"0x7cab1b763cd075db4c4a02727bf78208f595fd3c40d77679860284d1c6a3f7f8"}}
[2m2025-12-10T10:19:13.042680Z[0m [34mDEBUG[0m [2methereum_transaction_pool_monitor::eth_client[0m[2m:[0m 📨 Received pending transaction: 0x7cab1b763cd075db4c4a02727bf78208f595fd3c40d77679860284d1c6a3f7f8
[2m2025-12-10T10:19:13.042684Z[0m [34mDEBUG[0m [2methereum_transaction_pool_monitor::eth_client[0m[2m:[0m 📨 Received WebSocket message: {"jsonrpc":"2.0","method":"eth_subscription","params":{"subscription":"0xbed0a0851463e895960a451075a301a9","result":"0xe5cf9ce1b52a03f283bc1ade982833db15d7474eb43f144374206f80a1c01685"}}
[2m2025-12-10T10:19:13.042688Z[0m [34mDEBUG[0m [2methereum_transaction_pool_monitor::eth_client[0m[2m:[0m 📨 Received pending transaction: 0xe5cf9ce1b52a03f283bc1ade982833db15d7474eb43f144374206f80a1c01685
[2m2025-12-10T10:19:13.042696Z[0m [34mDEBUG[0m [2methereum_transaction_pool_monitor::eth_client[0m[2m:[0m 📨 Received WebSocket message: {"jsonrpc":"2.0","method":"eth_subscription","params":{"subscription":"0xbed0a0851463e895960a451075a301a9","result":"0xb0f488ff75143c9e1107fd8e796a67bc5cbfbe49b159dffdcf2d9241464e058d"}}
[2m2025-12-10T10:19:13.042700Z[0m [34mDEBUG[0m [2methereum_transaction_pool_monitor::eth_client[0m[2m:[0m 📨 Received pending transaction: 0xb0f488ff75143c9e1107fd8e796a67bc5cbfbe49b159dffdcf2d9241464e058d
[2m2025-12-10T10:19:13.042823Z[0m [34mDEBUG[0m [2methereum_transaction_pool_monitor::eth_client[0m[2m:[0m 📨 Received WebSocket message: {"jsonrpc":"2.0","method":"eth_subscription","params":{"subscription":"0xbed0a0851463e895960a451075a301a9","result":"0x84ea5fb9dd211d4424f85f9ae3dbb4b3250f686aff298019ae489b9ba0a93702"}}
[2m2025-12-10T10:19:13.042828Z[0m [34mDEBUG[0m [2methereum_transaction_pool_monitor::eth_client[0m[2m:[0m 📨 Received pending transaction: 0x84ea5fb9dd211d4424f85f9ae3dbb4b3250f686aff298019ae489b9ba0a93702
[2m2025-12-10T10:19:13.042832Z[0m [34mDEBUG[0m [2methereum_transaction_pool_monitor::eth_client[0m[2m:[0m 📨 Received WebSocket message: {"jsonrpc":"2.0","method":"eth_subscription","params":{"subscription":"0xbed0a0851463e895960a451075a301a9","result":"0x9c872f4643ad88420266121d836ed80067a3d11bb7f263d6d3ce431010c76239"}}
[2m2025-12-10T10:19:13.042836Z[0m [34mDEBUG[0m [2methereum_transaction_pool_monitor::eth_client[0m[2m:[0m 📨 Received pending transaction: 0x9c872f4643ad88420266121d836ed80067a3d11bb7f263d6d3ce431010c76239
[2m2025-12-10T10:19:13.042839Z[0m [34mDEBUG[0m [2methereum_transaction_pool_monitor::eth_client[0m[2m:[0m 📨 Received WebSocket message: {"jsonrpc":"2.0","method":"eth_subscription","params":{"subscription":"0xbed0a0851463e895960a451075a301a9","result":"0xcc55e6fcf753a84605c854c4a9ac49804e13ad72e26fec5b76a50bad1012a1a6"}}
[2m2025-12-10T10:19:13.042844Z[0m [34mDEBUG[0m [2methereum_transaction_pool_monitor::eth_client[0m[2m:[0m 📨 Received pending transaction: 0xcc55e6fcf753a84605c854c4a9ac49804e13ad72e26fec5b76a50bad1012a1a6
[2m2025-12-10T10:19:13.042847Z[0m [34mDEBUG[0m [2methereum_transaction_pool_monitor::eth_client[0m[2m:[0m 📨 Received WebSocket message: {"jsonrpc":"2.0","method":"eth_subscription","params":{"subscription":"0xbed0a0851463e895960a451075a301a9","result":"0x24a537e9aa288d6549e5d73f581a32adb8d1e37556c1c02de2845643953f5baf"}}
[2m2025-12-10T10:19:13.042851Z[0m [34mDEBUG[0m [2methereum_transaction_pool_monitor::eth_client[0m[2m:[0m 📨 Received pending transaction: 0x24a537e9aa288d6549e5d73f581a32adb8d1e37556c1c02de2845643953f5baf
[2m2025-12-10T10:19:13.042855Z[0m [34mDEBUG[0m [2methereum_transaction_pool_monitor::eth_client[0m[2m:[0m 📨 Received WebSocket message: {"jsonrpc":"2.0","method":"eth_subscription","params":{"subscription":"0xbed0a0851463e895960a451075a301a9","result":"0x8475dc0de252830087712581adda4c46493435069d4d0d690eac61f720f50331"}}
[2m2025-12-10T10:19:13.042859Z[0m [34mDEBUG[0m [2methereum_transaction_pool_monitor::eth_client[0m[2m:[0m 📨 Received pending transaction: 0x8475dc0de252830087712581adda4c46493435069d4d0d690eac61f720f50331
[2m2025-12-10T10:19:13.042862Z[0m [34mDEBUG[0m [2methereum_transaction_pool_monitor::eth_client[0m[2m:[0m 📨 Received WebSocket message: {"jsonrpc":"2.0","method":"eth_subscription","params":{"subscription":"0xbed0a0851463e895960a451075a301a9","result":"0xcf845169b075b8830e971d8bd3f4b5b0cec95a131bdbd528947394b1f8437703"}}
[2m2025-12-10T10:19:13.042866Z[0m [34mDEBUG[0m [2methereum_transaction_pool_monitor::eth_client[0m[2m:[0m 📨 Received pending transaction: 0xcf845169b075b8830e971d8bd3f4b5b0cec95a131bdbd528947394b1f8437703
[2m2025-12-10T10:19:13.042870Z[0m [34mDEBUG[0m [2methereum_transaction_pool_monitor::eth_client[0m[2m:[0m 📨 Received WebSocket message: {"jsonrpc":"2.0","method":"eth_subscription","params":{"subscription":"0xbed0a0851463e895960a451075a301a9","result":"0x998107756018ab0b899fb1ac3f0b229b6cc88b51c89054fdc7bebb2c7a412c7a"}}
[2m2025-12-10T10:19:13.042874Z[0m [34mDEBUG[0m [2methereum_transaction_pool_monitor::eth_client[0m[2m:[0m 📨 Received pending transaction: 0x998107756018ab0b899fb1ac3f0b229b6cc88b51c89054fdc7bebb2c7a412c7a
[2m2025-12-10T10:19:13.042877Z[0m [34mDEBUG[0m [2methereum_transaction_pool_monitor::eth_client[0m[2m:[0m 📨 Received WebSocket message: {"jsonrpc":"2.0","method":"eth_subscription","params":{"subscription":"0xbed0a0851463e895960a451075a301a9","result":"0x0aae814b31441716d7d7843ddc47cfe1419173407de15f99c53bda8728f3079c"}}
[2m2025-12-10T10:19:13.042881Z[0m [34mDEBUG[0m [2methereum_transaction_pool_monitor::eth_client[0m[2m:[0m 📨 Received pending transaction: 0x0aae814b31441716d7d7843ddc47cfe1419173407de15f99c53bda8728f3079c
[2m2025-12-10T10:19:13.042885Z[0m [34mDEBUG[0m [2methereum_transaction_pool_monitor::eth_client[0m[2m:[0m 📨 Received WebSocket message: {"jsonrpc":"2.0","method":"eth_subscription","params":{"subscription":"0xbed0a0851463e895960a451075a301a9","result":"0x434b01afb0b8b652733ed4f384d6a4cd3c3130e412b558da2cdcf70fcf5c32cd"}}
[2m2025-12-10T10:19:13.042889Z[0m [34mDEBUG[0m [2methereum_transaction_pool_monitor::eth_client[0m[2m:[0m 📨 Received pending transaction: 0x434b01afb0b8b652733ed4f384d6a4cd3c3130e412b558da2cdcf70fcf5c32cd
[2m2025-12-10T10:19:13.042892Z[0m [34mDEBUG[0m [2methereum_transaction_pool_monitor::eth_client[0m[2m:[0m 📨 Received WebSocket message: {"jsonrpc":"2.0","method":"eth_subscription","params":{"subscription":"0xbed0a0851463e895960a451075a301a9","result":"0xcc455ce0b8d254d7d04ad203713a6c120cdc5d6dc0d5ba37ae903cc626aeb8ab"}}
[2m2025-12-10T10:19:13.042896Z[0m [34mDEBUG[0m [2methereum_transaction_pool_monitor::eth_client[0m[2m:[0m 📨 Received pending transaction: 0xcc455ce0b8d254d7d04ad203713a6c120cdc5d6dc0d5ba37ae903cc626aeb8ab
[2m2025-12-10T10:19:13.042900Z[0m [34mDEBUG[0m [2methereum_transaction_pool_monitor::eth_client[0m[2m:[0m 📨 Received WebSocket message: {"jsonrpc":"2.0","method":"eth_subscription","params":{"subscription":"0xbed0a0851463e895960a451075a301a9","result":"0x921885c95d481a1588112a55532d671e977c3e4a32ed1e5acaaea35b0f6a0739"}}
[2m2025-12-10T10:19:13.042904Z[0m [34mDEBUG[0m [2methereum_transaction_pool_monitor::eth_client[0m[2m:[0m 📨 Received pending transaction: 0x921885c95d481a1588112a55532d671e977c3e4a32ed1e5acaaea35b0f6a0739
[2m2025-12-10T10:19:13.042907Z[0m [34mDEBUG[0m [2methereum_transaction_pool_monitor::eth_client[0m[2m:[0m 📨 Received WebSocket message: {"jsonrpc":"2.0","method":"eth_subscription","params":{"subscription":"0xbed0a0851463e895960a451075a301a9","result":"0xc9e98b6510f9f346d1b45c08c34ec203ab8931dae2113bdc8065269760df9995"}}
[2m2025-12-10T10:19:13.042911Z[0m [34mDEBUG[0m [2methereum_transaction_pool_monitor::eth_client[0m[2m:[0m 📨 Received pending transaction: 0xc9e98b6510f9f346d1b45c08c34ec203ab8931dae2113bdc8065269760df9995
[2m2025-12-10T10:19:13.042915Z[0m [34mDEBUG[0m [2methereum_transaction_pool_monitor::eth_client[0m[2m:[0m 📨 Received WebSocket message: {"jsonrpc":"2.0","method":"eth_subscription","params":{"subscription":"0xbed0a0851463e895960a451075a301a9","result":"0xebdbf2e57907e89fc6edb2442514e755f7827bb6aa1049066704be87ad597a2b"}}
[2m2025-12-10T10:19:13.042919Z[0m [34mDEBUG[0m [2methereum_transaction_pool_monitor::eth_client[0m[2m:[0m 📨 Received pending transaction: 0xebdbf2e57907e89fc6edb2442514e755f7827bb6aa1049066704be87ad597a2b
[2m2025-12-10T10:19:13.042922Z[0m [34mDEBUG[0m [2methereum_transaction_pool_monitor::eth_client[0m[2m:[0m 📨 Received WebSocket message: {"jsonrpc":"2.0","method":"eth_subscription","params":{"subscription":"0xbed0a0851463e895960a451075a301a9","result":"0x310e5b6f3faa66b300742298ede47f121805a42c034951b839a85a9fd54a01de"}}
[2m2025-12-10T10:19:13.042926Z[0m [34mDEBUG[0m [2methereum_transaction_pool_monitor::eth_client[0m[2m:[0m 📨 Received pending transaction: 0x310e5b6f3faa66b300742298ede47f121805a42c034951b839a85a9fd54a01de
[2m2025-12-10T10:19:13.042930Z[0m [34mDEBUG[0m [2methereum_transaction_pool_monitor::eth_client[0m[2m:[0m 📨 Received WebSocket message: {"jsonrpc":"2.0","method":"eth_subscription","params":{"subscription":"0xbed0a0851463e895960a451075a301a9","result":"0x96f8b6daa10f788f15e7e8f527438ee6c4ccab27f6c10efd57b00368c8039212"}}
[2m2025-12-10T10:19:13.042934Z[0m [34mDEBUG[0m [2methereum_transaction_pool_monitor::eth_client[0m[2m:[0m 📨 Received pending transaction: 0x96f8b6daa10f788f15e7e8f527438ee6c4ccab27f6c10efd57b00368c8039212
[2m2025-12-10T10:19:13.042937Z[0m [34mDEBUG[0m [2methereum_transaction_pool_monitor::eth_client[0m[2m:[0m 📨 Received WebSocket message: {"jsonrpc":"2.0","method":"eth_subscription","params":{"subscription":"0xbed0a0851463e895960a451075a301a9","result":"0xd37d0c1fb0c42c77da55204f83ea230aec332afe0dff493db0ceac6468db9178"}}
[2m2025-12-10T10:19:13.042941Z[0m [34mDEBUG[0m [2methereum_transaction_pool_monitor::eth_client[0m[2m:[0m 📨 Received pending transaction: 0xd37d0c1fb0c42c77da55204f83ea230aec332afe0dff493db0ceac6468db9178
[2m2025-12-10T10:19:13.042944Z[0m [34mDEBUG[0m [2methereum_transaction_pool_monitor::eth_client[0m[2m:[0m 📨 Received WebSocket message: {"jsonrpc":"2.0","method":"eth_subscription","params":{"subscription":"0xbed0a0851463e895960a451075a301a9","result":"0xbd9cbd862e01ed557834e9526e4a7e93036e3c003cc1280f64478995ede6458f"}}
[2m2025-12-10T10:19:13.042948Z[0m [34mDEBUG[0m [2methereum_transaction_pool_monitor::eth_client[0m[2m:[0m 📨 Received pending transaction: 0xbd9cbd862e01ed557834e9526e4a7e93036e3c003cc1280f64478995ede6458f
[2m2025-12-10T10:19:13.042952Z[0m [34mDEBUG[0m [2methereum_transaction_pool_monitor::eth_client[0m[2m:[0m 📨 Received WebSocket message: {"jsonrpc":"2.0","method":"eth_subscription","params":{"subscription":"0xbed0a0851463e895960a451075a301a9","result":"0x11f5e910b42b1ecd6c5741a975bf1feed890e8f32d480551060375e0ea3eff88"}}
[2m2025-12-10T10:19:13.042956Z[0m [34mDEBUG[0m [2methereum_transaction_pool_monitor::eth_client[0m[2m:[0m 📨 Received pending transaction: 0x11f5e910b42b1ecd6c5741a975bf1feed890e8f32d480551060375e0ea3eff88
[2m2025-12-10T10:19:13.042959Z[0m [34mDEBUG[0m [2methereum_transaction_pool_monitor::eth_client[0m[2m:[0m 📨 Received WebSocket message: {"jsonrpc":"2.0","method":"eth_subscription","params":{"subscription":"0xbed0a0851463e895960a451075a301a9","result":"0x0ca2072612d18908ed3442392e1e17f1070d120325ae8a9a32e13bb9127ae5c7"}}
[2m2025-12-10T10:19:13.042963Z[0m [34mDEBUG[0m [2methereum_transaction_pool_monitor::eth_client[0m[2m:[0m 📨 Received pending transaction: 0x0ca2072612d18908ed3442392e1e17f1070d120325ae8a9a32e13bb9127ae5c7
[2m2025-12-10T10:19:13.042967Z[0m [34mDEBUG[0m [2methereum_transaction_pool_monitor::eth_client[0m[2m:[0m 📨 Received WebSocket message: {"jsonrpc":"2.0","method":"eth_subscription","params":{"subscription":"0xbed0a0851463e895960a451075a301a9","result":"0x71223b4b12e4e7c2a51110054a1f99e843b3da29719d4cc9c937c4115f44d05e"}}
[2m2025-12-10T10:19:13.042971Z[0m [34mDEBUG[0m [2methereum_transaction_pool_monitor::eth_client[0m[2m:[0m 📨 Received pending transaction: 0x71223b4b12e4e7c2a51110054a1f99e843b3da29719d4cc9c937c4115f44d05e
[2m2025-12-10T10:19:13.042974Z[0m [34mDEBUG[0m [2methereum_transaction_pool_monitor::eth_client[0m[2m:[0m 📨 Received WebSocket message: {"jsonrpc":"2.0","method":"eth_subscription","params":{"subscription":"0xbed0a0851463e895960a451075a301a9","result":"0xb706f28ad85ba5b099aa371f085eda165d104931dacbc47443c5e5a6969214ea"}}
[2m2025-12-10T10:19:13.042978Z[0m [34mDEBUG[0m [2methereum_transaction_pool_monitor::eth_client[0m[2m:[0m 📨 Received pending transaction: 0xb706f28ad85ba5b099aa371f085eda165d104931dacbc47443c5e5a6969214ea
[2m2025-12-10T10:19:13.042982Z[0m [34mDEBUG[0m [2methereum_transaction_pool_monitor::eth_client[0m[2m:[0m 📨 Received WebSocket message: {"jsonrpc":"2.0","method":"eth_subscription","params":{"subscription":"0xbed0a0851463e895960a451075a301a9","result":"0x392e1a4afec9996260196851818978ea7e6ace8f3bf612248be64db8c8f3d206"}}
[2m2025-12-10T10:19:13.042986Z[0m [34mDEBUG[0m [2methereum_transaction_pool_monitor::eth_client[0m[2m:[0m 📨 Received pending transaction: 0x392e1a4afec9996260196851818978ea7e6ace8f3bf612248be64db8c8f3d206
[2m2025-12-10T10:19:13.042990Z[0m [34mDEBUG[0m [2methereum_transaction_pool_monitor::eth_client[0m[2m:[0m 📨 Received WebSocket message: {"jsonrpc":"2.0","method":"eth_subscription","params":{"subscription":"0xbed0a0851463e895960a451075a301a9","result":"0xeb19981d70ff47a02ecf59e92b99dd88202480cd0b12930008493c720a474bc7"}}
[2m2025-12-10T10:19:13.042994Z[0m [34mDEBUG[0m [2methereum_transaction_pool_monitor::eth_client[0m[2m:[0m 📨 Received pending transaction: 0xeb19981d70ff47a02ecf59e92b99dd88202480cd0b12930008493c720a474bc7
[2m2025-12-10T10:19:13.042998Z[0m [34mDEBUG[0m [2methereum_transaction_pool_monitor::eth_client[0m[2m:[0m 📨 Received WebSocket message: {"jsonrpc":"2.0","method":"eth_subscription","params":{"subscription":"0xbed0a0851463e895960a451075a301a9","result":"0x2287b41f81c93416966b919da7b7af1db40318908455a77ffd1c229ce036b9c5"}}
[2m2025-12-10T10:19:13.043002Z[0m [34mDEBUG[0m [2methereum_transaction_pool_monitor::eth_client[0m[2m:[0m 📨 Received pending transaction: 0x2287b41f81c93416966b919da7b7af1db40318908455a77ffd1c229ce036b9c5
[2m2025-12-10T10:19:13.043005Z[0m [34mDEBUG[0m [2methereum_transaction_pool_monitor::eth_client[0m[2m:[0m 📨 Received WebSocket message: {"jsonrpc":"2.0","method":"eth_subscription","params":{"subscription":"0xbed0a0851463e895960a451075a301a9","result":"0x22da1d7694a84056f5e4b1b255c4c847cb87a628b6386d2f630d0d9466804b2a"}}
[2m2025-12-10T10:19:13.043009Z[0m [34mDEBUG[0m [2methereum_transaction_pool_monitor::eth_client[0m[2m:[0m 📨 Received pending transaction: 0x22da1d7694a84056f5e4b1b255c4c847cb87a628b6386d2f630d0d9466804b2a
[2m2025-12-10T10:19:13.043012Z[0m [34mDEBUG[0m [2methereum_transaction_pool_monitor::eth_client[0m[2m:[0m 📨 Received WebSocket message: {"jsonrpc":"2.0","method":"eth_subscription","params":{"subscription":"0xbed0a0851463e895960a451075a301a9","result":"0x05bfcef824b90f2ab3822635d747f1dd3faed0caec7e6ba7265bf7dd7614ed63"}}
[2m2025-12-10T10:19:13.043016Z[0m [34mDEBUG[0m [2methereum_transaction_pool_monitor::eth_client[0m[2m:[0m 📨 Received pending transaction: 0x05bfcef824b90f2ab3822635d747f1dd3faed0caec7e6ba7265bf7dd7614ed63
[2m2025-12-10T10:19:13.043020Z[0m [34mDEBUG[0m [2methereum_transaction_pool_monitor::eth_client[0m[2m:[0m 📨 Received WebSocket message: {"jsonrpc":"2.0","method":"eth_subscription","params":{"subscription":"0xbed0a0851463e895960a451075a301a9","result":"0xf067303b4c04d141ee88ad20f6f7bbfd57027849442c7d51b4e4697c86c893e3"}}
[2m2025-12-10T10:19:13.043024Z[0m [34mDEBUG[0m [2methereum_transaction_pool_monitor::eth_client[0m[2m:[0m 📨 Received pending transaction: 0xf067303b4c04d141ee88ad20f6f7bbfd57027849442c7d51b4e4697c86c893e3
[2m2025-12-10T10:19:13.043027Z[0m [34mDEBUG[0m [2methereum_transaction_pool_monitor::eth_client[0m[2m:[0m 📨 Received WebSocket message: {"jsonrpc":"2.0","method":"eth_subscription","params":{"subscription":"0xbed0a0851463e895960a451075a301a9","result":"0x731379444aa3f38dd4c819e828014c83e9f1c65e50776f1b8ec0e63459bac42c"}}
[2m2025-12-10T10:19:13.043031Z[0m [34mDEBUG[0m [2methereum_transaction_pool_monitor::eth_client[0m[2m:[0m 📨 Received pending transaction: 0x731379444aa3f38dd4c819e828014c83e9f1c65e50776f1b8ec0e63459bac42c
[2m2025-12-10T10:19:13.043035Z[0m [34mDEBUG[0m [2methereum_transaction_pool_monitor::eth_client[0m[2m:[0m 📨 Received WebSocket message: {"jsonrpc":"2.0","method":"eth_subscription","params":{"subscription":"0xbed0a0851463e895960a451075a301a9","result":"0xb9982a2e4fef46c4bd7b04aa9b199e14c46c40cc47b49b8a5582b4b224ba6844"}}
[2m2025-12-10T10:19:13.043039Z[0m [34mDEBUG[0m [2methereum_transaction_pool_monitor::eth_client[0m[2m:[0m 📨 Received pending transaction: 0xb9982a2e4fef46c4bd7b04aa9b199e14c46c40cc47b49b8a5582b4b224ba6844
[2m2025-12-10T10:19:13.055918Z[0m [34mDEBUG[0m [2methereum_transaction_pool_monitor::eth_client[0m[2m:[0m 📨 Received WebSocket message: {"jsonrpc":"2.0","method":"eth_subscription","params":{"subscription":"0xbed0a0851463e895960a451075a301a9","result":"0xef2563f9e21a20ee465670afe72aa2cd80c03f63060979dd7d4a3616873a3255"}}
[2m2025-12-10T10:19:13.056153Z[0m [34mDEBUG[0m [2methereum_transaction_pool_monitor::eth_client[0m[2m:[0m 📨 Received pending transaction: 0xef2563f9e21a20ee465670afe72aa2cd80c03f63060979dd7d4a3616873a3255
[2m2025-12-10T10:19:13.056185Z[0m [34mDEBUG[0m [2methereum_transaction_pool_monitor::eth_client[0m[2m:[0m 📨 Received WebSocket message: {"jsonrpc":"2.0","method":"eth_subscription","params":{"subscription":"0xbed0a0851463e895960a451075a301a9","result":"0x852067a1b660b45ed613b8caa0fbad661c27dbc450f3bb14c1b74c96eea2cd7b"}}
[2m2025-12-10T10:19:13.056213Z[0m [34mDEBUG[0m [2methereum_transaction_pool_monitor::eth_client[0m[2m:[0m 📨 Received pending transaction: 0x852067a1b660b45ed613b8caa0fbad661c27dbc450f3bb14c1b74c96eea2cd7b
[2m2025-12-10T10:19:13.056230Z[0m [34mDEBUG[0m [2methereum_transaction_pool_monitor::eth_client[0m[2m:[0m 📨 Received WebSocket message: {"jsonrpc":"2.0","method":"eth_subscription","params":{"subscription":"0xbed0a0851463e895960a451075a301a9","result":"0x9a6044c6f24d497f00425b09d733b80fda843d3be7a97aca7293d6dad79a38b3"}}
[2m2025-12-10T10:19:13.056239Z[0m [34mDEBUG[0m [2methereum_transaction_pool_monitor::eth_client[0m[2m:[0m 📨 Received pending transaction: 0x9a6044c6f24d497f00425b09d733b80fda843d3be7a97aca7293d6dad79a38b3
[2m2025-12-10T10:19:13.056243Z[0m [34mDEBUG[0m [2methereum_transaction_pool_monitor::eth_client[0m[2m:[0m 📨 Received WebSocket message: {"jsonrpc":"2.0","method":"eth_subscription","params":{"subscription":"0xbed0a0851463e895960a451075a301a9","result":"0xfa48115a58ca39b00e602779fb9a08e1c7fca0a08827055da1a2d5b8c119426c"}}
[2m2025-12-10T10:19:13.056249Z[0m [34mDEBUG[0m [2methereum_transaction_pool_monitor::eth_client[0m[2m:[0m 📨 Received pending transaction: 0xfa48115a58ca39b00e602779fb9a08e1c7fca0a08827055da1a2d5b8c119426c
[2m2025-12-10T10:19:13.056253Z[0m [34mDEBUG[0m [2methereum_transaction_pool_monitor::eth_client[0m[2m:[0m 📨 Received WebSocket message: {"jsonrpc":"2.0","method":"eth_subscription","params":{"subscription":"0xbed0a0851463e895960a451075a301a9","result":"0xc9709f722a829a85093eb914bd6cb33d6c21162d5e39badff726bfddf378b726"}}
[2m2025-12-10T10:19:13.056263Z[0m [34mDEBUG[0m [2methereum_transaction_pool_monitor::eth_client[0m[2m:[0m 📨 Received pending transaction: 0xc9709f722a829a85093eb914bd6cb33d6c21162d5e39badff726bfddf378b726
[2m2025-12-10T10:19:13.056267Z[0m [34mDEBUG[0m [2methereum_transaction_pool_monitor::eth_client[0m[2m:[0m 📨 Received WebSocket message: {"jsonrpc":"2.0","method":"eth_subscription","params":{"subscription":"0xbed0a0851463e895960a451075a301a9","result":"0x319cb050c1b9c0d2a4c3620f52280a9a1005b01cb3aa21d5367fd89f24726a69"}}
[2m2025-12-10T10:19:13.056271Z[0m [34mDEBUG[0m [2methereum_transaction_pool_monitor::eth_client[0m[2m:[0m 📨 Received pending transaction: 0x319cb050c1b9c0d2a4c3620f52280a9a1005b01cb3aa21d5367fd89f24726a69
[2m2025-12-10T10:19:13.056275Z[0m [34mDEBUG[0m [2methereum_transaction_pool_monitor::eth_client[0m[2m:[0m 📨 Received WebSocket message: {"jsonrpc":"2.0","method":"eth_subscription","params":{"subscription":"0xbed0a0851463e895960a451075a301a9","result":"0x4f18bfa37240e572b4da9d34bf823be1bc8b7198cc04aa6425830c592b770076"}}
[2m2025-12-10T10:19:13.056280Z[0m [34mDEBUG[0m [2methereum_transaction_pool_monitor::eth_client[0m[2m:[0m 📨 Received pending transaction: 0x4f18bfa37240e572b4da9d34bf823be1bc8b7198cc04aa6425830c592b770076
[2m2025-12-10T10:19:13.056283Z[0m [34mDEBUG[0m [2methereum_transaction_pool_monitor::eth_client[0m[2m:[0m 📨 Received WebSocket message: {"jsonrpc":"2.0","method":"eth_subscription","params":{"subscription":"0xbed0a0851463e895960a451075a301a9","result":"0x4b329acb5ef8806799c68499bdfee249a7370f0dfe15860f0c3334e410165d3c"}}
[2m2025-12-10T10:19:13.056288Z[0m [34mDEBUG[0m [2methereum_transaction_pool_monitor::eth_client[0m[2m:[0m 📨 Received pending transaction: 0x4b329acb5ef8806799c68499bdfee249a7370f0dfe15860f0c3334e410165d3c
[2m2025-12-10T10:19:13.056291Z[0m [34mDEBUG[0m [2methereum_transaction_pool_monitor::eth_client[0m[2m:[0m 📨 Received WebSocket message: {"jsonrpc":"2.0","method":"eth_subscription","params":{"subscription":"0xbed0a0851463e895960a451075a301a9","result":"0x12635d4c912aa4c2c059f439c3f0887d41c26633955e32f79434b8ab1cb79f58"}}
[2m2025-12-10T10:19:13.056296Z[0m [34mDEBUG[0m [2methereum_transaction_pool_monitor::eth_client[0m[2m:[0m 📨 Received pending transaction: 0x12635d4c912aa4c2c059f439c3f0887d41c26633955e32f79434b8ab1cb79f58
[2m2025-12-10T10:19:13.056322Z[0m [34mDEBUG[0m [2methereum_transaction_pool_monitor::eth_client[0m[2m:[0m 📨 Received WebSocket message: {"jsonrpc":"2.0","method":"eth_subscription","params":{"subscription":"0xbed0a0851463e895960a451075a301a9","result":"0x33217a017dbd951c0ee401633acb97d7acb9406ee31e6a2e9869f9bca9b8e044"}}
[2m2025-12-10T10:19:13.056329Z[0m [34mDEBUG[0m [2methereum_transaction_pool_monitor::eth_client[0m[2m:[0m 📨 Received pending transaction: 0x33217a017dbd951c0ee401633acb97d7acb9406ee31e6a2e9869f9bca9b8e044
[2m2025-12-10T10:19:13.056350Z[0m [34mDEBUG[0m [2methereum_transaction_pool_monitor::eth_client[0m[2m:[0m 📨 Received WebSocket message: {"jsonrpc":"2.0","method":"eth_subscription","params":{"subscription":"0xbed0a0851463e895960a451075a301a9","result":"0x254b6e01571f1ee6f22ace1659077273f03cd25deb7a48893cabe068de9e4eed"}}
[2m2025-12-10T10:19:13.056355Z[0m [34mDEBUG[0m [2methereum_transaction_pool_monitor::eth_client[0m[2m:[0m 📨 Received pending transaction: 0x254b6e01571f1ee6f22ace1659077273f03cd25deb7a48893cabe068de9e4eed
[2m2025-12-10T10:19:13.056365Z[0m [34mDEBUG[0m [2methereum_transaction_pool_monitor::eth_client[0m[2m:[0m 📨 Received WebSocket message: {"jsonrpc":"2.0","method":"eth_subscription","params":{"subscription":"0xbed0a0851463e895960a451075a301a9","result":"0x316dad0dcad4c47ca33e30c3355e637bd649a305b213f52805b5cc1786d75227"}}
[2m2025-12-10T10:19:13.056370Z[0m [34mDEBUG[0m [2methereum_transaction_pool_monitor::eth_client[0m[2m:[0m 📨 Received pending transaction: 0x316dad0dcad4c47ca33e30c3355e637bd649a305b213f52805b5cc1786d75227
[2m2025-12-10T10:19:13.056374Z[0m [34mDEBUG[0m [2methereum_transaction_pool_monitor::eth_client[0m[2m:[0m 📨 Received WebSocket message: {"jsonrpc":"2.0","method":"eth_subscription","params":{"subscription":"0xbed0a0851463e895960a451075a301a9","result":"0xef302d9c13e0e6eba0ba89e6c5d8540c17ce76f77cb642fe2595a37f652fd427"}}
[2m2025-12-10T10:19:13.056379Z[0m [34mDEBUG[0m [2methereum_transaction_pool_monitor::eth_client[0m[2m:[0m 📨 Received pending transaction: 0xef302d9c13e0e6eba0ba89e6c5d8540c17ce76f77cb642fe2595a37f652fd427
[2m2025-12-10T10:19:13.056383Z[0m [34mDEBUG[0m [2methereum_transaction_pool_monitor::eth_client[0m[2m:[0m 📨 Received WebSocket message: {"jsonrpc":"2.0","method":"eth_subscription","params":{"subscription":"0xbed0a0851463e895960a451075a301a9","result":"0x67b2b70776ee1fd667083029b002b6c9dec86f3784fdb1907a1454d323b91117"}}
[2m2025-12-10T10:19:13.056388Z[0m [34mDEBUG[0m [2methereum_transaction_pool_monitor::eth_client[0m[2m:[0m 📨 Received pending transaction: 0x67b2b70776ee1fd667083029b002b6c9dec86f3784fdb1907a1454d323b91117
[2m2025-12-10T10:19:13.056394Z[0m [34mDEBUG[0m [2methereum_transaction_pool_monitor::eth_client[0m[2m:[0m 📨 Received WebSocket message: {"jsonrpc":"2.0","method":"eth_subscription","params":{"subscription":"0xbed0a0851463e895960a451075a301a9","result":"0xe6a687f63c0b14ce4b1c4706dd954a95b51872ca2d4be9befe645b2c83d94a92"}}
[2m2025-12-10T10:19:13.056398Z[0m [34mDEBUG[0m [2methereum_transaction_pool_monitor::eth_client[0m[2m:[0m 📨 Received pending transaction: 0xe6a687f63c0b14ce4b1c4706dd954a95b51872ca2d4be9befe645b2c83d94a92
[2m2025-12-10T10:19:13.056409Z[0m [34mDEBUG[0m [2methereum_transaction_pool_monitor::eth_client[0m[2m:[0m 📨 Received WebSocket message: {"jsonrpc":"2.0","method":"eth_subscription","params":{"subscription":"0xbed0a0851463e895960a451075a301a9","result":"0x8fb4b94cc940d2ac641f9d1f7f93c78652f9f45643e067f7ea11ddf8b664285e"}}
[2m2025-12-10T10:19:13.056414Z[0m [34mDEBUG[0m [2methereum_transaction_pool_monitor::eth_client[0m[2m:[0m 📨 Received pending transaction: 0x8fb4b94cc940d2ac641f9d1f7f93c78652f9f45643e067f7ea11ddf8b664285e
[2m2025-12-10T10:19:13.056441Z[0m [34mDEBUG[0m [2methereum_transaction_pool_monitor::eth_client[0m[2m:[0m 📨 Received WebSocket message: {"jsonrpc":"2.0","method":"eth_subscription","params":{"subscription":"0xbed0a0851463e895960a451075a301a9","result":"0xde5c483e1372ab716fff7daf7965e1493932fab2818299c4bb7e8b1619af6d45"}}
[2m2025-12-10T10:19:13.056468Z[0m [34mDEBUG[0m [2methereum_transaction_pool_monitor::eth_client[0m[2m:[0m 📨 Received pending transaction: 0xde5c483e1372ab716fff7daf7965e1493932fab2818299c4bb7e8b1619af6d45
[2m2025-12-10T10:19:13.056473Z[0m [34mDEBUG[0m [2methereum_transaction_pool_monitor::eth_client[0m[2m:[0m 📨 Received WebSocket message: {"jsonrpc":"2.0","method":"eth_subscription","params":{"subscription":"0xbed0a0851463e895960a451075a301a9","result":"0x967c02077dc3bab3e845ed1cca5d5cc526ada212929e369d0d0d25d991afab75"}}
[2m2025-12-10T10:19:13.056497Z[0m [34mDEBUG[0m [2methereum_transaction_pool_monitor::eth_client[0m[2m:[0m 📨 Received pending transaction: 0x967c02077dc3bab3e845ed1cca5d5cc526ada212929e369d0d0d25d991afab75
[2m2025-12-10T10:19:13.056502Z[0m [34mDEBUG[0m [2methereum_transaction_pool_monitor::eth_client[0m[2m:[0m 📨 Received WebSocket message: {"jsonrpc":"2.0","method":"eth_subscription","params":{"subscription":"0xbed0a0851463e895960a451075a301a9","result":"0xd0e3662831dac48f704cae1d7ae2924d8f2ee21043bd2010b0bff8f4e074fb2f"}}
[2m2025-12-10T10:19:13.056523Z[0m [34mDEBUG[0m [2methereum_transaction_pool_monitor::eth_client[0m[2m:[0m 📨 Received pending transaction: 0xd0e3662831dac48f704cae1d7ae2924d8f2ee21043bd2010b0bff8f4e074fb2f
[2m2025-12-10T10:19:13.056527Z[0m [34mDEBUG[0m [2methereum_transaction_pool_monitor::eth_client[0m[2m:[0m 📨 Received WebSocket message: {"jsonrpc":"2.0","method":"eth_subscription","params":{"subscription":"0xbed0a0851463e895960a451075a301a9","result":"0xeb45bf786fc126b57fad5a0ffb83e5a254fd983d7c524b98b1bdf01fd6046ac2"}}
[2m2025-12-10T10:19:13.056532Z[0m [34mDEBUG[0m [2methereum_transaction_pool_monitor::eth_client[0m[2m:[0m 📨 Received pending transaction: 0xeb45bf786fc126b57fad5a0ffb83e5a254fd983d7c524b98b1bdf01fd6046ac2
[2m2025-12-10T10:19:13.056552Z[0m [34mDEBUG[0m [2methereum_transaction_pool_monitor::eth_client[0m[2m:[0m 📨 Received WebSocket message: {"jsonrpc":"2.0","method":"eth_subscription","params":{"subscription":"0xbed0a0851463e895960a451075a301a9","result":"0xbdf80e83a265cb9148d80dfd08476a9e77a724bcef95a23ee6ce1d9224b22344"}}
[2m2025-12-10T10:19:13.056557Z[0m [34mDEBUG[0m [2methereum_transaction_pool_monitor::eth_client[0m[2m:[0m 📨 Received pending transaction: 0xbdf80e83a265cb9148d80dfd08476a9e77a724bcef95a23ee6ce1d9224b22344
[2m2025-12-10T10:19:13.056583Z[0m [34mDEBUG[0m [2methereum_transaction_pool_monitor::eth_client[0m[2m:[0m 📨 Received WebSocket message: {"jsonrpc":"2.0","method":"eth_subscription","params":{"subscription":"0xbed0a0851463e895960a451075a301a9","result":"0x32dfe64631879e445cfc53c75525a95863c6481ac9a73a9b7855ac2ead6b87d1"}}
[2m2025-12-10T10:19:13.056589Z[0m [34mDEBUG[0m [2methereum_transaction_pool_monitor::eth_client[0m[2m:[0m 📨 Received pending transaction: 0x32dfe64631879e445cfc53c75525a95863c6481ac9a73a9b7855ac2ead6b87d1
[2m2025-12-10T10:19:13.056595Z[0m [34mDEBUG[0m [2methereum_transaction_pool_monitor::eth_client[0m[2m:[0m 📨 Received WebSocket message: {"jsonrpc":"2.0","method":"eth_subscription","params":{"subscription":"0xbed0a0851463e895960a451075a301a9","result":"0x13acf1f5157e06765564043ff51b4f7d4736364126eb2035cd9002a70d828ed9"}}
[2m2025-12-10T10:19:13.056600Z[0m [34mDEBUG[0m [2methereum_transaction_pool_monitor::eth_client[0m[2m:[0m 📨 Received pending transaction: 0x13acf1f5157e06765564043ff51b4f7d4736364126eb2035cd9002a70d828ed9
[2m2025-12-10T10:19:13.056604Z[0m [34mDEBUG[0m [2methereum_transaction_pool_monitor::eth_client[0m[2m:[0m 📨 Received WebSocket message: {"jsonrpc":"2.0","method":"eth_subscription","params":{"subscription":"0xbed0a0851463e895960a451075a301a9","result":"0x49052baa4d38b92a5f470d688dac390e41147f6114f2ea6d2b06f2657c340500"}}
[2m2025-12-10T10:19:13.056609Z[0m [34mDEBUG[0m [2methereum_transaction_pool_monitor::eth_client[0m[2m:[0m 📨 Received pending transaction: 0x49052baa4d38b92a5f470d688dac390e41147f6114f2ea6d2b06f2657c340500
[2m2025-12-10T10:19:13.056613Z[0m [34mDEBUG[0m [2methereum_transaction_pool_monitor::eth_client[0m[2m:[0m 📨 Received WebSocket message: {"jsonrpc":"2.0","method":"eth_subscription","params":{"subscription":"0xbed0a0851463e895960a451075a301a9","result":"0x890138b9cee200a2947704a5ac6e91e1cfecc92a39f2934b77f15d59a3178f79"}}
[2m2025-12-10T10:19:13.056617Z[0m [34mDEBUG[0m [2methereum_transaction_pool_monitor::eth_client[0m[2m:[0m 📨 Received pending transaction: 0x890138b9cee200a2947704a5ac6e91e1cfecc92a39f2934b77f15d59a3178f79
[2m2025-12-10T10:19:13.056621Z[0m [34mDEBUG[0m [2methereum_transaction_pool_monitor::eth_client[0m[2m:[0m 📨 Received WebSocket message: {"jsonrpc":"2.0","method":"eth_subscription","params":{"subscription":"0xbed0a0851463e895960a451075a301a9","result":"0xec841091ae1fa8e8c33755b3489b92ab72b2510a88fa3fdaa524754ceb468b1b"}}
[2m2025-12-10T10:19:13.056626Z[0m [34mDEBUG[0m [2methereum_transaction_pool_monitor::eth_client[0m[2m:[0m 📨 Received pending transaction: 0xec841091ae1fa8e8c33755b3489b92ab72b2510a88fa3fdaa524754ceb468b1b
[2m2025-12-10T10:19:13.056629Z[0m [34mDEBUG[0m [2methereum_transaction_pool_monitor::eth_client[0m[2m:[0m 📨 Received WebSocket message: {"jsonrpc":"2.0","method":"eth_subscription","params":{"subscription":"0xbed0a0851463e895960a451075a301a9","result":"0x9769f1575a8c4ad38f0327f780e084e9f96935f407c5cbe82e8781a2d8db6b40"}}
[2m2025-12-10T10:19:13.056634Z[0m [34mDEBUG[0m [2methereum_transaction_pool_monitor::eth_client[0m[2m:[0m 📨 Received pending transaction: 0x9769f1575a8c4ad38f0327f780e084e9f96935f407c5cbe82e8781a2d8db6b40
[2m2025-12-10T10:19:13.056638Z[0m [34mDEBUG[0m [2methereum_transaction_pool_monitor::eth_client[0m[2m:[0m 📨 Received WebSocket message: {"jsonrpc":"2.0","method":"eth_subscription","params":{"subscription":"0xbed0a0851463e895960a451075a301a9","result":"0x91aa9a6c0fea4bded6bbb35d8beff72a283fcaebe0bf5f5d5eb19a9a41fc6d57"}}
[2m2025-12-10T10:19:13.056642Z[0m [34mDEBUG[0m [2methereum_transaction_pool_monitor::eth_client[0m[2m:[0m 📨 Received pending transaction: 0x91aa9a6c0fea4bded6bbb35d8beff72a283fcaebe0bf5f5d5eb19a9a41fc6d57
[2m2025-12-10T10:19:13.056645Z[0m [34mDEBUG[0m [2methereum_transaction_pool_monitor::eth_client[0m[2m:[0m 📨 Received WebSocket message: {"jsonrpc":"2.0","method":"eth_subscription","params":{"subscription":"0xbed0a0851463e895960a451075a301a9","result":"0x4f4b4b395c4fa1c7a5941a9ac89ae2c0b1925048fda597545dab4af2133d9294"}}
[2m2025-12-10T10:19:13.056650Z[0m [34mDEBUG[0m [2methereum_transaction_pool_monitor::eth_client[0m[2m:[0m 📨 Received pending transaction: 0x4f4b4b395c4fa1c7a5941a9ac89ae2c0b1925048fda597545dab4af2133d9294
[2m2025-12-10T10:19:13.056653Z[0m [34mDEBUG[0m [2methereum_transaction_pool_monitor::eth_client[0m[2m:[0m 📨 Received WebSocket message: {"jsonrpc":"2.0","method":"eth_subscription","params":{"subscription":"0xbed0a0851463e895960a451075a301a9","result":"0xea04799553ffd2d85369089a19800b2a4b9e79bf2b852f9537387112b71fda4a"}}
[2m2025-12-10T10:19:13.056660Z[0m [34mDEBUG[0m [2methereum_transaction_pool_monitor::eth_client[0m[2m:[0m 📨 Received pending transaction: 0xea04799553ffd2d85369089a19800b2a4b9e79bf2b852f9537387112b71fda4a
[2m2025-12-10T10:19:13.056664Z[0m [34mDEBUG[0m [2methereum_transaction_pool_monitor::eth_client[0m[2m:[0m 📨 Received WebSocket message: {"jsonrpc":"2.0","method":"eth_subscription","params":{"subscription":"0xbed0a0851463e895960a451075a301a9","result":"0x865e66cd7504f9084c8885ceb3b4ea006742369cf9ffa16290b3e53123ffe594"}}
[2m2025-12-10T10:19:13.058035Z[0m [34mDEBUG[0m [2methereum_transaction_pool_monitor::eth_client[0m[2m:[0m 📨 Received pending transaction: 0x865e66cd7504f9084c8885ceb3b4ea006742369cf9ffa16290b3e53123ffe594
[2m2025-12-10T10:19:13.058061Z[0m [34mDEBUG[0m [2methereum_transaction_pool_monitor::eth_client[0m[2m:[0m 📨 Received WebSocket message: {"jsonrpc":"2.0","method":"eth_subscription","params":{"subscription":"0xbed0a0851463e895960a451075a301a9","result":"0x5fa578cceed186a7803cdc5930ceb8043b638f426546e5601c10e5fb9eaa8e70"}}
[2m2025-12-10T10:19:13.058178Z[0m [34mDEBUG[0m [2methereum_transaction_pool_monitor::eth_client[0m[2m:[0m 📨 Received pending transaction: 0x5fa578cceed186a7803cdc5930ceb8043b638f426546e5601c10e5fb9eaa8e70
[2m2025-12-10T10:19:13.058185Z[0m [34mDEBUG[0m [2methereum_transaction_pool_monitor::eth_client[0m[2m:[0m 📨 Received WebSocket message: {"jsonrpc":"2.0","method":"eth_subscription","params":{"subscription":"0xbed0a0851463e895960a451075a301a9","result":"0x723497734f86b55724d66c26c97739ba6ac9978ba3818034c10ff48c3bbb2ab7"}}
[2m2025-12-10T10:19:13.058191Z[0m [34mDEBUG[0m [2methereum_transaction_pool_monitor::eth_client[0m[2m:[0m 📨 Received pending transaction: 0x723497734f86b55724d66c26c97739ba6ac9978ba3818034c10ff48c3bbb2ab7
[2m2025-12-10T10:19:13.058196Z[0m [34mDEBUG[0m [2methereum_transaction_pool_monitor::eth_client[0m[2m:[0m 📨 Received WebSocket message: {"jsonrpc":"2.0","method":"eth_subscription","params":{"subscription":"0xbed0a0851463e895960a451075a301a9","result":"0x515c8aedd666b8719141206e1ed6c54b1b7ced64e8cc9fba728eaab819f105ce"}}
[2m2025-12-10T10:19:13.058200Z[0m [34mDEBUG[0m [2methereum_transaction_pool_monitor::eth_client[0m[2m:[0m 📨 Received pending transaction: 0x515c8aedd666b8719141206e1ed6c54b1b7ced64e8cc9fba728eaab819f105ce
[2m2025-12-10T10:19:13.058204Z[0m [34mDEBUG[0m [2methereum_transaction_pool_monitor::eth_client[0m[2m:[0m 📨 Received WebSocket message: {"jsonrpc":"2.0","method":"eth_subscription","params":{"subscription":"0xbed0a0851463e895960a451075a301a9","result":"0x9e8ea9f4aaab255036cfced2e3adcb5f4b7e87202271b8e9a1c7991463046754"}}
[2m2025-12-10T10:19:13.058209Z[0m [34mDEBUG[0m [2methereum_transaction_pool_monitor::eth_client[0m[2m:[0m 📨 Received pending transaction: 0x9e8ea9f4aaab255036cfced2e3adcb5f4b7e87202271b8e9a1c7991463046754
[2m2025-12-10T10:19:13.058213Z[0m [34mDEBUG[0m [2methereum_transaction_pool_monitor::eth_client[0m[2m:[0m 📨 Received WebSocket message: {"jsonrpc":"2.0","method":"eth_subscription","params":{"subscription":"0xbed0a0851463e895960a451075a301a9","result":"0x8d805f8184d2ce5b512c92ebb256209f330893690f0e09c685ef48cd9eb6806d"}}
[2m2025-12-10T10:19:13.058217Z[0m [34mDEBUG[0m [2methereum_transaction_pool_monitor::eth_client[0m[2m:[0m 📨 Received pending transaction: 0x8d805f8184d2ce5b512c92ebb256209f330893690f0e09c685ef48cd9eb6806d
[2m2025-12-10T10:19:13.058224Z[0m [34mDEBUG[0m [2methereum_transaction_pool_monitor::eth_client[0m[2m:[0m 📨 Received WebSocket message: {"jsonrpc":"2.0","method":"eth_subscription","params":{"subscription":"0xbed0a0851463e895960a451075a301a9","result":"0x1df615951aad5411086b207768a5e9c74ad4571fe0a31956380d3e85155fd006"}}
[2m2025-12-10T10:19:13.058229Z[0m [34mDEBUG[0m [2methereum_transaction_pool_monitor::eth_client[0m[2m:[0m 📨 Received pending transaction: 0x1df615951aad5411086b207768a5e9c74ad4571fe0a31956380d3e85155fd006
[2m2025-12-10T10:19:13.058233Z[0m [34mDEBUG[0m [2methereum_transaction_pool_monitor::eth_client[0m[2m:[0m 📨 Received WebSocket message: {"jsonrpc":"2.0","method":"eth_subscription","params":{"subscription":"0xbed0a0851463e895960a451075a301a9","result":"0x0ff78733d4da5a30501aa6c952235d1af27fc845b9d8f32388af3f2e82da7db8"}}
[2m2025-12-10T10:19:13.058237Z[0m [34mDEBUG[0m [2methereum_transaction_pool_monitor::eth_client[0m[2m:[0m 📨 Received pending transaction: 0x0ff78733d4da5a30501aa6c952235d1af27fc845b9d8f32388af3f2e82da7db8
[2m2025-12-10T10:19:13.058241Z[0m [34mDEBUG[0m [2methereum_transaction_pool_monitor::eth_client[0m[2m:[0m 📨 Received WebSocket message: {"jsonrpc":"2.0","method":"eth_subscription","params":{"subscription":"0xbed0a0851463e895960a451075a301a9","result":"0x8bc5faf4b1e1281e4cb00c9e031a99a6302d6bcc7a89cb9b8175565ea97fe899"}}
[2m2025-12-10T10:19:13.058246Z[0m [34mDEBUG[0m [2methereum_transaction_pool_monitor::eth_client[0m[2m:[0m 📨 Received pending transaction: 0x8bc5faf4b1e1281e4cb00c9e031a99a6302d6bcc7a89cb9b8175565ea97fe899
[2m2025-12-10T10:19:13.058249Z[0m [34mDEBUG[0m [2methereum_transaction_pool_monitor::eth_client[0m[2m:[0m 📨 Received WebSocket message: {"jsonrpc":"2.0","method":"eth_subscription","params":{"subscription":"0xbed0a0851463e895960a451075a301a9","result":"0xce4812d6a9ac8ae21dd37c1730bb4da64a321f4e11343a14e5ece9f8eba4d375"}}
[2m2025-12-10T10:19:13.058254Z[0m [34mDEBUG[0m [2methereum_transaction_pool_monitor::eth_client[0m[2m:[0m 📨 Received pending transaction: 0xce4812d6a9ac8ae21dd37c1730bb4da64a321f4e11343a14e5ece9f8eba4d375
[2m2025-12-10T10:19:13.058266Z[0m [34mDEBUG[0m [2methereum_transaction_pool_monitor::eth_client[0m[2m:[0m 📨 Received WebSocket message: {"jsonrpc":"2.0","method":"eth_subscription","params":{"subscription":"0xbed0a0851463e895960a451075a301a9","result":"0xd02d5794acfda8b9b19ef6a255e1021dac03f015916856f05ed5dd79b5d0c957"}}
[2m2025-12-10T10:19:13.058271Z[0m [34mDEBUG[0m [2methereum_transaction_pool_monitor::eth_client[0m[2m:[0m 📨 Received pending transaction: 0xd02d5794acfda8b9b19ef6a255e1021dac03f015916856f05ed5dd79b5d0c957
[2m2025-12-10T10:19:13.058297Z[0m [34mDEBUG[0m [2methereum_transaction_pool_monitor::eth_client[0m[2m:[0m 📨 Received WebSocket message: {"jsonrpc":"2.0","method":"eth_subscription","params":{"subscription":"0xbed0a0851463e895960a451075a301a9","result":"0xac810d451b26c663c23f4b1460fefd8fbd675faeec1fa17815e55eb227f75eb2"}}
[2m2025-12-10T10:19:13.058302Z[0m [34mDEBUG[0m [2methereum_transaction_pool_monitor::eth_client[0m[2m:[0m 📨 Received pending transaction: 0xac810d451b26c663c23f4b1460fefd8fbd675faeec1fa17815e55eb227f75eb2
[2m2025-12-10T10:19:13.058306Z[0m [34mDEBUG[0m [2methereum_transaction_pool_monitor::eth_client[0m[2m:[0m 📨 Received WebSocket message: {"jsonrpc":"2.0","method":"eth_subscription","params":{"subscription":"0xbed0a0851463e895960a451075a301a9","result":"0xc22de869f2063b382fce74eab05eee0d1816ef0e1f4ea6752fc8d4dc8d12901c"}}
[2m2025-12-10T10:19:13.058337Z[0m [34mDEBUG[0m [2methereum_transaction_pool_monitor::eth_client[0m[2m:[0m 📨 Received pending transaction: 0xc22de869f2063b382fce74eab05eee0d1816ef0e1f4ea6752fc8d4dc8d12901c
[2m2025-12-10T10:19:13.058341Z[0m [34mDEBUG[0m [2methereum_transaction_pool_monitor::eth_client[0m[2m:[0m 📨 Received WebSocket message: {"jsonrpc":"2.0","method":"eth_subscription","params":{"subscription":"0xbed0a0851463e895960a451075a301a9","result":"0x5f667b81639f33409e360f5184b4f38ca04be58717aa17f2082ba9dadb38fbb5"}}
[2m2025-12-10T10:19:13.058346Z[0m [34mDEBUG[0m [2methereum_transaction_pool_monitor::eth_client[0m[2m:[0m 📨 Received pending transaction: 0x5f667b81639f33409e360f5184b4f38ca04be58717aa17f2082ba9dadb38fbb5
[2m2025-12-10T10:19:13.058366Z[0m [34mDEBUG[0m [2methereum_transaction_pool_monitor::eth_client[0m[2m:[0m 📨 Received WebSocket message: {"jsonrpc":"2.0","method":"eth_subscription","params":{"subscription":"0xbed0a0851463e895960a451075a301a9","result":"0xbadbc29afc74fbce73eb0aa4049dc003582672ca52cb20da8552d2cb8e2de9d5"}}
[2m2025-12-10T10:19:13.058371Z[0m [34mDEBUG[0m [2methereum_transaction_pool_monitor::eth_client[0m[2m:[0m 📨 Received pending transaction: 0xbadbc29afc74fbce73eb0aa4049dc003582672ca52cb20da8552d2cb8e2de9d5
[2m2025-12-10T10:19:13.058399Z[0m [34mDEBUG[0m [2methereum_transaction_pool_monitor::eth_client[0m[2m:[0m 📨 Received WebSocket message: {"jsonrpc":"2.0","method":"eth_subscription","params":{"subscription":"0xbed0a0851463e895960a451075a301a9","result":"0x46f4d7e480b3afcfb7bae0ffc47c4cbce23a625fb8a8f426440500272984a36d"}}
[2m2025-12-10T10:19:13.058406Z[0m [34mDEBUG[0m [2methereum_transaction_pool_monitor::eth_client[0m[2m:[0m 📨 Received pending transaction: 0x46f4d7e480b3afcfb7bae0ffc47c4cbce23a625fb8a8f426440500272984a36d
[2m2025-12-10T10:19:13.058411Z[0m [34mDEBUG[0m [2methereum_transaction_pool_monitor::eth_client[0m[2m:[0m 📨 Received WebSocket message: {"jsonrpc":"2.0","method":"eth_subscription","params":{"subscription":"0xbed0a0851463e895960a451075a301a9","result":"0xef60fc43d907101fa3ce2628fc1ed269c384e8ff7ed6a6a0a294e3e70cc01f16"}}
[2m2025-12-10T10:19:13.058416Z[0m [34mDEBUG[0m [2methereum_transaction_pool_monitor::eth_client[0m[2m:[0m 📨 Received pending transaction: 0xef60fc43d907101fa3ce2628fc1ed269c384e8ff7ed6a6a0a294e3e70cc01f16
[2m2025-12-10T10:19:13.058420Z[0m [34mDEBUG[0m [2methereum_transaction_pool_monitor::eth_client[0m[2m:[0m 📨 Received WebSocket message: {"jsonrpc":"2.0","method":"eth_subscription","params":{"subscription":"0xbed0a0851463e895960a451075a301a9","result":"0x82c4251ae99eec61df5d17cee4e99580c2d3a129ccb4b39d214788586f54dbb1"}}
[2m2025-12-10T10:19:13.058425Z[0m [34mDEBUG[0m [2methereum_transaction_pool_monitor::eth_client[0m[2m:[0m 📨 Received pending transaction: 0x82c4251ae99eec61df5d17cee4e99580c2d3a129ccb4b39d214788586f54dbb1
[2m2025-12-10T10:19:13.058429Z[0m [34mDEBUG[0m [2methereum_transaction_pool_monitor::eth_client[0m[2m:[0m 📨 Received WebSocket message: {"jsonrpc":"2.0","method":"eth_subscription","params":{"subscription":"0xbed0a0851463e895960a451075a301a9","result":"0x64239e88855459a67c93e806eecc86f68ccee37dfa16b56b9de5f61adf14200c"}}
[2m2025-12-10T10:19:13.058434Z[0m [34mDEBUG[0m [2methereum_transaction_pool_monitor::eth_client[0m[2m:[0m 📨 Received pending transaction: 0x64239e88855459a67c93e806eecc86f68ccee37dfa16b56b9de5f61adf14200c
[2m2025-12-10T10:19:13.058437Z[0m [34mDEBUG[0m [2methereum_transaction_pool_monitor::eth_client[0m[2m:[0m 📨 Received WebSocket message: {"jsonrpc":"2.0","method":"eth_subscription","params":{"subscription":"0xbed0a0851463e895960a451075a301a9","result":"0xdbeccfa7b8fe19b1e7c0cfb5482883a9254e2b41bc00c5b5380d9b1fba742c50"}}
[2m2025-12-10T10:19:13.058442Z[0m [34mDEBUG[0m [2methereum_transaction_pool_monitor::eth_client[0m[2m:[0m 📨 Received pending transaction: 0xdbeccfa7b8fe19b1e7c0cfb5482883a9254e2b41bc00c5b5380d9b1fba742c50
[2m2025-12-10T10:19:13.058446Z[0m [34mDEBUG[0m [2methereum_transaction_pool_monitor::eth_client[0m[2m:[0m 📨 Received WebSocket message: {"jsonrpc":"2.0","method":"eth_subscription","params":{"subscription":"0xbed0a0851463e895960a451075a301a9","result":"0x3f4ca761ba7aac3135c35121c69b4c3ebe8d569a801ec6e78f35c377eabec979"}}
[2m2025-12-10T10:19:13.058450Z[0m [34mDEBUG[0m [2methereum_transaction_pool_monitor::eth_client[0m[2m:[0m 📨 Received pending transaction: 0x3f4ca761ba7aac3135c35121c69b4c3ebe8d569a801ec6e78f35c377eabec979
[2m2025-12-10T10:19:13.058454Z[0m [34mDEBUG[0m [2methereum_transaction_pool_monitor::eth_client[0m[2m:[0m 📨 Received WebSocket message: {"jsonrpc":"2.0","method":"eth_subscription","params":{"subscription":"0xbed0a0851463e895960a451075a301a9","result":"0xb2a9e94ee502d1a2d32209b1b2d08017aefc86901ee69f58728769d422c9bb54"}}
[2m2025-12-10T10:19:13.058458Z[0m [34mDEBUG[0m [2methereum_transaction_pool_monitor::eth_client[0m[2m:[0m 📨 Received pending transaction: 0xb2a9e94ee502d1a2d32209b1b2d08017aefc86901ee69f58728769d422c9bb54
[2m2025-12-10T10:19:13.058462Z[0m [34mDEBUG[0m [2methereum_transaction_pool_monitor::eth_client[0m[2m:[0m 📨 Received WebSocket message: {"jsonrpc":"2.0","method":"eth_subscription","params":{"subscription":"0xbed0a0851463e895960a451075a301a9","result":"0x1e5cd48f4387953a5f25f2cf7507b53a64f4a179c804c32ccf3ec89bd2df4d01"}}
[2m2025-12-10T10:19:13.058467Z[0m [34mDEBUG[0m [2methereum_transaction_pool_monitor::eth_client[0m[2m:[0m 📨 Received pending transaction: 0x1e5cd48f4387953a5f25f2cf7507b53a64f4a179c804c32ccf3ec89bd2df4d01
[2m2025-12-10T10:19:13.058470Z[0m [34mDEBUG[0m [2methereum_transaction_pool_monitor::eth_client[0m[2m:[0m 📨 Received WebSocket message: {"jsonrpc":"2.0","method":"eth_subscription","params":{"subscription":"0xbed0a0851463e895960a451075a301a9","result":"0x7840dcbee2737f77560532972b1c6938d943008c97dde88c661c6cf6d3868325"}}
[2m2025-12-10T10:19:13.058474Z[0m [34mDEBUG[0m [2methereum_transaction_pool_monitor::eth_client[0m[2m:[0m 📨 Received pending transaction: 0x7840dcbee2737f77560532972b1c6938d943008c97dde88c661c6cf6d3868325
[2m2025-12-10T10:19:13.058479Z[0m [34mDEBUG[0m [2methereum_transaction_pool_monitor::eth_client[0m[2m:[0m 📨 Received WebSocket message: {"jsonrpc":"2.0","method":"eth_subscription","params":{"subscription":"0xbed0a0851463e895960a451075a301a9","result":"0x33e9044c5f9e07458c4924f18550d4cd4638c1ce4e2058e618a6269497b938a1"}}
[2m2025-12-10T10:19:13.058485Z[0m [34mDEBUG[0m [2methereum_transaction_pool_monitor::eth_client[0m[2m:[0m 📨 Received pending transaction: 0x33e9044c5f9e07458c4924f18550d4cd4638c1ce4e2058e618a6269497b938a1
[2m2025-12-10T10:19:13.058489Z[0m [34mDEBUG[0m [2methereum_transaction_pool_monitor::eth_client[0m[2m:[0m 📨 Received WebSocket message: {"jsonrpc":"2.0","method":"eth_subscription","params":{"subscription":"0xbed0a0851463e895960a451075a301a9","result":"0x068ae7385cffec663a7ed64f2b64fa9cd5aa5faa3105eaa3f2217c2ec3973463"}}
[2m2025-12-10T10:19:13.058494Z[0m [34mDEBUG[0m [2methereum_transaction_pool_monitor::eth_client[0m[2m:[0m 📨 Received pending transaction: 0x068ae7385cffec663a7ed64f2b64fa9cd5aa5faa3105eaa3f2217c2ec3973463
[2m2025-12-10T10:19:13.058497Z[0m [34mDEBUG[0m [2methereum_transaction_pool_monitor::eth_client[0m[2m:[0m 📨 Received WebSocket message: {"jsonrpc":"2.0","method":"eth_subscription","params":{"subscription":"0xbed0a0851463e895960a451075a301a9","result":"0x58e0e179bdba0b8fa00502c6dd9e565978f80b2a35a90a92d484b625ba1ad285"}}
[2m2025-12-10T10:19:13.058502Z[0m [34mDEBUG[0m [2methereum_transaction_pool_monitor::eth_client[0m[2m:[0m 📨 Received pending transaction: 0x58e0e179bdba0b8fa00502c6dd9e565978f80b2a35a90a92d484b625ba1ad285
[2m2025-12-10T10:19:13.058508Z[0m [34mDEBUG[0m [2methereum_transaction_pool_monitor::eth_client[0m[2m:[0m 📨 Received WebSocket message: {"jsonrpc":"2.0","method":"eth_subscription","params":{"subscription":"0xbed0a0851463e895960a451075a301a9","result":"0x4d092d7845364a6b9c3d0f5ef570a0ed6576f67fb5f86e7f85eb1dab3e4ed9cd"}}
[2m2025-12-10T10:19:13.058513Z[0m [34mDEBUG[0m [2methereum_transaction_pool_monitor::eth_client[0m[2m:[0m 📨 Received pending transaction: 0x4d092d7845364a6b9c3d0f5ef570a0ed6576f67fb5f86e7f85eb1dab3e4ed9cd
[2m2025-12-10T10:19:13.058518Z[0m [34mDEBUG[0m [2methereum_transaction_pool_monitor::eth_client[0m[2m:[0m 📨 Received WebSocket message: {"jsonrpc":"2.0","method":"eth_subscription","params":{"subscription":"0xbed0a0851463e895960a451075a301a9","result":"0x83e46badf6e55c86cd2edba2734a5ced159d48686c1d1bd276d2547937a7982f"}}
[2m2025-12-10T10:19:13.058523Z[0m [34mDEBUG[0m [2methereum_transaction_pool_monitor::eth_client[0m[2m:[0m 📨 Received pending transaction: 0x83e46badf6e55c86cd2edba2734a5ced159d48686c1d1bd276d2547937a7982f
[2m2025-12-10T10:19:13.058527Z[0m [34mDEBUG[0m [2methereum_transaction_pool_monitor::eth_client[0m[2m:[0m 📨 Received WebSocket message: {"jsonrpc":"2.0","method":"eth_subscription","params":{"subscription":"0xbed0a0851463e895960a451075a301a9","result":"0x4e6cabbfe47ff25d108ba4a7ff1c05b398daf77a7de47383cb735f9466c84a32"}}
[2m2025-12-10T10:19:13.059219Z[0m [34mDEBUG[0m [2methereum_transaction_pool_monitor::eth_client[0m[2m:[0m 📨 Received pending transaction: 0x4e6cabbfe47ff25d108ba4a7ff1c05b398daf77a7de47383cb735f9466c84a32
[2m2025-12-10T10:19:13.059225Z[0m [34mDEBUG[0m [2methereum_transaction_pool_monitor::eth_client[0m[2m:[0m 📨 Received WebSocket message: {"jsonrpc":"2.0","method":"eth_subscription","params":{"subscription":"0xbed0a0851463e895960a451075a301a9","result":"0x50307b64f7dce0f14bd9179564016e9d051056a24c51d05a951c1b1686ff2fef"}}
[2m2025-12-10T10:19:13.059503Z[0m [34mDEBUG[0m [2methereum_transaction_pool_monitor::eth_client[0m[2m:[0m 📨 Received pending transaction: 0x50307b64f7dce0f14bd9179564016e9d051056a24c51d05a951c1b1686ff2fef
[2m2025-12-10T10:19:13.059510Z[0m [34mDEBUG[0m [2methereum_transaction_pool_monitor::eth_client[0m[2m:[0m 📨 Received WebSocket message: {"jsonrpc":"2.0","method":"eth_subscription","params":{"subscription":"0xbed0a0851463e895960a451075a301a9","result":"0x1ffdac3d678df58c8bea6b9fa13c9a9d9a0775e860fc54c80647bd9a18b206a6"}}
[2m2025-12-10T10:19:13.059523Z[0m [34mDEBUG[0m [2methereum_transaction_pool_monitor::eth_client[0m[2m:[0m 📨 Received pending transaction: 0x1ffdac3d678df58c8bea6b9fa13c9a9d9a0775e860fc54c80647bd9a18b206a6
[2m2025-12-10T10:19:13.059535Z[0m [34mDEBUG[0m [2methereum_transaction_pool_monitor::eth_client[0m[2m:[0m 📨 Received WebSocket message: {"jsonrpc":"2.0","method":"eth_subscription","params":{"subscription":"0xbed0a0851463e895960a451075a301a9","result":"0xb8189becbdcfb8021285e2396e2af518e5c0a72337a4d7b980b7e9d24e232794"}}
[2m2025-12-10T10:19:13.059559Z[0m [34mDEBUG[0m [2methereum_transaction_pool_monitor::eth_client[0m[2m:[0m 📨 Received pending transaction: 0xb8189becbdcfb8021285e2396e2af518e5c0a72337a4d7b980b7e9d24e232794
[2m2025-12-10T10:19:13.059563Z[0m [34mDEBUG[0m [2methereum_transaction_pool_monitor::eth_client[0m[2m:[0m 📨 Received WebSocket message: {"jsonrpc":"2.0","method":"eth_subscription","params":{"subscription":"0xbed0a0851463e895960a451075a301a9","result":"0xd498d107d4bb23c8215df66d035820247b71dd34d8def3988a0df674bf220d45"}}
[2m2025-12-10T10:19:13.059568Z[0m [34mDEBUG[0m [2methereum_transaction_pool_monitor::eth_client[0m[2m:[0m 📨 Received pending transaction: 0xd498d107d4bb23c8215df66d035820247b71dd34d8def3988a0df674bf220d45
[2m2025-12-10T10:19:13.059598Z[0m [34mDEBUG[0m [2methereum_transaction_pool_monitor::eth_client[0m[2m:[0m 📨 Received WebSocket message: {"jsonrpc":"2.0","method":"eth_subscription","params":{"subscription":"0xbed0a0851463e895960a451075a301a9","result":"0xa113afab6659f00809cc747c93a281d0caff18c62a7187e8ad71ac0c5b145783"}}
[2m2025-12-10T10:19:13.059603Z[0m [34mDEBUG[0m [2methereum_transaction_pool_monitor::eth_client[0m[2m:[0m 📨 Received pending transaction: 0xa113afab6659f00809cc747c93a281d0caff18c62a7187e8ad71ac0c5b145783
[2m2025-12-10T10:19:13.059689Z[0m [34mDEBUG[0m [2methereum_transaction_pool_monitor::eth_client[0m[2m:[0m 📨 Received WebSocket message: {"jsonrpc":"2.0","method":"eth_subscription","params":{"subscription":"0xbed0a0851463e895960a451075a301a9","result":"0x7a46cab59475cbabe815276ae76484151bbb2cf30df0a8f556054a0b7838e6b3"}}
[2m2025-12-10T10:19:13.059722Z[0m [34mDEBUG[0m [2methereum_transaction_pool_monitor::eth_client[0m[2m:[0m 📨 Received pending transaction: 0x7a46cab59475cbabe815276ae76484151bbb2cf30df0a8f556054a0b7838e6b3
[2m2025-12-10T10:19:13.059727Z[0m [34mDEBUG[0m [2methereum_transaction_pool_monitor::eth_client[0m[2m:[0m 📨 Received WebSocket message: {"jsonrpc":"2.0","method":"eth_subscription","params":{"subscription":"0xbed0a0851463e895960a451075a301a9","result":"0x39eab1b9f52a1106dabd1547ab1326aa36f6fa1ff06b3e2337918373e9324f87"}}
[2m2025-12-10T10:19:13.059793Z[0m [34mDEBUG[0m [2methereum_transaction_pool_monitor::eth_client[0m[2m:[0m 📨 Received pending transaction: 0x39eab1b9f52a1106dabd1547ab1326aa36f6fa1ff06b3e2337918373e9324f87
[2m2025-12-10T10:19:13.059798Z[0m [34mDEBUG[0m [2methereum_transaction_pool_monitor::eth_client[0m[2m:[0m 📨 Received WebSocket message: {"jsonrpc":"2.0","method":"eth_subscription","params":{"subscription":"0xbed0a0851463e895960a451075a301a9","result":"0xd1cd0c2ad0d360f49008f6635b8802ca4d2355fcc069c17125560a90c5038307"}}
[2m2025-12-10T10:19:13.059808Z[0m [34mDEBUG[0m [2methereum_transaction_pool_monitor::eth_client[0m[2m:[0m 📨 Received pending transaction: 0xd1cd0c2ad0d360f49008f6635b8802ca4d2355fcc069c17125560a90c5038307
[2m2025-12-10T10:19:13.059812Z[0m [34mDEBUG[0m [2methereum_transaction_pool_monitor::eth_client[0m[2m:[0m 📨 Received WebSocket message: {"jsonrpc":"2.0","method":"eth_subscription","params":{"subscription":"0xbed0a0851463e895960a451075a301a9","result":"0xd2ea59a6680fa79439484eb3b65efb3c510d8b41b4e63a689f7a2babe32efa03"}}
[2m2025-12-10T10:19:13.059817Z[0m [34mDEBUG[0m [2methereum_transaction_pool_monitor::eth_client[0m[2m:[0m 📨 Received pending transaction: 0xd2ea59a6680fa79439484eb3b65efb3c510d8b41b4e63a689f7a2babe32efa03
[2m2025-12-10T10:19:13.059859Z[0m [34mDEBUG[0m [2methereum_transaction_pool_monitor::eth_client[0m[2m:[0m 📨 Received WebSocket message: {"jsonrpc":"2.0","method":"eth_subscription","params":{"subscription":"0xbed0a0851463e895960a451075a301a9","result":"0x3ff53ce9b1808cd09ef49df2c3982790cd7a348da70d1e898e267220be80d5d7"}}
[2m2025-12-10T10:19:13.059872Z[0m [34mDEBUG[0m [2methereum_transaction_pool_monitor::eth_client[0m[2m:[0m 📨 Received pending transaction: 0x3ff53ce9b1808cd09ef49df2c3982790cd7a348da70d1e898e267220be80d5d7
[2m2025-12-10T10:19:13.059876Z[0m [34mDEBUG[0m [2methereum_transaction_pool_monitor::eth_client[0m[2m:[0m 📨 Received WebSocket message: {"jsonrpc":"2.0","method":"eth_subscription","params":{"subscription":"0xbed0a0851463e895960a451075a301a9","result":"0x2f99f8c2453d2f1a00fdd4d30481467cab0f6d8d2781810daae1d8f977fb7ac9"}}
[2m2025-12-10T10:19:13.059880Z[0m [34mDEBUG[0m [2methereum_transaction_pool_monitor::eth_client[0m[2m:[0m 📨 Received pending transaction: 0x2f99f8c2453d2f1a00fdd4d30481467cab0f6d8d2781810daae1d8f977fb7ac9
[2m2025-12-10T10:19:13.059884Z[0m [34mDEBUG[0m [2methereum_transaction_pool_monitor::eth_client[0m[2m:[0m 📨 Received WebSocket message: {"jsonrpc":"2.0","method":"eth_subscription","params":{"subscription":"0xbed0a0851463e895960a451075a301a9","result":"0x8406fb3e241f36aee750641eb7fa9fb29e30f866771ee7b6b561a3f67403cefb"}}
[2m2025-12-10T10:19:13.059888Z[0m [34mDEBUG[0m [2methereum_transaction_pool_monitor::eth_client[0m[2m:[0m 📨 Received pending transaction: 0x8406fb3e241f36aee750641eb7fa9fb29e30f866771ee7b6b561a3f67403cefb
[2m2025-12-10T10:19:13.059892Z[0m [34mDEBUG[0m [2methereum_transaction_pool_monitor::eth_client[0m[2m:[0m 📨 Received WebSocket message: {"jsonrpc":"2.0","method":"eth_subscription","params":{"subscription":"0xbed0a0851463e895960a451075a301a9","result":"0x9c1ada90ca5ca4f75ec0ff99973de4226eeeaedf8f888d2266fecd55e75ffd09"}}
[2m2025-12-10T10:19:13.059897Z[0m [34mDEBUG[0m [2methereum_transaction_pool_monitor::eth_client[0m[2m:[0m 📨 Received pending transaction: 0x9c1ada90ca5ca4f75ec0ff99973de4226eeeaedf8f888d2266fecd55e75ffd09
[2m2025-12-10T10:19:13.059901Z[0m [34mDEBUG[0m [2methereum_transaction_pool_monitor::eth_client[0m[2m:[0m 📨 Received WebSocket message: {"jsonrpc":"2.0","method":"eth_subscription","params":{"subscription":"0xbed0a0851463e895960a451075a301a9","result":"0xb358be92abe777675de0e4d013ac9c38f58281affc4d99a3faaa79dd4917a8cc"}}
[2m2025-12-10T10:19:13.059906Z[0m [34mDEBUG[0m [2methereum_transaction_pool_monitor::eth_client[0m[2m:[0m 📨 Received pending transaction: 0xb358be92abe777675de0e4d013ac9c38f58281affc4d99a3faaa79dd4917a8cc
[2m2025-12-10T10:19:13.059910Z[0m [34mDEBUG[0m [2methereum_transaction_pool_monitor::eth_client[0m[2m:[0m 📨 Received WebSocket message: {"jsonrpc":"2.0","method":"eth_subscription","params":{"subscription":"0xbed0a0851463e895960a451075a301a9","result":"0x246bcf5355ffd5a7d86beddda5d4113a73d8631507c51d4cc4328634a5bed7cc"}}
[2m2025-12-10T10:19:13.059914Z[0m [34mDEBUG[0m [2methereum_transaction_pool_monitor::eth_client[0m[2m:[0m 📨 Received pending transaction: 0x246bcf5355ffd5a7d86beddda5d4113a73d8631507c51d4cc4328634a5bed7cc
[2m2025-12-10T10:19:13.059918Z[0m [34mDEBUG[0m [2methereum_transaction_pool_monitor::eth_client[0m[2m:[0m 📨 Received WebSocket message: {"jsonrpc":"2.0","method":"eth_subscription","params":{"subscription":"0xbed0a0851463e895960a451075a301a9","result":"0x77d2b84909067b5813f4ba2a9660d84c492ab97cef9520fd71219f1a8e56291a"}}
[2m2025-12-10T10:19:13.059922Z[0m [34mDEBUG[0m [2methereum_transaction_pool_monitor::eth_client[0m[2m:[0m 📨 Received pending transaction: 0x77d2b84909067b5813f4ba2a9660d84c492ab97cef9520fd71219f1a8e56291a
[2m2025-12-10T10:19:13.059926Z[0m [34mDEBUG[0m [2methereum_transaction_pool_monitor::eth_client[0m[2m:[0m 📨 Received WebSocket message: {"jsonrpc":"2.0","method":"eth_subscription","params":{"subscription":"0xbed0a0851463e895960a451075a301a9","result":"0xdea8932a01be5f3b9cef41d4cbd0c4c7767cb93488d69b118ec2391d4a69793b"}}
[2m2025-12-10T10:19:13.059930Z[0m [34mDEBUG[0m [2methereum_transaction_pool_monitor::eth_client[0m[2m:[0m 📨 Received pending transaction: 0xdea8932a01be5f3b9cef41d4cbd0c4c7767cb93488d69b118ec2391d4a69793b
[2m2025-12-10T10:19:13.059935Z[0m [34mDEBUG[0m [2methereum_transaction_pool_monitor::eth_client[0m[2m:[0m 📨 Received WebSocket message: {"jsonrpc":"2.0","method":"eth_subscription","params":{"subscription":"0xbed0a0851463e895960a451075a301a9","result":"0xd8ecfde9146020dfb048090632d94be33b451a0c54f1257f5ba062f7dfb2b2c7"}}
[2m2025-12-10T10:19:13.059940Z[0m [34mDEBUG[0m [2methereum_transaction_pool_monitor::eth_client[0m[2m:[0m 📨 Received pending transaction: 0xd8ecfde9146020dfb048090632d94be33b451a0c54f1257f5ba062f7dfb2b2c7
[2m2025-12-10T10:19:13.059944Z[0m [34mDEBUG[0m [2methereum_transaction_pool_monitor::eth_client[0m[2m:[0m 📨 Received WebSocket message: {"jsonrpc":"2.0","method":"eth_subscription","params":{"subscription":"0xbed0a0851463e895960a451075a301a9","result":"0x037a6b8631b84379b51aeeb6dbba39f1085eede92629b4fde37b7cd0c8237641"}}
[2m2025-12-10T10:19:13.059948Z[0m [34mDEBUG[0m [2methereum_transaction_pool_monitor::eth_client[0m[2m:[0m 📨 Received pending transaction: 0x037a6b8631b84379b51aeeb6dbba39f1085eede92629b4fde37b7cd0c8237641
[2m2025-12-10T10:19:13.059955Z[0m [34mDEBUG[0m [2methereum_transaction_pool_monitor::eth_client[0m[2m:[0m 📨 Received WebSocket message: {"jsonrpc":"2.0","method":"eth_subscription","params":{"subscription":"0xbed0a0851463e895960a451075a301a9","result":"0x839864dc04cf6aa47c7f053acd0c813ba745c1b75f6396a69c405150ae774847"}}
[2m2025-12-10T10:19:13.059960Z[0m [34mDEBUG[0m [2methereum_transaction_pool_monitor::eth_client[0m[2m:[0m 📨 Received pending transaction: 0x839864dc04cf6aa47c7f053acd0c813ba745c1b75f6396a69c405150ae774847
[2m2025-12-10T10:19:13.059963Z[0m [34mDEBUG[0m [2methereum_transaction_pool_monitor::eth_client[0m[2m:[0m 📨 Received WebSocket message: {"jsonrpc":"2.0","method":"eth_subscription","params":{"subscription":"0xbed0a0851463e895960a451075a301a9","result":"0x609687dd45221dba47ea352cfff6bd68fc7ce0e782c4c67dc0123f1a5f1a5993"}}
[2m2025-12-10T10:19:13.059968Z[0m [34mDEBUG[0m [2methereum_transaction_pool_monitor::eth_client[0m[2m:[0m 📨 Received pending transaction: 0x609687dd45221dba47ea352cfff6bd68fc7ce0e782c4c67dc0123f1a5f1a5993
[2m2025-12-10T10:19:13.059971Z[0m [34mDEBUG[0m [2methereum_transaction_pool_monitor::eth_client[0m[2m:[0m 📨 Received WebSocket message: {"jsonrpc":"2.0","method":"eth_subscription","params":{"subscription":"0xbed0a0851463e895960a451075a301a9","result":"0xbca7ad0b344c3388ff4afe922f1b2227d974560c164643247e90d971ca0836b2"}}
[2m2025-12-10T10:19:13.059976Z[0m [34mDEBUG[0m [2methereum_transaction_pool_monitor::eth_client[0m[2m:[0m 📨 Received pending transaction: 0xbca7ad0b344c3388ff4afe922f1b2227d974560c164643247e90d971ca0836b2
[2m2025-12-10T10:19:13.059998Z[0m [34mDEBUG[0m [2methereum_transaction_pool_monitor::eth_client[0m[2m:[0m 📨 Received WebSocket message: {"jsonrpc":"2.0","method":"eth_subscription","params":{"subscription":"0xbed0a0851463e895960a451075a301a9","result":"0xb739e991500f55fa2dbf37a065b9354253b4deea2f5f5fea87d20ad210d57818"}}
[2m2025-12-10T10:19:13.060003Z[0m [34mDEBUG[0m [2methereum_transaction_pool_monitor::eth_client[0m[2m:[0m 📨 Received pending transaction: 0xb739e991500f55fa2dbf37a065b9354253b4deea2f5f5fea87d20ad210d57818
[2m2025-12-10T10:19:13.060006Z[0m [34mDEBUG[0m [2methereum_transaction_pool_monitor::eth_client[0m[2m:[0m 📨 Received WebSocket message: {"jsonrpc":"2.0","method":"eth_subscription","params":{"subscription":"0xbed0a0851463e895960a451075a301a9","result":"0x5da7cd6e84d780ef61a19911fd97500557082d0470f95ee5c9abf6466b44b809"}}
[2m2025-12-10T10:19:13.060011Z[0m [34mDEBUG[0m [2methereum_transaction_pool_monitor::eth_client[0m[2m:[0m 📨 Received pending transaction: 0x5da7cd6e84d780ef61a19911fd97500557082d0470f95ee5c9abf6466b44b809
[2m2025-12-10T10:19:13.060014Z[0m [34mDEBUG[0m [2methereum_transaction_pool_monitor::eth_client[0m[2m:[0m 📨 Received WebSocket message: {"jsonrpc":"2.0","method":"eth_subscription","params":{"subscription":"0xbed0a0851463e895960a451075a301a9","result":"0xffe67752fe62c01acab57f9cdd3e5afde698fc7bd093bdb1c2a438b49d6e4f6c"}}
[2m2025-12-10T10:19:13.060019Z[0m [34mDEBUG[0m [2methereum_transaction_pool_monitor::eth_client[0m[2m:[0m 📨 Received pending transaction: 0xffe67752fe62c01acab57f9cdd3e5afde698fc7bd093bdb1c2a438b49d6e4f6c
[2m2025-12-10T10:19:13.060022Z[0m [34mDEBUG[0m [2methereum_transaction_pool_monitor::eth_client[0m[2m:[0m 📨 Received WebSocket message: {"jsonrpc":"2.0","method":"eth_subscription","params":{"subscription":"0xbed0a0851463e895960a451075a301a9","result":"0xb50c903b6609f07de7e616b38dfee075f339c8457e91006aab7295317ab088e1"}}
[2m2025-12-10T10:19:13.060027Z[0m [34mDEBUG[0m [2methereum_transaction_pool_monitor::eth_client[0m[2m:[0m 📨 Received pending transaction: 0xb50c903b6609f07de7e616b38dfee075f339c8457e91006aab7295317ab088e1
[2m2025-12-10T10:19:13.060031Z[0m [34mDEBUG[0m [2methereum_transaction_pool_monitor::eth_client[0m[2m:[0m 📨 Received WebSocket message: {"jsonrpc":"2.0","method":"eth_subscription","params":{"subscription":"0xbed0a0851463e895960a451075a301a9","result":"0x21f4b54699951a0ae72b5b84cddf8c6a33656f07708ac60436a22fad6e6be3a6"}}
[2m2025-12-10T10:19:13.060035Z[0m [34mDEBUG[0m [2methereum_transaction_pool_monitor::eth_client[0m[2m:[0m 📨 Received pending transaction: 0x21f4b54699951a0ae72b5b84cddf8c6a33656f07708ac60436a22fad6e6be3a6
[2m2025-12-10T10:19:13.060039Z[0m [34mDEBUG[0m [2methereum_transaction_pool_monitor::eth_client[0m[2m:[0m 📨 Received WebSocket message: {"jsonrpc":"2.0","method":"eth_subscription","params":{"subscription":"0xbed0a0851463e895960a451075a301a9","result":"0x565ce6f9b7a89300462e4866e8a97d8202c2ea052641e257ee1ba01cecc6cdc1"}}
[2m2025-12-10T10:19:13.060043Z[0m [34mDEBUG[0m [2methereum_transaction_pool_monitor::eth_client[0m[2m:[0m 📨 Received pending transaction: 0x565ce6f9b7a89300462e4866e8a97d8202c2ea052641e257ee1ba01cecc6cdc1
[2m2025-12-10T10:19:13.060046Z[0m [34mDEBUG[0m [2methereum_transaction_pool_monitor::eth_client[0m[2m:[0m 📨 Received WebSocket message: {"jsonrpc":"2.0","method":"eth_subscription","params":{"subscription":"0xbed0a0851463e895960a451075a301a9","result":"0xdddb7db1daa516f783b8238f93176a7deda1892e623e8c93c3afe1325fc63bb1"}}
[2m2025-12-10T10:19:13.060051Z[0m [34mDEBUG[0m [2methereum_transaction_pool_monitor::eth_client[0m[2m:[0m 📨 Received pending transaction: 0xdddb7db1daa516f783b8238f93176a7deda1892e623e8c93c3afe1325fc63bb1
[2m2025-12-10T10:19:13.060054Z[0m [34mDEBUG[0m [2methereum_transaction_pool_monitor::eth_client[0m[2m:[0m 📨 Received WebSocket message: {"jsonrpc":"2.0","method":"eth_subscription","params":{"subscription":"0xbed0a0851463e895960a451075a301a9","result":"0xd83ee4378e97907028553110e6eeae9d4e46e08a0a9525cfd014dfe82e2e00bc"}}
[2m2025-12-10T10:19:13.060066Z[0m [34mDEBUG[0m [2methereum_transaction_pool_monitor::eth_client[0m[2m:[0m 📨 Received pending transaction: 0xd83ee4378e97907028553110e6eeae9d4e46e08a0a9525cfd014dfe82e2e00bc
[2m2025-12-10T10:19:13.060175Z[0m [34mDEBUG[0m [2methereum_transaction_pool_monitor::eth_client[0m[2m:[0m 📨 Received WebSocket message: {"jsonrpc":"2.0","method":"eth_subscription","params":{"subscription":"0xbed0a0851463e895960a451075a301a9","result":"0xba90fd8ec5bb97163ca10b11397799ecbca50e0a5b2148fe419de23e4f7c61ad"}}
[2m2025-12-10T10:19:13.060228Z[0m [34mDEBUG[0m [2methereum_transaction_pool_monitor::eth_client[0m[2m:[0m 📨 Received pending transaction: 0xba90fd8ec5bb97163ca10b11397799ecbca50e0a5b2148fe419de23e4f7c61ad
[2m2025-12-10T10:19:13.060233Z[0m [34mDEBUG[0m [2methereum_transaction_pool_monitor::eth_client[0m[2m:[0m 📨 Received WebSocket message: {"jsonrpc":"2.0","method":"eth_subscription","params":{"subscription":"0xbed0a0851463e895960a451075a301a9","result":"0x5f33d04d02654f474a10aa20ef2a4a0545185972007a2db84a73af549565e8ce"}}
[2m2025-12-10T10:19:13.060261Z[0m [34mDEBUG[0m [2methereum_transaction_pool_monitor::eth_client[0m[2m:[0m 📨 Received pending transaction: 0x5f33d04d02654f474a10aa20ef2a4a0545185972007a2db84a73af549565e8ce
[2m2025-12-10T10:19:13.060265Z[0m [34mDEBUG[0m [2methereum_transaction_pool_monitor::eth_client[0m[2m:[0m 📨 Received WebSocket message: {"jsonrpc":"2.0","method":"eth_subscription","params":{"subscription":"0xbed0a0851463e895960a451075a301a9","result":"0xd5a09cfae683a0cefc7fc024ec6982bc2a71c1f5bdd4b9aebcd510be856081fa"}}
[2m2025-12-10T10:19:13.060276Z[0m [34mDEBUG[0m [2methereum_transaction_pool_monitor::eth_client[0m[2m:[0m 📨 Received pending transaction: 0xd5a09cfae683a0cefc7fc024ec6982bc2a71c1f5bdd4b9aebcd510be856081fa
[2m2025-12-10T10:19:13.060281Z[0m [34mDEBUG[0m [2methereum_transaction_pool_monitor::eth_client[0m[2m:[0m 📨 Received WebSocket message: {"jsonrpc":"2.0","method":"eth_subscription","params":{"subscription":"0xbed0a0851463e895960a451075a301a9","result":"0x7232491c01b4c717deda16b4382b09c155a1875ac66304a08f30904055627d30"}}
[2m2025-12-10T10:19:13.060342Z[0m [34mDEBUG[0m [2methereum_transaction_pool_monitor::eth_client[0m[2m:[0m 📨 Received pending transaction: 0x7232491c01b4c717deda16b4382b09c155a1875ac66304a08f30904055627d30
[2m2025-12-10T10:19:13.060347Z[0m [34mDEBUG[0m [2methereum_transaction_pool_monitor::eth_client[0m[2m:[0m 📨 Received WebSocket message: {"jsonrpc":"2.0","method":"eth_subscription","params":{"subscription":"0xbed0a0851463e895960a451075a301a9","result":"0x8830d35f2ab208ff9634e90f9ce2c73d2f1e0a8d2d6117c33a36b238a4b9f638"}}
[2m2025-12-10T10:19:13.060352Z[0m [34mDEBUG[0m [2methereum_transaction_pool_monitor::eth_client[0m[2m:[0m 📨 Received pending transaction: 0x8830d35f2ab208ff9634e90f9ce2c73d2f1e0a8d2d6117c33a36b238a4b9f638
[2m2025-12-10T10:19:13.060355Z[0m [34mDEBUG[0m [2methereum_transaction_pool_monitor::eth_client[0m[2m:[0m 📨 Received WebSocket message: {"jsonrpc":"2.0","method":"eth_subscription","params":{"subscription":"0xbed0a0851463e895960a451075a301a9","result":"0xf990cce884a0637063eb440cedb6d27265cde0b9ba209a9a356f784706f88305"}}
[2m2025-12-10T10:19:13.060360Z[0m [34mDEBUG[0m [2methereum_transaction_pool_monitor::eth_client[0m[2m:[0m 📨 Received pending transaction: 0xf990cce884a0637063eb440cedb6d27265cde0b9ba209a9a356f784706f88305
[2m2025-12-10T10:19:13.060363Z[0m [34mDEBUG[0m [2methereum_transaction_pool_monitor::eth_client[0m[2m:[0m 📨 Received WebSocket message: {"jsonrpc":"2.0","method":"eth_subscription","params":{"subscription":"0xbed0a0851463e895960a451075a301a9","result":"0xad442754aec5314131573f11e594dea0384494ad1db9c9ef33143a0bc085e287"}}
[2m2025-12-10T10:19:13.060367Z[0m [34mDEBUG[0m [2methereum_transaction_pool_monitor::eth_client[0m[2m:[0m 📨 Received pending transaction: 0xad442754aec5314131573f11e594dea0384494ad1db9c9ef33143a0bc085e287
[2m2025-12-10T10:19:13.060371Z[0m [34mDEBUG[0m [2methereum_transaction_pool_monitor::eth_client[0m[2m:[0m 📨 Received WebSocket message: {"jsonrpc":"2.0","method":"eth_subscription","params":{"subscription":"0xbed0a0851463e895960a451075a301a9","result":"0x25b47774cc27f6f19dbf7795dad234e49d6e8179b5469862b01d3c6628678955"}}
[2m2025-12-10T10:19:13.060375Z[0m [34mDEBUG[0m [2methereum_transaction_pool_monitor::eth_client[0m[2m:[0m 📨 Received pending transaction: 0x25b47774cc27f6f19dbf7795dad234e49d6e8179b5469862b01d3c6628678955
[2m2025-12-10T10:19:13.060379Z[0m [34mDEBUG[0m [2methereum_transaction_pool_monitor::eth_client[0m[2m:[0m 📨 Received WebSocket message: {"jsonrpc":"2.0","method":"eth_subscription","params":{"subscription":"0xbed0a0851463e895960a451075a301a9","result":"0x54f23e5281fdd445f13859c018f03ccd9408621a70e6a5572b2bb1a9e41a273b"}}
[2m2025-12-10T10:19:13.060383Z[0m [34mDEBUG[0m [2methereum_transaction_pool_monitor::eth_client[0m[2m:[0m 📨 Received pending transaction: 0x54f23e5281fdd445f13859c018f03ccd9408621a70e6a5572b2bb1a9e41a273b
[2m2025-12-10T10:19:13.060387Z[0m [34mDEBUG[0m [2methereum_transaction_pool_monitor::eth_client[0m[2m:[0m 📨 Received WebSocket message: {"jsonrpc":"2.0","method":"eth_subscription","params":{"subscription":"0xbed0a0851463e895960a451075a301a9","result":"0x6b77a1b7d3b9ae21701b29cc7709730cf0cb015b462bcc325186ea95c7539f2e"}}
[2m2025-12-10T10:19:13.060391Z[0m [34mDEBUG[0m [2methereum_transaction_pool_monitor::eth_client[0m[2m:[0m 📨 Received pending transaction: 0x6b77a1b7d3b9ae21701b29cc7709730cf0cb015b462bcc325186ea95c7539f2e
[2m2025-12-10T10:19:13.060396Z[0m [34mDEBUG[0m [2methereum_transaction_pool_monitor::eth_client[0m[2m:[0m 📨 Received WebSocket message: {"jsonrpc":"2.0","method":"eth_subscription","params":{"subscription":"0xbed0a0851463e895960a451075a301a9","result":"0x7db6bebb89f1b404a7701bc1a59dc0180d0a382a9f841b8e7502933666738ad5"}}
[2m2025-12-10T10:19:13.060401Z[0m [34mDEBUG[0m [2methereum_transaction_pool_monitor::eth_client[0m[2m:[0m 📨 Received pending transaction: 0x7db6bebb89f1b404a7701bc1a59dc0180d0a382a9f841b8e7502933666738ad5
[2m2025-12-10T10:19:13.060405Z[0m [34mDEBUG[0m [2methereum_transaction_pool_monitor::eth_client[0m[2m:[0m 📨 Received WebSocket message: {"jsonrpc":"2.0","method":"eth_subscription","params":{"subscription":"0xbed0a0851463e895960a451075a301a9","result":"0x8c90031a6785b8ee233f23568cbcd0d6522a3ea7d828c607e75bc21288a14d08"}}
[2m2025-12-10T10:19:13.060409Z[0m [34mDEBUG[0m [2methereum_transaction_pool_monitor::eth_client[0m[2m:[0m 📨 Received pending transaction: 0x8c90031a6785b8ee233f23568cbcd0d6522a3ea7d828c607e75bc21288a14d08
[2m2025-12-10T10:19:13.060412Z[0m [34mDEBUG[0m [2methereum_transaction_pool_monitor::eth_client[0m[2m:[0m 📨 Received WebSocket message: {"jsonrpc":"2.0","method":"eth_subscription","params":{"subscription":"0xbed0a0851463e895960a451075a301a9","result":"0x77573e6d6abbfe612e9da48bf72f32aee9ebcc3eec684622e42426bad955d303"}}
[2m2025-12-10T10:19:13.060417Z[0m [34mDEBUG[0m [2methereum_transaction_pool_monitor::eth_client[0m[2m:[0m 📨 Received pending transaction: 0x77573e6d6abbfe612e9da48bf72f32aee9ebcc3eec684622e42426bad955d303
[2m2025-12-10T10:19:13.060420Z[0m [34mDEBUG[0m [2methereum_transaction_pool_monitor::eth_client[0m[2m:[0m 📨 Received WebSocket message: {"jsonrpc":"2.0","method":"eth_subscription","params":{"subscription":"0xbed0a0851463e895960a451075a301a9","result":"0xeddba9944a5527f7afda0513961ba70f5a2795eb8f8921877e87cdf022e0a5f6"}}
[2m2025-12-10T10:19:13.060425Z[0m [34mDEBUG[0m [2methereum_transaction_pool_monitor::eth_client[0m[2m:[0m 📨 Received pending transaction: 0xeddba9944a5527f7afda0513961ba70f5a2795eb8f8921877e87cdf022e0a5f6
[2m2025-12-10T10:19:13.060429Z[0m [34mDEBUG[0m [2methereum_transaction_pool_monitor::eth_client[0m[2m:[0m 📨 Received WebSocket message: {"jsonrpc":"2.0","method":"eth_subscription","params":{"subscription":"0xbed0a0851463e895960a451075a301a9","result":"0x5c2086837670819ef8abcb466872670a876a56826e5d165fbf95183129169e99"}}
[2m2025-12-10T10:19:13.060433Z[0m [34mDEBUG[0m [2methereum_transaction_pool_monitor::eth_client[0m[2m:[0m 📨 Received pending transaction: 0x5c2086837670819ef8abcb466872670a876a56826e5d165fbf95183129169e99
[2m2025-12-10T10:19:13.060437Z[0m [34mDEBUG[0m [2methereum_transaction_pool_monitor::eth_client[0m[2m:[0m 📨 Received WebSocket message: {"jsonrpc":"2.0","method":"eth_subscription","params":{"subscription":"0xbed0a0851463e895960a451075a301a9","result":"0x9f37dc0f4cc08376d8fc7936303ff045d0679d0da06cf860ada15605da7636cf"}}
[2m2025-12-10T10:19:13.060441Z[0m [34mDEBUG[0m [2methereum_transaction_pool_monitor::eth_client[0m[2m:[0m 📨 Received pending transaction: 0x9f37dc0f4cc08376d8fc7936303ff045d0679d0da06cf860ada15605da7636cf
[2m2025-12-10T10:19:13.060444Z[0m [34mDEBUG[0m [2methereum_transaction_pool_monitor::eth_client[0m[2m:[0m 📨 Received WebSocket message: {"jsonrpc":"2.0","method":"eth_subscription","params":{"subscription":"0xbed0a0851463e895960a451075a301a9","result":"0x95abaa0eb93db7e515b4cabd6b0ae9a3f430839ad13c127318fbd995618fb708"}}
[2m2025-12-10T10:19:13.060449Z[0m [34mDEBUG[0m [2methereum_transaction_pool_monitor::eth_client[0m[2m:[0m 📨 Received pending transaction: 0x95abaa0eb93db7e515b4cabd6b0ae9a3f430839ad13c127318fbd995618fb708
[2m2025-12-10T10:19:13.060453Z[0m [34mDEBUG[0m [2methereum_transaction_pool_monitor::eth_client[0m[2m:[0m 📨 Received WebSocket message: {"jsonrpc":"2.0","method":"eth_subscription","params":{"subscription":"0xbed0a0851463e895960a451075a301a9","result":"0x4fcaaa25ad2af504708ace94fb177a7b72bc6ef40c2c9aba525949b5cd740c87"}}
[2m2025-12-10T10:19:13.060457Z[0m [34mDEBUG[0m [2methereum_transaction_pool_monitor::eth_client[0m[2m:[0m 📨 Received pending transaction: 0x4fcaaa25ad2af504708ace94fb177a7b72bc6ef40c2c9aba525949b5cd740c87
[2m2025-12-10T10:19:13.060460Z[0m [34mDEBUG[0m [2methereum_transaction_pool_monitor::eth_client[0m[2m:[0m 📨 Received WebSocket message: {"jsonrpc":"2.0","method":"eth_subscription","params":{"subscription":"0xbed0a0851463e895960a451075a301a9","result":"0x653f350bb49de82e52cbc032ae79735ea93db674627242e8521062f1c511b636"}}
[2m2025-12-10T10:19:13.060465Z[0m [34mDEBUG[0m [2methereum_transaction_pool_monitor::eth_client[0m[2m:[0m 📨 Received pending transaction: 0x653f350bb49de82e52cbc032ae79735ea93db674627242e8521062f1c511b636
[2m2025-12-10T10:19:13.060468Z[0m [34mDEBUG[0m [2methereum_transaction_pool_monitor::eth_client[0m[2m:[0m 📨 Received WebSocket message: {"jsonrpc":"2.0","method":"eth_subscription","params":{"subscription":"0xbed0a0851463e895960a451075a301a9","result":"0x1305c0a93999418115df8b6f795a7ffdee792eb2db2f2317eac2b008793c228d"}}
[2m2025-12-10T10:19:13.060473Z[0m [34mDEBUG[0m [2methereum_transaction_pool_monitor::eth_client[0m[2m:[0m 📨 Received pending transaction: 0x1305c0a93999418115df8b6f795a7ffdee792eb2db2f2317eac2b008793c228d
[2m2025-12-10T10:19:13.060476Z[0m [34mDEBUG[0m [2methereum_transaction_pool_monitor::eth_client[0m[2m:[0m 📨 Received WebSocket message: {"jsonrpc":"2.0","method":"eth_subscription","params":{"subscription":"0xbed0a0851463e895960a451075a301a9","result":"0x60590cd2b3719e294a9f78b8c1cf9dcfcda0bd916b7539a193c1f5d10592d361"}}
[2m2025-12-10T10:19:13.060481Z[0m [34mDEBUG[0m [2methereum_transaction_pool_monitor::eth_client[0m[2m:[0m 📨 Received pending transaction: 0x60590cd2b3719e294a9f78b8c1cf9dcfcda0bd916b7539a193c1f5d10592d361
[2m2025-12-10T10:19:13.060484Z[0m [34mDEBUG[0m [2methereum_transaction_pool_monitor::eth_client[0m[2m:[0m 📨 Received WebSocket message: {"jsonrpc":"2.0","method":"eth_subscription","params":{"subscription":"0xbed0a0851463e895960a451075a301a9","result":"0x57f6926eb29f7c39b0cc3026dae996f52895234b96c2c919b5e60c886a5b2ec1"}}
[2m2025-12-10T10:19:13.060489Z[0m [34mDEBUG[0m [2methereum_transaction_pool_monitor::eth_client[0m[2m:[0m 📨 Received pending transaction: 0x57f6926eb29f7c39b0cc3026dae996f52895234b96c2c919b5e60c886a5b2ec1
[2m2025-12-10T10:19:13.060492Z[0m [34mDEBUG[0m [2methereum_transaction_pool_monitor::eth_client[0m[2m:[0m 📨 Received WebSocket message: {"jsonrpc":"2.0","method":"eth_subscription","params":{"subscription":"0xbed0a0851463e895960a451075a301a9","result":"0x83457ac4c01fd7a497741cf0ea5625847ee5380c08ebbd1b4dea9f50550ddffc"}}
[2m2025-12-10T10:19:13.060496Z[0m [34mDEBUG[0m [2methereum_transaction_pool_monitor::eth_client[0m[2m:[0m 📨 Received pending transaction: 0x83457ac4c01fd7a497741cf0ea5625847ee5380c08ebbd1b4dea9f50550ddffc
[2m2025-12-10T10:19:13.060505Z[0m [34mDEBUG[0m [2methereum_transaction_pool_monitor::eth_client[0m[2m:[0m 📨 Received WebSocket message: {"jsonrpc":"2.0","method":"eth_subscription","params":{"subscription":"0xbed0a0851463e895960a451075a301a9","result":"0x8583409865833d9f667ff68c8b532dd84eb6102732603adbc8b5327081e22e8d"}}
[2m2025-12-10T10:19:13.060509Z[0m [34mDEBUG[0m [2methereum_transaction_pool_monitor::eth_client[0m[2m:[0m 📨 Received pending transaction: 0x8583409865833d9f667ff68c8b532dd84eb6102732603adbc8b5327081e22e8d
[2m2025-12-10T10:19:13.060544Z[0m [34mDEBUG[0m [2methereum_transaction_pool_monitor::eth_client[0m[2m:[0m 📨 Received WebSocket message: {"jsonrpc":"2.0","method":"eth_subscription","params":{"subscription":"0xbed0a0851463e895960a451075a301a9","result":"0xb44c59de73da759bb4cac28e6c0f5067cdfc8b11efd0b45ef662283df42451a9"}}
[2m2025-12-10T10:19:13.060549Z[0m [34mDEBUG[0m [2methereum_transaction_pool_monitor::eth_client[0m[2m:[0m 📨 Received pending transaction: 0xb44c59de73da759bb4cac28e6c0f5067cdfc8b11efd0b45ef662283df42451a9
[2m2025-12-10T10:19:13.060562Z[0m [34mDEBUG[0m [2methereum_transaction_pool_monitor::eth_client[0m[2m:[0m 📨 Received WebSocket message: {"jsonrpc":"2.0","method":"eth_subscription","params":{"subscription":"0xbed0a0851463e895960a451075a301a9","result":"0x69cdc53a9a66efa50f8e2fe2536adea52a4355c6f0414add80748e5bf6fba160"}}
[2m2025-12-10T10:19:13.060567Z[0m [34mDEBUG[0m [2methereum_transaction_pool_monitor::eth_client[0m[2m:[0m 📨 Received pending transaction: 0x69cdc53a9a66efa50f8e2fe2536adea52a4355c6f0414add80748e5bf6fba160
[2m2025-12-10T10:19:13.060570Z[0m [34mDEBUG[0m [2methereum_transaction_pool_monitor::eth_client[0m[2m:[0m 📨 Received WebSocket message: {"jsonrpc":"2.0","method":"eth_subscription","params":{"subscription":"0xbed0a0851463e895960a451075a301a9","result":"0x116c02d14c58938cf89e3227eface932637231723c5f7f19349e3177721ecb49"}}
[2m2025-12-10T10:19:13.060574Z[0m [34mDEBUG[0m [2methereum_transaction_pool_monitor::eth_client[0m[2m:[0m 📨 Received pending transaction: 0x116c02d14c58938cf89e3227eface932637231723c5f7f19349e3177721ecb49
[2m2025-12-10T10:19:13.060578Z[0m [34mDEBUG[0m [2methereum_transaction_pool_monitor::eth_client[0m[2m:[0m 📨 Received WebSocket message: {"jsonrpc":"2.0","method":"eth_subscription","params":{"subscription":"0xbed0a0851463e895960a451075a301a9","result":"0x1ebd5cdffe72cba7b6f49cf71215201894531333f323500ea7491805d0062045"}}
[2m2025-12-10T10:19:13.060582Z[0m [34mDEBUG[0m [2methereum_transaction_pool_monitor::eth_client[0m[2m:[0m 📨 Received pending transaction: 0x1ebd5cdffe72cba7b6f49cf71215201894531333f323500ea7491805d0062045
[2m2025-12-10T10:19:13.060586Z[0m [34mDEBUG[0m [2methereum_transaction_pool_monitor::eth_client[0m[2m:[0m 📨 Received WebSocket message: {"jsonrpc":"2.0","method":"eth_subscription","params":{"subscription":"0xbed0a0851463e895960a451075a301a9","result":"0x7f09a90c3ba8574c59bf9ea32a49d54a2af8627c86b04c55fa3924390c97e9a3"}}
[2m2025-12-10T10:19:13.060590Z[0m [34mDEBUG[0m [2methereum_transaction_pool_monitor::eth_client[0m[2m:[0m 📨 Received pending transaction: 0x7f09a90c3ba8574c59bf9ea32a49d54a2af8627c86b04c55fa3924390c97e9a3
[2m2025-12-10T10:19:13.060595Z[0m [34mDEBUG[0m [2methereum_transaction_pool_monitor::eth_client[0m[2m:[0m 📨 Received WebSocket message: {"jsonrpc":"2.0","method":"eth_subscription","params":{"subscription":"0xbed0a0851463e895960a451075a301a9","result":"0xd74ebb7ba247be67f4ce775b06039d8aca0bedbcc13dd4694663e2659fff0d26"}}
[2m2025-12-10T10:19:13.060600Z[0m [34mDEBUG[0m [2methereum_transaction_pool_monitor::eth_client[0m[2m:[0m 📨 Received pending transaction: 0xd74ebb7ba247be67f4ce775b06039d8aca0bedbcc13dd4694663e2659fff0d26
[2m2025-12-10T10:19:13.060861Z[0m [34mDEBUG[0m [2methereum_transaction_pool_monitor::eth_client[0m[2m:[0m 📨 Received WebSocket message: {"jsonrpc":"2.0","method":"eth_subscription","params":{"subscription":"0xbed0a0851463e895960a451075a301a9","result":"0xd07bc740e7b3470c03490a486bf5688e4dceaa2e2262fabc98f07b4ae6fc61d4"}}
[2m2025-12-10T10:19:13.060870Z[0m [34mDEBUG[0m [2methereum_transaction_pool_monitor::eth_client[0m[2m:[0m 📨 Received pending transaction: 0xd07bc740e7b3470c03490a486bf5688e4dceaa2e2262fabc98f07b4ae6fc61d4
[2m2025-12-10T10:19:13.060874Z[0m [34mDEBUG[0m [2methereum_transaction_pool_monitor::eth_client[0m[2m:[0m 📨 Received WebSocket message: {"jsonrpc":"2.0","method":"eth_subscription","params":{"subscription":"0xbed0a0851463e895960a451075a301a9","result":"0x20c04ce3b02d66c800030c54be7ae3306dda233a3379d883c789def4d712da8b"}}
[2m2025-12-10T10:19:13.060879Z[0m [34mDEBUG[0m [2methereum_transaction_pool_monitor::eth_client[0m[2m:[0m 📨 Received pending transaction: 0x20c04ce3b02d66c800030c54be7ae3306dda233a3379d883c789def4d712da8b
[2m2025-12-10T10:19:13.060885Z[0m [34mDEBUG[0m [2methereum_transaction_pool_monitor::eth_client[0m[2m:[0m 📨 Received WebSocket message: {"jsonrpc":"2.0","method":"eth_subscription","params":{"subscription":"0xbed0a0851463e895960a451075a301a9","result":"0xac84d8bafdbecba5afd8ff5ada1fbf82be9e3b6b2918930f75fe83cf831f396f"}}
[2m2025-12-10T10:19:13.060891Z[0m [34mDEBUG[0m [2methereum_transaction_pool_monitor::eth_client[0m[2m:[0m 📨 Received pending transaction: 0xac84d8bafdbecba5afd8ff5ada1fbf82be9e3b6b2918930f75fe83cf831f396f
[2m2025-12-10T10:19:13.060894Z[0m [34mDEBUG[0m [2methereum_transaction_pool_monitor::eth_client[0m[2m:[0m 📨 Received WebSocket message: {"jsonrpc":"2.0","method":"eth_subscription","params":{"subscription":"0xbed0a0851463e895960a451075a301a9","result":"0x93022a512dda68c62b843cecb26a4a520d2c56cea84b77fed573ae564a8066b9"}}
[2m2025-12-10T10:19:13.060899Z[0m [34mDEBUG[0m [2methereum_transaction_pool_monitor::eth_client[0m[2m:[0m 📨 Received pending transaction: 0x93022a512dda68c62b843cecb26a4a520d2c56cea84b77fed573ae564a8066b9
[2m2025-12-10T10:19:13.060903Z[0m [34mDEBUG[0m [2methereum_transaction_pool_monitor::eth_client[0m[2m:[0m 📨 Received WebSocket message: {"jsonrpc":"2.0","method":"eth_subscription","params":{"subscription":"0xbed0a0851463e895960a451075a301a9","result":"0x9366daacc640dd46b26eff04a54b8aa63e7019ba509a6b70905ea2dbb973b16d"}}
[2m2025-12-10T10:19:13.060907Z[0m [34mDEBUG[0m [2methereum_transaction_pool_monitor::eth_client[0m[2m:[0m 📨 Received pending transaction: 0x9366daacc640dd46b26eff04a54b8aa63e7019ba509a6b70905ea2dbb973b16d
[2m2025-12-10T10:19:13.060911Z[0m [34mDEBUG[0m [2methereum_transaction_pool_monitor::eth_client[0m[2m:[0m 📨 Received WebSocket message: {"jsonrpc":"2.0","method":"eth_subscription","params":{"subscription":"0xbed0a0851463e895960a451075a301a9","result":"0xd9fd7a0c7f6533e608a776f32dfa1df3799fc6c554b7fc5fcd81230655db5150"}}
[2m2025-12-10T10:19:13.060923Z[0m [34mDEBUG[0m [2methereum_transaction_pool_monitor::eth_client[0m[2m:[0m 📨 Received pending transaction: 0xd9fd7a0c7f6533e608a776f32dfa1df3799fc6c554b7fc5fcd81230655db5150
[2m2025-12-10T10:19:13.060928Z[0m [34mDEBUG[0m [2methereum_transaction_pool_monitor::eth_client[0m[2m:[0m 📨 Received WebSocket message: {"jsonrpc":"2.0","method":"eth_subscription","params":{"subscription":"0xbed0a0851463e895960a451075a301a9","result":"0x6f09e046a51fd680b2b0ee716adbd46203582e4648195a52db3801a6ae4425e4"}}
[2m2025-12-10T10:19:13.060970Z[0m [34mDEBUG[0m [2methereum_transaction_pool_monitor::eth_client[0m[2m:[0m 📨 Received pending transaction: 0x6f09e046a51fd680b2b0ee716adbd46203582e4648195a52db3801a6ae4425e4
[2m2025-12-10T10:19:13.060974Z[0m [34mDEBUG[0m [2methereum_transaction_pool_monitor::eth_client[0m[2m:[0m 📨 Received WebSocket message: {"jsonrpc":"2.0","method":"eth_subscription","params":{"subscription":"0xbed0a0851463e895960a451075a301a9","result":"0x50733732501c301c05b3fa0bba1bd935faac8ecc4367ed5a74cc80fcad452917"}}
[2m2025-12-10T10:19:13.060979Z[0m [34mDEBUG[0m [2methereum_transaction_pool_monitor::eth_client[0m[2m:[0m 📨 Received pending transaction: 0x50733732501c301c05b3fa0bba1bd935faac8ecc4367ed5a74cc80fcad452917
[2m2025-12-10T10:19:13.060984Z[0m [34mDEBUG[0m [2methereum_transaction_pool_monitor::eth_client[0m[2m:[0m 📨 Received WebSocket message: {"jsonrpc":"2.0","method":"eth_subscription","params":{"subscription":"0xbed0a0851463e895960a451075a301a9","result":"0xcbfcb0edcd3e1fab14a1c57201ad93dd6da4df865de48c8d061d8242a2a12d9a"}}
[2m2025-12-10T10:19:13.060991Z[0m [34mDEBUG[0m [2methereum_transaction_pool_monitor::eth_client[0m[2m:[0m 📨 Received pending transaction: 0xcbfcb0edcd3e1fab14a1c57201ad93dd6da4df865de48c8d061d8242a2a12d9a
[2m2025-12-10T10:19:13.060995Z[0m [34mDEBUG[0m [2methereum_transaction_pool_monitor::eth_client[0m[2m:[0m 📨 Received WebSocket message: {"jsonrpc":"2.0","method":"eth_subscription","params":{"subscription":"0xbed0a0851463e895960a451075a301a9","result":"0x983db2384c86f05babd260b5c3f7835a4a87dc28c457c1e994a09f6d3411711e"}}
[2m2025-12-10T10:19:13.061002Z[0m [34mDEBUG[0m [2methereum_transaction_pool_monitor::eth_client[0m[2m:[0m 📨 Received pending transaction: 0x983db2384c86f05babd260b5c3f7835a4a87dc28c457c1e994a09f6d3411711e
[2m2025-12-10T10:19:13.061007Z[0m [34mDEBUG[0m [2methereum_transaction_pool_monitor::eth_client[0m[2m:[0m 📨 Received WebSocket message: {"jsonrpc":"2.0","method":"eth_subscription","params":{"subscription":"0xbed0a0851463e895960a451075a301a9","result":"0x715abddfa954ba304fe4affc4c319099e32a9e64b892600cd071c269f79c379b"}}
[2m2025-12-10T10:19:13.061013Z[0m [34mDEBUG[0m [2methereum_transaction_pool_monitor::eth_client[0m[2m:[0m 📨 Received pending transaction: 0x715abddfa954ba304fe4affc4c319099e32a9e64b892600cd071c269f79c379b
[2m2025-12-10T10:19:13.061020Z[0m [34mDEBUG[0m [2methereum_transaction_pool_monitor::eth_client[0m[2m:[0m 📨 Received WebSocket message: {"jsonrpc":"2.0","method":"eth_subscription","params":{"subscription":"0xbed0a0851463e895960a451075a301a9","result":"0xd733960d35cdab6d27ee7592f9fe3f1897af2d014d4db7a3aae9fdd911167a89"}}
[2m2025-12-10T10:19:13.061027Z[0m [34mDEBUG[0m [2methereum_transaction_pool_monitor::eth_client[0m[2m:[0m 📨 Received pending transaction: 0xd733960d35cdab6d27ee7592f9fe3f1897af2d014d4db7a3aae9fdd911167a89
[2m2025-12-10T10:19:13.061031Z[0m [34mDEBUG[0m [2methereum_transaction_pool_monitor::eth_client[0m[2m:[0m 📨 Received WebSocket message: {"jsonrpc":"2.0","method":"eth_subscription","params":{"subscription":"0xbed0a0851463e895960a451075a301a9","result":"0xec97771cf4c1fa797c289141d4b89a593ee62c47fec9fc53d28fd632c00bf16c"}}
[2m2025-12-10T10:19:13.061037Z[0m [34mDEBUG[0m [2methereum_transaction_pool_monitor::eth_client[0m[2m:[0m 📨 Received pending transaction: 0xec97771cf4c1fa797c289141d4b89a593ee62c47fec9fc53d28fd632c00bf16c
[2m2025-12-10T10:19:13.061045Z[0m [34mDEBUG[0m [2methereum_transaction_pool_monitor::eth_client[0m[2m:[0m 📨 Received WebSocket message: {"jsonrpc":"2.0","method":"eth_subscription","params":{"subscription":"0xbed0a0851463e895960a451075a301a9","result":"0xbad99d9bbd5763ba5257e84f69de5dd3f722f77c4aab80982a0bf8c142a9a76c"}}
[2m2025-12-10T10:19:13.061052Z[0m [34mDEBUG[0m [2methereum_transaction_pool_monitor::eth_client[0m[2m:[0m 📨 Received pending transaction: 0xbad99d9bbd5763ba5257e84f69de5dd3f722f77c4aab80982a0bf8c142a9a76c
[2m2025-12-10T10:19:13.061057Z[0m [34mDEBUG[0m [2methereum_transaction_pool_monitor::eth_client[0m[2m:[0m 📨 Received WebSocket message: {"jsonrpc":"2.0","method":"eth_subscription","params":{"subscription":"0xbed0a0851463e895960a451075a301a9","result":"0x321134356c0652abd63b7ecf8d919a80c08aeae397daace99390f183cbbaafa6"}}
[2m2025-12-10T10:19:13.061062Z[0m [34mDEBUG[0m [2methereum_transaction_pool_monitor::eth_client[0m[2m:[0m 📨 Received pending transaction: 0x321134356c0652abd63b7ecf8d919a80c08aeae397daace99390f183cbbaafa6
[2m2025-12-10T10:19:13.061066Z[0m [34mDEBUG[0m [2methereum_transaction_pool_monitor::eth_client[0m[2m:[0m 📨 Received WebSocket message: {"jsonrpc":"2.0","method":"eth_subscription","params":{"subscription":"0xbed0a0851463e895960a451075a301a9","result":"0x5015d8f0a70401c689e96f8f61a831bbba3de6e76cb2345ca5d53722d5e438b7"}}
[2m2025-12-10T10:19:13.061070Z[0m [34mDEBUG[0m [2methereum_transaction_pool_monitor::eth_client[0m[2m:[0m 📨 Received pending transaction: 0x5015d8f0a70401c689e96f8f61a831bbba3de6e76cb2345ca5d53722d5e438b7
[2m2025-12-10T10:19:13.061074Z[0m [34mDEBUG[0m [2methereum_transaction_pool_monitor::eth_client[0m[2m:[0m 📨 Received WebSocket message: {"jsonrpc":"2.0","method":"eth_subscription","params":{"subscription":"0xbed0a0851463e895960a451075a301a9","result":"0xd202c987b9e005e68a07d7418e94364d54bd616f785a400e28ea75beeb5d97fc"}}
[2m2025-12-10T10:19:13.061095Z[0m [34mDEBUG[0m [2methereum_transaction_pool_monitor::eth_client[0m[2m:[0m 📨 Received pending transaction: 0xd202c987b9e005e68a07d7418e94364d54bd616f785a400e28ea75beeb5d97fc
[2m2025-12-10T10:19:13.061101Z[0m [34mDEBUG[0m [2methereum_transaction_pool_monitor::eth_client[0m[2m:[0m 📨 Received WebSocket message: {"jsonrpc":"2.0","method":"eth_subscription","params":{"subscription":"0xbed0a0851463e895960a451075a301a9","result":"0x288cc77d0d58ee972a419fa82ef50f569690de19eee22d6cc63aed0ad525dd1a"}}
[2m2025-12-10T10:19:13.061120Z[0m [34mDEBUG[0m [2methereum_transaction_pool_monitor::eth_client[0m[2m:[0m 📨 Received pending transaction: 0x288cc77d0d58ee972a419fa82ef50f569690de19eee22d6cc63aed0ad525dd1a
[2m2025-12-10T10:19:13.061151Z[0m [34mDEBUG[0m [2methereum_transaction_pool_monitor::eth_client[0m[2m:[0m 📨 Received WebSocket message: {"jsonrpc":"2.0","method":"eth_subscription","params":{"subscription":"0xbed0a0851463e895960a451075a301a9","result":"0xc90c724cf6895bc3da30246f289fca3481bc4ebc6e284c67dba866ee2cfc596b"}}
[2m2025-12-10T10:19:13.061162Z[0m [34mDEBUG[0m [2methereum_transaction_pool_monitor::eth_client[0m[2m:[0m 📨 Received pending transaction: 0xc90c724cf6895bc3da30246f289fca3481bc4ebc6e284c67dba866ee2cfc596b
[2m2025-12-10T10:19:13.061168Z[0m [34mDEBUG[0m [2methereum_transaction_pool_monitor::eth_client[0m[2m:[0m 📨 Received WebSocket message: {"jsonrpc":"2.0","method":"eth_subscription","params":{"subscription":"0xbed0a0851463e895960a451075a301a9","result":"0xdde8e0a8e9f002ea09389b56790b5f37b455d9c4082d3754afdff9717972fbbb"}}
[2m2025-12-10T10:19:13.061173Z[0m [34mDEBUG[0m [2methereum_transaction_pool_monitor::eth_client[0m[2m:[0m 📨 Received pending transaction: 0xdde8e0a8e9f002ea09389b56790b5f37b455d9c4082d3754afdff9717972fbbb
[2m2025-12-10T10:19:13.061178Z[0m [34mDEBUG[0m [2methereum_transaction_pool_monitor::eth_client[0m[2m:[0m 📨 Received WebSocket message: {"jsonrpc":"2.0","method":"eth_subscription","params":{"subscription":"0xbed0a0851463e895960a451075a301a9","result":"0x24b26cea2c8adf86300fd83ab2b4ee8d8abae291103eaa6e631f90554b3ccd69"}}
[2m2025-12-10T10:19:13.061183Z[0m [34mDEBUG[0m [2methereum_transaction_pool_monitor::eth_client[0m[2m:[0m 📨 Received pending transaction: 0x24b26cea2c8adf86300fd83ab2b4ee8d8abae291103eaa6e631f90554b3ccd69
[2m2025-12-10T10:19:13.061194Z[0m [34mDEBUG[0m [2methereum_transaction_pool_monitor::eth_client[0m[2m:[0m 📨 Received WebSocket message: {"jsonrpc":"2.0","method":"eth_subscription","params":{"subscription":"0xbed0a0851463e895960a451075a301a9","result":"0xb38e531aeb8026bfab88a4662165888ee4bdab392c23365cd95f328fc0d495d3"}}
[2m2025-12-10T10:19:13.061200Z[0m [34mDEBUG[0m [2methereum_transaction_pool_monitor::eth_client[0m[2m:[0m 📨 Received pending transaction: 0xb38e531aeb8026bfab88a4662165888ee4bdab392c23365cd95f328fc0d495d3
[2m2025-12-10T10:19:13.061209Z[0m [34mDEBUG[0m [2methereum_transaction_pool_monitor::eth_client[0m[2m:[0m 📨 Received WebSocket message: {"jsonrpc":"2.0","method":"eth_subscription","params":{"subscription":"0xbed0a0851463e895960a451075a301a9","result":"0xffae63af0a5aafb76fa3249510f3bd321e15dd3a274d95a58b76b464178ed5db"}}
[2m2025-12-10T10:19:13.061217Z[0m [34mDEBUG[0m [2methereum_transaction_pool_monitor::eth_client[0m[2m:[0m 📨 Received pending transaction: 0xffae63af0a5aafb76fa3249510f3bd321e15dd3a274d95a58b76b464178ed5db
[2m2025-12-10T10:19:13.061225Z[0m [34mDEBUG[0m [2methereum_transaction_pool_monitor::eth_client[0m[2m:[0m 📨 Received WebSocket message: {"jsonrpc":"2.0","method":"eth_subscription","params":{"subscription":"0xbed0a0851463e895960a451075a301a9","result":"0xb88d8f02011595290c7232343ea5e3c8499202b780998a06876621dd976fcb01"}}
[2m2025-12-10T10:19:13.061231Z[0m [34mDEBUG[0m [2methereum_transaction_pool_monitor::eth_client[0m[2m:[0m 📨 Received pending transaction: 0xb88d8f02011595290c7232343ea5e3c8499202b780998a06876621dd976fcb01
[2m2025-12-10T10:19:13.061238Z[0m [34mDEBUG[0m [2methereum_transaction_pool_monitor::eth_client[0m[2m:[0m 📨 Received WebSocket message: {"jsonrpc":"2.0","method":"eth_subscription","params":{"subscription":"0xbed0a0851463e895960a451075a301a9","result":"0xc685c224539cfbc8018a0878387d6a9dea1fdd726947fd369c526f0a89176de7"}}
[2m2025-12-10T10:19:13.061243Z[0m [34mDEBUG[0m [2methereum_transaction_pool_monitor::eth_client[0m[2m:[0m 📨 Received pending transaction: 0xc685c224539cfbc8018a0878387d6a9dea1fdd726947fd369c526f0a89176de7
[2m2025-12-10T10:19:13.061254Z[0m [34mDEBUG[0m [2methereum_transaction_pool_monitor::eth_client[0m[2m:[0m 📨 Received WebSocket message: {"jsonrpc":"2.0","method":"eth_subscription","params":{"subscription":"0xbed0a0851463e895960a451075a301a9","result":"0x34ef447669ab7f712c27ea4540999f4a4b84f6dd3b782de11a95631185560da5"}}
[2m2025-12-10T10:19:13.061262Z[0m [34mDEBUG[0m [2methereum_transaction_pool_monitor::eth_client[0m[2m:[0m 📨 Received pending transaction: 0x34ef447669ab7f712c27ea4540999f4a4b84f6dd3b782de11a95631185560da5
[2m2025-12-10T10:19:13.061266Z[0m [34mDEBUG[0m [2methereum_transaction_pool_monitor::eth_client[0m[2m:[0m 📨 Received WebSocket message: {"jsonrpc":"2.0","method":"eth_subscription","params":{"subscription":"0xbed0a0851463e895960a451075a301a9","result":"0xeea50855f92b6eed271ab06e47c2b1cee7420ffad0c12b537afcaa5cdb83abe5"}}
[2m2025-12-10T10:19:13.061273Z[0m [34mDEBUG[0m [2methereum_transaction_pool_monitor::eth_client[0m[2m:[0m 📨 Received pending transaction: 0xeea50855f92b6eed271ab06e47c2b1cee7420ffad0c12b537afcaa5cdb83abe5
[2m2025-12-10T10:19:13.061277Z[0m [34mDEBUG[0m [2methereum_transaction_pool_monitor::eth_client[0m[2m:[0m 📨 Received WebSocket message: {"jsonrpc":"2.0","method":"eth_subscription","params":{"subscription":"0xbed0a0851463e895960a451075a301a9","result":"0x96bdc290e639ec97a1efd43ce1fab66017fe56686785d553d0a9be4269da8c33"}}
[2m2025-12-10T10:19:13.061282Z[0m [34mDEBUG[0m [2methereum_transaction_pool_monitor::eth_client[0m[2m:[0m 📨 Received pending transaction: 0x96bdc290e639ec97a1efd43ce1fab66017fe56686785d553d0a9be4269da8c33
[2m2025-12-10T10:19:13.064084Z[0m [34mDEBUG[0m [2methereum_transaction_pool_monitor::eth_client[0m[2m:[0m 📨 Received WebSocket message: {"jsonrpc":"2.0","method":"eth_subscription","params":{"subscription":"0xbed0a0851463e895960a451075a301a9","result":"0x0a1dc762b3692c09c1a086c68a84bfa448372a090f7c2e156e0c86bf1cf46b65"}}
[2m2025-12-10T10:19:13.064114Z[0m [34mDEBUG[0m [2methereum_transaction_pool_monitor::eth_client[0m[2m:[0m 📨 Received pending transaction: 0x0a1dc762b3692c09c1a086c68a84bfa448372a090f7c2e156e0c86bf1cf46b65
[2m2025-12-10T10:19:13.064122Z[0m [34mDEBUG[0m [2methereum_transaction_pool_monitor::eth_client[0m[2m:[0m 📨 Received WebSocket message: {"jsonrpc":"2.0","method":"eth_subscription","params":{"subscription":"0xbed0a0851463e895960a451075a301a9","result":"0x05508ae360d85cb5f0618a82ecce6c78a4738d614b6722737378452041823265"}}
[2m2025-12-10T10:19:13.064161Z[0m [34mDEBUG[0m [2methereum_transaction_pool_monitor::eth_client[0m[2m:[0m 📨 Received pending transaction: 0x05508ae360d85cb5f0618a82ecce6c78a4738d614b6722737378452041823265
[2m2025-12-10T10:19:13.064166Z[0m [34mDEBUG[0m [2methereum_transaction_pool_monitor::eth_client[0m[2m:[0m 📨 Received WebSocket message: {"jsonrpc":"2.0","method":"eth_subscription","params":{"subscription":"0xbed0a0851463e895960a451075a301a9","result":"0x2cdc60da54bf549c94338cc6dc8c1d1596b5201226d5c33aacc3ca002f3d443d"}}
[2m2025-12-10T10:19:13.064171Z[0m [34mDEBUG[0m [2methereum_transaction_pool_monitor::eth_client[0m[2m:[0m 📨 Received pending transaction: 0x2cdc60da54bf549c94338cc6dc8c1d1596b5201226d5c33aacc3ca002f3d443d
[2m2025-12-10T10:19:13.064175Z[0m [34mDEBUG[0m [2methereum_transaction_pool_monitor::eth_client[0m[2m:[0m 📨 Received WebSocket message: {"jsonrpc":"2.0","method":"eth_subscription","params":{"subscription":"0xbed0a0851463e895960a451075a301a9","result":"0x1f22dbcae093215c708a8279f1a9b7217a7dac7f71c982faccd95beb837e3b4f"}}
[2m2025-12-10T10:19:13.064179Z[0m [34mDEBUG[0m [2methereum_transaction_pool_monitor::eth_client[0m[2m:[0m 📨 Received pending transaction: 0x1f22dbcae093215c708a8279f1a9b7217a7dac7f71c982faccd95beb837e3b4f
[2m2025-12-10T10:19:13.064183Z[0m [34mDEBUG[0m [2methereum_transaction_pool_monitor::eth_client[0m[2m:[0m 📨 Received WebSocket message: {"jsonrpc":"2.0","method":"eth_subscription","params":{"subscription":"0xbed0a0851463e895960a451075a301a9","result":"0x09965d383525c0cb349c6df3a5adbe4cad699e711edc00466f499c20189e1524"}}
[2m2025-12-10T10:19:13.064228Z[0m [34mDEBUG[0m [2methereum_transaction_pool_monitor::eth_client[0m[2m:[0m 📨 Received pending transaction: 0x09965d383525c0cb349c6df3a5adbe4cad699e711edc00466f499c20189e1524
[2m2025-12-10T10:19:13.064236Z[0m [34mDEBUG[0m [2methereum_transaction_pool_monitor::eth_client[0m[2m:[0m 📨 Received WebSocket message: {"jsonrpc":"2.0","method":"eth_subscription","params":{"subscription":"0xbed0a0851463e895960a451075a301a9","result":"0xebcb872b376ac0161c177286d47e864b17e4624838e5e670b0920638a97b0460"}}
[2m2025-12-10T10:19:13.064241Z[0m [34mDEBUG[0m [2methereum_transaction_pool_monitor::eth_client[0m[2m:[0m 📨 Received pending transaction: 0xebcb872b376ac0161c177286d47e864b17e4624838e5e670b0920638a97b0460
[2m2025-12-10T10:19:13.064245Z[0m [34mDEBUG[0m [2methereum_transaction_pool_monitor::eth_client[0m[2m:[0m 📨 Received WebSocket message: {"jsonrpc":"2.0","method":"eth_subscription","params":{"subscription":"0xbed0a0851463e895960a451075a301a9","result":"0xe9d5ded6c793e6e6f33d96768145c1e34185f5ec14e1b3ee8a5b3f737e8b7b64"}}
[2m2025-12-10T10:19:13.064255Z[0m [34mDEBUG[0m [2methereum_transaction_pool_monitor::eth_client[0m[2m:[0m 📨 Received pending transaction: 0xe9d5ded6c793e6e6f33d96768145c1e34185f5ec14e1b3ee8a5b3f737e8b7b64
[2m2025-12-10T10:19:13.064260Z[0m [34mDEBUG[0m [2methereum_transaction_pool_monitor::eth_client[0m[2m:[0m 📨 Received WebSocket message: {"jsonrpc":"2.0","method":"eth_subscription","params":{"subscription":"0xbed0a0851463e895960a451075a301a9","result":"0x3edd6625fc950f778eb0ba23be360cb90e2f3be427eb2406fc37935cdd293041"}}
[2m2025-12-10T10:19:13.064265Z[0m [34mDEBUG[0m [2methereum_transaction_pool_monitor::eth_client[0m[2m:[0m 📨 Received pending transaction: 0x3edd6625fc950f778eb0ba23be360cb90e2f3be427eb2406fc37935cdd293041
[2m2025-12-10T10:19:13.064268Z[0m [34mDEBUG[0m [2methereum_transaction_pool_monitor::eth_client[0m[2m:[0m 📨 Received WebSocket message: {"jsonrpc":"2.0","method":"eth_subscription","params":{"subscription":"0xbed0a0851463e895960a451075a301a9","result":"0xe14a51a67ce2344dc7c360364fff46fc395b4c37fa627acd44239fbcc549ee12"}}
[2m2025-12-10T10:19:13.064273Z[0m [34mDEBUG[0m [2methereum_transaction_pool_monitor::eth_client[0m[2m:[0m 📨 Received pending transaction: 0xe14a51a67ce2344dc7c360364fff46fc395b4c37fa627acd44239fbcc549ee12
[2m2025-12-10T10:19:13.064277Z[0m [34mDEBUG[0m [2methereum_transaction_pool_monitor::eth_client[0m[2m:[0m 📨 Received WebSocket message: {"jsonrpc":"2.0","method":"eth_subscription","params":{"subscription":"0xbed0a0851463e895960a451075a301a9","result":"0x0b77e175ff228806b98741da03e14d105a8060fd5afe77b1cbf38cf7e46999b5"}}
[2m2025-12-10T10:19:13.064281Z[0m [34mDEBUG[0m [2methereum_transaction_pool_monitor::eth_client[0m[2m:[0m 📨 Received pending transaction: 0x0b77e175ff228806b98741da03e14d105a8060fd5afe77b1cbf38cf7e46999b5
[2m2025-12-10T10:19:13.064285Z[0m [34mDEBUG[0m [2methereum_transaction_pool_monitor::eth_client[0m[2m:[0m 📨 Received WebSocket message: {"jsonrpc":"2.0","method":"eth_subscription","params":{"subscription":"0xbed0a0851463e895960a451075a301a9","result":"0x1875d793336859cd01ae751240222d8ca9770e9b9667de485338ce4c6a734a8a"}}
[2m2025-12-10T10:19:13.064290Z[0m [34mDEBUG[0m [2methereum_transaction_pool_monitor::eth_client[0m[2m:[0m 📨 Received pending transaction: 0x1875d793336859cd01ae751240222d8ca9770e9b9667de485338ce4c6a734a8a
[2m2025-12-10T10:19:13.064294Z[0m [34mDEBUG[0m [2methereum_transaction_pool_monitor::eth_client[0m[2m:[0m 📨 Received WebSocket message: {"jsonrpc":"2.0","method":"eth_subscription","params":{"subscription":"0xbed0a0851463e895960a451075a301a9","result":"0x0442205dd864441183d4795de7e38150b2983eb7c04a9711c994cc5a1e8470a3"}}
[2m2025-12-10T10:19:13.064298Z[0m [34mDEBUG[0m [2methereum_transaction_pool_monitor::eth_client[0m[2m:[0m 📨 Received pending transaction: 0x0442205dd864441183d4795de7e38150b2983eb7c04a9711c994cc5a1e8470a3
[2m2025-12-10T10:19:13.064302Z[0m [34mDEBUG[0m [2methereum_transaction_pool_monitor::eth_client[0m[2m:[0m 📨 Received WebSocket message: {"jsonrpc":"2.0","method":"eth_subscription","params":{"subscription":"0xbed0a0851463e895960a451075a301a9","result":"0x3da78447ce083f23553e5d6e61e63bf9b749a79c58943b962a0d5a67ce93fe01"}}
[2m2025-12-10T10:19:13.064306Z[0m [34mDEBUG[0m [2methereum_transaction_pool_monitor::eth_client[0m[2m:[0m 📨 Received pending transaction: 0x3da78447ce083f23553e5d6e61e63bf9b749a79c58943b962a0d5a67ce93fe01
[2m2025-12-10T10:19:13.064310Z[0m [34mDEBUG[0m [2methereum_transaction_pool_monitor::eth_client[0m[2m:[0m 📨 Received WebSocket message: {"jsonrpc":"2.0","method":"eth_subscription","params":{"subscription":"0xbed0a0851463e895960a451075a301a9","result":"0x0900c1c9a7cc51ecbd85cb68d84ad4030951585123f8aa343adef3a3ffb89fee"}}
[2m2025-12-10T10:19:13.064314Z[0m [34mDEBUG[0m [2methereum_transaction_pool_monitor::eth_client[0m[2m:[0m 📨 Received pending transaction: 0x0900c1c9a7cc51ecbd85cb68d84ad4030951585123f8aa343adef3a3ffb89fee
[2m2025-12-10T10:19:13.064318Z[0m [34mDEBUG[0m [2methereum_transaction_pool_monitor::eth_client[0m[2m:[0m 📨 Received WebSocket message: {"jsonrpc":"2.0","method":"eth_subscription","params":{"subscription":"0xbed0a0851463e895960a451075a301a9","result":"0x89183bae232fbef5d76ce15268322c375353fc14dce01f23918c75b534ea05bd"}}
[2m2025-12-10T10:19:13.064322Z[0m [34mDEBUG[0m [2methereum_transaction_pool_monitor::eth_client[0m[2m:[0m 📨 Received pending transaction: 0x89183bae232fbef5d76ce15268322c375353fc14dce01f23918c75b534ea05bd
[2m2025-12-10T10:19:13.064325Z[0m [34mDEBUG[0m [2methereum_transaction_pool_monitor::eth_client[0m[2m:[0m 📨 Received WebSocket message: {"jsonrpc":"2.0","method":"eth_subscription","params":{"subscription":"0xbed0a0851463e895960a451075a301a9","result":"0x7a7646ea92eb1280c4d3a5c1d9518a10de67822a3ac68318bbd7f2d302a5a5f2"}}
[2m2025-12-10T10:19:13.064330Z[0m [34mDEBUG[0m [2methereum_transaction_pool_monitor::eth_client[0m[2m:[0m 📨 Received pending transaction: 0x7a7646ea92eb1280c4d3a5c1d9518a10de67822a3ac68318bbd7f2d302a5a5f2
[2m2025-12-10T10:19:13.064334Z[0m [34mDEBUG[0m [2methereum_transaction_pool_monitor::eth_client[0m[2m:[0m 📨 Received WebSocket message: {"jsonrpc":"2.0","method":"eth_subscription","params":{"subscription":"0xbed0a0851463e895960a451075a301a9","result":"0x68ecec2e7bb5bf5903746b79ee2a54feb7dc4439035cd0d2b2940846ef4f32d0"}}
[2m2025-12-10T10:19:13.064338Z[0m [34mDEBUG[0m [2methereum_transaction_pool_monitor::eth_client[0m[2m:[0m 📨 Received pending transaction: 0x68ecec2e7bb5bf5903746b79ee2a54feb7dc4439035cd0d2b2940846ef4f32d0
[2m2025-12-10T10:19:13.064344Z[0m [34mDEBUG[0m [2methereum_transaction_pool_monitor::eth_client[0m[2m:[0m 📨 Received WebSocket message: {"jsonrpc":"2.0","method":"eth_subscription","params":{"subscription":"0xbed0a0851463e895960a451075a301a9","result":"0x2745a8526c792d33517b8bb1cddc1a5b48613fd53c2dd76fd81752efc39b41d1"}}
[2m2025-12-10T10:19:13.064349Z[0m [34mDEBUG[0m [2methereum_transaction_pool_monitor::eth_client[0m[2m:[0m 📨 Received pending transaction: 0x2745a8526c792d33517b8bb1cddc1a5b48613fd53c2dd76fd81752efc39b41d1
[2m2025-12-10T10:19:13.064353Z[0m [34mDEBUG[0m [2methereum_transaction_pool_monitor::eth_client[0m[2m:[0m 📨 Received WebSocket message: {"jsonrpc":"2.0","method":"eth_subscription","params":{"subscription":"0xbed0a0851463e895960a451075a301a9","result":"0x6043ae3588faad6e8af13e62601dfaec9aad0748a8ca651c3d47accef7c2af3b"}}
[2m2025-12-10T10:19:13.064357Z[0m [34mDEBUG[0m [2methereum_transaction_pool_monitor::eth_client[0m[2m:[0m 📨 Received pending transaction: 0x6043ae3588faad6e8af13e62601dfaec9aad0748a8ca651c3d47accef7c2af3b
[2m2025-12-10T10:19:13.064361Z[0m [34mDEBUG[0m [2methereum_transaction_pool_monitor::eth_client[0m[2m:[0m 📨 Received WebSocket message: {"jsonrpc":"2.0","method":"eth_subscription","params":{"subscription":"0xbed0a0851463e895960a451075a301a9","result":"0xce36c65e896aed2320e7a521d17c4124bf6e94baa8a24b94963a14c13dc89910"}}
[2m2025-12-10T10:19:13.064366Z[0m [34mDEBUG[0m [2methereum_transaction_pool_monitor::eth_client[0m[2m:[0m 📨 Received pending transaction: 0xce36c65e896aed2320e7a521d17c4124bf6e94baa8a24b94963a14c13dc89910
[2m2025-12-10T10:19:13.064370Z[0m [34mDEBUG[0m [2methereum_transaction_pool_monitor::eth_client[0m[2m:[0m 📨 Received WebSocket message: {"jsonrpc":"2.0","method":"eth_subscription","params":{"subscription":"0xbed0a0851463e895960a451075a301a9","result":"0x475253b65303be67e0b86e9f309572d63f5cf956ebe956b0a05c2324a3737fe3"}}
[2m2025-12-10T10:19:13.064374Z[0m [34mDEBUG[0m [2methereum_transaction_pool_monitor::eth_client[0m[2m:[0m 📨 Received pending transaction: 0x475253b65303be67e0b86e9f309572d63f5cf956ebe956b0a05c2324a3737fe3
[2m2025-12-10T10:19:13.064378Z[0m [34mDEBUG[0m [2methereum_transaction_pool_monitor::eth_client[0m[2m:[0m 📨 Received WebSocket message: {"jsonrpc":"2.0","method":"eth_subscription","params":{"subscription":"0xbed0a0851463e895960a451075a301a9","result":"0x2597d3bd274bce67d259df5be98c23882f5c178b52148c2a1873d5f18c2692c0"}}
[2m2025-12-10T10:19:13.064382Z[0m [34mDEBUG[0m [2methereum_transaction_pool_monitor::eth_client[0m[2m:[0m 📨 Received pending transaction: 0x2597d3bd274bce67d259df5be98c23882f5c178b52148c2a1873d5f18c2692c0
[2m2025-12-10T10:19:13.064386Z[0m [34mDEBUG[0m [2methereum_transaction_pool_monitor::eth_client[0m[2m:[0m 📨 Received WebSocket message: {"jsonrpc":"2.0","method":"eth_subscription","params":{"subscription":"0xbed0a0851463e895960a451075a301a9","result":"0xc5eb24353edb2d3dfe7a5009d809c5d922d448f0945ded61b0e3aabb8d6e477a"}}
[2m2025-12-10T10:19:13.064390Z[0m [34mDEBUG[0m [2methereum_transaction_pool_monitor::eth_client[0m[2m:[0m 📨 Received pending transaction: 0xc5eb24353edb2d3dfe7a5009d809c5d922d448f0945ded61b0e3aabb8d6e477a
[2m2025-12-10T10:19:13.064394Z[0m [34mDEBUG[0m [2methereum_transaction_pool_monitor::eth_client[0m[2m:[0m 📨 Received WebSocket message: {"jsonrpc":"2.0","method":"eth_subscription","params":{"subscription":"0xbed0a0851463e895960a451075a301a9","result":"0x1dcea61d2ad82980b510cf1ef9d6957ef85afb15e85570c678dd47a350ed93dd"}}
[2m2025-12-10T10:19:13.064398Z[0m [34mDEBUG[0m [2methereum_transaction_pool_monitor::eth_client[0m[2m:[0m 📨 Received pending transaction: 0x1dcea61d2ad82980b510cf1ef9d6957ef85afb15e85570c678dd47a350ed93dd
[2m2025-12-10T10:19:13.064402Z[0m [34mDEBUG[0m [2methereum_transaction_pool_monitor::eth_client[0m[2m:[0m 📨 Received WebSocket message: {"jsonrpc":"2.0","method":"eth_subscription","params":{"subscription":"0xbed0a0851463e895960a451075a301a9","result":"0xbf3c53bcc60a2eabdd4062cf19af26742cae15aef9062fdccf0c0e9286032a49"}}
[2m2025-12-10T10:19:13.064406Z[0m [34mDEBUG[0m [2methereum_transaction_pool_monitor::eth_client[0m[2m:[0m 📨 Received pending transaction: 0xbf3c53bcc60a2eabdd4062cf19af26742cae15aef9062fdccf0c0e9286032a49
[2m2025-12-10T10:19:13.064410Z[0m [34mDEBUG[0m [2methereum_transaction_pool_monitor::eth_client[0m[2m:[0m 📨 Received WebSocket message: {"jsonrpc":"2.0","method":"eth_subscription","params":{"subscription":"0xbed0a0851463e895960a451075a301a9","result":"0x6dc6abe0fa416cfbf1db70ea3402fefbbede447b7dc246908021fe21b07f5d78"}}
[2m2025-12-10T10:19:13.064414Z[0m [34mDEBUG[0m [2methereum_transaction_pool_monitor::eth_client[0m[2m:[0m 📨 Received pending transaction: 0x6dc6abe0fa416cfbf1db70ea3402fefbbede447b7dc246908021fe21b07f5d78
[2m2025-12-10T10:19:13.064418Z[0m [34mDEBUG[0m [2methereum_transaction_pool_monitor::eth_client[0m[2m:[0m 📨 Received WebSocket message: {"jsonrpc":"2.0","method":"eth_subscription","params":{"subscription":"0xbed0a0851463e895960a451075a301a9","result":"0x33af77f623f67d0e59a44dd49ece987d14ec374491024aea8657cfed75928724"}}
[2m2025-12-10T10:19:13.064422Z[0m [34mDEBUG[0m [2methereum_transaction_pool_monitor::eth_client[0m[2m:[0m 📨 Received pending transaction: 0x33af77f623f67d0e59a44dd49ece987d14ec374491024aea8657cfed75928724
[2m2025-12-10T10:19:13.064426Z[0m [34mDEBUG[0m [2methereum_transaction_pool_monitor::eth_client[0m[2m:[0m 📨 Received WebSocket message: {"jsonrpc":"2.0","method":"eth_subscription","params":{"subscription":"0xbed0a0851463e895960a451075a301a9","result":"0x17dc1c9d9339ca4b9d01c47ce287c2fdce2849c2424e1c4394483c0154af805a"}}
[2m2025-12-10T10:19:13.064430Z[0m [34mDEBUG[0m [2methereum_transaction_pool_monitor::eth_client[0m[2m:[0m 📨 Received pending transaction: 0x17dc1c9d9339ca4b9d01c47ce287c2fdce2849c2424e1c4394483c0154af805a
[2m2025-12-10T10:19:13.064434Z[0m [34mDEBUG[0m [2methereum_transaction_pool_monitor::eth_client[0m[2m:[0m 📨 Received WebSocket message: {"jsonrpc":"2.0","method":"eth_subscription","params":{"subscription":"0xbed0a0851463e895960a451075a301a9","result":"0xccc9cdc48c90d3cb58e5e04cb839a869e10a222b4983243089ca7776a926097c"}}
[2m2025-12-10T10:19:13.064439Z[0m [34mDEBUG[0m [2methereum_transaction_pool_monitor::eth_client[0m[2m:[0m 📨 Received pending transaction: 0xccc9cdc48c90d3cb58e5e04cb839a869e10a222b4983243089ca7776a926097c
[2m2025-12-10T10:19:13.064442Z[0m [34mDEBUG[0m [2methereum_transaction_pool_monitor::eth_client[0m[2m:[0m 📨 Received WebSocket message: {"jsonrpc":"2.0","method":"eth_subscription","params":{"subscription":"0xbed0a0851463e895960a451075a301a9","result":"0x958e9b5338c2eefa4526a54fae9f6463046fbde4b89bdd49a31ea6e69fe6431b"}}
[2m2025-12-10T10:19:13.064447Z[0m [34mDEBUG[0m [2methereum_transaction_pool_monitor::eth_client[0m[2m:[0m 📨 Received pending transaction: 0x958e9b5338c2eefa4526a54fae9f6463046fbde4b89bdd49a31ea6e69fe6431b
[2m2025-12-10T10:19:13.064451Z[0m [34mDEBUG[0m [2methereum_transaction_pool_monitor::eth_client[0m[2m:[0m 📨 Received WebSocket message: {"jsonrpc":"2.0","method":"eth_subscription","params":{"subscription":"0xbed0a0851463e895960a451075a301a9","result":"0xab54f325e858a55a5544cbb9dc310e192219e42b2fd22ebec9e244d2ee25e77f"}}
[2m2025-12-10T10:19:13.068318Z[0m [34mDEBUG[0m [2methereum_transaction_pool_monitor::eth_client[0m[2m:[0m 📨 Received pending transaction: 0xab54f325e858a55a5544cbb9dc310e192219e42b2fd22ebec9e244d2ee25e77f
[2m2025-12-10T10:19:13.068323Z[0m [34mDEBUG[0m [2methereum_transaction_pool_monitor::eth_client[0m[2m:[0m 📨 Received WebSocket message: {"jsonrpc":"2.0","method":"eth_subscription","params":{"subscription":"0xbed0a0851463e895960a451075a301a9","result":"0x09ae2181a5c4663b4deda07c673092e5094b16f7f93683457a04216671983d98"}}
[2m2025-12-10T10:19:13.068360Z[0m [34mDEBUG[0m [2methereum_transaction_pool_monitor::eth_client[0m[2m:[0m 📨 Received pending transaction: 0x09ae2181a5c4663b4deda07c673092e5094b16f7f93683457a04216671983d98
[2m2025-12-10T10:19:13.068365Z[0m [34mDEBUG[0m [2methereum_transaction_pool_monitor::eth_client[0m[2m:[0m 📨 Received WebSocket message: {"jsonrpc":"2.0","method":"eth_subscription","params":{"subscription":"0xbed0a0851463e895960a451075a301a9","result":"0x3c4b6c42b3a37ef0783bb34f7a39ee028a6140bf260cbc29816d5bd1a3005c03"}}
[2m2025-12-10T10:19:13.068370Z[0m [34mDEBUG[0m [2methereum_transaction_pool_monitor::eth_client[0m[2m:[0m 📨 Received pending transaction: 0x3c4b6c42b3a37ef0783bb34f7a39ee028a6140bf260cbc29816d5bd1a3005c03
[2m2025-12-10T10:19:13.068373Z[0m [34mDEBUG[0m [2methereum_transaction_pool_monitor::eth_client[0m[2m:[0m 📨 Received WebSocket message: {"jsonrpc":"2.0","method":"eth_subscription","params":{"subscription":"0xbed0a0851463e895960a451075a301a9","result":"0x4222a66b5df62d6a9dbe49ab3c0a0d91f75d23e40e9c9d2cd1ae08393c239842"}}
[2m2025-12-10T10:19:13.068378Z[0m [34mDEBUG[0m [2methereum_transaction_pool_monitor::eth_client[0m[2m:[0m 📨 Received pending transaction: 0x4222a66b5df62d6a9dbe49ab3c0a0d91f75d23e40e9c9d2cd1ae08393c239842
[2m2025-12-10T10:19:13.073866Z[0m [34mDEBUG[0m [2methereum_transaction_pool_monitor::eth_client[0m[2m:[0m 📨 Received WebSocket message: {"jsonrpc":"2.0","method":"eth_subscription","params":{"subscription":"0xbed0a0851463e895960a451075a301a9","result":"0x1a30b6c730e48326cb4afb127a2766c6fe7060d620ec56d9e700f835d1ac7a87"}}
[2m2025-12-10T10:19:13.073875Z[0m [34mDEBUG[0m [2methereum_transaction_pool_monitor::eth_client[0m[2m:[0m 📨 Received pending transaction: 0x1a30b6c730e48326cb4afb127a2766c6fe7060d620ec56d9e700f835d1ac7a87
[2m2025-12-10T10:19:13.073880Z[0m [34mDEBUG[0m [2methereum_transaction_pool_monitor::eth_client[0m[2m:[0m 📨 Received WebSocket message: {"jsonrpc":"2.0","method":"eth_subscription","params":{"subscription":"0xbed0a0851463e895960a451075a301a9","result":"0xc56c8ddd07b316553fe50b99a0f34bb4ebf9c188bafdb74fd47bf16467cc3e8d"}}
[2m2025-12-10T10:19:13.073884Z[0m [34mDEBUG[0m [2methereum_transaction_pool_monitor::eth_client[0m[2m:[0m 📨 Received pending transaction: 0xc56c8ddd07b316553fe50b99a0f34bb4ebf9c188bafdb74fd47bf16467cc3e8d
[2m2025-12-10T10:19:13.073888Z[0m [34mDEBUG[0m [2methereum_transaction_pool_monitor::eth_client[0m[2m:[0m 📨 Received WebSocket message: {"jsonrpc":"2.0","method":"eth_subscription","params":{"subscription":"0xbed0a0851463e895960a451075a301a9","result":"0x9c4e561ac106fa96f87ef0b6b2b147655552b82e9f08bd965207fcd5b524a653"}}
[2m2025-12-10T10:19:13.073893Z[0m [34mDEBUG[0m [2methereum_transaction_pool_monitor::eth_client[0m[2m:[0m 📨 Received pending transaction: 0x9c4e561ac106fa96f87ef0b6b2b147655552b82e9f08bd965207fcd5b524a653
[2m2025-12-10T10:19:13.073897Z[0m [34mDEBUG[0m [2methereum_transaction_pool_monitor::eth_client[0m[2m:[0m 📨 Received WebSocket message: {"jsonrpc":"2.0","method":"eth_subscription","params":{"subscription":"0xbed0a0851463e895960a451075a301a9","result":"0xc8331208ff45b0ab31903a489eef3ee01d098190c95811458c8e8cbe417328ad"}}
[2m2025-12-10T10:19:13.073901Z[0m [34mDEBUG[0m [2methereum_transaction_pool_monitor::eth_client[0m[2m:[0m 📨 Received pending transaction: 0xc8331208ff45b0ab31903a489eef3ee01d098190c95811458c8e8cbe417328ad
[2m2025-12-10T10:19:13.073905Z[0m [34mDEBUG[0m [2methereum_transaction_pool_monitor::eth_client[0m[2m:[0m 📨 Received WebSocket message: {"jsonrpc":"2.0","method":"eth_subscription","params":{"subscription":"0xbed0a0851463e895960a451075a301a9","result":"0xe22fc4f268f07c40437f3af987239927fc67042f56992215f7cab88ef66c81cb"}}
[2m2025-12-10T10:19:13.073909Z[0m [34mDEBUG[0m [2methereum_transaction_pool_monitor::eth_client[0m[2m:[0m 📨 Received pending transaction: 0xe22fc4f268f07c40437f3af987239927fc67042f56992215f7cab88ef66c81cb
[2m2025-12-10T10:19:13.073916Z[0m [34mDEBUG[0m [2methereum_transaction_pool_monitor::eth_client[0m[2m:[0m 📨 Received WebSocket message: {"jsonrpc":"2.0","method":"eth_subscription","params":{"subscription":"0xbed0a0851463e895960a451075a301a9","result":"0x2ae233d2a399011838610eeccbc2b30b31590cf94ca8e8566d8b89f77e7ba294"}}
[2m2025-12-10T10:19:13.073921Z[0m [34mDEBUG[0m [2methereum_transaction_pool_monitor::eth_client[0m[2m:[0m 📨 Received pending transaction: 0x2ae233d2a399011838610eeccbc2b30b31590cf94ca8e8566d8b89f77e7ba294
[2m2025-12-10T10:19:13.073925Z[0m [34mDEBUG[0m [2methereum_transaction_pool_monitor::eth_client[0m[2m:[0m 📨 Received WebSocket message: {"jsonrpc":"2.0","method":"eth_subscription","params":{"subscription":"0xbed0a0851463e895960a451075a301a9","result":"0xc41515a60e67a54751dbf184c450b27268ab727886ccd601e84a8d530a7791b6"}}
[2m2025-12-10T10:19:13.073930Z[0m [34mDEBUG[0m [2methereum_transaction_pool_monitor::eth_client[0m[2m:[0m 📨 Received pending transaction: 0xc41515a60e67a54751dbf184c450b27268ab727886ccd601e84a8d530a7791b6
[2m2025-12-10T10:19:13.073934Z[0m [34mDEBUG[0m [2methereum_transaction_pool_monitor::eth_client[0m[2m:[0m 📨 Received WebSocket message: {"jsonrpc":"2.0","method":"eth_subscription","params":{"subscription":"0xbed0a0851463e895960a451075a301a9","result":"0xc8f4e821d55f34b0aa4804c7d385006e773eef73781c5931b57c1a547df55821"}}
[2m2025-12-10T10:19:13.073938Z[0m [34mDEBUG[0m [2methereum_transaction_pool_monitor::eth_client[0m[2m:[0m 📨 Received pending transaction: 0xc8f4e821d55f34b0aa4804c7d385006e773eef73781c5931b57c1a547df55821
[2m2025-12-10T10:19:13.073942Z[0m [34mDEBUG[0m [2methereum_transaction_pool_monitor::eth_client[0m[2m:[0m 📨 Received WebSocket message: {"jsonrpc":"2.0","method":"eth_subscription","params":{"subscription":"0xbed0a0851463e895960a451075a301a9","result":"0xa519324cd318c9a24d89f82f9140d6357f1e9f45106a1130e7c34bed46e27b6b"}}
[2m2025-12-10T10:19:13.073946Z[0m [34mDEBUG[0m [2methereum_transaction_pool_monitor::eth_client[0m[2m:[0m 📨 Received pending transaction: 0xa519324cd318c9a24d89f82f9140d6357f1e9f45106a1130e7c34bed46e27b6b
[2m2025-12-10T10:19:13.073950Z[0m [34mDEBUG[0m [2methereum_transaction_pool_monitor::eth_client[0m[2m:[0m 📨 Received WebSocket message: {"jsonrpc":"2.0","method":"eth_subscription","params":{"subscription":"0xbed0a0851463e895960a451075a301a9","result":"0x3668a6511faff7f3519019aa55357c46876847a63079c1abfdc2d09b6fd25be9"}}
[2m2025-12-10T10:19:13.073955Z[0m [34mDEBUG[0m [2methereum_transaction_pool_monitor::eth_client[0m[2m:[0m 📨 Received pending transaction: 0x3668a6511faff7f3519019aa55357c46876847a63079c1abfdc2d09b6fd25be9
[2m2025-12-10T10:19:13.073961Z[0m [34mDEBUG[0m [2methereum_transaction_pool_monitor::eth_client[0m[2m:[0m 📨 Received WebSocket message: {"jsonrpc":"2.0","method":"eth_subscription","params":{"subscription":"0xbed0a0851463e895960a451075a301a9","result":"0xabdc39aeb40d234b093dd3d57408188ef91aaf36693d4600a744fd61b4cf4b1a"}}
[2m2025-12-10T10:19:13.073965Z[0m [34mDEBUG[0m [2methereum_transaction_pool_monitor::eth_client[0m[2m:[0m 📨 Received pending transaction: 0xabdc39aeb40d234b093dd3d57408188ef91aaf36693d4600a744fd61b4cf4b1a
[2m2025-12-10T10:19:13.073969Z[0m [34mDEBUG[0m [2methereum_transaction_pool_monitor::eth_client[0m[2m:[0m 📨 Received WebSocket message: {"jsonrpc":"2.0","method":"eth_subscription","params":{"subscription":"0xbed0a0851463e895960a451075a301a9","result":"0xccc34b4b235848bd935d275dd0636dd9abf8e8f3b7335f198bb3c5f7e86477b4"}}
[2m2025-12-10T10:19:13.073973Z[0m [34mDEBUG[0m [2methereum_transaction_pool_monitor::eth_client[0m[2m:[0m 📨 Received pending transaction: 0xccc34b4b235848bd935d275dd0636dd9abf8e8f3b7335f198bb3c5f7e86477b4
[2m2025-12-10T10:19:13.073977Z[0m [34mDEBUG[0m [2methereum_transaction_pool_monitor::eth_client[0m[2m:[0m 📨 Received WebSocket message: {"jsonrpc":"2.0","method":"eth_subscription","params":{"subscription":"0xbed0a0851463e895960a451075a301a9","result":"0xbadd922e2fc36b5f97d35c087b0aec85dbe876f1a2b3067c7533698ba8835d43"}}
[2m2025-12-10T10:19:13.073981Z[0m [34mDEBUG[0m [2methereum_transaction_pool_monitor::eth_client[0m[2m:[0m 📨 Received pending transaction: 0xbadd922e2fc36b5f97d35c087b0aec85dbe876f1a2b3067c7533698ba8835d43
[2m2025-12-10T10:19:13.073985Z[0m [34mDEBUG[0m [2methereum_transaction_pool_monitor::eth_client[0m[2m:[0m 📨 Received WebSocket message: {"jsonrpc":"2.0","method":"eth_subscription","params":{"subscription":"0xbed0a0851463e895960a451075a301a9","result":"0x81b337e734ec6983393da4e606c77aae8eda5d6c5e5d7225646b6bd7f1c588ce"}}
[2m2025-12-10T10:19:13.073990Z[0m [34mDEBUG[0m [2methereum_transaction_pool_monitor::eth_client[0m[2m:[0m 📨 Received pending transaction: 0x81b337e734ec6983393da4e606c77aae8eda5d6c5e5d7225646b6bd7f1c588ce
[2m2025-12-10T10:19:13.073995Z[0m [34mDEBUG[0m [2methereum_transaction_pool_monitor::eth_client[0m[2m:[0m 📨 Received WebSocket message: {"jsonrpc":"2.0","method":"eth_subscription","params":{"subscription":"0xbed0a0851463e895960a451075a301a9","result":"0x28560fc4031a71641fdb4079effe84c8c528260309ac91bf1cc4cfee60d7de1f"}}
[2m2025-12-10T10:19:13.074000Z[0m [34mDEBUG[0m [2methereum_transaction_pool_monitor::eth_client[0m[2m:[0m 📨 Received pending transaction: 0x28560fc4031a71641fdb4079effe84c8c528260309ac91bf1cc4cfee60d7de1f
[2m2025-12-10T10:19:13.074003Z[0m [34mDEBUG[0m [2methereum_transaction_pool_monitor::eth_client[0m[2m:[0m 📨 Received WebSocket message: {"jsonrpc":"2.0","method":"eth_subscription","params":{"subscription":"0xbed0a0851463e895960a451075a301a9","result":"0xc4f5a4de5817c37f8fbd421bdc4acbe9fe7f9f9dcc9aabe1649f8f8d65e8e42c"}}
[2m2025-12-10T10:19:13.074012Z[0m [34mDEBUG[0m [2methereum_transaction_pool_monitor::eth_client[0m[2m:[0m 📨 Received pending transaction: 0xc4f5a4de5817c37f8fbd421bdc4acbe9fe7f9f9dcc9aabe1649f8f8d65e8e42c
[2m2025-12-10T10:19:13.074016Z[0m [34mDEBUG[0m [2methereum_transaction_pool_monitor::eth_client[0m[2m:[0m 📨 Received WebSocket message: {"jsonrpc":"2.0","method":"eth_subscription","params":{"subscription":"0xbed0a0851463e895960a451075a301a9","result":"0xec662e3ec8551d6daeae677acba11d12314b3662e60ccd503260b7be220a2782"}}
[2m2025-12-10T10:19:13.074021Z[0m [34mDEBUG[0m [2methereum_transaction_pool_monitor::eth_client[0m[2m:[0m 📨 Received pending transaction: 0xec662e3ec8551d6daeae677acba11d12314b3662e60ccd503260b7be220a2782
[2m2025-12-10T10:19:13.074025Z[0m [34mDEBUG[0m [2methereum_transaction_pool_monitor::eth_client[0m[2m:[0m 📨 Received WebSocket message: {"jsonrpc":"2.0","method":"eth_subscription","params":{"subscription":"0xbed0a0851463e895960a451075a301a9","result":"0x13ba0c8983b3af859a2b6049b69fdcf0956741f51e66e25ff4b71bea809b53f0"}}
[2m2025-12-10T10:19:13.074029Z[0m [34mDEBUG[0m [2methereum_transaction_pool_monitor::eth_client[0m[2m:[0m 📨 Received pending transaction: 0x13ba0c8983b3af859a2b6049b69fdcf0956741f51e66e25ff4b71bea809b53f0
[2m2025-12-10T10:19:13.074033Z[0m [34mDEBUG[0m [2methereum_transaction_pool_monitor::eth_client[0m[2m:[0m 📨 Received WebSocket message: {"jsonrpc":"2.0","method":"eth_subscription","params":{"subscription":"0xbed0a0851463e895960a451075a301a9","result":"0x9929880871e682bc729f678053fa0fe57b7deaa8ef8c16acebf680481561e206"}}
[2m2025-12-10T10:19:13.074037Z[0m [34mDEBUG[0m [2methereum_transaction_pool_monitor::eth_client[0m[2m:[0m 📨 Received pending transaction: 0x9929880871e682bc729f678053fa0fe57b7deaa8ef8c16acebf680481561e206
[2m2025-12-10T10:19:13.074041Z[0m [34mDEBUG[0m [2methereum_transaction_pool_monitor::eth_client[0m[2m:[0m 📨 Received WebSocket message: {"jsonrpc":"2.0","method":"eth_subscription","params":{"subscription":"0xbed0a0851463e895960a451075a301a9","result":"0xb650f2344a48eae5e4801757aa64b7baf7197a43017d8e1bf74993599fe3b36b"}}
[2m2025-12-10T10:19:13.074045Z[0m [34mDEBUG[0m [2methereum_transaction_pool_monitor::eth_client[0m[2m:[0m 📨 Received pending transaction: 0xb650f2344a48eae5e4801757aa64b7baf7197a43017d8e1bf74993599fe3b36b
[2m2025-12-10T10:19:13.074049Z[0m [34mDEBUG[0m [2methereum_transaction_pool_monitor::eth_client[0m[2m:[0m 📨 Received WebSocket message: {"jsonrpc":"2.0","method":"eth_subscription","params":{"subscription":"0xbed0a0851463e895960a451075a301a9","result":"0x4e0c1d5448ee15af797afdd80e6a76c47693ab343af1fa665063077259a34621"}}
[2m2025-12-10T10:19:13.074055Z[0m [34mDEBUG[0m [2methereum_transaction_pool_monitor::eth_client[0m[2m:[0m 📨 Received pending transaction: 0x4e0c1d5448ee15af797afdd80e6a76c47693ab343af1fa665063077259a34621
[2m2025-12-10T10:19:13.074059Z[0m [34mDEBUG[0m [2methereum_transaction_pool_monitor::eth_client[0m[2m:[0m 📨 Received WebSocket message: {"jsonrpc":"2.0","method":"eth_subscription","params":{"subscription":"0xbed0a0851463e895960a451075a301a9","result":"0xe870229a323cf9d6c1aa69e307e09065da76c50db80ecb9f422f0232669e1470"}}
[2m2025-12-10T10:19:13.074065Z[0m [34mDEBUG[0m [2methereum_transaction_pool_monitor::eth_client[0m[2m:[0m 📨 Received pending transaction: 0xe870229a323cf9d6c1aa69e307e09065da76c50db80ecb9f422f0232669e1470
[2m2025-12-10T10:19:13.074069Z[0m [34mDEBUG[0m [2methereum_transaction_pool_monitor::eth_client[0m[2m:[0m 📨 Received WebSocket message: {"jsonrpc":"2.0","method":"eth_subscription","params":{"subscription":"0xbed0a0851463e895960a451075a301a9","result":"0x435985de64c5e7a4a99deb1a275d1f287e3f4ce2a71efdd05cf424c1dbe78f2e"}}
[2m2025-12-10T10:19:13.074073Z[0m [34mDEBUG[0m [2methereum_transaction_pool_monitor::eth_client[0m[2m:[0m 📨 Received pending transaction: 0x435985de64c5e7a4a99deb1a275d1f287e3f4ce2a71efdd05cf424c1dbe78f2e
[2m2025-12-10T10:19:13.074077Z[0m [34mDEBUG[0m [2methereum_transaction_pool_monitor::eth_client[0m[2m:[0m 📨 Received WebSocket message: {"jsonrpc":"2.0","method":"eth_subscription","params":{"subscription":"0xbed0a0851463e895960a451075a301a9","result":"0x5dc4b087fedc1936b512308e326345ebfcd122d443a8e38a194bc87ca07aa963"}}
[2m2025-12-10T10:19:13.074082Z[0m [34mDEBUG[0m [2methereum_transaction_pool_monitor::eth_client[0m[2m:[0m 📨 Received pending transaction: 0x5dc4b087fedc1936b512308e326345ebfcd122d443a8e38a194bc87ca07aa963
[2m2025-12-10T10:19:13.074087Z[0m [34mDEBUG[0m [2methereum_transaction_pool_monitor::eth_client[0m[2m:[0m 📨 Received WebSocket message: {"jsonrpc":"2.0","method":"eth_subscription","params":{"subscription":"0xbed0a0851463e895960a451075a301a9","result":"0x630a4439da3d25d74f80d44748ade1a15f3de4dda6e96a4b677b5c8786eecc6f"}}
[2m2025-12-10T10:19:13.074091Z[0m [34mDEBUG[0m [2methereum_transaction_pool_monitor::eth_client[0m[2m:[0m 📨 Received pending transaction: 0x630a4439da3d25d74f80d44748ade1a15f3de4dda6e96a4b677b5c8786eecc6f
[2m2025-12-10T10:19:13.074095Z[0m [34mDEBUG[0m [2methereum_transaction_pool_monitor::eth_client[0m[2m:[0m 📨 Received WebSocket message: {"jsonrpc":"2.0","method":"eth_subscription","params":{"subscription":"0xbed0a0851463e895960a451075a301a9","result":"0xb05fa2563fee4546c28ea971e3c80f7058b72d1f629858765eb777c8666c2993"}}
[2m2025-12-10T10:19:13.074099Z[0m [34mDEBUG[0m [2methereum_transaction_pool_monitor::eth_client[0m[2m:[0m 📨 Received pending transaction: 0xb05fa2563fee4546c28ea971e3c80f7058b72d1f629858765eb777c8666c2993
[2m2025-12-10T10:19:13.074105Z[0m [34mDEBUG[0m [2methereum_transaction_pool_monitor::eth_client[0m[2m:[0m 📨 Received WebSocket message: {"jsonrpc":"2.0","method":"eth_subscription","params":{"subscription":"0xbed0a0851463e895960a451075a301a9","result":"0xc40863701824e03528034116ee9fd0af21a54a800afb20d0c2955fc6148c3eb2"}}
[2m2025-12-10T10:19:13.074118Z[0m [34mDEBUG[0m [2methereum_transaction_pool_monitor::eth_client[0m[2m:[0m 📨 Received pending transaction: 0xc40863701824e03528034116ee9fd0af21a54a800afb20d0c2955fc6148c3eb2
[2m2025-12-10T10:19:13.074124Z[0m [34mDEBUG[0m [2methereum_transaction_pool_monitor::eth_client[0m[2m:[0m 📨 Received WebSocket message: {"jsonrpc":"2.0","method":"eth_subscription","params":{"subscription":"0xbed0a0851463e895960a451075a301a9","result":"0x3ab62799dd40bfdb7ba80f7b179e4bc4737bb755af64dc134ea7730a99aec8ba"}}
[2m2025-12-10T10:19:13.074151Z[0m [34mDEBUG[0m [2methereum_transaction_pool_monitor::eth_client[0m[2m:[0m 📨 Received pending transaction: 0x3ab62799dd40bfdb7ba80f7b179e4bc4737bb755af64dc134ea7730a99aec8ba
[2m2025-12-10T10:19:13.074156Z[0m [34mDEBUG[0m [2methereum_transaction_pool_monitor::eth_client[0m[2m:[0m 📨 Received WebSocket message: {"jsonrpc":"2.0","method":"eth_subscription","params":{"subscription":"0xbed0a0851463e895960a451075a301a9","result":"0x34c027d691a5f0a9f73de53268dc7ef00f129eb71a706777d3142127ed8abf91"}}
[2m2025-12-10T10:19:13.074161Z[0m [34mDEBUG[0m [2methereum_transaction_pool_monitor::eth_client[0m[2m:[0m 📨 Received pending transaction: 0x34c027d691a5f0a9f73de53268dc7ef00f129eb71a706777d3142127ed8abf91
[2m2025-12-10T10:19:13.074166Z[0m [34mDEBUG[0m [2methereum_transaction_pool_monitor::eth_client[0m[2m:[0m 📨 Received WebSocket message: {"jsonrpc":"2.0","method":"eth_subscription","params":{"subscription":"0xbed0a0851463e895960a451075a301a9","result":"0x2a15e4097739fa484f04725325093c3613a55aff2978c9beac5791a6eccc06cf"}}
[2m2025-12-10T10:19:13.074171Z[0m [34mDEBUG[0m [2methereum_transaction_pool_monitor::eth_client[0m[2m:[0m 📨 Received pending transaction: 0x2a15e4097739fa484f04725325093c3613a55aff2978c9beac5791a6eccc06cf
[2m2025-12-10T10:19:13.074175Z[0m [34mDEBUG[0m [2methereum_transaction_pool_monitor::eth_client[0m[2m:[0m 📨 Received WebSocket message: {"jsonrpc":"2.0","method":"eth_subscription","params":{"subscription":"0xbed0a0851463e895960a451075a301a9","result":"0xd839de4fa4c52ee4fa7103bb7d4319d9886624cb2e9d7f2522e7911d15ad3e2e"}}
[2m2025-12-10T10:19:13.074180Z[0m [34mDEBUG[0m [2methereum_transaction_pool_monitor::eth_client[0m[2m:[0m 📨 Received pending transaction: 0xd839de4fa4c52ee4fa7103bb7d4319d9886624cb2e9d7f2522e7911d15ad3e2e
[2m2025-12-10T10:19:13.074184Z[0m [34mDEBUG[0m [2methereum_transaction_pool_monitor::eth_client[0m[2m:[0m 📨 Received WebSocket message: {"jsonrpc":"2.0","method":"eth_subscription","params":{"subscription":"0xbed0a0851463e895960a451075a301a9","result":"0x8a586e36213d4a50fcc6d25c83d61f31f0bcef9a0fffccc209b925634fa2985b"}}
[2m2025-12-10T10:19:13.074188Z[0m [34mDEBUG[0m [2methereum_transaction_pool_monitor::eth_client[0m[2m:[0m 📨 Received pending transaction: 0x8a586e36213d4a50fcc6d25c83d61f31f0bcef9a0fffccc209b925634fa2985b
[2m2025-12-10T10:19:13.074192Z[0m [34mDEBUG[0m [2methereum_transaction_pool_monitor::eth_client[0m[2m:[0m 📨 Received WebSocket message: {"jsonrpc":"2.0","method":"eth_subscription","params":{"subscription":"0xbed0a0851463e895960a451075a301a9","result":"0xadec75ddcb798ecc5d0eb80a521db3a5bd6515a90fda3a181db060fc84d3b289"}}
[2m2025-12-10T10:19:13.074197Z[0m [34mDEBUG[0m [2methereum_transaction_pool_monitor::eth_client[0m[2m:[0m 📨 Received pending transaction: 0xadec75ddcb798ecc5d0eb80a521db3a5bd6515a90fda3a181db060fc84d3b289
[2m2025-12-10T10:19:13.074203Z[0m [34mDEBUG[0m [2methereum_transaction_pool_monitor::eth_client[0m[2m:[0m 📨 Received WebSocket message: {"jsonrpc":"2.0","method":"eth_subscription","params":{"subscription":"0xbed0a0851463e895960a451075a301a9","result":"0xeed42593843a0724c6ad32937eb3e36867f144fc9bd3366bdb728b9d54fa119e"}}
[2m2025-12-10T10:19:13.074209Z[0m [34mDEBUG[0m [2methereum_transaction_pool_monitor::eth_client[0m[2m:[0m 📨 Received pending transaction: 0xeed42593843a0724c6ad32937eb3e36867f144fc9bd3366bdb728b9d54fa119e
[2m2025-12-10T10:19:13.074215Z[0m [34mDEBUG[0m [2methereum_transaction_pool_monitor::eth_client[0m[2m:[0m 📨 Received WebSocket message: {"jsonrpc":"2.0","method":"eth_subscription","params":{"subscription":"0xbed0a0851463e895960a451075a301a9","result":"0x0194a58d9718be6e764683af01cd54bf9a7f3c7b7d4923f538d0171460836d00"}}
[2m2025-12-10T10:19:13.074219Z[0m [34mDEBUG[0m [2methereum_transaction_pool_monitor::eth_client[0m[2m:[0m 📨 Received pending transaction: 0x0194a58d9718be6e764683af01cd54bf9a7f3c7b7d4923f538d0171460836d00
[2m2025-12-10T10:19:13.074223Z[0m [34mDEBUG[0m [2methereum_transaction_pool_monitor::eth_client[0m[2m:[0m 📨 Received WebSocket message: {"jsonrpc":"2.0","method":"eth_subscription","params":{"subscription":"0xbed0a0851463e895960a451075a301a9","result":"0xc238b397804bd5cdfb43bbfd804f1e0be5905e8c4a2955f76057a50a735d3049"}}
[2m2025-12-10T10:19:13.074228Z[0m [34mDEBUG[0m [2methereum_transaction_pool_monitor::eth_client[0m[2m:[0m 📨 Received pending transaction: 0xc238b397804bd5cdfb43bbfd804f1e0be5905e8c4a2955f76057a50a735d3049
[2m2025-12-10T10:19:13.074231Z[0m [34mDEBUG[0m [2methereum_transaction_pool_monitor::eth_client[0m[2m:[0m 📨 Received WebSocket message: {"jsonrpc":"2.0","method":"eth_subscription","params":{"subscription":"0xbed0a0851463e895960a451075a301a9","result":"0x63c6d6d9996a8dc0930c65c52552a5f4921f5b2a66ce17070b82c84eea75212a"}}
[2m2025-12-10T10:19:13.074236Z[0m [34mDEBUG[0m [2methereum_transaction_pool_monitor::eth_client[0m[2m:[0m 📨 Received pending transaction: 0x63c6d6d9996a8dc0930c65c52552a5f4921f5b2a66ce17070b82c84eea75212a
[2m2025-12-10T10:19:13.074239Z[0m [34mDEBUG[0m [2methereum_transaction_pool_monitor::eth_client[0m[2m:[0m 📨 Received WebSocket message: {"jsonrpc":"2.0","method":"eth_subscription","params":{"subscription":"0xbed0a0851463e895960a451075a301a9","result":"0xb86e3f29da79d781b4fd09bfba62fb2fec12bbd18f6af474c0a0586294f0b26b"}}
[2m2025-12-10T10:19:13.074244Z[0m [34mDEBUG[0m [2methereum_transaction_pool_monitor::eth_client[0m[2m:[0m 📨 Received pending transaction: 0xb86e3f29da79d781b4fd09bfba62fb2fec12bbd18f6af474c0a0586294f0b26b
[2m2025-12-10T10:19:13.074247Z[0m [34mDEBUG[0m [2methereum_transaction_pool_monitor::eth_client[0m[2m:[0m 📨 Received WebSocket message: {"jsonrpc":"2.0","method":"eth_subscription","params":{"subscription":"0xbed0a0851463e895960a451075a301a9","result":"0xf16c633b6452a8e986f01ce685adee989e5d48d1c66866b3efc736898476f4eb"}}
[2m2025-12-10T10:19:13.074252Z[0m [34mDEBUG[0m [2methereum_transaction_pool_monitor::eth_client[0m[2m:[0m 📨 Received pending transaction: 0xf16c633b6452a8e986f01ce685adee989e5d48d1c66866b3efc736898476f4eb
[2m2025-12-10T10:19:13.074260Z[0m [34mDEBUG[0m [2methereum_transaction_pool_monitor::eth_client[0m[2m:[0m 📨 Received WebSocket message: {"jsonrpc":"2.0","method":"eth_subscription","params":{"subscription":"0xbed0a0851463e895960a451075a301a9","result":"0xcebba43f4e86e1081caf0712f3fb1135892ce63dbdf675dddb717d12ed86e485"}}
[2m2025-12-10T10:19:13.074267Z[0m [34mDEBUG[0m [2methereum_transaction_pool_monitor::eth_client[0m[2m:[0m 📨 Received pending transaction: 0xcebba43f4e86e1081caf0712f3fb1135892ce63dbdf675dddb717d12ed86e485
[2m2025-12-10T10:19:13.074272Z[0m [34mDEBUG[0m [2methereum_transaction_pool_monitor::eth_client[0m[2m:[0m 📨 Received WebSocket message: {"jsonrpc":"2.0","method":"eth_subscription","params":{"subscription":"0xbed0a0851463e895960a451075a301a9","result":"0xbee9a58c964c744f35b1f6f42a9b23c4c4aa9f4c58c96d7e4fa84f3f00d1c319"}}
[2m2025-12-10T10:19:13.074277Z[0m [34mDEBUG[0m [2methereum_transaction_pool_monitor::eth_client[0m[2m:[0m 📨 Received pending transaction: 0xbee9a58c964c744f35b1f6f42a9b23c4c4aa9f4c58c96d7e4fa84f3f00d1c319
[2m2025-12-10T10:19:13.074281Z[0m [34mDEBUG[0m [2methereum_transaction_pool_monitor::eth_client[0m[2m:[0m 📨 Received WebSocket message: {"jsonrpc":"2.0","method":"eth_subscription","params":{"subscription":"0xbed0a0851463e895960a451075a301a9","result":"0xd1be72f4ca583ca7212562c6a9f09d1a816a141663cf8d04425a15fbbb467d82"}}
[2m2025-12-10T10:19:13.074285Z[0m [34mDEBUG[0m [2methereum_transaction_pool_monitor::eth_client[0m[2m:[0m 📨 Received pending transaction: 0xd1be72f4ca583ca7212562c6a9f09d1a816a141663cf8d04425a15fbbb467d82
[2m2025-12-10T10:19:13.074289Z[0m [34mDEBUG[0m [2methereum_transaction_pool_monitor::eth_client[0m[2m:[0m 📨 Received WebSocket message: {"jsonrpc":"2.0","method":"eth_subscription","params":{"subscription":"0xbed0a0851463e895960a451075a301a9","result":"0xe226ac7079702526bd1362cad97f7371375e3f7468f39f8bcefc4431048d694b"}}
[2m2025-12-10T10:19:13.074293Z[0m [34mDEBUG[0m [2methereum_transaction_pool_monitor::eth_client[0m[2m:[0m 📨 Received pending transaction: 0xe226ac7079702526bd1362cad97f7371375e3f7468f39f8bcefc4431048d694b
[2m2025-12-10T10:19:13.074297Z[0m [34mDEBUG[0m [2methereum_transaction_pool_monitor::eth_client[0m[2m:[0m 📨 Received WebSocket message: {"jsonrpc":"2.0","method":"eth_subscription","params":{"subscription":"0xbed0a0851463e895960a451075a301a9","result":"0xbd088beb64d5f06a943e1195f8728c07268b70fa02f1fcbf5929a59c6b854ade"}}
[2m2025-12-10T10:19:13.074301Z[0m [34mDEBUG[0m [2methereum_transaction_pool_monitor::eth_client[0m[2m:[0m 📨 Received pending transaction: 0xbd088beb64d5f06a943e1195f8728c07268b70fa02f1fcbf5929a59c6b854ade
[2m2025-12-10T10:19:13.074305Z[0m [34mDEBUG[0m [2methereum_transaction_pool_monitor::eth_client[0m[2m:[0m 📨 Received WebSocket message: {"jsonrpc":"2.0","method":"eth_subscription","params":{"subscription":"0xbed0a0851463e895960a451075a301a9","result":"0x69386400dd25194e7b6fd1324d38a1750e716a47db498c46b9a2204dde4cd450"}}
[2m2025-12-10T10:19:13.074309Z[0m [34mDEBUG[0m [2methereum_transaction_pool_monitor::eth_client[0m[2m:[0m 📨 Received pending transaction: 0x69386400dd25194e7b6fd1324d38a1750e716a47db498c46b9a2204dde4cd450
[2m2025-12-10T10:19:13.074313Z[0m [34mDEBUG[0m [2methereum_transaction_pool_monitor::eth_client[0m[2m:[0m 📨 Received WebSocket message: {"jsonrpc":"2.0","method":"eth_subscription","params":{"subscription":"0xbed0a0851463e895960a451075a301a9","result":"0x17062fa940758ebdddd52e1b4ab4560f85b50596ab739e2dddc99bca9e17b36d"}}
[2m2025-12-10T10:19:13.074317Z[0m [34mDEBUG[0m [2methereum_transaction_pool_monitor::eth_client[0m[2m:[0m 📨 Received pending transaction: 0x17062fa940758ebdddd52e1b4ab4560f85b50596ab739e2dddc99bca9e17b36d
[2m2025-12-10T10:19:13.074321Z[0m [34mDEBUG[0m [2methereum_transaction_pool_monitor::eth_client[0m[2m:[0m 📨 Received WebSocket message: {"jsonrpc":"2.0","method":"eth_subscription","params":{"subscription":"0xbed0a0851463e895960a451075a301a9","result":"0x7fbdff9e4f09db44e0c3392b4cde9b0e129e5053fea071d20ea29658640dc966"}}
[2m2025-12-10T10:19:13.074325Z[0m [34mDEBUG[0m [2methereum_transaction_pool_monitor::eth_client[0m[2m:[0m 📨 Received pending transaction: 0x7fbdff9e4f09db44e0c3392b4cde9b0e129e5053fea071d20ea29658640dc966
[2m2025-12-10T10:19:13.074329Z[0m [34mDEBUG[0m [2methereum_transaction_pool_monitor::eth_client[0m[2m:[0m 📨 Received WebSocket message: {"jsonrpc":"2.0","method":"eth_subscription","params":{"subscription":"0xbed0a0851463e895960a451075a301a9","result":"0x5948bb7a8d20724ee49f7d3f0df379cf59909710ed5bf000bedbefe15fe54dc7"}}
[2m2025-12-10T10:19:13.074333Z[0m [34mDEBUG[0m [2methereum_transaction_pool_monitor::eth_client[0m[2m:[0m 📨 Received pending transaction: 0x5948bb7a8d20724ee49f7d3f0df379cf59909710ed5bf000bedbefe15fe54dc7
[2m2025-12-10T10:19:13.074339Z[0m [34mDEBUG[0m [2methereum_transaction_pool_monitor::eth_client[0m[2m:[0m 📨 Received WebSocket message: {"jsonrpc":"2.0","method":"eth_subscription","params":{"subscription":"0xbed0a0851463e895960a451075a301a9","result":"0x34dd14d4dcc7e053f5772a0c88b67fb31d77ed1cb8a4e78ce30b251bf53968d4"}}
[2m2025-12-10T10:19:13.074345Z[0m [34mDEBUG[0m [2methereum_transaction_pool_monitor::eth_client[0m[2m:[0m 📨 Received pending transaction: 0x34dd14d4dcc7e053f5772a0c88b67fb31d77ed1cb8a4e78ce30b251bf53968d4
[2m2025-12-10T10:19:13.074349Z[0m [34mDEBUG[0m [2methereum_transaction_pool_monitor::eth_client[0m[2m:[0m 📨 Received WebSocket message: {"jsonrpc":"2.0","method":"eth_subscription","params":{"subscription":"0xbed0a0851463e895960a451075a301a9","result":"0x201a387f5e873cd2e4e8bfdb4802d4991ce1173fcf8f9fa260bcd7ccf9f72c47"}}
[2m2025-12-10T10:19:13.074353Z[0m [34mDEBUG[0m [2methereum_transaction_pool_monitor::eth_client[0m[2m:[0m 📨 Received pending transaction: 0x201a387f5e873cd2e4e8bfdb4802d4991ce1173fcf8f9fa260bcd7ccf9f72c47
[2m2025-12-10T10:19:13.074357Z[0m [34mDEBUG[0m [2methereum_transaction_pool_monitor::eth_client[0m[2m:[0m 📨 Received WebSocket message: {"jsonrpc":"2.0","method":"eth_subscription","params":{"subscription":"0xbed0a0851463e895960a451075a301a9","result":"0x9bedef9dff3886bffb991eef50f530182172fbce677db9ef4e3b9fb66230ebfa"}}
[2m2025-12-10T10:19:13.074370Z[0m [34mDEBUG[0m [2methereum_transaction_pool_monitor::eth_client[0m[2m:[0m 📨 Received pending transaction: 0x9bedef9dff3886bffb991eef50f530182172fbce677db9ef4e3b9fb66230ebfa
[2m2025-12-10T10:19:13.074375Z[0m [34mDEBUG[0m [2methereum_transaction_pool_monitor::eth_client[0m[2m:[0m 📨 Received WebSocket message: {"jsonrpc":"2.0","method":"eth_subscription","params":{"subscription":"0xbed0a0851463e895960a451075a301a9","result":"0x12b527cecf2d47d0de25b935f1659682cc07c7a61fb69b5751597ce23f941b32"}}
[2m2025-12-10T10:19:13.074382Z[0m [34mDEBUG[0m [2methereum_transaction_pool_monitor::eth_client[0m[2m:[0m 📨 Received pending transaction: 0x12b527cecf2d47d0de25b935f1659682cc07c7a61fb69b5751597ce23f941b32
[2m2025-12-10T10:19:13.074385Z[0m [34mDEBUG[0m [2methereum_transaction_pool_monitor::eth_client[0m[2m:[0m 📨 Received WebSocket message: {"jsonrpc":"2.0","method":"eth_subscription","params":{"subscription":"0xbed0a0851463e895960a451075a301a9","result":"0x1cf90dbe82e1654b7bf41662093a0d17060b7501ac5ac024a1a6fae44d79a28e"}}
[2m2025-12-10T10:19:13.074390Z[0m [34mDEBUG[0m [2methereum_transaction_pool_monitor::eth_client[0m[2m:[0m 📨 Received pending transaction: 0x1cf90dbe82e1654b7bf41662093a0d17060b7501ac5ac024a1a6fae44d79a28e
[2m2025-12-10T10:19:13.074393Z[0m [34mDEBUG[0m [2methereum_transaction_pool_monitor::eth_client[0m[2m:[0m 📨 Received WebSocket message: {"jsonrpc":"2.0","method":"eth_subscription","params":{"subscription":"0xbed0a0851463e895960a451075a301a9","result":"0x3f8fc233cb33d4681d62feb87f71ba08c75020332c7c0dc1b5f161dfcdb46073"}}
[2m2025-12-10T10:19:13.074398Z[0m [34mDEBUG[0m [2methereum_transaction_pool_monitor::eth_client[0m[2m:[0m 📨 Received pending transaction: 0x3f8fc233cb33d4681d62feb87f71ba08c75020332c7c0dc1b5f161dfcdb46073
[2m2025-12-10T10:19:13.074402Z[0m [34mDEBUG[0m [2methereum_transaction_pool_monitor::eth_client[0m[2m:[0m 📨 Received WebSocket message: {"jsonrpc":"2.0","method":"eth_subscription","params":{"subscription":"0xbed0a0851463e895960a451075a301a9","result":"0x4444d16fcacdd3bfcf6143acad3fc16adea71c3019ed3ed09abf7b5ade8244dd"}}
[2m2025-12-10T10:19:13.074406Z[0m [34mDEBUG[0m [2methereum_transaction_pool_monitor::eth_client[0m[2m:[0m 📨 Received pending transaction: 0x4444d16fcacdd3bfcf6143acad3fc16adea71c3019ed3ed09abf7b5ade8244dd
[2m2025-12-10T10:19:13.074410Z[0m [34mDEBUG[0m [2methereum_transaction_pool_monitor::eth_client[0m[2m:[0m 📨 Received WebSocket message: {"jsonrpc":"2.0","method":"eth_subscription","params":{"subscription":"0xbed0a0851463e895960a451075a301a9","result":"0xbc4f016cc0db496902d73f1010cb0f9bef60e40cc8ba659db5f5cd9e82611202"}}
[2m2025-12-10T10:19:13.074414Z[0m [34mDEBUG[0m [2methereum_transaction_pool_monitor::eth_client[0m[2m:[0m 📨 Received pending transaction: 0xbc4f016cc0db496902d73f1010cb0f9bef60e40cc8ba659db5f5cd9e82611202
[2m2025-12-10T10:19:13.074420Z[0m [34mDEBUG[0m [2methereum_transaction_pool_monitor::eth_client[0m[2m:[0m 📨 Received WebSocket message: {"jsonrpc":"2.0","method":"eth_subscription","params":{"subscription":"0xbed0a0851463e895960a451075a301a9","result":"0xe27563f8545f6e3da13ae2cdf5577fdef3972b17f76b7485df2c3918515207b5"}}
[2m2025-12-10T10:19:13.074424Z[0m [34mDEBUG[0m [2methereum_transaction_pool_monitor::eth_client[0m[2m:[0m 📨 Received pending transaction: 0xe27563f8545f6e3da13ae2cdf5577fdef3972b17f76b7485df2c3918515207b5
[2m2025-12-10T10:19:13.074459Z[0m [34mDEBUG[0m [2methereum_transaction_pool_monitor::eth_client[0m[2m:[0m 📨 Received WebSocket message: {"jsonrpc":"2.0","method":"eth_subscription","params":{"subscription":"0xbed0a0851463e895960a451075a301a9","result":"0xdf6a936d0526bffb95deb99047d66c038167aa3533fbc355f977d5adda48816d"}}
[2m2025-12-10T10:19:13.074464Z[0m [34mDEBUG[0m [2methereum_transaction_pool_monitor::eth_client[0m[2m:[0m 📨 Received pending transaction: 0xdf6a936d0526bffb95deb99047d66c038167aa3533fbc355f977d5adda48816d
[2m2025-12-10T10:19:13.074468Z[0m [34mDEBUG[0m [2methereum_transaction_pool_monitor::eth_client[0m[2m:[0m 📨 Received WebSocket message: {"jsonrpc":"2.0","method":"eth_subscription","params":{"subscription":"0xbed0a0851463e895960a451075a301a9","result":"0x07e413138a51e719ee763be9fdafe3a21cf82ee0075ac7c7bf2034227b9a7b72"}}
[2m2025-12-10T10:19:13.074477Z[0m [34mDEBUG[0m [2methereum_transaction_pool_monitor::eth_client[0m[2m:[0m 📨 Received pending transaction: 0x07e413138a51e719ee763be9fdafe3a21cf82ee0075ac7c7bf2034227b9a7b72
[2m2025-12-10T10:19:13.074485Z[0m [34mDEBUG[0m [2methereum_transaction_pool_monitor::eth_client[0m[2m:[0m 📨 Received WebSocket message: {"jsonrpc":"2.0","method":"eth_subscription","params":{"subscription":"0xbed0a0851463e895960a451075a301a9","result":"0x9c035b0bc15ec19611a4a9bac3add8e2fa70d2e71433dcee8adbdb3407f7f357"}}
[2m2025-12-10T10:19:13.074489Z[0m [34mDEBUG[0m [2methereum_transaction_pool_monitor::eth_client[0m[2m:[0m 📨 Received pending transaction: 0x9c035b0bc15ec19611a4a9bac3add8e2fa70d2e71433dcee8adbdb3407f7f357
[2m2025-12-10T10:19:13.074493Z[0m [34mDEBUG[0m [2methereum_transaction_pool_monitor::eth_client[0m[2m:[0m 📨 Received WebSocket message: {"jsonrpc":"2.0","method":"eth_subscription","params":{"subscription":"0xbed0a0851463e895960a451075a301a9","result":"0x80fd7e084b96057794db246a5ca67de0d5c0b37203b9936147ce507ed19863ad"}}
[2m2025-12-10T10:19:13.074498Z[0m [34mDEBUG[0m [2methereum_transaction_pool_monitor::eth_client[0m[2m:[0m 📨 Received pending transaction: 0x80fd7e084b96057794db246a5ca67de0d5c0b37203b9936147ce507ed19863ad
[2m2025-12-10T10:19:13.074501Z[0m [34mDEBUG[0m [2methereum_transaction_pool_monitor::eth_client[0m[2m:[0m 📨 Received WebSocket message: {"jsonrpc":"2.0","method":"eth_subscription","params":{"subscription":"0xbed0a0851463e895960a451075a301a9","result":"0x285ab24a7d5d9dad20264da458133956b982fa0e80b657e708f7436fe0963c0d"}}
[2m2025-12-10T10:19:13.074505Z[0m [34mDEBUG[0m [2methereum_transaction_pool_monitor::eth_client[0m[2m:[0m 📨 Received pending transaction: 0x285ab24a7d5d9dad20264da458133956b982fa0e80b657e708f7436fe0963c0d
[2m2025-12-10T10:19:13.074509Z[0m [34mDEBUG[0m [2methereum_transaction_pool_monitor::eth_client[0m[2m:[0m 📨 Received WebSocket message: {"jsonrpc":"2.0","method":"eth_subscription","params":{"subscription":"0xbed0a0851463e895960a451075a301a9","result":"0x081e7ff3957e18937604f2447221e349c8925719ea755c9164c9a8bb1ee36554"}}
[2m2025-12-10T10:19:13.074515Z[0m [34mDEBUG[0m [2methereum_transaction_pool_monitor::eth_client[0m[2m:[0m 📨 Received pending transaction: 0x081e7ff3957e18937604f2447221e349c8925719ea755c9164c9a8bb1ee36554
[2m2025-12-10T10:19:13.074519Z[0m [34mDEBUG[0m [2methereum_transaction_pool_monitor::eth_client[0m[2m:[0m 📨 Received WebSocket message: {"jsonrpc":"2.0","method":"eth_subscription","params":{"subscription":"0xbed0a0851463e895960a451075a301a9","result":"0xd8207baaef1f9e0dd4de8205ce17836da5a4f72b11ebf9574c265622a030eee2"}}
[2m2025-12-10T10:19:13.074523Z[0m [34mDEBUG[0m [2methereum_transaction_pool_monitor::eth_client[0m[2m:[0m 📨 Received pending transaction: 0xd8207baaef1f9e0dd4de8205ce17836da5a4f72b11ebf9574c265622a030eee2
[2m2025-12-10T10:19:13.074527Z[0m [34mDEBUG[0m [2methereum_transaction_pool_monitor::eth_client[0m[2m:[0m 📨 Received WebSocket message: {"jsonrpc":"2.0","method":"eth_subscription","params":{"subscription":"0xbed0a0851463e895960a451075a301a9","result":"0x9f04f5733af0da10358fffd5bb322b838efe38ba8cb869422babe90893cc5c88"}}
[2m2025-12-10T10:19:13.074531Z[0m [34mDEBUG[0m [2methereum_transaction_pool_monitor::eth_client[0m[2m:[0m 📨 Received pending transaction: 0x9f04f5733af0da10358fffd5bb322b838efe38ba8cb869422babe90893cc5c88
[2m2025-12-10T10:19:13.074535Z[0m [34mDEBUG[0m [2methereum_transaction_pool_monitor::eth_client[0m[2m:[0m 📨 Received WebSocket message: {"jsonrpc":"2.0","method":"eth_subscription","params":{"subscription":"0xbed0a0851463e895960a451075a301a9","result":"0x25164acf1921e04272bbd3860d0c222672d86c53f4df837972f07695f6672c21"}}
[2m2025-12-10T10:19:13.074539Z[0m [34mDEBUG[0m [2methereum_transaction_pool_monitor::eth_client[0m[2m:[0m 📨 Received pending transaction: 0x25164acf1921e04272bbd3860d0c222672d86c53f4df837972f07695f6672c21
[2m2025-12-10T10:19:13.074543Z[0m [34mDEBUG[0m [2methereum_transaction_pool_monitor::eth_client[0m[2m:[0m 📨 Received WebSocket message: {"jsonrpc":"2.0","method":"eth_subscription","params":{"subscription":"0xbed0a0851463e895960a451075a301a9","result":"0x798383a3a9eeed58b4b75c8f67492d393596052f394d063186cd9eef77eedc5a"}}
[2m2025-12-10T10:19:13.074547Z[0m [34mDEBUG[0m [2methereum_transaction_pool_monitor::eth_client[0m[2m:[0m 📨 Received pending transaction: 0x798383a3a9eeed58b4b75c8f67492d393596052f394d063186cd9eef77eedc5a
[2m2025-12-10T10:19:13.074551Z[0m [34mDEBUG[0m [2methereum_transaction_pool_monitor::eth_client[0m[2m:[0m 📨 Received WebSocket message: {"jsonrpc":"2.0","method":"eth_subscription","params":{"subscription":"0xbed0a0851463e895960a451075a301a9","result":"0x4a440548ec80a70cd0cccec38c4d75f6b74687c2c67839a6e8dfcd7002c31839"}}
[2m2025-12-10T10:19:13.074555Z[0m [34mDEBUG[0m [2methereum_transaction_pool_monitor::eth_client[0m[2m:[0m 📨 Received pending transaction: 0x4a440548ec80a70cd0cccec38c4d75f6b74687c2c67839a6e8dfcd7002c31839
[2m2025-12-10T10:19:13.074559Z[0m [34mDEBUG[0m [2methereum_transaction_pool_monitor::eth_client[0m[2m:[0m 📨 Received WebSocket message: {"jsonrpc":"2.0","method":"eth_subscription","params":{"subscription":"0xbed0a0851463e895960a451075a301a9","result":"0xbb7e2f41d01ac2bafb18321eb7058d02297ad5992edc9812a2bc79c3be642d04"}}
[2m2025-12-10T10:19:13.074563Z[0m [34mDEBUG[0m [2methereum_transaction_pool_monitor::eth_client[0m[2m:[0m 📨 Received pending transaction: 0xbb7e2f41d01ac2bafb18321eb7058d02297ad5992edc9812a2bc79c3be642d04
[2m2025-12-10T10:19:13.074569Z[0m [34mDEBUG[0m [2methereum_transaction_pool_monitor::eth_client[0m[2m:[0m 📨 Received WebSocket message: {"jsonrpc":"2.0","method":"eth_subscription","params":{"subscription":"0xbed0a0851463e895960a451075a301a9","result":"0xe775b83b2da1023a7d476abeeaf4138ac14000daf350d14d327abce347efc628"}}
[2m2025-12-10T10:19:13.074574Z[0m [34mDEBUG[0m [2methereum_transaction_pool_monitor::eth_client[0m[2m:[0m 📨 Received pending transaction: 0xe775b83b2da1023a7d476abeeaf4138ac14000daf350d14d327abce347efc628
[2m2025-12-10T10:19:13.074578Z[0m [34mDEBUG[0m [2methereum_transaction_pool_monitor::eth_client[0m[2m:[0m 📨 Received WebSocket message: {"jsonrpc":"2.0","method":"eth_subscription","params":{"subscription":"0xbed0a0851463e895960a451075a301a9","result":"0x2396269e18204d31ccd2c9a22775ce55bf2764229ca26a184e4c77a8c85418b9"}}
[2m2025-12-10T10:19:13.074583Z[0m [34mDEBUG[0m [2methereum_transaction_pool_monitor::eth_client[0m[2m:[0m 📨 Received pending transaction: 0x2396269e18204d31ccd2c9a22775ce55bf2764229ca26a184e4c77a8c85418b9
[2m2025-12-10T10:19:13.074586Z[0m [34mDEBUG[0m [2methereum_transaction_pool_monitor::eth_client[0m[2m:[0m 📨 Received WebSocket message: {"jsonrpc":"2.0","method":"eth_subscription","params":{"subscription":"0xbed0a0851463e895960a451075a301a9","result":"0x831f103153b731e7b803ea89ba7535d3c0a9795acc5abdfc2e69570c54c9eeb6"}}
[2m2025-12-10T10:19:13.074591Z[0m [34mDEBUG[0m [2methereum_transaction_pool_monitor::eth_client[0m[2m:[0m 📨 Received pending transaction: 0x831f103153b731e7b803ea89ba7535d3c0a9795acc5abdfc2e69570c54c9eeb6
[2m2025-12-10T10:19:13.074594Z[0m [34mDEBUG[0m [2methereum_transaction_pool_monitor::eth_client[0m[2m:[0m 📨 Received WebSocket message: {"jsonrpc":"2.0","method":"eth_subscription","params":{"subscription":"0xbed0a0851463e895960a451075a301a9","result":"0x0f997b7b542d9b41cf775067f9286b3f758b1c1bb88d81c4b8054b80c1e52d8c"}}
[2m2025-12-10T10:19:13.074599Z[0m [34mDEBUG[0m [2methereum_transaction_pool_monitor::eth_client[0m[2m:[0m 📨 Received pending transaction: 0x0f997b7b542d9b41cf775067f9286b3f758b1c1bb88d81c4b8054b80c1e52d8c
[2m2025-12-10T10:19:13.074605Z[0m [34mDEBUG[0m [2methereum_transaction_pool_monitor::eth_client[0m[2m:[0m 📨 Received WebSocket message: {"jsonrpc":"2.0","method":"eth_subscription","params":{"subscription":"0xbed0a0851463e895960a451075a301a9","result":"0xbb5cde7795560c29a8380e61df680344a2adfec183a56de4167b33b8c74baf0b"}}
[2m2025-12-10T10:19:13.074611Z[0m [34mDEBUG[0m [2methereum_transaction_pool_monitor::eth_client[0m[2m:[0m 📨 Received pending transaction: 0xbb5cde7795560c29a8380e61df680344a2adfec183a56de4167b33b8c74baf0b
[2m2025-12-10T10:19:13.074615Z[0m [34mDEBUG[0m [2methereum_transaction_pool_monitor::eth_client[0m[2m:[0m 📨 Received WebSocket message: {"jsonrpc":"2.0","method":"eth_subscription","params":{"subscription":"0xbed0a0851463e895960a451075a301a9","result":"0xe746a4439718e12f29c9ba6669847c79458144cafba152fd5002e11e097263c8"}}
[2m2025-12-10T10:19:13.074620Z[0m [34mDEBUG[0m [2methereum_transaction_pool_monitor::eth_client[0m[2m:[0m 📨 Received pending transaction: 0xe746a4439718e12f29c9ba6669847c79458144cafba152fd5002e11e097263c8
[2m2025-12-10T10:19:13.074624Z[0m [34mDEBUG[0m [2methereum_transaction_pool_monitor::eth_client[0m[2m:[0m 📨 Received WebSocket message: {"jsonrpc":"2.0","method":"eth_subscription","params":{"subscription":"0xbed0a0851463e895960a451075a301a9","result":"0x8d2a63c39c44e3fc3f7c882d179dedc916893ad3cfd71fdcaf42b83e437c1be4"}}
[2m2025-12-10T10:19:13.074628Z[0m [34mDEBUG[0m [2methereum_transaction_pool_monitor::eth_client[0m[2m:[0m 📨 Received pending transaction: 0x8d2a63c39c44e3fc3f7c882d179dedc916893ad3cfd71fdcaf42b83e437c1be4
[2m2025-12-10T10:19:13.074634Z[0m [34mDEBUG[0m [2methereum_transaction_pool_monitor::eth_client[0m[2m:[0m 📨 Received WebSocket message: {"jsonrpc":"2.0","method":"eth_subscription","params":{"subscription":"0xbed0a0851463e895960a451075a301a9","result":"0x3f988314d0bdbf653dd8bdbe4a626f1a5184a6e0f4d10c1d3b01360d200d34bd"}}
[2m2025-12-10T10:19:13.074638Z[0m [34mDEBUG[0m [2methereum_transaction_pool_monitor::eth_client[0m[2m:[0m 📨 Received pending transaction: 0x3f988314d0bdbf653dd8bdbe4a626f1a5184a6e0f4d10c1d3b01360d200d34bd
[2m2025-12-10T10:19:13.074642Z[0m [34mDEBUG[0m [2methereum_transaction_pool_monitor::eth_client[0m[2m:[0m 📨 Received WebSocket message: {"jsonrpc":"2.0","method":"eth_subscription","params":{"subscription":"0xbed0a0851463e895960a451075a301a9","result":"0xeaeecdc73fc0379914971a419e7a5434c6a936d7a5066e2a1bdcc5d0349f13a8"}}
[2m2025-12-10T10:19:13.074646Z[0m [34mDEBUG[0m [2methereum_transaction_pool_monitor::eth_client[0m[2m:[0m 📨 Received pending transaction: 0xeaeecdc73fc0379914971a419e7a5434c6a936d7a5066e2a1bdcc5d0349f13a8
[2m2025-12-10T10:19:13.074652Z[0m [34mDEBUG[0m [2methereum_transaction_pool_monitor::eth_client[0m[2m:[0m 📨 Received WebSocket message: {"jsonrpc":"2.0","method":"eth_subscription","params":{"subscription":"0xbed0a0851463e895960a451075a301a9","result":"0x0ce8ef928731260fa13859167208251166408e23fcf7f817426a6b1e5fcde18f"}}
[2m2025-12-10T10:19:13.074656Z[0m [34mDEBUG[0m [2methereum_transaction_pool_monitor::eth_client[0m[2m:[0m 📨 Received pending transaction: 0x0ce8ef928731260fa13859167208251166408e23fcf7f817426a6b1e5fcde18f
[2m2025-12-10T10:19:13.074660Z[0m [34mDEBUG[0m [2methereum_transaction_pool_monitor::eth_client[0m[2m:[0m 📨 Received WebSocket message: {"jsonrpc":"2.0","method":"eth_subscription","params":{"subscription":"0xbed0a0851463e895960a451075a301a9","result":"0xb90759e0a2570bc8e200534ef2b009eb84d03cb48e6cdc900d7f0ed07a087a78"}}
[2m2025-12-10T10:19:13.074664Z[0m [34mDEBUG[0m [2methereum_transaction_pool_monitor::eth_client[0m[2m:[0m 📨 Received pending transaction: 0xb90759e0a2570bc8e200534ef2b009eb84d03cb48e6cdc900d7f0ed07a087a78
[2m2025-12-10T10:19:13.074668Z[0m [34mDEBUG[0m [2methereum_transaction_pool_monitor::eth_client[0m[2m:[0m 📨 Received WebSocket message: {"jsonrpc":"2.0","method":"eth_subscription","params":{"subscription":"0xbed0a0851463e895960a451075a301a9","result":"0xc938bac3fd927a9207a95c9d100df248615af9c9287b569d9ae6684cea3fa4dd"}}
[2m2025-12-10T10:19:13.074672Z[0m [34mDEBUG[0m [2methereum_transaction_pool_monitor::eth_client[0m[2m:[0m 📨 Received pending transaction: 0xc938bac3fd927a9207a95c9d100df248615af9c9287b569d9ae6684cea3fa4dd
[2m2025-12-10T10:19:13.074675Z[0m [34mDEBUG[0m [2methereum_transaction_pool_monitor::eth_client[0m[2m:[0m 📨 Received WebSocket message: {"jsonrpc":"2.0","method":"eth_subscription","params":{"subscription":"0xbed0a0851463e895960a451075a301a9","result":"0x8b64e4f0ad3a484e0d890856eccf3bba73b50c50e9af41db0096f96b8e36b599"}}
[2m2025-12-10T10:19:13.074680Z[0m [34mDEBUG[0m [2methereum_transaction_pool_monitor::eth_client[0m[2m:[0m 📨 Received pending transaction: 0x8b64e4f0ad3a484e0d890856eccf3bba73b50c50e9af41db0096f96b8e36b599
[2m2025-12-10T10:19:13.074683Z[0m [34mDEBUG[0m [2methereum_transaction_pool_monitor::eth_client[0m[2m:[0m 📨 Received WebSocket message: {"jsonrpc":"2.0","method":"eth_subscription","params":{"subscription":"0xbed0a0851463e895960a451075a301a9","result":"0x71c924180e57c82ba8880b31c970e7058c91c5ce60200b75ecac033c65247e7a"}}
[2m2025-12-10T10:19:13.074687Z[0m [34mDEBUG[0m [2methereum_transaction_pool_monitor::eth_client[0m[2m:[0m 📨 Received pending transaction: 0x71c924180e57c82ba8880b31c970e7058c91c5ce60200b75ecac033c65247e7a
[2m2025-12-10T10:19:13.074691Z[0m [34mDEBUG[0m [2methereum_transaction_pool_monitor::eth_client[0m[2m:[0m 📨 Received WebSocket message: {"jsonrpc":"2.0","method":"eth_subscription","params":{"subscription":"0xbed0a0851463e895960a451075a301a9","result":"0xc118ea9c5a91f3ca02976c45a778cb9537a0b02f4d7205a514f592b6d2ec814e"}}
[2m2025-12-10T10:19:13.074695Z[0m [34mDEBUG[0m [2methereum_transaction_pool_monitor::eth_client[0m[2m:[0m 📨 Received pending transaction: 0xc118ea9c5a91f3ca02976c45a778cb9537a0b02f4d7205a514f592b6d2ec814e
[2m2025-12-10T10:19:13.074699Z[0m [34mDEBUG[0m [2methereum_transaction_pool_monitor::eth_client[0m[2m:[0m 📨 Received WebSocket message: {"jsonrpc":"2.0","method":"eth_subscription","params":{"subscription":"0xbed0a0851463e895960a451075a301a9","result":"0x5a400be5ffc2bc176fb12c7bce9ab1ba56f855161f2e19045b1a7c321fa89cf6"}}
[2m2025-12-10T10:19:13.074703Z[0m [34mDEBUG[0m [2methereum_transaction_pool_monitor::eth_client[0m[2m:[0m 📨 Received pending transaction: 0x5a400be5ffc2bc176fb12c7bce9ab1ba56f855161f2e19045b1a7c321fa89cf6
[2m2025-12-10T10:19:13.074707Z[0m [34mDEBUG[0m [2methereum_transaction_pool_monitor::eth_client[0m[2m:[0m 📨 Received WebSocket message: {"jsonrpc":"2.0","method":"eth_subscription","params":{"subscription":"0xbed0a0851463e895960a451075a301a9","result":"0xb8436c15afbc146312b7eba283c0434dae3a0c2968663b36ccdf349a9299b5fb"}}
[2m2025-12-10T10:19:13.074721Z[0m [34mDEBUG[0m [2methereum_transaction_pool_monitor::eth_client[0m[2m:[0m 📨 Received pending transaction: 0xb8436c15afbc146312b7eba283c0434dae3a0c2968663b36ccdf349a9299b5fb
[2m2025-12-10T10:19:13.074730Z[0m [34mDEBUG[0m [2methereum_transaction_pool_monitor::eth_client[0m[2m:[0m 📨 Received WebSocket message: {"jsonrpc":"2.0","method":"eth_subscription","params":{"subscription":"0xbed0a0851463e895960a451075a301a9","result":"0x01cf558995a61c63fa61bb111123ec43a07a54a4296e74d1978ebef785320fa1"}}
[2m2025-12-10T10:19:13.074757Z[0m [34mDEBUG[0m [2methereum_transaction_pool_monitor::eth_client[0m[2m:[0m 📨 Received pending transaction: 0x01cf558995a61c63fa61bb111123ec43a07a54a4296e74d1978ebef785320fa1
[2m2025-12-10T10:19:13.074762Z[0m [34mDEBUG[0m [2methereum_transaction_pool_monitor::eth_client[0m[2m:[0m 📨 Received WebSocket message: {"jsonrpc":"2.0","method":"eth_subscription","params":{"subscription":"0xbed0a0851463e895960a451075a301a9","result":"0xaa086fbf09c67b430c01b78bbeb2d392671b31dbd169fc7184f0b4761c631aa6"}}
[2m2025-12-10T10:19:13.074766Z[0m [34mDEBUG[0m [2methereum_transaction_pool_monitor::eth_client[0m[2m:[0m 📨 Received pending transaction: 0xaa086fbf09c67b430c01b78bbeb2d392671b31dbd169fc7184f0b4761c631aa6
[2m2025-12-10T10:19:13.074770Z[0m [34mDEBUG[0m [2methereum_transaction_pool_monitor::eth_client[0m[2m:[0m 📨 Received WebSocket message: {"jsonrpc":"2.0","method":"eth_subscription","params":{"subscription":"0xbed0a0851463e895960a451075a301a9","result":"0x051298b77c43f5f57102717046a427f418b763327b29e32ca741a237fd25d96d"}}
[2m2025-12-10T10:19:13.074775Z[0m [34mDEBUG[0m [2methereum_transaction_pool_monitor::eth_client[0m[2m:[0m 📨 Received pending transaction: 0x051298b77c43f5f57102717046a427f418b763327b29e32ca741a237fd25d96d
[2m2025-12-10T10:19:13.074778Z[0m [34mDEBUG[0m [2methereum_transaction_pool_monitor::eth_client[0m[2m:[0m 📨 Received WebSocket message: {"jsonrpc":"2.0","method":"eth_subscription","params":{"subscription":"0xbed0a0851463e895960a451075a301a9","result":"0xdfc6b514b754fda33852b83fe5566d650fed2850d7e0572f9cf67d425914d8a9"}}
[2m2025-12-10T10:19:13.074783Z[0m [34mDEBUG[0m [2methereum_transaction_pool_monitor::eth_client[0m[2m:[0m 📨 Received pending transaction: 0xdfc6b514b754fda33852b83fe5566d650fed2850d7e0572f9cf67d425914d8a9
[2m2025-12-10T10:19:13.074787Z[0m [34mDEBUG[0m [2methereum_transaction_pool_monitor::eth_client[0m[2m:[0m 📨 Received WebSocket message: {"jsonrpc":"2.0","method":"eth_subscription","params":{"subscription":"0xbed0a0851463e895960a451075a301a9","result":"0xc04dbbf28c0b874714e762a4165811e04b52caa1a02f3293b7d0b937bf64ba23"}}
[2m2025-12-10T10:19:13.074792Z[0m [34mDEBUG[0m [2methereum_transaction_pool_monitor::eth_client[0m[2m:[0m 📨 Received pending transaction: 0xc04dbbf28c0b874714e762a4165811e04b52caa1a02f3293b7d0b937bf64ba23
[2m2025-12-10T10:19:13.074798Z[0m [34mDEBUG[0m [2methereum_transaction_pool_monitor::eth_client[0m[2m:[0m 📨 Received WebSocket message: {"jsonrpc":"2.0","method":"eth_subscription","params":{"subscription":"0xbed0a0851463e895960a451075a301a9","result":"0xfa1b9979ddb6fe300f600e886de9c4d8f9787a3d4dea3c5217300be7921e7d19"}}
[2m2025-12-10T10:19:13.074804Z[0m [34mDEBUG[0m [2methereum_transaction_pool_monitor::eth_client[0m[2m:[0m 📨 Received pending transaction: 0xfa1b9979ddb6fe300f600e886de9c4d8f9787a3d4dea3c5217300be7921e7d19
[2m2025-12-10T10:19:13.074808Z[0m [34mDEBUG[0m [2methereum_transaction_pool_monitor::eth_client[0m[2m:[0m 📨 Received WebSocket message: {"jsonrpc":"2.0","method":"eth_subscription","params":{"subscription":"0xbed0a0851463e895960a451075a301a9","result":"0x2f7cb181aad2afeee573093650ca146eb7192d95fc07690678230a4146f7301b"}}
[2m2025-12-10T10:19:13.074812Z[0m [34mDEBUG[0m [2methereum_transaction_pool_monitor::eth_client[0m[2m:[0m 📨 Received pending transaction: 0x2f7cb181aad2afeee573093650ca146eb7192d95fc07690678230a4146f7301b
[2m2025-12-10T10:19:13.074816Z[0m [34mDEBUG[0m [2methereum_transaction_pool_monitor::eth_client[0m[2m:[0m 📨 Received WebSocket message: {"jsonrpc":"2.0","method":"eth_subscription","params":{"subscription":"0xbed0a0851463e895960a451075a301a9","result":"0x0ad80ebc1f965a2de368c46e7c55126278bbb1b7298c13d0146ac1ba124e4b62"}}
[2m2025-12-10T10:19:13.074821Z[0m [34mDEBUG[0m [2methereum_transaction_pool_monitor::eth_client[0m[2m:[0m 📨 Received pending transaction: 0x0ad80ebc1f965a2de368c46e7c55126278bbb1b7298c13d0146ac1ba124e4b62
[2m2025-12-10T10:19:13.074824Z[0m [34mDEBUG[0m [2methereum_transaction_pool_monitor::eth_client[0m[2m:[0m 📨 Received WebSocket message: {"jsonrpc":"2.0","method":"eth_subscription","params":{"subscription":"0xbed0a0851463e895960a451075a301a9","result":"0x7ca307e82eb19f2e75546a12607928f1a1be14395662bfdb34e9be18e6778ac3"}}
[2m2025-12-10T10:19:13.074829Z[0m [34mDEBUG[0m [2methereum_transaction_pool_monitor::eth_client[0m[2m:[0m 📨 Received pending transaction: 0x7ca307e82eb19f2e75546a12607928f1a1be14395662bfdb34e9be18e6778ac3
[2m2025-12-10T10:19:13.074832Z[0m [34mDEBUG[0m [2methereum_transaction_pool_monitor::eth_client[0m[2m:[0m 📨 Received WebSocket message: {"jsonrpc":"2.0","method":"eth_subscription","params":{"subscription":"0xbed0a0851463e895960a451075a301a9","result":"0xd9626ff6962ffffa3a0f2e3cd28c1b6b871b1b542217f41a9c6c992178ab1331"}}
[2m2025-12-10T10:19:13.074837Z[0m [34mDEBUG[0m [2methereum_transaction_pool_monitor::eth_client[0m[2m:[0m 📨 Received pending transaction: 0xd9626ff6962ffffa3a0f2e3cd28c1b6b871b1b542217f41a9c6c992178ab1331
[2m2025-12-10T10:19:13.074841Z[0m [34mDEBUG[0m [2methereum_transaction_pool_monitor::eth_client[0m[2m:[0m 📨 Received WebSocket message: {"jsonrpc":"2.0","method":"eth_subscription","params":{"subscription":"0xbed0a0851463e895960a451075a301a9","result":"0x3886faff03becd3c2956e26707f00951a4ae05fbefb21dd8af4cdcc342676443"}}
[2m2025-12-10T10:19:13.074845Z[0m [34mDEBUG[0m [2methereum_transaction_pool_monitor::eth_client[0m[2m:[0m 📨 Received pending transaction: 0x3886faff03becd3c2956e26707f00951a4ae05fbefb21dd8af4cdcc342676443
[2m2025-12-10T10:19:13.074849Z[0m [34mDEBUG[0m [2methereum_transaction_pool_monitor::eth_client[0m[2m:[0m 📨 Received WebSocket message: {"jsonrpc":"2.0","method":"eth_subscription","params":{"subscription":"0xbed0a0851463e895960a451075a301a9","result":"0xca193a827c239e690a61eb364727c05296774908568bb30dc71ae55486e5628c"}}
[2m2025-12-10T10:19:13.074853Z[0m [34mDEBUG[0m [2methereum_transaction_pool_monitor::eth_client[0m[2m:[0m 📨 Received pending transaction: 0xca193a827c239e690a61eb364727c05296774908568bb30dc71ae55486e5628c
[2m2025-12-10T10:19:13.074857Z[0m [34mDEBUG[0m [2methereum_transaction_pool_monitor::eth_client[0m[2m:[0m 📨 Received WebSocket message: {"jsonrpc":"2.0","method":"eth_subscription","params":{"subscription":"0xbed0a0851463e895960a451075a301a9","result":"0xe7982cdd025f8396ea7ba7618212b0958bca62d3d58156d192c1c793b3c7b0e7"}}
[2m2025-12-10T10:19:13.074866Z[0m [34mDEBUG[0m [2methereum_transaction_pool_monitor::eth_client[0m[2m:[0m 📨 Received pending transaction: 0xe7982cdd025f8396ea7ba7618212b0958bca62d3d58156d192c1c793b3c7b0e7
[2m2025-12-10T10:19:13.074871Z[0m [34mDEBUG[0m [2methereum_transaction_pool_monitor::eth_client[0m[2m:[0m 📨 Received WebSocket message: {"jsonrpc":"2.0","method":"eth_subscription","params":{"subscription":"0xbed0a0851463e895960a451075a301a9","result":"0x6faa5667f2a2d576515a49d8b08ebb0c2b08f54fdae6cb8e981e33be1b6a7e07"}}
[2m2025-12-10T10:19:13.074876Z[0m [34mDEBUG[0m [2methereum_transaction_pool_monitor::eth_client[0m[2m:[0m 📨 Received pending transaction: 0x6faa5667f2a2d576515a49d8b08ebb0c2b08f54fdae6cb8e981e33be1b6a7e07
[2m2025-12-10T10:19:13.074880Z[0m [34mDEBUG[0m [2methereum_transaction_pool_monitor::eth_client[0m[2m:[0m 📨 Received WebSocket message: {"jsonrpc":"2.0","method":"eth_subscription","params":{"subscription":"0xbed0a0851463e895960a451075a301a9","result":"0xc7251046ce25897edf72e53e23baf1a83d54c107367dee4aa0e3636f2f406313"}}
[2m2025-12-10T10:19:13.074884Z[0m [34mDEBUG[0m [2methereum_transaction_pool_monitor::eth_client[0m[2m:[0m 📨 Received pending transaction: 0xc7251046ce25897edf72e53e23baf1a83d54c107367dee4aa0e3636f2f406313
[2m2025-12-10T10:19:13.074888Z[0m [34mDEBUG[0m [2methereum_transaction_pool_monitor::eth_client[0m[2m:[0m 📨 Received WebSocket message: {"jsonrpc":"2.0","method":"eth_subscription","params":{"subscription":"0xbed0a0851463e895960a451075a301a9","result":"0xde81319e73e6a95929b10ac4c9814b97f16ddd42e7f5529e00d6d03714f00c79"}}
[2m2025-12-10T10:19:13.074893Z[0m [34mDEBUG[0m [2methereum_transaction_pool_monitor::eth_client[0m[2m:[0m 📨 Received pending transaction: 0xde81319e73e6a95929b10ac4c9814b97f16ddd42e7f5529e00d6d03714f00c79
[2m2025-12-10T10:19:13.074896Z[0m [34mDEBUG[0m [2methereum_transaction_pool_monitor::eth_client[0m[2m:[0m 📨 Received WebSocket message: {"jsonrpc":"2.0","method":"eth_subscription","params":{"subscription":"0xbed0a0851463e895960a451075a301a9","result":"0x0f624623fee4c5a63b1ade554eed79e0b92df772f1f6a3c2449ffae9a4b930bf"}}
[2m2025-12-10T10:19:13.074902Z[0m [34mDEBUG[0m [2methereum_transaction_pool_monitor::eth_client[0m[2m:[0m 📨 Received pending transaction: 0x0f624623fee4c5a63b1ade554eed79e0b92df772f1f6a3c2449ffae9a4b930bf
[2m2025-12-10T10:19:13.074906Z[0m [34mDEBUG[0m [2methereum_transaction_pool_monitor::eth_client[0m[2m:[0m 📨 Received WebSocket message: {"jsonrpc":"2.0","method":"eth_subscription","params":{"subscription":"0xbed0a0851463e895960a451075a301a9","result":"0x6c4c8714a848510966cb803f1429d428bbba5db5bd5186900c35fa8d4492dba8"}}
[2m2025-12-10T10:19:13.074911Z[0m [34mDEBUG[0m [2methereum_transaction_pool_monitor::eth_client[0m[2m:[0m 📨 Received pending transaction: 0x6c4c8714a848510966cb803f1429d428bbba5db5bd5186900c35fa8d4492dba8
[2m2025-12-10T10:19:13.074915Z[0m [34mDEBUG[0m [2methereum_transaction_pool_monitor::eth_client[0m[2m:[0m 📨 Received WebSocket message: {"jsonrpc":"2.0","method":"eth_subscription","params":{"subscription":"0xbed0a0851463e895960a451075a301a9","result":"0x26a88936a28b00bafe69ab9f02684df5627e07c7e4c5a73099a4247a77677840"}}
[2m2025-12-10T10:19:13.074919Z[0m [34mDEBUG[0m [2methereum_transaction_pool_monitor::eth_client[0m[2m:[0m 📨 Received pending transaction: 0x26a88936a28b00bafe69ab9f02684df5627e07c7e4c5a73099a4247a77677840
[2m2025-12-10T10:19:13.074923Z[0m [34mDEBUG[0m [2methereum_transaction_pool_monitor::eth_client[0m[2m:[0m 📨 Received WebSocket message: {"jsonrpc":"2.0","method":"eth_subscription","params":{"subscription":"0xbed0a0851463e895960a451075a301a9","result":"0xf5c7f3ccc47643a259e3e26bfbf290919129322ff06effc67a6fb82adef01517"}}
[2m2025-12-10T10:19:13.074927Z[0m [34mDEBUG[0m [2methereum_transaction_pool_monitor::eth_client[0m[2m:[0m 📨 Received pending transaction: 0xf5c7f3ccc47643a259e3e26bfbf290919129322ff06effc67a6fb82adef01517
[2m2025-12-10T10:19:13.074931Z[0m [34mDEBUG[0m [2methereum_transaction_pool_monitor::eth_client[0m[2m:[0m 📨 Received WebSocket message: {"jsonrpc":"2.0","method":"eth_subscription","params":{"subscription":"0xbed0a0851463e895960a451075a301a9","result":"0x09aa116d6f36f1de3fc22df20875b9f1e87449ccad12228ce71bbabc0828ff72"}}
[2m2025-12-10T10:19:13.074935Z[0m [34mDEBUG[0m [2methereum_transaction_pool_monitor::eth_client[0m[2m:[0m 📨 Received pending transaction: 0x09aa116d6f36f1de3fc22df20875b9f1e87449ccad12228ce71bbabc0828ff72
[2m2025-12-10T10:19:13.074938Z[0m [34mDEBUG[0m [2methereum_transaction_pool_monitor::eth_client[0m[2m:[0m 📨 Received WebSocket message: {"jsonrpc":"2.0","method":"eth_subscription","params":{"subscription":"0xbed0a0851463e895960a451075a301a9","result":"0x033bad0508702701138e2c0bbb02375118db1363f254fd77f6771d05dbca2986"}}
[2m2025-12-10T10:19:13.074943Z[0m [34mDEBUG[0m [2methereum_transaction_pool_monitor::eth_client[0m[2m:[0m 📨 Received pending transaction: 0x033bad0508702701138e2c0bbb02375118db1363f254fd77f6771d05dbca2986
[2m2025-12-10T10:19:13.074946Z[0m [34mDEBUG[0m [2methereum_transaction_pool_monitor::eth_client[0m[2m:[0m 📨 Received WebSocket message: {"jsonrpc":"2.0","method":"eth_subscription","params":{"subscription":"0xbed0a0851463e895960a451075a301a9","result":"0x6fb933d6ebcee71cc7f258eaa866625a463d99c9acbd25bb1fecaeb3a5051438"}}
[2m2025-12-10T10:19:13.074951Z[0m [34mDEBUG[0m [2methereum_transaction_pool_monitor::eth_client[0m[2m:[0m 📨 Received pending transaction: 0x6fb933d6ebcee71cc7f258eaa866625a463d99c9acbd25bb1fecaeb3a5051438
[2m2025-12-10T10:19:13.074954Z[0m [34mDEBUG[0m [2methereum_transaction_pool_monitor::eth_client[0m[2m:[0m 📨 Received WebSocket message: {"jsonrpc":"2.0","method":"eth_subscription","params":{"subscription":"0xbed0a0851463e895960a451075a301a9","result":"0x7a54ea57fbe3a5fc6e92e905f7b514fd5a0db795f3a158de8241078b4ab7eaa7"}}
[2m2025-12-10T10:19:13.074958Z[0m [34mDEBUG[0m [2methereum_transaction_pool_monitor::eth_client[0m[2m:[0m 📨 Received pending transaction: 0x7a54ea57fbe3a5fc6e92e905f7b514fd5a0db795f3a158de8241078b4ab7eaa7
[2m2025-12-10T10:19:13.074962Z[0m [34mDEBUG[0m [2methereum_transaction_pool_monitor::eth_client[0m[2m:[0m 📨 Received WebSocket message: {"jsonrpc":"2.0","method":"eth_subscription","params":{"subscription":"0xbed0a0851463e895960a451075a301a9","result":"0x917db0dc2c4138e5b4be7fb7e69d2f180b754fd599c2feb12efd0eecb65820a8"}}
[2m2025-12-10T10:19:13.074966Z[0m [34mDEBUG[0m [2methereum_transaction_pool_monitor::eth_client[0m[2m:[0m 📨 Received pending transaction: 0x917db0dc2c4138e5b4be7fb7e69d2f180b754fd599c2feb12efd0eecb65820a8
[2m2025-12-10T10:19:13.074970Z[0m [34mDEBUG[0m [2methereum_transaction_pool_monitor::eth_client[0m[2m:[0m 📨 Received WebSocket message: {"jsonrpc":"2.0","method":"eth_subscription","params":{"subscription":"0xbed0a0851463e895960a451075a301a9","result":"0xa71dcd0ff211dfbf777952405e21feac619557005bf76ff765c2aa1484b52c16"}}
[2m2025-12-10T10:19:13.074974Z[0m [34mDEBUG[0m [2methereum_transaction_pool_monitor::eth_client[0m[2m:[0m 📨 Received pending transaction: 0xa71dcd0ff211dfbf777952405e21feac619557005bf76ff765c2aa1484b52c16
[2m2025-12-10T10:19:13.074979Z[0m [34mDEBUG[0m [2methereum_transaction_pool_monitor::eth_client[0m[2m:[0m 📨 Received WebSocket message: {"jsonrpc":"2.0","method":"eth_subscription","params":{"subscription":"0xbed0a0851463e895960a451075a301a9","result":"0x2cd6895f1ec167786e5a23fc9cfe5fb2927438c4a0103e848efde4ae71194b87"}}
[2m2025-12-10T10:19:13.074984Z[0m [34mDEBUG[0m [2methereum_transaction_pool_monitor::eth_client[0m[2m:[0m 📨 Received pending transaction: 0x2cd6895f1ec167786e5a23fc9cfe5fb2927438c4a0103e848efde4ae71194b87
[2m2025-12-10T10:19:13.074988Z[0m [34mDEBUG[0m [2methereum_transaction_pool_monitor::eth_client[0m[2m:[0m 📨 Received WebSocket message: {"jsonrpc":"2.0","method":"eth_subscription","params":{"subscription":"0xbed0a0851463e895960a451075a301a9","result":"0x8a9714ae89e21f51a3ca4d5839a5c3463ea4cb83ad7438909e840ad388e8a31b"}}
[2m2025-12-10T10:19:13.074992Z[0m [34mDEBUG[0m [2methereum_transaction_pool_monitor::eth_client[0m[2m:[0m 📨 Received pending transaction: 0x8a9714ae89e21f51a3ca4d5839a5c3463ea4cb83ad7438909e840ad388e8a31b
[2m2025-12-10T10:19:13.074996Z[0m [34mDEBUG[0m [2methereum_transaction_pool_monitor::eth_client[0m[2m:[0m 📨 Received WebSocket message: {"jsonrpc":"2.0","method":"eth_subscription","params":{"subscription":"0xbed0a0851463e895960a451075a301a9","result":"0xcd10c83c6a5d050b9c6a35f772c835ca8cc99a04486bae1f0001404b75158a5b"}}
[2m2025-12-10T10:19:13.075000Z[0m [34mDEBUG[0m [2methereum_transaction_pool_monitor::eth_client[0m[2m:[0m 📨 Received pending transaction: 0xcd10c83c6a5d050b9c6a35f772c835ca8cc99a04486bae1f0001404b75158a5b
[2m2025-12-10T10:19:13.075004Z[0m [34mDEBUG[0m [2methereum_transaction_pool_monitor::eth_client[0m[2m:[0m 📨 Received WebSocket message: {"jsonrpc":"2.0","method":"eth_subscription","params":{"subscription":"0xbed0a0851463e895960a451075a301a9","result":"0xaa59e25de4beaf9e8641631ea3100c2ab8107dbec83833440f527e0d29360a62"}}
[2m2025-12-10T10:19:13.075016Z[0m [34mDEBUG[0m [2methereum_transaction_pool_monitor::eth_client[0m[2m:[0m 📨 Received pending transaction: 0xaa59e25de4beaf9e8641631ea3100c2ab8107dbec83833440f527e0d29360a62
[2m2025-12-10T10:19:13.075019Z[0m [34mDEBUG[0m [2methereum_transaction_pool_monitor::eth_client[0m[2m:[0m 📨 Received WebSocket message: {"jsonrpc":"2.0","method":"eth_subscription","params":{"subscription":"0xbed0a0851463e895960a451075a301a9","result":"0x341a18bd88d3084b65ed09675d288584efefee113a556827a6eba2b65ef57c06"}}
[2m2025-12-10T10:19:13.075067Z[0m [34mDEBUG[0m [2methereum_transaction_pool_monitor::eth_client[0m[2m:[0m 📨 Received pending transaction: 0x341a18bd88d3084b65ed09675d288584efefee113a556827a6eba2b65ef57c06
[2m2025-12-10T10:19:13.075074Z[0m [34mDEBUG[0m [2methereum_transaction_pool_monitor::eth_client[0m[2m:[0m 📨 Received WebSocket message: {"jsonrpc":"2.0","method":"eth_subscription","params":{"subscription":"0xbed0a0851463e895960a451075a301a9","result":"0xf02893a95a2aff8f587f0b921308bc9d5e3bee55eeaad40a199fbc5c3cd3d37c"}}
[2m2025-12-10T10:19:13.075078Z[0m [34mDEBUG[0m [2methereum_transaction_pool_monitor::eth_client[0m[2m:[0m 📨 Received pending transaction: 0xf02893a95a2aff8f587f0b921308bc9d5e3bee55eeaad40a199fbc5c3cd3d37c
[2m2025-12-10T10:19:13.075082Z[0m [34mDEBUG[0m [2methereum_transaction_pool_monitor::eth_client[0m[2m:[0m 📨 Received WebSocket message: {"jsonrpc":"2.0","method":"eth_subscription","params":{"subscription":"0xbed0a0851463e895960a451075a301a9","result":"0x9ffe4c62ab145476dcfa57a6a11fde6e71fd68607b08cdd9611f1de9c36f5c6f"}}
[2m2025-12-10T10:19:13.075086Z[0m [34mDEBUG[0m [2methereum_transaction_pool_monitor::eth_client[0m[2m:[0m 📨 Received pending transaction: 0x9ffe4c62ab145476dcfa57a6a11fde6e71fd68607b08cdd9611f1de9c36f5c6f
[2m2025-12-10T10:19:13.075090Z[0m [34mDEBUG[0m [2methereum_transaction_pool_monitor::eth_client[0m[2m:[0m 📨 Received WebSocket message: {"jsonrpc":"2.0","method":"eth_subscription","params":{"subscription":"0xbed0a0851463e895960a451075a301a9","result":"0xfebdc78b8e8a4de5ce94868bb8a7999125d53ed1519caacdb085c483bf8ba10d"}}
[2m2025-12-10T10:19:13.075094Z[0m [34mDEBUG[0m [2methereum_transaction_pool_monitor::eth_client[0m[2m:[0m 📨 Received pending transaction: 0xfebdc78b8e8a4de5ce94868bb8a7999125d53ed1519caacdb085c483bf8ba10d
[2m2025-12-10T10:19:13.075098Z[0m [34mDEBUG[0m [2methereum_transaction_pool_monitor::eth_client[0m[2m:[0m 📨 Received WebSocket message: {"jsonrpc":"2.0","method":"eth_subscription","params":{"subscription":"0xbed0a0851463e895960a451075a301a9","result":"0xb353f94bf79a846665dd13a9849f004e171dea4538e548cba5480856d963a2b7"}}
[2m2025-12-10T10:19:13.075102Z[0m [34mDEBUG[0m [2methereum_transaction_pool_monitor::eth_client[0m[2m:[0m 📨 Received pending transaction: 0xb353f94bf79a846665dd13a9849f004e171dea4538e548cba5480856d963a2b7
[2m2025-12-10T10:19:13.075106Z[0m [34mDEBUG[0m [2methereum_transaction_pool_monitor::eth_client[0m[2m:[0m 📨 Received WebSocket message: {"jsonrpc":"2.0","method":"eth_subscription","params":{"subscription":"0xbed0a0851463e895960a451075a301a9","result":"0xce17aefb26bbab377c20212ce5122cd731155ab82d74febf063eea07e1fb80b4"}}
[2m2025-12-10T10:19:13.075110Z[0m [34mDEBUG[0m [2methereum_transaction_pool_monitor::eth_client[0m[2m:[0m 📨 Received pending transaction: 0xce17aefb26bbab377c20212ce5122cd731155ab82d74febf063eea07e1fb80b4
[2m2025-12-10T10:19:13.075113Z[0m [34mDEBUG[0m [2methereum_transaction_pool_monitor::eth_client[0m[2m:[0m 📨 Received WebSocket message: {"jsonrpc":"2.0","method":"eth_subscription","params":{"subscription":"0xbed0a0851463e895960a451075a301a9","result":"0x1470c6b8232642ffa13d74fa2ea04648d464d2b1a2d64c3a606845f3c6373f7c"}}
[2m2025-12-10T10:19:13.075118Z[0m [34mDEBUG[0m [2methereum_transaction_pool_monitor::eth_client[0m[2m:[0m 📨 Received pending transaction: 0x1470c6b8232642ffa13d74fa2ea04648d464d2b1a2d64c3a606845f3c6373f7c
[2m2025-12-10T10:19:13.075121Z[0m [34mDEBUG[0m [2methereum_transaction_pool_monitor::eth_client[0m[2m:[0m 📨 Received WebSocket message: {"jsonrpc":"2.0","method":"eth_subscription","params":{"subscription":"0xbed0a0851463e895960a451075a301a9","result":"0xb9349d12cd7d36414105fedffb4fe9894f0461696269809b8077e9b10893b81e"}}
[2m2025-12-10T10:19:13.075125Z[0m [34mDEBUG[0m [2methereum_transaction_pool_monitor::eth_client[0m[2m:[0m 📨 Received pending transaction: 0xb9349d12cd7d36414105fedffb4fe9894f0461696269809b8077e9b10893b81e
[2m2025-12-10T10:19:13.075129Z[0m [34mDEBUG[0m [2methereum_transaction_pool_monitor::eth_client[0m[2m:[0m 📨 Received WebSocket message: {"jsonrpc":"2.0","method":"eth_subscription","params":{"subscription":"0xbed0a0851463e895960a451075a301a9","result":"0x7b2a2ccaaf37ed9770c668713bbe4eb4861b96c739ef3d5c323ea8fdc43d099e"}}
[2m2025-12-10T10:19:13.075134Z[0m [34mDEBUG[0m [2methereum_transaction_pool_monitor::eth_client[0m[2m:[0m 📨 Received pending transaction: 0x7b2a2ccaaf37ed9770c668713bbe4eb4861b96c739ef3d5c323ea8fdc43d099e
[2m2025-12-10T10:19:13.075139Z[0m [34mDEBUG[0m [2methereum_transaction_pool_monitor::eth_client[0m[2m:[0m 📨 Received WebSocket message: {"jsonrpc":"2.0","method":"eth_subscription","params":{"subscription":"0xbed0a0851463e895960a451075a301a9","result":"0xcac415969b9dc6b87a2277d1517146c2a2ef40802340e24e313ac142a0299be8"}}
[2m2025-12-10T10:19:13.075144Z[0m [34mDEBUG[0m [2methereum_transaction_pool_monitor::eth_client[0m[2m:[0m 📨 Received pending transaction: 0xcac415969b9dc6b87a2277d1517146c2a2ef40802340e24e313ac142a0299be8
[2m2025-12-10T10:19:13.075148Z[0m [34mDEBUG[0m [2methereum_transaction_pool_monitor::eth_client[0m[2m:[0m 📨 Received WebSocket message: {"jsonrpc":"2.0","method":"eth_subscription","params":{"subscription":"0xbed0a0851463e895960a451075a301a9","result":"0x44b3ccdb405a2520249a0b41291a9360a9b7144974caf855f8d8b5b78b8d7b42"}}
[2m2025-12-10T10:19:13.075153Z[0m [34mDEBUG[0m [2methereum_transaction_pool_monitor::eth_client[0m[2m:[0m 📨 Received pending transaction: 0x44b3ccdb405a2520249a0b41291a9360a9b7144974caf855f8d8b5b78b8d7b42
[2m2025-12-10T10:19:13.075157Z[0m [34mDEBUG[0m [2methereum_transaction_pool_monitor::eth_client[0m[2m:[0m 📨 Received WebSocket message: {"jsonrpc":"2.0","method":"eth_subscription","params":{"subscription":"0xbed0a0851463e895960a451075a301a9","result":"0x39d738f5e78d9dc56c3cb101e33db0bfba7d9266854b5af83da602ea34c8f028"}}
[2m2025-12-10T10:19:13.075161Z[0m [34mDEBUG[0m [2methereum_transaction_pool_monitor::eth_client[0m[2m:[0m 📨 Received pending transaction: 0x39d738f5e78d9dc56c3cb101e33db0bfba7d9266854b5af83da602ea34c8f028
[2m2025-12-10T10:19:13.075191Z[0m [34mDEBUG[0m [2methereum_transaction_pool_monitor::eth_client[0m[2m:[0m 📨 Received WebSocket message: {"jsonrpc":"2.0","method":"eth_subscription","params":{"subscription":"0xbed0a0851463e895960a451075a301a9","result":"0xf96292becc6330891b111407ffa7ebdbd18a17c4ac49131ee716a19c7d479e32"}}
[2m2025-12-10T10:19:13.075197Z[0m [34mDEBUG[0m [2methereum_transaction_pool_monitor::eth_client[0m[2m:[0m 📨 Received pending transaction: 0xf96292becc6330891b111407ffa7ebdbd18a17c4ac49131ee716a19c7d479e32
[2m2025-12-10T10:19:13.075201Z[0m [34mDEBUG[0m [2methereum_transaction_pool_monitor::eth_client[0m[2m:[0m 📨 Received WebSocket message: {"jsonrpc":"2.0","method":"eth_subscription","params":{"subscription":"0xbed0a0851463e895960a451075a301a9","result":"0x7a1a5df6afb0117e4bf33cbdc97c39c3ec0b725dcb0f4725f5f6feb4b0083e74"}}
[2m2025-12-10T10:19:13.075206Z[0m [34mDEBUG[0m [2methereum_transaction_pool_monitor::eth_client[0m[2m:[0m 📨 Received pending transaction: 0x7a1a5df6afb0117e4bf33cbdc97c39c3ec0b725dcb0f4725f5f6feb4b0083e74
[2m2025-12-10T10:19:13.075211Z[0m [34mDEBUG[0m [2methereum_transaction_pool_monitor::eth_client[0m[2m:[0m 📨 Received WebSocket message: {"jsonrpc":"2.0","method":"eth_subscription","params":{"subscription":"0xbed0a0851463e895960a451075a301a9","result":"0xb0444517a05eb1297fdc7b90e77e5a7e11deb56c457df6c5816415db40ad7c70"}}
[2m2025-12-10T10:19:13.075215Z[0m [34mDEBUG[0m [2methereum_transaction_pool_monitor::eth_client[0m[2m:[0m 📨 Received pending transaction: 0xb0444517a05eb1297fdc7b90e77e5a7e11deb56c457df6c5816415db40ad7c70
[2m2025-12-10T10:19:13.075220Z[0m [34mDEBUG[0m [2methereum_transaction_pool_monitor::eth_client[0m[2m:[0m 📨 Received WebSocket message: {"jsonrpc":"2.0","method":"eth_subscription","params":{"subscription":"0xbed0a0851463e895960a451075a301a9","result":"0xfd55c6366236b986a905dedb530db93a043ec0d5fed9b5aa1b1f0f3fcf3ccf97"}}
[2m2025-12-10T10:19:13.075224Z[0m [34mDEBUG[0m [2methereum_transaction_pool_monitor::eth_client[0m[2m:[0m 📨 Received pending transaction: 0xfd55c6366236b986a905dedb530db93a043ec0d5fed9b5aa1b1f0f3fcf3ccf97
[2m2025-12-10T10:19:13.075228Z[0m [34mDEBUG[0m [2methereum_transaction_pool_monitor::eth_client[0m[2m:[0m 📨 Received WebSocket message: {"jsonrpc":"2.0","method":"eth_subscription","params":{"subscription":"0xbed0a0851463e895960a451075a301a9","result":"0xa08737aa02c51bdee550248c1a6a72d8c073b64e47398e14d2f4afa5a263acf1"}}
[2m2025-12-10T10:19:13.075233Z[0m [34mDEBUG[0m [2methereum_transaction_pool_monitor::eth_client[0m[2m:[0m 📨 Received pending transaction: 0xa08737aa02c51bdee550248c1a6a72d8c073b64e47398e14d2f4afa5a263acf1
[2m2025-12-10T10:19:13.075237Z[0m [34mDEBUG[0m [2methereum_transaction_pool_monitor::eth_client[0m[2m:[0m 📨 Received WebSocket message: {"jsonrpc":"2.0","method":"eth_subscription","params":{"subscription":"0xbed0a0851463e895960a451075a301a9","result":"0x2183bf17da09645198d48f52e7a953e8da92e9238c355097e8bf3c32a056f57a"}}
[2m2025-12-10T10:19:13.075241Z[0m [34mDEBUG[0m [2methereum_transaction_pool_monitor::eth_client[0m[2m:[0m 📨 Received pending transaction: 0x2183bf17da09645198d48f52e7a953e8da92e9238c355097e8bf3c32a056f57a
[2m2025-12-10T10:19:13.075248Z[0m [34mDEBUG[0m [2methereum_transaction_pool_monitor::eth_client[0m[2m:[0m 📨 Received WebSocket message: {"jsonrpc":"2.0","method":"eth_subscription","params":{"subscription":"0xbed0a0851463e895960a451075a301a9","result":"0xf38c7e7d2c6e83b44861efd964adf3aeb7e16add8265b10122171ace8cf4e136"}}
[2m2025-12-10T10:19:13.075253Z[0m [34mDEBUG[0m [2methereum_transaction_pool_monitor::eth_client[0m[2m:[0m 📨 Received pending transaction: 0xf38c7e7d2c6e83b44861efd964adf3aeb7e16add8265b10122171ace8cf4e136
[2m2025-12-10T10:19:13.075257Z[0m [34mDEBUG[0m [2methereum_transaction_pool_monitor::eth_client[0m[2m:[0m 📨 Received WebSocket message: {"jsonrpc":"2.0","method":"eth_subscription","params":{"subscription":"0xbed0a0851463e895960a451075a301a9","result":"0x6c3a09490cba9fc98bd9ccaa6e0717029f41b5c1afd1f1e1f8a80600d42cb83a"}}
[2m2025-12-10T10:19:13.075261Z[0m [34mDEBUG[0m [2methereum_transaction_pool_monitor::eth_client[0m[2m:[0m 📨 Received pending transaction: 0x6c3a09490cba9fc98bd9ccaa6e0717029f41b5c1afd1f1e1f8a80600d42cb83a
[2m2025-12-10T10:19:13.075265Z[0m [34mDEBUG[0m [2methereum_transaction_pool_monitor::eth_client[0m[2m:[0m 📨 Received WebSocket message: {"jsonrpc":"2.0","method":"eth_subscription","params":{"subscription":"0xbed0a0851463e895960a451075a301a9","result":"0x12cd0d0c9970277f742f7af44044f0114cf84c893be2132208da56a06a9f1caf"}}
[2m2025-12-10T10:19:13.075270Z[0m [34mDEBUG[0m [2methereum_transaction_pool_monitor::eth_client[0m[2m:[0m 📨 Received pending transaction: 0x12cd0d0c9970277f742f7af44044f0114cf84c893be2132208da56a06a9f1caf
[2m2025-12-10T10:19:13.075274Z[0m [34mDEBUG[0m [2methereum_transaction_pool_monitor::eth_client[0m[2m:[0m 📨 Received WebSocket message: {"jsonrpc":"2.0","method":"eth_subscription","params":{"subscription":"0xbed0a0851463e895960a451075a301a9","result":"0x0e13ca7812ebef72af9b92f36a9c09c85a1eceeb6ed83c1e3e93eaab281f220e"}}
[2m2025-12-10T10:19:13.075278Z[0m [34mDEBUG[0m [2methereum_transaction_pool_monitor::eth_client[0m[2m:[0m 📨 Received pending transaction: 0x0e13ca7812ebef72af9b92f36a9c09c85a1eceeb6ed83c1e3e93eaab281f220e
[2m2025-12-10T10:19:13.075282Z[0m [34mDEBUG[0m [2methereum_transaction_pool_monitor::eth_client[0m[2m:[0m 📨 Received WebSocket message: {"jsonrpc":"2.0","method":"eth_subscription","params":{"subscription":"0xbed0a0851463e895960a451075a301a9","result":"0x1921379c7bc939f66e685c173fcdc05161330ee4247a8f4eeea199992deeb0b1"}}
[2m2025-12-10T10:19:13.075287Z[0m [34mDEBUG[0m [2methereum_transaction_pool_monitor::eth_client[0m[2m:[0m 📨 Received pending transaction: 0x1921379c7bc939f66e685c173fcdc05161330ee4247a8f4eeea199992deeb0b1
[2m2025-12-10T10:19:13.075291Z[0m [34mDEBUG[0m [2methereum_transaction_pool_monitor::eth_client[0m[2m:[0m 📨 Received WebSocket message: {"jsonrpc":"2.0","method":"eth_subscription","params":{"subscription":"0xbed0a0851463e895960a451075a301a9","result":"0xe2d2b1544ab35deb179e6fa4c0904213979bf290ad101f5a67959d82d641336c"}}
[2m2025-12-10T10:19:13.075295Z[0m [34mDEBUG[0m [2methereum_transaction_pool_monitor::eth_client[0m[2m:[0m 📨 Received pending transaction: 0xe2d2b1544ab35deb179e6fa4c0904213979bf290ad101f5a67959d82d641336c
[2m2025-12-10T10:19:13.075299Z[0m [34mDEBUG[0m [2methereum_transaction_pool_monitor::eth_client[0m[2m:[0m 📨 Received WebSocket message: {"jsonrpc":"2.0","method":"eth_subscription","params":{"subscription":"0xbed0a0851463e895960a451075a301a9","result":"0x5fc26949ce0ad07ce1b1727faf6fcd0a60483e3e28dd7dbcb3996cfa409f835f"}}
[2m2025-12-10T10:19:13.075304Z[0m [34mDEBUG[0m [2methereum_transaction_pool_monitor::eth_client[0m[2m:[0m 📨 Received pending transaction: 0x5fc26949ce0ad07ce1b1727faf6fcd0a60483e3e28dd7dbcb3996cfa409f835f
[2m2025-12-10T10:19:13.075307Z[0m [34mDEBUG[0m [2methereum_transaction_pool_monitor::eth_client[0m[2m:[0m 📨 Received WebSocket message: {"jsonrpc":"2.0","method":"eth_subscription","params":{"subscription":"0xbed0a0851463e895960a451075a301a9","result":"0x158973bd462125152df9dfb02624d3e753975ea5e093e2fe19d5efa222adb533"}}
[2m2025-12-10T10:19:13.075313Z[0m [34mDEBUG[0m [2methereum_transaction_pool_monitor::eth_client[0m[2m:[0m 📨 Received pending transaction: 0x158973bd462125152df9dfb02624d3e753975ea5e093e2fe19d5efa222adb533
[2m2025-12-10T10:19:13.075317Z[0m [34mDEBUG[0m [2methereum_transaction_pool_monitor::eth_client[0m[2m:[0m 📨 Received WebSocket message: {"jsonrpc":"2.0","method":"eth_subscription","params":{"subscription":"0xbed0a0851463e895960a451075a301a9","result":"0x7c8a5fe77c4d73ba3d9d2a297063c2d46c6c8620f37b2e0cd8f3a056bd9a6598"}}
[2m2025-12-10T10:19:13.075322Z[0m [34mDEBUG[0m [2methereum_transaction_pool_monitor::eth_client[0m[2m:[0m 📨 Received pending transaction: 0x7c8a5fe77c4d73ba3d9d2a297063c2d46c6c8620f37b2e0cd8f3a056bd9a6598
[2m2025-12-10T10:19:13.075326Z[0m [34mDEBUG[0m [2methereum_transaction_pool_monitor::eth_client[0m[2m:[0m 📨 Received WebSocket message: {"jsonrpc":"2.0","method":"eth_subscription","params":{"subscription":"0xbed0a0851463e895960a451075a301a9","result":"0x0aa6e5e34c6c11f11bebc82ab1cbb6ecc418b5cee91db28af230a3c7b0cbb157"}}
[2m2025-12-10T10:19:13.075331Z[0m [34mDEBUG[0m [2methereum_transaction_pool_monitor::eth_client[0m[2m:[0m 📨 Received pending transaction: 0x0aa6e5e34c6c11f11bebc82ab1cbb6ecc418b5cee91db28af230a3c7b0cbb157
[2m2025-12-10T10:19:13.075336Z[0m [34mDEBUG[0m [2methereum_transaction_pool_monitor::eth_client[0m[2m:[0m 📨 Received WebSocket message: {"jsonrpc":"2.0","method":"eth_subscription","params":{"subscription":"0xbed0a0851463e895960a451075a301a9","result":"0xa54da17ecdbda1fe8292ae091a9df18f7dad7602b57e7a49f556b85e9be9391c"}}
[2m2025-12-10T10:19:13.075340Z[0m [34mDEBUG[0m [2methereum_transaction_pool_monitor::eth_client[0m[2m:[0m 📨 Received pending transaction: 0xa54da17ecdbda1fe8292ae091a9df18f7dad7602b57e7a49f556b85e9be9391c
[2m2025-12-10T10:19:13.075344Z[0m [34mDEBUG[0m [2methereum_transaction_pool_monitor::eth_client[0m[2m:[0m 📨 Received WebSocket message: {"jsonrpc":"2.0","method":"eth_subscription","params":{"subscription":"0xbed0a0851463e895960a451075a301a9","result":"0x2f86a7cdc1a14de0319224fe0e7933ac5bd43744e2998abd7ad3f261285a14e0"}}
[2m2025-12-10T10:19:13.076373Z[0m [34mDEBUG[0m [2methereum_transaction_pool_monitor::eth_client[0m[2m:[0m 📨 Received pending transaction: 0x2f86a7cdc1a14de0319224fe0e7933ac5bd43744e2998abd7ad3f261285a14e0
[2m2025-12-10T10:19:13.076378Z[0m [34mDEBUG[0m [2methereum_transaction_pool_monitor::eth_client[0m[2m:[0m 📨 Received WebSocket message: {"jsonrpc":"2.0","method":"eth_subscription","params":{"subscription":"0xbed0a0851463e895960a451075a301a9","result":"0xb4ac6431086047a67525f0d853ce02e491e22ba4fb821f8f94fed9261b55991e"}}
[2m2025-12-10T10:19:13.076412Z[0m [34mDEBUG[0m [2methereum_transaction_pool_monitor::eth_client[0m[2m:[0m 📨 Received pending transaction: 0xb4ac6431086047a67525f0d853ce02e491e22ba4fb821f8f94fed9261b55991e
[2m2025-12-10T10:19:13.076418Z[0m [34mDEBUG[0m [2methereum_transaction_pool_monitor::eth_client[0m[2m:[0m 📨 Received WebSocket message: {"jsonrpc":"2.0","method":"eth_subscription","params":{"subscription":"0xbed0a0851463e895960a451075a301a9","result":"0xdf835ae380d5f3352252806e572d1a57b0014e3a49a40095aa7d92fc58a512d0"}}
[2m2025-12-10T10:19:13.076422Z[0m [34mDEBUG[0m [2methereum_transaction_pool_monitor::eth_client[0m[2m:[0m 📨 Received pending transaction: 0xdf835ae380d5f3352252806e572d1a57b0014e3a49a40095aa7d92fc58a512d0
[2m2025-12-10T10:19:13.076426Z[0m [34mDEBUG[0m [2methereum_transaction_pool_monitor::eth_client[0m[2m:[0m 📨 Received WebSocket message: {"jsonrpc":"2.0","method":"eth_subscription","params":{"subscription":"0xbed0a0851463e895960a451075a301a9","result":"0xb7a3e5bd45d266b9b21c6daf0287a865aaed835ba151f03b609568a1f445c945"}}
[2m2025-12-10T10:19:13.076431Z[0m [34mDEBUG[0m [2methereum_transaction_pool_monitor::eth_client[0m[2m:[0m 📨 Received pending transaction: 0xb7a3e5bd45d266b9b21c6daf0287a865aaed835ba151f03b609568a1f445c945
[2m2025-12-10T10:19:13.076436Z[0m [34mDEBUG[0m [2methereum_transaction_pool_monitor::eth_client[0m[2m:[0m 📨 Received WebSocket message: {"jsonrpc":"2.0","method":"eth_subscription","params":{"subscription":"0xbed0a0851463e895960a451075a301a9","result":"0x6f6258ef8190cc25ea9445fb1eb5a53a7c509d4d1bbfc2ed591e1bd320c57be8"}}
[2m2025-12-10T10:19:13.076440Z[0m [34mDEBUG[0m [2methereum_transaction_pool_monitor::eth_client[0m[2m:[0m 📨 Received pending transaction: 0x6f6258ef8190cc25ea9445fb1eb5a53a7c509d4d1bbfc2ed591e1bd320c57be8
[2m2025-12-10T10:19:13.076444Z[0m [34mDEBUG[0m [2methereum_transaction_pool_monitor::eth_client[0m[2m:[0m 📨 Received WebSocket message: {"jsonrpc":"2.0","method":"eth_subscription","params":{"subscription":"0xbed0a0851463e895960a451075a301a9","result":"0x6ef68413f7da83b6727d2dea1ff679d0478a06e943b596c6638a77f0c6dfeff6"}}
[2m2025-12-10T10:19:13.076476Z[0m [34mDEBUG[0m [2methereum_transaction_pool_monitor::eth_client[0m[2m:[0m 📨 Received pending transaction: 0x6ef68413f7da83b6727d2dea1ff679d0478a06e943b596c6638a77f0c6dfeff6
[2m2025-12-10T10:19:13.076481Z[0m [34mDEBUG[0m [2methereum_transaction_pool_monitor::eth_client[0m[2m:[0m 📨 Received WebSocket message: {"jsonrpc":"2.0","method":"eth_subscription","params":{"subscription":"0xbed0a0851463e895960a451075a301a9","result":"0x926a6c3f1de520b7d39ce393bfad9b86b57f40e4bd0b2fe1cefc47581e7a0aa2"}}
[2m2025-12-10T10:19:13.076486Z[0m [34mDEBUG[0m [2methereum_transaction_pool_monitor::eth_client[0m[2m:[0m 📨 Received pending transaction: 0x926a6c3f1de520b7d39ce393bfad9b86b57f40e4bd0b2fe1cefc47581e7a0aa2
[2m2025-12-10T10:19:13.076496Z[0m [34mDEBUG[0m [2methereum_transaction_pool_monitor::eth_client[0m[2m:[0m 📨 Received WebSocket message: {"jsonrpc":"2.0","method":"eth_subscription","params":{"subscription":"0xbed0a0851463e895960a451075a301a9","result":"0x55a7e2bf0abd47f8cb6a6401822c5813daca51200b41409e6164d60c324fb523"}}
[2m2025-12-10T10:19:13.076500Z[0m [34mDEBUG[0m [2methereum_transaction_pool_monitor::eth_client[0m[2m:[0m 📨 Received pending transaction: 0x55a7e2bf0abd47f8cb6a6401822c5813daca51200b41409e6164d60c324fb523
[2m2025-12-10T10:19:13.076506Z[0m [34mDEBUG[0m [2methereum_transaction_pool_monitor::eth_client[0m[2m:[0m 📨 Received WebSocket message: {"jsonrpc":"2.0","method":"eth_subscription","params":{"subscription":"0xbed0a0851463e895960a451075a301a9","result":"0x198c1633adfd7906460571024667a704f3815ab08412dfe04b489b38938e3f0d"}}
[2m2025-12-10T10:19:13.076511Z[0m [34mDEBUG[0m [2methereum_transaction_pool_monitor::eth_client[0m[2m:[0m 📨 Received pending transaction: 0x198c1633adfd7906460571024667a704f3815ab08412dfe04b489b38938e3f0d
[2m2025-12-10T10:19:13.076514Z[0m [34mDEBUG[0m [2methereum_transaction_pool_monitor::eth_client[0m[2m:[0m 📨 Received WebSocket message: {"jsonrpc":"2.0","method":"eth_subscription","params":{"subscription":"0xbed0a0851463e895960a451075a301a9","result":"0x608998250d6dac3b00a57fbee4bf3b50c14ef31de2b2d462fb51bb3eab4819cc"}}
[2m2025-12-10T10:19:13.076519Z[0m [34mDEBUG[0m [2methereum_transaction_pool_monitor::eth_client[0m[2m:[0m 📨 Received pending transaction: 0x608998250d6dac3b00a57fbee4bf3b50c14ef31de2b2d462fb51bb3eab4819cc
[2m2025-12-10T10:19:13.076522Z[0m [34mDEBUG[0m [2methereum_transaction_pool_monitor::eth_client[0m[2m:[0m 📨 Received WebSocket message: {"jsonrpc":"2.0","method":"eth_subscription","params":{"subscription":"0xbed0a0851463e895960a451075a301a9","result":"0xcab3a005bd83e7d7a9ba05edeb49179116402094ab4a1ed9a21f34bbad894411"}}
[2m2025-12-10T10:19:13.076527Z[0m [34mDEBUG[0m [2methereum_transaction_pool_monitor::eth_client[0m[2m:[0m 📨 Received pending transaction: 0xcab3a005bd83e7d7a9ba05edeb49179116402094ab4a1ed9a21f34bbad894411
[2m2025-12-10T10:19:13.076532Z[0m [34mDEBUG[0m [2methereum_transaction_pool_monitor::eth_client[0m[2m:[0m 📨 Received WebSocket message: {"jsonrpc":"2.0","method":"eth_subscription","params":{"subscription":"0xbed0a0851463e895960a451075a301a9","result":"0x294ccaf541c130079845b0ff1717a996380b0938bb968de452b1678b83ee9cc6"}}
[2m2025-12-10T10:19:13.076567Z[0m [34mDEBUG[0m [2methereum_transaction_pool_monitor::eth_client[0m[2m:[0m 📨 Received pending transaction: 0x294ccaf541c130079845b0ff1717a996380b0938bb968de452b1678b83ee9cc6
[2m2025-12-10T10:19:13.076572Z[0m [34mDEBUG[0m [2methereum_transaction_pool_monitor::eth_client[0m[2m:[0m 📨 Received WebSocket message: {"jsonrpc":"2.0","method":"eth_subscription","params":{"subscription":"0xbed0a0851463e895960a451075a301a9","result":"0xf175aec437fb910315453bbce5cd9bd5b350f7c3c08be0bb8f4fda7dacbb48c5"}}
[2m2025-12-10T10:19:13.076576Z[0m [34mDEBUG[0m [2methereum_transaction_pool_monitor::eth_client[0m[2m:[0m 📨 Received pending transaction: 0xf175aec437fb910315453bbce5cd9bd5b350f7c3c08be0bb8f4fda7dacbb48c5
[2m2025-12-10T10:19:13.076580Z[0m [34mDEBUG[0m [2methereum_transaction_pool_monitor::eth_client[0m[2m:[0m 📨 Received WebSocket message: {"jsonrpc":"2.0","method":"eth_subscription","params":{"subscription":"0xbed0a0851463e895960a451075a301a9","result":"0x39687deaee18fc6b3f4c07131adc0c395573f1b22ae896efe37da35a22c12704"}}
[2m2025-12-10T10:19:13.076585Z[0m [34mDEBUG[0m [2methereum_transaction_pool_monitor::eth_client[0m[2m:[0m 📨 Received pending transaction: 0x39687deaee18fc6b3f4c07131adc0c395573f1b22ae896efe37da35a22c12704
[2m2025-12-10T10:19:13.076588Z[0m [34mDEBUG[0m [2methereum_transaction_pool_monitor::eth_client[0m[2m:[0m 📨 Received WebSocket message: {"jsonrpc":"2.0","method":"eth_subscription","params":{"subscription":"0xbed0a0851463e895960a451075a301a9","result":"0x25dbac86129bb141c5f7298fb199404d46a60bce82ccfc6519a77399bec264f6"}}
[2m2025-12-10T10:19:13.076592Z[0m [34mDEBUG[0m [2methereum_transaction_pool_monitor::eth_client[0m[2m:[0m 📨 Received pending transaction: 0x25dbac86129bb141c5f7298fb199404d46a60bce82ccfc6519a77399bec264f6
[2m2025-12-10T10:19:13.076596Z[0m [34mDEBUG[0m [2methereum_transaction_pool_monitor::eth_client[0m[2m:[0m 📨 Received WebSocket message: {"jsonrpc":"2.0","method":"eth_subscription","params":{"subscription":"0xbed0a0851463e895960a451075a301a9","result":"0x2e4193d053888b7c20d25e20d3698f33f84febe0387b4da167d76138a2468039"}}
[2m2025-12-10T10:19:13.076601Z[0m [34mDEBUG[0m [2methereum_transaction_pool_monitor::eth_client[0m[2m:[0m 📨 Received pending transaction: 0x2e4193d053888b7c20d25e20d3698f33f84febe0387b4da167d76138a2468039
[2m2025-12-10T10:19:13.076604Z[0m [34mDEBUG[0m [2methereum_transaction_pool_monitor::eth_client[0m[2m:[0m 📨 Received WebSocket message: {"jsonrpc":"2.0","method":"eth_subscription","params":{"subscription":"0xbed0a0851463e895960a451075a301a9","result":"0x5912ac1e3279f96ed3ac1eca4cd37b746bf8290eb458b820a613baf4c755dc77"}}
[2m2025-12-10T10:19:13.076608Z[0m [34mDEBUG[0m [2methereum_transaction_pool_monitor::eth_client[0m[2m:[0m 📨 Received pending transaction: 0x5912ac1e3279f96ed3ac1eca4cd37b746bf8290eb458b820a613baf4c755dc77
[2m2025-12-10T10:19:13.076612Z[0m [34mDEBUG[0m [2methereum_transaction_pool_monitor::eth_client[0m[2m:[0m 📨 Received WebSocket message: {"jsonrpc":"2.0","method":"eth_subscription","params":{"subscription":"0xbed0a0851463e895960a451075a301a9","result":"0x4ad589b4ab9a3a9d4e59f66fb8eeae45cf45d99d717ed889569a92ca82a77e19"}}
[2m2025-12-10T10:19:13.076617Z[0m [34mDEBUG[0m [2methereum_transaction_pool_monitor::eth_client[0m[2m:[0m 📨 Received pending transaction: 0x4ad589b4ab9a3a9d4e59f66fb8eeae45cf45d99d717ed889569a92ca82a77e19
[2m2025-12-10T10:19:13.076621Z[0m [34mDEBUG[0m [2methereum_transaction_pool_monitor::eth_client[0m[2m:[0m 📨 Received WebSocket message: {"jsonrpc":"2.0","method":"eth_subscription","params":{"subscription":"0xbed0a0851463e895960a451075a301a9","result":"0x2f1ae4e577671fbc8b33af70540bdfc6b269c7126d3306972859c34c6aae1633"}}
[2m2025-12-10T10:19:13.076625Z[0m [34mDEBUG[0m [2methereum_transaction_pool_monitor::eth_client[0m[2m:[0m 📨 Received pending transaction: 0x2f1ae4e577671fbc8b33af70540bdfc6b269c7126d3306972859c34c6aae1633
[2m2025-12-10T10:19:13.076629Z[0m [34mDEBUG[0m [2methereum_transaction_pool_monitor::eth_client[0m[2m:[0m 📨 Received WebSocket message: {"jsonrpc":"2.0","method":"eth_subscription","params":{"subscription":"0xbed0a0851463e895960a451075a301a9","result":"0xc3ca3a736f24189db4c85b22a9f583bc0d918cf5a3c9af0fc106d9467ff5a010"}}
[2m2025-12-10T10:19:13.076633Z[0m [34mDEBUG[0m [2methereum_transaction_pool_monitor::eth_client[0m[2m:[0m 📨 Received pending transaction: 0xc3ca3a736f24189db4c85b22a9f583bc0d918cf5a3c9af0fc106d9467ff5a010
[2m2025-12-10T10:19:13.076637Z[0m [34mDEBUG[0m [2methereum_transaction_pool_monitor::eth_client[0m[2m:[0m 📨 Received WebSocket message: {"jsonrpc":"2.0","method":"eth_subscription","params":{"subscription":"0xbed0a0851463e895960a451075a301a9","result":"0xa4a59d17dd63681115c4adc97aaf16c3927aa2ad984bb96cfb5f9b8640a3ec7e"}}
[2m2025-12-10T10:19:13.076641Z[0m [34mDEBUG[0m [2methereum_transaction_pool_monitor::eth_client[0m[2m:[0m 📨 Received pending transaction: 0xa4a59d17dd63681115c4adc97aaf16c3927aa2ad984bb96cfb5f9b8640a3ec7e
[2m2025-12-10T10:19:13.076648Z[0m [34mDEBUG[0m [2methereum_transaction_pool_monitor::eth_client[0m[2m:[0m 📨 Received WebSocket message: {"jsonrpc":"2.0","method":"eth_subscription","params":{"subscription":"0xbed0a0851463e895960a451075a301a9","result":"0x0479aff173d7d7d66afe32f40652a97a4a31669d9d882be8ad6bc6c0d295d17c"}}
[2m2025-12-10T10:19:13.076654Z[0m [34mDEBUG[0m [2methereum_transaction_pool_monitor::eth_client[0m[2m:[0m 📨 Received pending transaction: 0x0479aff173d7d7d66afe32f40652a97a4a31669d9d882be8ad6bc6c0d295d17c
[2m2025-12-10T10:19:13.076658Z[0m [34mDEBUG[0m [2methereum_transaction_pool_monitor::eth_client[0m[2m:[0m 📨 Received WebSocket message: {"jsonrpc":"2.0","method":"eth_subscription","params":{"subscription":"0xbed0a0851463e895960a451075a301a9","result":"0x5943268fbe9388f6b2917ebe1c5660fa063b78776647fd92e3ffba9ccb373e00"}}
[2m2025-12-10T10:19:13.076662Z[0m [34mDEBUG[0m [2methereum_transaction_pool_monitor::eth_client[0m[2m:[0m 📨 Received pending transaction: 0x5943268fbe9388f6b2917ebe1c5660fa063b78776647fd92e3ffba9ccb373e00
[2m2025-12-10T10:19:13.076666Z[0m [34mDEBUG[0m [2methereum_transaction_pool_monitor::eth_client[0m[2m:[0m 📨 Received WebSocket message: {"jsonrpc":"2.0","method":"eth_subscription","params":{"subscription":"0xbed0a0851463e895960a451075a301a9","result":"0xcce83b00e9356a135b6b659ed06b6d1ca96dd958a24149b4b10359893b3b50cd"}}
[2m2025-12-10T10:19:13.076670Z[0m [34mDEBUG[0m [2methereum_transaction_pool_monitor::eth_client[0m[2m:[0m 📨 Received pending transaction: 0xcce83b00e9356a135b6b659ed06b6d1ca96dd958a24149b4b10359893b3b50cd
[2m2025-12-10T10:19:13.076674Z[0m [34mDEBUG[0m [2methereum_transaction_pool_monitor::eth_client[0m[2m:[0m 📨 Received WebSocket message: {"jsonrpc":"2.0","method":"eth_subscription","params":{"subscription":"0xbed0a0851463e895960a451075a301a9","result":"0xc34f7ea5ab9f99c57f3e85f5cdd94edb93ac7d03c01e091ec8b8f003f6aa0d74"}}
[2m2025-12-10T10:19:13.076678Z[0m [34mDEBUG[0m [2methereum_transaction_pool_monitor::eth_client[0m[2m:[0m 📨 Received pending transaction: 0xc34f7ea5ab9f99c57f3e85f5cdd94edb93ac7d03c01e091ec8b8f003f6aa0d74
[2m2025-12-10T10:19:13.076684Z[0m [34mDEBUG[0m [2methereum_transaction_pool_monitor::eth_client[0m[2m:[0m 📨 Received WebSocket message: {"jsonrpc":"2.0","method":"eth_subscription","params":{"subscription":"0xbed0a0851463e895960a451075a301a9","result":"0xfe172c29efd33daa9808cb6ef14cd772a739d098de73413670c0116d30a8b301"}}
[2m2025-12-10T10:19:13.076689Z[0m [34mDEBUG[0m [2methereum_transaction_pool_monitor::eth_client[0m[2m:[0m 📨 Received pending transaction: 0xfe172c29efd33daa9808cb6ef14cd772a739d098de73413670c0116d30a8b301
[2m2025-12-10T10:19:13.076693Z[0m [34mDEBUG[0m [2methereum_transaction_pool_monitor::eth_client[0m[2m:[0m 📨 Received WebSocket message: {"jsonrpc":"2.0","method":"eth_subscription","params":{"subscription":"0xbed0a0851463e895960a451075a301a9","result":"0x6f4e78d73b0788532c4ea4eb5e9b6cb10e1c90288516d274edf914bf2a0cb28d"}}
[2m2025-12-10T10:19:13.076697Z[0m [34mDEBUG[0m [2methereum_transaction_pool_monitor::eth_client[0m[2m:[0m 📨 Received pending transaction: 0x6f4e78d73b0788532c4ea4eb5e9b6cb10e1c90288516d274edf914bf2a0cb28d
[2m2025-12-10T10:19:13.076701Z[0m [34mDEBUG[0m [2methereum_transaction_pool_monitor::eth_client[0m[2m:[0m 📨 Received WebSocket message: {"jsonrpc":"2.0","method":"eth_subscription","params":{"subscription":"0xbed0a0851463e895960a451075a301a9","result":"0xdd22cedd7c1dd3898742be135272bebbd12494980475aa5f719fe1bdae6ee58b"}}
[2m2025-12-10T10:19:13.076705Z[0m [34mDEBUG[0m [2methereum_transaction_pool_monitor::eth_client[0m[2m:[0m 📨 Received pending transaction: 0xdd22cedd7c1dd3898742be135272bebbd12494980475aa5f719fe1bdae6ee58b
[2m2025-12-10T10:19:13.076709Z[0m [34mDEBUG[0m [2methereum_transaction_pool_monitor::eth_client[0m[2m:[0m 📨 Received WebSocket message: {"jsonrpc":"2.0","method":"eth_subscription","params":{"subscription":"0xbed0a0851463e895960a451075a301a9","result":"0x779ea75c0a7442311c40a8602ca6cdcb235bb76c9e16ecccf721d657dadc4cc9"}}
[2m2025-12-10T10:19:13.076713Z[0m [34mDEBUG[0m [2methereum_transaction_pool_monitor::eth_client[0m[2m:[0m 📨 Received pending transaction: 0x779ea75c0a7442311c40a8602ca6cdcb235bb76c9e16ecccf721d657dadc4cc9
[2m2025-12-10T10:19:13.076717Z[0m [34mDEBUG[0m [2methereum_transaction_pool_monitor::eth_client[0m[2m:[0m 📨 Received WebSocket message: {"jsonrpc":"2.0","method":"eth_subscription","params":{"subscription":"0xbed0a0851463e895960a451075a301a9","result":"0x693aa90e43fc0f8347408fef6647486b9af2f42310e5ab75687cd8cd1588a31a"}}
[2m2025-12-10T10:19:13.076721Z[0m [34mDEBUG[0m [2methereum_transaction_pool_monitor::eth_client[0m[2m:[0m 📨 Received pending transaction: 0x693aa90e43fc0f8347408fef6647486b9af2f42310e5ab75687cd8cd1588a31a
[2m2025-12-10T10:19:13.076724Z[0m [34mDEBUG[0m [2methereum_transaction_pool_monitor::eth_client[0m[2m:[0m 📨 Received WebSocket message: {"jsonrpc":"2.0","method":"eth_subscription","params":{"subscription":"0xbed0a0851463e895960a451075a301a9","result":"0xd85252fbca60305142d412e96f519e668b5cb165b84cdce91eaa3d1d04bc3d33"}}
[2m2025-12-10T10:19:13.076730Z[0m [34mDEBUG[0m [2methereum_transaction_pool_monitor::eth_client[0m[2m:[0m 📨 Received pending transaction: 0xd85252fbca60305142d412e96f519e668b5cb165b84cdce91eaa3d1d04bc3d33
[2m2025-12-10T10:19:13.076756Z[0m [34mDEBUG[0m [2methereum_transaction_pool_monitor::eth_client[0m[2m:[0m 📨 Received WebSocket message: {"jsonrpc":"2.0","method":"eth_subscription","params":{"subscription":"0xbed0a0851463e895960a451075a301a9","result":"0xeeebfcffb7cf6602a0ed9473791e57008e4c4460d0f516f4f1b78bb3f9060741"}}
[2m2025-12-10T10:19:13.076761Z[0m [34mDEBUG[0m [2methereum_transaction_pool_monitor::eth_client[0m[2m:[0m 📨 Received pending transaction: 0xeeebfcffb7cf6602a0ed9473791e57008e4c4460d0f516f4f1b78bb3f9060741
[2m2025-12-10T10:19:13.076766Z[0m [34mDEBUG[0m [2methereum_transaction_pool_monitor::eth_client[0m[2m:[0m 📨 Received WebSocket message: {"jsonrpc":"2.0","method":"eth_subscription","params":{"subscription":"0xbed0a0851463e895960a451075a301a9","result":"0x99c0c2751cf826447aa0655be647354891ae5b08ecb300e614e3337825614835"}}
[2m2025-12-10T10:19:13.076771Z[0m [34mDEBUG[0m [2methereum_transaction_pool_monitor::eth_client[0m[2m:[0m 📨 Received pending transaction: 0x99c0c2751cf826447aa0655be647354891ae5b08ecb300e614e3337825614835
[2m2025-12-10T10:19:13.076775Z[0m [34mDEBUG[0m [2methereum_transaction_pool_monitor::eth_client[0m[2m:[0m 📨 Received WebSocket message: {"jsonrpc":"2.0","method":"eth_subscription","params":{"subscription":"0xbed0a0851463e895960a451075a301a9","result":"0x596a36681dadcb6d009f8afcdc6e9b9ec96f2f9641081a5943846b430c53ce70"}}
[2m2025-12-10T10:19:13.076779Z[0m [34mDEBUG[0m [2methereum_transaction_pool_monitor::eth_client[0m[2m:[0m 📨 Received pending transaction: 0x596a36681dadcb6d009f8afcdc6e9b9ec96f2f9641081a5943846b430c53ce70
[2m2025-12-10T10:19:13.076783Z[0m [34mDEBUG[0m [2methereum_transaction_pool_monitor::eth_client[0m[2m:[0m 📨 Received WebSocket message: {"jsonrpc":"2.0","method":"eth_subscription","params":{"subscription":"0xbed0a0851463e895960a451075a301a9","result":"0x8b227f7a1136f1d37be1f20d67152a46c7a4de5da797b58e5e4150f251cd17fb"}}
[2m2025-12-10T10:19:13.076788Z[0m [34mDEBUG[0m [2methereum_transaction_pool_monitor::eth_client[0m[2m:[0m 📨 Received pending transaction: 0x8b227f7a1136f1d37be1f20d67152a46c7a4de5da797b58e5e4150f251cd17fb
[2m2025-12-10T10:19:13.076792Z[0m [34mDEBUG[0m [2methereum_transaction_pool_monitor::eth_client[0m[2m:[0m 📨 Received WebSocket message: {"jsonrpc":"2.0","method":"eth_subscription","params":{"subscription":"0xbed0a0851463e895960a451075a301a9","result":"0x17abaa857a1249b0495fa81ff64c41b8b94d8074b82a560d1524ce579f56be82"}}
[2m2025-12-10T10:19:13.076796Z[0m [34mDEBUG[0m [2methereum_transaction_pool_monitor::eth_client[0m[2m:[0m 📨 Received pending transaction: 0x17abaa857a1249b0495fa81ff64c41b8b94d8074b82a560d1524ce579f56be82
[2m2025-12-10T10:19:13.076801Z[0m [34mDEBUG[0m [2methereum_transaction_pool_monitor::eth_client[0m[2m:[0m 📨 Received WebSocket message: {"jsonrpc":"2.0","method":"eth_subscription","params":{"subscription":"0xbed0a0851463e895960a451075a301a9","result":"0x09b65da07c190cc8fda4ac22849a73aab88057f04eabe38b7c2d36501fb9dae2"}}
[2m2025-12-10T10:19:13.076809Z[0m [34mDEBUG[0m [2methereum_transaction_pool_monitor::eth_client[0m[2m:[0m 📨 Received pending transaction: 0x09b65da07c190cc8fda4ac22849a73aab88057f04eabe38b7c2d36501fb9dae2
[2m2025-12-10T10:19:13.076814Z[0m [34mDEBUG[0m [2methereum_transaction_pool_monitor::eth_client[0m[2m:[0m 📨 Received WebSocket message: {"jsonrpc":"2.0","method":"eth_subscription","params":{"subscription":"0xbed0a0851463e895960a451075a301a9","result":"0x1f436a519c72f4aa9cc154c430b51e3f9d1f93338b1c127e797d05e764bad48b"}}
[2m2025-12-10T10:19:13.076819Z[0m [34mDEBUG[0m [2methereum_transaction_pool_monitor::eth_client[0m[2m:[0m 📨 Received pending transaction: 0x1f436a519c72f4aa9cc154c430b51e3f9d1f93338b1c127e797d05e764bad48b
[2m2025-12-10T10:19:13.076824Z[0m [34mDEBUG[0m [2methereum_transaction_pool_monitor::eth_client[0m[2m:[0m 📨 Received WebSocket message: {"jsonrpc":"2.0","method":"eth_subscription","params":{"subscription":"0xbed0a0851463e895960a451075a301a9","result":"0xf8a21a9440635113d969276f6226c6eec260a2efc6cc98f374180896c9442619"}}
[2m2025-12-10T10:19:13.076828Z[0m [34mDEBUG[0m [2methereum_transaction_pool_monitor::eth_client[0m[2m:[0m 📨 Received pending transaction: 0xf8a21a9440635113d969276f6226c6eec260a2efc6cc98f374180896c9442619
[2m2025-12-10T10:19:13.076832Z[0m [34mDEBUG[0m [2methereum_transaction_pool_monitor::eth_client[0m[2m:[0m 📨 Received WebSocket message: {"jsonrpc":"2.0","method":"eth_subscription","params":{"subscription":"0xbed0a0851463e895960a451075a301a9","result":"0x3729628b05fe1cf4a6537bde607b5c8e1d295ec51fa75ebb57baed640ecb0f82"}}
[2m2025-12-10T10:19:13.076836Z[0m [34mDEBUG[0m [2methereum_transaction_pool_monitor::eth_client[0m[2m:[0m 📨 Received pending transaction: 0x3729628b05fe1cf4a6537bde607b5c8e1d295ec51fa75ebb57baed640ecb0f82
[2m2025-12-10T10:19:13.076840Z[0m [34mDEBUG[0m [2methereum_transaction_pool_monitor::eth_client[0m[2m:[0m 📨 Received WebSocket message: {"jsonrpc":"2.0","method":"eth_subscription","params":{"subscription":"0xbed0a0851463e895960a451075a301a9","result":"0x646bfba704f1e8b3b62c8d1dfc0f0f059e73a4337b619b2da663a43d60e4e7d6"}}
[2m2025-12-10T10:19:13.076844Z[0m [34mDEBUG[0m [2methereum_transaction_pool_monitor::eth_client[0m[2m:[0m 📨 Received pending transaction: 0x646bfba704f1e8b3b62c8d1dfc0f0f059e73a4337b619b2da663a43d60e4e7d6
[2m2025-12-10T10:19:13.076852Z[0m [34mDEBUG[0m [2methereum_transaction_pool_monitor::eth_client[0m[2m:[0m 📨 Received WebSocket message: {"jsonrpc":"2.0","method":"eth_subscription","params":{"subscription":"0xbed0a0851463e895960a451075a301a9","result":"0x5c347098e00e36e553541536d1736216dcbc7b05ffd3393c15bd3599cdfbdbd2"}}
[2m2025-12-10T10:19:13.076857Z[0m [34mDEBUG[0m [2methereum_transaction_pool_monitor::eth_client[0m[2m:[0m 📨 Received pending transaction: 0x5c347098e00e36e553541536d1736216dcbc7b05ffd3393c15bd3599cdfbdbd2
[2m2025-12-10T10:19:13.076861Z[0m [34mDEBUG[0m [2methereum_transaction_pool_monitor::eth_client[0m[2m:[0m 📨 Received WebSocket message: {"jsonrpc":"2.0","method":"eth_subscription","params":{"subscription":"0xbed0a0851463e895960a451075a301a9","result":"0x1b42fa0a8c825c7b59db8c8b7c8fcb5a421422d7aeb4e50db66f07b3e1de5d91"}}
[2m2025-12-10T10:19:13.076865Z[0m [34mDEBUG[0m [2methereum_transaction_pool_monitor::eth_client[0m[2m:[0m 📨 Received pending transaction: 0x1b42fa0a8c825c7b59db8c8b7c8fcb5a421422d7aeb4e50db66f07b3e1de5d91
[2m2025-12-10T10:19:13.076869Z[0m [34mDEBUG[0m [2methereum_transaction_pool_monitor::eth_client[0m[2m:[0m 📨 Received WebSocket message: {"jsonrpc":"2.0","method":"eth_subscription","params":{"subscription":"0xbed0a0851463e895960a451075a301a9","result":"0xb0082d82515e084c35ccbeaee95565650197d7d50614610979c382f29deec2c4"}}
[2m2025-12-10T10:19:13.076873Z[0m [34mDEBUG[0m [2methereum_transaction_pool_monitor::eth_client[0m[2m:[0m 📨 Received pending transaction: 0xb0082d82515e084c35ccbeaee95565650197d7d50614610979c382f29deec2c4
[2m2025-12-10T10:19:13.076877Z[0m [34mDEBUG[0m [2methereum_transaction_pool_monitor::eth_client[0m[2m:[0m 📨 Received WebSocket message: {"jsonrpc":"2.0","method":"eth_subscription","params":{"subscription":"0xbed0a0851463e895960a451075a301a9","result":"0x5797ba789a9af6688a08be1c4f97d35077d9fcceef30c5a1aa6859e7834b670b"}}
[2m2025-12-10T10:19:13.076881Z[0m [34mDEBUG[0m [2methereum_transaction_pool_monitor::eth_client[0m[2m:[0m 📨 Received pending transaction: 0x5797ba789a9af6688a08be1c4f97d35077d9fcceef30c5a1aa6859e7834b670b
[2m2025-12-10T10:19:13.076885Z[0m [34mDEBUG[0m [2methereum_transaction_pool_monitor::eth_client[0m[2m:[0m 📨 Received WebSocket message: {"jsonrpc":"2.0","method":"eth_subscription","params":{"subscription":"0xbed0a0851463e895960a451075a301a9","result":"0xa3bfe73205f4bbe334b027b026b3927ec4765b0d1a5194c0e19cdbaf0172cbbb"}}
[2m2025-12-10T10:19:13.076889Z[0m [34mDEBUG[0m [2methereum_transaction_pool_monitor::eth_client[0m[2m:[0m 📨 Received pending transaction: 0xa3bfe73205f4bbe334b027b026b3927ec4765b0d1a5194c0e19cdbaf0172cbbb
[2m2025-12-10T10:19:13.076893Z[0m [34mDEBUG[0m [2methereum_transaction_pool_monitor::eth_client[0m[2m:[0m 📨 Received WebSocket message: {"jsonrpc":"2.0","method":"eth_subscription","params":{"subscription":"0xbed0a0851463e895960a451075a301a9","result":"0x2c8947a30e991ae684aa1ccbc72717580e5282d61551d78955c66b3764625daf"}}
[2m2025-12-10T10:19:13.076897Z[0m [34mDEBUG[0m [2methereum_transaction_pool_monitor::eth_client[0m[2m:[0m 📨 Received pending transaction: 0x2c8947a30e991ae684aa1ccbc72717580e5282d61551d78955c66b3764625daf
[2m2025-12-10T10:19:13.076901Z[0m [34mDEBUG[0m [2methereum_transaction_pool_monitor::eth_client[0m[2m:[0m 📨 Received WebSocket message: {"jsonrpc":"2.0","method":"eth_subscription","params":{"subscription":"0xbed0a0851463e895960a451075a301a9","result":"0xf31c956deddcfb25cfd8e9c24b450b4d720f810d1c7cf650a7827a98ad3efdcb"}}
[2m2025-12-10T10:19:13.076905Z[0m [34mDEBUG[0m [2methereum_transaction_pool_monitor::eth_client[0m[2m:[0m 📨 Received pending transaction: 0xf31c956deddcfb25cfd8e9c24b450b4d720f810d1c7cf650a7827a98ad3efdcb
[2m2025-12-10T10:19:13.076909Z[0m [34mDEBUG[0m [2methereum_transaction_pool_monitor::eth_client[0m[2m:[0m 📨 Received WebSocket message: {"jsonrpc":"2.0","method":"eth_subscription","params":{"subscription":"0xbed0a0851463e895960a451075a301a9","result":"0xe224adcc58ece7c9947ee78d2970ac14b2d57cd22adcdac4629de0db56596bd1"}}
[2m2025-12-10T10:19:13.076913Z[0m [34mDEBUG[0m [2methereum_transaction_pool_monitor::eth_client[0m[2m:[0m 📨 Received pending transaction: 0xe224adcc58ece7c9947ee78d2970ac14b2d57cd22adcdac4629de0db56596bd1
[2m2025-12-10T10:19:13.076916Z[0m [34mDEBUG[0m [2methereum_transaction_pool_monitor::eth_client[0m[2m:[0m 📨 Received WebSocket message: {"jsonrpc":"2.0","method":"eth_subscription","params":{"subscription":"0xbed0a0851463e895960a451075a301a9","result":"0xf44cf1c9ecc87914e3dd7a93b53bfa338e6d6c553e7b2080d79503a40f4e2ab5"}}
[2m2025-12-10T10:19:13.076920Z[0m [34mDEBUG[0m [2methereum_transaction_pool_monitor::eth_client[0m[2m:[0m 📨 Received pending transaction: 0xf44cf1c9ecc87914e3dd7a93b53bfa338e6d6c553e7b2080d79503a40f4e2ab5
[2m2025-12-10T10:19:13.076924Z[0m [34mDEBUG[0m [2methereum_transaction_pool_monitor::eth_client[0m[2m:[0m 📨 Received WebSocket message: {"jsonrpc":"2.0","method":"eth_subscription","params":{"subscription":"0xbed0a0851463e895960a451075a301a9","result":"0x01fd2f2b216f6b32124e51ace804b9bae981173cb738b7416ce7b01174c4ce5b"}}
[2m2025-12-10T10:19:13.076933Z[0m [34mDEBUG[0m [2methereum_transaction_pool_monitor::eth_client[0m[2m:[0m 📨 Received pending transaction: 0x01fd2f2b216f6b32124e51ace804b9bae981173cb738b7416ce7b01174c4ce5b
[2m2025-12-10T10:19:13.076940Z[0m [34mDEBUG[0m [2methereum_transaction_pool_monitor::eth_client[0m[2m:[0m 📨 Received WebSocket message: {"jsonrpc":"2.0","method":"eth_subscription","params":{"subscription":"0xbed0a0851463e895960a451075a301a9","result":"0x9327a95854fba5702f48b4628573ab504e003ff7b731b21b90641c60ee1ecb50"}}
[2m2025-12-10T10:19:13.076944Z[0m [34mDEBUG[0m [2methereum_transaction_pool_monitor::eth_client[0m[2m:[0m 📨 Received pending transaction: 0x9327a95854fba5702f48b4628573ab504e003ff7b731b21b90641c60ee1ecb50
[2m2025-12-10T10:19:13.076948Z[0m [34mDEBUG[0m [2methereum_transaction_pool_monitor::eth_client[0m[2m:[0m 📨 Received WebSocket message: {"jsonrpc":"2.0","method":"eth_subscription","params":{"subscription":"0xbed0a0851463e895960a451075a301a9","result":"0xb8ed9bea3a57877a467c9dcea9c19e3cd9f67aa71bbd92f776efe15701d10efa"}}
[2m2025-12-10T10:19:13.076953Z[0m [34mDEBUG[0m [2methereum_transaction_pool_monitor::eth_client[0m[2m:[0m 📨 Received pending transaction: 0xb8ed9bea3a57877a467c9dcea9c19e3cd9f67aa71bbd92f776efe15701d10efa
[2m2025-12-10T10:19:13.076957Z[0m [34mDEBUG[0m [2methereum_transaction_pool_monitor::eth_client[0m[2m:[0m 📨 Received WebSocket message: {"jsonrpc":"2.0","method":"eth_subscription","params":{"subscription":"0xbed0a0851463e895960a451075a301a9","result":"0xc2784ab561842241687e1105979cd90575c0499e7108a7d05800550667c88080"}}
[2m2025-12-10T10:19:13.076961Z[0m [34mDEBUG[0m [2methereum_transaction_pool_monitor::eth_client[0m[2m:[0m 📨 Received pending transaction: 0xc2784ab561842241687e1105979cd90575c0499e7108a7d05800550667c88080
[2m2025-12-10T10:19:13.076966Z[0m [34mDEBUG[0m [2methereum_transaction_pool_monitor::eth_client[0m[2m:[0m 📨 Received WebSocket message: {"jsonrpc":"2.0","method":"eth_subscription","params":{"subscription":"0xbed0a0851463e895960a451075a301a9","result":"0xd5aeddffa44b28795e3acf360127c6a884fca144273c19254cf3261ef95e9277"}}
[2m2025-12-10T10:19:13.076982Z[0m [34mDEBUG[0m [2methereum_transaction_pool_monitor::eth_client[0m[2m:[0m 📨 Received pending transaction: 0xd5aeddffa44b28795e3acf360127c6a884fca144273c19254cf3261ef95e9277
[2m2025-12-10T10:19:13.076987Z[0m [34mDEBUG[0m [2methereum_transaction_pool_monitor::eth_client[0m[2m:[0m 📨 Received WebSocket message: {"jsonrpc":"2.0","method":"eth_subscription","params":{"subscription":"0xbed0a0851463e895960a451075a301a9","result":"0x6566c41299bf7045fa1c2b7d106c287afce542dceb9daf8c86f9dc4fee1f7c52"}}
[2m2025-12-10T10:19:13.076992Z[0m [34mDEBUG[0m [2methereum_transaction_pool_monitor::eth_client[0m[2m:[0m 📨 Received pending transaction: 0x6566c41299bf7045fa1c2b7d106c287afce542dceb9daf8c86f9dc4fee1f7c52
[2m2025-12-10T10:19:13.076995Z[0m [34mDEBUG[0m [2methereum_transaction_pool_monitor::eth_client[0m[2m:[0m 📨 Received WebSocket message: {"jsonrpc":"2.0","method":"eth_subscription","params":{"subscription":"0xbed0a0851463e895960a451075a301a9","result":"0x9603868bd2a8abf2da56ff29fa56204fc24e08c4571b8f187450fda4235246d3"}}
[2m2025-12-10T10:19:13.077000Z[0m [34mDEBUG[0m [2methereum_transaction_pool_monitor::eth_client[0m[2m:[0m 📨 Received pending transaction: 0x9603868bd2a8abf2da56ff29fa56204fc24e08c4571b8f187450fda4235246d3
[2m2025-12-10T10:19:13.077011Z[0m [34mDEBUG[0m [2methereum_transaction_pool_monitor::eth_client[0m[2m:[0m 📨 Received WebSocket message: {"jsonrpc":"2.0","method":"eth_subscription","params":{"subscription":"0xbed0a0851463e895960a451075a301a9","result":"0x07542aef52cfc2ff5935766b0b7b5a2830e8e0682e48253b5b6ddb589ae0281e"}}
[2m2025-12-10T10:19:13.077017Z[0m [34mDEBUG[0m [2methereum_transaction_pool_monitor::eth_client[0m[2m:[0m 📨 Received pending transaction: 0x07542aef52cfc2ff5935766b0b7b5a2830e8e0682e48253b5b6ddb589ae0281e
[2m2025-12-10T10:19:13.077021Z[0m [34mDEBUG[0m [2methereum_transaction_pool_monitor::eth_client[0m[2m:[0m 📨 Received WebSocket message: {"jsonrpc":"2.0","method":"eth_subscription","params":{"subscription":"0xbed0a0851463e895960a451075a301a9","result":"0x1ab42c0b81f939673bbd5d0ad84578b999ed2800fe14d5b00b411a5c09dcb90d"}}
[2m2025-12-10T10:19:13.077025Z[0m [34mDEBUG[0m [2methereum_transaction_pool_monitor::eth_client[0m[2m:[0m 📨 Received pending transaction: 0x1ab42c0b81f939673bbd5d0ad84578b999ed2800fe14d5b00b411a5c09dcb90d
[2m2025-12-10T10:19:13.077029Z[0m [34mDEBUG[0m [2methereum_transaction_pool_monitor::eth_client[0m[2m:[0m 📨 Received WebSocket message: {"jsonrpc":"2.0","method":"eth_subscription","params":{"subscription":"0xbed0a0851463e895960a451075a301a9","result":"0x6dd7f5e0315c0f8beec8aaae82f196468a2fcea559a6632b77debcd2cc8cba15"}}
[2m2025-12-10T10:19:13.077033Z[0m [34mDEBUG[0m [2methereum_transaction_pool_monitor::eth_client[0m[2m:[0m 📨 Received pending transaction: 0x6dd7f5e0315c0f8beec8aaae82f196468a2fcea559a6632b77debcd2cc8cba15
[2m2025-12-10T10:19:13.077044Z[0m [34mDEBUG[0m [2methereum_transaction_pool_monitor::eth_client[0m[2m:[0m 📨 Received WebSocket message: {"jsonrpc":"2.0","method":"eth_subscription","params":{"subscription":"0xbed0a0851463e895960a451075a301a9","result":"0xd848713c8163b5d143f1a02ad657aa39593971e5e2a60d80d43bcb6a40500372"}}
[2m2025-12-10T10:19:13.077050Z[0m [34mDEBUG[0m [2methereum_transaction_pool_monitor::eth_client[0m[2m:[0m 📨 Received pending transaction: 0xd848713c8163b5d143f1a02ad657aa39593971e5e2a60d80d43bcb6a40500372
[2m2025-12-10T10:19:13.077081Z[0m [34mDEBUG[0m [2methereum_transaction_pool_monitor::eth_client[0m[2m:[0m 📨 Received WebSocket message: {"jsonrpc":"2.0","method":"eth_subscription","params":{"subscription":"0xbed0a0851463e895960a451075a301a9","result":"0x322c16a2727863f89cec1163675a569f92c17d24190eec8a2e56fd236b0eeb36"}}
[2m2025-12-10T10:19:13.077087Z[0m [34mDEBUG[0m [2methereum_transaction_pool_monitor::eth_client[0m[2m:[0m 📨 Received pending transaction: 0x322c16a2727863f89cec1163675a569f92c17d24190eec8a2e56fd236b0eeb36
[2m2025-12-10T10:19:13.077091Z[0m [34mDEBUG[0m [2methereum_transaction_pool_monitor::eth_client[0m[2m:[0m 📨 Received WebSocket message: {"jsonrpc":"2.0","method":"eth_subscription","params":{"subscription":"0xbed0a0851463e895960a451075a301a9","result":"0xbbf45e9730260f5370ad98a18d9457a1a6b9e15d5384a3415b003d94abc84c82"}}
[2m2025-12-10T10:19:13.077096Z[0m [34mDEBUG[0m [2methereum_transaction_pool_monitor::eth_client[0m[2m:[0m 📨 Received pending transaction: 0xbbf45e9730260f5370ad98a18d9457a1a6b9e15d5384a3415b003d94abc84c82
[2m2025-12-10T10:19:13.077100Z[0m [34mDEBUG[0m [2methereum_transaction_pool_monitor::eth_client[0m[2m:[0m 📨 Received WebSocket message: {"jsonrpc":"2.0","method":"eth_subscription","params":{"subscription":"0xbed0a0851463e895960a451075a301a9","result":"0x37762d0584a07a1acb72a6b20483527aa618e02b198e129042d7ab1005c66fce"}}
[2m2025-12-10T10:19:13.077104Z[0m [34mDEBUG[0m [2methereum_transaction_pool_monitor::eth_client[0m[2m:[0m 📨 Received pending transaction: 0x37762d0584a07a1acb72a6b20483527aa618e02b198e129042d7ab1005c66fce
[2m2025-12-10T10:19:13.077108Z[0m [34mDEBUG[0m [2methereum_transaction_pool_monitor::eth_client[0m[2m:[0m 📨 Received WebSocket message: {"jsonrpc":"2.0","method":"eth_subscription","params":{"subscription":"0xbed0a0851463e895960a451075a301a9","result":"0x351dd39776235fcfd8ce062e80448e25ab7913163014e080dbb92bb6cd200554"}}
[2m2025-12-10T10:19:13.077112Z[0m [34mDEBUG[0m [2methereum_transaction_pool_monitor::eth_client[0m[2m:[0m 📨 Received pending transaction: 0x351dd39776235fcfd8ce062e80448e25ab7913163014e080dbb92bb6cd200554
[2m2025-12-10T10:19:13.077116Z[0m [34mDEBUG[0m [2methereum_transaction_pool_monitor::eth_client[0m[2m:[0m 📨 Received WebSocket message: {"jsonrpc":"2.0","method":"eth_subscription","params":{"subscription":"0xbed0a0851463e895960a451075a301a9","result":"0x4f9e03d227a9a5f0121b6e700e1a9e8276c64a812752daf7519acf80a3a39107"}}
[2m2025-12-10T10:19:13.077120Z[0m [34mDEBUG[0m [2methereum_transaction_pool_monitor::eth_client[0m[2m:[0m 📨 Received pending transaction: 0x4f9e03d227a9a5f0121b6e700e1a9e8276c64a812752daf7519acf80a3a39107
[2m2025-12-10T10:19:13.077124Z[0m [34mDEBUG[0m [2methereum_transaction_pool_monitor::eth_client[0m[2m:[0m 📨 Received WebSocket message: {"jsonrpc":"2.0","method":"eth_subscription","params":{"subscription":"0xbed0a0851463e895960a451075a301a9","result":"0x035bf4315f6b76272dc99f0344253949cc08e9293f86244c9da59d3d16e9dede"}}
[2m2025-12-10T10:19:13.077128Z[0m [34mDEBUG[0m [2methereum_transaction_pool_monitor::eth_client[0m[2m:[0m 📨 Received pending transaction: 0x035bf4315f6b76272dc99f0344253949cc08e9293f86244c9da59d3d16e9dede
[2m2025-12-10T10:19:13.077132Z[0m [34mDEBUG[0m [2methereum_transaction_pool_monitor::eth_client[0m[2m:[0m 📨 Received WebSocket message: {"jsonrpc":"2.0","method":"eth_subscription","params":{"subscription":"0xbed0a0851463e895960a451075a301a9","result":"0x9671bb7da90f7c1e6265db8366ade9cbc85ce22d053aa43c64fa8a4e9bf31cf3"}}
[2m2025-12-10T10:19:13.077136Z[0m [34mDEBUG[0m [2methereum_transaction_pool_monitor::eth_client[0m[2m:[0m 📨 Received pending transaction: 0x9671bb7da90f7c1e6265db8366ade9cbc85ce22d053aa43c64fa8a4e9bf31cf3
[2m2025-12-10T10:19:13.077140Z[0m [34mDEBUG[0m [2methereum_transaction_pool_monitor::eth_client[0m[2m:[0m 📨 Received WebSocket message: {"jsonrpc":"2.0","method":"eth_subscription","params":{"subscription":"0xbed0a0851463e895960a451075a301a9","result":"0xdd269eabe3452e2222793a779d8d1e9341af1a165237f378e6408b31b2ab48cc"}}
[2m2025-12-10T10:19:13.077144Z[0m [34mDEBUG[0m [2methereum_transaction_pool_monitor::eth_client[0m[2m:[0m 📨 Received pending transaction: 0xdd269eabe3452e2222793a779d8d1e9341af1a165237f378e6408b31b2ab48cc
[2m2025-12-10T10:19:13.077148Z[0m [34mDEBUG[0m [2methereum_transaction_pool_monitor::eth_client[0m[2m:[0m 📨 Received WebSocket message: {"jsonrpc":"2.0","method":"eth_subscription","params":{"subscription":"0xbed0a0851463e895960a451075a301a9","result":"0x94215b44e68f10c93cb9bf0c58f400901fd0ba622b3759d3bd174f4bee23fb5d"}}
[2m2025-12-10T10:19:13.077152Z[0m [34mDEBUG[0m [2methereum_transaction_pool_monitor::eth_client[0m[2m:[0m 📨 Received pending transaction: 0x94215b44e68f10c93cb9bf0c58f400901fd0ba622b3759d3bd174f4bee23fb5d
[2m2025-12-10T10:19:13.077156Z[0m [34mDEBUG[0m [2methereum_transaction_pool_monitor::eth_client[0m[2m:[0m 📨 Received WebSocket message: {"jsonrpc":"2.0","method":"eth_subscription","params":{"subscription":"0xbed0a0851463e895960a451075a301a9","result":"0x9b26dd1df104832f7cbd2543c864264dd9464e97894c3ecbd92d6d94ff71c49f"}}
[2m2025-12-10T10:19:13.077160Z[0m [34mDEBUG[0m [2methereum_transaction_pool_monitor::eth_client[0m[2m:[0m 📨 Received pending transaction: 0x9b26dd1df104832f7cbd2543c864264dd9464e97894c3ecbd92d6d94ff71c49f
[2m2025-12-10T10:19:13.077163Z[0m [34mDEBUG[0m [2methereum_transaction_pool_monitor::eth_client[0m[2m:[0m 📨 Received WebSocket message: {"jsonrpc":"2.0","method":"eth_subscription","params":{"subscription":"0xbed0a0851463e895960a451075a301a9","result":"0x58e4ad18410929d13732ca720ea30662632c3166545073ac10d24231a6fc4f00"}}
[2m2025-12-10T10:19:13.077168Z[0m [34mDEBUG[0m [2methereum_transaction_pool_monitor::eth_client[0m[2m:[0m 📨 Received pending transaction: 0x58e4ad18410929d13732ca720ea30662632c3166545073ac10d24231a6fc4f00
[2m2025-12-10T10:19:13.077171Z[0m [34mDEBUG[0m [2methereum_transaction_pool_monitor::eth_client[0m[2m:[0m 📨 Received WebSocket message: {"jsonrpc":"2.0","method":"eth_subscription","params":{"subscription":"0xbed0a0851463e895960a451075a301a9","result":"0xeaa91f53a2ba7c848ffac35cbf1cc4928ffcd29b72c967083004dc7c98b4314c"}}
[2m2025-12-10T10:19:13.077176Z[0m [34mDEBUG[0m [2methereum_transaction_pool_monitor::eth_client[0m[2m:[0m 📨 Received pending transaction: 0xeaa91f53a2ba7c848ffac35cbf1cc4928ffcd29b72c967083004dc7c98b4314c
[2m2025-12-10T10:19:13.077179Z[0m [34mDEBUG[0m [2methereum_transaction_pool_monitor::eth_client[0m[2m:[0m 📨 Received WebSocket message: {"jsonrpc":"2.0","method":"eth_subscription","params":{"subscription":"0xbed0a0851463e895960a451075a301a9","result":"0x077d323cf0279f687871117273ae458ba002bd1a3ca6cb7373acfb8ad0e1dd23"}}
[2m2025-12-10T10:19:13.077183Z[0m [34mDEBUG[0m [2methereum_transaction_pool_monitor::eth_client[0m[2m:[0m 📨 Received pending transaction: 0x077d323cf0279f687871117273ae458ba002bd1a3ca6cb7373acfb8ad0e1dd23
[2m2025-12-10T10:19:13.077187Z[0m [34mDEBUG[0m [2methereum_transaction_pool_monitor::eth_client[0m[2m:[0m 📨 Received WebSocket message: {"jsonrpc":"2.0","method":"eth_subscription","params":{"subscription":"0xbed0a0851463e895960a451075a301a9","result":"0x8aab210fbf6caa94703e8a97e27e8763dcd38abf0e07103b7d59e053b35371b9"}}
[2m2025-12-10T10:19:13.077191Z[0m [34mDEBUG[0m [2methereum_transaction_pool_monitor::eth_client[0m[2m:[0m 📨 Received pending transaction: 0x8aab210fbf6caa94703e8a97e27e8763dcd38abf0e07103b7d59e053b35371b9
[2m2025-12-10T10:19:13.077197Z[0m [34mDEBUG[0m [2methereum_transaction_pool_monitor::eth_client[0m[2m:[0m 📨 Received WebSocket message: {"jsonrpc":"2.0","method":"eth_subscription","params":{"subscription":"0xbed0a0851463e895960a451075a301a9","result":"0x21cbb76eb44f8cff25f87c9f06d8cb27e4b45463c7c08c57d86fcf18cfac5930"}}
[2m2025-12-10T10:19:13.077202Z[0m [34mDEBUG[0m [2methereum_transaction_pool_monitor::eth_client[0m[2m:[0m 📨 Received pending transaction: 0x21cbb76eb44f8cff25f87c9f06d8cb27e4b45463c7c08c57d86fcf18cfac5930
[2m2025-12-10T10:19:13.077205Z[0m [34mDEBUG[0m [2methereum_transaction_pool_monitor::eth_client[0m[2m:[0m 📨 Received WebSocket message: {"jsonrpc":"2.0","method":"eth_subscription","params":{"subscription":"0xbed0a0851463e895960a451075a301a9","result":"0x74bedcc934bd07e46d2c661eb59a190d900364d126a0c5b7a443f24aa56f26e9"}}
[2m2025-12-10T10:19:13.077209Z[0m [34mDEBUG[0m [2methereum_transaction_pool_monitor::eth_client[0m[2m:[0m 📨 Received pending transaction: 0x74bedcc934bd07e46d2c661eb59a190d900364d126a0c5b7a443f24aa56f26e9
[2m2025-12-10T10:19:13.077213Z[0m [34mDEBUG[0m [2methereum_transaction_pool_monitor::eth_client[0m[2m:[0m 📨 Received WebSocket message: {"jsonrpc":"2.0","method":"eth_subscription","params":{"subscription":"0xbed0a0851463e895960a451075a301a9","result":"0x86db1b3a2b5388d6af30df4dace7639f2a53f9469a0a3b228694ea4d3e5c5f04"}}
[2m2025-12-10T10:19:13.077217Z[0m [34mDEBUG[0m [2methereum_transaction_pool_monitor::eth_client[0m[2m:[0m 📨 Received pending transaction: 0x86db1b3a2b5388d6af30df4dace7639f2a53f9469a0a3b228694ea4d3e5c5f04
[2m2025-12-10T10:19:13.077221Z[0m [34mDEBUG[0m [2methereum_transaction_pool_monitor::eth_client[0m[2m:[0m 📨 Received WebSocket message: {"jsonrpc":"2.0","method":"eth_subscription","params":{"subscription":"0xbed0a0851463e895960a451075a301a9","result":"0x8e73bca005f85397b77eeb41c9a8efd225e9be9a14568b118ca69bb8c17d149b"}}
[2m2025-12-10T10:19:13.077225Z[0m [34mDEBUG[0m [2methereum_transaction_pool_monitor::eth_client[0m[2m:[0m 📨 Received pending transaction: 0x8e73bca005f85397b77eeb41c9a8efd225e9be9a14568b118ca69bb8c17d149b
[2m2025-12-10T10:19:13.077229Z[0m [34mDEBUG[0m [2methereum_transaction_pool_monitor::eth_client[0m[2m:[0m 📨 Received WebSocket message: {"jsonrpc":"2.0","method":"eth_subscription","params":{"subscription":"0xbed0a0851463e895960a451075a301a9","result":"0xef492a34d052faa49aaad5344dbcc0c02556744eca53e6d04749be361d0096fb"}}
[2m2025-12-10T10:19:13.077233Z[0m [34mDEBUG[0m [2methereum_transaction_pool_monitor::eth_client[0m[2m:[0m 📨 Received pending transaction: 0xef492a34d052faa49aaad5344dbcc0c02556744eca53e6d04749be361d0096fb
[2m2025-12-10T10:19:13.077237Z[0m [34mDEBUG[0m [2methereum_transaction_pool_monitor::eth_client[0m[2m:[0m 📨 Received WebSocket message: {"jsonrpc":"2.0","method":"eth_subscription","params":{"subscription":"0xbed0a0851463e895960a451075a301a9","result":"0xd23f0475bd7e8bc2d5f62bc66149f40e92eea366a3bb223f540c0137c2fdbff5"}}
[2m2025-12-10T10:19:13.077241Z[0m [34mDEBUG[0m [2methereum_transaction_pool_monitor::eth_client[0m[2m:[0m 📨 Received pending transaction: 0xd23f0475bd7e8bc2d5f62bc66149f40e92eea366a3bb223f540c0137c2fdbff5
[2m2025-12-10T10:19:13.077245Z[0m [34mDEBUG[0m [2methereum_transaction_pool_monitor::eth_client[0m[2m:[0m 📨 Received WebSocket message: {"jsonrpc":"2.0","method":"eth_subscription","params":{"subscription":"0xbed0a0851463e895960a451075a301a9","result":"0xaeb3de1b8e85416fbb2cec766e1f538572d88df7e40b661de63b8ea8c0378b1e"}}
[2m2025-12-10T10:19:13.077259Z[0m [34mDEBUG[0m [2methereum_transaction_pool_monitor::eth_client[0m[2m:[0m 📨 Received pending transaction: 0xaeb3de1b8e85416fbb2cec766e1f538572d88df7e40b661de63b8ea8c0378b1e
[2m2025-12-10T10:19:13.077263Z[0m [34mDEBUG[0m [2methereum_transaction_pool_monitor::eth_client[0m[2m:[0m 📨 Received WebSocket message: {"jsonrpc":"2.0","method":"eth_subscription","params":{"subscription":"0xbed0a0851463e895960a451075a301a9","result":"0xc3e6a9b19a9312c8949022761b4a8bcd63871acae84a0a2a1c7f92bc48e52254"}}
[2m2025-12-10T10:19:13.077267Z[0m [34mDEBUG[0m [2methereum_transaction_pool_monitor::eth_client[0m[2m:[0m 📨 Received pending transaction: 0xc3e6a9b19a9312c8949022761b4a8bcd63871acae84a0a2a1c7f92bc48e52254
[2m2025-12-10T10:19:13.077271Z[0m [34mDEBUG[0m [2methereum_transaction_pool_monitor::eth_client[0m[2m:[0m 📨 Received WebSocket message: {"jsonrpc":"2.0","method":"eth_subscription","params":{"subscription":"0xbed0a0851463e895960a451075a301a9","result":"0x7f0d9071cff50b33a102b9e259d02201fa0180de8ab34fb88632771d5f0e7547"}}
[2m2025-12-10T10:19:13.077275Z[0m [34mDEBUG[0m [2methereum_transaction_pool_monitor::eth_client[0m[2m:[0m 📨 Received pending transaction: 0x7f0d9071cff50b33a102b9e259d02201fa0180de8ab34fb88632771d5f0e7547
[2m2025-12-10T10:19:13.077279Z[0m [34mDEBUG[0m [2methereum_transaction_pool_monitor::eth_client[0m[2m:[0m 📨 Received WebSocket message: {"jsonrpc":"2.0","method":"eth_subscription","params":{"subscription":"0xbed0a0851463e895960a451075a301a9","result":"0xe4baeb702da09678655dda0039e8dbb1afb32f7097b34a009983d581929804b0"}}
[2m2025-12-10T10:19:13.077283Z[0m [34mDEBUG[0m [2methereum_transaction_pool_monitor::eth_client[0m[2m:[0m 📨 Received pending transaction: 0xe4baeb702da09678655dda0039e8dbb1afb32f7097b34a009983d581929804b0
[2m2025-12-10T10:19:13.077287Z[0m [34mDEBUG[0m [2methereum_transaction_pool_monitor::eth_client[0m[2m:[0m 📨 Received WebSocket message: {"jsonrpc":"2.0","method":"eth_subscription","params":{"subscription":"0xbed0a0851463e895960a451075a301a9","result":"0xbef75e805d8a1bb1a33712a185f4cce7fa51e2128df4d92c40fe36c650e91eb5"}}
[2m2025-12-10T10:19:13.077291Z[0m [34mDEBUG[0m [2methereum_transaction_pool_monitor::eth_client[0m[2m:[0m 📨 Received pending transaction: 0xbef75e805d8a1bb1a33712a185f4cce7fa51e2128df4d92c40fe36c650e91eb5
[2m2025-12-10T10:19:13.077295Z[0m [34mDEBUG[0m [2methereum_transaction_pool_monitor::eth_client[0m[2m:[0m 📨 Received WebSocket message: {"jsonrpc":"2.0","method":"eth_subscription","params":{"subscription":"0xbed0a0851463e895960a451075a301a9","result":"0xce0ea06414172a8a2326bd8d37dfb41fd7d698afed6bc7fd51762cefb32b81d7"}}
[2m2025-12-10T10:19:13.077299Z[0m [34mDEBUG[0m [2methereum_transaction_pool_monitor::eth_client[0m[2m:[0m 📨 Received pending transaction: 0xce0ea06414172a8a2326bd8d37dfb41fd7d698afed6bc7fd51762cefb32b81d7
[2m2025-12-10T10:19:13.077303Z[0m [34mDEBUG[0m [2methereum_transaction_pool_monitor::eth_client[0m[2m:[0m 📨 Received WebSocket message: {"jsonrpc":"2.0","method":"eth_subscription","params":{"subscription":"0xbed0a0851463e895960a451075a301a9","result":"0xdcb8d6fa06009160f3ea4b42c9de1425ecf065e2791c34a4787979b68c2a99c3"}}
[2m2025-12-10T10:19:13.077307Z[0m [34mDEBUG[0m [2methereum_transaction_pool_monitor::eth_client[0m[2m:[0m 📨 Received pending transaction: 0xdcb8d6fa06009160f3ea4b42c9de1425ecf065e2791c34a4787979b68c2a99c3
[2m2025-12-10T10:19:13.077311Z[0m [34mDEBUG[0m [2methereum_transaction_pool_monitor::eth_client[0m[2m:[0m 📨 Received WebSocket message: {"jsonrpc":"2.0","method":"eth_subscription","params":{"subscription":"0xbed0a0851463e895960a451075a301a9","result":"0xe514404a90750dcb9647306a281b5f0da3949999cdbf9b853b77816de59caf4b"}}
[2m2025-12-10T10:19:13.077316Z[0m [34mDEBUG[0m [2methereum_transaction_pool_monitor::eth_client[0m[2m:[0m 📨 Received pending transaction: 0xe514404a90750dcb9647306a281b5f0da3949999cdbf9b853b77816de59caf4b
[2m2025-12-10T10:19:13.077319Z[0m [34mDEBUG[0m [2methereum_transaction_pool_monitor::eth_client[0m[2m:[0m 📨 Received WebSocket message: {"jsonrpc":"2.0","method":"eth_subscription","params":{"subscription":"0xbed0a0851463e895960a451075a301a9","result":"0xa0b2da02bb37fb03575add5070b492c8337008b188a8b447a1266a299a31a13c"}}
[2m2025-12-10T10:19:13.077324Z[0m [34mDEBUG[0m [2methereum_transaction_pool_monitor::eth_client[0m[2m:[0m 📨 Received pending transaction: 0xa0b2da02bb37fb03575add5070b492c8337008b188a8b447a1266a299a31a13c
[2m2025-12-10T10:19:13.077328Z[0m [34mDEBUG[0m [2methereum_transaction_pool_monitor::eth_client[0m[2m:[0m 📨 Received WebSocket message: {"jsonrpc":"2.0","method":"eth_subscription","params":{"subscription":"0xbed0a0851463e895960a451075a301a9","result":"0x9ec6d341ec533cd2341120204cc59c91d2cb14dfab07bea8dda9aa12b53137c9"}}
[2m2025-12-10T10:19:13.077354Z[0m [34mDEBUG[0m [2methereum_transaction_pool_monitor::eth_client[0m[2m:[0m 📨 Received pending transaction: 0x9ec6d341ec533cd2341120204cc59c91d2cb14dfab07bea8dda9aa12b53137c9
[2m2025-12-10T10:19:13.077360Z[0m [34mDEBUG[0m [2methereum_transaction_pool_monitor::eth_client[0m[2m:[0m 📨 Received WebSocket message: {"jsonrpc":"2.0","method":"eth_subscription","params":{"subscription":"0xbed0a0851463e895960a451075a301a9","result":"0xd60f983809382a15ad87e4a315ef243b44563a2703ea2c24a76a0d464d2e67ca"}}
[2m2025-12-10T10:19:13.077365Z[0m [34mDEBUG[0m [2methereum_transaction_pool_monitor::eth_client[0m[2m:[0m 📨 Received pending transaction: 0xd60f983809382a15ad87e4a315ef243b44563a2703ea2c24a76a0d464d2e67ca
[2m2025-12-10T10:19:13.077368Z[0m [34mDEBUG[0m [2methereum_transaction_pool_monitor::eth_client[0m[2m:[0m 📨 Received WebSocket message: {"jsonrpc":"2.0","method":"eth_subscription","params":{"subscription":"0xbed0a0851463e895960a451075a301a9","result":"0xd37a8ffa6f641ec35ef27d9f57a69a3ac02ef0c93a9b48b9364c45b3a4d8fdb2"}}
[2m2025-12-10T10:19:13.077373Z[0m [34mDEBUG[0m [2methereum_transaction_pool_monitor::eth_client[0m[2m:[0m 📨 Received pending transaction: 0xd37a8ffa6f641ec35ef27d9f57a69a3ac02ef0c93a9b48b9364c45b3a4d8fdb2
[2m2025-12-10T10:19:13.077377Z[0m [34mDEBUG[0m [2methereum_transaction_pool_monitor::eth_client[0m[2m:[0m 📨 Received WebSocket message: {"jsonrpc":"2.0","method":"eth_subscription","params":{"subscription":"0xbed0a0851463e895960a451075a301a9","result":"0x5183e689bb21837dab2a977bdd67e6ca73c39fd7072c0c662e6f309532360ec2"}}
[2m2025-12-10T10:19:13.077381Z[0m [34mDEBUG[0m [2methereum_transaction_pool_monitor::eth_client[0m[2m:[0m 📨 Received pending transaction: 0x5183e689bb21837dab2a977bdd67e6ca73c39fd7072c0c662e6f309532360ec2
[2m2025-12-10T10:19:13.077385Z[0m [34mDEBUG[0m [2methereum_transaction_pool_monitor::eth_client[0m[2m:[0m 📨 Received WebSocket message: {"jsonrpc":"2.0","method":"eth_subscription","params":{"subscription":"0xbed0a0851463e895960a451075a301a9","result":"0xf91e1cb915fa104b1c2a38d60af096240a3693e0975333f93977551fb5396a46"}}
[2m2025-12-10T10:19:13.077390Z[0m [34mDEBUG[0m [2methereum_transaction_pool_monitor::eth_client[0m[2m:[0m 📨 Received pending transaction: 0xf91e1cb915fa104b1c2a38d60af096240a3693e0975333f93977551fb5396a46
[2m2025-12-10T10:19:13.077394Z[0m [34mDEBUG[0m [2methereum_transaction_pool_monitor::eth_client[0m[2m:[0m 📨 Received WebSocket message: {"jsonrpc":"2.0","method":"eth_subscription","params":{"subscription":"0xbed0a0851463e895960a451075a301a9","result":"0xb85a8f97de954a7ce7c2cb52009e6562d48cabb8489e6bcb49a1428e0e9b0869"}}
[2m2025-12-10T10:19:13.077398Z[0m [34mDEBUG[0m [2methereum_transaction_pool_monitor::eth_client[0m[2m:[0m 📨 Received pending transaction: 0xb85a8f97de954a7ce7c2cb52009e6562d48cabb8489e6bcb49a1428e0e9b0869
[2m2025-12-10T10:19:13.077402Z[0m [34mDEBUG[0m [2methereum_transaction_pool_monitor::eth_client[0m[2m:[0m 📨 Received WebSocket message: {"jsonrpc":"2.0","method":"eth_subscription","params":{"subscription":"0xbed0a0851463e895960a451075a301a9","result":"0x2ac98aac27571443f47e6ec390c2eea63c12880f8e09e059feb3c7a2a54b8951"}}
[2m2025-12-10T10:19:13.077406Z[0m [34mDEBUG[0m [2methereum_transaction_pool_monitor::eth_client[0m[2m:[0m 📨 Received pending transaction: 0x2ac98aac27571443f47e6ec390c2eea63c12880f8e09e059feb3c7a2a54b8951
[2m2025-12-10T10:19:13.077411Z[0m [34mDEBUG[0m [2methereum_transaction_pool_monitor::eth_client[0m[2m:[0m 📨 Received WebSocket message: {"jsonrpc":"2.0","method":"eth_subscription","params":{"subscription":"0xbed0a0851463e895960a451075a301a9","result":"0xd1cad5e53c0bf39d984cbb4adeffb68b2bd002c702a8c4f1714aa0b34267076c"}}
[2m2025-12-10T10:19:13.077415Z[0m [34mDEBUG[0m [2methereum_transaction_pool_monitor::eth_client[0m[2m:[0m 📨 Received pending transaction: 0xd1cad5e53c0bf39d984cbb4adeffb68b2bd002c702a8c4f1714aa0b34267076c
[2m2025-12-10T10:19:13.077419Z[0m [34mDEBUG[0m [2methereum_transaction_pool_monitor::eth_client[0m[2m:[0m 📨 Received WebSocket message: {"jsonrpc":"2.0","method":"eth_subscription","params":{"subscription":"0xbed0a0851463e895960a451075a301a9","result":"0x1307c10349337a61c7b62820c3c86217f22d93c227aa04db94a3b2013ffdcaa5"}}
[2m2025-12-10T10:19:13.077424Z[0m [34mDEBUG[0m [2methereum_transaction_pool_monitor::eth_client[0m[2m:[0m 📨 Received pending transaction: 0x1307c10349337a61c7b62820c3c86217f22d93c227aa04db94a3b2013ffdcaa5
[2m2025-12-10T10:19:13.077427Z[0m [34mDEBUG[0m [2methereum_transaction_pool_monitor::eth_client[0m[2m:[0m 📨 Received WebSocket message: {"jsonrpc":"2.0","method":"eth_subscription","params":{"subscription":"0xbed0a0851463e895960a451075a301a9","result":"0xe4c51c9522150ebfdebe234c91561b13fd6ac98019c2eb34364431df554f53b3"}}
[2m2025-12-10T10:19:13.077431Z[0m [34mDEBUG[0m [2methereum_transaction_pool_monitor::eth_client[0m[2m:[0m 📨 Received pending transaction: 0xe4c51c9522150ebfdebe234c91561b13fd6ac98019c2eb34364431df554f53b3
[2m2025-12-10T10:19:13.077435Z[0m [34mDEBUG[0m [2methereum_transaction_pool_monitor::eth_client[0m[2m:[0m 📨 Received WebSocket message: {"jsonrpc":"2.0","method":"eth_subscription","params":{"subscription":"0xbed0a0851463e895960a451075a301a9","result":"0xe78a51eb1e693945e413825046d4fd93c133d02626dcf5eee3f2be1ef3b13e45"}}
[2m2025-12-10T10:19:13.077440Z[0m [34mDEBUG[0m [2methereum_transaction_pool_monitor::eth_client[0m[2m:[0m 📨 Received pending transaction: 0xe78a51eb1e693945e413825046d4fd93c133d02626dcf5eee3f2be1ef3b13e45
[2m2025-12-10T10:19:13.077444Z[0m [34mDEBUG[0m [2methereum_transaction_pool_monitor::eth_client[0m[2m:[0m 📨 Received WebSocket message: {"jsonrpc":"2.0","method":"eth_subscription","params":{"subscription":"0xbed0a0851463e895960a451075a301a9","result":"0x0d8cee313c6453f0cd18180b0211af19ce3578a02775af938a3c78de56aeb147"}}
[2m2025-12-10T10:19:13.077448Z[0m [34mDEBUG[0m [2methereum_transaction_pool_monitor::eth_client[0m[2m:[0m 📨 Received pending transaction: 0x0d8cee313c6453f0cd18180b0211af19ce3578a02775af938a3c78de56aeb147
[2m2025-12-10T10:19:13.077452Z[0m [34mDEBUG[0m [2methereum_transaction_pool_monitor::eth_client[0m[2m:[0m 📨 Received WebSocket message: {"jsonrpc":"2.0","method":"eth_subscription","params":{"subscription":"0xbed0a0851463e895960a451075a301a9","result":"0xf68a12242d2b4011a5af3161f2ff4a94e84ae3af1ab9e865faea421dfb57392f"}}
[2m2025-12-10T10:19:13.077456Z[0m [34mDEBUG[0m [2methereum_transaction_pool_monitor::eth_client[0m[2m:[0m 📨 Received pending transaction: 0xf68a12242d2b4011a5af3161f2ff4a94e84ae3af1ab9e865faea421dfb57392f
[2m2025-12-10T10:19:13.077460Z[0m [34mDEBUG[0m [2methereum_transaction_pool_monitor::eth_client[0m[2m:[0m 📨 Received WebSocket message: {"jsonrpc":"2.0","method":"eth_subscription","params":{"subscription":"0xbed0a0851463e895960a451075a301a9","result":"0x23f75f526aadfa11f2c431d22f882bec465e5d5e43e00b4314b576a4b12b3d06"}}
[2m2025-12-10T10:19:13.077464Z[0m [34mDEBUG[0m [2methereum_transaction_pool_monitor::eth_client[0m[2m:[0m 📨 Received pending transaction: 0x23f75f526aadfa11f2c431d22f882bec465e5d5e43e00b4314b576a4b12b3d06
[2m2025-12-10T10:19:13.077468Z[0m [34mDEBUG[0m [2methereum_transaction_pool_monitor::eth_client[0m[2m:[0m 📨 Received WebSocket message: {"jsonrpc":"2.0","method":"eth_subscription","params":{"subscription":"0xbed0a0851463e895960a451075a301a9","result":"0xd299e026b824f9321de855b83d22ee8bb21773b91b5afdd09fa839e0d126e35a"}}
[2m2025-12-10T10:19:13.077472Z[0m [34mDEBUG[0m [2methereum_transaction_pool_monitor::eth_client[0m[2m:[0m 📨 Received pending transaction: 0xd299e026b824f9321de855b83d22ee8bb21773b91b5afdd09fa839e0d126e35a
[2m2025-12-10T10:19:13.077476Z[0m [34mDEBUG[0m [2methereum_transaction_pool_monitor::eth_client[0m[2m:[0m 📨 Received WebSocket message: {"jsonrpc":"2.0","method":"eth_subscription","params":{"subscription":"0xbed0a0851463e895960a451075a301a9","result":"0xaa90c57bcdf4f9ff9e9d9e7c39825881a238fc32a82672a2a9965052ec794465"}}
[2m2025-12-10T10:19:13.077481Z[0m [34mDEBUG[0m [2methereum_transaction_pool_monitor::eth_client[0m[2m:[0m 📨 Received pending transaction: 0xaa90c57bcdf4f9ff9e9d9e7c39825881a238fc32a82672a2a9965052ec794465
[2m2025-12-10T10:19:13.077484Z[0m [34mDEBUG[0m [2methereum_transaction_pool_monitor::eth_client[0m[2m:[0m 📨 Received WebSocket message: {"jsonrpc":"2.0","method":"eth_subscription","params":{"subscription":"0xbed0a0851463e895960a451075a301a9","result":"0x154922c901c86dcee9bed373bf4b6600ff07e3049e8b8eafc854708cb70c7b68"}}
[2m2025-12-10T10:19:13.077489Z[0m [34mDEBUG[0m [2methereum_transaction_pool_monitor::eth_client[0m[2m:[0m 📨 Received pending transaction: 0x154922c901c86dcee9bed373bf4b6600ff07e3049e8b8eafc854708cb70c7b68
[2m2025-12-10T10:19:13.077493Z[0m [34mDEBUG[0m [2methereum_transaction_pool_monitor::eth_client[0m[2m:[0m 📨 Received WebSocket message: {"jsonrpc":"2.0","method":"eth_subscription","params":{"subscription":"0xbed0a0851463e895960a451075a301a9","result":"0xc93323ad0d67de89a0a4f0e693f6ed934131e3de8e2aefb72441fde214444c88"}}
[2m2025-12-10T10:19:13.077497Z[0m [34mDEBUG[0m [2methereum_transaction_pool_monitor::eth_client[0m[2m:[0m 📨 Received pending transaction: 0xc93323ad0d67de89a0a4f0e693f6ed934131e3de8e2aefb72441fde214444c88
[2m2025-12-10T10:19:13.077501Z[0m [34mDEBUG[0m [2methereum_transaction_pool_monitor::eth_client[0m[2m:[0m 📨 Received WebSocket message: {"jsonrpc":"2.0","method":"eth_subscription","params":{"subscription":"0xbed0a0851463e895960a451075a301a9","result":"0x9cab3d6d894eeb8c5c9503f2cdb5ea720e45785a7422bdd8c817118eeb72a398"}}
[2m2025-12-10T10:19:13.077505Z[0m [34mDEBUG[0m [2methereum_transaction_pool_monitor::eth_client[0m[2m:[0m 📨 Received pending transaction: 0x9cab3d6d894eeb8c5c9503f2cdb5ea720e45785a7422bdd8c817118eeb72a398
[2m2025-12-10T10:19:13.077509Z[0m [34mDEBUG[0m [2methereum_transaction_pool_monitor::eth_client[0m[2m:[0m 📨 Received WebSocket message: {"jsonrpc":"2.0","method":"eth_subscription","params":{"subscription":"0xbed0a0851463e895960a451075a301a9","result":"0x4baa86c3849f9cbd1656a2a5c3f7244e0434f2a7201b3b2cafde34a9b905dae3"}}
[2m2025-12-10T10:19:13.077513Z[0m [34mDEBUG[0m [2methereum_transaction_pool_monitor::eth_client[0m[2m:[0m 📨 Received pending transaction: 0x4baa86c3849f9cbd1656a2a5c3f7244e0434f2a7201b3b2cafde34a9b905dae3
[2m2025-12-10T10:19:13.077517Z[0m [34mDEBUG[0m [2methereum_transaction_pool_monitor::eth_client[0m[2m:[0m 📨 Received WebSocket message: {"jsonrpc":"2.0","method":"eth_subscription","params":{"subscription":"0xbed0a0851463e895960a451075a301a9","result":"0x6893dca8cd5d9d1e577c7fadba140c2edd983df084acebac5063ce7053e17e4d"}}
[2m2025-12-10T10:19:13.077521Z[0m [34mDEBUG[0m [2methereum_transaction_pool_monitor::eth_client[0m[2m:[0m 📨 Received pending transaction: 0x6893dca8cd5d9d1e577c7fadba140c2edd983df084acebac5063ce7053e17e4d
[2m2025-12-10T10:19:13.077525Z[0m [34mDEBUG[0m [2methereum_transaction_pool_monitor::eth_client[0m[2m:[0m 📨 Received WebSocket message: {"jsonrpc":"2.0","method":"eth_subscription","params":{"subscription":"0xbed0a0851463e895960a451075a301a9","result":"0xedde6e83c08edd7029043b8905e0a2a7e49abadd9f1d111bb7114fdb30394584"}}
[2m2025-12-10T10:19:13.077529Z[0m [34mDEBUG[0m [2methereum_transaction_pool_monitor::eth_client[0m[2m:[0m 📨 Received pending transaction: 0xedde6e83c08edd7029043b8905e0a2a7e49abadd9f1d111bb7114fdb30394584
[2m2025-12-10T10:19:13.077533Z[0m [34mDEBUG[0m [2methereum_transaction_pool_monitor::eth_client[0m[2m:[0m 📨 Received WebSocket message: {"jsonrpc":"2.0","method":"eth_subscription","params":{"subscription":"0xbed0a0851463e895960a451075a301a9","result":"0x7485898b1e5334d8e6eb0a2fee09547ef36083bad9ba5ea4509a1975812e4656"}}
[2m2025-12-10T10:19:13.077537Z[0m [34mDEBUG[0m [2methereum_transaction_pool_monitor::eth_client[0m[2m:[0m 📨 Received pending transaction: 0x7485898b1e5334d8e6eb0a2fee09547ef36083bad9ba5ea4509a1975812e4656
[2m2025-12-10T10:19:13.077541Z[0m [34mDEBUG[0m [2methereum_transaction_pool_monitor::eth_client[0m[2m:[0m 📨 Received WebSocket message: {"jsonrpc":"2.0","method":"eth_subscription","params":{"subscription":"0xbed0a0851463e895960a451075a301a9","result":"0x4146574a5bc5996e23c87d31f78fd530668cdc45a2b6d5992d5d8874d45192db"}}
[2m2025-12-10T10:19:13.077545Z[0m [34mDEBUG[0m [2methereum_transaction_pool_monitor::eth_client[0m[2m:[0m 📨 Received pending transaction: 0x4146574a5bc5996e23c87d31f78fd530668cdc45a2b6d5992d5d8874d45192db
[2m2025-12-10T10:19:13.077549Z[0m [34mDEBUG[0m [2methereum_transaction_pool_monitor::eth_client[0m[2m:[0m 📨 Received WebSocket message: {"jsonrpc":"2.0","method":"eth_subscription","params":{"subscription":"0xbed0a0851463e895960a451075a301a9","result":"0x284bfa4ae6cd481f3d1ad9f0aa3016f582cd627fb501ece19aa548628c3caac0"}}
[2m2025-12-10T10:19:13.077553Z[0m [34mDEBUG[0m [2methereum_transaction_pool_monitor::eth_client[0m[2m:[0m 📨 Received pending transaction: 0x284bfa4ae6cd481f3d1ad9f0aa3016f582cd627fb501ece19aa548628c3caac0
[2m2025-12-10T10:19:13.077557Z[0m [34mDEBUG[0m [2methereum_transaction_pool_monitor::eth_client[0m[2m:[0m 📨 Received WebSocket message: {"jsonrpc":"2.0","method":"eth_subscription","params":{"subscription":"0xbed0a0851463e895960a451075a301a9","result":"0x1fe721c59161f1c684631e82023c24e1bfbbede53b6e06bf69badc3f0e45bc73"}}
[2m2025-12-10T10:19:13.077561Z[0m [34mDEBUG[0m [2methereum_transaction_pool_monitor::eth_client[0m[2m:[0m 📨 Received pending transaction: 0x1fe721c59161f1c684631e82023c24e1bfbbede53b6e06bf69badc3f0e45bc73
[2m2025-12-10T10:19:13.077565Z[0m [34mDEBUG[0m [2methereum_transaction_pool_monitor::eth_client[0m[2m:[0m 📨 Received WebSocket message: {"jsonrpc":"2.0","method":"eth_subscription","params":{"subscription":"0xbed0a0851463e895960a451075a301a9","result":"0xcac2a41a2727b09c0611a06de4fe448388c61ac4896fc5b14c9d58d0b992c14d"}}
[2m2025-12-10T10:19:13.077569Z[0m [34mDEBUG[0m [2methereum_transaction_pool_monitor::eth_client[0m[2m:[0m 📨 Received pending transaction: 0xcac2a41a2727b09c0611a06de4fe448388c61ac4896fc5b14c9d58d0b992c14d
[2m2025-12-10T10:19:13.077573Z[0m [34mDEBUG[0m [2methereum_transaction_pool_monitor::eth_client[0m[2m:[0m 📨 Received WebSocket message: {"jsonrpc":"2.0","method":"eth_subscription","params":{"subscription":"0xbed0a0851463e895960a451075a301a9","result":"0x385be62634271d6741f0a666a393e9f5dbe30e979eb536dedd76fffa7682cd6b"}}
[2m2025-12-10T10:19:13.077577Z[0m [34mDEBUG[0m [2methereum_transaction_pool_monitor::eth_client[0m[2m:[0m 📨 Received pending transaction: 0x385be62634271d6741f0a666a393e9f5dbe30e979eb536dedd76fffa7682cd6b
[2m2025-12-10T10:19:13.077603Z[0m [34mDEBUG[0m [2methereum_transaction_pool_monitor::eth_client[0m[2m:[0m 📨 Received WebSocket message: {"jsonrpc":"2.0","method":"eth_subscription","params":{"subscription":"0xbed0a0851463e895960a451075a301a9","result":"0xaec0908cf605a07f37826a0c1cb63fb0ec205ffc48f26348f96e524935331618"}}
[2m2025-12-10T10:19:13.077609Z[0m [34mDEBUG[0m [2methereum_transaction_pool_monitor::eth_client[0m[2m:[0m 📨 Received pending transaction: 0xaec0908cf605a07f37826a0c1cb63fb0ec205ffc48f26348f96e524935331618
[2m2025-12-10T10:19:13.077613Z[0m [34mDEBUG[0m [2methereum_transaction_pool_monitor::eth_client[0m[2m:[0m 📨 Received WebSocket message: {"jsonrpc":"2.0","method":"eth_subscription","params":{"subscription":"0xbed0a0851463e895960a451075a301a9","result":"0xf60afe53a2cfb10ef0d338f184f949674a46c49876c5b099e24a0187a84f4c34"}}
[2m2025-12-10T10:19:13.077618Z[0m [34mDEBUG[0m [2methereum_transaction_pool_monitor::eth_client[0m[2m:[0m 📨 Received pending transaction: 0xf60afe53a2cfb10ef0d338f184f949674a46c49876c5b099e24a0187a84f4c34
[2m2025-12-10T10:19:13.077622Z[0m [34mDEBUG[0m [2methereum_transaction_pool_monitor::eth_client[0m[2m:[0m 📨 Received WebSocket message: {"jsonrpc":"2.0","method":"eth_subscription","params":{"subscription":"0xbed0a0851463e895960a451075a301a9","result":"0x2c68f6afe162de04ab3475e56dde662acaa7e9fd13a1d4127b5e0f5599d62c6a"}}
[2m2025-12-10T10:19:13.077648Z[0m [34mDEBUG[0m [2methereum_transaction_pool_monitor::eth_client[0m[2m:[0m 📨 Received pending transaction: 0x2c68f6afe162de04ab3475e56dde662acaa7e9fd13a1d4127b5e0f5599d62c6a
[2m2025-12-10T10:19:13.077652Z[0m [34mDEBUG[0m [2methereum_transaction_pool_monitor::eth_client[0m[2m:[0m 📨 Received WebSocket message: {"jsonrpc":"2.0","method":"eth_subscription","params":{"subscription":"0xbed0a0851463e895960a451075a301a9","result":"0x18aee85b5f6b6bfc28acd0b4000fc85af40ebcec9883cea3a12493888cc58f45"}}
[2m2025-12-10T10:19:13.077657Z[0m [34mDEBUG[0m [2methereum_transaction_pool_monitor::eth_client[0m[2m:[0m 📨 Received pending transaction: 0x18aee85b5f6b6bfc28acd0b4000fc85af40ebcec9883cea3a12493888cc58f45
[2m2025-12-10T10:19:13.077661Z[0m [34mDEBUG[0m [2methereum_transaction_pool_monitor::eth_client[0m[2m:[0m 📨 Received WebSocket message: {"jsonrpc":"2.0","method":"eth_subscription","params":{"subscription":"0xbed0a0851463e895960a451075a301a9","result":"0x0034d181e7ab946efed27c8952f8fa234bae3472a192efacaf837a63b57a9dc9"}}
[2m2025-12-10T10:19:13.077665Z[0m [34mDEBUG[0m [2methereum_transaction_pool_monitor::eth_client[0m[2m:[0m 📨 Received pending transaction: 0x0034d181e7ab946efed27c8952f8fa234bae3472a192efacaf837a63b57a9dc9
[2m2025-12-10T10:19:13.077669Z[0m [34mDEBUG[0m [2methereum_transaction_pool_monitor::eth_client[0m[2m:[0m 📨 Received WebSocket message: {"jsonrpc":"2.0","method":"eth_subscription","params":{"subscription":"0xbed0a0851463e895960a451075a301a9","result":"0xd90abd79a81f774a39d1ef9dfe7f506dfcb5be415d69715dcd5d0d1476bb0cd5"}}
[2m2025-12-10T10:19:13.077673Z[0m [34mDEBUG[0m [2methereum_transaction_pool_monitor::eth_client[0m[2m:[0m 📨 Received pending transaction: 0xd90abd79a81f774a39d1ef9dfe7f506dfcb5be415d69715dcd5d0d1476bb0cd5
[2m2025-12-10T10:19:13.077677Z[0m [34mDEBUG[0m [2methereum_transaction_pool_monitor::eth_client[0m[2m:[0m 📨 Received WebSocket message: {"jsonrpc":"2.0","method":"eth_subscription","params":{"subscription":"0xbed0a0851463e895960a451075a301a9","result":"0x7b665428f3d190f1b6c4ece8d9a18c944abefa2f6df513c9a849b4cfd7ce3b06"}}
[2m2025-12-10T10:19:13.077681Z[0m [34mDEBUG[0m [2methereum_transaction_pool_monitor::eth_client[0m[2m:[0m 📨 Received pending transaction: 0x7b665428f3d190f1b6c4ece8d9a18c944abefa2f6df513c9a849b4cfd7ce3b06
[2m2025-12-10T10:19:13.077685Z[0m [34mDEBUG[0m [2methereum_transaction_pool_monitor::eth_client[0m[2m:[0m 📨 Received WebSocket message: {"jsonrpc":"2.0","method":"eth_subscription","params":{"subscription":"0xbed0a0851463e895960a451075a301a9","result":"0x4ca7bc5e0ded2ea9f51cda218cf357d14bc09c3dec4d57f7e5e58c9215c797da"}}
[2m2025-12-10T10:19:13.077689Z[0m [34mDEBUG[0m [2methereum_transaction_pool_monitor::eth_client[0m[2m:[0m 📨 Received pending transaction: 0x4ca7bc5e0ded2ea9f51cda218cf357d14bc09c3dec4d57f7e5e58c9215c797da
[2m2025-12-10T10:19:13.077694Z[0m [34mDEBUG[0m [2methereum_transaction_pool_monitor::eth_client[0m[2m:[0m 📨 Received WebSocket message: {"jsonrpc":"2.0","method":"eth_subscription","params":{"subscription":"0xbed0a0851463e895960a451075a301a9","result":"0x033fa9edd82473df84f4ba351401565fedc1f2cd2eec08d29597b9e624feb22e"}}
[2m2025-12-10T10:19:13.077699Z[0m [34mDEBUG[0m [2methereum_transaction_pool_monitor::eth_client[0m[2m:[0m 📨 Received pending transaction: 0x033fa9edd82473df84f4ba351401565fedc1f2cd2eec08d29597b9e624feb22e
[2m2025-12-10T10:19:13.077703Z[0m [34mDEBUG[0m [2methereum_transaction_pool_monitor::eth_client[0m[2m:[0m 📨 Received WebSocket message: {"jsonrpc":"2.0","method":"eth_subscription","params":{"subscription":"0xbed0a0851463e895960a451075a301a9","result":"0x520296006ff70eb5029bee51a1b78c73ad33fe7b5ef61f532239f0b64f4a4cdf"}}
[2m2025-12-10T10:19:13.077708Z[0m [34mDEBUG[0m [2methereum_transaction_pool_monitor::eth_client[0m[2m:[0m 📨 Received pending transaction: 0x520296006ff70eb5029bee51a1b78c73ad33fe7b5ef61f532239f0b64f4a4cdf
[2m2025-12-10T10:19:13.077712Z[0m [34mDEBUG[0m [2methereum_transaction_pool_monitor::eth_client[0m[2m:[0m 📨 Received WebSocket message: {"jsonrpc":"2.0","method":"eth_subscription","params":{"subscription":"0xbed0a0851463e895960a451075a301a9","result":"0x8424f850bd78bc20875c4e5cefefab1556c98f34767311cc17746a9e556b1d2a"}}
[2m2025-12-10T10:19:13.077716Z[0m [34mDEBUG[0m [2methereum_transaction_pool_monitor::eth_client[0m[2m:[0m 📨 Received pending transaction: 0x8424f850bd78bc20875c4e5cefefab1556c98f34767311cc17746a9e556b1d2a
[2m2025-12-10T10:19:13.077720Z[0m [34mDEBUG[0m [2methereum_transaction_pool_monitor::eth_client[0m[2m:[0m 📨 Received WebSocket message: {"jsonrpc":"2.0","method":"eth_subscription","params":{"subscription":"0xbed0a0851463e895960a451075a301a9","result":"0x18ae2a2fa5b54a2d6f51b99a0af3904ab0ed662fd215a69119b47e3ca1a158db"}}
[2m2025-12-10T10:19:13.077724Z[0m [34mDEBUG[0m [2methereum_transaction_pool_monitor::eth_client[0m[2m:[0m 📨 Received pending transaction: 0x18ae2a2fa5b54a2d6f51b99a0af3904ab0ed662fd215a69119b47e3ca1a158db
[2m2025-12-10T10:19:13.077728Z[0m [34mDEBUG[0m [2methereum_transaction_pool_monitor::eth_client[0m[2m:[0m 📨 Received WebSocket message: {"jsonrpc":"2.0","method":"eth_subscription","params":{"subscription":"0xbed0a0851463e895960a451075a301a9","result":"0x6f3208914c08ac5839ac75d5bc2cb2600a06920b51c91ebd1952916b44fea75d"}}
[2m2025-12-10T10:19:13.077732Z[0m [34mDEBUG[0m [2methereum_transaction_pool_monitor::eth_client[0m[2m:[0m 📨 Received pending transaction: 0x6f3208914c08ac5839ac75d5bc2cb2600a06920b51c91ebd1952916b44fea75d
[2m2025-12-10T10:19:13.077736Z[0m [34mDEBUG[0m [2methereum_transaction_pool_monitor::eth_client[0m[2m:[0m 📨 Received WebSocket message: {"jsonrpc":"2.0","method":"eth_subscription","params":{"subscription":"0xbed0a0851463e895960a451075a301a9","result":"0x60289b8202acb65426ae8acbeddeb628c5ffefb74b3c4143a6ab351cb33309f1"}}
[2m2025-12-10T10:19:13.077741Z[0m [34mDEBUG[0m [2methereum_transaction_pool_monitor::eth_client[0m[2m:[0m 📨 Received pending transaction: 0x60289b8202acb65426ae8acbeddeb628c5ffefb74b3c4143a6ab351cb33309f1
[2m2025-12-10T10:19:13.077744Z[0m [34mDEBUG[0m [2methereum_transaction_pool_monitor::eth_client[0m[2m:[0m 📨 Received WebSocket message: {"jsonrpc":"2.0","method":"eth_subscription","params":{"subscription":"0xbed0a0851463e895960a451075a301a9","result":"0x6ae2b4bb89896406070d277f7a9fd82fcd93d10e42fb6767eff8a24734572a4a"}}
[2m2025-12-10T10:19:13.077749Z[0m [34mDEBUG[0m [2methereum_transaction_pool_monitor::eth_client[0m[2m:[0m 📨 Received pending transaction: 0x6ae2b4bb89896406070d277f7a9fd82fcd93d10e42fb6767eff8a24734572a4a
[2m2025-12-10T10:19:13.077753Z[0m [34mDEBUG[0m [2methereum_transaction_pool_monitor::eth_client[0m[2m:[0m 📨 Received WebSocket message: {"jsonrpc":"2.0","method":"eth_subscription","params":{"subscription":"0xbed0a0851463e895960a451075a301a9","result":"0x9dd5061e1078907f986d5498b27fc8cfafaad5b3b66daaee725beca61564394f"}}
[2m2025-12-10T10:19:13.077758Z[0m [34mDEBUG[0m [2methereum_transaction_pool_monitor::eth_client[0m[2m:[0m 📨 Received pending transaction: 0x9dd5061e1078907f986d5498b27fc8cfafaad5b3b66daaee725beca61564394f
[2m2025-12-10T10:19:13.077762Z[0m [34mDEBUG[0m [2methereum_transaction_pool_monitor::eth_client[0m[2m:[0m 📨 Received WebSocket message: {"jsonrpc":"2.0","method":"eth_subscription","params":{"subscription":"0xbed0a0851463e895960a451075a301a9","result":"0x30183878576dd29f27aa40b29d7f65da5012cffc401f68b27bdc919784941cfc"}}
[2m2025-12-10T10:19:13.077766Z[0m [34mDEBUG[0m [2methereum_transaction_pool_monitor::eth_client[0m[2m:[0m 📨 Received pending transaction: 0x30183878576dd29f27aa40b29d7f65da5012cffc401f68b27bdc919784941cfc
[2m2025-12-10T10:19:13.077770Z[0m [34mDEBUG[0m [2methereum_transaction_pool_monitor::eth_client[0m[2m:[0m 📨 Received WebSocket message: {"jsonrpc":"2.0","method":"eth_subscription","params":{"subscription":"0xbed0a0851463e895960a451075a301a9","result":"0x2dd18a40bc8c0b8692c56e678f3446335c3c128cd1c79bbc520ea1fb0328c686"}}
[2m2025-12-10T10:19:13.077774Z[0m [34mDEBUG[0m [2methereum_transaction_pool_monitor::eth_client[0m[2m:[0m 📨 Received pending transaction: 0x2dd18a40bc8c0b8692c56e678f3446335c3c128cd1c79bbc520ea1fb0328c686
[2m2025-12-10T10:19:13.077779Z[0m [34mDEBUG[0m [2methereum_transaction_pool_monitor::eth_client[0m[2m:[0m 📨 Received WebSocket message: {"jsonrpc":"2.0","method":"eth_subscription","params":{"subscription":"0xbed0a0851463e895960a451075a301a9","result":"0xc532af907939b578cb1f8c7b879bf523635df41c76d5b9ec519bbd9cf17e6f91"}}
[2m2025-12-10T10:19:13.077783Z[0m [34mDEBUG[0m [2methereum_transaction_pool_monitor::eth_client[0m[2m:[0m 📨 Received pending transaction: 0xc532af907939b578cb1f8c7b879bf523635df41c76d5b9ec519bbd9cf17e6f91
[2m2025-12-10T10:19:13.077787Z[0m [34mDEBUG[0m [2methereum_transaction_pool_monitor::eth_client[0m[2m:[0m 📨 Received WebSocket message: {"jsonrpc":"2.0","method":"eth_subscription","params":{"subscription":"0xbed0a0851463e895960a451075a301a9","result":"0xdc03b87c3a27e979d0a6922479a1eb222c13a6aa53d80ad980e226e75e3fe32e"}}
[2m2025-12-10T10:19:13.077791Z[0m [34mDEBUG[0m [2methereum_transaction_pool_monitor::eth_client[0m[2m:[0m 📨 Received pending transaction: 0xdc03b87c3a27e979d0a6922479a1eb222c13a6aa53d80ad980e226e75e3fe32e
[2m2025-12-10T10:19:13.077795Z[0m [34mDEBUG[0m [2methereum_transaction_pool_monitor::eth_client[0m[2m:[0m 📨 Received WebSocket message: {"jsonrpc":"2.0","method":"eth_subscription","params":{"subscription":"0xbed0a0851463e895960a451075a301a9","result":"0x0402b2efe3a57ed2a2f7dc5ba6dc853f936fa492a3e35a588648135311600f4f"}}
[2m2025-12-10T10:19:13.077799Z[0m [34mDEBUG[0m [2methereum_transaction_pool_monitor::eth_client[0m[2m:[0m 📨 Received pending transaction: 0x0402b2efe3a57ed2a2f7dc5ba6dc853f936fa492a3e35a588648135311600f4f
[2m2025-12-10T10:19:13.077803Z[0m [34mDEBUG[0m [2methereum_transaction_pool_monitor::eth_client[0m[2m:[0m 📨 Received WebSocket message: {"jsonrpc":"2.0","method":"eth_subscription","params":{"subscription":"0xbed0a0851463e895960a451075a301a9","result":"0x6c68a26128cbcdac2ff84e9d6a9fad6a35a7795eba946c6d20c3ef5f730dde41"}}
[2m2025-12-10T10:19:13.077807Z[0m [34mDEBUG[0m [2methereum_transaction_pool_monitor::eth_client[0m[2m:[0m 📨 Received pending transaction: 0x6c68a26128cbcdac2ff84e9d6a9fad6a35a7795eba946c6d20c3ef5f730dde41
[2m2025-12-10T10:19:13.077813Z[0m [34mDEBUG[0m [2methereum_transaction_pool_monitor::eth_client[0m[2m:[0m 📨 Received WebSocket message: {"jsonrpc":"2.0","method":"eth_subscription","params":{"subscription":"0xbed0a0851463e895960a451075a301a9","result":"0x96acd41a82a29bcd6a3b70160294b244bd0b3ea5bbdf5790c5744c2afe74b16c"}}
[2m2025-12-10T10:19:13.077817Z[0m [34mDEBUG[0m [2methereum_transaction_pool_monitor::eth_client[0m[2m:[0m 📨 Received pending transaction: 0x96acd41a82a29bcd6a3b70160294b244bd0b3ea5bbdf5790c5744c2afe74b16c
[2m2025-12-10T10:19:13.077821Z[0m [34mDEBUG[0m [2methereum_transaction_pool_monitor::eth_client[0m[2m:[0m 📨 Received WebSocket message: {"jsonrpc":"2.0","method":"eth_subscription","params":{"subscription":"0xbed0a0851463e895960a451075a301a9","result":"0x8eb55f40fea52e22085f89117f1d922fe552ff0b0418389e06990f5f885452c3"}}
[2m2025-12-10T10:19:13.077825Z[0m [34mDEBUG[0m [2methereum_transaction_pool_monitor::eth_client[0m[2m:[0m 📨 Received pending transaction: 0x8eb55f40fea52e22085f89117f1d922fe552ff0b0418389e06990f5f885452c3
[2m2025-12-10T10:19:13.077829Z[0m [34mDEBUG[0m [2methereum_transaction_pool_monitor::eth_client[0m[2m:[0m 📨 Received WebSocket message: {"jsonrpc":"2.0","method":"eth_subscription","params":{"subscription":"0xbed0a0851463e895960a451075a301a9","result":"0xca416da4ea11684925039c6b3d3f5fba1dc46453791fd539fa2b18124a937d13"}}
[2m2025-12-10T10:19:13.077833Z[0m [34mDEBUG[0m [2methereum_transaction_pool_monitor::eth_client[0m[2m:[0m 📨 Received pending transaction: 0xca416da4ea11684925039c6b3d3f5fba1dc46453791fd539fa2b18124a937d13
[2m2025-12-10T10:19:13.077837Z[0m [34mDEBUG[0m [2methereum_transaction_pool_monitor::eth_client[0m[2m:[0m 📨 Received WebSocket message: {"jsonrpc":"2.0","method":"eth_subscription","params":{"subscription":"0xbed0a0851463e895960a451075a301a9","result":"0x94878d00a31f759457f4c352390a4ae9fc43ed7800cef07b6851f4c53895091a"}}
[2m2025-12-10T10:19:13.077841Z[0m [34mDEBUG[0m [2methereum_transaction_pool_monitor::eth_client[0m[2m:[0m 📨 Received pending transaction: 0x94878d00a31f759457f4c352390a4ae9fc43ed7800cef07b6851f4c53895091a
[2m2025-12-10T10:19:13.077845Z[0m [34mDEBUG[0m [2methereum_transaction_pool_monitor::eth_client[0m[2m:[0m 📨 Received WebSocket message: {"jsonrpc":"2.0","method":"eth_subscription","params":{"subscription":"0xbed0a0851463e895960a451075a301a9","result":"0x5358b57ffc40aa7819a5d6e56c1c94d1870330eef77ab260177127def75ab8d6"}}
[2m2025-12-10T10:19:13.077849Z[0m [34mDEBUG[0m [2methereum_transaction_pool_monitor::eth_client[0m[2m:[0m 📨 Received pending transaction: 0x5358b57ffc40aa7819a5d6e56c1c94d1870330eef77ab260177127def75ab8d6
[2m2025-12-10T10:19:13.077853Z[0m [34mDEBUG[0m [2methereum_transaction_pool_monitor::eth_client[0m[2m:[0m 📨 Received WebSocket message: {"jsonrpc":"2.0","method":"eth_subscription","params":{"subscription":"0xbed0a0851463e895960a451075a301a9","result":"0xe5cf6dd61464e755de7fadf1a7c71132d9734e259ceef5d58ee2b85ccf807b3d"}}
[2m2025-12-10T10:19:13.077857Z[0m [34mDEBUG[0m [2methereum_transaction_pool_monitor::eth_client[0m[2m:[0m 📨 Received pending transaction: 0xe5cf6dd61464e755de7fadf1a7c71132d9734e259ceef5d58ee2b85ccf807b3d
[2m2025-12-10T10:19:13.077861Z[0m [34mDEBUG[0m [2methereum_transaction_pool_monitor::eth_client[0m[2m:[0m 📨 Received WebSocket message: {"jsonrpc":"2.0","method":"eth_subscription","params":{"subscription":"0xbed0a0851463e895960a451075a301a9","result":"0xe102f5941496db076f7605f947c542cf4c57c4e214ddb0fba7ca7b3aae7c615b"}}
[2m2025-12-10T10:19:13.077865Z[0m [34mDEBUG[0m [2methereum_transaction_pool_monitor::eth_client[0m[2m:[0m 📨 Received pending transaction: 0xe102f5941496db076f7605f947c542cf4c57c4e214ddb0fba7ca7b3aae7c615b
[2m2025-12-10T10:19:13.077869Z[0m [34mDEBUG[0m [2methereum_transaction_pool_monitor::eth_client[0m[2m:[0m 📨 Received WebSocket message: {"jsonrpc":"2.0","method":"eth_subscription","params":{"subscription":"0xbed0a0851463e895960a451075a301a9","result":"0x522799b1b4ba62d0b3aca2188855c612f3eee20272235c94c87e04a6972f1853"}}
[2m2025-12-10T10:19:13.077873Z[0m [34mDEBUG[0m [2methereum_transaction_pool_monitor::eth_client[0m[2m:[0m 📨 Received pending transaction: 0x522799b1b4ba62d0b3aca2188855c612f3eee20272235c94c87e04a6972f1853
[2m2025-12-10T10:19:13.077877Z[0m [34mDEBUG[0m [2methereum_transaction_pool_monitor::eth_client[0m[2m:[0m 📨 Received WebSocket message: {"jsonrpc":"2.0","method":"eth_subscription","params":{"subscription":"0xbed0a0851463e895960a451075a301a9","result":"0x3cbae6175df06e9c41ae42a268d905e84ecfc8594433bb8355b5323b3f994490"}}
[2m2025-12-10T10:19:13.077881Z[0m [34mDEBUG[0m [2methereum_transaction_pool_monitor::eth_client[0m[2m:[0m 📨 Received pending transaction: 0x3cbae6175df06e9c41ae42a268d905e84ecfc8594433bb8355b5323b3f994490
[2m2025-12-10T10:19:13.077885Z[0m [34mDEBUG[0m [2methereum_transaction_pool_monitor::eth_client[0m[2m:[0m 📨 Received WebSocket message: {"jsonrpc":"2.0","method":"eth_subscription","params":{"subscription":"0xbed0a0851463e895960a451075a301a9","result":"0x630e74def3e054edbb519cf22efb8eb4009aa8bdc417e438fa1ece3e95311a07"}}
[2m2025-12-10T10:19:13.077893Z[0m [34mDEBUG[0m [2methereum_transaction_pool_monitor::eth_client[0m[2m:[0m 📨 Received pending transaction: 0x630e74def3e054edbb519cf22efb8eb4009aa8bdc417e438fa1ece3e95311a07
[2m2025-12-10T10:19:13.077896Z[0m [34mDEBUG[0m [2methereum_transaction_pool_monitor::eth_client[0m[2m:[0m 📨 Received WebSocket message: {"jsonrpc":"2.0","method":"eth_subscription","params":{"subscription":"0xbed0a0851463e895960a451075a301a9","result":"0xfba1c2037352f615125ad5cb3eeb457891886afbb35a51cd255b90bf354c9548"}}
[2m2025-12-10T10:19:13.077921Z[0m [34mDEBUG[0m [2methereum_transaction_pool_monitor::eth_client[0m[2m:[0m 📨 Received pending transaction: 0xfba1c2037352f615125ad5cb3eeb457891886afbb35a51cd255b90bf354c9548
[2m2025-12-10T10:19:13.077926Z[0m [34mDEBUG[0m [2methereum_transaction_pool_monitor::eth_client[0m[2m:[0m 📨 Received WebSocket message: {"jsonrpc":"2.0","method":"eth_subscription","params":{"subscription":"0xbed0a0851463e895960a451075a301a9","result":"0xc7851fcd8706b6aa0cf13ef0d1daa26457bb3735aad4132b4615e1c8293b6079"}}
[2m2025-12-10T10:19:13.077931Z[0m [34mDEBUG[0m [2methereum_transaction_pool_monitor::eth_client[0m[2m:[0m 📨 Received pending transaction: 0xc7851fcd8706b6aa0cf13ef0d1daa26457bb3735aad4132b4615e1c8293b6079
[2m2025-12-10T10:19:13.077935Z[0m [34mDEBUG[0m [2methereum_transaction_pool_monitor::eth_client[0m[2m:[0m 📨 Received WebSocket message: {"jsonrpc":"2.0","method":"eth_subscription","params":{"subscription":"0xbed0a0851463e895960a451075a301a9","result":"0xead07d202097c274193e5507c3873ad9165bbe290388856e779fff96b85b0372"}}
[2m2025-12-10T10:19:13.077940Z[0m [34mDEBUG[0m [2methereum_transaction_pool_monitor::eth_client[0m[2m:[0m 📨 Received pending transaction: 0xead07d202097c274193e5507c3873ad9165bbe290388856e779fff96b85b0372
[2m2025-12-10T10:19:13.077945Z[0m [34mDEBUG[0m [2methereum_transaction_pool_monitor::eth_client[0m[2m:[0m 📨 Received WebSocket message: {"jsonrpc":"2.0","method":"eth_subscription","params":{"subscription":"0xbed0a0851463e895960a451075a301a9","result":"0x6e5fc4dd5aa4a9b64d313b690d788940a5be467197aa3e983f6f87ed01fed77c"}}
[2m2025-12-10T10:19:13.077950Z[0m [34mDEBUG[0m [2methereum_transaction_pool_monitor::eth_client[0m[2m:[0m 📨 Received pending transaction: 0x6e5fc4dd5aa4a9b64d313b690d788940a5be467197aa3e983f6f87ed01fed77c
[2m2025-12-10T10:19:13.077954Z[0m [34mDEBUG[0m [2methereum_transaction_pool_monitor::eth_client[0m[2m:[0m 📨 Received WebSocket message: {"jsonrpc":"2.0","method":"eth_subscription","params":{"subscription":"0xbed0a0851463e895960a451075a301a9","result":"0xa8eb9c9fa9b9a45d8c870adf8c241aab3c1de785eb521ff1f6586eddbcb7e8d0"}}
[2m2025-12-10T10:19:13.077959Z[0m [34mDEBUG[0m [2methereum_transaction_pool_monitor::eth_client[0m[2m:[0m 📨 Received pending transaction: 0xa8eb9c9fa9b9a45d8c870adf8c241aab3c1de785eb521ff1f6586eddbcb7e8d0
[2m2025-12-10T10:19:13.077963Z[0m [34mDEBUG[0m [2methereum_transaction_pool_monitor::eth_client[0m[2m:[0m 📨 Received WebSocket message: {"jsonrpc":"2.0","method":"eth_subscription","params":{"subscription":"0xbed0a0851463e895960a451075a301a9","result":"0xbf2d60f6c6049369aa0e8af1770fdc370f3a4472652e4dfc5155edf705fc0a19"}}
[2m2025-12-10T10:19:13.077967Z[0m [34mDEBUG[0m [2methereum_transaction_pool_monitor::eth_client[0m[2m:[0m 📨 Received pending transaction: 0xbf2d60f6c6049369aa0e8af1770fdc370f3a4472652e4dfc5155edf705fc0a19
[2m2025-12-10T10:19:13.077971Z[0m [34mDEBUG[0m [2methereum_transaction_pool_monitor::eth_client[0m[2m:[0m 📨 Received WebSocket message: {"jsonrpc":"2.0","method":"eth_subscription","params":{"subscription":"0xbed0a0851463e895960a451075a301a9","result":"0xf51c4ee3b8cc3b3b3aa3e98acbfc9128fb80c87b29df8f55fee919596abecbd0"}}
[2m2025-12-10T10:19:13.077975Z[0m [34mDEBUG[0m [2methereum_transaction_pool_monitor::eth_client[0m[2m:[0m 📨 Received pending transaction: 0xf51c4ee3b8cc3b3b3aa3e98acbfc9128fb80c87b29df8f55fee919596abecbd0
[2m2025-12-10T10:19:13.077979Z[0m [34mDEBUG[0m [2methereum_transaction_pool_monitor::eth_client[0m[2m:[0m 📨 Received WebSocket message: {"jsonrpc":"2.0","method":"eth_subscription","params":{"subscription":"0xbed0a0851463e895960a451075a301a9","result":"0xdd997aea04f93a76cd7f3ce44aa31f9b071e621c8b6fd523d95ed689f904bc15"}}
[2m2025-12-10T10:19:13.077983Z[0m [34mDEBUG[0m [2methereum_transaction_pool_monitor::eth_client[0m[2m:[0m 📨 Received pending transaction: 0xdd997aea04f93a76cd7f3ce44aa31f9b071e621c8b6fd523d95ed689f904bc15
[2m2025-12-10T10:19:13.077987Z[0m [34mDEBUG[0m [2methereum_transaction_pool_monitor::eth_client[0m[2m:[0m 📨 Received WebSocket message: {"jsonrpc":"2.0","method":"eth_subscription","params":{"subscription":"0xbed0a0851463e895960a451075a301a9","result":"0x49501b9c73c983f47e25b50b6eafe0c42da8ba7fefdb6fd4c0bf2bd2487ba116"}}
[2m2025-12-10T10:19:13.077994Z[0m [34mDEBUG[0m [2methereum_transaction_pool_monitor::eth_client[0m[2m:[0m 📨 Received pending transaction: 0x49501b9c73c983f47e25b50b6eafe0c42da8ba7fefdb6fd4c0bf2bd2487ba116
[2m2025-12-10T10:19:13.077998Z[0m [34mDEBUG[0m [2methereum_transaction_pool_monitor::eth_client[0m[2m:[0m 📨 Received WebSocket message: {"jsonrpc":"2.0","method":"eth_subscription","params":{"subscription":"0xbed0a0851463e895960a451075a301a9","result":"0x9dca213fe6d806ad874d09ba173fb3bfcbe3a4b2e60de25e9c90e4715efc7a38"}}
[2m2025-12-10T10:19:13.078003Z[0m [34mDEBUG[0m [2methereum_transaction_pool_monitor::eth_client[0m[2m:[0m 📨 Received pending transaction: 0x9dca213fe6d806ad874d09ba173fb3bfcbe3a4b2e60de25e9c90e4715efc7a38
[2m2025-12-10T10:19:13.078006Z[0m [34mDEBUG[0m [2methereum_transaction_pool_monitor::eth_client[0m[2m:[0m 📨 Received WebSocket message: {"jsonrpc":"2.0","method":"eth_subscription","params":{"subscription":"0xbed0a0851463e895960a451075a301a9","result":"0x5b29bcf51d719bfac33d1ddfb52538b5e36b61732f627fee5ff1b531ed31e5d8"}}
[2m2025-12-10T10:19:13.078011Z[0m [34mDEBUG[0m [2methereum_transaction_pool_monitor::eth_client[0m[2m:[0m 📨 Received pending transaction: 0x5b29bcf51d719bfac33d1ddfb52538b5e36b61732f627fee5ff1b531ed31e5d8
[2m2025-12-10T10:19:13.078016Z[0m [34mDEBUG[0m [2methereum_transaction_pool_monitor::eth_client[0m[2m:[0m 📨 Received WebSocket message: {"jsonrpc":"2.0","method":"eth_subscription","params":{"subscription":"0xbed0a0851463e895960a451075a301a9","result":"0xa3da8a0242a9d9e8b0066f9ead903a60c1c1d3b7f4fca284acabe492b1a4ce6e"}}
[2m2025-12-10T10:19:13.078022Z[0m [34mDEBUG[0m [2methereum_transaction_pool_monitor::eth_client[0m[2m:[0m 📨 Received pending transaction: 0xa3da8a0242a9d9e8b0066f9ead903a60c1c1d3b7f4fca284acabe492b1a4ce6e
[2m2025-12-10T10:19:13.078026Z[0m [34mDEBUG[0m [2methereum_transaction_pool_monitor::eth_client[0m[2m:[0m 📨 Received WebSocket message: {"jsonrpc":"2.0","method":"eth_subscription","params":{"subscription":"0xbed0a0851463e895960a451075a301a9","result":"0x081245762156398235344b783222a3716e7c300ac89f2187155b58b3ac1d62fe"}}
[2m2025-12-10T10:19:13.078030Z[0m [34mDEBUG[0m [2methereum_transaction_pool_monitor::eth_client[0m[2m:[0m 📨 Received pending transaction: 0x081245762156398235344b783222a3716e7c300ac89f2187155b58b3ac1d62fe
[2m2025-12-10T10:19:13.078035Z[0m [34mDEBUG[0m [2methereum_transaction_pool_monitor::eth_client[0m[2m:[0m 📨 Received WebSocket message: {"jsonrpc":"2.0","method":"eth_subscription","params":{"subscription":"0xbed0a0851463e895960a451075a301a9","result":"0xb36d1b7c0a03c4f2f794dc5f7a2e6a150d7551b61b22010ecda1b88ea52a4eb1"}}
[2m2025-12-10T10:19:13.078040Z[0m [34mDEBUG[0m [2methereum_transaction_pool_monitor::eth_client[0m[2m:[0m 📨 Received pending transaction: 0xb36d1b7c0a03c4f2f794dc5f7a2e6a150d7551b61b22010ecda1b88ea52a4eb1
[2m2025-12-10T10:19:13.078043Z[0m [34mDEBUG[0m [2methereum_transaction_pool_monitor::eth_client[0m[2m:[0m 📨 Received WebSocket message: {"jsonrpc":"2.0","method":"eth_subscription","params":{"subscription":"0xbed0a0851463e895960a451075a301a9","result":"0xc5413fb632857d43ad922e097d5991367ddd190c5dce9c76413e3c12828014fb"}}
[2m2025-12-10T10:19:13.078048Z[0m [34mDEBUG[0m [2methereum_transaction_pool_monitor::eth_client[0m[2m:[0m 📨 Received pending transaction: 0xc5413fb632857d43ad922e097d5991367ddd190c5dce9c76413e3c12828014fb
[2m2025-12-10T10:19:13.078051Z[0m [34mDEBUG[0m [2methereum_transaction_pool_monitor::eth_client[0m[2m:[0m 📨 Received WebSocket message: {"jsonrpc":"2.0","method":"eth_subscription","params":{"subscription":"0xbed0a0851463e895960a451075a301a9","result":"0x99efd7ea51926f163b753ec93b843c2af2a67228df4481245cb082fe937e713a"}}
[2m2025-12-10T10:19:13.078056Z[0m [34mDEBUG[0m [2methereum_transaction_pool_monitor::eth_client[0m[2m:[0m 📨 Received pending transaction: 0x99efd7ea51926f163b753ec93b843c2af2a67228df4481245cb082fe937e713a
[2m2025-12-10T10:19:13.078060Z[0m [34mDEBUG[0m [2methereum_transaction_pool_monitor::eth_client[0m[2m:[0m 📨 Received WebSocket message: {"jsonrpc":"2.0","method":"eth_subscription","params":{"subscription":"0xbed0a0851463e895960a451075a301a9","result":"0x3bcf6fca22f0244f2b32897435220a80b2b9d112ca73e1cd544d7b2829831aa2"}}
[2m2025-12-10T10:19:13.078064Z[0m [34mDEBUG[0m [2methereum_transaction_pool_monitor::eth_client[0m[2m:[0m 📨 Received pending transaction: 0x3bcf6fca22f0244f2b32897435220a80b2b9d112ca73e1cd544d7b2829831aa2
[2m2025-12-10T10:19:13.078070Z[0m [34mDEBUG[0m [2methereum_transaction_pool_monitor::eth_client[0m[2m:[0m 📨 Received WebSocket message: {"jsonrpc":"2.0","method":"eth_subscription","params":{"subscription":"0xbed0a0851463e895960a451075a301a9","result":"0xdab1404f55348d7d3d0f998e902dd785f9c56de1d82ed2aad5cca932d0de3a50"}}
[2m2025-12-10T10:19:13.078074Z[0m [34mDEBUG[0m [2methereum_transaction_pool_monitor::eth_client[0m[2m:[0m 📨 Received pending transaction: 0xdab1404f55348d7d3d0f998e902dd785f9c56de1d82ed2aad5cca932d0de3a50
[2m2025-12-10T10:19:13.078079Z[0m [34mDEBUG[0m [2methereum_transaction_pool_monitor::eth_client[0m[2m:[0m 📨 Received WebSocket message: {"jsonrpc":"2.0","method":"eth_subscription","params":{"subscription":"0xbed0a0851463e895960a451075a301a9","result":"0x4242cb90ee8ef5d29bf9f6cbe491772ca2fb65bb880082568147fafaae4fb842"}}
[2m2025-12-10T10:19:13.078084Z[0m [34mDEBUG[0m [2methereum_transaction_pool_monitor::eth_client[0m[2m:[0m 📨 Received pending transaction: 0x4242cb90ee8ef5d29bf9f6cbe491772ca2fb65bb880082568147fafaae4fb842
[2m2025-12-10T10:19:13.078087Z[0m [34mDEBUG[0m [2methereum_transaction_pool_monitor::eth_client[0m[2m:[0m 📨 Received WebSocket message: {"jsonrpc":"2.0","method":"eth_subscription","params":{"subscription":"0xbed0a0851463e895960a451075a301a9","result":"0x1b1dbf7429c1944ecd71ac36c0c35fa7d7ae6c498a2f56a464bcbc8536dfdd64"}}
[2m2025-12-10T10:19:13.078092Z[0m [34mDEBUG[0m [2methereum_transaction_pool_monitor::eth_client[0m[2m:[0m 📨 Received pending transaction: 0x1b1dbf7429c1944ecd71ac36c0c35fa7d7ae6c498a2f56a464bcbc8536dfdd64
[2m2025-12-10T10:19:13.078095Z[0m [34mDEBUG[0m [2methereum_transaction_pool_monitor::eth_client[0m[2m:[0m 📨 Received WebSocket message: {"jsonrpc":"2.0","method":"eth_subscription","params":{"subscription":"0xbed0a0851463e895960a451075a301a9","result":"0x177309e5a15e5e6950c1be16ad901252842dc8c6fcae8bdac027c902cfa3695b"}}
[2m2025-12-10T10:19:13.078100Z[0m [34mDEBUG[0m [2methereum_transaction_pool_monitor::eth_client[0m[2m:[0m 📨 Received pending transaction: 0x177309e5a15e5e6950c1be16ad901252842dc8c6fcae8bdac027c902cfa3695b
[2m2025-12-10T10:19:13.078104Z[0m [34mDEBUG[0m [2methereum_transaction_pool_monitor::eth_client[0m[2m:[0m 📨 Received WebSocket message: {"jsonrpc":"2.0","method":"eth_subscription","params":{"subscription":"0xbed0a0851463e895960a451075a301a9","result":"0x80e47534983675fdaf6c3f0417e40b3894aa489b0c2d8a3c1d8020648b40cd15"}}
[2m2025-12-10T10:19:13.078108Z[0m [34mDEBUG[0m [2methereum_transaction_pool_monitor::eth_client[0m[2m:[0m 📨 Received pending transaction: 0x80e47534983675fdaf6c3f0417e40b3894aa489b0c2d8a3c1d8020648b40cd15
[2m2025-12-10T10:19:13.078112Z[0m [34mDEBUG[0m [2methereum_transaction_pool_monitor::eth_client[0m[2m:[0m 📨 Received WebSocket message: {"jsonrpc":"2.0","method":"eth_subscription","params":{"subscription":"0xbed0a0851463e895960a451075a301a9","result":"0x762bb57bdf2b096902233e054f1fcb1c18f391608e2ba1b648be55be9fc84e15"}}
[2m2025-12-10T10:19:13.078116Z[0m [34mDEBUG[0m [2methereum_transaction_pool_monitor::eth_client[0m[2m:[0m 📨 Received pending transaction: 0x762bb57bdf2b096902233e054f1fcb1c18f391608e2ba1b648be55be9fc84e15
[2m2025-12-10T10:19:13.078120Z[0m [34mDEBUG[0m [2methereum_transaction_pool_monitor::eth_client[0m[2m:[0m 📨 Received WebSocket message: {"jsonrpc":"2.0","method":"eth_subscription","params":{"subscription":"0xbed0a0851463e895960a451075a301a9","result":"0xcbb8356f04856c10e2f84c465890d86ed67ae51c9617d026b62d34bf4bfb5cc3"}}
[2m2025-12-10T10:19:13.078124Z[0m [34mDEBUG[0m [2methereum_transaction_pool_monitor::eth_client[0m[2m:[0m 📨 Received pending transaction: 0xcbb8356f04856c10e2f84c465890d86ed67ae51c9617d026b62d34bf4bfb5cc3
[2m2025-12-10T10:19:13.078128Z[0m [34mDEBUG[0m [2methereum_transaction_pool_monitor::eth_client[0m[2m:[0m 📨 Received WebSocket message: {"jsonrpc":"2.0","method":"eth_subscription","params":{"subscription":"0xbed0a0851463e895960a451075a301a9","result":"0x8e37ed27c29a58fe56eca41f1b1bcb57775ef2f4939db34fa3e17475c332f0bf"}}
[2m2025-12-10T10:19:13.078132Z[0m [34mDEBUG[0m [2methereum_transaction_pool_monitor::eth_client[0m[2m:[0m 📨 Received pending transaction: 0x8e37ed27c29a58fe56eca41f1b1bcb57775ef2f4939db34fa3e17475c332f0bf
[2m2025-12-10T10:19:13.078136Z[0m [34mDEBUG[0m [2methereum_transaction_pool_monitor::eth_client[0m[2m:[0m 📨 Received WebSocket message: {"jsonrpc":"2.0","method":"eth_subscription","params":{"subscription":"0xbed0a0851463e895960a451075a301a9","result":"0xebec79ae44ab33f33a999e36b3d5d5dbf7b9d6dfa9032703203a6a986d95b44b"}}
[2m2025-12-10T10:19:13.078140Z[0m [34mDEBUG[0m [2methereum_transaction_pool_monitor::eth_client[0m[2m:[0m 📨 Received pending transaction: 0xebec79ae44ab33f33a999e36b3d5d5dbf7b9d6dfa9032703203a6a986d95b44b
[2m2025-12-10T10:19:13.078144Z[0m [34mDEBUG[0m [2methereum_transaction_pool_monitor::eth_client[0m[2m:[0m 📨 Received WebSocket message: {"jsonrpc":"2.0","method":"eth_subscription","params":{"subscription":"0xbed0a0851463e895960a451075a301a9","result":"0xfcf894a0134a159ba8a2fc690d2fbff734db81dd6688d3874ca94973890ad5a2"}}
[2m2025-12-10T10:19:13.078148Z[0m [34mDEBUG[0m [2methereum_transaction_pool_monitor::eth_client[0m[2m:[0m 📨 Received pending transaction: 0xfcf894a0134a159ba8a2fc690d2fbff734db81dd6688d3874ca94973890ad5a2
[2m2025-12-10T10:19:13.078152Z[0m [34mDEBUG[0m [2methereum_transaction_pool_monitor::eth_client[0m[2m:[0m 📨 Received WebSocket message: {"jsonrpc":"2.0","method":"eth_subscription","params":{"subscription":"0xbed0a0851463e895960a451075a301a9","result":"0x33a35594706fd6f85a2eae9c8a2b77b25172efe769d571bf52ee4f0ad70a238f"}}
[2m2025-12-10T10:19:13.078157Z[0m [34mDEBUG[0m [2methereum_transaction_pool_monitor::eth_client[0m[2m:[0m 📨 Received pending transaction: 0x33a35594706fd6f85a2eae9c8a2b77b25172efe769d571bf52ee4f0ad70a238f
[2m2025-12-10T10:19:13.078160Z[0m [34mDEBUG[0m [2methereum_transaction_pool_monitor::eth_client[0m[2m:[0m 📨 Received WebSocket message: {"jsonrpc":"2.0","method":"eth_subscription","params":{"subscription":"0xbed0a0851463e895960a451075a301a9","result":"0x54413f4ddd973e73988c0a418cc63a021494f4b99fd6f65c07ba49a731f87d8f"}}
[2m2025-12-10T10:19:13.078165Z[0m [34mDEBUG[0m [2methereum_transaction_pool_monitor::eth_client[0m[2m:[0m 📨 Received pending transaction: 0x54413f4ddd973e73988c0a418cc63a021494f4b99fd6f65c07ba49a731f87d8f
[2m2025-12-10T10:19:13.078168Z[0m [34mDEBUG[0m [2methereum_transaction_pool_monitor::eth_client[0m[2m:[0m 📨 Received WebSocket message: {"jsonrpc":"2.0","method":"eth_subscription","params":{"subscription":"0xbed0a0851463e895960a451075a301a9","result":"0x6207db56ebff86363aa07ed31d5bd2669d4fb459e1fbaf2d9eb71522e3aea8cf"}}
[2m2025-12-10T10:19:13.078174Z[0m [34mDEBUG[0m [2methereum_transaction_pool_monitor::eth_client[0m[2m:[0m 📨 Received pending transaction: 0x6207db56ebff86363aa07ed31d5bd2669d4fb459e1fbaf2d9eb71522e3aea8cf
[2m2025-12-10T10:19:13.078200Z[0m [34mDEBUG[0m [2methereum_transaction_pool_monitor::eth_client[0m[2m:[0m 📨 Received WebSocket message: {"jsonrpc":"2.0","method":"eth_subscription","params":{"subscription":"0xbed0a0851463e895960a451075a301a9","result":"0xbd3b029a33e603bda8246477dfc378c4a0118e1269083068ce406cd20dc822c0"}}
[2m2025-12-10T10:19:13.078206Z[0m [34mDEBUG[0m [2methereum_transaction_pool_monitor::eth_client[0m[2m:[0m 📨 Received pending transaction: 0xbd3b029a33e603bda8246477dfc378c4a0118e1269083068ce406cd20dc822c0
[2m2025-12-10T10:19:13.078211Z[0m [34mDEBUG[0m [2methereum_transaction_pool_monitor::eth_client[0m[2m:[0m 📨 Received WebSocket message: {"jsonrpc":"2.0","method":"eth_subscription","params":{"subscription":"0xbed0a0851463e895960a451075a301a9","result":"0xe25c83389051e067347d4e8211856ef897091f84e488b7e91fd11fa3e30790c7"}}
[2m2025-12-10T10:19:13.078216Z[0m [34mDEBUG[0m [2methereum_transaction_pool_monitor::eth_client[0m[2m:[0m 📨 Received pending transaction: 0xe25c83389051e067347d4e8211856ef897091f84e488b7e91fd11fa3e30790c7
[2m2025-12-10T10:19:13.078221Z[0m [34mDEBUG[0m [2methereum_transaction_pool_monitor::eth_client[0m[2m:[0m 📨 Received WebSocket message: {"jsonrpc":"2.0","method":"eth_subscription","params":{"subscription":"0xbed0a0851463e895960a451075a301a9","result":"0x0c9637323ce99bf15941bcb6933e5d2d74eb86931b73723bb77b7137d9ec4da8"}}
[2m2025-12-10T10:19:13.078226Z[0m [34mDEBUG[0m [2methereum_transaction_pool_monitor::eth_client[0m[2m:[0m 📨 Received pending transaction: 0x0c9637323ce99bf15941bcb6933e5d2d74eb86931b73723bb77b7137d9ec4da8
[2m2025-12-10T10:19:13.078231Z[0m [34mDEBUG[0m [2methereum_transaction_pool_monitor::eth_client[0m[2m:[0m 📨 Received WebSocket message: {"jsonrpc":"2.0","method":"eth_subscription","params":{"subscription":"0xbed0a0851463e895960a451075a301a9","result":"0x87374b4a4f182a89f286b31123010638fc53a24dbb38cf6c7c6dea9fa47a31b2"}}
[2m2025-12-10T10:19:13.078235Z[0m [34mDEBUG[0m [2methereum_transaction_pool_monitor::eth_client[0m[2m:[0m 📨 Received pending transaction: 0x87374b4a4f182a89f286b31123010638fc53a24dbb38cf6c7c6dea9fa47a31b2
[2m2025-12-10T10:19:13.078241Z[0m [34mDEBUG[0m [2methereum_transaction_pool_monitor::eth_client[0m[2m:[0m 📨 Received WebSocket message: {"jsonrpc":"2.0","method":"eth_subscription","params":{"subscription":"0xbed0a0851463e895960a451075a301a9","result":"0x7e100ff71164d442320248e179dd9f5b7dccf39cdea6b3d5acc2d9244b4377f1"}}
[2m2025-12-10T10:19:13.078246Z[0m [34mDEBUG[0m [2methereum_transaction_pool_monitor::eth_client[0m[2m:[0m 📨 Received pending transaction: 0x7e100ff71164d442320248e179dd9f5b7dccf39cdea6b3d5acc2d9244b4377f1
[2m2025-12-10T10:19:13.078250Z[0m [34mDEBUG[0m [2methereum_transaction_pool_monitor::eth_client[0m[2m:[0m 📨 Received WebSocket message: {"jsonrpc":"2.0","method":"eth_subscription","params":{"subscription":"0xbed0a0851463e895960a451075a301a9","result":"0x606eb0474173024d6a5aecfbf5bf4048fa532f75e85d46e7deb1a0485b78cd02"}}
[2m2025-12-10T10:19:13.078255Z[0m [34mDEBUG[0m [2methereum_transaction_pool_monitor::eth_client[0m[2m:[0m 📨 Received pending transaction: 0x606eb0474173024d6a5aecfbf5bf4048fa532f75e85d46e7deb1a0485b78cd02
[2m2025-12-10T10:19:13.078258Z[0m [34mDEBUG[0m [2methereum_transaction_pool_monitor::eth_client[0m[2m:[0m 📨 Received WebSocket message: {"jsonrpc":"2.0","method":"eth_subscription","params":{"subscription":"0xbed0a0851463e895960a451075a301a9","result":"0x06ded4a13dfe93d99fcbb7cbd75a8e264b81a05022f787885ca8c4c2f9a5e5c5"}}
[2m2025-12-10T10:19:13.078265Z[0m [34mDEBUG[0m [2methereum_transaction_pool_monitor::eth_client[0m[2m:[0m 📨 Received pending transaction: 0x06ded4a13dfe93d99fcbb7cbd75a8e264b81a05022f787885ca8c4c2f9a5e5c5
[2m2025-12-10T10:19:13.078269Z[0m [34mDEBUG[0m [2methereum_transaction_pool_monitor::eth_client[0m[2m:[0m 📨 Received WebSocket message: {"jsonrpc":"2.0","method":"eth_subscription","params":{"subscription":"0xbed0a0851463e895960a451075a301a9","result":"0x36892d59282ab4dc101b711d7b21f21400a8cc22b417d40b6f45fc536f74583c"}}
[2m2025-12-10T10:19:13.078273Z[0m [34mDEBUG[0m [2methereum_transaction_pool_monitor::eth_client[0m[2m:[0m 📨 Received pending transaction: 0x36892d59282ab4dc101b711d7b21f21400a8cc22b417d40b6f45fc536f74583c
[2m2025-12-10T10:19:13.078277Z[0m [34mDEBUG[0m [2methereum_transaction_pool_monitor::eth_client[0m[2m:[0m 📨 Received WebSocket message: {"jsonrpc":"2.0","method":"eth_subscription","params":{"subscription":"0xbed0a0851463e895960a451075a301a9","result":"0xb0b1943ec94f00e63d2fe631e551de89f0a200093a72047b41c9dad0f7217a0f"}}
[2m2025-12-10T10:19:13.078281Z[0m [34mDEBUG[0m [2methereum_transaction_pool_monitor::eth_client[0m[2m:[0m 📨 Received pending transaction: 0xb0b1943ec94f00e63d2fe631e551de89f0a200093a72047b41c9dad0f7217a0f
[2m2025-12-10T10:19:13.078285Z[0m [34mDEBUG[0m [2methereum_transaction_pool_monitor::eth_client[0m[2m:[0m 📨 Received WebSocket message: {"jsonrpc":"2.0","method":"eth_subscription","params":{"subscription":"0xbed0a0851463e895960a451075a301a9","result":"0xd97778fb7d0a7c6bdc6b8c45d6121d91f774bd7589bd5bf2c94e11e256a6c863"}}
[2m2025-12-10T10:19:13.078289Z[0m [34mDEBUG[0m [2methereum_transaction_pool_monitor::eth_client[0m[2m:[0m 📨 Received pending transaction: 0xd97778fb7d0a7c6bdc6b8c45d6121d91f774bd7589bd5bf2c94e11e256a6c863
[2m2025-12-10T10:19:13.078293Z[0m [34mDEBUG[0m [2methereum_transaction_pool_monitor::eth_client[0m[2m:[0m 📨 Received WebSocket message: {"jsonrpc":"2.0","method":"eth_subscription","params":{"subscription":"0xbed0a0851463e895960a451075a301a9","result":"0xb2e30014b8a4e0042e60f372c4a1fddb8c729bae39e42b06f4fe614f07d96530"}}
[2m2025-12-10T10:19:13.078297Z[0m [34mDEBUG[0m [2methereum_transaction_pool_monitor::eth_client[0m[2m:[0m 📨 Received pending transaction: 0xb2e30014b8a4e0042e60f372c4a1fddb8c729bae39e42b06f4fe614f07d96530
[2m2025-12-10T10:19:13.078301Z[0m [34mDEBUG[0m [2methereum_transaction_pool_monitor::eth_client[0m[2m:[0m 📨 Received WebSocket message: {"jsonrpc":"2.0","method":"eth_subscription","params":{"subscription":"0xbed0a0851463e895960a451075a301a9","result":"0x794b458b0950c6a28121682ef54a167babdd18f7ba3ce03a292f2341702c912c"}}
[2m2025-12-10T10:19:13.078305Z[0m [34mDEBUG[0m [2methereum_transaction_pool_monitor::eth_client[0m[2m:[0m 📨 Received pending transaction: 0x794b458b0950c6a28121682ef54a167babdd18f7ba3ce03a292f2341702c912c
[2m2025-12-10T10:19:13.078309Z[0m [34mDEBUG[0m [2methereum_transaction_pool_monitor::eth_client[0m[2m:[0m 📨 Received WebSocket message: {"jsonrpc":"2.0","method":"eth_subscription","params":{"subscription":"0xbed0a0851463e895960a451075a301a9","result":"0xe2bf77e465f2bce8c0df37aac23c4b47e9cfaf29899ed4245d08487b58e8cb0a"}}
[2m2025-12-10T10:19:13.078313Z[0m [34mDEBUG[0m [2methereum_transaction_pool_monitor::eth_client[0m[2m:[0m 📨 Received pending transaction: 0xe2bf77e465f2bce8c0df37aac23c4b47e9cfaf29899ed4245d08487b58e8cb0a
[2m2025-12-10T10:19:13.078317Z[0m [34mDEBUG[0m [2methereum_transaction_pool_monitor::eth_client[0m[2m:[0m 📨 Received WebSocket message: {"jsonrpc":"2.0","method":"eth_subscription","params":{"subscription":"0xbed0a0851463e895960a451075a301a9","result":"0x7ee764f20dbbf9d48f5f905e4bc4ae999210611275173e87dd84ab56d9944012"}}
[2m2025-12-10T10:19:13.078321Z[0m [34mDEBUG[0m [2methereum_transaction_pool_monitor::eth_client[0m[2m:[0m 📨 Received pending transaction: 0x7ee764f20dbbf9d48f5f905e4bc4ae999210611275173e87dd84ab56d9944012
[2m2025-12-10T10:19:13.078324Z[0m [34mDEBUG[0m [2methereum_transaction_pool_monitor::eth_client[0m[2m:[0m 📨 Received WebSocket message: {"jsonrpc":"2.0","method":"eth_subscription","params":{"subscription":"0xbed0a0851463e895960a451075a301a9","result":"0xfa865cd80b562f451d47810ceb2ba7429d02c8492d6fbff19bb53d01920f818a"}}
[2m2025-12-10T10:19:13.078329Z[0m [34mDEBUG[0m [2methereum_transaction_pool_monitor::eth_client[0m[2m:[0m 📨 Received pending transaction: 0xfa865cd80b562f451d47810ceb2ba7429d02c8492d6fbff19bb53d01920f818a
[2m2025-12-10T10:19:13.078333Z[0m [34mDEBUG[0m [2methereum_transaction_pool_monitor::eth_client[0m[2m:[0m 📨 Received WebSocket message: {"jsonrpc":"2.0","method":"eth_subscription","params":{"subscription":"0xbed0a0851463e895960a451075a301a9","result":"0x28ed55a0e1b1bf7c68b263bc5dd68ac99132d01d1940d2603401acb8b5339540"}}
[2m2025-12-10T10:19:13.078337Z[0m [34mDEBUG[0m [2methereum_transaction_pool_monitor::eth_client[0m[2m:[0m 📨 Received pending transaction: 0x28ed55a0e1b1bf7c68b263bc5dd68ac99132d01d1940d2603401acb8b5339540
[2m2025-12-10T10:19:13.078341Z[0m [34mDEBUG[0m [2methereum_transaction_pool_monitor::eth_client[0m[2m:[0m 📨 Received WebSocket message: {"jsonrpc":"2.0","method":"eth_subscription","params":{"subscription":"0xbed0a0851463e895960a451075a301a9","result":"0xe6938ea052224f5c54f19055407aa2b76069af8913b9ff0ea8b0a73da38b34ca"}}
[2m2025-12-10T10:19:13.078345Z[0m [34mDEBUG[0m [2methereum_transaction_pool_monitor::eth_client[0m[2m:[0m 📨 Received pending transaction: 0xe6938ea052224f5c54f19055407aa2b76069af8913b9ff0ea8b0a73da38b34ca
[2m2025-12-10T10:19:13.078349Z[0m [34mDEBUG[0m [2methereum_transaction_pool_monitor::eth_client[0m[2m:[0m 📨 Received WebSocket message: {"jsonrpc":"2.0","method":"eth_subscription","params":{"subscription":"0xbed0a0851463e895960a451075a301a9","result":"0x4784077fdf957758100fe89302d07219359fc6e7e81c7368c6487a9bebab3d66"}}
[2m2025-12-10T10:19:13.078353Z[0m [34mDEBUG[0m [2methereum_transaction_pool_monitor::eth_client[0m[2m:[0m 📨 Received pending transaction: 0x4784077fdf957758100fe89302d07219359fc6e7e81c7368c6487a9bebab3d66
[2m2025-12-10T10:19:13.078357Z[0m [34mDEBUG[0m [2methereum_transaction_pool_monitor::eth_client[0m[2m:[0m 📨 Received WebSocket message: {"jsonrpc":"2.0","method":"eth_subscription","params":{"subscription":"0xbed0a0851463e895960a451075a301a9","result":"0x87a2bf278726892c3a2ca5487c189811a35869df73ec0afacfdb3a84be76ad74"}}
[2m2025-12-10T10:19:13.078361Z[0m [34mDEBUG[0m [2methereum_transaction_pool_monitor::eth_client[0m[2m:[0m 📨 Received pending transaction: 0x87a2bf278726892c3a2ca5487c189811a35869df73ec0afacfdb3a84be76ad74
[2m2025-12-10T10:19:13.078365Z[0m [34mDEBUG[0m [2methereum_transaction_pool_monitor::eth_client[0m[2m:[0m 📨 Received WebSocket message: {"jsonrpc":"2.0","method":"eth_subscription","params":{"subscription":"0xbed0a0851463e895960a451075a301a9","result":"0xb4b2f5ec16ccbbf14c6cecb6fbf19d12224fd1d103dee5866de013409a855d1a"}}
[2m2025-12-10T10:19:13.078369Z[0m [34mDEBUG[0m [2methereum_transaction_pool_monitor::eth_client[0m[2m:[0m 📨 Received pending transaction: 0xb4b2f5ec16ccbbf14c6cecb6fbf19d12224fd1d103dee5866de013409a855d1a
[2m2025-12-10T10:19:13.078373Z[0m [34mDEBUG[0m [2methereum_transaction_pool_monitor::eth_client[0m[2m:[0m 📨 Received WebSocket message: {"jsonrpc":"2.0","method":"eth_subscription","params":{"subscription":"0xbed0a0851463e895960a451075a301a9","result":"0x67941915d4d41ef59962c52f5b60b9f5ed6123c6a9c3cf8f20654be198c3142c"}}
[2m2025-12-10T10:19:13.078377Z[0m [34mDEBUG[0m [2methereum_transaction_pool_monitor::eth_client[0m[2m:[0m 📨 Received pending transaction: 0x67941915d4d41ef59962c52f5b60b9f5ed6123c6a9c3cf8f20654be198c3142c
[2m2025-12-10T10:19:13.078381Z[0m [34mDEBUG[0m [2methereum_transaction_pool_monitor::eth_client[0m[2m:[0m 📨 Received WebSocket message: {"jsonrpc":"2.0","method":"eth_subscription","params":{"subscription":"0xbed0a0851463e895960a451075a301a9","result":"0x552823b3fa5ff5660d44e76295adb580bb57c30ae67a588c79b3096ec628ae0d"}}
[2m2025-12-10T10:19:13.078385Z[0m [34mDEBUG[0m [2methereum_transaction_pool_monitor::eth_client[0m[2m:[0m 📨 Received pending transaction: 0x552823b3fa5ff5660d44e76295adb580bb57c30ae67a588c79b3096ec628ae0d
[2m2025-12-10T10:19:13.078389Z[0m [34mDEBUG[0m [2methereum_transaction_pool_monitor::eth_client[0m[2m:[0m 📨 Received WebSocket message: {"jsonrpc":"2.0","method":"eth_subscription","params":{"subscription":"0xbed0a0851463e895960a451075a301a9","result":"0x9c0ea1ed6a176da8e01bc616625113c75bfa5a6274c2149551fb4a4e99e197f2"}}
[2m2025-12-10T10:19:13.078393Z[0m [34mDEBUG[0m [2methereum_transaction_pool_monitor::eth_client[0m[2m:[0m 📨 Received pending transaction: 0x9c0ea1ed6a176da8e01bc616625113c75bfa5a6274c2149551fb4a4e99e197f2
[2m2025-12-10T10:19:13.078397Z[0m [34mDEBUG[0m [2methereum_transaction_pool_monitor::eth_client[0m[2m:[0m 📨 Received WebSocket message: {"jsonrpc":"2.0","method":"eth_subscription","params":{"subscription":"0xbed0a0851463e895960a451075a301a9","result":"0x1c4fe2b7fff94c8569854fbdb7f77a0a89fa961267b9fd49b83a681b8b7e0267"}}
[2m2025-12-10T10:19:13.078401Z[0m [34mDEBUG[0m [2methereum_transaction_pool_monitor::eth_client[0m[2m:[0m 📨 Received pending transaction: 0x1c4fe2b7fff94c8569854fbdb7f77a0a89fa961267b9fd49b83a681b8b7e0267
[2m2025-12-10T10:19:13.078405Z[0m [34mDEBUG[0m [2methereum_transaction_pool_monitor::eth_client[0m[2m:[0m 📨 Received WebSocket message: {"jsonrpc":"2.0","method":"eth_subscription","params":{"subscription":"0xbed0a0851463e895960a451075a301a9","result":"0xad6166ee2d621bfb5e72234b2d4ab55065f48e9a821aca4c8258ff31158a7070"}}
[2m2025-12-10T10:19:13.078409Z[0m [34mDEBUG[0m [2methereum_transaction_pool_monitor::eth_client[0m[2m:[0m 📨 Received pending transaction: 0xad6166ee2d621bfb5e72234b2d4ab55065f48e9a821aca4c8258ff31158a7070
[2m2025-12-10T10:19:13.078413Z[0m [34mDEBUG[0m [2methereum_transaction_pool_monitor::eth_client[0m[2m:[0m 📨 Received WebSocket message: {"jsonrpc":"2.0","method":"eth_subscription","params":{"subscription":"0xbed0a0851463e895960a451075a301a9","result":"0x0c37db844295bccec99c456983ab7ca97fba9f9243c8164e8a7cd7a3d6005744"}}
[2m2025-12-10T10:19:13.078418Z[0m [34mDEBUG[0m [2methereum_transaction_pool_monitor::eth_client[0m[2m:[0m 📨 Received pending transaction: 0x0c37db844295bccec99c456983ab7ca97fba9f9243c8164e8a7cd7a3d6005744
[2m2025-12-10T10:19:13.078422Z[0m [34mDEBUG[0m [2methereum_transaction_pool_monitor::eth_client[0m[2m:[0m 📨 Received WebSocket message: {"jsonrpc":"2.0","method":"eth_subscription","params":{"subscription":"0xbed0a0851463e895960a451075a301a9","result":"0xcc8a3989be454d167b9570d0cd52a7419f4c309b32e2f57253b6e0006350314c"}}
[2m2025-12-10T10:19:13.078426Z[0m [34mDEBUG[0m [2methereum_transaction_pool_monitor::eth_client[0m[2m:[0m 📨 Received pending transaction: 0xcc8a3989be454d167b9570d0cd52a7419f4c309b32e2f57253b6e0006350314c
[2m2025-12-10T10:19:13.078430Z[0m [34mDEBUG[0m [2methereum_transaction_pool_monitor::eth_client[0m[2m:[0m 📨 Received WebSocket message: {"jsonrpc":"2.0","method":"eth_subscription","params":{"subscription":"0xbed0a0851463e895960a451075a301a9","result":"0x175218a061e9d16ca1900cdbe91fc580ec37e68e32ff6f8a304219cb73316622"}}
[2m2025-12-10T10:19:13.078434Z[0m [34mDEBUG[0m [2methereum_transaction_pool_monitor::eth_client[0m[2m:[0m 📨 Received pending transaction: 0x175218a061e9d16ca1900cdbe91fc580ec37e68e32ff6f8a304219cb73316622
[2m2025-12-10T10:19:13.078438Z[0m [34mDEBUG[0m [2methereum_transaction_pool_monitor::eth_client[0m[2m:[0m 📨 Received WebSocket message: {"jsonrpc":"2.0","method":"eth_subscription","params":{"subscription":"0xbed0a0851463e895960a451075a301a9","result":"0x2f77cc3bc38ee12eebbeac433819c03bf7bedf176516d250c5b121b1f1f86bbd"}}
[2m2025-12-10T10:19:13.078442Z[0m [34mDEBUG[0m [2methereum_transaction_pool_monitor::eth_client[0m[2m:[0m 📨 Received pending transaction: 0x2f77cc3bc38ee12eebbeac433819c03bf7bedf176516d250c5b121b1f1f86bbd
[2m2025-12-10T10:19:13.078447Z[0m [34mDEBUG[0m [2methereum_transaction_pool_monitor::eth_client[0m[2m:[0m 📨 Received WebSocket message: {"jsonrpc":"2.0","method":"eth_subscription","params":{"subscription":"0xbed0a0851463e895960a451075a301a9","result":"0xe0ab49a6a175f856500fc0a0ee16483546a8e1196c37a3cdd2a739069c60f422"}}
[2m2025-12-10T10:19:13.078452Z[0m [34mDEBUG[0m [2methereum_transaction_pool_monitor::eth_client[0m[2m:[0m 📨 Received pending transaction: 0xe0ab49a6a175f856500fc0a0ee16483546a8e1196c37a3cdd2a739069c60f422
[2m2025-12-10T10:19:13.078479Z[0m [34mDEBUG[0m [2methereum_transaction_pool_monitor::eth_client[0m[2m:[0m 📨 Received WebSocket message: {"jsonrpc":"2.0","method":"eth_subscription","params":{"subscription":"0xbed0a0851463e895960a451075a301a9","result":"0xbbda88ff80f9542da51dcacf6282ebd571c20bf22a23f4b4d2810b0480bfb83b"}}
[2m2025-12-10T10:19:13.078486Z[0m [34mDEBUG[0m [2methereum_transaction_pool_monitor::eth_client[0m[2m:[0m 📨 Received pending transaction: 0xbbda88ff80f9542da51dcacf6282ebd571c20bf22a23f4b4d2810b0480bfb83b
[2m2025-12-10T10:19:13.078490Z[0m [34mDEBUG[0m [2methereum_transaction_pool_monitor::eth_client[0m[2m:[0m 📨 Received WebSocket message: {"jsonrpc":"2.0","method":"eth_subscription","params":{"subscription":"0xbed0a0851463e895960a451075a301a9","result":"0x31f59ff2f850edd5bd97384073cfee900b1e9bcd001cc8e2ffb013a3a217a45d"}}
[2m2025-12-10T10:19:13.078495Z[0m [34mDEBUG[0m [2methereum_transaction_pool_monitor::eth_client[0m[2m:[0m 📨 Received pending transaction: 0x31f59ff2f850edd5bd97384073cfee900b1e9bcd001cc8e2ffb013a3a217a45d
[2m2025-12-10T10:19:13.078499Z[0m [34mDEBUG[0m [2methereum_transaction_pool_monitor::eth_client[0m[2m:[0m 📨 Received WebSocket message: {"jsonrpc":"2.0","method":"eth_subscription","params":{"subscription":"0xbed0a0851463e895960a451075a301a9","result":"0x19c8bf23af5a512aae6836e7b11692c6403c0ccf1514a2b409d5940c3c71bc98"}}
[2m2025-12-10T10:19:13.078503Z[0m [34mDEBUG[0m [2methereum_transaction_pool_monitor::eth_client[0m[2m:[0m 📨 Received pending transaction: 0x19c8bf23af5a512aae6836e7b11692c6403c0ccf1514a2b409d5940c3c71bc98
[2m2025-12-10T10:19:13.078507Z[0m [34mDEBUG[0m [2methereum_transaction_pool_monitor::eth_client[0m[2m:[0m 📨 Received WebSocket message: {"jsonrpc":"2.0","method":"eth_subscription","params":{"subscription":"0xbed0a0851463e895960a451075a301a9","result":"0x5bac5e933c0c4f008a450566fa67a49de1c371d64aadccf37bc26ed92625f521"}}
[2m2025-12-10T10:19:13.078511Z[0m [34mDEBUG[0m [2methereum_transaction_pool_monitor::eth_client[0m[2m:[0m 📨 Received pending transaction: 0x5bac5e933c0c4f008a450566fa67a49de1c371d64aadccf37bc26ed92625f521
[2m2025-12-10T10:19:13.078515Z[0m [34mDEBUG[0m [2methereum_transaction_pool_monitor::eth_client[0m[2m:[0m 📨 Received WebSocket message: {"jsonrpc":"2.0","method":"eth_subscription","params":{"subscription":"0xbed0a0851463e895960a451075a301a9","result":"0x5cb6c5150176fcbff7d64527c6a720d658e9cb23061aa35d72fca4c4535601af"}}
[2m2025-12-10T10:19:13.078519Z[0m [34mDEBUG[0m [2methereum_transaction_pool_monitor::eth_client[0m[2m:[0m 📨 Received pending transaction: 0x5cb6c5150176fcbff7d64527c6a720d658e9cb23061aa35d72fca4c4535601af
[2m2025-12-10T10:19:13.078523Z[0m [34mDEBUG[0m [2methereum_transaction_pool_monitor::eth_client[0m[2m:[0m 📨 Received WebSocket message: {"jsonrpc":"2.0","method":"eth_subscription","params":{"subscription":"0xbed0a0851463e895960a451075a301a9","result":"0x18bfaaaeccac7a5f56d9438d8cdfee66b53cb50cdb2fd0f22fcff7d0d997ac62"}}
[2m2025-12-10T10:19:13.078527Z[0m [34mDEBUG[0m [2methereum_transaction_pool_monitor::eth_client[0m[2m:[0m 📨 Received pending transaction: 0x18bfaaaeccac7a5f56d9438d8cdfee66b53cb50cdb2fd0f22fcff7d0d997ac62
[2m2025-12-10T10:19:13.078531Z[0m [34mDEBUG[0m [2methereum_transaction_pool_monitor::eth_client[0m[2m:[0m 📨 Received WebSocket message: {"jsonrpc":"2.0","method":"eth_subscription","params":{"subscription":"0xbed0a0851463e895960a451075a301a9","result":"0x8a355bbbcae6f57e1f2de5b24540d294b885d9cea3253af7e9422937ef808c17"}}
[2m2025-12-10T10:19:13.078535Z[0m [34mDEBUG[0m [2methereum_transaction_pool_monitor::eth_client[0m[2m:[0m 📨 Received pending transaction: 0x8a355bbbcae6f57e1f2de5b24540d294b885d9cea3253af7e9422937ef808c17
[2m2025-12-10T10:19:13.078539Z[0m [34mDEBUG[0m [2methereum_transaction_pool_monitor::eth_client[0m[2m:[0m 📨 Received WebSocket message: {"jsonrpc":"2.0","method":"eth_subscription","params":{"subscription":"0xbed0a0851463e895960a451075a301a9","result":"0x80864c8deaefb54d7db7dbf3377f2621be26eb6215ca9fd2d0dbba15e8bf35a4"}}
[2m2025-12-10T10:19:13.078560Z[0m [34mDEBUG[0m [2methereum_transaction_pool_monitor::eth_client[0m[2m:[0m 📨 Received pending transaction: 0x80864c8deaefb54d7db7dbf3377f2621be26eb6215ca9fd2d0dbba15e8bf35a4
[2m2025-12-10T10:19:13.078565Z[0m [34mDEBUG[0m [2methereum_transaction_pool_monitor::eth_client[0m[2m:[0m 📨 Received WebSocket message: {"jsonrpc":"2.0","method":"eth_subscription","params":{"subscription":"0xbed0a0851463e895960a451075a301a9","result":"0xa5c107f81a20c4c1eab78bdd1899452c16cb49f52bca0d1c6da38698b1a5670a"}}
[2m2025-12-10T10:19:13.078569Z[0m [34mDEBUG[0m [2methereum_transaction_pool_monitor::eth_client[0m[2m:[0m 📨 Received pending transaction: 0xa5c107f81a20c4c1eab78bdd1899452c16cb49f52bca0d1c6da38698b1a5670a
[2m2025-12-10T10:19:13.078573Z[0m [34mDEBUG[0m [2methereum_transaction_pool_monitor::eth_client[0m[2m:[0m 📨 Received WebSocket message: {"jsonrpc":"2.0","method":"eth_subscription","params":{"subscription":"0xbed0a0851463e895960a451075a301a9","result":"0x18a05a8cf5657426f1177f697c0d3c62507afa328bc934ec49951b9913bee1d9"}}
[2m2025-12-10T10:19:13.078577Z[0m [34mDEBUG[0m [2methereum_transaction_pool_monitor::eth_client[0m[2m:[0m 📨 Received pending transaction: 0x18a05a8cf5657426f1177f697c0d3c62507afa328bc934ec49951b9913bee1d9
[2m2025-12-10T10:19:13.078581Z[0m [34mDEBUG[0m [2methereum_transaction_pool_monitor::eth_client[0m[2m:[0m 📨 Received WebSocket message: {"jsonrpc":"2.0","method":"eth_subscription","params":{"subscription":"0xbed0a0851463e895960a451075a301a9","result":"0xe23603f362ea86491b43b6a1f69a16f43b1c37ce856dda533c10fa679a2ef1f2"}}
[2m2025-12-10T10:19:13.078585Z[0m [34mDEBUG[0m [2methereum_transaction_pool_monitor::eth_client[0m[2m:[0m 📨 Received pending transaction: 0xe23603f362ea86491b43b6a1f69a16f43b1c37ce856dda533c10fa679a2ef1f2
[2m2025-12-10T10:19:13.078589Z[0m [34mDEBUG[0m [2methereum_transaction_pool_monitor::eth_client[0m[2m:[0m 📨 Received WebSocket message: {"jsonrpc":"2.0","method":"eth_subscription","params":{"subscription":"0xbed0a0851463e895960a451075a301a9","result":"0x32c301e179171b49c3c0201d7d43c9512d448948850201a4736bb6800c7d045d"}}
[2m2025-12-10T10:19:13.078607Z[0m [34mDEBUG[0m [2methereum_transaction_pool_monitor::eth_client[0m[2m:[0m 📨 Received pending transaction: 0x32c301e179171b49c3c0201d7d43c9512d448948850201a4736bb6800c7d045d
[2m2025-12-10T10:19:13.078611Z[0m [34mDEBUG[0m [2methereum_transaction_pool_monitor::eth_client[0m[2m:[0m 📨 Received WebSocket message: {"jsonrpc":"2.0","method":"eth_subscription","params":{"subscription":"0xbed0a0851463e895960a451075a301a9","result":"0x781dd6979476e98bf74e815c41f650261be06cdc8cfe38824f92f0c2faebe05a"}}
[2m2025-12-10T10:19:13.078661Z[0m [34mDEBUG[0m [2methereum_transaction_pool_monitor::eth_client[0m[2m:[0m 📨 Received pending transaction: 0x781dd6979476e98bf74e815c41f650261be06cdc8cfe38824f92f0c2faebe05a
[2m2025-12-10T10:19:13.078700Z[0m [34mDEBUG[0m [2methereum_transaction_pool_monitor::eth_client[0m[2m:[0m 📨 Received WebSocket message: {"jsonrpc":"2.0","method":"eth_subscription","params":{"subscription":"0xbed0a0851463e895960a451075a301a9","result":"0x29e514cdc4e781377856adc1f4611d069453c61ce9821abc49b0f15c7d7ee520"}}
[2m2025-12-10T10:19:13.078743Z[0m [34mDEBUG[0m [2methereum_transaction_pool_monitor::eth_client[0m[2m:[0m 📨 Received pending transaction: 0x29e514cdc4e781377856adc1f4611d069453c61ce9821abc49b0f15c7d7ee520
[2m2025-12-10T10:19:13.078766Z[0m [34mDEBUG[0m [2methereum_transaction_pool_monitor::eth_client[0m[2m:[0m 📨 Received WebSocket message: {"jsonrpc":"2.0","method":"eth_subscription","params":{"subscription":"0xbed0a0851463e895960a451075a301a9","result":"0xad4f9332238767f9de121def3aea1718e1732a62cf46ac98d784de863b1aa9fc"}}
[2m2025-12-10T10:19:13.078799Z[0m [34mDEBUG[0m [2methereum_transaction_pool_monitor::eth_client[0m[2m:[0m 📨 Received pending transaction: 0xad4f9332238767f9de121def3aea1718e1732a62cf46ac98d784de863b1aa9fc
[2m2025-12-10T10:19:13.078807Z[0m [34mDEBUG[0m [2methereum_transaction_pool_monitor::eth_client[0m[2m:[0m 📨 Received WebSocket message: {"jsonrpc":"2.0","method":"eth_subscription","params":{"subscription":"0xbed0a0851463e895960a451075a301a9","result":"0x6c2e777729d49d472e9c71fb403e8b6ccaa88c8462dc632058919c73122abfe6"}}
[2m2025-12-10T10:19:13.078812Z[0m [34mDEBUG[0m [2methereum_transaction_pool_monitor::eth_client[0m[2m:[0m 📨 Received pending transaction: 0x6c2e777729d49d472e9c71fb403e8b6ccaa88c8462dc632058919c73122abfe6
[2m2025-12-10T10:19:13.078818Z[0m [34mDEBUG[0m [2methereum_transaction_pool_monitor::eth_client[0m[2m:[0m 📨 Received WebSocket message: {"jsonrpc":"2.0","method":"eth_subscription","params":{"subscription":"0xbed0a0851463e895960a451075a301a9","result":"0x5943268fbe9388f6b2917ebe1c5660fa063b78776647fd92e3ffba9ccb373e00"}}
[2m2025-12-10T10:19:13.078823Z[0m [34mDEBUG[0m [2methereum_transaction_pool_monitor::eth_client[0m[2m:[0m 📨 Received pending transaction: 0x5943268fbe9388f6b2917ebe1c5660fa063b78776647fd92e3ffba9ccb373e00
[2m2025-12-10T10:19:13.078827Z[0m [34mDEBUG[0m [2methereum_transaction_pool_monitor::eth_client[0m[2m:[0m 📨 Received WebSocket message: {"jsonrpc":"2.0","method":"eth_subscription","params":{"subscription":"0xbed0a0851463e895960a451075a301a9","result":"0x5034ba5b64816f4c5ea7cdfa5206b2b9443d4857b2796cb57539bee9c690927b"}}
[2m2025-12-10T10:19:13.078832Z[0m [34mDEBUG[0m [2methereum_transaction_pool_monitor::eth_client[0m[2m:[0m 📨 Received pending transaction: 0x5034ba5b64816f4c5ea7cdfa5206b2b9443d4857b2796cb57539bee9c690927b
[2m2025-12-10T10:19:13.078836Z[0m [34mDEBUG[0m [2methereum_transaction_pool_monitor::eth_client[0m[2m:[0m 📨 Received WebSocket message: {"jsonrpc":"2.0","method":"eth_subscription","params":{"subscription":"0xbed0a0851463e895960a451075a301a9","result":"0xd276ddac4546c3b395149f1ea1cf742b6c21b21408b5e03e2186033b7351cfdb"}}
[2m2025-12-10T10:19:13.078840Z[0m [34mDEBUG[0m [2methereum_transaction_pool_monitor::eth_client[0m[2m:[0m 📨 Received pending transaction: 0xd276ddac4546c3b395149f1ea1cf742b6c21b21408b5e03e2186033b7351cfdb
[2m2025-12-10T10:19:13.079388Z[0m [34mDEBUG[0m [2methereum_transaction_pool_monitor::eth_client[0m[2m:[0m 📨 Received WebSocket message: {"jsonrpc":"2.0","method":"eth_subscription","params":{"subscription":"0xbed0a0851463e895960a451075a301a9","result":"0xdf06e071f6d8678ea318f20dc65ccab9e2edc85e06ca7db61ea0f556bca04590"}}
[2m2025-12-10T10:19:13.079396Z[0m [34mDEBUG[0m [2methereum_transaction_pool_monitor::eth_client[0m[2m:[0m 📨 Received pending transaction: 0xdf06e071f6d8678ea318f20dc65ccab9e2edc85e06ca7db61ea0f556bca04590
[2m2025-12-10T10:19:13.079400Z[0m [34mDEBUG[0m [2methereum_transaction_pool_monitor::eth_client[0m[2m:[0m 📨 Received WebSocket message: {"jsonrpc":"2.0","method":"eth_subscription","params":{"subscription":"0xbed0a0851463e895960a451075a301a9","result":"0x0b597679b60763b030575ec2c1a1106cb8ad6485e2cbb9458766aa6ad18fae47"}}
[2m2025-12-10T10:19:13.079404Z[0m [34mDEBUG[0m [2methereum_transaction_pool_monitor::eth_client[0m[2m:[0m 📨 Received pending transaction: 0x0b597679b60763b030575ec2c1a1106cb8ad6485e2cbb9458766aa6ad18fae47
[2m2025-12-10T10:19:13.079408Z[0m [34mDEBUG[0m [2methereum_transaction_pool_monitor::eth_client[0m[2m:[0m 📨 Received WebSocket message: {"jsonrpc":"2.0","method":"eth_subscription","params":{"subscription":"0xbed0a0851463e895960a451075a301a9","result":"0xd5fb48617e0c7828ca69fbfd3adb3d3adb5413e63b6091a05b5496d8ba0b45ea"}}
[2m2025-12-10T10:19:13.079412Z[0m [34mDEBUG[0m [2methereum_transaction_pool_monitor::eth_client[0m[2m:[0m 📨 Received pending transaction: 0xd5fb48617e0c7828ca69fbfd3adb3d3adb5413e63b6091a05b5496d8ba0b45ea
[2m2025-12-10T10:19:13.079416Z[0m [34mDEBUG[0m [2methereum_transaction_pool_monitor::eth_client[0m[2m:[0m 📨 Received WebSocket message: {"jsonrpc":"2.0","method":"eth_subscription","params":{"subscription":"0xbed0a0851463e895960a451075a301a9","result":"0x6498d308902db4ea104d61e8290955ab0944027f918368143001e60592e28fa4"}}
[2m2025-12-10T10:19:13.079420Z[0m [34mDEBUG[0m [2methereum_transaction_pool_monitor::eth_client[0m[2m:[0m 📨 Received pending transaction: 0x6498d308902db4ea104d61e8290955ab0944027f918368143001e60592e28fa4
[2m2025-12-10T10:19:13.079424Z[0m [34mDEBUG[0m [2methereum_transaction_pool_monitor::eth_client[0m[2m:[0m 📨 Received WebSocket message: {"jsonrpc":"2.0","method":"eth_subscription","params":{"subscription":"0xbed0a0851463e895960a451075a301a9","result":"0x28f59b3af4e262bf85b43b5f2b3feaf5114c695c66adfbe59559c007b1ab1196"}}
[2m2025-12-10T10:19:13.079428Z[0m [34mDEBUG[0m [2methereum_transaction_pool_monitor::eth_client[0m[2m:[0m 📨 Received pending transaction: 0x28f59b3af4e262bf85b43b5f2b3feaf5114c695c66adfbe59559c007b1ab1196
[2m2025-12-10T10:19:13.079432Z[0m [34mDEBUG[0m [2methereum_transaction_pool_monitor::eth_client[0m[2m:[0m 📨 Received WebSocket message: {"jsonrpc":"2.0","method":"eth_subscription","params":{"subscription":"0xbed0a0851463e895960a451075a301a9","result":"0x053f9feea6f5fd809ea2a4c41d63f966b9b2057f2a42612bb86650dcdb25b1ea"}}
[2m2025-12-10T10:19:13.079436Z[0m [34mDEBUG[0m [2methereum_transaction_pool_monitor::eth_client[0m[2m:[0m 📨 Received pending transaction: 0x053f9feea6f5fd809ea2a4c41d63f966b9b2057f2a42612bb86650dcdb25b1ea
[2m2025-12-10T10:19:13.079440Z[0m [34mDEBUG[0m [2methereum_transaction_pool_monitor::eth_client[0m[2m:[0m 📨 Received WebSocket message: {"jsonrpc":"2.0","method":"eth_subscription","params":{"subscription":"0xbed0a0851463e895960a451075a301a9","result":"0x36cf6369b61de823293c067952207c0670fdf3e43b192202d0f227bcadb33976"}}
[2m2025-12-10T10:19:13.079444Z[0m [34mDEBUG[0m [2methereum_transaction_pool_monitor::eth_client[0m[2m:[0m 📨 Received pending transaction: 0x36cf6369b61de823293c067952207c0670fdf3e43b192202d0f227bcadb33976
[2m2025-12-10T10:19:13.079448Z[0m [34mDEBUG[0m [2methereum_transaction_pool_monitor::eth_client[0m[2m:[0m 📨 Received WebSocket message: {"jsonrpc":"2.0","method":"eth_subscription","params":{"subscription":"0xbed0a0851463e895960a451075a301a9","result":"0x1a8a3deccc6177f4edc905c5eb22825af46ec905b11f27346e1abad910c34992"}}
[2m2025-12-10T10:19:13.079452Z[0m [34mDEBUG[0m [2methereum_transaction_pool_monitor::eth_client[0m[2m:[0m 📨 Received pending transaction: 0x1a8a3deccc6177f4edc905c5eb22825af46ec905b11f27346e1abad910c34992
[2m2025-12-10T10:19:13.079455Z[0m [34mDEBUG[0m [2methereum_transaction_pool_monitor::eth_client[0m[2m:[0m 📨 Received WebSocket message: {"jsonrpc":"2.0","method":"eth_subscription","params":{"subscription":"0xbed0a0851463e895960a451075a301a9","result":"0x75751d66693b4f4a3aff4c1434bd5ba45ec5b3e8188eb162fe31dc7f4008c2c4"}}
[2m2025-12-10T10:19:13.079460Z[0m [34mDEBUG[0m [2methereum_transaction_pool_monitor::eth_client[0m[2m:[0m 📨 Received pending transaction: 0x75751d66693b4f4a3aff4c1434bd5ba45ec5b3e8188eb162fe31dc7f4008c2c4
[2m2025-12-10T10:19:13.079463Z[0m [34mDEBUG[0m [2methereum_transaction_pool_monitor::eth_client[0m[2m:[0m 📨 Received WebSocket message: {"jsonrpc":"2.0","method":"eth_subscription","params":{"subscription":"0xbed0a0851463e895960a451075a301a9","result":"0xfa8cac26877ce95f56fb8f7077d8527a040892d3b49947540905411bcf87432a"}}
[2m2025-12-10T10:19:13.079468Z[0m [34mDEBUG[0m [2methereum_transaction_pool_monitor::eth_client[0m[2m:[0m 📨 Received pending transaction: 0xfa8cac26877ce95f56fb8f7077d8527a040892d3b49947540905411bcf87432a
[2m2025-12-10T10:19:13.079474Z[0m [34mDEBUG[0m [2methereum_transaction_pool_monitor::eth_client[0m[2m:[0m 📨 Received WebSocket message: {"jsonrpc":"2.0","method":"eth_subscription","params":{"subscription":"0xbed0a0851463e895960a451075a301a9","result":"0x3609ed40dcab69daa590ac5b4226022b7428005aa20252309b4274760794b367"}}
[2m2025-12-10T10:19:13.079533Z[0m [34mDEBUG[0m [2methereum_transaction_pool_monitor::eth_client[0m[2m:[0m 📨 Received pending transaction: 0x3609ed40dcab69daa590ac5b4226022b7428005aa20252309b4274760794b367
[2m2025-12-10T10:19:13.079542Z[0m [34mDEBUG[0m [2methereum_transaction_pool_monitor::eth_client[0m[2m:[0m 📨 Received WebSocket message: {"jsonrpc":"2.0","method":"eth_subscription","params":{"subscription":"0xbed0a0851463e895960a451075a301a9","result":"0x20799d8b97e7bddb50166aa555d6c5a5f75883915794a94d09b21069f7eff708"}}
[2m2025-12-10T10:19:13.079548Z[0m [34mDEBUG[0m [2methereum_transaction_pool_monitor::eth_client[0m[2m:[0m 📨 Received pending transaction: 0x20799d8b97e7bddb50166aa555d6c5a5f75883915794a94d09b21069f7eff708
[2m2025-12-10T10:19:13.079582Z[0m [34mDEBUG[0m [2methereum_transaction_pool_monitor::eth_client[0m[2m:[0m 📨 Received WebSocket message: {"jsonrpc":"2.0","method":"eth_subscription","params":{"subscription":"0xbed0a0851463e895960a451075a301a9","result":"0x58495d85ea2fe27c28a1406d482e42d1107b4ada891ad7508e61067a9f3c2918"}}
[2m2025-12-10T10:19:13.079587Z[0m [34mDEBUG[0m [2methereum_transaction_pool_monitor::eth_client[0m[2m:[0m 📨 Received pending transaction: 0x58495d85ea2fe27c28a1406d482e42d1107b4ada891ad7508e61067a9f3c2918
[2m2025-12-10T10:19:13.079608Z[0m [34mDEBUG[0m [2methereum_transaction_pool_monitor::eth_client[0m[2m:[0m 📨 Received WebSocket message: {"jsonrpc":"2.0","method":"eth_subscription","params":{"subscription":"0xbed0a0851463e895960a451075a301a9","result":"0x45b81d89841c2c0ed85d984b8d1cdebc9dcc3a88edc797bf23962520f5b3917a"}}
[2m2025-12-10T10:19:13.079612Z[0m [34mDEBUG[0m [2methereum_transaction_pool_monitor::eth_client[0m[2m:[0m 📨 Received pending transaction: 0x45b81d89841c2c0ed85d984b8d1cdebc9dcc3a88edc797bf23962520f5b3917a
[2m2025-12-10T10:19:13.079616Z[0m [34mDEBUG[0m [2methereum_transaction_pool_monitor::eth_client[0m[2m:[0m 📨 Received WebSocket message: {"jsonrpc":"2.0","method":"eth_subscription","params":{"subscription":"0xbed0a0851463e895960a451075a301a9","result":"0x35cfa2c668d2009b6f37a640eced46c23afbfb0384cce2b1296da0cbd0dac7a5"}}
[2m2025-12-10T10:19:13.079621Z[0m [34mDEBUG[0m [2methereum_transaction_pool_monitor::eth_client[0m[2m:[0m 📨 Received pending transaction: 0x35cfa2c668d2009b6f37a640eced46c23afbfb0384cce2b1296da0cbd0dac7a5
[2m2025-12-10T10:19:13.079633Z[0m [34mDEBUG[0m [2methereum_transaction_pool_monitor::eth_client[0m[2m:[0m 📨 Received WebSocket message: {"jsonrpc":"2.0","method":"eth_subscription","params":{"subscription":"0xbed0a0851463e895960a451075a301a9","result":"0x4e0a96855d0a911bad60ccb388d5731204d6a27e2f13c2ea933d16c4e2a0da0c"}}
[2m2025-12-10T10:19:13.079638Z[0m [34mDEBUG[0m [2methereum_transaction_pool_monitor::eth_client[0m[2m:[0m 📨 Received pending transaction: 0x4e0a96855d0a911bad60ccb388d5731204d6a27e2f13c2ea933d16c4e2a0da0c
[2m2025-12-10T10:19:13.079642Z[0m [34mDEBUG[0m [2methereum_transaction_pool_monitor::eth_client[0m[2m:[0m 📨 Received WebSocket message: {"jsonrpc":"2.0","method":"eth_subscription","params":{"subscription":"0xbed0a0851463e895960a451075a301a9","result":"0xed9e374734ffbdef509f1d13c78ecf668915fecc0d47c09af59eb82ce30a9cca"}}
[2m2025-12-10T10:19:13.079646Z[0m [34mDEBUG[0m [2methereum_transaction_pool_monitor::eth_client[0m[2m:[0m 📨 Received pending transaction: 0xed9e374734ffbdef509f1d13c78ecf668915fecc0d47c09af59eb82ce30a9cca
[2m2025-12-10T10:19:13.079651Z[0m [34mDEBUG[0m [2methereum_transaction_pool_monitor::eth_client[0m[2m:[0m 📨 Received WebSocket message: {"jsonrpc":"2.0","method":"eth_subscription","params":{"subscription":"0xbed0a0851463e895960a451075a301a9","result":"0x5d1eff78edd8ba7acfb5d02e0ad2f111d94ab83ecc10e66304fa101a9feb8012"}}
[2m2025-12-10T10:19:13.079655Z[0m [34mDEBUG[0m [2methereum_transaction_pool_monitor::eth_client[0m[2m:[0m 📨 Received pending transaction: 0x5d1eff78edd8ba7acfb5d02e0ad2f111d94ab83ecc10e66304fa101a9feb8012
[2m2025-12-10T10:19:13.079659Z[0m [34mDEBUG[0m [2methereum_transaction_pool_monitor::eth_client[0m[2m:[0m 📨 Received WebSocket message: {"jsonrpc":"2.0","method":"eth_subscription","params":{"subscription":"0xbed0a0851463e895960a451075a301a9","result":"0x340dd18ce64950a56d6fbe7e89e5c0f28b54df7c6f3e962ed088e473e8dc0b61"}}
[2m2025-12-10T10:19:13.079663Z[0m [34mDEBUG[0m [2methereum_transaction_pool_monitor::eth_client[0m[2m:[0m 📨 Received pending transaction: 0x340dd18ce64950a56d6fbe7e89e5c0f28b54df7c6f3e962ed088e473e8dc0b61
[2m2025-12-10T10:19:13.079669Z[0m [34mDEBUG[0m [2methereum_transaction_pool_monitor::eth_client[0m[2m:[0m 📨 Received WebSocket message: {"jsonrpc":"2.0","method":"eth_subscription","params":{"subscription":"0xbed0a0851463e895960a451075a301a9","result":"0xaad44ab9e1b5d12c4de231edd2210a2e155f35c49e27601d88e117b719758927"}}
[2m2025-12-10T10:19:13.079674Z[0m [34mDEBUG[0m [2methereum_transaction_pool_monitor::eth_client[0m[2m:[0m 📨 Received pending transaction: 0xaad44ab9e1b5d12c4de231edd2210a2e155f35c49e27601d88e117b719758927
[2m2025-12-10T10:19:13.079678Z[0m [34mDEBUG[0m [2methereum_transaction_pool_monitor::eth_client[0m[2m:[0m 📨 Received WebSocket message: {"jsonrpc":"2.0","method":"eth_subscription","params":{"subscription":"0xbed0a0851463e895960a451075a301a9","result":"0x26f5c2ea627eda9d875280de2965048affef494e80e24ace06b8fa6efca54314"}}
[2m2025-12-10T10:19:13.079682Z[0m [34mDEBUG[0m [2methereum_transaction_pool_monitor::eth_client[0m[2m:[0m 📨 Received pending transaction: 0x26f5c2ea627eda9d875280de2965048affef494e80e24ace06b8fa6efca54314
[2m2025-12-10T10:19:13.079686Z[0m [34mDEBUG[0m [2methereum_transaction_pool_monitor::eth_client[0m[2m:[0m 📨 Received WebSocket message: {"jsonrpc":"2.0","method":"eth_subscription","params":{"subscription":"0xbed0a0851463e895960a451075a301a9","result":"0x0e114eb4d6e4a4fb840494e4eeece7b1b7a894ec8aac9b2293776f9116bda726"}}
[2m2025-12-10T10:19:13.079690Z[0m [34mDEBUG[0m [2methereum_transaction_pool_monitor::eth_client[0m[2m:[0m 📨 Received pending transaction: 0x0e114eb4d6e4a4fb840494e4eeece7b1b7a894ec8aac9b2293776f9116bda726
[2m2025-12-10T10:19:13.079709Z[0m [34mDEBUG[0m [2methereum_transaction_pool_monitor::eth_client[0m[2m:[0m 📨 Received WebSocket message: {"jsonrpc":"2.0","method":"eth_subscription","params":{"subscription":"0xbed0a0851463e895960a451075a301a9","result":"0x27e84b3067e5487336e9d8a718fe877df05991ebfb09ac4e41c46b1f91cf8f81"}}
[2m2025-12-10T10:19:13.079720Z[0m [34mDEBUG[0m [2methereum_transaction_pool_monitor::eth_client[0m[2m:[0m 📨 Received pending transaction: 0x27e84b3067e5487336e9d8a718fe877df05991ebfb09ac4e41c46b1f91cf8f81
[2m2025-12-10T10:19:13.079725Z[0m [34mDEBUG[0m [2methereum_transaction_pool_monitor::eth_client[0m[2m:[0m 📨 Received WebSocket message: {"jsonrpc":"2.0","method":"eth_subscription","params":{"subscription":"0xbed0a0851463e895960a451075a301a9","result":"0xfe79d014dc80ed4ca285407e4d6d8f794c08fa3eaf8cfba0f4675b521bb2debe"}}
[2m2025-12-10T10:19:13.079739Z[0m [34mDEBUG[0m [2methereum_transaction_pool_monitor::eth_client[0m[2m:[0m 📨 Received pending transaction: 0xfe79d014dc80ed4ca285407e4d6d8f794c08fa3eaf8cfba0f4675b521bb2debe
[2m2025-12-10T10:19:13.079744Z[0m [34mDEBUG[0m [2methereum_transaction_pool_monitor::eth_client[0m[2m:[0m 📨 Received WebSocket message: {"jsonrpc":"2.0","method":"eth_subscription","params":{"subscription":"0xbed0a0851463e895960a451075a301a9","result":"0xdd2522fb656fce400431d4094c3ae2f54052eed902b2730f7be86acb27ef0c6d"}}
[2m2025-12-10T10:19:13.079749Z[0m [34mDEBUG[0m [2methereum_transaction_pool_monitor::eth_client[0m[2m:[0m 📨 Received pending transaction: 0xdd2522fb656fce400431d4094c3ae2f54052eed902b2730f7be86acb27ef0c6d
[2m2025-12-10T10:19:13.079754Z[0m [34mDEBUG[0m [2methereum_transaction_pool_monitor::eth_client[0m[2m:[0m 📨 Received WebSocket message: {"jsonrpc":"2.0","method":"eth_subscription","params":{"subscription":"0xbed0a0851463e895960a451075a301a9","result":"0x5cdb47d5bf473aac342f8d843c3b728243f8f330770425589596958d0910d71a"}}
[2m2025-12-10T10:19:13.079759Z[0m [34mDEBUG[0m [2methereum_transaction_pool_monitor::eth_client[0m[2m:[0m 📨 Received pending transaction: 0x5cdb47d5bf473aac342f8d843c3b728243f8f330770425589596958d0910d71a
[2m2025-12-10T10:19:13.079763Z[0m [34mDEBUG[0m [2methereum_transaction_pool_monitor::eth_client[0m[2m:[0m 📨 Received WebSocket message: {"jsonrpc":"2.0","method":"eth_subscription","params":{"subscription":"0xbed0a0851463e895960a451075a301a9","result":"0xf5aa3f144b02fc3b82a4a948835d0baf7c658e85efa343c60da764b19138350c"}}
[2m2025-12-10T10:19:13.079768Z[0m [34mDEBUG[0m [2methereum_transaction_pool_monitor::eth_client[0m[2m:[0m 📨 Received pending transaction: 0xf5aa3f144b02fc3b82a4a948835d0baf7c658e85efa343c60da764b19138350c
[2m2025-12-10T10:19:13.079772Z[0m [34mDEBUG[0m [2methereum_transaction_pool_monitor::eth_client[0m[2m:[0m 📨 Received WebSocket message: {"jsonrpc":"2.0","method":"eth_subscription","params":{"subscription":"0xbed0a0851463e895960a451075a301a9","result":"0x9a68efd90c0a6aa352289f9f7ac9139b795665fbefc44a757479d8fcfe19de69"}}
[2m2025-12-10T10:19:13.079776Z[0m [34mDEBUG[0m [2methereum_transaction_pool_monitor::eth_client[0m[2m:[0m 📨 Received pending transaction: 0x9a68efd90c0a6aa352289f9f7ac9139b795665fbefc44a757479d8fcfe19de69
[2m2025-12-10T10:19:13.079780Z[0m [34mDEBUG[0m [2methereum_transaction_pool_monitor::eth_client[0m[2m:[0m 📨 Received WebSocket message: {"jsonrpc":"2.0","method":"eth_subscription","params":{"subscription":"0xbed0a0851463e895960a451075a301a9","result":"0x0f11f3fcb83d009adf8c3948e23bb6be9b5a1deaa33a5b6f2d5aa42e02a10100"}}
[2m2025-12-10T10:19:13.079784Z[0m [34mDEBUG[0m [2methereum_transaction_pool_monitor::eth_client[0m[2m:[0m 📨 Received pending transaction: 0x0f11f3fcb83d009adf8c3948e23bb6be9b5a1deaa33a5b6f2d5aa42e02a10100
[2m2025-12-10T10:19:13.079788Z[0m [34mDEBUG[0m [2methereum_transaction_pool_monitor::eth_client[0m[2m:[0m 📨 Received WebSocket message: {"jsonrpc":"2.0","method":"eth_subscription","params":{"subscription":"0xbed0a0851463e895960a451075a301a9","result":"0xf887a98b8039af2346e04c43a5917fbc7c9774c7e79feba7ba6917efa17fa2be"}}
[2m2025-12-10T10:19:13.079792Z[0m [34mDEBUG[0m [2methereum_transaction_pool_monitor::eth_client[0m[2m:[0m 📨 Received pending transaction: 0xf887a98b8039af2346e04c43a5917fbc7c9774c7e79feba7ba6917efa17fa2be
[2m2025-12-10T10:19:13.079796Z[0m [34mDEBUG[0m [2methereum_transaction_pool_monitor::eth_client[0m[2m:[0m 📨 Received WebSocket message: {"jsonrpc":"2.0","method":"eth_subscription","params":{"subscription":"0xbed0a0851463e895960a451075a301a9","result":"0x858a80b2257d591db74211b0d47d40025d930a45c740b1f9e43b7e56f445224d"}}
[2m2025-12-10T10:19:13.079801Z[0m [34mDEBUG[0m [2methereum_transaction_pool_monitor::eth_client[0m[2m:[0m 📨 Received pending transaction: 0x858a80b2257d591db74211b0d47d40025d930a45c740b1f9e43b7e56f445224d
[2m2025-12-10T10:19:13.079804Z[0m [34mDEBUG[0m [2methereum_transaction_pool_monitor::eth_client[0m[2m:[0m 📨 Received WebSocket message: {"jsonrpc":"2.0","method":"eth_subscription","params":{"subscription":"0xbed0a0851463e895960a451075a301a9","result":"0xbcb176f3ef31443674eb62d27ae1f5ce7f397cdea15107ba58b2ab1007abbcc2"}}
[2m2025-12-10T10:19:13.079816Z[0m [34mDEBUG[0m [2methereum_transaction_pool_monitor::eth_client[0m[2m:[0m 📨 Received pending transaction: 0xbcb176f3ef31443674eb62d27ae1f5ce7f397cdea15107ba58b2ab1007abbcc2
[2m2025-12-10T10:19:13.079820Z[0m [34mDEBUG[0m [2methereum_transaction_pool_monitor::eth_client[0m[2m:[0m 📨 Received WebSocket message: {"jsonrpc":"2.0","method":"eth_subscription","params":{"subscription":"0xbed0a0851463e895960a451075a301a9","result":"0x3146c7c4652206828bdfe85603eb1700fcd18500507f0a130b869b510f35b55a"}}
[2m2025-12-10T10:19:13.079831Z[0m [34mDEBUG[0m [2methereum_transaction_pool_monitor::eth_client[0m[2m:[0m 📨 Received pending transaction: 0x3146c7c4652206828bdfe85603eb1700fcd18500507f0a130b869b510f35b55a
[2m2025-12-10T10:19:13.079864Z[0m [34mDEBUG[0m [2methereum_transaction_pool_monitor::eth_client[0m[2m:[0m 📨 Received WebSocket message: {"jsonrpc":"2.0","method":"eth_subscription","params":{"subscription":"0xbed0a0851463e895960a451075a301a9","result":"0x84c35a514c5c39f95e5ed6412c7697df19c201df61682dfb7a457d84ecb60b36"}}
[2m2025-12-10T10:19:13.079882Z[0m [34mDEBUG[0m [2methereum_transaction_pool_monitor::eth_client[0m[2m:[0m 📨 Received pending transaction: 0x84c35a514c5c39f95e5ed6412c7697df19c201df61682dfb7a457d84ecb60b36
[2m2025-12-10T10:19:13.079887Z[0m [34mDEBUG[0m [2methereum_transaction_pool_monitor::eth_client[0m[2m:[0m 📨 Received WebSocket message: {"jsonrpc":"2.0","method":"eth_subscription","params":{"subscription":"0xbed0a0851463e895960a451075a301a9","result":"0xadce0df17cd04f65afd0430b0bcbe3eb1efaa879511df2beaebf870a24fe3f16"}}
[2m2025-12-10T10:19:13.079892Z[0m [34mDEBUG[0m [2methereum_transaction_pool_monitor::eth_client[0m[2m:[0m 📨 Received pending transaction: 0xadce0df17cd04f65afd0430b0bcbe3eb1efaa879511df2beaebf870a24fe3f16
[2m2025-12-10T10:19:13.079914Z[0m [34mDEBUG[0m [2methereum_transaction_pool_monitor::eth_client[0m[2m:[0m 📨 Received WebSocket message: {"jsonrpc":"2.0","method":"eth_subscription","params":{"subscription":"0xbed0a0851463e895960a451075a301a9","result":"0x410c23d07dc30df41ffddf7c14dba946d8246e8883f59d6fdd30d900a9c4c6e1"}}
[2m2025-12-10T10:19:13.079918Z[0m [34mDEBUG[0m [2methereum_transaction_pool_monitor::eth_client[0m[2m:[0m 📨 Received pending transaction: 0x410c23d07dc30df41ffddf7c14dba946d8246e8883f59d6fdd30d900a9c4c6e1
[2m2025-12-10T10:19:13.079931Z[0m [34mDEBUG[0m [2methereum_transaction_pool_monitor::eth_client[0m[2m:[0m 📨 Received WebSocket message: {"jsonrpc":"2.0","method":"eth_subscription","params":{"subscription":"0xbed0a0851463e895960a451075a301a9","result":"0xec7306861a88e84ed7426a3843cbcdb99828f56e18b07144972c88467ccfa749"}}
[2m2025-12-10T10:19:13.079946Z[0m [34mDEBUG[0m [2methereum_transaction_pool_monitor::eth_client[0m[2m:[0m 📨 Received pending transaction: 0xec7306861a88e84ed7426a3843cbcdb99828f56e18b07144972c88467ccfa749
[2m2025-12-10T10:19:13.079952Z[0m [34mDEBUG[0m [2methereum_transaction_pool_monitor::eth_client[0m[2m:[0m 📨 Received WebSocket message: {"jsonrpc":"2.0","method":"eth_subscription","params":{"subscription":"0xbed0a0851463e895960a451075a301a9","result":"0xbadf255c1882cb8dc2c5794a6e176997c266222addd6cc0764f9362eb85fae0a"}}
[2m2025-12-10T10:19:13.079957Z[0m [34mDEBUG[0m [2methereum_transaction_pool_monitor::eth_client[0m[2m:[0m 📨 Received pending transaction: 0xbadf255c1882cb8dc2c5794a6e176997c266222addd6cc0764f9362eb85fae0a
[2m2025-12-10T10:19:13.079961Z[0m [34mDEBUG[0m [2methereum_transaction_pool_monitor::eth_client[0m[2m:[0m 📨 Received WebSocket message: {"jsonrpc":"2.0","method":"eth_subscription","params":{"subscription":"0xbed0a0851463e895960a451075a301a9","result":"0x7d90479cafb46def5472418aaba7d3c45a61a04420acdb88198b1b71c86408e7"}}
[2m2025-12-10T10:19:13.079966Z[0m [34mDEBUG[0m [2methereum_transaction_pool_monitor::eth_client[0m[2m:[0m 📨 Received pending transaction: 0x7d90479cafb46def5472418aaba7d3c45a61a04420acdb88198b1b71c86408e7
[2m2025-12-10T10:19:13.079970Z[0m [34mDEBUG[0m [2methereum_transaction_pool_monitor::eth_client[0m[2m:[0m 📨 Received WebSocket message: {"jsonrpc":"2.0","method":"eth_subscription","params":{"subscription":"0xbed0a0851463e895960a451075a301a9","result":"0xbd915e16e1d9bb1c64083aec2701d81c6d29ef61ac9f8f64b6bc3a43b4857afc"}}
[2m2025-12-10T10:19:13.079976Z[0m [34mDEBUG[0m [2methereum_transaction_pool_monitor::eth_client[0m[2m:[0m 📨 Received pending transaction: 0xbd915e16e1d9bb1c64083aec2701d81c6d29ef61ac9f8f64b6bc3a43b4857afc
[2m2025-12-10T10:19:13.079981Z[0m [34mDEBUG[0m [2methereum_transaction_pool_monitor::eth_client[0m[2m:[0m 📨 Received WebSocket message: {"jsonrpc":"2.0","method":"eth_subscription","params":{"subscription":"0xbed0a0851463e895960a451075a301a9","result":"0x1b80726f602777ea320765682251dacab38392139c7a99510dab3f0884f3a145"}}
[2m2025-12-10T10:19:13.080018Z[0m [34mDEBUG[0m [2methereum_transaction_pool_monitor::eth_client[0m[2m:[0m 📨 Received pending transaction: 0x1b80726f602777ea320765682251dacab38392139c7a99510dab3f0884f3a145
[2m2025-12-10T10:19:13.080025Z[0m [34mDEBUG[0m [2methereum_transaction_pool_monitor::eth_client[0m[2m:[0m 📨 Received WebSocket message: {"jsonrpc":"2.0","method":"eth_subscription","params":{"subscription":"0xbed0a0851463e895960a451075a301a9","result":"0x342e7ad08c569d3b5a2a33eb7ed5a8fc8ae035ab026e0962a4995e3898353c92"}}
[2m2025-12-10T10:19:13.080030Z[0m [34mDEBUG[0m [2methereum_transaction_pool_monitor::eth_client[0m[2m:[0m 📨 Received pending transaction: 0x342e7ad08c569d3b5a2a33eb7ed5a8fc8ae035ab026e0962a4995e3898353c92
[2m2025-12-10T10:19:13.080054Z[0m [34mDEBUG[0m [2methereum_transaction_pool_monitor::eth_client[0m[2m:[0m 📨 Received WebSocket message: {"jsonrpc":"2.0","method":"eth_subscription","params":{"subscription":"0xbed0a0851463e895960a451075a301a9","result":"0xee470b9d819e38611bd0e440da98411b66bfcda735936ee0b50eddf74bf8ebcb"}}
[2m2025-12-10T10:19:13.080072Z[0m [34mDEBUG[0m [2methereum_transaction_pool_monitor::eth_client[0m[2m:[0m 📨 Received pending transaction: 0xee470b9d819e38611bd0e440da98411b66bfcda735936ee0b50eddf74bf8ebcb
[2m2025-12-10T10:19:13.080083Z[0m [34mDEBUG[0m [2methereum_transaction_pool_monitor::eth_client[0m[2m:[0m 📨 Received WebSocket message: {"jsonrpc":"2.0","method":"eth_subscription","params":{"subscription":"0xbed0a0851463e895960a451075a301a9","result":"0x0830eb5864eb9adc36eb7a818772dcdec9201859f1407277385305d563867c78"}}
[2m2025-12-10T10:19:13.080106Z[0m [34mDEBUG[0m [2methereum_transaction_pool_monitor::eth_client[0m[2m:[0m 📨 Received pending transaction: 0x0830eb5864eb9adc36eb7a818772dcdec9201859f1407277385305d563867c78
[2m2025-12-10T10:19:13.080111Z[0m [34mDEBUG[0m [2methereum_transaction_pool_monitor::eth_client[0m[2m:[0m 📨 Received WebSocket message: {"jsonrpc":"2.0","method":"eth_subscription","params":{"subscription":"0xbed0a0851463e895960a451075a301a9","result":"0xbdc461359559d9c8f6aa3048d72b745110b4d8f8a5154b762c1671c18b926ef4"}}
[2m2025-12-10T10:19:13.080116Z[0m [34mDEBUG[0m [2methereum_transaction_pool_monitor::eth_client[0m[2m:[0m 📨 Received pending transaction: 0xbdc461359559d9c8f6aa3048d72b745110b4d8f8a5154b762c1671c18b926ef4
[2m2025-12-10T10:19:13.080180Z[0m [34mDEBUG[0m [2methereum_transaction_pool_monitor::eth_client[0m[2m:[0m 📨 Received WebSocket message: {"jsonrpc":"2.0","method":"eth_subscription","params":{"subscription":"0xbed0a0851463e895960a451075a301a9","result":"0x937c8b3124ef9df206962439ef6285ecd38fb0dbbb89d7d715b7c2e574557360"}}
[2m2025-12-10T10:19:13.080219Z[0m [34mDEBUG[0m [2methereum_transaction_pool_monitor::eth_client[0m[2m:[0m 📨 Received pending transaction: 0x937c8b3124ef9df206962439ef6285ecd38fb0dbbb89d7d715b7c2e574557360
[2m2025-12-10T10:19:13.080223Z[0m [34mDEBUG[0m [2methereum_transaction_pool_monitor::eth_client[0m[2m:[0m 📨 Received WebSocket message: {"jsonrpc":"2.0","method":"eth_subscription","params":{"subscription":"0xbed0a0851463e895960a451075a301a9","result":"0x1428be66fc85f4dd7a735671d07b6f6c6576b02480a465f9d66092db84e7e579"}}
[2m2025-12-10T10:19:13.080229Z[0m [34mDEBUG[0m [2methereum_transaction_pool_monitor::eth_client[0m[2m:[0m 📨 Received pending transaction: 0x1428be66fc85f4dd7a735671d07b6f6c6576b02480a465f9d66092db84e7e579
[2m2025-12-10T10:19:13.080233Z[0m [34mDEBUG[0m [2methereum_transaction_pool_monitor::eth_client[0m[2m:[0m 📨 Received WebSocket message: {"jsonrpc":"2.0","method":"eth_subscription","params":{"subscription":"0xbed0a0851463e895960a451075a301a9","result":"0xa5d7084813f1fba1448391fd5e5f2d7d2b06636293250e509d92523cf4855fb9"}}
[2m2025-12-10T10:19:13.080238Z[0m [34mDEBUG[0m [2methereum_transaction_pool_monitor::eth_client[0m[2m:[0m 📨 Received pending transaction: 0xa5d7084813f1fba1448391fd5e5f2d7d2b06636293250e509d92523cf4855fb9
[2m2025-12-10T10:19:13.080242Z[0m [34mDEBUG[0m [2methereum_transaction_pool_monitor::eth_client[0m[2m:[0m 📨 Received WebSocket message: {"jsonrpc":"2.0","method":"eth_subscription","params":{"subscription":"0xbed0a0851463e895960a451075a301a9","result":"0xcec4bc63f2fe507b62fc1ef6787f925134eaabd0e31e23f945cf8f7b4d2e4cf0"}}
[2m2025-12-10T10:19:13.080246Z[0m [34mDEBUG[0m [2methereum_transaction_pool_monitor::eth_client[0m[2m:[0m 📨 Received pending transaction: 0xcec4bc63f2fe507b62fc1ef6787f925134eaabd0e31e23f945cf8f7b4d2e4cf0
[2m2025-12-10T10:19:13.080250Z[0m [34mDEBUG[0m [2methereum_transaction_pool_monitor::eth_client[0m[2m:[0m 📨 Received WebSocket message: {"jsonrpc":"2.0","method":"eth_subscription","params":{"subscription":"0xbed0a0851463e895960a451075a301a9","result":"0x09105311abfed608760fbc180618d3d7621a08ab054ed320c245cece9d769809"}}
[2m2025-12-10T10:19:13.080255Z[0m [34mDEBUG[0m [2methereum_transaction_pool_monitor::eth_client[0m[2m:[0m 📨 Received pending transaction: 0x09105311abfed608760fbc180618d3d7621a08ab054ed320c245cece9d769809
[2m2025-12-10T10:19:13.080259Z[0m [34mDEBUG[0m [2methereum_transaction_pool_monitor::eth_client[0m[2m:[0m 📨 Received WebSocket message: {"jsonrpc":"2.0","method":"eth_subscription","params":{"subscription":"0xbed0a0851463e895960a451075a301a9","result":"0x071a40f183877d51775f19fa9304dc3010d34e4352ea1fc0e3d2de146b41a6d6"}}
[2m2025-12-10T10:19:13.080264Z[0m [34mDEBUG[0m [2methereum_transaction_pool_monitor::eth_client[0m[2m:[0m 📨 Received pending transaction: 0x071a40f183877d51775f19fa9304dc3010d34e4352ea1fc0e3d2de146b41a6d6
[2m2025-12-10T10:19:13.080291Z[0m [34mDEBUG[0m [2methereum_transaction_pool_monitor::eth_client[0m[2m:[0m 📨 Received WebSocket message: {"jsonrpc":"2.0","method":"eth_subscription","params":{"subscription":"0xbed0a0851463e895960a451075a301a9","result":"0xba94d1bc1de08a25d583e16fc6deb47fa47eba41cb12a6d96ef882ce2ded1029"}}
[2m2025-12-10T10:19:13.080296Z[0m [34mDEBUG[0m [2methereum_transaction_pool_monitor::eth_client[0m[2m:[0m 📨 Received pending transaction: 0xba94d1bc1de08a25d583e16fc6deb47fa47eba41cb12a6d96ef882ce2ded1029
[2m2025-12-10T10:19:13.080301Z[0m [34mDEBUG[0m [2methereum_transaction_pool_monitor::eth_client[0m[2m:[0m 📨 Received WebSocket message: {"jsonrpc":"2.0","method":"eth_subscription","params":{"subscription":"0xbed0a0851463e895960a451075a301a9","result":"0x85b4d26c1e905677bb594e6d40605eea75c17ef6ec01796af49572a0a28538fb"}}
[2m2025-12-10T10:19:13.080312Z[0m [34mDEBUG[0m [2methereum_transaction_pool_monitor::eth_client[0m[2m:[0m 📨 Received pending transaction: 0x85b4d26c1e905677bb594e6d40605eea75c17ef6ec01796af49572a0a28538fb
[2m2025-12-10T10:19:13.080317Z[0m [34mDEBUG[0m [2methereum_transaction_pool_monitor::eth_client[0m[2m:[0m 📨 Received WebSocket message: {"jsonrpc":"2.0","method":"eth_subscription","params":{"subscription":"0xbed0a0851463e895960a451075a301a9","result":"0xf414299618faf2b31a01f7306480f53e3c16d04a62dca98b9142ebbaaa42bcdf"}}
[2m2025-12-10T10:19:13.080331Z[0m [34mDEBUG[0m [2methereum_transaction_pool_monitor::eth_client[0m[2m:[0m 📨 Received pending transaction: 0xf414299618faf2b31a01f7306480f53e3c16d04a62dca98b9142ebbaaa42bcdf
[2m2025-12-10T10:19:13.080340Z[0m [34mDEBUG[0m [2methereum_transaction_pool_monitor::eth_client[0m[2m:[0m 📨 Received WebSocket message: {"jsonrpc":"2.0","method":"eth_subscription","params":{"subscription":"0xbed0a0851463e895960a451075a301a9","result":"0x5af0c12467adc24c7a55c2a70cca016775059a2f7e454a711bb2691c7de3baae"}}
[2m2025-12-10T10:19:13.080345Z[0m [34mDEBUG[0m [2methereum_transaction_pool_monitor::eth_client[0m[2m:[0m 📨 Received pending transaction: 0x5af0c12467adc24c7a55c2a70cca016775059a2f7e454a711bb2691c7de3baae
[2m2025-12-10T10:19:13.080349Z[0m [34mDEBUG[0m [2methereum_transaction_pool_monitor::eth_client[0m[2m:[0m 📨 Received WebSocket message: {"jsonrpc":"2.0","method":"eth_subscription","params":{"subscription":"0xbed0a0851463e895960a451075a301a9","result":"0x58dc31f1b411507bfc72d6507ecd7f4cc1246bf99b9646213a0a59cc5771d712"}}
[2m2025-12-10T10:19:13.080354Z[0m [34mDEBUG[0m [2methereum_transaction_pool_monitor::eth_client[0m[2m:[0m 📨 Received pending transaction: 0x58dc31f1b411507bfc72d6507ecd7f4cc1246bf99b9646213a0a59cc5771d712
[2m2025-12-10T10:19:13.080358Z[0m [34mDEBUG[0m [2methereum_transaction_pool_monitor::eth_client[0m[2m:[0m 📨 Received WebSocket message: {"jsonrpc":"2.0","method":"eth_subscription","params":{"subscription":"0xbed0a0851463e895960a451075a301a9","result":"0x885d8621c71ad76382a87c630ca59abbb049d6cc3a9e26aceac94c9e2b845347"}}
[2m2025-12-10T10:19:13.080363Z[0m [34mDEBUG[0m [2methereum_transaction_pool_monitor::eth_client[0m[2m:[0m 📨 Received pending transaction: 0x885d8621c71ad76382a87c630ca59abbb049d6cc3a9e26aceac94c9e2b845347
[2m2025-12-10T10:19:13.080366Z[0m [34mDEBUG[0m [2methereum_transaction_pool_monitor::eth_client[0m[2m:[0m 📨 Received WebSocket message: {"jsonrpc":"2.0","method":"eth_subscription","params":{"subscription":"0xbed0a0851463e895960a451075a301a9","result":"0x5ebc8ad1daa213fb4da994d7830c1648949eeb5021d989855fbf1d7d74cb70a8"}}
[2m2025-12-10T10:19:13.080371Z[0m [34mDEBUG[0m [2methereum_transaction_pool_monitor::eth_client[0m[2m:[0m 📨 Received pending transaction: 0x5ebc8ad1daa213fb4da994d7830c1648949eeb5021d989855fbf1d7d74cb70a8
[2m2025-12-10T10:19:13.080375Z[0m [34mDEBUG[0m [2methereum_transaction_pool_monitor::eth_client[0m[2m:[0m 📨 Received WebSocket message: {"jsonrpc":"2.0","method":"eth_subscription","params":{"subscription":"0xbed0a0851463e895960a451075a301a9","result":"0x0670ad3474947440ce82f9e33f43bd1c00424936a7d96bb2f9602194f1abcd6a"}}
[2m2025-12-10T10:19:13.080379Z[0m [34mDEBUG[0m [2methereum_transaction_pool_monitor::eth_client[0m[2m:[0m 📨 Received pending transaction: 0x0670ad3474947440ce82f9e33f43bd1c00424936a7d96bb2f9602194f1abcd6a
[2m2025-12-10T10:19:13.080383Z[0m [34mDEBUG[0m [2methereum_transaction_pool_monitor::eth_client[0m[2m:[0m 📨 Received WebSocket message: {"jsonrpc":"2.0","method":"eth_subscription","params":{"subscription":"0xbed0a0851463e895960a451075a301a9","result":"0x4c3fb58a7991d2741821b18d71ca3e0f79bcf08fcdf059befdd9e4586e753ee9"}}
[2m2025-12-10T10:19:13.080387Z[0m [34mDEBUG[0m [2methereum_transaction_pool_monitor::eth_client[0m[2m:[0m 📨 Received pending transaction: 0x4c3fb58a7991d2741821b18d71ca3e0f79bcf08fcdf059befdd9e4586e753ee9
[2m2025-12-10T10:19:13.080391Z[0m [34mDEBUG[0m [2methereum_transaction_pool_monitor::eth_client[0m[2m:[0m 📨 Received WebSocket message: {"jsonrpc":"2.0","method":"eth_subscription","params":{"subscription":"0xbed0a0851463e895960a451075a301a9","result":"0x558b8ac598afe34704029800892d412f3bd416a0aa5445042aa21e4d31e24dbe"}}
[2m2025-12-10T10:19:13.080396Z[0m [34mDEBUG[0m [2methereum_transaction_pool_monitor::eth_client[0m[2m:[0m 📨 Received pending transaction: 0x558b8ac598afe34704029800892d412f3bd416a0aa5445042aa21e4d31e24dbe
[2m2025-12-10T10:19:13.080399Z[0m [34mDEBUG[0m [2methereum_transaction_pool_monitor::eth_client[0m[2m:[0m 📨 Received WebSocket message: {"jsonrpc":"2.0","method":"eth_subscription","params":{"subscription":"0xbed0a0851463e895960a451075a301a9","result":"0xb1999b69b1308155e317ae1b124f11f172eb8b8bff23d89a6a1acc01834472ac"}}
[2m2025-12-10T10:19:13.080404Z[0m [34mDEBUG[0m [2methereum_transaction_pool_monitor::eth_client[0m[2m:[0m 📨 Received pending transaction: 0xb1999b69b1308155e317ae1b124f11f172eb8b8bff23d89a6a1acc01834472ac
[2m2025-12-10T10:19:13.080425Z[0m [34mDEBUG[0m [2methereum_transaction_pool_monitor::eth_client[0m[2m:[0m 📨 Received WebSocket message: {"jsonrpc":"2.0","method":"eth_subscription","params":{"subscription":"0xbed0a0851463e895960a451075a301a9","result":"0xcd44920a9601ff5168b99cf85e179848220672c8fd6c466f1f83d2803616a26e"}}
[2m2025-12-10T10:19:13.080431Z[0m [34mDEBUG[0m [2methereum_transaction_pool_monitor::eth_client[0m[2m:[0m 📨 Received pending transaction: 0xcd44920a9601ff5168b99cf85e179848220672c8fd6c466f1f83d2803616a26e
[2m2025-12-10T10:19:13.080435Z[0m [34mDEBUG[0m [2methereum_transaction_pool_monitor::eth_client[0m[2m:[0m 📨 Received WebSocket message: {"jsonrpc":"2.0","method":"eth_subscription","params":{"subscription":"0xbed0a0851463e895960a451075a301a9","result":"0xb1246790aef81066bf10d51b2162064816a36316f3c271ff6d17e1bdbbf27d1c"}}
[2m2025-12-10T10:19:13.080439Z[0m [34mDEBUG[0m [2methereum_transaction_pool_monitor::eth_client[0m[2m:[0m 📨 Received pending transaction: 0xb1246790aef81066bf10d51b2162064816a36316f3c271ff6d17e1bdbbf27d1c
[2m2025-12-10T10:19:13.080443Z[0m [34mDEBUG[0m [2methereum_transaction_pool_monitor::eth_client[0m[2m:[0m 📨 Received WebSocket message: {"jsonrpc":"2.0","method":"eth_subscription","params":{"subscription":"0xbed0a0851463e895960a451075a301a9","result":"0x322bec52798cde94e34d11c9630e19a89eddd36b7444b5c8d9089bafd9125673"}}
[2m2025-12-10T10:19:13.080447Z[0m [34mDEBUG[0m [2methereum_transaction_pool_monitor::eth_client[0m[2m:[0m 📨 Received pending transaction: 0x322bec52798cde94e34d11c9630e19a89eddd36b7444b5c8d9089bafd9125673
[2m2025-12-10T10:19:13.080451Z[0m [34mDEBUG[0m [2methereum_transaction_pool_monitor::eth_client[0m[2m:[0m 📨 Received WebSocket message: {"jsonrpc":"2.0","method":"eth_subscription","params":{"subscription":"0xbed0a0851463e895960a451075a301a9","result":"0xfa8594a71a73902ac6ced0905a7cb4f2c24b486632360e1df05f1fc07a466184"}}
[2m2025-12-10T10:19:13.080477Z[0m [34mDEBUG[0m [2methereum_transaction_pool_monitor::eth_client[0m[2m:[0m 📨 Received pending transaction: 0xfa8594a71a73902ac6ced0905a7cb4f2c24b486632360e1df05f1fc07a466184
[2m2025-12-10T10:19:13.080481Z[0m [34mDEBUG[0m [2methereum_transaction_pool_monitor::eth_client[0m[2m:[0m 📨 Received WebSocket message: {"jsonrpc":"2.0","method":"eth_subscription","params":{"subscription":"0xbed0a0851463e895960a451075a301a9","result":"0x833c3724c1889bee4dd051ceb5faceca8e3b54d17970529f4c333767704fab55"}}
[2m2025-12-10T10:19:13.080486Z[0m [34mDEBUG[0m [2methereum_transaction_pool_monitor::eth_client[0m[2m:[0m 📨 Received pending transaction: 0x833c3724c1889bee4dd051ceb5faceca8e3b54d17970529f4c333767704fab55
[2m2025-12-10T10:19:13.080491Z[0m [34mDEBUG[0m [2methereum_transaction_pool_monitor::eth_client[0m[2m:[0m 📨 Received WebSocket message: {"jsonrpc":"2.0","method":"eth_subscription","params":{"subscription":"0xbed0a0851463e895960a451075a301a9","result":"0x961bfc7843548153b4d17542ddf820612934ab3d2268bc7b9e3c5a291c5784bf"}}
[2m2025-12-10T10:19:13.080495Z[0m [34mDEBUG[0m [2methereum_transaction_pool_monitor::eth_client[0m[2m:[0m 📨 Received pending transaction: 0x961bfc7843548153b4d17542ddf820612934ab3d2268bc7b9e3c5a291c5784bf
[2m2025-12-10T10:19:13.080499Z[0m [34mDEBUG[0m [2methereum_transaction_pool_monitor::eth_client[0m[2m:[0m 📨 Received WebSocket message: {"jsonrpc":"2.0","method":"eth_subscription","params":{"subscription":"0xbed0a0851463e895960a451075a301a9","result":"0xfe496d465ca9cf8c6aa81fd7cd02fd2d8f921986b094db9229c874a9446f10fb"}}
[2m2025-12-10T10:19:13.080503Z[0m [34mDEBUG[0m [2methereum_transaction_pool_monitor::eth_client[0m[2m:[0m 📨 Received pending transaction: 0xfe496d465ca9cf8c6aa81fd7cd02fd2d8f921986b094db9229c874a9446f10fb
[2m2025-12-10T10:19:13.080507Z[0m [34mDEBUG[0m [2methereum_transaction_pool_monitor::eth_client[0m[2m:[0m 📨 Received WebSocket message: {"jsonrpc":"2.0","method":"eth_subscription","params":{"subscription":"0xbed0a0851463e895960a451075a301a9","result":"0xb7a211f869381e6adaeceed62f5df25dc26ccfd58cdb663068e828bf190fb92e"}}
[2m2025-12-10T10:19:13.081018Z[0m [34mDEBUG[0m [2methereum_transaction_pool_monitor::eth_client[0m[2m:[0m 📨 Received pending transaction: 0xb7a211f869381e6adaeceed62f5df25dc26ccfd58cdb663068e828bf190fb92e
[2m2025-12-10T10:19:13.081097Z[0m [34mDEBUG[0m [2methereum_transaction_pool_monitor::eth_client[0m[2m:[0m 📨 Received WebSocket message: {"jsonrpc":"2.0","method":"eth_subscription","params":{"subscription":"0xbed0a0851463e895960a451075a301a9","result":"0x6b6da1e4199dcf7949e30afb0dab6d6fa8edb88c31adc9d3940c0d95534fc898"}}
[2m2025-12-10T10:19:13.081132Z[0m [34mDEBUG[0m [2methereum_transaction_pool_monitor::eth_client[0m[2m:[0m 📨 Received pending transaction: 0x6b6da1e4199dcf7949e30afb0dab6d6fa8edb88c31adc9d3940c0d95534fc898
[2m2025-12-10T10:19:13.081138Z[0m [34mDEBUG[0m [2methereum_transaction_pool_monitor::eth_client[0m[2m:[0m 📨 Received WebSocket message: {"jsonrpc":"2.0","method":"eth_subscription","params":{"subscription":"0xbed0a0851463e895960a451075a301a9","result":"0x3e1c21be51fb19b56b166b64665378167713ca55d500f7b47e7106befa24c0ef"}}
[2m2025-12-10T10:19:13.081143Z[0m [34mDEBUG[0m [2methereum_transaction_pool_monitor::eth_client[0m[2m:[0m 📨 Received pending transaction: 0x3e1c21be51fb19b56b166b64665378167713ca55d500f7b47e7106befa24c0ef
[2m2025-12-10T10:19:13.081148Z[0m [34mDEBUG[0m [2methereum_transaction_pool_monitor::eth_client[0m[2m:[0m 📨 Received WebSocket message: {"jsonrpc":"2.0","method":"eth_subscription","params":{"subscription":"0xbed0a0851463e895960a451075a301a9","result":"0xc653b2382e4ee672b2f516f4c192d80f5c47548a0c7699daa5ef822233eff4eb"}}
[2m2025-12-10T10:19:13.081153Z[0m [34mDEBUG[0m [2methereum_transaction_pool_monitor::eth_client[0m[2m:[0m 📨 Received pending transaction: 0xc653b2382e4ee672b2f516f4c192d80f5c47548a0c7699daa5ef822233eff4eb
[2m2025-12-10T10:19:13.081157Z[0m [34mDEBUG[0m [2methereum_transaction_pool_monitor::eth_client[0m[2m:[0m 📨 Received WebSocket message: {"jsonrpc":"2.0","method":"eth_subscription","params":{"subscription":"0xbed0a0851463e895960a451075a301a9","result":"0xdcb6aa9441f9f2bf4b57162c794e3e95dad461a8d021c347bf0cab80d92e295d"}}
[2m2025-12-10T10:19:13.081161Z[0m [34mDEBUG[0m [2methereum_transaction_pool_monitor::eth_client[0m[2m:[0m 📨 Received pending transaction: 0xdcb6aa9441f9f2bf4b57162c794e3e95dad461a8d021c347bf0cab80d92e295d
[2m2025-12-10T10:19:13.081171Z[0m [34mDEBUG[0m [2methereum_transaction_pool_monitor::eth_client[0m[2m:[0m 📨 Received WebSocket message: {"jsonrpc":"2.0","method":"eth_subscription","params":{"subscription":"0xbed0a0851463e895960a451075a301a9","result":"0xed9951e60428673f6e1caa0cdbed8e4e3fd5358bbc87d90ead48392f1a433d4d"}}
[2m2025-12-10T10:19:13.081176Z[0m [34mDEBUG[0m [2methereum_transaction_pool_monitor::eth_client[0m[2m:[0m 📨 Received pending transaction: 0xed9951e60428673f6e1caa0cdbed8e4e3fd5358bbc87d90ead48392f1a433d4d
[2m2025-12-10T10:19:13.081180Z[0m [34mDEBUG[0m [2methereum_transaction_pool_monitor::eth_client[0m[2m:[0m 📨 Received WebSocket message: {"jsonrpc":"2.0","method":"eth_subscription","params":{"subscription":"0xbed0a0851463e895960a451075a301a9","result":"0x41de84b2fdc8cef74e3a3a0626c210259115bfd610f9e27c704f301f95113b46"}}
[2m2025-12-10T10:19:13.081185Z[0m [34mDEBUG[0m [2methereum_transaction_pool_monitor::eth_client[0m[2m:[0m 📨 Received pending transaction: 0x41de84b2fdc8cef74e3a3a0626c210259115bfd610f9e27c704f301f95113b46
[2m2025-12-10T10:19:13.081191Z[0m [34mDEBUG[0m [2methereum_transaction_pool_monitor::eth_client[0m[2m:[0m 📨 Received WebSocket message: {"jsonrpc":"2.0","method":"eth_subscription","params":{"subscription":"0xbed0a0851463e895960a451075a301a9","result":"0xb1f3a62add2ec6f1307e47ce9c669cc019ccca4f59baa8376543d3933868b54d"}}
[2m2025-12-10T10:19:13.081196Z[0m [34mDEBUG[0m [2methereum_transaction_pool_monitor::eth_client[0m[2m:[0m 📨 Received pending transaction: 0xb1f3a62add2ec6f1307e47ce9c669cc019ccca4f59baa8376543d3933868b54d
[2m2025-12-10T10:19:13.081200Z[0m [34mDEBUG[0m [2methereum_transaction_pool_monitor::eth_client[0m[2m:[0m 📨 Received WebSocket message: {"jsonrpc":"2.0","method":"eth_subscription","params":{"subscription":"0xbed0a0851463e895960a451075a301a9","result":"0x35877adfe29a2033923f16b40fce2ae0dd02fdd528caa7ddd7a81f859d49cfb9"}}
[2m2025-12-10T10:19:13.081204Z[0m [34mDEBUG[0m [2methereum_transaction_pool_monitor::eth_client[0m[2m:[0m 📨 Received pending transaction: 0x35877adfe29a2033923f16b40fce2ae0dd02fdd528caa7ddd7a81f859d49cfb9
[2m2025-12-10T10:19:13.081209Z[0m [34mDEBUG[0m [2methereum_transaction_pool_monitor::eth_client[0m[2m:[0m 📨 Received WebSocket message: {"jsonrpc":"2.0","method":"eth_subscription","params":{"subscription":"0xbed0a0851463e895960a451075a301a9","result":"0xfcdbd918adfa74fd1f29fb7fc61b714811bfd8c4a4fbb3f65967e5fde96fad0e"}}
[2m2025-12-10T10:19:13.081213Z[0m [34mDEBUG[0m [2methereum_transaction_pool_monitor::eth_client[0m[2m:[0m 📨 Received pending transaction: 0xfcdbd918adfa74fd1f29fb7fc61b714811bfd8c4a4fbb3f65967e5fde96fad0e
[2m2025-12-10T10:19:13.081231Z[0m [34mDEBUG[0m [2methereum_transaction_pool_monitor::eth_client[0m[2m:[0m 📨 Received WebSocket message: {"jsonrpc":"2.0","method":"eth_subscription","params":{"subscription":"0xbed0a0851463e895960a451075a301a9","result":"0x27022b3631a458ae674c5c18f6fdaa3eb6231384cbdf10c3b85683a2591a2dba"}}
[2m2025-12-10T10:19:13.081248Z[0m [34mDEBUG[0m [2methereum_transaction_pool_monitor::eth_client[0m[2m:[0m 📨 Received pending transaction: 0x27022b3631a458ae674c5c18f6fdaa3eb6231384cbdf10c3b85683a2591a2dba
[2m2025-12-10T10:19:13.081254Z[0m [34mDEBUG[0m [2methereum_transaction_pool_monitor::eth_client[0m[2m:[0m 📨 Received WebSocket message: {"jsonrpc":"2.0","method":"eth_subscription","params":{"subscription":"0xbed0a0851463e895960a451075a301a9","result":"0x436fdead4159c2fd927da656ab9989228d1e4bada2255341beb501465dba048b"}}
[2m2025-12-10T10:19:13.081258Z[0m [34mDEBUG[0m [2methereum_transaction_pool_monitor::eth_client[0m[2m:[0m 📨 Received pending transaction: 0x436fdead4159c2fd927da656ab9989228d1e4bada2255341beb501465dba048b
[2m2025-12-10T10:19:13.081262Z[0m [34mDEBUG[0m [2methereum_transaction_pool_monitor::eth_client[0m[2m:[0m 📨 Received WebSocket message: {"jsonrpc":"2.0","method":"eth_subscription","params":{"subscription":"0xbed0a0851463e895960a451075a301a9","result":"0xf9794c90f3bec67fdd9a980afbb6ee64dd6e4e4f09326d504c687f798cc3058c"}}
[2m2025-12-10T10:19:13.081327Z[0m [34mDEBUG[0m [2methereum_transaction_pool_monitor::eth_client[0m[2m:[0m 📨 Received pending transaction: 0xf9794c90f3bec67fdd9a980afbb6ee64dd6e4e4f09326d504c687f798cc3058c
[2m2025-12-10T10:19:13.081332Z[0m [34mDEBUG[0m [2methereum_transaction_pool_monitor::eth_client[0m[2m:[0m 📨 Received WebSocket message: {"jsonrpc":"2.0","method":"eth_subscription","params":{"subscription":"0xbed0a0851463e895960a451075a301a9","result":"0x7113205b5a3057c7dcb407b7962f448f6bf6d0db79b7ed9c4edf2b2fb5a53dfd"}}
[2m2025-12-10T10:19:13.081361Z[0m [34mDEBUG[0m [2methereum_transaction_pool_monitor::eth_client[0m[2m:[0m 📨 Received pending transaction: 0x7113205b5a3057c7dcb407b7962f448f6bf6d0db79b7ed9c4edf2b2fb5a53dfd
[2m2025-12-10T10:19:13.081368Z[0m [34mDEBUG[0m [2methereum_transaction_pool_monitor::eth_client[0m[2m:[0m 📨 Received WebSocket message: {"jsonrpc":"2.0","method":"eth_subscription","params":{"subscription":"0xbed0a0851463e895960a451075a301a9","result":"0xb5c7d335dd4aa1a617c488e9d550f57da55c6a68fbc6687f68afe46ab6a5967e"}}
[2m2025-12-10T10:19:13.081372Z[0m [34mDEBUG[0m [2methereum_transaction_pool_monitor::eth_client[0m[2m:[0m 📨 Received pending transaction: 0xb5c7d335dd4aa1a617c488e9d550f57da55c6a68fbc6687f68afe46ab6a5967e
[2m2025-12-10T10:19:13.081376Z[0m [34mDEBUG[0m [2methereum_transaction_pool_monitor::eth_client[0m[2m:[0m 📨 Received WebSocket message: {"jsonrpc":"2.0","method":"eth_subscription","params":{"subscription":"0xbed0a0851463e895960a451075a301a9","result":"0xa3831a8168ece87be75b64088afc9d98dca308328059fd3b027a478a6ca17473"}}
[2m2025-12-10T10:19:13.081380Z[0m [34mDEBUG[0m [2methereum_transaction_pool_monitor::eth_client[0m[2m:[0m 📨 Received pending transaction: 0xa3831a8168ece87be75b64088afc9d98dca308328059fd3b027a478a6ca17473
[2m2025-12-10T10:19:13.081384Z[0m [34mDEBUG[0m [2methereum_transaction_pool_monitor::eth_client[0m[2m:[0m 📨 Received WebSocket message: {"jsonrpc":"2.0","method":"eth_subscription","params":{"subscription":"0xbed0a0851463e895960a451075a301a9","result":"0x7eda7964fc42e95580f9a11ad710a3da70f49ad46e27776d8abc0ebda13b543d"}}
[2m2025-12-10T10:19:13.081388Z[0m [34mDEBUG[0m [2methereum_transaction_pool_monitor::eth_client[0m[2m:[0m 📨 Received pending transaction: 0x7eda7964fc42e95580f9a11ad710a3da70f49ad46e27776d8abc0ebda13b543d
[2m2025-12-10T10:19:13.081392Z[0m [34mDEBUG[0m [2methereum_transaction_pool_monitor::eth_client[0m[2m:[0m 📨 Received WebSocket message: {"jsonrpc":"2.0","method":"eth_subscription","params":{"subscription":"0xbed0a0851463e895960a451075a301a9","result":"0x49df17f41f0d50c524277287f7adeb1910e9db31d707884c5e7a4adea62dab67"}}
[2m2025-12-10T10:19:13.081397Z[0m [34mDEBUG[0m [2methereum_transaction_pool_monitor::eth_client[0m[2m:[0m 📨 Received pending transaction: 0x49df17f41f0d50c524277287f7adeb1910e9db31d707884c5e7a4adea62dab67
[2m2025-12-10T10:19:13.081401Z[0m [34mDEBUG[0m [2methereum_transaction_pool_monitor::eth_client[0m[2m:[0m 📨 Received WebSocket message: {"jsonrpc":"2.0","method":"eth_subscription","params":{"subscription":"0xbed0a0851463e895960a451075a301a9","result":"0x6dbc99e6ac3e2f45e6570c0f02c803a5ee9fd95d0a8e2f78b018b41b49aac510"}}
[2m2025-12-10T10:19:13.081405Z[0m [34mDEBUG[0m [2methereum_transaction_pool_monitor::eth_client[0m[2m:[0m 📨 Received pending transaction: 0x6dbc99e6ac3e2f45e6570c0f02c803a5ee9fd95d0a8e2f78b018b41b49aac510
[2m2025-12-10T10:19:13.081409Z[0m [34mDEBUG[0m [2methereum_transaction_pool_monitor::eth_client[0m[2m:[0m 📨 Received WebSocket message: {"jsonrpc":"2.0","method":"eth_subscription","params":{"subscription":"0xbed0a0851463e895960a451075a301a9","result":"0xe440b02f458327fba784b58645e7409bf9bcc0d4cf4d01c657ff2182768b8089"}}
[2m2025-12-10T10:19:13.081413Z[0m [34mDEBUG[0m [2methereum_transaction_pool_monitor::eth_client[0m[2m:[0m 📨 Received pending transaction: 0xe440b02f458327fba784b58645e7409bf9bcc0d4cf4d01c657ff2182768b8089
[2m2025-12-10T10:19:13.081417Z[0m [34mDEBUG[0m [2methereum_transaction_pool_monitor::eth_client[0m[2m:[0m 📨 Received WebSocket message: {"jsonrpc":"2.0","method":"eth_subscription","params":{"subscription":"0xbed0a0851463e895960a451075a301a9","result":"0x4a9c83e3072a047f0f9d08be403aa416ffa0e60cc88e9980bfba09c68f08bf91"}}
[2m2025-12-10T10:19:13.081421Z[0m [34mDEBUG[0m [2methereum_transaction_pool_monitor::eth_client[0m[2m:[0m 📨 Received pending transaction: 0x4a9c83e3072a047f0f9d08be403aa416ffa0e60cc88e9980bfba09c68f08bf91
[2m2025-12-10T10:19:13.081483Z[0m [34mDEBUG[0m [2methereum_transaction_pool_monitor::eth_client[0m[2m:[0m 📨 Received WebSocket message: {"jsonrpc":"2.0","method":"eth_subscription","params":{"subscription":"0xbed0a0851463e895960a451075a301a9","result":"0xc75a7de650fce4aa54b5ba5c04ec54b715884fd1e60d9b47c672274a262f88d3"}}
[2m2025-12-10T10:19:13.081490Z[0m [34mDEBUG[0m [2methereum_transaction_pool_monitor::eth_client[0m[2m:[0m 📨 Received pending transaction: 0xc75a7de650fce4aa54b5ba5c04ec54b715884fd1e60d9b47c672274a262f88d3
[2m2025-12-10T10:19:13.081507Z[0m [34mDEBUG[0m [2methereum_transaction_pool_monitor::eth_client[0m[2m:[0m 📨 Received WebSocket message: {"jsonrpc":"2.0","method":"eth_subscription","params":{"subscription":"0xbed0a0851463e895960a451075a301a9","result":"0x57b517c4d4883c43bd39870efe57c4c9994e9b9507cdfefe6e53ece14a0a7d88"}}
[2m2025-12-10T10:19:13.081511Z[0m [34mDEBUG[0m [2methereum_transaction_pool_monitor::eth_client[0m[2m:[0m 📨 Received pending transaction: 0x57b517c4d4883c43bd39870efe57c4c9994e9b9507cdfefe6e53ece14a0a7d88
[2m2025-12-10T10:19:13.081515Z[0m [34mDEBUG[0m [2methereum_transaction_pool_monitor::eth_client[0m[2m:[0m 📨 Received WebSocket message: {"jsonrpc":"2.0","method":"eth_subscription","params":{"subscription":"0xbed0a0851463e895960a451075a301a9","result":"0x09994720b8a755dbf0bb66645b4ccc03f2682f7fa2a76de7c92d1421fa8c6f2c"}}
[2m2025-12-10T10:19:13.081520Z[0m [34mDEBUG[0m [2methereum_transaction_pool_monitor::eth_client[0m[2m:[0m 📨 Received pending transaction: 0x09994720b8a755dbf0bb66645b4ccc03f2682f7fa2a76de7c92d1421fa8c6f2c
[2m2025-12-10T10:19:13.081525Z[0m [34mDEBUG[0m [2methereum_transaction_pool_monitor::eth_client[0m[2m:[0m 📨 Received WebSocket message: {"jsonrpc":"2.0","method":"eth_subscription","params":{"subscription":"0xbed0a0851463e895960a451075a301a9","result":"0x6567e31da93a659561290b77507d6d2fbe3730edc058d121b19f5c89e76be89d"}}
[2m2025-12-10T10:19:13.081529Z[0m [34mDEBUG[0m [2methereum_transaction_pool_monitor::eth_client[0m[2m:[0m 📨 Received pending transaction: 0x6567e31da93a659561290b77507d6d2fbe3730edc058d121b19f5c89e76be89d
[2m2025-12-10T10:19:13.081534Z[0m [34mDEBUG[0m [2methereum_transaction_pool_monitor::eth_client[0m[2m:[0m 📨 Received WebSocket message: {"jsonrpc":"2.0","method":"eth_subscription","params":{"subscription":"0xbed0a0851463e895960a451075a301a9","result":"0xd7ee8fbea8156b661e0defb2c79f63743b80b5f43d1286ddf1de3ef385633172"}}
[2m2025-12-10T10:19:13.081539Z[0m [34mDEBUG[0m [2methereum_transaction_pool_monitor::eth_client[0m[2m:[0m 📨 Received pending transaction: 0xd7ee8fbea8156b661e0defb2c79f63743b80b5f43d1286ddf1de3ef385633172
[2m2025-12-10T10:19:13.081543Z[0m [34mDEBUG[0m [2methereum_transaction_pool_monitor::eth_client[0m[2m:[0m 📨 Received WebSocket message: {"jsonrpc":"2.0","method":"eth_subscription","params":{"subscription":"0xbed0a0851463e895960a451075a301a9","result":"0xd754c31e82fdf0f30510fc9e49774cae862a60fada9abcfd0a327abd74e0cd75"}}
[2m2025-12-10T10:19:13.081548Z[0m [34mDEBUG[0m [2methereum_transaction_pool_monitor::eth_client[0m[2m:[0m 📨 Received pending transaction: 0xd754c31e82fdf0f30510fc9e49774cae862a60fada9abcfd0a327abd74e0cd75
[2m2025-12-10T10:19:13.081553Z[0m [34mDEBUG[0m [2methereum_transaction_pool_monitor::eth_client[0m[2m:[0m 📨 Received WebSocket message: {"jsonrpc":"2.0","method":"eth_subscription","params":{"subscription":"0xbed0a0851463e895960a451075a301a9","result":"0x641a1daa9c1ec21a76fddc452fdae33c45bce1f1494af41e8998edd6f3c29d9c"}}
[2m2025-12-10T10:19:13.081558Z[0m [34mDEBUG[0m [2methereum_transaction_pool_monitor::eth_client[0m[2m:[0m 📨 Received pending transaction: 0x641a1daa9c1ec21a76fddc452fdae33c45bce1f1494af41e8998edd6f3c29d9c
[2m2025-12-10T10:19:13.081562Z[0m [34mDEBUG[0m [2methereum_transaction_pool_monitor::eth_client[0m[2m:[0m 📨 Received WebSocket message: {"jsonrpc":"2.0","method":"eth_subscription","params":{"subscription":"0xbed0a0851463e895960a451075a301a9","result":"0x76f36814818054a6bba72beb7b47b6275535704edf5369382167bdd75e331c39"}}
[2m2025-12-10T10:19:13.081566Z[0m [34mDEBUG[0m [2methereum_transaction_pool_monitor::eth_client[0m[2m:[0m 📨 Received pending transaction: 0x76f36814818054a6bba72beb7b47b6275535704edf5369382167bdd75e331c39
[2m2025-12-10T10:19:13.081577Z[0m [34mDEBUG[0m [2methereum_transaction_pool_monitor::eth_client[0m[2m:[0m 📨 Received WebSocket message: {"jsonrpc":"2.0","method":"eth_subscription","params":{"subscription":"0xbed0a0851463e895960a451075a301a9","result":"0x29a4125d9a66cb07aa057a7185953e243e33373481167785ea2637935aceb0d3"}}
[2m2025-12-10T10:19:13.081682Z[0m [34mDEBUG[0m [2methereum_transaction_pool_monitor::eth_client[0m[2m:[0m 📨 Received pending transaction: 0x29a4125d9a66cb07aa057a7185953e243e33373481167785ea2637935aceb0d3
[2m2025-12-10T10:19:13.081688Z[0m [34mDEBUG[0m [2methereum_transaction_pool_monitor::eth_client[0m[2m:[0m 📨 Received WebSocket message: {"jsonrpc":"2.0","method":"eth_subscription","params":{"subscription":"0xbed0a0851463e895960a451075a301a9","result":"0x3b706b94ebc51710a237a5f5e96dd720c7c72e8a16851fb062bf1371293ce72b"}}
[2m2025-12-10T10:19:13.081695Z[0m [34mDEBUG[0m [2methereum_transaction_pool_monitor::eth_client[0m[2m:[0m 📨 Received pending transaction: 0x3b706b94ebc51710a237a5f5e96dd720c7c72e8a16851fb062bf1371293ce72b
[2m2025-12-10T10:19:13.081786Z[0m [34mDEBUG[0m [2methereum_transaction_pool_monitor::eth_client[0m[2m:[0m 📨 Received WebSocket message: {"jsonrpc":"2.0","method":"eth_subscription","params":{"subscription":"0xbed0a0851463e895960a451075a301a9","result":"0x54cf7c4f4084ae8813708ecb7a7dc251cc457df4f7ed98c66bcc89f16b4c534a"}}
[2m2025-12-10T10:19:13.081792Z[0m [34mDEBUG[0m [2methereum_transaction_pool_monitor::eth_client[0m[2m:[0m 📨 Received pending transaction: 0x54cf7c4f4084ae8813708ecb7a7dc251cc457df4f7ed98c66bcc89f16b4c534a
[2m2025-12-10T10:19:13.081796Z[0m [34mDEBUG[0m [2methereum_transaction_pool_monitor::eth_client[0m[2m:[0m 📨 Received WebSocket message: {"jsonrpc":"2.0","method":"eth_subscription","params":{"subscription":"0xbed0a0851463e895960a451075a301a9","result":"0x55e8cf25464f4a111540a8662bbddf118a5f96361ccbd725b0eba35fad234110"}}
[2m2025-12-10T10:19:13.081800Z[0m [34mDEBUG[0m [2methereum_transaction_pool_monitor::eth_client[0m[2m:[0m 📨 Received pending transaction: 0x55e8cf25464f4a111540a8662bbddf118a5f96361ccbd725b0eba35fad234110
[2m2025-12-10T10:19:13.081805Z[0m [34mDEBUG[0m [2methereum_transaction_pool_monitor::eth_client[0m[2m:[0m 📨 Received WebSocket message: {"jsonrpc":"2.0","method":"eth_subscription","params":{"subscription":"0xbed0a0851463e895960a451075a301a9","result":"0x174dfffab56d4d96421e285f0e898667e6ecf2e499c22bcc3bc51fe12de37b96"}}
[2m2025-12-10T10:19:13.081809Z[0m [34mDEBUG[0m [2methereum_transaction_pool_monitor::eth_client[0m[2m:[0m 📨 Received pending transaction: 0x174dfffab56d4d96421e285f0e898667e6ecf2e499c22bcc3bc51fe12de37b96
[2m2025-12-10T10:19:13.081813Z[0m [34mDEBUG[0m [2methereum_transaction_pool_monitor::eth_client[0m[2m:[0m 📨 Received WebSocket message: {"jsonrpc":"2.0","method":"eth_subscription","params":{"subscription":"0xbed0a0851463e895960a451075a301a9","result":"0xecd862497141d012b0da427fe761e12f0b7da6904615932950e8db0e8b3e076a"}}
[2m2025-12-10T10:19:13.081817Z[0m [34mDEBUG[0m [2methereum_transaction_pool_monitor::eth_client[0m[2m:[0m 📨 Received pending transaction: 0xecd862497141d012b0da427fe761e12f0b7da6904615932950e8db0e8b3e076a
[2m2025-12-10T10:19:13.081821Z[0m [34mDEBUG[0m [2methereum_transaction_pool_monitor::eth_client[0m[2m:[0m 📨 Received WebSocket message: {"jsonrpc":"2.0","method":"eth_subscription","params":{"subscription":"0xbed0a0851463e895960a451075a301a9","result":"0xe63a58d04604fa518a69433389dfd62e1d5667a1b09f6c271e78c6ad73965092"}}
[2m2025-12-10T10:19:13.081825Z[0m [34mDEBUG[0m [2methereum_transaction_pool_monitor::eth_client[0m[2m:[0m 📨 Received pending transaction: 0xe63a58d04604fa518a69433389dfd62e1d5667a1b09f6c271e78c6ad73965092
[2m2025-12-10T10:19:13.081839Z[0m [34mDEBUG[0m [2methereum_transaction_pool_monitor::eth_client[0m[2m:[0m 📨 Received WebSocket message: {"jsonrpc":"2.0","method":"eth_subscription","params":{"subscription":"0xbed0a0851463e895960a451075a301a9","result":"0x0f656e17530db76f71d80d4beb72a4f5951fd5068151ce8dc5a88224d96cc98f"}}
[2m2025-12-10T10:19:13.081873Z[0m [34mDEBUG[0m [2methereum_transaction_pool_monitor::eth_client[0m[2m:[0m 📨 Received pending transaction: 0x0f656e17530db76f71d80d4beb72a4f5951fd5068151ce8dc5a88224d96cc98f
[2m2025-12-10T10:19:13.081878Z[0m [34mDEBUG[0m [2methereum_transaction_pool_monitor::eth_client[0m[2m:[0m 📨 Received WebSocket message: {"jsonrpc":"2.0","method":"eth_subscription","params":{"subscription":"0xbed0a0851463e895960a451075a301a9","result":"0x35bf90ed7001ae77e27a4a8419071a50cd7ee89c365da7bbc6cf8e5d104fb10b"}}
[2m2025-12-10T10:19:13.081885Z[0m [34mDEBUG[0m [2methereum_transaction_pool_monitor::eth_client[0m[2m:[0m 📨 Received pending transaction: 0x35bf90ed7001ae77e27a4a8419071a50cd7ee89c365da7bbc6cf8e5d104fb10b
[2m2025-12-10T10:19:13.081889Z[0m [34mDEBUG[0m [2methereum_transaction_pool_monitor::eth_client[0m[2m:[0m 📨 Received WebSocket message: {"jsonrpc":"2.0","method":"eth_subscription","params":{"subscription":"0xbed0a0851463e895960a451075a301a9","result":"0xe15d3ae6b057ef4200fffa683424f4196b4ac02294bb63cb191faf2658231e15"}}
[2m2025-12-10T10:19:13.081894Z[0m [34mDEBUG[0m [2methereum_transaction_pool_monitor::eth_client[0m[2m:[0m 📨 Received pending transaction: 0xe15d3ae6b057ef4200fffa683424f4196b4ac02294bb63cb191faf2658231e15
[2m2025-12-10T10:19:13.081897Z[0m [34mDEBUG[0m [2methereum_transaction_pool_monitor::eth_client[0m[2m:[0m 📨 Received WebSocket message: {"jsonrpc":"2.0","method":"eth_subscription","params":{"subscription":"0xbed0a0851463e895960a451075a301a9","result":"0x5b5e189a2ab07d6f906d76ba4a209787cfe84037ae66c5a159f9f2286c8c8fbd"}}
[2m2025-12-10T10:19:13.081902Z[0m [34mDEBUG[0m [2methereum_transaction_pool_monitor::eth_client[0m[2m:[0m 📨 Received pending transaction: 0x5b5e189a2ab07d6f906d76ba4a209787cfe84037ae66c5a159f9f2286c8c8fbd
[2m2025-12-10T10:19:13.081906Z[0m [34mDEBUG[0m [2methereum_transaction_pool_monitor::eth_client[0m[2m:[0m 📨 Received WebSocket message: {"jsonrpc":"2.0","method":"eth_subscription","params":{"subscription":"0xbed0a0851463e895960a451075a301a9","result":"0x26693ed2750f665f9c4065d994106f8ba5ff7879aab4d748d9d06c4cb238d2b9"}}
[2m2025-12-10T10:19:13.081910Z[0m [34mDEBUG[0m [2methereum_transaction_pool_monitor::eth_client[0m[2m:[0m 📨 Received pending transaction: 0x26693ed2750f665f9c4065d994106f8ba5ff7879aab4d748d9d06c4cb238d2b9
[2m2025-12-10T10:19:13.081924Z[0m [34mDEBUG[0m [2methereum_transaction_pool_monitor::eth_client[0m[2m:[0m 📨 Received WebSocket message: {"jsonrpc":"2.0","method":"eth_subscription","params":{"subscription":"0xbed0a0851463e895960a451075a301a9","result":"0x9703c2d21c64c9f2ee3a38561e1a0610b959bd7b1371d0d02c991bf470a721f8"}}
[2m2025-12-10T10:19:13.081929Z[0m [34mDEBUG[0m [2methereum_transaction_pool_monitor::eth_client[0m[2m:[0m 📨 Received pending transaction: 0x9703c2d21c64c9f2ee3a38561e1a0610b959bd7b1371d0d02c991bf470a721f8
[2m2025-12-10T10:19:13.081933Z[0m [34mDEBUG[0m [2methereum_transaction_pool_monitor::eth_client[0m[2m:[0m 📨 Received WebSocket message: {"jsonrpc":"2.0","method":"eth_subscription","params":{"subscription":"0xbed0a0851463e895960a451075a301a9","result":"0x118db78e30fbbbf1f194f67598f8e42b8749888f7317bfb3d3fac1783d23eea9"}}
[2m2025-12-10T10:19:13.081938Z[0m [34mDEBUG[0m [2methereum_transaction_pool_monitor::eth_client[0m[2m:[0m 📨 Received pending transaction: 0x118db78e30fbbbf1f194f67598f8e42b8749888f7317bfb3d3fac1783d23eea9
[2m2025-12-10T10:19:13.081941Z[0m [34mDEBUG[0m [2methereum_transaction_pool_monitor::eth_client[0m[2m:[0m 📨 Received WebSocket message: {"jsonrpc":"2.0","method":"eth_subscription","params":{"subscription":"0xbed0a0851463e895960a451075a301a9","result":"0x206cb4bf5cc0ac8501be90295a7a8ee4850005e8297907bf8206101ab91a6479"}}
[2m2025-12-10T10:19:13.081952Z[0m [34mDEBUG[0m [2methereum_transaction_pool_monitor::eth_client[0m[2m:[0m 📨 Received pending transaction: 0x206cb4bf5cc0ac8501be90295a7a8ee4850005e8297907bf8206101ab91a6479
[2m2025-12-10T10:19:13.081957Z[0m [34mDEBUG[0m [2methereum_transaction_pool_monitor::eth_client[0m[2m:[0m 📨 Received WebSocket message: {"jsonrpc":"2.0","method":"eth_subscription","params":{"subscription":"0xbed0a0851463e895960a451075a301a9","result":"0xf715f9dd32aa22b6acfff9ff50b9f89fe83b901cbd6ef6ed427ebf626ff19506"}}
[2m2025-12-10T10:19:13.081961Z[0m [34mDEBUG[0m [2methereum_transaction_pool_monitor::eth_client[0m[2m:[0m 📨 Received pending transaction: 0xf715f9dd32aa22b6acfff9ff50b9f89fe83b901cbd6ef6ed427ebf626ff19506
[2m2025-12-10T10:19:13.081965Z[0m [34mDEBUG[0m [2methereum_transaction_pool_monitor::eth_client[0m[2m:[0m 📨 Received WebSocket message: {"jsonrpc":"2.0","method":"eth_subscription","params":{"subscription":"0xbed0a0851463e895960a451075a301a9","result":"0x03c8eadc395e1a143a3b6bf9284d267d8365ba62f155bfa6682332f7ca3916ad"}}
[2m2025-12-10T10:19:13.081970Z[0m [34mDEBUG[0m [2methereum_transaction_pool_monitor::eth_client[0m[2m:[0m 📨 Received pending transaction: 0x03c8eadc395e1a143a3b6bf9284d267d8365ba62f155bfa6682332f7ca3916ad
[2m2025-12-10T10:19:13.081974Z[0m [34mDEBUG[0m [2methereum_transaction_pool_monitor::eth_client[0m[2m:[0m 📨 Received WebSocket message: {"jsonrpc":"2.0","method":"eth_subscription","params":{"subscription":"0xbed0a0851463e895960a451075a301a9","result":"0x1e4b9d3010f698e098368f8ebbd7cbfc37c71a8ac4375c198c7eb57cba34e5c5"}}
[2m2025-12-10T10:19:13.081978Z[0m [34mDEBUG[0m [2methereum_transaction_pool_monitor::eth_client[0m[2m:[0m 📨 Received pending transaction: 0x1e4b9d3010f698e098368f8ebbd7cbfc37c71a8ac4375c198c7eb57cba34e5c5
[2m2025-12-10T10:19:13.081982Z[0m [34mDEBUG[0m [2methereum_transaction_pool_monitor::eth_client[0m[2m:[0m 📨 Received WebSocket message: {"jsonrpc":"2.0","method":"eth_subscription","params":{"subscription":"0xbed0a0851463e895960a451075a301a9","result":"0x5fcb412d8ffeedefaa6eff10e79935f934f8ae9a205b89a97dd310ead94d9f72"}}
[2m2025-12-10T10:19:13.081994Z[0m [34mDEBUG[0m [2methereum_transaction_pool_monitor::eth_client[0m[2m:[0m 📨 Received pending transaction: 0x5fcb412d8ffeedefaa6eff10e79935f934f8ae9a205b89a97dd310ead94d9f72
[2m2025-12-10T10:19:13.081998Z[0m [34mDEBUG[0m [2methereum_transaction_pool_monitor::eth_client[0m[2m:[0m 📨 Received WebSocket message: {"jsonrpc":"2.0","method":"eth_subscription","params":{"subscription":"0xbed0a0851463e895960a451075a301a9","result":"0xb13b6b59d307af259a2afe4bb9e91d3a546750afd58dd291a57fef8fa722500b"}}
[2m2025-12-10T10:19:13.082003Z[0m [34mDEBUG[0m [2methereum_transaction_pool_monitor::eth_client[0m[2m:[0m 📨 Received pending transaction: 0xb13b6b59d307af259a2afe4bb9e91d3a546750afd58dd291a57fef8fa722500b
[2m2025-12-10T10:19:13.082007Z[0m [34mDEBUG[0m [2methereum_transaction_pool_monitor::eth_client[0m[2m:[0m 📨 Received WebSocket message: {"jsonrpc":"2.0","method":"eth_subscription","params":{"subscription":"0xbed0a0851463e895960a451075a301a9","result":"0x87081a9298d9a7ba341a01208a45fdd3c307581bed772d5594c0b8cc5996b5fd"}}
[2m2025-12-10T10:19:13.082011Z[0m [34mDEBUG[0m [2methereum_transaction_pool_monitor::eth_client[0m[2m:[0m 📨 Received pending transaction: 0x87081a9298d9a7ba341a01208a45fdd3c307581bed772d5594c0b8cc5996b5fd
[2m2025-12-10T10:19:13.082015Z[0m [34mDEBUG[0m [2methereum_transaction_pool_monitor::eth_client[0m[2m:[0m 📨 Received WebSocket message: {"jsonrpc":"2.0","method":"eth_subscription","params":{"subscription":"0xbed0a0851463e895960a451075a301a9","result":"0xf5c8c291ff0b83881b687e0deaf072833b7a4537de66bcece6ff3080e5dc3e33"}}
[2m2025-12-10T10:19:13.082019Z[0m [34mDEBUG[0m [2methereum_transaction_pool_monitor::eth_client[0m[2m:[0m 📨 Received pending transaction: 0xf5c8c291ff0b83881b687e0deaf072833b7a4537de66bcece6ff3080e5dc3e33
[2m2025-12-10T10:19:13.082023Z[0m [34mDEBUG[0m [2methereum_transaction_pool_monitor::eth_client[0m[2m:[0m 📨 Received WebSocket message: {"jsonrpc":"2.0","method":"eth_subscription","params":{"subscription":"0xbed0a0851463e895960a451075a301a9","result":"0xa5ed5fc3a737c2ae04d90cb8d8b988075bed1e77054ecdfc256bc0bcfaf35bef"}}
[2m2025-12-10T10:19:13.082027Z[0m [34mDEBUG[0m [2methereum_transaction_pool_monitor::eth_client[0m[2m:[0m 📨 Received pending transaction: 0xa5ed5fc3a737c2ae04d90cb8d8b988075bed1e77054ecdfc256bc0bcfaf35bef
[2m2025-12-10T10:19:13.082031Z[0m [34mDEBUG[0m [2methereum_transaction_pool_monitor::eth_client[0m[2m:[0m 📨 Received WebSocket message: {"jsonrpc":"2.0","method":"eth_subscription","params":{"subscription":"0xbed0a0851463e895960a451075a301a9","result":"0x02395a36a004d3d98c727205d4e11ea02e946e72e7a78675c4ed2b3b20878e4c"}}
[2m2025-12-10T10:19:13.082035Z[0m [34mDEBUG[0m [2methereum_transaction_pool_monitor::eth_client[0m[2m:[0m 📨 Received pending transaction: 0x02395a36a004d3d98c727205d4e11ea02e946e72e7a78675c4ed2b3b20878e4c
[2m2025-12-10T10:19:13.082039Z[0m [34mDEBUG[0m [2methereum_transaction_pool_monitor::eth_client[0m[2m:[0m 📨 Received WebSocket message: {"jsonrpc":"2.0","method":"eth_subscription","params":{"subscription":"0xbed0a0851463e895960a451075a301a9","result":"0x12e2a943b0caa1805e4c4274adf36fe9bd7721ca5284f4f5a8af4d5cdc66a0de"}}
[2m2025-12-10T10:19:13.082043Z[0m [34mDEBUG[0m [2methereum_transaction_pool_monitor::eth_client[0m[2m:[0m 📨 Received pending transaction: 0x12e2a943b0caa1805e4c4274adf36fe9bd7721ca5284f4f5a8af4d5cdc66a0de
[2m2025-12-10T10:19:13.082047Z[0m [34mDEBUG[0m [2methereum_transaction_pool_monitor::eth_client[0m[2m:[0m 📨 Received WebSocket message: {"jsonrpc":"2.0","method":"eth_subscription","params":{"subscription":"0xbed0a0851463e895960a451075a301a9","result":"0x396ba09d0537da6bcc3e9a63654f44f8d7f3238674ee46a35c5a84b11f1ab480"}}
[2m2025-12-10T10:19:13.082053Z[0m [34mDEBUG[0m [2methereum_transaction_pool_monitor::eth_client[0m[2m:[0m 📨 Received pending transaction: 0x396ba09d0537da6bcc3e9a63654f44f8d7f3238674ee46a35c5a84b11f1ab480
[2m2025-12-10T10:19:13.082056Z[0m [34mDEBUG[0m [2methereum_transaction_pool_monitor::eth_client[0m[2m:[0m 📨 Received WebSocket message: {"jsonrpc":"2.0","method":"eth_subscription","params":{"subscription":"0xbed0a0851463e895960a451075a301a9","result":"0x69930faba929484c492426a128e377ffe14a69c3f1ed2c2d8d7e35cb14cd5a1c"}}
[2m2025-12-10T10:19:13.082060Z[0m [34mDEBUG[0m [2methereum_transaction_pool_monitor::eth_client[0m[2m:[0m 📨 Received pending transaction: 0x69930faba929484c492426a128e377ffe14a69c3f1ed2c2d8d7e35cb14cd5a1c
[2m2025-12-10T10:19:13.082064Z[0m [34mDEBUG[0m [2methereum_transaction_pool_monitor::eth_client[0m[2m:[0m 📨 Received WebSocket message: {"jsonrpc":"2.0","method":"eth_subscription","params":{"subscription":"0xbed0a0851463e895960a451075a301a9","result":"0xda1b6160c99283d77a69948c9660d9081a5bc36785bb22108c75529e7185331f"}}
[2m2025-12-10T10:19:13.082068Z[0m [34mDEBUG[0m [2methereum_transaction_pool_monitor::eth_client[0m[2m:[0m 📨 Received pending transaction: 0xda1b6160c99283d77a69948c9660d9081a5bc36785bb22108c75529e7185331f
[2m2025-12-10T10:19:13.082075Z[0m [34mDEBUG[0m [2methereum_transaction_pool_monitor::eth_client[0m[2m:[0m 📨 Received WebSocket message: {"jsonrpc":"2.0","method":"eth_subscription","params":{"subscription":"0xbed0a0851463e895960a451075a301a9","result":"0x738201fe93b3f2e6b5828f8d90ec0766e234b7cb047fa0209a0e669b44532154"}}
[2m2025-12-10T10:19:13.082079Z[0m [34mDEBUG[0m [2methereum_transaction_pool_monitor::eth_client[0m[2m:[0m 📨 Received pending transaction: 0x738201fe93b3f2e6b5828f8d90ec0766e234b7cb047fa0209a0e669b44532154
[2m2025-12-10T10:19:13.082083Z[0m [34mDEBUG[0m [2methereum_transaction_pool_monitor::eth_client[0m[2m:[0m 📨 Received WebSocket message: {"jsonrpc":"2.0","method":"eth_subscription","params":{"subscription":"0xbed0a0851463e895960a451075a301a9","result":"0x45b78c4b4d5100f5990b6404e16efeabf11beeb49cca97819a20af628a68163b"}}
[2m2025-12-10T10:19:13.082088Z[0m [34mDEBUG[0m [2methereum_transaction_pool_monitor::eth_client[0m[2m:[0m 📨 Received pending transaction: 0x45b78c4b4d5100f5990b6404e16efeabf11beeb49cca97819a20af628a68163b
[2m2025-12-10T10:19:13.082114Z[0m [34mDEBUG[0m [2methereum_transaction_pool_monitor::eth_client[0m[2m:[0m 📨 Received WebSocket message: {"jsonrpc":"2.0","method":"eth_subscription","params":{"subscription":"0xbed0a0851463e895960a451075a301a9","result":"0xc338db1fd31f009617586d1a695abdbbd5b0043877a88c4788490863db491434"}}
[2m2025-12-10T10:19:13.082121Z[0m [34mDEBUG[0m [2methereum_transaction_pool_monitor::eth_client[0m[2m:[0m 📨 Received pending transaction: 0xc338db1fd31f009617586d1a695abdbbd5b0043877a88c4788490863db491434
[2m2025-12-10T10:19:13.082145Z[0m [34mDEBUG[0m [2methereum_transaction_pool_monitor::eth_client[0m[2m:[0m 📨 Received WebSocket message: {"jsonrpc":"2.0","method":"eth_subscription","params":{"subscription":"0xbed0a0851463e895960a451075a301a9","result":"0xcf70fc6de1cb449d777059c67c4d2c90bb01b64ea72bb918a845ae51fd940cf5"}}
[2m2025-12-10T10:19:13.082150Z[0m [34mDEBUG[0m [2methereum_transaction_pool_monitor::eth_client[0m[2m:[0m 📨 Received pending transaction: 0xcf70fc6de1cb449d777059c67c4d2c90bb01b64ea72bb918a845ae51fd940cf5
[2m2025-12-10T10:19:13.082207Z[0m [34mDEBUG[0m [2methereum_transaction_pool_monitor::eth_client[0m[2m:[0m 📨 Received WebSocket message: {"jsonrpc":"2.0","method":"eth_subscription","params":{"subscription":"0xbed0a0851463e895960a451075a301a9","result":"0xf26ad64dc24b9ef319f13845b6515d284fd6f48c3ca9400a78da8b824fa3fdfb"}}
[2m2025-12-10T10:19:13.082214Z[0m [34mDEBUG[0m [2methereum_transaction_pool_monitor::eth_client[0m[2m:[0m 📨 Received pending transaction: 0xf26ad64dc24b9ef319f13845b6515d284fd6f48c3ca9400a78da8b824fa3fdfb
[2m2025-12-10T10:19:13.082235Z[0m [34mDEBUG[0m [2methereum_transaction_pool_monitor::eth_client[0m[2m:[0m 📨 Received WebSocket message: {"jsonrpc":"2.0","method":"eth_subscription","params":{"subscription":"0xbed0a0851463e895960a451075a301a9","result":"0x984a08c7ded4475d597e78010d425e3cdd9e15d9fb3b7acc809e4c73ab987a0b"}}
[2m2025-12-10T10:19:13.082240Z[0m [34mDEBUG[0m [2methereum_transaction_pool_monitor::eth_client[0m[2m:[0m 📨 Received pending transaction: 0x984a08c7ded4475d597e78010d425e3cdd9e15d9fb3b7acc809e4c73ab987a0b
[2m2025-12-10T10:19:13.082244Z[0m [34mDEBUG[0m [2methereum_transaction_pool_monitor::eth_client[0m[2m:[0m 📨 Received WebSocket message: {"jsonrpc":"2.0","method":"eth_subscription","params":{"subscription":"0xbed0a0851463e895960a451075a301a9","result":"0x5611a50b94784fadbd686b1b68e6eb5d2a4f838427f4823564ac7c280e90664d"}}
[2m2025-12-10T10:19:13.082249Z[0m [34mDEBUG[0m [2methereum_transaction_pool_monitor::eth_client[0m[2m:[0m 📨 Received pending transaction: 0x5611a50b94784fadbd686b1b68e6eb5d2a4f838427f4823564ac7c280e90664d
[2m2025-12-10T10:19:13.082252Z[0m [34mDEBUG[0m [2methereum_transaction_pool_monitor::eth_client[0m[2m:[0m 📨 Received WebSocket message: {"jsonrpc":"2.0","method":"eth_subscription","params":{"subscription":"0xbed0a0851463e895960a451075a301a9","result":"0x51369241fd2d446f22acb643b69f1b1568a3abbb42c4b639ed0e2ea6da213e72"}}
[2m2025-12-10T10:19:13.082257Z[0m [34mDEBUG[0m [2methereum_transaction_pool_monitor::eth_client[0m[2m:[0m 📨 Received pending transaction: 0x51369241fd2d446f22acb643b69f1b1568a3abbb42c4b639ed0e2ea6da213e72
[2m2025-12-10T10:19:13.082260Z[0m [34mDEBUG[0m [2methereum_transaction_pool_monitor::eth_client[0m[2m:[0m 📨 Received WebSocket message: {"jsonrpc":"2.0","method":"eth_subscription","params":{"subscription":"0xbed0a0851463e895960a451075a301a9","result":"0x741a253b53e0c930b32e830da381aeea45c16d6bb3fb1ab49751091411f873df"}}
[2m2025-12-10T10:19:13.082265Z[0m [34mDEBUG[0m [2methereum_transaction_pool_monitor::eth_client[0m[2m:[0m 📨 Received pending transaction: 0x741a253b53e0c930b32e830da381aeea45c16d6bb3fb1ab49751091411f873df
[2m2025-12-10T10:19:13.082268Z[0m [34mDEBUG[0m [2methereum_transaction_pool_monitor::eth_client[0m[2m:[0m 📨 Received WebSocket message: {"jsonrpc":"2.0","method":"eth_subscription","params":{"subscription":"0xbed0a0851463e895960a451075a301a9","result":"0xb08b3456e16ee4949bdf948d7f9d72133cda19adbcd690879403b250c87795e8"}}
[2m2025-12-10T10:19:13.082273Z[0m [34mDEBUG[0m [2methereum_transaction_pool_monitor::eth_client[0m[2m:[0m 📨 Received pending transaction: 0xb08b3456e16ee4949bdf948d7f9d72133cda19adbcd690879403b250c87795e8
[2m2025-12-10T10:19:13.082276Z[0m [34mDEBUG[0m [2methereum_transaction_pool_monitor::eth_client[0m[2m:[0m 📨 Received WebSocket message: {"jsonrpc":"2.0","method":"eth_subscription","params":{"subscription":"0xbed0a0851463e895960a451075a301a9","result":"0xf2226b255f4bf91211de78cc3d45e730f2538297b25e805a1d113a9d0cf2ed23"}}
[2m2025-12-10T10:19:13.082286Z[0m [34mDEBUG[0m [2methereum_transaction_pool_monitor::eth_client[0m[2m:[0m 📨 Received pending transaction: 0xf2226b255f4bf91211de78cc3d45e730f2538297b25e805a1d113a9d0cf2ed23
[2m2025-12-10T10:19:13.082306Z[0m [34mDEBUG[0m [2methereum_transaction_pool_monitor::eth_client[0m[2m:[0m 📨 Received WebSocket message: {"jsonrpc":"2.0","method":"eth_subscription","params":{"subscription":"0xbed0a0851463e895960a451075a301a9","result":"0xd3a446aa57742dab1e7e1dea07e707db299565c799a4a3b3952498110ee6d6c2"}}
[2m2025-12-10T10:19:13.082311Z[0m [34mDEBUG[0m [2methereum_transaction_pool_monitor::eth_client[0m[2m:[0m 📨 Received pending transaction: 0xd3a446aa57742dab1e7e1dea07e707db299565c799a4a3b3952498110ee6d6c2
[2m2025-12-10T10:19:13.082315Z[0m [34mDEBUG[0m [2methereum_transaction_pool_monitor::eth_client[0m[2m:[0m 📨 Received WebSocket message: {"jsonrpc":"2.0","method":"eth_subscription","params":{"subscription":"0xbed0a0851463e895960a451075a301a9","result":"0xcba9289a06000485cfe38a5dc191243dfe5d718645feeca7c7be8191b333b476"}}
[2m2025-12-10T10:19:13.082319Z[0m [34mDEBUG[0m [2methereum_transaction_pool_monitor::eth_client[0m[2m:[0m 📨 Received pending transaction: 0xcba9289a06000485cfe38a5dc191243dfe5d718645feeca7c7be8191b333b476
[2m2025-12-10T10:19:13.082323Z[0m [34mDEBUG[0m [2methereum_transaction_pool_monitor::eth_client[0m[2m:[0m 📨 Received WebSocket message: {"jsonrpc":"2.0","method":"eth_subscription","params":{"subscription":"0xbed0a0851463e895960a451075a301a9","result":"0x573397335febb7cfc153c662cab0d7bfd65913f7614196e473e9d6d9fbfa2260"}}
[2m2025-12-10T10:19:13.082327Z[0m [34mDEBUG[0m [2methereum_transaction_pool_monitor::eth_client[0m[2m:[0m 📨 Received pending transaction: 0x573397335febb7cfc153c662cab0d7bfd65913f7614196e473e9d6d9fbfa2260
[2m2025-12-10T10:19:13.082331Z[0m [34mDEBUG[0m [2methereum_transaction_pool_monitor::eth_client[0m[2m:[0m 📨 Received WebSocket message: {"jsonrpc":"2.0","method":"eth_subscription","params":{"subscription":"0xbed0a0851463e895960a451075a301a9","result":"0xa8fdf22c6aefc754f5753595337731689a1b7e9993461400140801920180e505"}}
[2m2025-12-10T10:19:13.082335Z[0m [34mDEBUG[0m [2methereum_transaction_pool_monitor::eth_client[0m[2m:[0m 📨 Received pending transaction: 0xa8fdf22c6aefc754f5753595337731689a1b7e9993461400140801920180e505
[2m2025-12-10T10:19:13.082339Z[0m [34mDEBUG[0m [2methereum_transaction_pool_monitor::eth_client[0m[2m:[0m 📨 Received WebSocket message: {"jsonrpc":"2.0","method":"eth_subscription","params":{"subscription":"0xbed0a0851463e895960a451075a301a9","result":"0x15d03fa339f86c056b52cc9cc2e68311ed5e1a78eac53aa4394932874cb2c636"}}
[2m2025-12-10T10:19:13.082344Z[0m [34mDEBUG[0m [2methereum_transaction_pool_monitor::eth_client[0m[2m:[0m 📨 Received pending transaction: 0x15d03fa339f86c056b52cc9cc2e68311ed5e1a78eac53aa4394932874cb2c636
[2m2025-12-10T10:19:13.082348Z[0m [34mDEBUG[0m [2methereum_transaction_pool_monitor::eth_client[0m[2m:[0m 📨 Received WebSocket message: {"jsonrpc":"2.0","method":"eth_subscription","params":{"subscription":"0xbed0a0851463e895960a451075a301a9","result":"0x89118e2daec76286cb66c8f508b2e77d0088a41a0b897a8d810d8d025ce68447"}}
[2m2025-12-10T10:19:13.082352Z[0m [34mDEBUG[0m [2methereum_transaction_pool_monitor::eth_client[0m[2m:[0m 📨 Received pending transaction: 0x89118e2daec76286cb66c8f508b2e77d0088a41a0b897a8d810d8d025ce68447
[2m2025-12-10T10:19:13.082356Z[0m [34mDEBUG[0m [2methereum_transaction_pool_monitor::eth_client[0m[2m:[0m 📨 Received WebSocket message: {"jsonrpc":"2.0","method":"eth_subscription","params":{"subscription":"0xbed0a0851463e895960a451075a301a9","result":"0xb52cc57ad24a8a65af66fdafd3164c600f0ee0aa8a2fb308d2eccfc190792d1e"}}
[2m2025-12-10T10:19:13.082360Z[0m [34mDEBUG[0m [2methereum_transaction_pool_monitor::eth_client[0m[2m:[0m 📨 Received pending transaction: 0xb52cc57ad24a8a65af66fdafd3164c600f0ee0aa8a2fb308d2eccfc190792d1e
[2m2025-12-10T10:19:13.082364Z[0m [34mDEBUG[0m [2methereum_transaction_pool_monitor::eth_client[0m[2m:[0m 📨 Received WebSocket message: {"jsonrpc":"2.0","method":"eth_subscription","params":{"subscription":"0xbed0a0851463e895960a451075a301a9","result":"0x7e6aa3c14c9378298a386d9ea0955656caadac212eb0541c0e032d10c9ca27fe"}}
[2m2025-12-10T10:19:13.082369Z[0m [34mDEBUG[0m [2methereum_transaction_pool_monitor::eth_client[0m[2m:[0m 📨 Received pending transaction: 0x7e6aa3c14c9378298a386d9ea0955656caadac212eb0541c0e032d10c9ca27fe
[2m2025-12-10T10:19:13.082372Z[0m [34mDEBUG[0m [2methereum_transaction_pool_monitor::eth_client[0m[2m:[0m 📨 Received WebSocket message: {"jsonrpc":"2.0","method":"eth_subscription","params":{"subscription":"0xbed0a0851463e895960a451075a301a9","result":"0x8c44430dbc1dbe1a7940cccc42d574d88aa7e4fd0e4fbdfa635f920622c8f353"}}
[2m2025-12-10T10:19:13.082377Z[0m [34mDEBUG[0m [2methereum_transaction_pool_monitor::eth_client[0m[2m:[0m 📨 Received pending transaction: 0x8c44430dbc1dbe1a7940cccc42d574d88aa7e4fd0e4fbdfa635f920622c8f353
[2m2025-12-10T10:19:13.082381Z[0m [34mDEBUG[0m [2methereum_transaction_pool_monitor::eth_client[0m[2m:[0m 📨 Received WebSocket message: {"jsonrpc":"2.0","method":"eth_subscription","params":{"subscription":"0xbed0a0851463e895960a451075a301a9","result":"0x6f07169fd1a09e04fb9c9360dc38fc1f652c647be4c24cc42c6f50a85f8522c4"}}
[2m2025-12-10T10:19:13.082386Z[0m [34mDEBUG[0m [2methereum_transaction_pool_monitor::eth_client[0m[2m:[0m 📨 Received pending transaction: 0x6f07169fd1a09e04fb9c9360dc38fc1f652c647be4c24cc42c6f50a85f8522c4
[2m2025-12-10T10:19:13.082390Z[0m [34mDEBUG[0m [2methereum_transaction_pool_monitor::eth_client[0m[2m:[0m 📨 Received WebSocket message: {"jsonrpc":"2.0","method":"eth_subscription","params":{"subscription":"0xbed0a0851463e895960a451075a301a9","result":"0x0411adf063825600c2a9b899bba28f5e75f4d0bab3ac7c368db6a5a5d3fbf3f5"}}
[2m2025-12-10T10:19:13.082394Z[0m [34mDEBUG[0m [2methereum_transaction_pool_monitor::eth_client[0m[2m:[0m 📨 Received pending transaction: 0x0411adf063825600c2a9b899bba28f5e75f4d0bab3ac7c368db6a5a5d3fbf3f5
[2m2025-12-10T10:19:13.082400Z[0m [34mDEBUG[0m [2methereum_transaction_pool_monitor::eth_client[0m[2m:[0m 📨 Received WebSocket message: {"jsonrpc":"2.0","method":"eth_subscription","params":{"subscription":"0xbed0a0851463e895960a451075a301a9","result":"0xe3da8c210688e5f097bbe3c9f7902332af0e0f833293a4b85f0812ea60aa1636"}}
[2m2025-12-10T10:19:13.082410Z[0m [34mDEBUG[0m [2methereum_transaction_pool_monitor::eth_client[0m[2m:[0m 📨 Received pending transaction: 0xe3da8c210688e5f097bbe3c9f7902332af0e0f833293a4b85f0812ea60aa1636
[2m2025-12-10T10:19:13.082437Z[0m [34mDEBUG[0m [2methereum_transaction_pool_monitor::eth_client[0m[2m:[0m 📨 Received WebSocket message: {"jsonrpc":"2.0","method":"eth_subscription","params":{"subscription":"0xbed0a0851463e895960a451075a301a9","result":"0xc0cc3ef7a4a74d29f162fbd73a0176a7be1958c251a5949d0b073ae3c0ad7109"}}
[2m2025-12-10T10:19:13.082442Z[0m [34mDEBUG[0m [2methereum_transaction_pool_monitor::eth_client[0m[2m:[0m 📨 Received pending transaction: 0xc0cc3ef7a4a74d29f162fbd73a0176a7be1958c251a5949d0b073ae3c0ad7109
[2m2025-12-10T10:19:13.082446Z[0m [34mDEBUG[0m [2methereum_transaction_pool_monitor::eth_client[0m[2m:[0m 📨 Received WebSocket message: {"jsonrpc":"2.0","method":"eth_subscription","params":{"subscription":"0xbed0a0851463e895960a451075a301a9","result":"0xef033e7619f17ffaf15baa2228999b9a4022c00a45a3a0280c7dec91a754ed9b"}}
[2m2025-12-10T10:19:13.082450Z[0m [34mDEBUG[0m [2methereum_transaction_pool_monitor::eth_client[0m[2m:[0m 📨 Received pending transaction: 0xef033e7619f17ffaf15baa2228999b9a4022c00a45a3a0280c7dec91a754ed9b
[2m2025-12-10T10:19:13.082454Z[0m [34mDEBUG[0m [2methereum_transaction_pool_monitor::eth_client[0m[2m:[0m 📨 Received WebSocket message: {"jsonrpc":"2.0","method":"eth_subscription","params":{"subscription":"0xbed0a0851463e895960a451075a301a9","result":"0x95e5351667ca68a01d3e645827dda38171a2dc0aa9c31cc8fe675a3714f3b36c"}}
[2m2025-12-10T10:19:13.082458Z[0m [34mDEBUG[0m [2methereum_transaction_pool_monitor::eth_client[0m[2m:[0m 📨 Received pending transaction: 0x95e5351667ca68a01d3e645827dda38171a2dc0aa9c31cc8fe675a3714f3b36c
[2m2025-12-10T10:19:13.082462Z[0m [34mDEBUG[0m [2methereum_transaction_pool_monitor::eth_client[0m[2m:[0m 📨 Received WebSocket message: {"jsonrpc":"2.0","method":"eth_subscription","params":{"subscription":"0xbed0a0851463e895960a451075a301a9","result":"0x0e5d54c42efb60688a6aa8b338f7bbfc531fad8f00a52b1004a9cc411aa490bc"}}
[2m2025-12-10T10:19:13.082466Z[0m [34mDEBUG[0m [2methereum_transaction_pool_monitor::eth_client[0m[2m:[0m 📨 Received pending transaction: 0x0e5d54c42efb60688a6aa8b338f7bbfc531fad8f00a52b1004a9cc411aa490bc
[2m2025-12-10T10:19:13.082469Z[0m [34mDEBUG[0m [2methereum_transaction_pool_monitor::eth_client[0m[2m:[0m 📨 Received WebSocket message: {"jsonrpc":"2.0","method":"eth_subscription","params":{"subscription":"0xbed0a0851463e895960a451075a301a9","result":"0x0b00f23ba3fd14d9aa32f934114e6872ab19f5b8977e081ed4af4aa4c75efe55"}}
[2m2025-12-10T10:19:13.082474Z[0m [34mDEBUG[0m [2methereum_transaction_pool_monitor::eth_client[0m[2m:[0m 📨 Received pending transaction: 0x0b00f23ba3fd14d9aa32f934114e6872ab19f5b8977e081ed4af4aa4c75efe55
[2m2025-12-10T10:19:13.082477Z[0m [34mDEBUG[0m [2methereum_transaction_pool_monitor::eth_client[0m[2m:[0m 📨 Received WebSocket message: {"jsonrpc":"2.0","method":"eth_subscription","params":{"subscription":"0xbed0a0851463e895960a451075a301a9","result":"0x000a907d4e88413172038bc84c95622bea0e4e0b7242fc52eb7126eaa243ffd3"}}
[2m2025-12-10T10:19:13.082481Z[0m [34mDEBUG[0m [2methereum_transaction_pool_monitor::eth_client[0m[2m:[0m 📨 Received pending transaction: 0x000a907d4e88413172038bc84c95622bea0e4e0b7242fc52eb7126eaa243ffd3
[2m2025-12-10T10:19:13.082485Z[0m [34mDEBUG[0m [2methereum_transaction_pool_monitor::eth_client[0m[2m:[0m 📨 Received WebSocket message: {"jsonrpc":"2.0","method":"eth_subscription","params":{"subscription":"0xbed0a0851463e895960a451075a301a9","result":"0x379807d768b92d144727e6764766bf85f89173085d8b030fbedae12f3c7efe27"}}
[2m2025-12-10T10:19:13.082489Z[0m [34mDEBUG[0m [2methereum_transaction_pool_monitor::eth_client[0m[2m:[0m 📨 Received pending transaction: 0x379807d768b92d144727e6764766bf85f89173085d8b030fbedae12f3c7efe27
[2m2025-12-10T10:19:13.082494Z[0m [34mDEBUG[0m [2methereum_transaction_pool_monitor::eth_client[0m[2m:[0m 📨 Received WebSocket message: {"jsonrpc":"2.0","method":"eth_subscription","params":{"subscription":"0xbed0a0851463e895960a451075a301a9","result":"0xd3a12dcae10830339e7fecaffa83e964074ee409ee417bedb6fea54c75107eb9"}}
[2m2025-12-10T10:19:13.082499Z[0m [34mDEBUG[0m [2methereum_transaction_pool_monitor::eth_client[0m[2m:[0m 📨 Received pending transaction: 0xd3a12dcae10830339e7fecaffa83e964074ee409ee417bedb6fea54c75107eb9
[2m2025-12-10T10:19:13.082502Z[0m [34mDEBUG[0m [2methereum_transaction_pool_monitor::eth_client[0m[2m:[0m 📨 Received WebSocket message: {"jsonrpc":"2.0","method":"eth_subscription","params":{"subscription":"0xbed0a0851463e895960a451075a301a9","result":"0x5f8193a777e52e12cf5afcb3173b4bc56a3359dfc4aad532337f48b1c6a18fb0"}}
[2m2025-12-10T10:19:13.082507Z[0m [34mDEBUG[0m [2methereum_transaction_pool_monitor::eth_client[0m[2m:[0m 📨 Received pending transaction: 0x5f8193a777e52e12cf5afcb3173b4bc56a3359dfc4aad532337f48b1c6a18fb0
[2m2025-12-10T10:19:13.082510Z[0m [34mDEBUG[0m [2methereum_transaction_pool_monitor::eth_client[0m[2m:[0m 📨 Received WebSocket message: {"jsonrpc":"2.0","method":"eth_subscription","params":{"subscription":"0xbed0a0851463e895960a451075a301a9","result":"0xc2c5069d286f760bb2cf28b4d9a71d37e6dda68eb5cad17e6197703a5e276eff"}}
[2m2025-12-10T10:19:13.082514Z[0m [34mDEBUG[0m [2methereum_transaction_pool_monitor::eth_client[0m[2m:[0m 📨 Received pending transaction: 0xc2c5069d286f760bb2cf28b4d9a71d37e6dda68eb5cad17e6197703a5e276eff
[2m2025-12-10T10:19:13.082520Z[0m [34mDEBUG[0m [2methereum_transaction_pool_monitor::eth_client[0m[2m:[0m 📨 Received WebSocket message: {"jsonrpc":"2.0","method":"eth_subscription","params":{"subscription":"0xbed0a0851463e895960a451075a301a9","result":"0xb11d2e3e699e2e7e504075da409c6993a7914f9d03423461e7d9e3bf78d6ce62"}}
[2m2025-12-10T10:19:13.082545Z[0m [34mDEBUG[0m [2methereum_transaction_pool_monitor::eth_client[0m[2m:[0m 📨 Received pending transaction: 0xb11d2e3e699e2e7e504075da409c6993a7914f9d03423461e7d9e3bf78d6ce62
[2m2025-12-10T10:19:13.082550Z[0m [34mDEBUG[0m [2methereum_transaction_pool_monitor::eth_client[0m[2m:[0m 📨 Received WebSocket message: {"jsonrpc":"2.0","method":"eth_subscription","params":{"subscription":"0xbed0a0851463e895960a451075a301a9","result":"0x8919a8df8b77f855425712ebcd1c06b8e8deec703391ee750baa7638fcb1af4d"}}
[2m2025-12-10T10:19:13.082554Z[0m [34mDEBUG[0m [2methereum_transaction_pool_monitor::eth_client[0m[2m:[0m 📨 Received pending transaction: 0x8919a8df8b77f855425712ebcd1c06b8e8deec703391ee750baa7638fcb1af4d
[2m2025-12-10T10:19:13.082558Z[0m [34mDEBUG[0m [2methereum_transaction_pool_monitor::eth_client[0m[2m:[0m 📨 Received WebSocket message: {"jsonrpc":"2.0","method":"eth_subscription","params":{"subscription":"0xbed0a0851463e895960a451075a301a9","result":"0x18f7c273c72b43b329a5360fcce4b533c8a76922882ec993a4804989ca2cfecb"}}
[2m2025-12-10T10:19:13.082564Z[0m [34mDEBUG[0m [2methereum_transaction_pool_monitor::eth_client[0m[2m:[0m 📨 Received pending transaction: 0x18f7c273c72b43b329a5360fcce4b533c8a76922882ec993a4804989ca2cfecb
[2m2025-12-10T10:19:13.082567Z[0m [34mDEBUG[0m [2methereum_transaction_pool_monitor::eth_client[0m[2m:[0m 📨 Received WebSocket message: {"jsonrpc":"2.0","method":"eth_subscription","params":{"subscription":"0xbed0a0851463e895960a451075a301a9","result":"0x1540d2cb3e62a7445fb06c1315185933ef74904c9d854563ddef42ac42540f8e"}}
[2m2025-12-10T10:19:13.082572Z[0m [34mDEBUG[0m [2methereum_transaction_pool_monitor::eth_client[0m[2m:[0m 📨 Received pending transaction: 0x1540d2cb3e62a7445fb06c1315185933ef74904c9d854563ddef42ac42540f8e
[2m2025-12-10T10:19:13.082576Z[0m [34mDEBUG[0m [2methereum_transaction_pool_monitor::eth_client[0m[2m:[0m 📨 Received WebSocket message: {"jsonrpc":"2.0","method":"eth_subscription","params":{"subscription":"0xbed0a0851463e895960a451075a301a9","result":"0x13176a75afa2ef85aa30e77ffaf3cae07e4f63d70888445f600e9e371c28e805"}}
[2m2025-12-10T10:19:13.082580Z[0m [34mDEBUG[0m [2methereum_transaction_pool_monitor::eth_client[0m[2m:[0m 📨 Received pending transaction: 0x13176a75afa2ef85aa30e77ffaf3cae07e4f63d70888445f600e9e371c28e805
[2m2025-12-10T10:19:13.082584Z[0m [34mDEBUG[0m [2methereum_transaction_pool_monitor::eth_client[0m[2m:[0m 📨 Received WebSocket message: {"jsonrpc":"2.0","method":"eth_subscription","params":{"subscription":"0xbed0a0851463e895960a451075a301a9","result":"0x9a78ea8943fa1a7857cfca1d8424e7158492c09c65b768c9c2a409e59fb02dc2"}}
[2m2025-12-10T10:19:13.082589Z[0m [34mDEBUG[0m [2methereum_transaction_pool_monitor::eth_client[0m[2m:[0m 📨 Received pending transaction: 0x9a78ea8943fa1a7857cfca1d8424e7158492c09c65b768c9c2a409e59fb02dc2
[2m2025-12-10T10:19:13.082593Z[0m [34mDEBUG[0m [2methereum_transaction_pool_monitor::eth_client[0m[2m:[0m 📨 Received WebSocket message: {"jsonrpc":"2.0","method":"eth_subscription","params":{"subscription":"0xbed0a0851463e895960a451075a301a9","result":"0x6ac3992371cf0f39054c19750c8cf76789651acaeac4b03bf701186861ce5a7a"}}
[2m2025-12-10T10:19:13.082597Z[0m [34mDEBUG[0m [2methereum_transaction_pool_monitor::eth_client[0m[2m:[0m 📨 Received pending transaction: 0x6ac3992371cf0f39054c19750c8cf76789651acaeac4b03bf701186861ce5a7a
[2m2025-12-10T10:19:13.082601Z[0m [34mDEBUG[0m [2methereum_transaction_pool_monitor::eth_client[0m[2m:[0m 📨 Received WebSocket message: {"jsonrpc":"2.0","method":"eth_subscription","params":{"subscription":"0xbed0a0851463e895960a451075a301a9","result":"0xc32857a9f7a7db1f5423f46dd54775b560258920ded790933651664d37496150"}}
[2m2025-12-10T10:19:13.082606Z[0m [34mDEBUG[0m [2methereum_transaction_pool_monitor::eth_client[0m[2m:[0m 📨 Received pending transaction: 0xc32857a9f7a7db1f5423f46dd54775b560258920ded790933651664d37496150
[2m2025-12-10T10:19:13.082610Z[0m [34mDEBUG[0m [2methereum_transaction_pool_monitor::eth_client[0m[2m:[0m 📨 Received WebSocket message: {"jsonrpc":"2.0","method":"eth_subscription","params":{"subscription":"0xbed0a0851463e895960a451075a301a9","result":"0x0d663c3c46abf77716a8f42560ae4385e1d2b62fbb8f314e0b153a064511cecf"}}
[2m2025-12-10T10:19:13.082615Z[0m [34mDEBUG[0m [2methereum_transaction_pool_monitor::eth_client[0m[2m:[0m 📨 Received pending transaction: 0x0d663c3c46abf77716a8f42560ae4385e1d2b62fbb8f314e0b153a064511cecf
[2m2025-12-10T10:19:13.082618Z[0m [34mDEBUG[0m [2methereum_transaction_pool_monitor::eth_client[0m[2m:[0m 📨 Received WebSocket message: {"jsonrpc":"2.0","method":"eth_subscription","params":{"subscription":"0xbed0a0851463e895960a451075a301a9","result":"0x86802bfddb69b160a363049e5116c67fc5cf66605a5b80cc6cd8f2fa4dd00e90"}}
[2m2025-12-10T10:19:13.082623Z[0m [34mDEBUG[0m [2methereum_transaction_pool_monitor::eth_client[0m[2m:[0m 📨 Received pending transaction: 0x86802bfddb69b160a363049e5116c67fc5cf66605a5b80cc6cd8f2fa4dd00e90
[2m2025-12-10T10:19:13.082627Z[0m [34mDEBUG[0m [2methereum_transaction_pool_monitor::eth_client[0m[2m:[0m 📨 Received WebSocket message: {"jsonrpc":"2.0","method":"eth_subscription","params":{"subscription":"0xbed0a0851463e895960a451075a301a9","result":"0x5bb6dd3f1d7cb7a8bbd7760a7d52516b880a7c0808a28567c4132a92dca247ef"}}
[2m2025-12-10T10:19:13.082631Z[0m [34mDEBUG[0m [2methereum_transaction_pool_monitor::eth_client[0m[2m:[0m 📨 Received pending transaction: 0x5bb6dd3f1d7cb7a8bbd7760a7d52516b880a7c0808a28567c4132a92dca247ef
[2m2025-12-10T10:19:13.082636Z[0m [34mDEBUG[0m [2methereum_transaction_pool_monitor::eth_client[0m[2m:[0m 📨 Received WebSocket message: {"jsonrpc":"2.0","method":"eth_subscription","params":{"subscription":"0xbed0a0851463e895960a451075a301a9","result":"0xc5fa961946414c0140f6af432160b3509f9cea0ba32a052940502d23660ebd46"}}
[2m2025-12-10T10:19:13.082642Z[0m [34mDEBUG[0m [2methereum_transaction_pool_monitor::eth_client[0m[2m:[0m 📨 Received pending transaction: 0xc5fa961946414c0140f6af432160b3509f9cea0ba32a052940502d23660ebd46
[2m2025-12-10T10:19:13.082646Z[0m [34mDEBUG[0m [2methereum_transaction_pool_monitor::eth_client[0m[2m:[0m 📨 Received WebSocket message: {"jsonrpc":"2.0","method":"eth_subscription","params":{"subscription":"0xbed0a0851463e895960a451075a301a9","result":"0x06734c67c38c9fcd9ac4f1af22a7fe33c140081f92e29fd3a65f83a2375bb9d0"}}
[2m2025-12-10T10:19:13.082650Z[0m [34mDEBUG[0m [2methereum_transaction_pool_monitor::eth_client[0m[2m:[0m 📨 Received pending transaction: 0x06734c67c38c9fcd9ac4f1af22a7fe33c140081f92e29fd3a65f83a2375bb9d0
[2m2025-12-10T10:19:13.082654Z[0m [34mDEBUG[0m [2methereum_transaction_pool_monitor::eth_client[0m[2m:[0m 📨 Received WebSocket message: {"jsonrpc":"2.0","method":"eth_subscription","params":{"subscription":"0xbed0a0851463e895960a451075a301a9","result":"0xc446f81db1e399906ca7cb7a325e08d14c34e68b046e74b2aad89fff4351eaa6"}}
[2m2025-12-10T10:19:13.082658Z[0m [34mDEBUG[0m [2methereum_transaction_pool_monitor::eth_client[0m[2m:[0m 📨 Received pending transaction: 0xc446f81db1e399906ca7cb7a325e08d14c34e68b046e74b2aad89fff4351eaa6
[2m2025-12-10T10:19:13.082661Z[0m [34mDEBUG[0m [2methereum_transaction_pool_monitor::eth_client[0m[2m:[0m 📨 Received WebSocket message: {"jsonrpc":"2.0","method":"eth_subscription","params":{"subscription":"0xbed0a0851463e895960a451075a301a9","result":"0xfdbe250237312505409cf395088454ba4919e9318df91004deb951b969a7fc5f"}}
[2m2025-12-10T10:19:13.082666Z[0m [34mDEBUG[0m [2methereum_transaction_pool_monitor::eth_client[0m[2m:[0m 📨 Received pending transaction: 0xfdbe250237312505409cf395088454ba4919e9318df91004deb951b969a7fc5f
[2m2025-12-10T10:19:13.082669Z[0m [34mDEBUG[0m [2methereum_transaction_pool_monitor::eth_client[0m[2m:[0m 📨 Received WebSocket message: {"jsonrpc":"2.0","method":"eth_subscription","params":{"subscription":"0xbed0a0851463e895960a451075a301a9","result":"0xe0947f1353c4cb658f4beec28c77d38623c38fe28f93db83c40e5ae4e8e9a80e"}}
[2m2025-12-10T10:19:13.082674Z[0m [34mDEBUG[0m [2methereum_transaction_pool_monitor::eth_client[0m[2m:[0m 📨 Received pending transaction: 0xe0947f1353c4cb658f4beec28c77d38623c38fe28f93db83c40e5ae4e8e9a80e
[2m2025-12-10T10:19:13.082677Z[0m [34mDEBUG[0m [2methereum_transaction_pool_monitor::eth_client[0m[2m:[0m 📨 Received WebSocket message: {"jsonrpc":"2.0","method":"eth_subscription","params":{"subscription":"0xbed0a0851463e895960a451075a301a9","result":"0xfb51c020fa82b7518dd1cd9180fecfee5a51c7aebb5a5792d7471c9431021b07"}}
[2m2025-12-10T10:19:13.082682Z[0m [34mDEBUG[0m [2methereum_transaction_pool_monitor::eth_client[0m[2m:[0m 📨 Received pending transaction: 0xfb51c020fa82b7518dd1cd9180fecfee5a51c7aebb5a5792d7471c9431021b07
[2m2025-12-10T10:19:13.082686Z[0m [34mDEBUG[0m [2methereum_transaction_pool_monitor::eth_client[0m[2m:[0m 📨 Received WebSocket message: {"jsonrpc":"2.0","method":"eth_subscription","params":{"subscription":"0xbed0a0851463e895960a451075a301a9","result":"0xc37f392a707525153789eed3e54b528b653c5b3acb8c8d97901c1284fc2adf74"}}
[2m2025-12-10T10:19:13.082691Z[0m [34mDEBUG[0m [2methereum_transaction_pool_monitor::eth_client[0m[2m:[0m 📨 Received pending transaction: 0xc37f392a707525153789eed3e54b528b653c5b3acb8c8d97901c1284fc2adf74
[2m2025-12-10T10:19:13.082694Z[0m [34mDEBUG[0m [2methereum_transaction_pool_monitor::eth_client[0m[2m:[0m 📨 Received WebSocket message: {"jsonrpc":"2.0","method":"eth_subscription","params":{"subscription":"0xbed0a0851463e895960a451075a301a9","result":"0x714c4b28d356e80e5b32c1be42bf8c044ff44ae42df57a537f2a8d9af942d0d1"}}
[2m2025-12-10T10:19:13.082698Z[0m [34mDEBUG[0m [2methereum_transaction_pool_monitor::eth_client[0m[2m:[0m 📨 Received pending transaction: 0x714c4b28d356e80e5b32c1be42bf8c044ff44ae42df57a537f2a8d9af942d0d1
[2m2025-12-10T10:19:13.082702Z[0m [34mDEBUG[0m [2methereum_transaction_pool_monitor::eth_client[0m[2m:[0m 📨 Received WebSocket message: {"jsonrpc":"2.0","method":"eth_subscription","params":{"subscription":"0xbed0a0851463e895960a451075a301a9","result":"0xe3d7569820b2f6ba36a1c9147295bdfaecc14d35da9bf9f91ab32ddde94bb47f"}}
[2m2025-12-10T10:19:13.082707Z[0m [34mDEBUG[0m [2methereum_transaction_pool_monitor::eth_client[0m[2m:[0m 📨 Received pending transaction: 0xe3d7569820b2f6ba36a1c9147295bdfaecc14d35da9bf9f91ab32ddde94bb47f
[2m2025-12-10T10:19:13.082711Z[0m [34mDEBUG[0m [2methereum_transaction_pool_monitor::eth_client[0m[2m:[0m 📨 Received WebSocket message: {"jsonrpc":"2.0","method":"eth_subscription","params":{"subscription":"0xbed0a0851463e895960a451075a301a9","result":"0xbb197bec9ab7f2f7c7aef5faf43350bce3689da0cb1a5f1e28d8cc0d509b9b31"}}
[2m2025-12-10T10:19:13.082715Z[0m [34mDEBUG[0m [2methereum_transaction_pool_monitor::eth_client[0m[2m:[0m 📨 Received pending transaction: 0xbb197bec9ab7f2f7c7aef5faf43350bce3689da0cb1a5f1e28d8cc0d509b9b31
[2m2025-12-10T10:19:13.082719Z[0m [34mDEBUG[0m [2methereum_transaction_pool_monitor::eth_client[0m[2m:[0m 📨 Received WebSocket message: {"jsonrpc":"2.0","method":"eth_subscription","params":{"subscription":"0xbed0a0851463e895960a451075a301a9","result":"0x7f72fa15c3fa90fe9a95ed4f093f92849342b92d5105d70377432938e3fb0960"}}
[2m2025-12-10T10:19:13.082724Z[0m [34mDEBUG[0m [2methereum_transaction_pool_monitor::eth_client[0m[2m:[0m 📨 Received pending transaction: 0x7f72fa15c3fa90fe9a95ed4f093f92849342b92d5105d70377432938e3fb0960
[2m2025-12-10T10:19:13.082728Z[0m [34mDEBUG[0m [2methereum_transaction_pool_monitor::eth_client[0m[2m:[0m 📨 Received WebSocket message: {"jsonrpc":"2.0","method":"eth_subscription","params":{"subscription":"0xbed0a0851463e895960a451075a301a9","result":"0x7ac1dcada2819f35176e907863f2729b20bfec113791da50035c537abfd13816"}}
[2m2025-12-10T10:19:13.082732Z[0m [34mDEBUG[0m [2methereum_transaction_pool_monitor::eth_client[0m[2m:[0m 📨 Received pending transaction: 0x7ac1dcada2819f35176e907863f2729b20bfec113791da50035c537abfd13816
[2m2025-12-10T10:19:13.082736Z[0m [34mDEBUG[0m [2methereum_transaction_pool_monitor::eth_client[0m[2m:[0m 📨 Received WebSocket message: {"jsonrpc":"2.0","method":"eth_subscription","params":{"subscription":"0xbed0a0851463e895960a451075a301a9","result":"0x1401259dc2c626473cc799c26e69a8860dc914130b88d20f0f55bddc1d6c4765"}}
[2m2025-12-10T10:19:13.082742Z[0m [34mDEBUG[0m [2methereum_transaction_pool_monitor::eth_client[0m[2m:[0m 📨 Received pending transaction: 0x1401259dc2c626473cc799c26e69a8860dc914130b88d20f0f55bddc1d6c4765
[2m2025-12-10T10:19:13.082746Z[0m [34mDEBUG[0m [2methereum_transaction_pool_monitor::eth_client[0m[2m:[0m 📨 Received WebSocket message: {"jsonrpc":"2.0","method":"eth_subscription","params":{"subscription":"0xbed0a0851463e895960a451075a301a9","result":"0xa53068bbb16010231019f424f624ad26c20546027b2101c5f2a44754833f988c"}}
[2m2025-12-10T10:19:13.082750Z[0m [34mDEBUG[0m [2methereum_transaction_pool_monitor::eth_client[0m[2m:[0m 📨 Received pending transaction: 0xa53068bbb16010231019f424f624ad26c20546027b2101c5f2a44754833f988c
[2m2025-12-10T10:19:13.082754Z[0m [34mDEBUG[0m [2methereum_transaction_pool_monitor::eth_client[0m[2m:[0m 📨 Received WebSocket message: {"jsonrpc":"2.0","method":"eth_subscription","params":{"subscription":"0xbed0a0851463e895960a451075a301a9","result":"0x81515fce580679307f50ab2408b72400914b512adbb223239da5a71ea8bc583d"}}
[2m2025-12-10T10:19:13.082761Z[0m [34mDEBUG[0m [2methereum_transaction_pool_monitor::eth_client[0m[2m:[0m 📨 Received pending transaction: 0x81515fce580679307f50ab2408b72400914b512adbb223239da5a71ea8bc583d
[2m2025-12-10T10:19:13.082765Z[0m [34mDEBUG[0m [2methereum_transaction_pool_monitor::eth_client[0m[2m:[0m 📨 Received WebSocket message: {"jsonrpc":"2.0","method":"eth_subscription","params":{"subscription":"0xbed0a0851463e895960a451075a301a9","result":"0x300b8b7ecfb4ccdf688e42b3a149f42c811cecdb4d0753669b6d9f480cac7791"}}
[2m2025-12-10T10:19:13.082771Z[0m [34mDEBUG[0m [2methereum_transaction_pool_monitor::eth_client[0m[2m:[0m 📨 Received pending transaction: 0x300b8b7ecfb4ccdf688e42b3a149f42c811cecdb4d0753669b6d9f480cac7791
[2m2025-12-10T10:19:13.082776Z[0m [34mDEBUG[0m [2methereum_transaction_pool_monitor::eth_client[0m[2m:[0m 📨 Received WebSocket message: {"jsonrpc":"2.0","method":"eth_subscription","params":{"subscription":"0xbed0a0851463e895960a451075a301a9","result":"0x65c5a13b17baa882ef943d5ca23ffbe914da74b16fc4e347771279b98823ac7c"}}
[2m2025-12-10T10:19:13.082781Z[0m [34mDEBUG[0m [2methereum_transaction_pool_monitor::eth_client[0m[2m:[0m 📨 Received pending transaction: 0x65c5a13b17baa882ef943d5ca23ffbe914da74b16fc4e347771279b98823ac7c
[2m2025-12-10T10:19:13.082784Z[0m [34mDEBUG[0m [2methereum_transaction_pool_monitor::eth_client[0m[2m:[0m 📨 Received WebSocket message: {"jsonrpc":"2.0","method":"eth_subscription","params":{"subscription":"0xbed0a0851463e895960a451075a301a9","result":"0x095cada6b096219be5b6adefa46a7d12fb1c03f8f7ad81505e701963fb461de2"}}
[2m2025-12-10T10:19:13.082788Z[0m [34mDEBUG[0m [2methereum_transaction_pool_monitor::eth_client[0m[2m:[0m 📨 Received pending transaction: 0x095cada6b096219be5b6adefa46a7d12fb1c03f8f7ad81505e701963fb461de2
[2m2025-12-10T10:19:13.082793Z[0m [34mDEBUG[0m [2methereum_transaction_pool_monitor::eth_client[0m[2m:[0m 📨 Received WebSocket message: {"jsonrpc":"2.0","method":"eth_subscription","params":{"subscription":"0xbed0a0851463e895960a451075a301a9","result":"0x3f5a0c836359173cbe8f31812bccfc065b5547a91968db72243b8af7ea13b747"}}
[2m2025-12-10T10:19:13.082799Z[0m [34mDEBUG[0m [2methereum_transaction_pool_monitor::eth_client[0m[2m:[0m 📨 Received pending transaction: 0x3f5a0c836359173cbe8f31812bccfc065b5547a91968db72243b8af7ea13b747
[2m2025-12-10T10:19:13.082803Z[0m [34mDEBUG[0m [2methereum_transaction_pool_monitor::eth_client[0m[2m:[0m 📨 Received WebSocket message: {"jsonrpc":"2.0","method":"eth_subscription","params":{"subscription":"0xbed0a0851463e895960a451075a301a9","result":"0xb276e6d71ad2045c6f1feddb7bee7da9b53bf4959b620a1300ee7213535df658"}}
[2m2025-12-10T10:19:13.082850Z[0m [34mDEBUG[0m [2methereum_transaction_pool_monitor::eth_client[0m[2m:[0m 📨 Received pending transaction: 0xb276e6d71ad2045c6f1feddb7bee7da9b53bf4959b620a1300ee7213535df658
[2m2025-12-10T10:19:13.082857Z[0m [34mDEBUG[0m [2methereum_transaction_pool_monitor::eth_client[0m[2m:[0m 📨 Received WebSocket message: {"jsonrpc":"2.0","method":"eth_subscription","params":{"subscription":"0xbed0a0851463e895960a451075a301a9","result":"0x504f4aaea87d80ecb36b3d064116392eb0fcd382c8303b04a12da56dd3a5c0c7"}}
[2m2025-12-10T10:19:13.082862Z[0m [34mDEBUG[0m [2methereum_transaction_pool_monitor::eth_client[0m[2m:[0m 📨 Received pending transaction: 0x504f4aaea87d80ecb36b3d064116392eb0fcd382c8303b04a12da56dd3a5c0c7
[2m2025-12-10T10:19:13.082867Z[0m [34mDEBUG[0m [2methereum_transaction_pool_monitor::eth_client[0m[2m:[0m 📨 Received WebSocket message: {"jsonrpc":"2.0","method":"eth_subscription","params":{"subscription":"0xbed0a0851463e895960a451075a301a9","result":"0x63b53a0e8b87032f8d1faa3eeec0bbda26a7e1850c6f9109c150e9108b79df89"}}
[2m2025-12-10T10:19:13.082872Z[0m [34mDEBUG[0m [2methereum_transaction_pool_monitor::eth_client[0m[2m:[0m 📨 Received pending transaction: 0x63b53a0e8b87032f8d1faa3eeec0bbda26a7e1850c6f9109c150e9108b79df89
[2m2025-12-10T10:19:13.082876Z[0m [34mDEBUG[0m [2methereum_transaction_pool_monitor::eth_client[0m[2m:[0m 📨 Received WebSocket message: {"jsonrpc":"2.0","method":"eth_subscription","params":{"subscription":"0xbed0a0851463e895960a451075a301a9","result":"0x6132bb6546218dfb9bc30c3d28009cccba4140957720469f4ebd70e00bfbb494"}}
[2m2025-12-10T10:19:13.082880Z[0m [34mDEBUG[0m [2methereum_transaction_pool_monitor::eth_client[0m[2m:[0m 📨 Received pending transaction: 0x6132bb6546218dfb9bc30c3d28009cccba4140957720469f4ebd70e00bfbb494
[2m2025-12-10T10:19:13.082884Z[0m [34mDEBUG[0m [2methereum_transaction_pool_monitor::eth_client[0m[2m:[0m 📨 Received WebSocket message: {"jsonrpc":"2.0","method":"eth_subscription","params":{"subscription":"0xbed0a0851463e895960a451075a301a9","result":"0x3f585a7d64d0848e417ac49bce3d3baead80f327897f5c94b8127fabcef8b13c"}}
[2m2025-12-10T10:19:13.082888Z[0m [34mDEBUG[0m [2methereum_transaction_pool_monitor::eth_client[0m[2m:[0m 📨 Received pending transaction: 0x3f585a7d64d0848e417ac49bce3d3baead80f327897f5c94b8127fabcef8b13c
[2m2025-12-10T10:19:13.082892Z[0m [34mDEBUG[0m [2methereum_transaction_pool_monitor::eth_client[0m[2m:[0m 📨 Received WebSocket message: {"jsonrpc":"2.0","method":"eth_subscription","params":{"subscription":"0xbed0a0851463e895960a451075a301a9","result":"0x7d576f2d09228315c3672355bd3f7ea31d7d13033e438dc90b6dc21168128f8f"}}
[2m2025-12-10T10:19:13.082896Z[0m [34mDEBUG[0m [2methereum_transaction_pool_monitor::eth_client[0m[2m:[0m 📨 Received pending transaction: 0x7d576f2d09228315c3672355bd3f7ea31d7d13033e438dc90b6dc21168128f8f
[2m2025-12-10T10:19:13.082899Z[0m [34mDEBUG[0m [2methereum_transaction_pool_monitor::eth_client[0m[2m:[0m 📨 Received WebSocket message: {"jsonrpc":"2.0","method":"eth_subscription","params":{"subscription":"0xbed0a0851463e895960a451075a301a9","result":"0xd37b45b6867d3fb92e411dc9f42278a3279edfac55a386f1541b321c067fc788"}}
[2m2025-12-10T10:19:13.082904Z[0m [34mDEBUG[0m [2methereum_transaction_pool_monitor::eth_client[0m[2m:[0m 📨 Received pending transaction: 0xd37b45b6867d3fb92e411dc9f42278a3279edfac55a386f1541b321c067fc788
[2m2025-12-10T10:19:13.082907Z[0m [34mDEBUG[0m [2methereum_transaction_pool_monitor::eth_client[0m[2m:[0m 📨 Received WebSocket message: {"jsonrpc":"2.0","method":"eth_subscription","params":{"subscription":"0xbed0a0851463e895960a451075a301a9","result":"0xa559e3584d2d7edbe80da87d8c5ccfb3fce37570bd493d5fb6e6d9b247144ab3"}}
[2m2025-12-10T10:19:13.082912Z[0m [34mDEBUG[0m [2methereum_transaction_pool_monitor::eth_client[0m[2m:[0m 📨 Received pending transaction: 0xa559e3584d2d7edbe80da87d8c5ccfb3fce37570bd493d5fb6e6d9b247144ab3
[2m2025-12-10T10:19:13.082915Z[0m [34mDEBUG[0m [2methereum_transaction_pool_monitor::eth_client[0m[2m:[0m 📨 Received WebSocket message: {"jsonrpc":"2.0","method":"eth_subscription","params":{"subscription":"0xbed0a0851463e895960a451075a301a9","result":"0xcc4d2993ff20bc20bcd4916545ead4b7c7a19d01882510056f99cb3feecbe65b"}}
[2m2025-12-10T10:19:13.082919Z[0m [34mDEBUG[0m [2methereum_transaction_pool_monitor::eth_client[0m[2m:[0m 📨 Received pending transaction: 0xcc4d2993ff20bc20bcd4916545ead4b7c7a19d01882510056f99cb3feecbe65b
[2m2025-12-10T10:19:13.082923Z[0m [34mDEBUG[0m [2methereum_transaction_pool_monitor::eth_client[0m[2m:[0m 📨 Received WebSocket message: {"jsonrpc":"2.0","method":"eth_subscription","params":{"subscription":"0xbed0a0851463e895960a451075a301a9","result":"0xeef1ae51d965adc131f8c20e9526bc72b29da411cfdba334341d75583dff9e59"}}
[2m2025-12-10T10:19:13.082927Z[0m [34mDEBUG[0m [2methereum_transaction_pool_monitor::eth_client[0m[2m:[0m 📨 Received pending transaction: 0xeef1ae51d965adc131f8c20e9526bc72b29da411cfdba334341d75583dff9e59
[2m2025-12-10T10:19:13.082931Z[0m [34mDEBUG[0m [2methereum_transaction_pool_monitor::eth_client[0m[2m:[0m 📨 Received WebSocket message: {"jsonrpc":"2.0","method":"eth_subscription","params":{"subscription":"0xbed0a0851463e895960a451075a301a9","result":"0x1bf642c4bbb3d76af59d10eef28f7c9c26b1477cea8eb46fade00f583a8f0968"}}
[2m2025-12-10T10:19:13.082935Z[0m [34mDEBUG[0m [2methereum_transaction_pool_monitor::eth_client[0m[2m:[0m 📨 Received pending transaction: 0x1bf642c4bbb3d76af59d10eef28f7c9c26b1477cea8eb46fade00f583a8f0968
[2m2025-12-10T10:19:13.082939Z[0m [34mDEBUG[0m [2methereum_transaction_pool_monitor::eth_client[0m[2m:[0m 📨 Received WebSocket message: {"jsonrpc":"2.0","method":"eth_subscription","params":{"subscription":"0xbed0a0851463e895960a451075a301a9","result":"0x480ce67e43a7892f9d155510e8027355027657c3f05a81d5adcedd129fdc3ff9"}}
[2m2025-12-10T10:19:13.082943Z[0m [34mDEBUG[0m [2methereum_transaction_pool_monitor::eth_client[0m[2m:[0m 📨 Received pending transaction: 0x480ce67e43a7892f9d155510e8027355027657c3f05a81d5adcedd129fdc3ff9
[2m2025-12-10T10:19:13.082947Z[0m [34mDEBUG[0m [2methereum_transaction_pool_monitor::eth_client[0m[2m:[0m 📨 Received WebSocket message: {"jsonrpc":"2.0","method":"eth_subscription","params":{"subscription":"0xbed0a0851463e895960a451075a301a9","result":"0x3c126f8b41ae6ca0dd6455db6ed75b5e4f50a849ba3da9b10997fef8d5047bc9"}}
[2m2025-12-10T10:19:13.082951Z[0m [34mDEBUG[0m [2methereum_transaction_pool_monitor::eth_client[0m[2m:[0m 📨 Received pending transaction: 0x3c126f8b41ae6ca0dd6455db6ed75b5e4f50a849ba3da9b10997fef8d5047bc9
[2m2025-12-10T10:19:13.082956Z[0m [34mDEBUG[0m [2methereum_transaction_pool_monitor::eth_client[0m[2m:[0m 📨 Received WebSocket message: {"jsonrpc":"2.0","method":"eth_subscription","params":{"subscription":"0xbed0a0851463e895960a451075a301a9","result":"0x7cff68489e43ebfbd7947541c268711b37f5224b7366accea602b95d622f2010"}}
[2m2025-12-10T10:19:13.082962Z[0m [34mDEBUG[0m [2methereum_transaction_pool_monitor::eth_client[0m[2m:[0m 📨 Received pending transaction: 0x7cff68489e43ebfbd7947541c268711b37f5224b7366accea602b95d622f2010
[2m2025-12-10T10:19:13.082966Z[0m [34mDEBUG[0m [2methereum_transaction_pool_monitor::eth_client[0m[2m:[0m 📨 Received WebSocket message: {"jsonrpc":"2.0","method":"eth_subscription","params":{"subscription":"0xbed0a0851463e895960a451075a301a9","result":"0x3cf61d2256a5619bfccc3b8169cbb55a60c0aa9a11685b463e5eea95c8a6c244"}}
[2m2025-12-10T10:19:13.082971Z[0m [34mDEBUG[0m [2methereum_transaction_pool_monitor::eth_client[0m[2m:[0m 📨 Received pending transaction: 0x3cf61d2256a5619bfccc3b8169cbb55a60c0aa9a11685b463e5eea95c8a6c244
[2m2025-12-10T10:19:13.082976Z[0m [34mDEBUG[0m [2methereum_transaction_pool_monitor::eth_client[0m[2m:[0m 📨 Received WebSocket message: {"jsonrpc":"2.0","method":"eth_subscription","params":{"subscription":"0xbed0a0851463e895960a451075a301a9","result":"0x9b2923174443f6a69a29418f28d1b2e83efc7fa5247d750880520ed372c3ec16"}}
[2m2025-12-10T10:19:13.082980Z[0m [34mDEBUG[0m [2methereum_transaction_pool_monitor::eth_client[0m[2m:[0m 📨 Received pending transaction: 0x9b2923174443f6a69a29418f28d1b2e83efc7fa5247d750880520ed372c3ec16
[2m2025-12-10T10:19:13.082985Z[0m [34mDEBUG[0m [2methereum_transaction_pool_monitor::eth_client[0m[2m:[0m 📨 Received WebSocket message: {"jsonrpc":"2.0","method":"eth_subscription","params":{"subscription":"0xbed0a0851463e895960a451075a301a9","result":"0x700abc57d78b6844b61dd3c6420d3575ef17aea7e81a6916371398f412062f0f"}}
[2m2025-12-10T10:19:13.082989Z[0m [34mDEBUG[0m [2methereum_transaction_pool_monitor::eth_client[0m[2m:[0m 📨 Received pending transaction: 0x700abc57d78b6844b61dd3c6420d3575ef17aea7e81a6916371398f412062f0f
[2m2025-12-10T10:19:13.083001Z[0m [34mDEBUG[0m [2methereum_transaction_pool_monitor::eth_client[0m[2m:[0m 📨 Received WebSocket message: {"jsonrpc":"2.0","method":"eth_subscription","params":{"subscription":"0xbed0a0851463e895960a451075a301a9","result":"0xb49c50990696a022b4cee1ee2f08f10a0f1a4b5617fac72feb510c2eb015f5e9"}}
[2m2025-12-10T10:19:13.083006Z[0m [34mDEBUG[0m [2methereum_transaction_pool_monitor::eth_client[0m[2m:[0m 📨 Received pending transaction: 0xb49c50990696a022b4cee1ee2f08f10a0f1a4b5617fac72feb510c2eb015f5e9
[2m2025-12-10T10:19:13.083010Z[0m [34mDEBUG[0m [2methereum_transaction_pool_monitor::eth_client[0m[2m:[0m 📨 Received WebSocket message: {"jsonrpc":"2.0","method":"eth_subscription","params":{"subscription":"0xbed0a0851463e895960a451075a301a9","result":"0x3f7c46ed2b3260016559ace3a513170fa2daec95aea46f8e26a8cb4eda6ea075"}}
[2m2025-12-10T10:19:13.083014Z[0m [34mDEBUG[0m [2methereum_transaction_pool_monitor::eth_client[0m[2m:[0m 📨 Received pending transaction: 0x3f7c46ed2b3260016559ace3a513170fa2daec95aea46f8e26a8cb4eda6ea075
[2m2025-12-10T10:19:13.083018Z[0m [34mDEBUG[0m [2methereum_transaction_pool_monitor::eth_client[0m[2m:[0m 📨 Received WebSocket message: {"jsonrpc":"2.0","method":"eth_subscription","params":{"subscription":"0xbed0a0851463e895960a451075a301a9","result":"0x472b8fb3133e215d169ae23a80f0c6435a6b2a6de37a081352d8042b2fed361f"}}
[2m2025-12-10T10:19:13.083022Z[0m [34mDEBUG[0m [2methereum_transaction_pool_monitor::eth_client[0m[2m:[0m 📨 Received pending transaction: 0x472b8fb3133e215d169ae23a80f0c6435a6b2a6de37a081352d8042b2fed361f
[2m2025-12-10T10:19:13.083026Z[0m [34mDEBUG[0m [2methereum_transaction_pool_monitor::eth_client[0m[2m:[0m 📨 Received WebSocket message: {"jsonrpc":"2.0","method":"eth_subscription","params":{"subscription":"0xbed0a0851463e895960a451075a301a9","result":"0x1bd08ed5397c955a91bd588db9b22f46910730608311c9056e2fbdef81645180"}}
[2m2025-12-10T10:19:13.083030Z[0m [34mDEBUG[0m [2methereum_transaction_pool_monitor::eth_client[0m[2m:[0m 📨 Received pending transaction: 0x1bd08ed5397c955a91bd588db9b22f46910730608311c9056e2fbdef81645180
[2m2025-12-10T10:19:13.083034Z[0m [34mDEBUG[0m [2methereum_transaction_pool_monitor::eth_client[0m[2m:[0m 📨 Received WebSocket message: {"jsonrpc":"2.0","method":"eth_subscription","params":{"subscription":"0xbed0a0851463e895960a451075a301a9","result":"0x3044e03370546a5abd1e43baf86403e9de563b9f9080d576fa73dcecf9818e72"}}
[2m2025-12-10T10:19:13.083038Z[0m [34mDEBUG[0m [2methereum_transaction_pool_monitor::eth_client[0m[2m:[0m 📨 Received pending transaction: 0x3044e03370546a5abd1e43baf86403e9de563b9f9080d576fa73dcecf9818e72
[2m2025-12-10T10:19:13.083042Z[0m [34mDEBUG[0m [2methereum_transaction_pool_monitor::eth_client[0m[2m:[0m 📨 Received WebSocket message: {"jsonrpc":"2.0","method":"eth_subscription","params":{"subscription":"0xbed0a0851463e895960a451075a301a9","result":"0x4db107799cf0271f5cf7ae1bc3dd45f726e78290a9a10883dc1bfc0d410515d6"}}
[2m2025-12-10T10:19:13.083046Z[0m [34mDEBUG[0m [2methereum_transaction_pool_monitor::eth_client[0m[2m:[0m 📨 Received pending transaction: 0x4db107799cf0271f5cf7ae1bc3dd45f726e78290a9a10883dc1bfc0d410515d6
[2m2025-12-10T10:19:13.083050Z[0m [34mDEBUG[0m [2methereum_transaction_pool_monitor::eth_client[0m[2m:[0m 📨 Received WebSocket message: {"jsonrpc":"2.0","method":"eth_subscription","params":{"subscription":"0xbed0a0851463e895960a451075a301a9","result":"0x1f099283c5f3cd28e2478f268f22d8e988eab4386025fba4bc4adcb973290dcf"}}
[2m2025-12-10T10:19:13.083054Z[0m [34mDEBUG[0m [2methereum_transaction_pool_monitor::eth_client[0m[2m:[0m 📨 Received pending transaction: 0x1f099283c5f3cd28e2478f268f22d8e988eab4386025fba4bc4adcb973290dcf
[2m2025-12-10T10:19:13.083059Z[0m [34mDEBUG[0m [2methereum_transaction_pool_monitor::eth_client[0m[2m:[0m 📨 Received WebSocket message: {"jsonrpc":"2.0","method":"eth_subscription","params":{"subscription":"0xbed0a0851463e895960a451075a301a9","result":"0x8d4cdca47132683e91dfe3409824a0f327d402fa3d1f37e356d8be43a139cd12"}}
[2m2025-12-10T10:19:13.083064Z[0m [34mDEBUG[0m [2methereum_transaction_pool_monitor::eth_client[0m[2m:[0m 📨 Received pending transaction: 0x8d4cdca47132683e91dfe3409824a0f327d402fa3d1f37e356d8be43a139cd12
[2m2025-12-10T10:19:13.083067Z[0m [34mDEBUG[0m [2methereum_transaction_pool_monitor::eth_client[0m[2m:[0m 📨 Received WebSocket message: {"jsonrpc":"2.0","method":"eth_subscription","params":{"subscription":"0xbed0a0851463e895960a451075a301a9","result":"0xbcfdf42d7840966f248dbc6d5d52efd80b3b9d8563d12da646f749ea64333b69"}}
[2m2025-12-10T10:19:13.083072Z[0m [34mDEBUG[0m [2methereum_transaction_pool_monitor::eth_client[0m[2m:[0m 📨 Received pending transaction: 0xbcfdf42d7840966f248dbc6d5d52efd80b3b9d8563d12da646f749ea64333b69
[2m2025-12-10T10:19:13.083076Z[0m [34mDEBUG[0m [2methereum_transaction_pool_monitor::eth_client[0m[2m:[0m 📨 Received WebSocket message: {"jsonrpc":"2.0","method":"eth_subscription","params":{"subscription":"0xbed0a0851463e895960a451075a301a9","result":"0x9683f7a199adc61152d32154f04e87483bbc5dd2354cc56603fd5a17c7e287cd"}}
[2m2025-12-10T10:19:13.083080Z[0m [34mDEBUG[0m [2methereum_transaction_pool_monitor::eth_client[0m[2m:[0m 📨 Received pending transaction: 0x9683f7a199adc61152d32154f04e87483bbc5dd2354cc56603fd5a17c7e287cd
[2m2025-12-10T10:19:13.083084Z[0m [34mDEBUG[0m [2methereum_transaction_pool_monitor::eth_client[0m[2m:[0m 📨 Received WebSocket message: {"jsonrpc":"2.0","method":"eth_subscription","params":{"subscription":"0xbed0a0851463e895960a451075a301a9","result":"0x0ddde2e9245ca977a531eee848fae1416f25556dc1a3877aea72ac218db3b639"}}
[2m2025-12-10T10:19:13.083088Z[0m [34mDEBUG[0m [2methereum_transaction_pool_monitor::eth_client[0m[2m:[0m 📨 Received pending transaction: 0x0ddde2e9245ca977a531eee848fae1416f25556dc1a3877aea72ac218db3b639
[2m2025-12-10T10:19:13.083091Z[0m [34mDEBUG[0m [2methereum_transaction_pool_monitor::eth_client[0m[2m:[0m 📨 Received WebSocket message: {"jsonrpc":"2.0","method":"eth_subscription","params":{"subscription":"0xbed0a0851463e895960a451075a301a9","result":"0x5b8acd613a1f2b1b3d4c49e3277a8235609d05184f79cd24247f84b9af0a460f"}}
[2m2025-12-10T10:19:13.083096Z[0m [34mDEBUG[0m [2methereum_transaction_pool_monitor::eth_client[0m[2m:[0m 📨 Received pending transaction: 0x5b8acd613a1f2b1b3d4c49e3277a8235609d05184f79cd24247f84b9af0a460f
[2m2025-12-10T10:19:13.083099Z[0m [34mDEBUG[0m [2methereum_transaction_pool_monitor::eth_client[0m[2m:[0m 📨 Received WebSocket message: {"jsonrpc":"2.0","method":"eth_subscription","params":{"subscription":"0xbed0a0851463e895960a451075a301a9","result":"0xd861652977f544c87a2b7a08c65dfe4e5f8d68426ce9d12d110073d13a59705a"}}
[2m2025-12-10T10:19:13.083105Z[0m [34mDEBUG[0m [2methereum_transaction_pool_monitor::eth_client[0m[2m:[0m 📨 Received pending transaction: 0xd861652977f544c87a2b7a08c65dfe4e5f8d68426ce9d12d110073d13a59705a
[2m2025-12-10T10:19:13.083115Z[0m [34mDEBUG[0m [2methereum_transaction_pool_monitor::eth_client[0m[2m:[0m 📨 Received WebSocket message: {"jsonrpc":"2.0","method":"eth_subscription","params":{"subscription":"0xbed0a0851463e895960a451075a301a9","result":"0x5cfadf2eb37c25780fe4bbc8cf8da935886eadb1ae20f144056a4c238f6ae1ec"}}
[2m2025-12-10T10:19:13.086148Z[0m [34mDEBUG[0m [2methereum_transaction_pool_monitor::eth_client[0m[2m:[0m 📨 Received pending transaction: 0x5cfadf2eb37c25780fe4bbc8cf8da935886eadb1ae20f144056a4c238f6ae1ec
[2m2025-12-10T10:19:13.086184Z[0m [34mDEBUG[0m [2methereum_transaction_pool_monitor::eth_client[0m[2m:[0m 📨 Received WebSocket message: {"jsonrpc":"2.0","method":"eth_subscription","params":{"subscription":"0xbed0a0851463e895960a451075a301a9","result":"0x16e21bea12906bf2c38598eb01b8161d08af2b30de1651ab4c0ffe73cfd6fcfb"}}
[2m2025-12-10T10:19:13.086209Z[0m [34mDEBUG[0m [2methereum_transaction_pool_monitor::eth_client[0m[2m:[0m 📨 Received pending transaction: 0x16e21bea12906bf2c38598eb01b8161d08af2b30de1651ab4c0ffe73cfd6fcfb
[2m2025-12-10T10:19:13.086215Z[0m [34mDEBUG[0m [2methereum_transaction_pool_monitor::eth_client[0m[2m:[0m 📨 Received WebSocket message: {"jsonrpc":"2.0","method":"eth_subscription","params":{"subscription":"0xbed0a0851463e895960a451075a301a9","result":"0xbe81a597ea7c071457fa93417d0336a82f40a674e35a777c6d03e6ae2fa702e1"}}
[2m2025-12-10T10:19:13.086220Z[0m [34mDEBUG[0m [2methereum_transaction_pool_monitor::eth_client[0m[2m:[0m 📨 Received pending transaction: 0xbe81a597ea7c071457fa93417d0336a82f40a674e35a777c6d03e6ae2fa702e1
[2m2025-12-10T10:19:13.086225Z[0m [34mDEBUG[0m [2methereum_transaction_pool_monitor::eth_client[0m[2m:[0m 📨 Received WebSocket message: {"jsonrpc":"2.0","method":"eth_subscription","params":{"subscription":"0xbed0a0851463e895960a451075a301a9","result":"0x80de033c465b933ee561104e09f6b8d034bcfad6378a6f158093908309962708"}}
[2m2025-12-10T10:19:13.086230Z[0m [34mDEBUG[0m [2methereum_transaction_pool_monitor::eth_client[0m[2m:[0m 📨 Received pending transaction: 0x80de033c465b933ee561104e09f6b8d034bcfad6378a6f158093908309962708
[2m2025-12-10T10:19:13.086233Z[0m [34mDEBUG[0m [2methereum_transaction_pool_monitor::eth_client[0m[2m:[0m 📨 Received WebSocket message: {"jsonrpc":"2.0","method":"eth_subscription","params":{"subscription":"0xbed0a0851463e895960a451075a301a9","result":"0xd90497372c217934bc293a32569eac93795ed81ae2613f69b260a60540f53c90"}}
[2m2025-12-10T10:19:13.086245Z[0m [34mDEBUG[0m [2methereum_transaction_pool_monitor::eth_client[0m[2m:[0m 📨 Received pending transaction: 0xd90497372c217934bc293a32569eac93795ed81ae2613f69b260a60540f53c90
[2m2025-12-10T10:19:13.086250Z[0m [34mDEBUG[0m [2methereum_transaction_pool_monitor::eth_client[0m[2m:[0m 📨 Received WebSocket message: {"jsonrpc":"2.0","method":"eth_subscription","params":{"subscription":"0xbed0a0851463e895960a451075a301a9","result":"0xc104b2933268ef21e0b0bc828da73d8ca56b024409f5c2fc7dd7fb0329939ed2"}}
[2m2025-12-10T10:19:13.086255Z[0m [34mDEBUG[0m [2methereum_transaction_pool_monitor::eth_client[0m[2m:[0m 📨 Received pending transaction: 0xc104b2933268ef21e0b0bc828da73d8ca56b024409f5c2fc7dd7fb0329939ed2
[2m2025-12-10T10:19:13.086258Z[0m [34mDEBUG[0m [2methereum_transaction_pool_monitor::eth_client[0m[2m:[0m 📨 Received WebSocket message: {"jsonrpc":"2.0","method":"eth_subscription","params":{"subscription":"0xbed0a0851463e895960a451075a301a9","result":"0x47a1be1c77613cb762dd2f8ce9017864c2663148000d7d6f3dcaeb3176a2d79a"}}
[2m2025-12-10T10:19:13.086263Z[0m [34mDEBUG[0m [2methereum_transaction_pool_monitor::eth_client[0m[2m:[0m 📨 Received pending transaction: 0x47a1be1c77613cb762dd2f8ce9017864c2663148000d7d6f3dcaeb3176a2d79a
[2m2025-12-10T10:19:13.086267Z[0m [34mDEBUG[0m [2methereum_transaction_pool_monitor::eth_client[0m[2m:[0m 📨 Received WebSocket message: {"jsonrpc":"2.0","method":"eth_subscription","params":{"subscription":"0xbed0a0851463e895960a451075a301a9","result":"0x721faf8ae453de4157ac9f649807e73dbc865221e6dafaaa0c91b58aabf17e5d"}}
[2m2025-12-10T10:19:13.086271Z[0m [34mDEBUG[0m [2methereum_transaction_pool_monitor::eth_client[0m[2m:[0m 📨 Received pending transaction: 0x721faf8ae453de4157ac9f649807e73dbc865221e6dafaaa0c91b58aabf17e5d
[2m2025-12-10T10:19:13.086275Z[0m [34mDEBUG[0m [2methereum_transaction_pool_monitor::eth_client[0m[2m:[0m 📨 Received WebSocket message: {"jsonrpc":"2.0","method":"eth_subscription","params":{"subscription":"0xbed0a0851463e895960a451075a301a9","result":"0x774a4fd06541177850b5e7bd39a4ebb894cc08e84d563dd044e794c1c41ff75e"}}
[2m2025-12-10T10:19:13.086279Z[0m [34mDEBUG[0m [2methereum_transaction_pool_monitor::eth_client[0m[2m:[0m 📨 Received pending transaction: 0x774a4fd06541177850b5e7bd39a4ebb894cc08e84d563dd044e794c1c41ff75e
[2m2025-12-10T10:19:13.086283Z[0m [34mDEBUG[0m [2methereum_transaction_pool_monitor::eth_client[0m[2m:[0m 📨 Received WebSocket message: {"jsonrpc":"2.0","method":"eth_subscription","params":{"subscription":"0xbed0a0851463e895960a451075a301a9","result":"0x470960fc2b49aae8390f2b24ddf7246125e32d2a59ca9fbca59ec9049b5c0f31"}}
[2m2025-12-10T10:19:13.086287Z[0m [34mDEBUG[0m [2methereum_transaction_pool_monitor::eth_client[0m[2m:[0m 📨 Received pending transaction: 0x470960fc2b49aae8390f2b24ddf7246125e32d2a59ca9fbca59ec9049b5c0f31
[2m2025-12-10T10:19:13.086291Z[0m [34mDEBUG[0m [2methereum_transaction_pool_monitor::eth_client[0m[2m:[0m 📨 Received WebSocket message: {"jsonrpc":"2.0","method":"eth_subscription","params":{"subscription":"0xbed0a0851463e895960a451075a301a9","result":"0xc3ec00774bae8dd59ee0a864a9026fc785766f5a6952d525b0df49f88b8a1bbc"}}
[2m2025-12-10T10:19:13.086295Z[0m [34mDEBUG[0m [2methereum_transaction_pool_monitor::eth_client[0m[2m:[0m 📨 Received pending transaction: 0xc3ec00774bae8dd59ee0a864a9026fc785766f5a6952d525b0df49f88b8a1bbc
[2m2025-12-10T10:19:13.086299Z[0m [34mDEBUG[0m [2methereum_transaction_pool_monitor::eth_client[0m[2m:[0m 📨 Received WebSocket message: {"jsonrpc":"2.0","method":"eth_subscription","params":{"subscription":"0xbed0a0851463e895960a451075a301a9","result":"0xc429e6e2bc1dd8e4547808fcb309366fdb4958b1dda27e3d02735323e506941d"}}
[2m2025-12-10T10:19:13.086303Z[0m [34mDEBUG[0m [2methereum_transaction_pool_monitor::eth_client[0m[2m:[0m 📨 Received pending transaction: 0xc429e6e2bc1dd8e4547808fcb309366fdb4958b1dda27e3d02735323e506941d
[2m2025-12-10T10:19:13.086323Z[0m [34mDEBUG[0m [2methereum_transaction_pool_monitor::eth_client[0m[2m:[0m 📨 Received WebSocket message: {"jsonrpc":"2.0","method":"eth_subscription","params":{"subscription":"0xbed0a0851463e895960a451075a301a9","result":"0x97adebb81128c55ed2e53981aee3c551fd4cc9ab2b4a44fcf2dbc855570e64ec"}}
[2m2025-12-10T10:19:13.086328Z[0m [34mDEBUG[0m [2methereum_transaction_pool_monitor::eth_client[0m[2m:[0m 📨 Received pending transaction: 0x97adebb81128c55ed2e53981aee3c551fd4cc9ab2b4a44fcf2dbc855570e64ec
[2m2025-12-10T10:19:13.086332Z[0m [34mDEBUG[0m [2methereum_transaction_pool_monitor::eth_client[0m[2m:[0m 📨 Received WebSocket message: {"jsonrpc":"2.0","method":"eth_subscription","params":{"subscription":"0xbed0a0851463e895960a451075a301a9","result":"0xe9e85f0be9b7f9ec57164fe08120abe5b3634e3b2d9722655b436110621fce7c"}}
[2m2025-12-10T10:19:13.086336Z[0m [34mDEBUG[0m [2methereum_transaction_pool_monitor::eth_client[0m[2m:[0m 📨 Received pending transaction: 0xe9e85f0be9b7f9ec57164fe08120abe5b3634e3b2d9722655b436110621fce7c
[2m2025-12-10T10:19:13.086340Z[0m [34mDEBUG[0m [2methereum_transaction_pool_monitor::eth_client[0m[2m:[0m 📨 Received WebSocket message: {"jsonrpc":"2.0","method":"eth_subscription","params":{"subscription":"0xbed0a0851463e895960a451075a301a9","result":"0xe8481547d6bb048c6d1cf21c8b4c1bc2973bda677aa5f32ef32f11ace2f49f22"}}
[2m2025-12-10T10:19:13.086345Z[0m [34mDEBUG[0m [2methereum_transaction_pool_monitor::eth_client[0m[2m:[0m 📨 Received pending transaction: 0xe8481547d6bb048c6d1cf21c8b4c1bc2973bda677aa5f32ef32f11ace2f49f22
[2m2025-12-10T10:19:13.086359Z[0m [34mDEBUG[0m [2methereum_transaction_pool_monitor::eth_client[0m[2m:[0m 📨 Received WebSocket message: {"jsonrpc":"2.0","method":"eth_subscription","params":{"subscription":"0xbed0a0851463e895960a451075a301a9","result":"0x7c5b93443f0922c951b251e8a23371972ab81c0dcc9ff001e6db648755d2b370"}}
[2m2025-12-10T10:19:13.086365Z[0m [34mDEBUG[0m [2methereum_transaction_pool_monitor::eth_client[0m[2m:[0m 📨 Received pending transaction: 0x7c5b93443f0922c951b251e8a23371972ab81c0dcc9ff001e6db648755d2b370
[2m2025-12-10T10:19:13.086371Z[0m [34mDEBUG[0m [2methereum_transaction_pool_monitor::eth_client[0m[2m:[0m 📨 Received WebSocket message: {"jsonrpc":"2.0","method":"eth_subscription","params":{"subscription":"0xbed0a0851463e895960a451075a301a9","result":"0x69d47781bdb39efff5c4afb04d4fab5d2d42dbb98cda657c71726de0fb468d23"}}
[2m2025-12-10T10:19:13.086376Z[0m [34mDEBUG[0m [2methereum_transaction_pool_monitor::eth_client[0m[2m:[0m 📨 Received pending transaction: 0x69d47781bdb39efff5c4afb04d4fab5d2d42dbb98cda657c71726de0fb468d23
[2m2025-12-10T10:19:13.086380Z[0m [34mDEBUG[0m [2methereum_transaction_pool_monitor::eth_client[0m[2m:[0m 📨 Received WebSocket message: {"jsonrpc":"2.0","method":"eth_subscription","params":{"subscription":"0xbed0a0851463e895960a451075a301a9","result":"0x37666f892da8990f15ebf32dcdd308bfa06de5622a5544ba3b23ecac1fb0f5af"}}
[2m2025-12-10T10:19:13.086384Z[0m [34mDEBUG[0m [2methereum_transaction_pool_monitor::eth_client[0m[2m:[0m 📨 Received pending transaction: 0x37666f892da8990f15ebf32dcdd308bfa06de5622a5544ba3b23ecac1fb0f5af
[2m2025-12-10T10:19:13.086388Z[0m [34mDEBUG[0m [2methereum_transaction_pool_monitor::eth_client[0m[2m:[0m 📨 Received WebSocket message: {"jsonrpc":"2.0","method":"eth_subscription","params":{"subscription":"0xbed0a0851463e895960a451075a301a9","result":"0x12d5de85b8bdbc882a3a27303a59666836f65892d1d0bd86297bd158f27536b8"}}
[2m2025-12-10T10:19:13.086393Z[0m [34mDEBUG[0m [2methereum_transaction_pool_monitor::eth_client[0m[2m:[0m 📨 Received pending transaction: 0x12d5de85b8bdbc882a3a27303a59666836f65892d1d0bd86297bd158f27536b8
[2m2025-12-10T10:19:13.086396Z[0m [34mDEBUG[0m [2methereum_transaction_pool_monitor::eth_client[0m[2m:[0m 📨 Received WebSocket message: {"jsonrpc":"2.0","method":"eth_subscription","params":{"subscription":"0xbed0a0851463e895960a451075a301a9","result":"0xe6ae43f5633eb07956f3652992751e31ddac112d7210c5754e97e9b70c52757a"}}
[2m2025-12-10T10:19:13.086401Z[0m [34mDEBUG[0m [2methereum_transaction_pool_monitor::eth_client[0m[2m:[0m 📨 Received pending transaction: 0xe6ae43f5633eb07956f3652992751e31ddac112d7210c5754e97e9b70c52757a
[2m2025-12-10T10:19:13.086404Z[0m [34mDEBUG[0m [2methereum_transaction_pool_monitor::eth_client[0m[2m:[0m 📨 Received WebSocket message: {"jsonrpc":"2.0","method":"eth_subscription","params":{"subscription":"0xbed0a0851463e895960a451075a301a9","result":"0xe23ddae705f20d5d71c596ea3754f6cd982305a0ef323262fc782a3be89ceb9c"}}
[2m2025-12-10T10:19:13.086409Z[0m [34mDEBUG[0m [2methereum_transaction_pool_monitor::eth_client[0m[2m:[0m 📨 Received pending transaction: 0xe23ddae705f20d5d71c596ea3754f6cd982305a0ef323262fc782a3be89ceb9c
[2m2025-12-10T10:19:13.086413Z[0m [34mDEBUG[0m [2methereum_transaction_pool_monitor::eth_client[0m[2m:[0m 📨 Received WebSocket message: {"jsonrpc":"2.0","method":"eth_subscription","params":{"subscription":"0xbed0a0851463e895960a451075a301a9","result":"0x8d1472c6f0f58bafce00a0a46f4956d54aa99caa87a215aae85cfb982ee30e27"}}
[2m2025-12-10T10:19:13.086417Z[0m [34mDEBUG[0m [2methereum_transaction_pool_monitor::eth_client[0m[2m:[0m 📨 Received pending transaction: 0x8d1472c6f0f58bafce00a0a46f4956d54aa99caa87a215aae85cfb982ee30e27
[2m2025-12-10T10:19:13.086421Z[0m [34mDEBUG[0m [2methereum_transaction_pool_monitor::eth_client[0m[2m:[0m 📨 Received WebSocket message: {"jsonrpc":"2.0","method":"eth_subscription","params":{"subscription":"0xbed0a0851463e895960a451075a301a9","result":"0x7c8d3719c352fde277f637c90ea088c7167dbeb8babc756f8b5260c9b74a0c92"}}
[2m2025-12-10T10:19:13.086425Z[0m [34mDEBUG[0m [2methereum_transaction_pool_monitor::eth_client[0m[2m:[0m 📨 Received pending transaction: 0x7c8d3719c352fde277f637c90ea088c7167dbeb8babc756f8b5260c9b74a0c92
[2m2025-12-10T10:19:13.086429Z[0m [34mDEBUG[0m [2methereum_transaction_pool_monitor::eth_client[0m[2m:[0m 📨 Received WebSocket message: {"jsonrpc":"2.0","method":"eth_subscription","params":{"subscription":"0xbed0a0851463e895960a451075a301a9","result":"0x61015d7341d10e18af5e251a8dff8bea30260d4b989b9c38d9ac9562e4f44567"}}
[2m2025-12-10T10:19:13.086433Z[0m [34mDEBUG[0m [2methereum_transaction_pool_monitor::eth_client[0m[2m:[0m 📨 Received pending transaction: 0x61015d7341d10e18af5e251a8dff8bea30260d4b989b9c38d9ac9562e4f44567
[2m2025-12-10T10:19:13.086437Z[0m [34mDEBUG[0m [2methereum_transaction_pool_monitor::eth_client[0m[2m:[0m 📨 Received WebSocket message: {"jsonrpc":"2.0","method":"eth_subscription","params":{"subscription":"0xbed0a0851463e895960a451075a301a9","result":"0x8a8e5717794486e9e134b0082764809e152bd61dd8e80bc8874c30e1879803e7"}}
[2m2025-12-10T10:19:13.086441Z[0m [34mDEBUG[0m [2methereum_transaction_pool_monitor::eth_client[0m[2m:[0m 📨 Received pending transaction: 0x8a8e5717794486e9e134b0082764809e152bd61dd8e80bc8874c30e1879803e7
[2m2025-12-10T10:19:13.086445Z[0m [34mDEBUG[0m [2methereum_transaction_pool_monitor::eth_client[0m[2m:[0m 📨 Received WebSocket message: {"jsonrpc":"2.0","method":"eth_subscription","params":{"subscription":"0xbed0a0851463e895960a451075a301a9","result":"0x1ffd38d3a39d6b2f29d6119596e2af1b5512de0c45ae03b5991bffa0c2501b32"}}
[2m2025-12-10T10:19:13.086449Z[0m [34mDEBUG[0m [2methereum_transaction_pool_monitor::eth_client[0m[2m:[0m 📨 Received pending transaction: 0x1ffd38d3a39d6b2f29d6119596e2af1b5512de0c45ae03b5991bffa0c2501b32
[2m2025-12-10T10:19:13.086469Z[0m [34mDEBUG[0m [2methereum_transaction_pool_monitor::eth_client[0m[2m:[0m 📨 Received WebSocket message: {"jsonrpc":"2.0","method":"eth_subscription","params":{"subscription":"0xbed0a0851463e895960a451075a301a9","result":"0x7fa3e13c74482b1a043bdb8d6ea4a42487ef7b7a1a6914d6c85f0e428cd1778b"}}
[2m2025-12-10T10:19:13.086474Z[0m [34mDEBUG[0m [2methereum_transaction_pool_monitor::eth_client[0m[2m:[0m 📨 Received pending transaction: 0x7fa3e13c74482b1a043bdb8d6ea4a42487ef7b7a1a6914d6c85f0e428cd1778b
[2m2025-12-10T10:19:13.086477Z[0m [34mDEBUG[0m [2methereum_transaction_pool_monitor::eth_client[0m[2m:[0m 📨 Received WebSocket message: {"jsonrpc":"2.0","method":"eth_subscription","params":{"subscription":"0xbed0a0851463e895960a451075a301a9","result":"0x3a30727095bc3e54cbb6db23e5c1230b8a0082ad92ee776df0d57cc6249500e5"}}
[2m2025-12-10T10:19:13.086482Z[0m [34mDEBUG[0m [2methereum_transaction_pool_monitor::eth_client[0m[2m:[0m 📨 Received pending transaction: 0x3a30727095bc3e54cbb6db23e5c1230b8a0082ad92ee776df0d57cc6249500e5
[2m2025-12-10T10:19:13.086486Z[0m [34mDEBUG[0m [2methereum_transaction_pool_monitor::eth_client[0m[2m:[0m 📨 Received WebSocket message: {"jsonrpc":"2.0","method":"eth_subscription","params":{"subscription":"0xbed0a0851463e895960a451075a301a9","result":"0x3a6e563cb57cf0c719b9fa52ec3c89ffe086f5b6800d87ebaf1d5751a07d180d"}}
[2m2025-12-10T10:19:13.086490Z[0m [34mDEBUG[0m [2methereum_transaction_pool_monitor::eth_client[0m[2m:[0m 📨 Received pending transaction: 0x3a6e563cb57cf0c719b9fa52ec3c89ffe086f5b6800d87ebaf1d5751a07d180d
[2m2025-12-10T10:19:13.086495Z[0m [34mDEBUG[0m [2methereum_transaction_pool_monitor::eth_client[0m[2m:[0m 📨 Received WebSocket message: {"jsonrpc":"2.0","method":"eth_subscription","params":{"subscription":"0xbed0a0851463e895960a451075a301a9","result":"0xf421d85a483e79614e1f85343858cffc350f885969bd9e42159ceb1e1d41e79e"}}
[2m2025-12-10T10:19:13.086529Z[0m [34mDEBUG[0m [2methereum_transaction_pool_monitor::eth_client[0m[2m:[0m 📨 Received pending transaction: 0xf421d85a483e79614e1f85343858cffc350f885969bd9e42159ceb1e1d41e79e
[2m2025-12-10T10:19:13.086917Z[0m [34mDEBUG[0m [2methereum_transaction_pool_monitor::eth_client[0m[2m:[0m 📨 Received WebSocket message: {"jsonrpc":"2.0","method":"eth_subscription","params":{"subscription":"0xbed0a0851463e895960a451075a301a9","result":"0xbedaa37bb3cf2ae2794bfaa9a7b47da2195b49b4fdee6febff9f9d93d7434387"}}
[2m2025-12-10T10:19:13.086923Z[0m [34mDEBUG[0m [2methereum_transaction_pool_monitor::eth_client[0m[2m:[0m 📨 Received pending transaction: 0xbedaa37bb3cf2ae2794bfaa9a7b47da2195b49b4fdee6febff9f9d93d7434387
[2m2025-12-10T10:19:13.086927Z[0m [34mDEBUG[0m [2methereum_transaction_pool_monitor::eth_client[0m[2m:[0m 📨 Received WebSocket message: {"jsonrpc":"2.0","method":"eth_subscription","params":{"subscription":"0xbed0a0851463e895960a451075a301a9","result":"0x9491964b7b71fc0819dc1088b68445575799a074dcec6c7a8225fbd92b80d6b6"}}
[2m2025-12-10T10:19:13.086932Z[0m [34mDEBUG[0m [2methereum_transaction_pool_monitor::eth_client[0m[2m:[0m 📨 Received pending transaction: 0x9491964b7b71fc0819dc1088b68445575799a074dcec6c7a8225fbd92b80d6b6
[2m2025-12-10T10:19:13.086935Z[0m [34mDEBUG[0m [2methereum_transaction_pool_monitor::eth_client[0m[2m:[0m 📨 Received WebSocket message: {"jsonrpc":"2.0","method":"eth_subscription","params":{"subscription":"0xbed0a0851463e895960a451075a301a9","result":"0xb2cf9ceee36a5899bbe5f5ff730529ffdf42dd46bd4ade376365ac125d27c350"}}
[2m2025-12-10T10:19:13.086940Z[0m [34mDEBUG[0m [2methereum_transaction_pool_monitor::eth_client[0m[2m:[0m 📨 Received pending transaction: 0xb2cf9ceee36a5899bbe5f5ff730529ffdf42dd46bd4ade376365ac125d27c350
[2m2025-12-10T10:19:13.086944Z[0m [34mDEBUG[0m [2methereum_transaction_pool_monitor::eth_client[0m[2m:[0m 📨 Received WebSocket message: {"jsonrpc":"2.0","method":"eth_subscription","params":{"subscription":"0xbed0a0851463e895960a451075a301a9","result":"0x054dcdccb5202ef893c47fdb47b3490ab955cd71140f85f547da3f24b724f336"}}
[2m2025-12-10T10:19:13.086948Z[0m [34mDEBUG[0m [2methereum_transaction_pool_monitor::eth_client[0m[2m:[0m 📨 Received pending transaction: 0x054dcdccb5202ef893c47fdb47b3490ab955cd71140f85f547da3f24b724f336
[2m2025-12-10T10:19:13.086952Z[0m [34mDEBUG[0m [2methereum_transaction_pool_monitor::eth_client[0m[2m:[0m 📨 Received WebSocket message: {"jsonrpc":"2.0","method":"eth_subscription","params":{"subscription":"0xbed0a0851463e895960a451075a301a9","result":"0x51f4a91f7871ad32efbfe46ea59fd5dbbe590c39caaf0669f27f22c172735192"}}
[2m2025-12-10T10:19:13.086956Z[0m [34mDEBUG[0m [2methereum_transaction_pool_monitor::eth_client[0m[2m:[0m 📨 Received pending transaction: 0x51f4a91f7871ad32efbfe46ea59fd5dbbe590c39caaf0669f27f22c172735192
[2m2025-12-10T10:19:13.086960Z[0m [34mDEBUG[0m [2methereum_transaction_pool_monitor::eth_client[0m[2m:[0m 📨 Received WebSocket message: {"jsonrpc":"2.0","method":"eth_subscription","params":{"subscription":"0xbed0a0851463e895960a451075a301a9","result":"0xd3d6a4efe438e979c3c48f218ffd9a6a72b88611b1a9ba8ee69c197024b9fd37"}}
[2m2025-12-10T10:19:13.086964Z[0m [34mDEBUG[0m [2methereum_transaction_pool_monitor::eth_client[0m[2m:[0m 📨 Received pending transaction: 0xd3d6a4efe438e979c3c48f218ffd9a6a72b88611b1a9ba8ee69c197024b9fd37
[2m2025-12-10T10:19:13.086968Z[0m [34mDEBUG[0m [2methereum_transaction_pool_monitor::eth_client[0m[2m:[0m 📨 Received WebSocket message: {"jsonrpc":"2.0","method":"eth_subscription","params":{"subscription":"0xbed0a0851463e895960a451075a301a9","result":"0x244afdfe72d58c891f825448e4fe273a2d1d7e80d2405bbcfefbbfe39a4cb802"}}
[2m2025-12-10T10:19:13.086972Z[0m [34mDEBUG[0m [2methereum_transaction_pool_monitor::eth_client[0m[2m:[0m 📨 Received pending transaction: 0x244afdfe72d58c891f825448e4fe273a2d1d7e80d2405bbcfefbbfe39a4cb802
[2m2025-12-10T10:19:13.086977Z[0m [34mDEBUG[0m [2methereum_transaction_pool_monitor::eth_client[0m[2m:[0m 📨 Received WebSocket message: {"jsonrpc":"2.0","method":"eth_subscription","params":{"subscription":"0xbed0a0851463e895960a451075a301a9","result":"0xcb4b79aafc34c0cf1c64760c6ea305ec44c738755901f617d1727f7f203b3ba2"}}
[2m2025-12-10T10:19:13.086982Z[0m [34mDEBUG[0m [2methereum_transaction_pool_monitor::eth_client[0m[2m:[0m 📨 Received pending transaction: 0xcb4b79aafc34c0cf1c64760c6ea305ec44c738755901f617d1727f7f203b3ba2
[2m2025-12-10T10:19:13.086985Z[0m [34mDEBUG[0m [2methereum_transaction_pool_monitor::eth_client[0m[2m:[0m 📨 Received WebSocket message: {"jsonrpc":"2.0","method":"eth_subscription","params":{"subscription":"0xbed0a0851463e895960a451075a301a9","result":"0x658f824c1a15e79c49722a7dfb0883807b5df37f18250187719d95d60422d950"}}
[2m2025-12-10T10:19:13.086991Z[0m [34mDEBUG[0m [2methereum_transaction_pool_monitor::eth_client[0m[2m:[0m 📨 Received pending transaction: 0x658f824c1a15e79c49722a7dfb0883807b5df37f18250187719d95d60422d950
[2m2025-12-10T10:19:13.086994Z[0m [34mDEBUG[0m [2methereum_transaction_pool_monitor::eth_client[0m[2m:[0m 📨 Received WebSocket message: {"jsonrpc":"2.0","method":"eth_subscription","params":{"subscription":"0xbed0a0851463e895960a451075a301a9","result":"0xdb874f92a571b5c1cb8a297afbbb9081779e759c8c87069eec5bba18173d3150"}}
[2m2025-12-10T10:19:13.086999Z[0m [34mDEBUG[0m [2methereum_transaction_pool_monitor::eth_client[0m[2m:[0m 📨 Received pending transaction: 0xdb874f92a571b5c1cb8a297afbbb9081779e759c8c87069eec5bba18173d3150
[2m2025-12-10T10:19:13.087004Z[0m [34mDEBUG[0m [2methereum_transaction_pool_monitor::eth_client[0m[2m:[0m 📨 Received WebSocket message: {"jsonrpc":"2.0","method":"eth_subscription","params":{"subscription":"0xbed0a0851463e895960a451075a301a9","result":"0xb2c3ade9bd7518ac49d3fa2e3408c3287a3600189b7917ca0e463079bffda764"}}
[2m2025-12-10T10:19:13.087008Z[0m [34mDEBUG[0m [2methereum_transaction_pool_monitor::eth_client[0m[2m:[0m 📨 Received pending transaction: 0xb2c3ade9bd7518ac49d3fa2e3408c3287a3600189b7917ca0e463079bffda764
[2m2025-12-10T10:19:13.087012Z[0m [34mDEBUG[0m [2methereum_transaction_pool_monitor::eth_client[0m[2m:[0m 📨 Received WebSocket message: {"jsonrpc":"2.0","method":"eth_subscription","params":{"subscription":"0xbed0a0851463e895960a451075a301a9","result":"0xded1e171cc0dcf02ce89a23e36e9ad662e5fafcd81252db1e30f08c144ffdf89"}}
[2m2025-12-10T10:19:13.087016Z[0m [34mDEBUG[0m [2methereum_transaction_pool_monitor::eth_client[0m[2m:[0m 📨 Received pending transaction: 0xded1e171cc0dcf02ce89a23e36e9ad662e5fafcd81252db1e30f08c144ffdf89
[2m2025-12-10T10:19:13.087020Z[0m [34mDEBUG[0m [2methereum_transaction_pool_monitor::eth_client[0m[2m:[0m 📨 Received WebSocket message: {"jsonrpc":"2.0","method":"eth_subscription","params":{"subscription":"0xbed0a0851463e895960a451075a301a9","result":"0x4fc97c93674690c9c3bb2b1ec03c7bea75242a372e66f032aaf9e152a3e28bb7"}}
[2m2025-12-10T10:19:13.087024Z[0m [34mDEBUG[0m [2methereum_transaction_pool_monitor::eth_client[0m[2m:[0m 📨 Received pending transaction: 0x4fc97c93674690c9c3bb2b1ec03c7bea75242a372e66f032aaf9e152a3e28bb7
[2m2025-12-10T10:19:13.087028Z[0m [34mDEBUG[0m [2methereum_transaction_pool_monitor::eth_client[0m[2m:[0m 📨 Received WebSocket message: {"jsonrpc":"2.0","method":"eth_subscription","params":{"subscription":"0xbed0a0851463e895960a451075a301a9","result":"0x5a10baed9c5f9ef92ab03d157d910272652b2c45fde58b582a6553f781aa5986"}}
[2m2025-12-10T10:19:13.087032Z[0m [34mDEBUG[0m [2methereum_transaction_pool_monitor::eth_client[0m[2m:[0m 📨 Received pending transaction: 0x5a10baed9c5f9ef92ab03d157d910272652b2c45fde58b582a6553f781aa5986
[2m2025-12-10T10:19:13.087036Z[0m [34mDEBUG[0m [2methereum_transaction_pool_monitor::eth_client[0m[2m:[0m 📨 Received WebSocket message: {"jsonrpc":"2.0","method":"eth_subscription","params":{"subscription":"0xbed0a0851463e895960a451075a301a9","result":"0x75b96a6bec3a21b8500832c8be997981da724645e74ea21733d451fc6c0774e2"}}
[2m2025-12-10T10:19:13.087041Z[0m [34mDEBUG[0m [2methereum_transaction_pool_monitor::eth_client[0m[2m:[0m 📨 Received pending transaction: 0x75b96a6bec3a21b8500832c8be997981da724645e74ea21733d451fc6c0774e2
[2m2025-12-10T10:19:13.087044Z[0m [34mDEBUG[0m [2methereum_transaction_pool_monitor::eth_client[0m[2m:[0m 📨 Received WebSocket message: {"jsonrpc":"2.0","method":"eth_subscription","params":{"subscription":"0xbed0a0851463e895960a451075a301a9","result":"0xb93906481fa763428af266ff8ed7f8d23a8ad8fa0cb31a77c3971ab3f61a1557"}}
[2m2025-12-10T10:19:13.087055Z[0m [34mDEBUG[0m [2methereum_transaction_pool_monitor::eth_client[0m[2m:[0m 📨 Received pending transaction: 0xb93906481fa763428af266ff8ed7f8d23a8ad8fa0cb31a77c3971ab3f61a1557
[2m2025-12-10T10:19:13.087059Z[0m [34mDEBUG[0m [2methereum_transaction_pool_monitor::eth_client[0m[2m:[0m 📨 Received WebSocket message: {"jsonrpc":"2.0","method":"eth_subscription","params":{"subscription":"0xbed0a0851463e895960a451075a301a9","result":"0xf69a78725515af87ead97f40af0a5669706f7b7d8db67d08e7007d4dc923bcac"}}
[2m2025-12-10T10:19:13.087084Z[0m [34mDEBUG[0m [2methereum_transaction_pool_monitor::eth_client[0m[2m:[0m 📨 Received pending transaction: 0xf69a78725515af87ead97f40af0a5669706f7b7d8db67d08e7007d4dc923bcac
[2m2025-12-10T10:19:13.087091Z[0m [34mDEBUG[0m [2methereum_transaction_pool_monitor::eth_client[0m[2m:[0m 📨 Received WebSocket message: {"jsonrpc":"2.0","method":"eth_subscription","params":{"subscription":"0xbed0a0851463e895960a451075a301a9","result":"0x789b05c7333bc159b1b1ce5efb4a103c36d1744c95e7dbe9ac03a6fe09bdd803"}}
[2m2025-12-10T10:19:13.087096Z[0m [34mDEBUG[0m [2methereum_transaction_pool_monitor::eth_client[0m[2m:[0m 📨 Received pending transaction: 0x789b05c7333bc159b1b1ce5efb4a103c36d1744c95e7dbe9ac03a6fe09bdd803
[2m2025-12-10T10:19:13.087100Z[0m [34mDEBUG[0m [2methereum_transaction_pool_monitor::eth_client[0m[2m:[0m 📨 Received WebSocket message: {"jsonrpc":"2.0","method":"eth_subscription","params":{"subscription":"0xbed0a0851463e895960a451075a301a9","result":"0xc4d9584b34df813f66d3e9887be8c112ebb8813fe2512d7aa2433f4f4b5d40f0"}}
[2m2025-12-10T10:19:13.087104Z[0m [34mDEBUG[0m [2methereum_transaction_pool_monitor::eth_client[0m[2m:[0m 📨 Received pending transaction: 0xc4d9584b34df813f66d3e9887be8c112ebb8813fe2512d7aa2433f4f4b5d40f0
[2m2025-12-10T10:19:13.087108Z[0m [34mDEBUG[0m [2methereum_transaction_pool_monitor::eth_client[0m[2m:[0m 📨 Received WebSocket message: {"jsonrpc":"2.0","method":"eth_subscription","params":{"subscription":"0xbed0a0851463e895960a451075a301a9","result":"0xdbcaa7cee329b53acddc2c0c9c9da6e3d918ca40831931fe34b6551d9c9ce043"}}
[2m2025-12-10T10:19:13.087113Z[0m [34mDEBUG[0m [2methereum_transaction_pool_monitor::eth_client[0m[2m:[0m 📨 Received pending transaction: 0xdbcaa7cee329b53acddc2c0c9c9da6e3d918ca40831931fe34b6551d9c9ce043
[2m2025-12-10T10:19:13.087116Z[0m [34mDEBUG[0m [2methereum_transaction_pool_monitor::eth_client[0m[2m:[0m 📨 Received WebSocket message: {"jsonrpc":"2.0","method":"eth_subscription","params":{"subscription":"0xbed0a0851463e895960a451075a301a9","result":"0x5e94b055a5c04fc0e0ed422f308ccf7c46d16081c87e74dbad54e27e277ae0ab"}}
[2m2025-12-10T10:19:13.087121Z[0m [34mDEBUG[0m [2methereum_transaction_pool_monitor::eth_client[0m[2m:[0m 📨 Received pending transaction: 0x5e94b055a5c04fc0e0ed422f308ccf7c46d16081c87e74dbad54e27e277ae0ab
[2m2025-12-10T10:19:13.087124Z[0m [34mDEBUG[0m [2methereum_transaction_pool_monitor::eth_client[0m[2m:[0m 📨 Received WebSocket message: {"jsonrpc":"2.0","method":"eth_subscription","params":{"subscription":"0xbed0a0851463e895960a451075a301a9","result":"0x3b489ab6d01d5e242a64ebc553e1332b004ffbb21856020c9b377c634917323e"}}
[2m2025-12-10T10:19:13.087136Z[0m [34mDEBUG[0m [2methereum_transaction_pool_monitor::eth_client[0m[2m:[0m 📨 Received pending transaction: 0x3b489ab6d01d5e242a64ebc553e1332b004ffbb21856020c9b377c634917323e
[2m2025-12-10T10:19:13.087140Z[0m [34mDEBUG[0m [2methereum_transaction_pool_monitor::eth_client[0m[2m:[0m 📨 Received WebSocket message: {"jsonrpc":"2.0","method":"eth_subscription","params":{"subscription":"0xbed0a0851463e895960a451075a301a9","result":"0xe573c8c572d1826174debdc026f2508d12f56d07e4edb497d69096a1923eb2d2"}}
[2m2025-12-10T10:19:13.087146Z[0m [34mDEBUG[0m [2methereum_transaction_pool_monitor::eth_client[0m[2m:[0m 📨 Received pending transaction: 0xe573c8c572d1826174debdc026f2508d12f56d07e4edb497d69096a1923eb2d2
[2m2025-12-10T10:19:13.087155Z[0m [34mDEBUG[0m [2methereum_transaction_pool_monitor::eth_client[0m[2m:[0m 📨 Received WebSocket message: {"jsonrpc":"2.0","method":"eth_subscription","params":{"subscription":"0xbed0a0851463e895960a451075a301a9","result":"0x75b50e7cfd54440965325f793411b7533cc97dac75d557672ec8e2a53ea0b34b"}}
[2m2025-12-10T10:19:13.087162Z[0m [34mDEBUG[0m [2methereum_transaction_pool_monitor::eth_client[0m[2m:[0m 📨 Received pending transaction: 0x75b50e7cfd54440965325f793411b7533cc97dac75d557672ec8e2a53ea0b34b
[2m2025-12-10T10:19:13.087166Z[0m [34mDEBUG[0m [2methereum_transaction_pool_monitor::eth_client[0m[2m:[0m 📨 Received WebSocket message: {"jsonrpc":"2.0","method":"eth_subscription","params":{"subscription":"0xbed0a0851463e895960a451075a301a9","result":"0x3faeb7240440a4708b8ffff08ad163afb90c2c3ee51c6466c46de978d8fa605f"}}
[2m2025-12-10T10:19:13.087170Z[0m [34mDEBUG[0m [2methereum_transaction_pool_monitor::eth_client[0m[2m:[0m 📨 Received pending transaction: 0x3faeb7240440a4708b8ffff08ad163afb90c2c3ee51c6466c46de978d8fa605f
[2m2025-12-10T10:19:13.087174Z[0m [34mDEBUG[0m [2methereum_transaction_pool_monitor::eth_client[0m[2m:[0m 📨 Received WebSocket message: {"jsonrpc":"2.0","method":"eth_subscription","params":{"subscription":"0xbed0a0851463e895960a451075a301a9","result":"0x665c2b9433590ca48379a8cb656e42d450ad8166b13dfe7659f1f66e2fa6d9cc"}}
[2m2025-12-10T10:19:13.087180Z[0m [34mDEBUG[0m [2methereum_transaction_pool_monitor::eth_client[0m[2m:[0m 📨 Received pending transaction: 0x665c2b9433590ca48379a8cb656e42d450ad8166b13dfe7659f1f66e2fa6d9cc
[2m2025-12-10T10:19:13.087183Z[0m [34mDEBUG[0m [2methereum_transaction_pool_monitor::eth_client[0m[2m:[0m 📨 Received WebSocket message: {"jsonrpc":"2.0","method":"eth_subscription","params":{"subscription":"0xbed0a0851463e895960a451075a301a9","result":"0x4dac57d4d4cbeef37cabb5efb68f0672a85eff6d6f69ebd096d9758e4657d155"}}
[2m2025-12-10T10:19:13.087188Z[0m [34mDEBUG[0m [2methereum_transaction_pool_monitor::eth_client[0m[2m:[0m 📨 Received pending transaction: 0x4dac57d4d4cbeef37cabb5efb68f0672a85eff6d6f69ebd096d9758e4657d155
[2m2025-12-10T10:19:13.087192Z[0m [34mDEBUG[0m [2methereum_transaction_pool_monitor::eth_client[0m[2m:[0m 📨 Received WebSocket message: {"jsonrpc":"2.0","method":"eth_subscription","params":{"subscription":"0xbed0a0851463e895960a451075a301a9","result":"0x4387ccec796414c4154b2e6e12b37455eb67d2a62b8bfa68c671d13b8b7c9be9"}}
[2m2025-12-10T10:19:13.087196Z[0m [34mDEBUG[0m [2methereum_transaction_pool_monitor::eth_client[0m[2m:[0m 📨 Received pending transaction: 0x4387ccec796414c4154b2e6e12b37455eb67d2a62b8bfa68c671d13b8b7c9be9
[2m2025-12-10T10:19:13.087202Z[0m [34mDEBUG[0m [2methereum_transaction_pool_monitor::eth_client[0m[2m:[0m 📨 Received WebSocket message: {"jsonrpc":"2.0","method":"eth_subscription","params":{"subscription":"0xbed0a0851463e895960a451075a301a9","result":"0x2067dfb2faa104830705476d749893965a4cc8b813bdce4f47e80e699178f8f4"}}
[2m2025-12-10T10:19:13.087207Z[0m [34mDEBUG[0m [2methereum_transaction_pool_monitor::eth_client[0m[2m:[0m 📨 Received pending transaction: 0x2067dfb2faa104830705476d749893965a4cc8b813bdce4f47e80e699178f8f4
[2m2025-12-10T10:19:13.087226Z[0m [34mDEBUG[0m [2methereum_transaction_pool_monitor::eth_client[0m[2m:[0m 📨 Received WebSocket message: {"jsonrpc":"2.0","method":"eth_subscription","params":{"subscription":"0xbed0a0851463e895960a451075a301a9","result":"0xd0b2e639ab9005b2ee5ec233ad9c284a9a417b17faa19fc731f241f0d0eedc81"}}
[2m2025-12-10T10:19:13.087354Z[0m [34mDEBUG[0m [2methereum_transaction_pool_monitor::eth_client[0m[2m:[0m 📨 Received pending transaction: 0xd0b2e639ab9005b2ee5ec233ad9c284a9a417b17faa19fc731f241f0d0eedc81
[2m2025-12-10T10:19:13.087361Z[0m [34mDEBUG[0m [2methereum_transaction_pool_monitor::eth_client[0m[2m:[0m 📨 Received WebSocket message: {"jsonrpc":"2.0","method":"eth_subscription","params":{"subscription":"0xbed0a0851463e895960a451075a301a9","result":"0x47c4dd7b271e31499e404c5500cb35b5df474249574640c9dfe3d086e44e9c1a"}}
[2m2025-12-10T10:19:13.087366Z[0m [34mDEBUG[0m [2methereum_transaction_pool_monitor::eth_client[0m[2m:[0m 📨 Received pending transaction: 0x47c4dd7b271e31499e404c5500cb35b5df474249574640c9dfe3d086e44e9c1a
[2m2025-12-10T10:19:13.087370Z[0m [34mDEBUG[0m [2methereum_transaction_pool_monitor::eth_client[0m[2m:[0m 📨 Received WebSocket message: {"jsonrpc":"2.0","method":"eth_subscription","params":{"subscription":"0xbed0a0851463e895960a451075a301a9","result":"0xfa29748e3b87028d67785bb5cb7db7b98df19fe02185b2139a63e8812fd5c16a"}}
[2m2025-12-10T10:19:13.087374Z[0m [34mDEBUG[0m [2methereum_transaction_pool_monitor::eth_client[0m[2m:[0m 📨 Received pending transaction: 0xfa29748e3b87028d67785bb5cb7db7b98df19fe02185b2139a63e8812fd5c16a
[2m2025-12-10T10:19:13.087378Z[0m [34mDEBUG[0m [2methereum_transaction_pool_monitor::eth_client[0m[2m:[0m 📨 Received WebSocket message: {"jsonrpc":"2.0","method":"eth_subscription","params":{"subscription":"0xbed0a0851463e895960a451075a301a9","result":"0xc30e739c8c4af8caf634c416bf651064969e45e8d2acba89ccdfce0f207ed37e"}}
[2m2025-12-10T10:19:13.087383Z[0m [34mDEBUG[0m [2methereum_transaction_pool_monitor::eth_client[0m[2m:[0m 📨 Received pending transaction: 0xc30e739c8c4af8caf634c416bf651064969e45e8d2acba89ccdfce0f207ed37e
[2m2025-12-10T10:19:13.087386Z[0m [34mDEBUG[0m [2methereum_transaction_pool_monitor::eth_client[0m[2m:[0m 📨 Received WebSocket message: {"jsonrpc":"2.0","method":"eth_subscription","params":{"subscription":"0xbed0a0851463e895960a451075a301a9","result":"0xf62338ae3e7bb6dcf7e777ad898d56bd16d7f749ba96a7133024c468afa4b9e7"}}
[2m2025-12-10T10:19:13.087390Z[0m [34mDEBUG[0m [2methereum_transaction_pool_monitor::eth_client[0m[2m:[0m 📨 Received pending transaction: 0xf62338ae3e7bb6dcf7e777ad898d56bd16d7f749ba96a7133024c468afa4b9e7
[2m2025-12-10T10:19:13.087394Z[0m [34mDEBUG[0m [2methereum_transaction_pool_monitor::eth_client[0m[2m:[0m 📨 Received WebSocket message: {"jsonrpc":"2.0","method":"eth_subscription","params":{"subscription":"0xbed0a0851463e895960a451075a301a9","result":"0xf594698ec6fdd108e0c62afbaf4ce4e41f3979a457dd88fdd833530ac15e706a"}}
[2m2025-12-10T10:19:13.087398Z[0m [34mDEBUG[0m [2methereum_transaction_pool_monitor::eth_client[0m[2m:[0m 📨 Received pending transaction: 0xf594698ec6fdd108e0c62afbaf4ce4e41f3979a457dd88fdd833530ac15e706a
[2m2025-12-10T10:19:13.087402Z[0m [34mDEBUG[0m [2methereum_transaction_pool_monitor::eth_client[0m[2m:[0m 📨 Received WebSocket message: {"jsonrpc":"2.0","method":"eth_subscription","params":{"subscription":"0xbed0a0851463e895960a451075a301a9","result":"0xef2568faadcfbafbbbd11035ed8bd52b9f4e9c213a3dc8b12a06795b49db9664"}}
[2m2025-12-10T10:19:13.087406Z[0m [34mDEBUG[0m [2methereum_transaction_pool_monitor::eth_client[0m[2m:[0m 📨 Received pending transaction: 0xef2568faadcfbafbbbd11035ed8bd52b9f4e9c213a3dc8b12a06795b49db9664
[2m2025-12-10T10:19:13.087410Z[0m [34mDEBUG[0m [2methereum_transaction_pool_monitor::eth_client[0m[2m:[0m 📨 Received WebSocket message: {"jsonrpc":"2.0","method":"eth_subscription","params":{"subscription":"0xbed0a0851463e895960a451075a301a9","result":"0x7bf6ccaa5d9e27326d4a68dcc0730e50a1eaac9e07955c5abab6207d3637030e"}}
[2m2025-12-10T10:19:13.087414Z[0m [34mDEBUG[0m [2methereum_transaction_pool_monitor::eth_client[0m[2m:[0m 📨 Received pending transaction: 0x7bf6ccaa5d9e27326d4a68dcc0730e50a1eaac9e07955c5abab6207d3637030e
[2m2025-12-10T10:19:13.087418Z[0m [34mDEBUG[0m [2methereum_transaction_pool_monitor::eth_client[0m[2m:[0m 📨 Received WebSocket message: {"jsonrpc":"2.0","method":"eth_subscription","params":{"subscription":"0xbed0a0851463e895960a451075a301a9","result":"0x588a323afa6dc2d648a28759e74a8916cf3bd37f0f29d7d21fdcb2b492a09d83"}}
[2m2025-12-10T10:19:13.087423Z[0m [34mDEBUG[0m [2methereum_transaction_pool_monitor::eth_client[0m[2m:[0m 📨 Received pending transaction: 0x588a323afa6dc2d648a28759e74a8916cf3bd37f0f29d7d21fdcb2b492a09d83
[2m2025-12-10T10:19:13.087426Z[0m [34mDEBUG[0m [2methereum_transaction_pool_monitor::eth_client[0m[2m:[0m 📨 Received WebSocket message: {"jsonrpc":"2.0","method":"eth_subscription","params":{"subscription":"0xbed0a0851463e895960a451075a301a9","result":"0x0defdde7e9667536d62775b32f0bcf2af92143440b02d112968d1119b65e3ff9"}}
[2m2025-12-10T10:19:13.087431Z[0m [34mDEBUG[0m [2methereum_transaction_pool_monitor::eth_client[0m[2m:[0m 📨 Received pending transaction: 0x0defdde7e9667536d62775b32f0bcf2af92143440b02d112968d1119b65e3ff9
[2m2025-12-10T10:19:13.087434Z[0m [34mDEBUG[0m [2methereum_transaction_pool_monitor::eth_client[0m[2m:[0m 📨 Received WebSocket message: {"jsonrpc":"2.0","method":"eth_subscription","params":{"subscription":"0xbed0a0851463e895960a451075a301a9","result":"0x28871ad311f1556c854132610077599b6855981635dd78bb4aaf74551f11ced1"}}
[2m2025-12-10T10:19:13.087439Z[0m [34mDEBUG[0m [2methereum_transaction_pool_monitor::eth_client[0m[2m:[0m 📨 Received pending transaction: 0x28871ad311f1556c854132610077599b6855981635dd78bb4aaf74551f11ced1
[2m2025-12-10T10:19:13.087442Z[0m [34mDEBUG[0m [2methereum_transaction_pool_monitor::eth_client[0m[2m:[0m 📨 Received WebSocket message: {"jsonrpc":"2.0","method":"eth_subscription","params":{"subscription":"0xbed0a0851463e895960a451075a301a9","result":"0xd5958f0beb6fda579754a7921e6eb0f446bf813b06bdaa84cb0d90d1155fdd33"}}
[2m2025-12-10T10:19:13.087446Z[0m [34mDEBUG[0m [2methereum_transaction_pool_monitor::eth_client[0m[2m:[0m 📨 Received pending transaction: 0xd5958f0beb6fda579754a7921e6eb0f446bf813b06bdaa84cb0d90d1155fdd33
[2m2025-12-10T10:19:13.087450Z[0m [34mDEBUG[0m [2methereum_transaction_pool_monitor::eth_client[0m[2m:[0m 📨 Received WebSocket message: {"jsonrpc":"2.0","method":"eth_subscription","params":{"subscription":"0xbed0a0851463e895960a451075a301a9","result":"0x3c25907f21e683d71d8ad3a6855337cd52d9b177ec576cbf94f628fa487cc761"}}
[2m2025-12-10T10:19:13.087454Z[0m [34mDEBUG[0m [2methereum_transaction_pool_monitor::eth_client[0m[2m:[0m 📨 Received pending transaction: 0x3c25907f21e683d71d8ad3a6855337cd52d9b177ec576cbf94f628fa487cc761
[2m2025-12-10T10:19:13.087458Z[0m [34mDEBUG[0m [2methereum_transaction_pool_monitor::eth_client[0m[2m:[0m 📨 Received WebSocket message: {"jsonrpc":"2.0","method":"eth_subscription","params":{"subscription":"0xbed0a0851463e895960a451075a301a9","result":"0x2cbb607b714a9a66070adb825343a0e0e5c0081b8ad137076584865e2f10a7ec"}}
[2m2025-12-10T10:19:13.087462Z[0m [34mDEBUG[0m [2methereum_transaction_pool_monitor::eth_client[0m[2m:[0m 📨 Received pending transaction: 0x2cbb607b714a9a66070adb825343a0e0e5c0081b8ad137076584865e2f10a7ec
[2m2025-12-10T10:19:13.087466Z[0m [34mDEBUG[0m [2methereum_transaction_pool_monitor::eth_client[0m[2m:[0m 📨 Received WebSocket message: {"jsonrpc":"2.0","method":"eth_subscription","params":{"subscription":"0xbed0a0851463e895960a451075a301a9","result":"0x847fbbce2c5c101bf03dfb8daeba9564724739841dc7c431a7f5a1fc05e0d6f3"}}
[2m2025-12-10T10:19:13.087470Z[0m [34mDEBUG[0m [2methereum_transaction_pool_monitor::eth_client[0m[2m:[0m 📨 Received pending transaction: 0x847fbbce2c5c101bf03dfb8daeba9564724739841dc7c431a7f5a1fc05e0d6f3
[2m2025-12-10T10:19:13.087474Z[0m [34mDEBUG[0m [2methereum_transaction_pool_monitor::eth_client[0m[2m:[0m 📨 Received WebSocket message: {"jsonrpc":"2.0","method":"eth_subscription","params":{"subscription":"0xbed0a0851463e895960a451075a301a9","result":"0xe308f5012ef162b53fa5af4d4d37bc78dbbf56af567f1142867d440267de9e1c"}}
[2m2025-12-10T10:19:13.087478Z[0m [34mDEBUG[0m [2methereum_transaction_pool_monitor::eth_client[0m[2m:[0m 📨 Received pending transaction: 0xe308f5012ef162b53fa5af4d4d37bc78dbbf56af567f1142867d440267de9e1c
[2m2025-12-10T10:19:13.087482Z[0m [34mDEBUG[0m [2methereum_transaction_pool_monitor::eth_client[0m[2m:[0m 📨 Received WebSocket message: {"jsonrpc":"2.0","method":"eth_subscription","params":{"subscription":"0xbed0a0851463e895960a451075a301a9","result":"0xb8e9018df9a7b9842dba137db62f873629eb294c664eb5f72bb17089c60ec76f"}}
[2m2025-12-10T10:19:13.087486Z[0m [34mDEBUG[0m [2methereum_transaction_pool_monitor::eth_client[0m[2m:[0m 📨 Received pending transaction: 0xb8e9018df9a7b9842dba137db62f873629eb294c664eb5f72bb17089c60ec76f
[2m2025-12-10T10:19:13.087490Z[0m [34mDEBUG[0m [2methereum_transaction_pool_monitor::eth_client[0m[2m:[0m 📨 Received WebSocket message: {"jsonrpc":"2.0","method":"eth_subscription","params":{"subscription":"0xbed0a0851463e895960a451075a301a9","result":"0x6650db60b432b516834ca161b8b82f216ffaebcc21a1f00e9f0a7cc494fab458"}}
[2m2025-12-10T10:19:13.087494Z[0m [34mDEBUG[0m [2methereum_transaction_pool_monitor::eth_client[0m[2m:[0m 📨 Received pending transaction: 0x6650db60b432b516834ca161b8b82f216ffaebcc21a1f00e9f0a7cc494fab458
[2m2025-12-10T10:19:13.087498Z[0m [34mDEBUG[0m [2methereum_transaction_pool_monitor::eth_client[0m[2m:[0m 📨 Received WebSocket message: {"jsonrpc":"2.0","method":"eth_subscription","params":{"subscription":"0xbed0a0851463e895960a451075a301a9","result":"0xd8c2c46b467383d0abb67e3eb3966ac6f2b2ca2114180fa5a63837c9571e6073"}}
[2m2025-12-10T10:19:13.087502Z[0m [34mDEBUG[0m [2methereum_transaction_pool_monitor::eth_client[0m[2m:[0m 📨 Received pending transaction: 0xd8c2c46b467383d0abb67e3eb3966ac6f2b2ca2114180fa5a63837c9571e6073
[2m2025-12-10T10:19:13.087506Z[0m [34mDEBUG[0m [2methereum_transaction_pool_monitor::eth_client[0m[2m:[0m 📨 Received WebSocket message: {"jsonrpc":"2.0","method":"eth_subscription","params":{"subscription":"0xbed0a0851463e895960a451075a301a9","result":"0x8e7cf57b962aa1eb1379fa6348fc5acc6629e0be471bcbfb9d933700962c54cd"}}
[2m2025-12-10T10:19:13.087510Z[0m [34mDEBUG[0m [2methereum_transaction_pool_monitor::eth_client[0m[2m:[0m 📨 Received pending transaction: 0x8e7cf57b962aa1eb1379fa6348fc5acc6629e0be471bcbfb9d933700962c54cd
[2m2025-12-10T10:19:13.087514Z[0m [34mDEBUG[0m [2methereum_transaction_pool_monitor::eth_client[0m[2m:[0m 📨 Received WebSocket message: {"jsonrpc":"2.0","method":"eth_subscription","params":{"subscription":"0xbed0a0851463e895960a451075a301a9","result":"0xedf91bffa2aee0440a302b4559b43cfc962e61f5abe0cc8dc5923a69972cd52c"}}
[2m2025-12-10T10:19:13.087519Z[0m [34mDEBUG[0m [2methereum_transaction_pool_monitor::eth_client[0m[2m:[0m 📨 Received pending transaction: 0xedf91bffa2aee0440a302b4559b43cfc962e61f5abe0cc8dc5923a69972cd52c
[2m2025-12-10T10:19:13.087536Z[0m [34mDEBUG[0m [2methereum_transaction_pool_monitor::eth_client[0m[2m:[0m 📨 Received WebSocket message: {"jsonrpc":"2.0","method":"eth_subscription","params":{"subscription":"0xbed0a0851463e895960a451075a301a9","result":"0xab4f130db5cdd4328864f57a42c520ada5b611210c35faba87dcff2c71f10edd"}}
[2m2025-12-10T10:19:13.087541Z[0m [34mDEBUG[0m [2methereum_transaction_pool_monitor::eth_client[0m[2m:[0m 📨 Received pending transaction: 0xab4f130db5cdd4328864f57a42c520ada5b611210c35faba87dcff2c71f10edd
[2m2025-12-10T10:19:13.087545Z[0m [34mDEBUG[0m [2methereum_transaction_pool_monitor::eth_client[0m[2m:[0m 📨 Received WebSocket message: {"jsonrpc":"2.0","method":"eth_subscription","params":{"subscription":"0xbed0a0851463e895960a451075a301a9","result":"0xebb79d016fff038e231538d375ff32697240d0fbff053d1a6cd29e98ba88d31e"}}
[2m2025-12-10T10:19:13.087549Z[0m [34mDEBUG[0m [2methereum_transaction_pool_monitor::eth_client[0m[2m:[0m 📨 Received pending transaction: 0xebb79d016fff038e231538d375ff32697240d0fbff053d1a6cd29e98ba88d31e
[2m2025-12-10T10:19:13.087553Z[0m [34mDEBUG[0m [2methereum_transaction_pool_monitor::eth_client[0m[2m:[0m 📨 Received WebSocket message: {"jsonrpc":"2.0","method":"eth_subscription","params":{"subscription":"0xbed0a0851463e895960a451075a301a9","result":"0x3a0ee868a4fab2b1c12a29cf6f76bcbb40b50fc42e507881cb0d3a40dedb5c9f"}}
[2m2025-12-10T10:19:13.087557Z[0m [34mDEBUG[0m [2methereum_transaction_pool_monitor::eth_client[0m[2m:[0m 📨 Received pending transaction: 0x3a0ee868a4fab2b1c12a29cf6f76bcbb40b50fc42e507881cb0d3a40dedb5c9f
[2m2025-12-10T10:19:13.087561Z[0m [34mDEBUG[0m [2methereum_transaction_pool_monitor::eth_client[0m[2m:[0m 📨 Received WebSocket message: {"jsonrpc":"2.0","method":"eth_subscription","params":{"subscription":"0xbed0a0851463e895960a451075a301a9","result":"0x2c174cc9cabf9c9a590e52bea3e7088fed9561905bf6e511f82aee28ed8284ae"}}
[2m2025-12-10T10:19:13.087565Z[0m [34mDEBUG[0m [2methereum_transaction_pool_monitor::eth_client[0m[2m:[0m 📨 Received pending transaction: 0x2c174cc9cabf9c9a590e52bea3e7088fed9561905bf6e511f82aee28ed8284ae
[2m2025-12-10T10:19:13.087569Z[0m [34mDEBUG[0m [2methereum_transaction_pool_monitor::eth_client[0m[2m:[0m 📨 Received WebSocket message: {"jsonrpc":"2.0","method":"eth_subscription","params":{"subscription":"0xbed0a0851463e895960a451075a301a9","result":"0x105a1817c417763bd8013597cb337c60cf8b211e5ee6e8dc35dddb2f2faf562e"}}
[2m2025-12-10T10:19:13.087573Z[0m [34mDEBUG[0m [2methereum_transaction_pool_monitor::eth_client[0m[2m:[0m 📨 Received pending transaction: 0x105a1817c417763bd8013597cb337c60cf8b211e5ee6e8dc35dddb2f2faf562e
[2m2025-12-10T10:19:13.087577Z[0m [34mDEBUG[0m [2methereum_transaction_pool_monitor::eth_client[0m[2m:[0m 📨 Received WebSocket message: {"jsonrpc":"2.0","method":"eth_subscription","params":{"subscription":"0xbed0a0851463e895960a451075a301a9","result":"0x5068e3932018b02ae06bc96d8bfb11f29a96adee248a7bafd3c484fb02978b61"}}
[2m2025-12-10T10:19:13.087582Z[0m [34mDEBUG[0m [2methereum_transaction_pool_monitor::eth_client[0m[2m:[0m 📨 Received pending transaction: 0x5068e3932018b02ae06bc96d8bfb11f29a96adee248a7bafd3c484fb02978b61
[2m2025-12-10T10:19:13.087585Z[0m [34mDEBUG[0m [2methereum_transaction_pool_monitor::eth_client[0m[2m:[0m 📨 Received WebSocket message: {"jsonrpc":"2.0","method":"eth_subscription","params":{"subscription":"0xbed0a0851463e895960a451075a301a9","result":"0xc603edf66680b3f3247d70c00e3b32468f9a5d871be8939e7c7afe9021803b3c"}}
[2m2025-12-10T10:19:13.087589Z[0m [34mDEBUG[0m [2methereum_transaction_pool_monitor::eth_client[0m[2m:[0m 📨 Received pending transaction: 0xc603edf66680b3f3247d70c00e3b32468f9a5d871be8939e7c7afe9021803b3c
[2m2025-12-10T10:19:13.087593Z[0m [34mDEBUG[0m [2methereum_transaction_pool_monitor::eth_client[0m[2m:[0m 📨 Received WebSocket message: {"jsonrpc":"2.0","method":"eth_subscription","params":{"subscription":"0xbed0a0851463e895960a451075a301a9","result":"0x641539bfadbd18a826bcb81610ead5a7e1a410f53b49bef271cc99fd16ad674e"}}
[2m2025-12-10T10:19:13.087597Z[0m [34mDEBUG[0m [2methereum_transaction_pool_monitor::eth_client[0m[2m:[0m 📨 Received pending transaction: 0x641539bfadbd18a826bcb81610ead5a7e1a410f53b49bef271cc99fd16ad674e
[2m2025-12-10T10:19:13.087601Z[0m [34mDEBUG[0m [2methereum_transaction_pool_monitor::eth_client[0m[2m:[0m 📨 Received WebSocket message: {"jsonrpc":"2.0","method":"eth_subscription","params":{"subscription":"0xbed0a0851463e895960a451075a301a9","result":"0x7c7df5d2419a935a9334402509da0c42ed025e2d65baaf995ddf9495924ec277"}}
[2m2025-12-10T10:19:13.102530Z[0m [34mDEBUG[0m [2methereum_transaction_pool_monitor::eth_client[0m[2m:[0m 📨 Received pending transaction: 0x7c7df5d2419a935a9334402509da0c42ed025e2d65baaf995ddf9495924ec277
[2m2025-12-10T10:19:13.104623Z[0m [34mDEBUG[0m [2methereum_transaction_pool_monitor::eth_client[0m[2m:[0m 📨 Received WebSocket message: {"jsonrpc":"2.0","method":"eth_subscription","params":{"subscription":"0xbed0a0851463e895960a451075a301a9","result":"0xcc7faff0f92731d882b0e869781c6abf2a832b0165721c7124552eb737ce00d6"}}
[2m2025-12-10T10:19:13.109167Z[0m [34mDEBUG[0m [2methereum_transaction_pool_monitor::eth_client[0m[2m:[0m 📨 Received pending transaction: 0xcc7faff0f92731d882b0e869781c6abf2a832b0165721c7124552eb737ce00d6
[2m2025-12-10T10:19:13.111201Z[0m [34mDEBUG[0m [2mhyper::proto::h1::io[0m[2m:[0m parsed 4 headers
[2m2025-12-10T10:19:13.111210Z[0m [34mDEBUG[0m [2mhyper::proto::h1::conn[0m[2m:[0m incoming body is content-length (45 bytes)
[2m2025-12-10T10:19:13.111222Z[0m [34mDEBUG[0m [2mhyper::proto::h1::conn[0m[2m:[0m incoming body completed
[2m2025-12-10T10:19:13.111238Z[0m [34mDEBUG[0m [2mhyper::client::pool[0m[2m:[0m pooling idle connection for ("http", 192.168.0.14:8545)
[2m2025-12-10T10:19:13.111272Z[0m [34mDEBUG[0m [2mhyper::client::pool[0m[2m:[0m reuse idle connection for ("http", 192.168.0.14:8545)
[2m2025-12-10T10:19:13.111306Z[0m [34mDEBUG[0m [2mhyper::proto::h1::io[0m[2m:[0m flushed 172 bytes
[2m2025-12-10T10:19:13.115191Z[0m [34mDEBUG[0m [2methereum_transaction_pool_monitor::eth_client[0m[2m:[0m 📨 Received WebSocket message: {"jsonrpc":"2.0","method":"eth_subscription","params":{"subscription":"0xbed0a0851463e895960a451075a301a9","result":"0xc5b57d90a2464b707a1df0b693c2068cc741c9438e700d026ddd7d1e9d1ba5a8"}}
[2m2025-12-10T10:19:13.119701Z[0m [34mDEBUG[0m [2methereum_transaction_pool_monitor::eth_client[0m[2m:[0m 📨 Received pending transaction: 0xc5b57d90a2464b707a1df0b693c2068cc741c9438e700d026ddd7d1e9d1ba5a8
[2m2025-12-10T10:19:13.119717Z[0m [34mDEBUG[0m [2mhyper::proto::h1::io[0m[2m:[0m parsed 4 headers
[2m2025-12-10T10:19:13.119749Z[0m [34mDEBUG[0m [2mhyper::proto::h1::conn[0m[2m:[0m incoming body is content-length (45 bytes)
[2m2025-12-10T10:19:13.119757Z[0m [34mDEBUG[0m [2mhyper::proto::h1::conn[0m[2m:[0m incoming body completed
[2m2025-12-10T10:19:13.119764Z[0m [34mDEBUG[0m [2mhyper::client::pool[0m[2m:[0m pooling idle connection for ("http", 192.168.0.14:8545)
[2m2025-12-10T10:19:13.119781Z[0m [34mDEBUG[0m [2mhyper::client::pool[0m[2m:[0m reuse idle connection for ("http", 192.168.0.14:8545)
[2m2025-12-10T10:19:13.119807Z[0m [34mDEBUG[0m [2mhyper::proto::h1::io[0m[2m:[0m flushed 172 bytes
[2m2025-12-10T10:19:13.122639Z[0m [34mDEBUG[0m [2mhyper::proto::h1::io[0m[2m:[0m parsed 4 headers
[2m2025-12-10T10:19:13.122644Z[0m [34mDEBUG[0m [2mhyper::proto::h1::conn[0m[2m:[0m incoming body is content-length (45 bytes)
[2m2025-12-10T10:19:13.122649Z[0m [34mDEBUG[0m [2mhyper::proto::h1::conn[0m[2m:[0m incoming body completed
[2m2025-12-10T10:19:13.122655Z[0m [34mDEBUG[0m [2mhyper::client::pool[0m[2m:[0m pooling idle connection for ("http", 192.168.0.14:8545)
[2m2025-12-10T10:19:13.122667Z[0m [34mDEBUG[0m [2mhyper::client::pool[0m[2m:[0m reuse idle connection for ("http", 192.168.0.14:8545)
[2m2025-12-10T10:19:13.122682Z[0m [34mDEBUG[0m [2mhyper::proto::h1::io[0m[2m:[0m flushed 172 bytes
[2m2025-12-10T10:19:13.127499Z[0m [34mDEBUG[0m [2mhyper::proto::h1::io[0m[2m:[0m parsed 4 headers
[2m2025-12-10T10:19:13.127504Z[0m [34mDEBUG[0m [2mhyper::proto::h1::conn[0m[2m:[0m incoming body is content-length (45 bytes)
[2m2025-12-10T10:19:13.127511Z[0m [34mDEBUG[0m [2mhyper::proto::h1::conn[0m[2m:[0m incoming body completed
[2m2025-12-10T10:19:13.127517Z[0m [34mDEBUG[0m [2mhyper::client::pool[0m[2m:[0m pooling idle connection for ("http", 192.168.0.14:8545)
[2m2025-12-10T10:19:13.127537Z[0m [34mDEBUG[0m [2mhyper::client::pool[0m[2m:[0m reuse idle connection for ("http", 192.168.0.14:8545)
[2m2025-12-10T10:19:13.127554Z[0m [34mDEBUG[0m [2mhyper::proto::h1::io[0m[2m:[0m flushed 172 bytes
[2m2025-12-10T10:19:13.142967Z[0m [34mDEBUG[0m [2mhyper::proto::h1::io[0m[2m:[0m parsed 4 headers
[2m2025-12-10T10:19:13.142981Z[0m [34mDEBUG[0m [2mhyper::proto::h1::conn[0m[2m:[0m incoming body is content-length (45 bytes)
[2m2025-12-10T10:19:13.142990Z[0m [34mDEBUG[0m [2mhyper::proto::h1::conn[0m[2m:[0m incoming body completed
[2m2025-12-10T10:19:13.143006Z[0m [34mDEBUG[0m [2mhyper::client::pool[0m[2m:[0m pooling idle connection for ("http", 192.168.0.14:8545)
[2m2025-12-10T10:19:13.143084Z[0m [34mDEBUG[0m [2mhyper::client::pool[0m[2m:[0m reuse idle connection for ("http", 192.168.0.14:8545)
[2m2025-12-10T10:19:13.143179Z[0m [34mDEBUG[0m [2mhyper::proto::h1::io[0m[2m:[0m flushed 172 bytes
[2m2025-12-10T10:19:13.146543Z[0m [34mDEBUG[0m [2mhyper::proto::h1::io[0m[2m:[0m parsed 4 headers
[2m2025-12-10T10:19:13.146550Z[0m [34mDEBUG[0m [2mhyper::proto::h1::conn[0m[2m:[0m incoming body is content-length (45 bytes)
[2m2025-12-10T10:19:13.146556Z[0m [34mDEBUG[0m [2mhyper::proto::h1::conn[0m[2m:[0m incoming body completed
[2m2025-12-10T10:19:13.146561Z[0m [34mDEBUG[0m [2mhyper::client::pool[0m[2m:[0m pooling idle connection for ("http", 192.168.0.14:8545)
[2m2025-12-10T10:19:13.146577Z[0m [34mDEBUG[0m [2mhyper::client::pool[0m[2m:[0m reuse idle connection for ("http", 192.168.0.14:8545)
[2m2025-12-10T10:19:13.146594Z[0m [34mDEBUG[0m [2mhyper::proto::h1::io[0m[2m:[0m flushed 172 bytes
[2m2025-12-10T10:19:13.150271Z[0m [34mDEBUG[0m [2mhyper::proto::h1::io[0m[2m:[0m parsed 4 headers
[2m2025-12-10T10:19:13.150292Z[0m [34mDEBUG[0m [2mhyper::proto::h1::conn[0m[2m:[0m incoming body is content-length (45 bytes)
[2m2025-12-10T10:19:13.150346Z[0m [34mDEBUG[0m [2mhyper::proto::h1::conn[0m[2m:[0m incoming body completed
[2m2025-12-10T10:19:13.150354Z[0m [34mDEBUG[0m [2mhyper::client::pool[0m[2m:[0m pooling idle connection for ("http", 192.168.0.14:8545)
[2m2025-12-10T10:19:13.150373Z[0m [34mDEBUG[0m [2mhyper::client::pool[0m[2m:[0m reuse idle connection for ("http", 192.168.0.14:8545)
[2m2025-12-10T10:19:13.150387Z[0m [34mDEBUG[0m [2mhyper::proto::h1::io[0m[2m:[0m flushed 172 bytes
[2m2025-12-10T10:19:13.155555Z[0m [34mDEBUG[0m [2mhyper::proto::h1::io[0m[2m:[0m parsed 4 headers
[2m2025-12-10T10:19:13.155562Z[0m [34mDEBUG[0m [2mhyper::proto::h1::conn[0m[2m:[0m incoming body is content-length (45 bytes)
[2m2025-12-10T10:19:13.155567Z[0m [34mDEBUG[0m [2mhyper::proto::h1::conn[0m[2m:[0m incoming body completed
[2m2025-12-10T10:19:13.155572Z[0m [34mDEBUG[0m [2mhyper::client::pool[0m[2m:[0m pooling idle connection for ("http", 192.168.0.14:8545)
[2m2025-12-10T10:19:13.155584Z[0m [34mDEBUG[0m [2mhyper::client::pool[0m[2m:[0m reuse idle connection for ("http", 192.168.0.14:8545)
[2m2025-12-10T10:19:13.155598Z[0m [34mDEBUG[0m [2mhyper::proto::h1::io[0m[2m:[0m flushed 172 bytes
[2m2025-12-10T10:19:13.161422Z[0m [34mDEBUG[0m [2mhyper::proto::h1::io[0m[2m:[0m parsed 4 headers
[2m2025-12-10T10:19:13.161427Z[0m [34mDEBUG[0m [2mhyper::proto::h1::conn[0m[2m:[0m incoming body is content-length (45 bytes)
[2m2025-12-10T10:19:13.161433Z[0m [34mDEBUG[0m [2mhyper::proto::h1::conn[0m[2m:[0m incoming body completed
[2m2025-12-10T10:19:13.161438Z[0m [34mDEBUG[0m [2mhyper::client::pool[0m[2m:[0m pooling idle connection for ("http", 192.168.0.14:8545)
[2m2025-12-10T10:19:13.161449Z[0m [34mDEBUG[0m [2mhyper::client::pool[0m[2m:[0m reuse idle connection for ("http", 192.168.0.14:8545)
[2m2025-12-10T10:19:13.161462Z[0m [34mDEBUG[0m [2mhyper::proto::h1::io[0m[2m:[0m flushed 172 bytes
[2m2025-12-10T10:19:13.167577Z[0m [34mDEBUG[0m [2mhyper::proto::h1::io[0m[2m:[0m parsed 4 headers
[2m2025-12-10T10:19:13.167584Z[0m [34mDEBUG[0m [2mhyper::proto::h1::conn[0m[2m:[0m incoming body is content-length (45 bytes)
[2m2025-12-10T10:19:13.167589Z[0m [34mDEBUG[0m [2mhyper::proto::h1::conn[0m[2m:[0m incoming body completed
[2m2025-12-10T10:19:13.167596Z[0m [34mDEBUG[0m [2mhyper::client::pool[0m[2m:[0m pooling idle connection for ("http", 192.168.0.14:8545)
[2m2025-12-10T10:19:13.167609Z[0m [34mDEBUG[0m [2mhyper::client::pool[0m[2m:[0m reuse idle connection for ("http", 192.168.0.14:8545)
[2m2025-12-10T10:19:13.167626Z[0m [34mDEBUG[0m [2mhyper::proto::h1::io[0m[2m:[0m flushed 172 bytes
[2m2025-12-10T10:19:13.173790Z[0m [34mDEBUG[0m [2mhyper::proto::h1::io[0m[2m:[0m parsed 4 headers
[2m2025-12-10T10:19:13.173797Z[0m [34mDEBUG[0m [2mhyper::proto::h1::conn[0m[2m:[0m incoming body is content-length (45 bytes)
[2m2025-12-10T10:19:13.173802Z[0m [34mDEBUG[0m [2mhyper::proto::h1::conn[0m[2m:[0m incoming body completed
[2m2025-12-10T10:19:13.173807Z[0m [34mDEBUG[0m [2mhyper::client::pool[0m[2m:[0m pooling idle connection for ("http", 192.168.0.14:8545)
[2m2025-12-10T10:19:13.173818Z[0m [34mDEBUG[0m [2mhyper::client::pool[0m[2m:[0m reuse idle connection for ("http", 192.168.0.14:8545)
[2m2025-12-10T10:19:13.173832Z[0m [34mDEBUG[0m [2mhyper::proto::h1::io[0m[2m:[0m flushed 172 bytes
[2m2025-12-10T10:19:13.180283Z[0m [34mDEBUG[0m [2mhyper::proto::h1::io[0m[2m:[0m parsed 4 headers
[2m2025-12-10T10:19:13.180290Z[0m [34mDEBUG[0m [2mhyper::proto::h1::conn[0m[2m:[0m incoming body is content-length (45 bytes)
[2m2025-12-10T10:19:13.180295Z[0m [34mDEBUG[0m [2mhyper::proto::h1::conn[0m[2m:[0m incoming body completed
[2m2025-12-10T10:19:13.180300Z[0m [34mDEBUG[0m [2mhyper::client::pool[0m[2m:[0m pooling idle connection for ("http", 192.168.0.14:8545)
[2m2025-12-10T10:19:13.180313Z[0m [34mDEBUG[0m [2mhyper::client::pool[0m[2m:[0m reuse idle connection for ("http", 192.168.0.14:8545)
[2m2025-12-10T10:19:13.180329Z[0m [34mDEBUG[0m [2mhyper::proto::h1::io[0m[2m:[0m flushed 172 bytes
[2m2025-12-10T10:19:13.185892Z[0m [34mDEBUG[0m [2mhyper::proto::h1::io[0m[2m:[0m parsed 4 headers
[2m2025-12-10T10:19:13.185897Z[0m [34mDEBUG[0m [2mhyper::proto::h1::conn[0m[2m:[0m incoming body is content-length (45 bytes)
[2m2025-12-10T10:19:13.185902Z[0m [34mDEBUG[0m [2mhyper::proto::h1::conn[0m[2m:[0m incoming body completed
[2m2025-12-10T10:19:13.185908Z[0m [34mDEBUG[0m [2mhyper::client::pool[0m[2m:[0m pooling idle connection for ("http", 192.168.0.14:8545)
[2m2025-12-10T10:19:13.185919Z[0m [34mDEBUG[0m [2mhyper::client::pool[0m[2m:[0m reuse idle connection for ("http", 192.168.0.14:8545)
[2m2025-12-10T10:19:13.185933Z[0m [34mDEBUG[0m [2mhyper::proto::h1::io[0m[2m:[0m flushed 172 bytes
[2m2025-12-10T10:19:13.192678Z[0m [34mDEBUG[0m [2mhyper::proto::h1::io[0m[2m:[0m parsed 4 headers
[2m2025-12-10T10:19:13.192685Z[0m [34mDEBUG[0m [2mhyper::proto::h1::conn[0m[2m:[0m incoming body is content-length (45 bytes)
[2m2025-12-10T10:19:13.192690Z[0m [34mDEBUG[0m [2mhyper::proto::h1::conn[0m[2m:[0m incoming body completed
[2m2025-12-10T10:19:13.192696Z[0m [34mDEBUG[0m [2mhyper::client::pool[0m[2m:[0m pooling idle connection for ("http", 192.168.0.14:8545)
[2m2025-12-10T10:19:13.192706Z[0m [34mDEBUG[0m [2mhyper::client::pool[0m[2m:[0m reuse idle connection for ("http", 192.168.0.14:8545)
[2m2025-12-10T10:19:13.192722Z[0m [34mDEBUG[0m [2mhyper::proto::h1::io[0m[2m:[0m flushed 172 bytes
[2m2025-12-10T10:19:13.198309Z[0m [34mDEBUG[0m [2mhyper::proto::h1::io[0m[2m:[0m parsed 4 headers
[2m2025-12-10T10:19:13.198317Z[0m [34mDEBUG[0m [2mhyper::proto::h1::conn[0m[2m:[0m incoming body is content-length (45 bytes)
[2m2025-12-10T10:19:13.198322Z[0m [34mDEBUG[0m [2mhyper::proto::h1::conn[0m[2m:[0m incoming body completed
[2m2025-12-10T10:19:13.198328Z[0m [34mDEBUG[0m [2mhyper::client::pool[0m[2m:[0m pooling idle connection for ("http", 192.168.0.14:8545)
[2m2025-12-10T10:19:13.198342Z[0m [34mDEBUG[0m [2mhyper::client::pool[0m[2m:[0m reuse idle connection for ("http", 192.168.0.14:8545)
[2m2025-12-10T10:19:13.198360Z[0m [34mDEBUG[0m [2mhyper::proto::h1::io[0m[2m:[0m flushed 172 bytes
[2m2025-12-10T10:19:13.206515Z[0m [34mDEBUG[0m [2mhyper::proto::h1::io[0m[2m:[0m parsed 4 headers
[2m2025-12-10T10:19:13.206529Z[0m [34mDEBUG[0m [2mhyper::proto::h1::conn[0m[2m:[0m incoming body is content-length (45 bytes)
[2m2025-12-10T10:19:13.206535Z[0m [34mDEBUG[0m [2mhyper::proto::h1::conn[0m[2m:[0m incoming body completed
[2m2025-12-10T10:19:13.206541Z[0m [34mDEBUG[0m [2mhyper::client::pool[0m[2m:[0m pooling idle connection for ("http", 192.168.0.14:8545)
[2m2025-12-10T10:19:13.206644Z[0m [34mDEBUG[0m [2mhyper::client::pool[0m[2m:[0m reuse idle connection for ("http", 192.168.0.14:8545)
[2m2025-12-10T10:19:13.206663Z[0m [34mDEBUG[0m [2mhyper::proto::h1::io[0m[2m:[0m flushed 172 bytes
[2m2025-12-10T10:19:13.212002Z[0m [34mDEBUG[0m [2mhyper::proto::h1::io[0m[2m:[0m parsed 4 headers
[2m2025-12-10T10:19:13.212009Z[0m [34mDEBUG[0m [2mhyper::proto::h1::conn[0m[2m:[0m incoming body is content-length (45 bytes)
[2m2025-12-10T10:19:13.212015Z[0m [34mDEBUG[0m [2mhyper::proto::h1::conn[0m[2m:[0m incoming body completed
[2m2025-12-10T10:19:13.212024Z[0m [34mDEBUG[0m [2mhyper::client::pool[0m[2m:[0m pooling idle connection for ("http", 192.168.0.14:8545)
[2m2025-12-10T10:19:13.212043Z[0m [34mDEBUG[0m [2mhyper::client::pool[0m[2m:[0m reuse idle connection for ("http", 192.168.0.14:8545)
[2m2025-12-10T10:19:13.212083Z[0m [34mDEBUG[0m [2mhyper::proto::h1::io[0m[2m:[0m flushed 172 bytes
[2m2025-12-10T10:19:13.216668Z[0m [34mDEBUG[0m [2mhyper::proto::h1::io[0m[2m:[0m parsed 4 headers
[2m2025-12-10T10:19:13.216674Z[0m [34mDEBUG[0m [2mhyper::proto::h1::conn[0m[2m:[0m incoming body is content-length (45 bytes)
[2m2025-12-10T10:19:13.216678Z[0m [34mDEBUG[0m [2mhyper::proto::h1::conn[0m[2m:[0m incoming body completed
[2m2025-12-10T10:19:13.216683Z[0m [34mDEBUG[0m [2mhyper::client::pool[0m[2m:[0m pooling idle connection for ("http", 192.168.0.14:8545)
[2m2025-12-10T10:19:13.216692Z[0m [34mDEBUG[0m [2mhyper::client::pool[0m[2m:[0m reuse idle connection for ("http", 192.168.0.14:8545)
[2m2025-12-10T10:19:13.216706Z[0m [34mDEBUG[0m [2mhyper::proto::h1::io[0m[2m:[0m flushed 172 bytes
[2m2025-12-10T10:19:13.219957Z[0m [34mDEBUG[0m [2mhyper::proto::h1::io[0m[2m:[0m parsed 4 headers
[2m2025-12-10T10:19:13.219962Z[0m [34mDEBUG[0m [2mhyper::proto::h1::conn[0m[2m:[0m incoming body is content-length (45 bytes)
[2m2025-12-10T10:19:13.219967Z[0m [34mDEBUG[0m [2mhyper::proto::h1::conn[0m[2m:[0m incoming body completed
[2m2025-12-10T10:19:13.219972Z[0m [34mDEBUG[0m [2mhyper::client::pool[0m[2m:[0m pooling idle connection for ("http", 192.168.0.14:8545)
[2m2025-12-10T10:19:13.219984Z[0m [34mDEBUG[0m [2mhyper::client::pool[0m[2m:[0m reuse idle connection for ("http", 192.168.0.14:8545)
[2m2025-12-10T10:19:13.219999Z[0m [34mDEBUG[0m [2mhyper::proto::h1::io[0m[2m:[0m flushed 172 bytes
[2m2025-12-10T10:19:13.221316Z[0m [34mDEBUG[0m [2methereum_transaction_pool_monitor::eth_client[0m[2m:[0m 📨 Received WebSocket message: {"jsonrpc":"2.0","method":"eth_subscription","params":{"subscription":"0xbed0a0851463e895960a451075a301a9","result":"0x93017d3f2492e236609828b60592e4a3b9d5eacbf776f4fb61b8df95b87d80ca"}}
[2m2025-12-10T10:19:13.221325Z[0m [34mDEBUG[0m [2methereum_transaction_pool_monitor::eth_client[0m[2m:[0m 📨 Received pending transaction: 0x93017d3f2492e236609828b60592e4a3b9d5eacbf776f4fb61b8df95b87d80ca
[2m2025-12-10T10:19:13.223632Z[0m [34mDEBUG[0m [2mhyper::proto::h1::io[0m[2m:[0m parsed 4 headers
[2m2025-12-10T10:19:13.223639Z[0m [34mDEBUG[0m [2mhyper::proto::h1::conn[0m[2m:[0m incoming body is content-length (45 bytes)
[2m2025-12-10T10:19:13.223644Z[0m [34mDEBUG[0m [2mhyper::proto::h1::conn[0m[2m:[0m incoming body completed
[2m2025-12-10T10:19:13.223720Z[0m [34mDEBUG[0m [2mhyper::client::pool[0m[2m:[0m pooling idle connection for ("http", 192.168.0.14:8545)
[2m2025-12-10T10:19:13.223738Z[0m [34mDEBUG[0m [2mhyper::client::pool[0m[2m:[0m reuse idle connection for ("http", 192.168.0.14:8545)
[2m2025-12-10T10:19:13.223753Z[0m [34mDEBUG[0m [2mhyper::proto::h1::io[0m[2m:[0m flushed 172 bytes
[2m2025-12-10T10:19:13.242533Z[0m [34mDEBUG[0m [2mhyper::proto::h1::io[0m[2m:[0m parsed 4 headers
[2m2025-12-10T10:19:13.242543Z[0m [34mDEBUG[0m [2mhyper::proto::h1::conn[0m[2m:[0m incoming body is content-length (45 bytes)
[2m2025-12-10T10:19:13.242555Z[0m [34mDEBUG[0m [2mhyper::proto::h1::conn[0m[2m:[0m incoming body completed
[2m2025-12-10T10:19:13.242571Z[0m [34mDEBUG[0m [2mhyper::client::pool[0m[2m:[0m pooling idle connection for ("http", 192.168.0.14:8545)
[2m2025-12-10T10:19:13.242595Z[0m [34mDEBUG[0m [2mhyper::client::pool[0m[2m:[0m reuse idle connection for ("http", 192.168.0.14:8545)
[2m2025-12-10T10:19:13.242644Z[0m [34mDEBUG[0m [2mhyper::proto::h1::io[0m[2m:[0m flushed 172 bytes
[2m2025-12-10T10:19:13.245575Z[0m [34mDEBUG[0m [2mhyper::proto::h1::io[0m[2m:[0m parsed 4 headers
[2m2025-12-10T10:19:13.245581Z[0m [34mDEBUG[0m [2mhyper::proto::h1::conn[0m[2m:[0m incoming body is content-length (45 bytes)
[2m2025-12-10T10:19:13.245587Z[0m [34mDEBUG[0m [2mhyper::proto::h1::conn[0m[2m:[0m incoming body completed
[2m2025-12-10T10:19:13.245594Z[0m [34mDEBUG[0m [2mhyper::client::pool[0m[2m:[0m pooling idle connection for ("http", 192.168.0.14:8545)
[2m2025-12-10T10:19:13.245609Z[0m [34mDEBUG[0m [2mhyper::client::pool[0m[2m:[0m reuse idle connection for ("http", 192.168.0.14:8545)
[2m2025-12-10T10:19:13.245624Z[0m [34mDEBUG[0m [2mhyper::proto::h1::io[0m[2m:[0m flushed 172 bytes
[2m2025-12-10T10:19:13.249181Z[0m [34mDEBUG[0m [2mhyper::proto::h1::io[0m[2m:[0m parsed 4 headers
[2m2025-12-10T10:19:13.257460Z[0m [34mDEBUG[0m [2mhyper::proto::h1::conn[0m[2m:[0m incoming body is content-length (45 bytes)
[2m2025-12-10T10:19:13.257478Z[0m [34mDEBUG[0m [2mhyper::proto::h1::conn[0m[2m:[0m incoming body completed
[2m2025-12-10T10:19:13.257493Z[0m [34mDEBUG[0m [2mhyper::client::pool[0m[2m:[0m pooling idle connection for ("http", 192.168.0.14:8545)
[2m2025-12-10T10:19:13.257522Z[0m [34mDEBUG[0m [2mhyper::client::pool[0m[2m:[0m reuse idle connection for ("http", 192.168.0.14:8545)
[2m2025-12-10T10:19:13.257570Z[0m [34mDEBUG[0m [2mhyper::proto::h1::io[0m[2m:[0m flushed 172 bytes
[2m2025-12-10T10:19:13.260590Z[0m [34mDEBUG[0m [2mhyper::proto::h1::io[0m[2m:[0m parsed 4 headers
[2m2025-12-10T10:19:13.260595Z[0m [34mDEBUG[0m [2mhyper::proto::h1::conn[0m[2m:[0m incoming body is content-length (45 bytes)
[2m2025-12-10T10:19:13.260600Z[0m [34mDEBUG[0m [2mhyper::proto::h1::conn[0m[2m:[0m incoming body completed
[2m2025-12-10T10:19:13.260605Z[0m [34mDEBUG[0m [2mhyper::client::pool[0m[2m:[0m pooling idle connection for ("http", 192.168.0.14:8545)
[2m2025-12-10T10:19:13.260620Z[0m [34mDEBUG[0m [2mhyper::client::pool[0m[2m:[0m reuse idle connection for ("http", 192.168.0.14:8545)
[2m2025-12-10T10:19:13.260635Z[0m [34mDEBUG[0m [2mhyper::proto::h1::io[0m[2m:[0m flushed 172 bytes
[2m2025-12-10T10:19:13.301845Z[0m [34mDEBUG[0m [2methereum_transaction_pool_monitor::eth_client[0m[2m:[0m 📨 Received WebSocket message: {"jsonrpc":"2.0","method":"eth_subscription","params":{"subscription":"0xbed0a0851463e895960a451075a301a9","result":"0x9e0237e590a072b0821fc6b36bd9b63e465a070e16b0c028309a8347fcf1eeaf"}}
[2m2025-12-10T10:19:13.301882Z[0m [34mDEBUG[0m [2methereum_transaction_pool_monitor::eth_client[0m[2m:[0m 📨 Received pending transaction: 0x9e0237e590a072b0821fc6b36bd9b63e465a070e16b0c028309a8347fcf1eeaf
[2m2025-12-10T10:19:13.301897Z[0m [34mDEBUG[0m [2methereum_transaction_pool_monitor::eth_client[0m[2m:[0m 📨 Received WebSocket message: {"jsonrpc":"2.0","method":"eth_subscription","params":{"subscription":"0xbed0a0851463e895960a451075a301a9","result":"0x485f6911bc9a80568a237330a31ae78bf274f9ae1412b2302f884016a476f7e7"}}
[2m2025-12-10T10:19:13.301921Z[0m [34mDEBUG[0m [2methereum_transaction_pool_monitor::eth_client[0m[2m:[0m 📨 Received pending transaction: 0x485f6911bc9a80568a237330a31ae78bf274f9ae1412b2302f884016a476f7e7
[2m2025-12-10T10:19:13.301931Z[0m [34mDEBUG[0m [2methereum_transaction_pool_monitor::eth_client[0m[2m:[0m 📨 Received WebSocket message: {"jsonrpc":"2.0","method":"eth_subscription","params":{"subscription":"0xbed0a0851463e895960a451075a301a9","result":"0x03c6c1ca557bb89c3847f73c34aa309629a206f875a79df347d427e28d520b11"}}
[2m2025-12-10T10:19:13.301942Z[0m [34mDEBUG[0m [2methereum_transaction_pool_monitor::eth_client[0m[2m:[0m 📨 Received pending transaction: 0x03c6c1ca557bb89c3847f73c34aa309629a206f875a79df347d427e28d520b11
[2m2025-12-10T10:19:13.301951Z[0m [34mDEBUG[0m [2methereum_transaction_pool_monitor::eth_client[0m[2m:[0m 📨 Received WebSocket message: {"jsonrpc":"2.0","method":"eth_subscription","params":{"subscription":"0xbed0a0851463e895960a451075a301a9","result":"0x883f621c15998ee8be588c83598bf1f8c0a1947bb44e7d6201db242fd570863a"}}
[2m2025-12-10T10:19:13.301961Z[0m [34mDEBUG[0m [2methereum_transaction_pool_monitor::eth_client[0m[2m:[0m 📨 Received pending transaction: 0x883f621c15998ee8be588c83598bf1f8c0a1947bb44e7d6201db242fd570863a
[2m2025-12-10T10:19:13.306610Z[0m [34mDEBUG[0m [2mhyper::proto::h1::io[0m[2m:[0m parsed 4 headers
[2m2025-12-10T10:19:13.306648Z[0m [34mDEBUG[0m [2mhyper::proto::h1::conn[0m[2m:[0m incoming body is content-length (45 bytes)
[2m2025-12-10T10:19:13.306665Z[0m [34mDEBUG[0m [2mhyper::proto::h1::conn[0m[2m:[0m incoming body completed
[2m2025-12-10T10:19:13.306687Z[0m [34mDEBUG[0m [2mhyper::client::pool[0m[2m:[0m pooling idle connection for ("http", 192.168.0.14:8545)
[2m2025-12-10T10:19:13.306738Z[0m [34mDEBUG[0m [2mhyper::client::pool[0m[2m:[0m reuse idle connection for ("http", 192.168.0.14:8545)
[2m2025-12-10T10:19:13.306789Z[0m [34mDEBUG[0m [2mhyper::proto::h1::io[0m[2m:[0m flushed 172 bytes
[2m2025-12-10T10:19:13.311940Z[0m [34mDEBUG[0m [2mhyper::proto::h1::io[0m[2m:[0m parsed 4 headers
[2m2025-12-10T10:19:13.311973Z[0m [34mDEBUG[0m [2mhyper::proto::h1::conn[0m[2m:[0m incoming body is content-length (45 bytes)
[2m2025-12-10T10:19:13.311989Z[0m [34mDEBUG[0m [2mhyper::proto::h1::conn[0m[2m:[0m incoming body completed
[2m2025-12-10T10:19:13.312009Z[0m [34mDEBUG[0m [2mhyper::client::pool[0m[2m:[0m pooling idle connection for ("http", 192.168.0.14:8545)
[2m2025-12-10T10:19:13.312055Z[0m [34mDEBUG[0m [2mhyper::client::pool[0m[2m:[0m reuse idle connection for ("http", 192.168.0.14:8545)
[2m2025-12-10T10:19:13.312109Z[0m [34mDEBUG[0m [2mhyper::proto::h1::io[0m[2m:[0m flushed 172 bytes
[2m2025-12-10T10:19:13.318566Z[0m [34mDEBUG[0m [2mhyper::proto::h1::io[0m[2m:[0m parsed 4 headers
[2m2025-12-10T10:19:13.318604Z[0m [34mDEBUG[0m [2mhyper::proto::h1::conn[0m[2m:[0m incoming body is content-length (45 bytes)
[2m2025-12-10T10:19:13.318621Z[0m [34mDEBUG[0m [2mhyper::proto::h1::conn[0m[2m:[0m incoming body completed
[2m2025-12-10T10:19:13.318642Z[0m [34mDEBUG[0m [2mhyper::client::pool[0m[2m:[0m pooling idle connection for ("http", 192.168.0.14:8545)
[2m2025-12-10T10:19:13.318689Z[0m [34mDEBUG[0m [2mhyper::client::pool[0m[2m:[0m reuse idle connection for ("http", 192.168.0.14:8545)
[2m2025-12-10T10:19:13.318745Z[0m [34mDEBUG[0m [2mhyper::proto::h1::io[0m[2m:[0m flushed 172 bytes
[2m2025-12-10T10:19:13.323143Z[0m [34mDEBUG[0m [2mhyper::proto::h1::io[0m[2m:[0m parsed 4 headers
[2m2025-12-10T10:19:13.323178Z[0m [34mDEBUG[0m [2mhyper::proto::h1::conn[0m[2m:[0m incoming body is content-length (45 bytes)
[2m2025-12-10T10:19:13.323195Z[0m [34mDEBUG[0m [2mhyper::proto::h1::conn[0m[2m:[0m incoming body completed
[2m2025-12-10T10:19:13.323215Z[0m [34mDEBUG[0m [2mhyper::client::pool[0m[2m:[0m pooling idle connection for ("http", 192.168.0.14:8545)
[2m2025-12-10T10:19:13.323264Z[0m [34mDEBUG[0m [2mhyper::client::pool[0m[2m:[0m reuse idle connection for ("http", 192.168.0.14:8545)
[2m2025-12-10T10:19:13.323320Z[0m [34mDEBUG[0m [2mhyper::proto::h1::io[0m[2m:[0m flushed 172 bytes
[2m2025-12-10T10:19:13.326882Z[0m [34mDEBUG[0m [2mhyper::proto::h1::io[0m[2m:[0m parsed 4 headers
[2m2025-12-10T10:19:13.326914Z[0m [34mDEBUG[0m [2mhyper::proto::h1::conn[0m[2m:[0m incoming body is content-length (45 bytes)
[2m2025-12-10T10:19:13.326946Z[0m [34mDEBUG[0m [2mhyper::proto::h1::conn[0m[2m:[0m incoming body completed
[2m2025-12-10T10:19:13.326967Z[0m [34mDEBUG[0m [2mhyper::client::pool[0m[2m:[0m pooling idle connection for ("http", 192.168.0.14:8545)
[2m2025-12-10T10:19:13.327016Z[0m [34mDEBUG[0m [2mhyper::client::pool[0m[2m:[0m reuse idle connection for ("http", 192.168.0.14:8545)
[2m2025-12-10T10:19:13.327074Z[0m [34mDEBUG[0m [2mhyper::proto::h1::io[0m[2m:[0m flushed 172 bytes
[2m2025-12-10T10:19:13.331994Z[0m [34mDEBUG[0m [2mhyper::proto::h1::io[0m[2m:[0m parsed 4 headers
[2m2025-12-10T10:19:13.332035Z[0m [34mDEBUG[0m [2mhyper::proto::h1::conn[0m[2m:[0m incoming body is content-length (45 bytes)
[2m2025-12-10T10:19:13.332053Z[0m [34mDEBUG[0m [2mhyper::proto::h1::conn[0m[2m:[0m incoming body completed
[2m2025-12-10T10:19:13.332075Z[0m [34mDEBUG[0m [2mhyper::client::pool[0m[2m:[0m pooling idle connection for ("http", 192.168.0.14:8545)
[2m2025-12-10T10:19:13.332120Z[0m [34mDEBUG[0m [2mhyper::client::pool[0m[2m:[0m reuse idle connection for ("http", 192.168.0.14:8545)
[2m2025-12-10T10:19:13.332186Z[0m [34mDEBUG[0m [2mhyper::proto::h1::io[0m[2m:[0m flushed 172 bytes
[2m2025-12-10T10:19:13.336002Z[0m [34mDEBUG[0m [2mhyper::proto::h1::io[0m[2m:[0m parsed 4 headers
[2m2025-12-10T10:19:13.336043Z[0m [34mDEBUG[0m [2mhyper::proto::h1::conn[0m[2m:[0m incoming body is content-length (45 bytes)
[2m2025-12-10T10:19:13.336061Z[0m [34mDEBUG[0m [2mhyper::proto::h1::conn[0m[2m:[0m incoming body completed
[2m2025-12-10T10:19:13.336084Z[0m [34mDEBUG[0m [2mhyper::client::pool[0m[2m:[0m pooling idle connection for ("http", 192.168.0.14:8545)
[2m2025-12-10T10:19:13.336132Z[0m [34mDEBUG[0m [2mhyper::client::pool[0m[2m:[0m reuse idle connection for ("http", 192.168.0.14:8545)
[2m2025-12-10T10:19:13.336197Z[0m [34mDEBUG[0m [2mhyper::proto::h1::io[0m[2m:[0m flushed 172 bytes
[2m2025-12-10T10:19:13.347166Z[0m [34mDEBUG[0m [2mhyper::proto::h1::io[0m[2m:[0m parsed 4 headers
[2m2025-12-10T10:19:13.347188Z[0m [34mDEBUG[0m [2mhyper::proto::h1::conn[0m[2m:[0m incoming body is content-length (45 bytes)
[2m2025-12-10T10:19:13.347198Z[0m [34mDEBUG[0m [2mhyper::proto::h1::conn[0m[2m:[0m incoming body completed
[2m2025-12-10T10:19:13.347211Z[0m [34mDEBUG[0m [2mhyper::client::pool[0m[2m:[0m pooling idle connection for ("http", 192.168.0.14:8545)
[2m2025-12-10T10:19:13.347238Z[0m [34mDEBUG[0m [2mhyper::client::pool[0m[2m:[0m reuse idle connection for ("http", 192.168.0.14:8545)
[2m2025-12-10T10:19:13.347308Z[0m [34mDEBUG[0m [2mhyper::proto::h1::io[0m[2m:[0m flushed 172 bytes
[2m2025-12-10T10:19:13.351754Z[0m [34mDEBUG[0m [2mhyper::proto::h1::io[0m[2m:[0m parsed 4 headers
[2m2025-12-10T10:19:13.351791Z[0m [34mDEBUG[0m [2mhyper::proto::h1::conn[0m[2m:[0m incoming body is content-length (45 bytes)
[2m2025-12-10T10:19:13.351817Z[0m [34mDEBUG[0m [2mhyper::proto::h1::conn[0m[2m:[0m incoming body completed
[2m2025-12-10T10:19:13.351830Z[0m [34mDEBUG[0m [2mhyper::client::pool[0m[2m:[0m pooling idle connection for ("http", 192.168.0.14:8545)
[2m2025-12-10T10:19:13.351860Z[0m [34mDEBUG[0m [2mhyper::client::pool[0m[2m:[0m reuse idle connection for ("http", 192.168.0.14:8545)
[2m2025-12-10T10:19:13.351888Z[0m [34mDEBUG[0m [2mhyper::proto::h1::io[0m[2m:[0m flushed 172 bytes
[2m2025-12-10T10:19:13.357979Z[0m [34mDEBUG[0m [2mhyper::proto::h1::io[0m[2m:[0m parsed 4 headers
[2m2025-12-10T10:19:13.358026Z[0m [34mDEBUG[0m [2mhyper::proto::h1::conn[0m[2m:[0m incoming body is content-length (45 bytes)
[2m2025-12-10T10:19:13.358046Z[0m [34mDEBUG[0m [2mhyper::proto::h1::conn[0m[2m:[0m incoming body completed
[2m2025-12-10T10:19:13.358070Z[0m [34mDEBUG[0m [2mhyper::client::pool[0m[2m:[0m pooling idle connection for ("http", 192.168.0.14:8545)
[2m2025-12-10T10:19:13.358133Z[0m [34mDEBUG[0m [2mhyper::client::pool[0m[2m:[0m reuse idle connection for ("http", 192.168.0.14:8545)
[2m2025-12-10T10:19:13.358242Z[0m [34mDEBUG[0m [2mhyper::proto::h1::io[0m[2m:[0m flushed 172 bytes
[2m2025-12-10T10:19:13.363848Z[0m [34mDEBUG[0m [2mhyper::proto::h1::io[0m[2m:[0m parsed 4 headers
[2m2025-12-10T10:19:13.363885Z[0m [34mDEBUG[0m [2mhyper::proto::h1::conn[0m[2m:[0m incoming body is content-length (45 bytes)
[2m2025-12-10T10:19:13.363902Z[0m [34mDEBUG[0m [2mhyper::proto::h1::conn[0m[2m:[0m incoming body completed
[2m2025-12-10T10:19:13.363923Z[0m [34mDEBUG[0m [2mhyper::client::pool[0m[2m:[0m pooling idle connection for ("http", 192.168.0.14:8545)
[2m2025-12-10T10:19:13.363971Z[0m [34mDEBUG[0m [2mhyper::client::pool[0m[2m:[0m reuse idle connection for ("http", 192.168.0.14:8545)
[2m2025-12-10T10:19:13.364025Z[0m [34mDEBUG[0m [2mhyper::proto::h1::io[0m[2m:[0m flushed 172 bytes
[2m2025-12-10T10:19:13.368035Z[0m [34mDEBUG[0m [2mhyper::proto::h1::io[0m[2m:[0m parsed 4 headers
[2m2025-12-10T10:19:13.368070Z[0m [34mDEBUG[0m [2mhyper::proto::h1::conn[0m[2m:[0m incoming body is content-length (45 bytes)
[2m2025-12-10T10:19:13.368087Z[0m [34mDEBUG[0m [2mhyper::proto::h1::conn[0m[2m:[0m incoming body completed
[2m2025-12-10T10:19:13.368119Z[0m [34mDEBUG[0m [2mhyper::client::pool[0m[2m:[0m pooling idle connection for ("http", 192.168.0.14:8545)
[2m2025-12-10T10:19:13.368195Z[0m [34mDEBUG[0m [2mhyper::client::pool[0m[2m:[0m reuse idle connection for ("http", 192.168.0.14:8545)
[2m2025-12-10T10:19:13.368272Z[0m [34mDEBUG[0m [2mhyper::proto::h1::io[0m[2m:[0m flushed 172 bytes
[2m2025-12-10T10:19:13.372149Z[0m [34mDEBUG[0m [2mhyper::proto::h1::io[0m[2m:[0m parsed 4 headers
[2m2025-12-10T10:19:13.372177Z[0m [34mDEBUG[0m [2mhyper::proto::h1::conn[0m[2m:[0m incoming body is content-length (45 bytes)
[2m2025-12-10T10:19:13.372196Z[0m [34mDEBUG[0m [2mhyper::proto::h1::conn[0m[2m:[0m incoming body completed
[2m2025-12-10T10:19:13.372217Z[0m [34mDEBUG[0m [2mhyper::client::pool[0m[2m:[0m pooling idle connection for ("http", 192.168.0.14:8545)
[2m2025-12-10T10:19:13.372273Z[0m [34mDEBUG[0m [2mhyper::client::pool[0m[2m:[0m reuse idle connection for ("http", 192.168.0.14:8545)
[2m2025-12-10T10:19:13.372324Z[0m [34mDEBUG[0m [2mhyper::proto::h1::io[0m[2m:[0m flushed 172 bytes
[2m2025-12-10T10:19:13.377731Z[0m [34mDEBUG[0m [2mhyper::proto::h1::io[0m[2m:[0m parsed 4 headers
[2m2025-12-10T10:19:13.377756Z[0m [34mDEBUG[0m [2mhyper::proto::h1::conn[0m[2m:[0m incoming body is content-length (45 bytes)
[2m2025-12-10T10:19:13.377792Z[0m [34mDEBUG[0m [2mhyper::proto::h1::conn[0m[2m:[0m incoming body completed
[2m2025-12-10T10:19:13.377814Z[0m [34mDEBUG[0m [2mhyper::client::pool[0m[2m:[0m pooling idle connection for ("http", 192.168.0.14:8545)
[2m2025-12-10T10:19:13.377863Z[0m [34mDEBUG[0m [2mhyper::client::pool[0m[2m:[0m reuse idle connection for ("http", 192.168.0.14:8545)
[2m2025-12-10T10:19:13.377921Z[0m [34mDEBUG[0m [2mhyper::proto::h1::io[0m[2m:[0m flushed 172 bytes
[2m2025-12-10T10:19:13.384016Z[0m [34mDEBUG[0m [2mhyper::proto::h1::io[0m[2m:[0m parsed 4 headers
[2m2025-12-10T10:19:13.384046Z[0m [34mDEBUG[0m [2mhyper::proto::h1::conn[0m[2m:[0m incoming body is content-length (45 bytes)
[2m2025-12-10T10:19:13.384065Z[0m [34mDEBUG[0m [2mhyper::proto::h1::conn[0m[2m:[0m incoming body completed
[2m2025-12-10T10:19:13.394328Z[0m [34mDEBUG[0m [2mhyper::client::pool[0m[2m:[0m pooling idle connection for ("http", 192.168.0.14:8545)
[2m2025-12-10T10:19:13.394483Z[0m [34mDEBUG[0m [2mhyper::client::pool[0m[2m:[0m reuse idle connection for ("http", 192.168.0.14:8545)
[2m2025-12-10T10:19:13.394590Z[0m [34mDEBUG[0m [2mhyper::proto::h1::io[0m[2m:[0m flushed 172 bytes
[2m2025-12-10T10:19:13.403596Z[0m [34mDEBUG[0m [2mhyper::proto::h1::io[0m[2m:[0m parsed 4 headers
[2m2025-12-10T10:19:13.403623Z[0m [34mDEBUG[0m [2mhyper::proto::h1::conn[0m[2m:[0m incoming body is content-length (45 bytes)
[2m2025-12-10T10:19:13.403640Z[0m [34mDEBUG[0m [2mhyper::proto::h1::conn[0m[2m:[0m incoming body completed
[2m2025-12-10T10:19:13.403661Z[0m [34mDEBUG[0m [2mhyper::client::pool[0m[2m:[0m pooling idle connection for ("http", 192.168.0.14:8545)
[2m2025-12-10T10:19:13.403729Z[0m [34mDEBUG[0m [2mhyper::client::pool[0m[2m:[0m reuse idle connection for ("http", 192.168.0.14:8545)
[2m2025-12-10T10:19:13.403778Z[0m [34mDEBUG[0m [2mhyper::proto::h1::io[0m[2m:[0m flushed 172 bytes
[2m2025-12-10T10:19:13.409385Z[0m [34mDEBUG[0m [2mhyper::proto::h1::io[0m[2m:[0m parsed 4 headers
[2m2025-12-10T10:19:13.409411Z[0m [34mDEBUG[0m [2mhyper::proto::h1::conn[0m[2m:[0m incoming body is content-length (45 bytes)
[2m2025-12-10T10:19:13.409428Z[0m [34mDEBUG[0m [2mhyper::proto::h1::conn[0m[2m:[0m incoming body completed
[2m2025-12-10T10:19:13.409448Z[0m [34mDEBUG[0m [2mhyper::client::pool[0m[2m:[0m pooling idle connection for ("http", 192.168.0.14:8545)
[2m2025-12-10T10:19:13.409492Z[0m [34mDEBUG[0m [2mhyper::client::pool[0m[2m:[0m reuse idle connection for ("http", 192.168.0.14:8545)
[2m2025-12-10T10:19:13.409531Z[0m [34mDEBUG[0m [2mhyper::proto::h1::io[0m[2m:[0m flushed 172 bytes
[2m2025-12-10T10:19:13.414171Z[0m [34mDEBUG[0m [2mhyper::proto::h1::io[0m[2m:[0m parsed 4 headers
[2m2025-12-10T10:19:13.414203Z[0m [34mDEBUG[0m [2mhyper::proto::h1::conn[0m[2m:[0m incoming body is content-length (45 bytes)
[2m2025-12-10T10:19:13.414571Z[0m [34mDEBUG[0m [2mhyper::proto::h1::conn[0m[2m:[0m incoming body completed
[2m2025-12-10T10:19:13.414603Z[0m [34mDEBUG[0m [2mhyper::client::pool[0m[2m:[0m pooling idle connection for ("http", 192.168.0.14:8545)
[2m2025-12-10T10:19:13.415043Z[0m [34mDEBUG[0m [2mhyper::client::pool[0m[2m:[0m reuse idle connection for ("http", 192.168.0.14:8545)
[2m2025-12-10T10:19:13.415457Z[0m [34mDEBUG[0m [2mhyper::proto::h1::io[0m[2m:[0m flushed 172 bytes
[2m2025-12-10T10:19:13.421069Z[0m [34mDEBUG[0m [2mhyper::proto::h1::io[0m[2m:[0m parsed 4 headers
[2m2025-12-10T10:19:13.421090Z[0m [34mDEBUG[0m [2mhyper::proto::h1::conn[0m[2m:[0m incoming body is content-length (45 bytes)
[2m2025-12-10T10:19:13.421105Z[0m [34mDEBUG[0m [2mhyper::proto::h1::conn[0m[2m:[0m incoming body completed
[2m2025-12-10T10:19:13.421127Z[0m [34mDEBUG[0m [2mhyper::client::pool[0m[2m:[0m pooling idle connection for ("http", 192.168.0.14:8545)
[2m2025-12-10T10:19:13.421170Z[0m [34mDEBUG[0m [2mhyper::client::pool[0m[2m:[0m reuse idle connection for ("http", 192.168.0.14:8545)
[2m2025-12-10T10:19:13.421215Z[0m [34mDEBUG[0m [2mhyper::proto::h1::io[0m[2m:[0m flushed 172 bytes
[2m2025-12-10T10:19:13.428047Z[0m [34mDEBUG[0m [2mhyper::proto::h1::io[0m[2m:[0m parsed 4 headers
[2m2025-12-10T10:19:13.428071Z[0m [34mDEBUG[0m [2mhyper::proto::h1::conn[0m[2m:[0m incoming body is content-length (45 bytes)
[2m2025-12-10T10:19:13.428087Z[0m [34mDEBUG[0m [2mhyper::proto::h1::conn[0m[2m:[0m incoming body completed
[2m2025-12-10T10:19:13.428108Z[0m [34mDEBUG[0m [2mhyper::client::pool[0m[2m:[0m pooling idle connection for ("http", 192.168.0.14:8545)
[2m2025-12-10T10:19:13.428157Z[0m [34mDEBUG[0m [2mhyper::client::pool[0m[2m:[0m reuse idle connection for ("http", 192.168.0.14:8545)
[2m2025-12-10T10:19:13.428206Z[0m [34mDEBUG[0m [2mhyper::proto::h1::io[0m[2m:[0m flushed 172 bytes
[2m2025-12-10T10:19:13.435914Z[0m [34mDEBUG[0m [2mhyper::proto::h1::io[0m[2m:[0m parsed 4 headers
[2m2025-12-10T10:19:13.439657Z[0m [34mDEBUG[0m [2mhyper::proto::h1::conn[0m[2m:[0m incoming body is content-length (45 bytes)
[2m2025-12-10T10:19:13.439695Z[0m [34mDEBUG[0m [2mhyper::proto::h1::conn[0m[2m:[0m incoming body completed
[2m2025-12-10T10:19:13.439721Z[0m [34mDEBUG[0m [2mhyper::client::pool[0m[2m:[0m pooling idle connection for ("http", 192.168.0.14:8545)
[2m2025-12-10T10:19:13.439768Z[0m [34mDEBUG[0m [2mhyper::client::pool[0m[2m:[0m reuse idle connection for ("http", 192.168.0.14:8545)
[2m2025-12-10T10:19:13.439821Z[0m [34mDEBUG[0m [2mhyper::proto::h1::io[0m[2m:[0m flushed 172 bytes
[2m2025-12-10T10:19:13.445669Z[0m [34mDEBUG[0m [2mhyper::proto::h1::io[0m[2m:[0m parsed 4 headers
[2m2025-12-10T10:19:13.445703Z[0m [34mDEBUG[0m [2mhyper::proto::h1::conn[0m[2m:[0m incoming body is content-length (45 bytes)
[2m2025-12-10T10:19:13.445722Z[0m [34mDEBUG[0m [2mhyper::proto::h1::conn[0m[2m:[0m incoming body completed
[2m2025-12-10T10:19:13.445745Z[0m [34mDEBUG[0m [2mhyper::client::pool[0m[2m:[0m pooling idle connection for ("http", 192.168.0.14:8545)
[2m2025-12-10T10:19:13.445793Z[0m [34mDEBUG[0m [2mhyper::client::pool[0m[2m:[0m reuse idle connection for ("http", 192.168.0.14:8545)
[2m2025-12-10T10:19:13.445845Z[0m [34mDEBUG[0m [2mhyper::proto::h1::io[0m[2m:[0m flushed 172 bytes
[2m2025-12-10T10:19:13.449639Z[0m [34mDEBUG[0m [2mhyper::proto::h1::io[0m[2m:[0m parsed 4 headers
[2m2025-12-10T10:19:13.449671Z[0m [34mDEBUG[0m [2mhyper::proto::h1::conn[0m[2m:[0m incoming body is content-length (45 bytes)
[2m2025-12-10T10:19:13.449689Z[0m [34mDEBUG[0m [2mhyper::proto::h1::conn[0m[2m:[0m incoming body completed
[2m2025-12-10T10:19:13.449711Z[0m [34mDEBUG[0m [2mhyper::client::pool[0m[2m:[0m pooling idle connection for ("http", 192.168.0.14:8545)
[2m2025-12-10T10:19:13.449762Z[0m [34mDEBUG[0m [2mhyper::client::pool[0m[2m:[0m reuse idle connection for ("http", 192.168.0.14:8545)
[2m2025-12-10T10:19:13.449815Z[0m [34mDEBUG[0m [2mhyper::proto::h1::io[0m[2m:[0m flushed 172 bytes
[2m2025-12-10T10:19:13.453589Z[0m [34mDEBUG[0m [2mhyper::proto::h1::io[0m[2m:[0m parsed 4 headers
[2m2025-12-10T10:19:13.453615Z[0m [34mDEBUG[0m [2mhyper::proto::h1::conn[0m[2m:[0m incoming body is content-length (45 bytes)
[2m2025-12-10T10:19:13.453632Z[0m [34mDEBUG[0m [2mhyper::proto::h1::conn[0m[2m:[0m incoming body completed
[2m2025-12-10T10:19:13.453653Z[0m [34mDEBUG[0m [2mhyper::client::pool[0m[2m:[0m pooling idle connection for ("http", 192.168.0.14:8545)
[2m2025-12-10T10:19:13.453843Z[0m [34mDEBUG[0m [2mhyper::client::pool[0m[2m:[0m reuse idle connection for ("http", 192.168.0.14:8545)
[2m2025-12-10T10:19:13.454800Z[0m [34mDEBUG[0m [2mhyper::proto::h1::io[0m[2m:[0m flushed 172 bytes
[2m2025-12-10T10:19:13.461930Z[0m [34mDEBUG[0m [2mhyper::proto::h1::io[0m[2m:[0m parsed 4 headers
[2m2025-12-10T10:19:13.461963Z[0m [34mDEBUG[0m [2mhyper::proto::h1::conn[0m[2m:[0m incoming body is content-length (45 bytes)
[2m2025-12-10T10:19:13.461991Z[0m [34mDEBUG[0m [2mhyper::proto::h1::conn[0m[2m:[0m incoming body completed
[2m2025-12-10T10:19:13.462020Z[0m [34mDEBUG[0m [2mhyper::client::pool[0m[2m:[0m pooling idle connection for ("http", 192.168.0.14:8545)
[2m2025-12-10T10:19:13.462075Z[0m [34mDEBUG[0m [2mhyper::client::pool[0m[2m:[0m reuse idle connection for ("http", 192.168.0.14:8545)
[2m2025-12-10T10:19:13.462128Z[0m [34mDEBUG[0m [2mhyper::proto::h1::io[0m[2m:[0m flushed 172 bytes
[2m2025-12-10T10:19:13.466700Z[0m [34mDEBUG[0m [2mhyper::proto::h1::io[0m[2m:[0m parsed 4 headers
[2m2025-12-10T10:19:13.466729Z[0m [34mDEBUG[0m [2mhyper::proto::h1::conn[0m[2m:[0m incoming body is content-length (45 bytes)
[2m2025-12-10T10:19:13.466745Z[0m [34mDEBUG[0m [2mhyper::proto::h1::conn[0m[2m:[0m incoming body completed
[2m2025-12-10T10:19:13.466765Z[0m [34mDEBUG[0m [2mhyper::client::pool[0m[2m:[0m pooling idle connection for ("http", 192.168.0.14:8545)
[2m2025-12-10T10:19:13.466809Z[0m [34mDEBUG[0m [2mhyper::client::pool[0m[2m:[0m reuse idle connection for ("http", 192.168.0.14:8545)
[2m2025-12-10T10:19:13.466850Z[0m [34mDEBUG[0m [2mhyper::proto::h1::io[0m[2m:[0m flushed 172 bytes
[2m2025-12-10T10:19:13.472651Z[0m [34mDEBUG[0m [2mhyper::proto::h1::io[0m[2m:[0m parsed 4 headers
[2m2025-12-10T10:19:13.472693Z[0m [34mDEBUG[0m [2mhyper::proto::h1::conn[0m[2m:[0m incoming body is content-length (45 bytes)
[2m2025-12-10T10:19:13.472711Z[0m [34mDEBUG[0m [2mhyper::proto::h1::conn[0m[2m:[0m incoming body completed
[2m2025-12-10T10:19:13.472733Z[0m [34mDEBUG[0m [2mhyper::client::pool[0m[2m:[0m pooling idle connection for ("http", 192.168.0.14:8545)
[2m2025-12-10T10:19:13.472783Z[0m [34mDEBUG[0m [2mhyper::client::pool[0m[2m:[0m reuse idle connection for ("http", 192.168.0.14:8545)
[2m2025-12-10T10:19:13.472841Z[0m [34mDEBUG[0m [2mhyper::proto::h1::io[0m[2m:[0m flushed 172 bytes
[2m2025-12-10T10:19:13.476623Z[0m [34mDEBUG[0m [2mhyper::proto::h1::io[0m[2m:[0m parsed 4 headers
[2m2025-12-10T10:19:13.476653Z[0m [34mDEBUG[0m [2mhyper::proto::h1::conn[0m[2m:[0m incoming body is content-length (45 bytes)
[2m2025-12-10T10:19:13.476670Z[0m [34mDEBUG[0m [2mhyper::proto::h1::conn[0m[2m:[0m incoming body completed
[2m2025-12-10T10:19:13.476689Z[0m [34mDEBUG[0m [2mhyper::client::pool[0m[2m:[0m pooling idle connection for ("http", 192.168.0.14:8545)
[2m2025-12-10T10:19:13.476736Z[0m [34mDEBUG[0m [2mhyper::client::pool[0m[2m:[0m reuse idle connection for ("http", 192.168.0.14:8545)
[2m2025-12-10T10:19:13.476984Z[0m [34mDEBUG[0m [2mhyper::proto::h1::io[0m[2m:[0m flushed 172 bytes
[2m2025-12-10T10:19:13.480711Z[0m [34mDEBUG[0m [2mhyper::proto::h1::io[0m[2m:[0m parsed 4 headers
[2m2025-12-10T10:19:13.481788Z[0m [34mDEBUG[0m [2mhyper::proto::h1::conn[0m[2m:[0m incoming body is content-length (45 bytes)
[2m2025-12-10T10:19:13.481809Z[0m [34mDEBUG[0m [2mhyper::proto::h1::conn[0m[2m:[0m incoming body completed
[2m2025-12-10T10:19:13.481842Z[0m [34mDEBUG[0m [2mhyper::client::pool[0m[2m:[0m pooling idle connection for ("http", 192.168.0.14:8545)
[2m2025-12-10T10:19:13.481887Z[0m [34mDEBUG[0m [2mhyper::client::pool[0m[2m:[0m reuse idle connection for ("http", 192.168.0.14:8545)
[2m2025-12-10T10:19:13.481954Z[0m [34mDEBUG[0m [2mhyper::proto::h1::io[0m[2m:[0m flushed 172 bytes
[2m2025-12-10T10:19:13.512761Z[0m [34mDEBUG[0m [2mhyper::proto::h1::io[0m[2m:[0m parsed 4 headers
[2m2025-12-10T10:19:13.512802Z[0m [34mDEBUG[0m [2mhyper::proto::h1::conn[0m[2m:[0m incoming body is content-length (45 bytes)
[2m2025-12-10T10:19:13.512820Z[0m [34mDEBUG[0m [2mhyper::proto::h1::conn[0m[2m:[0m incoming body completed
[2m2025-12-10T10:19:13.512842Z[0m [34mDEBUG[0m [2mhyper::client::pool[0m[2m:[0m pooling idle connection for ("http", 192.168.0.14:8545)
[2m2025-12-10T10:19:13.512892Z[0m [34mDEBUG[0m [2mhyper::client::pool[0m[2m:[0m reuse idle connection for ("http", 192.168.0.14:8545)
[2m2025-12-10T10:19:13.512939Z[0m [34mDEBUG[0m [2mhyper::proto::h1::io[0m[2m:[0m flushed 172 bytes
[2m2025-12-10T10:19:13.512943Z[0m [34mDEBUG[0m [2methereum_transaction_pool_monitor::eth_client[0m[2m:[0m 📨 Received WebSocket message: {"jsonrpc":"2.0","method":"eth_subscription","params":{"subscription":"0xbed0a0851463e895960a451075a301a9","result":"0x7f1424cc1bee78cde942aba508180b01dc5d7fe3516cc3abdd04e0cdac76e825"}}
[2m2025-12-10T10:19:13.512969Z[0m [34mDEBUG[0m [2methereum_transaction_pool_monitor::eth_client[0m[2m:[0m 📨 Received pending transaction: 0x7f1424cc1bee78cde942aba508180b01dc5d7fe3516cc3abdd04e0cdac76e825
[2m2025-12-10T10:19:13.517926Z[0m [34mDEBUG[0m [2mhyper::proto::h1::io[0m[2m:[0m parsed 4 headers
[2m2025-12-10T10:19:13.517966Z[0m [34mDEBUG[0m [2mhyper::proto::h1::conn[0m[2m:[0m incoming body is content-length (45 bytes)
[2m2025-12-10T10:19:13.517984Z[0m [34mDEBUG[0m [2mhyper::proto::h1::conn[0m[2m:[0m incoming body completed
[2m2025-12-10T10:19:13.518009Z[0m [34mDEBUG[0m [2mhyper::client::pool[0m[2m:[0m pooling idle connection for ("http", 192.168.0.14:8545)
[2m2025-12-10T10:19:13.518063Z[0m [34mDEBUG[0m [2mhyper::client::pool[0m[2m:[0m reuse idle connection for ("http", 192.168.0.14:8545)
[2m2025-12-10T10:19:13.518130Z[0m [34mDEBUG[0m [2mhyper::proto::h1::io[0m[2m:[0m flushed 172 bytes
[2m2025-12-10T10:19:13.524094Z[0m [34mDEBUG[0m [2mhyper::proto::h1::io[0m[2m:[0m parsed 4 headers
[2m2025-12-10T10:19:13.524134Z[0m [34mDEBUG[0m [2mhyper::proto::h1::conn[0m[2m:[0m incoming body is content-length (45 bytes)
[2m2025-12-10T10:19:13.524152Z[0m [34mDEBUG[0m [2mhyper::proto::h1::conn[0m[2m:[0m incoming body completed
[2m2025-12-10T10:19:13.524174Z[0m [34mDEBUG[0m [2mhyper::client::pool[0m[2m:[0m pooling idle connection for ("http", 192.168.0.14:8545)
[2m2025-12-10T10:19:13.524228Z[0m [34mDEBUG[0m [2mhyper::client::pool[0m[2m:[0m reuse idle connection for ("http", 192.168.0.14:8545)
[2m2025-12-10T10:19:13.524283Z[0m [34mDEBUG[0m [2mhyper::proto::h1::io[0m[2m:[0m flushed 172 bytes
[2m2025-12-10T10:19:13.536490Z[0m [34mDEBUG[0m [2mhyper::proto::h1::io[0m[2m:[0m parsed 4 headers
[2m2025-12-10T10:19:13.536529Z[0m [34mDEBUG[0m [2mhyper::proto::h1::conn[0m[2m:[0m incoming body is content-length (45 bytes)
[2m2025-12-10T10:19:13.536548Z[0m [34mDEBUG[0m [2mhyper::proto::h1::conn[0m[2m:[0m incoming body completed
[2m2025-12-10T10:19:13.536572Z[0m [34mDEBUG[0m [2mhyper::client::pool[0m[2m:[0m pooling idle connection for ("http", 192.168.0.14:8545)
[2m2025-12-10T10:19:13.536621Z[0m [34mDEBUG[0m [2mhyper::client::pool[0m[2m:[0m reuse idle connection for ("http", 192.168.0.14:8545)
[2m2025-12-10T10:19:13.537430Z[0m [34mDEBUG[0m [2mhyper::proto::h1::io[0m[2m:[0m flushed 172 bytes
[2m2025-12-10T10:19:13.664503Z[0m [34mDEBUG[0m [2mhyper::proto::h1::io[0m[2m:[0m parsed 4 headers
[2m2025-12-10T10:19:13.664557Z[0m [34mDEBUG[0m [2mhyper::proto::h1::conn[0m[2m:[0m incoming body is content-length (45 bytes)
[2m2025-12-10T10:19:13.664577Z[0m [34mDEBUG[0m [2mhyper::proto::h1::conn[0m[2m:[0m incoming body completed
[2m2025-12-10T10:19:13.664601Z[0m [34mDEBUG[0m [2mhyper::client::pool[0m[2m:[0m pooling idle connection for ("http", 192.168.0.14:8545)
[2m2025-12-10T10:19:13.664653Z[0m [34mDEBUG[0m [2mhyper::client::pool[0m[2m:[0m reuse idle connection for ("http", 192.168.0.14:8545)
[2m2025-12-10T10:19:13.664906Z[0m [34mDEBUG[0m [2mhyper::proto::h1::io[0m[2m:[0m flushed 172 bytes
[2m2025-12-10T10:19:13.699967Z[0m [34mDEBUG[0m [2methereum_transaction_pool_monitor::eth_client[0m[2m:[0m 📨 Received WebSocket message: {"jsonrpc":"2.0","method":"eth_subscription","params":{"subscription":"0xbed0a0851463e895960a451075a301a9","result":"0x9f5820113f1feb9f8a5b5a2e0501974474102fd3729e7d602971351765052414"}}
[2m2025-12-10T10:19:13.700014Z[0m [34mDEBUG[0m [2methereum_transaction_pool_monitor::eth_client[0m[2m:[0m 📨 Received pending transaction: 0x9f5820113f1feb9f8a5b5a2e0501974474102fd3729e7d602971351765052414
[2m2025-12-10T10:19:13.724960Z[0m [34mDEBUG[0m [2mhyper::proto::h1::io[0m[2m:[0m parsed 4 headers
[2m2025-12-10T10:19:13.725012Z[0m [34mDEBUG[0m [2mhyper::proto::h1::conn[0m[2m:[0m incoming body is content-length (45 bytes)
[2m2025-12-10T10:19:13.725075Z[0m [34mDEBUG[0m [2mhyper::proto::h1::conn[0m[2m:[0m incoming body completed
[2m2025-12-10T10:19:13.725103Z[0m [34mDEBUG[0m [2mhyper::client::pool[0m[2m:[0m pooling idle connection for ("http", 192.168.0.14:8545)
[2m2025-12-10T10:19:13.725183Z[0m [34mDEBUG[0m [2mhyper::client::pool[0m[2m:[0m reuse idle connection for ("http", 192.168.0.14:8545)
[2m2025-12-10T10:19:13.726327Z[0m [34mDEBUG[0m [2mhyper::proto::h1::io[0m[2m:[0m flushed 172 bytes
[2m2025-12-10T10:19:13.732414Z[0m [34mDEBUG[0m [2mhyper::proto::h1::io[0m[2m:[0m parsed 4 headers
[2m2025-12-10T10:19:13.732426Z[0m [34mDEBUG[0m [2mhyper::proto::h1::conn[0m[2m:[0m incoming body is content-length (45 bytes)
[2m2025-12-10T10:19:13.732437Z[0m [34mDEBUG[0m [2mhyper::proto::h1::conn[0m[2m:[0m incoming body completed
[2m2025-12-10T10:19:13.732594Z[0m [34mDEBUG[0m [2mhyper::client::pool[0m[2m:[0m pooling idle connection for ("http", 192.168.0.14:8545)
[2m2025-12-10T10:19:13.732630Z[0m [34mDEBUG[0m [2mhyper::client::pool[0m[2m:[0m reuse idle connection for ("http", 192.168.0.14:8545)
[2m2025-12-10T10:19:13.732664Z[0m [34mDEBUG[0m [2mhyper::proto::h1::io[0m[2m:[0m flushed 172 bytes
[2m2025-12-10T10:19:13.738266Z[0m [34mDEBUG[0m [2mhyper::proto::h1::io[0m[2m:[0m parsed 4 headers
[2m2025-12-10T10:19:13.738307Z[0m [34mDEBUG[0m [2mhyper::proto::h1::conn[0m[2m:[0m incoming body is content-length (45 bytes)
[2m2025-12-10T10:19:13.738327Z[0m [34mDEBUG[0m [2mhyper::proto::h1::conn[0m[2m:[0m incoming body completed
[2m2025-12-10T10:19:13.738338Z[0m [34mDEBUG[0m [2mhyper::client::pool[0m[2m:[0m pooling idle connection for ("http", 192.168.0.14:8545)
[2m2025-12-10T10:19:13.738365Z[0m [34mDEBUG[0m [2mhyper::client::pool[0m[2m:[0m reuse idle connection for ("http", 192.168.0.14:8545)
[2m2025-12-10T10:19:13.738386Z[0m [34mDEBUG[0m [2mhyper::proto::h1::io[0m[2m:[0m flushed 172 bytes
[2m2025-12-10T10:19:13.744815Z[0m [34mDEBUG[0m [2mhyper::proto::h1::io[0m[2m:[0m parsed 4 headers
[2m2025-12-10T10:19:13.744825Z[0m [34mDEBUG[0m [2mhyper::proto::h1::conn[0m[2m:[0m incoming body is content-length (45 bytes)
[2m2025-12-10T10:19:13.744832Z[0m [34mDEBUG[0m [2mhyper::proto::h1::conn[0m[2m:[0m incoming body completed
[2m2025-12-10T10:19:13.744841Z[0m [34mDEBUG[0m [2mhyper::client::pool[0m[2m:[0m pooling idle connection for ("http", 192.168.0.14:8545)
[2m2025-12-10T10:19:13.744864Z[0m [34mDEBUG[0m [2mhyper::client::pool[0m[2m:[0m reuse idle connection for ("http", 192.168.0.14:8545)
[2m2025-12-10T10:19:13.744884Z[0m [34mDEBUG[0m [2mhyper::proto::h1::io[0m[2m:[0m flushed 172 bytes
[2m2025-12-10T10:19:13.748687Z[0m [34mDEBUG[0m [2mhyper::proto::h1::io[0m[2m:[0m parsed 4 headers
[2m2025-12-10T10:19:13.748692Z[0m [34mDEBUG[0m [2mhyper::proto::h1::conn[0m[2m:[0m incoming body is content-length (45 bytes)
[2m2025-12-10T10:19:13.748698Z[0m [34mDEBUG[0m [2mhyper::proto::h1::conn[0m[2m:[0m incoming body completed
[2m2025-12-10T10:19:13.748705Z[0m [34mDEBUG[0m [2mhyper::client::pool[0m[2m:[0m pooling idle connection for ("http", 192.168.0.14:8545)
[2m2025-12-10T10:19:13.748722Z[0m [34mDEBUG[0m [2mhyper::client::pool[0m[2m:[0m reuse idle connection for ("http", 192.168.0.14:8545)
[2m2025-12-10T10:19:13.748738Z[0m [34mDEBUG[0m [2mhyper::proto::h1::io[0m[2m:[0m flushed 172 bytes
[2m2025-12-10T10:19:13.752713Z[0m [34mDEBUG[0m [2mhyper::proto::h1::io[0m[2m:[0m parsed 4 headers
[2m2025-12-10T10:19:13.752817Z[0m [34mDEBUG[0m [2mhyper::proto::h1::conn[0m[2m:[0m incoming body is content-length (45 bytes)
[2m2025-12-10T10:19:13.752830Z[0m [34mDEBUG[0m [2mhyper::proto::h1::conn[0m[2m:[0m incoming body completed
[2m2025-12-10T10:19:13.752846Z[0m [34mDEBUG[0m [2mhyper::client::pool[0m[2m:[0m pooling idle connection for ("http", 192.168.0.14:8545)
[2m2025-12-10T10:19:13.752871Z[0m [34mDEBUG[0m [2mhyper::client::pool[0m[2m:[0m reuse idle connection for ("http", 192.168.0.14:8545)
[2m2025-12-10T10:19:13.752948Z[0m [34mDEBUG[0m [2mhyper::proto::h1::io[0m[2m:[0m flushed 172 bytes
[2m2025-12-10T10:19:13.758435Z[0m [34mDEBUG[0m [2mhyper::proto::h1::io[0m[2m:[0m parsed 4 headers
[2m2025-12-10T10:19:13.759825Z[0m [34mDEBUG[0m [2mhyper::proto::h1::conn[0m[2m:[0m incoming body is content-length (45 bytes)
[2m2025-12-10T10:19:13.759835Z[0m [34mDEBUG[0m [2mhyper::proto::h1::conn[0m[2m:[0m incoming body completed
[2m2025-12-10T10:19:13.759846Z[0m [34mDEBUG[0m [2mhyper::client::pool[0m[2m:[0m pooling idle connection for ("http", 192.168.0.14:8545)
[2m2025-12-10T10:19:13.759870Z[0m [34mDEBUG[0m [2mhyper::client::pool[0m[2m:[0m reuse idle connection for ("http", 192.168.0.14:8545)
[2m2025-12-10T10:19:13.759939Z[0m [34mDEBUG[0m [2mhyper::proto::h1::io[0m[2m:[0m flushed 172 bytes
[2m2025-12-10T10:19:13.764826Z[0m [34mDEBUG[0m [2mhyper::proto::h1::io[0m[2m:[0m parsed 4 headers
[2m2025-12-10T10:19:13.764848Z[0m [34mDEBUG[0m [2mhyper::proto::h1::conn[0m[2m:[0m incoming body is content-length (45 bytes)
[2m2025-12-10T10:19:13.764862Z[0m [34mDEBUG[0m [2mhyper::proto::h1::conn[0m[2m:[0m incoming body completed
[2m2025-12-10T10:19:13.764881Z[0m [34mDEBUG[0m [2mhyper::client::pool[0m[2m:[0m pooling idle connection for ("http", 192.168.0.14:8545)
[2m2025-12-10T10:19:13.764931Z[0m [34mDEBUG[0m [2mhyper::client::pool[0m[2m:[0m reuse idle connection for ("http", 192.168.0.14:8545)
[2m2025-12-10T10:19:13.764981Z[0m [34mDEBUG[0m [2mhyper::proto::h1::io[0m[2m:[0m flushed 172 bytes
[2m2025-12-10T10:19:13.770953Z[0m [34mDEBUG[0m [2mhyper::proto::h1::io[0m[2m:[0m parsed 4 headers
[2m2025-12-10T10:19:13.770981Z[0m [34mDEBUG[0m [2mhyper::proto::h1::conn[0m[2m:[0m incoming body is content-length (45 bytes)
[2m2025-12-10T10:19:13.770997Z[0m [34mDEBUG[0m [2mhyper::proto::h1::conn[0m[2m:[0m incoming body completed
[2m2025-12-10T10:19:13.771017Z[0m [34mDEBUG[0m [2mhyper::client::pool[0m[2m:[0m pooling idle connection for ("http", 192.168.0.14:8545)
[2m2025-12-10T10:19:13.771170Z[0m [34mDEBUG[0m [2mhyper::client::pool[0m[2m:[0m reuse idle connection for ("http", 192.168.0.14:8545)
[2m2025-12-10T10:19:13.771221Z[0m [34mDEBUG[0m [2mhyper::proto::h1::io[0m[2m:[0m flushed 172 bytes
[2m2025-12-10T10:19:13.776209Z[0m [34mDEBUG[0m [2mhyper::proto::h1::io[0m[2m:[0m parsed 4 headers
[2m2025-12-10T10:19:13.776242Z[0m [34mDEBUG[0m [2mhyper::proto::h1::conn[0m[2m:[0m incoming body is content-length (45 bytes)
[2m2025-12-10T10:19:13.776259Z[0m [34mDEBUG[0m [2mhyper::proto::h1::conn[0m[2m:[0m incoming body completed
[2m2025-12-10T10:19:13.776280Z[0m [34mDEBUG[0m [2mhyper::client::pool[0m[2m:[0m pooling idle connection for ("http", 192.168.0.14:8545)
[2m2025-12-10T10:19:13.776332Z[0m [34mDEBUG[0m [2mhyper::client::pool[0m[2m:[0m reuse idle connection for ("http", 192.168.0.14:8545)
[2m2025-12-10T10:19:13.776395Z[0m [34mDEBUG[0m [2mhyper::proto::h1::io[0m[2m:[0m flushed 172 bytes
[2m2025-12-10T10:19:13.783149Z[0m [34mDEBUG[0m [2mhyper::proto::h1::io[0m[2m:[0m parsed 4 headers
[2m2025-12-10T10:19:13.783180Z[0m [34mDEBUG[0m [2mhyper::proto::h1::conn[0m[2m:[0m incoming body is content-length (45 bytes)
[2m2025-12-10T10:19:13.783196Z[0m [34mDEBUG[0m [2mhyper::proto::h1::conn[0m[2m:[0m incoming body completed
[2m2025-12-10T10:19:13.783218Z[0m [34mDEBUG[0m [2mhyper::client::pool[0m[2m:[0m pooling idle connection for ("http", 192.168.0.14:8545)
[2m2025-12-10T10:19:13.783266Z[0m [34mDEBUG[0m [2mhyper::client::pool[0m[2m:[0m reuse idle connection for ("http", 192.168.0.14:8545)
[2m2025-12-10T10:19:13.783317Z[0m [34mDEBUG[0m [2mhyper::proto::h1::io[0m[2m:[0m flushed 172 bytes
[2m2025-12-10T10:19:13.788704Z[0m [34mDEBUG[0m [2mhyper::proto::h1::io[0m[2m:[0m parsed 4 headers
[2m2025-12-10T10:19:13.788741Z[0m [34mDEBUG[0m [2mhyper::proto::h1::conn[0m[2m:[0m incoming body is content-length (45 bytes)
[2m2025-12-10T10:19:13.788792Z[0m [34mDEBUG[0m [2mhyper::proto::h1::conn[0m[2m:[0m incoming body completed
[2m2025-12-10T10:19:13.788817Z[0m [34mDEBUG[0m [2mhyper::client::pool[0m[2m:[0m pooling idle connection for ("http", 192.168.0.14:8545)
[2m2025-12-10T10:19:13.788923Z[0m [34mDEBUG[0m [2mhyper::client::pool[0m[2m:[0m reuse idle connection for ("http", 192.168.0.14:8545)
[2m2025-12-10T10:19:13.789013Z[0m [34mDEBUG[0m [2mhyper::proto::h1::io[0m[2m:[0m flushed 172 bytes
[2m2025-12-10T10:19:13.795658Z[0m [34mDEBUG[0m [2mhyper::proto::h1::io[0m[2m:[0m parsed 4 headers
[2m2025-12-10T10:19:13.795693Z[0m [34mDEBUG[0m [2mhyper::proto::h1::conn[0m[2m:[0m incoming body is content-length (45 bytes)
[2m2025-12-10T10:19:13.795709Z[0m [34mDEBUG[0m [2mhyper::proto::h1::conn[0m[2m:[0m incoming body completed
[2m2025-12-10T10:19:13.795741Z[0m [34mDEBUG[0m [2mhyper::client::pool[0m[2m:[0m pooling idle connection for ("http", 192.168.0.14:8545)
[2m2025-12-10T10:19:13.795788Z[0m [34mDEBUG[0m [2mhyper::client::pool[0m[2m:[0m reuse idle connection for ("http", 192.168.0.14:8545)
[2m2025-12-10T10:19:13.795839Z[0m [34mDEBUG[0m [2mhyper::proto::h1::io[0m[2m:[0m flushed 172 bytes
[2m2025-12-10T10:19:13.799944Z[0m [34mDEBUG[0m [2mhyper::proto::h1::io[0m[2m:[0m parsed 4 headers
[2m2025-12-10T10:19:13.799999Z[0m [34mDEBUG[0m [2mhyper::proto::h1::conn[0m[2m:[0m incoming body is content-length (45 bytes)
[2m2025-12-10T10:19:13.800019Z[0m [34mDEBUG[0m [2mhyper::proto::h1::conn[0m[2m:[0m incoming body completed
[2m2025-12-10T10:19:13.800040Z[0m [34mDEBUG[0m [2mhyper::client::pool[0m[2m:[0m pooling idle connection for ("http", 192.168.0.14:8545)
[2m2025-12-10T10:19:13.800084Z[0m [34mDEBUG[0m [2mhyper::client::pool[0m[2m:[0m reuse idle connection for ("http", 192.168.0.14:8545)
[2m2025-12-10T10:19:13.800135Z[0m [34mDEBUG[0m [2mhyper::proto::h1::io[0m[2m:[0m flushed 172 bytes
[2m2025-12-10T10:19:13.803872Z[0m [34mDEBUG[0m [2mhyper::proto::h1::io[0m[2m:[0m parsed 4 headers
[2m2025-12-10T10:19:13.803897Z[0m [34mDEBUG[0m [2mhyper::proto::h1::conn[0m[2m:[0m incoming body is content-length (45 bytes)
[2m2025-12-10T10:19:13.803912Z[0m [34mDEBUG[0m [2mhyper::proto::h1::conn[0m[2m:[0m incoming body completed
[2m2025-12-10T10:19:13.803931Z[0m [34mDEBUG[0m [2mhyper::client::pool[0m[2m:[0m pooling idle connection for ("http", 192.168.0.14:8545)
[2m2025-12-10T10:19:13.803974Z[0m [34mDEBUG[0m [2mhyper::client::pool[0m[2m:[0m reuse idle connection for ("http", 192.168.0.14:8545)
[2m2025-12-10T10:19:13.804012Z[0m [34mDEBUG[0m [2mhyper::proto::h1::io[0m[2m:[0m flushed 172 bytes
[2m2025-12-10T10:19:13.808733Z[0m [34mDEBUG[0m [2mhyper::proto::h1::io[0m[2m:[0m parsed 4 headers
[2m2025-12-10T10:19:13.808762Z[0m [34mDEBUG[0m [2mhyper::proto::h1::conn[0m[2m:[0m incoming body is content-length (45 bytes)
[2m2025-12-10T10:19:13.808778Z[0m [34mDEBUG[0m [2mhyper::proto::h1::conn[0m[2m:[0m incoming body completed
[2m2025-12-10T10:19:13.808797Z[0m [34mDEBUG[0m [2mhyper::client::pool[0m[2m:[0m pooling idle connection for ("http", 192.168.0.14:8545)
[2m2025-12-10T10:19:13.808842Z[0m [34mDEBUG[0m [2mhyper::client::pool[0m[2m:[0m reuse idle connection for ("http", 192.168.0.14:8545)
[2m2025-12-10T10:19:13.808886Z[0m [34mDEBUG[0m [2mhyper::proto::h1::io[0m[2m:[0m flushed 172 bytes
[2m2025-12-10T10:19:13.813619Z[0m [34mDEBUG[0m [2mhyper::proto::h1::io[0m[2m:[0m parsed 4 headers
[2m2025-12-10T10:19:13.813640Z[0m [34mDEBUG[0m [2mhyper::proto::h1::conn[0m[2m:[0m incoming body is content-length (45 bytes)
[2m2025-12-10T10:19:13.813656Z[0m [34mDEBUG[0m [2mhyper::proto::h1::conn[0m[2m:[0m incoming body completed
[2m2025-12-10T10:19:13.813679Z[0m [34mDEBUG[0m [2mhyper::client::pool[0m[2m:[0m pooling idle connection for ("http", 192.168.0.14:8545)
[2m2025-12-10T10:19:13.813725Z[0m [34mDEBUG[0m [2mhyper::client::pool[0m[2m:[0m reuse idle connection for ("http", 192.168.0.14:8545)
[2m2025-12-10T10:19:13.813760Z[0m [34mDEBUG[0m [2mhyper::proto::h1::io[0m[2m:[0m flushed 172 bytes
[2m2025-12-10T10:19:13.817800Z[0m [34mDEBUG[0m [2mhyper::proto::h1::io[0m[2m:[0m parsed 4 headers
[2m2025-12-10T10:19:13.817817Z[0m [34mDEBUG[0m [2mhyper::proto::h1::conn[0m[2m:[0m incoming body is content-length (45 bytes)
[2m2025-12-10T10:19:13.817831Z[0m [34mDEBUG[0m [2mhyper::proto::h1::conn[0m[2m:[0m incoming body completed
[2m2025-12-10T10:19:13.817846Z[0m [34mDEBUG[0m [2mhyper::client::pool[0m[2m:[0m pooling idle connection for ("http", 192.168.0.14:8545)
[2m2025-12-10T10:19:13.817882Z[0m [34mDEBUG[0m [2mhyper::client::pool[0m[2m:[0m reuse idle connection for ("http", 192.168.0.14:8545)
[2m2025-12-10T10:19:13.817916Z[0m [34mDEBUG[0m [2mhyper::proto::h1::io[0m[2m:[0m flushed 172 bytes
[2m2025-12-10T10:19:13.822089Z[0m [34mDEBUG[0m [2mhyper::proto::h1::io[0m[2m:[0m parsed 4 headers
[2m2025-12-10T10:19:13.822112Z[0m [34mDEBUG[0m [2mhyper::proto::h1::conn[0m[2m:[0m incoming body is content-length (45 bytes)
[2m2025-12-10T10:19:13.822126Z[0m [34mDEBUG[0m [2mhyper::proto::h1::conn[0m[2m:[0m incoming body completed
[2m2025-12-10T10:19:13.822143Z[0m [34mDEBUG[0m [2mhyper::client::pool[0m[2m:[0m pooling idle connection for ("http", 192.168.0.14:8545)
[2m2025-12-10T10:19:13.822179Z[0m [34mDEBUG[0m [2mhyper::client::pool[0m[2m:[0m reuse idle connection for ("http", 192.168.0.14:8545)
[2m2025-12-10T10:19:13.822214Z[0m [34mDEBUG[0m [2mhyper::proto::h1::io[0m[2m:[0m flushed 172 bytes
[2m2025-12-10T10:19:13.827380Z[0m [34mDEBUG[0m [2mhyper::proto::h1::io[0m[2m:[0m parsed 4 headers
[2m2025-12-10T10:19:13.827403Z[0m [34mDEBUG[0m [2mhyper::proto::h1::conn[0m[2m:[0m incoming body is content-length (45 bytes)
[2m2025-12-10T10:19:13.827418Z[0m [34mDEBUG[0m [2mhyper::proto::h1::conn[0m[2m:[0m incoming body completed
[2m2025-12-10T10:19:13.827440Z[0m [34mDEBUG[0m [2mhyper::client::pool[0m[2m:[0m pooling idle connection for ("http", 192.168.0.14:8545)
[2m2025-12-10T10:19:13.827487Z[0m [34mDEBUG[0m [2mhyper::client::pool[0m[2m:[0m reuse idle connection for ("http", 192.168.0.14:8545)
[2m2025-12-10T10:19:13.827524Z[0m [34mDEBUG[0m [2mhyper::proto::h1::io[0m[2m:[0m flushed 172 bytes
[2m2025-12-10T10:19:13.831387Z[0m [34mDEBUG[0m [2mhyper::proto::h1::io[0m[2m:[0m parsed 4 headers
[2m2025-12-10T10:19:13.831407Z[0m [34mDEBUG[0m [2mhyper::proto::h1::conn[0m[2m:[0m incoming body is content-length (45 bytes)
[2m2025-12-10T10:19:13.831422Z[0m [34mDEBUG[0m [2mhyper::proto::h1::conn[0m[2m:[0m incoming body completed
[2m2025-12-10T10:19:13.831439Z[0m [34mDEBUG[0m [2mhyper::client::pool[0m[2m:[0m pooling idle connection for ("http", 192.168.0.14:8545)
[2m2025-12-10T10:19:13.831481Z[0m [34mDEBUG[0m [2mhyper::client::pool[0m[2m:[0m reuse idle connection for ("http", 192.168.0.14:8545)
[2m2025-12-10T10:19:13.831516Z[0m [34mDEBUG[0m [2mhyper::proto::h1::io[0m[2m:[0m flushed 172 bytes
[2m2025-12-10T10:19:13.837926Z[0m [34mDEBUG[0m [2mhyper::proto::h1::io[0m[2m:[0m parsed 4 headers
[2m2025-12-10T10:19:13.844725Z[0m [34mDEBUG[0m [2mhyper::proto::h1::conn[0m[2m:[0m incoming body is content-length (45 bytes)
[2m2025-12-10T10:19:13.844778Z[0m [34mDEBUG[0m [2mhyper::proto::h1::conn[0m[2m:[0m incoming body completed
[2m2025-12-10T10:19:13.844813Z[0m [34mDEBUG[0m [2mhyper::client::pool[0m[2m:[0m pooling idle connection for ("http", 192.168.0.14:8545)
[2m2025-12-10T10:19:13.844869Z[0m [34mDEBUG[0m [2mhyper::client::pool[0m[2m:[0m reuse idle connection for ("http", 192.168.0.14:8545)
[2m2025-12-10T10:19:13.847509Z[0m [34mDEBUG[0m [2mhyper::proto::h1::io[0m[2m:[0m flushed 172 bytes
[2m2025-12-10T10:19:13.872320Z[0m [34mDEBUG[0m [2mhyper::proto::h1::io[0m[2m:[0m parsed 4 headers
[2m2025-12-10T10:19:13.872365Z[0m [34mDEBUG[0m [2mhyper::proto::h1::conn[0m[2m:[0m incoming body is content-length (45 bytes)
[2m2025-12-10T10:19:13.872387Z[0m [34mDEBUG[0m [2mhyper::proto::h1::conn[0m[2m:[0m incoming body completed
[2m2025-12-10T10:19:13.872409Z[0m [34mDEBUG[0m [2mhyper::client::pool[0m[2m:[0m pooling idle connection for ("http", 192.168.0.14:8545)
[2m2025-12-10T10:19:13.872455Z[0m [34mDEBUG[0m [2mhyper::client::pool[0m[2m:[0m reuse idle connection for ("http", 192.168.0.14:8545)
[2m2025-12-10T10:19:13.875428Z[0m [34mDEBUG[0m [2mhyper::proto::h1::io[0m[2m:[0m flushed 172 bytes
[2m2025-12-10T10:19:13.878161Z[0m [34mDEBUG[0m [2mhyper::proto::h1::io[0m[2m:[0m parsed 4 headers
[2m2025-12-10T10:19:13.878182Z[0m [34mDEBUG[0m [2mhyper::proto::h1::conn[0m[2m:[0m incoming body is content-length (45 bytes)
[2m2025-12-10T10:19:13.898483Z[0m [34mDEBUG[0m [2mhyper::proto::h1::conn[0m[2m:[0m incoming body completed
[2m2025-12-10T10:19:13.898511Z[0m [34mDEBUG[0m [2mhyper::client::pool[0m[2m:[0m pooling idle connection for ("http", 192.168.0.14:8545)
[2m2025-12-10T10:19:13.898556Z[0m [34mDEBUG[0m [2mhyper::client::pool[0m[2m:[0m reuse idle connection for ("http", 192.168.0.14:8545)
[2m2025-12-10T10:19:13.898608Z[0m [34mDEBUG[0m [2mhyper::proto::h1::io[0m[2m:[0m flushed 172 bytes
[2m2025-12-10T10:19:13.901505Z[0m [34mDEBUG[0m [2mhyper::proto::h1::io[0m[2m:[0m parsed 4 headers
[2m2025-12-10T10:19:13.901515Z[0m [34mDEBUG[0m [2mhyper::proto::h1::conn[0m[2m:[0m incoming body is content-length (45 bytes)
[2m2025-12-10T10:19:13.901578Z[0m [34mDEBUG[0m [2mhyper::proto::h1::conn[0m[2m:[0m incoming body completed
[2m2025-12-10T10:19:13.901597Z[0m [34mDEBUG[0m [2mhyper::client::pool[0m[2m:[0m pooling idle connection for ("http", 192.168.0.14:8545)
[2m2025-12-10T10:19:13.901674Z[0m [34mDEBUG[0m [2mhyper::client::pool[0m[2m:[0m reuse idle connection for ("http", 192.168.0.14:8545)
[2m2025-12-10T10:19:13.901703Z[0m [34mDEBUG[0m [2mhyper::proto::h1::io[0m[2m:[0m flushed 172 bytes
[2m2025-12-10T10:19:13.905436Z[0m [34mDEBUG[0m [2mhyper::proto::h1::io[0m[2m:[0m parsed 4 headers
[2m2025-12-10T10:19:13.905444Z[0m [34mDEBUG[0m [2mhyper::proto::h1::conn[0m[2m:[0m incoming body is content-length (45 bytes)
[2m2025-12-10T10:19:13.905452Z[0m [34mDEBUG[0m [2mhyper::proto::h1::conn[0m[2m:[0m incoming body completed
[2m2025-12-10T10:19:13.905459Z[0m [34mDEBUG[0m [2mhyper::client::pool[0m[2m:[0m pooling idle connection for ("http", 192.168.0.14:8545)
[2m2025-12-10T10:19:13.905480Z[0m [34mDEBUG[0m [2mhyper::client::pool[0m[2m:[0m reuse idle connection for ("http", 192.168.0.14:8545)
[2m2025-12-10T10:19:13.905498Z[0m [34mDEBUG[0m [2mhyper::proto::h1::io[0m[2m:[0m flushed 172 bytes
[2m2025-12-10T10:19:13.909783Z[0m [34mDEBUG[0m [2mhyper::proto::h1::io[0m[2m:[0m parsed 4 headers
[2m2025-12-10T10:19:13.909814Z[0m [34mDEBUG[0m [2mhyper::proto::h1::conn[0m[2m:[0m incoming body is content-length (45 bytes)
[2m2025-12-10T10:19:13.909828Z[0m [34mDEBUG[0m [2mhyper::proto::h1::conn[0m[2m:[0m incoming body completed
[2m2025-12-10T10:19:13.909845Z[0m [34mDEBUG[0m [2mhyper::client::pool[0m[2m:[0m pooling idle connection for ("http", 192.168.0.14:8545)
[2m2025-12-10T10:19:13.909886Z[0m [34mDEBUG[0m [2mhyper::client::pool[0m[2m:[0m reuse idle connection for ("http", 192.168.0.14:8545)
[2m2025-12-10T10:19:13.909927Z[0m [34mDEBUG[0m [2mhyper::proto::h1::io[0m[2m:[0m flushed 172 bytes
[2m2025-12-10T10:19:13.913703Z[0m [34mDEBUG[0m [2mhyper::proto::h1::io[0m[2m:[0m parsed 4 headers
[2m2025-12-10T10:19:13.913726Z[0m [34mDEBUG[0m [2mhyper::proto::h1::conn[0m[2m:[0m incoming body is content-length (45 bytes)
[2m2025-12-10T10:19:13.913742Z[0m [34mDEBUG[0m [2mhyper::proto::h1::conn[0m[2m:[0m incoming body completed
[2m2025-12-10T10:19:13.913781Z[0m [34mDEBUG[0m [2mhyper::client::pool[0m[2m:[0m pooling idle connection for ("http", 192.168.0.14:8545)
[2m2025-12-10T10:19:13.913832Z[0m [34mDEBUG[0m [2mhyper::client::pool[0m[2m:[0m reuse idle connection for ("http", 192.168.0.14:8545)
[2m2025-12-10T10:19:13.914076Z[0m [34mDEBUG[0m [2mhyper::proto::h1::io[0m[2m:[0m flushed 172 bytes
[2m2025-12-10T10:19:13.919020Z[0m [34mDEBUG[0m [2mhyper::proto::h1::io[0m[2m:[0m parsed 4 headers
[2m2025-12-10T10:19:13.920422Z[0m [34mDEBUG[0m [2mhyper::proto::h1::conn[0m[2m:[0m incoming body is content-length (45 bytes)
[2m2025-12-10T10:19:13.920451Z[0m [34mDEBUG[0m [2mhyper::proto::h1::conn[0m[2m:[0m incoming body completed
[2m2025-12-10T10:19:13.920606Z[0m [34mDEBUG[0m [2mhyper::client::pool[0m[2m:[0m pooling idle connection for ("http", 192.168.0.14:8545)
[2m2025-12-10T10:19:13.920658Z[0m [34mDEBUG[0m [2mhyper::client::pool[0m[2m:[0m reuse idle connection for ("http", 192.168.0.14:8545)
[2m2025-12-10T10:19:13.920711Z[0m [34mDEBUG[0m [2mhyper::proto::h1::io[0m[2m:[0m flushed 172 bytes
[2m2025-12-10T10:19:13.927999Z[0m [34mDEBUG[0m [2mhyper::proto::h1::io[0m[2m:[0m parsed 4 headers
[2m2025-12-10T10:19:13.928031Z[0m [34mDEBUG[0m [2mhyper::proto::h1::conn[0m[2m:[0m incoming body is content-length (45 bytes)
[2m2025-12-10T10:19:13.928095Z[0m [34mDEBUG[0m [2mhyper::proto::h1::conn[0m[2m:[0m incoming body completed
[2m2025-12-10T10:19:13.928121Z[0m [34mDEBUG[0m [2mhyper::client::pool[0m[2m:[0m pooling idle connection for ("http", 192.168.0.14:8545)
[2m2025-12-10T10:19:13.928183Z[0m [34mDEBUG[0m [2mhyper::client::pool[0m[2m:[0m reuse idle connection for ("http", 192.168.0.14:8545)
[2m2025-12-10T10:19:13.928236Z[0m [34mDEBUG[0m [2mhyper::proto::h1::io[0m[2m:[0m flushed 172 bytes
[2m2025-12-10T10:19:13.935810Z[0m [34mDEBUG[0m [2mhyper::proto::h1::io[0m[2m:[0m parsed 4 headers
[2m2025-12-10T10:19:13.935836Z[0m [34mDEBUG[0m [2mhyper::proto::h1::conn[0m[2m:[0m incoming body is content-length (45 bytes)
[2m2025-12-10T10:19:13.935853Z[0m [34mDEBUG[0m [2mhyper::proto::h1::conn[0m[2m:[0m incoming body completed
[2m2025-12-10T10:19:13.935873Z[0m [34mDEBUG[0m [2mhyper::client::pool[0m[2m:[0m pooling idle connection for ("http", 192.168.0.14:8545)
[2m2025-12-10T10:19:13.935921Z[0m [34mDEBUG[0m [2mhyper::client::pool[0m[2m:[0m reuse idle connection for ("http", 192.168.0.14:8545)
[2m2025-12-10T10:19:13.935985Z[0m [34mDEBUG[0m [2mhyper::proto::h1::io[0m[2m:[0m flushed 172 bytes
[2m2025-12-10T10:19:13.945347Z[0m [34mDEBUG[0m [2mhyper::proto::h1::io[0m[2m:[0m parsed 4 headers
[2m2025-12-10T10:19:13.945383Z[0m [34mDEBUG[0m [2mhyper::proto::h1::conn[0m[2m:[0m incoming body is content-length (45 bytes)
[2m2025-12-10T10:19:13.945399Z[0m [34mDEBUG[0m [2mhyper::proto::h1::conn[0m[2m:[0m incoming body completed
[2m2025-12-10T10:19:13.945419Z[0m [34mDEBUG[0m [2mhyper::client::pool[0m[2m:[0m pooling idle connection for ("http", 192.168.0.14:8545)
[2m2025-12-10T10:19:13.945574Z[0m [34mDEBUG[0m [2mhyper::client::pool[0m[2m:[0m reuse idle connection for ("http", 192.168.0.14:8545)
[2m2025-12-10T10:19:13.945674Z[0m [34mDEBUG[0m [2mhyper::proto::h1::io[0m[2m:[0m flushed 172 bytes
[2m2025-12-10T10:19:13.948879Z[0m [34mDEBUG[0m [2mhyper::proto::h1::io[0m[2m:[0m parsed 4 headers
[2m2025-12-10T10:19:13.948908Z[0m [34mDEBUG[0m [2mhyper::proto::h1::conn[0m[2m:[0m incoming body is content-length (45 bytes)
[2m2025-12-10T10:19:13.948926Z[0m [34mDEBUG[0m [2mhyper::proto::h1::conn[0m[2m:[0m incoming body completed
[2m2025-12-10T10:19:13.948947Z[0m [34mDEBUG[0m [2mhyper::client::pool[0m[2m:[0m pooling idle connection for ("http", 192.168.0.14:8545)
[2m2025-12-10T10:19:13.948990Z[0m [34mDEBUG[0m [2mhyper::client::pool[0m[2m:[0m reuse idle connection for ("http", 192.168.0.14:8545)
[2m2025-12-10T10:19:13.949044Z[0m [34mDEBUG[0m [2mhyper::proto::h1::io[0m[2m:[0m flushed 172 bytes
[2m2025-12-10T10:19:13.953686Z[0m [34mDEBUG[0m [2mhyper::proto::h1::io[0m[2m:[0m parsed 4 headers
[2m2025-12-10T10:19:13.953739Z[0m [34mDEBUG[0m [2mhyper::proto::h1::conn[0m[2m:[0m incoming body is content-length (45 bytes)
[2m2025-12-10T10:19:13.953764Z[0m [34mDEBUG[0m [2mhyper::proto::h1::conn[0m[2m:[0m incoming body completed
[2m2025-12-10T10:19:13.953776Z[0m [34mDEBUG[0m [2mhyper::client::pool[0m[2m:[0m pooling idle connection for ("http", 192.168.0.14:8545)
[2m2025-12-10T10:19:13.953833Z[0m [34mDEBUG[0m [2mhyper::client::pool[0m[2m:[0m reuse idle connection for ("http", 192.168.0.14:8545)
[2m2025-12-10T10:19:13.953854Z[0m [34mDEBUG[0m [2mhyper::proto::h1::io[0m[2m:[0m flushed 172 bytes
[2m2025-12-10T10:19:13.957790Z[0m [34mDEBUG[0m [2mhyper::proto::h1::io[0m[2m:[0m parsed 4 headers
[2m2025-12-10T10:19:13.957826Z[0m [34mDEBUG[0m [2mhyper::proto::h1::conn[0m[2m:[0m incoming body is content-length (45 bytes)
[2m2025-12-10T10:19:13.957839Z[0m [34mDEBUG[0m [2mhyper::proto::h1::conn[0m[2m:[0m incoming body completed
[2m2025-12-10T10:19:13.957854Z[0m [34mDEBUG[0m [2mhyper::client::pool[0m[2m:[0m pooling idle connection for ("http", 192.168.0.14:8545)
[2m2025-12-10T10:19:13.957879Z[0m [34mDEBUG[0m [2mhyper::client::pool[0m[2m:[0m reuse idle connection for ("http", 192.168.0.14:8545)
[2m2025-12-10T10:19:13.957906Z[0m [34mDEBUG[0m [2mhyper::proto::h1::io[0m[2m:[0m flushed 172 bytes
[2m2025-12-10T10:19:13.963872Z[0m [34mDEBUG[0m [2mhyper::proto::h1::io[0m[2m:[0m parsed 4 headers
[2m2025-12-10T10:19:13.963881Z[0m [34mDEBUG[0m [2mhyper::proto::h1::conn[0m[2m:[0m incoming body is content-length (45 bytes)
[2m2025-12-10T10:19:13.963888Z[0m [34mDEBUG[0m [2mhyper::proto::h1::conn[0m[2m:[0m incoming body completed
[2m2025-12-10T10:19:13.963895Z[0m [34mDEBUG[0m [2mhyper::client::pool[0m[2m:[0m pooling idle connection for ("http", 192.168.0.14:8545)
[2m2025-12-10T10:19:13.963915Z[0m [34mDEBUG[0m [2mhyper::client::pool[0m[2m:[0m reuse idle connection for ("http", 192.168.0.14:8545)
[2m2025-12-10T10:19:13.963933Z[0m [34mDEBUG[0m [2mhyper::proto::h1::io[0m[2m:[0m flushed 172 bytes
[2m2025-12-10T10:19:13.972500Z[0m [34mDEBUG[0m [2mhyper::proto::h1::io[0m[2m:[0m parsed 4 headers
[2m2025-12-10T10:19:13.972539Z[0m [34mDEBUG[0m [2mhyper::proto::h1::conn[0m[2m:[0m incoming body is content-length (45 bytes)
[2m2025-12-10T10:19:13.972554Z[0m [34mDEBUG[0m [2mhyper::proto::h1::conn[0m[2m:[0m incoming body completed
[2m2025-12-10T10:19:13.972572Z[0m [34mDEBUG[0m [2mhyper::client::pool[0m[2m:[0m pooling idle connection for ("http", 192.168.0.14:8545)
[2m2025-12-10T10:19:13.972610Z[0m [34mDEBUG[0m [2mhyper::client::pool[0m[2m:[0m reuse idle connection for ("http", 192.168.0.14:8545)
[2m2025-12-10T10:19:13.972656Z[0m [34mDEBUG[0m [2mhyper::proto::h1::io[0m[2m:[0m flushed 172 bytes
[2m2025-12-10T10:19:13.978408Z[0m [34mDEBUG[0m [2methereum_transaction_pool_monitor::eth_client[0m[2m:[0m 📨 Received WebSocket message: {"jsonrpc":"2.0","method":"eth_subscription","params":{"subscription":"0xbed0a0851463e895960a451075a301a9","result":"0xbfaaec49c878c3f538f62a73bac378fb708cf64529047797110da40e2f7754c5"}}
[2m2025-12-10T10:19:13.978447Z[0m [34mDEBUG[0m [2methereum_transaction_pool_monitor::eth_client[0m[2m:[0m 📨 Received pending transaction: 0xbfaaec49c878c3f538f62a73bac378fb708cf64529047797110da40e2f7754c5
[2m2025-12-10T10:19:13.978984Z[0m [34mDEBUG[0m [2mhyper::proto::h1::io[0m[2m:[0m parsed 4 headers
[2m2025-12-10T10:19:13.979009Z[0m [34mDEBUG[0m [2mhyper::proto::h1::conn[0m[2m:[0m incoming body is content-length (45 bytes)
[2m2025-12-10T10:19:13.979026Z[0m [34mDEBUG[0m [2mhyper::proto::h1::conn[0m[2m:[0m incoming body completed
[2m2025-12-10T10:19:13.979047Z[0m [34mDEBUG[0m [2mhyper::client::pool[0m[2m:[0m pooling idle connection for ("http", 192.168.0.14:8545)
[2m2025-12-10T10:19:13.979100Z[0m [34mDEBUG[0m [2mhyper::client::pool[0m[2m:[0m reuse idle connection for ("http", 192.168.0.14:8545)
[2m2025-12-10T10:19:13.979150Z[0m [34mDEBUG[0m [2mhyper::proto::h1::io[0m[2m:[0m flushed 172 bytes
[2m2025-12-10T10:19:14.082906Z[0m [34mDEBUG[0m [2mhyper::proto::h1::io[0m[2m:[0m parsed 4 headers
[2m2025-12-10T10:19:14.082951Z[0m [34mDEBUG[0m [2mhyper::proto::h1::conn[0m[2m:[0m incoming body is content-length (45 bytes)
[2m2025-12-10T10:19:14.082979Z[0m [34mDEBUG[0m [2mhyper::proto::h1::conn[0m[2m:[0m incoming body completed
[2m2025-12-10T10:19:14.083012Z[0m [34mDEBUG[0m [2mhyper::client::pool[0m[2m:[0m pooling idle connection for ("http", 192.168.0.14:8545)
[2m2025-12-10T10:19:14.083069Z[0m [34mDEBUG[0m [2mhyper::client::pool[0m[2m:[0m reuse idle connection for ("http", 192.168.0.14:8545)
[2m2025-12-10T10:19:14.083147Z[0m [34mDEBUG[0m [2mhyper::proto::h1::io[0m[2m:[0m flushed 172 bytes
[2m2025-12-10T10:19:14.086549Z[0m [34mDEBUG[0m [2mhyper::proto::h1::io[0m[2m:[0m parsed 4 headers
[2m2025-12-10T10:19:14.086587Z[0m [34mDEBUG[0m [2mhyper::proto::h1::conn[0m[2m:[0m incoming body is content-length (45 bytes)
[2m2025-12-10T10:19:14.086599Z[0m [34mDEBUG[0m [2mhyper::proto::h1::conn[0m[2m:[0m incoming body completed
[2m2025-12-10T10:19:14.086677Z[0m [34mDEBUG[0m [2mhyper::client::pool[0m[2m:[0m pooling idle connection for ("http", 192.168.0.14:8545)
[2m2025-12-10T10:19:14.086778Z[0m [34mDEBUG[0m [2mhyper::client::pool[0m[2m:[0m reuse idle connection for ("http", 192.168.0.14:8545)
[2m2025-12-10T10:19:14.086842Z[0m [34mDEBUG[0m [2mhyper::proto::h1::io[0m[2m:[0m flushed 172 bytes
[2m2025-12-10T10:19:14.090750Z[0m [34mDEBUG[0m [2mhyper::proto::h1::io[0m[2m:[0m parsed 4 headers
[2m2025-12-10T10:19:14.090762Z[0m [34mDEBUG[0m [2mhyper::proto::h1::conn[0m[2m:[0m incoming body is content-length (45 bytes)
[2m2025-12-10T10:19:14.090770Z[0m [34mDEBUG[0m [2mhyper::proto::h1::conn[0m[2m:[0m incoming body completed
[2m2025-12-10T10:19:14.090785Z[0m [34mDEBUG[0m [2mhyper::client::pool[0m[2m:[0m pooling idle connection for ("http", 192.168.0.14:8545)
[2m2025-12-10T10:19:14.090808Z[0m [34mDEBUG[0m [2mhyper::client::pool[0m[2m:[0m reuse idle connection for ("http", 192.168.0.14:8545)
[2m2025-12-10T10:19:14.090836Z[0m [34mDEBUG[0m [2mhyper::proto::h1::io[0m[2m:[0m flushed 172 bytes
[2m2025-12-10T10:19:14.095313Z[0m [34mDEBUG[0m [2mhyper::proto::h1::io[0m[2m:[0m parsed 4 headers
[2m2025-12-10T10:19:14.095325Z[0m [34mDEBUG[0m [2mhyper::proto::h1::conn[0m[2m:[0m incoming body is content-length (45 bytes)
[2m2025-12-10T10:19:14.095359Z[0m [34mDEBUG[0m [2mhyper::proto::h1::conn[0m[2m:[0m incoming body completed
[2m2025-12-10T10:19:14.095372Z[0m [34mDEBUG[0m [2mhyper::client::pool[0m[2m:[0m pooling idle connection for ("http", 192.168.0.14:8545)
[2m2025-12-10T10:19:14.095394Z[0m [34mDEBUG[0m [2mhyper::client::pool[0m[2m:[0m reuse idle connection for ("http", 192.168.0.14:8545)
[2m2025-12-10T10:19:14.095417Z[0m [34mDEBUG[0m [2mhyper::proto::h1::io[0m[2m:[0m flushed 172 bytes
[2m2025-12-10T10:19:14.099127Z[0m [34mDEBUG[0m [2mhyper::proto::h1::io[0m[2m:[0m parsed 4 headers
[2m2025-12-10T10:19:14.099135Z[0m [34mDEBUG[0m [2mhyper::proto::h1::conn[0m[2m:[0m incoming body is content-length (45 bytes)
[2m2025-12-10T10:19:14.099142Z[0m [34mDEBUG[0m [2mhyper::proto::h1::conn[0m[2m:[0m incoming body completed
[2m2025-12-10T10:19:14.099151Z[0m [34mDEBUG[0m [2mhyper::client::pool[0m[2m:[0m pooling idle connection for ("http", 192.168.0.14:8545)
[2m2025-12-10T10:19:14.099169Z[0m [34mDEBUG[0m [2mhyper::client::pool[0m[2m:[0m reuse idle connection for ("http", 192.168.0.14:8545)
[2m2025-12-10T10:19:14.099188Z[0m [34mDEBUG[0m [2mhyper::proto::h1::io[0m[2m:[0m flushed 172 bytes
[2m2025-12-10T10:19:14.102570Z[0m [34mDEBUG[0m [2mhyper::proto::h1::io[0m[2m:[0m parsed 4 headers
[2m2025-12-10T10:19:14.102598Z[0m [34mDEBUG[0m [2mhyper::proto::h1::conn[0m[2m:[0m incoming body is content-length (45 bytes)
[2m2025-12-10T10:19:14.102611Z[0m [34mDEBUG[0m [2mhyper::proto::h1::conn[0m[2m:[0m incoming body completed
[2m2025-12-10T10:19:14.102618Z[0m [34mDEBUG[0m [2mhyper::client::pool[0m[2m:[0m pooling idle connection for ("http", 192.168.0.14:8545)
[2m2025-12-10T10:19:14.102630Z[0m [34mDEBUG[0m [2mhyper::client::pool[0m[2m:[0m reuse idle connection for ("http", 192.168.0.14:8545)
[2m2025-12-10T10:19:14.110458Z[0m [34mDEBUG[0m [2mhyper::proto::h1::io[0m[2m:[0m flushed 172 bytes
[2m2025-12-10T10:19:14.113739Z[0m [34mDEBUG[0m [2mhyper::proto::h1::io[0m[2m:[0m parsed 4 headers
[2m2025-12-10T10:19:14.113753Z[0m [34mDEBUG[0m [2mhyper::proto::h1::conn[0m[2m:[0m incoming body is content-length (45 bytes)
[2m2025-12-10T10:19:14.113763Z[0m [34mDEBUG[0m [2mhyper::proto::h1::conn[0m[2m:[0m incoming body completed
[2m2025-12-10T10:19:14.114878Z[0m [34mDEBUG[0m [2mhyper::client::pool[0m[2m:[0m pooling idle connection for ("http", 192.168.0.14:8545)
[2m2025-12-10T10:19:14.114921Z[0m [34mDEBUG[0m [2mhyper::client::pool[0m[2m:[0m reuse idle connection for ("http", 192.168.0.14:8545)
[2m2025-12-10T10:19:14.114986Z[0m [34mDEBUG[0m [2mhyper::proto::h1::io[0m[2m:[0m flushed 172 bytes
[2m2025-12-10T10:19:14.132814Z[0m [34mDEBUG[0m [2mhyper::proto::h1::io[0m[2m:[0m parsed 4 headers
[2m2025-12-10T10:19:14.132830Z[0m [34mDEBUG[0m [2mhyper::proto::h1::conn[0m[2m:[0m incoming body is content-length (45 bytes)
[2m2025-12-10T10:19:14.132841Z[0m [34mDEBUG[0m [2mhyper::proto::h1::conn[0m[2m:[0m incoming body completed
[2m2025-12-10T10:19:14.132855Z[0m [34mDEBUG[0m [2mhyper::client::pool[0m[2m:[0m pooling idle connection for ("http", 192.168.0.14:8545)
[2m2025-12-10T10:19:14.132887Z[0m [34mDEBUG[0m [2mhyper::client::pool[0m[2m:[0m reuse idle connection for ("http", 192.168.0.14:8545)
[2m2025-12-10T10:19:14.132917Z[0m [34mDEBUG[0m [2mhyper::proto::h1::io[0m[2m:[0m flushed 172 bytes
[2m2025-12-10T10:19:14.138739Z[0m [34mDEBUG[0m [2mhyper::proto::h1::io[0m[2m:[0m parsed 4 headers
[2m2025-12-10T10:19:14.138752Z[0m [34mDEBUG[0m [2mhyper::proto::h1::conn[0m[2m:[0m incoming body is content-length (45 bytes)
[2m2025-12-10T10:19:14.138761Z[0m [34mDEBUG[0m [2mhyper::proto::h1::conn[0m[2m:[0m incoming body completed
[2m2025-12-10T10:19:14.138771Z[0m [34mDEBUG[0m [2mhyper::client::pool[0m[2m:[0m pooling idle connection for ("http", 192.168.0.14:8545)
[2m2025-12-10T10:19:14.138827Z[0m [34mDEBUG[0m [2mhyper::client::pool[0m[2m:[0m reuse idle connection for ("http", 192.168.0.14:8545)
[2m2025-12-10T10:19:14.138852Z[0m [34mDEBUG[0m [2mhyper::proto::h1::io[0m[2m:[0m flushed 172 bytes
[2m2025-12-10T10:19:14.144300Z[0m [34mDEBUG[0m [2mhyper::proto::h1::io[0m[2m:[0m parsed 4 headers
[2m2025-12-10T10:19:14.144338Z[0m [34mDEBUG[0m [2mhyper::proto::h1::conn[0m[2m:[0m incoming body is content-length (45 bytes)
[2m2025-12-10T10:19:14.144364Z[0m [34mDEBUG[0m [2mhyper::proto::h1::conn[0m[2m:[0m incoming body completed
[2m2025-12-10T10:19:14.144377Z[0m [34mDEBUG[0m [2mhyper::client::pool[0m[2m:[0m pooling idle connection for ("http", 192.168.0.14:8545)
[2m2025-12-10T10:19:14.144424Z[0m [34mDEBUG[0m [2mhyper::client::pool[0m[2m:[0m reuse idle connection for ("http", 192.168.0.14:8545)
[2m2025-12-10T10:19:14.144481Z[0m [34mDEBUG[0m [2mhyper::proto::h1::io[0m[2m:[0m flushed 172 bytes
[2m2025-12-10T10:19:14.150870Z[0m [34mDEBUG[0m [2mhyper::proto::h1::io[0m[2m:[0m parsed 4 headers
[2m2025-12-10T10:19:14.150884Z[0m [34mDEBUG[0m [2mhyper::proto::h1::conn[0m[2m:[0m incoming body is content-length (45 bytes)
[2m2025-12-10T10:19:14.150895Z[0m [34mDEBUG[0m [2mhyper::proto::h1::conn[0m[2m:[0m incoming body completed
[2m2025-12-10T10:19:14.150944Z[0m [34mDEBUG[0m [2mhyper::client::pool[0m[2m:[0m pooling idle connection for ("http", 192.168.0.14:8545)
[2m2025-12-10T10:19:14.150982Z[0m [34mDEBUG[0m [2mhyper::client::pool[0m[2m:[0m reuse idle connection for ("http", 192.168.0.14:8545)
[2m2025-12-10T10:19:14.151010Z[0m [34mDEBUG[0m [2mhyper::proto::h1::io[0m[2m:[0m flushed 172 bytes
[2m2025-12-10T10:19:14.159733Z[0m [34mDEBUG[0m [2mhyper::proto::h1::io[0m[2m:[0m parsed 4 headers
[2m2025-12-10T10:19:14.159841Z[0m [34mDEBUG[0m [2mhyper::proto::h1::conn[0m[2m:[0m incoming body is content-length (45 bytes)
[2m2025-12-10T10:19:14.159878Z[0m [34mDEBUG[0m [2mhyper::proto::h1::conn[0m[2m:[0m incoming body completed
[2m2025-12-10T10:19:14.159992Z[0m [34mDEBUG[0m [2mhyper::client::pool[0m[2m:[0m pooling idle connection for ("http", 192.168.0.14:8545)
[2m2025-12-10T10:19:14.160092Z[0m [34mDEBUG[0m [2mhyper::client::pool[0m[2m:[0m reuse idle connection for ("http", 192.168.0.14:8545)
[2m2025-12-10T10:19:14.160245Z[0m [34mDEBUG[0m [2mhyper::proto::h1::io[0m[2m:[0m flushed 172 bytes
[2m2025-12-10T10:19:14.170567Z[0m [34mDEBUG[0m [2mhyper::proto::h1::io[0m[2m:[0m parsed 4 headers
[2m2025-12-10T10:19:14.170696Z[0m [34mDEBUG[0m [2mhyper::proto::h1::conn[0m[2m:[0m incoming body is content-length (45 bytes)
[2m2025-12-10T10:19:14.170791Z[0m [34mDEBUG[0m [2mhyper::proto::h1::conn[0m[2m:[0m incoming body completed
[2m2025-12-10T10:19:14.170805Z[0m [34mDEBUG[0m [2mhyper::client::pool[0m[2m:[0m pooling idle connection for ("http", 192.168.0.14:8545)
[2m2025-12-10T10:19:14.170837Z[0m [34mDEBUG[0m [2mhyper::client::pool[0m[2m:[0m reuse idle connection for ("http", 192.168.0.14:8545)
[2m2025-12-10T10:19:14.171118Z[0m [34mDEBUG[0m [2mhyper::proto::h1::io[0m[2m:[0m flushed 172 bytes
[2m2025-12-10T10:19:14.175998Z[0m [34mDEBUG[0m [2mhyper::proto::h1::io[0m[2m:[0m parsed 4 headers
[2m2025-12-10T10:19:14.177806Z[0m [34mDEBUG[0m [2mhyper::proto::h1::conn[0m[2m:[0m incoming body is content-length (45 bytes)
[2m2025-12-10T10:19:14.177822Z[0m [34mDEBUG[0m [2mhyper::proto::h1::conn[0m[2m:[0m incoming body completed
[2m2025-12-10T10:19:14.178173Z[0m [34mDEBUG[0m [2mhyper::client::pool[0m[2m:[0m pooling idle connection for ("http", 192.168.0.14:8545)
[2m2025-12-10T10:19:14.178221Z[0m [34mDEBUG[0m [2mhyper::client::pool[0m[2m:[0m reuse idle connection for ("http", 192.168.0.14:8545)
[2m2025-12-10T10:19:14.180440Z[0m [34mDEBUG[0m [2mhyper::proto::h1::io[0m[2m:[0m flushed 172 bytes
[2m2025-12-10T10:19:14.181796Z[0m [34mDEBUG[0m [2mhyper::proto::h1::io[0m[2m:[0m parsed 4 headers
[2m2025-12-10T10:19:14.181804Z[0m [34mDEBUG[0m [2mhyper::proto::h1::conn[0m[2m:[0m incoming body is content-length (45 bytes)
[2m2025-12-10T10:19:14.181812Z[0m [34mDEBUG[0m [2mhyper::proto::h1::conn[0m[2m:[0m incoming body completed
[2m2025-12-10T10:19:14.181822Z[0m [34mDEBUG[0m [2mhyper::client::pool[0m[2m:[0m pooling idle connection for ("http", 192.168.0.14:8545)
[2m2025-12-10T10:19:14.181849Z[0m [34mDEBUG[0m [2mhyper::client::pool[0m[2m:[0m reuse idle connection for ("http", 192.168.0.14:8545)
[2m2025-12-10T10:19:14.181883Z[0m [34mDEBUG[0m [2mhyper::proto::h1::io[0m[2m:[0m flushed 172 bytes
[2m2025-12-10T10:19:14.186872Z[0m [34mDEBUG[0m [2mhyper::proto::h1::io[0m[2m:[0m parsed 4 headers
[2m2025-12-10T10:19:14.186881Z[0m [34mDEBUG[0m [2mhyper::proto::h1::conn[0m[2m:[0m incoming body is content-length (45 bytes)
[2m2025-12-10T10:19:14.186889Z[0m [34mDEBUG[0m [2mhyper::proto::h1::conn[0m[2m:[0m incoming body completed
[2m2025-12-10T10:19:14.186898Z[0m [34mDEBUG[0m [2mhyper::client::pool[0m[2m:[0m pooling idle connection for ("http", 192.168.0.14:8545)
[2m2025-12-10T10:19:14.186918Z[0m [34mDEBUG[0m [2mhyper::client::pool[0m[2m:[0m reuse idle connection for ("http", 192.168.0.14:8545)
[2m2025-12-10T10:19:14.186937Z[0m [34mDEBUG[0m [2mhyper::proto::h1::io[0m[2m:[0m flushed 172 bytes
[2m2025-12-10T10:19:14.191979Z[0m [34mDEBUG[0m [2mhyper::proto::h1::io[0m[2m:[0m parsed 4 headers
[2m2025-12-10T10:19:14.192014Z[0m [34mDEBUG[0m [2mhyper::proto::h1::conn[0m[2m:[0m incoming body is content-length (45 bytes)
[2m2025-12-10T10:19:14.192024Z[0m [34mDEBUG[0m [2mhyper::proto::h1::conn[0m[2m:[0m incoming body completed
[2m2025-12-10T10:19:14.192032Z[0m [34mDEBUG[0m [2mhyper::client::pool[0m[2m:[0m pooling idle connection for ("http", 192.168.0.14:8545)
[2m2025-12-10T10:19:14.192053Z[0m [34mDEBUG[0m [2mhyper::client::pool[0m[2m:[0m reuse idle connection for ("http", 192.168.0.14:8545)
[2m2025-12-10T10:19:14.192072Z[0m [34mDEBUG[0m [2mhyper::proto::h1::io[0m[2m:[0m flushed 172 bytes
[2m2025-12-10T10:19:14.198086Z[0m [34mDEBUG[0m [2mhyper::proto::h1::io[0m[2m:[0m parsed 4 headers
[2m2025-12-10T10:19:14.200317Z[0m [34mDEBUG[0m [2mhyper::proto::h1::conn[0m[2m:[0m incoming body is content-length (45 bytes)
[2m2025-12-10T10:19:14.200331Z[0m [34mDEBUG[0m [2mhyper::proto::h1::conn[0m[2m:[0m incoming body completed
[2m2025-12-10T10:19:14.200344Z[0m [34mDEBUG[0m [2mhyper::client::pool[0m[2m:[0m pooling idle connection for ("http", 192.168.0.14:8545)
[2m2025-12-10T10:19:14.200369Z[0m [34mDEBUG[0m [2mhyper::client::pool[0m[2m:[0m reuse idle connection for ("http", 192.168.0.14:8545)
[2m2025-12-10T10:19:14.200398Z[0m [34mDEBUG[0m [2mhyper::proto::h1::io[0m[2m:[0m flushed 172 bytes
[2m2025-12-10T10:19:14.205568Z[0m [34mDEBUG[0m [2mhyper::proto::h1::io[0m[2m:[0m parsed 4 headers
[2m2025-12-10T10:19:14.205581Z[0m [34mDEBUG[0m [2mhyper::proto::h1::conn[0m[2m:[0m incoming body is content-length (45 bytes)
[2m2025-12-10T10:19:14.205588Z[0m [34mDEBUG[0m [2mhyper::proto::h1::conn[0m[2m:[0m incoming body completed
[2m2025-12-10T10:19:14.205596Z[0m [34mDEBUG[0m [2mhyper::client::pool[0m[2m:[0m pooling idle connection for ("http", 192.168.0.14:8545)
[2m2025-12-10T10:19:14.205614Z[0m [34mDEBUG[0m [2mhyper::client::pool[0m[2m:[0m reuse idle connection for ("http", 192.168.0.14:8545)
[2m2025-12-10T10:19:14.205638Z[0m [34mDEBUG[0m [2mhyper::proto::h1::io[0m[2m:[0m flushed 172 bytes
[2m2025-12-10T10:19:14.211051Z[0m [34mDEBUG[0m [2mhyper::proto::h1::io[0m[2m:[0m parsed 4 headers
[2m2025-12-10T10:19:14.211059Z[0m [34mDEBUG[0m [2mhyper::proto::h1::conn[0m[2m:[0m incoming body is content-length (45 bytes)
[2m2025-12-10T10:19:14.211065Z[0m [34mDEBUG[0m [2mhyper::proto::h1::conn[0m[2m:[0m incoming body completed
[2m2025-12-10T10:19:14.211071Z[0m [34mDEBUG[0m [2mhyper::client::pool[0m[2m:[0m pooling idle connection for ("http", 192.168.0.14:8545)
[2m2025-12-10T10:19:14.211084Z[0m [34mDEBUG[0m [2mhyper::client::pool[0m[2m:[0m reuse idle connection for ("http", 192.168.0.14:8545)
[2m2025-12-10T10:19:14.211101Z[0m [34mDEBUG[0m [2mhyper::proto::h1::io[0m[2m:[0m flushed 172 bytes
[2m2025-12-10T10:19:14.212919Z[0m [34mDEBUG[0m [2methereum_transaction_pool_monitor::eth_client[0m[2m:[0m 📨 Received WebSocket message: {"jsonrpc":"2.0","method":"eth_subscription","params":{"subscription":"0xbed0a0851463e895960a451075a301a9","result":"0xa1d66883e9d892d33be7ea83f7ce938f897ece821a2085f04600499f196bced3"}}
[2m2025-12-10T10:19:14.212933Z[0m [34mDEBUG[0m [2methereum_transaction_pool_monitor::eth_client[0m[2m:[0m 📨 Received pending transaction: 0xa1d66883e9d892d33be7ea83f7ce938f897ece821a2085f04600499f196bced3
[2m2025-12-10T10:19:14.212942Z[0m [34mDEBUG[0m [2methereum_transaction_pool_monitor::eth_client[0m[2m:[0m 📨 Received WebSocket message: {"jsonrpc":"2.0","method":"eth_subscription","params":{"subscription":"0xbed0a0851463e895960a451075a301a9","result":"0x336ec69524287dbf5c1429ecbf251e7d868d0f7781c6c412e6d95d2b77450d27"}}
[2m2025-12-10T10:19:14.212949Z[0m [34mDEBUG[0m [2methereum_transaction_pool_monitor::eth_client[0m[2m:[0m 📨 Received pending transaction: 0x336ec69524287dbf5c1429ecbf251e7d868d0f7781c6c412e6d95d2b77450d27
[2m2025-12-10T10:19:14.212954Z[0m [34mDEBUG[0m [2methereum_transaction_pool_monitor::eth_client[0m[2m:[0m 📨 Received WebSocket message: {"jsonrpc":"2.0","method":"eth_subscription","params":{"subscription":"0xbed0a0851463e895960a451075a301a9","result":"0x924b55a47e6b210ce668939fafe9a2fbc527960de8615bd7fd83917bc085c0f8"}}
[2m2025-12-10T10:19:14.212961Z[0m [34mDEBUG[0m [2methereum_transaction_pool_monitor::eth_client[0m[2m:[0m 📨 Received pending transaction: 0x924b55a47e6b210ce668939fafe9a2fbc527960de8615bd7fd83917bc085c0f8
[2m2025-12-10T10:19:14.212966Z[0m [34mDEBUG[0m [2methereum_transaction_pool_monitor::eth_client[0m[2m:[0m 📨 Received WebSocket message: {"jsonrpc":"2.0","method":"eth_subscription","params":{"subscription":"0xbed0a0851463e895960a451075a301a9","result":"0x54caa460caf6f577f69dd57f2cf5c980adc61a4aba65e587147837ff0f0a79be"}}
[2m2025-12-10T10:19:14.212975Z[0m [34mDEBUG[0m [2methereum_transaction_pool_monitor::eth_client[0m[2m:[0m 📨 Received pending transaction: 0x54caa460caf6f577f69dd57f2cf5c980adc61a4aba65e587147837ff0f0a79be
[2m2025-12-10T10:19:14.218170Z[0m [34mDEBUG[0m [2mhyper::proto::h1::io[0m[2m:[0m parsed 4 headers
[2m2025-12-10T10:19:14.218179Z[0m [34mDEBUG[0m [2mhyper::proto::h1::conn[0m[2m:[0m incoming body is content-length (45 bytes)
[2m2025-12-10T10:19:14.218185Z[0m [34mDEBUG[0m [2mhyper::proto::h1::conn[0m[2m:[0m incoming body completed
[2m2025-12-10T10:19:14.218192Z[0m [34mDEBUG[0m [2mhyper::client::pool[0m[2m:[0m pooling idle connection for ("http", 192.168.0.14:8545)
[2m2025-12-10T10:19:14.218207Z[0m [34mDEBUG[0m [2mhyper::client::pool[0m[2m:[0m reuse idle connection for ("http", 192.168.0.14:8545)
[2m2025-12-10T10:19:14.218225Z[0m [34mDEBUG[0m [2mhyper::proto::h1::io[0m[2m:[0m flushed 172 bytes
[2m2025-12-10T10:19:14.221831Z[0m [34mDEBUG[0m [2mhyper::proto::h1::io[0m[2m:[0m parsed 4 headers
[2m2025-12-10T10:19:14.221838Z[0m [34mDEBUG[0m [2mhyper::proto::h1::conn[0m[2m:[0m incoming body is content-length (45 bytes)
[2m2025-12-10T10:19:14.221843Z[0m [34mDEBUG[0m [2mhyper::proto::h1::conn[0m[2m:[0m incoming body completed
[2m2025-12-10T10:19:14.221849Z[0m [34mDEBUG[0m [2mhyper::client::pool[0m[2m:[0m pooling idle connection for ("http", 192.168.0.14:8545)
[2m2025-12-10T10:19:14.221861Z[0m [34mDEBUG[0m [2mhyper::client::pool[0m[2m:[0m reuse idle connection for ("http", 192.168.0.14:8545)
[2m2025-12-10T10:19:14.221875Z[0m [34mDEBUG[0m [2mhyper::proto::h1::io[0m[2m:[0m flushed 172 bytes
[2m2025-12-10T10:19:14.225946Z[0m [34mDEBUG[0m [2mhyper::proto::h1::io[0m[2m:[0m parsed 4 headers
[2m2025-12-10T10:19:14.225953Z[0m [34mDEBUG[0m [2mhyper::proto::h1::conn[0m[2m:[0m incoming body is content-length (45 bytes)
[2m2025-12-10T10:19:14.225959Z[0m [34mDEBUG[0m [2mhyper::proto::h1::conn[0m[2m:[0m incoming body completed
[2m2025-12-10T10:19:14.225965Z[0m [34mDEBUG[0m [2mhyper::client::pool[0m[2m:[0m pooling idle connection for ("http", 192.168.0.14:8545)
[2m2025-12-10T10:19:14.225978Z[0m [34mDEBUG[0m [2mhyper::client::pool[0m[2m:[0m reuse idle connection for ("http", 192.168.0.14:8545)
[2m2025-12-10T10:19:14.225994Z[0m [34mDEBUG[0m [2mhyper::proto::h1::io[0m[2m:[0m flushed 172 bytes
[2m2025-12-10T10:19:14.231865Z[0m [34mDEBUG[0m [2mhyper::proto::h1::io[0m[2m:[0m parsed 4 headers
[2m2025-12-10T10:19:14.231873Z[0m [34mDEBUG[0m [2mhyper::proto::h1::conn[0m[2m:[0m incoming body is content-length (45 bytes)
[2m2025-12-10T10:19:14.231879Z[0m [34mDEBUG[0m [2mhyper::proto::h1::conn[0m[2m:[0m incoming body completed
[2m2025-12-10T10:19:14.231886Z[0m [34mDEBUG[0m [2mhyper::client::pool[0m[2m:[0m pooling idle connection for ("http", 192.168.0.14:8545)
[2m2025-12-10T10:19:14.231901Z[0m [34mDEBUG[0m [2mhyper::client::pool[0m[2m:[0m reuse idle connection for ("http", 192.168.0.14:8545)
[2m2025-12-10T10:19:14.231916Z[0m [34mDEBUG[0m [2mhyper::proto::h1::io[0m[2m:[0m flushed 172 bytes
[2m2025-12-10T10:19:14.238607Z[0m [34mDEBUG[0m [2mhyper::proto::h1::io[0m[2m:[0m parsed 4 headers
[2m2025-12-10T10:19:14.238615Z[0m [34mDEBUG[0m [2mhyper::proto::h1::conn[0m[2m:[0m incoming body is content-length (45 bytes)
[2m2025-12-10T10:19:14.238651Z[0m [34mDEBUG[0m [2mhyper::proto::h1::conn[0m[2m:[0m incoming body completed
[2m2025-12-10T10:19:14.238657Z[0m [34mDEBUG[0m [2mhyper::client::pool[0m[2m:[0m pooling idle connection for ("http", 192.168.0.14:8545)
[2m2025-12-10T10:19:14.238671Z[0m [34mDEBUG[0m [2mhyper::client::pool[0m[2m:[0m reuse idle connection for ("http", 192.168.0.14:8545)
[2m2025-12-10T10:19:14.244012Z[0m [34mDEBUG[0m [2mhyper::proto::h1::io[0m[2m:[0m flushed 172 bytes
[2m2025-12-10T10:19:14.247934Z[0m [34mDEBUG[0m [2mhyper::proto::h1::io[0m[2m:[0m parsed 4 headers
[2m2025-12-10T10:19:14.247940Z[0m [34mDEBUG[0m [2mhyper::proto::h1::conn[0m[2m:[0m incoming body is content-length (45 bytes)
[2m2025-12-10T10:19:14.247947Z[0m [34mDEBUG[0m [2mhyper::proto::h1::conn[0m[2m:[0m incoming body completed
[2m2025-12-10T10:19:14.254341Z[0m [34mDEBUG[0m [2mhyper::client::pool[0m[2m:[0m pooling idle connection for ("http", 192.168.0.14:8545)
[2m2025-12-10T10:19:14.254414Z[0m [34mDEBUG[0m [2mhyper::client::pool[0m[2m:[0m reuse idle connection for ("http", 192.168.0.14:8545)
[2m2025-12-10T10:19:14.254432Z[0m [34mDEBUG[0m [2mhyper::proto::h1::io[0m[2m:[0m flushed 172 bytes
[2m2025-12-10T10:19:14.260797Z[0m [34mDEBUG[0m [2mhyper::proto::h1::io[0m[2m:[0m parsed 4 headers
[2m2025-12-10T10:19:14.266147Z[0m [34mDEBUG[0m [2mhyper::proto::h1::conn[0m[2m:[0m incoming body is content-length (45 bytes)
[2m2025-12-10T10:19:14.266162Z[0m [34mDEBUG[0m [2mhyper::proto::h1::conn[0m[2m:[0m incoming body completed
[2m2025-12-10T10:19:14.266173Z[0m [34mDEBUG[0m [2mhyper::client::pool[0m[2m:[0m pooling idle connection for ("http", 192.168.0.14:8545)
[2m2025-12-10T10:19:14.266210Z[0m [34mDEBUG[0m [2mhyper::client::pool[0m[2m:[0m reuse idle connection for ("http", 192.168.0.14:8545)
[2m2025-12-10T10:19:14.266226Z[0m [34mDEBUG[0m [2mhyper::proto::h1::io[0m[2m:[0m flushed 172 bytes
[2m2025-12-10T10:19:14.270630Z[0m [34mDEBUG[0m [2mhyper::proto::h1::io[0m[2m:[0m parsed 4 headers
[2m2025-12-10T10:19:14.270648Z[0m [34mDEBUG[0m [2mhyper::proto::h1::conn[0m[2m:[0m incoming body is content-length (45 bytes)
[2m2025-12-10T10:19:14.270658Z[0m [34mDEBUG[0m [2mhyper::proto::h1::conn[0m[2m:[0m incoming body completed
[2m2025-12-10T10:19:14.270665Z[0m [34mDEBUG[0m [2mhyper::client::pool[0m[2m:[0m pooling idle connection for ("http", 192.168.0.14:8545)
[2m2025-12-10T10:19:14.270705Z[0m [34mDEBUG[0m [2mhyper::client::pool[0m[2m:[0m reuse idle connection for ("http", 192.168.0.14:8545)
[2m2025-12-10T10:19:14.270792Z[0m [34mDEBUG[0m [2mhyper::proto::h1::io[0m[2m:[0m flushed 172 bytes
[2m2025-12-10T10:19:14.275803Z[0m [34mDEBUG[0m [2mhyper::proto::h1::io[0m[2m:[0m parsed 4 headers
[2m2025-12-10T10:19:14.275815Z[0m [34mDEBUG[0m [2mhyper::proto::h1::conn[0m[2m:[0m incoming body is content-length (45 bytes)
[2m2025-12-10T10:19:14.275825Z[0m [34mDEBUG[0m [2mhyper::proto::h1::conn[0m[2m:[0m incoming body completed
[2m2025-12-10T10:19:14.275833Z[0m [34mDEBUG[0m [2mhyper::client::pool[0m[2m:[0m pooling idle connection for ("http", 192.168.0.14:8545)
[2m2025-12-10T10:19:14.275855Z[0m [34mDEBUG[0m [2mhyper::client::pool[0m[2m:[0m reuse idle connection for ("http", 192.168.0.14:8545)
[2m2025-12-10T10:19:14.275874Z[0m [34mDEBUG[0m [2mhyper::proto::h1::io[0m[2m:[0m flushed 172 bytes
[2m2025-12-10T10:19:14.282883Z[0m [34mDEBUG[0m [2mhyper::proto::h1::io[0m[2m:[0m parsed 4 headers
[2m2025-12-10T10:19:14.282911Z[0m [34mDEBUG[0m [2mhyper::proto::h1::conn[0m[2m:[0m incoming body is content-length (45 bytes)
[2m2025-12-10T10:19:14.282919Z[0m [34mDEBUG[0m [2mhyper::proto::h1::conn[0m[2m:[0m incoming body completed
[2m2025-12-10T10:19:14.282928Z[0m [34mDEBUG[0m [2mhyper::client::pool[0m[2m:[0m pooling idle connection for ("http", 192.168.0.14:8545)
[2m2025-12-10T10:19:14.282955Z[0m [34mDEBUG[0m [2mhyper::client::pool[0m[2m:[0m reuse idle connection for ("http", 192.168.0.14:8545)
[2m2025-12-10T10:19:14.283229Z[0m [34mDEBUG[0m [2mhyper::proto::h1::io[0m[2m:[0m flushed 172 bytes
[2m2025-12-10T10:19:14.288947Z[0m [34mDEBUG[0m [2mhyper::proto::h1::io[0m[2m:[0m parsed 4 headers
[2m2025-12-10T10:19:14.288955Z[0m [34mDEBUG[0m [2mhyper::proto::h1::conn[0m[2m:[0m incoming body is content-length (45 bytes)
[2m2025-12-10T10:19:14.288961Z[0m [34mDEBUG[0m [2mhyper::proto::h1::conn[0m[2m:[0m incoming body completed
[2m2025-12-10T10:19:14.288969Z[0m [34mDEBUG[0m [2mhyper::client::pool[0m[2m:[0m pooling idle connection for ("http", 192.168.0.14:8545)
[2m2025-12-10T10:19:14.288987Z[0m [34mDEBUG[0m [2mhyper::client::pool[0m[2m:[0m reuse idle connection for ("http", 192.168.0.14:8545)
[2m2025-12-10T10:19:14.289004Z[0m [34mDEBUG[0m [2mhyper::proto::h1::io[0m[2m:[0m flushed 172 bytes
[2m2025-12-10T10:19:14.295208Z[0m [34mDEBUG[0m [2mhyper::proto::h1::io[0m[2m:[0m parsed 4 headers
[2m2025-12-10T10:19:14.295218Z[0m [34mDEBUG[0m [2mhyper::proto::h1::conn[0m[2m:[0m incoming body is content-length (45 bytes)
[2m2025-12-10T10:19:14.295229Z[0m [34mDEBUG[0m [2mhyper::proto::h1::conn[0m[2m:[0m incoming body completed
[2m2025-12-10T10:19:14.295251Z[0m [34mDEBUG[0m [2mhyper::client::pool[0m[2m:[0m pooling idle connection for ("http", 192.168.0.14:8545)
[2m2025-12-10T10:19:14.295269Z[0m [34mDEBUG[0m [2mhyper::client::pool[0m[2m:[0m reuse idle connection for ("http", 192.168.0.14:8545)
[2m2025-12-10T10:19:14.295285Z[0m [34mDEBUG[0m [2mhyper::proto::h1::io[0m[2m:[0m flushed 172 bytes
[2m2025-12-10T10:19:14.302191Z[0m [34mDEBUG[0m [2mhyper::proto::h1::io[0m[2m:[0m parsed 4 headers
[2m2025-12-10T10:19:14.302198Z[0m [34mDEBUG[0m [2mhyper::proto::h1::conn[0m[2m:[0m incoming body is content-length (45 bytes)
[2m2025-12-10T10:19:14.302210Z[0m [34mDEBUG[0m [2mhyper::proto::h1::conn[0m[2m:[0m incoming body completed
[2m2025-12-10T10:19:14.302224Z[0m [34mDEBUG[0m [2mhyper::client::pool[0m[2m:[0m pooling idle connection for ("http", 192.168.0.14:8545)
[2m2025-12-10T10:19:14.302238Z[0m [34mDEBUG[0m [2mhyper::client::pool[0m[2m:[0m reuse idle connection for ("http", 192.168.0.14:8545)
[2m2025-12-10T10:19:14.302252Z[0m [34mDEBUG[0m [2mhyper::proto::h1::io[0m[2m:[0m flushed 172 bytes
[2m2025-12-10T10:19:14.306670Z[0m [34mDEBUG[0m [2mhyper::proto::h1::io[0m[2m:[0m parsed 4 headers
[2m2025-12-10T10:19:14.306677Z[0m [34mDEBUG[0m [2mhyper::proto::h1::conn[0m[2m:[0m incoming body is content-length (45 bytes)
[2m2025-12-10T10:19:14.306683Z[0m [34mDEBUG[0m [2mhyper::proto::h1::conn[0m[2m:[0m incoming body completed
[2m2025-12-10T10:19:14.306689Z[0m [34mDEBUG[0m [2mhyper::client::pool[0m[2m:[0m pooling idle connection for ("http", 192.168.0.14:8545)
[2m2025-12-10T10:19:14.306701Z[0m [34mDEBUG[0m [2mhyper::client::pool[0m[2m:[0m reuse idle connection for ("http", 192.168.0.14:8545)
[2m2025-12-10T10:19:14.306717Z[0m [34mDEBUG[0m [2mhyper::proto::h1::io[0m[2m:[0m flushed 172 bytes
[2m2025-12-10T10:19:14.310771Z[0m [34mDEBUG[0m [2mhyper::proto::h1::io[0m[2m:[0m parsed 4 headers
[2m2025-12-10T10:19:14.310776Z[0m [34mDEBUG[0m [2mhyper::proto::h1::conn[0m[2m:[0m incoming body is content-length (45 bytes)
[2m2025-12-10T10:19:14.310781Z[0m [34mDEBUG[0m [2mhyper::proto::h1::conn[0m[2m:[0m incoming body completed
[2m2025-12-10T10:19:14.310786Z[0m [34mDEBUG[0m [2mhyper::client::pool[0m[2m:[0m pooling idle connection for ("http", 192.168.0.14:8545)
[2m2025-12-10T10:19:14.310796Z[0m [34mDEBUG[0m [2mhyper::client::pool[0m[2m:[0m reuse idle connection for ("http", 192.168.0.14:8545)
[2m2025-12-10T10:19:14.310809Z[0m [34mDEBUG[0m [2mhyper::proto::h1::io[0m[2m:[0m flushed 172 bytes
[2m2025-12-10T10:19:14.314985Z[0m [34mDEBUG[0m [2mhyper::proto::h1::io[0m[2m:[0m parsed 4 headers
[2m2025-12-10T10:19:14.314992Z[0m [34mDEBUG[0m [2mhyper::proto::h1::conn[0m[2m:[0m incoming body is content-length (45 bytes)
[2m2025-12-10T10:19:14.314997Z[0m [34mDEBUG[0m [2mhyper::proto::h1::conn[0m[2m:[0m incoming body completed
[2m2025-12-10T10:19:14.315003Z[0m [34mDEBUG[0m [2mhyper::client::pool[0m[2m:[0m pooling idle connection for ("http", 192.168.0.14:8545)
[2m2025-12-10T10:19:14.315015Z[0m [34mDEBUG[0m [2mhyper::client::pool[0m[2m:[0m reuse idle connection for ("http", 192.168.0.14:8545)
[2m2025-12-10T10:19:14.315030Z[0m [34mDEBUG[0m [2mhyper::proto::h1::io[0m[2m:[0m flushed 172 bytes
[2m2025-12-10T10:19:14.319307Z[0m [34mDEBUG[0m [2mhyper::proto::h1::io[0m[2m:[0m parsed 4 headers
[2m2025-12-10T10:19:14.319316Z[0m [34mDEBUG[0m [2mhyper::proto::h1::conn[0m[2m:[0m incoming body is content-length (45 bytes)
[2m2025-12-10T10:19:14.319321Z[0m [34mDEBUG[0m [2mhyper::proto::h1::conn[0m[2m:[0m incoming body completed
[2m2025-12-10T10:19:14.319327Z[0m [34mDEBUG[0m [2mhyper::client::pool[0m[2m:[0m pooling idle connection for ("http", 192.168.0.14:8545)
[2m2025-12-10T10:19:14.319344Z[0m [34mDEBUG[0m [2mhyper::client::pool[0m[2m:[0m reuse idle connection for ("http", 192.168.0.14:8545)
[2m2025-12-10T10:19:14.319359Z[0m [34mDEBUG[0m [2mhyper::proto::h1::io[0m[2m:[0m flushed 172 bytes
[2m2025-12-10T10:19:14.324636Z[0m [34mDEBUG[0m [2mhyper::proto::h1::io[0m[2m:[0m parsed 4 headers
[2m2025-12-10T10:19:14.324643Z[0m [34mDEBUG[0m [2mhyper::proto::h1::conn[0m[2m:[0m incoming body is content-length (45 bytes)
[2m2025-12-10T10:19:14.324650Z[0m [34mDEBUG[0m [2mhyper::proto::h1::conn[0m[2m:[0m incoming body completed
[2m2025-12-10T10:19:14.324656Z[0m [34mDEBUG[0m [2mhyper::client::pool[0m[2m:[0m pooling idle connection for ("http", 192.168.0.14:8545)
[2m2025-12-10T10:19:14.324750Z[0m [34mDEBUG[0m [2mhyper::client::pool[0m[2m:[0m reuse idle connection for ("http", 192.168.0.14:8545)
[2m2025-12-10T10:19:14.324775Z[0m [34mDEBUG[0m [2mhyper::proto::h1::io[0m[2m:[0m flushed 172 bytes
[2m2025-12-10T10:19:14.330416Z[0m [34mDEBUG[0m [2mhyper::proto::h1::io[0m[2m:[0m parsed 4 headers
[2m2025-12-10T10:19:14.330425Z[0m [34mDEBUG[0m [2mhyper::proto::h1::conn[0m[2m:[0m incoming body is content-length (45 bytes)
[2m2025-12-10T10:19:14.330437Z[0m [34mDEBUG[0m [2mhyper::proto::h1::conn[0m[2m:[0m incoming body completed
[2m2025-12-10T10:19:14.330471Z[0m [34mDEBUG[0m [2mhyper::client::pool[0m[2m:[0m pooling idle connection for ("http", 192.168.0.14:8545)
[2m2025-12-10T10:19:14.330502Z[0m [34mDEBUG[0m [2mhyper::client::pool[0m[2m:[0m reuse idle connection for ("http", 192.168.0.14:8545)
[2m2025-12-10T10:19:14.330563Z[0m [34mDEBUG[0m [2mhyper::proto::h1::io[0m[2m:[0m flushed 172 bytes
[2m2025-12-10T10:19:14.333456Z[0m [34mDEBUG[0m [2methereum_transaction_pool_monitor::eth_client[0m[2m:[0m 📨 Received WebSocket message: {"jsonrpc":"2.0","method":"eth_subscription","params":{"subscription":"0xbed0a0851463e895960a451075a301a9","result":"0x0247f35d2032d479b55970e8b0410ba3aa2987263cbdbd90918b1694a83c882f"}}
[2m2025-12-10T10:19:14.333480Z[0m [34mDEBUG[0m [2methereum_transaction_pool_monitor::eth_client[0m[2m:[0m 📨 Received pending transaction: 0x0247f35d2032d479b55970e8b0410ba3aa2987263cbdbd90918b1694a83c882f
[2m2025-12-10T10:19:14.336769Z[0m [34mDEBUG[0m [2mhyper::proto::h1::io[0m[2m:[0m parsed 4 headers
[2m2025-12-10T10:19:14.336776Z[0m [34mDEBUG[0m [2mhyper::proto::h1::conn[0m[2m:[0m incoming body is content-length (45 bytes)
[2m2025-12-10T10:19:14.336782Z[0m [34mDEBUG[0m [2mhyper::proto::h1::conn[0m[2m:[0m incoming body completed
[2m2025-12-10T10:19:14.336788Z[0m [34mDEBUG[0m [2mhyper::client::pool[0m[2m:[0m pooling idle connection for ("http", 192.168.0.14:8545)
[2m2025-12-10T10:19:14.336802Z[0m [34mDEBUG[0m [2mhyper::client::pool[0m[2m:[0m reuse idle connection for ("http", 192.168.0.14:8545)
[2m2025-12-10T10:19:14.336817Z[0m [34mDEBUG[0m [2mhyper::proto::h1::io[0m[2m:[0m flushed 172 bytes
[2m2025-12-10T10:19:14.342323Z[0m [34mDEBUG[0m [2mhyper::proto::h1::io[0m[2m:[0m parsed 4 headers
[2m2025-12-10T10:19:14.342395Z[0m [34mDEBUG[0m [2mhyper::proto::h1::conn[0m[2m:[0m incoming body is content-length (45 bytes)
[2m2025-12-10T10:19:14.342402Z[0m [34mDEBUG[0m [2mhyper::proto::h1::conn[0m[2m:[0m incoming body completed
[2m2025-12-10T10:19:14.342408Z[0m [34mDEBUG[0m [2mhyper::client::pool[0m[2m:[0m pooling idle connection for ("http", 192.168.0.14:8545)
[2m2025-12-10T10:19:14.342556Z[0m [34mDEBUG[0m [2mhyper::client::pool[0m[2m:[0m reuse idle connection for ("http", 192.168.0.14:8545)
[2m2025-12-10T10:19:14.342572Z[0m [34mDEBUG[0m [2mhyper::proto::h1::io[0m[2m:[0m flushed 172 bytes
[2m2025-12-10T10:19:14.351281Z[0m [34mDEBUG[0m [2mhyper::proto::h1::io[0m[2m:[0m parsed 4 headers
[2m2025-12-10T10:19:14.351307Z[0m [34mDEBUG[0m [2mhyper::proto::h1::conn[0m[2m:[0m incoming body is content-length (45 bytes)
[2m2025-12-10T10:19:14.351315Z[0m [34mDEBUG[0m [2mhyper::proto::h1::conn[0m[2m:[0m incoming body completed
[2m2025-12-10T10:19:14.351340Z[0m [34mDEBUG[0m [2mhyper::client::pool[0m[2m:[0m pooling idle connection for ("http", 192.168.0.14:8545)
[2m2025-12-10T10:19:14.351699Z[0m [34mDEBUG[0m [2mhyper::client::pool[0m[2m:[0m reuse idle connection for ("http", 192.168.0.14:8545)
[2m2025-12-10T10:19:14.351774Z[0m [34mDEBUG[0m [2mhyper::proto::h1::io[0m[2m:[0m flushed 172 bytes
[2m2025-12-10T10:19:14.378628Z[0m [34mDEBUG[0m [2mhyper::proto::h1::io[0m[2m:[0m parsed 4 headers
[2m2025-12-10T10:19:14.378660Z[0m [34mDEBUG[0m [2mhyper::proto::h1::conn[0m[2m:[0m incoming body is content-length (45 bytes)
[2m2025-12-10T10:19:14.378672Z[0m [34mDEBUG[0m [2mhyper::proto::h1::conn[0m[2m:[0m incoming body completed
[2m2025-12-10T10:19:14.378689Z[0m [34mDEBUG[0m [2mhyper::client::pool[0m[2m:[0m pooling idle connection for ("http", 192.168.0.14:8545)
[2m2025-12-10T10:19:14.378725Z[0m [34mDEBUG[0m [2mhyper::client::pool[0m[2m:[0m reuse idle connection for ("http", 192.168.0.14:8545)
[2m2025-12-10T10:19:14.378818Z[0m [34mDEBUG[0m [2mhyper::proto::h1::io[0m[2m:[0m flushed 172 bytes
[2m2025-12-10T10:19:14.384348Z[0m [34mDEBUG[0m [2mhyper::proto::h1::io[0m[2m:[0m parsed 4 headers
[2m2025-12-10T10:19:14.384368Z[0m [34mDEBUG[0m [2mhyper::proto::h1::conn[0m[2m:[0m incoming body is content-length (45 bytes)
[2m2025-12-10T10:19:14.384380Z[0m [34mDEBUG[0m [2mhyper::proto::h1::conn[0m[2m:[0m incoming body completed
[2m2025-12-10T10:19:14.384392Z[0m [34mDEBUG[0m [2mhyper::client::pool[0m[2m:[0m pooling idle connection for ("http", 192.168.0.14:8545)
[2m2025-12-10T10:19:14.384426Z[0m [34mDEBUG[0m [2mhyper::client::pool[0m[2m:[0m reuse idle connection for ("http", 192.168.0.14:8545)
[2m2025-12-10T10:19:14.384468Z[0m [34mDEBUG[0m [2mhyper::proto::h1::io[0m[2m:[0m flushed 172 bytes
[2m2025-12-10T10:19:14.391183Z[0m [34mDEBUG[0m [2mhyper::proto::h1::io[0m[2m:[0m parsed 4 headers
[2m2025-12-10T10:19:14.391256Z[0m [34mDEBUG[0m [2mhyper::proto::h1::conn[0m[2m:[0m incoming body is content-length (45 bytes)
[2m2025-12-10T10:19:14.391280Z[0m [34mDEBUG[0m [2mhyper::proto::h1::conn[0m[2m:[0m incoming body completed
[2m2025-12-10T10:19:14.391313Z[0m [34mDEBUG[0m [2mhyper::client::pool[0m[2m:[0m pooling idle connection for ("http", 192.168.0.14:8545)
[2m2025-12-10T10:19:14.391438Z[0m [34mDEBUG[0m [2mhyper::client::pool[0m[2m:[0m reuse idle connection for ("http", 192.168.0.14:8545)
[2m2025-12-10T10:19:14.395166Z[0m [34mDEBUG[0m [2mhyper::proto::h1::io[0m[2m:[0m flushed 172 bytes
[2m2025-12-10T10:19:14.395203Z[0m [34mDEBUG[0m [2mhyper::proto::h1::io[0m[2m:[0m parsed 4 headers
[2m2025-12-10T10:19:14.395264Z[0m [34mDEBUG[0m [2mhyper::proto::h1::conn[0m[2m:[0m incoming body is content-length (45 bytes)
[2m2025-12-10T10:19:14.395275Z[0m [34mDEBUG[0m [2mhyper::proto::h1::conn[0m[2m:[0m incoming body completed
[2m2025-12-10T10:19:14.395286Z[0m [34mDEBUG[0m [2mhyper::client::pool[0m[2m:[0m pooling idle connection for ("http", 192.168.0.14:8545)
[2m2025-12-10T10:19:14.395404Z[0m [34mDEBUG[0m [2mhyper::client::pool[0m[2m:[0m reuse idle connection for ("http", 192.168.0.14:8545)
[2m2025-12-10T10:19:14.395433Z[0m [34mDEBUG[0m [2mhyper::proto::h1::io[0m[2m:[0m flushed 172 bytes
[2m2025-12-10T10:19:14.403784Z[0m [34mDEBUG[0m [2mhyper::proto::h1::io[0m[2m:[0m parsed 4 headers
[2m2025-12-10T10:19:14.403800Z[0m [34mDEBUG[0m [2mhyper::proto::h1::conn[0m[2m:[0m incoming body is content-length (45 bytes)
[2m2025-12-10T10:19:14.403815Z[0m [34mDEBUG[0m [2mhyper::proto::h1::conn[0m[2m:[0m incoming body completed
[2m2025-12-10T10:19:14.404284Z[0m [34mDEBUG[0m [2mhyper::client::pool[0m[2m:[0m pooling idle connection for ("http", 192.168.0.14:8545)
[2m2025-12-10T10:19:14.404631Z[0m [34mDEBUG[0m [2mhyper::client::pool[0m[2m:[0m reuse idle connection for ("http", 192.168.0.14:8545)
[2m2025-12-10T10:19:14.404724Z[0m [34mDEBUG[0m [2mhyper::proto::h1::io[0m[2m:[0m flushed 172 bytes
[2m2025-12-10T10:19:14.407757Z[0m [34mDEBUG[0m [2mhyper::proto::h1::io[0m[2m:[0m parsed 4 headers
[2m2025-12-10T10:19:14.407773Z[0m [34mDEBUG[0m [2mhyper::proto::h1::conn[0m[2m:[0m incoming body is content-length (45 bytes)
[2m2025-12-10T10:19:14.407782Z[0m [34mDEBUG[0m [2mhyper::proto::h1::conn[0m[2m:[0m incoming body completed
[2m2025-12-10T10:19:14.407795Z[0m [34mDEBUG[0m [2mhyper::client::pool[0m[2m:[0m pooling idle connection for ("http", 192.168.0.14:8545)
[2m2025-12-10T10:19:14.407829Z[0m [34mDEBUG[0m [2mhyper::client::pool[0m[2m:[0m reuse idle connection for ("http", 192.168.0.14:8545)
[2m2025-12-10T10:19:14.407920Z[0m [34mDEBUG[0m [2mhyper::proto::h1::io[0m[2m:[0m flushed 172 bytes
[2m2025-12-10T10:19:14.414560Z[0m [34mDEBUG[0m [2mhyper::proto::h1::io[0m[2m:[0m parsed 4 headers
[2m2025-12-10T10:19:14.414576Z[0m [34mDEBUG[0m [2mhyper::proto::h1::conn[0m[2m:[0m incoming body is content-length (45 bytes)
[2m2025-12-10T10:19:14.414587Z[0m [34mDEBUG[0m [2mhyper::proto::h1::conn[0m[2m:[0m incoming body completed
[2m2025-12-10T10:19:14.414601Z[0m [34mDEBUG[0m [2mhyper::client::pool[0m[2m:[0m pooling idle connection for ("http", 192.168.0.14:8545)
[2m2025-12-10T10:19:14.414709Z[0m [34mDEBUG[0m [2mhyper::client::pool[0m[2m:[0m reuse idle connection for ("http", 192.168.0.14:8545)
[2m2025-12-10T10:19:14.414780Z[0m [34mDEBUG[0m [2mhyper::proto::h1::io[0m[2m:[0m flushed 172 bytes
[2m2025-12-10T10:19:14.421664Z[0m [34mDEBUG[0m [2mhyper::proto::h1::io[0m[2m:[0m parsed 4 headers
[2m2025-12-10T10:19:14.421745Z[0m [34mDEBUG[0m [2mhyper::proto::h1::conn[0m[2m:[0m incoming body is content-length (45 bytes)
[2m2025-12-10T10:19:14.421767Z[0m [34mDEBUG[0m [2mhyper::proto::h1::conn[0m[2m:[0m incoming body completed
[2m2025-12-10T10:19:14.421808Z[0m [34mDEBUG[0m [2mhyper::client::pool[0m[2m:[0m pooling idle connection for ("http", 192.168.0.14:8545)
[2m2025-12-10T10:19:14.421884Z[0m [34mDEBUG[0m [2mhyper::client::pool[0m[2m:[0m reuse idle connection for ("http", 192.168.0.14:8545)
[2m2025-12-10T10:19:14.421951Z[0m [34mDEBUG[0m [2mhyper::proto::h1::io[0m[2m:[0m flushed 172 bytes
[2m2025-12-10T10:19:14.426972Z[0m [34mDEBUG[0m [2mhyper::proto::h1::io[0m[2m:[0m parsed 4 headers
[2m2025-12-10T10:19:14.426986Z[0m [34mDEBUG[0m [2mhyper::proto::h1::conn[0m[2m:[0m incoming body is content-length (45 bytes)
[2m2025-12-10T10:19:14.427278Z[0m [34mDEBUG[0m [2mhyper::proto::h1::conn[0m[2m:[0m incoming body completed
[2m2025-12-10T10:19:14.427291Z[0m [34mDEBUG[0m [2mhyper::client::pool[0m[2m:[0m pooling idle connection for ("http", 192.168.0.14:8545)
[2m2025-12-10T10:19:14.427321Z[0m [34mDEBUG[0m [2mhyper::client::pool[0m[2m:[0m reuse idle connection for ("http", 192.168.0.14:8545)
[2m2025-12-10T10:19:14.427358Z[0m [34mDEBUG[0m [2mhyper::proto::h1::io[0m[2m:[0m flushed 172 bytes
[2m2025-12-10T10:19:14.430816Z[0m [34mDEBUG[0m [2mhyper::proto::h1::io[0m[2m:[0m parsed 4 headers
[2m2025-12-10T10:19:14.430825Z[0m [34mDEBUG[0m [2mhyper::proto::h1::conn[0m[2m:[0m incoming body is content-length (45 bytes)
[2m2025-12-10T10:19:14.430832Z[0m [34mDEBUG[0m [2mhyper::proto::h1::conn[0m[2m:[0m incoming body completed
[2m2025-12-10T10:19:14.430840Z[0m [34mDEBUG[0m [2mhyper::client::pool[0m[2m:[0m pooling idle connection for ("http", 192.168.0.14:8545)
[2m2025-12-10T10:19:14.430860Z[0m [34mDEBUG[0m [2mhyper::client::pool[0m[2m:[0m reuse idle connection for ("http", 192.168.0.14:8545)
[2m2025-12-10T10:19:14.430900Z[0m [34mDEBUG[0m [2mhyper::proto::h1::io[0m[2m:[0m flushed 172 bytes
[2m2025-12-10T10:19:14.436686Z[0m [34mDEBUG[0m [2mhyper::proto::h1::io[0m[2m:[0m parsed 4 headers
[2m2025-12-10T10:19:14.436698Z[0m [34mDEBUG[0m [2mhyper::proto::h1::conn[0m[2m:[0m incoming body is content-length (45 bytes)
[2m2025-12-10T10:19:14.436707Z[0m [34mDEBUG[0m [2mhyper::proto::h1::conn[0m[2m:[0m incoming body completed
[2m2025-12-10T10:19:14.436716Z[0m [34mDEBUG[0m [2mhyper::client::pool[0m[2m:[0m pooling idle connection for ("http", 192.168.0.14:8545)
[2m2025-12-10T10:19:14.436740Z[0m [34mDEBUG[0m [2mhyper::client::pool[0m[2m:[0m reuse idle connection for ("http", 192.168.0.14:8545)
[2m2025-12-10T10:19:14.436774Z[0m [34mDEBUG[0m [2mhyper::proto::h1::io[0m[2m:[0m flushed 172 bytes
[2m2025-12-10T10:19:14.441079Z[0m [34mDEBUG[0m [2mhyper::proto::h1::io[0m[2m:[0m parsed 4 headers
[2m2025-12-10T10:19:14.441158Z[0m [34mDEBUG[0m [2mhyper::proto::h1::conn[0m[2m:[0m incoming body is content-length (45 bytes)
[2m2025-12-10T10:19:14.441177Z[0m [34mDEBUG[0m [2mhyper::proto::h1::conn[0m[2m:[0m incoming body completed
[2m2025-12-10T10:19:14.441205Z[0m [34mDEBUG[0m [2mhyper::client::pool[0m[2m:[0m pooling idle connection for ("http", 192.168.0.14:8545)
[2m2025-12-10T10:19:14.441229Z[0m [34mDEBUG[0m [2mhyper::client::pool[0m[2m:[0m reuse idle connection for ("http", 192.168.0.14:8545)
[2m2025-12-10T10:19:14.441251Z[0m [34mDEBUG[0m [2mhyper::proto::h1::io[0m[2m:[0m flushed 172 bytes
[2m2025-12-10T10:19:14.451432Z[0m [34mDEBUG[0m [2mhyper::proto::h1::io[0m[2m:[0m parsed 4 headers
[2m2025-12-10T10:19:14.451447Z[0m [34mDEBUG[0m [2mhyper::proto::h1::conn[0m[2m:[0m incoming body is content-length (45 bytes)
[2m2025-12-10T10:19:14.451458Z[0m [34mDEBUG[0m [2mhyper::proto::h1::conn[0m[2m:[0m incoming body completed
[2m2025-12-10T10:19:14.451470Z[0m [34mDEBUG[0m [2mhyper::client::pool[0m[2m:[0m pooling idle connection for ("http", 192.168.0.14:8545)
[2m2025-12-10T10:19:14.451513Z[0m [34mDEBUG[0m [2mhyper::client::pool[0m[2m:[0m reuse idle connection for ("http", 192.168.0.14:8545)
[2m2025-12-10T10:19:14.451602Z[0m [34mDEBUG[0m [2mhyper::proto::h1::io[0m[2m:[0m flushed 172 bytes
[2m2025-12-10T10:19:14.455844Z[0m [34mDEBUG[0m [2mhyper::proto::h1::io[0m[2m:[0m parsed 4 headers
[2m2025-12-10T10:19:14.455866Z[0m [34mDEBUG[0m [2mhyper::proto::h1::conn[0m[2m:[0m incoming body is content-length (45 bytes)
[2m2025-12-10T10:19:14.455883Z[0m [34mDEBUG[0m [2mhyper::proto::h1::conn[0m[2m:[0m incoming body completed
[2m2025-12-10T10:19:14.455896Z[0m [34mDEBUG[0m [2mhyper::client::pool[0m[2m:[0m pooling idle connection for ("http", 192.168.0.14:8545)
[2m2025-12-10T10:19:14.455928Z[0m [34mDEBUG[0m [2mhyper::client::pool[0m[2m:[0m reuse idle connection for ("http", 192.168.0.14:8545)
[2m2025-12-10T10:19:14.455987Z[0m [34mDEBUG[0m [2mhyper::proto::h1::io[0m[2m:[0m flushed 172 bytes
[2m2025-12-10T10:19:14.461900Z[0m [34mDEBUG[0m [2mhyper::proto::h1::io[0m[2m:[0m parsed 4 headers
[2m2025-12-10T10:19:14.461915Z[0m [34mDEBUG[0m [2mhyper::proto::h1::conn[0m[2m:[0m incoming body is content-length (45 bytes)
[2m2025-12-10T10:19:14.461925Z[0m [34mDEBUG[0m [2mhyper::proto::h1::conn[0m[2m:[0m incoming body completed
[2m2025-12-10T10:19:14.461946Z[0m [34mDEBUG[0m [2mhyper::client::pool[0m[2m:[0m pooling idle connection for ("http", 192.168.0.14:8545)
[2m2025-12-10T10:19:14.461980Z[0m [34mDEBUG[0m [2mhyper::client::pool[0m[2m:[0m reuse idle connection for ("http", 192.168.0.14:8545)
[2m2025-12-10T10:19:14.462004Z[0m [34mDEBUG[0m [2mhyper::proto::h1::io[0m[2m:[0m flushed 172 bytes
[2m2025-12-10T10:19:14.466498Z[0m [34mDEBUG[0m [2mhyper::proto::h1::io[0m[2m:[0m parsed 4 headers
[2m2025-12-10T10:19:14.466525Z[0m [34mDEBUG[0m [2mhyper::proto::h1::conn[0m[2m:[0m incoming body is content-length (45 bytes)
[2m2025-12-10T10:19:14.466540Z[0m [34mDEBUG[0m [2mhyper::proto::h1::conn[0m[2m:[0m incoming body completed
[2m2025-12-10T10:19:14.466574Z[0m [34mDEBUG[0m [2mhyper::client::pool[0m[2m:[0m pooling idle connection for ("http", 192.168.0.14:8545)
[2m2025-12-10T10:19:14.466634Z[0m [34mDEBUG[0m [2mhyper::client::pool[0m[2m:[0m reuse idle connection for ("http", 192.168.0.14:8545)
[2m2025-12-10T10:19:14.466703Z[0m [34mDEBUG[0m [2mhyper::proto::h1::io[0m[2m:[0m flushed 172 bytes
[2m2025-12-10T10:19:14.476881Z[0m [34mDEBUG[0m [2mhyper::proto::h1::io[0m[2m:[0m parsed 4 headers
[2m2025-12-10T10:19:14.476928Z[0m [34mDEBUG[0m [2mhyper::proto::h1::conn[0m[2m:[0m incoming body is content-length (45 bytes)
[2m2025-12-10T10:19:14.476937Z[0m [34mDEBUG[0m [2mhyper::proto::h1::conn[0m[2m:[0m incoming body completed
[2m2025-12-10T10:19:14.476964Z[0m [34mDEBUG[0m [2mhyper::client::pool[0m[2m:[0m pooling idle connection for ("http", 192.168.0.14:8545)
[2m2025-12-10T10:19:14.477080Z[0m [34mDEBUG[0m [2mhyper::client::pool[0m[2m:[0m reuse idle connection for ("http", 192.168.0.14:8545)
[2m2025-12-10T10:19:14.477130Z[0m [34mDEBUG[0m [2mhyper::proto::h1::io[0m[2m:[0m flushed 172 bytes
[2m2025-12-10T10:19:14.481770Z[0m [34mDEBUG[0m [2mhyper::proto::h1::io[0m[2m:[0m parsed 4 headers
[2m2025-12-10T10:19:14.481783Z[0m [34mDEBUG[0m [2mhyper::proto::h1::conn[0m[2m:[0m incoming body is content-length (45 bytes)
[2m2025-12-10T10:19:14.481793Z[0m [34mDEBUG[0m [2mhyper::proto::h1::conn[0m[2m:[0m incoming body completed
[2m2025-12-10T10:19:14.481804Z[0m [34mDEBUG[0m [2mhyper::client::pool[0m[2m:[0m pooling idle connection for ("http", 192.168.0.14:8545)
[2m2025-12-10T10:19:14.481851Z[0m [34mDEBUG[0m [2mhyper::client::pool[0m[2m:[0m reuse idle connection for ("http", 192.168.0.14:8545)
[2m2025-12-10T10:19:14.481881Z[0m [34mDEBUG[0m [2mhyper::proto::h1::io[0m[2m:[0m flushed 172 bytes
[2m2025-12-10T10:19:14.485874Z[0m [34mDEBUG[0m [2mhyper::proto::h1::io[0m[2m:[0m parsed 4 headers
[2m2025-12-10T10:19:14.485885Z[0m [34mDEBUG[0m [2mhyper::proto::h1::conn[0m[2m:[0m incoming body is content-length (45 bytes)
[2m2025-12-10T10:19:14.485894Z[0m [34mDEBUG[0m [2mhyper::proto::h1::conn[0m[2m:[0m incoming body completed
[2m2025-12-10T10:19:14.485903Z[0m [34mDEBUG[0m [2mhyper::client::pool[0m[2m:[0m pooling idle connection for ("http", 192.168.0.14:8545)
[2m2025-12-10T10:19:14.485936Z[0m [34mDEBUG[0m [2mhyper::client::pool[0m[2m:[0m reuse idle connection for ("http", 192.168.0.14:8545)
[2m2025-12-10T10:19:14.485957Z[0m [34mDEBUG[0m [2mhyper::proto::h1::io[0m[2m:[0m flushed 172 bytes
[2m2025-12-10T10:19:14.492226Z[0m [34mDEBUG[0m [2mhyper::proto::h1::io[0m[2m:[0m parsed 4 headers
[2m2025-12-10T10:19:14.492241Z[0m [34mDEBUG[0m [2mhyper::proto::h1::conn[0m[2m:[0m incoming body is content-length (45 bytes)
[2m2025-12-10T10:19:14.492262Z[0m [34mDEBUG[0m [2mhyper::proto::h1::conn[0m[2m:[0m incoming body completed
[2m2025-12-10T10:19:14.492284Z[0m [34mDEBUG[0m [2mhyper::client::pool[0m[2m:[0m pooling idle connection for ("http", 192.168.0.14:8545)
[2m2025-12-10T10:19:14.492324Z[0m [34mDEBUG[0m [2mhyper::client::pool[0m[2m:[0m reuse idle connection for ("http", 192.168.0.14:8545)
[2m2025-12-10T10:19:14.492357Z[0m [34mDEBUG[0m [2mhyper::proto::h1::io[0m[2m:[0m flushed 172 bytes
[2m2025-12-10T10:19:14.498037Z[0m [34mDEBUG[0m [2mhyper::proto::h1::io[0m[2m:[0m parsed 4 headers
[2m2025-12-10T10:19:14.498049Z[0m [34mDEBUG[0m [2mhyper::proto::h1::conn[0m[2m:[0m incoming body is content-length (45 bytes)
[2m2025-12-10T10:19:14.498060Z[0m [34mDEBUG[0m [2mhyper::proto::h1::conn[0m[2m:[0m incoming body completed
[2m2025-12-10T10:19:14.498071Z[0m [34mDEBUG[0m [2mhyper::client::pool[0m[2m:[0m pooling idle connection for ("http", 192.168.0.14:8545)
[2m2025-12-10T10:19:14.498765Z[0m [34mDEBUG[0m [2mhyper::client::pool[0m[2m:[0m reuse idle connection for ("http", 192.168.0.14:8545)
[2m2025-12-10T10:19:14.499564Z[0m [34mDEBUG[0m [2mhyper::proto::h1::io[0m[2m:[0m flushed 172 bytes
[2m2025-12-10T10:19:14.508903Z[0m [34mDEBUG[0m [2mhyper::proto::h1::io[0m[2m:[0m parsed 4 headers
[2m2025-12-10T10:19:14.508920Z[0m [34mDEBUG[0m [2mhyper::proto::h1::conn[0m[2m:[0m incoming body is content-length (45 bytes)
[2m2025-12-10T10:19:14.508941Z[0m [34mDEBUG[0m [2mhyper::proto::h1::conn[0m[2m:[0m incoming body completed
[2m2025-12-10T10:19:14.508956Z[0m [34mDEBUG[0m [2mhyper::client::pool[0m[2m:[0m pooling idle connection for ("http", 192.168.0.14:8545)
[2m2025-12-10T10:19:14.508991Z[0m [34mDEBUG[0m [2mhyper::client::pool[0m[2m:[0m reuse idle connection for ("http", 192.168.0.14:8545)
[2m2025-12-10T10:19:14.509620Z[0m [34mDEBUG[0m [2mhyper::proto::h1::io[0m[2m:[0m flushed 172 bytes
[2m2025-12-10T10:19:14.519212Z[0m [34mDEBUG[0m [2mhyper::proto::h1::io[0m[2m:[0m parsed 4 headers
[2m2025-12-10T10:19:14.519228Z[0m [34mDEBUG[0m [2mhyper::proto::h1::conn[0m[2m:[0m incoming body is content-length (45 bytes)
[2m2025-12-10T10:19:14.519242Z[0m [34mDEBUG[0m [2mhyper::proto::h1::conn[0m[2m:[0m incoming body completed
[2m2025-12-10T10:19:14.519256Z[0m [34mDEBUG[0m [2mhyper::client::pool[0m[2m:[0m pooling idle connection for ("http", 192.168.0.14:8545)
[2m2025-12-10T10:19:14.519287Z[0m [34mDEBUG[0m [2mhyper::client::pool[0m[2m:[0m reuse idle connection for ("http", 192.168.0.14:8545)
[2m2025-12-10T10:19:14.519393Z[0m [34mDEBUG[0m [2mhyper::proto::h1::io[0m[2m:[0m flushed 172 bytes
[2m2025-12-10T10:19:14.524424Z[0m [34mDEBUG[0m [2mhyper::proto::h1::io[0m[2m:[0m parsed 4 headers
[2m2025-12-10T10:19:14.526679Z[0m [34mDEBUG[0m [2mhyper::proto::h1::conn[0m[2m:[0m incoming body is content-length (45 bytes)
[2m2025-12-10T10:19:14.526697Z[0m [34mDEBUG[0m [2mhyper::proto::h1::conn[0m[2m:[0m incoming body completed
[2m2025-12-10T10:19:14.526715Z[0m [34mDEBUG[0m [2mhyper::client::pool[0m[2m:[0m pooling idle connection for ("http", 192.168.0.14:8545)
[2m2025-12-10T10:19:14.526819Z[0m [34mDEBUG[0m [2mhyper::client::pool[0m[2m:[0m reuse idle connection for ("http", 192.168.0.14:8545)
[2m2025-12-10T10:19:14.526848Z[0m [34mDEBUG[0m [2mhyper::proto::h1::io[0m[2m:[0m flushed 172 bytes
[2m2025-12-10T10:19:14.538155Z[0m [34mDEBUG[0m [2mhyper::proto::h1::io[0m[2m:[0m parsed 4 headers
[2m2025-12-10T10:19:14.567725Z[0m [34mDEBUG[0m [2mhyper::proto::h1::conn[0m[2m:[0m incoming body is content-length (45 bytes)
[2m2025-12-10T10:19:14.567832Z[0m [34mDEBUG[0m [2mhyper::proto::h1::conn[0m[2m:[0m incoming body completed
[2m2025-12-10T10:19:14.567884Z[0m [34mDEBUG[0m [2mhyper::client::pool[0m[2m:[0m pooling idle connection for ("http", 192.168.0.14:8545)
[2m2025-12-10T10:19:14.567989Z[0m [34mDEBUG[0m [2mhyper::client::pool[0m[2m:[0m reuse idle connection for ("http", 192.168.0.14:8545)
[2m2025-12-10T10:19:14.568144Z[0m [34mDEBUG[0m [2mhyper::proto::h1::io[0m[2m:[0m flushed 172 bytes
[2m2025-12-10T10:19:14.572973Z[0m [34mDEBUG[0m [2mhyper::proto::h1::io[0m[2m:[0m parsed 4 headers
[2m2025-12-10T10:19:14.573052Z[0m [34mDEBUG[0m [2mhyper::proto::h1::conn[0m[2m:[0m incoming body is content-length (45 bytes)
[2m2025-12-10T10:19:14.573080Z[0m [34mDEBUG[0m [2mhyper::proto::h1::conn[0m[2m:[0m incoming body completed
[2m2025-12-10T10:19:14.573279Z[0m [34mDEBUG[0m [2mhyper::client::pool[0m[2m:[0m pooling idle connection for ("http", 192.168.0.14:8545)
[2m2025-12-10T10:19:14.573327Z[0m [34mDEBUG[0m [2mhyper::client::pool[0m[2m:[0m reuse idle connection for ("http", 192.168.0.14:8545)
[2m2025-12-10T10:19:14.573393Z[0m [34mDEBUG[0m [2mhyper::proto::h1::io[0m[2m:[0m flushed 172 bytes
[2m2025-12-10T10:19:14.578958Z[0m [34mDEBUG[0m [2mhyper::proto::h1::io[0m[2m:[0m parsed 4 headers
[2m2025-12-10T10:19:14.579015Z[0m [34mDEBUG[0m [2mhyper::proto::h1::conn[0m[2m:[0m incoming body is content-length (45 bytes)
[2m2025-12-10T10:19:14.579029Z[0m [34mDEBUG[0m [2mhyper::proto::h1::conn[0m[2m:[0m incoming body completed
[2m2025-12-10T10:19:14.579051Z[0m [34mDEBUG[0m [2mhyper::client::pool[0m[2m:[0m pooling idle connection for ("http", 192.168.0.14:8545)
[2m2025-12-10T10:19:14.580107Z[0m [34mDEBUG[0m [2mhyper::client::pool[0m[2m:[0m reuse idle connection for ("http", 192.168.0.14:8545)
[2m2025-12-10T10:19:14.580169Z[0m [34mDEBUG[0m [2mhyper::proto::h1::io[0m[2m:[0m flushed 172 bytes
[2m2025-12-10T10:19:14.585339Z[0m [34mDEBUG[0m [2mhyper::proto::h1::io[0m[2m:[0m parsed 4 headers
[2m2025-12-10T10:19:14.585375Z[0m [34mDEBUG[0m [2mhyper::proto::h1::conn[0m[2m:[0m incoming body is content-length (45 bytes)
[2m2025-12-10T10:19:14.585462Z[0m [34mDEBUG[0m [2mhyper::proto::h1::conn[0m[2m:[0m incoming body completed
[2m2025-12-10T10:19:14.585497Z[0m [34mDEBUG[0m [2mhyper::client::pool[0m[2m:[0m pooling idle connection for ("http", 192.168.0.14:8545)
[2m2025-12-10T10:19:14.585553Z[0m [34mDEBUG[0m [2mhyper::client::pool[0m[2m:[0m reuse idle connection for ("http", 192.168.0.14:8545)
[2m2025-12-10T10:19:14.585727Z[0m [34mDEBUG[0m [2mhyper::proto::h1::io[0m[2m:[0m flushed 172 bytes
[2m2025-12-10T10:19:14.594261Z[0m [34mDEBUG[0m [2mhyper::proto::h1::io[0m[2m:[0m parsed 4 headers
[2m2025-12-10T10:19:14.594323Z[0m [34mDEBUG[0m [2mhyper::proto::h1::conn[0m[2m:[0m incoming body is content-length (45 bytes)
[2m2025-12-10T10:19:14.594386Z[0m [34mDEBUG[0m [2mhyper::proto::h1::conn[0m[2m:[0m incoming body completed
[2m2025-12-10T10:19:14.594408Z[0m [34mDEBUG[0m [2mhyper::client::pool[0m[2m:[0m pooling idle connection for ("http", 192.168.0.14:8545)
[2m2025-12-10T10:19:14.594496Z[0m [34mDEBUG[0m [2mhyper::client::pool[0m[2m:[0m reuse idle connection for ("http", 192.168.0.14:8545)
[2m2025-12-10T10:19:14.594555Z[0m [34mDEBUG[0m [2mhyper::proto::h1::io[0m[2m:[0m flushed 172 bytes
[2m2025-12-10T10:19:14.598929Z[0m [34mDEBUG[0m [2mhyper::proto::h1::io[0m[2m:[0m parsed 4 headers
[2m2025-12-10T10:19:14.598943Z[0m [34mDEBUG[0m [2mhyper::proto::h1::conn[0m[2m:[0m incoming body is content-length (45 bytes)
[2m2025-12-10T10:19:14.598952Z[0m [34mDEBUG[0m [2mhyper::proto::h1::conn[0m[2m:[0m incoming body completed
[2m2025-12-10T10:19:14.598964Z[0m [34mDEBUG[0m [2mhyper::client::pool[0m[2m:[0m pooling idle connection for ("http", 192.168.0.14:8545)
[2m2025-12-10T10:19:14.598996Z[0m [34mDEBUG[0m [2mhyper::client::pool[0m[2m:[0m reuse idle connection for ("http", 192.168.0.14:8545)
[2m2025-12-10T10:19:14.599022Z[0m [34mDEBUG[0m [2mhyper::proto::h1::io[0m[2m:[0m flushed 172 bytes
[2m2025-12-10T10:19:14.603574Z[0m [34mDEBUG[0m [2mhyper::proto::h1::io[0m[2m:[0m parsed 4 headers
[2m2025-12-10T10:19:14.603583Z[0m [34mDEBUG[0m [2mhyper::proto::h1::conn[0m[2m:[0m incoming body is content-length (45 bytes)
[2m2025-12-10T10:19:14.603589Z[0m [34mDEBUG[0m [2mhyper::proto::h1::conn[0m[2m:[0m incoming body completed
[2m2025-12-10T10:19:14.603637Z[0m [34mDEBUG[0m [2mhyper::client::pool[0m[2m:[0m pooling idle connection for ("http", 192.168.0.14:8545)
[2m2025-12-10T10:19:14.603668Z[0m [34mDEBUG[0m [2mhyper::client::pool[0m[2m:[0m reuse idle connection for ("http", 192.168.0.14:8545)
[2m2025-12-10T10:19:14.603700Z[0m [34mDEBUG[0m [2mhyper::proto::h1::io[0m[2m:[0m flushed 172 bytes
[2m2025-12-10T10:19:14.609099Z[0m [34mDEBUG[0m [2mhyper::proto::h1::io[0m[2m:[0m parsed 4 headers
[2m2025-12-10T10:19:14.609107Z[0m [34mDEBUG[0m [2mhyper::proto::h1::conn[0m[2m:[0m incoming body is content-length (45 bytes)
[2m2025-12-10T10:19:14.609113Z[0m [34mDEBUG[0m [2mhyper::proto::h1::conn[0m[2m:[0m incoming body completed
[2m2025-12-10T10:19:14.609123Z[0m [34mDEBUG[0m [2mhyper::client::pool[0m[2m:[0m pooling idle connection for ("http", 192.168.0.14:8545)
[2m2025-12-10T10:19:14.609140Z[0m [34mDEBUG[0m [2mhyper::client::pool[0m[2m:[0m reuse idle connection for ("http", 192.168.0.14:8545)
[2m2025-12-10T10:19:14.609163Z[0m [34mDEBUG[0m [2mhyper::proto::h1::io[0m[2m:[0m flushed 172 bytes
[2m2025-12-10T10:19:14.613385Z[0m [34mDEBUG[0m [2mhyper::proto::h1::io[0m[2m:[0m parsed 4 headers
[2m2025-12-10T10:19:14.613394Z[0m [34mDEBUG[0m [2mhyper::proto::h1::conn[0m[2m:[0m incoming body is content-length (45 bytes)
[2m2025-12-10T10:19:14.613400Z[0m [34mDEBUG[0m [2mhyper::proto::h1::conn[0m[2m:[0m incoming body completed
[2m2025-12-10T10:19:14.613408Z[0m [34mDEBUG[0m [2mhyper::client::pool[0m[2m:[0m pooling idle connection for ("http", 192.168.0.14:8545)
[2m2025-12-10T10:19:14.613423Z[0m [34mDEBUG[0m [2mhyper::client::pool[0m[2m:[0m reuse idle connection for ("http", 192.168.0.14:8545)
[2m2025-12-10T10:19:14.613444Z[0m [34mDEBUG[0m [2mhyper::proto::h1::io[0m[2m:[0m flushed 172 bytes
[2m2025-12-10T10:19:14.618959Z[0m [34mDEBUG[0m [2mhyper::proto::h1::io[0m[2m:[0m parsed 4 headers
[2m2025-12-10T10:19:14.618969Z[0m [34mDEBUG[0m [2mhyper::proto::h1::conn[0m[2m:[0m incoming body is content-length (45 bytes)
[2m2025-12-10T10:19:14.618975Z[0m [34mDEBUG[0m [2mhyper::proto::h1::conn[0m[2m:[0m incoming body completed
[2m2025-12-10T10:19:14.618982Z[0m [34mDEBUG[0m [2mhyper::client::pool[0m[2m:[0m pooling idle connection for ("http", 192.168.0.14:8545)
[2m2025-12-10T10:19:14.618995Z[0m [34mDEBUG[0m [2mhyper::client::pool[0m[2m:[0m reuse idle connection for ("http", 192.168.0.14:8545)
[2m2025-12-10T10:19:14.619015Z[0m [34mDEBUG[0m [2mhyper::proto::h1::io[0m[2m:[0m flushed 172 bytes
[2m2025-12-10T10:19:14.623972Z[0m [34mDEBUG[0m [2mhyper::proto::h1::io[0m[2m:[0m parsed 4 headers
[2m2025-12-10T10:19:14.623979Z[0m [34mDEBUG[0m [2mhyper::proto::h1::conn[0m[2m:[0m incoming body is content-length (45 bytes)
[2m2025-12-10T10:19:14.623985Z[0m [34mDEBUG[0m [2mhyper::proto::h1::conn[0m[2m:[0m incoming body completed
[2m2025-12-10T10:19:14.624012Z[0m [34mDEBUG[0m [2mhyper::client::pool[0m[2m:[0m pooling idle connection for ("http", 192.168.0.14:8545)
[2m2025-12-10T10:19:14.624025Z[0m [34mDEBUG[0m [2mhyper::client::pool[0m[2m:[0m reuse idle connection for ("http", 192.168.0.14:8545)
[2m2025-12-10T10:19:14.624043Z[0m [34mDEBUG[0m [2mhyper::proto::h1::io[0m[2m:[0m flushed 172 bytes
[2m2025-12-10T10:19:14.627871Z[0m [34mDEBUG[0m [2mhyper::proto::h1::io[0m[2m:[0m parsed 4 headers
[2m2025-12-10T10:19:14.627878Z[0m [34mDEBUG[0m [2mhyper::proto::h1::conn[0m[2m:[0m incoming body is content-length (45 bytes)
[2m2025-12-10T10:19:14.627884Z[0m [34mDEBUG[0m [2mhyper::proto::h1::conn[0m[2m:[0m incoming body completed
[2m2025-12-10T10:19:14.627891Z[0m [34mDEBUG[0m [2mhyper::client::pool[0m[2m:[0m pooling idle connection for ("http", 192.168.0.14:8545)
[2m2025-12-10T10:19:14.627906Z[0m [34mDEBUG[0m [2mhyper::client::pool[0m[2m:[0m reuse idle connection for ("http", 192.168.0.14:8545)
[2m2025-12-10T10:19:14.627923Z[0m [34mDEBUG[0m [2mhyper::proto::h1::io[0m[2m:[0m flushed 172 bytes
[2m2025-12-10T10:19:14.631335Z[0m [34mDEBUG[0m [2mhyper::proto::h1::io[0m[2m:[0m parsed 4 headers
[2m2025-12-10T10:19:14.631350Z[0m [34mDEBUG[0m [2mhyper::proto::h1::conn[0m[2m:[0m incoming body is content-length (45 bytes)
[2m2025-12-10T10:19:14.631357Z[0m [34mDEBUG[0m [2mhyper::proto::h1::conn[0m[2m:[0m incoming body completed
[2m2025-12-10T10:19:14.631367Z[0m [34mDEBUG[0m [2mhyper::client::pool[0m[2m:[0m pooling idle connection for ("http", 192.168.0.14:8545)
[2m2025-12-10T10:19:14.631417Z[0m [34mDEBUG[0m [2mhyper::client::pool[0m[2m:[0m reuse idle connection for ("http", 192.168.0.14:8545)
[2m2025-12-10T10:19:14.631444Z[0m [34mDEBUG[0m [2mhyper::proto::h1::io[0m[2m:[0m flushed 172 bytes
[2m2025-12-10T10:19:14.634922Z[0m [34mDEBUG[0m [2mhyper::proto::h1::io[0m[2m:[0m parsed 4 headers
[2m2025-12-10T10:19:14.634933Z[0m [34mDEBUG[0m [2mhyper::proto::h1::conn[0m[2m:[0m incoming body is content-length (45 bytes)
[2m2025-12-10T10:19:14.634939Z[0m [34mDEBUG[0m [2mhyper::proto::h1::conn[0m[2m:[0m incoming body completed
[2m2025-12-10T10:19:14.634947Z[0m [34mDEBUG[0m [2mhyper::client::pool[0m[2m:[0m pooling idle connection for ("http", 192.168.0.14:8545)
[2m2025-12-10T10:19:14.634963Z[0m [34mDEBUG[0m [2mhyper::client::pool[0m[2m:[0m reuse idle connection for ("http", 192.168.0.14:8545)
[2m2025-12-10T10:19:14.634982Z[0m [34mDEBUG[0m [2mhyper::proto::h1::io[0m[2m:[0m flushed 172 bytes
[2m2025-12-10T10:19:14.638637Z[0m [34mDEBUG[0m [2mhyper::proto::h1::io[0m[2m:[0m parsed 4 headers
[2m2025-12-10T10:19:14.638648Z[0m [34mDEBUG[0m [2mhyper::proto::h1::conn[0m[2m:[0m incoming body is content-length (45 bytes)
[2m2025-12-10T10:19:14.638655Z[0m [34mDEBUG[0m [2mhyper::proto::h1::conn[0m[2m:[0m incoming body completed
[2m2025-12-10T10:19:14.638664Z[0m [34mDEBUG[0m [2mhyper::client::pool[0m[2m:[0m pooling idle connection for ("http", 192.168.0.14:8545)
[2m2025-12-10T10:19:14.638685Z[0m [34mDEBUG[0m [2mhyper::client::pool[0m[2m:[0m reuse idle connection for ("http", 192.168.0.14:8545)
[2m2025-12-10T10:19:14.638708Z[0m [34mDEBUG[0m [2mhyper::proto::h1::io[0m[2m:[0m flushed 172 bytes
[2m2025-12-10T10:19:14.642368Z[0m [34mDEBUG[0m [2mhyper::proto::h1::io[0m[2m:[0m parsed 4 headers
[2m2025-12-10T10:19:14.642377Z[0m [34mDEBUG[0m [2mhyper::proto::h1::conn[0m[2m:[0m incoming body is content-length (45 bytes)
[2m2025-12-10T10:19:14.642384Z[0m [34mDEBUG[0m [2mhyper::proto::h1::conn[0m[2m:[0m incoming body completed
[2m2025-12-10T10:19:14.642392Z[0m [34mDEBUG[0m [2mhyper::client::pool[0m[2m:[0m pooling idle connection for ("http", 192.168.0.14:8545)
[2m2025-12-10T10:19:14.642407Z[0m [34mDEBUG[0m [2mhyper::client::pool[0m[2m:[0m reuse idle connection for ("http", 192.168.0.14:8545)
[2m2025-12-10T10:19:14.642425Z[0m [34mDEBUG[0m [2mhyper::proto::h1::io[0m[2m:[0m flushed 172 bytes
[2m2025-12-10T10:19:14.646262Z[0m [34mDEBUG[0m [2mhyper::proto::h1::io[0m[2m:[0m parsed 4 headers
[2m2025-12-10T10:19:14.646269Z[0m [34mDEBUG[0m [2mhyper::proto::h1::conn[0m[2m:[0m incoming body is content-length (45 bytes)
[2m2025-12-10T10:19:14.646274Z[0m [34mDEBUG[0m [2mhyper::proto::h1::conn[0m[2m:[0m incoming body completed
[2m2025-12-10T10:19:14.646279Z[0m [34mDEBUG[0m [2mhyper::client::pool[0m[2m:[0m pooling idle connection for ("http", 192.168.0.14:8545)
[2m2025-12-10T10:19:14.646294Z[0m [34mDEBUG[0m [2mhyper::client::pool[0m[2m:[0m reuse idle connection for ("http", 192.168.0.14:8545)
[2m2025-12-10T10:19:14.646311Z[0m [34mDEBUG[0m [2mhyper::proto::h1::io[0m[2m:[0m flushed 172 bytes
[2m2025-12-10T10:19:14.650519Z[0m [34mDEBUG[0m [2mhyper::proto::h1::io[0m[2m:[0m parsed 4 headers
[2m2025-12-10T10:19:14.650529Z[0m [34mDEBUG[0m [2mhyper::proto::h1::conn[0m[2m:[0m incoming body is content-length (45 bytes)
[2m2025-12-10T10:19:14.650549Z[0m [34mDEBUG[0m [2mhyper::proto::h1::conn[0m[2m:[0m incoming body completed
[2m2025-12-10T10:19:14.650563Z[0m [34mDEBUG[0m [2mhyper::client::pool[0m[2m:[0m pooling idle connection for ("http", 192.168.0.14:8545)
[2m2025-12-10T10:19:14.650592Z[0m [34mDEBUG[0m [2mhyper::client::pool[0m[2m:[0m reuse idle connection for ("http", 192.168.0.14:8545)
[2m2025-12-10T10:19:14.650608Z[0m [34mDEBUG[0m [2mhyper::proto::h1::io[0m[2m:[0m flushed 172 bytes
[2m2025-12-10T10:19:14.654180Z[0m [34mDEBUG[0m [2mhyper::proto::h1::io[0m[2m:[0m parsed 4 headers
[2m2025-12-10T10:19:14.654190Z[0m [34mDEBUG[0m [2mhyper::proto::h1::conn[0m[2m:[0m incoming body is content-length (45 bytes)
[2m2025-12-10T10:19:14.654200Z[0m [34mDEBUG[0m [2mhyper::proto::h1::conn[0m[2m:[0m incoming body completed
[2m2025-12-10T10:19:14.654215Z[0m [34mDEBUG[0m [2mhyper::client::pool[0m[2m:[0m pooling idle connection for ("http", 192.168.0.14:8545)
[2m2025-12-10T10:19:14.654235Z[0m [34mDEBUG[0m [2mhyper::client::pool[0m[2m:[0m reuse idle connection for ("http", 192.168.0.14:8545)
[2m2025-12-10T10:19:14.654253Z[0m [34mDEBUG[0m [2mhyper::proto::h1::io[0m[2m:[0m flushed 172 bytes
[2m2025-12-10T10:19:14.658409Z[0m [34mDEBUG[0m [2mhyper::proto::h1::io[0m[2m:[0m parsed 4 headers
[2m2025-12-10T10:19:14.658415Z[0m [34mDEBUG[0m [2mhyper::proto::h1::conn[0m[2m:[0m incoming body is content-length (45 bytes)
[2m2025-12-10T10:19:14.658420Z[0m [34mDEBUG[0m [2mhyper::proto::h1::conn[0m[2m:[0m incoming body completed
[2m2025-12-10T10:19:14.658426Z[0m [34mDEBUG[0m [2mhyper::client::pool[0m[2m:[0m pooling idle connection for ("http", 192.168.0.14:8545)
[2m2025-12-10T10:19:14.658438Z[0m [34mDEBUG[0m [2mhyper::client::pool[0m[2m:[0m reuse idle connection for ("http", 192.168.0.14:8545)
[2m2025-12-10T10:19:14.658453Z[0m [34mDEBUG[0m [2mhyper::proto::h1::io[0m[2m:[0m flushed 172 bytes
[2m2025-12-10T10:19:14.661620Z[0m [34mDEBUG[0m [2mhyper::proto::h1::io[0m[2m:[0m parsed 4 headers
[2m2025-12-10T10:19:14.661659Z[0m [34mDEBUG[0m [2mhyper::proto::h1::conn[0m[2m:[0m incoming body is content-length (45 bytes)
[2m2025-12-10T10:19:14.661666Z[0m [34mDEBUG[0m [2mhyper::proto::h1::conn[0m[2m:[0m incoming body completed
[2m2025-12-10T10:19:14.661672Z[0m [34mDEBUG[0m [2mhyper::client::pool[0m[2m:[0m pooling idle connection for ("http", 192.168.0.14:8545)
[2m2025-12-10T10:19:14.661682Z[0m [34mDEBUG[0m [2mhyper::client::pool[0m[2m:[0m reuse idle connection for ("http", 192.168.0.14:8545)
[2m2025-12-10T10:19:14.661695Z[0m [34mDEBUG[0m [2mhyper::proto::h1::io[0m[2m:[0m flushed 172 bytes
[2m2025-12-10T10:19:14.666631Z[0m [34mDEBUG[0m [2mhyper::proto::h1::io[0m[2m:[0m parsed 4 headers
[2m2025-12-10T10:19:14.666640Z[0m [34mDEBUG[0m [2mhyper::proto::h1::conn[0m[2m:[0m incoming body is content-length (45 bytes)
[2m2025-12-10T10:19:14.666646Z[0m [34mDEBUG[0m [2mhyper::proto::h1::conn[0m[2m:[0m incoming body completed
[2m2025-12-10T10:19:14.666652Z[0m [34mDEBUG[0m [2mhyper::client::pool[0m[2m:[0m pooling idle connection for ("http", 192.168.0.14:8545)
[2m2025-12-10T10:19:14.666665Z[0m [34mDEBUG[0m [2mhyper::client::pool[0m[2m:[0m reuse idle connection for ("http", 192.168.0.14:8545)
[2m2025-12-10T10:19:14.666681Z[0m [34mDEBUG[0m [2mhyper::proto::h1::io[0m[2m:[0m flushed 172 bytes
[2m2025-12-10T10:19:14.672875Z[0m [34mDEBUG[0m [2mhyper::proto::h1::io[0m[2m:[0m parsed 4 headers
[2m2025-12-10T10:19:14.672900Z[0m [34mDEBUG[0m [2mhyper::proto::h1::conn[0m[2m:[0m incoming body is content-length (45 bytes)
[2m2025-12-10T10:19:14.672915Z[0m [34mDEBUG[0m [2mhyper::proto::h1::conn[0m[2m:[0m incoming body completed
[2m2025-12-10T10:19:14.672934Z[0m [34mDEBUG[0m [2mhyper::client::pool[0m[2m:[0m pooling idle connection for ("http", 192.168.0.14:8545)
[2m2025-12-10T10:19:14.673086Z[0m [34mDEBUG[0m [2mhyper::client::pool[0m[2m:[0m reuse idle connection for ("http", 192.168.0.14:8545)
[2m2025-12-10T10:19:14.673285Z[0m [34mDEBUG[0m [2mhyper::proto::h1::io[0m[2m:[0m flushed 172 bytes
[2m2025-12-10T10:19:14.680009Z[0m [34mDEBUG[0m [2mhyper::proto::h1::io[0m[2m:[0m parsed 4 headers
[2m2025-12-10T10:19:14.680071Z[0m [34mDEBUG[0m [2mhyper::proto::h1::conn[0m[2m:[0m incoming body is content-length (45 bytes)
[2m2025-12-10T10:19:14.680107Z[0m [34mDEBUG[0m [2mhyper::proto::h1::conn[0m[2m:[0m incoming body completed
[2m2025-12-10T10:19:14.680141Z[0m [34mDEBUG[0m [2mhyper::client::pool[0m[2m:[0m pooling idle connection for ("http", 192.168.0.14:8545)
[2m2025-12-10T10:19:14.680194Z[0m [34mDEBUG[0m [2mhyper::client::pool[0m[2m:[0m reuse idle connection for ("http", 192.168.0.14:8545)
[2m2025-12-10T10:19:14.680243Z[0m [34mDEBUG[0m [2mhyper::proto::h1::io[0m[2m:[0m flushed 172 bytes
[2m2025-12-10T10:19:14.686033Z[0m [34mDEBUG[0m [2methereum_transaction_pool_monitor::eth_client[0m[2m:[0m 📨 Received WebSocket message: {"jsonrpc":"2.0","method":"eth_subscription","params":{"subscription":"0xbed0a0851463e895960a451075a301a9","result":"0x69f406430354dd5eac8eb7bfe86e995e87db6b242409789634d9434c2c0d53cc"}}
[2m2025-12-10T10:19:14.686430Z[0m [34mDEBUG[0m [2methereum_transaction_pool_monitor::eth_client[0m[2m:[0m 📨 Received pending transaction: 0x69f406430354dd5eac8eb7bfe86e995e87db6b242409789634d9434c2c0d53cc
[2m2025-12-10T10:19:14.686442Z[0m [34mDEBUG[0m [2methereum_transaction_pool_monitor::eth_client[0m[2m:[0m 📨 Received WebSocket message: {"jsonrpc":"2.0","method":"eth_subscription","params":{"subscription":"0xbed0a0851463e895960a451075a301a9","result":"0x8983fbc0ae7baef4fe588956aae809f2c29cd1e16735eaced184a11c25a8a46e"}}
[2m2025-12-10T10:19:14.686448Z[0m [34mDEBUG[0m [2methereum_transaction_pool_monitor::eth_client[0m[2m:[0m 📨 Received pending transaction: 0x8983fbc0ae7baef4fe588956aae809f2c29cd1e16735eaced184a11c25a8a46e
[2m2025-12-10T10:19:14.686464Z[0m [34mDEBUG[0m [2mhyper::proto::h1::io[0m[2m:[0m parsed 4 headers
[2m2025-12-10T10:19:14.686470Z[0m [34mDEBUG[0m [2mhyper::proto::h1::conn[0m[2m:[0m incoming body is content-length (45 bytes)
[2m2025-12-10T10:19:14.686478Z[0m [34mDEBUG[0m [2mhyper::proto::h1::conn[0m[2m:[0m incoming body completed
[2m2025-12-10T10:19:14.686489Z[0m [34mDEBUG[0m [2mhyper::client::pool[0m[2m:[0m pooling idle connection for ("http", 192.168.0.14:8545)
[2m2025-12-10T10:19:14.686550Z[0m [34mDEBUG[0m [2mhyper::client::pool[0m[2m:[0m reuse idle connection for ("http", 192.168.0.14:8545)
[2m2025-12-10T10:19:14.686573Z[0m [34mDEBUG[0m [2mhyper::proto::h1::io[0m[2m:[0m flushed 172 bytes
[2m2025-12-10T10:19:14.693784Z[0m [34mDEBUG[0m [2mhyper::proto::h1::io[0m[2m:[0m parsed 4 headers
[2m2025-12-10T10:19:14.693814Z[0m [34mDEBUG[0m [2mhyper::proto::h1::conn[0m[2m:[0m incoming body is content-length (45 bytes)
[2m2025-12-10T10:19:14.693824Z[0m [34mDEBUG[0m [2mhyper::proto::h1::conn[0m[2m:[0m incoming body completed
[2m2025-12-10T10:19:14.693843Z[0m [34mDEBUG[0m [2mhyper::client::pool[0m[2m:[0m pooling idle connection for ("http", 192.168.0.14:8545)
[2m2025-12-10T10:19:14.693894Z[0m [34mDEBUG[0m [2mhyper::client::pool[0m[2m:[0m reuse idle connection for ("http", 192.168.0.14:8545)
[2m2025-12-10T10:19:14.693992Z[0m [34mDEBUG[0m [2mhyper::proto::h1::io[0m[2m:[0m flushed 172 bytes
[2m2025-12-10T10:19:14.697372Z[0m [34mDEBUG[0m [2mhyper::proto::h1::io[0m[2m:[0m parsed 4 headers
[2m2025-12-10T10:19:14.697390Z[0m [34mDEBUG[0m [2mhyper::proto::h1::conn[0m[2m:[0m incoming body is content-length (45 bytes)
[2m2025-12-10T10:19:14.697399Z[0m [34mDEBUG[0m [2mhyper::proto::h1::conn[0m[2m:[0m incoming body completed
[2m2025-12-10T10:19:14.697414Z[0m [34mDEBUG[0m [2mhyper::client::pool[0m[2m:[0m pooling idle connection for ("http", 192.168.0.14:8545)
[2m2025-12-10T10:19:14.697470Z[0m [34mDEBUG[0m [2mhyper::client::pool[0m[2m:[0m reuse idle connection for ("http", 192.168.0.14:8545)
[2m2025-12-10T10:19:14.697518Z[0m [34mDEBUG[0m [2mhyper::proto::h1::io[0m[2m:[0m flushed 172 bytes
[2m2025-12-10T10:19:14.701119Z[0m [34mDEBUG[0m [2mhyper::proto::h1::io[0m[2m:[0m parsed 4 headers
[2m2025-12-10T10:19:14.701159Z[0m [34mDEBUG[0m [2mhyper::proto::h1::conn[0m[2m:[0m incoming body is content-length (45 bytes)
[2m2025-12-10T10:19:14.701176Z[0m [34mDEBUG[0m [2mhyper::proto::h1::conn[0m[2m:[0m incoming body completed
[2m2025-12-10T10:19:14.701197Z[0m [34mDEBUG[0m [2mhyper::client::pool[0m[2m:[0m pooling idle connection for ("http", 192.168.0.14:8545)
[2m2025-12-10T10:19:14.701295Z[0m [34mDEBUG[0m [2mhyper::client::pool[0m[2m:[0m reuse idle connection for ("http", 192.168.0.14:8545)
[2m2025-12-10T10:19:14.701328Z[0m [34mDEBUG[0m [2mhyper::proto::h1::io[0m[2m:[0m flushed 172 bytes
[2m2025-12-10T10:19:14.706019Z[0m [34mDEBUG[0m [2mhyper::proto::h1::io[0m[2m:[0m parsed 4 headers
[2m2025-12-10T10:19:14.706031Z[0m [34mDEBUG[0m [2mhyper::proto::h1::conn[0m[2m:[0m incoming body is content-length (45 bytes)
[2m2025-12-10T10:19:14.706040Z[0m [34mDEBUG[0m [2mhyper::proto::h1::conn[0m[2m:[0m incoming body completed
[2m2025-12-10T10:19:14.706050Z[0m [34mDEBUG[0m [2mhyper::client::pool[0m[2m:[0m pooling idle connection for ("http", 192.168.0.14:8545)
[2m2025-12-10T10:19:14.706074Z[0m [34mDEBUG[0m [2mhyper::client::pool[0m[2m:[0m reuse idle connection for ("http", 192.168.0.14:8545)
[2m2025-12-10T10:19:14.706094Z[0m [34mDEBUG[0m [2mhyper::proto::h1::io[0m[2m:[0m flushed 172 bytes
[2m2025-12-10T10:19:14.709745Z[0m [34mDEBUG[0m [2mhyper::proto::h1::io[0m[2m:[0m parsed 4 headers
[2m2025-12-10T10:19:14.709754Z[0m [34mDEBUG[0m [2mhyper::proto::h1::conn[0m[2m:[0m incoming body is content-length (45 bytes)
[2m2025-12-10T10:19:14.709761Z[0m [34mDEBUG[0m [2mhyper::proto::h1::conn[0m[2m:[0m incoming body completed
[2m2025-12-10T10:19:14.709768Z[0m [34mDEBUG[0m [2mhyper::client::pool[0m[2m:[0m pooling idle connection for ("http", 192.168.0.14:8545)
[2m2025-12-10T10:19:14.709786Z[0m [34mDEBUG[0m [2mhyper::client::pool[0m[2m:[0m reuse idle connection for ("http", 192.168.0.14:8545)
[2m2025-12-10T10:19:14.709809Z[0m [34mDEBUG[0m [2mhyper::proto::h1::io[0m[2m:[0m flushed 172 bytes
[2m2025-12-10T10:19:14.718573Z[0m [34mDEBUG[0m [2mhyper::proto::h1::io[0m[2m:[0m parsed 4 headers
[2m2025-12-10T10:19:14.718591Z[0m [34mDEBUG[0m [2mhyper::proto::h1::conn[0m[2m:[0m incoming body is content-length (45 bytes)
[2m2025-12-10T10:19:14.718601Z[0m [34mDEBUG[0m [2mhyper::proto::h1::conn[0m[2m:[0m incoming body completed
[2m2025-12-10T10:19:14.718611Z[0m [34mDEBUG[0m [2mhyper::client::pool[0m[2m:[0m pooling idle connection for ("http", 192.168.0.14:8545)
[2m2025-12-10T10:19:14.718636Z[0m [34mDEBUG[0m [2mhyper::client::pool[0m[2m:[0m reuse idle connection for ("http", 192.168.0.14:8545)
[2m2025-12-10T10:19:14.718684Z[0m [34mDEBUG[0m [2mhyper::proto::h1::io[0m[2m:[0m flushed 172 bytes
[2m2025-12-10T10:19:14.721586Z[0m [34mDEBUG[0m [2mhyper::proto::h1::io[0m[2m:[0m parsed 4 headers
[2m2025-12-10T10:19:14.721595Z[0m [34mDEBUG[0m [2mhyper::proto::h1::conn[0m[2m:[0m incoming body is content-length (45 bytes)
[2m2025-12-10T10:19:14.721602Z[0m [34mDEBUG[0m [2mhyper::proto::h1::conn[0m[2m:[0m incoming body completed
[2m2025-12-10T10:19:14.721610Z[0m [34mDEBUG[0m [2mhyper::client::pool[0m[2m:[0m pooling idle connection for ("http", 192.168.0.14:8545)
[2m2025-12-10T10:19:14.721630Z[0m [34mDEBUG[0m [2mhyper::client::pool[0m[2m:[0m reuse idle connection for ("http", 192.168.0.14:8545)
[2m2025-12-10T10:19:14.721653Z[0m [34mDEBUG[0m [2mhyper::proto::h1::io[0m[2m:[0m flushed 172 bytes
[2m2025-12-10T10:19:14.726803Z[0m [34mDEBUG[0m [2mhyper::proto::h1::io[0m[2m:[0m parsed 4 headers
[2m2025-12-10T10:19:14.726810Z[0m [34mDEBUG[0m [2mhyper::proto::h1::conn[0m[2m:[0m incoming body is content-length (45 bytes)
[2m2025-12-10T10:19:14.726816Z[0m [34mDEBUG[0m [2mhyper::proto::h1::conn[0m[2m:[0m incoming body completed
[2m2025-12-10T10:19:14.726823Z[0m [34mDEBUG[0m [2mhyper::client::pool[0m[2m:[0m pooling idle connection for ("http", 192.168.0.14:8545)
[2m2025-12-10T10:19:14.726837Z[0m [34mDEBUG[0m [2mhyper::client::pool[0m[2m:[0m reuse idle connection for ("http", 192.168.0.14:8545)
[2m2025-12-10T10:19:14.726854Z[0m [34mDEBUG[0m [2mhyper::proto::h1::io[0m[2m:[0m flushed 172 bytes
[2m2025-12-10T10:19:14.732213Z[0m [34mDEBUG[0m [2mhyper::proto::h1::io[0m[2m:[0m parsed 4 headers
[2m2025-12-10T10:19:14.732221Z[0m [34mDEBUG[0m [2mhyper::proto::h1::conn[0m[2m:[0m incoming body is content-length (45 bytes)
[2m2025-12-10T10:19:14.732227Z[0m [34mDEBUG[0m [2mhyper::proto::h1::conn[0m[2m:[0m incoming body completed
[2m2025-12-10T10:19:14.732233Z[0m [34mDEBUG[0m [2mhyper::client::pool[0m[2m:[0m pooling idle connection for ("http", 192.168.0.14:8545)
[2m2025-12-10T10:19:14.732246Z[0m [34mDEBUG[0m [2mhyper::client::pool[0m[2m:[0m reuse idle connection for ("http", 192.168.0.14:8545)
[2m2025-12-10T10:19:14.732263Z[0m [34mDEBUG[0m [2mhyper::proto::h1::io[0m[2m:[0m flushed 172 bytes
[2m2025-12-10T10:19:14.738048Z[0m [34mDEBUG[0m [2mhyper::proto::h1::io[0m[2m:[0m parsed 4 headers
[2m2025-12-10T10:19:14.738055Z[0m [34mDEBUG[0m [2mhyper::proto::h1::conn[0m[2m:[0m incoming body is content-length (45 bytes)
[2m2025-12-10T10:19:14.738060Z[0m [34mDEBUG[0m [2mhyper::proto::h1::conn[0m[2m:[0m incoming body completed
[2m2025-12-10T10:19:14.738065Z[0m [34mDEBUG[0m [2mhyper::client::pool[0m[2m:[0m pooling idle connection for ("http", 192.168.0.14:8545)
[2m2025-12-10T10:19:14.738077Z[0m [34mDEBUG[0m [2mhyper::client::pool[0m[2m:[0m reuse idle connection for ("http", 192.168.0.14:8545)
[2m2025-12-10T10:19:14.738091Z[0m [34mDEBUG[0m [2mhyper::proto::h1::io[0m[2m:[0m flushed 172 bytes
[2m2025-12-10T10:19:14.743353Z[0m [34mDEBUG[0m [2mhyper::proto::h1::io[0m[2m:[0m parsed 4 headers
[2m2025-12-10T10:19:14.743487Z[0m [34mDEBUG[0m [2mhyper::proto::h1::conn[0m[2m:[0m incoming body is content-length (45 bytes)
[2m2025-12-10T10:19:14.743505Z[0m [34mDEBUG[0m [2mhyper::proto::h1::conn[0m[2m:[0m incoming body completed
[2m2025-12-10T10:19:14.743517Z[0m [34mDEBUG[0m [2mhyper::client::pool[0m[2m:[0m pooling idle connection for ("http", 192.168.0.14:8545)
[2m2025-12-10T10:19:14.743542Z[0m [34mDEBUG[0m [2mhyper::client::pool[0m[2m:[0m reuse idle connection for ("http", 192.168.0.14:8545)
[2m2025-12-10T10:19:14.743586Z[0m [34mDEBUG[0m [2mhyper::proto::h1::io[0m[2m:[0m flushed 172 bytes
[2m2025-12-10T10:19:14.748473Z[0m [34mDEBUG[0m [2mhyper::proto::h1::io[0m[2m:[0m parsed 4 headers
[2m2025-12-10T10:19:14.748511Z[0m [34mDEBUG[0m [2mhyper::proto::h1::conn[0m[2m:[0m incoming body is content-length (45 bytes)
[2m2025-12-10T10:19:14.748524Z[0m [34mDEBUG[0m [2mhyper::proto::h1::conn[0m[2m:[0m incoming body completed
[2m2025-12-10T10:19:14.748541Z[0m [34mDEBUG[0m [2mhyper::client::pool[0m[2m:[0m pooling idle connection for ("http", 192.168.0.14:8545)
[2m2025-12-10T10:19:14.748573Z[0m [34mDEBUG[0m [2mhyper::client::pool[0m[2m:[0m reuse idle connection for ("http", 192.168.0.14:8545)
[2m2025-12-10T10:19:14.748632Z[0m [34mDEBUG[0m [2mhyper::proto::h1::io[0m[2m:[0m flushed 172 bytes
[2m2025-12-10T10:19:14.754065Z[0m [34mDEBUG[0m [2mhyper::proto::h1::io[0m[2m:[0m parsed 4 headers
[2m2025-12-10T10:19:14.754084Z[0m [34mDEBUG[0m [2mhyper::proto::h1::conn[0m[2m:[0m incoming body is content-length (45 bytes)
[2m2025-12-10T10:19:14.754092Z[0m [34mDEBUG[0m [2mhyper::proto::h1::conn[0m[2m:[0m incoming body completed
[2m2025-12-10T10:19:14.754102Z[0m [34mDEBUG[0m [2mhyper::client::pool[0m[2m:[0m pooling idle connection for ("http", 192.168.0.14:8545)
[2m2025-12-10T10:19:14.754124Z[0m [34mDEBUG[0m [2mhyper::client::pool[0m[2m:[0m reuse idle connection for ("http", 192.168.0.14:8545)
[2m2025-12-10T10:19:14.754151Z[0m [34mDEBUG[0m [2mhyper::proto::h1::io[0m[2m:[0m flushed 172 bytes
[2m2025-12-10T10:19:14.759759Z[0m [34mDEBUG[0m [2mhyper::proto::h1::io[0m[2m:[0m parsed 4 headers
[2m2025-12-10T10:19:14.759768Z[0m [34mDEBUG[0m [2mhyper::proto::h1::conn[0m[2m:[0m incoming body is content-length (45 bytes)
[2m2025-12-10T10:19:14.759775Z[0m [34mDEBUG[0m [2mhyper::proto::h1::conn[0m[2m:[0m incoming body completed
[2m2025-12-10T10:19:14.759782Z[0m [34mDEBUG[0m [2mhyper::client::pool[0m[2m:[0m pooling idle connection for ("http", 192.168.0.14:8545)
[2m2025-12-10T10:19:14.759800Z[0m [34mDEBUG[0m [2mhyper::client::pool[0m[2m:[0m reuse idle connection for ("http", 192.168.0.14:8545)
[2m2025-12-10T10:19:14.759821Z[0m [34mDEBUG[0m [2mhyper::proto::h1::io[0m[2m:[0m flushed 172 bytes
[2m2025-12-10T10:19:14.763865Z[0m [34mDEBUG[0m [2mhyper::proto::h1::io[0m[2m:[0m parsed 4 headers
[2m2025-12-10T10:19:14.763873Z[0m [34mDEBUG[0m [2mhyper::proto::h1::conn[0m[2m:[0m incoming body is content-length (45 bytes)
[2m2025-12-10T10:19:14.763878Z[0m [34mDEBUG[0m [2mhyper::proto::h1::conn[0m[2m:[0m incoming body completed
[2m2025-12-10T10:19:14.763885Z[0m [34mDEBUG[0m [2mhyper::client::pool[0m[2m:[0m pooling idle connection for ("http", 192.168.0.14:8545)
[2m2025-12-10T10:19:14.763903Z[0m [34mDEBUG[0m [2mhyper::client::pool[0m[2m:[0m reuse idle connection for ("http", 192.168.0.14:8545)
[2m2025-12-10T10:19:14.763918Z[0m [34mDEBUG[0m [2mhyper::proto::h1::io[0m[2m:[0m flushed 172 bytes
[2m2025-12-10T10:19:14.767782Z[0m [34mDEBUG[0m [2mhyper::proto::h1::io[0m[2m:[0m parsed 4 headers
[2m2025-12-10T10:19:14.767789Z[0m [34mDEBUG[0m [2mhyper::proto::h1::conn[0m[2m:[0m incoming body is content-length (45 bytes)
[2m2025-12-10T10:19:14.767794Z[0m [34mDEBUG[0m [2mhyper::proto::h1::conn[0m[2m:[0m incoming body completed
[2m2025-12-10T10:19:14.767801Z[0m [34mDEBUG[0m [2mhyper::client::pool[0m[2m:[0m pooling idle connection for ("http", 192.168.0.14:8545)
[2m2025-12-10T10:19:14.767813Z[0m [34mDEBUG[0m [2mhyper::client::pool[0m[2m:[0m reuse idle connection for ("http", 192.168.0.14:8545)
[2m2025-12-10T10:19:14.767828Z[0m [34mDEBUG[0m [2mhyper::proto::h1::io[0m[2m:[0m flushed 172 bytes
[2m2025-12-10T10:19:14.771792Z[0m [34mDEBUG[0m [2mhyper::proto::h1::io[0m[2m:[0m parsed 4 headers
[2m2025-12-10T10:19:14.771800Z[0m [34mDEBUG[0m [2mhyper::proto::h1::conn[0m[2m:[0m incoming body is content-length (45 bytes)
[2m2025-12-10T10:19:14.771805Z[0m [34mDEBUG[0m [2mhyper::proto::h1::conn[0m[2m:[0m incoming body completed
[2m2025-12-10T10:19:14.771813Z[0m [34mDEBUG[0m [2mhyper::client::pool[0m[2m:[0m pooling idle connection for ("http", 192.168.0.14:8545)
[2m2025-12-10T10:19:14.771828Z[0m [34mDEBUG[0m [2mhyper::client::pool[0m[2m:[0m reuse idle connection for ("http", 192.168.0.14:8545)
[2m2025-12-10T10:19:14.771843Z[0m [34mDEBUG[0m [2mhyper::proto::h1::io[0m[2m:[0m flushed 172 bytes
[2m2025-12-10T10:19:14.776494Z[0m [34mDEBUG[0m [2mhyper::proto::h1::io[0m[2m:[0m parsed 4 headers
[2m2025-12-10T10:19:14.776500Z[0m [34mDEBUG[0m [2mhyper::proto::h1::conn[0m[2m:[0m incoming body is content-length (45 bytes)
[2m2025-12-10T10:19:14.776505Z[0m [34mDEBUG[0m [2mhyper::proto::h1::conn[0m[2m:[0m incoming body completed
[2m2025-12-10T10:19:14.776510Z[0m [34mDEBUG[0m [2mhyper::client::pool[0m[2m:[0m pooling idle connection for ("http", 192.168.0.14:8545)
[2m2025-12-10T10:19:14.776520Z[0m [34mDEBUG[0m [2mhyper::client::pool[0m[2m:[0m reuse idle connection for ("http", 192.168.0.14:8545)
[2m2025-12-10T10:19:14.776534Z[0m [34mDEBUG[0m [2mhyper::proto::h1::io[0m[2m:[0m flushed 172 bytes
[2m2025-12-10T10:19:14.781665Z[0m [34mDEBUG[0m [2mhyper::proto::h1::io[0m[2m:[0m parsed 4 headers
[2m2025-12-10T10:19:14.781670Z[0m [34mDEBUG[0m [2mhyper::proto::h1::conn[0m[2m:[0m incoming body is content-length (45 bytes)
[2m2025-12-10T10:19:14.781675Z[0m [34mDEBUG[0m [2mhyper::proto::h1::conn[0m[2m:[0m incoming body completed
[2m2025-12-10T10:19:14.781680Z[0m [34mDEBUG[0m [2mhyper::client::pool[0m[2m:[0m pooling idle connection for ("http", 192.168.0.14:8545)
[2m2025-12-10T10:19:14.781690Z[0m [34mDEBUG[0m [2mhyper::client::pool[0m[2m:[0m reuse idle connection for ("http", 192.168.0.14:8545)
[2m2025-12-10T10:19:14.781703Z[0m [34mDEBUG[0m [2mhyper::proto::h1::io[0m[2m:[0m flushed 172 bytes
[2m2025-12-10T10:19:14.787570Z[0m [34mDEBUG[0m [2mhyper::proto::h1::io[0m[2m:[0m parsed 4 headers
[2m2025-12-10T10:19:14.787581Z[0m [34mDEBUG[0m [2mhyper::proto::h1::conn[0m[2m:[0m incoming body is content-length (45 bytes)
[2m2025-12-10T10:19:14.807211Z[0m [34mDEBUG[0m [2mhyper::proto::h1::conn[0m[2m:[0m incoming body completed
[2m2025-12-10T10:19:14.807286Z[0m [34mDEBUG[0m [2mhyper::client::pool[0m[2m:[0m pooling idle connection for ("http", 192.168.0.14:8545)
[2m2025-12-10T10:19:14.807391Z[0m [34mDEBUG[0m [2mhyper::client::pool[0m[2m:[0m reuse idle connection for ("http", 192.168.0.14:8545)
[2m2025-12-10T10:19:14.818500Z[0m [34mDEBUG[0m [2mhyper::proto::h1::io[0m[2m:[0m flushed 172 bytes
[2m2025-12-10T10:19:14.821329Z[0m [34mDEBUG[0m [2mhyper::proto::h1::io[0m[2m:[0m parsed 4 headers
[2m2025-12-10T10:19:14.821339Z[0m [34mDEBUG[0m [2mhyper::proto::h1::conn[0m[2m:[0m incoming body is content-length (45 bytes)
[2m2025-12-10T10:19:14.821373Z[0m [34mDEBUG[0m [2mhyper::proto::h1::conn[0m[2m:[0m incoming body completed
[2m2025-12-10T10:19:14.821384Z[0m [34mDEBUG[0m [2mhyper::client::pool[0m[2m:[0m pooling idle connection for ("http", 192.168.0.14:8545)
[2m2025-12-10T10:19:14.821413Z[0m [34mDEBUG[0m [2mhyper::client::pool[0m[2m:[0m reuse idle connection for ("http", 192.168.0.14:8545)
[2m2025-12-10T10:19:14.821432Z[0m [34mDEBUG[0m [2mhyper::proto::h1::io[0m[2m:[0m flushed 172 bytes
[2m2025-12-10T10:19:14.827804Z[0m [34mDEBUG[0m [2mhyper::proto::h1::io[0m[2m:[0m parsed 4 headers
[2m2025-12-10T10:19:14.827825Z[0m [34mDEBUG[0m [2mhyper::proto::h1::conn[0m[2m:[0m incoming body is content-length (45 bytes)
[2m2025-12-10T10:19:14.827855Z[0m [34mDEBUG[0m [2mhyper::proto::h1::conn[0m[2m:[0m incoming body completed
[2m2025-12-10T10:19:14.827864Z[0m [34mDEBUG[0m [2mhyper::client::pool[0m[2m:[0m pooling idle connection for ("http", 192.168.0.14:8545)
[2m2025-12-10T10:19:14.827887Z[0m [34mDEBUG[0m [2mhyper::client::pool[0m[2m:[0m reuse idle connection for ("http", 192.168.0.14:8545)
[2m2025-12-10T10:19:14.827947Z[0m [34mDEBUG[0m [2mhyper::proto::h1::io[0m[2m:[0m flushed 172 bytes
[2m2025-12-10T10:19:14.846430Z[0m [34mDEBUG[0m [2mhyper::proto::h1::io[0m[2m:[0m parsed 4 headers
[2m2025-12-10T10:19:14.846464Z[0m [34mDEBUG[0m [2mhyper::proto::h1::conn[0m[2m:[0m incoming body is content-length (45 bytes)
[2m2025-12-10T10:19:14.846475Z[0m [34mDEBUG[0m [2mhyper::proto::h1::conn[0m[2m:[0m incoming body completed
[2m2025-12-10T10:19:14.846488Z[0m [34mDEBUG[0m [2mhyper::client::pool[0m[2m:[0m pooling idle connection for ("http", 192.168.0.14:8545)
[2m2025-12-10T10:19:14.846514Z[0m [34mDEBUG[0m [2mhyper::client::pool[0m[2m:[0m reuse idle connection for ("http", 192.168.0.14:8545)
[2m2025-12-10T10:19:14.849347Z[0m [34mDEBUG[0m [2mhyper::proto::h1::io[0m[2m:[0m flushed 172 bytes
[2m2025-12-10T10:19:14.853532Z[0m [34mDEBUG[0m [2mhyper::proto::h1::io[0m[2m:[0m parsed 4 headers
[2m2025-12-10T10:19:14.853547Z[0m [34mDEBUG[0m [2mhyper::proto::h1::conn[0m[2m:[0m incoming body is content-length (45 bytes)
[2m2025-12-10T10:19:14.853576Z[0m [34mDEBUG[0m [2mhyper::proto::h1::conn[0m[2m:[0m incoming body completed
[2m2025-12-10T10:19:14.853588Z[0m [34mDEBUG[0m [2mhyper::client::pool[0m[2m:[0m pooling idle connection for ("http", 192.168.0.14:8545)
[2m2025-12-10T10:19:14.853633Z[0m [34mDEBUG[0m [2mhyper::client::pool[0m[2m:[0m reuse idle connection for ("http", 192.168.0.14:8545)
[2m2025-12-10T10:19:14.853732Z[0m [34mDEBUG[0m [2mhyper::proto::h1::io[0m[2m:[0m flushed 172 bytes
[2m2025-12-10T10:19:14.856360Z[0m [34mDEBUG[0m [2mhyper::proto::h1::io[0m[2m:[0m parsed 4 headers
[2m2025-12-10T10:19:14.856563Z[0m [34mDEBUG[0m [2mhyper::proto::h1::conn[0m[2m:[0m incoming body is content-length (45 bytes)
[2m2025-12-10T10:19:14.856582Z[0m [34mDEBUG[0m [2mhyper::proto::h1::conn[0m[2m:[0m incoming body completed
[2m2025-12-10T10:19:14.856662Z[0m [34mDEBUG[0m [2mhyper::client::pool[0m[2m:[0m pooling idle connection for ("http", 192.168.0.14:8545)
[2m2025-12-10T10:19:14.856739Z[0m [34mDEBUG[0m [2mhyper::client::pool[0m[2m:[0m reuse idle connection for ("http", 192.168.0.14:8545)
[2m2025-12-10T10:19:14.856831Z[0m [34mDEBUG[0m [2mhyper::proto::h1::io[0m[2m:[0m flushed 172 bytes
[2m2025-12-10T10:19:14.859784Z[0m [34mDEBUG[0m [2mhyper::proto::h1::io[0m[2m:[0m parsed 4 headers
[2m2025-12-10T10:19:14.859792Z[0m [34mDEBUG[0m [2mhyper::proto::h1::conn[0m[2m:[0m incoming body is content-length (45 bytes)
[2m2025-12-10T10:19:14.859798Z[0m [34mDEBUG[0m [2mhyper::proto::h1::conn[0m[2m:[0m incoming body completed
[2m2025-12-10T10:19:14.859804Z[0m [34mDEBUG[0m [2mhyper::client::pool[0m[2m:[0m pooling idle connection for ("http", 192.168.0.14:8545)
[2m2025-12-10T10:19:14.859820Z[0m [34mDEBUG[0m [2mhyper::client::pool[0m[2m:[0m reuse idle connection for ("http", 192.168.0.14:8545)
[2m2025-12-10T10:19:14.859841Z[0m [34mDEBUG[0m [2mhyper::proto::h1::io[0m[2m:[0m flushed 172 bytes
[2m2025-12-10T10:19:14.863144Z[0m [34mDEBUG[0m [2mhyper::proto::h1::io[0m[2m:[0m parsed 4 headers
[2m2025-12-10T10:19:14.863151Z[0m [34mDEBUG[0m [2mhyper::proto::h1::conn[0m[2m:[0m incoming body is content-length (45 bytes)
[2m2025-12-10T10:19:14.863156Z[0m [34mDEBUG[0m [2mhyper::proto::h1::conn[0m[2m:[0m incoming body completed
[2m2025-12-10T10:19:14.863162Z[0m [34mDEBUG[0m [2mhyper::client::pool[0m[2m:[0m pooling idle connection for ("http", 192.168.0.14:8545)
[2m2025-12-10T10:19:14.863176Z[0m [34mDEBUG[0m [2mhyper::client::pool[0m[2m:[0m reuse idle connection for ("http", 192.168.0.14:8545)
[2m2025-12-10T10:19:14.863192Z[0m [34mDEBUG[0m [2mhyper::proto::h1::io[0m[2m:[0m flushed 172 bytes
[2m2025-12-10T10:19:14.871171Z[0m [34mDEBUG[0m [2mhyper::proto::h1::io[0m[2m:[0m parsed 4 headers
[2m2025-12-10T10:19:14.871201Z[0m [34mDEBUG[0m [2mhyper::proto::h1::conn[0m[2m:[0m incoming body is content-length (45 bytes)
[2m2025-12-10T10:19:14.871217Z[0m [34mDEBUG[0m [2mhyper::proto::h1::conn[0m[2m:[0m incoming body completed
[2m2025-12-10T10:19:14.871239Z[0m [34mDEBUG[0m [2mhyper::client::pool[0m[2m:[0m pooling idle connection for ("http", 192.168.0.14:8545)
[2m2025-12-10T10:19:14.871274Z[0m [34mDEBUG[0m [2mhyper::client::pool[0m[2m:[0m reuse idle connection for ("http", 192.168.0.14:8545)
[2m2025-12-10T10:19:14.871336Z[0m [34mDEBUG[0m [2mhyper::proto::h1::io[0m[2m:[0m flushed 172 bytes
[2m2025-12-10T10:19:14.874773Z[0m [34mDEBUG[0m [2mhyper::proto::h1::io[0m[2m:[0m parsed 4 headers
[2m2025-12-10T10:19:14.874783Z[0m [34mDEBUG[0m [2mhyper::proto::h1::conn[0m[2m:[0m incoming body is content-length (45 bytes)
[2m2025-12-10T10:19:14.874793Z[0m [34mDEBUG[0m [2mhyper::proto::h1::conn[0m[2m:[0m incoming body completed
[2m2025-12-10T10:19:14.874803Z[0m [34mDEBUG[0m [2mhyper::client::pool[0m[2m:[0m pooling idle connection for ("http", 192.168.0.14:8545)
[2m2025-12-10T10:19:14.874832Z[0m [34mDEBUG[0m [2mhyper::client::pool[0m[2m:[0m reuse idle connection for ("http", 192.168.0.14:8545)
[2m2025-12-10T10:19:14.874898Z[0m [34mDEBUG[0m [2mhyper::proto::h1::io[0m[2m:[0m flushed 172 bytes
[2m2025-12-10T10:19:14.886531Z[0m [34mDEBUG[0m [2mhyper::proto::h1::io[0m[2m:[0m parsed 4 headers
[2m2025-12-10T10:19:14.886547Z[0m [34mDEBUG[0m [2mhyper::proto::h1::conn[0m[2m:[0m incoming body is content-length (45 bytes)
[2m2025-12-10T10:19:14.886558Z[0m [34mDEBUG[0m [2mhyper::proto::h1::conn[0m[2m:[0m incoming body completed
[2m2025-12-10T10:19:14.886570Z[0m [34mDEBUG[0m [2mhyper::client::pool[0m[2m:[0m pooling idle connection for ("http", 192.168.0.14:8545)
[2m2025-12-10T10:19:14.886599Z[0m [34mDEBUG[0m [2mhyper::client::pool[0m[2m:[0m reuse idle connection for ("http", 192.168.0.14:8545)
[2m2025-12-10T10:19:14.887340Z[0m [34mDEBUG[0m [2mhyper::proto::h1::io[0m[2m:[0m flushed 172 bytes
[2m2025-12-10T10:19:14.899193Z[0m [34mDEBUG[0m [2mhyper::proto::h1::io[0m[2m:[0m parsed 4 headers
[2m2025-12-10T10:19:14.899209Z[0m [34mDEBUG[0m [2mhyper::proto::h1::conn[0m[2m:[0m incoming body is content-length (45 bytes)
[2m2025-12-10T10:19:14.899219Z[0m [34mDEBUG[0m [2mhyper::proto::h1::conn[0m[2m:[0m incoming body completed
[2m2025-12-10T10:19:14.899232Z[0m [34mDEBUG[0m [2mhyper::client::pool[0m[2m:[0m pooling idle connection for ("http", 192.168.0.14:8545)
[2m2025-12-10T10:19:14.899292Z[0m [34mDEBUG[0m [2mhyper::client::pool[0m[2m:[0m reuse idle connection for ("http", 192.168.0.14:8545)
[2m2025-12-10T10:19:14.899422Z[0m [34mDEBUG[0m [2mhyper::proto::h1::io[0m[2m:[0m flushed 172 bytes
[2m2025-12-10T10:19:14.909544Z[0m [34mDEBUG[0m [2mhyper::proto::h1::io[0m[2m:[0m parsed 4 headers
[2m2025-12-10T10:19:14.909755Z[0m [34mDEBUG[0m [2mhyper::proto::h1::conn[0m[2m:[0m incoming body is content-length (45 bytes)
[2m2025-12-10T10:19:14.909771Z[0m [34mDEBUG[0m [2mhyper::proto::h1::conn[0m[2m:[0m incoming body completed
[2m2025-12-10T10:19:14.909787Z[0m [34mDEBUG[0m [2mhyper::client::pool[0m[2m:[0m pooling idle connection for ("http", 192.168.0.14:8545)
[2m2025-12-10T10:19:14.909821Z[0m [34mDEBUG[0m [2mhyper::client::pool[0m[2m:[0m reuse idle connection for ("http", 192.168.0.14:8545)
[2m2025-12-10T10:19:14.909857Z[0m [34mDEBUG[0m [2mhyper::proto::h1::io[0m[2m:[0m flushed 172 bytes
[2m2025-12-10T10:19:14.916406Z[0m [34mDEBUG[0m [2mhyper::proto::h1::io[0m[2m:[0m parsed 4 headers
[2m2025-12-10T10:19:14.916422Z[0m [34mDEBUG[0m [2mhyper::proto::h1::conn[0m[2m:[0m incoming body is content-length (45 bytes)
[2m2025-12-10T10:19:14.916434Z[0m [34mDEBUG[0m [2mhyper::proto::h1::conn[0m[2m:[0m incoming body completed
[2m2025-12-10T10:19:14.916448Z[0m [34mDEBUG[0m [2mhyper::client::pool[0m[2m:[0m pooling idle connection for ("http", 192.168.0.14:8545)
[2m2025-12-10T10:19:14.916484Z[0m [34mDEBUG[0m [2mhyper::client::pool[0m[2m:[0m reuse idle connection for ("http", 192.168.0.14:8545)
[2m2025-12-10T10:19:14.916518Z[0m [34mDEBUG[0m [2mhyper::proto::h1::io[0m[2m:[0m flushed 172 bytes
[2m2025-12-10T10:19:14.920730Z[0m [34mDEBUG[0m [2mhyper::proto::h1::io[0m[2m:[0m parsed 4 headers
[2m2025-12-10T10:19:14.920749Z[0m [34mDEBUG[0m [2mhyper::proto::h1::conn[0m[2m:[0m incoming body is content-length (45 bytes)
[2m2025-12-10T10:19:14.920770Z[0m [34mDEBUG[0m [2mhyper::proto::h1::conn[0m[2m:[0m incoming body completed
[2m2025-12-10T10:19:14.920787Z[0m [34mDEBUG[0m [2mhyper::client::pool[0m[2m:[0m pooling idle connection for ("http", 192.168.0.14:8545)
[2m2025-12-10T10:19:14.921047Z[0m [34mDEBUG[0m [2mhyper::client::pool[0m[2m:[0m reuse idle connection for ("http", 192.168.0.14:8545)
[2m2025-12-10T10:19:14.921077Z[0m [34mDEBUG[0m [2mhyper::proto::h1::io[0m[2m:[0m flushed 172 bytes
[2m2025-12-10T10:19:14.921109Z[0m [34mDEBUG[0m [2methereum_transaction_pool_monitor::eth_client[0m[2m:[0m 📨 Received WebSocket message: {"jsonrpc":"2.0","method":"eth_subscription","params":{"subscription":"0xbed0a0851463e895960a451075a301a9","result":"0x0e0f2bdea659748846f3328a69258a3b95041375c0ecbdabb9ba00f43c614806"}}
[2m2025-12-10T10:19:14.921121Z[0m [34mDEBUG[0m [2methereum_transaction_pool_monitor::eth_client[0m[2m:[0m 📨 Received pending transaction: 0x0e0f2bdea659748846f3328a69258a3b95041375c0ecbdabb9ba00f43c614806
[2m2025-12-10T10:19:14.921130Z[0m [34mDEBUG[0m [2methereum_transaction_pool_monitor::eth_client[0m[2m:[0m 📨 Received WebSocket message: {"jsonrpc":"2.0","method":"eth_subscription","params":{"subscription":"0xbed0a0851463e895960a451075a301a9","result":"0xe3d7591a31139ba31ba489b0c352012657ed2736d406ff6843c3fc5fb8acb3e2"}}
[2m2025-12-10T10:19:14.921136Z[0m [34mDEBUG[0m [2methereum_transaction_pool_monitor::eth_client[0m[2m:[0m 📨 Received pending transaction: 0xe3d7591a31139ba31ba489b0c352012657ed2736d406ff6843c3fc5fb8acb3e2
[2m2025-12-10T10:19:14.921141Z[0m [34mDEBUG[0m [2methereum_transaction_pool_monitor::eth_client[0m[2m:[0m 📨 Received WebSocket message: {"jsonrpc":"2.0","method":"eth_subscription","params":{"subscription":"0xbed0a0851463e895960a451075a301a9","result":"0x52ea890870f90873f444e6e368cb9c37f8ab3c177921ee134d615ce2171075a3"}}
[2m2025-12-10T10:19:14.921147Z[0m [34mDEBUG[0m [2methereum_transaction_pool_monitor::eth_client[0m[2m:[0m 📨 Received pending transaction: 0x52ea890870f90873f444e6e368cb9c37f8ab3c177921ee134d615ce2171075a3
[2m2025-12-10T10:19:14.921152Z[0m [34mDEBUG[0m [2methereum_transaction_pool_monitor::eth_client[0m[2m:[0m 📨 Received WebSocket message: {"jsonrpc":"2.0","method":"eth_subscription","params":{"subscription":"0xbed0a0851463e895960a451075a301a9","result":"0xda5e028a5edb5877d710379a72054bee1f8f3c948305f0e3ee5ea909f38a1f3c"}}
[2m2025-12-10T10:19:14.921157Z[0m [34mDEBUG[0m [2methereum_transaction_pool_monitor::eth_client[0m[2m:[0m 📨 Received pending transaction: 0xda5e028a5edb5877d710379a72054bee1f8f3c948305f0e3ee5ea909f38a1f3c
[2m2025-12-10T10:19:14.921162Z[0m [34mDEBUG[0m [2methereum_transaction_pool_monitor::eth_client[0m[2m:[0m 📨 Received WebSocket message: {"jsonrpc":"2.0","method":"eth_subscription","params":{"subscription":"0xbed0a0851463e895960a451075a301a9","result":"0x377ce152cff5fb1896840b1a12148c4c9e417b9443e5ee590629bc85ad0a98e5"}}
[2m2025-12-10T10:19:14.921167Z[0m [34mDEBUG[0m [2methereum_transaction_pool_monitor::eth_client[0m[2m:[0m 📨 Received pending transaction: 0x377ce152cff5fb1896840b1a12148c4c9e417b9443e5ee590629bc85ad0a98e5
[2m2025-12-10T10:19:14.921174Z[0m [34mDEBUG[0m [2methereum_transaction_pool_monitor::eth_client[0m[2m:[0m 📨 Received WebSocket message: {"jsonrpc":"2.0","method":"eth_subscription","params":{"subscription":"0xbed0a0851463e895960a451075a301a9","result":"0x5ff8974895110467212aab84ce87e572672f7905c416a036b989181856c013fd"}}
[2m2025-12-10T10:19:14.921179Z[0m [34mDEBUG[0m [2methereum_transaction_pool_monitor::eth_client[0m[2m:[0m 📨 Received pending transaction: 0x5ff8974895110467212aab84ce87e572672f7905c416a036b989181856c013fd
[2m2025-12-10T10:19:14.925941Z[0m [34mDEBUG[0m [2mhyper::proto::h1::io[0m[2m:[0m parsed 4 headers
[2m2025-12-10T10:19:14.925963Z[0m [34mDEBUG[0m [2mhyper::proto::h1::conn[0m[2m:[0m incoming body is content-length (45 bytes)
[2m2025-12-10T10:19:14.925972Z[0m [34mDEBUG[0m [2mhyper::proto::h1::conn[0m[2m:[0m incoming body completed
[2m2025-12-10T10:19:14.925993Z[0m [34mDEBUG[0m [2mhyper::client::pool[0m[2m:[0m pooling idle connection for ("http", 192.168.0.14:8545)
[2m2025-12-10T10:19:14.926017Z[0m [34mDEBUG[0m [2mhyper::client::pool[0m[2m:[0m reuse idle connection for ("http", 192.168.0.14:8545)
[2m2025-12-10T10:19:14.926045Z[0m [34mDEBUG[0m [2mhyper::proto::h1::io[0m[2m:[0m flushed 172 bytes
[2m2025-12-10T10:19:14.929707Z[0m [34mDEBUG[0m [2mhyper::proto::h1::io[0m[2m:[0m parsed 4 headers
[2m2025-12-10T10:19:14.929719Z[0m [34mDEBUG[0m [2mhyper::proto::h1::conn[0m[2m:[0m incoming body is content-length (45 bytes)
[2m2025-12-10T10:19:14.929727Z[0m [34mDEBUG[0m [2mhyper::proto::h1::conn[0m[2m:[0m incoming body completed
[2m2025-12-10T10:19:14.929737Z[0m [34mDEBUG[0m [2mhyper::client::pool[0m[2m:[0m pooling idle connection for ("http", 192.168.0.14:8545)
[2m2025-12-10T10:19:14.929941Z[0m [34mDEBUG[0m [2mhyper::client::pool[0m[2m:[0m reuse idle connection for ("http", 192.168.0.14:8545)
[2m2025-12-10T10:19:14.929963Z[0m [34mDEBUG[0m [2mhyper::proto::h1::io[0m[2m:[0m flushed 172 bytes
[2m2025-12-10T10:19:14.933469Z[0m [34mDEBUG[0m [2mhyper::proto::h1::io[0m[2m:[0m parsed 4 headers
[2m2025-12-10T10:19:14.933500Z[0m [34mDEBUG[0m [2mhyper::proto::h1::conn[0m[2m:[0m incoming body is content-length (45 bytes)
[2m2025-12-10T10:19:14.933534Z[0m [34mDEBUG[0m [2mhyper::proto::h1::conn[0m[2m:[0m incoming body completed
[2m2025-12-10T10:19:14.933618Z[0m [34mDEBUG[0m [2mhyper::client::pool[0m[2m:[0m pooling idle connection for ("http", 192.168.0.14:8545)
[2m2025-12-10T10:19:14.933646Z[0m [34mDEBUG[0m [2mhyper::client::pool[0m[2m:[0m reuse idle connection for ("http", 192.168.0.14:8545)
[2m2025-12-10T10:19:14.933668Z[0m [34mDEBUG[0m [2mhyper::proto::h1::io[0m[2m:[0m flushed 172 bytes
[2m2025-12-10T10:19:14.937891Z[0m [34mDEBUG[0m [2mhyper::proto::h1::io[0m[2m:[0m parsed 4 headers
[2m2025-12-10T10:19:14.937904Z[0m [34mDEBUG[0m [2mhyper::proto::h1::conn[0m[2m:[0m incoming body is content-length (45 bytes)
[2m2025-12-10T10:19:14.938017Z[0m [34mDEBUG[0m [2mhyper::proto::h1::conn[0m[2m:[0m incoming body completed
[2m2025-12-10T10:19:14.938031Z[0m [34mDEBUG[0m [2mhyper::client::pool[0m[2m:[0m pooling idle connection for ("http", 192.168.0.14:8545)
[2m2025-12-10T10:19:14.938059Z[0m [34mDEBUG[0m [2mhyper::client::pool[0m[2m:[0m reuse idle connection for ("http", 192.168.0.14:8545)
[2m2025-12-10T10:19:14.938149Z[0m [34mDEBUG[0m [2mhyper::proto::h1::io[0m[2m:[0m flushed 172 bytes
[2m2025-12-10T10:19:14.942354Z[0m [34mDEBUG[0m [2mhyper::proto::h1::io[0m[2m:[0m parsed 4 headers
[2m2025-12-10T10:19:14.942367Z[0m [34mDEBUG[0m [2mhyper::proto::h1::conn[0m[2m:[0m incoming body is content-length (45 bytes)
[2m2025-12-10T10:19:14.942399Z[0m [34mDEBUG[0m [2mhyper::proto::h1::conn[0m[2m:[0m incoming body completed
[2m2025-12-10T10:19:14.942438Z[0m [34mDEBUG[0m [2mhyper::client::pool[0m[2m:[0m pooling idle connection for ("http", 192.168.0.14:8545)
[2m2025-12-10T10:19:14.942469Z[0m [34mDEBUG[0m [2mhyper::client::pool[0m[2m:[0m reuse idle connection for ("http", 192.168.0.14:8545)
[2m2025-12-10T10:19:14.942491Z[0m [34mDEBUG[0m [2mhyper::proto::h1::io[0m[2m:[0m flushed 172 bytes
[2m2025-12-10T10:19:14.953416Z[0m [34mDEBUG[0m [2mhyper::proto::h1::io[0m[2m:[0m parsed 4 headers
[2m2025-12-10T10:19:14.953436Z[0m [34mDEBUG[0m [2mhyper::proto::h1::conn[0m[2m:[0m incoming body is content-length (45 bytes)
[2m2025-12-10T10:19:14.953520Z[0m [34mDEBUG[0m [2mhyper::proto::h1::conn[0m[2m:[0m incoming body completed
[2m2025-12-10T10:19:14.953533Z[0m [34mDEBUG[0m [2mhyper::client::pool[0m[2m:[0m pooling idle connection for ("http", 192.168.0.14:8545)
[2m2025-12-10T10:19:14.953582Z[0m [34mDEBUG[0m [2mhyper::client::pool[0m[2m:[0m reuse idle connection for ("http", 192.168.0.14:8545)
[2m2025-12-10T10:19:14.953646Z[0m [34mDEBUG[0m [2mhyper::proto::h1::io[0m[2m:[0m flushed 172 bytes
[2m2025-12-10T10:19:14.961062Z[0m [34mDEBUG[0m [2mhyper::proto::h1::io[0m[2m:[0m parsed 4 headers
[2m2025-12-10T10:19:14.961076Z[0m [34mDEBUG[0m [2mhyper::proto::h1::conn[0m[2m:[0m incoming body is content-length (45 bytes)
[2m2025-12-10T10:19:14.961085Z[0m [34mDEBUG[0m [2mhyper::proto::h1::conn[0m[2m:[0m incoming body completed
[2m2025-12-10T10:19:14.961097Z[0m [34mDEBUG[0m [2mhyper::client::pool[0m[2m:[0m pooling idle connection for ("http", 192.168.0.14:8545)
[2m2025-12-10T10:19:14.961123Z[0m [34mDEBUG[0m [2mhyper::client::pool[0m[2m:[0m reuse idle connection for ("http", 192.168.0.14:8545)
[2m2025-12-10T10:19:14.961161Z[0m [34mDEBUG[0m [2mhyper::proto::h1::io[0m[2m:[0m flushed 172 bytes
[2m2025-12-10T10:19:14.964998Z[0m [34mDEBUG[0m [2mhyper::proto::h1::io[0m[2m:[0m parsed 4 headers
[2m2025-12-10T10:19:14.965008Z[0m [34mDEBUG[0m [2mhyper::proto::h1::conn[0m[2m:[0m incoming body is content-length (45 bytes)
[2m2025-12-10T10:19:14.965016Z[0m [34mDEBUG[0m [2mhyper::proto::h1::conn[0m[2m:[0m incoming body completed
[2m2025-12-10T10:19:14.965025Z[0m [34mDEBUG[0m [2mhyper::client::pool[0m[2m:[0m pooling idle connection for ("http", 192.168.0.14:8545)
[2m2025-12-10T10:19:14.965058Z[0m [34mDEBUG[0m [2mhyper::client::pool[0m[2m:[0m reuse idle connection for ("http", 192.168.0.14:8545)
[2m2025-12-10T10:19:14.965082Z[0m [34mDEBUG[0m [2mhyper::proto::h1::io[0m[2m:[0m flushed 172 bytes
[2m2025-12-10T10:19:14.968709Z[0m [34mDEBUG[0m [2mhyper::proto::h1::io[0m[2m:[0m parsed 4 headers
[2m2025-12-10T10:19:14.968718Z[0m [34mDEBUG[0m [2mhyper::proto::h1::conn[0m[2m:[0m incoming body is content-length (45 bytes)
[2m2025-12-10T10:19:14.968724Z[0m [34mDEBUG[0m [2mhyper::proto::h1::conn[0m[2m:[0m incoming body completed
[2m2025-12-10T10:19:14.968738Z[0m [34mDEBUG[0m [2mhyper::client::pool[0m[2m:[0m pooling idle connection for ("http", 192.168.0.14:8545)
[2m2025-12-10T10:19:14.969197Z[0m [34mDEBUG[0m [2mhyper::client::pool[0m[2m:[0m reuse idle connection for ("http", 192.168.0.14:8545)
[2m2025-12-10T10:19:14.969222Z[0m [34mDEBUG[0m [2mhyper::proto::h1::io[0m[2m:[0m flushed 172 bytes
[2m2025-12-10T10:19:14.979863Z[0m [34mDEBUG[0m [2mhyper::proto::h1::io[0m[2m:[0m parsed 4 headers
[2m2025-12-10T10:19:14.980201Z[0m [34mDEBUG[0m [2mhyper::proto::h1::conn[0m[2m:[0m incoming body is content-length (45 bytes)
[2m2025-12-10T10:19:14.980249Z[0m [34mDEBUG[0m [2mhyper::proto::h1::conn[0m[2m:[0m incoming body completed
[2m2025-12-10T10:19:14.980288Z[0m [34mDEBUG[0m [2mhyper::client::pool[0m[2m:[0m pooling idle connection for ("http", 192.168.0.14:8545)
[2m2025-12-10T10:19:14.980483Z[0m [34mDEBUG[0m [2mhyper::client::pool[0m[2m:[0m reuse idle connection for ("http", 192.168.0.14:8545)
[2m2025-12-10T10:19:14.980649Z[0m [34mDEBUG[0m [2mhyper::proto::h1::io[0m[2m:[0m flushed 172 bytes
[2m2025-12-10T10:19:14.985107Z[0m [34mDEBUG[0m [2mhyper::proto::h1::io[0m[2m:[0m parsed 4 headers
[2m2025-12-10T10:19:14.985359Z[0m [34mDEBUG[0m [2mhyper::proto::h1::conn[0m[2m:[0m incoming body is content-length (45 bytes)
[2m2025-12-10T10:19:14.985370Z[0m [34mDEBUG[0m [2mhyper::proto::h1::conn[0m[2m:[0m incoming body completed
[2m2025-12-10T10:19:14.985379Z[0m [34mDEBUG[0m [2mhyper::client::pool[0m[2m:[0m pooling idle connection for ("http", 192.168.0.14:8545)
[2m2025-12-10T10:19:14.985400Z[0m [34mDEBUG[0m [2mhyper::client::pool[0m[2m:[0m reuse idle connection for ("http", 192.168.0.14:8545)
[2m2025-12-10T10:19:14.985432Z[0m [34mDEBUG[0m [2mhyper::proto::h1::io[0m[2m:[0m flushed 172 bytes
[2m2025-12-10T10:19:14.990804Z[0m [34mDEBUG[0m [2mhyper::proto::h1::io[0m[2m:[0m parsed 4 headers
[2m2025-12-10T10:19:14.990813Z[0m [34mDEBUG[0m [2mhyper::proto::h1::conn[0m[2m:[0m incoming body is content-length (45 bytes)
[2m2025-12-10T10:19:14.990819Z[0m [34mDEBUG[0m [2mhyper::proto::h1::conn[0m[2m:[0m incoming body completed
[2m2025-12-10T10:19:14.990826Z[0m [34mDEBUG[0m [2mhyper::client::pool[0m[2m:[0m pooling idle connection for ("http", 192.168.0.14:8545)
[2m2025-12-10T10:19:14.990844Z[0m [34mDEBUG[0m [2mhyper::client::pool[0m[2m:[0m reuse idle connection for ("http", 192.168.0.14:8545)
[2m2025-12-10T10:19:14.990867Z[0m [34mDEBUG[0m [2mhyper::proto::h1::io[0m[2m:[0m flushed 172 bytes
[2m2025-12-10T10:19:14.997851Z[0m [34mDEBUG[0m [2mhyper::proto::h1::io[0m[2m:[0m parsed 4 headers
[2m2025-12-10T10:19:14.997860Z[0m [34mDEBUG[0m [2mhyper::proto::h1::conn[0m[2m:[0m incoming body is content-length (45 bytes)
[2m2025-12-10T10:19:14.997867Z[0m [34mDEBUG[0m [2mhyper::proto::h1::conn[0m[2m:[0m incoming body completed
[2m2025-12-10T10:19:14.997874Z[0m [34mDEBUG[0m [2mhyper::client::pool[0m[2m:[0m pooling idle connection for ("http", 192.168.0.14:8545)
[2m2025-12-10T10:19:14.997890Z[0m [34mDEBUG[0m [2mhyper::client::pool[0m[2m:[0m reuse idle connection for ("http", 192.168.0.14:8545)
[2m2025-12-10T10:19:14.997909Z[0m [34mDEBUG[0m [2mhyper::proto::h1::io[0m[2m:[0m flushed 172 bytes
[2m2025-12-10T10:19:15.032752Z[0m [34mDEBUG[0m [2mhyper::proto::h1::io[0m[2m:[0m parsed 4 headers
[2m2025-12-10T10:19:15.032788Z[0m [34mDEBUG[0m [2mhyper::proto::h1::conn[0m[2m:[0m incoming body is content-length (45 bytes)
[2m2025-12-10T10:19:15.032797Z[0m [34mDEBUG[0m [2mhyper::proto::h1::conn[0m[2m:[0m incoming body completed
[2m2025-12-10T10:19:15.032809Z[0m [34mDEBUG[0m [2mhyper::client::pool[0m[2m:[0m pooling idle connection for ("http", 192.168.0.14:8545)
[2m2025-12-10T10:19:15.032845Z[0m [34mDEBUG[0m [2mhyper::client::pool[0m[2m:[0m reuse idle connection for ("http", 192.168.0.14:8545)
[2m2025-12-10T10:19:15.032889Z[0m [34mDEBUG[0m [2mhyper::proto::h1::io[0m[2m:[0m flushed 172 bytes
[2m2025-12-10T10:19:15.053555Z[0m [34mDEBUG[0m [2mhyper::proto::h1::io[0m[2m:[0m parsed 4 headers
[2m2025-12-10T10:19:15.053628Z[0m [34mDEBUG[0m [2mhyper::proto::h1::conn[0m[2m:[0m incoming body is content-length (45 bytes)
[2m2025-12-10T10:19:15.053649Z[0m [34mDEBUG[0m [2mhyper::proto::h1::conn[0m[2m:[0m incoming body completed
[2m2025-12-10T10:19:15.053666Z[0m [34mDEBUG[0m [2mhyper::client::pool[0m[2m:[0m pooling idle connection for ("http", 192.168.0.14:8545)
[2m2025-12-10T10:19:15.053738Z[0m [34mDEBUG[0m [2mhyper::client::pool[0m[2m:[0m reuse idle connection for ("http", 192.168.0.14:8545)
[2m2025-12-10T10:19:15.053822Z[0m [34mDEBUG[0m [2mhyper::proto::h1::io[0m[2m:[0m flushed 172 bytes
[2m2025-12-10T10:19:15.058166Z[0m [34mDEBUG[0m [2mhyper::proto::h1::io[0m[2m:[0m parsed 4 headers
[2m2025-12-10T10:19:15.058203Z[0m [34mDEBUG[0m [2mhyper::proto::h1::conn[0m[2m:[0m incoming body is content-length (45 bytes)
[2m2025-12-10T10:19:15.058221Z[0m [34mDEBUG[0m [2mhyper::proto::h1::conn[0m[2m:[0m incoming body completed
[2m2025-12-10T10:19:15.058244Z[0m [34mDEBUG[0m [2mhyper::client::pool[0m[2m:[0m pooling idle connection for ("http", 192.168.0.14:8545)
[2m2025-12-10T10:19:15.058289Z[0m [34mDEBUG[0m [2mhyper::client::pool[0m[2m:[0m reuse idle connection for ("http", 192.168.0.14:8545)
[2m2025-12-10T10:19:15.058358Z[0m [34mDEBUG[0m [2mhyper::proto::h1::io[0m[2m:[0m flushed 172 bytes
[2m2025-12-10T10:19:15.061768Z[0m [34mDEBUG[0m [2mhyper::proto::h1::io[0m[2m:[0m parsed 4 headers
[2m2025-12-10T10:19:15.061783Z[0m [34mDEBUG[0m [2mhyper::proto::h1::conn[0m[2m:[0m incoming body is content-length (45 bytes)
[2m2025-12-10T10:19:15.061792Z[0m [34mDEBUG[0m [2mhyper::proto::h1::conn[0m[2m:[0m incoming body completed
[2m2025-12-10T10:19:15.061804Z[0m [34mDEBUG[0m [2mhyper::client::pool[0m[2m:[0m pooling idle connection for ("http", 192.168.0.14:8545)
[2m2025-12-10T10:19:15.061832Z[0m [34mDEBUG[0m [2mhyper::client::pool[0m[2m:[0m reuse idle connection for ("http", 192.168.0.14:8545)
[2m2025-12-10T10:19:15.061858Z[0m [34mDEBUG[0m [2mhyper::proto::h1::io[0m[2m:[0m flushed 172 bytes
[2m2025-12-10T10:19:15.068506Z[0m [34mDEBUG[0m [2mhyper::proto::h1::io[0m[2m:[0m parsed 4 headers
[2m2025-12-10T10:19:15.068530Z[0m [34mDEBUG[0m [2mhyper::proto::h1::conn[0m[2m:[0m incoming body is content-length (45 bytes)
[2m2025-12-10T10:19:15.068541Z[0m [34mDEBUG[0m [2mhyper::proto::h1::conn[0m[2m:[0m incoming body completed
[2m2025-12-10T10:19:15.068553Z[0m [34mDEBUG[0m [2mhyper::client::pool[0m[2m:[0m pooling idle connection for ("http", 192.168.0.14:8545)
[2m2025-12-10T10:19:15.068582Z[0m [34mDEBUG[0m [2mhyper::client::pool[0m[2m:[0m reuse idle connection for ("http", 192.168.0.14:8545)
[2m2025-12-10T10:19:15.070263Z[0m [34mDEBUG[0m [2mhyper::proto::h1::io[0m[2m:[0m flushed 172 bytes
[2m2025-12-10T10:19:15.071605Z[0m [34mDEBUG[0m [2mhyper::proto::h1::io[0m[2m:[0m parsed 4 headers
[2m2025-12-10T10:19:15.071648Z[0m [34mDEBUG[0m [2mhyper::proto::h1::conn[0m[2m:[0m incoming body is content-length (45 bytes)
[2m2025-12-10T10:19:15.071655Z[0m [34mDEBUG[0m [2mhyper::proto::h1::conn[0m[2m:[0m incoming body completed
[2m2025-12-10T10:19:15.071665Z[0m [34mDEBUG[0m [2mhyper::client::pool[0m[2m:[0m pooling idle connection for ("http", 192.168.0.14:8545)
[2m2025-12-10T10:19:15.071688Z[0m [34mDEBUG[0m [2mhyper::client::pool[0m[2m:[0m reuse idle connection for ("http", 192.168.0.14:8545)
[2m2025-12-10T10:19:15.071712Z[0m [34mDEBUG[0m [2mhyper::proto::h1::io[0m[2m:[0m flushed 172 bytes
[2m2025-12-10T10:19:15.076257Z[0m [34mDEBUG[0m [2mhyper::proto::h1::io[0m[2m:[0m parsed 4 headers
[2m2025-12-10T10:19:15.076266Z[0m [34mDEBUG[0m [2mhyper::proto::h1::conn[0m[2m:[0m incoming body is content-length (45 bytes)
[2m2025-12-10T10:19:15.076272Z[0m [34mDEBUG[0m [2mhyper::proto::h1::conn[0m[2m:[0m incoming body completed
[2m2025-12-10T10:19:15.076284Z[0m [34mDEBUG[0m [2mhyper::client::pool[0m[2m:[0m pooling idle connection for ("http", 192.168.0.14:8545)
[2m2025-12-10T10:19:15.076318Z[0m [34mDEBUG[0m [2mhyper::client::pool[0m[2m:[0m reuse idle connection for ("http", 192.168.0.14:8545)
[2m2025-12-10T10:19:15.076338Z[0m [34mDEBUG[0m [2mhyper::proto::h1::io[0m[2m:[0m flushed 172 bytes
[2m2025-12-10T10:19:15.081384Z[0m [34mDEBUG[0m [2mhyper::proto::h1::io[0m[2m:[0m parsed 4 headers
[2m2025-12-10T10:19:15.081392Z[0m [34mDEBUG[0m [2mhyper::proto::h1::conn[0m[2m:[0m incoming body is content-length (45 bytes)
[2m2025-12-10T10:19:15.081399Z[0m [34mDEBUG[0m [2mhyper::proto::h1::conn[0m[2m:[0m incoming body completed
[2m2025-12-10T10:19:15.081407Z[0m [34mDEBUG[0m [2mhyper::client::pool[0m[2m:[0m pooling idle connection for ("http", 192.168.0.14:8545)
[2m2025-12-10T10:19:15.081426Z[0m [34mDEBUG[0m [2mhyper::client::pool[0m[2m:[0m reuse idle connection for ("http", 192.168.0.14:8545)
[2m2025-12-10T10:19:15.081445Z[0m [34mDEBUG[0m [2mhyper::proto::h1::io[0m[2m:[0m flushed 172 bytes
[2m2025-12-10T10:19:15.085975Z[0m [34mDEBUG[0m [2mhyper::proto::h1::io[0m[2m:[0m parsed 4 headers
[2m2025-12-10T10:19:15.085984Z[0m [34mDEBUG[0m [2mhyper::proto::h1::conn[0m[2m:[0m incoming body is content-length (45 bytes)
[2m2025-12-10T10:19:15.085990Z[0m [34mDEBUG[0m [2mhyper::proto::h1::conn[0m[2m:[0m incoming body completed
[2m2025-12-10T10:19:15.085997Z[0m [34mDEBUG[0m [2mhyper::client::pool[0m[2m:[0m pooling idle connection for ("http", 192.168.0.14:8545)
[2m2025-12-10T10:19:15.086016Z[0m [34mDEBUG[0m [2mhyper::client::pool[0m[2m:[0m reuse idle connection for ("http", 192.168.0.14:8545)
[2m2025-12-10T10:19:15.086039Z[0m [34mDEBUG[0m [2mhyper::proto::h1::io[0m[2m:[0m flushed 172 bytes
[2m2025-12-10T10:19:15.089496Z[0m [34mDEBUG[0m [2mhyper::proto::h1::io[0m[2m:[0m parsed 4 headers
[2m2025-12-10T10:19:15.089504Z[0m [34mDEBUG[0m [2mhyper::proto::h1::conn[0m[2m:[0m incoming body is content-length (45 bytes)
[2m2025-12-10T10:19:15.089510Z[0m [34mDEBUG[0m [2mhyper::proto::h1::conn[0m[2m:[0m incoming body completed
[2m2025-12-10T10:19:15.089516Z[0m [34mDEBUG[0m [2mhyper::client::pool[0m[2m:[0m pooling idle connection for ("http", 192.168.0.14:8545)
[2m2025-12-10T10:19:15.089528Z[0m [34mDEBUG[0m [2mhyper::client::pool[0m[2m:[0m reuse idle connection for ("http", 192.168.0.14:8545)
[2m2025-12-10T10:19:15.089543Z[0m [34mDEBUG[0m [2mhyper::proto::h1::io[0m[2m:[0m flushed 172 bytes
[2m2025-12-10T10:19:15.093701Z[0m [34mDEBUG[0m [2mhyper::proto::h1::io[0m[2m:[0m parsed 4 headers
[2m2025-12-10T10:19:15.093708Z[0m [34mDEBUG[0m [2mhyper::proto::h1::conn[0m[2m:[0m incoming body is content-length (45 bytes)
[2m2025-12-10T10:19:15.093714Z[0m [34mDEBUG[0m [2mhyper::proto::h1::conn[0m[2m:[0m incoming body completed
[2m2025-12-10T10:19:15.093720Z[0m [34mDEBUG[0m [2mhyper::client::pool[0m[2m:[0m pooling idle connection for ("http", 192.168.0.14:8545)
[2m2025-12-10T10:19:15.093733Z[0m [34mDEBUG[0m [2mhyper::client::pool[0m[2m:[0m reuse idle connection for ("http", 192.168.0.14:8545)
[2m2025-12-10T10:19:15.093756Z[0m [34mDEBUG[0m [2mhyper::proto::h1::io[0m[2m:[0m flushed 172 bytes
[2m2025-12-10T10:19:15.099828Z[0m [34mDEBUG[0m [2mhyper::proto::h1::io[0m[2m:[0m parsed 4 headers
[2m2025-12-10T10:19:15.099836Z[0m [34mDEBUG[0m [2mhyper::proto::h1::conn[0m[2m:[0m incoming body is content-length (45 bytes)
[2m2025-12-10T10:19:15.099842Z[0m [34mDEBUG[0m [2mhyper::proto::h1::conn[0m[2m:[0m incoming body completed
[2m2025-12-10T10:19:15.099849Z[0m [34mDEBUG[0m [2mhyper::client::pool[0m[2m:[0m pooling idle connection for ("http", 192.168.0.14:8545)
[2m2025-12-10T10:19:15.099867Z[0m [34mDEBUG[0m [2mhyper::client::pool[0m[2m:[0m reuse idle connection for ("http", 192.168.0.14:8545)
[2m2025-12-10T10:19:15.100029Z[0m [34mDEBUG[0m [2mhyper::proto::h1::io[0m[2m:[0m flushed 172 bytes
[2m2025-12-10T10:19:15.103020Z[0m [34mDEBUG[0m [2mhyper::proto::h1::io[0m[2m:[0m parsed 4 headers
[2m2025-12-10T10:19:15.106300Z[0m [34mDEBUG[0m [2mhyper::proto::h1::conn[0m[2m:[0m incoming body is content-length (45 bytes)
[2m2025-12-10T10:19:15.133697Z[0m [34mDEBUG[0m [2mhyper::proto::h1::conn[0m[2m:[0m incoming body completed
[2m2025-12-10T10:19:15.133718Z[0m [34mDEBUG[0m [2mhyper::client::pool[0m[2m:[0m pooling idle connection for ("http", 192.168.0.14:8545)
[2m2025-12-10T10:19:15.133752Z[0m [34mDEBUG[0m [2mhyper::client::pool[0m[2m:[0m reuse idle connection for ("http", 192.168.0.14:8545)
[2m2025-12-10T10:19:15.133800Z[0m [34mDEBUG[0m [2mhyper::proto::h1::io[0m[2m:[0m flushed 172 bytes
[2m2025-12-10T10:19:15.137514Z[0m [34mDEBUG[0m [2mhyper::proto::h1::io[0m[2m:[0m parsed 4 headers
[2m2025-12-10T10:19:15.137525Z[0m [34mDEBUG[0m [2mhyper::proto::h1::conn[0m[2m:[0m incoming body is content-length (45 bytes)
[2m2025-12-10T10:19:15.137533Z[0m [34mDEBUG[0m [2mhyper::proto::h1::conn[0m[2m:[0m incoming body completed
[2m2025-12-10T10:19:15.137541Z[0m [34mDEBUG[0m [2mhyper::client::pool[0m[2m:[0m pooling idle connection for ("http", 192.168.0.14:8545)
[2m2025-12-10T10:19:15.137589Z[0m [34mDEBUG[0m [2mhyper::client::pool[0m[2m:[0m reuse idle connection for ("http", 192.168.0.14:8545)
[2m2025-12-10T10:19:15.137660Z[0m [34mDEBUG[0m [2mhyper::proto::h1::io[0m[2m:[0m flushed 172 bytes
[2m2025-12-10T10:19:15.142129Z[0m [34mDEBUG[0m [2mhyper::proto::h1::io[0m[2m:[0m parsed 4 headers
[2m2025-12-10T10:19:15.142140Z[0m [34mDEBUG[0m [2mhyper::proto::h1::conn[0m[2m:[0m incoming body is content-length (45 bytes)
[2m2025-12-10T10:19:15.142146Z[0m [34mDEBUG[0m [2mhyper::proto::h1::conn[0m[2m:[0m incoming body completed
[2m2025-12-10T10:19:15.142152Z[0m [34mDEBUG[0m [2mhyper::client::pool[0m[2m:[0m pooling idle connection for ("http", 192.168.0.14:8545)
[2m2025-12-10T10:19:15.142165Z[0m [34mDEBUG[0m [2mhyper::client::pool[0m[2m:[0m reuse idle connection for ("http", 192.168.0.14:8545)
[2m2025-12-10T10:19:15.142190Z[0m [34mDEBUG[0m [2mhyper::proto::h1::io[0m[2m:[0m flushed 172 bytes
[2m2025-12-10T10:19:15.149235Z[0m [34mDEBUG[0m [2mhyper::proto::h1::io[0m[2m:[0m parsed 4 headers
[2m2025-12-10T10:19:15.149337Z[0m [34mDEBUG[0m [2mhyper::proto::h1::conn[0m[2m:[0m incoming body is content-length (45 bytes)
[2m2025-12-10T10:19:15.149352Z[0m [34mDEBUG[0m [2mhyper::proto::h1::conn[0m[2m:[0m incoming body completed
[2m2025-12-10T10:19:15.149365Z[0m [34mDEBUG[0m [2mhyper::client::pool[0m[2m:[0m pooling idle connection for ("http", 192.168.0.14:8545)
[2m2025-12-10T10:19:15.149439Z[0m [34mDEBUG[0m [2mhyper::client::pool[0m[2m:[0m reuse idle connection for ("http", 192.168.0.14:8545)
[2m2025-12-10T10:19:15.149489Z[0m [34mDEBUG[0m [2mhyper::proto::h1::io[0m[2m:[0m flushed 172 bytes
[2m2025-12-10T10:19:15.154855Z[0m [34mDEBUG[0m [2methereum_transaction_pool_monitor::eth_client[0m[2m:[0m 📨 Received WebSocket message: {"jsonrpc":"2.0","method":"eth_subscription","params":{"subscription":"0xbed0a0851463e895960a451075a301a9","result":"0xcf664e67728681249bb5fbe5ebbd3196aa601b4aa22d5a3913acdbbec69b807b"}}
[2m2025-12-10T10:19:15.154876Z[0m [34mDEBUG[0m [2methereum_transaction_pool_monitor::eth_client[0m[2m:[0m 📨 Received pending transaction: 0xcf664e67728681249bb5fbe5ebbd3196aa601b4aa22d5a3913acdbbec69b807b
[2m2025-12-10T10:19:15.154899Z[0m [34mDEBUG[0m [2methereum_transaction_pool_monitor::eth_client[0m[2m:[0m 📨 Received WebSocket message: {"jsonrpc":"2.0","method":"eth_subscription","params":{"subscription":"0xbed0a0851463e895960a451075a301a9","result":"0x71bf6fde619fafa096dd7e874fd4d51d6fbbbc894e1a6529c84425a4cb4a2b4b"}}
[2m2025-12-10T10:19:15.154905Z[0m [34mDEBUG[0m [2methereum_transaction_pool_monitor::eth_client[0m[2m:[0m 📨 Received pending transaction: 0x71bf6fde619fafa096dd7e874fd4d51d6fbbbc894e1a6529c84425a4cb4a2b4b
[2m2025-12-10T10:19:15.154923Z[0m [34mDEBUG[0m [2methereum_transaction_pool_monitor::eth_client[0m[2m:[0m 📨 Received WebSocket message: {"jsonrpc":"2.0","method":"eth_subscription","params":{"subscription":"0xbed0a0851463e895960a451075a301a9","result":"0xad76526af526e9925a45c81aa5e7d51f2374abcac162031bb86637dc83868f3c"}}
[2m2025-12-10T10:19:15.154929Z[0m [34mDEBUG[0m [2methereum_transaction_pool_monitor::eth_client[0m[2m:[0m 📨 Received pending transaction: 0xad76526af526e9925a45c81aa5e7d51f2374abcac162031bb86637dc83868f3c
[2m2025-12-10T10:19:15.160888Z[0m [34mDEBUG[0m [2mhyper::proto::h1::io[0m[2m:[0m parsed 4 headers
[2m2025-12-10T10:19:15.160901Z[0m [34mDEBUG[0m [2mhyper::proto::h1::conn[0m[2m:[0m incoming body is content-length (45 bytes)
[2m2025-12-10T10:19:15.160909Z[0m [34mDEBUG[0m [2mhyper::proto::h1::conn[0m[2m:[0m incoming body completed
[2m2025-12-10T10:19:15.160920Z[0m [34mDEBUG[0m [2mhyper::client::pool[0m[2m:[0m pooling idle connection for ("http", 192.168.0.14:8545)
[2m2025-12-10T10:19:15.160943Z[0m [34mDEBUG[0m [2mhyper::client::pool[0m[2m:[0m reuse idle connection for ("http", 192.168.0.14:8545)
[2m2025-12-10T10:19:15.160973Z[0m [34mDEBUG[0m [2mhyper::proto::h1::io[0m[2m:[0m flushed 172 bytes
[2m2025-12-10T10:19:15.166681Z[0m [34mDEBUG[0m [2mhyper::proto::h1::io[0m[2m:[0m parsed 4 headers
[2m2025-12-10T10:19:15.166691Z[0m [34mDEBUG[0m [2mhyper::proto::h1::conn[0m[2m:[0m incoming body is content-length (45 bytes)
[2m2025-12-10T10:19:15.166700Z[0m [34mDEBUG[0m [2mhyper::proto::h1::conn[0m[2m:[0m incoming body completed
[2m2025-12-10T10:19:15.166709Z[0m [34mDEBUG[0m [2mhyper::client::pool[0m[2m:[0m pooling idle connection for ("http", 192.168.0.14:8545)
[2m2025-12-10T10:19:15.166731Z[0m [34mDEBUG[0m [2mhyper::client::pool[0m[2m:[0m reuse idle connection for ("http", 192.168.0.14:8545)
[2m2025-12-10T10:19:15.166757Z[0m [34mDEBUG[0m [2mhyper::proto::h1::io[0m[2m:[0m flushed 172 bytes
[2m2025-12-10T10:19:15.173119Z[0m [34mDEBUG[0m [2mhyper::proto::h1::io[0m[2m:[0m parsed 4 headers
[2m2025-12-10T10:19:15.173170Z[0m [34mDEBUG[0m [2mhyper::proto::h1::conn[0m[2m:[0m incoming body is content-length (45 bytes)
[2m2025-12-10T10:19:15.173185Z[0m [34mDEBUG[0m [2mhyper::proto::h1::conn[0m[2m:[0m incoming body completed
[2m2025-12-10T10:19:15.173853Z[0m [34mDEBUG[0m [2mhyper::client::pool[0m[2m:[0m pooling idle connection for ("http", 192.168.0.14:8545)
[2m2025-12-10T10:19:15.173955Z[0m [34mDEBUG[0m [2mhyper::client::pool[0m[2m:[0m reuse idle connection for ("http", 192.168.0.14:8545)
[2m2025-12-10T10:19:15.174001Z[0m [34mDEBUG[0m [2mhyper::proto::h1::io[0m[2m:[0m flushed 172 bytes
[2m2025-12-10T10:19:15.177048Z[0m [34mDEBUG[0m [2mhyper::proto::h1::io[0m[2m:[0m parsed 4 headers
[2m2025-12-10T10:19:15.177056Z[0m [34mDEBUG[0m [2mhyper::proto::h1::conn[0m[2m:[0m incoming body is content-length (45 bytes)
[2m2025-12-10T10:19:15.177066Z[0m [34mDEBUG[0m [2mhyper::proto::h1::conn[0m[2m:[0m incoming body completed
[2m2025-12-10T10:19:15.177076Z[0m [34mDEBUG[0m [2mhyper::client::pool[0m[2m:[0m pooling idle connection for ("http", 192.168.0.14:8545)
[2m2025-12-10T10:19:15.177094Z[0m [34mDEBUG[0m [2mhyper::client::pool[0m[2m:[0m reuse idle connection for ("http", 192.168.0.14:8545)
[2m2025-12-10T10:19:15.177113Z[0m [34mDEBUG[0m [2mhyper::proto::h1::io[0m[2m:[0m flushed 172 bytes
[2m2025-12-10T10:19:15.182737Z[0m [34mDEBUG[0m [2mhyper::proto::h1::io[0m[2m:[0m parsed 4 headers
[2m2025-12-10T10:19:15.182744Z[0m [34mDEBUG[0m [2mhyper::proto::h1::conn[0m[2m:[0m incoming body is content-length (45 bytes)
[2m2025-12-10T10:19:15.182750Z[0m [34mDEBUG[0m [2mhyper::proto::h1::conn[0m[2m:[0m incoming body completed
[2m2025-12-10T10:19:15.182756Z[0m [34mDEBUG[0m [2mhyper::client::pool[0m[2m:[0m pooling idle connection for ("http", 192.168.0.14:8545)
[2m2025-12-10T10:19:15.182791Z[0m [34mDEBUG[0m [2mhyper::client::pool[0m[2m:[0m reuse idle connection for ("http", 192.168.0.14:8545)
[2m2025-12-10T10:19:15.182819Z[0m [34mDEBUG[0m [2mhyper::proto::h1::io[0m[2m:[0m flushed 172 bytes
[2m2025-12-10T10:19:15.186955Z[0m [34mDEBUG[0m [2mhyper::proto::h1::io[0m[2m:[0m parsed 4 headers
[2m2025-12-10T10:19:15.186962Z[0m [34mDEBUG[0m [2mhyper::proto::h1::conn[0m[2m:[0m incoming body is content-length (45 bytes)
[2m2025-12-10T10:19:15.186968Z[0m [34mDEBUG[0m [2mhyper::proto::h1::conn[0m[2m:[0m incoming body completed
[2m2025-12-10T10:19:15.186973Z[0m [34mDEBUG[0m [2mhyper::client::pool[0m[2m:[0m pooling idle connection for ("http", 192.168.0.14:8545)
[2m2025-12-10T10:19:15.186985Z[0m [34mDEBUG[0m [2mhyper::client::pool[0m[2m:[0m reuse idle connection for ("http", 192.168.0.14:8545)
[2m2025-12-10T10:19:15.187002Z[0m [34mDEBUG[0m [2mhyper::proto::h1::io[0m[2m:[0m flushed 172 bytes
[2m2025-12-10T10:19:15.192450Z[0m [34mDEBUG[0m [2mhyper::proto::h1::io[0m[2m:[0m parsed 4 headers
[2m2025-12-10T10:19:15.192457Z[0m [34mDEBUG[0m [2mhyper::proto::h1::conn[0m[2m:[0m incoming body is content-length (45 bytes)
[2m2025-12-10T10:19:15.192463Z[0m [34mDEBUG[0m [2mhyper::proto::h1::conn[0m[2m:[0m incoming body completed
[2m2025-12-10T10:19:15.192470Z[0m [34mDEBUG[0m [2mhyper::client::pool[0m[2m:[0m pooling idle connection for ("http", 192.168.0.14:8545)
[2m2025-12-10T10:19:15.192483Z[0m [34mDEBUG[0m [2mhyper::client::pool[0m[2m:[0m reuse idle connection for ("http", 192.168.0.14:8545)
[2m2025-12-10T10:19:15.192500Z[0m [34mDEBUG[0m [2mhyper::proto::h1::io[0m[2m:[0m flushed 172 bytes
[2m2025-12-10T10:19:15.197229Z[0m [34mDEBUG[0m [2mhyper::proto::h1::io[0m[2m:[0m parsed 4 headers
[2m2025-12-10T10:19:15.197236Z[0m [34mDEBUG[0m [2mhyper::proto::h1::conn[0m[2m:[0m incoming body is content-length (45 bytes)
[2m2025-12-10T10:19:15.197242Z[0m [34mDEBUG[0m [2mhyper::proto::h1::conn[0m[2m:[0m incoming body completed
[2m2025-12-10T10:19:15.197248Z[0m [34mDEBUG[0m [2mhyper::client::pool[0m[2m:[0m pooling idle connection for ("http", 192.168.0.14:8545)
[2m2025-12-10T10:19:15.197261Z[0m [34mDEBUG[0m [2mhyper::client::pool[0m[2m:[0m reuse idle connection for ("http", 192.168.0.14:8545)
[2m2025-12-10T10:19:15.197277Z[0m [34mDEBUG[0m [2mhyper::proto::h1::io[0m[2m:[0m flushed 172 bytes
[2m2025-12-10T10:19:15.200482Z[0m [34mDEBUG[0m [2mhyper::proto::h1::io[0m[2m:[0m parsed 4 headers
[2m2025-12-10T10:19:15.200490Z[0m [34mDEBUG[0m [2mhyper::proto::h1::conn[0m[2m:[0m incoming body is content-length (45 bytes)
[2m2025-12-10T10:19:15.200496Z[0m [34mDEBUG[0m [2mhyper::proto::h1::conn[0m[2m:[0m incoming body completed
[2m2025-12-10T10:19:15.200503Z[0m [34mDEBUG[0m [2mhyper::client::pool[0m[2m:[0m pooling idle connection for ("http", 192.168.0.14:8545)
[2m2025-12-10T10:19:15.200518Z[0m [34mDEBUG[0m [2mhyper::client::pool[0m[2m:[0m reuse idle connection for ("http", 192.168.0.14:8545)
[2m2025-12-10T10:19:15.200539Z[0m [34mDEBUG[0m [2mhyper::proto::h1::io[0m[2m:[0m flushed 172 bytes
[2m2025-12-10T10:19:15.209108Z[0m [34mDEBUG[0m [2mhyper::proto::h1::io[0m[2m:[0m parsed 4 headers
[2m2025-12-10T10:19:15.209117Z[0m [34mDEBUG[0m [2mhyper::proto::h1::conn[0m[2m:[0m incoming body is content-length (45 bytes)
[2m2025-12-10T10:19:15.209124Z[0m [34mDEBUG[0m [2mhyper::proto::h1::conn[0m[2m:[0m incoming body completed
[2m2025-12-10T10:19:15.209132Z[0m [34mDEBUG[0m [2mhyper::client::pool[0m[2m:[0m pooling idle connection for ("http", 192.168.0.14:8545)
[2m2025-12-10T10:19:15.209167Z[0m [34mDEBUG[0m [2mhyper::client::pool[0m[2m:[0m reuse idle connection for ("http", 192.168.0.14:8545)
[2m2025-12-10T10:19:15.209196Z[0m [34mDEBUG[0m [2mhyper::proto::h1::io[0m[2m:[0m flushed 172 bytes
[2m2025-12-10T10:19:15.214591Z[0m [34mDEBUG[0m [2mhyper::proto::h1::io[0m[2m:[0m parsed 4 headers
[2m2025-12-10T10:19:15.214600Z[0m [34mDEBUG[0m [2mhyper::proto::h1::conn[0m[2m:[0m incoming body is content-length (45 bytes)
[2m2025-12-10T10:19:15.214605Z[0m [34mDEBUG[0m [2mhyper::proto::h1::conn[0m[2m:[0m incoming body completed
[2m2025-12-10T10:19:15.214611Z[0m [34mDEBUG[0m [2mhyper::client::pool[0m[2m:[0m pooling idle connection for ("http", 192.168.0.14:8545)
[2m2025-12-10T10:19:15.214624Z[0m [34mDEBUG[0m [2mhyper::client::pool[0m[2m:[0m reuse idle connection for ("http", 192.168.0.14:8545)
[2m2025-12-10T10:19:15.214639Z[0m [34mDEBUG[0m [2mhyper::proto::h1::io[0m[2m:[0m flushed 172 bytes
[2m2025-12-10T10:19:15.220540Z[0m [34mDEBUG[0m [2mhyper::proto::h1::io[0m[2m:[0m parsed 4 headers
[2m2025-12-10T10:19:15.220547Z[0m [34mDEBUG[0m [2mhyper::proto::h1::conn[0m[2m:[0m incoming body is content-length (45 bytes)
[2m2025-12-10T10:19:15.220552Z[0m [34mDEBUG[0m [2mhyper::proto::h1::conn[0m[2m:[0m incoming body completed
[2m2025-12-10T10:19:15.220559Z[0m [34mDEBUG[0m [2mhyper::client::pool[0m[2m:[0m pooling idle connection for ("http", 192.168.0.14:8545)
[2m2025-12-10T10:19:15.220572Z[0m [34mDEBUG[0m [2mhyper::client::pool[0m[2m:[0m reuse idle connection for ("http", 192.168.0.14:8545)
[2m2025-12-10T10:19:15.220587Z[0m [34mDEBUG[0m [2mhyper::proto::h1::io[0m[2m:[0m flushed 172 bytes
[2m2025-12-10T10:19:15.224617Z[0m [34mDEBUG[0m [2mhyper::proto::h1::io[0m[2m:[0m parsed 4 headers
[2m2025-12-10T10:19:15.224624Z[0m [34mDEBUG[0m [2mhyper::proto::h1::conn[0m[2m:[0m incoming body is content-length (45 bytes)
[2m2025-12-10T10:19:15.224630Z[0m [34mDEBUG[0m [2mhyper::proto::h1::conn[0m[2m:[0m incoming body completed
[2m2025-12-10T10:19:15.224637Z[0m [34mDEBUG[0m [2mhyper::client::pool[0m[2m:[0m pooling idle connection for ("http", 192.168.0.14:8545)
[2m2025-12-10T10:19:15.224649Z[0m [34mDEBUG[0m [2mhyper::client::pool[0m[2m:[0m reuse idle connection for ("http", 192.168.0.14:8545)
[2m2025-12-10T10:19:15.224666Z[0m [34mDEBUG[0m [2mhyper::proto::h1::io[0m[2m:[0m flushed 172 bytes
[2m2025-12-10T10:19:15.229219Z[0m [34mDEBUG[0m [2mhyper::proto::h1::io[0m[2m:[0m parsed 4 headers
[2m2025-12-10T10:19:15.229227Z[0m [34mDEBUG[0m [2mhyper::proto::h1::conn[0m[2m:[0m incoming body is content-length (45 bytes)
[2m2025-12-10T10:19:15.229232Z[0m [34mDEBUG[0m [2mhyper::proto::h1::conn[0m[2m:[0m incoming body completed
[2m2025-12-10T10:19:15.229238Z[0m [34mDEBUG[0m [2mhyper::client::pool[0m[2m:[0m pooling idle connection for ("http", 192.168.0.14:8545)
[2m2025-12-10T10:19:15.229251Z[0m [34mDEBUG[0m [2mhyper::client::pool[0m[2m:[0m reuse idle connection for ("http", 192.168.0.14:8545)
[2m2025-12-10T10:19:15.229266Z[0m [34mDEBUG[0m [2mhyper::proto::h1::io[0m[2m:[0m flushed 172 bytes
[2m2025-12-10T10:19:15.236059Z[0m [34mDEBUG[0m [2mhyper::proto::h1::io[0m[2m:[0m parsed 4 headers
[2m2025-12-10T10:19:15.236068Z[0m [34mDEBUG[0m [2mhyper::proto::h1::conn[0m[2m:[0m incoming body is content-length (45 bytes)
[2m2025-12-10T10:19:15.236076Z[0m [34mDEBUG[0m [2mhyper::proto::h1::conn[0m[2m:[0m incoming body completed
[2m2025-12-10T10:19:15.236083Z[0m [34mDEBUG[0m [2mhyper::client::pool[0m[2m:[0m pooling idle connection for ("http", 192.168.0.14:8545)
[2m2025-12-10T10:19:15.236097Z[0m [34mDEBUG[0m [2mhyper::client::pool[0m[2m:[0m reuse idle connection for ("http", 192.168.0.14:8545)
[2m2025-12-10T10:19:15.236114Z[0m [34mDEBUG[0m [2mhyper::proto::h1::io[0m[2m:[0m flushed 172 bytes
[2m2025-12-10T10:19:15.241628Z[0m [34mDEBUG[0m [2mhyper::proto::h1::io[0m[2m:[0m parsed 4 headers
[2m2025-12-10T10:19:15.241636Z[0m [34mDEBUG[0m [2mhyper::proto::h1::conn[0m[2m:[0m incoming body is content-length (45 bytes)
[2m2025-12-10T10:19:15.241645Z[0m [34mDEBUG[0m [2mhyper::proto::h1::conn[0m[2m:[0m incoming body completed
[2m2025-12-10T10:19:15.241653Z[0m [34mDEBUG[0m [2mhyper::client::pool[0m[2m:[0m pooling idle connection for ("http", 192.168.0.14:8545)
[2m2025-12-10T10:19:15.241687Z[0m [34mDEBUG[0m [2mhyper::client::pool[0m[2m:[0m reuse idle connection for ("http", 192.168.0.14:8545)
[2m2025-12-10T10:19:15.241704Z[0m [34mDEBUG[0m [2mhyper::proto::h1::io[0m[2m:[0m flushed 172 bytes
[2m2025-12-10T10:19:15.246136Z[0m [34mDEBUG[0m [2mhyper::proto::h1::io[0m[2m:[0m parsed 4 headers
[2m2025-12-10T10:19:15.247356Z[0m [34mDEBUG[0m [2mhyper::proto::h1::conn[0m[2m:[0m incoming body is content-length (45 bytes)
[2m2025-12-10T10:19:15.247372Z[0m [34mDEBUG[0m [2mhyper::proto::h1::conn[0m[2m:[0m incoming body completed
[2m2025-12-10T10:19:15.247385Z[0m [34mDEBUG[0m [2mhyper::client::pool[0m[2m:[0m pooling idle connection for ("http", 192.168.0.14:8545)
[2m2025-12-10T10:19:15.247399Z[0m [34mDEBUG[0m [2mhyper::client::pool[0m[2m:[0m reuse idle connection for ("http", 192.168.0.14:8545)
[2m2025-12-10T10:19:15.247416Z[0m [34mDEBUG[0m [2mhyper::proto::h1::io[0m[2m:[0m flushed 172 bytes
[2m2025-12-10T10:19:15.251765Z[0m [34mDEBUG[0m [2mhyper::proto::h1::io[0m[2m:[0m parsed 4 headers
[2m2025-12-10T10:19:15.251772Z[0m [34mDEBUG[0m [2mhyper::proto::h1::conn[0m[2m:[0m incoming body is content-length (45 bytes)
[2m2025-12-10T10:19:15.251786Z[0m [34mDEBUG[0m [2mhyper::proto::h1::conn[0m[2m:[0m incoming body completed
[2m2025-12-10T10:19:15.251793Z[0m [34mDEBUG[0m [2mhyper::client::pool[0m[2m:[0m pooling idle connection for ("http", 192.168.0.14:8545)
[2m2025-12-10T10:19:15.251806Z[0m [34mDEBUG[0m [2mhyper::client::pool[0m[2m:[0m reuse idle connection for ("http", 192.168.0.14:8545)
[2m2025-12-10T10:19:15.251822Z[0m [34mDEBUG[0m [2mhyper::proto::h1::io[0m[2m:[0m flushed 172 bytes
[2m2025-12-10T10:19:15.257866Z[0m [34mDEBUG[0m [2mhyper::proto::h1::io[0m[2m:[0m parsed 4 headers
[2m2025-12-10T10:19:15.257873Z[0m [34mDEBUG[0m [2mhyper::proto::h1::conn[0m[2m:[0m incoming body is content-length (45 bytes)
[2m2025-12-10T10:19:15.257879Z[0m [34mDEBUG[0m [2mhyper::proto::h1::conn[0m[2m:[0m incoming body completed
[2m2025-12-10T10:19:15.257887Z[0m [34mDEBUG[0m [2mhyper::client::pool[0m[2m:[0m pooling idle connection for ("http", 192.168.0.14:8545)
[2m2025-12-10T10:19:15.257903Z[0m [34mDEBUG[0m [2mhyper::client::pool[0m[2m:[0m reuse idle connection for ("http", 192.168.0.14:8545)
[2m2025-12-10T10:19:15.257923Z[0m [34mDEBUG[0m [2mhyper::proto::h1::io[0m[2m:[0m flushed 172 bytes
[2m2025-12-10T10:19:15.262632Z[0m [34mDEBUG[0m [2mhyper::proto::h1::io[0m[2m:[0m parsed 4 headers
[2m2025-12-10T10:19:15.262638Z[0m [34mDEBUG[0m [2mhyper::proto::h1::conn[0m[2m:[0m incoming body is content-length (45 bytes)
[2m2025-12-10T10:19:15.262643Z[0m [34mDEBUG[0m [2mhyper::proto::h1::conn[0m[2m:[0m incoming body completed
[2m2025-12-10T10:19:15.262649Z[0m [34mDEBUG[0m [2mhyper::client::pool[0m[2m:[0m pooling idle connection for ("http", 192.168.0.14:8545)
[2m2025-12-10T10:19:15.262660Z[0m [34mDEBUG[0m [2mhyper::client::pool[0m[2m:[0m reuse idle connection for ("http", 192.168.0.14:8545)
[2m2025-12-10T10:19:15.262673Z[0m [34mDEBUG[0m [2mhyper::proto::h1::io[0m[2m:[0m flushed 172 bytes
[2m2025-12-10T10:19:15.266655Z[0m [34mDEBUG[0m [2mhyper::proto::h1::io[0m[2m:[0m parsed 4 headers
[2m2025-12-10T10:19:15.266662Z[0m [34mDEBUG[0m [2mhyper::proto::h1::conn[0m[2m:[0m incoming body is content-length (45 bytes)
[2m2025-12-10T10:19:15.266672Z[0m [34mDEBUG[0m [2mhyper::proto::h1::conn[0m[2m:[0m incoming body completed
[2m2025-12-10T10:19:15.266677Z[0m [34mDEBUG[0m [2mhyper::client::pool[0m[2m:[0m pooling idle connection for ("http", 192.168.0.14:8545)
[2m2025-12-10T10:19:15.266686Z[0m [34mDEBUG[0m [2mhyper::client::pool[0m[2m:[0m reuse idle connection for ("http", 192.168.0.14:8545)
[2m2025-12-10T10:19:15.266701Z[0m [34mDEBUG[0m [2mhyper::proto::h1::io[0m[2m:[0m flushed 172 bytes
[2m2025-12-10T10:19:15.271075Z[0m [34mDEBUG[0m [2mhyper::proto::h1::io[0m[2m:[0m parsed 4 headers
[2m2025-12-10T10:19:15.271081Z[0m [34mDEBUG[0m [2mhyper::proto::h1::conn[0m[2m:[0m incoming body is content-length (45 bytes)
[2m2025-12-10T10:19:15.271087Z[0m [34mDEBUG[0m [2mhyper::proto::h1::conn[0m[2m:[0m incoming body completed
[2m2025-12-10T10:19:15.271097Z[0m [34mDEBUG[0m [2mhyper::client::pool[0m[2m:[0m pooling idle connection for ("http", 192.168.0.14:8545)
[2m2025-12-10T10:19:15.271111Z[0m [34mDEBUG[0m [2mhyper::client::pool[0m[2m:[0m reuse idle connection for ("http", 192.168.0.14:8545)
[2m2025-12-10T10:19:15.271127Z[0m [34mDEBUG[0m [2mhyper::proto::h1::io[0m[2m:[0m flushed 172 bytes
[2m2025-12-10T10:19:15.283062Z[0m [34mDEBUG[0m [2mhyper::proto::h1::io[0m[2m:[0m parsed 4 headers
[2m2025-12-10T10:19:15.283069Z[0m [34mDEBUG[0m [2mhyper::proto::h1::conn[0m[2m:[0m incoming body is content-length (45 bytes)
[2m2025-12-10T10:19:15.283075Z[0m [34mDEBUG[0m [2mhyper::proto::h1::conn[0m[2m:[0m incoming body completed
[2m2025-12-10T10:19:15.283081Z[0m [34mDEBUG[0m [2mhyper::client::pool[0m[2m:[0m pooling idle connection for ("http", 192.168.0.14:8545)
[2m2025-12-10T10:19:15.283094Z[0m [34mDEBUG[0m [2mhyper::client::pool[0m[2m:[0m reuse idle connection for ("http", 192.168.0.14:8545)
[2m2025-12-10T10:19:15.283109Z[0m [34mDEBUG[0m [2mhyper::proto::h1::io[0m[2m:[0m flushed 172 bytes
[2m2025-12-10T10:19:15.286921Z[0m [34mDEBUG[0m [2mhyper::proto::h1::io[0m[2m:[0m parsed 4 headers
[2m2025-12-10T10:19:15.286927Z[0m [34mDEBUG[0m [2mhyper::proto::h1::conn[0m[2m:[0m incoming body is content-length (45 bytes)
[2m2025-12-10T10:19:15.286932Z[0m [34mDEBUG[0m [2mhyper::proto::h1::conn[0m[2m:[0m incoming body completed
[2m2025-12-10T10:19:15.286938Z[0m [34mDEBUG[0m [2mhyper::client::pool[0m[2m:[0m pooling idle connection for ("http", 192.168.0.14:8545)
[2m2025-12-10T10:19:15.286947Z[0m [34mDEBUG[0m [2mhyper::client::pool[0m[2m:[0m reuse idle connection for ("http", 192.168.0.14:8545)
[2m2025-12-10T10:19:15.286961Z[0m [34mDEBUG[0m [2mhyper::proto::h1::io[0m[2m:[0m flushed 172 bytes
[2m2025-12-10T10:19:15.290476Z[0m [34mDEBUG[0m [2mhyper::proto::h1::io[0m[2m:[0m parsed 4 headers
[2m2025-12-10T10:19:15.290482Z[0m [34mDEBUG[0m [2mhyper::proto::h1::conn[0m[2m:[0m incoming body is content-length (45 bytes)
[2m2025-12-10T10:19:15.290486Z[0m [34mDEBUG[0m [2mhyper::proto::h1::conn[0m[2m:[0m incoming body completed
[2m2025-12-10T10:19:15.290491Z[0m [34mDEBUG[0m [2mhyper::client::pool[0m[2m:[0m pooling idle connection for ("http", 192.168.0.14:8545)
[2m2025-12-10T10:19:15.290499Z[0m [34mDEBUG[0m [2mhyper::client::pool[0m[2m:[0m reuse idle connection for ("http", 192.168.0.14:8545)
[2m2025-12-10T10:19:15.290511Z[0m [34mDEBUG[0m [2mhyper::proto::h1::io[0m[2m:[0m flushed 172 bytes
[2m2025-12-10T10:19:15.296311Z[0m [34mDEBUG[0m [2mhyper::proto::h1::io[0m[2m:[0m parsed 4 headers
[2m2025-12-10T10:19:15.296316Z[0m [34mDEBUG[0m [2mhyper::proto::h1::conn[0m[2m:[0m incoming body is content-length (45 bytes)
[2m2025-12-10T10:19:15.296320Z[0m [34mDEBUG[0m [2mhyper::proto::h1::conn[0m[2m:[0m incoming body completed
[2m2025-12-10T10:19:15.296325Z[0m [34mDEBUG[0m [2mhyper::client::pool[0m[2m:[0m pooling idle connection for ("http", 192.168.0.14:8545)
[2m2025-12-10T10:19:15.296333Z[0m [34mDEBUG[0m [2mhyper::client::pool[0m[2m:[0m reuse idle connection for ("http", 192.168.0.14:8545)
[2m2025-12-10T10:19:15.296350Z[0m [34mDEBUG[0m [2mhyper::proto::h1::io[0m[2m:[0m flushed 172 bytes
[2m2025-12-10T10:19:15.305990Z[0m [34mDEBUG[0m [2mhyper::proto::h1::io[0m[2m:[0m parsed 4 headers
[2m2025-12-10T10:19:15.311184Z[0m [34mDEBUG[0m [2mhyper::proto::h1::conn[0m[2m:[0m incoming body is content-length (45 bytes)
[2m2025-12-10T10:19:15.311196Z[0m [34mDEBUG[0m [2mhyper::proto::h1::conn[0m[2m:[0m incoming body completed
[2m2025-12-10T10:19:15.311206Z[0m [34mDEBUG[0m [2mhyper::client::pool[0m[2m:[0m pooling idle connection for ("http", 192.168.0.14:8545)
[2m2025-12-10T10:19:15.311222Z[0m [34mDEBUG[0m [2mhyper::client::pool[0m[2m:[0m reuse idle connection for ("http", 192.168.0.14:8545)
[2m2025-12-10T10:19:15.311239Z[0m [34mDEBUG[0m [2mhyper::proto::h1::io[0m[2m:[0m flushed 172 bytes
[2m2025-12-10T10:19:15.314978Z[0m [34mDEBUG[0m [2mhyper::proto::h1::io[0m[2m:[0m parsed 4 headers
[2m2025-12-10T10:19:15.314983Z[0m [34mDEBUG[0m [2mhyper::proto::h1::conn[0m[2m:[0m incoming body is content-length (45 bytes)
[2m2025-12-10T10:19:15.314988Z[0m [34mDEBUG[0m [2mhyper::proto::h1::conn[0m[2m:[0m incoming body completed
[2m2025-12-10T10:19:15.314993Z[0m [34mDEBUG[0m [2mhyper::client::pool[0m[2m:[0m pooling idle connection for ("http", 192.168.0.14:8545)
[2m2025-12-10T10:19:15.315003Z[0m [34mDEBUG[0m [2mhyper::client::pool[0m[2m:[0m reuse idle connection for ("http", 192.168.0.14:8545)
[2m2025-12-10T10:19:15.315015Z[0m [34mDEBUG[0m [2mhyper::proto::h1::io[0m[2m:[0m flushed 172 bytes
[2m2025-12-10T10:19:15.319831Z[0m [34mDEBUG[0m [2mhyper::proto::h1::io[0m[2m:[0m parsed 4 headers
[2m2025-12-10T10:19:15.319837Z[0m [34mDEBUG[0m [2mhyper::proto::h1::conn[0m[2m:[0m incoming body is content-length (45 bytes)
[2m2025-12-10T10:19:15.319842Z[0m [34mDEBUG[0m [2mhyper::proto::h1::conn[0m[2m:[0m incoming body completed
[2m2025-12-10T10:19:15.319847Z[0m [34mDEBUG[0m [2mhyper::client::pool[0m[2m:[0m pooling idle connection for ("http", 192.168.0.14:8545)
[2m2025-12-10T10:19:15.319856Z[0m [34mDEBUG[0m [2mhyper::client::pool[0m[2m:[0m reuse idle connection for ("http", 192.168.0.14:8545)
[2m2025-12-10T10:19:15.319869Z[0m [34mDEBUG[0m [2mhyper::proto::h1::io[0m[2m:[0m flushed 172 bytes
[2m2025-12-10T10:19:15.325164Z[0m [34mDEBUG[0m [2mhyper::proto::h1::io[0m[2m:[0m parsed 4 headers
[2m2025-12-10T10:19:15.325169Z[0m [34mDEBUG[0m [2mhyper::proto::h1::conn[0m[2m:[0m incoming body is content-length (45 bytes)
[2m2025-12-10T10:19:15.325173Z[0m [34mDEBUG[0m [2mhyper::proto::h1::conn[0m[2m:[0m incoming body completed
[2m2025-12-10T10:19:15.325179Z[0m [34mDEBUG[0m [2mhyper::client::pool[0m[2m:[0m pooling idle connection for ("http", 192.168.0.14:8545)
[2m2025-12-10T10:19:15.325187Z[0m [34mDEBUG[0m [2mhyper::client::pool[0m[2m:[0m reuse idle connection for ("http", 192.168.0.14:8545)
[2m2025-12-10T10:19:15.325200Z[0m [34mDEBUG[0m [2mhyper::proto::h1::io[0m[2m:[0m flushed 172 bytes
[2m2025-12-10T10:19:15.331257Z[0m [34mDEBUG[0m [2mhyper::proto::h1::io[0m[2m:[0m parsed 4 headers
[2m2025-12-10T10:19:15.331263Z[0m [34mDEBUG[0m [2mhyper::proto::h1::conn[0m[2m:[0m incoming body is content-length (45 bytes)
[2m2025-12-10T10:19:15.331268Z[0m [34mDEBUG[0m [2mhyper::proto::h1::conn[0m[2m:[0m incoming body completed
[2m2025-12-10T10:19:15.331274Z[0m [34mDEBUG[0m [2mhyper::client::pool[0m[2m:[0m pooling idle connection for ("http", 192.168.0.14:8545)
[2m2025-12-10T10:19:15.331287Z[0m [34mDEBUG[0m [2mhyper::client::pool[0m[2m:[0m reuse idle connection for ("http", 192.168.0.14:8545)
[2m2025-12-10T10:19:15.331301Z[0m [34mDEBUG[0m [2mhyper::proto::h1::io[0m[2m:[0m flushed 172 bytes
[2m2025-12-10T10:19:15.341131Z[0m [34mDEBUG[0m [2mhyper::proto::h1::io[0m[2m:[0m parsed 4 headers
[2m2025-12-10T10:19:15.341144Z[0m [34mDEBUG[0m [2mhyper::proto::h1::conn[0m[2m:[0m incoming body is content-length (45 bytes)
[2m2025-12-10T10:19:15.341152Z[0m [34mDEBUG[0m [2mhyper::proto::h1::conn[0m[2m:[0m incoming body completed
[2m2025-12-10T10:19:15.341163Z[0m [34mDEBUG[0m [2mhyper::client::pool[0m[2m:[0m pooling idle connection for ("http", 192.168.0.14:8545)
[2m2025-12-10T10:19:15.341188Z[0m [34mDEBUG[0m [2mhyper::client::pool[0m[2m:[0m reuse idle connection for ("http", 192.168.0.14:8545)
[2m2025-12-10T10:19:15.341210Z[0m [34mDEBUG[0m [2mhyper::proto::h1::io[0m[2m:[0m flushed 172 bytes
[2m2025-12-10T10:19:15.346668Z[0m [34mDEBUG[0m [2mhyper::proto::h1::io[0m[2m:[0m parsed 4 headers
[2m2025-12-10T10:19:15.346674Z[0m [34mDEBUG[0m [2mhyper::proto::h1::conn[0m[2m:[0m incoming body is content-length (45 bytes)
[2m2025-12-10T10:19:15.346680Z[0m [34mDEBUG[0m [2mhyper::proto::h1::conn[0m[2m:[0m incoming body completed
[2m2025-12-10T10:19:15.346686Z[0m [34mDEBUG[0m [2mhyper::client::pool[0m[2m:[0m pooling idle connection for ("http", 192.168.0.14:8545)
[2m2025-12-10T10:19:15.346702Z[0m [34mDEBUG[0m [2mhyper::client::pool[0m[2m:[0m reuse idle connection for ("http", 192.168.0.14:8545)
[2m2025-12-10T10:19:15.346720Z[0m [34mDEBUG[0m [2mhyper::proto::h1::io[0m[2m:[0m flushed 172 bytes
[2m2025-12-10T10:19:15.351717Z[0m [34mDEBUG[0m [2mhyper::proto::h1::io[0m[2m:[0m parsed 4 headers
[2m2025-12-10T10:19:15.351723Z[0m [34mDEBUG[0m [2mhyper::proto::h1::conn[0m[2m:[0m incoming body is content-length (45 bytes)
[2m2025-12-10T10:19:15.351729Z[0m [34mDEBUG[0m [2mhyper::proto::h1::conn[0m[2m:[0m incoming body completed
[2m2025-12-10T10:19:15.351735Z[0m [34mDEBUG[0m [2mhyper::client::pool[0m[2m:[0m pooling idle connection for ("http", 192.168.0.14:8545)
[2m2025-12-10T10:19:15.351750Z[0m [34mDEBUG[0m [2mhyper::client::pool[0m[2m:[0m reuse idle connection for ("http", 192.168.0.14:8545)
[2m2025-12-10T10:19:15.351765Z[0m [34mDEBUG[0m [2mhyper::proto::h1::io[0m[2m:[0m flushed 172 bytes
[2m2025-12-10T10:19:15.356835Z[0m [34mDEBUG[0m [2mhyper::proto::h1::io[0m[2m:[0m parsed 4 headers
[2m2025-12-10T10:19:15.356842Z[0m [34mDEBUG[0m [2mhyper::proto::h1::conn[0m[2m:[0m incoming body is content-length (45 bytes)
[2m2025-12-10T10:19:15.356848Z[0m [34mDEBUG[0m [2mhyper::proto::h1::conn[0m[2m:[0m incoming body completed
[2m2025-12-10T10:19:15.356854Z[0m [34mDEBUG[0m [2mhyper::client::pool[0m[2m:[0m pooling idle connection for ("http", 192.168.0.14:8545)
[2m2025-12-10T10:19:15.356868Z[0m [34mDEBUG[0m [2mhyper::client::pool[0m[2m:[0m reuse idle connection for ("http", 192.168.0.14:8545)
[2m2025-12-10T10:19:15.356884Z[0m [34mDEBUG[0m [2mhyper::proto::h1::io[0m[2m:[0m flushed 172 bytes
[2m2025-12-10T10:19:15.361338Z[0m [34mDEBUG[0m [2mhyper::proto::h1::io[0m[2m:[0m parsed 4 headers
[2m2025-12-10T10:19:15.361383Z[0m [34mDEBUG[0m [2mhyper::proto::h1::conn[0m[2m:[0m incoming body is content-length (45 bytes)
[2m2025-12-10T10:19:15.361400Z[0m [34mDEBUG[0m [2mhyper::proto::h1::conn[0m[2m:[0m incoming body completed
[2m2025-12-10T10:19:15.361410Z[0m [34mDEBUG[0m [2mhyper::client::pool[0m[2m:[0m pooling idle connection for ("http", 192.168.0.14:8545)
[2m2025-12-10T10:19:15.361423Z[0m [34mDEBUG[0m [2mhyper::client::pool[0m[2m:[0m reuse idle connection for ("http", 192.168.0.14:8545)
[2m2025-12-10T10:19:15.361453Z[0m [34mDEBUG[0m [2mhyper::proto::h1::io[0m[2m:[0m flushed 172 bytes
[2m2025-12-10T10:19:15.366736Z[0m [34mDEBUG[0m [2mhyper::proto::h1::io[0m[2m:[0m parsed 4 headers
[2m2025-12-10T10:19:15.366743Z[0m [34mDEBUG[0m [2mhyper::proto::h1::conn[0m[2m:[0m incoming body is content-length (45 bytes)
[2m2025-12-10T10:19:15.366750Z[0m [34mDEBUG[0m [2mhyper::proto::h1::conn[0m[2m:[0m incoming body completed
[2m2025-12-10T10:19:15.366756Z[0m [34mDEBUG[0m [2mhyper::client::pool[0m[2m:[0m pooling idle connection for ("http", 192.168.0.14:8545)
[2m2025-12-10T10:19:15.366769Z[0m [34mDEBUG[0m [2mhyper::client::pool[0m[2m:[0m reuse idle connection for ("http", 192.168.0.14:8545)
[2m2025-12-10T10:19:15.366789Z[0m [34mDEBUG[0m [2mhyper::proto::h1::io[0m[2m:[0m flushed 172 bytes
[2m2025-12-10T10:19:15.372129Z[0m [34mDEBUG[0m [2mhyper::proto::h1::io[0m[2m:[0m parsed 4 headers
[2m2025-12-10T10:19:15.372138Z[0m [34mDEBUG[0m [2mhyper::proto::h1::conn[0m[2m:[0m incoming body is content-length (45 bytes)
[2m2025-12-10T10:19:15.373705Z[0m [34mDEBUG[0m [2mhyper::proto::h1::conn[0m[2m:[0m incoming body completed
[2m2025-12-10T10:19:15.373712Z[0m [34mDEBUG[0m [2mhyper::client::pool[0m[2m:[0m pooling idle connection for ("http", 192.168.0.14:8545)
[2m2025-12-10T10:19:15.373724Z[0m [34mDEBUG[0m [2mhyper::client::pool[0m[2m:[0m reuse idle connection for ("http", 192.168.0.14:8545)
[2m2025-12-10T10:19:15.375191Z[0m [34mDEBUG[0m [2mhyper::proto::h1::io[0m[2m:[0m flushed 172 bytes
[2m2025-12-10T10:19:15.379391Z[0m [34mDEBUG[0m [2mhyper::proto::h1::io[0m[2m:[0m parsed 4 headers
[2m2025-12-10T10:19:15.379403Z[0m [34mDEBUG[0m [2mhyper::proto::h1::conn[0m[2m:[0m incoming body is content-length (45 bytes)
[2m2025-12-10T10:19:15.379410Z[0m [34mDEBUG[0m [2mhyper::proto::h1::conn[0m[2m:[0m incoming body completed
[2m2025-12-10T10:19:15.379418Z[0m [34mDEBUG[0m [2mhyper::client::pool[0m[2m:[0m pooling idle connection for ("http", 192.168.0.14:8545)
[2m2025-12-10T10:19:15.379516Z[0m [34mDEBUG[0m [2mhyper::client::pool[0m[2m:[0m reuse idle connection for ("http", 192.168.0.14:8545)
[2m2025-12-10T10:19:15.379584Z[0m [34mDEBUG[0m [2mhyper::proto::h1::io[0m[2m:[0m flushed 172 bytes
[2m2025-12-10T10:19:15.387524Z[0m [34mDEBUG[0m [2methereum_transaction_pool_monitor::eth_client[0m[2m:[0m 📨 Received WebSocket message: {"jsonrpc":"2.0","method":"eth_subscription","params":{"subscription":"0xbed0a0851463e895960a451075a301a9","result":"0xc7c715d6103b6ca3eb11f24ef3f6285282be6e4acc9acf969fc44025b9436fff"}}
[2m2025-12-10T10:19:15.387546Z[0m [34mDEBUG[0m [2methereum_transaction_pool_monitor::eth_client[0m[2m:[0m 📨 Received pending transaction: 0xc7c715d6103b6ca3eb11f24ef3f6285282be6e4acc9acf969fc44025b9436fff
[2m2025-12-10T10:19:15.387555Z[0m [34mDEBUG[0m [2methereum_transaction_pool_monitor::eth_client[0m[2m:[0m 📨 Received WebSocket message: {"jsonrpc":"2.0","method":"eth_subscription","params":{"subscription":"0xbed0a0851463e895960a451075a301a9","result":"0x71a6a13e4fc6bfec247ed995af0c6d1844443653787d5ec0d6913161148b81c5"}}
[2m2025-12-10T10:19:15.387561Z[0m [34mDEBUG[0m [2methereum_transaction_pool_monitor::eth_client[0m[2m:[0m 📨 Received pending transaction: 0x71a6a13e4fc6bfec247ed995af0c6d1844443653787d5ec0d6913161148b81c5
[2m2025-12-10T10:19:15.387566Z[0m [34mDEBUG[0m [2methereum_transaction_pool_monitor::eth_client[0m[2m:[0m 📨 Received WebSocket message: {"jsonrpc":"2.0","method":"eth_subscription","params":{"subscription":"0xbed0a0851463e895960a451075a301a9","result":"0x60a86ad5630ed8da7f34817780ef5d8cfd297c9d7f906cb150f2ddd63255de75"}}
[2m2025-12-10T10:19:15.387572Z[0m [34mDEBUG[0m [2methereum_transaction_pool_monitor::eth_client[0m[2m:[0m 📨 Received pending transaction: 0x60a86ad5630ed8da7f34817780ef5d8cfd297c9d7f906cb150f2ddd63255de75
[2m2025-12-10T10:19:15.387584Z[0m [34mDEBUG[0m [2methereum_transaction_pool_monitor::eth_client[0m[2m:[0m 📨 Received WebSocket message: {"jsonrpc":"2.0","method":"eth_subscription","params":{"subscription":"0xbed0a0851463e895960a451075a301a9","result":"0x5505e04dcbb55386353f2561ae399e5a260d31245ab0dc8135859b9f9d7fea0c"}}
[2m2025-12-10T10:19:15.387589Z[0m [34mDEBUG[0m [2methereum_transaction_pool_monitor::eth_client[0m[2m:[0m 📨 Received pending transaction: 0x5505e04dcbb55386353f2561ae399e5a260d31245ab0dc8135859b9f9d7fea0c
[2m2025-12-10T10:19:15.387656Z[0m [34mDEBUG[0m [2methereum_transaction_pool_monitor::eth_client[0m[2m:[0m 📨 Received WebSocket message: {"jsonrpc":"2.0","method":"eth_subscription","params":{"subscription":"0xbed0a0851463e895960a451075a301a9","result":"0x9e55d4086b5328dcf0e81ff02bfa089352edc12599909f3f8b7828f6f2fe9990"}}
[2m2025-12-10T10:19:15.387663Z[0m [34mDEBUG[0m [2methereum_transaction_pool_monitor::eth_client[0m[2m:[0m 📨 Received pending transaction: 0x9e55d4086b5328dcf0e81ff02bfa089352edc12599909f3f8b7828f6f2fe9990
[2m2025-12-10T10:19:15.387669Z[0m [34mDEBUG[0m [2methereum_transaction_pool_monitor::eth_client[0m[2m:[0m 📨 Received WebSocket message: {"jsonrpc":"2.0","method":"eth_subscription","params":{"subscription":"0xbed0a0851463e895960a451075a301a9","result":"0x2ce516aaa3c9f65cb6bfc1d00a3af7b8e1576dd2f67a550983a4dd5b1e834099"}}
[2m2025-12-10T10:19:15.387675Z[0m [34mDEBUG[0m [2methereum_transaction_pool_monitor::eth_client[0m[2m:[0m 📨 Received pending transaction: 0x2ce516aaa3c9f65cb6bfc1d00a3af7b8e1576dd2f67a550983a4dd5b1e834099
[2m2025-12-10T10:19:15.411829Z[0m [34mDEBUG[0m [2mhyper::proto::h1::io[0m[2m:[0m parsed 4 headers
[2m2025-12-10T10:19:15.411848Z[0m [34mDEBUG[0m [2mhyper::proto::h1::conn[0m[2m:[0m incoming body is content-length (45 bytes)
[2m2025-12-10T10:19:15.411860Z[0m [34mDEBUG[0m [2mhyper::proto::h1::conn[0m[2m:[0m incoming body completed
[2m2025-12-10T10:19:15.411874Z[0m [34mDEBUG[0m [2mhyper::client::pool[0m[2m:[0m pooling idle connection for ("http", 192.168.0.14:8545)
[2m2025-12-10T10:19:15.411904Z[0m [34mDEBUG[0m [2mhyper::client::pool[0m[2m:[0m reuse idle connection for ("http", 192.168.0.14:8545)
[2m2025-12-10T10:19:15.411937Z[0m [34mDEBUG[0m [2mhyper::proto::h1::io[0m[2m:[0m flushed 172 bytes
[2m2025-12-10T10:19:15.416154Z[0m [34mDEBUG[0m [2mhyper::proto::h1::io[0m[2m:[0m parsed 4 headers
[2m2025-12-10T10:19:15.417183Z[0m [34mDEBUG[0m [2mhyper::proto::h1::conn[0m[2m:[0m incoming body is content-length (45 bytes)
[2m2025-12-10T10:19:15.417198Z[0m [34mDEBUG[0m [2mhyper::proto::h1::conn[0m[2m:[0m incoming body completed
[2m2025-12-10T10:19:15.417227Z[0m [34mDEBUG[0m [2mhyper::client::pool[0m[2m:[0m pooling idle connection for ("http", 192.168.0.14:8545)
[2m2025-12-10T10:19:15.417272Z[0m [34mDEBUG[0m [2mhyper::client::pool[0m[2m:[0m reuse idle connection for ("http", 192.168.0.14:8545)
[2m2025-12-10T10:19:15.417310Z[0m [34mDEBUG[0m [2mhyper::proto::h1::io[0m[2m:[0m flushed 172 bytes
[2m2025-12-10T10:19:15.421918Z[0m [34mDEBUG[0m [2mhyper::proto::h1::io[0m[2m:[0m parsed 4 headers
[2m2025-12-10T10:19:15.421958Z[0m [34mDEBUG[0m [2mhyper::proto::h1::conn[0m[2m:[0m incoming body is content-length (45 bytes)
[2m2025-12-10T10:19:15.421998Z[0m [34mDEBUG[0m [2mhyper::proto::h1::conn[0m[2m:[0m incoming body completed
[2m2025-12-10T10:19:15.422023Z[0m [34mDEBUG[0m [2mhyper::client::pool[0m[2m:[0m pooling idle connection for ("http", 192.168.0.14:8545)
[2m2025-12-10T10:19:15.422083Z[0m [34mDEBUG[0m [2mhyper::client::pool[0m[2m:[0m reuse idle connection for ("http", 192.168.0.14:8545)
[2m2025-12-10T10:19:15.422227Z[0m [34mDEBUG[0m [2mhyper::proto::h1::io[0m[2m:[0m flushed 172 bytes
[2m2025-12-10T10:19:15.430675Z[0m [34mDEBUG[0m [2mhyper::proto::h1::io[0m[2m:[0m parsed 4 headers
[2m2025-12-10T10:19:15.430698Z[0m [34mDEBUG[0m [2mhyper::proto::h1::conn[0m[2m:[0m incoming body is content-length (45 bytes)
[2m2025-12-10T10:19:15.430733Z[0m [34mDEBUG[0m [2mhyper::proto::h1::conn[0m[2m:[0m incoming body completed
[2m2025-12-10T10:19:15.430771Z[0m [34mDEBUG[0m [2mhyper::client::pool[0m[2m:[0m pooling idle connection for ("http", 192.168.0.14:8545)
[2m2025-12-10T10:19:15.430879Z[0m [34mDEBUG[0m [2mhyper::client::pool[0m[2m:[0m reuse idle connection for ("http", 192.168.0.14:8545)
[2m2025-12-10T10:19:15.430937Z[0m [34mDEBUG[0m [2mhyper::proto::h1::io[0m[2m:[0m flushed 172 bytes
[2m2025-12-10T10:19:15.434820Z[0m [34mDEBUG[0m [2mhyper::proto::h1::io[0m[2m:[0m parsed 4 headers
[2m2025-12-10T10:19:15.434832Z[0m [34mDEBUG[0m [2mhyper::proto::h1::conn[0m[2m:[0m incoming body is content-length (45 bytes)
[2m2025-12-10T10:19:15.434841Z[0m [34mDEBUG[0m [2mhyper::proto::h1::conn[0m[2m:[0m incoming body completed
[2m2025-12-10T10:19:15.434858Z[0m [34mDEBUG[0m [2mhyper::client::pool[0m[2m:[0m pooling idle connection for ("http", 192.168.0.14:8545)
[2m2025-12-10T10:19:15.434885Z[0m [34mDEBUG[0m [2mhyper::client::pool[0m[2m:[0m reuse idle connection for ("http", 192.168.0.14:8545)
[2m2025-12-10T10:19:15.434914Z[0m [34mDEBUG[0m [2mhyper::proto::h1::io[0m[2m:[0m flushed 172 bytes
[2m2025-12-10T10:19:15.440050Z[0m [34mDEBUG[0m [2mhyper::proto::h1::io[0m[2m:[0m parsed 4 headers
[2m2025-12-10T10:19:15.440059Z[0m [34mDEBUG[0m [2mhyper::proto::h1::conn[0m[2m:[0m incoming body is content-length (45 bytes)
[2m2025-12-10T10:19:15.440067Z[0m [34mDEBUG[0m [2mhyper::proto::h1::conn[0m[2m:[0m incoming body completed
[2m2025-12-10T10:19:15.440076Z[0m [34mDEBUG[0m [2mhyper::client::pool[0m[2m:[0m pooling idle connection for ("http", 192.168.0.14:8545)
[2m2025-12-10T10:19:15.440094Z[0m [34mDEBUG[0m [2mhyper::client::pool[0m[2m:[0m reuse idle connection for ("http", 192.168.0.14:8545)
[2m2025-12-10T10:19:15.440116Z[0m [34mDEBUG[0m [2mhyper::proto::h1::io[0m[2m:[0m flushed 172 bytes
[2m2025-12-10T10:19:15.444537Z[0m [34mDEBUG[0m [2mhyper::proto::h1::io[0m[2m:[0m parsed 4 headers
[2m2025-12-10T10:19:15.444546Z[0m [34mDEBUG[0m [2mhyper::proto::h1::conn[0m[2m:[0m incoming body is content-length (45 bytes)
[2m2025-12-10T10:19:15.444552Z[0m [34mDEBUG[0m [2mhyper::proto::h1::conn[0m[2m:[0m incoming body completed
[2m2025-12-10T10:19:15.444560Z[0m [34mDEBUG[0m [2mhyper::client::pool[0m[2m:[0m pooling idle connection for ("http", 192.168.0.14:8545)
[2m2025-12-10T10:19:15.444576Z[0m [34mDEBUG[0m [2mhyper::client::pool[0m[2m:[0m reuse idle connection for ("http", 192.168.0.14:8545)
[2m2025-12-10T10:19:15.444598Z[0m [34mDEBUG[0m [2mhyper::proto::h1::io[0m[2m:[0m flushed 172 bytes
[2m2025-12-10T10:19:15.449909Z[0m [34mDEBUG[0m [2mhyper::proto::h1::io[0m[2m:[0m parsed 4 headers
[2m2025-12-10T10:19:15.449921Z[0m [34mDEBUG[0m [2mhyper::proto::h1::conn[0m[2m:[0m incoming body is content-length (45 bytes)
[2m2025-12-10T10:19:15.449928Z[0m [34mDEBUG[0m [2mhyper::proto::h1::conn[0m[2m:[0m incoming body completed
[2m2025-12-10T10:19:15.449935Z[0m [34mDEBUG[0m [2mhyper::client::pool[0m[2m:[0m pooling idle connection for ("http", 192.168.0.14:8545)
[2m2025-12-10T10:19:15.449950Z[0m [34mDEBUG[0m [2mhyper::client::pool[0m[2m:[0m reuse idle connection for ("http", 192.168.0.14:8545)
[2m2025-12-10T10:19:15.449979Z[0m [34mDEBUG[0m [2mhyper::proto::h1::io[0m[2m:[0m flushed 172 bytes
[2m2025-12-10T10:19:15.455390Z[0m [34mDEBUG[0m [2mhyper::proto::h1::io[0m[2m:[0m parsed 4 headers
[2m2025-12-10T10:19:15.455427Z[0m [34mDEBUG[0m [2mhyper::proto::h1::conn[0m[2m:[0m incoming body is content-length (45 bytes)
[2m2025-12-10T10:19:15.455450Z[0m [34mDEBUG[0m [2mhyper::proto::h1::conn[0m[2m:[0m incoming body completed
[2m2025-12-10T10:19:15.455462Z[0m [34mDEBUG[0m [2mhyper::client::pool[0m[2m:[0m pooling idle connection for ("http", 192.168.0.14:8545)
[2m2025-12-10T10:19:15.455487Z[0m [34mDEBUG[0m [2mhyper::client::pool[0m[2m:[0m reuse idle connection for ("http", 192.168.0.14:8545)
[2m2025-12-10T10:19:15.455526Z[0m [34mDEBUG[0m [2mhyper::proto::h1::io[0m[2m:[0m flushed 172 bytes
[2m2025-12-10T10:19:15.462081Z[0m [34mDEBUG[0m [2mhyper::proto::h1::io[0m[2m:[0m parsed 4 headers
[2m2025-12-10T10:19:15.462095Z[0m [34mDEBUG[0m [2mhyper::proto::h1::conn[0m[2m:[0m incoming body is content-length (45 bytes)
[2m2025-12-10T10:19:15.462103Z[0m [34mDEBUG[0m [2mhyper::proto::h1::conn[0m[2m:[0m incoming body completed
[2m2025-12-10T10:19:15.462135Z[0m [34mDEBUG[0m [2mhyper::client::pool[0m[2m:[0m pooling idle connection for ("http", 192.168.0.14:8545)
[2m2025-12-10T10:19:15.462163Z[0m [34mDEBUG[0m [2mhyper::client::pool[0m[2m:[0m reuse idle connection for ("http", 192.168.0.14:8545)
[2m2025-12-10T10:19:15.462191Z[0m [34mDEBUG[0m [2mhyper::proto::h1::io[0m[2m:[0m flushed 172 bytes
[2m2025-12-10T10:19:15.467974Z[0m [34mDEBUG[0m [2mhyper::proto::h1::io[0m[2m:[0m parsed 4 headers
[2m2025-12-10T10:19:15.468092Z[0m [34mDEBUG[0m [2mhyper::proto::h1::conn[0m[2m:[0m incoming body is content-length (45 bytes)
[2m2025-12-10T10:19:15.468102Z[0m [34mDEBUG[0m [2mhyper::proto::h1::conn[0m[2m:[0m incoming body completed
[2m2025-12-10T10:19:15.468111Z[0m [34mDEBUG[0m [2mhyper::client::pool[0m[2m:[0m pooling idle connection for ("http", 192.168.0.14:8545)
[2m2025-12-10T10:19:15.468131Z[0m [34mDEBUG[0m [2mhyper::client::pool[0m[2m:[0m reuse idle connection for ("http", 192.168.0.14:8545)
[2m2025-12-10T10:19:15.468148Z[0m [34mDEBUG[0m [2mhyper::proto::h1::io[0m[2m:[0m flushed 172 bytes
[2m2025-12-10T10:19:15.474679Z[0m [34mDEBUG[0m [2mhyper::proto::h1::io[0m[2m:[0m parsed 4 headers
[2m2025-12-10T10:19:15.474689Z[0m [34mDEBUG[0m [2mhyper::proto::h1::conn[0m[2m:[0m incoming body is content-length (45 bytes)
[2m2025-12-10T10:19:15.474696Z[0m [34mDEBUG[0m [2mhyper::proto::h1::conn[0m[2m:[0m incoming body completed
[2m2025-12-10T10:19:15.474714Z[0m [34mDEBUG[0m [2mhyper::client::pool[0m[2m:[0m pooling idle connection for ("http", 192.168.0.14:8545)
[2m2025-12-10T10:19:15.474780Z[0m [34mDEBUG[0m [2mhyper::client::pool[0m[2m:[0m reuse idle connection for ("http", 192.168.0.14:8545)
[2m2025-12-10T10:19:15.474801Z[0m [34mDEBUG[0m [2mhyper::proto::h1::io[0m[2m:[0m flushed 172 bytes
[2m2025-12-10T10:19:15.484262Z[0m [34mDEBUG[0m [2mhyper::proto::h1::io[0m[2m:[0m parsed 4 headers
[2m2025-12-10T10:19:15.484273Z[0m [34mDEBUG[0m [2mhyper::proto::h1::conn[0m[2m:[0m incoming body is content-length (45 bytes)
[2m2025-12-10T10:19:15.484282Z[0m [34mDEBUG[0m [2mhyper::proto::h1::conn[0m[2m:[0m incoming body completed
[2m2025-12-10T10:19:15.484290Z[0m [34mDEBUG[0m [2mhyper::client::pool[0m[2m:[0m pooling idle connection for ("http", 192.168.0.14:8545)
[2m2025-12-10T10:19:15.484309Z[0m [34mDEBUG[0m [2mhyper::client::pool[0m[2m:[0m reuse idle connection for ("http", 192.168.0.14:8545)
[2m2025-12-10T10:19:15.484331Z[0m [34mDEBUG[0m [2mhyper::proto::h1::io[0m[2m:[0m flushed 172 bytes
[2m2025-12-10T10:19:15.489031Z[0m [34mDEBUG[0m [2mhyper::proto::h1::io[0m[2m:[0m parsed 4 headers
[2m2025-12-10T10:19:15.489039Z[0m [34mDEBUG[0m [2mhyper::proto::h1::conn[0m[2m:[0m incoming body is content-length (45 bytes)
[2m2025-12-10T10:19:15.489045Z[0m [34mDEBUG[0m [2mhyper::proto::h1::conn[0m[2m:[0m incoming body completed
[2m2025-12-10T10:19:15.489052Z[0m [34mDEBUG[0m [2mhyper::client::pool[0m[2m:[0m pooling idle connection for ("http", 192.168.0.14:8545)
[2m2025-12-10T10:19:15.489067Z[0m [34mDEBUG[0m [2mhyper::client::pool[0m[2m:[0m reuse idle connection for ("http", 192.168.0.14:8545)
[2m2025-12-10T10:19:15.489085Z[0m [34mDEBUG[0m [2mhyper::proto::h1::io[0m[2m:[0m flushed 172 bytes
[2m2025-12-10T10:19:15.494849Z[0m [34mDEBUG[0m [2mhyper::proto::h1::io[0m[2m:[0m parsed 4 headers
[2m2025-12-10T10:19:15.494860Z[0m [34mDEBUG[0m [2mhyper::proto::h1::conn[0m[2m:[0m incoming body is content-length (45 bytes)
[2m2025-12-10T10:19:15.494868Z[0m [34mDEBUG[0m [2mhyper::proto::h1::conn[0m[2m:[0m incoming body completed
[2m2025-12-10T10:19:15.494878Z[0m [34mDEBUG[0m [2mhyper::client::pool[0m[2m:[0m pooling idle connection for ("http", 192.168.0.14:8545)
[2m2025-12-10T10:19:15.494900Z[0m [34mDEBUG[0m [2mhyper::client::pool[0m[2m:[0m reuse idle connection for ("http", 192.168.0.14:8545)
[2m2025-12-10T10:19:15.494925Z[0m [34mDEBUG[0m [2mhyper::proto::h1::io[0m[2m:[0m flushed 172 bytes
[2m2025-12-10T10:19:15.523571Z[0m [34mDEBUG[0m [2mhyper::proto::h1::io[0m[2m:[0m parsed 4 headers
[2m2025-12-10T10:19:15.526562Z[0m [34mDEBUG[0m [2mhyper::proto::h1::conn[0m[2m:[0m incoming body is content-length (45 bytes)
[2m2025-12-10T10:19:15.526580Z[0m [34mDEBUG[0m [2mhyper::proto::h1::conn[0m[2m:[0m incoming body completed
[2m2025-12-10T10:19:15.526665Z[0m [34mDEBUG[0m [2mhyper::client::pool[0m[2m:[0m pooling idle connection for ("http", 192.168.0.14:8545)
[2m2025-12-10T10:19:15.526712Z[0m [34mDEBUG[0m [2mhyper::client::pool[0m[2m:[0m reuse idle connection for ("http", 192.168.0.14:8545)
[2m2025-12-10T10:19:15.526741Z[0m [34mDEBUG[0m [2mhyper::proto::h1::io[0m[2m:[0m flushed 172 bytes
[2m2025-12-10T10:19:15.531189Z[0m [34mDEBUG[0m [2mhyper::proto::h1::io[0m[2m:[0m parsed 4 headers
[2m2025-12-10T10:19:15.531197Z[0m [34mDEBUG[0m [2mhyper::proto::h1::conn[0m[2m:[0m incoming body is content-length (45 bytes)
[2m2025-12-10T10:19:15.541575Z[0m [34mDEBUG[0m [2mhyper::proto::h1::conn[0m[2m:[0m incoming body completed
[2m2025-12-10T10:19:15.541655Z[0m [34mDEBUG[0m [2mhyper::client::pool[0m[2m:[0m pooling idle connection for ("http", 192.168.0.14:8545)
[2m2025-12-10T10:19:15.541699Z[0m [34mDEBUG[0m [2mhyper::client::pool[0m[2m:[0m reuse idle connection for ("http", 192.168.0.14:8545)
[2m2025-12-10T10:19:15.549581Z[0m [34mDEBUG[0m [2methereum_transaction_pool_monitor::eth_client[0m[2m:[0m 📨 Received WebSocket message: {"jsonrpc":"2.0","method":"eth_subscription","params":{"subscription":"0xbed0a0851463e895960a451075a301a9","result":"0xf511823fb9b115cafeb14cf7328b352d485351dc0b858c1c5e810e2bd70cd025"}}
[2m2025-12-10T10:19:15.549632Z[0m [34mDEBUG[0m [2methereum_transaction_pool_monitor::eth_client[0m[2m:[0m 📨 Received pending transaction: 0xf511823fb9b115cafeb14cf7328b352d485351dc0b858c1c5e810e2bd70cd025
[2m2025-12-10T10:19:15.549968Z[0m [34mDEBUG[0m [2mhyper::proto::h1::io[0m[2m:[0m flushed 172 bytes
[2m2025-12-10T10:19:15.550067Z[0m [34mDEBUG[0m [2mhyper::proto::h1::io[0m[2m:[0m parsed 4 headers
[2m2025-12-10T10:19:15.550074Z[0m [34mDEBUG[0m [2mhyper::proto::h1::conn[0m[2m:[0m incoming body is content-length (45 bytes)
[2m2025-12-10T10:19:15.550083Z[0m [34mDEBUG[0m [2mhyper::proto::h1::conn[0m[2m:[0m incoming body completed
[2m2025-12-10T10:19:15.550093Z[0m [34mDEBUG[0m [2mhyper::client::pool[0m[2m:[0m pooling idle connection for ("http", 192.168.0.14:8545)
[2m2025-12-10T10:19:15.550123Z[0m [34mDEBUG[0m [2mhyper::client::pool[0m[2m:[0m reuse idle connection for ("http", 192.168.0.14:8545)
[2m2025-12-10T10:19:15.550143Z[0m [34mDEBUG[0m [2mhyper::proto::h1::io[0m[2m:[0m flushed 172 bytes
[2m2025-12-10T10:19:15.555214Z[0m [34mDEBUG[0m [2mhyper::proto::h1::io[0m[2m:[0m parsed 4 headers
[2m2025-12-10T10:19:15.555230Z[0m [34mDEBUG[0m [2mhyper::proto::h1::conn[0m[2m:[0m incoming body is content-length (45 bytes)
[2m2025-12-10T10:19:15.555240Z[0m [34mDEBUG[0m [2mhyper::proto::h1::conn[0m[2m:[0m incoming body completed
[2m2025-12-10T10:19:15.555251Z[0m [34mDEBUG[0m [2mhyper::client::pool[0m[2m:[0m pooling idle connection for ("http", 192.168.0.14:8545)
[2m2025-12-10T10:19:15.555276Z[0m [34mDEBUG[0m [2mhyper::client::pool[0m[2m:[0m reuse idle connection for ("http", 192.168.0.14:8545)
[2m2025-12-10T10:19:15.555300Z[0m [34mDEBUG[0m [2mhyper::proto::h1::io[0m[2m:[0m flushed 172 bytes
[2m2025-12-10T10:19:15.561096Z[0m [34mDEBUG[0m [2mhyper::proto::h1::io[0m[2m:[0m parsed 4 headers
[2m2025-12-10T10:19:15.561144Z[0m [34mDEBUG[0m [2mhyper::proto::h1::conn[0m[2m:[0m incoming body is content-length (45 bytes)
[2m2025-12-10T10:19:15.561175Z[0m [34mDEBUG[0m [2mhyper::proto::h1::conn[0m[2m:[0m incoming body completed
[2m2025-12-10T10:19:15.561189Z[0m [34mDEBUG[0m [2mhyper::client::pool[0m[2m:[0m pooling idle connection for ("http", 192.168.0.14:8545)
[2m2025-12-10T10:19:15.561224Z[0m [34mDEBUG[0m [2mhyper::client::pool[0m[2m:[0m reuse idle connection for ("http", 192.168.0.14:8545)
[2m2025-12-10T10:19:15.561431Z[0m [34mDEBUG[0m [2mhyper::proto::h1::io[0m[2m:[0m flushed 172 bytes
[2m2025-12-10T10:19:15.568320Z[0m [34mDEBUG[0m [2mhyper::proto::h1::io[0m[2m:[0m parsed 4 headers
[2m2025-12-10T10:19:15.568339Z[0m [34mDEBUG[0m [2mhyper::proto::h1::conn[0m[2m:[0m incoming body is content-length (45 bytes)
[2m2025-12-10T10:19:15.568350Z[0m [34mDEBUG[0m [2mhyper::proto::h1::conn[0m[2m:[0m incoming body completed
[2m2025-12-10T10:19:15.568541Z[0m [34mDEBUG[0m [2mhyper::client::pool[0m[2m:[0m pooling idle connection for ("http", 192.168.0.14:8545)
[2m2025-12-10T10:19:15.568583Z[0m [34mDEBUG[0m [2mhyper::client::pool[0m[2m:[0m reuse idle connection for ("http", 192.168.0.14:8545)
[2m2025-12-10T10:19:15.568642Z[0m [34mDEBUG[0m [2mhyper::proto::h1::io[0m[2m:[0m flushed 172 bytes
[2m2025-12-10T10:19:15.574059Z[0m [34mDEBUG[0m [2mhyper::proto::h1::io[0m[2m:[0m parsed 4 headers
[2m2025-12-10T10:19:15.574080Z[0m [34mDEBUG[0m [2mhyper::proto::h1::conn[0m[2m:[0m incoming body is content-length (45 bytes)
[2m2025-12-10T10:19:15.574090Z[0m [34mDEBUG[0m [2mhyper::proto::h1::conn[0m[2m:[0m incoming body completed
[2m2025-12-10T10:19:15.574101Z[0m [34mDEBUG[0m [2mhyper::client::pool[0m[2m:[0m pooling idle connection for ("http", 192.168.0.14:8545)
[2m2025-12-10T10:19:15.574151Z[0m [34mDEBUG[0m [2mhyper::client::pool[0m[2m:[0m reuse idle connection for ("http", 192.168.0.14:8545)
[2m2025-12-10T10:19:15.574217Z[0m [34mDEBUG[0m [2mhyper::proto::h1::io[0m[2m:[0m flushed 172 bytes
[2m2025-12-10T10:19:15.579917Z[0m [34mDEBUG[0m [2mhyper::proto::h1::io[0m[2m:[0m parsed 4 headers
[2m2025-12-10T10:19:15.579937Z[0m [34mDEBUG[0m [2mhyper::proto::h1::conn[0m[2m:[0m incoming body is content-length (45 bytes)
[2m2025-12-10T10:19:15.579948Z[0m [34mDEBUG[0m [2mhyper::proto::h1::conn[0m[2m:[0m incoming body completed
[2m2025-12-10T10:19:15.579960Z[0m [34mDEBUG[0m [2mhyper::client::pool[0m[2m:[0m pooling idle connection for ("http", 192.168.0.14:8545)
[2m2025-12-10T10:19:15.579991Z[0m [34mDEBUG[0m [2mhyper::client::pool[0m[2m:[0m reuse idle connection for ("http", 192.168.0.14:8545)
[2m2025-12-10T10:19:15.580126Z[0m [34mDEBUG[0m [2mhyper::proto::h1::io[0m[2m:[0m flushed 172 bytes
[2m2025-12-10T10:19:15.593213Z[0m [34mDEBUG[0m [2mhyper::proto::h1::io[0m[2m:[0m parsed 4 headers
[2m2025-12-10T10:19:15.593270Z[0m [34mDEBUG[0m [2mhyper::proto::h1::conn[0m[2m:[0m incoming body is content-length (45 bytes)
[2m2025-12-10T10:19:15.593361Z[0m [34mDEBUG[0m [2mhyper::proto::h1::conn[0m[2m:[0m incoming body completed
[2m2025-12-10T10:19:15.593439Z[0m [34mDEBUG[0m [2mhyper::client::pool[0m[2m:[0m pooling idle connection for ("http", 192.168.0.14:8545)
[2m2025-12-10T10:19:15.593524Z[0m [34mDEBUG[0m [2mhyper::client::pool[0m[2m:[0m reuse idle connection for ("http", 192.168.0.14:8545)
[2m2025-12-10T10:19:15.593590Z[0m [34mDEBUG[0m [2mhyper::proto::h1::io[0m[2m:[0m flushed 172 bytes
[2m2025-12-10T10:19:15.598146Z[0m [34mDEBUG[0m [2mhyper::proto::h1::io[0m[2m:[0m parsed 4 headers
[2m2025-12-10T10:19:15.598166Z[0m [34mDEBUG[0m [2mhyper::proto::h1::conn[0m[2m:[0m incoming body is content-length (45 bytes)
[2m2025-12-10T10:19:15.598199Z[0m [34mDEBUG[0m [2mhyper::proto::h1::conn[0m[2m:[0m incoming body completed
[2m2025-12-10T10:19:15.598211Z[0m [34mDEBUG[0m [2mhyper::client::pool[0m[2m:[0m pooling idle connection for ("http", 192.168.0.14:8545)
[2m2025-12-10T10:19:15.598236Z[0m [34mDEBUG[0m [2mhyper::client::pool[0m[2m:[0m reuse idle connection for ("http", 192.168.0.14:8545)
[2m2025-12-10T10:19:15.598272Z[0m [34mDEBUG[0m [2mhyper::proto::h1::io[0m[2m:[0m flushed 172 bytes
[2m2025-12-10T10:19:15.611693Z[0m [34mDEBUG[0m [2mhyper::proto::h1::io[0m[2m:[0m parsed 4 headers
[2m2025-12-10T10:19:15.611717Z[0m [34mDEBUG[0m [2mhyper::proto::h1::conn[0m[2m:[0m incoming body is content-length (45 bytes)
[2m2025-12-10T10:19:15.611728Z[0m [34mDEBUG[0m [2mhyper::proto::h1::conn[0m[2m:[0m incoming body completed
[2m2025-12-10T10:19:15.611741Z[0m [34mDEBUG[0m [2mhyper::client::pool[0m[2m:[0m pooling idle connection for ("http", 192.168.0.14:8545)
[2m2025-12-10T10:19:15.611811Z[0m [34mDEBUG[0m [2mhyper::client::pool[0m[2m:[0m reuse idle connection for ("http", 192.168.0.14:8545)
[2m2025-12-10T10:19:15.611929Z[0m [34mDEBUG[0m [2mhyper::proto::h1::io[0m[2m:[0m flushed 172 bytes
[2m2025-12-10T10:19:15.618354Z[0m [34mDEBUG[0m [2mhyper::proto::h1::io[0m[2m:[0m parsed 4 headers
[2m2025-12-10T10:19:15.621614Z[0m [34mDEBUG[0m [2mhyper::proto::h1::conn[0m[2m:[0m incoming body is content-length (45 bytes)
[2m2025-12-10T10:19:15.621648Z[0m [34mDEBUG[0m [2mhyper::proto::h1::conn[0m[2m:[0m incoming body completed
[2m2025-12-10T10:19:15.621673Z[0m [34mDEBUG[0m [2mhyper::client::pool[0m[2m:[0m pooling idle connection for ("http", 192.168.0.14:8545)
[2m2025-12-10T10:19:15.621865Z[0m [34mDEBUG[0m [2mhyper::client::pool[0m[2m:[0m reuse idle connection for ("http", 192.168.0.14:8545)
[2m2025-12-10T10:19:15.621943Z[0m [34mDEBUG[0m [2mhyper::proto::h1::io[0m[2m:[0m flushed 172 bytes
[2m2025-12-10T10:19:15.625532Z[0m [34mDEBUG[0m [2methereum_transaction_pool_monitor::eth_client[0m[2m:[0m 📨 Received WebSocket message: {"jsonrpc":"2.0","method":"eth_subscription","params":{"subscription":"0xbed0a0851463e895960a451075a301a9","result":"0x3903a6e2d805acb4d650ac152db5caf1588ed812816feb12bee6e3ad799ab56a"}}
[2m2025-12-10T10:19:15.625580Z[0m [34mDEBUG[0m [2methereum_transaction_pool_monitor::eth_client[0m[2m:[0m 📨 Received pending transaction: 0x3903a6e2d805acb4d650ac152db5caf1588ed812816feb12bee6e3ad799ab56a
[2m2025-12-10T10:19:15.625598Z[0m [34mDEBUG[0m [2methereum_transaction_pool_monitor::eth_client[0m[2m:[0m 📨 Received WebSocket message: {"jsonrpc":"2.0","method":"eth_subscription","params":{"subscription":"0xbed0a0851463e895960a451075a301a9","result":"0x109be6e7ae6ffae60e99bb06069f843d70762afbbd6b83ec692997b410d03332"}}
[2m2025-12-10T10:19:15.625611Z[0m [34mDEBUG[0m [2methereum_transaction_pool_monitor::eth_client[0m[2m:[0m 📨 Received pending transaction: 0x109be6e7ae6ffae60e99bb06069f843d70762afbbd6b83ec692997b410d03332
[2m2025-12-10T10:19:15.625635Z[0m [34mDEBUG[0m [2methereum_transaction_pool_monitor::eth_client[0m[2m:[0m 📨 Received WebSocket message: {"jsonrpc":"2.0","method":"eth_subscription","params":{"subscription":"0xbed0a0851463e895960a451075a301a9","result":"0x575f8713c4e50f0facc8d34888abded4256f098244e241ed388a16043d8b7088"}}
[2m2025-12-10T10:19:15.625655Z[0m [34mDEBUG[0m [2methereum_transaction_pool_monitor::eth_client[0m[2m:[0m 📨 Received pending transaction: 0x575f8713c4e50f0facc8d34888abded4256f098244e241ed388a16043d8b7088
[2m2025-12-10T10:19:15.625669Z[0m [34mDEBUG[0m [2methereum_transaction_pool_monitor::eth_client[0m[2m:[0m 📨 Received WebSocket message: {"jsonrpc":"2.0","method":"eth_subscription","params":{"subscription":"0xbed0a0851463e895960a451075a301a9","result":"0x5169c94b43bd4740c7e67ff7c603937b9addcc4be3b033364befa7e3014b7e30"}}
[2m2025-12-10T10:19:15.625682Z[0m [34mDEBUG[0m [2methereum_transaction_pool_monitor::eth_client[0m[2m:[0m 📨 Received pending transaction: 0x5169c94b43bd4740c7e67ff7c603937b9addcc4be3b033364befa7e3014b7e30
[2m2025-12-10T10:19:15.625695Z[0m [34mDEBUG[0m [2methereum_transaction_pool_monitor::eth_client[0m[2m:[0m 📨 Received WebSocket message: {"jsonrpc":"2.0","method":"eth_subscription","params":{"subscription":"0xbed0a0851463e895960a451075a301a9","result":"0x72f058dda8f03f0becaa9802c90faa5e8b1c3046a80ada9fb8c12fd2cf376be8"}}
[2m2025-12-10T10:19:15.625708Z[0m [34mDEBUG[0m [2methereum_transaction_pool_monitor::eth_client[0m[2m:[0m 📨 Received pending transaction: 0x72f058dda8f03f0becaa9802c90faa5e8b1c3046a80ada9fb8c12fd2cf376be8
[2m2025-12-10T10:19:15.627469Z[0m [34mDEBUG[0m [2mhyper::proto::h1::io[0m[2m:[0m parsed 4 headers
[2m2025-12-10T10:19:15.627533Z[0m [34mDEBUG[0m [2mhyper::proto::h1::conn[0m[2m:[0m incoming body is content-length (45 bytes)
[2m2025-12-10T10:19:15.627591Z[0m [34mDEBUG[0m [2mhyper::proto::h1::conn[0m[2m:[0m incoming body completed
[2m2025-12-10T10:19:15.627715Z[0m [34mDEBUG[0m [2mhyper::client::pool[0m[2m:[0m pooling idle connection for ("http", 192.168.0.14:8545)
[2m2025-12-10T10:19:15.627775Z[0m [34mDEBUG[0m [2mhyper::client::pool[0m[2m:[0m reuse idle connection for ("http", 192.168.0.14:8545)
[2m2025-12-10T10:19:15.627876Z[0m [34mDEBUG[0m [2mhyper::proto::h1::io[0m[2m:[0m flushed 172 bytes
[2m2025-12-10T10:19:15.632002Z[0m [34mDEBUG[0m [2mhyper::proto::h1::io[0m[2m:[0m parsed 4 headers
[2m2025-12-10T10:19:15.632034Z[0m [34mDEBUG[0m [2mhyper::proto::h1::conn[0m[2m:[0m incoming body is content-length (45 bytes)
[2m2025-12-10T10:19:15.632079Z[0m [34mDEBUG[0m [2mhyper::proto::h1::conn[0m[2m:[0m incoming body completed
[2m2025-12-10T10:19:15.632101Z[0m [34mDEBUG[0m [2mhyper::client::pool[0m[2m:[0m pooling idle connection for ("http", 192.168.0.14:8545)
[2m2025-12-10T10:19:15.632129Z[0m [34mDEBUG[0m [2mhyper::client::pool[0m[2m:[0m reuse idle connection for ("http", 192.168.0.14:8545)
[2m2025-12-10T10:19:15.632170Z[0m [34mDEBUG[0m [2mhyper::proto::h1::io[0m[2m:[0m flushed 172 bytes
[2m2025-12-10T10:19:15.637504Z[0m [34mDEBUG[0m [2mhyper::proto::h1::io[0m[2m:[0m parsed 4 headers
[2m2025-12-10T10:19:15.637577Z[0m [34mDEBUG[0m [2mhyper::proto::h1::conn[0m[2m:[0m incoming body is content-length (45 bytes)
[2m2025-12-10T10:19:15.637640Z[0m [34mDEBUG[0m [2mhyper::proto::h1::conn[0m[2m:[0m incoming body completed
[2m2025-12-10T10:19:15.637691Z[0m [34mDEBUG[0m [2mhyper::client::pool[0m[2m:[0m pooling idle connection for ("http", 192.168.0.14:8545)
[2m2025-12-10T10:19:15.637836Z[0m [34mDEBUG[0m [2mhyper::client::pool[0m[2m:[0m reuse idle connection for ("http", 192.168.0.14:8545)
[2m2025-12-10T10:19:15.637951Z[0m [34mDEBUG[0m [2mhyper::proto::h1::io[0m[2m:[0m flushed 172 bytes
[2m2025-12-10T10:19:15.641366Z[0m [34mDEBUG[0m [2mhyper::proto::h1::io[0m[2m:[0m parsed 4 headers
[2m2025-12-10T10:19:15.641401Z[0m [34mDEBUG[0m [2mhyper::proto::h1::conn[0m[2m:[0m incoming body is content-length (45 bytes)
[2m2025-12-10T10:19:15.641419Z[0m [34mDEBUG[0m [2mhyper::proto::h1::conn[0m[2m:[0m incoming body completed
[2m2025-12-10T10:19:15.641464Z[0m [34mDEBUG[0m [2mhyper::client::pool[0m[2m:[0m pooling idle connection for ("http", 192.168.0.14:8545)
[2m2025-12-10T10:19:15.641501Z[0m [34mDEBUG[0m [2mhyper::client::pool[0m[2m:[0m reuse idle connection for ("http", 192.168.0.14:8545)
[2m2025-12-10T10:19:15.641534Z[0m [34mDEBUG[0m [2mhyper::proto::h1::io[0m[2m:[0m flushed 172 bytes
[2m2025-12-10T10:19:15.646643Z[0m [34mDEBUG[0m [2mhyper::proto::h1::io[0m[2m:[0m parsed 4 headers
[2m2025-12-10T10:19:15.646687Z[0m [34mDEBUG[0m [2mhyper::proto::h1::conn[0m[2m:[0m incoming body is content-length (45 bytes)
[2m2025-12-10T10:19:15.646722Z[0m [34mDEBUG[0m [2mhyper::proto::h1::conn[0m[2m:[0m incoming body completed
[2m2025-12-10T10:19:15.646749Z[0m [34mDEBUG[0m [2mhyper::client::pool[0m[2m:[0m pooling idle connection for ("http", 192.168.0.14:8545)
[2m2025-12-10T10:19:15.647043Z[0m [34mDEBUG[0m [2mhyper::client::pool[0m[2m:[0m reuse idle connection for ("http", 192.168.0.14:8545)
[2m2025-12-10T10:19:15.647198Z[0m [34mDEBUG[0m [2mhyper::proto::h1::io[0m[2m:[0m flushed 172 bytes
[2m2025-12-10T10:19:15.659975Z[0m [34mDEBUG[0m [2mhyper::proto::h1::io[0m[2m:[0m parsed 4 headers
[2m2025-12-10T10:19:15.660007Z[0m [34mDEBUG[0m [2mhyper::proto::h1::conn[0m[2m:[0m incoming body is content-length (45 bytes)
[2m2025-12-10T10:19:15.660019Z[0m [34mDEBUG[0m [2mhyper::proto::h1::conn[0m[2m:[0m incoming body completed
[2m2025-12-10T10:19:15.660033Z[0m [34mDEBUG[0m [2mhyper::client::pool[0m[2m:[0m pooling idle connection for ("http", 192.168.0.14:8545)
[2m2025-12-10T10:19:15.660065Z[0m [34mDEBUG[0m [2mhyper::client::pool[0m[2m:[0m reuse idle connection for ("http", 192.168.0.14:8545)
[2m2025-12-10T10:19:15.660126Z[0m [34mDEBUG[0m [2mhyper::proto::h1::io[0m[2m:[0m flushed 172 bytes
[2m2025-12-10T10:19:15.665064Z[0m [34mDEBUG[0m [2mhyper::proto::h1::io[0m[2m:[0m parsed 4 headers
[2m2025-12-10T10:19:15.665086Z[0m [34mDEBUG[0m [2mhyper::proto::h1::conn[0m[2m:[0m incoming body is content-length (45 bytes)
[2m2025-12-10T10:19:15.665104Z[0m [34mDEBUG[0m [2mhyper::proto::h1::conn[0m[2m:[0m incoming body completed
[2m2025-12-10T10:19:15.665117Z[0m [34mDEBUG[0m [2mhyper::client::pool[0m[2m:[0m pooling idle connection for ("http", 192.168.0.14:8545)
[2m2025-12-10T10:19:15.665190Z[0m [34mDEBUG[0m [2mhyper::client::pool[0m[2m:[0m reuse idle connection for ("http", 192.168.0.14:8545)
[2m2025-12-10T10:19:15.666170Z[0m [34mDEBUG[0m [2mhyper::proto::h1::io[0m[2m:[0m flushed 172 bytes
[2m2025-12-10T10:19:15.673401Z[0m [34mDEBUG[0m [2mhyper::proto::h1::io[0m[2m:[0m parsed 4 headers
[2m2025-12-10T10:19:15.673440Z[0m [34mDEBUG[0m [2mhyper::proto::h1::conn[0m[2m:[0m incoming body is content-length (45 bytes)
[2m2025-12-10T10:19:15.673467Z[0m [34mDEBUG[0m [2mhyper::proto::h1::conn[0m[2m:[0m incoming body completed
[2m2025-12-10T10:19:15.673494Z[0m [34mDEBUG[0m [2mhyper::client::pool[0m[2m:[0m pooling idle connection for ("http", 192.168.0.14:8545)
[2m2025-12-10T10:19:15.673537Z[0m [34mDEBUG[0m [2mhyper::client::pool[0m[2m:[0m reuse idle connection for ("http", 192.168.0.14:8545)
[2m2025-12-10T10:19:15.673654Z[0m [34mDEBUG[0m [2mhyper::proto::h1::io[0m[2m:[0m flushed 172 bytes
[2m2025-12-10T10:19:15.679538Z[0m [34mDEBUG[0m [2mhyper::proto::h1::io[0m[2m:[0m parsed 4 headers
[2m2025-12-10T10:19:15.679628Z[0m [34mDEBUG[0m [2mhyper::proto::h1::conn[0m[2m:[0m incoming body is content-length (45 bytes)
[2m2025-12-10T10:19:15.679672Z[0m [34mDEBUG[0m [2mhyper::proto::h1::conn[0m[2m:[0m incoming body completed
[2m2025-12-10T10:19:15.679861Z[0m [34mDEBUG[0m [2mhyper::client::pool[0m[2m:[0m pooling idle connection for ("http", 192.168.0.14:8545)
[2m2025-12-10T10:19:15.679948Z[0m [34mDEBUG[0m [2mhyper::client::pool[0m[2m:[0m reuse idle connection for ("http", 192.168.0.14:8545)
[2m2025-12-10T10:19:15.680018Z[0m [34mDEBUG[0m [2mhyper::proto::h1::io[0m[2m:[0m flushed 172 bytes
[2m2025-12-10T10:19:15.687003Z[0m [34mDEBUG[0m [2mhyper::proto::h1::io[0m[2m:[0m parsed 4 headers
[2m2025-12-10T10:19:15.687025Z[0m [34mDEBUG[0m [2mhyper::proto::h1::conn[0m[2m:[0m incoming body is content-length (45 bytes)
[2m2025-12-10T10:19:15.687036Z[0m [34mDEBUG[0m [2mhyper::proto::h1::conn[0m[2m:[0m incoming body completed
[2m2025-12-10T10:19:15.687049Z[0m [34mDEBUG[0m [2mhyper::client::pool[0m[2m:[0m pooling idle connection for ("http", 192.168.0.14:8545)
[2m2025-12-10T10:19:15.687172Z[0m [34mDEBUG[0m [2mhyper::client::pool[0m[2m:[0m reuse idle connection for ("http", 192.168.0.14:8545)
[2m2025-12-10T10:19:15.687247Z[0m [34mDEBUG[0m [2mhyper::proto::h1::io[0m[2m:[0m flushed 172 bytes
[2m2025-12-10T10:19:15.694496Z[0m [34mDEBUG[0m [2mhyper::proto::h1::io[0m[2m:[0m parsed 4 headers
[2m2025-12-10T10:19:15.694525Z[0m [34mDEBUG[0m [2mhyper::proto::h1::conn[0m[2m:[0m incoming body is content-length (45 bytes)
[2m2025-12-10T10:19:15.694537Z[0m [34mDEBUG[0m [2mhyper::proto::h1::conn[0m[2m:[0m incoming body completed
[2m2025-12-10T10:19:15.694550Z[0m [34mDEBUG[0m [2mhyper::client::pool[0m[2m:[0m pooling idle connection for ("http", 192.168.0.14:8545)
[2m2025-12-10T10:19:15.694952Z[0m [34mDEBUG[0m [2mhyper::client::pool[0m[2m:[0m reuse idle connection for ("http", 192.168.0.14:8545)
[2m2025-12-10T10:19:15.695039Z[0m [34mDEBUG[0m [2mhyper::proto::h1::io[0m[2m:[0m flushed 172 bytes
[2m2025-12-10T10:19:15.699403Z[0m [34mDEBUG[0m [2mhyper::proto::h1::io[0m[2m:[0m parsed 4 headers
[2m2025-12-10T10:19:15.699435Z[0m [34mDEBUG[0m [2mhyper::proto::h1::conn[0m[2m:[0m incoming body is content-length (45 bytes)
[2m2025-12-10T10:19:15.699447Z[0m [34mDEBUG[0m [2mhyper::proto::h1::conn[0m[2m:[0m incoming body completed
[2m2025-12-10T10:19:15.699461Z[0m [34mDEBUG[0m [2mhyper::client::pool[0m[2m:[0m pooling idle connection for ("http", 192.168.0.14:8545)
[2m2025-12-10T10:19:15.699500Z[0m [34mDEBUG[0m [2mhyper::client::pool[0m[2m:[0m reuse idle connection for ("http", 192.168.0.14:8545)
[2m2025-12-10T10:19:15.699549Z[0m [34mDEBUG[0m [2mhyper::proto::h1::io[0m[2m:[0m flushed 172 bytes
[2m2025-12-10T10:19:15.705117Z[0m [34mDEBUG[0m [2mhyper::proto::h1::io[0m[2m:[0m parsed 4 headers
[2m2025-12-10T10:19:15.705131Z[0m [34mDEBUG[0m [2mhyper::proto::h1::conn[0m[2m:[0m incoming body is content-length (45 bytes)
[2m2025-12-10T10:19:15.705138Z[0m [34mDEBUG[0m [2mhyper::proto::h1::conn[0m[2m:[0m incoming body completed
[2m2025-12-10T10:19:15.705149Z[0m [34mDEBUG[0m [2mhyper::client::pool[0m[2m:[0m pooling idle connection for ("http", 192.168.0.14:8545)
[2m2025-12-10T10:19:15.705173Z[0m [34mDEBUG[0m [2mhyper::client::pool[0m[2m:[0m reuse idle connection for ("http", 192.168.0.14:8545)
[2m2025-12-10T10:19:15.705198Z[0m [34mDEBUG[0m [2mhyper::proto::h1::io[0m[2m:[0m flushed 172 bytes
[2m2025-12-10T10:19:15.721256Z[0m [34mDEBUG[0m [2mhyper::proto::h1::io[0m[2m:[0m parsed 4 headers
[2m2025-12-10T10:19:15.721281Z[0m [34mDEBUG[0m [2mhyper::proto::h1::conn[0m[2m:[0m incoming body is content-length (45 bytes)
[2m2025-12-10T10:19:15.721336Z[0m [34mDEBUG[0m [2mhyper::proto::h1::conn[0m[2m:[0m incoming body completed
[2m2025-12-10T10:19:15.721354Z[0m [34mDEBUG[0m [2mhyper::client::pool[0m[2m:[0m pooling idle connection for ("http", 192.168.0.14:8545)
[2m2025-12-10T10:19:15.721383Z[0m [34mDEBUG[0m [2mhyper::client::pool[0m[2m:[0m reuse idle connection for ("http", 192.168.0.14:8545)
[2m2025-12-10T10:19:15.721412Z[0m [34mDEBUG[0m [2mhyper::proto::h1::io[0m[2m:[0m flushed 172 bytes
[2m2025-12-10T10:19:15.727879Z[0m [34mDEBUG[0m [2mhyper::proto::h1::io[0m[2m:[0m parsed 4 headers
[2m2025-12-10T10:19:15.727903Z[0m [34mDEBUG[0m [2mhyper::proto::h1::conn[0m[2m:[0m incoming body is content-length (45 bytes)
[2m2025-12-10T10:19:15.727912Z[0m [34mDEBUG[0m [2mhyper::proto::h1::conn[0m[2m:[0m incoming body completed
[2m2025-12-10T10:19:15.727921Z[0m [34mDEBUG[0m [2mhyper::client::pool[0m[2m:[0m pooling idle connection for ("http", 192.168.0.14:8545)
[2m2025-12-10T10:19:15.727944Z[0m [34mDEBUG[0m [2mhyper::client::pool[0m[2m:[0m reuse idle connection for ("http", 192.168.0.14:8545)
[2m2025-12-10T10:19:15.727963Z[0m [34mDEBUG[0m [2mhyper::proto::h1::io[0m[2m:[0m flushed 172 bytes
[2m2025-12-10T10:19:15.733203Z[0m [34mDEBUG[0m [2mhyper::proto::h1::io[0m[2m:[0m parsed 4 headers
[2m2025-12-10T10:19:15.733214Z[0m [34mDEBUG[0m [2mhyper::proto::h1::conn[0m[2m:[0m incoming body is content-length (45 bytes)
[2m2025-12-10T10:19:15.733222Z[0m [34mDEBUG[0m [2mhyper::proto::h1::conn[0m[2m:[0m incoming body completed
[2m2025-12-10T10:19:15.733231Z[0m [34mDEBUG[0m [2mhyper::client::pool[0m[2m:[0m pooling idle connection for ("http", 192.168.0.14:8545)
[2m2025-12-10T10:19:15.733251Z[0m [34mDEBUG[0m [2mhyper::client::pool[0m[2m:[0m reuse idle connection for ("http", 192.168.0.14:8545)
[2m2025-12-10T10:19:15.733271Z[0m [34mDEBUG[0m [2mhyper::proto::h1::io[0m[2m:[0m flushed 172 bytes
[2m2025-12-10T10:19:15.739043Z[0m [34mDEBUG[0m [2mhyper::proto::h1::io[0m[2m:[0m parsed 4 headers
[2m2025-12-10T10:19:15.739063Z[0m [34mDEBUG[0m [2mhyper::proto::h1::conn[0m[2m:[0m incoming body is content-length (45 bytes)
[2m2025-12-10T10:19:15.739095Z[0m [34mDEBUG[0m [2mhyper::proto::h1::conn[0m[2m:[0m incoming body completed
[2m2025-12-10T10:19:15.739104Z[0m [34mDEBUG[0m [2mhyper::client::pool[0m[2m:[0m pooling idle connection for ("http", 192.168.0.14:8545)
[2m2025-12-10T10:19:15.739120Z[0m [34mDEBUG[0m [2mhyper::client::pool[0m[2m:[0m reuse idle connection for ("http", 192.168.0.14:8545)
[2m2025-12-10T10:19:15.739135Z[0m [34mDEBUG[0m [2mhyper::proto::h1::io[0m[2m:[0m flushed 172 bytes
[2m2025-12-10T10:19:15.745529Z[0m [34mDEBUG[0m [2mhyper::proto::h1::io[0m[2m:[0m parsed 4 headers
[2m2025-12-10T10:19:15.745549Z[0m [34mDEBUG[0m [2mhyper::proto::h1::conn[0m[2m:[0m incoming body is content-length (45 bytes)
[2m2025-12-10T10:19:15.745559Z[0m [34mDEBUG[0m [2mhyper::proto::h1::conn[0m[2m:[0m incoming body completed
[2m2025-12-10T10:19:15.745569Z[0m [34mDEBUG[0m [2mhyper::client::pool[0m[2m:[0m pooling idle connection for ("http", 192.168.0.14:8545)
[2m2025-12-10T10:19:15.745591Z[0m [34mDEBUG[0m [2mhyper::client::pool[0m[2m:[0m reuse idle connection for ("http", 192.168.0.14:8545)
[2m2025-12-10T10:19:15.745617Z[0m [34mDEBUG[0m [2mhyper::proto::h1::io[0m[2m:[0m flushed 172 bytes
[2m2025-12-10T10:19:15.749375Z[0m [34mDEBUG[0m [2mhyper::proto::h1::io[0m[2m:[0m parsed 4 headers
[2m2025-12-10T10:19:15.749385Z[0m [34mDEBUG[0m [2mhyper::proto::h1::conn[0m[2m:[0m incoming body is content-length (45 bytes)
[2m2025-12-10T10:19:15.749392Z[0m [34mDEBUG[0m [2mhyper::proto::h1::conn[0m[2m:[0m incoming body completed
[2m2025-12-10T10:19:15.749401Z[0m [34mDEBUG[0m [2mhyper::client::pool[0m[2m:[0m pooling idle connection for ("http", 192.168.0.14:8545)
[2m2025-12-10T10:19:15.749431Z[0m [34mDEBUG[0m [2mhyper::client::pool[0m[2m:[0m reuse idle connection for ("http", 192.168.0.14:8545)
[2m2025-12-10T10:19:15.749484Z[0m [34mDEBUG[0m [2mhyper::proto::h1::io[0m[2m:[0m flushed 172 bytes
[2m2025-12-10T10:19:15.753183Z[0m [34mDEBUG[0m [2mhyper::proto::h1::io[0m[2m:[0m parsed 4 headers
[2m2025-12-10T10:19:15.753213Z[0m [34mDEBUG[0m [2mhyper::proto::h1::conn[0m[2m:[0m incoming body is content-length (45 bytes)
[2m2025-12-10T10:19:15.753224Z[0m [34mDEBUG[0m [2mhyper::proto::h1::conn[0m[2m:[0m incoming body completed
[2m2025-12-10T10:19:15.753248Z[0m [34mDEBUG[0m [2mhyper::client::pool[0m[2m:[0m pooling idle connection for ("http", 192.168.0.14:8545)
[2m2025-12-10T10:19:15.753363Z[0m [34mDEBUG[0m [2mhyper::client::pool[0m[2m:[0m reuse idle connection for ("http", 192.168.0.14:8545)
[2m2025-12-10T10:19:15.753483Z[0m [34mDEBUG[0m [2mhyper::proto::h1::io[0m[2m:[0m flushed 172 bytes
[2m2025-12-10T10:19:15.757253Z[0m [34mDEBUG[0m [2mhyper::proto::h1::io[0m[2m:[0m parsed 4 headers
[2m2025-12-10T10:19:15.757310Z[0m [34mDEBUG[0m [2mhyper::proto::h1::conn[0m[2m:[0m incoming body is content-length (45 bytes)
[2m2025-12-10T10:19:15.757346Z[0m [34mDEBUG[0m [2mhyper::proto::h1::conn[0m[2m:[0m incoming body completed
[2m2025-12-10T10:19:15.757383Z[0m [34mDEBUG[0m [2mhyper::client::pool[0m[2m:[0m pooling idle connection for ("http", 192.168.0.14:8545)
[2m2025-12-10T10:19:15.757512Z[0m [34mDEBUG[0m [2mhyper::client::pool[0m[2m:[0m reuse idle connection for ("http", 192.168.0.14:8545)
[2m2025-12-10T10:19:15.757570Z[0m [34mDEBUG[0m [2mhyper::proto::h1::io[0m[2m:[0m flushed 172 bytes
[2m2025-12-10T10:19:15.760877Z[0m [34mDEBUG[0m [2mhyper::proto::h1::io[0m[2m:[0m parsed 4 headers
[2m2025-12-10T10:19:15.760983Z[0m [34mDEBUG[0m [2mhyper::proto::h1::conn[0m[2m:[0m incoming body is content-length (45 bytes)
[2m2025-12-10T10:19:15.761010Z[0m [34mDEBUG[0m [2mhyper::proto::h1::conn[0m[2m:[0m incoming body completed
[2m2025-12-10T10:19:15.761026Z[0m [34mDEBUG[0m [2mhyper::client::pool[0m[2m:[0m pooling idle connection for ("http", 192.168.0.14:8545)
[2m2025-12-10T10:19:15.761062Z[0m [34mDEBUG[0m [2mhyper::client::pool[0m[2m:[0m reuse idle connection for ("http", 192.168.0.14:8545)
[2m2025-12-10T10:19:15.761105Z[0m [34mDEBUG[0m [2mhyper::proto::h1::io[0m[2m:[0m flushed 172 bytes
[2m2025-12-10T10:19:15.765193Z[0m [34mDEBUG[0m [2mhyper::proto::h1::io[0m[2m:[0m parsed 4 headers
[2m2025-12-10T10:19:15.765218Z[0m [34mDEBUG[0m [2mhyper::proto::h1::conn[0m[2m:[0m incoming body is content-length (45 bytes)
[2m2025-12-10T10:19:15.765227Z[0m [34mDEBUG[0m [2mhyper::proto::h1::conn[0m[2m:[0m incoming body completed
[2m2025-12-10T10:19:15.765239Z[0m [34mDEBUG[0m [2mhyper::client::pool[0m[2m:[0m pooling idle connection for ("http", 192.168.0.14:8545)
[2m2025-12-10T10:19:15.765299Z[0m [34mDEBUG[0m [2mhyper::client::pool[0m[2m:[0m reuse idle connection for ("http", 192.168.0.14:8545)
[2m2025-12-10T10:19:15.765398Z[0m [34mDEBUG[0m [2mhyper::proto::h1::io[0m[2m:[0m flushed 172 bytes
[2m2025-12-10T10:19:15.771364Z[0m [34mDEBUG[0m [2mhyper::proto::h1::io[0m[2m:[0m parsed 4 headers
[2m2025-12-10T10:19:15.771380Z[0m [34mDEBUG[0m [2mhyper::proto::h1::conn[0m[2m:[0m incoming body is content-length (45 bytes)
[2m2025-12-10T10:19:15.771391Z[0m [34mDEBUG[0m [2mhyper::proto::h1::conn[0m[2m:[0m incoming body completed
[2m2025-12-10T10:19:15.771404Z[0m [34mDEBUG[0m [2mhyper::client::pool[0m[2m:[0m pooling idle connection for ("http", 192.168.0.14:8545)
[2m2025-12-10T10:19:15.771435Z[0m [34mDEBUG[0m [2mhyper::client::pool[0m[2m:[0m reuse idle connection for ("http", 192.168.0.14:8545)
[2m2025-12-10T10:19:15.771493Z[0m [34mDEBUG[0m [2mhyper::proto::h1::io[0m[2m:[0m flushed 172 bytes
[2m2025-12-10T10:19:15.778776Z[0m [34mDEBUG[0m [2mhyper::proto::h1::io[0m[2m:[0m parsed 4 headers
[2m2025-12-10T10:19:15.778881Z[0m [34mDEBUG[0m [2mhyper::proto::h1::conn[0m[2m:[0m incoming body is content-length (45 bytes)
[2m2025-12-10T10:19:15.778908Z[0m [34mDEBUG[0m [2mhyper::proto::h1::conn[0m[2m:[0m incoming body completed
[2m2025-12-10T10:19:15.778932Z[0m [34mDEBUG[0m [2mhyper::client::pool[0m[2m:[0m pooling idle connection for ("http", 192.168.0.14:8545)
[2m2025-12-10T10:19:15.778984Z[0m [34mDEBUG[0m [2mhyper::client::pool[0m[2m:[0m reuse idle connection for ("http", 192.168.0.14:8545)
[2m2025-12-10T10:19:15.779027Z[0m [34mDEBUG[0m [2mhyper::proto::h1::io[0m[2m:[0m flushed 172 bytes
[2m2025-12-10T10:19:15.784255Z[0m [34mDEBUG[0m [2mhyper::proto::h1::io[0m[2m:[0m parsed 4 headers
[2m2025-12-10T10:19:15.802291Z[0m [34mDEBUG[0m [2mhyper::proto::h1::conn[0m[2m:[0m incoming body is content-length (45 bytes)
[2m2025-12-10T10:19:15.802315Z[0m [34mDEBUG[0m [2mhyper::proto::h1::conn[0m[2m:[0m incoming body completed
[2m2025-12-10T10:19:15.802332Z[0m [34mDEBUG[0m [2mhyper::client::pool[0m[2m:[0m pooling idle connection for ("http", 192.168.0.14:8545)
[2m2025-12-10T10:19:15.802364Z[0m [34mDEBUG[0m [2mhyper::client::pool[0m[2m:[0m reuse idle connection for ("http", 192.168.0.14:8545)
[2m2025-12-10T10:19:15.802426Z[0m [34mDEBUG[0m [2mhyper::proto::h1::io[0m[2m:[0m flushed 172 bytes
[2m2025-12-10T10:19:15.808169Z[0m [34mDEBUG[0m [2mhyper::proto::h1::io[0m[2m:[0m parsed 4 headers
[2m2025-12-10T10:19:15.808185Z[0m [34mDEBUG[0m [2mhyper::proto::h1::conn[0m[2m:[0m incoming body is content-length (45 bytes)
[2m2025-12-10T10:19:15.808196Z[0m [34mDEBUG[0m [2mhyper::proto::h1::conn[0m[2m:[0m incoming body completed
[2m2025-12-10T10:19:15.808208Z[0m [34mDEBUG[0m [2mhyper::client::pool[0m[2m:[0m pooling idle connection for ("http", 192.168.0.14:8545)
[2m2025-12-10T10:19:15.808664Z[0m [34mDEBUG[0m [2mhyper::client::pool[0m[2m:[0m reuse idle connection for ("http", 192.168.0.14:8545)
[2m2025-12-10T10:19:15.808752Z[0m [34mDEBUG[0m [2mhyper::proto::h1::io[0m[2m:[0m flushed 172 bytes
[2m2025-12-10T10:19:15.818887Z[0m [34mDEBUG[0m [2mhyper::proto::h1::io[0m[2m:[0m parsed 4 headers
[2m2025-12-10T10:19:15.818923Z[0m [34mDEBUG[0m [2mhyper::proto::h1::conn[0m[2m:[0m incoming body is content-length (45 bytes)
[2m2025-12-10T10:19:15.818936Z[0m [34mDEBUG[0m [2mhyper::proto::h1::conn[0m[2m:[0m incoming body completed
[2m2025-12-10T10:19:15.818949Z[0m [34mDEBUG[0m [2mhyper::client::pool[0m[2m:[0m pooling idle connection for ("http", 192.168.0.14:8545)
[2m2025-12-10T10:19:15.818979Z[0m [34mDEBUG[0m [2mhyper::client::pool[0m[2m:[0m reuse idle connection for ("http", 192.168.0.14:8545)
[2m2025-12-10T10:19:15.819009Z[0m [34mDEBUG[0m [2mhyper::proto::h1::io[0m[2m:[0m flushed 172 bytes
[2m2025-12-10T10:19:15.824126Z[0m [34mDEBUG[0m [2mhyper::proto::h1::io[0m[2m:[0m parsed 4 headers
[2m2025-12-10T10:19:15.824144Z[0m [34mDEBUG[0m [2mhyper::proto::h1::conn[0m[2m:[0m incoming body is content-length (45 bytes)
[2m2025-12-10T10:19:15.824189Z[0m [34mDEBUG[0m [2mhyper::proto::h1::conn[0m[2m:[0m incoming body completed
[2m2025-12-10T10:19:15.824241Z[0m [34mDEBUG[0m [2mhyper::client::pool[0m[2m:[0m pooling idle connection for ("http", 192.168.0.14:8545)
[2m2025-12-10T10:19:15.824340Z[0m [34mDEBUG[0m [2mhyper::client::pool[0m[2m:[0m reuse idle connection for ("http", 192.168.0.14:8545)
[2m2025-12-10T10:19:15.824551Z[0m [34mDEBUG[0m [2mhyper::proto::h1::io[0m[2m:[0m flushed 172 bytes
[2m2025-12-10T10:19:15.828516Z[0m [34mDEBUG[0m [2mhyper::proto::h1::io[0m[2m:[0m parsed 4 headers
[2m2025-12-10T10:19:15.828525Z[0m [34mDEBUG[0m [2mhyper::proto::h1::conn[0m[2m:[0m incoming body is content-length (45 bytes)
[2m2025-12-10T10:19:15.828532Z[0m [34mDEBUG[0m [2mhyper::proto::h1::conn[0m[2m:[0m incoming body completed
[2m2025-12-10T10:19:15.828540Z[0m [34mDEBUG[0m [2mhyper::client::pool[0m[2m:[0m pooling idle connection for ("http", 192.168.0.14:8545)
[2m2025-12-10T10:19:15.828559Z[0m [34mDEBUG[0m [2mhyper::client::pool[0m[2m:[0m reuse idle connection for ("http", 192.168.0.14:8545)
[2m2025-12-10T10:19:15.828595Z[0m [34mDEBUG[0m [2mhyper::proto::h1::io[0m[2m:[0m flushed 172 bytes
[2m2025-12-10T10:19:15.832713Z[0m [34mDEBUG[0m [2mhyper::proto::h1::io[0m[2m:[0m parsed 4 headers
[2m2025-12-10T10:19:15.832720Z[0m [34mDEBUG[0m [2mhyper::proto::h1::conn[0m[2m:[0m incoming body is content-length (45 bytes)
[2m2025-12-10T10:19:15.832726Z[0m [34mDEBUG[0m [2mhyper::proto::h1::conn[0m[2m:[0m incoming body completed
[2m2025-12-10T10:19:15.832733Z[0m [34mDEBUG[0m [2mhyper::client::pool[0m[2m:[0m pooling idle connection for ("http", 192.168.0.14:8545)
[2m2025-12-10T10:19:15.832750Z[0m [34mDEBUG[0m [2mhyper::client::pool[0m[2m:[0m reuse idle connection for ("http", 192.168.0.14:8545)
[2m2025-12-10T10:19:15.832768Z[0m [34mDEBUG[0m [2mhyper::proto::h1::io[0m[2m:[0m flushed 172 bytes
[2m2025-12-10T10:19:15.839524Z[0m [34mDEBUG[0m [2mhyper::proto::h1::io[0m[2m:[0m parsed 4 headers
[2m2025-12-10T10:19:15.839579Z[0m [34mDEBUG[0m [2mhyper::proto::h1::conn[0m[2m:[0m incoming body is content-length (45 bytes)
[2m2025-12-10T10:19:15.839597Z[0m [34mDEBUG[0m [2mhyper::proto::h1::conn[0m[2m:[0m incoming body completed
[2m2025-12-10T10:19:15.839630Z[0m [34mDEBUG[0m [2mhyper::client::pool[0m[2m:[0m pooling idle connection for ("http", 192.168.0.14:8545)
[2m2025-12-10T10:19:15.839698Z[0m [34mDEBUG[0m [2mhyper::client::pool[0m[2m:[0m reuse idle connection for ("http", 192.168.0.14:8545)
[2m2025-12-10T10:19:15.839770Z[0m [34mDEBUG[0m [2mhyper::proto::h1::io[0m[2m:[0m flushed 172 bytes
[2m2025-12-10T10:19:15.843304Z[0m [34mDEBUG[0m [2mhyper::proto::h1::io[0m[2m:[0m parsed 4 headers
[2m2025-12-10T10:19:15.843340Z[0m [34mDEBUG[0m [2mhyper::proto::h1::conn[0m[2m:[0m incoming body is content-length (45 bytes)
[2m2025-12-10T10:19:15.843355Z[0m [34mDEBUG[0m [2mhyper::proto::h1::conn[0m[2m:[0m incoming body completed
[2m2025-12-10T10:19:15.843379Z[0m [34mDEBUG[0m [2mhyper::client::pool[0m[2m:[0m pooling idle connection for ("http", 192.168.0.14:8545)
[2m2025-12-10T10:19:15.843477Z[0m [34mDEBUG[0m [2mhyper::client::pool[0m[2m:[0m reuse idle connection for ("http", 192.168.0.14:8545)
[2m2025-12-10T10:19:15.843546Z[0m [34mDEBUG[0m [2mhyper::proto::h1::io[0m[2m:[0m flushed 172 bytes
[2m2025-12-10T10:19:15.847953Z[0m [34mDEBUG[0m [2mhyper::proto::h1::io[0m[2m:[0m parsed 4 headers
[2m2025-12-10T10:19:15.847967Z[0m [34mDEBUG[0m [2mhyper::proto::h1::conn[0m[2m:[0m incoming body is content-length (45 bytes)
[2m2025-12-10T10:19:15.847977Z[0m [34mDEBUG[0m [2mhyper::proto::h1::conn[0m[2m:[0m incoming body completed
[2m2025-12-10T10:19:15.847990Z[0m [34mDEBUG[0m [2mhyper::client::pool[0m[2m:[0m pooling idle connection for ("http", 192.168.0.14:8545)
[2m2025-12-10T10:19:15.848018Z[0m [34mDEBUG[0m [2mhyper::client::pool[0m[2m:[0m reuse idle connection for ("http", 192.168.0.14:8545)
[2m2025-12-10T10:19:15.848042Z[0m [34mDEBUG[0m [2mhyper::proto::h1::io[0m[2m:[0m flushed 172 bytes
[2m2025-12-10T10:19:15.854590Z[0m [34mDEBUG[0m [2mhyper::proto::h1::io[0m[2m:[0m parsed 4 headers
[2m2025-12-10T10:19:15.854599Z[0m [34mDEBUG[0m [2mhyper::proto::h1::conn[0m[2m:[0m incoming body is content-length (45 bytes)
[2m2025-12-10T10:19:15.854607Z[0m [34mDEBUG[0m [2mhyper::proto::h1::conn[0m[2m:[0m incoming body completed
[2m2025-12-10T10:19:15.854616Z[0m [34mDEBUG[0m [2mhyper::client::pool[0m[2m:[0m pooling idle connection for ("http", 192.168.0.14:8545)
[2m2025-12-10T10:19:15.854640Z[0m [34mDEBUG[0m [2mhyper::client::pool[0m[2m:[0m reuse idle connection for ("http", 192.168.0.14:8545)
[2m2025-12-10T10:19:15.854662Z[0m [34mDEBUG[0m [2mhyper::proto::h1::io[0m[2m:[0m flushed 172 bytes
[2m2025-12-10T10:19:15.861654Z[0m [34mDEBUG[0m [2mhyper::proto::h1::io[0m[2m:[0m parsed 4 headers
[2m2025-12-10T10:19:15.861672Z[0m [34mDEBUG[0m [2mhyper::proto::h1::conn[0m[2m:[0m incoming body is content-length (45 bytes)
[2m2025-12-10T10:19:15.861684Z[0m [34mDEBUG[0m [2mhyper::proto::h1::conn[0m[2m:[0m incoming body completed
[2m2025-12-10T10:19:15.861694Z[0m [34mDEBUG[0m [2mhyper::client::pool[0m[2m:[0m pooling idle connection for ("http", 192.168.0.14:8545)
[2m2025-12-10T10:19:15.861717Z[0m [34mDEBUG[0m [2mhyper::client::pool[0m[2m:[0m reuse idle connection for ("http", 192.168.0.14:8545)
[2m2025-12-10T10:19:15.861742Z[0m [34mDEBUG[0m [2mhyper::proto::h1::io[0m[2m:[0m flushed 172 bytes
[2m2025-12-10T10:19:15.868441Z[0m [34mDEBUG[0m [2mhyper::proto::h1::io[0m[2m:[0m parsed 4 headers
[2m2025-12-10T10:19:15.868451Z[0m [34mDEBUG[0m [2mhyper::proto::h1::conn[0m[2m:[0m incoming body is content-length (45 bytes)
[2m2025-12-10T10:19:15.868488Z[0m [34mDEBUG[0m [2mhyper::proto::h1::conn[0m[2m:[0m incoming body completed
[2m2025-12-10T10:19:15.868559Z[0m [34mDEBUG[0m [2mhyper::client::pool[0m[2m:[0m pooling idle connection for ("http", 192.168.0.14:8545)
[2m2025-12-10T10:19:15.868626Z[0m [34mDEBUG[0m [2mhyper::client::pool[0m[2m:[0m reuse idle connection for ("http", 192.168.0.14:8545)
[2m2025-12-10T10:19:15.868660Z[0m [34mDEBUG[0m [2mhyper::proto::h1::io[0m[2m:[0m flushed 172 bytes
[2m2025-12-10T10:19:15.881162Z[0m [34mDEBUG[0m [2mhyper::proto::h1::io[0m[2m:[0m parsed 4 headers
[2m2025-12-10T10:19:15.881176Z[0m [34mDEBUG[0m [2mhyper::proto::h1::conn[0m[2m:[0m incoming body is content-length (45 bytes)
[2m2025-12-10T10:19:15.881189Z[0m [34mDEBUG[0m [2mhyper::proto::h1::conn[0m[2m:[0m incoming body completed
[2m2025-12-10T10:19:15.881207Z[0m [34mDEBUG[0m [2mhyper::client::pool[0m[2m:[0m pooling idle connection for ("http", 192.168.0.14:8545)
[2m2025-12-10T10:19:15.881328Z[0m [34mDEBUG[0m [2mhyper::client::pool[0m[2m:[0m reuse idle connection for ("http", 192.168.0.14:8545)
[2m2025-12-10T10:19:15.881908Z[0m [34mDEBUG[0m [2mhyper::proto::h1::io[0m[2m:[0m flushed 172 bytes
[2m2025-12-10T10:19:15.891953Z[0m [34mDEBUG[0m [2mhyper::proto::h1::io[0m[2m:[0m parsed 4 headers
[2m2025-12-10T10:19:15.891969Z[0m [34mDEBUG[0m [2mhyper::proto::h1::conn[0m[2m:[0m incoming body is content-length (45 bytes)
[2m2025-12-10T10:19:15.891980Z[0m [34mDEBUG[0m [2mhyper::proto::h1::conn[0m[2m:[0m incoming body completed
[2m2025-12-10T10:19:15.892008Z[0m [34mDEBUG[0m [2mhyper::client::pool[0m[2m:[0m pooling idle connection for ("http", 192.168.0.14:8545)
[2m2025-12-10T10:19:15.892138Z[0m [34mDEBUG[0m [2mhyper::client::pool[0m[2m:[0m reuse idle connection for ("http", 192.168.0.14:8545)
[2m2025-12-10T10:19:15.892208Z[0m [34mDEBUG[0m [2mhyper::proto::h1::io[0m[2m:[0m flushed 172 bytes
[2m2025-12-10T10:19:15.895668Z[0m [34mDEBUG[0m [2mhyper::proto::h1::io[0m[2m:[0m parsed 4 headers
[2m2025-12-10T10:19:15.895679Z[0m [34mDEBUG[0m [2mhyper::proto::h1::conn[0m[2m:[0m incoming body is content-length (45 bytes)
[2m2025-12-10T10:19:15.895686Z[0m [34mDEBUG[0m [2mhyper::proto::h1::conn[0m[2m:[0m incoming body completed
[2m2025-12-10T10:19:15.895696Z[0m [34mDEBUG[0m [2mhyper::client::pool[0m[2m:[0m pooling idle connection for ("http", 192.168.0.14:8545)
[2m2025-12-10T10:19:15.895718Z[0m [34mDEBUG[0m [2mhyper::client::pool[0m[2m:[0m reuse idle connection for ("http", 192.168.0.14:8545)
[2m2025-12-10T10:19:15.895747Z[0m [34mDEBUG[0m [2mhyper::proto::h1::io[0m[2m:[0m flushed 172 bytes
[2m2025-12-10T10:19:15.910774Z[0m [34mDEBUG[0m [2mhyper::proto::h1::io[0m[2m:[0m parsed 4 headers
[2m2025-12-10T10:19:15.910816Z[0m [34mDEBUG[0m [2mhyper::proto::h1::conn[0m[2m:[0m incoming body is content-length (45 bytes)
[2m2025-12-10T10:19:15.910826Z[0m [34mDEBUG[0m [2mhyper::proto::h1::conn[0m[2m:[0m incoming body completed
[2m2025-12-10T10:19:15.910838Z[0m [34mDEBUG[0m [2mhyper::client::pool[0m[2m:[0m pooling idle connection for ("http", 192.168.0.14:8545)
[2m2025-12-10T10:19:15.910873Z[0m [34mDEBUG[0m [2mhyper::client::pool[0m[2m:[0m reuse idle connection for ("http", 192.168.0.14:8545)
[2m2025-12-10T10:19:15.910930Z[0m [34mDEBUG[0m [2mhyper::proto::h1::io[0m[2m:[0m flushed 172 bytes
[2m2025-12-10T10:19:15.918921Z[0m [34mDEBUG[0m [2mhyper::proto::h1::io[0m[2m:[0m parsed 4 headers
[2m2025-12-10T10:19:15.918978Z[0m [34mDEBUG[0m [2mhyper::proto::h1::conn[0m[2m:[0m incoming body is content-length (45 bytes)
[2m2025-12-10T10:19:15.919035Z[0m [34mDEBUG[0m [2mhyper::proto::h1::conn[0m[2m:[0m incoming body completed
[2m2025-12-10T10:19:15.919051Z[0m [34mDEBUG[0m [2mhyper::client::pool[0m[2m:[0m pooling idle connection for ("http", 192.168.0.14:8545)
[2m2025-12-10T10:19:15.919083Z[0m [34mDEBUG[0m [2mhyper::client::pool[0m[2m:[0m reuse idle connection for ("http", 192.168.0.14:8545)
[2m2025-12-10T10:19:15.919122Z[0m [34mDEBUG[0m [2mhyper::proto::h1::io[0m[2m:[0m flushed 172 bytes
[2m2025-12-10T10:19:15.923082Z[0m [34mDEBUG[0m [2mhyper::proto::h1::io[0m[2m:[0m parsed 4 headers
[2m2025-12-10T10:19:15.923091Z[0m [34mDEBUG[0m [2mhyper::proto::h1::conn[0m[2m:[0m incoming body is content-length (45 bytes)
[2m2025-12-10T10:19:15.923099Z[0m [34mDEBUG[0m [2mhyper::proto::h1::conn[0m[2m:[0m incoming body completed
[2m2025-12-10T10:19:15.923106Z[0m [34mDEBUG[0m [2mhyper::client::pool[0m[2m:[0m pooling idle connection for ("http", 192.168.0.14:8545)
[2m2025-12-10T10:19:15.923125Z[0m [34mDEBUG[0m [2mhyper::client::pool[0m[2m:[0m reuse idle connection for ("http", 192.168.0.14:8545)
[2m2025-12-10T10:19:15.923146Z[0m [34mDEBUG[0m [2mhyper::proto::h1::io[0m[2m:[0m flushed 172 bytes
[2m2025-12-10T10:19:15.929364Z[0m [34mDEBUG[0m [2mhyper::proto::h1::io[0m[2m:[0m parsed 4 headers
[2m2025-12-10T10:19:15.929388Z[0m [34mDEBUG[0m [2mhyper::proto::h1::conn[0m[2m:[0m incoming body is content-length (45 bytes)
[2m2025-12-10T10:19:15.929398Z[0m [34mDEBUG[0m [2mhyper::proto::h1::conn[0m[2m:[0m incoming body completed
[2m2025-12-10T10:19:15.929432Z[0m [34mDEBUG[0m [2mhyper::client::pool[0m[2m:[0m pooling idle connection for ("http", 192.168.0.14:8545)
[2m2025-12-10T10:19:15.929534Z[0m [34mDEBUG[0m [2mhyper::client::pool[0m[2m:[0m reuse idle connection for ("http", 192.168.0.14:8545)
[2m2025-12-10T10:19:15.929618Z[0m [34mDEBUG[0m [2mhyper::proto::h1::io[0m[2m:[0m flushed 172 bytes
[2m2025-12-10T10:19:15.934194Z[0m [34mDEBUG[0m [2mhyper::proto::h1::io[0m[2m:[0m parsed 4 headers
[2m2025-12-10T10:19:15.934205Z[0m [34mDEBUG[0m [2mhyper::proto::h1::conn[0m[2m:[0m incoming body is content-length (45 bytes)
[2m2025-12-10T10:19:15.934212Z[0m [34mDEBUG[0m [2mhyper::proto::h1::conn[0m[2m:[0m incoming body completed
[2m2025-12-10T10:19:15.934225Z[0m [34mDEBUG[0m [2mhyper::client::pool[0m[2m:[0m pooling idle connection for ("http", 192.168.0.14:8545)
[2m2025-12-10T10:19:15.934257Z[0m [34mDEBUG[0m [2mhyper::client::pool[0m[2m:[0m reuse idle connection for ("http", 192.168.0.14:8545)
[2m2025-12-10T10:19:15.934294Z[0m [34mDEBUG[0m [2mhyper::proto::h1::io[0m[2m:[0m flushed 172 bytes
[2m2025-12-10T10:19:15.940485Z[0m [34mDEBUG[0m [2mhyper::proto::h1::io[0m[2m:[0m parsed 4 headers
[2m2025-12-10T10:19:15.940495Z[0m [34mDEBUG[0m [2mhyper::proto::h1::conn[0m[2m:[0m incoming body is content-length (45 bytes)
[2m2025-12-10T10:19:15.940501Z[0m [34mDEBUG[0m [2mhyper::proto::h1::conn[0m[2m:[0m incoming body completed
[2m2025-12-10T10:19:15.940508Z[0m [34mDEBUG[0m [2mhyper::client::pool[0m[2m:[0m pooling idle connection for ("http", 192.168.0.14:8545)
[2m2025-12-10T10:19:15.940524Z[0m [34mDEBUG[0m [2mhyper::client::pool[0m[2m:[0m reuse idle connection for ("http", 192.168.0.14:8545)
[2m2025-12-10T10:19:15.940543Z[0m [34mDEBUG[0m [2mhyper::proto::h1::io[0m[2m:[0m flushed 172 bytes
[2m2025-12-10T10:19:15.944859Z[0m [34mDEBUG[0m [2mhyper::proto::h1::io[0m[2m:[0m parsed 4 headers
[2m2025-12-10T10:19:15.944956Z[0m [34mDEBUG[0m [2mhyper::proto::h1::conn[0m[2m:[0m incoming body is content-length (45 bytes)
[2m2025-12-10T10:19:15.945017Z[0m [34mDEBUG[0m [2mhyper::proto::h1::conn[0m[2m:[0m incoming body completed
[2m2025-12-10T10:19:15.945078Z[0m [34mDEBUG[0m [2mhyper::client::pool[0m[2m:[0m pooling idle connection for ("http", 192.168.0.14:8545)
[2m2025-12-10T10:19:15.945719Z[0m [34mDEBUG[0m [2mhyper::client::pool[0m[2m:[0m reuse idle connection for ("http", 192.168.0.14:8545)
[2m2025-12-10T10:19:15.945746Z[0m [34mDEBUG[0m [2mhyper::proto::h1::io[0m[2m:[0m flushed 172 bytes
[2m2025-12-10T10:19:15.949552Z[0m [34mDEBUG[0m [2mhyper::proto::h1::io[0m[2m:[0m parsed 4 headers
[2m2025-12-10T10:19:15.949561Z[0m [34mDEBUG[0m [2mhyper::proto::h1::conn[0m[2m:[0m incoming body is content-length (45 bytes)
[2m2025-12-10T10:19:15.949568Z[0m [34mDEBUG[0m [2mhyper::proto::h1::conn[0m[2m:[0m incoming body completed
[2m2025-12-10T10:19:15.949576Z[0m [34mDEBUG[0m [2mhyper::client::pool[0m[2m:[0m pooling idle connection for ("http", 192.168.0.14:8545)
[2m2025-12-10T10:19:15.949594Z[0m [34mDEBUG[0m [2mhyper::client::pool[0m[2m:[0m reuse idle connection for ("http", 192.168.0.14:8545)
[2m2025-12-10T10:19:15.949611Z[0m [34mDEBUG[0m [2mhyper::proto::h1::io[0m[2m:[0m flushed 172 bytes
[2m2025-12-10T10:19:15.953380Z[0m [34mDEBUG[0m [2mhyper::proto::h1::io[0m[2m:[0m parsed 4 headers
[2m2025-12-10T10:19:15.964092Z[0m [34mDEBUG[0m [2mhyper::proto::h1::conn[0m[2m:[0m incoming body is content-length (45 bytes)
[2m2025-12-10T10:19:15.964168Z[0m [34mDEBUG[0m [2mhyper::proto::h1::conn[0m[2m:[0m incoming body completed
[2m2025-12-10T10:19:15.964211Z[0m [34mDEBUG[0m [2mhyper::client::pool[0m[2m:[0m pooling idle connection for ("http", 192.168.0.14:8545)
[2m2025-12-10T10:19:15.964244Z[0m [34mDEBUG[0m [2mhyper::client::pool[0m[2m:[0m reuse idle connection for ("http", 192.168.0.14:8545)
[2m2025-12-10T10:19:15.964272Z[0m [34mDEBUG[0m [2mhyper::proto::h1::io[0m[2m:[0m flushed 172 bytes
[2m2025-12-10T10:19:15.968455Z[0m [34mDEBUG[0m [2mhyper::proto::h1::io[0m[2m:[0m parsed 4 headers
[2m2025-12-10T10:19:15.968462Z[0m [34mDEBUG[0m [2mhyper::proto::h1::conn[0m[2m:[0m incoming body is content-length (45 bytes)
[2m2025-12-10T10:19:15.968470Z[0m [34mDEBUG[0m [2mhyper::proto::h1::conn[0m[2m:[0m incoming body completed
[2m2025-12-10T10:19:15.968476Z[0m [34mDEBUG[0m [2mhyper::client::pool[0m[2m:[0m pooling idle connection for ("http", 192.168.0.14:8545)
[2m2025-12-10T10:19:15.968494Z[0m [34mDEBUG[0m [2mhyper::client::pool[0m[2m:[0m reuse idle connection for ("http", 192.168.0.14:8545)
[2m2025-12-10T10:19:15.968520Z[0m [34mDEBUG[0m [2mhyper::proto::h1::io[0m[2m:[0m flushed 172 bytes
[2m2025-12-10T10:19:15.987121Z[0m [34mDEBUG[0m [2mhyper::proto::h1::io[0m[2m:[0m parsed 4 headers
[2m2025-12-10T10:19:15.987143Z[0m [34mDEBUG[0m [2mhyper::proto::h1::conn[0m[2m:[0m incoming body is content-length (45 bytes)
[2m2025-12-10T10:19:15.987161Z[0m [34mDEBUG[0m [2mhyper::proto::h1::conn[0m[2m:[0m incoming body completed
[2m2025-12-10T10:19:15.987190Z[0m [34mDEBUG[0m [2mhyper::client::pool[0m[2m:[0m pooling idle connection for ("http", 192.168.0.14:8545)
[2m2025-12-10T10:19:15.987353Z[0m [34mDEBUG[0m [2mhyper::client::pool[0m[2m:[0m reuse idle connection for ("http", 192.168.0.14:8545)
[2m2025-12-10T10:19:15.987390Z[0m [34mDEBUG[0m [2mhyper::proto::h1::io[0m[2m:[0m flushed 172 bytes
[2m2025-12-10T10:19:15.993465Z[0m [34mDEBUG[0m [2mhyper::proto::h1::io[0m[2m:[0m parsed 4 headers
[2m2025-12-10T10:19:15.993482Z[0m [34mDEBUG[0m [2mhyper::proto::h1::conn[0m[2m:[0m incoming body is content-length (45 bytes)
[2m2025-12-10T10:19:15.993504Z[0m [34mDEBUG[0m [2mhyper::proto::h1::conn[0m[2m:[0m incoming body completed
[2m2025-12-10T10:19:15.993592Z[0m [34mDEBUG[0m [2mhyper::client::pool[0m[2m:[0m pooling idle connection for ("http", 192.168.0.14:8545)
[2m2025-12-10T10:19:15.993621Z[0m [34mDEBUG[0m [2mhyper::client::pool[0m[2m:[0m reuse idle connection for ("http", 192.168.0.14:8545)
[2m2025-12-10T10:19:15.993676Z[0m [34mDEBUG[0m [2mhyper::proto::h1::io[0m[2m:[0m flushed 172 bytes
[2m2025-12-10T10:19:16.002747Z[0m [34mDEBUG[0m [2mhyper::proto::h1::io[0m[2m:[0m parsed 4 headers
[2m2025-12-10T10:19:16.002832Z[0m [34mDEBUG[0m [2mhyper::proto::h1::conn[0m[2m:[0m incoming body is content-length (45 bytes)
[2m2025-12-10T10:19:16.002854Z[0m [34mDEBUG[0m [2mhyper::proto::h1::conn[0m[2m:[0m incoming body completed
[2m2025-12-10T10:19:16.002869Z[0m [34mDEBUG[0m [2mhyper::client::pool[0m[2m:[0m pooling idle connection for ("http", 192.168.0.14:8545)
[2m2025-12-10T10:19:16.002899Z[0m [34mDEBUG[0m [2mhyper::client::pool[0m[2m:[0m reuse idle connection for ("http", 192.168.0.14:8545)
[2m2025-12-10T10:19:16.002968Z[0m [34mDEBUG[0m [2mhyper::proto::h1::io[0m[2m:[0m flushed 172 bytes
[2m2025-12-10T10:19:16.010229Z[0m [34mDEBUG[0m [2mhyper::proto::h1::io[0m[2m:[0m parsed 4 headers
[2m2025-12-10T10:19:16.010270Z[0m [34mDEBUG[0m [2mhyper::proto::h1::conn[0m[2m:[0m incoming body is content-length (45 bytes)
[2m2025-12-10T10:19:16.010290Z[0m [34mDEBUG[0m [2mhyper::proto::h1::conn[0m[2m:[0m incoming body completed
[2m2025-12-10T10:19:16.010313Z[0m [34mDEBUG[0m [2mhyper::client::pool[0m[2m:[0m pooling idle connection for ("http", 192.168.0.14:8545)
[2m2025-12-10T10:19:16.010361Z[0m [34mDEBUG[0m [2mhyper::client::pool[0m[2m:[0m reuse idle connection for ("http", 192.168.0.14:8545)
[2m2025-12-10T10:19:16.010460Z[0m [34mDEBUG[0m [2mhyper::proto::h1::io[0m[2m:[0m flushed 172 bytes
[2m2025-12-10T10:19:16.014310Z[0m [34mDEBUG[0m [2mhyper::proto::h1::io[0m[2m:[0m parsed 4 headers
[2m2025-12-10T10:19:16.014333Z[0m [34mDEBUG[0m [2mhyper::proto::h1::conn[0m[2m:[0m incoming body is content-length (45 bytes)
[2m2025-12-10T10:19:16.014342Z[0m [34mDEBUG[0m [2mhyper::proto::h1::conn[0m[2m:[0m incoming body completed
[2m2025-12-10T10:19:16.014355Z[0m [34mDEBUG[0m [2mhyper::client::pool[0m[2m:[0m pooling idle connection for ("http", 192.168.0.14:8545)
[2m2025-12-10T10:19:16.014382Z[0m [34mDEBUG[0m [2mhyper::client::pool[0m[2m:[0m reuse idle connection for ("http", 192.168.0.14:8545)
[2m2025-12-10T10:19:16.014434Z[0m [34mDEBUG[0m [2mhyper::proto::h1::io[0m[2m:[0m flushed 172 bytes
[2m2025-12-10T10:19:16.017200Z[0m [34mDEBUG[0m [2mhyper::proto::h1::io[0m[2m:[0m parsed 4 headers
[2m2025-12-10T10:19:16.017250Z[0m [34mDEBUG[0m [2mhyper::proto::h1::conn[0m[2m:[0m incoming body is content-length (45 bytes)
[2m2025-12-10T10:19:16.017264Z[0m [34mDEBUG[0m [2mhyper::proto::h1::conn[0m[2m:[0m incoming body completed
[2m2025-12-10T10:19:16.017275Z[0m [34mDEBUG[0m [2mhyper::client::pool[0m[2m:[0m pooling idle connection for ("http", 192.168.0.14:8545)
[2m2025-12-10T10:19:16.017302Z[0m [34mDEBUG[0m [2mhyper::client::pool[0m[2m:[0m reuse idle connection for ("http", 192.168.0.14:8545)
[2m2025-12-10T10:19:16.017339Z[0m [34mDEBUG[0m [2mhyper::proto::h1::io[0m[2m:[0m flushed 172 bytes
[2m2025-12-10T10:19:16.020456Z[0m [34mDEBUG[0m [2mhyper::proto::h1::io[0m[2m:[0m parsed 4 headers
[2m2025-12-10T10:19:16.020473Z[0m [34mDEBUG[0m [2mhyper::proto::h1::conn[0m[2m:[0m incoming body is content-length (45 bytes)
[2m2025-12-10T10:19:16.020501Z[0m [34mDEBUG[0m [2mhyper::proto::h1::conn[0m[2m:[0m incoming body completed
[2m2025-12-10T10:19:16.020544Z[0m [34mDEBUG[0m [2mhyper::client::pool[0m[2m:[0m pooling idle connection for ("http", 192.168.0.14:8545)
[2m2025-12-10T10:19:16.020604Z[0m [34mDEBUG[0m [2mhyper::client::pool[0m[2m:[0m reuse idle connection for ("http", 192.168.0.14:8545)
[2m2025-12-10T10:19:16.020649Z[0m [34mDEBUG[0m [2mhyper::proto::h1::io[0m[2m:[0m flushed 172 bytes
[2m2025-12-10T10:19:16.023414Z[0m [34mDEBUG[0m [2mhyper::proto::h1::io[0m[2m:[0m parsed 4 headers
[2m2025-12-10T10:19:16.023421Z[0m [34mDEBUG[0m [2mhyper::proto::h1::conn[0m[2m:[0m incoming body is content-length (45 bytes)
[2m2025-12-10T10:19:16.023427Z[0m [34mDEBUG[0m [2mhyper::proto::h1::conn[0m[2m:[0m incoming body completed
[2m2025-12-10T10:19:16.023433Z[0m [34mDEBUG[0m [2mhyper::client::pool[0m[2m:[0m pooling idle connection for ("http", 192.168.0.14:8545)
[2m2025-12-10T10:19:16.023448Z[0m [34mDEBUG[0m [2mhyper::client::pool[0m[2m:[0m reuse idle connection for ("http", 192.168.0.14:8545)
[2m2025-12-10T10:19:16.023465Z[0m [34mDEBUG[0m [2mhyper::proto::h1::io[0m[2m:[0m flushed 172 bytes
[2m2025-12-10T10:19:16.038192Z[0m [34mDEBUG[0m [2mhyper::proto::h1::io[0m[2m:[0m parsed 4 headers
[2m2025-12-10T10:19:16.038210Z[0m [34mDEBUG[0m [2mhyper::proto::h1::conn[0m[2m:[0m incoming body is content-length (45 bytes)
[2m2025-12-10T10:19:16.038221Z[0m [34mDEBUG[0m [2mhyper::proto::h1::conn[0m[2m:[0m incoming body completed
[2m2025-12-10T10:19:16.038234Z[0m [34mDEBUG[0m [2mhyper::client::pool[0m[2m:[0m pooling idle connection for ("http", 192.168.0.14:8545)
[2m2025-12-10T10:19:16.038268Z[0m [34mDEBUG[0m [2mhyper::client::pool[0m[2m:[0m reuse idle connection for ("http", 192.168.0.14:8545)
[2m2025-12-10T10:19:16.038294Z[0m [34mDEBUG[0m [2mhyper::proto::h1::io[0m[2m:[0m flushed 172 bytes
[2m2025-12-10T10:19:16.052383Z[0m [34mDEBUG[0m [2mhyper::proto::h1::io[0m[2m:[0m parsed 4 headers
[2m2025-12-10T10:19:16.052421Z[0m [34mDEBUG[0m [2mhyper::proto::h1::conn[0m[2m:[0m incoming body is content-length (45 bytes)
[2m2025-12-10T10:19:16.052436Z[0m [34mDEBUG[0m [2mhyper::proto::h1::conn[0m[2m:[0m incoming body completed
[2m2025-12-10T10:19:16.052462Z[0m [34mDEBUG[0m [2mhyper::client::pool[0m[2m:[0m pooling idle connection for ("http", 192.168.0.14:8545)
[2m2025-12-10T10:19:16.052486Z[0m [34mDEBUG[0m [2mhyper::client::pool[0m[2m:[0m reuse idle connection for ("http", 192.168.0.14:8545)
[2m2025-12-10T10:19:16.052591Z[0m [34mDEBUG[0m [2mhyper::proto::h1::io[0m[2m:[0m flushed 172 bytes
[2m2025-12-10T10:19:16.057529Z[0m [34mDEBUG[0m [2mhyper::proto::h1::io[0m[2m:[0m parsed 4 headers
[2m2025-12-10T10:19:16.057543Z[0m [34mDEBUG[0m [2mhyper::proto::h1::conn[0m[2m:[0m incoming body is content-length (45 bytes)
[2m2025-12-10T10:19:16.057550Z[0m [34mDEBUG[0m [2mhyper::proto::h1::conn[0m[2m:[0m incoming body completed
[2m2025-12-10T10:19:16.057567Z[0m [34mDEBUG[0m [2mhyper::client::pool[0m[2m:[0m pooling idle connection for ("http", 192.168.0.14:8545)
[2m2025-12-10T10:19:16.057677Z[0m [34mDEBUG[0m [2mhyper::client::pool[0m[2m:[0m reuse idle connection for ("http", 192.168.0.14:8545)
[2m2025-12-10T10:19:16.057709Z[0m [34mDEBUG[0m [2mhyper::proto::h1::io[0m[2m:[0m flushed 172 bytes
[2m2025-12-10T10:19:16.062093Z[0m [34mDEBUG[0m [2mhyper::proto::h1::io[0m[2m:[0m parsed 4 headers
[2m2025-12-10T10:19:16.062099Z[0m [34mDEBUG[0m [2mhyper::proto::h1::conn[0m[2m:[0m incoming body is content-length (45 bytes)
[2m2025-12-10T10:19:16.062105Z[0m [34mDEBUG[0m [2mhyper::proto::h1::conn[0m[2m:[0m incoming body completed
[2m2025-12-10T10:19:16.062112Z[0m [34mDEBUG[0m [2mhyper::client::pool[0m[2m:[0m pooling idle connection for ("http", 192.168.0.14:8545)
[2m2025-12-10T10:19:16.062128Z[0m [34mDEBUG[0m [2mhyper::client::pool[0m[2m:[0m reuse idle connection for ("http", 192.168.0.14:8545)
[2m2025-12-10T10:19:16.062145Z[0m [34mDEBUG[0m [2mhyper::proto::h1::io[0m[2m:[0m flushed 172 bytes
[2m2025-12-10T10:19:16.065938Z[0m [34mDEBUG[0m [2mhyper::proto::h1::io[0m[2m:[0m parsed 4 headers
[2m2025-12-10T10:19:16.065963Z[0m [34mDEBUG[0m [2mhyper::proto::h1::conn[0m[2m:[0m incoming body is content-length (45 bytes)
[2m2025-12-10T10:19:16.065977Z[0m [34mDEBUG[0m [2mhyper::proto::h1::conn[0m[2m:[0m incoming body completed
[2m2025-12-10T10:19:16.065985Z[0m [34mDEBUG[0m [2mhyper::client::pool[0m[2m:[0m pooling idle connection for ("http", 192.168.0.14:8545)
[2m2025-12-10T10:19:16.066000Z[0m [34mDEBUG[0m [2mhyper::client::pool[0m[2m:[0m reuse idle connection for ("http", 192.168.0.14:8545)
[2m2025-12-10T10:19:16.066018Z[0m [34mDEBUG[0m [2mhyper::proto::h1::io[0m[2m:[0m flushed 172 bytes
[2m2025-12-10T10:19:16.071493Z[0m [34mDEBUG[0m [2mhyper::proto::h1::io[0m[2m:[0m parsed 4 headers
[2m2025-12-10T10:19:16.071502Z[0m [34mDEBUG[0m [2mhyper::proto::h1::conn[0m[2m:[0m incoming body is content-length (45 bytes)
[2m2025-12-10T10:19:16.071510Z[0m [34mDEBUG[0m [2mhyper::proto::h1::conn[0m[2m:[0m incoming body completed
[2m2025-12-10T10:19:16.071532Z[0m [34mDEBUG[0m [2mhyper::client::pool[0m[2m:[0m pooling idle connection for ("http", 192.168.0.14:8545)
[2m2025-12-10T10:19:16.071602Z[0m [34mDEBUG[0m [2mhyper::client::pool[0m[2m:[0m reuse idle connection for ("http", 192.168.0.14:8545)
[2m2025-12-10T10:19:16.071685Z[0m [34mDEBUG[0m [2mhyper::proto::h1::io[0m[2m:[0m flushed 172 bytes
[2m2025-12-10T10:19:16.076120Z[0m [34mDEBUG[0m [2mhyper::proto::h1::io[0m[2m:[0m parsed 4 headers
[2m2025-12-10T10:19:16.076135Z[0m [34mDEBUG[0m [2mhyper::proto::h1::conn[0m[2m:[0m incoming body is content-length (45 bytes)
[2m2025-12-10T10:19:16.076146Z[0m [34mDEBUG[0m [2mhyper::proto::h1::conn[0m[2m:[0m incoming body completed
[2m2025-12-10T10:19:16.076159Z[0m [34mDEBUG[0m [2mhyper::client::pool[0m[2m:[0m pooling idle connection for ("http", 192.168.0.14:8545)
[2m2025-12-10T10:19:16.076201Z[0m [34mDEBUG[0m [2mhyper::client::pool[0m[2m:[0m reuse idle connection for ("http", 192.168.0.14:8545)
[2m2025-12-10T10:19:16.076382Z[0m [34mDEBUG[0m [2mhyper::proto::h1::io[0m[2m:[0m flushed 172 bytes
[2m2025-12-10T10:19:16.081225Z[0m [34mDEBUG[0m [2mhyper::proto::h1::io[0m[2m:[0m parsed 4 headers
[2m2025-12-10T10:19:16.081239Z[0m [34mDEBUG[0m [2mhyper::proto::h1::conn[0m[2m:[0m incoming body is content-length (45 bytes)
[2m2025-12-10T10:19:16.081248Z[0m [34mDEBUG[0m [2mhyper::proto::h1::conn[0m[2m:[0m incoming body completed
[2m2025-12-10T10:19:16.081261Z[0m [34mDEBUG[0m [2mhyper::client::pool[0m[2m:[0m pooling idle connection for ("http", 192.168.0.14:8545)
[2m2025-12-10T10:19:16.081293Z[0m [34mDEBUG[0m [2mhyper::client::pool[0m[2m:[0m reuse idle connection for ("http", 192.168.0.14:8545)
[2m2025-12-10T10:19:16.081321Z[0m [34mDEBUG[0m [2mhyper::proto::h1::io[0m[2m:[0m flushed 172 bytes
[2m2025-12-10T10:19:16.088459Z[0m [34mDEBUG[0m [2mhyper::proto::h1::io[0m[2m:[0m parsed 4 headers
[2m2025-12-10T10:19:16.088472Z[0m [34mDEBUG[0m [2mhyper::proto::h1::conn[0m[2m:[0m incoming body is content-length (45 bytes)
[2m2025-12-10T10:19:16.088480Z[0m [34mDEBUG[0m [2mhyper::proto::h1::conn[0m[2m:[0m incoming body completed
[2m2025-12-10T10:19:16.088490Z[0m [34mDEBUG[0m [2mhyper::client::pool[0m[2m:[0m pooling idle connection for ("http", 192.168.0.14:8545)
[2m2025-12-10T10:19:16.088547Z[0m [34mDEBUG[0m [2mhyper::client::pool[0m[2m:[0m reuse idle connection for ("http", 192.168.0.14:8545)
[2m2025-12-10T10:19:16.088587Z[0m [34mDEBUG[0m [2mhyper::proto::h1::io[0m[2m:[0m flushed 172 bytes
[2m2025-12-10T10:19:16.088612Z[0m [34mDEBUG[0m [2methereum_transaction_pool_monitor::eth_client[0m[2m:[0m 📨 Received WebSocket message: {"jsonrpc":"2.0","method":"eth_subscription","params":{"subscription":"0xbed0a0851463e895960a451075a301a9","result":"0x86734d9a9868530b81848c3b5b08d7165121d1b90643ca7f8222895c67d6eb54"}}
[2m2025-12-10T10:19:16.088627Z[0m [34mDEBUG[0m [2methereum_transaction_pool_monitor::eth_client[0m[2m:[0m 📨 Received pending transaction: 0x86734d9a9868530b81848c3b5b08d7165121d1b90643ca7f8222895c67d6eb54
[2m2025-12-10T10:19:16.088636Z[0m [34mDEBUG[0m [2methereum_transaction_pool_monitor::eth_client[0m[2m:[0m 📨 Received WebSocket message: {"jsonrpc":"2.0","method":"eth_subscription","params":{"subscription":"0xbed0a0851463e895960a451075a301a9","result":"0x263ef8531711c26155ceb1c16e0ba2488f2134b5f2260f91f49eb9f12f286873"}}
[2m2025-12-10T10:19:16.088643Z[0m [34mDEBUG[0m [2methereum_transaction_pool_monitor::eth_client[0m[2m:[0m 📨 Received pending transaction: 0x263ef8531711c26155ceb1c16e0ba2488f2134b5f2260f91f49eb9f12f286873
[2m2025-12-10T10:19:16.092989Z[0m [34mDEBUG[0m [2mhyper::proto::h1::io[0m[2m:[0m parsed 4 headers
[2m2025-12-10T10:19:16.093094Z[0m [34mDEBUG[0m [2mhyper::proto::h1::conn[0m[2m:[0m incoming body is content-length (45 bytes)
[2m2025-12-10T10:19:16.093175Z[0m [34mDEBUG[0m [2mhyper::proto::h1::conn[0m[2m:[0m incoming body completed
[2m2025-12-10T10:19:16.093201Z[0m [34mDEBUG[0m [2mhyper::client::pool[0m[2m:[0m pooling idle connection for ("http", 192.168.0.14:8545)
[2m2025-12-10T10:19:16.093249Z[0m [34mDEBUG[0m [2mhyper::client::pool[0m[2m:[0m reuse idle connection for ("http", 192.168.0.14:8545)
[2m2025-12-10T10:19:16.093326Z[0m [34mDEBUG[0m [2mhyper::proto::h1::io[0m[2m:[0m flushed 172 bytes
[2m2025-12-10T10:19:16.098199Z[0m [34mDEBUG[0m [2mhyper::proto::h1::io[0m[2m:[0m parsed 4 headers
[2m2025-12-10T10:19:16.098215Z[0m [34mDEBUG[0m [2mhyper::proto::h1::conn[0m[2m:[0m incoming body is content-length (45 bytes)
[2m2025-12-10T10:19:16.098225Z[0m [34mDEBUG[0m [2mhyper::proto::h1::conn[0m[2m:[0m incoming body completed
[2m2025-12-10T10:19:16.098237Z[0m [34mDEBUG[0m [2mhyper::client::pool[0m[2m:[0m pooling idle connection for ("http", 192.168.0.14:8545)
[2m2025-12-10T10:19:16.098266Z[0m [34mDEBUG[0m [2mhyper::client::pool[0m[2m:[0m reuse idle connection for ("http", 192.168.0.14:8545)
[2m2025-12-10T10:19:16.098298Z[0m [34mDEBUG[0m [2mhyper::proto::h1::io[0m[2m:[0m flushed 172 bytes
[2m2025-12-10T10:19:16.103361Z[0m [34mDEBUG[0m [2mhyper::proto::h1::io[0m[2m:[0m parsed 4 headers
[2m2025-12-10T10:19:16.103369Z[0m [34mDEBUG[0m [2mhyper::proto::h1::conn[0m[2m:[0m incoming body is content-length (45 bytes)
[2m2025-12-10T10:19:16.103376Z[0m [34mDEBUG[0m [2mhyper::proto::h1::conn[0m[2m:[0m incoming body completed
[2m2025-12-10T10:19:16.103383Z[0m [34mDEBUG[0m [2mhyper::client::pool[0m[2m:[0m pooling idle connection for ("http", 192.168.0.14:8545)
[2m2025-12-10T10:19:16.103401Z[0m [34mDEBUG[0m [2mhyper::client::pool[0m[2m:[0m reuse idle connection for ("http", 192.168.0.14:8545)
[2m2025-12-10T10:19:16.103428Z[0m [34mDEBUG[0m [2mhyper::proto::h1::io[0m[2m:[0m flushed 172 bytes
[2m2025-12-10T10:19:16.109736Z[0m [34mDEBUG[0m [2mhyper::proto::h1::io[0m[2m:[0m parsed 4 headers
[2m2025-12-10T10:19:16.109744Z[0m [34mDEBUG[0m [2mhyper::proto::h1::conn[0m[2m:[0m incoming body is content-length (45 bytes)
[2m2025-12-10T10:19:16.109750Z[0m [34mDEBUG[0m [2mhyper::proto::h1::conn[0m[2m:[0m incoming body completed
[2m2025-12-10T10:19:16.168308Z[0m [34mDEBUG[0m [2mhyper::client::pool[0m[2m:[0m pooling idle connection for ("http", 192.168.0.14:8545)
[2m2025-12-10T10:19:16.168455Z[0m [34mDEBUG[0m [2mhyper::client::pool[0m[2m:[0m reuse idle connection for ("http", 192.168.0.14:8545)
[2m2025-12-10T10:19:16.168542Z[0m [34mDEBUG[0m [2mhyper::proto::h1::io[0m[2m:[0m flushed 172 bytes
[2m2025-12-10T10:19:16.174705Z[0m [34mDEBUG[0m [2mhyper::proto::h1::io[0m[2m:[0m parsed 4 headers
[2m2025-12-10T10:19:16.176807Z[0m [34mDEBUG[0m [2mhyper::proto::h1::conn[0m[2m:[0m incoming body is content-length (45 bytes)
[2m2025-12-10T10:19:16.176829Z[0m [34mDEBUG[0m [2mhyper::proto::h1::conn[0m[2m:[0m incoming body completed
[2m2025-12-10T10:19:16.176848Z[0m [34mDEBUG[0m [2mhyper::client::pool[0m[2m:[0m pooling idle connection for ("http", 192.168.0.14:8545)
[2m2025-12-10T10:19:16.176996Z[0m [34mDEBUG[0m [2mhyper::client::pool[0m[2m:[0m reuse idle connection for ("http", 192.168.0.14:8545)
[2m2025-12-10T10:19:16.177025Z[0m [34mDEBUG[0m [2mhyper::proto::h1::io[0m[2m:[0m flushed 172 bytes
[2m2025-12-10T10:19:16.179896Z[0m [34mDEBUG[0m [2mhyper::proto::h1::io[0m[2m:[0m parsed 4 headers
[2m2025-12-10T10:19:16.179904Z[0m [34mDEBUG[0m [2mhyper::proto::h1::conn[0m[2m:[0m incoming body is content-length (45 bytes)
[2m2025-12-10T10:19:16.179910Z[0m [34mDEBUG[0m [2mhyper::proto::h1::conn[0m[2m:[0m incoming body completed
[2m2025-12-10T10:19:16.179916Z[0m [34mDEBUG[0m [2mhyper::client::pool[0m[2m:[0m pooling idle connection for ("http", 192.168.0.14:8545)
[2m2025-12-10T10:19:16.179933Z[0m [34mDEBUG[0m [2mhyper::client::pool[0m[2m:[0m reuse idle connection for ("http", 192.168.0.14:8545)
[2m2025-12-10T10:19:16.179949Z[0m [34mDEBUG[0m [2mhyper::proto::h1::io[0m[2m:[0m flushed 172 bytes
[2m2025-12-10T10:19:16.185462Z[0m [34mDEBUG[0m [2mhyper::proto::h1::io[0m[2m:[0m parsed 4 headers
[2m2025-12-10T10:19:16.185471Z[0m [34mDEBUG[0m [2mhyper::proto::h1::conn[0m[2m:[0m incoming body is content-length (45 bytes)
[2m2025-12-10T10:19:16.185477Z[0m [34mDEBUG[0m [2mhyper::proto::h1::conn[0m[2m:[0m incoming body completed
[2m2025-12-10T10:19:16.185483Z[0m [34mDEBUG[0m [2mhyper::client::pool[0m[2m:[0m pooling idle connection for ("http", 192.168.0.14:8545)
[2m2025-12-10T10:19:16.185496Z[0m [34mDEBUG[0m [2mhyper::client::pool[0m[2m:[0m reuse idle connection for ("http", 192.168.0.14:8545)
[2m2025-12-10T10:19:16.185513Z[0m [34mDEBUG[0m [2mhyper::proto::h1::io[0m[2m:[0m flushed 172 bytes
[2m2025-12-10T10:19:16.189345Z[0m [34mDEBUG[0m [2mhyper::proto::h1::io[0m[2m:[0m parsed 4 headers
[2m2025-12-10T10:19:16.189352Z[0m [34mDEBUG[0m [2mhyper::proto::h1::conn[0m[2m:[0m incoming body is content-length (45 bytes)
[2m2025-12-10T10:19:16.189357Z[0m [34mDEBUG[0m [2mhyper::proto::h1::conn[0m[2m:[0m incoming body completed
[2m2025-12-10T10:19:16.189363Z[0m [34mDEBUG[0m [2mhyper::client::pool[0m[2m:[0m pooling idle connection for ("http", 192.168.0.14:8545)
[2m2025-12-10T10:19:16.189374Z[0m [34mDEBUG[0m [2mhyper::client::pool[0m[2m:[0m reuse idle connection for ("http", 192.168.0.14:8545)
[2m2025-12-10T10:19:16.189390Z[0m [34mDEBUG[0m [2mhyper::proto::h1::io[0m[2m:[0m flushed 172 bytes
[2m2025-12-10T10:19:16.193912Z[0m [34mDEBUG[0m [2mhyper::proto::h1::io[0m[2m:[0m parsed 4 headers
[2m2025-12-10T10:19:16.193920Z[0m [34mDEBUG[0m [2mhyper::proto::h1::conn[0m[2m:[0m incoming body is content-length (45 bytes)
[2m2025-12-10T10:19:16.193926Z[0m [34mDEBUG[0m [2mhyper::proto::h1::conn[0m[2m:[0m incoming body completed
[2m2025-12-10T10:19:16.193933Z[0m [34mDEBUG[0m [2mhyper::client::pool[0m[2m:[0m pooling idle connection for ("http", 192.168.0.14:8545)
[2m2025-12-10T10:19:16.193953Z[0m [34mDEBUG[0m [2mhyper::client::pool[0m[2m:[0m reuse idle connection for ("http", 192.168.0.14:8545)
[2m2025-12-10T10:19:16.193971Z[0m [34mDEBUG[0m [2mhyper::proto::h1::io[0m[2m:[0m flushed 172 bytes
[2m2025-12-10T10:19:16.199205Z[0m [34mDEBUG[0m [2mhyper::proto::h1::io[0m[2m:[0m parsed 4 headers
[2m2025-12-10T10:19:16.199214Z[0m [34mDEBUG[0m [2mhyper::proto::h1::conn[0m[2m:[0m incoming body is content-length (45 bytes)
[2m2025-12-10T10:19:16.199219Z[0m [34mDEBUG[0m [2mhyper::proto::h1::conn[0m[2m:[0m incoming body completed
[2m2025-12-10T10:19:16.199226Z[0m [34mDEBUG[0m [2mhyper::client::pool[0m[2m:[0m pooling idle connection for ("http", 192.168.0.14:8545)
[2m2025-12-10T10:19:16.199238Z[0m [34mDEBUG[0m [2mhyper::client::pool[0m[2m:[0m reuse idle connection for ("http", 192.168.0.14:8545)
[2m2025-12-10T10:19:16.199255Z[0m [34mDEBUG[0m [2mhyper::proto::h1::io[0m[2m:[0m flushed 172 bytes
[2m2025-12-10T10:19:16.203626Z[0m [34mDEBUG[0m [2mhyper::proto::h1::io[0m[2m:[0m parsed 4 headers
[2m2025-12-10T10:19:16.203634Z[0m [34mDEBUG[0m [2mhyper::proto::h1::conn[0m[2m:[0m incoming body is content-length (45 bytes)
[2m2025-12-10T10:19:16.203640Z[0m [34mDEBUG[0m [2mhyper::proto::h1::conn[0m[2m:[0m incoming body completed
[2m2025-12-10T10:19:16.203647Z[0m [34mDEBUG[0m [2mhyper::client::pool[0m[2m:[0m pooling idle connection for ("http", 192.168.0.14:8545)
[2m2025-12-10T10:19:16.203660Z[0m [34mDEBUG[0m [2mhyper::client::pool[0m[2m:[0m reuse idle connection for ("http", 192.168.0.14:8545)
[2m2025-12-10T10:19:16.203678Z[0m [34mDEBUG[0m [2mhyper::proto::h1::io[0m[2m:[0m flushed 172 bytes
[2m2025-12-10T10:19:16.207962Z[0m [34mDEBUG[0m [2mhyper::proto::h1::io[0m[2m:[0m parsed 4 headers
[2m2025-12-10T10:19:16.207968Z[0m [34mDEBUG[0m [2mhyper::proto::h1::conn[0m[2m:[0m incoming body is content-length (45 bytes)
[2m2025-12-10T10:19:16.207973Z[0m [34mDEBUG[0m [2mhyper::proto::h1::conn[0m[2m:[0m incoming body completed
[2m2025-12-10T10:19:16.207979Z[0m [34mDEBUG[0m [2mhyper::client::pool[0m[2m:[0m pooling idle connection for ("http", 192.168.0.14:8545)
[2m2025-12-10T10:19:16.207990Z[0m [34mDEBUG[0m [2mhyper::client::pool[0m[2m:[0m reuse idle connection for ("http", 192.168.0.14:8545)
[2m2025-12-10T10:19:16.208006Z[0m [34mDEBUG[0m [2mhyper::proto::h1::io[0m[2m:[0m flushed 172 bytes
[2m2025-12-10T10:19:16.212735Z[0m [34mDEBUG[0m [2mhyper::proto::h1::io[0m[2m:[0m parsed 4 headers
[2m2025-12-10T10:19:16.212741Z[0m [34mDEBUG[0m [2mhyper::proto::h1::conn[0m[2m:[0m incoming body is content-length (45 bytes)
[2m2025-12-10T10:19:16.212745Z[0m [34mDEBUG[0m [2mhyper::proto::h1::conn[0m[2m:[0m incoming body completed
[2m2025-12-10T10:19:16.212751Z[0m [34mDEBUG[0m [2mhyper::client::pool[0m[2m:[0m pooling idle connection for ("http", 192.168.0.14:8545)
[2m2025-12-10T10:19:16.212760Z[0m [34mDEBUG[0m [2mhyper::client::pool[0m[2m:[0m reuse idle connection for ("http", 192.168.0.14:8545)
[2m2025-12-10T10:19:16.212773Z[0m [34mDEBUG[0m [2mhyper::proto::h1::io[0m[2m:[0m flushed 172 bytes
[2m2025-12-10T10:19:16.218567Z[0m [34mDEBUG[0m [2mhyper::proto::h1::io[0m[2m:[0m parsed 4 headers
[2m2025-12-10T10:19:16.218576Z[0m [34mDEBUG[0m [2mhyper::proto::h1::conn[0m[2m:[0m incoming body is content-length (45 bytes)
[2m2025-12-10T10:19:16.218581Z[0m [34mDEBUG[0m [2mhyper::proto::h1::conn[0m[2m:[0m incoming body completed
[2m2025-12-10T10:19:16.218587Z[0m [34mDEBUG[0m [2mhyper::client::pool[0m[2m:[0m pooling idle connection for ("http", 192.168.0.14:8545)
[2m2025-12-10T10:19:16.218598Z[0m [34mDEBUG[0m [2mhyper::client::pool[0m[2m:[0m reuse idle connection for ("http", 192.168.0.14:8545)
[2m2025-12-10T10:19:16.218613Z[0m [34mDEBUG[0m [2mhyper::proto::h1::io[0m[2m:[0m flushed 172 bytes
[2m2025-12-10T10:19:16.222769Z[0m [34mDEBUG[0m [2mhyper::proto::h1::io[0m[2m:[0m parsed 4 headers
[2m2025-12-10T10:19:16.222776Z[0m [34mDEBUG[0m [2mhyper::proto::h1::conn[0m[2m:[0m incoming body is content-length (45 bytes)
[2m2025-12-10T10:19:16.222781Z[0m [34mDEBUG[0m [2mhyper::proto::h1::conn[0m[2m:[0m incoming body completed
[2m2025-12-10T10:19:16.222786Z[0m [34mDEBUG[0m [2mhyper::client::pool[0m[2m:[0m pooling idle connection for ("http", 192.168.0.14:8545)
[2m2025-12-10T10:19:16.222795Z[0m [34mDEBUG[0m [2mhyper::client::pool[0m[2m:[0m reuse idle connection for ("http", 192.168.0.14:8545)
[2m2025-12-10T10:19:16.222809Z[0m [34mDEBUG[0m [2mhyper::proto::h1::io[0m[2m:[0m flushed 172 bytes
[2m2025-12-10T10:19:16.228046Z[0m [34mDEBUG[0m [2mhyper::proto::h1::io[0m[2m:[0m parsed 4 headers
[2m2025-12-10T10:19:16.228054Z[0m [34mDEBUG[0m [2mhyper::proto::h1::conn[0m[2m:[0m incoming body is content-length (45 bytes)
[2m2025-12-10T10:19:16.228059Z[0m [34mDEBUG[0m [2mhyper::proto::h1::conn[0m[2m:[0m incoming body completed
[2m2025-12-10T10:19:16.228066Z[0m [34mDEBUG[0m [2mhyper::client::pool[0m[2m:[0m pooling idle connection for ("http", 192.168.0.14:8545)
[2m2025-12-10T10:19:16.228077Z[0m [34mDEBUG[0m [2mhyper::client::pool[0m[2m:[0m reuse idle connection for ("http", 192.168.0.14:8545)
[2m2025-12-10T10:19:16.228094Z[0m [34mDEBUG[0m [2mhyper::proto::h1::io[0m[2m:[0m flushed 172 bytes
[2m2025-12-10T10:19:16.234099Z[0m [34mDEBUG[0m [2methereum_transaction_pool_monitor::eth_client[0m[2m:[0m 📨 Received WebSocket message: {"jsonrpc":"2.0","method":"eth_subscription","params":{"subscription":"0xbed0a0851463e895960a451075a301a9","result":"0x77d4ec80f6e1bc7bae5c176522096e97c7a9220df59ae34f6cac3e686dba22bc"}}
[2m2025-12-10T10:19:16.234114Z[0m [34mDEBUG[0m [2methereum_transaction_pool_monitor::eth_client[0m[2m:[0m 📨 Received pending transaction: 0x77d4ec80f6e1bc7bae5c176522096e97c7a9220df59ae34f6cac3e686dba22bc
[2m2025-12-10T10:19:16.234852Z[0m [34mDEBUG[0m [2mhyper::proto::h1::io[0m[2m:[0m parsed 4 headers
[2m2025-12-10T10:19:16.234899Z[0m [34mDEBUG[0m [2mhyper::proto::h1::conn[0m[2m:[0m incoming body is content-length (45 bytes)
[2m2025-12-10T10:19:16.234933Z[0m [34mDEBUG[0m [2mhyper::proto::h1::conn[0m[2m:[0m incoming body completed
[2m2025-12-10T10:19:16.234963Z[0m [34mDEBUG[0m [2mhyper::client::pool[0m[2m:[0m pooling idle connection for ("http", 192.168.0.14:8545)
[2m2025-12-10T10:19:16.235027Z[0m [34mDEBUG[0m [2mhyper::client::pool[0m[2m:[0m reuse idle connection for ("http", 192.168.0.14:8545)
[2m2025-12-10T10:19:16.235135Z[0m [34mDEBUG[0m [2mhyper::proto::h1::io[0m[2m:[0m flushed 172 bytes
[2m2025-12-10T10:19:16.240191Z[0m [34mDEBUG[0m [2mhyper::proto::h1::io[0m[2m:[0m parsed 4 headers
[2m2025-12-10T10:19:16.240203Z[0m [34mDEBUG[0m [2mhyper::proto::h1::conn[0m[2m:[0m incoming body is content-length (45 bytes)
[2m2025-12-10T10:19:16.240210Z[0m [34mDEBUG[0m [2mhyper::proto::h1::conn[0m[2m:[0m incoming body completed
[2m2025-12-10T10:19:16.240219Z[0m [34mDEBUG[0m [2mhyper::client::pool[0m[2m:[0m pooling idle connection for ("http", 192.168.0.14:8545)
[2m2025-12-10T10:19:16.240240Z[0m [34mDEBUG[0m [2mhyper::client::pool[0m[2m:[0m reuse idle connection for ("http", 192.168.0.14:8545)
[2m2025-12-10T10:19:16.240264Z[0m [34mDEBUG[0m [2mhyper::proto::h1::io[0m[2m:[0m flushed 172 bytes
[2m2025-12-10T10:19:16.245792Z[0m [34mDEBUG[0m [2mhyper::proto::h1::io[0m[2m:[0m parsed 4 headers
[2m2025-12-10T10:19:16.245800Z[0m [34mDEBUG[0m [2mhyper::proto::h1::conn[0m[2m:[0m incoming body is content-length (45 bytes)
[2m2025-12-10T10:19:16.245806Z[0m [34mDEBUG[0m [2mhyper::proto::h1::conn[0m[2m:[0m incoming body completed
[2m2025-12-10T10:19:16.245817Z[0m [34mDEBUG[0m [2mhyper::client::pool[0m[2m:[0m pooling idle connection for ("http", 192.168.0.14:8545)
[2m2025-12-10T10:19:16.245834Z[0m [34mDEBUG[0m [2mhyper::client::pool[0m[2m:[0m reuse idle connection for ("http", 192.168.0.14:8545)
[2m2025-12-10T10:19:16.245872Z[0m [34mDEBUG[0m [2mhyper::proto::h1::io[0m[2m:[0m flushed 172 bytes
[2m2025-12-10T10:19:16.249825Z[0m [34mDEBUG[0m [2mhyper::proto::h1::io[0m[2m:[0m parsed 4 headers
[2m2025-12-10T10:19:16.249833Z[0m [34mDEBUG[0m [2mhyper::proto::h1::conn[0m[2m:[0m incoming body is content-length (45 bytes)
[2m2025-12-10T10:19:16.249841Z[0m [34mDEBUG[0m [2mhyper::proto::h1::conn[0m[2m:[0m incoming body completed
[2m2025-12-10T10:19:16.249846Z[0m [34mDEBUG[0m [2mhyper::client::pool[0m[2m:[0m pooling idle connection for ("http", 192.168.0.14:8545)
[2m2025-12-10T10:19:16.249859Z[0m [34mDEBUG[0m [2mhyper::client::pool[0m[2m:[0m reuse idle connection for ("http", 192.168.0.14:8545)
[2m2025-12-10T10:19:16.249875Z[0m [34mDEBUG[0m [2mhyper::proto::h1::io[0m[2m:[0m flushed 172 bytes
[2m2025-12-10T10:19:16.254418Z[0m [34mDEBUG[0m [2mhyper::proto::h1::io[0m[2m:[0m parsed 4 headers
[2m2025-12-10T10:19:16.254424Z[0m [34mDEBUG[0m [2mhyper::proto::h1::conn[0m[2m:[0m incoming body is content-length (45 bytes)
[2m2025-12-10T10:19:16.254429Z[0m [34mDEBUG[0m [2mhyper::proto::h1::conn[0m[2m:[0m incoming body completed
[2m2025-12-10T10:19:16.254435Z[0m [34mDEBUG[0m [2mhyper::client::pool[0m[2m:[0m pooling idle connection for ("http", 192.168.0.14:8545)
[2m2025-12-10T10:19:16.254444Z[0m [34mDEBUG[0m [2mhyper::client::pool[0m[2m:[0m reuse idle connection for ("http", 192.168.0.14:8545)
[2m2025-12-10T10:19:16.254458Z[0m [34mDEBUG[0m [2mhyper::proto::h1::io[0m[2m:[0m flushed 172 bytes
[2m2025-12-10T10:19:16.260908Z[0m [34mDEBUG[0m [2mhyper::proto::h1::io[0m[2m:[0m parsed 4 headers
[2m2025-12-10T10:19:16.260914Z[0m [34mDEBUG[0m [2mhyper::proto::h1::conn[0m[2m:[0m incoming body is content-length (45 bytes)
[2m2025-12-10T10:19:16.260919Z[0m [34mDEBUG[0m [2mhyper::proto::h1::conn[0m[2m:[0m incoming body completed
[2m2025-12-10T10:19:16.260925Z[0m [34mDEBUG[0m [2mhyper::client::pool[0m[2m:[0m pooling idle connection for ("http", 192.168.0.14:8545)
[2m2025-12-10T10:19:16.260936Z[0m [34mDEBUG[0m [2mhyper::client::pool[0m[2m:[0m reuse idle connection for ("http", 192.168.0.14:8545)
[2m2025-12-10T10:19:16.260949Z[0m [34mDEBUG[0m [2mhyper::proto::h1::io[0m[2m:[0m flushed 172 bytes
[2m2025-12-10T10:19:16.265633Z[0m [34mDEBUG[0m [2mhyper::proto::h1::io[0m[2m:[0m parsed 4 headers
[2m2025-12-10T10:19:16.265640Z[0m [34mDEBUG[0m [2mhyper::proto::h1::conn[0m[2m:[0m incoming body is content-length (45 bytes)
[2m2025-12-10T10:19:16.265647Z[0m [34mDEBUG[0m [2mhyper::proto::h1::conn[0m[2m:[0m incoming body completed
[2m2025-12-10T10:19:16.265653Z[0m [34mDEBUG[0m [2mhyper::client::pool[0m[2m:[0m pooling idle connection for ("http", 192.168.0.14:8545)
[2m2025-12-10T10:19:16.265665Z[0m [34mDEBUG[0m [2mhyper::client::pool[0m[2m:[0m reuse idle connection for ("http", 192.168.0.14:8545)
[2m2025-12-10T10:19:16.265682Z[0m [34mDEBUG[0m [2mhyper::proto::h1::io[0m[2m:[0m flushed 172 bytes
[2m2025-12-10T10:19:16.270344Z[0m [34mDEBUG[0m [2mhyper::proto::h1::io[0m[2m:[0m parsed 4 headers
[2m2025-12-10T10:19:16.270350Z[0m [34mDEBUG[0m [2mhyper::proto::h1::conn[0m[2m:[0m incoming body is content-length (45 bytes)
[2m2025-12-10T10:19:16.270355Z[0m [34mDEBUG[0m [2mhyper::proto::h1::conn[0m[2m:[0m incoming body completed
[2m2025-12-10T10:19:16.270360Z[0m [34mDEBUG[0m [2mhyper::client::pool[0m[2m:[0m pooling idle connection for ("http", 192.168.0.14:8545)
[2m2025-12-10T10:19:16.270370Z[0m [34mDEBUG[0m [2mhyper::client::pool[0m[2m:[0m reuse idle connection for ("http", 192.168.0.14:8545)
[2m2025-12-10T10:19:16.270384Z[0m [34mDEBUG[0m [2mhyper::proto::h1::io[0m[2m:[0m flushed 172 bytes
[2m2025-12-10T10:19:16.276623Z[0m [34mDEBUG[0m [2mhyper::proto::h1::io[0m[2m:[0m parsed 4 headers
[2m2025-12-10T10:19:16.276629Z[0m [34mDEBUG[0m [2mhyper::proto::h1::conn[0m[2m:[0m incoming body is content-length (45 bytes)
[2m2025-12-10T10:19:16.276633Z[0m [34mDEBUG[0m [2mhyper::proto::h1::conn[0m[2m:[0m incoming body completed
[2m2025-12-10T10:19:16.276638Z[0m [34mDEBUG[0m [2mhyper::client::pool[0m[2m:[0m pooling idle connection for ("http", 192.168.0.14:8545)
[2m2025-12-10T10:19:16.286860Z[0m [34mDEBUG[0m [2mhyper::client::pool[0m[2m:[0m reuse idle connection for ("http", 192.168.0.14:8545)
[2m2025-12-10T10:19:16.286896Z[0m [34mDEBUG[0m [2mhyper::proto::h1::io[0m[2m:[0m flushed 172 bytes
[2m2025-12-10T10:19:16.295247Z[0m [34mDEBUG[0m [2mhyper::proto::h1::io[0m[2m:[0m parsed 4 headers
[2m2025-12-10T10:19:16.295258Z[0m [34mDEBUG[0m [2mhyper::proto::h1::conn[0m[2m:[0m incoming body is content-length (45 bytes)
[2m2025-12-10T10:19:16.295415Z[0m [34mDEBUG[0m [2mhyper::proto::h1::conn[0m[2m:[0m incoming body completed
[2m2025-12-10T10:19:16.295425Z[0m [34mDEBUG[0m [2mhyper::client::pool[0m[2m:[0m pooling idle connection for ("http", 192.168.0.14:8545)
[2m2025-12-10T10:19:16.295446Z[0m [34mDEBUG[0m [2mhyper::client::pool[0m[2m:[0m reuse idle connection for ("http", 192.168.0.14:8545)
[2m2025-12-10T10:19:16.295465Z[0m [34mDEBUG[0m [2mhyper::proto::h1::io[0m[2m:[0m flushed 172 bytes
[2m2025-12-10T10:19:16.299372Z[0m [34mDEBUG[0m [2mhyper::proto::h1::io[0m[2m:[0m parsed 4 headers
[2m2025-12-10T10:19:16.299378Z[0m [34mDEBUG[0m [2mhyper::proto::h1::conn[0m[2m:[0m incoming body is content-length (45 bytes)
[2m2025-12-10T10:19:16.299384Z[0m [34mDEBUG[0m [2mhyper::proto::h1::conn[0m[2m:[0m incoming body completed
[2m2025-12-10T10:19:16.299389Z[0m [34mDEBUG[0m [2mhyper::client::pool[0m[2m:[0m pooling idle connection for ("http", 192.168.0.14:8545)
[2m2025-12-10T10:19:16.299403Z[0m [34mDEBUG[0m [2mhyper::client::pool[0m[2m:[0m reuse idle connection for ("http", 192.168.0.14:8545)
[2m2025-12-10T10:19:16.299418Z[0m [34mDEBUG[0m [2mhyper::proto::h1::io[0m[2m:[0m flushed 172 bytes
[2m2025-12-10T10:19:16.303210Z[0m [34mDEBUG[0m [2mhyper::proto::h1::io[0m[2m:[0m parsed 4 headers
[2m2025-12-10T10:19:16.303219Z[0m [34mDEBUG[0m [2mhyper::proto::h1::conn[0m[2m:[0m incoming body is content-length (45 bytes)
[2m2025-12-10T10:19:16.303232Z[0m [34mDEBUG[0m [2mhyper::proto::h1::conn[0m[2m:[0m incoming body completed
[2m2025-12-10T10:19:16.303240Z[0m [34mDEBUG[0m [2mhyper::client::pool[0m[2m:[0m pooling idle connection for ("http", 192.168.0.14:8545)
[2m2025-12-10T10:19:16.303253Z[0m [34mDEBUG[0m [2mhyper::client::pool[0m[2m:[0m reuse idle connection for ("http", 192.168.0.14:8545)
[2m2025-12-10T10:19:16.303268Z[0m [34mDEBUG[0m [2mhyper::proto::h1::io[0m[2m:[0m flushed 172 bytes
[2m2025-12-10T10:19:16.308560Z[0m [34mDEBUG[0m [2mhyper::proto::h1::io[0m[2m:[0m parsed 4 headers
[2m2025-12-10T10:19:16.312094Z[0m [34mDEBUG[0m [2mhyper::proto::h1::conn[0m[2m:[0m incoming body is content-length (45 bytes)
[2m2025-12-10T10:19:16.312112Z[0m [34mDEBUG[0m [2mhyper::proto::h1::conn[0m[2m:[0m incoming body completed
[2m2025-12-10T10:19:16.312120Z[0m [34mDEBUG[0m [2mhyper::client::pool[0m[2m:[0m pooling idle connection for ("http", 192.168.0.14:8545)
[2m2025-12-10T10:19:16.312141Z[0m [34mDEBUG[0m [2mhyper::client::pool[0m[2m:[0m reuse idle connection for ("http", 192.168.0.14:8545)
[2m2025-12-10T10:19:16.312166Z[0m [34mDEBUG[0m [2mhyper::proto::h1::io[0m[2m:[0m flushed 172 bytes
[2m2025-12-10T10:19:16.315204Z[0m [34mDEBUG[0m [2mhyper::proto::h1::io[0m[2m:[0m parsed 4 headers
[2m2025-12-10T10:19:16.315211Z[0m [34mDEBUG[0m [2mhyper::proto::h1::conn[0m[2m:[0m incoming body is content-length (45 bytes)
[2m2025-12-10T10:19:16.315217Z[0m [34mDEBUG[0m [2mhyper::proto::h1::conn[0m[2m:[0m incoming body completed
[2m2025-12-10T10:19:16.315223Z[0m [34mDEBUG[0m [2mhyper::client::pool[0m[2m:[0m pooling idle connection for ("http", 192.168.0.14:8545)
[2m2025-12-10T10:19:16.315243Z[0m [34mDEBUG[0m [2mhyper::client::pool[0m[2m:[0m reuse idle connection for ("http", 192.168.0.14:8545)
[2m2025-12-10T10:19:16.315265Z[0m [34mDEBUG[0m [2mhyper::proto::h1::io[0m[2m:[0m flushed 172 bytes
[2m2025-12-10T10:19:16.318879Z[0m [34mDEBUG[0m [2mhyper::proto::h1::io[0m[2m:[0m parsed 4 headers
[2m2025-12-10T10:19:16.318885Z[0m [34mDEBUG[0m [2mhyper::proto::h1::conn[0m[2m:[0m incoming body is content-length (45 bytes)
[2m2025-12-10T10:19:16.318890Z[0m [34mDEBUG[0m [2mhyper::proto::h1::conn[0m[2m:[0m incoming body completed
[2m2025-12-10T10:19:16.318895Z[0m [34mDEBUG[0m [2mhyper::client::pool[0m[2m:[0m pooling idle connection for ("http", 192.168.0.14:8545)
[2m2025-12-10T10:19:16.318906Z[0m [34mDEBUG[0m [2mhyper::client::pool[0m[2m:[0m reuse idle connection for ("http", 192.168.0.14:8545)
[2m2025-12-10T10:19:16.318919Z[0m [34mDEBUG[0m [2mhyper::proto::h1::io[0m[2m:[0m flushed 172 bytes
[2m2025-12-10T10:19:16.322750Z[0m [34mDEBUG[0m [2mhyper::proto::h1::io[0m[2m:[0m parsed 4 headers
[2m2025-12-10T10:19:16.322756Z[0m [34mDEBUG[0m [2mhyper::proto::h1::conn[0m[2m:[0m incoming body is content-length (45 bytes)
[2m2025-12-10T10:19:16.322761Z[0m [34mDEBUG[0m [2mhyper::proto::h1::conn[0m[2m:[0m incoming body completed
[2m2025-12-10T10:19:16.322766Z[0m [34mDEBUG[0m [2mhyper::client::pool[0m[2m:[0m pooling idle connection for ("http", 192.168.0.14:8545)
[2m2025-12-10T10:19:16.322775Z[0m [34mDEBUG[0m [2mhyper::client::pool[0m[2m:[0m reuse idle connection for ("http", 192.168.0.14:8545)
[2m2025-12-10T10:19:16.322788Z[0m [34mDEBUG[0m [2mhyper::proto::h1::io[0m[2m:[0m flushed 172 bytes
[2m2025-12-10T10:19:16.327024Z[0m [34mDEBUG[0m [2mhyper::proto::h1::io[0m[2m:[0m parsed 4 headers
[2m2025-12-10T10:19:16.327032Z[0m [34mDEBUG[0m [2mhyper::proto::h1::conn[0m[2m:[0m incoming body is content-length (45 bytes)
[2m2025-12-10T10:19:16.327038Z[0m [34mDEBUG[0m [2mhyper::proto::h1::conn[0m[2m:[0m incoming body completed
[2m2025-12-10T10:19:16.327045Z[0m [34mDEBUG[0m [2mhyper::client::pool[0m[2m:[0m pooling idle connection for ("http", 192.168.0.14:8545)
[2m2025-12-10T10:19:16.327060Z[0m [34mDEBUG[0m [2mhyper::client::pool[0m[2m:[0m reuse idle connection for ("http", 192.168.0.14:8545)
[2m2025-12-10T10:19:16.327077Z[0m [34mDEBUG[0m [2mhyper::proto::h1::io[0m[2m:[0m flushed 172 bytes
[2m2025-12-10T10:19:16.331854Z[0m [34mDEBUG[0m [2mhyper::proto::h1::io[0m[2m:[0m parsed 4 headers
[2m2025-12-10T10:19:16.331860Z[0m [34mDEBUG[0m [2mhyper::proto::h1::conn[0m[2m:[0m incoming body is content-length (45 bytes)
[2m2025-12-10T10:19:16.331865Z[0m [34mDEBUG[0m [2mhyper::proto::h1::conn[0m[2m:[0m incoming body completed
[2m2025-12-10T10:19:16.331870Z[0m [34mDEBUG[0m [2mhyper::client::pool[0m[2m:[0m pooling idle connection for ("http", 192.168.0.14:8545)
[2m2025-12-10T10:19:16.331880Z[0m [34mDEBUG[0m [2mhyper::client::pool[0m[2m:[0m reuse idle connection for ("http", 192.168.0.14:8545)
[2m2025-12-10T10:19:16.331894Z[0m [34mDEBUG[0m [2mhyper::proto::h1::io[0m[2m:[0m flushed 172 bytes
[2m2025-12-10T10:19:16.336864Z[0m [34mDEBUG[0m [2mhyper::proto::h1::io[0m[2m:[0m parsed 4 headers
[2m2025-12-10T10:19:16.336870Z[0m [34mDEBUG[0m [2mhyper::proto::h1::conn[0m[2m:[0m incoming body is content-length (45 bytes)
[2m2025-12-10T10:19:16.336875Z[0m [34mDEBUG[0m [2mhyper::proto::h1::conn[0m[2m:[0m incoming body completed
[2m2025-12-10T10:19:16.336881Z[0m [34mDEBUG[0m [2mhyper::client::pool[0m[2m:[0m pooling idle connection for ("http", 192.168.0.14:8545)
[2m2025-12-10T10:19:16.336892Z[0m [34mDEBUG[0m [2mhyper::client::pool[0m[2m:[0m reuse idle connection for ("http", 192.168.0.14:8545)
[2m2025-12-10T10:19:16.336907Z[0m [34mDEBUG[0m [2mhyper::proto::h1::io[0m[2m:[0m flushed 172 bytes
[2m2025-12-10T10:19:16.341165Z[0m [34mDEBUG[0m [2mhyper::proto::h1::io[0m[2m:[0m parsed 4 headers
[2m2025-12-10T10:19:16.341174Z[0m [34mDEBUG[0m [2mhyper::proto::h1::conn[0m[2m:[0m incoming body is content-length (45 bytes)
[2m2025-12-10T10:19:16.341181Z[0m [34mDEBUG[0m [2mhyper::proto::h1::conn[0m[2m:[0m incoming body completed
[2m2025-12-10T10:19:16.341190Z[0m [34mDEBUG[0m [2mhyper::client::pool[0m[2m:[0m pooling idle connection for ("http", 192.168.0.14:8545)
[2m2025-12-10T10:19:16.341205Z[0m [34mDEBUG[0m [2mhyper::client::pool[0m[2m:[0m reuse idle connection for ("http", 192.168.0.14:8545)
[2m2025-12-10T10:19:16.341292Z[0m [34mDEBUG[0m [2mhyper::proto::h1::io[0m[2m:[0m flushed 172 bytes
[2m2025-12-10T10:19:16.346838Z[0m [34mDEBUG[0m [2mhyper::proto::h1::io[0m[2m:[0m parsed 4 headers
[2m2025-12-10T10:19:16.346892Z[0m [34mDEBUG[0m [2mhyper::proto::h1::conn[0m[2m:[0m incoming body is content-length (45 bytes)
[2m2025-12-10T10:19:16.346900Z[0m [34mDEBUG[0m [2mhyper::proto::h1::conn[0m[2m:[0m incoming body completed
[2m2025-12-10T10:19:16.346908Z[0m [34mDEBUG[0m [2mhyper::client::pool[0m[2m:[0m pooling idle connection for ("http", 192.168.0.14:8545)
[2m2025-12-10T10:19:16.346923Z[0m [34mDEBUG[0m [2mhyper::client::pool[0m[2m:[0m reuse idle connection for ("http", 192.168.0.14:8545)
[2m2025-12-10T10:19:16.346962Z[0m [34mDEBUG[0m [2mhyper::proto::h1::io[0m[2m:[0m flushed 172 bytes
[2m2025-12-10T10:19:16.357418Z[0m [34mDEBUG[0m [2mhyper::proto::h1::io[0m[2m:[0m parsed 4 headers
[2m2025-12-10T10:19:16.357464Z[0m [34mDEBUG[0m [2mhyper::proto::h1::conn[0m[2m:[0m incoming body is content-length (45 bytes)
[2m2025-12-10T10:19:16.357579Z[0m [34mDEBUG[0m [2mhyper::proto::h1::conn[0m[2m:[0m incoming body completed
[2m2025-12-10T10:19:16.357627Z[0m [34mDEBUG[0m [2mhyper::client::pool[0m[2m:[0m pooling idle connection for ("http", 192.168.0.14:8545)
[2m2025-12-10T10:19:16.357680Z[0m [34mDEBUG[0m [2mhyper::client::pool[0m[2m:[0m reuse idle connection for ("http", 192.168.0.14:8545)
[2m2025-12-10T10:19:16.357773Z[0m [34mDEBUG[0m [2mhyper::proto::h1::io[0m[2m:[0m flushed 172 bytes
[2m2025-12-10T10:19:16.362945Z[0m [34mDEBUG[0m [2mhyper::proto::h1::io[0m[2m:[0m parsed 4 headers
[2m2025-12-10T10:19:16.362958Z[0m [34mDEBUG[0m [2mhyper::proto::h1::conn[0m[2m:[0m incoming body is content-length (45 bytes)
[2m2025-12-10T10:19:16.362967Z[0m [34mDEBUG[0m [2mhyper::proto::h1::conn[0m[2m:[0m incoming body completed
[2m2025-12-10T10:19:16.362978Z[0m [34mDEBUG[0m [2mhyper::client::pool[0m[2m:[0m pooling idle connection for ("http", 192.168.0.14:8545)
[2m2025-12-10T10:19:16.363007Z[0m [34mDEBUG[0m [2mhyper::client::pool[0m[2m:[0m reuse idle connection for ("http", 192.168.0.14:8545)
[2m2025-12-10T10:19:16.363040Z[0m [34mDEBUG[0m [2mhyper::proto::h1::io[0m[2m:[0m flushed 172 bytes
[2m2025-12-10T10:19:16.370170Z[0m [34mDEBUG[0m [2mhyper::proto::h1::io[0m[2m:[0m parsed 4 headers
[2m2025-12-10T10:19:16.370179Z[0m [34mDEBUG[0m [2mhyper::proto::h1::conn[0m[2m:[0m incoming body is content-length (45 bytes)
[2m2025-12-10T10:19:16.370186Z[0m [34mDEBUG[0m [2mhyper::proto::h1::conn[0m[2m:[0m incoming body completed
[2m2025-12-10T10:19:16.370193Z[0m [34mDEBUG[0m [2mhyper::client::pool[0m[2m:[0m pooling idle connection for ("http", 192.168.0.14:8545)
[2m2025-12-10T10:19:16.370212Z[0m [34mDEBUG[0m [2mhyper::client::pool[0m[2m:[0m reuse idle connection for ("http", 192.168.0.14:8545)
[2m2025-12-10T10:19:16.370234Z[0m [34mDEBUG[0m [2mhyper::proto::h1::io[0m[2m:[0m flushed 172 bytes
[2m2025-12-10T10:19:16.375839Z[0m [34mDEBUG[0m [2mhyper::proto::h1::io[0m[2m:[0m parsed 4 headers
[2m2025-12-10T10:19:16.375851Z[0m [34mDEBUG[0m [2mhyper::proto::h1::conn[0m[2m:[0m incoming body is content-length (45 bytes)
[2m2025-12-10T10:19:16.375859Z[0m [34mDEBUG[0m [2mhyper::proto::h1::conn[0m[2m:[0m incoming body completed
[2m2025-12-10T10:19:16.375866Z[0m [34mDEBUG[0m [2mhyper::client::pool[0m[2m:[0m pooling idle connection for ("http", 192.168.0.14:8545)
[2m2025-12-10T10:19:16.375885Z[0m [34mDEBUG[0m [2mhyper::client::pool[0m[2m:[0m reuse idle connection for ("http", 192.168.0.14:8545)
[2m2025-12-10T10:19:16.375907Z[0m [34mDEBUG[0m [2mhyper::proto::h1::io[0m[2m:[0m flushed 172 bytes
[2m2025-12-10T10:19:16.383014Z[0m [34mDEBUG[0m [2mhyper::proto::h1::io[0m[2m:[0m parsed 4 headers
[2m2025-12-10T10:19:16.383037Z[0m [34mDEBUG[0m [2mhyper::proto::h1::conn[0m[2m:[0m incoming body is content-length (45 bytes)
[2m2025-12-10T10:19:16.383046Z[0m [34mDEBUG[0m [2mhyper::proto::h1::conn[0m[2m:[0m incoming body completed
[2m2025-12-10T10:19:16.383057Z[0m [34mDEBUG[0m [2mhyper::client::pool[0m[2m:[0m pooling idle connection for ("http", 192.168.0.14:8545)
[2m2025-12-10T10:19:16.383082Z[0m [34mDEBUG[0m [2mhyper::client::pool[0m[2m:[0m reuse idle connection for ("http", 192.168.0.14:8545)
[2m2025-12-10T10:19:16.383118Z[0m [34mDEBUG[0m [2mhyper::proto::h1::io[0m[2m:[0m flushed 172 bytes
[2m2025-12-10T10:19:16.387126Z[0m [34mDEBUG[0m [2mhyper::proto::h1::io[0m[2m:[0m parsed 4 headers
[2m2025-12-10T10:19:16.387136Z[0m [34mDEBUG[0m [2mhyper::proto::h1::conn[0m[2m:[0m incoming body is content-length (45 bytes)
[2m2025-12-10T10:19:16.387143Z[0m [34mDEBUG[0m [2mhyper::proto::h1::conn[0m[2m:[0m incoming body completed
[2m2025-12-10T10:19:16.387151Z[0m [34mDEBUG[0m [2mhyper::client::pool[0m[2m:[0m pooling idle connection for ("http", 192.168.0.14:8545)
[2m2025-12-10T10:19:16.387171Z[0m [34mDEBUG[0m [2mhyper::client::pool[0m[2m:[0m reuse idle connection for ("http", 192.168.0.14:8545)
[2m2025-12-10T10:19:16.387192Z[0m [34mDEBUG[0m [2mhyper::proto::h1::io[0m[2m:[0m flushed 172 bytes
[2m2025-12-10T10:19:16.391267Z[0m [34mDEBUG[0m [2mhyper::proto::h1::io[0m[2m:[0m parsed 4 headers
[2m2025-12-10T10:19:16.391273Z[0m [34mDEBUG[0m [2mhyper::proto::h1::conn[0m[2m:[0m incoming body is content-length (45 bytes)
[2m2025-12-10T10:19:16.391278Z[0m [34mDEBUG[0m [2mhyper::proto::h1::conn[0m[2m:[0m incoming body completed
[2m2025-12-10T10:19:16.391285Z[0m [34mDEBUG[0m [2mhyper::client::pool[0m[2m:[0m pooling idle connection for ("http", 192.168.0.14:8545)
[2m2025-12-10T10:19:16.391299Z[0m [34mDEBUG[0m [2mhyper::client::pool[0m[2m:[0m reuse idle connection for ("http", 192.168.0.14:8545)
[2m2025-12-10T10:19:16.391316Z[0m [34mDEBUG[0m [2mhyper::proto::h1::io[0m[2m:[0m flushed 172 bytes
[2m2025-12-10T10:19:16.397010Z[0m [34mDEBUG[0m [2mhyper::proto::h1::io[0m[2m:[0m parsed 4 headers
[2m2025-12-10T10:19:16.397056Z[0m [34mDEBUG[0m [2mhyper::proto::h1::conn[0m[2m:[0m incoming body is content-length (45 bytes)
[2m2025-12-10T10:19:16.397071Z[0m [34mDEBUG[0m [2mhyper::proto::h1::conn[0m[2m:[0m incoming body completed
[2m2025-12-10T10:19:16.397079Z[0m [34mDEBUG[0m [2mhyper::client::pool[0m[2m:[0m pooling idle connection for ("http", 192.168.0.14:8545)
[2m2025-12-10T10:19:16.397135Z[0m [34mDEBUG[0m [2mhyper::client::pool[0m[2m:[0m reuse idle connection for ("http", 192.168.0.14:8545)
[2m2025-12-10T10:19:16.397157Z[0m [34mDEBUG[0m [2mhyper::proto::h1::io[0m[2m:[0m flushed 172 bytes
[2m2025-12-10T10:19:16.400726Z[0m [34mDEBUG[0m [2mhyper::proto::h1::io[0m[2m:[0m parsed 4 headers
[2m2025-12-10T10:19:16.400740Z[0m [34mDEBUG[0m [2mhyper::proto::h1::conn[0m[2m:[0m incoming body is content-length (45 bytes)
[2m2025-12-10T10:19:16.400746Z[0m [34mDEBUG[0m [2mhyper::proto::h1::conn[0m[2m:[0m incoming body completed
[2m2025-12-10T10:19:16.400788Z[0m [34mDEBUG[0m [2mhyper::client::pool[0m[2m:[0m pooling idle connection for ("http", 192.168.0.14:8545)
[2m2025-12-10T10:19:16.400807Z[0m [34mDEBUG[0m [2mhyper::client::pool[0m[2m:[0m reuse idle connection for ("http", 192.168.0.14:8545)
[2m2025-12-10T10:19:16.400828Z[0m [34mDEBUG[0m [2mhyper::proto::h1::io[0m[2m:[0m flushed 172 bytes
[2m2025-12-10T10:19:16.442298Z[0m [34mDEBUG[0m [2mhyper::proto::h1::io[0m[2m:[0m parsed 4 headers
[2m2025-12-10T10:19:16.503807Z[0m [34mDEBUG[0m [2mhyper::proto::h1::conn[0m[2m:[0m incoming body is content-length (45 bytes)
[2m2025-12-10T10:19:16.503841Z[0m [34mDEBUG[0m [2mhyper::proto::h1::conn[0m[2m:[0m incoming body completed
[2m2025-12-10T10:19:16.503867Z[0m [34mDEBUG[0m [2mhyper::client::pool[0m[2m:[0m pooling idle connection for ("http", 192.168.0.14:8545)
[2m2025-12-10T10:19:16.503913Z[0m [34mDEBUG[0m [2mhyper::client::pool[0m[2m:[0m reuse idle connection for ("http", 192.168.0.14:8545)
[2m2025-12-10T10:19:16.504067Z[0m [34mDEBUG[0m [2mhyper::proto::h1::io[0m[2m:[0m flushed 172 bytes
[2m2025-12-10T10:19:16.508509Z[0m [34mDEBUG[0m [2mhyper::proto::h1::io[0m[2m:[0m parsed 4 headers
[2m2025-12-10T10:19:16.508892Z[0m [34mDEBUG[0m [2mhyper::proto::h1::conn[0m[2m:[0m incoming body is content-length (45 bytes)
[2m2025-12-10T10:19:16.508958Z[0m [34mDEBUG[0m [2mhyper::proto::h1::conn[0m[2m:[0m incoming body completed
[2m2025-12-10T10:19:16.509037Z[0m [34mDEBUG[0m [2mhyper::client::pool[0m[2m:[0m pooling idle connection for ("http", 192.168.0.14:8545)
[2m2025-12-10T10:19:16.509445Z[0m [34mDEBUG[0m [2mhyper::client::pool[0m[2m:[0m reuse idle connection for ("http", 192.168.0.14:8545)
[2m2025-12-10T10:19:16.509908Z[0m [34mDEBUG[0m [2mhyper::proto::h1::io[0m[2m:[0m flushed 172 bytes
[2m2025-12-10T10:19:16.513062Z[0m [34mDEBUG[0m [2methereum_transaction_pool_monitor::eth_client[0m[2m:[0m 📨 Received WebSocket message: {"jsonrpc":"2.0","method":"eth_subscription","params":{"subscription":"0xbed0a0851463e895960a451075a301a9","result":"0x0fcd218572737c5661559825f17e0080613a86657ee9d4cbb341b55c62ff308a"}}
[2m2025-12-10T10:19:16.513142Z[0m [34mDEBUG[0m [2methereum_transaction_pool_monitor::eth_client[0m[2m:[0m 📨 Received pending transaction: 0x0fcd218572737c5661559825f17e0080613a86657ee9d4cbb341b55c62ff308a
[2m2025-12-10T10:19:16.513632Z[0m [34mDEBUG[0m [2mhyper::proto::h1::io[0m[2m:[0m parsed 4 headers
[2m2025-12-10T10:19:16.513644Z[0m [34mDEBUG[0m [2mhyper::proto::h1::conn[0m[2m:[0m incoming body is content-length (45 bytes)
[2m2025-12-10T10:19:16.513687Z[0m [34mDEBUG[0m [2mhyper::proto::h1::conn[0m[2m:[0m incoming body completed
[2m2025-12-10T10:19:16.513701Z[0m [34mDEBUG[0m [2mhyper::client::pool[0m[2m:[0m pooling idle connection for ("http", 192.168.0.14:8545)
[2m2025-12-10T10:19:16.513782Z[0m [34mDEBUG[0m [2mhyper::client::pool[0m[2m:[0m reuse idle connection for ("http", 192.168.0.14:8545)
[2m2025-12-10T10:19:16.513819Z[0m [34mDEBUG[0m [2mhyper::proto::h1::io[0m[2m:[0m flushed 172 bytes
[2m2025-12-10T10:19:16.518857Z[0m [34mDEBUG[0m [2mhyper::proto::h1::io[0m[2m:[0m parsed 4 headers
[2m2025-12-10T10:19:16.518880Z[0m [34mDEBUG[0m [2mhyper::proto::h1::conn[0m[2m:[0m incoming body is content-length (45 bytes)
[2m2025-12-10T10:19:16.518892Z[0m [34mDEBUG[0m [2mhyper::proto::h1::conn[0m[2m:[0m incoming body completed
[2m2025-12-10T10:19:16.518912Z[0m [34mDEBUG[0m [2mhyper::client::pool[0m[2m:[0m pooling idle connection for ("http", 192.168.0.14:8545)
[2m2025-12-10T10:19:16.519052Z[0m [34mDEBUG[0m [2mhyper::client::pool[0m[2m:[0m reuse idle connection for ("http", 192.168.0.14:8545)
[2m2025-12-10T10:19:16.519084Z[0m [34mDEBUG[0m [2mhyper::proto::h1::io[0m[2m:[0m flushed 172 bytes
[2m2025-12-10T10:19:16.528774Z[0m [34mDEBUG[0m [2mhyper::proto::h1::io[0m[2m:[0m parsed 4 headers
[2m2025-12-10T10:19:16.528814Z[0m [34mDEBUG[0m [2mhyper::proto::h1::conn[0m[2m:[0m incoming body is content-length (45 bytes)
[2m2025-12-10T10:19:16.528847Z[0m [34mDEBUG[0m [2mhyper::proto::h1::conn[0m[2m:[0m incoming body completed
[2m2025-12-10T10:19:16.528873Z[0m [34mDEBUG[0m [2mhyper::client::pool[0m[2m:[0m pooling idle connection for ("http", 192.168.0.14:8545)
[2m2025-12-10T10:19:16.528926Z[0m [34mDEBUG[0m [2mhyper::client::pool[0m[2m:[0m reuse idle connection for ("http", 192.168.0.14:8545)
[2m2025-12-10T10:19:16.529012Z[0m [34mDEBUG[0m [2mhyper::proto::h1::io[0m[2m:[0m flushed 172 bytes
[2m2025-12-10T10:19:16.534748Z[0m [34mDEBUG[0m [2mhyper::proto::h1::io[0m[2m:[0m parsed 4 headers
[2m2025-12-10T10:19:16.534762Z[0m [34mDEBUG[0m [2mhyper::proto::h1::conn[0m[2m:[0m incoming body is content-length (45 bytes)
[2m2025-12-10T10:19:16.534773Z[0m [34mDEBUG[0m [2mhyper::proto::h1::conn[0m[2m:[0m incoming body completed
[2m2025-12-10T10:19:16.534789Z[0m [34mDEBUG[0m [2mhyper::client::pool[0m[2m:[0m pooling idle connection for ("http", 192.168.0.14:8545)
[2m2025-12-10T10:19:16.534826Z[0m [34mDEBUG[0m [2mhyper::client::pool[0m[2m:[0m reuse idle connection for ("http", 192.168.0.14:8545)
[2m2025-12-10T10:19:16.534848Z[0m [34mDEBUG[0m [2mhyper::proto::h1::io[0m[2m:[0m flushed 172 bytes
[2m2025-12-10T10:19:16.539308Z[0m [34mDEBUG[0m [2mhyper::proto::h1::io[0m[2m:[0m parsed 4 headers
[2m2025-12-10T10:19:16.539356Z[0m [34mDEBUG[0m [2mhyper::proto::h1::conn[0m[2m:[0m incoming body is content-length (45 bytes)
[2m2025-12-10T10:19:16.539369Z[0m [34mDEBUG[0m [2mhyper::proto::h1::conn[0m[2m:[0m incoming body completed
[2m2025-12-10T10:19:16.539382Z[0m [34mDEBUG[0m [2mhyper::client::pool[0m[2m:[0m pooling idle connection for ("http", 192.168.0.14:8545)
[2m2025-12-10T10:19:16.539412Z[0m [34mDEBUG[0m [2mhyper::client::pool[0m[2m:[0m reuse idle connection for ("http", 192.168.0.14:8545)
[2m2025-12-10T10:19:16.539435Z[0m [34mDEBUG[0m [2mhyper::proto::h1::io[0m[2m:[0m flushed 172 bytes
[2m2025-12-10T10:19:16.543271Z[0m [34mDEBUG[0m [2mhyper::proto::h1::io[0m[2m:[0m parsed 4 headers
[2m2025-12-10T10:19:16.543284Z[0m [34mDEBUG[0m [2mhyper::proto::h1::conn[0m[2m:[0m incoming body is content-length (45 bytes)
[2m2025-12-10T10:19:16.543294Z[0m [34mDEBUG[0m [2mhyper::proto::h1::conn[0m[2m:[0m incoming body completed
[2m2025-12-10T10:19:16.543314Z[0m [34mDEBUG[0m [2mhyper::client::pool[0m[2m:[0m pooling idle connection for ("http", 192.168.0.14:8545)
[2m2025-12-10T10:19:16.543346Z[0m [34mDEBUG[0m [2mhyper::client::pool[0m[2m:[0m reuse idle connection for ("http", 192.168.0.14:8545)
[2m2025-12-10T10:19:16.543367Z[0m [34mDEBUG[0m [2mhyper::proto::h1::io[0m[2m:[0m flushed 172 bytes
[2m2025-12-10T10:19:16.547913Z[0m [34mDEBUG[0m [2mhyper::proto::h1::io[0m[2m:[0m parsed 4 headers
[2m2025-12-10T10:19:16.547927Z[0m [34mDEBUG[0m [2mhyper::proto::h1::conn[0m[2m:[0m incoming body is content-length (45 bytes)
[2m2025-12-10T10:19:16.547936Z[0m [34mDEBUG[0m [2mhyper::proto::h1::conn[0m[2m:[0m incoming body completed
[2m2025-12-10T10:19:16.547948Z[0m [34mDEBUG[0m [2mhyper::client::pool[0m[2m:[0m pooling idle connection for ("http", 192.168.0.14:8545)
[2m2025-12-10T10:19:16.547975Z[0m [34mDEBUG[0m [2mhyper::client::pool[0m[2m:[0m reuse idle connection for ("http", 192.168.0.14:8545)
[2m2025-12-10T10:19:16.548002Z[0m [34mDEBUG[0m [2mhyper::proto::h1::io[0m[2m:[0m flushed 172 bytes
[2m2025-12-10T10:19:16.557251Z[0m [34mDEBUG[0m [2mhyper::proto::h1::io[0m[2m:[0m parsed 4 headers
[2m2025-12-10T10:19:16.557265Z[0m [34mDEBUG[0m [2mhyper::proto::h1::conn[0m[2m:[0m incoming body is content-length (45 bytes)
[2m2025-12-10T10:19:16.557275Z[0m [34mDEBUG[0m [2mhyper::proto::h1::conn[0m[2m:[0m incoming body completed
[2m2025-12-10T10:19:16.557288Z[0m [34mDEBUG[0m [2mhyper::client::pool[0m[2m:[0m pooling idle connection for ("http", 192.168.0.14:8545)
[2m2025-12-10T10:19:16.557318Z[0m [34mDEBUG[0m [2mhyper::client::pool[0m[2m:[0m reuse idle connection for ("http", 192.168.0.14:8545)
[2m2025-12-10T10:19:16.557573Z[0m [34mDEBUG[0m [2mhyper::proto::h1::io[0m[2m:[0m flushed 172 bytes
[2m2025-12-10T10:19:16.562708Z[0m [34mDEBUG[0m [2mhyper::proto::h1::io[0m[2m:[0m parsed 4 headers
[2m2025-12-10T10:19:16.562725Z[0m [34mDEBUG[0m [2mhyper::proto::h1::conn[0m[2m:[0m incoming body is content-length (45 bytes)
[2m2025-12-10T10:19:16.562735Z[0m [34mDEBUG[0m [2mhyper::proto::h1::conn[0m[2m:[0m incoming body completed
[2m2025-12-10T10:19:16.562748Z[0m [34mDEBUG[0m [2mhyper::client::pool[0m[2m:[0m pooling idle connection for ("http", 192.168.0.14:8545)
[2m2025-12-10T10:19:16.562779Z[0m [34mDEBUG[0m [2mhyper::client::pool[0m[2m:[0m reuse idle connection for ("http", 192.168.0.14:8545)
[2m2025-12-10T10:19:16.562847Z[0m [34mDEBUG[0m [2mhyper::proto::h1::io[0m[2m:[0m flushed 172 bytes
[2m2025-12-10T10:19:16.571453Z[0m [34mDEBUG[0m [2mhyper::proto::h1::io[0m[2m:[0m parsed 4 headers
[2m2025-12-10T10:19:16.571471Z[0m [34mDEBUG[0m [2mhyper::proto::h1::conn[0m[2m:[0m incoming body is content-length (45 bytes)
[2m2025-12-10T10:19:16.571480Z[0m [34mDEBUG[0m [2mhyper::proto::h1::conn[0m[2m:[0m incoming body completed
[2m2025-12-10T10:19:16.571492Z[0m [34mDEBUG[0m [2mhyper::client::pool[0m[2m:[0m pooling idle connection for ("http", 192.168.0.14:8545)
[2m2025-12-10T10:19:16.571520Z[0m [34mDEBUG[0m [2mhyper::client::pool[0m[2m:[0m reuse idle connection for ("http", 192.168.0.14:8545)
[2m2025-12-10T10:19:16.571939Z[0m [34mDEBUG[0m [2mhyper::proto::h1::io[0m[2m:[0m flushed 172 bytes
[2m2025-12-10T10:19:16.575046Z[0m [34mDEBUG[0m [2mhyper::proto::h1::io[0m[2m:[0m parsed 4 headers
[2m2025-12-10T10:19:16.575065Z[0m [34mDEBUG[0m [2mhyper::proto::h1::conn[0m[2m:[0m incoming body is content-length (45 bytes)
[2m2025-12-10T10:19:16.575103Z[0m [34mDEBUG[0m [2mhyper::proto::h1::conn[0m[2m:[0m incoming body completed
[2m2025-12-10T10:19:16.575126Z[0m [34mDEBUG[0m [2mhyper::client::pool[0m[2m:[0m pooling idle connection for ("http", 192.168.0.14:8545)
[2m2025-12-10T10:19:16.575154Z[0m [34mDEBUG[0m [2mhyper::client::pool[0m[2m:[0m reuse idle connection for ("http", 192.168.0.14:8545)
[2m2025-12-10T10:19:16.575179Z[0m [34mDEBUG[0m [2mhyper::proto::h1::io[0m[2m:[0m flushed 172 bytes
[2m2025-12-10T10:19:16.581294Z[0m [34mDEBUG[0m [2mhyper::proto::h1::io[0m[2m:[0m parsed 4 headers
[2m2025-12-10T10:19:16.581307Z[0m [34mDEBUG[0m [2mhyper::proto::h1::conn[0m[2m:[0m incoming body is content-length (45 bytes)
[2m2025-12-10T10:19:16.581317Z[0m [34mDEBUG[0m [2mhyper::proto::h1::conn[0m[2m:[0m incoming body completed
[2m2025-12-10T10:19:16.581357Z[0m [34mDEBUG[0m [2mhyper::client::pool[0m[2m:[0m pooling idle connection for ("http", 192.168.0.14:8545)
[2m2025-12-10T10:19:16.581620Z[0m [34mDEBUG[0m [2mhyper::client::pool[0m[2m:[0m reuse idle connection for ("http", 192.168.0.14:8545)
[2m2025-12-10T10:19:16.581721Z[0m [34mDEBUG[0m [2mhyper::proto::h1::io[0m[2m:[0m flushed 172 bytes
[2m2025-12-10T10:19:16.587120Z[0m [34mDEBUG[0m [2mhyper::proto::h1::io[0m[2m:[0m parsed 4 headers
[2m2025-12-10T10:19:16.587142Z[0m [34mDEBUG[0m [2mhyper::proto::h1::conn[0m[2m:[0m incoming body is content-length (45 bytes)
[2m2025-12-10T10:19:16.587153Z[0m [34mDEBUG[0m [2mhyper::proto::h1::conn[0m[2m:[0m incoming body completed
[2m2025-12-10T10:19:16.587168Z[0m [34mDEBUG[0m [2mhyper::client::pool[0m[2m:[0m pooling idle connection for ("http", 192.168.0.14:8545)
[2m2025-12-10T10:19:16.587264Z[0m [34mDEBUG[0m [2mhyper::client::pool[0m[2m:[0m reuse idle connection for ("http", 192.168.0.14:8545)
[2m2025-12-10T10:19:16.587359Z[0m [34mDEBUG[0m [2mhyper::proto::h1::io[0m[2m:[0m flushed 172 bytes
[2m2025-12-10T10:19:16.591035Z[0m [34mDEBUG[0m [2mhyper::proto::h1::io[0m[2m:[0m parsed 4 headers
[2m2025-12-10T10:19:16.593184Z[0m [34mDEBUG[0m [2mhyper::proto::h1::conn[0m[2m:[0m incoming body is content-length (45 bytes)
[2m2025-12-10T10:19:16.593195Z[0m [34mDEBUG[0m [2mhyper::proto::h1::conn[0m[2m:[0m incoming body completed
[2m2025-12-10T10:19:16.593275Z[0m [34mDEBUG[0m [2mhyper::client::pool[0m[2m:[0m pooling idle connection for ("http", 192.168.0.14:8545)
[2m2025-12-10T10:19:16.593355Z[0m [34mDEBUG[0m [2mhyper::client::pool[0m[2m:[0m reuse idle connection for ("http", 192.168.0.14:8545)
[2m2025-12-10T10:19:16.593390Z[0m [34mDEBUG[0m [2mhyper::proto::h1::io[0m[2m:[0m flushed 172 bytes
[2m2025-12-10T10:19:16.597727Z[0m [34mDEBUG[0m [2mhyper::proto::h1::io[0m[2m:[0m parsed 4 headers
[2m2025-12-10T10:19:16.597733Z[0m [34mDEBUG[0m [2mhyper::proto::h1::conn[0m[2m:[0m incoming body is content-length (45 bytes)
[2m2025-12-10T10:19:16.597740Z[0m [34mDEBUG[0m [2mhyper::proto::h1::conn[0m[2m:[0m incoming body completed
[2m2025-12-10T10:19:16.597747Z[0m [34mDEBUG[0m [2mhyper::client::pool[0m[2m:[0m pooling idle connection for ("http", 192.168.0.14:8545)
[2m2025-12-10T10:19:16.597766Z[0m [34mDEBUG[0m [2mhyper::client::pool[0m[2m:[0m reuse idle connection for ("http", 192.168.0.14:8545)
[2m2025-12-10T10:19:16.597782Z[0m [34mDEBUG[0m [2mhyper::proto::h1::io[0m[2m:[0m flushed 172 bytes
[2m2025-12-10T10:19:16.602962Z[0m [34mDEBUG[0m [2mhyper::proto::h1::io[0m[2m:[0m parsed 4 headers
[2m2025-12-10T10:19:16.602970Z[0m [34mDEBUG[0m [2mhyper::proto::h1::conn[0m[2m:[0m incoming body is content-length (45 bytes)
[2m2025-12-10T10:19:16.602976Z[0m [34mDEBUG[0m [2mhyper::proto::h1::conn[0m[2m:[0m incoming body completed
[2m2025-12-10T10:19:16.602983Z[0m [34mDEBUG[0m [2mhyper::client::pool[0m[2m:[0m pooling idle connection for ("http", 192.168.0.14:8545)
[2m2025-12-10T10:19:16.602999Z[0m [34mDEBUG[0m [2mhyper::client::pool[0m[2m:[0m reuse idle connection for ("http", 192.168.0.14:8545)
[2m2025-12-10T10:19:16.603017Z[0m [34mDEBUG[0m [2mhyper::proto::h1::io[0m[2m:[0m flushed 172 bytes
[2m2025-12-10T10:19:16.609684Z[0m [34mDEBUG[0m [2mhyper::proto::h1::io[0m[2m:[0m parsed 4 headers
[2m2025-12-10T10:19:16.609691Z[0m [34mDEBUG[0m [2mhyper::proto::h1::conn[0m[2m:[0m incoming body is content-length (45 bytes)
[2m2025-12-10T10:19:16.609698Z[0m [34mDEBUG[0m [2mhyper::proto::h1::conn[0m[2m:[0m incoming body completed
[2m2025-12-10T10:19:16.609704Z[0m [34mDEBUG[0m [2mhyper::client::pool[0m[2m:[0m pooling idle connection for ("http", 192.168.0.14:8545)
[2m2025-12-10T10:19:16.609718Z[0m [34mDEBUG[0m [2mhyper::client::pool[0m[2m:[0m reuse idle connection for ("http", 192.168.0.14:8545)
[2m2025-12-10T10:19:16.609736Z[0m [34mDEBUG[0m [2mhyper::proto::h1::io[0m[2m:[0m flushed 172 bytes
[2m2025-12-10T10:19:16.615516Z[0m [34mDEBUG[0m [2mhyper::proto::h1::io[0m[2m:[0m parsed 4 headers
[2m2025-12-10T10:19:16.615522Z[0m [34mDEBUG[0m [2mhyper::proto::h1::conn[0m[2m:[0m incoming body is content-length (45 bytes)
[2m2025-12-10T10:19:16.615528Z[0m [34mDEBUG[0m [2mhyper::proto::h1::conn[0m[2m:[0m incoming body completed
[2m2025-12-10T10:19:16.615533Z[0m [34mDEBUG[0m [2mhyper::client::pool[0m[2m:[0m pooling idle connection for ("http", 192.168.0.14:8545)
[2m2025-12-10T10:19:16.615545Z[0m [34mDEBUG[0m [2mhyper::client::pool[0m[2m:[0m reuse idle connection for ("http", 192.168.0.14:8545)
[2m2025-12-10T10:19:16.615560Z[0m [34mDEBUG[0m [2mhyper::proto::h1::io[0m[2m:[0m flushed 172 bytes
[2m2025-12-10T10:19:16.621615Z[0m [34mDEBUG[0m [2mhyper::proto::h1::io[0m[2m:[0m parsed 4 headers
[2m2025-12-10T10:19:16.621627Z[0m [34mDEBUG[0m [2mhyper::proto::h1::conn[0m[2m:[0m incoming body is content-length (45 bytes)
[2m2025-12-10T10:19:16.621635Z[0m [34mDEBUG[0m [2mhyper::proto::h1::conn[0m[2m:[0m incoming body completed
[2m2025-12-10T10:19:16.621644Z[0m [34mDEBUG[0m [2mhyper::client::pool[0m[2m:[0m pooling idle connection for ("http", 192.168.0.14:8545)
[2m2025-12-10T10:19:16.621663Z[0m [34mDEBUG[0m [2mhyper::client::pool[0m[2m:[0m reuse idle connection for ("http", 192.168.0.14:8545)
[2m2025-12-10T10:19:16.621689Z[0m [34mDEBUG[0m [2mhyper::proto::h1::io[0m[2m:[0m flushed 172 bytes
[2m2025-12-10T10:19:16.630830Z[0m [34mDEBUG[0m [2mhyper::proto::h1::io[0m[2m:[0m parsed 4 headers
[2m2025-12-10T10:19:16.630913Z[0m [34mDEBUG[0m [2mhyper::proto::h1::conn[0m[2m:[0m incoming body is content-length (45 bytes)
[2m2025-12-10T10:19:16.630928Z[0m [34mDEBUG[0m [2mhyper::proto::h1::conn[0m[2m:[0m incoming body completed
[2m2025-12-10T10:19:16.630944Z[0m [34mDEBUG[0m [2mhyper::client::pool[0m[2m:[0m pooling idle connection for ("http", 192.168.0.14:8545)
[2m2025-12-10T10:19:16.630999Z[0m [34mDEBUG[0m [2mhyper::client::pool[0m[2m:[0m reuse idle connection for ("http", 192.168.0.14:8545)
[2m2025-12-10T10:19:16.631039Z[0m [34mDEBUG[0m [2mhyper::proto::h1::io[0m[2m:[0m flushed 172 bytes
[2m2025-12-10T10:19:16.643999Z[0m [34mDEBUG[0m [2mhyper::proto::h1::io[0m[2m:[0m parsed 4 headers
[2m2025-12-10T10:19:16.644049Z[0m [34mDEBUG[0m [2mhyper::proto::h1::conn[0m[2m:[0m incoming body is content-length (45 bytes)
[2m2025-12-10T10:19:16.644180Z[0m [34mDEBUG[0m [2mhyper::proto::h1::conn[0m[2m:[0m incoming body completed
[2m2025-12-10T10:19:16.644301Z[0m [34mDEBUG[0m [2mhyper::client::pool[0m[2m:[0m pooling idle connection for ("http", 192.168.0.14:8545)
[2m2025-12-10T10:19:16.644408Z[0m [34mDEBUG[0m [2mhyper::client::pool[0m[2m:[0m reuse idle connection for ("http", 192.168.0.14:8545)
[2m2025-12-10T10:19:16.646816Z[0m [34mDEBUG[0m [2mhyper::proto::h1::io[0m[2m:[0m flushed 172 bytes
[2m2025-12-10T10:19:16.649317Z[0m [34mDEBUG[0m [2mhyper::proto::h1::io[0m[2m:[0m parsed 4 headers
[2m2025-12-10T10:19:16.649380Z[0m [34mDEBUG[0m [2mhyper::proto::h1::conn[0m[2m:[0m incoming body is content-length (45 bytes)
[2m2025-12-10T10:19:16.649390Z[0m [34mDEBUG[0m [2mhyper::proto::h1::conn[0m[2m:[0m incoming body completed
[2m2025-12-10T10:19:16.649403Z[0m [34mDEBUG[0m [2mhyper::client::pool[0m[2m:[0m pooling idle connection for ("http", 192.168.0.14:8545)
[2m2025-12-10T10:19:16.649468Z[0m [34mDEBUG[0m [2mhyper::client::pool[0m[2m:[0m reuse idle connection for ("http", 192.168.0.14:8545)
[2m2025-12-10T10:19:16.649493Z[0m [34mDEBUG[0m [2mhyper::proto::h1::io[0m[2m:[0m flushed 172 bytes
[2m2025-12-10T10:19:16.656158Z[0m [34mDEBUG[0m [2mhyper::proto::h1::io[0m[2m:[0m parsed 4 headers
[2m2025-12-10T10:19:16.656704Z[0m [34mDEBUG[0m [2mhyper::proto::h1::conn[0m[2m:[0m incoming body is content-length (45 bytes)
[2m2025-12-10T10:19:16.656735Z[0m [34mDEBUG[0m [2mhyper::proto::h1::conn[0m[2m:[0m incoming body completed
[2m2025-12-10T10:19:16.656841Z[0m [34mDEBUG[0m [2mhyper::client::pool[0m[2m:[0m pooling idle connection for ("http", 192.168.0.14:8545)
[2m2025-12-10T10:19:16.656874Z[0m [34mDEBUG[0m [2mhyper::client::pool[0m[2m:[0m reuse idle connection for ("http", 192.168.0.14:8545)
[2m2025-12-10T10:19:16.656914Z[0m [34mDEBUG[0m [2mhyper::proto::h1::io[0m[2m:[0m flushed 172 bytes
[2m2025-12-10T10:19:16.667125Z[0m [34mDEBUG[0m [2mhyper::proto::h1::io[0m[2m:[0m parsed 4 headers
[2m2025-12-10T10:19:16.667138Z[0m [34mDEBUG[0m [2mhyper::proto::h1::conn[0m[2m:[0m incoming body is content-length (45 bytes)
[2m2025-12-10T10:19:16.667148Z[0m [34mDEBUG[0m [2mhyper::proto::h1::conn[0m[2m:[0m incoming body completed
[2m2025-12-10T10:19:16.667161Z[0m [34mDEBUG[0m [2mhyper::client::pool[0m[2m:[0m pooling idle connection for ("http", 192.168.0.14:8545)
[2m2025-12-10T10:19:16.667191Z[0m [34mDEBUG[0m [2mhyper::client::pool[0m[2m:[0m reuse idle connection for ("http", 192.168.0.14:8545)
[2m2025-12-10T10:19:16.667227Z[0m [34mDEBUG[0m [2mhyper::proto::h1::io[0m[2m:[0m flushed 172 bytes
[2m2025-12-10T10:19:16.671114Z[0m [34mDEBUG[0m [2mhyper::proto::h1::io[0m[2m:[0m parsed 4 headers
[2m2025-12-10T10:19:16.671130Z[0m [34mDEBUG[0m [2mhyper::proto::h1::conn[0m[2m:[0m incoming body is content-length (45 bytes)
[2m2025-12-10T10:19:16.671142Z[0m [34mDEBUG[0m [2mhyper::proto::h1::conn[0m[2m:[0m incoming body completed
[2m2025-12-10T10:19:16.671158Z[0m [34mDEBUG[0m [2mhyper::client::pool[0m[2m:[0m pooling idle connection for ("http", 192.168.0.14:8545)
[2m2025-12-10T10:19:16.671189Z[0m [34mDEBUG[0m [2mhyper::client::pool[0m[2m:[0m reuse idle connection for ("http", 192.168.0.14:8545)
[2m2025-12-10T10:19:16.671216Z[0m [34mDEBUG[0m [2mhyper::proto::h1::io[0m[2m:[0m flushed 172 bytes
[2m2025-12-10T10:19:16.675660Z[0m [34mDEBUG[0m [2mhyper::proto::h1::io[0m[2m:[0m parsed 4 headers
[2m2025-12-10T10:19:16.675698Z[0m [34mDEBUG[0m [2mhyper::proto::h1::conn[0m[2m:[0m incoming body is content-length (45 bytes)
[2m2025-12-10T10:19:16.675708Z[0m [34mDEBUG[0m [2mhyper::proto::h1::conn[0m[2m:[0m incoming body completed
[2m2025-12-10T10:19:16.675719Z[0m [34mDEBUG[0m [2mhyper::client::pool[0m[2m:[0m pooling idle connection for ("http", 192.168.0.14:8545)
[2m2025-12-10T10:19:16.675807Z[0m [34mDEBUG[0m [2mhyper::client::pool[0m[2m:[0m reuse idle connection for ("http", 192.168.0.14:8545)
[2m2025-12-10T10:19:16.675867Z[0m [34mDEBUG[0m [2mhyper::proto::h1::io[0m[2m:[0m flushed 172 bytes
[2m2025-12-10T10:19:16.681948Z[0m [34mDEBUG[0m [2mhyper::proto::h1::io[0m[2m:[0m parsed 4 headers
[2m2025-12-10T10:19:16.681962Z[0m [34mDEBUG[0m [2mhyper::proto::h1::conn[0m[2m:[0m incoming body is content-length (45 bytes)
[2m2025-12-10T10:19:16.681972Z[0m [34mDEBUG[0m [2mhyper::proto::h1::conn[0m[2m:[0m incoming body completed
[2m2025-12-10T10:19:16.681986Z[0m [34mDEBUG[0m [2mhyper::client::pool[0m[2m:[0m pooling idle connection for ("http", 192.168.0.14:8545)
[2m2025-12-10T10:19:16.682021Z[0m [34mDEBUG[0m [2mhyper::client::pool[0m[2m:[0m reuse idle connection for ("http", 192.168.0.14:8545)
[2m2025-12-10T10:19:16.682050Z[0m [34mDEBUG[0m [2mhyper::proto::h1::io[0m[2m:[0m flushed 172 bytes
[2m2025-12-10T10:19:16.687700Z[0m [34mDEBUG[0m [2mhyper::proto::h1::io[0m[2m:[0m parsed 4 headers
[2m2025-12-10T10:19:16.687715Z[0m [34mDEBUG[0m [2mhyper::proto::h1::conn[0m[2m:[0m incoming body is content-length (45 bytes)
[2m2025-12-10T10:19:16.687725Z[0m [34mDEBUG[0m [2mhyper::proto::h1::conn[0m[2m:[0m incoming body completed
[2m2025-12-10T10:19:16.687741Z[0m [34mDEBUG[0m [2mhyper::client::pool[0m[2m:[0m pooling idle connection for ("http", 192.168.0.14:8545)
[2m2025-12-10T10:19:16.687774Z[0m [34mDEBUG[0m [2mhyper::client::pool[0m[2m:[0m reuse idle connection for ("http", 192.168.0.14:8545)
[2m2025-12-10T10:19:16.687799Z[0m [34mDEBUG[0m [2mhyper::proto::h1::io[0m[2m:[0m flushed 172 bytes
[2m2025-12-10T10:19:16.696530Z[0m [34mDEBUG[0m [2mhyper::proto::h1::io[0m[2m:[0m parsed 4 headers
[2m2025-12-10T10:19:16.696555Z[0m [34mDEBUG[0m [2mhyper::proto::h1::conn[0m[2m:[0m incoming body is content-length (45 bytes)
[2m2025-12-10T10:19:16.696565Z[0m [34mDEBUG[0m [2mhyper::proto::h1::conn[0m[2m:[0m incoming body completed
[2m2025-12-10T10:19:16.696578Z[0m [34mDEBUG[0m [2mhyper::client::pool[0m[2m:[0m pooling idle connection for ("http", 192.168.0.14:8545)
[2m2025-12-10T10:19:16.696609Z[0m [34mDEBUG[0m [2mhyper::client::pool[0m[2m:[0m reuse idle connection for ("http", 192.168.0.14:8545)
[2m2025-12-10T10:19:16.696752Z[0m [34mDEBUG[0m [2mhyper::proto::h1::io[0m[2m:[0m flushed 172 bytes
[2m2025-12-10T10:19:16.700900Z[0m [34mDEBUG[0m [2mhyper::proto::h1::io[0m[2m:[0m parsed 4 headers
[2m2025-12-10T10:19:16.700924Z[0m [34mDEBUG[0m [2mhyper::proto::h1::conn[0m[2m:[0m incoming body is content-length (45 bytes)
[2m2025-12-10T10:19:16.700952Z[0m [34mDEBUG[0m [2mhyper::proto::h1::conn[0m[2m:[0m incoming body completed
[2m2025-12-10T10:19:16.700975Z[0m [34mDEBUG[0m [2mhyper::client::pool[0m[2m:[0m pooling idle connection for ("http", 192.168.0.14:8545)
[2m2025-12-10T10:19:16.701018Z[0m [34mDEBUG[0m [2mhyper::client::pool[0m[2m:[0m reuse idle connection for ("http", 192.168.0.14:8545)
[2m2025-12-10T10:19:16.701051Z[0m [34mDEBUG[0m [2mhyper::proto::h1::io[0m[2m:[0m flushed 172 bytes
[2m2025-12-10T10:19:16.710346Z[0m [34mDEBUG[0m [2mhyper::proto::h1::io[0m[2m:[0m parsed 4 headers
[2m2025-12-10T10:19:16.710368Z[0m [34mDEBUG[0m [2mhyper::proto::h1::conn[0m[2m:[0m incoming body is content-length (45 bytes)
[2m2025-12-10T10:19:16.710379Z[0m [34mDEBUG[0m [2mhyper::proto::h1::conn[0m[2m:[0m incoming body completed
[2m2025-12-10T10:19:16.710392Z[0m [34mDEBUG[0m [2mhyper::client::pool[0m[2m:[0m pooling idle connection for ("http", 192.168.0.14:8545)
[2m2025-12-10T10:19:16.710423Z[0m [34mDEBUG[0m [2mhyper::client::pool[0m[2m:[0m reuse idle connection for ("http", 192.168.0.14:8545)
[2m2025-12-10T10:19:16.710530Z[0m [34mDEBUG[0m [2mhyper::proto::h1::io[0m[2m:[0m flushed 172 bytes
[2m2025-12-10T10:19:16.714573Z[0m [34mDEBUG[0m [2mhyper::proto::h1::io[0m[2m:[0m parsed 4 headers
[2m2025-12-10T10:19:16.714610Z[0m [34mDEBUG[0m [2mhyper::proto::h1::conn[0m[2m:[0m incoming body is content-length (45 bytes)
[2m2025-12-10T10:19:16.714620Z[0m [34mDEBUG[0m [2mhyper::proto::h1::conn[0m[2m:[0m incoming body completed
[2m2025-12-10T10:19:16.714632Z[0m [34mDEBUG[0m [2mhyper::client::pool[0m[2m:[0m pooling idle connection for ("http", 192.168.0.14:8545)
[2m2025-12-10T10:19:16.714733Z[0m [34mDEBUG[0m [2mhyper::client::pool[0m[2m:[0m reuse idle connection for ("http", 192.168.0.14:8545)
[2m2025-12-10T10:19:16.714764Z[0m [34mDEBUG[0m [2mhyper::proto::h1::io[0m[2m:[0m flushed 172 bytes
[2m2025-12-10T10:19:16.721895Z[0m [34mDEBUG[0m [2mhyper::proto::h1::io[0m[2m:[0m parsed 4 headers
[2m2025-12-10T10:19:16.721945Z[0m [34mDEBUG[0m [2mhyper::proto::h1::conn[0m[2m:[0m incoming body is content-length (45 bytes)
[2m2025-12-10T10:19:16.722034Z[0m [34mDEBUG[0m [2mhyper::proto::h1::conn[0m[2m:[0m incoming body completed
[2m2025-12-10T10:19:16.722078Z[0m [34mDEBUG[0m [2mhyper::client::pool[0m[2m:[0m pooling idle connection for ("http", 192.168.0.14:8545)
[2m2025-12-10T10:19:16.722167Z[0m [34mDEBUG[0m [2mhyper::client::pool[0m[2m:[0m reuse idle connection for ("http", 192.168.0.14:8545)
[2m2025-12-10T10:19:16.722384Z[0m [34mDEBUG[0m [2mhyper::proto::h1::io[0m[2m:[0m flushed 172 bytes
[2m2025-12-10T10:19:16.728072Z[0m [34mDEBUG[0m [2mhyper::proto::h1::io[0m[2m:[0m parsed 4 headers
[2m2025-12-10T10:19:16.728089Z[0m [34mDEBUG[0m [2mhyper::proto::h1::conn[0m[2m:[0m incoming body is content-length (45 bytes)
[2m2025-12-10T10:19:16.728099Z[0m [34mDEBUG[0m [2mhyper::proto::h1::conn[0m[2m:[0m incoming body completed
[2m2025-12-10T10:19:16.728111Z[0m [34mDEBUG[0m [2mhyper::client::pool[0m[2m:[0m pooling idle connection for ("http", 192.168.0.14:8545)
[2m2025-12-10T10:19:16.728236Z[0m [34mDEBUG[0m [2mhyper::client::pool[0m[2m:[0m reuse idle connection for ("http", 192.168.0.14:8545)
[2m2025-12-10T10:19:16.728278Z[0m [34mDEBUG[0m [2mhyper::proto::h1::io[0m[2m:[0m flushed 172 bytes
[2m2025-12-10T10:19:16.734490Z[0m [34mDEBUG[0m [2mhyper::proto::h1::io[0m[2m:[0m parsed 4 headers
[2m2025-12-10T10:19:16.734507Z[0m [34mDEBUG[0m [2mhyper::proto::h1::conn[0m[2m:[0m incoming body is content-length (45 bytes)
[2m2025-12-10T10:19:16.734519Z[0m [34mDEBUG[0m [2mhyper::proto::h1::conn[0m[2m:[0m incoming body completed
[2m2025-12-10T10:19:16.734530Z[0m [34mDEBUG[0m [2mhyper::client::pool[0m[2m:[0m pooling idle connection for ("http", 192.168.0.14:8545)
[2m2025-12-10T10:19:16.734724Z[0m [34mDEBUG[0m [2mhyper::client::pool[0m[2m:[0m reuse idle connection for ("http", 192.168.0.14:8545)
[2m2025-12-10T10:19:16.734818Z[0m [34mDEBUG[0m [2mhyper::proto::h1::io[0m[2m:[0m flushed 172 bytes
[2m2025-12-10T10:19:16.740972Z[0m [34mDEBUG[0m [2mhyper::proto::h1::io[0m[2m:[0m parsed 4 headers
[2m2025-12-10T10:19:16.740988Z[0m [34mDEBUG[0m [2mhyper::proto::h1::conn[0m[2m:[0m incoming body is content-length (45 bytes)
[2m2025-12-10T10:19:16.741000Z[0m [34mDEBUG[0m [2mhyper::proto::h1::conn[0m[2m:[0m incoming body completed
[2m2025-12-10T10:19:16.741011Z[0m [34mDEBUG[0m [2mhyper::client::pool[0m[2m:[0m pooling idle connection for ("http", 192.168.0.14:8545)
[2m2025-12-10T10:19:16.741039Z[0m [34mDEBUG[0m [2mhyper::client::pool[0m[2m:[0m reuse idle connection for ("http", 192.168.0.14:8545)
[2m2025-12-10T10:19:16.741070Z[0m [34mDEBUG[0m [2mhyper::proto::h1::io[0m[2m:[0m flushed 172 bytes
[2m2025-12-10T10:19:16.752985Z[0m [34mDEBUG[0m [2mhyper::proto::h1::io[0m[2m:[0m parsed 4 headers
[2m2025-12-10T10:19:16.753005Z[0m [34mDEBUG[0m [2mhyper::proto::h1::conn[0m[2m:[0m incoming body is content-length (45 bytes)
[2m2025-12-10T10:19:16.753092Z[0m [34mDEBUG[0m [2mhyper::proto::h1::conn[0m[2m:[0m incoming body completed
[2m2025-12-10T10:19:16.753143Z[0m [34mDEBUG[0m [2mhyper::client::pool[0m[2m:[0m pooling idle connection for ("http", 192.168.0.14:8545)
[2m2025-12-10T10:19:16.753221Z[0m [34mDEBUG[0m [2mhyper::client::pool[0m[2m:[0m reuse idle connection for ("http", 192.168.0.14:8545)
[2m2025-12-10T10:19:16.754127Z[0m [34mDEBUG[0m [2mhyper::proto::h1::io[0m[2m:[0m flushed 172 bytes
[2m2025-12-10T10:19:16.757509Z[0m [34mDEBUG[0m [2mhyper::proto::h1::io[0m[2m:[0m parsed 4 headers
[2m2025-12-10T10:19:16.757536Z[0m [34mDEBUG[0m [2mhyper::proto::h1::conn[0m[2m:[0m incoming body is content-length (45 bytes)
[2m2025-12-10T10:19:16.757608Z[0m [34mDEBUG[0m [2mhyper::proto::h1::conn[0m[2m:[0m incoming body completed
[2m2025-12-10T10:19:16.757630Z[0m [34mDEBUG[0m [2mhyper::client::pool[0m[2m:[0m pooling idle connection for ("http", 192.168.0.14:8545)
[2m2025-12-10T10:19:16.757664Z[0m [34mDEBUG[0m [2mhyper::client::pool[0m[2m:[0m reuse idle connection for ("http", 192.168.0.14:8545)
[2m2025-12-10T10:19:16.757698Z[0m [34mDEBUG[0m [2mhyper::proto::h1::io[0m[2m:[0m flushed 172 bytes
[2m2025-12-10T10:19:16.762070Z[0m [34mDEBUG[0m [2mhyper::proto::h1::io[0m[2m:[0m parsed 4 headers
[2m2025-12-10T10:19:16.762093Z[0m [34mDEBUG[0m [2mhyper::proto::h1::conn[0m[2m:[0m incoming body is content-length (45 bytes)
[2m2025-12-10T10:19:16.762102Z[0m [34mDEBUG[0m [2mhyper::proto::h1::conn[0m[2m:[0m incoming body completed
[2m2025-12-10T10:19:16.762114Z[0m [34mDEBUG[0m [2mhyper::client::pool[0m[2m:[0m pooling idle connection for ("http", 192.168.0.14:8545)
[2m2025-12-10T10:19:16.762150Z[0m [34mDEBUG[0m [2mhyper::client::pool[0m[2m:[0m reuse idle connection for ("http", 192.168.0.14:8545)
[2m2025-12-10T10:19:16.762217Z[0m [34mDEBUG[0m [2mhyper::proto::h1::io[0m[2m:[0m flushed 172 bytes
[2m2025-12-10T10:19:16.767767Z[0m [34mDEBUG[0m [2mhyper::proto::h1::io[0m[2m:[0m parsed 4 headers
[2m2025-12-10T10:19:16.767778Z[0m [34mDEBUG[0m [2mhyper::proto::h1::conn[0m[2m:[0m incoming body is content-length (45 bytes)
[2m2025-12-10T10:19:16.767787Z[0m [34mDEBUG[0m [2mhyper::proto::h1::conn[0m[2m:[0m incoming body completed
[2m2025-12-10T10:19:16.767797Z[0m [34mDEBUG[0m [2mhyper::client::pool[0m[2m:[0m pooling idle connection for ("http", 192.168.0.14:8545)
[2m2025-12-10T10:19:16.767821Z[0m [34mDEBUG[0m [2mhyper::client::pool[0m[2m:[0m reuse idle connection for ("http", 192.168.0.14:8545)
[2m2025-12-10T10:19:16.767867Z[0m [34mDEBUG[0m [2mhyper::proto::h1::io[0m[2m:[0m flushed 172 bytes
[2m2025-12-10T10:19:16.773603Z[0m [34mDEBUG[0m [2mhyper::proto::h1::io[0m[2m:[0m parsed 4 headers
[2m2025-12-10T10:19:16.773614Z[0m [34mDEBUG[0m [2mhyper::proto::h1::conn[0m[2m:[0m incoming body is content-length (45 bytes)
[2m2025-12-10T10:19:16.773621Z[0m [34mDEBUG[0m [2mhyper::proto::h1::conn[0m[2m:[0m incoming body completed
[2m2025-12-10T10:19:16.773628Z[0m [34mDEBUG[0m [2mhyper::client::pool[0m[2m:[0m pooling idle connection for ("http", 192.168.0.14:8545)
[2m2025-12-10T10:19:16.773650Z[0m [34mDEBUG[0m [2mhyper::client::pool[0m[2m:[0m reuse idle connection for ("http", 192.168.0.14:8545)
[2m2025-12-10T10:19:16.773673Z[0m [34mDEBUG[0m [2mhyper::proto::h1::io[0m[2m:[0m flushed 172 bytes
[2m2025-12-10T10:19:16.779901Z[0m [34mDEBUG[0m [2mhyper::proto::h1::io[0m[2m:[0m parsed 4 headers
[2m2025-12-10T10:19:16.779917Z[0m [34mDEBUG[0m [2mhyper::proto::h1::conn[0m[2m:[0m incoming body is content-length (45 bytes)
[2m2025-12-10T10:19:16.779960Z[0m [34mDEBUG[0m [2mhyper::proto::h1::conn[0m[2m:[0m incoming body completed
[2m2025-12-10T10:19:16.779984Z[0m [34mDEBUG[0m [2mhyper::client::pool[0m[2m:[0m pooling idle connection for ("http", 192.168.0.14:8545)
[2m2025-12-10T10:19:16.788546Z[0m [34mDEBUG[0m [2mhyper::client::pool[0m[2m:[0m reuse idle connection for ("http", 192.168.0.14:8545)
[2m2025-12-10T10:19:16.788668Z[0m [34mDEBUG[0m [2mhyper::proto::h1::io[0m[2m:[0m flushed 172 bytes
[2m2025-12-10T10:19:16.788744Z[0m [34mDEBUG[0m [2methereum_transaction_pool_monitor::eth_client[0m[2m:[0m 📨 Received WebSocket message: {"jsonrpc":"2.0","method":"eth_subscription","params":{"subscription":"0xbed0a0851463e895960a451075a301a9","result":"0xbab9f1d58e667c43fa9d561eea152e3cffc14a71b2ffdc2c2ef2e46a9417d022"}}
[2m2025-12-10T10:19:16.792063Z[0m [34mDEBUG[0m [2mhyper::proto::h1::io[0m[2m:[0m parsed 4 headers
[2m2025-12-10T10:19:16.795596Z[0m [34mDEBUG[0m [2methereum_transaction_pool_monitor::eth_client[0m[2m:[0m 📨 Received pending transaction: 0xbab9f1d58e667c43fa9d561eea152e3cffc14a71b2ffdc2c2ef2e46a9417d022
[2m2025-12-10T10:19:16.795625Z[0m [34mDEBUG[0m [2mhyper::proto::h1::conn[0m[2m:[0m incoming body is content-length (45 bytes)
[2m2025-12-10T10:19:16.795673Z[0m [34mDEBUG[0m [2mhyper::proto::h1::conn[0m[2m:[0m incoming body completed
[2m2025-12-10T10:19:16.795673Z[0m [34mDEBUG[0m [2methereum_transaction_pool_monitor::eth_client[0m[2m:[0m 📨 Received WebSocket message: {"jsonrpc":"2.0","method":"eth_subscription","params":{"subscription":"0xbed0a0851463e895960a451075a301a9","result":"0x2108fb5160c938e08e41a729b9ad6eb829a37f2e8c6dfa9174be5b7728b6f7a9"}}
[2m2025-12-10T10:19:16.795724Z[0m [34mDEBUG[0m [2methereum_transaction_pool_monitor::eth_client[0m[2m:[0m 📨 Received pending transaction: 0x2108fb5160c938e08e41a729b9ad6eb829a37f2e8c6dfa9174be5b7728b6f7a9
[2m2025-12-10T10:19:16.795728Z[0m [34mDEBUG[0m [2mhyper::client::pool[0m[2m:[0m pooling idle connection for ("http", 192.168.0.14:8545)
[2m2025-12-10T10:19:16.795811Z[0m [34mDEBUG[0m [2mhyper::client::pool[0m[2m:[0m reuse idle connection for ("http", 192.168.0.14:8545)
[2m2025-12-10T10:19:16.795836Z[0m [34mDEBUG[0m [2mhyper::proto::h1::io[0m[2m:[0m flushed 172 bytes
[2m2025-12-10T10:19:16.800705Z[0m [34mDEBUG[0m [2mhyper::proto::h1::io[0m[2m:[0m parsed 4 headers
[2m2025-12-10T10:19:16.800714Z[0m [34mDEBUG[0m [2mhyper::proto::h1::conn[0m[2m:[0m incoming body is content-length (45 bytes)
[2m2025-12-10T10:19:16.800732Z[0m [34mDEBUG[0m [2mhyper::proto::h1::conn[0m[2m:[0m incoming body completed
[2m2025-12-10T10:19:16.800741Z[0m [34mDEBUG[0m [2mhyper::client::pool[0m[2m:[0m pooling idle connection for ("http", 192.168.0.14:8545)
[2m2025-12-10T10:19:16.800760Z[0m [34mDEBUG[0m [2mhyper::client::pool[0m[2m:[0m reuse idle connection for ("http", 192.168.0.14:8545)
[2m2025-12-10T10:19:16.800786Z[0m [34mDEBUG[0m [2mhyper::proto::h1::io[0m[2m:[0m flushed 172 bytes
[2m2025-12-10T10:19:16.804627Z[0m [34mDEBUG[0m [2mhyper::proto::h1::io[0m[2m:[0m parsed 4 headers
[2m2025-12-10T10:19:16.804638Z[0m [34mDEBUG[0m [2mhyper::proto::h1::conn[0m[2m:[0m incoming body is content-length (45 bytes)
[2m2025-12-10T10:19:16.804645Z[0m [34mDEBUG[0m [2mhyper::proto::h1::conn[0m[2m:[0m incoming body completed
[2m2025-12-10T10:19:16.804656Z[0m [34mDEBUG[0m [2mhyper::client::pool[0m[2m:[0m pooling idle connection for ("http", 192.168.0.14:8545)
[2m2025-12-10T10:19:16.804691Z[0m [34mDEBUG[0m [2mhyper::client::pool[0m[2m:[0m reuse idle connection for ("http", 192.168.0.14:8545)
[2m2025-12-10T10:19:16.804838Z[0m [34mDEBUG[0m [2mhyper::proto::h1::io[0m[2m:[0m flushed 172 bytes
[2m2025-12-10T10:19:16.808562Z[0m [34mDEBUG[0m [2mhyper::proto::h1::io[0m[2m:[0m parsed 4 headers
[2m2025-12-10T10:19:16.808668Z[0m [34mDEBUG[0m [2mhyper::proto::h1::conn[0m[2m:[0m incoming body is content-length (45 bytes)
[2m2025-12-10T10:19:16.808681Z[0m [34mDEBUG[0m [2mhyper::proto::h1::conn[0m[2m:[0m incoming body completed
[2m2025-12-10T10:19:16.808720Z[0m [34mDEBUG[0m [2mhyper::client::pool[0m[2m:[0m pooling idle connection for ("http", 192.168.0.14:8545)
[2m2025-12-10T10:19:16.808836Z[0m [34mDEBUG[0m [2mhyper::client::pool[0m[2m:[0m reuse idle connection for ("http", 192.168.0.14:8545)
[2m2025-12-10T10:19:16.808936Z[0m [34mDEBUG[0m [2mhyper::proto::h1::io[0m[2m:[0m flushed 172 bytes
[2m2025-12-10T10:19:16.813029Z[0m [34mDEBUG[0m [2mhyper::proto::h1::io[0m[2m:[0m parsed 4 headers
[2m2025-12-10T10:19:16.813096Z[0m [34mDEBUG[0m [2mhyper::proto::h1::conn[0m[2m:[0m incoming body is content-length (45 bytes)
[2m2025-12-10T10:19:16.813121Z[0m [34mDEBUG[0m [2mhyper::proto::h1::conn[0m[2m:[0m incoming body completed
[2m2025-12-10T10:19:16.813150Z[0m [34mDEBUG[0m [2mhyper::client::pool[0m[2m:[0m pooling idle connection for ("http", 192.168.0.14:8545)
[2m2025-12-10T10:19:16.813217Z[0m [34mDEBUG[0m [2mhyper::client::pool[0m[2m:[0m reuse idle connection for ("http", 192.168.0.14:8545)
[2m2025-12-10T10:19:16.813262Z[0m [34mDEBUG[0m [2mhyper::proto::h1::io[0m[2m:[0m flushed 172 bytes
[2m2025-12-10T10:19:16.818916Z[0m [34mDEBUG[0m [2mhyper::proto::h1::io[0m[2m:[0m parsed 4 headers
[2m2025-12-10T10:19:16.818994Z[0m [34mDEBUG[0m [2mhyper::proto::h1::conn[0m[2m:[0m incoming body is content-length (45 bytes)
[2m2025-12-10T10:19:16.819043Z[0m [34mDEBUG[0m [2mhyper::proto::h1::conn[0m[2m:[0m incoming body completed
[2m2025-12-10T10:19:16.819078Z[0m [34mDEBUG[0m [2mhyper::client::pool[0m[2m:[0m pooling idle connection for ("http", 192.168.0.14:8545)
[2m2025-12-10T10:19:16.819204Z[0m [34mDEBUG[0m [2mhyper::client::pool[0m[2m:[0m reuse idle connection for ("http", 192.168.0.14:8545)
[2m2025-12-10T10:19:16.819344Z[0m [34mDEBUG[0m [2mhyper::proto::h1::io[0m[2m:[0m flushed 172 bytes
[2m2025-12-10T10:19:16.826675Z[0m [34mDEBUG[0m [2mhyper::proto::h1::io[0m[2m:[0m parsed 4 headers
[2m2025-12-10T10:19:16.826723Z[0m [34mDEBUG[0m [2mhyper::proto::h1::conn[0m[2m:[0m incoming body is content-length (45 bytes)
[2m2025-12-10T10:19:16.826755Z[0m [34mDEBUG[0m [2mhyper::proto::h1::conn[0m[2m:[0m incoming body completed
[2m2025-12-10T10:19:16.826777Z[0m [34mDEBUG[0m [2mhyper::client::pool[0m[2m:[0m pooling idle connection for ("http", 192.168.0.14:8545)
[2m2025-12-10T10:19:16.826962Z[0m [34mDEBUG[0m [2mhyper::client::pool[0m[2m:[0m reuse idle connection for ("http", 192.168.0.14:8545)
[2m2025-12-10T10:19:16.827070Z[0m [34mDEBUG[0m [2mhyper::proto::h1::io[0m[2m:[0m flushed 172 bytes
[2m2025-12-10T10:19:16.831652Z[0m [34mDEBUG[0m [2mhyper::proto::h1::io[0m[2m:[0m parsed 4 headers
[2m2025-12-10T10:19:16.831680Z[0m [34mDEBUG[0m [2mhyper::proto::h1::conn[0m[2m:[0m incoming body is content-length (45 bytes)
[2m2025-12-10T10:19:16.831693Z[0m [34mDEBUG[0m [2mhyper::proto::h1::conn[0m[2m:[0m incoming body completed
[2m2025-12-10T10:19:16.831742Z[0m [34mDEBUG[0m [2mhyper::client::pool[0m[2m:[0m pooling idle connection for ("http", 192.168.0.14:8545)
[2m2025-12-10T10:19:16.831779Z[0m [34mDEBUG[0m [2mhyper::client::pool[0m[2m:[0m reuse idle connection for ("http", 192.168.0.14:8545)
[2m2025-12-10T10:19:16.831815Z[0m [34mDEBUG[0m [2mhyper::proto::h1::io[0m[2m:[0m flushed 172 bytes
[2m2025-12-10T10:19:16.835422Z[0m [34mDEBUG[0m [2mhyper::proto::h1::io[0m[2m:[0m parsed 4 headers
[2m2025-12-10T10:19:16.835448Z[0m [34mDEBUG[0m [2mhyper::proto::h1::conn[0m[2m:[0m incoming body is content-length (45 bytes)
[2m2025-12-10T10:19:16.835506Z[0m [34mDEBUG[0m [2mhyper::proto::h1::conn[0m[2m:[0m incoming body completed
[2m2025-12-10T10:19:16.835579Z[0m [34mDEBUG[0m [2mhyper::client::pool[0m[2m:[0m pooling idle connection for ("http", 192.168.0.14:8545)
[2m2025-12-10T10:19:16.835656Z[0m [34mDEBUG[0m [2mhyper::client::pool[0m[2m:[0m reuse idle connection for ("http", 192.168.0.14:8545)
[2m2025-12-10T10:19:16.835694Z[0m [34mDEBUG[0m [2mhyper::proto::h1::io[0m[2m:[0m flushed 172 bytes
[2m2025-12-10T10:19:16.838945Z[0m [34mDEBUG[0m [2mhyper::proto::h1::io[0m[2m:[0m parsed 4 headers
[2m2025-12-10T10:19:16.838977Z[0m [34mDEBUG[0m [2mhyper::proto::h1::conn[0m[2m:[0m incoming body is content-length (45 bytes)
[2m2025-12-10T10:19:16.838987Z[0m [34mDEBUG[0m [2mhyper::proto::h1::conn[0m[2m:[0m incoming body completed
[2m2025-12-10T10:19:16.839038Z[0m [34mDEBUG[0m [2mhyper::client::pool[0m[2m:[0m pooling idle connection for ("http", 192.168.0.14:8545)
[2m2025-12-10T10:19:16.839098Z[0m [34mDEBUG[0m [2mhyper::client::pool[0m[2m:[0m reuse idle connection for ("http", 192.168.0.14:8545)
[2m2025-12-10T10:19:16.839204Z[0m [34mDEBUG[0m [2mhyper::proto::h1::io[0m[2m:[0m flushed 172 bytes
[2m2025-12-10T10:19:16.843530Z[0m [34mDEBUG[0m [2mhyper::proto::h1::io[0m[2m:[0m parsed 4 headers
[2m2025-12-10T10:19:16.843561Z[0m [34mDEBUG[0m [2mhyper::proto::h1::conn[0m[2m:[0m incoming body is content-length (45 bytes)
[2m2025-12-10T10:19:16.843605Z[0m [34mDEBUG[0m [2mhyper::proto::h1::conn[0m[2m:[0m incoming body completed
[2m2025-12-10T10:19:16.843630Z[0m [34mDEBUG[0m [2mhyper::client::pool[0m[2m:[0m pooling idle connection for ("http", 192.168.0.14:8545)
[2m2025-12-10T10:19:16.843669Z[0m [34mDEBUG[0m [2mhyper::client::pool[0m[2m:[0m reuse idle connection for ("http", 192.168.0.14:8545)
[2m2025-12-10T10:19:16.843694Z[0m [34mDEBUG[0m [2mhyper::proto::h1::io[0m[2m:[0m flushed 172 bytes
[2m2025-12-10T10:19:16.849057Z[0m [34mDEBUG[0m [2mhyper::proto::h1::io[0m[2m:[0m parsed 4 headers
[2m2025-12-10T10:19:16.849079Z[0m [34mDEBUG[0m [2mhyper::proto::h1::conn[0m[2m:[0m incoming body is content-length (45 bytes)
[2m2025-12-10T10:19:16.849088Z[0m [34mDEBUG[0m [2mhyper::proto::h1::conn[0m[2m:[0m incoming body completed
[2m2025-12-10T10:19:16.849097Z[0m [34mDEBUG[0m [2mhyper::client::pool[0m[2m:[0m pooling idle connection for ("http", 192.168.0.14:8545)
[2m2025-12-10T10:19:16.849116Z[0m [34mDEBUG[0m [2mhyper::client::pool[0m[2m:[0m reuse idle connection for ("http", 192.168.0.14:8545)
[2m2025-12-10T10:19:16.849143Z[0m [34mDEBUG[0m [2mhyper::proto::h1::io[0m[2m:[0m flushed 172 bytes
[2m2025-12-10T10:19:16.857311Z[0m [34mDEBUG[0m [2mhyper::proto::h1::io[0m[2m:[0m parsed 4 headers
[2m2025-12-10T10:19:16.857358Z[0m [34mDEBUG[0m [2mhyper::proto::h1::conn[0m[2m:[0m incoming body is content-length (45 bytes)
[2m2025-12-10T10:19:16.857379Z[0m [34mDEBUG[0m [2mhyper::proto::h1::conn[0m[2m:[0m incoming body completed
[2m2025-12-10T10:19:16.857453Z[0m [34mDEBUG[0m [2mhyper::client::pool[0m[2m:[0m pooling idle connection for ("http", 192.168.0.14:8545)
[2m2025-12-10T10:19:16.857487Z[0m [34mDEBUG[0m [2mhyper::client::pool[0m[2m:[0m reuse idle connection for ("http", 192.168.0.14:8545)
[2m2025-12-10T10:19:16.857541Z[0m [34mDEBUG[0m [2mhyper::proto::h1::io[0m[2m:[0m flushed 172 bytes
[2m2025-12-10T10:19:16.862819Z[0m [34mDEBUG[0m [2mhyper::proto::h1::io[0m[2m:[0m parsed 4 headers
[2m2025-12-10T10:19:16.862973Z[0m [34mDEBUG[0m [2mhyper::proto::h1::conn[0m[2m:[0m incoming body is content-length (45 bytes)
[2m2025-12-10T10:19:16.862987Z[0m [34mDEBUG[0m [2mhyper::proto::h1::conn[0m[2m:[0m incoming body completed
[2m2025-12-10T10:19:16.863021Z[0m [34mDEBUG[0m [2mhyper::client::pool[0m[2m:[0m pooling idle connection for ("http", 192.168.0.14:8545)
[2m2025-12-10T10:19:16.863200Z[0m [34mDEBUG[0m [2mhyper::client::pool[0m[2m:[0m reuse idle connection for ("http", 192.168.0.14:8545)
[2m2025-12-10T10:19:16.863381Z[0m [34mDEBUG[0m [2mhyper::proto::h1::io[0m[2m:[0m flushed 172 bytes
[2m2025-12-10T10:19:16.866931Z[0m [34mDEBUG[0m [2mhyper::proto::h1::io[0m[2m:[0m parsed 4 headers
[2m2025-12-10T10:19:16.867277Z[0m [34mDEBUG[0m [2mhyper::proto::h1::conn[0m[2m:[0m incoming body is content-length (45 bytes)
[2m2025-12-10T10:19:16.867286Z[0m [34mDEBUG[0m [2mhyper::proto::h1::conn[0m[2m:[0m incoming body completed
[2m2025-12-10T10:19:16.867300Z[0m [34mDEBUG[0m [2mhyper::client::pool[0m[2m:[0m pooling idle connection for ("http", 192.168.0.14:8545)
[2m2025-12-10T10:19:16.867324Z[0m [34mDEBUG[0m [2mhyper::client::pool[0m[2m:[0m reuse idle connection for ("http", 192.168.0.14:8545)
[2m2025-12-10T10:19:16.867361Z[0m [34mDEBUG[0m [2mhyper::proto::h1::io[0m[2m:[0m flushed 172 bytes
[2m2025-12-10T10:19:16.876378Z[0m [34mDEBUG[0m [2mhyper::proto::h1::io[0m[2m:[0m parsed 4 headers
[2m2025-12-10T10:19:16.876410Z[0m [34mDEBUG[0m [2mhyper::proto::h1::conn[0m[2m:[0m incoming body is content-length (45 bytes)
[2m2025-12-10T10:19:16.876420Z[0m [34mDEBUG[0m [2mhyper::proto::h1::conn[0m[2m:[0m incoming body completed
[2m2025-12-10T10:19:16.876432Z[0m [34mDEBUG[0m [2mhyper::client::pool[0m[2m:[0m pooling idle connection for ("http", 192.168.0.14:8545)
[2m2025-12-10T10:19:16.876480Z[0m [34mDEBUG[0m [2mhyper::client::pool[0m[2m:[0m reuse idle connection for ("http", 192.168.0.14:8545)
[2m2025-12-10T10:19:16.876529Z[0m [34mDEBUG[0m [2mhyper::proto::h1::io[0m[2m:[0m flushed 172 bytes
[2m2025-12-10T10:19:16.881246Z[0m [34mDEBUG[0m [2mhyper::proto::h1::io[0m[2m:[0m parsed 4 headers
[2m2025-12-10T10:19:16.881265Z[0m [34mDEBUG[0m [2mhyper::proto::h1::conn[0m[2m:[0m incoming body is content-length (45 bytes)
[2m2025-12-10T10:19:17.018946Z[0m [34mDEBUG[0m [2mhyper::proto::h1::conn[0m[2m:[0m incoming body completed
[2m2025-12-10T10:19:17.019009Z[0m [34mDEBUG[0m [2mhyper::client::pool[0m[2m:[0m pooling idle connection for ("http", 192.168.0.14:8545)
[2m2025-12-10T10:19:17.019186Z[0m [34mDEBUG[0m [2mhyper::client::pool[0m[2m:[0m reuse idle connection for ("http", 192.168.0.14:8545)
[2m2025-12-10T10:19:17.019311Z[0m [34mDEBUG[0m [2mhyper::proto::h1::io[0m[2m:[0m flushed 172 bytes
[2m2025-12-10T10:19:17.023903Z[0m [34mDEBUG[0m [2mhyper::proto::h1::io[0m[2m:[0m parsed 4 headers
[2m2025-12-10T10:19:17.023925Z[0m [34mDEBUG[0m [2mhyper::proto::h1::conn[0m[2m:[0m incoming body is content-length (45 bytes)
[2m2025-12-10T10:19:17.023936Z[0m [34mDEBUG[0m [2mhyper::proto::h1::conn[0m[2m:[0m incoming body completed
[2m2025-12-10T10:19:17.023952Z[0m [34mDEBUG[0m [2mhyper::client::pool[0m[2m:[0m pooling idle connection for ("http", 192.168.0.14:8545)
[2m2025-12-10T10:19:17.023984Z[0m [34mDEBUG[0m [2mhyper::client::pool[0m[2m:[0m reuse idle connection for ("http", 192.168.0.14:8545)
[2m2025-12-10T10:19:17.024012Z[0m [34mDEBUG[0m [2mhyper::proto::h1::io[0m[2m:[0m flushed 172 bytes
[2m2025-12-10T10:19:17.032428Z[0m [34mDEBUG[0m [2mhyper::proto::h1::io[0m[2m:[0m parsed 4 headers
[2m2025-12-10T10:19:17.032446Z[0m [34mDEBUG[0m [2mhyper::proto::h1::conn[0m[2m:[0m incoming body is content-length (45 bytes)
[2m2025-12-10T10:19:17.032498Z[0m [34mDEBUG[0m [2mhyper::proto::h1::conn[0m[2m:[0m incoming body completed
[2m2025-12-10T10:19:17.032536Z[0m [34mDEBUG[0m [2mhyper::client::pool[0m[2m:[0m pooling idle connection for ("http", 192.168.0.14:8545)
[2m2025-12-10T10:19:17.032575Z[0m [34mDEBUG[0m [2methereum_transaction_pool_monitor::eth_client[0m[2m:[0m 📨 Received WebSocket message: {"jsonrpc":"2.0","method":"eth_subscription","params":{"subscription":"0xbed0a0851463e895960a451075a301a9","result":"0x395c195c0d83b7b8c059b626d780c27964141adda306e446d29f601f7dd1be55"}}
[2m2025-12-10T10:19:17.032600Z[0m [34mDEBUG[0m [2mhyper::client::pool[0m[2m:[0m reuse idle connection for ("http", 192.168.0.14:8545)
[2m2025-12-10T10:19:17.032605Z[0m [34mDEBUG[0m [2methereum_transaction_pool_monitor::eth_client[0m[2m:[0m 📨 Received pending transaction: 0x395c195c0d83b7b8c059b626d780c27964141adda306e446d29f601f7dd1be55
[2m2025-12-10T10:19:17.045313Z[0m [34mDEBUG[0m [2methereum_transaction_pool_monitor::eth_client[0m[2m:[0m 📨 Received WebSocket message: {"jsonrpc":"2.0","method":"eth_subscription","params":{"subscription":"0xbed0a0851463e895960a451075a301a9","result":"0xb19bf263b2f161dafc1aad49f433d9be8d8d9530a6c68dd5daa668f527846263"}}
[2m2025-12-10T10:19:17.045338Z[0m [34mDEBUG[0m [2methereum_transaction_pool_monitor::eth_client[0m[2m:[0m 📨 Received pending transaction: 0xb19bf263b2f161dafc1aad49f433d9be8d8d9530a6c68dd5daa668f527846263
[2m2025-12-10T10:19:17.045393Z[0m [34mDEBUG[0m [2methereum_transaction_pool_monitor::eth_client[0m[2m:[0m 📨 Received WebSocket message: {"jsonrpc":"2.0","method":"eth_subscription","params":{"subscription":"0xbed0a0851463e895960a451075a301a9","result":"0x98f218f70efdb6d722083bdbfd65a355dec90303b03759ad10b1233a937f639d"}}
[2m2025-12-10T10:19:17.046515Z[0m [34mDEBUG[0m [2mhyper::proto::h1::io[0m[2m:[0m flushed 172 bytes
[2m2025-12-10T10:19:17.048115Z[0m [34mDEBUG[0m [2methereum_transaction_pool_monitor::eth_client[0m[2m:[0m 📨 Received pending transaction: 0x98f218f70efdb6d722083bdbfd65a355dec90303b03759ad10b1233a937f639d
[2m2025-12-10T10:19:17.049220Z[0m [34mDEBUG[0m [2mhyper::proto::h1::io[0m[2m:[0m parsed 4 headers
[2m2025-12-10T10:19:17.049229Z[0m [34mDEBUG[0m [2mhyper::proto::h1::conn[0m[2m:[0m incoming body is content-length (45 bytes)
[2m2025-12-10T10:19:17.049239Z[0m [34mDEBUG[0m [2mhyper::proto::h1::conn[0m[2m:[0m incoming body completed
[2m2025-12-10T10:19:17.049250Z[0m [34mDEBUG[0m [2mhyper::client::pool[0m[2m:[0m pooling idle connection for ("http", 192.168.0.14:8545)
[2m2025-12-10T10:19:17.049279Z[0m [34mDEBUG[0m [2mhyper::client::pool[0m[2m:[0m reuse idle connection for ("http", 192.168.0.14:8545)
[2m2025-12-10T10:19:17.049298Z[0m [34mDEBUG[0m [2mhyper::proto::h1::io[0m[2m:[0m flushed 172 bytes
[2m2025-12-10T10:19:17.056990Z[0m [34mDEBUG[0m [2mhyper::proto::h1::io[0m[2m:[0m parsed 4 headers
[2m2025-12-10T10:19:17.057048Z[0m [34mDEBUG[0m [2mhyper::proto::h1::conn[0m[2m:[0m incoming body is content-length (45 bytes)
[2m2025-12-10T10:19:17.057078Z[0m [34mDEBUG[0m [2mhyper::proto::h1::conn[0m[2m:[0m incoming body completed
[2m2025-12-10T10:19:17.057120Z[0m [34mDEBUG[0m [2mhyper::client::pool[0m[2m:[0m pooling idle connection for ("http", 192.168.0.14:8545)
[2m2025-12-10T10:19:17.057218Z[0m [34mDEBUG[0m [2mhyper::client::pool[0m[2m:[0m reuse idle connection for ("http", 192.168.0.14:8545)
[2m2025-12-10T10:19:17.057297Z[0m [34mDEBUG[0m [2mhyper::proto::h1::io[0m[2m:[0m flushed 172 bytes
[2m2025-12-10T10:19:17.063808Z[0m [34mDEBUG[0m [2mhyper::proto::h1::io[0m[2m:[0m parsed 4 headers
[2m2025-12-10T10:19:17.063826Z[0m [34mDEBUG[0m [2mhyper::proto::h1::conn[0m[2m:[0m incoming body is content-length (45 bytes)
[2m2025-12-10T10:19:17.063837Z[0m [34mDEBUG[0m [2mhyper::proto::h1::conn[0m[2m:[0m incoming body completed
[2m2025-12-10T10:19:17.063849Z[0m [34mDEBUG[0m [2mhyper::client::pool[0m[2m:[0m pooling idle connection for ("http", 192.168.0.14:8545)
[2m2025-12-10T10:19:17.063880Z[0m [34mDEBUG[0m [2mhyper::client::pool[0m[2m:[0m reuse idle connection for ("http", 192.168.0.14:8545)
[2m2025-12-10T10:19:17.063906Z[0m [34mDEBUG[0m [2mhyper::proto::h1::io[0m[2m:[0m flushed 172 bytes
[2m2025-12-10T10:19:17.070354Z[0m [34mDEBUG[0m [2mhyper::proto::h1::io[0m[2m:[0m parsed 4 headers
[2m2025-12-10T10:19:17.070413Z[0m [34mDEBUG[0m [2mhyper::proto::h1::conn[0m[2m:[0m incoming body is content-length (45 bytes)
[2m2025-12-10T10:19:17.070430Z[0m [34mDEBUG[0m [2mhyper::proto::h1::conn[0m[2m:[0m incoming body completed
[2m2025-12-10T10:19:17.070462Z[0m [34mDEBUG[0m [2mhyper::client::pool[0m[2m:[0m pooling idle connection for ("http", 192.168.0.14:8545)
[2m2025-12-10T10:19:17.070514Z[0m [34mDEBUG[0m [2mhyper::client::pool[0m[2m:[0m reuse idle connection for ("http", 192.168.0.14:8545)
[2m2025-12-10T10:19:17.070553Z[0m [34mDEBUG[0m [2mhyper::proto::h1::io[0m[2m:[0m flushed 172 bytes
[2m2025-12-10T10:19:17.077045Z[0m [34mDEBUG[0m [2mhyper::proto::h1::io[0m[2m:[0m parsed 4 headers
[2m2025-12-10T10:19:17.077055Z[0m [34mDEBUG[0m [2mhyper::proto::h1::conn[0m[2m:[0m incoming body is content-length (45 bytes)
[2m2025-12-10T10:19:17.077062Z[0m [34mDEBUG[0m [2mhyper::proto::h1::conn[0m[2m:[0m incoming body completed
[2m2025-12-10T10:19:17.077071Z[0m [34mDEBUG[0m [2mhyper::client::pool[0m[2m:[0m pooling idle connection for ("http", 192.168.0.14:8545)
[2m2025-12-10T10:19:17.077093Z[0m [34mDEBUG[0m [2mhyper::client::pool[0m[2m:[0m reuse idle connection for ("http", 192.168.0.14:8545)
[2m2025-12-10T10:19:17.077112Z[0m [34mDEBUG[0m [2mhyper::proto::h1::io[0m[2m:[0m flushed 172 bytes
[2m2025-12-10T10:19:17.083220Z[0m [34mDEBUG[0m [2mhyper::proto::h1::io[0m[2m:[0m parsed 4 headers
[2m2025-12-10T10:19:17.087057Z[0m [34mDEBUG[0m [2mhyper::proto::h1::conn[0m[2m:[0m incoming body is content-length (45 bytes)
[2m2025-12-10T10:19:17.087093Z[0m [34mDEBUG[0m [2mhyper::proto::h1::conn[0m[2m:[0m incoming body completed
[2m2025-12-10T10:19:17.087136Z[0m [34mDEBUG[0m [2mhyper::client::pool[0m[2m:[0m pooling idle connection for ("http", 192.168.0.14:8545)
[2m2025-12-10T10:19:17.087180Z[0m [34mDEBUG[0m [2mhyper::client::pool[0m[2m:[0m reuse idle connection for ("http", 192.168.0.14:8545)
[2m2025-12-10T10:19:17.087246Z[0m [34mDEBUG[0m [2mhyper::proto::h1::io[0m[2m:[0m flushed 172 bytes
[2m2025-12-10T10:19:17.090317Z[0m [34mDEBUG[0m [2mhyper::proto::h1::io[0m[2m:[0m parsed 4 headers
[2m2025-12-10T10:19:17.090361Z[0m [34mDEBUG[0m [2mhyper::proto::h1::conn[0m[2m:[0m incoming body is content-length (45 bytes)
[2m2025-12-10T10:19:17.090380Z[0m [34mDEBUG[0m [2mhyper::proto::h1::conn[0m[2m:[0m incoming body completed
[2m2025-12-10T10:19:17.090402Z[0m [34mDEBUG[0m [2mhyper::client::pool[0m[2m:[0m pooling idle connection for ("http", 192.168.0.14:8545)
[2m2025-12-10T10:19:17.114374Z[0m [34mDEBUG[0m [2mhyper::client::pool[0m[2m:[0m reuse idle connection for ("http", 192.168.0.14:8545)
[2m2025-12-10T10:19:17.114445Z[0m [34mDEBUG[0m [2mhyper::proto::h1::io[0m[2m:[0m flushed 172 bytes
[2m2025-12-10T10:19:17.114475Z[0m [34mDEBUG[0m [2methereum_transaction_pool_monitor::eth_client[0m[2m:[0m 📨 Received WebSocket message: {"jsonrpc":"2.0","method":"eth_subscription","params":{"subscription":"0xbed0a0851463e895960a451075a301a9","result":"0xd6ff2ad1dd25e0629db4cbb494189bf37155634356e6db040c31eb36148f2d92"}}
[2m2025-12-10T10:19:17.114486Z[0m [34mDEBUG[0m [2methereum_transaction_pool_monitor::eth_client[0m[2m:[0m 📨 Received pending transaction: 0xd6ff2ad1dd25e0629db4cbb494189bf37155634356e6db040c31eb36148f2d92
[2m2025-12-10T10:19:17.116939Z[0m [34mDEBUG[0m [2mhyper::proto::h1::io[0m[2m:[0m parsed 4 headers
[2m2025-12-10T10:19:17.116950Z[0m [34mDEBUG[0m [2mhyper::proto::h1::conn[0m[2m:[0m incoming body is content-length (45 bytes)
[2m2025-12-10T10:19:17.116960Z[0m [34mDEBUG[0m [2mhyper::proto::h1::conn[0m[2m:[0m incoming body completed
[2m2025-12-10T10:19:17.116971Z[0m [34mDEBUG[0m [2mhyper::client::pool[0m[2m:[0m pooling idle connection for ("http", 192.168.0.14:8545)
[2m2025-12-10T10:19:17.116996Z[0m [34mDEBUG[0m [2mhyper::client::pool[0m[2m:[0m reuse idle connection for ("http", 192.168.0.14:8545)
[2m2025-12-10T10:19:17.117022Z[0m [34mDEBUG[0m [2mhyper::proto::h1::io[0m[2m:[0m flushed 172 bytes
[2m2025-12-10T10:19:17.123002Z[0m [34mDEBUG[0m [2mhyper::proto::h1::io[0m[2m:[0m parsed 4 headers
[2m2025-12-10T10:19:17.123077Z[0m [34mDEBUG[0m [2mhyper::proto::h1::conn[0m[2m:[0m incoming body is content-length (45 bytes)
[2m2025-12-10T10:19:17.123090Z[0m [34mDEBUG[0m [2mhyper::proto::h1::conn[0m[2m:[0m incoming body completed
[2m2025-12-10T10:19:17.123098Z[0m [34mDEBUG[0m [2mhyper::client::pool[0m[2m:[0m pooling idle connection for ("http", 192.168.0.14:8545)
[2m2025-12-10T10:19:17.123117Z[0m [34mDEBUG[0m [2mhyper::client::pool[0m[2m:[0m reuse idle connection for ("http", 192.168.0.14:8545)
[2m2025-12-10T10:19:17.123136Z[0m [34mDEBUG[0m [2mhyper::proto::h1::io[0m[2m:[0m flushed 172 bytes
[2m2025-12-10T10:19:17.129925Z[0m [34mDEBUG[0m [2mhyper::proto::h1::io[0m[2m:[0m parsed 4 headers
[2m2025-12-10T10:19:17.129932Z[0m [34mDEBUG[0m [2mhyper::proto::h1::conn[0m[2m:[0m incoming body is content-length (45 bytes)
[2m2025-12-10T10:19:17.129937Z[0m [34mDEBUG[0m [2mhyper::proto::h1::conn[0m[2m:[0m incoming body completed
[2m2025-12-10T10:19:17.129944Z[0m [34mDEBUG[0m [2mhyper::client::pool[0m[2m:[0m pooling idle connection for ("http", 192.168.0.14:8545)
[2m2025-12-10T10:19:17.129977Z[0m [34mDEBUG[0m [2mhyper::client::pool[0m[2m:[0m reuse idle connection for ("http", 192.168.0.14:8545)
[2m2025-12-10T10:19:17.129992Z[0m [34mDEBUG[0m [2mhyper::proto::h1::io[0m[2m:[0m flushed 172 bytes
[2m2025-12-10T10:19:17.134093Z[0m [34mDEBUG[0m [2mhyper::proto::h1::io[0m[2m:[0m parsed 4 headers
[2m2025-12-10T10:19:17.134099Z[0m [34mDEBUG[0m [2mhyper::proto::h1::conn[0m[2m:[0m incoming body is content-length (45 bytes)
[2m2025-12-10T10:19:17.134105Z[0m [34mDEBUG[0m [2mhyper::proto::h1::conn[0m[2m:[0m incoming body completed
[2m2025-12-10T10:19:17.134110Z[0m [34mDEBUG[0m [2mhyper::client::pool[0m[2m:[0m pooling idle connection for ("http", 192.168.0.14:8545)
[2m2025-12-10T10:19:17.134122Z[0m [34mDEBUG[0m [2mhyper::client::pool[0m[2m:[0m reuse idle connection for ("http", 192.168.0.14:8545)
[2m2025-12-10T10:19:17.134137Z[0m [34mDEBUG[0m [2mhyper::proto::h1::io[0m[2m:[0m flushed 172 bytes
[2m2025-12-10T10:19:17.137613Z[0m [34mDEBUG[0m [2mhyper::proto::h1::io[0m[2m:[0m parsed 4 headers
[2m2025-12-10T10:19:17.137620Z[0m [34mDEBUG[0m [2mhyper::proto::h1::conn[0m[2m:[0m incoming body is content-length (45 bytes)
[2m2025-12-10T10:19:17.137626Z[0m [34mDEBUG[0m [2mhyper::proto::h1::conn[0m[2m:[0m incoming body completed
[2m2025-12-10T10:19:17.137632Z[0m [34mDEBUG[0m [2mhyper::client::pool[0m[2m:[0m pooling idle connection for ("http", 192.168.0.14:8545)
[2m2025-12-10T10:19:17.137643Z[0m [34mDEBUG[0m [2mhyper::client::pool[0m[2m:[0m reuse idle connection for ("http", 192.168.0.14:8545)
[2m2025-12-10T10:19:17.137657Z[0m [34mDEBUG[0m [2mhyper::proto::h1::io[0m[2m:[0m flushed 172 bytes
[2m2025-12-10T10:19:17.141558Z[0m [34mDEBUG[0m [2mhyper::proto::h1::io[0m[2m:[0m parsed 4 headers
[2m2025-12-10T10:19:17.141564Z[0m [34mDEBUG[0m [2mhyper::proto::h1::conn[0m[2m:[0m incoming body is content-length (45 bytes)
[2m2025-12-10T10:19:17.141569Z[0m [34mDEBUG[0m [2mhyper::proto::h1::conn[0m[2m:[0m incoming body completed
[2m2025-12-10T10:19:17.141574Z[0m [34mDEBUG[0m [2mhyper::client::pool[0m[2m:[0m pooling idle connection for ("http", 192.168.0.14:8545)
[2m2025-12-10T10:19:17.141583Z[0m [34mDEBUG[0m [2mhyper::client::pool[0m[2m:[0m reuse idle connection for ("http", 192.168.0.14:8545)
[2m2025-12-10T10:19:17.141597Z[0m [34mDEBUG[0m [2mhyper::proto::h1::io[0m[2m:[0m flushed 172 bytes
[2m2025-12-10T10:19:17.150356Z[0m [34mDEBUG[0m [2mhyper::proto::h1::io[0m[2m:[0m parsed 4 headers
[2m2025-12-10T10:19:17.150367Z[0m [34mDEBUG[0m [2mhyper::proto::h1::conn[0m[2m:[0m incoming body is content-length (45 bytes)
[2m2025-12-10T10:19:17.150380Z[0m [34mDEBUG[0m [2mhyper::proto::h1::conn[0m[2m:[0m incoming body completed
[2m2025-12-10T10:19:17.150393Z[0m [34mDEBUG[0m [2mhyper::client::pool[0m[2m:[0m pooling idle connection for ("http", 192.168.0.14:8545)
[2m2025-12-10T10:19:17.150414Z[0m [34mDEBUG[0m [2mhyper::client::pool[0m[2m:[0m reuse idle connection for ("http", 192.168.0.14:8545)
[2m2025-12-10T10:19:17.150434Z[0m [34mDEBUG[0m [2mhyper::proto::h1::io[0m[2m:[0m flushed 172 bytes
[2m2025-12-10T10:19:17.156771Z[0m [34mDEBUG[0m [2mhyper::proto::h1::io[0m[2m:[0m parsed 4 headers
[2m2025-12-10T10:19:17.172833Z[0m [34mDEBUG[0m [2mhyper::proto::h1::conn[0m[2m:[0m incoming body is content-length (45 bytes)
[2m2025-12-10T10:19:17.172911Z[0m [34mDEBUG[0m [2mhyper::proto::h1::conn[0m[2m:[0m incoming body completed
[2m2025-12-10T10:19:17.172935Z[0m [34mDEBUG[0m [2mhyper::client::pool[0m[2m:[0m pooling idle connection for ("http", 192.168.0.14:8545)
[2m2025-12-10T10:19:17.172958Z[0m [34mDEBUG[0m [2mhyper::client::pool[0m[2m:[0m reuse idle connection for ("http", 192.168.0.14:8545)
[2m2025-12-10T10:19:17.172976Z[0m [34mDEBUG[0m [2mhyper::proto::h1::io[0m[2m:[0m flushed 172 bytes
[2m2025-12-10T10:19:17.177663Z[0m [34mDEBUG[0m [2mhyper::proto::h1::io[0m[2m:[0m parsed 4 headers
[2m2025-12-10T10:19:17.177670Z[0m [34mDEBUG[0m [2mhyper::proto::h1::conn[0m[2m:[0m incoming body is content-length (45 bytes)
[2m2025-12-10T10:19:17.177677Z[0m [34mDEBUG[0m [2mhyper::proto::h1::conn[0m[2m:[0m incoming body completed
[2m2025-12-10T10:19:17.177684Z[0m [34mDEBUG[0m [2mhyper::client::pool[0m[2m:[0m pooling idle connection for ("http", 192.168.0.14:8545)
[2m2025-12-10T10:19:17.177704Z[0m [34mDEBUG[0m [2mhyper::client::pool[0m[2m:[0m reuse idle connection for ("http", 192.168.0.14:8545)
[2m2025-12-10T10:19:17.177721Z[0m [34mDEBUG[0m [2mhyper::proto::h1::io[0m[2m:[0m flushed 172 bytes
[2m2025-12-10T10:19:17.181490Z[0m [34mDEBUG[0m [2mhyper::proto::h1::io[0m[2m:[0m parsed 4 headers
[2m2025-12-10T10:19:17.181496Z[0m [34mDEBUG[0m [2mhyper::proto::h1::conn[0m[2m:[0m incoming body is content-length (45 bytes)
[2m2025-12-10T10:19:17.181502Z[0m [34mDEBUG[0m [2mhyper::proto::h1::conn[0m[2m:[0m incoming body completed
[2m2025-12-10T10:19:17.181507Z[0m [34mDEBUG[0m [2mhyper::client::pool[0m[2m:[0m pooling idle connection for ("http", 192.168.0.14:8545)
[2m2025-12-10T10:19:17.181522Z[0m [34mDEBUG[0m [2mhyper::client::pool[0m[2m:[0m reuse idle connection for ("http", 192.168.0.14:8545)
[2m2025-12-10T10:19:17.181537Z[0m [34mDEBUG[0m [2mhyper::proto::h1::io[0m[2m:[0m flushed 172 bytes
[2m2025-12-10T10:19:17.184331Z[0m [34mDEBUG[0m [2mhyper::proto::h1::io[0m[2m:[0m parsed 4 headers
[2m2025-12-10T10:19:17.184337Z[0m [34mDEBUG[0m [2mhyper::proto::h1::conn[0m[2m:[0m incoming body is content-length (45 bytes)
[2m2025-12-10T10:19:17.184342Z[0m [34mDEBUG[0m [2mhyper::proto::h1::conn[0m[2m:[0m incoming body completed
[2m2025-12-10T10:19:17.184347Z[0m [34mDEBUG[0m [2mhyper::client::pool[0m[2m:[0m pooling idle connection for ("http", 192.168.0.14:8545)
[2m2025-12-10T10:19:17.184357Z[0m [34mDEBUG[0m [2mhyper::client::pool[0m[2m:[0m reuse idle connection for ("http", 192.168.0.14:8545)
[2m2025-12-10T10:19:17.184371Z[0m [34mDEBUG[0m [2mhyper::proto::h1::io[0m[2m:[0m flushed 172 bytes
[2m2025-12-10T10:19:17.190581Z[0m [34mDEBUG[0m [2mhyper::proto::h1::io[0m[2m:[0m parsed 4 headers
[2m2025-12-10T10:19:17.190592Z[0m [34mDEBUG[0m [2mhyper::proto::h1::conn[0m[2m:[0m incoming body is content-length (45 bytes)
[2m2025-12-10T10:19:17.190600Z[0m [34mDEBUG[0m [2mhyper::proto::h1::conn[0m[2m:[0m incoming body completed
[2m2025-12-10T10:19:17.190610Z[0m [34mDEBUG[0m [2mhyper::client::pool[0m[2m:[0m pooling idle connection for ("http", 192.168.0.14:8545)
[2m2025-12-10T10:19:17.190631Z[0m [34mDEBUG[0m [2mhyper::client::pool[0m[2m:[0m reuse idle connection for ("http", 192.168.0.14:8545)
[2m2025-12-10T10:19:17.190654Z[0m [34mDEBUG[0m [2mhyper::proto::h1::io[0m[2m:[0m flushed 172 bytes
[2m2025-12-10T10:19:17.213058Z[0m [34mDEBUG[0m [2mhyper::proto::h1::io[0m[2m:[0m parsed 4 headers
[2m2025-12-10T10:19:17.213071Z[0m [34mDEBUG[0m [2mhyper::proto::h1::conn[0m[2m:[0m incoming body is content-length (45 bytes)
[2m2025-12-10T10:19:17.213080Z[0m [34mDEBUG[0m [2mhyper::proto::h1::conn[0m[2m:[0m incoming body completed
[2m2025-12-10T10:19:17.213090Z[0m [34mDEBUG[0m [2mhyper::client::pool[0m[2m:[0m pooling idle connection for ("http", 192.168.0.14:8545)
[2m2025-12-10T10:19:17.213116Z[0m [34mDEBUG[0m [2mhyper::client::pool[0m[2m:[0m reuse idle connection for ("http", 192.168.0.14:8545)
[2m2025-12-10T10:19:17.213137Z[0m [34mDEBUG[0m [2mhyper::proto::h1::io[0m[2m:[0m flushed 172 bytes
[2m2025-12-10T10:19:17.220191Z[0m [34mDEBUG[0m [2mhyper::proto::h1::io[0m[2m:[0m parsed 4 headers
[2m2025-12-10T10:19:17.220243Z[0m [34mDEBUG[0m [2mhyper::proto::h1::conn[0m[2m:[0m incoming body is content-length (45 bytes)
[2m2025-12-10T10:19:17.220275Z[0m [34mDEBUG[0m [2mhyper::proto::h1::conn[0m[2m:[0m incoming body completed
[2m2025-12-10T10:19:17.220303Z[0m [34mDEBUG[0m [2mhyper::client::pool[0m[2m:[0m pooling idle connection for ("http", 192.168.0.14:8545)
[2m2025-12-10T10:19:17.230909Z[0m [34mDEBUG[0m [2mhyper::client::pool[0m[2m:[0m reuse idle connection for ("http", 192.168.0.14:8545)
[2m2025-12-10T10:19:17.230982Z[0m [34mDEBUG[0m [2mhyper::proto::h1::io[0m[2m:[0m flushed 172 bytes
[2m2025-12-10T10:19:17.235320Z[0m [34mDEBUG[0m [2mhyper::proto::h1::io[0m[2m:[0m parsed 4 headers
[2m2025-12-10T10:19:17.235326Z[0m [34mDEBUG[0m [2mhyper::proto::h1::conn[0m[2m:[0m incoming body is content-length (45 bytes)
[2m2025-12-10T10:19:17.235333Z[0m [34mDEBUG[0m [2mhyper::proto::h1::conn[0m[2m:[0m incoming body completed
[2m2025-12-10T10:19:17.235340Z[0m [34mDEBUG[0m [2mhyper::client::pool[0m[2m:[0m pooling idle connection for ("http", 192.168.0.14:8545)
[2m2025-12-10T10:19:17.235356Z[0m [34mDEBUG[0m [2mhyper::client::pool[0m[2m:[0m reuse idle connection for ("http", 192.168.0.14:8545)
[2m2025-12-10T10:19:17.235370Z[0m [34mDEBUG[0m [2mhyper::proto::h1::io[0m[2m:[0m flushed 172 bytes
[2m2025-12-10T10:19:17.240203Z[0m [34mDEBUG[0m [2mhyper::proto::h1::io[0m[2m:[0m parsed 4 headers
[2m2025-12-10T10:19:17.240211Z[0m [34mDEBUG[0m [2mhyper::proto::h1::conn[0m[2m:[0m incoming body is content-length (45 bytes)
[2m2025-12-10T10:19:17.240218Z[0m [34mDEBUG[0m [2mhyper::proto::h1::conn[0m[2m:[0m incoming body completed
[2m2025-12-10T10:19:17.240225Z[0m [34mDEBUG[0m [2mhyper::client::pool[0m[2m:[0m pooling idle connection for ("http", 192.168.0.14:8545)
[2m2025-12-10T10:19:17.240243Z[0m [34mDEBUG[0m [2mhyper::client::pool[0m[2m:[0m reuse idle connection for ("http", 192.168.0.14:8545)
[2m2025-12-10T10:19:17.240261Z[0m [34mDEBUG[0m [2mhyper::proto::h1::io[0m[2m:[0m flushed 172 bytes
[2m2025-12-10T10:19:17.244076Z[0m [34mDEBUG[0m [2mhyper::proto::h1::io[0m[2m:[0m parsed 4 headers
[2m2025-12-10T10:19:17.244081Z[0m [34mDEBUG[0m [2mhyper::proto::h1::conn[0m[2m:[0m incoming body is content-length (45 bytes)
[2m2025-12-10T10:19:17.244086Z[0m [34mDEBUG[0m [2mhyper::proto::h1::conn[0m[2m:[0m incoming body completed
[2m2025-12-10T10:19:17.244091Z[0m [34mDEBUG[0m [2mhyper::client::pool[0m[2m:[0m pooling idle connection for ("http", 192.168.0.14:8545)
[2m2025-12-10T10:19:17.244104Z[0m [34mDEBUG[0m [2mhyper::client::pool[0m[2m:[0m reuse idle connection for ("http", 192.168.0.14:8545)
[2m2025-12-10T10:19:17.244119Z[0m [34mDEBUG[0m [2mhyper::proto::h1::io[0m[2m:[0m flushed 172 bytes
[2m2025-12-10T10:19:17.248507Z[0m [34mDEBUG[0m [2mhyper::proto::h1::io[0m[2m:[0m parsed 4 headers
[2m2025-12-10T10:19:17.248517Z[0m [34mDEBUG[0m [2mhyper::proto::h1::conn[0m[2m:[0m incoming body is content-length (45 bytes)
[2m2025-12-10T10:19:17.248523Z[0m [34mDEBUG[0m [2mhyper::proto::h1::conn[0m[2m:[0m incoming body completed
[2m2025-12-10T10:19:17.248537Z[0m [34mDEBUG[0m [2mhyper::client::pool[0m[2m:[0m pooling idle connection for ("http", 192.168.0.14:8545)
[2m2025-12-10T10:19:17.248551Z[0m [34mDEBUG[0m [2mhyper::client::pool[0m[2m:[0m reuse idle connection for ("http", 192.168.0.14:8545)
[2m2025-12-10T10:19:17.248568Z[0m [34mDEBUG[0m [2mhyper::proto::h1::io[0m[2m:[0m flushed 172 bytes
[2m2025-12-10T10:19:17.254166Z[0m [34mDEBUG[0m [2mhyper::proto::h1::io[0m[2m:[0m parsed 4 headers
[2m2025-12-10T10:19:17.254174Z[0m [34mDEBUG[0m [2mhyper::proto::h1::conn[0m[2m:[0m incoming body is content-length (45 bytes)
[2m2025-12-10T10:19:17.254189Z[0m [34mDEBUG[0m [2mhyper::proto::h1::conn[0m[2m:[0m incoming body completed
[2m2025-12-10T10:19:17.254198Z[0m [34mDEBUG[0m [2mhyper::client::pool[0m[2m:[0m pooling idle connection for ("http", 192.168.0.14:8545)
[2m2025-12-10T10:19:17.254215Z[0m [34mDEBUG[0m [2mhyper::client::pool[0m[2m:[0m reuse idle connection for ("http", 192.168.0.14:8545)
[2m2025-12-10T10:19:17.254236Z[0m [34mDEBUG[0m [2mhyper::proto::h1::io[0m[2m:[0m flushed 172 bytes
[2m2025-12-10T10:19:17.258110Z[0m [34mDEBUG[0m [2mhyper::proto::h1::io[0m[2m:[0m parsed 4 headers
[2m2025-12-10T10:19:17.258117Z[0m [34mDEBUG[0m [2mhyper::proto::h1::conn[0m[2m:[0m incoming body is content-length (45 bytes)
[2m2025-12-10T10:19:17.258125Z[0m [34mDEBUG[0m [2mhyper::proto::h1::conn[0m[2m:[0m incoming body completed
[2m2025-12-10T10:19:17.258132Z[0m [34mDEBUG[0m [2mhyper::client::pool[0m[2m:[0m pooling idle connection for ("http", 192.168.0.14:8545)
[2m2025-12-10T10:19:17.258147Z[0m [34mDEBUG[0m [2mhyper::client::pool[0m[2m:[0m reuse idle connection for ("http", 192.168.0.14:8545)
[2m2025-12-10T10:19:17.258163Z[0m [34mDEBUG[0m [2mhyper::proto::h1::io[0m[2m:[0m flushed 172 bytes
[2m2025-12-10T10:19:17.262587Z[0m [34mDEBUG[0m [2mhyper::proto::h1::io[0m[2m:[0m parsed 4 headers
[2m2025-12-10T10:19:17.262631Z[0m [34mDEBUG[0m [2mhyper::proto::h1::conn[0m[2m:[0m incoming body is content-length (45 bytes)
[2m2025-12-10T10:19:17.262641Z[0m [34mDEBUG[0m [2mhyper::proto::h1::conn[0m[2m:[0m incoming body completed
[2m2025-12-10T10:19:17.262649Z[0m [34mDEBUG[0m [2mhyper::client::pool[0m[2m:[0m pooling idle connection for ("http", 192.168.0.14:8545)
[2m2025-12-10T10:19:17.262662Z[0m [34mDEBUG[0m [2mhyper::client::pool[0m[2m:[0m reuse idle connection for ("http", 192.168.0.14:8545)
[2m2025-12-10T10:19:17.262679Z[0m [34mDEBUG[0m [2mhyper::proto::h1::io[0m[2m:[0m flushed 172 bytes
[2m2025-12-10T10:19:17.266315Z[0m [34mDEBUG[0m [2mhyper::proto::h1::io[0m[2m:[0m parsed 4 headers
[2m2025-12-10T10:19:17.266320Z[0m [34mDEBUG[0m [2mhyper::proto::h1::conn[0m[2m:[0m incoming body is content-length (45 bytes)
[2m2025-12-10T10:19:17.266326Z[0m [34mDEBUG[0m [2mhyper::proto::h1::conn[0m[2m:[0m incoming body completed
[2m2025-12-10T10:19:17.266331Z[0m [34mDEBUG[0m [2mhyper::client::pool[0m[2m:[0m pooling idle connection for ("http", 192.168.0.14:8545)
[2m2025-12-10T10:19:17.266343Z[0m [34mDEBUG[0m [2mhyper::client::pool[0m[2m:[0m reuse idle connection for ("http", 192.168.0.14:8545)
[2m2025-12-10T10:19:17.266355Z[0m [34mDEBUG[0m [2mhyper::proto::h1::io[0m[2m:[0m flushed 172 bytes
[2m2025-12-10T10:19:17.270106Z[0m [34mDEBUG[0m [2mhyper::proto::h1::io[0m[2m:[0m parsed 4 headers
[2m2025-12-10T10:19:17.270126Z[0m [34mDEBUG[0m [2mhyper::proto::h1::conn[0m[2m:[0m incoming body is content-length (45 bytes)
[2m2025-12-10T10:19:17.270158Z[0m [34mDEBUG[0m [2mhyper::proto::h1::conn[0m[2m:[0m incoming body completed
[2m2025-12-10T10:19:17.270180Z[0m [34mDEBUG[0m [2mhyper::client::pool[0m[2m:[0m pooling idle connection for ("http", 192.168.0.14:8545)
[2m2025-12-10T10:19:17.270238Z[0m [34mDEBUG[0m [2mhyper::client::pool[0m[2m:[0m reuse idle connection for ("http", 192.168.0.14:8545)
[2m2025-12-10T10:19:17.270284Z[0m [34mDEBUG[0m [2mhyper::proto::h1::io[0m[2m:[0m flushed 172 bytes
[2m2025-12-10T10:19:17.283217Z[0m [34mDEBUG[0m [2mhyper::proto::h1::io[0m[2m:[0m parsed 4 headers
[2m2025-12-10T10:19:17.283243Z[0m [34mDEBUG[0m [2mhyper::proto::h1::conn[0m[2m:[0m incoming body is content-length (45 bytes)
[2m2025-12-10T10:19:17.283253Z[0m [34mDEBUG[0m [2mhyper::proto::h1::conn[0m[2m:[0m incoming body completed
[2m2025-12-10T10:19:17.283286Z[0m [34mDEBUG[0m [2mhyper::client::pool[0m[2m:[0m pooling idle connection for ("http", 192.168.0.14:8545)
[2m2025-12-10T10:19:17.283324Z[0m [34mDEBUG[0m [2mhyper::client::pool[0m[2m:[0m reuse idle connection for ("http", 192.168.0.14:8545)
[2m2025-12-10T10:19:17.283450Z[0m [34mDEBUG[0m [2mhyper::proto::h1::io[0m[2m:[0m flushed 172 bytes
[2m2025-12-10T10:19:17.286950Z[0m [34mDEBUG[0m [2mhyper::proto::h1::io[0m[2m:[0m parsed 4 headers
[2m2025-12-10T10:19:17.286964Z[0m [34mDEBUG[0m [2mhyper::proto::h1::conn[0m[2m:[0m incoming body is content-length (45 bytes)
[2m2025-12-10T10:19:17.286972Z[0m [34mDEBUG[0m [2mhyper::proto::h1::conn[0m[2m:[0m incoming body completed
[2m2025-12-10T10:19:17.287015Z[0m [34mDEBUG[0m [2mhyper::client::pool[0m[2m:[0m pooling idle connection for ("http", 192.168.0.14:8545)
[2m2025-12-10T10:19:17.288099Z[0m [34mDEBUG[0m [2mhyper::client::pool[0m[2m:[0m reuse idle connection for ("http", 192.168.0.14:8545)
[2m2025-12-10T10:19:17.288337Z[0m [34mDEBUG[0m [2mhyper::proto::h1::io[0m[2m:[0m flushed 172 bytes
[2m2025-12-10T10:19:17.293178Z[0m [34mDEBUG[0m [2mhyper::proto::h1::io[0m[2m:[0m parsed 4 headers
[2m2025-12-10T10:19:17.293205Z[0m [34mDEBUG[0m [2mhyper::proto::h1::conn[0m[2m:[0m incoming body is content-length (45 bytes)
[2m2025-12-10T10:19:17.293220Z[0m [34mDEBUG[0m [2mhyper::proto::h1::conn[0m[2m:[0m incoming body completed
[2m2025-12-10T10:19:17.293254Z[0m [34mDEBUG[0m [2mhyper::client::pool[0m[2m:[0m pooling idle connection for ("http", 192.168.0.14:8545)
[2m2025-12-10T10:19:17.293330Z[0m [34mDEBUG[0m [2mhyper::client::pool[0m[2m:[0m reuse idle connection for ("http", 192.168.0.14:8545)
[2m2025-12-10T10:19:17.293560Z[0m [34mDEBUG[0m [2mhyper::proto::h1::io[0m[2m:[0m flushed 172 bytes
[2m2025-12-10T10:19:17.297518Z[0m [34mDEBUG[0m [2mhyper::proto::h1::io[0m[2m:[0m parsed 4 headers
[2m2025-12-10T10:19:17.297576Z[0m [34mDEBUG[0m [2mhyper::proto::h1::conn[0m[2m:[0m incoming body is content-length (45 bytes)
[2m2025-12-10T10:19:17.297605Z[0m [34mDEBUG[0m [2mhyper::proto::h1::conn[0m[2m:[0m incoming body completed
[2m2025-12-10T10:19:17.297617Z[0m [34mDEBUG[0m [2mhyper::client::pool[0m[2m:[0m pooling idle connection for ("http", 192.168.0.14:8545)
[2m2025-12-10T10:19:17.297638Z[0m [34mDEBUG[0m [2mhyper::client::pool[0m[2m:[0m reuse idle connection for ("http", 192.168.0.14:8545)
[2m2025-12-10T10:19:17.297661Z[0m [34mDEBUG[0m [2mhyper::proto::h1::io[0m[2m:[0m flushed 172 bytes
[2m2025-12-10T10:19:17.301571Z[0m [34mDEBUG[0m [2mhyper::proto::h1::io[0m[2m:[0m parsed 4 headers
[2m2025-12-10T10:19:17.301578Z[0m [34mDEBUG[0m [2mhyper::proto::h1::conn[0m[2m:[0m incoming body is content-length (45 bytes)
[2m2025-12-10T10:19:17.301584Z[0m [34mDEBUG[0m [2mhyper::proto::h1::conn[0m[2m:[0m incoming body completed
[2m2025-12-10T10:19:17.301590Z[0m [34mDEBUG[0m [2mhyper::client::pool[0m[2m:[0m pooling idle connection for ("http", 192.168.0.14:8545)
[2m2025-12-10T10:19:17.301605Z[0m [34mDEBUG[0m [2mhyper::client::pool[0m[2m:[0m reuse idle connection for ("http", 192.168.0.14:8545)
[2m2025-12-10T10:19:17.301619Z[0m [34mDEBUG[0m [2mhyper::proto::h1::io[0m[2m:[0m flushed 172 bytes
[2m2025-12-10T10:19:17.305640Z[0m [34mDEBUG[0m [2mhyper::proto::h1::io[0m[2m:[0m parsed 4 headers
[2m2025-12-10T10:19:17.305647Z[0m [34mDEBUG[0m [2mhyper::proto::h1::conn[0m[2m:[0m incoming body is content-length (45 bytes)
[2m2025-12-10T10:19:17.305653Z[0m [34mDEBUG[0m [2mhyper::proto::h1::conn[0m[2m:[0m incoming body completed
[2m2025-12-10T10:19:17.305659Z[0m [34mDEBUG[0m [2mhyper::client::pool[0m[2m:[0m pooling idle connection for ("http", 192.168.0.14:8545)
[2m2025-12-10T10:19:17.305674Z[0m [34mDEBUG[0m [2mhyper::client::pool[0m[2m:[0m reuse idle connection for ("http", 192.168.0.14:8545)
[2m2025-12-10T10:19:17.305687Z[0m [34mDEBUG[0m [2mhyper::proto::h1::io[0m[2m:[0m flushed 172 bytes
[2m2025-12-10T10:19:17.309706Z[0m [34mDEBUG[0m [2mhyper::proto::h1::io[0m[2m:[0m parsed 4 headers
[2m2025-12-10T10:19:17.309718Z[0m [34mDEBUG[0m [2mhyper::proto::h1::conn[0m[2m:[0m incoming body is content-length (45 bytes)
[2m2025-12-10T10:19:17.309725Z[0m [34mDEBUG[0m [2mhyper::proto::h1::conn[0m[2m:[0m incoming body completed
[2m2025-12-10T10:19:17.309734Z[0m [34mDEBUG[0m [2mhyper::client::pool[0m[2m:[0m pooling idle connection for ("http", 192.168.0.14:8545)
[2m2025-12-10T10:19:17.309751Z[0m [34mDEBUG[0m [2mhyper::client::pool[0m[2m:[0m reuse idle connection for ("http", 192.168.0.14:8545)
[2m2025-12-10T10:19:17.309783Z[0m [34mDEBUG[0m [2mhyper::proto::h1::io[0m[2m:[0m flushed 172 bytes
[2m2025-12-10T10:19:17.313794Z[0m [34mDEBUG[0m [2mhyper::proto::h1::io[0m[2m:[0m parsed 4 headers
[2m2025-12-10T10:19:17.313801Z[0m [34mDEBUG[0m [2mhyper::proto::h1::conn[0m[2m:[0m incoming body is content-length (45 bytes)
[2m2025-12-10T10:19:17.313808Z[0m [34mDEBUG[0m [2mhyper::proto::h1::conn[0m[2m:[0m incoming body completed
[2m2025-12-10T10:19:17.313813Z[0m [34mDEBUG[0m [2mhyper::client::pool[0m[2m:[0m pooling idle connection for ("http", 192.168.0.14:8545)
[2m2025-12-10T10:19:17.313825Z[0m [34mDEBUG[0m [2mhyper::client::pool[0m[2m:[0m reuse idle connection for ("http", 192.168.0.14:8545)
[2m2025-12-10T10:19:17.313841Z[0m [34mDEBUG[0m [2mhyper::proto::h1::io[0m[2m:[0m flushed 172 bytes
[2m2025-12-10T10:19:17.319240Z[0m [34mDEBUG[0m [2mhyper::proto::h1::io[0m[2m:[0m parsed 4 headers
[2m2025-12-10T10:19:17.319250Z[0m [34mDEBUG[0m [2mhyper::proto::h1::conn[0m[2m:[0m incoming body is content-length (45 bytes)
[2m2025-12-10T10:19:17.319255Z[0m [34mDEBUG[0m [2mhyper::proto::h1::conn[0m[2m:[0m incoming body completed
[2m2025-12-10T10:19:17.319262Z[0m [34mDEBUG[0m [2mhyper::client::pool[0m[2m:[0m pooling idle connection for ("http", 192.168.0.14:8545)
[2m2025-12-10T10:19:17.319274Z[0m [34mDEBUG[0m [2mhyper::client::pool[0m[2m:[0m reuse idle connection for ("http", 192.168.0.14:8545)
[2m2025-12-10T10:19:17.319292Z[0m [34mDEBUG[0m [2mhyper::proto::h1::io[0m[2m:[0m flushed 172 bytes
[2m2025-12-10T10:19:17.324148Z[0m [34mDEBUG[0m [2mhyper::proto::h1::io[0m[2m:[0m parsed 4 headers
[2m2025-12-10T10:19:17.324155Z[0m [34mDEBUG[0m [2mhyper::proto::h1::conn[0m[2m:[0m incoming body is content-length (45 bytes)
[2m2025-12-10T10:19:17.324161Z[0m [34mDEBUG[0m [2mhyper::proto::h1::conn[0m[2m:[0m incoming body completed
[2m2025-12-10T10:19:17.324166Z[0m [34mDEBUG[0m [2mhyper::client::pool[0m[2m:[0m pooling idle connection for ("http", 192.168.0.14:8545)
[2m2025-12-10T10:19:17.324176Z[0m [34mDEBUG[0m [2mhyper::client::pool[0m[2m:[0m reuse idle connection for ("http", 192.168.0.14:8545)
[2m2025-12-10T10:19:17.324192Z[0m [34mDEBUG[0m [2mhyper::proto::h1::io[0m[2m:[0m flushed 172 bytes
[2m2025-12-10T10:19:17.327852Z[0m [34mDEBUG[0m [2mhyper::proto::h1::io[0m[2m:[0m parsed 4 headers
[2m2025-12-10T10:19:17.327858Z[0m [34mDEBUG[0m [2mhyper::proto::h1::conn[0m[2m:[0m incoming body is content-length (45 bytes)
[2m2025-12-10T10:19:17.327863Z[0m [34mDEBUG[0m [2mhyper::proto::h1::conn[0m[2m:[0m incoming body completed
[2m2025-12-10T10:19:17.327871Z[0m [34mDEBUG[0m [2mhyper::client::pool[0m[2m:[0m pooling idle connection for ("http", 192.168.0.14:8545)
[2m2025-12-10T10:19:17.327882Z[0m [34mDEBUG[0m [2mhyper::client::pool[0m[2m:[0m reuse idle connection for ("http", 192.168.0.14:8545)
[2m2025-12-10T10:19:17.327932Z[0m [34mDEBUG[0m [2mhyper::proto::h1::io[0m[2m:[0m flushed 172 bytes
[2m2025-12-10T10:19:17.332477Z[0m [34mDEBUG[0m [2mhyper::proto::h1::io[0m[2m:[0m parsed 4 headers
[2m2025-12-10T10:19:17.332483Z[0m [34mDEBUG[0m [2mhyper::proto::h1::conn[0m[2m:[0m incoming body is content-length (45 bytes)
[2m2025-12-10T10:19:17.332488Z[0m [34mDEBUG[0m [2mhyper::proto::h1::conn[0m[2m:[0m incoming body completed
[2m2025-12-10T10:19:17.332494Z[0m [34mDEBUG[0m [2mhyper::client::pool[0m[2m:[0m pooling idle connection for ("http", 192.168.0.14:8545)
[2m2025-12-10T10:19:17.332505Z[0m [34mDEBUG[0m [2mhyper::client::pool[0m[2m:[0m reuse idle connection for ("http", 192.168.0.14:8545)
[2m2025-12-10T10:19:17.332519Z[0m [34mDEBUG[0m [2mhyper::proto::h1::io[0m[2m:[0m flushed 172 bytes
[2m2025-12-10T10:19:17.343161Z[0m [34mDEBUG[0m [2mhyper::proto::h1::io[0m[2m:[0m parsed 4 headers
[2m2025-12-10T10:19:17.343845Z[0m [34mDEBUG[0m [2mhyper::proto::h1::conn[0m[2m:[0m incoming body is content-length (45 bytes)
[2m2025-12-10T10:19:17.343856Z[0m [34mDEBUG[0m [2mhyper::proto::h1::conn[0m[2m:[0m incoming body completed
[2m2025-12-10T10:19:17.343869Z[0m [34mDEBUG[0m [2mhyper::client::pool[0m[2m:[0m pooling idle connection for ("http", 192.168.0.14:8545)
[2m2025-12-10T10:19:17.346963Z[0m [34mDEBUG[0m [2mhyper::client::pool[0m[2m:[0m reuse idle connection for ("http", 192.168.0.14:8545)
[2m2025-12-10T10:19:17.347017Z[0m [34mDEBUG[0m [2mhyper::proto::h1::io[0m[2m:[0m flushed 172 bytes
[2m2025-12-10T10:19:17.349954Z[0m [34mDEBUG[0m [2mhyper::proto::h1::io[0m[2m:[0m parsed 4 headers
[2m2025-12-10T10:19:17.349960Z[0m [34mDEBUG[0m [2mhyper::proto::h1::conn[0m[2m:[0m incoming body is content-length (45 bytes)
[2m2025-12-10T10:19:17.349968Z[0m [34mDEBUG[0m [2mhyper::proto::h1::conn[0m[2m:[0m incoming body completed
[2m2025-12-10T10:19:17.349974Z[0m [34mDEBUG[0m [2mhyper::client::pool[0m[2m:[0m pooling idle connection for ("http", 192.168.0.14:8545)
[2m2025-12-10T10:19:17.349995Z[0m [34mDEBUG[0m [2mhyper::client::pool[0m[2m:[0m reuse idle connection for ("http", 192.168.0.14:8545)
[2m2025-12-10T10:19:17.350012Z[0m [34mDEBUG[0m [2mhyper::proto::h1::io[0m[2m:[0m flushed 172 bytes
[2m2025-12-10T10:19:17.388252Z[0m [34mDEBUG[0m [2mhyper::proto::h1::io[0m[2m:[0m parsed 4 headers
[2m2025-12-10T10:19:17.388482Z[0m [34mDEBUG[0m [2mhyper::proto::h1::conn[0m[2m:[0m incoming body is content-length (45 bytes)
[2m2025-12-10T10:19:17.388538Z[0m [34mDEBUG[0m [2mhyper::proto::h1::conn[0m[2m:[0m incoming body completed
[2m2025-12-10T10:19:17.388557Z[0m [34mDEBUG[0m [2mhyper::client::pool[0m[2m:[0m pooling idle connection for ("http", 192.168.0.14:8545)
[2m2025-12-10T10:19:17.390220Z[0m [34mDEBUG[0m [2mhyper::client::pool[0m[2m:[0m reuse idle connection for ("http", 192.168.0.14:8545)
[2m2025-12-10T10:19:17.390281Z[0m [34mDEBUG[0m [2mhyper::proto::h1::io[0m[2m:[0m flushed 172 bytes
[2m2025-12-10T10:19:17.393609Z[0m [34mDEBUG[0m [2mhyper::proto::h1::io[0m[2m:[0m parsed 4 headers
[2m2025-12-10T10:19:17.393623Z[0m [34mDEBUG[0m [2mhyper::proto::h1::conn[0m[2m:[0m incoming body is content-length (45 bytes)
[2m2025-12-10T10:19:17.393639Z[0m [34mDEBUG[0m [2mhyper::proto::h1::conn[0m[2m:[0m incoming body completed
[2m2025-12-10T10:19:17.393650Z[0m [34mDEBUG[0m [2mhyper::client::pool[0m[2m:[0m pooling idle connection for ("http", 192.168.0.14:8545)
[2m2025-12-10T10:19:17.393671Z[0m [34mDEBUG[0m [2mhyper::client::pool[0m[2m:[0m reuse idle connection for ("http", 192.168.0.14:8545)
[2m2025-12-10T10:19:17.423483Z[0m [34mDEBUG[0m [2mhyper::proto::h1::io[0m[2m:[0m flushed 172 bytes
[2m2025-12-10T10:19:17.788602Z[0m [34mDEBUG[0m [2methereum_transaction_pool_monitor::eth_client[0m[2m:[0m 📨 Received WebSocket message: {"jsonrpc":"2.0","method":"eth_subscription","params":{"subscription":"0xbed0a0851463e895960a451075a301a9","result":"0x498d10fa0f42c0943d61c7e9e7c59db6c35e72c7c8af4a3bef01363e96a30a35"}}
[2m2025-12-10T10:19:17.790532Z[0m [34mDEBUG[0m [2mhyper::proto::h1::io[0m[2m:[0m parsed 4 headers
[2m2025-12-10T10:19:17.790551Z[0m [34mDEBUG[0m [2mhyper::proto::h1::conn[0m[2m:[0m incoming body is content-length (45 bytes)
[2m2025-12-10T10:19:17.791076Z[0m [34mDEBUG[0m [2methereum_transaction_pool_monitor::eth_client[0m[2m:[0m 📨 Received pending transaction: 0x498d10fa0f42c0943d61c7e9e7c59db6c35e72c7c8af4a3bef01363e96a30a35
[2m2025-12-10T10:19:17.792201Z[0m [34mDEBUG[0m [2methereum_transaction_pool_monitor::eth_client[0m[2m:[0m 📨 Received WebSocket message: {"jsonrpc":"2.0","method":"eth_subscription","params":{"subscription":"0xbed0a0851463e895960a451075a301a9","result":"0xaf959f3a81042de56e9dfabb0209517868a190ba58748160fdf92768565fdc4a"}}
[2m2025-12-10T10:19:17.792210Z[0m [34mDEBUG[0m [2methereum_transaction_pool_monitor::eth_client[0m[2m:[0m 📨 Received pending transaction: 0xaf959f3a81042de56e9dfabb0209517868a190ba58748160fdf92768565fdc4a
[2m2025-12-10T10:19:17.792216Z[0m [34mDEBUG[0m [2methereum_transaction_pool_monitor::eth_client[0m[2m:[0m 📨 Received WebSocket message: {"jsonrpc":"2.0","method":"eth_subscription","params":{"subscription":"0xbed0a0851463e895960a451075a301a9","result":"0xd9505a1f079cf1e0a7f2f363febcf7728dbbbcdf37dc814692129d89e73f3cf8"}}
[2m2025-12-10T10:19:17.792222Z[0m [34mDEBUG[0m [2methereum_transaction_pool_monitor::eth_client[0m[2m:[0m 📨 Received pending transaction: 0xd9505a1f079cf1e0a7f2f363febcf7728dbbbcdf37dc814692129d89e73f3cf8
[2m2025-12-10T10:19:17.792875Z[0m [34mDEBUG[0m [2mhyper::proto::h1::conn[0m[2m:[0m incoming body completed
[2m2025-12-10T10:19:17.794918Z[0m [34mDEBUG[0m [2mhyper::client::pool[0m[2m:[0m pooling idle connection for ("http", 192.168.0.14:8545)
[2m2025-12-10T10:19:17.798422Z[0m [34mDEBUG[0m [2mhyper::client::pool[0m[2m:[0m reuse idle connection for ("http", 192.168.0.14:8545)
[2m2025-12-10T10:19:17.799205Z[0m [34mDEBUG[0m [2mhyper::proto::h1::io[0m[2m:[0m flushed 172 bytes
[2m2025-12-10T10:19:17.802695Z[0m [34mDEBUG[0m [2mhyper::proto::h1::io[0m[2m:[0m parsed 4 headers
[2m2025-12-10T10:19:17.802703Z[0m [34mDEBUG[0m [2mhyper::proto::h1::conn[0m[2m:[0m incoming body is content-length (45 bytes)
[2m2025-12-10T10:19:17.802714Z[0m [34mDEBUG[0m [2mhyper::proto::h1::conn[0m[2m:[0m incoming body completed
[2m2025-12-10T10:19:17.802725Z[0m [34mDEBUG[0m [2mhyper::client::pool[0m[2m:[0m pooling idle connection for ("http", 192.168.0.14:8545)
[2m2025-12-10T10:19:17.802780Z[0m [34mDEBUG[0m [2mhyper::client::pool[0m[2m:[0m reuse idle connection for ("http", 192.168.0.14:8545)
[2m2025-12-10T10:19:17.802825Z[0m [34mDEBUG[0m [2mhyper::proto::h1::io[0m[2m:[0m flushed 172 bytes
[2m2025-12-10T10:19:17.807853Z[0m [34mDEBUG[0m [2mhyper::proto::h1::io[0m[2m:[0m parsed 4 headers
[2m2025-12-10T10:19:17.807879Z[0m [34mDEBUG[0m [2mhyper::proto::h1::conn[0m[2m:[0m incoming body is content-length (45 bytes)
[2m2025-12-10T10:19:17.807889Z[0m [34mDEBUG[0m [2mhyper::proto::h1::conn[0m[2m:[0m incoming body completed
[2m2025-12-10T10:19:17.807900Z[0m [34mDEBUG[0m [2mhyper::client::pool[0m[2m:[0m pooling idle connection for ("http", 192.168.0.14:8545)
[2m2025-12-10T10:19:17.807937Z[0m [34mDEBUG[0m [2mhyper::client::pool[0m[2m:[0m reuse idle connection for ("http", 192.168.0.14:8545)
[2m2025-12-10T10:19:17.807974Z[0m [34mDEBUG[0m [2mhyper::proto::h1::io[0m[2m:[0m flushed 172 bytes
[2m2025-12-10T10:19:17.813935Z[0m [34mDEBUG[0m [2mhyper::proto::h1::io[0m[2m:[0m parsed 4 headers
[2m2025-12-10T10:19:17.814046Z[0m [34mDEBUG[0m [2mhyper::proto::h1::conn[0m[2m:[0m incoming body is content-length (45 bytes)
[2m2025-12-10T10:19:17.814066Z[0m [34mDEBUG[0m [2mhyper::proto::h1::conn[0m[2m:[0m incoming body completed
[2m2025-12-10T10:19:17.814117Z[0m [34mDEBUG[0m [2mhyper::client::pool[0m[2m:[0m pooling idle connection for ("http", 192.168.0.14:8545)
[2m2025-12-10T10:19:17.814156Z[0m [34mDEBUG[0m [2mhyper::client::pool[0m[2m:[0m reuse idle connection for ("http", 192.168.0.14:8545)
[2m2025-12-10T10:19:17.814181Z[0m [34mDEBUG[0m [2mhyper::proto::h1::io[0m[2m:[0m flushed 172 bytes
[2m2025-12-10T10:19:17.818350Z[0m [34mDEBUG[0m [2mhyper::proto::h1::io[0m[2m:[0m parsed 4 headers
[2m2025-12-10T10:19:17.818379Z[0m [34mDEBUG[0m [2mhyper::proto::h1::conn[0m[2m:[0m incoming body is content-length (45 bytes)
[2m2025-12-10T10:19:17.818397Z[0m [34mDEBUG[0m [2mhyper::proto::h1::conn[0m[2m:[0m incoming body completed
[2m2025-12-10T10:19:17.818436Z[0m [34mDEBUG[0m [2mhyper::client::pool[0m[2m:[0m pooling idle connection for ("http", 192.168.0.14:8545)
[2m2025-12-10T10:19:17.818467Z[0m [34mDEBUG[0m [2mhyper::client::pool[0m[2m:[0m reuse idle connection for ("http", 192.168.0.14:8545)
[2m2025-12-10T10:19:17.818491Z[0m [34mDEBUG[0m [2mhyper::proto::h1::io[0m[2m:[0m flushed 172 bytes
[2m2025-12-10T10:19:17.822106Z[0m [34mDEBUG[0m [2mhyper::proto::h1::io[0m[2m:[0m parsed 4 headers
[2m2025-12-10T10:19:17.822480Z[0m [34mDEBUG[0m [2mhyper::proto::h1::conn[0m[2m:[0m incoming body is content-length (45 bytes)
[2m2025-12-10T10:19:17.822487Z[0m [34mDEBUG[0m [2mhyper::proto::h1::conn[0m[2m:[0m incoming body completed
[2m2025-12-10T10:19:17.822496Z[0m [34mDEBUG[0m [2mhyper::client::pool[0m[2m:[0m pooling idle connection for ("http", 192.168.0.14:8545)
[2m2025-12-10T10:19:17.822924Z[0m [34mDEBUG[0m [2mhyper::client::pool[0m[2m:[0m reuse idle connection for ("http", 192.168.0.14:8545)
[2m2025-12-10T10:19:17.822990Z[0m [34mDEBUG[0m [2mhyper::proto::h1::io[0m[2m:[0m flushed 172 bytes
[2m2025-12-10T10:19:17.826769Z[0m [34mDEBUG[0m [2mhyper::proto::h1::io[0m[2m:[0m parsed 4 headers
[2m2025-12-10T10:19:17.826778Z[0m [34mDEBUG[0m [2mhyper::proto::h1::conn[0m[2m:[0m incoming body is content-length (45 bytes)
[2m2025-12-10T10:19:17.826785Z[0m [34mDEBUG[0m [2mhyper::proto::h1::conn[0m[2m:[0m incoming body completed
[2m2025-12-10T10:19:17.826792Z[0m [34mDEBUG[0m [2mhyper::client::pool[0m[2m:[0m pooling idle connection for ("http", 192.168.0.14:8545)
[2m2025-12-10T10:19:17.826838Z[0m [34mDEBUG[0m [2mhyper::client::pool[0m[2m:[0m reuse idle connection for ("http", 192.168.0.14:8545)
[2m2025-12-10T10:19:17.826862Z[0m [34mDEBUG[0m [2mhyper::proto::h1::io[0m[2m:[0m flushed 172 bytes
[2m2025-12-10T10:19:17.832347Z[0m [34mDEBUG[0m [2mhyper::proto::h1::io[0m[2m:[0m parsed 4 headers
[2m2025-12-10T10:19:17.832373Z[0m [34mDEBUG[0m [2mhyper::proto::h1::conn[0m[2m:[0m incoming body is content-length (45 bytes)
[2m2025-12-10T10:19:17.832383Z[0m [34mDEBUG[0m [2mhyper::proto::h1::conn[0m[2m:[0m incoming body completed
[2m2025-12-10T10:19:17.832400Z[0m [34mDEBUG[0m [2mhyper::client::pool[0m[2m:[0m pooling idle connection for ("http", 192.168.0.14:8545)
[2m2025-12-10T10:19:17.832428Z[0m [34mDEBUG[0m [2mhyper::client::pool[0m[2m:[0m reuse idle connection for ("http", 192.168.0.14:8545)
[2m2025-12-10T10:19:17.832459Z[0m [34mDEBUG[0m [2mhyper::proto::h1::io[0m[2m:[0m flushed 172 bytes
[2m2025-12-10T10:19:17.838471Z[0m [34mDEBUG[0m [2mhyper::proto::h1::io[0m[2m:[0m parsed 4 headers
[2m2025-12-10T10:19:17.838491Z[0m [34mDEBUG[0m [2mhyper::proto::h1::conn[0m[2m:[0m incoming body is content-length (45 bytes)
[2m2025-12-10T10:19:17.838503Z[0m [34mDEBUG[0m [2mhyper::proto::h1::conn[0m[2m:[0m incoming body completed
[2m2025-12-10T10:19:17.838627Z[0m [34mDEBUG[0m [2mhyper::client::pool[0m[2m:[0m pooling idle connection for ("http", 192.168.0.14:8545)
[2m2025-12-10T10:19:17.838745Z[0m [34mDEBUG[0m [2mhyper::client::pool[0m[2m:[0m reuse idle connection for ("http", 192.168.0.14:8545)
[2m2025-12-10T10:19:17.838828Z[0m [34mDEBUG[0m [2mhyper::proto::h1::io[0m[2m:[0m flushed 172 bytes
[2m2025-12-10T10:19:17.842339Z[0m [34mDEBUG[0m [2mhyper::proto::h1::io[0m[2m:[0m parsed 4 headers
[2m2025-12-10T10:19:17.842395Z[0m [34mDEBUG[0m [2mhyper::proto::h1::conn[0m[2m:[0m incoming body is content-length (45 bytes)
[2m2025-12-10T10:19:17.842404Z[0m [34mDEBUG[0m [2mhyper::proto::h1::conn[0m[2m:[0m incoming body completed
[2m2025-12-10T10:19:17.842414Z[0m [34mDEBUG[0m [2mhyper::client::pool[0m[2m:[0m pooling idle connection for ("http", 192.168.0.14:8545)
[2m2025-12-10T10:19:17.842437Z[0m [34mDEBUG[0m [2mhyper::client::pool[0m[2m:[0m reuse idle connection for ("http", 192.168.0.14:8545)
[2m2025-12-10T10:19:17.842463Z[0m [34mDEBUG[0m [2mhyper::proto::h1::io[0m[2m:[0m flushed 172 bytes
[2m2025-12-10T10:19:17.849655Z[0m [34mDEBUG[0m [2mhyper::proto::h1::io[0m[2m:[0m parsed 4 headers
[2m2025-12-10T10:19:17.849741Z[0m [34mDEBUG[0m [2mhyper::proto::h1::conn[0m[2m:[0m incoming body is content-length (45 bytes)
[2m2025-12-10T10:19:17.849756Z[0m [34mDEBUG[0m [2mhyper::proto::h1::conn[0m[2m:[0m incoming body completed
[2m2025-12-10T10:19:17.849778Z[0m [34mDEBUG[0m [2mhyper::client::pool[0m[2m:[0m pooling idle connection for ("http", 192.168.0.14:8545)
[2m2025-12-10T10:19:17.849854Z[0m [34mDEBUG[0m [2mhyper::client::pool[0m[2m:[0m reuse idle connection for ("http", 192.168.0.14:8545)
[2m2025-12-10T10:19:17.850566Z[0m [34mDEBUG[0m [2mhyper::proto::h1::io[0m[2m:[0m flushed 172 bytes
[2m2025-12-10T10:19:17.855578Z[0m [34mDEBUG[0m [2mhyper::proto::h1::io[0m[2m:[0m parsed 4 headers
[2m2025-12-10T10:19:17.855587Z[0m [34mDEBUG[0m [2mhyper::proto::h1::conn[0m[2m:[0m incoming body is content-length (45 bytes)
[2m2025-12-10T10:19:17.855596Z[0m [34mDEBUG[0m [2mhyper::proto::h1::conn[0m[2m:[0m incoming body completed
[2m2025-12-10T10:19:17.855606Z[0m [34mDEBUG[0m [2mhyper::client::pool[0m[2m:[0m pooling idle connection for ("http", 192.168.0.14:8545)
[2m2025-12-10T10:19:17.855639Z[0m [34mDEBUG[0m [2mhyper::client::pool[0m[2m:[0m reuse idle connection for ("http", 192.168.0.14:8545)
[2m2025-12-10T10:19:17.855668Z[0m [34mDEBUG[0m [2mhyper::proto::h1::io[0m[2m:[0m flushed 172 bytes
[2m2025-12-10T10:19:17.860881Z[0m [34mDEBUG[0m [2mhyper::proto::h1::io[0m[2m:[0m parsed 4 headers
[2m2025-12-10T10:19:17.860895Z[0m [34mDEBUG[0m [2mhyper::proto::h1::conn[0m[2m:[0m incoming body is content-length (45 bytes)
[2m2025-12-10T10:19:17.860905Z[0m [34mDEBUG[0m [2mhyper::proto::h1::conn[0m[2m:[0m incoming body completed
[2m2025-12-10T10:19:17.860917Z[0m [34mDEBUG[0m [2mhyper::client::pool[0m[2m:[0m pooling idle connection for ("http", 192.168.0.14:8545)
[2m2025-12-10T10:19:17.860947Z[0m [34mDEBUG[0m [2mhyper::client::pool[0m[2m:[0m reuse idle connection for ("http", 192.168.0.14:8545)
[2m2025-12-10T10:19:17.860976Z[0m [34mDEBUG[0m [2mhyper::proto::h1::io[0m[2m:[0m flushed 172 bytes
[2m2025-12-10T10:19:17.865276Z[0m [34mDEBUG[0m [2mhyper::proto::h1::io[0m[2m:[0m parsed 4 headers
[2m2025-12-10T10:19:17.865283Z[0m [34mDEBUG[0m [2mhyper::proto::h1::conn[0m[2m:[0m incoming body is content-length (45 bytes)
[2m2025-12-10T10:19:17.865289Z[0m [34mDEBUG[0m [2mhyper::proto::h1::conn[0m[2m:[0m incoming body completed
[2m2025-12-10T10:19:17.865296Z[0m [34mDEBUG[0m [2mhyper::client::pool[0m[2m:[0m pooling idle connection for ("http", 192.168.0.14:8545)
[2m2025-12-10T10:19:17.865312Z[0m [34mDEBUG[0m [2mhyper::client::pool[0m[2m:[0m reuse idle connection for ("http", 192.168.0.14:8545)
[2m2025-12-10T10:19:17.865329Z[0m [34mDEBUG[0m [2mhyper::proto::h1::io[0m[2m:[0m flushed 172 bytes
[2m2025-12-10T10:19:17.869198Z[0m [34mDEBUG[0m [2mhyper::proto::h1::io[0m[2m:[0m parsed 4 headers
[2m2025-12-10T10:19:17.869204Z[0m [34mDEBUG[0m [2mhyper::proto::h1::conn[0m[2m:[0m incoming body is content-length (45 bytes)
[2m2025-12-10T10:19:17.869209Z[0m [34mDEBUG[0m [2mhyper::proto::h1::conn[0m[2m:[0m incoming body completed
[2m2025-12-10T10:19:17.869214Z[0m [34mDEBUG[0m [2mhyper::client::pool[0m[2m:[0m pooling idle connection for ("http", 192.168.0.14:8545)
[2m2025-12-10T10:19:17.869227Z[0m [34mDEBUG[0m [2mhyper::client::pool[0m[2m:[0m reuse idle connection for ("http", 192.168.0.14:8545)
[2m2025-12-10T10:19:17.869242Z[0m [34mDEBUG[0m [2mhyper::proto::h1::io[0m[2m:[0m flushed 172 bytes
[2m2025-12-10T10:19:17.873635Z[0m [34mDEBUG[0m [2mhyper::proto::h1::io[0m[2m:[0m parsed 4 headers
[2m2025-12-10T10:19:17.873641Z[0m [34mDEBUG[0m [2mhyper::proto::h1::conn[0m[2m:[0m incoming body is content-length (45 bytes)
[2m2025-12-10T10:19:17.873647Z[0m [34mDEBUG[0m [2mhyper::proto::h1::conn[0m[2m:[0m incoming body completed
[2m2025-12-10T10:19:17.873652Z[0m [34mDEBUG[0m [2mhyper::client::pool[0m[2m:[0m pooling idle connection for ("http", 192.168.0.14:8545)
[2m2025-12-10T10:19:17.893967Z[0m [34mDEBUG[0m [2mhyper::client::pool[0m[2m:[0m reuse idle connection for ("http", 192.168.0.14:8545)
[2m2025-12-10T10:19:17.894133Z[0m [34mDEBUG[0m [2mhyper::proto::h1::io[0m[2m:[0m flushed 172 bytes
[2m2025-12-10T10:19:17.897068Z[0m [34mDEBUG[0m [2mhyper::proto::h1::io[0m[2m:[0m parsed 4 headers
[2m2025-12-10T10:19:17.897078Z[0m [34mDEBUG[0m [2mhyper::proto::h1::conn[0m[2m:[0m incoming body is content-length (45 bytes)
[2m2025-12-10T10:19:17.897234Z[0m [34mDEBUG[0m [2mhyper::proto::h1::conn[0m[2m:[0m incoming body completed
[2m2025-12-10T10:19:17.897246Z[0m [34mDEBUG[0m [2mhyper::client::pool[0m[2m:[0m pooling idle connection for ("http", 192.168.0.14:8545)
[2m2025-12-10T10:19:17.897268Z[0m [34mDEBUG[0m [2mhyper::client::pool[0m[2m:[0m reuse idle connection for ("http", 192.168.0.14:8545)
[2m2025-12-10T10:19:17.897294Z[0m [34mDEBUG[0m [2mhyper::proto::h1::io[0m[2m:[0m flushed 172 bytes
[2m2025-12-10T10:19:17.901138Z[0m [34mDEBUG[0m [2mhyper::proto::h1::io[0m[2m:[0m parsed 4 headers
[2m2025-12-10T10:19:17.901145Z[0m [34mDEBUG[0m [2mhyper::proto::h1::conn[0m[2m:[0m incoming body is content-length (45 bytes)
[2m2025-12-10T10:19:17.901151Z[0m [34mDEBUG[0m [2mhyper::proto::h1::conn[0m[2m:[0m incoming body completed
[2m2025-12-10T10:19:17.901158Z[0m [34mDEBUG[0m [2mhyper::client::pool[0m[2m:[0m pooling idle connection for ("http", 192.168.0.14:8545)
[2m2025-12-10T10:19:17.901174Z[0m [34mDEBUG[0m [2mhyper::client::pool[0m[2m:[0m reuse idle connection for ("http", 192.168.0.14:8545)
[2m2025-12-10T10:19:17.901191Z[0m [34mDEBUG[0m [2mhyper::proto::h1::io[0m[2m:[0m flushed 172 bytes
[2m2025-12-10T10:19:17.906877Z[0m [34mDEBUG[0m [2mhyper::proto::h1::io[0m[2m:[0m parsed 4 headers
[2m2025-12-10T10:19:17.907883Z[0m [34mDEBUG[0m [2mhyper::proto::h1::conn[0m[2m:[0m incoming body is content-length (45 bytes)
[2m2025-12-10T10:19:17.907892Z[0m [34mDEBUG[0m [2mhyper::proto::h1::conn[0m[2m:[0m incoming body completed
[2m2025-12-10T10:19:17.907900Z[0m [34mDEBUG[0m [2mhyper::client::pool[0m[2m:[0m pooling idle connection for ("http", 192.168.0.14:8545)
[2m2025-12-10T10:19:17.907916Z[0m [34mDEBUG[0m [2mhyper::client::pool[0m[2m:[0m reuse idle connection for ("http", 192.168.0.14:8545)
[2m2025-12-10T10:19:17.907944Z[0m [34mDEBUG[0m [2mhyper::proto::h1::io[0m[2m:[0m flushed 172 bytes
[2m2025-12-10T10:19:17.911500Z[0m [34mDEBUG[0m [2mhyper::proto::h1::io[0m[2m:[0m parsed 4 headers
[2m2025-12-10T10:19:17.911510Z[0m [34mDEBUG[0m [2mhyper::proto::h1::conn[0m[2m:[0m incoming body is content-length (45 bytes)
[2m2025-12-10T10:19:17.911517Z[0m [34mDEBUG[0m [2mhyper::proto::h1::conn[0m[2m:[0m incoming body completed
[2m2025-12-10T10:19:17.911525Z[0m [34mDEBUG[0m [2mhyper::client::pool[0m[2m:[0m pooling idle connection for ("http", 192.168.0.14:8545)
[2m2025-12-10T10:19:17.911540Z[0m [34mDEBUG[0m [2mhyper::client::pool[0m[2m:[0m reuse idle connection for ("http", 192.168.0.14:8545)
[2m2025-12-10T10:19:17.911558Z[0m [34mDEBUG[0m [2mhyper::proto::h1::io[0m[2m:[0m flushed 172 bytes
[2m2025-12-10T10:19:17.915187Z[0m [34mDEBUG[0m [2mhyper::proto::h1::io[0m[2m:[0m parsed 4 headers
[2m2025-12-10T10:19:17.915194Z[0m [34mDEBUG[0m [2mhyper::proto::h1::conn[0m[2m:[0m incoming body is content-length (45 bytes)
[2m2025-12-10T10:19:17.915199Z[0m [34mDEBUG[0m [2mhyper::proto::h1::conn[0m[2m:[0m incoming body completed
[2m2025-12-10T10:19:17.915205Z[0m [34mDEBUG[0m [2mhyper::client::pool[0m[2m:[0m pooling idle connection for ("http", 192.168.0.14:8545)
[2m2025-12-10T10:19:17.915215Z[0m [34mDEBUG[0m [2mhyper::client::pool[0m[2m:[0m reuse idle connection for ("http", 192.168.0.14:8545)
[2m2025-12-10T10:19:17.915230Z[0m [34mDEBUG[0m [2mhyper::proto::h1::io[0m[2m:[0m flushed 172 bytes
[2m2025-12-10T10:19:17.919440Z[0m [34mDEBUG[0m [2mhyper::proto::h1::io[0m[2m:[0m parsed 4 headers
[2m2025-12-10T10:19:17.919447Z[0m [34mDEBUG[0m [2mhyper::proto::h1::conn[0m[2m:[0m incoming body is content-length (45 bytes)
[2m2025-12-10T10:19:17.919452Z[0m [34mDEBUG[0m [2mhyper::proto::h1::conn[0m[2m:[0m incoming body completed
[2m2025-12-10T10:19:17.919458Z[0m [34mDEBUG[0m [2mhyper::client::pool[0m[2m:[0m pooling idle connection for ("http", 192.168.0.14:8545)
[2m2025-12-10T10:19:17.919468Z[0m [34mDEBUG[0m [2mhyper::client::pool[0m[2m:[0m reuse idle connection for ("http", 192.168.0.14:8545)
[2m2025-12-10T10:19:17.919484Z[0m [34mDEBUG[0m [2mhyper::proto::h1::io[0m[2m:[0m flushed 172 bytes
[2m2025-12-10T10:19:17.923712Z[0m [34mDEBUG[0m [2mhyper::proto::h1::io[0m[2m:[0m parsed 4 headers
[2m2025-12-10T10:19:17.923720Z[0m [34mDEBUG[0m [2mhyper::proto::h1::conn[0m[2m:[0m incoming body is content-length (45 bytes)
[2m2025-12-10T10:19:17.923726Z[0m [34mDEBUG[0m [2mhyper::proto::h1::conn[0m[2m:[0m incoming body completed
[2m2025-12-10T10:19:17.923732Z[0m [34mDEBUG[0m [2mhyper::client::pool[0m[2m:[0m pooling idle connection for ("http", 192.168.0.14:8545)
[2m2025-12-10T10:19:17.923743Z[0m [34mDEBUG[0m [2mhyper::client::pool[0m[2m:[0m reuse idle connection for ("http", 192.168.0.14:8545)
[2m2025-12-10T10:19:17.923760Z[0m [34mDEBUG[0m [2mhyper::proto::h1::io[0m[2m:[0m flushed 172 bytes
[2m2025-12-10T10:19:17.927723Z[0m [34mDEBUG[0m [2mhyper::proto::h1::io[0m[2m:[0m parsed 4 headers
[2m2025-12-10T10:19:17.927729Z[0m [34mDEBUG[0m [2mhyper::proto::h1::conn[0m[2m:[0m incoming body is content-length (45 bytes)
[2m2025-12-10T10:19:17.927735Z[0m [34mDEBUG[0m [2mhyper::proto::h1::conn[0m[2m:[0m incoming body completed
[2m2025-12-10T10:19:17.927756Z[0m [34mDEBUG[0m [2mhyper::client::pool[0m[2m:[0m pooling idle connection for ("http", 192.168.0.14:8545)
[2m2025-12-10T10:19:17.927771Z[0m [34mDEBUG[0m [2mhyper::client::pool[0m[2m:[0m reuse idle connection for ("http", 192.168.0.14:8545)
[2m2025-12-10T10:19:17.927787Z[0m [34mDEBUG[0m [2mhyper::proto::h1::io[0m[2m:[0m flushed 172 bytes
[2m2025-12-10T10:19:17.942155Z[0m [34mDEBUG[0m [2mhyper::proto::h1::io[0m[2m:[0m parsed 4 headers
[2m2025-12-10T10:19:17.942348Z[0m [34mDEBUG[0m [2mhyper::proto::h1::conn[0m[2m:[0m incoming body is content-length (45 bytes)
[2m2025-12-10T10:19:17.942386Z[0m [34mDEBUG[0m [2mhyper::proto::h1::conn[0m[2m:[0m incoming body completed
[2m2025-12-10T10:19:17.942580Z[0m [34mDEBUG[0m [2mhyper::client::pool[0m[2m:[0m pooling idle connection for ("http", 192.168.0.14:8545)
[2m2025-12-10T10:19:17.942616Z[0m [34mDEBUG[0m [2mhyper::client::pool[0m[2m:[0m reuse idle connection for ("http", 192.168.0.14:8545)
[2m2025-12-10T10:19:17.942661Z[0m [34mDEBUG[0m [2mhyper::proto::h1::io[0m[2m:[0m flushed 172 bytes
[2m2025-12-10T10:19:17.948119Z[0m [34mDEBUG[0m [2mhyper::proto::h1::io[0m[2m:[0m parsed 4 headers
[2m2025-12-10T10:19:17.948134Z[0m [34mDEBUG[0m [2mhyper::proto::h1::conn[0m[2m:[0m incoming body is content-length (45 bytes)
[2m2025-12-10T10:19:17.948143Z[0m [34mDEBUG[0m [2mhyper::proto::h1::conn[0m[2m:[0m incoming body completed
[2m2025-12-10T10:19:17.948158Z[0m [34mDEBUG[0m [2mhyper::client::pool[0m[2m:[0m pooling idle connection for ("http", 192.168.0.14:8545)
[2m2025-12-10T10:19:17.948186Z[0m [34mDEBUG[0m [2mhyper::client::pool[0m[2m:[0m reuse idle connection for ("http", 192.168.0.14:8545)
[2m2025-12-10T10:19:17.948214Z[0m [34mDEBUG[0m [2mhyper::proto::h1::io[0m[2m:[0m flushed 172 bytes
[2m2025-12-10T10:19:17.952531Z[0m [34mDEBUG[0m [2mhyper::proto::h1::io[0m[2m:[0m parsed 4 headers
[2m2025-12-10T10:19:17.952566Z[0m [34mDEBUG[0m [2mhyper::proto::h1::conn[0m[2m:[0m incoming body is content-length (45 bytes)
[2m2025-12-10T10:19:17.952577Z[0m [34mDEBUG[0m [2mhyper::proto::h1::conn[0m[2m:[0m incoming body completed
[2m2025-12-10T10:19:17.952588Z[0m [34mDEBUG[0m [2mhyper::client::pool[0m[2m:[0m pooling idle connection for ("http", 192.168.0.14:8545)
[2m2025-12-10T10:19:17.952610Z[0m [34mDEBUG[0m [2mhyper::client::pool[0m[2m:[0m reuse idle connection for ("http", 192.168.0.14:8545)
[2m2025-12-10T10:19:17.952649Z[0m [34mDEBUG[0m [2mhyper::proto::h1::io[0m[2m:[0m flushed 172 bytes
[2m2025-12-10T10:19:17.955674Z[0m [34mDEBUG[0m [2methereum_transaction_pool_monitor::eth_client[0m[2m:[0m 📨 Received WebSocket message: {"jsonrpc":"2.0","method":"eth_subscription","params":{"subscription":"0xbed0a0851463e895960a451075a301a9","result":"0x01b83a5590ee1cd5bd6b1a8af83d5264df03c4f19d721ed746a57552d37566ec"}}
[2m2025-12-10T10:19:17.955728Z[0m [34mDEBUG[0m [2methereum_transaction_pool_monitor::eth_client[0m[2m:[0m 📨 Received pending transaction: 0x01b83a5590ee1cd5bd6b1a8af83d5264df03c4f19d721ed746a57552d37566ec
[2m2025-12-10T10:19:17.955741Z[0m [34mDEBUG[0m [2methereum_transaction_pool_monitor::eth_client[0m[2m:[0m 📨 Received WebSocket message: {"jsonrpc":"2.0","method":"eth_subscription","params":{"subscription":"0xbed0a0851463e895960a451075a301a9","result":"0x77a5b935f69edeba0649ba994c83c0a51a02ebce1f5e5f3c9b334968f9abf924"}}
[2m2025-12-10T10:19:17.955747Z[0m [34mDEBUG[0m [2methereum_transaction_pool_monitor::eth_client[0m[2m:[0m 📨 Received pending transaction: 0x77a5b935f69edeba0649ba994c83c0a51a02ebce1f5e5f3c9b334968f9abf924
[2m2025-12-10T10:19:17.956354Z[0m [34mDEBUG[0m [2mhyper::proto::h1::io[0m[2m:[0m parsed 4 headers
[2m2025-12-10T10:19:17.956362Z[0m [34mDEBUG[0m [2mhyper::proto::h1::conn[0m[2m:[0m incoming body is content-length (45 bytes)
[2m2025-12-10T10:19:17.956370Z[0m [34mDEBUG[0m [2mhyper::proto::h1::conn[0m[2m:[0m incoming body completed
[2m2025-12-10T10:19:17.956381Z[0m [34mDEBUG[0m [2mhyper::client::pool[0m[2m:[0m pooling idle connection for ("http", 192.168.0.14:8545)
[2m2025-12-10T10:19:17.956406Z[0m [34mDEBUG[0m [2mhyper::client::pool[0m[2m:[0m reuse idle connection for ("http", 192.168.0.14:8545)
[2m2025-12-10T10:19:17.956428Z[0m [34mDEBUG[0m [2mhyper::proto::h1::io[0m[2m:[0m flushed 172 bytes
[2m2025-12-10T10:19:17.959670Z[0m [34mDEBUG[0m [2mhyper::proto::h1::io[0m[2m:[0m parsed 4 headers
[2m2025-12-10T10:19:17.959679Z[0m [34mDEBUG[0m [2mhyper::proto::h1::conn[0m[2m:[0m incoming body is content-length (45 bytes)
[2m2025-12-10T10:19:17.959686Z[0m [34mDEBUG[0m [2mhyper::proto::h1::conn[0m[2m:[0m incoming body completed
[2m2025-12-10T10:19:17.959693Z[0m [34mDEBUG[0m [2mhyper::client::pool[0m[2m:[0m pooling idle connection for ("http", 192.168.0.14:8545)
[2m2025-12-10T10:19:17.959712Z[0m [34mDEBUG[0m [2mhyper::client::pool[0m[2m:[0m reuse idle connection for ("http", 192.168.0.14:8545)
[2m2025-12-10T10:19:17.959730Z[0m [34mDEBUG[0m [2mhyper::proto::h1::io[0m[2m:[0m flushed 172 bytes
[2m2025-12-10T10:19:17.963613Z[0m [34mDEBUG[0m [2mhyper::proto::h1::io[0m[2m:[0m parsed 4 headers
[2m2025-12-10T10:19:17.963682Z[0m [34mDEBUG[0m [2mhyper::proto::h1::conn[0m[2m:[0m incoming body is content-length (45 bytes)
[2m2025-12-10T10:19:17.963693Z[0m [34mDEBUG[0m [2mhyper::proto::h1::conn[0m[2m:[0m incoming body completed
[2m2025-12-10T10:19:17.963707Z[0m [34mDEBUG[0m [2mhyper::client::pool[0m[2m:[0m pooling idle connection for ("http", 192.168.0.14:8545)
[2m2025-12-10T10:19:17.963742Z[0m [34mDEBUG[0m [2mhyper::client::pool[0m[2m:[0m reuse idle connection for ("http", 192.168.0.14:8545)
[2m2025-12-10T10:19:17.963800Z[0m [34mDEBUG[0m [2mhyper::proto::h1::io[0m[2m:[0m flushed 172 bytes
[2m2025-12-10T10:19:17.970752Z[0m [34mDEBUG[0m [2mhyper::proto::h1::io[0m[2m:[0m parsed 4 headers
[2m2025-12-10T10:19:17.970760Z[0m [34mDEBUG[0m [2mhyper::proto::h1::conn[0m[2m:[0m incoming body is content-length (45 bytes)
[2m2025-12-10T10:19:17.970766Z[0m [34mDEBUG[0m [2mhyper::proto::h1::conn[0m[2m:[0m incoming body completed
[2m2025-12-10T10:19:17.970772Z[0m [34mDEBUG[0m [2mhyper::client::pool[0m[2m:[0m pooling idle connection for ("http", 192.168.0.14:8545)
[2m2025-12-10T10:19:17.970788Z[0m [34mDEBUG[0m [2mhyper::client::pool[0m[2m:[0m reuse idle connection for ("http", 192.168.0.14:8545)
[2m2025-12-10T10:19:17.970805Z[0m [34mDEBUG[0m [2mhyper::proto::h1::io[0m[2m:[0m flushed 172 bytes
[2m2025-12-10T10:19:17.975211Z[0m [34mDEBUG[0m [2mhyper::proto::h1::io[0m[2m:[0m parsed 4 headers
[2m2025-12-10T10:19:17.975224Z[0m [34mDEBUG[0m [2mhyper::proto::h1::conn[0m[2m:[0m incoming body is content-length (45 bytes)
[2m2025-12-10T10:19:17.975256Z[0m [34mDEBUG[0m [2mhyper::proto::h1::conn[0m[2m:[0m incoming body completed
[2m2025-12-10T10:19:17.975335Z[0m [34mDEBUG[0m [2mhyper::client::pool[0m[2m:[0m pooling idle connection for ("http", 192.168.0.14:8545)
[2m2025-12-10T10:19:17.975357Z[0m [34mDEBUG[0m [2mhyper::client::pool[0m[2m:[0m reuse idle connection for ("http", 192.168.0.14:8545)
[2m2025-12-10T10:19:17.975383Z[0m [34mDEBUG[0m [2mhyper::proto::h1::io[0m[2m:[0m flushed 172 bytes
[2m2025-12-10T10:19:17.979929Z[0m [34mDEBUG[0m [2mhyper::proto::h1::io[0m[2m:[0m parsed 4 headers
[2m2025-12-10T10:19:17.980031Z[0m [34mDEBUG[0m [2mhyper::proto::h1::conn[0m[2m:[0m incoming body is content-length (45 bytes)
[2m2025-12-10T10:19:17.980184Z[0m [34mDEBUG[0m [2mhyper::proto::h1::conn[0m[2m:[0m incoming body completed
[2m2025-12-10T10:19:17.980214Z[0m [34mDEBUG[0m [2mhyper::client::pool[0m[2m:[0m pooling idle connection for ("http", 192.168.0.14:8545)
[2m2025-12-10T10:19:17.980233Z[0m [34mDEBUG[0m [2mhyper::client::pool[0m[2m:[0m reuse idle connection for ("http", 192.168.0.14:8545)
[2m2025-12-10T10:19:17.980329Z[0m [34mDEBUG[0m [2mhyper::proto::h1::io[0m[2m:[0m flushed 172 bytes
[2m2025-12-10T10:19:17.986776Z[0m [34mDEBUG[0m [2mhyper::proto::h1::io[0m[2m:[0m parsed 4 headers
[2m2025-12-10T10:19:17.986790Z[0m [34mDEBUG[0m [2mhyper::proto::h1::conn[0m[2m:[0m incoming body is content-length (45 bytes)
[2m2025-12-10T10:19:17.986799Z[0m [34mDEBUG[0m [2mhyper::proto::h1::conn[0m[2m:[0m incoming body completed
[2m2025-12-10T10:19:17.986809Z[0m [34mDEBUG[0m [2mhyper::client::pool[0m[2m:[0m pooling idle connection for ("http", 192.168.0.14:8545)
[2m2025-12-10T10:19:17.986871Z[0m [34mDEBUG[0m [2mhyper::client::pool[0m[2m:[0m reuse idle connection for ("http", 192.168.0.14:8545)
[2m2025-12-10T10:19:17.987185Z[0m [34mDEBUG[0m [2mhyper::proto::h1::io[0m[2m:[0m flushed 172 bytes
[2m2025-12-10T10:19:17.991701Z[0m [34mDEBUG[0m [2mhyper::proto::h1::io[0m[2m:[0m parsed 4 headers
[2m2025-12-10T10:19:17.991709Z[0m [34mDEBUG[0m [2mhyper::proto::h1::conn[0m[2m:[0m incoming body is content-length (45 bytes)
[2m2025-12-10T10:19:17.991715Z[0m [34mDEBUG[0m [2mhyper::proto::h1::conn[0m[2m:[0m incoming body completed
[2m2025-12-10T10:19:17.991721Z[0m [34mDEBUG[0m [2mhyper::client::pool[0m[2m:[0m pooling idle connection for ("http", 192.168.0.14:8545)
[2m2025-12-10T10:19:17.991735Z[0m [34mDEBUG[0m [2mhyper::client::pool[0m[2m:[0m reuse idle connection for ("http", 192.168.0.14:8545)
[2m2025-12-10T10:19:17.991752Z[0m [34mDEBUG[0m [2mhyper::proto::h1::io[0m[2m:[0m flushed 172 bytes
[2m2025-12-10T10:19:17.995984Z[0m [34mDEBUG[0m [2mhyper::proto::h1::io[0m[2m:[0m parsed 4 headers
[2m2025-12-10T10:19:17.995991Z[0m [34mDEBUG[0m [2mhyper::proto::h1::conn[0m[2m:[0m incoming body is content-length (45 bytes)
[2m2025-12-10T10:19:17.995997Z[0m [34mDEBUG[0m [2mhyper::proto::h1::conn[0m[2m:[0m incoming body completed
[2m2025-12-10T10:19:17.996003Z[0m [34mDEBUG[0m [2mhyper::client::pool[0m[2m:[0m pooling idle connection for ("http", 192.168.0.14:8545)
[2m2025-12-10T10:19:17.996017Z[0m [34mDEBUG[0m [2mhyper::client::pool[0m[2m:[0m reuse idle connection for ("http", 192.168.0.14:8545)
[2m2025-12-10T10:19:17.996034Z[0m [34mDEBUG[0m [2mhyper::proto::h1::io[0m[2m:[0m flushed 172 bytes
[2m2025-12-10T10:19:18.000580Z[0m [34mDEBUG[0m [2mhyper::proto::h1::io[0m[2m:[0m parsed 4 headers
[2m2025-12-10T10:19:18.020744Z[0m [34mDEBUG[0m [2mhyper::proto::h1::conn[0m[2m:[0m incoming body is content-length (45 bytes)
[2m2025-12-10T10:19:18.020757Z[0m [34mDEBUG[0m [2mhyper::proto::h1::conn[0m[2m:[0m incoming body completed
[2m2025-12-10T10:19:18.020768Z[0m [34mDEBUG[0m [2mhyper::client::pool[0m[2m:[0m pooling idle connection for ("http", 192.168.0.14:8545)
[2m2025-12-10T10:19:18.020946Z[0m [34mDEBUG[0m [2mhyper::client::pool[0m[2m:[0m reuse idle connection for ("http", 192.168.0.14:8545)
[2m2025-12-10T10:19:18.020968Z[0m [34mDEBUG[0m [2mhyper::proto::h1::io[0m[2m:[0m flushed 172 bytes
[2m2025-12-10T10:19:18.026574Z[0m [34mDEBUG[0m [2mhyper::proto::h1::io[0m[2m:[0m parsed 4 headers
[2m2025-12-10T10:19:18.026581Z[0m [34mDEBUG[0m [2mhyper::proto::h1::conn[0m[2m:[0m incoming body is content-length (45 bytes)
[2m2025-12-10T10:19:18.026587Z[0m [34mDEBUG[0m [2mhyper::proto::h1::conn[0m[2m:[0m incoming body completed
[2m2025-12-10T10:19:18.026594Z[0m [34mDEBUG[0m [2mhyper::client::pool[0m[2m:[0m pooling idle connection for ("http", 192.168.0.14:8545)
[2m2025-12-10T10:19:18.026613Z[0m [34mDEBUG[0m [2mhyper::client::pool[0m[2m:[0m reuse idle connection for ("http", 192.168.0.14:8545)
[2m2025-12-10T10:19:18.026628Z[0m [34mDEBUG[0m [2mhyper::proto::h1::io[0m[2m:[0m flushed 172 bytes
[2m2025-12-10T10:19:18.031057Z[0m [34mDEBUG[0m [2mhyper::proto::h1::io[0m[2m:[0m parsed 4 headers
[2m2025-12-10T10:19:18.031064Z[0m [34mDEBUG[0m [2mhyper::proto::h1::conn[0m[2m:[0m incoming body is content-length (45 bytes)
[2m2025-12-10T10:19:18.031070Z[0m [34mDEBUG[0m [2mhyper::proto::h1::conn[0m[2m:[0m incoming body completed
[2m2025-12-10T10:19:18.031076Z[0m [34mDEBUG[0m [2mhyper::client::pool[0m[2m:[0m pooling idle connection for ("http", 192.168.0.14:8545)
[2m2025-12-10T10:19:18.031090Z[0m [34mDEBUG[0m [2mhyper::client::pool[0m[2m:[0m reuse idle connection for ("http", 192.168.0.14:8545)
[2m2025-12-10T10:19:18.031106Z[0m [34mDEBUG[0m [2mhyper::proto::h1::io[0m[2m:[0m flushed 172 bytes
[2m2025-12-10T10:19:18.036685Z[0m [34mDEBUG[0m [2mhyper::proto::h1::io[0m[2m:[0m parsed 4 headers
[2m2025-12-10T10:19:18.036694Z[0m [34mDEBUG[0m [2mhyper::proto::h1::conn[0m[2m:[0m incoming body is content-length (45 bytes)
[2m2025-12-10T10:19:18.036703Z[0m [34mDEBUG[0m [2mhyper::proto::h1::conn[0m[2m:[0m incoming body completed
[2m2025-12-10T10:19:18.036711Z[0m [34mDEBUG[0m [2mhyper::client::pool[0m[2m:[0m pooling idle connection for ("http", 192.168.0.14:8545)
[2m2025-12-10T10:19:18.036730Z[0m [34mDEBUG[0m [2mhyper::client::pool[0m[2m:[0m reuse idle connection for ("http", 192.168.0.14:8545)
[2m2025-12-10T10:19:18.036746Z[0m [34mDEBUG[0m [2mhyper::proto::h1::io[0m[2m:[0m flushed 172 bytes
[2m2025-12-10T10:19:18.042735Z[0m [34mDEBUG[0m [2mhyper::proto::h1::io[0m[2m:[0m parsed 4 headers
[2m2025-12-10T10:19:18.043075Z[0m [34mDEBUG[0m [2mhyper::proto::h1::conn[0m[2m:[0m incoming body is content-length (45 bytes)
[2m2025-12-10T10:19:18.043087Z[0m [34mDEBUG[0m [2mhyper::proto::h1::conn[0m[2m:[0m incoming body completed
[2m2025-12-10T10:19:18.043099Z[0m [34mDEBUG[0m [2mhyper::client::pool[0m[2m:[0m pooling idle connection for ("http", 192.168.0.14:8545)
[2m2025-12-10T10:19:18.043204Z[0m [34mDEBUG[0m [2mhyper::client::pool[0m[2m:[0m reuse idle connection for ("http", 192.168.0.14:8545)
[2m2025-12-10T10:19:18.043310Z[0m [34mDEBUG[0m [2mhyper::proto::h1::io[0m[2m:[0m flushed 172 bytes
[2m2025-12-10T10:19:18.048415Z[0m [34mDEBUG[0m [2mhyper::proto::h1::io[0m[2m:[0m parsed 4 headers
[2m2025-12-10T10:19:18.048424Z[0m [34mDEBUG[0m [2mhyper::proto::h1::conn[0m[2m:[0m incoming body is content-length (45 bytes)
[2m2025-12-10T10:19:18.048432Z[0m [34mDEBUG[0m [2mhyper::proto::h1::conn[0m[2m:[0m incoming body completed
[2m2025-12-10T10:19:18.048439Z[0m [34mDEBUG[0m [2mhyper::client::pool[0m[2m:[0m pooling idle connection for ("http", 192.168.0.14:8545)
[2m2025-12-10T10:19:18.048458Z[0m [34mDEBUG[0m [2mhyper::client::pool[0m[2m:[0m reuse idle connection for ("http", 192.168.0.14:8545)
[2m2025-12-10T10:19:18.048482Z[0m [34mDEBUG[0m [2mhyper::proto::h1::io[0m[2m:[0m flushed 172 bytes
[2m2025-12-10T10:19:18.052556Z[0m [34mDEBUG[0m [2mhyper::proto::h1::io[0m[2m:[0m parsed 4 headers
[2m2025-12-10T10:19:18.052573Z[0m [34mDEBUG[0m [2mhyper::proto::h1::conn[0m[2m:[0m incoming body is content-length (45 bytes)
[2m2025-12-10T10:19:18.052580Z[0m [34mDEBUG[0m [2mhyper::proto::h1::conn[0m[2m:[0m incoming body completed
[2m2025-12-10T10:19:18.052587Z[0m [34mDEBUG[0m [2mhyper::client::pool[0m[2m:[0m pooling idle connection for ("http", 192.168.0.14:8545)
[2m2025-12-10T10:19:18.052602Z[0m [34mDEBUG[0m [2mhyper::client::pool[0m[2m:[0m reuse idle connection for ("http", 192.168.0.14:8545)
[2m2025-12-10T10:19:18.052621Z[0m [34mDEBUG[0m [2mhyper::proto::h1::io[0m[2m:[0m flushed 172 bytes
[2m2025-12-10T10:19:18.056430Z[0m [34mDEBUG[0m [2mhyper::proto::h1::io[0m[2m:[0m parsed 4 headers
[2m2025-12-10T10:19:18.056436Z[0m [34mDEBUG[0m [2mhyper::proto::h1::conn[0m[2m:[0m incoming body is content-length (45 bytes)
[2m2025-12-10T10:19:18.056441Z[0m [34mDEBUG[0m [2mhyper::proto::h1::conn[0m[2m:[0m incoming body completed
[2m2025-12-10T10:19:18.056447Z[0m [34mDEBUG[0m [2mhyper::client::pool[0m[2m:[0m pooling idle connection for ("http", 192.168.0.14:8545)
[2m2025-12-10T10:19:18.056460Z[0m [34mDEBUG[0m [2mhyper::client::pool[0m[2m:[0m reuse idle connection for ("http", 192.168.0.14:8545)
[2m2025-12-10T10:19:18.056477Z[0m [34mDEBUG[0m [2mhyper::proto::h1::io[0m[2m:[0m flushed 172 bytes
[2m2025-12-10T10:19:18.059817Z[0m [34mDEBUG[0m [2mhyper::proto::h1::io[0m[2m:[0m parsed 4 headers
[2m2025-12-10T10:19:18.059822Z[0m [34mDEBUG[0m [2mhyper::proto::h1::conn[0m[2m:[0m incoming body is content-length (45 bytes)
[2m2025-12-10T10:19:18.059827Z[0m [34mDEBUG[0m [2mhyper::proto::h1::conn[0m[2m:[0m incoming body completed
[2m2025-12-10T10:19:18.059832Z[0m [34mDEBUG[0m [2mhyper::client::pool[0m[2m:[0m pooling idle connection for ("http", 192.168.0.14:8545)
[2m2025-12-10T10:19:18.059843Z[0m [34mDEBUG[0m [2mhyper::client::pool[0m[2m:[0m reuse idle connection for ("http", 192.168.0.14:8545)
[2m2025-12-10T10:19:18.059858Z[0m [34mDEBUG[0m [2mhyper::proto::h1::io[0m[2m:[0m flushed 172 bytes
[2m2025-12-10T10:19:18.063578Z[0m [34mDEBUG[0m [2mhyper::proto::h1::io[0m[2m:[0m parsed 4 headers
[2m2025-12-10T10:19:18.063622Z[0m [34mDEBUG[0m [2mhyper::proto::h1::conn[0m[2m:[0m incoming body is content-length (45 bytes)
[2m2025-12-10T10:19:18.063647Z[0m [34mDEBUG[0m [2mhyper::proto::h1::conn[0m[2m:[0m incoming body completed
[2m2025-12-10T10:19:18.063682Z[0m [34mDEBUG[0m [2mhyper::client::pool[0m[2m:[0m pooling idle connection for ("http", 192.168.0.14:8545)
[2m2025-12-10T10:19:18.063724Z[0m [34mDEBUG[0m [2mhyper::client::pool[0m[2m:[0m reuse idle connection for ("http", 192.168.0.14:8545)
[2m2025-12-10T10:19:18.063854Z[0m [34mDEBUG[0m [2mhyper::proto::h1::io[0m[2m:[0m flushed 172 bytes
[2m2025-12-10T10:19:18.068000Z[0m [34mDEBUG[0m [2mhyper::proto::h1::io[0m[2m:[0m parsed 4 headers
[2m2025-12-10T10:19:18.068016Z[0m [34mDEBUG[0m [2mhyper::proto::h1::conn[0m[2m:[0m incoming body is content-length (45 bytes)
[2m2025-12-10T10:19:18.068047Z[0m [34mDEBUG[0m [2mhyper::proto::h1::conn[0m[2m:[0m incoming body completed
[2m2025-12-10T10:19:18.068059Z[0m [34mDEBUG[0m [2mhyper::client::pool[0m[2m:[0m pooling idle connection for ("http", 192.168.0.14:8545)
[2m2025-12-10T10:19:18.068080Z[0m [34mDEBUG[0m [2mhyper::client::pool[0m[2m:[0m reuse idle connection for ("http", 192.168.0.14:8545)
[2m2025-12-10T10:19:18.068108Z[0m [34mDEBUG[0m [2mhyper::proto::h1::io[0m[2m:[0m flushed 172 bytes
[2m2025-12-10T10:19:18.071498Z[0m [34mDEBUG[0m [2mhyper::proto::h1::io[0m[2m:[0m parsed 4 headers
[2m2025-12-10T10:19:18.071518Z[0m [34mDEBUG[0m [2mhyper::proto::h1::conn[0m[2m:[0m incoming body is content-length (45 bytes)
[2m2025-12-10T10:19:18.071527Z[0m [34mDEBUG[0m [2mhyper::proto::h1::conn[0m[2m:[0m incoming body completed
[2m2025-12-10T10:19:18.071534Z[0m [34mDEBUG[0m [2mhyper::client::pool[0m[2m:[0m pooling idle connection for ("http", 192.168.0.14:8545)
[2m2025-12-10T10:19:18.071555Z[0m [34mDEBUG[0m [2mhyper::client::pool[0m[2m:[0m reuse idle connection for ("http", 192.168.0.14:8545)
[2m2025-12-10T10:19:18.071572Z[0m [34mDEBUG[0m [2mhyper::proto::h1::io[0m[2m:[0m flushed 172 bytes
[2m2025-12-10T10:19:18.076276Z[0m [34mDEBUG[0m [2mhyper::proto::h1::io[0m[2m:[0m parsed 4 headers
[2m2025-12-10T10:19:18.076291Z[0m [34mDEBUG[0m [2mhyper::proto::h1::conn[0m[2m:[0m incoming body is content-length (45 bytes)
[2m2025-12-10T10:19:18.076297Z[0m [34mDEBUG[0m [2mhyper::proto::h1::conn[0m[2m:[0m incoming body completed
[2m2025-12-10T10:19:18.076305Z[0m [34mDEBUG[0m [2mhyper::client::pool[0m[2m:[0m pooling idle connection for ("http", 192.168.0.14:8545)
[2m2025-12-10T10:19:18.076330Z[0m [34mDEBUG[0m [2mhyper::client::pool[0m[2m:[0m reuse idle connection for ("http", 192.168.0.14:8545)
[2m2025-12-10T10:19:18.076350Z[0m [34mDEBUG[0m [2mhyper::proto::h1::io[0m[2m:[0m flushed 172 bytes
[2m2025-12-10T10:19:18.082658Z[0m [34mDEBUG[0m [2mhyper::proto::h1::io[0m[2m:[0m parsed 4 headers
[2m2025-12-10T10:19:18.082665Z[0m [34mDEBUG[0m [2mhyper::proto::h1::conn[0m[2m:[0m incoming body is content-length (45 bytes)
[2m2025-12-10T10:19:18.082671Z[0m [34mDEBUG[0m [2mhyper::proto::h1::conn[0m[2m:[0m incoming body completed
[2m2025-12-10T10:19:18.082678Z[0m [34mDEBUG[0m [2mhyper::client::pool[0m[2m:[0m pooling idle connection for ("http", 192.168.0.14:8545)
[2m2025-12-10T10:19:18.082693Z[0m [34mDEBUG[0m [2mhyper::client::pool[0m[2m:[0m reuse idle connection for ("http", 192.168.0.14:8545)
[2m2025-12-10T10:19:18.082713Z[0m [34mDEBUG[0m [2mhyper::proto::h1::io[0m[2m:[0m flushed 172 bytes
[2m2025-12-10T10:19:18.088002Z[0m [34mDEBUG[0m [2mhyper::proto::h1::io[0m[2m:[0m parsed 4 headers
[2m2025-12-10T10:19:18.088010Z[0m [34mDEBUG[0m [2mhyper::proto::h1::conn[0m[2m:[0m incoming body is content-length (45 bytes)
[2m2025-12-10T10:19:18.088016Z[0m [34mDEBUG[0m [2mhyper::proto::h1::conn[0m[2m:[0m incoming body completed
[2m2025-12-10T10:19:18.088022Z[0m [34mDEBUG[0m [2mhyper::client::pool[0m[2m:[0m pooling idle connection for ("http", 192.168.0.14:8545)
[2m2025-12-10T10:19:18.088035Z[0m [34mDEBUG[0m [2mhyper::client::pool[0m[2m:[0m reuse idle connection for ("http", 192.168.0.14:8545)
[2m2025-12-10T10:19:18.088052Z[0m [34mDEBUG[0m [2mhyper::proto::h1::io[0m[2m:[0m flushed 172 bytes
[2m2025-12-10T10:19:18.093783Z[0m [34mDEBUG[0m [2mhyper::proto::h1::io[0m[2m:[0m parsed 4 headers
[2m2025-12-10T10:19:18.093791Z[0m [34mDEBUG[0m [2mhyper::proto::h1::conn[0m[2m:[0m incoming body is content-length (45 bytes)
[2m2025-12-10T10:19:18.093796Z[0m [34mDEBUG[0m [2mhyper::proto::h1::conn[0m[2m:[0m incoming body completed
[2m2025-12-10T10:19:18.093802Z[0m [34mDEBUG[0m [2mhyper::client::pool[0m[2m:[0m pooling idle connection for ("http", 192.168.0.14:8545)
[2m2025-12-10T10:19:18.093813Z[0m [34mDEBUG[0m [2mhyper::client::pool[0m[2m:[0m reuse idle connection for ("http", 192.168.0.14:8545)
[2m2025-12-10T10:19:18.093828Z[0m [34mDEBUG[0m [2mhyper::proto::h1::io[0m[2m:[0m flushed 172 bytes
[2m2025-12-10T10:19:18.097996Z[0m [34mDEBUG[0m [2mhyper::proto::h1::io[0m[2m:[0m parsed 4 headers
[2m2025-12-10T10:19:18.098003Z[0m [34mDEBUG[0m [2mhyper::proto::h1::conn[0m[2m:[0m incoming body is content-length (45 bytes)
[2m2025-12-10T10:19:18.098009Z[0m [34mDEBUG[0m [2mhyper::proto::h1::conn[0m[2m:[0m incoming body completed
[2m2025-12-10T10:19:18.098020Z[0m [34mDEBUG[0m [2mhyper::client::pool[0m[2m:[0m pooling idle connection for ("http", 192.168.0.14:8545)
[2m2025-12-10T10:19:18.098033Z[0m [34mDEBUG[0m [2mhyper::client::pool[0m[2m:[0m reuse idle connection for ("http", 192.168.0.14:8545)
[2m2025-12-10T10:19:18.098048Z[0m [34mDEBUG[0m [2mhyper::proto::h1::io[0m[2m:[0m flushed 172 bytes
[2m2025-12-10T10:19:18.102028Z[0m [34mDEBUG[0m [2mhyper::proto::h1::io[0m[2m:[0m parsed 4 headers
[2m2025-12-10T10:19:18.102035Z[0m [34mDEBUG[0m [2mhyper::proto::h1::conn[0m[2m:[0m incoming body is content-length (45 bytes)
[2m2025-12-10T10:19:18.102040Z[0m [34mDEBUG[0m [2mhyper::proto::h1::conn[0m[2m:[0m incoming body completed
[2m2025-12-10T10:19:18.102045Z[0m [34mDEBUG[0m [2mhyper::client::pool[0m[2m:[0m pooling idle connection for ("http", 192.168.0.14:8545)
[2m2025-12-10T10:19:18.102055Z[0m [34mDEBUG[0m [2mhyper::client::pool[0m[2m:[0m reuse idle connection for ("http", 192.168.0.14:8545)
[2m2025-12-10T10:19:18.102071Z[0m [34mDEBUG[0m [2mhyper::proto::h1::io[0m[2m:[0m flushed 172 bytes
[2m2025-12-10T10:19:18.109147Z[0m [34mDEBUG[0m [2mhyper::proto::h1::io[0m[2m:[0m parsed 4 headers
[2m2025-12-10T10:19:18.109162Z[0m [34mDEBUG[0m [2mhyper::proto::h1::conn[0m[2m:[0m incoming body is content-length (45 bytes)
[2m2025-12-10T10:19:18.109217Z[0m [34mDEBUG[0m [2mhyper::proto::h1::conn[0m[2m:[0m incoming body completed
[2m2025-12-10T10:19:18.109316Z[0m [34mDEBUG[0m [2mhyper::client::pool[0m[2m:[0m pooling idle connection for ("http", 192.168.0.14:8545)
[2m2025-12-10T10:19:18.109558Z[0m [34mDEBUG[0m [2mhyper::client::pool[0m[2m:[0m reuse idle connection for ("http", 192.168.0.14:8545)
[2m2025-12-10T10:19:18.109578Z[0m [34mDEBUG[0m [2mhyper::proto::h1::io[0m[2m:[0m flushed 172 bytes
[2m2025-12-10T10:19:18.114486Z[0m [34mDEBUG[0m [2mhyper::proto::h1::io[0m[2m:[0m parsed 4 headers
[2m2025-12-10T10:19:18.114494Z[0m [34mDEBUG[0m [2mhyper::proto::h1::conn[0m[2m:[0m incoming body is content-length (45 bytes)
[2m2025-12-10T10:19:18.114508Z[0m [34mDEBUG[0m [2mhyper::proto::h1::conn[0m[2m:[0m incoming body completed
[2m2025-12-10T10:19:18.114514Z[0m [34mDEBUG[0m [2mhyper::client::pool[0m[2m:[0m pooling idle connection for ("http", 192.168.0.14:8545)
[2m2025-12-10T10:19:18.114528Z[0m [34mDEBUG[0m [2mhyper::client::pool[0m[2m:[0m reuse idle connection for ("http", 192.168.0.14:8545)
[2m2025-12-10T10:19:18.114543Z[0m [34mDEBUG[0m [2mhyper::proto::h1::io[0m[2m:[0m flushed 172 bytes
[2m2025-12-10T10:19:18.122396Z[0m [34mDEBUG[0m [2mhyper::proto::h1::io[0m[2m:[0m parsed 4 headers
[2m2025-12-10T10:19:18.122422Z[0m [34mDEBUG[0m [2mhyper::proto::h1::conn[0m[2m:[0m incoming body is content-length (45 bytes)
[2m2025-12-10T10:19:18.122450Z[0m [34mDEBUG[0m [2mhyper::proto::h1::conn[0m[2m:[0m incoming body completed
[2m2025-12-10T10:19:18.122516Z[0m [34mDEBUG[0m [2mhyper::client::pool[0m[2m:[0m pooling idle connection for ("http", 192.168.0.14:8545)
[2m2025-12-10T10:19:18.122544Z[0m [34mDEBUG[0m [2mhyper::client::pool[0m[2m:[0m reuse idle connection for ("http", 192.168.0.14:8545)
[2m2025-12-10T10:19:18.122568Z[0m [34mDEBUG[0m [2mhyper::proto::h1::io[0m[2m:[0m flushed 172 bytes
[2m2025-12-10T10:19:18.127417Z[0m [34mDEBUG[0m [2mhyper::proto::h1::io[0m[2m:[0m parsed 4 headers
[2m2025-12-10T10:19:18.127426Z[0m [34mDEBUG[0m [2mhyper::proto::h1::conn[0m[2m:[0m incoming body is content-length (45 bytes)
[2m2025-12-10T10:19:18.127433Z[0m [34mDEBUG[0m [2mhyper::proto::h1::conn[0m[2m:[0m incoming body completed
[2m2025-12-10T10:19:18.127448Z[0m [34mDEBUG[0m [2mhyper::client::pool[0m[2m:[0m pooling idle connection for ("http", 192.168.0.14:8545)
[2m2025-12-10T10:19:18.127465Z[0m [34mDEBUG[0m [2mhyper::client::pool[0m[2m:[0m reuse idle connection for ("http", 192.168.0.14:8545)
[2m2025-12-10T10:19:18.127508Z[0m [34mDEBUG[0m [2mhyper::proto::h1::io[0m[2m:[0m flushed 172 bytes
[2m2025-12-10T10:19:18.131658Z[0m [34mDEBUG[0m [2mhyper::proto::h1::io[0m[2m:[0m parsed 4 headers
[2m2025-12-10T10:19:18.131671Z[0m [34mDEBUG[0m [2mhyper::proto::h1::conn[0m[2m:[0m incoming body is content-length (45 bytes)
[2m2025-12-10T10:19:18.131678Z[0m [34mDEBUG[0m [2mhyper::proto::h1::conn[0m[2m:[0m incoming body completed
[2m2025-12-10T10:19:18.131737Z[0m [34mDEBUG[0m [2mhyper::client::pool[0m[2m:[0m pooling idle connection for ("http", 192.168.0.14:8545)
[2m2025-12-10T10:19:18.131895Z[0m [34mDEBUG[0m [2mhyper::client::pool[0m[2m:[0m reuse idle connection for ("http", 192.168.0.14:8545)
[2m2025-12-10T10:19:18.131926Z[0m [34mDEBUG[0m [2mhyper::proto::h1::io[0m[2m:[0m flushed 172 bytes
[2m2025-12-10T10:19:18.135413Z[0m [34mDEBUG[0m [2methereum_transaction_pool_monitor::eth_client[0m[2m:[0m ✅ Transaction 0xa2aceaf8078399ac6f92b8b952f72c4370aff976fde45a2618e022a4373efa76 fetched and parsed in 5.23036975s
[2m2025-12-10T10:19:18.135462Z[0m [34mDEBUG[0m [2mhyper::proto::h1::io[0m[2m:[0m parsed 4 headers
[2m2025-12-10T10:19:18.135473Z[0m [34mDEBUG[0m [2mhyper::proto::h1::conn[0m[2m:[0m incoming body is content-length (45 bytes)
[2m2025-12-10T10:19:18.135502Z[0m [34mDEBUG[0m [2mhyper::proto::h1::conn[0m[2m:[0m incoming body completed
[2m2025-12-10T10:19:18.135537Z[0m [34mDEBUG[0m [2mhyper::client::pool[0m[2m:[0m pooling idle connection for ("http", 192.168.0.14:8545)
[2m2025-12-10T10:19:18.135622Z[0m [34mDEBUG[0m [2mhyper::client::pool[0m[2m:[0m reuse idle connection for ("http", 192.168.0.14:8545)
[2m2025-12-10T10:19:18.135696Z[0m [34mDEBUG[0m [2mhyper::proto::h1::io[0m[2m:[0m flushed 172 bytes
[2m2025-12-10T10:19:18.140566Z[0m [34mDEBUG[0m [2mhyper::proto::h1::io[0m[2m:[0m parsed 4 headers
[2m2025-12-10T10:19:18.140577Z[0m [34mDEBUG[0m [2mhyper::proto::h1::conn[0m[2m:[0m incoming body is content-length (45 bytes)
[2m2025-12-10T10:19:18.140584Z[0m [34mDEBUG[0m [2mhyper::proto::h1::conn[0m[2m:[0m incoming body completed
[2m2025-12-10T10:19:18.140594Z[0m [34mDEBUG[0m [2mhyper::client::pool[0m[2m:[0m pooling idle connection for ("http", 192.168.0.14:8545)
[2m2025-12-10T10:19:18.140615Z[0m [34mDEBUG[0m [2mhyper::client::pool[0m[2m:[0m reuse idle connection for ("http", 192.168.0.14:8545)
[2m2025-12-10T10:19:18.140635Z[0m [34mDEBUG[0m [2mhyper::proto::h1::io[0m[2m:[0m flushed 172 bytes
[2m2025-12-10T10:19:18.144565Z[0m [34mDEBUG[0m [2mhyper::proto::h1::io[0m[2m:[0m parsed 4 headers
[2m2025-12-10T10:19:18.144572Z[0m [34mDEBUG[0m [2mhyper::proto::h1::conn[0m[2m:[0m incoming body is content-length (45 bytes)
[2m2025-12-10T10:19:18.144578Z[0m [34mDEBUG[0m [2mhyper::proto::h1::conn[0m[2m:[0m incoming body completed
[2m2025-12-10T10:19:18.144584Z[0m [34mDEBUG[0m [2mhyper::client::pool[0m[2m:[0m pooling idle connection for ("http", 192.168.0.14:8545)
[2m2025-12-10T10:19:18.144599Z[0m [34mDEBUG[0m [2mhyper::client::pool[0m[2m:[0m reuse idle connection for ("http", 192.168.0.14:8545)
[2m2025-12-10T10:19:18.144615Z[0m [34mDEBUG[0m [2mhyper::proto::h1::io[0m[2m:[0m flushed 172 bytes
[2m2025-12-10T10:19:18.149616Z[0m [34mDEBUG[0m [2mhyper::proto::h1::io[0m[2m:[0m parsed 4 headers
[2m2025-12-10T10:19:18.149622Z[0m [34mDEBUG[0m [2mhyper::proto::h1::conn[0m[2m:[0m incoming body is content-length (45 bytes)
[2m2025-12-10T10:19:18.149627Z[0m [34mDEBUG[0m [2mhyper::proto::h1::conn[0m[2m:[0m incoming body completed
[2m2025-12-10T10:19:18.149635Z[0m [34mDEBUG[0m [2mhyper::client::pool[0m[2m:[0m pooling idle connection for ("http", 192.168.0.14:8545)
[2m2025-12-10T10:19:18.149648Z[0m [34mDEBUG[0m [2mhyper::client::pool[0m[2m:[0m reuse idle connection for ("http", 192.168.0.14:8545)
[2m2025-12-10T10:19:18.149664Z[0m [34mDEBUG[0m [2mhyper::proto::h1::io[0m[2m:[0m flushed 172 bytes
[2m2025-12-10T10:19:18.155569Z[0m [34mDEBUG[0m [2mhyper::proto::h1::io[0m[2m:[0m parsed 4 headers
[2m2025-12-10T10:19:18.155576Z[0m [34mDEBUG[0m [2mhyper::proto::h1::conn[0m[2m:[0m incoming body is content-length (45 bytes)
[2m2025-12-10T10:19:18.155582Z[0m [34mDEBUG[0m [2mhyper::proto::h1::conn[0m[2m:[0m incoming body completed
[2m2025-12-10T10:19:18.155761Z[0m [34mDEBUG[0m [2mhyper::client::pool[0m[2m:[0m pooling idle connection for ("http", 192.168.0.14:8545)
[2m2025-12-10T10:19:18.155771Z[0m [34mDEBUG[0m [2mhyper::client::pool[0m[2m:[0m reuse idle connection for ("http", 192.168.0.14:8545)
[2m2025-12-10T10:19:18.155785Z[0m [34mDEBUG[0m [2mhyper::proto::h1::io[0m[2m:[0m flushed 172 bytes
[2m2025-12-10T10:19:18.159171Z[0m [34mDEBUG[0m [2mhyper::proto::h1::io[0m[2m:[0m parsed 4 headers
[2m2025-12-10T10:19:18.159176Z[0m [34mDEBUG[0m [2mhyper::proto::h1::conn[0m[2m:[0m incoming body is content-length (45 bytes)
[2m2025-12-10T10:19:18.159180Z[0m [34mDEBUG[0m [2mhyper::proto::h1::conn[0m[2m:[0m incoming body completed
[2m2025-12-10T10:19:18.159185Z[0m [34mDEBUG[0m [2mhyper::client::pool[0m[2m:[0m pooling idle connection for ("http", 192.168.0.14:8545)
[2m2025-12-10T10:19:18.159194Z[0m [34mDEBUG[0m [2mhyper::client::pool[0m[2m:[0m reuse idle connection for ("http", 192.168.0.14:8545)
[2m2025-12-10T10:19:18.159208Z[0m [34mDEBUG[0m [2mhyper::proto::h1::io[0m[2m:[0m flushed 172 bytes
[2m2025-12-10T10:19:18.162637Z[0m [34mDEBUG[0m [2mhyper::proto::h1::io[0m[2m:[0m parsed 4 headers
[2m2025-12-10T10:19:18.162644Z[0m [34mDEBUG[0m [2mhyper::proto::h1::conn[0m[2m:[0m incoming body is content-length (45 bytes)
[2m2025-12-10T10:19:18.162717Z[0m [34mDEBUG[0m [2mhyper::proto::h1::conn[0m[2m:[0m incoming body completed
[2m2025-12-10T10:19:18.162773Z[0m [34mDEBUG[0m [2mhyper::client::pool[0m[2m:[0m pooling idle connection for ("http", 192.168.0.14:8545)
[2m2025-12-10T10:19:18.162791Z[0m [34mDEBUG[0m [2mhyper::client::pool[0m[2m:[0m reuse idle connection for ("http", 192.168.0.14:8545)
[2m2025-12-10T10:19:18.162806Z[0m [34mDEBUG[0m [2mhyper::proto::h1::io[0m[2m:[0m flushed 172 bytes
[2m2025-12-10T10:19:18.167925Z[0m [34mDEBUG[0m [2mhyper::proto::h1::io[0m[2m:[0m parsed 4 headers
[2m2025-12-10T10:19:18.167931Z[0m [34mDEBUG[0m [2mhyper::proto::h1::conn[0m[2m:[0m incoming body is content-length (45 bytes)
[2m2025-12-10T10:19:18.167937Z[0m [34mDEBUG[0m [2mhyper::proto::h1::conn[0m[2m:[0m incoming body completed
[2m2025-12-10T10:19:18.167944Z[0m [34mDEBUG[0m [2mhyper::client::pool[0m[2m:[0m pooling idle connection for ("http", 192.168.0.14:8545)
[2m2025-12-10T10:19:18.167953Z[0m [34mDEBUG[0m [2mhyper::client::pool[0m[2m:[0m reuse idle connection for ("http", 192.168.0.14:8545)
[2m2025-12-10T10:19:18.167969Z[0m [34mDEBUG[0m [2mhyper::proto::h1::io[0m[2m:[0m flushed 172 bytes
[2m2025-12-10T10:19:18.170911Z[0m [34mDEBUG[0m [2mhyper::proto::h1::io[0m[2m:[0m parsed 4 headers
[2m2025-12-10T10:19:18.170917Z[0m [34mDEBUG[0m [2mhyper::proto::h1::conn[0m[2m:[0m incoming body is content-length (45 bytes)
[2m2025-12-10T10:19:18.170926Z[0m [34mDEBUG[0m [2mhyper::proto::h1::conn[0m[2m:[0m incoming body completed
[2m2025-12-10T10:19:18.170932Z[0m [34mDEBUG[0m [2mhyper::client::pool[0m[2m:[0m pooling idle connection for ("http", 192.168.0.14:8545)
[2m2025-12-10T10:19:18.170942Z[0m [34mDEBUG[0m [2mhyper::client::pool[0m[2m:[0m reuse idle connection for ("http", 192.168.0.14:8545)
[2m2025-12-10T10:19:18.170956Z[0m [34mDEBUG[0m [2mhyper::proto::h1::io[0m[2m:[0m flushed 172 bytes
[2m2025-12-10T10:19:18.175079Z[0m [34mDEBUG[0m [2mhyper::proto::h1::io[0m[2m:[0m parsed 4 headers
[2m2025-12-10T10:19:18.175084Z[0m [34mDEBUG[0m [2mhyper::proto::h1::conn[0m[2m:[0m incoming body is content-length (45 bytes)
[2m2025-12-10T10:19:18.175089Z[0m [34mDEBUG[0m [2mhyper::proto::h1::conn[0m[2m:[0m incoming body completed
[2m2025-12-10T10:19:18.175094Z[0m [34mDEBUG[0m [2mhyper::client::pool[0m[2m:[0m pooling idle connection for ("http", 192.168.0.14:8545)
[2m2025-12-10T10:19:18.175103Z[0m [34mDEBUG[0m [2mhyper::client::pool[0m[2m:[0m reuse idle connection for ("http", 192.168.0.14:8545)
[2m2025-12-10T10:19:18.175116Z[0m [34mDEBUG[0m [2mhyper::proto::h1::io[0m[2m:[0m flushed 172 bytes
[2m2025-12-10T10:19:18.178842Z[0m [34mDEBUG[0m [2mhyper::proto::h1::io[0m[2m:[0m parsed 4 headers
[2m2025-12-10T10:19:18.178848Z[0m [34mDEBUG[0m [2mhyper::proto::h1::conn[0m[2m:[0m incoming body is content-length (45 bytes)
[2m2025-12-10T10:19:18.178853Z[0m [34mDEBUG[0m [2mhyper::proto::h1::conn[0m[2m:[0m incoming body completed
[2m2025-12-10T10:19:18.178858Z[0m [34mDEBUG[0m [2mhyper::client::pool[0m[2m:[0m pooling idle connection for ("http", 192.168.0.14:8545)
[2m2025-12-10T10:19:18.178866Z[0m [34mDEBUG[0m [2mhyper::client::pool[0m[2m:[0m reuse idle connection for ("http", 192.168.0.14:8545)
[2m2025-12-10T10:19:18.178879Z[0m [34mDEBUG[0m [2mhyper::proto::h1::io[0m[2m:[0m flushed 172 bytes
[2m2025-12-10T10:19:18.183045Z[0m [34mDEBUG[0m [2mhyper::proto::h1::io[0m[2m:[0m parsed 4 headers
[2m2025-12-10T10:19:18.183053Z[0m [34mDEBUG[0m [2mhyper::proto::h1::conn[0m[2m:[0m incoming body is content-length (45 bytes)
[2m2025-12-10T10:19:18.183059Z[0m [34mDEBUG[0m [2mhyper::proto::h1::conn[0m[2m:[0m incoming body completed
[2m2025-12-10T10:19:18.183065Z[0m [34mDEBUG[0m [2mhyper::client::pool[0m[2m:[0m pooling idle connection for ("http", 192.168.0.14:8545)
[2m2025-12-10T10:19:18.183076Z[0m [34mDEBUG[0m [2mhyper::client::pool[0m[2m:[0m reuse idle connection for ("http", 192.168.0.14:8545)
[2m2025-12-10T10:19:18.183148Z[0m [34mDEBUG[0m [2mhyper::proto::h1::io[0m[2m:[0m flushed 172 bytes
[2m2025-12-10T10:19:18.136466Z[0m [34mDEBUG[0m [2methereum_transaction_pool_monitor::mempool_monitor[0m[2m:[0m 🔍 Skipping tx 0xa2aceaf8078399ac6f92b8b952f72c4370aff976fde45a2618e022a4373efa76 - not a DEX interaction (target: 0xa4cCcd8bF21CbDDcDbe73729e9F2531eDC3dB562)
[2m2025-12-10T10:19:18.187656Z[0m [34mDEBUG[0m [2methereum_transaction_pool_monitor::mempool_monitor[0m[2m:[0m 📨 Processing new pending transaction: 0xe47800f2f249df4bb1a115a3bb05c6937d890d2797db9da938b647770f6678e8
[2m2025-12-10T10:19:18.187667Z[0m [34mDEBUG[0m [2methereum_transaction_pool_monitor::mempool_monitor[0m[2m:[0m 🔍 Fetching transaction details for: 0xe47800f2f249df4bb1a115a3bb05c6937d890d2797db9da938b647770f6678e8
[2m2025-12-10T10:19:18.187673Z[0m [34mDEBUG[0m [2methereum_transaction_pool_monitor::eth_client[0m[2m:[0m 🔍 Fetching transaction details for hash: 0xe47800f2f249df4bb1a115a3bb05c6937d890d2797db9da938b647770f6678e8
[2m2025-12-10T10:19:18.187691Z[0m [34mDEBUG[0m [2mhyper::client::pool[0m[2m:[0m reuse idle connection for ("http", 192.168.0.14:8545)
[2m2025-12-10T10:19:18.187747Z[0m [34mDEBUG[0m [2mhyper::proto::h1::io[0m[2m:[0m flushed 250 bytes
[2m2025-12-10T10:19:18.198155Z[0m [34mDEBUG[0m [2methereum_transaction_pool_monitor::eth_client[0m[2m:[0m 📨 Received WebSocket message: {"jsonrpc":"2.0","method":"eth_subscription","params":{"subscription":"0xbed0a0851463e895960a451075a301a9","result":"0x88450fbe75fec8b0a069c176295c9f3fede43bd0745e3b9acd2966d4d6b94a81"}}
[2m2025-12-10T10:19:18.198173Z[0m [34mDEBUG[0m [2methereum_transaction_pool_monitor::eth_client[0m[2m:[0m 📨 Received pending transaction: 0x88450fbe75fec8b0a069c176295c9f3fede43bd0745e3b9acd2966d4d6b94a81
[2m2025-12-10T10:19:18.198190Z[0m [34mDEBUG[0m [2methereum_transaction_pool_monitor::eth_client[0m[2m:[0m 📨 Received WebSocket message: {"jsonrpc":"2.0","method":"eth_subscription","params":{"subscription":"0xbed0a0851463e895960a451075a301a9","result":"0x89f88618d46a617c62177542f39811bd6a60f950db699ecaaeb4b6bcf70c9046"}}
[2m2025-12-10T10:19:18.198199Z[0m [34mDEBUG[0m [2methereum_transaction_pool_monitor::eth_client[0m[2m:[0m 📨 Received pending transaction: 0x89f88618d46a617c62177542f39811bd6a60f950db699ecaaeb4b6bcf70c9046
[2m2025-12-10T10:19:18.198216Z[0m [34mDEBUG[0m [2methereum_transaction_pool_monitor::eth_client[0m[2m:[0m 📨 Received WebSocket message: {"jsonrpc":"2.0","method":"eth_subscription","params":{"subscription":"0xbed0a0851463e895960a451075a301a9","result":"0x17db904320c66564672012b0dc3cfb446bbed8dc1adfa831876391f93432555e"}}
[2m2025-12-10T10:19:18.198223Z[0m [34mDEBUG[0m [2methereum_transaction_pool_monitor::eth_client[0m[2m:[0m 📨 Received pending transaction: 0x17db904320c66564672012b0dc3cfb446bbed8dc1adfa831876391f93432555e
[2m2025-12-10T10:19:18.198441Z[0m [34mDEBUG[0m [2mhyper::proto::h1::io[0m[2m:[0m parsed 4 headers
[2m2025-12-10T10:19:18.198447Z[0m [34mDEBUG[0m [2mhyper::proto::h1::conn[0m[2m:[0m incoming body is content-length (45 bytes)
[2m2025-12-10T10:19:18.198453Z[0m [34mDEBUG[0m [2mhyper::proto::h1::conn[0m[2m:[0m incoming body completed
[2m2025-12-10T10:19:18.198463Z[0m [34mDEBUG[0m [2mhyper::client::pool[0m[2m:[0m pooling idle connection for ("http", 192.168.0.14:8545)
[2m2025-12-10T10:19:18.198484Z[0m [34mDEBUG[0m [2mhyper::client::pool[0m[2m:[0m reuse idle connection for ("http", 192.168.0.14:8545)
[2m2025-12-10T10:19:18.198505Z[0m [34mDEBUG[0m [2mhyper::proto::h1::io[0m[2m:[0m flushed 172 bytes
[2m2025-12-10T10:19:18.226801Z[0m [34mDEBUG[0m [2mhyper::proto::h1::io[0m[2m:[0m parsed 4 headers
[2m2025-12-10T10:19:18.226817Z[0m [34mDEBUG[0m [2mhyper::proto::h1::conn[0m[2m:[0m incoming body is content-length (903 bytes)
[2m2025-12-10T10:19:18.226826Z[0m [34mDEBUG[0m [2mhyper::proto::h1::conn[0m[2m:[0m incoming body completed
[2m2025-12-10T10:19:18.226882Z[0m [34mDEBUG[0m [2mhyper::client::pool[0m[2m:[0m pooling idle connection for ("http", 192.168.0.14:8545)
[2m2025-12-10T10:19:18.226909Z[0m [34mDEBUG[0m [2methereum_transaction_pool_monitor::eth_client[0m[2m:[0m 📡 Transaction fetch RPC completed in 39.230791ms
[2m2025-12-10T10:19:23.206039Z[0m [34mDEBUG[0m [2methereum_transaction_pool_monitor::eth_client[0m[2m:[0m ✅ Transaction 0xe47800f2f249df4bb1a115a3bb05c6937d890d2797db9da938b647770f6678e8 fetched and parsed in 5.016631708s
[2m2025-12-10T10:19:23.208477Z[0m [34mDEBUG[0m [2methereum_transaction_pool_monitor::mempool_monitor[0m[2m:[0m 🔍 Skipping tx 0xe47800f2f249df4bb1a115a3bb05c6937d890d2797db9da938b647770f6678e8 - not a DEX interaction (target: 0x3B4D794a66304F130a4Db8F2551B0070dfCf5ca7)
[2m2025-12-10T10:19:23.209937Z[0m [34mDEBUG[0m [2methereum_transaction_pool_monitor::mempool_monitor[0m[2m:[0m 📨 Processing new pending transaction: 0x2cffe93d517448b1bc25e9a13aee45f310fb696d9a014e2fe0dfebc00d7a7213
[2m2025-12-10T10:19:23.210106Z[0m [34mDEBUG[0m [2methereum_transaction_pool_monitor::mempool_monitor[0m[2m:[0m 🔍 Fetching transaction details for: 0x2cffe93d517448b1bc25e9a13aee45f310fb696d9a014e2fe0dfebc00d7a7213
[2m2025-12-10T10:19:23.210113Z[0m [34mDEBUG[0m [2methereum_transaction_pool_monitor::eth_client[0m[2m:[0m 🔍 Fetching transaction details for hash: 0x2cffe93d517448b1bc25e9a13aee45f310fb696d9a014e2fe0dfebc00d7a7213
[2m2025-12-10T10:19:23.214066Z[0m [34mDEBUG[0m [2mhyper::client::pool[0m[2m:[0m reuse idle connection for ("http", 192.168.0.14:8545)
[2m2025-12-10T10:19:23.216669Z[0m [34mDEBUG[0m [2mhyper::proto::h1::io[0m[2m:[0m flushed 250 bytes
[2m2025-12-10T10:19:23.217544Z[0m [34mDEBUG[0m [2mhyper::proto::h1::io[0m[2m:[0m parsed 4 headers
[2m2025-12-10T10:19:23.217553Z[0m [34mDEBUG[0m [2mhyper::proto::h1::conn[0m[2m:[0m incoming body is content-length (45 bytes)
[2m2025-12-10T10:19:23.217761Z[0m [34mDEBUG[0m [2mhyper::proto::h1::conn[0m[2m:[0m incoming body completed
[2m2025-12-10T10:19:23.218203Z[0m [34mDEBUG[0m [2mhyper::client::pool[0m[2m:[0m pooling idle connection for ("http", 192.168.0.14:8545)
[2m2025-12-10T10:19:23.218322Z[0m [34mDEBUG[0m [2methereum_transaction_pool_monitor::eth_client[0m[2m:[0m 📨 Received WebSocket message: {"jsonrpc":"2.0","method":"eth_subscription","params":{"subscription":"0xbed0a0851463e895960a451075a301a9","result":"0xa1464ad526425934111adc837cff9d26b1cdab1d976d4597aa9d712169b0d35a"}}
[2m2025-12-10T10:19:23.218723Z[0m [34mDEBUG[0m [2methereum_transaction_pool_monitor::eth_client[0m[2m:[0m 📨 Received pending transaction: 0xa1464ad526425934111adc837cff9d26b1cdab1d976d4597aa9d712169b0d35a
[2m2025-12-10T10:19:23.218804Z[0m [34mDEBUG[0m [2mhyper::client::pool[0m[2m:[0m reuse idle connection for ("http", 192.168.0.14:8545)
[2m2025-12-10T10:19:23.219189Z[0m [34mDEBUG[0m [2mhyper::proto::h1::io[0m[2m:[0m flushed 172 bytes
[2m2025-12-10T10:19:23.218998Z[0m [32m INFO[0m [2methereum_transaction_pool_monitor::eth_client[0m[2m:[0m 📊 WebSocket stats - Total: 6756 transactions, Rate: 9.9 tx/s
[2m2025-12-10T10:19:23.219233Z[0m [34mDEBUG[0m [2methereum_transaction_pool_monitor::eth_client[0m[2m:[0m 📨 Received WebSocket message: {"jsonrpc":"2.0","method":"eth_subscription","params":{"subscription":"0xbed0a0851463e895960a451075a301a9","result":"0x3b69da33f78353209d1f4830f36fe643efd174cf18521786da392003fca9dc9d"}}
[2m2025-12-10T10:19:23.219241Z[0m [34mDEBUG[0m [2methereum_transaction_pool_monitor::eth_client[0m[2m:[0m 📨 Received pending transaction: 0x3b69da33f78353209d1f4830f36fe643efd174cf18521786da392003fca9dc9d
[2m2025-12-10T10:19:23.219275Z[0m [34mDEBUG[0m [2methereum_transaction_pool_monitor::eth_client[0m[2m:[0m 📨 Received WebSocket message: {"jsonrpc":"2.0","method":"eth_subscription","params":{"subscription":"0xbed0a0851463e895960a451075a301a9","result":"0x35e548ea7dafc4fba108f8ac383ed2199dc8de96cb3d708b86fac0ae62c68536"}}
[2m2025-12-10T10:19:23.219281Z[0m [34mDEBUG[0m [2methereum_transaction_pool_monitor::eth_client[0m[2m:[0m 📨 Received pending transaction: 0x35e548ea7dafc4fba108f8ac383ed2199dc8de96cb3d708b86fac0ae62c68536
[2m2025-12-10T10:19:23.219331Z[0m [34mDEBUG[0m [2methereum_transaction_pool_monitor::eth_client[0m[2m:[0m 📨 Received WebSocket message: {"jsonrpc":"2.0","method":"eth_subscription","params":{"subscription":"0xbed0a0851463e895960a451075a301a9","result":"0xe2f722009a0a780740cf05c3fad8e1cfa68d35ec5f384265bf574a1afc8876e0"}}
[2m2025-12-10T10:19:23.219360Z[0m [34mDEBUG[0m [2methereum_transaction_pool_monitor::eth_client[0m[2m:[0m 📨 Received pending transaction: 0xe2f722009a0a780740cf05c3fad8e1cfa68d35ec5f384265bf574a1afc8876e0
[2m2025-12-10T10:19:23.219365Z[0m [34mDEBUG[0m [2methereum_transaction_pool_monitor::eth_client[0m[2m:[0m 📨 Received WebSocket message: {"jsonrpc":"2.0","method":"eth_subscription","params":{"subscription":"0xbed0a0851463e895960a451075a301a9","result":"0x0017d0681addf2141513c2d4f05bbb6cbb82b3e612191dddbc2a7a1fe9a268bb"}}
[2m2025-12-10T10:19:23.219377Z[0m [34mDEBUG[0m [2methereum_transaction_pool_monitor::eth_client[0m[2m:[0m 📨 Received pending transaction: 0x0017d0681addf2141513c2d4f05bbb6cbb82b3e612191dddbc2a7a1fe9a268bb
[2m2025-12-10T10:19:23.219382Z[0m [34mDEBUG[0m [2methereum_transaction_pool_monitor::eth_client[0m[2m:[0m 📨 Received WebSocket message: {"jsonrpc":"2.0","method":"eth_subscription","params":{"subscription":"0xbed0a0851463e895960a451075a301a9","result":"0x22c1e52805175c54bbc1393c12b2f35d5b788137868cbdc61b77796bbd04e7a4"}}
[2m2025-12-10T10:19:23.219388Z[0m [34mDEBUG[0m [2methereum_transaction_pool_monitor::eth_client[0m[2m:[0m 📨 Received pending transaction: 0x22c1e52805175c54bbc1393c12b2f35d5b788137868cbdc61b77796bbd04e7a4
[2m2025-12-10T10:19:23.219392Z[0m [34mDEBUG[0m [2methereum_transaction_pool_monitor::eth_client[0m[2m:[0m 📨 Received WebSocket message: {"jsonrpc":"2.0","method":"eth_subscription","params":{"subscription":"0xbed0a0851463e895960a451075a301a9","result":"0xeebca277cf08c367de9c65eb19cc0603aed1bdd3c4e45bcc454c3699083da019"}}
[2m2025-12-10T10:19:23.219398Z[0m [34mDEBUG[0m [2methereum_transaction_pool_monitor::eth_client[0m[2m:[0m 📨 Received pending transaction: 0xeebca277cf08c367de9c65eb19cc0603aed1bdd3c4e45bcc454c3699083da019
[2m2025-12-10T10:19:23.219402Z[0m [34mDEBUG[0m [2methereum_transaction_pool_monitor::eth_client[0m[2m:[0m 📨 Received WebSocket message: {"jsonrpc":"2.0","method":"eth_subscription","params":{"subscription":"0xbed0a0851463e895960a451075a301a9","result":"0x578d76ce564c10c8a56f21537c1bef8be001476cb5a7fc068be8e6e47701976c"}}
[2m2025-12-10T10:19:23.219407Z[0m [34mDEBUG[0m [2methereum_transaction_pool_monitor::eth_client[0m[2m:[0m 📨 Received pending transaction: 0x578d76ce564c10c8a56f21537c1bef8be001476cb5a7fc068be8e6e47701976c
[2m2025-12-10T10:19:23.219412Z[0m [34mDEBUG[0m [2methereum_transaction_pool_monitor::eth_client[0m[2m:[0m 📨 Received WebSocket message: {"jsonrpc":"2.0","method":"eth_subscription","params":{"subscription":"0xbed0a0851463e895960a451075a301a9","result":"0x2dc2cc185d6ffea665c809342cf10c80d5477fc90e94cd5257f625b47feb6bdf"}}
[2m2025-12-10T10:19:23.219417Z[0m [34mDEBUG[0m [2methereum_transaction_pool_monitor::eth_client[0m[2m:[0m 📨 Received pending transaction: 0x2dc2cc185d6ffea665c809342cf10c80d5477fc90e94cd5257f625b47feb6bdf
[2m2025-12-10T10:19:23.219422Z[0m [34mDEBUG[0m [2methereum_transaction_pool_monitor::eth_client[0m[2m:[0m 📨 Received WebSocket message: {"jsonrpc":"2.0","method":"eth_subscription","params":{"subscription":"0xbed0a0851463e895960a451075a301a9","result":"0x185910fd022148943e0ad537f83f5ffa8b3354073ccd5f325a647ef3e1c2f525"}}
[2m2025-12-10T10:19:23.219427Z[0m [34mDEBUG[0m [2methereum_transaction_pool_monitor::eth_client[0m[2m:[0m 📨 Received pending transaction: 0x185910fd022148943e0ad537f83f5ffa8b3354073ccd5f325a647ef3e1c2f525
[2m2025-12-10T10:19:23.219431Z[0m [34mDEBUG[0m [2methereum_transaction_pool_monitor::eth_client[0m[2m:[0m 📨 Received WebSocket message: {"jsonrpc":"2.0","method":"eth_subscription","params":{"subscription":"0xbed0a0851463e895960a451075a301a9","result":"0x6d4e9e10337ff31bbcdc5e79a76cf9ae66dc66735148f048e09c5107e162014e"}}
[2m2025-12-10T10:19:23.219436Z[0m [34mDEBUG[0m [2methereum_transaction_pool_monitor::eth_client[0m[2m:[0m 📨 Received pending transaction: 0x6d4e9e10337ff31bbcdc5e79a76cf9ae66dc66735148f048e09c5107e162014e
[2m2025-12-10T10:19:23.219441Z[0m [34mDEBUG[0m [2methereum_transaction_pool_monitor::eth_client[0m[2m:[0m 📨 Received WebSocket message: {"jsonrpc":"2.0","method":"eth_subscription","params":{"subscription":"0xbed0a0851463e895960a451075a301a9","result":"0x3166fb3339c07f705b1606e2dfffa8e314cdd83a87b47ecc7a7943ecce22b4ea"}}
[2m2025-12-10T10:19:23.219446Z[0m [34mDEBUG[0m [2methereum_transaction_pool_monitor::eth_client[0m[2m:[0m 📨 Received pending transaction: 0x3166fb3339c07f705b1606e2dfffa8e314cdd83a87b47ecc7a7943ecce22b4ea
[2m2025-12-10T10:19:23.219451Z[0m [34mDEBUG[0m [2methereum_transaction_pool_monitor::eth_client[0m[2m:[0m 📨 Received WebSocket message: {"jsonrpc":"2.0","method":"eth_subscription","params":{"subscription":"0xbed0a0851463e895960a451075a301a9","result":"0x1d2bb0918171839239a5054a5035e907ba039920c335da438319470e27543665"}}
[2m2025-12-10T10:19:23.219457Z[0m [34mDEBUG[0m [2methereum_transaction_pool_monitor::eth_client[0m[2m:[0m 📨 Received pending transaction: 0x1d2bb0918171839239a5054a5035e907ba039920c335da438319470e27543665
[2m2025-12-10T10:19:23.219462Z[0m [34mDEBUG[0m [2methereum_transaction_pool_monitor::eth_client[0m[2m:[0m 📨 Received WebSocket message: {"jsonrpc":"2.0","method":"eth_subscription","params":{"subscription":"0xbed0a0851463e895960a451075a301a9","result":"0xd4d238f75b80808ee3cf6df668ac69b68404602431cfcc65bec658ab8d789c44"}}
[2m2025-12-10T10:19:23.219473Z[0m [34mDEBUG[0m [2methereum_transaction_pool_monitor::eth_client[0m[2m:[0m 📨 Received pending transaction: 0xd4d238f75b80808ee3cf6df668ac69b68404602431cfcc65bec658ab8d789c44
[2m2025-12-10T10:19:23.219478Z[0m [34mDEBUG[0m [2methereum_transaction_pool_monitor::eth_client[0m[2m:[0m 📨 Received WebSocket message: {"jsonrpc":"2.0","method":"eth_subscription","params":{"subscription":"0xbed0a0851463e895960a451075a301a9","result":"0x3bc79071ffd6d2ebce41588e92090d5dc9ed6224762238bd5d2de8041703d052"}}
[2m2025-12-10T10:19:23.219518Z[0m [34mDEBUG[0m [2methereum_transaction_pool_monitor::eth_client[0m[2m:[0m 📨 Received pending transaction: 0x3bc79071ffd6d2ebce41588e92090d5dc9ed6224762238bd5d2de8041703d052
[2m2025-12-10T10:19:23.219524Z[0m [34mDEBUG[0m [2methereum_transaction_pool_monitor::eth_client[0m[2m:[0m 📨 Received WebSocket message: {"jsonrpc":"2.0","method":"eth_subscription","params":{"subscription":"0xbed0a0851463e895960a451075a301a9","result":"0xeb9f36bc5580a205dbe3f412fd5524bde9d7f883b1e39e986bc5c000b2f2a764"}}
[2m2025-12-10T10:19:23.219545Z[0m [34mDEBUG[0m [2methereum_transaction_pool_monitor::eth_client[0m[2m:[0m 📨 Received pending transaction: 0xeb9f36bc5580a205dbe3f412fd5524bde9d7f883b1e39e986bc5c000b2f2a764
[2m2025-12-10T10:19:23.219550Z[0m [34mDEBUG[0m [2methereum_transaction_pool_monitor::eth_client[0m[2m:[0m 📨 Received WebSocket message: {"jsonrpc":"2.0","method":"eth_subscription","params":{"subscription":"0xbed0a0851463e895960a451075a301a9","result":"0xa38a929358dea4b00eb00a5a734196cccbc09f668921e45918fa8b23f23c69b8"}}
[2m2025-12-10T10:19:23.219555Z[0m [34mDEBUG[0m [2methereum_transaction_pool_monitor::eth_client[0m[2m:[0m 📨 Received pending transaction: 0xa38a929358dea4b00eb00a5a734196cccbc09f668921e45918fa8b23f23c69b8
[2m2025-12-10T10:19:23.219560Z[0m [34mDEBUG[0m [2methereum_transaction_pool_monitor::eth_client[0m[2m:[0m 📨 Received WebSocket message: {"jsonrpc":"2.0","method":"eth_subscription","params":{"subscription":"0xbed0a0851463e895960a451075a301a9","result":"0x28c589b52bb7f3a89bbe1c0d44c53ba090f13a31341ddab69a7f98d4099209ee"}}
[2m2025-12-10T10:19:23.219565Z[0m [34mDEBUG[0m [2methereum_transaction_pool_monitor::eth_client[0m[2m:[0m 📨 Received pending transaction: 0x28c589b52bb7f3a89bbe1c0d44c53ba090f13a31341ddab69a7f98d4099209ee
[2m2025-12-10T10:19:23.219569Z[0m [34mDEBUG[0m [2methereum_transaction_pool_monitor::eth_client[0m[2m:[0m 📨 Received WebSocket message: {"jsonrpc":"2.0","method":"eth_subscription","params":{"subscription":"0xbed0a0851463e895960a451075a301a9","result":"0x6813b8ebeff7f4b8d0eeda44498cd5c8ed0334469e33c9aa3a6458f2be6dbbaf"}}
[2m2025-12-10T10:19:23.219574Z[0m [34mDEBUG[0m [2methereum_transaction_pool_monitor::eth_client[0m[2m:[0m 📨 Received pending transaction: 0x6813b8ebeff7f4b8d0eeda44498cd5c8ed0334469e33c9aa3a6458f2be6dbbaf
[2m2025-12-10T10:19:23.219579Z[0m [34mDEBUG[0m [2methereum_transaction_pool_monitor::eth_client[0m[2m:[0m 📨 Received WebSocket message: {"jsonrpc":"2.0","method":"eth_subscription","params":{"subscription":"0xbed0a0851463e895960a451075a301a9","result":"0xbe25f90c8031b01656ccb64f5006bdfa10ba773aee1a2b471cb435657bbfa11a"}}
[2m2025-12-10T10:19:23.219586Z[0m [34mDEBUG[0m [2methereum_transaction_pool_monitor::eth_client[0m[2m:[0m 📨 Received pending transaction: 0xbe25f90c8031b01656ccb64f5006bdfa10ba773aee1a2b471cb435657bbfa11a
[2m2025-12-10T10:19:23.219591Z[0m [34mDEBUG[0m [2methereum_transaction_pool_monitor::eth_client[0m[2m:[0m 📨 Received WebSocket message: {"jsonrpc":"2.0","method":"eth_subscription","params":{"subscription":"0xbed0a0851463e895960a451075a301a9","result":"0x38d735f742bd300e52339771ac25323ec53bb19272070578d4c7123ada5aabdd"}}
[2m2025-12-10T10:19:23.219598Z[0m [34mDEBUG[0m [2methereum_transaction_pool_monitor::eth_client[0m[2m:[0m 📨 Received pending transaction: 0x38d735f742bd300e52339771ac25323ec53bb19272070578d4c7123ada5aabdd
[2m2025-12-10T10:19:23.219605Z[0m [34mDEBUG[0m [2methereum_transaction_pool_monitor::eth_client[0m[2m:[0m 📨 Received WebSocket message: {"jsonrpc":"2.0","method":"eth_subscription","params":{"subscription":"0xbed0a0851463e895960a451075a301a9","result":"0x2d858a2d38de4b95ada5aa7b95ec0bfae23da93333607cd4a367a04b663ea550"}}
[2m2025-12-10T10:19:23.219612Z[0m [34mDEBUG[0m [2methereum_transaction_pool_monitor::eth_client[0m[2m:[0m 📨 Received pending transaction: 0x2d858a2d38de4b95ada5aa7b95ec0bfae23da93333607cd4a367a04b663ea550
[2m2025-12-10T10:19:23.219616Z[0m [34mDEBUG[0m [2methereum_transaction_pool_monitor::eth_client[0m[2m:[0m 📨 Received WebSocket message: {"jsonrpc":"2.0","method":"eth_subscription","params":{"subscription":"0xbed0a0851463e895960a451075a301a9","result":"0x7d9233e29b7ef9b4cc833ad74dc1a0fc31905e8573a32b60590e2b0fbacae4b5"}}
[2m2025-12-10T10:19:23.219621Z[0m [34mDEBUG[0m [2methereum_transaction_pool_monitor::eth_client[0m[2m:[0m 📨 Received pending transaction: 0x7d9233e29b7ef9b4cc833ad74dc1a0fc31905e8573a32b60590e2b0fbacae4b5
[2m2025-12-10T10:19:23.219632Z[0m [34mDEBUG[0m [2methereum_transaction_pool_monitor::eth_client[0m[2m:[0m 📨 Received WebSocket message: {"jsonrpc":"2.0","method":"eth_subscription","params":{"subscription":"0xbed0a0851463e895960a451075a301a9","result":"0x4881cf3e28006781cd986a2b34c4559280b5a29bb34f50786a6b3edded1603ed"}}
[2m2025-12-10T10:19:23.219681Z[0m [34mDEBUG[0m [2methereum_transaction_pool_monitor::eth_client[0m[2m:[0m 📨 Received pending transaction: 0x4881cf3e28006781cd986a2b34c4559280b5a29bb34f50786a6b3edded1603ed
[2m2025-12-10T10:19:23.219687Z[0m [34mDEBUG[0m [2methereum_transaction_pool_monitor::eth_client[0m[2m:[0m 📨 Received WebSocket message: {"jsonrpc":"2.0","method":"eth_subscription","params":{"subscription":"0xbed0a0851463e895960a451075a301a9","result":"0x2e653b988008fcd37562a4b34667a4003cf81e3d90014d05d9607a14c5b82fb1"}}
[2m2025-12-10T10:19:23.219693Z[0m [34mDEBUG[0m [2methereum_transaction_pool_monitor::eth_client[0m[2m:[0m 📨 Received pending transaction: 0x2e653b988008fcd37562a4b34667a4003cf81e3d90014d05d9607a14c5b82fb1
[2m2025-12-10T10:19:23.219697Z[0m [34mDEBUG[0m [2methereum_transaction_pool_monitor::eth_client[0m[2m:[0m 📨 Received WebSocket message: {"jsonrpc":"2.0","method":"eth_subscription","params":{"subscription":"0xbed0a0851463e895960a451075a301a9","result":"0x753849c6ab5d3c4e28fd8f4671b919cd36794493b75ae61de357947c04090f0d"}}
[2m2025-12-10T10:19:23.219702Z[0m [34mDEBUG[0m [2methereum_transaction_pool_monitor::eth_client[0m[2m:[0m 📨 Received pending transaction: 0x753849c6ab5d3c4e28fd8f4671b919cd36794493b75ae61de357947c04090f0d
[2m2025-12-10T10:19:23.219707Z[0m [34mDEBUG[0m [2methereum_transaction_pool_monitor::eth_client[0m[2m:[0m 📨 Received WebSocket message: {"jsonrpc":"2.0","method":"eth_subscription","params":{"subscription":"0xbed0a0851463e895960a451075a301a9","result":"0x300b457b0cfe93e51d3d0673cba8066045d6b4c875f5cbb045118fd91ba029fc"}}
[2m2025-12-10T10:19:23.219713Z[0m [34mDEBUG[0m [2methereum_transaction_pool_monitor::eth_client[0m[2m:[0m 📨 Received pending transaction: 0x300b457b0cfe93e51d3d0673cba8066045d6b4c875f5cbb045118fd91ba029fc
[2m2025-12-10T10:19:23.219718Z[0m [34mDEBUG[0m [2methereum_transaction_pool_monitor::eth_client[0m[2m:[0m 📨 Received WebSocket message: {"jsonrpc":"2.0","method":"eth_subscription","params":{"subscription":"0xbed0a0851463e895960a451075a301a9","result":"0x588439f0aadffc569ee05ced1d66cafcf746c2554c2bcb0f842a4de2dc665c7d"}}
[2m2025-12-10T10:19:23.219723Z[0m [34mDEBUG[0m [2methereum_transaction_pool_monitor::eth_client[0m[2m:[0m 📨 Received pending transaction: 0x588439f0aadffc569ee05ced1d66cafcf746c2554c2bcb0f842a4de2dc665c7d
[2m2025-12-10T10:19:23.219727Z[0m [34mDEBUG[0m [2methereum_transaction_pool_monitor::eth_client[0m[2m:[0m 📨 Received WebSocket message: {"jsonrpc":"2.0","method":"eth_subscription","params":{"subscription":"0xbed0a0851463e895960a451075a301a9","result":"0xca155181b278535714f72a16e2496cfa43268e4d9c970caee199520b1890ef83"}}
[2m2025-12-10T10:19:23.219732Z[0m [34mDEBUG[0m [2methereum_transaction_pool_monitor::eth_client[0m[2m:[0m 📨 Received pending transaction: 0xca155181b278535714f72a16e2496cfa43268e4d9c970caee199520b1890ef83
[2m2025-12-10T10:19:23.219737Z[0m [34mDEBUG[0m [2methereum_transaction_pool_monitor::eth_client[0m[2m:[0m 📨 Received WebSocket message: {"jsonrpc":"2.0","method":"eth_subscription","params":{"subscription":"0xbed0a0851463e895960a451075a301a9","result":"0x6f5973a62b4b339dfdfe4fe59ec078521e8eb8ec2daad40cfd6b82ba9783d91c"}}
[2m2025-12-10T10:19:23.219743Z[0m [34mDEBUG[0m [2methereum_transaction_pool_monitor::eth_client[0m[2m:[0m 📨 Received pending transaction: 0x6f5973a62b4b339dfdfe4fe59ec078521e8eb8ec2daad40cfd6b82ba9783d91c
[2m2025-12-10T10:19:23.219750Z[0m [34mDEBUG[0m [2methereum_transaction_pool_monitor::eth_client[0m[2m:[0m 📨 Received WebSocket message: {"jsonrpc":"2.0","method":"eth_subscription","params":{"subscription":"0xbed0a0851463e895960a451075a301a9","result":"0xcf474d658f0a0b18d07751671bdf75eea0351f23a5b7b70c30c7702be250908e"}}
[2m2025-12-10T10:19:23.220049Z[0m [34mDEBUG[0m [2methereum_transaction_pool_monitor::eth_client[0m[2m:[0m 📨 Received pending transaction: 0xcf474d658f0a0b18d07751671bdf75eea0351f23a5b7b70c30c7702be250908e
[2m2025-12-10T10:19:23.220060Z[0m [34mDEBUG[0m [2methereum_transaction_pool_monitor::eth_client[0m[2m:[0m 📨 Received WebSocket message: {"jsonrpc":"2.0","method":"eth_subscription","params":{"subscription":"0xbed0a0851463e895960a451075a301a9","result":"0x08cae617cae28c8e0ee97156e9a977a184e0dbd034fd64396fa3c056a937ced0"}}
[2m2025-12-10T10:19:23.220066Z[0m [34mDEBUG[0m [2methereum_transaction_pool_monitor::eth_client[0m[2m:[0m 📨 Received pending transaction: 0x08cae617cae28c8e0ee97156e9a977a184e0dbd034fd64396fa3c056a937ced0
[2m2025-12-10T10:19:23.220072Z[0m [34mDEBUG[0m [2methereum_transaction_pool_monitor::eth_client[0m[2m:[0m 📨 Received WebSocket message: {"jsonrpc":"2.0","method":"eth_subscription","params":{"subscription":"0xbed0a0851463e895960a451075a301a9","result":"0x6454eef1e648f2fc2ea14a4dab68004ce4f215c9929737b0875be8718455b6c8"}}
[2m2025-12-10T10:19:23.220078Z[0m [34mDEBUG[0m [2methereum_transaction_pool_monitor::eth_client[0m[2m:[0m 📨 Received pending transaction: 0x6454eef1e648f2fc2ea14a4dab68004ce4f215c9929737b0875be8718455b6c8
[2m2025-12-10T10:19:23.220084Z[0m [34mDEBUG[0m [2methereum_transaction_pool_monitor::eth_client[0m[2m:[0m 📨 Received WebSocket message: {"jsonrpc":"2.0","method":"eth_subscription","params":{"subscription":"0xbed0a0851463e895960a451075a301a9","result":"0xfbfd9ddf1c40200c569868d9e70b8a77be9c1e3c60f9bfc52aa241d9d9b74728"}}
[2m2025-12-10T10:19:23.220090Z[0m [34mDEBUG[0m [2methereum_transaction_pool_monitor::eth_client[0m[2m:[0m 📨 Received pending transaction: 0xfbfd9ddf1c40200c569868d9e70b8a77be9c1e3c60f9bfc52aa241d9d9b74728
[2m2025-12-10T10:19:23.220094Z[0m [34mDEBUG[0m [2methereum_transaction_pool_monitor::eth_client[0m[2m:[0m 📨 Received WebSocket message: {"jsonrpc":"2.0","method":"eth_subscription","params":{"subscription":"0xbed0a0851463e895960a451075a301a9","result":"0x19010c614743abd9bc8c1a6951161938becb9661558ad43f18af4080659244a1"}}
[2m2025-12-10T10:19:23.220101Z[0m [34mDEBUG[0m [2methereum_transaction_pool_monitor::eth_client[0m[2m:[0m 📨 Received pending transaction: 0x19010c614743abd9bc8c1a6951161938becb9661558ad43f18af4080659244a1
[2m2025-12-10T10:19:23.220105Z[0m [34mDEBUG[0m [2methereum_transaction_pool_monitor::eth_client[0m[2m:[0m 📨 Received WebSocket message: {"jsonrpc":"2.0","method":"eth_subscription","params":{"subscription":"0xbed0a0851463e895960a451075a301a9","result":"0x8f8266497564d89714cd7a6df3b8c4d4804ed80f68301e36eb657b6ac1270dc6"}}
[2m2025-12-10T10:19:23.220111Z[0m [34mDEBUG[0m [2methereum_transaction_pool_monitor::eth_client[0m[2m:[0m 📨 Received pending transaction: 0x8f8266497564d89714cd7a6df3b8c4d4804ed80f68301e36eb657b6ac1270dc6
[2m2025-12-10T10:19:23.220115Z[0m [34mDEBUG[0m [2methereum_transaction_pool_monitor::eth_client[0m[2m:[0m 📨 Received WebSocket message: {"jsonrpc":"2.0","method":"eth_subscription","params":{"subscription":"0xbed0a0851463e895960a451075a301a9","result":"0xbe2cc4d183874883cfd8fbaf5d929409ca63ac34bcb32f0025407b506c729959"}}
[2m2025-12-10T10:19:23.220120Z[0m [34mDEBUG[0m [2methereum_transaction_pool_monitor::eth_client[0m[2m:[0m 📨 Received pending transaction: 0xbe2cc4d183874883cfd8fbaf5d929409ca63ac34bcb32f0025407b506c729959
[2m2025-12-10T10:19:23.220125Z[0m [34mDEBUG[0m [2methereum_transaction_pool_monitor::eth_client[0m[2m:[0m 📨 Received WebSocket message: {"jsonrpc":"2.0","method":"eth_subscription","params":{"subscription":"0xbed0a0851463e895960a451075a301a9","result":"0x703106e3717fc6c72dbd10986085c11f62528947cd3731591e54cc801397dbcd"}}
[2m2025-12-10T10:19:23.220130Z[0m [34mDEBUG[0m [2methereum_transaction_pool_monitor::eth_client[0m[2m:[0m 📨 Received pending transaction: 0x703106e3717fc6c72dbd10986085c11f62528947cd3731591e54cc801397dbcd
[2m2025-12-10T10:19:23.220135Z[0m [34mDEBUG[0m [2methereum_transaction_pool_monitor::eth_client[0m[2m:[0m 📨 Received WebSocket message: {"jsonrpc":"2.0","method":"eth_subscription","params":{"subscription":"0xbed0a0851463e895960a451075a301a9","result":"0xf291470be4aa79e815cdb1f20fabab4ce595320a9d8c4df37ca755b019c82dce"}}
[2m2025-12-10T10:19:23.220140Z[0m [34mDEBUG[0m [2methereum_transaction_pool_monitor::eth_client[0m[2m:[0m 📨 Received pending transaction: 0xf291470be4aa79e815cdb1f20fabab4ce595320a9d8c4df37ca755b019c82dce
[2m2025-12-10T10:19:23.220144Z[0m [34mDEBUG[0m [2methereum_transaction_pool_monitor::eth_client[0m[2m:[0m 📨 Received WebSocket message: {"jsonrpc":"2.0","method":"eth_subscription","params":{"subscription":"0xbed0a0851463e895960a451075a301a9","result":"0x49306ac5019647b25b2abcbc5c2737871f6f09027326e23fa34e4135d0df96d5"}}
[2m2025-12-10T10:19:23.220151Z[0m [34mDEBUG[0m [2methereum_transaction_pool_monitor::eth_client[0m[2m:[0m 📨 Received pending transaction: 0x49306ac5019647b25b2abcbc5c2737871f6f09027326e23fa34e4135d0df96d5
[2m2025-12-10T10:19:23.220155Z[0m [34mDEBUG[0m [2methereum_transaction_pool_monitor::eth_client[0m[2m:[0m 📨 Received WebSocket message: {"jsonrpc":"2.0","method":"eth_subscription","params":{"subscription":"0xbed0a0851463e895960a451075a301a9","result":"0xb0c7d6f18abf0601ed915ef8516ba83a2f405072a20cd81b9579b9d364be31cd"}}
[2m2025-12-10T10:19:23.220161Z[0m [34mDEBUG[0m [2methereum_transaction_pool_monitor::eth_client[0m[2m:[0m 📨 Received pending transaction: 0xb0c7d6f18abf0601ed915ef8516ba83a2f405072a20cd81b9579b9d364be31cd
[2m2025-12-10T10:19:23.220166Z[0m [34mDEBUG[0m [2methereum_transaction_pool_monitor::eth_client[0m[2m:[0m 📨 Received WebSocket message: {"jsonrpc":"2.0","method":"eth_subscription","params":{"subscription":"0xbed0a0851463e895960a451075a301a9","result":"0x6105f6c83d940e050e7b7fdfdff43049b1f3fc2f23a2d54846b715691c62ee68"}}
[2m2025-12-10T10:19:23.220171Z[0m [34mDEBUG[0m [2methereum_transaction_pool_monitor::eth_client[0m[2m:[0m 📨 Received pending transaction: 0x6105f6c83d940e050e7b7fdfdff43049b1f3fc2f23a2d54846b715691c62ee68
[2m2025-12-10T10:19:23.220176Z[0m [34mDEBUG[0m [2methereum_transaction_pool_monitor::eth_client[0m[2m:[0m 📨 Received WebSocket message: {"jsonrpc":"2.0","method":"eth_subscription","params":{"subscription":"0xbed0a0851463e895960a451075a301a9","result":"0xe30203a08df08aa0b190c0851d29ff5dd7be7d084f37574fd81a1a1c84955359"}}
[2m2025-12-10T10:19:23.220181Z[0m [34mDEBUG[0m [2methereum_transaction_pool_monitor::eth_client[0m[2m:[0m 📨 Received pending transaction: 0xe30203a08df08aa0b190c0851d29ff5dd7be7d084f37574fd81a1a1c84955359
[2m2025-12-10T10:19:23.220208Z[0m [34mDEBUG[0m [2methereum_transaction_pool_monitor::eth_client[0m[2m:[0m 📨 Received WebSocket message: {"jsonrpc":"2.0","method":"eth_subscription","params":{"subscription":"0xbed0a0851463e895960a451075a301a9","result":"0x045cb7e8fa4aeb577a9b5a3fa00b58265f960eac555a6b2bab93325dc4907c3f"}}
[2m2025-12-10T10:19:23.220214Z[0m [34mDEBUG[0m [2methereum_transaction_pool_monitor::eth_client[0m[2m:[0m 📨 Received pending transaction: 0x045cb7e8fa4aeb577a9b5a3fa00b58265f960eac555a6b2bab93325dc4907c3f
[2m2025-12-10T10:19:23.220219Z[0m [34mDEBUG[0m [2methereum_transaction_pool_monitor::eth_client[0m[2m:[0m 📨 Received WebSocket message: {"jsonrpc":"2.0","method":"eth_subscription","params":{"subscription":"0xbed0a0851463e895960a451075a301a9","result":"0x59fca1044865f7cea7ed776eaf1e2f8636258d5716427b7667c5507d1679339d"}}
[2m2025-12-10T10:19:23.220224Z[0m [34mDEBUG[0m [2methereum_transaction_pool_monitor::eth_client[0m[2m:[0m 📨 Received pending transaction: 0x59fca1044865f7cea7ed776eaf1e2f8636258d5716427b7667c5507d1679339d
[2m2025-12-10T10:19:23.220229Z[0m [34mDEBUG[0m [2methereum_transaction_pool_monitor::eth_client[0m[2m:[0m 📨 Received WebSocket message: {"jsonrpc":"2.0","method":"eth_subscription","params":{"subscription":"0xbed0a0851463e895960a451075a301a9","result":"0x8b33164324bc30255a151c9e8e8b2a11af5613c8215a522b2936f8f1b6fd3ddc"}}
[2m2025-12-10T10:19:23.220234Z[0m [34mDEBUG[0m [2methereum_transaction_pool_monitor::eth_client[0m[2m:[0m 📨 Received pending transaction: 0x8b33164324bc30255a151c9e8e8b2a11af5613c8215a522b2936f8f1b6fd3ddc
[2m2025-12-10T10:19:23.220239Z[0m [34mDEBUG[0m [2methereum_transaction_pool_monitor::eth_client[0m[2m:[0m 📨 Received WebSocket message: {"jsonrpc":"2.0","method":"eth_subscription","params":{"subscription":"0xbed0a0851463e895960a451075a301a9","result":"0x92a3420b4e2f1fabe728d4e257efe915ba080a4e8564f209b8a2c7cfb43bc8f6"}}
[2m2025-12-10T10:19:23.220244Z[0m [34mDEBUG[0m [2methereum_transaction_pool_monitor::eth_client[0m[2m:[0m 📨 Received pending transaction: 0x92a3420b4e2f1fabe728d4e257efe915ba080a4e8564f209b8a2c7cfb43bc8f6
[2m2025-12-10T10:19:23.220248Z[0m [34mDEBUG[0m [2methereum_transaction_pool_monitor::eth_client[0m[2m:[0m 📨 Received WebSocket message: {"jsonrpc":"2.0","method":"eth_subscription","params":{"subscription":"0xbed0a0851463e895960a451075a301a9","result":"0x513334334ec58d86aeadaa28be728fb32c753f5fe9099747bae34a2248ec5b15"}}
[2m2025-12-10T10:19:23.220268Z[0m [34mDEBUG[0m [2methereum_transaction_pool_monitor::eth_client[0m[2m:[0m 📨 Received pending transaction: 0x513334334ec58d86aeadaa28be728fb32c753f5fe9099747bae34a2248ec5b15
[2m2025-12-10T10:19:23.229132Z[0m [34mDEBUG[0m [2mhyper::proto::h1::io[0m[2m:[0m parsed 4 headers
[2m2025-12-10T10:19:23.229149Z[0m [34mDEBUG[0m [2mhyper::proto::h1::conn[0m[2m:[0m incoming body is content-length (716 bytes)
[2m2025-12-10T10:19:23.229161Z[0m [34mDEBUG[0m [2mhyper::proto::h1::conn[0m[2m:[0m incoming body completed
[2m2025-12-10T10:19:23.229202Z[0m [34mDEBUG[0m [2mhyper::client::pool[0m[2m:[0m pooling idle connection for ("http", 192.168.0.14:8545)
[2m2025-12-10T10:19:23.229223Z[0m [34mDEBUG[0m [2methereum_transaction_pool_monitor::eth_client[0m[2m:[0m 📡 Transaction fetch RPC completed in 19.104042ms
[2m2025-12-10T10:19:26.434093Z[0m [34mDEBUG[0m [2methereum_transaction_pool_monitor::eth_client[0m[2m:[0m ✅ Transaction 0x2cffe93d517448b1bc25e9a13aee45f310fb696d9a014e2fe0dfebc00d7a7213 fetched and parsed in 3.20031925s
[2m2025-12-10T10:19:26.438345Z[0m [34mDEBUG[0m [2methereum_transaction_pool_monitor::mempool_monitor[0m[2m:[0m 🔍 Skipping tx 0x2cffe93d517448b1bc25e9a13aee45f310fb696d9a014e2fe0dfebc00d7a7213 - not a DEX interaction (target: 0x17E5545B11b468072283Cee1F066a059Fb0dbF24)
[2m2025-12-10T10:19:26.441219Z[0m [34mDEBUG[0m [2methereum_transaction_pool_monitor::mempool_monitor[0m[2m:[0m 📨 Processing new pending transaction: 0x21d5dc8229ae32e6b9ef6d002ba7f51f3c2c4b8a031a574222f9686ed43b9759
[2m2025-12-10T10:19:26.441466Z[0m [34mDEBUG[0m [2methereum_transaction_pool_monitor::mempool_monitor[0m[2m:[0m 🔍 Fetching transaction details for: 0x21d5dc8229ae32e6b9ef6d002ba7f51f3c2c4b8a031a574222f9686ed43b9759
[2m2025-12-10T10:19:26.441511Z[0m [34mDEBUG[0m [2methereum_transaction_pool_monitor::eth_client[0m[2m:[0m 🔍 Fetching transaction details for hash: 0x21d5dc8229ae32e6b9ef6d002ba7f51f3c2c4b8a031a574222f9686ed43b9759
[2m2025-12-10T10:19:26.476520Z[0m [34mDEBUG[0m [2mhyper::client::pool[0m[2m:[0m reuse idle connection for ("http", 192.168.0.14:8545)
[2m2025-12-10T10:19:26.501537Z[0m [34mDEBUG[0m [2mhyper::proto::h1::io[0m[2m:[0m flushed 250 bytes
[2m2025-12-10T10:19:26.551475Z[0m [34mDEBUG[0m [2mhyper::proto::h1::io[0m[2m:[0m parsed 4 headers
[2m2025-12-10T10:19:26.551491Z[0m [34mDEBUG[0m [2mhyper::proto::h1::conn[0m[2m:[0m incoming body is content-length (45 bytes)
[2m2025-12-10T10:19:26.551666Z[0m [34mDEBUG[0m [2mhyper::proto::h1::io[0m[2m:[0m parsed 4 headers
[2m2025-12-10T10:19:26.551677Z[0m [34mDEBUG[0m [2mhyper::proto::h1::conn[0m[2m:[0m incoming body is content-length (843 bytes)
[2m2025-12-10T10:19:26.551740Z[0m [34mDEBUG[0m [2mhyper::proto::h1::conn[0m[2m:[0m incoming body completed
[2m2025-12-10T10:19:26.551756Z[0m [34mDEBUG[0m [2mhyper::proto::h1::conn[0m[2m:[0m incoming body completed
[2m2025-12-10T10:19:26.551946Z[0m [34mDEBUG[0m [2mhyper::client::pool[0m[2m:[0m pooling idle connection for ("http", 192.168.0.14:8545)
[2m2025-12-10T10:19:26.552117Z[0m [34mDEBUG[0m [2methereum_transaction_pool_monitor::eth_client[0m[2m:[0m 📡 Transaction fetch RPC completed in 110.598666ms
[2m2025-12-10T10:19:26.552254Z[0m [34mDEBUG[0m [2mhyper::client::pool[0m[2m:[0m pooling idle connection for ("http", 192.168.0.14:8545)
[2m2025-12-10T10:19:26.552522Z[0m [34mDEBUG[0m [2methereum_transaction_pool_monitor::eth_client[0m[2m:[0m 📨 Received WebSocket message: {"jsonrpc":"2.0","method":"eth_subscription","params":{"subscription":"0xbed0a0851463e895960a451075a301a9","result":"0x342dc60713dd4ecadda19fb29f64151fd5295fac0a496aee0c4bb767f46fcd96"}}
[2m2025-12-10T10:19:26.558734Z[0m [34mDEBUG[0m [2methereum_transaction_pool_monitor::eth_client[0m[2m:[0m 📨 Received pending transaction: 0x342dc60713dd4ecadda19fb29f64151fd5295fac0a496aee0c4bb767f46fcd96
[2m2025-12-10T10:19:26.563784Z[0m [34mDEBUG[0m [2methereum_transaction_pool_monitor::eth_client[0m[2m:[0m DeFi transaction detected - Address: 0xdac17f958d2ee523a2206206994597c13d831ec7, Type: Stablecoin, Value: 0 ETH, Gas: 1.68 Gwei
[2m2025-12-10T10:19:26.571806Z[0m [34mDEBUG[0m [2mhyper::client::pool[0m[2m:[0m reuse idle connection for ("http", 192.168.0.14:8545)
[2m2025-12-10T10:19:26.571917Z[0m [34mDEBUG[0m [2mhyper::proto::h1::io[0m[2m:[0m flushed 172 bytes
[2m2025-12-10T10:19:26.572675Z[0m [34mDEBUG[0m [2methereum_transaction_pool_monitor::eth_client[0m[2m:[0m 📨 Received WebSocket message: {"jsonrpc":"2.0","method":"eth_subscription","params":{"subscription":"0xbed0a0851463e895960a451075a301a9","result":"0xc8a85cfbb9bb5ea0c09e7e2462dcc5b043ed390ad78afb356b88fa915760546b"}}
[2m2025-12-10T10:19:26.572690Z[0m [34mDEBUG[0m [2methereum_transaction_pool_monitor::eth_client[0m[2m:[0m 📨 Received pending transaction: 0xc8a85cfbb9bb5ea0c09e7e2462dcc5b043ed390ad78afb356b88fa915760546b
[2m2025-12-10T10:19:26.572696Z[0m [34mDEBUG[0m [2methereum_transaction_pool_monitor::eth_client[0m[2m:[0m 📨 Received WebSocket message: {"jsonrpc":"2.0","method":"eth_subscription","params":{"subscription":"0xbed0a0851463e895960a451075a301a9","result":"0xbb4ee0b75d15da22506af188da901c78cbffcd638afc1aa80554a357b6baf1a6"}}
[2m2025-12-10T10:19:26.572702Z[0m [34mDEBUG[0m [2methereum_transaction_pool_monitor::eth_client[0m[2m:[0m 📨 Received pending transaction: 0xbb4ee0b75d15da22506af188da901c78cbffcd638afc1aa80554a357b6baf1a6
[2m2025-12-10T10:19:26.572707Z[0m [34mDEBUG[0m [2methereum_transaction_pool_monitor::eth_client[0m[2m:[0m 📨 Received WebSocket message: {"jsonrpc":"2.0","method":"eth_subscription","params":{"subscription":"0xbed0a0851463e895960a451075a301a9","result":"0x53edc32c2011a8ad32c85f799c1a069adb132a7cb5247ac44df99dd723478fdc"}}
[2m2025-12-10T10:19:26.572712Z[0m [34mDEBUG[0m [2methereum_transaction_pool_monitor::eth_client[0m[2m:[0m 📨 Received pending transaction: 0x53edc32c2011a8ad32c85f799c1a069adb132a7cb5247ac44df99dd723478fdc
[2m2025-12-10T10:19:26.572717Z[0m [34mDEBUG[0m [2methereum_transaction_pool_monitor::eth_client[0m[2m:[0m 📨 Received WebSocket message: {"jsonrpc":"2.0","method":"eth_subscription","params":{"subscription":"0xbed0a0851463e895960a451075a301a9","result":"0x2da1f5fe7e42f1a2fedbb226c022bf7c8a3930c43fbab9b8882b402d35fae39b"}}
[2m2025-12-10T10:19:26.572724Z[0m [34mDEBUG[0m [2methereum_transaction_pool_monitor::eth_client[0m[2m:[0m 📨 Received pending transaction: 0x2da1f5fe7e42f1a2fedbb226c022bf7c8a3930c43fbab9b8882b402d35fae39b
[2m2025-12-10T10:19:26.572729Z[0m [34mDEBUG[0m [2methereum_transaction_pool_monitor::eth_client[0m[2m:[0m 📨 Received WebSocket message: {"jsonrpc":"2.0","method":"eth_subscription","params":{"subscription":"0xbed0a0851463e895960a451075a301a9","result":"0x70ede5e7d07b84f9b8bc7fb55781c4bbc0b38c8a01c4c8f7ed16133c163625db"}}
[2m2025-12-10T10:19:26.573339Z[0m [34mDEBUG[0m [2methereum_transaction_pool_monitor::eth_client[0m[2m:[0m ✅ Transaction 0x21d5dc8229ae32e6b9ef6d002ba7f51f3c2c4b8a031a574222f9686ed43b9759 fetched and parsed in 131.820666ms
[2m2025-12-10T10:19:26.573354Z[0m [34mDEBUG[0m [2methereum_transaction_pool_monitor::mempool_monitor[0m[2m:[0m 🔍 Skipping tx 0x21d5dc8229ae32e6b9ef6d002ba7f51f3c2c4b8a031a574222f9686ed43b9759 - not a DEX interaction (target: 0xdAC17F958D2ee523a2206206994597C13D831ec7)
[2m2025-12-10T10:19:26.573364Z[0m [34mDEBUG[0m [2methereum_transaction_pool_monitor::mempool_monitor[0m[2m:[0m 📨 Processing new pending transaction: 0x45d65cb31561faaf9508f16930ba0648b96d161f147eacde902a02fb98fba8cf
[2m2025-12-10T10:19:26.573369Z[0m [34mDEBUG[0m [2methereum_transaction_pool_monitor::mempool_monitor[0m[2m:[0m 🔍 Fetching transaction details for: 0x45d65cb31561faaf9508f16930ba0648b96d161f147eacde902a02fb98fba8cf
[2m2025-12-10T10:19:26.573374Z[0m [34mDEBUG[0m [2methereum_transaction_pool_monitor::eth_client[0m[2m:[0m 🔍 Fetching transaction details for hash: 0x45d65cb31561faaf9508f16930ba0648b96d161f147eacde902a02fb98fba8cf
[2m2025-12-10T10:19:26.573391Z[0m [34mDEBUG[0m [2mhyper::client::pool[0m[2m:[0m reuse idle connection for ("http", 192.168.0.14:8545)
[2m2025-12-10T10:19:26.573422Z[0m [34mDEBUG[0m [2mhyper::proto::h1::io[0m[2m:[0m flushed 250 bytes
[2m2025-12-10T10:19:26.575419Z[0m [34mDEBUG[0m [2methereum_transaction_pool_monitor::eth_client[0m[2m:[0m 📨 Received pending transaction: 0x70ede5e7d07b84f9b8bc7fb55781c4bbc0b38c8a01c4c8f7ed16133c163625db
[2m2025-12-10T10:19:26.575480Z[0m [34mDEBUG[0m [2methereum_transaction_pool_monitor::eth_client[0m[2m:[0m 📨 Received WebSocket message: {"jsonrpc":"2.0","method":"eth_subscription","params":{"subscription":"0xbed0a0851463e895960a451075a301a9","result":"0x184f2fbed9fd91350f0396f44397b8b0ea6727b67fc093a2258aae4f78a15eb0"}}
[2m2025-12-10T10:19:26.575488Z[0m [34mDEBUG[0m [2methereum_transaction_pool_monitor::eth_client[0m[2m:[0m 📨 Received pending transaction: 0x184f2fbed9fd91350f0396f44397b8b0ea6727b67fc093a2258aae4f78a15eb0
[2m2025-12-10T10:19:26.575493Z[0m [34mDEBUG[0m [2methereum_transaction_pool_monitor::eth_client[0m[2m:[0m 📨 Received WebSocket message: {"jsonrpc":"2.0","method":"eth_subscription","params":{"subscription":"0xbed0a0851463e895960a451075a301a9","result":"0xa1c7e42c3e969af762e79d320a14f6e1b9c04e01278b3925684d6c33820737fd"}}
[2m2025-12-10T10:19:26.575498Z[0m [34mDEBUG[0m [2methereum_transaction_pool_monitor::eth_client[0m[2m:[0m 📨 Received pending transaction: 0xa1c7e42c3e969af762e79d320a14f6e1b9c04e01278b3925684d6c33820737fd
[2m2025-12-10T10:19:26.575502Z[0m [34mDEBUG[0m [2methereum_transaction_pool_monitor::eth_client[0m[2m:[0m 📨 Received WebSocket message: {"jsonrpc":"2.0","method":"eth_subscription","params":{"subscription":"0xbed0a0851463e895960a451075a301a9","result":"0x0ea91db8e65882b0f4121a5d6eb3c54e812ebd6f7b88351157db5f8134bbf26b"}}
[2m2025-12-10T10:19:26.575507Z[0m [34mDEBUG[0m [2methereum_transaction_pool_monitor::eth_client[0m[2m:[0m 📨 Received pending transaction: 0x0ea91db8e65882b0f4121a5d6eb3c54e812ebd6f7b88351157db5f8134bbf26b
[2m2025-12-10T10:19:26.575511Z[0m [34mDEBUG[0m [2methereum_transaction_pool_monitor::eth_client[0m[2m:[0m 📨 Received WebSocket message: {"jsonrpc":"2.0","method":"eth_subscription","params":{"subscription":"0xbed0a0851463e895960a451075a301a9","result":"0x8da6d892e86773e5820c23ed9712f2d9d3885ecb981ce10a0c6ab8a29b808b0c"}}
[2m2025-12-10T10:19:26.575516Z[0m [34mDEBUG[0m [2methereum_transaction_pool_monitor::eth_client[0m[2m:[0m 📨 Received pending transaction: 0x8da6d892e86773e5820c23ed9712f2d9d3885ecb981ce10a0c6ab8a29b808b0c
[2m2025-12-10T10:19:26.575520Z[0m [34mDEBUG[0m [2methereum_transaction_pool_monitor::eth_client[0m[2m:[0m 📨 Received WebSocket message: {"jsonrpc":"2.0","method":"eth_subscription","params":{"subscription":"0xbed0a0851463e895960a451075a301a9","result":"0x62bbbecbdb30d5bcdfc5899fc2f1a943b5f681d3bcd4f5a4f42f59a90056b62d"}}
[2m2025-12-10T10:19:26.575540Z[0m [34mDEBUG[0m [2methereum_transaction_pool_monitor::eth_client[0m[2m:[0m 📨 Received pending transaction: 0x62bbbecbdb30d5bcdfc5899fc2f1a943b5f681d3bcd4f5a4f42f59a90056b62d
[2m2025-12-10T10:19:26.575545Z[0m [34mDEBUG[0m [2methereum_transaction_pool_monitor::eth_client[0m[2m:[0m 📨 Received WebSocket message: {"jsonrpc":"2.0","method":"eth_subscription","params":{"subscription":"0xbed0a0851463e895960a451075a301a9","result":"0x239ab93060fd0576476efd619682f18bf1363b31d7d6813af8088ec38c281c87"}}
[2m2025-12-10T10:19:26.575552Z[0m [34mDEBUG[0m [2methereum_transaction_pool_monitor::eth_client[0m[2m:[0m 📨 Received pending transaction: 0x239ab93060fd0576476efd619682f18bf1363b31d7d6813af8088ec38c281c87
[2m2025-12-10T10:19:26.575556Z[0m [34mDEBUG[0m [2methereum_transaction_pool_monitor::eth_client[0m[2m:[0m 📨 Received WebSocket message: {"jsonrpc":"2.0","method":"eth_subscription","params":{"subscription":"0xbed0a0851463e895960a451075a301a9","result":"0x9285dd72b292fe1e0084fa2efbbbe38e10ef8a381574373de8a8bc1c0907c294"}}
[2m2025-12-10T10:19:26.575560Z[0m [34mDEBUG[0m [2methereum_transaction_pool_monitor::eth_client[0m[2m:[0m 📨 Received pending transaction: 0x9285dd72b292fe1e0084fa2efbbbe38e10ef8a381574373de8a8bc1c0907c294
[2m2025-12-10T10:19:26.575564Z[0m [34mDEBUG[0m [2methereum_transaction_pool_monitor::eth_client[0m[2m:[0m 📨 Received WebSocket message: {"jsonrpc":"2.0","method":"eth_subscription","params":{"subscription":"0xbed0a0851463e895960a451075a301a9","result":"0xb99b0afe529b2c69408bc17ce010840d0122a98c9af1abe9a6abb50b26833f15"}}
[2m2025-12-10T10:19:26.575577Z[0m [34mDEBUG[0m [2methereum_transaction_pool_monitor::eth_client[0m[2m:[0m 📨 Received pending transaction: 0xb99b0afe529b2c69408bc17ce010840d0122a98c9af1abe9a6abb50b26833f15
[2m2025-12-10T10:19:26.575584Z[0m [34mDEBUG[0m [2methereum_transaction_pool_monitor::eth_client[0m[2m:[0m 📨 Received WebSocket message: {"jsonrpc":"2.0","method":"eth_subscription","params":{"subscription":"0xbed0a0851463e895960a451075a301a9","result":"0x63421193929e7cc551a3ad9de6c457ff753def50a5062cf53a6d3d85d5fc3a0a"}}
[2m2025-12-10T10:19:26.575589Z[0m [34mDEBUG[0m [2methereum_transaction_pool_monitor::eth_client[0m[2m:[0m 📨 Received pending transaction: 0x63421193929e7cc551a3ad9de6c457ff753def50a5062cf53a6d3d85d5fc3a0a
[2m2025-12-10T10:19:26.575596Z[0m [34mDEBUG[0m [2methereum_transaction_pool_monitor::eth_client[0m[2m:[0m 📨 Received WebSocket message: {"jsonrpc":"2.0","method":"eth_subscription","params":{"subscription":"0xbed0a0851463e895960a451075a301a9","result":"0x1562765ae853c26d461e48f67472899a839cab97be1addc28e742505f9122b07"}}
[2m2025-12-10T10:19:26.575601Z[0m [34mDEBUG[0m [2methereum_transaction_pool_monitor::eth_client[0m[2m:[0m 📨 Received pending transaction: 0x1562765ae853c26d461e48f67472899a839cab97be1addc28e742505f9122b07
[2m2025-12-10T10:19:26.575605Z[0m [34mDEBUG[0m [2methereum_transaction_pool_monitor::eth_client[0m[2m:[0m 📨 Received WebSocket message: {"jsonrpc":"2.0","method":"eth_subscription","params":{"subscription":"0xbed0a0851463e895960a451075a301a9","result":"0xf02cb24bb50f54a93644307e7ca03a1ab85ad6ce3a4070f7b08bd27b6cae33dd"}}
[2m2025-12-10T10:19:26.575609Z[0m [34mDEBUG[0m [2methereum_transaction_pool_monitor::eth_client[0m[2m:[0m 📨 Received pending transaction: 0xf02cb24bb50f54a93644307e7ca03a1ab85ad6ce3a4070f7b08bd27b6cae33dd
[2m2025-12-10T10:19:26.575613Z[0m [34mDEBUG[0m [2methereum_transaction_pool_monitor::eth_client[0m[2m:[0m 📨 Received WebSocket message: {"jsonrpc":"2.0","method":"eth_subscription","params":{"subscription":"0xbed0a0851463e895960a451075a301a9","result":"0x7d2beb5a8226ac66a09eb9a39ce3e33a62098ac1f8f81abe680435a1b0fe115b"}}
[2m2025-12-10T10:19:26.575618Z[0m [34mDEBUG[0m [2methereum_transaction_pool_monitor::eth_client[0m[2m:[0m 📨 Received pending transaction: 0x7d2beb5a8226ac66a09eb9a39ce3e33a62098ac1f8f81abe680435a1b0fe115b
[2m2025-12-10T10:19:26.575622Z[0m [34mDEBUG[0m [2methereum_transaction_pool_monitor::eth_client[0m[2m:[0m 📨 Received WebSocket message: {"jsonrpc":"2.0","method":"eth_subscription","params":{"subscription":"0xbed0a0851463e895960a451075a301a9","result":"0xf00bb0af679fa1047b0bb79b8911c73fbff32584f8a78e9fa6a846c474765a6d"}}
[2m2025-12-10T10:19:26.575627Z[0m [34mDEBUG[0m [2methereum_transaction_pool_monitor::eth_client[0m[2m:[0m 📨 Received pending transaction: 0xf00bb0af679fa1047b0bb79b8911c73fbff32584f8a78e9fa6a846c474765a6d
[2m2025-12-10T10:19:26.575631Z[0m [34mDEBUG[0m [2methereum_transaction_pool_monitor::eth_client[0m[2m:[0m 📨 Received WebSocket message: {"jsonrpc":"2.0","method":"eth_subscription","params":{"subscription":"0xbed0a0851463e895960a451075a301a9","result":"0x9fb517b54b91c16c49431a62c50e92ad0f46d220ec7ac557b8fae8f0cab2c893"}}
[2m2025-12-10T10:19:26.575642Z[0m [34mDEBUG[0m [2methereum_transaction_pool_monitor::eth_client[0m[2m:[0m 📨 Received pending transaction: 0x9fb517b54b91c16c49431a62c50e92ad0f46d220ec7ac557b8fae8f0cab2c893
[2m2025-12-10T10:19:26.575646Z[0m [34mDEBUG[0m [2methereum_transaction_pool_monitor::eth_client[0m[2m:[0m 📨 Received WebSocket message: {"jsonrpc":"2.0","method":"eth_subscription","params":{"subscription":"0xbed0a0851463e895960a451075a301a9","result":"0xe1cab74c053485b3d8ef42ab92c2cd647922417764a3035d45b521135f2ba334"}}
[2m2025-12-10T10:19:26.575651Z[0m [34mDEBUG[0m [2methereum_transaction_pool_monitor::eth_client[0m[2m:[0m 📨 Received pending transaction: 0xe1cab74c053485b3d8ef42ab92c2cd647922417764a3035d45b521135f2ba334
[2m2025-12-10T10:19:26.575662Z[0m [34mDEBUG[0m [2methereum_transaction_pool_monitor::eth_client[0m[2m:[0m 📨 Received WebSocket message: {"jsonrpc":"2.0","method":"eth_subscription","params":{"subscription":"0xbed0a0851463e895960a451075a301a9","result":"0x26b128aaf4815953b04ec5325c3e6fcb177f579d10d3a2824b8d2d42209cc44b"}}
[2m2025-12-10T10:19:26.575678Z[0m [34mDEBUG[0m [2methereum_transaction_pool_monitor::eth_client[0m[2m:[0m 📨 Received pending transaction: 0x26b128aaf4815953b04ec5325c3e6fcb177f579d10d3a2824b8d2d42209cc44b
[2m2025-12-10T10:19:26.575683Z[0m [34mDEBUG[0m [2methereum_transaction_pool_monitor::eth_client[0m[2m:[0m 📨 Received WebSocket message: {"jsonrpc":"2.0","method":"eth_subscription","params":{"subscription":"0xbed0a0851463e895960a451075a301a9","result":"0xc1464c824a51dc03025bca5c3d644c73ae12184685d360b35745c6818a574886"}}
[2m2025-12-10T10:19:26.575687Z[0m [34mDEBUG[0m [2methereum_transaction_pool_monitor::eth_client[0m[2m:[0m 📨 Received pending transaction: 0xc1464c824a51dc03025bca5c3d644c73ae12184685d360b35745c6818a574886
[2m2025-12-10T10:19:26.575692Z[0m [34mDEBUG[0m [2methereum_transaction_pool_monitor::eth_client[0m[2m:[0m 📨 Received WebSocket message: {"jsonrpc":"2.0","method":"eth_subscription","params":{"subscription":"0xbed0a0851463e895960a451075a301a9","result":"0x3537bc9333c0947c88854b3b6be9746bfcdcf42e7e1b221aa23b014c59b3a154"}}
[2m2025-12-10T10:19:26.575696Z[0m [34mDEBUG[0m [2methereum_transaction_pool_monitor::eth_client[0m[2m:[0m 📨 Received pending transaction: 0x3537bc9333c0947c88854b3b6be9746bfcdcf42e7e1b221aa23b014c59b3a154
[2m2025-12-10T10:19:26.575701Z[0m [34mDEBUG[0m [2methereum_transaction_pool_monitor::eth_client[0m[2m:[0m 📨 Received WebSocket message: {"jsonrpc":"2.0","method":"eth_subscription","params":{"subscription":"0xbed0a0851463e895960a451075a301a9","result":"0x085296e1b38926e7068254bade61ac942b96c41c525ee4eada7effbc7d71e834"}}
[2m2025-12-10T10:19:26.575705Z[0m [34mDEBUG[0m [2methereum_transaction_pool_monitor::eth_client[0m[2m:[0m 📨 Received pending transaction: 0x085296e1b38926e7068254bade61ac942b96c41c525ee4eada7effbc7d71e834
[2m2025-12-10T10:19:26.575710Z[0m [34mDEBUG[0m [2methereum_transaction_pool_monitor::eth_client[0m[2m:[0m 📨 Received WebSocket message: {"jsonrpc":"2.0","method":"eth_subscription","params":{"subscription":"0xbed0a0851463e895960a451075a301a9","result":"0xfb2cb3e9d86086e8f53ed5d41a143af72761d5b9d39a4b3ae0b4f2efd28ed9d5"}}
[2m2025-12-10T10:19:26.575715Z[0m [34mDEBUG[0m [2methereum_transaction_pool_monitor::eth_client[0m[2m:[0m 📨 Received pending transaction: 0xfb2cb3e9d86086e8f53ed5d41a143af72761d5b9d39a4b3ae0b4f2efd28ed9d5
[2m2025-12-10T10:19:26.575719Z[0m [34mDEBUG[0m [2methereum_transaction_pool_monitor::eth_client[0m[2m:[0m 📨 Received WebSocket message: {"jsonrpc":"2.0","method":"eth_subscription","params":{"subscription":"0xbed0a0851463e895960a451075a301a9","result":"0xb87ac9cd867d7a77136e41463cad9db9a14a5f966e2182eff7d360dcb6a0def9"}}
[2m2025-12-10T10:19:26.575741Z[0m [34mDEBUG[0m [2methereum_transaction_pool_monitor::eth_client[0m[2m:[0m 📨 Received pending transaction: 0xb87ac9cd867d7a77136e41463cad9db9a14a5f966e2182eff7d360dcb6a0def9
[2m2025-12-10T10:19:26.575745Z[0m [34mDEBUG[0m [2methereum_transaction_pool_monitor::eth_client[0m[2m:[0m 📨 Received WebSocket message: {"jsonrpc":"2.0","method":"eth_subscription","params":{"subscription":"0xbed0a0851463e895960a451075a301a9","result":"0xdd1a1e28ec97998dd41b07e5802c825a4bd1e1af57b3e570e3b5a8a2ea07c729"}}
[2m2025-12-10T10:19:26.575750Z[0m [34mDEBUG[0m [2methereum_transaction_pool_monitor::eth_client[0m[2m:[0m 📨 Received pending transaction: 0xdd1a1e28ec97998dd41b07e5802c825a4bd1e1af57b3e570e3b5a8a2ea07c729
[2m2025-12-10T10:19:26.575753Z[0m [34mDEBUG[0m [2methereum_transaction_pool_monitor::eth_client[0m[2m:[0m 📨 Received WebSocket message: {"jsonrpc":"2.0","method":"eth_subscription","params":{"subscription":"0xbed0a0851463e895960a451075a301a9","result":"0xfb27110b1ab7b68f2617c548fa4f94d09d41e5dc699207473addc48b3ae62695"}}
[2m2025-12-10T10:19:26.575758Z[0m [34mDEBUG[0m [2methereum_transaction_pool_monitor::eth_client[0m[2m:[0m 📨 Received pending transaction: 0xfb27110b1ab7b68f2617c548fa4f94d09d41e5dc699207473addc48b3ae62695
[2m2025-12-10T10:19:26.575762Z[0m [34mDEBUG[0m [2methereum_transaction_pool_monitor::eth_client[0m[2m:[0m 📨 Received WebSocket message: {"jsonrpc":"2.0","method":"eth_subscription","params":{"subscription":"0xbed0a0851463e895960a451075a301a9","result":"0x8138eb7f46bf248eb8ceca62174334cfbb090d4e7cd3110a24c1c94d8bf13a3f"}}
[2m2025-12-10T10:19:26.575766Z[0m [34mDEBUG[0m [2methereum_transaction_pool_monitor::eth_client[0m[2m:[0m 📨 Received pending transaction: 0x8138eb7f46bf248eb8ceca62174334cfbb090d4e7cd3110a24c1c94d8bf13a3f
[2m2025-12-10T10:19:26.575770Z[0m [34mDEBUG[0m [2methereum_transaction_pool_monitor::eth_client[0m[2m:[0m 📨 Received WebSocket message: {"jsonrpc":"2.0","method":"eth_subscription","params":{"subscription":"0xbed0a0851463e895960a451075a301a9","result":"0xdb0da052df15da6532e926218b7851ceffba93b86c0937a7b287a4ddda7966e5"}}
[2m2025-12-10T10:19:26.575775Z[0m [34mDEBUG[0m [2methereum_transaction_pool_monitor::eth_client[0m[2m:[0m 📨 Received pending transaction: 0xdb0da052df15da6532e926218b7851ceffba93b86c0937a7b287a4ddda7966e5
[2m2025-12-10T10:19:26.575778Z[0m [34mDEBUG[0m [2methereum_transaction_pool_monitor::eth_client[0m[2m:[0m 📨 Received WebSocket message: {"jsonrpc":"2.0","method":"eth_subscription","params":{"subscription":"0xbed0a0851463e895960a451075a301a9","result":"0x93de94a433d1e5c23cf1a68121bdfb772144913cff98ced5de06b059740329b1"}}
[2m2025-12-10T10:19:26.575784Z[0m [34mDEBUG[0m [2methereum_transaction_pool_monitor::eth_client[0m[2m:[0m 📨 Received pending transaction: 0x93de94a433d1e5c23cf1a68121bdfb772144913cff98ced5de06b059740329b1
[2m2025-12-10T10:19:26.575789Z[0m [34mDEBUG[0m [2methereum_transaction_pool_monitor::eth_client[0m[2m:[0m 📨 Received WebSocket message: {"jsonrpc":"2.0","method":"eth_subscription","params":{"subscription":"0xbed0a0851463e895960a451075a301a9","result":"0x5e18a8c9f06041d350bcdfce7b0cc6ccd71a4f40f750c0755bef8ce28c6d75c6"}}
[2m2025-12-10T10:19:26.576168Z[0m [34mDEBUG[0m [2methereum_transaction_pool_monitor::eth_client[0m[2m:[0m 📨 Received pending transaction: 0x5e18a8c9f06041d350bcdfce7b0cc6ccd71a4f40f750c0755bef8ce28c6d75c6
[2m2025-12-10T10:19:26.576181Z[0m [34mDEBUG[0m [2methereum_transaction_pool_monitor::eth_client[0m[2m:[0m 📨 Received WebSocket message: {"jsonrpc":"2.0","method":"eth_subscription","params":{"subscription":"0xbed0a0851463e895960a451075a301a9","result":"0xfb5cffccf3ec25e42b729ee3d985502c81a019121d55cd1af94b9c9e1e9a27f6"}}
[2m2025-12-10T10:19:26.576188Z[0m [34mDEBUG[0m [2methereum_transaction_pool_monitor::eth_client[0m[2m:[0m 📨 Received pending transaction: 0xfb5cffccf3ec25e42b729ee3d985502c81a019121d55cd1af94b9c9e1e9a27f6
[2m2025-12-10T10:19:26.576193Z[0m [34mDEBUG[0m [2methereum_transaction_pool_monitor::eth_client[0m[2m:[0m 📨 Received WebSocket message: {"jsonrpc":"2.0","method":"eth_subscription","params":{"subscription":"0xbed0a0851463e895960a451075a301a9","result":"0x0131c0a73af7cc0fd02c6ce44a171a2ee6e180c614ff4e4b9fdcc7a165028302"}}
[2m2025-12-10T10:19:26.576198Z[0m [34mDEBUG[0m [2methereum_transaction_pool_monitor::eth_client[0m[2m:[0m 📨 Received pending transaction: 0x0131c0a73af7cc0fd02c6ce44a171a2ee6e180c614ff4e4b9fdcc7a165028302
[2m2025-12-10T10:19:26.576210Z[0m [34mDEBUG[0m [2methereum_transaction_pool_monitor::eth_client[0m[2m:[0m 📨 Received WebSocket message: {"jsonrpc":"2.0","method":"eth_subscription","params":{"subscription":"0xbed0a0851463e895960a451075a301a9","result":"0xecf3b34267527aaf357e64ba82c85bcc65e34ef9c027d4d4054c96a946f441fc"}}
[2m2025-12-10T10:19:26.576218Z[0m [34mDEBUG[0m [2methereum_transaction_pool_monitor::eth_client[0m[2m:[0m 📨 Received pending transaction: 0xecf3b34267527aaf357e64ba82c85bcc65e34ef9c027d4d4054c96a946f441fc
[2m2025-12-10T10:19:26.576223Z[0m [34mDEBUG[0m [2methereum_transaction_pool_monitor::eth_client[0m[2m:[0m 📨 Received WebSocket message: {"jsonrpc":"2.0","method":"eth_subscription","params":{"subscription":"0xbed0a0851463e895960a451075a301a9","result":"0xfd4e97523e4538d32f9c1fd048fd4d645b2f925e5894b55b18d51ceb33dccb62"}}
[2m2025-12-10T10:19:26.576230Z[0m [34mDEBUG[0m [2methereum_transaction_pool_monitor::eth_client[0m[2m:[0m 📨 Received pending transaction: 0xfd4e97523e4538d32f9c1fd048fd4d645b2f925e5894b55b18d51ceb33dccb62
[2m2025-12-10T10:19:26.576235Z[0m [34mDEBUG[0m [2methereum_transaction_pool_monitor::eth_client[0m[2m:[0m 📨 Received WebSocket message: {"jsonrpc":"2.0","method":"eth_subscription","params":{"subscription":"0xbed0a0851463e895960a451075a301a9","result":"0xb2ec6b30dde4f6caf1ff86c628ee9531dde353ab7ba75d31c7776b668c39d307"}}
[2m2025-12-10T10:19:26.576241Z[0m [34mDEBUG[0m [2methereum_transaction_pool_monitor::eth_client[0m[2m:[0m 📨 Received pending transaction: 0xb2ec6b30dde4f6caf1ff86c628ee9531dde353ab7ba75d31c7776b668c39d307
[2m2025-12-10T10:19:26.576256Z[0m [34mDEBUG[0m [2methereum_transaction_pool_monitor::eth_client[0m[2m:[0m 📨 Received WebSocket message: {"jsonrpc":"2.0","method":"eth_subscription","params":{"subscription":"0xbed0a0851463e895960a451075a301a9","result":"0x32c320bc4babc9c4297cf9432944425304b59b45a4144e19800b973de2457943"}}
[2m2025-12-10T10:19:26.576264Z[0m [34mDEBUG[0m [2methereum_transaction_pool_monitor::eth_client[0m[2m:[0m 📨 Received pending transaction: 0x32c320bc4babc9c4297cf9432944425304b59b45a4144e19800b973de2457943
[2m2025-12-10T10:19:26.576270Z[0m [34mDEBUG[0m [2methereum_transaction_pool_monitor::eth_client[0m[2m:[0m 📨 Received WebSocket message: {"jsonrpc":"2.0","method":"eth_subscription","params":{"subscription":"0xbed0a0851463e895960a451075a301a9","result":"0x048c467836ad4e3d1612f0ee33a3ed63dc32d07b02ca04136a244bac9a9c7a90"}}
[2m2025-12-10T10:19:26.576275Z[0m [34mDEBUG[0m [2methereum_transaction_pool_monitor::eth_client[0m[2m:[0m 📨 Received pending transaction: 0x048c467836ad4e3d1612f0ee33a3ed63dc32d07b02ca04136a244bac9a9c7a90
[2m2025-12-10T10:19:26.576279Z[0m [34mDEBUG[0m [2methereum_transaction_pool_monitor::eth_client[0m[2m:[0m 📨 Received WebSocket message: {"jsonrpc":"2.0","method":"eth_subscription","params":{"subscription":"0xbed0a0851463e895960a451075a301a9","result":"0x2c57a9e69d355a41041547b8b458e964fb1a3b12fb5130525fbc11e3fe45d188"}}
[2m2025-12-10T10:19:26.576285Z[0m [34mDEBUG[0m [2methereum_transaction_pool_monitor::eth_client[0m[2m:[0m 📨 Received pending transaction: 0x2c57a9e69d355a41041547b8b458e964fb1a3b12fb5130525fbc11e3fe45d188
[2m2025-12-10T10:19:26.576289Z[0m [34mDEBUG[0m [2methereum_transaction_pool_monitor::eth_client[0m[2m:[0m 📨 Received WebSocket message: {"jsonrpc":"2.0","method":"eth_subscription","params":{"subscription":"0xbed0a0851463e895960a451075a301a9","result":"0x20dc4d66aafc5d71b81043bb8c6fac749d3fcbbdb02467a42318461cf897e080"}}
[2m2025-12-10T10:19:26.576294Z[0m [34mDEBUG[0m [2methereum_transaction_pool_monitor::eth_client[0m[2m:[0m 📨 Received pending transaction: 0x20dc4d66aafc5d71b81043bb8c6fac749d3fcbbdb02467a42318461cf897e080
[2m2025-12-10T10:19:26.576298Z[0m [34mDEBUG[0m [2methereum_transaction_pool_monitor::eth_client[0m[2m:[0m 📨 Received WebSocket message: {"jsonrpc":"2.0","method":"eth_subscription","params":{"subscription":"0xbed0a0851463e895960a451075a301a9","result":"0x5a640c7a7b81d245f426bdf0b50e63aa034eb7c7c691d788cdb39f1fb1828727"}}
[2m2025-12-10T10:19:26.576303Z[0m [34mDEBUG[0m [2methereum_transaction_pool_monitor::eth_client[0m[2m:[0m 📨 Received pending transaction: 0x5a640c7a7b81d245f426bdf0b50e63aa034eb7c7c691d788cdb39f1fb1828727
[2m2025-12-10T10:19:26.576364Z[0m [34mDEBUG[0m [2methereum_transaction_pool_monitor::eth_client[0m[2m:[0m 📨 Received WebSocket message: {"jsonrpc":"2.0","method":"eth_subscription","params":{"subscription":"0xbed0a0851463e895960a451075a301a9","result":"0x501a0c18005ff8c88d7a95471a0926ac198ffe7034c14e3aa92869ef0dc94636"}}
[2m2025-12-10T10:19:26.576370Z[0m [34mDEBUG[0m [2methereum_transaction_pool_monitor::eth_client[0m[2m:[0m 📨 Received pending transaction: 0x501a0c18005ff8c88d7a95471a0926ac198ffe7034c14e3aa92869ef0dc94636
[2m2025-12-10T10:19:26.576375Z[0m [34mDEBUG[0m [2methereum_transaction_pool_monitor::eth_client[0m[2m:[0m 📨 Received WebSocket message: {"jsonrpc":"2.0","method":"eth_subscription","params":{"subscription":"0xbed0a0851463e895960a451075a301a9","result":"0x43108f7074132e97752f5f3a40c33f964e86201032c74a2da09ce738968a29e9"}}
[2m2025-12-10T10:19:26.576380Z[0m [34mDEBUG[0m [2methereum_transaction_pool_monitor::eth_client[0m[2m:[0m 📨 Received pending transaction: 0x43108f7074132e97752f5f3a40c33f964e86201032c74a2da09ce738968a29e9
[2m2025-12-10T10:19:26.576384Z[0m [34mDEBUG[0m [2methereum_transaction_pool_monitor::eth_client[0m[2m:[0m 📨 Received WebSocket message: {"jsonrpc":"2.0","method":"eth_subscription","params":{"subscription":"0xbed0a0851463e895960a451075a301a9","result":"0x5b898d3af4e6a30f0262e93db6403bb5b70016f40ce933ecd1f3ca5ebc97f188"}}
[2m2025-12-10T10:19:26.576389Z[0m [34mDEBUG[0m [2methereum_transaction_pool_monitor::eth_client[0m[2m:[0m 📨 Received pending transaction: 0x5b898d3af4e6a30f0262e93db6403bb5b70016f40ce933ecd1f3ca5ebc97f188
[2m2025-12-10T10:19:26.576393Z[0m [34mDEBUG[0m [2methereum_transaction_pool_monitor::eth_client[0m[2m:[0m 📨 Received WebSocket message: {"jsonrpc":"2.0","method":"eth_subscription","params":{"subscription":"0xbed0a0851463e895960a451075a301a9","result":"0x96987fa5552e5b89da6b186b3a0a08c5ae079e4866dd6b2d39a3ddf96e0b44a6"}}
[2m2025-12-10T10:19:26.576398Z[0m [34mDEBUG[0m [2methereum_transaction_pool_monitor::eth_client[0m[2m:[0m 📨 Received pending transaction: 0x96987fa5552e5b89da6b186b3a0a08c5ae079e4866dd6b2d39a3ddf96e0b44a6
[2m2025-12-10T10:19:26.576402Z[0m [34mDEBUG[0m [2methereum_transaction_pool_monitor::eth_client[0m[2m:[0m 📨 Received WebSocket message: {"jsonrpc":"2.0","method":"eth_subscription","params":{"subscription":"0xbed0a0851463e895960a451075a301a9","result":"0xeb45e0ba3b71924b03782ca9dbb2c1e5b3fe06caabcb6fe569ad9b9b3c9e80cd"}}
[2m2025-12-10T10:19:26.576406Z[0m [34mDEBUG[0m [2methereum_transaction_pool_monitor::eth_client[0m[2m:[0m 📨 Received pending transaction: 0xeb45e0ba3b71924b03782ca9dbb2c1e5b3fe06caabcb6fe569ad9b9b3c9e80cd
[2m2025-12-10T10:19:26.576410Z[0m [34mDEBUG[0m [2methereum_transaction_pool_monitor::eth_client[0m[2m:[0m 📨 Received WebSocket message: {"jsonrpc":"2.0","method":"eth_subscription","params":{"subscription":"0xbed0a0851463e895960a451075a301a9","result":"0xc025c84188ce80140f30823414ee7a37bfeb59ab9ea57fcf56e62f240d5e482d"}}
[2m2025-12-10T10:19:26.576415Z[0m [34mDEBUG[0m [2methereum_transaction_pool_monitor::eth_client[0m[2m:[0m 📨 Received pending transaction: 0xc025c84188ce80140f30823414ee7a37bfeb59ab9ea57fcf56e62f240d5e482d
[2m2025-12-10T10:19:26.576419Z[0m [34mDEBUG[0m [2methereum_transaction_pool_monitor::eth_client[0m[2m:[0m 📨 Received WebSocket message: {"jsonrpc":"2.0","method":"eth_subscription","params":{"subscription":"0xbed0a0851463e895960a451075a301a9","result":"0x9c6fca2eee8e2eb808ec2c8b8f531711acd814dd6a63c2d45b8cbf7ddf0dfa65"}}
[2m2025-12-10T10:19:26.576424Z[0m [34mDEBUG[0m [2methereum_transaction_pool_monitor::eth_client[0m[2m:[0m 📨 Received pending transaction: 0x9c6fca2eee8e2eb808ec2c8b8f531711acd814dd6a63c2d45b8cbf7ddf0dfa65
[2m2025-12-10T10:19:26.577410Z[0m [34mDEBUG[0m [2mhyper::proto::h1::io[0m[2m:[0m parsed 4 headers
[2m2025-12-10T10:19:26.577422Z[0m [34mDEBUG[0m [2mhyper::proto::h1::conn[0m[2m:[0m incoming body is content-length (45 bytes)
[2m2025-12-10T10:19:26.577431Z[0m [34mDEBUG[0m [2mhyper::proto::h1::conn[0m[2m:[0m incoming body completed
[2m2025-12-10T10:19:26.577477Z[0m [34mDEBUG[0m [2mhyper::client::pool[0m[2m:[0m pooling idle connection for ("http", 192.168.0.14:8545)
[2m2025-12-10T10:19:26.577510Z[0m [34mDEBUG[0m [2mhyper::client::pool[0m[2m:[0m reuse idle connection for ("http", 192.168.0.14:8545)
[2m2025-12-10T10:19:26.577548Z[0m [34mDEBUG[0m [2mhyper::proto::h1::io[0m[2m:[0m flushed 172 bytes
[2m2025-12-10T10:19:26.585903Z[0m [34mDEBUG[0m [2mhyper::proto::h1::io[0m[2m:[0m parsed 4 headers
[2m2025-12-10T10:19:26.585918Z[0m [34mDEBUG[0m [2mhyper::proto::h1::conn[0m[2m:[0m incoming body is content-length (726 bytes)
[2m2025-12-10T10:19:26.585931Z[0m [34mDEBUG[0m [2mhyper::proto::h1::conn[0m[2m:[0m incoming body completed
[2m2025-12-10T10:19:26.585962Z[0m [34mDEBUG[0m [2mhyper::client::pool[0m[2m:[0m pooling idle connection for ("http", 192.168.0.14:8545)
[2m2025-12-10T10:19:26.585974Z[0m [34mDEBUG[0m [2methereum_transaction_pool_monitor::eth_client[0m[2m:[0m 📡 Transaction fetch RPC completed in 12.595917ms
[2m2025-12-10T10:19:29.951905Z[0m [34mDEBUG[0m [2methereum_transaction_pool_monitor::eth_client[0m[2m:[0m ✅ Transaction 0x45d65cb31561faaf9508f16930ba0648b96d161f147eacde902a02fb98fba8cf fetched and parsed in 3.376191875s
[2m2025-12-10T10:19:29.955369Z[0m [34mDEBUG[0m [2methereum_transaction_pool_monitor::mempool_monitor[0m[2m:[0m 🔍 Skipping tx 0x45d65cb31561faaf9508f16930ba0648b96d161f147eacde902a02fb98fba8cf - not a DEX interaction (target: 0xa1abfA21f80ecf401bd41365adBb6fEF6fEfDF09)
[2m2025-12-10T10:19:29.957907Z[0m [34mDEBUG[0m [2methereum_transaction_pool_monitor::mempool_monitor[0m[2m:[0m 📨 Processing new pending transaction: 0x370d7d510053c2a56f03c5f9f25c33a4e86cc0a21a1ffb9bad3fd822e8b7c72b
[2m2025-12-10T10:19:29.958085Z[0m [34mDEBUG[0m [2methereum_transaction_pool_monitor::mempool_monitor[0m[2m:[0m 🔍 Fetching transaction details for: 0x370d7d510053c2a56f03c5f9f25c33a4e86cc0a21a1ffb9bad3fd822e8b7c72b
[2m2025-12-10T10:19:29.958092Z[0m [34mDEBUG[0m [2methereum_transaction_pool_monitor::eth_client[0m[2m:[0m 🔍 Fetching transaction details for hash: 0x370d7d510053c2a56f03c5f9f25c33a4e86cc0a21a1ffb9bad3fd822e8b7c72b
[2m2025-12-10T10:19:29.962794Z[0m [34mDEBUG[0m [2mhyper::client::pool[0m[2m:[0m reuse idle connection for ("http", 192.168.0.14:8545)
[2m2025-12-10T10:19:29.964624Z[0m [34mDEBUG[0m [2mhyper::proto::h1::io[0m[2m:[0m flushed 250 bytes
[2m2025-12-10T10:19:29.965648Z[0m [34mDEBUG[0m [2mhyper::proto::h1::io[0m[2m:[0m parsed 4 headers
[2m2025-12-10T10:19:29.965656Z[0m [34mDEBUG[0m [2mhyper::proto::h1::conn[0m[2m:[0m incoming body is content-length (45 bytes)
[2m2025-12-10T10:19:29.965826Z[0m [32m INFO[0m [2methereum_transaction_pool_monitor::bot_runner[0m[2m:[0m 🤖 MEV Bot Stats | Uptime: 0.2h | Opportunities: 0 | Bundles: 0/0 (0.0%) | Profit: 0.0000 ETH | Rate: 0.00/h
[2m2025-12-10T10:19:29.965850Z[0m [34mDEBUG[0m [2mhyper::proto::h1::conn[0m[2m:[0m incoming body completed
[2m2025-12-10T10:19:29.966103Z[0m [34mDEBUG[0m [2mhyper::client::pool[0m[2m:[0m pooling idle connection for ("http", 192.168.0.14:8545)
[2m2025-12-10T10:19:29.966262Z[0m [34mDEBUG[0m [2methereum_transaction_pool_monitor::eth_client[0m[2m:[0m 📨 Received WebSocket message: {"jsonrpc":"2.0","method":"eth_subscription","params":{"subscription":"0xbed0a0851463e895960a451075a301a9","result":"0xd9028161269e54e88b023c6e6ed18531a8c97442a54d0a3a060b393d2dc887e2"}}
[2m2025-12-10T10:19:29.967105Z[0m [34mDEBUG[0m [2methereum_transaction_pool_monitor::eth_client[0m[2m:[0m 📨 Received pending transaction: 0xd9028161269e54e88b023c6e6ed18531a8c97442a54d0a3a060b393d2dc887e2
[2m2025-12-10T10:19:29.967279Z[0m [34mDEBUG[0m [2mhyper::client::pool[0m[2m:[0m reuse idle connection for ("http", 192.168.0.14:8545)
[2m2025-12-10T10:19:29.967445Z[0m [34mDEBUG[0m [2mhyper::proto::h1::io[0m[2m:[0m flushed 172 bytes
[2m2025-12-10T10:19:29.967457Z[0m [34mDEBUG[0m [2methereum_transaction_pool_monitor::eth_client[0m[2m:[0m 📨 Received WebSocket message: {"jsonrpc":"2.0","method":"eth_subscription","params":{"subscription":"0xbed0a0851463e895960a451075a301a9","result":"0x11915e9ea4e752b5cdaf04f0833dea484d82b384e1c7c61d91b44b6270634326"}}
[2m2025-12-10T10:19:29.967465Z[0m [34mDEBUG[0m [2methereum_transaction_pool_monitor::eth_client[0m[2m:[0m 📨 Received pending transaction: 0x11915e9ea4e752b5cdaf04f0833dea484d82b384e1c7c61d91b44b6270634326
[2m2025-12-10T10:19:29.967470Z[0m [34mDEBUG[0m [2methereum_transaction_pool_monitor::eth_client[0m[2m:[0m 📨 Received WebSocket message: {"jsonrpc":"2.0","method":"eth_subscription","params":{"subscription":"0xbed0a0851463e895960a451075a301a9","result":"0x526733ecb435721e6f0e3643389ac3dfc52c610a27b7d9f3db2e654d43d2f897"}}
[2m2025-12-10T10:19:29.967476Z[0m [34mDEBUG[0m [2methereum_transaction_pool_monitor::eth_client[0m[2m:[0m 📨 Received pending transaction: 0x526733ecb435721e6f0e3643389ac3dfc52c610a27b7d9f3db2e654d43d2f897
[2m2025-12-10T10:19:29.967481Z[0m [34mDEBUG[0m [2methereum_transaction_pool_monitor::eth_client[0m[2m:[0m 📨 Received WebSocket message: {"jsonrpc":"2.0","method":"eth_subscription","params":{"subscription":"0xbed0a0851463e895960a451075a301a9","result":"0xa30e405a32f2c0797f7183e326a7e846ffda222a14d932e0c48364519ce468b7"}}
[2m2025-12-10T10:19:29.967486Z[0m [34mDEBUG[0m [2methereum_transaction_pool_monitor::eth_client[0m[2m:[0m 📨 Received pending transaction: 0xa30e405a32f2c0797f7183e326a7e846ffda222a14d932e0c48364519ce468b7
[2m2025-12-10T10:19:29.967743Z[0m [34mDEBUG[0m [2methereum_transaction_pool_monitor::eth_client[0m[2m:[0m 📨 Received WebSocket message: {"jsonrpc":"2.0","method":"eth_subscription","params":{"subscription":"0xbed0a0851463e895960a451075a301a9","result":"0x5cbee46f44ff268da6f2b2ade0c488412183d3e60feca8bcb652c51a2d4072ff"}}
[2m2025-12-10T10:19:29.967752Z[0m [34mDEBUG[0m [2methereum_transaction_pool_monitor::eth_client[0m[2m:[0m 📨 Received pending transaction: 0x5cbee46f44ff268da6f2b2ade0c488412183d3e60feca8bcb652c51a2d4072ff
[2m2025-12-10T10:19:29.967758Z[0m [34mDEBUG[0m [2methereum_transaction_pool_monitor::eth_client[0m[2m:[0m 📨 Received WebSocket message: {"jsonrpc":"2.0","method":"eth_subscription","params":{"subscription":"0xbed0a0851463e895960a451075a301a9","result":"0x7e836d4521fb0dfbecdb036cf76c22d80f0864f4e4627493c3e9c1cf3513221b"}}
[2m2025-12-10T10:19:29.967943Z[0m [34mDEBUG[0m [2methereum_transaction_pool_monitor::eth_client[0m[2m:[0m 📨 Received pending transaction: 0x7e836d4521fb0dfbecdb036cf76c22d80f0864f4e4627493c3e9c1cf3513221b
[2m2025-12-10T10:19:29.967950Z[0m [34mDEBUG[0m [2methereum_transaction_pool_monitor::eth_client[0m[2m:[0m 📨 Received WebSocket message: {"jsonrpc":"2.0","method":"eth_subscription","params":{"subscription":"0xbed0a0851463e895960a451075a301a9","result":"0x5af828e223a5f97f99287c2a9f87351abaf66c03967260030a3c1a406afc9c31"}}
[2m2025-12-10T10:19:29.967956Z[0m [34mDEBUG[0m [2methereum_transaction_pool_monitor::eth_client[0m[2m:[0m 📨 Received pending transaction: 0x5af828e223a5f97f99287c2a9f87351abaf66c03967260030a3c1a406afc9c31
[2m2025-12-10T10:19:29.967961Z[0m [34mDEBUG[0m [2methereum_transaction_pool_monitor::eth_client[0m[2m:[0m 📨 Received WebSocket message: {"jsonrpc":"2.0","method":"eth_subscription","params":{"subscription":"0xbed0a0851463e895960a451075a301a9","result":"0x1e8f7bca961a3b73f2034e15f8e953064b13489cbfabf25ad3f8f1030f02504a"}}
[2m2025-12-10T10:19:29.967966Z[0m [34mDEBUG[0m [2methereum_transaction_pool_monitor::eth_client[0m[2m:[0m 📨 Received pending transaction: 0x1e8f7bca961a3b73f2034e15f8e953064b13489cbfabf25ad3f8f1030f02504a
[2m2025-12-10T10:19:29.967971Z[0m [34mDEBUG[0m [2methereum_transaction_pool_monitor::eth_client[0m[2m:[0m 📨 Received WebSocket message: {"jsonrpc":"2.0","method":"eth_subscription","params":{"subscription":"0xbed0a0851463e895960a451075a301a9","result":"0x729b6108e5d7d17db704f04e9a504ade44f475af955cb06b490e965bb15dc657"}}
[2m2025-12-10T10:19:29.967976Z[0m [34mDEBUG[0m [2methereum_transaction_pool_monitor::eth_client[0m[2m:[0m 📨 Received pending transaction: 0x729b6108e5d7d17db704f04e9a504ade44f475af955cb06b490e965bb15dc657
[2m2025-12-10T10:19:29.967981Z[0m [34mDEBUG[0m [2methereum_transaction_pool_monitor::eth_client[0m[2m:[0m 📨 Received WebSocket message: {"jsonrpc":"2.0","method":"eth_subscription","params":{"subscription":"0xbed0a0851463e895960a451075a301a9","result":"0xcbd840abc02921e30dde5d93beae382d33fa3240565f3854134adfa9917b3914"}}
[2m2025-12-10T10:19:29.967987Z[0m [34mDEBUG[0m [2methereum_transaction_pool_monitor::eth_client[0m[2m:[0m 📨 Received pending transaction: 0xcbd840abc02921e30dde5d93beae382d33fa3240565f3854134adfa9917b3914
[2m2025-12-10T10:19:29.967993Z[0m [34mDEBUG[0m [2methereum_transaction_pool_monitor::eth_client[0m[2m:[0m 📨 Received WebSocket message: {"jsonrpc":"2.0","method":"eth_subscription","params":{"subscription":"0xbed0a0851463e895960a451075a301a9","result":"0x54d0fab5ec7daf2d640373463db8828bc111be71852ce143fb759296d5cda8e7"}}
[2m2025-12-10T10:19:29.968000Z[0m [34mDEBUG[0m [2methereum_transaction_pool_monitor::eth_client[0m[2m:[0m 📨 Received pending transaction: 0x54d0fab5ec7daf2d640373463db8828bc111be71852ce143fb759296d5cda8e7
[2m2025-12-10T10:19:29.968005Z[0m [34mDEBUG[0m [2methereum_transaction_pool_monitor::eth_client[0m[2m:[0m 📨 Received WebSocket message: {"jsonrpc":"2.0","method":"eth_subscription","params":{"subscription":"0xbed0a0851463e895960a451075a301a9","result":"0x37af3c0b3d2113408f6c1bc260dbb7c7ac7f40298cc49a2b2dee824556e9d430"}}
[2m2025-12-10T10:19:29.968010Z[0m [34mDEBUG[0m [2methereum_transaction_pool_monitor::eth_client[0m[2m:[0m 📨 Received pending transaction: 0x37af3c0b3d2113408f6c1bc260dbb7c7ac7f40298cc49a2b2dee824556e9d430
[2m2025-12-10T10:19:29.968017Z[0m [34mDEBUG[0m [2methereum_transaction_pool_monitor::eth_client[0m[2m:[0m 📨 Received WebSocket message: {"jsonrpc":"2.0","method":"eth_subscription","params":{"subscription":"0xbed0a0851463e895960a451075a301a9","result":"0xfb3f6e2182e7f7652e450f63ad01fc25184c53964bf82ee2a0ced4b3d1d5c610"}}
[2m2025-12-10T10:19:29.968022Z[0m [34mDEBUG[0m [2methereum_transaction_pool_monitor::eth_client[0m[2m:[0m 📨 Received pending transaction: 0xfb3f6e2182e7f7652e450f63ad01fc25184c53964bf82ee2a0ced4b3d1d5c610
[2m2025-12-10T10:19:29.968027Z[0m [34mDEBUG[0m [2methereum_transaction_pool_monitor::eth_client[0m[2m:[0m 📨 Received WebSocket message: {"jsonrpc":"2.0","method":"eth_subscription","params":{"subscription":"0xbed0a0851463e895960a451075a301a9","result":"0xcfd03f66aa091e98b55c588a065fa16a8f4485af0e252262ed38ca6ca86e51e1"}}
[2m2025-12-10T10:19:29.968032Z[0m [34mDEBUG[0m [2methereum_transaction_pool_monitor::eth_client[0m[2m:[0m 📨 Received pending transaction: 0xcfd03f66aa091e98b55c588a065fa16a8f4485af0e252262ed38ca6ca86e51e1
[2m2025-12-10T10:19:29.968077Z[0m [34mDEBUG[0m [2methereum_transaction_pool_monitor::eth_client[0m[2m:[0m 📨 Received WebSocket message: {"jsonrpc":"2.0","method":"eth_subscription","params":{"subscription":"0xbed0a0851463e895960a451075a301a9","result":"0x4f1efe04fc8e9720e259b7d333fe0c2958c3666bd17bee76b2b9457b97e2de05"}}
[2m2025-12-10T10:19:29.968084Z[0m [34mDEBUG[0m [2methereum_transaction_pool_monitor::eth_client[0m[2m:[0m 📨 Received pending transaction: 0x4f1efe04fc8e9720e259b7d333fe0c2958c3666bd17bee76b2b9457b97e2de05
[2m2025-12-10T10:19:29.968089Z[0m [34mDEBUG[0m [2methereum_transaction_pool_monitor::eth_client[0m[2m:[0m 📨 Received WebSocket message: {"jsonrpc":"2.0","method":"eth_subscription","params":{"subscription":"0xbed0a0851463e895960a451075a301a9","result":"0x8b426dd52234292772e5d866c98f41d03e6ba2d7a1175df7575f2a55be2f80b2"}}
[2m2025-12-10T10:19:29.968095Z[0m [34mDEBUG[0m [2methereum_transaction_pool_monitor::eth_client[0m[2m:[0m 📨 Received pending transaction: 0x8b426dd52234292772e5d866c98f41d03e6ba2d7a1175df7575f2a55be2f80b2
[2m2025-12-10T10:19:29.968104Z[0m [34mDEBUG[0m [2methereum_transaction_pool_monitor::eth_client[0m[2m:[0m 📨 Received WebSocket message: {"jsonrpc":"2.0","method":"eth_subscription","params":{"subscription":"0xbed0a0851463e895960a451075a301a9","result":"0x16b65978a7834b9b33c8afdcaedbc8930c7d07071a3d73b3269eddb5a9018965"}}
[2m2025-12-10T10:19:29.968113Z[0m [34mDEBUG[0m [2methereum_transaction_pool_monitor::eth_client[0m[2m:[0m 📨 Received pending transaction: 0x16b65978a7834b9b33c8afdcaedbc8930c7d07071a3d73b3269eddb5a9018965
[2m2025-12-10T10:19:29.968118Z[0m [34mDEBUG[0m [2methereum_transaction_pool_monitor::eth_client[0m[2m:[0m 📨 Received WebSocket message: {"jsonrpc":"2.0","method":"eth_subscription","params":{"subscription":"0xbed0a0851463e895960a451075a301a9","result":"0xa1723277a94fbaff367e7b0bd28764779ee81bb42e5df59becc7598ce309a887"}}
[2m2025-12-10T10:19:29.968123Z[0m [34mDEBUG[0m [2methereum_transaction_pool_monitor::eth_client[0m[2m:[0m 📨 Received pending transaction: 0xa1723277a94fbaff367e7b0bd28764779ee81bb42e5df59becc7598ce309a887
[2m2025-12-10T10:19:29.968128Z[0m [34mDEBUG[0m [2methereum_transaction_pool_monitor::eth_client[0m[2m:[0m 📨 Received WebSocket message: {"jsonrpc":"2.0","method":"eth_subscription","params":{"subscription":"0xbed0a0851463e895960a451075a301a9","result":"0xf7ff2c0ff1a4bf6e302e031d475aec80a19c35aeafc4d5e150ba02f8caa0c0e7"}}
[2m2025-12-10T10:19:29.968133Z[0m [34mDEBUG[0m [2methereum_transaction_pool_monitor::eth_client[0m[2m:[0m 📨 Received pending transaction: 0xf7ff2c0ff1a4bf6e302e031d475aec80a19c35aeafc4d5e150ba02f8caa0c0e7
[2m2025-12-10T10:19:29.968137Z[0m [34mDEBUG[0m [2methereum_transaction_pool_monitor::eth_client[0m[2m:[0m 📨 Received WebSocket message: {"jsonrpc":"2.0","method":"eth_subscription","params":{"subscription":"0xbed0a0851463e895960a451075a301a9","result":"0x4b602eeca4882e6b9a1b5ec42bd9fc5bf61cd2637c4776c3d505284c0c431bf7"}}
[2m2025-12-10T10:19:29.968142Z[0m [34mDEBUG[0m [2methereum_transaction_pool_monitor::eth_client[0m[2m:[0m 📨 Received pending transaction: 0x4b602eeca4882e6b9a1b5ec42bd9fc5bf61cd2637c4776c3d505284c0c431bf7
[2m2025-12-10T10:19:29.968147Z[0m [34mDEBUG[0m [2methereum_transaction_pool_monitor::eth_client[0m[2m:[0m 📨 Received WebSocket message: {"jsonrpc":"2.0","method":"eth_subscription","params":{"subscription":"0xbed0a0851463e895960a451075a301a9","result":"0xc55cfc08718486554f40c589f67077af3b97df600fc81ef96e3d5c10e3d2b7d6"}}
[2m2025-12-10T10:19:29.968152Z[0m [34mDEBUG[0m [2methereum_transaction_pool_monitor::eth_client[0m[2m:[0m 📨 Received pending transaction: 0xc55cfc08718486554f40c589f67077af3b97df600fc81ef96e3d5c10e3d2b7d6
[2m2025-12-10T10:19:29.968198Z[0m [34mDEBUG[0m [2methereum_transaction_pool_monitor::eth_client[0m[2m:[0m 📨 Received WebSocket message: {"jsonrpc":"2.0","method":"eth_subscription","params":{"subscription":"0xbed0a0851463e895960a451075a301a9","result":"0xaaeae9dc2c85cb324e277753643cf591f7b8cffd8d872c8291edc0f37e4b7ce8"}}
[2m2025-12-10T10:19:29.968221Z[0m [34mDEBUG[0m [2methereum_transaction_pool_monitor::eth_client[0m[2m:[0m 📨 Received pending transaction: 0xaaeae9dc2c85cb324e277753643cf591f7b8cffd8d872c8291edc0f37e4b7ce8
[2m2025-12-10T10:19:29.968226Z[0m [34mDEBUG[0m [2methereum_transaction_pool_monitor::eth_client[0m[2m:[0m 📨 Received WebSocket message: {"jsonrpc":"2.0","method":"eth_subscription","params":{"subscription":"0xbed0a0851463e895960a451075a301a9","result":"0xd541dc6aa9d6d6d083d6ccfcf09e29bdc8181ab729ec52ce294771fcddba8424"}}
[2m2025-12-10T10:19:29.968232Z[0m [34mDEBUG[0m [2methereum_transaction_pool_monitor::eth_client[0m[2m:[0m 📨 Received pending transaction: 0xd541dc6aa9d6d6d083d6ccfcf09e29bdc8181ab729ec52ce294771fcddba8424
[2m2025-12-10T10:19:29.968237Z[0m [34mDEBUG[0m [2methereum_transaction_pool_monitor::eth_client[0m[2m:[0m 📨 Received WebSocket message: {"jsonrpc":"2.0","method":"eth_subscription","params":{"subscription":"0xbed0a0851463e895960a451075a301a9","result":"0xaf74cf0c0324ccc13fefe316bfa7a07cd6f7372a9fb2b525602d2c78de6c3c8b"}}
[2m2025-12-10T10:19:29.968290Z[0m [34mDEBUG[0m [2methereum_transaction_pool_monitor::eth_client[0m[2m:[0m 📨 Received pending transaction: 0xaf74cf0c0324ccc13fefe316bfa7a07cd6f7372a9fb2b525602d2c78de6c3c8b
[2m2025-12-10T10:19:29.968302Z[0m [34mDEBUG[0m [2methereum_transaction_pool_monitor::eth_client[0m[2m:[0m 📨 Received WebSocket message: {"jsonrpc":"2.0","method":"eth_subscription","params":{"subscription":"0xbed0a0851463e895960a451075a301a9","result":"0xbd25bd25c837758be13135be7a5089337aa0d95ab0f558e5c2edf88a254d0e8c"}}
[2m2025-12-10T10:19:29.968308Z[0m [34mDEBUG[0m [2methereum_transaction_pool_monitor::eth_client[0m[2m:[0m 📨 Received pending transaction: 0xbd25bd25c837758be13135be7a5089337aa0d95ab0f558e5c2edf88a254d0e8c
[2m2025-12-10T10:19:29.968319Z[0m [34mDEBUG[0m [2methereum_transaction_pool_monitor::eth_client[0m[2m:[0m 📨 Received WebSocket message: {"jsonrpc":"2.0","method":"eth_subscription","params":{"subscription":"0xbed0a0851463e895960a451075a301a9","result":"0x3683d18ec11597cb2b4f93d39d757f40149a94a82722c65e110230e9587e4efb"}}
[2m2025-12-10T10:19:29.968325Z[0m [34mDEBUG[0m [2methereum_transaction_pool_monitor::eth_client[0m[2m:[0m 📨 Received pending transaction: 0x3683d18ec11597cb2b4f93d39d757f40149a94a82722c65e110230e9587e4efb
[2m2025-12-10T10:19:29.968398Z[0m [34mDEBUG[0m [2methereum_transaction_pool_monitor::eth_client[0m[2m:[0m 📨 Received WebSocket message: {"jsonrpc":"2.0","method":"eth_subscription","params":{"subscription":"0xbed0a0851463e895960a451075a301a9","result":"0xdc6143ae716a5246358200d14679a48d463251c32b2d601316255a8ca30af8d4"}}
[2m2025-12-10T10:19:29.968415Z[0m [34mDEBUG[0m [2methereum_transaction_pool_monitor::eth_client[0m[2m:[0m 📨 Received pending transaction: 0xdc6143ae716a5246358200d14679a48d463251c32b2d601316255a8ca30af8d4
[2m2025-12-10T10:19:29.968421Z[0m [34mDEBUG[0m [2methereum_transaction_pool_monitor::eth_client[0m[2m:[0m 📨 Received WebSocket message: {"jsonrpc":"2.0","method":"eth_subscription","params":{"subscription":"0xbed0a0851463e895960a451075a301a9","result":"0xfa1450a4385f1ed80005a722fab3ceb7bcc1bab682f5fb8811c49de1317911c6"}}
[2m2025-12-10T10:19:29.968434Z[0m [34mDEBUG[0m [2methereum_transaction_pool_monitor::eth_client[0m[2m:[0m 📨 Received pending transaction: 0xfa1450a4385f1ed80005a722fab3ceb7bcc1bab682f5fb8811c49de1317911c6
[2m2025-12-10T10:19:29.968489Z[0m [34mDEBUG[0m [2methereum_transaction_pool_monitor::eth_client[0m[2m:[0m 📨 Received WebSocket message: {"jsonrpc":"2.0","method":"eth_subscription","params":{"subscription":"0xbed0a0851463e895960a451075a301a9","result":"0x1a68d5bab6d8bdfed2dff964ba43ecd99655971921ea64040a361d87aa602e46"}}
[2m2025-12-10T10:19:29.968496Z[0m [34mDEBUG[0m [2methereum_transaction_pool_monitor::eth_client[0m[2m:[0m 📨 Received pending transaction: 0x1a68d5bab6d8bdfed2dff964ba43ecd99655971921ea64040a361d87aa602e46
[2m2025-12-10T10:19:29.968534Z[0m [34mDEBUG[0m [2methereum_transaction_pool_monitor::eth_client[0m[2m:[0m 📨 Received WebSocket message: {"jsonrpc":"2.0","method":"eth_subscription","params":{"subscription":"0xbed0a0851463e895960a451075a301a9","result":"0x8daf42e9be91c95e5d9c7917890764dd7e311627f1e364c6c82abfddb6eb0f8d"}}
[2m2025-12-10T10:19:29.968541Z[0m [34mDEBUG[0m [2methereum_transaction_pool_monitor::eth_client[0m[2m:[0m 📨 Received pending transaction: 0x8daf42e9be91c95e5d9c7917890764dd7e311627f1e364c6c82abfddb6eb0f8d
[2m2025-12-10T10:19:29.968546Z[0m [34mDEBUG[0m [2methereum_transaction_pool_monitor::eth_client[0m[2m:[0m 📨 Received WebSocket message: {"jsonrpc":"2.0","method":"eth_subscription","params":{"subscription":"0xbed0a0851463e895960a451075a301a9","result":"0x438e1f4aa1f4412fbc3349f56fd291789b26090c83e41ad22091f8b836248052"}}
[2m2025-12-10T10:19:29.968551Z[0m [34mDEBUG[0m [2methereum_transaction_pool_monitor::eth_client[0m[2m:[0m 📨 Received pending transaction: 0x438e1f4aa1f4412fbc3349f56fd291789b26090c83e41ad22091f8b836248052
[2m2025-12-10T10:19:29.968556Z[0m [34mDEBUG[0m [2methereum_transaction_pool_monitor::eth_client[0m[2m:[0m 📨 Received WebSocket message: {"jsonrpc":"2.0","method":"eth_subscription","params":{"subscription":"0xbed0a0851463e895960a451075a301a9","result":"0x2afd9e87ece9992d0dfda13f26c81bb3b9d61f16ea837d7522027f5c58435645"}}
[2m2025-12-10T10:19:29.968561Z[0m [34mDEBUG[0m [2methereum_transaction_pool_monitor::eth_client[0m[2m:[0m 📨 Received pending transaction: 0x2afd9e87ece9992d0dfda13f26c81bb3b9d61f16ea837d7522027f5c58435645
[2m2025-12-10T10:19:29.968565Z[0m [34mDEBUG[0m [2methereum_transaction_pool_monitor::eth_client[0m[2m:[0m 📨 Received WebSocket message: {"jsonrpc":"2.0","method":"eth_subscription","params":{"subscription":"0xbed0a0851463e895960a451075a301a9","result":"0x4c8d51e5b2981ad804238dde54a101b4bd75909dcb6dc057ce5b12a30d8e3a07"}}
[2m2025-12-10T10:19:29.968570Z[0m [34mDEBUG[0m [2methereum_transaction_pool_monitor::eth_client[0m[2m:[0m 📨 Received pending transaction: 0x4c8d51e5b2981ad804238dde54a101b4bd75909dcb6dc057ce5b12a30d8e3a07
[2m2025-12-10T10:19:29.968575Z[0m [34mDEBUG[0m [2methereum_transaction_pool_monitor::eth_client[0m[2m:[0m 📨 Received WebSocket message: {"jsonrpc":"2.0","method":"eth_subscription","params":{"subscription":"0xbed0a0851463e895960a451075a301a9","result":"0x787331e88f945ce9536d045913543b54a99209484c869174fd15129ccca6c129"}}
[2m2025-12-10T10:19:29.968580Z[0m [34mDEBUG[0m [2methereum_transaction_pool_monitor::eth_client[0m[2m:[0m 📨 Received pending transaction: 0x787331e88f945ce9536d045913543b54a99209484c869174fd15129ccca6c129
[2m2025-12-10T10:19:29.968584Z[0m [34mDEBUG[0m [2methereum_transaction_pool_monitor::eth_client[0m[2m:[0m 📨 Received WebSocket message: {"jsonrpc":"2.0","method":"eth_subscription","params":{"subscription":"0xbed0a0851463e895960a451075a301a9","result":"0xc77891480dbb07031b271e509cd40e254af8a2a84634fcb2bc2e985e6d73839c"}}
[2m2025-12-10T10:19:29.968595Z[0m [34mDEBUG[0m [2methereum_transaction_pool_monitor::eth_client[0m[2m:[0m 📨 Received pending transaction: 0xc77891480dbb07031b271e509cd40e254af8a2a84634fcb2bc2e985e6d73839c
[2m2025-12-10T10:19:29.971065Z[0m [34mDEBUG[0m [2mhyper::proto::h1::io[0m[2m:[0m parsed 4 headers
[2m2025-12-10T10:19:29.971098Z[0m [34mDEBUG[0m [2mhyper::proto::h1::conn[0m[2m:[0m incoming body is content-length (45 bytes)
[2m2025-12-10T10:19:29.971114Z[0m [34mDEBUG[0m [2mhyper::proto::h1::conn[0m[2m:[0m incoming body completed
[2m2025-12-10T10:19:29.971227Z[0m [34mDEBUG[0m [2mhyper::client::pool[0m[2m:[0m pooling idle connection for ("http", 192.168.0.14:8545)
[2m2025-12-10T10:19:29.971258Z[0m [34mDEBUG[0m [2mhyper::client::pool[0m[2m:[0m reuse idle connection for ("http", 192.168.0.14:8545)
[2m2025-12-10T10:19:29.971284Z[0m [34mDEBUG[0m [2mhyper::proto::h1::io[0m[2m:[0m flushed 172 bytes
[2m2025-12-10T10:19:29.978141Z[0m [34mDEBUG[0m [2mhyper::proto::h1::io[0m[2m:[0m parsed 4 headers
[2m2025-12-10T10:19:29.978160Z[0m [34mDEBUG[0m [2mhyper::proto::h1::conn[0m[2m:[0m incoming body is content-length (45 bytes)
[2m2025-12-10T10:19:29.978171Z[0m [34mDEBUG[0m [2mhyper::proto::h1::conn[0m[2m:[0m incoming body completed
[2m2025-12-10T10:19:29.978186Z[0m [34mDEBUG[0m [2mhyper::client::pool[0m[2m:[0m pooling idle connection for ("http", 192.168.0.14:8545)
[2m2025-12-10T10:19:29.978226Z[0m [34mDEBUG[0m [2mhyper::client::pool[0m[2m:[0m reuse idle connection for ("http", 192.168.0.14:8545)
[2m2025-12-10T10:19:29.978266Z[0m [34mDEBUG[0m [2mhyper::proto::h1::io[0m[2m:[0m flushed 172 bytes
[2m2025-12-10T10:19:29.981120Z[0m [34mDEBUG[0m [2mhyper::proto::h1::io[0m[2m:[0m parsed 4 headers
[2m2025-12-10T10:19:29.981130Z[0m [34mDEBUG[0m [2mhyper::proto::h1::conn[0m[2m:[0m incoming body is content-length (45 bytes)
[2m2025-12-10T10:19:29.981138Z[0m [34mDEBUG[0m [2mhyper::proto::h1::conn[0m[2m:[0m incoming body completed
[2m2025-12-10T10:19:29.981147Z[0m [34mDEBUG[0m [2mhyper::client::pool[0m[2m:[0m pooling idle connection for ("http", 192.168.0.14:8545)
[2m2025-12-10T10:19:29.981170Z[0m [34mDEBUG[0m [2mhyper::client::pool[0m[2m:[0m reuse idle connection for ("http", 192.168.0.14:8545)
[2m2025-12-10T10:19:29.981193Z[0m [34mDEBUG[0m [2mhyper::proto::h1::io[0m[2m:[0m flushed 172 bytes
[2m2025-12-10T10:19:29.985833Z[0m [34mDEBUG[0m [2mhyper::proto::h1::io[0m[2m:[0m parsed 4 headers
[2m2025-12-10T10:19:29.985845Z[0m [34mDEBUG[0m [2mhyper::proto::h1::conn[0m[2m:[0m incoming body is content-length (45 bytes)
[2m2025-12-10T10:19:29.985851Z[0m [34mDEBUG[0m [2mhyper::proto::h1::conn[0m[2m:[0m incoming body completed
[2m2025-12-10T10:19:29.985859Z[0m [34mDEBUG[0m [2mhyper::client::pool[0m[2m:[0m pooling idle connection for ("http", 192.168.0.14:8545)
[2m2025-12-10T10:19:29.985875Z[0m [34mDEBUG[0m [2mhyper::client::pool[0m[2m:[0m reuse idle connection for ("http", 192.168.0.14:8545)
[2m2025-12-10T10:19:29.985894Z[0m [34mDEBUG[0m [2mhyper::proto::h1::io[0m[2m:[0m flushed 172 bytes
[2m2025-12-10T10:19:29.992298Z[0m [34mDEBUG[0m [2mhyper::proto::h1::io[0m[2m:[0m parsed 4 headers
[2m2025-12-10T10:19:29.992342Z[0m [34mDEBUG[0m [2mhyper::proto::h1::conn[0m[2m:[0m incoming body is content-length (45 bytes)
[2m2025-12-10T10:19:29.992365Z[0m [34mDEBUG[0m [2mhyper::proto::h1::conn[0m[2m:[0m incoming body completed
[2m2025-12-10T10:19:29.992383Z[0m [34mDEBUG[0m [2mhyper::client::pool[0m[2m:[0m pooling idle connection for ("http", 192.168.0.14:8545)
[2m2025-12-10T10:19:29.992412Z[0m [34mDEBUG[0m [2mhyper::client::pool[0m[2m:[0m reuse idle connection for ("http", 192.168.0.14:8545)
[2m2025-12-10T10:19:29.992461Z[0m [34mDEBUG[0m [2mhyper::proto::h1::io[0m[2m:[0m flushed 172 bytes
[2m2025-12-10T10:19:30.001508Z[0m [34mDEBUG[0m [2mhyper::proto::h1::io[0m[2m:[0m parsed 4 headers
[2m2025-12-10T10:19:30.001530Z[0m [34mDEBUG[0m [2mhyper::proto::h1::conn[0m[2m:[0m incoming body is content-length (45 bytes)
[2m2025-12-10T10:19:30.001540Z[0m [34mDEBUG[0m [2mhyper::proto::h1::conn[0m[2m:[0m incoming body completed
[2m2025-12-10T10:19:30.001554Z[0m [34mDEBUG[0m [2mhyper::client::pool[0m[2m:[0m pooling idle connection for ("http", 192.168.0.14:8545)
[2m2025-12-10T10:19:30.001585Z[0m [34mDEBUG[0m [2mhyper::client::pool[0m[2m:[0m reuse idle connection for ("http", 192.168.0.14:8545)
[2m2025-12-10T10:19:30.001609Z[0m [34mDEBUG[0m [2mhyper::proto::h1::io[0m[2m:[0m flushed 172 bytes
[2m2025-12-10T10:19:30.006841Z[0m [34mDEBUG[0m [2mhyper::proto::h1::io[0m[2m:[0m parsed 4 headers
[2m2025-12-10T10:19:30.006889Z[0m [34mDEBUG[0m [2mhyper::proto::h1::conn[0m[2m:[0m incoming body is content-length (45 bytes)
[2m2025-12-10T10:19:30.006932Z[0m [34mDEBUG[0m [2mhyper::proto::h1::conn[0m[2m:[0m incoming body completed
[2m2025-12-10T10:19:30.006945Z[0m [34mDEBUG[0m [2mhyper::client::pool[0m[2m:[0m pooling idle connection for ("http", 192.168.0.14:8545)
[2m2025-12-10T10:19:30.006981Z[0m [34mDEBUG[0m [2mhyper::client::pool[0m[2m:[0m reuse idle connection for ("http", 192.168.0.14:8545)
[2m2025-12-10T10:19:30.007019Z[0m [34mDEBUG[0m [2mhyper::proto::h1::io[0m[2m:[0m flushed 172 bytes
[2m2025-12-10T10:19:30.013758Z[0m [34mDEBUG[0m [2mhyper::proto::h1::io[0m[2m:[0m parsed 4 headers
[2m2025-12-10T10:19:30.013842Z[0m [34mDEBUG[0m [2mhyper::proto::h1::conn[0m[2m:[0m incoming body is content-length (45 bytes)
[2m2025-12-10T10:19:30.013858Z[0m [34mDEBUG[0m [2mhyper::proto::h1::conn[0m[2m:[0m incoming body completed
[2m2025-12-10T10:19:30.013876Z[0m [34mDEBUG[0m [2mhyper::client::pool[0m[2m:[0m pooling idle connection for ("http", 192.168.0.14:8545)
[2m2025-12-10T10:19:30.014078Z[0m [34mDEBUG[0m [2mhyper::client::pool[0m[2m:[0m reuse idle connection for ("http", 192.168.0.14:8545)
[2m2025-12-10T10:19:30.014215Z[0m [34mDEBUG[0m [2mhyper::proto::h1::io[0m[2m:[0m flushed 172 bytes
[2m2025-12-10T10:19:30.017089Z[0m [34mDEBUG[0m [2mhyper::proto::h1::io[0m[2m:[0m parsed 4 headers
[2m2025-12-10T10:19:30.017117Z[0m [34mDEBUG[0m [2mhyper::proto::h1::conn[0m[2m:[0m incoming body is content-length (45 bytes)
[2m2025-12-10T10:19:30.017129Z[0m [34mDEBUG[0m [2mhyper::proto::h1::conn[0m[2m:[0m incoming body completed
[2m2025-12-10T10:19:30.017143Z[0m [34mDEBUG[0m [2mhyper::client::pool[0m[2m:[0m pooling idle connection for ("http", 192.168.0.14:8545)
[2m2025-12-10T10:19:30.017214Z[0m [34mDEBUG[0m [2mhyper::client::pool[0m[2m:[0m reuse idle connection for ("http", 192.168.0.14:8545)
[2m2025-12-10T10:19:30.017264Z[0m [34mDEBUG[0m [2mhyper::proto::h1::io[0m[2m:[0m flushed 172 bytes
[2m2025-12-10T10:19:30.021867Z[0m [34mDEBUG[0m [2mhyper::proto::h1::io[0m[2m:[0m parsed 4 headers
[2m2025-12-10T10:19:30.021892Z[0m [34mDEBUG[0m [2mhyper::proto::h1::conn[0m[2m:[0m incoming body is content-length (45 bytes)
[2m2025-12-10T10:19:30.021903Z[0m [34mDEBUG[0m [2mhyper::proto::h1::conn[0m[2m:[0m incoming body completed
[2m2025-12-10T10:19:30.021918Z[0m [34mDEBUG[0m [2mhyper::client::pool[0m[2m:[0m pooling idle connection for ("http", 192.168.0.14:8545)
[2m2025-12-10T10:19:30.021948Z[0m [34mDEBUG[0m [2mhyper::client::pool[0m[2m:[0m reuse idle connection for ("http", 192.168.0.14:8545)
[2m2025-12-10T10:19:30.021975Z[0m [34mDEBUG[0m [2mhyper::proto::h1::io[0m[2m:[0m flushed 172 bytes
[2m2025-12-10T10:19:30.025603Z[0m [34mDEBUG[0m [2mhyper::proto::h1::io[0m[2m:[0m parsed 4 headers
[2m2025-12-10T10:19:30.025624Z[0m [34mDEBUG[0m [2mhyper::proto::h1::conn[0m[2m:[0m incoming body is content-length (45 bytes)
[2m2025-12-10T10:19:30.025632Z[0m [34mDEBUG[0m [2mhyper::proto::h1::conn[0m[2m:[0m incoming body completed
[2m2025-12-10T10:19:30.025641Z[0m [34mDEBUG[0m [2mhyper::client::pool[0m[2m:[0m pooling idle connection for ("http", 192.168.0.14:8545)
[2m2025-12-10T10:19:30.025663Z[0m [34mDEBUG[0m [2mhyper::client::pool[0m[2m:[0m reuse idle connection for ("http", 192.168.0.14:8545)
[2m2025-12-10T10:19:30.025682Z[0m [34mDEBUG[0m [2mhyper::proto::h1::io[0m[2m:[0m flushed 172 bytes
[2m2025-12-10T10:19:30.030754Z[0m [34mDEBUG[0m [2methereum_transaction_pool_monitor::eth_client[0m[2m:[0m 📨 Received WebSocket message: {"jsonrpc":"2.0","method":"eth_subscription","params":{"subscription":"0xbed0a0851463e895960a451075a301a9","result":"0x9b76ba1b05b78eccc4d88b66d0807c8a98d006c5807c31cd58d216811a18360f"}}
[2m2025-12-10T10:19:30.030768Z[0m [34mDEBUG[0m [2methereum_transaction_pool_monitor::eth_client[0m[2m:[0m 📨 Received pending transaction: 0x9b76ba1b05b78eccc4d88b66d0807c8a98d006c5807c31cd58d216811a18360f
[2m2025-12-10T10:19:30.030775Z[0m [34mDEBUG[0m [2methereum_transaction_pool_monitor::eth_client[0m[2m:[0m 📨 Received WebSocket message: {"jsonrpc":"2.0","method":"eth_subscription","params":{"subscription":"0xbed0a0851463e895960a451075a301a9","result":"0x953d1f0d66c84fa5ec215d11e599a8008197fac947379fd527ff51e15eb25b21"}}
[2m2025-12-10T10:19:30.030781Z[0m [34mDEBUG[0m [2methereum_transaction_pool_monitor::eth_client[0m[2m:[0m 📨 Received pending transaction: 0x953d1f0d66c84fa5ec215d11e599a8008197fac947379fd527ff51e15eb25b21
[2m2025-12-10T10:19:30.030795Z[0m [34mDEBUG[0m [2mhyper::proto::h1::io[0m[2m:[0m parsed 4 headers
[2m2025-12-10T10:19:30.030800Z[0m [34mDEBUG[0m [2mhyper::proto::h1::conn[0m[2m:[0m incoming body is content-length (45 bytes)
[2m2025-12-10T10:19:30.030807Z[0m [34mDEBUG[0m [2mhyper::proto::h1::conn[0m[2m:[0m incoming body completed
[2m2025-12-10T10:19:30.030843Z[0m [34mDEBUG[0m [2mhyper::client::pool[0m[2m:[0m pooling idle connection for ("http", 192.168.0.14:8545)
[2m2025-12-10T10:19:30.030871Z[0m [34mDEBUG[0m [2mhyper::client::pool[0m[2m:[0m reuse idle connection for ("http", 192.168.0.14:8545)
[2m2025-12-10T10:19:30.030893Z[0m [34mDEBUG[0m [2mhyper::proto::h1::io[0m[2m:[0m flushed 172 bytes
[2m2025-12-10T10:19:30.034303Z[0m [34mDEBUG[0m [2mhyper::proto::h1::io[0m[2m:[0m parsed 4 headers
[2m2025-12-10T10:19:30.034311Z[0m [34mDEBUG[0m [2mhyper::proto::h1::conn[0m[2m:[0m incoming body is content-length (45 bytes)
[2m2025-12-10T10:19:30.034316Z[0m [34mDEBUG[0m [2mhyper::proto::h1::conn[0m[2m:[0m incoming body completed
[2m2025-12-10T10:19:30.055413Z[0m [34mDEBUG[0m [2mhyper::client::pool[0m[2m:[0m pooling idle connection for ("http", 192.168.0.14:8545)
[2m2025-12-10T10:19:30.055473Z[0m [34mDEBUG[0m [2mhyper::client::pool[0m[2m:[0m reuse idle connection for ("http", 192.168.0.14:8545)
[2m2025-12-10T10:19:30.056163Z[0m [34mDEBUG[0m [2mhyper::proto::h1::io[0m[2m:[0m flushed 172 bytes
[2m2025-12-10T10:19:30.058856Z[0m [34mDEBUG[0m [2mhyper::proto::h1::io[0m[2m:[0m parsed 4 headers
[2m2025-12-10T10:19:30.058871Z[0m [34mDEBUG[0m [2mhyper::proto::h1::conn[0m[2m:[0m incoming body is content-length (45 bytes)
[2m2025-12-10T10:19:30.058887Z[0m [34mDEBUG[0m [2mhyper::proto::h1::conn[0m[2m:[0m incoming body completed
[2m2025-12-10T10:19:30.058910Z[0m [34mDEBUG[0m [2mhyper::client::pool[0m[2m:[0m pooling idle connection for ("http", 192.168.0.14:8545)
[2m2025-12-10T10:19:30.058961Z[0m [34mDEBUG[0m [2mhyper::client::pool[0m[2m:[0m reuse idle connection for ("http", 192.168.0.14:8545)
[2m2025-12-10T10:19:30.058990Z[0m [34mDEBUG[0m [2mhyper::proto::h1::io[0m[2m:[0m flushed 172 bytes
[2m2025-12-10T10:19:30.062428Z[0m [34mDEBUG[0m [2mhyper::proto::h1::io[0m[2m:[0m parsed 4 headers
[2m2025-12-10T10:19:30.062475Z[0m [34mDEBUG[0m [2mhyper::proto::h1::conn[0m[2m:[0m incoming body is content-length (45 bytes)
[2m2025-12-10T10:19:30.062492Z[0m [34mDEBUG[0m [2mhyper::proto::h1::conn[0m[2m:[0m incoming body completed
[2m2025-12-10T10:19:30.062569Z[0m [34mDEBUG[0m [2mhyper::client::pool[0m[2m:[0m pooling idle connection for ("http", 192.168.0.14:8545)
[2m2025-12-10T10:19:30.062740Z[0m [34mDEBUG[0m [2mhyper::client::pool[0m[2m:[0m reuse idle connection for ("http", 192.168.0.14:8545)
[2m2025-12-10T10:19:30.062788Z[0m [34mDEBUG[0m [2mhyper::proto::h1::io[0m[2m:[0m flushed 172 bytes
[2m2025-12-10T10:19:30.066823Z[0m [34mDEBUG[0m [2mhyper::proto::h1::io[0m[2m:[0m parsed 4 headers
[2m2025-12-10T10:19:30.066831Z[0m [34mDEBUG[0m [2mhyper::proto::h1::conn[0m[2m:[0m incoming body is content-length (45 bytes)
[2m2025-12-10T10:19:30.066838Z[0m [34mDEBUG[0m [2mhyper::proto::h1::conn[0m[2m:[0m incoming body completed
[2m2025-12-10T10:19:30.066846Z[0m [34mDEBUG[0m [2mhyper::client::pool[0m[2m:[0m pooling idle connection for ("http", 192.168.0.14:8545)
[2m2025-12-10T10:19:30.066875Z[0m [34mDEBUG[0m [2mhyper::client::pool[0m[2m:[0m reuse idle connection for ("http", 192.168.0.14:8545)
[2m2025-12-10T10:19:30.066904Z[0m [34mDEBUG[0m [2mhyper::proto::h1::io[0m[2m:[0m flushed 172 bytes
[2m2025-12-10T10:19:30.071323Z[0m [34mDEBUG[0m [2mhyper::proto::h1::io[0m[2m:[0m parsed 4 headers
[2m2025-12-10T10:19:30.071331Z[0m [34mDEBUG[0m [2mhyper::proto::h1::conn[0m[2m:[0m incoming body is content-length (45 bytes)
[2m2025-12-10T10:19:30.071337Z[0m [34mDEBUG[0m [2mhyper::proto::h1::conn[0m[2m:[0m incoming body completed
[2m2025-12-10T10:19:30.071344Z[0m [34mDEBUG[0m [2mhyper::client::pool[0m[2m:[0m pooling idle connection for ("http", 192.168.0.14:8545)
[2m2025-12-10T10:19:30.071359Z[0m [34mDEBUG[0m [2mhyper::client::pool[0m[2m:[0m reuse idle connection for ("http", 192.168.0.14:8545)
[2m2025-12-10T10:19:30.071376Z[0m [34mDEBUG[0m [2mhyper::proto::h1::io[0m[2m:[0m flushed 172 bytes
[2m2025-12-10T10:19:30.078161Z[0m [34mDEBUG[0m [2mhyper::proto::h1::io[0m[2m:[0m parsed 4 headers
[2m2025-12-10T10:19:30.078172Z[0m [34mDEBUG[0m [2mhyper::proto::h1::conn[0m[2m:[0m incoming body is content-length (45 bytes)
[2m2025-12-10T10:19:30.078179Z[0m [34mDEBUG[0m [2mhyper::proto::h1::conn[0m[2m:[0m incoming body completed
[2m2025-12-10T10:19:30.078188Z[0m [34mDEBUG[0m [2mhyper::client::pool[0m[2m:[0m pooling idle connection for ("http", 192.168.0.14:8545)
[2m2025-12-10T10:19:30.078205Z[0m [34mDEBUG[0m [2mhyper::client::pool[0m[2m:[0m reuse idle connection for ("http", 192.168.0.14:8545)
[2m2025-12-10T10:19:30.078227Z[0m [34mDEBUG[0m [2mhyper::proto::h1::io[0m[2m:[0m flushed 172 bytes
[2m2025-12-10T10:19:30.083693Z[0m [34mDEBUG[0m [2mhyper::proto::h1::io[0m[2m:[0m parsed 4 headers
[2m2025-12-10T10:19:30.083703Z[0m [34mDEBUG[0m [2mhyper::proto::h1::conn[0m[2m:[0m incoming body is content-length (45 bytes)
[2m2025-12-10T10:19:30.083710Z[0m [34mDEBUG[0m [2mhyper::proto::h1::conn[0m[2m:[0m incoming body completed
[2m2025-12-10T10:19:30.083717Z[0m [34mDEBUG[0m [2mhyper::client::pool[0m[2m:[0m pooling idle connection for ("http", 192.168.0.14:8545)
[2m2025-12-10T10:19:30.083733Z[0m [34mDEBUG[0m [2mhyper::client::pool[0m[2m:[0m reuse idle connection for ("http", 192.168.0.14:8545)
[2m2025-12-10T10:19:30.083751Z[0m [34mDEBUG[0m [2mhyper::proto::h1::io[0m[2m:[0m flushed 172 bytes
[2m2025-12-10T10:19:30.087811Z[0m [34mDEBUG[0m [2mhyper::proto::h1::io[0m[2m:[0m parsed 4 headers
[2m2025-12-10T10:19:30.087819Z[0m [34mDEBUG[0m [2mhyper::proto::h1::conn[0m[2m:[0m incoming body is content-length (45 bytes)
[2m2025-12-10T10:19:30.087826Z[0m [34mDEBUG[0m [2mhyper::proto::h1::conn[0m[2m:[0m incoming body completed
[2m2025-12-10T10:19:30.087832Z[0m [34mDEBUG[0m [2mhyper::client::pool[0m[2m:[0m pooling idle connection for ("http", 192.168.0.14:8545)
[2m2025-12-10T10:19:30.087847Z[0m [34mDEBUG[0m [2mhyper::client::pool[0m[2m:[0m reuse idle connection for ("http", 192.168.0.14:8545)
[2m2025-12-10T10:19:30.087907Z[0m [34mDEBUG[0m [2mhyper::proto::h1::io[0m[2m:[0m flushed 172 bytes
[2m2025-12-10T10:19:30.091588Z[0m [34mDEBUG[0m [2mhyper::proto::h1::io[0m[2m:[0m parsed 4 headers
[2m2025-12-10T10:19:30.091598Z[0m [34mDEBUG[0m [2mhyper::proto::h1::conn[0m[2m:[0m incoming body is content-length (45 bytes)
[2m2025-12-10T10:19:30.091604Z[0m [34mDEBUG[0m [2mhyper::proto::h1::conn[0m[2m:[0m incoming body completed
[2m2025-12-10T10:19:30.092123Z[0m [34mDEBUG[0m [2mhyper::client::pool[0m[2m:[0m pooling idle connection for ("http", 192.168.0.14:8545)
[2m2025-12-10T10:19:30.092170Z[0m [34mDEBUG[0m [2mhyper::client::pool[0m[2m:[0m reuse idle connection for ("http", 192.168.0.14:8545)
[2m2025-12-10T10:19:30.092196Z[0m [34mDEBUG[0m [2mhyper::proto::h1::io[0m[2m:[0m flushed 172 bytes
[2m2025-12-10T10:19:30.095668Z[0m [34mDEBUG[0m [2mhyper::proto::h1::io[0m[2m:[0m parsed 4 headers
[2m2025-12-10T10:19:30.095682Z[0m [34mDEBUG[0m [2mhyper::proto::h1::conn[0m[2m:[0m incoming body is content-length (45 bytes)
[2m2025-12-10T10:19:30.095694Z[0m [34mDEBUG[0m [2mhyper::proto::h1::conn[0m[2m:[0m incoming body completed
[2m2025-12-10T10:19:30.095705Z[0m [34mDEBUG[0m [2mhyper::client::pool[0m[2m:[0m pooling idle connection for ("http", 192.168.0.14:8545)
[2m2025-12-10T10:19:30.095726Z[0m [34mDEBUG[0m [2mhyper::client::pool[0m[2m:[0m reuse idle connection for ("http", 192.168.0.14:8545)
[2m2025-12-10T10:19:30.095786Z[0m [34mDEBUG[0m [2mhyper::proto::h1::io[0m[2m:[0m flushed 172 bytes
[2m2025-12-10T10:19:30.099791Z[0m [34mDEBUG[0m [2mhyper::proto::h1::io[0m[2m:[0m parsed 4 headers
[2m2025-12-10T10:19:30.099818Z[0m [34mDEBUG[0m [2mhyper::proto::h1::conn[0m[2m:[0m incoming body is content-length (45 bytes)
[2m2025-12-10T10:19:30.099852Z[0m [34mDEBUG[0m [2mhyper::proto::h1::conn[0m[2m:[0m incoming body completed
[2m2025-12-10T10:19:30.099861Z[0m [34mDEBUG[0m [2mhyper::client::pool[0m[2m:[0m pooling idle connection for ("http", 192.168.0.14:8545)
[2m2025-12-10T10:19:30.099882Z[0m [34mDEBUG[0m [2mhyper::client::pool[0m[2m:[0m reuse idle connection for ("http", 192.168.0.14:8545)
[2m2025-12-10T10:19:30.099908Z[0m [34mDEBUG[0m [2mhyper::proto::h1::io[0m[2m:[0m flushed 172 bytes
[2m2025-12-10T10:19:30.103410Z[0m [34mDEBUG[0m [2mhyper::proto::h1::io[0m[2m:[0m parsed 4 headers
[2m2025-12-10T10:19:30.103424Z[0m [34mDEBUG[0m [2mhyper::proto::h1::conn[0m[2m:[0m incoming body is content-length (45 bytes)
[2m2025-12-10T10:19:30.103431Z[0m [34mDEBUG[0m [2mhyper::proto::h1::conn[0m[2m:[0m incoming body completed
[2m2025-12-10T10:19:30.103439Z[0m [34mDEBUG[0m [2mhyper::client::pool[0m[2m:[0m pooling idle connection for ("http", 192.168.0.14:8545)
[2m2025-12-10T10:19:30.103457Z[0m [34mDEBUG[0m [2mhyper::client::pool[0m[2m:[0m reuse idle connection for ("http", 192.168.0.14:8545)
[2m2025-12-10T10:19:30.103480Z[0m [34mDEBUG[0m [2mhyper::proto::h1::io[0m[2m:[0m flushed 172 bytes
[2m2025-12-10T10:19:30.107894Z[0m [34mDEBUG[0m [2mhyper::proto::h1::io[0m[2m:[0m parsed 4 headers
[2m2025-12-10T10:19:30.107911Z[0m [34mDEBUG[0m [2mhyper::proto::h1::conn[0m[2m:[0m incoming body is content-length (45 bytes)
[2m2025-12-10T10:19:30.107922Z[0m [34mDEBUG[0m [2mhyper::proto::h1::conn[0m[2m:[0m incoming body completed
[2m2025-12-10T10:19:30.107934Z[0m [34mDEBUG[0m [2mhyper::client::pool[0m[2m:[0m pooling idle connection for ("http", 192.168.0.14:8545)
[2m2025-12-10T10:19:30.107958Z[0m [34mDEBUG[0m [2mhyper::client::pool[0m[2m:[0m reuse idle connection for ("http", 192.168.0.14:8545)
[2m2025-12-10T10:19:30.107988Z[0m [34mDEBUG[0m [2mhyper::proto::h1::io[0m[2m:[0m flushed 172 bytes
[2m2025-12-10T10:19:30.113147Z[0m [34mDEBUG[0m [2mhyper::proto::h1::io[0m[2m:[0m parsed 4 headers
[2m2025-12-10T10:19:30.113164Z[0m [34mDEBUG[0m [2mhyper::proto::h1::conn[0m[2m:[0m incoming body is content-length (45 bytes)
[2m2025-12-10T10:19:30.113174Z[0m [34mDEBUG[0m [2mhyper::proto::h1::conn[0m[2m:[0m incoming body completed
[2m2025-12-10T10:19:30.113186Z[0m [34mDEBUG[0m [2mhyper::client::pool[0m[2m:[0m pooling idle connection for ("http", 192.168.0.14:8545)
[2m2025-12-10T10:19:30.113212Z[0m [34mDEBUG[0m [2mhyper::client::pool[0m[2m:[0m reuse idle connection for ("http", 192.168.0.14:8545)
[2m2025-12-10T10:19:30.113237Z[0m [34mDEBUG[0m [2mhyper::proto::h1::io[0m[2m:[0m flushed 172 bytes
[2m2025-12-10T10:19:30.116902Z[0m [34mDEBUG[0m [2mhyper::proto::h1::io[0m[2m:[0m parsed 4 headers
[2m2025-12-10T10:19:30.116919Z[0m [34mDEBUG[0m [2mhyper::proto::h1::conn[0m[2m:[0m incoming body is content-length (45 bytes)
[2m2025-12-10T10:19:30.116927Z[0m [34mDEBUG[0m [2mhyper::proto::h1::conn[0m[2m:[0m incoming body completed
[2m2025-12-10T10:19:30.116938Z[0m [34mDEBUG[0m [2mhyper::client::pool[0m[2m:[0m pooling idle connection for ("http", 192.168.0.14:8545)
[2m2025-12-10T10:19:30.116971Z[0m [34mDEBUG[0m [2mhyper::client::pool[0m[2m:[0m reuse idle connection for ("http", 192.168.0.14:8545)
[2m2025-12-10T10:19:30.117031Z[0m [34mDEBUG[0m [2mhyper::proto::h1::io[0m[2m:[0m flushed 172 bytes
[2m2025-12-10T10:19:30.122872Z[0m [34mDEBUG[0m [2mhyper::proto::h1::io[0m[2m:[0m parsed 4 headers
[2m2025-12-10T10:19:30.126373Z[0m [34mDEBUG[0m [2mhyper::proto::h1::conn[0m[2m:[0m incoming body is content-length (45 bytes)
[2m2025-12-10T10:19:30.126387Z[0m [34mDEBUG[0m [2mhyper::proto::h1::conn[0m[2m:[0m incoming body completed
[2m2025-12-10T10:19:30.126401Z[0m [34mDEBUG[0m [2mhyper::client::pool[0m[2m:[0m pooling idle connection for ("http", 192.168.0.14:8545)
[2m2025-12-10T10:19:30.126433Z[0m [34mDEBUG[0m [2mhyper::client::pool[0m[2m:[0m reuse idle connection for ("http", 192.168.0.14:8545)
[2m2025-12-10T10:19:30.126718Z[0m [34mDEBUG[0m [2mhyper::proto::h1::io[0m[2m:[0m flushed 172 bytes
[2m2025-12-10T10:19:30.150306Z[0m [34mDEBUG[0m [2mhyper::proto::h1::io[0m[2m:[0m parsed 4 headers
[2m2025-12-10T10:19:30.150330Z[0m [34mDEBUG[0m [2mhyper::proto::h1::conn[0m[2m:[0m incoming body is content-length (45 bytes)
[2m2025-12-10T10:19:30.150343Z[0m [34mDEBUG[0m [2mhyper::proto::h1::conn[0m[2m:[0m incoming body completed
[2m2025-12-10T10:19:30.150361Z[0m [34mDEBUG[0m [2mhyper::client::pool[0m[2m:[0m pooling idle connection for ("http", 192.168.0.14:8545)
[2m2025-12-10T10:19:30.150400Z[0m [34mDEBUG[0m [2mhyper::client::pool[0m[2m:[0m reuse idle connection for ("http", 192.168.0.14:8545)
[2m2025-12-10T10:19:30.150449Z[0m [34mDEBUG[0m [2mhyper::proto::h1::io[0m[2m:[0m flushed 172 bytes
[2m2025-12-10T10:19:30.156354Z[0m [34mDEBUG[0m [2mhyper::proto::h1::io[0m[2m:[0m parsed 4 headers
[2m2025-12-10T10:19:30.156374Z[0m [34mDEBUG[0m [2mhyper::proto::h1::conn[0m[2m:[0m incoming body is content-length (45 bytes)
[2m2025-12-10T10:19:30.156388Z[0m [34mDEBUG[0m [2mhyper::proto::h1::conn[0m[2m:[0m incoming body completed
[2m2025-12-10T10:19:30.156404Z[0m [34mDEBUG[0m [2mhyper::client::pool[0m[2m:[0m pooling idle connection for ("http", 192.168.0.14:8545)
[2m2025-12-10T10:19:30.156459Z[0m [34mDEBUG[0m [2mhyper::client::pool[0m[2m:[0m reuse idle connection for ("http", 192.168.0.14:8545)
[2m2025-12-10T10:19:30.156572Z[0m [34mDEBUG[0m [2mhyper::proto::h1::io[0m[2m:[0m flushed 172 bytes
[2m2025-12-10T10:19:30.162119Z[0m [34mDEBUG[0m [2mhyper::proto::h1::io[0m[2m:[0m parsed 4 headers
[2m2025-12-10T10:19:30.162134Z[0m [34mDEBUG[0m [2mhyper::proto::h1::conn[0m[2m:[0m incoming body is content-length (45 bytes)
[2m2025-12-10T10:19:30.162144Z[0m [34mDEBUG[0m [2mhyper::proto::h1::conn[0m[2m:[0m incoming body completed
[2m2025-12-10T10:19:30.162254Z[0m [34mDEBUG[0m [2mhyper::client::pool[0m[2m:[0m pooling idle connection for ("http", 192.168.0.14:8545)
[2m2025-12-10T10:19:30.162358Z[0m [34mDEBUG[0m [2mhyper::client::pool[0m[2m:[0m reuse idle connection for ("http", 192.168.0.14:8545)
[2m2025-12-10T10:19:30.162463Z[0m [34mDEBUG[0m [2mhyper::proto::h1::io[0m[2m:[0m flushed 172 bytes
[2m2025-12-10T10:19:30.166192Z[0m [34mDEBUG[0m [2mhyper::proto::h1::io[0m[2m:[0m parsed 4 headers
[2m2025-12-10T10:19:30.166208Z[0m [34mDEBUG[0m [2mhyper::proto::h1::conn[0m[2m:[0m incoming body is content-length (45 bytes)
[2m2025-12-10T10:19:30.166217Z[0m [34mDEBUG[0m [2mhyper::proto::h1::conn[0m[2m:[0m incoming body completed
[2m2025-12-10T10:19:30.166228Z[0m [34mDEBUG[0m [2mhyper::client::pool[0m[2m:[0m pooling idle connection for ("http", 192.168.0.14:8545)
[2m2025-12-10T10:19:30.166442Z[0m [34mDEBUG[0m [2mhyper::client::pool[0m[2m:[0m reuse idle connection for ("http", 192.168.0.14:8545)
[2m2025-12-10T10:19:30.166557Z[0m [34mDEBUG[0m [2mhyper::proto::h1::io[0m[2m:[0m flushed 172 bytes
[2m2025-12-10T10:19:30.171947Z[0m [34mDEBUG[0m [2mhyper::proto::h1::io[0m[2m:[0m parsed 4 headers
[2m2025-12-10T10:19:30.171958Z[0m [34mDEBUG[0m [2mhyper::proto::h1::conn[0m[2m:[0m incoming body is content-length (45 bytes)
[2m2025-12-10T10:19:30.171967Z[0m [34mDEBUG[0m [2mhyper::proto::h1::conn[0m[2m:[0m incoming body completed
[2m2025-12-10T10:19:30.171978Z[0m [34mDEBUG[0m [2mhyper::client::pool[0m[2m:[0m pooling idle connection for ("http", 192.168.0.14:8545)
[2m2025-12-10T10:19:30.172006Z[0m [34mDEBUG[0m [2mhyper::client::pool[0m[2m:[0m reuse idle connection for ("http", 192.168.0.14:8545)
[2m2025-12-10T10:19:30.172053Z[0m [34mDEBUG[0m [2mhyper::proto::h1::io[0m[2m:[0m flushed 172 bytes
[2m2025-12-10T10:19:30.177669Z[0m [34mDEBUG[0m [2mhyper::proto::h1::io[0m[2m:[0m parsed 4 headers
[2m2025-12-10T10:19:30.177681Z[0m [34mDEBUG[0m [2mhyper::proto::h1::conn[0m[2m:[0m incoming body is content-length (45 bytes)
[2m2025-12-10T10:19:30.177691Z[0m [34mDEBUG[0m [2mhyper::proto::h1::conn[0m[2m:[0m incoming body completed
[2m2025-12-10T10:19:30.177703Z[0m [34mDEBUG[0m [2mhyper::client::pool[0m[2m:[0m pooling idle connection for ("http", 192.168.0.14:8545)
[2m2025-12-10T10:19:30.177732Z[0m [34mDEBUG[0m [2mhyper::client::pool[0m[2m:[0m reuse idle connection for ("http", 192.168.0.14:8545)
[2m2025-12-10T10:19:30.177752Z[0m [34mDEBUG[0m [2mhyper::proto::h1::io[0m[2m:[0m flushed 172 bytes
[2m2025-12-10T10:19:30.183967Z[0m [34mDEBUG[0m [2mhyper::proto::h1::io[0m[2m:[0m parsed 4 headers
[2m2025-12-10T10:19:30.183981Z[0m [34mDEBUG[0m [2mhyper::proto::h1::conn[0m[2m:[0m incoming body is content-length (45 bytes)
[2m2025-12-10T10:19:30.183991Z[0m [34mDEBUG[0m [2mhyper::proto::h1::conn[0m[2m:[0m incoming body completed
[2m2025-12-10T10:19:30.184003Z[0m [34mDEBUG[0m [2mhyper::client::pool[0m[2m:[0m pooling idle connection for ("http", 192.168.0.14:8545)
[2m2025-12-10T10:19:30.184084Z[0m [34mDEBUG[0m [2mhyper::client::pool[0m[2m:[0m reuse idle connection for ("http", 192.168.0.14:8545)
[2m2025-12-10T10:19:30.184137Z[0m [34mDEBUG[0m [2mhyper::proto::h1::io[0m[2m:[0m flushed 172 bytes
[2m2025-12-10T10:19:30.191470Z[0m [34mDEBUG[0m [2mhyper::proto::h1::io[0m[2m:[0m parsed 4 headers
[2m2025-12-10T10:19:30.191484Z[0m [34mDEBUG[0m [2mhyper::proto::h1::conn[0m[2m:[0m incoming body is content-length (45 bytes)
[2m2025-12-10T10:19:30.191493Z[0m [34mDEBUG[0m [2mhyper::proto::h1::conn[0m[2m:[0m incoming body completed
[2m2025-12-10T10:19:30.191506Z[0m [34mDEBUG[0m [2mhyper::client::pool[0m[2m:[0m pooling idle connection for ("http", 192.168.0.14:8545)
[2m2025-12-10T10:19:30.191534Z[0m [34mDEBUG[0m [2mhyper::client::pool[0m[2m:[0m reuse idle connection for ("http", 192.168.0.14:8545)
[2m2025-12-10T10:19:30.191602Z[0m [34mDEBUG[0m [2mhyper::proto::h1::io[0m[2m:[0m flushed 172 bytes
[2m2025-12-10T10:19:30.196539Z[0m [34mDEBUG[0m [2mhyper::proto::h1::io[0m[2m:[0m parsed 4 headers
[2m2025-12-10T10:19:30.196564Z[0m [34mDEBUG[0m [2mhyper::proto::h1::conn[0m[2m:[0m incoming body is content-length (45 bytes)
[2m2025-12-10T10:19:30.196580Z[0m [34mDEBUG[0m [2mhyper::proto::h1::conn[0m[2m:[0m incoming body completed
[2m2025-12-10T10:19:30.196644Z[0m [34mDEBUG[0m [2mhyper::client::pool[0m[2m:[0m pooling idle connection for ("http", 192.168.0.14:8545)
[2m2025-12-10T10:19:30.196779Z[0m [34mDEBUG[0m [2mhyper::client::pool[0m[2m:[0m reuse idle connection for ("http", 192.168.0.14:8545)
[2m2025-12-10T10:19:30.196847Z[0m [34mDEBUG[0m [2mhyper::proto::h1::io[0m[2m:[0m flushed 172 bytes
[2m2025-12-10T10:19:30.202271Z[0m [34mDEBUG[0m [2mhyper::proto::h1::io[0m[2m:[0m parsed 4 headers
[2m2025-12-10T10:19:30.202300Z[0m [34mDEBUG[0m [2mhyper::proto::h1::conn[0m[2m:[0m incoming body is content-length (45 bytes)
[2m2025-12-10T10:19:30.202327Z[0m [34mDEBUG[0m [2mhyper::proto::h1::conn[0m[2m:[0m incoming body completed
[2m2025-12-10T10:19:30.202435Z[0m [34mDEBUG[0m [2mhyper::client::pool[0m[2m:[0m pooling idle connection for ("http", 192.168.0.14:8545)
[2m2025-12-10T10:19:30.202595Z[0m [34mDEBUG[0m [2mhyper::client::pool[0m[2m:[0m reuse idle connection for ("http", 192.168.0.14:8545)
[2m2025-12-10T10:19:30.202661Z[0m [34mDEBUG[0m [2mhyper::proto::h1::io[0m[2m:[0m flushed 172 bytes
[2m2025-12-10T10:19:30.206886Z[0m [34mDEBUG[0m [2mhyper::proto::h1::io[0m[2m:[0m parsed 4 headers
[2m2025-12-10T10:19:30.206898Z[0m [34mDEBUG[0m [2mhyper::proto::h1::conn[0m[2m:[0m incoming body is content-length (45 bytes)
[2m2025-12-10T10:19:30.206907Z[0m [34mDEBUG[0m [2mhyper::proto::h1::conn[0m[2m:[0m incoming body completed
[2m2025-12-10T10:19:30.206917Z[0m [34mDEBUG[0m [2mhyper::client::pool[0m[2m:[0m pooling idle connection for ("http", 192.168.0.14:8545)
[2m2025-12-10T10:19:30.206942Z[0m [34mDEBUG[0m [2mhyper::client::pool[0m[2m:[0m reuse idle connection for ("http", 192.168.0.14:8545)
[2m2025-12-10T10:19:30.206961Z[0m [34mDEBUG[0m [2mhyper::proto::h1::io[0m[2m:[0m flushed 172 bytes
[2m2025-12-10T10:19:30.212147Z[0m [34mDEBUG[0m [2mhyper::proto::h1::io[0m[2m:[0m parsed 4 headers
[2m2025-12-10T10:19:30.212157Z[0m [34mDEBUG[0m [2mhyper::proto::h1::conn[0m[2m:[0m incoming body is content-length (45 bytes)
[2m2025-12-10T10:19:30.212164Z[0m [34mDEBUG[0m [2mhyper::proto::h1::conn[0m[2m:[0m incoming body completed
[2m2025-12-10T10:19:30.212174Z[0m [34mDEBUG[0m [2mhyper::client::pool[0m[2m:[0m pooling idle connection for ("http", 192.168.0.14:8545)
[2m2025-12-10T10:19:30.212260Z[0m [34mDEBUG[0m [2mhyper::client::pool[0m[2m:[0m reuse idle connection for ("http", 192.168.0.14:8545)
[2m2025-12-10T10:19:30.212288Z[0m [34mDEBUG[0m [2mhyper::proto::h1::io[0m[2m:[0m flushed 172 bytes
[2m2025-12-10T10:19:30.219777Z[0m [34mDEBUG[0m [2mhyper::proto::h1::io[0m[2m:[0m parsed 4 headers
[2m2025-12-10T10:19:30.219798Z[0m [34mDEBUG[0m [2mhyper::proto::h1::conn[0m[2m:[0m incoming body is content-length (45 bytes)
[2m2025-12-10T10:19:30.219829Z[0m [34mDEBUG[0m [2mhyper::proto::h1::conn[0m[2m:[0m incoming body completed
[2m2025-12-10T10:19:30.219846Z[0m [34mDEBUG[0m [2mhyper::client::pool[0m[2m:[0m pooling idle connection for ("http", 192.168.0.14:8545)
[2m2025-12-10T10:19:30.219952Z[0m [34mDEBUG[0m [2mhyper::client::pool[0m[2m:[0m reuse idle connection for ("http", 192.168.0.14:8545)
[2m2025-12-10T10:19:30.219985Z[0m [34mDEBUG[0m [2mhyper::proto::h1::io[0m[2m:[0m flushed 172 bytes
[2m2025-12-10T10:19:30.225071Z[0m [34mDEBUG[0m [2mhyper::proto::h1::io[0m[2m:[0m parsed 4 headers
[2m2025-12-10T10:19:30.225083Z[0m [34mDEBUG[0m [2mhyper::proto::h1::conn[0m[2m:[0m incoming body is content-length (45 bytes)
[2m2025-12-10T10:19:30.225092Z[0m [34mDEBUG[0m [2mhyper::proto::h1::conn[0m[2m:[0m incoming body completed
[2m2025-12-10T10:19:30.225112Z[0m [34mDEBUG[0m [2mhyper::client::pool[0m[2m:[0m pooling idle connection for ("http", 192.168.0.14:8545)
[2m2025-12-10T10:19:30.225150Z[0m [34mDEBUG[0m [2mhyper::client::pool[0m[2m:[0m reuse idle connection for ("http", 192.168.0.14:8545)
[2m2025-12-10T10:19:30.225169Z[0m [34mDEBUG[0m [2mhyper::proto::h1::io[0m[2m:[0m flushed 172 bytes
[2m2025-12-10T10:19:30.235202Z[0m [34mDEBUG[0m [2mhyper::proto::h1::io[0m[2m:[0m parsed 4 headers
[2m2025-12-10T10:19:30.235247Z[0m [34mDEBUG[0m [2mhyper::proto::h1::conn[0m[2m:[0m incoming body is content-length (45 bytes)
[2m2025-12-10T10:19:30.236654Z[0m [34mDEBUG[0m [2mhyper::proto::h1::conn[0m[2m:[0m incoming body completed
[2m2025-12-10T10:19:30.236685Z[0m [34mDEBUG[0m [2mhyper::client::pool[0m[2m:[0m pooling idle connection for ("http", 192.168.0.14:8545)
[2m2025-12-10T10:19:30.236801Z[0m [34mDEBUG[0m [2mhyper::client::pool[0m[2m:[0m reuse idle connection for ("http", 192.168.0.14:8545)
[2m2025-12-10T10:19:30.236923Z[0m [34mDEBUG[0m [2mhyper::proto::h1::io[0m[2m:[0m flushed 172 bytes
[2m2025-12-10T10:19:30.243981Z[0m [34mDEBUG[0m [2mhyper::proto::h1::io[0m[2m:[0m parsed 4 headers
[2m2025-12-10T10:19:30.243994Z[0m [34mDEBUG[0m [2mhyper::proto::h1::conn[0m[2m:[0m incoming body is content-length (45 bytes)
[2m2025-12-10T10:19:30.244019Z[0m [34mDEBUG[0m [2mhyper::proto::h1::conn[0m[2m:[0m incoming body completed
[2m2025-12-10T10:19:30.244032Z[0m [34mDEBUG[0m [2mhyper::client::pool[0m[2m:[0m pooling idle connection for ("http", 192.168.0.14:8545)
[2m2025-12-10T10:19:30.244064Z[0m [34mDEBUG[0m [2mhyper::client::pool[0m[2m:[0m reuse idle connection for ("http", 192.168.0.14:8545)
[2m2025-12-10T10:19:30.244108Z[0m [34mDEBUG[0m [2mhyper::proto::h1::io[0m[2m:[0m flushed 172 bytes
[2m2025-12-10T10:19:30.255750Z[0m [34mDEBUG[0m [2mhyper::proto::h1::io[0m[2m:[0m parsed 4 headers
[2m2025-12-10T10:19:30.255768Z[0m [34mDEBUG[0m [2mhyper::proto::h1::conn[0m[2m:[0m incoming body is content-length (45 bytes)
[2m2025-12-10T10:19:30.255779Z[0m [34mDEBUG[0m [2mhyper::proto::h1::conn[0m[2m:[0m incoming body completed
[2m2025-12-10T10:19:30.255792Z[0m [34mDEBUG[0m [2mhyper::client::pool[0m[2m:[0m pooling idle connection for ("http", 192.168.0.14:8545)
[2m2025-12-10T10:19:30.255824Z[0m [34mDEBUG[0m [2mhyper::client::pool[0m[2m:[0m reuse idle connection for ("http", 192.168.0.14:8545)
[2m2025-12-10T10:19:30.255851Z[0m [34mDEBUG[0m [2mhyper::proto::h1::io[0m[2m:[0m flushed 172 bytes
[2m2025-12-10T10:19:30.264106Z[0m [34mDEBUG[0m [2mhyper::proto::h1::io[0m[2m:[0m parsed 4 headers
[2m2025-12-10T10:19:30.264128Z[0m [34mDEBUG[0m [2mhyper::proto::h1::conn[0m[2m:[0m incoming body is content-length (45 bytes)
[2m2025-12-10T10:19:30.264143Z[0m [34mDEBUG[0m [2mhyper::proto::h1::conn[0m[2m:[0m incoming body completed
[2m2025-12-10T10:19:30.264549Z[0m [34mDEBUG[0m [2mhyper::client::pool[0m[2m:[0m pooling idle connection for ("http", 192.168.0.14:8545)
[2m2025-12-10T10:19:30.264593Z[0m [34mDEBUG[0m [2mhyper::client::pool[0m[2m:[0m reuse idle connection for ("http", 192.168.0.14:8545)
[2m2025-12-10T10:19:30.264645Z[0m [34mDEBUG[0m [2mhyper::proto::h1::io[0m[2m:[0m flushed 172 bytes
[2m2025-12-10T10:19:30.266907Z[0m [34mDEBUG[0m [2methereum_transaction_pool_monitor::eth_client[0m[2m:[0m 📨 Received WebSocket message: {"jsonrpc":"2.0","method":"eth_subscription","params":{"subscription":"0xbed0a0851463e895960a451075a301a9","result":"0x4f44077e50f0547b7e59e445308b9cbb718b719002001c23a8a15be8d82f0c72"}}
[2m2025-12-10T10:19:30.266976Z[0m [34mDEBUG[0m [2methereum_transaction_pool_monitor::eth_client[0m[2m:[0m 📨 Received pending transaction: 0x4f44077e50f0547b7e59e445308b9cbb718b719002001c23a8a15be8d82f0c72
[2m2025-12-10T10:19:30.266990Z[0m [34mDEBUG[0m [2methereum_transaction_pool_monitor::eth_client[0m[2m:[0m 📨 Received WebSocket message: {"jsonrpc":"2.0","method":"eth_subscription","params":{"subscription":"0xbed0a0851463e895960a451075a301a9","result":"0xee2b253c1677590a26da8e29dfe48ffe75b7551441c37e99e86a03affc8a3b31"}}
[2m2025-12-10T10:19:30.266998Z[0m [34mDEBUG[0m [2methereum_transaction_pool_monitor::eth_client[0m[2m:[0m 📨 Received pending transaction: 0xee2b253c1677590a26da8e29dfe48ffe75b7551441c37e99e86a03affc8a3b31
[2m2025-12-10T10:19:30.268269Z[0m [34mDEBUG[0m [2mhyper::proto::h1::io[0m[2m:[0m parsed 4 headers
[2m2025-12-10T10:19:30.268277Z[0m [34mDEBUG[0m [2mhyper::proto::h1::conn[0m[2m:[0m incoming body is content-length (45 bytes)
[2m2025-12-10T10:19:30.268287Z[0m [34mDEBUG[0m [2mhyper::proto::h1::conn[0m[2m:[0m incoming body completed
[2m2025-12-10T10:19:30.268299Z[0m [34mDEBUG[0m [2mhyper::client::pool[0m[2m:[0m pooling idle connection for ("http", 192.168.0.14:8545)
[2m2025-12-10T10:19:30.268328Z[0m [34mDEBUG[0m [2mhyper::client::pool[0m[2m:[0m reuse idle connection for ("http", 192.168.0.14:8545)
[2m2025-12-10T10:19:30.268353Z[0m [34mDEBUG[0m [2mhyper::proto::h1::io[0m[2m:[0m flushed 172 bytes
[2m2025-12-10T10:19:30.276350Z[0m [34mDEBUG[0m [2mhyper::proto::h1::io[0m[2m:[0m parsed 4 headers
[2m2025-12-10T10:19:30.276374Z[0m [34mDEBUG[0m [2mhyper::proto::h1::conn[0m[2m:[0m incoming body is content-length (45 bytes)
[2m2025-12-10T10:19:30.276384Z[0m [34mDEBUG[0m [2mhyper::proto::h1::conn[0m[2m:[0m incoming body completed
[2m2025-12-10T10:19:30.276397Z[0m [34mDEBUG[0m [2mhyper::client::pool[0m[2m:[0m pooling idle connection for ("http", 192.168.0.14:8545)
[2m2025-12-10T10:19:30.276432Z[0m [34mDEBUG[0m [2mhyper::client::pool[0m[2m:[0m reuse idle connection for ("http", 192.168.0.14:8545)
[2m2025-12-10T10:19:30.276456Z[0m [34mDEBUG[0m [2mhyper::proto::h1::io[0m[2m:[0m flushed 172 bytes
[2m2025-12-10T10:19:30.282135Z[0m [34mDEBUG[0m [2mhyper::proto::h1::io[0m[2m:[0m parsed 4 headers
[2m2025-12-10T10:19:30.283286Z[0m [34mDEBUG[0m [2mhyper::proto::h1::conn[0m[2m:[0m incoming body is content-length (45 bytes)
[2m2025-12-10T10:19:30.283306Z[0m [34mDEBUG[0m [2mhyper::proto::h1::conn[0m[2m:[0m incoming body completed
[2m2025-12-10T10:19:30.283363Z[0m [34mDEBUG[0m [2mhyper::client::pool[0m[2m:[0m pooling idle connection for ("http", 192.168.0.14:8545)
[2m2025-12-10T10:19:30.283443Z[0m [34mDEBUG[0m [2mhyper::client::pool[0m[2m:[0m reuse idle connection for ("http", 192.168.0.14:8545)
[2m2025-12-10T10:19:30.283580Z[0m [34mDEBUG[0m [2mhyper::proto::h1::io[0m[2m:[0m flushed 172 bytes
[2m2025-12-10T10:19:30.287315Z[0m [34mDEBUG[0m [2mhyper::proto::h1::io[0m[2m:[0m parsed 4 headers
[2m2025-12-10T10:19:30.287330Z[0m [34mDEBUG[0m [2mhyper::proto::h1::conn[0m[2m:[0m incoming body is content-length (45 bytes)
[2m2025-12-10T10:19:30.287378Z[0m [34mDEBUG[0m [2mhyper::proto::h1::conn[0m[2m:[0m incoming body completed
[2m2025-12-10T10:19:30.287404Z[0m [34mDEBUG[0m [2mhyper::client::pool[0m[2m:[0m pooling idle connection for ("http", 192.168.0.14:8545)
[2m2025-12-10T10:19:30.287841Z[0m [34mDEBUG[0m [2mhyper::client::pool[0m[2m:[0m reuse idle connection for ("http", 192.168.0.14:8545)
[2m2025-12-10T10:19:30.287916Z[0m [34mDEBUG[0m [2mhyper::proto::h1::io[0m[2m:[0m flushed 172 bytes
[2m2025-12-10T10:19:30.292567Z[0m [34mDEBUG[0m [2mhyper::proto::h1::io[0m[2m:[0m parsed 4 headers
[2m2025-12-10T10:19:30.292585Z[0m [34mDEBUG[0m [2mhyper::proto::h1::conn[0m[2m:[0m incoming body is content-length (45 bytes)
[2m2025-12-10T10:19:30.292636Z[0m [34mDEBUG[0m [2mhyper::proto::h1::conn[0m[2m:[0m incoming body completed
[2m2025-12-10T10:19:30.292716Z[0m [34mDEBUG[0m [2mhyper::client::pool[0m[2m:[0m pooling idle connection for ("http", 192.168.0.14:8545)
[2m2025-12-10T10:19:30.292754Z[0m [34mDEBUG[0m [2mhyper::client::pool[0m[2m:[0m reuse idle connection for ("http", 192.168.0.14:8545)
[2m2025-12-10T10:19:30.292781Z[0m [34mDEBUG[0m [2mhyper::proto::h1::io[0m[2m:[0m flushed 172 bytes
[2m2025-12-10T10:19:30.296021Z[0m [34mDEBUG[0m [2mhyper::proto::h1::io[0m[2m:[0m parsed 4 headers
[2m2025-12-10T10:19:30.296050Z[0m [34mDEBUG[0m [2mhyper::proto::h1::conn[0m[2m:[0m incoming body is content-length (45 bytes)
[2m2025-12-10T10:19:30.296075Z[0m [34mDEBUG[0m [2mhyper::proto::h1::conn[0m[2m:[0m incoming body completed
[2m2025-12-10T10:19:30.296083Z[0m [34mDEBUG[0m [2mhyper::client::pool[0m[2m:[0m pooling idle connection for ("http", 192.168.0.14:8545)
[2m2025-12-10T10:19:30.296163Z[0m [34mDEBUG[0m [2mhyper::client::pool[0m[2m:[0m reuse idle connection for ("http", 192.168.0.14:8545)
[2m2025-12-10T10:19:30.296188Z[0m [34mDEBUG[0m [2mhyper::proto::h1::io[0m[2m:[0m flushed 172 bytes
[2m2025-12-10T10:19:30.300641Z[0m [34mDEBUG[0m [2mhyper::proto::h1::io[0m[2m:[0m parsed 4 headers
[2m2025-12-10T10:19:30.300662Z[0m [34mDEBUG[0m [2mhyper::proto::h1::conn[0m[2m:[0m incoming body is content-length (45 bytes)
[2m2025-12-10T10:19:30.300721Z[0m [34mDEBUG[0m [2mhyper::proto::h1::conn[0m[2m:[0m incoming body completed
[2m2025-12-10T10:19:30.300731Z[0m [34mDEBUG[0m [2mhyper::client::pool[0m[2m:[0m pooling idle connection for ("http", 192.168.0.14:8545)
[2m2025-12-10T10:19:30.300751Z[0m [34mDEBUG[0m [2mhyper::client::pool[0m[2m:[0m reuse idle connection for ("http", 192.168.0.14:8545)
[2m2025-12-10T10:19:30.300801Z[0m [34mDEBUG[0m [2mhyper::proto::h1::io[0m[2m:[0m flushed 172 bytes
[2m2025-12-10T10:19:30.304624Z[0m [34mDEBUG[0m [2mhyper::proto::h1::io[0m[2m:[0m parsed 4 headers
[2m2025-12-10T10:19:30.304636Z[0m [34mDEBUG[0m [2mhyper::proto::h1::conn[0m[2m:[0m incoming body is content-length (45 bytes)
[2m2025-12-10T10:19:30.304645Z[0m [34mDEBUG[0m [2mhyper::proto::h1::conn[0m[2m:[0m incoming body completed
[2m2025-12-10T10:19:30.304655Z[0m [34mDEBUG[0m [2mhyper::client::pool[0m[2m:[0m pooling idle connection for ("http", 192.168.0.14:8545)
[2m2025-12-10T10:19:30.304680Z[0m [34mDEBUG[0m [2mhyper::client::pool[0m[2m:[0m reuse idle connection for ("http", 192.168.0.14:8545)
[2m2025-12-10T10:19:30.304734Z[0m [34mDEBUG[0m [2mhyper::proto::h1::io[0m[2m:[0m flushed 172 bytes
[2m2025-12-10T10:19:30.313266Z[0m [34mDEBUG[0m [2mhyper::proto::h1::io[0m[2m:[0m parsed 4 headers
[2m2025-12-10T10:19:30.313279Z[0m [34mDEBUG[0m [2mhyper::proto::h1::conn[0m[2m:[0m incoming body is content-length (45 bytes)
[2m2025-12-10T10:19:30.313290Z[0m [34mDEBUG[0m [2mhyper::proto::h1::conn[0m[2m:[0m incoming body completed
[2m2025-12-10T10:19:30.313306Z[0m [34mDEBUG[0m [2mhyper::client::pool[0m[2m:[0m pooling idle connection for ("http", 192.168.0.14:8545)
[2m2025-12-10T10:19:30.313342Z[0m [34mDEBUG[0m [2mhyper::client::pool[0m[2m:[0m reuse idle connection for ("http", 192.168.0.14:8545)
[2m2025-12-10T10:19:30.313373Z[0m [34mDEBUG[0m [2mhyper::proto::h1::io[0m[2m:[0m flushed 172 bytes
[2m2025-12-10T10:19:30.320017Z[0m [34mDEBUG[0m [2mhyper::proto::h1::io[0m[2m:[0m parsed 4 headers
[2m2025-12-10T10:19:30.320027Z[0m [34mDEBUG[0m [2mhyper::proto::h1::conn[0m[2m:[0m incoming body is content-length (45 bytes)
[2m2025-12-10T10:19:30.320034Z[0m [34mDEBUG[0m [2mhyper::proto::h1::conn[0m[2m:[0m incoming body completed
[2m2025-12-10T10:19:30.320045Z[0m [34mDEBUG[0m [2mhyper::client::pool[0m[2m:[0m pooling idle connection for ("http", 192.168.0.14:8545)
[2m2025-12-10T10:19:30.320065Z[0m [34mDEBUG[0m [2mhyper::client::pool[0m[2m:[0m reuse idle connection for ("http", 192.168.0.14:8545)
[2m2025-12-10T10:19:30.320085Z[0m [34mDEBUG[0m [2mhyper::proto::h1::io[0m[2m:[0m flushed 172 bytes
[2m2025-12-10T10:19:30.323874Z[0m [34mDEBUG[0m [2mhyper::proto::h1::io[0m[2m:[0m parsed 4 headers
[2m2025-12-10T10:19:30.323889Z[0m [34mDEBUG[0m [2mhyper::proto::h1::conn[0m[2m:[0m incoming body is content-length (45 bytes)
[2m2025-12-10T10:19:30.323896Z[0m [34mDEBUG[0m [2mhyper::proto::h1::conn[0m[2m:[0m incoming body completed
[2m2025-12-10T10:19:30.323903Z[0m [34mDEBUG[0m [2mhyper::client::pool[0m[2m:[0m pooling idle connection for ("http", 192.168.0.14:8545)
[2m2025-12-10T10:19:30.323917Z[0m [34mDEBUG[0m [2mhyper::client::pool[0m[2m:[0m reuse idle connection for ("http", 192.168.0.14:8545)
[2m2025-12-10T10:19:30.323935Z[0m [34mDEBUG[0m [2mhyper::proto::h1::io[0m[2m:[0m flushed 172 bytes
[2m2025-12-10T10:19:30.328084Z[0m [34mDEBUG[0m [2mhyper::proto::h1::io[0m[2m:[0m parsed 4 headers
[2m2025-12-10T10:19:30.328091Z[0m [34mDEBUG[0m [2mhyper::proto::h1::conn[0m[2m:[0m incoming body is content-length (45 bytes)
[2m2025-12-10T10:19:30.328097Z[0m [34mDEBUG[0m [2mhyper::proto::h1::conn[0m[2m:[0m incoming body completed
[2m2025-12-10T10:19:30.328102Z[0m [34mDEBUG[0m [2mhyper::client::pool[0m[2m:[0m pooling idle connection for ("http", 192.168.0.14:8545)
[2m2025-12-10T10:19:30.328114Z[0m [34mDEBUG[0m [2mhyper::client::pool[0m[2m:[0m reuse idle connection for ("http", 192.168.0.14:8545)
[2m2025-12-10T10:19:30.328129Z[0m [34mDEBUG[0m [2mhyper::proto::h1::io[0m[2m:[0m flushed 172 bytes
[2m2025-12-10T10:19:30.332216Z[0m [34mDEBUG[0m [2mhyper::proto::h1::io[0m[2m:[0m parsed 4 headers
[2m2025-12-10T10:19:30.332224Z[0m [34mDEBUG[0m [2mhyper::proto::h1::conn[0m[2m:[0m incoming body is content-length (45 bytes)
[2m2025-12-10T10:19:30.332230Z[0m [34mDEBUG[0m [2mhyper::proto::h1::conn[0m[2m:[0m incoming body completed
[2m2025-12-10T10:19:30.332235Z[0m [34mDEBUG[0m [2mhyper::client::pool[0m[2m:[0m pooling idle connection for ("http", 192.168.0.14:8545)
[2m2025-12-10T10:19:30.332246Z[0m [34mDEBUG[0m [2mhyper::client::pool[0m[2m:[0m reuse idle connection for ("http", 192.168.0.14:8545)
[2m2025-12-10T10:19:30.332261Z[0m [34mDEBUG[0m [2mhyper::proto::h1::io[0m[2m:[0m flushed 172 bytes
[2m2025-12-10T10:19:30.335494Z[0m [34mDEBUG[0m [2mhyper::proto::h1::io[0m[2m:[0m parsed 4 headers
[2m2025-12-10T10:19:30.335502Z[0m [34mDEBUG[0m [2mhyper::proto::h1::conn[0m[2m:[0m incoming body is content-length (45 bytes)
[2m2025-12-10T10:19:30.335508Z[0m [34mDEBUG[0m [2mhyper::proto::h1::conn[0m[2m:[0m incoming body completed
[2m2025-12-10T10:19:30.335514Z[0m [34mDEBUG[0m [2mhyper::client::pool[0m[2m:[0m pooling idle connection for ("http", 192.168.0.14:8545)
[2m2025-12-10T10:19:30.335526Z[0m [34mDEBUG[0m [2mhyper::client::pool[0m[2m:[0m reuse idle connection for ("http", 192.168.0.14:8545)
[2m2025-12-10T10:19:30.335543Z[0m [34mDEBUG[0m [2mhyper::proto::h1::io[0m[2m:[0m flushed 172 bytes
[2m2025-12-10T10:19:30.340614Z[0m [34mDEBUG[0m [2mhyper::proto::h1::io[0m[2m:[0m parsed 4 headers
[2m2025-12-10T10:19:30.340625Z[0m [34mDEBUG[0m [2mhyper::proto::h1::conn[0m[2m:[0m incoming body is content-length (45 bytes)
[2m2025-12-10T10:19:30.340631Z[0m [34mDEBUG[0m [2mhyper::proto::h1::conn[0m[2m:[0m incoming body completed
[2m2025-12-10T10:19:30.340637Z[0m [34mDEBUG[0m [2mhyper::client::pool[0m[2m:[0m pooling idle connection for ("http", 192.168.0.14:8545)
[2m2025-12-10T10:19:30.340647Z[0m [34mDEBUG[0m [2mhyper::client::pool[0m[2m:[0m reuse idle connection for ("http", 192.168.0.14:8545)
[2m2025-12-10T10:19:30.340662Z[0m [34mDEBUG[0m [2mhyper::proto::h1::io[0m[2m:[0m flushed 172 bytes
[2m2025-12-10T10:19:30.344496Z[0m [34mDEBUG[0m [2mhyper::proto::h1::io[0m[2m:[0m parsed 4 headers
[2m2025-12-10T10:19:30.344503Z[0m [34mDEBUG[0m [2mhyper::proto::h1::conn[0m[2m:[0m incoming body is content-length (45 bytes)
[2m2025-12-10T10:19:30.344508Z[0m [34mDEBUG[0m [2mhyper::proto::h1::conn[0m[2m:[0m incoming body completed
[2m2025-12-10T10:19:30.344514Z[0m [34mDEBUG[0m [2mhyper::client::pool[0m[2m:[0m pooling idle connection for ("http", 192.168.0.14:8545)
[2m2025-12-10T10:19:30.344524Z[0m [34mDEBUG[0m [2mhyper::client::pool[0m[2m:[0m reuse idle connection for ("http", 192.168.0.14:8545)
[2m2025-12-10T10:19:30.344541Z[0m [34mDEBUG[0m [2mhyper::proto::h1::io[0m[2m:[0m flushed 172 bytes
[2m2025-12-10T10:19:30.356240Z[0m [34mDEBUG[0m [2mhyper::proto::h1::io[0m[2m:[0m parsed 4 headers
[2m2025-12-10T10:19:30.356272Z[0m [34mDEBUG[0m [2mhyper::proto::h1::conn[0m[2m:[0m incoming body is content-length (45 bytes)
[2m2025-12-10T10:19:30.356279Z[0m [34mDEBUG[0m [2mhyper::proto::h1::conn[0m[2m:[0m incoming body completed
[2m2025-12-10T10:19:30.356286Z[0m [34mDEBUG[0m [2mhyper::client::pool[0m[2m:[0m pooling idle connection for ("http", 192.168.0.14:8545)
[2m2025-12-10T10:19:30.356298Z[0m [34mDEBUG[0m [2mhyper::client::pool[0m[2m:[0m reuse idle connection for ("http", 192.168.0.14:8545)
[2m2025-12-10T10:19:30.356481Z[0m [34mDEBUG[0m [2mhyper::proto::h1::io[0m[2m:[0m flushed 172 bytes
[2m2025-12-10T10:19:30.360736Z[0m [34mDEBUG[0m [2mhyper::proto::h1::io[0m[2m:[0m parsed 4 headers
[2m2025-12-10T10:19:30.360743Z[0m [34mDEBUG[0m [2mhyper::proto::h1::conn[0m[2m:[0m incoming body is content-length (45 bytes)
[2m2025-12-10T10:19:30.360749Z[0m [34mDEBUG[0m [2mhyper::proto::h1::conn[0m[2m:[0m incoming body completed
[2m2025-12-10T10:19:30.360755Z[0m [34mDEBUG[0m [2mhyper::client::pool[0m[2m:[0m pooling idle connection for ("http", 192.168.0.14:8545)
[2m2025-12-10T10:19:30.360767Z[0m [34mDEBUG[0m [2mhyper::client::pool[0m[2m:[0m reuse idle connection for ("http", 192.168.0.14:8545)
[2m2025-12-10T10:19:30.360783Z[0m [34mDEBUG[0m [2mhyper::proto::h1::io[0m[2m:[0m flushed 172 bytes
[2m2025-12-10T10:19:30.364611Z[0m [34mDEBUG[0m [2mhyper::proto::h1::io[0m[2m:[0m parsed 4 headers
[2m2025-12-10T10:19:30.364617Z[0m [34mDEBUG[0m [2mhyper::proto::h1::conn[0m[2m:[0m incoming body is content-length (45 bytes)
[2m2025-12-10T10:19:30.364623Z[0m [34mDEBUG[0m [2mhyper::proto::h1::conn[0m[2m:[0m incoming body completed
[2m2025-12-10T10:19:30.364630Z[0m [34mDEBUG[0m [2mhyper::client::pool[0m[2m:[0m pooling idle connection for ("http", 192.168.0.14:8545)
[2m2025-12-10T10:19:30.364641Z[0m [34mDEBUG[0m [2mhyper::client::pool[0m[2m:[0m reuse idle connection for ("http", 192.168.0.14:8545)
[2m2025-12-10T10:19:30.364656Z[0m [34mDEBUG[0m [2mhyper::proto::h1::io[0m[2m:[0m flushed 172 bytes
[2m2025-12-10T10:19:30.372202Z[0m [34mDEBUG[0m [2mhyper::proto::h1::io[0m[2m:[0m parsed 4 headers
[2m2025-12-10T10:19:30.372214Z[0m [34mDEBUG[0m [2mhyper::proto::h1::conn[0m[2m:[0m incoming body is content-length (45 bytes)
[2m2025-12-10T10:19:30.372221Z[0m [34mDEBUG[0m [2mhyper::proto::h1::conn[0m[2m:[0m incoming body completed
[2m2025-12-10T10:19:30.372230Z[0m [34mDEBUG[0m [2mhyper::client::pool[0m[2m:[0m pooling idle connection for ("http", 192.168.0.14:8545)
[2m2025-12-10T10:19:30.372247Z[0m [34mDEBUG[0m [2mhyper::client::pool[0m[2m:[0m reuse idle connection for ("http", 192.168.0.14:8545)
[2m2025-12-10T10:19:30.372268Z[0m [34mDEBUG[0m [2mhyper::proto::h1::io[0m[2m:[0m flushed 172 bytes
[2m2025-12-10T10:19:30.380787Z[0m [34mDEBUG[0m [2mhyper::proto::h1::io[0m[2m:[0m parsed 4 headers
[2m2025-12-10T10:19:30.380797Z[0m [34mDEBUG[0m [2mhyper::proto::h1::conn[0m[2m:[0m incoming body is content-length (45 bytes)
[2m2025-12-10T10:19:30.380804Z[0m [34mDEBUG[0m [2mhyper::proto::h1::conn[0m[2m:[0m incoming body completed
[2m2025-12-10T10:19:30.380812Z[0m [34mDEBUG[0m [2mhyper::client::pool[0m[2m:[0m pooling idle connection for ("http", 192.168.0.14:8545)
[2m2025-12-10T10:19:30.380827Z[0m [34mDEBUG[0m [2mhyper::client::pool[0m[2m:[0m reuse idle connection for ("http", 192.168.0.14:8545)
[2m2025-12-10T10:19:30.380848Z[0m [34mDEBUG[0m [2mhyper::proto::h1::io[0m[2m:[0m flushed 172 bytes
[2m2025-12-10T10:19:30.384671Z[0m [34mDEBUG[0m [2mhyper::proto::h1::io[0m[2m:[0m parsed 4 headers
[2m2025-12-10T10:19:30.387143Z[0m [34mDEBUG[0m [2mhyper::proto::h1::conn[0m[2m:[0m incoming body is content-length (45 bytes)
[2m2025-12-10T10:19:30.387150Z[0m [34mDEBUG[0m [2mhyper::proto::h1::conn[0m[2m:[0m incoming body completed
[2m2025-12-10T10:19:30.387156Z[0m [34mDEBUG[0m [2mhyper::client::pool[0m[2m:[0m pooling idle connection for ("http", 192.168.0.14:8545)
[2m2025-12-10T10:19:30.387171Z[0m [34mDEBUG[0m [2mhyper::client::pool[0m[2m:[0m reuse idle connection for ("http", 192.168.0.14:8545)
[2m2025-12-10T10:19:30.387199Z[0m [34mDEBUG[0m [2mhyper::proto::h1::io[0m[2m:[0m flushed 172 bytes
[2m2025-12-10T10:19:30.389911Z[0m [34mDEBUG[0m [2mhyper::proto::h1::io[0m[2m:[0m parsed 4 headers
[2m2025-12-10T10:19:30.389919Z[0m [34mDEBUG[0m [2mhyper::proto::h1::conn[0m[2m:[0m incoming body is content-length (45 bytes)
[2m2025-12-10T10:19:30.389925Z[0m [34mDEBUG[0m [2mhyper::proto::h1::conn[0m[2m:[0m incoming body completed
[2m2025-12-10T10:19:30.389932Z[0m [34mDEBUG[0m [2mhyper::client::pool[0m[2m:[0m pooling idle connection for ("http", 192.168.0.14:8545)
[2m2025-12-10T10:19:30.389945Z[0m [34mDEBUG[0m [2mhyper::client::pool[0m[2m:[0m reuse idle connection for ("http", 192.168.0.14:8545)
[2m2025-12-10T10:19:30.389961Z[0m [34mDEBUG[0m [2mhyper::proto::h1::io[0m[2m:[0m flushed 172 bytes
[2m2025-12-10T10:19:30.394672Z[0m [34mDEBUG[0m [2mhyper::proto::h1::io[0m[2m:[0m parsed 4 headers
[2m2025-12-10T10:19:30.394679Z[0m [34mDEBUG[0m [2mhyper::proto::h1::conn[0m[2m:[0m incoming body is content-length (45 bytes)
[2m2025-12-10T10:19:30.394685Z[0m [34mDEBUG[0m [2mhyper::proto::h1::conn[0m[2m:[0m incoming body completed
[2m2025-12-10T10:19:30.394691Z[0m [34mDEBUG[0m [2mhyper::client::pool[0m[2m:[0m pooling idle connection for ("http", 192.168.0.14:8545)
[2m2025-12-10T10:19:30.394702Z[0m [34mDEBUG[0m [2mhyper::client::pool[0m[2m:[0m reuse idle connection for ("http", 192.168.0.14:8545)
[2m2025-12-10T10:19:30.394717Z[0m [34mDEBUG[0m [2mhyper::proto::h1::io[0m[2m:[0m flushed 172 bytes
[2m2025-12-10T10:19:30.398220Z[0m [34mDEBUG[0m [2mhyper::proto::h1::io[0m[2m:[0m parsed 4 headers
[2m2025-12-10T10:19:30.398228Z[0m [34mDEBUG[0m [2mhyper::proto::h1::conn[0m[2m:[0m incoming body is content-length (45 bytes)
[2m2025-12-10T10:19:30.398232Z[0m [34mDEBUG[0m [2mhyper::proto::h1::conn[0m[2m:[0m incoming body completed
[2m2025-12-10T10:19:30.398238Z[0m [34mDEBUG[0m [2mhyper::client::pool[0m[2m:[0m pooling idle connection for ("http", 192.168.0.14:8545)
[2m2025-12-10T10:19:30.398258Z[0m [34mDEBUG[0m [2mhyper::client::pool[0m[2m:[0m reuse idle connection for ("http", 192.168.0.14:8545)
[2m2025-12-10T10:19:30.398272Z[0m [34mDEBUG[0m [2mhyper::proto::h1::io[0m[2m:[0m flushed 172 bytes
[2m2025-12-10T10:19:30.401507Z[0m [34mDEBUG[0m [2mhyper::proto::h1::io[0m[2m:[0m parsed 4 headers
[2m2025-12-10T10:19:30.401513Z[0m [34mDEBUG[0m [2mhyper::proto::h1::conn[0m[2m:[0m incoming body is content-length (45 bytes)
[2m2025-12-10T10:19:30.401518Z[0m [34mDEBUG[0m [2mhyper::proto::h1::conn[0m[2m:[0m incoming body completed
[2m2025-12-10T10:19:30.401524Z[0m [34mDEBUG[0m [2mhyper::client::pool[0m[2m:[0m pooling idle connection for ("http", 192.168.0.14:8545)
[2m2025-12-10T10:19:30.401533Z[0m [34mDEBUG[0m [2mhyper::client::pool[0m[2m:[0m reuse idle connection for ("http", 192.168.0.14:8545)
[2m2025-12-10T10:19:30.401548Z[0m [34mDEBUG[0m [2mhyper::proto::h1::io[0m[2m:[0m flushed 172 bytes
[2m2025-12-10T10:19:30.405542Z[0m [34mDEBUG[0m [2mhyper::proto::h1::io[0m[2m:[0m parsed 4 headers
[2m2025-12-10T10:19:30.405550Z[0m [34mDEBUG[0m [2mhyper::proto::h1::conn[0m[2m:[0m incoming body is content-length (45 bytes)
[2m2025-12-10T10:19:30.405556Z[0m [34mDEBUG[0m [2mhyper::proto::h1::conn[0m[2m:[0m incoming body completed
[2m2025-12-10T10:19:30.405562Z[0m [34mDEBUG[0m [2mhyper::client::pool[0m[2m:[0m pooling idle connection for ("http", 192.168.0.14:8545)
[2m2025-12-10T10:19:30.405573Z[0m [34mDEBUG[0m [2mhyper::client::pool[0m[2m:[0m reuse idle connection for ("http", 192.168.0.14:8545)
[2m2025-12-10T10:19:30.405587Z[0m [34mDEBUG[0m [2mhyper::proto::h1::io[0m[2m:[0m flushed 172 bytes
[2m2025-12-10T10:19:30.409219Z[0m [34mDEBUG[0m [2mhyper::proto::h1::io[0m[2m:[0m parsed 4 headers
[2m2025-12-10T10:19:30.409226Z[0m [34mDEBUG[0m [2mhyper::proto::h1::conn[0m[2m:[0m incoming body is content-length (45 bytes)
[2m2025-12-10T10:19:30.409231Z[0m [34mDEBUG[0m [2mhyper::proto::h1::conn[0m[2m:[0m incoming body completed
[2m2025-12-10T10:19:30.409236Z[0m [34mDEBUG[0m [2mhyper::client::pool[0m[2m:[0m pooling idle connection for ("http", 192.168.0.14:8545)
[2m2025-12-10T10:19:30.409246Z[0m [34mDEBUG[0m [2mhyper::client::pool[0m[2m:[0m reuse idle connection for ("http", 192.168.0.14:8545)
[2m2025-12-10T10:19:30.409260Z[0m [34mDEBUG[0m [2mhyper::proto::h1::io[0m[2m:[0m flushed 172 bytes
[2m2025-12-10T10:19:30.413660Z[0m [34mDEBUG[0m [2mhyper::proto::h1::io[0m[2m:[0m parsed 4 headers
[2m2025-12-10T10:19:30.413667Z[0m [34mDEBUG[0m [2mhyper::proto::h1::conn[0m[2m:[0m incoming body is content-length (45 bytes)
[2m2025-12-10T10:19:30.413683Z[0m [34mDEBUG[0m [2mhyper::proto::h1::conn[0m[2m:[0m incoming body completed
[2m2025-12-10T10:19:30.413689Z[0m [34mDEBUG[0m [2mhyper::client::pool[0m[2m:[0m pooling idle connection for ("http", 192.168.0.14:8545)
[2m2025-12-10T10:19:30.413698Z[0m [34mDEBUG[0m [2mhyper::client::pool[0m[2m:[0m reuse idle connection for ("http", 192.168.0.14:8545)
[2m2025-12-10T10:19:30.413721Z[0m [34mDEBUG[0m [2mhyper::proto::h1::io[0m[2m:[0m flushed 172 bytes
[2m2025-12-10T10:19:30.417242Z[0m [34mDEBUG[0m [2mhyper::proto::h1::io[0m[2m:[0m parsed 4 headers
[2m2025-12-10T10:19:30.417251Z[0m [34mDEBUG[0m [2mhyper::proto::h1::conn[0m[2m:[0m incoming body is content-length (45 bytes)
[2m2025-12-10T10:19:30.417257Z[0m [34mDEBUG[0m [2mhyper::proto::h1::conn[0m[2m:[0m incoming body completed
[2m2025-12-10T10:19:30.417274Z[0m [34mDEBUG[0m [2mhyper::client::pool[0m[2m:[0m pooling idle connection for ("http", 192.168.0.14:8545)
[2m2025-12-10T10:19:30.417288Z[0m [34mDEBUG[0m [2mhyper::client::pool[0m[2m:[0m reuse idle connection for ("http", 192.168.0.14:8545)
[2m2025-12-10T10:19:30.417304Z[0m [34mDEBUG[0m [2mhyper::proto::h1::io[0m[2m:[0m flushed 172 bytes
[2m2025-12-10T10:19:30.423873Z[0m [34mDEBUG[0m [2methereum_transaction_pool_monitor::eth_client[0m[2m:[0m 📨 Received WebSocket message: {"jsonrpc":"2.0","method":"eth_subscription","params":{"subscription":"0xbed0a0851463e895960a451075a301a9","result":"0x64899d6ea3da0aae9736936eba2f6b0cb505b5e051d65e4b48e1bf379a4304dd"}}
[2m2025-12-10T10:19:30.423894Z[0m [34mDEBUG[0m [2methereum_transaction_pool_monitor::eth_client[0m[2m:[0m 📨 Received pending transaction: 0x64899d6ea3da0aae9736936eba2f6b0cb505b5e051d65e4b48e1bf379a4304dd
[2m2025-12-10T10:19:30.423915Z[0m [34mDEBUG[0m [2mhyper::proto::h1::io[0m[2m:[0m parsed 4 headers
[2m2025-12-10T10:19:30.423921Z[0m [34mDEBUG[0m [2mhyper::proto::h1::conn[0m[2m:[0m incoming body is content-length (45 bytes)
[2m2025-12-10T10:19:30.423927Z[0m [34mDEBUG[0m [2mhyper::proto::h1::conn[0m[2m:[0m incoming body completed
[2m2025-12-10T10:19:30.423935Z[0m [34mDEBUG[0m [2mhyper::client::pool[0m[2m:[0m pooling idle connection for ("http", 192.168.0.14:8545)
[2m2025-12-10T10:19:30.423952Z[0m [34mDEBUG[0m [2mhyper::client::pool[0m[2m:[0m reuse idle connection for ("http", 192.168.0.14:8545)
[2m2025-12-10T10:19:30.423971Z[0m [34mDEBUG[0m [2mhyper::proto::h1::io[0m[2m:[0m flushed 172 bytes
[2m2025-12-10T10:19:30.431601Z[0m [34mDEBUG[0m [2mhyper::proto::h1::io[0m[2m:[0m parsed 4 headers
[2m2025-12-10T10:19:30.431610Z[0m [34mDEBUG[0m [2mhyper::proto::h1::conn[0m[2m:[0m incoming body is content-length (45 bytes)
[2m2025-12-10T10:19:30.431670Z[0m [34mDEBUG[0m [2mhyper::proto::h1::conn[0m[2m:[0m incoming body completed
[2m2025-12-10T10:19:30.431703Z[0m [34mDEBUG[0m [2mhyper::client::pool[0m[2m:[0m pooling idle connection for ("http", 192.168.0.14:8545)
[2m2025-12-10T10:19:30.431836Z[0m [34mDEBUG[0m [2mhyper::client::pool[0m[2m:[0m reuse idle connection for ("http", 192.168.0.14:8545)
[2m2025-12-10T10:19:30.431857Z[0m [34mDEBUG[0m [2mhyper::proto::h1::io[0m[2m:[0m flushed 172 bytes
[2m2025-12-10T10:19:30.440722Z[0m [34mDEBUG[0m [2mhyper::proto::h1::io[0m[2m:[0m parsed 4 headers
[2m2025-12-10T10:19:30.440733Z[0m [34mDEBUG[0m [2mhyper::proto::h1::conn[0m[2m:[0m incoming body is content-length (45 bytes)
[2m2025-12-10T10:19:30.440741Z[0m [34mDEBUG[0m [2mhyper::proto::h1::conn[0m[2m:[0m incoming body completed
[2m2025-12-10T10:19:30.440749Z[0m [34mDEBUG[0m [2mhyper::client::pool[0m[2m:[0m pooling idle connection for ("http", 192.168.0.14:8545)
[2m2025-12-10T10:19:30.440768Z[0m [34mDEBUG[0m [2mhyper::client::pool[0m[2m:[0m reuse idle connection for ("http", 192.168.0.14:8545)
[2m2025-12-10T10:19:30.440786Z[0m [34mDEBUG[0m [2mhyper::proto::h1::io[0m[2m:[0m flushed 172 bytes
[2m2025-12-10T10:19:30.444806Z[0m [34mDEBUG[0m [2mhyper::proto::h1::io[0m[2m:[0m parsed 4 headers
[2m2025-12-10T10:19:30.444813Z[0m [34mDEBUG[0m [2mhyper::proto::h1::conn[0m[2m:[0m incoming body is content-length (45 bytes)
[2m2025-12-10T10:19:30.444818Z[0m [34mDEBUG[0m [2mhyper::proto::h1::conn[0m[2m:[0m incoming body completed
[2m2025-12-10T10:19:30.444825Z[0m [34mDEBUG[0m [2mhyper::client::pool[0m[2m:[0m pooling idle connection for ("http", 192.168.0.14:8545)
[2m2025-12-10T10:19:30.444845Z[0m [34mDEBUG[0m [2mhyper::client::pool[0m[2m:[0m reuse idle connection for ("http", 192.168.0.14:8545)
[2m2025-12-10T10:19:30.444864Z[0m [34mDEBUG[0m [2mhyper::proto::h1::io[0m[2m:[0m flushed 172 bytes
[2m2025-12-10T10:19:30.449086Z[0m [34mDEBUG[0m [2mhyper::proto::h1::io[0m[2m:[0m parsed 4 headers
[2m2025-12-10T10:19:30.449093Z[0m [34mDEBUG[0m [2mhyper::proto::h1::conn[0m[2m:[0m incoming body is content-length (45 bytes)
[2m2025-12-10T10:19:30.449098Z[0m [34mDEBUG[0m [2mhyper::proto::h1::conn[0m[2m:[0m incoming body completed
[2m2025-12-10T10:19:30.449104Z[0m [34mDEBUG[0m [2mhyper::client::pool[0m[2m:[0m pooling idle connection for ("http", 192.168.0.14:8545)
[2m2025-12-10T10:19:30.449149Z[0m [34mDEBUG[0m [2mhyper::client::pool[0m[2m:[0m reuse idle connection for ("http", 192.168.0.14:8545)
[2m2025-12-10T10:19:30.449170Z[0m [34mDEBUG[0m [2mhyper::proto::h1::io[0m[2m:[0m flushed 172 bytes
[2m2025-12-10T10:19:30.451974Z[0m [34mDEBUG[0m [2mhyper::proto::h1::io[0m[2m:[0m parsed 4 headers
[2m2025-12-10T10:19:30.451981Z[0m [34mDEBUG[0m [2mhyper::proto::h1::conn[0m[2m:[0m incoming body is content-length (45 bytes)
[2m2025-12-10T10:19:30.451986Z[0m [34mDEBUG[0m [2mhyper::proto::h1::conn[0m[2m:[0m incoming body completed
[2m2025-12-10T10:19:30.451997Z[0m [34mDEBUG[0m [2mhyper::client::pool[0m[2m:[0m pooling idle connection for ("http", 192.168.0.14:8545)
[2m2025-12-10T10:19:30.452008Z[0m [34mDEBUG[0m [2mhyper::client::pool[0m[2m:[0m reuse idle connection for ("http", 192.168.0.14:8545)
[2m2025-12-10T10:19:30.452025Z[0m [34mDEBUG[0m [2mhyper::proto::h1::io[0m[2m:[0m flushed 172 bytes
[2m2025-12-10T10:19:30.458163Z[0m [34mDEBUG[0m [2mhyper::proto::h1::io[0m[2m:[0m parsed 4 headers
[2m2025-12-10T10:19:30.458182Z[0m [34mDEBUG[0m [2mhyper::proto::h1::conn[0m[2m:[0m incoming body is content-length (45 bytes)
[2m2025-12-10T10:19:30.458194Z[0m [34mDEBUG[0m [2mhyper::proto::h1::conn[0m[2m:[0m incoming body completed
[2m2025-12-10T10:19:30.458202Z[0m [34mDEBUG[0m [2mhyper::client::pool[0m[2m:[0m pooling idle connection for ("http", 192.168.0.14:8545)
[2m2025-12-10T10:19:30.458219Z[0m [34mDEBUG[0m [2mhyper::client::pool[0m[2m:[0m reuse idle connection for ("http", 192.168.0.14:8545)
[2m2025-12-10T10:19:30.458250Z[0m [34mDEBUG[0m [2mhyper::proto::h1::io[0m[2m:[0m flushed 172 bytes
[2m2025-12-10T10:19:30.463878Z[0m [34mDEBUG[0m [2mhyper::proto::h1::io[0m[2m:[0m parsed 4 headers
[2m2025-12-10T10:19:30.463887Z[0m [34mDEBUG[0m [2mhyper::proto::h1::conn[0m[2m:[0m incoming body is content-length (45 bytes)
[2m2025-12-10T10:19:30.470006Z[0m [34mDEBUG[0m [2mhyper::proto::h1::conn[0m[2m:[0m incoming body completed
[2m2025-12-10T10:19:30.470132Z[0m [34mDEBUG[0m [2mhyper::client::pool[0m[2m:[0m pooling idle connection for ("http", 192.168.0.14:8545)
[2m2025-12-10T10:19:30.470165Z[0m [34mDEBUG[0m [2mhyper::client::pool[0m[2m:[0m reuse idle connection for ("http", 192.168.0.14:8545)
[2m2025-12-10T10:19:30.470342Z[0m [34mDEBUG[0m [2mhyper::proto::h1::io[0m[2m:[0m flushed 172 bytes
[2m2025-12-10T10:19:30.474397Z[0m [34mDEBUG[0m [2mhyper::proto::h1::io[0m[2m:[0m parsed 4 headers
[2m2025-12-10T10:19:30.474404Z[0m [34mDEBUG[0m [2mhyper::proto::h1::conn[0m[2m:[0m incoming body is content-length (45 bytes)
[2m2025-12-10T10:19:30.474409Z[0m [34mDEBUG[0m [2mhyper::proto::h1::conn[0m[2m:[0m incoming body completed
[2m2025-12-10T10:19:30.474415Z[0m [34mDEBUG[0m [2mhyper::client::pool[0m[2m:[0m pooling idle connection for ("http", 192.168.0.14:8545)
[2m2025-12-10T10:19:30.474427Z[0m [34mDEBUG[0m [2mhyper::client::pool[0m[2m:[0m reuse idle connection for ("http", 192.168.0.14:8545)
[2m2025-12-10T10:19:30.474442Z[0m [34mDEBUG[0m [2mhyper::proto::h1::io[0m[2m:[0m flushed 172 bytes
[2m2025-12-10T10:19:30.477803Z[0m [34mDEBUG[0m [2mhyper::proto::h1::io[0m[2m:[0m parsed 4 headers
[2m2025-12-10T10:19:30.477811Z[0m [34mDEBUG[0m [2mhyper::proto::h1::conn[0m[2m:[0m incoming body is content-length (45 bytes)
[2m2025-12-10T10:19:30.477816Z[0m [34mDEBUG[0m [2mhyper::proto::h1::conn[0m[2m:[0m incoming body completed
[2m2025-12-10T10:19:30.477822Z[0m [34mDEBUG[0m [2mhyper::client::pool[0m[2m:[0m pooling idle connection for ("http", 192.168.0.14:8545)
[2m2025-12-10T10:19:30.477834Z[0m [34mDEBUG[0m [2mhyper::client::pool[0m[2m:[0m reuse idle connection for ("http", 192.168.0.14:8545)
[2m2025-12-10T10:19:30.477851Z[0m [34mDEBUG[0m [2mhyper::proto::h1::io[0m[2m:[0m flushed 172 bytes
[2m2025-12-10T10:19:30.482640Z[0m [34mDEBUG[0m [2mhyper::proto::h1::io[0m[2m:[0m parsed 4 headers
[2m2025-12-10T10:19:30.482651Z[0m [34mDEBUG[0m [2mhyper::proto::h1::conn[0m[2m:[0m incoming body is content-length (45 bytes)
[2m2025-12-10T10:19:30.482664Z[0m [34mDEBUG[0m [2mhyper::proto::h1::conn[0m[2m:[0m incoming body completed
[2m2025-12-10T10:19:30.482670Z[0m [34mDEBUG[0m [2mhyper::client::pool[0m[2m:[0m pooling idle connection for ("http", 192.168.0.14:8545)
[2m2025-12-10T10:19:30.482681Z[0m [34mDEBUG[0m [2mhyper::client::pool[0m[2m:[0m reuse idle connection for ("http", 192.168.0.14:8545)
[2m2025-12-10T10:19:30.482696Z[0m [34mDEBUG[0m [2mhyper::proto::h1::io[0m[2m:[0m flushed 172 bytes
[2m2025-12-10T10:19:30.487238Z[0m [34mDEBUG[0m [2mhyper::proto::h1::io[0m[2m:[0m parsed 4 headers
[2m2025-12-10T10:19:30.487244Z[0m [34mDEBUG[0m [2mhyper::proto::h1::conn[0m[2m:[0m incoming body is content-length (45 bytes)
[2m2025-12-10T10:19:30.487250Z[0m [34mDEBUG[0m [2mhyper::proto::h1::conn[0m[2m:[0m incoming body completed
[2m2025-12-10T10:19:30.487259Z[0m [34mDEBUG[0m [2mhyper::client::pool[0m[2m:[0m pooling idle connection for ("http", 192.168.0.14:8545)
[2m2025-12-10T10:19:30.487271Z[0m [34mDEBUG[0m [2mhyper::client::pool[0m[2m:[0m reuse idle connection for ("http", 192.168.0.14:8545)
[2m2025-12-10T10:19:30.487287Z[0m [34mDEBUG[0m [2mhyper::proto::h1::io[0m[2m:[0m flushed 172 bytes
[2m2025-12-10T10:19:30.490327Z[0m [34mDEBUG[0m [2mhyper::proto::h1::io[0m[2m:[0m parsed 4 headers
[2m2025-12-10T10:19:30.490370Z[0m [34mDEBUG[0m [2mhyper::proto::h1::conn[0m[2m:[0m incoming body is content-length (45 bytes)
[2m2025-12-10T10:19:30.490402Z[0m [34mDEBUG[0m [2mhyper::proto::h1::conn[0m[2m:[0m incoming body completed
[2m2025-12-10T10:19:30.490427Z[0m [34mDEBUG[0m [2mhyper::client::pool[0m[2m:[0m pooling idle connection for ("http", 192.168.0.14:8545)
[2m2025-12-10T10:19:30.490469Z[0m [34mDEBUG[0m [2mhyper::client::pool[0m[2m:[0m reuse idle connection for ("http", 192.168.0.14:8545)
[2m2025-12-10T10:19:30.490489Z[0m [34mDEBUG[0m [2mhyper::proto::h1::io[0m[2m:[0m flushed 172 bytes
[2m2025-12-10T10:19:30.493286Z[0m [34mDEBUG[0m [2methereum_transaction_pool_monitor::eth_client[0m[2m:[0m 📨 Received WebSocket message: {"jsonrpc":"2.0","method":"eth_subscription","params":{"subscription":"0xbed0a0851463e895960a451075a301a9","result":"0x486ba1d7622f5e497379fa38bd14c0a854f6ccbd10d80f69f9d37d0d7fc77265"}}
[2m2025-12-10T10:19:30.493298Z[0m [34mDEBUG[0m [2methereum_transaction_pool_monitor::eth_client[0m[2m:[0m 📨 Received pending transaction: 0x486ba1d7622f5e497379fa38bd14c0a854f6ccbd10d80f69f9d37d0d7fc77265
[2m2025-12-10T10:19:30.494243Z[0m [34mDEBUG[0m [2mhyper::proto::h1::io[0m[2m:[0m parsed 4 headers
[2m2025-12-10T10:19:30.494249Z[0m [34mDEBUG[0m [2mhyper::proto::h1::conn[0m[2m:[0m incoming body is content-length (45 bytes)
[2m2025-12-10T10:19:30.494254Z[0m [34mDEBUG[0m [2mhyper::proto::h1::conn[0m[2m:[0m incoming body completed
[2m2025-12-10T10:19:30.494260Z[0m [34mDEBUG[0m [2mhyper::client::pool[0m[2m:[0m pooling idle connection for ("http", 192.168.0.14:8545)
[2m2025-12-10T10:19:30.494269Z[0m [34mDEBUG[0m [2mhyper::client::pool[0m[2m:[0m reuse idle connection for ("http", 192.168.0.14:8545)
[2m2025-12-10T10:19:30.494283Z[0m [34mDEBUG[0m [2mhyper::proto::h1::io[0m[2m:[0m flushed 172 bytes
[2m2025-12-10T10:19:30.497469Z[0m [34mDEBUG[0m [2mhyper::proto::h1::io[0m[2m:[0m parsed 4 headers
[2m2025-12-10T10:19:30.497475Z[0m [34mDEBUG[0m [2mhyper::proto::h1::conn[0m[2m:[0m incoming body is content-length (45 bytes)
[2m2025-12-10T10:19:30.497480Z[0m [34mDEBUG[0m [2mhyper::proto::h1::conn[0m[2m:[0m incoming body completed
[2m2025-12-10T10:19:30.497485Z[0m [34mDEBUG[0m [2mhyper::client::pool[0m[2m:[0m pooling idle connection for ("http", 192.168.0.14:8545)
[2m2025-12-10T10:19:30.497495Z[0m [34mDEBUG[0m [2mhyper::client::pool[0m[2m:[0m reuse idle connection for ("http", 192.168.0.14:8545)
[2m2025-12-10T10:19:30.497508Z[0m [34mDEBUG[0m [2mhyper::proto::h1::io[0m[2m:[0m flushed 172 bytes
[2m2025-12-10T10:19:30.500886Z[0m [34mDEBUG[0m [2mhyper::proto::h1::io[0m[2m:[0m parsed 4 headers
[2m2025-12-10T10:19:30.500894Z[0m [34mDEBUG[0m [2mhyper::proto::h1::conn[0m[2m:[0m incoming body is content-length (45 bytes)
[2m2025-12-10T10:19:30.500899Z[0m [34mDEBUG[0m [2mhyper::proto::h1::conn[0m[2m:[0m incoming body completed
[2m2025-12-10T10:19:30.500906Z[0m [34mDEBUG[0m [2mhyper::client::pool[0m[2m:[0m pooling idle connection for ("http", 192.168.0.14:8545)
[2m2025-12-10T10:19:30.500916Z[0m [34mDEBUG[0m [2mhyper::client::pool[0m[2m:[0m reuse idle connection for ("http", 192.168.0.14:8545)
[2m2025-12-10T10:19:30.500931Z[0m [34mDEBUG[0m [2mhyper::proto::h1::io[0m[2m:[0m flushed 172 bytes
[2m2025-12-10T10:19:30.509576Z[0m [34mDEBUG[0m [2mhyper::proto::h1::io[0m[2m:[0m parsed 4 headers
[2m2025-12-10T10:19:30.509588Z[0m [34mDEBUG[0m [2mhyper::proto::h1::conn[0m[2m:[0m incoming body is content-length (45 bytes)
[2m2025-12-10T10:19:30.509595Z[0m [34mDEBUG[0m [2mhyper::proto::h1::conn[0m[2m:[0m incoming body completed
[2m2025-12-10T10:19:30.509601Z[0m [34mDEBUG[0m [2mhyper::client::pool[0m[2m:[0m pooling idle connection for ("http", 192.168.0.14:8545)
[2m2025-12-10T10:19:30.509616Z[0m [34mDEBUG[0m [2mhyper::client::pool[0m[2m:[0m reuse idle connection for ("http", 192.168.0.14:8545)
[2m2025-12-10T10:19:30.509635Z[0m [34mDEBUG[0m [2mhyper::proto::h1::io[0m[2m:[0m flushed 172 bytes
[2m2025-12-10T10:19:30.511340Z[0m [34mDEBUG[0m [2mhyper::proto::h1::io[0m[2m:[0m parsed 4 headers
[2m2025-12-10T10:19:30.511347Z[0m [34mDEBUG[0m [2mhyper::proto::h1::conn[0m[2m:[0m incoming body is content-length (844 bytes)
[2m2025-12-10T10:19:30.511354Z[0m [34mDEBUG[0m [2mhyper::proto::h1::conn[0m[2m:[0m incoming body completed
[2m2025-12-10T10:19:30.511364Z[0m [34mDEBUG[0m [2mhyper::client::pool[0m[2m:[0m pooling idle connection for ("http", 192.168.0.14:8545)
[2m2025-12-10T10:19:30.511369Z[0m [34mDEBUG[0m [2methereum_transaction_pool_monitor::eth_client[0m[2m:[0m 📡 Transaction fetch RPC completed in 553.267333ms
[2m2025-12-10T10:19:30.511388Z[0m [34mDEBUG[0m [2methereum_transaction_pool_monitor::eth_client[0m[2m:[0m DeFi transaction detected - Address: 0xdac17f958d2ee523a2206206994597c13d831ec7, Type: Stablecoin, Value: 0 ETH, Gas: 0.33 Gwei
[2m2025-12-10T10:19:30.523781Z[0m [34mDEBUG[0m [2methereum_transaction_pool_monitor::eth_client[0m[2m:[0m ✅ Transaction 0x370d7d510053c2a56f03c5f9f25c33a4e86cc0a21a1ffb9bad3fd822e8b7c72b fetched and parsed in 565.677416ms
[2m2025-12-10T10:19:30.523800Z[0m [34mDEBUG[0m [2methereum_transaction_pool_monitor::mempool_monitor[0m[2m:[0m 🔍 Skipping tx 0x370d7d510053c2a56f03c5f9f25c33a4e86cc0a21a1ffb9bad3fd822e8b7c72b - not a DEX interaction (target: 0xdAC17F958D2ee523a2206206994597C13D831ec7)
[2m2025-12-10T10:19:30.523816Z[0m [34mDEBUG[0m [2methereum_transaction_pool_monitor::mempool_monitor[0m[2m:[0m 📨 Processing new pending transaction: 0x677c80025a8523d84f2752b87fa4a8590611ab9149b5a544777dccdb197c08a4
[2m2025-12-10T10:19:30.523821Z[0m [34mDEBUG[0m [2methereum_transaction_pool_monitor::mempool_monitor[0m[2m:[0m 🔍 Fetching transaction details for: 0x677c80025a8523d84f2752b87fa4a8590611ab9149b5a544777dccdb197c08a4
[2m2025-12-10T10:19:30.523826Z[0m [34mDEBUG[0m [2methereum_transaction_pool_monitor::eth_client[0m[2m:[0m 🔍 Fetching transaction details for hash: 0x677c80025a8523d84f2752b87fa4a8590611ab9149b5a544777dccdb197c08a4
[2m2025-12-10T10:19:30.523843Z[0m [34mDEBUG[0m [2mhyper::client::pool[0m[2m:[0m reuse idle connection for ("http", 192.168.0.14:8545)
[2m2025-12-10T10:19:30.523867Z[0m [34mDEBUG[0m [2mhyper::proto::h1::io[0m[2m:[0m flushed 250 bytes
[2m2025-12-10T10:19:30.523881Z[0m [34mDEBUG[0m [2mhyper::proto::h1::io[0m[2m:[0m parsed 4 headers
[2m2025-12-10T10:19:30.523885Z[0m [34mDEBUG[0m [2mhyper::proto::h1::conn[0m[2m:[0m incoming body is content-length (45 bytes)
[2m2025-12-10T10:19:30.523892Z[0m [34mDEBUG[0m [2mhyper::proto::h1::conn[0m[2m:[0m incoming body completed
[2m2025-12-10T10:19:30.523899Z[0m [34mDEBUG[0m [2mhyper::client::pool[0m[2m:[0m pooling idle connection for ("http", 192.168.0.14:8545)
[2m2025-12-10T10:19:30.523911Z[0m [34mDEBUG[0m [2mhyper::client::pool[0m[2m:[0m reuse idle connection for ("http", 192.168.0.14:8545)
[2m2025-12-10T10:19:30.523927Z[0m [34mDEBUG[0m [2mhyper::proto::h1::io[0m[2m:[0m flushed 172 bytes
[2m2025-12-10T10:19:30.527965Z[0m [34mDEBUG[0m [2mhyper::proto::h1::io[0m[2m:[0m parsed 4 headers
[2m2025-12-10T10:19:30.527981Z[0m [34mDEBUG[0m [2mhyper::proto::h1::conn[0m[2m:[0m incoming body is content-length (45 bytes)
[2m2025-12-10T10:19:30.527990Z[0m [34mDEBUG[0m [2mhyper::proto::h1::conn[0m[2m:[0m incoming body completed
[2m2025-12-10T10:19:30.528014Z[0m [34mDEBUG[0m [2mhyper::client::pool[0m[2m:[0m pooling idle connection for ("http", 192.168.0.14:8545)
[2m2025-12-10T10:19:30.528063Z[0m [34mDEBUG[0m [2mhyper::client::pool[0m[2m:[0m reuse idle connection for ("http", 192.168.0.14:8545)
[2m2025-12-10T10:19:30.528148Z[0m [34mDEBUG[0m [2mhyper::proto::h1::io[0m[2m:[0m flushed 172 bytes
[2m2025-12-10T10:19:30.532586Z[0m [34mDEBUG[0m [2mhyper::proto::h1::io[0m[2m:[0m parsed 4 headers
[2m2025-12-10T10:19:30.532594Z[0m [34mDEBUG[0m [2mhyper::proto::h1::conn[0m[2m:[0m incoming body is content-length (45 bytes)
[2m2025-12-10T10:19:30.532600Z[0m [34mDEBUG[0m [2mhyper::proto::h1::conn[0m[2m:[0m incoming body completed
[2m2025-12-10T10:19:30.532606Z[0m [34mDEBUG[0m [2mhyper::client::pool[0m[2m:[0m pooling idle connection for ("http", 192.168.0.14:8545)
[2m2025-12-10T10:19:30.532619Z[0m [34mDEBUG[0m [2mhyper::client::pool[0m[2m:[0m reuse idle connection for ("http", 192.168.0.14:8545)
[2m2025-12-10T10:19:30.532636Z[0m [34mDEBUG[0m [2mhyper::proto::h1::io[0m[2m:[0m flushed 172 bytes
[2m2025-12-10T10:19:30.536898Z[0m [34mDEBUG[0m [2mhyper::proto::h1::io[0m[2m:[0m parsed 4 headers
[2m2025-12-10T10:19:30.536906Z[0m [34mDEBUG[0m [2mhyper::proto::h1::conn[0m[2m:[0m incoming body is content-length (45 bytes)
[2m2025-12-10T10:19:30.536913Z[0m [34mDEBUG[0m [2mhyper::proto::h1::conn[0m[2m:[0m incoming body completed
[2m2025-12-10T10:19:30.536919Z[0m [34mDEBUG[0m [2mhyper::client::pool[0m[2m:[0m pooling idle connection for ("http", 192.168.0.14:8545)
[2m2025-12-10T10:19:30.536931Z[0m [34mDEBUG[0m [2mhyper::client::pool[0m[2m:[0m reuse idle connection for ("http", 192.168.0.14:8545)
[2m2025-12-10T10:19:30.536948Z[0m [34mDEBUG[0m [2mhyper::proto::h1::io[0m[2m:[0m flushed 172 bytes
[2m2025-12-10T10:19:30.540250Z[0m [34mDEBUG[0m [2mhyper::proto::h1::io[0m[2m:[0m parsed 4 headers
[2m2025-12-10T10:19:30.540258Z[0m [34mDEBUG[0m [2mhyper::proto::h1::conn[0m[2m:[0m incoming body is content-length (45 bytes)
[2m2025-12-10T10:19:30.540264Z[0m [34mDEBUG[0m [2mhyper::proto::h1::conn[0m[2m:[0m incoming body completed
[2m2025-12-10T10:19:30.540270Z[0m [34mDEBUG[0m [2mhyper::client::pool[0m[2m:[0m pooling idle connection for ("http", 192.168.0.14:8545)
[2m2025-12-10T10:19:30.540281Z[0m [34mDEBUG[0m [2mhyper::client::pool[0m[2m:[0m reuse idle connection for ("http", 192.168.0.14:8545)
[2m2025-12-10T10:19:30.540299Z[0m [34mDEBUG[0m [2mhyper::proto::h1::io[0m[2m:[0m flushed 172 bytes
[2m2025-12-10T10:19:30.545361Z[0m [34mDEBUG[0m [2mhyper::proto::h1::io[0m[2m:[0m parsed 4 headers
[2m2025-12-10T10:19:30.545370Z[0m [34mDEBUG[0m [2mhyper::proto::h1::conn[0m[2m:[0m incoming body is content-length (45 bytes)
[2m2025-12-10T10:19:30.545379Z[0m [34mDEBUG[0m [2mhyper::proto::h1::conn[0m[2m:[0m incoming body completed
[2m2025-12-10T10:19:30.545385Z[0m [34mDEBUG[0m [2mhyper::client::pool[0m[2m:[0m pooling idle connection for ("http", 192.168.0.14:8545)
[2m2025-12-10T10:19:30.545398Z[0m [34mDEBUG[0m [2mhyper::client::pool[0m[2m:[0m reuse idle connection for ("http", 192.168.0.14:8545)
[2m2025-12-10T10:19:30.545415Z[0m [34mDEBUG[0m [2mhyper::proto::h1::io[0m[2m:[0m flushed 172 bytes
[2m2025-12-10T10:19:30.550682Z[0m [34mDEBUG[0m [2mhyper::proto::h1::io[0m[2m:[0m parsed 4 headers
[2m2025-12-10T10:19:30.550692Z[0m [34mDEBUG[0m [2mhyper::proto::h1::conn[0m[2m:[0m incoming body is content-length (45 bytes)
[2m2025-12-10T10:19:30.550698Z[0m [34mDEBUG[0m [2mhyper::proto::h1::conn[0m[2m:[0m incoming body completed
[2m2025-12-10T10:19:30.550706Z[0m [34mDEBUG[0m [2mhyper::client::pool[0m[2m:[0m pooling idle connection for ("http", 192.168.0.14:8545)
[2m2025-12-10T10:19:30.550720Z[0m [34mDEBUG[0m [2mhyper::client::pool[0m[2m:[0m reuse idle connection for ("http", 192.168.0.14:8545)
[2m2025-12-10T10:19:30.550737Z[0m [34mDEBUG[0m [2mhyper::proto::h1::io[0m[2m:[0m flushed 172 bytes
[2m2025-12-10T10:19:30.563493Z[0m [34mDEBUG[0m [2mhyper::proto::h1::io[0m[2m:[0m parsed 4 headers
[2m2025-12-10T10:19:30.563516Z[0m [34mDEBUG[0m [2mhyper::proto::h1::conn[0m[2m:[0m incoming body is content-length (45 bytes)
[2m2025-12-10T10:19:30.563526Z[0m [34mDEBUG[0m [2mhyper::proto::h1::conn[0m[2m:[0m incoming body completed
[2m2025-12-10T10:19:30.563538Z[0m [34mDEBUG[0m [2mhyper::client::pool[0m[2m:[0m pooling idle connection for ("http", 192.168.0.14:8545)
[2m2025-12-10T10:19:30.563566Z[0m [34mDEBUG[0m [2mhyper::client::pool[0m[2m:[0m reuse idle connection for ("http", 192.168.0.14:8545)
[2m2025-12-10T10:19:30.563600Z[0m [34mDEBUG[0m [2mhyper::proto::h1::io[0m[2m:[0m flushed 172 bytes
[2m2025-12-10T10:19:30.563611Z[0m [34mDEBUG[0m [2mhyper::proto::h1::io[0m[2m:[0m parsed 4 headers
[2m2025-12-10T10:19:30.563615Z[0m [34mDEBUG[0m [2mhyper::proto::h1::conn[0m[2m:[0m incoming body is content-length (903 bytes)
[2m2025-12-10T10:19:30.563628Z[0m [34mDEBUG[0m [2mhyper::proto::h1::conn[0m[2m:[0m incoming body completed
[2m2025-12-10T10:19:30.563659Z[0m [34mDEBUG[0m [2mhyper::client::pool[0m[2m:[0m pooling idle connection for ("http", 192.168.0.14:8545)
[2m2025-12-10T10:19:30.563676Z[0m [34mDEBUG[0m [2methereum_transaction_pool_monitor::eth_client[0m[2m:[0m 📡 Transaction fetch RPC completed in 39.84575ms
[2m2025-12-10T10:19:30.571581Z[0m [34mDEBUG[0m [2mhyper::proto::h1::io[0m[2m:[0m parsed 4 headers
[2m2025-12-10T10:19:30.571598Z[0m [34mDEBUG[0m [2mhyper::proto::h1::conn[0m[2m:[0m incoming body is content-length (45 bytes)
[2m2025-12-10T10:19:30.571610Z[0m [34mDEBUG[0m [2mhyper::proto::h1::conn[0m[2m:[0m incoming body completed
[2m2025-12-10T10:19:30.571622Z[0m [34mDEBUG[0m [2mhyper::client::pool[0m[2m:[0m pooling idle connection for ("http", 192.168.0.14:8545)
[2m2025-12-10T10:19:30.571647Z[0m [34mDEBUG[0m [2mhyper::client::pool[0m[2m:[0m reuse idle connection for ("http", 192.168.0.14:8545)
[2m2025-12-10T10:19:30.571781Z[0m [34mDEBUG[0m [2mhyper::proto::h1::io[0m[2m:[0m flushed 172 bytes
[2m2025-12-10T10:19:30.577438Z[0m [34mDEBUG[0m [2mhyper::proto::h1::io[0m[2m:[0m parsed 4 headers
[2m2025-12-10T10:19:30.577461Z[0m [34mDEBUG[0m [2mhyper::proto::h1::conn[0m[2m:[0m incoming body is content-length (45 bytes)
[2m2025-12-10T10:19:30.577575Z[0m [34mDEBUG[0m [2mhyper::proto::h1::conn[0m[2m:[0m incoming body completed
[2m2025-12-10T10:19:30.577592Z[0m [34mDEBUG[0m [2mhyper::client::pool[0m[2m:[0m pooling idle connection for ("http", 192.168.0.14:8545)
[2m2025-12-10T10:19:30.577652Z[0m [34mDEBUG[0m [2mhyper::client::pool[0m[2m:[0m reuse idle connection for ("http", 192.168.0.14:8545)
[2m2025-12-10T10:19:30.577736Z[0m [34mDEBUG[0m [2mhyper::proto::h1::io[0m[2m:[0m flushed 172 bytes
[2m2025-12-10T10:19:30.581120Z[0m [34mDEBUG[0m [2mhyper::proto::h1::io[0m[2m:[0m parsed 4 headers
[2m2025-12-10T10:19:30.581134Z[0m [34mDEBUG[0m [2mhyper::proto::h1::conn[0m[2m:[0m incoming body is content-length (45 bytes)
[2m2025-12-10T10:19:30.581141Z[0m [34mDEBUG[0m [2mhyper::proto::h1::conn[0m[2m:[0m incoming body completed
[2m2025-12-10T10:19:30.581150Z[0m [34mDEBUG[0m [2mhyper::client::pool[0m[2m:[0m pooling idle connection for ("http", 192.168.0.14:8545)
[2m2025-12-10T10:19:30.581173Z[0m [34mDEBUG[0m [2mhyper::client::pool[0m[2m:[0m reuse idle connection for ("http", 192.168.0.14:8545)
[2m2025-12-10T10:19:30.581195Z[0m [34mDEBUG[0m [2mhyper::proto::h1::io[0m[2m:[0m flushed 172 bytes
[2m2025-12-10T10:19:30.584822Z[0m [34mDEBUG[0m [2mhyper::proto::h1::io[0m[2m:[0m parsed 4 headers
[2m2025-12-10T10:19:30.584833Z[0m [34mDEBUG[0m [2mhyper::proto::h1::conn[0m[2m:[0m incoming body is content-length (45 bytes)
[2m2025-12-10T10:19:30.584839Z[0m [34mDEBUG[0m [2mhyper::proto::h1::conn[0m[2m:[0m incoming body completed
[2m2025-12-10T10:19:30.584847Z[0m [34mDEBUG[0m [2mhyper::client::pool[0m[2m:[0m pooling idle connection for ("http", 192.168.0.14:8545)
[2m2025-12-10T10:19:30.584863Z[0m [34mDEBUG[0m [2mhyper::client::pool[0m[2m:[0m reuse idle connection for ("http", 192.168.0.14:8545)
[2m2025-12-10T10:19:30.584885Z[0m [34mDEBUG[0m [2mhyper::proto::h1::io[0m[2m:[0m flushed 172 bytes
[2m2025-12-10T10:19:30.589166Z[0m [34mDEBUG[0m [2mhyper::proto::h1::io[0m[2m:[0m parsed 4 headers
[2m2025-12-10T10:19:30.589176Z[0m [34mDEBUG[0m [2mhyper::proto::h1::conn[0m[2m:[0m incoming body is content-length (45 bytes)
[2m2025-12-10T10:19:30.589182Z[0m [34mDEBUG[0m [2mhyper::proto::h1::conn[0m[2m:[0m incoming body completed
[2m2025-12-10T10:19:30.589189Z[0m [34mDEBUG[0m [2mhyper::client::pool[0m[2m:[0m pooling idle connection for ("http", 192.168.0.14:8545)
[2m2025-12-10T10:19:30.589204Z[0m [34mDEBUG[0m [2mhyper::client::pool[0m[2m:[0m reuse idle connection for ("http", 192.168.0.14:8545)
[2m2025-12-10T10:19:30.589222Z[0m [34mDEBUG[0m [2mhyper::proto::h1::io[0m[2m:[0m flushed 172 bytes
[2m2025-12-10T10:19:30.594102Z[0m [34mDEBUG[0m [2mhyper::proto::h1::io[0m[2m:[0m parsed 4 headers
[2m2025-12-10T10:19:30.594112Z[0m [34mDEBUG[0m [2mhyper::proto::h1::conn[0m[2m:[0m incoming body is content-length (45 bytes)
[2m2025-12-10T10:19:30.594118Z[0m [34mDEBUG[0m [2mhyper::proto::h1::conn[0m[2m:[0m incoming body completed
[2m2025-12-10T10:19:30.594125Z[0m [34mDEBUG[0m [2mhyper::client::pool[0m[2m:[0m pooling idle connection for ("http", 192.168.0.14:8545)
[2m2025-12-10T10:19:30.594138Z[0m [34mDEBUG[0m [2mhyper::client::pool[0m[2m:[0m reuse idle connection for ("http", 192.168.0.14:8545)
[2m2025-12-10T10:19:30.594157Z[0m [34mDEBUG[0m [2mhyper::proto::h1::io[0m[2m:[0m flushed 172 bytes
[2m2025-12-10T10:19:30.599703Z[0m [34mDEBUG[0m [2mhyper::proto::h1::io[0m[2m:[0m parsed 4 headers
[2m2025-12-10T10:19:30.599734Z[0m [34mDEBUG[0m [2mhyper::proto::h1::conn[0m[2m:[0m incoming body is content-length (45 bytes)
[2m2025-12-10T10:19:30.599745Z[0m [34mDEBUG[0m [2mhyper::proto::h1::conn[0m[2m:[0m incoming body completed
[2m2025-12-10T10:19:30.599774Z[0m [34mDEBUG[0m [2mhyper::client::pool[0m[2m:[0m pooling idle connection for ("http", 192.168.0.14:8545)
[2m2025-12-10T10:19:30.599834Z[0m [34mDEBUG[0m [2mhyper::client::pool[0m[2m:[0m reuse idle connection for ("http", 192.168.0.14:8545)
[2m2025-12-10T10:19:30.600104Z[0m [34mDEBUG[0m [2mhyper::proto::h1::io[0m[2m:[0m flushed 172 bytes
[2m2025-12-10T10:19:30.603973Z[0m [34mDEBUG[0m [2mhyper::proto::h1::io[0m[2m:[0m parsed 4 headers
[2m2025-12-10T10:19:30.603983Z[0m [34mDEBUG[0m [2mhyper::proto::h1::conn[0m[2m:[0m incoming body is content-length (45 bytes)
[2m2025-12-10T10:19:30.603991Z[0m [34mDEBUG[0m [2mhyper::proto::h1::conn[0m[2m:[0m incoming body completed
[2m2025-12-10T10:19:30.604001Z[0m [34mDEBUG[0m [2mhyper::client::pool[0m[2m:[0m pooling idle connection for ("http", 192.168.0.14:8545)
[2m2025-12-10T10:19:30.604027Z[0m [34mDEBUG[0m [2mhyper::client::pool[0m[2m:[0m reuse idle connection for ("http", 192.168.0.14:8545)
[2m2025-12-10T10:19:30.604061Z[0m [34mDEBUG[0m [2mhyper::proto::h1::io[0m[2m:[0m flushed 172 bytes
[2m2025-12-10T10:19:30.608465Z[0m [34mDEBUG[0m [2mhyper::proto::h1::io[0m[2m:[0m parsed 4 headers
[2m2025-12-10T10:19:30.610226Z[0m [34mDEBUG[0m [2mhyper::proto::h1::conn[0m[2m:[0m incoming body is content-length (45 bytes)
[2m2025-12-10T10:19:30.610232Z[0m [34mDEBUG[0m [2mhyper::proto::h1::conn[0m[2m:[0m incoming body completed
[2m2025-12-10T10:19:30.610239Z[0m [34mDEBUG[0m [2mhyper::client::pool[0m[2m:[0m pooling idle connection for ("http", 192.168.0.14:8545)
[2m2025-12-10T10:19:30.610253Z[0m [34mDEBUG[0m [2mhyper::client::pool[0m[2m:[0m reuse idle connection for ("http", 192.168.0.14:8545)
[2m2025-12-10T10:19:30.610281Z[0m [34mDEBUG[0m [2mhyper::proto::h1::io[0m[2m:[0m flushed 172 bytes
[2m2025-12-10T10:19:30.615179Z[0m [34mDEBUG[0m [2mhyper::proto::h1::io[0m[2m:[0m parsed 4 headers
[2m2025-12-10T10:19:30.615188Z[0m [34mDEBUG[0m [2mhyper::proto::h1::conn[0m[2m:[0m incoming body is content-length (45 bytes)
[2m2025-12-10T10:19:30.615193Z[0m [34mDEBUG[0m [2mhyper::proto::h1::conn[0m[2m:[0m incoming body completed
[2m2025-12-10T10:19:30.615200Z[0m [34mDEBUG[0m [2mhyper::client::pool[0m[2m:[0m pooling idle connection for ("http", 192.168.0.14:8545)
[2m2025-12-10T10:19:30.615291Z[0m [34mDEBUG[0m [2mhyper::client::pool[0m[2m:[0m reuse idle connection for ("http", 192.168.0.14:8545)
[2m2025-12-10T10:19:30.615335Z[0m [34mDEBUG[0m [2mhyper::proto::h1::io[0m[2m:[0m flushed 172 bytes
[2m2025-12-10T10:19:30.620152Z[0m [34mDEBUG[0m [2mhyper::proto::h1::io[0m[2m:[0m parsed 4 headers
[2m2025-12-10T10:19:30.620211Z[0m [34mDEBUG[0m [2mhyper::proto::h1::conn[0m[2m:[0m incoming body is content-length (45 bytes)
[2m2025-12-10T10:19:30.620246Z[0m [34mDEBUG[0m [2mhyper::proto::h1::conn[0m[2m:[0m incoming body completed
[2m2025-12-10T10:19:30.620255Z[0m [34mDEBUG[0m [2mhyper::client::pool[0m[2m:[0m pooling idle connection for ("http", 192.168.0.14:8545)
[2m2025-12-10T10:19:30.620267Z[0m [34mDEBUG[0m [2mhyper::client::pool[0m[2m:[0m reuse idle connection for ("http", 192.168.0.14:8545)
[2m2025-12-10T10:19:30.620286Z[0m [34mDEBUG[0m [2mhyper::proto::h1::io[0m[2m:[0m flushed 172 bytes
[2m2025-12-10T10:19:30.623959Z[0m [34mDEBUG[0m [2mhyper::proto::h1::io[0m[2m:[0m parsed 4 headers
[2m2025-12-10T10:19:30.623966Z[0m [34mDEBUG[0m [2mhyper::proto::h1::conn[0m[2m:[0m incoming body is content-length (45 bytes)
[2m2025-12-10T10:19:30.623971Z[0m [34mDEBUG[0m [2mhyper::proto::h1::conn[0m[2m:[0m incoming body completed
[2m2025-12-10T10:19:30.623978Z[0m [34mDEBUG[0m [2mhyper::client::pool[0m[2m:[0m pooling idle connection for ("http", 192.168.0.14:8545)
[2m2025-12-10T10:19:30.623988Z[0m [34mDEBUG[0m [2mhyper::client::pool[0m[2m:[0m reuse idle connection for ("http", 192.168.0.14:8545)
[2m2025-12-10T10:19:30.624009Z[0m [34mDEBUG[0m [2mhyper::proto::h1::io[0m[2m:[0m flushed 172 bytes
[2m2025-12-10T10:19:30.628431Z[0m [34mDEBUG[0m [2mhyper::proto::h1::io[0m[2m:[0m parsed 4 headers
[2m2025-12-10T10:19:30.628441Z[0m [34mDEBUG[0m [2mhyper::proto::h1::conn[0m[2m:[0m incoming body is content-length (45 bytes)
[2m2025-12-10T10:19:30.628447Z[0m [34mDEBUG[0m [2mhyper::proto::h1::conn[0m[2m:[0m incoming body completed
[2m2025-12-10T10:19:30.628453Z[0m [34mDEBUG[0m [2mhyper::client::pool[0m[2m:[0m pooling idle connection for ("http", 192.168.0.14:8545)
[2m2025-12-10T10:19:30.628463Z[0m [34mDEBUG[0m [2mhyper::client::pool[0m[2m:[0m reuse idle connection for ("http", 192.168.0.14:8545)
[2m2025-12-10T10:19:30.628478Z[0m [34mDEBUG[0m [2mhyper::proto::h1::io[0m[2m:[0m flushed 172 bytes
[2m2025-12-10T10:19:30.634597Z[0m [34mDEBUG[0m [2mhyper::proto::h1::io[0m[2m:[0m parsed 4 headers
[2m2025-12-10T10:19:30.634606Z[0m [34mDEBUG[0m [2mhyper::proto::h1::conn[0m[2m:[0m incoming body is content-length (45 bytes)
[2m2025-12-10T10:19:30.634612Z[0m [34mDEBUG[0m [2mhyper::proto::h1::conn[0m[2m:[0m incoming body completed
[2m2025-12-10T10:19:30.634618Z[0m [34mDEBUG[0m [2mhyper::client::pool[0m[2m:[0m pooling idle connection for ("http", 192.168.0.14:8545)
[2m2025-12-10T10:19:30.634629Z[0m [34mDEBUG[0m [2mhyper::client::pool[0m[2m:[0m reuse idle connection for ("http", 192.168.0.14:8545)
[2m2025-12-10T10:19:30.634646Z[0m [34mDEBUG[0m [2mhyper::proto::h1::io[0m[2m:[0m flushed 172 bytes
[2m2025-12-10T10:19:30.638934Z[0m [34mDEBUG[0m [2mhyper::proto::h1::io[0m[2m:[0m parsed 4 headers
[2m2025-12-10T10:19:30.638941Z[0m [34mDEBUG[0m [2mhyper::proto::h1::conn[0m[2m:[0m incoming body is content-length (45 bytes)
[2m2025-12-10T10:19:30.638946Z[0m [34mDEBUG[0m [2mhyper::proto::h1::conn[0m[2m:[0m incoming body completed
[2m2025-12-10T10:19:30.638952Z[0m [34mDEBUG[0m [2mhyper::client::pool[0m[2m:[0m pooling idle connection for ("http", 192.168.0.14:8545)
[2m2025-12-10T10:19:30.638961Z[0m [34mDEBUG[0m [2mhyper::client::pool[0m[2m:[0m reuse idle connection for ("http", 192.168.0.14:8545)
[2m2025-12-10T10:19:30.638976Z[0m [34mDEBUG[0m [2mhyper::proto::h1::io[0m[2m:[0m flushed 172 bytes
[2m2025-12-10T10:19:30.643344Z[0m [34mDEBUG[0m [2mhyper::proto::h1::io[0m[2m:[0m parsed 4 headers
[2m2025-12-10T10:19:30.643351Z[0m [34mDEBUG[0m [2mhyper::proto::h1::conn[0m[2m:[0m incoming body is content-length (45 bytes)
[2m2025-12-10T10:19:30.643364Z[0m [34mDEBUG[0m [2mhyper::proto::h1::conn[0m[2m:[0m incoming body completed
[2m2025-12-10T10:19:30.643370Z[0m [34mDEBUG[0m [2mhyper::client::pool[0m[2m:[0m pooling idle connection for ("http", 192.168.0.14:8545)
[2m2025-12-10T10:19:30.643380Z[0m [34mDEBUG[0m [2mhyper::client::pool[0m[2m:[0m reuse idle connection for ("http", 192.168.0.14:8545)
[2m2025-12-10T10:19:30.643396Z[0m [34mDEBUG[0m [2mhyper::proto::h1::io[0m[2m:[0m flushed 172 bytes
[2m2025-12-10T10:19:30.651911Z[0m [34mDEBUG[0m [2mhyper::proto::h1::io[0m[2m:[0m parsed 4 headers
[2m2025-12-10T10:19:30.651920Z[0m [34mDEBUG[0m [2mhyper::proto::h1::conn[0m[2m:[0m incoming body is content-length (45 bytes)
[2m2025-12-10T10:19:30.651925Z[0m [34mDEBUG[0m [2mhyper::proto::h1::conn[0m[2m:[0m incoming body completed
[2m2025-12-10T10:19:30.651952Z[0m [34mDEBUG[0m [2mhyper::client::pool[0m[2m:[0m pooling idle connection for ("http", 192.168.0.14:8545)
[2m2025-12-10T10:19:30.651983Z[0m [34mDEBUG[0m [2mhyper::client::pool[0m[2m:[0m reuse idle connection for ("http", 192.168.0.14:8545)
[2m2025-12-10T10:19:30.652059Z[0m [34mDEBUG[0m [2mhyper::proto::h1::io[0m[2m:[0m flushed 172 bytes
[2m2025-12-10T10:19:30.656693Z[0m [34mDEBUG[0m [2mhyper::proto::h1::io[0m[2m:[0m parsed 4 headers
[2m2025-12-10T10:19:30.656701Z[0m [34mDEBUG[0m [2mhyper::proto::h1::conn[0m[2m:[0m incoming body is content-length (45 bytes)
[2m2025-12-10T10:19:30.656706Z[0m [34mDEBUG[0m [2mhyper::proto::h1::conn[0m[2m:[0m incoming body completed
[2m2025-12-10T10:19:30.656712Z[0m [34mDEBUG[0m [2mhyper::client::pool[0m[2m:[0m pooling idle connection for ("http", 192.168.0.14:8545)
[2m2025-12-10T10:19:30.656723Z[0m [34mDEBUG[0m [2mhyper::client::pool[0m[2m:[0m reuse idle connection for ("http", 192.168.0.14:8545)
[2m2025-12-10T10:19:30.656746Z[0m [34mDEBUG[0m [2mhyper::proto::h1::io[0m[2m:[0m flushed 172 bytes
[2m2025-12-10T10:19:30.661415Z[0m [34mDEBUG[0m [2mhyper::proto::h1::io[0m[2m:[0m parsed 4 headers
[2m2025-12-10T10:19:30.661423Z[0m [34mDEBUG[0m [2mhyper::proto::h1::conn[0m[2m:[0m incoming body is content-length (45 bytes)
[2m2025-12-10T10:19:30.661428Z[0m [34mDEBUG[0m [2mhyper::proto::h1::conn[0m[2m:[0m incoming body completed
[2m2025-12-10T10:19:30.661434Z[0m [34mDEBUG[0m [2mhyper::client::pool[0m[2m:[0m pooling idle connection for ("http", 192.168.0.14:8545)
[2m2025-12-10T10:19:30.661444Z[0m [34mDEBUG[0m [2mhyper::client::pool[0m[2m:[0m reuse idle connection for ("http", 192.168.0.14:8545)
[2m2025-12-10T10:19:30.661463Z[0m [34mDEBUG[0m [2mhyper::proto::h1::io[0m[2m:[0m flushed 172 bytes
[2m2025-12-10T10:19:30.665937Z[0m [34mDEBUG[0m [2mhyper::proto::h1::io[0m[2m:[0m parsed 4 headers
[2m2025-12-10T10:19:30.665946Z[0m [34mDEBUG[0m [2mhyper::proto::h1::conn[0m[2m:[0m incoming body is content-length (45 bytes)
[2m2025-12-10T10:19:30.665952Z[0m [34mDEBUG[0m [2mhyper::proto::h1::conn[0m[2m:[0m incoming body completed
[2m2025-12-10T10:19:30.665959Z[0m [34mDEBUG[0m [2mhyper::client::pool[0m[2m:[0m pooling idle connection for ("http", 192.168.0.14:8545)
[2m2025-12-10T10:19:30.665969Z[0m [34mDEBUG[0m [2mhyper::client::pool[0m[2m:[0m reuse idle connection for ("http", 192.168.0.14:8545)
[2m2025-12-10T10:19:30.665986Z[0m [34mDEBUG[0m [2mhyper::proto::h1::io[0m[2m:[0m flushed 172 bytes
[2m2025-12-10T10:19:30.670050Z[0m [34mDEBUG[0m [2mhyper::proto::h1::io[0m[2m:[0m parsed 4 headers
[2m2025-12-10T10:19:30.670057Z[0m [34mDEBUG[0m [2mhyper::proto::h1::conn[0m[2m:[0m incoming body is content-length (45 bytes)
[2m2025-12-10T10:19:30.670062Z[0m [34mDEBUG[0m [2mhyper::proto::h1::conn[0m[2m:[0m incoming body completed
[2m2025-12-10T10:19:30.670067Z[0m [34mDEBUG[0m [2mhyper::client::pool[0m[2m:[0m pooling idle connection for ("http", 192.168.0.14:8545)
[2m2025-12-10T10:19:30.670077Z[0m [34mDEBUG[0m [2mhyper::client::pool[0m[2m:[0m reuse idle connection for ("http", 192.168.0.14:8545)
[2m2025-12-10T10:19:30.670093Z[0m [34mDEBUG[0m [2mhyper::proto::h1::io[0m[2m:[0m flushed 172 bytes
[2m2025-12-10T10:19:30.673961Z[0m [34mDEBUG[0m [2mhyper::proto::h1::io[0m[2m:[0m parsed 4 headers
[2m2025-12-10T10:19:30.673967Z[0m [34mDEBUG[0m [2mhyper::proto::h1::conn[0m[2m:[0m incoming body is content-length (45 bytes)
[2m2025-12-10T10:19:30.698002Z[0m [34mDEBUG[0m [2mhyper::proto::h1::conn[0m[2m:[0m incoming body completed
[2m2025-12-10T10:19:30.698019Z[0m [34mDEBUG[0m [2mhyper::client::pool[0m[2m:[0m pooling idle connection for ("http", 192.168.0.14:8545)
[2m2025-12-10T10:19:30.698043Z[0m [34mDEBUG[0m [2mhyper::client::pool[0m[2m:[0m reuse idle connection for ("http", 192.168.0.14:8545)
[2m2025-12-10T10:19:30.698091Z[0m [34mDEBUG[0m [2mhyper::proto::h1::io[0m[2m:[0m flushed 172 bytes
[2m2025-12-10T10:19:30.703562Z[0m [34mDEBUG[0m [2mhyper::proto::h1::io[0m[2m:[0m parsed 4 headers
[2m2025-12-10T10:19:30.703573Z[0m [34mDEBUG[0m [2mhyper::proto::h1::conn[0m[2m:[0m incoming body is content-length (45 bytes)
[2m2025-12-10T10:19:30.703580Z[0m [34mDEBUG[0m [2mhyper::proto::h1::conn[0m[2m:[0m incoming body completed
[2m2025-12-10T10:19:30.703587Z[0m [34mDEBUG[0m [2mhyper::client::pool[0m[2m:[0m pooling idle connection for ("http", 192.168.0.14:8545)
[2m2025-12-10T10:19:30.703606Z[0m [34mDEBUG[0m [2mhyper::client::pool[0m[2m:[0m reuse idle connection for ("http", 192.168.0.14:8545)
[2m2025-12-10T10:19:30.703638Z[0m [34mDEBUG[0m [2mhyper::proto::h1::io[0m[2m:[0m flushed 172 bytes
[2m2025-12-10T10:19:30.706955Z[0m [34mDEBUG[0m [2mhyper::proto::h1::io[0m[2m:[0m parsed 4 headers
[2m2025-12-10T10:19:30.706993Z[0m [34mDEBUG[0m [2mhyper::proto::h1::conn[0m[2m:[0m incoming body is content-length (45 bytes)
[2m2025-12-10T10:19:30.707009Z[0m [34mDEBUG[0m [2mhyper::proto::h1::conn[0m[2m:[0m incoming body completed
[2m2025-12-10T10:19:30.707032Z[0m [34mDEBUG[0m [2mhyper::client::pool[0m[2m:[0m pooling idle connection for ("http", 192.168.0.14:8545)
[2m2025-12-10T10:19:30.707074Z[0m [34mDEBUG[0m [2mhyper::client::pool[0m[2m:[0m reuse idle connection for ("http", 192.168.0.14:8545)
[2m2025-12-10T10:19:30.707121Z[0m [34mDEBUG[0m [2mhyper::proto::h1::io[0m[2m:[0m flushed 172 bytes
[2m2025-12-10T10:19:30.710967Z[0m [34mDEBUG[0m [2mhyper::proto::h1::io[0m[2m:[0m parsed 4 headers
[2m2025-12-10T10:19:30.710976Z[0m [34mDEBUG[0m [2mhyper::proto::h1::conn[0m[2m:[0m incoming body is content-length (45 bytes)
[2m2025-12-10T10:19:30.710983Z[0m [34mDEBUG[0m [2mhyper::proto::h1::conn[0m[2m:[0m incoming body completed
[2m2025-12-10T10:19:30.711031Z[0m [34mDEBUG[0m [2mhyper::client::pool[0m[2m:[0m pooling idle connection for ("http", 192.168.0.14:8545)
[2m2025-12-10T10:19:30.711060Z[0m [34mDEBUG[0m [2mhyper::client::pool[0m[2m:[0m reuse idle connection for ("http", 192.168.0.14:8545)
[2m2025-12-10T10:19:30.711115Z[0m [34mDEBUG[0m [2mhyper::proto::h1::io[0m[2m:[0m flushed 172 bytes
[2m2025-12-10T10:19:30.715045Z[0m [34mDEBUG[0m [2mhyper::proto::h1::io[0m[2m:[0m parsed 4 headers
[2m2025-12-10T10:19:30.715056Z[0m [34mDEBUG[0m [2mhyper::proto::h1::conn[0m[2m:[0m incoming body is content-length (45 bytes)
[2m2025-12-10T10:19:30.715061Z[0m [34mDEBUG[0m [2mhyper::proto::h1::conn[0m[2m:[0m incoming body completed
[2m2025-12-10T10:19:30.715067Z[0m [34mDEBUG[0m [2mhyper::client::pool[0m[2m:[0m pooling idle connection for ("http", 192.168.0.14:8545)
[2m2025-12-10T10:19:30.715079Z[0m [34mDEBUG[0m [2mhyper::client::pool[0m[2m:[0m reuse idle connection for ("http", 192.168.0.14:8545)
[2m2025-12-10T10:19:30.715101Z[0m [34mDEBUG[0m [2mhyper::proto::h1::io[0m[2m:[0m flushed 172 bytes
[2m2025-12-10T10:19:30.718950Z[0m [34mDEBUG[0m [2mhyper::proto::h1::io[0m[2m:[0m parsed 4 headers
[2m2025-12-10T10:19:30.718957Z[0m [34mDEBUG[0m [2mhyper::proto::h1::conn[0m[2m:[0m incoming body is content-length (45 bytes)
[2m2025-12-10T10:19:30.718963Z[0m [34mDEBUG[0m [2mhyper::proto::h1::conn[0m[2m:[0m incoming body completed
[2m2025-12-10T10:19:30.719004Z[0m [34mDEBUG[0m [2mhyper::client::pool[0m[2m:[0m pooling idle connection for ("http", 192.168.0.14:8545)
[2m2025-12-10T10:19:30.719020Z[0m [34mDEBUG[0m [2mhyper::client::pool[0m[2m:[0m reuse idle connection for ("http", 192.168.0.14:8545)
[2m2025-12-10T10:19:30.719039Z[0m [34mDEBUG[0m [2mhyper::proto::h1::io[0m[2m:[0m flushed 172 bytes
[2m2025-12-10T10:19:30.723135Z[0m [34mDEBUG[0m [2mhyper::proto::h1::io[0m[2m:[0m parsed 4 headers
[2m2025-12-10T10:19:30.723146Z[0m [34mDEBUG[0m [2mhyper::proto::h1::conn[0m[2m:[0m incoming body is content-length (45 bytes)
[2m2025-12-10T10:19:30.723152Z[0m [34mDEBUG[0m [2mhyper::proto::h1::conn[0m[2m:[0m incoming body completed
[2m2025-12-10T10:19:30.723190Z[0m [34mDEBUG[0m [2mhyper::client::pool[0m[2m:[0m pooling idle connection for ("http", 192.168.0.14:8545)
[2m2025-12-10T10:19:30.723204Z[0m [34mDEBUG[0m [2mhyper::client::pool[0m[2m:[0m reuse idle connection for ("http", 192.168.0.14:8545)
[2m2025-12-10T10:19:30.723223Z[0m [34mDEBUG[0m [2mhyper::proto::h1::io[0m[2m:[0m flushed 172 bytes
[2m2025-12-10T10:19:30.726717Z[0m [34mDEBUG[0m [2mhyper::proto::h1::io[0m[2m:[0m parsed 4 headers
[2m2025-12-10T10:19:30.726724Z[0m [34mDEBUG[0m [2mhyper::proto::h1::conn[0m[2m:[0m incoming body is content-length (45 bytes)
[2m2025-12-10T10:19:30.726730Z[0m [34mDEBUG[0m [2mhyper::proto::h1::conn[0m[2m:[0m incoming body completed
[2m2025-12-10T10:19:30.726736Z[0m [34mDEBUG[0m [2mhyper::client::pool[0m[2m:[0m pooling idle connection for ("http", 192.168.0.14:8545)
[2m2025-12-10T10:19:30.726746Z[0m [34mDEBUG[0m [2mhyper::client::pool[0m[2m:[0m reuse idle connection for ("http", 192.168.0.14:8545)
[2m2025-12-10T10:19:30.726761Z[0m [34mDEBUG[0m [2mhyper::proto::h1::io[0m[2m:[0m flushed 172 bytes
[2m2025-12-10T10:19:30.731053Z[0m [34mDEBUG[0m [2mhyper::proto::h1::io[0m[2m:[0m parsed 4 headers
[2m2025-12-10T10:19:30.731060Z[0m [34mDEBUG[0m [2mhyper::proto::h1::conn[0m[2m:[0m incoming body is content-length (45 bytes)
[2m2025-12-10T10:19:30.731065Z[0m [34mDEBUG[0m [2mhyper::proto::h1::conn[0m[2m:[0m incoming body completed
[2m2025-12-10T10:19:30.731071Z[0m [34mDEBUG[0m [2mhyper::client::pool[0m[2m:[0m pooling idle connection for ("http", 192.168.0.14:8545)
[2m2025-12-10T10:19:30.731081Z[0m [34mDEBUG[0m [2mhyper::client::pool[0m[2m:[0m reuse idle connection for ("http", 192.168.0.14:8545)
[2m2025-12-10T10:19:30.731096Z[0m [34mDEBUG[0m [2mhyper::proto::h1::io[0m[2m:[0m flushed 172 bytes
[2m2025-12-10T10:19:30.735004Z[0m [34mDEBUG[0m [2mhyper::proto::h1::io[0m[2m:[0m parsed 4 headers
[2m2025-12-10T10:19:30.735011Z[0m [34mDEBUG[0m [2mhyper::proto::h1::conn[0m[2m:[0m incoming body is content-length (45 bytes)
[2m2025-12-10T10:19:30.735017Z[0m [34mDEBUG[0m [2mhyper::proto::h1::conn[0m[2m:[0m incoming body completed
[2m2025-12-10T10:19:30.735023Z[0m [34mDEBUG[0m [2mhyper::client::pool[0m[2m:[0m pooling idle connection for ("http", 192.168.0.14:8545)
[2m2025-12-10T10:19:30.735033Z[0m [34mDEBUG[0m [2mhyper::client::pool[0m[2m:[0m reuse idle connection for ("http", 192.168.0.14:8545)
[2m2025-12-10T10:19:30.735048Z[0m [34mDEBUG[0m [2mhyper::proto::h1::io[0m[2m:[0m flushed 172 bytes
[2m2025-12-10T10:19:30.739038Z[0m [34mDEBUG[0m [2mhyper::proto::h1::io[0m[2m:[0m parsed 4 headers
[2m2025-12-10T10:19:30.739045Z[0m [34mDEBUG[0m [2mhyper::proto::h1::conn[0m[2m:[0m incoming body is content-length (45 bytes)
[2m2025-12-10T10:19:30.739050Z[0m [34mDEBUG[0m [2mhyper::proto::h1::conn[0m[2m:[0m incoming body completed
[2m2025-12-10T10:19:30.739070Z[0m [34mDEBUG[0m [2mhyper::client::pool[0m[2m:[0m pooling idle connection for ("http", 192.168.0.14:8545)
[2m2025-12-10T10:19:30.739087Z[0m [34mDEBUG[0m [2mhyper::client::pool[0m[2m:[0m reuse idle connection for ("http", 192.168.0.14:8545)
[2m2025-12-10T10:19:30.739152Z[0m [34mDEBUG[0m [2mhyper::proto::h1::io[0m[2m:[0m flushed 172 bytes
[2m2025-12-10T10:19:30.743075Z[0m [34mDEBUG[0m [2mhyper::proto::h1::io[0m[2m:[0m parsed 4 headers
[2m2025-12-10T10:19:30.743084Z[0m [34mDEBUG[0m [2mhyper::proto::h1::conn[0m[2m:[0m incoming body is content-length (45 bytes)
[2m2025-12-10T10:19:30.743090Z[0m [34mDEBUG[0m [2mhyper::proto::h1::conn[0m[2m:[0m incoming body completed
[2m2025-12-10T10:19:30.743097Z[0m [34mDEBUG[0m [2mhyper::client::pool[0m[2m:[0m pooling idle connection for ("http", 192.168.0.14:8545)
[2m2025-12-10T10:19:30.743152Z[0m [34mDEBUG[0m [2mhyper::client::pool[0m[2m:[0m reuse idle connection for ("http", 192.168.0.14:8545)
[2m2025-12-10T10:19:30.743175Z[0m [34mDEBUG[0m [2mhyper::proto::h1::io[0m[2m:[0m flushed 172 bytes
[2m2025-12-10T10:19:30.746687Z[0m [34mDEBUG[0m [2mhyper::proto::h1::io[0m[2m:[0m parsed 4 headers
[2m2025-12-10T10:19:30.746695Z[0m [34mDEBUG[0m [2mhyper::proto::h1::conn[0m[2m:[0m incoming body is content-length (45 bytes)
[2m2025-12-10T10:19:30.746700Z[0m [34mDEBUG[0m [2mhyper::proto::h1::conn[0m[2m:[0m incoming body completed
[2m2025-12-10T10:19:30.746706Z[0m [34mDEBUG[0m [2mhyper::client::pool[0m[2m:[0m pooling idle connection for ("http", 192.168.0.14:8545)
[2m2025-12-10T10:19:30.746716Z[0m [34mDEBUG[0m [2mhyper::client::pool[0m[2m:[0m reuse idle connection for ("http", 192.168.0.14:8545)
[2m2025-12-10T10:19:30.746735Z[0m [34mDEBUG[0m [2mhyper::proto::h1::io[0m[2m:[0m flushed 172 bytes
[2m2025-12-10T10:19:30.750992Z[0m [34mDEBUG[0m [2mhyper::proto::h1::io[0m[2m:[0m parsed 4 headers
[2m2025-12-10T10:19:30.751000Z[0m [34mDEBUG[0m [2mhyper::proto::h1::conn[0m[2m:[0m incoming body is content-length (45 bytes)
[2m2025-12-10T10:19:30.751006Z[0m [34mDEBUG[0m [2mhyper::proto::h1::conn[0m[2m:[0m incoming body completed
[2m2025-12-10T10:19:30.751011Z[0m [34mDEBUG[0m [2mhyper::client::pool[0m[2m:[0m pooling idle connection for ("http", 192.168.0.14:8545)
[2m2025-12-10T10:19:30.751022Z[0m [34mDEBUG[0m [2mhyper::client::pool[0m[2m:[0m reuse idle connection for ("http", 192.168.0.14:8545)
[2m2025-12-10T10:19:30.751039Z[0m [34mDEBUG[0m [2mhyper::proto::h1::io[0m[2m:[0m flushed 172 bytes
[2m2025-12-10T10:19:30.755052Z[0m [34mDEBUG[0m [2mhyper::proto::h1::io[0m[2m:[0m parsed 4 headers
[2m2025-12-10T10:19:30.755063Z[0m [34mDEBUG[0m [2mhyper::proto::h1::conn[0m[2m:[0m incoming body is content-length (45 bytes)
[2m2025-12-10T10:19:30.755073Z[0m [34mDEBUG[0m [2mhyper::proto::h1::conn[0m[2m:[0m incoming body completed
[2m2025-12-10T10:19:30.755080Z[0m [34mDEBUG[0m [2mhyper::client::pool[0m[2m:[0m pooling idle connection for ("http", 192.168.0.14:8545)
[2m2025-12-10T10:19:30.755094Z[0m [34mDEBUG[0m [2mhyper::client::pool[0m[2m:[0m reuse idle connection for ("http", 192.168.0.14:8545)
[2m2025-12-10T10:19:30.755112Z[0m [34mDEBUG[0m [2mhyper::proto::h1::io[0m[2m:[0m flushed 172 bytes
[2m2025-12-10T10:19:30.759046Z[0m [34mDEBUG[0m [2mhyper::proto::h1::io[0m[2m:[0m parsed 4 headers
[2m2025-12-10T10:19:30.759053Z[0m [34mDEBUG[0m [2mhyper::proto::h1::conn[0m[2m:[0m incoming body is content-length (45 bytes)
[2m2025-12-10T10:19:30.759136Z[0m [34mDEBUG[0m [2mhyper::proto::h1::conn[0m[2m:[0m incoming body completed
[2m2025-12-10T10:19:30.759152Z[0m [34mDEBUG[0m [2mhyper::client::pool[0m[2m:[0m pooling idle connection for ("http", 192.168.0.14:8545)
[2m2025-12-10T10:19:30.759168Z[0m [34mDEBUG[0m [2mhyper::client::pool[0m[2m:[0m reuse idle connection for ("http", 192.168.0.14:8545)
[2m2025-12-10T10:19:30.759183Z[0m [34mDEBUG[0m [2mhyper::proto::h1::io[0m[2m:[0m flushed 172 bytes
[2m2025-12-10T10:19:30.764169Z[0m [34mDEBUG[0m [2mhyper::proto::h1::io[0m[2m:[0m parsed 4 headers
[2m2025-12-10T10:19:30.764177Z[0m [34mDEBUG[0m [2mhyper::proto::h1::conn[0m[2m:[0m incoming body is content-length (45 bytes)
[2m2025-12-10T10:19:30.764184Z[0m [34mDEBUG[0m [2mhyper::proto::h1::conn[0m[2m:[0m incoming body completed
[2m2025-12-10T10:19:30.764194Z[0m [34mDEBUG[0m [2mhyper::client::pool[0m[2m:[0m pooling idle connection for ("http", 192.168.0.14:8545)
[2m2025-12-10T10:19:30.764207Z[0m [34mDEBUG[0m [2mhyper::client::pool[0m[2m:[0m reuse idle connection for ("http", 192.168.0.14:8545)
[2m2025-12-10T10:19:30.764226Z[0m [34mDEBUG[0m [2mhyper::proto::h1::io[0m[2m:[0m flushed 172 bytes
[2m2025-12-10T10:19:30.768157Z[0m [34mDEBUG[0m [2mhyper::proto::h1::io[0m[2m:[0m parsed 4 headers
[2m2025-12-10T10:19:30.768164Z[0m [34mDEBUG[0m [2mhyper::proto::h1::conn[0m[2m:[0m incoming body is content-length (45 bytes)
[2m2025-12-10T10:19:30.768169Z[0m [34mDEBUG[0m [2mhyper::proto::h1::conn[0m[2m:[0m incoming body completed
[2m2025-12-10T10:19:30.768174Z[0m [34mDEBUG[0m [2mhyper::client::pool[0m[2m:[0m pooling idle connection for ("http", 192.168.0.14:8545)
[2m2025-12-10T10:19:30.768182Z[0m [34mDEBUG[0m [2mhyper::client::pool[0m[2m:[0m reuse idle connection for ("http", 192.168.0.14:8545)
[2m2025-12-10T10:19:30.768197Z[0m [34mDEBUG[0m [2mhyper::proto::h1::io[0m[2m:[0m flushed 172 bytes
[2m2025-12-10T10:19:30.771641Z[0m [34mDEBUG[0m [2mhyper::proto::h1::io[0m[2m:[0m parsed 4 headers
[2m2025-12-10T10:19:30.771648Z[0m [34mDEBUG[0m [2mhyper::proto::h1::conn[0m[2m:[0m incoming body is content-length (45 bytes)
[2m2025-12-10T10:19:30.771653Z[0m [34mDEBUG[0m [2mhyper::proto::h1::conn[0m[2m:[0m incoming body completed
[2m2025-12-10T10:19:30.771659Z[0m [34mDEBUG[0m [2mhyper::client::pool[0m[2m:[0m pooling idle connection for ("http", 192.168.0.14:8545)
[2m2025-12-10T10:19:30.771668Z[0m [34mDEBUG[0m [2mhyper::client::pool[0m[2m:[0m reuse idle connection for ("http", 192.168.0.14:8545)
[2m2025-12-10T10:19:30.771683Z[0m [34mDEBUG[0m [2mhyper::proto::h1::io[0m[2m:[0m flushed 172 bytes
[2m2025-12-10T10:19:30.776979Z[0m [34mDEBUG[0m [2mhyper::proto::h1::io[0m[2m:[0m parsed 4 headers
[2m2025-12-10T10:19:30.777030Z[0m [34mDEBUG[0m [2mhyper::proto::h1::conn[0m[2m:[0m incoming body is content-length (45 bytes)
[2m2025-12-10T10:19:30.777039Z[0m [34mDEBUG[0m [2mhyper::proto::h1::conn[0m[2m:[0m incoming body completed
[2m2025-12-10T10:19:30.777045Z[0m [34mDEBUG[0m [2mhyper::client::pool[0m[2m:[0m pooling idle connection for ("http", 192.168.0.14:8545)
[2m2025-12-10T10:19:30.777056Z[0m [34mDEBUG[0m [2mhyper::client::pool[0m[2m:[0m reuse idle connection for ("http", 192.168.0.14:8545)
[2m2025-12-10T10:19:30.777094Z[0m [34mDEBUG[0m [2mhyper::proto::h1::io[0m[2m:[0m flushed 172 bytes
[2m2025-12-10T10:19:30.781640Z[0m [34mDEBUG[0m [2mhyper::proto::h1::io[0m[2m:[0m parsed 4 headers
[2m2025-12-10T10:19:30.781651Z[0m [34mDEBUG[0m [2mhyper::proto::h1::conn[0m[2m:[0m incoming body is content-length (45 bytes)
[2m2025-12-10T10:19:30.781657Z[0m [34mDEBUG[0m [2mhyper::proto::h1::conn[0m[2m:[0m incoming body completed
[2m2025-12-10T10:19:30.781664Z[0m [34mDEBUG[0m [2mhyper::client::pool[0m[2m:[0m pooling idle connection for ("http", 192.168.0.14:8545)
[2m2025-12-10T10:19:30.781677Z[0m [34mDEBUG[0m [2mhyper::client::pool[0m[2m:[0m reuse idle connection for ("http", 192.168.0.14:8545)
[2m2025-12-10T10:19:30.781696Z[0m [34mDEBUG[0m [2mhyper::proto::h1::io[0m[2m:[0m flushed 172 bytes
[2m2025-12-10T10:19:30.786034Z[0m [34mDEBUG[0m [2mhyper::proto::h1::io[0m[2m:[0m parsed 4 headers
[2m2025-12-10T10:19:30.786067Z[0m [34mDEBUG[0m [2mhyper::proto::h1::conn[0m[2m:[0m incoming body is content-length (45 bytes)
[2m2025-12-10T10:19:30.786115Z[0m [34mDEBUG[0m [2mhyper::proto::h1::conn[0m[2m:[0m incoming body completed
[2m2025-12-10T10:19:30.786123Z[0m [34mDEBUG[0m [2mhyper::client::pool[0m[2m:[0m pooling idle connection for ("http", 192.168.0.14:8545)
[2m2025-12-10T10:19:30.786133Z[0m [34mDEBUG[0m [2mhyper::client::pool[0m[2m:[0m reuse idle connection for ("http", 192.168.0.14:8545)
[2m2025-12-10T10:19:30.786149Z[0m [34mDEBUG[0m [2mhyper::proto::h1::io[0m[2m:[0m flushed 172 bytes
[2m2025-12-10T10:19:30.789813Z[0m [34mDEBUG[0m [2mhyper::proto::h1::io[0m[2m:[0m parsed 4 headers
[2m2025-12-10T10:19:30.789819Z[0m [34mDEBUG[0m [2mhyper::proto::h1::conn[0m[2m:[0m incoming body is content-length (45 bytes)
[2m2025-12-10T10:19:30.789830Z[0m [34mDEBUG[0m [2mhyper::proto::h1::conn[0m[2m:[0m incoming body completed
[2m2025-12-10T10:19:30.789835Z[0m [34mDEBUG[0m [2mhyper::client::pool[0m[2m:[0m pooling idle connection for ("http", 192.168.0.14:8545)
[2m2025-12-10T10:19:30.789847Z[0m [34mDEBUG[0m [2mhyper::client::pool[0m[2m:[0m reuse idle connection for ("http", 192.168.0.14:8545)
[2m2025-12-10T10:19:30.790073Z[0m [34mDEBUG[0m [2mhyper::proto::h1::io[0m[2m:[0m flushed 172 bytes
[2m2025-12-10T10:19:30.794150Z[0m [34mDEBUG[0m [2mhyper::proto::h1::io[0m[2m:[0m parsed 4 headers
[2m2025-12-10T10:19:30.794175Z[0m [34mDEBUG[0m [2mhyper::proto::h1::conn[0m[2m:[0m incoming body is content-length (45 bytes)
[2m2025-12-10T10:19:30.794180Z[0m [34mDEBUG[0m [2mhyper::proto::h1::conn[0m[2m:[0m incoming body completed
[2m2025-12-10T10:19:30.794244Z[0m [34mDEBUG[0m [2mhyper::client::pool[0m[2m:[0m pooling idle connection for ("http", 192.168.0.14:8545)
[2m2025-12-10T10:19:30.794316Z[0m [34mDEBUG[0m [2mhyper::client::pool[0m[2m:[0m reuse idle connection for ("http", 192.168.0.14:8545)
[2m2025-12-10T10:19:30.794336Z[0m [34mDEBUG[0m [2mhyper::proto::h1::io[0m[2m:[0m flushed 172 bytes
[2m2025-12-10T10:19:30.800104Z[0m [34mDEBUG[0m [2mhyper::proto::h1::io[0m[2m:[0m parsed 4 headers
[2m2025-12-10T10:19:30.800112Z[0m [34mDEBUG[0m [2mhyper::proto::h1::conn[0m[2m:[0m incoming body is content-length (45 bytes)
[2m2025-12-10T10:19:30.800118Z[0m [34mDEBUG[0m [2mhyper::proto::h1::conn[0m[2m:[0m incoming body completed
[2m2025-12-10T10:19:30.800125Z[0m [34mDEBUG[0m [2mhyper::client::pool[0m[2m:[0m pooling idle connection for ("http", 192.168.0.14:8545)
[2m2025-12-10T10:19:30.800173Z[0m [34mDEBUG[0m [2mhyper::client::pool[0m[2m:[0m reuse idle connection for ("http", 192.168.0.14:8545)
[2m2025-12-10T10:19:30.800203Z[0m [34mDEBUG[0m [2mhyper::proto::h1::io[0m[2m:[0m flushed 172 bytes
[2m2025-12-10T10:19:30.805737Z[0m [34mDEBUG[0m [2mhyper::proto::h1::io[0m[2m:[0m parsed 4 headers
[2m2025-12-10T10:19:30.805745Z[0m [34mDEBUG[0m [2mhyper::proto::h1::conn[0m[2m:[0m incoming body is content-length (45 bytes)
[2m2025-12-10T10:19:30.805751Z[0m [34mDEBUG[0m [2mhyper::proto::h1::conn[0m[2m:[0m incoming body completed
[2m2025-12-10T10:19:30.805757Z[0m [34mDEBUG[0m [2mhyper::client::pool[0m[2m:[0m pooling idle connection for ("http", 192.168.0.14:8545)
[2m2025-12-10T10:19:30.805771Z[0m [34mDEBUG[0m [2mhyper::client::pool[0m[2m:[0m reuse idle connection for ("http", 192.168.0.14:8545)
[2m2025-12-10T10:19:30.805803Z[0m [34mDEBUG[0m [2mhyper::proto::h1::io[0m[2m:[0m flushed 172 bytes
[2m2025-12-10T10:19:30.811720Z[0m [34mDEBUG[0m [2mhyper::proto::h1::io[0m[2m:[0m parsed 4 headers
[2m2025-12-10T10:19:30.811732Z[0m [34mDEBUG[0m [2mhyper::proto::h1::conn[0m[2m:[0m incoming body is content-length (45 bytes)
[2m2025-12-10T10:19:30.811738Z[0m [34mDEBUG[0m [2mhyper::proto::h1::conn[0m[2m:[0m incoming body completed
[2m2025-12-10T10:19:30.811745Z[0m [34mDEBUG[0m [2mhyper::client::pool[0m[2m:[0m pooling idle connection for ("http", 192.168.0.14:8545)
[2m2025-12-10T10:19:30.811760Z[0m [34mDEBUG[0m [2mhyper::client::pool[0m[2m:[0m reuse idle connection for ("http", 192.168.0.14:8545)
[2m2025-12-10T10:19:30.811780Z[0m [34mDEBUG[0m [2mhyper::proto::h1::io[0m[2m:[0m flushed 172 bytes
[2m2025-12-10T10:19:30.817044Z[0m [34mDEBUG[0m [2mhyper::proto::h1::io[0m[2m:[0m parsed 4 headers
[2m2025-12-10T10:19:30.817053Z[0m [34mDEBUG[0m [2mhyper::proto::h1::conn[0m[2m:[0m incoming body is content-length (45 bytes)
[2m2025-12-10T10:19:30.817059Z[0m [34mDEBUG[0m [2mhyper::proto::h1::conn[0m[2m:[0m incoming body completed
[2m2025-12-10T10:19:30.817064Z[0m [34mDEBUG[0m [2mhyper::client::pool[0m[2m:[0m pooling idle connection for ("http", 192.168.0.14:8545)
[2m2025-12-10T10:19:30.817076Z[0m [34mDEBUG[0m [2mhyper::client::pool[0m[2m:[0m reuse idle connection for ("http", 192.168.0.14:8545)
[2m2025-12-10T10:19:30.817095Z[0m [34mDEBUG[0m [2mhyper::proto::h1::io[0m[2m:[0m flushed 172 bytes
[2m2025-12-10T10:19:30.821106Z[0m [34mDEBUG[0m [2mhyper::proto::h1::io[0m[2m:[0m parsed 4 headers
[2m2025-12-10T10:19:30.821123Z[0m [34mDEBUG[0m [2mhyper::proto::h1::conn[0m[2m:[0m incoming body is content-length (45 bytes)
[2m2025-12-10T10:19:30.821131Z[0m [34mDEBUG[0m [2mhyper::proto::h1::conn[0m[2m:[0m incoming body completed
[2m2025-12-10T10:19:30.821137Z[0m [34mDEBUG[0m [2mhyper::client::pool[0m[2m:[0m pooling idle connection for ("http", 192.168.0.14:8545)
[2m2025-12-10T10:19:30.821148Z[0m [34mDEBUG[0m [2mhyper::client::pool[0m[2m:[0m reuse idle connection for ("http", 192.168.0.14:8545)
[2m2025-12-10T10:19:30.821165Z[0m [34mDEBUG[0m [2mhyper::proto::h1::io[0m[2m:[0m flushed 172 bytes
[2m2025-12-10T10:19:30.825109Z[0m [34mDEBUG[0m [2mhyper::proto::h1::io[0m[2m:[0m parsed 4 headers
[2m2025-12-10T10:19:30.825118Z[0m [34mDEBUG[0m [2mhyper::proto::h1::conn[0m[2m:[0m incoming body is content-length (45 bytes)
[2m2025-12-10T10:19:30.825123Z[0m [34mDEBUG[0m [2mhyper::proto::h1::conn[0m[2m:[0m incoming body completed
[2m2025-12-10T10:19:30.825129Z[0m [34mDEBUG[0m [2mhyper::client::pool[0m[2m:[0m pooling idle connection for ("http", 192.168.0.14:8545)
[2m2025-12-10T10:19:30.825140Z[0m [34mDEBUG[0m [2mhyper::client::pool[0m[2m:[0m reuse idle connection for ("http", 192.168.0.14:8545)
[2m2025-12-10T10:19:30.825158Z[0m [34mDEBUG[0m [2mhyper::proto::h1::io[0m[2m:[0m flushed 172 bytes
[2m2025-12-10T10:19:30.829204Z[0m [34mDEBUG[0m [2mhyper::proto::h1::io[0m[2m:[0m parsed 4 headers
[2m2025-12-10T10:19:30.829211Z[0m [34mDEBUG[0m [2mhyper::proto::h1::conn[0m[2m:[0m incoming body is content-length (45 bytes)
[2m2025-12-10T10:19:30.829216Z[0m [34mDEBUG[0m [2mhyper::proto::h1::conn[0m[2m:[0m incoming body completed
[2m2025-12-10T10:19:30.829221Z[0m [34mDEBUG[0m [2mhyper::client::pool[0m[2m:[0m pooling idle connection for ("http", 192.168.0.14:8545)
[2m2025-12-10T10:19:30.829231Z[0m [34mDEBUG[0m [2mhyper::client::pool[0m[2m:[0m reuse idle connection for ("http", 192.168.0.14:8545)
[2m2025-12-10T10:19:30.829246Z[0m [34mDEBUG[0m [2mhyper::proto::h1::io[0m[2m:[0m flushed 172 bytes
[2m2025-12-10T10:19:30.832956Z[0m [34mDEBUG[0m [2mhyper::proto::h1::io[0m[2m:[0m parsed 4 headers
[2m2025-12-10T10:19:30.832964Z[0m [34mDEBUG[0m [2mhyper::proto::h1::conn[0m[2m:[0m incoming body is content-length (45 bytes)
[2m2025-12-10T10:19:30.832969Z[0m [34mDEBUG[0m [2mhyper::proto::h1::conn[0m[2m:[0m incoming body completed
[2m2025-12-10T10:19:30.832975Z[0m [34mDEBUG[0m [2mhyper::client::pool[0m[2m:[0m pooling idle connection for ("http", 192.168.0.14:8545)
[2m2025-12-10T10:19:30.832985Z[0m [34mDEBUG[0m [2mhyper::client::pool[0m[2m:[0m reuse idle connection for ("http", 192.168.0.14:8545)
[2m2025-12-10T10:19:30.833002Z[0m [34mDEBUG[0m [2mhyper::proto::h1::io[0m[2m:[0m flushed 172 bytes
[2m2025-12-10T10:19:30.837567Z[0m [34mDEBUG[0m [2mhyper::proto::h1::io[0m[2m:[0m parsed 4 headers
[2m2025-12-10T10:19:30.837575Z[0m [34mDEBUG[0m [2mhyper::proto::h1::conn[0m[2m:[0m incoming body is content-length (45 bytes)
[2m2025-12-10T10:19:30.837580Z[0m [34mDEBUG[0m [2mhyper::proto::h1::conn[0m[2m:[0m incoming body completed
[2m2025-12-10T10:19:30.837585Z[0m [34mDEBUG[0m [2mhyper::client::pool[0m[2m:[0m pooling idle connection for ("http", 192.168.0.14:8545)
[2m2025-12-10T10:19:30.837595Z[0m [34mDEBUG[0m [2mhyper::client::pool[0m[2m:[0m reuse idle connection for ("http", 192.168.0.14:8545)
[2m2025-12-10T10:19:30.837611Z[0m [34mDEBUG[0m [2mhyper::proto::h1::io[0m[2m:[0m flushed 172 bytes
[2m2025-12-10T10:19:30.842302Z[0m [34mDEBUG[0m [2mhyper::proto::h1::io[0m[2m:[0m parsed 4 headers
[2m2025-12-10T10:19:30.842311Z[0m [34mDEBUG[0m [2mhyper::proto::h1::conn[0m[2m:[0m incoming body is content-length (45 bytes)
[2m2025-12-10T10:19:30.842317Z[0m [34mDEBUG[0m [2mhyper::proto::h1::conn[0m[2m:[0m incoming body completed
[2m2025-12-10T10:19:30.842323Z[0m [34mDEBUG[0m [2mhyper::client::pool[0m[2m:[0m pooling idle connection for ("http", 192.168.0.14:8545)
[2m2025-12-10T10:19:30.842334Z[0m [34mDEBUG[0m [2mhyper::client::pool[0m[2m:[0m reuse idle connection for ("http", 192.168.0.14:8545)
[2m2025-12-10T10:19:30.842355Z[0m [34mDEBUG[0m [2mhyper::proto::h1::io[0m[2m:[0m flushed 172 bytes
[2m2025-12-10T10:19:30.846729Z[0m [34mDEBUG[0m [2mhyper::proto::h1::io[0m[2m:[0m parsed 4 headers
[2m2025-12-10T10:19:30.846738Z[0m [34mDEBUG[0m [2mhyper::proto::h1::conn[0m[2m:[0m incoming body is content-length (45 bytes)
[2m2025-12-10T10:19:30.846744Z[0m [34mDEBUG[0m [2mhyper::proto::h1::conn[0m[2m:[0m incoming body completed
[2m2025-12-10T10:19:30.846751Z[0m [34mDEBUG[0m [2mhyper::client::pool[0m[2m:[0m pooling idle connection for ("http", 192.168.0.14:8545)
[2m2025-12-10T10:19:30.846763Z[0m [34mDEBUG[0m [2mhyper::client::pool[0m[2m:[0m reuse idle connection for ("http", 192.168.0.14:8545)
[2m2025-12-10T10:19:30.846784Z[0m [34mDEBUG[0m [2mhyper::proto::h1::io[0m[2m:[0m flushed 172 bytes
[2m2025-12-10T10:19:30.851734Z[0m [34mDEBUG[0m [2mhyper::proto::h1::io[0m[2m:[0m parsed 4 headers
[2m2025-12-10T10:19:30.851742Z[0m [34mDEBUG[0m [2mhyper::proto::h1::conn[0m[2m:[0m incoming body is content-length (45 bytes)
[2m2025-12-10T10:19:30.851747Z[0m [34mDEBUG[0m [2mhyper::proto::h1::conn[0m[2m:[0m incoming body completed
[2m2025-12-10T10:19:30.851753Z[0m [34mDEBUG[0m [2mhyper::client::pool[0m[2m:[0m pooling idle connection for ("http", 192.168.0.14:8545)
[2m2025-12-10T10:19:30.851763Z[0m [34mDEBUG[0m [2mhyper::client::pool[0m[2m:[0m reuse idle connection for ("http", 192.168.0.14:8545)
[2m2025-12-10T10:19:30.851781Z[0m [34mDEBUG[0m [2mhyper::proto::h1::io[0m[2m:[0m flushed 172 bytes
[2m2025-12-10T10:19:30.857856Z[0m [34mDEBUG[0m [2mhyper::proto::h1::io[0m[2m:[0m parsed 4 headers
[2m2025-12-10T10:19:30.857866Z[0m [34mDEBUG[0m [2mhyper::proto::h1::conn[0m[2m:[0m incoming body is content-length (45 bytes)
[2m2025-12-10T10:19:30.857873Z[0m [34mDEBUG[0m [2mhyper::proto::h1::conn[0m[2m:[0m incoming body completed
[2m2025-12-10T10:19:30.857880Z[0m [34mDEBUG[0m [2mhyper::client::pool[0m[2m:[0m pooling idle connection for ("http", 192.168.0.14:8545)
[2m2025-12-10T10:19:30.857895Z[0m [34mDEBUG[0m [2mhyper::client::pool[0m[2m:[0m reuse idle connection for ("http", 192.168.0.14:8545)
[2m2025-12-10T10:19:30.857914Z[0m [34mDEBUG[0m [2mhyper::proto::h1::io[0m[2m:[0m flushed 172 bytes
[2m2025-12-10T10:19:30.864134Z[0m [34mDEBUG[0m [2mhyper::proto::h1::io[0m[2m:[0m parsed 4 headers
[2m2025-12-10T10:19:30.864143Z[0m [34mDEBUG[0m [2mhyper::proto::h1::conn[0m[2m:[0m incoming body is content-length (45 bytes)
[2m2025-12-10T10:19:30.864150Z[0m [34mDEBUG[0m [2mhyper::proto::h1::conn[0m[2m:[0m incoming body completed
[2m2025-12-10T10:19:30.864158Z[0m [34mDEBUG[0m [2mhyper::client::pool[0m[2m:[0m pooling idle connection for ("http", 192.168.0.14:8545)
[2m2025-12-10T10:19:30.864173Z[0m [34mDEBUG[0m [2mhyper::client::pool[0m[2m:[0m reuse idle connection for ("http", 192.168.0.14:8545)
[2m2025-12-10T10:19:30.864193Z[0m [34mDEBUG[0m [2mhyper::proto::h1::io[0m[2m:[0m flushed 172 bytes
[2m2025-12-10T10:19:30.870767Z[0m [34mDEBUG[0m [2mhyper::proto::h1::io[0m[2m:[0m parsed 4 headers
[2m2025-12-10T10:19:30.870777Z[0m [34mDEBUG[0m [2mhyper::proto::h1::conn[0m[2m:[0m incoming body is content-length (45 bytes)
[2m2025-12-10T10:19:30.870783Z[0m [34mDEBUG[0m [2mhyper::proto::h1::conn[0m[2m:[0m incoming body completed
[2m2025-12-10T10:19:30.870790Z[0m [34mDEBUG[0m [2mhyper::client::pool[0m[2m:[0m pooling idle connection for ("http", 192.168.0.14:8545)
[2m2025-12-10T10:19:30.870803Z[0m [34mDEBUG[0m [2mhyper::client::pool[0m[2m:[0m reuse idle connection for ("http", 192.168.0.14:8545)
[2m2025-12-10T10:19:30.870823Z[0m [34mDEBUG[0m [2mhyper::proto::h1::io[0m[2m:[0m flushed 172 bytes
[2m2025-12-10T10:19:30.882271Z[0m [34mDEBUG[0m [2mhyper::proto::h1::io[0m[2m:[0m parsed 4 headers
[2m2025-12-10T10:19:30.882286Z[0m [34mDEBUG[0m [2mhyper::proto::h1::conn[0m[2m:[0m incoming body is content-length (45 bytes)
[2m2025-12-10T10:19:30.882294Z[0m [34mDEBUG[0m [2mhyper::proto::h1::conn[0m[2m:[0m incoming body completed
[2m2025-12-10T10:19:30.882304Z[0m [34mDEBUG[0m [2mhyper::client::pool[0m[2m:[0m pooling idle connection for ("http", 192.168.0.14:8545)
[2m2025-12-10T10:19:30.882325Z[0m [34mDEBUG[0m [2mhyper::client::pool[0m[2m:[0m reuse idle connection for ("http", 192.168.0.14:8545)
[2m2025-12-10T10:19:30.882353Z[0m [34mDEBUG[0m [2mhyper::proto::h1::io[0m[2m:[0m flushed 172 bytes
[2m2025-12-10T10:19:30.887086Z[0m [34mDEBUG[0m [2mhyper::proto::h1::io[0m[2m:[0m parsed 4 headers
[2m2025-12-10T10:19:30.887099Z[0m [34mDEBUG[0m [2mhyper::proto::h1::conn[0m[2m:[0m incoming body is content-length (45 bytes)
[2m2025-12-10T10:19:30.887106Z[0m [34mDEBUG[0m [2mhyper::proto::h1::conn[0m[2m:[0m incoming body completed
[2m2025-12-10T10:19:30.887114Z[0m [34mDEBUG[0m [2mhyper::client::pool[0m[2m:[0m pooling idle connection for ("http", 192.168.0.14:8545)
[2m2025-12-10T10:19:30.887132Z[0m [34mDEBUG[0m [2mhyper::client::pool[0m[2m:[0m reuse idle connection for ("http", 192.168.0.14:8545)
[2m2025-12-10T10:19:30.887155Z[0m [34mDEBUG[0m [2mhyper::proto::h1::io[0m[2m:[0m flushed 172 bytes
[2m2025-12-10T10:19:30.891115Z[0m [34mDEBUG[0m [2mhyper::proto::h1::io[0m[2m:[0m parsed 4 headers
[2m2025-12-10T10:19:30.891123Z[0m [34mDEBUG[0m [2mhyper::proto::h1::conn[0m[2m:[0m incoming body is content-length (45 bytes)
[2m2025-12-10T10:19:30.891130Z[0m [34mDEBUG[0m [2mhyper::proto::h1::conn[0m[2m:[0m incoming body completed
[2m2025-12-10T10:19:30.891136Z[0m [34mDEBUG[0m [2mhyper::client::pool[0m[2m:[0m pooling idle connection for ("http", 192.168.0.14:8545)
[2m2025-12-10T10:19:30.891151Z[0m [34mDEBUG[0m [2mhyper::client::pool[0m[2m:[0m reuse idle connection for ("http", 192.168.0.14:8545)
[2m2025-12-10T10:19:30.891171Z[0m [34mDEBUG[0m [2mhyper::proto::h1::io[0m[2m:[0m flushed 172 bytes
[2m2025-12-10T10:19:30.894875Z[0m [34mDEBUG[0m [2mhyper::proto::h1::io[0m[2m:[0m parsed 4 headers
[2m2025-12-10T10:19:30.894883Z[0m [34mDEBUG[0m [2mhyper::proto::h1::conn[0m[2m:[0m incoming body is content-length (45 bytes)
[2m2025-12-10T10:19:30.894888Z[0m [34mDEBUG[0m [2mhyper::proto::h1::conn[0m[2m:[0m incoming body completed
[2m2025-12-10T10:19:30.894895Z[0m [34mDEBUG[0m [2mhyper::client::pool[0m[2m:[0m pooling idle connection for ("http", 192.168.0.14:8545)
[2m2025-12-10T10:19:30.894908Z[0m [34mDEBUG[0m [2mhyper::client::pool[0m[2m:[0m reuse idle connection for ("http", 192.168.0.14:8545)
[2m2025-12-10T10:19:30.894924Z[0m [34mDEBUG[0m [2mhyper::proto::h1::io[0m[2m:[0m flushed 172 bytes
[2m2025-12-10T10:19:30.899956Z[0m [34mDEBUG[0m [2mhyper::proto::h1::io[0m[2m:[0m parsed 4 headers
[2m2025-12-10T10:19:30.899966Z[0m [34mDEBUG[0m [2mhyper::proto::h1::conn[0m[2m:[0m incoming body is content-length (45 bytes)
[2m2025-12-10T10:19:30.899971Z[0m [34mDEBUG[0m [2mhyper::proto::h1::conn[0m[2m:[0m incoming body completed
[2m2025-12-10T10:19:30.899980Z[0m [34mDEBUG[0m [2mhyper::client::pool[0m[2m:[0m pooling idle connection for ("http", 192.168.0.14:8545)
[2m2025-12-10T10:19:30.899993Z[0m [34mDEBUG[0m [2mhyper::client::pool[0m[2m:[0m reuse idle connection for ("http", 192.168.0.14:8545)
[2m2025-12-10T10:19:30.900013Z[0m [34mDEBUG[0m [2mhyper::proto::h1::io[0m[2m:[0m flushed 172 bytes
[2m2025-12-10T10:19:30.904266Z[0m [34mDEBUG[0m [2mhyper::proto::h1::io[0m[2m:[0m parsed 4 headers
[2m2025-12-10T10:19:30.912112Z[0m [34mDEBUG[0m [2mhyper::proto::h1::conn[0m[2m:[0m incoming body is content-length (45 bytes)
[2m2025-12-10T10:19:30.912131Z[0m [34mDEBUG[0m [2mhyper::proto::h1::conn[0m[2m:[0m incoming body completed
[2m2025-12-10T10:19:30.912165Z[0m [34mDEBUG[0m [2mhyper::client::pool[0m[2m:[0m pooling idle connection for ("http", 192.168.0.14:8545)
[2m2025-12-10T10:19:30.912281Z[0m [34mDEBUG[0m [2mhyper::client::pool[0m[2m:[0m reuse idle connection for ("http", 192.168.0.14:8545)
[2m2025-12-10T10:19:30.912726Z[0m [34mDEBUG[0m [2mhyper::proto::h1::io[0m[2m:[0m flushed 172 bytes
[2m2025-12-10T10:19:30.916141Z[0m [34mDEBUG[0m [2mhyper::proto::h1::io[0m[2m:[0m parsed 4 headers
[2m2025-12-10T10:19:30.916205Z[0m [34mDEBUG[0m [2mhyper::proto::h1::conn[0m[2m:[0m incoming body is content-length (45 bytes)
[2m2025-12-10T10:19:30.916215Z[0m [34mDEBUG[0m [2mhyper::proto::h1::conn[0m[2m:[0m incoming body completed
[2m2025-12-10T10:19:30.916235Z[0m [34mDEBUG[0m [2mhyper::client::pool[0m[2m:[0m pooling idle connection for ("http", 192.168.0.14:8545)
[2m2025-12-10T10:19:30.916294Z[0m [34mDEBUG[0m [2mhyper::client::pool[0m[2m:[0m reuse idle connection for ("http", 192.168.0.14:8545)
[2m2025-12-10T10:19:30.916324Z[0m [34mDEBUG[0m [2mhyper::proto::h1::io[0m[2m:[0m flushed 172 bytes
[2m2025-12-10T10:19:30.930316Z[0m [34mDEBUG[0m [2mhyper::proto::h1::io[0m[2m:[0m parsed 4 headers
[2m2025-12-10T10:19:30.938521Z[0m [34mDEBUG[0m [2mhyper::proto::h1::conn[0m[2m:[0m incoming body is content-length (45 bytes)
[2m2025-12-10T10:19:30.938580Z[0m [34mDEBUG[0m [2mhyper::proto::h1::conn[0m[2m:[0m incoming body completed
[2m2025-12-10T10:19:30.938598Z[0m [34mDEBUG[0m [2mhyper::client::pool[0m[2m:[0m pooling idle connection for ("http", 192.168.0.14:8545)
[2m2025-12-10T10:19:30.938682Z[0m [34mDEBUG[0m [2mhyper::client::pool[0m[2m:[0m reuse idle connection for ("http", 192.168.0.14:8545)
[2m2025-12-10T10:19:30.939699Z[0m [34mDEBUG[0m [2mhyper::proto::h1::io[0m[2m:[0m flushed 172 bytes
[2m2025-12-10T10:19:30.942740Z[0m [34mDEBUG[0m [2mhyper::proto::h1::io[0m[2m:[0m parsed 4 headers
[2m2025-12-10T10:19:30.942753Z[0m [34mDEBUG[0m [2mhyper::proto::h1::conn[0m[2m:[0m incoming body is content-length (45 bytes)
[2m2025-12-10T10:19:30.942761Z[0m [34mDEBUG[0m [2mhyper::proto::h1::conn[0m[2m:[0m incoming body completed
[2m2025-12-10T10:19:30.942810Z[0m [34mDEBUG[0m [2mhyper::client::pool[0m[2m:[0m pooling idle connection for ("http", 192.168.0.14:8545)
[2m2025-12-10T10:19:30.942929Z[0m [34mDEBUG[0m [2mhyper::client::pool[0m[2m:[0m reuse idle connection for ("http", 192.168.0.14:8545)
[2m2025-12-10T10:19:30.942971Z[0m [34mDEBUG[0m [2mhyper::proto::h1::io[0m[2m:[0m flushed 172 bytes
[2m2025-12-10T10:19:30.948029Z[0m [34mDEBUG[0m [2mhyper::proto::h1::io[0m[2m:[0m parsed 4 headers
[2m2025-12-10T10:19:30.948051Z[0m [34mDEBUG[0m [2mhyper::proto::h1::conn[0m[2m:[0m incoming body is content-length (45 bytes)
[2m2025-12-10T10:19:30.948060Z[0m [34mDEBUG[0m [2mhyper::proto::h1::conn[0m[2m:[0m incoming body completed
[2m2025-12-10T10:19:30.948085Z[0m [34mDEBUG[0m [2mhyper::client::pool[0m[2m:[0m pooling idle connection for ("http", 192.168.0.14:8545)
[2m2025-12-10T10:19:30.948123Z[0m [34mDEBUG[0m [2mhyper::client::pool[0m[2m:[0m reuse idle connection for ("http", 192.168.0.14:8545)
[2m2025-12-10T10:19:30.948186Z[0m [34mDEBUG[0m [2mhyper::proto::h1::io[0m[2m:[0m flushed 172 bytes
[2m2025-12-10T10:19:30.952042Z[0m [34mDEBUG[0m [2mhyper::proto::h1::io[0m[2m:[0m parsed 4 headers
[2m2025-12-10T10:19:30.952086Z[0m [34mDEBUG[0m [2mhyper::proto::h1::conn[0m[2m:[0m incoming body is content-length (45 bytes)
[2m2025-12-10T10:19:30.952270Z[0m [34mDEBUG[0m [2mhyper::proto::h1::conn[0m[2m:[0m incoming body completed
[2m2025-12-10T10:19:30.952284Z[0m [34mDEBUG[0m [2mhyper::client::pool[0m[2m:[0m pooling idle connection for ("http", 192.168.0.14:8545)
[2m2025-12-10T10:19:30.952328Z[0m [34mDEBUG[0m [2mhyper::client::pool[0m[2m:[0m reuse idle connection for ("http", 192.168.0.14:8545)
[2m2025-12-10T10:19:30.952410Z[0m [34mDEBUG[0m [2mhyper::proto::h1::io[0m[2m:[0m flushed 172 bytes
[2m2025-12-10T10:19:30.956854Z[0m [34mDEBUG[0m [2mhyper::proto::h1::io[0m[2m:[0m parsed 4 headers
[2m2025-12-10T10:19:30.956893Z[0m [34mDEBUG[0m [2mhyper::proto::h1::conn[0m[2m:[0m incoming body is content-length (45 bytes)
[2m2025-12-10T10:19:30.956901Z[0m [34mDEBUG[0m [2mhyper::proto::h1::conn[0m[2m:[0m incoming body completed
[2m2025-12-10T10:19:30.956911Z[0m [34mDEBUG[0m [2mhyper::client::pool[0m[2m:[0m pooling idle connection for ("http", 192.168.0.14:8545)
[2m2025-12-10T10:19:30.956960Z[0m [34mDEBUG[0m [2mhyper::client::pool[0m[2m:[0m reuse idle connection for ("http", 192.168.0.14:8545)
[2m2025-12-10T10:19:30.957009Z[0m [34mDEBUG[0m [2mhyper::proto::h1::io[0m[2m:[0m flushed 172 bytes
[2m2025-12-10T10:19:30.960476Z[0m [34mDEBUG[0m [2mhyper::proto::h1::io[0m[2m:[0m parsed 4 headers
[2m2025-12-10T10:19:30.960493Z[0m [34mDEBUG[0m [2mhyper::proto::h1::conn[0m[2m:[0m incoming body is content-length (45 bytes)
[2m2025-12-10T10:19:30.960501Z[0m [34mDEBUG[0m [2mhyper::proto::h1::conn[0m[2m:[0m incoming body completed
[2m2025-12-10T10:19:30.960511Z[0m [34mDEBUG[0m [2mhyper::client::pool[0m[2m:[0m pooling idle connection for ("http", 192.168.0.14:8545)
[2m2025-12-10T10:19:30.960555Z[0m [34mDEBUG[0m [2mhyper::client::pool[0m[2m:[0m reuse idle connection for ("http", 192.168.0.14:8545)
[2m2025-12-10T10:19:30.960601Z[0m [34mDEBUG[0m [2mhyper::proto::h1::io[0m[2m:[0m flushed 172 bytes
[2m2025-12-10T10:19:30.965575Z[0m [34mDEBUG[0m [2mhyper::proto::h1::io[0m[2m:[0m parsed 4 headers
[2m2025-12-10T10:19:30.965595Z[0m [34mDEBUG[0m [2mhyper::proto::h1::conn[0m[2m:[0m incoming body is content-length (45 bytes)
[2m2025-12-10T10:19:30.965604Z[0m [34mDEBUG[0m [2mhyper::proto::h1::conn[0m[2m:[0m incoming body completed
[2m2025-12-10T10:19:30.965614Z[0m [34mDEBUG[0m [2mhyper::client::pool[0m[2m:[0m pooling idle connection for ("http", 192.168.0.14:8545)
[2m2025-12-10T10:19:30.965653Z[0m [34mDEBUG[0m [2mhyper::client::pool[0m[2m:[0m reuse idle connection for ("http", 192.168.0.14:8545)
[2m2025-12-10T10:19:30.965774Z[0m [34mDEBUG[0m [2methereum_transaction_pool_monitor::eth_client[0m[2m:[0m 📨 Received WebSocket message: {"jsonrpc":"2.0","method":"eth_subscription","params":{"subscription":"0xbed0a0851463e895960a451075a301a9","result":"0x4171c8fd16f0bd1b3b82d69cce6543d97358c9e0b4d14137466f461ea0a0b919"}}
[2m2025-12-10T10:19:30.965789Z[0m [34mDEBUG[0m [2methereum_transaction_pool_monitor::eth_client[0m[2m:[0m 📨 Received pending transaction: 0x4171c8fd16f0bd1b3b82d69cce6543d97358c9e0b4d14137466f461ea0a0b919
[2m2025-12-10T10:19:30.965799Z[0m [34mDEBUG[0m [2methereum_transaction_pool_monitor::eth_client[0m[2m:[0m 📨 Received WebSocket message: {"jsonrpc":"2.0","method":"eth_subscription","params":{"subscription":"0xbed0a0851463e895960a451075a301a9","result":"0xa882784d656afe39ad8d001031c32ea8f3d37502d9cb2fbc36ddd6485546265a"}}
[2m2025-12-10T10:19:30.965805Z[0m [34mDEBUG[0m [2methereum_transaction_pool_monitor::eth_client[0m[2m:[0m 📨 Received pending transaction: 0xa882784d656afe39ad8d001031c32ea8f3d37502d9cb2fbc36ddd6485546265a
[2m2025-12-10T10:19:30.965790Z[0m [34mDEBUG[0m [2mhyper::proto::h1::io[0m[2m:[0m flushed 172 bytes
[2m2025-12-10T10:19:30.972173Z[0m [34mDEBUG[0m [2mhyper::proto::h1::io[0m[2m:[0m parsed 4 headers
[2m2025-12-10T10:19:30.972206Z[0m [34mDEBUG[0m [2mhyper::proto::h1::conn[0m[2m:[0m incoming body is content-length (45 bytes)
[2m2025-12-10T10:19:30.972274Z[0m [34mDEBUG[0m [2mhyper::proto::h1::conn[0m[2m:[0m incoming body completed
[2m2025-12-10T10:19:30.972310Z[0m [34mDEBUG[0m [2mhyper::client::pool[0m[2m:[0m pooling idle connection for ("http", 192.168.0.14:8545)
[2m2025-12-10T10:19:30.972990Z[0m [34mDEBUG[0m [2mhyper::client::pool[0m[2m:[0m reuse idle connection for ("http", 192.168.0.14:8545)
[2m2025-12-10T10:19:30.973118Z[0m [34mDEBUG[0m [2mhyper::proto::h1::io[0m[2m:[0m flushed 172 bytes
[2m2025-12-10T10:19:30.981561Z[0m [34mDEBUG[0m [2mhyper::proto::h1::io[0m[2m:[0m parsed 4 headers
[2m2025-12-10T10:19:30.981600Z[0m [34mDEBUG[0m [2mhyper::proto::h1::conn[0m[2m:[0m incoming body is content-length (45 bytes)
[2m2025-12-10T10:19:30.981947Z[0m [34mDEBUG[0m [2mhyper::proto::h1::conn[0m[2m:[0m incoming body completed
[2m2025-12-10T10:19:30.981962Z[0m [34mDEBUG[0m [2mhyper::client::pool[0m[2m:[0m pooling idle connection for ("http", 192.168.0.14:8545)
[2m2025-12-10T10:19:30.982019Z[0m [34mDEBUG[0m [2mhyper::client::pool[0m[2m:[0m reuse idle connection for ("http", 192.168.0.14:8545)
[2m2025-12-10T10:19:30.982487Z[0m [34mDEBUG[0m [2mhyper::proto::h1::io[0m[2m:[0m flushed 172 bytes
[2m2025-12-10T10:19:30.984924Z[0m [34mDEBUG[0m [2mhyper::proto::h1::io[0m[2m:[0m parsed 4 headers
[2m2025-12-10T10:19:30.984954Z[0m [34mDEBUG[0m [2mhyper::proto::h1::conn[0m[2m:[0m incoming body is content-length (45 bytes)
[2m2025-12-10T10:19:30.985436Z[0m [34mDEBUG[0m [2mhyper::proto::h1::conn[0m[2m:[0m incoming body completed
[2m2025-12-10T10:19:30.985470Z[0m [34mDEBUG[0m [2mhyper::client::pool[0m[2m:[0m pooling idle connection for ("http", 192.168.0.14:8545)
[2m2025-12-10T10:19:30.985520Z[0m [34mDEBUG[0m [2mhyper::client::pool[0m[2m:[0m reuse idle connection for ("http", 192.168.0.14:8545)
[2m2025-12-10T10:19:30.985604Z[0m [34mDEBUG[0m [2mhyper::proto::h1::io[0m[2m:[0m flushed 172 bytes
[2m2025-12-10T10:19:30.988762Z[0m [34mDEBUG[0m [2mhyper::proto::h1::io[0m[2m:[0m parsed 4 headers
[2m2025-12-10T10:19:30.988813Z[0m [34mDEBUG[0m [2mhyper::proto::h1::conn[0m[2m:[0m incoming body is content-length (45 bytes)
[2m2025-12-10T10:19:30.988827Z[0m [34mDEBUG[0m [2mhyper::proto::h1::conn[0m[2m:[0m incoming body completed
[2m2025-12-10T10:19:30.988838Z[0m [34mDEBUG[0m [2mhyper::client::pool[0m[2m:[0m pooling idle connection for ("http", 192.168.0.14:8545)
[2m2025-12-10T10:19:30.988870Z[0m [34mDEBUG[0m [2mhyper::client::pool[0m[2m:[0m reuse idle connection for ("http", 192.168.0.14:8545)
[2m2025-12-10T10:19:30.988901Z[0m [34mDEBUG[0m [2mhyper::proto::h1::io[0m[2m:[0m flushed 172 bytes
[2m2025-12-10T10:19:30.993559Z[0m [34mDEBUG[0m [2mhyper::proto::h1::io[0m[2m:[0m parsed 4 headers
[2m2025-12-10T10:19:30.993591Z[0m [34mDEBUG[0m [2mhyper::proto::h1::conn[0m[2m:[0m incoming body is content-length (45 bytes)
[2m2025-12-10T10:19:30.993702Z[0m [34mDEBUG[0m [2mhyper::proto::h1::conn[0m[2m:[0m incoming body completed
[2m2025-12-10T10:19:30.993848Z[0m [34mDEBUG[0m [2mhyper::client::pool[0m[2m:[0m pooling idle connection for ("http", 192.168.0.14:8545)
[2m2025-12-10T10:19:30.993992Z[0m [34mDEBUG[0m [2mhyper::client::pool[0m[2m:[0m reuse idle connection for ("http", 192.168.0.14:8545)
[2m2025-12-10T10:19:30.994363Z[0m [34mDEBUG[0m [2mhyper::proto::h1::io[0m[2m:[0m flushed 172 bytes
[2m2025-12-10T10:19:30.998436Z[0m [34mDEBUG[0m [2mhyper::proto::h1::io[0m[2m:[0m parsed 4 headers
[2m2025-12-10T10:19:30.998456Z[0m [34mDEBUG[0m [2mhyper::proto::h1::conn[0m[2m:[0m incoming body is content-length (45 bytes)
[2m2025-12-10T10:19:30.998466Z[0m [34mDEBUG[0m [2mhyper::proto::h1::conn[0m[2m:[0m incoming body completed
[2m2025-12-10T10:19:30.998476Z[0m [34mDEBUG[0m [2mhyper::client::pool[0m[2m:[0m pooling idle connection for ("http", 192.168.0.14:8545)
[2m2025-12-10T10:19:30.998501Z[0m [34mDEBUG[0m [2mhyper::client::pool[0m[2m:[0m reuse idle connection for ("http", 192.168.0.14:8545)
[2m2025-12-10T10:19:30.998576Z[0m [34mDEBUG[0m [2mhyper::proto::h1::io[0m[2m:[0m flushed 172 bytes
[2m2025-12-10T10:19:31.002297Z[0m [34mDEBUG[0m [2mhyper::proto::h1::io[0m[2m:[0m parsed 4 headers
[2m2025-12-10T10:19:31.002351Z[0m [34mDEBUG[0m [2mhyper::proto::h1::conn[0m[2m:[0m incoming body is content-length (45 bytes)
[2m2025-12-10T10:19:31.002378Z[0m [34mDEBUG[0m [2mhyper::proto::h1::conn[0m[2m:[0m incoming body completed
[2m2025-12-10T10:19:31.002431Z[0m [34mDEBUG[0m [2mhyper::client::pool[0m[2m:[0m pooling idle connection for ("http", 192.168.0.14:8545)
[2m2025-12-10T10:19:31.002521Z[0m [34mDEBUG[0m [2mhyper::client::pool[0m[2m:[0m reuse idle connection for ("http", 192.168.0.14:8545)
[2m2025-12-10T10:19:31.002917Z[0m [34mDEBUG[0m [2mhyper::proto::h1::io[0m[2m:[0m flushed 172 bytes
[2m2025-12-10T10:19:31.007938Z[0m [34mDEBUG[0m [2mhyper::proto::h1::io[0m[2m:[0m parsed 4 headers
[2m2025-12-10T10:19:31.007964Z[0m [34mDEBUG[0m [2mhyper::proto::h1::conn[0m[2m:[0m incoming body is content-length (45 bytes)
[2m2025-12-10T10:19:31.007977Z[0m [34mDEBUG[0m [2mhyper::proto::h1::conn[0m[2m:[0m incoming body completed
[2m2025-12-10T10:19:31.007989Z[0m [34mDEBUG[0m [2mhyper::client::pool[0m[2m:[0m pooling idle connection for ("http", 192.168.0.14:8545)
[2m2025-12-10T10:19:31.008047Z[0m [34mDEBUG[0m [2mhyper::client::pool[0m[2m:[0m reuse idle connection for ("http", 192.168.0.14:8545)
[2m2025-12-10T10:19:31.008082Z[0m [34mDEBUG[0m [2mhyper::proto::h1::io[0m[2m:[0m flushed 172 bytes
[2m2025-12-10T10:19:31.011466Z[0m [34mDEBUG[0m [2mhyper::proto::h1::io[0m[2m:[0m parsed 4 headers
[2m2025-12-10T10:19:31.011609Z[0m [34mDEBUG[0m [2mhyper::proto::h1::conn[0m[2m:[0m incoming body is content-length (45 bytes)
[2m2025-12-10T10:19:31.011664Z[0m [34mDEBUG[0m [2mhyper::proto::h1::conn[0m[2m:[0m incoming body completed
[2m2025-12-10T10:19:31.011701Z[0m [34mDEBUG[0m [2mhyper::client::pool[0m[2m:[0m pooling idle connection for ("http", 192.168.0.14:8545)
[2m2025-12-10T10:19:31.011740Z[0m [34mDEBUG[0m [2mhyper::client::pool[0m[2m:[0m reuse idle connection for ("http", 192.168.0.14:8545)
[2m2025-12-10T10:19:31.011770Z[0m [34mDEBUG[0m [2mhyper::proto::h1::io[0m[2m:[0m flushed 172 bytes
[2m2025-12-10T10:19:31.017310Z[0m [34mDEBUG[0m [2mhyper::proto::h1::io[0m[2m:[0m parsed 4 headers
[2m2025-12-10T10:19:31.017329Z[0m [34mDEBUG[0m [2mhyper::proto::h1::conn[0m[2m:[0m incoming body is content-length (45 bytes)
[2m2025-12-10T10:19:31.017339Z[0m [34mDEBUG[0m [2mhyper::proto::h1::conn[0m[2m:[0m incoming body completed
[2m2025-12-10T10:19:31.017351Z[0m [34mDEBUG[0m [2mhyper::client::pool[0m[2m:[0m pooling idle connection for ("http", 192.168.0.14:8545)
[2m2025-12-10T10:19:31.017379Z[0m [34mDEBUG[0m [2mhyper::client::pool[0m[2m:[0m reuse idle connection for ("http", 192.168.0.14:8545)
[2m2025-12-10T10:19:31.017479Z[0m [34mDEBUG[0m [2mhyper::proto::h1::io[0m[2m:[0m flushed 172 bytes
[2m2025-12-10T10:19:31.022556Z[0m [34mDEBUG[0m [2mhyper::proto::h1::io[0m[2m:[0m parsed 4 headers
[2m2025-12-10T10:19:31.022585Z[0m [34mDEBUG[0m [2mhyper::proto::h1::conn[0m[2m:[0m incoming body is content-length (45 bytes)
[2m2025-12-10T10:19:31.022608Z[0m [34mDEBUG[0m [2mhyper::proto::h1::conn[0m[2m:[0m incoming body completed
[2m2025-12-10T10:19:31.022629Z[0m [34mDEBUG[0m [2mhyper::client::pool[0m[2m:[0m pooling idle connection for ("http", 192.168.0.14:8545)
[2m2025-12-10T10:19:31.022802Z[0m [34mDEBUG[0m [2mhyper::client::pool[0m[2m:[0m reuse idle connection for ("http", 192.168.0.14:8545)
[2m2025-12-10T10:19:31.023950Z[0m [34mDEBUG[0m [2mhyper::proto::h1::io[0m[2m:[0m flushed 172 bytes
[2m2025-12-10T10:19:31.033051Z[0m [34mDEBUG[0m [2mhyper::proto::h1::io[0m[2m:[0m parsed 4 headers
[2m2025-12-10T10:19:31.033095Z[0m [34mDEBUG[0m [2mhyper::proto::h1::conn[0m[2m:[0m incoming body is content-length (45 bytes)
[2m2025-12-10T10:19:31.033128Z[0m [34mDEBUG[0m [2mhyper::proto::h1::conn[0m[2m:[0m incoming body completed
[2m2025-12-10T10:19:31.033201Z[0m [34mDEBUG[0m [2mhyper::client::pool[0m[2m:[0m pooling idle connection for ("http", 192.168.0.14:8545)
[2m2025-12-10T10:19:31.033469Z[0m [34mDEBUG[0m [2mhyper::client::pool[0m[2m:[0m reuse idle connection for ("http", 192.168.0.14:8545)
[2m2025-12-10T10:19:31.033502Z[0m [34mDEBUG[0m [2mhyper::proto::h1::io[0m[2m:[0m flushed 172 bytes
[2m2025-12-10T10:19:31.037579Z[0m [34mDEBUG[0m [2mhyper::proto::h1::io[0m[2m:[0m parsed 4 headers
[2m2025-12-10T10:19:31.037731Z[0m [34mDEBUG[0m [2mhyper::proto::h1::conn[0m[2m:[0m incoming body is content-length (45 bytes)
[2m2025-12-10T10:19:31.038227Z[0m [34mDEBUG[0m [2mhyper::proto::h1::conn[0m[2m:[0m incoming body completed
[2m2025-12-10T10:19:31.038244Z[0m [34mDEBUG[0m [2mhyper::client::pool[0m[2m:[0m pooling idle connection for ("http", 192.168.0.14:8545)
[2m2025-12-10T10:19:31.038497Z[0m [34mDEBUG[0m [2mhyper::client::pool[0m[2m:[0m reuse idle connection for ("http", 192.168.0.14:8545)
[2m2025-12-10T10:19:31.038546Z[0m [34mDEBUG[0m [2mhyper::proto::h1::io[0m[2m:[0m flushed 172 bytes
[2m2025-12-10T10:19:31.044104Z[0m [34mDEBUG[0m [2mhyper::proto::h1::io[0m[2m:[0m parsed 4 headers
[2m2025-12-10T10:19:31.044292Z[0m [34mDEBUG[0m [2mhyper::proto::h1::conn[0m[2m:[0m incoming body is content-length (45 bytes)
[2m2025-12-10T10:19:31.044307Z[0m [34mDEBUG[0m [2mhyper::proto::h1::conn[0m[2m:[0m incoming body completed
[2m2025-12-10T10:19:31.044321Z[0m [34mDEBUG[0m [2mhyper::client::pool[0m[2m:[0m pooling idle connection for ("http", 192.168.0.14:8545)
[2m2025-12-10T10:19:31.092088Z[0m [34mDEBUG[0m [2mhyper::client::pool[0m[2m:[0m reuse idle connection for ("http", 192.168.0.14:8545)
[2m2025-12-10T10:19:31.092174Z[0m [34mDEBUG[0m [2mhyper::proto::h1::io[0m[2m:[0m flushed 172 bytes
[2m2025-12-10T10:19:31.137615Z[0m [34mDEBUG[0m [2mhyper::proto::h1::io[0m[2m:[0m parsed 4 headers
[2m2025-12-10T10:19:31.137650Z[0m [34mDEBUG[0m [2mhyper::proto::h1::conn[0m[2m:[0m incoming body is content-length (45 bytes)
[2m2025-12-10T10:19:31.137675Z[0m [34mDEBUG[0m [2mhyper::proto::h1::conn[0m[2m:[0m incoming body completed
[2m2025-12-10T10:19:31.137712Z[0m [34mDEBUG[0m [2mhyper::client::pool[0m[2m:[0m pooling idle connection for ("http", 192.168.0.14:8545)
[2m2025-12-10T10:19:31.137756Z[0m [34mDEBUG[0m [2mhyper::client::pool[0m[2m:[0m reuse idle connection for ("http", 192.168.0.14:8545)
[2m2025-12-10T10:19:31.137815Z[0m [34mDEBUG[0m [2mhyper::proto::h1::io[0m[2m:[0m flushed 172 bytes
[2m2025-12-10T10:19:31.141911Z[0m [34mDEBUG[0m [2mhyper::proto::h1::io[0m[2m:[0m parsed 4 headers
[2m2025-12-10T10:19:31.141939Z[0m [34mDEBUG[0m [2mhyper::proto::h1::conn[0m[2m:[0m incoming body is content-length (45 bytes)
[2m2025-12-10T10:19:31.141951Z[0m [34mDEBUG[0m [2mhyper::proto::h1::conn[0m[2m:[0m incoming body completed
[2m2025-12-10T10:19:31.142123Z[0m [34mDEBUG[0m [2mhyper::client::pool[0m[2m:[0m pooling idle connection for ("http", 192.168.0.14:8545)
[2m2025-12-10T10:19:31.142158Z[0m [34mDEBUG[0m [2mhyper::client::pool[0m[2m:[0m reuse idle connection for ("http", 192.168.0.14:8545)
[2m2025-12-10T10:19:31.142213Z[0m [34mDEBUG[0m [2mhyper::proto::h1::io[0m[2m:[0m flushed 172 bytes
[2m2025-12-10T10:19:31.147053Z[0m [34mDEBUG[0m [2mhyper::proto::h1::io[0m[2m:[0m parsed 4 headers
[2m2025-12-10T10:19:31.147072Z[0m [34mDEBUG[0m [2mhyper::proto::h1::conn[0m[2m:[0m incoming body is content-length (45 bytes)
[2m2025-12-10T10:19:31.148153Z[0m [34mDEBUG[0m [2mhyper::proto::h1::conn[0m[2m:[0m incoming body completed
[2m2025-12-10T10:19:31.148226Z[0m [34mDEBUG[0m [2mhyper::client::pool[0m[2m:[0m pooling idle connection for ("http", 192.168.0.14:8545)
[2m2025-12-10T10:19:31.148259Z[0m [34mDEBUG[0m [2mhyper::client::pool[0m[2m:[0m reuse idle connection for ("http", 192.168.0.14:8545)
[2m2025-12-10T10:19:31.148314Z[0m [34mDEBUG[0m [2mhyper::proto::h1::io[0m[2m:[0m flushed 172 bytes
[2m2025-12-10T10:19:31.153245Z[0m [34mDEBUG[0m [2mhyper::proto::h1::io[0m[2m:[0m parsed 4 headers
[2m2025-12-10T10:19:31.153272Z[0m [34mDEBUG[0m [2mhyper::proto::h1::conn[0m[2m:[0m incoming body is content-length (45 bytes)
[2m2025-12-10T10:19:31.153282Z[0m [34mDEBUG[0m [2mhyper::proto::h1::conn[0m[2m:[0m incoming body completed
[2m2025-12-10T10:19:31.153296Z[0m [34mDEBUG[0m [2mhyper::client::pool[0m[2m:[0m pooling idle connection for ("http", 192.168.0.14:8545)
[2m2025-12-10T10:19:31.153327Z[0m [34mDEBUG[0m [2mhyper::client::pool[0m[2m:[0m reuse idle connection for ("http", 192.168.0.14:8545)
[2m2025-12-10T10:19:31.153367Z[0m [34mDEBUG[0m [2mhyper::proto::h1::io[0m[2m:[0m flushed 172 bytes
[2m2025-12-10T10:19:31.158493Z[0m [34mDEBUG[0m [2mhyper::proto::h1::io[0m[2m:[0m parsed 4 headers
[2m2025-12-10T10:19:31.158517Z[0m [34mDEBUG[0m [2mhyper::proto::h1::conn[0m[2m:[0m incoming body is content-length (45 bytes)
[2m2025-12-10T10:19:31.158532Z[0m [34mDEBUG[0m [2mhyper::proto::h1::conn[0m[2m:[0m incoming body completed
[2m2025-12-10T10:19:31.158549Z[0m [34mDEBUG[0m [2mhyper::client::pool[0m[2m:[0m pooling idle connection for ("http", 192.168.0.14:8545)
[2m2025-12-10T10:19:31.158653Z[0m [34mDEBUG[0m [2mhyper::client::pool[0m[2m:[0m reuse idle connection for ("http", 192.168.0.14:8545)
[2m2025-12-10T10:19:31.158706Z[0m [34mDEBUG[0m [2mhyper::proto::h1::io[0m[2m:[0m flushed 172 bytes
[2m2025-12-10T10:19:31.163079Z[0m [34mDEBUG[0m [2mhyper::proto::h1::io[0m[2m:[0m parsed 4 headers
[2m2025-12-10T10:19:31.163097Z[0m [34mDEBUG[0m [2mhyper::proto::h1::conn[0m[2m:[0m incoming body is content-length (45 bytes)
[2m2025-12-10T10:19:31.163108Z[0m [34mDEBUG[0m [2mhyper::proto::h1::conn[0m[2m:[0m incoming body completed
[2m2025-12-10T10:19:31.163120Z[0m [34mDEBUG[0m [2mhyper::client::pool[0m[2m:[0m pooling idle connection for ("http", 192.168.0.14:8545)
[2m2025-12-10T10:19:31.163181Z[0m [34mDEBUG[0m [2mhyper::client::pool[0m[2m:[0m reuse idle connection for ("http", 192.168.0.14:8545)
[2m2025-12-10T10:19:31.163209Z[0m [34mDEBUG[0m [2mhyper::proto::h1::io[0m[2m:[0m flushed 172 bytes
[2m2025-12-10T10:19:31.169583Z[0m [34mDEBUG[0m [2mhyper::proto::h1::io[0m[2m:[0m parsed 4 headers
[2m2025-12-10T10:19:31.169608Z[0m [34mDEBUG[0m [2mhyper::proto::h1::conn[0m[2m:[0m incoming body is content-length (45 bytes)
[2m2025-12-10T10:19:31.169621Z[0m [34mDEBUG[0m [2mhyper::proto::h1::conn[0m[2m:[0m incoming body completed
[2m2025-12-10T10:19:31.169636Z[0m [34mDEBUG[0m [2mhyper::client::pool[0m[2m:[0m pooling idle connection for ("http", 192.168.0.14:8545)
[2m2025-12-10T10:19:31.169723Z[0m [34mDEBUG[0m [2mhyper::client::pool[0m[2m:[0m reuse idle connection for ("http", 192.168.0.14:8545)
[2m2025-12-10T10:19:31.169766Z[0m [34mDEBUG[0m [2mhyper::proto::h1::io[0m[2m:[0m flushed 172 bytes
[2m2025-12-10T10:19:31.174254Z[0m [34mDEBUG[0m [2mhyper::proto::h1::io[0m[2m:[0m parsed 4 headers
[2m2025-12-10T10:19:31.174273Z[0m [34mDEBUG[0m [2mhyper::proto::h1::conn[0m[2m:[0m incoming body is content-length (45 bytes)
[2m2025-12-10T10:19:31.174282Z[0m [34mDEBUG[0m [2mhyper::proto::h1::conn[0m[2m:[0m incoming body completed
[2m2025-12-10T10:19:31.174294Z[0m [34mDEBUG[0m [2mhyper::client::pool[0m[2m:[0m pooling idle connection for ("http", 192.168.0.14:8545)
[2m2025-12-10T10:19:31.174350Z[0m [34mDEBUG[0m [2mhyper::client::pool[0m[2m:[0m reuse idle connection for ("http", 192.168.0.14:8545)
[2m2025-12-10T10:19:31.174400Z[0m [34mDEBUG[0m [2mhyper::proto::h1::io[0m[2m:[0m flushed 172 bytes
[2m2025-12-10T10:19:31.181720Z[0m [34mDEBUG[0m [2mhyper::proto::h1::io[0m[2m:[0m parsed 4 headers
[2m2025-12-10T10:19:31.181744Z[0m [34mDEBUG[0m [2mhyper::proto::h1::conn[0m[2m:[0m incoming body is content-length (45 bytes)
[2m2025-12-10T10:19:31.181754Z[0m [34mDEBUG[0m [2mhyper::proto::h1::conn[0m[2m:[0m incoming body completed
[2m2025-12-10T10:19:31.181766Z[0m [34mDEBUG[0m [2mhyper::client::pool[0m[2m:[0m pooling idle connection for ("http", 192.168.0.14:8545)
[2m2025-12-10T10:19:31.181795Z[0m [34mDEBUG[0m [2mhyper::client::pool[0m[2m:[0m reuse idle connection for ("http", 192.168.0.14:8545)
[2m2025-12-10T10:19:31.181846Z[0m [34mDEBUG[0m [2mhyper::proto::h1::io[0m[2m:[0m flushed 172 bytes
[2m2025-12-10T10:19:31.186912Z[0m [34mDEBUG[0m [2mhyper::proto::h1::io[0m[2m:[0m parsed 4 headers
[2m2025-12-10T10:19:31.186936Z[0m [34mDEBUG[0m [2mhyper::proto::h1::conn[0m[2m:[0m incoming body is content-length (45 bytes)
[2m2025-12-10T10:19:31.186956Z[0m [34mDEBUG[0m [2mhyper::proto::h1::conn[0m[2m:[0m incoming body completed
[2m2025-12-10T10:19:31.186975Z[0m [34mDEBUG[0m [2mhyper::client::pool[0m[2m:[0m pooling idle connection for ("http", 192.168.0.14:8545)
[2m2025-12-10T10:19:31.187021Z[0m [34mDEBUG[0m [2mhyper::client::pool[0m[2m:[0m reuse idle connection for ("http", 192.168.0.14:8545)
[2m2025-12-10T10:19:31.187067Z[0m [34mDEBUG[0m [2mhyper::proto::h1::io[0m[2m:[0m flushed 172 bytes
[2m2025-12-10T10:19:31.193296Z[0m [34mDEBUG[0m [2mhyper::proto::h1::io[0m[2m:[0m parsed 4 headers
[2m2025-12-10T10:19:31.193319Z[0m [34mDEBUG[0m [2mhyper::proto::h1::conn[0m[2m:[0m incoming body is content-length (45 bytes)
[2m2025-12-10T10:19:31.193332Z[0m [34mDEBUG[0m [2mhyper::proto::h1::conn[0m[2m:[0m incoming body completed
[2m2025-12-10T10:19:31.193363Z[0m [34mDEBUG[0m [2mhyper::client::pool[0m[2m:[0m pooling idle connection for ("http", 192.168.0.14:8545)
[2m2025-12-10T10:19:31.193438Z[0m [34mDEBUG[0m [2mhyper::client::pool[0m[2m:[0m reuse idle connection for ("http", 192.168.0.14:8545)
[2m2025-12-10T10:19:31.193468Z[0m [34mDEBUG[0m [2mhyper::proto::h1::io[0m[2m:[0m flushed 172 bytes
[2m2025-12-10T10:19:31.199786Z[0m [34mDEBUG[0m [2mhyper::proto::h1::io[0m[2m:[0m parsed 4 headers
[2m2025-12-10T10:19:31.199806Z[0m [34mDEBUG[0m [2mhyper::proto::h1::conn[0m[2m:[0m incoming body is content-length (45 bytes)
[2m2025-12-10T10:19:31.199815Z[0m [34mDEBUG[0m [2mhyper::proto::h1::conn[0m[2m:[0m incoming body completed
[2m2025-12-10T10:19:31.199828Z[0m [34mDEBUG[0m [2mhyper::client::pool[0m[2m:[0m pooling idle connection for ("http", 192.168.0.14:8545)
[2m2025-12-10T10:19:31.199916Z[0m [34mDEBUG[0m [2mhyper::client::pool[0m[2m:[0m reuse idle connection for ("http", 192.168.0.14:8545)
[2m2025-12-10T10:19:31.199952Z[0m [34mDEBUG[0m [2mhyper::proto::h1::io[0m[2m:[0m flushed 172 bytes
[2m2025-12-10T10:19:31.203932Z[0m [34mDEBUG[0m [2mhyper::proto::h1::io[0m[2m:[0m parsed 4 headers
[2m2025-12-10T10:19:31.203948Z[0m [34mDEBUG[0m [2mhyper::proto::h1::conn[0m[2m:[0m incoming body is content-length (45 bytes)
[2m2025-12-10T10:19:31.203957Z[0m [34mDEBUG[0m [2mhyper::proto::h1::conn[0m[2m:[0m incoming body completed
[2m2025-12-10T10:19:31.203968Z[0m [34mDEBUG[0m [2mhyper::client::pool[0m[2m:[0m pooling idle connection for ("http", 192.168.0.14:8545)
[2m2025-12-10T10:19:31.203995Z[0m [34mDEBUG[0m [2mhyper::client::pool[0m[2m:[0m reuse idle connection for ("http", 192.168.0.14:8545)
[2m2025-12-10T10:19:31.204013Z[0m [34mDEBUG[0m [2mhyper::proto::h1::io[0m[2m:[0m flushed 172 bytes
[2m2025-12-10T10:19:31.204023Z[0m [34mDEBUG[0m [2methereum_transaction_pool_monitor::eth_client[0m[2m:[0m 📨 Received WebSocket message: {"jsonrpc":"2.0","method":"eth_subscription","params":{"subscription":"0xbed0a0851463e895960a451075a301a9","result":"0xf432adcff1abf78aca60717fdb9af12b312aa64c1edf3cd224d92b371435cc9e"}}
[2m2025-12-10T10:19:31.204033Z[0m [34mDEBUG[0m [2methereum_transaction_pool_monitor::eth_client[0m[2m:[0m 📨 Received pending transaction: 0xf432adcff1abf78aca60717fdb9af12b312aa64c1edf3cd224d92b371435cc9e
[2m2025-12-10T10:19:31.204043Z[0m [34mDEBUG[0m [2methereum_transaction_pool_monitor::eth_client[0m[2m:[0m 📨 Received WebSocket message: {"jsonrpc":"2.0","method":"eth_subscription","params":{"subscription":"0xbed0a0851463e895960a451075a301a9","result":"0x6c18143b3647143ef5db2c63592361617a560a77473e41219102286b1930eac4"}}
[2m2025-12-10T10:19:31.204049Z[0m [34mDEBUG[0m [2methereum_transaction_pool_monitor::eth_client[0m[2m:[0m 📨 Received pending transaction: 0x6c18143b3647143ef5db2c63592361617a560a77473e41219102286b1930eac4
[2m2025-12-10T10:19:31.204054Z[0m [34mDEBUG[0m [2methereum_transaction_pool_monitor::eth_client[0m[2m:[0m 📨 Received WebSocket message: {"jsonrpc":"2.0","method":"eth_subscription","params":{"subscription":"0xbed0a0851463e895960a451075a301a9","result":"0xf73d039dcb2024d611480f86ab4913db232088dac74aec42771f2ff62ec0f333"}}
[2m2025-12-10T10:19:31.204074Z[0m [34mDEBUG[0m [2methereum_transaction_pool_monitor::eth_client[0m[2m:[0m 📨 Received pending transaction: 0xf73d039dcb2024d611480f86ab4913db232088dac74aec42771f2ff62ec0f333
[2m2025-12-10T10:19:31.208574Z[0m [34mDEBUG[0m [2mhyper::proto::h1::io[0m[2m:[0m parsed 4 headers
[2m2025-12-10T10:19:31.208600Z[0m [34mDEBUG[0m [2mhyper::proto::h1::conn[0m[2m:[0m incoming body is content-length (45 bytes)
[2m2025-12-10T10:19:31.208625Z[0m [34mDEBUG[0m [2mhyper::proto::h1::conn[0m[2m:[0m incoming body completed
[2m2025-12-10T10:19:31.208638Z[0m [34mDEBUG[0m [2mhyper::client::pool[0m[2m:[0m pooling idle connection for ("http", 192.168.0.14:8545)
[2m2025-12-10T10:19:31.208668Z[0m [34mDEBUG[0m [2mhyper::client::pool[0m[2m:[0m reuse idle connection for ("http", 192.168.0.14:8545)
[2m2025-12-10T10:19:31.208705Z[0m [34mDEBUG[0m [2mhyper::proto::h1::io[0m[2m:[0m flushed 172 bytes
[2m2025-12-10T10:19:31.214790Z[0m [34mDEBUG[0m [2mhyper::proto::h1::io[0m[2m:[0m parsed 4 headers
[2m2025-12-10T10:19:31.218470Z[0m [34mDEBUG[0m [2mhyper::proto::h1::conn[0m[2m:[0m incoming body is content-length (45 bytes)
[2m2025-12-10T10:19:31.218524Z[0m [34mDEBUG[0m [2mhyper::proto::h1::conn[0m[2m:[0m incoming body completed
[2m2025-12-10T10:19:31.218571Z[0m [34mDEBUG[0m [2mhyper::client::pool[0m[2m:[0m pooling idle connection for ("http", 192.168.0.14:8545)
[2m2025-12-10T10:19:31.218605Z[0m [34mDEBUG[0m [2mhyper::client::pool[0m[2m:[0m reuse idle connection for ("http", 192.168.0.14:8545)
[2m2025-12-10T10:19:31.218640Z[0m [34mDEBUG[0m [2mhyper::proto::h1::io[0m[2m:[0m flushed 172 bytes
[2m2025-12-10T10:19:31.223501Z[0m [34mDEBUG[0m [2mhyper::proto::h1::io[0m[2m:[0m parsed 4 headers
[2m2025-12-10T10:19:31.223558Z[0m [34mDEBUG[0m [2mhyper::proto::h1::conn[0m[2m:[0m incoming body is content-length (45 bytes)
[2m2025-12-10T10:19:31.223575Z[0m [34mDEBUG[0m [2mhyper::proto::h1::conn[0m[2m:[0m incoming body completed
[2m2025-12-10T10:19:31.223595Z[0m [34mDEBUG[0m [2mhyper::client::pool[0m[2m:[0m pooling idle connection for ("http", 192.168.0.14:8545)
[2m2025-12-10T10:19:31.223700Z[0m [34mDEBUG[0m [2mhyper::client::pool[0m[2m:[0m reuse idle connection for ("http", 192.168.0.14:8545)
[2m2025-12-10T10:19:31.223770Z[0m [34mDEBUG[0m [2mhyper::proto::h1::io[0m[2m:[0m flushed 172 bytes
[2m2025-12-10T10:19:31.230814Z[0m [34mDEBUG[0m [2mhyper::proto::h1::io[0m[2m:[0m parsed 4 headers
[2m2025-12-10T10:19:31.230844Z[0m [34mDEBUG[0m [2mhyper::proto::h1::conn[0m[2m:[0m incoming body is content-length (45 bytes)
[2m2025-12-10T10:19:31.230856Z[0m [34mDEBUG[0m [2mhyper::proto::h1::conn[0m[2m:[0m incoming body completed
[2m2025-12-10T10:19:31.230868Z[0m [34mDEBUG[0m [2mhyper::client::pool[0m[2m:[0m pooling idle connection for ("http", 192.168.0.14:8545)
[2m2025-12-10T10:19:31.231009Z[0m [34mDEBUG[0m [2mhyper::client::pool[0m[2m:[0m reuse idle connection for ("http", 192.168.0.14:8545)
[2m2025-12-10T10:19:31.231079Z[0m [34mDEBUG[0m [2mhyper::proto::h1::io[0m[2m:[0m flushed 172 bytes
[2m2025-12-10T10:19:31.236315Z[0m [34mDEBUG[0m [2mhyper::proto::h1::io[0m[2m:[0m parsed 4 headers
[2m2025-12-10T10:19:31.236342Z[0m [34mDEBUG[0m [2mhyper::proto::h1::conn[0m[2m:[0m incoming body is content-length (45 bytes)
[2m2025-12-10T10:19:31.236360Z[0m [34mDEBUG[0m [2mhyper::proto::h1::conn[0m[2m:[0m incoming body completed
[2m2025-12-10T10:19:31.236384Z[0m [34mDEBUG[0m [2mhyper::client::pool[0m[2m:[0m pooling idle connection for ("http", 192.168.0.14:8545)
[2m2025-12-10T10:19:31.236487Z[0m [34mDEBUG[0m [2mhyper::client::pool[0m[2m:[0m reuse idle connection for ("http", 192.168.0.14:8545)
[2m2025-12-10T10:19:31.236857Z[0m [34mDEBUG[0m [2mhyper::proto::h1::io[0m[2m:[0m flushed 172 bytes
[2m2025-12-10T10:19:31.240501Z[0m [34mDEBUG[0m [2mhyper::proto::h1::io[0m[2m:[0m parsed 4 headers
[2m2025-12-10T10:19:31.240681Z[0m [34mDEBUG[0m [2mhyper::proto::h1::conn[0m[2m:[0m incoming body is content-length (45 bytes)
[2m2025-12-10T10:19:31.240704Z[0m [34mDEBUG[0m [2mhyper::proto::h1::conn[0m[2m:[0m incoming body completed
[2m2025-12-10T10:19:31.240721Z[0m [34mDEBUG[0m [2mhyper::client::pool[0m[2m:[0m pooling idle connection for ("http", 192.168.0.14:8545)
[2m2025-12-10T10:19:31.240852Z[0m [34mDEBUG[0m [2mhyper::client::pool[0m[2m:[0m reuse idle connection for ("http", 192.168.0.14:8545)
[2m2025-12-10T10:19:31.240885Z[0m [34mDEBUG[0m [2mhyper::proto::h1::io[0m[2m:[0m flushed 172 bytes
[2m2025-12-10T10:19:31.247554Z[0m [34mDEBUG[0m [2mhyper::proto::h1::io[0m[2m:[0m parsed 4 headers
[2m2025-12-10T10:19:31.247628Z[0m [34mDEBUG[0m [2mhyper::proto::h1::conn[0m[2m:[0m incoming body is content-length (45 bytes)
[2m2025-12-10T10:19:31.247648Z[0m [34mDEBUG[0m [2mhyper::proto::h1::conn[0m[2m:[0m incoming body completed
[2m2025-12-10T10:19:31.247661Z[0m [34mDEBUG[0m [2mhyper::client::pool[0m[2m:[0m pooling idle connection for ("http", 192.168.0.14:8545)
[2m2025-12-10T10:19:31.247696Z[0m [34mDEBUG[0m [2mhyper::client::pool[0m[2m:[0m reuse idle connection for ("http", 192.168.0.14:8545)
[2m2025-12-10T10:19:31.247749Z[0m [34mDEBUG[0m [2mhyper::proto::h1::io[0m[2m:[0m flushed 172 bytes
[2m2025-12-10T10:19:31.252779Z[0m [34mDEBUG[0m [2mhyper::proto::h1::io[0m[2m:[0m parsed 4 headers
[2m2025-12-10T10:19:31.252796Z[0m [34mDEBUG[0m [2mhyper::proto::h1::conn[0m[2m:[0m incoming body is content-length (45 bytes)
[2m2025-12-10T10:19:31.252806Z[0m [34mDEBUG[0m [2mhyper::proto::h1::conn[0m[2m:[0m incoming body completed
[2m2025-12-10T10:19:31.252819Z[0m [34mDEBUG[0m [2mhyper::client::pool[0m[2m:[0m pooling idle connection for ("http", 192.168.0.14:8545)
[2m2025-12-10T10:19:31.252855Z[0m [34mDEBUG[0m [2mhyper::client::pool[0m[2m:[0m reuse idle connection for ("http", 192.168.0.14:8545)
[2m2025-12-10T10:19:31.252895Z[0m [34mDEBUG[0m [2mhyper::proto::h1::io[0m[2m:[0m flushed 172 bytes
[2m2025-12-10T10:19:31.257392Z[0m [34mDEBUG[0m [2mhyper::proto::h1::io[0m[2m:[0m parsed 4 headers
[2m2025-12-10T10:19:31.257427Z[0m [34mDEBUG[0m [2mhyper::proto::h1::conn[0m[2m:[0m incoming body is content-length (45 bytes)
[2m2025-12-10T10:19:31.257542Z[0m [34mDEBUG[0m [2mhyper::proto::h1::conn[0m[2m:[0m incoming body completed
[2m2025-12-10T10:19:31.257557Z[0m [34mDEBUG[0m [2mhyper::client::pool[0m[2m:[0m pooling idle connection for ("http", 192.168.0.14:8545)
[2m2025-12-10T10:19:31.257625Z[0m [34mDEBUG[0m [2mhyper::client::pool[0m[2m:[0m reuse idle connection for ("http", 192.168.0.14:8545)
[2m2025-12-10T10:19:31.257658Z[0m [34mDEBUG[0m [2mhyper::proto::h1::io[0m[2m:[0m flushed 172 bytes
[2m2025-12-10T10:19:31.263038Z[0m [34mDEBUG[0m [2mhyper::proto::h1::io[0m[2m:[0m parsed 4 headers
[2m2025-12-10T10:19:31.263087Z[0m [34mDEBUG[0m [2mhyper::proto::h1::conn[0m[2m:[0m incoming body is content-length (45 bytes)
[2m2025-12-10T10:19:31.263110Z[0m [34mDEBUG[0m [2mhyper::proto::h1::conn[0m[2m:[0m incoming body completed
[2m2025-12-10T10:19:31.263187Z[0m [34mDEBUG[0m [2mhyper::client::pool[0m[2m:[0m pooling idle connection for ("http", 192.168.0.14:8545)
[2m2025-12-10T10:19:31.263269Z[0m [34mDEBUG[0m [2mhyper::client::pool[0m[2m:[0m reuse idle connection for ("http", 192.168.0.14:8545)
[2m2025-12-10T10:19:31.263405Z[0m [34mDEBUG[0m [2mhyper::proto::h1::io[0m[2m:[0m flushed 172 bytes
[2m2025-12-10T10:19:31.268761Z[0m [34mDEBUG[0m [2mhyper::proto::h1::io[0m[2m:[0m parsed 4 headers
[2m2025-12-10T10:19:31.268784Z[0m [34mDEBUG[0m [2mhyper::proto::h1::conn[0m[2m:[0m incoming body is content-length (45 bytes)
[2m2025-12-10T10:19:31.268794Z[0m [34mDEBUG[0m [2mhyper::proto::h1::conn[0m[2m:[0m incoming body completed
[2m2025-12-10T10:19:31.268805Z[0m [34mDEBUG[0m [2mhyper::client::pool[0m[2m:[0m pooling idle connection for ("http", 192.168.0.14:8545)
[2m2025-12-10T10:19:31.268872Z[0m [34mDEBUG[0m [2mhyper::client::pool[0m[2m:[0m reuse idle connection for ("http", 192.168.0.14:8545)
[2m2025-12-10T10:19:31.268909Z[0m [34mDEBUG[0m [2mhyper::proto::h1::io[0m[2m:[0m flushed 172 bytes
[2m2025-12-10T10:19:31.275354Z[0m [34mDEBUG[0m [2mhyper::proto::h1::io[0m[2m:[0m parsed 4 headers
[2m2025-12-10T10:19:31.275374Z[0m [34mDEBUG[0m [2mhyper::proto::h1::conn[0m[2m:[0m incoming body is content-length (45 bytes)
[2m2025-12-10T10:19:31.275383Z[0m [34mDEBUG[0m [2mhyper::proto::h1::conn[0m[2m:[0m incoming body completed
[2m2025-12-10T10:19:31.275395Z[0m [34mDEBUG[0m [2mhyper::client::pool[0m[2m:[0m pooling idle connection for ("http", 192.168.0.14:8545)
[2m2025-12-10T10:19:31.275433Z[0m [34mDEBUG[0m [2mhyper::client::pool[0m[2m:[0m reuse idle connection for ("http", 192.168.0.14:8545)
[2m2025-12-10T10:19:31.275467Z[0m [34mDEBUG[0m [2mhyper::proto::h1::io[0m[2m:[0m flushed 172 bytes
[2m2025-12-10T10:19:31.280256Z[0m [34mDEBUG[0m [2mhyper::proto::h1::io[0m[2m:[0m parsed 4 headers
[2m2025-12-10T10:19:31.280332Z[0m [34mDEBUG[0m [2mhyper::proto::h1::conn[0m[2m:[0m incoming body is content-length (45 bytes)
[2m2025-12-10T10:19:31.280429Z[0m [34mDEBUG[0m [2mhyper::proto::h1::conn[0m[2m:[0m incoming body completed
[2m2025-12-10T10:19:31.280445Z[0m [34mDEBUG[0m [2mhyper::client::pool[0m[2m:[0m pooling idle connection for ("http", 192.168.0.14:8545)
[2m2025-12-10T10:19:31.280476Z[0m [34mDEBUG[0m [2mhyper::client::pool[0m[2m:[0m reuse idle connection for ("http", 192.168.0.14:8545)
[2m2025-12-10T10:19:31.280532Z[0m [34mDEBUG[0m [2mhyper::proto::h1::io[0m[2m:[0m flushed 172 bytes
[2m2025-12-10T10:19:31.284144Z[0m [34mDEBUG[0m [2mhyper::proto::h1::io[0m[2m:[0m parsed 4 headers
[2m2025-12-10T10:19:31.284317Z[0m [34mDEBUG[0m [2mhyper::proto::h1::conn[0m[2m:[0m incoming body is content-length (45 bytes)
[2m2025-12-10T10:19:31.284330Z[0m [34mDEBUG[0m [2mhyper::proto::h1::conn[0m[2m:[0m incoming body completed
[2m2025-12-10T10:19:31.284381Z[0m [34mDEBUG[0m [2mhyper::client::pool[0m[2m:[0m pooling idle connection for ("http", 192.168.0.14:8545)
[2m2025-12-10T10:19:31.284610Z[0m [34mDEBUG[0m [2mhyper::client::pool[0m[2m:[0m reuse idle connection for ("http", 192.168.0.14:8545)
[2m2025-12-10T10:19:31.284767Z[0m [34mDEBUG[0m [2mhyper::proto::h1::io[0m[2m:[0m flushed 172 bytes
[2m2025-12-10T10:19:31.291042Z[0m [34mDEBUG[0m [2mhyper::proto::h1::io[0m[2m:[0m parsed 4 headers
[2m2025-12-10T10:19:31.291073Z[0m [34mDEBUG[0m [2mhyper::proto::h1::conn[0m[2m:[0m incoming body is content-length (45 bytes)
[2m2025-12-10T10:19:31.291082Z[0m [34mDEBUG[0m [2mhyper::proto::h1::conn[0m[2m:[0m incoming body completed
[2m2025-12-10T10:19:31.291126Z[0m [34mDEBUG[0m [2mhyper::client::pool[0m[2m:[0m pooling idle connection for ("http", 192.168.0.14:8545)
[2m2025-12-10T10:19:31.291533Z[0m [34mDEBUG[0m [2mhyper::client::pool[0m[2m:[0m reuse idle connection for ("http", 192.168.0.14:8545)
[2m2025-12-10T10:19:31.291636Z[0m [34mDEBUG[0m [2mhyper::proto::h1::io[0m[2m:[0m flushed 172 bytes
[2m2025-12-10T10:19:31.299247Z[0m [34mDEBUG[0m [2mhyper::proto::h1::io[0m[2m:[0m parsed 4 headers
[2m2025-12-10T10:19:31.299270Z[0m [34mDEBUG[0m [2mhyper::proto::h1::conn[0m[2m:[0m incoming body is content-length (45 bytes)
[2m2025-12-10T10:19:31.299281Z[0m [34mDEBUG[0m [2mhyper::proto::h1::conn[0m[2m:[0m incoming body completed
[2m2025-12-10T10:19:31.299300Z[0m [34mDEBUG[0m [2mhyper::client::pool[0m[2m:[0m pooling idle connection for ("http", 192.168.0.14:8545)
[2m2025-12-10T10:19:31.299328Z[0m [34mDEBUG[0m [2mhyper::client::pool[0m[2m:[0m reuse idle connection for ("http", 192.168.0.14:8545)
[2m2025-12-10T10:19:31.299372Z[0m [34mDEBUG[0m [2mhyper::proto::h1::io[0m[2m:[0m flushed 172 bytes
[2m2025-12-10T10:19:31.308371Z[0m [34mDEBUG[0m [2mhyper::proto::h1::io[0m[2m:[0m parsed 4 headers
[2m2025-12-10T10:19:31.308393Z[0m [34mDEBUG[0m [2mhyper::proto::h1::conn[0m[2m:[0m incoming body is content-length (45 bytes)
[2m2025-12-10T10:19:31.308407Z[0m [34mDEBUG[0m [2mhyper::proto::h1::conn[0m[2m:[0m incoming body completed
[2m2025-12-10T10:19:31.308459Z[0m [34mDEBUG[0m [2mhyper::client::pool[0m[2m:[0m pooling idle connection for ("http", 192.168.0.14:8545)
[2m2025-12-10T10:19:31.309390Z[0m [34mDEBUG[0m [2mhyper::client::pool[0m[2m:[0m reuse idle connection for ("http", 192.168.0.14:8545)
[2m2025-12-10T10:19:31.309617Z[0m [34mDEBUG[0m [2mhyper::proto::h1::io[0m[2m:[0m flushed 172 bytes
[2m2025-12-10T10:19:31.313112Z[0m [34mDEBUG[0m [2mhyper::proto::h1::io[0m[2m:[0m parsed 4 headers
[2m2025-12-10T10:19:31.313159Z[0m [34mDEBUG[0m [2mhyper::proto::h1::conn[0m[2m:[0m incoming body is content-length (45 bytes)
[2m2025-12-10T10:19:31.313200Z[0m [34mDEBUG[0m [2mhyper::proto::h1::conn[0m[2m:[0m incoming body completed
[2m2025-12-10T10:19:31.313242Z[0m [34mDEBUG[0m [2mhyper::client::pool[0m[2m:[0m pooling idle connection for ("http", 192.168.0.14:8545)
[2m2025-12-10T10:19:31.313391Z[0m [34mDEBUG[0m [2mhyper::client::pool[0m[2m:[0m reuse idle connection for ("http", 192.168.0.14:8545)
[2m2025-12-10T10:19:31.313480Z[0m [34mDEBUG[0m [2mhyper::proto::h1::io[0m[2m:[0m flushed 172 bytes
[2m2025-12-10T10:19:31.316882Z[0m [34mDEBUG[0m [2mhyper::proto::h1::io[0m[2m:[0m parsed 4 headers
[2m2025-12-10T10:19:31.316921Z[0m [34mDEBUG[0m [2mhyper::proto::h1::conn[0m[2m:[0m incoming body is content-length (45 bytes)
[2m2025-12-10T10:19:31.316955Z[0m [34mDEBUG[0m [2mhyper::proto::h1::conn[0m[2m:[0m incoming body completed
[2m2025-12-10T10:19:31.316988Z[0m [34mDEBUG[0m [2mhyper::client::pool[0m[2m:[0m pooling idle connection for ("http", 192.168.0.14:8545)
[2m2025-12-10T10:19:31.317104Z[0m [34mDEBUG[0m [2mhyper::client::pool[0m[2m:[0m reuse idle connection for ("http", 192.168.0.14:8545)
[2m2025-12-10T10:19:31.317157Z[0m [34mDEBUG[0m [2mhyper::proto::h1::io[0m[2m:[0m flushed 172 bytes
[2m2025-12-10T10:19:31.323136Z[0m [34mDEBUG[0m [2mhyper::proto::h1::io[0m[2m:[0m parsed 4 headers
[2m2025-12-10T10:19:31.323166Z[0m [34mDEBUG[0m [2mhyper::proto::h1::conn[0m[2m:[0m incoming body is content-length (45 bytes)
[2m2025-12-10T10:19:31.323190Z[0m [34mDEBUG[0m [2mhyper::proto::h1::conn[0m[2m:[0m incoming body completed
[2m2025-12-10T10:19:31.323211Z[0m [34mDEBUG[0m [2mhyper::client::pool[0m[2m:[0m pooling idle connection for ("http", 192.168.0.14:8545)
[2m2025-12-10T10:19:31.324184Z[0m [34mDEBUG[0m [2mhyper::client::pool[0m[2m:[0m reuse idle connection for ("http", 192.168.0.14:8545)
[2m2025-12-10T10:19:31.324237Z[0m [34mDEBUG[0m [2mhyper::proto::h1::io[0m[2m:[0m flushed 172 bytes
[2m2025-12-10T10:19:31.329994Z[0m [34mDEBUG[0m [2mhyper::proto::h1::io[0m[2m:[0m parsed 4 headers
[2m2025-12-10T10:19:31.330026Z[0m [34mDEBUG[0m [2mhyper::proto::h1::conn[0m[2m:[0m incoming body is content-length (45 bytes)
[2m2025-12-10T10:19:31.330118Z[0m [34mDEBUG[0m [2mhyper::proto::h1::conn[0m[2m:[0m incoming body completed
[2m2025-12-10T10:19:31.330141Z[0m [34mDEBUG[0m [2mhyper::client::pool[0m[2m:[0m pooling idle connection for ("http", 192.168.0.14:8545)
[2m2025-12-10T10:19:31.330173Z[0m [34mDEBUG[0m [2mhyper::client::pool[0m[2m:[0m reuse idle connection for ("http", 192.168.0.14:8545)
[2m2025-12-10T10:19:31.330255Z[0m [34mDEBUG[0m [2mhyper::proto::h1::io[0m[2m:[0m flushed 172 bytes
[2m2025-12-10T10:19:31.334146Z[0m [34mDEBUG[0m [2mhyper::proto::h1::io[0m[2m:[0m parsed 4 headers
[2m2025-12-10T10:19:31.334162Z[0m [34mDEBUG[0m [2mhyper::proto::h1::conn[0m[2m:[0m incoming body is content-length (45 bytes)
[2m2025-12-10T10:19:31.334172Z[0m [34mDEBUG[0m [2mhyper::proto::h1::conn[0m[2m:[0m incoming body completed
[2m2025-12-10T10:19:31.334184Z[0m [34mDEBUG[0m [2mhyper::client::pool[0m[2m:[0m pooling idle connection for ("http", 192.168.0.14:8545)
[2m2025-12-10T10:19:31.334215Z[0m [34mDEBUG[0m [2mhyper::client::pool[0m[2m:[0m reuse idle connection for ("http", 192.168.0.14:8545)
[2m2025-12-10T10:19:31.334257Z[0m [34mDEBUG[0m [2mhyper::proto::h1::io[0m[2m:[0m flushed 172 bytes
[2m2025-12-10T10:19:31.337856Z[0m [34mDEBUG[0m [2mhyper::proto::h1::io[0m[2m:[0m parsed 4 headers
[2m2025-12-10T10:19:31.337868Z[0m [34mDEBUG[0m [2mhyper::proto::h1::conn[0m[2m:[0m incoming body is content-length (45 bytes)
[2m2025-12-10T10:19:31.337876Z[0m [34mDEBUG[0m [2mhyper::proto::h1::conn[0m[2m:[0m incoming body completed
[2m2025-12-10T10:19:31.337885Z[0m [34mDEBUG[0m [2mhyper::client::pool[0m[2m:[0m pooling idle connection for ("http", 192.168.0.14:8545)
[2m2025-12-10T10:19:31.337911Z[0m [34mDEBUG[0m [2mhyper::client::pool[0m[2m:[0m reuse idle connection for ("http", 192.168.0.14:8545)
[2m2025-12-10T10:19:31.337934Z[0m [34mDEBUG[0m [2mhyper::proto::h1::io[0m[2m:[0m flushed 172 bytes
[2m2025-12-10T10:19:31.343372Z[0m [34mDEBUG[0m [2mhyper::proto::h1::io[0m[2m:[0m parsed 4 headers
[2m2025-12-10T10:19:31.343383Z[0m [34mDEBUG[0m [2mhyper::proto::h1::conn[0m[2m:[0m incoming body is content-length (45 bytes)
[2m2025-12-10T10:19:31.343390Z[0m [34mDEBUG[0m [2mhyper::proto::h1::conn[0m[2m:[0m incoming body completed
[2m2025-12-10T10:19:31.343398Z[0m [34mDEBUG[0m [2mhyper::client::pool[0m[2m:[0m pooling idle connection for ("http", 192.168.0.14:8545)
[2m2025-12-10T10:19:31.343417Z[0m [34mDEBUG[0m [2mhyper::client::pool[0m[2m:[0m reuse idle connection for ("http", 192.168.0.14:8545)
[2m2025-12-10T10:19:31.343437Z[0m [34mDEBUG[0m [2mhyper::proto::h1::io[0m[2m:[0m flushed 172 bytes
[2m2025-12-10T10:19:31.347270Z[0m [34mDEBUG[0m [2mhyper::proto::h1::io[0m[2m:[0m parsed 4 headers
[2m2025-12-10T10:19:31.347280Z[0m [34mDEBUG[0m [2mhyper::proto::h1::conn[0m[2m:[0m incoming body is content-length (45 bytes)
[2m2025-12-10T10:19:31.347286Z[0m [34mDEBUG[0m [2mhyper::proto::h1::conn[0m[2m:[0m incoming body completed
[2m2025-12-10T10:19:31.347294Z[0m [34mDEBUG[0m [2mhyper::client::pool[0m[2m:[0m pooling idle connection for ("http", 192.168.0.14:8545)
[2m2025-12-10T10:19:31.347310Z[0m [34mDEBUG[0m [2mhyper::client::pool[0m[2m:[0m reuse idle connection for ("http", 192.168.0.14:8545)
[2m2025-12-10T10:19:31.347327Z[0m [34mDEBUG[0m [2mhyper::proto::h1::io[0m[2m:[0m flushed 172 bytes
[2m2025-12-10T10:19:31.351937Z[0m [34mDEBUG[0m [2mhyper::proto::h1::io[0m[2m:[0m parsed 4 headers
[2m2025-12-10T10:19:31.351993Z[0m [34mDEBUG[0m [2mhyper::proto::h1::conn[0m[2m:[0m incoming body is content-length (45 bytes)
[2m2025-12-10T10:19:31.352027Z[0m [34mDEBUG[0m [2mhyper::proto::h1::conn[0m[2m:[0m incoming body completed
[2m2025-12-10T10:19:31.352047Z[0m [34mDEBUG[0m [2mhyper::client::pool[0m[2m:[0m pooling idle connection for ("http", 192.168.0.14:8545)
[2m2025-12-10T10:19:31.352086Z[0m [34mDEBUG[0m [2mhyper::client::pool[0m[2m:[0m reuse idle connection for ("http", 192.168.0.14:8545)
[2m2025-12-10T10:19:31.352134Z[0m [34mDEBUG[0m [2mhyper::proto::h1::io[0m[2m:[0m flushed 172 bytes
[2m2025-12-10T10:19:31.356564Z[0m [34mDEBUG[0m [2mhyper::proto::h1::io[0m[2m:[0m parsed 4 headers
[2m2025-12-10T10:19:31.356576Z[0m [34mDEBUG[0m [2mhyper::proto::h1::conn[0m[2m:[0m incoming body is content-length (45 bytes)
[2m2025-12-10T10:19:31.356584Z[0m [34mDEBUG[0m [2mhyper::proto::h1::conn[0m[2m:[0m incoming body completed
[2m2025-12-10T10:19:31.356592Z[0m [34mDEBUG[0m [2mhyper::client::pool[0m[2m:[0m pooling idle connection for ("http", 192.168.0.14:8545)
[2m2025-12-10T10:19:31.356609Z[0m [34mDEBUG[0m [2mhyper::client::pool[0m[2m:[0m reuse idle connection for ("http", 192.168.0.14:8545)
[2m2025-12-10T10:19:31.356797Z[0m [34mDEBUG[0m [2mhyper::proto::h1::io[0m[2m:[0m flushed 172 bytes
[2m2025-12-10T10:19:31.363305Z[0m [34mDEBUG[0m [2mhyper::proto::h1::io[0m[2m:[0m parsed 4 headers
[2m2025-12-10T10:19:31.363315Z[0m [34mDEBUG[0m [2mhyper::proto::h1::conn[0m[2m:[0m incoming body is content-length (45 bytes)
[2m2025-12-10T10:19:31.363323Z[0m [34mDEBUG[0m [2mhyper::proto::h1::conn[0m[2m:[0m incoming body completed
[2m2025-12-10T10:19:31.363332Z[0m [34mDEBUG[0m [2mhyper::client::pool[0m[2m:[0m pooling idle connection for ("http", 192.168.0.14:8545)
[2m2025-12-10T10:19:31.363348Z[0m [34mDEBUG[0m [2mhyper::client::pool[0m[2m:[0m reuse idle connection for ("http", 192.168.0.14:8545)
[2m2025-12-10T10:19:31.363390Z[0m [34mDEBUG[0m [2mhyper::proto::h1::io[0m[2m:[0m flushed 172 bytes
[2m2025-12-10T10:19:31.368217Z[0m [34mDEBUG[0m [2mhyper::proto::h1::io[0m[2m:[0m parsed 4 headers
[2m2025-12-10T10:19:31.368230Z[0m [34mDEBUG[0m [2mhyper::proto::h1::conn[0m[2m:[0m incoming body is content-length (45 bytes)
[2m2025-12-10T10:19:31.368238Z[0m [34mDEBUG[0m [2mhyper::proto::h1::conn[0m[2m:[0m incoming body completed
[2m2025-12-10T10:19:31.368247Z[0m [34mDEBUG[0m [2mhyper::client::pool[0m[2m:[0m pooling idle connection for ("http", 192.168.0.14:8545)
[2m2025-12-10T10:19:31.368270Z[0m [34mDEBUG[0m [2mhyper::client::pool[0m[2m:[0m reuse idle connection for ("http", 192.168.0.14:8545)
[2m2025-12-10T10:19:31.368287Z[0m [34mDEBUG[0m [2mhyper::proto::h1::io[0m[2m:[0m flushed 172 bytes
[2m2025-12-10T10:19:31.373370Z[0m [34mDEBUG[0m [2mhyper::proto::h1::io[0m[2m:[0m parsed 4 headers
[2m2025-12-10T10:19:31.373378Z[0m [34mDEBUG[0m [2mhyper::proto::h1::conn[0m[2m:[0m incoming body is content-length (45 bytes)
[2m2025-12-10T10:19:31.373385Z[0m [34mDEBUG[0m [2mhyper::proto::h1::conn[0m[2m:[0m incoming body completed
[2m2025-12-10T10:19:31.373393Z[0m [34mDEBUG[0m [2mhyper::client::pool[0m[2m:[0m pooling idle connection for ("http", 192.168.0.14:8545)
[2m2025-12-10T10:19:31.373411Z[0m [34mDEBUG[0m [2mhyper::client::pool[0m[2m:[0m reuse idle connection for ("http", 192.168.0.14:8545)
[2m2025-12-10T10:19:31.373426Z[0m [34mDEBUG[0m [2mhyper::proto::h1::io[0m[2m:[0m flushed 172 bytes
[2m2025-12-10T10:19:31.379034Z[0m [34mDEBUG[0m [2mhyper::proto::h1::io[0m[2m:[0m parsed 4 headers
[2m2025-12-10T10:19:31.379041Z[0m [34mDEBUG[0m [2mhyper::proto::h1::conn[0m[2m:[0m incoming body is content-length (45 bytes)
[2m2025-12-10T10:19:31.379046Z[0m [34mDEBUG[0m [2mhyper::proto::h1::conn[0m[2m:[0m incoming body completed
[2m2025-12-10T10:19:31.379053Z[0m [34mDEBUG[0m [2mhyper::client::pool[0m[2m:[0m pooling idle connection for ("http", 192.168.0.14:8545)
[2m2025-12-10T10:19:31.379068Z[0m [34mDEBUG[0m [2mhyper::client::pool[0m[2m:[0m reuse idle connection for ("http", 192.168.0.14:8545)
[2m2025-12-10T10:19:31.379082Z[0m [34mDEBUG[0m [2mhyper::proto::h1::io[0m[2m:[0m flushed 172 bytes
[2m2025-12-10T10:19:31.384301Z[0m [34mDEBUG[0m [2mhyper::proto::h1::io[0m[2m:[0m parsed 4 headers
[2m2025-12-10T10:19:31.384317Z[0m [34mDEBUG[0m [2mhyper::proto::h1::conn[0m[2m:[0m incoming body is content-length (45 bytes)
[2m2025-12-10T10:19:31.384327Z[0m [34mDEBUG[0m [2mhyper::proto::h1::conn[0m[2m:[0m incoming body completed
[2m2025-12-10T10:19:31.384338Z[0m [34mDEBUG[0m [2mhyper::client::pool[0m[2m:[0m pooling idle connection for ("http", 192.168.0.14:8545)
[2m2025-12-10T10:19:31.384365Z[0m [34mDEBUG[0m [2mhyper::client::pool[0m[2m:[0m reuse idle connection for ("http", 192.168.0.14:8545)
[2m2025-12-10T10:19:31.384389Z[0m [34mDEBUG[0m [2mhyper::proto::h1::io[0m[2m:[0m flushed 172 bytes
[2m2025-12-10T10:19:31.389337Z[0m [34mDEBUG[0m [2mhyper::proto::h1::io[0m[2m:[0m parsed 4 headers
[2m2025-12-10T10:19:31.389345Z[0m [34mDEBUG[0m [2mhyper::proto::h1::conn[0m[2m:[0m incoming body is content-length (45 bytes)
[2m2025-12-10T10:19:31.389351Z[0m [34mDEBUG[0m [2mhyper::proto::h1::conn[0m[2m:[0m incoming body completed
[2m2025-12-10T10:19:31.389359Z[0m [34mDEBUG[0m [2mhyper::client::pool[0m[2m:[0m pooling idle connection for ("http", 192.168.0.14:8545)
[2m2025-12-10T10:19:31.389377Z[0m [34mDEBUG[0m [2mhyper::client::pool[0m[2m:[0m reuse idle connection for ("http", 192.168.0.14:8545)
[2m2025-12-10T10:19:31.389394Z[0m [34mDEBUG[0m [2mhyper::proto::h1::io[0m[2m:[0m flushed 172 bytes
[2m2025-12-10T10:19:31.395020Z[0m [34mDEBUG[0m [2mhyper::proto::h1::io[0m[2m:[0m parsed 4 headers
[2m2025-12-10T10:19:31.395027Z[0m [34mDEBUG[0m [2mhyper::proto::h1::conn[0m[2m:[0m incoming body is content-length (45 bytes)
[2m2025-12-10T10:19:31.395033Z[0m [34mDEBUG[0m [2mhyper::proto::h1::conn[0m[2m:[0m incoming body completed
[2m2025-12-10T10:19:31.395040Z[0m [34mDEBUG[0m [2mhyper::client::pool[0m[2m:[0m pooling idle connection for ("http", 192.168.0.14:8545)
[2m2025-12-10T10:19:31.395054Z[0m [34mDEBUG[0m [2mhyper::client::pool[0m[2m:[0m reuse idle connection for ("http", 192.168.0.14:8545)
[2m2025-12-10T10:19:31.395110Z[0m [34mDEBUG[0m [2mhyper::proto::h1::io[0m[2m:[0m flushed 172 bytes
[2m2025-12-10T10:19:31.399164Z[0m [34mDEBUG[0m [2mhyper::proto::h1::io[0m[2m:[0m parsed 4 headers
[2m2025-12-10T10:19:31.399172Z[0m [34mDEBUG[0m [2mhyper::proto::h1::conn[0m[2m:[0m incoming body is content-length (45 bytes)
[2m2025-12-10T10:19:31.399177Z[0m [34mDEBUG[0m [2mhyper::proto::h1::conn[0m[2m:[0m incoming body completed
[2m2025-12-10T10:19:31.399184Z[0m [34mDEBUG[0m [2mhyper::client::pool[0m[2m:[0m pooling idle connection for ("http", 192.168.0.14:8545)
[2m2025-12-10T10:19:31.399199Z[0m [34mDEBUG[0m [2mhyper::client::pool[0m[2m:[0m reuse idle connection for ("http", 192.168.0.14:8545)
[2m2025-12-10T10:19:31.399216Z[0m [34mDEBUG[0m [2mhyper::proto::h1::io[0m[2m:[0m flushed 172 bytes
[2m2025-12-10T10:19:31.405871Z[0m [34mDEBUG[0m [2methereum_transaction_pool_monitor::eth_client[0m[2m:[0m 📨 Received WebSocket message: {"jsonrpc":"2.0","method":"eth_subscription","params":{"subscription":"0xbed0a0851463e895960a451075a301a9","result":"0xc0026abd64cab556bf91bd1b25363cd68e8eea79cbe4d2a1d7d42f8875fa4b9d"}}
[2m2025-12-10T10:19:31.405898Z[0m [34mDEBUG[0m [2methereum_transaction_pool_monitor::eth_client[0m[2m:[0m 📨 Received pending transaction: 0xc0026abd64cab556bf91bd1b25363cd68e8eea79cbe4d2a1d7d42f8875fa4b9d
[2m2025-12-10T10:19:31.406544Z[0m [34mDEBUG[0m [2mhyper::proto::h1::io[0m[2m:[0m parsed 4 headers
[2m2025-12-10T10:19:31.406552Z[0m [34mDEBUG[0m [2mhyper::proto::h1::conn[0m[2m:[0m incoming body is content-length (45 bytes)
[2m2025-12-10T10:19:31.406560Z[0m [34mDEBUG[0m [2mhyper::proto::h1::conn[0m[2m:[0m incoming body completed
[2m2025-12-10T10:19:31.406569Z[0m [34mDEBUG[0m [2mhyper::client::pool[0m[2m:[0m pooling idle connection for ("http", 192.168.0.14:8545)
[2m2025-12-10T10:19:31.406594Z[0m [34mDEBUG[0m [2mhyper::client::pool[0m[2m:[0m reuse idle connection for ("http", 192.168.0.14:8545)
[2m2025-12-10T10:19:31.406617Z[0m [34mDEBUG[0m [2mhyper::proto::h1::io[0m[2m:[0m flushed 172 bytes
[2m2025-12-10T10:19:31.410681Z[0m [34mDEBUG[0m [2mhyper::proto::h1::io[0m[2m:[0m parsed 4 headers
[2m2025-12-10T10:19:31.410688Z[0m [34mDEBUG[0m [2mhyper::proto::h1::conn[0m[2m:[0m incoming body is content-length (45 bytes)
[2m2025-12-10T10:19:31.410693Z[0m [34mDEBUG[0m [2mhyper::proto::h1::conn[0m[2m:[0m incoming body completed
[2m2025-12-10T10:19:31.410700Z[0m [34mDEBUG[0m [2mhyper::client::pool[0m[2m:[0m pooling idle connection for ("http", 192.168.0.14:8545)
[2m2025-12-10T10:19:31.410716Z[0m [34mDEBUG[0m [2mhyper::client::pool[0m[2m:[0m reuse idle connection for ("http", 192.168.0.14:8545)
[2m2025-12-10T10:19:31.410732Z[0m [34mDEBUG[0m [2mhyper::proto::h1::io[0m[2m:[0m flushed 172 bytes
[2m2025-12-10T10:19:31.414857Z[0m [34mDEBUG[0m [2mhyper::proto::h1::io[0m[2m:[0m parsed 4 headers
[2m2025-12-10T10:19:31.414896Z[0m [34mDEBUG[0m [2mhyper::proto::h1::conn[0m[2m:[0m incoming body is content-length (45 bytes)
[2m2025-12-10T10:19:31.414904Z[0m [34mDEBUG[0m [2mhyper::proto::h1::conn[0m[2m:[0m incoming body completed
[2m2025-12-10T10:19:31.414914Z[0m [34mDEBUG[0m [2mhyper::client::pool[0m[2m:[0m pooling idle connection for ("http", 192.168.0.14:8545)
[2m2025-12-10T10:19:31.414932Z[0m [34mDEBUG[0m [2mhyper::client::pool[0m[2m:[0m reuse idle connection for ("http", 192.168.0.14:8545)
[2m2025-12-10T10:19:31.415004Z[0m [34mDEBUG[0m [2mhyper::proto::h1::io[0m[2m:[0m flushed 172 bytes
[2m2025-12-10T10:19:31.420185Z[0m [34mDEBUG[0m [2mhyper::proto::h1::io[0m[2m:[0m parsed 4 headers
[2m2025-12-10T10:19:31.420211Z[0m [34mDEBUG[0m [2mhyper::proto::h1::conn[0m[2m:[0m incoming body is content-length (45 bytes)
[2m2025-12-10T10:19:31.420220Z[0m [34mDEBUG[0m [2mhyper::proto::h1::conn[0m[2m:[0m incoming body completed
[2m2025-12-10T10:19:31.420230Z[0m [34mDEBUG[0m [2mhyper::client::pool[0m[2m:[0m pooling idle connection for ("http", 192.168.0.14:8545)
[2m2025-12-10T10:19:31.420281Z[0m [34mDEBUG[0m [2mhyper::client::pool[0m[2m:[0m reuse idle connection for ("http", 192.168.0.14:8545)
[2m2025-12-10T10:19:31.420363Z[0m [34mDEBUG[0m [2mhyper::proto::h1::io[0m[2m:[0m flushed 172 bytes
[2m2025-12-10T10:19:31.424509Z[0m [34mDEBUG[0m [2mhyper::proto::h1::io[0m[2m:[0m parsed 4 headers
[2m2025-12-10T10:19:31.424532Z[0m [34mDEBUG[0m [2mhyper::proto::h1::conn[0m[2m:[0m incoming body is content-length (45 bytes)
[2m2025-12-10T10:19:31.424566Z[0m [34mDEBUG[0m [2mhyper::proto::h1::conn[0m[2m:[0m incoming body completed
[2m2025-12-10T10:19:31.424603Z[0m [34mDEBUG[0m [2mhyper::client::pool[0m[2m:[0m pooling idle connection for ("http", 192.168.0.14:8545)
[2m2025-12-10T10:19:31.424666Z[0m [34mDEBUG[0m [2mhyper::client::pool[0m[2m:[0m reuse idle connection for ("http", 192.168.0.14:8545)
[2m2025-12-10T10:19:31.424695Z[0m [34mDEBUG[0m [2mhyper::proto::h1::io[0m[2m:[0m flushed 172 bytes
[2m2025-12-10T10:19:31.429251Z[0m [34mDEBUG[0m [2mhyper::proto::h1::io[0m[2m:[0m parsed 4 headers
[2m2025-12-10T10:19:31.429268Z[0m [34mDEBUG[0m [2mhyper::proto::h1::conn[0m[2m:[0m incoming body is content-length (45 bytes)
[2m2025-12-10T10:19:31.429277Z[0m [34mDEBUG[0m [2mhyper::proto::h1::conn[0m[2m:[0m incoming body completed
[2m2025-12-10T10:19:31.429288Z[0m [34mDEBUG[0m [2mhyper::client::pool[0m[2m:[0m pooling idle connection for ("http", 192.168.0.14:8545)
[2m2025-12-10T10:19:31.429344Z[0m [34mDEBUG[0m [2mhyper::client::pool[0m[2m:[0m reuse idle connection for ("http", 192.168.0.14:8545)
[2m2025-12-10T10:19:31.429392Z[0m [34mDEBUG[0m [2mhyper::proto::h1::io[0m[2m:[0m flushed 172 bytes
[2m2025-12-10T10:19:31.431140Z[0m [34mDEBUG[0m [2methereum_transaction_pool_monitor::eth_client[0m[2m:[0m 📨 Received WebSocket message: {"jsonrpc":"2.0","method":"eth_subscription","params":{"subscription":"0xbed0a0851463e895960a451075a301a9","result":"0xda3d995d8594837a23c855e3942264131467d4d7609fc6ad14c948bb9235e94b"}}
[2m2025-12-10T10:19:31.431159Z[0m [34mDEBUG[0m [2methereum_transaction_pool_monitor::eth_client[0m[2m:[0m 📨 Received pending transaction: 0xda3d995d8594837a23c855e3942264131467d4d7609fc6ad14c948bb9235e94b
[2m2025-12-10T10:19:31.431169Z[0m [34mDEBUG[0m [2methereum_transaction_pool_monitor::eth_client[0m[2m:[0m 📨 Received WebSocket message: {"jsonrpc":"2.0","method":"eth_subscription","params":{"subscription":"0xbed0a0851463e895960a451075a301a9","result":"0xf8c63566a63d065a84b6d199204ab9692bea8ef27719c48dbbd6a9e26b28aa48"}}
[2m2025-12-10T10:19:31.431176Z[0m [34mDEBUG[0m [2methereum_transaction_pool_monitor::eth_client[0m[2m:[0m 📨 Received pending transaction: 0xf8c63566a63d065a84b6d199204ab9692bea8ef27719c48dbbd6a9e26b28aa48
[2m2025-12-10T10:19:31.433381Z[0m [34mDEBUG[0m [2mhyper::proto::h1::io[0m[2m:[0m parsed 4 headers
[2m2025-12-10T10:19:31.433390Z[0m [34mDEBUG[0m [2mhyper::proto::h1::conn[0m[2m:[0m incoming body is content-length (45 bytes)
[2m2025-12-10T10:19:31.433398Z[0m [34mDEBUG[0m [2mhyper::proto::h1::conn[0m[2m:[0m incoming body completed
[2m2025-12-10T10:19:31.433408Z[0m [34mDEBUG[0m [2mhyper::client::pool[0m[2m:[0m pooling idle connection for ("http", 192.168.0.14:8545)
[2m2025-12-10T10:19:31.433433Z[0m [34mDEBUG[0m [2mhyper::client::pool[0m[2m:[0m reuse idle connection for ("http", 192.168.0.14:8545)
[2m2025-12-10T10:19:31.433472Z[0m [34mDEBUG[0m [2mhyper::proto::h1::io[0m[2m:[0m flushed 172 bytes
[2m2025-12-10T10:19:31.440842Z[0m [34mDEBUG[0m [2mhyper::proto::h1::io[0m[2m:[0m parsed 4 headers
[2m2025-12-10T10:19:31.445434Z[0m [34mDEBUG[0m [2mhyper::proto::h1::conn[0m[2m:[0m incoming body is content-length (45 bytes)
[2m2025-12-10T10:19:31.445449Z[0m [34mDEBUG[0m [2mhyper::proto::h1::conn[0m[2m:[0m incoming body completed
[2m2025-12-10T10:19:31.445462Z[0m [34mDEBUG[0m [2mhyper::client::pool[0m[2m:[0m pooling idle connection for ("http", 192.168.0.14:8545)
[2m2025-12-10T10:19:31.445492Z[0m [34mDEBUG[0m [2mhyper::client::pool[0m[2m:[0m reuse idle connection for ("http", 192.168.0.14:8545)
[2m2025-12-10T10:19:31.445520Z[0m [34mDEBUG[0m [2mhyper::proto::h1::io[0m[2m:[0m flushed 172 bytes
[2m2025-12-10T10:19:31.449832Z[0m [34mDEBUG[0m [2mhyper::proto::h1::io[0m[2m:[0m parsed 4 headers
[2m2025-12-10T10:19:31.449847Z[0m [34mDEBUG[0m [2mhyper::proto::h1::conn[0m[2m:[0m incoming body is content-length (45 bytes)
[2m2025-12-10T10:19:31.449856Z[0m [34mDEBUG[0m [2mhyper::proto::h1::conn[0m[2m:[0m incoming body completed
[2m2025-12-10T10:19:31.449882Z[0m [34mDEBUG[0m [2mhyper::client::pool[0m[2m:[0m pooling idle connection for ("http", 192.168.0.14:8545)
[2m2025-12-10T10:19:31.449913Z[0m [34mDEBUG[0m [2mhyper::client::pool[0m[2m:[0m reuse idle connection for ("http", 192.168.0.14:8545)
[2m2025-12-10T10:19:31.449962Z[0m [34mDEBUG[0m [2mhyper::proto::h1::io[0m[2m:[0m flushed 172 bytes
[2m2025-12-10T10:19:31.455448Z[0m [34mDEBUG[0m [2mhyper::proto::h1::io[0m[2m:[0m parsed 4 headers
[2m2025-12-10T10:19:31.455465Z[0m [34mDEBUG[0m [2mhyper::proto::h1::conn[0m[2m:[0m incoming body is content-length (45 bytes)
[2m2025-12-10T10:19:31.455474Z[0m [34mDEBUG[0m [2mhyper::proto::h1::conn[0m[2m:[0m incoming body completed
[2m2025-12-10T10:19:31.455483Z[0m [34mDEBUG[0m [2mhyper::client::pool[0m[2m:[0m pooling idle connection for ("http", 192.168.0.14:8545)
[2m2025-12-10T10:19:31.455509Z[0m [34mDEBUG[0m [2mhyper::client::pool[0m[2m:[0m reuse idle connection for ("http", 192.168.0.14:8545)
[2m2025-12-10T10:19:31.455531Z[0m [34mDEBUG[0m [2mhyper::proto::h1::io[0m[2m:[0m flushed 172 bytes
[2m2025-12-10T10:19:31.461791Z[0m [34mDEBUG[0m [2mhyper::proto::h1::io[0m[2m:[0m parsed 4 headers
[2m2025-12-10T10:19:31.461830Z[0m [34mDEBUG[0m [2mhyper::proto::h1::conn[0m[2m:[0m incoming body is content-length (45 bytes)
[2m2025-12-10T10:19:31.461840Z[0m [34mDEBUG[0m [2mhyper::proto::h1::conn[0m[2m:[0m incoming body completed
[2m2025-12-10T10:19:31.461851Z[0m [34mDEBUG[0m [2mhyper::client::pool[0m[2m:[0m pooling idle connection for ("http", 192.168.0.14:8545)
[2m2025-12-10T10:19:31.461876Z[0m [34mDEBUG[0m [2mhyper::client::pool[0m[2m:[0m reuse idle connection for ("http", 192.168.0.14:8545)
[2m2025-12-10T10:19:31.461908Z[0m [34mDEBUG[0m [2mhyper::proto::h1::io[0m[2m:[0m flushed 172 bytes
[2m2025-12-10T10:19:31.466399Z[0m [34mDEBUG[0m [2mhyper::proto::h1::io[0m[2m:[0m parsed 4 headers
[2m2025-12-10T10:19:31.466411Z[0m [34mDEBUG[0m [2mhyper::proto::h1::conn[0m[2m:[0m incoming body is content-length (45 bytes)
[2m2025-12-10T10:19:31.466420Z[0m [34mDEBUG[0m [2mhyper::proto::h1::conn[0m[2m:[0m incoming body completed
[2m2025-12-10T10:19:31.467095Z[0m [34mDEBUG[0m [2mhyper::client::pool[0m[2m:[0m pooling idle connection for ("http", 192.168.0.14:8545)
[2m2025-12-10T10:19:31.467201Z[0m [34mDEBUG[0m [2mhyper::client::pool[0m[2m:[0m reuse idle connection for ("http", 192.168.0.14:8545)
[2m2025-12-10T10:19:31.467296Z[0m [34mDEBUG[0m [2mhyper::proto::h1::io[0m[2m:[0m flushed 172 bytes
[2m2025-12-10T10:19:31.474597Z[0m [34mDEBUG[0m [2mhyper::proto::h1::io[0m[2m:[0m parsed 4 headers
[2m2025-12-10T10:19:31.474627Z[0m [34mDEBUG[0m [2mhyper::proto::h1::conn[0m[2m:[0m incoming body is content-length (45 bytes)
[2m2025-12-10T10:19:31.474639Z[0m [34mDEBUG[0m [2mhyper::proto::h1::conn[0m[2m:[0m incoming body completed
[2m2025-12-10T10:19:31.474711Z[0m [34mDEBUG[0m [2mhyper::client::pool[0m[2m:[0m pooling idle connection for ("http", 192.168.0.14:8545)
[2m2025-12-10T10:19:31.474757Z[0m [34mDEBUG[0m [2mhyper::client::pool[0m[2m:[0m reuse idle connection for ("http", 192.168.0.14:8545)
[2m2025-12-10T10:19:31.474803Z[0m [34mDEBUG[0m [2mhyper::proto::h1::io[0m[2m:[0m flushed 172 bytes
[2m2025-12-10T10:19:31.478993Z[0m [34mDEBUG[0m [2mhyper::proto::h1::io[0m[2m:[0m parsed 4 headers
[2m2025-12-10T10:19:31.479011Z[0m [34mDEBUG[0m [2mhyper::proto::h1::conn[0m[2m:[0m incoming body is content-length (45 bytes)
[2m2025-12-10T10:19:31.479020Z[0m [34mDEBUG[0m [2mhyper::proto::h1::conn[0m[2m:[0m incoming body completed
[2m2025-12-10T10:19:31.479031Z[0m [34mDEBUG[0m [2mhyper::client::pool[0m[2m:[0m pooling idle connection for ("http", 192.168.0.14:8545)
[2m2025-12-10T10:19:31.479054Z[0m [34mDEBUG[0m [2mhyper::client::pool[0m[2m:[0m reuse idle connection for ("http", 192.168.0.14:8545)
[2m2025-12-10T10:19:31.479086Z[0m [34mDEBUG[0m [2mhyper::proto::h1::io[0m[2m:[0m flushed 172 bytes
[2m2025-12-10T10:19:31.484121Z[0m [34mDEBUG[0m [2mhyper::proto::h1::io[0m[2m:[0m parsed 4 headers
[2m2025-12-10T10:19:31.484203Z[0m [34mDEBUG[0m [2mhyper::proto::h1::conn[0m[2m:[0m incoming body is content-length (45 bytes)
[2m2025-12-10T10:19:31.484220Z[0m [34mDEBUG[0m [2mhyper::proto::h1::conn[0m[2m:[0m incoming body completed
[2m2025-12-10T10:19:31.484300Z[0m [34mDEBUG[0m [2mhyper::client::pool[0m[2m:[0m pooling idle connection for ("http", 192.168.0.14:8545)
[2m2025-12-10T10:19:31.484395Z[0m [34mDEBUG[0m [2mhyper::client::pool[0m[2m:[0m reuse idle connection for ("http", 192.168.0.14:8545)
[2m2025-12-10T10:19:31.484473Z[0m [34mDEBUG[0m [2mhyper::proto::h1::io[0m[2m:[0m flushed 172 bytes
[2m2025-12-10T10:19:31.490522Z[0m [34mDEBUG[0m [2mhyper::proto::h1::io[0m[2m:[0m parsed 4 headers
[2m2025-12-10T10:19:31.490543Z[0m [34mDEBUG[0m [2mhyper::proto::h1::conn[0m[2m:[0m incoming body is content-length (45 bytes)
[2m2025-12-10T10:19:31.490564Z[0m [34mDEBUG[0m [2mhyper::proto::h1::conn[0m[2m:[0m incoming body completed
[2m2025-12-10T10:19:31.490586Z[0m [34mDEBUG[0m [2mhyper::client::pool[0m[2m:[0m pooling idle connection for ("http", 192.168.0.14:8545)
[2m2025-12-10T10:19:31.490678Z[0m [34mDEBUG[0m [2mhyper::client::pool[0m[2m:[0m reuse idle connection for ("http", 192.168.0.14:8545)
[2m2025-12-10T10:19:31.490730Z[0m [34mDEBUG[0m [2mhyper::proto::h1::io[0m[2m:[0m flushed 172 bytes
[2m2025-12-10T10:19:31.496184Z[0m [34mDEBUG[0m [2mhyper::proto::h1::io[0m[2m:[0m parsed 4 headers
[2m2025-12-10T10:19:31.496204Z[0m [34mDEBUG[0m [2mhyper::proto::h1::conn[0m[2m:[0m incoming body is content-length (45 bytes)
[2m2025-12-10T10:19:31.496213Z[0m [34mDEBUG[0m [2mhyper::proto::h1::conn[0m[2m:[0m incoming body completed
[2m2025-12-10T10:19:31.496224Z[0m [34mDEBUG[0m [2mhyper::client::pool[0m[2m:[0m pooling idle connection for ("http", 192.168.0.14:8545)
[2m2025-12-10T10:19:31.496247Z[0m [34mDEBUG[0m [2mhyper::client::pool[0m[2m:[0m reuse idle connection for ("http", 192.168.0.14:8545)
[2m2025-12-10T10:19:31.496280Z[0m [34mDEBUG[0m [2mhyper::proto::h1::io[0m[2m:[0m flushed 172 bytes
[2m2025-12-10T10:19:31.500953Z[0m [34mDEBUG[0m [2mhyper::proto::h1::io[0m[2m:[0m parsed 4 headers
[2m2025-12-10T10:19:31.501017Z[0m [34mDEBUG[0m [2mhyper::proto::h1::conn[0m[2m:[0m incoming body is content-length (45 bytes)
[2m2025-12-10T10:19:31.501160Z[0m [34mDEBUG[0m [2mhyper::proto::h1::conn[0m[2m:[0m incoming body completed
[2m2025-12-10T10:19:31.501190Z[0m [34mDEBUG[0m [2mhyper::client::pool[0m[2m:[0m pooling idle connection for ("http", 192.168.0.14:8545)
[2m2025-12-10T10:19:31.501292Z[0m [34mDEBUG[0m [2mhyper::client::pool[0m[2m:[0m reuse idle connection for ("http", 192.168.0.14:8545)
[2m2025-12-10T10:19:31.501324Z[0m [34mDEBUG[0m [2mhyper::proto::h1::io[0m[2m:[0m flushed 172 bytes
[2m2025-12-10T10:19:31.507411Z[0m [34mDEBUG[0m [2mhyper::proto::h1::io[0m[2m:[0m parsed 4 headers
[2m2025-12-10T10:19:31.507451Z[0m [34mDEBUG[0m [2mhyper::proto::h1::conn[0m[2m:[0m incoming body is content-length (45 bytes)
[2m2025-12-10T10:19:31.507476Z[0m [34mDEBUG[0m [2mhyper::proto::h1::conn[0m[2m:[0m incoming body completed
[2m2025-12-10T10:19:31.507523Z[0m [34mDEBUG[0m [2mhyper::client::pool[0m[2m:[0m pooling idle connection for ("http", 192.168.0.14:8545)
[2m2025-12-10T10:19:31.507611Z[0m [34mDEBUG[0m [2mhyper::client::pool[0m[2m:[0m reuse idle connection for ("http", 192.168.0.14:8545)
[2m2025-12-10T10:19:31.507771Z[0m [34mDEBUG[0m [2mhyper::proto::h1::io[0m[2m:[0m flushed 172 bytes
[2m2025-12-10T10:19:31.513203Z[0m [34mDEBUG[0m [2mhyper::proto::h1::io[0m[2m:[0m parsed 4 headers
[2m2025-12-10T10:19:31.513260Z[0m [34mDEBUG[0m [2mhyper::proto::h1::conn[0m[2m:[0m incoming body is content-length (45 bytes)
[2m2025-12-10T10:19:31.513273Z[0m [34mDEBUG[0m [2mhyper::proto::h1::conn[0m[2m:[0m incoming body completed
[2m2025-12-10T10:19:31.513290Z[0m [34mDEBUG[0m [2mhyper::client::pool[0m[2m:[0m pooling idle connection for ("http", 192.168.0.14:8545)
[2m2025-12-10T10:19:31.513362Z[0m [34mDEBUG[0m [2mhyper::client::pool[0m[2m:[0m reuse idle connection for ("http", 192.168.0.14:8545)
[2m2025-12-10T10:19:31.513420Z[0m [34mDEBUG[0m [2mhyper::proto::h1::io[0m[2m:[0m flushed 172 bytes
[2m2025-12-10T10:19:31.518832Z[0m [34mDEBUG[0m [2mhyper::proto::h1::io[0m[2m:[0m parsed 4 headers
[2m2025-12-10T10:19:31.518935Z[0m [34mDEBUG[0m [2mhyper::proto::h1::conn[0m[2m:[0m incoming body is content-length (45 bytes)
[2m2025-12-10T10:19:31.518965Z[0m [34mDEBUG[0m [2mhyper::proto::h1::conn[0m[2m:[0m incoming body completed
[2m2025-12-10T10:19:31.519006Z[0m [34mDEBUG[0m [2mhyper::client::pool[0m[2m:[0m pooling idle connection for ("http", 192.168.0.14:8545)
[2m2025-12-10T10:19:31.519055Z[0m [34mDEBUG[0m [2mhyper::client::pool[0m[2m:[0m reuse idle connection for ("http", 192.168.0.14:8545)
[2m2025-12-10T10:19:31.519128Z[0m [34mDEBUG[0m [2mhyper::proto::h1::io[0m[2m:[0m flushed 172 bytes
[2m2025-12-10T10:19:31.525831Z[0m [34mDEBUG[0m [2mhyper::proto::h1::io[0m[2m:[0m parsed 4 headers
[2m2025-12-10T10:19:31.525851Z[0m [34mDEBUG[0m [2mhyper::proto::h1::conn[0m[2m:[0m incoming body is content-length (45 bytes)
[2m2025-12-10T10:19:31.525862Z[0m [34mDEBUG[0m [2mhyper::proto::h1::conn[0m[2m:[0m incoming body completed
[2m2025-12-10T10:19:31.525873Z[0m [34mDEBUG[0m [2mhyper::client::pool[0m[2m:[0m pooling idle connection for ("http", 192.168.0.14:8545)
[2m2025-12-10T10:19:31.525901Z[0m [34mDEBUG[0m [2mhyper::client::pool[0m[2m:[0m reuse idle connection for ("http", 192.168.0.14:8545)
[2m2025-12-10T10:19:31.525926Z[0m [34mDEBUG[0m [2mhyper::proto::h1::io[0m[2m:[0m flushed 172 bytes
[2m2025-12-10T10:19:31.534317Z[0m [34mDEBUG[0m [2mhyper::proto::h1::io[0m[2m:[0m parsed 4 headers
[2m2025-12-10T10:19:31.534336Z[0m [34mDEBUG[0m [2mhyper::proto::h1::conn[0m[2m:[0m incoming body is content-length (45 bytes)
[2m2025-12-10T10:19:31.534344Z[0m [34mDEBUG[0m [2mhyper::proto::h1::conn[0m[2m:[0m incoming body completed
[2m2025-12-10T10:19:31.534377Z[0m [34mDEBUG[0m [2mhyper::client::pool[0m[2m:[0m pooling idle connection for ("http", 192.168.0.14:8545)
[2m2025-12-10T10:19:31.534426Z[0m [34mDEBUG[0m [2mhyper::client::pool[0m[2m:[0m reuse idle connection for ("http", 192.168.0.14:8545)
[2m2025-12-10T10:19:31.534486Z[0m [34mDEBUG[0m [2mhyper::proto::h1::io[0m[2m:[0m flushed 172 bytes
[2m2025-12-10T10:19:31.538400Z[0m [34mDEBUG[0m [2mhyper::proto::h1::io[0m[2m:[0m parsed 4 headers
[2m2025-12-10T10:19:31.538440Z[0m [34mDEBUG[0m [2mhyper::proto::h1::conn[0m[2m:[0m incoming body is content-length (45 bytes)
[2m2025-12-10T10:19:31.538480Z[0m [34mDEBUG[0m [2mhyper::proto::h1::conn[0m[2m:[0m incoming body completed
[2m2025-12-10T10:19:31.538511Z[0m [34mDEBUG[0m [2mhyper::client::pool[0m[2m:[0m pooling idle connection for ("http", 192.168.0.14:8545)
[2m2025-12-10T10:19:31.538640Z[0m [34mDEBUG[0m [2mhyper::client::pool[0m[2m:[0m reuse idle connection for ("http", 192.168.0.14:8545)
[2m2025-12-10T10:19:31.538692Z[0m [34mDEBUG[0m [2mhyper::proto::h1::io[0m[2m:[0m flushed 172 bytes
[2m2025-12-10T10:19:31.545338Z[0m [34mDEBUG[0m [2mhyper::proto::h1::io[0m[2m:[0m parsed 4 headers
[2m2025-12-10T10:19:31.545422Z[0m [34mDEBUG[0m [2mhyper::proto::h1::conn[0m[2m:[0m incoming body is content-length (45 bytes)
[2m2025-12-10T10:19:31.545433Z[0m [34mDEBUG[0m [2mhyper::proto::h1::conn[0m[2m:[0m incoming body completed
[2m2025-12-10T10:19:31.545444Z[0m [34mDEBUG[0m [2mhyper::client::pool[0m[2m:[0m pooling idle connection for ("http", 192.168.0.14:8545)
[2m2025-12-10T10:19:31.545490Z[0m [34mDEBUG[0m [2mhyper::client::pool[0m[2m:[0m reuse idle connection for ("http", 192.168.0.14:8545)
[2m2025-12-10T10:19:31.545568Z[0m [34mDEBUG[0m [2mhyper::proto::h1::io[0m[2m:[0m flushed 172 bytes
[2m2025-12-10T10:19:31.552918Z[0m [34mDEBUG[0m [2mhyper::proto::h1::io[0m[2m:[0m parsed 4 headers
[2m2025-12-10T10:19:31.552984Z[0m [34mDEBUG[0m [2mhyper::proto::h1::conn[0m[2m:[0m incoming body is content-length (45 bytes)
[2m2025-12-10T10:19:31.553027Z[0m [34mDEBUG[0m [2mhyper::proto::h1::conn[0m[2m:[0m incoming body completed
[2m2025-12-10T10:19:31.553048Z[0m [34mDEBUG[0m [2mhyper::client::pool[0m[2m:[0m pooling idle connection for ("http", 192.168.0.14:8545)
[2m2025-12-10T10:19:31.553090Z[0m [34mDEBUG[0m [2mhyper::client::pool[0m[2m:[0m reuse idle connection for ("http", 192.168.0.14:8545)
[2m2025-12-10T10:19:31.553116Z[0m [34mDEBUG[0m [2mhyper::proto::h1::io[0m[2m:[0m flushed 172 bytes
[2m2025-12-10T10:19:31.558227Z[0m [34mDEBUG[0m [2mhyper::proto::h1::io[0m[2m:[0m parsed 4 headers
[2m2025-12-10T10:19:31.558245Z[0m [34mDEBUG[0m [2mhyper::proto::h1::conn[0m[2m:[0m incoming body is content-length (45 bytes)
[2m2025-12-10T10:19:31.558254Z[0m [34mDEBUG[0m [2mhyper::proto::h1::conn[0m[2m:[0m incoming body completed
[2m2025-12-10T10:19:31.558264Z[0m [34mDEBUG[0m [2mhyper::client::pool[0m[2m:[0m pooling idle connection for ("http", 192.168.0.14:8545)
[2m2025-12-10T10:19:31.558289Z[0m [34mDEBUG[0m [2mhyper::client::pool[0m[2m:[0m reuse idle connection for ("http", 192.168.0.14:8545)
[2m2025-12-10T10:19:31.558329Z[0m [34mDEBUG[0m [2mhyper::proto::h1::io[0m[2m:[0m flushed 172 bytes
[2m2025-12-10T10:19:31.569992Z[0m [34mDEBUG[0m [2mhyper::proto::h1::io[0m[2m:[0m parsed 4 headers
[2m2025-12-10T10:19:31.570020Z[0m [34mDEBUG[0m [2mhyper::proto::h1::conn[0m[2m:[0m incoming body is content-length (45 bytes)
[2m2025-12-10T10:19:31.570031Z[0m [34mDEBUG[0m [2mhyper::proto::h1::conn[0m[2m:[0m incoming body completed
[2m2025-12-10T10:19:31.570072Z[0m [34mDEBUG[0m [2mhyper::client::pool[0m[2m:[0m pooling idle connection for ("http", 192.168.0.14:8545)
[2m2025-12-10T10:19:31.570102Z[0m [34mDEBUG[0m [2mhyper::client::pool[0m[2m:[0m reuse idle connection for ("http", 192.168.0.14:8545)
[2m2025-12-10T10:19:31.570161Z[0m [34mDEBUG[0m [2mhyper::proto::h1::io[0m[2m:[0m flushed 172 bytes
[2m2025-12-10T10:19:31.573688Z[0m [34mDEBUG[0m [2mhyper::proto::h1::io[0m[2m:[0m parsed 4 headers
[2m2025-12-10T10:19:31.573718Z[0m [34mDEBUG[0m [2mhyper::proto::h1::conn[0m[2m:[0m incoming body is content-length (45 bytes)
[2m2025-12-10T10:19:31.573795Z[0m [34mDEBUG[0m [2mhyper::proto::h1::conn[0m[2m:[0m incoming body completed
[2m2025-12-10T10:19:31.573837Z[0m [34mDEBUG[0m [2mhyper::client::pool[0m[2m:[0m pooling idle connection for ("http", 192.168.0.14:8545)
[2m2025-12-10T10:19:31.573864Z[0m [34mDEBUG[0m [2mhyper::client::pool[0m[2m:[0m reuse idle connection for ("http", 192.168.0.14:8545)
[2m2025-12-10T10:19:31.573924Z[0m [34mDEBUG[0m [2mhyper::proto::h1::io[0m[2m:[0m flushed 172 bytes
[2m2025-12-10T10:19:31.577794Z[0m [34mDEBUG[0m [2mhyper::proto::h1::io[0m[2m:[0m parsed 4 headers
[2m2025-12-10T10:19:31.577826Z[0m [34mDEBUG[0m [2mhyper::proto::h1::conn[0m[2m:[0m incoming body is content-length (45 bytes)
[2m2025-12-10T10:19:31.577846Z[0m [34mDEBUG[0m [2mhyper::proto::h1::conn[0m[2m:[0m incoming body completed
[2m2025-12-10T10:19:31.577879Z[0m [34mDEBUG[0m [2mhyper::client::pool[0m[2m:[0m pooling idle connection for ("http", 192.168.0.14:8545)
[2m2025-12-10T10:19:31.577904Z[0m [34mDEBUG[0m [2mhyper::client::pool[0m[2m:[0m reuse idle connection for ("http", 192.168.0.14:8545)
[2m2025-12-10T10:19:31.577951Z[0m [34mDEBUG[0m [2mhyper::proto::h1::io[0m[2m:[0m flushed 172 bytes
[2m2025-12-10T10:19:31.581008Z[0m [34mDEBUG[0m [2mhyper::proto::h1::io[0m[2m:[0m parsed 4 headers
[2m2025-12-10T10:19:31.581022Z[0m [34mDEBUG[0m [2mhyper::proto::h1::conn[0m[2m:[0m incoming body is content-length (45 bytes)
[2m2025-12-10T10:19:31.581031Z[0m [34mDEBUG[0m [2mhyper::proto::h1::conn[0m[2m:[0m incoming body completed
[2m2025-12-10T10:19:31.581042Z[0m [34mDEBUG[0m [2mhyper::client::pool[0m[2m:[0m pooling idle connection for ("http", 192.168.0.14:8545)
[2m2025-12-10T10:19:31.581127Z[0m [34mDEBUG[0m [2mhyper::client::pool[0m[2m:[0m reuse idle connection for ("http", 192.168.0.14:8545)
[2m2025-12-10T10:19:31.581158Z[0m [34mDEBUG[0m [2mhyper::proto::h1::io[0m[2m:[0m flushed 172 bytes
[2m2025-12-10T10:19:31.585133Z[0m [34mDEBUG[0m [2mhyper::proto::h1::io[0m[2m:[0m parsed 4 headers
[2m2025-12-10T10:19:31.585165Z[0m [34mDEBUG[0m [2mhyper::proto::h1::conn[0m[2m:[0m incoming body is content-length (45 bytes)
[2m2025-12-10T10:19:31.585195Z[0m [34mDEBUG[0m [2mhyper::proto::h1::conn[0m[2m:[0m incoming body completed
[2m2025-12-10T10:19:31.585254Z[0m [34mDEBUG[0m [2mhyper::client::pool[0m[2m:[0m pooling idle connection for ("http", 192.168.0.14:8545)
[2m2025-12-10T10:19:31.585334Z[0m [34mDEBUG[0m [2mhyper::client::pool[0m[2m:[0m reuse idle connection for ("http", 192.168.0.14:8545)
[2m2025-12-10T10:19:31.585379Z[0m [34mDEBUG[0m [2mhyper::proto::h1::io[0m[2m:[0m flushed 172 bytes
[2m2025-12-10T10:19:31.589921Z[0m [34mDEBUG[0m [2mhyper::proto::h1::io[0m[2m:[0m parsed 4 headers
[2m2025-12-10T10:19:31.589954Z[0m [34mDEBUG[0m [2mhyper::proto::h1::conn[0m[2m:[0m incoming body is content-length (45 bytes)
[2m2025-12-10T10:19:31.590013Z[0m [34mDEBUG[0m [2mhyper::proto::h1::conn[0m[2m:[0m incoming body completed
[2m2025-12-10T10:19:31.590062Z[0m [34mDEBUG[0m [2mhyper::client::pool[0m[2m:[0m pooling idle connection for ("http", 192.168.0.14:8545)
[2m2025-12-10T10:19:31.590093Z[0m [34mDEBUG[0m [2mhyper::client::pool[0m[2m:[0m reuse idle connection for ("http", 192.168.0.14:8545)
[2m2025-12-10T10:19:31.590140Z[0m [34mDEBUG[0m [2mhyper::proto::h1::io[0m[2m:[0m flushed 172 bytes
[2m2025-12-10T10:19:31.593849Z[0m [34mDEBUG[0m [2mhyper::proto::h1::io[0m[2m:[0m parsed 4 headers
[2m2025-12-10T10:19:31.593877Z[0m [34mDEBUG[0m [2mhyper::proto::h1::conn[0m[2m:[0m incoming body is content-length (45 bytes)
[2m2025-12-10T10:19:31.593903Z[0m [34mDEBUG[0m [2mhyper::proto::h1::conn[0m[2m:[0m incoming body completed
[2m2025-12-10T10:19:31.595140Z[0m [34mDEBUG[0m [2mhyper::client::pool[0m[2m:[0m pooling idle connection for ("http", 192.168.0.14:8545)
[2m2025-12-10T10:19:31.595293Z[0m [34mDEBUG[0m [2mhyper::client::pool[0m[2m:[0m reuse idle connection for ("http", 192.168.0.14:8545)
[2m2025-12-10T10:19:31.595356Z[0m [34mDEBUG[0m [2mhyper::proto::h1::io[0m[2m:[0m flushed 172 bytes
[2m2025-12-10T10:19:31.601264Z[0m [34mDEBUG[0m [2mhyper::proto::h1::io[0m[2m:[0m parsed 4 headers
[2m2025-12-10T10:19:31.601285Z[0m [34mDEBUG[0m [2mhyper::proto::h1::conn[0m[2m:[0m incoming body is content-length (45 bytes)
[2m2025-12-10T10:19:31.601294Z[0m [34mDEBUG[0m [2mhyper::proto::h1::conn[0m[2m:[0m incoming body completed
[2m2025-12-10T10:19:31.601305Z[0m [34mDEBUG[0m [2mhyper::client::pool[0m[2m:[0m pooling idle connection for ("http", 192.168.0.14:8545)
[2m2025-12-10T10:19:31.601332Z[0m [34mDEBUG[0m [2mhyper::client::pool[0m[2m:[0m reuse idle connection for ("http", 192.168.0.14:8545)
[2m2025-12-10T10:19:31.601441Z[0m [34mDEBUG[0m [2mhyper::proto::h1::io[0m[2m:[0m flushed 172 bytes
[2m2025-12-10T10:19:31.606182Z[0m [34mDEBUG[0m [2mhyper::proto::h1::io[0m[2m:[0m parsed 4 headers
[2m2025-12-10T10:19:31.606209Z[0m [34mDEBUG[0m [2mhyper::proto::h1::conn[0m[2m:[0m incoming body is content-length (45 bytes)
[2m2025-12-10T10:19:31.606224Z[0m [34mDEBUG[0m [2mhyper::proto::h1::conn[0m[2m:[0m incoming body completed
[2m2025-12-10T10:19:31.606240Z[0m [34mDEBUG[0m [2mhyper::client::pool[0m[2m:[0m pooling idle connection for ("http", 192.168.0.14:8545)
[2m2025-12-10T10:19:31.606337Z[0m [34mDEBUG[0m [2mhyper::client::pool[0m[2m:[0m reuse idle connection for ("http", 192.168.0.14:8545)
[2m2025-12-10T10:19:31.606412Z[0m [34mDEBUG[0m [2mhyper::proto::h1::io[0m[2m:[0m flushed 172 bytes
[2m2025-12-10T10:19:31.610380Z[0m [34mDEBUG[0m [2mhyper::proto::h1::io[0m[2m:[0m parsed 4 headers
[2m2025-12-10T10:19:31.610393Z[0m [34mDEBUG[0m [2mhyper::proto::h1::conn[0m[2m:[0m incoming body is content-length (45 bytes)
[2m2025-12-10T10:19:31.610400Z[0m [34mDEBUG[0m [2mhyper::proto::h1::conn[0m[2m:[0m incoming body completed
[2m2025-12-10T10:19:31.610409Z[0m [34mDEBUG[0m [2mhyper::client::pool[0m[2m:[0m pooling idle connection for ("http", 192.168.0.14:8545)
[2m2025-12-10T10:19:31.610437Z[0m [34mDEBUG[0m [2mhyper::client::pool[0m[2m:[0m reuse idle connection for ("http", 192.168.0.14:8545)
[2m2025-12-10T10:19:31.610511Z[0m [34mDEBUG[0m [2mhyper::proto::h1::io[0m[2m:[0m flushed 172 bytes
[2m2025-12-10T10:19:31.617790Z[0m [34mDEBUG[0m [2mhyper::proto::h1::io[0m[2m:[0m parsed 4 headers
[2m2025-12-10T10:19:31.617826Z[0m [34mDEBUG[0m [2mhyper::proto::h1::conn[0m[2m:[0m incoming body is content-length (45 bytes)
[2m2025-12-10T10:19:31.617844Z[0m [34mDEBUG[0m [2mhyper::proto::h1::conn[0m[2m:[0m incoming body completed
[2m2025-12-10T10:19:31.617897Z[0m [34mDEBUG[0m [2mhyper::client::pool[0m[2m:[0m pooling idle connection for ("http", 192.168.0.14:8545)
[2m2025-12-10T10:19:31.617976Z[0m [34mDEBUG[0m [2mhyper::client::pool[0m[2m:[0m reuse idle connection for ("http", 192.168.0.14:8545)
[2m2025-12-10T10:19:31.618065Z[0m [34mDEBUG[0m [2mhyper::proto::h1::io[0m[2m:[0m flushed 172 bytes
[2m2025-12-10T10:19:31.658726Z[0m [34mDEBUG[0m [2mhyper::proto::h1::io[0m[2m:[0m parsed 4 headers
[2m2025-12-10T10:19:31.658745Z[0m [34mDEBUG[0m [2mhyper::proto::h1::conn[0m[2m:[0m incoming body is content-length (45 bytes)
[2m2025-12-10T10:19:31.658759Z[0m [34mDEBUG[0m [2mhyper::proto::h1::conn[0m[2m:[0m incoming body completed
[2m2025-12-10T10:19:31.658775Z[0m [34mDEBUG[0m [2mhyper::client::pool[0m[2m:[0m pooling idle connection for ("http", 192.168.0.14:8545)
[2m2025-12-10T10:19:31.658812Z[0m [34mDEBUG[0m [2mhyper::client::pool[0m[2m:[0m reuse idle connection for ("http", 192.168.0.14:8545)
[2m2025-12-10T10:19:31.661453Z[0m [34mDEBUG[0m [2mhyper::proto::h1::io[0m[2m:[0m flushed 172 bytes
[2m2025-12-10T10:19:31.666538Z[0m [34mDEBUG[0m [2methereum_transaction_pool_monitor::eth_client[0m[2m:[0m 📨 Received WebSocket message: {"jsonrpc":"2.0","method":"eth_subscription","params":{"subscription":"0xbed0a0851463e895960a451075a301a9","result":"0xe33bfa7fa9299e376e57a2a4e40a17eaaa06507e254b1d48150e8d9c568db3fe"}}
[2m2025-12-10T10:19:31.666564Z[0m [34mDEBUG[0m [2methereum_transaction_pool_monitor::eth_client[0m[2m:[0m 📨 Received pending transaction: 0xe33bfa7fa9299e376e57a2a4e40a17eaaa06507e254b1d48150e8d9c568db3fe
[2m2025-12-10T10:19:31.671687Z[0m [34mDEBUG[0m [2mhyper::proto::h1::io[0m[2m:[0m parsed 4 headers
[2m2025-12-10T10:19:31.672051Z[0m [34mDEBUG[0m [2mhyper::proto::h1::conn[0m[2m:[0m incoming body is content-length (45 bytes)
[2m2025-12-10T10:19:31.672062Z[0m [34mDEBUG[0m [2mhyper::proto::h1::conn[0m[2m:[0m incoming body completed
[2m2025-12-10T10:19:31.672076Z[0m [34mDEBUG[0m [2mhyper::client::pool[0m[2m:[0m pooling idle connection for ("http", 192.168.0.14:8545)
[2m2025-12-10T10:19:31.672103Z[0m [34mDEBUG[0m [2mhyper::client::pool[0m[2m:[0m reuse idle connection for ("http", 192.168.0.14:8545)
[2m2025-12-10T10:19:31.672138Z[0m [34mDEBUG[0m [2mhyper::proto::h1::io[0m[2m:[0m flushed 172 bytes
[2m2025-12-10T10:19:31.682756Z[0m [34mDEBUG[0m [2mhyper::proto::h1::io[0m[2m:[0m parsed 4 headers
[2m2025-12-10T10:19:31.682775Z[0m [34mDEBUG[0m [2mhyper::proto::h1::conn[0m[2m:[0m incoming body is content-length (45 bytes)
[2m2025-12-10T10:19:31.682787Z[0m [34mDEBUG[0m [2mhyper::proto::h1::conn[0m[2m:[0m incoming body completed
[2m2025-12-10T10:19:31.682802Z[0m [34mDEBUG[0m [2mhyper::client::pool[0m[2m:[0m pooling idle connection for ("http", 192.168.0.14:8545)
[2m2025-12-10T10:19:31.682833Z[0m [34mDEBUG[0m [2mhyper::client::pool[0m[2m:[0m reuse idle connection for ("http", 192.168.0.14:8545)
[2m2025-12-10T10:19:31.685909Z[0m [34mDEBUG[0m [2mhyper::proto::h1::io[0m[2m:[0m flushed 172 bytes
[2m2025-12-10T10:19:31.689350Z[0m [34mDEBUG[0m [2mhyper::proto::h1::io[0m[2m:[0m parsed 4 headers
[2m2025-12-10T10:19:31.689389Z[0m [34mDEBUG[0m [2mhyper::proto::h1::conn[0m[2m:[0m incoming body is content-length (45 bytes)
[2m2025-12-10T10:19:31.689408Z[0m [34mDEBUG[0m [2mhyper::proto::h1::conn[0m[2m:[0m incoming body completed
[2m2025-12-10T10:19:31.704627Z[0m [34mDEBUG[0m [2mhyper::client::pool[0m[2m:[0m pooling idle connection for ("http", 192.168.0.14:8545)
[2m2025-12-10T10:19:31.704663Z[0m [34mDEBUG[0m [2mhyper::client::pool[0m[2m:[0m reuse idle connection for ("http", 192.168.0.14:8545)
[2m2025-12-10T10:19:31.704698Z[0m [34mDEBUG[0m [2mhyper::proto::h1::io[0m[2m:[0m flushed 172 bytes
[2m2025-12-10T10:19:31.718912Z[0m [34mDEBUG[0m [2mhyper::proto::h1::io[0m[2m:[0m parsed 4 headers
[2m2025-12-10T10:19:31.718941Z[0m [34mDEBUG[0m [2mhyper::proto::h1::conn[0m[2m:[0m incoming body is content-length (45 bytes)
[2m2025-12-10T10:19:31.718954Z[0m [34mDEBUG[0m [2mhyper::proto::h1::conn[0m[2m:[0m incoming body completed
[2m2025-12-10T10:19:31.718971Z[0m [34mDEBUG[0m [2mhyper::client::pool[0m[2m:[0m pooling idle connection for ("http", 192.168.0.14:8545)
[2m2025-12-10T10:19:31.719008Z[0m [34mDEBUG[0m [2mhyper::client::pool[0m[2m:[0m reuse idle connection for ("http", 192.168.0.14:8545)
[2m2025-12-10T10:19:31.719049Z[0m [34mDEBUG[0m [2mhyper::proto::h1::io[0m[2m:[0m flushed 172 bytes
[2m2025-12-10T10:19:31.749323Z[0m [34mDEBUG[0m [2mhyper::proto::h1::io[0m[2m:[0m parsed 4 headers
[2m2025-12-10T10:19:31.749406Z[0m [34mDEBUG[0m [2mhyper::proto::h1::conn[0m[2m:[0m incoming body is content-length (45 bytes)
[2m2025-12-10T10:19:31.749432Z[0m [34mDEBUG[0m [2mhyper::proto::h1::conn[0m[2m:[0m incoming body completed
[2m2025-12-10T10:19:31.749486Z[0m [34mDEBUG[0m [2mhyper::client::pool[0m[2m:[0m pooling idle connection for ("http", 192.168.0.14:8545)
[2m2025-12-10T10:19:31.749588Z[0m [34mDEBUG[0m [2mhyper::client::pool[0m[2m:[0m reuse idle connection for ("http", 192.168.0.14:8545)
[2m2025-12-10T10:19:31.749942Z[0m [34mDEBUG[0m [2mhyper::proto::h1::io[0m[2m:[0m flushed 172 bytes
[2m2025-12-10T10:19:31.768348Z[0m [34mDEBUG[0m [2mhyper::proto::h1::io[0m[2m:[0m parsed 4 headers
[2m2025-12-10T10:19:31.768363Z[0m [34mDEBUG[0m [2mhyper::proto::h1::conn[0m[2m:[0m incoming body is content-length (45 bytes)
[2m2025-12-10T10:19:31.768376Z[0m [34mDEBUG[0m [2mhyper::proto::h1::conn[0m[2m:[0m incoming body completed
[2m2025-12-10T10:19:31.768395Z[0m [34mDEBUG[0m [2mhyper::client::pool[0m[2m:[0m pooling idle connection for ("http", 192.168.0.14:8545)
[2m2025-12-10T10:19:31.768431Z[0m [34mDEBUG[0m [2mhyper::client::pool[0m[2m:[0m reuse idle connection for ("http", 192.168.0.14:8545)
[2m2025-12-10T10:19:31.768456Z[0m [34mDEBUG[0m [2mhyper::proto::h1::io[0m[2m:[0m flushed 172 bytes
[2m2025-12-10T10:19:31.773583Z[0m [34mDEBUG[0m [2mhyper::proto::h1::io[0m[2m:[0m parsed 4 headers
[2m2025-12-10T10:19:31.773595Z[0m [34mDEBUG[0m [2mhyper::proto::h1::conn[0m[2m:[0m incoming body is content-length (45 bytes)
[2m2025-12-10T10:19:31.773602Z[0m [34mDEBUG[0m [2mhyper::proto::h1::conn[0m[2m:[0m incoming body completed
[2m2025-12-10T10:19:31.773612Z[0m [34mDEBUG[0m [2mhyper::client::pool[0m[2m:[0m pooling idle connection for ("http", 192.168.0.14:8545)
[2m2025-12-10T10:19:31.773638Z[0m [34mDEBUG[0m [2mhyper::client::pool[0m[2m:[0m reuse idle connection for ("http", 192.168.0.14:8545)
[2m2025-12-10T10:19:31.773658Z[0m [34mDEBUG[0m [2mhyper::proto::h1::io[0m[2m:[0m flushed 172 bytes
[2m2025-12-10T10:19:31.783856Z[0m [34mDEBUG[0m [2mhyper::proto::h1::io[0m[2m:[0m parsed 4 headers
[2m2025-12-10T10:19:31.783882Z[0m [34mDEBUG[0m [2mhyper::proto::h1::conn[0m[2m:[0m incoming body is content-length (45 bytes)
[2m2025-12-10T10:19:31.783895Z[0m [34mDEBUG[0m [2mhyper::proto::h1::conn[0m[2m:[0m incoming body completed
[2m2025-12-10T10:19:31.783908Z[0m [34mDEBUG[0m [2mhyper::client::pool[0m[2m:[0m pooling idle connection for ("http", 192.168.0.14:8545)
[2m2025-12-10T10:19:31.783938Z[0m [34mDEBUG[0m [2mhyper::client::pool[0m[2m:[0m reuse idle connection for ("http", 192.168.0.14:8545)
[2m2025-12-10T10:19:31.783996Z[0m [34mDEBUG[0m [2mhyper::proto::h1::io[0m[2m:[0m flushed 172 bytes
[2m2025-12-10T10:19:31.787552Z[0m [34mDEBUG[0m [2mhyper::proto::h1::io[0m[2m:[0m parsed 4 headers
[2m2025-12-10T10:19:31.787564Z[0m [34mDEBUG[0m [2mhyper::proto::h1::conn[0m[2m:[0m incoming body is content-length (45 bytes)
[2m2025-12-10T10:19:31.787572Z[0m [34mDEBUG[0m [2mhyper::proto::h1::conn[0m[2m:[0m incoming body completed
[2m2025-12-10T10:19:31.787596Z[0m [34mDEBUG[0m [2mhyper::client::pool[0m[2m:[0m pooling idle connection for ("http", 192.168.0.14:8545)
[2m2025-12-10T10:19:31.787620Z[0m [34mDEBUG[0m [2mhyper::client::pool[0m[2m:[0m reuse idle connection for ("http", 192.168.0.14:8545)
[2m2025-12-10T10:19:31.787640Z[0m [34mDEBUG[0m [2mhyper::proto::h1::io[0m[2m:[0m flushed 172 bytes
[2m2025-12-10T10:19:31.804355Z[0m [34mDEBUG[0m [2mhyper::proto::h1::io[0m[2m:[0m parsed 4 headers
[2m2025-12-10T10:19:31.804379Z[0m [34mDEBUG[0m [2mhyper::proto::h1::conn[0m[2m:[0m incoming body is content-length (45 bytes)
[2m2025-12-10T10:19:31.804389Z[0m [34mDEBUG[0m [2mhyper::proto::h1::conn[0m[2m:[0m incoming body completed
[2m2025-12-10T10:19:31.804520Z[0m [34mDEBUG[0m [2mhyper::client::pool[0m[2m:[0m pooling idle connection for ("http", 192.168.0.14:8545)
[2m2025-12-10T10:19:31.804562Z[0m [34mDEBUG[0m [2mhyper::client::pool[0m[2m:[0m reuse idle connection for ("http", 192.168.0.14:8545)
[2m2025-12-10T10:19:31.804659Z[0m [34mDEBUG[0m [2mhyper::proto::h1::io[0m[2m:[0m flushed 172 bytes
[2m2025-12-10T10:19:31.809200Z[0m [34mDEBUG[0m [2mhyper::proto::h1::io[0m[2m:[0m parsed 4 headers
[2m2025-12-10T10:19:31.809236Z[0m [34mDEBUG[0m [2mhyper::proto::h1::conn[0m[2m:[0m incoming body is content-length (45 bytes)
[2m2025-12-10T10:19:31.809246Z[0m [34mDEBUG[0m [2mhyper::proto::h1::conn[0m[2m:[0m incoming body completed
[2m2025-12-10T10:19:31.809260Z[0m [34mDEBUG[0m [2mhyper::client::pool[0m[2m:[0m pooling idle connection for ("http", 192.168.0.14:8545)
[2m2025-12-10T10:19:31.809291Z[0m [34mDEBUG[0m [2mhyper::client::pool[0m[2m:[0m reuse idle connection for ("http", 192.168.0.14:8545)
[2m2025-12-10T10:19:31.809330Z[0m [34mDEBUG[0m [2mhyper::proto::h1::io[0m[2m:[0m flushed 172 bytes
[2m2025-12-10T10:19:31.813509Z[0m [34mDEBUG[0m [2mhyper::proto::h1::io[0m[2m:[0m parsed 4 headers
[2m2025-12-10T10:19:31.813525Z[0m [34mDEBUG[0m [2mhyper::proto::h1::conn[0m[2m:[0m incoming body is content-length (45 bytes)
[2m2025-12-10T10:19:31.813534Z[0m [34mDEBUG[0m [2mhyper::proto::h1::conn[0m[2m:[0m incoming body completed
[2m2025-12-10T10:19:31.813546Z[0m [34mDEBUG[0m [2mhyper::client::pool[0m[2m:[0m pooling idle connection for ("http", 192.168.0.14:8545)
[2m2025-12-10T10:19:31.813574Z[0m [34mDEBUG[0m [2mhyper::client::pool[0m[2m:[0m reuse idle connection for ("http", 192.168.0.14:8545)
[2m2025-12-10T10:19:31.813600Z[0m [34mDEBUG[0m [2mhyper::proto::h1::io[0m[2m:[0m flushed 172 bytes
[2m2025-12-10T10:19:31.820446Z[0m [34mDEBUG[0m [2mhyper::proto::h1::io[0m[2m:[0m parsed 4 headers
[2m2025-12-10T10:19:31.820474Z[0m [34mDEBUG[0m [2mhyper::proto::h1::conn[0m[2m:[0m incoming body is content-length (45 bytes)
[2m2025-12-10T10:19:31.820489Z[0m [34mDEBUG[0m [2mhyper::proto::h1::conn[0m[2m:[0m incoming body completed
[2m2025-12-10T10:19:31.820552Z[0m [34mDEBUG[0m [2mhyper::client::pool[0m[2m:[0m pooling idle connection for ("http", 192.168.0.14:8545)
[2m2025-12-10T10:19:31.820581Z[0m [34mDEBUG[0m [2mhyper::client::pool[0m[2m:[0m reuse idle connection for ("http", 192.168.0.14:8545)
[2m2025-12-10T10:19:31.820632Z[0m [34mDEBUG[0m [2mhyper::proto::h1::io[0m[2m:[0m flushed 172 bytes
[2m2025-12-10T10:19:31.824538Z[0m [34mDEBUG[0m [2mhyper::proto::h1::io[0m[2m:[0m parsed 4 headers
[2m2025-12-10T10:19:31.824583Z[0m [34mDEBUG[0m [2mhyper::proto::h1::conn[0m[2m:[0m incoming body is content-length (45 bytes)
[2m2025-12-10T10:19:31.824597Z[0m [34mDEBUG[0m [2mhyper::proto::h1::conn[0m[2m:[0m incoming body completed
[2m2025-12-10T10:19:31.824610Z[0m [34mDEBUG[0m [2mhyper::client::pool[0m[2m:[0m pooling idle connection for ("http", 192.168.0.14:8545)
[2m2025-12-10T10:19:31.824642Z[0m [34mDEBUG[0m [2mhyper::client::pool[0m[2m:[0m reuse idle connection for ("http", 192.168.0.14:8545)
[2m2025-12-10T10:19:31.824705Z[0m [34mDEBUG[0m [2mhyper::proto::h1::io[0m[2m:[0m flushed 172 bytes
[2m2025-12-10T10:19:31.831532Z[0m [34mDEBUG[0m [2mhyper::proto::h1::io[0m[2m:[0m parsed 4 headers
[2m2025-12-10T10:19:31.831554Z[0m [34mDEBUG[0m [2mhyper::proto::h1::conn[0m[2m:[0m incoming body is content-length (45 bytes)
[2m2025-12-10T10:19:31.831565Z[0m [34mDEBUG[0m [2mhyper::proto::h1::conn[0m[2m:[0m incoming body completed
[2m2025-12-10T10:19:31.831577Z[0m [34mDEBUG[0m [2mhyper::client::pool[0m[2m:[0m pooling idle connection for ("http", 192.168.0.14:8545)
[2m2025-12-10T10:19:31.831609Z[0m [34mDEBUG[0m [2mhyper::client::pool[0m[2m:[0m reuse idle connection for ("http", 192.168.0.14:8545)
[2m2025-12-10T10:19:31.831645Z[0m [34mDEBUG[0m [2mhyper::proto::h1::io[0m[2m:[0m flushed 172 bytes
[2m2025-12-10T10:19:31.837906Z[0m [34mDEBUG[0m [2mhyper::proto::h1::io[0m[2m:[0m parsed 4 headers
[2m2025-12-10T10:19:31.837983Z[0m [34mDEBUG[0m [2mhyper::proto::h1::conn[0m[2m:[0m incoming body is content-length (45 bytes)
[2m2025-12-10T10:19:31.837999Z[0m [34mDEBUG[0m [2mhyper::proto::h1::conn[0m[2m:[0m incoming body completed
[2m2025-12-10T10:19:31.838040Z[0m [34mDEBUG[0m [2mhyper::client::pool[0m[2m:[0m pooling idle connection for ("http", 192.168.0.14:8545)
[2m2025-12-10T10:19:31.838373Z[0m [34mDEBUG[0m [2mhyper::client::pool[0m[2m:[0m reuse idle connection for ("http", 192.168.0.14:8545)
[2m2025-12-10T10:19:31.838416Z[0m [34mDEBUG[0m [2mhyper::proto::h1::io[0m[2m:[0m flushed 172 bytes
[2m2025-12-10T10:19:31.846373Z[0m [34mDEBUG[0m [2mhyper::proto::h1::io[0m[2m:[0m parsed 4 headers
[2m2025-12-10T10:19:31.846400Z[0m [34mDEBUG[0m [2mhyper::proto::h1::conn[0m[2m:[0m incoming body is content-length (45 bytes)
[2m2025-12-10T10:19:31.846413Z[0m [34mDEBUG[0m [2mhyper::proto::h1::conn[0m[2m:[0m incoming body completed
[2m2025-12-10T10:19:31.846438Z[0m [34mDEBUG[0m [2mhyper::client::pool[0m[2m:[0m pooling idle connection for ("http", 192.168.0.14:8545)
[2m2025-12-10T10:19:31.846517Z[0m [34mDEBUG[0m [2mhyper::client::pool[0m[2m:[0m reuse idle connection for ("http", 192.168.0.14:8545)
[2m2025-12-10T10:19:31.846575Z[0m [34mDEBUG[0m [2mhyper::proto::h1::io[0m[2m:[0m flushed 172 bytes
[2m2025-12-10T10:19:31.853051Z[0m [34mDEBUG[0m [2mhyper::proto::h1::io[0m[2m:[0m parsed 4 headers
[2m2025-12-10T10:19:31.853083Z[0m [34mDEBUG[0m [2mhyper::proto::h1::conn[0m[2m:[0m incoming body is content-length (45 bytes)
[2m2025-12-10T10:19:31.853232Z[0m [34mDEBUG[0m [2mhyper::proto::h1::conn[0m[2m:[0m incoming body completed
[2m2025-12-10T10:19:31.853278Z[0m [34mDEBUG[0m [2mhyper::client::pool[0m[2m:[0m pooling idle connection for ("http", 192.168.0.14:8545)
[2m2025-12-10T10:19:31.853330Z[0m [34mDEBUG[0m [2mhyper::client::pool[0m[2m:[0m reuse idle connection for ("http", 192.168.0.14:8545)
[2m2025-12-10T10:19:31.853382Z[0m [34mDEBUG[0m [2mhyper::proto::h1::io[0m[2m:[0m flushed 172 bytes
[2m2025-12-10T10:19:31.857139Z[0m [34mDEBUG[0m [2mhyper::proto::h1::io[0m[2m:[0m parsed 4 headers
[2m2025-12-10T10:19:31.857160Z[0m [34mDEBUG[0m [2mhyper::proto::h1::conn[0m[2m:[0m incoming body is content-length (45 bytes)
[2m2025-12-10T10:19:31.857170Z[0m [34mDEBUG[0m [2mhyper::proto::h1::conn[0m[2m:[0m incoming body completed
[2m2025-12-10T10:19:31.857183Z[0m [34mDEBUG[0m [2mhyper::client::pool[0m[2m:[0m pooling idle connection for ("http", 192.168.0.14:8545)
[2m2025-12-10T10:19:31.857212Z[0m [34mDEBUG[0m [2mhyper::client::pool[0m[2m:[0m reuse idle connection for ("http", 192.168.0.14:8545)
[2m2025-12-10T10:19:31.857305Z[0m [34mDEBUG[0m [2mhyper::proto::h1::io[0m[2m:[0m flushed 172 bytes
[2m2025-12-10T10:19:31.862494Z[0m [34mDEBUG[0m [2mhyper::proto::h1::io[0m[2m:[0m parsed 4 headers
[2m2025-12-10T10:19:31.862586Z[0m [34mDEBUG[0m [2mhyper::proto::h1::conn[0m[2m:[0m incoming body is content-length (45 bytes)
[2m2025-12-10T10:19:31.862597Z[0m [34mDEBUG[0m [2mhyper::proto::h1::conn[0m[2m:[0m incoming body completed
[2m2025-12-10T10:19:31.862609Z[0m [34mDEBUG[0m [2mhyper::client::pool[0m[2m:[0m pooling idle connection for ("http", 192.168.0.14:8545)
[2m2025-12-10T10:19:31.862676Z[0m [34mDEBUG[0m [2mhyper::client::pool[0m[2m:[0m reuse idle connection for ("http", 192.168.0.14:8545)
[2m2025-12-10T10:19:31.862760Z[0m [34mDEBUG[0m [2mhyper::proto::h1::io[0m[2m:[0m flushed 172 bytes
[2m2025-12-10T10:19:31.868982Z[0m [34mDEBUG[0m [2mhyper::proto::h1::io[0m[2m:[0m parsed 4 headers
[2m2025-12-10T10:19:31.869005Z[0m [34mDEBUG[0m [2mhyper::proto::h1::conn[0m[2m:[0m incoming body is content-length (45 bytes)
[2m2025-12-10T10:19:31.869021Z[0m [34mDEBUG[0m [2mhyper::proto::h1::conn[0m[2m:[0m incoming body completed
[2m2025-12-10T10:19:31.869049Z[0m [34mDEBUG[0m [2mhyper::client::pool[0m[2m:[0m pooling idle connection for ("http", 192.168.0.14:8545)
[2m2025-12-10T10:19:31.869134Z[0m [34mDEBUG[0m [2mhyper::client::pool[0m[2m:[0m reuse idle connection for ("http", 192.168.0.14:8545)
[2m2025-12-10T10:19:31.869244Z[0m [34mDEBUG[0m [2mhyper::proto::h1::io[0m[2m:[0m flushed 172 bytes
[2m2025-12-10T10:19:31.877021Z[0m [34mDEBUG[0m [2mhyper::proto::h1::io[0m[2m:[0m parsed 4 headers
[2m2025-12-10T10:19:31.877041Z[0m [34mDEBUG[0m [2mhyper::proto::h1::conn[0m[2m:[0m incoming body is content-length (45 bytes)
[2m2025-12-10T10:19:31.877055Z[0m [34mDEBUG[0m [2mhyper::proto::h1::conn[0m[2m:[0m incoming body completed
[2m2025-12-10T10:19:31.877071Z[0m [34mDEBUG[0m [2mhyper::client::pool[0m[2m:[0m pooling idle connection for ("http", 192.168.0.14:8545)
[2m2025-12-10T10:19:31.877106Z[0m [34mDEBUG[0m [2mhyper::client::pool[0m[2m:[0m reuse idle connection for ("http", 192.168.0.14:8545)
[2m2025-12-10T10:19:31.877153Z[0m [34mDEBUG[0m [2mhyper::proto::h1::io[0m[2m:[0m flushed 172 bytes
[2m2025-12-10T10:19:31.884844Z[0m [34mDEBUG[0m [2mhyper::proto::h1::io[0m[2m:[0m parsed 4 headers
[2m2025-12-10T10:19:31.884863Z[0m [34mDEBUG[0m [2mhyper::proto::h1::conn[0m[2m:[0m incoming body is content-length (45 bytes)
[2m2025-12-10T10:19:31.884876Z[0m [34mDEBUG[0m [2mhyper::proto::h1::conn[0m[2m:[0m incoming body completed
[2m2025-12-10T10:19:31.887499Z[0m [34mDEBUG[0m [2mhyper::client::pool[0m[2m:[0m pooling idle connection for ("http", 192.168.0.14:8545)
[2m2025-12-10T10:19:31.887569Z[0m [34mDEBUG[0m [2mhyper::client::pool[0m[2m:[0m reuse idle connection for ("http", 192.168.0.14:8545)
[2m2025-12-10T10:19:31.887629Z[0m [34mDEBUG[0m [2mhyper::proto::h1::io[0m[2m:[0m flushed 172 bytes
[2m2025-12-10T10:19:31.890590Z[0m [34mDEBUG[0m [2mhyper::proto::h1::io[0m[2m:[0m parsed 4 headers
[2m2025-12-10T10:19:31.890608Z[0m [34mDEBUG[0m [2mhyper::proto::h1::conn[0m[2m:[0m incoming body is content-length (45 bytes)
[2m2025-12-10T10:19:31.890619Z[0m [34mDEBUG[0m [2mhyper::proto::h1::conn[0m[2m:[0m incoming body completed
[2m2025-12-10T10:19:31.890668Z[0m [34mDEBUG[0m [2mhyper::client::pool[0m[2m:[0m pooling idle connection for ("http", 192.168.0.14:8545)
[2m2025-12-10T10:19:31.890734Z[0m [34mDEBUG[0m [2mhyper::client::pool[0m[2m:[0m reuse idle connection for ("http", 192.168.0.14:8545)
[2m2025-12-10T10:19:31.890765Z[0m [34mDEBUG[0m [2mhyper::proto::h1::io[0m[2m:[0m flushed 172 bytes
[2m2025-12-10T10:19:31.894844Z[0m [34mDEBUG[0m [2mhyper::proto::h1::io[0m[2m:[0m parsed 4 headers
[2m2025-12-10T10:19:31.894868Z[0m [34mDEBUG[0m [2mhyper::proto::h1::conn[0m[2m:[0m incoming body is content-length (45 bytes)
[2m2025-12-10T10:19:31.894904Z[0m [34mDEBUG[0m [2mhyper::proto::h1::conn[0m[2m:[0m incoming body completed
[2m2025-12-10T10:19:31.894959Z[0m [34mDEBUG[0m [2mhyper::client::pool[0m[2m:[0m pooling idle connection for ("http", 192.168.0.14:8545)
[2m2025-12-10T10:19:31.894989Z[0m [34mDEBUG[0m [2mhyper::client::pool[0m[2m:[0m reuse idle connection for ("http", 192.168.0.14:8545)
[2m2025-12-10T10:19:31.895030Z[0m [34mDEBUG[0m [2mhyper::proto::h1::io[0m[2m:[0m flushed 172 bytes
[2m2025-12-10T10:19:31.907911Z[0m [34mDEBUG[0m [2methereum_transaction_pool_monitor::eth_client[0m[2m:[0m 📨 Received WebSocket message: {"jsonrpc":"2.0","method":"eth_subscription","params":{"subscription":"0xbed0a0851463e895960a451075a301a9","result":"0x559c5880132073ad5c7e89ae91ad4d6b350741e39ec35a067927608570db176f"}}
[2m2025-12-10T10:19:31.907942Z[0m [34mDEBUG[0m [2methereum_transaction_pool_monitor::eth_client[0m[2m:[0m 📨 Received pending transaction: 0x559c5880132073ad5c7e89ae91ad4d6b350741e39ec35a067927608570db176f
[2m2025-12-10T10:19:31.907951Z[0m [34mDEBUG[0m [2methereum_transaction_pool_monitor::eth_client[0m[2m:[0m 📨 Received WebSocket message: {"jsonrpc":"2.0","method":"eth_subscription","params":{"subscription":"0xbed0a0851463e895960a451075a301a9","result":"0xa17f265431dc6d0cd5a3393a4c340453d4c572f47ddbff48bc670b3f5cfe8476"}}
[2m2025-12-10T10:19:31.907957Z[0m [34mDEBUG[0m [2methereum_transaction_pool_monitor::eth_client[0m[2m:[0m 📨 Received pending transaction: 0xa17f265431dc6d0cd5a3393a4c340453d4c572f47ddbff48bc670b3f5cfe8476
[2m2025-12-10T10:19:31.907973Z[0m [34mDEBUG[0m [2mhyper::proto::h1::io[0m[2m:[0m parsed 4 headers
[2m2025-12-10T10:19:31.907978Z[0m [34mDEBUG[0m [2mhyper::proto::h1::conn[0m[2m:[0m incoming body is content-length (45 bytes)
[2m2025-12-10T10:19:31.907988Z[0m [34mDEBUG[0m [2mhyper::proto::h1::conn[0m[2m:[0m incoming body completed
[2m2025-12-10T10:19:31.908001Z[0m [34mDEBUG[0m [2mhyper::client::pool[0m[2m:[0m pooling idle connection for ("http", 192.168.0.14:8545)
[2m2025-12-10T10:19:31.908032Z[0m [34mDEBUG[0m [2mhyper::client::pool[0m[2m:[0m reuse idle connection for ("http", 192.168.0.14:8545)
[2m2025-12-10T10:19:31.908056Z[0m [34mDEBUG[0m [2mhyper::proto::h1::io[0m[2m:[0m flushed 172 bytes
[2m2025-12-10T10:19:31.913326Z[0m [34mDEBUG[0m [2mhyper::proto::h1::io[0m[2m:[0m parsed 4 headers
[2m2025-12-10T10:19:31.913374Z[0m [34mDEBUG[0m [2mhyper::proto::h1::conn[0m[2m:[0m incoming body is content-length (45 bytes)
[2m2025-12-10T10:19:31.913394Z[0m [34mDEBUG[0m [2mhyper::proto::h1::conn[0m[2m:[0m incoming body completed
[2m2025-12-10T10:19:31.913404Z[0m [34mDEBUG[0m [2mhyper::client::pool[0m[2m:[0m pooling idle connection for ("http", 192.168.0.14:8545)
[2m2025-12-10T10:19:31.914189Z[0m [34mDEBUG[0m [2mhyper::client::pool[0m[2m:[0m reuse idle connection for ("http", 192.168.0.14:8545)
[2m2025-12-10T10:19:31.918723Z[0m [34mDEBUG[0m [2mhyper::proto::h1::io[0m[2m:[0m flushed 172 bytes
[2m2025-12-10T10:19:31.925019Z[0m [34mDEBUG[0m [2mhyper::proto::h1::io[0m[2m:[0m parsed 4 headers
[2m2025-12-10T10:19:31.928990Z[0m [34mDEBUG[0m [2mhyper::proto::h1::conn[0m[2m:[0m incoming body is content-length (45 bytes)
[2m2025-12-10T10:19:31.929133Z[0m [34mDEBUG[0m [2mhyper::proto::h1::conn[0m[2m:[0m incoming body completed
[2m2025-12-10T10:19:31.929417Z[0m [34mDEBUG[0m [2mhyper::client::pool[0m[2m:[0m pooling idle connection for ("http", 192.168.0.14:8545)
[2m2025-12-10T10:19:31.929478Z[0m [34mDEBUG[0m [2mhyper::client::pool[0m[2m:[0m reuse idle connection for ("http", 192.168.0.14:8545)
[2m2025-12-10T10:19:31.929520Z[0m [34mDEBUG[0m [2mhyper::proto::h1::io[0m[2m:[0m flushed 172 bytes
[2m2025-12-10T10:19:31.932705Z[0m [34mDEBUG[0m [2mhyper::proto::h1::io[0m[2m:[0m parsed 4 headers
[2m2025-12-10T10:19:31.932738Z[0m [34mDEBUG[0m [2mhyper::proto::h1::conn[0m[2m:[0m incoming body is content-length (45 bytes)
[2m2025-12-10T10:19:31.932763Z[0m [34mDEBUG[0m [2mhyper::proto::h1::conn[0m[2m:[0m incoming body completed
[2m2025-12-10T10:19:31.932782Z[0m [34mDEBUG[0m [2mhyper::client::pool[0m[2m:[0m pooling idle connection for ("http", 192.168.0.14:8545)
[2m2025-12-10T10:19:31.932887Z[0m [34mDEBUG[0m [2mhyper::client::pool[0m[2m:[0m reuse idle connection for ("http", 192.168.0.14:8545)
[2m2025-12-10T10:19:31.932911Z[0m [34mDEBUG[0m [2mhyper::proto::h1::io[0m[2m:[0m flushed 172 bytes
[2m2025-12-10T10:19:31.936339Z[0m [34mDEBUG[0m [2mhyper::proto::h1::io[0m[2m:[0m parsed 4 headers
[2m2025-12-10T10:19:31.936362Z[0m [34mDEBUG[0m [2mhyper::proto::h1::conn[0m[2m:[0m incoming body is content-length (45 bytes)
[2m2025-12-10T10:19:31.936372Z[0m [34mDEBUG[0m [2mhyper::proto::h1::conn[0m[2m:[0m incoming body completed
[2m2025-12-10T10:19:31.936384Z[0m [34mDEBUG[0m [2mhyper::client::pool[0m[2m:[0m pooling idle connection for ("http", 192.168.0.14:8545)
[2m2025-12-10T10:19:31.936415Z[0m [34mDEBUG[0m [2mhyper::client::pool[0m[2m:[0m reuse idle connection for ("http", 192.168.0.14:8545)
[2m2025-12-10T10:19:31.936445Z[0m [34mDEBUG[0m [2mhyper::proto::h1::io[0m[2m:[0m flushed 172 bytes
[2m2025-12-10T10:19:31.940352Z[0m [34mDEBUG[0m [2mhyper::proto::h1::io[0m[2m:[0m parsed 4 headers
[2m2025-12-10T10:19:31.940372Z[0m [34mDEBUG[0m [2mhyper::proto::h1::conn[0m[2m:[0m incoming body is content-length (45 bytes)
[2m2025-12-10T10:19:31.940381Z[0m [34mDEBUG[0m [2mhyper::proto::h1::conn[0m[2m:[0m incoming body completed
[2m2025-12-10T10:19:31.940392Z[0m [34mDEBUG[0m [2mhyper::client::pool[0m[2m:[0m pooling idle connection for ("http", 192.168.0.14:8545)
[2m2025-12-10T10:19:31.940419Z[0m [34mDEBUG[0m [2mhyper::client::pool[0m[2m:[0m reuse idle connection for ("http", 192.168.0.14:8545)
[2m2025-12-10T10:19:31.940453Z[0m [34mDEBUG[0m [2mhyper::proto::h1::io[0m[2m:[0m flushed 172 bytes
[2m2025-12-10T10:19:31.943950Z[0m [34mDEBUG[0m [2mhyper::proto::h1::io[0m[2m:[0m parsed 4 headers
[2m2025-12-10T10:19:31.946129Z[0m [34mDEBUG[0m [2mhyper::proto::h1::conn[0m[2m:[0m incoming body is content-length (45 bytes)
[2m2025-12-10T10:19:31.946140Z[0m [34mDEBUG[0m [2mhyper::proto::h1::conn[0m[2m:[0m incoming body completed
[2m2025-12-10T10:19:31.946149Z[0m [34mDEBUG[0m [2mhyper::client::pool[0m[2m:[0m pooling idle connection for ("http", 192.168.0.14:8545)
[2m2025-12-10T10:19:31.946169Z[0m [34mDEBUG[0m [2mhyper::client::pool[0m[2m:[0m reuse idle connection for ("http", 192.168.0.14:8545)
[2m2025-12-10T10:19:31.946204Z[0m [34mDEBUG[0m [2mhyper::proto::h1::io[0m[2m:[0m flushed 172 bytes
[2m2025-12-10T10:19:31.951755Z[0m [34mDEBUG[0m [2mhyper::proto::h1::io[0m[2m:[0m parsed 4 headers
[2m2025-12-10T10:19:31.951762Z[0m [34mDEBUG[0m [2mhyper::proto::h1::conn[0m[2m:[0m incoming body is content-length (45 bytes)
[2m2025-12-10T10:19:31.951768Z[0m [34mDEBUG[0m [2mhyper::proto::h1::conn[0m[2m:[0m incoming body completed
[2m2025-12-10T10:19:31.951776Z[0m [34mDEBUG[0m [2mhyper::client::pool[0m[2m:[0m pooling idle connection for ("http", 192.168.0.14:8545)
[2m2025-12-10T10:19:31.951791Z[0m [34mDEBUG[0m [2mhyper::client::pool[0m[2m:[0m reuse idle connection for ("http", 192.168.0.14:8545)
[2m2025-12-10T10:19:31.951807Z[0m [34mDEBUG[0m [2mhyper::proto::h1::io[0m[2m:[0m flushed 172 bytes
[2m2025-12-10T10:19:31.957450Z[0m [34mDEBUG[0m [2mhyper::proto::h1::io[0m[2m:[0m parsed 4 headers
[2m2025-12-10T10:19:31.957456Z[0m [34mDEBUG[0m [2mhyper::proto::h1::conn[0m[2m:[0m incoming body is content-length (45 bytes)
[2m2025-12-10T10:19:31.957461Z[0m [34mDEBUG[0m [2mhyper::proto::h1::conn[0m[2m:[0m incoming body completed
[2m2025-12-10T10:19:31.957467Z[0m [34mDEBUG[0m [2mhyper::client::pool[0m[2m:[0m pooling idle connection for ("http", 192.168.0.14:8545)
[2m2025-12-10T10:19:31.957479Z[0m [34mDEBUG[0m [2mhyper::client::pool[0m[2m:[0m reuse idle connection for ("http", 192.168.0.14:8545)
[2m2025-12-10T10:19:31.957498Z[0m [34mDEBUG[0m [2mhyper::proto::h1::io[0m[2m:[0m flushed 172 bytes
[2m2025-12-10T10:19:31.965300Z[0m [34mDEBUG[0m [2mhyper::proto::h1::io[0m[2m:[0m parsed 4 headers
[2m2025-12-10T10:19:31.965308Z[0m [34mDEBUG[0m [2mhyper::proto::h1::conn[0m[2m:[0m incoming body is content-length (45 bytes)
[2m2025-12-10T10:19:31.965313Z[0m [34mDEBUG[0m [2mhyper::proto::h1::conn[0m[2m:[0m incoming body completed
[2m2025-12-10T10:19:31.965319Z[0m [34mDEBUG[0m [2mhyper::client::pool[0m[2m:[0m pooling idle connection for ("http", 192.168.0.14:8545)
[2m2025-12-10T10:19:31.965332Z[0m [34mDEBUG[0m [2mhyper::client::pool[0m[2m:[0m reuse idle connection for ("http", 192.168.0.14:8545)
[2m2025-12-10T10:19:31.965350Z[0m [34mDEBUG[0m [2mhyper::proto::h1::io[0m[2m:[0m flushed 172 bytes
[2m2025-12-10T10:19:31.973145Z[0m [34mDEBUG[0m [2mhyper::proto::h1::io[0m[2m:[0m parsed 4 headers
[2m2025-12-10T10:19:31.973152Z[0m [34mDEBUG[0m [2mhyper::proto::h1::conn[0m[2m:[0m incoming body is content-length (45 bytes)
[2m2025-12-10T10:19:31.973158Z[0m [34mDEBUG[0m [2mhyper::proto::h1::conn[0m[2m:[0m incoming body completed
[2m2025-12-10T10:19:31.984152Z[0m [34mDEBUG[0m [2mhyper::client::pool[0m[2m:[0m pooling idle connection for ("http", 192.168.0.14:8545)
[2m2025-12-10T10:19:31.984177Z[0m [34mDEBUG[0m [2mhyper::client::pool[0m[2m:[0m reuse idle connection for ("http", 192.168.0.14:8545)
[2m2025-12-10T10:19:31.984198Z[0m [34mDEBUG[0m [2mhyper::proto::h1::io[0m[2m:[0m flushed 172 bytes
[2m2025-12-10T10:19:31.993602Z[0m [34mDEBUG[0m [2mhyper::proto::h1::io[0m[2m:[0m parsed 4 headers
[2m2025-12-10T10:19:31.993613Z[0m [34mDEBUG[0m [2mhyper::proto::h1::conn[0m[2m:[0m incoming body is content-length (45 bytes)
[2m2025-12-10T10:19:31.993619Z[0m [34mDEBUG[0m [2mhyper::proto::h1::conn[0m[2m:[0m incoming body completed
[2m2025-12-10T10:19:31.993627Z[0m [34mDEBUG[0m [2mhyper::client::pool[0m[2m:[0m pooling idle connection for ("http", 192.168.0.14:8545)
[2m2025-12-10T10:19:31.993644Z[0m [34mDEBUG[0m [2mhyper::client::pool[0m[2m:[0m reuse idle connection for ("http", 192.168.0.14:8545)
[2m2025-12-10T10:19:31.993663Z[0m [34mDEBUG[0m [2mhyper::proto::h1::io[0m[2m:[0m flushed 172 bytes
[2m2025-12-10T10:19:31.997661Z[0m [34mDEBUG[0m [2mhyper::proto::h1::io[0m[2m:[0m parsed 4 headers
[2m2025-12-10T10:19:31.997668Z[0m [34mDEBUG[0m [2mhyper::proto::h1::conn[0m[2m:[0m incoming body is content-length (45 bytes)
[2m2025-12-10T10:19:31.997674Z[0m [34mDEBUG[0m [2mhyper::proto::h1::conn[0m[2m:[0m incoming body completed
[2m2025-12-10T10:19:31.997681Z[0m [34mDEBUG[0m [2mhyper::client::pool[0m[2m:[0m pooling idle connection for ("http", 192.168.0.14:8545)
[2m2025-12-10T10:19:31.997697Z[0m [34mDEBUG[0m [2mhyper::client::pool[0m[2m:[0m reuse idle connection for ("http", 192.168.0.14:8545)
[2m2025-12-10T10:19:31.997715Z[0m [34mDEBUG[0m [2mhyper::proto::h1::io[0m[2m:[0m flushed 172 bytes
[2m2025-12-10T10:19:32.000521Z[0m [34mDEBUG[0m [2mhyper::proto::h1::io[0m[2m:[0m parsed 4 headers
[2m2025-12-10T10:19:32.000585Z[0m [34mDEBUG[0m [2mhyper::proto::h1::conn[0m[2m:[0m incoming body is content-length (45 bytes)
[2m2025-12-10T10:19:32.000609Z[0m [34mDEBUG[0m [2mhyper::proto::h1::conn[0m[2m:[0m incoming body completed
[2m2025-12-10T10:19:32.000636Z[0m [34mDEBUG[0m [2mhyper::client::pool[0m[2m:[0m pooling idle connection for ("http", 192.168.0.14:8545)
[2m2025-12-10T10:19:32.000657Z[0m [34mDEBUG[0m [2mhyper::client::pool[0m[2m:[0m reuse idle connection for ("http", 192.168.0.14:8545)
[2m2025-12-10T10:19:32.000675Z[0m [34mDEBUG[0m [2mhyper::proto::h1::io[0m[2m:[0m flushed 172 bytes
[2m2025-12-10T10:19:32.005753Z[0m [34mDEBUG[0m [2mhyper::proto::h1::io[0m[2m:[0m parsed 4 headers
[2m2025-12-10T10:19:32.005759Z[0m [34mDEBUG[0m [2mhyper::proto::h1::conn[0m[2m:[0m incoming body is content-length (45 bytes)
[2m2025-12-10T10:19:32.005765Z[0m [34mDEBUG[0m [2mhyper::proto::h1::conn[0m[2m:[0m incoming body completed
[2m2025-12-10T10:19:32.005771Z[0m [34mDEBUG[0m [2mhyper::client::pool[0m[2m:[0m pooling idle connection for ("http", 192.168.0.14:8545)
[2m2025-12-10T10:19:32.005782Z[0m [34mDEBUG[0m [2mhyper::client::pool[0m[2m:[0m reuse idle connection for ("http", 192.168.0.14:8545)
[2m2025-12-10T10:19:32.005797Z[0m [34mDEBUG[0m [2mhyper::proto::h1::io[0m[2m:[0m flushed 172 bytes
[2m2025-12-10T10:19:32.009986Z[0m [34mDEBUG[0m [2mhyper::proto::h1::io[0m[2m:[0m parsed 4 headers
[2m2025-12-10T10:19:32.009993Z[0m [34mDEBUG[0m [2mhyper::proto::h1::conn[0m[2m:[0m incoming body is content-length (45 bytes)
[2m2025-12-10T10:19:32.010000Z[0m [34mDEBUG[0m [2mhyper::proto::h1::conn[0m[2m:[0m incoming body completed
[2m2025-12-10T10:19:32.010005Z[0m [34mDEBUG[0m [2mhyper::client::pool[0m[2m:[0m pooling idle connection for ("http", 192.168.0.14:8545)
[2m2025-12-10T10:19:32.010017Z[0m [34mDEBUG[0m [2mhyper::client::pool[0m[2m:[0m reuse idle connection for ("http", 192.168.0.14:8545)
[2m2025-12-10T10:19:32.010034Z[0m [34mDEBUG[0m [2mhyper::proto::h1::io[0m[2m:[0m flushed 172 bytes
[2m2025-12-10T10:19:32.014021Z[0m [34mDEBUG[0m [2mhyper::proto::h1::io[0m[2m:[0m parsed 4 headers
[2m2025-12-10T10:19:32.014058Z[0m [34mDEBUG[0m [2mhyper::proto::h1::conn[0m[2m:[0m incoming body is content-length (45 bytes)
[2m2025-12-10T10:19:32.014095Z[0m [34mDEBUG[0m [2mhyper::proto::h1::conn[0m[2m:[0m incoming body completed
[2m2025-12-10T10:19:32.014130Z[0m [34mDEBUG[0m [2mhyper::client::pool[0m[2m:[0m pooling idle connection for ("http", 192.168.0.14:8545)
[2m2025-12-10T10:19:32.014184Z[0m [34mDEBUG[0m [2mhyper::client::pool[0m[2m:[0m reuse idle connection for ("http", 192.168.0.14:8545)
[2m2025-12-10T10:19:32.014237Z[0m [34mDEBUG[0m [2mhyper::proto::h1::io[0m[2m:[0m flushed 172 bytes
[2m2025-12-10T10:19:32.019520Z[0m [34mDEBUG[0m [2mhyper::proto::h1::io[0m[2m:[0m parsed 4 headers
[2m2025-12-10T10:19:32.019527Z[0m [34mDEBUG[0m [2mhyper::proto::h1::conn[0m[2m:[0m incoming body is content-length (45 bytes)
[2m2025-12-10T10:19:32.019534Z[0m [34mDEBUG[0m [2mhyper::proto::h1::conn[0m[2m:[0m incoming body completed
[2m2025-12-10T10:19:32.019542Z[0m [34mDEBUG[0m [2mhyper::client::pool[0m[2m:[0m pooling idle connection for ("http", 192.168.0.14:8545)
[2m2025-12-10T10:19:32.019556Z[0m [34mDEBUG[0m [2mhyper::client::pool[0m[2m:[0m reuse idle connection for ("http", 192.168.0.14:8545)
[2m2025-12-10T10:19:32.019572Z[0m [34mDEBUG[0m [2mhyper::proto::h1::io[0m[2m:[0m flushed 172 bytes
[2m2025-12-10T10:19:32.025950Z[0m [34mDEBUG[0m [2mhyper::proto::h1::io[0m[2m:[0m parsed 4 headers
[2m2025-12-10T10:19:32.025959Z[0m [34mDEBUG[0m [2mhyper::proto::h1::conn[0m[2m:[0m incoming body is content-length (45 bytes)
[2m2025-12-10T10:19:32.025964Z[0m [34mDEBUG[0m [2mhyper::proto::h1::conn[0m[2m:[0m incoming body completed
[2m2025-12-10T10:19:32.025971Z[0m [34mDEBUG[0m [2mhyper::client::pool[0m[2m:[0m pooling idle connection for ("http", 192.168.0.14:8545)
[2m2025-12-10T10:19:32.025982Z[0m [34mDEBUG[0m [2mhyper::client::pool[0m[2m:[0m reuse idle connection for ("http", 192.168.0.14:8545)
[2m2025-12-10T10:19:32.025998Z[0m [34mDEBUG[0m [2mhyper::proto::h1::io[0m[2m:[0m flushed 172 bytes
[2m2025-12-10T10:19:32.030022Z[0m [34mDEBUG[0m [2mhyper::proto::h1::io[0m[2m:[0m parsed 4 headers
[2m2025-12-10T10:19:32.030030Z[0m [34mDEBUG[0m [2mhyper::proto::h1::conn[0m[2m:[0m incoming body is content-length (45 bytes)
[2m2025-12-10T10:19:32.030036Z[0m [34mDEBUG[0m [2mhyper::proto::h1::conn[0m[2m:[0m incoming body completed
[2m2025-12-10T10:19:32.030042Z[0m [34mDEBUG[0m [2mhyper::client::pool[0m[2m:[0m pooling idle connection for ("http", 192.168.0.14:8545)
[2m2025-12-10T10:19:32.030054Z[0m [34mDEBUG[0m [2mhyper::client::pool[0m[2m:[0m reuse idle connection for ("http", 192.168.0.14:8545)
[2m2025-12-10T10:19:32.030070Z[0m [34mDEBUG[0m [2mhyper::proto::h1::io[0m[2m:[0m flushed 172 bytes
[2m2025-12-10T10:19:32.034705Z[0m [34mDEBUG[0m [2mhyper::proto::h1::io[0m[2m:[0m parsed 4 headers
[2m2025-12-10T10:19:32.034713Z[0m [34mDEBUG[0m [2mhyper::proto::h1::conn[0m[2m:[0m incoming body is content-length (45 bytes)
[2m2025-12-10T10:19:32.034719Z[0m [34mDEBUG[0m [2mhyper::proto::h1::conn[0m[2m:[0m incoming body completed
[2m2025-12-10T10:19:32.034727Z[0m [34mDEBUG[0m [2mhyper::client::pool[0m[2m:[0m pooling idle connection for ("http", 192.168.0.14:8545)
[2m2025-12-10T10:19:32.034768Z[0m [34mDEBUG[0m [2mhyper::client::pool[0m[2m:[0m reuse idle connection for ("http", 192.168.0.14:8545)
[2m2025-12-10T10:19:32.034790Z[0m [34mDEBUG[0m [2mhyper::proto::h1::io[0m[2m:[0m flushed 172 bytes
[2m2025-12-10T10:19:32.041094Z[0m [34mDEBUG[0m [2mhyper::proto::h1::io[0m[2m:[0m parsed 4 headers
[2m2025-12-10T10:19:32.041104Z[0m [34mDEBUG[0m [2mhyper::proto::h1::conn[0m[2m:[0m incoming body is content-length (45 bytes)
[2m2025-12-10T10:19:32.041111Z[0m [34mDEBUG[0m [2mhyper::proto::h1::conn[0m[2m:[0m incoming body completed
[2m2025-12-10T10:19:32.041119Z[0m [34mDEBUG[0m [2mhyper::client::pool[0m[2m:[0m pooling idle connection for ("http", 192.168.0.14:8545)
[2m2025-12-10T10:19:32.041135Z[0m [34mDEBUG[0m [2mhyper::client::pool[0m[2m:[0m reuse idle connection for ("http", 192.168.0.14:8545)
[2m2025-12-10T10:19:32.041153Z[0m [34mDEBUG[0m [2mhyper::proto::h1::io[0m[2m:[0m flushed 172 bytes
[2m2025-12-10T10:19:32.046576Z[0m [34mDEBUG[0m [2mhyper::proto::h1::io[0m[2m:[0m parsed 4 headers
[2m2025-12-10T10:19:32.046584Z[0m [34mDEBUG[0m [2mhyper::proto::h1::conn[0m[2m:[0m incoming body is content-length (45 bytes)
[2m2025-12-10T10:19:32.046590Z[0m [34mDEBUG[0m [2mhyper::proto::h1::conn[0m[2m:[0m incoming body completed
[2m2025-12-10T10:19:32.046596Z[0m [34mDEBUG[0m [2mhyper::client::pool[0m[2m:[0m pooling idle connection for ("http", 192.168.0.14:8545)
[2m2025-12-10T10:19:32.046607Z[0m [34mDEBUG[0m [2mhyper::client::pool[0m[2m:[0m reuse idle connection for ("http", 192.168.0.14:8545)
[2m2025-12-10T10:19:32.046624Z[0m [34mDEBUG[0m [2mhyper::proto::h1::io[0m[2m:[0m flushed 172 bytes
[2m2025-12-10T10:19:32.051694Z[0m [34mDEBUG[0m [2mhyper::proto::h1::io[0m[2m:[0m parsed 4 headers
[2m2025-12-10T10:19:32.051701Z[0m [34mDEBUG[0m [2mhyper::proto::h1::conn[0m[2m:[0m incoming body is content-length (45 bytes)
[2m2025-12-10T10:19:32.051707Z[0m [34mDEBUG[0m [2mhyper::proto::h1::conn[0m[2m:[0m incoming body completed
[2m2025-12-10T10:19:32.051712Z[0m [34mDEBUG[0m [2mhyper::client::pool[0m[2m:[0m pooling idle connection for ("http", 192.168.0.14:8545)
[2m2025-12-10T10:19:32.051724Z[0m [34mDEBUG[0m [2mhyper::client::pool[0m[2m:[0m reuse idle connection for ("http", 192.168.0.14:8545)
[2m2025-12-10T10:19:32.051739Z[0m [34mDEBUG[0m [2mhyper::proto::h1::io[0m[2m:[0m flushed 172 bytes
[2m2025-12-10T10:19:32.054380Z[0m [34mDEBUG[0m [2mhyper::proto::h1::io[0m[2m:[0m parsed 4 headers
[2m2025-12-10T10:19:32.054388Z[0m [34mDEBUG[0m [2mhyper::proto::h1::conn[0m[2m:[0m incoming body is content-length (45 bytes)
[2m2025-12-10T10:19:32.054393Z[0m [34mDEBUG[0m [2mhyper::proto::h1::conn[0m[2m:[0m incoming body completed
[2m2025-12-10T10:19:32.054399Z[0m [34mDEBUG[0m [2mhyper::client::pool[0m[2m:[0m pooling idle connection for ("http", 192.168.0.14:8545)
[2m2025-12-10T10:19:32.054409Z[0m [34mDEBUG[0m [2mhyper::client::pool[0m[2m:[0m reuse idle connection for ("http", 192.168.0.14:8545)
[2m2025-12-10T10:19:32.054424Z[0m [34mDEBUG[0m [2mhyper::proto::h1::io[0m[2m:[0m flushed 172 bytes
[2m2025-12-10T10:19:32.059035Z[0m [34mDEBUG[0m [2mhyper::proto::h1::io[0m[2m:[0m parsed 4 headers
[2m2025-12-10T10:19:32.059091Z[0m [34mDEBUG[0m [2mhyper::proto::h1::conn[0m[2m:[0m incoming body is content-length (45 bytes)
[2m2025-12-10T10:19:32.059100Z[0m [34mDEBUG[0m [2mhyper::proto::h1::conn[0m[2m:[0m incoming body completed
[2m2025-12-10T10:19:32.059110Z[0m [34mDEBUG[0m [2mhyper::client::pool[0m[2m:[0m pooling idle connection for ("http", 192.168.0.14:8545)
[2m2025-12-10T10:19:32.059137Z[0m [34mDEBUG[0m [2mhyper::client::pool[0m[2m:[0m reuse idle connection for ("http", 192.168.0.14:8545)
[2m2025-12-10T10:19:32.059175Z[0m [34mDEBUG[0m [2mhyper::proto::h1::io[0m[2m:[0m flushed 172 bytes
[2m2025-12-10T10:19:32.064716Z[0m [34mDEBUG[0m [2mhyper::proto::h1::io[0m[2m:[0m parsed 4 headers
[2m2025-12-10T10:19:32.064736Z[0m [34mDEBUG[0m [2mhyper::proto::h1::conn[0m[2m:[0m incoming body is content-length (45 bytes)
[2m2025-12-10T10:19:32.064745Z[0m [34mDEBUG[0m [2mhyper::proto::h1::conn[0m[2m:[0m incoming body completed
[2m2025-12-10T10:19:32.064755Z[0m [34mDEBUG[0m [2mhyper::client::pool[0m[2m:[0m pooling idle connection for ("http", 192.168.0.14:8545)
[2m2025-12-10T10:19:32.064777Z[0m [34mDEBUG[0m [2mhyper::client::pool[0m[2m:[0m reuse idle connection for ("http", 192.168.0.14:8545)
[2m2025-12-10T10:19:32.064810Z[0m [34mDEBUG[0m [2mhyper::proto::h1::io[0m[2m:[0m flushed 172 bytes
[2m2025-12-10T10:19:32.070522Z[0m [34mDEBUG[0m [2mhyper::proto::h1::io[0m[2m:[0m parsed 4 headers
[2m2025-12-10T10:19:32.070577Z[0m [34mDEBUG[0m [2mhyper::proto::h1::conn[0m[2m:[0m incoming body is content-length (45 bytes)
[2m2025-12-10T10:19:32.070590Z[0m [34mDEBUG[0m [2mhyper::proto::h1::conn[0m[2m:[0m incoming body completed
[2m2025-12-10T10:19:32.070600Z[0m [34mDEBUG[0m [2mhyper::client::pool[0m[2m:[0m pooling idle connection for ("http", 192.168.0.14:8545)
[2m2025-12-10T10:19:32.070655Z[0m [34mDEBUG[0m [2mhyper::client::pool[0m[2m:[0m reuse idle connection for ("http", 192.168.0.14:8545)
[2m2025-12-10T10:19:32.070758Z[0m [34mDEBUG[0m [2mhyper::proto::h1::io[0m[2m:[0m flushed 172 bytes
[2m2025-12-10T10:19:32.074938Z[0m [34mDEBUG[0m [2mhyper::proto::h1::io[0m[2m:[0m parsed 4 headers
[2m2025-12-10T10:19:32.074955Z[0m [34mDEBUG[0m [2mhyper::proto::h1::conn[0m[2m:[0m incoming body is content-length (45 bytes)
[2m2025-12-10T10:19:32.074962Z[0m [34mDEBUG[0m [2mhyper::proto::h1::conn[0m[2m:[0m incoming body completed
[2m2025-12-10T10:19:32.074971Z[0m [34mDEBUG[0m [2mhyper::client::pool[0m[2m:[0m pooling idle connection for ("http", 192.168.0.14:8545)
[2m2025-12-10T10:19:32.074992Z[0m [34mDEBUG[0m [2mhyper::client::pool[0m[2m:[0m reuse idle connection for ("http", 192.168.0.14:8545)
[2m2025-12-10T10:19:32.075021Z[0m [34mDEBUG[0m [2mhyper::proto::h1::io[0m[2m:[0m flushed 172 bytes
[2m2025-12-10T10:19:32.079128Z[0m [34mDEBUG[0m [2mhyper::proto::h1::io[0m[2m:[0m parsed 4 headers
[2m2025-12-10T10:19:32.079135Z[0m [34mDEBUG[0m [2mhyper::proto::h1::conn[0m[2m:[0m incoming body is content-length (45 bytes)
[2m2025-12-10T10:19:32.079141Z[0m [34mDEBUG[0m [2mhyper::proto::h1::conn[0m[2m:[0m incoming body completed
[2m2025-12-10T10:19:32.079147Z[0m [34mDEBUG[0m [2mhyper::client::pool[0m[2m:[0m pooling idle connection for ("http", 192.168.0.14:8545)
[2m2025-12-10T10:19:32.079176Z[0m [34mDEBUG[0m [2mhyper::client::pool[0m[2m:[0m reuse idle connection for ("http", 192.168.0.14:8545)
[2m2025-12-10T10:19:32.079195Z[0m [34mDEBUG[0m [2mhyper::proto::h1::io[0m[2m:[0m flushed 172 bytes
[2m2025-12-10T10:19:32.083197Z[0m [34mDEBUG[0m [2mhyper::proto::h1::io[0m[2m:[0m parsed 4 headers
[2m2025-12-10T10:19:32.083209Z[0m [34mDEBUG[0m [2mhyper::proto::h1::conn[0m[2m:[0m incoming body is content-length (45 bytes)
[2m2025-12-10T10:19:32.083215Z[0m [34mDEBUG[0m [2mhyper::proto::h1::conn[0m[2m:[0m incoming body completed
[2m2025-12-10T10:19:32.083339Z[0m [34mDEBUG[0m [2mhyper::client::pool[0m[2m:[0m pooling idle connection for ("http", 192.168.0.14:8545)
[2m2025-12-10T10:19:32.083357Z[0m [34mDEBUG[0m [2mhyper::client::pool[0m[2m:[0m reuse idle connection for ("http", 192.168.0.14:8545)
[2m2025-12-10T10:19:32.083395Z[0m [34mDEBUG[0m [2mhyper::proto::h1::io[0m[2m:[0m flushed 172 bytes
[2m2025-12-10T10:19:32.087355Z[0m [34mDEBUG[0m [2mhyper::proto::h1::io[0m[2m:[0m parsed 4 headers
[2m2025-12-10T10:19:32.087374Z[0m [34mDEBUG[0m [2mhyper::proto::h1::conn[0m[2m:[0m incoming body is content-length (45 bytes)
[2m2025-12-10T10:19:32.087384Z[0m [34mDEBUG[0m [2mhyper::proto::h1::conn[0m[2m:[0m incoming body completed
[2m2025-12-10T10:19:32.087396Z[0m [34mDEBUG[0m [2mhyper::client::pool[0m[2m:[0m pooling idle connection for ("http", 192.168.0.14:8545)
[2m2025-12-10T10:19:32.087422Z[0m [34mDEBUG[0m [2mhyper::client::pool[0m[2m:[0m reuse idle connection for ("http", 192.168.0.14:8545)
[2m2025-12-10T10:19:32.087461Z[0m [34mDEBUG[0m [2mhyper::proto::h1::io[0m[2m:[0m flushed 172 bytes
[2m2025-12-10T10:19:32.091323Z[0m [34mDEBUG[0m [2mhyper::proto::h1::io[0m[2m:[0m parsed 4 headers
[2m2025-12-10T10:19:32.091339Z[0m [34mDEBUG[0m [2mhyper::proto::h1::conn[0m[2m:[0m incoming body is content-length (45 bytes)
[2m2025-12-10T10:19:32.091350Z[0m [34mDEBUG[0m [2mhyper::proto::h1::conn[0m[2m:[0m incoming body completed
[2m2025-12-10T10:19:32.091360Z[0m [34mDEBUG[0m [2mhyper::client::pool[0m[2m:[0m pooling idle connection for ("http", 192.168.0.14:8545)
[2m2025-12-10T10:19:32.091389Z[0m [34mDEBUG[0m [2mhyper::client::pool[0m[2m:[0m reuse idle connection for ("http", 192.168.0.14:8545)
[2m2025-12-10T10:19:32.091603Z[0m [34mDEBUG[0m [2mhyper::proto::h1::io[0m[2m:[0m flushed 172 bytes
[2m2025-12-10T10:19:32.095073Z[0m [34mDEBUG[0m [2mhyper::proto::h1::io[0m[2m:[0m parsed 4 headers
[2m2025-12-10T10:19:32.095120Z[0m [34mDEBUG[0m [2mhyper::proto::h1::conn[0m[2m:[0m incoming body is content-length (45 bytes)
[2m2025-12-10T10:19:32.095179Z[0m [34mDEBUG[0m [2mhyper::proto::h1::conn[0m[2m:[0m incoming body completed
[2m2025-12-10T10:19:32.095212Z[0m [34mDEBUG[0m [2mhyper::client::pool[0m[2m:[0m pooling idle connection for ("http", 192.168.0.14:8545)
[2m2025-12-10T10:19:32.095263Z[0m [34mDEBUG[0m [2mhyper::client::pool[0m[2m:[0m reuse idle connection for ("http", 192.168.0.14:8545)
[2m2025-12-10T10:19:32.095340Z[0m [34mDEBUG[0m [2mhyper::proto::h1::io[0m[2m:[0m flushed 172 bytes
[2m2025-12-10T10:19:32.098910Z[0m [34mDEBUG[0m [2mhyper::proto::h1::io[0m[2m:[0m parsed 4 headers
[2m2025-12-10T10:19:32.098955Z[0m [34mDEBUG[0m [2mhyper::proto::h1::conn[0m[2m:[0m incoming body is content-length (45 bytes)
[2m2025-12-10T10:19:32.098973Z[0m [34mDEBUG[0m [2mhyper::proto::h1::conn[0m[2m:[0m incoming body completed
[2m2025-12-10T10:19:32.098985Z[0m [34mDEBUG[0m [2mhyper::client::pool[0m[2m:[0m pooling idle connection for ("http", 192.168.0.14:8545)
[2m2025-12-10T10:19:32.099085Z[0m [34mDEBUG[0m [2mhyper::client::pool[0m[2m:[0m reuse idle connection for ("http", 192.168.0.14:8545)
[2m2025-12-10T10:19:32.099128Z[0m [34mDEBUG[0m [2mhyper::proto::h1::io[0m[2m:[0m flushed 172 bytes
[2m2025-12-10T10:19:32.103032Z[0m [34mDEBUG[0m [2mhyper::proto::h1::io[0m[2m:[0m parsed 4 headers
[2m2025-12-10T10:19:32.103049Z[0m [34mDEBUG[0m [2mhyper::proto::h1::conn[0m[2m:[0m incoming body is content-length (45 bytes)
[2m2025-12-10T10:19:32.103057Z[0m [34mDEBUG[0m [2mhyper::proto::h1::conn[0m[2m:[0m incoming body completed
[2m2025-12-10T10:19:32.103068Z[0m [34mDEBUG[0m [2mhyper::client::pool[0m[2m:[0m pooling idle connection for ("http", 192.168.0.14:8545)
[2m2025-12-10T10:19:32.103100Z[0m [34mDEBUG[0m [2mhyper::client::pool[0m[2m:[0m reuse idle connection for ("http", 192.168.0.14:8545)
[2m2025-12-10T10:19:32.103129Z[0m [34mDEBUG[0m [2mhyper::proto::h1::io[0m[2m:[0m flushed 172 bytes
[2m2025-12-10T10:19:32.107258Z[0m [34mDEBUG[0m [2mhyper::proto::h1::io[0m[2m:[0m parsed 4 headers
[2m2025-12-10T10:19:32.107271Z[0m [34mDEBUG[0m [2mhyper::proto::h1::conn[0m[2m:[0m incoming body is content-length (45 bytes)
[2m2025-12-10T10:19:32.107278Z[0m [34mDEBUG[0m [2mhyper::proto::h1::conn[0m[2m:[0m incoming body completed
[2m2025-12-10T10:19:32.107286Z[0m [34mDEBUG[0m [2mhyper::client::pool[0m[2m:[0m pooling idle connection for ("http", 192.168.0.14:8545)
[2m2025-12-10T10:19:32.107307Z[0m [34mDEBUG[0m [2mhyper::client::pool[0m[2m:[0m reuse idle connection for ("http", 192.168.0.14:8545)
[2m2025-12-10T10:19:32.107332Z[0m [34mDEBUG[0m [2mhyper::proto::h1::io[0m[2m:[0m flushed 172 bytes
[2m2025-12-10T10:19:32.111821Z[0m [34mDEBUG[0m [2mhyper::proto::h1::io[0m[2m:[0m parsed 4 headers
[2m2025-12-10T10:19:32.111843Z[0m [34mDEBUG[0m [2mhyper::proto::h1::conn[0m[2m:[0m incoming body is content-length (45 bytes)
[2m2025-12-10T10:19:32.111852Z[0m [34mDEBUG[0m [2mhyper::proto::h1::conn[0m[2m:[0m incoming body completed
[2m2025-12-10T10:19:32.111913Z[0m [34mDEBUG[0m [2mhyper::client::pool[0m[2m:[0m pooling idle connection for ("http", 192.168.0.14:8545)
[2m2025-12-10T10:19:32.111973Z[0m [34mDEBUG[0m [2mhyper::client::pool[0m[2m:[0m reuse idle connection for ("http", 192.168.0.14:8545)
[2m2025-12-10T10:19:32.112057Z[0m [34mDEBUG[0m [2mhyper::proto::h1::io[0m[2m:[0m flushed 172 bytes
[2m2025-12-10T10:19:32.115683Z[0m [34mDEBUG[0m [2mhyper::proto::h1::io[0m[2m:[0m parsed 4 headers
[2m2025-12-10T10:19:32.115724Z[0m [34mDEBUG[0m [2mhyper::proto::h1::conn[0m[2m:[0m incoming body is content-length (45 bytes)
[2m2025-12-10T10:19:32.115782Z[0m [34mDEBUG[0m [2mhyper::proto::h1::conn[0m[2m:[0m incoming body completed
[2m2025-12-10T10:19:32.115908Z[0m [34mDEBUG[0m [2mhyper::client::pool[0m[2m:[0m pooling idle connection for ("http", 192.168.0.14:8545)
[2m2025-12-10T10:19:32.115947Z[0m [34mDEBUG[0m [2mhyper::client::pool[0m[2m:[0m reuse idle connection for ("http", 192.168.0.14:8545)
[2m2025-12-10T10:19:32.116065Z[0m [34mDEBUG[0m [2mhyper::proto::h1::io[0m[2m:[0m flushed 172 bytes
[2m2025-12-10T10:19:32.119831Z[0m [34mDEBUG[0m [2mhyper::proto::h1::io[0m[2m:[0m parsed 4 headers
[2m2025-12-10T10:19:32.119848Z[0m [34mDEBUG[0m [2mhyper::proto::h1::conn[0m[2m:[0m incoming body is content-length (45 bytes)
[2m2025-12-10T10:19:32.119856Z[0m [34mDEBUG[0m [2mhyper::proto::h1::conn[0m[2m:[0m incoming body completed
[2m2025-12-10T10:19:32.119866Z[0m [34mDEBUG[0m [2mhyper::client::pool[0m[2m:[0m pooling idle connection for ("http", 192.168.0.14:8545)
[2m2025-12-10T10:19:32.119890Z[0m [34mDEBUG[0m [2mhyper::client::pool[0m[2m:[0m reuse idle connection for ("http", 192.168.0.14:8545)
[2m2025-12-10T10:19:32.119920Z[0m [34mDEBUG[0m [2mhyper::proto::h1::io[0m[2m:[0m flushed 172 bytes
[2m2025-12-10T10:19:32.124903Z[0m [34mDEBUG[0m [2mhyper::proto::h1::io[0m[2m:[0m parsed 4 headers
[2m2025-12-10T10:19:32.125049Z[0m [34mDEBUG[0m [2mhyper::proto::h1::conn[0m[2m:[0m incoming body is content-length (45 bytes)
[2m2025-12-10T10:19:32.125097Z[0m [34mDEBUG[0m [2mhyper::proto::h1::conn[0m[2m:[0m incoming body completed
[2m2025-12-10T10:19:32.125104Z[0m [34mDEBUG[0m [2mhyper::client::pool[0m[2m:[0m pooling idle connection for ("http", 192.168.0.14:8545)
[2m2025-12-10T10:19:32.125121Z[0m [34mDEBUG[0m [2mhyper::client::pool[0m[2m:[0m reuse idle connection for ("http", 192.168.0.14:8545)
[2m2025-12-10T10:19:32.125141Z[0m [34mDEBUG[0m [2mhyper::proto::h1::io[0m[2m:[0m flushed 172 bytes
[2m2025-12-10T10:19:32.128798Z[0m [34mDEBUG[0m [2mhyper::proto::h1::io[0m[2m:[0m parsed 4 headers
[2m2025-12-10T10:19:32.129093Z[0m [34mDEBUG[0m [2mhyper::proto::h1::conn[0m[2m:[0m incoming body is content-length (45 bytes)
[2m2025-12-10T10:19:32.129121Z[0m [34mDEBUG[0m [2mhyper::proto::h1::conn[0m[2m:[0m incoming body completed
[2m2025-12-10T10:19:32.129150Z[0m [34mDEBUG[0m [2mhyper::client::pool[0m[2m:[0m pooling idle connection for ("http", 192.168.0.14:8545)
[2m2025-12-10T10:19:32.129176Z[0m [34mDEBUG[0m [2mhyper::client::pool[0m[2m:[0m reuse idle connection for ("http", 192.168.0.14:8545)
[2m2025-12-10T10:19:32.129219Z[0m [34mDEBUG[0m [2mhyper::proto::h1::io[0m[2m:[0m flushed 172 bytes
[2m2025-12-10T10:19:32.134316Z[0m [34mDEBUG[0m [2methereum_transaction_pool_monitor::eth_client[0m[2m:[0m 📨 Received WebSocket message: {"jsonrpc":"2.0","method":"eth_subscription","params":{"subscription":"0xbed0a0851463e895960a451075a301a9","result":"0x82cb30db0a54649fdd195dc8731365f1b6fd8a270143217f6126384426f586a0"}}
[2m2025-12-10T10:19:32.134340Z[0m [34mDEBUG[0m [2methereum_transaction_pool_monitor::eth_client[0m[2m:[0m 📨 Received pending transaction: 0x82cb30db0a54649fdd195dc8731365f1b6fd8a270143217f6126384426f586a0
[2m2025-12-10T10:19:32.134350Z[0m [34mDEBUG[0m [2methereum_transaction_pool_monitor::eth_client[0m[2m:[0m 📨 Received WebSocket message: {"jsonrpc":"2.0","method":"eth_subscription","params":{"subscription":"0xbed0a0851463e895960a451075a301a9","result":"0x277c442b86dd4cd53191ed3a727d0fd916ea694d0260ebc5a599c188a074c2fd"}}
[2m2025-12-10T10:19:32.134356Z[0m [34mDEBUG[0m [2methereum_transaction_pool_monitor::eth_client[0m[2m:[0m 📨 Received pending transaction: 0x277c442b86dd4cd53191ed3a727d0fd916ea694d0260ebc5a599c188a074c2fd
[2m2025-12-10T10:19:32.134361Z[0m [34mDEBUG[0m [2methereum_transaction_pool_monitor::eth_client[0m[2m:[0m 📨 Received WebSocket message: {"jsonrpc":"2.0","method":"eth_subscription","params":{"subscription":"0xbed0a0851463e895960a451075a301a9","result":"0x8acb1140c8ab9531fc87da0eeff36785ab083993f311075b0da1b337a74b341b"}}
[2m2025-12-10T10:19:32.134366Z[0m [34mDEBUG[0m [2methereum_transaction_pool_monitor::eth_client[0m[2m:[0m 📨 Received pending transaction: 0x8acb1140c8ab9531fc87da0eeff36785ab083993f311075b0da1b337a74b341b
[2m2025-12-10T10:19:32.134383Z[0m [34mDEBUG[0m [2mhyper::proto::h1::io[0m[2m:[0m parsed 4 headers
[2m2025-12-10T10:19:32.134390Z[0m [34mDEBUG[0m [2mhyper::proto::h1::conn[0m[2m:[0m incoming body is content-length (45 bytes)
[2m2025-12-10T10:19:32.134398Z[0m [34mDEBUG[0m [2mhyper::proto::h1::conn[0m[2m:[0m incoming body completed
[2m2025-12-10T10:19:32.134406Z[0m [34mDEBUG[0m [2mhyper::client::pool[0m[2m:[0m pooling idle connection for ("http", 192.168.0.14:8545)
[2m2025-12-10T10:19:32.134428Z[0m [34mDEBUG[0m [2mhyper::client::pool[0m[2m:[0m reuse idle connection for ("http", 192.168.0.14:8545)
[2m2025-12-10T10:19:32.134448Z[0m [34mDEBUG[0m [2mhyper::proto::h1::io[0m[2m:[0m flushed 172 bytes
[2m2025-12-10T10:19:32.138843Z[0m [34mDEBUG[0m [2mhyper::proto::h1::io[0m[2m:[0m parsed 4 headers
[2m2025-12-10T10:19:32.138884Z[0m [34mDEBUG[0m [2mhyper::proto::h1::conn[0m[2m:[0m incoming body is content-length (45 bytes)
[2m2025-12-10T10:19:32.138950Z[0m [34mDEBUG[0m [2mhyper::proto::h1::conn[0m[2m:[0m incoming body completed
[2m2025-12-10T10:19:32.138984Z[0m [34mDEBUG[0m [2mhyper::client::pool[0m[2m:[0m pooling idle connection for ("http", 192.168.0.14:8545)
[2m2025-12-10T10:19:32.139006Z[0m [34mDEBUG[0m [2mhyper::client::pool[0m[2m:[0m reuse idle connection for ("http", 192.168.0.14:8545)
[2m2025-12-10T10:19:32.139028Z[0m [34mDEBUG[0m [2mhyper::proto::h1::io[0m[2m:[0m flushed 172 bytes
[2m2025-12-10T10:19:32.144542Z[0m [34mDEBUG[0m [2mhyper::proto::h1::io[0m[2m:[0m parsed 4 headers
[2m2025-12-10T10:19:32.144560Z[0m [34mDEBUG[0m [2mhyper::proto::h1::conn[0m[2m:[0m incoming body is content-length (45 bytes)
[2m2025-12-10T10:19:32.144570Z[0m [34mDEBUG[0m [2mhyper::proto::h1::conn[0m[2m:[0m incoming body completed
[2m2025-12-10T10:19:32.144623Z[0m [34mDEBUG[0m [2mhyper::client::pool[0m[2m:[0m pooling idle connection for ("http", 192.168.0.14:8545)
[2m2025-12-10T10:19:32.144828Z[0m [34mDEBUG[0m [2mhyper::client::pool[0m[2m:[0m reuse idle connection for ("http", 192.168.0.14:8545)
[2m2025-12-10T10:19:32.144875Z[0m [34mDEBUG[0m [2mhyper::proto::h1::io[0m[2m:[0m flushed 172 bytes
[2m2025-12-10T10:19:32.149383Z[0m [34mDEBUG[0m [2mhyper::proto::h1::io[0m[2m:[0m parsed 4 headers
[2m2025-12-10T10:19:32.149401Z[0m [34mDEBUG[0m [2mhyper::proto::h1::conn[0m[2m:[0m incoming body is content-length (45 bytes)
[2m2025-12-10T10:19:32.149410Z[0m [34mDEBUG[0m [2mhyper::proto::h1::conn[0m[2m:[0m incoming body completed
[2m2025-12-10T10:19:32.149419Z[0m [34mDEBUG[0m [2mhyper::client::pool[0m[2m:[0m pooling idle connection for ("http", 192.168.0.14:8545)
[2m2025-12-10T10:19:32.149441Z[0m [34mDEBUG[0m [2mhyper::client::pool[0m[2m:[0m reuse idle connection for ("http", 192.168.0.14:8545)
[2m2025-12-10T10:19:32.149467Z[0m [34mDEBUG[0m [2mhyper::proto::h1::io[0m[2m:[0m flushed 172 bytes
[2m2025-12-10T10:19:32.153772Z[0m [34mDEBUG[0m [2mhyper::proto::h1::io[0m[2m:[0m parsed 4 headers
[2m2025-12-10T10:19:32.153784Z[0m [34mDEBUG[0m [2mhyper::proto::h1::conn[0m[2m:[0m incoming body is content-length (45 bytes)
[2m2025-12-10T10:19:32.153791Z[0m [34mDEBUG[0m [2mhyper::proto::h1::conn[0m[2m:[0m incoming body completed
[2m2025-12-10T10:19:32.153799Z[0m [34mDEBUG[0m [2mhyper::client::pool[0m[2m:[0m pooling idle connection for ("http", 192.168.0.14:8545)
[2m2025-12-10T10:19:32.153818Z[0m [34mDEBUG[0m [2mhyper::client::pool[0m[2m:[0m reuse idle connection for ("http", 192.168.0.14:8545)
[2m2025-12-10T10:19:32.153845Z[0m [34mDEBUG[0m [2mhyper::proto::h1::io[0m[2m:[0m flushed 172 bytes
[2m2025-12-10T10:19:32.158500Z[0m [34mDEBUG[0m [2mhyper::proto::h1::io[0m[2m:[0m parsed 4 headers
[2m2025-12-10T10:19:32.158506Z[0m [34mDEBUG[0m [2mhyper::proto::h1::conn[0m[2m:[0m incoming body is content-length (45 bytes)
[2m2025-12-10T10:19:32.158512Z[0m [34mDEBUG[0m [2mhyper::proto::h1::conn[0m[2m:[0m incoming body completed
[2m2025-12-10T10:19:32.158517Z[0m [34mDEBUG[0m [2mhyper::client::pool[0m[2m:[0m pooling idle connection for ("http", 192.168.0.14:8545)
[2m2025-12-10T10:19:32.158529Z[0m [34mDEBUG[0m [2mhyper::client::pool[0m[2m:[0m reuse idle connection for ("http", 192.168.0.14:8545)
[2m2025-12-10T10:19:32.158548Z[0m [34mDEBUG[0m [2mhyper::proto::h1::io[0m[2m:[0m flushed 172 bytes
[2m2025-12-10T10:19:32.162962Z[0m [34mDEBUG[0m [2mhyper::proto::h1::io[0m[2m:[0m parsed 4 headers
[2m2025-12-10T10:19:32.162970Z[0m [34mDEBUG[0m [2mhyper::proto::h1::conn[0m[2m:[0m incoming body is content-length (45 bytes)
[2m2025-12-10T10:19:32.162975Z[0m [34mDEBUG[0m [2mhyper::proto::h1::conn[0m[2m:[0m incoming body completed
[2m2025-12-10T10:19:32.162980Z[0m [34mDEBUG[0m [2mhyper::client::pool[0m[2m:[0m pooling idle connection for ("http", 192.168.0.14:8545)
[2m2025-12-10T10:19:32.162993Z[0m [34mDEBUG[0m [2mhyper::client::pool[0m[2m:[0m reuse idle connection for ("http", 192.168.0.14:8545)
[2m2025-12-10T10:19:32.163062Z[0m [34mDEBUG[0m [2mhyper::proto::h1::io[0m[2m:[0m flushed 172 bytes
[2m2025-12-10T10:19:32.166726Z[0m [34mDEBUG[0m [2mhyper::proto::h1::io[0m[2m:[0m parsed 4 headers
[2m2025-12-10T10:19:32.166739Z[0m [34mDEBUG[0m [2mhyper::proto::h1::conn[0m[2m:[0m incoming body is content-length (45 bytes)
[2m2025-12-10T10:19:32.166943Z[0m [34mDEBUG[0m [2mhyper::proto::h1::conn[0m[2m:[0m incoming body completed
[2m2025-12-10T10:19:32.166953Z[0m [34mDEBUG[0m [2mhyper::client::pool[0m[2m:[0m pooling idle connection for ("http", 192.168.0.14:8545)
[2m2025-12-10T10:19:32.166971Z[0m [34mDEBUG[0m [2mhyper::client::pool[0m[2m:[0m reuse idle connection for ("http", 192.168.0.14:8545)
[2m2025-12-10T10:19:32.166998Z[0m [34mDEBUG[0m [2mhyper::proto::h1::io[0m[2m:[0m flushed 172 bytes
[2m2025-12-10T10:19:32.171030Z[0m [34mDEBUG[0m [2mhyper::proto::h1::io[0m[2m:[0m parsed 4 headers
[2m2025-12-10T10:19:32.171067Z[0m [34mDEBUG[0m [2mhyper::proto::h1::conn[0m[2m:[0m incoming body is content-length (45 bytes)
[2m2025-12-10T10:19:32.171116Z[0m [34mDEBUG[0m [2mhyper::proto::h1::conn[0m[2m:[0m incoming body completed
[2m2025-12-10T10:19:32.171132Z[0m [34mDEBUG[0m [2mhyper::client::pool[0m[2m:[0m pooling idle connection for ("http", 192.168.0.14:8545)
[2m2025-12-10T10:19:32.171154Z[0m [34mDEBUG[0m [2mhyper::client::pool[0m[2m:[0m reuse idle connection for ("http", 192.168.0.14:8545)
[2m2025-12-10T10:19:32.171207Z[0m [34mDEBUG[0m [2mhyper::proto::h1::io[0m[2m:[0m flushed 172 bytes
[2m2025-12-10T10:19:32.175517Z[0m [34mDEBUG[0m [2mhyper::proto::h1::io[0m[2m:[0m parsed 4 headers
[2m2025-12-10T10:19:32.175534Z[0m [34mDEBUG[0m [2mhyper::proto::h1::conn[0m[2m:[0m incoming body is content-length (45 bytes)
[2m2025-12-10T10:19:32.175540Z[0m [34mDEBUG[0m [2mhyper::proto::h1::conn[0m[2m:[0m incoming body completed
[2m2025-12-10T10:19:32.175549Z[0m [34mDEBUG[0m [2mhyper::client::pool[0m[2m:[0m pooling idle connection for ("http", 192.168.0.14:8545)
[2m2025-12-10T10:19:32.175566Z[0m [34mDEBUG[0m [2mhyper::client::pool[0m[2m:[0m reuse idle connection for ("http", 192.168.0.14:8545)
[2m2025-12-10T10:19:32.175591Z[0m [34mDEBUG[0m [2mhyper::proto::h1::io[0m[2m:[0m flushed 172 bytes
[2m2025-12-10T10:19:32.179654Z[0m [34mDEBUG[0m [2mhyper::proto::h1::io[0m[2m:[0m parsed 4 headers
[2m2025-12-10T10:19:32.179660Z[0m [34mDEBUG[0m [2mhyper::proto::h1::conn[0m[2m:[0m incoming body is content-length (45 bytes)
[2m2025-12-10T10:19:32.179795Z[0m [34mDEBUG[0m [2mhyper::proto::h1::conn[0m[2m:[0m incoming body completed
[2m2025-12-10T10:19:32.179802Z[0m [34mDEBUG[0m [2mhyper::client::pool[0m[2m:[0m pooling idle connection for ("http", 192.168.0.14:8545)
[2m2025-12-10T10:19:32.179946Z[0m [34mDEBUG[0m [2mhyper::client::pool[0m[2m:[0m reuse idle connection for ("http", 192.168.0.14:8545)
[2m2025-12-10T10:19:32.179978Z[0m [34mDEBUG[0m [2mhyper::proto::h1::io[0m[2m:[0m flushed 172 bytes
[2m2025-12-10T10:19:32.183035Z[0m [34mDEBUG[0m [2mhyper::proto::h1::io[0m[2m:[0m parsed 4 headers
[2m2025-12-10T10:19:32.186108Z[0m [34mDEBUG[0m [2mhyper::proto::h1::conn[0m[2m:[0m incoming body is content-length (45 bytes)
[2m2025-12-10T10:19:32.186166Z[0m [34mDEBUG[0m [2mhyper::proto::h1::conn[0m[2m:[0m incoming body completed
[2m2025-12-10T10:19:32.186229Z[0m [34mDEBUG[0m [2mhyper::client::pool[0m[2m:[0m pooling idle connection for ("http", 192.168.0.14:8545)
[2m2025-12-10T10:19:32.186277Z[0m [34mDEBUG[0m [2mhyper::client::pool[0m[2m:[0m reuse idle connection for ("http", 192.168.0.14:8545)
[2m2025-12-10T10:19:32.186338Z[0m [34mDEBUG[0m [2mhyper::proto::h1::io[0m[2m:[0m flushed 172 bytes
[2m2025-12-10T10:19:32.189138Z[0m [34mDEBUG[0m [2mhyper::proto::h1::io[0m[2m:[0m parsed 4 headers
[2m2025-12-10T10:19:32.189147Z[0m [34mDEBUG[0m [2mhyper::proto::h1::conn[0m[2m:[0m incoming body is content-length (45 bytes)
[2m2025-12-10T10:19:32.189155Z[0m [34mDEBUG[0m [2mhyper::proto::h1::conn[0m[2m:[0m incoming body completed
[2m2025-12-10T10:19:32.189165Z[0m [34mDEBUG[0m [2mhyper::client::pool[0m[2m:[0m pooling idle connection for ("http", 192.168.0.14:8545)
[2m2025-12-10T10:19:32.189186Z[0m [34mDEBUG[0m [2mhyper::client::pool[0m[2m:[0m reuse idle connection for ("http", 192.168.0.14:8545)
[2m2025-12-10T10:19:32.189212Z[0m [34mDEBUG[0m [2mhyper::proto::h1::io[0m[2m:[0m flushed 172 bytes
[2m2025-12-10T10:19:32.194238Z[0m [34mDEBUG[0m [2mhyper::proto::h1::io[0m[2m:[0m parsed 4 headers
[2m2025-12-10T10:19:32.194252Z[0m [34mDEBUG[0m [2mhyper::proto::h1::conn[0m[2m:[0m incoming body is content-length (45 bytes)
[2m2025-12-10T10:19:32.194257Z[0m [34mDEBUG[0m [2mhyper::proto::h1::conn[0m[2m:[0m incoming body completed
[2m2025-12-10T10:19:32.194265Z[0m [34mDEBUG[0m [2mhyper::client::pool[0m[2m:[0m pooling idle connection for ("http", 192.168.0.14:8545)
[2m2025-12-10T10:19:32.194278Z[0m [34mDEBUG[0m [2mhyper::client::pool[0m[2m:[0m reuse idle connection for ("http", 192.168.0.14:8545)
[2m2025-12-10T10:19:32.194297Z[0m [34mDEBUG[0m [2mhyper::proto::h1::io[0m[2m:[0m flushed 172 bytes
[2m2025-12-10T10:19:32.199088Z[0m [34mDEBUG[0m [2mhyper::proto::h1::io[0m[2m:[0m parsed 4 headers
[2m2025-12-10T10:19:32.199097Z[0m [34mDEBUG[0m [2mhyper::proto::h1::conn[0m[2m:[0m incoming body is content-length (45 bytes)
[2m2025-12-10T10:19:32.199104Z[0m [34mDEBUG[0m [2mhyper::proto::h1::conn[0m[2m:[0m incoming body completed
[2m2025-12-10T10:19:32.199110Z[0m [34mDEBUG[0m [2mhyper::client::pool[0m[2m:[0m pooling idle connection for ("http", 192.168.0.14:8545)
[2m2025-12-10T10:19:32.199146Z[0m [34mDEBUG[0m [2mhyper::client::pool[0m[2m:[0m reuse idle connection for ("http", 192.168.0.14:8545)
[2m2025-12-10T10:19:32.199171Z[0m [34mDEBUG[0m [2mhyper::proto::h1::io[0m[2m:[0m flushed 172 bytes
[2m2025-12-10T10:19:32.206108Z[0m [34mDEBUG[0m [2mhyper::proto::h1::io[0m[2m:[0m parsed 4 headers
[2m2025-12-10T10:19:32.206209Z[0m [34mDEBUG[0m [2mhyper::proto::h1::conn[0m[2m:[0m incoming body is content-length (45 bytes)
[2m2025-12-10T10:19:32.206218Z[0m [34mDEBUG[0m [2mhyper::proto::h1::conn[0m[2m:[0m incoming body completed
[2m2025-12-10T10:19:32.206231Z[0m [34mDEBUG[0m [2mhyper::client::pool[0m[2m:[0m pooling idle connection for ("http", 192.168.0.14:8545)
[2m2025-12-10T10:19:32.206258Z[0m [34mDEBUG[0m [2mhyper::client::pool[0m[2m:[0m reuse idle connection for ("http", 192.168.0.14:8545)
[2m2025-12-10T10:19:32.206965Z[0m [34mDEBUG[0m [2mhyper::proto::h1::io[0m[2m:[0m flushed 172 bytes
[2m2025-12-10T10:19:32.212182Z[0m [34mDEBUG[0m [2mhyper::proto::h1::io[0m[2m:[0m parsed 4 headers
[2m2025-12-10T10:19:32.212205Z[0m [34mDEBUG[0m [2mhyper::proto::h1::conn[0m[2m:[0m incoming body is content-length (45 bytes)
[2m2025-12-10T10:19:32.212273Z[0m [34mDEBUG[0m [2mhyper::proto::h1::conn[0m[2m:[0m incoming body completed
[2m2025-12-10T10:19:32.212286Z[0m [34mDEBUG[0m [2mhyper::client::pool[0m[2m:[0m pooling idle connection for ("http", 192.168.0.14:8545)
[2m2025-12-10T10:19:32.212312Z[0m [34mDEBUG[0m [2mhyper::client::pool[0m[2m:[0m reuse idle connection for ("http", 192.168.0.14:8545)
[2m2025-12-10T10:19:32.212346Z[0m [34mDEBUG[0m [2mhyper::proto::h1::io[0m[2m:[0m flushed 172 bytes
[2m2025-12-10T10:19:32.217272Z[0m [34mDEBUG[0m [2mhyper::proto::h1::io[0m[2m:[0m parsed 4 headers
[2m2025-12-10T10:19:32.217304Z[0m [34mDEBUG[0m [2mhyper::proto::h1::conn[0m[2m:[0m incoming body is content-length (45 bytes)
[2m2025-12-10T10:19:32.217337Z[0m [34mDEBUG[0m [2mhyper::proto::h1::conn[0m[2m:[0m incoming body completed
[2m2025-12-10T10:19:32.217419Z[0m [34mDEBUG[0m [2mhyper::client::pool[0m[2m:[0m pooling idle connection for ("http", 192.168.0.14:8545)
[2m2025-12-10T10:19:32.217602Z[0m [34mDEBUG[0m [2mhyper::client::pool[0m[2m:[0m reuse idle connection for ("http", 192.168.0.14:8545)
[2m2025-12-10T10:19:32.217695Z[0m [34mDEBUG[0m [2mhyper::proto::h1::io[0m[2m:[0m flushed 172 bytes
[2m2025-12-10T10:19:32.223395Z[0m [34mDEBUG[0m [2mhyper::proto::h1::io[0m[2m:[0m parsed 4 headers
[2m2025-12-10T10:19:32.223414Z[0m [34mDEBUG[0m [2mhyper::proto::h1::conn[0m[2m:[0m incoming body is content-length (45 bytes)
[2m2025-12-10T10:19:32.223423Z[0m [34mDEBUG[0m [2mhyper::proto::h1::conn[0m[2m:[0m incoming body completed
[2m2025-12-10T10:19:32.223502Z[0m [34mDEBUG[0m [2mhyper::client::pool[0m[2m:[0m pooling idle connection for ("http", 192.168.0.14:8545)
[2m2025-12-10T10:19:32.223526Z[0m [34mDEBUG[0m [2mhyper::client::pool[0m[2m:[0m reuse idle connection for ("http", 192.168.0.14:8545)
[2m2025-12-10T10:19:32.223558Z[0m [34mDEBUG[0m [2mhyper::proto::h1::io[0m[2m:[0m flushed 172 bytes
[2m2025-12-10T10:19:32.228169Z[0m [34mDEBUG[0m [2mhyper::proto::h1::io[0m[2m:[0m parsed 4 headers
[2m2025-12-10T10:19:32.228211Z[0m [34mDEBUG[0m [2mhyper::proto::h1::conn[0m[2m:[0m incoming body is content-length (45 bytes)
[2m2025-12-10T10:19:32.228229Z[0m [34mDEBUG[0m [2mhyper::proto::h1::conn[0m[2m:[0m incoming body completed
[2m2025-12-10T10:19:32.228288Z[0m [34mDEBUG[0m [2mhyper::client::pool[0m[2m:[0m pooling idle connection for ("http", 192.168.0.14:8545)
[2m2025-12-10T10:19:32.228385Z[0m [34mDEBUG[0m [2mhyper::client::pool[0m[2m:[0m reuse idle connection for ("http", 192.168.0.14:8545)
[2m2025-12-10T10:19:32.228458Z[0m [34mDEBUG[0m [2mhyper::proto::h1::io[0m[2m:[0m flushed 172 bytes
[2m2025-12-10T10:19:32.232365Z[0m [34mDEBUG[0m [2mhyper::proto::h1::io[0m[2m:[0m parsed 4 headers
[2m2025-12-10T10:19:32.232454Z[0m [34mDEBUG[0m [2mhyper::proto::h1::conn[0m[2m:[0m incoming body is content-length (45 bytes)
[2m2025-12-10T10:19:32.232500Z[0m [34mDEBUG[0m [2mhyper::proto::h1::conn[0m[2m:[0m incoming body completed
[2m2025-12-10T10:19:32.232668Z[0m [34mDEBUG[0m [2mhyper::client::pool[0m[2m:[0m pooling idle connection for ("http", 192.168.0.14:8545)
[2m2025-12-10T10:19:32.232848Z[0m [34mDEBUG[0m [2mhyper::client::pool[0m[2m:[0m reuse idle connection for ("http", 192.168.0.14:8545)
[2m2025-12-10T10:19:32.233050Z[0m [34mDEBUG[0m [2mhyper::proto::h1::io[0m[2m:[0m flushed 172 bytes
[2m2025-12-10T10:19:32.237136Z[0m [34mDEBUG[0m [2mhyper::proto::h1::io[0m[2m:[0m parsed 4 headers
[2m2025-12-10T10:19:32.237153Z[0m [34mDEBUG[0m [2mhyper::proto::h1::conn[0m[2m:[0m incoming body is content-length (45 bytes)
[2m2025-12-10T10:19:32.237209Z[0m [34mDEBUG[0m [2mhyper::proto::h1::conn[0m[2m:[0m incoming body completed
[2m2025-12-10T10:19:32.237317Z[0m [34mDEBUG[0m [2mhyper::client::pool[0m[2m:[0m pooling idle connection for ("http", 192.168.0.14:8545)
[2m2025-12-10T10:19:32.237360Z[0m [34mDEBUG[0m [2mhyper::client::pool[0m[2m:[0m reuse idle connection for ("http", 192.168.0.14:8545)
[2m2025-12-10T10:19:32.237394Z[0m [34mDEBUG[0m [2mhyper::proto::h1::io[0m[2m:[0m flushed 172 bytes
[2m2025-12-10T10:19:32.241537Z[0m [34mDEBUG[0m [2mhyper::proto::h1::io[0m[2m:[0m parsed 4 headers
[2m2025-12-10T10:19:32.241549Z[0m [34mDEBUG[0m [2mhyper::proto::h1::conn[0m[2m:[0m incoming body is content-length (45 bytes)
[2m2025-12-10T10:19:32.241557Z[0m [34mDEBUG[0m [2mhyper::proto::h1::conn[0m[2m:[0m incoming body completed
[2m2025-12-10T10:19:32.241565Z[0m [34mDEBUG[0m [2mhyper::client::pool[0m[2m:[0m pooling idle connection for ("http", 192.168.0.14:8545)
[2m2025-12-10T10:19:32.241586Z[0m [34mDEBUG[0m [2mhyper::client::pool[0m[2m:[0m reuse idle connection for ("http", 192.168.0.14:8545)
[2m2025-12-10T10:19:32.241612Z[0m [34mDEBUG[0m [2mhyper::proto::h1::io[0m[2m:[0m flushed 172 bytes
[2m2025-12-10T10:19:32.245999Z[0m [34mDEBUG[0m [2mhyper::proto::h1::io[0m[2m:[0m parsed 4 headers
[2m2025-12-10T10:19:32.246007Z[0m [34mDEBUG[0m [2mhyper::proto::h1::conn[0m[2m:[0m incoming body is content-length (45 bytes)
[2m2025-12-10T10:19:32.246013Z[0m [34mDEBUG[0m [2mhyper::proto::h1::conn[0m[2m:[0m incoming body completed
[2m2025-12-10T10:19:32.246019Z[0m [34mDEBUG[0m [2mhyper::client::pool[0m[2m:[0m pooling idle connection for ("http", 192.168.0.14:8545)
[2m2025-12-10T10:19:32.246033Z[0m [34mDEBUG[0m [2mhyper::client::pool[0m[2m:[0m reuse idle connection for ("http", 192.168.0.14:8545)
[2m2025-12-10T10:19:32.246050Z[0m [34mDEBUG[0m [2mhyper::proto::h1::io[0m[2m:[0m flushed 172 bytes
[2m2025-12-10T10:19:32.252908Z[0m [34mDEBUG[0m [2mhyper::proto::h1::io[0m[2m:[0m parsed 4 headers
[2m2025-12-10T10:19:32.252925Z[0m [34mDEBUG[0m [2mhyper::proto::h1::conn[0m[2m:[0m incoming body is content-length (45 bytes)
[2m2025-12-10T10:19:32.252934Z[0m [34mDEBUG[0m [2mhyper::proto::h1::conn[0m[2m:[0m incoming body completed
[2m2025-12-10T10:19:32.252966Z[0m [34mDEBUG[0m [2mhyper::client::pool[0m[2m:[0m pooling idle connection for ("http", 192.168.0.14:8545)
[2m2025-12-10T10:19:32.253126Z[0m [34mDEBUG[0m [2mhyper::client::pool[0m[2m:[0m reuse idle connection for ("http", 192.168.0.14:8545)
[2m2025-12-10T10:19:32.253201Z[0m [34mDEBUG[0m [2mhyper::proto::h1::io[0m[2m:[0m flushed 172 bytes
[2m2025-12-10T10:19:32.257028Z[0m [34mDEBUG[0m [2mhyper::proto::h1::io[0m[2m:[0m parsed 4 headers
[2m2025-12-10T10:19:32.257048Z[0m [34mDEBUG[0m [2mhyper::proto::h1::conn[0m[2m:[0m incoming body is content-length (45 bytes)
[2m2025-12-10T10:19:32.257056Z[0m [34mDEBUG[0m [2mhyper::proto::h1::conn[0m[2m:[0m incoming body completed
[2m2025-12-10T10:19:32.257070Z[0m [34mDEBUG[0m [2mhyper::client::pool[0m[2m:[0m pooling idle connection for ("http", 192.168.0.14:8545)
[2m2025-12-10T10:19:32.257109Z[0m [34mDEBUG[0m [2mhyper::client::pool[0m[2m:[0m reuse idle connection for ("http", 192.168.0.14:8545)
[2m2025-12-10T10:19:32.257158Z[0m [34mDEBUG[0m [2mhyper::proto::h1::io[0m[2m:[0m flushed 172 bytes
[2m2025-12-10T10:19:32.266536Z[0m [34mDEBUG[0m [2mhyper::proto::h1::io[0m[2m:[0m parsed 4 headers
[2m2025-12-10T10:19:32.266561Z[0m [34mDEBUG[0m [2mhyper::proto::h1::conn[0m[2m:[0m incoming body is content-length (45 bytes)
[2m2025-12-10T10:19:32.266570Z[0m [34mDEBUG[0m [2mhyper::proto::h1::conn[0m[2m:[0m incoming body completed
[2m2025-12-10T10:19:32.266581Z[0m [34mDEBUG[0m [2mhyper::client::pool[0m[2m:[0m pooling idle connection for ("http", 192.168.0.14:8545)
[2m2025-12-10T10:19:32.266617Z[0m [34mDEBUG[0m [2mhyper::client::pool[0m[2m:[0m reuse idle connection for ("http", 192.168.0.14:8545)
[2m2025-12-10T10:19:32.266763Z[0m [34mDEBUG[0m [2mhyper::proto::h1::io[0m[2m:[0m flushed 172 bytes
[2m2025-12-10T10:19:32.273271Z[0m [34mDEBUG[0m [2mhyper::proto::h1::io[0m[2m:[0m parsed 4 headers
[2m2025-12-10T10:19:32.273294Z[0m [34mDEBUG[0m [2mhyper::proto::h1::conn[0m[2m:[0m incoming body is content-length (45 bytes)
[2m2025-12-10T10:19:32.273303Z[0m [34mDEBUG[0m [2mhyper::proto::h1::conn[0m[2m:[0m incoming body completed
[2m2025-12-10T10:19:32.273336Z[0m [34mDEBUG[0m [2mhyper::client::pool[0m[2m:[0m pooling idle connection for ("http", 192.168.0.14:8545)
[2m2025-12-10T10:19:32.273359Z[0m [34mDEBUG[0m [2mhyper::client::pool[0m[2m:[0m reuse idle connection for ("http", 192.168.0.14:8545)
[2m2025-12-10T10:19:32.273385Z[0m [34mDEBUG[0m [2mhyper::proto::h1::io[0m[2m:[0m flushed 172 bytes
[2m2025-12-10T10:19:32.280131Z[0m [34mDEBUG[0m [2mhyper::proto::h1::io[0m[2m:[0m parsed 4 headers
[2m2025-12-10T10:19:32.280201Z[0m [34mDEBUG[0m [2mhyper::proto::h1::conn[0m[2m:[0m incoming body is content-length (45 bytes)
[2m2025-12-10T10:19:32.280212Z[0m [34mDEBUG[0m [2mhyper::proto::h1::conn[0m[2m:[0m incoming body completed
[2m2025-12-10T10:19:32.280222Z[0m [34mDEBUG[0m [2mhyper::client::pool[0m[2m:[0m pooling idle connection for ("http", 192.168.0.14:8545)
[2m2025-12-10T10:19:32.280248Z[0m [34mDEBUG[0m [2mhyper::client::pool[0m[2m:[0m reuse idle connection for ("http", 192.168.0.14:8545)
[2m2025-12-10T10:19:32.280282Z[0m [34mDEBUG[0m [2mhyper::proto::h1::io[0m[2m:[0m flushed 172 bytes
[2m2025-12-10T10:19:32.284265Z[0m [34mDEBUG[0m [2mhyper::proto::h1::io[0m[2m:[0m parsed 4 headers
[2m2025-12-10T10:19:32.284286Z[0m [34mDEBUG[0m [2mhyper::proto::h1::conn[0m[2m:[0m incoming body is content-length (45 bytes)
[2m2025-12-10T10:19:32.284295Z[0m [34mDEBUG[0m [2mhyper::proto::h1::conn[0m[2m:[0m incoming body completed
[2m2025-12-10T10:19:32.284305Z[0m [34mDEBUG[0m [2mhyper::client::pool[0m[2m:[0m pooling idle connection for ("http", 192.168.0.14:8545)
[2m2025-12-10T10:19:32.284379Z[0m [34mDEBUG[0m [2mhyper::client::pool[0m[2m:[0m reuse idle connection for ("http", 192.168.0.14:8545)
[2m2025-12-10T10:19:32.284424Z[0m [34mDEBUG[0m [2mhyper::proto::h1::io[0m[2m:[0m flushed 172 bytes
[2m2025-12-10T10:19:32.292083Z[0m [34mDEBUG[0m [2mhyper::proto::h1::io[0m[2m:[0m parsed 4 headers
[2m2025-12-10T10:19:32.292105Z[0m [34mDEBUG[0m [2mhyper::proto::h1::conn[0m[2m:[0m incoming body is content-length (45 bytes)
[2m2025-12-10T10:19:32.292114Z[0m [34mDEBUG[0m [2mhyper::proto::h1::conn[0m[2m:[0m incoming body completed
[2m2025-12-10T10:19:32.292125Z[0m [34mDEBUG[0m [2mhyper::client::pool[0m[2m:[0m pooling idle connection for ("http", 192.168.0.14:8545)
[2m2025-12-10T10:19:32.292191Z[0m [34mDEBUG[0m [2mhyper::client::pool[0m[2m:[0m reuse idle connection for ("http", 192.168.0.14:8545)
[2m2025-12-10T10:19:32.292303Z[0m [34mDEBUG[0m [2mhyper::proto::h1::io[0m[2m:[0m flushed 172 bytes
[2m2025-12-10T10:19:32.295070Z[0m [34mDEBUG[0m [2mhyper::proto::h1::io[0m[2m:[0m parsed 4 headers
[2m2025-12-10T10:19:32.295085Z[0m [34mDEBUG[0m [2mhyper::proto::h1::conn[0m[2m:[0m incoming body is content-length (45 bytes)
[2m2025-12-10T10:19:32.295093Z[0m [34mDEBUG[0m [2mhyper::proto::h1::conn[0m[2m:[0m incoming body completed
[2m2025-12-10T10:19:32.295101Z[0m [34mDEBUG[0m [2mhyper::client::pool[0m[2m:[0m pooling idle connection for ("http", 192.168.0.14:8545)
[2m2025-12-10T10:19:32.295122Z[0m [34mDEBUG[0m [2mhyper::client::pool[0m[2m:[0m reuse idle connection for ("http", 192.168.0.14:8545)
[2m2025-12-10T10:19:32.303579Z[0m [34mDEBUG[0m [2mhyper::proto::h1::io[0m[2m:[0m flushed 172 bytes
[2m2025-12-10T10:19:32.308604Z[0m [34mDEBUG[0m [2mhyper::proto::h1::io[0m[2m:[0m parsed 4 headers
[2m2025-12-10T10:19:32.308620Z[0m [34mDEBUG[0m [2mhyper::proto::h1::conn[0m[2m:[0m incoming body is content-length (45 bytes)
[2m2025-12-10T10:19:32.308629Z[0m [34mDEBUG[0m [2mhyper::proto::h1::conn[0m[2m:[0m incoming body completed
[2m2025-12-10T10:19:32.309012Z[0m [34mDEBUG[0m [2mhyper::client::pool[0m[2m:[0m pooling idle connection for ("http", 192.168.0.14:8545)
[2m2025-12-10T10:19:32.309059Z[0m [34mDEBUG[0m [2mhyper::client::pool[0m[2m:[0m reuse idle connection for ("http", 192.168.0.14:8545)
[2m2025-12-10T10:19:32.309092Z[0m [34mDEBUG[0m [2mhyper::proto::h1::io[0m[2m:[0m flushed 172 bytes
[2m2025-12-10T10:19:32.313098Z[0m [34mDEBUG[0m [2mhyper::proto::h1::io[0m[2m:[0m parsed 4 headers
[2m2025-12-10T10:19:32.313168Z[0m [34mDEBUG[0m [2mhyper::proto::h1::conn[0m[2m:[0m incoming body is content-length (45 bytes)
[2m2025-12-10T10:19:32.313196Z[0m [34mDEBUG[0m [2mhyper::proto::h1::conn[0m[2m:[0m incoming body completed
[2m2025-12-10T10:19:32.313220Z[0m [34mDEBUG[0m [2mhyper::client::pool[0m[2m:[0m pooling idle connection for ("http", 192.168.0.14:8545)
[2m2025-12-10T10:19:32.313298Z[0m [34mDEBUG[0m [2mhyper::client::pool[0m[2m:[0m reuse idle connection for ("http", 192.168.0.14:8545)
[2m2025-12-10T10:19:32.313380Z[0m [34mDEBUG[0m [2mhyper::proto::h1::io[0m[2m:[0m flushed 172 bytes
[2m2025-12-10T10:19:32.321586Z[0m [34mDEBUG[0m [2mhyper::proto::h1::io[0m[2m:[0m parsed 4 headers
[2m2025-12-10T10:19:32.321815Z[0m [34mDEBUG[0m [2mhyper::proto::h1::conn[0m[2m:[0m incoming body is content-length (45 bytes)
[2m2025-12-10T10:19:32.321828Z[0m [34mDEBUG[0m [2mhyper::proto::h1::conn[0m[2m:[0m incoming body completed
[2m2025-12-10T10:19:32.321840Z[0m [34mDEBUG[0m [2mhyper::client::pool[0m[2m:[0m pooling idle connection for ("http", 192.168.0.14:8545)
[2m2025-12-10T10:19:32.321926Z[0m [34mDEBUG[0m [2mhyper::client::pool[0m[2m:[0m reuse idle connection for ("http", 192.168.0.14:8545)
[2m2025-12-10T10:19:32.321957Z[0m [34mDEBUG[0m [2mhyper::proto::h1::io[0m[2m:[0m flushed 172 bytes
[2m2025-12-10T10:19:32.332099Z[0m [34mDEBUG[0m [2mhyper::proto::h1::io[0m[2m:[0m parsed 4 headers
[2m2025-12-10T10:19:32.332141Z[0m [34mDEBUG[0m [2mhyper::proto::h1::conn[0m[2m:[0m incoming body is content-length (45 bytes)
[2m2025-12-10T10:19:32.332153Z[0m [34mDEBUG[0m [2mhyper::proto::h1::conn[0m[2m:[0m incoming body completed
[2m2025-12-10T10:19:32.332182Z[0m [34mDEBUG[0m [2mhyper::client::pool[0m[2m:[0m pooling idle connection for ("http", 192.168.0.14:8545)
[2m2025-12-10T10:19:32.332243Z[0m [34mDEBUG[0m [2mhyper::client::pool[0m[2m:[0m reuse idle connection for ("http", 192.168.0.14:8545)
[2m2025-12-10T10:19:32.332294Z[0m [34mDEBUG[0m [2mhyper::proto::h1::io[0m[2m:[0m flushed 172 bytes
[2m2025-12-10T10:19:32.335554Z[0m [34mDEBUG[0m [2mhyper::proto::h1::io[0m[2m:[0m parsed 4 headers
[2m2025-12-10T10:19:32.335565Z[0m [34mDEBUG[0m [2mhyper::proto::h1::conn[0m[2m:[0m incoming body is content-length (45 bytes)
[2m2025-12-10T10:19:32.335645Z[0m [34mDEBUG[0m [2mhyper::proto::h1::conn[0m[2m:[0m incoming body completed
[2m2025-12-10T10:19:32.335693Z[0m [34mDEBUG[0m [2mhyper::client::pool[0m[2m:[0m pooling idle connection for ("http", 192.168.0.14:8545)
[2m2025-12-10T10:19:32.335716Z[0m [34mDEBUG[0m [2mhyper::client::pool[0m[2m:[0m reuse idle connection for ("http", 192.168.0.14:8545)
[2m2025-12-10T10:19:32.335796Z[0m [34mDEBUG[0m [2mhyper::proto::h1::io[0m[2m:[0m flushed 172 bytes
[2m2025-12-10T10:19:32.340732Z[0m [34mDEBUG[0m [2mhyper::proto::h1::io[0m[2m:[0m parsed 4 headers
[2m2025-12-10T10:19:32.340772Z[0m [34mDEBUG[0m [2mhyper::proto::h1::conn[0m[2m:[0m incoming body is content-length (45 bytes)
[2m2025-12-10T10:19:32.340790Z[0m [34mDEBUG[0m [2mhyper::proto::h1::conn[0m[2m:[0m incoming body completed
[2m2025-12-10T10:19:32.340812Z[0m [34mDEBUG[0m [2mhyper::client::pool[0m[2m:[0m pooling idle connection for ("http", 192.168.0.14:8545)
[2m2025-12-10T10:19:32.340866Z[0m [34mDEBUG[0m [2mhyper::client::pool[0m[2m:[0m reuse idle connection for ("http", 192.168.0.14:8545)
[2m2025-12-10T10:19:32.340971Z[0m [34mDEBUG[0m [2mhyper::proto::h1::io[0m[2m:[0m flushed 172 bytes
[2m2025-12-10T10:19:32.344126Z[0m [34mDEBUG[0m [2mhyper::proto::h1::io[0m[2m:[0m parsed 4 headers
[2m2025-12-10T10:19:32.344139Z[0m [34mDEBUG[0m [2mhyper::proto::h1::conn[0m[2m:[0m incoming body is content-length (45 bytes)
[2m2025-12-10T10:19:32.344148Z[0m [34mDEBUG[0m [2mhyper::proto::h1::conn[0m[2m:[0m incoming body completed
[2m2025-12-10T10:19:32.344158Z[0m [34mDEBUG[0m [2mhyper::client::pool[0m[2m:[0m pooling idle connection for ("http", 192.168.0.14:8545)
[2m2025-12-10T10:19:32.344210Z[0m [34mDEBUG[0m [2mhyper::client::pool[0m[2m:[0m reuse idle connection for ("http", 192.168.0.14:8545)
[2m2025-12-10T10:19:32.344369Z[0m [34mDEBUG[0m [2mhyper::proto::h1::io[0m[2m:[0m flushed 172 bytes
[2m2025-12-10T10:19:32.349941Z[0m [34mDEBUG[0m [2mhyper::proto::h1::io[0m[2m:[0m parsed 4 headers
[2m2025-12-10T10:19:32.349955Z[0m [34mDEBUG[0m [2mhyper::proto::h1::conn[0m[2m:[0m incoming body is content-length (45 bytes)
[2m2025-12-10T10:19:32.349962Z[0m [34mDEBUG[0m [2mhyper::proto::h1::conn[0m[2m:[0m incoming body completed
[2m2025-12-10T10:19:32.349970Z[0m [34mDEBUG[0m [2mhyper::client::pool[0m[2m:[0m pooling idle connection for ("http", 192.168.0.14:8545)
[2m2025-12-10T10:19:32.349987Z[0m [34mDEBUG[0m [2mhyper::client::pool[0m[2m:[0m reuse idle connection for ("http", 192.168.0.14:8545)
[2m2025-12-10T10:19:32.350018Z[0m [34mDEBUG[0m [2mhyper::proto::h1::io[0m[2m:[0m flushed 172 bytes
[2m2025-12-10T10:19:32.359432Z[0m [34mDEBUG[0m [2mhyper::proto::h1::io[0m[2m:[0m parsed 4 headers
[2m2025-12-10T10:19:32.359457Z[0m [34mDEBUG[0m [2mhyper::proto::h1::conn[0m[2m:[0m incoming body is content-length (45 bytes)
[2m2025-12-10T10:19:32.359469Z[0m [34mDEBUG[0m [2mhyper::proto::h1::conn[0m[2m:[0m incoming body completed
[2m2025-12-10T10:19:32.359483Z[0m [34mDEBUG[0m [2mhyper::client::pool[0m[2m:[0m pooling idle connection for ("http", 192.168.0.14:8545)
[2m2025-12-10T10:19:32.359533Z[0m [34mDEBUG[0m [2mhyper::client::pool[0m[2m:[0m reuse idle connection for ("http", 192.168.0.14:8545)
[2m2025-12-10T10:19:32.360793Z[0m [34mDEBUG[0m [2mhyper::proto::h1::io[0m[2m:[0m flushed 172 bytes
[2m2025-12-10T10:19:32.364173Z[0m [34mDEBUG[0m [2mhyper::proto::h1::io[0m[2m:[0m parsed 4 headers
[2m2025-12-10T10:19:32.364196Z[0m [34mDEBUG[0m [2mhyper::proto::h1::conn[0m[2m:[0m incoming body is content-length (45 bytes)
[2m2025-12-10T10:19:32.364216Z[0m [34mDEBUG[0m [2mhyper::proto::h1::conn[0m[2m:[0m incoming body completed
[2m2025-12-10T10:19:32.364406Z[0m [34mDEBUG[0m [2mhyper::client::pool[0m[2m:[0m pooling idle connection for ("http", 192.168.0.14:8545)
[2m2025-12-10T10:19:32.364451Z[0m [34mDEBUG[0m [2mhyper::client::pool[0m[2m:[0m reuse idle connection for ("http", 192.168.0.14:8545)
[2m2025-12-10T10:19:32.364541Z[0m [34mDEBUG[0m [2mhyper::proto::h1::io[0m[2m:[0m flushed 172 bytes
[2m2025-12-10T10:19:32.366718Z[0m [34mDEBUG[0m [2methereum_transaction_pool_monitor::eth_client[0m[2m:[0m 📨 Received WebSocket message: {"jsonrpc":"2.0","method":"eth_subscription","params":{"subscription":"0xbed0a0851463e895960a451075a301a9","result":"0x9532a8251da8359cf0a0ecd08074326dbfb851e15314c04ec7ea48e1c2a708dd"}}
[2m2025-12-10T10:19:32.366762Z[0m [34mDEBUG[0m [2methereum_transaction_pool_monitor::eth_client[0m[2m:[0m 📨 Received pending transaction: 0x9532a8251da8359cf0a0ecd08074326dbfb851e15314c04ec7ea48e1c2a708dd
[2m2025-12-10T10:19:32.366773Z[0m [34mDEBUG[0m [2methereum_transaction_pool_monitor::eth_client[0m[2m:[0m 📨 Received WebSocket message: {"jsonrpc":"2.0","method":"eth_subscription","params":{"subscription":"0xbed0a0851463e895960a451075a301a9","result":"0xfc6919308a8f3704c498d49cb00decb84b1438692f74d0dc1244f30297944e45"}}
[2m2025-12-10T10:19:32.366943Z[0m [34mDEBUG[0m [2methereum_transaction_pool_monitor::eth_client[0m[2m:[0m 📨 Received pending transaction: 0xfc6919308a8f3704c498d49cb00decb84b1438692f74d0dc1244f30297944e45
[2m2025-12-10T10:19:32.366950Z[0m [34mDEBUG[0m [2methereum_transaction_pool_monitor::eth_client[0m[2m:[0m 📨 Received WebSocket message: {"jsonrpc":"2.0","method":"eth_subscription","params":{"subscription":"0xbed0a0851463e895960a451075a301a9","result":"0x0d82a16c196fd3ec977d54e4e9856b9d0099f014f4be133dd88d85b2b6463c4a"}}
[2m2025-12-10T10:19:32.366956Z[0m [34mDEBUG[0m [2methereum_transaction_pool_monitor::eth_client[0m[2m:[0m 📨 Received pending transaction: 0x0d82a16c196fd3ec977d54e4e9856b9d0099f014f4be133dd88d85b2b6463c4a
[2m2025-12-10T10:19:32.383440Z[0m [34mDEBUG[0m [2mhyper::proto::h1::io[0m[2m:[0m parsed 4 headers
[2m2025-12-10T10:19:32.383459Z[0m [34mDEBUG[0m [2mhyper::proto::h1::conn[0m[2m:[0m incoming body is content-length (45 bytes)
[2m2025-12-10T10:19:32.383469Z[0m [34mDEBUG[0m [2mhyper::proto::h1::conn[0m[2m:[0m incoming body completed
[2m2025-12-10T10:19:32.383485Z[0m [34mDEBUG[0m [2mhyper::client::pool[0m[2m:[0m pooling idle connection for ("http", 192.168.0.14:8545)
[2m2025-12-10T10:19:32.383514Z[0m [34mDEBUG[0m [2mhyper::client::pool[0m[2m:[0m reuse idle connection for ("http", 192.168.0.14:8545)
[2m2025-12-10T10:19:32.383548Z[0m [34mDEBUG[0m [2mhyper::proto::h1::io[0m[2m:[0m flushed 172 bytes
[2m2025-12-10T10:19:32.397348Z[0m [34mDEBUG[0m [2mhyper::proto::h1::io[0m[2m:[0m parsed 4 headers
[2m2025-12-10T10:19:32.397380Z[0m [34mDEBUG[0m [2mhyper::proto::h1::conn[0m[2m:[0m incoming body is content-length (45 bytes)
[2m2025-12-10T10:19:32.397396Z[0m [34mDEBUG[0m [2mhyper::proto::h1::conn[0m[2m:[0m incoming body completed
[2m2025-12-10T10:19:32.397411Z[0m [34mDEBUG[0m [2mhyper::client::pool[0m[2m:[0m pooling idle connection for ("http", 192.168.0.14:8545)
[2m2025-12-10T10:19:32.397480Z[0m [34mDEBUG[0m [2mhyper::client::pool[0m[2m:[0m reuse idle connection for ("http", 192.168.0.14:8545)
[2m2025-12-10T10:19:32.397526Z[0m [34mDEBUG[0m [2mhyper::proto::h1::io[0m[2m:[0m flushed 172 bytes
[2m2025-12-10T10:19:32.403814Z[0m [34mDEBUG[0m [2mhyper::proto::h1::io[0m[2m:[0m parsed 4 headers
[2m2025-12-10T10:19:32.403832Z[0m [34mDEBUG[0m [2mhyper::proto::h1::conn[0m[2m:[0m incoming body is content-length (45 bytes)
[2m2025-12-10T10:19:32.403842Z[0m [34mDEBUG[0m [2mhyper::proto::h1::conn[0m[2m:[0m incoming body completed
[2m2025-12-10T10:19:32.403855Z[0m [34mDEBUG[0m [2mhyper::client::pool[0m[2m:[0m pooling idle connection for ("http", 192.168.0.14:8545)
[2m2025-12-10T10:19:32.403882Z[0m [34mDEBUG[0m [2mhyper::client::pool[0m[2m:[0m reuse idle connection for ("http", 192.168.0.14:8545)
[2m2025-12-10T10:19:32.403942Z[0m [34mDEBUG[0m [2mhyper::proto::h1::io[0m[2m:[0m flushed 172 bytes
[2m2025-12-10T10:19:32.409240Z[0m [34mDEBUG[0m [2mhyper::proto::h1::io[0m[2m:[0m parsed 4 headers
[2m2025-12-10T10:19:32.409256Z[0m [34mDEBUG[0m [2mhyper::proto::h1::conn[0m[2m:[0m incoming body is content-length (45 bytes)
[2m2025-12-10T10:19:32.409275Z[0m [34mDEBUG[0m [2mhyper::proto::h1::conn[0m[2m:[0m incoming body completed
[2m2025-12-10T10:19:32.409340Z[0m [34mDEBUG[0m [2mhyper::client::pool[0m[2m:[0m pooling idle connection for ("http", 192.168.0.14:8545)
[2m2025-12-10T10:19:32.409406Z[0m [34mDEBUG[0m [2mhyper::client::pool[0m[2m:[0m reuse idle connection for ("http", 192.168.0.14:8545)
[2m2025-12-10T10:19:32.409469Z[0m [34mDEBUG[0m [2mhyper::proto::h1::io[0m[2m:[0m flushed 172 bytes
[2m2025-12-10T10:19:32.412872Z[0m [34mDEBUG[0m [2mhyper::proto::h1::io[0m[2m:[0m parsed 4 headers
[2m2025-12-10T10:19:32.412883Z[0m [34mDEBUG[0m [2mhyper::proto::h1::conn[0m[2m:[0m incoming body is content-length (45 bytes)
[2m2025-12-10T10:19:32.412890Z[0m [34mDEBUG[0m [2mhyper::proto::h1::conn[0m[2m:[0m incoming body completed
[2m2025-12-10T10:19:32.412927Z[0m [34mDEBUG[0m [2mhyper::client::pool[0m[2m:[0m pooling idle connection for ("http", 192.168.0.14:8545)
[2m2025-12-10T10:19:32.412948Z[0m [34mDEBUG[0m [2mhyper::client::pool[0m[2m:[0m reuse idle connection for ("http", 192.168.0.14:8545)
[2m2025-12-10T10:19:32.412968Z[0m [34mDEBUG[0m [2mhyper::proto::h1::io[0m[2m:[0m flushed 172 bytes
[2m2025-12-10T10:19:32.422344Z[0m [34mDEBUG[0m [2mhyper::proto::h1::io[0m[2m:[0m parsed 4 headers
[2m2025-12-10T10:19:32.422371Z[0m [34mDEBUG[0m [2mhyper::proto::h1::conn[0m[2m:[0m incoming body is content-length (45 bytes)
[2m2025-12-10T10:19:32.422381Z[0m [34mDEBUG[0m [2mhyper::proto::h1::conn[0m[2m:[0m incoming body completed
[2m2025-12-10T10:19:32.422393Z[0m [34mDEBUG[0m [2mhyper::client::pool[0m[2m:[0m pooling idle connection for ("http", 192.168.0.14:8545)
[2m2025-12-10T10:19:32.422421Z[0m [34mDEBUG[0m [2mhyper::client::pool[0m[2m:[0m reuse idle connection for ("http", 192.168.0.14:8545)
[2m2025-12-10T10:19:32.422464Z[0m [34mDEBUG[0m [2mhyper::proto::h1::io[0m[2m:[0m flushed 172 bytes
[2m2025-12-10T10:19:32.427526Z[0m [34mDEBUG[0m [2mhyper::proto::h1::io[0m[2m:[0m parsed 4 headers
[2m2025-12-10T10:19:32.427535Z[0m [34mDEBUG[0m [2mhyper::proto::h1::conn[0m[2m:[0m incoming body is content-length (45 bytes)
[2m2025-12-10T10:19:32.427547Z[0m [34mDEBUG[0m [2mhyper::proto::h1::conn[0m[2m:[0m incoming body completed
[2m2025-12-10T10:19:32.427556Z[0m [34mDEBUG[0m [2mhyper::client::pool[0m[2m:[0m pooling idle connection for ("http", 192.168.0.14:8545)
[2m2025-12-10T10:19:32.427577Z[0m [34mDEBUG[0m [2mhyper::client::pool[0m[2m:[0m reuse idle connection for ("http", 192.168.0.14:8545)
[2m2025-12-10T10:19:32.427598Z[0m [34mDEBUG[0m [2mhyper::proto::h1::io[0m[2m:[0m flushed 172 bytes
[2m2025-12-10T10:19:32.432129Z[0m [34mDEBUG[0m [2mhyper::proto::h1::io[0m[2m:[0m parsed 4 headers
[2m2025-12-10T10:19:32.432138Z[0m [34mDEBUG[0m [2mhyper::proto::h1::conn[0m[2m:[0m incoming body is content-length (45 bytes)
[2m2025-12-10T10:19:32.432145Z[0m [34mDEBUG[0m [2mhyper::proto::h1::conn[0m[2m:[0m incoming body completed
[2m2025-12-10T10:19:32.432154Z[0m [34mDEBUG[0m [2mhyper::client::pool[0m[2m:[0m pooling idle connection for ("http", 192.168.0.14:8545)
[2m2025-12-10T10:19:32.432172Z[0m [34mDEBUG[0m [2mhyper::client::pool[0m[2m:[0m reuse idle connection for ("http", 192.168.0.14:8545)
[2m2025-12-10T10:19:32.432190Z[0m [34mDEBUG[0m [2mhyper::proto::h1::io[0m[2m:[0m flushed 172 bytes
[2m2025-12-10T10:19:32.435919Z[0m [34mDEBUG[0m [2mhyper::proto::h1::io[0m[2m:[0m parsed 4 headers
[2m2025-12-10T10:19:32.435927Z[0m [34mDEBUG[0m [2mhyper::proto::h1::conn[0m[2m:[0m incoming body is content-length (45 bytes)
[2m2025-12-10T10:19:32.435933Z[0m [34mDEBUG[0m [2mhyper::proto::h1::conn[0m[2m:[0m incoming body completed
[2m2025-12-10T10:19:32.435939Z[0m [34mDEBUG[0m [2mhyper::client::pool[0m[2m:[0m pooling idle connection for ("http", 192.168.0.14:8545)
[2m2025-12-10T10:19:32.435954Z[0m [34mDEBUG[0m [2mhyper::client::pool[0m[2m:[0m reuse idle connection for ("http", 192.168.0.14:8545)
[2m2025-12-10T10:19:32.435972Z[0m [34mDEBUG[0m [2mhyper::proto::h1::io[0m[2m:[0m flushed 172 bytes
[2m2025-12-10T10:19:32.440029Z[0m [34mDEBUG[0m [2mhyper::proto::h1::io[0m[2m:[0m parsed 4 headers
[2m2025-12-10T10:19:32.440038Z[0m [34mDEBUG[0m [2mhyper::proto::h1::conn[0m[2m:[0m incoming body is content-length (45 bytes)
[2m2025-12-10T10:19:32.440045Z[0m [34mDEBUG[0m [2mhyper::proto::h1::conn[0m[2m:[0m incoming body completed
[2m2025-12-10T10:19:32.440052Z[0m [34mDEBUG[0m [2mhyper::client::pool[0m[2m:[0m pooling idle connection for ("http", 192.168.0.14:8545)
[2m2025-12-10T10:19:32.445779Z[0m [34mDEBUG[0m [2mhyper::client::pool[0m[2m:[0m reuse idle connection for ("http", 192.168.0.14:8545)
[2m2025-12-10T10:19:32.445812Z[0m [34mDEBUG[0m [2mhyper::proto::h1::io[0m[2m:[0m flushed 172 bytes
[2m2025-12-10T10:19:32.450797Z[0m [34mDEBUG[0m [2mhyper::proto::h1::io[0m[2m:[0m parsed 4 headers
[2m2025-12-10T10:19:32.466817Z[0m [34mDEBUG[0m [2mhyper::proto::h1::conn[0m[2m:[0m incoming body is content-length (45 bytes)
[2m2025-12-10T10:19:32.466835Z[0m [34mDEBUG[0m [2mhyper::proto::h1::conn[0m[2m:[0m incoming body completed
[2m2025-12-10T10:19:32.466851Z[0m [34mDEBUG[0m [2mhyper::client::pool[0m[2m:[0m pooling idle connection for ("http", 192.168.0.14:8545)
[2m2025-12-10T10:19:32.466876Z[0m [34mDEBUG[0m [2mhyper::client::pool[0m[2m:[0m reuse idle connection for ("http", 192.168.0.14:8545)
[2m2025-12-10T10:19:32.466904Z[0m [34mDEBUG[0m [2mhyper::proto::h1::io[0m[2m:[0m flushed 172 bytes
[2m2025-12-10T10:19:32.471819Z[0m [34mDEBUG[0m [2mhyper::proto::h1::io[0m[2m:[0m parsed 4 headers
[2m2025-12-10T10:19:32.471827Z[0m [34mDEBUG[0m [2mhyper::proto::h1::conn[0m[2m:[0m incoming body is content-length (45 bytes)
[2m2025-12-10T10:19:32.471834Z[0m [34mDEBUG[0m [2mhyper::proto::h1::conn[0m[2m:[0m incoming body completed
[2m2025-12-10T10:19:32.471841Z[0m [34mDEBUG[0m [2mhyper::client::pool[0m[2m:[0m pooling idle connection for ("http", 192.168.0.14:8545)
[2m2025-12-10T10:19:32.471859Z[0m [34mDEBUG[0m [2mhyper::client::pool[0m[2m:[0m reuse idle connection for ("http", 192.168.0.14:8545)
[2m2025-12-10T10:19:32.471877Z[0m [34mDEBUG[0m [2mhyper::proto::h1::io[0m[2m:[0m flushed 172 bytes
[2m2025-12-10T10:19:32.475668Z[0m [34mDEBUG[0m [2mhyper::proto::h1::io[0m[2m:[0m parsed 4 headers
[2m2025-12-10T10:19:32.475679Z[0m [34mDEBUG[0m [2mhyper::proto::h1::conn[0m[2m:[0m incoming body is content-length (45 bytes)
[2m2025-12-10T10:19:32.475686Z[0m [34mDEBUG[0m [2mhyper::proto::h1::conn[0m[2m:[0m incoming body completed
[2m2025-12-10T10:19:32.475693Z[0m [34mDEBUG[0m [2mhyper::client::pool[0m[2m:[0m pooling idle connection for ("http", 192.168.0.14:8545)
[2m2025-12-10T10:19:32.475709Z[0m [34mDEBUG[0m [2mhyper::client::pool[0m[2m:[0m reuse idle connection for ("http", 192.168.0.14:8545)
[2m2025-12-10T10:19:32.475730Z[0m [34mDEBUG[0m [2mhyper::proto::h1::io[0m[2m:[0m flushed 172 bytes
[2m2025-12-10T10:19:32.479767Z[0m [34mDEBUG[0m [2mhyper::proto::h1::io[0m[2m:[0m parsed 4 headers
[2m2025-12-10T10:19:32.479778Z[0m [34mDEBUG[0m [2mhyper::proto::h1::conn[0m[2m:[0m incoming body is content-length (45 bytes)
[2m2025-12-10T10:19:32.479786Z[0m [34mDEBUG[0m [2mhyper::proto::h1::conn[0m[2m:[0m incoming body completed
[2m2025-12-10T10:19:32.479793Z[0m [34mDEBUG[0m [2mhyper::client::pool[0m[2m:[0m pooling idle connection for ("http", 192.168.0.14:8545)
[2m2025-12-10T10:19:32.479811Z[0m [34mDEBUG[0m [2mhyper::client::pool[0m[2m:[0m reuse idle connection for ("http", 192.168.0.14:8545)
[2m2025-12-10T10:19:32.479856Z[0m [34mDEBUG[0m [2mhyper::proto::h1::io[0m[2m:[0m flushed 172 bytes
[2m2025-12-10T10:19:32.483677Z[0m [34mDEBUG[0m [2mhyper::proto::h1::io[0m[2m:[0m parsed 4 headers
[2m2025-12-10T10:19:32.483685Z[0m [34mDEBUG[0m [2mhyper::proto::h1::conn[0m[2m:[0m incoming body is content-length (45 bytes)
[2m2025-12-10T10:19:32.483708Z[0m [34mDEBUG[0m [2mhyper::proto::h1::conn[0m[2m:[0m incoming body completed
[2m2025-12-10T10:19:32.483798Z[0m [34mDEBUG[0m [2mhyper::client::pool[0m[2m:[0m pooling idle connection for ("http", 192.168.0.14:8545)
[2m2025-12-10T10:19:32.483843Z[0m [34mDEBUG[0m [2mhyper::client::pool[0m[2m:[0m reuse idle connection for ("http", 192.168.0.14:8545)
[2m2025-12-10T10:19:32.483893Z[0m [34mDEBUG[0m [2mhyper::proto::h1::io[0m[2m:[0m flushed 172 bytes
[2m2025-12-10T10:19:32.488017Z[0m [34mDEBUG[0m [2mhyper::proto::h1::io[0m[2m:[0m parsed 4 headers
[2m2025-12-10T10:19:32.488024Z[0m [34mDEBUG[0m [2mhyper::proto::h1::conn[0m[2m:[0m incoming body is content-length (45 bytes)
[2m2025-12-10T10:19:32.488030Z[0m [34mDEBUG[0m [2mhyper::proto::h1::conn[0m[2m:[0m incoming body completed
[2m2025-12-10T10:19:32.488037Z[0m [34mDEBUG[0m [2mhyper::client::pool[0m[2m:[0m pooling idle connection for ("http", 192.168.0.14:8545)
[2m2025-12-10T10:19:32.488051Z[0m [34mDEBUG[0m [2mhyper::client::pool[0m[2m:[0m reuse idle connection for ("http", 192.168.0.14:8545)
[2m2025-12-10T10:19:32.488065Z[0m [34mDEBUG[0m [2mhyper::proto::h1::io[0m[2m:[0m flushed 172 bytes
[2m2025-12-10T10:19:32.494707Z[0m [34mDEBUG[0m [2mhyper::proto::h1::io[0m[2m:[0m parsed 4 headers
[2m2025-12-10T10:19:32.494715Z[0m [34mDEBUG[0m [2mhyper::proto::h1::conn[0m[2m:[0m incoming body is content-length (45 bytes)
[2m2025-12-10T10:19:32.494722Z[0m [34mDEBUG[0m [2mhyper::proto::h1::conn[0m[2m:[0m incoming body completed
[2m2025-12-10T10:19:32.494728Z[0m [34mDEBUG[0m [2mhyper::client::pool[0m[2m:[0m pooling idle connection for ("http", 192.168.0.14:8545)
[2m2025-12-10T10:19:32.494743Z[0m [34mDEBUG[0m [2mhyper::client::pool[0m[2m:[0m reuse idle connection for ("http", 192.168.0.14:8545)
[2m2025-12-10T10:19:32.494758Z[0m [34mDEBUG[0m [2mhyper::proto::h1::io[0m[2m:[0m flushed 172 bytes
[2m2025-12-10T10:19:32.500356Z[0m [34mDEBUG[0m [2mhyper::proto::h1::io[0m[2m:[0m parsed 4 headers
[2m2025-12-10T10:19:32.500364Z[0m [34mDEBUG[0m [2mhyper::proto::h1::conn[0m[2m:[0m incoming body is content-length (45 bytes)
[2m2025-12-10T10:19:32.500370Z[0m [34mDEBUG[0m [2mhyper::proto::h1::conn[0m[2m:[0m incoming body completed
[2m2025-12-10T10:19:32.500377Z[0m [34mDEBUG[0m [2mhyper::client::pool[0m[2m:[0m pooling idle connection for ("http", 192.168.0.14:8545)
[2m2025-12-10T10:19:32.500391Z[0m [34mDEBUG[0m [2mhyper::client::pool[0m[2m:[0m reuse idle connection for ("http", 192.168.0.14:8545)
[2m2025-12-10T10:19:32.500441Z[0m [34mDEBUG[0m [2mhyper::proto::h1::io[0m[2m:[0m flushed 172 bytes
[2m2025-12-10T10:19:32.505535Z[0m [34mDEBUG[0m [2mhyper::proto::h1::io[0m[2m:[0m parsed 4 headers
[2m2025-12-10T10:19:32.505543Z[0m [34mDEBUG[0m [2mhyper::proto::h1::conn[0m[2m:[0m incoming body is content-length (45 bytes)
[2m2025-12-10T10:19:32.505549Z[0m [34mDEBUG[0m [2mhyper::proto::h1::conn[0m[2m:[0m incoming body completed
[2m2025-12-10T10:19:32.505556Z[0m [34mDEBUG[0m [2mhyper::client::pool[0m[2m:[0m pooling idle connection for ("http", 192.168.0.14:8545)
[2m2025-12-10T10:19:32.505568Z[0m [34mDEBUG[0m [2mhyper::client::pool[0m[2m:[0m reuse idle connection for ("http", 192.168.0.14:8545)
[2m2025-12-10T10:19:32.505584Z[0m [34mDEBUG[0m [2mhyper::proto::h1::io[0m[2m:[0m flushed 172 bytes
[2m2025-12-10T10:19:32.509682Z[0m [34mDEBUG[0m [2mhyper::proto::h1::io[0m[2m:[0m parsed 4 headers
[2m2025-12-10T10:19:32.509697Z[0m [34mDEBUG[0m [2mhyper::proto::h1::conn[0m[2m:[0m incoming body is content-length (45 bytes)
[2m2025-12-10T10:19:32.509712Z[0m [34mDEBUG[0m [2mhyper::proto::h1::conn[0m[2m:[0m incoming body completed
[2m2025-12-10T10:19:32.509740Z[0m [34mDEBUG[0m [2mhyper::client::pool[0m[2m:[0m pooling idle connection for ("http", 192.168.0.14:8545)
[2m2025-12-10T10:19:32.509831Z[0m [34mDEBUG[0m [2mhyper::client::pool[0m[2m:[0m reuse idle connection for ("http", 192.168.0.14:8545)
[2m2025-12-10T10:19:32.509979Z[0m [34mDEBUG[0m [2mhyper::proto::h1::io[0m[2m:[0m flushed 172 bytes
[2m2025-12-10T10:19:32.515909Z[0m [34mDEBUG[0m [2mhyper::proto::h1::io[0m[2m:[0m parsed 4 headers
[2m2025-12-10T10:19:32.515918Z[0m [34mDEBUG[0m [2mhyper::proto::h1::conn[0m[2m:[0m incoming body is content-length (45 bytes)
[2m2025-12-10T10:19:32.515925Z[0m [34mDEBUG[0m [2mhyper::proto::h1::conn[0m[2m:[0m incoming body completed
[2m2025-12-10T10:19:32.515933Z[0m [34mDEBUG[0m [2mhyper::client::pool[0m[2m:[0m pooling idle connection for ("http", 192.168.0.14:8545)
[2m2025-12-10T10:19:32.515952Z[0m [34mDEBUG[0m [2mhyper::client::pool[0m[2m:[0m reuse idle connection for ("http", 192.168.0.14:8545)
[2m2025-12-10T10:19:32.515969Z[0m [34mDEBUG[0m [2mhyper::proto::h1::io[0m[2m:[0m flushed 172 bytes
[2m2025-12-10T10:19:32.519656Z[0m [34mDEBUG[0m [2mhyper::proto::h1::io[0m[2m:[0m parsed 4 headers
[2m2025-12-10T10:19:32.519669Z[0m [34mDEBUG[0m [2mhyper::proto::h1::conn[0m[2m:[0m incoming body is content-length (45 bytes)
[2m2025-12-10T10:19:32.519676Z[0m [34mDEBUG[0m [2mhyper::proto::h1::conn[0m[2m:[0m incoming body completed
[2m2025-12-10T10:19:32.519683Z[0m [34mDEBUG[0m [2mhyper::client::pool[0m[2m:[0m pooling idle connection for ("http", 192.168.0.14:8545)
[2m2025-12-10T10:19:32.519702Z[0m [34mDEBUG[0m [2mhyper::client::pool[0m[2m:[0m reuse idle connection for ("http", 192.168.0.14:8545)
[2m2025-12-10T10:19:32.519720Z[0m [34mDEBUG[0m [2mhyper::proto::h1::io[0m[2m:[0m flushed 172 bytes
[2m2025-12-10T10:19:32.525147Z[0m [34mDEBUG[0m [2mhyper::proto::h1::io[0m[2m:[0m parsed 4 headers
[2m2025-12-10T10:19:32.525165Z[0m [34mDEBUG[0m [2mhyper::proto::h1::conn[0m[2m:[0m incoming body is content-length (45 bytes)
[2m2025-12-10T10:19:32.525173Z[0m [34mDEBUG[0m [2mhyper::proto::h1::conn[0m[2m:[0m incoming body completed
[2m2025-12-10T10:19:32.525181Z[0m [34mDEBUG[0m [2mhyper::client::pool[0m[2m:[0m pooling idle connection for ("http", 192.168.0.14:8545)
[2m2025-12-10T10:19:32.525294Z[0m [34mDEBUG[0m [2mhyper::client::pool[0m[2m:[0m reuse idle connection for ("http", 192.168.0.14:8545)
[2m2025-12-10T10:19:32.525426Z[0m [34mDEBUG[0m [2mhyper::proto::h1::io[0m[2m:[0m flushed 172 bytes
[2m2025-12-10T10:19:32.533689Z[0m [34mDEBUG[0m [2mhyper::proto::h1::io[0m[2m:[0m parsed 4 headers
[2m2025-12-10T10:19:32.533714Z[0m [34mDEBUG[0m [2mhyper::proto::h1::conn[0m[2m:[0m incoming body is content-length (45 bytes)
[2m2025-12-10T10:19:32.533772Z[0m [34mDEBUG[0m [2mhyper::proto::h1::conn[0m[2m:[0m incoming body completed
[2m2025-12-10T10:19:32.533953Z[0m [34mDEBUG[0m [2mhyper::client::pool[0m[2m:[0m pooling idle connection for ("http", 192.168.0.14:8545)
[2m2025-12-10T10:19:32.534078Z[0m [34mDEBUG[0m [2mhyper::client::pool[0m[2m:[0m reuse idle connection for ("http", 192.168.0.14:8545)
[2m2025-12-10T10:19:32.534273Z[0m [34mDEBUG[0m [2mhyper::proto::h1::io[0m[2m:[0m flushed 172 bytes
[2m2025-12-10T10:19:32.539429Z[0m [34mDEBUG[0m [2mhyper::proto::h1::io[0m[2m:[0m parsed 4 headers
[2m2025-12-10T10:19:32.539458Z[0m [34mDEBUG[0m [2mhyper::proto::h1::conn[0m[2m:[0m incoming body is content-length (45 bytes)
[2m2025-12-10T10:19:32.539499Z[0m [34mDEBUG[0m [2mhyper::proto::h1::conn[0m[2m:[0m incoming body completed
[2m2025-12-10T10:19:32.539549Z[0m [34mDEBUG[0m [2mhyper::client::pool[0m[2m:[0m pooling idle connection for ("http", 192.168.0.14:8545)
[2m2025-12-10T10:19:32.539606Z[0m [34mDEBUG[0m [2mhyper::client::pool[0m[2m:[0m reuse idle connection for ("http", 192.168.0.14:8545)
[2m2025-12-10T10:19:32.539642Z[0m [34mDEBUG[0m [2mhyper::proto::h1::io[0m[2m:[0m flushed 172 bytes
[2m2025-12-10T10:19:32.543158Z[0m [34mDEBUG[0m [2mhyper::proto::h1::io[0m[2m:[0m parsed 4 headers
[2m2025-12-10T10:19:32.543204Z[0m [34mDEBUG[0m [2mhyper::proto::h1::conn[0m[2m:[0m incoming body is content-length (45 bytes)
[2m2025-12-10T10:19:32.543231Z[0m [34mDEBUG[0m [2mhyper::proto::h1::conn[0m[2m:[0m incoming body completed
[2m2025-12-10T10:19:32.543254Z[0m [34mDEBUG[0m [2mhyper::client::pool[0m[2m:[0m pooling idle connection for ("http", 192.168.0.14:8545)
[2m2025-12-10T10:19:32.543289Z[0m [34mDEBUG[0m [2mhyper::client::pool[0m[2m:[0m reuse idle connection for ("http", 192.168.0.14:8545)
[2m2025-12-10T10:19:32.543312Z[0m [34mDEBUG[0m [2mhyper::proto::h1::io[0m[2m:[0m flushed 172 bytes
[2m2025-12-10T10:19:32.547682Z[0m [34mDEBUG[0m [2mhyper::proto::h1::io[0m[2m:[0m parsed 4 headers
[2m2025-12-10T10:19:32.547690Z[0m [34mDEBUG[0m [2mhyper::proto::h1::conn[0m[2m:[0m incoming body is content-length (45 bytes)
[2m2025-12-10T10:19:32.547697Z[0m [34mDEBUG[0m [2mhyper::proto::h1::conn[0m[2m:[0m incoming body completed
[2m2025-12-10T10:19:32.547705Z[0m [34mDEBUG[0m [2mhyper::client::pool[0m[2m:[0m pooling idle connection for ("http", 192.168.0.14:8545)
[2m2025-12-10T10:19:32.547721Z[0m [34mDEBUG[0m [2mhyper::client::pool[0m[2m:[0m reuse idle connection for ("http", 192.168.0.14:8545)
[2m2025-12-10T10:19:32.547738Z[0m [34mDEBUG[0m [2mhyper::proto::h1::io[0m[2m:[0m flushed 172 bytes
[2m2025-12-10T10:19:32.554970Z[0m [34mDEBUG[0m [2mhyper::proto::h1::io[0m[2m:[0m parsed 4 headers
[2m2025-12-10T10:19:32.554980Z[0m [34mDEBUG[0m [2mhyper::proto::h1::conn[0m[2m:[0m incoming body is content-length (45 bytes)
[2m2025-12-10T10:19:32.554987Z[0m [34mDEBUG[0m [2mhyper::proto::h1::conn[0m[2m:[0m incoming body completed
[2m2025-12-10T10:19:32.554994Z[0m [34mDEBUG[0m [2mhyper::client::pool[0m[2m:[0m pooling idle connection for ("http", 192.168.0.14:8545)
[2m2025-12-10T10:19:32.555008Z[0m [34mDEBUG[0m [2mhyper::client::pool[0m[2m:[0m reuse idle connection for ("http", 192.168.0.14:8545)
[2m2025-12-10T10:19:32.555056Z[0m [34mDEBUG[0m [2mhyper::proto::h1::io[0m[2m:[0m flushed 172 bytes
[2m2025-12-10T10:19:32.562656Z[0m [34mDEBUG[0m [2mhyper::proto::h1::io[0m[2m:[0m parsed 4 headers
[2m2025-12-10T10:19:32.562679Z[0m [34mDEBUG[0m [2mhyper::proto::h1::conn[0m[2m:[0m incoming body is content-length (45 bytes)
[2m2025-12-10T10:19:32.562811Z[0m [34mDEBUG[0m [2mhyper::proto::h1::conn[0m[2m:[0m incoming body completed
[2m2025-12-10T10:19:32.562858Z[0m [34mDEBUG[0m [2mhyper::client::pool[0m[2m:[0m pooling idle connection for ("http", 192.168.0.14:8545)
[2m2025-12-10T10:19:32.563045Z[0m [34mDEBUG[0m [2mhyper::client::pool[0m[2m:[0m reuse idle connection for ("http", 192.168.0.14:8545)
[2m2025-12-10T10:19:32.563106Z[0m [34mDEBUG[0m [2mhyper::proto::h1::io[0m[2m:[0m flushed 172 bytes
[2m2025-12-10T10:19:32.567010Z[0m [34mDEBUG[0m [2mhyper::proto::h1::io[0m[2m:[0m parsed 4 headers
[2m2025-12-10T10:19:32.567058Z[0m [34mDEBUG[0m [2mhyper::proto::h1::conn[0m[2m:[0m incoming body is content-length (45 bytes)
[2m2025-12-10T10:19:32.567081Z[0m [34mDEBUG[0m [2mhyper::proto::h1::conn[0m[2m:[0m incoming body completed
[2m2025-12-10T10:19:32.567106Z[0m [34mDEBUG[0m [2mhyper::client::pool[0m[2m:[0m pooling idle connection for ("http", 192.168.0.14:8545)
[2m2025-12-10T10:19:32.567178Z[0m [34mDEBUG[0m [2mhyper::client::pool[0m[2m:[0m reuse idle connection for ("http", 192.168.0.14:8545)
[2m2025-12-10T10:19:32.567202Z[0m [34mDEBUG[0m [2mhyper::proto::h1::io[0m[2m:[0m flushed 172 bytes
[2m2025-12-10T10:19:32.574633Z[0m [34mDEBUG[0m [2mhyper::proto::h1::io[0m[2m:[0m parsed 4 headers
[2m2025-12-10T10:19:32.574657Z[0m [34mDEBUG[0m [2mhyper::proto::h1::conn[0m[2m:[0m incoming body is content-length (45 bytes)
[2m2025-12-10T10:19:32.574667Z[0m [34mDEBUG[0m [2mhyper::proto::h1::conn[0m[2m:[0m incoming body completed
[2m2025-12-10T10:19:32.574678Z[0m [34mDEBUG[0m [2mhyper::client::pool[0m[2m:[0m pooling idle connection for ("http", 192.168.0.14:8545)
[2m2025-12-10T10:19:32.574738Z[0m [34mDEBUG[0m [2mhyper::client::pool[0m[2m:[0m reuse idle connection for ("http", 192.168.0.14:8545)
[2m2025-12-10T10:19:32.574769Z[0m [34mDEBUG[0m [2mhyper::proto::h1::io[0m[2m:[0m flushed 172 bytes
[2m2025-12-10T10:19:32.579819Z[0m [34mDEBUG[0m [2mhyper::proto::h1::io[0m[2m:[0m parsed 4 headers
[2m2025-12-10T10:19:32.579835Z[0m [34mDEBUG[0m [2mhyper::proto::h1::conn[0m[2m:[0m incoming body is content-length (45 bytes)
[2m2025-12-10T10:19:32.579847Z[0m [34mDEBUG[0m [2mhyper::proto::h1::conn[0m[2m:[0m incoming body completed
[2m2025-12-10T10:19:32.579873Z[0m [34mDEBUG[0m [2mhyper::client::pool[0m[2m:[0m pooling idle connection for ("http", 192.168.0.14:8545)
[2m2025-12-10T10:19:32.579897Z[0m [34mDEBUG[0m [2mhyper::client::pool[0m[2m:[0m reuse idle connection for ("http", 192.168.0.14:8545)
[2m2025-12-10T10:19:32.579992Z[0m [34mDEBUG[0m [2mhyper::proto::h1::io[0m[2m:[0m flushed 172 bytes
[2m2025-12-10T10:19:32.606590Z[0m [34mDEBUG[0m [2methereum_transaction_pool_monitor::eth_client[0m[2m:[0m 📨 Received WebSocket message: {"jsonrpc":"2.0","method":"eth_subscription","params":{"subscription":"0xbed0a0851463e895960a451075a301a9","result":"0xbe903391ce20daa31fda6906468e91cffe70c9498246b3ba7d994843259979f5"}}
[2m2025-12-10T10:19:32.606748Z[0m [34mDEBUG[0m [2methereum_transaction_pool_monitor::eth_client[0m[2m:[0m 📨 Received pending transaction: 0xbe903391ce20daa31fda6906468e91cffe70c9498246b3ba7d994843259979f5
[2m2025-12-10T10:19:32.606765Z[0m [34mDEBUG[0m [2methereum_transaction_pool_monitor::eth_client[0m[2m:[0m 📨 Received WebSocket message: {"jsonrpc":"2.0","method":"eth_subscription","params":{"subscription":"0xbed0a0851463e895960a451075a301a9","result":"0x6e75410ba50b219f4ef8835adabcb16e1df034f034a7fd2d519951c141588659"}}
[2m2025-12-10T10:19:32.606776Z[0m [34mDEBUG[0m [2methereum_transaction_pool_monitor::eth_client[0m[2m:[0m 📨 Received pending transaction: 0x6e75410ba50b219f4ef8835adabcb16e1df034f034a7fd2d519951c141588659
[2m2025-12-10T10:19:32.606788Z[0m [34mDEBUG[0m [2methereum_transaction_pool_monitor::eth_client[0m[2m:[0m 📨 Received WebSocket message: {"jsonrpc":"2.0","method":"eth_subscription","params":{"subscription":"0xbed0a0851463e895960a451075a301a9","result":"0xb4e6f5b28b0aed864b5ad472e6b555424828ee5f53343340325f9c581b59fafc"}}
[2m2025-12-10T10:19:32.606798Z[0m [34mDEBUG[0m [2methereum_transaction_pool_monitor::eth_client[0m[2m:[0m 📨 Received pending transaction: 0xb4e6f5b28b0aed864b5ad472e6b555424828ee5f53343340325f9c581b59fafc
[2m2025-12-10T10:19:32.606806Z[0m [34mDEBUG[0m [2methereum_transaction_pool_monitor::eth_client[0m[2m:[0m 📨 Received WebSocket message: {"jsonrpc":"2.0","method":"eth_subscription","params":{"subscription":"0xbed0a0851463e895960a451075a301a9","result":"0x6a336b440bc0d732b45860148ba3c38f71f698604025473b0e1dd464068992dd"}}
[2m2025-12-10T10:19:32.608083Z[0m [34mDEBUG[0m [2methereum_transaction_pool_monitor::eth_client[0m[2m:[0m 📨 Received pending transaction: 0x6a336b440bc0d732b45860148ba3c38f71f698604025473b0e1dd464068992dd
[2m2025-12-10T10:19:32.607893Z[0m [34mDEBUG[0m [2mhyper::proto::h1::io[0m[2m:[0m parsed 4 headers
[2m2025-12-10T10:19:32.608186Z[0m [34mDEBUG[0m [2mhyper::proto::h1::conn[0m[2m:[0m incoming body is content-length (45 bytes)
[2m2025-12-10T10:19:32.608195Z[0m [34mDEBUG[0m [2mhyper::proto::h1::conn[0m[2m:[0m incoming body completed
[2m2025-12-10T10:19:32.608208Z[0m [34mDEBUG[0m [2mhyper::client::pool[0m[2m:[0m pooling idle connection for ("http", 192.168.0.14:8545)
[2m2025-12-10T10:19:32.608237Z[0m [34mDEBUG[0m [2mhyper::client::pool[0m[2m:[0m reuse idle connection for ("http", 192.168.0.14:8545)
[2m2025-12-10T10:19:32.608259Z[0m [34mDEBUG[0m [2mhyper::proto::h1::io[0m[2m:[0m flushed 172 bytes
[2m2025-12-10T10:19:32.612027Z[0m [34mDEBUG[0m [2mhyper::proto::h1::io[0m[2m:[0m parsed 4 headers
[2m2025-12-10T10:19:32.612036Z[0m [34mDEBUG[0m [2mhyper::proto::h1::conn[0m[2m:[0m incoming body is content-length (45 bytes)
[2m2025-12-10T10:19:32.612048Z[0m [34mDEBUG[0m [2mhyper::proto::h1::conn[0m[2m:[0m incoming body completed
[2m2025-12-10T10:19:32.612057Z[0m [34mDEBUG[0m [2mhyper::client::pool[0m[2m:[0m pooling idle connection for ("http", 192.168.0.14:8545)
[2m2025-12-10T10:19:32.612080Z[0m [34mDEBUG[0m [2mhyper::client::pool[0m[2m:[0m reuse idle connection for ("http", 192.168.0.14:8545)
[2m2025-12-10T10:19:32.612096Z[0m [34mDEBUG[0m [2mhyper::proto::h1::io[0m[2m:[0m flushed 172 bytes
[2m2025-12-10T10:19:32.617783Z[0m [34mDEBUG[0m [2mhyper::proto::h1::io[0m[2m:[0m parsed 4 headers
[2m2025-12-10T10:19:32.617792Z[0m [34mDEBUG[0m [2mhyper::proto::h1::conn[0m[2m:[0m incoming body is content-length (45 bytes)
[2m2025-12-10T10:19:32.617799Z[0m [34mDEBUG[0m [2mhyper::proto::h1::conn[0m[2m:[0m incoming body completed
[2m2025-12-10T10:19:32.617805Z[0m [34mDEBUG[0m [2mhyper::client::pool[0m[2m:[0m pooling idle connection for ("http", 192.168.0.14:8545)
[2m2025-12-10T10:19:32.617822Z[0m [34mDEBUG[0m [2mhyper::client::pool[0m[2m:[0m reuse idle connection for ("http", 192.168.0.14:8545)
[2m2025-12-10T10:19:32.617838Z[0m [34mDEBUG[0m [2mhyper::proto::h1::io[0m[2m:[0m flushed 172 bytes
[2m2025-12-10T10:19:32.624199Z[0m [34mDEBUG[0m [2mhyper::proto::h1::io[0m[2m:[0m parsed 4 headers
[2m2025-12-10T10:19:32.624209Z[0m [34mDEBUG[0m [2mhyper::proto::h1::conn[0m[2m:[0m incoming body is content-length (45 bytes)
[2m2025-12-10T10:19:32.624215Z[0m [34mDEBUG[0m [2mhyper::proto::h1::conn[0m[2m:[0m incoming body completed
[2m2025-12-10T10:19:32.624224Z[0m [34mDEBUG[0m [2mhyper::client::pool[0m[2m:[0m pooling idle connection for ("http", 192.168.0.14:8545)
[2m2025-12-10T10:19:32.624240Z[0m [34mDEBUG[0m [2mhyper::client::pool[0m[2m:[0m reuse idle connection for ("http", 192.168.0.14:8545)
[2m2025-12-10T10:19:32.624275Z[0m [34mDEBUG[0m [2mhyper::proto::h1::io[0m[2m:[0m flushed 172 bytes
[2m2025-12-10T10:19:32.631929Z[0m [34mDEBUG[0m [2mhyper::proto::h1::io[0m[2m:[0m parsed 4 headers
[2m2025-12-10T10:19:32.631943Z[0m [34mDEBUG[0m [2mhyper::proto::h1::conn[0m[2m:[0m incoming body is content-length (45 bytes)
[2m2025-12-10T10:19:32.631951Z[0m [34mDEBUG[0m [2mhyper::proto::h1::conn[0m[2m:[0m incoming body completed
[2m2025-12-10T10:19:32.631961Z[0m [34mDEBUG[0m [2mhyper::client::pool[0m[2m:[0m pooling idle connection for ("http", 192.168.0.14:8545)
[2m2025-12-10T10:19:32.631983Z[0m [34mDEBUG[0m [2mhyper::client::pool[0m[2m:[0m reuse idle connection for ("http", 192.168.0.14:8545)
[2m2025-12-10T10:19:32.632004Z[0m [34mDEBUG[0m [2mhyper::proto::h1::io[0m[2m:[0m flushed 172 bytes
[2m2025-12-10T10:19:32.637202Z[0m [34mDEBUG[0m [2mhyper::proto::h1::io[0m[2m:[0m parsed 4 headers
[2m2025-12-10T10:19:32.637222Z[0m [34mDEBUG[0m [2mhyper::proto::h1::conn[0m[2m:[0m incoming body is content-length (45 bytes)
[2m2025-12-10T10:19:32.637235Z[0m [34mDEBUG[0m [2mhyper::proto::h1::conn[0m[2m:[0m incoming body completed
[2m2025-12-10T10:19:32.637247Z[0m [34mDEBUG[0m [2mhyper::client::pool[0m[2m:[0m pooling idle connection for ("http", 192.168.0.14:8545)
[2m2025-12-10T10:19:32.637270Z[0m [34mDEBUG[0m [2mhyper::client::pool[0m[2m:[0m reuse idle connection for ("http", 192.168.0.14:8545)
[2m2025-12-10T10:19:32.637299Z[0m [34mDEBUG[0m [2mhyper::proto::h1::io[0m[2m:[0m flushed 172 bytes
[2m2025-12-10T10:19:32.642384Z[0m [34mDEBUG[0m [2mhyper::proto::h1::io[0m[2m:[0m parsed 4 headers
[2m2025-12-10T10:19:32.642397Z[0m [34mDEBUG[0m [2mhyper::proto::h1::conn[0m[2m:[0m incoming body is content-length (45 bytes)
[2m2025-12-10T10:19:32.642409Z[0m [34mDEBUG[0m [2mhyper::proto::h1::conn[0m[2m:[0m incoming body completed
[2m2025-12-10T10:19:32.642421Z[0m [34mDEBUG[0m [2mhyper::client::pool[0m[2m:[0m pooling idle connection for ("http", 192.168.0.14:8545)
[2m2025-12-10T10:19:32.642446Z[0m [34mDEBUG[0m [2mhyper::client::pool[0m[2m:[0m reuse idle connection for ("http", 192.168.0.14:8545)
[2m2025-12-10T10:19:32.642469Z[0m [34mDEBUG[0m [2mhyper::proto::h1::io[0m[2m:[0m flushed 172 bytes
[2m2025-12-10T10:19:32.650182Z[0m [34mDEBUG[0m [2mhyper::proto::h1::io[0m[2m:[0m parsed 4 headers
[2m2025-12-10T10:19:32.650214Z[0m [34mDEBUG[0m [2mhyper::proto::h1::conn[0m[2m:[0m incoming body is content-length (45 bytes)
[2m2025-12-10T10:19:32.650240Z[0m [34mDEBUG[0m [2mhyper::proto::h1::conn[0m[2m:[0m incoming body completed
[2m2025-12-10T10:19:32.650307Z[0m [34mDEBUG[0m [2mhyper::client::pool[0m[2m:[0m pooling idle connection for ("http", 192.168.0.14:8545)
[2m2025-12-10T10:19:32.650394Z[0m [34mDEBUG[0m [2mhyper::client::pool[0m[2m:[0m reuse idle connection for ("http", 192.168.0.14:8545)
[2m2025-12-10T10:19:32.650484Z[0m [34mDEBUG[0m [2mhyper::proto::h1::io[0m[2m:[0m flushed 172 bytes
[2m2025-12-10T10:19:32.654793Z[0m [34mDEBUG[0m [2mhyper::proto::h1::io[0m[2m:[0m parsed 4 headers
[2m2025-12-10T10:19:32.654814Z[0m [34mDEBUG[0m [2mhyper::proto::h1::conn[0m[2m:[0m incoming body is content-length (45 bytes)
[2m2025-12-10T10:19:32.654826Z[0m [34mDEBUG[0m [2mhyper::proto::h1::conn[0m[2m:[0m incoming body completed
[2m2025-12-10T10:19:32.654836Z[0m [34mDEBUG[0m [2mhyper::client::pool[0m[2m:[0m pooling idle connection for ("http", 192.168.0.14:8545)
[2m2025-12-10T10:19:32.654881Z[0m [34mDEBUG[0m [2mhyper::client::pool[0m[2m:[0m reuse idle connection for ("http", 192.168.0.14:8545)
[2m2025-12-10T10:19:32.654976Z[0m [34mDEBUG[0m [2mhyper::proto::h1::io[0m[2m:[0m flushed 172 bytes
[2m2025-12-10T10:19:32.670201Z[0m [34mDEBUG[0m [2mhyper::proto::h1::io[0m[2m:[0m parsed 4 headers
[2m2025-12-10T10:19:32.670225Z[0m [34mDEBUG[0m [2mhyper::proto::h1::conn[0m[2m:[0m incoming body is content-length (45 bytes)
[2m2025-12-10T10:19:32.670235Z[0m [34mDEBUG[0m [2mhyper::proto::h1::conn[0m[2m:[0m incoming body completed
[2m2025-12-10T10:19:32.670247Z[0m [34mDEBUG[0m [2mhyper::client::pool[0m[2m:[0m pooling idle connection for ("http", 192.168.0.14:8545)
[2m2025-12-10T10:19:32.670298Z[0m [34mDEBUG[0m [2mhyper::client::pool[0m[2m:[0m reuse idle connection for ("http", 192.168.0.14:8545)
[2m2025-12-10T10:19:32.670406Z[0m [34mDEBUG[0m [2mhyper::proto::h1::io[0m[2m:[0m flushed 172 bytes
[2m2025-12-10T10:19:32.677093Z[0m [34mDEBUG[0m [2mhyper::proto::h1::io[0m[2m:[0m parsed 4 headers
[2m2025-12-10T10:19:32.677114Z[0m [34mDEBUG[0m [2mhyper::proto::h1::conn[0m[2m:[0m incoming body is content-length (45 bytes)
[2m2025-12-10T10:19:32.677148Z[0m [34mDEBUG[0m [2mhyper::proto::h1::conn[0m[2m:[0m incoming body completed
[2m2025-12-10T10:19:32.677191Z[0m [34mDEBUG[0m [2mhyper::client::pool[0m[2m:[0m pooling idle connection for ("http", 192.168.0.14:8545)
[2m2025-12-10T10:19:32.677243Z[0m [34mDEBUG[0m [2mhyper::client::pool[0m[2m:[0m reuse idle connection for ("http", 192.168.0.14:8545)
[2m2025-12-10T10:19:32.677291Z[0m [34mDEBUG[0m [2mhyper::proto::h1::io[0m[2m:[0m flushed 172 bytes
[2m2025-12-10T10:19:32.701777Z[0m [34mDEBUG[0m [2mhyper::proto::h1::io[0m[2m:[0m parsed 4 headers
[2m2025-12-10T10:19:32.701793Z[0m [34mDEBUG[0m [2mhyper::proto::h1::conn[0m[2m:[0m incoming body is content-length (45 bytes)
[2m2025-12-10T10:19:32.701802Z[0m [34mDEBUG[0m [2mhyper::proto::h1::conn[0m[2m:[0m incoming body completed
[2m2025-12-10T10:19:32.701816Z[0m [34mDEBUG[0m [2mhyper::client::pool[0m[2m:[0m pooling idle connection for ("http", 192.168.0.14:8545)
[2m2025-12-10T10:19:32.701847Z[0m [34mDEBUG[0m [2mhyper::client::pool[0m[2m:[0m reuse idle connection for ("http", 192.168.0.14:8545)
[2m2025-12-10T10:19:32.701882Z[0m [34mDEBUG[0m [2mhyper::proto::h1::io[0m[2m:[0m flushed 172 bytes
[2m2025-12-10T10:19:32.705830Z[0m [34mDEBUG[0m [2mhyper::proto::h1::io[0m[2m:[0m parsed 4 headers
[2m2025-12-10T10:19:32.705849Z[0m [34mDEBUG[0m [2mhyper::proto::h1::conn[0m[2m:[0m incoming body is content-length (45 bytes)
[2m2025-12-10T10:19:32.705861Z[0m [34mDEBUG[0m [2mhyper::proto::h1::conn[0m[2m:[0m incoming body completed
[2m2025-12-10T10:19:32.705872Z[0m [34mDEBUG[0m [2mhyper::client::pool[0m[2m:[0m pooling idle connection for ("http", 192.168.0.14:8545)
[2m2025-12-10T10:19:32.705902Z[0m [34mDEBUG[0m [2mhyper::client::pool[0m[2m:[0m reuse idle connection for ("http", 192.168.0.14:8545)
[2m2025-12-10T10:19:32.705931Z[0m [34mDEBUG[0m [2mhyper::proto::h1::io[0m[2m:[0m flushed 172 bytes
[2m2025-12-10T10:19:32.711628Z[0m [34mDEBUG[0m [2mhyper::proto::h1::io[0m[2m:[0m parsed 4 headers
[2m2025-12-10T10:19:32.711649Z[0m [34mDEBUG[0m [2mhyper::proto::h1::conn[0m[2m:[0m incoming body is content-length (45 bytes)
[2m2025-12-10T10:19:32.711660Z[0m [34mDEBUG[0m [2mhyper::proto::h1::conn[0m[2m:[0m incoming body completed
[2m2025-12-10T10:19:32.711674Z[0m [34mDEBUG[0m [2mhyper::client::pool[0m[2m:[0m pooling idle connection for ("http", 192.168.0.14:8545)
[2m2025-12-10T10:19:32.711708Z[0m [34mDEBUG[0m [2mhyper::client::pool[0m[2m:[0m reuse idle connection for ("http", 192.168.0.14:8545)
[2m2025-12-10T10:19:32.711812Z[0m [34mDEBUG[0m [2mhyper::proto::h1::io[0m[2m:[0m flushed 172 bytes
[2m2025-12-10T10:19:32.717187Z[0m [34mDEBUG[0m [2mhyper::proto::h1::io[0m[2m:[0m parsed 4 headers
[2m2025-12-10T10:19:32.717208Z[0m [34mDEBUG[0m [2mhyper::proto::h1::conn[0m[2m:[0m incoming body is content-length (45 bytes)
[2m2025-12-10T10:19:32.717221Z[0m [34mDEBUG[0m [2mhyper::proto::h1::conn[0m[2m:[0m incoming body completed
[2m2025-12-10T10:19:32.717246Z[0m [34mDEBUG[0m [2mhyper::client::pool[0m[2m:[0m pooling idle connection for ("http", 192.168.0.14:8545)
[2m2025-12-10T10:19:32.717323Z[0m [34mDEBUG[0m [2mhyper::client::pool[0m[2m:[0m reuse idle connection for ("http", 192.168.0.14:8545)
[2m2025-12-10T10:19:32.717363Z[0m [34mDEBUG[0m [2mhyper::proto::h1::io[0m[2m:[0m flushed 172 bytes
[2m2025-12-10T10:19:32.721074Z[0m [34mDEBUG[0m [2mhyper::proto::h1::io[0m[2m:[0m parsed 4 headers
[2m2025-12-10T10:19:32.721092Z[0m [34mDEBUG[0m [2mhyper::proto::h1::conn[0m[2m:[0m incoming body is content-length (45 bytes)
[2m2025-12-10T10:19:32.721102Z[0m [34mDEBUG[0m [2mhyper::proto::h1::conn[0m[2m:[0m incoming body completed
[2m2025-12-10T10:19:32.721113Z[0m [34mDEBUG[0m [2mhyper::client::pool[0m[2m:[0m pooling idle connection for ("http", 192.168.0.14:8545)
[2m2025-12-10T10:19:32.721143Z[0m [34mDEBUG[0m [2mhyper::client::pool[0m[2m:[0m reuse idle connection for ("http", 192.168.0.14:8545)
[2m2025-12-10T10:19:32.721170Z[0m [34mDEBUG[0m [2mhyper::proto::h1::io[0m[2m:[0m flushed 172 bytes
[2m2025-12-10T10:19:32.727198Z[0m [34mDEBUG[0m [2mhyper::proto::h1::io[0m[2m:[0m parsed 4 headers
[2m2025-12-10T10:19:32.727213Z[0m [34mDEBUG[0m [2mhyper::proto::h1::conn[0m[2m:[0m incoming body is content-length (45 bytes)
[2m2025-12-10T10:19:32.727223Z[0m [34mDEBUG[0m [2mhyper::proto::h1::conn[0m[2m:[0m incoming body completed
[2m2025-12-10T10:19:32.727234Z[0m [34mDEBUG[0m [2mhyper::client::pool[0m[2m:[0m pooling idle connection for ("http", 192.168.0.14:8545)
[2m2025-12-10T10:19:32.727263Z[0m [34mDEBUG[0m [2mhyper::client::pool[0m[2m:[0m reuse idle connection for ("http", 192.168.0.14:8545)
[2m2025-12-10T10:19:32.727286Z[0m [34mDEBUG[0m [2mhyper::proto::h1::io[0m[2m:[0m flushed 172 bytes
[2m2025-12-10T10:19:32.733475Z[0m [34mDEBUG[0m [2mhyper::proto::h1::io[0m[2m:[0m parsed 4 headers
[2m2025-12-10T10:19:32.733491Z[0m [34mDEBUG[0m [2mhyper::proto::h1::conn[0m[2m:[0m incoming body is content-length (45 bytes)
[2m2025-12-10T10:19:32.733501Z[0m [34mDEBUG[0m [2mhyper::proto::h1::conn[0m[2m:[0m incoming body completed
[2m2025-12-10T10:19:32.733538Z[0m [34mDEBUG[0m [2mhyper::client::pool[0m[2m:[0m pooling idle connection for ("http", 192.168.0.14:8545)
[2m2025-12-10T10:19:32.733567Z[0m [34mDEBUG[0m [2mhyper::client::pool[0m[2m:[0m reuse idle connection for ("http", 192.168.0.14:8545)
[2m2025-12-10T10:19:32.733596Z[0m [34mDEBUG[0m [2mhyper::proto::h1::io[0m[2m:[0m flushed 172 bytes
[2m2025-12-10T10:19:32.738480Z[0m [34mDEBUG[0m [2mhyper::proto::h1::io[0m[2m:[0m parsed 4 headers
[2m2025-12-10T10:19:32.740769Z[0m [34mDEBUG[0m [2mhyper::proto::h1::conn[0m[2m:[0m incoming body is content-length (45 bytes)
[2m2025-12-10T10:19:32.740784Z[0m [34mDEBUG[0m [2mhyper::proto::h1::conn[0m[2m:[0m incoming body completed
[2m2025-12-10T10:19:32.740799Z[0m [34mDEBUG[0m [2mhyper::client::pool[0m[2m:[0m pooling idle connection for ("http", 192.168.0.14:8545)
[2m2025-12-10T10:19:32.740829Z[0m [34mDEBUG[0m [2mhyper::client::pool[0m[2m:[0m reuse idle connection for ("http", 192.168.0.14:8545)
[2m2025-12-10T10:19:32.741743Z[0m [34mDEBUG[0m [2mhyper::proto::h1::io[0m[2m:[0m flushed 172 bytes
[2m2025-12-10T10:19:32.764544Z[0m [34mDEBUG[0m [2mhyper::proto::h1::io[0m[2m:[0m parsed 4 headers
[2m2025-12-10T10:19:32.765475Z[0m [34mDEBUG[0m [2mhyper::proto::h1::conn[0m[2m:[0m incoming body is content-length (45 bytes)
[2m2025-12-10T10:19:32.765625Z[0m [34mDEBUG[0m [2mhyper::proto::h1::conn[0m[2m:[0m incoming body completed
[2m2025-12-10T10:19:32.765677Z[0m [34mDEBUG[0m [2mhyper::client::pool[0m[2m:[0m pooling idle connection for ("http", 192.168.0.14:8545)
[2m2025-12-10T10:19:32.765806Z[0m [34mDEBUG[0m [2mhyper::client::pool[0m[2m:[0m reuse idle connection for ("http", 192.168.0.14:8545)
[2m2025-12-10T10:19:32.765878Z[0m [34mDEBUG[0m [2mhyper::proto::h1::io[0m[2m:[0m flushed 172 bytes
[2m2025-12-10T10:19:32.769569Z[0m [34mDEBUG[0m [2mhyper::proto::h1::io[0m[2m:[0m parsed 4 headers
[2m2025-12-10T10:19:32.769588Z[0m [34mDEBUG[0m [2mhyper::proto::h1::conn[0m[2m:[0m incoming body is content-length (45 bytes)
[2m2025-12-10T10:19:32.769599Z[0m [34mDEBUG[0m [2mhyper::proto::h1::conn[0m[2m:[0m incoming body completed
[2m2025-12-10T10:19:32.769612Z[0m [34mDEBUG[0m [2mhyper::client::pool[0m[2m:[0m pooling idle connection for ("http", 192.168.0.14:8545)
[2m2025-12-10T10:19:32.769640Z[0m [34mDEBUG[0m [2mhyper::client::pool[0m[2m:[0m reuse idle connection for ("http", 192.168.0.14:8545)
[2m2025-12-10T10:19:32.769670Z[0m [34mDEBUG[0m [2mhyper::proto::h1::io[0m[2m:[0m flushed 172 bytes
[2m2025-12-10T10:19:32.777200Z[0m [34mDEBUG[0m [2mhyper::proto::h1::io[0m[2m:[0m parsed 4 headers
[2m2025-12-10T10:19:32.777229Z[0m [34mDEBUG[0m [2mhyper::proto::h1::conn[0m[2m:[0m incoming body is content-length (45 bytes)
[2m2025-12-10T10:19:32.777241Z[0m [34mDEBUG[0m [2mhyper::proto::h1::conn[0m[2m:[0m incoming body completed
[2m2025-12-10T10:19:32.777309Z[0m [34mDEBUG[0m [2mhyper::client::pool[0m[2m:[0m pooling idle connection for ("http", 192.168.0.14:8545)
[2m2025-12-10T10:19:32.777434Z[0m [34mDEBUG[0m [2mhyper::client::pool[0m[2m:[0m reuse idle connection for ("http", 192.168.0.14:8545)
[2m2025-12-10T10:19:32.777544Z[0m [34mDEBUG[0m [2mhyper::proto::h1::io[0m[2m:[0m flushed 172 bytes
[2m2025-12-10T10:19:32.787508Z[0m [34mDEBUG[0m [2mhyper::proto::h1::io[0m[2m:[0m parsed 4 headers
[2m2025-12-10T10:19:32.787527Z[0m [34mDEBUG[0m [2mhyper::proto::h1::conn[0m[2m:[0m incoming body is content-length (45 bytes)
[2m2025-12-10T10:19:32.787538Z[0m [34mDEBUG[0m [2mhyper::proto::h1::conn[0m[2m:[0m incoming body completed
[2m2025-12-10T10:19:32.787550Z[0m [34mDEBUG[0m [2mhyper::client::pool[0m[2m:[0m pooling idle connection for ("http", 192.168.0.14:8545)
[2m2025-12-10T10:19:32.787581Z[0m [34mDEBUG[0m [2mhyper::client::pool[0m[2m:[0m reuse idle connection for ("http", 192.168.0.14:8545)
[2m2025-12-10T10:19:32.787674Z[0m [34mDEBUG[0m [2mhyper::proto::h1::io[0m[2m:[0m flushed 172 bytes
[2m2025-12-10T10:19:32.797661Z[0m [34mDEBUG[0m [2mhyper::proto::h1::io[0m[2m:[0m parsed 4 headers
[2m2025-12-10T10:19:32.797703Z[0m [34mDEBUG[0m [2mhyper::proto::h1::conn[0m[2m:[0m incoming body is content-length (45 bytes)
[2m2025-12-10T10:19:32.797727Z[0m [34mDEBUG[0m [2mhyper::proto::h1::conn[0m[2m:[0m incoming body completed
[2m2025-12-10T10:19:32.797790Z[0m [34mDEBUG[0m [2mhyper::client::pool[0m[2m:[0m pooling idle connection for ("http", 192.168.0.14:8545)
[2m2025-12-10T10:19:32.797834Z[0m [34mDEBUG[0m [2mhyper::client::pool[0m[2m:[0m reuse idle connection for ("http", 192.168.0.14:8545)
[2m2025-12-10T10:19:32.797887Z[0m [34mDEBUG[0m [2mhyper::proto::h1::io[0m[2m:[0m flushed 172 bytes
[2m2025-12-10T10:19:32.802870Z[0m [34mDEBUG[0m [2mhyper::proto::h1::io[0m[2m:[0m parsed 4 headers
[2m2025-12-10T10:19:32.802894Z[0m [34mDEBUG[0m [2mhyper::proto::h1::conn[0m[2m:[0m incoming body is content-length (45 bytes)
[2m2025-12-10T10:19:32.802930Z[0m [34mDEBUG[0m [2mhyper::proto::h1::conn[0m[2m:[0m incoming body completed
[2m2025-12-10T10:19:32.802949Z[0m [34mDEBUG[0m [2mhyper::client::pool[0m[2m:[0m pooling idle connection for ("http", 192.168.0.14:8545)
[2m2025-12-10T10:19:32.803039Z[0m [34mDEBUG[0m [2mhyper::client::pool[0m[2m:[0m reuse idle connection for ("http", 192.168.0.14:8545)
[2m2025-12-10T10:19:32.803078Z[0m [34mDEBUG[0m [2mhyper::proto::h1::io[0m[2m:[0m flushed 172 bytes
[2m2025-12-10T10:19:32.812179Z[0m [34mDEBUG[0m [2mhyper::proto::h1::io[0m[2m:[0m parsed 4 headers
[2m2025-12-10T10:19:32.812199Z[0m [34mDEBUG[0m [2mhyper::proto::h1::conn[0m[2m:[0m incoming body is content-length (45 bytes)
[2m2025-12-10T10:19:32.812210Z[0m [34mDEBUG[0m [2mhyper::proto::h1::conn[0m[2m:[0m incoming body completed
[2m2025-12-10T10:19:32.812230Z[0m [34mDEBUG[0m [2mhyper::client::pool[0m[2m:[0m pooling idle connection for ("http", 192.168.0.14:8545)
[2m2025-12-10T10:19:32.812335Z[0m [34mDEBUG[0m [2mhyper::client::pool[0m[2m:[0m reuse idle connection for ("http", 192.168.0.14:8545)
[2m2025-12-10T10:19:32.812384Z[0m [34mDEBUG[0m [2mhyper::proto::h1::io[0m[2m:[0m flushed 172 bytes
[2m2025-12-10T10:19:32.818656Z[0m [34mDEBUG[0m [2mhyper::proto::h1::io[0m[2m:[0m parsed 4 headers
[2m2025-12-10T10:19:32.818682Z[0m [34mDEBUG[0m [2mhyper::proto::h1::conn[0m[2m:[0m incoming body is content-length (45 bytes)
[2m2025-12-10T10:19:32.818708Z[0m [34mDEBUG[0m [2mhyper::proto::h1::conn[0m[2m:[0m incoming body completed
[2m2025-12-10T10:19:32.818748Z[0m [34mDEBUG[0m [2mhyper::client::pool[0m[2m:[0m pooling idle connection for ("http", 192.168.0.14:8545)
[2m2025-12-10T10:19:32.818780Z[0m [34mDEBUG[0m [2mhyper::client::pool[0m[2m:[0m reuse idle connection for ("http", 192.168.0.14:8545)
[2m2025-12-10T10:19:32.818820Z[0m [34mDEBUG[0m [2mhyper::proto::h1::io[0m[2m:[0m flushed 172 bytes
[2m2025-12-10T10:19:32.832087Z[0m [34mDEBUG[0m [2mhyper::proto::h1::io[0m[2m:[0m parsed 4 headers
[2m2025-12-10T10:19:32.832109Z[0m [34mDEBUG[0m [2mhyper::proto::h1::conn[0m[2m:[0m incoming body is content-length (45 bytes)
[2m2025-12-10T10:19:32.832163Z[0m [34mDEBUG[0m [2mhyper::proto::h1::conn[0m[2m:[0m incoming body completed
[2m2025-12-10T10:19:32.832203Z[0m [34mDEBUG[0m [2mhyper::client::pool[0m[2m:[0m pooling idle connection for ("http", 192.168.0.14:8545)
[2m2025-12-10T10:19:32.832244Z[0m [34mDEBUG[0m [2mhyper::client::pool[0m[2m:[0m reuse idle connection for ("http", 192.168.0.14:8545)
[2m2025-12-10T10:19:32.832346Z[0m [34mDEBUG[0m [2mhyper::proto::h1::io[0m[2m:[0m flushed 172 bytes
[2m2025-12-10T10:19:32.835879Z[0m [34mDEBUG[0m [2methereum_transaction_pool_monitor::eth_client[0m[2m:[0m 📨 Received WebSocket message: {"jsonrpc":"2.0","method":"eth_subscription","params":{"subscription":"0xbed0a0851463e895960a451075a301a9","result":"0x4a56d407293452364b25d56ae8e76157ce127cdba7bcb937c88a1e2badcf2c17"}}
[2m2025-12-10T10:19:32.835922Z[0m [34mDEBUG[0m [2methereum_transaction_pool_monitor::eth_client[0m[2m:[0m 📨 Received pending transaction: 0x4a56d407293452364b25d56ae8e76157ce127cdba7bcb937c88a1e2badcf2c17
[2m2025-12-10T10:19:32.835937Z[0m [34mDEBUG[0m [2methereum_transaction_pool_monitor::eth_client[0m[2m:[0m 📨 Received WebSocket message: {"jsonrpc":"2.0","method":"eth_subscription","params":{"subscription":"0xbed0a0851463e895960a451075a301a9","result":"0xd19fd3bb579a4c34b91e27b523ecaf935c9614f4a8394ff3068fc8b293970ee5"}}
[2m2025-12-10T10:19:32.835944Z[0m [34mDEBUG[0m [2methereum_transaction_pool_monitor::eth_client[0m[2m:[0m 📨 Received pending transaction: 0xd19fd3bb579a4c34b91e27b523ecaf935c9614f4a8394ff3068fc8b293970ee5
[2m2025-12-10T10:19:32.836769Z[0m [34mDEBUG[0m [2mhyper::proto::h1::io[0m[2m:[0m parsed 4 headers
[2m2025-12-10T10:19:32.836779Z[0m [34mDEBUG[0m [2mhyper::proto::h1::conn[0m[2m:[0m incoming body is content-length (45 bytes)
[2m2025-12-10T10:19:32.836790Z[0m [34mDEBUG[0m [2mhyper::proto::h1::conn[0m[2m:[0m incoming body completed
[2m2025-12-10T10:19:32.836864Z[0m [34mDEBUG[0m [2mhyper::client::pool[0m[2m:[0m pooling idle connection for ("http", 192.168.0.14:8545)
[2m2025-12-10T10:19:32.836901Z[0m [34mDEBUG[0m [2mhyper::client::pool[0m[2m:[0m reuse idle connection for ("http", 192.168.0.14:8545)
[2m2025-12-10T10:19:32.837055Z[0m [34mDEBUG[0m [2mhyper::proto::h1::io[0m[2m:[0m flushed 172 bytes
[2m2025-12-10T10:19:32.847931Z[0m [34mDEBUG[0m [2mhyper::proto::h1::io[0m[2m:[0m parsed 4 headers
[2m2025-12-10T10:19:32.847956Z[0m [34mDEBUG[0m [2mhyper::proto::h1::conn[0m[2m:[0m incoming body is content-length (45 bytes)
[2m2025-12-10T10:19:32.847967Z[0m [34mDEBUG[0m [2mhyper::proto::h1::conn[0m[2m:[0m incoming body completed
[2m2025-12-10T10:19:32.848036Z[0m [34mDEBUG[0m [2mhyper::client::pool[0m[2m:[0m pooling idle connection for ("http", 192.168.0.14:8545)
[2m2025-12-10T10:19:32.848112Z[0m [34mDEBUG[0m [2mhyper::client::pool[0m[2m:[0m reuse idle connection for ("http", 192.168.0.14:8545)
[2m2025-12-10T10:19:32.848276Z[0m [34mDEBUG[0m [2mhyper::proto::h1::io[0m[2m:[0m flushed 172 bytes
[2m2025-12-10T10:19:32.862560Z[0m [34mDEBUG[0m [2mhyper::proto::h1::io[0m[2m:[0m parsed 4 headers
[2m2025-12-10T10:19:32.862625Z[0m [34mDEBUG[0m [2mhyper::proto::h1::conn[0m[2m:[0m incoming body is content-length (45 bytes)
[2m2025-12-10T10:19:32.862642Z[0m [34mDEBUG[0m [2mhyper::proto::h1::conn[0m[2m:[0m incoming body completed
[2m2025-12-10T10:19:32.862662Z[0m [34mDEBUG[0m [2mhyper::client::pool[0m[2m:[0m pooling idle connection for ("http", 192.168.0.14:8545)
[2m2025-12-10T10:19:32.862819Z[0m [34mDEBUG[0m [2mhyper::client::pool[0m[2m:[0m reuse idle connection for ("http", 192.168.0.14:8545)
[2m2025-12-10T10:19:32.862902Z[0m [34mDEBUG[0m [2mhyper::proto::h1::io[0m[2m:[0m flushed 172 bytes
[2m2025-12-10T10:19:32.866978Z[0m [34mDEBUG[0m [2mhyper::proto::h1::io[0m[2m:[0m parsed 4 headers
[2m2025-12-10T10:19:32.866995Z[0m [34mDEBUG[0m [2mhyper::proto::h1::conn[0m[2m:[0m incoming body is content-length (45 bytes)
[2m2025-12-10T10:19:32.867005Z[0m [34mDEBUG[0m [2mhyper::proto::h1::conn[0m[2m:[0m incoming body completed
[2m2025-12-10T10:19:32.867019Z[0m [34mDEBUG[0m [2mhyper::client::pool[0m[2m:[0m pooling idle connection for ("http", 192.168.0.14:8545)
[2m2025-12-10T10:19:32.867050Z[0m [34mDEBUG[0m [2mhyper::client::pool[0m[2m:[0m reuse idle connection for ("http", 192.168.0.14:8545)
[2m2025-12-10T10:19:32.867076Z[0m [34mDEBUG[0m [2mhyper::proto::h1::io[0m[2m:[0m flushed 172 bytes
[2m2025-12-10T10:19:32.874631Z[0m [34mDEBUG[0m [2mhyper::proto::h1::io[0m[2m:[0m parsed 4 headers
[2m2025-12-10T10:19:32.874651Z[0m [34mDEBUG[0m [2mhyper::proto::h1::conn[0m[2m:[0m incoming body is content-length (45 bytes)
[2m2025-12-10T10:19:32.874662Z[0m [34mDEBUG[0m [2mhyper::proto::h1::conn[0m[2m:[0m incoming body completed
[2m2025-12-10T10:19:32.874677Z[0m [34mDEBUG[0m [2mhyper::client::pool[0m[2m:[0m pooling idle connection for ("http", 192.168.0.14:8545)
[2m2025-12-10T10:19:32.874734Z[0m [34mDEBUG[0m [2mhyper::client::pool[0m[2m:[0m reuse idle connection for ("http", 192.168.0.14:8545)
[2m2025-12-10T10:19:32.874836Z[0m [34mDEBUG[0m [2mhyper::proto::h1::io[0m[2m:[0m flushed 172 bytes
[2m2025-12-10T10:19:32.880288Z[0m [34mDEBUG[0m [2mhyper::proto::h1::io[0m[2m:[0m parsed 4 headers
[2m2025-12-10T10:19:32.880307Z[0m [34mDEBUG[0m [2mhyper::proto::h1::conn[0m[2m:[0m incoming body is content-length (45 bytes)
[2m2025-12-10T10:19:32.880320Z[0m [34mDEBUG[0m [2mhyper::proto::h1::conn[0m[2m:[0m incoming body completed
[2m2025-12-10T10:19:32.880335Z[0m [34mDEBUG[0m [2mhyper::client::pool[0m[2m:[0m pooling idle connection for ("http", 192.168.0.14:8545)
[2m2025-12-10T10:19:32.880444Z[0m [34mDEBUG[0m [2mhyper::client::pool[0m[2m:[0m reuse idle connection for ("http", 192.168.0.14:8545)
[2m2025-12-10T10:19:32.880486Z[0m [34mDEBUG[0m [2mhyper::proto::h1::io[0m[2m:[0m flushed 172 bytes
[2m2025-12-10T10:19:32.887274Z[0m [34mDEBUG[0m [2mhyper::proto::h1::io[0m[2m:[0m parsed 4 headers
[2m2025-12-10T10:19:32.887368Z[0m [34mDEBUG[0m [2mhyper::proto::h1::conn[0m[2m:[0m incoming body is content-length (45 bytes)
[2m2025-12-10T10:19:32.887660Z[0m [34mDEBUG[0m [2mhyper::proto::h1::conn[0m[2m:[0m incoming body completed
[2m2025-12-10T10:19:32.887955Z[0m [34mDEBUG[0m [2mhyper::client::pool[0m[2m:[0m pooling idle connection for ("http", 192.168.0.14:8545)
[2m2025-12-10T10:19:32.888005Z[0m [34mDEBUG[0m [2mhyper::client::pool[0m[2m:[0m reuse idle connection for ("http", 192.168.0.14:8545)
[2m2025-12-10T10:19:32.888558Z[0m [34mDEBUG[0m [2mhyper::proto::h1::io[0m[2m:[0m flushed 172 bytes
[2m2025-12-10T10:19:32.891696Z[0m [34mDEBUG[0m [2mhyper::proto::h1::io[0m[2m:[0m parsed 4 headers
[2m2025-12-10T10:19:32.891709Z[0m [34mDEBUG[0m [2mhyper::proto::h1::conn[0m[2m:[0m incoming body is content-length (45 bytes)
[2m2025-12-10T10:19:32.891719Z[0m [34mDEBUG[0m [2mhyper::proto::h1::conn[0m[2m:[0m incoming body completed
[2m2025-12-10T10:19:32.891733Z[0m [34mDEBUG[0m [2mhyper::client::pool[0m[2m:[0m pooling idle connection for ("http", 192.168.0.14:8545)
[2m2025-12-10T10:19:32.891777Z[0m [34mDEBUG[0m [2mhyper::client::pool[0m[2m:[0m reuse idle connection for ("http", 192.168.0.14:8545)
[2m2025-12-10T10:19:32.891867Z[0m [34mDEBUG[0m [2mhyper::proto::h1::io[0m[2m:[0m flushed 172 bytes
[2m2025-12-10T10:19:32.896742Z[0m [34mDEBUG[0m [2mhyper::proto::h1::io[0m[2m:[0m parsed 4 headers
[2m2025-12-10T10:19:32.900550Z[0m [34mDEBUG[0m [2mhyper::proto::h1::conn[0m[2m:[0m incoming body is content-length (45 bytes)
[2m2025-12-10T10:19:32.900570Z[0m [34mDEBUG[0m [2mhyper::proto::h1::conn[0m[2m:[0m incoming body completed
[2m2025-12-10T10:19:32.900698Z[0m [34mDEBUG[0m [2mhyper::client::pool[0m[2m:[0m pooling idle connection for ("http", 192.168.0.14:8545)
[2m2025-12-10T10:19:32.900807Z[0m [34mDEBUG[0m [2mhyper::client::pool[0m[2m:[0m reuse idle connection for ("http", 192.168.0.14:8545)
[2m2025-12-10T10:19:32.900910Z[0m [34mDEBUG[0m [2mhyper::proto::h1::io[0m[2m:[0m flushed 172 bytes
[2m2025-12-10T10:19:32.903791Z[0m [34mDEBUG[0m [2mhyper::proto::h1::io[0m[2m:[0m parsed 4 headers
[2m2025-12-10T10:19:32.903833Z[0m [34mDEBUG[0m [2mhyper::proto::h1::conn[0m[2m:[0m incoming body is content-length (45 bytes)
[2m2025-12-10T10:19:32.903897Z[0m [34mDEBUG[0m [2mhyper::proto::h1::conn[0m[2m:[0m incoming body completed
[2m2025-12-10T10:19:32.903931Z[0m [34mDEBUG[0m [2mhyper::client::pool[0m[2m:[0m pooling idle connection for ("http", 192.168.0.14:8545)
[2m2025-12-10T10:19:32.904104Z[0m [34mDEBUG[0m [2mhyper::client::pool[0m[2m:[0m reuse idle connection for ("http", 192.168.0.14:8545)
[2m2025-12-10T10:19:32.904191Z[0m [34mDEBUG[0m [2mhyper::proto::h1::io[0m[2m:[0m flushed 172 bytes
[2m2025-12-10T10:19:32.907639Z[0m [34mDEBUG[0m [2mhyper::proto::h1::io[0m[2m:[0m parsed 4 headers
[2m2025-12-10T10:19:32.907653Z[0m [34mDEBUG[0m [2mhyper::proto::h1::conn[0m[2m:[0m incoming body is content-length (45 bytes)
[2m2025-12-10T10:19:32.907661Z[0m [34mDEBUG[0m [2mhyper::proto::h1::conn[0m[2m:[0m incoming body completed
[2m2025-12-10T10:19:32.907671Z[0m [34mDEBUG[0m [2mhyper::client::pool[0m[2m:[0m pooling idle connection for ("http", 192.168.0.14:8545)
[2m2025-12-10T10:19:32.907693Z[0m [34mDEBUG[0m [2mhyper::client::pool[0m[2m:[0m reuse idle connection for ("http", 192.168.0.14:8545)
[2m2025-12-10T10:19:32.907747Z[0m [34mDEBUG[0m [2mhyper::proto::h1::io[0m[2m:[0m flushed 172 bytes
[2m2025-12-10T10:19:32.911539Z[0m [34mDEBUG[0m [2mhyper::proto::h1::io[0m[2m:[0m parsed 4 headers
[2m2025-12-10T10:19:32.911578Z[0m [34mDEBUG[0m [2mhyper::proto::h1::conn[0m[2m:[0m incoming body is content-length (45 bytes)
[2m2025-12-10T10:19:32.911595Z[0m [34mDEBUG[0m [2mhyper::proto::h1::conn[0m[2m:[0m incoming body completed
[2m2025-12-10T10:19:32.941069Z[0m [34mDEBUG[0m [2mhyper::client::pool[0m[2m:[0m pooling idle connection for ("http", 192.168.0.14:8545)
[2m2025-12-10T10:19:32.941165Z[0m [34mDEBUG[0m [2mhyper::client::pool[0m[2m:[0m reuse idle connection for ("http", 192.168.0.14:8545)
[2m2025-12-10T10:19:32.941224Z[0m [34mDEBUG[0m [2mhyper::proto::h1::io[0m[2m:[0m flushed 172 bytes
[2m2025-12-10T10:19:32.954580Z[0m [34mDEBUG[0m [2mhyper::proto::h1::io[0m[2m:[0m parsed 4 headers
[2m2025-12-10T10:19:32.954600Z[0m [34mDEBUG[0m [2mhyper::proto::h1::conn[0m[2m:[0m incoming body is content-length (45 bytes)
[2m2025-12-10T10:19:32.954611Z[0m [34mDEBUG[0m [2mhyper::proto::h1::conn[0m[2m:[0m incoming body completed
[2m2025-12-10T10:19:32.954626Z[0m [34mDEBUG[0m [2mhyper::client::pool[0m[2m:[0m pooling idle connection for ("http", 192.168.0.14:8545)
[2m2025-12-10T10:19:32.954732Z[0m [34mDEBUG[0m [2mhyper::client::pool[0m[2m:[0m reuse idle connection for ("http", 192.168.0.14:8545)
[2m2025-12-10T10:19:32.954848Z[0m [34mDEBUG[0m [2mhyper::proto::h1::io[0m[2m:[0m flushed 172 bytes
[2m2025-12-10T10:19:32.961920Z[0m [34mDEBUG[0m [2mhyper::proto::h1::io[0m[2m:[0m parsed 4 headers
[2m2025-12-10T10:19:32.961981Z[0m [34mDEBUG[0m [2mhyper::proto::h1::conn[0m[2m:[0m incoming body is content-length (45 bytes)
[2m2025-12-10T10:19:32.961995Z[0m [34mDEBUG[0m [2mhyper::proto::h1::conn[0m[2m:[0m incoming body completed
[2m2025-12-10T10:19:32.962011Z[0m [34mDEBUG[0m [2mhyper::client::pool[0m[2m:[0m pooling idle connection for ("http", 192.168.0.14:8545)
[2m2025-12-10T10:19:32.962265Z[0m [34mDEBUG[0m [2mhyper::client::pool[0m[2m:[0m reuse idle connection for ("http", 192.168.0.14:8545)
[2m2025-12-10T10:19:32.962390Z[0m [34mDEBUG[0m [2mhyper::proto::h1::io[0m[2m:[0m flushed 172 bytes
[2m2025-12-10T10:19:32.965447Z[0m [34mDEBUG[0m [2mhyper::proto::h1::io[0m[2m:[0m parsed 4 headers
[2m2025-12-10T10:19:32.965461Z[0m [34mDEBUG[0m [2mhyper::proto::h1::conn[0m[2m:[0m incoming body is content-length (45 bytes)
[2m2025-12-10T10:19:32.965470Z[0m [34mDEBUG[0m [2mhyper::proto::h1::conn[0m[2m:[0m incoming body completed
[2m2025-12-10T10:19:32.965481Z[0m [34mDEBUG[0m [2mhyper::client::pool[0m[2m:[0m pooling idle connection for ("http", 192.168.0.14:8545)
[2m2025-12-10T10:19:32.965508Z[0m [34mDEBUG[0m [2mhyper::client::pool[0m[2m:[0m reuse idle connection for ("http", 192.168.0.14:8545)
[2m2025-12-10T10:19:32.965952Z[0m [34mDEBUG[0m [2mhyper::proto::h1::io[0m[2m:[0m flushed 172 bytes
[2m2025-12-10T10:19:32.970270Z[0m [34mDEBUG[0m [2mhyper::proto::h1::io[0m[2m:[0m parsed 4 headers
[2m2025-12-10T10:19:32.970325Z[0m [34mDEBUG[0m [2mhyper::proto::h1::conn[0m[2m:[0m incoming body is content-length (45 bytes)
[2m2025-12-10T10:19:32.970360Z[0m [34mDEBUG[0m [2mhyper::proto::h1::conn[0m[2m:[0m incoming body completed
[2m2025-12-10T10:19:32.970391Z[0m [34mDEBUG[0m [2mhyper::client::pool[0m[2m:[0m pooling idle connection for ("http", 192.168.0.14:8545)
[2m2025-12-10T10:19:32.970451Z[0m [34mDEBUG[0m [2mhyper::client::pool[0m[2m:[0m reuse idle connection for ("http", 192.168.0.14:8545)
[2m2025-12-10T10:19:32.970492Z[0m [34mDEBUG[0m [2mhyper::proto::h1::io[0m[2m:[0m flushed 172 bytes
[2m2025-12-10T10:19:32.976841Z[0m [34mDEBUG[0m [2mhyper::proto::h1::io[0m[2m:[0m parsed 4 headers
[2m2025-12-10T10:19:32.976873Z[0m [34mDEBUG[0m [2mhyper::proto::h1::conn[0m[2m:[0m incoming body is content-length (45 bytes)
[2m2025-12-10T10:19:32.976883Z[0m [34mDEBUG[0m [2mhyper::proto::h1::conn[0m[2m:[0m incoming body completed
[2m2025-12-10T10:19:32.976940Z[0m [34mDEBUG[0m [2mhyper::client::pool[0m[2m:[0m pooling idle connection for ("http", 192.168.0.14:8545)
[2m2025-12-10T10:19:32.976977Z[0m [34mDEBUG[0m [2mhyper::client::pool[0m[2m:[0m reuse idle connection for ("http", 192.168.0.14:8545)
[2m2025-12-10T10:19:32.977040Z[0m [34mDEBUG[0m [2mhyper::proto::h1::io[0m[2m:[0m flushed 172 bytes
[2m2025-12-10T10:19:32.982225Z[0m [34mDEBUG[0m [2mhyper::proto::h1::io[0m[2m:[0m parsed 4 headers
[2m2025-12-10T10:19:32.982272Z[0m [34mDEBUG[0m [2mhyper::proto::h1::conn[0m[2m:[0m incoming body is content-length (45 bytes)
[2m2025-12-10T10:19:32.982291Z[0m [34mDEBUG[0m [2mhyper::proto::h1::conn[0m[2m:[0m incoming body completed
[2m2025-12-10T10:19:32.982307Z[0m [34mDEBUG[0m [2mhyper::client::pool[0m[2m:[0m pooling idle connection for ("http", 192.168.0.14:8545)
[2m2025-12-10T10:19:32.982337Z[0m [34mDEBUG[0m [2mhyper::client::pool[0m[2m:[0m reuse idle connection for ("http", 192.168.0.14:8545)
[2m2025-12-10T10:19:32.982369Z[0m [34mDEBUG[0m [2mhyper::proto::h1::io[0m[2m:[0m flushed 172 bytes
[2m2025-12-10T10:19:32.986219Z[0m [34mDEBUG[0m [2mhyper::proto::h1::io[0m[2m:[0m parsed 4 headers
[2m2025-12-10T10:19:32.986235Z[0m [34mDEBUG[0m [2mhyper::proto::h1::conn[0m[2m:[0m incoming body is content-length (45 bytes)
[2m2025-12-10T10:19:32.986250Z[0m [34mDEBUG[0m [2mhyper::proto::h1::conn[0m[2m:[0m incoming body completed
[2m2025-12-10T10:19:32.986267Z[0m [34mDEBUG[0m [2mhyper::client::pool[0m[2m:[0m pooling idle connection for ("http", 192.168.0.14:8545)
[2m2025-12-10T10:19:32.986297Z[0m [34mDEBUG[0m [2mhyper::client::pool[0m[2m:[0m reuse idle connection for ("http", 192.168.0.14:8545)
[2m2025-12-10T10:19:32.986328Z[0m [34mDEBUG[0m [2mhyper::proto::h1::io[0m[2m:[0m flushed 172 bytes
[2m2025-12-10T10:19:32.990280Z[0m [34mDEBUG[0m [2mhyper::proto::h1::io[0m[2m:[0m parsed 4 headers
[2m2025-12-10T10:19:32.990293Z[0m [34mDEBUG[0m [2mhyper::proto::h1::conn[0m[2m:[0m incoming body is content-length (45 bytes)
[2m2025-12-10T10:19:32.990528Z[0m [34mDEBUG[0m [2mhyper::proto::h1::conn[0m[2m:[0m incoming body completed
[2m2025-12-10T10:19:32.990587Z[0m [34mDEBUG[0m [2mhyper::client::pool[0m[2m:[0m pooling idle connection for ("http", 192.168.0.14:8545)
[2m2025-12-10T10:19:32.990812Z[0m [34mDEBUG[0m [2mhyper::client::pool[0m[2m:[0m reuse idle connection for ("http", 192.168.0.14:8545)
[2m2025-12-10T10:19:32.990895Z[0m [34mDEBUG[0m [2mhyper::proto::h1::io[0m[2m:[0m flushed 172 bytes
[2m2025-12-10T10:19:33.000705Z[0m [34mDEBUG[0m [2mhyper::proto::h1::io[0m[2m:[0m parsed 4 headers
[2m2025-12-10T10:19:33.000726Z[0m [34mDEBUG[0m [2mhyper::proto::h1::conn[0m[2m:[0m incoming body is content-length (45 bytes)
[2m2025-12-10T10:19:33.000741Z[0m [34mDEBUG[0m [2mhyper::proto::h1::conn[0m[2m:[0m incoming body completed
[2m2025-12-10T10:19:33.000972Z[0m [34mDEBUG[0m [2mhyper::client::pool[0m[2m:[0m pooling idle connection for ("http", 192.168.0.14:8545)
[2m2025-12-10T10:19:33.001026Z[0m [34mDEBUG[0m [2mhyper::client::pool[0m[2m:[0m reuse idle connection for ("http", 192.168.0.14:8545)
[2m2025-12-10T10:19:33.001105Z[0m [34mDEBUG[0m [2mhyper::proto::h1::io[0m[2m:[0m flushed 172 bytes
[2m2025-12-10T10:19:33.006111Z[0m [34mDEBUG[0m [2mhyper::proto::h1::io[0m[2m:[0m parsed 4 headers
[2m2025-12-10T10:19:33.006128Z[0m [34mDEBUG[0m [2mhyper::proto::h1::conn[0m[2m:[0m incoming body is content-length (45 bytes)
[2m2025-12-10T10:19:33.006137Z[0m [34mDEBUG[0m [2mhyper::proto::h1::conn[0m[2m:[0m incoming body completed
[2m2025-12-10T10:19:33.006148Z[0m [34mDEBUG[0m [2mhyper::client::pool[0m[2m:[0m pooling idle connection for ("http", 192.168.0.14:8545)
[2m2025-12-10T10:19:33.006177Z[0m [34mDEBUG[0m [2mhyper::client::pool[0m[2m:[0m reuse idle connection for ("http", 192.168.0.14:8545)
[2m2025-12-10T10:19:33.006207Z[0m [34mDEBUG[0m [2mhyper::proto::h1::io[0m[2m:[0m flushed 172 bytes
[2m2025-12-10T10:19:33.011331Z[0m [34mDEBUG[0m [2mhyper::proto::h1::io[0m[2m:[0m parsed 4 headers
[2m2025-12-10T10:19:33.011352Z[0m [34mDEBUG[0m [2mhyper::proto::h1::conn[0m[2m:[0m incoming body is content-length (45 bytes)
[2m2025-12-10T10:19:33.011362Z[0m [34mDEBUG[0m [2mhyper::proto::h1::conn[0m[2m:[0m incoming body completed
[2m2025-12-10T10:19:33.011376Z[0m [34mDEBUG[0m [2mhyper::client::pool[0m[2m:[0m pooling idle connection for ("http", 192.168.0.14:8545)
[2m2025-12-10T10:19:33.011435Z[0m [34mDEBUG[0m [2mhyper::client::pool[0m[2m:[0m reuse idle connection for ("http", 192.168.0.14:8545)
[2m2025-12-10T10:19:33.011476Z[0m [34mDEBUG[0m [2mhyper::proto::h1::io[0m[2m:[0m flushed 172 bytes
[2m2025-12-10T10:19:33.014278Z[0m [34mDEBUG[0m [2mhyper::proto::h1::io[0m[2m:[0m parsed 4 headers
[2m2025-12-10T10:19:33.014292Z[0m [34mDEBUG[0m [2mhyper::proto::h1::conn[0m[2m:[0m incoming body is content-length (45 bytes)
[2m2025-12-10T10:19:33.014300Z[0m [34mDEBUG[0m [2mhyper::proto::h1::conn[0m[2m:[0m incoming body completed
[2m2025-12-10T10:19:33.014310Z[0m [34mDEBUG[0m [2mhyper::client::pool[0m[2m:[0m pooling idle connection for ("http", 192.168.0.14:8545)
[2m2025-12-10T10:19:33.014335Z[0m [34mDEBUG[0m [2mhyper::client::pool[0m[2m:[0m reuse idle connection for ("http", 192.168.0.14:8545)
[2m2025-12-10T10:19:33.014356Z[0m [34mDEBUG[0m [2mhyper::proto::h1::io[0m[2m:[0m flushed 172 bytes
[2m2025-12-10T10:19:33.018014Z[0m [34mDEBUG[0m [2mhyper::proto::h1::io[0m[2m:[0m parsed 4 headers
[2m2025-12-10T10:19:33.018022Z[0m [34mDEBUG[0m [2mhyper::proto::h1::conn[0m[2m:[0m incoming body is content-length (45 bytes)
[2m2025-12-10T10:19:33.018028Z[0m [34mDEBUG[0m [2mhyper::proto::h1::conn[0m[2m:[0m incoming body completed
[2m2025-12-10T10:19:33.018035Z[0m [34mDEBUG[0m [2mhyper::client::pool[0m[2m:[0m pooling idle connection for ("http", 192.168.0.14:8545)
[2m2025-12-10T10:19:33.018052Z[0m [34mDEBUG[0m [2mhyper::client::pool[0m[2m:[0m reuse idle connection for ("http", 192.168.0.14:8545)
[2m2025-12-10T10:19:33.018067Z[0m [34mDEBUG[0m [2mhyper::proto::h1::io[0m[2m:[0m flushed 172 bytes
[2m2025-12-10T10:19:33.021724Z[0m [34mDEBUG[0m [2mhyper::proto::h1::io[0m[2m:[0m parsed 4 headers
[2m2025-12-10T10:19:33.021747Z[0m [34mDEBUG[0m [2mhyper::proto::h1::conn[0m[2m:[0m incoming body is content-length (45 bytes)
[2m2025-12-10T10:19:33.021757Z[0m [34mDEBUG[0m [2mhyper::proto::h1::conn[0m[2m:[0m incoming body completed
[2m2025-12-10T10:19:33.021765Z[0m [34mDEBUG[0m [2mhyper::client::pool[0m[2m:[0m pooling idle connection for ("http", 192.168.0.14:8545)
[2m2025-12-10T10:19:33.021899Z[0m [34mDEBUG[0m [2mhyper::client::pool[0m[2m:[0m reuse idle connection for ("http", 192.168.0.14:8545)
[2m2025-12-10T10:19:33.021925Z[0m [34mDEBUG[0m [2mhyper::proto::h1::io[0m[2m:[0m flushed 172 bytes
[2m2025-12-10T10:19:33.024539Z[0m [34mDEBUG[0m [2mhyper::proto::h1::io[0m[2m:[0m parsed 4 headers
[2m2025-12-10T10:19:33.028519Z[0m [34mDEBUG[0m [2mhyper::proto::h1::conn[0m[2m:[0m incoming body is content-length (45 bytes)
[2m2025-12-10T10:19:33.028553Z[0m [34mDEBUG[0m [2mhyper::proto::h1::conn[0m[2m:[0m incoming body completed
[2m2025-12-10T10:19:33.028892Z[0m [34mDEBUG[0m [2mhyper::client::pool[0m[2m:[0m pooling idle connection for ("http", 192.168.0.14:8545)
[2m2025-12-10T10:19:33.028971Z[0m [34mDEBUG[0m [2mhyper::client::pool[0m[2m:[0m reuse idle connection for ("http", 192.168.0.14:8545)
[2m2025-12-10T10:19:33.029063Z[0m [34mDEBUG[0m [2mhyper::proto::h1::io[0m[2m:[0m flushed 172 bytes
[2m2025-12-10T10:19:33.058446Z[0m [34mDEBUG[0m [2mhyper::proto::h1::io[0m[2m:[0m parsed 4 headers
[2m2025-12-10T10:19:33.058577Z[0m [34mDEBUG[0m [2mhyper::proto::h1::conn[0m[2m:[0m incoming body is content-length (45 bytes)
[2m2025-12-10T10:19:33.058603Z[0m [34mDEBUG[0m [2mhyper::proto::h1::conn[0m[2m:[0m incoming body completed
[2m2025-12-10T10:19:33.058631Z[0m [34mDEBUG[0m [2mhyper::client::pool[0m[2m:[0m pooling idle connection for ("http", 192.168.0.14:8545)
[2m2025-12-10T10:19:33.058703Z[0m [34mDEBUG[0m [2mhyper::client::pool[0m[2m:[0m reuse idle connection for ("http", 192.168.0.14:8545)
[2m2025-12-10T10:19:33.058777Z[0m [34mDEBUG[0m [2mhyper::proto::h1::io[0m[2m:[0m flushed 172 bytes
[2m2025-12-10T10:19:33.068066Z[0m [34mDEBUG[0m [2methereum_transaction_pool_monitor::eth_client[0m[2m:[0m 📨 Received WebSocket message: {"jsonrpc":"2.0","method":"eth_subscription","params":{"subscription":"0xbed0a0851463e895960a451075a301a9","result":"0x6f9905358b04952d711fdf9ba9cd3a5d81bf7e4ea43bba13d30710e311dc16c6"}}
[2m2025-12-10T10:19:33.068094Z[0m [34mDEBUG[0m [2methereum_transaction_pool_monitor::eth_client[0m[2m:[0m 📨 Received pending transaction: 0x6f9905358b04952d711fdf9ba9cd3a5d81bf7e4ea43bba13d30710e311dc16c6
[2m2025-12-10T10:19:33.068107Z[0m [34mDEBUG[0m [2methereum_transaction_pool_monitor::eth_client[0m[2m:[0m 📨 Received WebSocket message: {"jsonrpc":"2.0","method":"eth_subscription","params":{"subscription":"0xbed0a0851463e895960a451075a301a9","result":"0x8d0335a93be9c31e891bc29945ecb8a7bd5c7219169655bcd7ac95541c9d00e3"}}
[2m2025-12-10T10:19:33.068121Z[0m [34mDEBUG[0m [2methereum_transaction_pool_monitor::eth_client[0m[2m:[0m 📨 Received pending transaction: 0x8d0335a93be9c31e891bc29945ecb8a7bd5c7219169655bcd7ac95541c9d00e3
[2m2025-12-10T10:19:33.068138Z[0m [34mDEBUG[0m [2methereum_transaction_pool_monitor::eth_client[0m[2m:[0m 📨 Received WebSocket message: {"jsonrpc":"2.0","method":"eth_subscription","params":{"subscription":"0xbed0a0851463e895960a451075a301a9","result":"0x758a769f567aae478ff325b24d4ef0871a07dc97ba4a852b20f731013a7f0aa0"}}
[2m2025-12-10T10:19:33.068173Z[0m [34mDEBUG[0m [2methereum_transaction_pool_monitor::eth_client[0m[2m:[0m 📨 Received pending transaction: 0x758a769f567aae478ff325b24d4ef0871a07dc97ba4a852b20f731013a7f0aa0
[2m2025-12-10T10:19:33.075985Z[0m [34mDEBUG[0m [2mhyper::proto::h1::io[0m[2m:[0m parsed 4 headers
[2m2025-12-10T10:19:33.076004Z[0m [34mDEBUG[0m [2mhyper::proto::h1::conn[0m[2m:[0m incoming body is content-length (45 bytes)
[2m2025-12-10T10:19:33.076021Z[0m [34mDEBUG[0m [2mhyper::proto::h1::conn[0m[2m:[0m incoming body completed
[2m2025-12-10T10:19:33.076059Z[0m [34mDEBUG[0m [2mhyper::client::pool[0m[2m:[0m pooling idle connection for ("http", 192.168.0.14:8545)
[2m2025-12-10T10:19:33.076112Z[0m [34mDEBUG[0m [2mhyper::client::pool[0m[2m:[0m reuse idle connection for ("http", 192.168.0.14:8545)
[2m2025-12-10T10:19:33.076279Z[0m [34mDEBUG[0m [2mhyper::proto::h1::io[0m[2m:[0m flushed 172 bytes
[2m2025-12-10T10:19:33.085542Z[0m [34mDEBUG[0m [2mhyper::proto::h1::io[0m[2m:[0m parsed 4 headers
[2m2025-12-10T10:19:33.085582Z[0m [34mDEBUG[0m [2mhyper::proto::h1::conn[0m[2m:[0m incoming body is content-length (45 bytes)
[2m2025-12-10T10:19:33.085720Z[0m [34mDEBUG[0m [2mhyper::proto::h1::conn[0m[2m:[0m incoming body completed
[2m2025-12-10T10:19:33.085761Z[0m [34mDEBUG[0m [2mhyper::client::pool[0m[2m:[0m pooling idle connection for ("http", 192.168.0.14:8545)
[2m2025-12-10T10:19:33.085867Z[0m [34mDEBUG[0m [2mhyper::client::pool[0m[2m:[0m reuse idle connection for ("http", 192.168.0.14:8545)
[2m2025-12-10T10:19:33.086752Z[0m [34mDEBUG[0m [2mhyper::proto::h1::io[0m[2m:[0m flushed 172 bytes
[2m2025-12-10T10:19:33.091104Z[0m [34mDEBUG[0m [2mhyper::proto::h1::io[0m[2m:[0m parsed 4 headers
[2m2025-12-10T10:19:33.091121Z[0m [34mDEBUG[0m [2mhyper::proto::h1::conn[0m[2m:[0m incoming body is content-length (45 bytes)
[2m2025-12-10T10:19:33.091131Z[0m [34mDEBUG[0m [2mhyper::proto::h1::conn[0m[2m:[0m incoming body completed
[2m2025-12-10T10:19:33.091141Z[0m [34mDEBUG[0m [2mhyper::client::pool[0m[2m:[0m pooling idle connection for ("http", 192.168.0.14:8545)
[2m2025-12-10T10:19:33.091202Z[0m [34mDEBUG[0m [2mhyper::client::pool[0m[2m:[0m reuse idle connection for ("http", 192.168.0.14:8545)
[2m2025-12-10T10:19:33.091244Z[0m [34mDEBUG[0m [2mhyper::proto::h1::io[0m[2m:[0m flushed 172 bytes
[2m2025-12-10T10:19:33.096469Z[0m [34mDEBUG[0m [2mhyper::proto::h1::io[0m[2m:[0m parsed 4 headers
[2m2025-12-10T10:19:33.096594Z[0m [34mDEBUG[0m [2mhyper::proto::h1::conn[0m[2m:[0m incoming body is content-length (45 bytes)
[2m2025-12-10T10:19:33.096631Z[0m [34mDEBUG[0m [2mhyper::proto::h1::conn[0m[2m:[0m incoming body completed
[2m2025-12-10T10:19:33.096645Z[0m [34mDEBUG[0m [2mhyper::client::pool[0m[2m:[0m pooling idle connection for ("http", 192.168.0.14:8545)
[2m2025-12-10T10:19:33.096737Z[0m [34mDEBUG[0m [2mhyper::client::pool[0m[2m:[0m reuse idle connection for ("http", 192.168.0.14:8545)
[2m2025-12-10T10:19:33.096790Z[0m [34mDEBUG[0m [2mhyper::proto::h1::io[0m[2m:[0m flushed 172 bytes
[2m2025-12-10T10:19:33.101548Z[0m [34mDEBUG[0m [2mhyper::proto::h1::io[0m[2m:[0m parsed 4 headers
[2m2025-12-10T10:19:33.101569Z[0m [34mDEBUG[0m [2mhyper::proto::h1::conn[0m[2m:[0m incoming body is content-length (45 bytes)
[2m2025-12-10T10:19:33.101585Z[0m [34mDEBUG[0m [2mhyper::proto::h1::conn[0m[2m:[0m incoming body completed
[2m2025-12-10T10:19:33.101627Z[0m [34mDEBUG[0m [2mhyper::client::pool[0m[2m:[0m pooling idle connection for ("http", 192.168.0.14:8545)
[2m2025-12-10T10:19:33.101714Z[0m [34mDEBUG[0m [2mhyper::client::pool[0m[2m:[0m reuse idle connection for ("http", 192.168.0.14:8545)
[2m2025-12-10T10:19:33.101752Z[0m [34mDEBUG[0m [2mhyper::proto::h1::io[0m[2m:[0m flushed 172 bytes
[2m2025-12-10T10:19:33.105903Z[0m [34mDEBUG[0m [2methereum_transaction_pool_monitor::eth_client[0m[2m:[0m 📨 Received WebSocket message: {"jsonrpc":"2.0","method":"eth_subscription","params":{"subscription":"0xbed0a0851463e895960a451075a301a9","result":"0xd79c6c996b3d4ba25f8be9353c54291f18622e74fe7b52e2c99a4248569ea3a9"}}
[2m2025-12-10T10:19:33.105926Z[0m [34mDEBUG[0m [2methereum_transaction_pool_monitor::eth_client[0m[2m:[0m 📨 Received pending transaction: 0xd79c6c996b3d4ba25f8be9353c54291f18622e74fe7b52e2c99a4248569ea3a9
[2m2025-12-10T10:19:33.105949Z[0m [34mDEBUG[0m [2mhyper::proto::h1::io[0m[2m:[0m parsed 4 headers
[2m2025-12-10T10:19:33.105955Z[0m [34mDEBUG[0m [2mhyper::proto::h1::conn[0m[2m:[0m incoming body is content-length (45 bytes)
[2m2025-12-10T10:19:33.106084Z[0m [34mDEBUG[0m [2mhyper::proto::h1::conn[0m[2m:[0m incoming body completed
[2m2025-12-10T10:19:33.106138Z[0m [34mDEBUG[0m [2mhyper::client::pool[0m[2m:[0m pooling idle connection for ("http", 192.168.0.14:8545)
[2m2025-12-10T10:19:33.106162Z[0m [34mDEBUG[0m [2mhyper::client::pool[0m[2m:[0m reuse idle connection for ("http", 192.168.0.14:8545)
[2m2025-12-10T10:19:33.106184Z[0m [34mDEBUG[0m [2mhyper::proto::h1::io[0m[2m:[0m flushed 172 bytes
[2m2025-12-10T10:19:33.110141Z[0m [34mDEBUG[0m [2mhyper::proto::h1::io[0m[2m:[0m parsed 4 headers
[2m2025-12-10T10:19:33.110162Z[0m [34mDEBUG[0m [2mhyper::proto::h1::conn[0m[2m:[0m incoming body is content-length (45 bytes)
[2m2025-12-10T10:19:33.110172Z[0m [34mDEBUG[0m [2mhyper::proto::h1::conn[0m[2m:[0m incoming body completed
[2m2025-12-10T10:19:33.110229Z[0m [34mDEBUG[0m [2mhyper::client::pool[0m[2m:[0m pooling idle connection for ("http", 192.168.0.14:8545)
[2m2025-12-10T10:19:33.110266Z[0m [34mDEBUG[0m [2mhyper::client::pool[0m[2m:[0m reuse idle connection for ("http", 192.168.0.14:8545)
[2m2025-12-10T10:19:33.110301Z[0m [34mDEBUG[0m [2mhyper::proto::h1::io[0m[2m:[0m flushed 172 bytes
[2m2025-12-10T10:19:33.116649Z[0m [34mDEBUG[0m [2mhyper::proto::h1::io[0m[2m:[0m parsed 4 headers
[2m2025-12-10T10:19:33.116770Z[0m [34mDEBUG[0m [2mhyper::proto::h1::conn[0m[2m:[0m incoming body is content-length (45 bytes)
[2m2025-12-10T10:19:33.116850Z[0m [34mDEBUG[0m [2mhyper::proto::h1::conn[0m[2m:[0m incoming body completed
[2m2025-12-10T10:19:33.116865Z[0m [34mDEBUG[0m [2mhyper::client::pool[0m[2m:[0m pooling idle connection for ("http", 192.168.0.14:8545)
[2m2025-12-10T10:19:33.116933Z[0m [34mDEBUG[0m [2mhyper::client::pool[0m[2m:[0m reuse idle connection for ("http", 192.168.0.14:8545)
[2m2025-12-10T10:19:33.116992Z[0m [34mDEBUG[0m [2mhyper::proto::h1::io[0m[2m:[0m flushed 172 bytes
[2m2025-12-10T10:19:33.127497Z[0m [34mDEBUG[0m [2mhyper::proto::h1::io[0m[2m:[0m parsed 4 headers
[2m2025-12-10T10:19:33.127545Z[0m [34mDEBUG[0m [2mhyper::proto::h1::conn[0m[2m:[0m incoming body is content-length (45 bytes)
[2m2025-12-10T10:19:33.127564Z[0m [34mDEBUG[0m [2mhyper::proto::h1::conn[0m[2m:[0m incoming body completed
[2m2025-12-10T10:19:33.127627Z[0m [34mDEBUG[0m [2mhyper::client::pool[0m[2m:[0m pooling idle connection for ("http", 192.168.0.14:8545)
[2m2025-12-10T10:19:33.130586Z[0m [34mDEBUG[0m [2mhyper::client::pool[0m[2m:[0m reuse idle connection for ("http", 192.168.0.14:8545)
[2m2025-12-10T10:19:33.130694Z[0m [34mDEBUG[0m [2mhyper::proto::h1::io[0m[2m:[0m flushed 172 bytes
[2m2025-12-10T10:19:33.140900Z[0m [34mDEBUG[0m [2mhyper::proto::h1::io[0m[2m:[0m parsed 4 headers
[2m2025-12-10T10:19:33.141003Z[0m [34mDEBUG[0m [2mhyper::proto::h1::conn[0m[2m:[0m incoming body is content-length (45 bytes)
[2m2025-12-10T10:19:33.141016Z[0m [34mDEBUG[0m [2mhyper::proto::h1::conn[0m[2m:[0m incoming body completed
[2m2025-12-10T10:19:33.141070Z[0m [34mDEBUG[0m [2mhyper::client::pool[0m[2m:[0m pooling idle connection for ("http", 192.168.0.14:8545)
[2m2025-12-10T10:19:33.141419Z[0m [34mDEBUG[0m [2mhyper::client::pool[0m[2m:[0m reuse idle connection for ("http", 192.168.0.14:8545)
[2m2025-12-10T10:19:33.141513Z[0m [34mDEBUG[0m [2mhyper::proto::h1::io[0m[2m:[0m flushed 172 bytes
[2m2025-12-10T10:19:33.145529Z[0m [34mDEBUG[0m [2mhyper::proto::h1::io[0m[2m:[0m parsed 4 headers
[2m2025-12-10T10:19:33.148161Z[0m [34mDEBUG[0m [2mhyper::proto::h1::conn[0m[2m:[0m incoming body is content-length (45 bytes)
[2m2025-12-10T10:19:33.148174Z[0m [34mDEBUG[0m [2mhyper::proto::h1::conn[0m[2m:[0m incoming body completed
[2m2025-12-10T10:19:33.148187Z[0m [34mDEBUG[0m [2mhyper::client::pool[0m[2m:[0m pooling idle connection for ("http", 192.168.0.14:8545)
[2m2025-12-10T10:19:33.148217Z[0m [34mDEBUG[0m [2mhyper::client::pool[0m[2m:[0m reuse idle connection for ("http", 192.168.0.14:8545)
[2m2025-12-10T10:19:33.148254Z[0m [34mDEBUG[0m [2mhyper::proto::h1::io[0m[2m:[0m flushed 172 bytes
[2m2025-12-10T10:19:33.153623Z[0m [34mDEBUG[0m [2mhyper::proto::h1::io[0m[2m:[0m parsed 4 headers
[2m2025-12-10T10:19:33.153643Z[0m [34mDEBUG[0m [2mhyper::proto::h1::conn[0m[2m:[0m incoming body is content-length (45 bytes)
[2m2025-12-10T10:19:33.153655Z[0m [34mDEBUG[0m [2mhyper::proto::h1::conn[0m[2m:[0m incoming body completed
[2m2025-12-10T10:19:33.153670Z[0m [34mDEBUG[0m [2mhyper::client::pool[0m[2m:[0m pooling idle connection for ("http", 192.168.0.14:8545)
[2m2025-12-10T10:19:33.153697Z[0m [34mDEBUG[0m [2mhyper::client::pool[0m[2m:[0m reuse idle connection for ("http", 192.168.0.14:8545)
[2m2025-12-10T10:19:33.153740Z[0m [34mDEBUG[0m [2mhyper::proto::h1::io[0m[2m:[0m flushed 172 bytes
[2m2025-12-10T10:19:33.156758Z[0m [34mDEBUG[0m [2mhyper::proto::h1::io[0m[2m:[0m parsed 4 headers
[2m2025-12-10T10:19:33.156771Z[0m [34mDEBUG[0m [2mhyper::proto::h1::conn[0m[2m:[0m incoming body is content-length (45 bytes)
[2m2025-12-10T10:19:33.156781Z[0m [34mDEBUG[0m [2mhyper::proto::h1::conn[0m[2m:[0m incoming body completed
[2m2025-12-10T10:19:33.156842Z[0m [34mDEBUG[0m [2mhyper::client::pool[0m[2m:[0m pooling idle connection for ("http", 192.168.0.14:8545)
[2m2025-12-10T10:19:33.156878Z[0m [34mDEBUG[0m [2mhyper::client::pool[0m[2m:[0m reuse idle connection for ("http", 192.168.0.14:8545)
[2m2025-12-10T10:19:33.156903Z[0m [34mDEBUG[0m [2mhyper::proto::h1::io[0m[2m:[0m flushed 172 bytes
[2m2025-12-10T10:19:33.161632Z[0m [34mDEBUG[0m [2mhyper::proto::h1::io[0m[2m:[0m parsed 4 headers
[2m2025-12-10T10:19:33.161652Z[0m [34mDEBUG[0m [2mhyper::proto::h1::conn[0m[2m:[0m incoming body is content-length (45 bytes)
[2m2025-12-10T10:19:33.161659Z[0m [34mDEBUG[0m [2mhyper::proto::h1::conn[0m[2m:[0m incoming body completed
[2m2025-12-10T10:19:33.161669Z[0m [34mDEBUG[0m [2mhyper::client::pool[0m[2m:[0m pooling idle connection for ("http", 192.168.0.14:8545)
[2m2025-12-10T10:19:33.161690Z[0m [34mDEBUG[0m [2mhyper::client::pool[0m[2m:[0m reuse idle connection for ("http", 192.168.0.14:8545)
[2m2025-12-10T10:19:33.161709Z[0m [34mDEBUG[0m [2mhyper::proto::h1::io[0m[2m:[0m flushed 172 bytes
[2m2025-12-10T10:19:33.168851Z[0m [34mDEBUG[0m [2mhyper::proto::h1::io[0m[2m:[0m parsed 4 headers
[2m2025-12-10T10:19:33.168866Z[0m [34mDEBUG[0m [2mhyper::proto::h1::conn[0m[2m:[0m incoming body is content-length (45 bytes)
[2m2025-12-10T10:19:33.168875Z[0m [34mDEBUG[0m [2mhyper::proto::h1::conn[0m[2m:[0m incoming body completed
[2m2025-12-10T10:19:33.168907Z[0m [34mDEBUG[0m [2mhyper::client::pool[0m[2m:[0m pooling idle connection for ("http", 192.168.0.14:8545)
[2m2025-12-10T10:19:33.169007Z[0m [34mDEBUG[0m [2mhyper::client::pool[0m[2m:[0m reuse idle connection for ("http", 192.168.0.14:8545)
[2m2025-12-10T10:19:33.169035Z[0m [34mDEBUG[0m [2mhyper::proto::h1::io[0m[2m:[0m flushed 172 bytes
[2m2025-12-10T10:19:33.179499Z[0m [34mDEBUG[0m [2mhyper::proto::h1::io[0m[2m:[0m parsed 4 headers
[2m2025-12-10T10:19:33.179571Z[0m [34mDEBUG[0m [2mhyper::proto::h1::conn[0m[2m:[0m incoming body is content-length (45 bytes)
[2m2025-12-10T10:19:33.179582Z[0m [34mDEBUG[0m [2mhyper::proto::h1::conn[0m[2m:[0m incoming body completed
[2m2025-12-10T10:19:33.179598Z[0m [34mDEBUG[0m [2mhyper::client::pool[0m[2m:[0m pooling idle connection for ("http", 192.168.0.14:8545)
[2m2025-12-10T10:19:33.179629Z[0m [34mDEBUG[0m [2mhyper::client::pool[0m[2m:[0m reuse idle connection for ("http", 192.168.0.14:8545)
[2m2025-12-10T10:19:33.179675Z[0m [34mDEBUG[0m [2mhyper::proto::h1::io[0m[2m:[0m flushed 172 bytes
[2m2025-12-10T10:19:33.189390Z[0m [34mDEBUG[0m [2mhyper::proto::h1::io[0m[2m:[0m parsed 4 headers
[2m2025-12-10T10:19:33.189437Z[0m [34mDEBUG[0m [2mhyper::proto::h1::conn[0m[2m:[0m incoming body is content-length (45 bytes)
[2m2025-12-10T10:19:33.189468Z[0m [34mDEBUG[0m [2mhyper::proto::h1::conn[0m[2m:[0m incoming body completed
[2m2025-12-10T10:19:33.189482Z[0m [34mDEBUG[0m [2mhyper::client::pool[0m[2m:[0m pooling idle connection for ("http", 192.168.0.14:8545)
[2m2025-12-10T10:19:33.189515Z[0m [34mDEBUG[0m [2mhyper::client::pool[0m[2m:[0m reuse idle connection for ("http", 192.168.0.14:8545)
[2m2025-12-10T10:19:33.189545Z[0m [34mDEBUG[0m [2mhyper::proto::h1::io[0m[2m:[0m flushed 172 bytes
[2m2025-12-10T10:19:33.193921Z[0m [34mDEBUG[0m [2mhyper::proto::h1::io[0m[2m:[0m parsed 4 headers
[2m2025-12-10T10:19:33.193939Z[0m [34mDEBUG[0m [2mhyper::proto::h1::conn[0m[2m:[0m incoming body is content-length (45 bytes)
[2m2025-12-10T10:19:33.193954Z[0m [34mDEBUG[0m [2mhyper::proto::h1::conn[0m[2m:[0m incoming body completed
[2m2025-12-10T10:19:33.193992Z[0m [34mDEBUG[0m [2mhyper::client::pool[0m[2m:[0m pooling idle connection for ("http", 192.168.0.14:8545)
[2m2025-12-10T10:19:33.194041Z[0m [34mDEBUG[0m [2mhyper::client::pool[0m[2m:[0m reuse idle connection for ("http", 192.168.0.14:8545)
[2m2025-12-10T10:19:33.194065Z[0m [34mDEBUG[0m [2mhyper::proto::h1::io[0m[2m:[0m flushed 172 bytes
[2m2025-12-10T10:19:33.201474Z[0m [34mDEBUG[0m [2mhyper::proto::h1::io[0m[2m:[0m parsed 4 headers
[2m2025-12-10T10:19:33.201498Z[0m [34mDEBUG[0m [2mhyper::proto::h1::conn[0m[2m:[0m incoming body is content-length (45 bytes)
[2m2025-12-10T10:19:33.201782Z[0m [34mDEBUG[0m [2mhyper::proto::h1::conn[0m[2m:[0m incoming body completed
[2m2025-12-10T10:19:33.201921Z[0m [34mDEBUG[0m [2mhyper::client::pool[0m[2m:[0m pooling idle connection for ("http", 192.168.0.14:8545)
[2m2025-12-10T10:19:33.201973Z[0m [34mDEBUG[0m [2mhyper::client::pool[0m[2m:[0m reuse idle connection for ("http", 192.168.0.14:8545)
[2m2025-12-10T10:19:33.202212Z[0m [34mDEBUG[0m [2mhyper::proto::h1::io[0m[2m:[0m flushed 172 bytes
[2m2025-12-10T10:19:33.206359Z[0m [34mDEBUG[0m [2mhyper::proto::h1::io[0m[2m:[0m parsed 4 headers
[2m2025-12-10T10:19:33.206427Z[0m [34mDEBUG[0m [2mhyper::proto::h1::conn[0m[2m:[0m incoming body is content-length (45 bytes)
[2m2025-12-10T10:19:33.206469Z[0m [34mDEBUG[0m [2mhyper::proto::h1::conn[0m[2m:[0m incoming body completed
[2m2025-12-10T10:19:33.206509Z[0m [34mDEBUG[0m [2mhyper::client::pool[0m[2m:[0m pooling idle connection for ("http", 192.168.0.14:8545)
[2m2025-12-10T10:19:33.206542Z[0m [34mDEBUG[0m [2mhyper::client::pool[0m[2m:[0m reuse idle connection for ("http", 192.168.0.14:8545)
[2m2025-12-10T10:19:33.206574Z[0m [34mDEBUG[0m [2mhyper::proto::h1::io[0m[2m:[0m flushed 172 bytes
[2m2025-12-10T10:19:33.212109Z[0m [34mDEBUG[0m [2mhyper::proto::h1::io[0m[2m:[0m parsed 4 headers
[2m2025-12-10T10:19:33.212182Z[0m [34mDEBUG[0m [2mhyper::proto::h1::conn[0m[2m:[0m incoming body is content-length (45 bytes)
[2m2025-12-10T10:19:33.212215Z[0m [34mDEBUG[0m [2mhyper::proto::h1::conn[0m[2m:[0m incoming body completed
[2m2025-12-10T10:19:33.212248Z[0m [34mDEBUG[0m [2mhyper::client::pool[0m[2m:[0m pooling idle connection for ("http", 192.168.0.14:8545)
[2m2025-12-10T10:19:33.212307Z[0m [34mDEBUG[0m [2mhyper::client::pool[0m[2m:[0m reuse idle connection for ("http", 192.168.0.14:8545)
[2m2025-12-10T10:19:33.212340Z[0m [34mDEBUG[0m [2mhyper::proto::h1::io[0m[2m:[0m flushed 172 bytes
[2m2025-12-10T10:19:33.217479Z[0m [34mDEBUG[0m [2mhyper::proto::h1::io[0m[2m:[0m parsed 4 headers
[2m2025-12-10T10:19:33.217500Z[0m [34mDEBUG[0m [2mhyper::proto::h1::conn[0m[2m:[0m incoming body is content-length (45 bytes)
[2m2025-12-10T10:19:33.217510Z[0m [34mDEBUG[0m [2mhyper::proto::h1::conn[0m[2m:[0m incoming body completed
[2m2025-12-10T10:19:33.217525Z[0m [34mDEBUG[0m [2mhyper::client::pool[0m[2m:[0m pooling idle connection for ("http", 192.168.0.14:8545)
[2m2025-12-10T10:19:33.217564Z[0m [34mDEBUG[0m [2mhyper::client::pool[0m[2m:[0m reuse idle connection for ("http", 192.168.0.14:8545)
[2m2025-12-10T10:19:33.217728Z[0m [34mDEBUG[0m [2mhyper::proto::h1::io[0m[2m:[0m flushed 172 bytes
[2m2025-12-10T10:19:33.224779Z[0m [34mDEBUG[0m [2mhyper::proto::h1::io[0m[2m:[0m parsed 4 headers
[2m2025-12-10T10:19:33.224801Z[0m [34mDEBUG[0m [2mhyper::proto::h1::conn[0m[2m:[0m incoming body is content-length (45 bytes)
[2m2025-12-10T10:19:33.224823Z[0m [34mDEBUG[0m [2mhyper::proto::h1::conn[0m[2m:[0m incoming body completed
[2m2025-12-10T10:19:33.224837Z[0m [34mDEBUG[0m [2mhyper::client::pool[0m[2m:[0m pooling idle connection for ("http", 192.168.0.14:8545)
[2m2025-12-10T10:19:33.224868Z[0m [34mDEBUG[0m [2mhyper::client::pool[0m[2m:[0m reuse idle connection for ("http", 192.168.0.14:8545)
[2m2025-12-10T10:19:33.224909Z[0m [34mDEBUG[0m [2mhyper::proto::h1::io[0m[2m:[0m flushed 172 bytes
[2m2025-12-10T10:19:33.230075Z[0m [34mDEBUG[0m [2mhyper::proto::h1::io[0m[2m:[0m parsed 4 headers
[2m2025-12-10T10:19:33.230096Z[0m [34mDEBUG[0m [2mhyper::proto::h1::conn[0m[2m:[0m incoming body is content-length (45 bytes)
[2m2025-12-10T10:19:33.230106Z[0m [34mDEBUG[0m [2mhyper::proto::h1::conn[0m[2m:[0m incoming body completed
[2m2025-12-10T10:19:33.230117Z[0m [34mDEBUG[0m [2mhyper::client::pool[0m[2m:[0m pooling idle connection for ("http", 192.168.0.14:8545)
[2m2025-12-10T10:19:33.230449Z[0m [34mDEBUG[0m [2mhyper::client::pool[0m[2m:[0m reuse idle connection for ("http", 192.168.0.14:8545)
[2m2025-12-10T10:19:33.230503Z[0m [34mDEBUG[0m [2mhyper::proto::h1::io[0m[2m:[0m flushed 172 bytes
[2m2025-12-10T10:19:33.236551Z[0m [34mDEBUG[0m [2mhyper::proto::h1::io[0m[2m:[0m parsed 4 headers
[2m2025-12-10T10:19:33.236569Z[0m [34mDEBUG[0m [2mhyper::proto::h1::conn[0m[2m:[0m incoming body is content-length (45 bytes)
[2m2025-12-10T10:19:33.236741Z[0m [34mDEBUG[0m [2mhyper::proto::h1::conn[0m[2m:[0m incoming body completed
[2m2025-12-10T10:19:33.236756Z[0m [34mDEBUG[0m [2mhyper::client::pool[0m[2m:[0m pooling idle connection for ("http", 192.168.0.14:8545)
[2m2025-12-10T10:19:33.236844Z[0m [34mDEBUG[0m [2mhyper::client::pool[0m[2m:[0m reuse idle connection for ("http", 192.168.0.14:8545)
[2m2025-12-10T10:19:33.236879Z[0m [34mDEBUG[0m [2mhyper::proto::h1::io[0m[2m:[0m flushed 172 bytes
[2m2025-12-10T10:19:33.240486Z[0m [34mDEBUG[0m [2mhyper::proto::h1::io[0m[2m:[0m parsed 4 headers
[2m2025-12-10T10:19:33.240524Z[0m [34mDEBUG[0m [2mhyper::proto::h1::conn[0m[2m:[0m incoming body is content-length (45 bytes)
[2m2025-12-10T10:19:33.240551Z[0m [34mDEBUG[0m [2mhyper::proto::h1::conn[0m[2m:[0m incoming body completed
[2m2025-12-10T10:19:33.240577Z[0m [34mDEBUG[0m [2mhyper::client::pool[0m[2m:[0m pooling idle connection for ("http", 192.168.0.14:8545)
[2m2025-12-10T10:19:33.240628Z[0m [34mDEBUG[0m [2mhyper::client::pool[0m[2m:[0m reuse idle connection for ("http", 192.168.0.14:8545)
[2m2025-12-10T10:19:33.240695Z[0m [34mDEBUG[0m [2mhyper::proto::h1::io[0m[2m:[0m flushed 172 bytes
[2m2025-12-10T10:19:33.245273Z[0m [34mDEBUG[0m [2mhyper::proto::h1::io[0m[2m:[0m parsed 4 headers
[2m2025-12-10T10:19:33.245288Z[0m [34mDEBUG[0m [2mhyper::proto::h1::conn[0m[2m:[0m incoming body is content-length (45 bytes)
[2m2025-12-10T10:19:33.245305Z[0m [34mDEBUG[0m [2mhyper::proto::h1::conn[0m[2m:[0m incoming body completed
[2m2025-12-10T10:19:33.245318Z[0m [34mDEBUG[0m [2mhyper::client::pool[0m[2m:[0m pooling idle connection for ("http", 192.168.0.14:8545)
[2m2025-12-10T10:19:33.245357Z[0m [34mDEBUG[0m [2mhyper::client::pool[0m[2m:[0m reuse idle connection for ("http", 192.168.0.14:8545)
[2m2025-12-10T10:19:33.245380Z[0m [34mDEBUG[0m [2mhyper::proto::h1::io[0m[2m:[0m flushed 172 bytes
[2m2025-12-10T10:19:33.249839Z[0m [34mDEBUG[0m [2mhyper::proto::h1::io[0m[2m:[0m parsed 4 headers
[2m2025-12-10T10:19:33.249870Z[0m [34mDEBUG[0m [2mhyper::proto::h1::conn[0m[2m:[0m incoming body is content-length (45 bytes)
[2m2025-12-10T10:19:33.249888Z[0m [34mDEBUG[0m [2mhyper::proto::h1::conn[0m[2m:[0m incoming body completed
[2m2025-12-10T10:19:33.249910Z[0m [34mDEBUG[0m [2mhyper::client::pool[0m[2m:[0m pooling idle connection for ("http", 192.168.0.14:8545)
[2m2025-12-10T10:19:33.249958Z[0m [34mDEBUG[0m [2mhyper::client::pool[0m[2m:[0m reuse idle connection for ("http", 192.168.0.14:8545)
[2m2025-12-10T10:19:33.250047Z[0m [34mDEBUG[0m [2mhyper::proto::h1::io[0m[2m:[0m flushed 172 bytes
[2m2025-12-10T10:19:33.254875Z[0m [34mDEBUG[0m [2mhyper::proto::h1::io[0m[2m:[0m parsed 4 headers
[2m2025-12-10T10:19:33.255076Z[0m [34mDEBUG[0m [2mhyper::proto::h1::conn[0m[2m:[0m incoming body is content-length (45 bytes)
[2m2025-12-10T10:19:33.255097Z[0m [34mDEBUG[0m [2mhyper::proto::h1::conn[0m[2m:[0m incoming body completed
[2m2025-12-10T10:19:33.255126Z[0m [34mDEBUG[0m [2mhyper::client::pool[0m[2m:[0m pooling idle connection for ("http", 192.168.0.14:8545)
[2m2025-12-10T10:19:33.255185Z[0m [34mDEBUG[0m [2mhyper::client::pool[0m[2m:[0m reuse idle connection for ("http", 192.168.0.14:8545)
[2m2025-12-10T10:19:33.255220Z[0m [34mDEBUG[0m [2mhyper::proto::h1::io[0m[2m:[0m flushed 172 bytes
[2m2025-12-10T10:19:33.260708Z[0m [34mDEBUG[0m [2mhyper::proto::h1::io[0m[2m:[0m parsed 4 headers
[2m2025-12-10T10:19:33.260739Z[0m [34mDEBUG[0m [2mhyper::proto::h1::conn[0m[2m:[0m incoming body is content-length (45 bytes)
[2m2025-12-10T10:19:33.260761Z[0m [34mDEBUG[0m [2mhyper::proto::h1::conn[0m[2m:[0m incoming body completed
[2m2025-12-10T10:19:33.260796Z[0m [34mDEBUG[0m [2mhyper::client::pool[0m[2m:[0m pooling idle connection for ("http", 192.168.0.14:8545)
[2m2025-12-10T10:19:33.260987Z[0m [34mDEBUG[0m [2mhyper::client::pool[0m[2m:[0m reuse idle connection for ("http", 192.168.0.14:8545)
[2m2025-12-10T10:19:33.261047Z[0m [34mDEBUG[0m [2mhyper::proto::h1::io[0m[2m:[0m flushed 172 bytes
[2m2025-12-10T10:19:33.264748Z[0m [34mDEBUG[0m [2mhyper::proto::h1::io[0m[2m:[0m parsed 4 headers
[2m2025-12-10T10:19:33.264759Z[0m [34mDEBUG[0m [2mhyper::proto::h1::conn[0m[2m:[0m incoming body is content-length (45 bytes)
[2m2025-12-10T10:19:33.264768Z[0m [34mDEBUG[0m [2mhyper::proto::h1::conn[0m[2m:[0m incoming body completed
[2m2025-12-10T10:19:33.264779Z[0m [34mDEBUG[0m [2mhyper::client::pool[0m[2m:[0m pooling idle connection for ("http", 192.168.0.14:8545)
[2m2025-12-10T10:19:33.264803Z[0m [34mDEBUG[0m [2mhyper::client::pool[0m[2m:[0m reuse idle connection for ("http", 192.168.0.14:8545)
[2m2025-12-10T10:19:33.264847Z[0m [34mDEBUG[0m [2mhyper::proto::h1::io[0m[2m:[0m flushed 172 bytes
[2m2025-12-10T10:19:33.268747Z[0m [34mDEBUG[0m [2mhyper::proto::h1::io[0m[2m:[0m parsed 4 headers
[2m2025-12-10T10:19:33.268756Z[0m [34mDEBUG[0m [2mhyper::proto::h1::conn[0m[2m:[0m incoming body is content-length (45 bytes)
[2m2025-12-10T10:19:33.268764Z[0m [34mDEBUG[0m [2mhyper::proto::h1::conn[0m[2m:[0m incoming body completed
[2m2025-12-10T10:19:33.268774Z[0m [34mDEBUG[0m [2mhyper::client::pool[0m[2m:[0m pooling idle connection for ("http", 192.168.0.14:8545)
[2m2025-12-10T10:19:33.268802Z[0m [34mDEBUG[0m [2mhyper::client::pool[0m[2m:[0m reuse idle connection for ("http", 192.168.0.14:8545)
[2m2025-12-10T10:19:33.268819Z[0m [34mDEBUG[0m [2mhyper::proto::h1::io[0m[2m:[0m flushed 172 bytes
[2m2025-12-10T10:19:33.272937Z[0m [34mDEBUG[0m [2mhyper::proto::h1::io[0m[2m:[0m parsed 4 headers
[2m2025-12-10T10:19:33.272950Z[0m [34mDEBUG[0m [2mhyper::proto::h1::conn[0m[2m:[0m incoming body is content-length (45 bytes)
[2m2025-12-10T10:19:33.272959Z[0m [34mDEBUG[0m [2mhyper::proto::h1::conn[0m[2m:[0m incoming body completed
[2m2025-12-10T10:19:33.272969Z[0m [34mDEBUG[0m [2mhyper::client::pool[0m[2m:[0m pooling idle connection for ("http", 192.168.0.14:8545)
[2m2025-12-10T10:19:33.272994Z[0m [34mDEBUG[0m [2mhyper::client::pool[0m[2m:[0m reuse idle connection for ("http", 192.168.0.14:8545)
[2m2025-12-10T10:19:33.273017Z[0m [34mDEBUG[0m [2mhyper::proto::h1::io[0m[2m:[0m flushed 172 bytes
[2m2025-12-10T10:19:33.277931Z[0m [34mDEBUG[0m [2mhyper::proto::h1::io[0m[2m:[0m parsed 4 headers
[2m2025-12-10T10:19:33.281488Z[0m [34mDEBUG[0m [2mhyper::proto::h1::conn[0m[2m:[0m incoming body is content-length (45 bytes)
[2m2025-12-10T10:19:33.281502Z[0m [34mDEBUG[0m [2mhyper::proto::h1::conn[0m[2m:[0m incoming body completed
[2m2025-12-10T10:19:33.281517Z[0m [34mDEBUG[0m [2mhyper::client::pool[0m[2m:[0m pooling idle connection for ("http", 192.168.0.14:8545)
[2m2025-12-10T10:19:33.281548Z[0m [34mDEBUG[0m [2mhyper::client::pool[0m[2m:[0m reuse idle connection for ("http", 192.168.0.14:8545)
[2m2025-12-10T10:19:33.281579Z[0m [34mDEBUG[0m [2mhyper::proto::h1::io[0m[2m:[0m flushed 172 bytes
[2m2025-12-10T10:19:33.300819Z[0m [34mDEBUG[0m [2mhyper::proto::h1::io[0m[2m:[0m parsed 4 headers
[2m2025-12-10T10:19:33.300835Z[0m [34mDEBUG[0m [2mhyper::proto::h1::conn[0m[2m:[0m incoming body is content-length (45 bytes)
[2m2025-12-10T10:19:33.300844Z[0m [34mDEBUG[0m [2mhyper::proto::h1::conn[0m[2m:[0m incoming body completed
[2m2025-12-10T10:19:33.300857Z[0m [34mDEBUG[0m [2mhyper::client::pool[0m[2m:[0m pooling idle connection for ("http", 192.168.0.14:8545)
[2m2025-12-10T10:19:33.300883Z[0m [34mDEBUG[0m [2mhyper::client::pool[0m[2m:[0m reuse idle connection for ("http", 192.168.0.14:8545)
[2m2025-12-10T10:19:33.300915Z[0m [34mDEBUG[0m [2mhyper::proto::h1::io[0m[2m:[0m flushed 172 bytes
[2m2025-12-10T10:19:33.304576Z[0m [34mDEBUG[0m [2mhyper::proto::h1::io[0m[2m:[0m parsed 4 headers
[2m2025-12-10T10:19:33.304585Z[0m [34mDEBUG[0m [2mhyper::proto::h1::conn[0m[2m:[0m incoming body is content-length (45 bytes)
[2m2025-12-10T10:19:33.304594Z[0m [34mDEBUG[0m [2mhyper::proto::h1::conn[0m[2m:[0m incoming body completed
[2m2025-12-10T10:19:33.304603Z[0m [34mDEBUG[0m [2mhyper::client::pool[0m[2m:[0m pooling idle connection for ("http", 192.168.0.14:8545)
[2m2025-12-10T10:19:33.304629Z[0m [34mDEBUG[0m [2mhyper::client::pool[0m[2m:[0m reuse idle connection for ("http", 192.168.0.14:8545)
[2m2025-12-10T10:19:33.304653Z[0m [34mDEBUG[0m [2mhyper::proto::h1::io[0m[2m:[0m flushed 172 bytes
[2m2025-12-10T10:19:33.308496Z[0m [34mDEBUG[0m [2methereum_transaction_pool_monitor::eth_client[0m[2m:[0m 📨 Received WebSocket message: {"jsonrpc":"2.0","method":"eth_subscription","params":{"subscription":"0xbed0a0851463e895960a451075a301a9","result":"0x9860fd712819ccd6a35f395c5a40d26516d1a34991a2ff2a06a481ea81fda8df"}}
[2m2025-12-10T10:19:33.308510Z[0m [34mDEBUG[0m [2methereum_transaction_pool_monitor::eth_client[0m[2m:[0m 📨 Received pending transaction: 0x9860fd712819ccd6a35f395c5a40d26516d1a34991a2ff2a06a481ea81fda8df
[2m2025-12-10T10:19:33.308520Z[0m [32m INFO[0m [2methereum_transaction_pool_monitor::eth_client[0m[2m:[0m 📊 WebSocket stats - Total: 6922 transactions, Rate: 10.0 tx/s
[2m2025-12-10T10:19:33.308528Z[0m [34mDEBUG[0m [2methereum_transaction_pool_monitor::eth_client[0m[2m:[0m 📨 Received WebSocket message: {"jsonrpc":"2.0","method":"eth_subscription","params":{"subscription":"0xbed0a0851463e895960a451075a301a9","result":"0xa41c6c3acd4986c2cf0aee7a2cb25bcbaa765fae1573d15b0f9c9f9bbfe7c7f5"}}
[2m2025-12-10T10:19:33.308535Z[0m [34mDEBUG[0m [2methereum_transaction_pool_monitor::eth_client[0m[2m:[0m 📨 Received pending transaction: 0xa41c6c3acd4986c2cf0aee7a2cb25bcbaa765fae1573d15b0f9c9f9bbfe7c7f5
[2m2025-12-10T10:19:33.308542Z[0m [34mDEBUG[0m [2methereum_transaction_pool_monitor::eth_client[0m[2m:[0m 📨 Received WebSocket message: {"jsonrpc":"2.0","method":"eth_subscription","params":{"subscription":"0xbed0a0851463e895960a451075a301a9","result":"0x702c7fd9efa362b7623847fcf4dde255f9d111e4bc655a4814901ce6b4e8ac30"}}
[2m2025-12-10T10:19:33.308548Z[0m [34mDEBUG[0m [2methereum_transaction_pool_monitor::eth_client[0m[2m:[0m 📨 Received pending transaction: 0x702c7fd9efa362b7623847fcf4dde255f9d111e4bc655a4814901ce6b4e8ac30
[2m2025-12-10T10:19:33.308563Z[0m [34mDEBUG[0m [2mhyper::proto::h1::io[0m[2m:[0m parsed 4 headers
[2m2025-12-10T10:19:33.308569Z[0m [34mDEBUG[0m [2mhyper::proto::h1::conn[0m[2m:[0m incoming body is content-length (45 bytes)
[2m2025-12-10T10:19:33.308579Z[0m [34mDEBUG[0m [2mhyper::proto::h1::conn[0m[2m:[0m incoming body completed
[2m2025-12-10T10:19:33.308586Z[0m [34mDEBUG[0m [2mhyper::client::pool[0m[2m:[0m pooling idle connection for ("http", 192.168.0.14:8545)
[2m2025-12-10T10:19:33.308602Z[0m [34mDEBUG[0m [2mhyper::client::pool[0m[2m:[0m reuse idle connection for ("http", 192.168.0.14:8545)
[2m2025-12-10T10:19:33.308621Z[0m [34mDEBUG[0m [2mhyper::proto::h1::io[0m[2m:[0m flushed 172 bytes
[2m2025-12-10T10:19:33.313000Z[0m [34mDEBUG[0m [2mhyper::proto::h1::io[0m[2m:[0m parsed 4 headers
[2m2025-12-10T10:19:33.313008Z[0m [34mDEBUG[0m [2mhyper::proto::h1::conn[0m[2m:[0m incoming body is content-length (45 bytes)
[2m2025-12-10T10:19:33.313014Z[0m [34mDEBUG[0m [2mhyper::proto::h1::conn[0m[2m:[0m incoming body completed
[2m2025-12-10T10:19:33.313021Z[0m [34mDEBUG[0m [2mhyper::client::pool[0m[2m:[0m pooling idle connection for ("http", 192.168.0.14:8545)
[2m2025-12-10T10:19:33.313037Z[0m [34mDEBUG[0m [2mhyper::client::pool[0m[2m:[0m reuse idle connection for ("http", 192.168.0.14:8545)
[2m2025-12-10T10:19:33.313053Z[0m [34mDEBUG[0m [2mhyper::proto::h1::io[0m[2m:[0m flushed 172 bytes
[2m2025-12-10T10:19:33.317097Z[0m [34mDEBUG[0m [2mhyper::proto::h1::io[0m[2m:[0m parsed 4 headers
[2m2025-12-10T10:19:33.317107Z[0m [34mDEBUG[0m [2mhyper::proto::h1::conn[0m[2m:[0m incoming body is content-length (45 bytes)
[2m2025-12-10T10:19:33.317115Z[0m [34mDEBUG[0m [2mhyper::proto::h1::conn[0m[2m:[0m incoming body completed
[2m2025-12-10T10:19:33.317123Z[0m [34mDEBUG[0m [2mhyper::client::pool[0m[2m:[0m pooling idle connection for ("http", 192.168.0.14:8545)
[2m2025-12-10T10:19:33.317138Z[0m [34mDEBUG[0m [2mhyper::client::pool[0m[2m:[0m reuse idle connection for ("http", 192.168.0.14:8545)
[2m2025-12-10T10:19:33.317157Z[0m [34mDEBUG[0m [2mhyper::proto::h1::io[0m[2m:[0m flushed 172 bytes
[2m2025-12-10T10:19:33.327330Z[0m [34mDEBUG[0m [2mhyper::proto::h1::io[0m[2m:[0m parsed 4 headers
[2m2025-12-10T10:19:33.327343Z[0m [34mDEBUG[0m [2mhyper::proto::h1::conn[0m[2m:[0m incoming body is content-length (45 bytes)
[2m2025-12-10T10:19:33.327352Z[0m [34mDEBUG[0m [2mhyper::proto::h1::conn[0m[2m:[0m incoming body completed
[2m2025-12-10T10:19:33.327362Z[0m [34mDEBUG[0m [2mhyper::client::pool[0m[2m:[0m pooling idle connection for ("http", 192.168.0.14:8545)
[2m2025-12-10T10:19:33.327385Z[0m [34mDEBUG[0m [2mhyper::client::pool[0m[2m:[0m reuse idle connection for ("http", 192.168.0.14:8545)
[2m2025-12-10T10:19:33.327410Z[0m [34mDEBUG[0m [2mhyper::proto::h1::io[0m[2m:[0m flushed 172 bytes
[2m2025-12-10T10:19:33.383127Z[0m [34mDEBUG[0m [2methereum_transaction_pool_monitor::eth_client[0m[2m:[0m ✅ Transaction 0x677c80025a8523d84f2752b87fa4a8590611ab9149b5a544777dccdb197c08a4 fetched and parsed in 2.859245084s
[2m2025-12-10T10:19:33.397575Z[0m [34mDEBUG[0m [2mhyper::proto::h1::io[0m[2m:[0m parsed 4 headers
[2m2025-12-10T10:19:33.397597Z[0m [34mDEBUG[0m [2mhyper::proto::h1::conn[0m[2m:[0m incoming body is content-length (45 bytes)
[2m2025-12-10T10:19:33.397612Z[0m [34mDEBUG[0m [2mhyper::proto::h1::conn[0m[2m:[0m incoming body completed
[2m2025-12-10T10:19:33.397635Z[0m [34mDEBUG[0m [2mhyper::client::pool[0m[2m:[0m pooling idle connection for ("http", 192.168.0.14:8545)
[2m2025-12-10T10:19:33.397691Z[0m [34mDEBUG[0m [2mhyper::client::pool[0m[2m:[0m reuse idle connection for ("http", 192.168.0.14:8545)
[2m2025-12-10T10:19:33.397735Z[0m [34mDEBUG[0m [2mhyper::proto::h1::io[0m[2m:[0m flushed 172 bytes
[2m2025-12-10T10:19:33.405284Z[0m [34mDEBUG[0m [2mhyper::proto::h1::io[0m[2m:[0m parsed 4 headers
[2m2025-12-10T10:19:33.405307Z[0m [34mDEBUG[0m [2mhyper::proto::h1::conn[0m[2m:[0m incoming body is content-length (45 bytes)
[2m2025-12-10T10:19:33.405318Z[0m [34mDEBUG[0m [2mhyper::proto::h1::conn[0m[2m:[0m incoming body completed
[2m2025-12-10T10:19:33.405331Z[0m [34mDEBUG[0m [2mhyper::client::pool[0m[2m:[0m pooling idle connection for ("http", 192.168.0.14:8545)
[2m2025-12-10T10:19:33.405359Z[0m [34mDEBUG[0m [2mhyper::client::pool[0m[2m:[0m reuse idle connection for ("http", 192.168.0.14:8545)
[2m2025-12-10T10:19:33.405404Z[0m [34mDEBUG[0m [2mhyper::proto::h1::io[0m[2m:[0m flushed 172 bytes
[2m2025-12-10T10:19:33.408891Z[0m [34mDEBUG[0m [2mhyper::proto::h1::io[0m[2m:[0m parsed 4 headers
[2m2025-12-10T10:19:33.408984Z[0m [34mDEBUG[0m [2mhyper::proto::h1::conn[0m[2m:[0m incoming body is content-length (45 bytes)
[2m2025-12-10T10:19:33.409256Z[0m [34mDEBUG[0m [2mhyper::proto::h1::conn[0m[2m:[0m incoming body completed
[2m2025-12-10T10:19:33.409267Z[0m [34mDEBUG[0m [2mhyper::client::pool[0m[2m:[0m pooling idle connection for ("http", 192.168.0.14:8545)
[2m2025-12-10T10:19:33.409326Z[0m [34mDEBUG[0m [2mhyper::client::pool[0m[2m:[0m reuse idle connection for ("http", 192.168.0.14:8545)
[2m2025-12-10T10:19:33.395796Z[0m [34mDEBUG[0m [2methereum_transaction_pool_monitor::mempool_monitor[0m[2m:[0m 🔍 Skipping tx 0x677c80025a8523d84f2752b87fa4a8590611ab9149b5a544777dccdb197c08a4 - not a DEX interaction (target: 0x3B4D794a66304F130a4Db8F2551B0070dfCf5ca7)
[2m2025-12-10T10:19:33.413031Z[0m [34mDEBUG[0m [2mhyper::proto::h1::io[0m[2m:[0m flushed 172 bytes
[2m2025-12-10T10:19:33.413596Z[0m [34mDEBUG[0m [2methereum_transaction_pool_monitor::mempool_monitor[0m[2m:[0m 📨 Processing new pending transaction: 0xe35af62ebac2115d755c437864bc013affc7c8fc6065dc9f49534adbf65e6f98
[2m2025-12-10T10:19:33.413762Z[0m [34mDEBUG[0m [2methereum_transaction_pool_monitor::mempool_monitor[0m[2m:[0m 🔍 Fetching transaction details for: 0xe35af62ebac2115d755c437864bc013affc7c8fc6065dc9f49534adbf65e6f98
[2m2025-12-10T10:19:33.413771Z[0m [34mDEBUG[0m [2methereum_transaction_pool_monitor::eth_client[0m[2m:[0m 🔍 Fetching transaction details for hash: 0xe35af62ebac2115d755c437864bc013affc7c8fc6065dc9f49534adbf65e6f98
[2m2025-12-10T10:19:33.413791Z[0m [34mDEBUG[0m [2mhyper::client::pool[0m[2m:[0m reuse idle connection for ("http", 192.168.0.14:8545)
[2m2025-12-10T10:19:33.413832Z[0m [34mDEBUG[0m [2mhyper::proto::h1::io[0m[2m:[0m flushed 250 bytes
[2m2025-12-10T10:19:33.416520Z[0m [34mDEBUG[0m [2mhyper::proto::h1::io[0m[2m:[0m parsed 4 headers
[2m2025-12-10T10:19:33.416550Z[0m [34mDEBUG[0m [2mhyper::proto::h1::conn[0m[2m:[0m incoming body is content-length (45 bytes)
[2m2025-12-10T10:19:33.416577Z[0m [34mDEBUG[0m [2mhyper::proto::h1::conn[0m[2m:[0m incoming body completed
[2m2025-12-10T10:19:33.416589Z[0m [34mDEBUG[0m [2mhyper::client::pool[0m[2m:[0m pooling idle connection for ("http", 192.168.0.14:8545)
[2m2025-12-10T10:19:33.416610Z[0m [34mDEBUG[0m [2mhyper::client::pool[0m[2m:[0m reuse idle connection for ("http", 192.168.0.14:8545)
[2m2025-12-10T10:19:33.416634Z[0m [34mDEBUG[0m [2mhyper::proto::h1::io[0m[2m:[0m flushed 172 bytes
[2m2025-12-10T10:19:33.417790Z[0m [34mDEBUG[0m [2mhyper::proto::h1::io[0m[2m:[0m parsed 4 headers
[2m2025-12-10T10:19:33.417798Z[0m [34mDEBUG[0m [2mhyper::proto::h1::conn[0m[2m:[0m incoming body is content-length (724 bytes)
[2m2025-12-10T10:19:33.417804Z[0m [34mDEBUG[0m [2mhyper::proto::h1::conn[0m[2m:[0m incoming body completed
[2m2025-12-10T10:19:33.417812Z[0m [34mDEBUG[0m [2mhyper::client::pool[0m[2m:[0m pooling idle connection for ("http", 192.168.0.14:8545)
[2m2025-12-10T10:19:33.417819Z[0m [34mDEBUG[0m [2methereum_transaction_pool_monitor::eth_client[0m[2m:[0m 📡 Transaction fetch RPC completed in 4.041917ms
[2m2025-12-10T10:19:42.965869Z[0m [34mDEBUG[0m [2methereum_transaction_pool_monitor::eth_client[0m[2m:[0m ✅ Transaction 0xe35af62ebac2115d755c437864bc013affc7c8fc6065dc9f49534adbf65e6f98 fetched and parsed in 9.549514833s
[2m2025-12-10T10:19:42.985851Z[0m [34mDEBUG[0m [2methereum_transaction_pool_monitor::mempool_monitor[0m[2m:[0m 🔍 Skipping tx 0xe35af62ebac2115d755c437864bc013affc7c8fc6065dc9f49534adbf65e6f98 - not a DEX interaction (target: 0xa1abfA21f80ecf401bd41365adBb6fEF6fEfDF09)
[2m2025-12-10T10:19:43.015737Z[0m [34mDEBUG[0m [2methereum_transaction_pool_monitor::mempool_monitor[0m[2m:[0m 📨 Processing new pending transaction: 0x84abae048e8de566f8bbe8d44af2daf0c4a3c3c8e9e7d0a5e3c3f0b1bf165fee
[2m2025-12-10T10:19:43.020074Z[0m [34mDEBUG[0m [2methereum_transaction_pool_monitor::mempool_monitor[0m[2m:[0m 🔍 Fetching transaction details for: 0x84abae048e8de566f8bbe8d44af2daf0c4a3c3c8e9e7d0a5e3c3f0b1bf165fee
[2m2025-12-10T10:19:43.020283Z[0m [34mDEBUG[0m [2methereum_transaction_pool_monitor::eth_client[0m[2m:[0m 🔍 Fetching transaction details for hash: 0x84abae048e8de566f8bbe8d44af2daf0c4a3c3c8e9e7d0a5e3c3f0b1bf165fee
[2m2025-12-10T10:19:43.070342Z[0m [34mDEBUG[0m [2mhyper::client::pool[0m[2m:[0m reuse idle connection for ("http", 192.168.0.14:8545)
[2m2025-12-10T10:19:43.074355Z[0m [34mDEBUG[0m [2mhyper::proto::h1::io[0m[2m:[0m flushed 250 bytes
[2m2025-12-10T10:19:43.076245Z[0m [34mDEBUG[0m [2mhyper::proto::h1::io[0m[2m:[0m parsed 4 headers
[2m2025-12-10T10:19:43.076311Z[0m [34mDEBUG[0m [2mhyper::proto::h1::conn[0m[2m:[0m incoming body is content-length (45 bytes)
[2m2025-12-10T10:19:43.076503Z[0m [34mDEBUG[0m [2mhyper::proto::h1::conn[0m[2m:[0m incoming body completed
[2m2025-12-10T10:19:43.076872Z[0m [34mDEBUG[0m [2mhyper::client::pool[0m[2m:[0m pooling idle connection for ("http", 192.168.0.14:8545)
[2m2025-12-10T10:19:43.077346Z[0m [34mDEBUG[0m [2methereum_transaction_pool_monitor::eth_client[0m[2m:[0m 📨 Received WebSocket message: {"jsonrpc":"2.0","method":"eth_subscription","params":{"subscription":"0xbed0a0851463e895960a451075a301a9","result":"0x96d9808eae1b32729b41e5cfed3edf138c5d14b75d45f0427f71d2a43daa7a91"}}
[2m2025-12-10T10:19:43.078194Z[0m [34mDEBUG[0m [2methereum_transaction_pool_monitor::eth_client[0m[2m:[0m 📨 Received pending transaction: 0x96d9808eae1b32729b41e5cfed3edf138c5d14b75d45f0427f71d2a43daa7a91
[2m2025-12-10T10:19:43.078317Z[0m [34mDEBUG[0m [2mhyper::client::pool[0m[2m:[0m reuse idle connection for ("http", 192.168.0.14:8545)
[2m2025-12-10T10:19:43.078372Z[0m [34mDEBUG[0m [2mhyper::proto::h1::io[0m[2m:[0m flushed 172 bytes
[2m2025-12-10T10:19:43.078520Z[0m [34mDEBUG[0m [2methereum_transaction_pool_monitor::eth_client[0m[2m:[0m 📨 Received WebSocket message: {"jsonrpc":"2.0","method":"eth_subscription","params":{"subscription":"0xbed0a0851463e895960a451075a301a9","result":"0xe36ee93fd90c74a6a9177ca885e67e54966b45bfb45879d93967f2eb16472102"}}
[2m2025-12-10T10:19:43.078531Z[0m [34mDEBUG[0m [2methereum_transaction_pool_monitor::eth_client[0m[2m:[0m 📨 Received pending transaction: 0xe36ee93fd90c74a6a9177ca885e67e54966b45bfb45879d93967f2eb16472102
[2m2025-12-10T10:19:43.078537Z[0m [34mDEBUG[0m [2methereum_transaction_pool_monitor::eth_client[0m[2m:[0m 📨 Received WebSocket message: {"jsonrpc":"2.0","method":"eth_subscription","params":{"subscription":"0xbed0a0851463e895960a451075a301a9","result":"0x09bed4811f16043d70c35993fbc1f67b537d432e4d78d42eefe42f7524aa3775"}}
[2m2025-12-10T10:19:43.078544Z[0m [34mDEBUG[0m [2methereum_transaction_pool_monitor::eth_client[0m[2m:[0m 📨 Received pending transaction: 0x09bed4811f16043d70c35993fbc1f67b537d432e4d78d42eefe42f7524aa3775
[2m2025-12-10T10:19:43.078548Z[0m [34mDEBUG[0m [2methereum_transaction_pool_monitor::eth_client[0m[2m:[0m 📨 Received WebSocket message: {"jsonrpc":"2.0","method":"eth_subscription","params":{"subscription":"0xbed0a0851463e895960a451075a301a9","result":"0x58beed6eb4d6f38f1c8dd7878db8a5bfd31e90126031c4fae7411663552d1d76"}}
[2m2025-12-10T10:19:43.078555Z[0m [34mDEBUG[0m [2methereum_transaction_pool_monitor::eth_client[0m[2m:[0m 📨 Received pending transaction: 0x58beed6eb4d6f38f1c8dd7878db8a5bfd31e90126031c4fae7411663552d1d76
[2m2025-12-10T10:19:43.078560Z[0m [34mDEBUG[0m [2methereum_transaction_pool_monitor::eth_client[0m[2m:[0m 📨 Received WebSocket message: {"jsonrpc":"2.0","method":"eth_subscription","params":{"subscription":"0xbed0a0851463e895960a451075a301a9","result":"0x543a6cd9189fc8860116a7d07dfbe28eca6db99727d4b75fcef5011b5cba90ee"}}
[2m2025-12-10T10:19:43.078565Z[0m [34mDEBUG[0m [2methereum_transaction_pool_monitor::eth_client[0m[2m:[0m 📨 Received pending transaction: 0x543a6cd9189fc8860116a7d07dfbe28eca6db99727d4b75fcef5011b5cba90ee
[2m2025-12-10T10:19:43.078569Z[0m [34mDEBUG[0m [2methereum_transaction_pool_monitor::eth_client[0m[2m:[0m 📨 Received WebSocket message: {"jsonrpc":"2.0","method":"eth_subscription","params":{"subscription":"0xbed0a0851463e895960a451075a301a9","result":"0xf9fef85bcb4dd5b737049e80ebd4a6730c17f7378209959dcc571e821b54c487"}}
[2m2025-12-10T10:19:43.078585Z[0m [34mDEBUG[0m [2methereum_transaction_pool_monitor::eth_client[0m[2m:[0m 📨 Received pending transaction: 0xf9fef85bcb4dd5b737049e80ebd4a6730c17f7378209959dcc571e821b54c487
[2m2025-12-10T10:19:43.078594Z[0m [34mDEBUG[0m [2methereum_transaction_pool_monitor::eth_client[0m[2m:[0m 📨 Received WebSocket message: {"jsonrpc":"2.0","method":"eth_subscription","params":{"subscription":"0xbed0a0851463e895960a451075a301a9","result":"0xeeb37a802c292c64c692459b1dd288da11063953e86294e8d2fd25cb1a83ca3a"}}
[2m2025-12-10T10:19:43.078600Z[0m [34mDEBUG[0m [2methereum_transaction_pool_monitor::eth_client[0m[2m:[0m 📨 Received pending transaction: 0xeeb37a802c292c64c692459b1dd288da11063953e86294e8d2fd25cb1a83ca3a
[2m2025-12-10T10:19:43.078605Z[0m [34mDEBUG[0m [2methereum_transaction_pool_monitor::eth_client[0m[2m:[0m 📨 Received WebSocket message: {"jsonrpc":"2.0","method":"eth_subscription","params":{"subscription":"0xbed0a0851463e895960a451075a301a9","result":"0x3229f2eac9427a53ae609fb1e7a468412509f9558f710419fb3a510de921d68f"}}
[2m2025-12-10T10:19:43.078610Z[0m [34mDEBUG[0m [2methereum_transaction_pool_monitor::eth_client[0m[2m:[0m 📨 Received pending transaction: 0x3229f2eac9427a53ae609fb1e7a468412509f9558f710419fb3a510de921d68f
[2m2025-12-10T10:19:43.078615Z[0m [34mDEBUG[0m [2methereum_transaction_pool_monitor::eth_client[0m[2m:[0m 📨 Received WebSocket message: {"jsonrpc":"2.0","method":"eth_subscription","params":{"subscription":"0xbed0a0851463e895960a451075a301a9","result":"0x10e544264e166add15414c61f5176600e83c93c2082ce2557e29f9d3fac93334"}}
[2m2025-12-10T10:19:43.078620Z[0m [34mDEBUG[0m [2methereum_transaction_pool_monitor::eth_client[0m[2m:[0m 📨 Received pending transaction: 0x10e544264e166add15414c61f5176600e83c93c2082ce2557e29f9d3fac93334
[2m2025-12-10T10:19:43.078628Z[0m [34mDEBUG[0m [2methereum_transaction_pool_monitor::eth_client[0m[2m:[0m 📨 Received WebSocket message: {"jsonrpc":"2.0","method":"eth_subscription","params":{"subscription":"0xbed0a0851463e895960a451075a301a9","result":"0x738a62a460e1a0e90af4109ce969b3e7708822f7bc5404273ca3f0552abbe3c5"}}
[2m2025-12-10T10:19:43.078635Z[0m [34mDEBUG[0m [2methereum_transaction_pool_monitor::eth_client[0m[2m:[0m 📨 Received pending transaction: 0x738a62a460e1a0e90af4109ce969b3e7708822f7bc5404273ca3f0552abbe3c5
[2m2025-12-10T10:19:43.078640Z[0m [34mDEBUG[0m [2methereum_transaction_pool_monitor::eth_client[0m[2m:[0m 📨 Received WebSocket message: {"jsonrpc":"2.0","method":"eth_subscription","params":{"subscription":"0xbed0a0851463e895960a451075a301a9","result":"0x86b505839719c114751306580a370ee33d3e39713b64eb09d639fc69991340b9"}}
[2m2025-12-10T10:19:43.078645Z[0m [34mDEBUG[0m [2methereum_transaction_pool_monitor::eth_client[0m[2m:[0m 📨 Received pending transaction: 0x86b505839719c114751306580a370ee33d3e39713b64eb09d639fc69991340b9
[2m2025-12-10T10:19:43.078649Z[0m [34mDEBUG[0m [2methereum_transaction_pool_monitor::eth_client[0m[2m:[0m 📨 Received WebSocket message: {"jsonrpc":"2.0","method":"eth_subscription","params":{"subscription":"0xbed0a0851463e895960a451075a301a9","result":"0x4e0d72d034bbd2d88c4a6595d06dda054ad8d26ae455617b689aed6a5f34bc0a"}}
[2m2025-12-10T10:19:43.078686Z[0m [34mDEBUG[0m [2methereum_transaction_pool_monitor::eth_client[0m[2m:[0m 📨 Received pending transaction: 0x4e0d72d034bbd2d88c4a6595d06dda054ad8d26ae455617b689aed6a5f34bc0a
[2m2025-12-10T10:19:43.078692Z[0m [34mDEBUG[0m [2methereum_transaction_pool_monitor::eth_client[0m[2m:[0m 📨 Received WebSocket message: {"jsonrpc":"2.0","method":"eth_subscription","params":{"subscription":"0xbed0a0851463e895960a451075a301a9","result":"0xa59c80680ee0398ea6a3034f06462c91de457985c1490bccda6694440ca5160a"}}
[2m2025-12-10T10:19:43.078720Z[0m [34mDEBUG[0m [2methereum_transaction_pool_monitor::eth_client[0m[2m:[0m 📨 Received pending transaction: 0xa59c80680ee0398ea6a3034f06462c91de457985c1490bccda6694440ca5160a
[2m2025-12-10T10:19:43.078725Z[0m [34mDEBUG[0m [2methereum_transaction_pool_monitor::eth_client[0m[2m:[0m 📨 Received WebSocket message: {"jsonrpc":"2.0","method":"eth_subscription","params":{"subscription":"0xbed0a0851463e895960a451075a301a9","result":"0x965f0abc092269235d77c68314f9ebc8f2408a92bdd16f275abbfb85d7168591"}}
[2m2025-12-10T10:19:43.078737Z[0m [34mDEBUG[0m [2methereum_transaction_pool_monitor::eth_client[0m[2m:[0m 📨 Received pending transaction: 0x965f0abc092269235d77c68314f9ebc8f2408a92bdd16f275abbfb85d7168591
[2m2025-12-10T10:19:43.078744Z[0m [34mDEBUG[0m [2methereum_transaction_pool_monitor::eth_client[0m[2m:[0m 📨 Received WebSocket message: {"jsonrpc":"2.0","method":"eth_subscription","params":{"subscription":"0xbed0a0851463e895960a451075a301a9","result":"0x0714ff1499519ddeb0f79d09be4ef3140186bf48aa476a7ac68658877d149730"}}
[2m2025-12-10T10:19:43.078749Z[0m [34mDEBUG[0m [2methereum_transaction_pool_monitor::eth_client[0m[2m:[0m 📨 Received pending transaction: 0x0714ff1499519ddeb0f79d09be4ef3140186bf48aa476a7ac68658877d149730
[2m2025-12-10T10:19:43.078754Z[0m [34mDEBUG[0m [2methereum_transaction_pool_monitor::eth_client[0m[2m:[0m 📨 Received WebSocket message: {"jsonrpc":"2.0","method":"eth_subscription","params":{"subscription":"0xbed0a0851463e895960a451075a301a9","result":"0x73eaee42565c0521e2dac839757b6f8ad66b7b46e31fcaa6463f1f2a0619eede"}}
[2m2025-12-10T10:19:43.078759Z[0m [34mDEBUG[0m [2methereum_transaction_pool_monitor::eth_client[0m[2m:[0m 📨 Received pending transaction: 0x73eaee42565c0521e2dac839757b6f8ad66b7b46e31fcaa6463f1f2a0619eede
[2m2025-12-10T10:19:43.078763Z[0m [34mDEBUG[0m [2methereum_transaction_pool_monitor::eth_client[0m[2m:[0m 📨 Received WebSocket message: {"jsonrpc":"2.0","method":"eth_subscription","params":{"subscription":"0xbed0a0851463e895960a451075a301a9","result":"0x7eeb5c900adac76b9ba907f69e639451ec95d11a6a4e8dee4ac29c4116685d48"}}
[2m2025-12-10T10:19:43.078768Z[0m [34mDEBUG[0m [2methereum_transaction_pool_monitor::eth_client[0m[2m:[0m 📨 Received pending transaction: 0x7eeb5c900adac76b9ba907f69e639451ec95d11a6a4e8dee4ac29c4116685d48
[2m2025-12-10T10:19:43.078772Z[0m [34mDEBUG[0m [2methereum_transaction_pool_monitor::eth_client[0m[2m:[0m 📨 Received WebSocket message: {"jsonrpc":"2.0","method":"eth_subscription","params":{"subscription":"0xbed0a0851463e895960a451075a301a9","result":"0x0284b8f0ec7761bc822667a73846b022ce9aa51c12bdea55fb8c60ddf73296b5"}}
[2m2025-12-10T10:19:43.078777Z[0m [34mDEBUG[0m [2methereum_transaction_pool_monitor::eth_client[0m[2m:[0m 📨 Received pending transaction: 0x0284b8f0ec7761bc822667a73846b022ce9aa51c12bdea55fb8c60ddf73296b5
[2m2025-12-10T10:19:43.078782Z[0m [34mDEBUG[0m [2methereum_transaction_pool_monitor::eth_client[0m[2m:[0m 📨 Received WebSocket message: {"jsonrpc":"2.0","method":"eth_subscription","params":{"subscription":"0xbed0a0851463e895960a451075a301a9","result":"0x2601879a6f19b5f10477cce10922a51c44fdc97fc368682556c052e9470f3d1f"}}
[2m2025-12-10T10:19:43.078787Z[0m [34mDEBUG[0m [2methereum_transaction_pool_monitor::eth_client[0m[2m:[0m 📨 Received pending transaction: 0x2601879a6f19b5f10477cce10922a51c44fdc97fc368682556c052e9470f3d1f
[2m2025-12-10T10:19:43.078798Z[0m [34mDEBUG[0m [2methereum_transaction_pool_monitor::eth_client[0m[2m:[0m 📨 Received WebSocket message: {"jsonrpc":"2.0","method":"eth_subscription","params":{"subscription":"0xbed0a0851463e895960a451075a301a9","result":"0xecd6d7a70d1988df714e3a25103e765284f2b00eec5b8fe66a1040dbdb5fe673"}}
[2m2025-12-10T10:19:43.078803Z[0m [34mDEBUG[0m [2methereum_transaction_pool_monitor::eth_client[0m[2m:[0m 📨 Received pending transaction: 0xecd6d7a70d1988df714e3a25103e765284f2b00eec5b8fe66a1040dbdb5fe673
[2m2025-12-10T10:19:43.078808Z[0m [34mDEBUG[0m [2methereum_transaction_pool_monitor::eth_client[0m[2m:[0m 📨 Received WebSocket message: {"jsonrpc":"2.0","method":"eth_subscription","params":{"subscription":"0xbed0a0851463e895960a451075a301a9","result":"0x6e379424fba4ea48ea9b4a63b0420ecd6595b676bc3f3c884b29f56021afa20f"}}
[2m2025-12-10T10:19:43.078813Z[0m [34mDEBUG[0m [2methereum_transaction_pool_monitor::eth_client[0m[2m:[0m 📨 Received pending transaction: 0x6e379424fba4ea48ea9b4a63b0420ecd6595b676bc3f3c884b29f56021afa20f
[2m2025-12-10T10:19:43.078832Z[0m [34mDEBUG[0m [2methereum_transaction_pool_monitor::eth_client[0m[2m:[0m 📨 Received WebSocket message: {"jsonrpc":"2.0","method":"eth_subscription","params":{"subscription":"0xbed0a0851463e895960a451075a301a9","result":"0x1fd0a3143686220f5bbb0d9f8f70c2ce3f6f29727372ba9496cc658e54b8f758"}}
[2m2025-12-10T10:19:43.078837Z[0m [34mDEBUG[0m [2methereum_transaction_pool_monitor::eth_client[0m[2m:[0m 📨 Received pending transaction: 0x1fd0a3143686220f5bbb0d9f8f70c2ce3f6f29727372ba9496cc658e54b8f758
[2m2025-12-10T10:19:43.078984Z[0m [34mDEBUG[0m [2methereum_transaction_pool_monitor::eth_client[0m[2m:[0m 📨 Received WebSocket message: {"jsonrpc":"2.0","method":"eth_subscription","params":{"subscription":"0xbed0a0851463e895960a451075a301a9","result":"0x55d944ac807857edc32008a5254674a879ba8b4badaaf449940387d6f359e4b9"}}
[2m2025-12-10T10:19:43.078992Z[0m [34mDEBUG[0m [2methereum_transaction_pool_monitor::eth_client[0m[2m:[0m 📨 Received pending transaction: 0x55d944ac807857edc32008a5254674a879ba8b4badaaf449940387d6f359e4b9
[2m2025-12-10T10:19:43.078997Z[0m [34mDEBUG[0m [2methereum_transaction_pool_monitor::eth_client[0m[2m:[0m 📨 Received WebSocket message: {"jsonrpc":"2.0","method":"eth_subscription","params":{"subscription":"0xbed0a0851463e895960a451075a301a9","result":"0xd58882d4801d6bfaa8d9c9fae8f7a7c24c16fcefdef7dd96114525c50e74cdc9"}}
[2m2025-12-10T10:19:43.079003Z[0m [34mDEBUG[0m [2methereum_transaction_pool_monitor::eth_client[0m[2m:[0m 📨 Received pending transaction: 0xd58882d4801d6bfaa8d9c9fae8f7a7c24c16fcefdef7dd96114525c50e74cdc9
[2m2025-12-10T10:19:43.079007Z[0m [34mDEBUG[0m [2methereum_transaction_pool_monitor::eth_client[0m[2m:[0m 📨 Received WebSocket message: {"jsonrpc":"2.0","method":"eth_subscription","params":{"subscription":"0xbed0a0851463e895960a451075a301a9","result":"0xfbb3c2d66d8cf1915d11243d33d5a5f6e8a0eba0e49dba4c000235e1410c96e6"}}
[2m2025-12-10T10:19:43.079012Z[0m [34mDEBUG[0m [2methereum_transaction_pool_monitor::eth_client[0m[2m:[0m 📨 Received pending transaction: 0xfbb3c2d66d8cf1915d11243d33d5a5f6e8a0eba0e49dba4c000235e1410c96e6
[2m2025-12-10T10:19:43.079017Z[0m [34mDEBUG[0m [2methereum_transaction_pool_monitor::eth_client[0m[2m:[0m 📨 Received WebSocket message: {"jsonrpc":"2.0","method":"eth_subscription","params":{"subscription":"0xbed0a0851463e895960a451075a301a9","result":"0x529fa0fe83eea3bad17401eb1078ace33960ed39081f0156618d248d10a48b56"}}
[2m2025-12-10T10:19:43.079022Z[0m [34mDEBUG[0m [2methereum_transaction_pool_monitor::eth_client[0m[2m:[0m 📨 Received pending transaction: 0x529fa0fe83eea3bad17401eb1078ace33960ed39081f0156618d248d10a48b56
[2m2025-12-10T10:19:43.079027Z[0m [34mDEBUG[0m [2methereum_transaction_pool_monitor::eth_client[0m[2m:[0m 📨 Received WebSocket message: {"jsonrpc":"2.0","method":"eth_subscription","params":{"subscription":"0xbed0a0851463e895960a451075a301a9","result":"0x58b204694dfaf8980665d195579d2d277bb188ad0d6c847b9efad3464b162f2a"}}
[2m2025-12-10T10:19:43.079032Z[0m [34mDEBUG[0m [2methereum_transaction_pool_monitor::eth_client[0m[2m:[0m 📨 Received pending transaction: 0x58b204694dfaf8980665d195579d2d277bb188ad0d6c847b9efad3464b162f2a
[2m2025-12-10T10:19:43.079036Z[0m [34mDEBUG[0m [2methereum_transaction_pool_monitor::eth_client[0m[2m:[0m 📨 Received WebSocket message: {"jsonrpc":"2.0","method":"eth_subscription","params":{"subscription":"0xbed0a0851463e895960a451075a301a9","result":"0x7778b3c51eda25c540a1aa8d455db302fab467a9a820968490eefd2da12dad87"}}
[2m2025-12-10T10:19:43.079041Z[0m [34mDEBUG[0m [2methereum_transaction_pool_monitor::eth_client[0m[2m:[0m 📨 Received pending transaction: 0x7778b3c51eda25c540a1aa8d455db302fab467a9a820968490eefd2da12dad87
[2m2025-12-10T10:19:43.079046Z[0m [34mDEBUG[0m [2methereum_transaction_pool_monitor::eth_client[0m[2m:[0m 📨 Received WebSocket message: {"jsonrpc":"2.0","method":"eth_subscription","params":{"subscription":"0xbed0a0851463e895960a451075a301a9","result":"0x88f7071ac3cfc23270ff2bfb6495991a12f4359786190289cffce7028ec0279d"}}
[2m2025-12-10T10:19:43.079051Z[0m [34mDEBUG[0m [2methereum_transaction_pool_monitor::eth_client[0m[2m:[0m 📨 Received pending transaction: 0x88f7071ac3cfc23270ff2bfb6495991a12f4359786190289cffce7028ec0279d
[2m2025-12-10T10:19:43.079055Z[0m [34mDEBUG[0m [2methereum_transaction_pool_monitor::eth_client[0m[2m:[0m 📨 Received WebSocket message: {"jsonrpc":"2.0","method":"eth_subscription","params":{"subscription":"0xbed0a0851463e895960a451075a301a9","result":"0xb3ca701fd64e6e7c869daf031e4a9eb6f4ded0d36caf9411834272a3fb77ea6d"}}
[2m2025-12-10T10:19:43.079060Z[0m [34mDEBUG[0m [2methereum_transaction_pool_monitor::eth_client[0m[2m:[0m 📨 Received pending transaction: 0xb3ca701fd64e6e7c869daf031e4a9eb6f4ded0d36caf9411834272a3fb77ea6d
[2m2025-12-10T10:19:43.079071Z[0m [34mDEBUG[0m [2methereum_transaction_pool_monitor::eth_client[0m[2m:[0m 📨 Received WebSocket message: {"jsonrpc":"2.0","method":"eth_subscription","params":{"subscription":"0xbed0a0851463e895960a451075a301a9","result":"0x0431d150fad7811a0219852e0b57a6b320e20f44fe808fdbbb972f146e9cc134"}}
[2m2025-12-10T10:19:43.079076Z[0m [34mDEBUG[0m [2methereum_transaction_pool_monitor::eth_client[0m[2m:[0m 📨 Received pending transaction: 0x0431d150fad7811a0219852e0b57a6b320e20f44fe808fdbbb972f146e9cc134
[2m2025-12-10T10:19:43.079089Z[0m [34mDEBUG[0m [2methereum_transaction_pool_monitor::eth_client[0m[2m:[0m 📨 Received WebSocket message: {"jsonrpc":"2.0","method":"eth_subscription","params":{"subscription":"0xbed0a0851463e895960a451075a301a9","result":"0x9ed30e2c7cf93b1643b6dbe268d57a5801f1c09e8ced1a35baa6121f07e9f667"}}
[2m2025-12-10T10:19:43.079097Z[0m [34mDEBUG[0m [2methereum_transaction_pool_monitor::eth_client[0m[2m:[0m 📨 Received pending transaction: 0x9ed30e2c7cf93b1643b6dbe268d57a5801f1c09e8ced1a35baa6121f07e9f667
[2m2025-12-10T10:19:43.079102Z[0m [34mDEBUG[0m [2methereum_transaction_pool_monitor::eth_client[0m[2m:[0m 📨 Received WebSocket message: {"jsonrpc":"2.0","method":"eth_subscription","params":{"subscription":"0xbed0a0851463e895960a451075a301a9","result":"0x84b5da9164a198bab8a97c4f973d3c1669711b289a5b3d6550f204d91b03c266"}}
[2m2025-12-10T10:19:43.079108Z[0m [34mDEBUG[0m [2methereum_transaction_pool_monitor::eth_client[0m[2m:[0m 📨 Received pending transaction: 0x84b5da9164a198bab8a97c4f973d3c1669711b289a5b3d6550f204d91b03c266
[2m2025-12-10T10:19:43.079113Z[0m [34mDEBUG[0m [2methereum_transaction_pool_monitor::eth_client[0m[2m:[0m 📨 Received WebSocket message: {"jsonrpc":"2.0","method":"eth_subscription","params":{"subscription":"0xbed0a0851463e895960a451075a301a9","result":"0x2904ac10fa0edc3a32beacb2a95b52192fead1c27ccbfc6b2643081be0066c9b"}}
[2m2025-12-10T10:19:43.079124Z[0m [34mDEBUG[0m [2methereum_transaction_pool_monitor::eth_client[0m[2m:[0m 📨 Received pending transaction: 0x2904ac10fa0edc3a32beacb2a95b52192fead1c27ccbfc6b2643081be0066c9b
[2m2025-12-10T10:19:43.079129Z[0m [34mDEBUG[0m [2methereum_transaction_pool_monitor::eth_client[0m[2m:[0m 📨 Received WebSocket message: {"jsonrpc":"2.0","method":"eth_subscription","params":{"subscription":"0xbed0a0851463e895960a451075a301a9","result":"0xd34b54f2bf12a0ade1bdae2bc4d2a511ca3ba051acb5707889e57511c4661f61"}}
[2m2025-12-10T10:19:43.079138Z[0m [34mDEBUG[0m [2methereum_transaction_pool_monitor::eth_client[0m[2m:[0m 📨 Received pending transaction: 0xd34b54f2bf12a0ade1bdae2bc4d2a511ca3ba051acb5707889e57511c4661f61
[2m2025-12-10T10:19:43.079147Z[0m [34mDEBUG[0m [2methereum_transaction_pool_monitor::eth_client[0m[2m:[0m 📨 Received WebSocket message: {"jsonrpc":"2.0","method":"eth_subscription","params":{"subscription":"0xbed0a0851463e895960a451075a301a9","result":"0xb26b83c9e4d809116ce959b5ac8450f7a901f71cce891cba8626df9ed15dfdf1"}}
[2m2025-12-10T10:19:43.079157Z[0m [34mDEBUG[0m [2methereum_transaction_pool_monitor::eth_client[0m[2m:[0m 📨 Received pending transaction: 0xb26b83c9e4d809116ce959b5ac8450f7a901f71cce891cba8626df9ed15dfdf1
[2m2025-12-10T10:19:43.079163Z[0m [34mDEBUG[0m [2methereum_transaction_pool_monitor::eth_client[0m[2m:[0m 📨 Received WebSocket message: {"jsonrpc":"2.0","method":"eth_subscription","params":{"subscription":"0xbed0a0851463e895960a451075a301a9","result":"0x382da963883b92338319b1341094e45876dbaf71930441b77fe333a45469896d"}}
[2m2025-12-10T10:19:43.079168Z[0m [34mDEBUG[0m [2methereum_transaction_pool_monitor::eth_client[0m[2m:[0m 📨 Received pending transaction: 0x382da963883b92338319b1341094e45876dbaf71930441b77fe333a45469896d
[2m2025-12-10T10:19:43.079172Z[0m [34mDEBUG[0m [2methereum_transaction_pool_monitor::eth_client[0m[2m:[0m 📨 Received WebSocket message: {"jsonrpc":"2.0","method":"eth_subscription","params":{"subscription":"0xbed0a0851463e895960a451075a301a9","result":"0x6b326e8e18a9bcf0dbd9e1582a87b0fd8aa82ec57f90e397adcef53b3ba3ec4f"}}
[2m2025-12-10T10:19:43.079177Z[0m [34mDEBUG[0m [2methereum_transaction_pool_monitor::eth_client[0m[2m:[0m 📨 Received pending transaction: 0x6b326e8e18a9bcf0dbd9e1582a87b0fd8aa82ec57f90e397adcef53b3ba3ec4f
[2m2025-12-10T10:19:43.079182Z[0m [34mDEBUG[0m [2methereum_transaction_pool_monitor::eth_client[0m[2m:[0m 📨 Received WebSocket message: {"jsonrpc":"2.0","method":"eth_subscription","params":{"subscription":"0xbed0a0851463e895960a451075a301a9","result":"0x883b499ef6f0e03f2453845d6a30e4914dae43a863e177ab9f7491d34073e021"}}
[2m2025-12-10T10:19:43.079187Z[0m [34mDEBUG[0m [2methereum_transaction_pool_monitor::eth_client[0m[2m:[0m 📨 Received pending transaction: 0x883b499ef6f0e03f2453845d6a30e4914dae43a863e177ab9f7491d34073e021
[2m2025-12-10T10:19:43.079191Z[0m [34mDEBUG[0m [2methereum_transaction_pool_monitor::eth_client[0m[2m:[0m 📨 Received WebSocket message: {"jsonrpc":"2.0","method":"eth_subscription","params":{"subscription":"0xbed0a0851463e895960a451075a301a9","result":"0x6684859e845b84d5a6504b202a1ccfd94eb72fb712da538c982c2d6f5e5e3b90"}}
[2m2025-12-10T10:19:43.079196Z[0m [34mDEBUG[0m [2methereum_transaction_pool_monitor::eth_client[0m[2m:[0m 📨 Received pending transaction: 0x6684859e845b84d5a6504b202a1ccfd94eb72fb712da538c982c2d6f5e5e3b90
[2m2025-12-10T10:19:43.079200Z[0m [34mDEBUG[0m [2methereum_transaction_pool_monitor::eth_client[0m[2m:[0m 📨 Received WebSocket message: {"jsonrpc":"2.0","method":"eth_subscription","params":{"subscription":"0xbed0a0851463e895960a451075a301a9","result":"0x5aea2d638f83e4d8782332c4c0203ce64d281701665cb50ec1e9075ec3a4dff1"}}
[2m2025-12-10T10:19:43.079205Z[0m [34mDEBUG[0m [2methereum_transaction_pool_monitor::eth_client[0m[2m:[0m 📨 Received pending transaction: 0x5aea2d638f83e4d8782332c4c0203ce64d281701665cb50ec1e9075ec3a4dff1
[2m2025-12-10T10:19:43.079210Z[0m [34mDEBUG[0m [2methereum_transaction_pool_monitor::eth_client[0m[2m:[0m 📨 Received WebSocket message: {"jsonrpc":"2.0","method":"eth_subscription","params":{"subscription":"0xbed0a0851463e895960a451075a301a9","result":"0xd46dbf60144003e7821214453ef3fc86648c7cc4d8df9112909cb9242b951414"}}
[2m2025-12-10T10:19:43.079215Z[0m [34mDEBUG[0m [2methereum_transaction_pool_monitor::eth_client[0m[2m:[0m 📨 Received pending transaction: 0xd46dbf60144003e7821214453ef3fc86648c7cc4d8df9112909cb9242b951414
[2m2025-12-10T10:19:43.079219Z[0m [34mDEBUG[0m [2methereum_transaction_pool_monitor::eth_client[0m[2m:[0m 📨 Received WebSocket message: {"jsonrpc":"2.0","method":"eth_subscription","params":{"subscription":"0xbed0a0851463e895960a451075a301a9","result":"0xecbbbc130937c20003d608e44e55f92aba25a886d514dfbdc013ce87e8518ba9"}}
[2m2025-12-10T10:19:43.079224Z[0m [34mDEBUG[0m [2methereum_transaction_pool_monitor::eth_client[0m[2m:[0m 📨 Received pending transaction: 0xecbbbc130937c20003d608e44e55f92aba25a886d514dfbdc013ce87e8518ba9
[2m2025-12-10T10:19:43.079245Z[0m [34mDEBUG[0m [2methereum_transaction_pool_monitor::eth_client[0m[2m:[0m 📨 Received WebSocket message: {"jsonrpc":"2.0","method":"eth_subscription","params":{"subscription":"0xbed0a0851463e895960a451075a301a9","result":"0xf0452ae13401c93ba3a191bb0c62886991105ce152ce5c223df869c1e978d205"}}
[2m2025-12-10T10:19:43.079252Z[0m [34mDEBUG[0m [2methereum_transaction_pool_monitor::eth_client[0m[2m:[0m 📨 Received pending transaction: 0xf0452ae13401c93ba3a191bb0c62886991105ce152ce5c223df869c1e978d205
[2m2025-12-10T10:19:43.079257Z[0m [34mDEBUG[0m [2methereum_transaction_pool_monitor::eth_client[0m[2m:[0m 📨 Received WebSocket message: {"jsonrpc":"2.0","method":"eth_subscription","params":{"subscription":"0xbed0a0851463e895960a451075a301a9","result":"0x3db6ddfc7121efa8b511bbbdb29e56ca687390b8c0eaa01a5bc272de157a4384"}}
[2m2025-12-10T10:19:43.079262Z[0m [34mDEBUG[0m [2methereum_transaction_pool_monitor::eth_client[0m[2m:[0m 📨 Received pending transaction: 0x3db6ddfc7121efa8b511bbbdb29e56ca687390b8c0eaa01a5bc272de157a4384
[2m2025-12-10T10:19:43.079266Z[0m [34mDEBUG[0m [2methereum_transaction_pool_monitor::eth_client[0m[2m:[0m 📨 Received WebSocket message: {"jsonrpc":"2.0","method":"eth_subscription","params":{"subscription":"0xbed0a0851463e895960a451075a301a9","result":"0x3904f28117e99e763ea228e642a79e37ae33b8931115aa5c7a9d317a5d300570"}}
[2m2025-12-10T10:19:43.079271Z[0m [34mDEBUG[0m [2methereum_transaction_pool_monitor::eth_client[0m[2m:[0m 📨 Received pending transaction: 0x3904f28117e99e763ea228e642a79e37ae33b8931115aa5c7a9d317a5d300570
[2m2025-12-10T10:19:43.079307Z[0m [34mDEBUG[0m [2methereum_transaction_pool_monitor::eth_client[0m[2m:[0m 📨 Received WebSocket message: {"jsonrpc":"2.0","method":"eth_subscription","params":{"subscription":"0xbed0a0851463e895960a451075a301a9","result":"0x94ab5c0325e439034be47735e25d0021976795cec4ec35422bf8d6ac9dcb4341"}}
[2m2025-12-10T10:19:43.079312Z[0m [34mDEBUG[0m [2methereum_transaction_pool_monitor::eth_client[0m[2m:[0m 📨 Received pending transaction: 0x94ab5c0325e439034be47735e25d0021976795cec4ec35422bf8d6ac9dcb4341
[2m2025-12-10T10:19:43.079317Z[0m [34mDEBUG[0m [2mhyper::proto::h1::io[0m[2m:[0m parsed 4 headers
[2m2025-12-10T10:19:43.079323Z[0m [34mDEBUG[0m [2mhyper::proto::h1::conn[0m[2m:[0m incoming body is content-length (727 bytes)
[2m2025-12-10T10:19:43.079330Z[0m [34mDEBUG[0m [2mhyper::proto::h1::conn[0m[2m:[0m incoming body completed
[2m2025-12-10T10:19:43.079339Z[0m [34mDEBUG[0m [2mhyper::client::pool[0m[2m:[0m pooling idle connection for ("http", 192.168.0.14:8545)
[2m2025-12-10T10:19:43.079316Z[0m [34mDEBUG[0m [2methereum_transaction_pool_monitor::eth_client[0m[2m:[0m 📨 Received WebSocket message: {"jsonrpc":"2.0","method":"eth_subscription","params":{"subscription":"0xbed0a0851463e895960a451075a301a9","result":"0x55b3e22a46b0ac44c3c13a970c40c9278d39dbdd6f2bef14c31c893732eb676e"}}
[2m2025-12-10T10:19:43.079355Z[0m [34mDEBUG[0m [2methereum_transaction_pool_monitor::eth_client[0m[2m:[0m 📨 Received pending transaction: 0x55b3e22a46b0ac44c3c13a970c40c9278d39dbdd6f2bef14c31c893732eb676e
[2m2025-12-10T10:19:43.079360Z[0m [34mDEBUG[0m [2methereum_transaction_pool_monitor::eth_client[0m[2m:[0m 📨 Received WebSocket message: {"jsonrpc":"2.0","method":"eth_subscription","params":{"subscription":"0xbed0a0851463e895960a451075a301a9","result":"0x2ff7292faaf9bfe7435f60c95b1da57ad75cb9b5f29a42a427e2a3a0294f59b6"}}
[2m2025-12-10T10:19:43.079365Z[0m [34mDEBUG[0m [2methereum_transaction_pool_monitor::eth_client[0m[2m:[0m 📨 Received pending transaction: 0x2ff7292faaf9bfe7435f60c95b1da57ad75cb9b5f29a42a427e2a3a0294f59b6
[2m2025-12-10T10:19:43.079346Z[0m [34mDEBUG[0m [2methereum_transaction_pool_monitor::eth_client[0m[2m:[0m 📡 Transaction fetch RPC completed in 59.05575ms
[2m2025-12-10T10:19:43.079388Z[0m [34mDEBUG[0m [2methereum_transaction_pool_monitor::eth_client[0m[2m:[0m 📨 Received WebSocket message: {"jsonrpc":"2.0","method":"eth_subscription","params":{"subscription":"0xbed0a0851463e895960a451075a301a9","result":"0x30cc078d13b8cf8e41bc1808498704d637faa4af213c4e15aa19e31fe661a4ab"}}
[2m2025-12-10T10:19:43.079404Z[0m [34mDEBUG[0m [2methereum_transaction_pool_monitor::eth_client[0m[2m:[0m 📨 Received pending transaction: 0x30cc078d13b8cf8e41bc1808498704d637faa4af213c4e15aa19e31fe661a4ab
[2m2025-12-10T10:19:43.079412Z[0m [34mDEBUG[0m [2methereum_transaction_pool_monitor::eth_client[0m[2m:[0m 📨 Received WebSocket message: {"jsonrpc":"2.0","method":"eth_subscription","params":{"subscription":"0xbed0a0851463e895960a451075a301a9","result":"0xdfe098a5b78099bb21f150c16357da1954773eb02da3e34dd01fab0dffe39cac"}}
[2m2025-12-10T10:19:43.079565Z[0m [34mDEBUG[0m [2methereum_transaction_pool_monitor::eth_client[0m[2m:[0m 📨 Received pending transaction: 0xdfe098a5b78099bb21f150c16357da1954773eb02da3e34dd01fab0dffe39cac
[2m2025-12-10T10:19:43.079572Z[0m [34mDEBUG[0m [2methereum_transaction_pool_monitor::eth_client[0m[2m:[0m 📨 Received WebSocket message: {"jsonrpc":"2.0","method":"eth_subscription","params":{"subscription":"0xbed0a0851463e895960a451075a301a9","result":"0x434b12ae5d0062fca3b02829d5da0cad799ca8d96363ddd9ac09070c93918752"}}
[2m2025-12-10T10:19:43.079577Z[0m [34mDEBUG[0m [2methereum_transaction_pool_monitor::eth_client[0m[2m:[0m 📨 Received pending transaction: 0x434b12ae5d0062fca3b02829d5da0cad799ca8d96363ddd9ac09070c93918752
[2m2025-12-10T10:19:43.079582Z[0m [34mDEBUG[0m [2methereum_transaction_pool_monitor::eth_client[0m[2m:[0m 📨 Received WebSocket message: {"jsonrpc":"2.0","method":"eth_subscription","params":{"subscription":"0xbed0a0851463e895960a451075a301a9","result":"0xa7f067d7358ac3faae4119112033385e191b5a7483354242a4b776d40ccf37d0"}}
[2m2025-12-10T10:19:43.079587Z[0m [34mDEBUG[0m [2methereum_transaction_pool_monitor::eth_client[0m[2m:[0m 📨 Received pending transaction: 0xa7f067d7358ac3faae4119112033385e191b5a7483354242a4b776d40ccf37d0
[2m2025-12-10T10:19:43.079591Z[0m [34mDEBUG[0m [2methereum_transaction_pool_monitor::eth_client[0m[2m:[0m 📨 Received WebSocket message: {"jsonrpc":"2.0","method":"eth_subscription","params":{"subscription":"0xbed0a0851463e895960a451075a301a9","result":"0xc274385e4d6030fe661c48e05f39743a47c382863540869160c6cec3af718223"}}
[2m2025-12-10T10:19:43.079596Z[0m [34mDEBUG[0m [2methereum_transaction_pool_monitor::eth_client[0m[2m:[0m 📨 Received pending transaction: 0xc274385e4d6030fe661c48e05f39743a47c382863540869160c6cec3af718223
[2m2025-12-10T10:19:43.079601Z[0m [34mDEBUG[0m [2methereum_transaction_pool_monitor::eth_client[0m[2m:[0m 📨 Received WebSocket message: {"jsonrpc":"2.0","method":"eth_subscription","params":{"subscription":"0xbed0a0851463e895960a451075a301a9","result":"0x17d0b69fdf26c508c39813012400f33cf1d1e2eac3d4a53f238f22ad072070ec"}}
[2m2025-12-10T10:19:43.079606Z[0m [34mDEBUG[0m [2methereum_transaction_pool_monitor::eth_client[0m[2m:[0m 📨 Received pending transaction: 0x17d0b69fdf26c508c39813012400f33cf1d1e2eac3d4a53f238f22ad072070ec
[2m2025-12-10T10:19:43.079617Z[0m [34mDEBUG[0m [2methereum_transaction_pool_monitor::eth_client[0m[2m:[0m 📨 Received WebSocket message: {"jsonrpc":"2.0","method":"eth_subscription","params":{"subscription":"0xbed0a0851463e895960a451075a301a9","result":"0xccbb9a9bfb1bf5949b9b6e7b66dcb919aeb32091321d4a55a9bd7ad79730561a"}}
[2m2025-12-10T10:19:43.079623Z[0m [34mDEBUG[0m [2methereum_transaction_pool_monitor::eth_client[0m[2m:[0m 📨 Received pending transaction: 0xccbb9a9bfb1bf5949b9b6e7b66dcb919aeb32091321d4a55a9bd7ad79730561a
[2m2025-12-10T10:19:43.079627Z[0m [34mDEBUG[0m [2methereum_transaction_pool_monitor::eth_client[0m[2m:[0m 📨 Received WebSocket message: {"jsonrpc":"2.0","method":"eth_subscription","params":{"subscription":"0xbed0a0851463e895960a451075a301a9","result":"0x56c304f803106e4a23cc9410be13e66f87c048856b04d8c7be5c947a601b89b5"}}
[2m2025-12-10T10:19:43.079634Z[0m [34mDEBUG[0m [2methereum_transaction_pool_monitor::eth_client[0m[2m:[0m 📨 Received pending transaction: 0x56c304f803106e4a23cc9410be13e66f87c048856b04d8c7be5c947a601b89b5
[2m2025-12-10T10:19:43.079639Z[0m [34mDEBUG[0m [2methereum_transaction_pool_monitor::eth_client[0m[2m:[0m 📨 Received WebSocket message: {"jsonrpc":"2.0","method":"eth_subscription","params":{"subscription":"0xbed0a0851463e895960a451075a301a9","result":"0x35d76de8b2930e7fd188ec9fe25365d6f12933f575e51c7ac8121716317790d7"}}
[2m2025-12-10T10:19:43.079644Z[0m [34mDEBUG[0m [2methereum_transaction_pool_monitor::eth_client[0m[2m:[0m 📨 Received pending transaction: 0x35d76de8b2930e7fd188ec9fe25365d6f12933f575e51c7ac8121716317790d7
[2m2025-12-10T10:19:43.079648Z[0m [34mDEBUG[0m [2methereum_transaction_pool_monitor::eth_client[0m[2m:[0m 📨 Received WebSocket message: {"jsonrpc":"2.0","method":"eth_subscription","params":{"subscription":"0xbed0a0851463e895960a451075a301a9","result":"0xf7476a42274df16bc687a11bc804ab9137123a7c52a7e3226d39d8b74e4d907f"}}
[2m2025-12-10T10:19:43.079653Z[0m [34mDEBUG[0m [2methereum_transaction_pool_monitor::eth_client[0m[2m:[0m 📨 Received pending transaction: 0xf7476a42274df16bc687a11bc804ab9137123a7c52a7e3226d39d8b74e4d907f
[2m2025-12-10T10:19:43.079657Z[0m [34mDEBUG[0m [2methereum_transaction_pool_monitor::eth_client[0m[2m:[0m 📨 Received WebSocket message: {"jsonrpc":"2.0","method":"eth_subscription","params":{"subscription":"0xbed0a0851463e895960a451075a301a9","result":"0xf50af6de8c428aea06e7155bf4b532788cc8c165674766f340f90d2cd12cb356"}}
[2m2025-12-10T10:19:43.079758Z[0m [34mDEBUG[0m [2methereum_transaction_pool_monitor::eth_client[0m[2m:[0m 📨 Received pending transaction: 0xf50af6de8c428aea06e7155bf4b532788cc8c165674766f340f90d2cd12cb356
[2m2025-12-10T10:19:43.079827Z[0m [34mDEBUG[0m [2methereum_transaction_pool_monitor::eth_client[0m[2m:[0m 📨 Received WebSocket message: {"jsonrpc":"2.0","method":"eth_subscription","params":{"subscription":"0xbed0a0851463e895960a451075a301a9","result":"0xaade9ff2c8ec665099f062319f9b28a753bf712af3c77833b1188a583668fbd8"}}
[2m2025-12-10T10:19:43.079835Z[0m [34mDEBUG[0m [2methereum_transaction_pool_monitor::eth_client[0m[2m:[0m 📨 Received pending transaction: 0xaade9ff2c8ec665099f062319f9b28a753bf712af3c77833b1188a583668fbd8
[2m2025-12-10T10:19:43.079843Z[0m [34mDEBUG[0m [2methereum_transaction_pool_monitor::eth_client[0m[2m:[0m 📨 Received WebSocket message: {"jsonrpc":"2.0","method":"eth_subscription","params":{"subscription":"0xbed0a0851463e895960a451075a301a9","result":"0x15856ba32e05076dc0ebad261b194c19e2e4852ddb405a58f791ef1e664aadc4"}}
[2m2025-12-10T10:19:43.079848Z[0m [34mDEBUG[0m [2methereum_transaction_pool_monitor::eth_client[0m[2m:[0m 📨 Received pending transaction: 0x15856ba32e05076dc0ebad261b194c19e2e4852ddb405a58f791ef1e664aadc4
[2m2025-12-10T10:19:43.079853Z[0m [34mDEBUG[0m [2methereum_transaction_pool_monitor::eth_client[0m[2m:[0m 📨 Received WebSocket message: {"jsonrpc":"2.0","method":"eth_subscription","params":{"subscription":"0xbed0a0851463e895960a451075a301a9","result":"0xc36c04bcd4912cc1fbf672677ed5ef6376da4e41923863022f2495ac09abeb35"}}
[2m2025-12-10T10:19:43.079859Z[0m [34mDEBUG[0m [2methereum_transaction_pool_monitor::eth_client[0m[2m:[0m 📨 Received pending transaction: 0xc36c04bcd4912cc1fbf672677ed5ef6376da4e41923863022f2495ac09abeb35
[2m2025-12-10T10:19:43.079864Z[0m [34mDEBUG[0m [2methereum_transaction_pool_monitor::eth_client[0m[2m:[0m 📨 Received WebSocket message: {"jsonrpc":"2.0","method":"eth_subscription","params":{"subscription":"0xbed0a0851463e895960a451075a301a9","result":"0xc5c2615ef66fbbc8b9c3541d6650bcad34492733f1b7baf2ea8913d6603af94a"}}
[2m2025-12-10T10:19:43.079869Z[0m [34mDEBUG[0m [2methereum_transaction_pool_monitor::eth_client[0m[2m:[0m 📨 Received pending transaction: 0xc5c2615ef66fbbc8b9c3541d6650bcad34492733f1b7baf2ea8913d6603af94a
[2m2025-12-10T10:19:43.079881Z[0m [34mDEBUG[0m [2methereum_transaction_pool_monitor::eth_client[0m[2m:[0m 📨 Received WebSocket message: {"jsonrpc":"2.0","method":"eth_subscription","params":{"subscription":"0xbed0a0851463e895960a451075a301a9","result":"0x8d34385db2b194f0bfbdbb4d8b2819858ab17c039abd26e0b78a661537a00ffb"}}
[2m2025-12-10T10:19:43.079888Z[0m [34mDEBUG[0m [2methereum_transaction_pool_monitor::eth_client[0m[2m:[0m 📨 Received pending transaction: 0x8d34385db2b194f0bfbdbb4d8b2819858ab17c039abd26e0b78a661537a00ffb
[2m2025-12-10T10:19:43.079900Z[0m [34mDEBUG[0m [2methereum_transaction_pool_monitor::eth_client[0m[2m:[0m 📨 Received WebSocket message: {"jsonrpc":"2.0","method":"eth_subscription","params":{"subscription":"0xbed0a0851463e895960a451075a301a9","result":"0x66aeb115fe15be1d7c6c44972bfd7f8a931635f083aea6d56539d522fe9f5c40"}}
[2m2025-12-10T10:19:43.079907Z[0m [34mDEBUG[0m [2methereum_transaction_pool_monitor::eth_client[0m[2m:[0m 📨 Received pending transaction: 0x66aeb115fe15be1d7c6c44972bfd7f8a931635f083aea6d56539d522fe9f5c40
[2m2025-12-10T10:19:43.079911Z[0m [34mDEBUG[0m [2methereum_transaction_pool_monitor::eth_client[0m[2m:[0m 📨 Received WebSocket message: {"jsonrpc":"2.0","method":"eth_subscription","params":{"subscription":"0xbed0a0851463e895960a451075a301a9","result":"0xf5f8433eb8ffc8df0a9f0b093dd2b5dfafaafa1b37850875dbcd5e1f86a8d6c3"}}
[2m2025-12-10T10:19:43.079917Z[0m [34mDEBUG[0m [2methereum_transaction_pool_monitor::eth_client[0m[2m:[0m 📨 Received pending transaction: 0xf5f8433eb8ffc8df0a9f0b093dd2b5dfafaafa1b37850875dbcd5e1f86a8d6c3
[2m2025-12-10T10:19:43.079921Z[0m [34mDEBUG[0m [2methereum_transaction_pool_monitor::eth_client[0m[2m:[0m 📨 Received WebSocket message: {"jsonrpc":"2.0","method":"eth_subscription","params":{"subscription":"0xbed0a0851463e895960a451075a301a9","result":"0x0d24df472625204be9f8cd5c9b21cb72a4a37221e7ee1ecb00353df249ab73c2"}}
[2m2025-12-10T10:19:43.079934Z[0m [34mDEBUG[0m [2methereum_transaction_pool_monitor::eth_client[0m[2m:[0m 📨 Received pending transaction: 0x0d24df472625204be9f8cd5c9b21cb72a4a37221e7ee1ecb00353df249ab73c2
[2m2025-12-10T10:19:43.079941Z[0m [34mDEBUG[0m [2methereum_transaction_pool_monitor::eth_client[0m[2m:[0m 📨 Received WebSocket message: {"jsonrpc":"2.0","method":"eth_subscription","params":{"subscription":"0xbed0a0851463e895960a451075a301a9","result":"0x97ab5666ef91c2c1440e1a9c3b8a8ba3b2b3f5d884930da08a3120cdc109352e"}}
[2m2025-12-10T10:19:43.079950Z[0m [34mDEBUG[0m [2methereum_transaction_pool_monitor::eth_client[0m[2m:[0m 📨 Received pending transaction: 0x97ab5666ef91c2c1440e1a9c3b8a8ba3b2b3f5d884930da08a3120cdc109352e
[2m2025-12-10T10:19:43.079955Z[0m [34mDEBUG[0m [2methereum_transaction_pool_monitor::eth_client[0m[2m:[0m 📨 Received WebSocket message: {"jsonrpc":"2.0","method":"eth_subscription","params":{"subscription":"0xbed0a0851463e895960a451075a301a9","result":"0xf226a7e5ee1448db104cecb0cf435dc8e0d27749b09ce04f8c0f69d3634a2836"}}
[2m2025-12-10T10:19:43.079961Z[0m [34mDEBUG[0m [2methereum_transaction_pool_monitor::eth_client[0m[2m:[0m 📨 Received pending transaction: 0xf226a7e5ee1448db104cecb0cf435dc8e0d27749b09ce04f8c0f69d3634a2836
[2m2025-12-10T10:19:43.079966Z[0m [34mDEBUG[0m [2methereum_transaction_pool_monitor::eth_client[0m[2m:[0m 📨 Received WebSocket message: {"jsonrpc":"2.0","method":"eth_subscription","params":{"subscription":"0xbed0a0851463e895960a451075a301a9","result":"0x0650b8eae6839a0e1a091a0c8b1f57be553636ea95426934ff941907fbdda7b4"}}
[2m2025-12-10T10:19:43.079973Z[0m [34mDEBUG[0m [2methereum_transaction_pool_monitor::eth_client[0m[2m:[0m 📨 Received pending transaction: 0x0650b8eae6839a0e1a091a0c8b1f57be553636ea95426934ff941907fbdda7b4
[2m2025-12-10T10:19:43.079977Z[0m [34mDEBUG[0m [2methereum_transaction_pool_monitor::eth_client[0m[2m:[0m 📨 Received WebSocket message: {"jsonrpc":"2.0","method":"eth_subscription","params":{"subscription":"0xbed0a0851463e895960a451075a301a9","result":"0x98cf2d9a900515cb5775904763ad57259834b2b4ed6b9792da7eb1ee3ac2a7be"}}
[2m2025-12-10T10:19:43.079982Z[0m [34mDEBUG[0m [2methereum_transaction_pool_monitor::eth_client[0m[2m:[0m 📨 Received pending transaction: 0x98cf2d9a900515cb5775904763ad57259834b2b4ed6b9792da7eb1ee3ac2a7be
[2m2025-12-10T10:19:43.079987Z[0m [34mDEBUG[0m [2methereum_transaction_pool_monitor::eth_client[0m[2m:[0m 📨 Received WebSocket message: {"jsonrpc":"2.0","method":"eth_subscription","params":{"subscription":"0xbed0a0851463e895960a451075a301a9","result":"0x5df58e3f3bd39459a1e2041a164ee30d05249f70a2ea5beed55bbcca7c42d0d1"}}
[2m2025-12-10T10:19:43.079991Z[0m [34mDEBUG[0m [2methereum_transaction_pool_monitor::eth_client[0m[2m:[0m 📨 Received pending transaction: 0x5df58e3f3bd39459a1e2041a164ee30d05249f70a2ea5beed55bbcca7c42d0d1
[2m2025-12-10T10:19:43.079996Z[0m [34mDEBUG[0m [2methereum_transaction_pool_monitor::eth_client[0m[2m:[0m 📨 Received WebSocket message: {"jsonrpc":"2.0","method":"eth_subscription","params":{"subscription":"0xbed0a0851463e895960a451075a301a9","result":"0xc031838f08e35ae08d332abc12d6b45130b59424978b256e23d21e46f73b9df2"}}
[2m2025-12-10T10:19:43.080000Z[0m [34mDEBUG[0m [2methereum_transaction_pool_monitor::eth_client[0m[2m:[0m 📨 Received pending transaction: 0xc031838f08e35ae08d332abc12d6b45130b59424978b256e23d21e46f73b9df2
[2m2025-12-10T10:19:43.080006Z[0m [34mDEBUG[0m [2methereum_transaction_pool_monitor::eth_client[0m[2m:[0m 📨 Received WebSocket message: {"jsonrpc":"2.0","method":"eth_subscription","params":{"subscription":"0xbed0a0851463e895960a451075a301a9","result":"0xaf14281cb3c2c5cfc1760e847157eec972c8432197357b7b6769c8992cc07d50"}}
[2m2025-12-10T10:19:43.080011Z[0m [34mDEBUG[0m [2methereum_transaction_pool_monitor::eth_client[0m[2m:[0m 📨 Received pending transaction: 0xaf14281cb3c2c5cfc1760e847157eec972c8432197357b7b6769c8992cc07d50
[2m2025-12-10T10:19:43.080015Z[0m [34mDEBUG[0m [2methereum_transaction_pool_monitor::eth_client[0m[2m:[0m 📨 Received WebSocket message: {"jsonrpc":"2.0","method":"eth_subscription","params":{"subscription":"0xbed0a0851463e895960a451075a301a9","result":"0xf44dc502a2e6648426dd44b6f1715c968a37b604b23b5e946859254c3b94cd95"}}
[2m2025-12-10T10:19:43.080020Z[0m [34mDEBUG[0m [2methereum_transaction_pool_monitor::eth_client[0m[2m:[0m 📨 Received pending transaction: 0xf44dc502a2e6648426dd44b6f1715c968a37b604b23b5e946859254c3b94cd95
[2m2025-12-10T10:19:43.080024Z[0m [34mDEBUG[0m [2methereum_transaction_pool_monitor::eth_client[0m[2m:[0m 📨 Received WebSocket message: {"jsonrpc":"2.0","method":"eth_subscription","params":{"subscription":"0xbed0a0851463e895960a451075a301a9","result":"0xb08134a3c417827479362d007908837aa72df51b601bbbc09297e44d109adf78"}}
[2m2025-12-10T10:19:43.080035Z[0m [34mDEBUG[0m [2methereum_transaction_pool_monitor::eth_client[0m[2m:[0m 📨 Received pending transaction: 0xb08134a3c417827479362d007908837aa72df51b601bbbc09297e44d109adf78
[2m2025-12-10T10:19:43.080040Z[0m [34mDEBUG[0m [2methereum_transaction_pool_monitor::eth_client[0m[2m:[0m 📨 Received WebSocket message: {"jsonrpc":"2.0","method":"eth_subscription","params":{"subscription":"0xbed0a0851463e895960a451075a301a9","result":"0x2ae9a11286dc272b4c4d8f795ba4fcb1b8224e7d959d08e1bd9af9958b2c06db"}}
[2m2025-12-10T10:19:43.080073Z[0m [34mDEBUG[0m [2methereum_transaction_pool_monitor::eth_client[0m[2m:[0m 📨 Received pending transaction: 0x2ae9a11286dc272b4c4d8f795ba4fcb1b8224e7d959d08e1bd9af9958b2c06db
[2m2025-12-10T10:19:43.080078Z[0m [34mDEBUG[0m [2methereum_transaction_pool_monitor::eth_client[0m[2m:[0m 📨 Received WebSocket message: {"jsonrpc":"2.0","method":"eth_subscription","params":{"subscription":"0xbed0a0851463e895960a451075a301a9","result":"0x6e779c9698ae5968533e9e401a496bff0f5312c5c0d9beb9d040f5cae5591fbb"}}
[2m2025-12-10T10:19:43.080083Z[0m [34mDEBUG[0m [2methereum_transaction_pool_monitor::eth_client[0m[2m:[0m 📨 Received pending transaction: 0x6e779c9698ae5968533e9e401a496bff0f5312c5c0d9beb9d040f5cae5591fbb
[2m2025-12-10T10:19:43.080088Z[0m [34mDEBUG[0m [2methereum_transaction_pool_monitor::eth_client[0m[2m:[0m 📨 Received WebSocket message: {"jsonrpc":"2.0","method":"eth_subscription","params":{"subscription":"0xbed0a0851463e895960a451075a301a9","result":"0xb9de9eaabcbbcb1569de810435ad8d93631a00e511beaacf63f2f323f97c042c"}}
[2m2025-12-10T10:19:43.080094Z[0m [34mDEBUG[0m [2methereum_transaction_pool_monitor::eth_client[0m[2m:[0m 📨 Received pending transaction: 0xb9de9eaabcbbcb1569de810435ad8d93631a00e511beaacf63f2f323f97c042c
[2m2025-12-10T10:19:43.080099Z[0m [34mDEBUG[0m [2methereum_transaction_pool_monitor::eth_client[0m[2m:[0m 📨 Received WebSocket message: {"jsonrpc":"2.0","method":"eth_subscription","params":{"subscription":"0xbed0a0851463e895960a451075a301a9","result":"0x2d760dd75996749fcd6b15b1d6923282c550eaec8de46440418d1f8fde64002d"}}
[2m2025-12-10T10:19:43.080226Z[0m [34mDEBUG[0m [2methereum_transaction_pool_monitor::eth_client[0m[2m:[0m 📨 Received pending transaction: 0x2d760dd75996749fcd6b15b1d6923282c550eaec8de46440418d1f8fde64002d
[2m2025-12-10T10:19:43.080232Z[0m [34mDEBUG[0m [2methereum_transaction_pool_monitor::eth_client[0m[2m:[0m 📨 Received WebSocket message: {"jsonrpc":"2.0","method":"eth_subscription","params":{"subscription":"0xbed0a0851463e895960a451075a301a9","result":"0x647ec858edc4b79273b9247f9887868e29139cc28e9cb106679f16f26a3467c3"}}
[2m2025-12-10T10:19:43.080237Z[0m [34mDEBUG[0m [2methereum_transaction_pool_monitor::eth_client[0m[2m:[0m 📨 Received pending transaction: 0x647ec858edc4b79273b9247f9887868e29139cc28e9cb106679f16f26a3467c3
[2m2025-12-10T10:19:43.080242Z[0m [34mDEBUG[0m [2methereum_transaction_pool_monitor::eth_client[0m[2m:[0m 📨 Received WebSocket message: {"jsonrpc":"2.0","method":"eth_subscription","params":{"subscription":"0xbed0a0851463e895960a451075a301a9","result":"0xe61683d1be797db442a7aee535a93f1821f6870629e6e6a75cf63843297afee1"}}
[2m2025-12-10T10:19:43.080248Z[0m [34mDEBUG[0m [2methereum_transaction_pool_monitor::eth_client[0m[2m:[0m 📨 Received pending transaction: 0xe61683d1be797db442a7aee535a93f1821f6870629e6e6a75cf63843297afee1
[2m2025-12-10T10:19:43.080254Z[0m [34mDEBUG[0m [2methereum_transaction_pool_monitor::eth_client[0m[2m:[0m 📨 Received WebSocket message: {"jsonrpc":"2.0","method":"eth_subscription","params":{"subscription":"0xbed0a0851463e895960a451075a301a9","result":"0x03717fbb7a33ab160ba20637c4a9e688d4087008cc66ec2b12e36c20e09f4565"}}
[2m2025-12-10T10:19:43.080259Z[0m [34mDEBUG[0m [2methereum_transaction_pool_monitor::eth_client[0m[2m:[0m 📨 Received pending transaction: 0x03717fbb7a33ab160ba20637c4a9e688d4087008cc66ec2b12e36c20e09f4565
[2m2025-12-10T10:19:43.080264Z[0m [34mDEBUG[0m [2methereum_transaction_pool_monitor::eth_client[0m[2m:[0m 📨 Received WebSocket message: {"jsonrpc":"2.0","method":"eth_subscription","params":{"subscription":"0xbed0a0851463e895960a451075a301a9","result":"0x8893ea02581d2496ccab0d594f21409b3ac0a2ceb0587355a749276f6a1506f5"}}
[2m2025-12-10T10:19:43.080269Z[0m [34mDEBUG[0m [2methereum_transaction_pool_monitor::eth_client[0m[2m:[0m 📨 Received pending transaction: 0x8893ea02581d2496ccab0d594f21409b3ac0a2ceb0587355a749276f6a1506f5
[2m2025-12-10T10:19:43.080273Z[0m [34mDEBUG[0m [2methereum_transaction_pool_monitor::eth_client[0m[2m:[0m 📨 Received WebSocket message: {"jsonrpc":"2.0","method":"eth_subscription","params":{"subscription":"0xbed0a0851463e895960a451075a301a9","result":"0xf10ba90c3abe734725b6394b853982b992ea8f9804bede8668548893506570f7"}}
[2m2025-12-10T10:19:43.080278Z[0m [34mDEBUG[0m [2methereum_transaction_pool_monitor::eth_client[0m[2m:[0m 📨 Received pending transaction: 0xf10ba90c3abe734725b6394b853982b992ea8f9804bede8668548893506570f7
[2m2025-12-10T10:19:43.080453Z[0m [34mDEBUG[0m [2methereum_transaction_pool_monitor::eth_client[0m[2m:[0m 📨 Received WebSocket message: {"jsonrpc":"2.0","method":"eth_subscription","params":{"subscription":"0xbed0a0851463e895960a451075a301a9","result":"0xb8bb059268fffac9e02444b08bcdcb37c2a9c5b1942dbd0f897ade669f5d26bb"}}
[2m2025-12-10T10:19:43.080460Z[0m [34mDEBUG[0m [2methereum_transaction_pool_monitor::eth_client[0m[2m:[0m 📨 Received pending transaction: 0xb8bb059268fffac9e02444b08bcdcb37c2a9c5b1942dbd0f897ade669f5d26bb
[2m2025-12-10T10:19:43.080473Z[0m [34mDEBUG[0m [2methereum_transaction_pool_monitor::eth_client[0m[2m:[0m 📨 Received WebSocket message: {"jsonrpc":"2.0","method":"eth_subscription","params":{"subscription":"0xbed0a0851463e895960a451075a301a9","result":"0x1f737166c96e51da1b572e98b02d87b38ec5c315f955a16decb1a9fc59e0079b"}}
[2m2025-12-10T10:19:43.080485Z[0m [34mDEBUG[0m [2methereum_transaction_pool_monitor::eth_client[0m[2m:[0m 📨 Received pending transaction: 0x1f737166c96e51da1b572e98b02d87b38ec5c315f955a16decb1a9fc59e0079b
[2m2025-12-10T10:19:43.080513Z[0m [34mDEBUG[0m [2methereum_transaction_pool_monitor::eth_client[0m[2m:[0m 📨 Received WebSocket message: {"jsonrpc":"2.0","method":"eth_subscription","params":{"subscription":"0xbed0a0851463e895960a451075a301a9","result":"0x7e93f24a2c8d57e8968b54a81efe0d6590861d62d5f423d856d3229f07f9d298"}}
[2m2025-12-10T10:19:43.080519Z[0m [34mDEBUG[0m [2methereum_transaction_pool_monitor::eth_client[0m[2m:[0m 📨 Received pending transaction: 0x7e93f24a2c8d57e8968b54a81efe0d6590861d62d5f423d856d3229f07f9d298
[2m2025-12-10T10:19:43.080524Z[0m [34mDEBUG[0m [2methereum_transaction_pool_monitor::eth_client[0m[2m:[0m 📨 Received WebSocket message: {"jsonrpc":"2.0","method":"eth_subscription","params":{"subscription":"0xbed0a0851463e895960a451075a301a9","result":"0xab9a05e9f4a4374c8edad17defe80a18343750e4aec2fba598cda1a8d1922647"}}
[2m2025-12-10T10:19:43.080529Z[0m [34mDEBUG[0m [2methereum_transaction_pool_monitor::eth_client[0m[2m:[0m 📨 Received pending transaction: 0xab9a05e9f4a4374c8edad17defe80a18343750e4aec2fba598cda1a8d1922647
[2m2025-12-10T10:19:43.080535Z[0m [34mDEBUG[0m [2methereum_transaction_pool_monitor::eth_client[0m[2m:[0m 📨 Received WebSocket message: {"jsonrpc":"2.0","method":"eth_subscription","params":{"subscription":"0xbed0a0851463e895960a451075a301a9","result":"0xee3252b3235a511e827da452da9791deb621e1ccb4cde58e9a8985426cd6883e"}}
[2m2025-12-10T10:19:43.080544Z[0m [34mDEBUG[0m [2methereum_transaction_pool_monitor::eth_client[0m[2m:[0m 📨 Received pending transaction: 0xee3252b3235a511e827da452da9791deb621e1ccb4cde58e9a8985426cd6883e
[2m2025-12-10T10:19:43.080697Z[0m [34mDEBUG[0m [2methereum_transaction_pool_monitor::eth_client[0m[2m:[0m 📨 Received WebSocket message: {"jsonrpc":"2.0","method":"eth_subscription","params":{"subscription":"0xbed0a0851463e895960a451075a301a9","result":"0x3ecb395e2fb6a560849e74710bff299fda3d805633617345880211fa165fc5a3"}}
[2m2025-12-10T10:19:43.080714Z[0m [34mDEBUG[0m [2methereum_transaction_pool_monitor::eth_client[0m[2m:[0m 📨 Received pending transaction: 0x3ecb395e2fb6a560849e74710bff299fda3d805633617345880211fa165fc5a3
[2m2025-12-10T10:19:43.080725Z[0m [34mDEBUG[0m [2methereum_transaction_pool_monitor::eth_client[0m[2m:[0m 📨 Received WebSocket message: {"jsonrpc":"2.0","method":"eth_subscription","params":{"subscription":"0xbed0a0851463e895960a451075a301a9","result":"0xe338005e891ae8c3e7cfbd5f454a83428cb8c067730432d07330882ffb310135"}}
[2m2025-12-10T10:19:43.080730Z[0m [34mDEBUG[0m [2methereum_transaction_pool_monitor::eth_client[0m[2m:[0m 📨 Received pending transaction: 0xe338005e891ae8c3e7cfbd5f454a83428cb8c067730432d07330882ffb310135
[2m2025-12-10T10:19:43.080735Z[0m [34mDEBUG[0m [2methereum_transaction_pool_monitor::eth_client[0m[2m:[0m 📨 Received WebSocket message: {"jsonrpc":"2.0","method":"eth_subscription","params":{"subscription":"0xbed0a0851463e895960a451075a301a9","result":"0xbf7156797cdf990b95cb438c79462d07e7173711642ecb63b659665ab65aa1d3"}}
[2m2025-12-10T10:19:43.080740Z[0m [34mDEBUG[0m [2methereum_transaction_pool_monitor::eth_client[0m[2m:[0m 📨 Received pending transaction: 0xbf7156797cdf990b95cb438c79462d07e7173711642ecb63b659665ab65aa1d3
[2m2025-12-10T10:19:43.080744Z[0m [34mDEBUG[0m [2methereum_transaction_pool_monitor::eth_client[0m[2m:[0m 📨 Received WebSocket message: {"jsonrpc":"2.0","method":"eth_subscription","params":{"subscription":"0xbed0a0851463e895960a451075a301a9","result":"0xbd53b163ea3ae6997589766726b277099e8ec90467769b93f4e551699be709de"}}
[2m2025-12-10T10:19:43.080749Z[0m [34mDEBUG[0m [2methereum_transaction_pool_monitor::eth_client[0m[2m:[0m 📨 Received pending transaction: 0xbd53b163ea3ae6997589766726b277099e8ec90467769b93f4e551699be709de
[2m2025-12-10T10:19:43.080754Z[0m [34mDEBUG[0m [2methereum_transaction_pool_monitor::eth_client[0m[2m:[0m 📨 Received WebSocket message: {"jsonrpc":"2.0","method":"eth_subscription","params":{"subscription":"0xbed0a0851463e895960a451075a301a9","result":"0x701c75b1fb38ab263608d1429d1a1c5eba3de062f9b45145ba95114b102e1a67"}}
[2m2025-12-10T10:19:43.080759Z[0m [34mDEBUG[0m [2methereum_transaction_pool_monitor::eth_client[0m[2m:[0m 📨 Received pending transaction: 0x701c75b1fb38ab263608d1429d1a1c5eba3de062f9b45145ba95114b102e1a67
[2m2025-12-10T10:19:43.080764Z[0m [34mDEBUG[0m [2methereum_transaction_pool_monitor::eth_client[0m[2m:[0m 📨 Received WebSocket message: {"jsonrpc":"2.0","method":"eth_subscription","params":{"subscription":"0xbed0a0851463e895960a451075a301a9","result":"0x42ea45d5074e2f8483d6175f873633ab23c8f9a5bd9ef795e1b973c1f114726f"}}
[2m2025-12-10T10:19:43.080773Z[0m [34mDEBUG[0m [2methereum_transaction_pool_monitor::eth_client[0m[2m:[0m 📨 Received pending transaction: 0x42ea45d5074e2f8483d6175f873633ab23c8f9a5bd9ef795e1b973c1f114726f
[2m2025-12-10T10:19:43.080778Z[0m [34mDEBUG[0m [2methereum_transaction_pool_monitor::eth_client[0m[2m:[0m 📨 Received WebSocket message: {"jsonrpc":"2.0","method":"eth_subscription","params":{"subscription":"0xbed0a0851463e895960a451075a301a9","result":"0x8119886b5f1662016dc87c89b63b300dbf6041adcf7410ea0ef22374b2ebf787"}}
[2m2025-12-10T10:19:43.080783Z[0m [34mDEBUG[0m [2methereum_transaction_pool_monitor::eth_client[0m[2m:[0m 📨 Received pending transaction: 0x8119886b5f1662016dc87c89b63b300dbf6041adcf7410ea0ef22374b2ebf787
[2m2025-12-10T10:19:43.080788Z[0m [34mDEBUG[0m [2methereum_transaction_pool_monitor::eth_client[0m[2m:[0m 📨 Received WebSocket message: {"jsonrpc":"2.0","method":"eth_subscription","params":{"subscription":"0xbed0a0851463e895960a451075a301a9","result":"0xd5fa9253a612aaa351576dae61785ac4952e21bb064cd307a32f2aacda58e354"}}
[2m2025-12-10T10:19:43.080793Z[0m [34mDEBUG[0m [2methereum_transaction_pool_monitor::eth_client[0m[2m:[0m 📨 Received pending transaction: 0xd5fa9253a612aaa351576dae61785ac4952e21bb064cd307a32f2aacda58e354
[2m2025-12-10T10:19:43.080797Z[0m [34mDEBUG[0m [2methereum_transaction_pool_monitor::eth_client[0m[2m:[0m 📨 Received WebSocket message: {"jsonrpc":"2.0","method":"eth_subscription","params":{"subscription":"0xbed0a0851463e895960a451075a301a9","result":"0x799ac3e28ada5b34dade81c08742eaf50928db1e93c495f891d7e0dc052a8f9d"}}
[2m2025-12-10T10:19:43.080868Z[0m [34mDEBUG[0m [2methereum_transaction_pool_monitor::eth_client[0m[2m:[0m 📨 Received pending transaction: 0x799ac3e28ada5b34dade81c08742eaf50928db1e93c495f891d7e0dc052a8f9d
[2m2025-12-10T10:19:43.083541Z[0m [34mDEBUG[0m [2mhyper::proto::h1::io[0m[2m:[0m parsed 4 headers
[2m2025-12-10T10:19:43.083551Z[0m [34mDEBUG[0m [2mhyper::proto::h1::conn[0m[2m:[0m incoming body is content-length (45 bytes)
[2m2025-12-10T10:19:43.083644Z[0m [34mDEBUG[0m [2mhyper::proto::h1::conn[0m[2m:[0m incoming body completed
[2m2025-12-10T10:19:43.083679Z[0m [34mDEBUG[0m [2mhyper::client::pool[0m[2m:[0m pooling idle connection for ("http", 192.168.0.14:8545)
[2m2025-12-10T10:19:43.083821Z[0m [34mDEBUG[0m [2mhyper::client::pool[0m[2m:[0m reuse idle connection for ("http", 192.168.0.14:8545)
[2m2025-12-10T10:19:43.083854Z[0m [34mDEBUG[0m [2mhyper::proto::h1::io[0m[2m:[0m flushed 172 bytes
[2m2025-12-10T10:19:43.087821Z[0m [34mDEBUG[0m [2mhyper::proto::h1::io[0m[2m:[0m parsed 4 headers
[2m2025-12-10T10:19:43.088010Z[0m [34mDEBUG[0m [2mhyper::proto::h1::conn[0m[2m:[0m incoming body is content-length (45 bytes)
[2m2025-12-10T10:19:43.088024Z[0m [34mDEBUG[0m [2mhyper::proto::h1::conn[0m[2m:[0m incoming body completed
[2m2025-12-10T10:19:43.088464Z[0m [34mDEBUG[0m [2mhyper::client::pool[0m[2m:[0m pooling idle connection for ("http", 192.168.0.14:8545)
[2m2025-12-10T10:19:43.088934Z[0m [34mDEBUG[0m [2mhyper::client::pool[0m[2m:[0m reuse idle connection for ("http", 192.168.0.14:8545)
[2m2025-12-10T10:19:43.089020Z[0m [34mDEBUG[0m [2mhyper::proto::h1::io[0m[2m:[0m flushed 172 bytes
[2m2025-12-10T10:19:43.097630Z[0m [34mDEBUG[0m [2mhyper::proto::h1::io[0m[2m:[0m parsed 4 headers
[2m2025-12-10T10:19:43.097652Z[0m [34mDEBUG[0m [2mhyper::proto::h1::conn[0m[2m:[0m incoming body is content-length (45 bytes)
[2m2025-12-10T10:19:43.097662Z[0m [34mDEBUG[0m [2mhyper::proto::h1::conn[0m[2m:[0m incoming body completed
[2m2025-12-10T10:19:43.097675Z[0m [34mDEBUG[0m [2mhyper::client::pool[0m[2m:[0m pooling idle connection for ("http", 192.168.0.14:8545)
[2m2025-12-10T10:19:43.098183Z[0m [34mDEBUG[0m [2mhyper::client::pool[0m[2m:[0m reuse idle connection for ("http", 192.168.0.14:8545)
[2m2025-12-10T10:19:43.098230Z[0m [34mDEBUG[0m [2mhyper::proto::h1::io[0m[2m:[0m flushed 172 bytes
[2m2025-12-10T10:19:43.106177Z[0m [34mDEBUG[0m [2mhyper::proto::h1::io[0m[2m:[0m parsed 4 headers
[2m2025-12-10T10:19:43.106204Z[0m [34mDEBUG[0m [2mhyper::proto::h1::conn[0m[2m:[0m incoming body is content-length (45 bytes)
[2m2025-12-10T10:19:43.106216Z[0m [34mDEBUG[0m [2mhyper::proto::h1::conn[0m[2m:[0m incoming body completed
[2m2025-12-10T10:19:43.106232Z[0m [34mDEBUG[0m [2mhyper::client::pool[0m[2m:[0m pooling idle connection for ("http", 192.168.0.14:8545)
[2m2025-12-10T10:19:43.106940Z[0m [34mDEBUG[0m [2mhyper::client::pool[0m[2m:[0m reuse idle connection for ("http", 192.168.0.14:8545)
[2m2025-12-10T10:19:43.107192Z[0m [34mDEBUG[0m [2mhyper::proto::h1::io[0m[2m:[0m flushed 172 bytes
[2m2025-12-10T10:19:43.111221Z[0m [34mDEBUG[0m [2mhyper::proto::h1::io[0m[2m:[0m parsed 4 headers
[2m2025-12-10T10:19:43.111230Z[0m [34mDEBUG[0m [2mhyper::proto::h1::conn[0m[2m:[0m incoming body is content-length (45 bytes)
[2m2025-12-10T10:19:43.111238Z[0m [34mDEBUG[0m [2mhyper::proto::h1::conn[0m[2m:[0m incoming body completed
[2m2025-12-10T10:19:43.111247Z[0m [34mDEBUG[0m [2mhyper::client::pool[0m[2m:[0m pooling idle connection for ("http", 192.168.0.14:8545)
[2m2025-12-10T10:19:43.111268Z[0m [34mDEBUG[0m [2mhyper::client::pool[0m[2m:[0m reuse idle connection for ("http", 192.168.0.14:8545)
[2m2025-12-10T10:19:43.111304Z[0m [34mDEBUG[0m [2mhyper::proto::h1::io[0m[2m:[0m flushed 172 bytes
[2m2025-12-10T10:19:43.115192Z[0m [34mDEBUG[0m [2mhyper::proto::h1::io[0m[2m:[0m parsed 4 headers
[2m2025-12-10T10:19:43.115201Z[0m [34mDEBUG[0m [2mhyper::proto::h1::conn[0m[2m:[0m incoming body is content-length (45 bytes)
[2m2025-12-10T10:19:43.115207Z[0m [34mDEBUG[0m [2mhyper::proto::h1::conn[0m[2m:[0m incoming body completed
[2m2025-12-10T10:19:43.115214Z[0m [34mDEBUG[0m [2mhyper::client::pool[0m[2m:[0m pooling idle connection for ("http", 192.168.0.14:8545)
[2m2025-12-10T10:19:43.115228Z[0m [34mDEBUG[0m [2mhyper::client::pool[0m[2m:[0m reuse idle connection for ("http", 192.168.0.14:8545)
[2m2025-12-10T10:19:43.115249Z[0m [34mDEBUG[0m [2mhyper::proto::h1::io[0m[2m:[0m flushed 172 bytes
[2m2025-12-10T10:19:43.124392Z[0m [34mDEBUG[0m [2mhyper::proto::h1::io[0m[2m:[0m parsed 4 headers
[2m2025-12-10T10:19:43.124428Z[0m [34mDEBUG[0m [2mhyper::proto::h1::conn[0m[2m:[0m incoming body is content-length (45 bytes)
[2m2025-12-10T10:19:43.124439Z[0m [34mDEBUG[0m [2mhyper::proto::h1::conn[0m[2m:[0m incoming body completed
[2m2025-12-10T10:19:43.124453Z[0m [34mDEBUG[0m [2mhyper::client::pool[0m[2m:[0m pooling idle connection for ("http", 192.168.0.14:8545)
[2m2025-12-10T10:19:43.126483Z[0m [34mDEBUG[0m [2mhyper::client::pool[0m[2m:[0m reuse idle connection for ("http", 192.168.0.14:8545)
[2m2025-12-10T10:19:43.131037Z[0m [34mDEBUG[0m [2mhyper::proto::h1::io[0m[2m:[0m flushed 172 bytes
[2m2025-12-10T10:19:43.264069Z[0m [34mDEBUG[0m [2methereum_transaction_pool_monitor::eth_client[0m[2m:[0m 📨 Received WebSocket message: {"jsonrpc":"2.0","method":"eth_subscription","params":{"subscription":"0xbed0a0851463e895960a451075a301a9","result":"0x82d24e55f177832db864c5ac3f727fc9050397d853f97d4d9ebd2a8fb234c8f0"}}
[2m2025-12-10T10:19:43.264147Z[0m [34mDEBUG[0m [2mhyper::proto::h1::io[0m[2m:[0m parsed 4 headers
[2m2025-12-10T10:19:43.264283Z[0m [34mDEBUG[0m [2mhyper::proto::h1::conn[0m[2m:[0m incoming body is content-length (45 bytes)
[2m2025-12-10T10:19:43.264330Z[0m [34mDEBUG[0m [2mhyper::proto::h1::conn[0m[2m:[0m incoming body completed
[2m2025-12-10T10:19:43.264348Z[0m [34mDEBUG[0m [2mhyper::client::pool[0m[2m:[0m pooling idle connection for ("http", 192.168.0.14:8545)
[2m2025-12-10T10:19:43.264400Z[0m [34mDEBUG[0m [2mhyper::client::pool[0m[2m:[0m reuse idle connection for ("http", 192.168.0.14:8545)
[2m2025-12-10T10:19:43.264457Z[0m [34mDEBUG[0m [2mhyper::proto::h1::io[0m[2m:[0m flushed 172 bytes
[2m2025-12-10T10:19:43.264469Z[0m [34mDEBUG[0m [2methereum_transaction_pool_monitor::eth_client[0m[2m:[0m 📨 Received pending transaction: 0x82d24e55f177832db864c5ac3f727fc9050397d853f97d4d9ebd2a8fb234c8f0
[2m2025-12-10T10:19:43.264480Z[0m [34mDEBUG[0m [2methereum_transaction_pool_monitor::eth_client[0m[2m:[0m 📨 Received WebSocket message: {"jsonrpc":"2.0","method":"eth_subscription","params":{"subscription":"0xbed0a0851463e895960a451075a301a9","result":"0xaad5d82444b5cfb4aa214d6e3aec1a6b5b953bbf2f4a71cb4b00dba135852b2f"}}
[2m2025-12-10T10:19:43.264561Z[0m [34mDEBUG[0m [2methereum_transaction_pool_monitor::eth_client[0m[2m:[0m 📨 Received pending transaction: 0xaad5d82444b5cfb4aa214d6e3aec1a6b5b953bbf2f4a71cb4b00dba135852b2f
[2m2025-12-10T10:19:43.264567Z[0m [34mDEBUG[0m [2methereum_transaction_pool_monitor::eth_client[0m[2m:[0m 📨 Received WebSocket message: {"jsonrpc":"2.0","method":"eth_subscription","params":{"subscription":"0xbed0a0851463e895960a451075a301a9","result":"0x70043c69ce22ca87e5f337ad357acec49d8e790d171ae5b2087be7632e353829"}}
[2m2025-12-10T10:19:43.264593Z[0m [34mDEBUG[0m [2methereum_transaction_pool_monitor::eth_client[0m[2m:[0m 📨 Received pending transaction: 0x70043c69ce22ca87e5f337ad357acec49d8e790d171ae5b2087be7632e353829
[2m2025-12-10T10:19:43.264598Z[0m [34mDEBUG[0m [2methereum_transaction_pool_monitor::eth_client[0m[2m:[0m 📨 Received WebSocket message: {"jsonrpc":"2.0","method":"eth_subscription","params":{"subscription":"0xbed0a0851463e895960a451075a301a9","result":"0x5df6e9345d218cf0ed76c4e0e56b269a82d377fafd6107e83620630cfc2c03b0"}}
[2m2025-12-10T10:19:43.264626Z[0m [34mDEBUG[0m [2methereum_transaction_pool_monitor::eth_client[0m[2m:[0m 📨 Received pending transaction: 0x5df6e9345d218cf0ed76c4e0e56b269a82d377fafd6107e83620630cfc2c03b0
[2m2025-12-10T10:19:43.372045Z[0m [34mDEBUG[0m [2mhyper::proto::h1::io[0m[2m:[0m parsed 4 headers
[2m2025-12-10T10:19:43.372067Z[0m [34mDEBUG[0m [2mhyper::proto::h1::conn[0m[2m:[0m incoming body is content-length (45 bytes)
[2m2025-12-10T10:19:43.372084Z[0m [34mDEBUG[0m [2mhyper::proto::h1::conn[0m[2m:[0m incoming body completed
[2m2025-12-10T10:19:43.372194Z[0m [34mDEBUG[0m [2mhyper::client::pool[0m[2m:[0m pooling idle connection for ("http", 192.168.0.14:8545)
[2m2025-12-10T10:19:43.372249Z[0m [34mDEBUG[0m [2mhyper::client::pool[0m[2m:[0m reuse idle connection for ("http", 192.168.0.14:8545)
[2m2025-12-10T10:19:43.372337Z[0m [34mDEBUG[0m [2mhyper::proto::h1::io[0m[2m:[0m flushed 172 bytes
[2m2025-12-10T10:19:43.376784Z[0m [34mDEBUG[0m [2mhyper::proto::h1::io[0m[2m:[0m parsed 4 headers
[2m2025-12-10T10:19:43.376812Z[0m [34mDEBUG[0m [2mhyper::proto::h1::conn[0m[2m:[0m incoming body is content-length (45 bytes)
[2m2025-12-10T10:19:43.376821Z[0m [34mDEBUG[0m [2mhyper::proto::h1::conn[0m[2m:[0m incoming body completed
[2m2025-12-10T10:19:43.376831Z[0m [34mDEBUG[0m [2mhyper::client::pool[0m[2m:[0m pooling idle connection for ("http", 192.168.0.14:8545)
[2m2025-12-10T10:19:43.376856Z[0m [34mDEBUG[0m [2mhyper::client::pool[0m[2m:[0m reuse idle connection for ("http", 192.168.0.14:8545)
[2m2025-12-10T10:19:43.376889Z[0m [34mDEBUG[0m [2mhyper::proto::h1::io[0m[2m:[0m flushed 172 bytes
[2m2025-12-10T10:19:43.416995Z[0m [34mDEBUG[0m [2mhyper::proto::h1::io[0m[2m:[0m parsed 4 headers
[2m2025-12-10T10:19:43.417019Z[0m [34mDEBUG[0m [2mhyper::proto::h1::conn[0m[2m:[0m incoming body is content-length (45 bytes)
[2m2025-12-10T10:19:43.417034Z[0m [34mDEBUG[0m [2mhyper::proto::h1::conn[0m[2m:[0m incoming body completed
[2m2025-12-10T10:19:43.417051Z[0m [34mDEBUG[0m [2mhyper::client::pool[0m[2m:[0m pooling idle connection for ("http", 192.168.0.14:8545)
[2m2025-12-10T10:19:43.417086Z[0m [34mDEBUG[0m [2mhyper::client::pool[0m[2m:[0m reuse idle connection for ("http", 192.168.0.14:8545)
[2m2025-12-10T10:19:43.417127Z[0m [34mDEBUG[0m [2mhyper::proto::h1::io[0m[2m:[0m flushed 172 bytes
[2m2025-12-10T10:19:43.424875Z[0m [34mDEBUG[0m [2mhyper::proto::h1::io[0m[2m:[0m parsed 4 headers
[2m2025-12-10T10:19:43.424896Z[0m [34mDEBUG[0m [2mhyper::proto::h1::conn[0m[2m:[0m incoming body is content-length (45 bytes)
[2m2025-12-10T10:19:43.424907Z[0m [34mDEBUG[0m [2mhyper::proto::h1::conn[0m[2m:[0m incoming body completed
[2m2025-12-10T10:19:43.424922Z[0m [34mDEBUG[0m [2mhyper::client::pool[0m[2m:[0m pooling idle connection for ("http", 192.168.0.14:8545)
[2m2025-12-10T10:19:43.424954Z[0m [34mDEBUG[0m [2mhyper::client::pool[0m[2m:[0m reuse idle connection for ("http", 192.168.0.14:8545)
[2m2025-12-10T10:19:43.424997Z[0m [34mDEBUG[0m [2mhyper::proto::h1::io[0m[2m:[0m flushed 172 bytes
[2m2025-12-10T10:19:43.475435Z[0m [34mDEBUG[0m [2methereum_transaction_pool_monitor::eth_client[0m[2m:[0m 📨 Received WebSocket message: {"jsonrpc":"2.0","method":"eth_subscription","params":{"subscription":"0xbed0a0851463e895960a451075a301a9","result":"0x84931736c173d6a8785e714ac679445d37cd6dadcd7acf3d8817333e6c99ff8d"}}
[2m2025-12-10T10:19:43.475515Z[0m [34mDEBUG[0m [2methereum_transaction_pool_monitor::eth_client[0m[2m:[0m 📨 Received pending transaction: 0x84931736c173d6a8785e714ac679445d37cd6dadcd7acf3d8817333e6c99ff8d
[2m2025-12-10T10:19:43.475531Z[0m [32m INFO[0m [2methereum_transaction_pool_monitor::eth_client[0m[2m:[0m 📊 WebSocket stats - Total: 7029 transactions, Rate: 10.0 tx/s
[2m2025-12-10T10:19:43.478136Z[0m [34mDEBUG[0m [2mhyper::proto::h1::io[0m[2m:[0m parsed 4 headers
[2m2025-12-10T10:19:43.478172Z[0m [34mDEBUG[0m [2mhyper::proto::h1::conn[0m[2m:[0m incoming body is content-length (45 bytes)
[2m2025-12-10T10:19:43.478231Z[0m [34mDEBUG[0m [2mhyper::proto::h1::conn[0m[2m:[0m incoming body completed
[2m2025-12-10T10:19:43.478244Z[0m [34mDEBUG[0m [2mhyper::client::pool[0m[2m:[0m pooling idle connection for ("http", 192.168.0.14:8545)
[2m2025-12-10T10:19:43.478318Z[0m [34mDEBUG[0m [2mhyper::client::pool[0m[2m:[0m reuse idle connection for ("http", 192.168.0.14:8545)
[2m2025-12-10T10:19:43.478362Z[0m [34mDEBUG[0m [2mhyper::proto::h1::io[0m[2m:[0m flushed 172 bytes
[2m2025-12-10T10:19:43.490941Z[0m [34mDEBUG[0m [2mhyper::proto::h1::io[0m[2m:[0m parsed 4 headers
[2m2025-12-10T10:19:43.490969Z[0m [34mDEBUG[0m [2mhyper::proto::h1::conn[0m[2m:[0m incoming body is content-length (45 bytes)
[2m2025-12-10T10:19:43.490979Z[0m [34mDEBUG[0m [2mhyper::proto::h1::conn[0m[2m:[0m incoming body completed
[2m2025-12-10T10:19:43.490991Z[0m [34mDEBUG[0m [2mhyper::client::pool[0m[2m:[0m pooling idle connection for ("http", 192.168.0.14:8545)
[2m2025-12-10T10:19:43.491020Z[0m [34mDEBUG[0m [2mhyper::client::pool[0m[2m:[0m reuse idle connection for ("http", 192.168.0.14:8545)
[2m2025-12-10T10:19:43.491081Z[0m [34mDEBUG[0m [2mhyper::proto::h1::io[0m[2m:[0m flushed 172 bytes
[2m2025-12-10T10:19:43.495548Z[0m [34mDEBUG[0m [2mhyper::proto::h1::io[0m[2m:[0m parsed 4 headers
[2m2025-12-10T10:19:43.495653Z[0m [34mDEBUG[0m [2mhyper::proto::h1::conn[0m[2m:[0m incoming body is content-length (45 bytes)
[2m2025-12-10T10:19:43.495683Z[0m [34mDEBUG[0m [2mhyper::proto::h1::conn[0m[2m:[0m incoming body completed
[2m2025-12-10T10:19:43.495693Z[0m [34mDEBUG[0m [2mhyper::client::pool[0m[2m:[0m pooling idle connection for ("http", 192.168.0.14:8545)
[2m2025-12-10T10:19:43.495717Z[0m [34mDEBUG[0m [2mhyper::client::pool[0m[2m:[0m reuse idle connection for ("http", 192.168.0.14:8545)
[2m2025-12-10T10:19:43.495747Z[0m [34mDEBUG[0m [2mhyper::proto::h1::io[0m[2m:[0m flushed 172 bytes
[2m2025-12-10T10:19:43.499532Z[0m [34mDEBUG[0m [2mhyper::proto::h1::io[0m[2m:[0m parsed 4 headers
[2m2025-12-10T10:19:43.499554Z[0m [34mDEBUG[0m [2mhyper::proto::h1::conn[0m[2m:[0m incoming body is content-length (45 bytes)
[2m2025-12-10T10:19:43.499651Z[0m [34mDEBUG[0m [2mhyper::proto::h1::conn[0m[2m:[0m incoming body completed
[2m2025-12-10T10:19:43.499671Z[0m [34mDEBUG[0m [2mhyper::client::pool[0m[2m:[0m pooling idle connection for ("http", 192.168.0.14:8545)
[2m2025-12-10T10:19:43.499722Z[0m [34mDEBUG[0m [2mhyper::client::pool[0m[2m:[0m reuse idle connection for ("http", 192.168.0.14:8545)
[2m2025-12-10T10:19:43.499872Z[0m [34mDEBUG[0m [2mhyper::proto::h1::io[0m[2m:[0m flushed 172 bytes
[2m2025-12-10T10:19:43.503503Z[0m [34mDEBUG[0m [2mhyper::proto::h1::io[0m[2m:[0m parsed 4 headers
[2m2025-12-10T10:19:43.503513Z[0m [34mDEBUG[0m [2mhyper::proto::h1::conn[0m[2m:[0m incoming body is content-length (45 bytes)
[2m2025-12-10T10:19:43.503522Z[0m [34mDEBUG[0m [2mhyper::proto::h1::conn[0m[2m:[0m incoming body completed
[2m2025-12-10T10:19:43.503530Z[0m [34mDEBUG[0m [2mhyper::client::pool[0m[2m:[0m pooling idle connection for ("http", 192.168.0.14:8545)
[2m2025-12-10T10:19:43.503804Z[0m [34mDEBUG[0m [2mhyper::client::pool[0m[2m:[0m reuse idle connection for ("http", 192.168.0.14:8545)
[2m2025-12-10T10:19:43.503828Z[0m [34mDEBUG[0m [2mhyper::proto::h1::io[0m[2m:[0m flushed 172 bytes
[2m2025-12-10T10:19:43.507203Z[0m [34mDEBUG[0m [2mhyper::proto::h1::io[0m[2m:[0m parsed 4 headers
[2m2025-12-10T10:19:43.507210Z[0m [34mDEBUG[0m [2mhyper::proto::h1::conn[0m[2m:[0m incoming body is content-length (45 bytes)
[2m2025-12-10T10:19:43.507216Z[0m [34mDEBUG[0m [2mhyper::proto::h1::conn[0m[2m:[0m incoming body completed
[2m2025-12-10T10:19:43.507224Z[0m [34mDEBUG[0m [2mhyper::client::pool[0m[2m:[0m pooling idle connection for ("http", 192.168.0.14:8545)
[2m2025-12-10T10:19:43.507239Z[0m [34mDEBUG[0m [2mhyper::client::pool[0m[2m:[0m reuse idle connection for ("http", 192.168.0.14:8545)
[2m2025-12-10T10:19:43.507258Z[0m [34mDEBUG[0m [2mhyper::proto::h1::io[0m[2m:[0m flushed 172 bytes
[2m2025-12-10T10:19:43.511210Z[0m [34mDEBUG[0m [2mhyper::proto::h1::io[0m[2m:[0m parsed 4 headers
[2m2025-12-10T10:19:43.511219Z[0m [34mDEBUG[0m [2mhyper::proto::h1::conn[0m[2m:[0m incoming body is content-length (45 bytes)
[2m2025-12-10T10:19:43.511226Z[0m [34mDEBUG[0m [2mhyper::proto::h1::conn[0m[2m:[0m incoming body completed
[2m2025-12-10T10:19:43.511233Z[0m [34mDEBUG[0m [2mhyper::client::pool[0m[2m:[0m pooling idle connection for ("http", 192.168.0.14:8545)
[2m2025-12-10T10:19:43.511249Z[0m [34mDEBUG[0m [2mhyper::client::pool[0m[2m:[0m reuse idle connection for ("http", 192.168.0.14:8545)
[2m2025-12-10T10:19:43.511272Z[0m [34mDEBUG[0m [2mhyper::proto::h1::io[0m[2m:[0m flushed 172 bytes
[2m2025-12-10T10:19:43.515307Z[0m [34mDEBUG[0m [2mhyper::proto::h1::io[0m[2m:[0m parsed 4 headers
[2m2025-12-10T10:19:43.515314Z[0m [34mDEBUG[0m [2mhyper::proto::h1::conn[0m[2m:[0m incoming body is content-length (45 bytes)
[2m2025-12-10T10:19:43.515319Z[0m [34mDEBUG[0m [2mhyper::proto::h1::conn[0m[2m:[0m incoming body completed
[2m2025-12-10T10:19:43.515325Z[0m [34mDEBUG[0m [2mhyper::client::pool[0m[2m:[0m pooling idle connection for ("http", 192.168.0.14:8545)
[2m2025-12-10T10:19:43.515335Z[0m [34mDEBUG[0m [2mhyper::client::pool[0m[2m:[0m reuse idle connection for ("http", 192.168.0.14:8545)
[2m2025-12-10T10:19:43.515351Z[0m [34mDEBUG[0m [2mhyper::proto::h1::io[0m[2m:[0m flushed 172 bytes
[2m2025-12-10T10:19:43.518993Z[0m [34mDEBUG[0m [2mhyper::proto::h1::io[0m[2m:[0m parsed 4 headers
[2m2025-12-10T10:19:43.518999Z[0m [34mDEBUG[0m [2mhyper::proto::h1::conn[0m[2m:[0m incoming body is content-length (45 bytes)
[2m2025-12-10T10:19:43.519004Z[0m [34mDEBUG[0m [2mhyper::proto::h1::conn[0m[2m:[0m incoming body completed
[2m2025-12-10T10:19:43.519010Z[0m [34mDEBUG[0m [2mhyper::client::pool[0m[2m:[0m pooling idle connection for ("http", 192.168.0.14:8545)
[2m2025-12-10T10:19:43.519019Z[0m [34mDEBUG[0m [2mhyper::client::pool[0m[2m:[0m reuse idle connection for ("http", 192.168.0.14:8545)
[2m2025-12-10T10:19:43.519034Z[0m [34mDEBUG[0m [2mhyper::proto::h1::io[0m[2m:[0m flushed 172 bytes
[2m2025-12-10T10:19:43.523325Z[0m [34mDEBUG[0m [2mhyper::proto::h1::io[0m[2m:[0m parsed 4 headers
[2m2025-12-10T10:19:43.523331Z[0m [34mDEBUG[0m [2mhyper::proto::h1::conn[0m[2m:[0m incoming body is content-length (45 bytes)
[2m2025-12-10T10:19:43.523335Z[0m [34mDEBUG[0m [2mhyper::proto::h1::conn[0m[2m:[0m incoming body completed
[2m2025-12-10T10:19:43.523340Z[0m [34mDEBUG[0m [2mhyper::client::pool[0m[2m:[0m pooling idle connection for ("http", 192.168.0.14:8545)
[2m2025-12-10T10:19:43.523349Z[0m [34mDEBUG[0m [2mhyper::client::pool[0m[2m:[0m reuse idle connection for ("http", 192.168.0.14:8545)
[2m2025-12-10T10:19:43.523363Z[0m [34mDEBUG[0m [2mhyper::proto::h1::io[0m[2m:[0m flushed 172 bytes
[2m2025-12-10T10:19:43.527022Z[0m [34mDEBUG[0m [2mhyper::proto::h1::io[0m[2m:[0m parsed 4 headers
[2m2025-12-10T10:19:43.527028Z[0m [34mDEBUG[0m [2mhyper::proto::h1::conn[0m[2m:[0m incoming body is content-length (45 bytes)
[2m2025-12-10T10:19:43.527033Z[0m [34mDEBUG[0m [2mhyper::proto::h1::conn[0m[2m:[0m incoming body completed
[2m2025-12-10T10:19:43.527038Z[0m [34mDEBUG[0m [2mhyper::client::pool[0m[2m:[0m pooling idle connection for ("http", 192.168.0.14:8545)
[2m2025-12-10T10:19:43.527046Z[0m [34mDEBUG[0m [2mhyper::client::pool[0m[2m:[0m reuse idle connection for ("http", 192.168.0.14:8545)
[2m2025-12-10T10:19:43.527059Z[0m [34mDEBUG[0m [2mhyper::proto::h1::io[0m[2m:[0m flushed 172 bytes
[2m2025-12-10T10:19:43.530500Z[0m [34mDEBUG[0m [2mhyper::proto::h1::io[0m[2m:[0m parsed 4 headers
[2m2025-12-10T10:19:43.530506Z[0m [34mDEBUG[0m [2mhyper::proto::h1::conn[0m[2m:[0m incoming body is content-length (45 bytes)
[2m2025-12-10T10:19:43.530510Z[0m [34mDEBUG[0m [2mhyper::proto::h1::conn[0m[2m:[0m incoming body completed
[2m2025-12-10T10:19:43.530515Z[0m [34mDEBUG[0m [2mhyper::client::pool[0m[2m:[0m pooling idle connection for ("http", 192.168.0.14:8545)
[2m2025-12-10T10:19:43.530524Z[0m [34mDEBUG[0m [2mhyper::client::pool[0m[2m:[0m reuse idle connection for ("http", 192.168.0.14:8545)
[2m2025-12-10T10:19:43.530537Z[0m [34mDEBUG[0m [2mhyper::proto::h1::io[0m[2m:[0m flushed 172 bytes
[2m2025-12-10T10:19:43.533956Z[0m [34mDEBUG[0m [2methereum_transaction_pool_monitor::eth_client[0m[2m:[0m 📨 Received WebSocket message: {"jsonrpc":"2.0","method":"eth_subscription","params":{"subscription":"0xbed0a0851463e895960a451075a301a9","result":"0xa8b8d4b8f0d20791e5e855d356390af7984c5d72612033e400eee394ba33bdb1"}}
[2m2025-12-10T10:19:43.533972Z[0m [34mDEBUG[0m [2methereum_transaction_pool_monitor::eth_client[0m[2m:[0m 📨 Received pending transaction: 0xa8b8d4b8f0d20791e5e855d356390af7984c5d72612033e400eee394ba33bdb1
[2m2025-12-10T10:19:43.534373Z[0m [34mDEBUG[0m [2mhyper::proto::h1::io[0m[2m:[0m parsed 4 headers
[2m2025-12-10T10:19:43.534380Z[0m [34mDEBUG[0m [2mhyper::proto::h1::conn[0m[2m:[0m incoming body is content-length (45 bytes)
[2m2025-12-10T10:19:43.534386Z[0m [34mDEBUG[0m [2mhyper::proto::h1::conn[0m[2m:[0m incoming body completed
[2m2025-12-10T10:19:43.534392Z[0m [34mDEBUG[0m [2mhyper::client::pool[0m[2m:[0m pooling idle connection for ("http", 192.168.0.14:8545)
[2m2025-12-10T10:19:43.534521Z[0m [34mDEBUG[0m [2mhyper::client::pool[0m[2m:[0m reuse idle connection for ("http", 192.168.0.14:8545)
[2m2025-12-10T10:19:43.534541Z[0m [34mDEBUG[0m [2mhyper::proto::h1::io[0m[2m:[0m flushed 172 bytes
[2m2025-12-10T10:19:43.537851Z[0m [34mDEBUG[0m [2mhyper::proto::h1::io[0m[2m:[0m parsed 4 headers
[2m2025-12-10T10:19:43.537862Z[0m [34mDEBUG[0m [2mhyper::proto::h1::conn[0m[2m:[0m incoming body is content-length (45 bytes)
[2m2025-12-10T10:19:43.537869Z[0m [34mDEBUG[0m [2mhyper::proto::h1::conn[0m[2m:[0m incoming body completed
[2m2025-12-10T10:19:43.537875Z[0m [34mDEBUG[0m [2mhyper::client::pool[0m[2m:[0m pooling idle connection for ("http", 192.168.0.14:8545)
[2m2025-12-10T10:19:43.537889Z[0m [34mDEBUG[0m [2mhyper::client::pool[0m[2m:[0m reuse idle connection for ("http", 192.168.0.14:8545)
[2m2025-12-10T10:19:43.537911Z[0m [34mDEBUG[0m [2mhyper::proto::h1::io[0m[2m:[0m flushed 172 bytes
[2m2025-12-10T10:19:43.541341Z[0m [34mDEBUG[0m [2mhyper::proto::h1::io[0m[2m:[0m parsed 4 headers
[2m2025-12-10T10:19:43.541347Z[0m [34mDEBUG[0m [2mhyper::proto::h1::conn[0m[2m:[0m incoming body is content-length (45 bytes)
[2m2025-12-10T10:19:43.541353Z[0m [34mDEBUG[0m [2mhyper::proto::h1::conn[0m[2m:[0m incoming body completed
[2m2025-12-10T10:19:43.541358Z[0m [34mDEBUG[0m [2mhyper::client::pool[0m[2m:[0m pooling idle connection for ("http", 192.168.0.14:8545)
[2m2025-12-10T10:19:43.541369Z[0m [34mDEBUG[0m [2mhyper::client::pool[0m[2m:[0m reuse idle connection for ("http", 192.168.0.14:8545)
[2m2025-12-10T10:19:43.541384Z[0m [34mDEBUG[0m [2mhyper::proto::h1::io[0m[2m:[0m flushed 172 bytes
[2m2025-12-10T10:19:43.544387Z[0m [34mDEBUG[0m [2mhyper::proto::h1::io[0m[2m:[0m parsed 4 headers
[2m2025-12-10T10:19:43.544392Z[0m [34mDEBUG[0m [2mhyper::proto::h1::conn[0m[2m:[0m incoming body is content-length (45 bytes)
[2m2025-12-10T10:19:43.544397Z[0m [34mDEBUG[0m [2mhyper::proto::h1::conn[0m[2m:[0m incoming body completed
[2m2025-12-10T10:19:43.544402Z[0m [34mDEBUG[0m [2mhyper::client::pool[0m[2m:[0m pooling idle connection for ("http", 192.168.0.14:8545)
[2m2025-12-10T10:19:43.544411Z[0m [34mDEBUG[0m [2mhyper::client::pool[0m[2m:[0m reuse idle connection for ("http", 192.168.0.14:8545)
[2m2025-12-10T10:19:43.544427Z[0m [34mDEBUG[0m [2mhyper::proto::h1::io[0m[2m:[0m flushed 172 bytes
[2m2025-12-10T10:19:43.548447Z[0m [34mDEBUG[0m [2mhyper::proto::h1::io[0m[2m:[0m parsed 4 headers
[2m2025-12-10T10:19:43.548454Z[0m [34mDEBUG[0m [2mhyper::proto::h1::conn[0m[2m:[0m incoming body is content-length (45 bytes)
[2m2025-12-10T10:19:43.548459Z[0m [34mDEBUG[0m [2mhyper::proto::h1::conn[0m[2m:[0m incoming body completed
[2m2025-12-10T10:19:43.548465Z[0m [34mDEBUG[0m [2mhyper::client::pool[0m[2m:[0m pooling idle connection for ("http", 192.168.0.14:8545)
[2m2025-12-10T10:19:43.548476Z[0m [34mDEBUG[0m [2mhyper::client::pool[0m[2m:[0m reuse idle connection for ("http", 192.168.0.14:8545)
[2m2025-12-10T10:19:43.548493Z[0m [34mDEBUG[0m [2mhyper::proto::h1::io[0m[2m:[0m flushed 172 bytes
[2m2025-12-10T10:19:43.553494Z[0m [34mDEBUG[0m [2mhyper::proto::h1::io[0m[2m:[0m parsed 4 headers
[2m2025-12-10T10:19:43.553505Z[0m [34mDEBUG[0m [2mhyper::proto::h1::conn[0m[2m:[0m incoming body is content-length (45 bytes)
[2m2025-12-10T10:19:43.553514Z[0m [34mDEBUG[0m [2mhyper::proto::h1::conn[0m[2m:[0m incoming body completed
[2m2025-12-10T10:19:43.553530Z[0m [34mDEBUG[0m [2mhyper::client::pool[0m[2m:[0m pooling idle connection for ("http", 192.168.0.14:8545)
[2m2025-12-10T10:19:43.553541Z[0m [34mDEBUG[0m [2mhyper::client::pool[0m[2m:[0m reuse idle connection for ("http", 192.168.0.14:8545)
[2m2025-12-10T10:19:43.553558Z[0m [34mDEBUG[0m [2mhyper::proto::h1::io[0m[2m:[0m flushed 172 bytes
[2m2025-12-10T10:19:43.558159Z[0m [34mDEBUG[0m [2mhyper::proto::h1::io[0m[2m:[0m parsed 4 headers
[2m2025-12-10T10:19:43.558192Z[0m [34mDEBUG[0m [2mhyper::proto::h1::conn[0m[2m:[0m incoming body is content-length (45 bytes)
[2m2025-12-10T10:19:43.558205Z[0m [34mDEBUG[0m [2mhyper::proto::h1::conn[0m[2m:[0m incoming body completed
[2m2025-12-10T10:19:43.558225Z[0m [34mDEBUG[0m [2mhyper::client::pool[0m[2m:[0m pooling idle connection for ("http", 192.168.0.14:8545)
[2m2025-12-10T10:19:43.558259Z[0m [34mDEBUG[0m [2mhyper::client::pool[0m[2m:[0m reuse idle connection for ("http", 192.168.0.14:8545)
[2m2025-12-10T10:19:43.558301Z[0m [34mDEBUG[0m [2mhyper::proto::h1::io[0m[2m:[0m flushed 172 bytes
[2m2025-12-10T10:19:43.562987Z[0m [34mDEBUG[0m [2mhyper::proto::h1::io[0m[2m:[0m parsed 4 headers
[2m2025-12-10T10:19:43.563021Z[0m [34mDEBUG[0m [2mhyper::proto::h1::conn[0m[2m:[0m incoming body is content-length (45 bytes)
[2m2025-12-10T10:19:43.563161Z[0m [34mDEBUG[0m [2mhyper::proto::h1::conn[0m[2m:[0m incoming body completed
[2m2025-12-10T10:19:43.563183Z[0m [34mDEBUG[0m [2mhyper::client::pool[0m[2m:[0m pooling idle connection for ("http", 192.168.0.14:8545)
[2m2025-12-10T10:19:43.563226Z[0m [34mDEBUG[0m [2mhyper::client::pool[0m[2m:[0m reuse idle connection for ("http", 192.168.0.14:8545)
[2m2025-12-10T10:19:43.563278Z[0m [34mDEBUG[0m [2mhyper::proto::h1::io[0m[2m:[0m flushed 172 bytes
[2m2025-12-10T10:19:43.567463Z[0m [34mDEBUG[0m [2mhyper::proto::h1::io[0m[2m:[0m parsed 4 headers
[2m2025-12-10T10:19:43.567500Z[0m [34mDEBUG[0m [2mhyper::proto::h1::conn[0m[2m:[0m incoming body is content-length (45 bytes)
[2m2025-12-10T10:19:43.567515Z[0m [34mDEBUG[0m [2mhyper::proto::h1::conn[0m[2m:[0m incoming body completed
[2m2025-12-10T10:19:43.567535Z[0m [34mDEBUG[0m [2mhyper::client::pool[0m[2m:[0m pooling idle connection for ("http", 192.168.0.14:8545)
[2m2025-12-10T10:19:43.567580Z[0m [34mDEBUG[0m [2mhyper::client::pool[0m[2m:[0m reuse idle connection for ("http", 192.168.0.14:8545)
[2m2025-12-10T10:19:43.567627Z[0m [34mDEBUG[0m [2mhyper::proto::h1::io[0m[2m:[0m flushed 172 bytes
[2m2025-12-10T10:19:43.608377Z[0m [34mDEBUG[0m [2mhyper::proto::h1::io[0m[2m:[0m parsed 4 headers
[2m2025-12-10T10:19:43.608419Z[0m [34mDEBUG[0m [2mhyper::proto::h1::conn[0m[2m:[0m incoming body is content-length (45 bytes)
[2m2025-12-10T10:19:43.608437Z[0m [34mDEBUG[0m [2mhyper::proto::h1::conn[0m[2m:[0m incoming body completed
[2m2025-12-10T10:19:43.608461Z[0m [34mDEBUG[0m [2mhyper::client::pool[0m[2m:[0m pooling idle connection for ("http", 192.168.0.14:8545)
[2m2025-12-10T10:19:43.608540Z[0m [34mDEBUG[0m [2mhyper::client::pool[0m[2m:[0m reuse idle connection for ("http", 192.168.0.14:8545)
[2m2025-12-10T10:19:43.608633Z[0m [34mDEBUG[0m [2mhyper::proto::h1::io[0m[2m:[0m flushed 172 bytes
[2m2025-12-10T10:19:43.611943Z[0m [34mDEBUG[0m [2mhyper::proto::h1::io[0m[2m:[0m parsed 4 headers
[2m2025-12-10T10:19:43.611998Z[0m [34mDEBUG[0m [2mhyper::proto::h1::conn[0m[2m:[0m incoming body is content-length (45 bytes)
[2m2025-12-10T10:19:43.612022Z[0m [34mDEBUG[0m [2mhyper::proto::h1::conn[0m[2m:[0m incoming body completed
[2m2025-12-10T10:19:43.612046Z[0m [34mDEBUG[0m [2mhyper::client::pool[0m[2m:[0m pooling idle connection for ("http", 192.168.0.14:8545)
[2m2025-12-10T10:19:43.612105Z[0m [34mDEBUG[0m [2mhyper::client::pool[0m[2m:[0m reuse idle connection for ("http", 192.168.0.14:8545)
[2m2025-12-10T10:19:43.612170Z[0m [34mDEBUG[0m [2mhyper::proto::h1::io[0m[2m:[0m flushed 172 bytes
[2m2025-12-10T10:19:43.615773Z[0m [34mDEBUG[0m [2mhyper::proto::h1::io[0m[2m:[0m parsed 4 headers
[2m2025-12-10T10:19:43.615785Z[0m [34mDEBUG[0m [2mhyper::proto::h1::conn[0m[2m:[0m incoming body is content-length (45 bytes)
[2m2025-12-10T10:19:43.615794Z[0m [34mDEBUG[0m [2mhyper::proto::h1::conn[0m[2m:[0m incoming body completed
[2m2025-12-10T10:19:43.615803Z[0m [34mDEBUG[0m [2mhyper::client::pool[0m[2m:[0m pooling idle connection for ("http", 192.168.0.14:8545)
[2m2025-12-10T10:19:43.615850Z[0m [34mDEBUG[0m [2mhyper::client::pool[0m[2m:[0m reuse idle connection for ("http", 192.168.0.14:8545)
[2m2025-12-10T10:19:43.615901Z[0m [34mDEBUG[0m [2mhyper::proto::h1::io[0m[2m:[0m flushed 172 bytes
[2m2025-12-10T10:19:43.619537Z[0m [34mDEBUG[0m [2mhyper::proto::h1::io[0m[2m:[0m parsed 4 headers
[2m2025-12-10T10:19:43.619548Z[0m [34mDEBUG[0m [2mhyper::proto::h1::conn[0m[2m:[0m incoming body is content-length (45 bytes)
[2m2025-12-10T10:19:43.619555Z[0m [34mDEBUG[0m [2mhyper::proto::h1::conn[0m[2m:[0m incoming body completed
[2m2025-12-10T10:19:43.619561Z[0m [34mDEBUG[0m [2mhyper::client::pool[0m[2m:[0m pooling idle connection for ("http", 192.168.0.14:8545)
[2m2025-12-10T10:19:43.619578Z[0m [34mDEBUG[0m [2mhyper::client::pool[0m[2m:[0m reuse idle connection for ("http", 192.168.0.14:8545)
[2m2025-12-10T10:19:43.619601Z[0m [34mDEBUG[0m [2mhyper::proto::h1::io[0m[2m:[0m flushed 172 bytes
[2m2025-12-10T10:19:43.624509Z[0m [34mDEBUG[0m [2mhyper::proto::h1::io[0m[2m:[0m parsed 4 headers
[2m2025-12-10T10:19:43.624527Z[0m [34mDEBUG[0m [2mhyper::proto::h1::conn[0m[2m:[0m incoming body is content-length (45 bytes)
[2m2025-12-10T10:19:43.624536Z[0m [34mDEBUG[0m [2mhyper::proto::h1::conn[0m[2m:[0m incoming body completed
[2m2025-12-10T10:19:43.624547Z[0m [34mDEBUG[0m [2mhyper::client::pool[0m[2m:[0m pooling idle connection for ("http", 192.168.0.14:8545)
[2m2025-12-10T10:19:43.624573Z[0m [34mDEBUG[0m [2mhyper::client::pool[0m[2m:[0m reuse idle connection for ("http", 192.168.0.14:8545)
[2m2025-12-10T10:19:43.624608Z[0m [34mDEBUG[0m [2mhyper::proto::h1::io[0m[2m:[0m flushed 172 bytes
[2m2025-12-10T10:19:43.628670Z[0m [34mDEBUG[0m [2mhyper::proto::h1::io[0m[2m:[0m parsed 4 headers
[2m2025-12-10T10:19:43.628683Z[0m [34mDEBUG[0m [2mhyper::proto::h1::conn[0m[2m:[0m incoming body is content-length (45 bytes)
[2m2025-12-10T10:19:43.628691Z[0m [34mDEBUG[0m [2mhyper::proto::h1::conn[0m[2m:[0m incoming body completed
[2m2025-12-10T10:19:43.628700Z[0m [34mDEBUG[0m [2mhyper::client::pool[0m[2m:[0m pooling idle connection for ("http", 192.168.0.14:8545)
[2m2025-12-10T10:19:43.628725Z[0m [34mDEBUG[0m [2mhyper::client::pool[0m[2m:[0m reuse idle connection for ("http", 192.168.0.14:8545)
[2m2025-12-10T10:19:43.628754Z[0m [34mDEBUG[0m [2mhyper::proto::h1::io[0m[2m:[0m flushed 172 bytes
[2m2025-12-10T10:19:43.632443Z[0m [34mDEBUG[0m [2mhyper::proto::h1::io[0m[2m:[0m parsed 4 headers
[2m2025-12-10T10:19:43.632452Z[0m [34mDEBUG[0m [2mhyper::proto::h1::conn[0m[2m:[0m incoming body is content-length (45 bytes)
[2m2025-12-10T10:19:43.632459Z[0m [34mDEBUG[0m [2mhyper::proto::h1::conn[0m[2m:[0m incoming body completed
[2m2025-12-10T10:19:43.632467Z[0m [34mDEBUG[0m [2mhyper::client::pool[0m[2m:[0m pooling idle connection for ("http", 192.168.0.14:8545)
[2m2025-12-10T10:19:43.632485Z[0m [34mDEBUG[0m [2mhyper::client::pool[0m[2m:[0m reuse idle connection for ("http", 192.168.0.14:8545)
[2m2025-12-10T10:19:43.632508Z[0m [34mDEBUG[0m [2mhyper::proto::h1::io[0m[2m:[0m flushed 172 bytes
[2m2025-12-10T10:19:43.636370Z[0m [34mDEBUG[0m [2mhyper::proto::h1::io[0m[2m:[0m parsed 4 headers
[2m2025-12-10T10:19:43.636379Z[0m [34mDEBUG[0m [2mhyper::proto::h1::conn[0m[2m:[0m incoming body is content-length (45 bytes)
[2m2025-12-10T10:19:43.636387Z[0m [34mDEBUG[0m [2mhyper::proto::h1::conn[0m[2m:[0m incoming body completed
[2m2025-12-10T10:19:43.636393Z[0m [34mDEBUG[0m [2mhyper::client::pool[0m[2m:[0m pooling idle connection for ("http", 192.168.0.14:8545)
[2m2025-12-10T10:19:43.636407Z[0m [34mDEBUG[0m [2mhyper::client::pool[0m[2m:[0m reuse idle connection for ("http", 192.168.0.14:8545)
[2m2025-12-10T10:19:43.636426Z[0m [34mDEBUG[0m [2mhyper::proto::h1::io[0m[2m:[0m flushed 172 bytes
[2m2025-12-10T10:19:43.640056Z[0m [34mDEBUG[0m [2mhyper::proto::h1::io[0m[2m:[0m parsed 4 headers
[2m2025-12-10T10:19:43.640063Z[0m [34mDEBUG[0m [2mhyper::proto::h1::conn[0m[2m:[0m incoming body is content-length (45 bytes)
[2m2025-12-10T10:19:43.640068Z[0m [34mDEBUG[0m [2mhyper::proto::h1::conn[0m[2m:[0m incoming body completed
[2m2025-12-10T10:19:43.640073Z[0m [34mDEBUG[0m [2mhyper::client::pool[0m[2m:[0m pooling idle connection for ("http", 192.168.0.14:8545)
[2m2025-12-10T10:19:43.640083Z[0m [34mDEBUG[0m [2mhyper::client::pool[0m[2m:[0m reuse idle connection for ("http", 192.168.0.14:8545)
[2m2025-12-10T10:19:43.640099Z[0m [34mDEBUG[0m [2mhyper::proto::h1::io[0m[2m:[0m flushed 172 bytes
[2m2025-12-10T10:19:43.644790Z[0m [34mDEBUG[0m [2mhyper::proto::h1::io[0m[2m:[0m parsed 4 headers
[2m2025-12-10T10:19:43.644801Z[0m [34mDEBUG[0m [2mhyper::proto::h1::conn[0m[2m:[0m incoming body is content-length (45 bytes)
[2m2025-12-10T10:19:43.644808Z[0m [34mDEBUG[0m [2mhyper::proto::h1::conn[0m[2m:[0m incoming body completed
[2m2025-12-10T10:19:43.644814Z[0m [34mDEBUG[0m [2mhyper::client::pool[0m[2m:[0m pooling idle connection for ("http", 192.168.0.14:8545)
[2m2025-12-10T10:19:43.644830Z[0m [34mDEBUG[0m [2mhyper::client::pool[0m[2m:[0m reuse idle connection for ("http", 192.168.0.14:8545)
[2m2025-12-10T10:19:43.644856Z[0m [34mDEBUG[0m [2mhyper::proto::h1::io[0m[2m:[0m flushed 172 bytes
[2m2025-12-10T10:19:43.648689Z[0m [34mDEBUG[0m [2mhyper::proto::h1::io[0m[2m:[0m parsed 4 headers
[2m2025-12-10T10:19:43.648694Z[0m [34mDEBUG[0m [2mhyper::proto::h1::conn[0m[2m:[0m incoming body is content-length (45 bytes)
[2m2025-12-10T10:19:43.648699Z[0m [34mDEBUG[0m [2mhyper::proto::h1::conn[0m[2m:[0m incoming body completed
[2m2025-12-10T10:19:43.648703Z[0m [34mDEBUG[0m [2mhyper::client::pool[0m[2m:[0m pooling idle connection for ("http", 192.168.0.14:8545)
[2m2025-12-10T10:19:43.648713Z[0m [34mDEBUG[0m [2mhyper::client::pool[0m[2m:[0m reuse idle connection for ("http", 192.168.0.14:8545)
[2m2025-12-10T10:19:43.648727Z[0m [34mDEBUG[0m [2mhyper::proto::h1::io[0m[2m:[0m flushed 172 bytes
[2m2025-12-10T10:19:43.652969Z[0m [34mDEBUG[0m [2mhyper::proto::h1::io[0m[2m:[0m parsed 4 headers
[2m2025-12-10T10:19:43.652999Z[0m [34mDEBUG[0m [2mhyper::proto::h1::conn[0m[2m:[0m incoming body is content-length (45 bytes)
[2m2025-12-10T10:19:43.653015Z[0m [34mDEBUG[0m [2mhyper::proto::h1::conn[0m[2m:[0m incoming body completed
[2m2025-12-10T10:19:43.653032Z[0m [34mDEBUG[0m [2mhyper::client::pool[0m[2m:[0m pooling idle connection for ("http", 192.168.0.14:8545)
[2m2025-12-10T10:19:43.653065Z[0m [34mDEBUG[0m [2mhyper::client::pool[0m[2m:[0m reuse idle connection for ("http", 192.168.0.14:8545)
[2m2025-12-10T10:19:43.653103Z[0m [34mDEBUG[0m [2mhyper::proto::h1::io[0m[2m:[0m flushed 172 bytes
[2m2025-12-10T10:19:43.656943Z[0m [34mDEBUG[0m [2mhyper::proto::h1::io[0m[2m:[0m parsed 4 headers
[2m2025-12-10T10:19:43.656976Z[0m [34mDEBUG[0m [2mhyper::proto::h1::conn[0m[2m:[0m incoming body is content-length (45 bytes)
[2m2025-12-10T10:19:43.656991Z[0m [34mDEBUG[0m [2mhyper::proto::h1::conn[0m[2m:[0m incoming body completed
[2m2025-12-10T10:19:43.657018Z[0m [34mDEBUG[0m [2mhyper::client::pool[0m[2m:[0m pooling idle connection for ("http", 192.168.0.14:8545)
[2m2025-12-10T10:19:43.657055Z[0m [34mDEBUG[0m [2mhyper::client::pool[0m[2m:[0m reuse idle connection for ("http", 192.168.0.14:8545)
[2m2025-12-10T10:19:43.672477Z[0m [34mDEBUG[0m [2mhyper::proto::h1::io[0m[2m:[0m flushed 172 bytes
[2m2025-12-10T10:19:43.680503Z[0m [34mDEBUG[0m [2mhyper::proto::h1::io[0m[2m:[0m parsed 4 headers
[2m2025-12-10T10:19:43.680542Z[0m [34mDEBUG[0m [2mhyper::proto::h1::conn[0m[2m:[0m incoming body is content-length (45 bytes)
[2m2025-12-10T10:19:43.680662Z[0m [34mDEBUG[0m [2mhyper::proto::h1::conn[0m[2m:[0m incoming body completed
[2m2025-12-10T10:19:43.695131Z[0m [34mDEBUG[0m [2mhyper::client::pool[0m[2m:[0m pooling idle connection for ("http", 192.168.0.14:8545)
[2m2025-12-10T10:19:43.695725Z[0m [34mDEBUG[0m [2mhyper::client::pool[0m[2m:[0m reuse idle connection for ("http", 192.168.0.14:8545)
[2m2025-12-10T10:19:43.701004Z[0m [34mDEBUG[0m [2mhyper::proto::h1::io[0m[2m:[0m flushed 172 bytes
[2m2025-12-10T10:19:43.704687Z[0m [34mDEBUG[0m [2mhyper::proto::h1::io[0m[2m:[0m parsed 4 headers
[2m2025-12-10T10:19:43.704698Z[0m [34mDEBUG[0m [2mhyper::proto::h1::conn[0m[2m:[0m incoming body is content-length (45 bytes)
[2m2025-12-10T10:19:43.704710Z[0m [34mDEBUG[0m [2mhyper::proto::h1::conn[0m[2m:[0m incoming body completed
[2m2025-12-10T10:19:43.704723Z[0m [34mDEBUG[0m [2mhyper::client::pool[0m[2m:[0m pooling idle connection for ("http", 192.168.0.14:8545)
[2m2025-12-10T10:19:43.702719Z[0m [34mDEBUG[0m [2methereum_transaction_pool_monitor::eth_client[0m[2m:[0m 📨 Received WebSocket message: {"jsonrpc":"2.0","method":"eth_subscription","params":{"subscription":"0xbed0a0851463e895960a451075a301a9","result":"0x31c9a4efcd6c347b1d3518d84bf076439a7ac3e4865396ceaa950f5cca1b259e"}}
[2m2025-12-10T10:19:43.704754Z[0m [34mDEBUG[0m [2methereum_transaction_pool_monitor::eth_client[0m[2m:[0m 📨 Received pending transaction: 0x31c9a4efcd6c347b1d3518d84bf076439a7ac3e4865396ceaa950f5cca1b259e
[2m2025-12-10T10:19:43.704806Z[0m [34mDEBUG[0m [2mhyper::client::pool[0m[2m:[0m reuse idle connection for ("http", 192.168.0.14:8545)
[2m2025-12-10T10:19:43.704849Z[0m [34mDEBUG[0m [2mhyper::proto::h1::io[0m[2m:[0m flushed 172 bytes
[2m2025-12-10T10:19:43.707964Z[0m [34mDEBUG[0m [2mhyper::proto::h1::io[0m[2m:[0m parsed 4 headers
[2m2025-12-10T10:19:43.707979Z[0m [34mDEBUG[0m [2mhyper::proto::h1::conn[0m[2m:[0m incoming body is content-length (45 bytes)
[2m2025-12-10T10:19:43.708077Z[0m [34mDEBUG[0m [2mhyper::proto::h1::conn[0m[2m:[0m incoming body completed
[2m2025-12-10T10:19:43.708085Z[0m [34mDEBUG[0m [2mhyper::client::pool[0m[2m:[0m pooling idle connection for ("http", 192.168.0.14:8545)
[2m2025-12-10T10:19:43.708103Z[0m [34mDEBUG[0m [2mhyper::client::pool[0m[2m:[0m reuse idle connection for ("http", 192.168.0.14:8545)
[2m2025-12-10T10:19:43.708126Z[0m [34mDEBUG[0m [2mhyper::proto::h1::io[0m[2m:[0m flushed 172 bytes
[2m2025-12-10T10:19:43.711847Z[0m [34mDEBUG[0m [2mhyper::proto::h1::io[0m[2m:[0m parsed 4 headers
[2m2025-12-10T10:19:43.711857Z[0m [34mDEBUG[0m [2mhyper::proto::h1::conn[0m[2m:[0m incoming body is content-length (45 bytes)
[2m2025-12-10T10:19:43.711863Z[0m [34mDEBUG[0m [2mhyper::proto::h1::conn[0m[2m:[0m incoming body completed
[2m2025-12-10T10:19:43.711870Z[0m [34mDEBUG[0m [2mhyper::client::pool[0m[2m:[0m pooling idle connection for ("http", 192.168.0.14:8545)
[2m2025-12-10T10:19:43.711889Z[0m [34mDEBUG[0m [2mhyper::client::pool[0m[2m:[0m reuse idle connection for ("http", 192.168.0.14:8545)
[2m2025-12-10T10:19:43.711913Z[0m [34mDEBUG[0m [2mhyper::proto::h1::io[0m[2m:[0m flushed 172 bytes
[2m2025-12-10T10:19:43.716068Z[0m [34mDEBUG[0m [2mhyper::proto::h1::io[0m[2m:[0m parsed 4 headers
[2m2025-12-10T10:19:43.716078Z[0m [34mDEBUG[0m [2mhyper::proto::h1::conn[0m[2m:[0m incoming body is content-length (45 bytes)
[2m2025-12-10T10:19:43.716084Z[0m [34mDEBUG[0m [2mhyper::proto::h1::conn[0m[2m:[0m incoming body completed
[2m2025-12-10T10:19:43.716091Z[0m [34mDEBUG[0m [2mhyper::client::pool[0m[2m:[0m pooling idle connection for ("http", 192.168.0.14:8545)
[2m2025-12-10T10:19:43.716109Z[0m [34mDEBUG[0m [2mhyper::client::pool[0m[2m:[0m reuse idle connection for ("http", 192.168.0.14:8545)
[2m2025-12-10T10:19:43.716135Z[0m [34mDEBUG[0m [2mhyper::proto::h1::io[0m[2m:[0m flushed 172 bytes
[2m2025-12-10T10:19:43.719845Z[0m [34mDEBUG[0m [2mhyper::proto::h1::io[0m[2m:[0m parsed 4 headers
[2m2025-12-10T10:19:43.719913Z[0m [34mDEBUG[0m [2mhyper::proto::h1::conn[0m[2m:[0m incoming body is content-length (45 bytes)
[2m2025-12-10T10:19:43.719925Z[0m [34mDEBUG[0m [2mhyper::proto::h1::conn[0m[2m:[0m incoming body completed
[2m2025-12-10T10:19:43.719942Z[0m [34mDEBUG[0m [2mhyper::client::pool[0m[2m:[0m pooling idle connection for ("http", 192.168.0.14:8545)
[2m2025-12-10T10:19:43.720016Z[0m [34mDEBUG[0m [2mhyper::client::pool[0m[2m:[0m reuse idle connection for ("http", 192.168.0.14:8545)
[2m2025-12-10T10:19:43.720224Z[0m [34mDEBUG[0m [2mhyper::proto::h1::io[0m[2m:[0m flushed 172 bytes
[2m2025-12-10T10:19:43.724064Z[0m [34mDEBUG[0m [2mhyper::proto::h1::io[0m[2m:[0m parsed 4 headers
[2m2025-12-10T10:19:43.725493Z[0m [34mDEBUG[0m [2mhyper::proto::h1::conn[0m[2m:[0m incoming body is content-length (45 bytes)
[2m2025-12-10T10:19:43.725502Z[0m [34mDEBUG[0m [2mhyper::proto::h1::conn[0m[2m:[0m incoming body completed
[2m2025-12-10T10:19:43.725514Z[0m [34mDEBUG[0m [2mhyper::client::pool[0m[2m:[0m pooling idle connection for ("http", 192.168.0.14:8545)
[2m2025-12-10T10:19:43.725545Z[0m [34mDEBUG[0m [2mhyper::client::pool[0m[2m:[0m reuse idle connection for ("http", 192.168.0.14:8545)
[2m2025-12-10T10:19:43.725592Z[0m [34mDEBUG[0m [2mhyper::proto::h1::io[0m[2m:[0m flushed 172 bytes
[2m2025-12-10T10:19:43.728375Z[0m [34mDEBUG[0m [2mhyper::proto::h1::io[0m[2m:[0m parsed 4 headers
[2m2025-12-10T10:19:43.728382Z[0m [34mDEBUG[0m [2mhyper::proto::h1::conn[0m[2m:[0m incoming body is content-length (45 bytes)
[2m2025-12-10T10:19:43.728388Z[0m [34mDEBUG[0m [2mhyper::proto::h1::conn[0m[2m:[0m incoming body completed
[2m2025-12-10T10:19:43.728394Z[0m [34mDEBUG[0m [2mhyper::client::pool[0m[2m:[0m pooling idle connection for ("http", 192.168.0.14:8545)
[2m2025-12-10T10:19:43.728409Z[0m [34mDEBUG[0m [2mhyper::client::pool[0m[2m:[0m reuse idle connection for ("http", 192.168.0.14:8545)
[2m2025-12-10T10:19:43.728431Z[0m [34mDEBUG[0m [2mhyper::proto::h1::io[0m[2m:[0m flushed 172 bytes
[2m2025-12-10T10:19:43.732518Z[0m [34mDEBUG[0m [2mhyper::proto::h1::io[0m[2m:[0m parsed 4 headers
[2m2025-12-10T10:19:43.732526Z[0m [34mDEBUG[0m [2mhyper::proto::h1::conn[0m[2m:[0m incoming body is content-length (45 bytes)
[2m2025-12-10T10:19:43.732533Z[0m [34mDEBUG[0m [2mhyper::proto::h1::conn[0m[2m:[0m incoming body completed
[2m2025-12-10T10:19:43.732541Z[0m [34mDEBUG[0m [2mhyper::client::pool[0m[2m:[0m pooling idle connection for ("http", 192.168.0.14:8545)
[2m2025-12-10T10:19:43.732559Z[0m [34mDEBUG[0m [2mhyper::client::pool[0m[2m:[0m reuse idle connection for ("http", 192.168.0.14:8545)
[2m2025-12-10T10:19:43.732581Z[0m [34mDEBUG[0m [2mhyper::proto::h1::io[0m[2m:[0m flushed 172 bytes
[2m2025-12-10T10:19:43.737564Z[0m [34mDEBUG[0m [2mhyper::proto::h1::io[0m[2m:[0m parsed 4 headers
[2m2025-12-10T10:19:43.737572Z[0m [34mDEBUG[0m [2mhyper::proto::h1::conn[0m[2m:[0m incoming body is content-length (45 bytes)
[2m2025-12-10T10:19:43.737577Z[0m [34mDEBUG[0m [2mhyper::proto::h1::conn[0m[2m:[0m incoming body completed
[2m2025-12-10T10:19:43.737583Z[0m [34mDEBUG[0m [2mhyper::client::pool[0m[2m:[0m pooling idle connection for ("http", 192.168.0.14:8545)
[2m2025-12-10T10:19:43.737596Z[0m [34mDEBUG[0m [2mhyper::client::pool[0m[2m:[0m reuse idle connection for ("http", 192.168.0.14:8545)
[2m2025-12-10T10:19:43.737615Z[0m [34mDEBUG[0m [2mhyper::proto::h1::io[0m[2m:[0m flushed 172 bytes
[2m2025-12-10T10:19:43.742247Z[0m [34mDEBUG[0m [2mhyper::proto::h1::io[0m[2m:[0m parsed 4 headers
[2m2025-12-10T10:19:43.742279Z[0m [34mDEBUG[0m [2mhyper::proto::h1::conn[0m[2m:[0m incoming body is content-length (45 bytes)
[2m2025-12-10T10:19:43.742292Z[0m [34mDEBUG[0m [2mhyper::proto::h1::conn[0m[2m:[0m incoming body completed
[2m2025-12-10T10:19:43.742308Z[0m [34mDEBUG[0m [2mhyper::client::pool[0m[2m:[0m pooling idle connection for ("http", 192.168.0.14:8545)
[2m2025-12-10T10:19:43.742347Z[0m [34mDEBUG[0m [2mhyper::client::pool[0m[2m:[0m reuse idle connection for ("http", 192.168.0.14:8545)
[2m2025-12-10T10:19:43.742388Z[0m [34mDEBUG[0m [2mhyper::proto::h1::io[0m[2m:[0m flushed 172 bytes
[2m2025-12-10T10:19:43.748581Z[0m [34mDEBUG[0m [2mhyper::proto::h1::io[0m[2m:[0m parsed 4 headers
[2m2025-12-10T10:19:43.748616Z[0m [34mDEBUG[0m [2mhyper::proto::h1::conn[0m[2m:[0m incoming body is content-length (45 bytes)
[2m2025-12-10T10:19:43.748632Z[0m [34mDEBUG[0m [2mhyper::proto::h1::conn[0m[2m:[0m incoming body completed
[2m2025-12-10T10:19:43.748654Z[0m [34mDEBUG[0m [2mhyper::client::pool[0m[2m:[0m pooling idle connection for ("http", 192.168.0.14:8545)
[2m2025-12-10T10:19:43.748746Z[0m [34mDEBUG[0m [2mhyper::client::pool[0m[2m:[0m reuse idle connection for ("http", 192.168.0.14:8545)
[2m2025-12-10T10:19:43.748826Z[0m [34mDEBUG[0m [2mhyper::proto::h1::io[0m[2m:[0m flushed 172 bytes
[2m2025-12-10T10:19:43.751418Z[0m [34mDEBUG[0m [2mhyper::proto::h1::io[0m[2m:[0m parsed 4 headers
[2m2025-12-10T10:19:43.751453Z[0m [34mDEBUG[0m [2mhyper::proto::h1::conn[0m[2m:[0m incoming body is content-length (45 bytes)
[2m2025-12-10T10:19:43.751468Z[0m [34mDEBUG[0m [2mhyper::proto::h1::conn[0m[2m:[0m incoming body completed
[2m2025-12-10T10:19:43.751487Z[0m [34mDEBUG[0m [2mhyper::client::pool[0m[2m:[0m pooling idle connection for ("http", 192.168.0.14:8545)
[2m2025-12-10T10:19:43.751533Z[0m [34mDEBUG[0m [2mhyper::client::pool[0m[2m:[0m reuse idle connection for ("http", 192.168.0.14:8545)
[2m2025-12-10T10:19:43.751595Z[0m [34mDEBUG[0m [2mhyper::proto::h1::io[0m[2m:[0m flushed 172 bytes
[2m2025-12-10T10:19:43.755288Z[0m [34mDEBUG[0m [2mhyper::proto::h1::io[0m[2m:[0m parsed 4 headers
[2m2025-12-10T10:19:43.755328Z[0m [34mDEBUG[0m [2mhyper::proto::h1::conn[0m[2m:[0m incoming body is content-length (45 bytes)
[2m2025-12-10T10:19:43.755348Z[0m [34mDEBUG[0m [2mhyper::proto::h1::conn[0m[2m:[0m incoming body completed
[2m2025-12-10T10:19:43.755367Z[0m [34mDEBUG[0m [2mhyper::client::pool[0m[2m:[0m pooling idle connection for ("http", 192.168.0.14:8545)
[2m2025-12-10T10:19:43.755410Z[0m [34mDEBUG[0m [2mhyper::client::pool[0m[2m:[0m reuse idle connection for ("http", 192.168.0.14:8545)
[2m2025-12-10T10:19:43.755456Z[0m [34mDEBUG[0m [2mhyper::proto::h1::io[0m[2m:[0m flushed 172 bytes
[2m2025-12-10T10:19:43.759096Z[0m [34mDEBUG[0m [2mhyper::proto::h1::io[0m[2m:[0m parsed 4 headers
[2m2025-12-10T10:19:43.759122Z[0m [34mDEBUG[0m [2mhyper::proto::h1::conn[0m[2m:[0m incoming body is content-length (45 bytes)
[2m2025-12-10T10:19:43.759138Z[0m [34mDEBUG[0m [2mhyper::proto::h1::conn[0m[2m:[0m incoming body completed
[2m2025-12-10T10:19:43.759155Z[0m [34mDEBUG[0m [2mhyper::client::pool[0m[2m:[0m pooling idle connection for ("http", 192.168.0.14:8545)
[2m2025-12-10T10:19:43.759190Z[0m [34mDEBUG[0m [2mhyper::client::pool[0m[2m:[0m reuse idle connection for ("http", 192.168.0.14:8545)
[2m2025-12-10T10:19:43.759227Z[0m [34mDEBUG[0m [2mhyper::proto::h1::io[0m[2m:[0m flushed 172 bytes
[2m2025-12-10T10:19:43.762803Z[0m [34mDEBUG[0m [2mhyper::proto::h1::io[0m[2m:[0m parsed 4 headers
[2m2025-12-10T10:19:43.762828Z[0m [34mDEBUG[0m [2mhyper::proto::h1::conn[0m[2m:[0m incoming body is content-length (45 bytes)
[2m2025-12-10T10:19:43.762842Z[0m [34mDEBUG[0m [2mhyper::proto::h1::conn[0m[2m:[0m incoming body completed
[2m2025-12-10T10:19:43.762857Z[0m [34mDEBUG[0m [2mhyper::client::pool[0m[2m:[0m pooling idle connection for ("http", 192.168.0.14:8545)
[2m2025-12-10T10:19:43.762891Z[0m [34mDEBUG[0m [2mhyper::client::pool[0m[2m:[0m reuse idle connection for ("http", 192.168.0.14:8545)
[2m2025-12-10T10:19:43.762932Z[0m [34mDEBUG[0m [2mhyper::proto::h1::io[0m[2m:[0m flushed 172 bytes
[2m2025-12-10T10:19:43.777023Z[0m [34mDEBUG[0m [2mhyper::proto::h1::io[0m[2m:[0m parsed 4 headers
[2m2025-12-10T10:19:43.777068Z[0m [34mDEBUG[0m [2mhyper::proto::h1::conn[0m[2m:[0m incoming body is content-length (45 bytes)
[2m2025-12-10T10:19:43.777089Z[0m [34mDEBUG[0m [2mhyper::proto::h1::conn[0m[2m:[0m incoming body completed
[2m2025-12-10T10:19:43.777114Z[0m [34mDEBUG[0m [2mhyper::client::pool[0m[2m:[0m pooling idle connection for ("http", 192.168.0.14:8545)
[2m2025-12-10T10:19:43.777164Z[0m [34mDEBUG[0m [2mhyper::client::pool[0m[2m:[0m reuse idle connection for ("http", 192.168.0.14:8545)
[2m2025-12-10T10:19:43.777254Z[0m [34mDEBUG[0m [2mhyper::proto::h1::io[0m[2m:[0m flushed 172 bytes
[2m2025-12-10T10:19:43.781468Z[0m [34mDEBUG[0m [2mhyper::proto::h1::io[0m[2m:[0m parsed 4 headers
[2m2025-12-10T10:19:43.781488Z[0m [34mDEBUG[0m [2mhyper::proto::h1::conn[0m[2m:[0m incoming body is content-length (45 bytes)
[2m2025-12-10T10:19:43.781514Z[0m [34mDEBUG[0m [2mhyper::proto::h1::conn[0m[2m:[0m incoming body completed
[2m2025-12-10T10:19:43.781623Z[0m [34mDEBUG[0m [2mhyper::client::pool[0m[2m:[0m pooling idle connection for ("http", 192.168.0.14:8545)
[2m2025-12-10T10:19:43.782061Z[0m [34mDEBUG[0m [2mhyper::client::pool[0m[2m:[0m reuse idle connection for ("http", 192.168.0.14:8545)
[2m2025-12-10T10:19:43.782116Z[0m [34mDEBUG[0m [2mhyper::proto::h1::io[0m[2m:[0m flushed 172 bytes
[2m2025-12-10T10:19:43.785811Z[0m [34mDEBUG[0m [2mhyper::proto::h1::io[0m[2m:[0m parsed 4 headers
[2m2025-12-10T10:19:43.785822Z[0m [34mDEBUG[0m [2mhyper::proto::h1::conn[0m[2m:[0m incoming body is content-length (45 bytes)
[2m2025-12-10T10:19:43.785828Z[0m [34mDEBUG[0m [2mhyper::proto::h1::conn[0m[2m:[0m incoming body completed
[2m2025-12-10T10:19:43.785841Z[0m [34mDEBUG[0m [2mhyper::client::pool[0m[2m:[0m pooling idle connection for ("http", 192.168.0.14:8545)
[2m2025-12-10T10:19:43.785870Z[0m [34mDEBUG[0m [2mhyper::client::pool[0m[2m:[0m reuse idle connection for ("http", 192.168.0.14:8545)
[2m2025-12-10T10:19:43.785911Z[0m [34mDEBUG[0m [2mhyper::proto::h1::io[0m[2m:[0m flushed 172 bytes
[2m2025-12-10T10:19:43.791088Z[0m [34mDEBUG[0m [2mhyper::proto::h1::io[0m[2m:[0m parsed 4 headers
[2m2025-12-10T10:19:43.791106Z[0m [34mDEBUG[0m [2mhyper::proto::h1::conn[0m[2m:[0m incoming body is content-length (45 bytes)
[2m2025-12-10T10:19:43.791114Z[0m [34mDEBUG[0m [2mhyper::proto::h1::conn[0m[2m:[0m incoming body completed
[2m2025-12-10T10:19:43.791123Z[0m [34mDEBUG[0m [2mhyper::client::pool[0m[2m:[0m pooling idle connection for ("http", 192.168.0.14:8545)
[2m2025-12-10T10:19:43.791166Z[0m [34mDEBUG[0m [2mhyper::client::pool[0m[2m:[0m reuse idle connection for ("http", 192.168.0.14:8545)
[2m2025-12-10T10:19:43.791298Z[0m [34mDEBUG[0m [2mhyper::proto::h1::io[0m[2m:[0m flushed 172 bytes
[2m2025-12-10T10:19:43.805666Z[0m [34mDEBUG[0m [2mhyper::proto::h1::io[0m[2m:[0m parsed 4 headers
[2m2025-12-10T10:19:43.805687Z[0m [34mDEBUG[0m [2mhyper::proto::h1::conn[0m[2m:[0m incoming body is content-length (45 bytes)
[2m2025-12-10T10:19:43.805701Z[0m [34mDEBUG[0m [2mhyper::proto::h1::conn[0m[2m:[0m incoming body completed
[2m2025-12-10T10:19:43.805719Z[0m [34mDEBUG[0m [2mhyper::client::pool[0m[2m:[0m pooling idle connection for ("http", 192.168.0.14:8545)
[2m2025-12-10T10:19:43.805748Z[0m [34mDEBUG[0m [2mhyper::client::pool[0m[2m:[0m reuse idle connection for ("http", 192.168.0.14:8545)
[2m2025-12-10T10:19:43.805781Z[0m [34mDEBUG[0m [2mhyper::proto::h1::io[0m[2m:[0m flushed 172 bytes
[2m2025-12-10T10:19:43.812208Z[0m [34mDEBUG[0m [2methereum_transaction_pool_monitor::eth_client[0m[2m:[0m 📨 Received WebSocket message: {"jsonrpc":"2.0","method":"eth_subscription","params":{"subscription":"0xbed0a0851463e895960a451075a301a9","result":"0x2fa526d3f0942fb5b71d2c4915e0412f78c0aa8156497c8446a8107b2d50dabf"}}
[2m2025-12-10T10:19:43.824621Z[0m [34mDEBUG[0m [2mhyper::proto::h1::io[0m[2m:[0m parsed 4 headers
[2m2025-12-10T10:19:43.824659Z[0m [34mDEBUG[0m [2methereum_transaction_pool_monitor::eth_client[0m[2m:[0m 📨 Received pending transaction: 0x2fa526d3f0942fb5b71d2c4915e0412f78c0aa8156497c8446a8107b2d50dabf
[2m2025-12-10T10:19:43.827343Z[0m [34mDEBUG[0m [2mhyper::proto::h1::conn[0m[2m:[0m incoming body is content-length (45 bytes)
[2m2025-12-10T10:19:43.827369Z[0m [34mDEBUG[0m [2mhyper::proto::h1::conn[0m[2m:[0m incoming body completed
[2m2025-12-10T10:19:43.827397Z[0m [34mDEBUG[0m [2mhyper::client::pool[0m[2m:[0m pooling idle connection for ("http", 192.168.0.14:8545)
[2m2025-12-10T10:19:43.827442Z[0m [34mDEBUG[0m [2mhyper::client::pool[0m[2m:[0m reuse idle connection for ("http", 192.168.0.14:8545)
[2m2025-12-10T10:19:43.827541Z[0m [34mDEBUG[0m [2mhyper::proto::h1::io[0m[2m:[0m flushed 172 bytes
[2m2025-12-10T10:19:43.830932Z[0m [34mDEBUG[0m [2mhyper::proto::h1::io[0m[2m:[0m parsed 4 headers
[2m2025-12-10T10:19:43.830959Z[0m [34mDEBUG[0m [2mhyper::proto::h1::conn[0m[2m:[0m incoming body is content-length (45 bytes)
[2m2025-12-10T10:19:43.830973Z[0m [34mDEBUG[0m [2mhyper::proto::h1::conn[0m[2m:[0m incoming body completed
[2m2025-12-10T10:19:43.830990Z[0m [34mDEBUG[0m [2mhyper::client::pool[0m[2m:[0m pooling idle connection for ("http", 192.168.0.14:8545)
[2m2025-12-10T10:19:43.831029Z[0m [34mDEBUG[0m [2mhyper::client::pool[0m[2m:[0m reuse idle connection for ("http", 192.168.0.14:8545)
[2m2025-12-10T10:19:43.831066Z[0m [34mDEBUG[0m [2mhyper::proto::h1::io[0m[2m:[0m flushed 172 bytes
[2m2025-12-10T10:19:43.834952Z[0m [34mDEBUG[0m [2mhyper::proto::h1::io[0m[2m:[0m parsed 4 headers
[2m2025-12-10T10:19:43.834984Z[0m [34mDEBUG[0m [2mhyper::proto::h1::conn[0m[2m:[0m incoming body is content-length (45 bytes)
[2m2025-12-10T10:19:43.835001Z[0m [34mDEBUG[0m [2mhyper::proto::h1::conn[0m[2m:[0m incoming body completed
[2m2025-12-10T10:19:43.835026Z[0m [34mDEBUG[0m [2mhyper::client::pool[0m[2m:[0m pooling idle connection for ("http", 192.168.0.14:8545)
[2m2025-12-10T10:19:43.835078Z[0m [34mDEBUG[0m [2mhyper::client::pool[0m[2m:[0m reuse idle connection for ("http", 192.168.0.14:8545)
[2m2025-12-10T10:19:43.835136Z[0m [34mDEBUG[0m [2mhyper::proto::h1::io[0m[2m:[0m flushed 172 bytes
[2m2025-12-10T10:19:43.838911Z[0m [34mDEBUG[0m [2mhyper::proto::h1::io[0m[2m:[0m parsed 4 headers
[2m2025-12-10T10:19:43.838943Z[0m [34mDEBUG[0m [2mhyper::proto::h1::conn[0m[2m:[0m incoming body is content-length (45 bytes)
[2m2025-12-10T10:19:43.838960Z[0m [34mDEBUG[0m [2mhyper::proto::h1::conn[0m[2m:[0m incoming body completed
[2m2025-12-10T10:19:43.838980Z[0m [34mDEBUG[0m [2mhyper::client::pool[0m[2m:[0m pooling idle connection for ("http", 192.168.0.14:8545)
[2m2025-12-10T10:19:43.839027Z[0m [34mDEBUG[0m [2mhyper::client::pool[0m[2m:[0m reuse idle connection for ("http", 192.168.0.14:8545)
[2m2025-12-10T10:19:43.839072Z[0m [34mDEBUG[0m [2mhyper::proto::h1::io[0m[2m:[0m flushed 172 bytes
[2m2025-12-10T10:19:43.847839Z[0m [34mDEBUG[0m [2mhyper::proto::h1::io[0m[2m:[0m parsed 4 headers
[2m2025-12-10T10:19:43.847872Z[0m [34mDEBUG[0m [2mhyper::proto::h1::conn[0m[2m:[0m incoming body is content-length (45 bytes)
[2m2025-12-10T10:19:43.847891Z[0m [34mDEBUG[0m [2mhyper::proto::h1::conn[0m[2m:[0m incoming body completed
[2m2025-12-10T10:19:43.847913Z[0m [34mDEBUG[0m [2mhyper::client::pool[0m[2m:[0m pooling idle connection for ("http", 192.168.0.14:8545)
[2m2025-12-10T10:19:43.847960Z[0m [34mDEBUG[0m [2mhyper::client::pool[0m[2m:[0m reuse idle connection for ("http", 192.168.0.14:8545)
[2m2025-12-10T10:19:43.848050Z[0m [34mDEBUG[0m [2mhyper::proto::h1::io[0m[2m:[0m flushed 172 bytes
[2m2025-12-10T10:19:43.851068Z[0m [34mDEBUG[0m [2mhyper::proto::h1::io[0m[2m:[0m parsed 4 headers
[2m2025-12-10T10:19:43.851100Z[0m [34mDEBUG[0m [2mhyper::proto::h1::conn[0m[2m:[0m incoming body is content-length (45 bytes)
[2m2025-12-10T10:19:43.851116Z[0m [34mDEBUG[0m [2mhyper::proto::h1::conn[0m[2m:[0m incoming body completed
[2m2025-12-10T10:19:43.851140Z[0m [34mDEBUG[0m [2mhyper::client::pool[0m[2m:[0m pooling idle connection for ("http", 192.168.0.14:8545)
[2m2025-12-10T10:19:43.851184Z[0m [34mDEBUG[0m [2mhyper::client::pool[0m[2m:[0m reuse idle connection for ("http", 192.168.0.14:8545)
[2m2025-12-10T10:19:43.851234Z[0m [34mDEBUG[0m [2mhyper::proto::h1::io[0m[2m:[0m flushed 172 bytes
[2m2025-12-10T10:19:43.855859Z[0m [34mDEBUG[0m [2mhyper::proto::h1::io[0m[2m:[0m parsed 4 headers
[2m2025-12-10T10:19:43.855892Z[0m [34mDEBUG[0m [2mhyper::proto::h1::conn[0m[2m:[0m incoming body is content-length (45 bytes)
[2m2025-12-10T10:19:43.855907Z[0m [34mDEBUG[0m [2mhyper::proto::h1::conn[0m[2m:[0m incoming body completed
[2m2025-12-10T10:19:43.855924Z[0m [34mDEBUG[0m [2mhyper::client::pool[0m[2m:[0m pooling idle connection for ("http", 192.168.0.14:8545)
[2m2025-12-10T10:19:43.855966Z[0m [34mDEBUG[0m [2mhyper::client::pool[0m[2m:[0m reuse idle connection for ("http", 192.168.0.14:8545)
[2m2025-12-10T10:19:43.856010Z[0m [34mDEBUG[0m [2mhyper::proto::h1::io[0m[2m:[0m flushed 172 bytes
[2m2025-12-10T10:19:43.860745Z[0m [34mDEBUG[0m [2mhyper::proto::h1::io[0m[2m:[0m parsed 4 headers
[2m2025-12-10T10:19:43.860773Z[0m [34mDEBUG[0m [2mhyper::proto::h1::conn[0m[2m:[0m incoming body is content-length (45 bytes)
[2m2025-12-10T10:19:43.860789Z[0m [34mDEBUG[0m [2mhyper::proto::h1::conn[0m[2m:[0m incoming body completed
[2m2025-12-10T10:19:43.860818Z[0m [34mDEBUG[0m [2mhyper::client::pool[0m[2m:[0m pooling idle connection for ("http", 192.168.0.14:8545)
[2m2025-12-10T10:19:43.860868Z[0m [34mDEBUG[0m [2mhyper::client::pool[0m[2m:[0m reuse idle connection for ("http", 192.168.0.14:8545)
[2m2025-12-10T10:19:43.860936Z[0m [34mDEBUG[0m [2mhyper::proto::h1::io[0m[2m:[0m flushed 172 bytes
[2m2025-12-10T10:19:43.902872Z[0m [34mDEBUG[0m [2mhyper::proto::h1::io[0m[2m:[0m parsed 4 headers
[2m2025-12-10T10:19:43.902910Z[0m [34mDEBUG[0m [2mhyper::proto::h1::conn[0m[2m:[0m incoming body is content-length (45 bytes)
[2m2025-12-10T10:19:43.902926Z[0m [34mDEBUG[0m [2mhyper::proto::h1::conn[0m[2m:[0m incoming body completed
[2m2025-12-10T10:19:43.902952Z[0m [34mDEBUG[0m [2mhyper::client::pool[0m[2m:[0m pooling idle connection for ("http", 192.168.0.14:8545)
[2m2025-12-10T10:19:43.902999Z[0m [34mDEBUG[0m [2mhyper::client::pool[0m[2m:[0m reuse idle connection for ("http", 192.168.0.14:8545)
[2m2025-12-10T10:19:43.903089Z[0m [34mDEBUG[0m [2mhyper::proto::h1::io[0m[2m:[0m flushed 172 bytes
[2m2025-12-10T10:19:43.906438Z[0m [34mDEBUG[0m [2mhyper::proto::h1::io[0m[2m:[0m parsed 4 headers
[2m2025-12-10T10:19:43.906449Z[0m [34mDEBUG[0m [2mhyper::proto::h1::conn[0m[2m:[0m incoming body is content-length (45 bytes)
[2m2025-12-10T10:19:43.906457Z[0m [34mDEBUG[0m [2mhyper::proto::h1::conn[0m[2m:[0m incoming body completed
[2m2025-12-10T10:19:43.906467Z[0m [34mDEBUG[0m [2mhyper::client::pool[0m[2m:[0m pooling idle connection for ("http", 192.168.0.14:8545)
[2m2025-12-10T10:19:43.906494Z[0m [34mDEBUG[0m [2mhyper::client::pool[0m[2m:[0m reuse idle connection for ("http", 192.168.0.14:8545)
[2m2025-12-10T10:19:43.906524Z[0m [34mDEBUG[0m [2mhyper::proto::h1::io[0m[2m:[0m flushed 172 bytes
[2m2025-12-10T10:19:43.911101Z[0m [34mDEBUG[0m [2mhyper::proto::h1::io[0m[2m:[0m parsed 4 headers
[2m2025-12-10T10:19:43.911112Z[0m [34mDEBUG[0m [2mhyper::proto::h1::conn[0m[2m:[0m incoming body is content-length (45 bytes)
[2m2025-12-10T10:19:43.911119Z[0m [34mDEBUG[0m [2mhyper::proto::h1::conn[0m[2m:[0m incoming body completed
[2m2025-12-10T10:19:43.911127Z[0m [34mDEBUG[0m [2mhyper::client::pool[0m[2m:[0m pooling idle connection for ("http", 192.168.0.14:8545)
[2m2025-12-10T10:19:43.911146Z[0m [34mDEBUG[0m [2mhyper::client::pool[0m[2m:[0m reuse idle connection for ("http", 192.168.0.14:8545)
[2m2025-12-10T10:19:43.911171Z[0m [34mDEBUG[0m [2mhyper::proto::h1::io[0m[2m:[0m flushed 172 bytes
[2m2025-12-10T10:19:43.916789Z[0m [34mDEBUG[0m [2mhyper::proto::h1::io[0m[2m:[0m parsed 4 headers
[2m2025-12-10T10:19:43.916807Z[0m [34mDEBUG[0m [2mhyper::proto::h1::conn[0m[2m:[0m incoming body is content-length (45 bytes)
[2m2025-12-10T10:19:43.916819Z[0m [34mDEBUG[0m [2mhyper::proto::h1::conn[0m[2m:[0m incoming body completed
[2m2025-12-10T10:19:43.916828Z[0m [34mDEBUG[0m [2mhyper::client::pool[0m[2m:[0m pooling idle connection for ("http", 192.168.0.14:8545)
[2m2025-12-10T10:19:43.916896Z[0m [34mDEBUG[0m [2mhyper::client::pool[0m[2m:[0m reuse idle connection for ("http", 192.168.0.14:8545)
[2m2025-12-10T10:19:43.916937Z[0m [34mDEBUG[0m [2mhyper::proto::h1::io[0m[2m:[0m flushed 172 bytes
[2m2025-12-10T10:19:43.924563Z[0m [34mDEBUG[0m [2mhyper::proto::h1::io[0m[2m:[0m parsed 4 headers
[2m2025-12-10T10:19:43.924581Z[0m [34mDEBUG[0m [2mhyper::proto::h1::conn[0m[2m:[0m incoming body is content-length (45 bytes)
[2m2025-12-10T10:19:43.924624Z[0m [34mDEBUG[0m [2mhyper::proto::h1::conn[0m[2m:[0m incoming body completed
[2m2025-12-10T10:19:43.924639Z[0m [34mDEBUG[0m [2mhyper::client::pool[0m[2m:[0m pooling idle connection for ("http", 192.168.0.14:8545)
[2m2025-12-10T10:19:43.924742Z[0m [34mDEBUG[0m [2mhyper::client::pool[0m[2m:[0m reuse idle connection for ("http", 192.168.0.14:8545)
[2m2025-12-10T10:19:43.924818Z[0m [34mDEBUG[0m [2mhyper::proto::h1::io[0m[2m:[0m flushed 172 bytes
[2m2025-12-10T10:19:43.939603Z[0m [34mDEBUG[0m [2methereum_transaction_pool_monitor::eth_client[0m[2m:[0m 📨 Received WebSocket message: {"jsonrpc":"2.0","method":"eth_subscription","params":{"subscription":"0xbed0a0851463e895960a451075a301a9","result":"0x29bdf274cd87bde839e37d7f82d50f85877f68e4efb26d3a7b867f5552d7093d"}}
[2m2025-12-10T10:19:43.943508Z[0m [34mDEBUG[0m [2methereum_transaction_pool_monitor::eth_client[0m[2m:[0m 📨 Received pending transaction: 0x29bdf274cd87bde839e37d7f82d50f85877f68e4efb26d3a7b867f5552d7093d
[2m2025-12-10T10:19:43.947523Z[0m [34mDEBUG[0m [2mhyper::proto::h1::io[0m[2m:[0m parsed 4 headers
[2m2025-12-10T10:19:43.947563Z[0m [34mDEBUG[0m [2mhyper::proto::h1::conn[0m[2m:[0m incoming body is content-length (45 bytes)
[2m2025-12-10T10:19:43.947581Z[0m [34mDEBUG[0m [2mhyper::proto::h1::conn[0m[2m:[0m incoming body completed
[2m2025-12-10T10:19:43.947607Z[0m [34mDEBUG[0m [2mhyper::client::pool[0m[2m:[0m pooling idle connection for ("http", 192.168.0.14:8545)
[2m2025-12-10T10:19:43.947673Z[0m [34mDEBUG[0m [2mhyper::client::pool[0m[2m:[0m reuse idle connection for ("http", 192.168.0.14:8545)
[2m2025-12-10T10:19:43.947787Z[0m [34mDEBUG[0m [2mhyper::proto::h1::io[0m[2m:[0m flushed 172 bytes
[2m2025-12-10T10:19:43.952012Z[0m [34mDEBUG[0m [2mhyper::proto::h1::io[0m[2m:[0m parsed 4 headers
[2m2025-12-10T10:19:43.952030Z[0m [34mDEBUG[0m [2mhyper::proto::h1::conn[0m[2m:[0m incoming body is content-length (45 bytes)
[2m2025-12-10T10:19:43.952041Z[0m [34mDEBUG[0m [2mhyper::proto::h1::conn[0m[2m:[0m incoming body completed
[2m2025-12-10T10:19:43.952052Z[0m [34mDEBUG[0m [2mhyper::client::pool[0m[2m:[0m pooling idle connection for ("http", 192.168.0.14:8545)
[2m2025-12-10T10:19:43.952082Z[0m [34mDEBUG[0m [2mhyper::client::pool[0m[2m:[0m reuse idle connection for ("http", 192.168.0.14:8545)
[2m2025-12-10T10:19:43.952124Z[0m [34mDEBUG[0m [2mhyper::proto::h1::io[0m[2m:[0m flushed 172 bytes
[2m2025-12-10T10:19:43.956567Z[0m [34mDEBUG[0m [2mhyper::proto::h1::io[0m[2m:[0m parsed 4 headers
[2m2025-12-10T10:19:43.956573Z[0m [34mDEBUG[0m [2mhyper::proto::h1::conn[0m[2m:[0m incoming body is content-length (45 bytes)
[2m2025-12-10T10:19:43.956579Z[0m [34mDEBUG[0m [2mhyper::proto::h1::conn[0m[2m:[0m incoming body completed
[2m2025-12-10T10:19:43.956585Z[0m [34mDEBUG[0m [2mhyper::client::pool[0m[2m:[0m pooling idle connection for ("http", 192.168.0.14:8545)
[2m2025-12-10T10:19:43.956600Z[0m [34mDEBUG[0m [2mhyper::client::pool[0m[2m:[0m reuse idle connection for ("http", 192.168.0.14:8545)
[2m2025-12-10T10:19:43.956622Z[0m [34mDEBUG[0m [2mhyper::proto::h1::io[0m[2m:[0m flushed 172 bytes
[2m2025-12-10T10:19:43.960736Z[0m [34mDEBUG[0m [2mhyper::proto::h1::io[0m[2m:[0m parsed 4 headers
[2m2025-12-10T10:19:43.960747Z[0m [34mDEBUG[0m [2mhyper::proto::h1::conn[0m[2m:[0m incoming body is content-length (45 bytes)
[2m2025-12-10T10:19:43.960754Z[0m [34mDEBUG[0m [2mhyper::proto::h1::conn[0m[2m:[0m incoming body completed
[2m2025-12-10T10:19:43.960762Z[0m [34mDEBUG[0m [2mhyper::client::pool[0m[2m:[0m pooling idle connection for ("http", 192.168.0.14:8545)
[2m2025-12-10T10:19:43.960781Z[0m [34mDEBUG[0m [2mhyper::client::pool[0m[2m:[0m reuse idle connection for ("http", 192.168.0.14:8545)
[2m2025-12-10T10:19:43.960808Z[0m [34mDEBUG[0m [2mhyper::proto::h1::io[0m[2m:[0m flushed 172 bytes
[2m2025-12-10T10:19:43.965171Z[0m [34mDEBUG[0m [2mhyper::proto::h1::io[0m[2m:[0m parsed 4 headers
[2m2025-12-10T10:19:43.965177Z[0m [34mDEBUG[0m [2mhyper::proto::h1::conn[0m[2m:[0m incoming body is content-length (45 bytes)
[2m2025-12-10T10:19:43.965182Z[0m [34mDEBUG[0m [2mhyper::proto::h1::conn[0m[2m:[0m incoming body completed
[2m2025-12-10T10:19:43.965188Z[0m [34mDEBUG[0m [2mhyper::client::pool[0m[2m:[0m pooling idle connection for ("http", 192.168.0.14:8545)
[2m2025-12-10T10:19:43.965199Z[0m [34mDEBUG[0m [2mhyper::client::pool[0m[2m:[0m reuse idle connection for ("http", 192.168.0.14:8545)
[2m2025-12-10T10:19:43.965216Z[0m [34mDEBUG[0m [2mhyper::proto::h1::io[0m[2m:[0m flushed 172 bytes
[2m2025-12-10T10:19:43.969249Z[0m [34mDEBUG[0m [2mhyper::proto::h1::io[0m[2m:[0m parsed 4 headers
[2m2025-12-10T10:19:43.969260Z[0m [34mDEBUG[0m [2mhyper::proto::h1::conn[0m[2m:[0m incoming body is content-length (45 bytes)
[2m2025-12-10T10:19:43.969268Z[0m [34mDEBUG[0m [2mhyper::proto::h1::conn[0m[2m:[0m incoming body completed
[2m2025-12-10T10:19:43.969275Z[0m [34mDEBUG[0m [2mhyper::client::pool[0m[2m:[0m pooling idle connection for ("http", 192.168.0.14:8545)
[2m2025-12-10T10:19:43.969292Z[0m [34mDEBUG[0m [2mhyper::client::pool[0m[2m:[0m reuse idle connection for ("http", 192.168.0.14:8545)
[2m2025-12-10T10:19:43.969317Z[0m [34mDEBUG[0m [2mhyper::proto::h1::io[0m[2m:[0m flushed 172 bytes
[2m2025-12-10T10:19:43.973911Z[0m [34mDEBUG[0m [2mhyper::proto::h1::io[0m[2m:[0m parsed 4 headers
[2m2025-12-10T10:19:43.973945Z[0m [34mDEBUG[0m [2mhyper::proto::h1::conn[0m[2m:[0m incoming body is content-length (45 bytes)
[2m2025-12-10T10:19:43.973960Z[0m [34mDEBUG[0m [2mhyper::proto::h1::conn[0m[2m:[0m incoming body completed
[2m2025-12-10T10:19:43.974036Z[0m [34mDEBUG[0m [2mhyper::client::pool[0m[2m:[0m pooling idle connection for ("http", 192.168.0.14:8545)
[2m2025-12-10T10:19:43.974081Z[0m [34mDEBUG[0m [2mhyper::client::pool[0m[2m:[0m reuse idle connection for ("http", 192.168.0.14:8545)
[2m2025-12-10T10:19:43.974141Z[0m [34mDEBUG[0m [2mhyper::proto::h1::io[0m[2m:[0m flushed 172 bytes
[2m2025-12-10T10:19:43.980728Z[0m [34mDEBUG[0m [2mhyper::proto::h1::io[0m[2m:[0m parsed 4 headers
[2m2025-12-10T10:19:43.980762Z[0m [34mDEBUG[0m [2mhyper::proto::h1::conn[0m[2m:[0m incoming body is content-length (45 bytes)
[2m2025-12-10T10:19:43.980820Z[0m [34mDEBUG[0m [2mhyper::proto::h1::conn[0m[2m:[0m incoming body completed
[2m2025-12-10T10:19:43.989630Z[0m [34mDEBUG[0m [2mhyper::client::pool[0m[2m:[0m pooling idle connection for ("http", 192.168.0.14:8545)
[2m2025-12-10T10:19:43.989779Z[0m [34mDEBUG[0m [2mhyper::client::pool[0m[2m:[0m reuse idle connection for ("http", 192.168.0.14:8545)
[2m2025-12-10T10:19:43.989945Z[0m [34mDEBUG[0m [2mhyper::proto::h1::io[0m[2m:[0m flushed 172 bytes
[2m2025-12-10T10:19:44.001891Z[0m [34mDEBUG[0m [2mhyper::proto::h1::io[0m[2m:[0m parsed 4 headers
[2m2025-12-10T10:19:44.001948Z[0m [34mDEBUG[0m [2mhyper::proto::h1::conn[0m[2m:[0m incoming body is content-length (45 bytes)
[2m2025-12-10T10:19:44.002448Z[0m [34mDEBUG[0m [2mhyper::proto::h1::conn[0m[2m:[0m incoming body completed
[2m2025-12-10T10:19:44.002483Z[0m [34mDEBUG[0m [2mhyper::client::pool[0m[2m:[0m pooling idle connection for ("http", 192.168.0.14:8545)
[2m2025-12-10T10:19:44.002676Z[0m [34mDEBUG[0m [2mhyper::client::pool[0m[2m:[0m reuse idle connection for ("http", 192.168.0.14:8545)
[2m2025-12-10T10:19:44.002777Z[0m [34mDEBUG[0m [2mhyper::proto::h1::io[0m[2m:[0m flushed 172 bytes
[2m2025-12-10T10:19:44.006033Z[0m [34mDEBUG[0m [2mhyper::proto::h1::io[0m[2m:[0m parsed 4 headers
[2m2025-12-10T10:19:44.006068Z[0m [34mDEBUG[0m [2mhyper::proto::h1::conn[0m[2m:[0m incoming body is content-length (45 bytes)
[2m2025-12-10T10:19:44.006086Z[0m [34mDEBUG[0m [2mhyper::proto::h1::conn[0m[2m:[0m incoming body completed
[2m2025-12-10T10:19:44.006107Z[0m [34mDEBUG[0m [2mhyper::client::pool[0m[2m:[0m pooling idle connection for ("http", 192.168.0.14:8545)
[2m2025-12-10T10:19:44.006154Z[0m [34mDEBUG[0m [2mhyper::client::pool[0m[2m:[0m reuse idle connection for ("http", 192.168.0.14:8545)
[2m2025-12-10T10:19:44.006213Z[0m [34mDEBUG[0m [2mhyper::proto::h1::io[0m[2m:[0m flushed 172 bytes
[2m2025-12-10T10:19:44.013036Z[0m [34mDEBUG[0m [2mhyper::proto::h1::io[0m[2m:[0m parsed 4 headers
[2m2025-12-10T10:19:44.013565Z[0m [34mDEBUG[0m [2mhyper::proto::h1::conn[0m[2m:[0m incoming body is content-length (45 bytes)
[2m2025-12-10T10:19:44.013721Z[0m [34mDEBUG[0m [2mhyper::proto::h1::conn[0m[2m:[0m incoming body completed
[2m2025-12-10T10:19:44.013903Z[0m [34mDEBUG[0m [2mhyper::client::pool[0m[2m:[0m pooling idle connection for ("http", 192.168.0.14:8545)
[2m2025-12-10T10:19:44.013965Z[0m [34mDEBUG[0m [2mhyper::client::pool[0m[2m:[0m reuse idle connection for ("http", 192.168.0.14:8545)
[2m2025-12-10T10:19:44.014064Z[0m [34mDEBUG[0m [2mhyper::proto::h1::io[0m[2m:[0m flushed 172 bytes
[2m2025-12-10T10:19:44.017811Z[0m [34mDEBUG[0m [2mhyper::proto::h1::io[0m[2m:[0m parsed 4 headers
[2m2025-12-10T10:19:44.017842Z[0m [34mDEBUG[0m [2mhyper::proto::h1::conn[0m[2m:[0m incoming body is content-length (45 bytes)
[2m2025-12-10T10:19:44.017859Z[0m [34mDEBUG[0m [2mhyper::proto::h1::conn[0m[2m:[0m incoming body completed
[2m2025-12-10T10:19:44.017880Z[0m [34mDEBUG[0m [2mhyper::client::pool[0m[2m:[0m pooling idle connection for ("http", 192.168.0.14:8545)
[2m2025-12-10T10:19:44.018052Z[0m [34mDEBUG[0m [2mhyper::client::pool[0m[2m:[0m reuse idle connection for ("http", 192.168.0.14:8545)
[2m2025-12-10T10:19:44.018459Z[0m [34mDEBUG[0m [2mhyper::proto::h1::io[0m[2m:[0m flushed 172 bytes
[2m2025-12-10T10:19:44.023208Z[0m [34mDEBUG[0m [2mhyper::proto::h1::io[0m[2m:[0m parsed 4 headers
[2m2025-12-10T10:19:44.023247Z[0m [34mDEBUG[0m [2mhyper::proto::h1::conn[0m[2m:[0m incoming body is content-length (45 bytes)
[2m2025-12-10T10:19:44.023264Z[0m [34mDEBUG[0m [2mhyper::proto::h1::conn[0m[2m:[0m incoming body completed
[2m2025-12-10T10:19:44.023286Z[0m [34mDEBUG[0m [2mhyper::client::pool[0m[2m:[0m pooling idle connection for ("http", 192.168.0.14:8545)
[2m2025-12-10T10:19:44.023374Z[0m [34mDEBUG[0m [2mhyper::client::pool[0m[2m:[0m reuse idle connection for ("http", 192.168.0.14:8545)
[2m2025-12-10T10:19:44.023443Z[0m [34mDEBUG[0m [2mhyper::proto::h1::io[0m[2m:[0m flushed 172 bytes
[2m2025-12-10T10:19:44.027774Z[0m [34mDEBUG[0m [2mhyper::proto::h1::io[0m[2m:[0m parsed 4 headers
[2m2025-12-10T10:19:44.027830Z[0m [34mDEBUG[0m [2mhyper::proto::h1::conn[0m[2m:[0m incoming body is content-length (45 bytes)
[2m2025-12-10T10:19:44.027853Z[0m [34mDEBUG[0m [2mhyper::proto::h1::conn[0m[2m:[0m incoming body completed
[2m2025-12-10T10:19:44.027874Z[0m [34mDEBUG[0m [2mhyper::client::pool[0m[2m:[0m pooling idle connection for ("http", 192.168.0.14:8545)
[2m2025-12-10T10:19:44.027940Z[0m [34mDEBUG[0m [2mhyper::client::pool[0m[2m:[0m reuse idle connection for ("http", 192.168.0.14:8545)
[2m2025-12-10T10:19:44.028105Z[0m [34mDEBUG[0m [2mhyper::proto::h1::io[0m[2m:[0m flushed 172 bytes
[2m2025-12-10T10:19:44.031542Z[0m [34mDEBUG[0m [2mhyper::proto::h1::io[0m[2m:[0m parsed 4 headers
[2m2025-12-10T10:19:44.031583Z[0m [34mDEBUG[0m [2mhyper::proto::h1::conn[0m[2m:[0m incoming body is content-length (45 bytes)
[2m2025-12-10T10:19:44.031601Z[0m [34mDEBUG[0m [2mhyper::proto::h1::conn[0m[2m:[0m incoming body completed
[2m2025-12-10T10:19:44.031625Z[0m [34mDEBUG[0m [2mhyper::client::pool[0m[2m:[0m pooling idle connection for ("http", 192.168.0.14:8545)
[2m2025-12-10T10:19:44.031674Z[0m [34mDEBUG[0m [2mhyper::client::pool[0m[2m:[0m reuse idle connection for ("http", 192.168.0.14:8545)
[2m2025-12-10T10:19:44.031733Z[0m [34mDEBUG[0m [2mhyper::proto::h1::io[0m[2m:[0m flushed 172 bytes
[2m2025-12-10T10:19:44.036134Z[0m [34mDEBUG[0m [2mhyper::proto::h1::io[0m[2m:[0m parsed 4 headers
[2m2025-12-10T10:19:44.036170Z[0m [34mDEBUG[0m [2mhyper::proto::h1::conn[0m[2m:[0m incoming body is content-length (45 bytes)
[2m2025-12-10T10:19:44.036186Z[0m [34mDEBUG[0m [2mhyper::proto::h1::conn[0m[2m:[0m incoming body completed
[2m2025-12-10T10:19:44.036206Z[0m [34mDEBUG[0m [2mhyper::client::pool[0m[2m:[0m pooling idle connection for ("http", 192.168.0.14:8545)
[2m2025-12-10T10:19:44.036250Z[0m [34mDEBUG[0m [2mhyper::client::pool[0m[2m:[0m reuse idle connection for ("http", 192.168.0.14:8545)
[2m2025-12-10T10:19:44.036298Z[0m [34mDEBUG[0m [2mhyper::proto::h1::io[0m[2m:[0m flushed 172 bytes
[2m2025-12-10T10:19:44.039894Z[0m [34mDEBUG[0m [2mhyper::proto::h1::io[0m[2m:[0m parsed 4 headers
[2m2025-12-10T10:19:44.039928Z[0m [34mDEBUG[0m [2mhyper::proto::h1::conn[0m[2m:[0m incoming body is content-length (45 bytes)
[2m2025-12-10T10:19:44.039967Z[0m [34mDEBUG[0m [2mhyper::proto::h1::conn[0m[2m:[0m incoming body completed
[2m2025-12-10T10:19:44.039995Z[0m [34mDEBUG[0m [2mhyper::client::pool[0m[2m:[0m pooling idle connection for ("http", 192.168.0.14:8545)
[2m2025-12-10T10:19:44.040042Z[0m [34mDEBUG[0m [2mhyper::client::pool[0m[2m:[0m reuse idle connection for ("http", 192.168.0.14:8545)
[2m2025-12-10T10:19:44.040091Z[0m [34mDEBUG[0m [2mhyper::proto::h1::io[0m[2m:[0m flushed 172 bytes
[2m2025-12-10T10:19:44.044443Z[0m [34mDEBUG[0m [2mhyper::proto::h1::io[0m[2m:[0m parsed 4 headers
[2m2025-12-10T10:19:44.044485Z[0m [34mDEBUG[0m [2mhyper::proto::h1::conn[0m[2m:[0m incoming body is content-length (45 bytes)
[2m2025-12-10T10:19:44.044581Z[0m [34mDEBUG[0m [2mhyper::proto::h1::conn[0m[2m:[0m incoming body completed
[2m2025-12-10T10:19:44.044608Z[0m [34mDEBUG[0m [2mhyper::client::pool[0m[2m:[0m pooling idle connection for ("http", 192.168.0.14:8545)
[2m2025-12-10T10:19:44.044654Z[0m [34mDEBUG[0m [2mhyper::client::pool[0m[2m:[0m reuse idle connection for ("http", 192.168.0.14:8545)
[2m2025-12-10T10:19:44.044732Z[0m [34mDEBUG[0m [2mhyper::proto::h1::io[0m[2m:[0m flushed 172 bytes
[2m2025-12-10T10:19:44.047978Z[0m [34mDEBUG[0m [2mhyper::proto::h1::io[0m[2m:[0m parsed 4 headers
[2m2025-12-10T10:19:44.048014Z[0m [34mDEBUG[0m [2mhyper::proto::h1::conn[0m[2m:[0m incoming body is content-length (45 bytes)
[2m2025-12-10T10:19:44.048030Z[0m [34mDEBUG[0m [2mhyper::proto::h1::conn[0m[2m:[0m incoming body completed
[2m2025-12-10T10:19:44.048050Z[0m [34mDEBUG[0m [2mhyper::client::pool[0m[2m:[0m pooling idle connection for ("http", 192.168.0.14:8545)
[2m2025-12-10T10:19:44.048096Z[0m [34mDEBUG[0m [2mhyper::client::pool[0m[2m:[0m reuse idle connection for ("http", 192.168.0.14:8545)
[2m2025-12-10T10:19:44.048162Z[0m [34mDEBUG[0m [2mhyper::proto::h1::io[0m[2m:[0m flushed 172 bytes
[2m2025-12-10T10:19:44.052393Z[0m [34mDEBUG[0m [2mhyper::proto::h1::io[0m[2m:[0m parsed 4 headers
[2m2025-12-10T10:19:44.052429Z[0m [34mDEBUG[0m [2mhyper::proto::h1::conn[0m[2m:[0m incoming body is content-length (45 bytes)
[2m2025-12-10T10:19:44.052447Z[0m [34mDEBUG[0m [2mhyper::proto::h1::conn[0m[2m:[0m incoming body completed
[2m2025-12-10T10:19:44.052466Z[0m [34mDEBUG[0m [2mhyper::client::pool[0m[2m:[0m pooling idle connection for ("http", 192.168.0.14:8545)
[2m2025-12-10T10:19:44.052511Z[0m [34mDEBUG[0m [2mhyper::client::pool[0m[2m:[0m reuse idle connection for ("http", 192.168.0.14:8545)
[2m2025-12-10T10:19:44.052596Z[0m [34mDEBUG[0m [2mhyper::proto::h1::io[0m[2m:[0m flushed 172 bytes
[2m2025-12-10T10:19:44.056253Z[0m [34mDEBUG[0m [2mhyper::proto::h1::io[0m[2m:[0m parsed 4 headers
[2m2025-12-10T10:19:44.056279Z[0m [34mDEBUG[0m [2mhyper::proto::h1::conn[0m[2m:[0m incoming body is content-length (45 bytes)
[2m2025-12-10T10:19:44.056292Z[0m [34mDEBUG[0m [2mhyper::proto::h1::conn[0m[2m:[0m incoming body completed
[2m2025-12-10T10:19:44.056308Z[0m [34mDEBUG[0m [2mhyper::client::pool[0m[2m:[0m pooling idle connection for ("http", 192.168.0.14:8545)
[2m2025-12-10T10:19:44.056350Z[0m [34mDEBUG[0m [2mhyper::client::pool[0m[2m:[0m reuse idle connection for ("http", 192.168.0.14:8545)
[2m2025-12-10T10:19:44.056391Z[0m [34mDEBUG[0m [2mhyper::proto::h1::io[0m[2m:[0m flushed 172 bytes
[2m2025-12-10T10:19:44.060099Z[0m [34mDEBUG[0m [2mhyper::proto::h1::io[0m[2m:[0m parsed 4 headers
[2m2025-12-10T10:19:44.060169Z[0m [34mDEBUG[0m [2mhyper::proto::h1::conn[0m[2m:[0m incoming body is content-length (45 bytes)
[2m2025-12-10T10:19:44.060189Z[0m [34mDEBUG[0m [2mhyper::proto::h1::conn[0m[2m:[0m incoming body completed
[2m2025-12-10T10:19:44.060207Z[0m [34mDEBUG[0m [2mhyper::client::pool[0m[2m:[0m pooling idle connection for ("http", 192.168.0.14:8545)
[2m2025-12-10T10:19:44.060262Z[0m [34mDEBUG[0m [2mhyper::client::pool[0m[2m:[0m reuse idle connection for ("http", 192.168.0.14:8545)
[2m2025-12-10T10:19:44.060332Z[0m [34mDEBUG[0m [2mhyper::proto::h1::io[0m[2m:[0m flushed 172 bytes
[2m2025-12-10T10:19:44.065030Z[0m [34mDEBUG[0m [2mhyper::proto::h1::io[0m[2m:[0m parsed 4 headers
[2m2025-12-10T10:19:44.065062Z[0m [34mDEBUG[0m [2mhyper::proto::h1::conn[0m[2m:[0m incoming body is content-length (45 bytes)
[2m2025-12-10T10:19:44.065077Z[0m [34mDEBUG[0m [2mhyper::proto::h1::conn[0m[2m:[0m incoming body completed
[2m2025-12-10T10:19:44.065096Z[0m [34mDEBUG[0m [2mhyper::client::pool[0m[2m:[0m pooling idle connection for ("http", 192.168.0.14:8545)
[2m2025-12-10T10:19:44.065141Z[0m [34mDEBUG[0m [2mhyper::client::pool[0m[2m:[0m reuse idle connection for ("http", 192.168.0.14:8545)
[2m2025-12-10T10:19:44.065207Z[0m [34mDEBUG[0m [2mhyper::proto::h1::io[0m[2m:[0m flushed 172 bytes
[2m2025-12-10T10:19:44.091639Z[0m [34mDEBUG[0m [2mhyper::proto::h1::io[0m[2m:[0m parsed 4 headers
[2m2025-12-10T10:19:44.091753Z[0m [34mDEBUG[0m [2mhyper::proto::h1::conn[0m[2m:[0m incoming body is content-length (45 bytes)
[2m2025-12-10T10:19:44.091784Z[0m [34mDEBUG[0m [2mhyper::proto::h1::conn[0m[2m:[0m incoming body completed
[2m2025-12-10T10:19:44.091813Z[0m [34mDEBUG[0m [2mhyper::client::pool[0m[2m:[0m pooling idle connection for ("http", 192.168.0.14:8545)
[2m2025-12-10T10:19:44.091897Z[0m [34mDEBUG[0m [2mhyper::client::pool[0m[2m:[0m reuse idle connection for ("http", 192.168.0.14:8545)
[2m2025-12-10T10:19:44.092090Z[0m [34mDEBUG[0m [2mhyper::proto::h1::io[0m[2m:[0m flushed 172 bytes
[2m2025-12-10T10:19:44.094943Z[0m [34mDEBUG[0m [2mhyper::proto::h1::io[0m[2m:[0m parsed 4 headers
[2m2025-12-10T10:19:44.094966Z[0m [34mDEBUG[0m [2mhyper::proto::h1::conn[0m[2m:[0m incoming body is content-length (45 bytes)
[2m2025-12-10T10:19:44.094976Z[0m [34mDEBUG[0m [2mhyper::proto::h1::conn[0m[2m:[0m incoming body completed
[2m2025-12-10T10:19:44.094988Z[0m [34mDEBUG[0m [2mhyper::client::pool[0m[2m:[0m pooling idle connection for ("http", 192.168.0.14:8545)
[2m2025-12-10T10:19:44.095021Z[0m [34mDEBUG[0m [2mhyper::client::pool[0m[2m:[0m reuse idle connection for ("http", 192.168.0.14:8545)
[2m2025-12-10T10:19:44.095050Z[0m [34mDEBUG[0m [2mhyper::proto::h1::io[0m[2m:[0m flushed 172 bytes
[2m2025-12-10T10:19:44.099474Z[0m [34mDEBUG[0m [2mhyper::proto::h1::io[0m[2m:[0m parsed 4 headers
[2m2025-12-10T10:19:44.099559Z[0m [34mDEBUG[0m [2mhyper::proto::h1::conn[0m[2m:[0m incoming body is content-length (45 bytes)
[2m2025-12-10T10:19:44.099575Z[0m [34mDEBUG[0m [2mhyper::proto::h1::conn[0m[2m:[0m incoming body completed
[2m2025-12-10T10:19:44.099585Z[0m [34mDEBUG[0m [2mhyper::client::pool[0m[2m:[0m pooling idle connection for ("http", 192.168.0.14:8545)
[2m2025-12-10T10:19:44.099629Z[0m [34mDEBUG[0m [2mhyper::client::pool[0m[2m:[0m reuse idle connection for ("http", 192.168.0.14:8545)
[2m2025-12-10T10:19:44.099695Z[0m [34mDEBUG[0m [2mhyper::proto::h1::io[0m[2m:[0m flushed 172 bytes
[2m2025-12-10T10:19:44.103322Z[0m [34mDEBUG[0m [2mhyper::proto::h1::io[0m[2m:[0m parsed 4 headers
[2m2025-12-10T10:19:44.105275Z[0m [34mDEBUG[0m [2mhyper::proto::h1::conn[0m[2m:[0m incoming body is content-length (45 bytes)
[2m2025-12-10T10:19:44.105303Z[0m [34mDEBUG[0m [2mhyper::proto::h1::conn[0m[2m:[0m incoming body completed
[2m2025-12-10T10:19:44.105341Z[0m [34mDEBUG[0m [2mhyper::client::pool[0m[2m:[0m pooling idle connection for ("http", 192.168.0.14:8545)
[2m2025-12-10T10:19:44.105374Z[0m [34mDEBUG[0m [2mhyper::client::pool[0m[2m:[0m reuse idle connection for ("http", 192.168.0.14:8545)
[2m2025-12-10T10:19:44.105409Z[0m [34mDEBUG[0m [2mhyper::proto::h1::io[0m[2m:[0m flushed 172 bytes
[2m2025-12-10T10:19:44.109963Z[0m [34mDEBUG[0m [2mhyper::proto::h1::io[0m[2m:[0m parsed 4 headers
[2m2025-12-10T10:19:44.109972Z[0m [34mDEBUG[0m [2mhyper::proto::h1::conn[0m[2m:[0m incoming body is content-length (45 bytes)
[2m2025-12-10T10:19:44.109979Z[0m [34mDEBUG[0m [2mhyper::proto::h1::conn[0m[2m:[0m incoming body completed
[2m2025-12-10T10:19:44.109985Z[0m [34mDEBUG[0m [2mhyper::client::pool[0m[2m:[0m pooling idle connection for ("http", 192.168.0.14:8545)
[2m2025-12-10T10:19:44.110002Z[0m [34mDEBUG[0m [2mhyper::client::pool[0m[2m:[0m reuse idle connection for ("http", 192.168.0.14:8545)
[2m2025-12-10T10:19:44.110024Z[0m [34mDEBUG[0m [2mhyper::proto::h1::io[0m[2m:[0m flushed 172 bytes
[2m2025-12-10T10:19:44.117943Z[0m [34mDEBUG[0m [2mhyper::proto::h1::io[0m[2m:[0m parsed 4 headers
[2m2025-12-10T10:19:44.117951Z[0m [34mDEBUG[0m [2mhyper::proto::h1::conn[0m[2m:[0m incoming body is content-length (45 bytes)
[2m2025-12-10T10:19:44.117957Z[0m [34mDEBUG[0m [2mhyper::proto::h1::conn[0m[2m:[0m incoming body completed
[2m2025-12-10T10:19:44.117964Z[0m [34mDEBUG[0m [2mhyper::client::pool[0m[2m:[0m pooling idle connection for ("http", 192.168.0.14:8545)
[2m2025-12-10T10:19:44.117979Z[0m [34mDEBUG[0m [2mhyper::client::pool[0m[2m:[0m reuse idle connection for ("http", 192.168.0.14:8545)
[2m2025-12-10T10:19:44.118025Z[0m [34mDEBUG[0m [2mhyper::proto::h1::io[0m[2m:[0m flushed 172 bytes
[2m2025-12-10T10:19:44.123230Z[0m [34mDEBUG[0m [2mhyper::proto::h1::io[0m[2m:[0m parsed 4 headers
[2m2025-12-10T10:19:44.123249Z[0m [34mDEBUG[0m [2mhyper::proto::h1::conn[0m[2m:[0m incoming body is content-length (45 bytes)
[2m2025-12-10T10:19:44.123262Z[0m [34mDEBUG[0m [2mhyper::proto::h1::conn[0m[2m:[0m incoming body completed
[2m2025-12-10T10:19:44.123285Z[0m [34mDEBUG[0m [2mhyper::client::pool[0m[2m:[0m pooling idle connection for ("http", 192.168.0.14:8545)
[2m2025-12-10T10:19:44.123377Z[0m [34mDEBUG[0m [2mhyper::client::pool[0m[2m:[0m reuse idle connection for ("http", 192.168.0.14:8545)
[2m2025-12-10T10:19:44.123417Z[0m [34mDEBUG[0m [2mhyper::proto::h1::io[0m[2m:[0m flushed 172 bytes
[2m2025-12-10T10:19:44.553561Z[0m [34mDEBUG[0m [2mhyper::proto::h1::io[0m[2m:[0m parsed 4 headers
[2m2025-12-10T10:19:44.555645Z[0m [34mDEBUG[0m [2mhyper::proto::h1::conn[0m[2m:[0m incoming body is content-length (45 bytes)
[2m2025-12-10T10:19:44.559112Z[0m [34mDEBUG[0m [2mhyper::proto::h1::conn[0m[2m:[0m incoming body completed
[2m2025-12-10T10:19:44.563875Z[0m [34mDEBUG[0m [2mhyper::client::pool[0m[2m:[0m pooling idle connection for ("http", 192.168.0.14:8545)
[2m2025-12-10T10:19:44.569714Z[0m [34mDEBUG[0m [2mhyper::client::pool[0m[2m:[0m reuse idle connection for ("http", 192.168.0.14:8545)
[2m2025-12-10T10:19:44.570646Z[0m [34mDEBUG[0m [2mhyper::proto::h1::io[0m[2m:[0m flushed 172 bytes
[2m2025-12-10T10:19:44.571061Z[0m [34mDEBUG[0m [2methereum_transaction_pool_monitor::eth_client[0m[2m:[0m 📨 Received WebSocket message: {"jsonrpc":"2.0","method":"eth_subscription","params":{"subscription":"0xbed0a0851463e895960a451075a301a9","result":"0xc10fb47e23b499df80652aae3d403aebc9398b5fbebc2100141aca90c34ece1f"}}
[2m2025-12-10T10:19:44.571083Z[0m [34mDEBUG[0m [2methereum_transaction_pool_monitor::eth_client[0m[2m:[0m 📨 Received pending transaction: 0xc10fb47e23b499df80652aae3d403aebc9398b5fbebc2100141aca90c34ece1f
[2m2025-12-10T10:19:44.571235Z[0m [34mDEBUG[0m [2methereum_transaction_pool_monitor::eth_client[0m[2m:[0m 📨 Received WebSocket message: {"jsonrpc":"2.0","method":"eth_subscription","params":{"subscription":"0xbed0a0851463e895960a451075a301a9","result":"0xa885854338d5ef81e1160c2ecf4c17bbd9534d49214a61532c3e834010c21376"}}
[2m2025-12-10T10:19:44.571244Z[0m [34mDEBUG[0m [2methereum_transaction_pool_monitor::eth_client[0m[2m:[0m 📨 Received pending transaction: 0xa885854338d5ef81e1160c2ecf4c17bbd9534d49214a61532c3e834010c21376
[2m2025-12-10T10:19:44.571341Z[0m [34mDEBUG[0m [2methereum_transaction_pool_monitor::eth_client[0m[2m:[0m 📨 Received WebSocket message: {"jsonrpc":"2.0","method":"eth_subscription","params":{"subscription":"0xbed0a0851463e895960a451075a301a9","result":"0xad5a7930f84fd34d27e22c91c4bd0a69c3182a9826743367b09461692c63700e"}}
[2m2025-12-10T10:19:44.571357Z[0m [34mDEBUG[0m [2methereum_transaction_pool_monitor::eth_client[0m[2m:[0m 📨 Received pending transaction: 0xad5a7930f84fd34d27e22c91c4bd0a69c3182a9826743367b09461692c63700e
[2m2025-12-10T10:19:44.571554Z[0m [34mDEBUG[0m [2methereum_transaction_pool_monitor::eth_client[0m[2m:[0m 📨 Received WebSocket message: {"jsonrpc":"2.0","method":"eth_subscription","params":{"subscription":"0xbed0a0851463e895960a451075a301a9","result":"0xbd21b0b54c33ed04299142bde6c7a4fcec9bcc7f3af1efa94fea7e75aab5d18a"}}
[2m2025-12-10T10:19:44.571565Z[0m [34mDEBUG[0m [2methereum_transaction_pool_monitor::eth_client[0m[2m:[0m 📨 Received pending transaction: 0xbd21b0b54c33ed04299142bde6c7a4fcec9bcc7f3af1efa94fea7e75aab5d18a
[2m2025-12-10T10:19:44.573516Z[0m [34mDEBUG[0m [2mhyper::proto::h1::io[0m[2m:[0m parsed 4 headers
[2m2025-12-10T10:19:44.573533Z[0m [34mDEBUG[0m [2mhyper::proto::h1::conn[0m[2m:[0m incoming body is content-length (45 bytes)
[2m2025-12-10T10:19:44.573543Z[0m [34mDEBUG[0m [2mhyper::proto::h1::conn[0m[2m:[0m incoming body completed
[2m2025-12-10T10:19:44.573556Z[0m [34mDEBUG[0m [2mhyper::client::pool[0m[2m:[0m pooling idle connection for ("http", 192.168.0.14:8545)
[2m2025-12-10T10:19:44.573596Z[0m [34mDEBUG[0m [2mhyper::client::pool[0m[2m:[0m reuse idle connection for ("http", 192.168.0.14:8545)
[2m2025-12-10T10:19:44.573658Z[0m [34mDEBUG[0m [2mhyper::proto::h1::io[0m[2m:[0m flushed 172 bytes
[2m2025-12-10T10:19:44.577951Z[0m [34mDEBUG[0m [2mhyper::proto::h1::io[0m[2m:[0m parsed 4 headers
[2m2025-12-10T10:19:44.577971Z[0m [34mDEBUG[0m [2mhyper::proto::h1::conn[0m[2m:[0m incoming body is content-length (45 bytes)
[2m2025-12-10T10:19:44.577980Z[0m [34mDEBUG[0m [2mhyper::proto::h1::conn[0m[2m:[0m incoming body completed
[2m2025-12-10T10:19:44.577992Z[0m [34mDEBUG[0m [2mhyper::client::pool[0m[2m:[0m pooling idle connection for ("http", 192.168.0.14:8545)
[2m2025-12-10T10:19:44.578084Z[0m [34mDEBUG[0m [2mhyper::client::pool[0m[2m:[0m reuse idle connection for ("http", 192.168.0.14:8545)
[2m2025-12-10T10:19:44.578191Z[0m [34mDEBUG[0m [2mhyper::proto::h1::io[0m[2m:[0m flushed 172 bytes
[2m2025-12-10T10:19:44.582426Z[0m [34mDEBUG[0m [2mhyper::proto::h1::io[0m[2m:[0m parsed 4 headers
[2m2025-12-10T10:19:44.582445Z[0m [34mDEBUG[0m [2mhyper::proto::h1::conn[0m[2m:[0m incoming body is content-length (45 bytes)
[2m2025-12-10T10:19:44.582454Z[0m [34mDEBUG[0m [2mhyper::proto::h1::conn[0m[2m:[0m incoming body completed
[2m2025-12-10T10:19:44.582467Z[0m [34mDEBUG[0m [2mhyper::client::pool[0m[2m:[0m pooling idle connection for ("http", 192.168.0.14:8545)
[2m2025-12-10T10:19:44.582500Z[0m [34mDEBUG[0m [2mhyper::client::pool[0m[2m:[0m reuse idle connection for ("http", 192.168.0.14:8545)
[2m2025-12-10T10:19:44.582549Z[0m [34mDEBUG[0m [2mhyper::proto::h1::io[0m[2m:[0m flushed 172 bytes
[2m2025-12-10T10:19:44.586501Z[0m [34mDEBUG[0m [2mhyper::proto::h1::io[0m[2m:[0m parsed 4 headers
[2m2025-12-10T10:19:44.586517Z[0m [34mDEBUG[0m [2mhyper::proto::h1::conn[0m[2m:[0m incoming body is content-length (45 bytes)
[2m2025-12-10T10:19:44.586526Z[0m [34mDEBUG[0m [2mhyper::proto::h1::conn[0m[2m:[0m incoming body completed
[2m2025-12-10T10:19:44.586535Z[0m [34mDEBUG[0m [2mhyper::client::pool[0m[2m:[0m pooling idle connection for ("http", 192.168.0.14:8545)
[2m2025-12-10T10:19:44.586560Z[0m [34mDEBUG[0m [2mhyper::client::pool[0m[2m:[0m reuse idle connection for ("http", 192.168.0.14:8545)
[2m2025-12-10T10:19:44.586595Z[0m [34mDEBUG[0m [2mhyper::proto::h1::io[0m[2m:[0m flushed 172 bytes
[2m2025-12-10T10:19:44.590651Z[0m [34mDEBUG[0m [2mhyper::proto::h1::io[0m[2m:[0m parsed 4 headers
[2m2025-12-10T10:19:44.590683Z[0m [34mDEBUG[0m [2mhyper::proto::h1::conn[0m[2m:[0m incoming body is content-length (45 bytes)
[2m2025-12-10T10:19:44.590693Z[0m [34mDEBUG[0m [2mhyper::proto::h1::conn[0m[2m:[0m incoming body completed
[2m2025-12-10T10:19:44.590706Z[0m [34mDEBUG[0m [2mhyper::client::pool[0m[2m:[0m pooling idle connection for ("http", 192.168.0.14:8545)
[2m2025-12-10T10:19:44.590737Z[0m [34mDEBUG[0m [2mhyper::client::pool[0m[2m:[0m reuse idle connection for ("http", 192.168.0.14:8545)
[2m2025-12-10T10:19:44.590782Z[0m [34mDEBUG[0m [2mhyper::proto::h1::io[0m[2m:[0m flushed 172 bytes
[2m2025-12-10T10:19:44.595279Z[0m [34mDEBUG[0m [2mhyper::proto::h1::io[0m[2m:[0m parsed 4 headers
[2m2025-12-10T10:19:44.595302Z[0m [34mDEBUG[0m [2mhyper::proto::h1::conn[0m[2m:[0m incoming body is content-length (45 bytes)
[2m2025-12-10T10:19:44.595313Z[0m [34mDEBUG[0m [2mhyper::proto::h1::conn[0m[2m:[0m incoming body completed
[2m2025-12-10T10:19:44.595342Z[0m [34mDEBUG[0m [2mhyper::client::pool[0m[2m:[0m pooling idle connection for ("http", 192.168.0.14:8545)
[2m2025-12-10T10:19:44.595428Z[0m [34mDEBUG[0m [2mhyper::client::pool[0m[2m:[0m reuse idle connection for ("http", 192.168.0.14:8545)
[2m2025-12-10T10:19:44.595476Z[0m [34mDEBUG[0m [2mhyper::proto::h1::io[0m[2m:[0m flushed 172 bytes
[2m2025-12-10T10:19:44.602077Z[0m [34mDEBUG[0m [2mhyper::proto::h1::io[0m[2m:[0m parsed 4 headers
[2m2025-12-10T10:19:44.602098Z[0m [34mDEBUG[0m [2mhyper::proto::h1::conn[0m[2m:[0m incoming body is content-length (45 bytes)
[2m2025-12-10T10:19:44.602107Z[0m [34mDEBUG[0m [2mhyper::proto::h1::conn[0m[2m:[0m incoming body completed
[2m2025-12-10T10:19:44.602121Z[0m [34mDEBUG[0m [2mhyper::client::pool[0m[2m:[0m pooling idle connection for ("http", 192.168.0.14:8545)
[2m2025-12-10T10:19:44.602151Z[0m [34mDEBUG[0m [2mhyper::client::pool[0m[2m:[0m reuse idle connection for ("http", 192.168.0.14:8545)
[2m2025-12-10T10:19:44.602205Z[0m [34mDEBUG[0m [2mhyper::proto::h1::io[0m[2m:[0m flushed 172 bytes
[2m2025-12-10T10:19:44.606756Z[0m [34mDEBUG[0m [2mhyper::proto::h1::io[0m[2m:[0m parsed 4 headers
[2m2025-12-10T10:19:44.606781Z[0m [34mDEBUG[0m [2mhyper::proto::h1::conn[0m[2m:[0m incoming body is content-length (45 bytes)
[2m2025-12-10T10:19:44.606791Z[0m [34mDEBUG[0m [2mhyper::proto::h1::conn[0m[2m:[0m incoming body completed
[2m2025-12-10T10:19:44.606803Z[0m [34mDEBUG[0m [2mhyper::client::pool[0m[2m:[0m pooling idle connection for ("http", 192.168.0.14:8545)
[2m2025-12-10T10:19:44.606839Z[0m [34mDEBUG[0m [2mhyper::client::pool[0m[2m:[0m reuse idle connection for ("http", 192.168.0.14:8545)
[2m2025-12-10T10:19:44.606938Z[0m [34mDEBUG[0m [2mhyper::proto::h1::io[0m[2m:[0m flushed 172 bytes
[2m2025-12-10T10:19:44.610556Z[0m [34mDEBUG[0m [2mhyper::proto::h1::io[0m[2m:[0m parsed 4 headers
[2m2025-12-10T10:19:44.610592Z[0m [34mDEBUG[0m [2mhyper::proto::h1::conn[0m[2m:[0m incoming body is content-length (45 bytes)
[2m2025-12-10T10:19:44.610632Z[0m [34mDEBUG[0m [2mhyper::proto::h1::conn[0m[2m:[0m incoming body completed
[2m2025-12-10T10:19:44.610662Z[0m [34mDEBUG[0m [2mhyper::client::pool[0m[2m:[0m pooling idle connection for ("http", 192.168.0.14:8545)
[2m2025-12-10T10:19:44.610724Z[0m [34mDEBUG[0m [2mhyper::client::pool[0m[2m:[0m reuse idle connection for ("http", 192.168.0.14:8545)
[2m2025-12-10T10:19:44.610787Z[0m [34mDEBUG[0m [2mhyper::proto::h1::io[0m[2m:[0m flushed 172 bytes
[2m2025-12-10T10:19:44.616313Z[0m [34mDEBUG[0m [2mhyper::proto::h1::io[0m[2m:[0m parsed 4 headers
[2m2025-12-10T10:19:44.616335Z[0m [34mDEBUG[0m [2mhyper::proto::h1::conn[0m[2m:[0m incoming body is content-length (45 bytes)
[2m2025-12-10T10:19:44.616347Z[0m [34mDEBUG[0m [2mhyper::proto::h1::conn[0m[2m:[0m incoming body completed
[2m2025-12-10T10:19:44.616366Z[0m [34mDEBUG[0m [2mhyper::client::pool[0m[2m:[0m pooling idle connection for ("http", 192.168.0.14:8545)
[2m2025-12-10T10:19:44.616465Z[0m [34mDEBUG[0m [2mhyper::client::pool[0m[2m:[0m reuse idle connection for ("http", 192.168.0.14:8545)
[2m2025-12-10T10:19:44.616513Z[0m [34mDEBUG[0m [2mhyper::proto::h1::io[0m[2m:[0m flushed 172 bytes
[2m2025-12-10T10:19:44.621640Z[0m [34mDEBUG[0m [2mhyper::proto::h1::io[0m[2m:[0m parsed 4 headers
[2m2025-12-10T10:19:44.621670Z[0m [34mDEBUG[0m [2mhyper::proto::h1::conn[0m[2m:[0m incoming body is content-length (45 bytes)
[2m2025-12-10T10:19:44.621681Z[0m [34mDEBUG[0m [2mhyper::proto::h1::conn[0m[2m:[0m incoming body completed
[2m2025-12-10T10:19:44.621730Z[0m [34mDEBUG[0m [2mhyper::client::pool[0m[2m:[0m pooling idle connection for ("http", 192.168.0.14:8545)
[2m2025-12-10T10:19:44.621777Z[0m [34mDEBUG[0m [2mhyper::client::pool[0m[2m:[0m reuse idle connection for ("http", 192.168.0.14:8545)
[2m2025-12-10T10:19:44.621835Z[0m [34mDEBUG[0m [2mhyper::proto::h1::io[0m[2m:[0m flushed 172 bytes
[2m2025-12-10T10:19:44.624417Z[0m [34mDEBUG[0m [2methereum_transaction_pool_monitor::eth_client[0m[2m:[0m 📨 Received WebSocket message: {"jsonrpc":"2.0","method":"eth_subscription","params":{"subscription":"0xbed0a0851463e895960a451075a301a9","result":"0xfa3e0f6d7de27f83422f19a654ccae1b183058809a9d3316c3c62100ba1ac6fe"}}
[2m2025-12-10T10:19:44.624436Z[0m [34mDEBUG[0m [2methereum_transaction_pool_monitor::eth_client[0m[2m:[0m 📨 Received pending transaction: 0xfa3e0f6d7de27f83422f19a654ccae1b183058809a9d3316c3c62100ba1ac6fe
[2m2025-12-10T10:19:44.625889Z[0m [34mDEBUG[0m [2mhyper::proto::h1::io[0m[2m:[0m parsed 4 headers
[2m2025-12-10T10:19:44.625903Z[0m [34mDEBUG[0m [2mhyper::proto::h1::conn[0m[2m:[0m incoming body is content-length (45 bytes)
[2m2025-12-10T10:19:44.625912Z[0m [34mDEBUG[0m [2mhyper::proto::h1::conn[0m[2m:[0m incoming body completed
[2m2025-12-10T10:19:44.625925Z[0m [34mDEBUG[0m [2mhyper::client::pool[0m[2m:[0m pooling idle connection for ("http", 192.168.0.14:8545)
[2m2025-12-10T10:19:44.625979Z[0m [34mDEBUG[0m [2mhyper::client::pool[0m[2m:[0m reuse idle connection for ("http", 192.168.0.14:8545)
[2m2025-12-10T10:19:44.626053Z[0m [34mDEBUG[0m [2mhyper::proto::h1::io[0m[2m:[0m flushed 172 bytes
[2m2025-12-10T10:19:44.629513Z[0m [34mDEBUG[0m [2mhyper::proto::h1::io[0m[2m:[0m parsed 4 headers
[2m2025-12-10T10:19:44.629538Z[0m [34mDEBUG[0m [2mhyper::proto::h1::conn[0m[2m:[0m incoming body is content-length (45 bytes)
[2m2025-12-10T10:19:44.629603Z[0m [34mDEBUG[0m [2mhyper::proto::h1::conn[0m[2m:[0m incoming body completed
[2m2025-12-10T10:19:44.629639Z[0m [34mDEBUG[0m [2mhyper::client::pool[0m[2m:[0m pooling idle connection for ("http", 192.168.0.14:8545)
[2m2025-12-10T10:19:44.629672Z[0m [34mDEBUG[0m [2mhyper::client::pool[0m[2m:[0m reuse idle connection for ("http", 192.168.0.14:8545)
[2m2025-12-10T10:19:44.629712Z[0m [34mDEBUG[0m [2mhyper::proto::h1::io[0m[2m:[0m flushed 172 bytes
[2m2025-12-10T10:19:44.633221Z[0m [34mDEBUG[0m [2mhyper::proto::h1::io[0m[2m:[0m parsed 4 headers
[2m2025-12-10T10:19:44.633248Z[0m [34mDEBUG[0m [2mhyper::proto::h1::conn[0m[2m:[0m incoming body is content-length (45 bytes)
[2m2025-12-10T10:19:44.633263Z[0m [34mDEBUG[0m [2mhyper::proto::h1::conn[0m[2m:[0m incoming body completed
[2m2025-12-10T10:19:44.633307Z[0m [34mDEBUG[0m [2mhyper::client::pool[0m[2m:[0m pooling idle connection for ("http", 192.168.0.14:8545)
[2m2025-12-10T10:19:44.633360Z[0m [34mDEBUG[0m [2mhyper::client::pool[0m[2m:[0m reuse idle connection for ("http", 192.168.0.14:8545)
[2m2025-12-10T10:19:44.633440Z[0m [34mDEBUG[0m [2mhyper::proto::h1::io[0m[2m:[0m flushed 172 bytes
[2m2025-12-10T10:19:44.638661Z[0m [34mDEBUG[0m [2mhyper::proto::h1::io[0m[2m:[0m parsed 4 headers
[2m2025-12-10T10:19:44.638688Z[0m [34mDEBUG[0m [2mhyper::proto::h1::conn[0m[2m:[0m incoming body is content-length (45 bytes)
[2m2025-12-10T10:19:44.638707Z[0m [34mDEBUG[0m [2mhyper::proto::h1::conn[0m[2m:[0m incoming body completed
[2m2025-12-10T10:19:44.638721Z[0m [34mDEBUG[0m [2mhyper::client::pool[0m[2m:[0m pooling idle connection for ("http", 192.168.0.14:8545)
[2m2025-12-10T10:19:44.638760Z[0m [34mDEBUG[0m [2mhyper::client::pool[0m[2m:[0m reuse idle connection for ("http", 192.168.0.14:8545)
[2m2025-12-10T10:19:44.638814Z[0m [34mDEBUG[0m [2mhyper::proto::h1::io[0m[2m:[0m flushed 172 bytes
[2m2025-12-10T10:19:44.641200Z[0m [34mDEBUG[0m [2methereum_transaction_pool_monitor::eth_client[0m[2m:[0m 📨 Received WebSocket message: {"jsonrpc":"2.0","method":"eth_subscription","params":{"subscription":"0xbed0a0851463e895960a451075a301a9","result":"0x9fc670842cde7fdce7150de246f8f60281a62623b4d0ac55db2d8068591ca6e6"}}
[2m2025-12-10T10:19:44.641218Z[0m [34mDEBUG[0m [2methereum_transaction_pool_monitor::eth_client[0m[2m:[0m 📨 Received pending transaction: 0x9fc670842cde7fdce7150de246f8f60281a62623b4d0ac55db2d8068591ca6e6
[2m2025-12-10T10:19:44.641226Z[0m [34mDEBUG[0m [2methereum_transaction_pool_monitor::eth_client[0m[2m:[0m 📨 Received WebSocket message: {"jsonrpc":"2.0","method":"eth_subscription","params":{"subscription":"0xbed0a0851463e895960a451075a301a9","result":"0x8916377b65c511caf10c0cd2924bc63d5f06cb294af8051c3c4d48ea7163341a"}}
[2m2025-12-10T10:19:44.641232Z[0m [34mDEBUG[0m [2methereum_transaction_pool_monitor::eth_client[0m[2m:[0m 📨 Received pending transaction: 0x8916377b65c511caf10c0cd2924bc63d5f06cb294af8051c3c4d48ea7163341a
[2m2025-12-10T10:19:44.641236Z[0m [34mDEBUG[0m [2methereum_transaction_pool_monitor::eth_client[0m[2m:[0m 📨 Received WebSocket message: {"jsonrpc":"2.0","method":"eth_subscription","params":{"subscription":"0xbed0a0851463e895960a451075a301a9","result":"0x3468afdbf9cf5e6aafbc355113993259ca08f9ffec9985e470655e626a7446cf"}}
[2m2025-12-10T10:19:44.641258Z[0m [34mDEBUG[0m [2methereum_transaction_pool_monitor::eth_client[0m[2m:[0m 📨 Received pending transaction: 0x3468afdbf9cf5e6aafbc355113993259ca08f9ffec9985e470655e626a7446cf
[2m2025-12-10T10:19:44.641380Z[0m [34mDEBUG[0m [2methereum_transaction_pool_monitor::eth_client[0m[2m:[0m 📨 Received WebSocket message: {"jsonrpc":"2.0","method":"eth_subscription","params":{"subscription":"0xbed0a0851463e895960a451075a301a9","result":"0xb43acb2889f3b3198986ee0f9381517e2ed0a5b93fe1ea4dfc2b815ce23272dc"}}
[2m2025-12-10T10:19:44.641389Z[0m [34mDEBUG[0m [2methereum_transaction_pool_monitor::eth_client[0m[2m:[0m 📨 Received pending transaction: 0xb43acb2889f3b3198986ee0f9381517e2ed0a5b93fe1ea4dfc2b815ce23272dc
[2m2025-12-10T10:19:44.642399Z[0m [34mDEBUG[0m [2mhyper::proto::h1::io[0m[2m:[0m parsed 4 headers
[2m2025-12-10T10:19:44.642459Z[0m [34mDEBUG[0m [2mhyper::proto::h1::conn[0m[2m:[0m incoming body is content-length (45 bytes)
[2m2025-12-10T10:19:44.642468Z[0m [34mDEBUG[0m [2mhyper::proto::h1::conn[0m[2m:[0m incoming body completed
[2m2025-12-10T10:19:44.642502Z[0m [34mDEBUG[0m [2mhyper::client::pool[0m[2m:[0m pooling idle connection for ("http", 192.168.0.14:8545)
[2m2025-12-10T10:19:44.642527Z[0m [34mDEBUG[0m [2mhyper::client::pool[0m[2m:[0m reuse idle connection for ("http", 192.168.0.14:8545)
[2m2025-12-10T10:19:44.642620Z[0m [34mDEBUG[0m [2mhyper::proto::h1::io[0m[2m:[0m flushed 172 bytes
[2m2025-12-10T10:19:44.650026Z[0m [34mDEBUG[0m [2mhyper::proto::h1::io[0m[2m:[0m parsed 4 headers
[2m2025-12-10T10:19:44.650054Z[0m [34mDEBUG[0m [2mhyper::proto::h1::conn[0m[2m:[0m incoming body is content-length (45 bytes)
[2m2025-12-10T10:19:44.650064Z[0m [34mDEBUG[0m [2mhyper::proto::h1::conn[0m[2m:[0m incoming body completed
[2m2025-12-10T10:19:44.650076Z[0m [34mDEBUG[0m [2mhyper::client::pool[0m[2m:[0m pooling idle connection for ("http", 192.168.0.14:8545)
[2m2025-12-10T10:19:44.650136Z[0m [34mDEBUG[0m [2mhyper::client::pool[0m[2m:[0m reuse idle connection for ("http", 192.168.0.14:8545)
[2m2025-12-10T10:19:44.650176Z[0m [34mDEBUG[0m [2mhyper::proto::h1::io[0m[2m:[0m flushed 172 bytes
[2m2025-12-10T10:19:44.655646Z[0m [34mDEBUG[0m [2mhyper::proto::h1::io[0m[2m:[0m parsed 4 headers
[2m2025-12-10T10:19:44.655677Z[0m [34mDEBUG[0m [2mhyper::proto::h1::conn[0m[2m:[0m incoming body is content-length (45 bytes)
[2m2025-12-10T10:19:44.655689Z[0m [34mDEBUG[0m [2mhyper::proto::h1::conn[0m[2m:[0m incoming body completed
[2m2025-12-10T10:19:44.655702Z[0m [34mDEBUG[0m [2mhyper::client::pool[0m[2m:[0m pooling idle connection for ("http", 192.168.0.14:8545)
[2m2025-12-10T10:19:44.655735Z[0m [34mDEBUG[0m [2mhyper::client::pool[0m[2m:[0m reuse idle connection for ("http", 192.168.0.14:8545)
[2m2025-12-10T10:19:44.655787Z[0m [34mDEBUG[0m [2mhyper::proto::h1::io[0m[2m:[0m flushed 172 bytes
[2m2025-12-10T10:19:44.661555Z[0m [34mDEBUG[0m [2mhyper::proto::h1::io[0m[2m:[0m parsed 4 headers
[2m2025-12-10T10:19:44.661576Z[0m [34mDEBUG[0m [2mhyper::proto::h1::conn[0m[2m:[0m incoming body is content-length (45 bytes)
[2m2025-12-10T10:19:44.661603Z[0m [34mDEBUG[0m [2mhyper::proto::h1::conn[0m[2m:[0m incoming body completed
[2m2025-12-10T10:19:44.661618Z[0m [34mDEBUG[0m [2mhyper::client::pool[0m[2m:[0m pooling idle connection for ("http", 192.168.0.14:8545)
[2m2025-12-10T10:19:44.661755Z[0m [34mDEBUG[0m [2mhyper::client::pool[0m[2m:[0m reuse idle connection for ("http", 192.168.0.14:8545)
[2m2025-12-10T10:19:44.661809Z[0m [34mDEBUG[0m [2mhyper::proto::h1::io[0m[2m:[0m flushed 172 bytes
[2m2025-12-10T10:19:44.666265Z[0m [34mDEBUG[0m [2mhyper::proto::h1::io[0m[2m:[0m parsed 4 headers
[2m2025-12-10T10:19:44.666284Z[0m [34mDEBUG[0m [2mhyper::proto::h1::conn[0m[2m:[0m incoming body is content-length (45 bytes)
[2m2025-12-10T10:19:44.666301Z[0m [34mDEBUG[0m [2mhyper::proto::h1::conn[0m[2m:[0m incoming body completed
[2m2025-12-10T10:19:44.666360Z[0m [34mDEBUG[0m [2mhyper::client::pool[0m[2m:[0m pooling idle connection for ("http", 192.168.0.14:8545)
[2m2025-12-10T10:19:44.666408Z[0m [34mDEBUG[0m [2mhyper::client::pool[0m[2m:[0m reuse idle connection for ("http", 192.168.0.14:8545)
[2m2025-12-10T10:19:44.666477Z[0m [34mDEBUG[0m [2mhyper::proto::h1::io[0m[2m:[0m flushed 172 bytes
[2m2025-12-10T10:19:44.671674Z[0m [34mDEBUG[0m [2mhyper::proto::h1::io[0m[2m:[0m parsed 4 headers
[2m2025-12-10T10:19:44.671697Z[0m [34mDEBUG[0m [2mhyper::proto::h1::conn[0m[2m:[0m incoming body is content-length (45 bytes)
[2m2025-12-10T10:19:44.671747Z[0m [34mDEBUG[0m [2mhyper::proto::h1::conn[0m[2m:[0m incoming body completed
[2m2025-12-10T10:19:44.671789Z[0m [34mDEBUG[0m [2mhyper::client::pool[0m[2m:[0m pooling idle connection for ("http", 192.168.0.14:8545)
[2m2025-12-10T10:19:44.671840Z[0m [34mDEBUG[0m [2mhyper::client::pool[0m[2m:[0m reuse idle connection for ("http", 192.168.0.14:8545)
[2m2025-12-10T10:19:44.672040Z[0m [34mDEBUG[0m [2mhyper::proto::h1::io[0m[2m:[0m flushed 172 bytes
[2m2025-12-10T10:19:44.675520Z[0m [34mDEBUG[0m [2mhyper::proto::h1::io[0m[2m:[0m parsed 4 headers
[2m2025-12-10T10:19:44.675535Z[0m [34mDEBUG[0m [2mhyper::proto::h1::conn[0m[2m:[0m incoming body is content-length (45 bytes)
[2m2025-12-10T10:19:44.675544Z[0m [34mDEBUG[0m [2mhyper::proto::h1::conn[0m[2m:[0m incoming body completed
[2m2025-12-10T10:19:44.675554Z[0m [34mDEBUG[0m [2mhyper::client::pool[0m[2m:[0m pooling idle connection for ("http", 192.168.0.14:8545)
[2m2025-12-10T10:19:44.675669Z[0m [34mDEBUG[0m [2mhyper::client::pool[0m[2m:[0m reuse idle connection for ("http", 192.168.0.14:8545)
[2m2025-12-10T10:19:44.675777Z[0m [34mDEBUG[0m [2mhyper::proto::h1::io[0m[2m:[0m flushed 172 bytes
[2m2025-12-10T10:19:44.679804Z[0m [34mDEBUG[0m [2mhyper::proto::h1::io[0m[2m:[0m parsed 4 headers
[2m2025-12-10T10:19:44.679837Z[0m [34mDEBUG[0m [2mhyper::proto::h1::conn[0m[2m:[0m incoming body is content-length (45 bytes)
[2m2025-12-10T10:19:44.679855Z[0m [34mDEBUG[0m [2mhyper::proto::h1::conn[0m[2m:[0m incoming body completed
[2m2025-12-10T10:19:44.679877Z[0m [34mDEBUG[0m [2mhyper::client::pool[0m[2m:[0m pooling idle connection for ("http", 192.168.0.14:8545)
[2m2025-12-10T10:19:44.679929Z[0m [34mDEBUG[0m [2mhyper::client::pool[0m[2m:[0m reuse idle connection for ("http", 192.168.0.14:8545)
[2m2025-12-10T10:19:44.680007Z[0m [34mDEBUG[0m [2mhyper::proto::h1::io[0m[2m:[0m flushed 172 bytes
[2m2025-12-10T10:19:44.685418Z[0m [34mDEBUG[0m [2mhyper::proto::h1::io[0m[2m:[0m parsed 4 headers
[2m2025-12-10T10:19:44.685449Z[0m [34mDEBUG[0m [2mhyper::proto::h1::conn[0m[2m:[0m incoming body is content-length (45 bytes)
[2m2025-12-10T10:19:44.685468Z[0m [34mDEBUG[0m [2mhyper::proto::h1::conn[0m[2m:[0m incoming body completed
[2m2025-12-10T10:19:44.685520Z[0m [34mDEBUG[0m [2mhyper::client::pool[0m[2m:[0m pooling idle connection for ("http", 192.168.0.14:8545)
[2m2025-12-10T10:19:44.685592Z[0m [34mDEBUG[0m [2mhyper::client::pool[0m[2m:[0m reuse idle connection for ("http", 192.168.0.14:8545)
[2m2025-12-10T10:19:44.685665Z[0m [34mDEBUG[0m [2mhyper::proto::h1::io[0m[2m:[0m flushed 172 bytes
[2m2025-12-10T10:19:44.689350Z[0m [34mDEBUG[0m [2mhyper::proto::h1::io[0m[2m:[0m parsed 4 headers
[2m2025-12-10T10:19:44.689392Z[0m [34mDEBUG[0m [2mhyper::proto::h1::conn[0m[2m:[0m incoming body is content-length (45 bytes)
[2m2025-12-10T10:19:44.689411Z[0m [34mDEBUG[0m [2mhyper::proto::h1::conn[0m[2m:[0m incoming body completed
[2m2025-12-10T10:19:44.689441Z[0m [34mDEBUG[0m [2mhyper::client::pool[0m[2m:[0m pooling idle connection for ("http", 192.168.0.14:8545)
[2m2025-12-10T10:19:44.689520Z[0m [34mDEBUG[0m [2mhyper::client::pool[0m[2m:[0m reuse idle connection for ("http", 192.168.0.14:8545)
[2m2025-12-10T10:19:44.689598Z[0m [34mDEBUG[0m [2mhyper::proto::h1::io[0m[2m:[0m flushed 172 bytes
[2m2025-12-10T10:19:44.693068Z[0m [34mDEBUG[0m [2mhyper::proto::h1::io[0m[2m:[0m parsed 4 headers
[2m2025-12-10T10:19:44.693132Z[0m [34mDEBUG[0m [2mhyper::proto::h1::conn[0m[2m:[0m incoming body is content-length (45 bytes)
[2m2025-12-10T10:19:44.693163Z[0m [34mDEBUG[0m [2mhyper::proto::h1::conn[0m[2m:[0m incoming body completed
[2m2025-12-10T10:19:44.693178Z[0m [34mDEBUG[0m [2mhyper::client::pool[0m[2m:[0m pooling idle connection for ("http", 192.168.0.14:8545)
[2m2025-12-10T10:19:44.693207Z[0m [34mDEBUG[0m [2mhyper::client::pool[0m[2m:[0m reuse idle connection for ("http", 192.168.0.14:8545)
[2m2025-12-10T10:19:44.693281Z[0m [34mDEBUG[0m [2mhyper::proto::h1::io[0m[2m:[0m flushed 172 bytes
[2m2025-12-10T10:19:44.696962Z[0m [34mDEBUG[0m [2mhyper::proto::h1::io[0m[2m:[0m parsed 4 headers
[2m2025-12-10T10:19:44.696996Z[0m [34mDEBUG[0m [2mhyper::proto::h1::conn[0m[2m:[0m incoming body is content-length (45 bytes)
[2m2025-12-10T10:19:44.697017Z[0m [34mDEBUG[0m [2mhyper::proto::h1::conn[0m[2m:[0m incoming body completed
[2m2025-12-10T10:19:44.697068Z[0m [34mDEBUG[0m [2mhyper::client::pool[0m[2m:[0m pooling idle connection for ("http", 192.168.0.14:8545)
[2m2025-12-10T10:19:44.697123Z[0m [34mDEBUG[0m [2mhyper::client::pool[0m[2m:[0m reuse idle connection for ("http", 192.168.0.14:8545)
[2m2025-12-10T10:19:44.697217Z[0m [34mDEBUG[0m [2mhyper::proto::h1::io[0m[2m:[0m flushed 172 bytes
[2m2025-12-10T10:19:44.700931Z[0m [34mDEBUG[0m [2mhyper::proto::h1::io[0m[2m:[0m parsed 4 headers
[2m2025-12-10T10:19:44.700973Z[0m [34mDEBUG[0m [2mhyper::proto::h1::conn[0m[2m:[0m incoming body is content-length (45 bytes)
[2m2025-12-10T10:19:44.700982Z[0m [34mDEBUG[0m [2mhyper::proto::h1::conn[0m[2m:[0m incoming body completed
[2m2025-12-10T10:19:44.700993Z[0m [34mDEBUG[0m [2mhyper::client::pool[0m[2m:[0m pooling idle connection for ("http", 192.168.0.14:8545)
[2m2025-12-10T10:19:44.701022Z[0m [34mDEBUG[0m [2mhyper::client::pool[0m[2m:[0m reuse idle connection for ("http", 192.168.0.14:8545)
[2m2025-12-10T10:19:44.701094Z[0m [34mDEBUG[0m [2mhyper::proto::h1::io[0m[2m:[0m flushed 172 bytes
[2m2025-12-10T10:19:44.705450Z[0m [34mDEBUG[0m [2mhyper::proto::h1::io[0m[2m:[0m parsed 4 headers
[2m2025-12-10T10:19:44.705469Z[0m [34mDEBUG[0m [2mhyper::proto::h1::conn[0m[2m:[0m incoming body is content-length (45 bytes)
[2m2025-12-10T10:19:44.705482Z[0m [34mDEBUG[0m [2mhyper::proto::h1::conn[0m[2m:[0m incoming body completed
[2m2025-12-10T10:19:44.705494Z[0m [34mDEBUG[0m [2mhyper::client::pool[0m[2m:[0m pooling idle connection for ("http", 192.168.0.14:8545)
[2m2025-12-10T10:19:44.705521Z[0m [34mDEBUG[0m [2mhyper::client::pool[0m[2m:[0m reuse idle connection for ("http", 192.168.0.14:8545)
[2m2025-12-10T10:19:44.705558Z[0m [34mDEBUG[0m [2mhyper::proto::h1::io[0m[2m:[0m flushed 172 bytes
[2m2025-12-10T10:19:44.712581Z[0m [34mDEBUG[0m [2mhyper::proto::h1::io[0m[2m:[0m parsed 4 headers
[2m2025-12-10T10:19:44.712599Z[0m [34mDEBUG[0m [2mhyper::proto::h1::conn[0m[2m:[0m incoming body is content-length (45 bytes)
[2m2025-12-10T10:19:44.712609Z[0m [34mDEBUG[0m [2mhyper::proto::h1::conn[0m[2m:[0m incoming body completed
[2m2025-12-10T10:19:44.712646Z[0m [34mDEBUG[0m [2mhyper::client::pool[0m[2m:[0m pooling idle connection for ("http", 192.168.0.14:8545)
[2m2025-12-10T10:19:44.712715Z[0m [34mDEBUG[0m [2mhyper::client::pool[0m[2m:[0m reuse idle connection for ("http", 192.168.0.14:8545)
[2m2025-12-10T10:19:44.712822Z[0m [34mDEBUG[0m [2mhyper::proto::h1::io[0m[2m:[0m flushed 172 bytes
[2m2025-12-10T10:19:44.715581Z[0m [34mDEBUG[0m [2mhyper::proto::h1::io[0m[2m:[0m parsed 4 headers
[2m2025-12-10T10:19:44.715770Z[0m [34mDEBUG[0m [2mhyper::proto::h1::conn[0m[2m:[0m incoming body is content-length (45 bytes)
[2m2025-12-10T10:19:44.715872Z[0m [34mDEBUG[0m [2mhyper::proto::h1::conn[0m[2m:[0m incoming body completed
[2m2025-12-10T10:19:44.715919Z[0m [34mDEBUG[0m [2mhyper::client::pool[0m[2m:[0m pooling idle connection for ("http", 192.168.0.14:8545)
[2m2025-12-10T10:19:44.716033Z[0m [34mDEBUG[0m [2mhyper::client::pool[0m[2m:[0m reuse idle connection for ("http", 192.168.0.14:8545)
[2m2025-12-10T10:19:44.722979Z[0m [34mDEBUG[0m [2mhyper::proto::h1::io[0m[2m:[0m flushed 172 bytes
[2m2025-12-10T10:19:44.724014Z[0m [34mDEBUG[0m [2mhyper::proto::h1::io[0m[2m:[0m parsed 4 headers
[2m2025-12-10T10:19:44.724024Z[0m [34mDEBUG[0m [2mhyper::proto::h1::conn[0m[2m:[0m incoming body is content-length (45 bytes)
[2m2025-12-10T10:19:44.724032Z[0m [34mDEBUG[0m [2mhyper::proto::h1::conn[0m[2m:[0m incoming body completed
[2m2025-12-10T10:19:44.724044Z[0m [34mDEBUG[0m [2mhyper::client::pool[0m[2m:[0m pooling idle connection for ("http", 192.168.0.14:8545)
[2m2025-12-10T10:19:44.724070Z[0m [34mDEBUG[0m [2mhyper::client::pool[0m[2m:[0m reuse idle connection for ("http", 192.168.0.14:8545)
[2m2025-12-10T10:19:44.724117Z[0m [34mDEBUG[0m [2mhyper::proto::h1::io[0m[2m:[0m flushed 172 bytes
[2m2025-12-10T10:19:44.730331Z[0m [34mDEBUG[0m [2mhyper::proto::h1::io[0m[2m:[0m parsed 4 headers
[2m2025-12-10T10:19:44.730351Z[0m [34mDEBUG[0m [2mhyper::proto::h1::conn[0m[2m:[0m incoming body is content-length (45 bytes)
[2m2025-12-10T10:19:44.730362Z[0m [34mDEBUG[0m [2mhyper::proto::h1::conn[0m[2m:[0m incoming body completed
[2m2025-12-10T10:19:44.730374Z[0m [34mDEBUG[0m [2mhyper::client::pool[0m[2m:[0m pooling idle connection for ("http", 192.168.0.14:8545)
[2m2025-12-10T10:19:44.730405Z[0m [34mDEBUG[0m [2mhyper::client::pool[0m[2m:[0m reuse idle connection for ("http", 192.168.0.14:8545)
[2m2025-12-10T10:19:44.730490Z[0m [34mDEBUG[0m [2mhyper::proto::h1::io[0m[2m:[0m flushed 172 bytes
[2m2025-12-10T10:19:44.736578Z[0m [34mDEBUG[0m [2mhyper::proto::h1::io[0m[2m:[0m parsed 4 headers
[2m2025-12-10T10:19:44.736596Z[0m [34mDEBUG[0m [2mhyper::proto::h1::conn[0m[2m:[0m incoming body is content-length (45 bytes)
[2m2025-12-10T10:19:44.736605Z[0m [34mDEBUG[0m [2mhyper::proto::h1::conn[0m[2m:[0m incoming body completed
[2m2025-12-10T10:19:44.736615Z[0m [34mDEBUG[0m [2mhyper::client::pool[0m[2m:[0m pooling idle connection for ("http", 192.168.0.14:8545)
[2m2025-12-10T10:19:44.736640Z[0m [34mDEBUG[0m [2mhyper::client::pool[0m[2m:[0m reuse idle connection for ("http", 192.168.0.14:8545)
[2m2025-12-10T10:19:44.736674Z[0m [34mDEBUG[0m [2mhyper::proto::h1::io[0m[2m:[0m flushed 172 bytes
[2m2025-12-10T10:19:44.741949Z[0m [34mDEBUG[0m [2mhyper::proto::h1::io[0m[2m:[0m parsed 4 headers
[2m2025-12-10T10:19:44.741957Z[0m [34mDEBUG[0m [2mhyper::proto::h1::conn[0m[2m:[0m incoming body is content-length (45 bytes)
[2m2025-12-10T10:19:44.741963Z[0m [34mDEBUG[0m [2mhyper::proto::h1::conn[0m[2m:[0m incoming body completed
[2m2025-12-10T10:19:44.741969Z[0m [34mDEBUG[0m [2mhyper::client::pool[0m[2m:[0m pooling idle connection for ("http", 192.168.0.14:8545)
[2m2025-12-10T10:19:44.741986Z[0m [34mDEBUG[0m [2mhyper::client::pool[0m[2m:[0m reuse idle connection for ("http", 192.168.0.14:8545)
[2m2025-12-10T10:19:44.742010Z[0m [34mDEBUG[0m [2mhyper::proto::h1::io[0m[2m:[0m flushed 172 bytes
[2m2025-12-10T10:19:44.745809Z[0m [34mDEBUG[0m [2mhyper::proto::h1::io[0m[2m:[0m parsed 4 headers
[2m2025-12-10T10:19:44.745820Z[0m [34mDEBUG[0m [2mhyper::proto::h1::conn[0m[2m:[0m incoming body is content-length (45 bytes)
[2m2025-12-10T10:19:44.745826Z[0m [34mDEBUG[0m [2mhyper::proto::h1::conn[0m[2m:[0m incoming body completed
[2m2025-12-10T10:19:44.756311Z[0m [34mDEBUG[0m [2mhyper::client::pool[0m[2m:[0m pooling idle connection for ("http", 192.168.0.14:8545)
[2m2025-12-10T10:19:44.756375Z[0m [34mDEBUG[0m [2mhyper::client::pool[0m[2m:[0m reuse idle connection for ("http", 192.168.0.14:8545)
[2m2025-12-10T10:19:44.756565Z[0m [34mDEBUG[0m [2mhyper::proto::h1::io[0m[2m:[0m flushed 172 bytes
[2m2025-12-10T10:19:44.761089Z[0m [34mDEBUG[0m [2mhyper::proto::h1::io[0m[2m:[0m parsed 4 headers
[2m2025-12-10T10:19:44.778866Z[0m [34mDEBUG[0m [2mhyper::proto::h1::conn[0m[2m:[0m incoming body is content-length (45 bytes)
[2m2025-12-10T10:19:44.778889Z[0m [34mDEBUG[0m [2mhyper::proto::h1::conn[0m[2m:[0m incoming body completed
[2m2025-12-10T10:19:44.778903Z[0m [34mDEBUG[0m [2mhyper::client::pool[0m[2m:[0m pooling idle connection for ("http", 192.168.0.14:8545)
[2m2025-12-10T10:19:44.779322Z[0m [34mDEBUG[0m [2mhyper::client::pool[0m[2m:[0m reuse idle connection for ("http", 192.168.0.14:8545)
[2m2025-12-10T10:19:44.779516Z[0m [34mDEBUG[0m [2mhyper::proto::h1::io[0m[2m:[0m flushed 172 bytes
[2m2025-12-10T10:19:44.783035Z[0m [34mDEBUG[0m [2mhyper::proto::h1::io[0m[2m:[0m parsed 4 headers
[2m2025-12-10T10:19:44.783049Z[0m [34mDEBUG[0m [2mhyper::proto::h1::conn[0m[2m:[0m incoming body is content-length (45 bytes)
[2m2025-12-10T10:19:44.783057Z[0m [34mDEBUG[0m [2mhyper::proto::h1::conn[0m[2m:[0m incoming body completed
[2m2025-12-10T10:19:44.783066Z[0m [34mDEBUG[0m [2mhyper::client::pool[0m[2m:[0m pooling idle connection for ("http", 192.168.0.14:8545)
[2m2025-12-10T10:19:44.783091Z[0m [34mDEBUG[0m [2mhyper::client::pool[0m[2m:[0m reuse idle connection for ("http", 192.168.0.14:8545)
[2m2025-12-10T10:19:44.783121Z[0m [34mDEBUG[0m [2mhyper::proto::h1::io[0m[2m:[0m flushed 172 bytes
[2m2025-12-10T10:19:44.786911Z[0m [34mDEBUG[0m [2mhyper::proto::h1::io[0m[2m:[0m parsed 4 headers
[2m2025-12-10T10:19:44.786918Z[0m [34mDEBUG[0m [2mhyper::proto::h1::conn[0m[2m:[0m incoming body is content-length (45 bytes)
[2m2025-12-10T10:19:44.786923Z[0m [34mDEBUG[0m [2mhyper::proto::h1::conn[0m[2m:[0m incoming body completed
[2m2025-12-10T10:19:44.786929Z[0m [34mDEBUG[0m [2mhyper::client::pool[0m[2m:[0m pooling idle connection for ("http", 192.168.0.14:8545)
[2m2025-12-10T10:19:44.786942Z[0m [34mDEBUG[0m [2mhyper::client::pool[0m[2m:[0m reuse idle connection for ("http", 192.168.0.14:8545)
[2m2025-12-10T10:19:44.786965Z[0m [34mDEBUG[0m [2mhyper::proto::h1::io[0m[2m:[0m flushed 172 bytes
[2m2025-12-10T10:19:44.791489Z[0m [34mDEBUG[0m [2mhyper::proto::h1::io[0m[2m:[0m parsed 4 headers
[2m2025-12-10T10:19:44.791502Z[0m [34mDEBUG[0m [2mhyper::proto::h1::conn[0m[2m:[0m incoming body is content-length (45 bytes)
[2m2025-12-10T10:19:44.791510Z[0m [34mDEBUG[0m [2mhyper::proto::h1::conn[0m[2m:[0m incoming body completed
[2m2025-12-10T10:19:44.791526Z[0m [34mDEBUG[0m [2mhyper::client::pool[0m[2m:[0m pooling idle connection for ("http", 192.168.0.14:8545)
[2m2025-12-10T10:19:44.791590Z[0m [34mDEBUG[0m [2mhyper::client::pool[0m[2m:[0m reuse idle connection for ("http", 192.168.0.14:8545)
[2m2025-12-10T10:19:44.791624Z[0m [34mDEBUG[0m [2mhyper::proto::h1::io[0m[2m:[0m flushed 172 bytes
[2m2025-12-10T10:19:44.797862Z[0m [34mDEBUG[0m [2mhyper::proto::h1::io[0m[2m:[0m parsed 4 headers
[2m2025-12-10T10:19:44.797881Z[0m [34mDEBUG[0m [2mhyper::proto::h1::conn[0m[2m:[0m incoming body is content-length (45 bytes)
[2m2025-12-10T10:19:44.797890Z[0m [34mDEBUG[0m [2mhyper::proto::h1::conn[0m[2m:[0m incoming body completed
[2m2025-12-10T10:19:44.797899Z[0m [34mDEBUG[0m [2mhyper::client::pool[0m[2m:[0m pooling idle connection for ("http", 192.168.0.14:8545)
[2m2025-12-10T10:19:44.797923Z[0m [34mDEBUG[0m [2mhyper::client::pool[0m[2m:[0m reuse idle connection for ("http", 192.168.0.14:8545)
[2m2025-12-10T10:19:44.797955Z[0m [34mDEBUG[0m [2mhyper::proto::h1::io[0m[2m:[0m flushed 172 bytes
[2m2025-12-10T10:19:44.803227Z[0m [34mDEBUG[0m [2mhyper::proto::h1::io[0m[2m:[0m parsed 4 headers
[2m2025-12-10T10:19:44.803236Z[0m [34mDEBUG[0m [2mhyper::proto::h1::conn[0m[2m:[0m incoming body is content-length (45 bytes)
[2m2025-12-10T10:19:44.803242Z[0m [34mDEBUG[0m [2mhyper::proto::h1::conn[0m[2m:[0m incoming body completed
[2m2025-12-10T10:19:44.803249Z[0m [34mDEBUG[0m [2mhyper::client::pool[0m[2m:[0m pooling idle connection for ("http", 192.168.0.14:8545)
[2m2025-12-10T10:19:44.803265Z[0m [34mDEBUG[0m [2mhyper::client::pool[0m[2m:[0m reuse idle connection for ("http", 192.168.0.14:8545)
[2m2025-12-10T10:19:44.803288Z[0m [34mDEBUG[0m [2mhyper::proto::h1::io[0m[2m:[0m flushed 172 bytes
[2m2025-12-10T10:19:44.806998Z[0m [34mDEBUG[0m [2mhyper::proto::h1::io[0m[2m:[0m parsed 4 headers
[2m2025-12-10T10:19:44.807004Z[0m [34mDEBUG[0m [2mhyper::proto::h1::conn[0m[2m:[0m incoming body is content-length (45 bytes)
[2m2025-12-10T10:19:44.807008Z[0m [34mDEBUG[0m [2mhyper::proto::h1::conn[0m[2m:[0m incoming body completed
[2m2025-12-10T10:19:44.807014Z[0m [34mDEBUG[0m [2mhyper::client::pool[0m[2m:[0m pooling idle connection for ("http", 192.168.0.14:8545)
[2m2025-12-10T10:19:44.807026Z[0m [34mDEBUG[0m [2mhyper::client::pool[0m[2m:[0m reuse idle connection for ("http", 192.168.0.14:8545)
[2m2025-12-10T10:19:44.807042Z[0m [34mDEBUG[0m [2mhyper::proto::h1::io[0m[2m:[0m flushed 172 bytes
[2m2025-12-10T10:19:44.812114Z[0m [34mDEBUG[0m [2mhyper::proto::h1::io[0m[2m:[0m parsed 4 headers
[2m2025-12-10T10:19:44.812120Z[0m [34mDEBUG[0m [2mhyper::proto::h1::conn[0m[2m:[0m incoming body is content-length (45 bytes)
[2m2025-12-10T10:19:44.812124Z[0m [34mDEBUG[0m [2mhyper::proto::h1::conn[0m[2m:[0m incoming body completed
[2m2025-12-10T10:19:44.812129Z[0m [34mDEBUG[0m [2mhyper::client::pool[0m[2m:[0m pooling idle connection for ("http", 192.168.0.14:8545)
[2m2025-12-10T10:19:44.812140Z[0m [34mDEBUG[0m [2mhyper::client::pool[0m[2m:[0m reuse idle connection for ("http", 192.168.0.14:8545)
[2m2025-12-10T10:19:44.812157Z[0m [34mDEBUG[0m [2mhyper::proto::h1::io[0m[2m:[0m flushed 172 bytes
[2m2025-12-10T10:19:44.815986Z[0m [34mDEBUG[0m [2mhyper::proto::h1::io[0m[2m:[0m parsed 4 headers
[2m2025-12-10T10:19:44.815991Z[0m [34mDEBUG[0m [2mhyper::proto::h1::conn[0m[2m:[0m incoming body is content-length (45 bytes)
[2m2025-12-10T10:19:44.815995Z[0m [34mDEBUG[0m [2mhyper::proto::h1::conn[0m[2m:[0m incoming body completed
[2m2025-12-10T10:19:44.815999Z[0m [34mDEBUG[0m [2mhyper::client::pool[0m[2m:[0m pooling idle connection for ("http", 192.168.0.14:8545)
[2m2025-12-10T10:19:44.816008Z[0m [34mDEBUG[0m [2mhyper::client::pool[0m[2m:[0m reuse idle connection for ("http", 192.168.0.14:8545)
[2m2025-12-10T10:19:44.816022Z[0m [34mDEBUG[0m [2mhyper::proto::h1::io[0m[2m:[0m flushed 172 bytes
[2m2025-12-10T10:19:44.820538Z[0m [34mDEBUG[0m [2mhyper::proto::h1::io[0m[2m:[0m parsed 4 headers
[2m2025-12-10T10:19:44.820543Z[0m [34mDEBUG[0m [2mhyper::proto::h1::conn[0m[2m:[0m incoming body is content-length (45 bytes)
[2m2025-12-10T10:19:44.820548Z[0m [34mDEBUG[0m [2mhyper::proto::h1::conn[0m[2m:[0m incoming body completed
[2m2025-12-10T10:19:44.820553Z[0m [34mDEBUG[0m [2mhyper::client::pool[0m[2m:[0m pooling idle connection for ("http", 192.168.0.14:8545)
[2m2025-12-10T10:19:44.820563Z[0m [34mDEBUG[0m [2mhyper::client::pool[0m[2m:[0m reuse idle connection for ("http", 192.168.0.14:8545)
[2m2025-12-10T10:19:44.820579Z[0m [34mDEBUG[0m [2mhyper::proto::h1::io[0m[2m:[0m flushed 172 bytes
[2m2025-12-10T10:19:44.824961Z[0m [34mDEBUG[0m [2mhyper::proto::h1::io[0m[2m:[0m parsed 4 headers
[2m2025-12-10T10:19:44.824967Z[0m [34mDEBUG[0m [2mhyper::proto::h1::conn[0m[2m:[0m incoming body is content-length (45 bytes)
[2m2025-12-10T10:19:44.824971Z[0m [34mDEBUG[0m [2mhyper::proto::h1::conn[0m[2m:[0m incoming body completed
[2m2025-12-10T10:19:44.824982Z[0m [34mDEBUG[0m [2mhyper::client::pool[0m[2m:[0m pooling idle connection for ("http", 192.168.0.14:8545)
[2m2025-12-10T10:19:44.824990Z[0m [34mDEBUG[0m [2mhyper::client::pool[0m[2m:[0m reuse idle connection for ("http", 192.168.0.14:8545)
[2m2025-12-10T10:19:44.825007Z[0m [34mDEBUG[0m [2mhyper::proto::h1::io[0m[2m:[0m flushed 172 bytes
[2m2025-12-10T10:19:44.833187Z[0m [34mDEBUG[0m [2mhyper::proto::h1::io[0m[2m:[0m parsed 4 headers
[2m2025-12-10T10:19:44.833201Z[0m [34mDEBUG[0m [2mhyper::proto::h1::conn[0m[2m:[0m incoming body is content-length (45 bytes)
[2m2025-12-10T10:19:44.833211Z[0m [34mDEBUG[0m [2mhyper::proto::h1::conn[0m[2m:[0m incoming body completed
[2m2025-12-10T10:19:44.833220Z[0m [34mDEBUG[0m [2mhyper::client::pool[0m[2m:[0m pooling idle connection for ("http", 192.168.0.14:8545)
[2m2025-12-10T10:19:44.833240Z[0m [34mDEBUG[0m [2mhyper::client::pool[0m[2m:[0m reuse idle connection for ("http", 192.168.0.14:8545)
[2m2025-12-10T10:19:44.833268Z[0m [34mDEBUG[0m [2mhyper::proto::h1::io[0m[2m:[0m flushed 172 bytes
[2m2025-12-10T10:19:44.837013Z[0m [34mDEBUG[0m [2mhyper::proto::h1::io[0m[2m:[0m parsed 4 headers
[2m2025-12-10T10:19:44.837023Z[0m [34mDEBUG[0m [2mhyper::proto::h1::conn[0m[2m:[0m incoming body is content-length (45 bytes)
[2m2025-12-10T10:19:44.837034Z[0m [34mDEBUG[0m [2mhyper::proto::h1::conn[0m[2m:[0m incoming body completed
[2m2025-12-10T10:19:44.837042Z[0m [34mDEBUG[0m [2mhyper::client::pool[0m[2m:[0m pooling idle connection for ("http", 192.168.0.14:8545)
[2m2025-12-10T10:19:44.837057Z[0m [34mDEBUG[0m [2mhyper::client::pool[0m[2m:[0m reuse idle connection for ("http", 192.168.0.14:8545)
[2m2025-12-10T10:19:44.837083Z[0m [34mDEBUG[0m [2mhyper::proto::h1::io[0m[2m:[0m flushed 172 bytes
[2m2025-12-10T10:19:44.850313Z[0m [34mDEBUG[0m [2mhyper::proto::h1::io[0m[2m:[0m parsed 4 headers
[2m2025-12-10T10:19:44.850332Z[0m [34mDEBUG[0m [2mhyper::proto::h1::conn[0m[2m:[0m incoming body is content-length (45 bytes)
[2m2025-12-10T10:19:44.850340Z[0m [34mDEBUG[0m [2mhyper::proto::h1::conn[0m[2m:[0m incoming body completed
[2m2025-12-10T10:19:44.850351Z[0m [34mDEBUG[0m [2mhyper::client::pool[0m[2m:[0m pooling idle connection for ("http", 192.168.0.14:8545)
[2m2025-12-10T10:19:44.850376Z[0m [34mDEBUG[0m [2mhyper::client::pool[0m[2m:[0m reuse idle connection for ("http", 192.168.0.14:8545)
[2m2025-12-10T10:19:44.850410Z[0m [34mDEBUG[0m [2mhyper::proto::h1::io[0m[2m:[0m flushed 172 bytes
[2m2025-12-10T10:19:44.855054Z[0m [34mDEBUG[0m [2mhyper::proto::h1::io[0m[2m:[0m parsed 4 headers
[2m2025-12-10T10:19:44.855071Z[0m [34mDEBUG[0m [2mhyper::proto::h1::conn[0m[2m:[0m incoming body is content-length (45 bytes)
[2m2025-12-10T10:19:44.855094Z[0m [34mDEBUG[0m [2mhyper::proto::h1::conn[0m[2m:[0m incoming body completed
[2m2025-12-10T10:19:44.855126Z[0m [34mDEBUG[0m [2mhyper::client::pool[0m[2m:[0m pooling idle connection for ("http", 192.168.0.14:8545)
[2m2025-12-10T10:19:44.855177Z[0m [34mDEBUG[0m [2mhyper::client::pool[0m[2m:[0m reuse idle connection for ("http", 192.168.0.14:8545)
[2m2025-12-10T10:19:44.855208Z[0m [34mDEBUG[0m [2mhyper::proto::h1::io[0m[2m:[0m flushed 172 bytes
[2m2025-12-10T10:19:44.859051Z[0m [34mDEBUG[0m [2mhyper::proto::h1::io[0m[2m:[0m parsed 4 headers
[2m2025-12-10T10:19:44.859059Z[0m [34mDEBUG[0m [2mhyper::proto::h1::conn[0m[2m:[0m incoming body is content-length (45 bytes)
[2m2025-12-10T10:19:44.859081Z[0m [34mDEBUG[0m [2mhyper::proto::h1::conn[0m[2m:[0m incoming body completed
[2m2025-12-10T10:19:44.859087Z[0m [34mDEBUG[0m [2mhyper::client::pool[0m[2m:[0m pooling idle connection for ("http", 192.168.0.14:8545)
[2m2025-12-10T10:19:44.859104Z[0m [34mDEBUG[0m [2mhyper::client::pool[0m[2m:[0m reuse idle connection for ("http", 192.168.0.14:8545)
[2m2025-12-10T10:19:44.859144Z[0m [34mDEBUG[0m [2mhyper::proto::h1::io[0m[2m:[0m flushed 172 bytes
[2m2025-12-10T10:19:44.865112Z[0m [34mDEBUG[0m [2mhyper::proto::h1::io[0m[2m:[0m parsed 4 headers
[2m2025-12-10T10:19:44.865132Z[0m [34mDEBUG[0m [2mhyper::proto::h1::conn[0m[2m:[0m incoming body is content-length (45 bytes)
[2m2025-12-10T10:19:44.865140Z[0m [34mDEBUG[0m [2mhyper::proto::h1::conn[0m[2m:[0m incoming body completed
[2m2025-12-10T10:19:44.865151Z[0m [34mDEBUG[0m [2mhyper::client::pool[0m[2m:[0m pooling idle connection for ("http", 192.168.0.14:8545)
[2m2025-12-10T10:19:44.865173Z[0m [34mDEBUG[0m [2mhyper::client::pool[0m[2m:[0m reuse idle connection for ("http", 192.168.0.14:8545)
[2m2025-12-10T10:19:44.865203Z[0m [34mDEBUG[0m [2mhyper::proto::h1::io[0m[2m:[0m flushed 172 bytes
[2m2025-12-10T10:19:44.868990Z[0m [34mDEBUG[0m [2mhyper::proto::h1::io[0m[2m:[0m parsed 4 headers
[2m2025-12-10T10:19:44.868998Z[0m [34mDEBUG[0m [2mhyper::proto::h1::conn[0m[2m:[0m incoming body is content-length (45 bytes)
[2m2025-12-10T10:19:44.869005Z[0m [34mDEBUG[0m [2mhyper::proto::h1::conn[0m[2m:[0m incoming body completed
[2m2025-12-10T10:19:44.869012Z[0m [34mDEBUG[0m [2mhyper::client::pool[0m[2m:[0m pooling idle connection for ("http", 192.168.0.14:8545)
[2m2025-12-10T10:19:44.869029Z[0m [34mDEBUG[0m [2mhyper::client::pool[0m[2m:[0m reuse idle connection for ("http", 192.168.0.14:8545)
[2m2025-12-10T10:19:44.869054Z[0m [34mDEBUG[0m [2mhyper::proto::h1::io[0m[2m:[0m flushed 172 bytes
[2m2025-12-10T10:19:44.873170Z[0m [34mDEBUG[0m [2methereum_transaction_pool_monitor::eth_client[0m[2m:[0m 📨 Received WebSocket message: {"jsonrpc":"2.0","method":"eth_subscription","params":{"subscription":"0xbed0a0851463e895960a451075a301a9","result":"0xc89da7a958c005c9e244c5e81be02ebf5746da543fb2c87b6d4dd1b593aee955"}}
[2m2025-12-10T10:19:44.873197Z[0m [34mDEBUG[0m [2methereum_transaction_pool_monitor::eth_client[0m[2m:[0m 📨 Received pending transaction: 0xc89da7a958c005c9e244c5e81be02ebf5746da543fb2c87b6d4dd1b593aee955
[2m2025-12-10T10:19:44.873228Z[0m [34mDEBUG[0m [2mhyper::proto::h1::io[0m[2m:[0m parsed 4 headers
[2m2025-12-10T10:19:44.873233Z[0m [34mDEBUG[0m [2mhyper::proto::h1::conn[0m[2m:[0m incoming body is content-length (45 bytes)
[2m2025-12-10T10:19:44.873241Z[0m [34mDEBUG[0m [2mhyper::proto::h1::conn[0m[2m:[0m incoming body completed
[2m2025-12-10T10:19:44.873275Z[0m [34mDEBUG[0m [2mhyper::client::pool[0m[2m:[0m pooling idle connection for ("http", 192.168.0.14:8545)
[2m2025-12-10T10:19:44.873359Z[0m [34mDEBUG[0m [2mhyper::client::pool[0m[2m:[0m reuse idle connection for ("http", 192.168.0.14:8545)
[2m2025-12-10T10:19:44.873481Z[0m [34mDEBUG[0m [2mhyper::proto::h1::io[0m[2m:[0m flushed 172 bytes
[2m2025-12-10T10:19:44.876822Z[0m [34mDEBUG[0m [2mhyper::proto::h1::io[0m[2m:[0m parsed 4 headers
[2m2025-12-10T10:19:44.876836Z[0m [34mDEBUG[0m [2mhyper::proto::h1::conn[0m[2m:[0m incoming body is content-length (45 bytes)
[2m2025-12-10T10:19:44.876884Z[0m [34mDEBUG[0m [2mhyper::proto::h1::conn[0m[2m:[0m incoming body completed
[2m2025-12-10T10:19:44.876931Z[0m [34mDEBUG[0m [2mhyper::client::pool[0m[2m:[0m pooling idle connection for ("http", 192.168.0.14:8545)
[2m2025-12-10T10:19:44.876993Z[0m [34mDEBUG[0m [2mhyper::client::pool[0m[2m:[0m reuse idle connection for ("http", 192.168.0.14:8545)
[2m2025-12-10T10:19:44.877041Z[0m [34mDEBUG[0m [2mhyper::proto::h1::io[0m[2m:[0m flushed 172 bytes
[2m2025-12-10T10:19:44.883209Z[0m [34mDEBUG[0m [2mhyper::proto::h1::io[0m[2m:[0m parsed 4 headers
[2m2025-12-10T10:19:44.883226Z[0m [34mDEBUG[0m [2mhyper::proto::h1::conn[0m[2m:[0m incoming body is content-length (45 bytes)
[2m2025-12-10T10:19:44.883243Z[0m [34mDEBUG[0m [2mhyper::proto::h1::conn[0m[2m:[0m incoming body completed
[2m2025-12-10T10:19:44.883264Z[0m [34mDEBUG[0m [2mhyper::client::pool[0m[2m:[0m pooling idle connection for ("http", 192.168.0.14:8545)
[2m2025-12-10T10:19:44.883291Z[0m [34mDEBUG[0m [2mhyper::client::pool[0m[2m:[0m reuse idle connection for ("http", 192.168.0.14:8545)
[2m2025-12-10T10:19:44.883317Z[0m [34mDEBUG[0m [2mhyper::proto::h1::io[0m[2m:[0m flushed 172 bytes
[2m2025-12-10T10:19:44.888609Z[0m [34mDEBUG[0m [2mhyper::proto::h1::io[0m[2m:[0m parsed 4 headers
[2m2025-12-10T10:19:44.888623Z[0m [34mDEBUG[0m [2mhyper::proto::h1::conn[0m[2m:[0m incoming body is content-length (45 bytes)
[2m2025-12-10T10:19:44.888884Z[0m [34mDEBUG[0m [2mhyper::proto::h1::conn[0m[2m:[0m incoming body completed
[2m2025-12-10T10:19:44.889032Z[0m [34mDEBUG[0m [2mhyper::client::pool[0m[2m:[0m pooling idle connection for ("http", 192.168.0.14:8545)
[2m2025-12-10T10:19:44.889247Z[0m [34mDEBUG[0m [2mhyper::client::pool[0m[2m:[0m reuse idle connection for ("http", 192.168.0.14:8545)
[2m2025-12-10T10:19:44.889346Z[0m [34mDEBUG[0m [2mhyper::proto::h1::io[0m[2m:[0m flushed 172 bytes
[2m2025-12-10T10:19:44.892557Z[0m [34mDEBUG[0m [2mhyper::proto::h1::io[0m[2m:[0m parsed 4 headers
[2m2025-12-10T10:19:44.892571Z[0m [34mDEBUG[0m [2mhyper::proto::h1::conn[0m[2m:[0m incoming body is content-length (45 bytes)
[2m2025-12-10T10:19:44.892578Z[0m [34mDEBUG[0m [2mhyper::proto::h1::conn[0m[2m:[0m incoming body completed
[2m2025-12-10T10:19:44.892586Z[0m [34mDEBUG[0m [2mhyper::client::pool[0m[2m:[0m pooling idle connection for ("http", 192.168.0.14:8545)
[2m2025-12-10T10:19:44.892609Z[0m [34mDEBUG[0m [2mhyper::client::pool[0m[2m:[0m reuse idle connection for ("http", 192.168.0.14:8545)
[2m2025-12-10T10:19:44.892636Z[0m [34mDEBUG[0m [2mhyper::proto::h1::io[0m[2m:[0m flushed 172 bytes
[2m2025-12-10T10:19:44.896391Z[0m [34mDEBUG[0m [2mhyper::proto::h1::io[0m[2m:[0m parsed 4 headers
[2m2025-12-10T10:19:44.896402Z[0m [34mDEBUG[0m [2mhyper::proto::h1::conn[0m[2m:[0m incoming body is content-length (45 bytes)
[2m2025-12-10T10:19:44.896407Z[0m [34mDEBUG[0m [2mhyper::proto::h1::conn[0m[2m:[0m incoming body completed
[2m2025-12-10T10:19:44.896413Z[0m [34mDEBUG[0m [2mhyper::client::pool[0m[2m:[0m pooling idle connection for ("http", 192.168.0.14:8545)
[2m2025-12-10T10:19:44.896428Z[0m [34mDEBUG[0m [2mhyper::client::pool[0m[2m:[0m reuse idle connection for ("http", 192.168.0.14:8545)
[2m2025-12-10T10:19:44.896448Z[0m [34mDEBUG[0m [2mhyper::proto::h1::io[0m[2m:[0m flushed 172 bytes
[2m2025-12-10T10:19:44.900972Z[0m [34mDEBUG[0m [2mhyper::proto::h1::io[0m[2m:[0m parsed 4 headers
[2m2025-12-10T10:19:44.900980Z[0m [34mDEBUG[0m [2mhyper::proto::h1::conn[0m[2m:[0m incoming body is content-length (45 bytes)
[2m2025-12-10T10:19:44.900985Z[0m [34mDEBUG[0m [2mhyper::proto::h1::conn[0m[2m:[0m incoming body completed
[2m2025-12-10T10:19:44.900990Z[0m [34mDEBUG[0m [2mhyper::client::pool[0m[2m:[0m pooling idle connection for ("http", 192.168.0.14:8545)
[2m2025-12-10T10:19:44.901002Z[0m [34mDEBUG[0m [2mhyper::client::pool[0m[2m:[0m reuse idle connection for ("http", 192.168.0.14:8545)
[2m2025-12-10T10:19:44.901019Z[0m [34mDEBUG[0m [2mhyper::proto::h1::io[0m[2m:[0m flushed 172 bytes
[2m2025-12-10T10:19:44.906339Z[0m [34mDEBUG[0m [2mhyper::proto::h1::io[0m[2m:[0m parsed 4 headers
[2m2025-12-10T10:19:44.906345Z[0m [34mDEBUG[0m [2mhyper::proto::h1::conn[0m[2m:[0m incoming body is content-length (45 bytes)
[2m2025-12-10T10:19:44.906350Z[0m [34mDEBUG[0m [2mhyper::proto::h1::conn[0m[2m:[0m incoming body completed
[2m2025-12-10T10:19:44.906354Z[0m [34mDEBUG[0m [2mhyper::client::pool[0m[2m:[0m pooling idle connection for ("http", 192.168.0.14:8545)
[2m2025-12-10T10:19:44.906365Z[0m [34mDEBUG[0m [2mhyper::client::pool[0m[2m:[0m reuse idle connection for ("http", 192.168.0.14:8545)
[2m2025-12-10T10:19:44.906380Z[0m [34mDEBUG[0m [2mhyper::proto::h1::io[0m[2m:[0m flushed 172 bytes
[2m2025-12-10T10:19:44.910437Z[0m [34mDEBUG[0m [2mhyper::proto::h1::io[0m[2m:[0m parsed 4 headers
[2m2025-12-10T10:19:44.910443Z[0m [34mDEBUG[0m [2mhyper::proto::h1::conn[0m[2m:[0m incoming body is content-length (45 bytes)
[2m2025-12-10T10:19:44.910447Z[0m [34mDEBUG[0m [2mhyper::proto::h1::conn[0m[2m:[0m incoming body completed
[2m2025-12-10T10:19:44.910452Z[0m [34mDEBUG[0m [2mhyper::client::pool[0m[2m:[0m pooling idle connection for ("http", 192.168.0.14:8545)
[2m2025-12-10T10:19:44.910462Z[0m [34mDEBUG[0m [2mhyper::client::pool[0m[2m:[0m reuse idle connection for ("http", 192.168.0.14:8545)
[2m2025-12-10T10:19:44.910476Z[0m [34mDEBUG[0m [2mhyper::proto::h1::io[0m[2m:[0m flushed 172 bytes
[2m2025-12-10T10:19:44.914973Z[0m [34mDEBUG[0m [2mhyper::proto::h1::io[0m[2m:[0m parsed 4 headers
[2m2025-12-10T10:19:44.914981Z[0m [34mDEBUG[0m [2mhyper::proto::h1::conn[0m[2m:[0m incoming body is content-length (45 bytes)
[2m2025-12-10T10:19:44.914985Z[0m [34mDEBUG[0m [2mhyper::proto::h1::conn[0m[2m:[0m incoming body completed
[2m2025-12-10T10:19:44.914991Z[0m [34mDEBUG[0m [2mhyper::client::pool[0m[2m:[0m pooling idle connection for ("http", 192.168.0.14:8545)
[2m2025-12-10T10:19:44.915001Z[0m [34mDEBUG[0m [2mhyper::client::pool[0m[2m:[0m reuse idle connection for ("http", 192.168.0.14:8545)
[2m2025-12-10T10:19:44.915017Z[0m [34mDEBUG[0m [2mhyper::proto::h1::io[0m[2m:[0m flushed 172 bytes
[2m2025-12-10T10:19:44.921056Z[0m [34mDEBUG[0m [2mhyper::proto::h1::io[0m[2m:[0m parsed 4 headers
[2m2025-12-10T10:19:44.921072Z[0m [34mDEBUG[0m [2mhyper::proto::h1::conn[0m[2m:[0m incoming body is content-length (45 bytes)
[2m2025-12-10T10:19:44.921080Z[0m [34mDEBUG[0m [2mhyper::proto::h1::conn[0m[2m:[0m incoming body completed
[2m2025-12-10T10:19:44.921089Z[0m [34mDEBUG[0m [2mhyper::client::pool[0m[2m:[0m pooling idle connection for ("http", 192.168.0.14:8545)
[2m2025-12-10T10:19:44.921110Z[0m [34mDEBUG[0m [2mhyper::client::pool[0m[2m:[0m reuse idle connection for ("http", 192.168.0.14:8545)
[2m2025-12-10T10:19:44.921149Z[0m [34mDEBUG[0m [2mhyper::proto::h1::io[0m[2m:[0m flushed 172 bytes
[2m2025-12-10T10:19:44.925940Z[0m [34mDEBUG[0m [2mhyper::proto::h1::io[0m[2m:[0m parsed 4 headers
[2m2025-12-10T10:19:44.925953Z[0m [34mDEBUG[0m [2mhyper::proto::h1::conn[0m[2m:[0m incoming body is content-length (45 bytes)
[2m2025-12-10T10:19:44.925959Z[0m [34mDEBUG[0m [2mhyper::proto::h1::conn[0m[2m:[0m incoming body completed
[2m2025-12-10T10:19:44.925973Z[0m [34mDEBUG[0m [2mhyper::client::pool[0m[2m:[0m pooling idle connection for ("http", 192.168.0.14:8545)
[2m2025-12-10T10:19:44.925996Z[0m [34mDEBUG[0m [2mhyper::client::pool[0m[2m:[0m reuse idle connection for ("http", 192.168.0.14:8545)
[2m2025-12-10T10:19:44.926022Z[0m [34mDEBUG[0m [2mhyper::proto::h1::io[0m[2m:[0m flushed 172 bytes
[2m2025-12-10T10:19:44.929522Z[0m [34mDEBUG[0m [2mhyper::proto::h1::io[0m[2m:[0m parsed 4 headers
[2m2025-12-10T10:19:44.929528Z[0m [34mDEBUG[0m [2mhyper::proto::h1::conn[0m[2m:[0m incoming body is content-length (45 bytes)
[2m2025-12-10T10:19:44.929534Z[0m [34mDEBUG[0m [2mhyper::proto::h1::conn[0m[2m:[0m incoming body completed
[2m2025-12-10T10:19:44.929540Z[0m [34mDEBUG[0m [2mhyper::client::pool[0m[2m:[0m pooling idle connection for ("http", 192.168.0.14:8545)
[2m2025-12-10T10:19:44.929553Z[0m [34mDEBUG[0m [2mhyper::client::pool[0m[2m:[0m reuse idle connection for ("http", 192.168.0.14:8545)
[2m2025-12-10T10:19:44.929572Z[0m [34mDEBUG[0m [2mhyper::proto::h1::io[0m[2m:[0m flushed 172 bytes
[2m2025-12-10T10:19:44.934409Z[0m [34mDEBUG[0m [2mhyper::proto::h1::io[0m[2m:[0m parsed 4 headers
[2m2025-12-10T10:19:44.940501Z[0m [34mDEBUG[0m [2mhyper::proto::h1::conn[0m[2m:[0m incoming body is content-length (45 bytes)
[2m2025-12-10T10:19:44.940514Z[0m [34mDEBUG[0m [2mhyper::proto::h1::conn[0m[2m:[0m incoming body completed
[2m2025-12-10T10:19:44.940525Z[0m [34mDEBUG[0m [2mhyper::client::pool[0m[2m:[0m pooling idle connection for ("http", 192.168.0.14:8545)
[2m2025-12-10T10:19:44.940550Z[0m [34mDEBUG[0m [2mhyper::client::pool[0m[2m:[0m reuse idle connection for ("http", 192.168.0.14:8545)
[2m2025-12-10T10:19:44.940601Z[0m [34mDEBUG[0m [2mhyper::proto::h1::io[0m[2m:[0m flushed 172 bytes
[2m2025-12-10T10:19:44.945842Z[0m [34mDEBUG[0m [2mhyper::proto::h1::io[0m[2m:[0m parsed 4 headers
[2m2025-12-10T10:19:44.945849Z[0m [34mDEBUG[0m [2mhyper::proto::h1::conn[0m[2m:[0m incoming body is content-length (45 bytes)
[2m2025-12-10T10:19:44.945854Z[0m [34mDEBUG[0m [2mhyper::proto::h1::conn[0m[2m:[0m incoming body completed
[2m2025-12-10T10:19:44.945860Z[0m [34mDEBUG[0m [2mhyper::client::pool[0m[2m:[0m pooling idle connection for ("http", 192.168.0.14:8545)
[2m2025-12-10T10:19:44.945876Z[0m [34mDEBUG[0m [2mhyper::client::pool[0m[2m:[0m reuse idle connection for ("http", 192.168.0.14:8545)
[2m2025-12-10T10:19:44.945897Z[0m [34mDEBUG[0m [2mhyper::proto::h1::io[0m[2m:[0m flushed 172 bytes
[2m2025-12-10T10:19:44.950129Z[0m [34mDEBUG[0m [2mhyper::proto::h1::io[0m[2m:[0m parsed 4 headers
[2m2025-12-10T10:19:44.950135Z[0m [34mDEBUG[0m [2mhyper::proto::h1::conn[0m[2m:[0m incoming body is content-length (45 bytes)
[2m2025-12-10T10:19:44.950140Z[0m [34mDEBUG[0m [2mhyper::proto::h1::conn[0m[2m:[0m incoming body completed
[2m2025-12-10T10:19:44.950145Z[0m [34mDEBUG[0m [2mhyper::client::pool[0m[2m:[0m pooling idle connection for ("http", 192.168.0.14:8545)
[2m2025-12-10T10:19:44.950157Z[0m [34mDEBUG[0m [2mhyper::client::pool[0m[2m:[0m reuse idle connection for ("http", 192.168.0.14:8545)
[2m2025-12-10T10:19:44.950173Z[0m [34mDEBUG[0m [2mhyper::proto::h1::io[0m[2m:[0m flushed 172 bytes
[2m2025-12-10T10:19:44.953964Z[0m [34mDEBUG[0m [2mhyper::proto::h1::io[0m[2m:[0m parsed 4 headers
[2m2025-12-10T10:19:44.953970Z[0m [34mDEBUG[0m [2mhyper::proto::h1::conn[0m[2m:[0m incoming body is content-length (45 bytes)
[2m2025-12-10T10:19:44.953974Z[0m [34mDEBUG[0m [2mhyper::proto::h1::conn[0m[2m:[0m incoming body completed
[2m2025-12-10T10:19:44.953978Z[0m [34mDEBUG[0m [2mhyper::client::pool[0m[2m:[0m pooling idle connection for ("http", 192.168.0.14:8545)
[2m2025-12-10T10:19:44.953989Z[0m [34mDEBUG[0m [2mhyper::client::pool[0m[2m:[0m reuse idle connection for ("http", 192.168.0.14:8545)
[2m2025-12-10T10:19:44.954003Z[0m [34mDEBUG[0m [2mhyper::proto::h1::io[0m[2m:[0m flushed 172 bytes
[2m2025-12-10T10:19:44.960420Z[0m [34mDEBUG[0m [2mhyper::proto::h1::io[0m[2m:[0m parsed 4 headers
[2m2025-12-10T10:19:44.960427Z[0m [34mDEBUG[0m [2mhyper::proto::h1::conn[0m[2m:[0m incoming body is content-length (45 bytes)
[2m2025-12-10T10:19:44.960431Z[0m [34mDEBUG[0m [2mhyper::proto::h1::conn[0m[2m:[0m incoming body completed
[2m2025-12-10T10:19:44.960436Z[0m [34mDEBUG[0m [2mhyper::client::pool[0m[2m:[0m pooling idle connection for ("http", 192.168.0.14:8545)
[2m2025-12-10T10:19:44.960446Z[0m [34mDEBUG[0m [2mhyper::client::pool[0m[2m:[0m reuse idle connection for ("http", 192.168.0.14:8545)
[2m2025-12-10T10:19:44.960460Z[0m [34mDEBUG[0m [2mhyper::proto::h1::io[0m[2m:[0m flushed 172 bytes
[2m2025-12-10T10:19:44.964948Z[0m [34mDEBUG[0m [2mhyper::proto::h1::io[0m[2m:[0m parsed 4 headers
[2m2025-12-10T10:19:44.964954Z[0m [34mDEBUG[0m [2mhyper::proto::h1::conn[0m[2m:[0m incoming body is content-length (45 bytes)
[2m2025-12-10T10:19:44.964960Z[0m [34mDEBUG[0m [2mhyper::proto::h1::conn[0m[2m:[0m incoming body completed
[2m2025-12-10T10:19:44.964966Z[0m [34mDEBUG[0m [2mhyper::client::pool[0m[2m:[0m pooling idle connection for ("http", 192.168.0.14:8545)
[2m2025-12-10T10:19:44.964975Z[0m [34mDEBUG[0m [2mhyper::client::pool[0m[2m:[0m reuse idle connection for ("http", 192.168.0.14:8545)
[2m2025-12-10T10:19:44.964990Z[0m [34mDEBUG[0m [2mhyper::proto::h1::io[0m[2m:[0m flushed 172 bytes
[2m2025-12-10T10:19:44.969092Z[0m [34mDEBUG[0m [2mhyper::proto::h1::io[0m[2m:[0m parsed 4 headers
[2m2025-12-10T10:19:44.969100Z[0m [34mDEBUG[0m [2mhyper::proto::h1::conn[0m[2m:[0m incoming body is content-length (45 bytes)
[2m2025-12-10T10:19:44.969106Z[0m [34mDEBUG[0m [2mhyper::proto::h1::conn[0m[2m:[0m incoming body completed
[2m2025-12-10T10:19:44.969112Z[0m [34mDEBUG[0m [2mhyper::client::pool[0m[2m:[0m pooling idle connection for ("http", 192.168.0.14:8545)
[2m2025-12-10T10:19:44.969124Z[0m [34mDEBUG[0m [2mhyper::client::pool[0m[2m:[0m reuse idle connection for ("http", 192.168.0.14:8545)
[2m2025-12-10T10:19:44.969144Z[0m [34mDEBUG[0m [2mhyper::proto::h1::io[0m[2m:[0m flushed 172 bytes
[2m2025-12-10T10:19:44.974360Z[0m [34mDEBUG[0m [2mhyper::proto::h1::io[0m[2m:[0m parsed 4 headers
[2m2025-12-10T10:19:44.974367Z[0m [34mDEBUG[0m [2mhyper::proto::h1::conn[0m[2m:[0m incoming body is content-length (45 bytes)
[2m2025-12-10T10:19:44.974371Z[0m [34mDEBUG[0m [2mhyper::proto::h1::conn[0m[2m:[0m incoming body completed
[2m2025-12-10T10:19:44.974376Z[0m [34mDEBUG[0m [2mhyper::client::pool[0m[2m:[0m pooling idle connection for ("http", 192.168.0.14:8545)
[2m2025-12-10T10:19:44.974387Z[0m [34mDEBUG[0m [2mhyper::client::pool[0m[2m:[0m reuse idle connection for ("http", 192.168.0.14:8545)
[2m2025-12-10T10:19:44.974400Z[0m [34mDEBUG[0m [2mhyper::proto::h1::io[0m[2m:[0m flushed 172 bytes
[2m2025-12-10T10:19:44.977734Z[0m [34mDEBUG[0m [2mhyper::proto::h1::io[0m[2m:[0m parsed 4 headers
[2m2025-12-10T10:19:44.977740Z[0m [34mDEBUG[0m [2mhyper::proto::h1::conn[0m[2m:[0m incoming body is content-length (45 bytes)
[2m2025-12-10T10:19:44.977744Z[0m [34mDEBUG[0m [2mhyper::proto::h1::conn[0m[2m:[0m incoming body completed
[2m2025-12-10T10:19:44.977793Z[0m [34mDEBUG[0m [2mhyper::client::pool[0m[2m:[0m pooling idle connection for ("http", 192.168.0.14:8545)
[2m2025-12-10T10:19:44.977809Z[0m [34mDEBUG[0m [2mhyper::client::pool[0m[2m:[0m reuse idle connection for ("http", 192.168.0.14:8545)
[2m2025-12-10T10:19:44.977825Z[0m [34mDEBUG[0m [2mhyper::proto::h1::io[0m[2m:[0m flushed 172 bytes
[2m2025-12-10T10:19:44.981404Z[0m [34mDEBUG[0m [2mhyper::proto::h1::io[0m[2m:[0m parsed 4 headers
[2m2025-12-10T10:19:44.981409Z[0m [34mDEBUG[0m [2mhyper::proto::h1::conn[0m[2m:[0m incoming body is content-length (45 bytes)
[2m2025-12-10T10:19:44.981413Z[0m [34mDEBUG[0m [2mhyper::proto::h1::conn[0m[2m:[0m incoming body completed
[2m2025-12-10T10:19:44.981418Z[0m [34mDEBUG[0m [2mhyper::client::pool[0m[2m:[0m pooling idle connection for ("http", 192.168.0.14:8545)
[2m2025-12-10T10:19:44.981429Z[0m [34mDEBUG[0m [2mhyper::client::pool[0m[2m:[0m reuse idle connection for ("http", 192.168.0.14:8545)
[2m2025-12-10T10:19:44.981442Z[0m [34mDEBUG[0m [2mhyper::proto::h1::io[0m[2m:[0m flushed 172 bytes
[2m2025-12-10T10:19:44.984817Z[0m [34mDEBUG[0m [2mhyper::proto::h1::io[0m[2m:[0m parsed 4 headers
[2m2025-12-10T10:19:44.984823Z[0m [34mDEBUG[0m [2mhyper::proto::h1::conn[0m[2m:[0m incoming body is content-length (45 bytes)
[2m2025-12-10T10:19:44.984828Z[0m [34mDEBUG[0m [2mhyper::proto::h1::conn[0m[2m:[0m incoming body completed
[2m2025-12-10T10:19:44.984833Z[0m [34mDEBUG[0m [2mhyper::client::pool[0m[2m:[0m pooling idle connection for ("http", 192.168.0.14:8545)
[2m2025-12-10T10:19:44.984842Z[0m [34mDEBUG[0m [2mhyper::client::pool[0m[2m:[0m reuse idle connection for ("http", 192.168.0.14:8545)
[2m2025-12-10T10:19:44.984856Z[0m [34mDEBUG[0m [2mhyper::proto::h1::io[0m[2m:[0m flushed 172 bytes
[2m2025-12-10T10:19:44.988396Z[0m [34mDEBUG[0m [2mhyper::proto::h1::io[0m[2m:[0m parsed 4 headers
[2m2025-12-10T10:19:44.988402Z[0m [34mDEBUG[0m [2mhyper::proto::h1::conn[0m[2m:[0m incoming body is content-length (45 bytes)
[2m2025-12-10T10:19:44.988406Z[0m [34mDEBUG[0m [2mhyper::proto::h1::conn[0m[2m:[0m incoming body completed
[2m2025-12-10T10:19:44.988411Z[0m [34mDEBUG[0m [2mhyper::client::pool[0m[2m:[0m pooling idle connection for ("http", 192.168.0.14:8545)
[2m2025-12-10T10:19:45.006366Z[0m [34mDEBUG[0m [2mhyper::client::pool[0m[2m:[0m reuse idle connection for ("http", 192.168.0.14:8545)
[2m2025-12-10T10:19:45.006408Z[0m [34mDEBUG[0m [2mhyper::proto::h1::io[0m[2m:[0m flushed 172 bytes
[2m2025-12-10T10:19:45.037413Z[0m [34mDEBUG[0m [2methereum_transaction_pool_monitor::eth_client[0m[2m:[0m 📨 Received WebSocket message: {"jsonrpc":"2.0","method":"eth_subscription","params":{"subscription":"0xbed0a0851463e895960a451075a301a9","result":"0x826fe18c72dcbd94ee58728ebe360b2097b7d794edb173f7c116ac9bda404814"}}
[2m2025-12-10T10:19:45.042384Z[0m [34mDEBUG[0m [2methereum_transaction_pool_monitor::eth_client[0m[2m:[0m 📨 Received pending transaction: 0x826fe18c72dcbd94ee58728ebe360b2097b7d794edb173f7c116ac9bda404814
[2m2025-12-10T10:19:45.042452Z[0m [34mDEBUG[0m [2mhyper::proto::h1::io[0m[2m:[0m parsed 4 headers
[2m2025-12-10T10:19:45.042465Z[0m [34mDEBUG[0m [2mhyper::proto::h1::conn[0m[2m:[0m incoming body is content-length (45 bytes)
[2m2025-12-10T10:19:45.042479Z[0m [34mDEBUG[0m [2mhyper::proto::h1::conn[0m[2m:[0m incoming body completed
[2m2025-12-10T10:19:45.042501Z[0m [34mDEBUG[0m [2mhyper::client::pool[0m[2m:[0m pooling idle connection for ("http", 192.168.0.14:8545)
[2m2025-12-10T10:19:45.042548Z[0m [34mDEBUG[0m [2mhyper::client::pool[0m[2m:[0m reuse idle connection for ("http", 192.168.0.14:8545)
[2m2025-12-10T10:19:45.042624Z[0m [34mDEBUG[0m [2mhyper::proto::h1::io[0m[2m:[0m flushed 172 bytes
[2m2025-12-10T10:19:45.046451Z[0m [34mDEBUG[0m [2mhyper::proto::h1::io[0m[2m:[0m parsed 4 headers
[2m2025-12-10T10:19:45.046481Z[0m [34mDEBUG[0m [2mhyper::proto::h1::conn[0m[2m:[0m incoming body is content-length (45 bytes)
[2m2025-12-10T10:19:45.046497Z[0m [34mDEBUG[0m [2mhyper::proto::h1::conn[0m[2m:[0m incoming body completed
[2m2025-12-10T10:19:45.046513Z[0m [34mDEBUG[0m [2mhyper::client::pool[0m[2m:[0m pooling idle connection for ("http", 192.168.0.14:8545)
[2m2025-12-10T10:19:45.046553Z[0m [34mDEBUG[0m [2mhyper::client::pool[0m[2m:[0m reuse idle connection for ("http", 192.168.0.14:8545)
[2m2025-12-10T10:19:45.046596Z[0m [34mDEBUG[0m [2mhyper::proto::h1::io[0m[2m:[0m flushed 172 bytes
[2m2025-12-10T10:19:45.050897Z[0m [34mDEBUG[0m [2mhyper::proto::h1::io[0m[2m:[0m parsed 4 headers
[2m2025-12-10T10:19:45.050923Z[0m [34mDEBUG[0m [2mhyper::proto::h1::conn[0m[2m:[0m incoming body is content-length (45 bytes)
[2m2025-12-10T10:19:45.050939Z[0m [34mDEBUG[0m [2mhyper::proto::h1::conn[0m[2m:[0m incoming body completed
[2m2025-12-10T10:19:45.050956Z[0m [34mDEBUG[0m [2mhyper::client::pool[0m[2m:[0m pooling idle connection for ("http", 192.168.0.14:8545)
[2m2025-12-10T10:19:45.050993Z[0m [34mDEBUG[0m [2mhyper::client::pool[0m[2m:[0m reuse idle connection for ("http", 192.168.0.14:8545)
[2m2025-12-10T10:19:45.051030Z[0m [34mDEBUG[0m [2mhyper::proto::h1::io[0m[2m:[0m flushed 172 bytes
[2m2025-12-10T10:19:45.055069Z[0m [34mDEBUG[0m [2mhyper::proto::h1::io[0m[2m:[0m parsed 4 headers
[2m2025-12-10T10:19:45.055100Z[0m [34mDEBUG[0m [2mhyper::proto::h1::conn[0m[2m:[0m incoming body is content-length (45 bytes)
[2m2025-12-10T10:19:45.055114Z[0m [34mDEBUG[0m [2mhyper::proto::h1::conn[0m[2m:[0m incoming body completed
[2m2025-12-10T10:19:45.055133Z[0m [34mDEBUG[0m [2mhyper::client::pool[0m[2m:[0m pooling idle connection for ("http", 192.168.0.14:8545)
[2m2025-12-10T10:19:45.055173Z[0m [34mDEBUG[0m [2mhyper::client::pool[0m[2m:[0m reuse idle connection for ("http", 192.168.0.14:8545)
[2m2025-12-10T10:19:45.055211Z[0m [34mDEBUG[0m [2mhyper::proto::h1::io[0m[2m:[0m flushed 172 bytes
[2m2025-12-10T10:19:45.058920Z[0m [34mDEBUG[0m [2mhyper::proto::h1::io[0m[2m:[0m parsed 4 headers
[2m2025-12-10T10:19:45.058954Z[0m [34mDEBUG[0m [2mhyper::proto::h1::conn[0m[2m:[0m incoming body is content-length (45 bytes)
[2m2025-12-10T10:19:45.058969Z[0m [34mDEBUG[0m [2mhyper::proto::h1::conn[0m[2m:[0m incoming body completed
[2m2025-12-10T10:19:45.058988Z[0m [34mDEBUG[0m [2mhyper::client::pool[0m[2m:[0m pooling idle connection for ("http", 192.168.0.14:8545)
[2m2025-12-10T10:19:45.059029Z[0m [34mDEBUG[0m [2mhyper::client::pool[0m[2m:[0m reuse idle connection for ("http", 192.168.0.14:8545)
[2m2025-12-10T10:19:45.059076Z[0m [34mDEBUG[0m [2mhyper::proto::h1::io[0m[2m:[0m flushed 172 bytes
[2m2025-12-10T10:19:45.063458Z[0m [34mDEBUG[0m [2mhyper::proto::h1::io[0m[2m:[0m parsed 4 headers
[2m2025-12-10T10:19:45.063493Z[0m [34mDEBUG[0m [2mhyper::proto::h1::conn[0m[2m:[0m incoming body is content-length (45 bytes)
[2m2025-12-10T10:19:45.063509Z[0m [34mDEBUG[0m [2mhyper::proto::h1::conn[0m[2m:[0m incoming body completed
[2m2025-12-10T10:19:45.063530Z[0m [34mDEBUG[0m [2mhyper::client::pool[0m[2m:[0m pooling idle connection for ("http", 192.168.0.14:8545)
[2m2025-12-10T10:19:45.063572Z[0m [34mDEBUG[0m [2mhyper::client::pool[0m[2m:[0m reuse idle connection for ("http", 192.168.0.14:8545)
[2m2025-12-10T10:19:45.063624Z[0m [34mDEBUG[0m [2mhyper::proto::h1::io[0m[2m:[0m flushed 172 bytes
[2m2025-12-10T10:19:45.068395Z[0m [34mDEBUG[0m [2mhyper::proto::h1::io[0m[2m:[0m parsed 4 headers
[2m2025-12-10T10:19:45.068432Z[0m [34mDEBUG[0m [2mhyper::proto::h1::conn[0m[2m:[0m incoming body is content-length (45 bytes)
[2m2025-12-10T10:19:45.068451Z[0m [34mDEBUG[0m [2mhyper::proto::h1::conn[0m[2m:[0m incoming body completed
[2m2025-12-10T10:19:45.068473Z[0m [34mDEBUG[0m [2mhyper::client::pool[0m[2m:[0m pooling idle connection for ("http", 192.168.0.14:8545)
[2m2025-12-10T10:19:45.068519Z[0m [34mDEBUG[0m [2mhyper::client::pool[0m[2m:[0m reuse idle connection for ("http", 192.168.0.14:8545)
[2m2025-12-10T10:19:45.068579Z[0m [34mDEBUG[0m [2mhyper::proto::h1::io[0m[2m:[0m flushed 172 bytes
[2m2025-12-10T10:19:45.095307Z[0m [34mDEBUG[0m [2mhyper::proto::h1::io[0m[2m:[0m parsed 4 headers
[2m2025-12-10T10:19:45.095359Z[0m [34mDEBUG[0m [2mhyper::proto::h1::conn[0m[2m:[0m incoming body is content-length (45 bytes)
[2m2025-12-10T10:19:45.095377Z[0m [34mDEBUG[0m [2mhyper::proto::h1::conn[0m[2m:[0m incoming body completed
[2m2025-12-10T10:19:45.095402Z[0m [34mDEBUG[0m [2mhyper::client::pool[0m[2m:[0m pooling idle connection for ("http", 192.168.0.14:8545)
[2m2025-12-10T10:19:45.095452Z[0m [34mDEBUG[0m [2mhyper::client::pool[0m[2m:[0m reuse idle connection for ("http", 192.168.0.14:8545)
[2m2025-12-10T10:19:45.095551Z[0m [34mDEBUG[0m [2mhyper::proto::h1::io[0m[2m:[0m flushed 172 bytes
[2m2025-12-10T10:19:45.098576Z[0m [34mDEBUG[0m [2mhyper::proto::h1::io[0m[2m:[0m parsed 4 headers
[2m2025-12-10T10:19:45.098623Z[0m [34mDEBUG[0m [2mhyper::proto::h1::conn[0m[2m:[0m incoming body is content-length (45 bytes)
[2m2025-12-10T10:19:45.098633Z[0m [34mDEBUG[0m [2mhyper::proto::h1::conn[0m[2m:[0m incoming body completed
[2m2025-12-10T10:19:45.098671Z[0m [34mDEBUG[0m [2mhyper::client::pool[0m[2m:[0m pooling idle connection for ("http", 192.168.0.14:8545)
[2m2025-12-10T10:19:45.098696Z[0m [34mDEBUG[0m [2mhyper::client::pool[0m[2m:[0m reuse idle connection for ("http", 192.168.0.14:8545)
[2m2025-12-10T10:19:45.098734Z[0m [34mDEBUG[0m [2mhyper::proto::h1::io[0m[2m:[0m flushed 172 bytes
[2m2025-12-10T10:19:45.103916Z[0m [34mDEBUG[0m [2mhyper::proto::h1::io[0m[2m:[0m parsed 4 headers
[2m2025-12-10T10:19:45.103926Z[0m [34mDEBUG[0m [2mhyper::proto::h1::conn[0m[2m:[0m incoming body is content-length (45 bytes)
[2m2025-12-10T10:19:45.103933Z[0m [34mDEBUG[0m [2mhyper::proto::h1::conn[0m[2m:[0m incoming body completed
[2m2025-12-10T10:19:45.103940Z[0m [34mDEBUG[0m [2mhyper::client::pool[0m[2m:[0m pooling idle connection for ("http", 192.168.0.14:8545)
[2m2025-12-10T10:19:45.103961Z[0m [34mDEBUG[0m [2mhyper::client::pool[0m[2m:[0m reuse idle connection for ("http", 192.168.0.14:8545)
[2m2025-12-10T10:19:45.103987Z[0m [34mDEBUG[0m [2mhyper::proto::h1::io[0m[2m:[0m flushed 172 bytes
[2m2025-12-10T10:19:45.106292Z[0m [34mDEBUG[0m [2methereum_transaction_pool_monitor::eth_client[0m[2m:[0m 📨 Received WebSocket message: {"jsonrpc":"2.0","method":"eth_subscription","params":{"subscription":"0xbed0a0851463e895960a451075a301a9","result":"0x505ab092ae61269c2bff3ade85990a6db01794abbe3ebfac39f2753a4ec339dc"}}
[2m2025-12-10T10:19:45.106303Z[0m [34mDEBUG[0m [2methereum_transaction_pool_monitor::eth_client[0m[2m:[0m 📨 Received pending transaction: 0x505ab092ae61269c2bff3ade85990a6db01794abbe3ebfac39f2753a4ec339dc
[2m2025-12-10T10:19:45.108496Z[0m [34mDEBUG[0m [2mhyper::proto::h1::io[0m[2m:[0m parsed 4 headers
[2m2025-12-10T10:19:45.108502Z[0m [34mDEBUG[0m [2mhyper::proto::h1::conn[0m[2m:[0m incoming body is content-length (45 bytes)
[2m2025-12-10T10:19:45.108506Z[0m [34mDEBUG[0m [2mhyper::proto::h1::conn[0m[2m:[0m incoming body completed
[2m2025-12-10T10:19:45.108511Z[0m [34mDEBUG[0m [2mhyper::client::pool[0m[2m:[0m pooling idle connection for ("http", 192.168.0.14:8545)
[2m2025-12-10T10:19:45.108525Z[0m [34mDEBUG[0m [2mhyper::client::pool[0m[2m:[0m reuse idle connection for ("http", 192.168.0.14:8545)
[2m2025-12-10T10:19:45.108543Z[0m [34mDEBUG[0m [2mhyper::proto::h1::io[0m[2m:[0m flushed 172 bytes
[2m2025-12-10T10:19:45.113655Z[0m [34mDEBUG[0m [2mhyper::proto::h1::io[0m[2m:[0m parsed 4 headers
[2m2025-12-10T10:19:45.113665Z[0m [34mDEBUG[0m [2mhyper::proto::h1::conn[0m[2m:[0m incoming body is content-length (45 bytes)
[2m2025-12-10T10:19:45.113671Z[0m [34mDEBUG[0m [2mhyper::proto::h1::conn[0m[2m:[0m incoming body completed
[2m2025-12-10T10:19:45.113677Z[0m [34mDEBUG[0m [2mhyper::client::pool[0m[2m:[0m pooling idle connection for ("http", 192.168.0.14:8545)
[2m2025-12-10T10:19:45.113692Z[0m [34mDEBUG[0m [2mhyper::client::pool[0m[2m:[0m reuse idle connection for ("http", 192.168.0.14:8545)
[2m2025-12-10T10:19:45.113718Z[0m [34mDEBUG[0m [2mhyper::proto::h1::io[0m[2m:[0m flushed 172 bytes
[2m2025-12-10T10:19:45.118083Z[0m [34mDEBUG[0m [2mhyper::proto::h1::io[0m[2m:[0m parsed 4 headers
[2m2025-12-10T10:19:45.118089Z[0m [34mDEBUG[0m [2mhyper::proto::h1::conn[0m[2m:[0m incoming body is content-length (45 bytes)
[2m2025-12-10T10:19:45.118093Z[0m [34mDEBUG[0m [2mhyper::proto::h1::conn[0m[2m:[0m incoming body completed
[2m2025-12-10T10:19:45.118098Z[0m [34mDEBUG[0m [2mhyper::client::pool[0m[2m:[0m pooling idle connection for ("http", 192.168.0.14:8545)
[2m2025-12-10T10:19:45.118109Z[0m [34mDEBUG[0m [2mhyper::client::pool[0m[2m:[0m reuse idle connection for ("http", 192.168.0.14:8545)
[2m2025-12-10T10:19:45.118126Z[0m [34mDEBUG[0m [2mhyper::proto::h1::io[0m[2m:[0m flushed 172 bytes
[2m2025-12-10T10:19:45.123079Z[0m [34mDEBUG[0m [2mhyper::proto::h1::io[0m[2m:[0m parsed 4 headers
[2m2025-12-10T10:19:45.123086Z[0m [34mDEBUG[0m [2mhyper::proto::h1::conn[0m[2m:[0m incoming body is content-length (45 bytes)
[2m2025-12-10T10:19:45.123090Z[0m [34mDEBUG[0m [2mhyper::proto::h1::conn[0m[2m:[0m incoming body completed
[2m2025-12-10T10:19:45.123095Z[0m [34mDEBUG[0m [2mhyper::client::pool[0m[2m:[0m pooling idle connection for ("http", 192.168.0.14:8545)
[2m2025-12-10T10:19:45.123106Z[0m [34mDEBUG[0m [2mhyper::client::pool[0m[2m:[0m reuse idle connection for ("http", 192.168.0.14:8545)
[2m2025-12-10T10:19:45.123121Z[0m [34mDEBUG[0m [2mhyper::proto::h1::io[0m[2m:[0m flushed 172 bytes
[2m2025-12-10T10:19:45.129843Z[0m [34mDEBUG[0m [2mhyper::proto::h1::io[0m[2m:[0m parsed 4 headers
[2m2025-12-10T10:19:45.129874Z[0m [34mDEBUG[0m [2mhyper::proto::h1::conn[0m[2m:[0m incoming body is content-length (45 bytes)
[2m2025-12-10T10:19:45.129893Z[0m [34mDEBUG[0m [2mhyper::proto::h1::conn[0m[2m:[0m incoming body completed
[2m2025-12-10T10:19:45.130170Z[0m [34mDEBUG[0m [2mhyper::client::pool[0m[2m:[0m pooling idle connection for ("http", 192.168.0.14:8545)
[2m2025-12-10T10:19:45.130238Z[0m [34mDEBUG[0m [2mhyper::client::pool[0m[2m:[0m reuse idle connection for ("http", 192.168.0.14:8545)
[2m2025-12-10T10:19:45.130326Z[0m [34mDEBUG[0m [2mhyper::proto::h1::io[0m[2m:[0m flushed 172 bytes
[2m2025-12-10T10:19:45.148946Z[0m [34mDEBUG[0m [2mhyper::proto::h1::io[0m[2m:[0m parsed 4 headers
[2m2025-12-10T10:19:45.148987Z[0m [34mDEBUG[0m [2mhyper::proto::h1::conn[0m[2m:[0m incoming body is content-length (45 bytes)
[2m2025-12-10T10:19:45.149013Z[0m [34mDEBUG[0m [2mhyper::proto::h1::conn[0m[2m:[0m incoming body completed
[2m2025-12-10T10:19:45.149035Z[0m [34mDEBUG[0m [2mhyper::client::pool[0m[2m:[0m pooling idle connection for ("http", 192.168.0.14:8545)
[2m2025-12-10T10:19:45.149143Z[0m [34mDEBUG[0m [2mhyper::client::pool[0m[2m:[0m reuse idle connection for ("http", 192.168.0.14:8545)
[2m2025-12-10T10:19:45.149237Z[0m [34mDEBUG[0m [2mhyper::proto::h1::io[0m[2m:[0m flushed 172 bytes
[2m2025-12-10T10:19:45.152467Z[0m [34mDEBUG[0m [2mhyper::proto::h1::io[0m[2m:[0m parsed 4 headers
[2m2025-12-10T10:19:45.152487Z[0m [34mDEBUG[0m [2mhyper::proto::h1::conn[0m[2m:[0m incoming body is content-length (45 bytes)
[2m2025-12-10T10:19:45.152496Z[0m [34mDEBUG[0m [2mhyper::proto::h1::conn[0m[2m:[0m incoming body completed
[2m2025-12-10T10:19:45.152507Z[0m [34mDEBUG[0m [2mhyper::client::pool[0m[2m:[0m pooling idle connection for ("http", 192.168.0.14:8545)
[2m2025-12-10T10:19:45.152535Z[0m [34mDEBUG[0m [2mhyper::client::pool[0m[2m:[0m reuse idle connection for ("http", 192.168.0.14:8545)
[2m2025-12-10T10:19:45.152572Z[0m [34mDEBUG[0m [2mhyper::proto::h1::io[0m[2m:[0m flushed 172 bytes
[2m2025-12-10T10:19:45.157851Z[0m [34mDEBUG[0m [2mhyper::proto::h1::io[0m[2m:[0m parsed 4 headers
[2m2025-12-10T10:19:45.157860Z[0m [34mDEBUG[0m [2mhyper::proto::h1::conn[0m[2m:[0m incoming body is content-length (45 bytes)
[2m2025-12-10T10:19:45.157867Z[0m [34mDEBUG[0m [2mhyper::proto::h1::conn[0m[2m:[0m incoming body completed
[2m2025-12-10T10:19:45.157874Z[0m [34mDEBUG[0m [2mhyper::client::pool[0m[2m:[0m pooling idle connection for ("http", 192.168.0.14:8545)
[2m2025-12-10T10:19:45.157892Z[0m [34mDEBUG[0m [2mhyper::client::pool[0m[2m:[0m reuse idle connection for ("http", 192.168.0.14:8545)
[2m2025-12-10T10:19:45.157911Z[0m [34mDEBUG[0m [2mhyper::proto::h1::io[0m[2m:[0m flushed 172 bytes
[2m2025-12-10T10:19:45.163401Z[0m [34mDEBUG[0m [2mhyper::proto::h1::io[0m[2m:[0m parsed 4 headers
[2m2025-12-10T10:19:45.163412Z[0m [34mDEBUG[0m [2mhyper::proto::h1::conn[0m[2m:[0m incoming body is content-length (45 bytes)
[2m2025-12-10T10:19:45.163431Z[0m [34mDEBUG[0m [2mhyper::proto::h1::conn[0m[2m:[0m incoming body completed
[2m2025-12-10T10:19:45.163471Z[0m [34mDEBUG[0m [2mhyper::client::pool[0m[2m:[0m pooling idle connection for ("http", 192.168.0.14:8545)
[2m2025-12-10T10:19:45.163493Z[0m [34mDEBUG[0m [2mhyper::client::pool[0m[2m:[0m reuse idle connection for ("http", 192.168.0.14:8545)
[2m2025-12-10T10:19:45.163517Z[0m [34mDEBUG[0m [2mhyper::proto::h1::io[0m[2m:[0m flushed 172 bytes
[2m2025-12-10T10:19:45.169326Z[0m [34mDEBUG[0m [2methereum_transaction_pool_monitor::eth_client[0m[2m:[0m 📨 Received WebSocket message: {"jsonrpc":"2.0","method":"eth_subscription","params":{"subscription":"0xbed0a0851463e895960a451075a301a9","result":"0xbd22d83ec4db11472208a912380968be1bbbb0399bab421d6a1f9aba5d3ee80b"}}
[2m2025-12-10T10:19:45.169347Z[0m [34mDEBUG[0m [2methereum_transaction_pool_monitor::eth_client[0m[2m:[0m 📨 Received pending transaction: 0xbd22d83ec4db11472208a912380968be1bbbb0399bab421d6a1f9aba5d3ee80b
[2m2025-12-10T10:19:45.169359Z[0m [34mDEBUG[0m [2mhyper::proto::h1::io[0m[2m:[0m parsed 4 headers
[2m2025-12-10T10:19:45.169363Z[0m [34mDEBUG[0m [2mhyper::proto::h1::conn[0m[2m:[0m incoming body is content-length (45 bytes)
[2m2025-12-10T10:19:45.169371Z[0m [34mDEBUG[0m [2mhyper::proto::h1::conn[0m[2m:[0m incoming body completed
[2m2025-12-10T10:19:45.169378Z[0m [34mDEBUG[0m [2mhyper::client::pool[0m[2m:[0m pooling idle connection for ("http", 192.168.0.14:8545)
[2m2025-12-10T10:19:45.169395Z[0m [34mDEBUG[0m [2mhyper::client::pool[0m[2m:[0m reuse idle connection for ("http", 192.168.0.14:8545)
[2m2025-12-10T10:19:45.169583Z[0m [34mDEBUG[0m [2mhyper::proto::h1::io[0m[2m:[0m flushed 172 bytes
[2m2025-12-10T10:19:45.173869Z[0m [34mDEBUG[0m [2mhyper::proto::h1::io[0m[2m:[0m parsed 4 headers
[2m2025-12-10T10:19:45.173881Z[0m [34mDEBUG[0m [2mhyper::proto::h1::conn[0m[2m:[0m incoming body is content-length (45 bytes)
[2m2025-12-10T10:19:45.173888Z[0m [34mDEBUG[0m [2mhyper::proto::h1::conn[0m[2m:[0m incoming body completed
[2m2025-12-10T10:19:45.173896Z[0m [34mDEBUG[0m [2mhyper::client::pool[0m[2m:[0m pooling idle connection for ("http", 192.168.0.14:8545)
[2m2025-12-10T10:19:45.173914Z[0m [34mDEBUG[0m [2mhyper::client::pool[0m[2m:[0m reuse idle connection for ("http", 192.168.0.14:8545)
[2m2025-12-10T10:19:45.173941Z[0m [34mDEBUG[0m [2mhyper::proto::h1::io[0m[2m:[0m flushed 172 bytes
[2m2025-12-10T10:19:45.177741Z[0m [34mDEBUG[0m [2mhyper::proto::h1::io[0m[2m:[0m parsed 4 headers
[2m2025-12-10T10:19:45.177748Z[0m [34mDEBUG[0m [2mhyper::proto::h1::conn[0m[2m:[0m incoming body is content-length (45 bytes)
[2m2025-12-10T10:19:45.177753Z[0m [34mDEBUG[0m [2mhyper::proto::h1::conn[0m[2m:[0m incoming body completed
[2m2025-12-10T10:19:45.177758Z[0m [34mDEBUG[0m [2mhyper::client::pool[0m[2m:[0m pooling idle connection for ("http", 192.168.0.14:8545)
[2m2025-12-10T10:19:45.177770Z[0m [34mDEBUG[0m [2mhyper::client::pool[0m[2m:[0m reuse idle connection for ("http", 192.168.0.14:8545)
[2m2025-12-10T10:19:45.177787Z[0m [34mDEBUG[0m [2mhyper::proto::h1::io[0m[2m:[0m flushed 172 bytes
[2m2025-12-10T10:19:45.186069Z[0m [34mDEBUG[0m [2mhyper::proto::h1::io[0m[2m:[0m parsed 4 headers
[2m2025-12-10T10:19:45.186103Z[0m [34mDEBUG[0m [2mhyper::proto::h1::conn[0m[2m:[0m incoming body is content-length (45 bytes)
[2m2025-12-10T10:19:45.186118Z[0m [34mDEBUG[0m [2mhyper::proto::h1::conn[0m[2m:[0m incoming body completed
[2m2025-12-10T10:19:45.186135Z[0m [34mDEBUG[0m [2mhyper::client::pool[0m[2m:[0m pooling idle connection for ("http", 192.168.0.14:8545)
[2m2025-12-10T10:19:45.186170Z[0m [34mDEBUG[0m [2mhyper::client::pool[0m[2m:[0m reuse idle connection for ("http", 192.168.0.14:8545)
[2m2025-12-10T10:19:45.186257Z[0m [34mDEBUG[0m [2mhyper::proto::h1::io[0m[2m:[0m flushed 172 bytes
[2m2025-12-10T10:19:45.190106Z[0m [34mDEBUG[0m [2mhyper::proto::h1::io[0m[2m:[0m parsed 4 headers
[2m2025-12-10T10:19:45.190145Z[0m [34mDEBUG[0m [2mhyper::proto::h1::conn[0m[2m:[0m incoming body is content-length (45 bytes)
[2m2025-12-10T10:19:45.190162Z[0m [34mDEBUG[0m [2mhyper::proto::h1::conn[0m[2m:[0m incoming body completed
[2m2025-12-10T10:19:45.190184Z[0m [34mDEBUG[0m [2mhyper::client::pool[0m[2m:[0m pooling idle connection for ("http", 192.168.0.14:8545)
[2m2025-12-10T10:19:45.190232Z[0m [34mDEBUG[0m [2mhyper::client::pool[0m[2m:[0m reuse idle connection for ("http", 192.168.0.14:8545)
[2m2025-12-10T10:19:45.190356Z[0m [34mDEBUG[0m [2mhyper::proto::h1::io[0m[2m:[0m flushed 172 bytes
[2m2025-12-10T10:19:45.194333Z[0m [34mDEBUG[0m [2mhyper::proto::h1::io[0m[2m:[0m parsed 4 headers
[2m2025-12-10T10:19:45.194368Z[0m [34mDEBUG[0m [2mhyper::proto::h1::conn[0m[2m:[0m incoming body is content-length (45 bytes)
[2m2025-12-10T10:19:45.194390Z[0m [34mDEBUG[0m [2mhyper::proto::h1::conn[0m[2m:[0m incoming body completed
[2m2025-12-10T10:19:45.194410Z[0m [34mDEBUG[0m [2mhyper::client::pool[0m[2m:[0m pooling idle connection for ("http", 192.168.0.14:8545)
[2m2025-12-10T10:19:45.194499Z[0m [34mDEBUG[0m [2mhyper::client::pool[0m[2m:[0m reuse idle connection for ("http", 192.168.0.14:8545)
[2m2025-12-10T10:19:45.194566Z[0m [34mDEBUG[0m [2mhyper::proto::h1::io[0m[2m:[0m flushed 172 bytes
[2m2025-12-10T10:19:45.203824Z[0m [34mDEBUG[0m [2mhyper::proto::h1::io[0m[2m:[0m parsed 4 headers
[2m2025-12-10T10:19:45.203854Z[0m [34mDEBUG[0m [2mhyper::proto::h1::conn[0m[2m:[0m incoming body is content-length (45 bytes)
[2m2025-12-10T10:19:45.203870Z[0m [34mDEBUG[0m [2mhyper::proto::h1::conn[0m[2m:[0m incoming body completed
[2m2025-12-10T10:19:45.203890Z[0m [34mDEBUG[0m [2mhyper::client::pool[0m[2m:[0m pooling idle connection for ("http", 192.168.0.14:8545)
[2m2025-12-10T10:19:45.203934Z[0m [34mDEBUG[0m [2mhyper::client::pool[0m[2m:[0m reuse idle connection for ("http", 192.168.0.14:8545)
[2m2025-12-10T10:19:45.203979Z[0m [34mDEBUG[0m [2mhyper::proto::h1::io[0m[2m:[0m flushed 172 bytes
[2m2025-12-10T10:19:45.208207Z[0m [34mDEBUG[0m [2mhyper::proto::h1::io[0m[2m:[0m parsed 4 headers
[2m2025-12-10T10:19:45.208238Z[0m [34mDEBUG[0m [2mhyper::proto::h1::conn[0m[2m:[0m incoming body is content-length (45 bytes)
[2m2025-12-10T10:19:45.208253Z[0m [34mDEBUG[0m [2mhyper::proto::h1::conn[0m[2m:[0m incoming body completed
[2m2025-12-10T10:19:45.208271Z[0m [34mDEBUG[0m [2mhyper::client::pool[0m[2m:[0m pooling idle connection for ("http", 192.168.0.14:8545)
[2m2025-12-10T10:19:45.208316Z[0m [34mDEBUG[0m [2mhyper::client::pool[0m[2m:[0m reuse idle connection for ("http", 192.168.0.14:8545)
[2m2025-12-10T10:19:45.208362Z[0m [34mDEBUG[0m [2mhyper::proto::h1::io[0m[2m:[0m flushed 172 bytes
[2m2025-12-10T10:19:45.211196Z[0m [34mDEBUG[0m [2methereum_transaction_pool_monitor::eth_client[0m[2m:[0m 📨 Received WebSocket message: {"jsonrpc":"2.0","method":"eth_subscription","params":{"subscription":"0xbed0a0851463e895960a451075a301a9","result":"0xcc7ec29cc9bfac228c28521a84e34700e6ea1d014031bd060249b0478851dc06"}}
[2m2025-12-10T10:19:45.211236Z[0m [34mDEBUG[0m [2methereum_transaction_pool_monitor::eth_client[0m[2m:[0m 📨 Received pending transaction: 0xcc7ec29cc9bfac228c28521a84e34700e6ea1d014031bd060249b0478851dc06
[2m2025-12-10T10:19:45.212288Z[0m [34mDEBUG[0m [2mhyper::proto::h1::io[0m[2m:[0m parsed 4 headers
[2m2025-12-10T10:19:45.212311Z[0m [34mDEBUG[0m [2mhyper::proto::h1::conn[0m[2m:[0m incoming body is content-length (45 bytes)
[2m2025-12-10T10:19:45.212326Z[0m [34mDEBUG[0m [2mhyper::proto::h1::conn[0m[2m:[0m incoming body completed
[2m2025-12-10T10:19:45.212345Z[0m [34mDEBUG[0m [2mhyper::client::pool[0m[2m:[0m pooling idle connection for ("http", 192.168.0.14:8545)
[2m2025-12-10T10:19:45.212388Z[0m [34mDEBUG[0m [2mhyper::client::pool[0m[2m:[0m reuse idle connection for ("http", 192.168.0.14:8545)
[2m2025-12-10T10:19:45.212434Z[0m [34mDEBUG[0m [2mhyper::proto::h1::io[0m[2m:[0m flushed 172 bytes
[2m2025-12-10T10:19:45.219974Z[0m [34mDEBUG[0m [2mhyper::proto::h1::io[0m[2m:[0m parsed 4 headers
[2m2025-12-10T10:19:45.220006Z[0m [34mDEBUG[0m [2mhyper::proto::h1::conn[0m[2m:[0m incoming body is content-length (45 bytes)
[2m2025-12-10T10:19:45.220026Z[0m [34mDEBUG[0m [2mhyper::proto::h1::conn[0m[2m:[0m incoming body completed
[2m2025-12-10T10:19:45.220048Z[0m [34mDEBUG[0m [2mhyper::client::pool[0m[2m:[0m pooling idle connection for ("http", 192.168.0.14:8545)
[2m2025-12-10T10:19:45.220095Z[0m [34mDEBUG[0m [2mhyper::client::pool[0m[2m:[0m reuse idle connection for ("http", 192.168.0.14:8545)
[2m2025-12-10T10:19:45.220186Z[0m [34mDEBUG[0m [2mhyper::proto::h1::io[0m[2m:[0m flushed 172 bytes
[2m2025-12-10T10:19:45.226799Z[0m [34mDEBUG[0m [2mhyper::proto::h1::io[0m[2m:[0m parsed 4 headers
[2m2025-12-10T10:19:45.226834Z[0m [34mDEBUG[0m [2mhyper::proto::h1::conn[0m[2m:[0m incoming body is content-length (45 bytes)
[2m2025-12-10T10:19:45.226851Z[0m [34mDEBUG[0m [2mhyper::proto::h1::conn[0m[2m:[0m incoming body completed
[2m2025-12-10T10:19:45.226870Z[0m [34mDEBUG[0m [2mhyper::client::pool[0m[2m:[0m pooling idle connection for ("http", 192.168.0.14:8545)
[2m2025-12-10T10:19:45.226915Z[0m [34mDEBUG[0m [2mhyper::client::pool[0m[2m:[0m reuse idle connection for ("http", 192.168.0.14:8545)
[2m2025-12-10T10:19:45.226968Z[0m [34mDEBUG[0m [2mhyper::proto::h1::io[0m[2m:[0m flushed 172 bytes
[2m2025-12-10T10:19:45.231148Z[0m [34mDEBUG[0m [2mhyper::proto::h1::io[0m[2m:[0m parsed 4 headers
[2m2025-12-10T10:19:45.231179Z[0m [34mDEBUG[0m [2mhyper::proto::h1::conn[0m[2m:[0m incoming body is content-length (45 bytes)
[2m2025-12-10T10:19:45.231196Z[0m [34mDEBUG[0m [2mhyper::proto::h1::conn[0m[2m:[0m incoming body completed
[2m2025-12-10T10:19:45.231214Z[0m [34mDEBUG[0m [2mhyper::client::pool[0m[2m:[0m pooling idle connection for ("http", 192.168.0.14:8545)
[2m2025-12-10T10:19:45.231255Z[0m [34mDEBUG[0m [2mhyper::client::pool[0m[2m:[0m reuse idle connection for ("http", 192.168.0.14:8545)
[2m2025-12-10T10:19:45.231298Z[0m [34mDEBUG[0m [2mhyper::proto::h1::io[0m[2m:[0m flushed 172 bytes
[2m2025-12-10T10:19:45.235149Z[0m [34mDEBUG[0m [2mhyper::proto::h1::io[0m[2m:[0m parsed 4 headers
[2m2025-12-10T10:19:45.235179Z[0m [34mDEBUG[0m [2mhyper::proto::h1::conn[0m[2m:[0m incoming body is content-length (45 bytes)
[2m2025-12-10T10:19:45.235193Z[0m [34mDEBUG[0m [2mhyper::proto::h1::conn[0m[2m:[0m incoming body completed
[2m2025-12-10T10:19:45.235210Z[0m [34mDEBUG[0m [2mhyper::client::pool[0m[2m:[0m pooling idle connection for ("http", 192.168.0.14:8545)
[2m2025-12-10T10:19:45.235253Z[0m [34mDEBUG[0m [2mhyper::client::pool[0m[2m:[0m reuse idle connection for ("http", 192.168.0.14:8545)
[2m2025-12-10T10:19:45.235321Z[0m [34mDEBUG[0m [2mhyper::proto::h1::io[0m[2m:[0m flushed 172 bytes
[2m2025-12-10T10:19:45.239225Z[0m [34mDEBUG[0m [2mhyper::proto::h1::io[0m[2m:[0m parsed 4 headers
[2m2025-12-10T10:19:45.239253Z[0m [34mDEBUG[0m [2mhyper::proto::h1::conn[0m[2m:[0m incoming body is content-length (45 bytes)
[2m2025-12-10T10:19:45.239267Z[0m [34mDEBUG[0m [2mhyper::proto::h1::conn[0m[2m:[0m incoming body completed
[2m2025-12-10T10:19:45.239283Z[0m [34mDEBUG[0m [2mhyper::client::pool[0m[2m:[0m pooling idle connection for ("http", 192.168.0.14:8545)
[2m2025-12-10T10:19:45.239321Z[0m [34mDEBUG[0m [2mhyper::client::pool[0m[2m:[0m reuse idle connection for ("http", 192.168.0.14:8545)
[2m2025-12-10T10:19:45.239358Z[0m [34mDEBUG[0m [2mhyper::proto::h1::io[0m[2m:[0m flushed 172 bytes
[2m2025-12-10T10:19:45.248818Z[0m [34mDEBUG[0m [2mhyper::proto::h1::io[0m[2m:[0m parsed 4 headers
[2m2025-12-10T10:19:45.248852Z[0m [34mDEBUG[0m [2mhyper::proto::h1::conn[0m[2m:[0m incoming body is content-length (45 bytes)
[2m2025-12-10T10:19:45.248875Z[0m [34mDEBUG[0m [2mhyper::proto::h1::conn[0m[2m:[0m incoming body completed
[2m2025-12-10T10:19:45.248936Z[0m [34mDEBUG[0m [2mhyper::client::pool[0m[2m:[0m pooling idle connection for ("http", 192.168.0.14:8545)
[2m2025-12-10T10:19:45.248981Z[0m [34mDEBUG[0m [2mhyper::client::pool[0m[2m:[0m reuse idle connection for ("http", 192.168.0.14:8545)
[2m2025-12-10T10:19:45.249024Z[0m [34mDEBUG[0m [2mhyper::proto::h1::io[0m[2m:[0m flushed 172 bytes
[2m2025-12-10T10:19:45.255543Z[0m [34mDEBUG[0m [2mhyper::proto::h1::io[0m[2m:[0m parsed 4 headers
[2m2025-12-10T10:19:45.255571Z[0m [34mDEBUG[0m [2mhyper::proto::h1::conn[0m[2m:[0m incoming body is content-length (45 bytes)
[2m2025-12-10T10:19:45.255590Z[0m [34mDEBUG[0m [2mhyper::proto::h1::conn[0m[2m:[0m incoming body completed
[2m2025-12-10T10:19:45.255614Z[0m [34mDEBUG[0m [2mhyper::client::pool[0m[2m:[0m pooling idle connection for ("http", 192.168.0.14:8545)
[2m2025-12-10T10:19:45.255659Z[0m [34mDEBUG[0m [2mhyper::client::pool[0m[2m:[0m reuse idle connection for ("http", 192.168.0.14:8545)
[2m2025-12-10T10:19:45.255707Z[0m [34mDEBUG[0m [2mhyper::proto::h1::io[0m[2m:[0m flushed 172 bytes
[2m2025-12-10T10:19:45.260265Z[0m [34mDEBUG[0m [2mhyper::proto::h1::io[0m[2m:[0m parsed 4 headers
[2m2025-12-10T10:19:45.260289Z[0m [34mDEBUG[0m [2mhyper::proto::h1::conn[0m[2m:[0m incoming body is content-length (45 bytes)
[2m2025-12-10T10:19:45.260303Z[0m [34mDEBUG[0m [2mhyper::proto::h1::conn[0m[2m:[0m incoming body completed
[2m2025-12-10T10:19:45.260319Z[0m [34mDEBUG[0m [2mhyper::client::pool[0m[2m:[0m pooling idle connection for ("http", 192.168.0.14:8545)
[2m2025-12-10T10:19:45.260357Z[0m [34mDEBUG[0m [2mhyper::client::pool[0m[2m:[0m reuse idle connection for ("http", 192.168.0.14:8545)
[2m2025-12-10T10:19:45.260396Z[0m [34mDEBUG[0m [2mhyper::proto::h1::io[0m[2m:[0m flushed 172 bytes
[2m2025-12-10T10:19:45.265098Z[0m [34mDEBUG[0m [2mhyper::proto::h1::io[0m[2m:[0m parsed 4 headers
[2m2025-12-10T10:19:45.265121Z[0m [34mDEBUG[0m [2mhyper::proto::h1::conn[0m[2m:[0m incoming body is content-length (45 bytes)
[2m2025-12-10T10:19:45.265135Z[0m [34mDEBUG[0m [2mhyper::proto::h1::conn[0m[2m:[0m incoming body completed
[2m2025-12-10T10:19:45.265153Z[0m [34mDEBUG[0m [2mhyper::client::pool[0m[2m:[0m pooling idle connection for ("http", 192.168.0.14:8545)
[2m2025-12-10T10:19:45.265191Z[0m [34mDEBUG[0m [2mhyper::client::pool[0m[2m:[0m reuse idle connection for ("http", 192.168.0.14:8545)
[2m2025-12-10T10:19:45.265238Z[0m [34mDEBUG[0m [2mhyper::proto::h1::io[0m[2m:[0m flushed 172 bytes
[2m2025-12-10T10:19:45.276479Z[0m [34mDEBUG[0m [2mhyper::proto::h1::io[0m[2m:[0m parsed 4 headers
[2m2025-12-10T10:19:45.276516Z[0m [34mDEBUG[0m [2mhyper::proto::h1::conn[0m[2m:[0m incoming body is content-length (45 bytes)
[2m2025-12-10T10:19:45.276535Z[0m [34mDEBUG[0m [2mhyper::proto::h1::conn[0m[2m:[0m incoming body completed
[2m2025-12-10T10:19:45.276619Z[0m [34mDEBUG[0m [2mhyper::client::pool[0m[2m:[0m pooling idle connection for ("http", 192.168.0.14:8545)
[2m2025-12-10T10:19:45.276680Z[0m [34mDEBUG[0m [2mhyper::client::pool[0m[2m:[0m reuse idle connection for ("http", 192.168.0.14:8545)
[2m2025-12-10T10:19:45.276847Z[0m [34mDEBUG[0m [2mhyper::proto::h1::io[0m[2m:[0m flushed 172 bytes
[2m2025-12-10T10:19:45.282712Z[0m [34mDEBUG[0m [2mhyper::proto::h1::io[0m[2m:[0m parsed 4 headers
[2m2025-12-10T10:19:45.282745Z[0m [34mDEBUG[0m [2mhyper::proto::h1::conn[0m[2m:[0m incoming body is content-length (45 bytes)
[2m2025-12-10T10:19:45.282819Z[0m [34mDEBUG[0m [2mhyper::proto::h1::conn[0m[2m:[0m incoming body completed
[2m2025-12-10T10:19:45.282856Z[0m [34mDEBUG[0m [2mhyper::client::pool[0m[2m:[0m pooling idle connection for ("http", 192.168.0.14:8545)
[2m2025-12-10T10:19:45.282915Z[0m [34mDEBUG[0m [2mhyper::client::pool[0m[2m:[0m reuse idle connection for ("http", 192.168.0.14:8545)
[2m2025-12-10T10:19:45.283074Z[0m [34mDEBUG[0m [2mhyper::proto::h1::io[0m[2m:[0m flushed 172 bytes
[2m2025-12-10T10:19:45.286394Z[0m [34mDEBUG[0m [2mhyper::proto::h1::io[0m[2m:[0m parsed 4 headers
[2m2025-12-10T10:19:45.286426Z[0m [34mDEBUG[0m [2mhyper::proto::h1::conn[0m[2m:[0m incoming body is content-length (45 bytes)
[2m2025-12-10T10:19:45.286441Z[0m [34mDEBUG[0m [2mhyper::proto::h1::conn[0m[2m:[0m incoming body completed
[2m2025-12-10T10:19:45.286462Z[0m [34mDEBUG[0m [2mhyper::client::pool[0m[2m:[0m pooling idle connection for ("http", 192.168.0.14:8545)
[2m2025-12-10T10:19:45.286505Z[0m [34mDEBUG[0m [2mhyper::client::pool[0m[2m:[0m reuse idle connection for ("http", 192.168.0.14:8545)
[2m2025-12-10T10:19:45.286551Z[0m [34mDEBUG[0m [2mhyper::proto::h1::io[0m[2m:[0m flushed 172 bytes
[2m2025-12-10T10:19:45.290154Z[0m [34mDEBUG[0m [2mhyper::proto::h1::io[0m[2m:[0m parsed 4 headers
[2m2025-12-10T10:19:45.290180Z[0m [34mDEBUG[0m [2mhyper::proto::h1::conn[0m[2m:[0m incoming body is content-length (45 bytes)
[2m2025-12-10T10:19:45.290194Z[0m [34mDEBUG[0m [2mhyper::proto::h1::conn[0m[2m:[0m incoming body completed
[2m2025-12-10T10:19:45.326058Z[0m [34mDEBUG[0m [2mhyper::client::pool[0m[2m:[0m pooling idle connection for ("http", 192.168.0.14:8545)
[2m2025-12-10T10:19:45.326600Z[0m [34mDEBUG[0m [2mhyper::client::pool[0m[2m:[0m reuse idle connection for ("http", 192.168.0.14:8545)
[2m2025-12-10T10:19:45.332180Z[0m [34mDEBUG[0m [2mhyper::proto::h1::io[0m[2m:[0m flushed 172 bytes
[2m2025-12-10T10:19:45.334883Z[0m [34mDEBUG[0m [2mhyper::proto::h1::io[0m[2m:[0m parsed 4 headers
[2m2025-12-10T10:19:45.336630Z[0m [34mDEBUG[0m [2mhyper::proto::h1::conn[0m[2m:[0m incoming body is content-length (45 bytes)
[2m2025-12-10T10:19:45.336671Z[0m [34mDEBUG[0m [2mhyper::proto::h1::conn[0m[2m:[0m incoming body completed
[2m2025-12-10T10:19:45.336704Z[0m [34mDEBUG[0m [2mhyper::client::pool[0m[2m:[0m pooling idle connection for ("http", 192.168.0.14:8545)
[2m2025-12-10T10:19:45.336735Z[0m [34mDEBUG[0m [2mhyper::client::pool[0m[2m:[0m reuse idle connection for ("http", 192.168.0.14:8545)
[2m2025-12-10T10:19:45.336787Z[0m [34mDEBUG[0m [2mhyper::proto::h1::io[0m[2m:[0m flushed 172 bytes
[2m2025-12-10T10:19:45.340836Z[0m [34mDEBUG[0m [2mhyper::proto::h1::io[0m[2m:[0m parsed 4 headers
[2m2025-12-10T10:19:45.340868Z[0m [34mDEBUG[0m [2mhyper::proto::h1::conn[0m[2m:[0m incoming body is content-length (45 bytes)
[2m2025-12-10T10:19:45.341002Z[0m [34mDEBUG[0m [2mhyper::proto::h1::conn[0m[2m:[0m incoming body completed
[2m2025-12-10T10:19:45.341033Z[0m [34mDEBUG[0m [2mhyper::client::pool[0m[2m:[0m pooling idle connection for ("http", 192.168.0.14:8545)
[2m2025-12-10T10:19:45.341151Z[0m [34mDEBUG[0m [2mhyper::client::pool[0m[2m:[0m reuse idle connection for ("http", 192.168.0.14:8545)
[2m2025-12-10T10:19:45.341238Z[0m [34mDEBUG[0m [2mhyper::proto::h1::io[0m[2m:[0m flushed 172 bytes
[2m2025-12-10T10:19:45.345609Z[0m [34mDEBUG[0m [2mhyper::proto::h1::io[0m[2m:[0m parsed 4 headers
[2m2025-12-10T10:19:45.345649Z[0m [34mDEBUG[0m [2mhyper::proto::h1::conn[0m[2m:[0m incoming body is content-length (45 bytes)
[2m2025-12-10T10:19:45.345679Z[0m [34mDEBUG[0m [2mhyper::proto::h1::conn[0m[2m:[0m incoming body completed
[2m2025-12-10T10:19:45.345706Z[0m [34mDEBUG[0m [2mhyper::client::pool[0m[2m:[0m pooling idle connection for ("http", 192.168.0.14:8545)
[2m2025-12-10T10:19:45.345852Z[0m [34mDEBUG[0m [2mhyper::client::pool[0m[2m:[0m reuse idle connection for ("http", 192.168.0.14:8545)
[2m2025-12-10T10:19:45.346449Z[0m [34mDEBUG[0m [2mhyper::proto::h1::io[0m[2m:[0m flushed 172 bytes
[2m2025-12-10T10:19:45.346679Z[0m [34mDEBUG[0m [2methereum_transaction_pool_monitor::eth_client[0m[2m:[0m 📨 Received WebSocket message: {"jsonrpc":"2.0","method":"eth_subscription","params":{"subscription":"0xbed0a0851463e895960a451075a301a9","result":"0xa95152fe1beb827147f17d727f12d519b642134f492a2e36ab18a97d9ea5ad54"}}
[2m2025-12-10T10:19:45.346707Z[0m [34mDEBUG[0m [2methereum_transaction_pool_monitor::eth_client[0m[2m:[0m 📨 Received pending transaction: 0xa95152fe1beb827147f17d727f12d519b642134f492a2e36ab18a97d9ea5ad54
[2m2025-12-10T10:19:45.349981Z[0m [34mDEBUG[0m [2mhyper::proto::h1::io[0m[2m:[0m parsed 4 headers
[2m2025-12-10T10:19:45.352833Z[0m [34mDEBUG[0m [2mhyper::proto::h1::conn[0m[2m:[0m incoming body is content-length (45 bytes)
[2m2025-12-10T10:19:45.352858Z[0m [34mDEBUG[0m [2mhyper::proto::h1::conn[0m[2m:[0m incoming body completed
[2m2025-12-10T10:19:45.352888Z[0m [34mDEBUG[0m [2mhyper::client::pool[0m[2m:[0m pooling idle connection for ("http", 192.168.0.14:8545)
[2m2025-12-10T10:19:45.352940Z[0m [34mDEBUG[0m [2mhyper::client::pool[0m[2m:[0m reuse idle connection for ("http", 192.168.0.14:8545)
[2m2025-12-10T10:19:45.353013Z[0m [34mDEBUG[0m [2mhyper::proto::h1::io[0m[2m:[0m flushed 172 bytes
[2m2025-12-10T10:19:45.355404Z[0m [34mDEBUG[0m [2mhyper::proto::h1::io[0m[2m:[0m parsed 4 headers
[2m2025-12-10T10:19:45.355524Z[0m [34mDEBUG[0m [2mhyper::proto::h1::conn[0m[2m:[0m incoming body is content-length (45 bytes)
[2m2025-12-10T10:19:45.355542Z[0m [34mDEBUG[0m [2mhyper::proto::h1::conn[0m[2m:[0m incoming body completed
[2m2025-12-10T10:19:45.355562Z[0m [34mDEBUG[0m [2mhyper::client::pool[0m[2m:[0m pooling idle connection for ("http", 192.168.0.14:8545)
[2m2025-12-10T10:19:45.355607Z[0m [34mDEBUG[0m [2mhyper::client::pool[0m[2m:[0m reuse idle connection for ("http", 192.168.0.14:8545)
[2m2025-12-10T10:19:45.355707Z[0m [34mDEBUG[0m [2mhyper::proto::h1::io[0m[2m:[0m flushed 172 bytes
[2m2025-12-10T10:19:45.359302Z[0m [34mDEBUG[0m [2mhyper::proto::h1::io[0m[2m:[0m parsed 4 headers
[2m2025-12-10T10:19:45.359336Z[0m [34mDEBUG[0m [2mhyper::proto::h1::conn[0m[2m:[0m incoming body is content-length (45 bytes)
[2m2025-12-10T10:19:45.359352Z[0m [34mDEBUG[0m [2mhyper::proto::h1::conn[0m[2m:[0m incoming body completed
[2m2025-12-10T10:19:45.359372Z[0m [34mDEBUG[0m [2mhyper::client::pool[0m[2m:[0m pooling idle connection for ("http", 192.168.0.14:8545)
[2m2025-12-10T10:19:45.359416Z[0m [34mDEBUG[0m [2mhyper::client::pool[0m[2m:[0m reuse idle connection for ("http", 192.168.0.14:8545)
[2m2025-12-10T10:19:45.359463Z[0m [34mDEBUG[0m [2mhyper::proto::h1::io[0m[2m:[0m flushed 172 bytes
[2m2025-12-10T10:19:45.363025Z[0m [34mDEBUG[0m [2mhyper::proto::h1::io[0m[2m:[0m parsed 4 headers
[2m2025-12-10T10:19:45.363054Z[0m [34mDEBUG[0m [2mhyper::proto::h1::conn[0m[2m:[0m incoming body is content-length (45 bytes)
[2m2025-12-10T10:19:45.363070Z[0m [34mDEBUG[0m [2mhyper::proto::h1::conn[0m[2m:[0m incoming body completed
[2m2025-12-10T10:19:45.363117Z[0m [34mDEBUG[0m [2mhyper::client::pool[0m[2m:[0m pooling idle connection for ("http", 192.168.0.14:8545)
[2m2025-12-10T10:19:45.363161Z[0m [34mDEBUG[0m [2mhyper::client::pool[0m[2m:[0m reuse idle connection for ("http", 192.168.0.14:8545)
[2m2025-12-10T10:19:45.363210Z[0m [34mDEBUG[0m [2mhyper::proto::h1::io[0m[2m:[0m flushed 172 bytes
[2m2025-12-10T10:19:45.377943Z[0m [34mDEBUG[0m [2mhyper::proto::h1::io[0m[2m:[0m parsed 4 headers
[2m2025-12-10T10:19:45.378091Z[0m [34mDEBUG[0m [2mhyper::proto::h1::conn[0m[2m:[0m incoming body is content-length (45 bytes)
[2m2025-12-10T10:19:45.378113Z[0m [34mDEBUG[0m [2mhyper::proto::h1::conn[0m[2m:[0m incoming body completed
[2m2025-12-10T10:19:45.378371Z[0m [34mDEBUG[0m [2mhyper::client::pool[0m[2m:[0m pooling idle connection for ("http", 192.168.0.14:8545)
[2m2025-12-10T10:19:45.378915Z[0m [34mDEBUG[0m [2mhyper::client::pool[0m[2m:[0m reuse idle connection for ("http", 192.168.0.14:8545)
[2m2025-12-10T10:19:45.379038Z[0m [34mDEBUG[0m [2mhyper::proto::h1::io[0m[2m:[0m flushed 172 bytes
[2m2025-12-10T10:19:45.382608Z[0m [34mDEBUG[0m [2mhyper::proto::h1::io[0m[2m:[0m parsed 4 headers
[2m2025-12-10T10:19:45.382651Z[0m [34mDEBUG[0m [2mhyper::proto::h1::conn[0m[2m:[0m incoming body is content-length (45 bytes)
[2m2025-12-10T10:19:45.383078Z[0m [34mDEBUG[0m [2mhyper::proto::h1::conn[0m[2m:[0m incoming body completed
[2m2025-12-10T10:19:45.383127Z[0m [34mDEBUG[0m [2mhyper::client::pool[0m[2m:[0m pooling idle connection for ("http", 192.168.0.14:8545)
[2m2025-12-10T10:19:45.383364Z[0m [34mDEBUG[0m [2mhyper::client::pool[0m[2m:[0m reuse idle connection for ("http", 192.168.0.14:8545)
[2m2025-12-10T10:19:45.383415Z[0m [34mDEBUG[0m [2mhyper::proto::h1::io[0m[2m:[0m flushed 172 bytes
[2m2025-12-10T10:19:45.388358Z[0m [34mDEBUG[0m [2mhyper::proto::h1::io[0m[2m:[0m parsed 4 headers
[2m2025-12-10T10:19:45.388372Z[0m [34mDEBUG[0m [2mhyper::proto::h1::conn[0m[2m:[0m incoming body is content-length (45 bytes)
[2m2025-12-10T10:19:45.388379Z[0m [34mDEBUG[0m [2mhyper::proto::h1::conn[0m[2m:[0m incoming body completed
[2m2025-12-10T10:19:45.388386Z[0m [34mDEBUG[0m [2mhyper::client::pool[0m[2m:[0m pooling idle connection for ("http", 192.168.0.14:8545)
[2m2025-12-10T10:19:45.388405Z[0m [34mDEBUG[0m [2mhyper::client::pool[0m[2m:[0m reuse idle connection for ("http", 192.168.0.14:8545)
[2m2025-12-10T10:19:45.388436Z[0m [34mDEBUG[0m [2mhyper::proto::h1::io[0m[2m:[0m flushed 172 bytes
[2m2025-12-10T10:19:45.392893Z[0m [34mDEBUG[0m [2mhyper::proto::h1::io[0m[2m:[0m parsed 4 headers
[2m2025-12-10T10:19:45.392900Z[0m [34mDEBUG[0m [2mhyper::proto::h1::conn[0m[2m:[0m incoming body is content-length (45 bytes)
[2m2025-12-10T10:19:45.392905Z[0m [34mDEBUG[0m [2mhyper::proto::h1::conn[0m[2m:[0m incoming body completed
[2m2025-12-10T10:19:45.392910Z[0m [34mDEBUG[0m [2mhyper::client::pool[0m[2m:[0m pooling idle connection for ("http", 192.168.0.14:8545)
[2m2025-12-10T10:19:45.392923Z[0m [34mDEBUG[0m [2mhyper::client::pool[0m[2m:[0m reuse idle connection for ("http", 192.168.0.14:8545)
[2m2025-12-10T10:19:45.392942Z[0m [34mDEBUG[0m [2mhyper::proto::h1::io[0m[2m:[0m flushed 172 bytes
[2m2025-12-10T10:19:45.396651Z[0m [34mDEBUG[0m [2mhyper::proto::h1::io[0m[2m:[0m parsed 4 headers
[2m2025-12-10T10:19:45.396690Z[0m [34mDEBUG[0m [2mhyper::proto::h1::conn[0m[2m:[0m incoming body is content-length (45 bytes)
[2m2025-12-10T10:19:45.396703Z[0m [34mDEBUG[0m [2mhyper::proto::h1::conn[0m[2m:[0m incoming body completed
[2m2025-12-10T10:19:45.396718Z[0m [34mDEBUG[0m [2mhyper::client::pool[0m[2m:[0m pooling idle connection for ("http", 192.168.0.14:8545)
[2m2025-12-10T10:19:45.396753Z[0m [34mDEBUG[0m [2mhyper::client::pool[0m[2m:[0m reuse idle connection for ("http", 192.168.0.14:8545)
[2m2025-12-10T10:19:45.396796Z[0m [34mDEBUG[0m [2mhyper::proto::h1::io[0m[2m:[0m flushed 172 bytes
[2m2025-12-10T10:19:45.400644Z[0m [34mDEBUG[0m [2mhyper::proto::h1::io[0m[2m:[0m parsed 4 headers
[2m2025-12-10T10:19:45.400677Z[0m [34mDEBUG[0m [2mhyper::proto::h1::conn[0m[2m:[0m incoming body is content-length (45 bytes)
[2m2025-12-10T10:19:45.400697Z[0m [34mDEBUG[0m [2mhyper::proto::h1::conn[0m[2m:[0m incoming body completed
[2m2025-12-10T10:19:45.400716Z[0m [34mDEBUG[0m [2mhyper::client::pool[0m[2m:[0m pooling idle connection for ("http", 192.168.0.14:8545)
[2m2025-12-10T10:19:45.400759Z[0m [34mDEBUG[0m [2mhyper::client::pool[0m[2m:[0m reuse idle connection for ("http", 192.168.0.14:8545)
[2m2025-12-10T10:19:45.400804Z[0m [34mDEBUG[0m [2mhyper::proto::h1::io[0m[2m:[0m flushed 172 bytes
[2m2025-12-10T10:19:45.405015Z[0m [34mDEBUG[0m [2mhyper::proto::h1::io[0m[2m:[0m parsed 4 headers
[2m2025-12-10T10:19:45.405044Z[0m [34mDEBUG[0m [2mhyper::proto::h1::conn[0m[2m:[0m incoming body is content-length (45 bytes)
[2m2025-12-10T10:19:45.405057Z[0m [34mDEBUG[0m [2mhyper::proto::h1::conn[0m[2m:[0m incoming body completed
[2m2025-12-10T10:19:45.405075Z[0m [34mDEBUG[0m [2mhyper::client::pool[0m[2m:[0m pooling idle connection for ("http", 192.168.0.14:8545)
[2m2025-12-10T10:19:45.405108Z[0m [34mDEBUG[0m [2mhyper::client::pool[0m[2m:[0m reuse idle connection for ("http", 192.168.0.14:8545)
[2m2025-12-10T10:19:45.405149Z[0m [34mDEBUG[0m [2mhyper::proto::h1::io[0m[2m:[0m flushed 172 bytes
[2m2025-12-10T10:19:45.408764Z[0m [34mDEBUG[0m [2mhyper::proto::h1::io[0m[2m:[0m parsed 4 headers
[2m2025-12-10T10:19:45.408780Z[0m [34mDEBUG[0m [2mhyper::proto::h1::conn[0m[2m:[0m incoming body is content-length (45 bytes)
[2m2025-12-10T10:19:45.408791Z[0m [34mDEBUG[0m [2mhyper::proto::h1::conn[0m[2m:[0m incoming body completed
[2m2025-12-10T10:19:45.408804Z[0m [34mDEBUG[0m [2mhyper::client::pool[0m[2m:[0m pooling idle connection for ("http", 192.168.0.14:8545)
[2m2025-12-10T10:19:45.408831Z[0m [34mDEBUG[0m [2mhyper::client::pool[0m[2m:[0m reuse idle connection for ("http", 192.168.0.14:8545)
[2m2025-12-10T10:19:45.408864Z[0m [34mDEBUG[0m [2mhyper::proto::h1::io[0m[2m:[0m flushed 172 bytes
[2m2025-12-10T10:19:45.412458Z[0m [34mDEBUG[0m [2mhyper::proto::h1::io[0m[2m:[0m parsed 4 headers
[2m2025-12-10T10:19:45.412478Z[0m [34mDEBUG[0m [2mhyper::proto::h1::conn[0m[2m:[0m incoming body is content-length (45 bytes)
[2m2025-12-10T10:19:45.412490Z[0m [34mDEBUG[0m [2mhyper::proto::h1::conn[0m[2m:[0m incoming body completed
[2m2025-12-10T10:19:45.412504Z[0m [34mDEBUG[0m [2mhyper::client::pool[0m[2m:[0m pooling idle connection for ("http", 192.168.0.14:8545)
[2m2025-12-10T10:19:45.412534Z[0m [34mDEBUG[0m [2mhyper::client::pool[0m[2m:[0m reuse idle connection for ("http", 192.168.0.14:8545)
[2m2025-12-10T10:19:45.412568Z[0m [34mDEBUG[0m [2mhyper::proto::h1::io[0m[2m:[0m flushed 172 bytes
[2m2025-12-10T10:19:45.416177Z[0m [34mDEBUG[0m [2mhyper::proto::h1::io[0m[2m:[0m parsed 4 headers
[2m2025-12-10T10:19:45.416193Z[0m [34mDEBUG[0m [2mhyper::proto::h1::conn[0m[2m:[0m incoming body is content-length (45 bytes)
[2m2025-12-10T10:19:45.416204Z[0m [34mDEBUG[0m [2mhyper::proto::h1::conn[0m[2m:[0m incoming body completed
[2m2025-12-10T10:19:45.416217Z[0m [34mDEBUG[0m [2mhyper::client::pool[0m[2m:[0m pooling idle connection for ("http", 192.168.0.14:8545)
[2m2025-12-10T10:19:45.416246Z[0m [34mDEBUG[0m [2mhyper::client::pool[0m[2m:[0m reuse idle connection for ("http", 192.168.0.14:8545)
[2m2025-12-10T10:19:45.416277Z[0m [34mDEBUG[0m [2mhyper::proto::h1::io[0m[2m:[0m flushed 172 bytes
[2m2025-12-10T10:19:45.420043Z[0m [34mDEBUG[0m [2mhyper::proto::h1::io[0m[2m:[0m parsed 4 headers
[2m2025-12-10T10:19:45.420075Z[0m [34mDEBUG[0m [2mhyper::proto::h1::conn[0m[2m:[0m incoming body is content-length (45 bytes)
[2m2025-12-10T10:19:45.420090Z[0m [34mDEBUG[0m [2mhyper::proto::h1::conn[0m[2m:[0m incoming body completed
[2m2025-12-10T10:19:45.420108Z[0m [34mDEBUG[0m [2mhyper::client::pool[0m[2m:[0m pooling idle connection for ("http", 192.168.0.14:8545)
[2m2025-12-10T10:19:45.420150Z[0m [34mDEBUG[0m [2mhyper::client::pool[0m[2m:[0m reuse idle connection for ("http", 192.168.0.14:8545)
[2m2025-12-10T10:19:45.420196Z[0m [34mDEBUG[0m [2mhyper::proto::h1::io[0m[2m:[0m flushed 172 bytes
[2m2025-12-10T10:19:45.461122Z[0m [34mDEBUG[0m [2mhyper::proto::h1::io[0m[2m:[0m parsed 4 headers
[2m2025-12-10T10:19:45.461185Z[0m [34mDEBUG[0m [2mhyper::proto::h1::conn[0m[2m:[0m incoming body is content-length (45 bytes)
[2m2025-12-10T10:19:45.461196Z[0m [34mDEBUG[0m [2mhyper::proto::h1::conn[0m[2m:[0m incoming body completed
[2m2025-12-10T10:19:45.461208Z[0m [34mDEBUG[0m [2mhyper::client::pool[0m[2m:[0m pooling idle connection for ("http", 192.168.0.14:8545)
[2m2025-12-10T10:19:45.461268Z[0m [34mDEBUG[0m [2mhyper::client::pool[0m[2m:[0m reuse idle connection for ("http", 192.168.0.14:8545)
[2m2025-12-10T10:19:45.461334Z[0m [34mDEBUG[0m [2mhyper::proto::h1::io[0m[2m:[0m flushed 172 bytes
[2m2025-12-10T10:19:45.464405Z[0m [34mDEBUG[0m [2mhyper::proto::h1::io[0m[2m:[0m parsed 4 headers
[2m2025-12-10T10:19:45.464413Z[0m [34mDEBUG[0m [2mhyper::proto::h1::conn[0m[2m:[0m incoming body is content-length (45 bytes)
[2m2025-12-10T10:19:45.464419Z[0m [34mDEBUG[0m [2mhyper::proto::h1::conn[0m[2m:[0m incoming body completed
[2m2025-12-10T10:19:45.464425Z[0m [34mDEBUG[0m [2mhyper::client::pool[0m[2m:[0m pooling idle connection for ("http", 192.168.0.14:8545)
[2m2025-12-10T10:19:45.464441Z[0m [34mDEBUG[0m [2mhyper::client::pool[0m[2m:[0m reuse idle connection for ("http", 192.168.0.14:8545)
[2m2025-12-10T10:19:45.464473Z[0m [34mDEBUG[0m [2mhyper::proto::h1::io[0m[2m:[0m flushed 172 bytes
[2m2025-12-10T10:19:45.471072Z[0m [34mDEBUG[0m [2mhyper::proto::h1::io[0m[2m:[0m parsed 4 headers
[2m2025-12-10T10:19:45.471106Z[0m [34mDEBUG[0m [2mhyper::proto::h1::conn[0m[2m:[0m incoming body is content-length (45 bytes)
[2m2025-12-10T10:19:45.471121Z[0m [34mDEBUG[0m [2mhyper::proto::h1::conn[0m[2m:[0m incoming body completed
[2m2025-12-10T10:19:45.471141Z[0m [34mDEBUG[0m [2mhyper::client::pool[0m[2m:[0m pooling idle connection for ("http", 192.168.0.14:8545)
[2m2025-12-10T10:19:45.483326Z[0m [34mDEBUG[0m [2mhyper::client::pool[0m[2m:[0m reuse idle connection for ("http", 192.168.0.14:8545)
[2m2025-12-10T10:19:45.483425Z[0m [34mDEBUG[0m [2mhyper::proto::h1::io[0m[2m:[0m flushed 172 bytes
[2m2025-12-10T10:19:45.486927Z[0m [34mDEBUG[0m [2mhyper::proto::h1::io[0m[2m:[0m parsed 4 headers
[2m2025-12-10T10:19:45.486955Z[0m [34mDEBUG[0m [2mhyper::proto::h1::conn[0m[2m:[0m incoming body is content-length (45 bytes)
[2m2025-12-10T10:19:45.487146Z[0m [34mDEBUG[0m [2mhyper::proto::h1::conn[0m[2m:[0m incoming body completed
[2m2025-12-10T10:19:45.487164Z[0m [34mDEBUG[0m [2mhyper::client::pool[0m[2m:[0m pooling idle connection for ("http", 192.168.0.14:8545)
[2m2025-12-10T10:19:45.487201Z[0m [34mDEBUG[0m [2mhyper::client::pool[0m[2m:[0m reuse idle connection for ("http", 192.168.0.14:8545)
[2m2025-12-10T10:19:45.487240Z[0m [34mDEBUG[0m [2mhyper::proto::h1::io[0m[2m:[0m flushed 172 bytes
[2m2025-12-10T10:19:45.490871Z[0m [34mDEBUG[0m [2mhyper::proto::h1::io[0m[2m:[0m parsed 4 headers
[2m2025-12-10T10:19:45.490897Z[0m [34mDEBUG[0m [2mhyper::proto::h1::conn[0m[2m:[0m incoming body is content-length (45 bytes)
[2m2025-12-10T10:19:45.490913Z[0m [34mDEBUG[0m [2mhyper::proto::h1::conn[0m[2m:[0m incoming body completed
[2m2025-12-10T10:19:45.490931Z[0m [34mDEBUG[0m [2mhyper::client::pool[0m[2m:[0m pooling idle connection for ("http", 192.168.0.14:8545)
[2m2025-12-10T10:19:45.503946Z[0m [34mDEBUG[0m [2mhyper::client::pool[0m[2m:[0m reuse idle connection for ("http", 192.168.0.14:8545)
[2m2025-12-10T10:19:45.504202Z[0m [34mDEBUG[0m [2mhyper::proto::h1::io[0m[2m:[0m flushed 172 bytes
[2m2025-12-10T10:19:45.507008Z[0m [34mDEBUG[0m [2mhyper::proto::h1::io[0m[2m:[0m parsed 4 headers
[2m2025-12-10T10:19:45.507037Z[0m [34mDEBUG[0m [2mhyper::proto::h1::conn[0m[2m:[0m incoming body is content-length (45 bytes)
[2m2025-12-10T10:19:45.507053Z[0m [34mDEBUG[0m [2mhyper::proto::h1::conn[0m[2m:[0m incoming body completed
[2m2025-12-10T10:19:45.507077Z[0m [34mDEBUG[0m [2mhyper::client::pool[0m[2m:[0m pooling idle connection for ("http", 192.168.0.14:8545)
[2m2025-12-10T10:19:45.507124Z[0m [34mDEBUG[0m [2mhyper::client::pool[0m[2m:[0m reuse idle connection for ("http", 192.168.0.14:8545)
[2m2025-12-10T10:19:45.507185Z[0m [34mDEBUG[0m [2mhyper::proto::h1::io[0m[2m:[0m flushed 172 bytes
[2m2025-12-10T10:19:45.512214Z[0m [34mDEBUG[0m [2mhyper::proto::h1::io[0m[2m:[0m parsed 4 headers
[2m2025-12-10T10:19:45.512248Z[0m [34mDEBUG[0m [2mhyper::proto::h1::conn[0m[2m:[0m incoming body is content-length (45 bytes)
[2m2025-12-10T10:19:45.512265Z[0m [34mDEBUG[0m [2mhyper::proto::h1::conn[0m[2m:[0m incoming body completed
[2m2025-12-10T10:19:45.512284Z[0m [34mDEBUG[0m [2mhyper::client::pool[0m[2m:[0m pooling idle connection for ("http", 192.168.0.14:8545)
[2m2025-12-10T10:19:45.512334Z[0m [34mDEBUG[0m [2mhyper::client::pool[0m[2m:[0m reuse idle connection for ("http", 192.168.0.14:8545)
[2m2025-12-10T10:19:45.512409Z[0m [34mDEBUG[0m [2mhyper::proto::h1::io[0m[2m:[0m flushed 172 bytes
[2m2025-12-10T10:19:45.515276Z[0m [34mDEBUG[0m [2mhyper::proto::h1::io[0m[2m:[0m parsed 4 headers
[2m2025-12-10T10:19:45.515311Z[0m [34mDEBUG[0m [2mhyper::proto::h1::conn[0m[2m:[0m incoming body is content-length (45 bytes)
[2m2025-12-10T10:19:45.515326Z[0m [34mDEBUG[0m [2mhyper::proto::h1::conn[0m[2m:[0m incoming body completed
[2m2025-12-10T10:19:45.515345Z[0m [34mDEBUG[0m [2mhyper::client::pool[0m[2m:[0m pooling idle connection for ("http", 192.168.0.14:8545)
[2m2025-12-10T10:19:45.515389Z[0m [34mDEBUG[0m [2mhyper::client::pool[0m[2m:[0m reuse idle connection for ("http", 192.168.0.14:8545)
[2m2025-12-10T10:19:45.515438Z[0m [34mDEBUG[0m [2mhyper::proto::h1::io[0m[2m:[0m flushed 172 bytes
[2m2025-12-10T10:19:45.519045Z[0m [34mDEBUG[0m [2mhyper::proto::h1::io[0m[2m:[0m parsed 4 headers
[2m2025-12-10T10:19:45.519080Z[0m [34mDEBUG[0m [2mhyper::proto::h1::conn[0m[2m:[0m incoming body is content-length (45 bytes)
[2m2025-12-10T10:19:45.519096Z[0m [34mDEBUG[0m [2mhyper::proto::h1::conn[0m[2m:[0m incoming body completed
[2m2025-12-10T10:19:45.519114Z[0m [34mDEBUG[0m [2mhyper::client::pool[0m[2m:[0m pooling idle connection for ("http", 192.168.0.14:8545)
[2m2025-12-10T10:19:45.519158Z[0m [34mDEBUG[0m [2mhyper::client::pool[0m[2m:[0m reuse idle connection for ("http", 192.168.0.14:8545)
[2m2025-12-10T10:19:45.519206Z[0m [34mDEBUG[0m [2mhyper::proto::h1::io[0m[2m:[0m flushed 172 bytes
[2m2025-12-10T10:19:45.522935Z[0m [34mDEBUG[0m [2mhyper::proto::h1::io[0m[2m:[0m parsed 4 headers
[2m2025-12-10T10:19:45.522971Z[0m [34mDEBUG[0m [2mhyper::proto::h1::conn[0m[2m:[0m incoming body is content-length (45 bytes)
[2m2025-12-10T10:19:45.522989Z[0m [34mDEBUG[0m [2mhyper::proto::h1::conn[0m[2m:[0m incoming body completed
[2m2025-12-10T10:19:45.523010Z[0m [34mDEBUG[0m [2mhyper::client::pool[0m[2m:[0m pooling idle connection for ("http", 192.168.0.14:8545)
[2m2025-12-10T10:19:45.523058Z[0m [34mDEBUG[0m [2mhyper::client::pool[0m[2m:[0m reuse idle connection for ("http", 192.168.0.14:8545)
[2m2025-12-10T10:19:45.523135Z[0m [34mDEBUG[0m [2mhyper::proto::h1::io[0m[2m:[0m flushed 172 bytes
[2m2025-12-10T10:19:45.527611Z[0m [34mDEBUG[0m [2mhyper::proto::h1::io[0m[2m:[0m parsed 4 headers
[2m2025-12-10T10:19:45.527641Z[0m [34mDEBUG[0m [2mhyper::proto::h1::conn[0m[2m:[0m incoming body is content-length (45 bytes)
[2m2025-12-10T10:19:45.527661Z[0m [34mDEBUG[0m [2mhyper::proto::h1::conn[0m[2m:[0m incoming body completed
[2m2025-12-10T10:19:45.527681Z[0m [34mDEBUG[0m [2mhyper::client::pool[0m[2m:[0m pooling idle connection for ("http", 192.168.0.14:8545)
[2m2025-12-10T10:19:45.527723Z[0m [34mDEBUG[0m [2mhyper::client::pool[0m[2m:[0m reuse idle connection for ("http", 192.168.0.14:8545)
[2m2025-12-10T10:19:45.527775Z[0m [34mDEBUG[0m [2mhyper::proto::h1::io[0m[2m:[0m flushed 172 bytes
[2m2025-12-10T10:19:45.530820Z[0m [34mDEBUG[0m [2mhyper::proto::h1::io[0m[2m:[0m parsed 4 headers
[2m2025-12-10T10:19:45.530845Z[0m [34mDEBUG[0m [2mhyper::proto::h1::conn[0m[2m:[0m incoming body is content-length (45 bytes)
[2m2025-12-10T10:19:45.530859Z[0m [34mDEBUG[0m [2mhyper::proto::h1::conn[0m[2m:[0m incoming body completed
[2m2025-12-10T10:19:45.530877Z[0m [34mDEBUG[0m [2mhyper::client::pool[0m[2m:[0m pooling idle connection for ("http", 192.168.0.14:8545)
[2m2025-12-10T10:19:45.530915Z[0m [34mDEBUG[0m [2mhyper::client::pool[0m[2m:[0m reuse idle connection for ("http", 192.168.0.14:8545)
[2m2025-12-10T10:19:45.530951Z[0m [34mDEBUG[0m [2mhyper::proto::h1::io[0m[2m:[0m flushed 172 bytes
[2m2025-12-10T10:19:45.534462Z[0m [34mDEBUG[0m [2mhyper::proto::h1::io[0m[2m:[0m parsed 4 headers
[2m2025-12-10T10:19:45.534485Z[0m [34mDEBUG[0m [2mhyper::proto::h1::conn[0m[2m:[0m incoming body is content-length (45 bytes)
[2m2025-12-10T10:19:45.534498Z[0m [34mDEBUG[0m [2mhyper::proto::h1::conn[0m[2m:[0m incoming body completed
[2m2025-12-10T10:19:45.534513Z[0m [34mDEBUG[0m [2mhyper::client::pool[0m[2m:[0m pooling idle connection for ("http", 192.168.0.14:8545)
[2m2025-12-10T10:19:45.534547Z[0m [34mDEBUG[0m [2mhyper::client::pool[0m[2m:[0m reuse idle connection for ("http", 192.168.0.14:8545)
[2m2025-12-10T10:19:45.534588Z[0m [34mDEBUG[0m [2mhyper::proto::h1::io[0m[2m:[0m flushed 172 bytes
[2m2025-12-10T10:19:45.538084Z[0m [34mDEBUG[0m [2mhyper::proto::h1::io[0m[2m:[0m parsed 4 headers
[2m2025-12-10T10:19:45.538106Z[0m [34mDEBUG[0m [2mhyper::proto::h1::conn[0m[2m:[0m incoming body is content-length (45 bytes)
[2m2025-12-10T10:19:45.538118Z[0m [34mDEBUG[0m [2mhyper::proto::h1::conn[0m[2m:[0m incoming body completed
[2m2025-12-10T10:19:45.538133Z[0m [34mDEBUG[0m [2mhyper::client::pool[0m[2m:[0m pooling idle connection for ("http", 192.168.0.14:8545)
[2m2025-12-10T10:19:45.538163Z[0m [34mDEBUG[0m [2mhyper::client::pool[0m[2m:[0m reuse idle connection for ("http", 192.168.0.14:8545)
[2m2025-12-10T10:19:45.538195Z[0m [34mDEBUG[0m [2mhyper::proto::h1::io[0m[2m:[0m flushed 172 bytes
[2m2025-12-10T10:19:45.550334Z[0m [34mDEBUG[0m [2mhyper::proto::h1::io[0m[2m:[0m parsed 4 headers
[2m2025-12-10T10:19:45.550445Z[0m [34mDEBUG[0m [2mhyper::proto::h1::conn[0m[2m:[0m incoming body is content-length (45 bytes)
[2m2025-12-10T10:19:45.550465Z[0m [34mDEBUG[0m [2mhyper::proto::h1::conn[0m[2m:[0m incoming body completed
[2m2025-12-10T10:19:45.550487Z[0m [34mDEBUG[0m [2mhyper::client::pool[0m[2m:[0m pooling idle connection for ("http", 192.168.0.14:8545)
[2m2025-12-10T10:19:45.550539Z[0m [34mDEBUG[0m [2mhyper::client::pool[0m[2m:[0m reuse idle connection for ("http", 192.168.0.14:8545)
[2m2025-12-10T10:19:45.550669Z[0m [34mDEBUG[0m [2mhyper::proto::h1::io[0m[2m:[0m flushed 172 bytes
[2m2025-12-10T10:19:45.574274Z[0m [34mDEBUG[0m [2mhyper::proto::h1::io[0m[2m:[0m parsed 4 headers
[2m2025-12-10T10:19:45.574312Z[0m [34mDEBUG[0m [2mhyper::proto::h1::conn[0m[2m:[0m incoming body is content-length (45 bytes)
[2m2025-12-10T10:19:45.574332Z[0m [34mDEBUG[0m [2mhyper::proto::h1::conn[0m[2m:[0m incoming body completed
[2m2025-12-10T10:19:45.574358Z[0m [34mDEBUG[0m [2mhyper::client::pool[0m[2m:[0m pooling idle connection for ("http", 192.168.0.14:8545)
[2m2025-12-10T10:19:45.574420Z[0m [34mDEBUG[0m [2mhyper::client::pool[0m[2m:[0m reuse idle connection for ("http", 192.168.0.14:8545)
[2m2025-12-10T10:19:45.574554Z[0m [34mDEBUG[0m [2mhyper::proto::h1::io[0m[2m:[0m flushed 172 bytes
[2m2025-12-10T10:19:45.576657Z[0m [34mDEBUG[0m [2methereum_transaction_pool_monitor::eth_client[0m[2m:[0m 📨 Received WebSocket message: {"jsonrpc":"2.0","method":"eth_subscription","params":{"subscription":"0xbed0a0851463e895960a451075a301a9","result":"0x85f43e9e6858007b266f961896a2fe860c4ac0b86f43fa1869597bc4516096b1"}}
[2m2025-12-10T10:19:45.576699Z[0m [34mDEBUG[0m [2methereum_transaction_pool_monitor::eth_client[0m[2m:[0m 📨 Received pending transaction: 0x85f43e9e6858007b266f961896a2fe860c4ac0b86f43fa1869597bc4516096b1
[2m2025-12-10T10:19:45.576715Z[0m [34mDEBUG[0m [2methereum_transaction_pool_monitor::eth_client[0m[2m:[0m 📨 Received WebSocket message: {"jsonrpc":"2.0","method":"eth_subscription","params":{"subscription":"0xbed0a0851463e895960a451075a301a9","result":"0xaffd0135632fa456b53f9ff98aa92252d0621369b7faaf4a4d927438ff338f09"}}
[2m2025-12-10T10:19:45.576727Z[0m [34mDEBUG[0m [2methereum_transaction_pool_monitor::eth_client[0m[2m:[0m 📨 Received pending transaction: 0xaffd0135632fa456b53f9ff98aa92252d0621369b7faaf4a4d927438ff338f09
[2m2025-12-10T10:19:45.577019Z[0m [34mDEBUG[0m [2mhyper::proto::h1::io[0m[2m:[0m parsed 4 headers
[2m2025-12-10T10:19:45.577067Z[0m [34mDEBUG[0m [2mhyper::proto::h1::conn[0m[2m:[0m incoming body is content-length (45 bytes)
[2m2025-12-10T10:19:45.577087Z[0m [34mDEBUG[0m [2mhyper::proto::h1::conn[0m[2m:[0m incoming body completed
[2m2025-12-10T10:19:45.577105Z[0m [34mDEBUG[0m [2mhyper::client::pool[0m[2m:[0m pooling idle connection for ("http", 192.168.0.14:8545)
[2m2025-12-10T10:19:45.577148Z[0m [34mDEBUG[0m [2mhyper::client::pool[0m[2m:[0m reuse idle connection for ("http", 192.168.0.14:8545)
[2m2025-12-10T10:19:45.577187Z[0m [34mDEBUG[0m [2mhyper::proto::h1::io[0m[2m:[0m flushed 172 bytes
[2m2025-12-10T10:19:45.581566Z[0m [34mDEBUG[0m [2mhyper::proto::h1::io[0m[2m:[0m parsed 4 headers
[2m2025-12-10T10:19:45.581594Z[0m [34mDEBUG[0m [2mhyper::proto::h1::conn[0m[2m:[0m incoming body is content-length (45 bytes)
[2m2025-12-10T10:19:45.581608Z[0m [34mDEBUG[0m [2mhyper::proto::h1::conn[0m[2m:[0m incoming body completed
[2m2025-12-10T10:19:45.581628Z[0m [34mDEBUG[0m [2mhyper::client::pool[0m[2m:[0m pooling idle connection for ("http", 192.168.0.14:8545)
[2m2025-12-10T10:19:45.581692Z[0m [34mDEBUG[0m [2mhyper::client::pool[0m[2m:[0m reuse idle connection for ("http", 192.168.0.14:8545)
[2m2025-12-10T10:19:45.581767Z[0m [34mDEBUG[0m [2mhyper::proto::h1::io[0m[2m:[0m flushed 172 bytes
[2m2025-12-10T10:19:45.585385Z[0m [34mDEBUG[0m [2mhyper::proto::h1::io[0m[2m:[0m parsed 4 headers
[2m2025-12-10T10:19:45.585413Z[0m [34mDEBUG[0m [2mhyper::proto::h1::conn[0m[2m:[0m incoming body is content-length (45 bytes)
[2m2025-12-10T10:19:45.585429Z[0m [34mDEBUG[0m [2mhyper::proto::h1::conn[0m[2m:[0m incoming body completed
[2m2025-12-10T10:19:45.585448Z[0m [34mDEBUG[0m [2mhyper::client::pool[0m[2m:[0m pooling idle connection for ("http", 192.168.0.14:8545)
[2m2025-12-10T10:19:45.585491Z[0m [34mDEBUG[0m [2mhyper::client::pool[0m[2m:[0m reuse idle connection for ("http", 192.168.0.14:8545)
[2m2025-12-10T10:19:45.585540Z[0m [34mDEBUG[0m [2mhyper::proto::h1::io[0m[2m:[0m flushed 172 bytes
[2m2025-12-10T10:19:45.589110Z[0m [34mDEBUG[0m [2mhyper::proto::h1::io[0m[2m:[0m parsed 4 headers
[2m2025-12-10T10:19:45.589134Z[0m [34mDEBUG[0m [2mhyper::proto::h1::conn[0m[2m:[0m incoming body is content-length (45 bytes)
[2m2025-12-10T10:19:45.589147Z[0m [34mDEBUG[0m [2mhyper::proto::h1::conn[0m[2m:[0m incoming body completed
[2m2025-12-10T10:19:45.589163Z[0m [34mDEBUG[0m [2mhyper::client::pool[0m[2m:[0m pooling idle connection for ("http", 192.168.0.14:8545)
[2m2025-12-10T10:19:45.589198Z[0m [34mDEBUG[0m [2mhyper::client::pool[0m[2m:[0m reuse idle connection for ("http", 192.168.0.14:8545)
[2m2025-12-10T10:19:45.589232Z[0m [34mDEBUG[0m [2mhyper::proto::h1::io[0m[2m:[0m flushed 172 bytes
[2m2025-12-10T10:19:45.618589Z[0m [34mDEBUG[0m [2mhyper::proto::h1::io[0m[2m:[0m parsed 4 headers
[2m2025-12-10T10:19:45.618635Z[0m [34mDEBUG[0m [2mhyper::proto::h1::conn[0m[2m:[0m incoming body is content-length (45 bytes)
[2m2025-12-10T10:19:45.618654Z[0m [34mDEBUG[0m [2mhyper::proto::h1::conn[0m[2m:[0m incoming body completed
[2m2025-12-10T10:19:45.618711Z[0m [34mDEBUG[0m [2mhyper::client::pool[0m[2m:[0m pooling idle connection for ("http", 192.168.0.14:8545)
[2m2025-12-10T10:19:45.618765Z[0m [34mDEBUG[0m [2mhyper::client::pool[0m[2m:[0m reuse idle connection for ("http", 192.168.0.14:8545)
[2m2025-12-10T10:19:45.618936Z[0m [34mDEBUG[0m [2mhyper::proto::h1::io[0m[2m:[0m flushed 172 bytes
[2m2025-12-10T10:19:45.622016Z[0m [34mDEBUG[0m [2mhyper::proto::h1::io[0m[2m:[0m parsed 4 headers
[2m2025-12-10T10:19:45.622047Z[0m [34mDEBUG[0m [2mhyper::proto::h1::conn[0m[2m:[0m incoming body is content-length (45 bytes)
[2m2025-12-10T10:19:45.622061Z[0m [34mDEBUG[0m [2mhyper::proto::h1::conn[0m[2m:[0m incoming body completed
[2m2025-12-10T10:19:45.622080Z[0m [34mDEBUG[0m [2mhyper::client::pool[0m[2m:[0m pooling idle connection for ("http", 192.168.0.14:8545)
[2m2025-12-10T10:19:45.622123Z[0m [34mDEBUG[0m [2mhyper::client::pool[0m[2m:[0m reuse idle connection for ("http", 192.168.0.14:8545)
[2m2025-12-10T10:19:45.622172Z[0m [34mDEBUG[0m [2mhyper::proto::h1::io[0m[2m:[0m flushed 172 bytes
[2m2025-12-10T10:19:45.626906Z[0m [34mDEBUG[0m [2mhyper::proto::h1::io[0m[2m:[0m parsed 4 headers
[2m2025-12-10T10:19:45.626944Z[0m [34mDEBUG[0m [2mhyper::proto::h1::conn[0m[2m:[0m incoming body is content-length (45 bytes)
[2m2025-12-10T10:19:45.626961Z[0m [34mDEBUG[0m [2mhyper::proto::h1::conn[0m[2m:[0m incoming body completed
[2m2025-12-10T10:19:45.626982Z[0m [34mDEBUG[0m [2mhyper::client::pool[0m[2m:[0m pooling idle connection for ("http", 192.168.0.14:8545)
[2m2025-12-10T10:19:45.627028Z[0m [34mDEBUG[0m [2mhyper::client::pool[0m[2m:[0m reuse idle connection for ("http", 192.168.0.14:8545)
[2m2025-12-10T10:19:45.627086Z[0m [34mDEBUG[0m [2mhyper::proto::h1::io[0m[2m:[0m flushed 172 bytes
[2m2025-12-10T10:19:45.630463Z[0m [34mDEBUG[0m [2mhyper::proto::h1::io[0m[2m:[0m parsed 4 headers
[2m2025-12-10T10:19:45.630496Z[0m [34mDEBUG[0m [2mhyper::proto::h1::conn[0m[2m:[0m incoming body is content-length (45 bytes)
[2m2025-12-10T10:19:45.630510Z[0m [34mDEBUG[0m [2mhyper::proto::h1::conn[0m[2m:[0m incoming body completed
[2m2025-12-10T10:19:45.630528Z[0m [34mDEBUG[0m [2mhyper::client::pool[0m[2m:[0m pooling idle connection for ("http", 192.168.0.14:8545)
[2m2025-12-10T10:19:45.643086Z[0m [34mDEBUG[0m [2mhyper::client::pool[0m[2m:[0m reuse idle connection for ("http", 192.168.0.14:8545)
[2m2025-12-10T10:19:45.853549Z[0m [34mDEBUG[0m [2mhyper::proto::h1::io[0m[2m:[0m flushed 172 bytes
[2m2025-12-10T10:19:45.953798Z[0m [34mDEBUG[0m [2mhyper::proto::h1::io[0m[2m:[0m parsed 4 headers
[2m2025-12-10T10:19:45.953823Z[0m [34mDEBUG[0m [2mhyper::proto::h1::conn[0m[2m:[0m incoming body is content-length (45 bytes)
[2m2025-12-10T10:19:45.953841Z[0m [34mDEBUG[0m [2mhyper::proto::h1::conn[0m[2m:[0m incoming body completed
[2m2025-12-10T10:19:45.953859Z[0m [34mDEBUG[0m [2mhyper::client::pool[0m[2m:[0m pooling idle connection for ("http", 192.168.0.14:8545)
[2m2025-12-10T10:19:45.953925Z[0m [34mDEBUG[0m [2mhyper::client::pool[0m[2m:[0m reuse idle connection for ("http", 192.168.0.14:8545)
[2m2025-12-10T10:19:45.953979Z[0m [34mDEBUG[0m [2mhyper::proto::h1::io[0m[2m:[0m flushed 172 bytes
[2m2025-12-10T10:19:46.002017Z[0m [34mDEBUG[0m [2mhyper::proto::h1::io[0m[2m:[0m parsed 4 headers
[2m2025-12-10T10:19:46.005654Z[0m [34mDEBUG[0m [2mhyper::proto::h1::conn[0m[2m:[0m incoming body is content-length (45 bytes)
[2m2025-12-10T10:19:46.397678Z[0m [34mDEBUG[0m [2mhyper::proto::h1::conn[0m[2m:[0m incoming body completed
[2m2025-12-10T10:19:46.662608Z[0m [34mDEBUG[0m [2mhyper::client::pool[0m[2m:[0m pooling idle connection for ("http", 192.168.0.14:8545)
[2m2025-12-10T10:19:46.675078Z[0m [34mDEBUG[0m [2mhyper::client::pool[0m[2m:[0m reuse idle connection for ("http", 192.168.0.14:8545)
[2m2025-12-10T10:19:46.678245Z[0m [34mDEBUG[0m [2mhyper::proto::h1::io[0m[2m:[0m flushed 172 bytes
[2m2025-12-10T10:19:46.832333Z[0m [34mDEBUG[0m [2methereum_transaction_pool_monitor::eth_client[0m[2m:[0m 📨 Received WebSocket message: {"jsonrpc":"2.0","method":"eth_subscription","params":{"subscription":"0xbed0a0851463e895960a451075a301a9","result":"0x6e9b494498c18a8af672ce566aed21168ed60ddd9a99ce81b7e18e2342ba4760"}}
[2m2025-12-10T10:19:46.832399Z[0m [34mDEBUG[0m [2methereum_transaction_pool_monitor::eth_client[0m[2m:[0m 📨 Received pending transaction: 0x6e9b494498c18a8af672ce566aed21168ed60ddd9a99ce81b7e18e2342ba4760
[2m2025-12-10T10:19:46.912466Z[0m [34mDEBUG[0m [2methereum_transaction_pool_monitor::eth_client[0m[2m:[0m 📨 Received WebSocket message: {"jsonrpc":"2.0","method":"eth_subscription","params":{"subscription":"0xbed0a0851463e895960a451075a301a9","result":"0x15298c0ed27ff6d31ec0d0522722551492db9e68c59e172b62fc520028828f98"}}
[2m2025-12-10T10:19:46.912609Z[0m [34mDEBUG[0m [2methereum_transaction_pool_monitor::eth_client[0m[2m:[0m 📨 Received pending transaction: 0x15298c0ed27ff6d31ec0d0522722551492db9e68c59e172b62fc520028828f98
[2m2025-12-10T10:19:46.912623Z[0m [34mDEBUG[0m [2methereum_transaction_pool_monitor::eth_client[0m[2m:[0m 📨 Received WebSocket message: {"jsonrpc":"2.0","method":"eth_subscription","params":{"subscription":"0xbed0a0851463e895960a451075a301a9","result":"0x6256949029a9c054bccbc75750d29bb9fa53359427f274ff296bfce9f1f6e030"}}
[2m2025-12-10T10:19:46.912703Z[0m [34mDEBUG[0m [2methereum_transaction_pool_monitor::eth_client[0m[2m:[0m 📨 Received pending transaction: 0x6256949029a9c054bccbc75750d29bb9fa53359427f274ff296bfce9f1f6e030
[2m2025-12-10T10:19:46.912718Z[0m [34mDEBUG[0m [2methereum_transaction_pool_monitor::eth_client[0m[2m:[0m 📨 Received WebSocket message: {"jsonrpc":"2.0","method":"eth_subscription","params":{"subscription":"0xbed0a0851463e895960a451075a301a9","result":"0x80685c115fac8066704f96721e7dddb831545941a905239190ccb6ec59446192"}}
[2m2025-12-10T10:19:46.912730Z[0m [34mDEBUG[0m [2methereum_transaction_pool_monitor::eth_client[0m[2m:[0m 📨 Received pending transaction: 0x80685c115fac8066704f96721e7dddb831545941a905239190ccb6ec59446192
[2m2025-12-10T10:19:46.912735Z[0m [34mDEBUG[0m [2methereum_transaction_pool_monitor::eth_client[0m[2m:[0m 📨 Received WebSocket message: {"jsonrpc":"2.0","method":"eth_subscription","params":{"subscription":"0xbed0a0851463e895960a451075a301a9","result":"0x105a9119a9c83c48617667d6902b1d305762209da9ddfa66fd148beac3391ab8"}}
[2m2025-12-10T10:19:46.912741Z[0m [34mDEBUG[0m [2methereum_transaction_pool_monitor::eth_client[0m[2m:[0m 📨 Received pending transaction: 0x105a9119a9c83c48617667d6902b1d305762209da9ddfa66fd148beac3391ab8
[2m2025-12-10T10:19:46.912745Z[0m [34mDEBUG[0m [2methereum_transaction_pool_monitor::eth_client[0m[2m:[0m 📨 Received WebSocket message: {"jsonrpc":"2.0","method":"eth_subscription","params":{"subscription":"0xbed0a0851463e895960a451075a301a9","result":"0x4b0816a7dea8495541257abc7c86a2c98128146c2a403445ef3d45fafeb82fc1"}}
[2m2025-12-10T10:19:46.912750Z[0m [34mDEBUG[0m [2methereum_transaction_pool_monitor::eth_client[0m[2m:[0m 📨 Received pending transaction: 0x4b0816a7dea8495541257abc7c86a2c98128146c2a403445ef3d45fafeb82fc1
[2m2025-12-10T10:19:46.912754Z[0m [34mDEBUG[0m [2methereum_transaction_pool_monitor::eth_client[0m[2m:[0m 📨 Received WebSocket message: {"jsonrpc":"2.0","method":"eth_subscription","params":{"subscription":"0xbed0a0851463e895960a451075a301a9","result":"0x007601b20919b5304e0fe11fef42c458067ccb821056dce5c6f661d418874eb4"}}
[2m2025-12-10T10:19:46.912758Z[0m [34mDEBUG[0m [2methereum_transaction_pool_monitor::eth_client[0m[2m:[0m 📨 Received pending transaction: 0x007601b20919b5304e0fe11fef42c458067ccb821056dce5c6f661d418874eb4
[2m2025-12-10T10:19:46.912761Z[0m [34mDEBUG[0m [2methereum_transaction_pool_monitor::eth_client[0m[2m:[0m 📨 Received WebSocket message: {"jsonrpc":"2.0","method":"eth_subscription","params":{"subscription":"0xbed0a0851463e895960a451075a301a9","result":"0x15045fb5e026f391a0601ca3115a39ec1a403aad09d6144c49636f82714ffbcb"}}
[2m2025-12-10T10:19:46.912766Z[0m [34mDEBUG[0m [2methereum_transaction_pool_monitor::eth_client[0m[2m:[0m 📨 Received pending transaction: 0x15045fb5e026f391a0601ca3115a39ec1a403aad09d6144c49636f82714ffbcb
[2m2025-12-10T10:19:46.912769Z[0m [34mDEBUG[0m [2methereum_transaction_pool_monitor::eth_client[0m[2m:[0m 📨 Received WebSocket message: {"jsonrpc":"2.0","method":"eth_subscription","params":{"subscription":"0xbed0a0851463e895960a451075a301a9","result":"0x5d556baca4cd8920be45868e9ae8fb512494d1d7cc862fa9206bc1241db48ebe"}}
[2m2025-12-10T10:19:46.912773Z[0m [34mDEBUG[0m [2methereum_transaction_pool_monitor::eth_client[0m[2m:[0m 📨 Received pending transaction: 0x5d556baca4cd8920be45868e9ae8fb512494d1d7cc862fa9206bc1241db48ebe
[2m2025-12-10T10:19:46.912777Z[0m [34mDEBUG[0m [2methereum_transaction_pool_monitor::eth_client[0m[2m:[0m 📨 Received WebSocket message: {"jsonrpc":"2.0","method":"eth_subscription","params":{"subscription":"0xbed0a0851463e895960a451075a301a9","result":"0x9ab89e87f7737f73a2e49dc08d549a82ceb14d5be2feb4c4fb1bd3cc83909459"}}
[2m2025-12-10T10:19:46.912781Z[0m [34mDEBUG[0m [2methereum_transaction_pool_monitor::eth_client[0m[2m:[0m 📨 Received pending transaction: 0x9ab89e87f7737f73a2e49dc08d549a82ceb14d5be2feb4c4fb1bd3cc83909459
[2m2025-12-10T10:19:46.912784Z[0m [34mDEBUG[0m [2methereum_transaction_pool_monitor::eth_client[0m[2m:[0m 📨 Received WebSocket message: {"jsonrpc":"2.0","method":"eth_subscription","params":{"subscription":"0xbed0a0851463e895960a451075a301a9","result":"0xdbdf3371564286c769d9d7be90253a1c7f508bbd63f7ed138532b8c04249e55b"}}
[2m2025-12-10T10:19:46.912788Z[0m [34mDEBUG[0m [2methereum_transaction_pool_monitor::eth_client[0m[2m:[0m 📨 Received pending transaction: 0xdbdf3371564286c769d9d7be90253a1c7f508bbd63f7ed138532b8c04249e55b
[2m2025-12-10T10:19:46.912971Z[0m [34mDEBUG[0m [2methereum_transaction_pool_monitor::eth_client[0m[2m:[0m 📨 Received WebSocket message: {"jsonrpc":"2.0","method":"eth_subscription","params":{"subscription":"0xbed0a0851463e895960a451075a301a9","result":"0x7caca38cb474155bf72aacf7507ca17ed815f39046c5e4bf725c83c2c64cf662"}}
[2m2025-12-10T10:19:46.912978Z[0m [34mDEBUG[0m [2methereum_transaction_pool_monitor::eth_client[0m[2m:[0m 📨 Received pending transaction: 0x7caca38cb474155bf72aacf7507ca17ed815f39046c5e4bf725c83c2c64cf662
[2m2025-12-10T10:19:46.912982Z[0m [34mDEBUG[0m [2methereum_transaction_pool_monitor::eth_client[0m[2m:[0m 📨 Received WebSocket message: {"jsonrpc":"2.0","method":"eth_subscription","params":{"subscription":"0xbed0a0851463e895960a451075a301a9","result":"0x6f60fdfcd49f4371c331298819a533862db0f40d0b9d669d6bc8d430a484b37c"}}
[2m2025-12-10T10:19:46.912987Z[0m [34mDEBUG[0m [2methereum_transaction_pool_monitor::eth_client[0m[2m:[0m 📨 Received pending transaction: 0x6f60fdfcd49f4371c331298819a533862db0f40d0b9d669d6bc8d430a484b37c
[2m2025-12-10T10:19:46.913010Z[0m [34mDEBUG[0m [2mhyper::proto::h1::io[0m[2m:[0m parsed 4 headers
[2m2025-12-10T10:19:46.913017Z[0m [34mDEBUG[0m [2mhyper::proto::h1::conn[0m[2m:[0m incoming body is content-length (45 bytes)
[2m2025-12-10T10:19:46.913030Z[0m [34mDEBUG[0m [2mhyper::proto::h1::conn[0m[2m:[0m incoming body completed
[2m2025-12-10T10:19:46.913050Z[0m [34mDEBUG[0m [2mhyper::client::pool[0m[2m:[0m pooling idle connection for ("http", 192.168.0.14:8545)
[2m2025-12-10T10:19:46.913089Z[0m [34mDEBUG[0m [2mhyper::client::pool[0m[2m:[0m reuse idle connection for ("http", 192.168.0.14:8545)
[2m2025-12-10T10:19:46.913505Z[0m [34mDEBUG[0m [2mhyper::proto::h1::io[0m[2m:[0m flushed 172 bytes
[2m2025-12-10T10:19:46.917593Z[0m [34mDEBUG[0m [2mhyper::proto::h1::io[0m[2m:[0m parsed 4 headers
[2m2025-12-10T10:19:46.917608Z[0m [34mDEBUG[0m [2mhyper::proto::h1::conn[0m[2m:[0m incoming body is content-length (45 bytes)
[2m2025-12-10T10:19:46.917615Z[0m [34mDEBUG[0m [2mhyper::proto::h1::conn[0m[2m:[0m incoming body completed
[2m2025-12-10T10:19:46.917624Z[0m [34mDEBUG[0m [2mhyper::client::pool[0m[2m:[0m pooling idle connection for ("http", 192.168.0.14:8545)
[2m2025-12-10T10:19:46.917649Z[0m [34mDEBUG[0m [2mhyper::client::pool[0m[2m:[0m reuse idle connection for ("http", 192.168.0.14:8545)
[2m2025-12-10T10:19:46.917681Z[0m [34mDEBUG[0m [2mhyper::proto::h1::io[0m[2m:[0m flushed 172 bytes
[2m2025-12-10T10:19:46.921373Z[0m [34mDEBUG[0m [2mhyper::proto::h1::io[0m[2m:[0m parsed 4 headers
[2m2025-12-10T10:19:46.921380Z[0m [34mDEBUG[0m [2mhyper::proto::h1::conn[0m[2m:[0m incoming body is content-length (45 bytes)
[2m2025-12-10T10:19:46.921386Z[0m [34mDEBUG[0m [2mhyper::proto::h1::conn[0m[2m:[0m incoming body completed
[2m2025-12-10T10:19:46.921391Z[0m [34mDEBUG[0m [2mhyper::client::pool[0m[2m:[0m pooling idle connection for ("http", 192.168.0.14:8545)
[2m2025-12-10T10:19:46.921405Z[0m [34mDEBUG[0m [2mhyper::client::pool[0m[2m:[0m reuse idle connection for ("http", 192.168.0.14:8545)
[2m2025-12-10T10:19:46.921426Z[0m [34mDEBUG[0m [2mhyper::proto::h1::io[0m[2m:[0m flushed 172 bytes
[2m2025-12-10T10:19:46.925645Z[0m [34mDEBUG[0m [2mhyper::proto::h1::io[0m[2m:[0m parsed 4 headers
[2m2025-12-10T10:19:46.925656Z[0m [34mDEBUG[0m [2mhyper::proto::h1::conn[0m[2m:[0m incoming body is content-length (45 bytes)
[2m2025-12-10T10:19:46.925663Z[0m [34mDEBUG[0m [2mhyper::proto::h1::conn[0m[2m:[0m incoming body completed
[2m2025-12-10T10:19:46.925671Z[0m [34mDEBUG[0m [2mhyper::client::pool[0m[2m:[0m pooling idle connection for ("http", 192.168.0.14:8545)
[2m2025-12-10T10:19:46.925692Z[0m [34mDEBUG[0m [2mhyper::client::pool[0m[2m:[0m reuse idle connection for ("http", 192.168.0.14:8545)
[2m2025-12-10T10:19:46.925727Z[0m [34mDEBUG[0m [2mhyper::proto::h1::io[0m[2m:[0m flushed 172 bytes
[2m2025-12-10T10:19:47.179946Z[0m [34mDEBUG[0m [2mhyper::proto::h1::io[0m[2m:[0m parsed 4 headers
[2m2025-12-10T10:19:47.180026Z[0m [34mDEBUG[0m [2mhyper::proto::h1::conn[0m[2m:[0m incoming body is content-length (45 bytes)
[2m2025-12-10T10:19:47.180282Z[0m [34mDEBUG[0m [2mhyper::proto::h1::conn[0m[2m:[0m incoming body completed
[2m2025-12-10T10:19:47.180387Z[0m [34mDEBUG[0m [2mhyper::client::pool[0m[2m:[0m pooling idle connection for ("http", 192.168.0.14:8545)
[2m2025-12-10T10:19:47.180612Z[0m [34mDEBUG[0m [2mhyper::client::pool[0m[2m:[0m reuse idle connection for ("http", 192.168.0.14:8545)
[2m2025-12-10T10:19:47.180764Z[0m [34mDEBUG[0m [2methereum_transaction_pool_monitor::eth_client[0m[2m:[0m 📨 Received WebSocket message: {"jsonrpc":"2.0","method":"eth_subscription","params":{"subscription":"0xbed0a0851463e895960a451075a301a9","result":"0x045aba7cb884b50123b433932597c8e87c0c5c6da6b0fd066cfa8f322583e4d0"}}
[2m2025-12-10T10:19:47.180788Z[0m [34mDEBUG[0m [2methereum_transaction_pool_monitor::eth_client[0m[2m:[0m 📨 Received pending transaction: 0x045aba7cb884b50123b433932597c8e87c0c5c6da6b0fd066cfa8f322583e4d0
[2m2025-12-10T10:19:47.180788Z[0m [34mDEBUG[0m [2mhyper::proto::h1::io[0m[2m:[0m flushed 172 bytes
[2m2025-12-10T10:19:47.181224Z[0m [34mDEBUG[0m [2methereum_transaction_pool_monitor::eth_client[0m[2m:[0m 📨 Received WebSocket message: {"jsonrpc":"2.0","method":"eth_subscription","params":{"subscription":"0xbed0a0851463e895960a451075a301a9","result":"0x3ea7c482015ca7c5e4b65a8f1668a60e29c47825132afd2cc10c3a87f0bbacab"}}
[2m2025-12-10T10:19:47.181240Z[0m [34mDEBUG[0m [2methereum_transaction_pool_monitor::eth_client[0m[2m:[0m 📨 Received pending transaction: 0x3ea7c482015ca7c5e4b65a8f1668a60e29c47825132afd2cc10c3a87f0bbacab
[2m2025-12-10T10:19:47.181250Z[0m [34mDEBUG[0m [2methereum_transaction_pool_monitor::eth_client[0m[2m:[0m 📨 Received WebSocket message: {"jsonrpc":"2.0","method":"eth_subscription","params":{"subscription":"0xbed0a0851463e895960a451075a301a9","result":"0xc4a61f87704d869a053466fd16a819eb65a04b1598d68561420df730cd8520e7"}}
[2m2025-12-10T10:19:47.181261Z[0m [34mDEBUG[0m [2methereum_transaction_pool_monitor::eth_client[0m[2m:[0m 📨 Received pending transaction: 0xc4a61f87704d869a053466fd16a819eb65a04b1598d68561420df730cd8520e7
[2m2025-12-10T10:19:47.441425Z[0m [34mDEBUG[0m [2mhyper::proto::h1::io[0m[2m:[0m parsed 4 headers
[2m2025-12-10T10:19:47.627789Z[0m [34mDEBUG[0m [2mhyper::proto::h1::conn[0m[2m:[0m incoming body is content-length (45 bytes)
[2m2025-12-10T10:19:48.005327Z[0m [34mDEBUG[0m [2mhyper::proto::h1::conn[0m[2m:[0m incoming body completed
[2m2025-12-10T10:19:48.258483Z[0m [34mDEBUG[0m [2mhyper::client::pool[0m[2m:[0m pooling idle connection for ("http", 192.168.0.14:8545)
[2m2025-12-10T10:19:48.633598Z[0m [34mDEBUG[0m [2mhyper::client::pool[0m[2m:[0m reuse idle connection for ("http", 192.168.0.14:8545)
[2m2025-12-10T10:19:48.635951Z[0m [34mDEBUG[0m [2mhyper::proto::h1::io[0m[2m:[0m flushed 172 bytes
[2m2025-12-10T10:19:48.641945Z[0m [34mDEBUG[0m [2methereum_transaction_pool_monitor::eth_client[0m[2m:[0m 📨 Received WebSocket message: {"jsonrpc":"2.0","method":"eth_subscription","params":{"subscription":"0xbed0a0851463e895960a451075a301a9","result":"0x02e7added50846e34682d325a9d0b562cc4e617fce3b3747e154ac9bd64afb5c"}}
[2m2025-12-10T10:19:48.641970Z[0m [34mDEBUG[0m [2methereum_transaction_pool_monitor::eth_client[0m[2m:[0m 📨 Received pending transaction: 0x02e7added50846e34682d325a9d0b562cc4e617fce3b3747e154ac9bd64afb5c
[2m2025-12-10T10:19:48.642003Z[0m [34mDEBUG[0m [2methereum_transaction_pool_monitor::eth_client[0m[2m:[0m 📨 Received WebSocket message: {"jsonrpc":"2.0","method":"eth_subscription","params":{"subscription":"0xbed0a0851463e895960a451075a301a9","result":"0xec9929f125859e2806458bb45e44724b5af48ef0a0fddf51195a5acbeb6c978d"}}
[2m2025-12-10T10:19:48.642012Z[0m [34mDEBUG[0m [2methereum_transaction_pool_monitor::eth_client[0m[2m:[0m 📨 Received pending transaction: 0xec9929f125859e2806458bb45e44724b5af48ef0a0fddf51195a5acbeb6c978d
[2m2025-12-10T10:19:48.642019Z[0m [34mDEBUG[0m [2methereum_transaction_pool_monitor::eth_client[0m[2m:[0m 📨 Received WebSocket message: {"jsonrpc":"2.0","method":"eth_subscription","params":{"subscription":"0xbed0a0851463e895960a451075a301a9","result":"0x8b280f2d0d549beb4304aef36f6445a099abc53f716fcbe95e235cfdb63e55f0"}}
[2m2025-12-10T10:19:48.642040Z[0m [34mDEBUG[0m [2mhyper::proto::h1::io[0m[2m:[0m parsed 4 headers
[2m2025-12-10T10:19:48.642242Z[0m [34mDEBUG[0m [2methereum_transaction_pool_monitor::eth_client[0m[2m:[0m 📨 Received pending transaction: 0x8b280f2d0d549beb4304aef36f6445a099abc53f716fcbe95e235cfdb63e55f0
[2m2025-12-10T10:19:48.642249Z[0m [34mDEBUG[0m [2methereum_transaction_pool_monitor::eth_client[0m[2m:[0m 📨 Received WebSocket message: {"jsonrpc":"2.0","method":"eth_subscription","params":{"subscription":"0xbed0a0851463e895960a451075a301a9","result":"0x735dcb854a284b1dd2f4cfe076922a3748cb36e96f940aac65819fb40901f3d9"}}
[2m2025-12-10T10:19:48.642257Z[0m [34mDEBUG[0m [2mhyper::proto::h1::conn[0m[2m:[0m incoming body is content-length (45 bytes)
[2m2025-12-10T10:19:48.642268Z[0m [34mDEBUG[0m [2methereum_transaction_pool_monitor::eth_client[0m[2m:[0m 📨 Received pending transaction: 0x735dcb854a284b1dd2f4cfe076922a3748cb36e96f940aac65819fb40901f3d9
[2m2025-12-10T10:19:48.642275Z[0m [34mDEBUG[0m [2methereum_transaction_pool_monitor::eth_client[0m[2m:[0m 📨 Received WebSocket message: {"jsonrpc":"2.0","method":"eth_subscription","params":{"subscription":"0xbed0a0851463e895960a451075a301a9","result":"0x336d9085ac166064b8e0db313543be052c3cf9813c6abd3401b9f17e60424c87"}}
[2m2025-12-10T10:19:48.642281Z[0m [34mDEBUG[0m [2methereum_transaction_pool_monitor::eth_client[0m[2m:[0m 📨 Received pending transaction: 0x336d9085ac166064b8e0db313543be052c3cf9813c6abd3401b9f17e60424c87
[2m2025-12-10T10:19:48.642286Z[0m [34mDEBUG[0m [2methereum_transaction_pool_monitor::eth_client[0m[2m:[0m 📨 Received WebSocket message: {"jsonrpc":"2.0","method":"eth_subscription","params":{"subscription":"0xbed0a0851463e895960a451075a301a9","result":"0xb6d592fd1f430c18c0f0212d9e9e5e05acc5671e4c1f7dac82ebb7220937bbc2"}}
[2m2025-12-10T10:19:48.642291Z[0m [34mDEBUG[0m [2methereum_transaction_pool_monitor::eth_client[0m[2m:[0m 📨 Received pending transaction: 0xb6d592fd1f430c18c0f0212d9e9e5e05acc5671e4c1f7dac82ebb7220937bbc2
[2m2025-12-10T10:19:48.642293Z[0m [34mDEBUG[0m [2mhyper::proto::h1::conn[0m[2m:[0m incoming body completed
[2m2025-12-10T10:19:48.642296Z[0m [34mDEBUG[0m [2methereum_transaction_pool_monitor::eth_client[0m[2m:[0m 📨 Received WebSocket message: {"jsonrpc":"2.0","method":"eth_subscription","params":{"subscription":"0xbed0a0851463e895960a451075a301a9","result":"0x95eb262a1a3df526d5a7fd8dd579e64d2709941bff32df4fd527d14be726f036"}}
[2m2025-12-10T10:19:48.642308Z[0m [34mDEBUG[0m [2methereum_transaction_pool_monitor::eth_client[0m[2m:[0m 📨 Received pending transaction: 0x95eb262a1a3df526d5a7fd8dd579e64d2709941bff32df4fd527d14be726f036
[2m2025-12-10T10:19:48.642312Z[0m [34mDEBUG[0m [2mhyper::client::pool[0m[2m:[0m pooling idle connection for ("http", 192.168.0.14:8545)
[2m2025-12-10T10:19:48.642315Z[0m [34mDEBUG[0m [2methereum_transaction_pool_monitor::eth_client[0m[2m:[0m 📨 Received WebSocket message: {"jsonrpc":"2.0","method":"eth_subscription","params":{"subscription":"0xbed0a0851463e895960a451075a301a9","result":"0x4b8d1e0b7bbf1dd905b5bd9891b8d983f4dc3d69e6ffb8b9561ac4156a071d67"}}
[2m2025-12-10T10:19:48.642325Z[0m [34mDEBUG[0m [2methereum_transaction_pool_monitor::eth_client[0m[2m:[0m 📨 Received pending transaction: 0x4b8d1e0b7bbf1dd905b5bd9891b8d983f4dc3d69e6ffb8b9561ac4156a071d67
[2m2025-12-10T10:19:48.642330Z[0m [34mDEBUG[0m [2methereum_transaction_pool_monitor::eth_client[0m[2m:[0m 📨 Received WebSocket message: {"jsonrpc":"2.0","method":"eth_subscription","params":{"subscription":"0xbed0a0851463e895960a451075a301a9","result":"0x2d4dcf50dc358d1d26720f79b3f7613ecce70497a895e32bfbdbdc7c80635018"}}
[2m2025-12-10T10:19:48.642358Z[0m [34mDEBUG[0m [2mhyper::client::pool[0m[2m:[0m reuse idle connection for ("http", 192.168.0.14:8545)
[2m2025-12-10T10:19:48.642404Z[0m [34mDEBUG[0m [2mhyper::proto::h1::io[0m[2m:[0m flushed 172 bytes
[2m2025-12-10T10:19:48.642417Z[0m [34mDEBUG[0m [2methereum_transaction_pool_monitor::eth_client[0m[2m:[0m 📨 Received pending transaction: 0x2d4dcf50dc358d1d26720f79b3f7613ecce70497a895e32bfbdbdc7c80635018
[2m2025-12-10T10:19:48.642430Z[0m [34mDEBUG[0m [2methereum_transaction_pool_monitor::eth_client[0m[2m:[0m 📨 Received WebSocket message: {"jsonrpc":"2.0","method":"eth_subscription","params":{"subscription":"0xbed0a0851463e895960a451075a301a9","result":"0x60279905b47271f1a59dfa1db5dee7a1ae0e0b2fa607efab3560d6a68e54876b"}}
[2m2025-12-10T10:19:48.642436Z[0m [34mDEBUG[0m [2methereum_transaction_pool_monitor::eth_client[0m[2m:[0m 📨 Received pending transaction: 0x60279905b47271f1a59dfa1db5dee7a1ae0e0b2fa607efab3560d6a68e54876b
[2m2025-12-10T10:19:48.642442Z[0m [34mDEBUG[0m [2methereum_transaction_pool_monitor::eth_client[0m[2m:[0m 📨 Received WebSocket message: {"jsonrpc":"2.0","method":"eth_subscription","params":{"subscription":"0xbed0a0851463e895960a451075a301a9","result":"0x8aae59ac62df003a203b9e3115aac6b31a45dc936e09fd50abad20666cabd0da"}}
[2m2025-12-10T10:19:48.642447Z[0m [34mDEBUG[0m [2methereum_transaction_pool_monitor::eth_client[0m[2m:[0m 📨 Received pending transaction: 0x8aae59ac62df003a203b9e3115aac6b31a45dc936e09fd50abad20666cabd0da
[2m2025-12-10T10:19:48.642452Z[0m [34mDEBUG[0m [2methereum_transaction_pool_monitor::eth_client[0m[2m:[0m 📨 Received WebSocket message: {"jsonrpc":"2.0","method":"eth_subscription","params":{"subscription":"0xbed0a0851463e895960a451075a301a9","result":"0xba047fbd703f7f39b64840484408a6440a39fa5b182a4b6a4af5206a11ed5eb3"}}
[2m2025-12-10T10:19:48.642457Z[0m [34mDEBUG[0m [2methereum_transaction_pool_monitor::eth_client[0m[2m:[0m 📨 Received pending transaction: 0xba047fbd703f7f39b64840484408a6440a39fa5b182a4b6a4af5206a11ed5eb3
[2m2025-12-10T10:19:48.642462Z[0m [34mDEBUG[0m [2methereum_transaction_pool_monitor::eth_client[0m[2m:[0m 📨 Received WebSocket message: {"jsonrpc":"2.0","method":"eth_subscription","params":{"subscription":"0xbed0a0851463e895960a451075a301a9","result":"0x539472a46ee75869dad18077af328d1a110e20c2293be732ae9a13014ae11295"}}
[2m2025-12-10T10:19:48.642467Z[0m [34mDEBUG[0m [2methereum_transaction_pool_monitor::eth_client[0m[2m:[0m 📨 Received pending transaction: 0x539472a46ee75869dad18077af328d1a110e20c2293be732ae9a13014ae11295
[2m2025-12-10T10:19:48.642472Z[0m [34mDEBUG[0m [2methereum_transaction_pool_monitor::eth_client[0m[2m:[0m 📨 Received WebSocket message: {"jsonrpc":"2.0","method":"eth_subscription","params":{"subscription":"0xbed0a0851463e895960a451075a301a9","result":"0xd41c2e096056241e5c6fdca14f062d38f73b9d7f51c219af8601b1968ea6c99b"}}
[2m2025-12-10T10:19:48.642478Z[0m [34mDEBUG[0m [2methereum_transaction_pool_monitor::eth_client[0m[2m:[0m 📨 Received pending transaction: 0xd41c2e096056241e5c6fdca14f062d38f73b9d7f51c219af8601b1968ea6c99b
[2m2025-12-10T10:19:48.649003Z[0m [34mDEBUG[0m [2mhyper::proto::h1::io[0m[2m:[0m parsed 4 headers
[2m2025-12-10T10:19:48.649026Z[0m [34mDEBUG[0m [2mhyper::proto::h1::conn[0m[2m:[0m incoming body is content-length (45 bytes)
[2m2025-12-10T10:19:48.649037Z[0m [34mDEBUG[0m [2mhyper::proto::h1::conn[0m[2m:[0m incoming body completed
[2m2025-12-10T10:19:48.649050Z[0m [34mDEBUG[0m [2mhyper::client::pool[0m[2m:[0m pooling idle connection for ("http", 192.168.0.14:8545)
[2m2025-12-10T10:19:48.649125Z[0m [34mDEBUG[0m [2mhyper::client::pool[0m[2m:[0m reuse idle connection for ("http", 192.168.0.14:8545)
[2m2025-12-10T10:19:48.649211Z[0m [34mDEBUG[0m [2mhyper::proto::h1::io[0m[2m:[0m flushed 172 bytes
[2m2025-12-10T10:19:48.649223Z[0m [34mDEBUG[0m [2methereum_transaction_pool_monitor::eth_client[0m[2m:[0m 📨 Received WebSocket message: {"jsonrpc":"2.0","method":"eth_subscription","params":{"subscription":"0xbed0a0851463e895960a451075a301a9","result":"0xa99accc11d5940c3807e92681f7111ce64125dcbf551c20738071443d4b5f57d"}}
[2m2025-12-10T10:19:48.649232Z[0m [34mDEBUG[0m [2methereum_transaction_pool_monitor::eth_client[0m[2m:[0m 📨 Received pending transaction: 0xa99accc11d5940c3807e92681f7111ce64125dcbf551c20738071443d4b5f57d
[2m2025-12-10T10:19:48.649240Z[0m [34mDEBUG[0m [2methereum_transaction_pool_monitor::eth_client[0m[2m:[0m 📨 Received WebSocket message: {"jsonrpc":"2.0","method":"eth_subscription","params":{"subscription":"0xbed0a0851463e895960a451075a301a9","result":"0xbe8a28f66fc47481006c4be2eda3ad93ad84669f8b1d5c8df6c8b58da5ccd0a1"}}
[2m2025-12-10T10:19:48.649246Z[0m [34mDEBUG[0m [2methereum_transaction_pool_monitor::eth_client[0m[2m:[0m 📨 Received pending transaction: 0xbe8a28f66fc47481006c4be2eda3ad93ad84669f8b1d5c8df6c8b58da5ccd0a1
[2m2025-12-10T10:19:48.649264Z[0m [34mDEBUG[0m [2methereum_transaction_pool_monitor::eth_client[0m[2m:[0m 📨 Received WebSocket message: {"jsonrpc":"2.0","method":"eth_subscription","params":{"subscription":"0xbed0a0851463e895960a451075a301a9","result":"0x37597a5387d4138e31794ea3505ee8af6a2601891dabed2c6b856973902a9e24"}}
[2m2025-12-10T10:19:48.649270Z[0m [34mDEBUG[0m [2methereum_transaction_pool_monitor::eth_client[0m[2m:[0m 📨 Received pending transaction: 0x37597a5387d4138e31794ea3505ee8af6a2601891dabed2c6b856973902a9e24
[2m2025-12-10T10:19:48.662363Z[0m [34mDEBUG[0m [2mhyper::proto::h1::io[0m[2m:[0m parsed 4 headers
[2m2025-12-10T10:19:48.662389Z[0m [34mDEBUG[0m [2mhyper::proto::h1::conn[0m[2m:[0m incoming body is content-length (45 bytes)
[2m2025-12-10T10:19:48.662400Z[0m [34mDEBUG[0m [2mhyper::proto::h1::conn[0m[2m:[0m incoming body completed
[2m2025-12-10T10:19:48.662415Z[0m [34mDEBUG[0m [2mhyper::client::pool[0m[2m:[0m pooling idle connection for ("http", 192.168.0.14:8545)
[2m2025-12-10T10:19:48.662609Z[0m [34mDEBUG[0m [2mhyper::client::pool[0m[2m:[0m reuse idle connection for ("http", 192.168.0.14:8545)
[2m2025-12-10T10:19:48.668503Z[0m [34mDEBUG[0m [2mhyper::proto::h1::io[0m[2m:[0m flushed 172 bytes
[2m2025-12-10T10:19:48.669441Z[0m [34mDEBUG[0m [2mhyper::proto::h1::io[0m[2m:[0m parsed 4 headers
[2m2025-12-10T10:19:48.669515Z[0m [34mDEBUG[0m [2mhyper::proto::h1::conn[0m[2m:[0m incoming body is content-length (45 bytes)
[2m2025-12-10T10:19:48.700287Z[0m [34mDEBUG[0m [2mhyper::proto::h1::conn[0m[2m:[0m incoming body completed
[2m2025-12-10T10:19:48.700898Z[0m [34mDEBUG[0m [2mhyper::client::pool[0m[2m:[0m pooling idle connection for ("http", 192.168.0.14:8545)
[2m2025-12-10T10:19:48.701535Z[0m [34mDEBUG[0m [2mhyper::client::pool[0m[2m:[0m reuse idle connection for ("http", 192.168.0.14:8545)
[2m2025-12-10T10:19:48.702088Z[0m [34mDEBUG[0m [2mhyper::proto::h1::io[0m[2m:[0m flushed 172 bytes
[2m2025-12-10T10:19:48.713463Z[0m [34mDEBUG[0m [2mhyper::proto::h1::io[0m[2m:[0m parsed 4 headers
[2m2025-12-10T10:19:48.713488Z[0m [34mDEBUG[0m [2mhyper::proto::h1::conn[0m[2m:[0m incoming body is content-length (45 bytes)
[2m2025-12-10T10:19:48.713502Z[0m [34mDEBUG[0m [2mhyper::proto::h1::conn[0m[2m:[0m incoming body completed
[2m2025-12-10T10:19:48.713517Z[0m [34mDEBUG[0m [2mhyper::client::pool[0m[2m:[0m pooling idle connection for ("http", 192.168.0.14:8545)
[2m2025-12-10T10:19:48.713553Z[0m [34mDEBUG[0m [2mhyper::client::pool[0m[2m:[0m reuse idle connection for ("http", 192.168.0.14:8545)
[2m2025-12-10T10:19:48.713594Z[0m [34mDEBUG[0m [2mhyper::proto::h1::io[0m[2m:[0m flushed 172 bytes
[2m2025-12-10T10:19:48.717469Z[0m [34mDEBUG[0m [2mhyper::proto::h1::io[0m[2m:[0m parsed 4 headers
[2m2025-12-10T10:19:48.717482Z[0m [34mDEBUG[0m [2mhyper::proto::h1::conn[0m[2m:[0m incoming body is content-length (45 bytes)
[2m2025-12-10T10:19:48.717489Z[0m [34mDEBUG[0m [2mhyper::proto::h1::conn[0m[2m:[0m incoming body completed
[2m2025-12-10T10:19:48.717502Z[0m [34mDEBUG[0m [2mhyper::client::pool[0m[2m:[0m pooling idle connection for ("http", 192.168.0.14:8545)
[2m2025-12-10T10:19:48.717529Z[0m [34mDEBUG[0m [2mhyper::client::pool[0m[2m:[0m reuse idle connection for ("http", 192.168.0.14:8545)
[2m2025-12-10T10:19:48.717550Z[0m [34mDEBUG[0m [2mhyper::proto::h1::io[0m[2m:[0m flushed 172 bytes
[2m2025-12-10T10:19:48.721280Z[0m [34mDEBUG[0m [2mhyper::proto::h1::io[0m[2m:[0m parsed 4 headers
[2m2025-12-10T10:19:48.721288Z[0m [34mDEBUG[0m [2mhyper::proto::h1::conn[0m[2m:[0m incoming body is content-length (45 bytes)
[2m2025-12-10T10:19:48.721294Z[0m [34mDEBUG[0m [2mhyper::proto::h1::conn[0m[2m:[0m incoming body completed
[2m2025-12-10T10:19:48.721300Z[0m [34mDEBUG[0m [2mhyper::client::pool[0m[2m:[0m pooling idle connection for ("http", 192.168.0.14:8545)
[2m2025-12-10T10:19:48.721317Z[0m [34mDEBUG[0m [2mhyper::client::pool[0m[2m:[0m reuse idle connection for ("http", 192.168.0.14:8545)
[2m2025-12-10T10:19:48.721340Z[0m [34mDEBUG[0m [2mhyper::proto::h1::io[0m[2m:[0m flushed 172 bytes
[2m2025-12-10T10:19:48.725341Z[0m [34mDEBUG[0m [2mhyper::proto::h1::io[0m[2m:[0m parsed 4 headers
[2m2025-12-10T10:19:48.725352Z[0m [34mDEBUG[0m [2mhyper::proto::h1::conn[0m[2m:[0m incoming body is content-length (45 bytes)
[2m2025-12-10T10:19:48.725359Z[0m [34mDEBUG[0m [2mhyper::proto::h1::conn[0m[2m:[0m incoming body completed
[2m2025-12-10T10:19:48.725366Z[0m [34mDEBUG[0m [2mhyper::client::pool[0m[2m:[0m pooling idle connection for ("http", 192.168.0.14:8545)
[2m2025-12-10T10:19:48.725381Z[0m [34mDEBUG[0m [2mhyper::client::pool[0m[2m:[0m reuse idle connection for ("http", 192.168.0.14:8545)
[2m2025-12-10T10:19:48.725400Z[0m [34mDEBUG[0m [2mhyper::proto::h1::io[0m[2m:[0m flushed 172 bytes
[2m2025-12-10T10:19:48.733311Z[0m [34mDEBUG[0m [2mhyper::proto::h1::io[0m[2m:[0m parsed 4 headers
[2m2025-12-10T10:19:48.733390Z[0m [34mDEBUG[0m [2mhyper::proto::h1::conn[0m[2m:[0m incoming body is content-length (45 bytes)
[2m2025-12-10T10:19:48.733399Z[0m [34mDEBUG[0m [2mhyper::proto::h1::conn[0m[2m:[0m incoming body completed
[2m2025-12-10T10:19:48.733409Z[0m [34mDEBUG[0m [2mhyper::client::pool[0m[2m:[0m pooling idle connection for ("http", 192.168.0.14:8545)
[2m2025-12-10T10:19:48.733433Z[0m [34mDEBUG[0m [2mhyper::client::pool[0m[2m:[0m reuse idle connection for ("http", 192.168.0.14:8545)
[2m2025-12-10T10:19:48.733468Z[0m [34mDEBUG[0m [2mhyper::proto::h1::io[0m[2m:[0m flushed 172 bytes
[2m2025-12-10T10:19:48.736369Z[0m [34mDEBUG[0m [2mhyper::proto::h1::io[0m[2m:[0m parsed 4 headers
[2m2025-12-10T10:19:48.736387Z[0m [34mDEBUG[0m [2mhyper::proto::h1::conn[0m[2m:[0m incoming body is content-length (45 bytes)
[2m2025-12-10T10:19:48.736396Z[0m [34mDEBUG[0m [2mhyper::proto::h1::conn[0m[2m:[0m incoming body completed
[2m2025-12-10T10:19:48.736406Z[0m [34mDEBUG[0m [2mhyper::client::pool[0m[2m:[0m pooling idle connection for ("http", 192.168.0.14:8545)
[2m2025-12-10T10:19:48.736433Z[0m [34mDEBUG[0m [2mhyper::client::pool[0m[2m:[0m reuse idle connection for ("http", 192.168.0.14:8545)
[2m2025-12-10T10:19:48.736515Z[0m [34mDEBUG[0m [2mhyper::proto::h1::io[0m[2m:[0m flushed 172 bytes
[2m2025-12-10T10:19:48.740268Z[0m [34mDEBUG[0m [2mhyper::proto::h1::io[0m[2m:[0m parsed 4 headers
[2m2025-12-10T10:19:48.740276Z[0m [34mDEBUG[0m [2mhyper::proto::h1::conn[0m[2m:[0m incoming body is content-length (45 bytes)
[2m2025-12-10T10:19:48.740282Z[0m [34mDEBUG[0m [2mhyper::proto::h1::conn[0m[2m:[0m incoming body completed
[2m2025-12-10T10:19:48.740288Z[0m [34mDEBUG[0m [2mhyper::client::pool[0m[2m:[0m pooling idle connection for ("http", 192.168.0.14:8545)
[2m2025-12-10T10:19:48.812912Z[0m [34mDEBUG[0m [2mhyper::client::pool[0m[2m:[0m reuse idle connection for ("http", 192.168.0.14:8545)
[2m2025-12-10T10:19:48.813066Z[0m [34mDEBUG[0m [2mhyper::proto::h1::io[0m[2m:[0m flushed 172 bytes
[2m2025-12-10T10:19:48.816409Z[0m [34mDEBUG[0m [2mhyper::proto::h1::io[0m[2m:[0m parsed 4 headers
[2m2025-12-10T10:19:48.816440Z[0m [34mDEBUG[0m [2mhyper::proto::h1::conn[0m[2m:[0m incoming body is content-length (45 bytes)
[2m2025-12-10T10:19:48.891332Z[0m [34mDEBUG[0m [2mhyper::proto::h1::conn[0m[2m:[0m incoming body completed
[2m2025-12-10T10:19:48.891393Z[0m [34mDEBUG[0m [2mhyper::client::pool[0m[2m:[0m pooling idle connection for ("http", 192.168.0.14:8545)
[2m2025-12-10T10:19:48.891457Z[0m [34mDEBUG[0m [2mhyper::client::pool[0m[2m:[0m reuse idle connection for ("http", 192.168.0.14:8545)
[2m2025-12-10T10:19:48.891519Z[0m [34mDEBUG[0m [2methereum_transaction_pool_monitor::eth_client[0m[2m:[0m 📨 Received WebSocket message: {"jsonrpc":"2.0","method":"eth_subscription","params":{"subscription":"0xbed0a0851463e895960a451075a301a9","result":"0x65ecf030ec1f91816eb3a10773f2941ad5069f9ab38136e764653a1152a3ffdc"}}
[2m2025-12-10T10:19:48.891545Z[0m [34mDEBUG[0m [2methereum_transaction_pool_monitor::eth_client[0m[2m:[0m 📨 Received pending transaction: 0x65ecf030ec1f91816eb3a10773f2941ad5069f9ab38136e764653a1152a3ffdc
[2m2025-12-10T10:19:48.891569Z[0m [34mDEBUG[0m [2mhyper::proto::h1::io[0m[2m:[0m flushed 172 bytes
[2m2025-12-10T10:19:48.895027Z[0m [34mDEBUG[0m [2mhyper::proto::h1::io[0m[2m:[0m parsed 4 headers
[2m2025-12-10T10:19:48.895061Z[0m [34mDEBUG[0m [2mhyper::proto::h1::conn[0m[2m:[0m incoming body is content-length (45 bytes)
[2m2025-12-10T10:19:48.895077Z[0m [34mDEBUG[0m [2mhyper::proto::h1::conn[0m[2m:[0m incoming body completed
[2m2025-12-10T10:19:48.895098Z[0m [34mDEBUG[0m [2mhyper::client::pool[0m[2m:[0m pooling idle connection for ("http", 192.168.0.14:8545)
[2m2025-12-10T10:19:48.895140Z[0m [34mDEBUG[0m [2mhyper::client::pool[0m[2m:[0m reuse idle connection for ("http", 192.168.0.14:8545)
[2m2025-12-10T10:19:48.895187Z[0m [34mDEBUG[0m [2mhyper::proto::h1::io[0m[2m:[0m flushed 172 bytes
[2m2025-12-10T10:19:48.903565Z[0m [34mDEBUG[0m [2mhyper::proto::h1::io[0m[2m:[0m parsed 4 headers
[2m2025-12-10T10:19:48.903609Z[0m [34mDEBUG[0m [2mhyper::proto::h1::conn[0m[2m:[0m incoming body is content-length (45 bytes)
[2m2025-12-10T10:19:48.903627Z[0m [34mDEBUG[0m [2mhyper::proto::h1::conn[0m[2m:[0m incoming body completed
[2m2025-12-10T10:19:48.903649Z[0m [34mDEBUG[0m [2mhyper::client::pool[0m[2m:[0m pooling idle connection for ("http", 192.168.0.14:8545)
[2m2025-12-10T10:19:48.903699Z[0m [34mDEBUG[0m [2mhyper::client::pool[0m[2m:[0m reuse idle connection for ("http", 192.168.0.14:8545)
[2m2025-12-10T10:19:48.903782Z[0m [34mDEBUG[0m [2mhyper::proto::h1::io[0m[2m:[0m flushed 172 bytes
[2m2025-12-10T10:19:48.908355Z[0m [34mDEBUG[0m [2mhyper::proto::h1::io[0m[2m:[0m parsed 4 headers
[2m2025-12-10T10:19:48.908604Z[0m [34mDEBUG[0m [2mhyper::proto::h1::conn[0m[2m:[0m incoming body is content-length (45 bytes)
[2m2025-12-10T10:19:48.908630Z[0m [34mDEBUG[0m [2mhyper::proto::h1::conn[0m[2m:[0m incoming body completed
[2m2025-12-10T10:19:48.908705Z[0m [34mDEBUG[0m [2mhyper::client::pool[0m[2m:[0m pooling idle connection for ("http", 192.168.0.14:8545)
[2m2025-12-10T10:19:48.908759Z[0m [34mDEBUG[0m [2mhyper::client::pool[0m[2m:[0m reuse idle connection for ("http", 192.168.0.14:8545)
[2m2025-12-10T10:19:48.908842Z[0m [34mDEBUG[0m [2mhyper::proto::h1::io[0m[2m:[0m flushed 172 bytes
[2m2025-12-10T10:19:48.912143Z[0m [34mDEBUG[0m [2mhyper::proto::h1::io[0m[2m:[0m parsed 4 headers
[2m2025-12-10T10:19:48.914935Z[0m [34mDEBUG[0m [2mhyper::proto::h1::conn[0m[2m:[0m incoming body is content-length (45 bytes)
[2m2025-12-10T10:19:48.914965Z[0m [34mDEBUG[0m [2mhyper::proto::h1::conn[0m[2m:[0m incoming body completed
[2m2025-12-10T10:19:48.914989Z[0m [34mDEBUG[0m [2mhyper::client::pool[0m[2m:[0m pooling idle connection for ("http", 192.168.0.14:8545)
[2m2025-12-10T10:19:48.915037Z[0m [34mDEBUG[0m [2mhyper::client::pool[0m[2m:[0m reuse idle connection for ("http", 192.168.0.14:8545)
[2m2025-12-10T10:19:48.915133Z[0m [34mDEBUG[0m [2mhyper::proto::h1::io[0m[2m:[0m flushed 172 bytes
[2m2025-12-10T10:19:48.918211Z[0m [34mDEBUG[0m [2mhyper::proto::h1::io[0m[2m:[0m parsed 4 headers
[2m2025-12-10T10:19:48.918252Z[0m [34mDEBUG[0m [2mhyper::proto::h1::conn[0m[2m:[0m incoming body is content-length (45 bytes)
[2m2025-12-10T10:19:48.918269Z[0m [34mDEBUG[0m [2mhyper::proto::h1::conn[0m[2m:[0m incoming body completed
[2m2025-12-10T10:19:48.918290Z[0m [34mDEBUG[0m [2mhyper::client::pool[0m[2m:[0m pooling idle connection for ("http", 192.168.0.14:8545)
[2m2025-12-10T10:19:48.918335Z[0m [34mDEBUG[0m [2mhyper::client::pool[0m[2m:[0m reuse idle connection for ("http", 192.168.0.14:8545)
[2m2025-12-10T10:19:48.918389Z[0m [34mDEBUG[0m [2mhyper::proto::h1::io[0m[2m:[0m flushed 172 bytes
[2m2025-12-10T10:19:48.921824Z[0m [34mDEBUG[0m [2mhyper::proto::h1::io[0m[2m:[0m parsed 4 headers
[2m2025-12-10T10:19:48.921853Z[0m [34mDEBUG[0m [2mhyper::proto::h1::conn[0m[2m:[0m incoming body is content-length (45 bytes)
[2m2025-12-10T10:19:48.921870Z[0m [34mDEBUG[0m [2mhyper::proto::h1::conn[0m[2m:[0m incoming body completed
[2m2025-12-10T10:19:48.921889Z[0m [34mDEBUG[0m [2mhyper::client::pool[0m[2m:[0m pooling idle connection for ("http", 192.168.0.14:8545)
[2m2025-12-10T10:19:48.921929Z[0m [34mDEBUG[0m [2mhyper::client::pool[0m[2m:[0m reuse idle connection for ("http", 192.168.0.14:8545)
[2m2025-12-10T10:19:48.921970Z[0m [34mDEBUG[0m [2mhyper::proto::h1::io[0m[2m:[0m flushed 172 bytes
[2m2025-12-10T10:19:48.926224Z[0m [34mDEBUG[0m [2mhyper::proto::h1::io[0m[2m:[0m parsed 4 headers
[2m2025-12-10T10:19:48.926250Z[0m [34mDEBUG[0m [2mhyper::proto::h1::conn[0m[2m:[0m incoming body is content-length (45 bytes)
[2m2025-12-10T10:19:48.926264Z[0m [34mDEBUG[0m [2mhyper::proto::h1::conn[0m[2m:[0m incoming body completed
[2m2025-12-10T10:19:48.926280Z[0m [34mDEBUG[0m [2mhyper::client::pool[0m[2m:[0m pooling idle connection for ("http", 192.168.0.14:8545)
[2m2025-12-10T10:19:48.926317Z[0m [34mDEBUG[0m [2mhyper::client::pool[0m[2m:[0m reuse idle connection for ("http", 192.168.0.14:8545)
[2m2025-12-10T10:19:48.926359Z[0m [34mDEBUG[0m [2mhyper::proto::h1::io[0m[2m:[0m flushed 172 bytes
[2m2025-12-10T10:19:48.944179Z[0m [34mDEBUG[0m [2mhyper::proto::h1::io[0m[2m:[0m parsed 4 headers
[2m2025-12-10T10:19:48.948005Z[0m [34mDEBUG[0m [2mhyper::proto::h1::conn[0m[2m:[0m incoming body is content-length (45 bytes)
[2m2025-12-10T10:19:48.948020Z[0m [34mDEBUG[0m [2mhyper::proto::h1::conn[0m[2m:[0m incoming body completed
[2m2025-12-10T10:19:48.948041Z[0m [34mDEBUG[0m [2mhyper::client::pool[0m[2m:[0m pooling idle connection for ("http", 192.168.0.14:8545)
[2m2025-12-10T10:19:48.948132Z[0m [34mDEBUG[0m [2mhyper::client::pool[0m[2m:[0m reuse idle connection for ("http", 192.168.0.14:8545)
[2m2025-12-10T10:19:48.948220Z[0m [34mDEBUG[0m [2mhyper::proto::h1::io[0m[2m:[0m flushed 172 bytes
[2m2025-12-10T10:19:48.977914Z[0m [34mDEBUG[0m [2mhyper::proto::h1::io[0m[2m:[0m parsed 4 headers
[2m2025-12-10T10:19:49.082835Z[0m [34mDEBUG[0m [2mhyper::proto::h1::conn[0m[2m:[0m incoming body is content-length (45 bytes)
[2m2025-12-10T10:19:49.083188Z[0m [34mDEBUG[0m [2mhyper::proto::h1::conn[0m[2m:[0m incoming body completed
[2m2025-12-10T10:19:49.083678Z[0m [34mDEBUG[0m [2mhyper::client::pool[0m[2m:[0m pooling idle connection for ("http", 192.168.0.14:8545)
[2m2025-12-10T10:19:49.083774Z[0m [34mDEBUG[0m [2mhyper::client::pool[0m[2m:[0m reuse idle connection for ("http", 192.168.0.14:8545)
[2m2025-12-10T10:19:49.083927Z[0m [34mDEBUG[0m [2mhyper::proto::h1::io[0m[2m:[0m flushed 172 bytes
[2m2025-12-10T10:19:49.160071Z[0m [34mDEBUG[0m [2methereum_transaction_pool_monitor::eth_client[0m[2m:[0m 📨 Received WebSocket message: {"jsonrpc":"2.0","method":"eth_subscription","params":{"subscription":"0xbed0a0851463e895960a451075a301a9","result":"0x4f65bea55d6775d5c67231baee6eb228bd5669fe056aa5bb7c74b25831beafb4"}}
[2m2025-12-10T10:19:49.210100Z[0m [34mDEBUG[0m [2methereum_transaction_pool_monitor::eth_client[0m[2m:[0m 📨 Received pending transaction: 0x4f65bea55d6775d5c67231baee6eb228bd5669fe056aa5bb7c74b25831beafb4
[2m2025-12-10T10:19:49.210135Z[0m [34mDEBUG[0m [2methereum_transaction_pool_monitor::eth_client[0m[2m:[0m 📨 Received WebSocket message: {"jsonrpc":"2.0","method":"eth_subscription","params":{"subscription":"0xbed0a0851463e895960a451075a301a9","result":"0x64e4c4873a0c6a888cf4b1335c1cf83fdcf518d308360987b3c3ecfc2213f52b"}}
[2m2025-12-10T10:19:49.210150Z[0m [34mDEBUG[0m [2methereum_transaction_pool_monitor::eth_client[0m[2m:[0m 📨 Received pending transaction: 0x64e4c4873a0c6a888cf4b1335c1cf83fdcf518d308360987b3c3ecfc2213f52b
[2m2025-12-10T10:19:49.162666Z[0m [34mDEBUG[0m [2mhyper::proto::h1::io[0m[2m:[0m parsed 4 headers
[2m2025-12-10T10:19:49.210396Z[0m [34mDEBUG[0m [2mhyper::proto::h1::conn[0m[2m:[0m incoming body is content-length (45 bytes)
[2m2025-12-10T10:19:49.424422Z[0m [34mDEBUG[0m [2mhyper::proto::h1::conn[0m[2m:[0m incoming body completed
[2m2025-12-10T10:19:49.438158Z[0m [34mDEBUG[0m [2methereum_transaction_pool_monitor::eth_client[0m[2m:[0m 📨 Received WebSocket message: {"jsonrpc":"2.0","method":"eth_subscription","params":{"subscription":"0xbed0a0851463e895960a451075a301a9","result":"0x3cedbedc59636cb9dc30d747f10bf09fcd0f0bd6a2bfeab82a9fc6c242169dda"}}
[2m2025-12-10T10:19:49.438343Z[0m [34mDEBUG[0m [2methereum_transaction_pool_monitor::eth_client[0m[2m:[0m 📨 Received pending transaction: 0x3cedbedc59636cb9dc30d747f10bf09fcd0f0bd6a2bfeab82a9fc6c242169dda
[2m2025-12-10T10:19:49.438371Z[0m [34mDEBUG[0m [2methereum_transaction_pool_monitor::eth_client[0m[2m:[0m 📨 Received WebSocket message: {"jsonrpc":"2.0","method":"eth_subscription","params":{"subscription":"0xbed0a0851463e895960a451075a301a9","result":"0x440c86e089e12358d061596d54bd57fb70a178641c2549d42ee33c04251945d7"}}
[2m2025-12-10T10:19:49.438440Z[0m [34mDEBUG[0m [2methereum_transaction_pool_monitor::eth_client[0m[2m:[0m 📨 Received pending transaction: 0x440c86e089e12358d061596d54bd57fb70a178641c2549d42ee33c04251945d7
[2m2025-12-10T10:19:49.619673Z[0m [34mDEBUG[0m [2methereum_transaction_pool_monitor::eth_client[0m[2m:[0m 📨 Received WebSocket message: {"jsonrpc":"2.0","method":"eth_subscription","params":{"subscription":"0xbed0a0851463e895960a451075a301a9","result":"0xce611c68ec5df574b66d2f73b023db96d4877324879a38fbfb676bd75184a072"}}
[2m2025-12-10T10:19:49.619768Z[0m [34mDEBUG[0m [2methereum_transaction_pool_monitor::eth_client[0m[2m:[0m 📨 Received pending transaction: 0xce611c68ec5df574b66d2f73b023db96d4877324879a38fbfb676bd75184a072
[2m2025-12-10T10:19:49.619946Z[0m [34mDEBUG[0m [2methereum_transaction_pool_monitor::eth_client[0m[2m:[0m 📨 Received WebSocket message: {"jsonrpc":"2.0","method":"eth_subscription","params":{"subscription":"0xbed0a0851463e895960a451075a301a9","result":"0x50f68be7366cc78e6c70d585ea8575282ef7ebe2aa8b759c7382b594302483b0"}}
[2m2025-12-10T10:19:49.619974Z[0m [34mDEBUG[0m [2methereum_transaction_pool_monitor::eth_client[0m[2m:[0m 📨 Received pending transaction: 0x50f68be7366cc78e6c70d585ea8575282ef7ebe2aa8b759c7382b594302483b0
[2m2025-12-10T10:19:49.619989Z[0m [34mDEBUG[0m [2methereum_transaction_pool_monitor::eth_client[0m[2m:[0m 📨 Received WebSocket message: {"jsonrpc":"2.0","method":"eth_subscription","params":{"subscription":"0xbed0a0851463e895960a451075a301a9","result":"0x09d70fbbccfb62d9c96df3cc1c05e374fdb63991cbb31348010a676b3b0057bb"}}
[2m2025-12-10T10:19:49.620049Z[0m [34mDEBUG[0m [2methereum_transaction_pool_monitor::eth_client[0m[2m:[0m 📨 Received pending transaction: 0x09d70fbbccfb62d9c96df3cc1c05e374fdb63991cbb31348010a676b3b0057bb
[2m2025-12-10T10:19:49.620065Z[0m [34mDEBUG[0m [2methereum_transaction_pool_monitor::eth_client[0m[2m:[0m 📨 Received WebSocket message: {"jsonrpc":"2.0","method":"eth_subscription","params":{"subscription":"0xbed0a0851463e895960a451075a301a9","result":"0xd0a5d07e8d5e8f0d2c20456e4eeec956f440e809e6391954012f40af1b319fd5"}}
[2m2025-12-10T10:19:49.620077Z[0m [34mDEBUG[0m [2methereum_transaction_pool_monitor::eth_client[0m[2m:[0m 📨 Received pending transaction: 0xd0a5d07e8d5e8f0d2c20456e4eeec956f440e809e6391954012f40af1b319fd5
[2m2025-12-10T10:19:49.716118Z[0m [34mDEBUG[0m [2methereum_transaction_pool_monitor::eth_client[0m[2m:[0m 📨 Received WebSocket message: {"jsonrpc":"2.0","method":"eth_subscription","params":{"subscription":"0xbed0a0851463e895960a451075a301a9","result":"0x4ae188c7fdda3912d85a09dbabf555f13b5a004cffee149e2b37c796e8654c59"}}
[2m2025-12-10T10:19:49.716155Z[0m [34mDEBUG[0m [2methereum_transaction_pool_monitor::eth_client[0m[2m:[0m 📨 Received pending transaction: 0x4ae188c7fdda3912d85a09dbabf555f13b5a004cffee149e2b37c796e8654c59
[2m2025-12-10T10:19:49.716167Z[0m [34mDEBUG[0m [2methereum_transaction_pool_monitor::eth_client[0m[2m:[0m 📨 Received WebSocket message: {"jsonrpc":"2.0","method":"eth_subscription","params":{"subscription":"0xbed0a0851463e895960a451075a301a9","result":"0xd8293b72ce520b989ded63acb5f3e12efda16ed7c0a6ab89f6b8f4949816a2bb"}}
[2m2025-12-10T10:19:49.716180Z[0m [34mDEBUG[0m [2methereum_transaction_pool_monitor::eth_client[0m[2m:[0m 📨 Received pending transaction: 0xd8293b72ce520b989ded63acb5f3e12efda16ed7c0a6ab89f6b8f4949816a2bb
[2m2025-12-10T10:19:49.716190Z[0m [34mDEBUG[0m [2methereum_transaction_pool_monitor::eth_client[0m[2m:[0m 📨 Received WebSocket message: {"jsonrpc":"2.0","method":"eth_subscription","params":{"subscription":"0xbed0a0851463e895960a451075a301a9","result":"0xd611f4ea75072a3214168929674053e01a7a62154ee11eac4ae65ed697a80cc2"}}
[2m2025-12-10T10:19:49.716203Z[0m [34mDEBUG[0m [2methereum_transaction_pool_monitor::eth_client[0m[2m:[0m 📨 Received pending transaction: 0xd611f4ea75072a3214168929674053e01a7a62154ee11eac4ae65ed697a80cc2
[2m2025-12-10T10:19:49.716213Z[0m [34mDEBUG[0m [2methereum_transaction_pool_monitor::eth_client[0m[2m:[0m 📨 Received WebSocket message: {"jsonrpc":"2.0","method":"eth_subscription","params":{"subscription":"0xbed0a0851463e895960a451075a301a9","result":"0x4d559aaa92cd836982f1fd200fcbb4e78fff21a0d12389917eb51f074337e2ac"}}
[2m2025-12-10T10:19:49.716224Z[0m [34mDEBUG[0m [2methereum_transaction_pool_monitor::eth_client[0m[2m:[0m 📨 Received pending transaction: 0x4d559aaa92cd836982f1fd200fcbb4e78fff21a0d12389917eb51f074337e2ac
[2m2025-12-10T10:19:50.308222Z[0m [34mDEBUG[0m [2methereum_transaction_pool_monitor::eth_client[0m[2m:[0m 📨 Received WebSocket message: {"jsonrpc":"2.0","method":"eth_subscription","params":{"subscription":"0xbed0a0851463e895960a451075a301a9","result":"0xa87e583856d406484104f558e8f753f6d4cb8b04c09516ee74f708df787a2396"}}
[2m2025-12-10T10:19:50.308225Z[0m [34mDEBUG[0m [2mhyper::client::pool[0m[2m:[0m pooling idle connection for ("http", 192.168.0.14:8545)
[2m2025-12-10T10:19:50.325656Z[0m [34mDEBUG[0m [2methereum_transaction_pool_monitor::eth_client[0m[2m:[0m 📨 Received pending transaction: 0xa87e583856d406484104f558e8f753f6d4cb8b04c09516ee74f708df787a2396
[2m2025-12-10T10:19:50.328448Z[0m [34mDEBUG[0m [2methereum_transaction_pool_monitor::eth_client[0m[2m:[0m 📨 Received WebSocket message: {"jsonrpc":"2.0","method":"eth_subscription","params":{"subscription":"0xbed0a0851463e895960a451075a301a9","result":"0x1f98ceba4e2401730260f031583cf9d76f956d831404bb4b857c317077a85818"}}
[2m2025-12-10T10:19:50.328681Z[0m [34mDEBUG[0m [2methereum_transaction_pool_monitor::eth_client[0m[2m:[0m 📨 Received pending transaction: 0x1f98ceba4e2401730260f031583cf9d76f956d831404bb4b857c317077a85818
[2m2025-12-10T10:19:50.328723Z[0m [34mDEBUG[0m [2methereum_transaction_pool_monitor::eth_client[0m[2m:[0m 📨 Received WebSocket message: {"jsonrpc":"2.0","method":"eth_subscription","params":{"subscription":"0xbed0a0851463e895960a451075a301a9","result":"0xa0c084f52c5f69fb2f24900163e95f326c6a778fe56c12a7488c12f092497e47"}}
[2m2025-12-10T10:19:50.330646Z[0m [34mDEBUG[0m [2methereum_transaction_pool_monitor::eth_client[0m[2m:[0m 📨 Received pending transaction: 0xa0c084f52c5f69fb2f24900163e95f326c6a778fe56c12a7488c12f092497e47
[2m2025-12-10T10:19:50.330656Z[0m [34mDEBUG[0m [2methereum_transaction_pool_monitor::eth_client[0m[2m:[0m 📨 Received WebSocket message: {"jsonrpc":"2.0","method":"eth_subscription","params":{"subscription":"0xbed0a0851463e895960a451075a301a9","result":"0x0691a5aea7482c088c27593486853134b7d7ae62f1a75fef05354c5b80bca79b"}}
[2m2025-12-10T10:19:50.330662Z[0m [34mDEBUG[0m [2methereum_transaction_pool_monitor::eth_client[0m[2m:[0m 📨 Received pending transaction: 0x0691a5aea7482c088c27593486853134b7d7ae62f1a75fef05354c5b80bca79b
[2m2025-12-10T10:19:50.330712Z[0m [34mDEBUG[0m [2methereum_transaction_pool_monitor::eth_client[0m[2m:[0m 📨 Received WebSocket message: {"jsonrpc":"2.0","method":"eth_subscription","params":{"subscription":"0xbed0a0851463e895960a451075a301a9","result":"0xf02cd638dedb4f275d5c1218ec8f5305306b33bcf1aa3918e8ab3d1b1280fe37"}}
[2m2025-12-10T10:19:50.330718Z[0m [34mDEBUG[0m [2methereum_transaction_pool_monitor::eth_client[0m[2m:[0m 📨 Received pending transaction: 0xf02cd638dedb4f275d5c1218ec8f5305306b33bcf1aa3918e8ab3d1b1280fe37
[2m2025-12-10T10:19:50.330723Z[0m [34mDEBUG[0m [2methereum_transaction_pool_monitor::eth_client[0m[2m:[0m 📨 Received WebSocket message: {"jsonrpc":"2.0","method":"eth_subscription","params":{"subscription":"0xbed0a0851463e895960a451075a301a9","result":"0xe8c242b9cd44c58064fa276d9ad25c85666c1d422e285cb74a2b921abf50676e"}}
[2m2025-12-10T10:19:50.330728Z[0m [34mDEBUG[0m [2methereum_transaction_pool_monitor::eth_client[0m[2m:[0m 📨 Received pending transaction: 0xe8c242b9cd44c58064fa276d9ad25c85666c1d422e285cb74a2b921abf50676e
[2m2025-12-10T10:19:50.330732Z[0m [34mDEBUG[0m [2methereum_transaction_pool_monitor::eth_client[0m[2m:[0m 📨 Received WebSocket message: {"jsonrpc":"2.0","method":"eth_subscription","params":{"subscription":"0xbed0a0851463e895960a451075a301a9","result":"0x7aaf5357c461bf18a6c30d9f041800581626ca5861555f60e329a906691843a4"}}
[2m2025-12-10T10:19:50.330737Z[0m [34mDEBUG[0m [2methereum_transaction_pool_monitor::eth_client[0m[2m:[0m 📨 Received pending transaction: 0x7aaf5357c461bf18a6c30d9f041800581626ca5861555f60e329a906691843a4
[2m2025-12-10T10:19:50.332052Z[0m [34mDEBUG[0m [2methereum_transaction_pool_monitor::eth_client[0m[2m:[0m 📨 Received WebSocket message: {"jsonrpc":"2.0","method":"eth_subscription","params":{"subscription":"0xbed0a0851463e895960a451075a301a9","result":"0x0c1b7ccef2236956c936ba2bd0af327684fd06104816e54b0b6b910c3190292e"}}
[2m2025-12-10T10:19:50.332060Z[0m [34mDEBUG[0m [2methereum_transaction_pool_monitor::eth_client[0m[2m:[0m 📨 Received pending transaction: 0x0c1b7ccef2236956c936ba2bd0af327684fd06104816e54b0b6b910c3190292e
[2m2025-12-10T10:19:50.332065Z[0m [34mDEBUG[0m [2methereum_transaction_pool_monitor::eth_client[0m[2m:[0m 📨 Received WebSocket message: {"jsonrpc":"2.0","method":"eth_subscription","params":{"subscription":"0xbed0a0851463e895960a451075a301a9","result":"0x4c089a43b69419403bf52daeda534af3e6354e2d82726c00d25c2a7770d4b210"}}
[2m2025-12-10T10:19:50.332070Z[0m [34mDEBUG[0m [2methereum_transaction_pool_monitor::eth_client[0m[2m:[0m 📨 Received pending transaction: 0x4c089a43b69419403bf52daeda534af3e6354e2d82726c00d25c2a7770d4b210
[2m2025-12-10T10:19:50.332076Z[0m [34mDEBUG[0m [2methereum_transaction_pool_monitor::eth_client[0m[2m:[0m 📨 Received WebSocket message: {"jsonrpc":"2.0","method":"eth_subscription","params":{"subscription":"0xbed0a0851463e895960a451075a301a9","result":"0xb4342813441a4796ea06cf263363448360f31e67de8d5223cb7952de937e44c2"}}
[2m2025-12-10T10:19:50.332081Z[0m [34mDEBUG[0m [2methereum_transaction_pool_monitor::eth_client[0m[2m:[0m 📨 Received pending transaction: 0xb4342813441a4796ea06cf263363448360f31e67de8d5223cb7952de937e44c2
[2m2025-12-10T10:19:50.332085Z[0m [34mDEBUG[0m [2methereum_transaction_pool_monitor::eth_client[0m[2m:[0m 📨 Received WebSocket message: {"jsonrpc":"2.0","method":"eth_subscription","params":{"subscription":"0xbed0a0851463e895960a451075a301a9","result":"0x5012e0c6c764268247a6fb18cff8bb90a2216a820a7eab2533bba1bfd5ec646b"}}
[2m2025-12-10T10:19:50.332090Z[0m [34mDEBUG[0m [2methereum_transaction_pool_monitor::eth_client[0m[2m:[0m 📨 Received pending transaction: 0x5012e0c6c764268247a6fb18cff8bb90a2216a820a7eab2533bba1bfd5ec646b
[2m2025-12-10T10:19:50.332094Z[0m [34mDEBUG[0m [2methereum_transaction_pool_monitor::eth_client[0m[2m:[0m 📨 Received WebSocket message: {"jsonrpc":"2.0","method":"eth_subscription","params":{"subscription":"0xbed0a0851463e895960a451075a301a9","result":"0x0a377a0259405900a091d24c2c7ebd5fd658b887bee2150259685a04f0f75c0a"}}
[2m2025-12-10T10:19:50.332098Z[0m [34mDEBUG[0m [2methereum_transaction_pool_monitor::eth_client[0m[2m:[0m 📨 Received pending transaction: 0x0a377a0259405900a091d24c2c7ebd5fd658b887bee2150259685a04f0f75c0a
[2m2025-12-10T10:19:50.332102Z[0m [34mDEBUG[0m [2methereum_transaction_pool_monitor::eth_client[0m[2m:[0m 📨 Received WebSocket message: {"jsonrpc":"2.0","method":"eth_subscription","params":{"subscription":"0xbed0a0851463e895960a451075a301a9","result":"0x09008bc02c09220bb72bd7051d7dc10ebf1692f14599b121082366bc2669b889"}}
[2m2025-12-10T10:19:50.332107Z[0m [34mDEBUG[0m [2methereum_transaction_pool_monitor::eth_client[0m[2m:[0m 📨 Received pending transaction: 0x09008bc02c09220bb72bd7051d7dc10ebf1692f14599b121082366bc2669b889
[2m2025-12-10T10:19:50.332111Z[0m [34mDEBUG[0m [2methereum_transaction_pool_monitor::eth_client[0m[2m:[0m 📨 Received WebSocket message: {"jsonrpc":"2.0","method":"eth_subscription","params":{"subscription":"0xbed0a0851463e895960a451075a301a9","result":"0x91b68ee7c96694a0bcb23b5e49a2f61112dd2bd38a167b8d2ee27eb7aead0ee2"}}
[2m2025-12-10T10:19:50.332116Z[0m [34mDEBUG[0m [2methereum_transaction_pool_monitor::eth_client[0m[2m:[0m 📨 Received pending transaction: 0x91b68ee7c96694a0bcb23b5e49a2f61112dd2bd38a167b8d2ee27eb7aead0ee2
[2m2025-12-10T10:19:50.539587Z[0m [34mDEBUG[0m [2methereum_transaction_pool_monitor::eth_client[0m[2m:[0m 📨 Received WebSocket message: {"jsonrpc":"2.0","method":"eth_subscription","params":{"subscription":"0xbed0a0851463e895960a451075a301a9","result":"0xec38bfdb90c26a04e3ab7d6fd480c8931e9b0abea4e23054d686813e6b96bfba"}}
[2m2025-12-10T10:19:50.567742Z[0m [34mDEBUG[0m [2methereum_transaction_pool_monitor::eth_client[0m[2m:[0m 📨 Received pending transaction: 0xec38bfdb90c26a04e3ab7d6fd480c8931e9b0abea4e23054d686813e6b96bfba
[2m2025-12-10T10:19:50.567862Z[0m [34mDEBUG[0m [2methereum_transaction_pool_monitor::eth_client[0m[2m:[0m 📨 Received WebSocket message: {"jsonrpc":"2.0","method":"eth_subscription","params":{"subscription":"0xbed0a0851463e895960a451075a301a9","result":"0xfd0047a9c3eb49eb85d328323e58f2b7a620d8eddb1ba7a05ebfb1ebd052b91d"}}
[2m2025-12-10T10:19:50.567870Z[0m [34mDEBUG[0m [2methereum_transaction_pool_monitor::eth_client[0m[2m:[0m 📨 Received pending transaction: 0xfd0047a9c3eb49eb85d328323e58f2b7a620d8eddb1ba7a05ebfb1ebd052b91d
[2m2025-12-10T10:19:50.567875Z[0m [34mDEBUG[0m [2methereum_transaction_pool_monitor::eth_client[0m[2m:[0m 📨 Received WebSocket message: {"jsonrpc":"2.0","method":"eth_subscription","params":{"subscription":"0xbed0a0851463e895960a451075a301a9","result":"0xbcced9cc752f7ad8db77300e568a7623e5d42d3e2593e757e1e4661ad0aaad61"}}
[2m2025-12-10T10:19:50.567881Z[0m [34mDEBUG[0m [2methereum_transaction_pool_monitor::eth_client[0m[2m:[0m 📨 Received pending transaction: 0xbcced9cc752f7ad8db77300e568a7623e5d42d3e2593e757e1e4661ad0aaad61
[2m2025-12-10T10:19:50.611674Z[0m [34mDEBUG[0m [2mhyper::client::pool[0m[2m:[0m reuse idle connection for ("http", 192.168.0.14:8545)
[2m2025-12-10T10:19:50.626918Z[0m [34mDEBUG[0m [2mhyper::proto::h1::io[0m[2m:[0m flushed 172 bytes
[2m2025-12-10T10:19:50.651781Z[0m [34mDEBUG[0m [2mhyper::proto::h1::io[0m[2m:[0m parsed 4 headers
[2m2025-12-10T10:19:50.651824Z[0m [34mDEBUG[0m [2mhyper::proto::h1::conn[0m[2m:[0m incoming body is content-length (45 bytes)
[2m2025-12-10T10:19:50.655165Z[0m [34mDEBUG[0m [2mhyper::proto::h1::conn[0m[2m:[0m incoming body completed
[2m2025-12-10T10:19:50.655214Z[0m [34mDEBUG[0m [2mhyper::client::pool[0m[2m:[0m pooling idle connection for ("http", 192.168.0.14:8545)
[2m2025-12-10T10:19:50.655295Z[0m [34mDEBUG[0m [2mhyper::client::pool[0m[2m:[0m reuse idle connection for ("http", 192.168.0.14:8545)
[2m2025-12-10T10:19:50.655379Z[0m [34mDEBUG[0m [2mhyper::proto::h1::io[0m[2m:[0m flushed 172 bytes
[2m2025-12-10T10:19:50.660382Z[0m [34mDEBUG[0m [2mhyper::proto::h1::io[0m[2m:[0m parsed 4 headers
[2m2025-12-10T10:19:50.660426Z[0m [34mDEBUG[0m [2mhyper::proto::h1::conn[0m[2m:[0m incoming body is content-length (45 bytes)
[2m2025-12-10T10:19:50.660444Z[0m [34mDEBUG[0m [2mhyper::proto::h1::conn[0m[2m:[0m incoming body completed
[2m2025-12-10T10:19:50.660478Z[0m [34mDEBUG[0m [2mhyper::client::pool[0m[2m:[0m pooling idle connection for ("http", 192.168.0.14:8545)
[2m2025-12-10T10:19:50.660526Z[0m [34mDEBUG[0m [2mhyper::client::pool[0m[2m:[0m reuse idle connection for ("http", 192.168.0.14:8545)
[2m2025-12-10T10:19:50.660583Z[0m [34mDEBUG[0m [2mhyper::proto::h1::io[0m[2m:[0m flushed 172 bytes
[2m2025-12-10T10:19:50.664510Z[0m [34mDEBUG[0m [2mhyper::proto::h1::io[0m[2m:[0m parsed 4 headers
[2m2025-12-10T10:19:50.664549Z[0m [34mDEBUG[0m [2mhyper::proto::h1::conn[0m[2m:[0m incoming body is content-length (45 bytes)
[2m2025-12-10T10:19:50.664567Z[0m [34mDEBUG[0m [2mhyper::proto::h1::conn[0m[2m:[0m incoming body completed
[2m2025-12-10T10:19:50.664589Z[0m [34mDEBUG[0m [2mhyper::client::pool[0m[2m:[0m pooling idle connection for ("http", 192.168.0.14:8545)
[2m2025-12-10T10:19:50.664639Z[0m [34mDEBUG[0m [2mhyper::client::pool[0m[2m:[0m reuse idle connection for ("http", 192.168.0.14:8545)
[2m2025-12-10T10:19:50.664697Z[0m [34mDEBUG[0m [2mhyper::proto::h1::io[0m[2m:[0m flushed 172 bytes
[2m2025-12-10T10:19:50.924598Z[0m [34mDEBUG[0m [2mhyper::proto::h1::io[0m[2m:[0m parsed 4 headers
[2m2025-12-10T10:19:50.924698Z[0m [34mDEBUG[0m [2mhyper::proto::h1::conn[0m[2m:[0m incoming body is content-length (45 bytes)
[2m2025-12-10T10:19:50.927978Z[0m [34mDEBUG[0m [2mhyper::proto::h1::conn[0m[2m:[0m incoming body completed
[2m2025-12-10T10:19:51.084207Z[0m [34mDEBUG[0m [2mhyper::client::pool[0m[2m:[0m pooling idle connection for ("http", 192.168.0.14:8545)
[2m2025-12-10T10:19:51.084417Z[0m [34mDEBUG[0m [2mhyper::client::pool[0m[2m:[0m reuse idle connection for ("http", 192.168.0.14:8545)
[2m2025-12-10T10:19:51.084887Z[0m [34mDEBUG[0m [2mhyper::proto::h1::io[0m[2m:[0m flushed 172 bytes
[2m2025-12-10T10:19:51.084917Z[0m [34mDEBUG[0m [2methereum_transaction_pool_monitor::eth_client[0m[2m:[0m 📨 Received WebSocket message: {"jsonrpc":"2.0","method":"eth_subscription","params":{"subscription":"0xbed0a0851463e895960a451075a301a9","result":"0xac81c3598719b75d6dbef3b4bd0e02739a39e810c8857f7a44a14b708316402b"}}
[2m2025-12-10T10:19:51.084944Z[0m [34mDEBUG[0m [2methereum_transaction_pool_monitor::eth_client[0m[2m:[0m 📨 Received pending transaction: 0xac81c3598719b75d6dbef3b4bd0e02739a39e810c8857f7a44a14b708316402b
[2m2025-12-10T10:19:51.084965Z[0m [34mDEBUG[0m [2methereum_transaction_pool_monitor::eth_client[0m[2m:[0m 📨 Received WebSocket message: {"jsonrpc":"2.0","method":"eth_subscription","params":{"subscription":"0xbed0a0851463e895960a451075a301a9","result":"0x80dc9745798943c63c103d39fc763713efa6b1ee52972f622a3333e2bb4bf2e3"}}
[2m2025-12-10T10:19:51.084978Z[0m [34mDEBUG[0m [2methereum_transaction_pool_monitor::eth_client[0m[2m:[0m 📨 Received pending transaction: 0x80dc9745798943c63c103d39fc763713efa6b1ee52972f622a3333e2bb4bf2e3
[2m2025-12-10T10:19:51.084989Z[0m [34mDEBUG[0m [2methereum_transaction_pool_monitor::eth_client[0m[2m:[0m 📨 Received WebSocket message: {"jsonrpc":"2.0","method":"eth_subscription","params":{"subscription":"0xbed0a0851463e895960a451075a301a9","result":"0xd394a45a398b886663857c7bae97d3136d422d9ab54cd9ab0d33fd92f304e10c"}}
[2m2025-12-10T10:19:51.085000Z[0m [34mDEBUG[0m [2methereum_transaction_pool_monitor::eth_client[0m[2m:[0m 📨 Received pending transaction: 0xd394a45a398b886663857c7bae97d3136d422d9ab54cd9ab0d33fd92f304e10c
[2m2025-12-10T10:19:51.085011Z[0m [34mDEBUG[0m [2methereum_transaction_pool_monitor::eth_client[0m[2m:[0m 📨 Received WebSocket message: {"jsonrpc":"2.0","method":"eth_subscription","params":{"subscription":"0xbed0a0851463e895960a451075a301a9","result":"0xd60e19011879818d44d9e7fcfb8762f41e8496c5e2940e48e3e52c1b01f10699"}}
[2m2025-12-10T10:19:51.085022Z[0m [34mDEBUG[0m [2methereum_transaction_pool_monitor::eth_client[0m[2m:[0m 📨 Received pending transaction: 0xd60e19011879818d44d9e7fcfb8762f41e8496c5e2940e48e3e52c1b01f10699
[2m2025-12-10T10:19:51.085032Z[0m [34mDEBUG[0m [2methereum_transaction_pool_monitor::eth_client[0m[2m:[0m 📨 Received WebSocket message: {"jsonrpc":"2.0","method":"eth_subscription","params":{"subscription":"0xbed0a0851463e895960a451075a301a9","result":"0xe6e5d7940465d4e05a35c0ca73b1cb7f7d9aa1278fe41cfd4fd19959e11f8f04"}}
[2m2025-12-10T10:19:51.085044Z[0m [34mDEBUG[0m [2methereum_transaction_pool_monitor::eth_client[0m[2m:[0m 📨 Received pending transaction: 0xe6e5d7940465d4e05a35c0ca73b1cb7f7d9aa1278fe41cfd4fd19959e11f8f04
[2m2025-12-10T10:19:51.085082Z[0m [34mDEBUG[0m [2methereum_transaction_pool_monitor::eth_client[0m[2m:[0m 📨 Received WebSocket message: {"jsonrpc":"2.0","method":"eth_subscription","params":{"subscription":"0xbed0a0851463e895960a451075a301a9","result":"0x2b3d74e31b461ff9632985e5da988842a0b6e739d14f112f2f989a775fad73d7"}}
[2m2025-12-10T10:19:51.085096Z[0m [34mDEBUG[0m [2methereum_transaction_pool_monitor::eth_client[0m[2m:[0m 📨 Received pending transaction: 0x2b3d74e31b461ff9632985e5da988842a0b6e739d14f112f2f989a775fad73d7
[2m2025-12-10T10:19:51.088335Z[0m [34mDEBUG[0m [2mhyper::proto::h1::io[0m[2m:[0m parsed 4 headers
[2m2025-12-10T10:19:51.088368Z[0m [34mDEBUG[0m [2mhyper::proto::h1::conn[0m[2m:[0m incoming body is content-length (45 bytes)
[2m2025-12-10T10:19:51.088387Z[0m [34mDEBUG[0m [2mhyper::proto::h1::conn[0m[2m:[0m incoming body completed
[2m2025-12-10T10:19:51.088408Z[0m [34mDEBUG[0m [2mhyper::client::pool[0m[2m:[0m pooling idle connection for ("http", 192.168.0.14:8545)
[2m2025-12-10T10:19:51.088531Z[0m [34mDEBUG[0m [2mhyper::client::pool[0m[2m:[0m reuse idle connection for ("http", 192.168.0.14:8545)
[2m2025-12-10T10:19:51.088593Z[0m [34mDEBUG[0m [2mhyper::proto::h1::io[0m[2m:[0m flushed 172 bytes
[2m2025-12-10T10:19:51.092510Z[0m [34mDEBUG[0m [2mhyper::proto::h1::io[0m[2m:[0m parsed 4 headers
[2m2025-12-10T10:19:51.092544Z[0m [34mDEBUG[0m [2mhyper::proto::h1::conn[0m[2m:[0m incoming body is content-length (45 bytes)
[2m2025-12-10T10:19:51.092561Z[0m [34mDEBUG[0m [2mhyper::proto::h1::conn[0m[2m:[0m incoming body completed
[2m2025-12-10T10:19:51.092581Z[0m [34mDEBUG[0m [2mhyper::client::pool[0m[2m:[0m pooling idle connection for ("http", 192.168.0.14:8545)
[2m2025-12-10T10:19:51.092625Z[0m [34mDEBUG[0m [2mhyper::client::pool[0m[2m:[0m reuse idle connection for ("http", 192.168.0.14:8545)
[2m2025-12-10T10:19:51.092677Z[0m [34mDEBUG[0m [2mhyper::proto::h1::io[0m[2m:[0m flushed 172 bytes
[2m2025-12-10T10:19:51.132902Z[0m [34mDEBUG[0m [2mhyper::proto::h1::io[0m[2m:[0m parsed 4 headers
[2m2025-12-10T10:19:51.132938Z[0m [34mDEBUG[0m [2mhyper::proto::h1::conn[0m[2m:[0m incoming body is content-length (45 bytes)
[2m2025-12-10T10:19:51.132962Z[0m [34mDEBUG[0m [2mhyper::proto::h1::conn[0m[2m:[0m incoming body completed
[2m2025-12-10T10:19:51.132980Z[0m [34mDEBUG[0m [2mhyper::client::pool[0m[2m:[0m pooling idle connection for ("http", 192.168.0.14:8545)
[2m2025-12-10T10:19:51.154909Z[0m [34mDEBUG[0m [2mhyper::client::pool[0m[2m:[0m reuse idle connection for ("http", 192.168.0.14:8545)
[2m2025-12-10T10:19:51.155006Z[0m [34mDEBUG[0m [2mhyper::proto::h1::io[0m[2m:[0m flushed 172 bytes
[2m2025-12-10T10:19:51.159578Z[0m [34mDEBUG[0m [2mhyper::proto::h1::io[0m[2m:[0m parsed 4 headers
[2m2025-12-10T10:19:51.159613Z[0m [34mDEBUG[0m [2mhyper::proto::h1::conn[0m[2m:[0m incoming body is content-length (45 bytes)
[2m2025-12-10T10:19:51.159700Z[0m [34mDEBUG[0m [2mhyper::proto::h1::conn[0m[2m:[0m incoming body completed
[2m2025-12-10T10:19:51.159712Z[0m [34mDEBUG[0m [2mhyper::client::pool[0m[2m:[0m pooling idle connection for ("http", 192.168.0.14:8545)
[2m2025-12-10T10:19:51.161421Z[0m [34mDEBUG[0m [2mhyper::client::pool[0m[2m:[0m reuse idle connection for ("http", 192.168.0.14:8545)
[2m2025-12-10T10:19:51.161497Z[0m [34mDEBUG[0m [2mhyper::proto::h1::io[0m[2m:[0m flushed 172 bytes
[2m2025-12-10T10:19:51.169055Z[0m [34mDEBUG[0m [2mhyper::proto::h1::io[0m[2m:[0m parsed 4 headers
[2m2025-12-10T10:19:51.169071Z[0m [34mDEBUG[0m [2mhyper::proto::h1::conn[0m[2m:[0m incoming body is content-length (45 bytes)
[2m2025-12-10T10:19:51.169079Z[0m [34mDEBUG[0m [2mhyper::proto::h1::conn[0m[2m:[0m incoming body completed
[2m2025-12-10T10:19:51.169088Z[0m [34mDEBUG[0m [2mhyper::client::pool[0m[2m:[0m pooling idle connection for ("http", 192.168.0.14:8545)
[2m2025-12-10T10:19:51.170296Z[0m [34mDEBUG[0m [2mhyper::client::pool[0m[2m:[0m reuse idle connection for ("http", 192.168.0.14:8545)
[2m2025-12-10T10:19:51.170458Z[0m [34mDEBUG[0m [2mhyper::proto::h1::io[0m[2m:[0m flushed 172 bytes
[2m2025-12-10T10:19:51.174084Z[0m [34mDEBUG[0m [2methereum_transaction_pool_monitor::eth_client[0m[2m:[0m 📨 Received WebSocket message: {"jsonrpc":"2.0","method":"eth_subscription","params":{"subscription":"0xbed0a0851463e895960a451075a301a9","result":"0xb2816290b3f0e9ad70a0e1688f27243b56c0db48b3c8b287bf6898152b8443e7"}}
[2m2025-12-10T10:19:51.174125Z[0m [34mDEBUG[0m [2methereum_transaction_pool_monitor::eth_client[0m[2m:[0m 📨 Received pending transaction: 0xb2816290b3f0e9ad70a0e1688f27243b56c0db48b3c8b287bf6898152b8443e7
[2m2025-12-10T10:19:51.174154Z[0m [34mDEBUG[0m [2mhyper::proto::h1::io[0m[2m:[0m parsed 4 headers
[2m2025-12-10T10:19:51.174165Z[0m [34mDEBUG[0m [2mhyper::proto::h1::conn[0m[2m:[0m incoming body is content-length (45 bytes)
[2m2025-12-10T10:19:51.174178Z[0m [34mDEBUG[0m [2mhyper::proto::h1::conn[0m[2m:[0m incoming body completed
[2m2025-12-10T10:19:51.174194Z[0m [34mDEBUG[0m [2mhyper::client::pool[0m[2m:[0m pooling idle connection for ("http", 192.168.0.14:8545)
[2m2025-12-10T10:19:51.174229Z[0m [34mDEBUG[0m [2mhyper::client::pool[0m[2m:[0m reuse idle connection for ("http", 192.168.0.14:8545)
[2m2025-12-10T10:19:51.174269Z[0m [34mDEBUG[0m [2mhyper::proto::h1::io[0m[2m:[0m flushed 172 bytes
[2m2025-12-10T10:19:51.198378Z[0m [34mDEBUG[0m [2mhyper::proto::h1::io[0m[2m:[0m parsed 4 headers
[2m2025-12-10T10:19:51.198412Z[0m [34mDEBUG[0m [2mhyper::proto::h1::conn[0m[2m:[0m incoming body is content-length (45 bytes)
[2m2025-12-10T10:19:51.198435Z[0m [34mDEBUG[0m [2mhyper::proto::h1::conn[0m[2m:[0m incoming body completed
[2m2025-12-10T10:19:51.198457Z[0m [34mDEBUG[0m [2mhyper::client::pool[0m[2m:[0m pooling idle connection for ("http", 192.168.0.14:8545)
[2m2025-12-10T10:19:51.466670Z[0m [34mDEBUG[0m [2mhyper::client::pool[0m[2m:[0m reuse idle connection for ("http", 192.168.0.14:8545)
[2m2025-12-10T10:19:51.622816Z[0m [34mDEBUG[0m [2mhyper::proto::h1::io[0m[2m:[0m flushed 172 bytes
[2m2025-12-10T10:19:52.255796Z[0m [34mDEBUG[0m [2methereum_transaction_pool_monitor::eth_client[0m[2m:[0m 📨 Received WebSocket message: {"jsonrpc":"2.0","method":"eth_subscription","params":{"subscription":"0xbed0a0851463e895960a451075a301a9","result":"0x21b1184c076b189d56cef0f13f607bcbf39aa21209b6ab1e597a05e0596ec165"}}
[2m2025-12-10T10:19:52.507592Z[0m [34mDEBUG[0m [2methereum_transaction_pool_monitor::eth_client[0m[2m:[0m 📨 Received pending transaction: 0x21b1184c076b189d56cef0f13f607bcbf39aa21209b6ab1e597a05e0596ec165
[2m2025-12-10T10:19:52.534119Z[0m [34mDEBUG[0m [2methereum_transaction_pool_monitor::eth_client[0m[2m:[0m 📨 Received WebSocket message: {"jsonrpc":"2.0","method":"eth_subscription","params":{"subscription":"0xbed0a0851463e895960a451075a301a9","result":"0x2dfea3c8556d88b2a9d61ddf75c476b19c586e8cbdf2a1c6b6a8ae3c5693a35f"}}
[2m2025-12-10T10:19:52.640989Z[0m [34mDEBUG[0m [2methereum_transaction_pool_monitor::eth_client[0m[2m:[0m 📨 Received pending transaction: 0x2dfea3c8556d88b2a9d61ddf75c476b19c586e8cbdf2a1c6b6a8ae3c5693a35f
[2m2025-12-10T10:19:52.641044Z[0m [34mDEBUG[0m [2methereum_transaction_pool_monitor::eth_client[0m[2m:[0m 📨 Received WebSocket message: {"jsonrpc":"2.0","method":"eth_subscription","params":{"subscription":"0xbed0a0851463e895960a451075a301a9","result":"0x5f0651fbcdec5038dc48db861021d9d72eb8bd5f62e821806a5642b7a8eabce7"}}
[2m2025-12-10T10:19:52.641059Z[0m [34mDEBUG[0m [2methereum_transaction_pool_monitor::eth_client[0m[2m:[0m 📨 Received pending transaction: 0x5f0651fbcdec5038dc48db861021d9d72eb8bd5f62e821806a5642b7a8eabce7
[2m2025-12-10T10:19:52.641070Z[0m [34mDEBUG[0m [2methereum_transaction_pool_monitor::eth_client[0m[2m:[0m 📨 Received WebSocket message: {"jsonrpc":"2.0","method":"eth_subscription","params":{"subscription":"0xbed0a0851463e895960a451075a301a9","result":"0xc9c6cd47afd16c3501d53fa5ae25ca0ab7ad2bfb879e735a3ca4692c3da1d668"}}
[2m2025-12-10T10:19:52.641082Z[0m [34mDEBUG[0m [2methereum_transaction_pool_monitor::eth_client[0m[2m:[0m 📨 Received pending transaction: 0xc9c6cd47afd16c3501d53fa5ae25ca0ab7ad2bfb879e735a3ca4692c3da1d668
[2m2025-12-10T10:19:52.641093Z[0m [34mDEBUG[0m [2methereum_transaction_pool_monitor::eth_client[0m[2m:[0m 📨 Received WebSocket message: {"jsonrpc":"2.0","method":"eth_subscription","params":{"subscription":"0xbed0a0851463e895960a451075a301a9","result":"0xaef91c002a6c5fd42fe42a66bc4252a82ba60ba772c0470d300a7e32c0993088"}}
[2m2025-12-10T10:19:52.641105Z[0m [34mDEBUG[0m [2methereum_transaction_pool_monitor::eth_client[0m[2m:[0m 📨 Received pending transaction: 0xaef91c002a6c5fd42fe42a66bc4252a82ba60ba772c0470d300a7e32c0993088
[2m2025-12-10T10:19:52.641115Z[0m [34mDEBUG[0m [2methereum_transaction_pool_monitor::eth_client[0m[2m:[0m 📨 Received WebSocket message: {"jsonrpc":"2.0","method":"eth_subscription","params":{"subscription":"0xbed0a0851463e895960a451075a301a9","result":"0x0740004b744acfbaa4f9ceaad2652ad29526c2809e939198e3b3b28d590e73fc"}}
[2m2025-12-10T10:19:52.641126Z[0m [34mDEBUG[0m [2methereum_transaction_pool_monitor::eth_client[0m[2m:[0m 📨 Received pending transaction: 0x0740004b744acfbaa4f9ceaad2652ad29526c2809e939198e3b3b28d590e73fc
[2m2025-12-10T10:19:53.205272Z[0m [34mDEBUG[0m [2methereum_transaction_pool_monitor::eth_client[0m[2m:[0m 📨 Received WebSocket message: {"jsonrpc":"2.0","method":"eth_subscription","params":{"subscription":"0xbed0a0851463e895960a451075a301a9","result":"0xb95a70136f7e4a5741348901c25ff2a41d598f1126d2077ad656aa08dac362af"}}
[2m2025-12-10T10:19:53.223274Z[0m [34mDEBUG[0m [2methereum_transaction_pool_monitor::eth_client[0m[2m:[0m 📨 Received pending transaction: 0xb95a70136f7e4a5741348901c25ff2a41d598f1126d2077ad656aa08dac362af
[2m2025-12-10T10:19:53.223323Z[0m [34mDEBUG[0m [2methereum_transaction_pool_monitor::eth_client[0m[2m:[0m 📨 Received WebSocket message: {"jsonrpc":"2.0","method":"eth_subscription","params":{"subscription":"0xbed0a0851463e895960a451075a301a9","result":"0xa1b12ad90f37284ea01d792ccedc5a0933d5998b944814975f0c0c9a688985bd"}}
[2m2025-12-10T10:19:53.223337Z[0m [34mDEBUG[0m [2methereum_transaction_pool_monitor::eth_client[0m[2m:[0m 📨 Received pending transaction: 0xa1b12ad90f37284ea01d792ccedc5a0933d5998b944814975f0c0c9a688985bd
[2m2025-12-10T10:19:53.223348Z[0m [34mDEBUG[0m [2methereum_transaction_pool_monitor::eth_client[0m[2m:[0m 📨 Received WebSocket message: {"jsonrpc":"2.0","method":"eth_subscription","params":{"subscription":"0xbed0a0851463e895960a451075a301a9","result":"0xe16374dd61db964ed0e4e0845945582668b7be67b23c6ffd86cbede15394c506"}}
[2m2025-12-10T10:19:53.223360Z[0m [34mDEBUG[0m [2methereum_transaction_pool_monitor::eth_client[0m[2m:[0m 📨 Received pending transaction: 0xe16374dd61db964ed0e4e0845945582668b7be67b23c6ffd86cbede15394c506
[2m2025-12-10T10:19:53.223370Z[0m [34mDEBUG[0m [2methereum_transaction_pool_monitor::eth_client[0m[2m:[0m 📨 Received WebSocket message: {"jsonrpc":"2.0","method":"eth_subscription","params":{"subscription":"0xbed0a0851463e895960a451075a301a9","result":"0xf470165d9a2e0c319acf111e9d096e3de10f3281873c69d80d4e1e07f08d305a"}}
[2m2025-12-10T10:19:53.223382Z[0m [34mDEBUG[0m [2methereum_transaction_pool_monitor::eth_client[0m[2m:[0m 📨 Received pending transaction: 0xf470165d9a2e0c319acf111e9d096e3de10f3281873c69d80d4e1e07f08d305a
[2m2025-12-10T10:19:53.223391Z[0m [34mDEBUG[0m [2methereum_transaction_pool_monitor::eth_client[0m[2m:[0m 📨 Received WebSocket message: {"jsonrpc":"2.0","method":"eth_subscription","params":{"subscription":"0xbed0a0851463e895960a451075a301a9","result":"0x5252d82027c9a6196e37330475cfa66719b94736b0224f933aa4487eb40de1b4"}}
[2m2025-12-10T10:19:53.223402Z[0m [34mDEBUG[0m [2methereum_transaction_pool_monitor::eth_client[0m[2m:[0m 📨 Received pending transaction: 0x5252d82027c9a6196e37330475cfa66719b94736b0224f933aa4487eb40de1b4
[2m2025-12-10T10:19:53.223412Z[0m [34mDEBUG[0m [2methereum_transaction_pool_monitor::eth_client[0m[2m:[0m 📨 Received WebSocket message: {"jsonrpc":"2.0","method":"eth_subscription","params":{"subscription":"0xbed0a0851463e895960a451075a301a9","result":"0x1773e25c4090ffbcd51324865cff71aba95cbaac04003ab7fadfa5b34b1cf935"}}
[2m2025-12-10T10:19:53.223423Z[0m [34mDEBUG[0m [2methereum_transaction_pool_monitor::eth_client[0m[2m:[0m 📨 Received pending transaction: 0x1773e25c4090ffbcd51324865cff71aba95cbaac04003ab7fadfa5b34b1cf935
[2m2025-12-10T10:19:53.223432Z[0m [34mDEBUG[0m [2methereum_transaction_pool_monitor::eth_client[0m[2m:[0m 📨 Received WebSocket message: {"jsonrpc":"2.0","method":"eth_subscription","params":{"subscription":"0xbed0a0851463e895960a451075a301a9","result":"0x23fd7384f2344520ef501f550f46887c1799c1c029b6574599a1dc9706415f87"}}
[2m2025-12-10T10:19:53.223443Z[0m [34mDEBUG[0m [2methereum_transaction_pool_monitor::eth_client[0m[2m:[0m 📨 Received pending transaction: 0x23fd7384f2344520ef501f550f46887c1799c1c029b6574599a1dc9706415f87
[2m2025-12-10T10:19:53.223453Z[0m [34mDEBUG[0m [2methereum_transaction_pool_monitor::eth_client[0m[2m:[0m 📨 Received WebSocket message: {"jsonrpc":"2.0","method":"eth_subscription","params":{"subscription":"0xbed0a0851463e895960a451075a301a9","result":"0xc2dacc46d46fdbfd208edab673854a1ae731c62407dc5a6c1576f099f8393ae2"}}
[2m2025-12-10T10:19:53.223464Z[0m [34mDEBUG[0m [2methereum_transaction_pool_monitor::eth_client[0m[2m:[0m 📨 Received pending transaction: 0xc2dacc46d46fdbfd208edab673854a1ae731c62407dc5a6c1576f099f8393ae2
[2m2025-12-10T10:19:53.223474Z[0m [34mDEBUG[0m [2methereum_transaction_pool_monitor::eth_client[0m[2m:[0m 📨 Received WebSocket message: {"jsonrpc":"2.0","method":"eth_subscription","params":{"subscription":"0xbed0a0851463e895960a451075a301a9","result":"0x5624fb088c82ba41918dabbd04ab47061d90c27a5da483e5b040fa2cfc7bfe4f"}}
[2m2025-12-10T10:19:53.223485Z[0m [34mDEBUG[0m [2methereum_transaction_pool_monitor::eth_client[0m[2m:[0m 📨 Received pending transaction: 0x5624fb088c82ba41918dabbd04ab47061d90c27a5da483e5b040fa2cfc7bfe4f
[2m2025-12-10T10:19:53.223495Z[0m [34mDEBUG[0m [2methereum_transaction_pool_monitor::eth_client[0m[2m:[0m 📨 Received WebSocket message: {"jsonrpc":"2.0","method":"eth_subscription","params":{"subscription":"0xbed0a0851463e895960a451075a301a9","result":"0x29b03332ebc75e982a6101dbcef9dcd9f047fe10d32e761fa720d78e30bf32e4"}}
[2m2025-12-10T10:19:53.223505Z[0m [34mDEBUG[0m [2methereum_transaction_pool_monitor::eth_client[0m[2m:[0m 📨 Received pending transaction: 0x29b03332ebc75e982a6101dbcef9dcd9f047fe10d32e761fa720d78e30bf32e4
[2m2025-12-10T10:19:53.223515Z[0m [34mDEBUG[0m [2methereum_transaction_pool_monitor::eth_client[0m[2m:[0m 📨 Received WebSocket message: {"jsonrpc":"2.0","method":"eth_subscription","params":{"subscription":"0xbed0a0851463e895960a451075a301a9","result":"0x101ba029a34cebcbd3135f339f170b9b470a1542f2f15e23ad9fd211a2b2cb7b"}}
[2m2025-12-10T10:19:53.223526Z[0m [34mDEBUG[0m [2methereum_transaction_pool_monitor::eth_client[0m[2m:[0m 📨 Received pending transaction: 0x101ba029a34cebcbd3135f339f170b9b470a1542f2f15e23ad9fd211a2b2cb7b
[2m2025-12-10T10:19:53.223538Z[0m [34mDEBUG[0m [2methereum_transaction_pool_monitor::eth_client[0m[2m:[0m 📨 Received WebSocket message: {"jsonrpc":"2.0","method":"eth_subscription","params":{"subscription":"0xbed0a0851463e895960a451075a301a9","result":"0x923d7739476a1e7ae7f9a4d49b1868e490e450fccfc2d025fc2076dea7160840"}}
[2m2025-12-10T10:19:53.223549Z[0m [34mDEBUG[0m [2methereum_transaction_pool_monitor::eth_client[0m[2m:[0m 📨 Received pending transaction: 0x923d7739476a1e7ae7f9a4d49b1868e490e450fccfc2d025fc2076dea7160840
[2m2025-12-10T10:19:53.223559Z[0m [34mDEBUG[0m [2methereum_transaction_pool_monitor::eth_client[0m[2m:[0m 📨 Received WebSocket message: {"jsonrpc":"2.0","method":"eth_subscription","params":{"subscription":"0xbed0a0851463e895960a451075a301a9","result":"0x07f7577edb7fc8a57b5779907008fdfe231994ac0c00ae521c9a06089deb375e"}}
[2m2025-12-10T10:19:53.223569Z[0m [34mDEBUG[0m [2methereum_transaction_pool_monitor::eth_client[0m[2m:[0m 📨 Received pending transaction: 0x07f7577edb7fc8a57b5779907008fdfe231994ac0c00ae521c9a06089deb375e
[2m2025-12-10T10:19:53.223579Z[0m [34mDEBUG[0m [2methereum_transaction_pool_monitor::eth_client[0m[2m:[0m 📨 Received WebSocket message: {"jsonrpc":"2.0","method":"eth_subscription","params":{"subscription":"0xbed0a0851463e895960a451075a301a9","result":"0x0ec404edc36b30c04825638a43434b42d51ea51f931ff8e5ba02ec4d4514d52e"}}
[2m2025-12-10T10:19:53.223589Z[0m [34mDEBUG[0m [2methereum_transaction_pool_monitor::eth_client[0m[2m:[0m 📨 Received pending transaction: 0x0ec404edc36b30c04825638a43434b42d51ea51f931ff8e5ba02ec4d4514d52e
[2m2025-12-10T10:19:53.640691Z[0m [34mDEBUG[0m [2mhyper::proto::h1::io[0m[2m:[0m parsed 4 headers
[2m2025-12-10T10:19:53.642263Z[0m [34mDEBUG[0m [2mhyper::proto::h1::conn[0m[2m:[0m incoming body is content-length (45 bytes)
[2m2025-12-10T10:19:53.643584Z[0m [34mDEBUG[0m [2mhyper::proto::h1::conn[0m[2m:[0m incoming body completed
[2m2025-12-10T10:19:53.651768Z[0m [34mDEBUG[0m [2mhyper::client::pool[0m[2m:[0m pooling idle connection for ("http", 192.168.0.14:8545)
[2m2025-12-10T10:19:53.663119Z[0m [34mDEBUG[0m [2mhyper::client::pool[0m[2m:[0m reuse idle connection for ("http", 192.168.0.14:8545)
[2m2025-12-10T10:19:53.664169Z[0m [34mDEBUG[0m [2mhyper::proto::h1::io[0m[2m:[0m flushed 172 bytes
[2m2025-12-10T10:19:53.668561Z[0m [34mDEBUG[0m [2mhyper::proto::h1::io[0m[2m:[0m parsed 4 headers
[2m2025-12-10T10:19:53.668775Z[0m [34mDEBUG[0m [2mhyper::proto::h1::conn[0m[2m:[0m incoming body is content-length (45 bytes)
[2m2025-12-10T10:19:53.669078Z[0m [34mDEBUG[0m [2mhyper::proto::h1::conn[0m[2m:[0m incoming body completed
[2m2025-12-10T10:19:53.669141Z[0m [34mDEBUG[0m [2mhyper::client::pool[0m[2m:[0m pooling idle connection for ("http", 192.168.0.14:8545)
[2m2025-12-10T10:19:53.669294Z[0m [34mDEBUG[0m [2mhyper::client::pool[0m[2m:[0m reuse idle connection for ("http", 192.168.0.14:8545)
[2m2025-12-10T10:19:53.669374Z[0m [34mDEBUG[0m [2mhyper::proto::h1::io[0m[2m:[0m flushed 172 bytes
[2m2025-12-10T10:19:53.693244Z[0m [34mDEBUG[0m [2methereum_transaction_pool_monitor::eth_client[0m[2m:[0m 📨 Received WebSocket message: {"jsonrpc":"2.0","method":"eth_subscription","params":{"subscription":"0xbed0a0851463e895960a451075a301a9","result":"0x4bf2f6d342c5621727e47a08eb24cd64cec5630f77a2f6393c759f458f2c0b88"}}
[2m2025-12-10T10:19:53.693282Z[0m [34mDEBUG[0m [2methereum_transaction_pool_monitor::eth_client[0m[2m:[0m 📨 Received pending transaction: 0x4bf2f6d342c5621727e47a08eb24cd64cec5630f77a2f6393c759f458f2c0b88
[2m2025-12-10T10:19:53.693291Z[0m [32m INFO[0m [2methereum_transaction_pool_monitor::eth_client[0m[2m:[0m 📊 WebSocket stats - Total: 7141 transactions, Rate: 10.0 tx/s
[2m2025-12-10T10:19:53.693298Z[0m [34mDEBUG[0m [2methereum_transaction_pool_monitor::eth_client[0m[2m:[0m 📨 Received WebSocket message: {"jsonrpc":"2.0","method":"eth_subscription","params":{"subscription":"0xbed0a0851463e895960a451075a301a9","result":"0xf5c607442001efc3de0552ef48b1f5302dc19acdaf3df214549cf29093206d38"}}
[2m2025-12-10T10:19:53.693304Z[0m [34mDEBUG[0m [2methereum_transaction_pool_monitor::eth_client[0m[2m:[0m 📨 Received pending transaction: 0xf5c607442001efc3de0552ef48b1f5302dc19acdaf3df214549cf29093206d38
[2m2025-12-10T10:19:53.693309Z[0m [34mDEBUG[0m [2methereum_transaction_pool_monitor::eth_client[0m[2m:[0m 📨 Received WebSocket message: {"jsonrpc":"2.0","method":"eth_subscription","params":{"subscription":"0xbed0a0851463e895960a451075a301a9","result":"0xcabcb695daa1b61d896955d4f6b7cc2bcd596f599040338819849a9c420ef0a6"}}
[2m2025-12-10T10:19:53.693314Z[0m [34mDEBUG[0m [2methereum_transaction_pool_monitor::eth_client[0m[2m:[0m 📨 Received pending transaction: 0xcabcb695daa1b61d896955d4f6b7cc2bcd596f599040338819849a9c420ef0a6
[2m2025-12-10T10:19:53.758035Z[0m [34mDEBUG[0m [2mhyper::proto::h1::io[0m[2m:[0m parsed 4 headers
[2m2025-12-10T10:19:53.758192Z[0m [34mDEBUG[0m [2mhyper::proto::h1::conn[0m[2m:[0m incoming body is content-length (45 bytes)
[2m2025-12-10T10:19:53.758213Z[0m [34mDEBUG[0m [2mhyper::proto::h1::conn[0m[2m:[0m incoming body completed
[2m2025-12-10T10:19:53.758312Z[0m [34mDEBUG[0m [2mhyper::client::pool[0m[2m:[0m pooling idle connection for ("http", 192.168.0.14:8545)
[2m2025-12-10T10:19:53.758375Z[0m [34mDEBUG[0m [2mhyper::client::pool[0m[2m:[0m reuse idle connection for ("http", 192.168.0.14:8545)
[2m2025-12-10T10:19:53.758441Z[0m [34mDEBUG[0m [2mhyper::proto::h1::io[0m[2m:[0m flushed 172 bytes
[2m2025-12-10T10:19:53.823244Z[0m [34mDEBUG[0m [2mhyper::proto::h1::io[0m[2m:[0m parsed 4 headers
[2m2025-12-10T10:19:53.823291Z[0m [34mDEBUG[0m [2mhyper::proto::h1::conn[0m[2m:[0m incoming body is content-length (45 bytes)
[2m2025-12-10T10:19:53.823321Z[0m [34mDEBUG[0m [2mhyper::proto::h1::conn[0m[2m:[0m incoming body completed
[2m2025-12-10T10:19:53.823357Z[0m [34mDEBUG[0m [2mhyper::client::pool[0m[2m:[0m pooling idle connection for ("http", 192.168.0.14:8545)
[2m2025-12-10T10:19:53.823414Z[0m [34mDEBUG[0m [2mhyper::client::pool[0m[2m:[0m reuse idle connection for ("http", 192.168.0.14:8545)
[2m2025-12-10T10:19:53.823507Z[0m [34mDEBUG[0m [2mhyper::proto::h1::io[0m[2m:[0m flushed 172 bytes
[2m2025-12-10T10:19:53.853464Z[0m [34mDEBUG[0m [2mhyper::proto::h1::io[0m[2m:[0m parsed 4 headers
[2m2025-12-10T10:19:53.854429Z[0m [34mDEBUG[0m [2mhyper::proto::h1::conn[0m[2m:[0m incoming body is content-length (45 bytes)
[2m2025-12-10T10:19:53.854456Z[0m [34mDEBUG[0m [2mhyper::proto::h1::conn[0m[2m:[0m incoming body completed
[2m2025-12-10T10:19:53.854433Z[0m [34mDEBUG[0m [2methereum_transaction_pool_monitor::eth_client[0m[2m:[0m 📨 Received WebSocket message: {"jsonrpc":"2.0","method":"eth_subscription","params":{"subscription":"0xbed0a0851463e895960a451075a301a9","result":"0x8652b0e1e26551ca3dac8fe374aeec95bacd7977eacf678e3044df1efb2f1eda"}}
[2m2025-12-10T10:19:53.854623Z[0m [34mDEBUG[0m [2methereum_transaction_pool_monitor::eth_client[0m[2m:[0m 📨 Received pending transaction: 0x8652b0e1e26551ca3dac8fe374aeec95bacd7977eacf678e3044df1efb2f1eda
[2m2025-12-10T10:19:54.002903Z[0m [34mDEBUG[0m [2methereum_transaction_pool_monitor::eth_client[0m[2m:[0m 📨 Received WebSocket message: {"jsonrpc":"2.0","method":"eth_subscription","params":{"subscription":"0xbed0a0851463e895960a451075a301a9","result":"0x4941f2a9e3d649fabbc0b69330285a1a375321d19f56fb05f65d75b349f3b5a4"}}
[2m2025-12-10T10:19:54.002120Z[0m [34mDEBUG[0m [2mhyper::client::pool[0m[2m:[0m pooling idle connection for ("http", 192.168.0.14:8545)
[2m2025-12-10T10:19:54.031311Z[0m [34mDEBUG[0m [2methereum_transaction_pool_monitor::eth_client[0m[2m:[0m 📨 Received pending transaction: 0x4941f2a9e3d649fabbc0b69330285a1a375321d19f56fb05f65d75b349f3b5a4
[2m2025-12-10T10:19:54.031375Z[0m [34mDEBUG[0m [2methereum_transaction_pool_monitor::eth_client[0m[2m:[0m 📨 Received WebSocket message: {"jsonrpc":"2.0","method":"eth_subscription","params":{"subscription":"0xbed0a0851463e895960a451075a301a9","result":"0xf626198717b1485d30f63eae9843497215b1f6f9abe51cd81bb04396dc94b460"}}
[2m2025-12-10T10:19:54.031393Z[0m [34mDEBUG[0m [2methereum_transaction_pool_monitor::eth_client[0m[2m:[0m 📨 Received pending transaction: 0xf626198717b1485d30f63eae9843497215b1f6f9abe51cd81bb04396dc94b460
[2m2025-12-10T10:19:54.031405Z[0m [34mDEBUG[0m [2methereum_transaction_pool_monitor::eth_client[0m[2m:[0m 📨 Received WebSocket message: {"jsonrpc":"2.0","method":"eth_subscription","params":{"subscription":"0xbed0a0851463e895960a451075a301a9","result":"0x58b704f48fa3accabe15382b5dcd5561993d7285c9018a39e9400087eae40e6b"}}
[2m2025-12-10T10:19:54.031417Z[0m [34mDEBUG[0m [2methereum_transaction_pool_monitor::eth_client[0m[2m:[0m 📨 Received pending transaction: 0x58b704f48fa3accabe15382b5dcd5561993d7285c9018a39e9400087eae40e6b
[2m2025-12-10T10:19:54.031428Z[0m [34mDEBUG[0m [2methereum_transaction_pool_monitor::eth_client[0m[2m:[0m 📨 Received WebSocket message: {"jsonrpc":"2.0","method":"eth_subscription","params":{"subscription":"0xbed0a0851463e895960a451075a301a9","result":"0xacc25a4c14ce121554a26d30bc6cb5145cd563a3abe147ae88820a724cee5017"}}
[2m2025-12-10T10:19:54.031440Z[0m [34mDEBUG[0m [2methereum_transaction_pool_monitor::eth_client[0m[2m:[0m 📨 Received pending transaction: 0xacc25a4c14ce121554a26d30bc6cb5145cd563a3abe147ae88820a724cee5017
[2m2025-12-10T10:19:54.031484Z[0m [34mDEBUG[0m [2methereum_transaction_pool_monitor::eth_client[0m[2m:[0m 📨 Received WebSocket message: {"jsonrpc":"2.0","method":"eth_subscription","params":{"subscription":"0xbed0a0851463e895960a451075a301a9","result":"0x2fa6a2db4a5d768593a1a8f8f0eba5a9c3c6c5236ac8dc8ac42c75d20c49f3ae"}}
[2m2025-12-10T10:19:54.031498Z[0m [34mDEBUG[0m [2methereum_transaction_pool_monitor::eth_client[0m[2m:[0m 📨 Received pending transaction: 0x2fa6a2db4a5d768593a1a8f8f0eba5a9c3c6c5236ac8dc8ac42c75d20c49f3ae
[2m2025-12-10T10:19:54.035213Z[0m [34mDEBUG[0m [2mhyper::client::pool[0m[2m:[0m reuse idle connection for ("http", 192.168.0.14:8545)
[2m2025-12-10T10:19:54.035364Z[0m [34mDEBUG[0m [2mhyper::proto::h1::io[0m[2m:[0m flushed 172 bytes
[2m2025-12-10T10:19:54.038534Z[0m [34mDEBUG[0m [2mhyper::proto::h1::io[0m[2m:[0m parsed 4 headers
[2m2025-12-10T10:19:54.038566Z[0m [34mDEBUG[0m [2mhyper::proto::h1::conn[0m[2m:[0m incoming body is content-length (45 bytes)
[2m2025-12-10T10:19:54.038586Z[0m [34mDEBUG[0m [2mhyper::proto::h1::conn[0m[2m:[0m incoming body completed
[2m2025-12-10T10:19:54.038609Z[0m [34mDEBUG[0m [2mhyper::client::pool[0m[2m:[0m pooling idle connection for ("http", 192.168.0.14:8545)
[2m2025-12-10T10:19:54.154992Z[0m [34mDEBUG[0m [2mhyper::client::pool[0m[2m:[0m reuse idle connection for ("http", 192.168.0.14:8545)
[2m2025-12-10T10:19:54.331440Z[0m [34mDEBUG[0m [2mhyper::proto::h1::io[0m[2m:[0m flushed 172 bytes
[2m2025-12-10T10:19:54.779953Z[0m [34mDEBUG[0m [2methereum_transaction_pool_monitor::eth_client[0m[2m:[0m 📨 Received WebSocket message: {"jsonrpc":"2.0","method":"eth_subscription","params":{"subscription":"0xbed0a0851463e895960a451075a301a9","result":"0xd9e527d406f009735216564219de33bf61755a08a8c6346023c7446f7422a465"}}
[2m2025-12-10T10:19:54.874732Z[0m [34mDEBUG[0m [2methereum_transaction_pool_monitor::eth_client[0m[2m:[0m 📨 Received pending transaction: 0xd9e527d406f009735216564219de33bf61755a08a8c6346023c7446f7422a465
[2m2025-12-10T10:19:54.990038Z[0m [34mDEBUG[0m [2methereum_transaction_pool_monitor::eth_client[0m[2m:[0m 📨 Received WebSocket message: {"jsonrpc":"2.0","method":"eth_subscription","params":{"subscription":"0xbed0a0851463e895960a451075a301a9","result":"0xd11052046b5936df777e20f9a2ddefd738e7184b6af129eb27c1fe31326f457c"}}
[2m2025-12-10T10:19:54.990090Z[0m [34mDEBUG[0m [2methereum_transaction_pool_monitor::eth_client[0m[2m:[0m 📨 Received pending transaction: 0xd11052046b5936df777e20f9a2ddefd738e7184b6af129eb27c1fe31326f457c
[2m2025-12-10T10:19:54.990109Z[0m [34mDEBUG[0m [2methereum_transaction_pool_monitor::eth_client[0m[2m:[0m 📨 Received WebSocket message: {"jsonrpc":"2.0","method":"eth_subscription","params":{"subscription":"0xbed0a0851463e895960a451075a301a9","result":"0x1d5402f395bbb10a1d1c38aa7febd81cd3a6e4fe55e90b21ee480892bca201c6"}}
[2m2025-12-10T10:19:54.990121Z[0m [34mDEBUG[0m [2methereum_transaction_pool_monitor::eth_client[0m[2m:[0m 📨 Received pending transaction: 0x1d5402f395bbb10a1d1c38aa7febd81cd3a6e4fe55e90b21ee480892bca201c6
[2m2025-12-10T10:19:55.091800Z[0m [34mDEBUG[0m [2methereum_transaction_pool_monitor::eth_client[0m[2m:[0m 📨 Received WebSocket message: {"jsonrpc":"2.0","method":"eth_subscription","params":{"subscription":"0xbed0a0851463e895960a451075a301a9","result":"0x5a16c87e06134e6f01b9ebe9c5845ad1560ee61d16def8ea15f88b2457436b57"}}
[2m2025-12-10T10:19:55.091863Z[0m [34mDEBUG[0m [2methereum_transaction_pool_monitor::eth_client[0m[2m:[0m 📨 Received pending transaction: 0x5a16c87e06134e6f01b9ebe9c5845ad1560ee61d16def8ea15f88b2457436b57
[2m2025-12-10T10:19:55.091887Z[0m [34mDEBUG[0m [2methereum_transaction_pool_monitor::eth_client[0m[2m:[0m 📨 Received WebSocket message: {"jsonrpc":"2.0","method":"eth_subscription","params":{"subscription":"0xbed0a0851463e895960a451075a301a9","result":"0xc861b4431ffcc2799a18a6f32d117a2156dd89b0170d71e83c98d70faa9232c3"}}
[2m2025-12-10T10:19:55.091903Z[0m [34mDEBUG[0m [2methereum_transaction_pool_monitor::eth_client[0m[2m:[0m 📨 Received pending transaction: 0xc861b4431ffcc2799a18a6f32d117a2156dd89b0170d71e83c98d70faa9232c3
[2m2025-12-10T10:19:55.453136Z[0m [34mDEBUG[0m [2mhyper::proto::h1::io[0m[2m:[0m parsed 4 headers
[2m2025-12-10T10:19:55.564222Z[0m [34mDEBUG[0m [2mhyper::proto::h1::conn[0m[2m:[0m incoming body is content-length (45 bytes)
[2m2025-12-10T10:19:55.426309Z[0m [34mDEBUG[0m [2methereum_transaction_pool_monitor::eth_client[0m[2m:[0m 📨 Received WebSocket message: {"jsonrpc":"2.0","method":"eth_subscription","params":{"subscription":"0xbed0a0851463e895960a451075a301a9","result":"0xff8b2010ccbd81db24ebd7bafa6ca550c4003f4d385b298b926f63496cf83d10"}}
[2m2025-12-10T10:19:55.625591Z[0m [34mDEBUG[0m [2methereum_transaction_pool_monitor::eth_client[0m[2m:[0m 📨 Received pending transaction: 0xff8b2010ccbd81db24ebd7bafa6ca550c4003f4d385b298b926f63496cf83d10
[2m2025-12-10T10:19:55.650022Z[0m [34mDEBUG[0m [2methereum_transaction_pool_monitor::eth_client[0m[2m:[0m 📨 Received WebSocket message: {"jsonrpc":"2.0","method":"eth_subscription","params":{"subscription":"0xbed0a0851463e895960a451075a301a9","result":"0x3a00bef41fd1f3bf4fd50ac56b48f639fc77158d086df4301438b4a115b69f7f"}}
[2m2025-12-10T10:19:55.650106Z[0m [34mDEBUG[0m [2methereum_transaction_pool_monitor::eth_client[0m[2m:[0m 📨 Received pending transaction: 0x3a00bef41fd1f3bf4fd50ac56b48f639fc77158d086df4301438b4a115b69f7f
[2m2025-12-10T10:19:55.650118Z[0m [34mDEBUG[0m [2methereum_transaction_pool_monitor::eth_client[0m[2m:[0m 📨 Received WebSocket message: {"jsonrpc":"2.0","method":"eth_subscription","params":{"subscription":"0xbed0a0851463e895960a451075a301a9","result":"0x3eb274bae57cc6eeeb5c81f0d1e04f3c6a75380d9c1ee3575ec5665743213383"}}
[2m2025-12-10T10:19:55.650124Z[0m [34mDEBUG[0m [2methereum_transaction_pool_monitor::eth_client[0m[2m:[0m 📨 Received pending transaction: 0x3eb274bae57cc6eeeb5c81f0d1e04f3c6a75380d9c1ee3575ec5665743213383
[2m2025-12-10T10:19:55.650129Z[0m [34mDEBUG[0m [2methereum_transaction_pool_monitor::eth_client[0m[2m:[0m 📨 Received WebSocket message: {"jsonrpc":"2.0","method":"eth_subscription","params":{"subscription":"0xbed0a0851463e895960a451075a301a9","result":"0x4028a056738e26225bb59232b7bd2684fc8d1d352f32987aa7369f168a20383f"}}
[2m2025-12-10T10:19:55.650134Z[0m [34mDEBUG[0m [2methereum_transaction_pool_monitor::eth_client[0m[2m:[0m 📨 Received pending transaction: 0x4028a056738e26225bb59232b7bd2684fc8d1d352f32987aa7369f168a20383f
[2m2025-12-10T10:19:55.655480Z[0m [34mDEBUG[0m [2mhyper::proto::h1::conn[0m[2m:[0m incoming body completed
[2m2025-12-10T10:19:55.655644Z[0m [34mDEBUG[0m [2methereum_transaction_pool_monitor::eth_client[0m[2m:[0m 📨 Received WebSocket message: {"jsonrpc":"2.0","method":"eth_subscription","params":{"subscription":"0xbed0a0851463e895960a451075a301a9","result":"0xbd0f87c5ee431dfc15d3886a184659e1afc87a6234c50e75a8ab3b6cc6d894bd"}}
[2m2025-12-10T10:19:55.655708Z[0m [34mDEBUG[0m [2methereum_transaction_pool_monitor::eth_client[0m[2m:[0m 📨 Received pending transaction: 0xbd0f87c5ee431dfc15d3886a184659e1afc87a6234c50e75a8ab3b6cc6d894bd
[2m2025-12-10T10:19:55.655720Z[0m [34mDEBUG[0m [2methereum_transaction_pool_monitor::eth_client[0m[2m:[0m 📨 Received WebSocket message: {"jsonrpc":"2.0","method":"eth_subscription","params":{"subscription":"0xbed0a0851463e895960a451075a301a9","result":"0xdce273f60caf204a3f0fb7b5b58d5cbd2e8a498db6e6f0eed370385970e1370f"}}
[2m2025-12-10T10:19:55.655787Z[0m [34mDEBUG[0m [2methereum_transaction_pool_monitor::eth_client[0m[2m:[0m 📨 Received pending transaction: 0xdce273f60caf204a3f0fb7b5b58d5cbd2e8a498db6e6f0eed370385970e1370f
[2m2025-12-10T10:19:55.655816Z[0m [34mDEBUG[0m [2methereum_transaction_pool_monitor::eth_client[0m[2m:[0m 📨 Received WebSocket message: {"jsonrpc":"2.0","method":"eth_subscription","params":{"subscription":"0xbed0a0851463e895960a451075a301a9","result":"0x8236e4fa032273dd2e7c8ad076c4ac54486b57d9fbd676ec2839d2281f736663"}}
[2m2025-12-10T10:19:55.655823Z[0m [34mDEBUG[0m [2methereum_transaction_pool_monitor::eth_client[0m[2m:[0m 📨 Received pending transaction: 0x8236e4fa032273dd2e7c8ad076c4ac54486b57d9fbd676ec2839d2281f736663
[2m2025-12-10T10:19:55.705506Z[0m [34mDEBUG[0m [2mhyper::client::pool[0m[2m:[0m pooling idle connection for ("http", 192.168.0.14:8545)
[2m2025-12-10T10:19:55.762398Z[0m [34mDEBUG[0m [2methereum_transaction_pool_monitor::eth_client[0m[2m:[0m 📨 Received WebSocket message: {"jsonrpc":"2.0","method":"eth_subscription","params":{"subscription":"0xbed0a0851463e895960a451075a301a9","result":"0xb52e6ee6140e9624eb8a4fb10829ce7d584564c4a7d835793848ea2e3a3026ae"}}
[2m2025-12-10T10:19:55.762477Z[0m [34mDEBUG[0m [2methereum_transaction_pool_monitor::eth_client[0m[2m:[0m 📨 Received pending transaction: 0xb52e6ee6140e9624eb8a4fb10829ce7d584564c4a7d835793848ea2e3a3026ae
[2m2025-12-10T10:19:55.762491Z[0m [34mDEBUG[0m [2methereum_transaction_pool_monitor::eth_client[0m[2m:[0m 📨 Received WebSocket message: {"jsonrpc":"2.0","method":"eth_subscription","params":{"subscription":"0xbed0a0851463e895960a451075a301a9","result":"0xc647c609a6d880912147bcb2ab2226b7788a79f537780a43661312a2f3191293"}}
[2m2025-12-10T10:19:55.763378Z[0m [34mDEBUG[0m [2methereum_transaction_pool_monitor::eth_client[0m[2m:[0m 📨 Received pending transaction: 0xc647c609a6d880912147bcb2ab2226b7788a79f537780a43661312a2f3191293
[2m2025-12-10T10:19:55.765253Z[0m [34mDEBUG[0m [2methereum_transaction_pool_monitor::eth_client[0m[2m:[0m 📨 Received WebSocket message: {"jsonrpc":"2.0","method":"eth_subscription","params":{"subscription":"0xbed0a0851463e895960a451075a301a9","result":"0x5bbd7357f329aba12d5a97fa3a03f014f0e6faac59161cc565a61d37ac7ce8f2"}}
[2m2025-12-10T10:19:55.767760Z[0m [34mDEBUG[0m [2methereum_transaction_pool_monitor::eth_client[0m[2m:[0m 📨 Received pending transaction: 0x5bbd7357f329aba12d5a97fa3a03f014f0e6faac59161cc565a61d37ac7ce8f2
[2m2025-12-10T10:19:55.931825Z[0m [34mDEBUG[0m [2mhyper::client::pool[0m[2m:[0m reuse idle connection for ("http", 192.168.0.14:8545)
[2m2025-12-10T10:19:55.936755Z[0m [34mDEBUG[0m [2mhyper::proto::h1::io[0m[2m:[0m flushed 172 bytes
[2m2025-12-10T10:19:55.941712Z[0m [34mDEBUG[0m [2mhyper::proto::h1::io[0m[2m:[0m parsed 4 headers
[2m2025-12-10T10:19:55.941722Z[0m [34mDEBUG[0m [2mhyper::proto::h1::conn[0m[2m:[0m incoming body is content-length (45 bytes)
[2m2025-12-10T10:19:55.941733Z[0m [34mDEBUG[0m [2mhyper::proto::h1::conn[0m[2m:[0m incoming body completed
[2m2025-12-10T10:19:55.945653Z[0m [34mDEBUG[0m [2mhyper::client::pool[0m[2m:[0m pooling idle connection for ("http", 192.168.0.14:8545)
[2m2025-12-10T10:19:55.945744Z[0m [34mDEBUG[0m [2mhyper::client::pool[0m[2m:[0m reuse idle connection for ("http", 192.168.0.14:8545)
[2m2025-12-10T10:19:55.945786Z[0m [34mDEBUG[0m [2mhyper::proto::h1::io[0m[2m:[0m flushed 172 bytes
[2m2025-12-10T10:19:55.953581Z[0m [34mDEBUG[0m [2mhyper::proto::h1::io[0m[2m:[0m parsed 4 headers
[2m2025-12-10T10:19:55.953598Z[0m [34mDEBUG[0m [2mhyper::proto::h1::conn[0m[2m:[0m incoming body is content-length (45 bytes)
[2m2025-12-10T10:19:55.953607Z[0m [34mDEBUG[0m [2mhyper::proto::h1::conn[0m[2m:[0m incoming body completed
[2m2025-12-10T10:19:55.953618Z[0m [34mDEBUG[0m [2mhyper::client::pool[0m[2m:[0m pooling idle connection for ("http", 192.168.0.14:8545)
[2m2025-12-10T10:19:55.953645Z[0m [34mDEBUG[0m [2mhyper::client::pool[0m[2m:[0m reuse idle connection for ("http", 192.168.0.14:8545)
[2m2025-12-10T10:19:55.953679Z[0m [34mDEBUG[0m [2mhyper::proto::h1::io[0m[2m:[0m flushed 172 bytes
[2m2025-12-10T10:19:56.155413Z[0m [34mDEBUG[0m [2mhyper::proto::h1::io[0m[2m:[0m parsed 4 headers
[2m2025-12-10T10:19:56.155669Z[0m [34mDEBUG[0m [2mhyper::proto::h1::conn[0m[2m:[0m incoming body is content-length (45 bytes)
[2m2025-12-10T10:19:56.155799Z[0m [34mDEBUG[0m [2mhyper::proto::h1::conn[0m[2m:[0m incoming body completed
[2m2025-12-10T10:19:56.155857Z[0m [34mDEBUG[0m [2mhyper::client::pool[0m[2m:[0m pooling idle connection for ("http", 192.168.0.14:8545)
[2m2025-12-10T10:19:56.433796Z[0m [34mDEBUG[0m [2mhyper::client::pool[0m[2m:[0m reuse idle connection for ("http", 192.168.0.14:8545)
[2m2025-12-10T10:19:56.673453Z[0m [34mDEBUG[0m [2methereum_transaction_pool_monitor::eth_client[0m[2m:[0m 📨 Received WebSocket message: {"jsonrpc":"2.0","method":"eth_subscription","params":{"subscription":"0xbed0a0851463e895960a451075a301a9","result":"0xc17e5d67ae91d1202988b18d0ea0b38c769a6f7dd053b791cffc27676da8a7bd"}}
[2m2025-12-10T10:19:56.673544Z[0m [34mDEBUG[0m [2methereum_transaction_pool_monitor::eth_client[0m[2m:[0m 📨 Received pending transaction: 0xc17e5d67ae91d1202988b18d0ea0b38c769a6f7dd053b791cffc27676da8a7bd
[2m2025-12-10T10:19:56.676186Z[0m [34mDEBUG[0m [2mhyper::proto::h1::io[0m[2m:[0m flushed 172 bytes
[2m2025-12-10T10:19:56.676332Z[0m [34mDEBUG[0m [2methereum_transaction_pool_monitor::eth_client[0m[2m:[0m 📨 Received WebSocket message: {"jsonrpc":"2.0","method":"eth_subscription","params":{"subscription":"0xbed0a0851463e895960a451075a301a9","result":"0x7c4c57e80f89516778f567e44696c402110a803d4ed28767d85c5f0d7d24f3ef"}}
[2m2025-12-10T10:19:56.676393Z[0m [34mDEBUG[0m [2methereum_transaction_pool_monitor::eth_client[0m[2m:[0m 📨 Received pending transaction: 0x7c4c57e80f89516778f567e44696c402110a803d4ed28767d85c5f0d7d24f3ef
[2m2025-12-10T10:19:56.676430Z[0m [34mDEBUG[0m [2methereum_transaction_pool_monitor::eth_client[0m[2m:[0m 📨 Received WebSocket message: {"jsonrpc":"2.0","method":"eth_subscription","params":{"subscription":"0xbed0a0851463e895960a451075a301a9","result":"0xccaefb7e85980899da46a50bc9249ad5eff2c06798ee1763a06ee34f4abb8a0a"}}
[2m2025-12-10T10:19:56.676483Z[0m [34mDEBUG[0m [2methereum_transaction_pool_monitor::eth_client[0m[2m:[0m 📨 Received pending transaction: 0xccaefb7e85980899da46a50bc9249ad5eff2c06798ee1763a06ee34f4abb8a0a
[2m2025-12-10T10:19:56.676488Z[0m [34mDEBUG[0m [2methereum_transaction_pool_monitor::eth_client[0m[2m:[0m 📨 Received WebSocket message: {"jsonrpc":"2.0","method":"eth_subscription","params":{"subscription":"0xbed0a0851463e895960a451075a301a9","result":"0xb049ffa66e92206aa19841e522a53c19ee6bfd31d4e411369e4f81e4e0c6a01f"}}
[2m2025-12-10T10:19:56.676667Z[0m [34mDEBUG[0m [2methereum_transaction_pool_monitor::eth_client[0m[2m:[0m 📨 Received pending transaction: 0xb049ffa66e92206aa19841e522a53c19ee6bfd31d4e411369e4f81e4e0c6a01f
[2m2025-12-10T10:19:56.676673Z[0m [34mDEBUG[0m [2methereum_transaction_pool_monitor::eth_client[0m[2m:[0m 📨 Received WebSocket message: {"jsonrpc":"2.0","method":"eth_subscription","params":{"subscription":"0xbed0a0851463e895960a451075a301a9","result":"0xb2cbf644a75e403d01da42177d61026e224296aef8d5e1aa6c4f0b9f533682c7"}}
[2m2025-12-10T10:19:56.676678Z[0m [34mDEBUG[0m [2methereum_transaction_pool_monitor::eth_client[0m[2m:[0m 📨 Received pending transaction: 0xb2cbf644a75e403d01da42177d61026e224296aef8d5e1aa6c4f0b9f533682c7
[2m2025-12-10T10:19:56.677007Z[0m [34mDEBUG[0m [2mhyper::proto::h1::io[0m[2m:[0m parsed 4 headers
[2m2025-12-10T10:19:56.677015Z[0m [34mDEBUG[0m [2mhyper::proto::h1::conn[0m[2m:[0m incoming body is content-length (45 bytes)
[2m2025-12-10T10:19:56.677029Z[0m [34mDEBUG[0m [2mhyper::proto::h1::conn[0m[2m:[0m incoming body completed
[2m2025-12-10T10:19:56.677046Z[0m [34mDEBUG[0m [2mhyper::client::pool[0m[2m:[0m pooling idle connection for ("http", 192.168.0.14:8545)
[2m2025-12-10T10:19:56.677314Z[0m [34mDEBUG[0m [2mhyper::client::pool[0m[2m:[0m reuse idle connection for ("http", 192.168.0.14:8545)
[2m2025-12-10T10:19:56.677392Z[0m [34mDEBUG[0m [2mhyper::proto::h1::io[0m[2m:[0m flushed 172 bytes
[2m2025-12-10T10:19:56.680982Z[0m [34mDEBUG[0m [2mhyper::proto::h1::io[0m[2m:[0m parsed 4 headers
[2m2025-12-10T10:19:56.684189Z[0m [34mDEBUG[0m [2mhyper::proto::h1::conn[0m[2m:[0m incoming body is content-length (45 bytes)
[2m2025-12-10T10:19:56.684219Z[0m [34mDEBUG[0m [2mhyper::proto::h1::conn[0m[2m:[0m incoming body completed
[2m2025-12-10T10:19:56.684233Z[0m [34mDEBUG[0m [2mhyper::client::pool[0m[2m:[0m pooling idle connection for ("http", 192.168.0.14:8545)
[2m2025-12-10T10:19:56.684304Z[0m [34mDEBUG[0m [2mhyper::client::pool[0m[2m:[0m reuse idle connection for ("http", 192.168.0.14:8545)
[2m2025-12-10T10:19:56.684425Z[0m [34mDEBUG[0m [2mhyper::proto::h1::io[0m[2m:[0m flushed 172 bytes
[2m2025-12-10T10:19:56.685024Z[0m [34mDEBUG[0m [2methereum_transaction_pool_monitor::eth_client[0m[2m:[0m 📨 Received WebSocket message: {"jsonrpc":"2.0","method":"eth_subscription","params":{"subscription":"0xbed0a0851463e895960a451075a301a9","result":"0xed0c3310cbeddec808ccb912665db60306184afa94b268e35347e25a13904386"}}
[2m2025-12-10T10:19:56.696773Z[0m [34mDEBUG[0m [2methereum_transaction_pool_monitor::eth_client[0m[2m:[0m 📨 Received pending transaction: 0xed0c3310cbeddec808ccb912665db60306184afa94b268e35347e25a13904386
[2m2025-12-10T10:19:56.687363Z[0m [34mDEBUG[0m [2mhyper::proto::h1::io[0m[2m:[0m parsed 4 headers
[2m2025-12-10T10:19:56.696797Z[0m [34mDEBUG[0m [2mhyper::proto::h1::conn[0m[2m:[0m incoming body is content-length (45 bytes)
[2m2025-12-10T10:19:56.696810Z[0m [34mDEBUG[0m [2mhyper::proto::h1::conn[0m[2m:[0m incoming body completed
[2m2025-12-10T10:19:56.696826Z[0m [34mDEBUG[0m [2mhyper::client::pool[0m[2m:[0m pooling idle connection for ("http", 192.168.0.14:8545)
[2m2025-12-10T10:19:56.696862Z[0m [34mDEBUG[0m [2mhyper::client::pool[0m[2m:[0m reuse idle connection for ("http", 192.168.0.14:8545)
[2m2025-12-10T10:19:56.696933Z[0m [34mDEBUG[0m [2mhyper::proto::h1::io[0m[2m:[0m flushed 172 bytes
[2m2025-12-10T10:19:56.696786Z[0m [34mDEBUG[0m [2methereum_transaction_pool_monitor::eth_client[0m[2m:[0m 📨 Received WebSocket message: {"jsonrpc":"2.0","method":"eth_subscription","params":{"subscription":"0xbed0a0851463e895960a451075a301a9","result":"0x2da36894ee96e0baa822618c12a1390a82720df8f0154872afd72eab13074e08"}}
[2m2025-12-10T10:19:56.696964Z[0m [34mDEBUG[0m [2methereum_transaction_pool_monitor::eth_client[0m[2m:[0m 📨 Received pending transaction: 0x2da36894ee96e0baa822618c12a1390a82720df8f0154872afd72eab13074e08
[2m2025-12-10T10:19:56.696970Z[0m [34mDEBUG[0m [2methereum_transaction_pool_monitor::eth_client[0m[2m:[0m 📨 Received WebSocket message: {"jsonrpc":"2.0","method":"eth_subscription","params":{"subscription":"0xbed0a0851463e895960a451075a301a9","result":"0x86fb9732908cc10f063e7994311764b74c070f905a57dc2653286776e6e9d77d"}}
[2m2025-12-10T10:19:56.696975Z[0m [34mDEBUG[0m [2methereum_transaction_pool_monitor::eth_client[0m[2m:[0m 📨 Received pending transaction: 0x86fb9732908cc10f063e7994311764b74c070f905a57dc2653286776e6e9d77d
[2m2025-12-10T10:19:56.696980Z[0m [34mDEBUG[0m [2methereum_transaction_pool_monitor::eth_client[0m[2m:[0m 📨 Received WebSocket message: {"jsonrpc":"2.0","method":"eth_subscription","params":{"subscription":"0xbed0a0851463e895960a451075a301a9","result":"0x0e1e92dbc9780fbd5a3e5dfe9e45e8619817be6fe9738cb0bb007806ee74be21"}}
[2m2025-12-10T10:19:56.696985Z[0m [34mDEBUG[0m [2methereum_transaction_pool_monitor::eth_client[0m[2m:[0m 📨 Received pending transaction: 0x0e1e92dbc9780fbd5a3e5dfe9e45e8619817be6fe9738cb0bb007806ee74be21
[2m2025-12-10T10:19:56.701183Z[0m [34mDEBUG[0m [2mhyper::proto::h1::io[0m[2m:[0m parsed 4 headers
[2m2025-12-10T10:19:56.701195Z[0m [34mDEBUG[0m [2mhyper::proto::h1::conn[0m[2m:[0m incoming body is content-length (45 bytes)
[2m2025-12-10T10:19:56.701203Z[0m [34mDEBUG[0m [2mhyper::proto::h1::conn[0m[2m:[0m incoming body completed
[2m2025-12-10T10:19:56.701210Z[0m [34mDEBUG[0m [2mhyper::client::pool[0m[2m:[0m pooling idle connection for ("http", 192.168.0.14:8545)
[2m2025-12-10T10:19:56.701231Z[0m [34mDEBUG[0m [2mhyper::client::pool[0m[2m:[0m reuse idle connection for ("http", 192.168.0.14:8545)
[2m2025-12-10T10:19:56.701270Z[0m [34mDEBUG[0m [2mhyper::proto::h1::io[0m[2m:[0m flushed 172 bytes
[2m2025-12-10T10:19:56.703839Z[0m [34mDEBUG[0m [2methereum_transaction_pool_monitor::eth_client[0m[2m:[0m 📨 Received WebSocket message: {"jsonrpc":"2.0","method":"eth_subscription","params":{"subscription":"0xbed0a0851463e895960a451075a301a9","result":"0x7ea71442df27e8c8f3be57da6d310fddf5a2e1d9839040083499386a8df92515"}}
[2m2025-12-10T10:19:56.703929Z[0m [34mDEBUG[0m [2methereum_transaction_pool_monitor::eth_client[0m[2m:[0m 📨 Received pending transaction: 0x7ea71442df27e8c8f3be57da6d310fddf5a2e1d9839040083499386a8df92515
[2m2025-12-10T10:19:56.703987Z[0m [34mDEBUG[0m [2methereum_transaction_pool_monitor::eth_client[0m[2m:[0m 📨 Received WebSocket message: {"jsonrpc":"2.0","method":"eth_subscription","params":{"subscription":"0xbed0a0851463e895960a451075a301a9","result":"0x855a029b20762c37f27eec76ba30fc0b3fefb30f3ca303c64833f878ee996b7a"}}
[2m2025-12-10T10:19:56.704009Z[0m [34mDEBUG[0m [2methereum_transaction_pool_monitor::eth_client[0m[2m:[0m 📨 Received pending transaction: 0x855a029b20762c37f27eec76ba30fc0b3fefb30f3ca303c64833f878ee996b7a
[2m2025-12-10T10:19:56.704023Z[0m [34mDEBUG[0m [2methereum_transaction_pool_monitor::eth_client[0m[2m:[0m 📨 Received WebSocket message: {"jsonrpc":"2.0","method":"eth_subscription","params":{"subscription":"0xbed0a0851463e895960a451075a301a9","result":"0xd325128c784ef3551a73997b19526d00cb3fd02b4cb42d86f86b87d1a6d9c8af"}}
[2m2025-12-10T10:19:56.704080Z[0m [34mDEBUG[0m [2methereum_transaction_pool_monitor::eth_client[0m[2m:[0m 📨 Received pending transaction: 0xd325128c784ef3551a73997b19526d00cb3fd02b4cb42d86f86b87d1a6d9c8af
[2m2025-12-10T10:19:56.704096Z[0m [34mDEBUG[0m [2methereum_transaction_pool_monitor::eth_client[0m[2m:[0m 📨 Received WebSocket message: {"jsonrpc":"2.0","method":"eth_subscription","params":{"subscription":"0xbed0a0851463e895960a451075a301a9","result":"0x551b3be2164082f94b5653aa2ed5debd5b767bd8c0f76a5ac9a51274f94367eb"}}
[2m2025-12-10T10:19:56.704109Z[0m [34mDEBUG[0m [2methereum_transaction_pool_monitor::eth_client[0m[2m:[0m 📨 Received pending transaction: 0x551b3be2164082f94b5653aa2ed5debd5b767bd8c0f76a5ac9a51274f94367eb
[2m2025-12-10T10:19:56.704120Z[0m [34mDEBUG[0m [2methereum_transaction_pool_monitor::eth_client[0m[2m:[0m 📨 Received WebSocket message: {"jsonrpc":"2.0","method":"eth_subscription","params":{"subscription":"0xbed0a0851463e895960a451075a301a9","result":"0x6307d2bcc3e422d8372ad6aa828d0acc16c731e22f0db8a25ade4974cf7da9ec"}}
[2m2025-12-10T10:19:56.704132Z[0m [34mDEBUG[0m [2methereum_transaction_pool_monitor::eth_client[0m[2m:[0m 📨 Received pending transaction: 0x6307d2bcc3e422d8372ad6aa828d0acc16c731e22f0db8a25ade4974cf7da9ec
[2m2025-12-10T10:19:56.704143Z[0m [34mDEBUG[0m [2methereum_transaction_pool_monitor::eth_client[0m[2m:[0m 📨 Received WebSocket message: {"jsonrpc":"2.0","method":"eth_subscription","params":{"subscription":"0xbed0a0851463e895960a451075a301a9","result":"0x75b27bfabe1c92668cfd2efd69c723ef9a6a9329e69643c12af02a408869ee34"}}
[2m2025-12-10T10:19:56.704154Z[0m [34mDEBUG[0m [2methereum_transaction_pool_monitor::eth_client[0m[2m:[0m 📨 Received pending transaction: 0x75b27bfabe1c92668cfd2efd69c723ef9a6a9329e69643c12af02a408869ee34
[2m2025-12-10T10:19:56.705855Z[0m [34mDEBUG[0m [2mhyper::proto::h1::io[0m[2m:[0m parsed 4 headers
[2m2025-12-10T10:19:56.705884Z[0m [34mDEBUG[0m [2mhyper::proto::h1::conn[0m[2m:[0m incoming body is content-length (45 bytes)
[2m2025-12-10T10:19:56.705899Z[0m [34mDEBUG[0m [2mhyper::proto::h1::conn[0m[2m:[0m incoming body completed
[2m2025-12-10T10:19:56.705918Z[0m [34mDEBUG[0m [2mhyper::client::pool[0m[2m:[0m pooling idle connection for ("http", 192.168.0.14:8545)
[2m2025-12-10T10:19:56.705958Z[0m [34mDEBUG[0m [2mhyper::client::pool[0m[2m:[0m reuse idle connection for ("http", 192.168.0.14:8545)
[2m2025-12-10T10:19:56.706025Z[0m [34mDEBUG[0m [2mhyper::proto::h1::io[0m[2m:[0m flushed 172 bytes
[2m2025-12-10T10:19:56.712018Z[0m [34mDEBUG[0m [2mhyper::proto::h1::io[0m[2m:[0m parsed 4 headers
[2m2025-12-10T10:19:56.712030Z[0m [34mDEBUG[0m [2mhyper::proto::h1::conn[0m[2m:[0m incoming body is content-length (45 bytes)
[2m2025-12-10T10:19:56.712046Z[0m [34mDEBUG[0m [2mhyper::proto::h1::conn[0m[2m:[0m incoming body completed
[2m2025-12-10T10:19:56.712066Z[0m [34mDEBUG[0m [2mhyper::client::pool[0m[2m:[0m pooling idle connection for ("http", 192.168.0.14:8545)
[2m2025-12-10T10:19:56.712110Z[0m [34mDEBUG[0m [2mhyper::client::pool[0m[2m:[0m reuse idle connection for ("http", 192.168.0.14:8545)
[2m2025-12-10T10:19:56.712225Z[0m [34mDEBUG[0m [2mhyper::proto::h1::io[0m[2m:[0m flushed 172 bytes
[2m2025-12-10T10:19:56.805734Z[0m [34mDEBUG[0m [2mhyper::proto::h1::io[0m[2m:[0m parsed 4 headers
[2m2025-12-10T10:19:56.943847Z[0m [34mDEBUG[0m [2mhyper::proto::h1::conn[0m[2m:[0m incoming body is content-length (45 bytes)
[2m2025-12-10T10:19:57.294340Z[0m [34mDEBUG[0m [2mhyper::proto::h1::conn[0m[2m:[0m incoming body completed
[2m2025-12-10T10:19:58.251901Z[0m [34mDEBUG[0m [2mhyper::client::pool[0m[2m:[0m pooling idle connection for ("http", 192.168.0.14:8545)
[2m2025-12-10T10:20:00.094785Z[0m [34mDEBUG[0m [2mhyper::client::pool[0m[2m:[0m reuse idle connection for ("http", 192.168.0.14:8545)
[2m2025-12-10T10:20:00.769290Z[0m [32m INFO[0m [2methereum_transaction_pool_monitor::bot_runner[0m[2m:[0m 🤖 MEV Bot Stats | Uptime: 0.2h | Opportunities: 0 | Bundles: 0/0 (0.0%) | Profit: 0.0000 ETH | Rate: 0.00/h
[2m2025-12-10T10:20:00.919678Z[0m [34mDEBUG[0m [2methereum_transaction_pool_monitor::eth_client[0m[2m:[0m 📨 Received WebSocket message: {"jsonrpc":"2.0","method":"eth_subscription","params":{"subscription":"0xbed0a0851463e895960a451075a301a9","result":"0xf1a0560112a0ae3afdb5edd08f93b50a8eae016bbb3c827ec75d28ada548cb7d"}}
[2m2025-12-10T10:20:00.956321Z[0m [34mDEBUG[0m [2mhyper::proto::h1::io[0m[2m:[0m flushed 172 bytes
[2m2025-12-10T10:20:01.177660Z[0m [34mDEBUG[0m [2methereum_transaction_pool_monitor::eth_client[0m[2m:[0m 📨 Received pending transaction: 0xf1a0560112a0ae3afdb5edd08f93b50a8eae016bbb3c827ec75d28ada548cb7d
[2m2025-12-10T10:20:01.192102Z[0m [34mDEBUG[0m [2mhyper::proto::h1::io[0m[2m:[0m parsed 4 headers
[2m2025-12-10T10:20:01.192129Z[0m [34mDEBUG[0m [2mhyper::proto::h1::conn[0m[2m:[0m incoming body is content-length (45 bytes)
[2m2025-12-10T10:20:01.236886Z[0m [34mDEBUG[0m [2methereum_transaction_pool_monitor::eth_client[0m[2m:[0m 📨 Received WebSocket message: {"jsonrpc":"2.0","method":"eth_subscription","params":{"subscription":"0xbed0a0851463e895960a451075a301a9","result":"0x3014fe077e3b65c6f3f3d5d0ef95ca05aaf4fc2b6e36b528d5ad85eefde16317"}}
[2m2025-12-10T10:20:01.236946Z[0m [34mDEBUG[0m [2methereum_transaction_pool_monitor::eth_client[0m[2m:[0m 📨 Received pending transaction: 0x3014fe077e3b65c6f3f3d5d0ef95ca05aaf4fc2b6e36b528d5ad85eefde16317
[2m2025-12-10T10:20:01.236963Z[0m [34mDEBUG[0m [2methereum_transaction_pool_monitor::eth_client[0m[2m:[0m 📨 Received WebSocket message: {"jsonrpc":"2.0","method":"eth_subscription","params":{"subscription":"0xbed0a0851463e895960a451075a301a9","result":"0x8eebc08fcea9dc4386d71675402b5ef9e6f1132a075b1d5afecfed3255d73ae1"}}
[2m2025-12-10T10:20:01.236976Z[0m [34mDEBUG[0m [2methereum_transaction_pool_monitor::eth_client[0m[2m:[0m 📨 Received pending transaction: 0x8eebc08fcea9dc4386d71675402b5ef9e6f1132a075b1d5afecfed3255d73ae1
[2m2025-12-10T10:20:01.236987Z[0m [34mDEBUG[0m [2methereum_transaction_pool_monitor::eth_client[0m[2m:[0m 📨 Received WebSocket message: {"jsonrpc":"2.0","method":"eth_subscription","params":{"subscription":"0xbed0a0851463e895960a451075a301a9","result":"0x8644351627152d6c4a435760d60da7858010691d0a36c55ed11595b8436df34f"}}
[2m2025-12-10T10:20:01.236998Z[0m [34mDEBUG[0m [2methereum_transaction_pool_monitor::eth_client[0m[2m:[0m 📨 Received pending transaction: 0x8644351627152d6c4a435760d60da7858010691d0a36c55ed11595b8436df34f
[2m2025-12-10T10:20:01.237009Z[0m [34mDEBUG[0m [2methereum_transaction_pool_monitor::eth_client[0m[2m:[0m 📨 Received WebSocket message: {"jsonrpc":"2.0","method":"eth_subscription","params":{"subscription":"0xbed0a0851463e895960a451075a301a9","result":"0x9540e60fde51521c3a389eab422465a1e35561ba938fe3b0a9e6749ef8c8b5f5"}}
[2m2025-12-10T10:20:01.237020Z[0m [34mDEBUG[0m [2methereum_transaction_pool_monitor::eth_client[0m[2m:[0m 📨 Received pending transaction: 0x9540e60fde51521c3a389eab422465a1e35561ba938fe3b0a9e6749ef8c8b5f5
[2m2025-12-10T10:20:01.237031Z[0m [34mDEBUG[0m [2methereum_transaction_pool_monitor::eth_client[0m[2m:[0m 📨 Received WebSocket message: {"jsonrpc":"2.0","method":"eth_subscription","params":{"subscription":"0xbed0a0851463e895960a451075a301a9","result":"0xe82551a7decd092be2193a7c9cf73c588eace632d8e523dc8b86c322afc47f32"}}
[2m2025-12-10T10:20:01.237041Z[0m [34mDEBUG[0m [2methereum_transaction_pool_monitor::eth_client[0m[2m:[0m 📨 Received pending transaction: 0xe82551a7decd092be2193a7c9cf73c588eace632d8e523dc8b86c322afc47f32
[2m2025-12-10T10:20:01.237051Z[0m [34mDEBUG[0m [2methereum_transaction_pool_monitor::eth_client[0m[2m:[0m 📨 Received WebSocket message: {"jsonrpc":"2.0","method":"eth_subscription","params":{"subscription":"0xbed0a0851463e895960a451075a301a9","result":"0x304da71718e93559809d2283ddf636d3dc772da0e6cfc617207e52dd425985e1"}}
[2m2025-12-10T10:20:01.237062Z[0m [34mDEBUG[0m [2methereum_transaction_pool_monitor::eth_client[0m[2m:[0m 📨 Received pending transaction: 0x304da71718e93559809d2283ddf636d3dc772da0e6cfc617207e52dd425985e1
[2m2025-12-10T10:20:01.237071Z[0m [34mDEBUG[0m [2methereum_transaction_pool_monitor::eth_client[0m[2m:[0m 📨 Received WebSocket message: {"jsonrpc":"2.0","method":"eth_subscription","params":{"subscription":"0xbed0a0851463e895960a451075a301a9","result":"0x6231cb7a9fe0cf006279ee7c1cd2871b85097d532452ea1e914524b2e06d58a7"}}
[2m2025-12-10T10:20:01.237082Z[0m [34mDEBUG[0m [2methereum_transaction_pool_monitor::eth_client[0m[2m:[0m 📨 Received pending transaction: 0x6231cb7a9fe0cf006279ee7c1cd2871b85097d532452ea1e914524b2e06d58a7
[2m2025-12-10T10:20:01.237092Z[0m [34mDEBUG[0m [2methereum_transaction_pool_monitor::eth_client[0m[2m:[0m 📨 Received WebSocket message: {"jsonrpc":"2.0","method":"eth_subscription","params":{"subscription":"0xbed0a0851463e895960a451075a301a9","result":"0x80551e71056c19cd4ba8ac446879254e2a3369cd0c9ac4e6188ec4ebf7afbac5"}}
[2m2025-12-10T10:20:01.237102Z[0m [34mDEBUG[0m [2methereum_transaction_pool_monitor::eth_client[0m[2m:[0m 📨 Received pending transaction: 0x80551e71056c19cd4ba8ac446879254e2a3369cd0c9ac4e6188ec4ebf7afbac5
[2m2025-12-10T10:20:01.237112Z[0m [34mDEBUG[0m [2methereum_transaction_pool_monitor::eth_client[0m[2m:[0m 📨 Received WebSocket message: {"jsonrpc":"2.0","method":"eth_subscription","params":{"subscription":"0xbed0a0851463e895960a451075a301a9","result":"0xcf066a810b44f93b949a19b24e7613c8102b9faa179865c45f5d83f2e56768a1"}}
[2m2025-12-10T10:20:01.237123Z[0m [34mDEBUG[0m [2methereum_transaction_pool_monitor::eth_client[0m[2m:[0m 📨 Received pending transaction: 0xcf066a810b44f93b949a19b24e7613c8102b9faa179865c45f5d83f2e56768a1
[2m2025-12-10T10:20:01.237132Z[0m [34mDEBUG[0m [2methereum_transaction_pool_monitor::eth_client[0m[2m:[0m 📨 Received WebSocket message: {"jsonrpc":"2.0","method":"eth_subscription","params":{"subscription":"0xbed0a0851463e895960a451075a301a9","result":"0x890b7d3fd6a9a18981a04e6478a188b89b72d3a2c3a6cd151b2f527d34c430ab"}}
[2m2025-12-10T10:20:01.237143Z[0m [34mDEBUG[0m [2methereum_transaction_pool_monitor::eth_client[0m[2m:[0m 📨 Received pending transaction: 0x890b7d3fd6a9a18981a04e6478a188b89b72d3a2c3a6cd151b2f527d34c430ab
[2m2025-12-10T10:20:01.237153Z[0m [34mDEBUG[0m [2methereum_transaction_pool_monitor::eth_client[0m[2m:[0m 📨 Received WebSocket message: {"jsonrpc":"2.0","method":"eth_subscription","params":{"subscription":"0xbed0a0851463e895960a451075a301a9","result":"0x30e08a1bc2f0018a9a8a4f13503e3d6d764883192ba4e23798d9c433c6443e4f"}}
[2m2025-12-10T10:20:01.237164Z[0m [34mDEBUG[0m [2methereum_transaction_pool_monitor::eth_client[0m[2m:[0m 📨 Received pending transaction: 0x30e08a1bc2f0018a9a8a4f13503e3d6d764883192ba4e23798d9c433c6443e4f
[2m2025-12-10T10:20:01.237175Z[0m [34mDEBUG[0m [2methereum_transaction_pool_monitor::eth_client[0m[2m:[0m 📨 Received WebSocket message: {"jsonrpc":"2.0","method":"eth_subscription","params":{"subscription":"0xbed0a0851463e895960a451075a301a9","result":"0xdec171afabf4ad649caa6df39b96a5800d6113720d119fcd920d931d24ae9a94"}}
[2m2025-12-10T10:20:01.237185Z[0m [34mDEBUG[0m [2methereum_transaction_pool_monitor::eth_client[0m[2m:[0m 📨 Received pending transaction: 0xdec171afabf4ad649caa6df39b96a5800d6113720d119fcd920d931d24ae9a94
[2m2025-12-10T10:20:01.237194Z[0m [34mDEBUG[0m [2methereum_transaction_pool_monitor::eth_client[0m[2m:[0m 📨 Received WebSocket message: {"jsonrpc":"2.0","method":"eth_subscription","params":{"subscription":"0xbed0a0851463e895960a451075a301a9","result":"0x2c06e716f598e618c416d9a6cc1fdb31a7f7941f9badc468c4048d474a1dc65a"}}
[2m2025-12-10T10:20:01.237205Z[0m [34mDEBUG[0m [2methereum_transaction_pool_monitor::eth_client[0m[2m:[0m 📨 Received pending transaction: 0x2c06e716f598e618c416d9a6cc1fdb31a7f7941f9badc468c4048d474a1dc65a
[2m2025-12-10T10:20:01.237214Z[0m [34mDEBUG[0m [2methereum_transaction_pool_monitor::eth_client[0m[2m:[0m 📨 Received WebSocket message: {"jsonrpc":"2.0","method":"eth_subscription","params":{"subscription":"0xbed0a0851463e895960a451075a301a9","result":"0xd38cb9b8434b2665a61362d3761380f45658e22a1384e3e83e6170fa26259f57"}}
[2m2025-12-10T10:20:01.237225Z[0m [34mDEBUG[0m [2methereum_transaction_pool_monitor::eth_client[0m[2m:[0m 📨 Received pending transaction: 0xd38cb9b8434b2665a61362d3761380f45658e22a1384e3e83e6170fa26259f57
[2m2025-12-10T10:20:01.237235Z[0m [34mDEBUG[0m [2methereum_transaction_pool_monitor::eth_client[0m[2m:[0m 📨 Received WebSocket message: {"jsonrpc":"2.0","method":"eth_subscription","params":{"subscription":"0xbed0a0851463e895960a451075a301a9","result":"0x0a64c4faca2407165615e1eade08a579cef61d59be27d76636cfe85d2390928f"}}
[2m2025-12-10T10:20:01.237245Z[0m [34mDEBUG[0m [2methereum_transaction_pool_monitor::eth_client[0m[2m:[0m 📨 Received pending transaction: 0x0a64c4faca2407165615e1eade08a579cef61d59be27d76636cfe85d2390928f
[2m2025-12-10T10:20:01.237255Z[0m [34mDEBUG[0m [2methereum_transaction_pool_monitor::eth_client[0m[2m:[0m 📨 Received WebSocket message: {"jsonrpc":"2.0","method":"eth_subscription","params":{"subscription":"0xbed0a0851463e895960a451075a301a9","result":"0xcda90c5a0c630c3670a16c1afd92d7653535f45b0bed341f94347ffd2e4f20e5"}}
[2m2025-12-10T10:20:01.237266Z[0m [34mDEBUG[0m [2methereum_transaction_pool_monitor::eth_client[0m[2m:[0m 📨 Received pending transaction: 0xcda90c5a0c630c3670a16c1afd92d7653535f45b0bed341f94347ffd2e4f20e5
[2m2025-12-10T10:20:01.237275Z[0m [34mDEBUG[0m [2methereum_transaction_pool_monitor::eth_client[0m[2m:[0m 📨 Received WebSocket message: {"jsonrpc":"2.0","method":"eth_subscription","params":{"subscription":"0xbed0a0851463e895960a451075a301a9","result":"0xdfbabca880a435fcbf677a86c3ea9bef82694afb4ce1fe05326dac7c73a8ff62"}}
[2m2025-12-10T10:20:01.237286Z[0m [34mDEBUG[0m [2methereum_transaction_pool_monitor::eth_client[0m[2m:[0m 📨 Received pending transaction: 0xdfbabca880a435fcbf677a86c3ea9bef82694afb4ce1fe05326dac7c73a8ff62
[2m2025-12-10T10:20:01.237295Z[0m [34mDEBUG[0m [2methereum_transaction_pool_monitor::eth_client[0m[2m:[0m 📨 Received WebSocket message: {"jsonrpc":"2.0","method":"eth_subscription","params":{"subscription":"0xbed0a0851463e895960a451075a301a9","result":"0xb6ba4f738f096ec66874920b32cffc8faa95baa7a3de3bd4deee535c908e1817"}}
[2m2025-12-10T10:20:01.237306Z[0m [34mDEBUG[0m [2methereum_transaction_pool_monitor::eth_client[0m[2m:[0m 📨 Received pending transaction: 0xb6ba4f738f096ec66874920b32cffc8faa95baa7a3de3bd4deee535c908e1817
[2m2025-12-10T10:20:01.237315Z[0m [34mDEBUG[0m [2methereum_transaction_pool_monitor::eth_client[0m[2m:[0m 📨 Received WebSocket message: {"jsonrpc":"2.0","method":"eth_subscription","params":{"subscription":"0xbed0a0851463e895960a451075a301a9","result":"0x93f605da5c6e63270e7872224c06676a41c716109d278c14dcb6f6efce09957f"}}
[2m2025-12-10T10:20:01.237326Z[0m [34mDEBUG[0m [2methereum_transaction_pool_monitor::eth_client[0m[2m:[0m 📨 Received pending transaction: 0x93f605da5c6e63270e7872224c06676a41c716109d278c14dcb6f6efce09957f
[2m2025-12-10T10:20:01.237335Z[0m [34mDEBUG[0m [2methereum_transaction_pool_monitor::eth_client[0m[2m:[0m 📨 Received WebSocket message: {"jsonrpc":"2.0","method":"eth_subscription","params":{"subscription":"0xbed0a0851463e895960a451075a301a9","result":"0xe27f318f4055b421e12b1f2aee1d92630ad5a12f3dc4cf1238c94a1838f2dff0"}}
[2m2025-12-10T10:20:01.237346Z[0m [34mDEBUG[0m [2methereum_transaction_pool_monitor::eth_client[0m[2m:[0m 📨 Received pending transaction: 0xe27f318f4055b421e12b1f2aee1d92630ad5a12f3dc4cf1238c94a1838f2dff0
[2m2025-12-10T10:20:01.329749Z[0m [34mDEBUG[0m [2mhyper::proto::h1::conn[0m[2m:[0m incoming body completed
[2m2025-12-10T10:20:01.329818Z[0m [34mDEBUG[0m [2methereum_transaction_pool_monitor::eth_client[0m[2m:[0m 📨 Received WebSocket message: {"jsonrpc":"2.0","method":"eth_subscription","params":{"subscription":"0xbed0a0851463e895960a451075a301a9","result":"0xe590e1aa194bc9f30544b3d092f5b0f66150ee3c1594582d208cb6dc7acd6575"}}
[2m2025-12-10T10:20:01.329846Z[0m [34mDEBUG[0m [2methereum_transaction_pool_monitor::eth_client[0m[2m:[0m 📨 Received pending transaction: 0xe590e1aa194bc9f30544b3d092f5b0f66150ee3c1594582d208cb6dc7acd6575
[2m2025-12-10T10:20:01.329867Z[0m [34mDEBUG[0m [2methereum_transaction_pool_monitor::eth_client[0m[2m:[0m 📨 Received WebSocket message: {"jsonrpc":"2.0","method":"eth_subscription","params":{"subscription":"0xbed0a0851463e895960a451075a301a9","result":"0xcac8e96fdef54c7ef5c810dfc9b457b087ffc3426cd5db192f3b379488c00f80"}}
[2m2025-12-10T10:20:01.329880Z[0m [34mDEBUG[0m [2methereum_transaction_pool_monitor::eth_client[0m[2m:[0m 📨 Received pending transaction: 0xcac8e96fdef54c7ef5c810dfc9b457b087ffc3426cd5db192f3b379488c00f80
[2m2025-12-10T10:20:01.329892Z[0m [34mDEBUG[0m [2methereum_transaction_pool_monitor::eth_client[0m[2m:[0m 📨 Received WebSocket message: {"jsonrpc":"2.0","method":"eth_subscription","params":{"subscription":"0xbed0a0851463e895960a451075a301a9","result":"0xcc44bf894d30449b3f238b4b362106f7bc614ca1f04d1c7443eeb36a3ac81d5a"}}
[2m2025-12-10T10:20:01.329904Z[0m [34mDEBUG[0m [2methereum_transaction_pool_monitor::eth_client[0m[2m:[0m 📨 Received pending transaction: 0xcc44bf894d30449b3f238b4b362106f7bc614ca1f04d1c7443eeb36a3ac81d5a
[2m2025-12-10T10:20:01.329914Z[0m [34mDEBUG[0m [2methereum_transaction_pool_monitor::eth_client[0m[2m:[0m 📨 Received WebSocket message: {"jsonrpc":"2.0","method":"eth_subscription","params":{"subscription":"0xbed0a0851463e895960a451075a301a9","result":"0xf89ac8978fd4dc679e0a8a38876f613b704c1390c6fafd6e644493d4f4dca627"}}
[2m2025-12-10T10:20:01.329970Z[0m [34mDEBUG[0m [2methereum_transaction_pool_monitor::eth_client[0m[2m:[0m 📨 Received pending transaction: 0xf89ac8978fd4dc679e0a8a38876f613b704c1390c6fafd6e644493d4f4dca627
[2m2025-12-10T10:20:01.329989Z[0m [34mDEBUG[0m [2methereum_transaction_pool_monitor::eth_client[0m[2m:[0m 📨 Received WebSocket message: {"jsonrpc":"2.0","method":"eth_subscription","params":{"subscription":"0xbed0a0851463e895960a451075a301a9","result":"0xfb733a5b235fb41f485e05a3b5d7ae0d3a6bbdef8c73c8e56c67dbdbe7d5c36a"}}
[2m2025-12-10T10:20:01.330002Z[0m [34mDEBUG[0m [2methereum_transaction_pool_monitor::eth_client[0m[2m:[0m 📨 Received pending transaction: 0xfb733a5b235fb41f485e05a3b5d7ae0d3a6bbdef8c73c8e56c67dbdbe7d5c36a
[2m2025-12-10T10:20:01.330014Z[0m [34mDEBUG[0m [2methereum_transaction_pool_monitor::eth_client[0m[2m:[0m 📨 Received WebSocket message: {"jsonrpc":"2.0","method":"eth_subscription","params":{"subscription":"0xbed0a0851463e895960a451075a301a9","result":"0xf36822bb81cf903633f372a5b632f0c4e02ecba855bf9bc13b1b1a3c23d57cd2"}}
[2m2025-12-10T10:20:01.330025Z[0m [34mDEBUG[0m [2methereum_transaction_pool_monitor::eth_client[0m[2m:[0m 📨 Received pending transaction: 0xf36822bb81cf903633f372a5b632f0c4e02ecba855bf9bc13b1b1a3c23d57cd2
[2m2025-12-10T10:20:01.330036Z[0m [34mDEBUG[0m [2methereum_transaction_pool_monitor::eth_client[0m[2m:[0m 📨 Received WebSocket message: {"jsonrpc":"2.0","method":"eth_subscription","params":{"subscription":"0xbed0a0851463e895960a451075a301a9","result":"0xfd54450fc663084fac5745c02f935e22a835172617a67904a04dc6103fcfa9b3"}}
[2m2025-12-10T10:20:01.330047Z[0m [34mDEBUG[0m [2methereum_transaction_pool_monitor::eth_client[0m[2m:[0m 📨 Received pending transaction: 0xfd54450fc663084fac5745c02f935e22a835172617a67904a04dc6103fcfa9b3
[2m2025-12-10T10:20:01.422125Z[0m [34mDEBUG[0m [2methereum_transaction_pool_monitor::eth_client[0m[2m:[0m 📨 Received WebSocket message: {"jsonrpc":"2.0","method":"eth_subscription","params":{"subscription":"0xbed0a0851463e895960a451075a301a9","result":"0xe824d7aed6143fbfe69c61cc195da25b993b7daf33863bb55e77c5ce18934a58"}}
[2m2025-12-10T10:20:01.448187Z[0m [34mDEBUG[0m [2methereum_transaction_pool_monitor::eth_client[0m[2m:[0m 📨 Received pending transaction: 0xe824d7aed6143fbfe69c61cc195da25b993b7daf33863bb55e77c5ce18934a58
[2m2025-12-10T10:20:01.448239Z[0m [34mDEBUG[0m [2methereum_transaction_pool_monitor::eth_client[0m[2m:[0m 📨 Received WebSocket message: {"jsonrpc":"2.0","method":"eth_subscription","params":{"subscription":"0xbed0a0851463e895960a451075a301a9","result":"0x95112c8e772c5350ff37b179bd5708a604749e0fde44a13f3d65c6ace4076bfb"}}
[2m2025-12-10T10:20:01.448256Z[0m [34mDEBUG[0m [2methereum_transaction_pool_monitor::eth_client[0m[2m:[0m 📨 Received pending transaction: 0x95112c8e772c5350ff37b179bd5708a604749e0fde44a13f3d65c6ace4076bfb
[2m2025-12-10T10:20:01.448268Z[0m [34mDEBUG[0m [2methereum_transaction_pool_monitor::eth_client[0m[2m:[0m 📨 Received WebSocket message: {"jsonrpc":"2.0","method":"eth_subscription","params":{"subscription":"0xbed0a0851463e895960a451075a301a9","result":"0x05e987829131114dc61728daa58e578a1360d66a49624cc2f4b22c7910ae8dfc"}}
[2m2025-12-10T10:20:01.448280Z[0m [34mDEBUG[0m [2methereum_transaction_pool_monitor::eth_client[0m[2m:[0m 📨 Received pending transaction: 0x05e987829131114dc61728daa58e578a1360d66a49624cc2f4b22c7910ae8dfc
[2m2025-12-10T10:20:01.448291Z[0m [34mDEBUG[0m [2methereum_transaction_pool_monitor::eth_client[0m[2m:[0m 📨 Received WebSocket message: {"jsonrpc":"2.0","method":"eth_subscription","params":{"subscription":"0xbed0a0851463e895960a451075a301a9","result":"0xa44762beb3ea39e2266d5f5c80796a7a70ec48cd07c66b446ea14140cfe54ca8"}}
[2m2025-12-10T10:20:01.448302Z[0m [34mDEBUG[0m [2methereum_transaction_pool_monitor::eth_client[0m[2m:[0m 📨 Received pending transaction: 0xa44762beb3ea39e2266d5f5c80796a7a70ec48cd07c66b446ea14140cfe54ca8
[2m2025-12-10T10:20:01.448313Z[0m [34mDEBUG[0m [2methereum_transaction_pool_monitor::eth_client[0m[2m:[0m 📨 Received WebSocket message: {"jsonrpc":"2.0","method":"eth_subscription","params":{"subscription":"0xbed0a0851463e895960a451075a301a9","result":"0xf3766dcf8178e80118e68f95ff9efc83919908884c06c0751a8ead1d12f28f79"}}
[2m2025-12-10T10:20:01.448324Z[0m [34mDEBUG[0m [2methereum_transaction_pool_monitor::eth_client[0m[2m:[0m 📨 Received pending transaction: 0xf3766dcf8178e80118e68f95ff9efc83919908884c06c0751a8ead1d12f28f79
[2m2025-12-10T10:20:01.448334Z[0m [34mDEBUG[0m [2methereum_transaction_pool_monitor::eth_client[0m[2m:[0m 📨 Received WebSocket message: {"jsonrpc":"2.0","method":"eth_subscription","params":{"subscription":"0xbed0a0851463e895960a451075a301a9","result":"0xab352b72a49fbbf6328d1be8951eb79fab304b877efd1ed786eb08b1886c8768"}}
[2m2025-12-10T10:20:01.448345Z[0m [34mDEBUG[0m [2methereum_transaction_pool_monitor::eth_client[0m[2m:[0m 📨 Received pending transaction: 0xab352b72a49fbbf6328d1be8951eb79fab304b877efd1ed786eb08b1886c8768
[2m2025-12-10T10:20:01.448355Z[0m [34mDEBUG[0m [2methereum_transaction_pool_monitor::eth_client[0m[2m:[0m 📨 Received WebSocket message: {"jsonrpc":"2.0","method":"eth_subscription","params":{"subscription":"0xbed0a0851463e895960a451075a301a9","result":"0xb071dffd0bf45bf2c07b99aec36a10906e40eb104e45a4ae72cc7b9f6efa549b"}}
[2m2025-12-10T10:20:01.448367Z[0m [34mDEBUG[0m [2methereum_transaction_pool_monitor::eth_client[0m[2m:[0m 📨 Received pending transaction: 0xb071dffd0bf45bf2c07b99aec36a10906e40eb104e45a4ae72cc7b9f6efa549b
[2m2025-12-10T10:20:01.448377Z[0m [34mDEBUG[0m [2methereum_transaction_pool_monitor::eth_client[0m[2m:[0m 📨 Received WebSocket message: {"jsonrpc":"2.0","method":"eth_subscription","params":{"subscription":"0xbed0a0851463e895960a451075a301a9","result":"0x58c9064607e9dcea02ecc8353f56ab926ae78e10d6ab58422f755049d37f275d"}}
[2m2025-12-10T10:20:01.448388Z[0m [34mDEBUG[0m [2methereum_transaction_pool_monitor::eth_client[0m[2m:[0m 📨 Received pending transaction: 0x58c9064607e9dcea02ecc8353f56ab926ae78e10d6ab58422f755049d37f275d
[2m2025-12-10T10:20:01.448397Z[0m [34mDEBUG[0m [2methereum_transaction_pool_monitor::eth_client[0m[2m:[0m 📨 Received WebSocket message: {"jsonrpc":"2.0","method":"eth_subscription","params":{"subscription":"0xbed0a0851463e895960a451075a301a9","result":"0x6bd897adf2a4cd85824a1b3110034c33e97155d8cfb912bbe87620948dfb21df"}}
[2m2025-12-10T10:20:01.448408Z[0m [34mDEBUG[0m [2methereum_transaction_pool_monitor::eth_client[0m[2m:[0m 📨 Received pending transaction: 0x6bd897adf2a4cd85824a1b3110034c33e97155d8cfb912bbe87620948dfb21df
[2m2025-12-10T10:20:01.448424Z[0m [34mDEBUG[0m [2methereum_transaction_pool_monitor::eth_client[0m[2m:[0m 📨 Received WebSocket message: {"jsonrpc":"2.0","method":"eth_subscription","params":{"subscription":"0xbed0a0851463e895960a451075a301a9","result":"0x2721c5efba66040af609fdc145bbfffa767a400090b067da0bd7cecc3bc9b084"}}
[2m2025-12-10T10:20:01.448435Z[0m [34mDEBUG[0m [2methereum_transaction_pool_monitor::eth_client[0m[2m:[0m 📨 Received pending transaction: 0x2721c5efba66040af609fdc145bbfffa767a400090b067da0bd7cecc3bc9b084
[2m2025-12-10T10:20:01.448445Z[0m [34mDEBUG[0m [2methereum_transaction_pool_monitor::eth_client[0m[2m:[0m 📨 Received WebSocket message: {"jsonrpc":"2.0","method":"eth_subscription","params":{"subscription":"0xbed0a0851463e895960a451075a301a9","result":"0xe0cf139a3447771a01bbe4605d5783f0a6b15762ac39464973366c12382668b4"}}
[2m2025-12-10T10:20:01.448456Z[0m [34mDEBUG[0m [2methereum_transaction_pool_monitor::eth_client[0m[2m:[0m 📨 Received pending transaction: 0xe0cf139a3447771a01bbe4605d5783f0a6b15762ac39464973366c12382668b4
[2m2025-12-10T10:20:01.448466Z[0m [34mDEBUG[0m [2methereum_transaction_pool_monitor::eth_client[0m[2m:[0m 📨 Received WebSocket message: {"jsonrpc":"2.0","method":"eth_subscription","params":{"subscription":"0xbed0a0851463e895960a451075a301a9","result":"0xe6b035e4b339980d7da9783badab34b5a245b527f036a8adf699c93245791ee5"}}
[2m2025-12-10T10:20:01.448477Z[0m [34mDEBUG[0m [2methereum_transaction_pool_monitor::eth_client[0m[2m:[0m 📨 Received pending transaction: 0xe6b035e4b339980d7da9783badab34b5a245b527f036a8adf699c93245791ee5
[2m2025-12-10T10:20:01.464047Z[0m [34mDEBUG[0m [2methereum_transaction_pool_monitor::eth_client[0m[2m:[0m 📨 Received WebSocket message: {"jsonrpc":"2.0","method":"eth_subscription","params":{"subscription":"0xbed0a0851463e895960a451075a301a9","result":"0xbee5d69ac78ff26c81916a6a6df351168bd41aa92da2dcaedab265f01875d834"}}
[2m2025-12-10T10:20:01.464093Z[0m [34mDEBUG[0m [2methereum_transaction_pool_monitor::eth_client[0m[2m:[0m 📨 Received pending transaction: 0xbee5d69ac78ff26c81916a6a6df351168bd41aa92da2dcaedab265f01875d834
[2m2025-12-10T10:20:01.464109Z[0m [34mDEBUG[0m [2methereum_transaction_pool_monitor::eth_client[0m[2m:[0m 📨 Received WebSocket message: {"jsonrpc":"2.0","method":"eth_subscription","params":{"subscription":"0xbed0a0851463e895960a451075a301a9","result":"0x400b4d03ec4a5e42cf789c5ce22254046c05add5610e75dc602179bab3cab13d"}}
[2m2025-12-10T10:20:01.464122Z[0m [34mDEBUG[0m [2methereum_transaction_pool_monitor::eth_client[0m[2m:[0m 📨 Received pending transaction: 0x400b4d03ec4a5e42cf789c5ce22254046c05add5610e75dc602179bab3cab13d
[2m2025-12-10T10:20:01.464133Z[0m [34mDEBUG[0m [2methereum_transaction_pool_monitor::eth_client[0m[2m:[0m 📨 Received WebSocket message: {"jsonrpc":"2.0","method":"eth_subscription","params":{"subscription":"0xbed0a0851463e895960a451075a301a9","result":"0x8222fa9a773c60036a1568f19024b752a3e81c7728d0fc72c31dbfa0aaad6542"}}
[2m2025-12-10T10:20:01.464145Z[0m [34mDEBUG[0m [2methereum_transaction_pool_monitor::eth_client[0m[2m:[0m 📨 Received pending transaction: 0x8222fa9a773c60036a1568f19024b752a3e81c7728d0fc72c31dbfa0aaad6542
[2m2025-12-10T10:20:01.464172Z[0m [34mDEBUG[0m [2methereum_transaction_pool_monitor::eth_client[0m[2m:[0m 📨 Received WebSocket message: {"jsonrpc":"2.0","method":"eth_subscription","params":{"subscription":"0xbed0a0851463e895960a451075a301a9","result":"0xf56d2f56f8a8e7bb34d2e2eb77dfcdc8aefb73055d62a56fe7a4e8f8ad201ba7"}}
[2m2025-12-10T10:20:01.464184Z[0m [34mDEBUG[0m [2methereum_transaction_pool_monitor::eth_client[0m[2m:[0m 📨 Received pending transaction: 0xf56d2f56f8a8e7bb34d2e2eb77dfcdc8aefb73055d62a56fe7a4e8f8ad201ba7
[2m2025-12-10T10:20:01.464195Z[0m [34mDEBUG[0m [2methereum_transaction_pool_monitor::eth_client[0m[2m:[0m 📨 Received WebSocket message: {"jsonrpc":"2.0","method":"eth_subscription","params":{"subscription":"0xbed0a0851463e895960a451075a301a9","result":"0xd3892616582aa7738389cb27e0ba0b84784cfa87e6f996e90d331ec72448f045"}}
[2m2025-12-10T10:20:01.464206Z[0m [34mDEBUG[0m [2methereum_transaction_pool_monitor::eth_client[0m[2m:[0m 📨 Received pending transaction: 0xd3892616582aa7738389cb27e0ba0b84784cfa87e6f996e90d331ec72448f045
[2m2025-12-10T10:20:01.464217Z[0m [34mDEBUG[0m [2methereum_transaction_pool_monitor::eth_client[0m[2m:[0m 📨 Received WebSocket message: {"jsonrpc":"2.0","method":"eth_subscription","params":{"subscription":"0xbed0a0851463e895960a451075a301a9","result":"0xabfc6009aa2f44c2c08bb2905452149370849c02836bafd563d2d6ba3adaeef4"}}
[2m2025-12-10T10:20:01.464231Z[0m [34mDEBUG[0m [2methereum_transaction_pool_monitor::eth_client[0m[2m:[0m 📨 Received pending transaction: 0xabfc6009aa2f44c2c08bb2905452149370849c02836bafd563d2d6ba3adaeef4
[2m2025-12-10T10:20:01.464241Z[0m [34mDEBUG[0m [2methereum_transaction_pool_monitor::eth_client[0m[2m:[0m 📨 Received WebSocket message: {"jsonrpc":"2.0","method":"eth_subscription","params":{"subscription":"0xbed0a0851463e895960a451075a301a9","result":"0xd29daefbcbb349a9e078674d11bec30543864de72b6590c60c1f525e8ac9fc84"}}
[2m2025-12-10T10:20:01.464251Z[0m [34mDEBUG[0m [2methereum_transaction_pool_monitor::eth_client[0m[2m:[0m 📨 Received pending transaction: 0xd29daefbcbb349a9e078674d11bec30543864de72b6590c60c1f525e8ac9fc84
[2m2025-12-10T10:20:01.464285Z[0m [34mDEBUG[0m [2methereum_transaction_pool_monitor::eth_client[0m[2m:[0m 📨 Received WebSocket message: {"jsonrpc":"2.0","method":"eth_subscription","params":{"subscription":"0xbed0a0851463e895960a451075a301a9","result":"0x73a3d99f35595f5e235bb61b6cf877969e6391531b67ffa127cfa39bff51db30"}}
[2m2025-12-10T10:20:01.464299Z[0m [34mDEBUG[0m [2methereum_transaction_pool_monitor::eth_client[0m[2m:[0m 📨 Received pending transaction: 0x73a3d99f35595f5e235bb61b6cf877969e6391531b67ffa127cfa39bff51db30
[2m2025-12-10T10:20:01.464309Z[0m [34mDEBUG[0m [2methereum_transaction_pool_monitor::eth_client[0m[2m:[0m 📨 Received WebSocket message: {"jsonrpc":"2.0","method":"eth_subscription","params":{"subscription":"0xbed0a0851463e895960a451075a301a9","result":"0x79287b2f3339ead30fba8aca18998d3a8efd14b835626c4e5cbe136f5e9a60b2"}}
[2m2025-12-10T10:20:01.464321Z[0m [34mDEBUG[0m [2methereum_transaction_pool_monitor::eth_client[0m[2m:[0m 📨 Received pending transaction: 0x79287b2f3339ead30fba8aca18998d3a8efd14b835626c4e5cbe136f5e9a60b2
[2m2025-12-10T10:20:01.464332Z[0m [34mDEBUG[0m [2methereum_transaction_pool_monitor::eth_client[0m[2m:[0m 📨 Received WebSocket message: {"jsonrpc":"2.0","method":"eth_subscription","params":{"subscription":"0xbed0a0851463e895960a451075a301a9","result":"0x7c7e0d2267befdd48cb61cf40736feb8bb3d485c46407e4306957d8924fcdc02"}}
[2m2025-12-10T10:20:01.464343Z[0m [34mDEBUG[0m [2methereum_transaction_pool_monitor::eth_client[0m[2m:[0m 📨 Received pending transaction: 0x7c7e0d2267befdd48cb61cf40736feb8bb3d485c46407e4306957d8924fcdc02
[2m2025-12-10T10:20:01.464353Z[0m [34mDEBUG[0m [2methereum_transaction_pool_monitor::eth_client[0m[2m:[0m 📨 Received WebSocket message: {"jsonrpc":"2.0","method":"eth_subscription","params":{"subscription":"0xbed0a0851463e895960a451075a301a9","result":"0x6891174bb7d76e373700d6c8cf214eaaed41564a8cb1de34a6b6a12821f80cea"}}
[2m2025-12-10T10:20:01.464365Z[0m [34mDEBUG[0m [2methereum_transaction_pool_monitor::eth_client[0m[2m:[0m 📨 Received pending transaction: 0x6891174bb7d76e373700d6c8cf214eaaed41564a8cb1de34a6b6a12821f80cea
[2m2025-12-10T10:20:01.464375Z[0m [34mDEBUG[0m [2methereum_transaction_pool_monitor::eth_client[0m[2m:[0m 📨 Received WebSocket message: {"jsonrpc":"2.0","method":"eth_subscription","params":{"subscription":"0xbed0a0851463e895960a451075a301a9","result":"0x2d3e79cf61ccd7592cedd6b79793c494542026bf90d7679f359527caadbbfd63"}}
[2m2025-12-10T10:20:01.464386Z[0m [34mDEBUG[0m [2methereum_transaction_pool_monitor::eth_client[0m[2m:[0m 📨 Received pending transaction: 0x2d3e79cf61ccd7592cedd6b79793c494542026bf90d7679f359527caadbbfd63
[2m2025-12-10T10:20:01.464396Z[0m [34mDEBUG[0m [2methereum_transaction_pool_monitor::eth_client[0m[2m:[0m 📨 Received WebSocket message: {"jsonrpc":"2.0","method":"eth_subscription","params":{"subscription":"0xbed0a0851463e895960a451075a301a9","result":"0xdb1a661e4f36035c3a99bc937ca188d4329d0e0a98e022b1b40f1286cd6d53f9"}}
[2m2025-12-10T10:20:01.464407Z[0m [34mDEBUG[0m [2methereum_transaction_pool_monitor::eth_client[0m[2m:[0m 📨 Received pending transaction: 0xdb1a661e4f36035c3a99bc937ca188d4329d0e0a98e022b1b40f1286cd6d53f9
[2m2025-12-10T10:20:01.464417Z[0m [34mDEBUG[0m [2methereum_transaction_pool_monitor::eth_client[0m[2m:[0m 📨 Received WebSocket message: {"jsonrpc":"2.0","method":"eth_subscription","params":{"subscription":"0xbed0a0851463e895960a451075a301a9","result":"0x43f67ab23ddc011686f60ba326efb63b8838ec404816d3345f794349752c15da"}}
[2m2025-12-10T10:20:01.518230Z[0m [34mDEBUG[0m [2mhyper::client::pool[0m[2m:[0m pooling idle connection for ("http", 192.168.0.14:8545)
[2m2025-12-10T10:20:01.519218Z[0m [34mDEBUG[0m [2methereum_transaction_pool_monitor::eth_client[0m[2m:[0m 📨 Received pending transaction: 0x43f67ab23ddc011686f60ba326efb63b8838ec404816d3345f794349752c15da
[2m2025-12-10T10:20:01.519354Z[0m [34mDEBUG[0m [2methereum_transaction_pool_monitor::eth_client[0m[2m:[0m 📨 Received WebSocket message: {"jsonrpc":"2.0","method":"eth_subscription","params":{"subscription":"0xbed0a0851463e895960a451075a301a9","result":"0x208ed965b81d9ddc9e6064076ad35598260ea4cd6c6b3ce7a23a0350a61275d3"}}
[2m2025-12-10T10:20:01.519405Z[0m [34mDEBUG[0m [2methereum_transaction_pool_monitor::eth_client[0m[2m:[0m 📨 Received pending transaction: 0x208ed965b81d9ddc9e6064076ad35598260ea4cd6c6b3ce7a23a0350a61275d3
[2m2025-12-10T10:20:01.519423Z[0m [34mDEBUG[0m [2methereum_transaction_pool_monitor::eth_client[0m[2m:[0m 📨 Received WebSocket message: {"jsonrpc":"2.0","method":"eth_subscription","params":{"subscription":"0xbed0a0851463e895960a451075a301a9","result":"0x822f8923bf4bd2f480ea666f300bc2b110cee4bbe535bfb36ffb3331efaaf02c"}}
[2m2025-12-10T10:20:01.519436Z[0m [34mDEBUG[0m [2methereum_transaction_pool_monitor::eth_client[0m[2m:[0m 📨 Received pending transaction: 0x822f8923bf4bd2f480ea666f300bc2b110cee4bbe535bfb36ffb3331efaaf02c
[2m2025-12-10T10:20:01.519448Z[0m [34mDEBUG[0m [2methereum_transaction_pool_monitor::eth_client[0m[2m:[0m 📨 Received WebSocket message: {"jsonrpc":"2.0","method":"eth_subscription","params":{"subscription":"0xbed0a0851463e895960a451075a301a9","result":"0x82da55bf8e25b21935f6b191189625d0fab321dff7ef653f1949076b88490ce5"}}
[2m2025-12-10T10:20:01.519460Z[0m [34mDEBUG[0m [2methereum_transaction_pool_monitor::eth_client[0m[2m:[0m 📨 Received pending transaction: 0x82da55bf8e25b21935f6b191189625d0fab321dff7ef653f1949076b88490ce5
[2m2025-12-10T10:20:01.519471Z[0m [34mDEBUG[0m [2methereum_transaction_pool_monitor::eth_client[0m[2m:[0m 📨 Received WebSocket message: {"jsonrpc":"2.0","method":"eth_subscription","params":{"subscription":"0xbed0a0851463e895960a451075a301a9","result":"0x651fcd8496c4005f366d4286630268c7eda0dddc7e07d81c320c4720dc81570b"}}
[2m2025-12-10T10:20:01.519669Z[0m [34mDEBUG[0m [2methereum_transaction_pool_monitor::eth_client[0m[2m:[0m 📨 Received pending transaction: 0x651fcd8496c4005f366d4286630268c7eda0dddc7e07d81c320c4720dc81570b
[2m2025-12-10T10:20:01.519686Z[0m [34mDEBUG[0m [2methereum_transaction_pool_monitor::eth_client[0m[2m:[0m 📨 Received WebSocket message: {"jsonrpc":"2.0","method":"eth_subscription","params":{"subscription":"0xbed0a0851463e895960a451075a301a9","result":"0x5b327155a37c6b414a9152cca302836da6933808d4eff1411070af43c70ba364"}}
[2m2025-12-10T10:20:01.526189Z[0m [34mDEBUG[0m [2methereum_transaction_pool_monitor::eth_client[0m[2m:[0m 📨 Received pending transaction: 0x5b327155a37c6b414a9152cca302836da6933808d4eff1411070af43c70ba364
[2m2025-12-10T10:20:01.526238Z[0m [34mDEBUG[0m [2methereum_transaction_pool_monitor::eth_client[0m[2m:[0m 📨 Received WebSocket message: {"jsonrpc":"2.0","method":"eth_subscription","params":{"subscription":"0xbed0a0851463e895960a451075a301a9","result":"0x8c2648070d8379a0319f2f838a8b53675b9d84870739f5ab4c44a6e8d89f874f"}}
[2m2025-12-10T10:20:01.526251Z[0m [34mDEBUG[0m [2methereum_transaction_pool_monitor::eth_client[0m[2m:[0m 📨 Received pending transaction: 0x8c2648070d8379a0319f2f838a8b53675b9d84870739f5ab4c44a6e8d89f874f
[2m2025-12-10T10:20:01.526262Z[0m [34mDEBUG[0m [2methereum_transaction_pool_monitor::eth_client[0m[2m:[0m 📨 Received WebSocket message: {"jsonrpc":"2.0","method":"eth_subscription","params":{"subscription":"0xbed0a0851463e895960a451075a301a9","result":"0x180a4f7e771c57ab8c54e36cf68f67f1402100f32300b3535bd97adc9b0b80ad"}}
[2m2025-12-10T10:20:01.526274Z[0m [34mDEBUG[0m [2methereum_transaction_pool_monitor::eth_client[0m[2m:[0m 📨 Received pending transaction: 0x180a4f7e771c57ab8c54e36cf68f67f1402100f32300b3535bd97adc9b0b80ad
[2m2025-12-10T10:20:01.526285Z[0m [34mDEBUG[0m [2methereum_transaction_pool_monitor::eth_client[0m[2m:[0m 📨 Received WebSocket message: {"jsonrpc":"2.0","method":"eth_subscription","params":{"subscription":"0xbed0a0851463e895960a451075a301a9","result":"0x2894341ab0f25ea69ec9e4afed180e36ad17fcb6405b62f371001dcda55ad598"}}
[2m2025-12-10T10:20:01.526300Z[0m [34mDEBUG[0m [2methereum_transaction_pool_monitor::eth_client[0m[2m:[0m 📨 Received pending transaction: 0x2894341ab0f25ea69ec9e4afed180e36ad17fcb6405b62f371001dcda55ad598
[2m2025-12-10T10:20:01.526311Z[0m [34mDEBUG[0m [2methereum_transaction_pool_monitor::eth_client[0m[2m:[0m 📨 Received WebSocket message: {"jsonrpc":"2.0","method":"eth_subscription","params":{"subscription":"0xbed0a0851463e895960a451075a301a9","result":"0xb12df4ecee2481598af6908543e83335e5e997153ae87421194c5b0ccd87c9d8"}}
[2m2025-12-10T10:20:01.526322Z[0m [34mDEBUG[0m [2methereum_transaction_pool_monitor::eth_client[0m[2m:[0m 📨 Received pending transaction: 0xb12df4ecee2481598af6908543e83335e5e997153ae87421194c5b0ccd87c9d8
[2m2025-12-10T10:20:01.526331Z[0m [34mDEBUG[0m [2methereum_transaction_pool_monitor::eth_client[0m[2m:[0m 📨 Received WebSocket message: {"jsonrpc":"2.0","method":"eth_subscription","params":{"subscription":"0xbed0a0851463e895960a451075a301a9","result":"0xa9e81b8aad48155d4c12f194892674acf347d619ffdd3ccb05ea28ea19893665"}}
[2m2025-12-10T10:20:01.526342Z[0m [34mDEBUG[0m [2methereum_transaction_pool_monitor::eth_client[0m[2m:[0m 📨 Received pending transaction: 0xa9e81b8aad48155d4c12f194892674acf347d619ffdd3ccb05ea28ea19893665
[2m2025-12-10T10:20:01.526464Z[0m [34mDEBUG[0m [2methereum_transaction_pool_monitor::eth_client[0m[2m:[0m 📨 Received WebSocket message: {"jsonrpc":"2.0","method":"eth_subscription","params":{"subscription":"0xbed0a0851463e895960a451075a301a9","result":"0x11c0530b8e60eb39d646520d21398070a87ae8afc2cf932ef1e3e5f0acf31e10"}}
[2m2025-12-10T10:20:01.526479Z[0m [34mDEBUG[0m [2methereum_transaction_pool_monitor::eth_client[0m[2m:[0m 📨 Received pending transaction: 0x11c0530b8e60eb39d646520d21398070a87ae8afc2cf932ef1e3e5f0acf31e10
[2m2025-12-10T10:20:01.526489Z[0m [34mDEBUG[0m [2methereum_transaction_pool_monitor::eth_client[0m[2m:[0m 📨 Received WebSocket message: {"jsonrpc":"2.0","method":"eth_subscription","params":{"subscription":"0xbed0a0851463e895960a451075a301a9","result":"0xf81541a058585abb37e25886ad44be4291df9a9a953a51e40af43d370544909e"}}
[2m2025-12-10T10:20:01.526500Z[0m [34mDEBUG[0m [2methereum_transaction_pool_monitor::eth_client[0m[2m:[0m 📨 Received pending transaction: 0xf81541a058585abb37e25886ad44be4291df9a9a953a51e40af43d370544909e
[2m2025-12-10T10:20:01.526511Z[0m [34mDEBUG[0m [2methereum_transaction_pool_monitor::eth_client[0m[2m:[0m 📨 Received WebSocket message: {"jsonrpc":"2.0","method":"eth_subscription","params":{"subscription":"0xbed0a0851463e895960a451075a301a9","result":"0xb855c2bc0414e07a9f692d55030e1764292628dd7f53892dbf052a65475074d6"}}
[2m2025-12-10T10:20:01.526524Z[0m [34mDEBUG[0m [2methereum_transaction_pool_monitor::eth_client[0m[2m:[0m 📨 Received pending transaction: 0xb855c2bc0414e07a9f692d55030e1764292628dd7f53892dbf052a65475074d6
[2m2025-12-10T10:20:01.526534Z[0m [34mDEBUG[0m [2methereum_transaction_pool_monitor::eth_client[0m[2m:[0m 📨 Received WebSocket message: {"jsonrpc":"2.0","method":"eth_subscription","params":{"subscription":"0xbed0a0851463e895960a451075a301a9","result":"0x68076a763e09bb0bd39a36f817fce6832e7ecbff4d8d909d527511b763695fee"}}
[2m2025-12-10T10:20:01.526544Z[0m [34mDEBUG[0m [2methereum_transaction_pool_monitor::eth_client[0m[2m:[0m 📨 Received pending transaction: 0x68076a763e09bb0bd39a36f817fce6832e7ecbff4d8d909d527511b763695fee
[2m2025-12-10T10:20:01.526554Z[0m [34mDEBUG[0m [2methereum_transaction_pool_monitor::eth_client[0m[2m:[0m 📨 Received WebSocket message: {"jsonrpc":"2.0","method":"eth_subscription","params":{"subscription":"0xbed0a0851463e895960a451075a301a9","result":"0x5ae93b1d9b9b67fa696e85408d1209ad078eede2e1d82ccbb72338b8f9c4995e"}}
[2m2025-12-10T10:20:01.526565Z[0m [34mDEBUG[0m [2methereum_transaction_pool_monitor::eth_client[0m[2m:[0m 📨 Received pending transaction: 0x5ae93b1d9b9b67fa696e85408d1209ad078eede2e1d82ccbb72338b8f9c4995e
[2m2025-12-10T10:20:01.526575Z[0m [34mDEBUG[0m [2methereum_transaction_pool_monitor::eth_client[0m[2m:[0m 📨 Received WebSocket message: {"jsonrpc":"2.0","method":"eth_subscription","params":{"subscription":"0xbed0a0851463e895960a451075a301a9","result":"0x0d29fd8480226fcff5911411f80efff61bbebbce54dafa337f3a4c244c7b736b"}}
[2m2025-12-10T10:20:01.526585Z[0m [34mDEBUG[0m [2methereum_transaction_pool_monitor::eth_client[0m[2m:[0m 📨 Received pending transaction: 0x0d29fd8480226fcff5911411f80efff61bbebbce54dafa337f3a4c244c7b736b
[2m2025-12-10T10:20:01.526595Z[0m [34mDEBUG[0m [2methereum_transaction_pool_monitor::eth_client[0m[2m:[0m 📨 Received WebSocket message: {"jsonrpc":"2.0","method":"eth_subscription","params":{"subscription":"0xbed0a0851463e895960a451075a301a9","result":"0xced78bbf74294ca9b6aad51ca4e8c5c59c1c5d00955e82854153b99747dc299c"}}
[2m2025-12-10T10:20:01.526605Z[0m [34mDEBUG[0m [2methereum_transaction_pool_monitor::eth_client[0m[2m:[0m 📨 Received pending transaction: 0xced78bbf74294ca9b6aad51ca4e8c5c59c1c5d00955e82854153b99747dc299c
[2m2025-12-10T10:20:01.526615Z[0m [34mDEBUG[0m [2methereum_transaction_pool_monitor::eth_client[0m[2m:[0m 📨 Received WebSocket message: {"jsonrpc":"2.0","method":"eth_subscription","params":{"subscription":"0xbed0a0851463e895960a451075a301a9","result":"0xf92c68cf9df18b43efff52cbaa77e23be30ba79bf61c323d028735e5d6e7bb70"}}
[2m2025-12-10T10:20:01.526626Z[0m [34mDEBUG[0m [2methereum_transaction_pool_monitor::eth_client[0m[2m:[0m 📨 Received pending transaction: 0xf92c68cf9df18b43efff52cbaa77e23be30ba79bf61c323d028735e5d6e7bb70
[2m2025-12-10T10:20:01.526635Z[0m [34mDEBUG[0m [2methereum_transaction_pool_monitor::eth_client[0m[2m:[0m 📨 Received WebSocket message: {"jsonrpc":"2.0","method":"eth_subscription","params":{"subscription":"0xbed0a0851463e895960a451075a301a9","result":"0xbf12e81b192c5ae4d786f889cdee4c4d76935cff7222265cb647e5cd6f3e0be5"}}
[2m2025-12-10T10:20:01.526646Z[0m [34mDEBUG[0m [2methereum_transaction_pool_monitor::eth_client[0m[2m:[0m 📨 Received pending transaction: 0xbf12e81b192c5ae4d786f889cdee4c4d76935cff7222265cb647e5cd6f3e0be5
[2m2025-12-10T10:20:01.526656Z[0m [34mDEBUG[0m [2methereum_transaction_pool_monitor::eth_client[0m[2m:[0m 📨 Received WebSocket message: {"jsonrpc":"2.0","method":"eth_subscription","params":{"subscription":"0xbed0a0851463e895960a451075a301a9","result":"0x45be8ed35ca804b35e032a4b791aa62b7b8bf1104f227e67131d227eb9db40ec"}}
[2m2025-12-10T10:20:01.526667Z[0m [34mDEBUG[0m [2methereum_transaction_pool_monitor::eth_client[0m[2m:[0m 📨 Received pending transaction: 0x45be8ed35ca804b35e032a4b791aa62b7b8bf1104f227e67131d227eb9db40ec
[2m2025-12-10T10:20:01.526676Z[0m [34mDEBUG[0m [2methereum_transaction_pool_monitor::eth_client[0m[2m:[0m 📨 Received WebSocket message: {"jsonrpc":"2.0","method":"eth_subscription","params":{"subscription":"0xbed0a0851463e895960a451075a301a9","result":"0xb2f2063a96b22fc617918c2fb4f9bb578205cc45e4c2650e30015995251e3969"}}
[2m2025-12-10T10:20:01.526687Z[0m [34mDEBUG[0m [2methereum_transaction_pool_monitor::eth_client[0m[2m:[0m 📨 Received pending transaction: 0xb2f2063a96b22fc617918c2fb4f9bb578205cc45e4c2650e30015995251e3969
[2m2025-12-10T10:20:01.526697Z[0m [34mDEBUG[0m [2methereum_transaction_pool_monitor::eth_client[0m[2m:[0m 📨 Received WebSocket message: {"jsonrpc":"2.0","method":"eth_subscription","params":{"subscription":"0xbed0a0851463e895960a451075a301a9","result":"0x69ebd782dcb547d0d8373da04e9333c5b10f613f648d9b3bf4ea56443b8ffe2f"}}
[2m2025-12-10T10:20:01.526785Z[0m [34mDEBUG[0m [2methereum_transaction_pool_monitor::eth_client[0m[2m:[0m 📨 Received pending transaction: 0x69ebd782dcb547d0d8373da04e9333c5b10f613f648d9b3bf4ea56443b8ffe2f
[2m2025-12-10T10:20:01.526803Z[0m [34mDEBUG[0m [2methereum_transaction_pool_monitor::eth_client[0m[2m:[0m 📨 Received WebSocket message: {"jsonrpc":"2.0","method":"eth_subscription","params":{"subscription":"0xbed0a0851463e895960a451075a301a9","result":"0x01afb589cbe1876af409fe568a373d3d4bea90a596f59aee81d276a46b7050d8"}}
[2m2025-12-10T10:20:01.526816Z[0m [34mDEBUG[0m [2methereum_transaction_pool_monitor::eth_client[0m[2m:[0m 📨 Received pending transaction: 0x01afb589cbe1876af409fe568a373d3d4bea90a596f59aee81d276a46b7050d8
[2m2025-12-10T10:20:01.526827Z[0m [34mDEBUG[0m [2methereum_transaction_pool_monitor::eth_client[0m[2m:[0m 📨 Received WebSocket message: {"jsonrpc":"2.0","method":"eth_subscription","params":{"subscription":"0xbed0a0851463e895960a451075a301a9","result":"0x4a1d371825ca8c12339371b79ed30d73bb0e50d31310408f5844af63b2bde7f4"}}
[2m2025-12-10T10:20:01.526839Z[0m [34mDEBUG[0m [2methereum_transaction_pool_monitor::eth_client[0m[2m:[0m 📨 Received pending transaction: 0x4a1d371825ca8c12339371b79ed30d73bb0e50d31310408f5844af63b2bde7f4
[2m2025-12-10T10:20:01.734670Z[0m [34mDEBUG[0m [2methereum_transaction_pool_monitor::eth_client[0m[2m:[0m 📨 Received WebSocket message: {"jsonrpc":"2.0","method":"eth_subscription","params":{"subscription":"0xbed0a0851463e895960a451075a301a9","result":"0xfea1141dc9d9534fda1cff51eb9c5de0b0ab63562c665f5c0f794b7a90e477f5"}}
[2m2025-12-10T10:20:01.912788Z[0m [34mDEBUG[0m [2methereum_transaction_pool_monitor::eth_client[0m[2m:[0m 📨 Received pending transaction: 0xfea1141dc9d9534fda1cff51eb9c5de0b0ab63562c665f5c0f794b7a90e477f5
[2m2025-12-10T10:20:01.912818Z[0m [34mDEBUG[0m [2methereum_transaction_pool_monitor::eth_client[0m[2m:[0m 📨 Received WebSocket message: {"jsonrpc":"2.0","method":"eth_subscription","params":{"subscription":"0xbed0a0851463e895960a451075a301a9","result":"0x4462a52072e02815b7eaf97e9e2e5c010f55def152294e4fb450f3c2b129dab9"}}
[2m2025-12-10T10:20:01.912832Z[0m [34mDEBUG[0m [2methereum_transaction_pool_monitor::eth_client[0m[2m:[0m 📨 Received pending transaction: 0x4462a52072e02815b7eaf97e9e2e5c010f55def152294e4fb450f3c2b129dab9
[2m2025-12-10T10:20:01.913030Z[0m [34mDEBUG[0m [2methereum_transaction_pool_monitor::eth_client[0m[2m:[0m 📨 Received WebSocket message: {"jsonrpc":"2.0","method":"eth_subscription","params":{"subscription":"0xbed0a0851463e895960a451075a301a9","result":"0x101ea27754e1f86420b9c2509969265bd75de89bbda16452fde782fa1680b655"}}
[2m2025-12-10T10:20:01.913049Z[0m [34mDEBUG[0m [2methereum_transaction_pool_monitor::eth_client[0m[2m:[0m 📨 Received pending transaction: 0x101ea27754e1f86420b9c2509969265bd75de89bbda16452fde782fa1680b655
[2m2025-12-10T10:20:01.913061Z[0m [34mDEBUG[0m [2methereum_transaction_pool_monitor::eth_client[0m[2m:[0m 📨 Received WebSocket message: {"jsonrpc":"2.0","method":"eth_subscription","params":{"subscription":"0xbed0a0851463e895960a451075a301a9","result":"0xb99bfc68543e351c66d92705878ac05cc7876151c4a0f7791000cce73fcdb628"}}
[2m2025-12-10T10:20:01.914342Z[0m [34mDEBUG[0m [2methereum_transaction_pool_monitor::eth_client[0m[2m:[0m 📨 Received pending transaction: 0xb99bfc68543e351c66d92705878ac05cc7876151c4a0f7791000cce73fcdb628
[2m2025-12-10T10:20:01.914367Z[0m [34mDEBUG[0m [2methereum_transaction_pool_monitor::eth_client[0m[2m:[0m 📨 Received WebSocket message: {"jsonrpc":"2.0","method":"eth_subscription","params":{"subscription":"0xbed0a0851463e895960a451075a301a9","result":"0x03c20f70d758827fbfe123892ab060444ab80c3d2cff76980c9c74c04e740a2d"}}
[2m2025-12-10T10:20:01.914380Z[0m [34mDEBUG[0m [2methereum_transaction_pool_monitor::eth_client[0m[2m:[0m 📨 Received pending transaction: 0x03c20f70d758827fbfe123892ab060444ab80c3d2cff76980c9c74c04e740a2d
[2m2025-12-10T10:20:01.914392Z[0m [34mDEBUG[0m [2methereum_transaction_pool_monitor::eth_client[0m[2m:[0m 📨 Received WebSocket message: {"jsonrpc":"2.0","method":"eth_subscription","params":{"subscription":"0xbed0a0851463e895960a451075a301a9","result":"0xe439f81f86dedf7e2c9890a82f8898df71c7316b17e7d99daa51a405d08e9e53"}}
[2m2025-12-10T10:20:01.914404Z[0m [34mDEBUG[0m [2methereum_transaction_pool_monitor::eth_client[0m[2m:[0m 📨 Received pending transaction: 0xe439f81f86dedf7e2c9890a82f8898df71c7316b17e7d99daa51a405d08e9e53
[2m2025-12-10T10:20:01.914414Z[0m [34mDEBUG[0m [2methereum_transaction_pool_monitor::eth_client[0m[2m:[0m 📨 Received WebSocket message: {"jsonrpc":"2.0","method":"eth_subscription","params":{"subscription":"0xbed0a0851463e895960a451075a301a9","result":"0xab55400f7187fec1c72f054dfb2a0887ec16cbb3defa0a6ab78f8f5862840741"}}
[2m2025-12-10T10:20:01.914425Z[0m [34mDEBUG[0m [2methereum_transaction_pool_monitor::eth_client[0m[2m:[0m 📨 Received pending transaction: 0xab55400f7187fec1c72f054dfb2a0887ec16cbb3defa0a6ab78f8f5862840741
[2m2025-12-10T10:20:01.914435Z[0m [34mDEBUG[0m [2methereum_transaction_pool_monitor::eth_client[0m[2m:[0m 📨 Received WebSocket message: {"jsonrpc":"2.0","method":"eth_subscription","params":{"subscription":"0xbed0a0851463e895960a451075a301a9","result":"0x90df4c4872b9f145165733c687682e27c474ae62b28085c467ce248db8417f70"}}
[2m2025-12-10T10:20:01.914447Z[0m [34mDEBUG[0m [2methereum_transaction_pool_monitor::eth_client[0m[2m:[0m 📨 Received pending transaction: 0x90df4c4872b9f145165733c687682e27c474ae62b28085c467ce248db8417f70
[2m2025-12-10T10:20:01.914459Z[0m [34mDEBUG[0m [2methereum_transaction_pool_monitor::eth_client[0m[2m:[0m 📨 Received WebSocket message: {"jsonrpc":"2.0","method":"eth_subscription","params":{"subscription":"0xbed0a0851463e895960a451075a301a9","result":"0x991f0a2737056456c3233db6b20b5979e0e54611613b2e87fe877ee8eb8ddb2e"}}
[2m2025-12-10T10:20:01.914470Z[0m [34mDEBUG[0m [2methereum_transaction_pool_monitor::eth_client[0m[2m:[0m 📨 Received pending transaction: 0x991f0a2737056456c3233db6b20b5979e0e54611613b2e87fe877ee8eb8ddb2e
[2m2025-12-10T10:20:01.914480Z[0m [34mDEBUG[0m [2methereum_transaction_pool_monitor::eth_client[0m[2m:[0m 📨 Received WebSocket message: {"jsonrpc":"2.0","method":"eth_subscription","params":{"subscription":"0xbed0a0851463e895960a451075a301a9","result":"0xdeaf9a48a46a7c0cad5016ea1642abdd5feb282490ff4c686e13176ba85c317f"}}
[2m2025-12-10T10:20:01.922265Z[0m [34mDEBUG[0m [2methereum_transaction_pool_monitor::eth_client[0m[2m:[0m 📨 Received pending transaction: 0xdeaf9a48a46a7c0cad5016ea1642abdd5feb282490ff4c686e13176ba85c317f
[2m2025-12-10T10:20:01.925226Z[0m [34mDEBUG[0m [2methereum_transaction_pool_monitor::eth_client[0m[2m:[0m 📨 Received WebSocket message: {"jsonrpc":"2.0","method":"eth_subscription","params":{"subscription":"0xbed0a0851463e895960a451075a301a9","result":"0xc834dbab87c84e505d36290cd2efdd5de09764581d1a1177369f1fe7b85a75cb"}}
[2m2025-12-10T10:20:01.925259Z[0m [34mDEBUG[0m [2methereum_transaction_pool_monitor::eth_client[0m[2m:[0m 📨 Received pending transaction: 0xc834dbab87c84e505d36290cd2efdd5de09764581d1a1177369f1fe7b85a75cb
[2m2025-12-10T10:20:01.925272Z[0m [34mDEBUG[0m [2methereum_transaction_pool_monitor::eth_client[0m[2m:[0m 📨 Received WebSocket message: {"jsonrpc":"2.0","method":"eth_subscription","params":{"subscription":"0xbed0a0851463e895960a451075a301a9","result":"0x49f385346b2f122ccc9a0ff89b7e039305379316807b186957b1f294dba23a1e"}}
[2m2025-12-10T10:20:01.925283Z[0m [34mDEBUG[0m [2methereum_transaction_pool_monitor::eth_client[0m[2m:[0m 📨 Received pending transaction: 0x49f385346b2f122ccc9a0ff89b7e039305379316807b186957b1f294dba23a1e
[2m2025-12-10T10:20:01.925294Z[0m [34mDEBUG[0m [2methereum_transaction_pool_monitor::eth_client[0m[2m:[0m 📨 Received WebSocket message: {"jsonrpc":"2.0","method":"eth_subscription","params":{"subscription":"0xbed0a0851463e895960a451075a301a9","result":"0xe6d56e99a1f7d4e44bb3077e476af754f80a7f7bc4e98c0af0a3666354edef58"}}
[2m2025-12-10T10:20:01.925305Z[0m [34mDEBUG[0m [2methereum_transaction_pool_monitor::eth_client[0m[2m:[0m 📨 Received pending transaction: 0xe6d56e99a1f7d4e44bb3077e476af754f80a7f7bc4e98c0af0a3666354edef58
[2m2025-12-10T10:20:02.742215Z[0m [34mDEBUG[0m [2methereum_transaction_pool_monitor::eth_client[0m[2m:[0m 📨 Received WebSocket message: {"jsonrpc":"2.0","method":"eth_subscription","params":{"subscription":"0xbed0a0851463e895960a451075a301a9","result":"0xbe8e153d277f3d17334024a0f81c053c2d383c46b2f6d3fcd1070d68a71bae18"}}
[2m2025-12-10T10:20:02.746502Z[0m [34mDEBUG[0m [2mhyper::client::pool[0m[2m:[0m reuse idle connection for ("http", 192.168.0.14:8545)
[2m2025-12-10T10:20:02.851554Z[0m [34mDEBUG[0m [2methereum_transaction_pool_monitor::eth_client[0m[2m:[0m 📨 Received pending transaction: 0xbe8e153d277f3d17334024a0f81c053c2d383c46b2f6d3fcd1070d68a71bae18
[2m2025-12-10T10:20:02.889170Z[0m [34mDEBUG[0m [2methereum_transaction_pool_monitor::eth_client[0m[2m:[0m 📨 Received WebSocket message: {"jsonrpc":"2.0","method":"eth_subscription","params":{"subscription":"0xbed0a0851463e895960a451075a301a9","result":"0x3d829b989467a61196a818df00b21f189e61989d586ab8208a60042a6e85dd87"}}
[2m2025-12-10T10:20:02.889217Z[0m [34mDEBUG[0m [2methereum_transaction_pool_monitor::eth_client[0m[2m:[0m 📨 Received pending transaction: 0x3d829b989467a61196a818df00b21f189e61989d586ab8208a60042a6e85dd87
[2m2025-12-10T10:20:02.889233Z[0m [34mDEBUG[0m [2methereum_transaction_pool_monitor::eth_client[0m[2m:[0m 📨 Received WebSocket message: {"jsonrpc":"2.0","method":"eth_subscription","params":{"subscription":"0xbed0a0851463e895960a451075a301a9","result":"0xa29f00a7f14429c9dcdcecc2d8fc8d47cad778a6fbb9366c0aba4f74232ea5b7"}}
[2m2025-12-10T10:20:02.889245Z[0m [34mDEBUG[0m [2methereum_transaction_pool_monitor::eth_client[0m[2m:[0m 📨 Received pending transaction: 0xa29f00a7f14429c9dcdcecc2d8fc8d47cad778a6fbb9366c0aba4f74232ea5b7
[2m2025-12-10T10:20:02.889256Z[0m [34mDEBUG[0m [2methereum_transaction_pool_monitor::eth_client[0m[2m:[0m 📨 Received WebSocket message: {"jsonrpc":"2.0","method":"eth_subscription","params":{"subscription":"0xbed0a0851463e895960a451075a301a9","result":"0x67c6a5d87329a40d2ba8712c009bd82e0067722ad610be5c17292a76671978ca"}}
[2m2025-12-10T10:20:02.889268Z[0m [34mDEBUG[0m [2methereum_transaction_pool_monitor::eth_client[0m[2m:[0m 📨 Received pending transaction: 0x67c6a5d87329a40d2ba8712c009bd82e0067722ad610be5c17292a76671978ca
[2m2025-12-10T10:20:02.889279Z[0m [34mDEBUG[0m [2methereum_transaction_pool_monitor::eth_client[0m[2m:[0m 📨 Received WebSocket message: {"jsonrpc":"2.0","method":"eth_subscription","params":{"subscription":"0xbed0a0851463e895960a451075a301a9","result":"0x65d402540398950ae0ca09deabc29b4719173642aacf8e96ab9f9a29cd8d34ab"}}
[2m2025-12-10T10:20:02.889291Z[0m [34mDEBUG[0m [2methereum_transaction_pool_monitor::eth_client[0m[2m:[0m 📨 Received pending transaction: 0x65d402540398950ae0ca09deabc29b4719173642aacf8e96ab9f9a29cd8d34ab
[2m2025-12-10T10:20:02.889301Z[0m [34mDEBUG[0m [2methereum_transaction_pool_monitor::eth_client[0m[2m:[0m 📨 Received WebSocket message: {"jsonrpc":"2.0","method":"eth_subscription","params":{"subscription":"0xbed0a0851463e895960a451075a301a9","result":"0x1448cd8b4f26dcb29520bb750395cac18a4625cd7d8d5fdbc838a764e9fe54de"}}
[2m2025-12-10T10:20:02.889318Z[0m [34mDEBUG[0m [2methereum_transaction_pool_monitor::eth_client[0m[2m:[0m 📨 Received pending transaction: 0x1448cd8b4f26dcb29520bb750395cac18a4625cd7d8d5fdbc838a764e9fe54de
[2m2025-12-10T10:20:02.893056Z[0m [34mDEBUG[0m [2methereum_transaction_pool_monitor::eth_client[0m[2m:[0m 📨 Received WebSocket message: {"jsonrpc":"2.0","method":"eth_subscription","params":{"subscription":"0xbed0a0851463e895960a451075a301a9","result":"0xc95a1de03cb3a7e1ea6a2810bf938bdafb5cbacbe9c812753d3d2ac4f424b9b4"}}
[2m2025-12-10T10:20:02.893100Z[0m [34mDEBUG[0m [2methereum_transaction_pool_monitor::eth_client[0m[2m:[0m 📨 Received pending transaction: 0xc95a1de03cb3a7e1ea6a2810bf938bdafb5cbacbe9c812753d3d2ac4f424b9b4
[2m2025-12-10T10:20:02.893112Z[0m [34mDEBUG[0m [2methereum_transaction_pool_monitor::eth_client[0m[2m:[0m 📨 Received WebSocket message: {"jsonrpc":"2.0","method":"eth_subscription","params":{"subscription":"0xbed0a0851463e895960a451075a301a9","result":"0x78ee6630f73959cfbd329784c810c7d390c7f1b0d68da2c05b990bf967c2a9be"}}
[2m2025-12-10T10:20:02.893124Z[0m [34mDEBUG[0m [2methereum_transaction_pool_monitor::eth_client[0m[2m:[0m 📨 Received pending transaction: 0x78ee6630f73959cfbd329784c810c7d390c7f1b0d68da2c05b990bf967c2a9be
[2m2025-12-10T10:20:02.893135Z[0m [34mDEBUG[0m [2methereum_transaction_pool_monitor::eth_client[0m[2m:[0m 📨 Received WebSocket message: {"jsonrpc":"2.0","method":"eth_subscription","params":{"subscription":"0xbed0a0851463e895960a451075a301a9","result":"0x9b8232f2f2eb96d1df8ddd1c06875f6d6e614cebf13cc39a8248033d76f807c4"}}
[2m2025-12-10T10:20:02.893147Z[0m [34mDEBUG[0m [2methereum_transaction_pool_monitor::eth_client[0m[2m:[0m 📨 Received pending transaction: 0x9b8232f2f2eb96d1df8ddd1c06875f6d6e614cebf13cc39a8248033d76f807c4
[2m2025-12-10T10:20:02.893156Z[0m [34mDEBUG[0m [2methereum_transaction_pool_monitor::eth_client[0m[2m:[0m 📨 Received WebSocket message: {"jsonrpc":"2.0","method":"eth_subscription","params":{"subscription":"0xbed0a0851463e895960a451075a301a9","result":"0xca561c0ba5d2e5886fcdd542d8b90b0b5610024660722fe2e91c6b8870c02b5a"}}
[2m2025-12-10T10:20:02.893168Z[0m [34mDEBUG[0m [2methereum_transaction_pool_monitor::eth_client[0m[2m:[0m 📨 Received pending transaction: 0xca561c0ba5d2e5886fcdd542d8b90b0b5610024660722fe2e91c6b8870c02b5a
[2m2025-12-10T10:20:02.893178Z[0m [34mDEBUG[0m [2methereum_transaction_pool_monitor::eth_client[0m[2m:[0m 📨 Received WebSocket message: {"jsonrpc":"2.0","method":"eth_subscription","params":{"subscription":"0xbed0a0851463e895960a451075a301a9","result":"0x1125aae1e90937eb861d10f88f55ceb4155ac160a7aa7d67bed3e33eacf8b980"}}
[2m2025-12-10T10:20:02.893189Z[0m [34mDEBUG[0m [2methereum_transaction_pool_monitor::eth_client[0m[2m:[0m 📨 Received pending transaction: 0x1125aae1e90937eb861d10f88f55ceb4155ac160a7aa7d67bed3e33eacf8b980
[2m2025-12-10T10:20:02.893198Z[0m [34mDEBUG[0m [2methereum_transaction_pool_monitor::eth_client[0m[2m:[0m 📨 Received WebSocket message: {"jsonrpc":"2.0","method":"eth_subscription","params":{"subscription":"0xbed0a0851463e895960a451075a301a9","result":"0x81d9f56a4c68754aaa4b5f40d7f6cd62fc01a1d0c45c8356cf9b692275fef980"}}
[2m2025-12-10T10:20:02.893209Z[0m [34mDEBUG[0m [2methereum_transaction_pool_monitor::eth_client[0m[2m:[0m 📨 Received pending transaction: 0x81d9f56a4c68754aaa4b5f40d7f6cd62fc01a1d0c45c8356cf9b692275fef980
[2m2025-12-10T10:20:03.080490Z[0m [34mDEBUG[0m [2methereum_transaction_pool_monitor::eth_client[0m[2m:[0m 📨 Received WebSocket message: {"jsonrpc":"2.0","method":"eth_subscription","params":{"subscription":"0xbed0a0851463e895960a451075a301a9","result":"0xa992bd387c1742253a1055532edc02cc5330466d2e681cc10f012de1292646e4"}}
[2m2025-12-10T10:20:03.080553Z[0m [34mDEBUG[0m [2methereum_transaction_pool_monitor::eth_client[0m[2m:[0m 📨 Received pending transaction: 0xa992bd387c1742253a1055532edc02cc5330466d2e681cc10f012de1292646e4
[2m2025-12-10T10:20:03.080573Z[0m [34mDEBUG[0m [2methereum_transaction_pool_monitor::eth_client[0m[2m:[0m 📨 Received WebSocket message: {"jsonrpc":"2.0","method":"eth_subscription","params":{"subscription":"0xbed0a0851463e895960a451075a301a9","result":"0xbb9e411416160acada2511d6901bb355237ba637691de65df333c93c60d4fc5d"}}
[2m2025-12-10T10:20:03.080586Z[0m [34mDEBUG[0m [2methereum_transaction_pool_monitor::eth_client[0m[2m:[0m 📨 Received pending transaction: 0xbb9e411416160acada2511d6901bb355237ba637691de65df333c93c60d4fc5d
[2m2025-12-10T10:20:03.080597Z[0m [34mDEBUG[0m [2methereum_transaction_pool_monitor::eth_client[0m[2m:[0m 📨 Received WebSocket message: {"jsonrpc":"2.0","method":"eth_subscription","params":{"subscription":"0xbed0a0851463e895960a451075a301a9","result":"0x198bbf57b8ae511ba0beccaeae7685a62d9e49494f8ecbfbea316aa37ed50b42"}}
[2m2025-12-10T10:20:03.080609Z[0m [34mDEBUG[0m [2methereum_transaction_pool_monitor::eth_client[0m[2m:[0m 📨 Received pending transaction: 0x198bbf57b8ae511ba0beccaeae7685a62d9e49494f8ecbfbea316aa37ed50b42
[2m2025-12-10T10:20:03.133511Z[0m [34mDEBUG[0m [2mhyper::proto::h1::io[0m[2m:[0m flushed 172 bytes
[2m2025-12-10T10:20:03.170441Z[0m [34mDEBUG[0m [2mhyper::proto::h1::io[0m[2m:[0m parsed 4 headers
[2m2025-12-10T10:20:03.227832Z[0m [34mDEBUG[0m [2mhyper::proto::h1::conn[0m[2m:[0m incoming body is content-length (45 bytes)
